[2024-08-28T01:12:10.361+0000][info][gc] Using G1
[2024-08-28T01:12:10.391+0000][info][gc,init] Version: 17.0.7+7-Ubuntu-0ubuntu118.04 (release)
[2024-08-28T01:12:10.391+0000][info][gc,init] CPUs: 104 total, 104 available
[2024-08-28T01:12:10.392+0000][info][gc,init] Memory: 251G
[2024-08-28T01:12:10.392+0000][info][gc,init] Large Page Support: Disabled
[2024-08-28T01:12:10.392+0000][info][gc,init] NUMA Support: Disabled
[2024-08-28T01:12:10.392+0000][info][gc,init] Compressed Oops: Enabled (32-bit)
[2024-08-28T01:12:10.392+0000][info][gc,init] Heap Region Size: 1M
[2024-08-28T01:12:10.392+0000][info][gc,init] Heap Min Capacity: 8M
[2024-08-28T01:12:10.392+0000][info][gc,init] Heap Initial Capacity: 2G
[2024-08-28T01:12:10.392+0000][info][gc,init] Heap Max Capacity: 2G
[2024-08-28T01:12:10.392+0000][info][gc,init] Pre-touch: Disabled
[2024-08-28T01:12:10.392+0000][info][gc,init] Parallel Workers: 68
[2024-08-28T01:12:10.392+0000][info][gc,init] Concurrent Workers: 17
[2024-08-28T01:12:10.392+0000][info][gc,init] Concurrent Refinement Workers: 68
[2024-08-28T01:12:10.392+0000][info][gc,init] Periodic GC: Disabled
[2024-08-28T01:12:10.392+0000][info][gc,metaspace] CDS archive(s) mapped at: [0x0000000800000000-0x0000000800be2000-0x0000000800be2000), size 12460032, SharedBaseAddress: 0x0000000800000000, ArchiveRelocationMode: 0.
[2024-08-28T01:12:10.392+0000][info][gc,metaspace] Compressed class space mapped at: 0x0000000801000000-0x0000000841000000, reserved size: 1073741824
[2024-08-28T01:12:10.392+0000][info][gc,metaspace] Narrow klass base: 0x0000000800000000, Narrow klass shift: 0, Narrow klass range: 0x100000000
[2024-08-28T01:12:10.530+0000][info][gc,start    ] GC(0) Pause Young (Normal) (G1 Evacuation Pause)
[2024-08-28T01:12:10.539+0000][info][gc,task     ] GC(0) Using 49 workers of 68 for evacuation
[2024-08-28T01:12:10.560+0000][info][gc,phases   ] GC(0)   Pre Evacuate Collection Set: 0.7ms
[2024-08-28T01:12:10.560+0000][info][gc,phases   ] GC(0)   Merge Heap Roots: 0.4ms
[2024-08-28T01:12:10.560+0000][info][gc,phases   ] GC(0)   Evacuate Collection Set: 18.4ms
[2024-08-28T01:12:10.560+0000][info][gc,phases   ] GC(0)   Post Evacuate Collection Set: 1.0ms
[2024-08-28T01:12:10.560+0000][info][gc,phases   ] GC(0)   Other: 9.5ms
[2024-08-28T01:12:10.560+0000][info][gc,heap     ] GC(0) Eden regions: 102->0(89)
[2024-08-28T01:12:10.560+0000][info][gc,heap     ] GC(0) Survivor regions: 0->13(13)
[2024-08-28T01:12:10.560+0000][info][gc,heap     ] GC(0) Old regions: 0->91
[2024-08-28T01:12:10.560+0000][info][gc,heap     ] GC(0) Archive regions: 2->2
[2024-08-28T01:12:10.560+0000][info][gc,heap     ] GC(0) Humongous regions: 1->1
[2024-08-28T01:12:10.560+0000][info][gc,metaspace] GC(0) Metaspace: 97K(320K)->97K(320K) NonClass: 93K(192K)->93K(192K) Class: 4K(128K)->4K(128K)
[2024-08-28T01:12:10.560+0000][info][gc          ] GC(0) Pause Young (Normal) (G1 Evacuation Pause) 103M->105M(2048M) 30.006ms
[2024-08-28T01:12:10.560+0000][info][gc,cpu      ] GC(0) User=0.35s Sys=0.56s Real=0.03s
[2024-08-28T01:12:10.594+0000][info][gc,start    ] GC(1) Pause Young (Normal) (G1 Evacuation Pause)
[2024-08-28T01:12:10.594+0000][info][gc,task     ] GC(1) Using 49 workers of 68 for evacuation
[2024-08-28T01:12:10.609+0000][info][gc,phases   ] GC(1)   Pre Evacuate Collection Set: 0.3ms
[2024-08-28T01:12:10.609+0000][info][gc,phases   ] GC(1)   Merge Heap Roots: 1.8ms
[2024-08-28T01:12:10.609+0000][info][gc,phases   ] GC(1)   Evacuate Collection Set: 12.3ms
[2024-08-28T01:12:10.609+0000][info][gc,phases   ] GC(1)   Post Evacuate Collection Set: 0.5ms
[2024-08-28T01:12:10.609+0000][info][gc,phases   ] GC(1)   Other: 0.2ms
[2024-08-28T01:12:10.609+0000][info][gc,heap     ] GC(1) Eden regions: 89->0(89)
[2024-08-28T01:12:10.609+0000][info][gc,heap     ] GC(1) Survivor regions: 13->13(13)
[2024-08-28T01:12:10.609+0000][info][gc,heap     ] GC(1) Old regions: 91->185
[2024-08-28T01:12:10.609+0000][info][gc,heap     ] GC(1) Archive regions: 2->2
[2024-08-28T01:12:10.609+0000][info][gc,heap     ] GC(1) Humongous regions: 3->3
[2024-08-28T01:12:10.609+0000][info][gc,metaspace] GC(1) Metaspace: 97K(320K)->97K(320K) NonClass: 93K(192K)->93K(192K) Class: 4K(128K)->4K(128K)
[2024-08-28T01:12:10.609+0000][info][gc          ] GC(1) Pause Young (Normal) (G1 Evacuation Pause) 196M->201M(2048M) 15.232ms
[2024-08-28T01:12:10.609+0000][info][gc,cpu      ] GC(1) User=0.36s Sys=0.24s Real=0.01s
[2024-08-28T01:12:10.649+0000][info][gc,start    ] GC(2) Pause Young (Normal) (G1 Evacuation Pause)
[2024-08-28T01:12:10.649+0000][info][gc,task     ] GC(2) Using 49 workers of 68 for evacuation
[2024-08-28T01:12:10.662+0000][info][gc,phases   ] GC(2)   Pre Evacuate Collection Set: 0.4ms
[2024-08-28T01:12:10.662+0000][info][gc,phases   ] GC(2)   Merge Heap Roots: 0.2ms
[2024-08-28T01:12:10.662+0000][info][gc,phases   ] GC(2)   Evacuate Collection Set: 12.1ms
[2024-08-28T01:12:10.662+0000][info][gc,phases   ] GC(2)   Post Evacuate Collection Set: 0.5ms
[2024-08-28T01:12:10.662+0000][info][gc,phases   ] GC(2)   Other: 0.2ms
[2024-08-28T01:12:10.662+0000][info][gc,heap     ] GC(2) Eden regions: 89->0(89)
[2024-08-28T01:12:10.662+0000][info][gc,heap     ] GC(2) Survivor regions: 13->13(13)
[2024-08-28T01:12:10.662+0000][info][gc,heap     ] GC(2) Old regions: 185->280
[2024-08-28T01:12:10.662+0000][info][gc,heap     ] GC(2) Archive regions: 2->2
[2024-08-28T01:12:10.662+0000][info][gc,heap     ] GC(2) Humongous regions: 6->6
[2024-08-28T01:12:10.662+0000][info][gc,metaspace] GC(2) Metaspace: 97K(320K)->97K(320K) NonClass: 93K(192K)->93K(192K) Class: 4K(128K)->4K(128K)
[2024-08-28T01:12:10.662+0000][info][gc          ] GC(2) Pause Young (Normal) (G1 Evacuation Pause) 293M->299M(2048M) 13.422ms
[2024-08-28T01:12:10.662+0000][info][gc,cpu      ] GC(2) User=0.17s Sys=0.42s Real=0.02s
[2024-08-28T01:12:10.692+0000][info][gc,start    ] GC(3) Pause Young (Normal) (G1 Evacuation Pause)
[2024-08-28T01:12:10.692+0000][info][gc,task     ] GC(3) Using 49 workers of 68 for evacuation
[2024-08-28T01:12:10.705+0000][info][gc,phases   ] GC(3)   Pre Evacuate Collection Set: 0.3ms
[2024-08-28T01:12:10.705+0000][info][gc,phases   ] GC(3)   Merge Heap Roots: 0.3ms
[2024-08-28T01:12:10.705+0000][info][gc,phases   ] GC(3)   Evacuate Collection Set: 12.2ms
[2024-08-28T01:12:10.705+0000][info][gc,phases   ] GC(3)   Post Evacuate Collection Set: 0.5ms
[2024-08-28T01:12:10.705+0000][info][gc,phases   ] GC(3)   Other: 0.2ms
[2024-08-28T01:12:10.705+0000][info][gc,heap     ] GC(3) Eden regions: 89->0(89)
[2024-08-28T01:12:10.705+0000][info][gc,heap     ] GC(3) Survivor regions: 13->13(13)
[2024-08-28T01:12:10.705+0000][info][gc,heap     ] GC(3) Old regions: 280->375
[2024-08-28T01:12:10.705+0000][info][gc,heap     ] GC(3) Archive regions: 2->2
[2024-08-28T01:12:10.705+0000][info][gc,heap     ] GC(3) Humongous regions: 6->6
[2024-08-28T01:12:10.705+0000][info][gc,metaspace] GC(3) Metaspace: 97K(320K)->97K(320K) NonClass: 93K(192K)->93K(192K) Class: 4K(128K)->4K(128K)
[2024-08-28T01:12:10.705+0000][info][gc          ] GC(3) Pause Young (Normal) (G1 Evacuation Pause) 388M->394M(2048M) 13.488ms
[2024-08-28T01:12:10.705+0000][info][gc,cpu      ] GC(3) User=0.34s Sys=0.25s Real=0.01s
[2024-08-28T01:12:10.776+0000][info][gc,start    ] GC(4) Pause Young (Normal) (G1 Evacuation Pause)
[2024-08-28T01:12:10.777+0000][info][gc,task     ] GC(4) Using 49 workers of 68 for evacuation
[2024-08-28T01:12:10.790+0000][info][gc,phases   ] GC(4)   Pre Evacuate Collection Set: 0.4ms
[2024-08-28T01:12:10.790+0000][info][gc,phases   ] GC(4)   Merge Heap Roots: 0.3ms
[2024-08-28T01:12:10.790+0000][info][gc,phases   ] GC(4)   Evacuate Collection Set: 12.6ms
[2024-08-28T01:12:10.790+0000][info][gc,phases   ] GC(4)   Post Evacuate Collection Set: 0.5ms
[2024-08-28T01:12:10.790+0000][info][gc,phases   ] GC(4)   Other: 0.2ms
[2024-08-28T01:12:10.790+0000][info][gc,heap     ] GC(4) Eden regions: 89->0(89)
[2024-08-28T01:12:10.790+0000][info][gc,heap     ] GC(4) Survivor regions: 13->13(13)
[2024-08-28T01:12:10.790+0000][info][gc,heap     ] GC(4) Old regions: 375->469
[2024-08-28T01:12:10.790+0000][info][gc,heap     ] GC(4) Archive regions: 2->2
[2024-08-28T01:12:10.790+0000][info][gc,heap     ] GC(4) Humongous regions: 11->11
[2024-08-28T01:12:10.790+0000][info][gc,metaspace] GC(4) Metaspace: 100K(320K)->100K(320K) NonClass: 95K(192K)->95K(192K) Class: 4K(128K)->4K(128K)
[2024-08-28T01:12:10.791+0000][info][gc          ] GC(4) Pause Young (Normal) (G1 Evacuation Pause) 488M->493M(2048M) 14.073ms
[2024-08-28T01:12:10.791+0000][info][gc,cpu      ] GC(4) User=0.32s Sys=0.29s Real=0.02s
[2024-08-28T01:12:10.853+0000][info][gc,start    ] GC(5) Pause Young (Normal) (G1 Evacuation Pause)
[2024-08-28T01:12:10.853+0000][info][gc,task     ] GC(5) Using 49 workers of 68 for evacuation
[2024-08-28T01:12:10.867+0000][info][gc,phases   ] GC(5)   Pre Evacuate Collection Set: 0.3ms
[2024-08-28T01:12:10.867+0000][info][gc,phases   ] GC(5)   Merge Heap Roots: 0.4ms
[2024-08-28T01:12:10.867+0000][info][gc,phases   ] GC(5)   Evacuate Collection Set: 12.4ms
[2024-08-28T01:12:10.867+0000][info][gc,phases   ] GC(5)   Post Evacuate Collection Set: 0.5ms
[2024-08-28T01:12:10.867+0000][info][gc,phases   ] GC(5)   Other: 0.2ms
[2024-08-28T01:12:10.867+0000][info][gc,heap     ] GC(5) Eden regions: 89->0(89)
[2024-08-28T01:12:10.867+0000][info][gc,heap     ] GC(5) Survivor regions: 13->13(13)
[2024-08-28T01:12:10.867+0000][info][gc,heap     ] GC(5) Old regions: 469->562
[2024-08-28T01:12:10.867+0000][info][gc,heap     ] GC(5) Archive regions: 2->2
[2024-08-28T01:12:10.867+0000][info][gc,heap     ] GC(5) Humongous regions: 11->11
[2024-08-28T01:12:10.867+0000][info][gc,metaspace] GC(5) Metaspace: 100K(320K)->100K(320K) NonClass: 96K(192K)->96K(192K) Class: 4K(128K)->4K(128K)
[2024-08-28T01:12:10.867+0000][info][gc          ] GC(5) Pause Young (Normal) (G1 Evacuation Pause) 582M->586M(2048M) 13.913ms
[2024-08-28T01:12:10.867+0000][info][gc,cpu      ] GC(5) User=0.38s Sys=0.23s Real=0.01s
[2024-08-28T01:12:10.917+0000][info][gc,start    ] GC(6) Pause Young (Normal) (G1 Evacuation Pause)
[2024-08-28T01:12:10.917+0000][info][gc,task     ] GC(6) Using 49 workers of 68 for evacuation
[2024-08-28T01:12:10.932+0000][info][gc,phases   ] GC(6)   Pre Evacuate Collection Set: 0.6ms
[2024-08-28T01:12:10.932+0000][info][gc,phases   ] GC(6)   Merge Heap Roots: 0.3ms
[2024-08-28T01:12:10.932+0000][info][gc,phases   ] GC(6)   Evacuate Collection Set: 13.2ms
[2024-08-28T01:12:10.932+0000][info][gc,phases   ] GC(6)   Post Evacuate Collection Set: 0.5ms
[2024-08-28T01:12:10.932+0000][info][gc,phases   ] GC(6)   Other: 0.3ms
[2024-08-28T01:12:10.932+0000][info][gc,heap     ] GC(6) Eden regions: 89->0(89)
[2024-08-28T01:12:10.932+0000][info][gc,heap     ] GC(6) Survivor regions: 13->13(13)
[2024-08-28T01:12:10.932+0000][info][gc,heap     ] GC(6) Old regions: 562->657
[2024-08-28T01:12:10.932+0000][info][gc,heap     ] GC(6) Archive regions: 2->2
[2024-08-28T01:12:10.932+0000][info][gc,heap     ] GC(6) Humongous regions: 11->11
[2024-08-28T01:12:10.932+0000][info][gc,metaspace] GC(6) Metaspace: 100K(320K)->100K(320K) NonClass: 96K(192K)->96K(192K) Class: 4K(128K)->4K(128K)
[2024-08-28T01:12:10.932+0000][info][gc          ] GC(6) Pause Young (Normal) (G1 Evacuation Pause) 675M->681M(2048M) 14.915ms
[2024-08-28T01:12:10.932+0000][info][gc,cpu      ] GC(6) User=0.36s Sys=0.29s Real=0.02s
[2024-08-28T01:12:10.994+0000][info][gc,start    ] GC(7) Pause Young (Normal) (G1 Evacuation Pause)
[2024-08-28T01:12:10.995+0000][info][gc,task     ] GC(7) Using 49 workers of 68 for evacuation
[2024-08-28T01:12:11.009+0000][info][gc,phases   ] GC(7)   Pre Evacuate Collection Set: 0.4ms
[2024-08-28T01:12:11.009+0000][info][gc,phases   ] GC(7)   Merge Heap Roots: 0.5ms
[2024-08-28T01:12:11.009+0000][info][gc,phases   ] GC(7)   Evacuate Collection Set: 12.7ms
[2024-08-28T01:12:11.009+0000][info][gc,phases   ] GC(7)   Post Evacuate Collection Set: 0.5ms
[2024-08-28T01:12:11.009+0000][info][gc,phases   ] GC(7)   Other: 0.2ms
[2024-08-28T01:12:11.009+0000][info][gc,heap     ] GC(7) Eden regions: 89->0(89)
[2024-08-28T01:12:11.009+0000][info][gc,heap     ] GC(7) Survivor regions: 13->13(13)
[2024-08-28T01:12:11.009+0000][info][gc,heap     ] GC(7) Old regions: 657->750
[2024-08-28T01:12:11.009+0000][info][gc,heap     ] GC(7) Archive regions: 2->2
[2024-08-28T01:12:11.009+0000][info][gc,heap     ] GC(7) Humongous regions: 11->11
[2024-08-28T01:12:11.009+0000][info][gc,metaspace] GC(7) Metaspace: 100K(320K)->100K(320K) NonClass: 96K(192K)->96K(192K) Class: 4K(128K)->4K(128K)
[2024-08-28T01:12:11.009+0000][info][gc          ] GC(7) Pause Young (Normal) (G1 Evacuation Pause) 770M->774M(2048M) 14.519ms
[2024-08-28T01:12:11.009+0000][info][gc,cpu      ] GC(7) User=0.25s Sys=0.39s Real=0.01s
[2024-08-28T01:12:11.059+0000][info][gc,start    ] GC(8) Pause Young (Normal) (G1 Evacuation Pause)
[2024-08-28T01:12:11.059+0000][info][gc,task     ] GC(8) Using 49 workers of 68 for evacuation
[2024-08-28T01:12:11.074+0000][info][gc,phases   ] GC(8)   Pre Evacuate Collection Set: 0.4ms
[2024-08-28T01:12:11.074+0000][info][gc,phases   ] GC(8)   Merge Heap Roots: 0.3ms
[2024-08-28T01:12:11.074+0000][info][gc,phases   ] GC(8)   Evacuate Collection Set: 13.2ms
[2024-08-28T01:12:11.074+0000][info][gc,phases   ] GC(8)   Post Evacuate Collection Set: 0.5ms
[2024-08-28T01:12:11.074+0000][info][gc,phases   ] GC(8)   Other: 0.2ms
[2024-08-28T01:12:11.074+0000][info][gc,heap     ] GC(8) Eden regions: 89->0(89)
[2024-08-28T01:12:11.074+0000][info][gc,heap     ] GC(8) Survivor regions: 13->13(13)
[2024-08-28T01:12:11.074+0000][info][gc,heap     ] GC(8) Old regions: 750->843
[2024-08-28T01:12:11.074+0000][info][gc,heap     ] GC(8) Archive regions: 2->2
[2024-08-28T01:12:11.074+0000][info][gc,heap     ] GC(8) Humongous regions: 11->11
[2024-08-28T01:12:11.074+0000][info][gc,metaspace] GC(8) Metaspace: 100K(320K)->100K(320K) NonClass: 96K(192K)->96K(192K) Class: 4K(128K)->4K(128K)
[2024-08-28T01:12:11.074+0000][info][gc          ] GC(8) Pause Young (Normal) (G1 Evacuation Pause) 863M->867M(2048M) 14.659ms
[2024-08-28T01:12:11.074+0000][info][gc,cpu      ] GC(8) User=0.34s Sys=0.29s Real=0.01s
[2024-08-28T01:12:11.125+0000][info][gc,start    ] GC(9) Pause Young (Normal) (G1 Evacuation Pause)
[2024-08-28T01:12:11.125+0000][info][gc,task     ] GC(9) Using 49 workers of 68 for evacuation
[2024-08-28T01:12:11.140+0000][info][gc,phases   ] GC(9)   Pre Evacuate Collection Set: 0.5ms
[2024-08-28T01:12:11.140+0000][info][gc,phases   ] GC(9)   Merge Heap Roots: 0.6ms
[2024-08-28T01:12:11.140+0000][info][gc,phases   ] GC(9)   Evacuate Collection Set: 12.9ms
[2024-08-28T01:12:11.140+0000][info][gc,phases   ] GC(9)   Post Evacuate Collection Set: 0.5ms
[2024-08-28T01:12:11.140+0000][info][gc,phases   ] GC(9)   Other: 0.2ms
[2024-08-28T01:12:11.140+0000][info][gc,heap     ] GC(9) Eden regions: 89->0(121)
[2024-08-28T01:12:11.140+0000][info][gc,heap     ] GC(9) Survivor regions: 13->13(13)
[2024-08-28T01:12:11.140+0000][info][gc,heap     ] GC(9) Old regions: 843->936
[2024-08-28T01:12:11.140+0000][info][gc,heap     ] GC(9) Archive regions: 2->2
[2024-08-28T01:12:11.140+0000][info][gc,heap     ] GC(9) Humongous regions: 11->11
[2024-08-28T01:12:11.140+0000][info][gc,metaspace] GC(9) Metaspace: 100K(320K)->100K(320K) NonClass: 96K(192K)->96K(192K) Class: 4K(128K)->4K(128K)
[2024-08-28T01:12:11.140+0000][info][gc          ] GC(9) Pause Young (Normal) (G1 Evacuation Pause) 956M->960M(2048M) 14.749ms
[2024-08-28T01:12:11.140+0000][info][gc,cpu      ] GC(9) User=0.38s Sys=0.26s Real=0.02s
[2024-08-28T01:12:11.220+0000][info][gc,start    ] GC(10) Pause Young (Concurrent Start) (G1 Evacuation Pause)
[2024-08-28T01:12:11.220+0000][info][gc,task     ] GC(10) Using 49 workers of 68 for evacuation
[2024-08-28T01:12:11.240+0000][info][gc,phases   ] GC(10)   Pre Evacuate Collection Set: 0.5ms
[2024-08-28T01:12:11.241+0000][info][gc,phases   ] GC(10)   Merge Heap Roots: 0.5ms
[2024-08-28T01:12:11.241+0000][info][gc,phases   ] GC(10)   Evacuate Collection Set: 17.3ms
[2024-08-28T01:12:11.241+0000][info][gc,phases   ] GC(10)   Post Evacuate Collection Set: 0.5ms
[2024-08-28T01:12:11.241+0000][info][gc,phases   ] GC(10)   Other: 1.4ms
[2024-08-28T01:12:11.241+0000][info][gc,heap     ] GC(10) Eden regions: 121->0(139)
[2024-08-28T01:12:11.241+0000][info][gc,heap     ] GC(10) Survivor regions: 13->17(17)
[2024-08-28T01:12:11.241+0000][info][gc,heap     ] GC(10) Old regions: 936->1056
[2024-08-28T01:12:11.241+0000][info][gc,heap     ] GC(10) Archive regions: 2->2
[2024-08-28T01:12:11.241+0000][info][gc,heap     ] GC(10) Humongous regions: 11->11
[2024-08-28T01:12:11.241+0000][info][gc,metaspace] GC(10) Metaspace: 100K(320K)->100K(320K) NonClass: 96K(192K)->96K(192K) Class: 4K(128K)->4K(128K)
[2024-08-28T01:12:11.241+0000][info][gc          ] GC(10) Pause Young (Concurrent Start) (G1 Evacuation Pause) 1081M->1084M(2048M) 20.214ms
[2024-08-28T01:12:11.241+0000][info][gc,cpu      ] GC(10) User=0.46s Sys=0.38s Real=0.02s
[2024-08-28T01:12:11.241+0000][info][gc          ] GC(11) Concurrent Mark Cycle
[2024-08-28T01:12:11.241+0000][info][gc,marking  ] GC(11) Concurrent Clear Claimed Marks
[2024-08-28T01:12:11.241+0000][info][gc,marking  ] GC(11) Concurrent Clear Claimed Marks 0.010ms
[2024-08-28T01:12:11.241+0000][info][gc,marking  ] GC(11) Concurrent Scan Root Regions
[2024-08-28T01:12:11.248+0000][info][gc,marking  ] GC(11) Concurrent Scan Root Regions 7.572ms
[2024-08-28T01:12:11.248+0000][info][gc,marking  ] GC(11) Concurrent Mark
[2024-08-28T01:12:11.248+0000][info][gc,marking  ] GC(11) Concurrent Mark From Roots
[2024-08-28T01:12:11.248+0000][info][gc,task     ] GC(11) Using 17 workers of 17 for marking
[2024-08-28T01:12:11.269+0000][info][gc,marking  ] GC(11) Concurrent Mark From Roots 20.769ms
[2024-08-28T01:12:11.269+0000][info][gc,marking  ] GC(11) Concurrent Preclean
[2024-08-28T01:12:11.270+0000][info][gc,marking  ] GC(11) Concurrent Preclean 0.521ms
[2024-08-28T01:12:11.270+0000][info][gc,start    ] GC(11) Pause Remark
[2024-08-28T01:12:11.272+0000][info][gc          ] GC(11) Pause Remark 1118M->1108M(2048M) 1.629ms
[2024-08-28T01:12:11.272+0000][info][gc,cpu      ] GC(11) User=0.02s Sys=0.01s Real=0.00s
[2024-08-28T01:12:11.272+0000][info][gc,marking  ] GC(11) Concurrent Mark 23.390ms
[2024-08-28T01:12:11.272+0000][info][gc,marking  ] GC(11) Concurrent Rebuild Remembered Sets
[2024-08-28T01:12:11.316+0000][info][gc,marking  ] GC(11) Concurrent Rebuild Remembered Sets 44.159ms
[2024-08-28T01:12:11.316+0000][info][gc,start    ] GC(11) Pause Cleanup
[2024-08-28T01:12:11.319+0000][info][gc          ] GC(11) Pause Cleanup 1192M->1192M(2048M) 2.292ms
[2024-08-28T01:12:11.319+0000][info][gc,cpu      ] GC(11) User=0.00s Sys=0.00s Real=0.01s
[2024-08-28T01:12:11.319+0000][info][gc,marking  ] GC(11) Concurrent Cleanup for Next Mark
[2024-08-28T01:12:11.321+0000][info][gc,marking  ] GC(11) Concurrent Cleanup for Next Mark 2.391ms
[2024-08-28T01:12:11.321+0000][info][gc          ] GC(11) Concurrent Mark Cycle 80.424ms
[2024-08-28T01:12:11.333+0000][info][gc,start    ] GC(12) Pause Young (Prepare Mixed) (G1 Evacuation Pause)
[2024-08-28T01:12:11.333+0000][info][gc,task     ] GC(12) Using 49 workers of 68 for evacuation
[2024-08-28T01:12:11.355+0000][info][gc,phases   ] GC(12)   Pre Evacuate Collection Set: 0.4ms
[2024-08-28T01:12:11.356+0000][info][gc,phases   ] GC(12)   Merge Heap Roots: 0.8ms
[2024-08-28T01:12:11.356+0000][info][gc,phases   ] GC(12)   Evacuate Collection Set: 20.1ms
[2024-08-28T01:12:11.356+0000][info][gc,phases   ] GC(12)   Post Evacuate Collection Set: 0.6ms
[2024-08-28T01:12:11.356+0000][info][gc,phases   ] GC(12)   Other: 0.2ms
[2024-08-28T01:12:11.356+0000][info][gc,heap     ] GC(12) Eden regions: 139->0(82)
[2024-08-28T01:12:11.356+0000][info][gc,heap     ] GC(12) Survivor regions: 17->20(20)
[2024-08-28T01:12:11.356+0000][info][gc,heap     ] GC(12) Old regions: 1052->1191
[2024-08-28T01:12:11.356+0000][info][gc,heap     ] GC(12) Archive regions: 2->2
[2024-08-28T01:12:11.356+0000][info][gc,heap     ] GC(12) Humongous regions: 5->5
[2024-08-28T01:12:11.356+0000][info][gc,metaspace] GC(12) Metaspace: 100K(320K)->100K(320K) NonClass: 96K(192K)->96K(192K) Class: 4K(128K)->4K(128K)
[2024-08-28T01:12:11.356+0000][info][gc          ] GC(12) Pause Young (Prepare Mixed) (G1 Evacuation Pause) 1213M->1216M(2048M) 22.237ms
[2024-08-28T01:12:11.356+0000][info][gc,cpu      ] GC(12) User=0.40s Sys=0.61s Real=0.02s
[2024-08-28T01:12:11.401+0000][info][gc,start    ] GC(13) Pause Young (Mixed) (G1 Evacuation Pause)
[2024-08-28T01:12:11.401+0000][info][gc,task     ] GC(13) Using 49 workers of 68 for evacuation
[2024-08-28T01:12:11.418+0000][info][gc,phases   ] GC(13)   Pre Evacuate Collection Set: 0.6ms
[2024-08-28T01:12:11.418+0000][info][gc,phases   ] GC(13)   Merge Heap Roots: 0.5ms
[2024-08-28T01:12:11.418+0000][info][gc,phases   ] GC(13)   Evacuate Collection Set: 13.6ms
[2024-08-28T01:12:11.418+0000][info][gc,phases   ] GC(13)   Merge Optional Heap Roots: 0.1ms
[2024-08-28T01:12:11.418+0000][info][gc,phases   ] GC(13)   Evacuate Optional Collection Set: 1.0ms
[2024-08-28T01:12:11.418+0000][info][gc,phases   ] GC(13)   Post Evacuate Collection Set: 0.7ms
[2024-08-28T01:12:11.418+0000][info][gc,phases   ] GC(13)   Other: 0.2ms
[2024-08-28T01:12:11.418+0000][info][gc,heap     ] GC(13) Eden regions: 82->0(89)
[2024-08-28T01:12:11.418+0000][info][gc,heap     ] GC(13) Survivor regions: 20->13(13)
[2024-08-28T01:12:11.418+0000][info][gc,heap     ] GC(13) Old regions: 1191->1134
[2024-08-28T01:12:11.418+0000][info][gc,heap     ] GC(13) Archive regions: 2->2
[2024-08-28T01:12:11.418+0000][info][gc,heap     ] GC(13) Humongous regions: 5->5
[2024-08-28T01:12:11.418+0000][info][gc,metaspace] GC(13) Metaspace: 100K(320K)->100K(320K) NonClass: 96K(192K)->96K(192K) Class: 4K(128K)->4K(128K)
[2024-08-28T01:12:11.418+0000][info][gc          ] GC(13) Pause Young (Mixed) (G1 Evacuation Pause) 1298M->1152M(2048M) 16.692ms
[2024-08-28T01:12:11.418+0000][info][gc,cpu      ] GC(13) User=0.45s Sys=0.17s Real=0.02s
[2024-08-28T01:12:11.462+0000][info][gc,start    ] GC(14) Pause Young (Mixed) (G1 Evacuation Pause)
[2024-08-28T01:12:11.462+0000][info][gc,task     ] GC(14) Using 49 workers of 68 for evacuation
[2024-08-28T01:12:11.479+0000][info][gc,phases   ] GC(14)   Pre Evacuate Collection Set: 0.5ms
[2024-08-28T01:12:11.479+0000][info][gc,phases   ] GC(14)   Merge Heap Roots: 0.5ms
[2024-08-28T01:12:11.479+0000][info][gc,phases   ] GC(14)   Evacuate Collection Set: 13.0ms
[2024-08-28T01:12:11.479+0000][info][gc,phases   ] GC(14)   Merge Optional Heap Roots: 0.3ms
[2024-08-28T01:12:11.479+0000][info][gc,phases   ] GC(14)   Evacuate Optional Collection Set: 1.6ms
[2024-08-28T01:12:11.479+0000][info][gc,phases   ] GC(14)   Post Evacuate Collection Set: 0.7ms
[2024-08-28T01:12:11.479+0000][info][gc,phases   ] GC(14)   Other: 0.2ms
[2024-08-28T01:12:11.479+0000][info][gc,heap     ] GC(14) Eden regions: 89->0(89)
[2024-08-28T01:12:11.479+0000][info][gc,heap     ] GC(14) Survivor regions: 13->13(13)
[2024-08-28T01:12:11.479+0000][info][gc,heap     ] GC(14) Old regions: 1134->966
[2024-08-28T01:12:11.479+0000][info][gc,heap     ] GC(14) Archive regions: 2->2
[2024-08-28T01:12:11.479+0000][info][gc,heap     ] GC(14) Humongous regions: 5->5
[2024-08-28T01:12:11.479+0000][info][gc,metaspace] GC(14) Metaspace: 100K(320K)->100K(320K) NonClass: 96K(192K)->96K(192K) Class: 4K(128K)->4K(128K)
[2024-08-28T01:12:11.479+0000][info][gc          ] GC(14) Pause Young (Mixed) (G1 Evacuation Pause) 1241M->984M(2048M) 16.912ms
[2024-08-28T01:12:11.479+0000][info][gc,cpu      ] GC(14) User=0.70s Sys=0.00s Real=0.02s
[2024-08-28T01:12:11.523+0000][info][gc,start    ] GC(15) Pause Young (Mixed) (G1 Evacuation Pause)
[2024-08-28T01:12:11.523+0000][info][gc,task     ] GC(15) Using 49 workers of 68 for evacuation
[2024-08-28T01:12:11.537+0000][info][gc,phases   ] GC(15)   Pre Evacuate Collection Set: 0.4ms
[2024-08-28T01:12:11.537+0000][info][gc,phases   ] GC(15)   Merge Heap Roots: 0.4ms
[2024-08-28T01:12:11.537+0000][info][gc,phases   ] GC(15)   Evacuate Collection Set: 12.9ms
[2024-08-28T01:12:11.537+0000][info][gc,phases   ] GC(15)   Post Evacuate Collection Set: 0.5ms
[2024-08-28T01:12:11.537+0000][info][gc,phases   ] GC(15)   Other: 0.2ms
[2024-08-28T01:12:11.537+0000][info][gc,heap     ] GC(15) Eden regions: 89->0(271)
[2024-08-28T01:12:11.537+0000][info][gc,heap     ] GC(15) Survivor regions: 13->13(13)
[2024-08-28T01:12:11.537+0000][info][gc,heap     ] GC(15) Old regions: 966->960
[2024-08-28T01:12:11.537+0000][info][gc,heap     ] GC(15) Archive regions: 2->2
[2024-08-28T01:12:11.537+0000][info][gc,heap     ] GC(15) Humongous regions: 5->5
[2024-08-28T01:12:11.537+0000][info][gc,metaspace] GC(15) Metaspace: 100K(320K)->100K(320K) NonClass: 96K(192K)->96K(192K) Class: 4K(128K)->4K(128K)
[2024-08-28T01:12:11.537+0000][info][gc          ] GC(15) Pause Young (Mixed) (G1 Evacuation Pause) 1073M->978M(2048M) 14.445ms
[2024-08-28T01:12:11.537+0000][info][gc,cpu      ] GC(15) User=0.60s Sys=0.04s Real=0.01s
[2024-08-28T01:12:11.764+0000][info][gc,start    ] GC(16) Pause Young (Concurrent Start) (G1 Evacuation Pause)
[2024-08-28T01:12:11.764+0000][info][gc,task     ] GC(16) Using 49 workers of 68 for evacuation
[2024-08-28T01:12:11.799+0000][info][gc,phases   ] GC(16)   Pre Evacuate Collection Set: 0.4ms
[2024-08-28T01:12:11.799+0000][info][gc,phases   ] GC(16)   Merge Heap Roots: 0.6ms
[2024-08-28T01:12:11.799+0000][info][gc,phases   ] GC(16)   Evacuate Collection Set: 33.0ms
[2024-08-28T01:12:11.799+0000][info][gc,phases   ] GC(16)   Post Evacuate Collection Set: 0.7ms
[2024-08-28T01:12:11.799+0000][info][gc,phases   ] GC(16)   Other: 1.0ms
[2024-08-28T01:12:11.799+0000][info][gc,heap     ] GC(16) Eden regions: 271->0(189)
[2024-08-28T01:12:11.799+0000][info][gc,heap     ] GC(16) Survivor regions: 13->36(36)
[2024-08-28T01:12:11.799+0000][info][gc,heap     ] GC(16) Old regions: 960->1201
[2024-08-28T01:12:11.799+0000][info][gc,heap     ] GC(16) Archive regions: 2->2
[2024-08-28T01:12:11.799+0000][info][gc,heap     ] GC(16) Humongous regions: 5->5
[2024-08-28T01:12:11.799+0000][info][gc,metaspace] GC(16) Metaspace: 100K(320K)->100K(320K) NonClass: 96K(192K)->96K(192K) Class: 4K(128K)->4K(128K)
[2024-08-28T01:12:11.799+0000][info][gc          ] GC(16) Pause Young (Concurrent Start) (G1 Evacuation Pause) 1249M->1242M(2048M) 35.769ms
[2024-08-28T01:12:11.800+0000][info][gc,cpu      ] GC(16) User=1.43s Sys=0.20s Real=0.04s
[2024-08-28T01:12:11.800+0000][info][gc          ] GC(17) Concurrent Mark Cycle
[2024-08-28T01:12:11.800+0000][info][gc,marking  ] GC(17) Concurrent Clear Claimed Marks
[2024-08-28T01:12:11.800+0000][info][gc,marking  ] GC(17) Concurrent Clear Claimed Marks 0.010ms
[2024-08-28T01:12:11.800+0000][info][gc,marking  ] GC(17) Concurrent Scan Root Regions
[2024-08-28T01:12:11.806+0000][info][gc,marking  ] GC(17) Concurrent Scan Root Regions 6.857ms
[2024-08-28T01:12:11.807+0000][info][gc,marking  ] GC(17) Concurrent Mark
[2024-08-28T01:12:11.807+0000][info][gc,marking  ] GC(17) Concurrent Mark From Roots
[2024-08-28T01:12:11.807+0000][info][gc,task     ] GC(17) Using 17 workers of 17 for marking
[2024-08-28T01:12:11.821+0000][info][gc,marking  ] GC(17) Concurrent Mark From Roots 14.561ms
[2024-08-28T01:12:11.821+0000][info][gc,marking  ] GC(17) Concurrent Preclean
[2024-08-28T01:12:11.822+0000][info][gc,marking  ] GC(17) Concurrent Preclean 0.828ms
[2024-08-28T01:12:11.822+0000][info][gc,start    ] GC(17) Pause Remark
[2024-08-28T01:12:11.824+0000][info][gc          ] GC(17) Pause Remark 1267M->1250M(2048M) 1.557ms
[2024-08-28T01:12:11.824+0000][info][gc,cpu      ] GC(17) User=0.02s Sys=0.00s Real=0.00s
[2024-08-28T01:12:11.824+0000][info][gc,marking  ] GC(17) Concurrent Mark 17.325ms
[2024-08-28T01:12:11.824+0000][info][gc,marking  ] GC(17) Concurrent Rebuild Remembered Sets
[2024-08-28T01:12:11.871+0000][info][gc,marking  ] GC(17) Concurrent Rebuild Remembered Sets 47.243ms
[2024-08-28T01:12:11.871+0000][info][gc,start    ] GC(17) Pause Cleanup
[2024-08-28T01:12:11.874+0000][info][gc          ] GC(17) Pause Cleanup 1340M->1340M(2048M) 2.726ms
[2024-08-28T01:12:11.874+0000][info][gc,cpu      ] GC(17) User=0.01s Sys=0.01s Real=0.00s
[2024-08-28T01:12:11.874+0000][info][gc,marking  ] GC(17) Concurrent Cleanup for Next Mark
[2024-08-28T01:12:11.877+0000][info][gc,marking  ] GC(17) Concurrent Cleanup for Next Mark 2.201ms
[2024-08-28T01:12:11.877+0000][info][gc          ] GC(17) Concurrent Mark Cycle 77.021ms
[2024-08-28T01:12:11.913+0000][info][gc,start    ] GC(18) Pause Young (Prepare Mixed) (G1 Evacuation Pause)
[2024-08-28T01:12:11.913+0000][info][gc,task     ] GC(18) Using 49 workers of 68 for evacuation
[2024-08-28T01:12:11.940+0000][info][gc,phases   ] GC(18)   Pre Evacuate Collection Set: 0.3ms
[2024-08-28T01:12:11.940+0000][info][gc,phases   ] GC(18)   Merge Heap Roots: 0.4ms
[2024-08-28T01:12:11.940+0000][info][gc,phases   ] GC(18)   Evacuate Collection Set: 25.3ms
[2024-08-28T01:12:11.940+0000][info][gc,phases   ] GC(18)   Post Evacuate Collection Set: 0.6ms
[2024-08-28T01:12:11.940+0000][info][gc,phases   ] GC(18)   Other: 0.3ms
[2024-08-28T01:12:11.940+0000][info][gc,heap     ] GC(18) Eden regions: 189->0(73)
[2024-08-28T01:12:11.940+0000][info][gc,heap     ] GC(18) Survivor regions: 36->29(29)
[2024-08-28T01:12:11.940+0000][info][gc,heap     ] GC(18) Old regions: 1184->1381
[2024-08-28T01:12:11.940+0000][info][gc,heap     ] GC(18) Archive regions: 2->2
[2024-08-28T01:12:11.940+0000][info][gc,heap     ] GC(18) Humongous regions: 5->5
[2024-08-28T01:12:11.940+0000][info][gc,metaspace] GC(18) Metaspace: 100K(320K)->100K(320K) NonClass: 96K(192K)->96K(192K) Class: 4K(128K)->4K(128K)
[2024-08-28T01:12:11.940+0000][info][gc          ] GC(18) Pause Young (Prepare Mixed) (G1 Evacuation Pause) 1414M->1415M(2048M) 26.874ms
[2024-08-28T01:12:11.940+0000][info][gc,cpu      ] GC(18) User=0.98s Sys=0.26s Real=0.03s
[2024-08-28T01:12:11.977+0000][info][gc,start    ] GC(19) Pause Young (Mixed) (G1 Evacuation Pause)
[2024-08-28T01:12:11.977+0000][info][gc,task     ] GC(19) Using 49 workers of 68 for evacuation
[2024-08-28T01:12:11.993+0000][info][gc,phases   ] GC(19)   Pre Evacuate Collection Set: 0.4ms
[2024-08-28T01:12:11.993+0000][info][gc,phases   ] GC(19)   Merge Heap Roots: 0.6ms
[2024-08-28T01:12:11.993+0000][info][gc,phases   ] GC(19)   Evacuate Collection Set: 13.5ms
[2024-08-28T01:12:11.993+0000][info][gc,phases   ] GC(19)   Post Evacuate Collection Set: 0.7ms
[2024-08-28T01:12:11.993+0000][info][gc,phases   ] GC(19)   Other: 0.3ms
[2024-08-28T01:12:11.993+0000][info][gc,heap     ] GC(19) Eden regions: 73->0(89)
[2024-08-28T01:12:11.993+0000][info][gc,heap     ] GC(19) Survivor regions: 29->13(13)
[2024-08-28T01:12:11.993+0000][info][gc,heap     ] GC(19) Old regions: 1381->1171
[2024-08-28T01:12:11.993+0000][info][gc,heap     ] GC(19) Archive regions: 2->2
[2024-08-28T01:12:11.993+0000][info][gc,heap     ] GC(19) Humongous regions: 5->5
[2024-08-28T01:12:11.993+0000][info][gc,metaspace] GC(19) Metaspace: 100K(320K)->100K(320K) NonClass: 96K(192K)->96K(192K) Class: 4K(128K)->4K(128K)
[2024-08-28T01:12:11.993+0000][info][gc          ] GC(19) Pause Young (Mixed) (G1 Evacuation Pause) 1488M->1189M(2048M) 15.459ms
[2024-08-28T01:12:11.993+0000][info][gc,cpu      ] GC(19) User=0.39s Sys=0.29s Real=0.02s
[2024-08-28T01:12:12.038+0000][info][gc,start    ] GC(20) Pause Young (Mixed) (G1 Evacuation Pause)
[2024-08-28T01:12:12.038+0000][info][gc,task     ] GC(20) Using 49 workers of 68 for evacuation
[2024-08-28T01:12:12.053+0000][info][gc,phases   ] GC(20)   Pre Evacuate Collection Set: 0.4ms
[2024-08-28T01:12:12.053+0000][info][gc,phases   ] GC(20)   Merge Heap Roots: 0.5ms
[2024-08-28T01:12:12.053+0000][info][gc,phases   ] GC(20)   Evacuate Collection Set: 13.8ms
[2024-08-28T01:12:12.054+0000][info][gc,phases   ] GC(20)   Post Evacuate Collection Set: 0.7ms
[2024-08-28T01:12:12.054+0000][info][gc,phases   ] GC(20)   Other: 0.3ms
[2024-08-28T01:12:12.054+0000][info][gc,heap     ] GC(20) Eden regions: 89->0(89)
[2024-08-28T01:12:12.054+0000][info][gc,heap     ] GC(20) Survivor regions: 13->13(13)
[2024-08-28T01:12:12.054+0000][info][gc,heap     ] GC(20) Old regions: 1171->957
[2024-08-28T01:12:12.054+0000][info][gc,heap     ] GC(20) Archive regions: 2->2
[2024-08-28T01:12:12.054+0000][info][gc,heap     ] GC(20) Humongous regions: 5->5
[2024-08-28T01:12:12.054+0000][info][gc,metaspace] GC(20) Metaspace: 100K(320K)->100K(320K) NonClass: 96K(192K)->96K(192K) Class: 4K(128K)->4K(128K)
[2024-08-28T01:12:12.054+0000][info][gc          ] GC(20) Pause Young (Mixed) (G1 Evacuation Pause) 1278M->975M(2048M) 15.720ms
[2024-08-28T01:12:12.054+0000][info][gc,cpu      ] GC(20) User=0.65s Sys=0.04s Real=0.01s
[2024-08-28T01:12:12.096+0000][info][gc,start    ] GC(21) Pause Young (Mixed) (G1 Evacuation Pause)
[2024-08-28T01:12:12.096+0000][info][gc,task     ] GC(21) Using 49 workers of 68 for evacuation
[2024-08-28T01:12:12.111+0000][info][gc,phases   ] GC(21)   Pre Evacuate Collection Set: 0.4ms
[2024-08-28T01:12:12.112+0000][info][gc,phases   ] GC(21)   Merge Heap Roots: 0.6ms
[2024-08-28T01:12:12.112+0000][info][gc,phases   ] GC(21)   Evacuate Collection Set: 13.7ms
[2024-08-28T01:12:12.112+0000][info][gc,phases   ] GC(21)   Post Evacuate Collection Set: 0.5ms
[2024-08-28T01:12:12.112+0000][info][gc,phases   ] GC(21)   Other: 0.2ms
[2024-08-28T01:12:12.112+0000][info][gc,heap     ] GC(21) Eden regions: 89->0(261)
[2024-08-28T01:12:12.112+0000][info][gc,heap     ] GC(21) Survivor regions: 13->13(13)
[2024-08-28T01:12:12.112+0000][info][gc,heap     ] GC(21) Old regions: 957->994
[2024-08-28T01:12:12.112+0000][info][gc,heap     ] GC(21) Archive regions: 2->2
[2024-08-28T01:12:12.112+0000][info][gc,heap     ] GC(21) Humongous regions: 5->5
[2024-08-28T01:12:12.112+0000][info][gc,metaspace] GC(21) Metaspace: 100K(320K)->100K(320K) NonClass: 96K(192K)->96K(192K) Class: 4K(128K)->4K(128K)
[2024-08-28T01:12:12.112+0000][info][gc          ] GC(21) Pause Young (Mixed) (G1 Evacuation Pause) 1064M->1012M(2048M) 15.478ms
[2024-08-28T01:12:12.112+0000][info][gc,cpu      ] GC(21) User=0.67s Sys=0.01s Real=0.02s
[2024-08-28T01:12:12.251+0000][info][gc,start    ] GC(22) Pause Young (Concurrent Start) (G1 Evacuation Pause)
[2024-08-28T01:12:12.251+0000][info][gc,task     ] GC(22) Using 49 workers of 68 for evacuation
[2024-08-28T01:12:12.285+0000][info][gc,phases   ] GC(22)   Pre Evacuate Collection Set: 0.4ms
[2024-08-28T01:12:12.285+0000][info][gc,phases   ] GC(22)   Merge Heap Roots: 0.8ms
[2024-08-28T01:12:12.285+0000][info][gc,phases   ] GC(22)   Evacuate Collection Set: 31.2ms
[2024-08-28T01:12:12.285+0000][info][gc,phases   ] GC(22)   Post Evacuate Collection Set: 0.7ms
[2024-08-28T01:12:12.285+0000][info][gc,phases   ] GC(22)   Other: 0.8ms
[2024-08-28T01:12:12.285+0000][info][gc,heap     ] GC(22) Eden regions: 261->0(182)
[2024-08-28T01:12:12.285+0000][info][gc,heap     ] GC(22) Survivor regions: 13->35(35)
[2024-08-28T01:12:12.285+0000][info][gc,heap     ] GC(22) Old regions: 994->1226
[2024-08-28T01:12:12.285+0000][info][gc,heap     ] GC(22) Archive regions: 2->2
[2024-08-28T01:12:12.285+0000][info][gc,heap     ] GC(22) Humongous regions: 5->5
[2024-08-28T01:12:12.285+0000][info][gc,metaspace] GC(22) Metaspace: 100K(320K)->100K(320K) NonClass: 96K(192K)->96K(192K) Class: 4K(128K)->4K(128K)
[2024-08-28T01:12:12.285+0000][info][gc          ] GC(22) Pause Young (Concurrent Start) (G1 Evacuation Pause) 1273M->1266M(2048M) 33.872ms
[2024-08-28T01:12:12.285+0000][info][gc,cpu      ] GC(22) User=1.47s Sys=0.09s Real=0.03s
[2024-08-28T01:12:12.285+0000][info][gc          ] GC(23) Concurrent Mark Cycle
[2024-08-28T01:12:12.285+0000][info][gc,marking  ] GC(23) Concurrent Clear Claimed Marks
[2024-08-28T01:12:12.285+0000][info][gc,marking  ] GC(23) Concurrent Clear Claimed Marks 0.010ms
[2024-08-28T01:12:12.285+0000][info][gc,marking  ] GC(23) Concurrent Scan Root Regions
[2024-08-28T01:12:12.291+0000][info][gc,marking  ] GC(23) Concurrent Scan Root Regions 6.426ms
[2024-08-28T01:12:12.291+0000][info][gc,marking  ] GC(23) Concurrent Mark
[2024-08-28T01:12:12.291+0000][info][gc,marking  ] GC(23) Concurrent Mark From Roots
[2024-08-28T01:12:12.291+0000][info][gc,task     ] GC(23) Using 17 workers of 17 for marking
[2024-08-28T01:12:12.305+0000][info][gc,marking  ] GC(23) Concurrent Mark From Roots 13.622ms
[2024-08-28T01:12:12.305+0000][info][gc,marking  ] GC(23) Concurrent Preclean
[2024-08-28T01:12:12.306+0000][info][gc,marking  ] GC(23) Concurrent Preclean 0.511ms
[2024-08-28T01:12:12.306+0000][info][gc,start    ] GC(23) Pause Remark
[2024-08-28T01:12:12.307+0000][info][gc          ] GC(23) Pause Remark 1291M->1255M(2048M) 1.342ms
[2024-08-28T01:12:12.307+0000][info][gc,cpu      ] GC(23) User=0.02s Sys=0.00s Real=0.00s
[2024-08-28T01:12:12.307+0000][info][gc,marking  ] GC(23) Concurrent Mark 15.912ms
[2024-08-28T01:12:12.307+0000][info][gc,marking  ] GC(23) Concurrent Rebuild Remembered Sets
[2024-08-28T01:12:12.358+0000][info][gc,marking  ] GC(23) Concurrent Rebuild Remembered Sets 50.564ms
[2024-08-28T01:12:12.358+0000][info][gc,start    ] GC(23) Pause Cleanup
[2024-08-28T01:12:12.360+0000][info][gc          ] GC(23) Pause Cleanup 1353M->1353M(2048M) 2.063ms
[2024-08-28T01:12:12.360+0000][info][gc,cpu      ] GC(23) User=0.01s Sys=0.00s Real=0.00s
[2024-08-28T01:12:12.360+0000][info][gc,marking  ] GC(23) Concurrent Cleanup for Next Mark
[2024-08-28T01:12:12.362+0000][info][gc,marking  ] GC(23) Concurrent Cleanup for Next Mark 1.347ms
[2024-08-28T01:12:12.362+0000][info][gc          ] GC(23) Concurrent Mark Cycle 76.979ms
[2024-08-28T01:12:12.395+0000][info][gc,start    ] GC(24) Pause Young (Prepare Mixed) (G1 Evacuation Pause)
[2024-08-28T01:12:12.395+0000][info][gc,task     ] GC(24) Using 49 workers of 68 for evacuation
[2024-08-28T01:12:12.422+0000][info][gc,phases   ] GC(24)   Pre Evacuate Collection Set: 0.3ms
[2024-08-28T01:12:12.422+0000][info][gc,phases   ] GC(24)   Merge Heap Roots: 0.4ms
[2024-08-28T01:12:12.422+0000][info][gc,phases   ] GC(24)   Evacuate Collection Set: 25.5ms
[2024-08-28T01:12:12.422+0000][info][gc,phases   ] GC(24)   Post Evacuate Collection Set: 0.6ms
[2024-08-28T01:12:12.422+0000][info][gc,phases   ] GC(24)   Other: 0.2ms
[2024-08-28T01:12:12.422+0000][info][gc,heap     ] GC(24) Eden regions: 182->0(74)
[2024-08-28T01:12:12.422+0000][info][gc,heap     ] GC(24) Survivor regions: 35->28(28)
[2024-08-28T01:12:12.422+0000][info][gc,heap     ] GC(24) Old regions: 1190->1382
[2024-08-28T01:12:12.422+0000][info][gc,heap     ] GC(24) Archive regions: 2->2
[2024-08-28T01:12:12.422+0000][info][gc,heap     ] GC(24) Humongous regions: 5->5
[2024-08-28T01:12:12.422+0000][info][gc,metaspace] GC(24) Metaspace: 100K(320K)->100K(320K) NonClass: 96K(192K)->96K(192K) Class: 4K(128K)->4K(128K)
[2024-08-28T01:12:12.422+0000][info][gc          ] GC(24) Pause Young (Prepare Mixed) (G1 Evacuation Pause) 1412M->1415M(2048M) 27.098ms
[2024-08-28T01:12:12.422+0000][info][gc,cpu      ] GC(24) User=1.23s Sys=0.04s Real=0.03s
[2024-08-28T01:12:12.462+0000][info][gc,start    ] GC(25) Pause Young (Mixed) (G1 Evacuation Pause)
[2024-08-28T01:12:12.462+0000][info][gc,task     ] GC(25) Using 49 workers of 68 for evacuation
[2024-08-28T01:12:12.481+0000][info][gc,phases   ] GC(25)   Pre Evacuate Collection Set: 0.4ms
[2024-08-28T01:12:12.481+0000][info][gc,phases   ] GC(25)   Merge Heap Roots: 0.6ms
[2024-08-28T01:12:12.481+0000][info][gc,phases   ] GC(25)   Evacuate Collection Set: 17.4ms
[2024-08-28T01:12:12.481+0000][info][gc,phases   ] GC(25)   Post Evacuate Collection Set: 0.6ms
[2024-08-28T01:12:12.481+0000][info][gc,phases   ] GC(25)   Other: 0.2ms
[2024-08-28T01:12:12.481+0000][info][gc,heap     ] GC(25) Eden regions: 74->0(89)
[2024-08-28T01:12:12.481+0000][info][gc,heap     ] GC(25) Survivor regions: 28->13(13)
[2024-08-28T01:12:12.481+0000][info][gc,heap     ] GC(25) Old regions: 1382->1170
[2024-08-28T01:12:12.481+0000][info][gc,heap     ] GC(25) Archive regions: 2->2
[2024-08-28T01:12:12.481+0000][info][gc,heap     ] GC(25) Humongous regions: 5->5
[2024-08-28T01:12:12.481+0000][info][gc,metaspace] GC(25) Metaspace: 100K(320K)->100K(320K) NonClass: 96K(192K)->96K(192K) Class: 4K(128K)->4K(128K)
[2024-08-28T01:12:12.481+0000][info][gc          ] GC(25) Pause Young (Mixed) (G1 Evacuation Pause) 1489M->1188M(2048M) 19.387ms
[2024-08-28T01:12:12.481+0000][info][gc,cpu      ] GC(25) User=0.81s Sys=0.05s Real=0.02s
[2024-08-28T01:12:12.532+0000][info][gc,start    ] GC(26) Pause Young (Mixed) (G1 Evacuation Pause)
[2024-08-28T01:12:12.532+0000][info][gc,task     ] GC(26) Using 49 workers of 68 for evacuation
[2024-08-28T01:12:12.550+0000][info][gc,phases   ] GC(26)   Pre Evacuate Collection Set: 0.5ms
[2024-08-28T01:12:12.550+0000][info][gc,phases   ] GC(26)   Merge Heap Roots: 0.6ms
[2024-08-28T01:12:12.550+0000][info][gc,phases   ] GC(26)   Evacuate Collection Set: 16.2ms
[2024-08-28T01:12:12.550+0000][info][gc,phases   ] GC(26)   Post Evacuate Collection Set: 0.7ms
[2024-08-28T01:12:12.550+0000][info][gc,phases   ] GC(26)   Other: 0.2ms
[2024-08-28T01:12:12.550+0000][info][gc,heap     ] GC(26) Eden regions: 89->0(89)
[2024-08-28T01:12:12.550+0000][info][gc,heap     ] GC(26) Survivor regions: 13->13(13)
[2024-08-28T01:12:12.550+0000][info][gc,heap     ] GC(26) Old regions: 1170->959
[2024-08-28T01:12:12.550+0000][info][gc,heap     ] GC(26) Archive regions: 2->2
[2024-08-28T01:12:12.550+0000][info][gc,heap     ] GC(26) Humongous regions: 5->5
[2024-08-28T01:12:12.550+0000][info][gc,metaspace] GC(26) Metaspace: 100K(320K)->100K(320K) NonClass: 96K(192K)->96K(192K) Class: 4K(128K)->4K(128K)
[2024-08-28T01:12:12.550+0000][info][gc          ] GC(26) Pause Young (Mixed) (G1 Evacuation Pause) 1277M->977M(2048M) 18.334ms
[2024-08-28T01:12:12.550+0000][info][gc,cpu      ] GC(26) User=0.81s Sys=0.00s Real=0.02s
[2024-08-28T01:12:12.599+0000][info][gc,start    ] GC(27) Pause Young (Mixed) (G1 Evacuation Pause)
[2024-08-28T01:12:12.599+0000][info][gc,task     ] GC(27) Using 49 workers of 68 for evacuation
[2024-08-28T01:12:12.616+0000][info][gc,phases   ] GC(27)   Pre Evacuate Collection Set: 0.4ms
[2024-08-28T01:12:12.616+0000][info][gc,phases   ] GC(27)   Merge Heap Roots: 0.7ms
[2024-08-28T01:12:12.616+0000][info][gc,phases   ] GC(27)   Evacuate Collection Set: 15.2ms
[2024-08-28T01:12:12.616+0000][info][gc,phases   ] GC(27)   Post Evacuate Collection Set: 0.5ms
[2024-08-28T01:12:12.616+0000][info][gc,phases   ] GC(27)   Other: 0.2ms
[2024-08-28T01:12:12.616+0000][info][gc,heap     ] GC(27) Eden regions: 89->0(263)
[2024-08-28T01:12:12.616+0000][info][gc,heap     ] GC(27) Survivor regions: 13->13(13)
[2024-08-28T01:12:12.616+0000][info][gc,heap     ] GC(27) Old regions: 959->989
[2024-08-28T01:12:12.616+0000][info][gc,heap     ] GC(27) Archive regions: 2->2
[2024-08-28T01:12:12.616+0000][info][gc,heap     ] GC(27) Humongous regions: 5->5
[2024-08-28T01:12:12.616+0000][info][gc,metaspace] GC(27) Metaspace: 100K(320K)->100K(320K) NonClass: 96K(192K)->96K(192K) Class: 4K(128K)->4K(128K)
[2024-08-28T01:12:12.616+0000][info][gc          ] GC(27) Pause Young (Mixed) (G1 Evacuation Pause) 1066M->1007M(2048M) 17.085ms
[2024-08-28T01:12:12.616+0000][info][gc,cpu      ] GC(27) User=0.78s Sys=0.00s Real=0.01s
[2024-08-28T01:12:12.758+0000][info][gc,start    ] GC(28) Pause Young (Normal) (G1 Evacuation Pause)
[2024-08-28T01:12:12.758+0000][info][gc,task     ] GC(28) Using 49 workers of 68 for evacuation
[2024-08-28T01:12:12.798+0000][info][gc,phases   ] GC(28)   Pre Evacuate Collection Set: 0.3ms
[2024-08-28T01:12:12.798+0000][info][gc,phases   ] GC(28)   Merge Heap Roots: 0.9ms
[2024-08-28T01:12:12.798+0000][info][gc,phases   ] GC(28)   Evacuate Collection Set: 37.7ms
[2024-08-28T01:12:12.798+0000][info][gc,phases   ] GC(28)   Post Evacuate Collection Set: 0.7ms
[2024-08-28T01:12:12.798+0000][info][gc,phases   ] GC(28)   Other: 0.2ms
[2024-08-28T01:12:12.798+0000][info][gc,heap     ] GC(28) Eden regions: 263->0(185)
[2024-08-28T01:12:12.798+0000][info][gc,heap     ] GC(28) Survivor regions: 13->35(35)
[2024-08-28T01:12:12.798+0000][info][gc,heap     ] GC(28) Old regions: 989->1224
[2024-08-28T01:12:12.798+0000][info][gc,heap     ] GC(28) Archive regions: 2->2
[2024-08-28T01:12:12.798+0000][info][gc,heap     ] GC(28) Humongous regions: 5->5
[2024-08-28T01:12:12.798+0000][info][gc,metaspace] GC(28) Metaspace: 100K(320K)->100K(320K) NonClass: 96K(192K)->96K(192K) Class: 4K(128K)->4K(128K)
[2024-08-28T01:12:12.798+0000][info][gc          ] GC(28) Pause Young (Normal) (G1 Evacuation Pause) 1270M->1264M(2048M) 39.956ms
[2024-08-28T01:12:12.798+0000][info][gc,cpu      ] GC(28) User=1.33s Sys=0.55s Real=0.04s
[2024-08-28T01:12:12.897+0000][info][gc,start    ] GC(29) Pause Young (Normal) (G1 Evacuation Pause)
[2024-08-28T01:12:12.897+0000][info][gc,task     ] GC(29) Using 49 workers of 68 for evacuation
[2024-08-28T01:12:12.928+0000][info][gc,phases   ] GC(29)   Pre Evacuate Collection Set: 0.3ms
[2024-08-28T01:12:12.928+0000][info][gc,phases   ] GC(29)   Merge Heap Roots: 1.0ms
[2024-08-28T01:12:12.928+0000][info][gc,phases   ] GC(29)   Evacuate Collection Set: 29.1ms
[2024-08-28T01:12:12.928+0000][info][gc,phases   ] GC(29)   Post Evacuate Collection Set: 0.6ms
[2024-08-28T01:12:12.928+0000][info][gc,phases   ] GC(29)   Other: 0.2ms
[2024-08-28T01:12:12.928+0000][info][gc,heap     ] GC(29) Eden regions: 185->0(124)
[2024-08-28T01:12:12.928+0000][info][gc,heap     ] GC(29) Survivor regions: 35->28(28)
[2024-08-28T01:12:12.928+0000][info][gc,heap     ] GC(29) Old regions: 1224->1418
[2024-08-28T01:12:12.928+0000][info][gc,heap     ] GC(29) Archive regions: 2->2
[2024-08-28T01:12:12.928+0000][info][gc,heap     ] GC(29) Humongous regions: 5->5
[2024-08-28T01:12:12.928+0000][info][gc,metaspace] GC(29) Metaspace: 100K(320K)->100K(320K) NonClass: 96K(192K)->96K(192K) Class: 4K(128K)->4K(128K)
[2024-08-28T01:12:12.928+0000][info][gc          ] GC(29) Pause Young (Normal) (G1 Evacuation Pause) 1449M->1451M(2048M) 31.421ms
[2024-08-28T01:12:12.928+0000][info][gc,cpu      ] GC(29) User=1.38s Sys=0.10s Real=0.03s
[2024-08-28T01:12:12.990+0000][info][gc,start    ] GC(30) Pause Young (Concurrent Start) (G1 Evacuation Pause)
[2024-08-28T01:12:12.990+0000][info][gc,task     ] GC(30) Using 49 workers of 68 for evacuation
[2024-08-28T01:12:13.022+0000][info][gc,phases   ] GC(30)   Pre Evacuate Collection Set: 0.4ms
[2024-08-28T01:12:13.022+0000][info][gc,phases   ] GC(30)   Merge Heap Roots: 1.0ms
[2024-08-28T01:12:13.022+0000][info][gc,phases   ] GC(30)   Evacuate Collection Set: 29.4ms
[2024-08-28T01:12:13.022+0000][info][gc,phases   ] GC(30)   Post Evacuate Collection Set: 0.6ms
[2024-08-28T01:12:13.022+0000][info][gc,phases   ] GC(30)   Other: 0.7ms
[2024-08-28T01:12:13.022+0000][info][gc,heap     ] GC(30) Eden regions: 124->0(83)
[2024-08-28T01:12:13.022+0000][info][gc,heap     ] GC(30) Survivor regions: 28->19(19)
[2024-08-28T01:12:13.022+0000][info][gc,heap     ] GC(30) Old regions: 1418->1557
[2024-08-28T01:12:13.022+0000][info][gc,heap     ] GC(30) Archive regions: 2->2
[2024-08-28T01:12:13.022+0000][info][gc,heap     ] GC(30) Humongous regions: 5->5
[2024-08-28T01:12:13.022+0000][info][gc,metaspace] GC(30) Metaspace: 100K(320K)->100K(320K) NonClass: 96K(192K)->96K(192K) Class: 4K(128K)->4K(128K)
[2024-08-28T01:12:13.022+0000][info][gc          ] GC(30) Pause Young (Concurrent Start) (G1 Evacuation Pause) 1575M->1581M(2048M) 32.107ms
[2024-08-28T01:12:13.022+0000][info][gc,cpu      ] GC(30) User=0.98s Sys=0.22s Real=0.03s
[2024-08-28T01:12:13.022+0000][info][gc          ] GC(31) Concurrent Mark Cycle
[2024-08-28T01:12:13.022+0000][info][gc,marking  ] GC(31) Concurrent Clear Claimed Marks
[2024-08-28T01:12:13.023+0000][info][gc,marking  ] GC(31) Concurrent Clear Claimed Marks 0.011ms
[2024-08-28T01:12:13.023+0000][info][gc,marking  ] GC(31) Concurrent Scan Root Regions
[2024-08-28T01:12:13.026+0000][info][gc,marking  ] GC(31) Concurrent Scan Root Regions 3.755ms
[2024-08-28T01:12:13.026+0000][info][gc,marking  ] GC(31) Concurrent Mark
[2024-08-28T01:12:13.026+0000][info][gc,marking  ] GC(31) Concurrent Mark From Roots
[2024-08-28T01:12:13.026+0000][info][gc,task     ] GC(31) Using 17 workers of 17 for marking
[2024-08-28T01:12:13.047+0000][info][gc,marking  ] GC(31) Concurrent Mark From Roots 20.927ms
[2024-08-28T01:12:13.047+0000][info][gc,marking  ] GC(31) Concurrent Preclean
[2024-08-28T01:12:13.048+0000][info][gc,marking  ] GC(31) Concurrent Preclean 0.502ms
[2024-08-28T01:12:13.048+0000][info][gc,start    ] GC(31) Pause Remark
[2024-08-28T01:12:13.050+0000][info][gc          ] GC(31) Pause Remark 1612M->1385M(2048M) 2.030ms
[2024-08-28T01:12:13.050+0000][info][gc,cpu      ] GC(31) User=0.01s Sys=0.00s Real=0.01s
[2024-08-28T01:12:13.050+0000][info][gc,marking  ] GC(31) Concurrent Mark 23.865ms
[2024-08-28T01:12:13.050+0000][info][gc,marking  ] GC(31) Concurrent Rebuild Remembered Sets
[2024-08-28T01:12:13.078+0000][info][gc,start    ] GC(32) Pause Young (Normal) (G1 Evacuation Pause)
[2024-08-28T01:12:13.078+0000][info][gc,task     ] GC(32) Using 49 workers of 68 for evacuation
[2024-08-28T01:12:13.098+0000][info][gc,phases   ] GC(32)   Pre Evacuate Collection Set: 0.4ms
[2024-08-28T01:12:13.098+0000][info][gc,phases   ] GC(32)   Merge Heap Roots: 0.8ms
[2024-08-28T01:12:13.098+0000][info][gc,phases   ] GC(32)   Evacuate Collection Set: 18.3ms
[2024-08-28T01:12:13.098+0000][info][gc,phases   ] GC(32)   Post Evacuate Collection Set: 0.8ms
[2024-08-28T01:12:13.098+0000][info][gc,phases   ] GC(32)   Other: 0.2ms
[2024-08-28T01:12:13.098+0000][info][gc,heap     ] GC(32) Eden regions: 83->0(126)
[2024-08-28T01:12:13.098+0000][info][gc,heap     ] GC(32) Survivor regions: 19->13(13)
[2024-08-28T01:12:13.098+0000][info][gc,heap     ] GC(32) Old regions: 1330->1428
[2024-08-28T01:12:13.098+0000][info][gc,heap     ] GC(32) Archive regions: 2->2
[2024-08-28T01:12:13.098+0000][info][gc,heap     ] GC(32) Humongous regions: 5->5
[2024-08-28T01:12:13.098+0000][info][gc,metaspace] GC(32) Metaspace: 100K(320K)->100K(320K) NonClass: 96K(192K)->96K(192K) Class: 4K(128K)->4K(128K)
[2024-08-28T01:12:13.098+0000][info][gc          ] GC(32) Pause Young (Normal) (G1 Evacuation Pause) 1437M->1446M(2048M) 20.525ms
[2024-08-28T01:12:13.098+0000][info][gc,cpu      ] GC(32) User=0.65s Sys=0.29s Real=0.02s
[2024-08-28T01:12:13.125+0000][info][gc,marking  ] GC(31) Concurrent Rebuild Remembered Sets 74.594ms
[2024-08-28T01:12:13.125+0000][info][gc,start    ] GC(31) Pause Cleanup
[2024-08-28T01:12:13.129+0000][info][gc          ] GC(31) Pause Cleanup 1495M->1495M(2048M) 3.336ms
[2024-08-28T01:12:13.129+0000][info][gc,cpu      ] GC(31) User=0.02s Sys=0.01s Real=0.00s
[2024-08-28T01:12:13.129+0000][info][gc,marking  ] GC(31) Concurrent Cleanup for Next Mark
[2024-08-28T01:12:13.130+0000][info][gc,marking  ] GC(31) Concurrent Cleanup for Next Mark 1.310ms
[2024-08-28T01:12:13.130+0000][info][gc          ] GC(31) Concurrent Mark Cycle 107.591ms
[2024-08-28T01:12:13.170+0000][info][gc,start    ] GC(33) Pause Young (Prepare Mixed) (G1 Evacuation Pause)
[2024-08-28T01:12:13.170+0000][info][gc,task     ] GC(33) Using 49 workers of 68 for evacuation
[2024-08-28T01:12:13.195+0000][info][gc,phases   ] GC(33)   Pre Evacuate Collection Set: 0.6ms
[2024-08-28T01:12:13.195+0000][info][gc,phases   ] GC(33)   Merge Heap Roots: 0.5ms
[2024-08-28T01:12:13.195+0000][info][gc,phases   ] GC(33)   Evacuate Collection Set: 23.1ms
[2024-08-28T01:12:13.195+0000][info][gc,phases   ] GC(33)   Post Evacuate Collection Set: 0.6ms
[2024-08-28T01:12:13.195+0000][info][gc,phases   ] GC(33)   Other: 0.3ms
[2024-08-28T01:12:13.195+0000][info][gc,heap     ] GC(33) Eden regions: 126->0(84)
[2024-08-28T01:12:13.195+0000][info][gc,heap     ] GC(33) Survivor regions: 13->18(18)
[2024-08-28T01:12:13.195+0000][info][gc,heap     ] GC(33) Old regions: 1428->1552
[2024-08-28T01:12:13.195+0000][info][gc,heap     ] GC(33) Archive regions: 2->2
[2024-08-28T01:12:13.195+0000][info][gc,heap     ] GC(33) Humongous regions: 5->5
[2024-08-28T01:12:13.195+0000][info][gc,metaspace] GC(33) Metaspace: 100K(320K)->100K(320K) NonClass: 96K(192K)->96K(192K) Class: 4K(128K)->4K(128K)
[2024-08-28T01:12:13.195+0000][info][gc          ] GC(33) Pause Young (Prepare Mixed) (G1 Evacuation Pause) 1572M->1575M(2048M) 25.109ms
[2024-08-28T01:12:13.195+0000][info][gc,cpu      ] GC(33) User=0.89s Sys=0.09s Real=0.02s
[2024-08-28T01:12:13.242+0000][info][gc,start    ] GC(34) Pause Young (Mixed) (G1 Evacuation Pause)
[2024-08-28T01:12:13.243+0000][info][gc,task     ] GC(34) Using 49 workers of 68 for evacuation
[2024-08-28T01:12:13.262+0000][info][gc,phases   ] GC(34)   Pre Evacuate Collection Set: 0.6ms
[2024-08-28T01:12:13.262+0000][info][gc,phases   ] GC(34)   Merge Heap Roots: 0.6ms
[2024-08-28T01:12:13.262+0000][info][gc,phases   ] GC(34)   Evacuate Collection Set: 17.4ms
[2024-08-28T01:12:13.262+0000][info][gc,phases   ] GC(34)   Post Evacuate Collection Set: 0.7ms
[2024-08-28T01:12:13.262+0000][info][gc,phases   ] GC(34)   Other: 0.2ms
[2024-08-28T01:12:13.262+0000][info][gc,heap     ] GC(34) Eden regions: 84->0(89)
[2024-08-28T01:12:13.262+0000][info][gc,heap     ] GC(34) Survivor regions: 18->13(13)
[2024-08-28T01:12:13.262+0000][info][gc,heap     ] GC(34) Old regions: 1552->1338
[2024-08-28T01:12:13.262+0000][info][gc,heap     ] GC(34) Archive regions: 2->2
[2024-08-28T01:12:13.262+0000][info][gc,heap     ] GC(34) Humongous regions: 5->5
[2024-08-28T01:12:13.262+0000][info][gc,metaspace] GC(34) Metaspace: 100K(320K)->100K(320K) NonClass: 96K(192K)->96K(192K) Class: 4K(128K)->4K(128K)
[2024-08-28T01:12:13.262+0000][info][gc          ] GC(34) Pause Young (Mixed) (G1 Evacuation Pause) 1659M->1356M(2048M) 19.642ms
[2024-08-28T01:12:13.262+0000][info][gc,cpu      ] GC(34) User=0.47s Sys=0.41s Real=0.02s
[2024-08-28T01:12:13.309+0000][info][gc,start    ] GC(35) Pause Young (Mixed) (G1 Evacuation Pause)
[2024-08-28T01:12:13.309+0000][info][gc,task     ] GC(35) Using 49 workers of 68 for evacuation
[2024-08-28T01:12:13.337+0000][info][gc,phases   ] GC(35)   Pre Evacuate Collection Set: 8.5ms
[2024-08-28T01:12:13.337+0000][info][gc,phases   ] GC(35)   Merge Heap Roots: 0.6ms
[2024-08-28T01:12:13.337+0000][info][gc,phases   ] GC(35)   Evacuate Collection Set: 17.7ms
[2024-08-28T01:12:13.337+0000][info][gc,phases   ] GC(35)   Post Evacuate Collection Set: 0.6ms
[2024-08-28T01:12:13.337+0000][info][gc,phases   ] GC(35)   Other: 0.2ms
[2024-08-28T01:12:13.337+0000][info][gc,heap     ] GC(35) Eden regions: 89->0(89)
[2024-08-28T01:12:13.337+0000][info][gc,heap     ] GC(35) Survivor regions: 13->13(13)
[2024-08-28T01:12:13.337+0000][info][gc,heap     ] GC(35) Old regions: 1338->1125
[2024-08-28T01:12:13.337+0000][info][gc,heap     ] GC(35) Archive regions: 2->2
[2024-08-28T01:12:13.337+0000][info][gc,heap     ] GC(35) Humongous regions: 5->5
[2024-08-28T01:12:13.337+0000][info][gc,metaspace] GC(35) Metaspace: 100K(320K)->100K(320K) NonClass: 96K(192K)->96K(192K) Class: 4K(128K)->4K(128K)
[2024-08-28T01:12:13.337+0000][info][gc          ] GC(35) Pause Young (Mixed) (G1 Evacuation Pause) 1445M->1143M(2048M) 27.708ms
[2024-08-28T01:12:13.337+0000][info][gc,cpu      ] GC(35) User=0.68s Sys=0.22s Real=0.03s
[2024-08-28T01:12:13.383+0000][info][gc,start    ] GC(36) Pause Young (Mixed) (G1 Evacuation Pause)
[2024-08-28T01:12:13.383+0000][info][gc,task     ] GC(36) Using 49 workers of 68 for evacuation
[2024-08-28T01:12:13.403+0000][info][gc,phases   ] GC(36)   Pre Evacuate Collection Set: 0.3ms
[2024-08-28T01:12:13.403+0000][info][gc,phases   ] GC(36)   Merge Heap Roots: 0.7ms
[2024-08-28T01:12:13.403+0000][info][gc,phases   ] GC(36)   Evacuate Collection Set: 17.8ms
[2024-08-28T01:12:13.403+0000][info][gc,phases   ] GC(36)   Post Evacuate Collection Set: 0.5ms
[2024-08-28T01:12:13.403+0000][info][gc,phases   ] GC(36)   Other: 0.2ms
[2024-08-28T01:12:13.403+0000][info][gc,heap     ] GC(36) Eden regions: 89->0(254)
[2024-08-28T01:12:13.403+0000][info][gc,heap     ] GC(36) Survivor regions: 13->13(13)
[2024-08-28T01:12:13.403+0000][info][gc,heap     ] GC(36) Old regions: 1125->1034
[2024-08-28T01:12:13.403+0000][info][gc,heap     ] GC(36) Archive regions: 2->2
[2024-08-28T01:12:13.403+0000][info][gc,heap     ] GC(36) Humongous regions: 5->5
[2024-08-28T01:12:13.403+0000][info][gc,metaspace] GC(36) Metaspace: 100K(320K)->100K(320K) NonClass: 96K(192K)->96K(192K) Class: 4K(128K)->4K(128K)
[2024-08-28T01:12:13.403+0000][info][gc          ] GC(36) Pause Young (Mixed) (G1 Evacuation Pause) 1232M->1052M(2048M) 19.712ms
[2024-08-28T01:12:13.403+0000][info][gc,cpu      ] GC(36) User=0.77s Sys=0.13s Real=0.02s
[2024-08-28T01:12:13.526+0000][info][gc,start    ] GC(37) Pause Young (Normal) (G1 Evacuation Pause)
[2024-08-28T01:12:13.526+0000][info][gc,task     ] GC(37) Using 49 workers of 68 for evacuation
[2024-08-28T01:12:13.565+0000][info][gc,phases   ] GC(37)   Pre Evacuate Collection Set: 0.2ms
[2024-08-28T01:12:13.565+0000][info][gc,phases   ] GC(37)   Merge Heap Roots: 0.9ms
[2024-08-28T01:12:13.565+0000][info][gc,phases   ] GC(37)   Evacuate Collection Set: 37.4ms
[2024-08-28T01:12:13.565+0000][info][gc,phases   ] GC(37)   Post Evacuate Collection Set: 0.6ms
[2024-08-28T01:12:13.565+0000][info][gc,phases   ] GC(37)   Other: 0.2ms
[2024-08-28T01:12:13.565+0000][info][gc,heap     ] GC(37) Eden regions: 254->0(172)
[2024-08-28T01:12:13.565+0000][info][gc,heap     ] GC(37) Survivor regions: 13->34(34)
[2024-08-28T01:12:13.565+0000][info][gc,heap     ] GC(37) Old regions: 1034->1264
[2024-08-28T01:12:13.565+0000][info][gc,heap     ] GC(37) Archive regions: 2->2
[2024-08-28T01:12:13.565+0000][info][gc,heap     ] GC(37) Humongous regions: 5->5
[2024-08-28T01:12:13.565+0000][info][gc,metaspace] GC(37) Metaspace: 100K(320K)->100K(320K) NonClass: 96K(192K)->96K(192K) Class: 4K(128K)->4K(128K)
[2024-08-28T01:12:13.565+0000][info][gc          ] GC(37) Pause Young (Normal) (G1 Evacuation Pause) 1306M->1303M(2048M) 39.468ms
[2024-08-28T01:12:13.565+0000][info][gc,cpu      ] GC(37) User=1.58s Sys=0.11s Real=0.04s
[2024-08-28T01:12:13.657+0000][info][gc,start    ] GC(38) Pause Young (Normal) (G1 Evacuation Pause)
[2024-08-28T01:12:13.657+0000][info][gc,task     ] GC(38) Using 49 workers of 68 for evacuation
[2024-08-28T01:12:13.691+0000][info][gc,phases   ] GC(38)   Pre Evacuate Collection Set: 0.3ms
[2024-08-28T01:12:13.691+0000][info][gc,phases   ] GC(38)   Merge Heap Roots: 0.9ms
[2024-08-28T01:12:13.691+0000][info][gc,phases   ] GC(38)   Evacuate Collection Set: 32.6ms
[2024-08-28T01:12:13.691+0000][info][gc,phases   ] GC(38)   Post Evacuate Collection Set: 0.6ms
[2024-08-28T01:12:13.691+0000][info][gc,phases   ] GC(38)   Other: 0.2ms
[2024-08-28T01:12:13.691+0000][info][gc,heap     ] GC(38) Eden regions: 172->0(115)
[2024-08-28T01:12:13.691+0000][info][gc,heap     ] GC(38) Survivor regions: 34->26(26)
[2024-08-28T01:12:13.691+0000][info][gc,heap     ] GC(38) Old regions: 1264->1447
[2024-08-28T01:12:13.691+0000][info][gc,heap     ] GC(38) Archive regions: 2->2
[2024-08-28T01:12:13.691+0000][info][gc,heap     ] GC(38) Humongous regions: 5->5
[2024-08-28T01:12:13.691+0000][info][gc,metaspace] GC(38) Metaspace: 100K(320K)->100K(320K) NonClass: 96K(192K)->96K(192K) Class: 4K(128K)->4K(128K)
[2024-08-28T01:12:13.691+0000][info][gc          ] GC(38) Pause Young (Normal) (G1 Evacuation Pause) 1475M->1478M(2048M) 34.683ms
[2024-08-28T01:12:13.691+0000][info][gc,cpu      ] GC(38) User=1.32s Sys=0.32s Real=0.04s
[2024-08-28T01:12:13.750+0000][info][gc,start    ] GC(39) Pause Young (Concurrent Start) (G1 Evacuation Pause)
[2024-08-28T01:12:13.750+0000][info][gc,task     ] GC(39) Using 49 workers of 68 for evacuation
[2024-08-28T01:12:13.776+0000][info][gc,phases   ] GC(39)   Pre Evacuate Collection Set: 0.3ms
[2024-08-28T01:12:13.776+0000][info][gc,phases   ] GC(39)   Merge Heap Roots: 0.9ms
[2024-08-28T01:12:13.776+0000][info][gc,phases   ] GC(39)   Evacuate Collection Set: 24.0ms
[2024-08-28T01:12:13.776+0000][info][gc,phases   ] GC(39)   Post Evacuate Collection Set: 0.5ms
[2024-08-28T01:12:13.776+0000][info][gc,phases   ] GC(39)   Other: 0.7ms
[2024-08-28T01:12:13.776+0000][info][gc,heap     ] GC(39) Eden regions: 115->0(84)
[2024-08-28T01:12:13.776+0000][info][gc,heap     ] GC(39) Survivor regions: 26->18(18)
[2024-08-28T01:12:13.776+0000][info][gc,heap     ] GC(39) Old regions: 1447->1575
[2024-08-28T01:12:13.776+0000][info][gc,heap     ] GC(39) Archive regions: 2->2
[2024-08-28T01:12:13.776+0000][info][gc,heap     ] GC(39) Humongous regions: 5->5
[2024-08-28T01:12:13.776+0000][info][gc,metaspace] GC(39) Metaspace: 100K(320K)->100K(320K) NonClass: 96K(192K)->96K(192K) Class: 4K(128K)->4K(128K)
[2024-08-28T01:12:13.776+0000][info][gc          ] GC(39) Pause Young (Concurrent Start) (G1 Evacuation Pause) 1593M->1598M(2048M) 26.446ms
[2024-08-28T01:12:13.776+0000][info][gc,cpu      ] GC(39) User=0.95s Sys=0.26s Real=0.02s
[2024-08-28T01:12:13.776+0000][info][gc          ] GC(40) Concurrent Mark Cycle
[2024-08-28T01:12:13.776+0000][info][gc,marking  ] GC(40) Concurrent Clear Claimed Marks
[2024-08-28T01:12:13.776+0000][info][gc,marking  ] GC(40) Concurrent Clear Claimed Marks 0.010ms
[2024-08-28T01:12:13.776+0000][info][gc,marking  ] GC(40) Concurrent Scan Root Regions
[2024-08-28T01:12:13.780+0000][info][gc,marking  ] GC(40) Concurrent Scan Root Regions 3.590ms
[2024-08-28T01:12:13.780+0000][info][gc,marking  ] GC(40) Concurrent Mark
[2024-08-28T01:12:13.780+0000][info][gc,marking  ] GC(40) Concurrent Mark From Roots
[2024-08-28T01:12:13.780+0000][info][gc,task     ] GC(40) Using 17 workers of 17 for marking
[2024-08-28T01:12:13.799+0000][info][gc,marking  ] GC(40) Concurrent Mark From Roots 18.689ms
[2024-08-28T01:12:13.799+0000][info][gc,marking  ] GC(40) Concurrent Preclean
[2024-08-28T01:12:13.800+0000][info][gc,marking  ] GC(40) Concurrent Preclean 1.584ms
[2024-08-28T01:12:13.801+0000][info][gc,start    ] GC(40) Pause Remark
[2024-08-28T01:12:13.803+0000][info][gc          ] GC(40) Pause Remark 1630M->1372M(2048M) 1.973ms
[2024-08-28T01:12:13.803+0000][info][gc,cpu      ] GC(40) User=0.02s Sys=0.00s Real=0.00s
[2024-08-28T01:12:13.803+0000][info][gc,marking  ] GC(40) Concurrent Mark 22.763ms
[2024-08-28T01:12:13.803+0000][info][gc,marking  ] GC(40) Concurrent Rebuild Remembered Sets
[2024-08-28T01:12:13.829+0000][info][gc,start    ] GC(41) Pause Young (Normal) (G1 Evacuation Pause)
[2024-08-28T01:12:13.829+0000][info][gc,task     ] GC(41) Using 49 workers of 68 for evacuation
[2024-08-28T01:12:13.847+0000][info][gc,phases   ] GC(41)   Pre Evacuate Collection Set: 0.4ms
[2024-08-28T01:12:13.847+0000][info][gc,phases   ] GC(41)   Merge Heap Roots: 0.7ms
[2024-08-28T01:12:13.847+0000][info][gc,phases   ] GC(41)   Evacuate Collection Set: 15.6ms
[2024-08-28T01:12:13.847+0000][info][gc,phases   ] GC(41)   Post Evacuate Collection Set: 0.7ms
[2024-08-28T01:12:13.847+0000][info][gc,phases   ] GC(41)   Other: 0.3ms
[2024-08-28T01:12:13.847+0000][info][gc,heap     ] GC(41) Eden regions: 84->0(130)
[2024-08-28T01:12:13.847+0000][info][gc,heap     ] GC(41) Survivor regions: 18->13(13)
[2024-08-28T01:12:13.847+0000][info][gc,heap     ] GC(41) Old regions: 1317->1414
[2024-08-28T01:12:13.847+0000][info][gc,heap     ] GC(41) Archive regions: 2->2
[2024-08-28T01:12:13.847+0000][info][gc,heap     ] GC(41) Humongous regions: 5->5
[2024-08-28T01:12:13.847+0000][info][gc,metaspace] GC(41) Metaspace: 100K(320K)->100K(320K) NonClass: 96K(192K)->96K(192K) Class: 4K(128K)->4K(128K)
[2024-08-28T01:12:13.847+0000][info][gc          ] GC(41) Pause Young (Normal) (G1 Evacuation Pause) 1424M->1432M(2048M) 17.847ms
[2024-08-28T01:12:13.847+0000][info][gc,cpu      ] GC(41) User=0.80s Sys=0.00s Real=0.02s
[2024-08-28T01:12:13.872+0000][info][gc,marking  ] GC(40) Concurrent Rebuild Remembered Sets 69.605ms
[2024-08-28T01:12:13.873+0000][info][gc,start    ] GC(40) Pause Cleanup
[2024-08-28T01:12:13.876+0000][info][gc          ] GC(40) Pause Cleanup 1482M->1482M(2048M) 3.243ms
[2024-08-28T01:12:13.876+0000][info][gc,cpu      ] GC(40) User=0.01s Sys=0.00s Real=0.00s
[2024-08-28T01:12:13.876+0000][info][gc,marking  ] GC(40) Concurrent Cleanup for Next Mark
[2024-08-28T01:12:13.877+0000][info][gc,marking  ] GC(40) Concurrent Cleanup for Next Mark 1.316ms
[2024-08-28T01:12:13.877+0000][info][gc          ] GC(40) Concurrent Mark Cycle 101.121ms
[2024-08-28T01:12:13.918+0000][info][gc,start    ] GC(42) Pause Young (Prepare Mixed) (G1 Evacuation Pause)
[2024-08-28T01:12:13.918+0000][info][gc,task     ] GC(42) Using 49 workers of 68 for evacuation
[2024-08-28T01:12:13.946+0000][info][gc,phases   ] GC(42)   Pre Evacuate Collection Set: 0.4ms
[2024-08-28T01:12:13.946+0000][info][gc,phases   ] GC(42)   Merge Heap Roots: 0.6ms
[2024-08-28T01:12:13.946+0000][info][gc,phases   ] GC(42)   Evacuate Collection Set: 25.9ms
[2024-08-28T01:12:13.946+0000][info][gc,phases   ] GC(42)   Post Evacuate Collection Set: 0.6ms
[2024-08-28T01:12:13.946+0000][info][gc,phases   ] GC(42)   Other: 0.2ms
[2024-08-28T01:12:13.946+0000][info][gc,heap     ] GC(42) Eden regions: 130->0(84)
[2024-08-28T01:12:13.946+0000][info][gc,heap     ] GC(42) Survivor regions: 13->18(18)
[2024-08-28T01:12:13.946+0000][info][gc,heap     ] GC(42) Old regions: 1414->1542
[2024-08-28T01:12:13.946+0000][info][gc,heap     ] GC(42) Archive regions: 2->2
[2024-08-28T01:12:13.946+0000][info][gc,heap     ] GC(42) Humongous regions: 5->5
[2024-08-28T01:12:13.946+0000][info][gc,metaspace] GC(42) Metaspace: 100K(320K)->100K(320K) NonClass: 96K(192K)->96K(192K) Class: 4K(128K)->4K(128K)
[2024-08-28T01:12:13.946+0000][info][gc          ] GC(42) Pause Young (Prepare Mixed) (G1 Evacuation Pause) 1562M->1565M(2048M) 27.759ms
[2024-08-28T01:12:13.946+0000][info][gc,cpu      ] GC(42) User=1.00s Sys=0.05s Real=0.02s
[2024-08-28T01:12:14.007+0000][info][gc,start    ] GC(43) Pause Young (Mixed) (G1 Evacuation Pause)
[2024-08-28T01:12:14.007+0000][info][gc,task     ] GC(43) Using 49 workers of 68 for evacuation
[2024-08-28T01:12:14.026+0000][info][gc,phases   ] GC(43)   Pre Evacuate Collection Set: 0.5ms
[2024-08-28T01:12:14.026+0000][info][gc,phases   ] GC(43)   Merge Heap Roots: 0.8ms
[2024-08-28T01:12:14.026+0000][info][gc,phases   ] GC(43)   Evacuate Collection Set: 16.9ms
[2024-08-28T01:12:14.026+0000][info][gc,phases   ] GC(43)   Post Evacuate Collection Set: 0.7ms
[2024-08-28T01:12:14.026+0000][info][gc,phases   ] GC(43)   Other: 0.3ms
[2024-08-28T01:12:14.026+0000][info][gc,heap     ] GC(43) Eden regions: 84->0(89)
[2024-08-28T01:12:14.026+0000][info][gc,heap     ] GC(43) Survivor regions: 18->13(13)
[2024-08-28T01:12:14.026+0000][info][gc,heap     ] GC(43) Old regions: 1542->1331
[2024-08-28T01:12:14.026+0000][info][gc,heap     ] GC(43) Archive regions: 2->2
[2024-08-28T01:12:14.026+0000][info][gc,heap     ] GC(43) Humongous regions: 5->5
[2024-08-28T01:12:14.026+0000][info][gc,metaspace] GC(43) Metaspace: 100K(320K)->100K(320K) NonClass: 96K(192K)->96K(192K) Class: 4K(128K)->4K(128K)
[2024-08-28T01:12:14.026+0000][info][gc          ] GC(43) Pause Young (Mixed) (G1 Evacuation Pause) 1649M->1349M(2048M) 19.257ms
[2024-08-28T01:12:14.026+0000][info][gc,cpu      ] GC(43) User=0.61s Sys=0.25s Real=0.02s
[2024-08-28T01:12:14.072+0000][info][gc,start    ] GC(44) Pause Young (Mixed) (G1 Evacuation Pause)
[2024-08-28T01:12:14.072+0000][info][gc,task     ] GC(44) Using 49 workers of 68 for evacuation
[2024-08-28T01:12:14.090+0000][info][gc,phases   ] GC(44)   Pre Evacuate Collection Set: 0.4ms
[2024-08-28T01:12:14.090+0000][info][gc,phases   ] GC(44)   Merge Heap Roots: 0.5ms
[2024-08-28T01:12:14.090+0000][info][gc,phases   ] GC(44)   Evacuate Collection Set: 16.4ms
[2024-08-28T01:12:14.090+0000][info][gc,phases   ] GC(44)   Post Evacuate Collection Set: 1.1ms
[2024-08-28T01:12:14.090+0000][info][gc,phases   ] GC(44)   Other: 0.3ms
[2024-08-28T01:12:14.090+0000][info][gc,heap     ] GC(44) Eden regions: 89->0(89)
[2024-08-28T01:12:14.091+0000][info][gc,heap     ] GC(44) Survivor regions: 13->13(13)
[2024-08-28T01:12:14.091+0000][info][gc,heap     ] GC(44) Old regions: 1331->1118
[2024-08-28T01:12:14.091+0000][info][gc,heap     ] GC(44) Archive regions: 2->2
[2024-08-28T01:12:14.091+0000][info][gc,heap     ] GC(44) Humongous regions: 5->5
[2024-08-28T01:12:14.091+0000][info][gc,metaspace] GC(44) Metaspace: 100K(320K)->100K(320K) NonClass: 96K(192K)->96K(192K) Class: 4K(128K)->4K(128K)
[2024-08-28T01:12:14.091+0000][info][gc          ] GC(44) Pause Young (Mixed) (G1 Evacuation Pause) 1438M->1136M(2048M) 18.738ms
[2024-08-28T01:12:14.091+0000][info][gc,cpu      ] GC(44) User=0.78s Sys=0.05s Real=0.02s
[2024-08-28T01:12:14.135+0000][info][gc,start    ] GC(45) Pause Young (Mixed) (G1 Evacuation Pause)
[2024-08-28T01:12:14.135+0000][info][gc,task     ] GC(45) Using 49 workers of 68 for evacuation
[2024-08-28T01:12:14.152+0000][info][gc,phases   ] GC(45)   Pre Evacuate Collection Set: 0.5ms
[2024-08-28T01:12:14.152+0000][info][gc,phases   ] GC(45)   Merge Heap Roots: 0.7ms
[2024-08-28T01:12:14.152+0000][info][gc,phases   ] GC(45)   Evacuate Collection Set: 15.3ms
[2024-08-28T01:12:14.152+0000][info][gc,phases   ] GC(45)   Post Evacuate Collection Set: 0.6ms
[2024-08-28T01:12:14.152+0000][info][gc,phases   ] GC(45)   Other: 0.3ms
[2024-08-28T01:12:14.152+0000][info][gc,heap     ] GC(45) Eden regions: 89->0(251)
[2024-08-28T01:12:14.152+0000][info][gc,heap     ] GC(45) Survivor regions: 13->13(13)
[2024-08-28T01:12:14.152+0000][info][gc,heap     ] GC(45) Old regions: 1118->1041
[2024-08-28T01:12:14.152+0000][info][gc,heap     ] GC(45) Archive regions: 2->2
[2024-08-28T01:12:14.152+0000][info][gc,heap     ] GC(45) Humongous regions: 5->5
[2024-08-28T01:12:14.152+0000][info][gc,metaspace] GC(45) Metaspace: 100K(320K)->100K(320K) NonClass: 96K(192K)->96K(192K) Class: 4K(128K)->4K(128K)
[2024-08-28T01:12:14.152+0000][info][gc          ] GC(45) Pause Young (Mixed) (G1 Evacuation Pause) 1225M->1059M(2048M) 17.371ms
[2024-08-28T01:12:14.153+0000][info][gc,cpu      ] GC(45) User=0.76s Sys=0.01s Real=0.02s
[2024-08-28T01:12:14.303+0000][info][gc,start    ] GC(46) Pause Young (Normal) (G1 Evacuation Pause)
[2024-08-28T01:12:14.303+0000][info][gc,task     ] GC(46) Using 49 workers of 68 for evacuation
[2024-08-28T01:12:14.340+0000][info][gc,phases   ] GC(46)   Pre Evacuate Collection Set: 0.4ms
[2024-08-28T01:12:14.340+0000][info][gc,phases   ] GC(46)   Merge Heap Roots: 1.1ms
[2024-08-28T01:12:14.340+0000][info][gc,phases   ] GC(46)   Evacuate Collection Set: 34.4ms
[2024-08-28T01:12:14.340+0000][info][gc,phases   ] GC(46)   Post Evacuate Collection Set: 0.7ms
[2024-08-28T01:12:14.340+0000][info][gc,phases   ] GC(46)   Other: 0.3ms
[2024-08-28T01:12:14.340+0000][info][gc,heap     ] GC(46) Eden regions: 251->0(172)
[2024-08-28T01:12:14.340+0000][info][gc,heap     ] GC(46) Survivor regions: 13->33(33)
[2024-08-28T01:12:14.340+0000][info][gc,heap     ] GC(46) Old regions: 1041->1266
[2024-08-28T01:12:14.340+0000][info][gc,heap     ] GC(46) Archive regions: 2->2
[2024-08-28T01:12:14.340+0000][info][gc,heap     ] GC(46) Humongous regions: 5->5
[2024-08-28T01:12:14.340+0000][info][gc,metaspace] GC(46) Metaspace: 100K(320K)->100K(320K) NonClass: 96K(192K)->96K(192K) Class: 4K(128K)->4K(128K)
[2024-08-28T01:12:14.340+0000][info][gc          ] GC(46) Pause Young (Normal) (G1 Evacuation Pause) 1310M->1304M(2048M) 36.823ms
[2024-08-28T01:12:14.340+0000][info][gc,cpu      ] GC(46) User=1.58s Sys=0.15s Real=0.04s
[2024-08-28T01:12:14.423+0000][info][gc,start    ] GC(47) Pause Young (Normal) (G1 Evacuation Pause)
[2024-08-28T01:12:14.423+0000][info][gc,task     ] GC(47) Using 49 workers of 68 for evacuation
[2024-08-28T01:12:14.455+0000][info][gc,phases   ] GC(47)   Pre Evacuate Collection Set: 0.3ms
[2024-08-28T01:12:14.455+0000][info][gc,phases   ] GC(47)   Merge Heap Roots: 1.0ms
[2024-08-28T01:12:14.455+0000][info][gc,phases   ] GC(47)   Evacuate Collection Set: 30.7ms
[2024-08-28T01:12:14.455+0000][info][gc,phases   ] GC(47)   Post Evacuate Collection Set: 0.5ms
[2024-08-28T01:12:14.455+0000][info][gc,phases   ] GC(47)   Other: 0.2ms
[2024-08-28T01:12:14.456+0000][info][gc,heap     ] GC(47) Eden regions: 172->0(115)
[2024-08-28T01:12:14.456+0000][info][gc,heap     ] GC(47) Survivor regions: 33->26(26)
[2024-08-28T01:12:14.456+0000][info][gc,heap     ] GC(47) Old regions: 1266->1448
[2024-08-28T01:12:14.456+0000][info][gc,heap     ] GC(47) Archive regions: 2->2
[2024-08-28T01:12:14.456+0000][info][gc,heap     ] GC(47) Humongous regions: 5->5
[2024-08-28T01:12:14.456+0000][info][gc,metaspace] GC(47) Metaspace: 100K(320K)->100K(320K) NonClass: 96K(192K)->96K(192K) Class: 4K(128K)->4K(128K)
[2024-08-28T01:12:14.456+0000][info][gc          ] GC(47) Pause Young (Normal) (G1 Evacuation Pause) 1476M->1479M(2048M) 32.792ms
[2024-08-28T01:12:14.456+0000][info][gc,cpu      ] GC(47) User=1.42s Sys=0.12s Real=0.03s
[2024-08-28T01:12:14.515+0000][info][gc,start    ] GC(48) Pause Young (Concurrent Start) (G1 Evacuation Pause)
[2024-08-28T01:12:14.515+0000][info][gc,task     ] GC(48) Using 49 workers of 68 for evacuation
[2024-08-28T01:12:14.541+0000][info][gc,phases   ] GC(48)   Pre Evacuate Collection Set: 0.6ms
[2024-08-28T01:12:14.541+0000][info][gc,phases   ] GC(48)   Merge Heap Roots: 0.9ms
[2024-08-28T01:12:14.541+0000][info][gc,phases   ] GC(48)   Evacuate Collection Set: 23.1ms
[2024-08-28T01:12:14.541+0000][info][gc,phases   ] GC(48)   Post Evacuate Collection Set: 0.6ms
[2024-08-28T01:12:14.541+0000][info][gc,phases   ] GC(48)   Other: 1.1ms
[2024-08-28T01:12:14.541+0000][info][gc,heap     ] GC(48) Eden regions: 115->0(84)
[2024-08-28T01:12:14.541+0000][info][gc,heap     ] GC(48) Survivor regions: 26->18(18)
[2024-08-28T01:12:14.541+0000][info][gc,heap     ] GC(48) Old regions: 1448->1578
[2024-08-28T01:12:14.541+0000][info][gc,heap     ] GC(48) Archive regions: 2->2
[2024-08-28T01:12:14.541+0000][info][gc,heap     ] GC(48) Humongous regions: 5->5
[2024-08-28T01:12:14.541+0000][info][gc,metaspace] GC(48) Metaspace: 100K(320K)->100K(320K) NonClass: 96K(192K)->96K(192K) Class: 4K(128K)->4K(128K)
[2024-08-28T01:12:14.541+0000][info][gc          ] GC(48) Pause Young (Concurrent Start) (G1 Evacuation Pause) 1594M->1601M(2048M) 26.307ms
[2024-08-28T01:12:14.541+0000][info][gc,cpu      ] GC(48) User=0.98s Sys=0.19s Real=0.03s
[2024-08-28T01:12:14.541+0000][info][gc          ] GC(49) Concurrent Mark Cycle
[2024-08-28T01:12:14.541+0000][info][gc,marking  ] GC(49) Concurrent Clear Claimed Marks
[2024-08-28T01:12:14.541+0000][info][gc,marking  ] GC(49) Concurrent Clear Claimed Marks 0.012ms
[2024-08-28T01:12:14.541+0000][info][gc,marking  ] GC(49) Concurrent Scan Root Regions
[2024-08-28T01:12:14.545+0000][info][gc,marking  ] GC(49) Concurrent Scan Root Regions 3.579ms
[2024-08-28T01:12:14.545+0000][info][gc,marking  ] GC(49) Concurrent Mark
[2024-08-28T01:12:14.545+0000][info][gc,marking  ] GC(49) Concurrent Mark From Roots
[2024-08-28T01:12:14.545+0000][info][gc,task     ] GC(49) Using 17 workers of 17 for marking
[2024-08-28T01:12:14.563+0000][info][gc,marking  ] GC(49) Concurrent Mark From Roots 18.713ms
[2024-08-28T01:12:14.563+0000][info][gc,marking  ] GC(49) Concurrent Preclean
[2024-08-28T01:12:14.565+0000][info][gc,marking  ] GC(49) Concurrent Preclean 1.899ms
[2024-08-28T01:12:14.566+0000][info][gc,start    ] GC(49) Pause Remark
[2024-08-28T01:12:14.568+0000][info][gc          ] GC(49) Pause Remark 1633M->1367M(2048M) 2.284ms
[2024-08-28T01:12:14.568+0000][info][gc,cpu      ] GC(49) User=0.01s Sys=0.00s Real=0.00s
[2024-08-28T01:12:14.568+0000][info][gc,marking  ] GC(49) Concurrent Mark 23.403ms
[2024-08-28T01:12:14.568+0000][info][gc,marking  ] GC(49) Concurrent Rebuild Remembered Sets
[2024-08-28T01:12:14.593+0000][info][gc,start    ] GC(50) Pause Young (Normal) (G1 Evacuation Pause)
[2024-08-28T01:12:14.593+0000][info][gc,task     ] GC(50) Using 49 workers of 68 for evacuation
[2024-08-28T01:12:14.612+0000][info][gc,phases   ] GC(50)   Pre Evacuate Collection Set: 0.4ms
[2024-08-28T01:12:14.612+0000][info][gc,phases   ] GC(50)   Merge Heap Roots: 0.7ms
[2024-08-28T01:12:14.612+0000][info][gc,phases   ] GC(50)   Evacuate Collection Set: 16.5ms
[2024-08-28T01:12:14.612+0000][info][gc,phases   ] GC(50)   Post Evacuate Collection Set: 0.8ms
[2024-08-28T01:12:14.612+0000][info][gc,phases   ] GC(50)   Other: 0.2ms
[2024-08-28T01:12:14.612+0000][info][gc,heap     ] GC(50) Eden regions: 84->0(132)
[2024-08-28T01:12:14.612+0000][info][gc,heap     ] GC(50) Survivor regions: 18->13(13)
[2024-08-28T01:12:14.612+0000][info][gc,heap     ] GC(50) Old regions: 1312->1409
[2024-08-28T01:12:14.612+0000][info][gc,heap     ] GC(50) Archive regions: 2->2
[2024-08-28T01:12:14.612+0000][info][gc,heap     ] GC(50) Humongous regions: 5->5
[2024-08-28T01:12:14.612+0000][info][gc,metaspace] GC(50) Metaspace: 100K(320K)->100K(320K) NonClass: 96K(192K)->96K(192K) Class: 4K(128K)->4K(128K)
[2024-08-28T01:12:14.612+0000][info][gc          ] GC(50) Pause Young (Normal) (G1 Evacuation Pause) 1419M->1427M(2048M) 18.640ms
[2024-08-28T01:12:14.612+0000][info][gc,cpu      ] GC(50) User=0.84s Sys=0.00s Real=0.02s
[2024-08-28T01:12:14.637+0000][info][gc,marking  ] GC(49) Concurrent Rebuild Remembered Sets 69.333ms
[2024-08-28T01:12:14.638+0000][info][gc,start    ] GC(49) Pause Cleanup
[2024-08-28T01:12:14.642+0000][info][gc          ] GC(49) Pause Cleanup 1477M->1477M(2048M) 4.429ms
[2024-08-28T01:12:14.642+0000][info][gc,cpu      ] GC(49) User=0.01s Sys=0.00s Real=0.00s
[2024-08-28T01:12:14.642+0000][info][gc,marking  ] GC(49) Concurrent Cleanup for Next Mark
[2024-08-28T01:12:14.645+0000][info][gc,marking  ] GC(49) Concurrent Cleanup for Next Mark 2.238ms
[2024-08-28T01:12:14.645+0000][info][gc          ] GC(49) Concurrent Mark Cycle 103.692ms
[2024-08-28T01:12:14.686+0000][info][gc,start    ] GC(51) Pause Young (Prepare Mixed) (G1 Evacuation Pause)
[2024-08-28T01:12:14.686+0000][info][gc,task     ] GC(51) Using 49 workers of 68 for evacuation
[2024-08-28T01:12:14.710+0000][info][gc,phases   ] GC(51)   Pre Evacuate Collection Set: 0.4ms
[2024-08-28T01:12:14.710+0000][info][gc,phases   ] GC(51)   Merge Heap Roots: 0.7ms
[2024-08-28T01:12:14.710+0000][info][gc,phases   ] GC(51)   Evacuate Collection Set: 22.4ms
[2024-08-28T01:12:14.710+0000][info][gc,phases   ] GC(51)   Post Evacuate Collection Set: 0.6ms
[2024-08-28T01:12:14.710+0000][info][gc,phases   ] GC(51)   Other: 0.3ms
[2024-08-28T01:12:14.710+0000][info][gc,heap     ] GC(51) Eden regions: 132->0(83)
[2024-08-28T01:12:14.710+0000][info][gc,heap     ] GC(51) Survivor regions: 13->19(19)
[2024-08-28T01:12:14.710+0000][info][gc,heap     ] GC(51) Old regions: 1409->1538
[2024-08-28T01:12:14.710+0000][info][gc,heap     ] GC(51) Archive regions: 2->2
[2024-08-28T01:12:14.710+0000][info][gc,heap     ] GC(51) Humongous regions: 5->5
[2024-08-28T01:12:14.710+0000][info][gc,metaspace] GC(51) Metaspace: 100K(320K)->100K(320K) NonClass: 96K(192K)->96K(192K) Class: 4K(128K)->4K(128K)
[2024-08-28T01:12:14.710+0000][info][gc          ] GC(51) Pause Young (Prepare Mixed) (G1 Evacuation Pause) 1559M->1562M(2048M) 24.478ms
[2024-08-28T01:12:14.710+0000][info][gc,cpu      ] GC(51) User=1.09s Sys=0.03s Real=0.03s
[2024-08-28T01:12:14.752+0000][info][gc,start    ] GC(52) Pause Young (Mixed) (G1 Evacuation Pause)
[2024-08-28T01:12:14.752+0000][info][gc,task     ] GC(52) Using 49 workers of 68 for evacuation
[2024-08-28T01:12:14.770+0000][info][gc,phases   ] GC(52)   Pre Evacuate Collection Set: 0.4ms
[2024-08-28T01:12:14.770+0000][info][gc,phases   ] GC(52)   Merge Heap Roots: 0.8ms
[2024-08-28T01:12:14.770+0000][info][gc,phases   ] GC(52)   Evacuate Collection Set: 16.6ms
[2024-08-28T01:12:14.770+0000][info][gc,phases   ] GC(52)   Post Evacuate Collection Set: 0.6ms
[2024-08-28T01:12:14.770+0000][info][gc,phases   ] GC(52)   Other: 0.3ms
[2024-08-28T01:12:14.770+0000][info][gc,heap     ] GC(52) Eden regions: 83->0(89)
[2024-08-28T01:12:14.770+0000][info][gc,heap     ] GC(52) Survivor regions: 19->13(13)
[2024-08-28T01:12:14.770+0000][info][gc,heap     ] GC(52) Old regions: 1538->1328
[2024-08-28T01:12:14.770+0000][info][gc,heap     ] GC(52) Archive regions: 2->2
[2024-08-28T01:12:14.770+0000][info][gc,heap     ] GC(52) Humongous regions: 5->5
[2024-08-28T01:12:14.770+0000][info][gc,metaspace] GC(52) Metaspace: 100K(320K)->100K(320K) NonClass: 96K(192K)->96K(192K) Class: 4K(128K)->4K(128K)
[2024-08-28T01:12:14.770+0000][info][gc          ] GC(52) Pause Young (Mixed) (G1 Evacuation Pause) 1645M->1346M(2048M) 18.800ms
[2024-08-28T01:12:14.770+0000][info][gc,cpu      ] GC(52) User=0.78s Sys=0.06s Real=0.02s
[2024-08-28T01:12:14.815+0000][info][gc,start    ] GC(53) Pause Young (Mixed) (G1 Evacuation Pause)
[2024-08-28T01:12:14.815+0000][info][gc,task     ] GC(53) Using 49 workers of 68 for evacuation
[2024-08-28T01:12:14.832+0000][info][gc,phases   ] GC(53)   Pre Evacuate Collection Set: 0.4ms
[2024-08-28T01:12:14.832+0000][info][gc,phases   ] GC(53)   Merge Heap Roots: 0.5ms
[2024-08-28T01:12:14.832+0000][info][gc,phases   ] GC(53)   Evacuate Collection Set: 15.5ms
[2024-08-28T01:12:14.832+0000][info][gc,phases   ] GC(53)   Post Evacuate Collection Set: 0.7ms
[2024-08-28T01:12:14.832+0000][info][gc,phases   ] GC(53)   Other: 0.3ms
[2024-08-28T01:12:14.832+0000][info][gc,heap     ] GC(53) Eden regions: 89->0(89)
[2024-08-28T01:12:14.832+0000][info][gc,heap     ] GC(53) Survivor regions: 13->13(13)
[2024-08-28T01:12:14.832+0000][info][gc,heap     ] GC(53) Old regions: 1328->1114
[2024-08-28T01:12:14.832+0000][info][gc,heap     ] GC(53) Archive regions: 2->2
[2024-08-28T01:12:14.832+0000][info][gc,heap     ] GC(53) Humongous regions: 5->5
[2024-08-28T01:12:14.832+0000][info][gc,metaspace] GC(53) Metaspace: 100K(320K)->100K(320K) NonClass: 96K(192K)->96K(192K) Class: 4K(128K)->4K(128K)
[2024-08-28T01:12:14.832+0000][info][gc          ] GC(53) Pause Young (Mixed) (G1 Evacuation Pause) 1435M->1132M(2048M) 17.458ms
[2024-08-28T01:12:14.832+0000][info][gc,cpu      ] GC(53) User=0.77s Sys=0.00s Real=0.02s
[2024-08-28T01:12:14.876+0000][info][gc,start    ] GC(54) Pause Young (Mixed) (G1 Evacuation Pause)
[2024-08-28T01:12:14.876+0000][info][gc,task     ] GC(54) Using 49 workers of 68 for evacuation
[2024-08-28T01:12:14.893+0000][info][gc,phases   ] GC(54)   Pre Evacuate Collection Set: 0.4ms
[2024-08-28T01:12:14.893+0000][info][gc,phases   ] GC(54)   Merge Heap Roots: 0.7ms
[2024-08-28T01:12:14.893+0000][info][gc,phases   ] GC(54)   Evacuate Collection Set: 15.1ms
[2024-08-28T01:12:14.893+0000][info][gc,phases   ] GC(54)   Post Evacuate Collection Set: 0.5ms
[2024-08-28T01:12:14.893+0000][info][gc,phases   ] GC(54)   Other: 0.2ms
[2024-08-28T01:12:14.893+0000][info][gc,heap     ] GC(54) Eden regions: 89->0(250)
[2024-08-28T01:12:14.893+0000][info][gc,heap     ] GC(54) Survivor regions: 13->13(13)
[2024-08-28T01:12:14.893+0000][info][gc,heap     ] GC(54) Old regions: 1114->1044
[2024-08-28T01:12:14.893+0000][info][gc,heap     ] GC(54) Archive regions: 2->2
[2024-08-28T01:12:14.893+0000][info][gc,heap     ] GC(54) Humongous regions: 5->5
[2024-08-28T01:12:14.893+0000][info][gc,metaspace] GC(54) Metaspace: 100K(320K)->100K(320K) NonClass: 96K(192K)->96K(192K) Class: 4K(128K)->4K(128K)
[2024-08-28T01:12:14.893+0000][info][gc          ] GC(54) Pause Young (Mixed) (G1 Evacuation Pause) 1221M->1062M(2048M) 17.004ms
[2024-08-28T01:12:14.893+0000][info][gc,cpu      ] GC(54) User=0.77s Sys=0.00s Real=0.02s
[2024-08-28T01:12:15.013+0000][info][gc,start    ] GC(55) Pause Young (Normal) (G1 Evacuation Pause)
[2024-08-28T01:12:15.013+0000][info][gc,task     ] GC(55) Using 49 workers of 68 for evacuation
[2024-08-28T01:12:15.049+0000][info][gc,phases   ] GC(55)   Pre Evacuate Collection Set: 0.3ms
[2024-08-28T01:12:15.049+0000][info][gc,phases   ] GC(55)   Merge Heap Roots: 1.1ms
[2024-08-28T01:12:15.049+0000][info][gc,phases   ] GC(55)   Evacuate Collection Set: 34.3ms
[2024-08-28T01:12:15.049+0000][info][gc,phases   ] GC(55)   Post Evacuate Collection Set: 0.6ms
[2024-08-28T01:12:15.049+0000][info][gc,phases   ] GC(55)   Other: 0.2ms
[2024-08-28T01:12:15.049+0000][info][gc,heap     ] GC(55) Eden regions: 250->0(171)
[2024-08-28T01:12:15.049+0000][info][gc,heap     ] GC(55) Survivor regions: 13->33(33)
[2024-08-28T01:12:15.049+0000][info][gc,heap     ] GC(55) Old regions: 1044->1269
[2024-08-28T01:12:15.049+0000][info][gc,heap     ] GC(55) Archive regions: 2->2
[2024-08-28T01:12:15.049+0000][info][gc,heap     ] GC(55) Humongous regions: 5->5
[2024-08-28T01:12:15.049+0000][info][gc,metaspace] GC(55) Metaspace: 100K(320K)->100K(320K) NonClass: 96K(192K)->96K(192K) Class: 4K(128K)->4K(128K)
[2024-08-28T01:12:15.049+0000][info][gc          ] GC(55) Pause Young (Normal) (G1 Evacuation Pause) 1312M->1307M(2048M) 36.645ms
[2024-08-28T01:12:15.049+0000][info][gc,cpu      ] GC(55) User=1.67s Sys=0.05s Real=0.03s
[2024-08-28T01:12:15.132+0000][info][gc,start    ] GC(56) Pause Young (Normal) (G1 Evacuation Pause)
[2024-08-28T01:12:15.132+0000][info][gc,task     ] GC(56) Using 49 workers of 68 for evacuation
[2024-08-28T01:12:15.163+0000][info][gc,phases   ] GC(56)   Pre Evacuate Collection Set: 0.3ms
[2024-08-28T01:12:15.163+0000][info][gc,phases   ] GC(56)   Merge Heap Roots: 1.0ms
[2024-08-28T01:12:15.163+0000][info][gc,phases   ] GC(56)   Evacuate Collection Set: 29.5ms
[2024-08-28T01:12:15.163+0000][info][gc,phases   ] GC(56)   Post Evacuate Collection Set: 0.5ms
[2024-08-28T01:12:15.163+0000][info][gc,phases   ] GC(56)   Other: 0.2ms
[2024-08-28T01:12:15.163+0000][info][gc,heap     ] GC(56) Eden regions: 171->0(115)
[2024-08-28T01:12:15.163+0000][info][gc,heap     ] GC(56) Survivor regions: 33->26(26)
[2024-08-28T01:12:15.163+0000][info][gc,heap     ] GC(56) Old regions: 1269->1448
[2024-08-28T01:12:15.163+0000][info][gc,heap     ] GC(56) Archive regions: 2->2
[2024-08-28T01:12:15.164+0000][info][gc,heap     ] GC(56) Humongous regions: 5->5
[2024-08-28T01:12:15.164+0000][info][gc,metaspace] GC(56) Metaspace: 100K(320K)->100K(320K) NonClass: 96K(192K)->96K(192K) Class: 4K(128K)->4K(128K)
[2024-08-28T01:12:15.164+0000][info][gc          ] GC(56) Pause Young (Normal) (G1 Evacuation Pause) 1478M->1479M(2048M) 31.688ms
[2024-08-28T01:12:15.164+0000][info][gc,cpu      ] GC(56) User=1.49s Sys=0.01s Real=0.03s
[2024-08-28T01:12:15.220+0000][info][gc,start    ] GC(57) Pause Young (Concurrent Start) (G1 Evacuation Pause)
[2024-08-28T01:12:15.220+0000][info][gc,task     ] GC(57) Using 49 workers of 68 for evacuation
[2024-08-28T01:12:15.244+0000][info][gc,phases   ] GC(57)   Pre Evacuate Collection Set: 0.3ms
[2024-08-28T01:12:15.244+0000][info][gc,phases   ] GC(57)   Merge Heap Roots: 0.9ms
[2024-08-28T01:12:15.244+0000][info][gc,phases   ] GC(57)   Evacuate Collection Set: 22.0ms
[2024-08-28T01:12:15.244+0000][info][gc,phases   ] GC(57)   Post Evacuate Collection Set: 0.5ms
[2024-08-28T01:12:15.244+0000][info][gc,phases   ] GC(57)   Other: 0.7ms
[2024-08-28T01:12:15.244+0000][info][gc,heap     ] GC(57) Eden regions: 115->0(84)
[2024-08-28T01:12:15.245+0000][info][gc,heap     ] GC(57) Survivor regions: 26->18(18)
[2024-08-28T01:12:15.245+0000][info][gc,heap     ] GC(57) Old regions: 1448->1580
[2024-08-28T01:12:15.245+0000][info][gc,heap     ] GC(57) Archive regions: 2->2
[2024-08-28T01:12:15.245+0000][info][gc,heap     ] GC(57) Humongous regions: 5->5
[2024-08-28T01:12:15.245+0000][info][gc,metaspace] GC(57) Metaspace: 100K(320K)->100K(320K) NonClass: 96K(192K)->96K(192K) Class: 4K(128K)->4K(128K)
[2024-08-28T01:12:15.245+0000][info][gc          ] GC(57) Pause Young (Concurrent Start) (G1 Evacuation Pause) 1594M->1603M(2048M) 24.500ms
[2024-08-28T01:12:15.245+0000][info][gc,cpu      ] GC(57) User=1.09s Sys=0.02s Real=0.02s
[2024-08-28T01:12:15.245+0000][info][gc          ] GC(58) Concurrent Mark Cycle
[2024-08-28T01:12:15.245+0000][info][gc,marking  ] GC(58) Concurrent Clear Claimed Marks
[2024-08-28T01:12:15.245+0000][info][gc,marking  ] GC(58) Concurrent Clear Claimed Marks 0.011ms
[2024-08-28T01:12:15.245+0000][info][gc,marking  ] GC(58) Concurrent Scan Root Regions
[2024-08-28T01:12:15.248+0000][info][gc,marking  ] GC(58) Concurrent Scan Root Regions 3.746ms
[2024-08-28T01:12:15.248+0000][info][gc,marking  ] GC(58) Concurrent Mark
[2024-08-28T01:12:15.248+0000][info][gc,marking  ] GC(58) Concurrent Mark From Roots
[2024-08-28T01:12:15.248+0000][info][gc,task     ] GC(58) Using 17 workers of 17 for marking
[2024-08-28T01:12:15.266+0000][info][gc,marking  ] GC(58) Concurrent Mark From Roots 17.998ms
[2024-08-28T01:12:15.267+0000][info][gc,marking  ] GC(58) Concurrent Preclean
[2024-08-28T01:12:15.268+0000][info][gc,marking  ] GC(58) Concurrent Preclean 1.585ms
[2024-08-28T01:12:15.269+0000][info][gc,start    ] GC(58) Pause Remark
[2024-08-28T01:12:15.271+0000][info][gc          ] GC(58) Pause Remark 1634M->1381M(2048M) 2.177ms
[2024-08-28T01:12:15.271+0000][info][gc,cpu      ] GC(58) User=0.01s Sys=0.00s Real=0.01s
[2024-08-28T01:12:15.271+0000][info][gc,marking  ] GC(58) Concurrent Mark 22.314ms
[2024-08-28T01:12:15.271+0000][info][gc,marking  ] GC(58) Concurrent Rebuild Remembered Sets
[2024-08-28T01:12:15.298+0000][info][gc,start    ] GC(59) Pause Young (Normal) (G1 Evacuation Pause)
[2024-08-28T01:12:15.298+0000][info][gc,task     ] GC(59) Using 49 workers of 68 for evacuation
[2024-08-28T01:12:15.315+0000][info][gc,phases   ] GC(59)   Pre Evacuate Collection Set: 0.4ms
[2024-08-28T01:12:15.316+0000][info][gc,phases   ] GC(59)   Merge Heap Roots: 0.8ms
[2024-08-28T01:12:15.316+0000][info][gc,phases   ] GC(59)   Evacuate Collection Set: 15.6ms
[2024-08-28T01:12:15.316+0000][info][gc,phases   ] GC(59)   Post Evacuate Collection Set: 0.8ms
[2024-08-28T01:12:15.316+0000][info][gc,phases   ] GC(59)   Other: 0.3ms
[2024-08-28T01:12:15.316+0000][info][gc,heap     ] GC(59) Eden regions: 84->0(126)
[2024-08-28T01:12:15.316+0000][info][gc,heap     ] GC(59) Survivor regions: 18->13(13)
[2024-08-28T01:12:15.316+0000][info][gc,heap     ] GC(59) Old regions: 1327->1426
[2024-08-28T01:12:15.316+0000][info][gc,heap     ] GC(59) Archive regions: 2->2
[2024-08-28T01:12:15.316+0000][info][gc,heap     ] GC(59) Humongous regions: 5->5
[2024-08-28T01:12:15.316+0000][info][gc,metaspace] GC(59) Metaspace: 100K(320K)->100K(320K) NonClass: 96K(192K)->96K(192K) Class: 4K(128K)->4K(128K)
[2024-08-28T01:12:15.316+0000][info][gc          ] GC(59) Pause Young (Normal) (G1 Evacuation Pause) 1434M->1444M(2048M) 17.806ms
[2024-08-28T01:12:15.316+0000][info][gc,cpu      ] GC(59) User=0.81s Sys=0.00s Real=0.01s
[2024-08-28T01:12:15.338+0000][info][gc,marking  ] GC(58) Concurrent Rebuild Remembered Sets 67.568ms
[2024-08-28T01:12:15.339+0000][info][gc,start    ] GC(58) Pause Cleanup
[2024-08-28T01:12:15.342+0000][info][gc          ] GC(58) Pause Cleanup 1487M->1487M(2048M) 3.356ms
[2024-08-28T01:12:15.342+0000][info][gc,cpu      ] GC(58) User=0.01s Sys=0.00s Real=0.00s
[2024-08-28T01:12:15.342+0000][info][gc,marking  ] GC(58) Concurrent Cleanup for Next Mark
[2024-08-28T01:12:15.344+0000][info][gc,marking  ] GC(58) Concurrent Cleanup for Next Mark 1.625ms
[2024-08-28T01:12:15.344+0000][info][gc          ] GC(58) Concurrent Mark Cycle 99.195ms
[2024-08-28T01:12:15.385+0000][info][gc,start    ] GC(60) Pause Young (Prepare Mixed) (G1 Evacuation Pause)
[2024-08-28T01:12:15.385+0000][info][gc,task     ] GC(60) Using 49 workers of 68 for evacuation
[2024-08-28T01:12:15.409+0000][info][gc,phases   ] GC(60)   Pre Evacuate Collection Set: 0.3ms
[2024-08-28T01:12:15.409+0000][info][gc,phases   ] GC(60)   Merge Heap Roots: 0.8ms
[2024-08-28T01:12:15.410+0000][info][gc,phases   ] GC(60)   Evacuate Collection Set: 22.4ms
[2024-08-28T01:12:15.410+0000][info][gc,phases   ] GC(60)   Post Evacuate Collection Set: 0.5ms
[2024-08-28T01:12:15.410+0000][info][gc,phases   ] GC(60)   Other: 0.2ms
[2024-08-28T01:12:15.410+0000][info][gc,heap     ] GC(60) Eden regions: 126->0(84)
[2024-08-28T01:12:15.410+0000][info][gc,heap     ] GC(60) Survivor regions: 13->18(18)
[2024-08-28T01:12:15.410+0000][info][gc,heap     ] GC(60) Old regions: 1426->1550
[2024-08-28T01:12:15.410+0000][info][gc,heap     ] GC(60) Archive regions: 2->2
[2024-08-28T01:12:15.410+0000][info][gc,heap     ] GC(60) Humongous regions: 5->5
[2024-08-28T01:12:15.410+0000][info][gc,metaspace] GC(60) Metaspace: 100K(320K)->100K(320K) NonClass: 96K(192K)->96K(192K) Class: 4K(128K)->4K(128K)
[2024-08-28T01:12:15.410+0000][info][gc          ] GC(60) Pause Young (Prepare Mixed) (G1 Evacuation Pause) 1570M->1573M(2048M) 24.321ms
[2024-08-28T01:12:15.410+0000][info][gc,cpu      ] GC(60) User=1.10s Sys=0.03s Real=0.03s
[2024-08-28T01:12:15.451+0000][info][gc,start    ] GC(61) Pause Young (Mixed) (G1 Evacuation Pause)
[2024-08-28T01:12:15.451+0000][info][gc,task     ] GC(61) Using 49 workers of 68 for evacuation
[2024-08-28T01:12:15.470+0000][info][gc,phases   ] GC(61)   Pre Evacuate Collection Set: 0.4ms
[2024-08-28T01:12:15.470+0000][info][gc,phases   ] GC(61)   Merge Heap Roots: 0.7ms
[2024-08-28T01:12:15.470+0000][info][gc,phases   ] GC(61)   Evacuate Collection Set: 16.3ms
[2024-08-28T01:12:15.470+0000][info][gc,phases   ] GC(61)   Post Evacuate Collection Set: 0.6ms
[2024-08-28T01:12:15.470+0000][info][gc,phases   ] GC(61)   Other: 0.3ms
[2024-08-28T01:12:15.470+0000][info][gc,heap     ] GC(61) Eden regions: 84->0(89)
[2024-08-28T01:12:15.470+0000][info][gc,heap     ] GC(61) Survivor regions: 18->13(13)
[2024-08-28T01:12:15.470+0000][info][gc,heap     ] GC(61) Old regions: 1550->1338
[2024-08-28T01:12:15.470+0000][info][gc,heap     ] GC(61) Archive regions: 2->2
[2024-08-28T01:12:15.470+0000][info][gc,heap     ] GC(61) Humongous regions: 5->5
[2024-08-28T01:12:15.470+0000][info][gc,metaspace] GC(61) Metaspace: 100K(320K)->100K(320K) NonClass: 96K(192K)->96K(192K) Class: 4K(128K)->4K(128K)
[2024-08-28T01:12:15.470+0000][info][gc          ] GC(61) Pause Young (Mixed) (G1 Evacuation Pause) 1657M->1356M(2048M) 18.396ms
[2024-08-28T01:12:15.470+0000][info][gc,cpu      ] GC(61) User=0.81s Sys=0.02s Real=0.02s
[2024-08-28T01:12:15.514+0000][info][gc,start    ] GC(62) Pause Young (Mixed) (G1 Evacuation Pause)
[2024-08-28T01:12:15.514+0000][info][gc,task     ] GC(62) Using 49 workers of 68 for evacuation
[2024-08-28T01:12:15.532+0000][info][gc,phases   ] GC(62)   Pre Evacuate Collection Set: 0.4ms
[2024-08-28T01:12:15.532+0000][info][gc,phases   ] GC(62)   Merge Heap Roots: 0.5ms
[2024-08-28T01:12:15.532+0000][info][gc,phases   ] GC(62)   Evacuate Collection Set: 15.6ms
[2024-08-28T01:12:15.532+0000][info][gc,phases   ] GC(62)   Post Evacuate Collection Set: 0.7ms
[2024-08-28T01:12:15.532+0000][info][gc,phases   ] GC(62)   Other: 0.3ms
[2024-08-28T01:12:15.532+0000][info][gc,heap     ] GC(62) Eden regions: 89->0(89)
[2024-08-28T01:12:15.532+0000][info][gc,heap     ] GC(62) Survivor regions: 13->13(13)
[2024-08-28T01:12:15.532+0000][info][gc,heap     ] GC(62) Old regions: 1338->1124
[2024-08-28T01:12:15.532+0000][info][gc,heap     ] GC(62) Archive regions: 2->2
[2024-08-28T01:12:15.532+0000][info][gc,heap     ] GC(62) Humongous regions: 5->5
[2024-08-28T01:12:15.532+0000][info][gc,metaspace] GC(62) Metaspace: 100K(320K)->100K(320K) NonClass: 96K(192K)->96K(192K) Class: 4K(128K)->4K(128K)
[2024-08-28T01:12:15.532+0000][info][gc          ] GC(62) Pause Young (Mixed) (G1 Evacuation Pause) 1445M->1142M(2048M) 17.478ms
[2024-08-28T01:12:15.532+0000][info][gc,cpu      ] GC(62) User=0.78s Sys=0.00s Real=0.02s
[2024-08-28T01:12:15.575+0000][info][gc,start    ] GC(63) Pause Young (Mixed) (G1 Evacuation Pause)
[2024-08-28T01:12:15.575+0000][info][gc,task     ] GC(63) Using 49 workers of 68 for evacuation
[2024-08-28T01:12:15.592+0000][info][gc,phases   ] GC(63)   Pre Evacuate Collection Set: 0.4ms
[2024-08-28T01:12:15.592+0000][info][gc,phases   ] GC(63)   Merge Heap Roots: 0.7ms
[2024-08-28T01:12:15.592+0000][info][gc,phases   ] GC(63)   Evacuate Collection Set: 15.2ms
[2024-08-28T01:12:15.592+0000][info][gc,phases   ] GC(63)   Post Evacuate Collection Set: 0.6ms
[2024-08-28T01:12:15.592+0000][info][gc,phases   ] GC(63)   Other: 0.2ms
[2024-08-28T01:12:15.592+0000][info][gc,heap     ] GC(63) Eden regions: 89->0(251)
[2024-08-28T01:12:15.592+0000][info][gc,heap     ] GC(63) Survivor regions: 13->13(13)
[2024-08-28T01:12:15.592+0000][info][gc,heap     ] GC(63) Old regions: 1124->1041
[2024-08-28T01:12:15.592+0000][info][gc,heap     ] GC(63) Archive regions: 2->2
[2024-08-28T01:12:15.592+0000][info][gc,heap     ] GC(63) Humongous regions: 5->5
[2024-08-28T01:12:15.592+0000][info][gc,metaspace] GC(63) Metaspace: 100K(320K)->100K(320K) NonClass: 96K(192K)->96K(192K) Class: 4K(128K)->4K(128K)
[2024-08-28T01:12:15.592+0000][info][gc          ] GC(63) Pause Young (Mixed) (G1 Evacuation Pause) 1231M->1059M(2048M) 17.154ms
[2024-08-28T01:12:15.592+0000][info][gc,cpu      ] GC(63) User=0.77s Sys=0.00s Real=0.02s
[2024-08-28T01:12:15.713+0000][info][gc,start    ] GC(64) Pause Young (Normal) (G1 Evacuation Pause)
[2024-08-28T01:12:15.713+0000][info][gc,task     ] GC(64) Using 49 workers of 68 for evacuation
[2024-08-28T01:12:15.750+0000][info][gc,phases   ] GC(64)   Pre Evacuate Collection Set: 0.5ms
[2024-08-28T01:12:15.750+0000][info][gc,phases   ] GC(64)   Merge Heap Roots: 1.3ms
[2024-08-28T01:12:15.750+0000][info][gc,phases   ] GC(64)   Evacuate Collection Set: 34.6ms
[2024-08-28T01:12:15.750+0000][info][gc,phases   ] GC(64)   Post Evacuate Collection Set: 0.6ms
[2024-08-28T01:12:15.750+0000][info][gc,phases   ] GC(64)   Other: 0.3ms
[2024-08-28T01:12:15.750+0000][info][gc,heap     ] GC(64) Eden regions: 251->0(171)
[2024-08-28T01:12:15.750+0000][info][gc,heap     ] GC(64) Survivor regions: 13->33(33)
[2024-08-28T01:12:15.750+0000][info][gc,heap     ] GC(64) Old regions: 1041->1268
[2024-08-28T01:12:15.750+0000][info][gc,heap     ] GC(64) Archive regions: 2->2
[2024-08-28T01:12:15.750+0000][info][gc,heap     ] GC(64) Humongous regions: 5->5
[2024-08-28T01:12:15.750+0000][info][gc,metaspace] GC(64) Metaspace: 100K(320K)->100K(320K) NonClass: 96K(192K)->96K(192K) Class: 4K(128K)->4K(128K)
[2024-08-28T01:12:15.750+0000][info][gc          ] GC(64) Pause Young (Normal) (G1 Evacuation Pause) 1310M->1306M(2048M) 37.346ms
[2024-08-28T01:12:15.750+0000][info][gc,cpu      ] GC(64) User=1.70s Sys=0.02s Real=0.04s
[2024-08-28T01:12:15.838+0000][info][gc,start    ] GC(65) Pause Young (Normal) (G1 Evacuation Pause)
[2024-08-28T01:12:15.838+0000][info][gc,task     ] GC(65) Using 49 workers of 68 for evacuation
[2024-08-28T01:12:15.869+0000][info][gc,phases   ] GC(65)   Pre Evacuate Collection Set: 0.4ms
[2024-08-28T01:12:15.869+0000][info][gc,phases   ] GC(65)   Merge Heap Roots: 0.9ms
[2024-08-28T01:12:15.869+0000][info][gc,phases   ] GC(65)   Evacuate Collection Set: 29.2ms
[2024-08-28T01:12:15.869+0000][info][gc,phases   ] GC(65)   Post Evacuate Collection Set: 0.5ms
[2024-08-28T01:12:15.869+0000][info][gc,phases   ] GC(65)   Other: 0.2ms
[2024-08-28T01:12:15.869+0000][info][gc,heap     ] GC(65) Eden regions: 171->0(115)
[2024-08-28T01:12:15.869+0000][info][gc,heap     ] GC(65) Survivor regions: 33->26(26)
[2024-08-28T01:12:15.869+0000][info][gc,heap     ] GC(65) Old regions: 1268->1448
[2024-08-28T01:12:15.869+0000][info][gc,heap     ] GC(65) Archive regions: 2->2
[2024-08-28T01:12:15.869+0000][info][gc,heap     ] GC(65) Humongous regions: 5->5
[2024-08-28T01:12:15.869+0000][info][gc,metaspace] GC(65) Metaspace: 100K(320K)->100K(320K) NonClass: 96K(192K)->96K(192K) Class: 4K(128K)->4K(128K)
[2024-08-28T01:12:15.869+0000][info][gc          ] GC(65) Pause Young (Normal) (G1 Evacuation Pause) 1477M->1479M(2048M) 31.333ms
[2024-08-28T01:12:15.869+0000][info][gc,cpu      ] GC(65) User=1.42s Sys=0.02s Real=0.02s
[2024-08-28T01:12:15.936+0000][info][gc,start    ] GC(66) Pause Young (Concurrent Start) (G1 Evacuation Pause)
[2024-08-28T01:12:15.936+0000][info][gc,task     ] GC(66) Using 49 workers of 68 for evacuation
[2024-08-28T01:12:15.959+0000][info][gc,phases   ] GC(66)   Pre Evacuate Collection Set: 0.3ms
[2024-08-28T01:12:15.959+0000][info][gc,phases   ] GC(66)   Merge Heap Roots: 0.9ms
[2024-08-28T01:12:15.959+0000][info][gc,phases   ] GC(66)   Evacuate Collection Set: 21.5ms
[2024-08-28T01:12:15.959+0000][info][gc,phases   ] GC(66)   Post Evacuate Collection Set: 0.5ms
[2024-08-28T01:12:15.959+0000][info][gc,phases   ] GC(66)   Other: 0.5ms
[2024-08-28T01:12:15.959+0000][info][gc,heap     ] GC(66) Eden regions: 115->0(84)
[2024-08-28T01:12:15.959+0000][info][gc,heap     ] GC(66) Survivor regions: 26->18(18)
[2024-08-28T01:12:15.959+0000][info][gc,heap     ] GC(66) Old regions: 1448->1578
[2024-08-28T01:12:15.959+0000][info][gc,heap     ] GC(66) Archive regions: 2->2
[2024-08-28T01:12:15.959+0000][info][gc,heap     ] GC(66) Humongous regions: 5->5
[2024-08-28T01:12:15.959+0000][info][gc,metaspace] GC(66) Metaspace: 100K(320K)->100K(320K) NonClass: 96K(192K)->96K(192K) Class: 4K(128K)->4K(128K)
[2024-08-28T01:12:15.959+0000][info][gc          ] GC(66) Pause Young (Concurrent Start) (G1 Evacuation Pause) 1594M->1601M(2048M) 23.839ms
[2024-08-28T01:12:15.959+0000][info][gc,cpu      ] GC(66) User=1.09s Sys=0.00s Real=0.03s
[2024-08-28T01:12:15.959+0000][info][gc          ] GC(67) Concurrent Mark Cycle
[2024-08-28T01:12:15.959+0000][info][gc,marking  ] GC(67) Concurrent Clear Claimed Marks
[2024-08-28T01:12:15.959+0000][info][gc,marking  ] GC(67) Concurrent Clear Claimed Marks 0.011ms
[2024-08-28T01:12:15.960+0000][info][gc,marking  ] GC(67) Concurrent Scan Root Regions
[2024-08-28T01:12:15.963+0000][info][gc,marking  ] GC(67) Concurrent Scan Root Regions 3.647ms
[2024-08-28T01:12:15.963+0000][info][gc,marking  ] GC(67) Concurrent Mark
[2024-08-28T01:12:15.963+0000][info][gc,marking  ] GC(67) Concurrent Mark From Roots
[2024-08-28T01:12:15.963+0000][info][gc,task     ] GC(67) Using 17 workers of 17 for marking
[2024-08-28T01:12:15.982+0000][info][gc,marking  ] GC(67) Concurrent Mark From Roots 18.930ms
[2024-08-28T01:12:15.982+0000][info][gc,marking  ] GC(67) Concurrent Preclean
[2024-08-28T01:12:15.983+0000][info][gc,marking  ] GC(67) Concurrent Preclean 1.224ms
[2024-08-28T01:12:15.984+0000][info][gc,start    ] GC(67) Pause Remark
[2024-08-28T01:12:15.986+0000][info][gc          ] GC(67) Pause Remark 1624M->1384M(2048M) 2.353ms
[2024-08-28T01:12:15.986+0000][info][gc,cpu      ] GC(67) User=0.01s Sys=0.00s Real=0.00s
[2024-08-28T01:12:15.986+0000][info][gc,marking  ] GC(67) Concurrent Mark 23.113ms
[2024-08-28T01:12:15.986+0000][info][gc,marking  ] GC(67) Concurrent Rebuild Remembered Sets
[2024-08-28T01:12:16.035+0000][info][gc,marking  ] GC(67) Concurrent Rebuild Remembered Sets 49.044ms
[2024-08-28T01:12:16.036+0000][info][gc,start    ] GC(67) Pause Cleanup
[2024-08-28T01:12:16.041+0000][info][gc          ] GC(67) Pause Cleanup 1438M->1438M(2048M) 5.384ms
[2024-08-28T01:12:16.041+0000][info][gc,cpu      ] GC(67) User=0.01s Sys=0.00s Real=0.01s
[2024-08-28T01:12:16.041+0000][info][gc,marking  ] GC(67) Concurrent Cleanup for Next Mark
[2024-08-28T01:12:16.043+0000][info][gc,marking  ] GC(67) Concurrent Cleanup for Next Mark 1.405ms
[2024-08-28T01:12:16.043+0000][info][gc          ] GC(67) Concurrent Mark Cycle 83.430ms
[2024-08-28T01:12:16.047+0000][info][gc,start    ] GC(68) Pause Young (Prepare Mixed) (G1 Evacuation Pause)
[2024-08-28T01:12:16.047+0000][info][gc,task     ] GC(68) Using 49 workers of 68 for evacuation
[2024-08-28T01:12:16.063+0000][info][gc,phases   ] GC(68)   Pre Evacuate Collection Set: 0.5ms
[2024-08-28T01:12:16.064+0000][info][gc,phases   ] GC(68)   Merge Heap Roots: 0.4ms
[2024-08-28T01:12:16.064+0000][info][gc,phases   ] GC(68)   Evacuate Collection Set: 14.6ms
[2024-08-28T01:12:16.064+0000][info][gc,phases   ] GC(68)   Post Evacuate Collection Set: 0.5ms
[2024-08-28T01:12:16.064+0000][info][gc,phases   ] GC(68)   Other: 0.3ms
[2024-08-28T01:12:16.064+0000][info][gc,heap     ] GC(68) Eden regions: 84->0(89)
[2024-08-28T01:12:16.064+0000][info][gc,heap     ] GC(68) Survivor regions: 18->13(13)
[2024-08-28T01:12:16.064+0000][info][gc,heap     ] GC(68) Old regions: 1338->1436
[2024-08-28T01:12:16.064+0000][info][gc,heap     ] GC(68) Archive regions: 2->2
[2024-08-28T01:12:16.064+0000][info][gc,heap     ] GC(68) Humongous regions: 5->5
[2024-08-28T01:12:16.064+0000][info][gc,metaspace] GC(68) Metaspace: 100K(320K)->100K(320K) NonClass: 96K(192K)->96K(192K) Class: 4K(128K)->4K(128K)
[2024-08-28T01:12:16.064+0000][info][gc          ] GC(68) Pause Young (Prepare Mixed) (G1 Evacuation Pause) 1445M->1454M(2048M) 16.285ms
[2024-08-28T01:12:16.064+0000][info][gc,cpu      ] GC(68) User=0.70s Sys=0.00s Real=0.02s
[2024-08-28T01:12:16.112+0000][info][gc,start    ] GC(69) Pause Young (Mixed) (G1 Evacuation Pause)
[2024-08-28T01:12:16.112+0000][info][gc,task     ] GC(69) Using 49 workers of 68 for evacuation
[2024-08-28T01:12:16.129+0000][info][gc,phases   ] GC(69)   Pre Evacuate Collection Set: 0.5ms
[2024-08-28T01:12:16.129+0000][info][gc,phases   ] GC(69)   Merge Heap Roots: 0.6ms
[2024-08-28T01:12:16.129+0000][info][gc,phases   ] GC(69)   Evacuate Collection Set: 15.3ms
[2024-08-28T01:12:16.129+0000][info][gc,phases   ] GC(69)   Post Evacuate Collection Set: 0.7ms
[2024-08-28T01:12:16.129+0000][info][gc,phases   ] GC(69)   Other: 0.2ms
[2024-08-28T01:12:16.129+0000][info][gc,heap     ] GC(69) Eden regions: 89->0(89)
[2024-08-28T01:12:16.129+0000][info][gc,heap     ] GC(69) Survivor regions: 13->13(13)
[2024-08-28T01:12:16.129+0000][info][gc,heap     ] GC(69) Old regions: 1436->1223
[2024-08-28T01:12:16.129+0000][info][gc,heap     ] GC(69) Archive regions: 2->2
[2024-08-28T01:12:16.129+0000][info][gc,heap     ] GC(69) Humongous regions: 5->5
[2024-08-28T01:12:16.129+0000][info][gc,metaspace] GC(69) Metaspace: 100K(320K)->100K(320K) NonClass: 96K(192K)->96K(192K) Class: 4K(128K)->4K(128K)
[2024-08-28T01:12:16.129+0000][info][gc          ] GC(69) Pause Young (Mixed) (G1 Evacuation Pause) 1543M->1241M(2048M) 17.311ms
[2024-08-28T01:12:16.129+0000][info][gc,cpu      ] GC(69) User=0.74s Sys=0.00s Real=0.01s
[2024-08-28T01:12:16.179+0000][info][gc,start    ] GC(70) Pause Young (Mixed) (G1 Evacuation Pause)
[2024-08-28T01:12:16.179+0000][info][gc,task     ] GC(70) Using 49 workers of 68 for evacuation
[2024-08-28T01:12:16.196+0000][info][gc,phases   ] GC(70)   Pre Evacuate Collection Set: 0.5ms
[2024-08-28T01:12:16.196+0000][info][gc,phases   ] GC(70)   Merge Heap Roots: 0.5ms
[2024-08-28T01:12:16.196+0000][info][gc,phases   ] GC(70)   Evacuate Collection Set: 15.2ms
[2024-08-28T01:12:16.196+0000][info][gc,phases   ] GC(70)   Post Evacuate Collection Set: 0.7ms
[2024-08-28T01:12:16.196+0000][info][gc,phases   ] GC(70)   Other: 0.3ms
[2024-08-28T01:12:16.196+0000][info][gc,heap     ] GC(70) Eden regions: 89->0(89)
[2024-08-28T01:12:16.197+0000][info][gc,heap     ] GC(70) Survivor regions: 13->13(13)
[2024-08-28T01:12:16.197+0000][info][gc,heap     ] GC(70) Old regions: 1223->1008
[2024-08-28T01:12:16.197+0000][info][gc,heap     ] GC(70) Archive regions: 2->2
[2024-08-28T01:12:16.197+0000][info][gc,heap     ] GC(70) Humongous regions: 5->5
[2024-08-28T01:12:16.197+0000][info][gc,metaspace] GC(70) Metaspace: 100K(320K)->100K(320K) NonClass: 96K(192K)->96K(192K) Class: 4K(128K)->4K(128K)
[2024-08-28T01:12:16.197+0000][info][gc          ] GC(70) Pause Young (Mixed) (G1 Evacuation Pause) 1330M->1026M(2048M) 17.208ms
[2024-08-28T01:12:16.197+0000][info][gc,cpu      ] GC(70) User=0.75s Sys=0.00s Real=0.01s
[2024-08-28T01:12:16.244+0000][info][gc,start    ] GC(71) Pause Young (Mixed) (G1 Evacuation Pause)
[2024-08-28T01:12:16.244+0000][info][gc,task     ] GC(71) Using 49 workers of 68 for evacuation
[2024-08-28T01:12:16.261+0000][info][gc,phases   ] GC(71)   Pre Evacuate Collection Set: 0.4ms
[2024-08-28T01:12:16.261+0000][info][gc,phases   ] GC(71)   Merge Heap Roots: 0.6ms
[2024-08-28T01:12:16.261+0000][info][gc,phases   ] GC(71)   Evacuate Collection Set: 15.4ms
[2024-08-28T01:12:16.261+0000][info][gc,phases   ] GC(71)   Post Evacuate Collection Set: 0.7ms
[2024-08-28T01:12:16.261+0000][info][gc,phases   ] GC(71)   Other: 0.2ms
[2024-08-28T01:12:16.261+0000][info][gc,heap     ] GC(71) Eden regions: 89->0(293)
[2024-08-28T01:12:16.261+0000][info][gc,heap     ] GC(71) Survivor regions: 13->13(13)
[2024-08-28T01:12:16.261+0000][info][gc,heap     ] GC(71) Old regions: 1008->911
[2024-08-28T01:12:16.261+0000][info][gc,heap     ] GC(71) Archive regions: 2->2
[2024-08-28T01:12:16.261+0000][info][gc,heap     ] GC(71) Humongous regions: 5->5
[2024-08-28T01:12:16.261+0000][info][gc,metaspace] GC(71) Metaspace: 100K(320K)->100K(320K) NonClass: 96K(192K)->96K(192K) Class: 4K(128K)->4K(128K)
[2024-08-28T01:12:16.262+0000][info][gc          ] GC(71) Pause Young (Mixed) (G1 Evacuation Pause) 1115M->929M(2048M) 17.429ms
[2024-08-28T01:12:16.262+0000][info][gc,cpu      ] GC(71) User=0.75s Sys=0.00s Real=0.02s
[2024-08-28T01:12:16.409+0000][info][gc,start    ] GC(72) Pause Young (Normal) (G1 Evacuation Pause)
[2024-08-28T01:12:16.409+0000][info][gc,task     ] GC(72) Using 49 workers of 68 for evacuation
[2024-08-28T01:12:16.452+0000][info][gc,phases   ] GC(72)   Pre Evacuate Collection Set: 0.4ms
[2024-08-28T01:12:16.452+0000][info][gc,phases   ] GC(72)   Merge Heap Roots: 0.9ms
[2024-08-28T01:12:16.452+0000][info][gc,phases   ] GC(72)   Evacuate Collection Set: 41.5ms
[2024-08-28T01:12:16.452+0000][info][gc,phases   ] GC(72)   Post Evacuate Collection Set: 0.6ms
[2024-08-28T01:12:16.452+0000][info][gc,phases   ] GC(72)   Other: 0.2ms
[2024-08-28T01:12:16.452+0000][info][gc,heap     ] GC(72) Eden regions: 293->0(201)
[2024-08-28T01:12:16.452+0000][info][gc,heap     ] GC(72) Survivor regions: 13->39(39)
[2024-08-28T01:12:16.452+0000][info][gc,heap     ] GC(72) Old regions: 911->1169
[2024-08-28T01:12:16.452+0000][info][gc,heap     ] GC(72) Archive regions: 2->2
[2024-08-28T01:12:16.452+0000][info][gc,heap     ] GC(72) Humongous regions: 5->5
[2024-08-28T01:12:16.452+0000][info][gc,metaspace] GC(72) Metaspace: 100K(320K)->100K(320K) NonClass: 96K(192K)->96K(192K) Class: 4K(128K)->4K(128K)
[2024-08-28T01:12:16.452+0000][info][gc          ] GC(72) Pause Young (Normal) (G1 Evacuation Pause) 1222M->1213M(2048M) 43.782ms
[2024-08-28T01:12:16.452+0000][info][gc,cpu      ] GC(72) User=1.89s Sys=0.16s Real=0.05s
[2024-08-28T01:12:16.547+0000][info][gc,start    ] GC(73) Pause Young (Normal) (G1 Evacuation Pause)
[2024-08-28T01:12:16.547+0000][info][gc,task     ] GC(73) Using 49 workers of 68 for evacuation
[2024-08-28T01:12:16.583+0000][info][gc,phases   ] GC(73)   Pre Evacuate Collection Set: 0.4ms
[2024-08-28T01:12:16.583+0000][info][gc,phases   ] GC(73)   Merge Heap Roots: 1.1ms
[2024-08-28T01:12:16.583+0000][info][gc,phases   ] GC(73)   Evacuate Collection Set: 33.7ms
[2024-08-28T01:12:16.583+0000][info][gc,phases   ] GC(73)   Post Evacuate Collection Set: 0.6ms
[2024-08-28T01:12:16.583+0000][info][gc,phases   ] GC(73)   Other: 0.2ms
[2024-08-28T01:12:16.583+0000][info][gc,heap     ] GC(73) Eden regions: 201->0(136)
[2024-08-28T01:12:16.583+0000][info][gc,heap     ] GC(73) Survivor regions: 39->30(30)
[2024-08-28T01:12:16.583+0000][info][gc,heap     ] GC(73) Old regions: 1169->1381
[2024-08-28T01:12:16.583+0000][info][gc,heap     ] GC(73) Archive regions: 2->2
[2024-08-28T01:12:16.583+0000][info][gc,heap     ] GC(73) Humongous regions: 5->5
[2024-08-28T01:12:16.583+0000][info][gc,metaspace] GC(73) Metaspace: 100K(320K)->100K(320K) NonClass: 96K(192K)->96K(192K) Class: 4K(128K)->4K(128K)
[2024-08-28T01:12:16.583+0000][info][gc          ] GC(73) Pause Young (Normal) (G1 Evacuation Pause) 1414M->1416M(2048M) 36.088ms
[2024-08-28T01:12:16.583+0000][info][gc,cpu      ] GC(73) User=1.70s Sys=0.00s Real=0.04s
[2024-08-28T01:12:16.649+0000][info][gc,start    ] GC(74) Pause Young (Concurrent Start) (G1 Evacuation Pause)
[2024-08-28T01:12:16.649+0000][info][gc,task     ] GC(74) Using 49 workers of 68 for evacuation
[2024-08-28T01:12:16.677+0000][info][gc,phases   ] GC(74)   Pre Evacuate Collection Set: 0.4ms
[2024-08-28T01:12:16.677+0000][info][gc,phases   ] GC(74)   Merge Heap Roots: 1.0ms
[2024-08-28T01:12:16.677+0000][info][gc,phases   ] GC(74)   Evacuate Collection Set: 25.6ms
[2024-08-28T01:12:16.677+0000][info][gc,phases   ] GC(74)   Post Evacuate Collection Set: 0.5ms
[2024-08-28T01:12:16.677+0000][info][gc,phases   ] GC(74)   Other: 0.7ms
[2024-08-28T01:12:16.677+0000][info][gc,heap     ] GC(74) Eden regions: 136->0(90)
[2024-08-28T01:12:16.677+0000][info][gc,heap     ] GC(74) Survivor regions: 30->21(21)
[2024-08-28T01:12:16.677+0000][info][gc,heap     ] GC(74) Old regions: 1381->1530
[2024-08-28T01:12:16.677+0000][info][gc,heap     ] GC(74) Archive regions: 2->2
[2024-08-28T01:12:16.677+0000][info][gc,heap     ] GC(74) Humongous regions: 5->5
[2024-08-28T01:12:16.677+0000][info][gc,metaspace] GC(74) Metaspace: 100K(320K)->100K(320K) NonClass: 96K(192K)->96K(192K) Class: 4K(128K)->4K(128K)
[2024-08-28T01:12:16.677+0000][info][gc          ] GC(74) Pause Young (Concurrent Start) (G1 Evacuation Pause) 1552M->1556M(2048M) 28.242ms
[2024-08-28T01:12:16.677+0000][info][gc,cpu      ] GC(74) User=1.27s Sys=0.03s Real=0.03s
[2024-08-28T01:12:16.677+0000][info][gc          ] GC(75) Concurrent Mark Cycle
[2024-08-28T01:12:16.677+0000][info][gc,marking  ] GC(75) Concurrent Clear Claimed Marks
[2024-08-28T01:12:16.677+0000][info][gc,marking  ] GC(75) Concurrent Clear Claimed Marks 0.011ms
[2024-08-28T01:12:16.677+0000][info][gc,marking  ] GC(75) Concurrent Scan Root Regions
[2024-08-28T01:12:16.681+0000][info][gc,marking  ] GC(75) Concurrent Scan Root Regions 4.177ms
[2024-08-28T01:12:16.681+0000][info][gc,marking  ] GC(75) Concurrent Mark
[2024-08-28T01:12:16.681+0000][info][gc,marking  ] GC(75) Concurrent Mark From Roots
[2024-08-28T01:12:16.681+0000][info][gc,task     ] GC(75) Using 17 workers of 17 for marking
[2024-08-28T01:12:16.699+0000][info][gc,marking  ] GC(75) Concurrent Mark From Roots 17.593ms
[2024-08-28T01:12:16.699+0000][info][gc,marking  ] GC(75) Concurrent Preclean
[2024-08-28T01:12:16.700+0000][info][gc,marking  ] GC(75) Concurrent Preclean 0.502ms
[2024-08-28T01:12:16.700+0000][info][gc,start    ] GC(75) Pause Remark
[2024-08-28T01:12:16.702+0000][info][gc          ] GC(75) Pause Remark 1578M->1360M(2048M) 1.940ms
[2024-08-28T01:12:16.702+0000][info][gc,cpu      ] GC(75) User=0.02s Sys=0.00s Real=0.00s
[2024-08-28T01:12:16.702+0000][info][gc,marking  ] GC(75) Concurrent Mark 20.446ms
[2024-08-28T01:12:16.702+0000][info][gc,marking  ] GC(75) Concurrent Rebuild Remembered Sets
[2024-08-28T01:12:16.752+0000][info][gc,marking  ] GC(75) Concurrent Rebuild Remembered Sets 50.198ms
[2024-08-28T01:12:16.752+0000][info][gc,start    ] GC(75) Pause Cleanup
[2024-08-28T01:12:16.756+0000][info][gc          ] GC(75) Pause Cleanup 1422M->1422M(2048M) 3.049ms
[2024-08-28T01:12:16.756+0000][info][gc,cpu      ] GC(75) User=0.01s Sys=0.00s Real=0.00s
[2024-08-28T01:12:16.756+0000][info][gc,marking  ] GC(75) Concurrent Cleanup for Next Mark
[2024-08-28T01:12:16.757+0000][info][gc,marking  ] GC(75) Concurrent Cleanup for Next Mark 1.290ms
[2024-08-28T01:12:16.757+0000][info][gc          ] GC(75) Concurrent Mark Cycle 79.897ms
[2024-08-28T01:12:16.761+0000][info][gc,start    ] GC(76) Pause Young (Prepare Mixed) (G1 Evacuation Pause)
[2024-08-28T01:12:16.761+0000][info][gc,task     ] GC(76) Using 49 workers of 68 for evacuation
[2024-08-28T01:12:16.779+0000][info][gc,phases   ] GC(76)   Pre Evacuate Collection Set: 0.4ms
[2024-08-28T01:12:16.779+0000][info][gc,phases   ] GC(76)   Merge Heap Roots: 1.0ms
[2024-08-28T01:12:16.779+0000][info][gc,phases   ] GC(76)   Evacuate Collection Set: 16.4ms
[2024-08-28T01:12:16.779+0000][info][gc,phases   ] GC(76)   Post Evacuate Collection Set: 0.5ms
[2024-08-28T01:12:16.779+0000][info][gc,phases   ] GC(76)   Other: 0.2ms
[2024-08-28T01:12:16.779+0000][info][gc,heap     ] GC(76) Eden regions: 90->0(88)
[2024-08-28T01:12:16.779+0000][info][gc,heap     ] GC(76) Survivor regions: 21->14(14)
[2024-08-28T01:12:16.779+0000][info][gc,heap     ] GC(76) Old regions: 1312->1417
[2024-08-28T01:12:16.779+0000][info][gc,heap     ] GC(76) Archive regions: 2->2
[2024-08-28T01:12:16.779+0000][info][gc,heap     ] GC(76) Humongous regions: 5->5
[2024-08-28T01:12:16.779+0000][info][gc,metaspace] GC(76) Metaspace: 100K(320K)->100K(320K) NonClass: 96K(192K)->96K(192K) Class: 4K(128K)->4K(128K)
[2024-08-28T01:12:16.779+0000][info][gc          ] GC(76) Pause Young (Prepare Mixed) (G1 Evacuation Pause) 1428M->1436M(2048M) 18.465ms
[2024-08-28T01:12:16.779+0000][info][gc,cpu      ] GC(76) User=0.84s Sys=0.00s Real=0.02s
[2024-08-28T01:12:16.822+0000][info][gc,start    ] GC(77) Pause Young (Mixed) (G1 Evacuation Pause)
[2024-08-28T01:12:16.822+0000][info][gc,task     ] GC(77) Using 49 workers of 68 for evacuation
[2024-08-28T01:12:16.840+0000][info][gc,phases   ] GC(77)   Pre Evacuate Collection Set: 0.4ms
[2024-08-28T01:12:16.840+0000][info][gc,phases   ] GC(77)   Merge Heap Roots: 0.7ms
[2024-08-28T01:12:16.840+0000][info][gc,phases   ] GC(77)   Evacuate Collection Set: 16.0ms
[2024-08-28T01:12:16.840+0000][info][gc,phases   ] GC(77)   Post Evacuate Collection Set: 0.7ms
[2024-08-28T01:12:16.840+0000][info][gc,phases   ] GC(77)   Other: 0.3ms
[2024-08-28T01:12:16.840+0000][info][gc,heap     ] GC(77) Eden regions: 88->0(89)
[2024-08-28T01:12:16.840+0000][info][gc,heap     ] GC(77) Survivor regions: 14->13(13)
[2024-08-28T01:12:16.840+0000][info][gc,heap     ] GC(77) Old regions: 1417->1206
[2024-08-28T01:12:16.840+0000][info][gc,heap     ] GC(77) Archive regions: 2->2
[2024-08-28T01:12:16.840+0000][info][gc,heap     ] GC(77) Humongous regions: 5->5
[2024-08-28T01:12:16.840+0000][info][gc,metaspace] GC(77) Metaspace: 100K(320K)->100K(320K) NonClass: 96K(192K)->96K(192K) Class: 4K(128K)->4K(128K)
[2024-08-28T01:12:16.840+0000][info][gc          ] GC(77) Pause Young (Mixed) (G1 Evacuation Pause) 1524M->1224M(2048M) 18.247ms
[2024-08-28T01:12:16.840+0000][info][gc,cpu      ] GC(77) User=0.82s Sys=0.00s Real=0.02s
[2024-08-28T01:12:16.884+0000][info][gc,start    ] GC(78) Pause Young (Mixed) (G1 Evacuation Pause)
[2024-08-28T01:12:16.884+0000][info][gc,task     ] GC(78) Using 49 workers of 68 for evacuation
[2024-08-28T01:12:16.902+0000][info][gc,phases   ] GC(78)   Pre Evacuate Collection Set: 0.4ms
[2024-08-28T01:12:16.902+0000][info][gc,phases   ] GC(78)   Merge Heap Roots: 0.7ms
[2024-08-28T01:12:16.902+0000][info][gc,phases   ] GC(78)   Evacuate Collection Set: 15.9ms
[2024-08-28T01:12:16.902+0000][info][gc,phases   ] GC(78)   Post Evacuate Collection Set: 0.7ms
[2024-08-28T01:12:16.902+0000][info][gc,phases   ] GC(78)   Other: 0.3ms
[2024-08-28T01:12:16.902+0000][info][gc,heap     ] GC(78) Eden regions: 89->0(89)
[2024-08-28T01:12:16.902+0000][info][gc,heap     ] GC(78) Survivor regions: 13->13(13)
[2024-08-28T01:12:16.902+0000][info][gc,heap     ] GC(78) Old regions: 1206->993
[2024-08-28T01:12:16.902+0000][info][gc,heap     ] GC(78) Archive regions: 2->2
[2024-08-28T01:12:16.902+0000][info][gc,heap     ] GC(78) Humongous regions: 5->5
[2024-08-28T01:12:16.902+0000][info][gc,metaspace] GC(78) Metaspace: 100K(320K)->100K(320K) NonClass: 96K(192K)->96K(192K) Class: 4K(128K)->4K(128K)
[2024-08-28T01:12:16.902+0000][info][gc          ] GC(78) Pause Young (Mixed) (G1 Evacuation Pause) 1313M->1011M(2048M) 18.102ms
[2024-08-28T01:12:16.902+0000][info][gc,cpu      ] GC(78) User=0.75s Sys=0.06s Real=0.02s
[2024-08-28T01:12:16.946+0000][info][gc,start    ] GC(79) Pause Young (Mixed) (G1 Evacuation Pause)
[2024-08-28T01:12:16.946+0000][info][gc,task     ] GC(79) Using 49 workers of 68 for evacuation
[2024-08-28T01:12:16.966+0000][info][gc,phases   ] GC(79)   Pre Evacuate Collection Set: 0.4ms
[2024-08-28T01:12:16.966+0000][info][gc,phases   ] GC(79)   Merge Heap Roots: 0.8ms
[2024-08-28T01:12:16.966+0000][info][gc,phases   ] GC(79)   Evacuate Collection Set: 18.7ms
[2024-08-28T01:12:16.966+0000][info][gc,phases   ] GC(79)   Post Evacuate Collection Set: 0.6ms
[2024-08-28T01:12:16.966+0000][info][gc,phases   ] GC(79)   Other: 0.2ms
[2024-08-28T01:12:16.966+0000][info][gc,heap     ] GC(79) Eden regions: 89->0(291)
[2024-08-28T01:12:16.966+0000][info][gc,heap     ] GC(79) Survivor regions: 13->13(13)
[2024-08-28T01:12:16.966+0000][info][gc,heap     ] GC(79) Old regions: 993->918
[2024-08-28T01:12:16.966+0000][info][gc,heap     ] GC(79) Archive regions: 2->2
[2024-08-28T01:12:16.966+0000][info][gc,heap     ] GC(79) Humongous regions: 5->5
[2024-08-28T01:12:16.966+0000][info][gc,metaspace] GC(79) Metaspace: 100K(320K)->100K(320K) NonClass: 96K(192K)->96K(192K) Class: 4K(128K)->4K(128K)
[2024-08-28T01:12:16.966+0000][info][gc          ] GC(79) Pause Young (Mixed) (G1 Evacuation Pause) 1100M->936M(2048M) 20.812ms
[2024-08-28T01:12:16.966+0000][info][gc,cpu      ] GC(79) User=0.93s Sys=0.02s Real=0.02s
[2024-08-28T01:12:17.107+0000][info][gc,start    ] GC(80) Pause Young (Normal) (G1 Evacuation Pause)
[2024-08-28T01:12:17.107+0000][info][gc,task     ] GC(80) Using 49 workers of 68 for evacuation
[2024-08-28T01:12:17.149+0000][info][gc,phases   ] GC(80)   Pre Evacuate Collection Set: 0.3ms
[2024-08-28T01:12:17.149+0000][info][gc,phases   ] GC(80)   Merge Heap Roots: 1.1ms
[2024-08-28T01:12:17.149+0000][info][gc,phases   ] GC(80)   Evacuate Collection Set: 39.7ms
[2024-08-28T01:12:17.149+0000][info][gc,phases   ] GC(80)   Post Evacuate Collection Set: 0.6ms
[2024-08-28T01:12:17.149+0000][info][gc,phases   ] GC(80)   Other: 0.2ms
[2024-08-28T01:12:17.149+0000][info][gc,heap     ] GC(80) Eden regions: 291->0(200)
[2024-08-28T01:12:17.149+0000][info][gc,heap     ] GC(80) Survivor regions: 13->38(38)
[2024-08-28T01:12:17.149+0000][info][gc,heap     ] GC(80) Old regions: 918->1176
[2024-08-28T01:12:17.149+0000][info][gc,heap     ] GC(80) Archive regions: 2->2
[2024-08-28T01:12:17.149+0000][info][gc,heap     ] GC(80) Humongous regions: 5->5
[2024-08-28T01:12:17.149+0000][info][gc,metaspace] GC(80) Metaspace: 100K(320K)->100K(320K) NonClass: 96K(192K)->96K(192K) Class: 4K(128K)->4K(128K)
[2024-08-28T01:12:17.149+0000][info][gc          ] GC(80) Pause Young (Normal) (G1 Evacuation Pause) 1227M->1219M(2048M) 42.012ms
[2024-08-28T01:12:17.149+0000][info][gc,cpu      ] GC(80) User=1.98s Sys=0.00s Real=0.04s
[2024-08-28T01:12:17.245+0000][info][gc,start    ] GC(81) Pause Young (Normal) (G1 Evacuation Pause)
[2024-08-28T01:12:17.245+0000][info][gc,task     ] GC(81) Using 49 workers of 68 for evacuation
[2024-08-28T01:12:17.281+0000][info][gc,phases   ] GC(81)   Pre Evacuate Collection Set: 0.4ms
[2024-08-28T01:12:17.281+0000][info][gc,phases   ] GC(81)   Merge Heap Roots: 1.1ms
[2024-08-28T01:12:17.282+0000][info][gc,phases   ] GC(81)   Evacuate Collection Set: 34.6ms
[2024-08-28T01:12:17.282+0000][info][gc,phases   ] GC(81)   Post Evacuate Collection Set: 0.6ms
[2024-08-28T01:12:17.282+0000][info][gc,phases   ] GC(81)   Other: 0.2ms
[2024-08-28T01:12:17.282+0000][info][gc,heap     ] GC(81) Eden regions: 200->0(135)
[2024-08-28T01:12:17.282+0000][info][gc,heap     ] GC(81) Survivor regions: 38->30(30)
[2024-08-28T01:12:17.282+0000][info][gc,heap     ] GC(81) Old regions: 1176->1384
[2024-08-28T01:12:17.282+0000][info][gc,heap     ] GC(81) Archive regions: 2->2
[2024-08-28T01:12:17.282+0000][info][gc,heap     ] GC(81) Humongous regions: 5->5
[2024-08-28T01:12:17.282+0000][info][gc,metaspace] GC(81) Metaspace: 100K(320K)->100K(320K) NonClass: 96K(192K)->96K(192K) Class: 4K(128K)->4K(128K)
[2024-08-28T01:12:17.282+0000][info][gc          ] GC(81) Pause Young (Normal) (G1 Evacuation Pause) 1419M->1419M(2048M) 36.998ms
[2024-08-28T01:12:17.282+0000][info][gc,cpu      ] GC(81) User=1.74s Sys=0.00s Real=0.04s
[2024-08-28T01:12:17.348+0000][info][gc,start    ] GC(82) Pause Young (Concurrent Start) (G1 Evacuation Pause)
[2024-08-28T01:12:17.348+0000][info][gc,task     ] GC(82) Using 49 workers of 68 for evacuation
[2024-08-28T01:12:17.376+0000][info][gc,phases   ] GC(82)   Pre Evacuate Collection Set: 0.3ms
[2024-08-28T01:12:17.376+0000][info][gc,phases   ] GC(82)   Merge Heap Roots: 1.0ms
[2024-08-28T01:12:17.376+0000][info][gc,phases   ] GC(82)   Evacuate Collection Set: 25.4ms
[2024-08-28T01:12:17.376+0000][info][gc,phases   ] GC(82)   Post Evacuate Collection Set: 0.5ms
[2024-08-28T01:12:17.376+0000][info][gc,phases   ] GC(82)   Other: 0.7ms
[2024-08-28T01:12:17.376+0000][info][gc,heap     ] GC(82) Eden regions: 135->0(89)
[2024-08-28T01:12:17.376+0000][info][gc,heap     ] GC(82) Survivor regions: 30->21(21)
[2024-08-28T01:12:17.376+0000][info][gc,heap     ] GC(82) Old regions: 1384->1535
[2024-08-28T01:12:17.376+0000][info][gc,heap     ] GC(82) Archive regions: 2->2
[2024-08-28T01:12:17.376+0000][info][gc,heap     ] GC(82) Humongous regions: 5->5
[2024-08-28T01:12:17.376+0000][info][gc,metaspace] GC(82) Metaspace: 100K(320K)->100K(320K) NonClass: 96K(192K)->96K(192K) Class: 4K(128K)->4K(128K)
[2024-08-28T01:12:17.376+0000][info][gc          ] GC(82) Pause Young (Concurrent Start) (G1 Evacuation Pause) 1554M->1561M(2048M) 28.007ms
[2024-08-28T01:12:17.376+0000][info][gc,cpu      ] GC(82) User=1.28s Sys=0.00s Real=0.03s
[2024-08-28T01:12:17.376+0000][info][gc          ] GC(83) Concurrent Mark Cycle
[2024-08-28T01:12:17.376+0000][info][gc,marking  ] GC(83) Concurrent Clear Claimed Marks
[2024-08-28T01:12:17.376+0000][info][gc,marking  ] GC(83) Concurrent Clear Claimed Marks 0.011ms
[2024-08-28T01:12:17.376+0000][info][gc,marking  ] GC(83) Concurrent Scan Root Regions
[2024-08-28T01:12:17.380+0000][info][gc,marking  ] GC(83) Concurrent Scan Root Regions 4.182ms
[2024-08-28T01:12:17.380+0000][info][gc,marking  ] GC(83) Concurrent Mark
[2024-08-28T01:12:17.380+0000][info][gc,marking  ] GC(83) Concurrent Mark From Roots
[2024-08-28T01:12:17.380+0000][info][gc,task     ] GC(83) Using 17 workers of 17 for marking
[2024-08-28T01:12:17.398+0000][info][gc,marking  ] GC(83) Concurrent Mark From Roots 17.808ms
[2024-08-28T01:12:17.398+0000][info][gc,marking  ] GC(83) Concurrent Preclean
[2024-08-28T01:12:17.399+0000][info][gc,marking  ] GC(83) Concurrent Preclean 1.059ms
[2024-08-28T01:12:17.400+0000][info][gc,start    ] GC(83) Pause Remark
[2024-08-28T01:12:17.402+0000][info][gc          ] GC(83) Pause Remark 1584M->1368M(2048M) 2.157ms
[2024-08-28T01:12:17.402+0000][info][gc,cpu      ] GC(83) User=0.02s Sys=0.01s Real=0.00s
[2024-08-28T01:12:17.402+0000][info][gc,marking  ] GC(83) Concurrent Mark 21.648ms
[2024-08-28T01:12:17.402+0000][info][gc,marking  ] GC(83) Concurrent Rebuild Remembered Sets
[2024-08-28T01:12:17.453+0000][info][gc,marking  ] GC(83) Concurrent Rebuild Remembered Sets 51.352ms
[2024-08-28T01:12:17.454+0000][info][gc,start    ] GC(83) Pause Cleanup
[2024-08-28T01:12:17.457+0000][info][gc          ] GC(83) Pause Cleanup 1429M->1429M(2048M) 3.209ms
[2024-08-28T01:12:17.457+0000][info][gc,cpu      ] GC(83) User=0.01s Sys=0.00s Real=0.00s
[2024-08-28T01:12:17.457+0000][info][gc,marking  ] GC(83) Concurrent Cleanup for Next Mark
[2024-08-28T01:12:17.458+0000][info][gc,marking  ] GC(83) Concurrent Cleanup for Next Mark 1.322ms
[2024-08-28T01:12:17.458+0000][info][gc          ] GC(83) Concurrent Mark Cycle 82.433ms
[2024-08-28T01:12:17.461+0000][info][gc,start    ] GC(84) Pause Young (Prepare Mixed) (G1 Evacuation Pause)
[2024-08-28T01:12:17.461+0000][info][gc,task     ] GC(84) Using 49 workers of 68 for evacuation
[2024-08-28T01:12:17.480+0000][info][gc,phases   ] GC(84)   Pre Evacuate Collection Set: 0.4ms
[2024-08-28T01:12:17.480+0000][info][gc,phases   ] GC(84)   Merge Heap Roots: 0.9ms
[2024-08-28T01:12:17.480+0000][info][gc,phases   ] GC(84)   Evacuate Collection Set: 17.1ms
[2024-08-28T01:12:17.480+0000][info][gc,phases   ] GC(84)   Post Evacuate Collection Set: 0.5ms
[2024-08-28T01:12:17.480+0000][info][gc,phases   ] GC(84)   Other: 0.2ms
[2024-08-28T01:12:17.480+0000][info][gc,heap     ] GC(84) Eden regions: 89->0(88)
[2024-08-28T01:12:17.480+0000][info][gc,heap     ] GC(84) Survivor regions: 21->14(14)
[2024-08-28T01:12:17.480+0000][info][gc,heap     ] GC(84) Old regions: 1319->1423
[2024-08-28T01:12:17.480+0000][info][gc,heap     ] GC(84) Archive regions: 2->2
[2024-08-28T01:12:17.480+0000][info][gc,heap     ] GC(84) Humongous regions: 5->5
[2024-08-28T01:12:17.480+0000][info][gc,metaspace] GC(84) Metaspace: 100K(320K)->100K(320K) NonClass: 96K(192K)->96K(192K) Class: 4K(128K)->4K(128K)
[2024-08-28T01:12:17.480+0000][info][gc          ] GC(84) Pause Young (Prepare Mixed) (G1 Evacuation Pause) 1434M->1442M(2048M) 19.169ms
[2024-08-28T01:12:17.480+0000][info][gc,cpu      ] GC(84) User=0.87s Sys=0.00s Real=0.02s
[2024-08-28T01:12:17.524+0000][info][gc,start    ] GC(85) Pause Young (Mixed) (G1 Evacuation Pause)
[2024-08-28T01:12:17.524+0000][info][gc,task     ] GC(85) Using 49 workers of 68 for evacuation
[2024-08-28T01:12:17.542+0000][info][gc,phases   ] GC(85)   Pre Evacuate Collection Set: 0.5ms
[2024-08-28T01:12:17.542+0000][info][gc,phases   ] GC(85)   Merge Heap Roots: 0.8ms
[2024-08-28T01:12:17.542+0000][info][gc,phases   ] GC(85)   Evacuate Collection Set: 16.2ms
[2024-08-28T01:12:17.542+0000][info][gc,phases   ] GC(85)   Post Evacuate Collection Set: 0.7ms
[2024-08-28T01:12:17.542+0000][info][gc,phases   ] GC(85)   Other: 0.3ms
[2024-08-28T01:12:17.542+0000][info][gc,heap     ] GC(85) Eden regions: 88->0(89)
[2024-08-28T01:12:17.542+0000][info][gc,heap     ] GC(85) Survivor regions: 14->13(13)
[2024-08-28T01:12:17.542+0000][info][gc,heap     ] GC(85) Old regions: 1423->1209
[2024-08-28T01:12:17.542+0000][info][gc,heap     ] GC(85) Archive regions: 2->2
[2024-08-28T01:12:17.542+0000][info][gc,heap     ] GC(85) Humongous regions: 5->5
[2024-08-28T01:12:17.542+0000][info][gc,metaspace] GC(85) Metaspace: 100K(320K)->100K(320K) NonClass: 96K(192K)->96K(192K) Class: 4K(128K)->4K(128K)
[2024-08-28T01:12:17.543+0000][info][gc          ] GC(85) Pause Young (Mixed) (G1 Evacuation Pause) 1530M->1227M(2048M) 18.466ms
[2024-08-28T01:12:17.543+0000][info][gc,cpu      ] GC(85) User=0.72s Sys=0.10s Real=0.02s
[2024-08-28T01:12:17.587+0000][info][gc,start    ] GC(86) Pause Young (Mixed) (G1 Evacuation Pause)
[2024-08-28T01:12:17.587+0000][info][gc,task     ] GC(86) Using 49 workers of 68 for evacuation
[2024-08-28T01:12:17.606+0000][info][gc,phases   ] GC(86)   Pre Evacuate Collection Set: 0.5ms
[2024-08-28T01:12:17.606+0000][info][gc,phases   ] GC(86)   Merge Heap Roots: 0.8ms
[2024-08-28T01:12:17.606+0000][info][gc,phases   ] GC(86)   Evacuate Collection Set: 16.3ms
[2024-08-28T01:12:17.606+0000][info][gc,phases   ] GC(86)   Post Evacuate Collection Set: 0.7ms
[2024-08-28T01:12:17.606+0000][info][gc,phases   ] GC(86)   Other: 0.3ms
[2024-08-28T01:12:17.606+0000][info][gc,heap     ] GC(86) Eden regions: 89->0(89)
[2024-08-28T01:12:17.606+0000][info][gc,heap     ] GC(86) Survivor regions: 13->13(13)
[2024-08-28T01:12:17.606+0000][info][gc,heap     ] GC(86) Old regions: 1209->996
[2024-08-28T01:12:17.606+0000][info][gc,heap     ] GC(86) Archive regions: 2->2
[2024-08-28T01:12:17.606+0000][info][gc,heap     ] GC(86) Humongous regions: 5->5
[2024-08-28T01:12:17.606+0000][info][gc,metaspace] GC(86) Metaspace: 100K(320K)->100K(320K) NonClass: 96K(192K)->96K(192K) Class: 4K(128K)->4K(128K)
[2024-08-28T01:12:17.606+0000][info][gc          ] GC(86) Pause Young (Mixed) (G1 Evacuation Pause) 1316M->1014M(2048M) 18.568ms
[2024-08-28T01:12:17.606+0000][info][gc,cpu      ] GC(86) User=0.81s Sys=0.01s Real=0.02s
[2024-08-28T01:12:17.650+0000][info][gc,start    ] GC(87) Pause Young (Mixed) (G1 Evacuation Pause)
[2024-08-28T01:12:17.650+0000][info][gc,task     ] GC(87) Using 49 workers of 68 for evacuation
[2024-08-28T01:12:17.671+0000][info][gc,phases   ] GC(87)   Pre Evacuate Collection Set: 0.5ms
[2024-08-28T01:12:17.671+0000][info][gc,phases   ] GC(87)   Merge Heap Roots: 0.8ms
[2024-08-28T01:12:17.671+0000][info][gc,phases   ] GC(87)   Evacuate Collection Set: 18.4ms
[2024-08-28T01:12:17.671+0000][info][gc,phases   ] GC(87)   Post Evacuate Collection Set: 0.6ms
[2024-08-28T01:12:17.671+0000][info][gc,phases   ] GC(87)   Other: 0.2ms
[2024-08-28T01:12:17.671+0000][info][gc,heap     ] GC(87) Eden regions: 89->0(292)
[2024-08-28T01:12:17.671+0000][info][gc,heap     ] GC(87) Survivor regions: 13->13(13)
[2024-08-28T01:12:17.671+0000][info][gc,heap     ] GC(87) Old regions: 996->913
[2024-08-28T01:12:17.671+0000][info][gc,heap     ] GC(87) Archive regions: 2->2
[2024-08-28T01:12:17.671+0000][info][gc,heap     ] GC(87) Humongous regions: 5->5
[2024-08-28T01:12:17.671+0000][info][gc,metaspace] GC(87) Metaspace: 100K(320K)->100K(320K) NonClass: 96K(192K)->96K(192K) Class: 4K(128K)->4K(128K)
[2024-08-28T01:12:17.671+0000][info][gc          ] GC(87) Pause Young (Mixed) (G1 Evacuation Pause) 1103M->931M(2048M) 20.565ms
[2024-08-28T01:12:17.671+0000][info][gc,cpu      ] GC(87) User=0.93s Sys=0.00s Real=0.02s
[2024-08-28T01:12:17.812+0000][info][gc,start    ] GC(88) Pause Young (Normal) (G1 Evacuation Pause)
[2024-08-28T01:12:17.812+0000][info][gc,task     ] GC(88) Using 49 workers of 68 for evacuation
[2024-08-28T01:12:17.853+0000][info][gc,phases   ] GC(88)   Pre Evacuate Collection Set: 0.4ms
[2024-08-28T01:12:17.853+0000][info][gc,phases   ] GC(88)   Merge Heap Roots: 1.1ms
[2024-08-28T01:12:17.853+0000][info][gc,phases   ] GC(88)   Evacuate Collection Set: 38.8ms
[2024-08-28T01:12:17.853+0000][info][gc,phases   ] GC(88)   Post Evacuate Collection Set: 0.6ms
[2024-08-28T01:12:17.853+0000][info][gc,phases   ] GC(88)   Other: 0.3ms
[2024-08-28T01:12:17.853+0000][info][gc,heap     ] GC(88) Eden regions: 292->0(200)
[2024-08-28T01:12:17.853+0000][info][gc,heap     ] GC(88) Survivor regions: 13->39(39)
[2024-08-28T01:12:17.853+0000][info][gc,heap     ] GC(88) Old regions: 913->1172
[2024-08-28T01:12:17.853+0000][info][gc,heap     ] GC(88) Archive regions: 2->2
[2024-08-28T01:12:17.853+0000][info][gc,heap     ] GC(88) Humongous regions: 5->5
[2024-08-28T01:12:17.853+0000][info][gc,metaspace] GC(88) Metaspace: 100K(320K)->100K(320K) NonClass: 96K(192K)->96K(192K) Class: 4K(128K)->4K(128K)
[2024-08-28T01:12:17.853+0000][info][gc          ] GC(88) Pause Young (Normal) (G1 Evacuation Pause) 1223M->1216M(2048M) 41.297ms
[2024-08-28T01:12:17.853+0000][info][gc,cpu      ] GC(88) User=1.92s Sys=0.00s Real=0.04s
[2024-08-28T01:12:17.949+0000][info][gc,start    ] GC(89) Pause Young (Normal) (G1 Evacuation Pause)
[2024-08-28T01:12:17.949+0000][info][gc,task     ] GC(89) Using 49 workers of 68 for evacuation
[2024-08-28T01:12:17.985+0000][info][gc,phases   ] GC(89)   Pre Evacuate Collection Set: 0.3ms
[2024-08-28T01:12:17.985+0000][info][gc,phases   ] GC(89)   Merge Heap Roots: 1.0ms
[2024-08-28T01:12:17.985+0000][info][gc,phases   ] GC(89)   Evacuate Collection Set: 34.2ms
[2024-08-28T01:12:17.985+0000][info][gc,phases   ] GC(89)   Post Evacuate Collection Set: 0.6ms
[2024-08-28T01:12:17.985+0000][info][gc,phases   ] GC(89)   Other: 0.2ms
[2024-08-28T01:12:17.985+0000][info][gc,heap     ] GC(89) Eden regions: 200->0(135)
[2024-08-28T01:12:17.985+0000][info][gc,heap     ] GC(89) Survivor regions: 39->30(30)
[2024-08-28T01:12:17.985+0000][info][gc,heap     ] GC(89) Old regions: 1172->1382
[2024-08-28T01:12:17.985+0000][info][gc,heap     ] GC(89) Archive regions: 2->2
[2024-08-28T01:12:17.985+0000][info][gc,heap     ] GC(89) Humongous regions: 5->5
[2024-08-28T01:12:17.985+0000][info][gc,metaspace] GC(89) Metaspace: 100K(320K)->100K(320K) NonClass: 96K(192K)->96K(192K) Class: 4K(128K)->4K(128K)
[2024-08-28T01:12:17.985+0000][info][gc          ] GC(89) Pause Young (Normal) (G1 Evacuation Pause) 1416M->1417M(2048M) 36.411ms
[2024-08-28T01:12:17.985+0000][info][gc,cpu      ] GC(89) User=1.70s Sys=0.01s Real=0.04s
[2024-08-28T01:12:18.051+0000][info][gc,start    ] GC(90) Pause Young (Concurrent Start) (G1 Evacuation Pause)
[2024-08-28T01:12:18.051+0000][info][gc,task     ] GC(90) Using 49 workers of 68 for evacuation
[2024-08-28T01:12:18.080+0000][info][gc,phases   ] GC(90)   Pre Evacuate Collection Set: 0.3ms
[2024-08-28T01:12:18.080+0000][info][gc,phases   ] GC(90)   Merge Heap Roots: 0.9ms
[2024-08-28T01:12:18.080+0000][info][gc,phases   ] GC(90)   Evacuate Collection Set: 27.3ms
[2024-08-28T01:12:18.080+0000][info][gc,phases   ] GC(90)   Post Evacuate Collection Set: 0.5ms
[2024-08-28T01:12:18.080+0000][info][gc,phases   ] GC(90)   Other: 0.7ms
[2024-08-28T01:12:18.080+0000][info][gc,heap     ] GC(90) Eden regions: 135->0(90)
[2024-08-28T01:12:18.080+0000][info][gc,heap     ] GC(90) Survivor regions: 30->21(21)
[2024-08-28T01:12:18.080+0000][info][gc,heap     ] GC(90) Old regions: 1382->1530
[2024-08-28T01:12:18.080+0000][info][gc,heap     ] GC(90) Archive regions: 2->2
[2024-08-28T01:12:18.080+0000][info][gc,heap     ] GC(90) Humongous regions: 5->5
[2024-08-28T01:12:18.080+0000][info][gc,metaspace] GC(90) Metaspace: 100K(320K)->100K(320K) NonClass: 96K(192K)->96K(192K) Class: 4K(128K)->4K(128K)
[2024-08-28T01:12:18.080+0000][info][gc          ] GC(90) Pause Young (Concurrent Start) (G1 Evacuation Pause) 1552M->1556M(2048M) 29.796ms
[2024-08-28T01:12:18.080+0000][info][gc,cpu      ] GC(90) User=1.27s Sys=0.01s Real=0.03s
[2024-08-28T01:12:18.081+0000][info][gc          ] GC(91) Concurrent Mark Cycle
[2024-08-28T01:12:18.081+0000][info][gc,marking  ] GC(91) Concurrent Clear Claimed Marks
[2024-08-28T01:12:18.081+0000][info][gc,marking  ] GC(91) Concurrent Clear Claimed Marks 0.010ms
[2024-08-28T01:12:18.081+0000][info][gc,marking  ] GC(91) Concurrent Scan Root Regions
[2024-08-28T01:12:18.085+0000][info][gc,marking  ] GC(91) Concurrent Scan Root Regions 4.265ms
[2024-08-28T01:12:18.085+0000][info][gc,marking  ] GC(91) Concurrent Mark
[2024-08-28T01:12:18.085+0000][info][gc,marking  ] GC(91) Concurrent Mark From Roots
[2024-08-28T01:12:18.085+0000][info][gc,task     ] GC(91) Using 17 workers of 17 for marking
[2024-08-28T01:12:18.103+0000][info][gc,marking  ] GC(91) Concurrent Mark From Roots 18.378ms
[2024-08-28T01:12:18.103+0000][info][gc,marking  ] GC(91) Concurrent Preclean
[2024-08-28T01:12:18.104+0000][info][gc,marking  ] GC(91) Concurrent Preclean 0.509ms
[2024-08-28T01:12:18.104+0000][info][gc,start    ] GC(91) Pause Remark
[2024-08-28T01:12:18.106+0000][info][gc          ] GC(91) Pause Remark 1579M->1346M(2048M) 2.054ms
[2024-08-28T01:12:18.106+0000][info][gc,cpu      ] GC(91) User=0.01s Sys=0.00s Real=0.00s
[2024-08-28T01:12:18.106+0000][info][gc,marking  ] GC(91) Concurrent Mark 21.345ms
[2024-08-28T01:12:18.106+0000][info][gc,marking  ] GC(91) Concurrent Rebuild Remembered Sets
[2024-08-28T01:12:18.159+0000][info][gc,marking  ] GC(91) Concurrent Rebuild Remembered Sets 52.743ms
[2024-08-28T01:12:18.159+0000][info][gc,start    ] GC(92) Pause Young (Normal) (G1 Evacuation Pause)
[2024-08-28T01:12:18.159+0000][info][gc,task     ] GC(92) Using 49 workers of 68 for evacuation
[2024-08-28T01:12:18.178+0000][info][gc,phases   ] GC(92)   Pre Evacuate Collection Set: 0.3ms
[2024-08-28T01:12:18.178+0000][info][gc,phases   ] GC(92)   Merge Heap Roots: 0.9ms
[2024-08-28T01:12:18.178+0000][info][gc,phases   ] GC(92)   Evacuate Collection Set: 16.4ms
[2024-08-28T01:12:18.178+0000][info][gc,phases   ] GC(92)   Post Evacuate Collection Set: 0.9ms
[2024-08-28T01:12:18.178+0000][info][gc,phases   ] GC(92)   Other: 0.2ms
[2024-08-28T01:12:18.178+0000][info][gc,heap     ] GC(92) Eden regions: 90->0(134)
[2024-08-28T01:12:18.178+0000][info][gc,heap     ] GC(92) Survivor regions: 21->14(14)
[2024-08-28T01:12:18.178+0000][info][gc,heap     ] GC(92) Old regions: 1297->1403
[2024-08-28T01:12:18.178+0000][info][gc,heap     ] GC(92) Archive regions: 2->2
[2024-08-28T01:12:18.178+0000][info][gc,heap     ] GC(92) Humongous regions: 5->5
[2024-08-28T01:12:18.178+0000][info][gc,metaspace] GC(92) Metaspace: 100K(320K)->100K(320K) NonClass: 96K(192K)->96K(192K) Class: 4K(128K)->4K(128K)
[2024-08-28T01:12:18.178+0000][info][gc          ] GC(92) Pause Young (Normal) (G1 Evacuation Pause) 1413M->1422M(2048M) 18.812ms
[2024-08-28T01:12:18.178+0000][info][gc,cpu      ] GC(92) User=0.79s Sys=0.07s Real=0.02s
[2024-08-28T01:12:18.178+0000][info][gc,start    ] GC(91) Pause Cleanup
[2024-08-28T01:12:18.181+0000][info][gc          ] GC(91) Pause Cleanup 1423M->1423M(2048M) 3.159ms
[2024-08-28T01:12:18.182+0000][info][gc,cpu      ] GC(91) User=0.01s Sys=0.00s Real=0.00s
[2024-08-28T01:12:18.182+0000][info][gc,marking  ] GC(91) Concurrent Cleanup for Next Mark
[2024-08-28T01:12:18.183+0000][info][gc,marking  ] GC(91) Concurrent Cleanup for Next Mark 1.317ms
[2024-08-28T01:12:18.183+0000][info][gc          ] GC(91) Concurrent Mark Cycle 102.427ms
[2024-08-28T01:12:18.251+0000][info][gc,start    ] GC(93) Pause Young (Prepare Mixed) (G1 Evacuation Pause)
[2024-08-28T01:12:18.251+0000][info][gc,task     ] GC(93) Using 49 workers of 68 for evacuation
[2024-08-28T01:12:18.278+0000][info][gc,phases   ] GC(93)   Pre Evacuate Collection Set: 0.3ms
[2024-08-28T01:12:18.278+0000][info][gc,phases   ] GC(93)   Merge Heap Roots: 1.2ms
[2024-08-28T01:12:18.278+0000][info][gc,phases   ] GC(93)   Evacuate Collection Set: 24.5ms
[2024-08-28T01:12:18.278+0000][info][gc,phases   ] GC(93)   Post Evacuate Collection Set: 0.5ms
[2024-08-28T01:12:18.278+0000][info][gc,phases   ] GC(93)   Other: 0.3ms
[2024-08-28T01:12:18.278+0000][info][gc,heap     ] GC(93) Eden regions: 134->0(83)
[2024-08-28T01:12:18.278+0000][info][gc,heap     ] GC(93) Survivor regions: 14->19(19)
[2024-08-28T01:12:18.278+0000][info][gc,heap     ] GC(93) Old regions: 1403->1537
[2024-08-28T01:12:18.278+0000][info][gc,heap     ] GC(93) Archive regions: 2->2
[2024-08-28T01:12:18.278+0000][info][gc,heap     ] GC(93) Humongous regions: 5->5
[2024-08-28T01:12:18.278+0000][info][gc,metaspace] GC(93) Metaspace: 100K(320K)->100K(320K) NonClass: 96K(192K)->96K(192K) Class: 4K(128K)->4K(128K)
[2024-08-28T01:12:18.278+0000][info][gc          ] GC(93) Pause Young (Prepare Mixed) (G1 Evacuation Pause) 1556M->1561M(2048M) 26.954ms
[2024-08-28T01:12:18.278+0000][info][gc,cpu      ] GC(93) User=1.21s Sys=0.05s Real=0.03s
[2024-08-28T01:12:18.322+0000][info][gc,start    ] GC(94) Pause Young (Mixed) (G1 Evacuation Pause)
[2024-08-28T01:12:18.322+0000][info][gc,task     ] GC(94) Using 49 workers of 68 for evacuation
[2024-08-28T01:12:18.341+0000][info][gc,phases   ] GC(94)   Pre Evacuate Collection Set: 0.5ms
[2024-08-28T01:12:18.341+0000][info][gc,phases   ] GC(94)   Merge Heap Roots: 0.8ms
[2024-08-28T01:12:18.341+0000][info][gc,phases   ] GC(94)   Evacuate Collection Set: 16.5ms
[2024-08-28T01:12:18.341+0000][info][gc,phases   ] GC(94)   Post Evacuate Collection Set: 0.6ms
[2024-08-28T01:12:18.341+0000][info][gc,phases   ] GC(94)   Other: 0.3ms
[2024-08-28T01:12:18.341+0000][info][gc,heap     ] GC(94) Eden regions: 83->0(89)
[2024-08-28T01:12:18.341+0000][info][gc,heap     ] GC(94) Survivor regions: 19->13(13)
[2024-08-28T01:12:18.341+0000][info][gc,heap     ] GC(94) Old regions: 1537->1324
[2024-08-28T01:12:18.341+0000][info][gc,heap     ] GC(94) Archive regions: 2->2
[2024-08-28T01:12:18.341+0000][info][gc,heap     ] GC(94) Humongous regions: 5->5
[2024-08-28T01:12:18.341+0000][info][gc,metaspace] GC(94) Metaspace: 100K(320K)->100K(320K) NonClass: 96K(192K)->96K(192K) Class: 4K(128K)->4K(128K)
[2024-08-28T01:12:18.341+0000][info][gc          ] GC(94) Pause Young (Mixed) (G1 Evacuation Pause) 1644M->1342M(2048M) 18.789ms
[2024-08-28T01:12:18.341+0000][info][gc,cpu      ] GC(94) User=0.80s Sys=0.04s Real=0.02s
[2024-08-28T01:12:18.386+0000][info][gc,start    ] GC(95) Pause Young (Mixed) (G1 Evacuation Pause)
[2024-08-28T01:12:18.386+0000][info][gc,task     ] GC(95) Using 49 workers of 68 for evacuation
[2024-08-28T01:12:18.408+0000][info][gc,phases   ] GC(95)   Pre Evacuate Collection Set: 0.4ms
[2024-08-28T01:12:18.408+0000][info][gc,phases   ] GC(95)   Merge Heap Roots: 0.7ms
[2024-08-28T01:12:18.408+0000][info][gc,phases   ] GC(95)   Evacuate Collection Set: 20.0ms
[2024-08-28T01:12:18.408+0000][info][gc,phases   ] GC(95)   Post Evacuate Collection Set: 0.7ms
[2024-08-28T01:12:18.408+0000][info][gc,phases   ] GC(95)   Other: 0.3ms
[2024-08-28T01:12:18.408+0000][info][gc,heap     ] GC(95) Eden regions: 89->0(89)
[2024-08-28T01:12:18.408+0000][info][gc,heap     ] GC(95) Survivor regions: 13->13(13)
[2024-08-28T01:12:18.408+0000][info][gc,heap     ] GC(95) Old regions: 1324->1112
[2024-08-28T01:12:18.408+0000][info][gc,heap     ] GC(95) Archive regions: 2->2
[2024-08-28T01:12:18.408+0000][info][gc,heap     ] GC(95) Humongous regions: 5->5
[2024-08-28T01:12:18.409+0000][info][gc,metaspace] GC(95) Metaspace: 100K(320K)->100K(320K) NonClass: 96K(192K)->96K(192K) Class: 4K(128K)->4K(128K)
[2024-08-28T01:12:18.409+0000][info][gc          ] GC(95) Pause Young (Mixed) (G1 Evacuation Pause) 1431M->1130M(2048M) 22.159ms
[2024-08-28T01:12:18.409+0000][info][gc,cpu      ] GC(95) User=0.76s Sys=0.09s Real=0.02s
[2024-08-28T01:12:18.461+0000][info][gc,start    ] GC(96) Pause Young (Mixed) (G1 Evacuation Pause)
[2024-08-28T01:12:18.462+0000][info][gc,task     ] GC(96) Using 49 workers of 68 for evacuation
[2024-08-28T01:12:18.484+0000][info][gc,phases   ] GC(96)   Pre Evacuate Collection Set: 0.3ms
[2024-08-28T01:12:18.484+0000][info][gc,phases   ] GC(96)   Merge Heap Roots: 0.9ms
[2024-08-28T01:12:18.484+0000][info][gc,phases   ] GC(96)   Evacuate Collection Set: 20.8ms
[2024-08-28T01:12:18.484+0000][info][gc,phases   ] GC(96)   Post Evacuate Collection Set: 0.6ms
[2024-08-28T01:12:18.484+0000][info][gc,phases   ] GC(96)   Other: 0.3ms
[2024-08-28T01:12:18.484+0000][info][gc,heap     ] GC(96) Eden regions: 89->0(249)
[2024-08-28T01:12:18.484+0000][info][gc,heap     ] GC(96) Survivor regions: 13->13(13)
[2024-08-28T01:12:18.484+0000][info][gc,heap     ] GC(96) Old regions: 1112->1049
[2024-08-28T01:12:18.484+0000][info][gc,heap     ] GC(96) Archive regions: 2->2
[2024-08-28T01:12:18.484+0000][info][gc,heap     ] GC(96) Humongous regions: 5->5
[2024-08-28T01:12:18.484+0000][info][gc,metaspace] GC(96) Metaspace: 100K(320K)->100K(320K) NonClass: 96K(192K)->96K(192K) Class: 4K(128K)->4K(128K)
[2024-08-28T01:12:18.484+0000][info][gc          ] GC(96) Pause Young (Mixed) (G1 Evacuation Pause) 1219M->1067M(2048M) 22.876ms
[2024-08-28T01:12:18.484+0000][info][gc,cpu      ] GC(96) User=0.73s Sys=0.32s Real=0.02s
[2024-08-28T01:12:18.613+0000][info][gc,start    ] GC(97) Pause Young (Normal) (G1 Evacuation Pause)
[2024-08-28T01:12:18.613+0000][info][gc,task     ] GC(97) Using 49 workers of 68 for evacuation
[2024-08-28T01:12:18.653+0000][info][gc,phases   ] GC(97)   Pre Evacuate Collection Set: 0.4ms
[2024-08-28T01:12:18.653+0000][info][gc,phases   ] GC(97)   Merge Heap Roots: 1.1ms
[2024-08-28T01:12:18.653+0000][info][gc,phases   ] GC(97)   Evacuate Collection Set: 37.4ms
[2024-08-28T01:12:18.653+0000][info][gc,phases   ] GC(97)   Post Evacuate Collection Set: 0.6ms
[2024-08-28T01:12:18.653+0000][info][gc,phases   ] GC(97)   Other: 0.3ms
[2024-08-28T01:12:18.653+0000][info][gc,heap     ] GC(97) Eden regions: 249->0(169)
[2024-08-28T01:12:18.653+0000][info][gc,heap     ] GC(97) Survivor regions: 13->33(33)
[2024-08-28T01:12:18.653+0000][info][gc,heap     ] GC(97) Old regions: 1049->1275
[2024-08-28T01:12:18.653+0000][info][gc,heap     ] GC(97) Archive regions: 2->2
[2024-08-28T01:12:18.653+0000][info][gc,heap     ] GC(97) Humongous regions: 5->5
[2024-08-28T01:12:18.653+0000][info][gc,metaspace] GC(97) Metaspace: 100K(320K)->100K(320K) NonClass: 96K(192K)->96K(192K) Class: 4K(128K)->4K(128K)
[2024-08-28T01:12:18.653+0000][info][gc          ] GC(97) Pause Young (Normal) (G1 Evacuation Pause) 1316M->1313M(2048M) 39.938ms
[2024-08-28T01:12:18.653+0000][info][gc,cpu      ] GC(97) User=1.57s Sys=0.23s Real=0.04s
[2024-08-28T01:12:18.736+0000][info][gc,start    ] GC(98) Pause Young (Normal) (G1 Evacuation Pause)
[2024-08-28T01:12:18.736+0000][info][gc,task     ] GC(98) Using 49 workers of 68 for evacuation
[2024-08-28T01:12:18.768+0000][info][gc,phases   ] GC(98)   Pre Evacuate Collection Set: 0.4ms
[2024-08-28T01:12:18.768+0000][info][gc,phases   ] GC(98)   Merge Heap Roots: 0.9ms
[2024-08-28T01:12:18.768+0000][info][gc,phases   ] GC(98)   Evacuate Collection Set: 30.4ms
[2024-08-28T01:12:18.768+0000][info][gc,phases   ] GC(98)   Post Evacuate Collection Set: 0.5ms
[2024-08-28T01:12:18.768+0000][info][gc,phases   ] GC(98)   Other: 0.3ms
[2024-08-28T01:12:18.768+0000][info][gc,heap     ] GC(98) Eden regions: 169->0(113)
[2024-08-28T01:12:18.768+0000][info][gc,heap     ] GC(98) Survivor regions: 33->26(26)
[2024-08-28T01:12:18.768+0000][info][gc,heap     ] GC(98) Old regions: 1275->1454
[2024-08-28T01:12:18.768+0000][info][gc,heap     ] GC(98) Archive regions: 2->2
[2024-08-28T01:12:18.768+0000][info][gc,heap     ] GC(98) Humongous regions: 5->5
[2024-08-28T01:12:18.768+0000][info][gc,metaspace] GC(98) Metaspace: 100K(320K)->100K(320K) NonClass: 96K(192K)->96K(192K) Class: 4K(128K)->4K(128K)
[2024-08-28T01:12:18.768+0000][info][gc          ] GC(98) Pause Young (Normal) (G1 Evacuation Pause) 1482M->1485M(2048M) 32.541ms
[2024-08-28T01:12:18.768+0000][info][gc,cpu      ] GC(98) User=1.34s Sys=0.19s Real=0.03s
[2024-08-28T01:12:18.825+0000][info][gc,start    ] GC(99) Pause Young (Concurrent Start) (G1 Evacuation Pause)
[2024-08-28T01:12:18.825+0000][info][gc,task     ] GC(99) Using 49 workers of 68 for evacuation
[2024-08-28T01:12:18.849+0000][info][gc,phases   ] GC(99)   Pre Evacuate Collection Set: 0.4ms
[2024-08-28T01:12:18.849+0000][info][gc,phases   ] GC(99)   Merge Heap Roots: 0.9ms
[2024-08-28T01:12:18.849+0000][info][gc,phases   ] GC(99)   Evacuate Collection Set: 21.3ms
[2024-08-28T01:12:18.849+0000][info][gc,phases   ] GC(99)   Post Evacuate Collection Set: 0.5ms
[2024-08-28T01:12:18.849+0000][info][gc,phases   ] GC(99)   Other: 0.8ms
[2024-08-28T01:12:18.849+0000][info][gc,heap     ] GC(99) Eden regions: 113->0(84)
[2024-08-28T01:12:18.849+0000][info][gc,heap     ] GC(99) Survivor regions: 26->18(18)
[2024-08-28T01:12:18.849+0000][info][gc,heap     ] GC(99) Old regions: 1454->1582
[2024-08-28T01:12:18.849+0000][info][gc,heap     ] GC(99) Archive regions: 2->2
[2024-08-28T01:12:18.849+0000][info][gc,heap     ] GC(99) Humongous regions: 5->5
[2024-08-28T01:12:18.849+0000][info][gc,metaspace] GC(99) Metaspace: 100K(320K)->100K(320K) NonClass: 96K(192K)->96K(192K) Class: 4K(128K)->4K(128K)
[2024-08-28T01:12:18.849+0000][info][gc          ] GC(99) Pause Young (Concurrent Start) (G1 Evacuation Pause) 1598M->1605M(2048M) 23.879ms
[2024-08-28T01:12:18.849+0000][info][gc,cpu      ] GC(99) User=1.04s Sys=0.02s Real=0.02s
[2024-08-28T01:12:18.849+0000][info][gc          ] GC(100) Concurrent Mark Cycle
[2024-08-28T01:12:18.849+0000][info][gc,marking  ] GC(100) Concurrent Clear Claimed Marks
[2024-08-28T01:12:18.849+0000][info][gc,marking  ] GC(100) Concurrent Clear Claimed Marks 0.011ms
[2024-08-28T01:12:18.849+0000][info][gc,marking  ] GC(100) Concurrent Scan Root Regions
[2024-08-28T01:12:18.852+0000][info][gc,marking  ] GC(100) Concurrent Scan Root Regions 3.528ms
[2024-08-28T01:12:18.853+0000][info][gc,marking  ] GC(100) Concurrent Mark
[2024-08-28T01:12:18.853+0000][info][gc,marking  ] GC(100) Concurrent Mark From Roots
[2024-08-28T01:12:18.853+0000][info][gc,task     ] GC(100) Using 17 workers of 17 for marking
[2024-08-28T01:12:18.871+0000][info][gc,marking  ] GC(100) Concurrent Mark From Roots 18.702ms
[2024-08-28T01:12:18.871+0000][info][gc,marking  ] GC(100) Concurrent Preclean
[2024-08-28T01:12:18.873+0000][info][gc,marking  ] GC(100) Concurrent Preclean 1.231ms
[2024-08-28T01:12:18.873+0000][info][gc,start    ] GC(100) Pause Remark
[2024-08-28T01:12:18.875+0000][info][gc          ] GC(100) Pause Remark 1629M->1388M(2048M) 1.881ms
[2024-08-28T01:12:18.875+0000][info][gc,cpu      ] GC(100) User=0.01s Sys=0.00s Real=0.00s
[2024-08-28T01:12:18.875+0000][info][gc,marking  ] GC(100) Concurrent Mark 22.328ms
[2024-08-28T01:12:18.875+0000][info][gc,marking  ] GC(100) Concurrent Rebuild Remembered Sets
[2024-08-28T01:12:18.923+0000][info][gc,marking  ] GC(100) Concurrent Rebuild Remembered Sets 47.917ms
[2024-08-28T01:12:18.923+0000][info][gc,start    ] GC(100) Pause Cleanup
[2024-08-28T01:12:18.928+0000][info][gc          ] GC(100) Pause Cleanup 1446M->1446M(2048M) 4.490ms
[2024-08-28T01:12:18.928+0000][info][gc,cpu      ] GC(100) User=0.01s Sys=0.00s Real=0.00s
[2024-08-28T01:12:18.928+0000][info][gc,marking  ] GC(100) Concurrent Cleanup for Next Mark
[2024-08-28T01:12:18.929+0000][info][gc,marking  ] GC(100) Concurrent Cleanup for Next Mark 1.315ms
[2024-08-28T01:12:18.929+0000][info][gc          ] GC(100) Concurrent Mark Cycle 80.359ms
[2024-08-28T01:12:18.930+0000][info][gc,start    ] GC(101) Pause Young (Prepare Mixed) (G1 Evacuation Pause)
[2024-08-28T01:12:18.930+0000][info][gc,task     ] GC(101) Using 49 workers of 68 for evacuation
[2024-08-28T01:12:18.948+0000][info][gc,phases   ] GC(101)   Pre Evacuate Collection Set: 0.4ms
[2024-08-28T01:12:18.948+0000][info][gc,phases   ] GC(101)   Merge Heap Roots: 0.9ms
[2024-08-28T01:12:18.948+0000][info][gc,phases   ] GC(101)   Evacuate Collection Set: 15.4ms
[2024-08-28T01:12:18.948+0000][info][gc,phases   ] GC(101)   Post Evacuate Collection Set: 0.5ms
[2024-08-28T01:12:18.948+0000][info][gc,phases   ] GC(101)   Other: 0.2ms
[2024-08-28T01:12:18.948+0000][info][gc,heap     ] GC(101) Eden regions: 84->0(89)
[2024-08-28T01:12:18.948+0000][info][gc,heap     ] GC(101) Survivor regions: 18->13(13)
[2024-08-28T01:12:18.948+0000][info][gc,heap     ] GC(101) Old regions: 1341->1438
[2024-08-28T01:12:18.948+0000][info][gc,heap     ] GC(101) Archive regions: 2->2
[2024-08-28T01:12:18.948+0000][info][gc,heap     ] GC(101) Humongous regions: 5->5
[2024-08-28T01:12:18.948+0000][info][gc,metaspace] GC(101) Metaspace: 100K(320K)->100K(320K) NonClass: 96K(192K)->96K(192K) Class: 4K(128K)->4K(128K)
[2024-08-28T01:12:18.948+0000][info][gc          ] GC(101) Pause Young (Prepare Mixed) (G1 Evacuation Pause) 1448M->1456M(2048M) 17.407ms
[2024-08-28T01:12:18.948+0000][info][gc,cpu      ] GC(101) User=0.76s Sys=0.03s Real=0.01s
[2024-08-28T01:12:18.992+0000][info][gc,start    ] GC(102) Pause Young (Mixed) (G1 Evacuation Pause)
[2024-08-28T01:12:18.992+0000][info][gc,task     ] GC(102) Using 49 workers of 68 for evacuation
[2024-08-28T01:12:19.009+0000][info][gc,phases   ] GC(102)   Pre Evacuate Collection Set: 0.4ms
[2024-08-28T01:12:19.009+0000][info][gc,phases   ] GC(102)   Merge Heap Roots: 0.6ms
[2024-08-28T01:12:19.009+0000][info][gc,phases   ] GC(102)   Evacuate Collection Set: 15.7ms
[2024-08-28T01:12:19.009+0000][info][gc,phases   ] GC(102)   Post Evacuate Collection Set: 0.6ms
[2024-08-28T01:12:19.009+0000][info][gc,phases   ] GC(102)   Other: 0.2ms
[2024-08-28T01:12:19.009+0000][info][gc,heap     ] GC(102) Eden regions: 89->0(89)
[2024-08-28T01:12:19.009+0000][info][gc,heap     ] GC(102) Survivor regions: 13->13(13)
[2024-08-28T01:12:19.009+0000][info][gc,heap     ] GC(102) Old regions: 1438->1225
[2024-08-28T01:12:19.009+0000][info][gc,heap     ] GC(102) Archive regions: 2->2
[2024-08-28T01:12:19.009+0000][info][gc,heap     ] GC(102) Humongous regions: 5->5
[2024-08-28T01:12:19.009+0000][info][gc,metaspace] GC(102) Metaspace: 100K(320K)->100K(320K) NonClass: 96K(192K)->96K(192K) Class: 4K(128K)->4K(128K)
[2024-08-28T01:12:19.009+0000][info][gc          ] GC(102) Pause Young (Mixed) (G1 Evacuation Pause) 1545M->1243M(2048M) 17.710ms
[2024-08-28T01:12:19.009+0000][info][gc,cpu      ] GC(102) User=0.76s Sys=0.03s Real=0.01s
[2024-08-28T01:12:19.053+0000][info][gc,start    ] GC(103) Pause Young (Mixed) (G1 Evacuation Pause)
[2024-08-28T01:12:19.053+0000][info][gc,task     ] GC(103) Using 49 workers of 68 for evacuation
[2024-08-28T01:12:19.076+0000][info][gc,phases   ] GC(103)   Pre Evacuate Collection Set: 0.4ms
[2024-08-28T01:12:19.076+0000][info][gc,phases   ] GC(103)   Merge Heap Roots: 0.7ms
[2024-08-28T01:12:19.076+0000][info][gc,phases   ] GC(103)   Evacuate Collection Set: 20.7ms
[2024-08-28T01:12:19.076+0000][info][gc,phases   ] GC(103)   Post Evacuate Collection Set: 0.9ms
[2024-08-28T01:12:19.076+0000][info][gc,phases   ] GC(103)   Other: 0.3ms
[2024-08-28T01:12:19.076+0000][info][gc,heap     ] GC(103) Eden regions: 89->0(89)
[2024-08-28T01:12:19.076+0000][info][gc,heap     ] GC(103) Survivor regions: 13->13(13)
[2024-08-28T01:12:19.076+0000][info][gc,heap     ] GC(103) Old regions: 1225->1011
[2024-08-28T01:12:19.076+0000][info][gc,heap     ] GC(103) Archive regions: 2->2
[2024-08-28T01:12:19.076+0000][info][gc,heap     ] GC(103) Humongous regions: 5->5
[2024-08-28T01:12:19.076+0000][info][gc,metaspace] GC(103) Metaspace: 100K(320K)->100K(320K) NonClass: 96K(192K)->96K(192K) Class: 4K(128K)->4K(128K)
[2024-08-28T01:12:19.076+0000][info][gc          ] GC(103) Pause Young (Mixed) (G1 Evacuation Pause) 1332M->1029M(2048M) 23.048ms
[2024-08-28T01:12:19.076+0000][info][gc,cpu      ] GC(103) User=0.65s Sys=0.13s Real=0.02s
[2024-08-28T01:12:19.128+0000][info][gc,start    ] GC(104) Pause Young (Mixed) (G1 Evacuation Pause)
[2024-08-28T01:12:19.128+0000][info][gc,task     ] GC(104) Using 49 workers of 68 for evacuation
[2024-08-28T01:12:19.146+0000][info][gc,phases   ] GC(104)   Pre Evacuate Collection Set: 0.5ms
[2024-08-28T01:12:19.146+0000][info][gc,phases   ] GC(104)   Merge Heap Roots: 0.8ms
[2024-08-28T01:12:19.146+0000][info][gc,phases   ] GC(104)   Evacuate Collection Set: 15.2ms
[2024-08-28T01:12:19.146+0000][info][gc,phases   ] GC(104)   Post Evacuate Collection Set: 0.6ms
[2024-08-28T01:12:19.146+0000][info][gc,phases   ] GC(104)   Other: 0.3ms
[2024-08-28T01:12:19.146+0000][info][gc,heap     ] GC(104) Eden regions: 89->0(293)
[2024-08-28T01:12:19.146+0000][info][gc,heap     ] GC(104) Survivor regions: 13->13(13)
[2024-08-28T01:12:19.146+0000][info][gc,heap     ] GC(104) Old regions: 1011->912
[2024-08-28T01:12:19.146+0000][info][gc,heap     ] GC(104) Archive regions: 2->2
[2024-08-28T01:12:19.146+0000][info][gc,heap     ] GC(104) Humongous regions: 5->5
[2024-08-28T01:12:19.146+0000][info][gc,metaspace] GC(104) Metaspace: 100K(320K)->100K(320K) NonClass: 96K(192K)->96K(192K) Class: 4K(128K)->4K(128K)
[2024-08-28T01:12:19.146+0000][info][gc          ] GC(104) Pause Young (Mixed) (G1 Evacuation Pause) 1118M->930M(2048M) 17.394ms
[2024-08-28T01:12:19.146+0000][info][gc,cpu      ] GC(104) User=0.76s Sys=0.02s Real=0.02s
[2024-08-28T01:12:19.289+0000][info][gc,start    ] GC(105) Pause Young (Normal) (G1 Evacuation Pause)
[2024-08-28T01:12:19.289+0000][info][gc,task     ] GC(105) Using 49 workers of 68 for evacuation
[2024-08-28T01:12:19.333+0000][info][gc,phases   ] GC(105)   Pre Evacuate Collection Set: 0.5ms
[2024-08-28T01:12:19.333+0000][info][gc,phases   ] GC(105)   Merge Heap Roots: 1.1ms
[2024-08-28T01:12:19.333+0000][info][gc,phases   ] GC(105)   Evacuate Collection Set: 41.2ms
[2024-08-28T01:12:19.333+0000][info][gc,phases   ] GC(105)   Post Evacuate Collection Set: 0.7ms
[2024-08-28T01:12:19.333+0000][info][gc,phases   ] GC(105)   Other: 0.3ms
[2024-08-28T01:12:19.333+0000][info][gc,heap     ] GC(105) Eden regions: 293->0(201)
[2024-08-28T01:12:19.333+0000][info][gc,heap     ] GC(105) Survivor regions: 13->39(39)
[2024-08-28T01:12:19.333+0000][info][gc,heap     ] GC(105) Old regions: 912->1170
[2024-08-28T01:12:19.333+0000][info][gc,heap     ] GC(105) Archive regions: 2->2
[2024-08-28T01:12:19.333+0000][info][gc,heap     ] GC(105) Humongous regions: 5->5
[2024-08-28T01:12:19.333+0000][info][gc,metaspace] GC(105) Metaspace: 100K(320K)->100K(320K) NonClass: 96K(192K)->96K(192K) Class: 4K(128K)->4K(128K)
[2024-08-28T01:12:19.333+0000][info][gc          ] GC(105) Pause Young (Normal) (G1 Evacuation Pause) 1223M->1214M(2048M) 43.809ms
[2024-08-28T01:12:19.333+0000][info][gc,cpu      ] GC(105) User=1.89s Sys=0.10s Real=0.05s
[2024-08-28T01:12:19.431+0000][info][gc,start    ] GC(106) Pause Young (Normal) (G1 Evacuation Pause)
[2024-08-28T01:12:19.432+0000][info][gc,task     ] GC(106) Using 49 workers of 68 for evacuation
[2024-08-28T01:12:19.469+0000][info][gc,phases   ] GC(106)   Pre Evacuate Collection Set: 0.3ms
[2024-08-28T01:12:19.469+0000][info][gc,phases   ] GC(106)   Merge Heap Roots: 0.9ms
[2024-08-28T01:12:19.469+0000][info][gc,phases   ] GC(106)   Evacuate Collection Set: 35.9ms
[2024-08-28T01:12:19.469+0000][info][gc,phases   ] GC(106)   Post Evacuate Collection Set: 0.6ms
[2024-08-28T01:12:19.469+0000][info][gc,phases   ] GC(106)   Other: 0.3ms
[2024-08-28T01:12:19.469+0000][info][gc,heap     ] GC(106) Eden regions: 201->0(136)
[2024-08-28T01:12:19.469+0000][info][gc,heap     ] GC(106) Survivor regions: 39->30(30)
[2024-08-28T01:12:19.469+0000][info][gc,heap     ] GC(106) Old regions: 1170->1380
[2024-08-28T01:12:19.469+0000][info][gc,heap     ] GC(106) Archive regions: 2->2
[2024-08-28T01:12:19.469+0000][info][gc,heap     ] GC(106) Humongous regions: 5->5
[2024-08-28T01:12:19.469+0000][info][gc,metaspace] GC(106) Metaspace: 100K(320K)->100K(320K) NonClass: 96K(192K)->96K(192K) Class: 4K(128K)->4K(128K)
[2024-08-28T01:12:19.470+0000][info][gc          ] GC(106) Pause Young (Normal) (G1 Evacuation Pause) 1415M->1415M(2048M) 38.039ms
[2024-08-28T01:12:19.470+0000][info][gc,cpu      ] GC(106) User=1.64s Sys=0.15s Real=0.04s
[2024-08-28T01:12:19.536+0000][info][gc,start    ] GC(107) Pause Young (Concurrent Start) (G1 Evacuation Pause)
[2024-08-28T01:12:19.536+0000][info][gc,task     ] GC(107) Using 49 workers of 68 for evacuation
[2024-08-28T01:12:19.564+0000][info][gc,phases   ] GC(107)   Pre Evacuate Collection Set: 0.3ms
[2024-08-28T01:12:19.564+0000][info][gc,phases   ] GC(107)   Merge Heap Roots: 1.0ms
[2024-08-28T01:12:19.564+0000][info][gc,phases   ] GC(107)   Evacuate Collection Set: 25.6ms
[2024-08-28T01:12:19.564+0000][info][gc,phases   ] GC(107)   Post Evacuate Collection Set: 0.6ms
[2024-08-28T01:12:19.564+0000][info][gc,phases   ] GC(107)   Other: 0.7ms
[2024-08-28T01:12:19.564+0000][info][gc,heap     ] GC(107) Eden regions: 136->0(91)
[2024-08-28T01:12:19.564+0000][info][gc,heap     ] GC(107) Survivor regions: 30->21(21)
[2024-08-28T01:12:19.564+0000][info][gc,heap     ] GC(107) Old regions: 1380->1529
[2024-08-28T01:12:19.564+0000][info][gc,heap     ] GC(107) Archive regions: 2->2
[2024-08-28T01:12:19.564+0000][info][gc,heap     ] GC(107) Humongous regions: 5->5
[2024-08-28T01:12:19.564+0000][info][gc,metaspace] GC(107) Metaspace: 100K(320K)->100K(320K) NonClass: 96K(192K)->96K(192K) Class: 4K(128K)->4K(128K)
[2024-08-28T01:12:19.564+0000][info][gc          ] GC(107) Pause Young (Concurrent Start) (G1 Evacuation Pause) 1551M->1555M(2048M) 28.226ms
[2024-08-28T01:12:19.564+0000][info][gc,cpu      ] GC(107) User=1.19s Sys=0.10s Real=0.03s
[2024-08-28T01:12:19.564+0000][info][gc          ] GC(108) Concurrent Mark Cycle
[2024-08-28T01:12:19.564+0000][info][gc,marking  ] GC(108) Concurrent Clear Claimed Marks
[2024-08-28T01:12:19.564+0000][info][gc,marking  ] GC(108) Concurrent Clear Claimed Marks 0.010ms
[2024-08-28T01:12:19.564+0000][info][gc,marking  ] GC(108) Concurrent Scan Root Regions
[2024-08-28T01:12:19.569+0000][info][gc,marking  ] GC(108) Concurrent Scan Root Regions 4.181ms
[2024-08-28T01:12:19.569+0000][info][gc,marking  ] GC(108) Concurrent Mark
[2024-08-28T01:12:19.569+0000][info][gc,marking  ] GC(108) Concurrent Mark From Roots
[2024-08-28T01:12:19.569+0000][info][gc,task     ] GC(108) Using 17 workers of 17 for marking
[2024-08-28T01:12:19.587+0000][info][gc,marking  ] GC(108) Concurrent Mark From Roots 18.643ms
[2024-08-28T01:12:19.587+0000][info][gc,marking  ] GC(108) Concurrent Preclean
[2024-08-28T01:12:19.588+0000][info][gc,marking  ] GC(108) Concurrent Preclean 0.506ms
[2024-08-28T01:12:19.588+0000][info][gc,start    ] GC(108) Pause Remark
[2024-08-28T01:12:19.590+0000][info][gc          ] GC(108) Pause Remark 1579M->1357M(2048M) 1.955ms
[2024-08-28T01:12:19.590+0000][info][gc,cpu      ] GC(108) User=0.01s Sys=0.00s Real=0.01s
[2024-08-28T01:12:19.590+0000][info][gc,marking  ] GC(108) Concurrent Mark 21.514ms
[2024-08-28T01:12:19.590+0000][info][gc,marking  ] GC(108) Concurrent Rebuild Remembered Sets
[2024-08-28T01:12:19.644+0000][info][gc,marking  ] GC(108) Concurrent Rebuild Remembered Sets 53.403ms
[2024-08-28T01:12:19.644+0000][info][gc,start    ] GC(108) Pause Cleanup
[2024-08-28T01:12:19.647+0000][info][gc          ] GC(108) Pause Cleanup 1423M->1423M(2048M) 3.041ms
[2024-08-28T01:12:19.647+0000][info][gc,cpu      ] GC(108) User=0.01s Sys=0.00s Real=0.00s
[2024-08-28T01:12:19.647+0000][info][gc,marking  ] GC(108) Concurrent Cleanup for Next Mark
[2024-08-28T01:12:19.649+0000][info][gc,marking  ] GC(108) Concurrent Cleanup for Next Mark 1.405ms
[2024-08-28T01:12:19.649+0000][info][gc          ] GC(108) Concurrent Mark Cycle 84.371ms
[2024-08-28T01:12:19.649+0000][info][gc,start    ] GC(109) Pause Young (Prepare Mixed) (G1 Evacuation Pause)
[2024-08-28T01:12:19.649+0000][info][gc,task     ] GC(109) Using 49 workers of 68 for evacuation
[2024-08-28T01:12:19.668+0000][info][gc,phases   ] GC(109)   Pre Evacuate Collection Set: 0.3ms
[2024-08-28T01:12:19.668+0000][info][gc,phases   ] GC(109)   Merge Heap Roots: 0.9ms
[2024-08-28T01:12:19.668+0000][info][gc,phases   ] GC(109)   Evacuate Collection Set: 16.3ms
[2024-08-28T01:12:19.668+0000][info][gc,phases   ] GC(109)   Post Evacuate Collection Set: 0.5ms
[2024-08-28T01:12:19.668+0000][info][gc,phases   ] GC(109)   Other: 0.2ms
[2024-08-28T01:12:19.668+0000][info][gc,heap     ] GC(109) Eden regions: 91->0(88)
[2024-08-28T01:12:19.668+0000][info][gc,heap     ] GC(109) Survivor regions: 21->14(14)
[2024-08-28T01:12:19.668+0000][info][gc,heap     ] GC(109) Old regions: 1307->1413
[2024-08-28T01:12:19.668+0000][info][gc,heap     ] GC(109) Archive regions: 2->2
[2024-08-28T01:12:19.668+0000][info][gc,heap     ] GC(109) Humongous regions: 5->5
[2024-08-28T01:12:19.668+0000][info][gc,metaspace] GC(109) Metaspace: 100K(320K)->100K(320K) NonClass: 96K(192K)->96K(192K) Class: 4K(128K)->4K(128K)
[2024-08-28T01:12:19.668+0000][info][gc          ] GC(109) Pause Young (Prepare Mixed) (G1 Evacuation Pause) 1424M->1432M(2048M) 18.295ms
[2024-08-28T01:12:19.668+0000][info][gc,cpu      ] GC(109) User=0.83s Sys=0.00s Real=0.02s
[2024-08-28T01:12:19.711+0000][info][gc,start    ] GC(110) Pause Young (Mixed) (G1 Evacuation Pause)
[2024-08-28T01:12:19.711+0000][info][gc,task     ] GC(110) Using 49 workers of 68 for evacuation
[2024-08-28T01:12:19.728+0000][info][gc,phases   ] GC(110)   Pre Evacuate Collection Set: 0.4ms
[2024-08-28T01:12:19.728+0000][info][gc,phases   ] GC(110)   Merge Heap Roots: 0.6ms
[2024-08-28T01:12:19.728+0000][info][gc,phases   ] GC(110)   Evacuate Collection Set: 15.8ms
[2024-08-28T01:12:19.728+0000][info][gc,phases   ] GC(110)   Post Evacuate Collection Set: 0.6ms
[2024-08-28T01:12:19.728+0000][info][gc,phases   ] GC(110)   Other: 0.2ms
[2024-08-28T01:12:19.728+0000][info][gc,heap     ] GC(110) Eden regions: 88->0(89)
[2024-08-28T01:12:19.728+0000][info][gc,heap     ] GC(110) Survivor regions: 14->13(13)
[2024-08-28T01:12:19.728+0000][info][gc,heap     ] GC(110) Old regions: 1413->1202
[2024-08-28T01:12:19.728+0000][info][gc,heap     ] GC(110) Archive regions: 2->2
[2024-08-28T01:12:19.728+0000][info][gc,heap     ] GC(110) Humongous regions: 5->5
[2024-08-28T01:12:19.728+0000][info][gc,metaspace] GC(110) Metaspace: 100K(320K)->100K(320K) NonClass: 96K(192K)->96K(192K) Class: 4K(128K)->4K(128K)
[2024-08-28T01:12:19.728+0000][info][gc          ] GC(110) Pause Young (Mixed) (G1 Evacuation Pause) 1520M->1220M(2048M) 17.796ms
[2024-08-28T01:12:19.728+0000][info][gc,cpu      ] GC(110) User=0.79s Sys=0.01s Real=0.01s
[2024-08-28T01:12:19.773+0000][info][gc,start    ] GC(111) Pause Young (Mixed) (G1 Evacuation Pause)
[2024-08-28T01:12:19.773+0000][info][gc,task     ] GC(111) Using 49 workers of 68 for evacuation
[2024-08-28T01:12:19.790+0000][info][gc,phases   ] GC(111)   Pre Evacuate Collection Set: 0.5ms
[2024-08-28T01:12:19.790+0000][info][gc,phases   ] GC(111)   Merge Heap Roots: 0.7ms
[2024-08-28T01:12:19.790+0000][info][gc,phases   ] GC(111)   Evacuate Collection Set: 15.4ms
[2024-08-28T01:12:19.790+0000][info][gc,phases   ] GC(111)   Post Evacuate Collection Set: 0.7ms
[2024-08-28T01:12:19.790+0000][info][gc,phases   ] GC(111)   Other: 0.2ms
[2024-08-28T01:12:19.790+0000][info][gc,heap     ] GC(111) Eden regions: 89->0(89)
[2024-08-28T01:12:19.790+0000][info][gc,heap     ] GC(111) Survivor regions: 13->13(13)
[2024-08-28T01:12:19.790+0000][info][gc,heap     ] GC(111) Old regions: 1202->987
[2024-08-28T01:12:19.790+0000][info][gc,heap     ] GC(111) Archive regions: 2->2
[2024-08-28T01:12:19.790+0000][info][gc,heap     ] GC(111) Humongous regions: 5->5
[2024-08-28T01:12:19.790+0000][info][gc,metaspace] GC(111) Metaspace: 100K(320K)->100K(320K) NonClass: 96K(192K)->96K(192K) Class: 4K(128K)->4K(128K)
[2024-08-28T01:12:19.790+0000][info][gc          ] GC(111) Pause Young (Mixed) (G1 Evacuation Pause) 1309M->1005M(2048M) 17.580ms
[2024-08-28T01:12:19.790+0000][info][gc,cpu      ] GC(111) User=0.78s Sys=0.00s Real=0.02s
[2024-08-28T01:12:19.834+0000][info][gc,start    ] GC(112) Pause Young (Mixed) (G1 Evacuation Pause)
[2024-08-28T01:12:19.834+0000][info][gc,task     ] GC(112) Using 49 workers of 68 for evacuation
[2024-08-28T01:12:19.854+0000][info][gc,phases   ] GC(112)   Pre Evacuate Collection Set: 0.4ms
[2024-08-28T01:12:19.854+0000][info][gc,phases   ] GC(112)   Merge Heap Roots: 0.7ms
[2024-08-28T01:12:19.854+0000][info][gc,phases   ] GC(112)   Evacuate Collection Set: 18.3ms
[2024-08-28T01:12:19.854+0000][info][gc,phases   ] GC(112)   Post Evacuate Collection Set: 0.6ms
[2024-08-28T01:12:19.854+0000][info][gc,phases   ] GC(112)   Other: 0.2ms
[2024-08-28T01:12:19.854+0000][info][gc,heap     ] GC(112) Eden regions: 89->0(292)
[2024-08-28T01:12:19.854+0000][info][gc,heap     ] GC(112) Survivor regions: 13->13(13)
[2024-08-28T01:12:19.854+0000][info][gc,heap     ] GC(112) Old regions: 987->915
[2024-08-28T01:12:19.854+0000][info][gc,heap     ] GC(112) Archive regions: 2->2
[2024-08-28T01:12:19.854+0000][info][gc,heap     ] GC(112) Humongous regions: 5->5
[2024-08-28T01:12:19.854+0000][info][gc,metaspace] GC(112) Metaspace: 100K(320K)->100K(320K) NonClass: 96K(192K)->96K(192K) Class: 4K(128K)->4K(128K)
[2024-08-28T01:12:19.854+0000][info][gc          ] GC(112) Pause Young (Mixed) (G1 Evacuation Pause) 1094M->933M(2048M) 20.316ms
[2024-08-28T01:12:19.854+0000][info][gc,cpu      ] GC(112) User=0.91s Sys=0.02s Real=0.02s
[2024-08-28T01:12:19.994+0000][info][gc,start    ] GC(113) Pause Young (Normal) (G1 Evacuation Pause)
[2024-08-28T01:12:19.994+0000][info][gc,task     ] GC(113) Using 49 workers of 68 for evacuation
[2024-08-28T01:12:20.035+0000][info][gc,phases   ] GC(113)   Pre Evacuate Collection Set: 0.3ms
[2024-08-28T01:12:20.035+0000][info][gc,phases   ] GC(113)   Merge Heap Roots: 1.1ms
[2024-08-28T01:12:20.035+0000][info][gc,phases   ] GC(113)   Evacuate Collection Set: 39.3ms
[2024-08-28T01:12:20.035+0000][info][gc,phases   ] GC(113)   Post Evacuate Collection Set: 0.6ms
[2024-08-28T01:12:20.035+0000][info][gc,phases   ] GC(113)   Other: 0.2ms
[2024-08-28T01:12:20.035+0000][info][gc,heap     ] GC(113) Eden regions: 292->0(200)
[2024-08-28T01:12:20.035+0000][info][gc,heap     ] GC(113) Survivor regions: 13->39(39)
[2024-08-28T01:12:20.035+0000][info][gc,heap     ] GC(113) Old regions: 915->1173
[2024-08-28T01:12:20.035+0000][info][gc,heap     ] GC(113) Archive regions: 2->2
[2024-08-28T01:12:20.035+0000][info][gc,heap     ] GC(113) Humongous regions: 5->5
[2024-08-28T01:12:20.035+0000][info][gc,metaspace] GC(113) Metaspace: 100K(320K)->100K(320K) NonClass: 96K(192K)->96K(192K) Class: 4K(128K)->4K(128K)
[2024-08-28T01:12:20.035+0000][info][gc          ] GC(113) Pause Young (Normal) (G1 Evacuation Pause) 1225M->1217M(2048M) 41.641ms
[2024-08-28T01:12:20.035+0000][info][gc,cpu      ] GC(113) User=1.92s Sys=0.03s Real=0.04s
[2024-08-28T01:12:20.130+0000][info][gc,start    ] GC(114) Pause Young (Normal) (G1 Evacuation Pause)
[2024-08-28T01:12:20.130+0000][info][gc,task     ] GC(114) Using 49 workers of 68 for evacuation
[2024-08-28T01:12:20.166+0000][info][gc,phases   ] GC(114)   Pre Evacuate Collection Set: 0.3ms
[2024-08-28T01:12:20.167+0000][info][gc,phases   ] GC(114)   Merge Heap Roots: 1.0ms
[2024-08-28T01:12:20.167+0000][info][gc,phases   ] GC(114)   Evacuate Collection Set: 34.8ms
[2024-08-28T01:12:20.167+0000][info][gc,phases   ] GC(114)   Post Evacuate Collection Set: 0.6ms
[2024-08-28T01:12:20.167+0000][info][gc,phases   ] GC(114)   Other: 0.2ms
[2024-08-28T01:12:20.167+0000][info][gc,heap     ] GC(114) Eden regions: 200->0(135)
[2024-08-28T01:12:20.167+0000][info][gc,heap     ] GC(114) Survivor regions: 39->30(30)
[2024-08-28T01:12:20.167+0000][info][gc,heap     ] GC(114) Old regions: 1173->1382
[2024-08-28T01:12:20.167+0000][info][gc,heap     ] GC(114) Archive regions: 2->2
[2024-08-28T01:12:20.167+0000][info][gc,heap     ] GC(114) Humongous regions: 5->5
[2024-08-28T01:12:20.167+0000][info][gc,metaspace] GC(114) Metaspace: 100K(320K)->100K(320K) NonClass: 96K(192K)->96K(192K) Class: 4K(128K)->4K(128K)
[2024-08-28T01:12:20.167+0000][info][gc          ] GC(114) Pause Young (Normal) (G1 Evacuation Pause) 1417M->1417M(2048M) 37.008ms
[2024-08-28T01:12:20.167+0000][info][gc,cpu      ] GC(114) User=1.71s Sys=0.03s Real=0.03s
[2024-08-28T01:12:20.233+0000][info][gc,start    ] GC(115) Pause Young (Concurrent Start) (G1 Evacuation Pause)
[2024-08-28T01:12:20.233+0000][info][gc,task     ] GC(115) Using 49 workers of 68 for evacuation
[2024-08-28T01:12:20.260+0000][info][gc,phases   ] GC(115)   Pre Evacuate Collection Set: 0.4ms
[2024-08-28T01:12:20.260+0000][info][gc,phases   ] GC(115)   Merge Heap Roots: 0.9ms
[2024-08-28T01:12:20.260+0000][info][gc,phases   ] GC(115)   Evacuate Collection Set: 25.0ms
[2024-08-28T01:12:20.260+0000][info][gc,phases   ] GC(115)   Post Evacuate Collection Set: 0.5ms
[2024-08-28T01:12:20.260+0000][info][gc,phases   ] GC(115)   Other: 0.7ms
[2024-08-28T01:12:20.260+0000][info][gc,heap     ] GC(115) Eden regions: 135->0(90)
[2024-08-28T01:12:20.260+0000][info][gc,heap     ] GC(115) Survivor regions: 30->21(21)
[2024-08-28T01:12:20.260+0000][info][gc,heap     ] GC(115) Old regions: 1382->1532
[2024-08-28T01:12:20.260+0000][info][gc,heap     ] GC(115) Archive regions: 2->2
[2024-08-28T01:12:20.260+0000][info][gc,heap     ] GC(115) Humongous regions: 5->5
[2024-08-28T01:12:20.260+0000][info][gc,metaspace] GC(115) Metaspace: 100K(320K)->100K(320K) NonClass: 96K(192K)->96K(192K) Class: 4K(128K)->4K(128K)
[2024-08-28T01:12:20.260+0000][info][gc          ] GC(115) Pause Young (Concurrent Start) (G1 Evacuation Pause) 1552M->1558M(2048M) 27.585ms
[2024-08-28T01:12:20.260+0000][info][gc,cpu      ] GC(115) User=1.18s Sys=0.08s Real=0.03s
[2024-08-28T01:12:20.260+0000][info][gc          ] GC(116) Concurrent Mark Cycle
[2024-08-28T01:12:20.260+0000][info][gc,marking  ] GC(116) Concurrent Clear Claimed Marks
[2024-08-28T01:12:20.260+0000][info][gc,marking  ] GC(116) Concurrent Clear Claimed Marks 0.010ms
[2024-08-28T01:12:20.260+0000][info][gc,marking  ] GC(116) Concurrent Scan Root Regions
[2024-08-28T01:12:20.265+0000][info][gc,marking  ] GC(116) Concurrent Scan Root Regions 4.251ms
[2024-08-28T01:12:20.265+0000][info][gc,marking  ] GC(116) Concurrent Mark
[2024-08-28T01:12:20.265+0000][info][gc,marking  ] GC(116) Concurrent Mark From Roots
[2024-08-28T01:12:20.265+0000][info][gc,task     ] GC(116) Using 17 workers of 17 for marking
[2024-08-28T01:12:20.283+0000][info][gc,marking  ] GC(116) Concurrent Mark From Roots 18.106ms
[2024-08-28T01:12:20.283+0000][info][gc,marking  ] GC(116) Concurrent Preclean
[2024-08-28T01:12:20.283+0000][info][gc,marking  ] GC(116) Concurrent Preclean 0.504ms
[2024-08-28T01:12:20.284+0000][info][gc,start    ] GC(116) Pause Remark
[2024-08-28T01:12:20.286+0000][info][gc          ] GC(116) Pause Remark 1581M->1373M(2048M) 2.112ms
[2024-08-28T01:12:20.286+0000][info][gc,cpu      ] GC(116) User=0.02s Sys=0.01s Real=0.00s
[2024-08-28T01:12:20.286+0000][info][gc,marking  ] GC(116) Concurrent Mark 21.144ms
[2024-08-28T01:12:20.286+0000][info][gc,marking  ] GC(116) Concurrent Rebuild Remembered Sets
[2024-08-28T01:12:20.337+0000][info][gc,start    ] GC(117) Pause Young (Normal) (G1 Evacuation Pause)
[2024-08-28T01:12:20.337+0000][info][gc,task     ] GC(117) Using 49 workers of 68 for evacuation
[2024-08-28T01:12:20.355+0000][info][gc,phases   ] GC(117)   Pre Evacuate Collection Set: 0.3ms
[2024-08-28T01:12:20.355+0000][info][gc,phases   ] GC(117)   Merge Heap Roots: 0.8ms
[2024-08-28T01:12:20.355+0000][info][gc,phases   ] GC(117)   Evacuate Collection Set: 16.0ms
[2024-08-28T01:12:20.355+0000][info][gc,phases   ] GC(117)   Post Evacuate Collection Set: 0.9ms
[2024-08-28T01:12:20.355+0000][info][gc,phases   ] GC(117)   Other: 0.2ms
[2024-08-28T01:12:20.355+0000][info][gc,heap     ] GC(117) Eden regions: 90->0(125)
[2024-08-28T01:12:20.355+0000][info][gc,heap     ] GC(117) Survivor regions: 21->14(14)
[2024-08-28T01:12:20.355+0000][info][gc,heap     ] GC(117) Old regions: 1324->1429
[2024-08-28T01:12:20.355+0000][info][gc,heap     ] GC(117) Archive regions: 2->2
[2024-08-28T01:12:20.355+0000][info][gc,heap     ] GC(117) Humongous regions: 5->5
[2024-08-28T01:12:20.355+0000][info][gc,metaspace] GC(117) Metaspace: 100K(320K)->100K(320K) NonClass: 96K(192K)->96K(192K) Class: 4K(128K)->4K(128K)
[2024-08-28T01:12:20.355+0000][info][gc          ] GC(117) Pause Young (Normal) (G1 Evacuation Pause) 1440M->1448M(2048M) 18.285ms
[2024-08-28T01:12:20.355+0000][info][gc,cpu      ] GC(117) User=0.84s Sys=0.00s Real=0.02s
[2024-08-28T01:12:20.356+0000][info][gc,marking  ] GC(116) Concurrent Rebuild Remembered Sets 70.368ms
[2024-08-28T01:12:20.357+0000][info][gc,start    ] GC(116) Pause Cleanup
[2024-08-28T01:12:20.360+0000][info][gc          ] GC(116) Pause Cleanup 1450M->1450M(2048M) 3.129ms
[2024-08-28T01:12:20.360+0000][info][gc,cpu      ] GC(116) User=0.01s Sys=0.00s Real=0.01s
[2024-08-28T01:12:20.360+0000][info][gc,marking  ] GC(116) Concurrent Cleanup for Next Mark
[2024-08-28T01:12:20.361+0000][info][gc,marking  ] GC(116) Concurrent Cleanup for Next Mark 1.343ms
[2024-08-28T01:12:20.361+0000][info][gc          ] GC(116) Concurrent Mark Cycle 100.827ms
[2024-08-28T01:12:20.424+0000][info][gc,start    ] GC(118) Pause Young (Prepare Mixed) (G1 Evacuation Pause)
[2024-08-28T01:12:20.424+0000][info][gc,task     ] GC(118) Using 49 workers of 68 for evacuation
[2024-08-28T01:12:20.449+0000][info][gc,phases   ] GC(118)   Pre Evacuate Collection Set: 0.3ms
[2024-08-28T01:12:20.450+0000][info][gc,phases   ] GC(118)   Merge Heap Roots: 1.3ms
[2024-08-28T01:12:20.450+0000][info][gc,phases   ] GC(118)   Evacuate Collection Set: 23.1ms
[2024-08-28T01:12:20.450+0000][info][gc,phases   ] GC(118)   Post Evacuate Collection Set: 0.5ms
[2024-08-28T01:12:20.450+0000][info][gc,phases   ] GC(118)   Other: 0.2ms
[2024-08-28T01:12:20.450+0000][info][gc,heap     ] GC(118) Eden regions: 125->0(84)
[2024-08-28T01:12:20.450+0000][info][gc,heap     ] GC(118) Survivor regions: 14->18(18)
[2024-08-28T01:12:20.450+0000][info][gc,heap     ] GC(118) Old regions: 1429->1552
[2024-08-28T01:12:20.450+0000][info][gc,heap     ] GC(118) Archive regions: 2->2
[2024-08-28T01:12:20.450+0000][info][gc,heap     ] GC(118) Humongous regions: 5->5
[2024-08-28T01:12:20.450+0000][info][gc,metaspace] GC(118) Metaspace: 100K(320K)->100K(320K) NonClass: 96K(192K)->96K(192K) Class: 4K(128K)->4K(128K)
[2024-08-28T01:12:20.450+0000][info][gc          ] GC(118) Pause Young (Prepare Mixed) (G1 Evacuation Pause) 1573M->1575M(2048M) 25.500ms
[2024-08-28T01:12:20.450+0000][info][gc,cpu      ] GC(118) User=1.18s Sys=0.00s Real=0.03s
[2024-08-28T01:12:20.491+0000][info][gc,start    ] GC(119) Pause Young (Mixed) (G1 Evacuation Pause)
[2024-08-28T01:12:20.492+0000][info][gc,task     ] GC(119) Using 49 workers of 68 for evacuation
[2024-08-28T01:12:20.509+0000][info][gc,phases   ] GC(119)   Pre Evacuate Collection Set: 0.4ms
[2024-08-28T01:12:20.510+0000][info][gc,phases   ] GC(119)   Merge Heap Roots: 0.8ms
[2024-08-28T01:12:20.510+0000][info][gc,phases   ] GC(119)   Evacuate Collection Set: 16.0ms
[2024-08-28T01:12:20.510+0000][info][gc,phases   ] GC(119)   Post Evacuate Collection Set: 0.6ms
[2024-08-28T01:12:20.510+0000][info][gc,phases   ] GC(119)   Other: 0.3ms
[2024-08-28T01:12:20.510+0000][info][gc,heap     ] GC(119) Eden regions: 84->0(89)
[2024-08-28T01:12:20.510+0000][info][gc,heap     ] GC(119) Survivor regions: 18->13(13)
[2024-08-28T01:12:20.510+0000][info][gc,heap     ] GC(119) Old regions: 1552->1341
[2024-08-28T01:12:20.510+0000][info][gc,heap     ] GC(119) Archive regions: 2->2
[2024-08-28T01:12:20.510+0000][info][gc,heap     ] GC(119) Humongous regions: 5->5
[2024-08-28T01:12:20.510+0000][info][gc,metaspace] GC(119) Metaspace: 100K(320K)->100K(320K) NonClass: 96K(192K)->96K(192K) Class: 4K(128K)->4K(128K)
[2024-08-28T01:12:20.510+0000][info][gc          ] GC(119) Pause Young (Mixed) (G1 Evacuation Pause) 1659M->1359M(2048M) 18.083ms
[2024-08-28T01:12:20.510+0000][info][gc,cpu      ] GC(119) User=0.81s Sys=0.00s Real=0.02s
[2024-08-28T01:12:20.559+0000][info][gc,start    ] GC(120) Pause Young (Mixed) (G1 Evacuation Pause)
[2024-08-28T01:12:20.559+0000][info][gc,task     ] GC(120) Using 49 workers of 68 for evacuation
[2024-08-28T01:12:20.576+0000][info][gc,phases   ] GC(120)   Pre Evacuate Collection Set: 0.4ms
[2024-08-28T01:12:20.576+0000][info][gc,phases   ] GC(120)   Merge Heap Roots: 0.8ms
[2024-08-28T01:12:20.576+0000][info][gc,phases   ] GC(120)   Evacuate Collection Set: 15.4ms
[2024-08-28T01:12:20.576+0000][info][gc,phases   ] GC(120)   Post Evacuate Collection Set: 0.7ms
[2024-08-28T01:12:20.576+0000][info][gc,phases   ] GC(120)   Other: 0.2ms
[2024-08-28T01:12:20.576+0000][info][gc,heap     ] GC(120) Eden regions: 89->0(89)
[2024-08-28T01:12:20.576+0000][info][gc,heap     ] GC(120) Survivor regions: 13->13(13)
[2024-08-28T01:12:20.576+0000][info][gc,heap     ] GC(120) Old regions: 1341->1127
[2024-08-28T01:12:20.576+0000][info][gc,heap     ] GC(120) Archive regions: 2->2
[2024-08-28T01:12:20.576+0000][info][gc,heap     ] GC(120) Humongous regions: 5->5
[2024-08-28T01:12:20.576+0000][info][gc,metaspace] GC(120) Metaspace: 100K(320K)->100K(320K) NonClass: 96K(192K)->96K(192K) Class: 4K(128K)->4K(128K)
[2024-08-28T01:12:20.576+0000][info][gc          ] GC(120) Pause Young (Mixed) (G1 Evacuation Pause) 1448M->1145M(2048M) 17.550ms
[2024-08-28T01:12:20.576+0000][info][gc,cpu      ] GC(120) User=0.79s Sys=0.00s Real=0.01s
[2024-08-28T01:12:20.625+0000][info][gc,start    ] GC(121) Pause Young (Mixed) (G1 Evacuation Pause)
[2024-08-28T01:12:20.625+0000][info][gc,task     ] GC(121) Using 49 workers of 68 for evacuation
[2024-08-28T01:12:20.645+0000][info][gc,phases   ] GC(121)   Pre Evacuate Collection Set: 0.4ms
[2024-08-28T01:12:20.645+0000][info][gc,phases   ] GC(121)   Merge Heap Roots: 0.8ms
[2024-08-28T01:12:20.645+0000][info][gc,phases   ] GC(121)   Evacuate Collection Set: 18.5ms
[2024-08-28T01:12:20.645+0000][info][gc,phases   ] GC(121)   Post Evacuate Collection Set: 0.6ms
[2024-08-28T01:12:20.645+0000][info][gc,phases   ] GC(121)   Other: 0.3ms
[2024-08-28T01:12:20.645+0000][info][gc,heap     ] GC(121) Eden regions: 89->0(252)
[2024-08-28T01:12:20.645+0000][info][gc,heap     ] GC(121) Survivor regions: 13->13(13)
[2024-08-28T01:12:20.645+0000][info][gc,heap     ] GC(121) Old regions: 1127->1040
[2024-08-28T01:12:20.645+0000][info][gc,heap     ] GC(121) Archive regions: 2->2
[2024-08-28T01:12:20.645+0000][info][gc,heap     ] GC(121) Humongous regions: 5->5
[2024-08-28T01:12:20.645+0000][info][gc,metaspace] GC(121) Metaspace: 100K(320K)->100K(320K) NonClass: 96K(192K)->96K(192K) Class: 4K(128K)->4K(128K)
[2024-08-28T01:12:20.645+0000][info][gc          ] GC(121) Pause Young (Mixed) (G1 Evacuation Pause) 1234M->1058M(2048M) 20.565ms
[2024-08-28T01:12:20.645+0000][info][gc,cpu      ] GC(121) User=0.93s Sys=0.01s Real=0.02s
[2024-08-28T01:12:20.782+0000][info][gc,start    ] GC(122) Pause Young (Normal) (G1 Evacuation Pause)
[2024-08-28T01:12:20.782+0000][info][gc,task     ] GC(122) Using 49 workers of 68 for evacuation
[2024-08-28T01:12:20.818+0000][info][gc,phases   ] GC(122)   Pre Evacuate Collection Set: 0.4ms
[2024-08-28T01:12:20.818+0000][info][gc,phases   ] GC(122)   Merge Heap Roots: 1.1ms
[2024-08-28T01:12:20.818+0000][info][gc,phases   ] GC(122)   Evacuate Collection Set: 34.5ms
[2024-08-28T01:12:20.818+0000][info][gc,phases   ] GC(122)   Post Evacuate Collection Set: 0.6ms
[2024-08-28T01:12:20.818+0000][info][gc,phases   ] GC(122)   Other: 0.2ms
[2024-08-28T01:12:20.818+0000][info][gc,heap     ] GC(122) Eden regions: 252->0(171)
[2024-08-28T01:12:20.818+0000][info][gc,heap     ] GC(122) Survivor regions: 13->34(34)
[2024-08-28T01:12:20.819+0000][info][gc,heap     ] GC(122) Old regions: 1040->1267
[2024-08-28T01:12:20.819+0000][info][gc,heap     ] GC(122) Archive regions: 2->2
[2024-08-28T01:12:20.819+0000][info][gc,heap     ] GC(122) Humongous regions: 5->5
[2024-08-28T01:12:20.819+0000][info][gc,metaspace] GC(122) Metaspace: 100K(320K)->100K(320K) NonClass: 96K(192K)->96K(192K) Class: 4K(128K)->4K(128K)
[2024-08-28T01:12:20.819+0000][info][gc          ] GC(122) Pause Young (Normal) (G1 Evacuation Pause) 1310M->1306M(2048M) 36.905ms
[2024-08-28T01:12:20.819+0000][info][gc,cpu      ] GC(122) User=1.56s Sys=0.16s Real=0.04s
[2024-08-28T01:12:20.911+0000][info][gc,start    ] GC(123) Pause Young (Normal) (G1 Evacuation Pause)
[2024-08-28T01:12:20.911+0000][info][gc,task     ] GC(123) Using 49 workers of 68 for evacuation
[2024-08-28T01:12:20.942+0000][info][gc,phases   ] GC(123)   Pre Evacuate Collection Set: 0.4ms
[2024-08-28T01:12:20.942+0000][info][gc,phases   ] GC(123)   Merge Heap Roots: 1.0ms
[2024-08-28T01:12:20.942+0000][info][gc,phases   ] GC(123)   Evacuate Collection Set: 29.5ms
[2024-08-28T01:12:20.942+0000][info][gc,phases   ] GC(123)   Post Evacuate Collection Set: 0.6ms
[2024-08-28T01:12:20.942+0000][info][gc,phases   ] GC(123)   Other: 0.3ms
[2024-08-28T01:12:20.942+0000][info][gc,heap     ] GC(123) Eden regions: 171->0(114)
[2024-08-28T01:12:20.942+0000][info][gc,heap     ] GC(123) Survivor regions: 34->26(26)
[2024-08-28T01:12:20.942+0000][info][gc,heap     ] GC(123) Old regions: 1267->1450
[2024-08-28T01:12:20.942+0000][info][gc,heap     ] GC(123) Archive regions: 2->2
[2024-08-28T01:12:20.942+0000][info][gc,heap     ] GC(123) Humongous regions: 5->5
[2024-08-28T01:12:20.942+0000][info][gc,metaspace] GC(123) Metaspace: 100K(320K)->100K(320K) NonClass: 96K(192K)->96K(192K) Class: 4K(128K)->4K(128K)
[2024-08-28T01:12:20.942+0000][info][gc          ] GC(123) Pause Young (Normal) (G1 Evacuation Pause) 1477M->1481M(2048M) 31.793ms
[2024-08-28T01:12:20.942+0000][info][gc,cpu      ] GC(123) User=1.40s Sys=0.03s Real=0.03s
[2024-08-28T01:12:21.005+0000][info][gc,start    ] GC(124) Pause Young (Concurrent Start) (G1 Evacuation Pause)
[2024-08-28T01:12:21.005+0000][info][gc,task     ] GC(124) Using 49 workers of 68 for evacuation
[2024-08-28T01:12:21.029+0000][info][gc,phases   ] GC(124)   Pre Evacuate Collection Set: 0.3ms
[2024-08-28T01:12:21.029+0000][info][gc,phases   ] GC(124)   Merge Heap Roots: 1.0ms
[2024-08-28T01:12:21.029+0000][info][gc,phases   ] GC(124)   Evacuate Collection Set: 21.6ms
[2024-08-28T01:12:21.029+0000][info][gc,phases   ] GC(124)   Post Evacuate Collection Set: 0.5ms
[2024-08-28T01:12:21.029+0000][info][gc,phases   ] GC(124)   Other: 0.7ms
[2024-08-28T01:12:21.029+0000][info][gc,heap     ] GC(124) Eden regions: 114->0(84)
[2024-08-28T01:12:21.029+0000][info][gc,heap     ] GC(124) Survivor regions: 26->18(18)
[2024-08-28T01:12:21.029+0000][info][gc,heap     ] GC(124) Old regions: 1450->1579
[2024-08-28T01:12:21.029+0000][info][gc,heap     ] GC(124) Archive regions: 2->2
[2024-08-28T01:12:21.029+0000][info][gc,heap     ] GC(124) Humongous regions: 5->5
[2024-08-28T01:12:21.029+0000][info][gc,metaspace] GC(124) Metaspace: 100K(320K)->100K(320K) NonClass: 96K(192K)->96K(192K) Class: 4K(128K)->4K(128K)
[2024-08-28T01:12:21.029+0000][info][gc          ] GC(124) Pause Young (Concurrent Start) (G1 Evacuation Pause) 1595M->1602M(2048M) 24.232ms
[2024-08-28T01:12:21.029+0000][info][gc,cpu      ] GC(124) User=1.09s Sys=0.00s Real=0.02s
[2024-08-28T01:12:21.029+0000][info][gc          ] GC(125) Concurrent Mark Cycle
[2024-08-28T01:12:21.030+0000][info][gc,marking  ] GC(125) Concurrent Clear Claimed Marks
[2024-08-28T01:12:21.030+0000][info][gc,marking  ] GC(125) Concurrent Clear Claimed Marks 0.010ms
[2024-08-28T01:12:21.030+0000][info][gc,marking  ] GC(125) Concurrent Scan Root Regions
[2024-08-28T01:12:21.033+0000][info][gc,marking  ] GC(125) Concurrent Scan Root Regions 3.712ms
[2024-08-28T01:12:21.033+0000][info][gc,marking  ] GC(125) Concurrent Mark
[2024-08-28T01:12:21.033+0000][info][gc,marking  ] GC(125) Concurrent Mark From Roots
[2024-08-28T01:12:21.033+0000][info][gc,task     ] GC(125) Using 17 workers of 17 for marking
[2024-08-28T01:12:21.052+0000][info][gc,marking  ] GC(125) Concurrent Mark From Roots 19.113ms
[2024-08-28T01:12:21.052+0000][info][gc,marking  ] GC(125) Concurrent Preclean
[2024-08-28T01:12:21.053+0000][info][gc,marking  ] GC(125) Concurrent Preclean 0.506ms
[2024-08-28T01:12:21.053+0000][info][gc,start    ] GC(125) Pause Remark
[2024-08-28T01:12:21.056+0000][info][gc          ] GC(125) Pause Remark 1631M->1387M(2048M) 2.376ms
[2024-08-28T01:12:21.056+0000][info][gc,cpu      ] GC(125) User=0.00s Sys=0.02s Real=0.00s
[2024-08-28T01:12:21.056+0000][info][gc,marking  ] GC(125) Concurrent Mark 22.536ms
[2024-08-28T01:12:21.056+0000][info][gc,marking  ] GC(125) Concurrent Rebuild Remembered Sets
[2024-08-28T01:12:21.087+0000][info][gc,start    ] GC(126) Pause Young (Normal) (G1 Evacuation Pause)
[2024-08-28T01:12:21.087+0000][info][gc,task     ] GC(126) Using 49 workers of 68 for evacuation
[2024-08-28T01:12:21.105+0000][info][gc,phases   ] GC(126)   Pre Evacuate Collection Set: 0.4ms
[2024-08-28T01:12:21.105+0000][info][gc,phases   ] GC(126)   Merge Heap Roots: 0.9ms
[2024-08-28T01:12:21.105+0000][info][gc,phases   ] GC(126)   Evacuate Collection Set: 15.7ms
[2024-08-28T01:12:21.105+0000][info][gc,phases   ] GC(126)   Post Evacuate Collection Set: 0.8ms
[2024-08-28T01:12:21.105+0000][info][gc,phases   ] GC(126)   Other: 0.3ms
[2024-08-28T01:12:21.105+0000][info][gc,heap     ] GC(126) Eden regions: 84->0(124)
[2024-08-28T01:12:21.105+0000][info][gc,heap     ] GC(126) Survivor regions: 18->13(13)
[2024-08-28T01:12:21.105+0000][info][gc,heap     ] GC(126) Old regions: 1335->1433
[2024-08-28T01:12:21.105+0000][info][gc,heap     ] GC(126) Archive regions: 2->2
[2024-08-28T01:12:21.105+0000][info][gc,heap     ] GC(126) Humongous regions: 5->5
[2024-08-28T01:12:21.105+0000][info][gc,metaspace] GC(126) Metaspace: 100K(320K)->100K(320K) NonClass: 96K(192K)->96K(192K) Class: 4K(128K)->4K(128K)
[2024-08-28T01:12:21.105+0000][info][gc          ] GC(126) Pause Young (Normal) (G1 Evacuation Pause) 1442M->1451M(2048M) 18.196ms
[2024-08-28T01:12:21.105+0000][info][gc,cpu      ] GC(126) User=0.82s Sys=0.00s Real=0.02s
[2024-08-28T01:12:21.123+0000][info][gc,marking  ] GC(125) Concurrent Rebuild Remembered Sets 67.207ms
[2024-08-28T01:12:21.123+0000][info][gc,start    ] GC(125) Pause Cleanup
[2024-08-28T01:12:21.127+0000][info][gc          ] GC(125) Pause Cleanup 1481M->1481M(2048M) 3.832ms
[2024-08-28T01:12:21.127+0000][info][gc,cpu      ] GC(125) User=0.01s Sys=0.00s Real=0.00s
[2024-08-28T01:12:21.127+0000][info][gc,marking  ] GC(125) Concurrent Cleanup for Next Mark
[2024-08-28T01:12:21.129+0000][info][gc,marking  ] GC(125) Concurrent Cleanup for Next Mark 1.473ms
[2024-08-28T01:12:21.129+0000][info][gc          ] GC(125) Concurrent Mark Cycle 99.515ms
[2024-08-28T01:12:21.183+0000][info][gc,start    ] GC(127) Pause Young (Prepare Mixed) (G1 Evacuation Pause)
[2024-08-28T01:12:21.183+0000][info][gc,task     ] GC(127) Using 49 workers of 68 for evacuation
[2024-08-28T01:12:21.209+0000][info][gc,phases   ] GC(127)   Pre Evacuate Collection Set: 0.5ms
[2024-08-28T01:12:21.209+0000][info][gc,phases   ] GC(127)   Merge Heap Roots: 1.3ms
[2024-08-28T01:12:21.209+0000][info][gc,phases   ] GC(127)   Evacuate Collection Set: 23.5ms
[2024-08-28T01:12:21.209+0000][info][gc,phases   ] GC(127)   Post Evacuate Collection Set: 0.5ms
[2024-08-28T01:12:21.209+0000][info][gc,phases   ] GC(127)   Other: 0.3ms
[2024-08-28T01:12:21.209+0000][info][gc,heap     ] GC(127) Eden regions: 124->0(84)
[2024-08-28T01:12:21.209+0000][info][gc,heap     ] GC(127) Survivor regions: 13->18(18)
[2024-08-28T01:12:21.209+0000][info][gc,heap     ] GC(127) Old regions: 1433->1554
[2024-08-28T01:12:21.209+0000][info][gc,heap     ] GC(127) Archive regions: 2->2
[2024-08-28T01:12:21.209+0000][info][gc,heap     ] GC(127) Humongous regions: 5->5
[2024-08-28T01:12:21.209+0000][info][gc,metaspace] GC(127) Metaspace: 100K(320K)->100K(320K) NonClass: 96K(192K)->96K(192K) Class: 4K(128K)->4K(128K)
[2024-08-28T01:12:21.209+0000][info][gc          ] GC(127) Pause Young (Prepare Mixed) (G1 Evacuation Pause) 1575M->1577M(2048M) 26.213ms
[2024-08-28T01:12:21.209+0000][info][gc,cpu      ] GC(127) User=1.20s Sys=0.00s Real=0.02s
[2024-08-28T01:12:21.253+0000][info][gc,start    ] GC(128) Pause Young (Mixed) (G1 Evacuation Pause)
[2024-08-28T01:12:21.253+0000][info][gc,task     ] GC(128) Using 49 workers of 68 for evacuation
[2024-08-28T01:12:21.271+0000][info][gc,phases   ] GC(128)   Pre Evacuate Collection Set: 0.5ms
[2024-08-28T01:12:21.271+0000][info][gc,phases   ] GC(128)   Merge Heap Roots: 0.8ms
[2024-08-28T01:12:21.271+0000][info][gc,phases   ] GC(128)   Evacuate Collection Set: 15.8ms
[2024-08-28T01:12:21.271+0000][info][gc,phases   ] GC(128)   Post Evacuate Collection Set: 0.6ms
[2024-08-28T01:12:21.271+0000][info][gc,phases   ] GC(128)   Other: 0.3ms
[2024-08-28T01:12:21.271+0000][info][gc,heap     ] GC(128) Eden regions: 84->0(89)
[2024-08-28T01:12:21.271+0000][info][gc,heap     ] GC(128) Survivor regions: 18->13(13)
[2024-08-28T01:12:21.271+0000][info][gc,heap     ] GC(128) Old regions: 1554->1341
[2024-08-28T01:12:21.271+0000][info][gc,heap     ] GC(128) Archive regions: 2->2
[2024-08-28T01:12:21.271+0000][info][gc,heap     ] GC(128) Humongous regions: 5->5
[2024-08-28T01:12:21.271+0000][info][gc,metaspace] GC(128) Metaspace: 100K(320K)->100K(320K) NonClass: 96K(192K)->96K(192K) Class: 4K(128K)->4K(128K)
[2024-08-28T01:12:21.271+0000][info][gc          ] GC(128) Pause Young (Mixed) (G1 Evacuation Pause) 1661M->1359M(2048M) 18.048ms
[2024-08-28T01:12:21.272+0000][info][gc,cpu      ] GC(128) User=0.78s Sys=0.01s Real=0.02s
[2024-08-28T01:12:21.317+0000][info][gc,start    ] GC(129) Pause Young (Mixed) (G1 Evacuation Pause)
[2024-08-28T01:12:21.317+0000][info][gc,task     ] GC(129) Using 49 workers of 68 for evacuation
[2024-08-28T01:12:21.339+0000][info][gc,phases   ] GC(129)   Pre Evacuate Collection Set: 0.5ms
[2024-08-28T01:12:21.339+0000][info][gc,phases   ] GC(129)   Merge Heap Roots: 0.8ms
[2024-08-28T01:12:21.339+0000][info][gc,phases   ] GC(129)   Evacuate Collection Set: 19.8ms
[2024-08-28T01:12:21.339+0000][info][gc,phases   ] GC(129)   Post Evacuate Collection Set: 0.7ms
[2024-08-28T01:12:21.339+0000][info][gc,phases   ] GC(129)   Other: 0.3ms
[2024-08-28T01:12:21.339+0000][info][gc,heap     ] GC(129) Eden regions: 89->0(89)
[2024-08-28T01:12:21.339+0000][info][gc,heap     ] GC(129) Survivor regions: 13->13(13)
[2024-08-28T01:12:21.339+0000][info][gc,heap     ] GC(129) Old regions: 1341->1126
[2024-08-28T01:12:21.339+0000][info][gc,heap     ] GC(129) Archive regions: 2->2
[2024-08-28T01:12:21.339+0000][info][gc,heap     ] GC(129) Humongous regions: 5->5
[2024-08-28T01:12:21.339+0000][info][gc,metaspace] GC(129) Metaspace: 100K(320K)->100K(320K) NonClass: 96K(192K)->96K(192K) Class: 4K(128K)->4K(128K)
[2024-08-28T01:12:21.339+0000][info][gc          ] GC(129) Pause Young (Mixed) (G1 Evacuation Pause) 1448M->1144M(2048M) 22.049ms
[2024-08-28T01:12:21.339+0000][info][gc,cpu      ] GC(129) User=0.81s Sys=0.02s Real=0.03s
[2024-08-28T01:12:21.383+0000][info][gc,start    ] GC(130) Pause Young (Mixed) (G1 Evacuation Pause)
[2024-08-28T01:12:21.384+0000][info][gc,task     ] GC(130) Using 49 workers of 68 for evacuation
[2024-08-28T01:12:21.401+0000][info][gc,phases   ] GC(130)   Pre Evacuate Collection Set: 0.5ms
[2024-08-28T01:12:21.401+0000][info][gc,phases   ] GC(130)   Merge Heap Roots: 0.8ms
[2024-08-28T01:12:21.401+0000][info][gc,phases   ] GC(130)   Evacuate Collection Set: 15.3ms
[2024-08-28T01:12:21.401+0000][info][gc,phases   ] GC(130)   Post Evacuate Collection Set: 0.6ms
[2024-08-28T01:12:21.401+0000][info][gc,phases   ] GC(130)   Other: 0.3ms
[2024-08-28T01:12:21.401+0000][info][gc,heap     ] GC(130) Eden regions: 89->0(254)
[2024-08-28T01:12:21.401+0000][info][gc,heap     ] GC(130) Survivor regions: 13->13(13)
[2024-08-28T01:12:21.401+0000][info][gc,heap     ] GC(130) Old regions: 1126->1033
[2024-08-28T01:12:21.401+0000][info][gc,heap     ] GC(130) Archive regions: 2->2
[2024-08-28T01:12:21.401+0000][info][gc,heap     ] GC(130) Humongous regions: 5->5
[2024-08-28T01:12:21.401+0000][info][gc,metaspace] GC(130) Metaspace: 100K(320K)->100K(320K) NonClass: 96K(192K)->96K(192K) Class: 4K(128K)->4K(128K)
[2024-08-28T01:12:21.401+0000][info][gc          ] GC(130) Pause Young (Mixed) (G1 Evacuation Pause) 1233M->1051M(2048M) 17.480ms
[2024-08-28T01:12:21.401+0000][info][gc,cpu      ] GC(130) User=0.78s Sys=0.01s Real=0.02s
[2024-08-28T01:12:21.527+0000][info][gc,start    ] GC(131) Pause Young (Normal) (G1 Evacuation Pause)
[2024-08-28T01:12:21.527+0000][info][gc,task     ] GC(131) Using 49 workers of 68 for evacuation
[2024-08-28T01:12:21.569+0000][info][gc,phases   ] GC(131)   Pre Evacuate Collection Set: 0.5ms
[2024-08-28T01:12:21.569+0000][info][gc,phases   ] GC(131)   Merge Heap Roots: 1.1ms
[2024-08-28T01:12:21.569+0000][info][gc,phases   ] GC(131)   Evacuate Collection Set: 39.7ms
[2024-08-28T01:12:21.569+0000][info][gc,phases   ] GC(131)   Post Evacuate Collection Set: 0.7ms
[2024-08-28T01:12:21.569+0000][info][gc,phases   ] GC(131)   Other: 0.3ms
[2024-08-28T01:12:21.569+0000][info][gc,heap     ] GC(131) Eden regions: 254->0(174)
[2024-08-28T01:12:21.569+0000][info][gc,heap     ] GC(131) Survivor regions: 13->34(34)
[2024-08-28T01:12:21.569+0000][info][gc,heap     ] GC(131) Old regions: 1033->1259
[2024-08-28T01:12:21.569+0000][info][gc,heap     ] GC(131) Archive regions: 2->2
[2024-08-28T01:12:21.569+0000][info][gc,heap     ] GC(131) Humongous regions: 5->5
[2024-08-28T01:12:21.569+0000][info][gc,metaspace] GC(131) Metaspace: 100K(320K)->100K(320K) NonClass: 96K(192K)->96K(192K) Class: 4K(128K)->4K(128K)
[2024-08-28T01:12:21.569+0000][info][gc          ] GC(131) Pause Young (Normal) (G1 Evacuation Pause) 1305M->1298M(2048M) 42.387ms
[2024-08-28T01:12:21.569+0000][info][gc,cpu      ] GC(131) User=1.60s Sys=0.39s Real=0.04s
[2024-08-28T01:12:21.661+0000][info][gc,start    ] GC(132) Pause Young (Normal) (G1 Evacuation Pause)
[2024-08-28T01:12:21.661+0000][info][gc,task     ] GC(132) Using 49 workers of 68 for evacuation
[2024-08-28T01:12:21.696+0000][info][gc,phases   ] GC(132)   Pre Evacuate Collection Set: 3.0ms
[2024-08-28T01:12:21.697+0000][info][gc,phases   ] GC(132)   Merge Heap Roots: 1.1ms
[2024-08-28T01:12:21.697+0000][info][gc,phases   ] GC(132)   Evacuate Collection Set: 30.2ms
[2024-08-28T01:12:21.697+0000][info][gc,phases   ] GC(132)   Post Evacuate Collection Set: 0.7ms
[2024-08-28T01:12:21.697+0000][info][gc,phases   ] GC(132)   Other: 0.2ms
[2024-08-28T01:12:21.697+0000][info][gc,heap     ] GC(132) Eden regions: 174->0(117)
[2024-08-28T01:12:21.697+0000][info][gc,heap     ] GC(132) Survivor regions: 34->26(26)
[2024-08-28T01:12:21.697+0000][info][gc,heap     ] GC(132) Old regions: 1259->1443
[2024-08-28T01:12:21.697+0000][info][gc,heap     ] GC(132) Archive regions: 2->2
[2024-08-28T01:12:21.697+0000][info][gc,heap     ] GC(132) Humongous regions: 5->5
[2024-08-28T01:12:21.697+0000][info][gc,metaspace] GC(132) Metaspace: 100K(320K)->100K(320K) NonClass: 96K(192K)->96K(192K) Class: 4K(128K)->4K(128K)
[2024-08-28T01:12:21.697+0000][info][gc          ] GC(132) Pause Young (Normal) (G1 Evacuation Pause) 1472M->1474M(2048M) 35.362ms
[2024-08-28T01:12:21.697+0000][info][gc,cpu      ] GC(132) User=1.34s Sys=0.17s Real=0.03s
[2024-08-28T01:12:21.755+0000][info][gc,start    ] GC(133) Pause Young (Concurrent Start) (G1 Evacuation Pause)
[2024-08-28T01:12:21.755+0000][info][gc,task     ] GC(133) Using 49 workers of 68 for evacuation
[2024-08-28T01:12:21.780+0000][info][gc,phases   ] GC(133)   Pre Evacuate Collection Set: 0.4ms
[2024-08-28T01:12:21.780+0000][info][gc,phases   ] GC(133)   Merge Heap Roots: 0.9ms
[2024-08-28T01:12:21.780+0000][info][gc,phases   ] GC(133)   Evacuate Collection Set: 22.3ms
[2024-08-28T01:12:21.780+0000][info][gc,phases   ] GC(133)   Post Evacuate Collection Set: 0.6ms
[2024-08-28T01:12:21.780+0000][info][gc,phases   ] GC(133)   Other: 1.1ms
[2024-08-28T01:12:21.780+0000][info][gc,heap     ] GC(133) Eden regions: 117->0(84)
[2024-08-28T01:12:21.780+0000][info][gc,heap     ] GC(133) Survivor regions: 26->18(18)
[2024-08-28T01:12:21.780+0000][info][gc,heap     ] GC(133) Old regions: 1443->1576
[2024-08-28T01:12:21.780+0000][info][gc,heap     ] GC(133) Archive regions: 2->2
[2024-08-28T01:12:21.780+0000][info][gc,heap     ] GC(133) Humongous regions: 5->5
[2024-08-28T01:12:21.780+0000][info][gc,metaspace] GC(133) Metaspace: 100K(320K)->100K(320K) NonClass: 96K(192K)->96K(192K) Class: 4K(128K)->4K(128K)
[2024-08-28T01:12:21.780+0000][info][gc          ] GC(133) Pause Young (Concurrent Start) (G1 Evacuation Pause) 1591M->1599M(2048M) 25.369ms
[2024-08-28T01:12:21.780+0000][info][gc,cpu      ] GC(133) User=1.09s Sys=0.03s Real=0.03s
[2024-08-28T01:12:21.780+0000][info][gc          ] GC(134) Concurrent Mark Cycle
[2024-08-28T01:12:21.780+0000][info][gc,marking  ] GC(134) Concurrent Clear Claimed Marks
[2024-08-28T01:12:21.780+0000][info][gc,marking  ] GC(134) Concurrent Clear Claimed Marks 0.010ms
[2024-08-28T01:12:21.780+0000][info][gc,marking  ] GC(134) Concurrent Scan Root Regions
[2024-08-28T01:12:21.784+0000][info][gc,marking  ] GC(134) Concurrent Scan Root Regions 3.820ms
[2024-08-28T01:12:21.784+0000][info][gc,marking  ] GC(134) Concurrent Mark
[2024-08-28T01:12:21.784+0000][info][gc,marking  ] GC(134) Concurrent Mark From Roots
[2024-08-28T01:12:21.784+0000][info][gc,task     ] GC(134) Using 17 workers of 17 for marking
[2024-08-28T01:12:21.804+0000][info][gc,marking  ] GC(134) Concurrent Mark From Roots 19.424ms
[2024-08-28T01:12:21.804+0000][info][gc,marking  ] GC(134) Concurrent Preclean
[2024-08-28T01:12:21.804+0000][info][gc,marking  ] GC(134) Concurrent Preclean 0.511ms
[2024-08-28T01:12:21.804+0000][info][gc,start    ] GC(134) Pause Remark
[2024-08-28T01:12:21.807+0000][info][gc          ] GC(134) Pause Remark 1631M->1347M(2048M) 2.216ms
[2024-08-28T01:12:21.807+0000][info][gc,cpu      ] GC(134) User=0.00s Sys=0.02s Real=0.00s
[2024-08-28T01:12:21.807+0000][info][gc,marking  ] GC(134) Concurrent Mark 22.572ms
[2024-08-28T01:12:21.807+0000][info][gc,marking  ] GC(134) Concurrent Rebuild Remembered Sets
[2024-08-28T01:12:21.834+0000][info][gc,start    ] GC(135) Pause Young (Normal) (G1 Evacuation Pause)
[2024-08-28T01:12:21.834+0000][info][gc,task     ] GC(135) Using 49 workers of 68 for evacuation
[2024-08-28T01:12:21.854+0000][info][gc,phases   ] GC(135)   Pre Evacuate Collection Set: 0.3ms
[2024-08-28T01:12:21.854+0000][info][gc,phases   ] GC(135)   Merge Heap Roots: 0.7ms
[2024-08-28T01:12:21.854+0000][info][gc,phases   ] GC(135)   Evacuate Collection Set: 16.9ms
[2024-08-28T01:12:21.854+0000][info][gc,phases   ] GC(135)   Post Evacuate Collection Set: 1.8ms
[2024-08-28T01:12:21.854+0000][info][gc,phases   ] GC(135)   Other: 0.3ms
[2024-08-28T01:12:21.854+0000][info][gc,heap     ] GC(135) Eden regions: 84->0(138)
[2024-08-28T01:12:21.854+0000][info][gc,heap     ] GC(135) Survivor regions: 18->13(13)
[2024-08-28T01:12:21.854+0000][info][gc,heap     ] GC(135) Old regions: 1292->1389
[2024-08-28T01:12:21.854+0000][info][gc,heap     ] GC(135) Archive regions: 2->2
[2024-08-28T01:12:21.854+0000][info][gc,heap     ] GC(135) Humongous regions: 5->5
[2024-08-28T01:12:21.854+0000][info][gc,metaspace] GC(135) Metaspace: 100K(320K)->100K(320K) NonClass: 96K(192K)->96K(192K) Class: 4K(128K)->4K(128K)
[2024-08-28T01:12:21.854+0000][info][gc          ] GC(135) Pause Young (Normal) (G1 Evacuation Pause) 1399M->1407M(2048M) 20.201ms
[2024-08-28T01:12:21.854+0000][info][gc,cpu      ] GC(135) User=0.68s Sys=0.23s Real=0.02s
[2024-08-28T01:12:21.877+0000][info][gc,marking  ] GC(134) Concurrent Rebuild Remembered Sets 70.581ms
[2024-08-28T01:12:21.878+0000][info][gc,start    ] GC(134) Pause Cleanup
[2024-08-28T01:12:21.881+0000][info][gc          ] GC(134) Pause Cleanup 1450M->1450M(2048M) 3.244ms
[2024-08-28T01:12:21.881+0000][info][gc,cpu      ] GC(134) User=0.01s Sys=0.00s Real=0.00s
[2024-08-28T01:12:21.881+0000][info][gc,marking  ] GC(134) Concurrent Cleanup for Next Mark
[2024-08-28T01:12:21.883+0000][info][gc,marking  ] GC(134) Concurrent Cleanup for Next Mark 2.194ms
[2024-08-28T01:12:21.883+0000][info][gc          ] GC(134) Concurrent Mark Cycle 103.101ms
[2024-08-28T01:12:21.930+0000][info][gc,start    ] GC(136) Pause Young (Prepare Mixed) (G1 Evacuation Pause)
[2024-08-28T01:12:21.930+0000][info][gc,task     ] GC(136) Using 49 workers of 68 for evacuation
[2024-08-28T01:12:21.956+0000][info][gc,phases   ] GC(136)   Pre Evacuate Collection Set: 0.3ms
[2024-08-28T01:12:21.956+0000][info][gc,phases   ] GC(136)   Merge Heap Roots: 0.8ms
[2024-08-28T01:12:21.956+0000][info][gc,phases   ] GC(136)   Evacuate Collection Set: 24.1ms
[2024-08-28T01:12:21.956+0000][info][gc,phases   ] GC(136)   Post Evacuate Collection Set: 0.5ms
[2024-08-28T01:12:21.956+0000][info][gc,phases   ] GC(136)   Other: 0.2ms
[2024-08-28T01:12:21.956+0000][info][gc,heap     ] GC(136) Eden regions: 138->0(83)
[2024-08-28T01:12:21.956+0000][info][gc,heap     ] GC(136) Survivor regions: 13->19(19)
[2024-08-28T01:12:21.956+0000][info][gc,heap     ] GC(136) Old regions: 1389->1523
[2024-08-28T01:12:21.956+0000][info][gc,heap     ] GC(136) Archive regions: 2->2
[2024-08-28T01:12:21.956+0000][info][gc,heap     ] GC(136) Humongous regions: 5->5
[2024-08-28T01:12:21.956+0000][info][gc,metaspace] GC(136) Metaspace: 100K(320K)->100K(320K) NonClass: 96K(192K)->96K(192K) Class: 4K(128K)->4K(128K)
[2024-08-28T01:12:21.956+0000][info][gc          ] GC(136) Pause Young (Prepare Mixed) (G1 Evacuation Pause) 1545M->1547M(2048M) 26.059ms
[2024-08-28T01:12:21.956+0000][info][gc,cpu      ] GC(136) User=1.20s Sys=0.01s Real=0.02s
[2024-08-28T01:12:21.998+0000][info][gc,start    ] GC(137) Pause Young (Mixed) (G1 Evacuation Pause)
[2024-08-28T01:12:21.998+0000][info][gc,task     ] GC(137) Using 49 workers of 68 for evacuation
[2024-08-28T01:12:22.015+0000][info][gc,phases   ] GC(137)   Pre Evacuate Collection Set: 0.5ms
[2024-08-28T01:12:22.015+0000][info][gc,phases   ] GC(137)   Merge Heap Roots: 0.6ms
[2024-08-28T01:12:22.015+0000][info][gc,phases   ] GC(137)   Evacuate Collection Set: 15.2ms
[2024-08-28T01:12:22.015+0000][info][gc,phases   ] GC(137)   Post Evacuate Collection Set: 0.6ms
[2024-08-28T01:12:22.015+0000][info][gc,phases   ] GC(137)   Other: 0.3ms
[2024-08-28T01:12:22.015+0000][info][gc,heap     ] GC(137) Eden regions: 83->0(89)
[2024-08-28T01:12:22.015+0000][info][gc,heap     ] GC(137) Survivor regions: 19->13(13)
[2024-08-28T01:12:22.015+0000][info][gc,heap     ] GC(137) Old regions: 1523->1313
[2024-08-28T01:12:22.015+0000][info][gc,heap     ] GC(137) Archive regions: 2->2
[2024-08-28T01:12:22.015+0000][info][gc,heap     ] GC(137) Humongous regions: 5->5
[2024-08-28T01:12:22.015+0000][info][gc,metaspace] GC(137) Metaspace: 100K(320K)->100K(320K) NonClass: 96K(192K)->96K(192K) Class: 4K(128K)->4K(128K)
[2024-08-28T01:12:22.015+0000][info][gc          ] GC(137) Pause Young (Mixed) (G1 Evacuation Pause) 1630M->1331M(2048M) 17.272ms
[2024-08-28T01:12:22.015+0000][info][gc,cpu      ] GC(137) User=0.74s Sys=0.02s Real=0.01s
[2024-08-28T01:12:22.059+0000][info][gc,start    ] GC(138) Pause Young (Mixed) (G1 Evacuation Pause)
[2024-08-28T01:12:22.059+0000][info][gc,task     ] GC(138) Using 49 workers of 68 for evacuation
[2024-08-28T01:12:22.076+0000][info][gc,phases   ] GC(138)   Pre Evacuate Collection Set: 0.4ms
[2024-08-28T01:12:22.076+0000][info][gc,phases   ] GC(138)   Merge Heap Roots: 0.6ms
[2024-08-28T01:12:22.076+0000][info][gc,phases   ] GC(138)   Evacuate Collection Set: 15.1ms
[2024-08-28T01:12:22.076+0000][info][gc,phases   ] GC(138)   Post Evacuate Collection Set: 0.7ms
[2024-08-28T01:12:22.076+0000][info][gc,phases   ] GC(138)   Other: 0.3ms
[2024-08-28T01:12:22.076+0000][info][gc,heap     ] GC(138) Eden regions: 89->0(89)
[2024-08-28T01:12:22.076+0000][info][gc,heap     ] GC(138) Survivor regions: 13->13(13)
[2024-08-28T01:12:22.076+0000][info][gc,heap     ] GC(138) Old regions: 1313->1099
[2024-08-28T01:12:22.076+0000][info][gc,heap     ] GC(138) Archive regions: 2->2
[2024-08-28T01:12:22.076+0000][info][gc,heap     ] GC(138) Humongous regions: 5->5
[2024-08-28T01:12:22.076+0000][info][gc,metaspace] GC(138) Metaspace: 100K(320K)->100K(320K) NonClass: 96K(192K)->96K(192K) Class: 4K(128K)->4K(128K)
[2024-08-28T01:12:22.076+0000][info][gc          ] GC(138) Pause Young (Mixed) (G1 Evacuation Pause) 1420M->1117M(2048M) 17.101ms
[2024-08-28T01:12:22.076+0000][info][gc,cpu      ] GC(138) User=0.76s Sys=0.00s Real=0.01s
[2024-08-28T01:12:22.120+0000][info][gc,start    ] GC(139) Pause Young (Mixed) (G1 Evacuation Pause)
[2024-08-28T01:12:22.120+0000][info][gc,task     ] GC(139) Using 49 workers of 68 for evacuation
[2024-08-28T01:12:22.136+0000][info][gc,phases   ] GC(139)   Pre Evacuate Collection Set: 0.4ms
[2024-08-28T01:12:22.136+0000][info][gc,phases   ] GC(139)   Merge Heap Roots: 0.6ms
[2024-08-28T01:12:22.136+0000][info][gc,phases   ] GC(139)   Evacuate Collection Set: 15.0ms
[2024-08-28T01:12:22.137+0000][info][gc,phases   ] GC(139)   Post Evacuate Collection Set: 0.5ms
[2024-08-28T01:12:22.137+0000][info][gc,phases   ] GC(139)   Other: 0.2ms
[2024-08-28T01:12:22.137+0000][info][gc,heap     ] GC(139) Eden regions: 89->0(248)
[2024-08-28T01:12:22.137+0000][info][gc,heap     ] GC(139) Survivor regions: 13->13(13)
[2024-08-28T01:12:22.137+0000][info][gc,heap     ] GC(139) Old regions: 1099->1050
[2024-08-28T01:12:22.137+0000][info][gc,heap     ] GC(139) Archive regions: 2->2
[2024-08-28T01:12:22.137+0000][info][gc,heap     ] GC(139) Humongous regions: 5->5
[2024-08-28T01:12:22.137+0000][info][gc,metaspace] GC(139) Metaspace: 100K(320K)->100K(320K) NonClass: 96K(192K)->96K(192K) Class: 4K(128K)->4K(128K)
[2024-08-28T01:12:22.137+0000][info][gc          ] GC(139) Pause Young (Mixed) (G1 Evacuation Pause) 1206M->1068M(2048M) 16.695ms
[2024-08-28T01:12:22.137+0000][info][gc,cpu      ] GC(139) User=0.75s Sys=0.00s Real=0.01s
[2024-08-28T01:12:22.256+0000][info][gc,start    ] GC(140) Pause Young (Normal) (G1 Evacuation Pause)
[2024-08-28T01:12:22.256+0000][info][gc,task     ] GC(140) Using 49 workers of 68 for evacuation
[2024-08-28T01:12:22.291+0000][info][gc,phases   ] GC(140)   Pre Evacuate Collection Set: 0.4ms
[2024-08-28T01:12:22.291+0000][info][gc,phases   ] GC(140)   Merge Heap Roots: 0.8ms
[2024-08-28T01:12:22.291+0000][info][gc,phases   ] GC(140)   Evacuate Collection Set: 33.2ms
[2024-08-28T01:12:22.291+0000][info][gc,phases   ] GC(140)   Post Evacuate Collection Set: 0.6ms
[2024-08-28T01:12:22.291+0000][info][gc,phases   ] GC(140)   Other: 0.2ms
[2024-08-28T01:12:22.291+0000][info][gc,heap     ] GC(140) Eden regions: 248->0(170)
[2024-08-28T01:12:22.291+0000][info][gc,heap     ] GC(140) Survivor regions: 13->33(33)
[2024-08-28T01:12:22.291+0000][info][gc,heap     ] GC(140) Old regions: 1050->1272
[2024-08-28T01:12:22.291+0000][info][gc,heap     ] GC(140) Archive regions: 2->2
[2024-08-28T01:12:22.291+0000][info][gc,heap     ] GC(140) Humongous regions: 5->5
[2024-08-28T01:12:22.291+0000][info][gc,metaspace] GC(140) Metaspace: 100K(320K)->100K(320K) NonClass: 96K(192K)->96K(192K) Class: 4K(128K)->4K(128K)
[2024-08-28T01:12:22.291+0000][info][gc          ] GC(140) Pause Young (Normal) (G1 Evacuation Pause) 1316M->1310M(2048M) 35.357ms
[2024-08-28T01:12:22.291+0000][info][gc,cpu      ] GC(140) User=1.65s Sys=0.00s Real=0.04s
[2024-08-28T01:12:22.371+0000][info][gc,start    ] GC(141) Pause Young (Normal) (G1 Evacuation Pause)
[2024-08-28T01:12:22.372+0000][info][gc,task     ] GC(141) Using 49 workers of 68 for evacuation
[2024-08-28T01:12:22.402+0000][info][gc,phases   ] GC(141)   Pre Evacuate Collection Set: 0.3ms
[2024-08-28T01:12:22.402+0000][info][gc,phases   ] GC(141)   Merge Heap Roots: 0.7ms
[2024-08-28T01:12:22.402+0000][info][gc,phases   ] GC(141)   Evacuate Collection Set: 28.3ms
[2024-08-28T01:12:22.402+0000][info][gc,phases   ] GC(141)   Post Evacuate Collection Set: 0.6ms
[2024-08-28T01:12:22.402+0000][info][gc,phases   ] GC(141)   Other: 0.3ms
[2024-08-28T01:12:22.402+0000][info][gc,heap     ] GC(141) Eden regions: 170->0(114)
[2024-08-28T01:12:22.402+0000][info][gc,heap     ] GC(141) Survivor regions: 33->26(26)
[2024-08-28T01:12:22.402+0000][info][gc,heap     ] GC(141) Old regions: 1272->1453
[2024-08-28T01:12:22.402+0000][info][gc,heap     ] GC(141) Archive regions: 2->2
[2024-08-28T01:12:22.402+0000][info][gc,heap     ] GC(141) Humongous regions: 5->5
[2024-08-28T01:12:22.402+0000][info][gc,metaspace] GC(141) Metaspace: 100K(320K)->100K(320K) NonClass: 96K(192K)->96K(192K) Class: 4K(128K)->4K(128K)
[2024-08-28T01:12:22.402+0000][info][gc          ] GC(141) Pause Young (Normal) (G1 Evacuation Pause) 1480M->1484M(2048M) 30.210ms
[2024-08-28T01:12:22.402+0000][info][gc,cpu      ] GC(141) User=1.41s Sys=0.00s Real=0.03s
[2024-08-28T01:12:22.458+0000][info][gc,start    ] GC(142) Pause Young (Concurrent Start) (G1 Evacuation Pause)
[2024-08-28T01:12:22.458+0000][info][gc,task     ] GC(142) Using 49 workers of 68 for evacuation
[2024-08-28T01:12:22.482+0000][info][gc,phases   ] GC(142)   Pre Evacuate Collection Set: 0.4ms
[2024-08-28T01:12:22.482+0000][info][gc,phases   ] GC(142)   Merge Heap Roots: 0.6ms
[2024-08-28T01:12:22.482+0000][info][gc,phases   ] GC(142)   Evacuate Collection Set: 20.8ms
[2024-08-28T01:12:22.482+0000][info][gc,phases   ] GC(142)   Post Evacuate Collection Set: 0.5ms
[2024-08-28T01:12:22.482+0000][info][gc,phases   ] GC(142)   Other: 1.2ms
[2024-08-28T01:12:22.482+0000][info][gc,heap     ] GC(142) Eden regions: 114->0(84)
[2024-08-28T01:12:22.482+0000][info][gc,heap     ] GC(142) Survivor regions: 26->18(18)
[2024-08-28T01:12:22.482+0000][info][gc,heap     ] GC(142) Old regions: 1453->1580
[2024-08-28T01:12:22.482+0000][info][gc,heap     ] GC(142) Archive regions: 2->2
[2024-08-28T01:12:22.482+0000][info][gc,heap     ] GC(142) Humongous regions: 5->5
[2024-08-28T01:12:22.482+0000][info][gc,metaspace] GC(142) Metaspace: 100K(320K)->100K(320K) NonClass: 96K(192K)->96K(192K) Class: 4K(128K)->4K(128K)
[2024-08-28T01:12:22.482+0000][info][gc          ] GC(142) Pause Young (Concurrent Start) (G1 Evacuation Pause) 1598M->1603M(2048M) 23.564ms
[2024-08-28T01:12:22.482+0000][info][gc,cpu      ] GC(142) User=1.04s Sys=0.01s Real=0.02s
[2024-08-28T01:12:22.482+0000][info][gc          ] GC(143) Concurrent Mark Cycle
[2024-08-28T01:12:22.482+0000][info][gc,marking  ] GC(143) Concurrent Clear Claimed Marks
[2024-08-28T01:12:22.482+0000][info][gc,marking  ] GC(143) Concurrent Clear Claimed Marks 0.011ms
[2024-08-28T01:12:22.482+0000][info][gc,marking  ] GC(143) Concurrent Scan Root Regions
[2024-08-28T01:12:22.485+0000][info][gc,marking  ] GC(143) Concurrent Scan Root Regions 3.540ms
[2024-08-28T01:12:22.485+0000][info][gc,marking  ] GC(143) Concurrent Mark
[2024-08-28T01:12:22.485+0000][info][gc,marking  ] GC(143) Concurrent Mark From Roots
[2024-08-28T01:12:22.485+0000][info][gc,task     ] GC(143) Using 17 workers of 17 for marking
[2024-08-28T01:12:22.505+0000][info][gc,marking  ] GC(143) Concurrent Mark From Roots 19.384ms
[2024-08-28T01:12:22.505+0000][info][gc,marking  ] GC(143) Concurrent Preclean
[2024-08-28T01:12:22.506+0000][info][gc,marking  ] GC(143) Concurrent Preclean 1.605ms
[2024-08-28T01:12:22.507+0000][info][gc,start    ] GC(143) Pause Remark
[2024-08-28T01:12:22.509+0000][info][gc          ] GC(143) Pause Remark 1634M->1380M(2048M) 2.113ms
[2024-08-28T01:12:22.509+0000][info][gc,cpu      ] GC(143) User=0.02s Sys=0.01s Real=0.00s
[2024-08-28T01:12:22.509+0000][info][gc,marking  ] GC(143) Concurrent Mark 23.638ms
[2024-08-28T01:12:22.509+0000][info][gc,marking  ] GC(143) Concurrent Rebuild Remembered Sets
[2024-08-28T01:12:22.538+0000][info][gc,start    ] GC(144) Pause Young (Normal) (G1 Evacuation Pause)
[2024-08-28T01:12:22.539+0000][info][gc,task     ] GC(144) Using 49 workers of 68 for evacuation
[2024-08-28T01:12:22.555+0000][info][gc,phases   ] GC(144)   Pre Evacuate Collection Set: 0.4ms
[2024-08-28T01:12:22.555+0000][info][gc,phases   ] GC(144)   Merge Heap Roots: 0.5ms
[2024-08-28T01:12:22.555+0000][info][gc,phases   ] GC(144)   Evacuate Collection Set: 15.0ms
[2024-08-28T01:12:22.555+0000][info][gc,phases   ] GC(144)   Post Evacuate Collection Set: 0.7ms
[2024-08-28T01:12:22.555+0000][info][gc,phases   ] GC(144)   Other: 0.2ms
[2024-08-28T01:12:22.555+0000][info][gc,heap     ] GC(144) Eden regions: 84->0(127)
[2024-08-28T01:12:22.555+0000][info][gc,heap     ] GC(144) Survivor regions: 18->13(13)
[2024-08-28T01:12:22.555+0000][info][gc,heap     ] GC(144) Old regions: 1326->1425
[2024-08-28T01:12:22.555+0000][info][gc,heap     ] GC(144) Archive regions: 2->2
[2024-08-28T01:12:22.555+0000][info][gc,heap     ] GC(144) Humongous regions: 5->5
[2024-08-28T01:12:22.555+0000][info][gc,metaspace] GC(144) Metaspace: 100K(320K)->100K(320K) NonClass: 96K(192K)->96K(192K) Class: 4K(128K)->4K(128K)
[2024-08-28T01:12:22.555+0000][info][gc          ] GC(144) Pause Young (Normal) (G1 Evacuation Pause) 1433M->1443M(2048M) 16.871ms
[2024-08-28T01:12:22.555+0000][info][gc,cpu      ] GC(144) User=0.76s Sys=0.01s Real=0.01s
[2024-08-28T01:12:22.577+0000][info][gc,marking  ] GC(143) Concurrent Rebuild Remembered Sets 68.385ms
[2024-08-28T01:12:22.578+0000][info][gc,start    ] GC(143) Pause Cleanup
[2024-08-28T01:12:22.581+0000][info][gc          ] GC(143) Pause Cleanup 1482M->1482M(2048M) 3.352ms
[2024-08-28T01:12:22.581+0000][info][gc,cpu      ] GC(143) User=0.01s Sys=0.00s Real=0.00s
[2024-08-28T01:12:22.581+0000][info][gc,marking  ] GC(143) Concurrent Cleanup for Next Mark
[2024-08-28T01:12:22.583+0000][info][gc,marking  ] GC(143) Concurrent Cleanup for Next Mark 1.829ms
[2024-08-28T01:12:22.583+0000][info][gc          ] GC(143) Concurrent Mark Cycle 101.419ms
[2024-08-28T01:12:22.631+0000][info][gc,start    ] GC(145) Pause Young (Prepare Mixed) (G1 Evacuation Pause)
[2024-08-28T01:12:22.631+0000][info][gc,task     ] GC(145) Using 49 workers of 68 for evacuation
[2024-08-28T01:12:22.656+0000][info][gc,phases   ] GC(145)   Pre Evacuate Collection Set: 0.4ms
[2024-08-28T01:12:22.656+0000][info][gc,phases   ] GC(145)   Merge Heap Roots: 0.9ms
[2024-08-28T01:12:22.656+0000][info][gc,phases   ] GC(145)   Evacuate Collection Set: 22.8ms
[2024-08-28T01:12:22.656+0000][info][gc,phases   ] GC(145)   Post Evacuate Collection Set: 0.5ms
[2024-08-28T01:12:22.656+0000][info][gc,phases   ] GC(145)   Other: 0.2ms
[2024-08-28T01:12:22.656+0000][info][gc,heap     ] GC(145) Eden regions: 127->0(84)
[2024-08-28T01:12:22.656+0000][info][gc,heap     ] GC(145) Survivor regions: 13->18(18)
[2024-08-28T01:12:22.656+0000][info][gc,heap     ] GC(145) Old regions: 1425->1550
[2024-08-28T01:12:22.656+0000][info][gc,heap     ] GC(145) Archive regions: 2->2
[2024-08-28T01:12:22.656+0000][info][gc,heap     ] GC(145) Humongous regions: 5->5
[2024-08-28T01:12:22.656+0000][info][gc,metaspace] GC(145) Metaspace: 100K(320K)->100K(320K) NonClass: 96K(192K)->96K(192K) Class: 4K(128K)->4K(128K)
[2024-08-28T01:12:22.656+0000][info][gc          ] GC(145) Pause Young (Prepare Mixed) (G1 Evacuation Pause) 1570M->1573M(2048M) 24.891ms
[2024-08-28T01:12:22.656+0000][info][gc,cpu      ] GC(145) User=1.15s Sys=0.00s Real=0.02s
[2024-08-28T01:12:22.702+0000][info][gc,start    ] GC(146) Pause Young (Mixed) (G1 Evacuation Pause)
[2024-08-28T01:12:22.702+0000][info][gc,task     ] GC(146) Using 49 workers of 68 for evacuation
[2024-08-28T01:12:22.719+0000][info][gc,phases   ] GC(146)   Pre Evacuate Collection Set: 0.4ms
[2024-08-28T01:12:22.719+0000][info][gc,phases   ] GC(146)   Merge Heap Roots: 0.6ms
[2024-08-28T01:12:22.719+0000][info][gc,phases   ] GC(146)   Evacuate Collection Set: 15.3ms
[2024-08-28T01:12:22.719+0000][info][gc,phases   ] GC(146)   Post Evacuate Collection Set: 0.6ms
[2024-08-28T01:12:22.719+0000][info][gc,phases   ] GC(146)   Other: 0.3ms
[2024-08-28T01:12:22.719+0000][info][gc,heap     ] GC(146) Eden regions: 84->0(89)
[2024-08-28T01:12:22.719+0000][info][gc,heap     ] GC(146) Survivor regions: 18->13(13)
[2024-08-28T01:12:22.719+0000][info][gc,heap     ] GC(146) Old regions: 1550->1338
[2024-08-28T01:12:22.719+0000][info][gc,heap     ] GC(146) Archive regions: 2->2
[2024-08-28T01:12:22.719+0000][info][gc,heap     ] GC(146) Humongous regions: 5->5
[2024-08-28T01:12:22.719+0000][info][gc,metaspace] GC(146) Metaspace: 100K(320K)->100K(320K) NonClass: 96K(192K)->96K(192K) Class: 4K(128K)->4K(128K)
[2024-08-28T01:12:22.719+0000][info][gc          ] GC(146) Pause Young (Mixed) (G1 Evacuation Pause) 1657M->1356M(2048M) 17.290ms
[2024-08-28T01:12:22.719+0000][info][gc,cpu      ] GC(146) User=0.76s Sys=0.02s Real=0.02s
[2024-08-28T01:12:22.769+0000][info][gc,start    ] GC(147) Pause Young (Mixed) (G1 Evacuation Pause)
[2024-08-28T01:12:22.769+0000][info][gc,task     ] GC(147) Using 49 workers of 68 for evacuation
[2024-08-28T01:12:22.786+0000][info][gc,phases   ] GC(147)   Pre Evacuate Collection Set: 0.5ms
[2024-08-28T01:12:22.786+0000][info][gc,phases   ] GC(147)   Merge Heap Roots: 0.6ms
[2024-08-28T01:12:22.786+0000][info][gc,phases   ] GC(147)   Evacuate Collection Set: 15.2ms
[2024-08-28T01:12:22.786+0000][info][gc,phases   ] GC(147)   Post Evacuate Collection Set: 0.7ms
[2024-08-28T01:12:22.786+0000][info][gc,phases   ] GC(147)   Other: 0.2ms
[2024-08-28T01:12:22.786+0000][info][gc,heap     ] GC(147) Eden regions: 89->0(89)
[2024-08-28T01:12:22.786+0000][info][gc,heap     ] GC(147) Survivor regions: 13->13(13)
[2024-08-28T01:12:22.786+0000][info][gc,heap     ] GC(147) Old regions: 1338->1123
[2024-08-28T01:12:22.786+0000][info][gc,heap     ] GC(147) Archive regions: 2->2
[2024-08-28T01:12:22.786+0000][info][gc,heap     ] GC(147) Humongous regions: 5->5
[2024-08-28T01:12:22.786+0000][info][gc,metaspace] GC(147) Metaspace: 100K(320K)->100K(320K) NonClass: 96K(192K)->96K(192K) Class: 4K(128K)->4K(128K)
[2024-08-28T01:12:22.786+0000][info][gc          ] GC(147) Pause Young (Mixed) (G1 Evacuation Pause) 1445M->1141M(2048M) 17.257ms
[2024-08-28T01:12:22.786+0000][info][gc,cpu      ] GC(147) User=0.77s Sys=0.00s Real=0.02s
[2024-08-28T01:12:22.832+0000][info][gc,start    ] GC(148) Pause Young (Mixed) (G1 Evacuation Pause)
[2024-08-28T01:12:22.832+0000][info][gc,task     ] GC(148) Using 49 workers of 68 for evacuation
[2024-08-28T01:12:22.848+0000][info][gc,phases   ] GC(148)   Pre Evacuate Collection Set: 0.4ms
[2024-08-28T01:12:22.848+0000][info][gc,phases   ] GC(148)   Merge Heap Roots: 0.5ms
[2024-08-28T01:12:22.848+0000][info][gc,phases   ] GC(148)   Evacuate Collection Set: 14.6ms
[2024-08-28T01:12:22.848+0000][info][gc,phases   ] GC(148)   Post Evacuate Collection Set: 0.5ms
[2024-08-28T01:12:22.848+0000][info][gc,phases   ] GC(148)   Other: 0.2ms
[2024-08-28T01:12:22.848+0000][info][gc,heap     ] GC(148) Eden regions: 89->0(253)
[2024-08-28T01:12:22.848+0000][info][gc,heap     ] GC(148) Survivor regions: 13->13(13)
[2024-08-28T01:12:22.848+0000][info][gc,heap     ] GC(148) Old regions: 1123->1036
[2024-08-28T01:12:22.848+0000][info][gc,heap     ] GC(148) Archive regions: 2->2
[2024-08-28T01:12:22.848+0000][info][gc,heap     ] GC(148) Humongous regions: 5->5
[2024-08-28T01:12:22.848+0000][info][gc,metaspace] GC(148) Metaspace: 100K(320K)->100K(320K) NonClass: 96K(192K)->96K(192K) Class: 4K(128K)->4K(128K)
[2024-08-28T01:12:22.848+0000][info][gc          ] GC(148) Pause Young (Mixed) (G1 Evacuation Pause) 1230M->1054M(2048M) 16.374ms
[2024-08-28T01:12:22.849+0000][info][gc,cpu      ] GC(148) User=0.74s Sys=0.00s Real=0.01s
[2024-08-28T01:12:22.968+0000][info][gc,start    ] GC(149) Pause Young (Normal) (G1 Evacuation Pause)
[2024-08-28T01:12:22.969+0000][info][gc,task     ] GC(149) Using 49 workers of 68 for evacuation
[2024-08-28T01:12:23.004+0000][info][gc,phases   ] GC(149)   Pre Evacuate Collection Set: 0.4ms
[2024-08-28T01:12:23.004+0000][info][gc,phases   ] GC(149)   Merge Heap Roots: 0.8ms
[2024-08-28T01:12:23.004+0000][info][gc,phases   ] GC(149)   Evacuate Collection Set: 33.8ms
[2024-08-28T01:12:23.004+0000][info][gc,phases   ] GC(149)   Post Evacuate Collection Set: 0.6ms
[2024-08-28T01:12:23.004+0000][info][gc,phases   ] GC(149)   Other: 0.2ms
[2024-08-28T01:12:23.004+0000][info][gc,heap     ] GC(149) Eden regions: 253->0(172)
[2024-08-28T01:12:23.004+0000][info][gc,heap     ] GC(149) Survivor regions: 13->34(34)
[2024-08-28T01:12:23.004+0000][info][gc,heap     ] GC(149) Old regions: 1036->1264
[2024-08-28T01:12:23.004+0000][info][gc,heap     ] GC(149) Archive regions: 2->2
[2024-08-28T01:12:23.004+0000][info][gc,heap     ] GC(149) Humongous regions: 5->5
[2024-08-28T01:12:23.004+0000][info][gc,metaspace] GC(149) Metaspace: 100K(320K)->100K(320K) NonClass: 96K(192K)->96K(192K) Class: 4K(128K)->4K(128K)
[2024-08-28T01:12:23.004+0000][info][gc          ] GC(149) Pause Young (Normal) (G1 Evacuation Pause) 1307M->1303M(2048M) 35.871ms
[2024-08-28T01:12:23.004+0000][info][gc,cpu      ] GC(149) User=1.66s Sys=0.00s Real=0.04s
[2024-08-28T01:12:23.086+0000][info][gc,start    ] GC(150) Pause Young (Normal) (G1 Evacuation Pause)
[2024-08-28T01:12:23.086+0000][info][gc,task     ] GC(150) Using 49 workers of 68 for evacuation
[2024-08-28T01:12:23.117+0000][info][gc,phases   ] GC(150)   Pre Evacuate Collection Set: 0.3ms
[2024-08-28T01:12:23.117+0000][info][gc,phases   ] GC(150)   Merge Heap Roots: 1.0ms
[2024-08-28T01:12:23.117+0000][info][gc,phases   ] GC(150)   Evacuate Collection Set: 29.3ms
[2024-08-28T01:12:23.117+0000][info][gc,phases   ] GC(150)   Post Evacuate Collection Set: 0.5ms
[2024-08-28T01:12:23.117+0000][info][gc,phases   ] GC(150)   Other: 0.2ms
[2024-08-28T01:12:23.117+0000][info][gc,heap     ] GC(150) Eden regions: 172->0(115)
[2024-08-28T01:12:23.117+0000][info][gc,heap     ] GC(150) Survivor regions: 34->26(26)
[2024-08-28T01:12:23.117+0000][info][gc,heap     ] GC(150) Old regions: 1264->1448
[2024-08-28T01:12:23.117+0000][info][gc,heap     ] GC(150) Archive regions: 2->2
[2024-08-28T01:12:23.117+0000][info][gc,heap     ] GC(150) Humongous regions: 5->5
[2024-08-28T01:12:23.117+0000][info][gc,metaspace] GC(150) Metaspace: 100K(320K)->100K(320K) NonClass: 96K(192K)->96K(192K) Class: 4K(128K)->4K(128K)
[2024-08-28T01:12:23.117+0000][info][gc          ] GC(150) Pause Young (Normal) (G1 Evacuation Pause) 1475M->1479M(2048M) 31.414ms
[2024-08-28T01:12:23.117+0000][info][gc,cpu      ] GC(150) User=1.45s Sys=0.02s Real=0.03s
[2024-08-28T01:12:23.174+0000][info][gc,start    ] GC(151) Pause Young (Concurrent Start) (G1 Evacuation Pause)
[2024-08-28T01:12:23.174+0000][info][gc,task     ] GC(151) Using 49 workers of 68 for evacuation
[2024-08-28T01:12:23.198+0000][info][gc,phases   ] GC(151)   Pre Evacuate Collection Set: 0.3ms
[2024-08-28T01:12:23.198+0000][info][gc,phases   ] GC(151)   Merge Heap Roots: 1.0ms
[2024-08-28T01:12:23.198+0000][info][gc,phases   ] GC(151)   Evacuate Collection Set: 21.7ms
[2024-08-28T01:12:23.198+0000][info][gc,phases   ] GC(151)   Post Evacuate Collection Set: 0.5ms
[2024-08-28T01:12:23.198+0000][info][gc,phases   ] GC(151)   Other: 0.7ms
[2024-08-28T01:12:23.198+0000][info][gc,heap     ] GC(151) Eden regions: 115->0(84)
[2024-08-28T01:12:23.198+0000][info][gc,heap     ] GC(151) Survivor regions: 26->18(18)
[2024-08-28T01:12:23.198+0000][info][gc,heap     ] GC(151) Old regions: 1448->1577
[2024-08-28T01:12:23.198+0000][info][gc,heap     ] GC(151) Archive regions: 2->2
[2024-08-28T01:12:23.198+0000][info][gc,heap     ] GC(151) Humongous regions: 5->5
[2024-08-28T01:12:23.198+0000][info][gc,metaspace] GC(151) Metaspace: 100K(320K)->100K(320K) NonClass: 96K(192K)->96K(192K) Class: 4K(128K)->4K(128K)
[2024-08-28T01:12:23.198+0000][info][gc          ] GC(151) Pause Young (Concurrent Start) (G1 Evacuation Pause) 1594M->1600M(2048M) 24.266ms
[2024-08-28T01:12:23.198+0000][info][gc,cpu      ] GC(151) User=1.07s Sys=0.03s Real=0.03s
[2024-08-28T01:12:23.198+0000][info][gc          ] GC(152) Concurrent Mark Cycle
[2024-08-28T01:12:23.198+0000][info][gc,marking  ] GC(152) Concurrent Clear Claimed Marks
[2024-08-28T01:12:23.198+0000][info][gc,marking  ] GC(152) Concurrent Clear Claimed Marks 0.010ms
[2024-08-28T01:12:23.198+0000][info][gc,marking  ] GC(152) Concurrent Scan Root Regions
[2024-08-28T01:12:23.202+0000][info][gc,marking  ] GC(152) Concurrent Scan Root Regions 3.611ms
[2024-08-28T01:12:23.202+0000][info][gc,marking  ] GC(152) Concurrent Mark
[2024-08-28T01:12:23.202+0000][info][gc,marking  ] GC(152) Concurrent Mark From Roots
[2024-08-28T01:12:23.202+0000][info][gc,task     ] GC(152) Using 17 workers of 17 for marking
[2024-08-28T01:12:23.221+0000][info][gc,marking  ] GC(152) Concurrent Mark From Roots 19.332ms
[2024-08-28T01:12:23.221+0000][info][gc,marking  ] GC(152) Concurrent Preclean
[2024-08-28T01:12:23.222+0000][info][gc,marking  ] GC(152) Concurrent Preclean 0.655ms
[2024-08-28T01:12:23.222+0000][info][gc,start    ] GC(152) Pause Remark
[2024-08-28T01:12:23.224+0000][info][gc          ] GC(152) Pause Remark 1632M->1369M(2048M) 1.946ms
[2024-08-28T01:12:23.224+0000][info][gc,cpu      ] GC(152) User=0.01s Sys=0.00s Real=0.00s
[2024-08-28T01:12:23.224+0000][info][gc,marking  ] GC(152) Concurrent Mark 22.349ms
[2024-08-28T01:12:23.224+0000][info][gc,marking  ] GC(152) Concurrent Rebuild Remembered Sets
[2024-08-28T01:12:23.251+0000][info][gc,start    ] GC(153) Pause Young (Normal) (G1 Evacuation Pause)
[2024-08-28T01:12:23.251+0000][info][gc,task     ] GC(153) Using 49 workers of 68 for evacuation
[2024-08-28T01:12:23.269+0000][info][gc,phases   ] GC(153)   Pre Evacuate Collection Set: 0.4ms
[2024-08-28T01:12:23.269+0000][info][gc,phases   ] GC(153)   Merge Heap Roots: 0.8ms
[2024-08-28T01:12:23.269+0000][info][gc,phases   ] GC(153)   Evacuate Collection Set: 16.2ms
[2024-08-28T01:12:23.269+0000][info][gc,phases   ] GC(153)   Post Evacuate Collection Set: 0.8ms
[2024-08-28T01:12:23.269+0000][info][gc,phases   ] GC(153)   Other: 0.2ms
[2024-08-28T01:12:23.269+0000][info][gc,heap     ] GC(153) Eden regions: 84->0(131)
[2024-08-28T01:12:23.269+0000][info][gc,heap     ] GC(153) Survivor regions: 18->13(13)
[2024-08-28T01:12:23.269+0000][info][gc,heap     ] GC(153) Old regions: 1314->1412
[2024-08-28T01:12:23.269+0000][info][gc,heap     ] GC(153) Archive regions: 2->2
[2024-08-28T01:12:23.269+0000][info][gc,heap     ] GC(153) Humongous regions: 5->5
[2024-08-28T01:12:23.269+0000][info][gc,metaspace] GC(153) Metaspace: 100K(320K)->100K(320K) NonClass: 96K(192K)->96K(192K) Class: 4K(128K)->4K(128K)
[2024-08-28T01:12:23.269+0000][info][gc          ] GC(153) Pause Young (Normal) (G1 Evacuation Pause) 1421M->1430M(2048M) 18.479ms
[2024-08-28T01:12:23.269+0000][info][gc,cpu      ] GC(153) User=0.83s Sys=0.01s Real=0.01s
[2024-08-28T01:12:23.296+0000][info][gc,marking  ] GC(152) Concurrent Rebuild Remembered Sets 71.199ms
[2024-08-28T01:12:23.296+0000][info][gc,start    ] GC(152) Pause Cleanup
[2024-08-28T01:12:23.300+0000][info][gc          ] GC(152) Pause Cleanup 1480M->1480M(2048M) 3.571ms
[2024-08-28T01:12:23.300+0000][info][gc,cpu      ] GC(152) User=0.01s Sys=0.00s Real=0.01s
[2024-08-28T01:12:23.300+0000][info][gc,marking  ] GC(152) Concurrent Cleanup for Next Mark
[2024-08-28T01:12:23.301+0000][info][gc,marking  ] GC(152) Concurrent Cleanup for Next Mark 1.446ms
[2024-08-28T01:12:23.301+0000][info][gc          ] GC(152) Concurrent Mark Cycle 102.995ms
[2024-08-28T01:12:23.342+0000][info][gc,start    ] GC(154) Pause Young (Prepare Mixed) (G1 Evacuation Pause)
[2024-08-28T01:12:23.342+0000][info][gc,task     ] GC(154) Using 49 workers of 68 for evacuation
[2024-08-28T01:12:23.368+0000][info][gc,phases   ] GC(154)   Pre Evacuate Collection Set: 0.4ms
[2024-08-28T01:12:23.368+0000][info][gc,phases   ] GC(154)   Merge Heap Roots: 1.3ms
[2024-08-28T01:12:23.368+0000][info][gc,phases   ] GC(154)   Evacuate Collection Set: 23.9ms
[2024-08-28T01:12:23.368+0000][info][gc,phases   ] GC(154)   Post Evacuate Collection Set: 0.5ms
[2024-08-28T01:12:23.368+0000][info][gc,phases   ] GC(154)   Other: 0.2ms
[2024-08-28T01:12:23.368+0000][info][gc,heap     ] GC(154) Eden regions: 131->0(84)
[2024-08-28T01:12:23.368+0000][info][gc,heap     ] GC(154) Survivor regions: 13->18(18)
[2024-08-28T01:12:23.368+0000][info][gc,heap     ] GC(154) Old regions: 1412->1541
[2024-08-28T01:12:23.368+0000][info][gc,heap     ] GC(154) Archive regions: 2->2
[2024-08-28T01:12:23.368+0000][info][gc,heap     ] GC(154) Humongous regions: 5->5
[2024-08-28T01:12:23.368+0000][info][gc,metaspace] GC(154) Metaspace: 100K(320K)->100K(320K) NonClass: 96K(192K)->96K(192K) Class: 4K(128K)->4K(128K)
[2024-08-28T01:12:23.368+0000][info][gc          ] GC(154) Pause Young (Prepare Mixed) (G1 Evacuation Pause) 1561M->1564M(2048M) 26.395ms
[2024-08-28T01:12:23.368+0000][info][gc,cpu      ] GC(154) User=1.21s Sys=0.02s Real=0.02s
[2024-08-28T01:12:23.411+0000][info][gc,start    ] GC(155) Pause Young (Mixed) (G1 Evacuation Pause)
[2024-08-28T01:12:23.411+0000][info][gc,task     ] GC(155) Using 49 workers of 68 for evacuation
[2024-08-28T01:12:23.429+0000][info][gc,phases   ] GC(155)   Pre Evacuate Collection Set: 0.5ms
[2024-08-28T01:12:23.429+0000][info][gc,phases   ] GC(155)   Merge Heap Roots: 0.9ms
[2024-08-28T01:12:23.429+0000][info][gc,phases   ] GC(155)   Evacuate Collection Set: 15.8ms
[2024-08-28T01:12:23.429+0000][info][gc,phases   ] GC(155)   Post Evacuate Collection Set: 0.7ms
[2024-08-28T01:12:23.429+0000][info][gc,phases   ] GC(155)   Other: 0.3ms
[2024-08-28T01:12:23.429+0000][info][gc,heap     ] GC(155) Eden regions: 84->0(89)
[2024-08-28T01:12:23.429+0000][info][gc,heap     ] GC(155) Survivor regions: 18->13(13)
[2024-08-28T01:12:23.429+0000][info][gc,heap     ] GC(155) Old regions: 1541->1328
[2024-08-28T01:12:23.429+0000][info][gc,heap     ] GC(155) Archive regions: 2->2
[2024-08-28T01:12:23.429+0000][info][gc,heap     ] GC(155) Humongous regions: 5->5
[2024-08-28T01:12:23.429+0000][info][gc,metaspace] GC(155) Metaspace: 100K(320K)->100K(320K) NonClass: 96K(192K)->96K(192K) Class: 4K(128K)->4K(128K)
[2024-08-28T01:12:23.429+0000][info][gc          ] GC(155) Pause Young (Mixed) (G1 Evacuation Pause) 1648M->1346M(2048M) 18.192ms
[2024-08-28T01:12:23.429+0000][info][gc,cpu      ] GC(155) User=0.79s Sys=0.02s Real=0.01s
[2024-08-28T01:12:23.473+0000][info][gc,start    ] GC(156) Pause Young (Mixed) (G1 Evacuation Pause)
[2024-08-28T01:12:23.473+0000][info][gc,task     ] GC(156) Using 49 workers of 68 for evacuation
[2024-08-28T01:12:23.491+0000][info][gc,phases   ] GC(156)   Pre Evacuate Collection Set: 0.4ms
[2024-08-28T01:12:23.491+0000][info][gc,phases   ] GC(156)   Merge Heap Roots: 0.8ms
[2024-08-28T01:12:23.491+0000][info][gc,phases   ] GC(156)   Evacuate Collection Set: 15.8ms
[2024-08-28T01:12:23.491+0000][info][gc,phases   ] GC(156)   Post Evacuate Collection Set: 0.7ms
[2024-08-28T01:12:23.491+0000][info][gc,phases   ] GC(156)   Other: 0.3ms
[2024-08-28T01:12:23.491+0000][info][gc,heap     ] GC(156) Eden regions: 89->0(89)
[2024-08-28T01:12:23.491+0000][info][gc,heap     ] GC(156) Survivor regions: 13->13(13)
[2024-08-28T01:12:23.491+0000][info][gc,heap     ] GC(156) Old regions: 1328->1114
[2024-08-28T01:12:23.491+0000][info][gc,heap     ] GC(156) Archive regions: 2->2
[2024-08-28T01:12:23.491+0000][info][gc,heap     ] GC(156) Humongous regions: 5->5
[2024-08-28T01:12:23.491+0000][info][gc,metaspace] GC(156) Metaspace: 100K(320K)->100K(320K) NonClass: 96K(192K)->96K(192K) Class: 4K(128K)->4K(128K)
[2024-08-28T01:12:23.491+0000][info][gc          ] GC(156) Pause Young (Mixed) (G1 Evacuation Pause) 1435M->1132M(2048M) 18.059ms
[2024-08-28T01:12:23.491+0000][info][gc,cpu      ] GC(156) User=0.80s Sys=0.00s Real=0.02s
[2024-08-28T01:12:23.536+0000][info][gc,start    ] GC(157) Pause Young (Mixed) (G1 Evacuation Pause)
[2024-08-28T01:12:23.536+0000][info][gc,task     ] GC(157) Using 49 workers of 68 for evacuation
[2024-08-28T01:12:23.553+0000][info][gc,phases   ] GC(157)   Pre Evacuate Collection Set: 0.4ms
[2024-08-28T01:12:23.553+0000][info][gc,phases   ] GC(157)   Merge Heap Roots: 0.8ms
[2024-08-28T01:12:23.553+0000][info][gc,phases   ] GC(157)   Evacuate Collection Set: 15.5ms
[2024-08-28T01:12:23.553+0000][info][gc,phases   ] GC(157)   Post Evacuate Collection Set: 0.6ms
[2024-08-28T01:12:23.553+0000][info][gc,phases   ] GC(157)   Other: 0.3ms
[2024-08-28T01:12:23.553+0000][info][gc,heap     ] GC(157) Eden regions: 89->0(252)
[2024-08-28T01:12:23.553+0000][info][gc,heap     ] GC(157) Survivor regions: 13->13(13)
[2024-08-28T01:12:23.553+0000][info][gc,heap     ] GC(157) Old regions: 1114->1040
[2024-08-28T01:12:23.553+0000][info][gc,heap     ] GC(157) Archive regions: 2->2
[2024-08-28T01:12:23.553+0000][info][gc,heap     ] GC(157) Humongous regions: 5->5
[2024-08-28T01:12:23.553+0000][info][gc,metaspace] GC(157) Metaspace: 100K(320K)->100K(320K) NonClass: 96K(192K)->96K(192K) Class: 4K(128K)->4K(128K)
[2024-08-28T01:12:23.553+0000][info][gc          ] GC(157) Pause Young (Mixed) (G1 Evacuation Pause) 1221M->1058M(2048M) 17.692ms
[2024-08-28T01:12:23.553+0000][info][gc,cpu      ] GC(157) User=0.79s Sys=0.00s Real=0.02s
[2024-08-28T01:12:23.675+0000][info][gc,start    ] GC(158) Pause Young (Normal) (G1 Evacuation Pause)
[2024-08-28T01:12:23.675+0000][info][gc,task     ] GC(158) Using 49 workers of 68 for evacuation
[2024-08-28T01:12:23.712+0000][info][gc,phases   ] GC(158)   Pre Evacuate Collection Set: 0.4ms
[2024-08-28T01:12:23.712+0000][info][gc,phases   ] GC(158)   Merge Heap Roots: 1.1ms
[2024-08-28T01:12:23.712+0000][info][gc,phases   ] GC(158)   Evacuate Collection Set: 35.2ms
[2024-08-28T01:12:23.712+0000][info][gc,phases   ] GC(158)   Post Evacuate Collection Set: 0.6ms
[2024-08-28T01:12:23.712+0000][info][gc,phases   ] GC(158)   Other: 0.3ms
[2024-08-28T01:12:23.712+0000][info][gc,heap     ] GC(158) Eden regions: 252->0(172)
[2024-08-28T01:12:23.712+0000][info][gc,heap     ] GC(158) Survivor regions: 13->34(34)
[2024-08-28T01:12:23.712+0000][info][gc,heap     ] GC(158) Old regions: 1040->1265
[2024-08-28T01:12:23.712+0000][info][gc,heap     ] GC(158) Archive regions: 2->2
[2024-08-28T01:12:23.712+0000][info][gc,heap     ] GC(158) Humongous regions: 5->5
[2024-08-28T01:12:23.712+0000][info][gc,metaspace] GC(158) Metaspace: 100K(320K)->100K(320K) NonClass: 96K(192K)->96K(192K) Class: 4K(128K)->4K(128K)
[2024-08-28T01:12:23.712+0000][info][gc          ] GC(158) Pause Young (Normal) (G1 Evacuation Pause) 1310M->1304M(2048M) 37.664ms
[2024-08-28T01:12:23.712+0000][info][gc,cpu      ] GC(158) User=1.75s Sys=0.01s Real=0.04s
[2024-08-28T01:12:23.796+0000][info][gc,start    ] GC(159) Pause Young (Normal) (G1 Evacuation Pause)
[2024-08-28T01:12:23.796+0000][info][gc,task     ] GC(159) Using 49 workers of 68 for evacuation
[2024-08-28T01:12:23.828+0000][info][gc,phases   ] GC(159)   Pre Evacuate Collection Set: 0.4ms
[2024-08-28T01:12:23.828+0000][info][gc,phases   ] GC(159)   Merge Heap Roots: 1.1ms
[2024-08-28T01:12:23.828+0000][info][gc,phases   ] GC(159)   Evacuate Collection Set: 29.7ms
[2024-08-28T01:12:23.828+0000][info][gc,phases   ] GC(159)   Post Evacuate Collection Set: 0.5ms
[2024-08-28T01:12:23.828+0000][info][gc,phases   ] GC(159)   Other: 0.3ms
[2024-08-28T01:12:23.828+0000][info][gc,heap     ] GC(159) Eden regions: 172->0(115)
[2024-08-28T01:12:23.828+0000][info][gc,heap     ] GC(159) Survivor regions: 34->26(26)
[2024-08-28T01:12:23.828+0000][info][gc,heap     ] GC(159) Old regions: 1265->1448
[2024-08-28T01:12:23.828+0000][info][gc,heap     ] GC(159) Archive regions: 2->2
[2024-08-28T01:12:23.828+0000][info][gc,heap     ] GC(159) Humongous regions: 5->5
[2024-08-28T01:12:23.828+0000][info][gc,metaspace] GC(159) Metaspace: 100K(320K)->100K(320K) NonClass: 96K(192K)->96K(192K) Class: 4K(128K)->4K(128K)
[2024-08-28T01:12:23.828+0000][info][gc          ] GC(159) Pause Young (Normal) (G1 Evacuation Pause) 1476M->1479M(2048M) 32.091ms
[2024-08-28T01:12:23.828+0000][info][gc,cpu      ] GC(159) User=1.50s Sys=0.00s Real=0.03s
[2024-08-28T01:12:23.886+0000][info][gc,start    ] GC(160) Pause Young (Concurrent Start) (G1 Evacuation Pause)
[2024-08-28T01:12:23.886+0000][info][gc,task     ] GC(160) Using 49 workers of 68 for evacuation
[2024-08-28T01:12:23.910+0000][info][gc,phases   ] GC(160)   Pre Evacuate Collection Set: 0.3ms
[2024-08-28T01:12:23.910+0000][info][gc,phases   ] GC(160)   Merge Heap Roots: 1.0ms
[2024-08-28T01:12:23.910+0000][info][gc,phases   ] GC(160)   Evacuate Collection Set: 21.5ms
[2024-08-28T01:12:23.910+0000][info][gc,phases   ] GC(160)   Post Evacuate Collection Set: 0.5ms
[2024-08-28T01:12:23.910+0000][info][gc,phases   ] GC(160)   Other: 0.8ms
[2024-08-28T01:12:23.910+0000][info][gc,heap     ] GC(160) Eden regions: 115->0(84)
[2024-08-28T01:12:23.910+0000][info][gc,heap     ] GC(160) Survivor regions: 26->18(18)
[2024-08-28T01:12:23.910+0000][info][gc,heap     ] GC(160) Old regions: 1448->1579
[2024-08-28T01:12:23.910+0000][info][gc,heap     ] GC(160) Archive regions: 2->2
[2024-08-28T01:12:23.910+0000][info][gc,heap     ] GC(160) Humongous regions: 5->5
[2024-08-28T01:12:23.910+0000][info][gc,metaspace] GC(160) Metaspace: 100K(320K)->100K(320K) NonClass: 96K(192K)->96K(192K) Class: 4K(128K)->4K(128K)
[2024-08-28T01:12:23.910+0000][info][gc          ] GC(160) Pause Young (Concurrent Start) (G1 Evacuation Pause) 1594M->1602M(2048M) 24.143ms
[2024-08-28T01:12:23.910+0000][info][gc,cpu      ] GC(160) User=1.09s Sys=0.01s Real=0.03s
[2024-08-28T01:12:23.910+0000][info][gc          ] GC(161) Concurrent Mark Cycle
[2024-08-28T01:12:23.910+0000][info][gc,marking  ] GC(161) Concurrent Clear Claimed Marks
[2024-08-28T01:12:23.910+0000][info][gc,marking  ] GC(161) Concurrent Clear Claimed Marks 0.012ms
[2024-08-28T01:12:23.910+0000][info][gc,marking  ] GC(161) Concurrent Scan Root Regions
[2024-08-28T01:12:23.914+0000][info][gc,marking  ] GC(161) Concurrent Scan Root Regions 3.611ms
[2024-08-28T01:12:23.914+0000][info][gc,marking  ] GC(161) Concurrent Mark
[2024-08-28T01:12:23.914+0000][info][gc,marking  ] GC(161) Concurrent Mark From Roots
[2024-08-28T01:12:23.914+0000][info][gc,task     ] GC(161) Using 17 workers of 17 for marking
[2024-08-28T01:12:23.932+0000][info][gc,marking  ] GC(161) Concurrent Mark From Roots 18.511ms
[2024-08-28T01:12:23.932+0000][info][gc,marking  ] GC(161) Concurrent Preclean
[2024-08-28T01:12:23.934+0000][info][gc,marking  ] GC(161) Concurrent Preclean 1.867ms
[2024-08-28T01:12:23.935+0000][info][gc,start    ] GC(161) Pause Remark
[2024-08-28T01:12:23.937+0000][info][gc          ] GC(161) Pause Remark 1634M->1368M(2048M) 2.063ms
[2024-08-28T01:12:23.937+0000][info][gc,cpu      ] GC(161) User=0.01s Sys=0.01s Real=0.00s
[2024-08-28T01:12:23.937+0000][info][gc,marking  ] GC(161) Concurrent Mark 23.030ms
[2024-08-28T01:12:23.937+0000][info][gc,marking  ] GC(161) Concurrent Rebuild Remembered Sets
[2024-08-28T01:12:23.964+0000][info][gc,start    ] GC(162) Pause Young (Normal) (G1 Evacuation Pause)
[2024-08-28T01:12:23.964+0000][info][gc,task     ] GC(162) Using 49 workers of 68 for evacuation
[2024-08-28T01:12:23.982+0000][info][gc,phases   ] GC(162)   Pre Evacuate Collection Set: 0.3ms
[2024-08-28T01:12:23.982+0000][info][gc,phases   ] GC(162)   Merge Heap Roots: 0.9ms
[2024-08-28T01:12:23.982+0000][info][gc,phases   ] GC(162)   Evacuate Collection Set: 16.1ms
[2024-08-28T01:12:23.982+0000][info][gc,phases   ] GC(162)   Post Evacuate Collection Set: 0.9ms
[2024-08-28T01:12:23.982+0000][info][gc,phases   ] GC(162)   Other: 0.3ms
[2024-08-28T01:12:23.982+0000][info][gc,heap     ] GC(162) Eden regions: 84->0(131)
[2024-08-28T01:12:23.982+0000][info][gc,heap     ] GC(162) Survivor regions: 18->13(13)
[2024-08-28T01:12:23.982+0000][info][gc,heap     ] GC(162) Old regions: 1313->1411
[2024-08-28T01:12:23.982+0000][info][gc,heap     ] GC(162) Archive regions: 2->2
[2024-08-28T01:12:23.982+0000][info][gc,heap     ] GC(162) Humongous regions: 5->5
[2024-08-28T01:12:23.982+0000][info][gc,metaspace] GC(162) Metaspace: 100K(320K)->100K(320K) NonClass: 96K(192K)->96K(192K) Class: 4K(128K)->4K(128K)
[2024-08-28T01:12:23.983+0000][info][gc          ] GC(162) Pause Young (Normal) (G1 Evacuation Pause) 1420M->1429M(2048M) 18.546ms
[2024-08-28T01:12:23.983+0000][info][gc,cpu      ] GC(162) User=0.83s Sys=0.01s Real=0.02s
[2024-08-28T01:12:24.006+0000][info][gc,marking  ] GC(161) Concurrent Rebuild Remembered Sets 69.441ms
[2024-08-28T01:12:24.007+0000][info][gc,start    ] GC(161) Pause Cleanup
[2024-08-28T01:12:24.012+0000][info][gc          ] GC(161) Pause Cleanup 1474M->1474M(2048M) 4.788ms
[2024-08-28T01:12:24.012+0000][info][gc,cpu      ] GC(161) User=0.01s Sys=0.00s Real=0.01s
[2024-08-28T01:12:24.012+0000][info][gc,marking  ] GC(161) Concurrent Cleanup for Next Mark
[2024-08-28T01:12:24.013+0000][info][gc,marking  ] GC(161) Concurrent Cleanup for Next Mark 1.434ms
[2024-08-28T01:12:24.013+0000][info][gc          ] GC(161) Concurrent Mark Cycle 103.080ms
[2024-08-28T01:12:24.056+0000][info][gc,start    ] GC(163) Pause Young (Prepare Mixed) (G1 Evacuation Pause)
[2024-08-28T01:12:24.056+0000][info][gc,task     ] GC(163) Using 49 workers of 68 for evacuation
[2024-08-28T01:12:24.083+0000][info][gc,phases   ] GC(163)   Pre Evacuate Collection Set: 0.3ms
[2024-08-28T01:12:24.084+0000][info][gc,phases   ] GC(163)   Merge Heap Roots: 1.5ms
[2024-08-28T01:12:24.084+0000][info][gc,phases   ] GC(163)   Evacuate Collection Set: 24.5ms
[2024-08-28T01:12:24.084+0000][info][gc,phases   ] GC(163)   Post Evacuate Collection Set: 0.6ms
[2024-08-28T01:12:24.084+0000][info][gc,phases   ] GC(163)   Other: 0.3ms
[2024-08-28T01:12:24.084+0000][info][gc,heap     ] GC(163) Eden regions: 131->0(84)
[2024-08-28T01:12:24.084+0000][info][gc,heap     ] GC(163) Survivor regions: 13->18(18)
[2024-08-28T01:12:24.084+0000][info][gc,heap     ] GC(163) Old regions: 1411->1540
[2024-08-28T01:12:24.084+0000][info][gc,heap     ] GC(163) Archive regions: 2->2
[2024-08-28T01:12:24.084+0000][info][gc,heap     ] GC(163) Humongous regions: 5->5
[2024-08-28T01:12:24.084+0000][info][gc,metaspace] GC(163) Metaspace: 100K(320K)->100K(320K) NonClass: 96K(192K)->96K(192K) Class: 4K(128K)->4K(128K)
[2024-08-28T01:12:24.084+0000][info][gc          ] GC(163) Pause Young (Prepare Mixed) (G1 Evacuation Pause) 1560M->1563M(2048M) 27.300ms
[2024-08-28T01:12:24.084+0000][info][gc,cpu      ] GC(163) User=1.25s Sys=0.00s Real=0.03s
[2024-08-28T01:12:24.126+0000][info][gc,start    ] GC(164) Pause Young (Mixed) (G1 Evacuation Pause)
[2024-08-28T01:12:24.126+0000][info][gc,task     ] GC(164) Using 49 workers of 68 for evacuation
[2024-08-28T01:12:24.144+0000][info][gc,phases   ] GC(164)   Pre Evacuate Collection Set: 0.4ms
[2024-08-28T01:12:24.145+0000][info][gc,phases   ] GC(164)   Merge Heap Roots: 0.9ms
[2024-08-28T01:12:24.145+0000][info][gc,phases   ] GC(164)   Evacuate Collection Set: 16.1ms
[2024-08-28T01:12:24.145+0000][info][gc,phases   ] GC(164)   Post Evacuate Collection Set: 0.7ms
[2024-08-28T01:12:24.145+0000][info][gc,phases   ] GC(164)   Other: 0.4ms
[2024-08-28T01:12:24.145+0000][info][gc,heap     ] GC(164) Eden regions: 84->0(89)
[2024-08-28T01:12:24.145+0000][info][gc,heap     ] GC(164) Survivor regions: 18->13(13)
[2024-08-28T01:12:24.145+0000][info][gc,heap     ] GC(164) Old regions: 1540->1328
[2024-08-28T01:12:24.145+0000][info][gc,heap     ] GC(164) Archive regions: 2->2
[2024-08-28T01:12:24.145+0000][info][gc,heap     ] GC(164) Humongous regions: 5->5
[2024-08-28T01:12:24.145+0000][info][gc,metaspace] GC(164) Metaspace: 100K(320K)->100K(320K) NonClass: 96K(192K)->96K(192K) Class: 4K(128K)->4K(128K)
[2024-08-28T01:12:24.145+0000][info][gc          ] GC(164) Pause Young (Mixed) (G1 Evacuation Pause) 1647M->1346M(2048M) 18.653ms
[2024-08-28T01:12:24.145+0000][info][gc,cpu      ] GC(164) User=0.82s Sys=0.00s Real=0.02s
[2024-08-28T01:12:24.189+0000][info][gc,start    ] GC(165) Pause Young (Mixed) (G1 Evacuation Pause)
[2024-08-28T01:12:24.189+0000][info][gc,task     ] GC(165) Using 49 workers of 68 for evacuation
[2024-08-28T01:12:24.208+0000][info][gc,phases   ] GC(165)   Pre Evacuate Collection Set: 0.5ms
[2024-08-28T01:12:24.208+0000][info][gc,phases   ] GC(165)   Merge Heap Roots: 0.9ms
[2024-08-28T01:12:24.208+0000][info][gc,phases   ] GC(165)   Evacuate Collection Set: 16.3ms
[2024-08-28T01:12:24.208+0000][info][gc,phases   ] GC(165)   Post Evacuate Collection Set: 0.8ms
[2024-08-28T01:12:24.208+0000][info][gc,phases   ] GC(165)   Other: 0.4ms
[2024-08-28T01:12:24.208+0000][info][gc,heap     ] GC(165) Eden regions: 89->0(89)
[2024-08-28T01:12:24.208+0000][info][gc,heap     ] GC(165) Survivor regions: 13->13(13)
[2024-08-28T01:12:24.208+0000][info][gc,heap     ] GC(165) Old regions: 1328->1115
[2024-08-28T01:12:24.208+0000][info][gc,heap     ] GC(165) Archive regions: 2->2
[2024-08-28T01:12:24.208+0000][info][gc,heap     ] GC(165) Humongous regions: 5->5
[2024-08-28T01:12:24.208+0000][info][gc,metaspace] GC(165) Metaspace: 100K(320K)->100K(320K) NonClass: 96K(192K)->96K(192K) Class: 4K(128K)->4K(128K)
[2024-08-28T01:12:24.208+0000][info][gc          ] GC(165) Pause Young (Mixed) (G1 Evacuation Pause) 1435M->1133M(2048M) 19.021ms
[2024-08-28T01:12:24.208+0000][info][gc,cpu      ] GC(165) User=0.84s Sys=0.00s Real=0.02s
[2024-08-28T01:12:24.253+0000][info][gc,start    ] GC(166) Pause Young (Mixed) (G1 Evacuation Pause)
[2024-08-28T01:12:24.253+0000][info][gc,task     ] GC(166) Using 49 workers of 68 for evacuation
[2024-08-28T01:12:24.271+0000][info][gc,phases   ] GC(166)   Pre Evacuate Collection Set: 0.4ms
[2024-08-28T01:12:24.271+0000][info][gc,phases   ] GC(166)   Merge Heap Roots: 0.9ms
[2024-08-28T01:12:24.271+0000][info][gc,phases   ] GC(166)   Evacuate Collection Set: 15.7ms
[2024-08-28T01:12:24.271+0000][info][gc,phases   ] GC(166)   Post Evacuate Collection Set: 0.7ms
[2024-08-28T01:12:24.271+0000][info][gc,phases   ] GC(166)   Other: 0.4ms
[2024-08-28T01:12:24.271+0000][info][gc,heap     ] GC(166) Eden regions: 89->0(250)
[2024-08-28T01:12:24.271+0000][info][gc,heap     ] GC(166) Survivor regions: 13->13(13)
[2024-08-28T01:12:24.271+0000][info][gc,heap     ] GC(166) Old regions: 1115->1045
[2024-08-28T01:12:24.271+0000][info][gc,heap     ] GC(166) Archive regions: 2->2
[2024-08-28T01:12:24.271+0000][info][gc,heap     ] GC(166) Humongous regions: 5->5
[2024-08-28T01:12:24.271+0000][info][gc,metaspace] GC(166) Metaspace: 100K(320K)->100K(320K) NonClass: 96K(192K)->96K(192K) Class: 4K(128K)->4K(128K)
[2024-08-28T01:12:24.271+0000][info][gc          ] GC(166) Pause Young (Mixed) (G1 Evacuation Pause) 1222M->1063M(2048M) 18.231ms
[2024-08-28T01:12:24.271+0000][info][gc,cpu      ] GC(166) User=0.81s Sys=0.00s Real=0.02s
[2024-08-28T01:12:24.393+0000][info][gc,start    ] GC(167) Pause Young (Normal) (G1 Evacuation Pause)
[2024-08-28T01:12:24.393+0000][info][gc,task     ] GC(167) Using 49 workers of 68 for evacuation
[2024-08-28T01:12:24.431+0000][info][gc,phases   ] GC(167)   Pre Evacuate Collection Set: 0.2ms
[2024-08-28T01:12:24.431+0000][info][gc,phases   ] GC(167)   Merge Heap Roots: 1.2ms
[2024-08-28T01:12:24.431+0000][info][gc,phases   ] GC(167)   Evacuate Collection Set: 35.9ms
[2024-08-28T01:12:24.431+0000][info][gc,phases   ] GC(167)   Post Evacuate Collection Set: 0.7ms
[2024-08-28T01:12:24.431+0000][info][gc,phases   ] GC(167)   Other: 0.3ms
[2024-08-28T01:12:24.431+0000][info][gc,heap     ] GC(167) Eden regions: 250->0(171)
[2024-08-28T01:12:24.431+0000][info][gc,heap     ] GC(167) Survivor regions: 13->33(33)
[2024-08-28T01:12:24.431+0000][info][gc,heap     ] GC(167) Old regions: 1045->1269
[2024-08-28T01:12:24.431+0000][info][gc,heap     ] GC(167) Archive regions: 2->2
[2024-08-28T01:12:24.431+0000][info][gc,heap     ] GC(167) Humongous regions: 5->5
[2024-08-28T01:12:24.431+0000][info][gc,metaspace] GC(167) Metaspace: 100K(320K)->100K(320K) NonClass: 96K(192K)->96K(192K) Class: 4K(128K)->4K(128K)
[2024-08-28T01:12:24.431+0000][info][gc          ] GC(167) Pause Young (Normal) (G1 Evacuation Pause) 1313M->1307M(2048M) 38.483ms
[2024-08-28T01:12:24.431+0000][info][gc,cpu      ] GC(167) User=1.80s Sys=0.00s Real=0.04s
[2024-08-28T01:12:24.514+0000][info][gc,start    ] GC(168) Pause Young (Normal) (G1 Evacuation Pause)
[2024-08-28T01:12:24.514+0000][info][gc,task     ] GC(168) Using 49 workers of 68 for evacuation
[2024-08-28T01:12:24.546+0000][info][gc,phases   ] GC(168)   Pre Evacuate Collection Set: 0.3ms
[2024-08-28T01:12:24.546+0000][info][gc,phases   ] GC(168)   Merge Heap Roots: 1.0ms
[2024-08-28T01:12:24.546+0000][info][gc,phases   ] GC(168)   Evacuate Collection Set: 29.4ms
[2024-08-28T01:12:24.546+0000][info][gc,phases   ] GC(168)   Post Evacuate Collection Set: 0.6ms
[2024-08-28T01:12:24.546+0000][info][gc,phases   ] GC(168)   Other: 0.3ms
[2024-08-28T01:12:24.546+0000][info][gc,heap     ] GC(168) Eden regions: 171->0(115)
[2024-08-28T01:12:24.546+0000][info][gc,heap     ] GC(168) Survivor regions: 33->26(26)
[2024-08-28T01:12:24.546+0000][info][gc,heap     ] GC(168) Old regions: 1269->1449
[2024-08-28T01:12:24.546+0000][info][gc,heap     ] GC(168) Archive regions: 2->2
[2024-08-28T01:12:24.546+0000][info][gc,heap     ] GC(168) Humongous regions: 5->5
[2024-08-28T01:12:24.546+0000][info][gc,metaspace] GC(168) Metaspace: 100K(320K)->100K(320K) NonClass: 96K(192K)->96K(192K) Class: 4K(128K)->4K(128K)
[2024-08-28T01:12:24.546+0000][info][gc          ] GC(168) Pause Young (Normal) (G1 Evacuation Pause) 1478M->1480M(2048M) 31.764ms
[2024-08-28T01:12:24.546+0000][info][gc,cpu      ] GC(168) User=1.46s Sys=0.01s Real=0.03s
[2024-08-28T01:12:24.603+0000][info][gc,start    ] GC(169) Pause Young (Concurrent Start) (G1 Evacuation Pause)
[2024-08-28T01:12:24.603+0000][info][gc,task     ] GC(169) Using 49 workers of 68 for evacuation
[2024-08-28T01:12:24.628+0000][info][gc,phases   ] GC(169)   Pre Evacuate Collection Set: 0.3ms
[2024-08-28T01:12:24.628+0000][info][gc,phases   ] GC(169)   Merge Heap Roots: 1.0ms
[2024-08-28T01:12:24.628+0000][info][gc,phases   ] GC(169)   Evacuate Collection Set: 22.2ms
[2024-08-28T01:12:24.628+0000][info][gc,phases   ] GC(169)   Post Evacuate Collection Set: 0.6ms
[2024-08-28T01:12:24.628+0000][info][gc,phases   ] GC(169)   Other: 1.2ms
[2024-08-28T01:12:24.628+0000][info][gc,heap     ] GC(169) Eden regions: 115->0(84)
[2024-08-28T01:12:24.628+0000][info][gc,heap     ] GC(169) Survivor regions: 26->18(18)
[2024-08-28T01:12:24.628+0000][info][gc,heap     ] GC(169) Old regions: 1449->1578
[2024-08-28T01:12:24.628+0000][info][gc,heap     ] GC(169) Archive regions: 2->2
[2024-08-28T01:12:24.628+0000][info][gc,heap     ] GC(169) Humongous regions: 5->5
[2024-08-28T01:12:24.628+0000][info][gc,metaspace] GC(169) Metaspace: 100K(320K)->100K(320K) NonClass: 96K(192K)->96K(192K) Class: 4K(128K)->4K(128K)
[2024-08-28T01:12:24.628+0000][info][gc          ] GC(169) Pause Young (Concurrent Start) (G1 Evacuation Pause) 1595M->1601M(2048M) 25.496ms
[2024-08-28T01:12:24.628+0000][info][gc,cpu      ] GC(169) User=1.13s Sys=0.00s Real=0.02s
[2024-08-28T01:12:24.629+0000][info][gc          ] GC(170) Concurrent Mark Cycle
[2024-08-28T01:12:24.629+0000][info][gc,marking  ] GC(170) Concurrent Clear Claimed Marks
[2024-08-28T01:12:24.629+0000][info][gc,marking  ] GC(170) Concurrent Clear Claimed Marks 0.010ms
[2024-08-28T01:12:24.629+0000][info][gc,marking  ] GC(170) Concurrent Scan Root Regions
[2024-08-28T01:12:24.632+0000][info][gc,marking  ] GC(170) Concurrent Scan Root Regions 3.762ms
[2024-08-28T01:12:24.632+0000][info][gc,marking  ] GC(170) Concurrent Mark
[2024-08-28T01:12:24.632+0000][info][gc,marking  ] GC(170) Concurrent Mark From Roots
[2024-08-28T01:12:24.632+0000][info][gc,task     ] GC(170) Using 17 workers of 17 for marking
[2024-08-28T01:12:24.651+0000][info][gc,marking  ] GC(170) Concurrent Mark From Roots 18.957ms
[2024-08-28T01:12:24.651+0000][info][gc,marking  ] GC(170) Concurrent Preclean
[2024-08-28T01:12:24.653+0000][info][gc,marking  ] GC(170) Concurrent Preclean 1.699ms
[2024-08-28T01:12:24.654+0000][info][gc,start    ] GC(170) Pause Remark
[2024-08-28T01:12:24.656+0000][info][gc          ] GC(170) Pause Remark 1634M->1387M(2048M) 2.841ms
[2024-08-28T01:12:24.656+0000][info][gc,cpu      ] GC(170) User=0.01s Sys=0.00s Real=0.00s
[2024-08-28T01:12:24.657+0000][info][gc,marking  ] GC(170) Concurrent Mark 24.084ms
[2024-08-28T01:12:24.657+0000][info][gc,marking  ] GC(170) Concurrent Rebuild Remembered Sets
[2024-08-28T01:12:24.683+0000][info][gc,start    ] GC(171) Pause Young (Normal) (G1 Evacuation Pause)
[2024-08-28T01:12:24.683+0000][info][gc,task     ] GC(171) Using 49 workers of 68 for evacuation
[2024-08-28T01:12:24.702+0000][info][gc,phases   ] GC(171)   Pre Evacuate Collection Set: 0.3ms
[2024-08-28T01:12:24.702+0000][info][gc,phases   ] GC(171)   Merge Heap Roots: 0.9ms
[2024-08-28T01:12:24.702+0000][info][gc,phases   ] GC(171)   Evacuate Collection Set: 16.6ms
[2024-08-28T01:12:24.702+0000][info][gc,phases   ] GC(171)   Post Evacuate Collection Set: 1.0ms
[2024-08-28T01:12:24.702+0000][info][gc,phases   ] GC(171)   Other: 0.4ms
[2024-08-28T01:12:24.702+0000][info][gc,heap     ] GC(171) Eden regions: 84->0(126)
[2024-08-28T01:12:24.702+0000][info][gc,heap     ] GC(171) Survivor regions: 18->13(13)
[2024-08-28T01:12:24.702+0000][info][gc,heap     ] GC(171) Old regions: 1331->1428
[2024-08-28T01:12:24.702+0000][info][gc,heap     ] GC(171) Archive regions: 2->2
[2024-08-28T01:12:24.702+0000][info][gc,heap     ] GC(171) Humongous regions: 5->5
[2024-08-28T01:12:24.702+0000][info][gc,metaspace] GC(171) Metaspace: 100K(320K)->100K(320K) NonClass: 96K(192K)->96K(192K) Class: 4K(128K)->4K(128K)
[2024-08-28T01:12:24.702+0000][info][gc          ] GC(171) Pause Young (Normal) (G1 Evacuation Pause) 1438M->1446M(2048M) 19.257ms
[2024-08-28T01:12:24.702+0000][info][gc,cpu      ] GC(171) User=0.85s Sys=0.00s Real=0.02s
[2024-08-28T01:12:24.725+0000][info][gc,marking  ] GC(170) Concurrent Rebuild Remembered Sets 68.251ms
[2024-08-28T01:12:24.725+0000][info][gc,start    ] GC(170) Pause Cleanup
[2024-08-28T01:12:24.732+0000][info][gc          ] GC(170) Pause Cleanup 1489M->1489M(2048M) 6.777ms
[2024-08-28T01:12:24.732+0000][info][gc,cpu      ] GC(170) User=0.02s Sys=0.00s Real=0.01s
[2024-08-28T01:12:24.732+0000][info][gc,marking  ] GC(170) Concurrent Cleanup for Next Mark
[2024-08-28T01:12:24.734+0000][info][gc,marking  ] GC(170) Concurrent Cleanup for Next Mark 1.376ms
[2024-08-28T01:12:24.734+0000][info][gc          ] GC(170) Concurrent Mark Cycle 105.161ms
[2024-08-28T01:12:24.776+0000][info][gc,start    ] GC(172) Pause Young (Prepare Mixed) (G1 Evacuation Pause)
[2024-08-28T01:12:24.776+0000][info][gc,task     ] GC(172) Using 49 workers of 68 for evacuation
[2024-08-28T01:12:24.803+0000][info][gc,phases   ] GC(172)   Pre Evacuate Collection Set: 0.3ms
[2024-08-28T01:12:24.803+0000][info][gc,phases   ] GC(172)   Merge Heap Roots: 1.4ms
[2024-08-28T01:12:24.803+0000][info][gc,phases   ] GC(172)   Evacuate Collection Set: 24.4ms
[2024-08-28T01:12:24.803+0000][info][gc,phases   ] GC(172)   Post Evacuate Collection Set: 0.6ms
[2024-08-28T01:12:24.803+0000][info][gc,phases   ] GC(172)   Other: 0.3ms
[2024-08-28T01:12:24.803+0000][info][gc,heap     ] GC(172) Eden regions: 126->0(84)
[2024-08-28T01:12:24.803+0000][info][gc,heap     ] GC(172) Survivor regions: 13->18(18)
[2024-08-28T01:12:24.803+0000][info][gc,heap     ] GC(172) Old regions: 1428->1552
[2024-08-28T01:12:24.803+0000][info][gc,heap     ] GC(172) Archive regions: 2->2
[2024-08-28T01:12:24.803+0000][info][gc,heap     ] GC(172) Humongous regions: 5->5
[2024-08-28T01:12:24.803+0000][info][gc,metaspace] GC(172) Metaspace: 100K(320K)->100K(320K) NonClass: 96K(192K)->96K(192K) Class: 4K(128K)->4K(128K)
[2024-08-28T01:12:24.803+0000][info][gc          ] GC(172) Pause Young (Prepare Mixed) (G1 Evacuation Pause) 1572M->1575M(2048M) 27.235ms
[2024-08-28T01:12:24.803+0000][info][gc,cpu      ] GC(172) User=1.25s Sys=0.00s Real=0.03s
[2024-08-28T01:12:24.846+0000][info][gc,start    ] GC(173) Pause Young (Mixed) (G1 Evacuation Pause)
[2024-08-28T01:12:24.846+0000][info][gc,task     ] GC(173) Using 49 workers of 68 for evacuation
[2024-08-28T01:12:24.864+0000][info][gc,phases   ] GC(173)   Pre Evacuate Collection Set: 0.5ms
[2024-08-28T01:12:24.864+0000][info][gc,phases   ] GC(173)   Merge Heap Roots: 0.8ms
[2024-08-28T01:12:24.864+0000][info][gc,phases   ] GC(173)   Evacuate Collection Set: 16.1ms
[2024-08-28T01:12:24.864+0000][info][gc,phases   ] GC(173)   Post Evacuate Collection Set: 0.8ms
[2024-08-28T01:12:24.864+0000][info][gc,phases   ] GC(173)   Other: 0.3ms
[2024-08-28T01:12:24.864+0000][info][gc,heap     ] GC(173) Eden regions: 84->0(89)
[2024-08-28T01:12:24.864+0000][info][gc,heap     ] GC(173) Survivor regions: 18->13(13)
[2024-08-28T01:12:24.864+0000][info][gc,heap     ] GC(173) Old regions: 1552->1341
[2024-08-28T01:12:24.864+0000][info][gc,heap     ] GC(173) Archive regions: 2->2
[2024-08-28T01:12:24.864+0000][info][gc,heap     ] GC(173) Humongous regions: 5->5
[2024-08-28T01:12:24.864+0000][info][gc,metaspace] GC(173) Metaspace: 100K(320K)->100K(320K) NonClass: 96K(192K)->96K(192K) Class: 4K(128K)->4K(128K)
[2024-08-28T01:12:24.864+0000][info][gc          ] GC(173) Pause Young (Mixed) (G1 Evacuation Pause) 1659M->1359M(2048M) 18.618ms
[2024-08-28T01:12:24.864+0000][info][gc,cpu      ] GC(173) User=0.82s Sys=0.00s Real=0.02s
[2024-08-28T01:12:24.909+0000][info][gc,start    ] GC(174) Pause Young (Mixed) (G1 Evacuation Pause)
[2024-08-28T01:12:24.909+0000][info][gc,task     ] GC(174) Using 49 workers of 68 for evacuation
[2024-08-28T01:12:24.928+0000][info][gc,phases   ] GC(174)   Pre Evacuate Collection Set: 0.5ms
[2024-08-28T01:12:24.928+0000][info][gc,phases   ] GC(174)   Merge Heap Roots: 0.9ms
[2024-08-28T01:12:24.928+0000][info][gc,phases   ] GC(174)   Evacuate Collection Set: 16.6ms
[2024-08-28T01:12:24.928+0000][info][gc,phases   ] GC(174)   Post Evacuate Collection Set: 0.9ms
[2024-08-28T01:12:24.928+0000][info][gc,phases   ] GC(174)   Other: 0.3ms
[2024-08-28T01:12:24.928+0000][info][gc,heap     ] GC(174) Eden regions: 89->0(89)
[2024-08-28T01:12:24.928+0000][info][gc,heap     ] GC(174) Survivor regions: 13->13(13)
[2024-08-28T01:12:24.928+0000][info][gc,heap     ] GC(174) Old regions: 1341->1128
[2024-08-28T01:12:24.928+0000][info][gc,heap     ] GC(174) Archive regions: 2->2
[2024-08-28T01:12:24.928+0000][info][gc,heap     ] GC(174) Humongous regions: 5->5
[2024-08-28T01:12:24.928+0000][info][gc,metaspace] GC(174) Metaspace: 100K(320K)->100K(320K) NonClass: 96K(192K)->96K(192K) Class: 4K(128K)->4K(128K)
[2024-08-28T01:12:24.928+0000][info][gc          ] GC(174) Pause Young (Mixed) (G1 Evacuation Pause) 1448M->1146M(2048M) 19.231ms
[2024-08-28T01:12:24.928+0000][info][gc,cpu      ] GC(174) User=0.83s Sys=0.01s Real=0.02s
[2024-08-28T01:12:24.973+0000][info][gc,start    ] GC(175) Pause Young (Mixed) (G1 Evacuation Pause)
[2024-08-28T01:12:24.973+0000][info][gc,task     ] GC(175) Using 49 workers of 68 for evacuation
[2024-08-28T01:12:24.991+0000][info][gc,phases   ] GC(175)   Pre Evacuate Collection Set: 0.4ms
[2024-08-28T01:12:24.991+0000][info][gc,phases   ] GC(175)   Merge Heap Roots: 0.9ms
[2024-08-28T01:12:24.991+0000][info][gc,phases   ] GC(175)   Evacuate Collection Set: 16.2ms
[2024-08-28T01:12:24.991+0000][info][gc,phases   ] GC(175)   Post Evacuate Collection Set: 0.7ms
[2024-08-28T01:12:24.991+0000][info][gc,phases   ] GC(175)   Other: 0.4ms
[2024-08-28T01:12:24.991+0000][info][gc,heap     ] GC(175) Eden regions: 89->0(253)
[2024-08-28T01:12:24.991+0000][info][gc,heap     ] GC(175) Survivor regions: 13->13(13)
[2024-08-28T01:12:24.991+0000][info][gc,heap     ] GC(175) Old regions: 1128->1038
[2024-08-28T01:12:24.991+0000][info][gc,heap     ] GC(175) Archive regions: 2->2
[2024-08-28T01:12:24.991+0000][info][gc,heap     ] GC(175) Humongous regions: 5->5
[2024-08-28T01:12:24.991+0000][info][gc,metaspace] GC(175) Metaspace: 100K(320K)->100K(320K) NonClass: 96K(192K)->96K(192K) Class: 4K(128K)->4K(128K)
[2024-08-28T01:12:24.991+0000][info][gc          ] GC(175) Pause Young (Mixed) (G1 Evacuation Pause) 1235M->1056M(2048M) 18.819ms
[2024-08-28T01:12:24.991+0000][info][gc,cpu      ] GC(175) User=0.83s Sys=0.00s Real=0.02s
[2024-08-28T01:12:25.116+0000][info][gc,start    ] GC(176) Pause Young (Normal) (G1 Evacuation Pause)
[2024-08-28T01:12:25.116+0000][info][gc,task     ] GC(176) Using 49 workers of 68 for evacuation
[2024-08-28T01:12:25.157+0000][info][gc,phases   ] GC(176)   Pre Evacuate Collection Set: 0.3ms
[2024-08-28T01:12:25.157+0000][info][gc,phases   ] GC(176)   Merge Heap Roots: 1.2ms
[2024-08-28T01:12:25.157+0000][info][gc,phases   ] GC(176)   Evacuate Collection Set: 37.9ms
[2024-08-28T01:12:25.157+0000][info][gc,phases   ] GC(176)   Post Evacuate Collection Set: 0.7ms
[2024-08-28T01:12:25.157+0000][info][gc,phases   ] GC(176)   Other: 0.3ms
[2024-08-28T01:12:25.157+0000][info][gc,heap     ] GC(176) Eden regions: 253->0(172)
[2024-08-28T01:12:25.157+0000][info][gc,heap     ] GC(176) Survivor regions: 13->34(34)
[2024-08-28T01:12:25.157+0000][info][gc,heap     ] GC(176) Old regions: 1038->1264
[2024-08-28T01:12:25.157+0000][info][gc,heap     ] GC(176) Archive regions: 2->2
[2024-08-28T01:12:25.157+0000][info][gc,heap     ] GC(176) Humongous regions: 5->5
[2024-08-28T01:12:25.157+0000][info][gc,metaspace] GC(176) Metaspace: 100K(320K)->100K(320K) NonClass: 96K(192K)->96K(192K) Class: 4K(128K)->4K(128K)
[2024-08-28T01:12:25.157+0000][info][gc          ] GC(176) Pause Young (Normal) (G1 Evacuation Pause) 1309M->1303M(2048M) 40.655ms
[2024-08-28T01:12:25.157+0000][info][gc,cpu      ] GC(176) User=1.89s Sys=0.00s Real=0.04s
[2024-08-28T01:12:25.241+0000][info][gc,start    ] GC(177) Pause Young (Normal) (G1 Evacuation Pause)
[2024-08-28T01:12:25.241+0000][info][gc,task     ] GC(177) Using 49 workers of 68 for evacuation
[2024-08-28T01:12:25.275+0000][info][gc,phases   ] GC(177)   Pre Evacuate Collection Set: 0.3ms
[2024-08-28T01:12:25.275+0000][info][gc,phases   ] GC(177)   Merge Heap Roots: 1.1ms
[2024-08-28T01:12:25.275+0000][info][gc,phases   ] GC(177)   Evacuate Collection Set: 31.4ms
[2024-08-28T01:12:25.275+0000][info][gc,phases   ] GC(177)   Post Evacuate Collection Set: 0.6ms
[2024-08-28T01:12:25.275+0000][info][gc,phases   ] GC(177)   Other: 0.3ms
[2024-08-28T01:12:25.275+0000][info][gc,heap     ] GC(177) Eden regions: 172->0(116)
[2024-08-28T01:12:25.275+0000][info][gc,heap     ] GC(177) Survivor regions: 34->26(26)
[2024-08-28T01:12:25.275+0000][info][gc,heap     ] GC(177) Old regions: 1264->1446
[2024-08-28T01:12:25.275+0000][info][gc,heap     ] GC(177) Archive regions: 2->2
[2024-08-28T01:12:25.275+0000][info][gc,heap     ] GC(177) Humongous regions: 5->5
[2024-08-28T01:12:25.275+0000][info][gc,metaspace] GC(177) Metaspace: 100K(320K)->100K(320K) NonClass: 96K(192K)->96K(192K) Class: 4K(128K)->4K(128K)
[2024-08-28T01:12:25.275+0000][info][gc          ] GC(177) Pause Young (Normal) (G1 Evacuation Pause) 1475M->1477M(2048M) 33.884ms
[2024-08-28T01:12:25.275+0000][info][gc,cpu      ] GC(177) User=1.57s Sys=0.00s Real=0.03s
[2024-08-28T01:12:25.334+0000][info][gc,start    ] GC(178) Pause Young (Concurrent Start) (G1 Evacuation Pause)
[2024-08-28T01:12:25.334+0000][info][gc,task     ] GC(178) Using 49 workers of 68 for evacuation
[2024-08-28T01:12:25.358+0000][info][gc,phases   ] GC(178)   Pre Evacuate Collection Set: 0.3ms
[2024-08-28T01:12:25.358+0000][info][gc,phases   ] GC(178)   Merge Heap Roots: 1.0ms
[2024-08-28T01:12:25.358+0000][info][gc,phases   ] GC(178)   Evacuate Collection Set: 21.6ms
[2024-08-28T01:12:25.358+0000][info][gc,phases   ] GC(178)   Post Evacuate Collection Set: 0.5ms
[2024-08-28T01:12:25.358+0000][info][gc,phases   ] GC(178)   Other: 0.8ms
[2024-08-28T01:12:25.358+0000][info][gc,heap     ] GC(178) Eden regions: 116->0(84)
[2024-08-28T01:12:25.358+0000][info][gc,heap     ] GC(178) Survivor regions: 26->18(18)
[2024-08-28T01:12:25.358+0000][info][gc,heap     ] GC(178) Old regions: 1446->1577
[2024-08-28T01:12:25.358+0000][info][gc,heap     ] GC(178) Archive regions: 2->2
[2024-08-28T01:12:25.358+0000][info][gc,heap     ] GC(178) Humongous regions: 5->5
[2024-08-28T01:12:25.358+0000][info][gc,metaspace] GC(178) Metaspace: 100K(320K)->100K(320K) NonClass: 96K(192K)->96K(192K) Class: 4K(128K)->4K(128K)
[2024-08-28T01:12:25.358+0000][info][gc          ] GC(178) Pause Young (Concurrent Start) (G1 Evacuation Pause) 1593M->1600M(2048M) 24.306ms
[2024-08-28T01:12:25.358+0000][info][gc,cpu      ] GC(178) User=1.03s Sys=0.03s Real=0.03s
[2024-08-28T01:12:25.358+0000][info][gc          ] GC(179) Concurrent Mark Cycle
[2024-08-28T01:12:25.358+0000][info][gc,marking  ] GC(179) Concurrent Clear Claimed Marks
[2024-08-28T01:12:25.358+0000][info][gc,marking  ] GC(179) Concurrent Clear Claimed Marks 0.010ms
[2024-08-28T01:12:25.359+0000][info][gc,marking  ] GC(179) Concurrent Scan Root Regions
[2024-08-28T01:12:25.362+0000][info][gc,marking  ] GC(179) Concurrent Scan Root Regions 3.674ms
[2024-08-28T01:12:25.362+0000][info][gc,marking  ] GC(179) Concurrent Mark
[2024-08-28T01:12:25.362+0000][info][gc,marking  ] GC(179) Concurrent Mark From Roots
[2024-08-28T01:12:25.362+0000][info][gc,task     ] GC(179) Using 17 workers of 17 for marking
[2024-08-28T01:12:25.381+0000][info][gc,marking  ] GC(179) Concurrent Mark From Roots 18.274ms
[2024-08-28T01:12:25.381+0000][info][gc,marking  ] GC(179) Concurrent Preclean
[2024-08-28T01:12:25.382+0000][info][gc,marking  ] GC(179) Concurrent Preclean 1.660ms
[2024-08-28T01:12:25.383+0000][info][gc,start    ] GC(179) Pause Remark
[2024-08-28T01:12:25.385+0000][info][gc          ] GC(179) Pause Remark 1632M->1346M(2048M) 2.306ms
[2024-08-28T01:12:25.385+0000][info][gc,cpu      ] GC(179) User=0.01s Sys=0.00s Real=0.00s
[2024-08-28T01:12:25.385+0000][info][gc,marking  ] GC(179) Concurrent Mark 22.809ms
[2024-08-28T01:12:25.385+0000][info][gc,marking  ] GC(179) Concurrent Rebuild Remembered Sets
[2024-08-28T01:12:25.412+0000][info][gc,start    ] GC(180) Pause Young (Normal) (G1 Evacuation Pause)
[2024-08-28T01:12:25.412+0000][info][gc,task     ] GC(180) Using 49 workers of 68 for evacuation
[2024-08-28T01:12:25.429+0000][info][gc,phases   ] GC(180)   Pre Evacuate Collection Set: 0.4ms
[2024-08-28T01:12:25.429+0000][info][gc,phases   ] GC(180)   Merge Heap Roots: 0.5ms
[2024-08-28T01:12:25.429+0000][info][gc,phases   ] GC(180)   Evacuate Collection Set: 15.1ms
[2024-08-28T01:12:25.429+0000][info][gc,phases   ] GC(180)   Post Evacuate Collection Set: 0.8ms
[2024-08-28T01:12:25.429+0000][info][gc,phases   ] GC(180)   Other: 0.3ms
[2024-08-28T01:12:25.429+0000][info][gc,heap     ] GC(180) Eden regions: 84->0(140)
[2024-08-28T01:12:25.429+0000][info][gc,heap     ] GC(180) Survivor regions: 18->13(13)
[2024-08-28T01:12:25.429+0000][info][gc,heap     ] GC(180) Old regions: 1291->1386
[2024-08-28T01:12:25.429+0000][info][gc,heap     ] GC(180) Archive regions: 2->2
[2024-08-28T01:12:25.429+0000][info][gc,heap     ] GC(180) Humongous regions: 5->5
[2024-08-28T01:12:25.429+0000][info][gc,metaspace] GC(180) Metaspace: 100K(320K)->100K(320K) NonClass: 96K(192K)->96K(192K) Class: 4K(128K)->4K(128K)
[2024-08-28T01:12:25.429+0000][info][gc          ] GC(180) Pause Young (Normal) (G1 Evacuation Pause) 1398M->1404M(2048M) 17.125ms
[2024-08-28T01:12:25.429+0000][info][gc,cpu      ] GC(180) User=0.76s Sys=0.01s Real=0.01s
[2024-08-28T01:12:25.454+0000][info][gc,marking  ] GC(179) Concurrent Rebuild Remembered Sets 69.170ms
[2024-08-28T01:12:25.455+0000][info][gc,start    ] GC(179) Pause Cleanup
[2024-08-28T01:12:25.458+0000][info][gc          ] GC(179) Pause Cleanup 1454M->1454M(2048M) 3.290ms
[2024-08-28T01:12:25.458+0000][info][gc,cpu      ] GC(179) User=0.01s Sys=0.00s Real=0.01s
[2024-08-28T01:12:25.458+0000][info][gc,marking  ] GC(179) Concurrent Cleanup for Next Mark
[2024-08-28T01:12:25.459+0000][info][gc,marking  ] GC(179) Concurrent Cleanup for Next Mark 1.394ms
[2024-08-28T01:12:25.460+0000][info][gc          ] GC(179) Concurrent Mark Cycle 101.062ms
[2024-08-28T01:12:25.504+0000][info][gc,start    ] GC(181) Pause Young (Prepare Mixed) (G1 Evacuation Pause)
[2024-08-28T01:12:25.504+0000][info][gc,task     ] GC(181) Using 49 workers of 68 for evacuation
[2024-08-28T01:12:25.531+0000][info][gc,phases   ] GC(181)   Pre Evacuate Collection Set: 0.4ms
[2024-08-28T01:12:25.531+0000][info][gc,phases   ] GC(181)   Merge Heap Roots: 0.9ms
[2024-08-28T01:12:25.531+0000][info][gc,phases   ] GC(181)   Evacuate Collection Set: 24.4ms
[2024-08-28T01:12:25.531+0000][info][gc,phases   ] GC(181)   Post Evacuate Collection Set: 0.5ms
[2024-08-28T01:12:25.531+0000][info][gc,phases   ] GC(181)   Other: 0.2ms
[2024-08-28T01:12:25.531+0000][info][gc,heap     ] GC(181) Eden regions: 140->0(82)
[2024-08-28T01:12:25.531+0000][info][gc,heap     ] GC(181) Survivor regions: 13->20(20)
[2024-08-28T01:12:25.531+0000][info][gc,heap     ] GC(181) Old regions: 1386->1522
[2024-08-28T01:12:25.531+0000][info][gc,heap     ] GC(181) Archive regions: 2->2
[2024-08-28T01:12:25.531+0000][info][gc,heap     ] GC(181) Humongous regions: 5->5
[2024-08-28T01:12:25.531+0000][info][gc,metaspace] GC(181) Metaspace: 100K(320K)->100K(320K) NonClass: 96K(192K)->96K(192K) Class: 4K(128K)->4K(128K)
[2024-08-28T01:12:25.531+0000][info][gc          ] GC(181) Pause Young (Prepare Mixed) (G1 Evacuation Pause) 1544M->1547M(2048M) 26.548ms
[2024-08-28T01:12:25.531+0000][info][gc,cpu      ] GC(181) User=1.23s Sys=0.00s Real=0.03s
[2024-08-28T01:12:25.571+0000][info][gc,start    ] GC(182) Pause Young (Mixed) (G1 Evacuation Pause)
[2024-08-28T01:12:25.572+0000][info][gc,task     ] GC(182) Using 49 workers of 68 for evacuation
[2024-08-28T01:12:25.589+0000][info][gc,phases   ] GC(182)   Pre Evacuate Collection Set: 0.4ms
[2024-08-28T01:12:25.589+0000][info][gc,phases   ] GC(182)   Merge Heap Roots: 0.5ms
[2024-08-28T01:12:25.589+0000][info][gc,phases   ] GC(182)   Evacuate Collection Set: 15.4ms
[2024-08-28T01:12:25.589+0000][info][gc,phases   ] GC(182)   Post Evacuate Collection Set: 0.6ms
[2024-08-28T01:12:25.589+0000][info][gc,phases   ] GC(182)   Other: 0.3ms
[2024-08-28T01:12:25.589+0000][info][gc,heap     ] GC(182) Eden regions: 82->0(89)
[2024-08-28T01:12:25.589+0000][info][gc,heap     ] GC(182) Survivor regions: 20->13(13)
[2024-08-28T01:12:25.589+0000][info][gc,heap     ] GC(182) Old regions: 1522->1311
[2024-08-28T01:12:25.589+0000][info][gc,heap     ] GC(182) Archive regions: 2->2
[2024-08-28T01:12:25.589+0000][info][gc,heap     ] GC(182) Humongous regions: 5->5
[2024-08-28T01:12:25.589+0000][info][gc,metaspace] GC(182) Metaspace: 100K(320K)->100K(320K) NonClass: 96K(192K)->96K(192K) Class: 4K(128K)->4K(128K)
[2024-08-28T01:12:25.589+0000][info][gc          ] GC(182) Pause Young (Mixed) (G1 Evacuation Pause) 1629M->1329M(2048M) 17.268ms
[2024-08-28T01:12:25.589+0000][info][gc,cpu      ] GC(182) User=0.76s Sys=0.00s Real=0.01s
[2024-08-28T01:12:25.633+0000][info][gc,start    ] GC(183) Pause Young (Mixed) (G1 Evacuation Pause)
[2024-08-28T01:12:25.633+0000][info][gc,task     ] GC(183) Using 49 workers of 68 for evacuation
[2024-08-28T01:12:25.650+0000][info][gc,phases   ] GC(183)   Pre Evacuate Collection Set: 0.4ms
[2024-08-28T01:12:25.650+0000][info][gc,phases   ] GC(183)   Merge Heap Roots: 0.9ms
[2024-08-28T01:12:25.650+0000][info][gc,phases   ] GC(183)   Evacuate Collection Set: 15.6ms
[2024-08-28T01:12:25.650+0000][info][gc,phases   ] GC(183)   Post Evacuate Collection Set: 0.7ms
[2024-08-28T01:12:25.650+0000][info][gc,phases   ] GC(183)   Other: 0.3ms
[2024-08-28T01:12:25.650+0000][info][gc,heap     ] GC(183) Eden regions: 89->0(89)
[2024-08-28T01:12:25.651+0000][info][gc,heap     ] GC(183) Survivor regions: 13->13(13)
[2024-08-28T01:12:25.651+0000][info][gc,heap     ] GC(183) Old regions: 1311->1097
[2024-08-28T01:12:25.651+0000][info][gc,heap     ] GC(183) Archive regions: 2->2
[2024-08-28T01:12:25.651+0000][info][gc,heap     ] GC(183) Humongous regions: 5->5
[2024-08-28T01:12:25.651+0000][info][gc,metaspace] GC(183) Metaspace: 100K(320K)->100K(320K) NonClass: 96K(192K)->96K(192K) Class: 4K(128K)->4K(128K)
[2024-08-28T01:12:25.651+0000][info][gc          ] GC(183) Pause Young (Mixed) (G1 Evacuation Pause) 1418M->1115M(2048M) 17.872ms
[2024-08-28T01:12:25.651+0000][info][gc,cpu      ] GC(183) User=0.78s Sys=0.03s Real=0.02s
[2024-08-28T01:12:25.695+0000][info][gc,start    ] GC(184) Pause Young (Mixed) (G1 Evacuation Pause)
[2024-08-28T01:12:25.695+0000][info][gc,task     ] GC(184) Using 49 workers of 68 for evacuation
[2024-08-28T01:12:25.712+0000][info][gc,phases   ] GC(184)   Pre Evacuate Collection Set: 0.4ms
[2024-08-28T01:12:25.712+0000][info][gc,phases   ] GC(184)   Merge Heap Roots: 0.7ms
[2024-08-28T01:12:25.712+0000][info][gc,phases   ] GC(184)   Evacuate Collection Set: 15.4ms
[2024-08-28T01:12:25.712+0000][info][gc,phases   ] GC(184)   Post Evacuate Collection Set: 0.6ms
[2024-08-28T01:12:25.712+0000][info][gc,phases   ] GC(184)   Other: 0.3ms
[2024-08-28T01:12:25.712+0000][info][gc,heap     ] GC(184) Eden regions: 89->0(250)
[2024-08-28T01:12:25.712+0000][info][gc,heap     ] GC(184) Survivor regions: 13->13(13)
[2024-08-28T01:12:25.712+0000][info][gc,heap     ] GC(184) Old regions: 1097->1046
[2024-08-28T01:12:25.712+0000][info][gc,heap     ] GC(184) Archive regions: 2->2
[2024-08-28T01:12:25.712+0000][info][gc,heap     ] GC(184) Humongous regions: 5->5
[2024-08-28T01:12:25.712+0000][info][gc,metaspace] GC(184) Metaspace: 100K(320K)->100K(320K) NonClass: 96K(192K)->96K(192K) Class: 4K(128K)->4K(128K)
[2024-08-28T01:12:25.712+0000][info][gc          ] GC(184) Pause Young (Mixed) (G1 Evacuation Pause) 1204M->1064M(2048M) 17.419ms
[2024-08-28T01:12:25.712+0000][info][gc,cpu      ] GC(184) User=0.78s Sys=0.00s Real=0.02s
[2024-08-28T01:12:25.832+0000][info][gc,start    ] GC(185) Pause Young (Normal) (G1 Evacuation Pause)
[2024-08-28T01:12:25.833+0000][info][gc,task     ] GC(185) Using 49 workers of 68 for evacuation
[2024-08-28T01:12:25.870+0000][info][gc,phases   ] GC(185)   Pre Evacuate Collection Set: 0.5ms
[2024-08-28T01:12:25.870+0000][info][gc,phases   ] GC(185)   Merge Heap Roots: 1.1ms
[2024-08-28T01:12:25.870+0000][info][gc,phases   ] GC(185)   Evacuate Collection Set: 34.9ms
[2024-08-28T01:12:25.870+0000][info][gc,phases   ] GC(185)   Post Evacuate Collection Set: 0.7ms
[2024-08-28T01:12:25.870+0000][info][gc,phases   ] GC(185)   Other: 0.3ms
[2024-08-28T01:12:25.870+0000][info][gc,heap     ] GC(185) Eden regions: 250->0(170)
[2024-08-28T01:12:25.870+0000][info][gc,heap     ] GC(185) Survivor regions: 13->33(33)
[2024-08-28T01:12:25.870+0000][info][gc,heap     ] GC(185) Old regions: 1046->1271
[2024-08-28T01:12:25.870+0000][info][gc,heap     ] GC(185) Archive regions: 2->2
[2024-08-28T01:12:25.870+0000][info][gc,heap     ] GC(185) Humongous regions: 5->5
[2024-08-28T01:12:25.870+0000][info][gc,metaspace] GC(185) Metaspace: 100K(320K)->100K(320K) NonClass: 96K(192K)->96K(192K) Class: 4K(128K)->4K(128K)
[2024-08-28T01:12:25.870+0000][info][gc          ] GC(185) Pause Young (Normal) (G1 Evacuation Pause) 1314M->1309M(2048M) 37.611ms
[2024-08-28T01:12:25.870+0000][info][gc,cpu      ] GC(185) User=1.72s Sys=0.02s Real=0.04s
[2024-08-28T01:12:25.953+0000][info][gc,start    ] GC(186) Pause Young (Normal) (G1 Evacuation Pause)
[2024-08-28T01:12:25.953+0000][info][gc,task     ] GC(186) Using 49 workers of 68 for evacuation
[2024-08-28T01:12:25.987+0000][info][gc,phases   ] GC(186)   Pre Evacuate Collection Set: 0.5ms
[2024-08-28T01:12:25.987+0000][info][gc,phases   ] GC(186)   Merge Heap Roots: 1.1ms
[2024-08-28T01:12:25.987+0000][info][gc,phases   ] GC(186)   Evacuate Collection Set: 31.6ms
[2024-08-28T01:12:25.987+0000][info][gc,phases   ] GC(186)   Post Evacuate Collection Set: 0.6ms
[2024-08-28T01:12:25.987+0000][info][gc,phases   ] GC(186)   Other: 0.3ms
[2024-08-28T01:12:25.987+0000][info][gc,heap     ] GC(186) Eden regions: 170->0(114)
[2024-08-28T01:12:25.987+0000][info][gc,heap     ] GC(186) Survivor regions: 33->26(26)
[2024-08-28T01:12:25.987+0000][info][gc,heap     ] GC(186) Old regions: 1271->1452
[2024-08-28T01:12:25.987+0000][info][gc,heap     ] GC(186) Archive regions: 2->2
[2024-08-28T01:12:25.987+0000][info][gc,heap     ] GC(186) Humongous regions: 5->5
[2024-08-28T01:12:25.987+0000][info][gc,metaspace] GC(186) Metaspace: 100K(320K)->100K(320K) NonClass: 96K(192K)->96K(192K) Class: 4K(128K)->4K(128K)
[2024-08-28T01:12:25.987+0000][info][gc          ] GC(186) Pause Young (Normal) (G1 Evacuation Pause) 1479M->1483M(2048M) 34.061ms
[2024-08-28T01:12:25.987+0000][info][gc,cpu      ] GC(186) User=1.50s Sys=0.04s Real=0.03s
[2024-08-28T01:12:26.061+0000][info][gc,start    ] GC(187) Pause Young (Concurrent Start) (G1 Evacuation Pause)
[2024-08-28T01:12:26.061+0000][info][gc,task     ] GC(187) Using 49 workers of 68 for evacuation
[2024-08-28T01:12:26.086+0000][info][gc,phases   ] GC(187)   Pre Evacuate Collection Set: 0.9ms
[2024-08-28T01:12:26.087+0000][info][gc,phases   ] GC(187)   Merge Heap Roots: 0.9ms
[2024-08-28T01:12:26.087+0000][info][gc,phases   ] GC(187)   Evacuate Collection Set: 22.3ms
[2024-08-28T01:12:26.087+0000][info][gc,phases   ] GC(187)   Post Evacuate Collection Set: 0.5ms
[2024-08-28T01:12:26.087+0000][info][gc,phases   ] GC(187)   Other: 0.8ms
[2024-08-28T01:12:26.087+0000][info][gc,heap     ] GC(187) Eden regions: 114->0(84)
[2024-08-28T01:12:26.087+0000][info][gc,heap     ] GC(187) Survivor regions: 26->18(18)
[2024-08-28T01:12:26.087+0000][info][gc,heap     ] GC(187) Old regions: 1452->1582
[2024-08-28T01:12:26.087+0000][info][gc,heap     ] GC(187) Archive regions: 2->2
[2024-08-28T01:12:26.087+0000][info][gc,heap     ] GC(187) Humongous regions: 5->5
[2024-08-28T01:12:26.087+0000][info][gc,metaspace] GC(187) Metaspace: 100K(320K)->100K(320K) NonClass: 96K(192K)->96K(192K) Class: 4K(128K)->4K(128K)
[2024-08-28T01:12:26.087+0000][info][gc          ] GC(187) Pause Young (Concurrent Start) (G1 Evacuation Pause) 1597M->1605M(2048M) 25.499ms
[2024-08-28T01:12:26.087+0000][info][gc,cpu      ] GC(187) User=1.10s Sys=0.03s Real=0.02s
[2024-08-28T01:12:26.087+0000][info][gc          ] GC(188) Concurrent Mark Cycle
[2024-08-28T01:12:26.087+0000][info][gc,marking  ] GC(188) Concurrent Clear Claimed Marks
[2024-08-28T01:12:26.087+0000][info][gc,marking  ] GC(188) Concurrent Clear Claimed Marks 0.011ms
[2024-08-28T01:12:26.087+0000][info][gc,marking  ] GC(188) Concurrent Scan Root Regions
[2024-08-28T01:12:26.090+0000][info][gc,marking  ] GC(188) Concurrent Scan Root Regions 3.652ms
[2024-08-28T01:12:26.090+0000][info][gc,marking  ] GC(188) Concurrent Mark
[2024-08-28T01:12:26.090+0000][info][gc,marking  ] GC(188) Concurrent Mark From Roots
[2024-08-28T01:12:26.090+0000][info][gc,task     ] GC(188) Using 17 workers of 17 for marking
[2024-08-28T01:12:26.111+0000][info][gc,marking  ] GC(188) Concurrent Mark From Roots 20.339ms
[2024-08-28T01:12:26.111+0000][info][gc,marking  ] GC(188) Concurrent Preclean
[2024-08-28T01:12:26.111+0000][info][gc,marking  ] GC(188) Concurrent Preclean 0.505ms
[2024-08-28T01:12:26.112+0000][info][gc,start    ] GC(188) Pause Remark
[2024-08-28T01:12:26.114+0000][info][gc          ] GC(188) Pause Remark 1627M->1360M(2048M) 2.061ms
[2024-08-28T01:12:26.114+0000][info][gc,cpu      ] GC(188) User=0.02s Sys=0.00s Real=0.00s
[2024-08-28T01:12:26.114+0000][info][gc,marking  ] GC(188) Concurrent Mark 23.317ms
[2024-08-28T01:12:26.114+0000][info][gc,marking  ] GC(188) Concurrent Rebuild Remembered Sets
[2024-08-28T01:12:26.166+0000][info][gc,marking  ] GC(188) Concurrent Rebuild Remembered Sets 51.684ms
[2024-08-28T01:12:26.166+0000][info][gc,start    ] GC(188) Pause Cleanup
[2024-08-28T01:12:26.169+0000][info][gc          ] GC(188) Pause Cleanup 1417M->1417M(2048M) 3.267ms
[2024-08-28T01:12:26.169+0000][info][gc,cpu      ] GC(188) User=0.01s Sys=0.00s Real=0.00s
[2024-08-28T01:12:26.169+0000][info][gc,marking  ] GC(188) Concurrent Cleanup for Next Mark
[2024-08-28T01:12:26.171+0000][info][gc,marking  ] GC(188) Concurrent Cleanup for Next Mark 1.314ms
[2024-08-28T01:12:26.171+0000][info][gc          ] GC(188) Concurrent Mark Cycle 83.948ms
[2024-08-28T01:12:26.174+0000][info][gc,start    ] GC(189) Pause Young (Prepare Mixed) (G1 Evacuation Pause)
[2024-08-28T01:12:26.174+0000][info][gc,task     ] GC(189) Using 49 workers of 68 for evacuation
[2024-08-28T01:12:26.198+0000][info][gc,phases   ] GC(189)   Pre Evacuate Collection Set: 0.4ms
[2024-08-28T01:12:26.198+0000][info][gc,phases   ] GC(189)   Merge Heap Roots: 0.9ms
[2024-08-28T01:12:26.198+0000][info][gc,phases   ] GC(189)   Evacuate Collection Set: 22.5ms
[2024-08-28T01:12:26.198+0000][info][gc,phases   ] GC(189)   Post Evacuate Collection Set: 0.6ms
[2024-08-28T01:12:26.198+0000][info][gc,phases   ] GC(189)   Other: 0.2ms
[2024-08-28T01:12:26.198+0000][info][gc,heap     ] GC(189) Eden regions: 84->0(89)
[2024-08-28T01:12:26.198+0000][info][gc,heap     ] GC(189) Survivor regions: 18->13(13)
[2024-08-28T01:12:26.198+0000][info][gc,heap     ] GC(189) Old regions: 1315->1414
[2024-08-28T01:12:26.198+0000][info][gc,heap     ] GC(189) Archive regions: 2->2
[2024-08-28T01:12:26.198+0000][info][gc,heap     ] GC(189) Humongous regions: 5->5
[2024-08-28T01:12:26.198+0000][info][gc,metaspace] GC(189) Metaspace: 100K(320K)->100K(320K) NonClass: 96K(192K)->96K(192K) Class: 4K(128K)->4K(128K)
[2024-08-28T01:12:26.198+0000][info][gc          ] GC(189) Pause Young (Prepare Mixed) (G1 Evacuation Pause) 1422M->1432M(2048M) 24.614ms
[2024-08-28T01:12:26.199+0000][info][gc,cpu      ] GC(189) User=0.73s Sys=0.09s Real=0.03s
[2024-08-28T01:12:26.266+0000][info][gc,start    ] GC(190) Pause Young (Mixed) (G1 Evacuation Pause)
[2024-08-28T01:12:26.266+0000][info][gc,task     ] GC(190) Using 49 workers of 68 for evacuation
[2024-08-28T01:12:26.285+0000][info][gc,phases   ] GC(190)   Pre Evacuate Collection Set: 0.7ms
[2024-08-28T01:12:26.285+0000][info][gc,phases   ] GC(190)   Merge Heap Roots: 0.7ms
[2024-08-28T01:12:26.285+0000][info][gc,phases   ] GC(190)   Evacuate Collection Set: 16.8ms
[2024-08-28T01:12:26.285+0000][info][gc,phases   ] GC(190)   Post Evacuate Collection Set: 0.6ms
[2024-08-28T01:12:26.285+0000][info][gc,phases   ] GC(190)   Other: 0.4ms
[2024-08-28T01:12:26.285+0000][info][gc,heap     ] GC(190) Eden regions: 89->0(89)
[2024-08-28T01:12:26.285+0000][info][gc,heap     ] GC(190) Survivor regions: 13->13(13)
[2024-08-28T01:12:26.285+0000][info][gc,heap     ] GC(190) Old regions: 1414->1200
[2024-08-28T01:12:26.285+0000][info][gc,heap     ] GC(190) Archive regions: 2->2
[2024-08-28T01:12:26.285+0000][info][gc,heap     ] GC(190) Humongous regions: 5->5
[2024-08-28T01:12:26.285+0000][info][gc,metaspace] GC(190) Metaspace: 100K(320K)->100K(320K) NonClass: 96K(192K)->96K(192K) Class: 4K(128K)->4K(128K)
[2024-08-28T01:12:26.285+0000][info][gc          ] GC(190) Pause Young (Mixed) (G1 Evacuation Pause) 1521M->1218M(2048M) 19.288ms
[2024-08-28T01:12:26.285+0000][info][gc,cpu      ] GC(190) User=0.81s Sys=0.04s Real=0.02s
[2024-08-28T01:12:26.339+0000][info][gc,start    ] GC(191) Pause Young (Mixed) (G1 Evacuation Pause)
[2024-08-28T01:12:26.339+0000][info][gc,task     ] GC(191) Using 49 workers of 68 for evacuation
[2024-08-28T01:12:26.364+0000][info][gc,phases   ] GC(191)   Pre Evacuate Collection Set: 0.5ms
[2024-08-28T01:12:26.364+0000][info][gc,phases   ] GC(191)   Merge Heap Roots: 0.8ms
[2024-08-28T01:12:26.364+0000][info][gc,phases   ] GC(191)   Evacuate Collection Set: 22.4ms
[2024-08-28T01:12:26.364+0000][info][gc,phases   ] GC(191)   Post Evacuate Collection Set: 0.7ms
[2024-08-28T01:12:26.364+0000][info][gc,phases   ] GC(191)   Other: 0.3ms
[2024-08-28T01:12:26.364+0000][info][gc,heap     ] GC(191) Eden regions: 89->0(89)
[2024-08-28T01:12:26.364+0000][info][gc,heap     ] GC(191) Survivor regions: 13->13(13)
[2024-08-28T01:12:26.364+0000][info][gc,heap     ] GC(191) Old regions: 1200->985
[2024-08-28T01:12:26.364+0000][info][gc,heap     ] GC(191) Archive regions: 2->2
[2024-08-28T01:12:26.364+0000][info][gc,heap     ] GC(191) Humongous regions: 5->5
[2024-08-28T01:12:26.364+0000][info][gc,metaspace] GC(191) Metaspace: 100K(320K)->100K(320K) NonClass: 96K(192K)->96K(192K) Class: 4K(128K)->4K(128K)
[2024-08-28T01:12:26.364+0000][info][gc          ] GC(191) Pause Young (Mixed) (G1 Evacuation Pause) 1307M->1003M(2048M) 24.807ms
[2024-08-28T01:12:26.364+0000][info][gc,cpu      ] GC(191) User=0.72s Sys=0.27s Real=0.02s
[2024-08-28T01:12:26.415+0000][info][gc,start    ] GC(192) Pause Young (Mixed) (G1 Evacuation Pause)
[2024-08-28T01:12:26.415+0000][info][gc,task     ] GC(192) Using 49 workers of 68 for evacuation
[2024-08-28T01:12:26.433+0000][info][gc,phases   ] GC(192)   Pre Evacuate Collection Set: 0.4ms
[2024-08-28T01:12:26.433+0000][info][gc,phases   ] GC(192)   Merge Heap Roots: 0.7ms
[2024-08-28T01:12:26.433+0000][info][gc,phases   ] GC(192)   Evacuate Collection Set: 16.0ms
[2024-08-28T01:12:26.433+0000][info][gc,phases   ] GC(192)   Post Evacuate Collection Set: 0.6ms
[2024-08-28T01:12:26.433+0000][info][gc,phases   ] GC(192)   Other: 0.3ms
[2024-08-28T01:12:26.433+0000][info][gc,heap     ] GC(192) Eden regions: 89->0(294)
[2024-08-28T01:12:26.433+0000][info][gc,heap     ] GC(192) Survivor regions: 13->13(13)
[2024-08-28T01:12:26.433+0000][info][gc,heap     ] GC(192) Old regions: 985->911
[2024-08-28T01:12:26.433+0000][info][gc,heap     ] GC(192) Archive regions: 2->2
[2024-08-28T01:12:26.433+0000][info][gc,heap     ] GC(192) Humongous regions: 5->5
[2024-08-28T01:12:26.433+0000][info][gc,metaspace] GC(192) Metaspace: 100K(320K)->100K(320K) NonClass: 96K(192K)->96K(192K) Class: 4K(128K)->4K(128K)
[2024-08-28T01:12:26.433+0000][info][gc          ] GC(192) Pause Young (Mixed) (G1 Evacuation Pause) 1092M->929M(2048M) 18.047ms
[2024-08-28T01:12:26.433+0000][info][gc,cpu      ] GC(192) User=0.73s Sys=0.09s Real=0.02s
[2024-08-28T01:12:26.580+0000][info][gc,start    ] GC(193) Pause Young (Normal) (G1 Evacuation Pause)
[2024-08-28T01:12:26.581+0000][info][gc,task     ] GC(193) Using 49 workers of 68 for evacuation
[2024-08-28T01:12:26.625+0000][info][gc,phases   ] GC(193)   Pre Evacuate Collection Set: 0.3ms
[2024-08-28T01:12:26.625+0000][info][gc,phases   ] GC(193)   Merge Heap Roots: 1.1ms
[2024-08-28T01:12:26.625+0000][info][gc,phases   ] GC(193)   Evacuate Collection Set: 42.3ms
[2024-08-28T01:12:26.625+0000][info][gc,phases   ] GC(193)   Post Evacuate Collection Set: 0.6ms
[2024-08-28T01:12:26.625+0000][info][gc,phases   ] GC(193)   Other: 0.3ms
[2024-08-28T01:12:26.625+0000][info][gc,heap     ] GC(193) Eden regions: 294->0(201)
[2024-08-28T01:12:26.625+0000][info][gc,heap     ] GC(193) Survivor regions: 13->39(39)
[2024-08-28T01:12:26.625+0000][info][gc,heap     ] GC(193) Old regions: 911->1170
[2024-08-28T01:12:26.625+0000][info][gc,heap     ] GC(193) Archive regions: 2->2
[2024-08-28T01:12:26.625+0000][info][gc,heap     ] GC(193) Humongous regions: 5->5
[2024-08-28T01:12:26.625+0000][info][gc,metaspace] GC(193) Metaspace: 100K(320K)->100K(320K) NonClass: 96K(192K)->96K(192K) Class: 4K(128K)->4K(128K)
[2024-08-28T01:12:26.625+0000][info][gc          ] GC(193) Pause Young (Normal) (G1 Evacuation Pause) 1223M->1214M(2048M) 44.686ms
[2024-08-28T01:12:26.625+0000][info][gc,cpu      ] GC(193) User=1.77s Sys=0.36s Real=0.04s
[2024-08-28T01:12:26.720+0000][info][gc,start    ] GC(194) Pause Young (Normal) (G1 Evacuation Pause)
[2024-08-28T01:12:26.720+0000][info][gc,task     ] GC(194) Using 49 workers of 68 for evacuation
[2024-08-28T01:12:26.759+0000][info][gc,phases   ] GC(194)   Pre Evacuate Collection Set: 0.3ms
[2024-08-28T01:12:26.759+0000][info][gc,phases   ] GC(194)   Merge Heap Roots: 1.1ms
[2024-08-28T01:12:26.759+0000][info][gc,phases   ] GC(194)   Evacuate Collection Set: 36.5ms
[2024-08-28T01:12:26.759+0000][info][gc,phases   ] GC(194)   Post Evacuate Collection Set: 0.6ms
[2024-08-28T01:12:26.759+0000][info][gc,phases   ] GC(194)   Other: 0.3ms
[2024-08-28T01:12:26.759+0000][info][gc,heap     ] GC(194) Eden regions: 201->0(137)
[2024-08-28T01:12:26.759+0000][info][gc,heap     ] GC(194) Survivor regions: 39->30(30)
[2024-08-28T01:12:26.759+0000][info][gc,heap     ] GC(194) Old regions: 1170->1378
[2024-08-28T01:12:26.759+0000][info][gc,heap     ] GC(194) Archive regions: 2->2
[2024-08-28T01:12:26.759+0000][info][gc,heap     ] GC(194) Humongous regions: 5->5
[2024-08-28T01:12:26.759+0000][info][gc,metaspace] GC(194) Metaspace: 100K(320K)->100K(320K) NonClass: 96K(192K)->96K(192K) Class: 4K(128K)->4K(128K)
[2024-08-28T01:12:26.759+0000][info][gc          ] GC(194) Pause Young (Normal) (G1 Evacuation Pause) 1415M->1413M(2048M) 38.780ms
[2024-08-28T01:12:26.759+0000][info][gc,cpu      ] GC(194) User=1.67s Sys=0.07s Real=0.04s
[2024-08-28T01:12:26.833+0000][info][gc,start    ] GC(195) Pause Young (Concurrent Start) (G1 Evacuation Pause)
[2024-08-28T01:12:26.833+0000][info][gc,task     ] GC(195) Using 49 workers of 68 for evacuation
[2024-08-28T01:12:26.865+0000][info][gc,phases   ] GC(195)   Pre Evacuate Collection Set: 0.4ms
[2024-08-28T01:12:26.865+0000][info][gc,phases   ] GC(195)   Merge Heap Roots: 1.0ms
[2024-08-28T01:12:26.865+0000][info][gc,phases   ] GC(195)   Evacuate Collection Set: 29.1ms
[2024-08-28T01:12:26.865+0000][info][gc,phases   ] GC(195)   Post Evacuate Collection Set: 0.5ms
[2024-08-28T01:12:26.865+0000][info][gc,phases   ] GC(195)   Other: 0.7ms
[2024-08-28T01:12:26.865+0000][info][gc,heap     ] GC(195) Eden regions: 137->0(91)
[2024-08-28T01:12:26.865+0000][info][gc,heap     ] GC(195) Survivor regions: 30->21(21)
[2024-08-28T01:12:26.865+0000][info][gc,heap     ] GC(195) Old regions: 1378->1529
[2024-08-28T01:12:26.865+0000][info][gc,heap     ] GC(195) Archive regions: 2->2
[2024-08-28T01:12:26.865+0000][info][gc,heap     ] GC(195) Humongous regions: 5->5
[2024-08-28T01:12:26.865+0000][info][gc,metaspace] GC(195) Metaspace: 100K(320K)->100K(320K) NonClass: 96K(192K)->96K(192K) Class: 4K(128K)->4K(128K)
[2024-08-28T01:12:26.865+0000][info][gc          ] GC(195) Pause Young (Concurrent Start) (G1 Evacuation Pause) 1550M->1555M(2048M) 31.766ms
[2024-08-28T01:12:26.865+0000][info][gc,cpu      ] GC(195) User=1.27s Sys=0.20s Real=0.03s
[2024-08-28T01:12:26.865+0000][info][gc          ] GC(196) Concurrent Mark Cycle
[2024-08-28T01:12:26.865+0000][info][gc,marking  ] GC(196) Concurrent Clear Claimed Marks
[2024-08-28T01:12:26.865+0000][info][gc,marking  ] GC(196) Concurrent Clear Claimed Marks 0.010ms
[2024-08-28T01:12:26.865+0000][info][gc,marking  ] GC(196) Concurrent Scan Root Regions
[2024-08-28T01:12:26.869+0000][info][gc,marking  ] GC(196) Concurrent Scan Root Regions 4.281ms
[2024-08-28T01:12:26.869+0000][info][gc,marking  ] GC(196) Concurrent Mark
[2024-08-28T01:12:26.869+0000][info][gc,marking  ] GC(196) Concurrent Mark From Roots
[2024-08-28T01:12:26.869+0000][info][gc,task     ] GC(196) Using 17 workers of 17 for marking
[2024-08-28T01:12:26.888+0000][info][gc,marking  ] GC(196) Concurrent Mark From Roots 18.213ms
[2024-08-28T01:12:26.888+0000][info][gc,marking  ] GC(196) Concurrent Preclean
[2024-08-28T01:12:26.888+0000][info][gc,marking  ] GC(196) Concurrent Preclean 0.539ms
[2024-08-28T01:12:26.889+0000][info][gc,start    ] GC(196) Pause Remark
[2024-08-28T01:12:26.891+0000][info][gc          ] GC(196) Pause Remark 1578M->1362M(2048M) 2.084ms
[2024-08-28T01:12:26.891+0000][info][gc,cpu      ] GC(196) User=0.01s Sys=0.01s Real=0.01s
[2024-08-28T01:12:26.891+0000][info][gc,marking  ] GC(196) Concurrent Mark 21.276ms
[2024-08-28T01:12:26.891+0000][info][gc,marking  ] GC(196) Concurrent Rebuild Remembered Sets
[2024-08-28T01:12:26.944+0000][info][gc,start    ] GC(197) Pause Young (Normal) (G1 Evacuation Pause)
[2024-08-28T01:12:26.944+0000][info][gc,task     ] GC(197) Using 49 workers of 68 for evacuation
[2024-08-28T01:12:26.967+0000][info][gc,phases   ] GC(197)   Pre Evacuate Collection Set: 0.4ms
[2024-08-28T01:12:26.967+0000][info][gc,phases   ] GC(197)   Merge Heap Roots: 0.6ms
[2024-08-28T01:12:26.967+0000][info][gc,phases   ] GC(197)   Evacuate Collection Set: 20.6ms
[2024-08-28T01:12:26.967+0000][info][gc,phases   ] GC(197)   Post Evacuate Collection Set: 0.8ms
[2024-08-28T01:12:26.967+0000][info][gc,phases   ] GC(197)   Other: 0.2ms
[2024-08-28T01:12:26.967+0000][info][gc,heap     ] GC(197) Eden regions: 91->0(128)
[2024-08-28T01:12:26.967+0000][info][gc,heap     ] GC(197) Survivor regions: 21->14(14)
[2024-08-28T01:12:26.967+0000][info][gc,heap     ] GC(197) Old regions: 1313->1421
[2024-08-28T01:12:26.967+0000][info][gc,heap     ] GC(197) Archive regions: 2->2
[2024-08-28T01:12:26.967+0000][info][gc,heap     ] GC(197) Humongous regions: 5->5
[2024-08-28T01:12:26.967+0000][info][gc,metaspace] GC(197) Metaspace: 100K(320K)->100K(320K) NonClass: 96K(192K)->96K(192K) Class: 4K(128K)->4K(128K)
[2024-08-28T01:12:26.967+0000][info][gc          ] GC(197) Pause Young (Normal) (G1 Evacuation Pause) 1430M->1440M(2048M) 22.638ms
[2024-08-28T01:12:26.967+0000][info][gc,cpu      ] GC(197) User=0.76s Sys=0.07s Real=0.02s
[2024-08-28T01:12:26.967+0000][info][gc,marking  ] GC(196) Concurrent Rebuild Remembered Sets 76.330ms
[2024-08-28T01:12:26.967+0000][info][gc,start    ] GC(196) Pause Cleanup
[2024-08-28T01:12:26.971+0000][info][gc          ] GC(196) Pause Cleanup 1440M->1440M(2048M) 3.161ms
[2024-08-28T01:12:26.971+0000][info][gc,cpu      ] GC(196) User=0.01s Sys=0.00s Real=0.01s
[2024-08-28T01:12:26.971+0000][info][gc,marking  ] GC(196) Concurrent Cleanup for Next Mark
[2024-08-28T01:12:26.972+0000][info][gc,marking  ] GC(196) Concurrent Cleanup for Next Mark 1.270ms
[2024-08-28T01:12:26.972+0000][info][gc          ] GC(196) Concurrent Mark Cycle 106.972ms
[2024-08-28T01:12:27.050+0000][info][gc,start    ] GC(198) Pause Young (Prepare Mixed) (G1 Evacuation Pause)
[2024-08-28T01:12:27.050+0000][info][gc,task     ] GC(198) Using 49 workers of 68 for evacuation
[2024-08-28T01:12:27.077+0000][info][gc,phases   ] GC(198)   Pre Evacuate Collection Set: 0.4ms
[2024-08-28T01:12:27.077+0000][info][gc,phases   ] GC(198)   Merge Heap Roots: 0.9ms
[2024-08-28T01:12:27.077+0000][info][gc,phases   ] GC(198)   Evacuate Collection Set: 24.5ms
[2024-08-28T01:12:27.077+0000][info][gc,phases   ] GC(198)   Post Evacuate Collection Set: 0.5ms
[2024-08-28T01:12:27.077+0000][info][gc,phases   ] GC(198)   Other: 0.2ms
[2024-08-28T01:12:27.077+0000][info][gc,heap     ] GC(198) Eden regions: 128->0(84)
[2024-08-28T01:12:27.077+0000][info][gc,heap     ] GC(198) Survivor regions: 14->18(18)
[2024-08-28T01:12:27.077+0000][info][gc,heap     ] GC(198) Old regions: 1421->1550
[2024-08-28T01:12:27.077+0000][info][gc,heap     ] GC(198) Archive regions: 2->2
[2024-08-28T01:12:27.077+0000][info][gc,heap     ] GC(198) Humongous regions: 5->5
[2024-08-28T01:12:27.077+0000][info][gc,metaspace] GC(198) Metaspace: 100K(320K)->100K(320K) NonClass: 96K(192K)->96K(192K) Class: 4K(128K)->4K(128K)
[2024-08-28T01:12:27.077+0000][info][gc          ] GC(198) Pause Young (Prepare Mixed) (G1 Evacuation Pause) 1568M->1573M(2048M) 26.611ms
[2024-08-28T01:12:27.077+0000][info][gc,cpu      ] GC(198) User=1.12s Sys=0.12s Real=0.02s
[2024-08-28T01:12:27.123+0000][info][gc,start    ] GC(199) Pause Young (Mixed) (G1 Evacuation Pause)
[2024-08-28T01:12:27.123+0000][info][gc,task     ] GC(199) Using 49 workers of 68 for evacuation
[2024-08-28T01:12:27.145+0000][info][gc,phases   ] GC(199)   Pre Evacuate Collection Set: 0.4ms
[2024-08-28T01:12:27.146+0000][info][gc,phases   ] GC(199)   Merge Heap Roots: 0.5ms
[2024-08-28T01:12:27.146+0000][info][gc,phases   ] GC(199)   Evacuate Collection Set: 20.7ms
[2024-08-28T01:12:27.146+0000][info][gc,phases   ] GC(199)   Post Evacuate Collection Set: 0.7ms
[2024-08-28T01:12:27.146+0000][info][gc,phases   ] GC(199)   Other: 0.2ms
[2024-08-28T01:12:27.146+0000][info][gc,heap     ] GC(199) Eden regions: 84->0(89)
[2024-08-28T01:12:27.146+0000][info][gc,heap     ] GC(199) Survivor regions: 18->13(13)
[2024-08-28T01:12:27.146+0000][info][gc,heap     ] GC(199) Old regions: 1550->1339
[2024-08-28T01:12:27.146+0000][info][gc,heap     ] GC(199) Archive regions: 2->2
[2024-08-28T01:12:27.146+0000][info][gc,heap     ] GC(199) Humongous regions: 5->5
[2024-08-28T01:12:27.146+0000][info][gc,metaspace] GC(199) Metaspace: 100K(320K)->100K(320K) NonClass: 96K(192K)->96K(192K) Class: 4K(128K)->4K(128K)
[2024-08-28T01:12:27.146+0000][info][gc          ] GC(199) Pause Young (Mixed) (G1 Evacuation Pause) 1657M->1357M(2048M) 22.636ms
[2024-08-28T01:12:27.146+0000][info][gc,cpu      ] GC(199) User=0.79s Sys=0.02s Real=0.02s
[2024-08-28T01:12:27.206+0000][info][gc,start    ] GC(200) Pause Young (Mixed) (G1 Evacuation Pause)
[2024-08-28T01:12:27.206+0000][info][gc,task     ] GC(200) Using 49 workers of 68 for evacuation
[2024-08-28T01:12:27.224+0000][info][gc,phases   ] GC(200)   Pre Evacuate Collection Set: 0.5ms
[2024-08-28T01:12:27.224+0000][info][gc,phases   ] GC(200)   Merge Heap Roots: 0.6ms
[2024-08-28T01:12:27.224+0000][info][gc,phases   ] GC(200)   Evacuate Collection Set: 16.1ms
[2024-08-28T01:12:27.224+0000][info][gc,phases   ] GC(200)   Post Evacuate Collection Set: 0.7ms
[2024-08-28T01:12:27.224+0000][info][gc,phases   ] GC(200)   Other: 0.3ms
[2024-08-28T01:12:27.224+0000][info][gc,heap     ] GC(200) Eden regions: 89->0(89)
[2024-08-28T01:12:27.224+0000][info][gc,heap     ] GC(200) Survivor regions: 13->13(13)
[2024-08-28T01:12:27.224+0000][info][gc,heap     ] GC(200) Old regions: 1339->1125
[2024-08-28T01:12:27.224+0000][info][gc,heap     ] GC(200) Archive regions: 2->2
[2024-08-28T01:12:27.224+0000][info][gc,heap     ] GC(200) Humongous regions: 5->5
[2024-08-28T01:12:27.224+0000][info][gc,metaspace] GC(200) Metaspace: 100K(320K)->100K(320K) NonClass: 96K(192K)->96K(192K) Class: 4K(128K)->4K(128K)
[2024-08-28T01:12:27.224+0000][info][gc          ] GC(200) Pause Young (Mixed) (G1 Evacuation Pause) 1446M->1143M(2048M) 18.205ms
[2024-08-28T01:12:27.224+0000][info][gc,cpu      ] GC(200) User=0.72s Sys=0.09s Real=0.02s
[2024-08-28T01:12:27.275+0000][info][gc,start    ] GC(201) Pause Young (Mixed) (G1 Evacuation Pause)
[2024-08-28T01:12:27.275+0000][info][gc,task     ] GC(201) Using 49 workers of 68 for evacuation
[2024-08-28T01:12:27.295+0000][info][gc,phases   ] GC(201)   Pre Evacuate Collection Set: 0.4ms
[2024-08-28T01:12:27.295+0000][info][gc,phases   ] GC(201)   Merge Heap Roots: 0.6ms
[2024-08-28T01:12:27.295+0000][info][gc,phases   ] GC(201)   Evacuate Collection Set: 18.7ms
[2024-08-28T01:12:27.295+0000][info][gc,phases   ] GC(201)   Post Evacuate Collection Set: 0.6ms
[2024-08-28T01:12:27.295+0000][info][gc,phases   ] GC(201)   Other: 0.2ms
[2024-08-28T01:12:27.295+0000][info][gc,heap     ] GC(201) Eden regions: 89->0(248)
[2024-08-28T01:12:27.295+0000][info][gc,heap     ] GC(201) Survivor regions: 13->13(13)
[2024-08-28T01:12:27.295+0000][info][gc,heap     ] GC(201) Old regions: 1125->1051
[2024-08-28T01:12:27.295+0000][info][gc,heap     ] GC(201) Archive regions: 2->2
[2024-08-28T01:12:27.295+0000][info][gc,heap     ] GC(201) Humongous regions: 5->5
[2024-08-28T01:12:27.295+0000][info][gc,metaspace] GC(201) Metaspace: 100K(320K)->100K(320K) NonClass: 96K(192K)->96K(192K) Class: 4K(128K)->4K(128K)
[2024-08-28T01:12:27.295+0000][info][gc          ] GC(201) Pause Young (Mixed) (G1 Evacuation Pause) 1232M->1069M(2048M) 20.600ms
[2024-08-28T01:12:27.295+0000][info][gc,cpu      ] GC(201) User=0.94s Sys=0.00s Real=0.02s
[2024-08-28T01:12:27.414+0000][info][gc,start    ] GC(202) Pause Young (Normal) (G1 Evacuation Pause)
[2024-08-28T01:12:27.414+0000][info][gc,task     ] GC(202) Using 49 workers of 68 for evacuation
[2024-08-28T01:12:27.452+0000][info][gc,phases   ] GC(202)   Pre Evacuate Collection Set: 0.3ms
[2024-08-28T01:12:27.452+0000][info][gc,phases   ] GC(202)   Merge Heap Roots: 1.0ms
[2024-08-28T01:12:27.452+0000][info][gc,phases   ] GC(202)   Evacuate Collection Set: 35.8ms
[2024-08-28T01:12:27.452+0000][info][gc,phases   ] GC(202)   Post Evacuate Collection Set: 0.6ms
[2024-08-28T01:12:27.452+0000][info][gc,phases   ] GC(202)   Other: 0.2ms
[2024-08-28T01:12:27.452+0000][info][gc,heap     ] GC(202) Eden regions: 248->0(169)
[2024-08-28T01:12:27.452+0000][info][gc,heap     ] GC(202) Survivor regions: 13->33(33)
[2024-08-28T01:12:27.452+0000][info][gc,heap     ] GC(202) Old regions: 1051->1276
[2024-08-28T01:12:27.452+0000][info][gc,heap     ] GC(202) Archive regions: 2->2
[2024-08-28T01:12:27.452+0000][info][gc,heap     ] GC(202) Humongous regions: 5->5
[2024-08-28T01:12:27.452+0000][info][gc,metaspace] GC(202) Metaspace: 100K(320K)->100K(320K) NonClass: 96K(192K)->96K(192K) Class: 4K(128K)->4K(128K)
[2024-08-28T01:12:27.452+0000][info][gc          ] GC(202) Pause Young (Normal) (G1 Evacuation Pause) 1317M->1314M(2048M) 37.956ms
[2024-08-28T01:12:27.452+0000][info][gc,cpu      ] GC(202) User=1.63s Sys=0.06s Real=0.04s
[2024-08-28T01:12:27.541+0000][info][gc,start    ] GC(203) Pause Young (Normal) (G1 Evacuation Pause)
[2024-08-28T01:12:27.541+0000][info][gc,task     ] GC(203) Using 49 workers of 68 for evacuation
[2024-08-28T01:12:27.572+0000][info][gc,phases   ] GC(203)   Pre Evacuate Collection Set: 0.3ms
[2024-08-28T01:12:27.572+0000][info][gc,phases   ] GC(203)   Merge Heap Roots: 0.7ms
[2024-08-28T01:12:27.572+0000][info][gc,phases   ] GC(203)   Evacuate Collection Set: 29.6ms
[2024-08-28T01:12:27.572+0000][info][gc,phases   ] GC(203)   Post Evacuate Collection Set: 0.5ms
[2024-08-28T01:12:27.572+0000][info][gc,phases   ] GC(203)   Other: 0.2ms
[2024-08-28T01:12:27.572+0000][info][gc,heap     ] GC(203) Eden regions: 169->0(113)
[2024-08-28T01:12:27.572+0000][info][gc,heap     ] GC(203) Survivor regions: 33->26(26)
[2024-08-28T01:12:27.572+0000][info][gc,heap     ] GC(203) Old regions: 1276->1454
[2024-08-28T01:12:27.572+0000][info][gc,heap     ] GC(203) Archive regions: 2->2
[2024-08-28T01:12:27.572+0000][info][gc,heap     ] GC(203) Humongous regions: 5->5
[2024-08-28T01:12:27.572+0000][info][gc,metaspace] GC(203) Metaspace: 100K(320K)->100K(320K) NonClass: 96K(192K)->96K(192K) Class: 4K(128K)->4K(128K)
[2024-08-28T01:12:27.572+0000][info][gc          ] GC(203) Pause Young (Normal) (G1 Evacuation Pause) 1483M->1485M(2048M) 31.504ms
[2024-08-28T01:12:27.572+0000][info][gc,cpu      ] GC(203) User=1.36s Sys=0.11s Real=0.03s
[2024-08-28T01:12:27.628+0000][info][gc,start    ] GC(204) Pause Young (Concurrent Start) (G1 Evacuation Pause)
[2024-08-28T01:12:27.628+0000][info][gc,task     ] GC(204) Using 49 workers of 68 for evacuation
[2024-08-28T01:12:27.652+0000][info][gc,phases   ] GC(204)   Pre Evacuate Collection Set: 0.3ms
[2024-08-28T01:12:27.652+0000][info][gc,phases   ] GC(204)   Merge Heap Roots: 0.6ms
[2024-08-28T01:12:27.652+0000][info][gc,phases   ] GC(204)   Evacuate Collection Set: 21.7ms
[2024-08-28T01:12:27.652+0000][info][gc,phases   ] GC(204)   Post Evacuate Collection Set: 0.5ms
[2024-08-28T01:12:27.652+0000][info][gc,phases   ] GC(204)   Other: 0.7ms
[2024-08-28T01:12:27.652+0000][info][gc,heap     ] GC(204) Eden regions: 113->0(84)
[2024-08-28T01:12:27.652+0000][info][gc,heap     ] GC(204) Survivor regions: 26->18(18)
[2024-08-28T01:12:27.652+0000][info][gc,heap     ] GC(204) Old regions: 1454->1583
[2024-08-28T01:12:27.652+0000][info][gc,heap     ] GC(204) Archive regions: 2->2
[2024-08-28T01:12:27.652+0000][info][gc,heap     ] GC(204) Humongous regions: 5->5
[2024-08-28T01:12:27.652+0000][info][gc,metaspace] GC(204) Metaspace: 100K(320K)->100K(320K) NonClass: 96K(192K)->96K(192K) Class: 4K(128K)->4K(128K)
[2024-08-28T01:12:27.652+0000][info][gc          ] GC(204) Pause Young (Concurrent Start) (G1 Evacuation Pause) 1598M->1606M(2048M) 23.927ms
[2024-08-28T01:12:27.652+0000][info][gc,cpu      ] GC(204) User=0.98s Sys=0.10s Real=0.03s
[2024-08-28T01:12:27.652+0000][info][gc          ] GC(205) Concurrent Mark Cycle
[2024-08-28T01:12:27.652+0000][info][gc,marking  ] GC(205) Concurrent Clear Claimed Marks
[2024-08-28T01:12:27.652+0000][info][gc,marking  ] GC(205) Concurrent Clear Claimed Marks 0.011ms
[2024-08-28T01:12:27.652+0000][info][gc,marking  ] GC(205) Concurrent Scan Root Regions
[2024-08-28T01:12:27.655+0000][info][gc,marking  ] GC(205) Concurrent Scan Root Regions 3.550ms
[2024-08-28T01:12:27.655+0000][info][gc,marking  ] GC(205) Concurrent Mark
[2024-08-28T01:12:27.656+0000][info][gc,marking  ] GC(205) Concurrent Mark From Roots
[2024-08-28T01:12:27.656+0000][info][gc,task     ] GC(205) Using 17 workers of 17 for marking
[2024-08-28T01:12:27.674+0000][info][gc,marking  ] GC(205) Concurrent Mark From Roots 18.644ms
[2024-08-28T01:12:27.674+0000][info][gc,marking  ] GC(205) Concurrent Preclean
[2024-08-28T01:12:27.676+0000][info][gc,marking  ] GC(205) Concurrent Preclean 1.339ms
[2024-08-28T01:12:27.676+0000][info][gc,start    ] GC(205) Pause Remark
[2024-08-28T01:12:27.678+0000][info][gc          ] GC(205) Pause Remark 1631M->1405M(2048M) 1.984ms
[2024-08-28T01:12:27.678+0000][info][gc,cpu      ] GC(205) User=0.01s Sys=0.00s Real=0.01s
[2024-08-28T01:12:27.678+0000][info][gc,marking  ] GC(205) Concurrent Mark 22.518ms
[2024-08-28T01:12:27.678+0000][info][gc,marking  ] GC(205) Concurrent Rebuild Remembered Sets
[2024-08-28T01:12:27.727+0000][info][gc,start    ] GC(206) Pause Young (Normal) (G1 Evacuation Pause)
[2024-08-28T01:12:27.727+0000][info][gc,task     ] GC(206) Using 49 workers of 68 for evacuation
[2024-08-28T01:12:27.747+0000][info][gc,phases   ] GC(206)   Pre Evacuate Collection Set: 0.5ms
[2024-08-28T01:12:27.747+0000][info][gc,phases   ] GC(206)   Merge Heap Roots: 0.5ms
[2024-08-28T01:12:27.747+0000][info][gc,phases   ] GC(206)   Evacuate Collection Set: 18.5ms
[2024-08-28T01:12:27.747+0000][info][gc,phases   ] GC(206)   Post Evacuate Collection Set: 0.7ms
[2024-08-28T01:12:27.747+0000][info][gc,phases   ] GC(206)   Other: 0.2ms
[2024-08-28T01:12:27.747+0000][info][gc,heap     ] GC(206) Eden regions: 84->0(117)
[2024-08-28T01:12:27.747+0000][info][gc,heap     ] GC(206) Survivor regions: 18->13(13)
[2024-08-28T01:12:27.747+0000][info][gc,heap     ] GC(206) Old regions: 1357->1456
[2024-08-28T01:12:27.747+0000][info][gc,heap     ] GC(206) Archive regions: 2->2
[2024-08-28T01:12:27.747+0000][info][gc,heap     ] GC(206) Humongous regions: 5->5
[2024-08-28T01:12:27.747+0000][info][gc,metaspace] GC(206) Metaspace: 100K(320K)->100K(320K) NonClass: 96K(192K)->96K(192K) Class: 4K(128K)->4K(128K)
[2024-08-28T01:12:27.747+0000][info][gc          ] GC(206) Pause Young (Normal) (G1 Evacuation Pause) 1464M->1474M(2048M) 20.632ms
[2024-08-28T01:12:27.747+0000][info][gc,cpu      ] GC(206) User=0.76s Sys=0.01s Real=0.02s
[2024-08-28T01:12:27.748+0000][info][gc,marking  ] GC(205) Concurrent Rebuild Remembered Sets 70.066ms
[2024-08-28T01:12:27.748+0000][info][gc,start    ] GC(205) Pause Cleanup
[2024-08-28T01:12:27.752+0000][info][gc          ] GC(205) Pause Cleanup 1475M->1475M(2048M) 3.417ms
[2024-08-28T01:12:27.752+0000][info][gc,cpu      ] GC(205) User=0.02s Sys=0.00s Real=0.01s
[2024-08-28T01:12:27.752+0000][info][gc,marking  ] GC(205) Concurrent Cleanup for Next Mark
[2024-08-28T01:12:27.753+0000][info][gc,marking  ] GC(205) Concurrent Cleanup for Next Mark 1.267ms
[2024-08-28T01:12:27.753+0000][info][gc          ] GC(205) Concurrent Mark Cycle 101.372ms
[2024-08-28T01:12:27.837+0000][info][gc,start    ] GC(207) Pause Young (Prepare Mixed) (G1 Evacuation Pause)
[2024-08-28T01:12:27.837+0000][info][gc,task     ] GC(207) Using 49 workers of 68 for evacuation
[2024-08-28T01:12:27.861+0000][info][gc,phases   ] GC(207)   Pre Evacuate Collection Set: 0.4ms
[2024-08-28T01:12:27.861+0000][info][gc,phases   ] GC(207)   Merge Heap Roots: 0.9ms
[2024-08-28T01:12:27.861+0000][info][gc,phases   ] GC(207)   Evacuate Collection Set: 22.0ms
[2024-08-28T01:12:27.861+0000][info][gc,phases   ] GC(207)   Post Evacuate Collection Set: 0.5ms
[2024-08-28T01:12:27.861+0000][info][gc,phases   ] GC(207)   Other: 0.2ms
[2024-08-28T01:12:27.861+0000][info][gc,heap     ] GC(207) Eden regions: 117->0(85)
[2024-08-28T01:12:27.861+0000][info][gc,heap     ] GC(207) Survivor regions: 13->17(17)
[2024-08-28T01:12:27.861+0000][info][gc,heap     ] GC(207) Old regions: 1456->1573
[2024-08-28T01:12:27.861+0000][info][gc,heap     ] GC(207) Archive regions: 2->2
[2024-08-28T01:12:27.861+0000][info][gc,heap     ] GC(207) Humongous regions: 5->5
[2024-08-28T01:12:27.861+0000][info][gc,metaspace] GC(207) Metaspace: 100K(320K)->100K(320K) NonClass: 96K(192K)->96K(192K) Class: 4K(128K)->4K(128K)
[2024-08-28T01:12:27.861+0000][info][gc          ] GC(207) Pause Young (Prepare Mixed) (G1 Evacuation Pause) 1591M->1595M(2048M) 24.011ms
[2024-08-28T01:12:27.861+0000][info][gc,cpu      ] GC(207) User=1.11s Sys=0.00s Real=0.03s
[2024-08-28T01:12:27.907+0000][info][gc,start    ] GC(208) Pause Young (Mixed) (G1 Evacuation Pause)
[2024-08-28T01:12:27.907+0000][info][gc,task     ] GC(208) Using 49 workers of 68 for evacuation
[2024-08-28T01:12:27.925+0000][info][gc,phases   ] GC(208)   Pre Evacuate Collection Set: 0.5ms
[2024-08-28T01:12:27.925+0000][info][gc,phases   ] GC(208)   Merge Heap Roots: 0.5ms
[2024-08-28T01:12:27.925+0000][info][gc,phases   ] GC(208)   Evacuate Collection Set: 15.5ms
[2024-08-28T01:12:27.925+0000][info][gc,phases   ] GC(208)   Post Evacuate Collection Set: 0.6ms
[2024-08-28T01:12:27.925+0000][info][gc,phases   ] GC(208)   Other: 0.2ms
[2024-08-28T01:12:27.925+0000][info][gc,heap     ] GC(208) Eden regions: 85->0(89)
[2024-08-28T01:12:27.925+0000][info][gc,heap     ] GC(208) Survivor regions: 17->13(13)
[2024-08-28T01:12:27.925+0000][info][gc,heap     ] GC(208) Old regions: 1573->1360
[2024-08-28T01:12:27.925+0000][info][gc,heap     ] GC(208) Archive regions: 2->2
[2024-08-28T01:12:27.925+0000][info][gc,heap     ] GC(208) Humongous regions: 5->5
[2024-08-28T01:12:27.925+0000][info][gc,metaspace] GC(208) Metaspace: 100K(320K)->100K(320K) NonClass: 96K(192K)->96K(192K) Class: 4K(128K)->4K(128K)
[2024-08-28T01:12:27.925+0000][info][gc          ] GC(208) Pause Young (Mixed) (G1 Evacuation Pause) 1680M->1378M(2048M) 17.484ms
[2024-08-28T01:12:27.925+0000][info][gc,cpu      ] GC(208) User=0.72s Sys=0.07s Real=0.02s
[2024-08-28T01:12:27.974+0000][info][gc,start    ] GC(209) Pause Young (Mixed) (G1 Evacuation Pause)
[2024-08-28T01:12:27.975+0000][info][gc,task     ] GC(209) Using 49 workers of 68 for evacuation
[2024-08-28T01:12:27.993+0000][info][gc,phases   ] GC(209)   Pre Evacuate Collection Set: 0.5ms
[2024-08-28T01:12:27.993+0000][info][gc,phases   ] GC(209)   Merge Heap Roots: 0.5ms
[2024-08-28T01:12:27.993+0000][info][gc,phases   ] GC(209)   Evacuate Collection Set: 16.1ms
[2024-08-28T01:12:27.993+0000][info][gc,phases   ] GC(209)   Post Evacuate Collection Set: 1.0ms
[2024-08-28T01:12:27.993+0000][info][gc,phases   ] GC(209)   Other: 0.3ms
[2024-08-28T01:12:27.993+0000][info][gc,heap     ] GC(209) Eden regions: 89->0(89)
[2024-08-28T01:12:27.993+0000][info][gc,heap     ] GC(209) Survivor regions: 13->13(13)
[2024-08-28T01:12:27.993+0000][info][gc,heap     ] GC(209) Old regions: 1360->1147
[2024-08-28T01:12:27.993+0000][info][gc,heap     ] GC(209) Archive regions: 2->2
[2024-08-28T01:12:27.993+0000][info][gc,heap     ] GC(209) Humongous regions: 5->5
[2024-08-28T01:12:27.993+0000][info][gc,metaspace] GC(209) Metaspace: 100K(320K)->100K(320K) NonClass: 96K(192K)->96K(192K) Class: 4K(128K)->4K(128K)
[2024-08-28T01:12:27.993+0000][info][gc          ] GC(209) Pause Young (Mixed) (G1 Evacuation Pause) 1467M->1165M(2048M) 18.518ms
[2024-08-28T01:12:27.993+0000][info][gc,cpu      ] GC(209) User=0.79s Sys=0.01s Real=0.02s
[2024-08-28T01:12:28.041+0000][info][gc,start    ] GC(210) Pause Young (Mixed) (G1 Evacuation Pause)
[2024-08-28T01:12:28.041+0000][info][gc,task     ] GC(210) Using 49 workers of 68 for evacuation
[2024-08-28T01:12:28.057+0000][info][gc,phases   ] GC(210)   Pre Evacuate Collection Set: 0.4ms
[2024-08-28T01:12:28.057+0000][info][gc,phases   ] GC(210)   Merge Heap Roots: 0.6ms
[2024-08-28T01:12:28.057+0000][info][gc,phases   ] GC(210)   Evacuate Collection Set: 14.8ms
[2024-08-28T01:12:28.057+0000][info][gc,phases   ] GC(210)   Post Evacuate Collection Set: 0.6ms
[2024-08-28T01:12:28.057+0000][info][gc,phases   ] GC(210)   Other: 0.3ms
[2024-08-28T01:12:28.058+0000][info][gc,heap     ] GC(210) Eden regions: 89->0(255)
[2024-08-28T01:12:28.058+0000][info][gc,heap     ] GC(210) Survivor regions: 13->13(13)
[2024-08-28T01:12:28.058+0000][info][gc,heap     ] GC(210) Old regions: 1147->1032
[2024-08-28T01:12:28.058+0000][info][gc,heap     ] GC(210) Archive regions: 2->2
[2024-08-28T01:12:28.058+0000][info][gc,heap     ] GC(210) Humongous regions: 5->5
[2024-08-28T01:12:28.058+0000][info][gc,metaspace] GC(210) Metaspace: 100K(320K)->100K(320K) NonClass: 96K(192K)->96K(192K) Class: 4K(128K)->4K(128K)
[2024-08-28T01:12:28.058+0000][info][gc          ] GC(210) Pause Young (Mixed) (G1 Evacuation Pause) 1254M->1050M(2048M) 16.747ms
[2024-08-28T01:12:28.058+0000][info][gc,cpu      ] GC(210) User=0.72s Sys=0.03s Real=0.02s
[2024-08-28T01:12:28.224+0000][info][gc,start    ] GC(211) Pause Young (Normal) (G1 Evacuation Pause)
[2024-08-28T01:12:28.224+0000][info][gc,task     ] GC(211) Using 49 workers of 68 for evacuation
[2024-08-28T01:12:28.262+0000][info][gc,phases   ] GC(211)   Pre Evacuate Collection Set: 0.4ms
[2024-08-28T01:12:28.262+0000][info][gc,phases   ] GC(211)   Merge Heap Roots: 0.9ms
[2024-08-28T01:12:28.262+0000][info][gc,phases   ] GC(211)   Evacuate Collection Set: 35.8ms
[2024-08-28T01:12:28.262+0000][info][gc,phases   ] GC(211)   Post Evacuate Collection Set: 0.9ms
[2024-08-28T01:12:28.262+0000][info][gc,phases   ] GC(211)   Other: 0.3ms
[2024-08-28T01:12:28.262+0000][info][gc,heap     ] GC(211) Eden regions: 255->0(173)
[2024-08-28T01:12:28.262+0000][info][gc,heap     ] GC(211) Survivor regions: 13->34(34)
[2024-08-28T01:12:28.262+0000][info][gc,heap     ] GC(211) Old regions: 1032->1261
[2024-08-28T01:12:28.262+0000][info][gc,heap     ] GC(211) Archive regions: 2->2
[2024-08-28T01:12:28.262+0000][info][gc,heap     ] GC(211) Humongous regions: 5->5
[2024-08-28T01:12:28.262+0000][info][gc,metaspace] GC(211) Metaspace: 100K(320K)->100K(320K) NonClass: 96K(192K)->96K(192K) Class: 4K(128K)->4K(128K)
[2024-08-28T01:12:28.262+0000][info][gc          ] GC(211) Pause Young (Normal) (G1 Evacuation Pause) 1305M->1300M(2048M) 38.433ms
[2024-08-28T01:12:28.262+0000][info][gc,cpu      ] GC(211) User=1.50s Sys=0.22s Real=0.04s
[2024-08-28T01:12:28.346+0000][info][gc,start    ] GC(212) Pause Young (Normal) (G1 Evacuation Pause)
[2024-08-28T01:12:28.346+0000][info][gc,task     ] GC(212) Using 49 workers of 68 for evacuation
[2024-08-28T01:12:28.378+0000][info][gc,phases   ] GC(212)   Pre Evacuate Collection Set: 0.4ms
[2024-08-28T01:12:28.378+0000][info][gc,phases   ] GC(212)   Merge Heap Roots: 1.1ms
[2024-08-28T01:12:28.378+0000][info][gc,phases   ] GC(212)   Evacuate Collection Set: 29.9ms
[2024-08-28T01:12:28.378+0000][info][gc,phases   ] GC(212)   Post Evacuate Collection Set: 0.6ms
[2024-08-28T01:12:28.378+0000][info][gc,phases   ] GC(212)   Other: 0.3ms
[2024-08-28T01:12:28.378+0000][info][gc,heap     ] GC(212) Eden regions: 173->0(117)
[2024-08-28T01:12:28.378+0000][info][gc,heap     ] GC(212) Survivor regions: 34->26(26)
[2024-08-28T01:12:28.378+0000][info][gc,heap     ] GC(212) Old regions: 1261->1443
[2024-08-28T01:12:28.378+0000][info][gc,heap     ] GC(212) Archive regions: 2->2
[2024-08-28T01:12:28.378+0000][info][gc,heap     ] GC(212) Humongous regions: 5->5
[2024-08-28T01:12:28.378+0000][info][gc,metaspace] GC(212) Metaspace: 100K(320K)->100K(320K) NonClass: 96K(192K)->96K(192K) Class: 4K(128K)->4K(128K)
[2024-08-28T01:12:28.378+0000][info][gc          ] GC(212) Pause Young (Normal) (G1 Evacuation Pause) 1473M->1474M(2048M) 32.344ms
[2024-08-28T01:12:28.378+0000][info][gc,cpu      ] GC(212) User=1.49s Sys=0.01s Real=0.04s
[2024-08-28T01:12:28.435+0000][info][gc,start    ] GC(213) Pause Young (Concurrent Start) (G1 Evacuation Pause)
[2024-08-28T01:12:28.435+0000][info][gc,task     ] GC(213) Using 49 workers of 68 for evacuation
[2024-08-28T01:12:28.460+0000][info][gc,phases   ] GC(213)   Pre Evacuate Collection Set: 0.3ms
[2024-08-28T01:12:28.460+0000][info][gc,phases   ] GC(213)   Merge Heap Roots: 0.9ms
[2024-08-28T01:12:28.460+0000][info][gc,phases   ] GC(213)   Evacuate Collection Set: 22.0ms
[2024-08-28T01:12:28.460+0000][info][gc,phases   ] GC(213)   Post Evacuate Collection Set: 0.5ms
[2024-08-28T01:12:28.460+0000][info][gc,phases   ] GC(213)   Other: 0.8ms
[2024-08-28T01:12:28.460+0000][info][gc,heap     ] GC(213) Eden regions: 117->0(84)
[2024-08-28T01:12:28.460+0000][info][gc,heap     ] GC(213) Survivor regions: 26->18(18)
[2024-08-28T01:12:28.460+0000][info][gc,heap     ] GC(213) Old regions: 1443->1574
[2024-08-28T01:12:28.460+0000][info][gc,heap     ] GC(213) Archive regions: 2->2
[2024-08-28T01:12:28.460+0000][info][gc,heap     ] GC(213) Humongous regions: 5->5
[2024-08-28T01:12:28.460+0000][info][gc,metaspace] GC(213) Metaspace: 100K(320K)->100K(320K) NonClass: 96K(192K)->96K(192K) Class: 4K(128K)->4K(128K)
[2024-08-28T01:12:28.460+0000][info][gc          ] GC(213) Pause Young (Concurrent Start) (G1 Evacuation Pause) 1591M->1597M(2048M) 24.631ms
[2024-08-28T01:12:28.460+0000][info][gc,cpu      ] GC(213) User=1.10s Sys=0.02s Real=0.03s
[2024-08-28T01:12:28.460+0000][info][gc          ] GC(214) Concurrent Mark Cycle
[2024-08-28T01:12:28.460+0000][info][gc,marking  ] GC(214) Concurrent Clear Claimed Marks
[2024-08-28T01:12:28.460+0000][info][gc,marking  ] GC(214) Concurrent Clear Claimed Marks 0.010ms
[2024-08-28T01:12:28.460+0000][info][gc,marking  ] GC(214) Concurrent Scan Root Regions
[2024-08-28T01:12:28.464+0000][info][gc,marking  ] GC(214) Concurrent Scan Root Regions 3.674ms
[2024-08-28T01:12:28.464+0000][info][gc,marking  ] GC(214) Concurrent Mark
[2024-08-28T01:12:28.464+0000][info][gc,marking  ] GC(214) Concurrent Mark From Roots
[2024-08-28T01:12:28.464+0000][info][gc,task     ] GC(214) Using 17 workers of 17 for marking
[2024-08-28T01:12:28.482+0000][info][gc,marking  ] GC(214) Concurrent Mark From Roots 18.144ms
[2024-08-28T01:12:28.482+0000][info][gc,marking  ] GC(214) Concurrent Preclean
[2024-08-28T01:12:28.483+0000][info][gc,marking  ] GC(214) Concurrent Preclean 1.455ms
[2024-08-28T01:12:28.484+0000][info][gc,start    ] GC(214) Pause Remark
[2024-08-28T01:12:28.486+0000][info][gc          ] GC(214) Pause Remark 1626M->1379M(2048M) 2.008ms
[2024-08-28T01:12:28.486+0000][info][gc,cpu      ] GC(214) User=0.02s Sys=0.00s Real=0.00s
[2024-08-28T01:12:28.486+0000][info][gc,marking  ] GC(214) Concurrent Mark 22.087ms
[2024-08-28T01:12:28.486+0000][info][gc,marking  ] GC(214) Concurrent Rebuild Remembered Sets
[2024-08-28T01:12:28.516+0000][info][gc,start    ] GC(215) Pause Young (Normal) (G1 Evacuation Pause)
[2024-08-28T01:12:28.516+0000][info][gc,task     ] GC(215) Using 49 workers of 68 for evacuation
[2024-08-28T01:12:28.533+0000][info][gc,phases   ] GC(215)   Pre Evacuate Collection Set: 0.3ms
[2024-08-28T01:12:28.533+0000][info][gc,phases   ] GC(215)   Merge Heap Roots: 0.8ms
[2024-08-28T01:12:28.533+0000][info][gc,phases   ] GC(215)   Evacuate Collection Set: 15.4ms
[2024-08-28T01:12:28.533+0000][info][gc,phases   ] GC(215)   Post Evacuate Collection Set: 0.7ms
[2024-08-28T01:12:28.533+0000][info][gc,phases   ] GC(215)   Other: 0.2ms
[2024-08-28T01:12:28.533+0000][info][gc,heap     ] GC(215) Eden regions: 84->0(127)
[2024-08-28T01:12:28.533+0000][info][gc,heap     ] GC(215) Survivor regions: 18->13(13)
[2024-08-28T01:12:28.533+0000][info][gc,heap     ] GC(215) Old regions: 1327->1425
[2024-08-28T01:12:28.533+0000][info][gc,heap     ] GC(215) Archive regions: 2->2
[2024-08-28T01:12:28.533+0000][info][gc,heap     ] GC(215) Humongous regions: 5->5
[2024-08-28T01:12:28.533+0000][info][gc,metaspace] GC(215) Metaspace: 100K(320K)->100K(320K) NonClass: 96K(192K)->96K(192K) Class: 4K(128K)->4K(128K)
[2024-08-28T01:12:28.533+0000][info][gc          ] GC(215) Pause Young (Normal) (G1 Evacuation Pause) 1434M->1443M(2048M) 17.529ms
[2024-08-28T01:12:28.533+0000][info][gc,cpu      ] GC(215) User=0.80s Sys=0.01s Real=0.02s
[2024-08-28T01:12:28.555+0000][info][gc,marking  ] GC(214) Concurrent Rebuild Remembered Sets 69.144ms
[2024-08-28T01:12:28.555+0000][info][gc,start    ] GC(214) Pause Cleanup
[2024-08-28T01:12:28.558+0000][info][gc          ] GC(214) Pause Cleanup 1482M->1482M(2048M) 2.594ms
[2024-08-28T01:12:28.558+0000][info][gc,cpu      ] GC(214) User=0.02s Sys=0.00s Real=0.01s
[2024-08-28T01:12:28.558+0000][info][gc,marking  ] GC(214) Concurrent Cleanup for Next Mark
[2024-08-28T01:12:28.560+0000][info][gc,marking  ] GC(214) Concurrent Cleanup for Next Mark 1.915ms
[2024-08-28T01:12:28.560+0000][info][gc          ] GC(214) Concurrent Mark Cycle 99.926ms
[2024-08-28T01:12:28.608+0000][info][gc,start    ] GC(216) Pause Young (Prepare Mixed) (G1 Evacuation Pause)
[2024-08-28T01:12:28.608+0000][info][gc,task     ] GC(216) Using 49 workers of 68 for evacuation
[2024-08-28T01:12:28.634+0000][info][gc,phases   ] GC(216)   Pre Evacuate Collection Set: 0.2ms
[2024-08-28T01:12:28.634+0000][info][gc,phases   ] GC(216)   Merge Heap Roots: 1.2ms
[2024-08-28T01:12:28.634+0000][info][gc,phases   ] GC(216)   Evacuate Collection Set: 23.4ms
[2024-08-28T01:12:28.634+0000][info][gc,phases   ] GC(216)   Post Evacuate Collection Set: 0.5ms
[2024-08-28T01:12:28.634+0000][info][gc,phases   ] GC(216)   Other: 0.2ms
[2024-08-28T01:12:28.634+0000][info][gc,heap     ] GC(216) Eden regions: 127->0(84)
[2024-08-28T01:12:28.634+0000][info][gc,heap     ] GC(216) Survivor regions: 13->18(18)
[2024-08-28T01:12:28.634+0000][info][gc,heap     ] GC(216) Old regions: 1425->1550
[2024-08-28T01:12:28.634+0000][info][gc,heap     ] GC(216) Archive regions: 2->2
[2024-08-28T01:12:28.634+0000][info][gc,heap     ] GC(216) Humongous regions: 5->5
[2024-08-28T01:12:28.634+0000][info][gc,metaspace] GC(216) Metaspace: 100K(320K)->100K(320K) NonClass: 96K(192K)->96K(192K) Class: 4K(128K)->4K(128K)
[2024-08-28T01:12:28.634+0000][info][gc          ] GC(216) Pause Young (Prepare Mixed) (G1 Evacuation Pause) 1570M->1573M(2048M) 25.638ms
[2024-08-28T01:12:28.634+0000][info][gc,cpu      ] GC(216) User=1.20s Sys=0.00s Real=0.03s
[2024-08-28T01:12:28.681+0000][info][gc,start    ] GC(217) Pause Young (Mixed) (G1 Evacuation Pause)
[2024-08-28T01:12:28.681+0000][info][gc,task     ] GC(217) Using 49 workers of 68 for evacuation
[2024-08-28T01:12:28.698+0000][info][gc,phases   ] GC(217)   Pre Evacuate Collection Set: 0.3ms
[2024-08-28T01:12:28.698+0000][info][gc,phases   ] GC(217)   Merge Heap Roots: 0.7ms
[2024-08-28T01:12:28.698+0000][info][gc,phases   ] GC(217)   Evacuate Collection Set: 15.3ms
[2024-08-28T01:12:28.698+0000][info][gc,phases   ] GC(217)   Post Evacuate Collection Set: 0.6ms
[2024-08-28T01:12:28.698+0000][info][gc,phases   ] GC(217)   Other: 0.2ms
[2024-08-28T01:12:28.698+0000][info][gc,heap     ] GC(217) Eden regions: 84->0(89)
[2024-08-28T01:12:28.698+0000][info][gc,heap     ] GC(217) Survivor regions: 18->13(13)
[2024-08-28T01:12:28.698+0000][info][gc,heap     ] GC(217) Old regions: 1550->1338
[2024-08-28T01:12:28.698+0000][info][gc,heap     ] GC(217) Archive regions: 2->2
[2024-08-28T01:12:28.698+0000][info][gc,heap     ] GC(217) Humongous regions: 5->5
[2024-08-28T01:12:28.698+0000][info][gc,metaspace] GC(217) Metaspace: 100K(320K)->100K(320K) NonClass: 96K(192K)->96K(192K) Class: 4K(128K)->4K(128K)
[2024-08-28T01:12:28.698+0000][info][gc          ] GC(217) Pause Young (Mixed) (G1 Evacuation Pause) 1657M->1356M(2048M) 17.259ms
[2024-08-28T01:12:28.698+0000][info][gc,cpu      ] GC(217) User=0.75s Sys=0.03s Real=0.02s
[2024-08-28T01:12:28.747+0000][info][gc,start    ] GC(218) Pause Young (Mixed) (G1 Evacuation Pause)
[2024-08-28T01:12:28.747+0000][info][gc,task     ] GC(218) Using 49 workers of 68 for evacuation
[2024-08-28T01:12:28.764+0000][info][gc,phases   ] GC(218)   Pre Evacuate Collection Set: 0.4ms
[2024-08-28T01:12:28.764+0000][info][gc,phases   ] GC(218)   Merge Heap Roots: 0.8ms
[2024-08-28T01:12:28.764+0000][info][gc,phases   ] GC(218)   Evacuate Collection Set: 15.4ms
[2024-08-28T01:12:28.764+0000][info][gc,phases   ] GC(218)   Post Evacuate Collection Set: 0.7ms
[2024-08-28T01:12:28.764+0000][info][gc,phases   ] GC(218)   Other: 0.3ms
[2024-08-28T01:12:28.764+0000][info][gc,heap     ] GC(218) Eden regions: 89->0(89)
[2024-08-28T01:12:28.764+0000][info][gc,heap     ] GC(218) Survivor regions: 13->13(13)
[2024-08-28T01:12:28.764+0000][info][gc,heap     ] GC(218) Old regions: 1338->1123
[2024-08-28T01:12:28.764+0000][info][gc,heap     ] GC(218) Archive regions: 2->2
[2024-08-28T01:12:28.764+0000][info][gc,heap     ] GC(218) Humongous regions: 5->5
[2024-08-28T01:12:28.764+0000][info][gc,metaspace] GC(218) Metaspace: 100K(320K)->100K(320K) NonClass: 96K(192K)->96K(192K) Class: 4K(128K)->4K(128K)
[2024-08-28T01:12:28.764+0000][info][gc          ] GC(218) Pause Young (Mixed) (G1 Evacuation Pause) 1445M->1141M(2048M) 17.534ms
[2024-08-28T01:12:28.764+0000][info][gc,cpu      ] GC(218) User=0.78s Sys=0.00s Real=0.02s
[2024-08-28T01:12:28.812+0000][info][gc,start    ] GC(219) Pause Young (Mixed) (G1 Evacuation Pause)
[2024-08-28T01:12:28.812+0000][info][gc,task     ] GC(219) Using 49 workers of 68 for evacuation
[2024-08-28T01:12:28.829+0000][info][gc,phases   ] GC(219)   Pre Evacuate Collection Set: 0.3ms
[2024-08-28T01:12:28.829+0000][info][gc,phases   ] GC(219)   Merge Heap Roots: 0.7ms
[2024-08-28T01:12:28.829+0000][info][gc,phases   ] GC(219)   Evacuate Collection Set: 15.5ms
[2024-08-28T01:12:28.829+0000][info][gc,phases   ] GC(219)   Post Evacuate Collection Set: 0.5ms
[2024-08-28T01:12:28.829+0000][info][gc,phases   ] GC(219)   Other: 0.2ms
[2024-08-28T01:12:28.829+0000][info][gc,heap     ] GC(219) Eden regions: 89->0(254)
[2024-08-28T01:12:28.829+0000][info][gc,heap     ] GC(219) Survivor regions: 13->13(13)
[2024-08-28T01:12:28.829+0000][info][gc,heap     ] GC(219) Old regions: 1123->1036
[2024-08-28T01:12:28.829+0000][info][gc,heap     ] GC(219) Archive regions: 2->2
[2024-08-28T01:12:28.829+0000][info][gc,heap     ] GC(219) Humongous regions: 5->5
[2024-08-28T01:12:28.829+0000][info][gc,metaspace] GC(219) Metaspace: 100K(320K)->100K(320K) NonClass: 96K(192K)->96K(192K) Class: 4K(128K)->4K(128K)
[2024-08-28T01:12:28.829+0000][info][gc          ] GC(219) Pause Young (Mixed) (G1 Evacuation Pause) 1230M->1054M(2048M) 17.394ms
[2024-08-28T01:12:28.829+0000][info][gc,cpu      ] GC(219) User=0.79s Sys=0.01s Real=0.01s
[2024-08-28T01:12:28.950+0000][info][gc,start    ] GC(220) Pause Young (Normal) (G1 Evacuation Pause)
[2024-08-28T01:12:28.951+0000][info][gc,task     ] GC(220) Using 49 workers of 68 for evacuation
[2024-08-28T01:12:28.987+0000][info][gc,phases   ] GC(220)   Pre Evacuate Collection Set: 0.4ms
[2024-08-28T01:12:28.987+0000][info][gc,phases   ] GC(220)   Merge Heap Roots: 1.0ms
[2024-08-28T01:12:28.987+0000][info][gc,phases   ] GC(220)   Evacuate Collection Set: 34.9ms
[2024-08-28T01:12:28.987+0000][info][gc,phases   ] GC(220)   Post Evacuate Collection Set: 0.5ms
[2024-08-28T01:12:28.987+0000][info][gc,phases   ] GC(220)   Other: 0.2ms
[2024-08-28T01:12:28.987+0000][info][gc,heap     ] GC(220) Eden regions: 254->0(173)
[2024-08-28T01:12:28.987+0000][info][gc,heap     ] GC(220) Survivor regions: 13->34(34)
[2024-08-28T01:12:28.987+0000][info][gc,heap     ] GC(220) Old regions: 1036->1263
[2024-08-28T01:12:28.988+0000][info][gc,heap     ] GC(220) Archive regions: 2->2
[2024-08-28T01:12:28.988+0000][info][gc,heap     ] GC(220) Humongous regions: 5->5
[2024-08-28T01:12:28.988+0000][info][gc,metaspace] GC(220) Metaspace: 100K(320K)->100K(320K) NonClass: 96K(192K)->96K(192K) Class: 4K(128K)->4K(128K)
[2024-08-28T01:12:28.988+0000][info][gc          ] GC(220) Pause Young (Normal) (G1 Evacuation Pause) 1308M->1302M(2048M) 37.081ms
[2024-08-28T01:12:28.988+0000][info][gc,cpu      ] GC(220) User=1.73s Sys=0.01s Real=0.03s
[2024-08-28T01:12:29.071+0000][info][gc,start    ] GC(221) Pause Young (Normal) (G1 Evacuation Pause)
[2024-08-28T01:12:29.071+0000][info][gc,task     ] GC(221) Using 49 workers of 68 for evacuation
[2024-08-28T01:12:29.101+0000][info][gc,phases   ] GC(221)   Pre Evacuate Collection Set: 0.3ms
[2024-08-28T01:12:29.101+0000][info][gc,phases   ] GC(221)   Merge Heap Roots: 0.9ms
[2024-08-28T01:12:29.101+0000][info][gc,phases   ] GC(221)   Evacuate Collection Set: 28.8ms
[2024-08-28T01:12:29.101+0000][info][gc,phases   ] GC(221)   Post Evacuate Collection Set: 0.5ms
[2024-08-28T01:12:29.101+0000][info][gc,phases   ] GC(221)   Other: 0.2ms
[2024-08-28T01:12:29.101+0000][info][gc,heap     ] GC(221) Eden regions: 173->0(116)
[2024-08-28T01:12:29.101+0000][info][gc,heap     ] GC(221) Survivor regions: 34->26(26)
[2024-08-28T01:12:29.101+0000][info][gc,heap     ] GC(221) Old regions: 1263->1445
[2024-08-28T01:12:29.101+0000][info][gc,heap     ] GC(221) Archive regions: 2->2
[2024-08-28T01:12:29.101+0000][info][gc,heap     ] GC(221) Humongous regions: 5->5
[2024-08-28T01:12:29.101+0000][info][gc,metaspace] GC(221) Metaspace: 100K(320K)->100K(320K) NonClass: 96K(192K)->96K(192K) Class: 4K(128K)->4K(128K)
[2024-08-28T01:12:29.102+0000][info][gc          ] GC(221) Pause Young (Normal) (G1 Evacuation Pause) 1475M->1476M(2048M) 30.890ms
[2024-08-28T01:12:29.102+0000][info][gc,cpu      ] GC(221) User=1.42s Sys=0.02s Real=0.03s
[2024-08-28T01:12:29.159+0000][info][gc,start    ] GC(222) Pause Young (Concurrent Start) (G1 Evacuation Pause)
[2024-08-28T01:12:29.159+0000][info][gc,task     ] GC(222) Using 49 workers of 68 for evacuation
[2024-08-28T01:12:29.182+0000][info][gc,phases   ] GC(222)   Pre Evacuate Collection Set: 0.3ms
[2024-08-28T01:12:29.182+0000][info][gc,phases   ] GC(222)   Merge Heap Roots: 0.9ms
[2024-08-28T01:12:29.182+0000][info][gc,phases   ] GC(222)   Evacuate Collection Set: 21.3ms
[2024-08-28T01:12:29.182+0000][info][gc,phases   ] GC(222)   Post Evacuate Collection Set: 0.5ms
[2024-08-28T01:12:29.182+0000][info][gc,phases   ] GC(222)   Other: 0.7ms
[2024-08-28T01:12:29.182+0000][info][gc,heap     ] GC(222) Eden regions: 116->0(84)
[2024-08-28T01:12:29.182+0000][info][gc,heap     ] GC(222) Survivor regions: 26->18(18)
[2024-08-28T01:12:29.182+0000][info][gc,heap     ] GC(222) Old regions: 1445->1577
[2024-08-28T01:12:29.182+0000][info][gc,heap     ] GC(222) Archive regions: 2->2
[2024-08-28T01:12:29.182+0000][info][gc,heap     ] GC(222) Humongous regions: 5->5
[2024-08-28T01:12:29.182+0000][info][gc,metaspace] GC(222) Metaspace: 100K(320K)->100K(320K) NonClass: 96K(192K)->96K(192K) Class: 4K(128K)->4K(128K)
[2024-08-28T01:12:29.182+0000][info][gc          ] GC(222) Pause Young (Concurrent Start) (G1 Evacuation Pause) 1592M->1600M(2048M) 23.711ms
[2024-08-28T01:12:29.182+0000][info][gc,cpu      ] GC(222) User=1.06s Sys=0.02s Real=0.02s
[2024-08-28T01:12:29.182+0000][info][gc          ] GC(223) Concurrent Mark Cycle
[2024-08-28T01:12:29.182+0000][info][gc,marking  ] GC(223) Concurrent Clear Claimed Marks
[2024-08-28T01:12:29.182+0000][info][gc,marking  ] GC(223) Concurrent Clear Claimed Marks 0.011ms
[2024-08-28T01:12:29.182+0000][info][gc,marking  ] GC(223) Concurrent Scan Root Regions
[2024-08-28T01:12:29.186+0000][info][gc,marking  ] GC(223) Concurrent Scan Root Regions 3.653ms
[2024-08-28T01:12:29.186+0000][info][gc,marking  ] GC(223) Concurrent Mark
[2024-08-28T01:12:29.186+0000][info][gc,marking  ] GC(223) Concurrent Mark From Roots
[2024-08-28T01:12:29.186+0000][info][gc,task     ] GC(223) Using 17 workers of 17 for marking
[2024-08-28T01:12:29.205+0000][info][gc,marking  ] GC(223) Concurrent Mark From Roots 18.511ms
[2024-08-28T01:12:29.205+0000][info][gc,marking  ] GC(223) Concurrent Preclean
[2024-08-28T01:12:29.205+0000][info][gc,marking  ] GC(223) Concurrent Preclean 0.513ms
[2024-08-28T01:12:29.205+0000][info][gc,start    ] GC(223) Pause Remark
[2024-08-28T01:12:29.207+0000][info][gc          ] GC(223) Pause Remark 1630M->1373M(2048M) 1.815ms
[2024-08-28T01:12:29.207+0000][info][gc,cpu      ] GC(223) User=0.00s Sys=0.01s Real=0.00s
[2024-08-28T01:12:29.207+0000][info][gc,marking  ] GC(223) Concurrent Mark 21.235ms
[2024-08-28T01:12:29.207+0000][info][gc,marking  ] GC(223) Concurrent Rebuild Remembered Sets
[2024-08-28T01:12:29.234+0000][info][gc,start    ] GC(224) Pause Young (Normal) (G1 Evacuation Pause)
[2024-08-28T01:12:29.234+0000][info][gc,task     ] GC(224) Using 49 workers of 68 for evacuation
[2024-08-28T01:12:29.252+0000][info][gc,phases   ] GC(224)   Pre Evacuate Collection Set: 0.3ms
[2024-08-28T01:12:29.252+0000][info][gc,phases   ] GC(224)   Merge Heap Roots: 0.8ms
[2024-08-28T01:12:29.252+0000][info][gc,phases   ] GC(224)   Evacuate Collection Set: 15.7ms
[2024-08-28T01:12:29.252+0000][info][gc,phases   ] GC(224)   Post Evacuate Collection Set: 0.8ms
[2024-08-28T01:12:29.252+0000][info][gc,phases   ] GC(224)   Other: 0.2ms
[2024-08-28T01:12:29.252+0000][info][gc,heap     ] GC(224) Eden regions: 84->0(129)
[2024-08-28T01:12:29.252+0000][info][gc,heap     ] GC(224) Survivor regions: 18->13(13)
[2024-08-28T01:12:29.252+0000][info][gc,heap     ] GC(224) Old regions: 1320->1419
[2024-08-28T01:12:29.252+0000][info][gc,heap     ] GC(224) Archive regions: 2->2
[2024-08-28T01:12:29.252+0000][info][gc,heap     ] GC(224) Humongous regions: 5->5
[2024-08-28T01:12:29.252+0000][info][gc,metaspace] GC(224) Metaspace: 100K(320K)->100K(320K) NonClass: 96K(192K)->96K(192K) Class: 4K(128K)->4K(128K)
[2024-08-28T01:12:29.252+0000][info][gc          ] GC(224) Pause Young (Normal) (G1 Evacuation Pause) 1427M->1437M(2048M) 17.781ms
[2024-08-28T01:12:29.252+0000][info][gc,cpu      ] GC(224) User=0.81s Sys=0.00s Real=0.02s
[2024-08-28T01:12:29.276+0000][info][gc,marking  ] GC(223) Concurrent Rebuild Remembered Sets 68.884ms
[2024-08-28T01:12:29.277+0000][info][gc,start    ] GC(223) Pause Cleanup
[2024-08-28T01:12:29.279+0000][info][gc          ] GC(223) Pause Cleanup 1484M->1484M(2048M) 2.479ms
[2024-08-28T01:12:29.279+0000][info][gc,cpu      ] GC(223) User=0.01s Sys=0.00s Real=0.01s
[2024-08-28T01:12:29.279+0000][info][gc,marking  ] GC(223) Concurrent Cleanup for Next Mark
[2024-08-28T01:12:29.281+0000][info][gc,marking  ] GC(223) Concurrent Cleanup for Next Mark 1.638ms
[2024-08-28T01:12:29.281+0000][info][gc          ] GC(223) Concurrent Mark Cycle 98.385ms
[2024-08-28T01:12:29.322+0000][info][gc,start    ] GC(225) Pause Young (Prepare Mixed) (G1 Evacuation Pause)
[2024-08-28T01:12:29.322+0000][info][gc,task     ] GC(225) Using 49 workers of 68 for evacuation
[2024-08-28T01:12:29.347+0000][info][gc,phases   ] GC(225)   Pre Evacuate Collection Set: 0.3ms
[2024-08-28T01:12:29.347+0000][info][gc,phases   ] GC(225)   Merge Heap Roots: 1.1ms
[2024-08-28T01:12:29.347+0000][info][gc,phases   ] GC(225)   Evacuate Collection Set: 23.6ms
[2024-08-28T01:12:29.347+0000][info][gc,phases   ] GC(225)   Post Evacuate Collection Set: 0.5ms
[2024-08-28T01:12:29.347+0000][info][gc,phases   ] GC(225)   Other: 0.2ms
[2024-08-28T01:12:29.347+0000][info][gc,heap     ] GC(225) Eden regions: 129->0(84)
[2024-08-28T01:12:29.347+0000][info][gc,heap     ] GC(225) Survivor regions: 13->18(18)
[2024-08-28T01:12:29.347+0000][info][gc,heap     ] GC(225) Old regions: 1419->1545
[2024-08-28T01:12:29.347+0000][info][gc,heap     ] GC(225) Archive regions: 2->2
[2024-08-28T01:12:29.347+0000][info][gc,heap     ] GC(225) Humongous regions: 5->5
[2024-08-28T01:12:29.347+0000][info][gc,metaspace] GC(225) Metaspace: 100K(320K)->100K(320K) NonClass: 96K(192K)->96K(192K) Class: 4K(128K)->4K(128K)
[2024-08-28T01:12:29.348+0000][info][gc          ] GC(225) Pause Young (Prepare Mixed) (G1 Evacuation Pause) 1566M->1568M(2048M) 25.775ms
[2024-08-28T01:12:29.348+0000][info][gc,cpu      ] GC(225) User=1.20s Sys=0.00s Real=0.02s
[2024-08-28T01:12:29.390+0000][info][gc,start    ] GC(226) Pause Young (Mixed) (G1 Evacuation Pause)
[2024-08-28T01:12:29.390+0000][info][gc,task     ] GC(226) Using 49 workers of 68 for evacuation
[2024-08-28T01:12:29.407+0000][info][gc,phases   ] GC(226)   Pre Evacuate Collection Set: 0.3ms
[2024-08-28T01:12:29.407+0000][info][gc,phases   ] GC(226)   Merge Heap Roots: 0.7ms
[2024-08-28T01:12:29.407+0000][info][gc,phases   ] GC(226)   Evacuate Collection Set: 15.3ms
[2024-08-28T01:12:29.407+0000][info][gc,phases   ] GC(226)   Post Evacuate Collection Set: 0.6ms
[2024-08-28T01:12:29.407+0000][info][gc,phases   ] GC(226)   Other: 0.2ms
[2024-08-28T01:12:29.407+0000][info][gc,heap     ] GC(226) Eden regions: 84->0(89)
[2024-08-28T01:12:29.407+0000][info][gc,heap     ] GC(226) Survivor regions: 18->13(13)
[2024-08-28T01:12:29.407+0000][info][gc,heap     ] GC(226) Old regions: 1545->1333
[2024-08-28T01:12:29.407+0000][info][gc,heap     ] GC(226) Archive regions: 2->2
[2024-08-28T01:12:29.407+0000][info][gc,heap     ] GC(226) Humongous regions: 5->5
[2024-08-28T01:12:29.407+0000][info][gc,metaspace] GC(226) Metaspace: 100K(320K)->100K(320K) NonClass: 96K(192K)->96K(192K) Class: 4K(128K)->4K(128K)
[2024-08-28T01:12:29.407+0000][info][gc          ] GC(226) Pause Young (Mixed) (G1 Evacuation Pause) 1652M->1351M(2048M) 17.298ms
[2024-08-28T01:12:29.407+0000][info][gc,cpu      ] GC(226) User=0.78s Sys=0.01s Real=0.01s
[2024-08-28T01:12:29.453+0000][info][gc,start    ] GC(227) Pause Young (Mixed) (G1 Evacuation Pause)
[2024-08-28T01:12:29.453+0000][info][gc,task     ] GC(227) Using 49 workers of 68 for evacuation
[2024-08-28T01:12:29.470+0000][info][gc,phases   ] GC(227)   Pre Evacuate Collection Set: 0.4ms
[2024-08-28T01:12:29.470+0000][info][gc,phases   ] GC(227)   Merge Heap Roots: 0.8ms
[2024-08-28T01:12:29.470+0000][info][gc,phases   ] GC(227)   Evacuate Collection Set: 15.2ms
[2024-08-28T01:12:29.470+0000][info][gc,phases   ] GC(227)   Post Evacuate Collection Set: 0.7ms
[2024-08-28T01:12:29.470+0000][info][gc,phases   ] GC(227)   Other: 0.3ms
[2024-08-28T01:12:29.470+0000][info][gc,heap     ] GC(227) Eden regions: 89->0(89)
[2024-08-28T01:12:29.470+0000][info][gc,heap     ] GC(227) Survivor regions: 13->13(13)
[2024-08-28T01:12:29.470+0000][info][gc,heap     ] GC(227) Old regions: 1333->1119
[2024-08-28T01:12:29.470+0000][info][gc,heap     ] GC(227) Archive regions: 2->2
[2024-08-28T01:12:29.470+0000][info][gc,heap     ] GC(227) Humongous regions: 5->5
[2024-08-28T01:12:29.470+0000][info][gc,metaspace] GC(227) Metaspace: 100K(320K)->100K(320K) NonClass: 96K(192K)->96K(192K) Class: 4K(128K)->4K(128K)
[2024-08-28T01:12:29.470+0000][info][gc          ] GC(227) Pause Young (Mixed) (G1 Evacuation Pause) 1440M->1137M(2048M) 17.449ms
[2024-08-28T01:12:29.470+0000][info][gc,cpu      ] GC(227) User=0.77s Sys=0.01s Real=0.02s
[2024-08-28T01:12:29.518+0000][info][gc,start    ] GC(228) Pause Young (Mixed) (G1 Evacuation Pause)
[2024-08-28T01:12:29.518+0000][info][gc,task     ] GC(228) Using 49 workers of 68 for evacuation
[2024-08-28T01:12:29.536+0000][info][gc,phases   ] GC(228)   Pre Evacuate Collection Set: 0.3ms
[2024-08-28T01:12:29.536+0000][info][gc,phases   ] GC(228)   Merge Heap Roots: 0.7ms
[2024-08-28T01:12:29.536+0000][info][gc,phases   ] GC(228)   Evacuate Collection Set: 15.4ms
[2024-08-28T01:12:29.536+0000][info][gc,phases   ] GC(228)   Post Evacuate Collection Set: 0.5ms
[2024-08-28T01:12:29.536+0000][info][gc,phases   ] GC(228)   Other: 0.2ms
[2024-08-28T01:12:29.536+0000][info][gc,heap     ] GC(228) Eden regions: 89->0(251)
[2024-08-28T01:12:29.536+0000][info][gc,heap     ] GC(228) Survivor regions: 13->13(13)
[2024-08-28T01:12:29.536+0000][info][gc,heap     ] GC(228) Old regions: 1119->1041
[2024-08-28T01:12:29.536+0000][info][gc,heap     ] GC(228) Archive regions: 2->2
[2024-08-28T01:12:29.536+0000][info][gc,heap     ] GC(228) Humongous regions: 5->5
[2024-08-28T01:12:29.536+0000][info][gc,metaspace] GC(228) Metaspace: 100K(320K)->100K(320K) NonClass: 96K(192K)->96K(192K) Class: 4K(128K)->4K(128K)
[2024-08-28T01:12:29.536+0000][info][gc          ] GC(228) Pause Young (Mixed) (G1 Evacuation Pause) 1226M->1059M(2048M) 17.238ms
[2024-08-28T01:12:29.536+0000][info][gc,cpu      ] GC(228) User=0.78s Sys=0.00s Real=0.01s
[2024-08-28T01:12:29.671+0000][info][gc,start    ] GC(229) Pause Young (Normal) (G1 Evacuation Pause)
[2024-08-28T01:12:29.671+0000][info][gc,task     ] GC(229) Using 49 workers of 68 for evacuation
[2024-08-28T01:12:29.707+0000][info][gc,phases   ] GC(229)   Pre Evacuate Collection Set: 0.3ms
[2024-08-28T01:12:29.707+0000][info][gc,phases   ] GC(229)   Merge Heap Roots: 0.9ms
[2024-08-28T01:12:29.707+0000][info][gc,phases   ] GC(229)   Evacuate Collection Set: 34.5ms
[2024-08-28T01:12:29.707+0000][info][gc,phases   ] GC(229)   Post Evacuate Collection Set: 0.5ms
[2024-08-28T01:12:29.707+0000][info][gc,phases   ] GC(229)   Other: 0.2ms
[2024-08-28T01:12:29.707+0000][info][gc,heap     ] GC(229) Eden regions: 251->0(172)
[2024-08-28T01:12:29.707+0000][info][gc,heap     ] GC(229) Survivor regions: 13->33(33)
[2024-08-28T01:12:29.707+0000][info][gc,heap     ] GC(229) Old regions: 1041->1267
[2024-08-28T01:12:29.708+0000][info][gc,heap     ] GC(229) Archive regions: 2->2
[2024-08-28T01:12:29.708+0000][info][gc,heap     ] GC(229) Humongous regions: 5->5
[2024-08-28T01:12:29.708+0000][info][gc,metaspace] GC(229) Metaspace: 100K(320K)->100K(320K) NonClass: 96K(192K)->96K(192K) Class: 4K(128K)->4K(128K)
[2024-08-28T01:12:29.708+0000][info][gc          ] GC(229) Pause Young (Normal) (G1 Evacuation Pause) 1310M->1305M(2048M) 36.647ms
[2024-08-28T01:12:29.708+0000][info][gc,cpu      ] GC(229) User=1.72s Sys=0.01s Real=0.03s
[2024-08-28T01:12:29.802+0000][info][gc,start    ] GC(230) Pause Young (Normal) (G1 Evacuation Pause)
[2024-08-28T01:12:29.802+0000][info][gc,task     ] GC(230) Using 49 workers of 68 for evacuation
[2024-08-28T01:12:29.833+0000][info][gc,phases   ] GC(230)   Pre Evacuate Collection Set: 0.3ms
[2024-08-28T01:12:29.833+0000][info][gc,phases   ] GC(230)   Merge Heap Roots: 0.9ms
[2024-08-28T01:12:29.833+0000][info][gc,phases   ] GC(230)   Evacuate Collection Set: 29.6ms
[2024-08-28T01:12:29.833+0000][info][gc,phases   ] GC(230)   Post Evacuate Collection Set: 0.5ms
[2024-08-28T01:12:29.833+0000][info][gc,phases   ] GC(230)   Other: 0.2ms
[2024-08-28T01:12:29.833+0000][info][gc,heap     ] GC(230) Eden regions: 172->0(115)
[2024-08-28T01:12:29.833+0000][info][gc,heap     ] GC(230) Survivor regions: 33->26(26)
[2024-08-28T01:12:29.833+0000][info][gc,heap     ] GC(230) Old regions: 1267->1448
[2024-08-28T01:12:29.833+0000][info][gc,heap     ] GC(230) Archive regions: 2->2
[2024-08-28T01:12:29.833+0000][info][gc,heap     ] GC(230) Humongous regions: 5->5
[2024-08-28T01:12:29.833+0000][info][gc,metaspace] GC(230) Metaspace: 100K(320K)->100K(320K) NonClass: 96K(192K)->96K(192K) Class: 4K(128K)->4K(128K)
[2024-08-28T01:12:29.833+0000][info][gc          ] GC(230) Pause Young (Normal) (G1 Evacuation Pause) 1477M->1479M(2048M) 31.586ms
[2024-08-28T01:12:29.833+0000][info][gc,cpu      ] GC(230) User=1.47s Sys=0.01s Real=0.03s
[2024-08-28T01:12:29.897+0000][info][gc,start    ] GC(231) Pause Young (Concurrent Start) (G1 Evacuation Pause)
[2024-08-28T01:12:29.897+0000][info][gc,task     ] GC(231) Using 49 workers of 68 for evacuation
[2024-08-28T01:12:29.921+0000][info][gc,phases   ] GC(231)   Pre Evacuate Collection Set: 0.4ms
[2024-08-28T01:12:29.922+0000][info][gc,phases   ] GC(231)   Merge Heap Roots: 0.9ms
[2024-08-28T01:12:29.922+0000][info][gc,phases   ] GC(231)   Evacuate Collection Set: 21.9ms
[2024-08-28T01:12:29.922+0000][info][gc,phases   ] GC(231)   Post Evacuate Collection Set: 0.5ms
[2024-08-28T01:12:29.922+0000][info][gc,phases   ] GC(231)   Other: 0.7ms
[2024-08-28T01:12:29.922+0000][info][gc,heap     ] GC(231) Eden regions: 115->0(84)
[2024-08-28T01:12:29.922+0000][info][gc,heap     ] GC(231) Survivor regions: 26->18(18)
[2024-08-28T01:12:29.922+0000][info][gc,heap     ] GC(231) Old regions: 1448->1578
[2024-08-28T01:12:29.922+0000][info][gc,heap     ] GC(231) Archive regions: 2->2
[2024-08-28T01:12:29.922+0000][info][gc,heap     ] GC(231) Humongous regions: 5->5
[2024-08-28T01:12:29.922+0000][info][gc,metaspace] GC(231) Metaspace: 100K(320K)->100K(320K) NonClass: 96K(192K)->96K(192K) Class: 4K(128K)->4K(128K)
[2024-08-28T01:12:29.922+0000][info][gc          ] GC(231) Pause Young (Concurrent Start) (G1 Evacuation Pause) 1594M->1601M(2048M) 24.463ms
[2024-08-28T01:12:29.922+0000][info][gc,cpu      ] GC(231) User=1.09s Sys=0.01s Real=0.03s
[2024-08-28T01:12:29.922+0000][info][gc          ] GC(232) Concurrent Mark Cycle
[2024-08-28T01:12:29.922+0000][info][gc,marking  ] GC(232) Concurrent Clear Claimed Marks
[2024-08-28T01:12:29.922+0000][info][gc,marking  ] GC(232) Concurrent Clear Claimed Marks 0.010ms
[2024-08-28T01:12:29.922+0000][info][gc,marking  ] GC(232) Concurrent Scan Root Regions
[2024-08-28T01:12:29.925+0000][info][gc,marking  ] GC(232) Concurrent Scan Root Regions 3.626ms
[2024-08-28T01:12:29.925+0000][info][gc,marking  ] GC(232) Concurrent Mark
[2024-08-28T01:12:29.925+0000][info][gc,marking  ] GC(232) Concurrent Mark From Roots
[2024-08-28T01:12:29.925+0000][info][gc,task     ] GC(232) Using 17 workers of 17 for marking
[2024-08-28T01:12:29.943+0000][info][gc,marking  ] GC(232) Concurrent Mark From Roots 17.942ms
[2024-08-28T01:12:29.943+0000][info][gc,marking  ] GC(232) Concurrent Preclean
[2024-08-28T01:12:29.945+0000][info][gc,marking  ] GC(232) Concurrent Preclean 1.306ms
[2024-08-28T01:12:29.945+0000][info][gc,start    ] GC(232) Pause Remark
[2024-08-28T01:12:29.947+0000][info][gc          ] GC(232) Pause Remark 1629M->1361M(2048M) 2.185ms
[2024-08-28T01:12:29.947+0000][info][gc,cpu      ] GC(232) User=0.01s Sys=0.01s Real=0.00s
[2024-08-28T01:12:29.947+0000][info][gc,marking  ] GC(232) Concurrent Mark 21.933ms
[2024-08-28T01:12:29.947+0000][info][gc,marking  ] GC(232) Concurrent Rebuild Remembered Sets
[2024-08-28T01:12:29.978+0000][info][gc,start    ] GC(233) Pause Young (Normal) (G1 Evacuation Pause)
[2024-08-28T01:12:29.978+0000][info][gc,task     ] GC(233) Using 49 workers of 68 for evacuation
[2024-08-28T01:12:29.995+0000][info][gc,phases   ] GC(233)   Pre Evacuate Collection Set: 0.2ms
[2024-08-28T01:12:29.995+0000][info][gc,phases   ] GC(233)   Merge Heap Roots: 0.8ms
[2024-08-28T01:12:29.995+0000][info][gc,phases   ] GC(233)   Evacuate Collection Set: 15.6ms
[2024-08-28T01:12:29.995+0000][info][gc,phases   ] GC(233)   Post Evacuate Collection Set: 0.8ms
[2024-08-28T01:12:29.995+0000][info][gc,phases   ] GC(233)   Other: 0.2ms
[2024-08-28T01:12:29.995+0000][info][gc,heap     ] GC(233) Eden regions: 84->0(132)
[2024-08-28T01:12:29.995+0000][info][gc,heap     ] GC(233) Survivor regions: 18->13(13)
[2024-08-28T01:12:29.995+0000][info][gc,heap     ] GC(233) Old regions: 1310->1408
[2024-08-28T01:12:29.995+0000][info][gc,heap     ] GC(233) Archive regions: 2->2
[2024-08-28T01:12:29.995+0000][info][gc,heap     ] GC(233) Humongous regions: 5->5
[2024-08-28T01:12:29.995+0000][info][gc,metaspace] GC(233) Metaspace: 100K(320K)->100K(320K) NonClass: 96K(192K)->96K(192K) Class: 4K(128K)->4K(128K)
[2024-08-28T01:12:29.995+0000][info][gc          ] GC(233) Pause Young (Normal) (G1 Evacuation Pause) 1417M->1426M(2048M) 17.724ms
[2024-08-28T01:12:29.995+0000][info][gc,cpu      ] GC(233) User=0.81s Sys=0.00s Real=0.01s
[2024-08-28T01:12:30.017+0000][info][gc,marking  ] GC(232) Concurrent Rebuild Remembered Sets 69.648ms
[2024-08-28T01:12:30.018+0000][info][gc,start    ] GC(232) Pause Cleanup
[2024-08-28T01:12:30.022+0000][info][gc          ] GC(232) Pause Cleanup 1465M->1465M(2048M) 4.469ms
[2024-08-28T01:12:30.022+0000][info][gc,cpu      ] GC(232) User=0.02s Sys=0.00s Real=0.00s
[2024-08-28T01:12:30.022+0000][info][gc,marking  ] GC(232) Concurrent Cleanup for Next Mark
[2024-08-28T01:12:30.024+0000][info][gc,marking  ] GC(232) Concurrent Cleanup for Next Mark 1.316ms
[2024-08-28T01:12:30.024+0000][info][gc          ] GC(232) Concurrent Mark Cycle 101.818ms
[2024-08-28T01:12:30.075+0000][info][gc,start    ] GC(234) Pause Young (Prepare Mixed) (G1 Evacuation Pause)
[2024-08-28T01:12:30.075+0000][info][gc,task     ] GC(234) Using 49 workers of 68 for evacuation
[2024-08-28T01:12:30.102+0000][info][gc,phases   ] GC(234)   Pre Evacuate Collection Set: 0.4ms
[2024-08-28T01:12:30.102+0000][info][gc,phases   ] GC(234)   Merge Heap Roots: 1.2ms
[2024-08-28T01:12:30.102+0000][info][gc,phases   ] GC(234)   Evacuate Collection Set: 24.1ms
[2024-08-28T01:12:30.102+0000][info][gc,phases   ] GC(234)   Post Evacuate Collection Set: 0.6ms
[2024-08-28T01:12:30.102+0000][info][gc,phases   ] GC(234)   Other: 0.3ms
[2024-08-28T01:12:30.102+0000][info][gc,heap     ] GC(234) Eden regions: 132->0(83)
[2024-08-28T01:12:30.102+0000][info][gc,heap     ] GC(234) Survivor regions: 13->19(19)
[2024-08-28T01:12:30.102+0000][info][gc,heap     ] GC(234) Old regions: 1408->1537
[2024-08-28T01:12:30.102+0000][info][gc,heap     ] GC(234) Archive regions: 2->2
[2024-08-28T01:12:30.102+0000][info][gc,heap     ] GC(234) Humongous regions: 5->5
[2024-08-28T01:12:30.102+0000][info][gc,metaspace] GC(234) Metaspace: 100K(320K)->100K(320K) NonClass: 96K(192K)->96K(192K) Class: 4K(128K)->4K(128K)
[2024-08-28T01:12:30.102+0000][info][gc          ] GC(234) Pause Young (Prepare Mixed) (G1 Evacuation Pause) 1558M->1561M(2048M) 26.597ms
[2024-08-28T01:12:30.102+0000][info][gc,cpu      ] GC(234) User=1.24s Sys=0.00s Real=0.03s
[2024-08-28T01:12:30.147+0000][info][gc,start    ] GC(235) Pause Young (Mixed) (G1 Evacuation Pause)
[2024-08-28T01:12:30.148+0000][info][gc,task     ] GC(235) Using 49 workers of 68 for evacuation
[2024-08-28T01:12:30.165+0000][info][gc,phases   ] GC(235)   Pre Evacuate Collection Set: 0.4ms
[2024-08-28T01:12:30.165+0000][info][gc,phases   ] GC(235)   Merge Heap Roots: 0.8ms
[2024-08-28T01:12:30.165+0000][info][gc,phases   ] GC(235)   Evacuate Collection Set: 15.7ms
[2024-08-28T01:12:30.165+0000][info][gc,phases   ] GC(235)   Post Evacuate Collection Set: 0.6ms
[2024-08-28T01:12:30.165+0000][info][gc,phases   ] GC(235)   Other: 0.3ms
[2024-08-28T01:12:30.165+0000][info][gc,heap     ] GC(235) Eden regions: 83->0(89)
[2024-08-28T01:12:30.165+0000][info][gc,heap     ] GC(235) Survivor regions: 19->13(13)
[2024-08-28T01:12:30.165+0000][info][gc,heap     ] GC(235) Old regions: 1537->1327
[2024-08-28T01:12:30.165+0000][info][gc,heap     ] GC(235) Archive regions: 2->2
[2024-08-28T01:12:30.165+0000][info][gc,heap     ] GC(235) Humongous regions: 5->5
[2024-08-28T01:12:30.165+0000][info][gc,metaspace] GC(235) Metaspace: 100K(320K)->100K(320K) NonClass: 96K(192K)->96K(192K) Class: 4K(128K)->4K(128K)
[2024-08-28T01:12:30.165+0000][info][gc          ] GC(235) Pause Young (Mixed) (G1 Evacuation Pause) 1644M->1345M(2048M) 17.892ms
[2024-08-28T01:12:30.165+0000][info][gc,cpu      ] GC(235) User=0.80s Sys=0.00s Real=0.02s
[2024-08-28T01:12:30.215+0000][info][gc,start    ] GC(236) Pause Young (Mixed) (G1 Evacuation Pause)
[2024-08-28T01:12:30.215+0000][info][gc,task     ] GC(236) Using 49 workers of 68 for evacuation
[2024-08-28T01:12:30.232+0000][info][gc,phases   ] GC(236)   Pre Evacuate Collection Set: 0.4ms
[2024-08-28T01:12:30.232+0000][info][gc,phases   ] GC(236)   Merge Heap Roots: 0.8ms
[2024-08-28T01:12:30.232+0000][info][gc,phases   ] GC(236)   Evacuate Collection Set: 15.4ms
[2024-08-28T01:12:30.232+0000][info][gc,phases   ] GC(236)   Post Evacuate Collection Set: 0.7ms
[2024-08-28T01:12:30.232+0000][info][gc,phases   ] GC(236)   Other: 0.3ms
[2024-08-28T01:12:30.232+0000][info][gc,heap     ] GC(236) Eden regions: 89->0(89)
[2024-08-28T01:12:30.232+0000][info][gc,heap     ] GC(236) Survivor regions: 13->13(13)
[2024-08-28T01:12:30.232+0000][info][gc,heap     ] GC(236) Old regions: 1327->1111
[2024-08-28T01:12:30.232+0000][info][gc,heap     ] GC(236) Archive regions: 2->2
[2024-08-28T01:12:30.232+0000][info][gc,heap     ] GC(236) Humongous regions: 5->5
[2024-08-28T01:12:30.232+0000][info][gc,metaspace] GC(236) Metaspace: 100K(320K)->100K(320K) NonClass: 96K(192K)->96K(192K) Class: 4K(128K)->4K(128K)
[2024-08-28T01:12:30.232+0000][info][gc          ] GC(236) Pause Young (Mixed) (G1 Evacuation Pause) 1434M->1129M(2048M) 17.653ms
[2024-08-28T01:12:30.232+0000][info][gc,cpu      ] GC(236) User=0.78s Sys=0.00s Real=0.02s
[2024-08-28T01:12:30.280+0000][info][gc,start    ] GC(237) Pause Young (Mixed) (G1 Evacuation Pause)
[2024-08-28T01:12:30.280+0000][info][gc,task     ] GC(237) Using 49 workers of 68 for evacuation
[2024-08-28T01:12:30.297+0000][info][gc,phases   ] GC(237)   Pre Evacuate Collection Set: 0.4ms
[2024-08-28T01:12:30.297+0000][info][gc,phases   ] GC(237)   Merge Heap Roots: 0.8ms
[2024-08-28T01:12:30.297+0000][info][gc,phases   ] GC(237)   Evacuate Collection Set: 15.3ms
[2024-08-28T01:12:30.297+0000][info][gc,phases   ] GC(237)   Post Evacuate Collection Set: 0.5ms
[2024-08-28T01:12:30.297+0000][info][gc,phases   ] GC(237)   Other: 0.2ms
[2024-08-28T01:12:30.297+0000][info][gc,heap     ] GC(237) Eden regions: 89->0(251)
[2024-08-28T01:12:30.297+0000][info][gc,heap     ] GC(237) Survivor regions: 13->13(13)
[2024-08-28T01:12:30.297+0000][info][gc,heap     ] GC(237) Old regions: 1111->1044
[2024-08-28T01:12:30.297+0000][info][gc,heap     ] GC(237) Archive regions: 2->2
[2024-08-28T01:12:30.297+0000][info][gc,heap     ] GC(237) Humongous regions: 5->5
[2024-08-28T01:12:30.297+0000][info][gc,metaspace] GC(237) Metaspace: 100K(320K)->100K(320K) NonClass: 96K(192K)->96K(192K) Class: 4K(128K)->4K(128K)
[2024-08-28T01:12:30.297+0000][info][gc          ] GC(237) Pause Young (Mixed) (G1 Evacuation Pause) 1218M->1062M(2048M) 17.335ms
[2024-08-28T01:12:30.297+0000][info][gc,cpu      ] GC(237) User=0.78s Sys=0.01s Real=0.01s
[2024-08-28T01:12:30.433+0000][info][gc,start    ] GC(238) Pause Young (Normal) (G1 Evacuation Pause)
[2024-08-28T01:12:30.433+0000][info][gc,task     ] GC(238) Using 49 workers of 68 for evacuation
[2024-08-28T01:12:30.470+0000][info][gc,phases   ] GC(238)   Pre Evacuate Collection Set: 0.4ms
[2024-08-28T01:12:30.470+0000][info][gc,phases   ] GC(238)   Merge Heap Roots: 1.1ms
[2024-08-28T01:12:30.470+0000][info][gc,phases   ] GC(238)   Evacuate Collection Set: 35.0ms
[2024-08-28T01:12:30.470+0000][info][gc,phases   ] GC(238)   Post Evacuate Collection Set: 0.6ms
[2024-08-28T01:12:30.470+0000][info][gc,phases   ] GC(238)   Other: 0.2ms
[2024-08-28T01:12:30.470+0000][info][gc,heap     ] GC(238) Eden regions: 251->0(171)
[2024-08-28T01:12:30.470+0000][info][gc,heap     ] GC(238) Survivor regions: 13->33(33)
[2024-08-28T01:12:30.470+0000][info][gc,heap     ] GC(238) Old regions: 1044->1270
[2024-08-28T01:12:30.470+0000][info][gc,heap     ] GC(238) Archive regions: 2->2
[2024-08-28T01:12:30.470+0000][info][gc,heap     ] GC(238) Humongous regions: 5->5
[2024-08-28T01:12:30.470+0000][info][gc,metaspace] GC(238) Metaspace: 100K(320K)->100K(320K) NonClass: 96K(192K)->96K(192K) Class: 4K(128K)->4K(128K)
[2024-08-28T01:12:30.470+0000][info][gc          ] GC(238) Pause Young (Normal) (G1 Evacuation Pause) 1313M->1308M(2048M) 37.352ms
[2024-08-28T01:12:30.470+0000][info][gc,cpu      ] GC(238) User=1.67s Sys=0.07s Real=0.04s
[2024-08-28T01:12:30.562+0000][info][gc,start    ] GC(239) Pause Young (Normal) (G1 Evacuation Pause)
[2024-08-28T01:12:30.562+0000][info][gc,task     ] GC(239) Using 49 workers of 68 for evacuation
[2024-08-28T01:12:30.592+0000][info][gc,phases   ] GC(239)   Pre Evacuate Collection Set: 0.3ms
[2024-08-28T01:12:30.592+0000][info][gc,phases   ] GC(239)   Merge Heap Roots: 1.0ms
[2024-08-28T01:12:30.592+0000][info][gc,phases   ] GC(239)   Evacuate Collection Set: 28.4ms
[2024-08-28T01:12:30.592+0000][info][gc,phases   ] GC(239)   Post Evacuate Collection Set: 0.5ms
[2024-08-28T01:12:30.592+0000][info][gc,phases   ] GC(239)   Other: 0.2ms
[2024-08-28T01:12:30.592+0000][info][gc,heap     ] GC(239) Eden regions: 171->0(114)
[2024-08-28T01:12:30.592+0000][info][gc,heap     ] GC(239) Survivor regions: 33->26(26)
[2024-08-28T01:12:30.592+0000][info][gc,heap     ] GC(239) Old regions: 1270->1451
[2024-08-28T01:12:30.592+0000][info][gc,heap     ] GC(239) Archive regions: 2->2
[2024-08-28T01:12:30.592+0000][info][gc,heap     ] GC(239) Humongous regions: 5->5
[2024-08-28T01:12:30.592+0000][info][gc,metaspace] GC(239) Metaspace: 100K(320K)->100K(320K) NonClass: 96K(192K)->96K(192K) Class: 4K(128K)->4K(128K)
[2024-08-28T01:12:30.592+0000][info][gc          ] GC(239) Pause Young (Normal) (G1 Evacuation Pause) 1479M->1482M(2048M) 30.509ms
[2024-08-28T01:12:30.592+0000][info][gc,cpu      ] GC(239) User=1.41s Sys=0.03s Real=0.03s
[2024-08-28T01:12:30.654+0000][info][gc,start    ] GC(240) Pause Young (Concurrent Start) (G1 Evacuation Pause)
[2024-08-28T01:12:30.654+0000][info][gc,task     ] GC(240) Using 49 workers of 68 for evacuation
[2024-08-28T01:12:30.677+0000][info][gc,phases   ] GC(240)   Pre Evacuate Collection Set: 0.3ms
[2024-08-28T01:12:30.677+0000][info][gc,phases   ] GC(240)   Merge Heap Roots: 0.9ms
[2024-08-28T01:12:30.677+0000][info][gc,phases   ] GC(240)   Evacuate Collection Set: 21.1ms
[2024-08-28T01:12:30.677+0000][info][gc,phases   ] GC(240)   Post Evacuate Collection Set: 0.5ms
[2024-08-28T01:12:30.677+0000][info][gc,phases   ] GC(240)   Other: 0.7ms
[2024-08-28T01:12:30.677+0000][info][gc,heap     ] GC(240) Eden regions: 114->0(84)
[2024-08-28T01:12:30.677+0000][info][gc,heap     ] GC(240) Survivor regions: 26->18(18)
[2024-08-28T01:12:30.677+0000][info][gc,heap     ] GC(240) Old regions: 1451->1579
[2024-08-28T01:12:30.677+0000][info][gc,heap     ] GC(240) Archive regions: 2->2
[2024-08-28T01:12:30.677+0000][info][gc,heap     ] GC(240) Humongous regions: 5->5
[2024-08-28T01:12:30.677+0000][info][gc,metaspace] GC(240) Metaspace: 100K(320K)->100K(320K) NonClass: 96K(192K)->96K(192K) Class: 4K(128K)->4K(128K)
[2024-08-28T01:12:30.677+0000][info][gc          ] GC(240) Pause Young (Concurrent Start) (G1 Evacuation Pause) 1596M->1602M(2048M) 23.611ms
[2024-08-28T01:12:30.677+0000][info][gc,cpu      ] GC(240) User=1.06s Sys=0.01s Real=0.02s
[2024-08-28T01:12:30.677+0000][info][gc          ] GC(241) Concurrent Mark Cycle
[2024-08-28T01:12:30.677+0000][info][gc,marking  ] GC(241) Concurrent Clear Claimed Marks
[2024-08-28T01:12:30.677+0000][info][gc,marking  ] GC(241) Concurrent Clear Claimed Marks 0.012ms
[2024-08-28T01:12:30.677+0000][info][gc,marking  ] GC(241) Concurrent Scan Root Regions
[2024-08-28T01:12:30.681+0000][info][gc,marking  ] GC(241) Concurrent Scan Root Regions 3.545ms
[2024-08-28T01:12:30.681+0000][info][gc,marking  ] GC(241) Concurrent Mark
[2024-08-28T01:12:30.681+0000][info][gc,marking  ] GC(241) Concurrent Mark From Roots
[2024-08-28T01:12:30.681+0000][info][gc,task     ] GC(241) Using 17 workers of 17 for marking
[2024-08-28T01:12:30.699+0000][info][gc,marking  ] GC(241) Concurrent Mark From Roots 18.190ms
[2024-08-28T01:12:30.699+0000][info][gc,marking  ] GC(241) Concurrent Preclean
[2024-08-28T01:12:30.701+0000][info][gc,marking  ] GC(241) Concurrent Preclean 1.481ms
[2024-08-28T01:12:30.701+0000][info][gc,start    ] GC(241) Pause Remark
[2024-08-28T01:12:30.703+0000][info][gc          ] GC(241) Pause Remark 1632M->1375M(2048M) 2.073ms
[2024-08-28T01:12:30.703+0000][info][gc,cpu      ] GC(241) User=0.00s Sys=0.02s Real=0.00s
[2024-08-28T01:12:30.703+0000][info][gc,marking  ] GC(241) Concurrent Mark 22.270ms
[2024-08-28T01:12:30.703+0000][info][gc,marking  ] GC(241) Concurrent Rebuild Remembered Sets
[2024-08-28T01:12:30.733+0000][info][gc,start    ] GC(242) Pause Young (Normal) (G1 Evacuation Pause)
[2024-08-28T01:12:30.733+0000][info][gc,task     ] GC(242) Using 49 workers of 68 for evacuation
[2024-08-28T01:12:30.750+0000][info][gc,phases   ] GC(242)   Pre Evacuate Collection Set: 0.4ms
[2024-08-28T01:12:30.750+0000][info][gc,phases   ] GC(242)   Merge Heap Roots: 0.5ms
[2024-08-28T01:12:30.750+0000][info][gc,phases   ] GC(242)   Evacuate Collection Set: 15.0ms
[2024-08-28T01:12:30.750+0000][info][gc,phases   ] GC(242)   Post Evacuate Collection Set: 0.8ms
[2024-08-28T01:12:30.750+0000][info][gc,phases   ] GC(242)   Other: 0.3ms
[2024-08-28T01:12:30.750+0000][info][gc,heap     ] GC(242) Eden regions: 84->0(128)
[2024-08-28T01:12:30.750+0000][info][gc,heap     ] GC(242) Survivor regions: 18->13(13)
[2024-08-28T01:12:30.750+0000][info][gc,heap     ] GC(242) Old regions: 1322->1420
[2024-08-28T01:12:30.750+0000][info][gc,heap     ] GC(242) Archive regions: 2->2
[2024-08-28T01:12:30.750+0000][info][gc,heap     ] GC(242) Humongous regions: 5->5
[2024-08-28T01:12:30.750+0000][info][gc,metaspace] GC(242) Metaspace: 100K(320K)->100K(320K) NonClass: 96K(192K)->96K(192K) Class: 4K(128K)->4K(128K)
[2024-08-28T01:12:30.750+0000][info][gc          ] GC(242) Pause Young (Normal) (G1 Evacuation Pause) 1429M->1438M(2048M) 17.015ms
[2024-08-28T01:12:30.750+0000][info][gc,cpu      ] GC(242) User=0.67s Sys=0.05s Real=0.02s
[2024-08-28T01:12:30.772+0000][info][gc,marking  ] GC(241) Concurrent Rebuild Remembered Sets 68.860ms
[2024-08-28T01:12:30.773+0000][info][gc,start    ] GC(241) Pause Cleanup
[2024-08-28T01:12:30.775+0000][info][gc          ] GC(241) Pause Cleanup 1480M->1480M(2048M) 2.571ms
[2024-08-28T01:12:30.775+0000][info][gc,cpu      ] GC(241) User=0.02s Sys=0.00s Real=0.00s
[2024-08-28T01:12:30.775+0000][info][gc,marking  ] GC(241) Concurrent Cleanup for Next Mark
[2024-08-28T01:12:30.777+0000][info][gc,marking  ] GC(241) Concurrent Cleanup for Next Mark 1.509ms
[2024-08-28T01:12:30.777+0000][info][gc          ] GC(241) Concurrent Mark Cycle 99.368ms
[2024-08-28T01:12:30.821+0000][info][gc,start    ] GC(243) Pause Young (Prepare Mixed) (G1 Evacuation Pause)
[2024-08-28T01:12:30.821+0000][info][gc,task     ] GC(243) Using 49 workers of 68 for evacuation
[2024-08-28T01:12:30.845+0000][info][gc,phases   ] GC(243)   Pre Evacuate Collection Set: 0.3ms
[2024-08-28T01:12:30.845+0000][info][gc,phases   ] GC(243)   Merge Heap Roots: 0.8ms
[2024-08-28T01:12:30.845+0000][info][gc,phases   ] GC(243)   Evacuate Collection Set: 22.9ms
[2024-08-28T01:12:30.845+0000][info][gc,phases   ] GC(243)   Post Evacuate Collection Set: 0.5ms
[2024-08-28T01:12:30.845+0000][info][gc,phases   ] GC(243)   Other: 0.2ms
[2024-08-28T01:12:30.845+0000][info][gc,heap     ] GC(243) Eden regions: 128->0(84)
[2024-08-28T01:12:30.845+0000][info][gc,heap     ] GC(243) Survivor regions: 13->18(18)
[2024-08-28T01:12:30.845+0000][info][gc,heap     ] GC(243) Old regions: 1420->1546
[2024-08-28T01:12:30.845+0000][info][gc,heap     ] GC(243) Archive regions: 2->2
[2024-08-28T01:12:30.845+0000][info][gc,heap     ] GC(243) Humongous regions: 5->5
[2024-08-28T01:12:30.845+0000][info][gc,metaspace] GC(243) Metaspace: 100K(320K)->100K(320K) NonClass: 96K(192K)->96K(192K) Class: 4K(128K)->4K(128K)
[2024-08-28T01:12:30.846+0000][info][gc          ] GC(243) Pause Young (Prepare Mixed) (G1 Evacuation Pause) 1566M->1569M(2048M) 24.631ms
[2024-08-28T01:12:30.846+0000][info][gc,cpu      ] GC(243) User=1.14s Sys=0.00s Real=0.02s
[2024-08-28T01:12:30.887+0000][info][gc,start    ] GC(244) Pause Young (Mixed) (G1 Evacuation Pause)
[2024-08-28T01:12:30.887+0000][info][gc,task     ] GC(244) Using 49 workers of 68 for evacuation
[2024-08-28T01:12:30.903+0000][info][gc,phases   ] GC(244)   Pre Evacuate Collection Set: 0.4ms
[2024-08-28T01:12:30.903+0000][info][gc,phases   ] GC(244)   Merge Heap Roots: 0.5ms
[2024-08-28T01:12:30.903+0000][info][gc,phases   ] GC(244)   Evacuate Collection Set: 15.0ms
[2024-08-28T01:12:30.903+0000][info][gc,phases   ] GC(244)   Post Evacuate Collection Set: 0.6ms
[2024-08-28T01:12:30.903+0000][info][gc,phases   ] GC(244)   Other: 0.2ms
[2024-08-28T01:12:30.903+0000][info][gc,heap     ] GC(244) Eden regions: 84->0(89)
[2024-08-28T01:12:30.903+0000][info][gc,heap     ] GC(244) Survivor regions: 18->13(13)
[2024-08-28T01:12:30.903+0000][info][gc,heap     ] GC(244) Old regions: 1546->1334
[2024-08-28T01:12:30.903+0000][info][gc,heap     ] GC(244) Archive regions: 2->2
[2024-08-28T01:12:30.904+0000][info][gc,heap     ] GC(244) Humongous regions: 5->5
[2024-08-28T01:12:30.904+0000][info][gc,metaspace] GC(244) Metaspace: 100K(320K)->100K(320K) NonClass: 96K(192K)->96K(192K) Class: 4K(128K)->4K(128K)
[2024-08-28T01:12:30.904+0000][info][gc          ] GC(244) Pause Young (Mixed) (G1 Evacuation Pause) 1653M->1352M(2048M) 16.738ms
[2024-08-28T01:12:30.904+0000][info][gc,cpu      ] GC(244) User=0.75s Sys=0.00s Real=0.02s
[2024-08-28T01:12:30.952+0000][info][gc,start    ] GC(245) Pause Young (Mixed) (G1 Evacuation Pause)
[2024-08-28T01:12:30.952+0000][info][gc,task     ] GC(245) Using 49 workers of 68 for evacuation
[2024-08-28T01:12:30.969+0000][info][gc,phases   ] GC(245)   Pre Evacuate Collection Set: 0.4ms
[2024-08-28T01:12:30.969+0000][info][gc,phases   ] GC(245)   Merge Heap Roots: 0.5ms
[2024-08-28T01:12:30.969+0000][info][gc,phases   ] GC(245)   Evacuate Collection Set: 15.2ms
[2024-08-28T01:12:30.969+0000][info][gc,phases   ] GC(245)   Post Evacuate Collection Set: 0.6ms
[2024-08-28T01:12:30.969+0000][info][gc,phases   ] GC(245)   Other: 0.2ms
[2024-08-28T01:12:30.969+0000][info][gc,heap     ] GC(245) Eden regions: 89->0(89)
[2024-08-28T01:12:30.969+0000][info][gc,heap     ] GC(245) Survivor regions: 13->13(13)
[2024-08-28T01:12:30.969+0000][info][gc,heap     ] GC(245) Old regions: 1334->1120
[2024-08-28T01:12:30.969+0000][info][gc,heap     ] GC(245) Archive regions: 2->2
[2024-08-28T01:12:30.969+0000][info][gc,heap     ] GC(245) Humongous regions: 5->5
[2024-08-28T01:12:30.969+0000][info][gc,metaspace] GC(245) Metaspace: 100K(320K)->100K(320K) NonClass: 96K(192K)->96K(192K) Class: 4K(128K)->4K(128K)
[2024-08-28T01:12:30.969+0000][info][gc          ] GC(245) Pause Young (Mixed) (G1 Evacuation Pause) 1441M->1138M(2048M) 17.056ms
[2024-08-28T01:12:30.969+0000][info][gc,cpu      ] GC(245) User=0.77s Sys=0.00s Real=0.01s
[2024-08-28T01:12:31.017+0000][info][gc,start    ] GC(246) Pause Young (Mixed) (G1 Evacuation Pause)
[2024-08-28T01:12:31.017+0000][info][gc,task     ] GC(246) Using 49 workers of 68 for evacuation
[2024-08-28T01:12:31.034+0000][info][gc,phases   ] GC(246)   Pre Evacuate Collection Set: 0.4ms
[2024-08-28T01:12:31.034+0000][info][gc,phases   ] GC(246)   Merge Heap Roots: 0.5ms
[2024-08-28T01:12:31.034+0000][info][gc,phases   ] GC(246)   Evacuate Collection Set: 15.1ms
[2024-08-28T01:12:31.034+0000][info][gc,phases   ] GC(246)   Post Evacuate Collection Set: 0.6ms
[2024-08-28T01:12:31.034+0000][info][gc,phases   ] GC(246)   Other: 0.2ms
[2024-08-28T01:12:31.034+0000][info][gc,heap     ] GC(246) Eden regions: 89->0(252)
[2024-08-28T01:12:31.034+0000][info][gc,heap     ] GC(246) Survivor regions: 13->13(13)
[2024-08-28T01:12:31.034+0000][info][gc,heap     ] GC(246) Old regions: 1120->1038
[2024-08-28T01:12:31.034+0000][info][gc,heap     ] GC(246) Archive regions: 2->2
[2024-08-28T01:12:31.034+0000][info][gc,heap     ] GC(246) Humongous regions: 5->5
[2024-08-28T01:12:31.034+0000][info][gc,metaspace] GC(246) Metaspace: 100K(320K)->100K(320K) NonClass: 96K(192K)->96K(192K) Class: 4K(128K)->4K(128K)
[2024-08-28T01:12:31.034+0000][info][gc          ] GC(246) Pause Young (Mixed) (G1 Evacuation Pause) 1227M->1056M(2048M) 16.928ms
[2024-08-28T01:12:31.034+0000][info][gc,cpu      ] GC(246) User=0.74s Sys=0.01s Real=0.02s
[2024-08-28T01:12:31.170+0000][info][gc,start    ] GC(247) Pause Young (Normal) (G1 Evacuation Pause)
[2024-08-28T01:12:31.170+0000][info][gc,task     ] GC(247) Using 49 workers of 68 for evacuation
[2024-08-28T01:12:31.207+0000][info][gc,phases   ] GC(247)   Pre Evacuate Collection Set: 0.4ms
[2024-08-28T01:12:31.207+0000][info][gc,phases   ] GC(247)   Merge Heap Roots: 0.8ms
[2024-08-28T01:12:31.207+0000][info][gc,phases   ] GC(247)   Evacuate Collection Set: 34.4ms
[2024-08-28T01:12:31.207+0000][info][gc,phases   ] GC(247)   Post Evacuate Collection Set: 0.6ms
[2024-08-28T01:12:31.207+0000][info][gc,phases   ] GC(247)   Other: 0.3ms
[2024-08-28T01:12:31.207+0000][info][gc,heap     ] GC(247) Eden regions: 252->0(173)
[2024-08-28T01:12:31.207+0000][info][gc,heap     ] GC(247) Survivor regions: 13->34(34)
[2024-08-28T01:12:31.207+0000][info][gc,heap     ] GC(247) Old regions: 1038->1263
[2024-08-28T01:12:31.207+0000][info][gc,heap     ] GC(247) Archive regions: 2->2
[2024-08-28T01:12:31.207+0000][info][gc,heap     ] GC(247) Humongous regions: 5->5
[2024-08-28T01:12:31.207+0000][info][gc,metaspace] GC(247) Metaspace: 100K(320K)->100K(320K) NonClass: 96K(192K)->96K(192K) Class: 4K(128K)->4K(128K)
[2024-08-28T01:12:31.207+0000][info][gc          ] GC(247) Pause Young (Normal) (G1 Evacuation Pause) 1308M->1302M(2048M) 36.557ms
[2024-08-28T01:12:31.207+0000][info][gc,cpu      ] GC(247) User=1.67s Sys=0.00s Real=0.03s
[2024-08-28T01:12:31.290+0000][info][gc,start    ] GC(248) Pause Young (Normal) (G1 Evacuation Pause)
[2024-08-28T01:12:31.290+0000][info][gc,task     ] GC(248) Using 49 workers of 68 for evacuation
[2024-08-28T01:12:31.320+0000][info][gc,phases   ] GC(248)   Pre Evacuate Collection Set: 0.3ms
[2024-08-28T01:12:31.320+0000][info][gc,phases   ] GC(248)   Merge Heap Roots: 0.6ms
[2024-08-28T01:12:31.320+0000][info][gc,phases   ] GC(248)   Evacuate Collection Set: 29.0ms
[2024-08-28T01:12:31.320+0000][info][gc,phases   ] GC(248)   Post Evacuate Collection Set: 0.5ms
[2024-08-28T01:12:31.320+0000][info][gc,phases   ] GC(248)   Other: 0.2ms
[2024-08-28T01:12:31.320+0000][info][gc,heap     ] GC(248) Eden regions: 173->0(115)
[2024-08-28T01:12:31.320+0000][info][gc,heap     ] GC(248) Survivor regions: 34->26(26)
[2024-08-28T01:12:31.320+0000][info][gc,heap     ] GC(248) Old regions: 1263->1449
[2024-08-28T01:12:31.320+0000][info][gc,heap     ] GC(248) Archive regions: 2->2
[2024-08-28T01:12:31.320+0000][info][gc,heap     ] GC(248) Humongous regions: 5->5
[2024-08-28T01:12:31.320+0000][info][gc,metaspace] GC(248) Metaspace: 100K(320K)->100K(320K) NonClass: 96K(192K)->96K(192K) Class: 4K(128K)->4K(128K)
[2024-08-28T01:12:31.320+0000][info][gc          ] GC(248) Pause Young (Normal) (G1 Evacuation Pause) 1475M->1480M(2048M) 30.772ms
[2024-08-28T01:12:31.320+0000][info][gc,cpu      ] GC(248) User=1.44s Sys=0.00s Real=0.03s
[2024-08-28T01:12:31.386+0000][info][gc,start    ] GC(249) Pause Young (Concurrent Start) (G1 Evacuation Pause)
[2024-08-28T01:12:31.386+0000][info][gc,task     ] GC(249) Using 49 workers of 68 for evacuation
[2024-08-28T01:12:31.410+0000][info][gc,phases   ] GC(249)   Pre Evacuate Collection Set: 0.4ms
[2024-08-28T01:12:31.410+0000][info][gc,phases   ] GC(249)   Merge Heap Roots: 0.6ms
[2024-08-28T01:12:31.410+0000][info][gc,phases   ] GC(249)   Evacuate Collection Set: 21.3ms
[2024-08-28T01:12:31.410+0000][info][gc,phases   ] GC(249)   Post Evacuate Collection Set: 0.5ms
[2024-08-28T01:12:31.410+0000][info][gc,phases   ] GC(249)   Other: 0.7ms
[2024-08-28T01:12:31.410+0000][info][gc,heap     ] GC(249) Eden regions: 115->0(84)
[2024-08-28T01:12:31.410+0000][info][gc,heap     ] GC(249) Survivor regions: 26->18(18)
[2024-08-28T01:12:31.410+0000][info][gc,heap     ] GC(249) Old regions: 1449->1580
[2024-08-28T01:12:31.410+0000][info][gc,heap     ] GC(249) Archive regions: 2->2
[2024-08-28T01:12:31.410+0000][info][gc,heap     ] GC(249) Humongous regions: 5->5
[2024-08-28T01:12:31.410+0000][info][gc,metaspace] GC(249) Metaspace: 100K(320K)->100K(320K) NonClass: 96K(192K)->96K(192K) Class: 4K(128K)->4K(128K)
[2024-08-28T01:12:31.410+0000][info][gc          ] GC(249) Pause Young (Concurrent Start) (G1 Evacuation Pause) 1595M->1603M(2048M) 23.544ms
[2024-08-28T01:12:31.410+0000][info][gc,cpu      ] GC(249) User=1.05s Sys=0.02s Real=0.03s
[2024-08-28T01:12:31.410+0000][info][gc          ] GC(250) Concurrent Mark Cycle
[2024-08-28T01:12:31.410+0000][info][gc,marking  ] GC(250) Concurrent Clear Claimed Marks
[2024-08-28T01:12:31.410+0000][info][gc,marking  ] GC(250) Concurrent Clear Claimed Marks 0.010ms
[2024-08-28T01:12:31.410+0000][info][gc,marking  ] GC(250) Concurrent Scan Root Regions
[2024-08-28T01:12:31.413+0000][info][gc,marking  ] GC(250) Concurrent Scan Root Regions 3.628ms
[2024-08-28T01:12:31.413+0000][info][gc,marking  ] GC(250) Concurrent Mark
[2024-08-28T01:12:31.413+0000][info][gc,marking  ] GC(250) Concurrent Mark From Roots
[2024-08-28T01:12:31.413+0000][info][gc,task     ] GC(250) Using 17 workers of 17 for marking
[2024-08-28T01:12:31.432+0000][info][gc,marking  ] GC(250) Concurrent Mark From Roots 18.698ms
[2024-08-28T01:12:31.432+0000][info][gc,marking  ] GC(250) Concurrent Preclean
[2024-08-28T01:12:31.434+0000][info][gc,marking  ] GC(250) Concurrent Preclean 1.318ms
[2024-08-28T01:12:31.434+0000][info][gc,start    ] GC(250) Pause Remark
[2024-08-28T01:12:31.436+0000][info][gc          ] GC(250) Pause Remark 1632M->1369M(2048M) 2.319ms
[2024-08-28T01:12:31.436+0000][info][gc,cpu      ] GC(250) User=0.02s Sys=0.00s Real=0.00s
[2024-08-28T01:12:31.436+0000][info][gc,marking  ] GC(250) Concurrent Mark 22.748ms
[2024-08-28T01:12:31.436+0000][info][gc,marking  ] GC(250) Concurrent Rebuild Remembered Sets
[2024-08-28T01:12:31.467+0000][info][gc,start    ] GC(251) Pause Young (Normal) (G1 Evacuation Pause)
[2024-08-28T01:12:31.467+0000][info][gc,task     ] GC(251) Using 49 workers of 68 for evacuation
[2024-08-28T01:12:31.484+0000][info][gc,phases   ] GC(251)   Pre Evacuate Collection Set: 0.4ms
[2024-08-28T01:12:31.484+0000][info][gc,phases   ] GC(251)   Merge Heap Roots: 0.5ms
[2024-08-28T01:12:31.484+0000][info][gc,phases   ] GC(251)   Evacuate Collection Set: 15.1ms
[2024-08-28T01:12:31.484+0000][info][gc,phases   ] GC(251)   Post Evacuate Collection Set: 0.7ms
[2024-08-28T01:12:31.484+0000][info][gc,phases   ] GC(251)   Other: 0.2ms
[2024-08-28T01:12:31.484+0000][info][gc,heap     ] GC(251) Eden regions: 84->0(130)
[2024-08-28T01:12:31.484+0000][info][gc,heap     ] GC(251) Survivor regions: 18->13(13)
[2024-08-28T01:12:31.484+0000][info][gc,heap     ] GC(251) Old regions: 1317->1414
[2024-08-28T01:12:31.484+0000][info][gc,heap     ] GC(251) Archive regions: 2->2
[2024-08-28T01:12:31.484+0000][info][gc,heap     ] GC(251) Humongous regions: 5->5
[2024-08-28T01:12:31.484+0000][info][gc,metaspace] GC(251) Metaspace: 100K(320K)->100K(320K) NonClass: 96K(192K)->96K(192K) Class: 4K(128K)->4K(128K)
[2024-08-28T01:12:31.484+0000][info][gc          ] GC(251) Pause Young (Normal) (G1 Evacuation Pause) 1424M->1432M(2048M) 17.094ms
[2024-08-28T01:12:31.484+0000][info][gc,cpu      ] GC(251) User=0.77s Sys=0.00s Real=0.02s
[2024-08-28T01:12:31.502+0000][info][gc,marking  ] GC(250) Concurrent Rebuild Remembered Sets 65.463ms
[2024-08-28T01:12:31.502+0000][info][gc,start    ] GC(250) Pause Cleanup
[2024-08-28T01:12:31.506+0000][info][gc          ] GC(250) Pause Cleanup 1463M->1463M(2048M) 3.965ms
[2024-08-28T01:12:31.506+0000][info][gc,cpu      ] GC(250) User=0.01s Sys=0.00s Real=0.00s
[2024-08-28T01:12:31.506+0000][info][gc,marking  ] GC(250) Concurrent Cleanup for Next Mark
[2024-08-28T01:12:31.508+0000][info][gc,marking  ] GC(250) Concurrent Cleanup for Next Mark 1.412ms
[2024-08-28T01:12:31.508+0000][info][gc          ] GC(250) Concurrent Mark Cycle 97.943ms
[2024-08-28T01:12:31.562+0000][info][gc,start    ] GC(252) Pause Young (Prepare Mixed) (G1 Evacuation Pause)
[2024-08-28T01:12:31.562+0000][info][gc,task     ] GC(252) Using 49 workers of 68 for evacuation
[2024-08-28T01:12:31.588+0000][info][gc,phases   ] GC(252)   Pre Evacuate Collection Set: 0.4ms
[2024-08-28T01:12:31.588+0000][info][gc,phases   ] GC(252)   Merge Heap Roots: 1.6ms
[2024-08-28T01:12:31.588+0000][info][gc,phases   ] GC(252)   Evacuate Collection Set: 23.5ms
[2024-08-28T01:12:31.588+0000][info][gc,phases   ] GC(252)   Post Evacuate Collection Set: 0.5ms
[2024-08-28T01:12:31.588+0000][info][gc,phases   ] GC(252)   Other: 0.2ms
[2024-08-28T01:12:31.588+0000][info][gc,heap     ] GC(252) Eden regions: 130->0(84)
[2024-08-28T01:12:31.588+0000][info][gc,heap     ] GC(252) Survivor regions: 13->18(18)
[2024-08-28T01:12:31.588+0000][info][gc,heap     ] GC(252) Old regions: 1414->1543
[2024-08-28T01:12:31.588+0000][info][gc,heap     ] GC(252) Archive regions: 2->2
[2024-08-28T01:12:31.588+0000][info][gc,heap     ] GC(252) Humongous regions: 5->5
[2024-08-28T01:12:31.588+0000][info][gc,metaspace] GC(252) Metaspace: 100K(320K)->100K(320K) NonClass: 96K(192K)->96K(192K) Class: 4K(128K)->4K(128K)
[2024-08-28T01:12:31.588+0000][info][gc          ] GC(252) Pause Young (Prepare Mixed) (G1 Evacuation Pause) 1562M->1566M(2048M) 26.262ms
[2024-08-28T01:12:31.588+0000][info][gc,cpu      ] GC(252) User=1.20s Sys=0.00s Real=0.02s
[2024-08-28T01:12:31.634+0000][info][gc,start    ] GC(253) Pause Young (Mixed) (G1 Evacuation Pause)
[2024-08-28T01:12:31.634+0000][info][gc,task     ] GC(253) Using 49 workers of 68 for evacuation
[2024-08-28T01:12:31.652+0000][info][gc,phases   ] GC(253)   Pre Evacuate Collection Set: 0.5ms
[2024-08-28T01:12:31.652+0000][info][gc,phases   ] GC(253)   Merge Heap Roots: 0.7ms
[2024-08-28T01:12:31.652+0000][info][gc,phases   ] GC(253)   Evacuate Collection Set: 15.4ms
[2024-08-28T01:12:31.652+0000][info][gc,phases   ] GC(253)   Post Evacuate Collection Set: 0.7ms
[2024-08-28T01:12:31.652+0000][info][gc,phases   ] GC(253)   Other: 0.2ms
[2024-08-28T01:12:31.652+0000][info][gc,heap     ] GC(253) Eden regions: 84->0(89)
[2024-08-28T01:12:31.652+0000][info][gc,heap     ] GC(253) Survivor regions: 18->13(13)
[2024-08-28T01:12:31.652+0000][info][gc,heap     ] GC(253) Old regions: 1543->1330
[2024-08-28T01:12:31.652+0000][info][gc,heap     ] GC(253) Archive regions: 2->2
[2024-08-28T01:12:31.652+0000][info][gc,heap     ] GC(253) Humongous regions: 5->5
[2024-08-28T01:12:31.652+0000][info][gc,metaspace] GC(253) Metaspace: 100K(320K)->100K(320K) NonClass: 96K(192K)->96K(192K) Class: 4K(128K)->4K(128K)
[2024-08-28T01:12:31.652+0000][info][gc          ] GC(253) Pause Young (Mixed) (G1 Evacuation Pause) 1650M->1348M(2048M) 17.559ms
[2024-08-28T01:12:31.652+0000][info][gc,cpu      ] GC(253) User=0.79s Sys=0.00s Real=0.02s
[2024-08-28T01:12:31.701+0000][info][gc,start    ] GC(254) Pause Young (Mixed) (G1 Evacuation Pause)
[2024-08-28T01:12:31.701+0000][info][gc,task     ] GC(254) Using 49 workers of 68 for evacuation
[2024-08-28T01:12:31.719+0000][info][gc,phases   ] GC(254)   Pre Evacuate Collection Set: 0.4ms
[2024-08-28T01:12:31.719+0000][info][gc,phases   ] GC(254)   Merge Heap Roots: 0.7ms
[2024-08-28T01:12:31.719+0000][info][gc,phases   ] GC(254)   Evacuate Collection Set: 15.4ms
[2024-08-28T01:12:31.719+0000][info][gc,phases   ] GC(254)   Post Evacuate Collection Set: 0.7ms
[2024-08-28T01:12:31.719+0000][info][gc,phases   ] GC(254)   Other: 0.3ms
[2024-08-28T01:12:31.719+0000][info][gc,heap     ] GC(254) Eden regions: 89->0(89)
[2024-08-28T01:12:31.719+0000][info][gc,heap     ] GC(254) Survivor regions: 13->13(13)
[2024-08-28T01:12:31.719+0000][info][gc,heap     ] GC(254) Old regions: 1330->1116
[2024-08-28T01:12:31.719+0000][info][gc,heap     ] GC(254) Archive regions: 2->2
[2024-08-28T01:12:31.719+0000][info][gc,heap     ] GC(254) Humongous regions: 5->5
[2024-08-28T01:12:31.719+0000][info][gc,metaspace] GC(254) Metaspace: 100K(320K)->100K(320K) NonClass: 96K(192K)->96K(192K) Class: 4K(128K)->4K(128K)
[2024-08-28T01:12:31.719+0000][info][gc          ] GC(254) Pause Young (Mixed) (G1 Evacuation Pause) 1437M->1134M(2048M) 17.529ms
[2024-08-28T01:12:31.719+0000][info][gc,cpu      ] GC(254) User=0.79s Sys=0.00s Real=0.02s
[2024-08-28T01:12:31.762+0000][info][gc,start    ] GC(255) Pause Young (Mixed) (G1 Evacuation Pause)
[2024-08-28T01:12:31.762+0000][info][gc,task     ] GC(255) Using 49 workers of 68 for evacuation
[2024-08-28T01:12:31.779+0000][info][gc,phases   ] GC(255)   Pre Evacuate Collection Set: 0.4ms
[2024-08-28T01:12:31.779+0000][info][gc,phases   ] GC(255)   Merge Heap Roots: 0.7ms
[2024-08-28T01:12:31.779+0000][info][gc,phases   ] GC(255)   Evacuate Collection Set: 15.0ms
[2024-08-28T01:12:31.779+0000][info][gc,phases   ] GC(255)   Post Evacuate Collection Set: 0.5ms
[2024-08-28T01:12:31.779+0000][info][gc,phases   ] GC(255)   Other: 0.2ms
[2024-08-28T01:12:31.779+0000][info][gc,heap     ] GC(255) Eden regions: 89->0(252)
[2024-08-28T01:12:31.779+0000][info][gc,heap     ] GC(255) Survivor regions: 13->13(13)
[2024-08-28T01:12:31.779+0000][info][gc,heap     ] GC(255) Old regions: 1116->1041
[2024-08-28T01:12:31.779+0000][info][gc,heap     ] GC(255) Archive regions: 2->2
[2024-08-28T01:12:31.779+0000][info][gc,heap     ] GC(255) Humongous regions: 5->5
[2024-08-28T01:12:31.779+0000][info][gc,metaspace] GC(255) Metaspace: 100K(320K)->100K(320K) NonClass: 96K(192K)->96K(192K) Class: 4K(128K)->4K(128K)
[2024-08-28T01:12:31.779+0000][info][gc          ] GC(255) Pause Young (Mixed) (G1 Evacuation Pause) 1223M->1059M(2048M) 17.005ms
[2024-08-28T01:12:31.779+0000][info][gc,cpu      ] GC(255) User=0.77s Sys=0.00s Real=0.02s
[2024-08-28T01:12:31.899+0000][info][gc,start    ] GC(256) Pause Young (Normal) (G1 Evacuation Pause)
[2024-08-28T01:12:31.899+0000][info][gc,task     ] GC(256) Using 49 workers of 68 for evacuation
[2024-08-28T01:12:31.938+0000][info][gc,phases   ] GC(256)   Pre Evacuate Collection Set: 0.4ms
[2024-08-28T01:12:31.938+0000][info][gc,phases   ] GC(256)   Merge Heap Roots: 1.1ms
[2024-08-28T01:12:31.938+0000][info][gc,phases   ] GC(256)   Evacuate Collection Set: 36.7ms
[2024-08-28T01:12:31.938+0000][info][gc,phases   ] GC(256)   Post Evacuate Collection Set: 0.6ms
[2024-08-28T01:12:31.938+0000][info][gc,phases   ] GC(256)   Other: 0.2ms
[2024-08-28T01:12:31.938+0000][info][gc,heap     ] GC(256) Eden regions: 252->0(172)
[2024-08-28T01:12:31.938+0000][info][gc,heap     ] GC(256) Survivor regions: 13->34(34)
[2024-08-28T01:12:31.938+0000][info][gc,heap     ] GC(256) Old regions: 1041->1266
[2024-08-28T01:12:31.938+0000][info][gc,heap     ] GC(256) Archive regions: 2->2
[2024-08-28T01:12:31.938+0000][info][gc,heap     ] GC(256) Humongous regions: 5->5
[2024-08-28T01:12:31.938+0000][info][gc,metaspace] GC(256) Metaspace: 100K(320K)->100K(320K) NonClass: 96K(192K)->96K(192K) Class: 4K(128K)->4K(128K)
[2024-08-28T01:12:31.938+0000][info][gc          ] GC(256) Pause Young (Normal) (G1 Evacuation Pause) 1311M->1305M(2048M) 39.003ms
[2024-08-28T01:12:31.938+0000][info][gc,cpu      ] GC(256) User=1.80s Sys=0.03s Real=0.04s
[2024-08-28T01:12:32.031+0000][info][gc,start    ] GC(257) Pause Young (Normal) (G1 Evacuation Pause)
[2024-08-28T01:12:32.032+0000][info][gc,task     ] GC(257) Using 49 workers of 68 for evacuation
[2024-08-28T01:12:32.065+0000][info][gc,phases   ] GC(257)   Pre Evacuate Collection Set: 0.3ms
[2024-08-28T01:12:32.065+0000][info][gc,phases   ] GC(257)   Merge Heap Roots: 1.1ms
[2024-08-28T01:12:32.065+0000][info][gc,phases   ] GC(257)   Evacuate Collection Set: 31.0ms
[2024-08-28T01:12:32.065+0000][info][gc,phases   ] GC(257)   Post Evacuate Collection Set: 0.6ms
[2024-08-28T01:12:32.065+0000][info][gc,phases   ] GC(257)   Other: 0.2ms
[2024-08-28T01:12:32.065+0000][info][gc,heap     ] GC(257) Eden regions: 172->0(115)
[2024-08-28T01:12:32.065+0000][info][gc,heap     ] GC(257) Survivor regions: 34->26(26)
[2024-08-28T01:12:32.065+0000][info][gc,heap     ] GC(257) Old regions: 1266->1447
[2024-08-28T01:12:32.065+0000][info][gc,heap     ] GC(257) Archive regions: 2->2
[2024-08-28T01:12:32.065+0000][info][gc,heap     ] GC(257) Humongous regions: 5->5
[2024-08-28T01:12:32.065+0000][info][gc,metaspace] GC(257) Metaspace: 100K(320K)->100K(320K) NonClass: 96K(192K)->96K(192K) Class: 4K(128K)->4K(128K)
[2024-08-28T01:12:32.065+0000][info][gc          ] GC(257) Pause Young (Normal) (G1 Evacuation Pause) 1477M->1478M(2048M) 33.319ms
[2024-08-28T01:12:32.065+0000][info][gc,cpu      ] GC(257) User=1.56s Sys=0.01s Real=0.03s
[2024-08-28T01:12:32.130+0000][info][gc,start    ] GC(258) Pause Young (Concurrent Start) (G1 Evacuation Pause)
[2024-08-28T01:12:32.130+0000][info][gc,task     ] GC(258) Using 49 workers of 68 for evacuation
[2024-08-28T01:12:32.155+0000][info][gc,phases   ] GC(258)   Pre Evacuate Collection Set: 0.4ms
[2024-08-28T01:12:32.155+0000][info][gc,phases   ] GC(258)   Merge Heap Roots: 1.0ms
[2024-08-28T01:12:32.155+0000][info][gc,phases   ] GC(258)   Evacuate Collection Set: 22.4ms
[2024-08-28T01:12:32.155+0000][info][gc,phases   ] GC(258)   Post Evacuate Collection Set: 0.5ms
[2024-08-28T01:12:32.155+0000][info][gc,phases   ] GC(258)   Other: 0.8ms
[2024-08-28T01:12:32.155+0000][info][gc,heap     ] GC(258) Eden regions: 115->0(84)
[2024-08-28T01:12:32.155+0000][info][gc,heap     ] GC(258) Survivor regions: 26->18(18)
[2024-08-28T01:12:32.155+0000][info][gc,heap     ] GC(258) Old regions: 1447->1577
[2024-08-28T01:12:32.155+0000][info][gc,heap     ] GC(258) Archive regions: 2->2
[2024-08-28T01:12:32.155+0000][info][gc,heap     ] GC(258) Humongous regions: 5->5
[2024-08-28T01:12:32.155+0000][info][gc,metaspace] GC(258) Metaspace: 100K(320K)->100K(320K) NonClass: 96K(192K)->96K(192K) Class: 4K(128K)->4K(128K)
[2024-08-28T01:12:32.155+0000][info][gc          ] GC(258) Pause Young (Concurrent Start) (G1 Evacuation Pause) 1593M->1600M(2048M) 25.053ms
[2024-08-28T01:12:32.155+0000][info][gc,cpu      ] GC(258) User=1.13s Sys=0.00s Real=0.02s
[2024-08-28T01:12:32.155+0000][info][gc          ] GC(259) Concurrent Mark Cycle
[2024-08-28T01:12:32.155+0000][info][gc,marking  ] GC(259) Concurrent Clear Claimed Marks
[2024-08-28T01:12:32.155+0000][info][gc,marking  ] GC(259) Concurrent Clear Claimed Marks 0.013ms
[2024-08-28T01:12:32.155+0000][info][gc,marking  ] GC(259) Concurrent Scan Root Regions
[2024-08-28T01:12:32.159+0000][info][gc,marking  ] GC(259) Concurrent Scan Root Regions 3.653ms
[2024-08-28T01:12:32.159+0000][info][gc,marking  ] GC(259) Concurrent Mark
[2024-08-28T01:12:32.159+0000][info][gc,marking  ] GC(259) Concurrent Mark From Roots
[2024-08-28T01:12:32.159+0000][info][gc,task     ] GC(259) Using 17 workers of 17 for marking
[2024-08-28T01:12:32.178+0000][info][gc,marking  ] GC(259) Concurrent Mark From Roots 19.724ms
[2024-08-28T01:12:32.178+0000][info][gc,marking  ] GC(259) Concurrent Preclean
[2024-08-28T01:12:32.179+0000][info][gc,marking  ] GC(259) Concurrent Preclean 0.632ms
[2024-08-28T01:12:32.179+0000][info][gc,start    ] GC(259) Pause Remark
[2024-08-28T01:12:32.181+0000][info][gc          ] GC(259) Pause Remark 1628M->1361M(2048M) 1.893ms
[2024-08-28T01:12:32.181+0000][info][gc,cpu      ] GC(259) User=0.02s Sys=0.00s Real=0.00s
[2024-08-28T01:12:32.181+0000][info][gc,marking  ] GC(259) Concurrent Mark 22.739ms
[2024-08-28T01:12:32.181+0000][info][gc,marking  ] GC(259) Concurrent Rebuild Remembered Sets
[2024-08-28T01:12:32.213+0000][info][gc,start    ] GC(260) Pause Young (Normal) (G1 Evacuation Pause)
[2024-08-28T01:12:32.213+0000][info][gc,task     ] GC(260) Using 49 workers of 68 for evacuation
[2024-08-28T01:12:32.231+0000][info][gc,phases   ] GC(260)   Pre Evacuate Collection Set: 0.4ms
[2024-08-28T01:12:32.231+0000][info][gc,phases   ] GC(260)   Merge Heap Roots: 0.9ms
[2024-08-28T01:12:32.231+0000][info][gc,phases   ] GC(260)   Evacuate Collection Set: 16.3ms
[2024-08-28T01:12:32.231+0000][info][gc,phases   ] GC(260)   Post Evacuate Collection Set: 0.8ms
[2024-08-28T01:12:32.231+0000][info][gc,phases   ] GC(260)   Other: 0.2ms
[2024-08-28T01:12:32.231+0000][info][gc,heap     ] GC(260) Eden regions: 84->0(133)
[2024-08-28T01:12:32.231+0000][info][gc,heap     ] GC(260) Survivor regions: 18->13(13)
[2024-08-28T01:12:32.231+0000][info][gc,heap     ] GC(260) Old regions: 1310->1407
[2024-08-28T01:12:32.231+0000][info][gc,heap     ] GC(260) Archive regions: 2->2
[2024-08-28T01:12:32.231+0000][info][gc,heap     ] GC(260) Humongous regions: 5->5
[2024-08-28T01:12:32.231+0000][info][gc,metaspace] GC(260) Metaspace: 100K(320K)->100K(320K) NonClass: 96K(192K)->96K(192K) Class: 4K(128K)->4K(128K)
[2024-08-28T01:12:32.231+0000][info][gc          ] GC(260) Pause Young (Normal) (G1 Evacuation Pause) 1417M->1425M(2048M) 18.719ms
[2024-08-28T01:12:32.231+0000][info][gc,cpu      ] GC(260) User=0.85s Sys=0.00s Real=0.02s
[2024-08-28T01:12:32.249+0000][info][gc,marking  ] GC(259) Concurrent Rebuild Remembered Sets 67.355ms
[2024-08-28T01:12:32.249+0000][info][gc,start    ] GC(259) Pause Cleanup
[2024-08-28T01:12:32.252+0000][info][gc          ] GC(259) Pause Cleanup 1454M->1454M(2048M) 2.435ms
[2024-08-28T01:12:32.252+0000][info][gc,cpu      ] GC(259) User=0.01s Sys=0.00s Real=0.01s
[2024-08-28T01:12:32.252+0000][info][gc,marking  ] GC(259) Concurrent Cleanup for Next Mark
[2024-08-28T01:12:32.253+0000][info][gc,marking  ] GC(259) Concurrent Cleanup for Next Mark 1.390ms
[2024-08-28T01:12:32.253+0000][info][gc          ] GC(259) Concurrent Mark Cycle 98.175ms
[2024-08-28T01:12:32.308+0000][info][gc,start    ] GC(261) Pause Young (Prepare Mixed) (G1 Evacuation Pause)
[2024-08-28T01:12:32.308+0000][info][gc,task     ] GC(261) Using 49 workers of 68 for evacuation
[2024-08-28T01:12:32.336+0000][info][gc,phases   ] GC(261)   Pre Evacuate Collection Set: 0.4ms
[2024-08-28T01:12:32.336+0000][info][gc,phases   ] GC(261)   Merge Heap Roots: 1.3ms
[2024-08-28T01:12:32.336+0000][info][gc,phases   ] GC(261)   Evacuate Collection Set: 25.6ms
[2024-08-28T01:12:32.336+0000][info][gc,phases   ] GC(261)   Post Evacuate Collection Set: 0.5ms
[2024-08-28T01:12:32.336+0000][info][gc,phases   ] GC(261)   Other: 0.2ms
[2024-08-28T01:12:32.337+0000][info][gc,heap     ] GC(261) Eden regions: 133->0(83)
[2024-08-28T01:12:32.337+0000][info][gc,heap     ] GC(261) Survivor regions: 13->19(19)
[2024-08-28T01:12:32.337+0000][info][gc,heap     ] GC(261) Old regions: 1407->1537
[2024-08-28T01:12:32.337+0000][info][gc,heap     ] GC(261) Archive regions: 2->2
[2024-08-28T01:12:32.337+0000][info][gc,heap     ] GC(261) Humongous regions: 5->5
[2024-08-28T01:12:32.337+0000][info][gc,metaspace] GC(261) Metaspace: 100K(320K)->100K(320K) NonClass: 96K(192K)->96K(192K) Class: 4K(128K)->4K(128K)
[2024-08-28T01:12:32.337+0000][info][gc          ] GC(261) Pause Young (Prepare Mixed) (G1 Evacuation Pause) 1558M->1561M(2048M) 28.134ms
[2024-08-28T01:12:32.337+0000][info][gc,cpu      ] GC(261) User=1.32s Sys=0.00s Real=0.03s
[2024-08-28T01:12:32.379+0000][info][gc,start    ] GC(262) Pause Young (Mixed) (G1 Evacuation Pause)
[2024-08-28T01:12:32.379+0000][info][gc,task     ] GC(262) Using 49 workers of 68 for evacuation
[2024-08-28T01:12:32.397+0000][info][gc,phases   ] GC(262)   Pre Evacuate Collection Set: 0.4ms
[2024-08-28T01:12:32.397+0000][info][gc,phases   ] GC(262)   Merge Heap Roots: 0.8ms
[2024-08-28T01:12:32.397+0000][info][gc,phases   ] GC(262)   Evacuate Collection Set: 16.2ms
[2024-08-28T01:12:32.397+0000][info][gc,phases   ] GC(262)   Post Evacuate Collection Set: 0.6ms
[2024-08-28T01:12:32.397+0000][info][gc,phases   ] GC(262)   Other: 0.2ms
[2024-08-28T01:12:32.397+0000][info][gc,heap     ] GC(262) Eden regions: 83->0(89)
[2024-08-28T01:12:32.397+0000][info][gc,heap     ] GC(262) Survivor regions: 19->13(13)
[2024-08-28T01:12:32.397+0000][info][gc,heap     ] GC(262) Old regions: 1537->1326
[2024-08-28T01:12:32.397+0000][info][gc,heap     ] GC(262) Archive regions: 2->2
[2024-08-28T01:12:32.397+0000][info][gc,heap     ] GC(262) Humongous regions: 5->5
[2024-08-28T01:12:32.397+0000][info][gc,metaspace] GC(262) Metaspace: 100K(320K)->100K(320K) NonClass: 96K(192K)->96K(192K) Class: 4K(128K)->4K(128K)
[2024-08-28T01:12:32.397+0000][info][gc          ] GC(262) Pause Young (Mixed) (G1 Evacuation Pause) 1644M->1344M(2048M) 18.359ms
[2024-08-28T01:12:32.397+0000][info][gc,cpu      ] GC(262) User=0.83s Sys=0.01s Real=0.01s
[2024-08-28T01:12:32.443+0000][info][gc,start    ] GC(263) Pause Young (Mixed) (G1 Evacuation Pause)
[2024-08-28T01:12:32.443+0000][info][gc,task     ] GC(263) Using 49 workers of 68 for evacuation
[2024-08-28T01:12:32.462+0000][info][gc,phases   ] GC(263)   Pre Evacuate Collection Set: 0.4ms
[2024-08-28T01:12:32.462+0000][info][gc,phases   ] GC(263)   Merge Heap Roots: 0.8ms
[2024-08-28T01:12:32.462+0000][info][gc,phases   ] GC(263)   Evacuate Collection Set: 16.6ms
[2024-08-28T01:12:32.462+0000][info][gc,phases   ] GC(263)   Post Evacuate Collection Set: 0.7ms
[2024-08-28T01:12:32.462+0000][info][gc,phases   ] GC(263)   Other: 0.3ms
[2024-08-28T01:12:32.462+0000][info][gc,heap     ] GC(263) Eden regions: 89->0(89)
[2024-08-28T01:12:32.462+0000][info][gc,heap     ] GC(263) Survivor regions: 13->13(13)
[2024-08-28T01:12:32.462+0000][info][gc,heap     ] GC(263) Old regions: 1326->1111
[2024-08-28T01:12:32.462+0000][info][gc,heap     ] GC(263) Archive regions: 2->2
[2024-08-28T01:12:32.462+0000][info][gc,heap     ] GC(263) Humongous regions: 5->5
[2024-08-28T01:12:32.462+0000][info][gc,metaspace] GC(263) Metaspace: 100K(320K)->100K(320K) NonClass: 96K(192K)->96K(192K) Class: 4K(128K)->4K(128K)
[2024-08-28T01:12:32.462+0000][info][gc          ] GC(263) Pause Young (Mixed) (G1 Evacuation Pause) 1433M->1129M(2048M) 18.855ms
[2024-08-28T01:12:32.462+0000][info][gc,cpu      ] GC(263) User=0.84s Sys=0.01s Real=0.02s
[2024-08-28T01:12:32.505+0000][info][gc,start    ] GC(264) Pause Young (Mixed) (G1 Evacuation Pause)
[2024-08-28T01:12:32.505+0000][info][gc,task     ] GC(264) Using 49 workers of 68 for evacuation
[2024-08-28T01:12:32.523+0000][info][gc,phases   ] GC(264)   Pre Evacuate Collection Set: 0.3ms
[2024-08-28T01:12:32.523+0000][info][gc,phases   ] GC(264)   Merge Heap Roots: 0.8ms
[2024-08-28T01:12:32.523+0000][info][gc,phases   ] GC(264)   Evacuate Collection Set: 16.1ms
[2024-08-28T01:12:32.523+0000][info][gc,phases   ] GC(264)   Post Evacuate Collection Set: 0.5ms
[2024-08-28T01:12:32.523+0000][info][gc,phases   ] GC(264)   Other: 0.2ms
[2024-08-28T01:12:32.523+0000][info][gc,heap     ] GC(264) Eden regions: 89->0(251)
[2024-08-28T01:12:32.523+0000][info][gc,heap     ] GC(264) Survivor regions: 13->13(13)
[2024-08-28T01:12:32.523+0000][info][gc,heap     ] GC(264) Old regions: 1111->1043
[2024-08-28T01:12:32.523+0000][info][gc,heap     ] GC(264) Archive regions: 2->2
[2024-08-28T01:12:32.523+0000][info][gc,heap     ] GC(264) Humongous regions: 5->5
[2024-08-28T01:12:32.523+0000][info][gc,metaspace] GC(264) Metaspace: 100K(320K)->100K(320K) NonClass: 96K(192K)->96K(192K) Class: 4K(128K)->4K(128K)
[2024-08-28T01:12:32.523+0000][info][gc          ] GC(264) Pause Young (Mixed) (G1 Evacuation Pause) 1218M->1061M(2048M) 18.021ms
[2024-08-28T01:12:32.523+0000][info][gc,cpu      ] GC(264) User=0.82s Sys=0.00s Real=0.02s
[2024-08-28T01:12:32.645+0000][info][gc,start    ] GC(265) Pause Young (Normal) (G1 Evacuation Pause)
[2024-08-28T01:12:32.645+0000][info][gc,task     ] GC(265) Using 49 workers of 68 for evacuation
[2024-08-28T01:12:32.684+0000][info][gc,phases   ] GC(265)   Pre Evacuate Collection Set: 0.4ms
[2024-08-28T01:12:32.684+0000][info][gc,phases   ] GC(265)   Merge Heap Roots: 1.1ms
[2024-08-28T01:12:32.684+0000][info][gc,phases   ] GC(265)   Evacuate Collection Set: 36.6ms
[2024-08-28T01:12:32.684+0000][info][gc,phases   ] GC(265)   Post Evacuate Collection Set: 0.6ms
[2024-08-28T01:12:32.684+0000][info][gc,phases   ] GC(265)   Other: 0.2ms
[2024-08-28T01:12:32.684+0000][info][gc,heap     ] GC(265) Eden regions: 251->0(171)
[2024-08-28T01:12:32.684+0000][info][gc,heap     ] GC(265) Survivor regions: 13->33(33)
[2024-08-28T01:12:32.684+0000][info][gc,heap     ] GC(265) Old regions: 1043->1268
[2024-08-28T01:12:32.684+0000][info][gc,heap     ] GC(265) Archive regions: 2->2
[2024-08-28T01:12:32.684+0000][info][gc,heap     ] GC(265) Humongous regions: 5->5
[2024-08-28T01:12:32.684+0000][info][gc,metaspace] GC(265) Metaspace: 100K(320K)->100K(320K) NonClass: 96K(192K)->96K(192K) Class: 4K(128K)->4K(128K)
[2024-08-28T01:12:32.684+0000][info][gc          ] GC(265) Pause Young (Normal) (G1 Evacuation Pause) 1312M->1306M(2048M) 38.941ms
[2024-08-28T01:12:32.684+0000][info][gc,cpu      ] GC(265) User=1.80s Sys=0.03s Real=0.04s
[2024-08-28T01:12:32.768+0000][info][gc,start    ] GC(266) Pause Young (Normal) (G1 Evacuation Pause)
[2024-08-28T01:12:32.768+0000][info][gc,task     ] GC(266) Using 49 workers of 68 for evacuation
[2024-08-28T01:12:32.801+0000][info][gc,phases   ] GC(266)   Pre Evacuate Collection Set: 0.3ms
[2024-08-28T01:12:32.801+0000][info][gc,phases   ] GC(266)   Merge Heap Roots: 1.1ms
[2024-08-28T01:12:32.801+0000][info][gc,phases   ] GC(266)   Evacuate Collection Set: 30.9ms
[2024-08-28T01:12:32.801+0000][info][gc,phases   ] GC(266)   Post Evacuate Collection Set: 0.6ms
[2024-08-28T01:12:32.801+0000][info][gc,phases   ] GC(266)   Other: 0.2ms
[2024-08-28T01:12:32.801+0000][info][gc,heap     ] GC(266) Eden regions: 171->0(115)
[2024-08-28T01:12:32.801+0000][info][gc,heap     ] GC(266) Survivor regions: 33->26(26)
[2024-08-28T01:12:32.801+0000][info][gc,heap     ] GC(266) Old regions: 1268->1450
[2024-08-28T01:12:32.801+0000][info][gc,heap     ] GC(266) Archive regions: 2->2
[2024-08-28T01:12:32.801+0000][info][gc,heap     ] GC(266) Humongous regions: 5->5
[2024-08-28T01:12:32.801+0000][info][gc,metaspace] GC(266) Metaspace: 100K(320K)->100K(320K) NonClass: 96K(192K)->96K(192K) Class: 4K(128K)->4K(128K)
[2024-08-28T01:12:32.801+0000][info][gc          ] GC(266) Pause Young (Normal) (G1 Evacuation Pause) 1477M->1481M(2048M) 33.112ms
[2024-08-28T01:12:32.801+0000][info][gc,cpu      ] GC(266) User=1.56s Sys=0.00s Real=0.04s
[2024-08-28T01:12:32.858+0000][info][gc,start    ] GC(267) Pause Young (Concurrent Start) (G1 Evacuation Pause)
[2024-08-28T01:12:32.858+0000][info][gc,task     ] GC(267) Using 49 workers of 68 for evacuation
[2024-08-28T01:12:32.883+0000][info][gc,phases   ] GC(267)   Pre Evacuate Collection Set: 0.3ms
[2024-08-28T01:12:32.884+0000][info][gc,phases   ] GC(267)   Merge Heap Roots: 0.9ms
[2024-08-28T01:12:32.884+0000][info][gc,phases   ] GC(267)   Evacuate Collection Set: 23.1ms
[2024-08-28T01:12:32.884+0000][info][gc,phases   ] GC(267)   Post Evacuate Collection Set: 0.5ms
[2024-08-28T01:12:32.884+0000][info][gc,phases   ] GC(267)   Other: 0.6ms
[2024-08-28T01:12:32.884+0000][info][gc,heap     ] GC(267) Eden regions: 115->0(84)
[2024-08-28T01:12:32.884+0000][info][gc,heap     ] GC(267) Survivor regions: 26->18(18)
[2024-08-28T01:12:32.884+0000][info][gc,heap     ] GC(267) Old regions: 1450->1580
[2024-08-28T01:12:32.884+0000][info][gc,heap     ] GC(267) Archive regions: 2->2
[2024-08-28T01:12:32.884+0000][info][gc,heap     ] GC(267) Humongous regions: 5->5
[2024-08-28T01:12:32.884+0000][info][gc,metaspace] GC(267) Metaspace: 100K(320K)->100K(320K) NonClass: 96K(192K)->96K(192K) Class: 4K(128K)->4K(128K)
[2024-08-28T01:12:32.884+0000][info][gc          ] GC(267) Pause Young (Concurrent Start) (G1 Evacuation Pause) 1596M->1603M(2048M) 25.375ms
[2024-08-28T01:12:32.884+0000][info][gc,cpu      ] GC(267) User=1.16s Sys=0.00s Real=0.02s
[2024-08-28T01:12:32.884+0000][info][gc          ] GC(268) Concurrent Mark Cycle
[2024-08-28T01:12:32.884+0000][info][gc,marking  ] GC(268) Concurrent Clear Claimed Marks
[2024-08-28T01:12:32.884+0000][info][gc,marking  ] GC(268) Concurrent Clear Claimed Marks 0.010ms
[2024-08-28T01:12:32.884+0000][info][gc,marking  ] GC(268) Concurrent Scan Root Regions
[2024-08-28T01:12:32.887+0000][info][gc,marking  ] GC(268) Concurrent Scan Root Regions 3.663ms
[2024-08-28T01:12:32.887+0000][info][gc,marking  ] GC(268) Concurrent Mark
[2024-08-28T01:12:32.887+0000][info][gc,marking  ] GC(268) Concurrent Mark From Roots
[2024-08-28T01:12:32.887+0000][info][gc,task     ] GC(268) Using 17 workers of 17 for marking
[2024-08-28T01:12:32.907+0000][info][gc,marking  ] GC(268) Concurrent Mark From Roots 19.704ms
[2024-08-28T01:12:32.907+0000][info][gc,marking  ] GC(268) Concurrent Preclean
[2024-08-28T01:12:32.908+0000][info][gc,marking  ] GC(268) Concurrent Preclean 0.424ms
[2024-08-28T01:12:32.908+0000][info][gc,start    ] GC(268) Pause Remark
[2024-08-28T01:12:32.910+0000][info][gc          ] GC(268) Pause Remark 1634M->1373M(2048M) 2.332ms
[2024-08-28T01:12:32.910+0000][info][gc,cpu      ] GC(268) User=0.02s Sys=0.00s Real=0.01s
[2024-08-28T01:12:32.910+0000][info][gc,marking  ] GC(268) Concurrent Mark 22.892ms
[2024-08-28T01:12:32.910+0000][info][gc,marking  ] GC(268) Concurrent Rebuild Remembered Sets
[2024-08-28T01:12:32.957+0000][info][gc,start    ] GC(269) Pause Young (Normal) (G1 Evacuation Pause)
[2024-08-28T01:12:32.957+0000][info][gc,task     ] GC(269) Using 49 workers of 68 for evacuation
[2024-08-28T01:12:32.975+0000][info][gc,phases   ] GC(269)   Pre Evacuate Collection Set: 0.3ms
[2024-08-28T01:12:32.975+0000][info][gc,phases   ] GC(269)   Merge Heap Roots: 0.9ms
[2024-08-28T01:12:32.975+0000][info][gc,phases   ] GC(269)   Evacuate Collection Set: 16.2ms
[2024-08-28T01:12:32.975+0000][info][gc,phases   ] GC(269)   Post Evacuate Collection Set: 0.8ms
[2024-08-28T01:12:32.975+0000][info][gc,phases   ] GC(269)   Other: 0.2ms
[2024-08-28T01:12:32.975+0000][info][gc,heap     ] GC(269) Eden regions: 84->0(129)
[2024-08-28T01:12:32.975+0000][info][gc,heap     ] GC(269) Survivor regions: 18->13(13)
[2024-08-28T01:12:32.975+0000][info][gc,heap     ] GC(269) Old regions: 1319->1417
[2024-08-28T01:12:32.975+0000][info][gc,heap     ] GC(269) Archive regions: 2->2
[2024-08-28T01:12:32.975+0000][info][gc,heap     ] GC(269) Humongous regions: 5->5
[2024-08-28T01:12:32.975+0000][info][gc,metaspace] GC(269) Metaspace: 100K(320K)->100K(320K) NonClass: 96K(192K)->96K(192K) Class: 4K(128K)->4K(128K)
[2024-08-28T01:12:32.975+0000][info][gc          ] GC(269) Pause Young (Normal) (G1 Evacuation Pause) 1426M->1435M(2048M) 18.566ms
[2024-08-28T01:12:32.975+0000][info][gc,cpu      ] GC(269) User=0.85s Sys=0.01s Real=0.02s
[2024-08-28T01:12:32.979+0000][info][gc,marking  ] GC(268) Concurrent Rebuild Remembered Sets 68.291ms
[2024-08-28T01:12:32.979+0000][info][gc,start    ] GC(268) Pause Cleanup
[2024-08-28T01:12:32.981+0000][info][gc          ] GC(268) Pause Cleanup 1438M->1438M(2048M) 2.513ms
[2024-08-28T01:12:32.981+0000][info][gc,cpu      ] GC(268) User=0.02s Sys=0.00s Real=0.00s
[2024-08-28T01:12:32.981+0000][info][gc,marking  ] GC(268) Concurrent Cleanup for Next Mark
[2024-08-28T01:12:32.983+0000][info][gc,marking  ] GC(268) Concurrent Cleanup for Next Mark 1.389ms
[2024-08-28T01:12:32.983+0000][info][gc          ] GC(268) Concurrent Mark Cycle 99.206ms
[2024-08-28T01:12:33.053+0000][info][gc,start    ] GC(270) Pause Young (Prepare Mixed) (G1 Evacuation Pause)
[2024-08-28T01:12:33.053+0000][info][gc,task     ] GC(270) Using 49 workers of 68 for evacuation
[2024-08-28T01:12:33.081+0000][info][gc,phases   ] GC(270)   Pre Evacuate Collection Set: 0.2ms
[2024-08-28T01:12:33.081+0000][info][gc,phases   ] GC(270)   Merge Heap Roots: 1.3ms
[2024-08-28T01:12:33.081+0000][info][gc,phases   ] GC(270)   Evacuate Collection Set: 24.9ms
[2024-08-28T01:12:33.081+0000][info][gc,phases   ] GC(270)   Post Evacuate Collection Set: 0.6ms
[2024-08-28T01:12:33.081+0000][info][gc,phases   ] GC(270)   Other: 0.2ms
[2024-08-28T01:12:33.081+0000][info][gc,heap     ] GC(270) Eden regions: 129->0(84)
[2024-08-28T01:12:33.081+0000][info][gc,heap     ] GC(270) Survivor regions: 13->18(18)
[2024-08-28T01:12:33.081+0000][info][gc,heap     ] GC(270) Old regions: 1417->1543
[2024-08-28T01:12:33.081+0000][info][gc,heap     ] GC(270) Archive regions: 2->2
[2024-08-28T01:12:33.081+0000][info][gc,heap     ] GC(270) Humongous regions: 5->5
[2024-08-28T01:12:33.081+0000][info][gc,metaspace] GC(270) Metaspace: 100K(320K)->100K(320K) NonClass: 96K(192K)->96K(192K) Class: 4K(128K)->4K(128K)
[2024-08-28T01:12:33.081+0000][info][gc          ] GC(270) Pause Young (Prepare Mixed) (G1 Evacuation Pause) 1564M->1566M(2048M) 27.376ms
[2024-08-28T01:12:33.081+0000][info][gc,cpu      ] GC(270) User=1.26s Sys=0.00s Real=0.03s
[2024-08-28T01:12:33.128+0000][info][gc,start    ] GC(271) Pause Young (Mixed) (G1 Evacuation Pause)
[2024-08-28T01:12:33.128+0000][info][gc,task     ] GC(271) Using 49 workers of 68 for evacuation
[2024-08-28T01:12:33.146+0000][info][gc,phases   ] GC(271)   Pre Evacuate Collection Set: 0.6ms
[2024-08-28T01:12:33.146+0000][info][gc,phases   ] GC(271)   Merge Heap Roots: 0.9ms
[2024-08-28T01:12:33.146+0000][info][gc,phases   ] GC(271)   Evacuate Collection Set: 16.1ms
[2024-08-28T01:12:33.146+0000][info][gc,phases   ] GC(271)   Post Evacuate Collection Set: 0.7ms
[2024-08-28T01:12:33.146+0000][info][gc,phases   ] GC(271)   Other: 0.3ms
[2024-08-28T01:12:33.146+0000][info][gc,heap     ] GC(271) Eden regions: 84->0(89)
[2024-08-28T01:12:33.146+0000][info][gc,heap     ] GC(271) Survivor regions: 18->13(13)
[2024-08-28T01:12:33.146+0000][info][gc,heap     ] GC(271) Old regions: 1543->1331
[2024-08-28T01:12:33.146+0000][info][gc,heap     ] GC(271) Archive regions: 2->2
[2024-08-28T01:12:33.146+0000][info][gc,heap     ] GC(271) Humongous regions: 5->5
[2024-08-28T01:12:33.146+0000][info][gc,metaspace] GC(271) Metaspace: 100K(320K)->100K(320K) NonClass: 96K(192K)->96K(192K) Class: 4K(128K)->4K(128K)
[2024-08-28T01:12:33.146+0000][info][gc          ] GC(271) Pause Young (Mixed) (G1 Evacuation Pause) 1650M->1349M(2048M) 18.801ms
[2024-08-28T01:12:33.147+0000][info][gc,cpu      ] GC(271) User=0.83s Sys=0.01s Real=0.02s
[2024-08-28T01:12:33.197+0000][info][gc,start    ] GC(272) Pause Young (Mixed) (G1 Evacuation Pause)
[2024-08-28T01:12:33.197+0000][info][gc,task     ] GC(272) Using 49 workers of 68 for evacuation
[2024-08-28T01:12:33.216+0000][info][gc,phases   ] GC(272)   Pre Evacuate Collection Set: 0.6ms
[2024-08-28T01:12:33.216+0000][info][gc,phases   ] GC(272)   Merge Heap Roots: 0.9ms
[2024-08-28T01:12:33.216+0000][info][gc,phases   ] GC(272)   Evacuate Collection Set: 16.7ms
[2024-08-28T01:12:33.216+0000][info][gc,phases   ] GC(272)   Post Evacuate Collection Set: 0.8ms
[2024-08-28T01:12:33.216+0000][info][gc,phases   ] GC(272)   Other: 0.3ms
[2024-08-28T01:12:33.216+0000][info][gc,heap     ] GC(272) Eden regions: 89->0(89)
[2024-08-28T01:12:33.216+0000][info][gc,heap     ] GC(272) Survivor regions: 13->13(13)
[2024-08-28T01:12:33.216+0000][info][gc,heap     ] GC(272) Old regions: 1331->1117
[2024-08-28T01:12:33.216+0000][info][gc,heap     ] GC(272) Archive regions: 2->2
[2024-08-28T01:12:33.216+0000][info][gc,heap     ] GC(272) Humongous regions: 5->5
[2024-08-28T01:12:33.216+0000][info][gc,metaspace] GC(272) Metaspace: 100K(320K)->100K(320K) NonClass: 96K(192K)->96K(192K) Class: 4K(128K)->4K(128K)
[2024-08-28T01:12:33.216+0000][info][gc          ] GC(272) Pause Young (Mixed) (G1 Evacuation Pause) 1438M->1135M(2048M) 19.459ms
[2024-08-28T01:12:33.217+0000][info][gc,cpu      ] GC(272) User=0.84s Sys=0.02s Real=0.02s
[2024-08-28T01:12:33.265+0000][info][gc,start    ] GC(273) Pause Young (Mixed) (G1 Evacuation Pause)
[2024-08-28T01:12:33.265+0000][info][gc,task     ] GC(273) Using 49 workers of 68 for evacuation
[2024-08-28T01:12:33.284+0000][info][gc,phases   ] GC(273)   Pre Evacuate Collection Set: 0.4ms
[2024-08-28T01:12:33.284+0000][info][gc,phases   ] GC(273)   Merge Heap Roots: 0.9ms
[2024-08-28T01:12:33.284+0000][info][gc,phases   ] GC(273)   Evacuate Collection Set: 16.3ms
[2024-08-28T01:12:33.284+0000][info][gc,phases   ] GC(273)   Post Evacuate Collection Set: 0.7ms
[2024-08-28T01:12:33.284+0000][info][gc,phases   ] GC(273)   Other: 0.4ms
[2024-08-28T01:12:33.284+0000][info][gc,heap     ] GC(273) Eden regions: 89->0(251)
[2024-08-28T01:12:33.284+0000][info][gc,heap     ] GC(273) Survivor regions: 13->13(13)
[2024-08-28T01:12:33.284+0000][info][gc,heap     ] GC(273) Old regions: 1117->1041
[2024-08-28T01:12:33.284+0000][info][gc,heap     ] GC(273) Archive regions: 2->2
[2024-08-28T01:12:33.284+0000][info][gc,heap     ] GC(273) Humongous regions: 5->5
[2024-08-28T01:12:33.284+0000][info][gc,metaspace] GC(273) Metaspace: 100K(320K)->100K(320K) NonClass: 96K(192K)->96K(192K) Class: 4K(128K)->4K(128K)
[2024-08-28T01:12:33.284+0000][info][gc          ] GC(273) Pause Young (Mixed) (G1 Evacuation Pause) 1224M->1059M(2048M) 18.932ms
[2024-08-28T01:12:33.284+0000][info][gc,cpu      ] GC(273) User=0.82s Sys=0.01s Real=0.02s
[2024-08-28T01:12:33.414+0000][info][gc,start    ] GC(274) Pause Young (Normal) (G1 Evacuation Pause)
[2024-08-28T01:12:33.414+0000][info][gc,task     ] GC(274) Using 49 workers of 68 for evacuation
[2024-08-28T01:12:33.454+0000][info][gc,phases   ] GC(274)   Pre Evacuate Collection Set: 0.3ms
[2024-08-28T01:12:33.454+0000][info][gc,phases   ] GC(274)   Merge Heap Roots: 1.2ms
[2024-08-28T01:12:33.454+0000][info][gc,phases   ] GC(274)   Evacuate Collection Set: 37.8ms
[2024-08-28T01:12:33.454+0000][info][gc,phases   ] GC(274)   Post Evacuate Collection Set: 0.7ms
[2024-08-28T01:12:33.454+0000][info][gc,phases   ] GC(274)   Other: 0.4ms
[2024-08-28T01:12:33.454+0000][info][gc,heap     ] GC(274) Eden regions: 251->0(172)
[2024-08-28T01:12:33.454+0000][info][gc,heap     ] GC(274) Survivor regions: 13->33(33)
[2024-08-28T01:12:33.454+0000][info][gc,heap     ] GC(274) Old regions: 1041->1266
[2024-08-28T01:12:33.454+0000][info][gc,heap     ] GC(274) Archive regions: 2->2
[2024-08-28T01:12:33.454+0000][info][gc,heap     ] GC(274) Humongous regions: 5->5
[2024-08-28T01:12:33.454+0000][info][gc,metaspace] GC(274) Metaspace: 100K(320K)->100K(320K) NonClass: 96K(192K)->96K(192K) Class: 4K(128K)->4K(128K)
[2024-08-28T01:12:33.454+0000][info][gc          ] GC(274) Pause Young (Normal) (G1 Evacuation Pause) 1310M->1304M(2048M) 40.591ms
[2024-08-28T01:12:33.454+0000][info][gc,cpu      ] GC(274) User=1.87s Sys=0.02s Real=0.04s
[2024-08-28T01:12:33.541+0000][info][gc,start    ] GC(275) Pause Young (Normal) (G1 Evacuation Pause)
[2024-08-28T01:12:33.541+0000][info][gc,task     ] GC(275) Using 49 workers of 68 for evacuation
[2024-08-28T01:12:33.575+0000][info][gc,phases   ] GC(275)   Pre Evacuate Collection Set: 0.3ms
[2024-08-28T01:12:33.575+0000][info][gc,phases   ] GC(275)   Merge Heap Roots: 1.1ms
[2024-08-28T01:12:33.575+0000][info][gc,phases   ] GC(275)   Evacuate Collection Set: 31.9ms
[2024-08-28T01:12:33.575+0000][info][gc,phases   ] GC(275)   Post Evacuate Collection Set: 0.7ms
[2024-08-28T01:12:33.575+0000][info][gc,phases   ] GC(275)   Other: 0.3ms
[2024-08-28T01:12:33.575+0000][info][gc,heap     ] GC(275) Eden regions: 172->0(115)
[2024-08-28T01:12:33.575+0000][info][gc,heap     ] GC(275) Survivor regions: 33->26(26)
[2024-08-28T01:12:33.575+0000][info][gc,heap     ] GC(275) Old regions: 1266->1449
[2024-08-28T01:12:33.575+0000][info][gc,heap     ] GC(275) Archive regions: 2->2
[2024-08-28T01:12:33.575+0000][info][gc,heap     ] GC(275) Humongous regions: 5->5
[2024-08-28T01:12:33.575+0000][info][gc,metaspace] GC(275) Metaspace: 100K(320K)->100K(320K) NonClass: 96K(192K)->96K(192K) Class: 4K(128K)->4K(128K)
[2024-08-28T01:12:33.575+0000][info][gc          ] GC(275) Pause Young (Normal) (G1 Evacuation Pause) 1476M->1480M(2048M) 34.478ms
[2024-08-28T01:12:33.575+0000][info][gc,cpu      ] GC(275) User=1.60s Sys=0.00s Real=0.03s
[2024-08-28T01:12:33.634+0000][info][gc,start    ] GC(276) Pause Young (Concurrent Start) (G1 Evacuation Pause)
[2024-08-28T01:12:33.634+0000][info][gc,task     ] GC(276) Using 49 workers of 68 for evacuation
[2024-08-28T01:12:33.660+0000][info][gc,phases   ] GC(276)   Pre Evacuate Collection Set: 0.3ms
[2024-08-28T01:12:33.660+0000][info][gc,phases   ] GC(276)   Merge Heap Roots: 1.0ms
[2024-08-28T01:12:33.660+0000][info][gc,phases   ] GC(276)   Evacuate Collection Set: 22.5ms
[2024-08-28T01:12:33.660+0000][info][gc,phases   ] GC(276)   Post Evacuate Collection Set: 0.7ms
[2024-08-28T01:12:33.660+0000][info][gc,phases   ] GC(276)   Other: 1.2ms
[2024-08-28T01:12:33.660+0000][info][gc,heap     ] GC(276) Eden regions: 115->0(84)
[2024-08-28T01:12:33.660+0000][info][gc,heap     ] GC(276) Survivor regions: 26->18(18)
[2024-08-28T01:12:33.660+0000][info][gc,heap     ] GC(276) Old regions: 1449->1579
[2024-08-28T01:12:33.660+0000][info][gc,heap     ] GC(276) Archive regions: 2->2
[2024-08-28T01:12:33.660+0000][info][gc,heap     ] GC(276) Humongous regions: 5->5
[2024-08-28T01:12:33.660+0000][info][gc,metaspace] GC(276) Metaspace: 100K(320K)->100K(320K) NonClass: 96K(192K)->96K(192K) Class: 4K(128K)->4K(128K)
[2024-08-28T01:12:33.660+0000][info][gc          ] GC(276) Pause Young (Concurrent Start) (G1 Evacuation Pause) 1595M->1602M(2048M) 25.810ms
[2024-08-28T01:12:33.660+0000][info][gc,cpu      ] GC(276) User=1.14s Sys=0.00s Real=0.03s
[2024-08-28T01:12:33.660+0000][info][gc          ] GC(277) Concurrent Mark Cycle
[2024-08-28T01:12:33.660+0000][info][gc,marking  ] GC(277) Concurrent Clear Claimed Marks
[2024-08-28T01:12:33.660+0000][info][gc,marking  ] GC(277) Concurrent Clear Claimed Marks 0.008ms
[2024-08-28T01:12:33.660+0000][info][gc,marking  ] GC(277) Concurrent Scan Root Regions
[2024-08-28T01:12:33.664+0000][info][gc,marking  ] GC(277) Concurrent Scan Root Regions 3.785ms
[2024-08-28T01:12:33.664+0000][info][gc,marking  ] GC(277) Concurrent Mark
[2024-08-28T01:12:33.664+0000][info][gc,marking  ] GC(277) Concurrent Mark From Roots
[2024-08-28T01:12:33.664+0000][info][gc,task     ] GC(277) Using 17 workers of 17 for marking
[2024-08-28T01:12:33.684+0000][info][gc,marking  ] GC(277) Concurrent Mark From Roots 19.695ms
[2024-08-28T01:12:33.684+0000][info][gc,marking  ] GC(277) Concurrent Preclean
[2024-08-28T01:12:33.684+0000][info][gc,marking  ] GC(277) Concurrent Preclean 0.357ms
[2024-08-28T01:12:33.684+0000][info][gc,start    ] GC(277) Pause Remark
[2024-08-28T01:12:33.688+0000][info][gc          ] GC(277) Pause Remark 1633M->1364M(2048M) 3.242ms
[2024-08-28T01:12:33.688+0000][info][gc,cpu      ] GC(277) User=0.02s Sys=0.00s Real=0.00s
[2024-08-28T01:12:33.688+0000][info][gc,marking  ] GC(277) Concurrent Mark 23.844ms
[2024-08-28T01:12:33.688+0000][info][gc,marking  ] GC(277) Concurrent Rebuild Remembered Sets
[2024-08-28T01:12:33.715+0000][info][gc,start    ] GC(278) Pause Young (Normal) (G1 Evacuation Pause)
[2024-08-28T01:12:33.715+0000][info][gc,task     ] GC(278) Using 49 workers of 68 for evacuation
[2024-08-28T01:12:33.734+0000][info][gc,phases   ] GC(278)   Pre Evacuate Collection Set: 0.3ms
[2024-08-28T01:12:33.734+0000][info][gc,phases   ] GC(278)   Merge Heap Roots: 0.9ms
[2024-08-28T01:12:33.735+0000][info][gc,phases   ] GC(278)   Evacuate Collection Set: 16.9ms
[2024-08-28T01:12:33.735+0000][info][gc,phases   ] GC(278)   Post Evacuate Collection Set: 1.0ms
[2024-08-28T01:12:33.735+0000][info][gc,phases   ] GC(278)   Other: 0.4ms
[2024-08-28T01:12:33.735+0000][info][gc,heap     ] GC(278) Eden regions: 84->0(132)
[2024-08-28T01:12:33.735+0000][info][gc,heap     ] GC(278) Survivor regions: 18->13(13)
[2024-08-28T01:12:33.735+0000][info][gc,heap     ] GC(278) Old regions: 1310->1408
[2024-08-28T01:12:33.735+0000][info][gc,heap     ] GC(278) Archive regions: 2->2
[2024-08-28T01:12:33.735+0000][info][gc,heap     ] GC(278) Humongous regions: 5->5
[2024-08-28T01:12:33.735+0000][info][gc,metaspace] GC(278) Metaspace: 100K(320K)->100K(320K) NonClass: 96K(192K)->96K(192K) Class: 4K(128K)->4K(128K)
[2024-08-28T01:12:33.735+0000][info][gc          ] GC(278) Pause Young (Normal) (G1 Evacuation Pause) 1417M->1426M(2048M) 19.639ms
[2024-08-28T01:12:33.735+0000][info][gc,cpu      ] GC(278) User=0.86s Sys=0.01s Real=0.02s
[2024-08-28T01:12:33.759+0000][info][gc,marking  ] GC(277) Concurrent Rebuild Remembered Sets 70.726ms
[2024-08-28T01:12:33.759+0000][info][gc,start    ] GC(277) Pause Cleanup
[2024-08-28T01:12:33.766+0000][info][gc          ] GC(277) Pause Cleanup 1471M->1471M(2048M) 6.744ms
[2024-08-28T01:12:33.766+0000][info][gc,cpu      ] GC(277) User=0.02s Sys=0.00s Real=0.00s
[2024-08-28T01:12:33.766+0000][info][gc,marking  ] GC(277) Concurrent Cleanup for Next Mark
[2024-08-28T01:12:33.767+0000][info][gc,marking  ] GC(277) Concurrent Cleanup for Next Mark 1.450ms
[2024-08-28T01:12:33.767+0000][info][gc          ] GC(277) Concurrent Mark Cycle 107.478ms
[2024-08-28T01:12:33.813+0000][info][gc,start    ] GC(279) Pause Young (Prepare Mixed) (G1 Evacuation Pause)
[2024-08-28T01:12:33.813+0000][info][gc,task     ] GC(279) Using 49 workers of 68 for evacuation
[2024-08-28T01:12:33.841+0000][info][gc,phases   ] GC(279)   Pre Evacuate Collection Set: 0.3ms
[2024-08-28T01:12:33.841+0000][info][gc,phases   ] GC(279)   Merge Heap Roots: 1.5ms
[2024-08-28T01:12:33.841+0000][info][gc,phases   ] GC(279)   Evacuate Collection Set: 25.7ms
[2024-08-28T01:12:33.841+0000][info][gc,phases   ] GC(279)   Post Evacuate Collection Set: 0.7ms
[2024-08-28T01:12:33.841+0000][info][gc,phases   ] GC(279)   Other: 0.4ms
[2024-08-28T01:12:33.841+0000][info][gc,heap     ] GC(279) Eden regions: 132->0(83)
[2024-08-28T01:12:33.841+0000][info][gc,heap     ] GC(279) Survivor regions: 13->19(19)
[2024-08-28T01:12:33.841+0000][info][gc,heap     ] GC(279) Old regions: 1408->1537
[2024-08-28T01:12:33.841+0000][info][gc,heap     ] GC(279) Archive regions: 2->2
[2024-08-28T01:12:33.841+0000][info][gc,heap     ] GC(279) Humongous regions: 5->5
[2024-08-28T01:12:33.841+0000][info][gc,metaspace] GC(279) Metaspace: 100K(320K)->100K(320K) NonClass: 96K(192K)->96K(192K) Class: 4K(128K)->4K(128K)
[2024-08-28T01:12:33.841+0000][info][gc          ] GC(279) Pause Young (Prepare Mixed) (G1 Evacuation Pause) 1558M->1561M(2048M) 28.740ms
[2024-08-28T01:12:33.841+0000][info][gc,cpu      ] GC(279) User=1.32s Sys=0.01s Real=0.03s
[2024-08-28T01:12:33.883+0000][info][gc,start    ] GC(280) Pause Young (Mixed) (G1 Evacuation Pause)
[2024-08-28T01:12:33.884+0000][info][gc,task     ] GC(280) Using 49 workers of 68 for evacuation
[2024-08-28T01:12:33.903+0000][info][gc,phases   ] GC(280)   Pre Evacuate Collection Set: 0.5ms
[2024-08-28T01:12:33.903+0000][info][gc,phases   ] GC(280)   Merge Heap Roots: 0.8ms
[2024-08-28T01:12:33.903+0000][info][gc,phases   ] GC(280)   Evacuate Collection Set: 17.1ms
[2024-08-28T01:12:33.903+0000][info][gc,phases   ] GC(280)   Post Evacuate Collection Set: 0.8ms
[2024-08-28T01:12:33.903+0000][info][gc,phases   ] GC(280)   Other: 0.4ms
[2024-08-28T01:12:33.903+0000][info][gc,heap     ] GC(280) Eden regions: 83->0(89)
[2024-08-28T01:12:33.903+0000][info][gc,heap     ] GC(280) Survivor regions: 19->13(13)
[2024-08-28T01:12:33.903+0000][info][gc,heap     ] GC(280) Old regions: 1537->1327
[2024-08-28T01:12:33.903+0000][info][gc,heap     ] GC(280) Archive regions: 2->2
[2024-08-28T01:12:33.903+0000][info][gc,heap     ] GC(280) Humongous regions: 5->5
[2024-08-28T01:12:33.903+0000][info][gc,metaspace] GC(280) Metaspace: 100K(320K)->100K(320K) NonClass: 96K(192K)->96K(192K) Class: 4K(128K)->4K(128K)
[2024-08-28T01:12:33.903+0000][info][gc          ] GC(280) Pause Young (Mixed) (G1 Evacuation Pause) 1644M->1345M(2048M) 19.731ms
[2024-08-28T01:12:33.903+0000][info][gc,cpu      ] GC(280) User=0.87s Sys=0.00s Real=0.02s
[2024-08-28T01:12:33.949+0000][info][gc,start    ] GC(281) Pause Young (Mixed) (G1 Evacuation Pause)
[2024-08-28T01:12:33.949+0000][info][gc,task     ] GC(281) Using 49 workers of 68 for evacuation
[2024-08-28T01:12:33.969+0000][info][gc,phases   ] GC(281)   Pre Evacuate Collection Set: 0.6ms
[2024-08-28T01:12:33.969+0000][info][gc,phases   ] GC(281)   Merge Heap Roots: 0.9ms
[2024-08-28T01:12:33.969+0000][info][gc,phases   ] GC(281)   Evacuate Collection Set: 17.1ms
[2024-08-28T01:12:33.969+0000][info][gc,phases   ] GC(281)   Post Evacuate Collection Set: 0.9ms
[2024-08-28T01:12:33.969+0000][info][gc,phases   ] GC(281)   Other: 0.4ms
[2024-08-28T01:12:33.969+0000][info][gc,heap     ] GC(281) Eden regions: 89->0(89)
[2024-08-28T01:12:33.969+0000][info][gc,heap     ] GC(281) Survivor regions: 13->13(13)
[2024-08-28T01:12:33.969+0000][info][gc,heap     ] GC(281) Old regions: 1327->1113
[2024-08-28T01:12:33.969+0000][info][gc,heap     ] GC(281) Archive regions: 2->2
[2024-08-28T01:12:33.969+0000][info][gc,heap     ] GC(281) Humongous regions: 5->5
[2024-08-28T01:12:33.969+0000][info][gc,metaspace] GC(281) Metaspace: 100K(320K)->100K(320K) NonClass: 96K(192K)->96K(192K) Class: 4K(128K)->4K(128K)
[2024-08-28T01:12:33.969+0000][info][gc          ] GC(281) Pause Young (Mixed) (G1 Evacuation Pause) 1434M->1131M(2048M) 20.047ms
[2024-08-28T01:12:33.969+0000][info][gc,cpu      ] GC(281) User=0.86s Sys=0.00s Real=0.02s
[2024-08-28T01:12:34.020+0000][info][gc,start    ] GC(282) Pause Young (Mixed) (G1 Evacuation Pause)
[2024-08-28T01:12:34.020+0000][info][gc,task     ] GC(282) Using 49 workers of 68 for evacuation
[2024-08-28T01:12:34.039+0000][info][gc,phases   ] GC(282)   Pre Evacuate Collection Set: 0.4ms
[2024-08-28T01:12:34.039+0000][info][gc,phases   ] GC(282)   Merge Heap Roots: 0.9ms
[2024-08-28T01:12:34.039+0000][info][gc,phases   ] GC(282)   Evacuate Collection Set: 16.9ms
[2024-08-28T01:12:34.039+0000][info][gc,phases   ] GC(282)   Post Evacuate Collection Set: 0.7ms
[2024-08-28T01:12:34.039+0000][info][gc,phases   ] GC(282)   Other: 0.4ms
[2024-08-28T01:12:34.039+0000][info][gc,heap     ] GC(282) Eden regions: 89->0(250)
[2024-08-28T01:12:34.039+0000][info][gc,heap     ] GC(282) Survivor regions: 13->13(13)
[2024-08-28T01:12:34.039+0000][info][gc,heap     ] GC(282) Old regions: 1113->1044
[2024-08-28T01:12:34.039+0000][info][gc,heap     ] GC(282) Archive regions: 2->2
[2024-08-28T01:12:34.039+0000][info][gc,heap     ] GC(282) Humongous regions: 5->5
[2024-08-28T01:12:34.039+0000][info][gc,metaspace] GC(282) Metaspace: 100K(320K)->100K(320K) NonClass: 96K(192K)->96K(192K) Class: 4K(128K)->4K(128K)
[2024-08-28T01:12:34.039+0000][info][gc          ] GC(282) Pause Young (Mixed) (G1 Evacuation Pause) 1220M->1062M(2048M) 19.515ms
[2024-08-28T01:12:34.039+0000][info][gc,cpu      ] GC(282) User=0.86s Sys=0.00s Real=0.02s
[2024-08-28T01:12:34.178+0000][info][gc,start    ] GC(283) Pause Young (Normal) (G1 Evacuation Pause)
[2024-08-28T01:12:34.178+0000][info][gc,task     ] GC(283) Using 49 workers of 68 for evacuation
[2024-08-28T01:12:34.218+0000][info][gc,phases   ] GC(283)   Pre Evacuate Collection Set: 0.3ms
[2024-08-28T01:12:34.219+0000][info][gc,phases   ] GC(283)   Merge Heap Roots: 1.2ms
[2024-08-28T01:12:34.219+0000][info][gc,phases   ] GC(283)   Evacuate Collection Set: 38.0ms
[2024-08-28T01:12:34.219+0000][info][gc,phases   ] GC(283)   Post Evacuate Collection Set: 0.8ms
[2024-08-28T01:12:34.219+0000][info][gc,phases   ] GC(283)   Other: 0.4ms
[2024-08-28T01:12:34.219+0000][info][gc,heap     ] GC(283) Eden regions: 250->0(172)
[2024-08-28T01:12:34.219+0000][info][gc,heap     ] GC(283) Survivor regions: 13->33(33)
[2024-08-28T01:12:34.219+0000][info][gc,heap     ] GC(283) Old regions: 1044->1267
[2024-08-28T01:12:34.219+0000][info][gc,heap     ] GC(283) Archive regions: 2->2
[2024-08-28T01:12:34.219+0000][info][gc,heap     ] GC(283) Humongous regions: 5->5
[2024-08-28T01:12:34.219+0000][info][gc,metaspace] GC(283) Metaspace: 100K(320K)->100K(320K) NonClass: 96K(192K)->96K(192K) Class: 4K(128K)->4K(128K)
[2024-08-28T01:12:34.219+0000][info][gc          ] GC(283) Pause Young (Normal) (G1 Evacuation Pause) 1312M->1305M(2048M) 40.840ms
[2024-08-28T01:12:34.219+0000][info][gc,cpu      ] GC(283) User=1.87s Sys=0.03s Real=0.04s
[2024-08-28T01:12:34.311+0000][info][gc,start    ] GC(284) Pause Young (Normal) (G1 Evacuation Pause)
[2024-08-28T01:12:34.311+0000][info][gc,task     ] GC(284) Using 49 workers of 68 for evacuation
[2024-08-28T01:12:34.346+0000][info][gc,phases   ] GC(284)   Pre Evacuate Collection Set: 0.3ms
[2024-08-28T01:12:34.346+0000][info][gc,phases   ] GC(284)   Merge Heap Roots: 1.1ms
[2024-08-28T01:12:34.346+0000][info][gc,phases   ] GC(284)   Evacuate Collection Set: 32.5ms
[2024-08-28T01:12:34.346+0000][info][gc,phases   ] GC(284)   Post Evacuate Collection Set: 0.7ms
[2024-08-28T01:12:34.346+0000][info][gc,phases   ] GC(284)   Other: 0.4ms
[2024-08-28T01:12:34.346+0000][info][gc,heap     ] GC(284) Eden regions: 172->0(114)
[2024-08-28T01:12:34.346+0000][info][gc,heap     ] GC(284) Survivor regions: 33->26(26)
[2024-08-28T01:12:34.346+0000][info][gc,heap     ] GC(284) Old regions: 1267->1451
[2024-08-28T01:12:34.346+0000][info][gc,heap     ] GC(284) Archive regions: 2->2
[2024-08-28T01:12:34.346+0000][info][gc,heap     ] GC(284) Humongous regions: 5->5
[2024-08-28T01:12:34.346+0000][info][gc,metaspace] GC(284) Metaspace: 100K(320K)->100K(320K) NonClass: 96K(192K)->96K(192K) Class: 4K(128K)->4K(128K)
[2024-08-28T01:12:34.346+0000][info][gc          ] GC(284) Pause Young (Normal) (G1 Evacuation Pause) 1477M->1482M(2048M) 35.151ms
[2024-08-28T01:12:34.346+0000][info][gc,cpu      ] GC(284) User=1.63s Sys=0.00s Real=0.03s
[2024-08-28T01:12:34.405+0000][info][gc,start    ] GC(285) Pause Young (Concurrent Start) (G1 Evacuation Pause)
[2024-08-28T01:12:34.405+0000][info][gc,task     ] GC(285) Using 49 workers of 68 for evacuation
[2024-08-28T01:12:34.433+0000][info][gc,phases   ] GC(285)   Pre Evacuate Collection Set: 0.3ms
[2024-08-28T01:12:34.433+0000][info][gc,phases   ] GC(285)   Merge Heap Roots: 1.1ms
[2024-08-28T01:12:34.433+0000][info][gc,phases   ] GC(285)   Evacuate Collection Set: 24.3ms
[2024-08-28T01:12:34.433+0000][info][gc,phases   ] GC(285)   Post Evacuate Collection Set: 0.7ms
[2024-08-28T01:12:34.433+0000][info][gc,phases   ] GC(285)   Other: 1.3ms
[2024-08-28T01:12:34.433+0000][info][gc,heap     ] GC(285) Eden regions: 114->0(84)
[2024-08-28T01:12:34.433+0000][info][gc,heap     ] GC(285) Survivor regions: 26->18(18)
[2024-08-28T01:12:34.433+0000][info][gc,heap     ] GC(285) Old regions: 1451->1581
[2024-08-28T01:12:34.433+0000][info][gc,heap     ] GC(285) Archive regions: 2->2
[2024-08-28T01:12:34.433+0000][info][gc,heap     ] GC(285) Humongous regions: 5->5
[2024-08-28T01:12:34.433+0000][info][gc,metaspace] GC(285) Metaspace: 100K(320K)->100K(320K) NonClass: 96K(192K)->96K(192K) Class: 4K(128K)->4K(128K)
[2024-08-28T01:12:34.433+0000][info][gc          ] GC(285) Pause Young (Concurrent Start) (G1 Evacuation Pause) 1596M->1604M(2048M) 27.728ms
[2024-08-28T01:12:34.433+0000][info][gc,cpu      ] GC(285) User=1.22s Sys=0.01s Real=0.03s
[2024-08-28T01:12:34.433+0000][info][gc          ] GC(286) Concurrent Mark Cycle
[2024-08-28T01:12:34.433+0000][info][gc,marking  ] GC(286) Concurrent Clear Claimed Marks
[2024-08-28T01:12:34.433+0000][info][gc,marking  ] GC(286) Concurrent Clear Claimed Marks 0.008ms
[2024-08-28T01:12:34.433+0000][info][gc,marking  ] GC(286) Concurrent Scan Root Regions
[2024-08-28T01:12:34.437+0000][info][gc,marking  ] GC(286) Concurrent Scan Root Regions 3.581ms
[2024-08-28T01:12:34.437+0000][info][gc,marking  ] GC(286) Concurrent Mark
[2024-08-28T01:12:34.437+0000][info][gc,marking  ] GC(286) Concurrent Mark From Roots
[2024-08-28T01:12:34.437+0000][info][gc,task     ] GC(286) Using 17 workers of 17 for marking
[2024-08-28T01:12:34.455+0000][info][gc,marking  ] GC(286) Concurrent Mark From Roots 18.699ms
[2024-08-28T01:12:34.455+0000][info][gc,marking  ] GC(286) Concurrent Preclean
[2024-08-28T01:12:34.456+0000][info][gc,marking  ] GC(286) Concurrent Preclean 0.355ms
[2024-08-28T01:12:34.456+0000][info][gc,start    ] GC(286) Pause Remark
[2024-08-28T01:12:34.459+0000][info][gc          ] GC(286) Pause Remark 1626M->1365M(2048M) 2.864ms
[2024-08-28T01:12:34.459+0000][info][gc,cpu      ] GC(286) User=0.02s Sys=0.00s Real=0.01s
[2024-08-28T01:12:34.459+0000][info][gc,marking  ] GC(286) Concurrent Mark 22.549ms
[2024-08-28T01:12:34.459+0000][info][gc,marking  ] GC(286) Concurrent Rebuild Remembered Sets
[2024-08-28T01:12:34.510+0000][info][gc,marking  ] GC(286) Concurrent Rebuild Remembered Sets 51.145ms
[2024-08-28T01:12:34.511+0000][info][gc,start    ] GC(286) Pause Cleanup
[2024-08-28T01:12:34.517+0000][info][gc          ] GC(286) Pause Cleanup 1426M->1426M(2048M) 6.647ms
[2024-08-28T01:12:34.518+0000][info][gc,cpu      ] GC(286) User=0.01s Sys=0.00s Real=0.01s
[2024-08-28T01:12:34.518+0000][info][gc,marking  ] GC(286) Concurrent Cleanup for Next Mark
[2024-08-28T01:12:34.519+0000][info][gc,marking  ] GC(286) Concurrent Cleanup for Next Mark 1.440ms
[2024-08-28T01:12:34.519+0000][info][gc          ] GC(286) Concurrent Mark Cycle 86.282ms
[2024-08-28T01:12:34.520+0000][info][gc,start    ] GC(287) Pause Young (Prepare Mixed) (G1 Evacuation Pause)
[2024-08-28T01:12:34.520+0000][info][gc,task     ] GC(287) Using 49 workers of 68 for evacuation
[2024-08-28T01:12:34.539+0000][info][gc,phases   ] GC(287)   Pre Evacuate Collection Set: 0.3ms
[2024-08-28T01:12:34.539+0000][info][gc,phases   ] GC(287)   Merge Heap Roots: 1.0ms
[2024-08-28T01:12:34.539+0000][info][gc,phases   ] GC(287)   Evacuate Collection Set: 17.2ms
[2024-08-28T01:12:34.539+0000][info][gc,phases   ] GC(287)   Post Evacuate Collection Set: 0.6ms
[2024-08-28T01:12:34.539+0000][info][gc,phases   ] GC(287)   Other: 0.3ms
[2024-08-28T01:12:34.539+0000][info][gc,heap     ] GC(287) Eden regions: 84->0(89)
[2024-08-28T01:12:34.539+0000][info][gc,heap     ] GC(287) Survivor regions: 18->13(13)
[2024-08-28T01:12:34.540+0000][info][gc,heap     ] GC(287) Old regions: 1320->1419
[2024-08-28T01:12:34.540+0000][info][gc,heap     ] GC(287) Archive regions: 2->2
[2024-08-28T01:12:34.540+0000][info][gc,heap     ] GC(287) Humongous regions: 5->5
[2024-08-28T01:12:34.540+0000][info][gc,metaspace] GC(287) Metaspace: 100K(320K)->100K(320K) NonClass: 96K(192K)->96K(192K) Class: 4K(128K)->4K(128K)
[2024-08-28T01:12:34.540+0000][info][gc          ] GC(287) Pause Young (Prepare Mixed) (G1 Evacuation Pause) 1427M->1437M(2048M) 19.690ms
[2024-08-28T01:12:34.540+0000][info][gc,cpu      ] GC(287) User=0.88s Sys=0.00s Real=0.02s
[2024-08-28T01:12:34.585+0000][info][gc,start    ] GC(288) Pause Young (Mixed) (G1 Evacuation Pause)
[2024-08-28T01:12:34.586+0000][info][gc,task     ] GC(288) Using 49 workers of 68 for evacuation
[2024-08-28T01:12:34.605+0000][info][gc,phases   ] GC(288)   Pre Evacuate Collection Set: 0.5ms
[2024-08-28T01:12:34.605+0000][info][gc,phases   ] GC(288)   Merge Heap Roots: 0.8ms
[2024-08-28T01:12:34.605+0000][info][gc,phases   ] GC(288)   Evacuate Collection Set: 17.2ms
[2024-08-28T01:12:34.605+0000][info][gc,phases   ] GC(288)   Post Evacuate Collection Set: 0.8ms
[2024-08-28T01:12:34.605+0000][info][gc,phases   ] GC(288)   Other: 0.4ms
[2024-08-28T01:12:34.605+0000][info][gc,heap     ] GC(288) Eden regions: 89->0(89)
[2024-08-28T01:12:34.605+0000][info][gc,heap     ] GC(288) Survivor regions: 13->13(13)
[2024-08-28T01:12:34.605+0000][info][gc,heap     ] GC(288) Old regions: 1419->1205
[2024-08-28T01:12:34.605+0000][info][gc,heap     ] GC(288) Archive regions: 2->2
[2024-08-28T01:12:34.605+0000][info][gc,heap     ] GC(288) Humongous regions: 5->5
[2024-08-28T01:12:34.605+0000][info][gc,metaspace] GC(288) Metaspace: 100K(320K)->100K(320K) NonClass: 96K(192K)->96K(192K) Class: 4K(128K)->4K(128K)
[2024-08-28T01:12:34.605+0000][info][gc          ] GC(288) Pause Young (Mixed) (G1 Evacuation Pause) 1526M->1223M(2048M) 19.845ms
[2024-08-28T01:12:34.605+0000][info][gc,cpu      ] GC(288) User=0.86s Sys=0.01s Real=0.02s
[2024-08-28T01:12:34.651+0000][info][gc,start    ] GC(289) Pause Young (Mixed) (G1 Evacuation Pause)
[2024-08-28T01:12:34.651+0000][info][gc,task     ] GC(289) Using 49 workers of 68 for evacuation
[2024-08-28T01:12:34.670+0000][info][gc,phases   ] GC(289)   Pre Evacuate Collection Set: 0.4ms
[2024-08-28T01:12:34.670+0000][info][gc,phases   ] GC(289)   Merge Heap Roots: 0.8ms
[2024-08-28T01:12:34.670+0000][info][gc,phases   ] GC(289)   Evacuate Collection Set: 16.9ms
[2024-08-28T01:12:34.670+0000][info][gc,phases   ] GC(289)   Post Evacuate Collection Set: 0.8ms
[2024-08-28T01:12:34.670+0000][info][gc,phases   ] GC(289)   Other: 0.3ms
[2024-08-28T01:12:34.670+0000][info][gc,heap     ] GC(289) Eden regions: 89->0(89)
[2024-08-28T01:12:34.670+0000][info][gc,heap     ] GC(289) Survivor regions: 13->13(13)
[2024-08-28T01:12:34.670+0000][info][gc,heap     ] GC(289) Old regions: 1205->990
[2024-08-28T01:12:34.670+0000][info][gc,heap     ] GC(289) Archive regions: 2->2
[2024-08-28T01:12:34.670+0000][info][gc,heap     ] GC(289) Humongous regions: 5->5
[2024-08-28T01:12:34.670+0000][info][gc,metaspace] GC(289) Metaspace: 100K(320K)->100K(320K) NonClass: 96K(192K)->96K(192K) Class: 4K(128K)->4K(128K)
[2024-08-28T01:12:34.670+0000][info][gc          ] GC(289) Pause Young (Mixed) (G1 Evacuation Pause) 1312M->1008M(2048M) 19.373ms
[2024-08-28T01:12:34.670+0000][info][gc,cpu      ] GC(289) User=0.86s Sys=0.00s Real=0.02s
[2024-08-28T01:12:34.715+0000][info][gc,start    ] GC(290) Pause Young (Mixed) (G1 Evacuation Pause)
[2024-08-28T01:12:34.715+0000][info][gc,task     ] GC(290) Using 49 workers of 68 for evacuation
[2024-08-28T01:12:34.734+0000][info][gc,phases   ] GC(290)   Pre Evacuate Collection Set: 0.4ms
[2024-08-28T01:12:34.734+0000][info][gc,phases   ] GC(290)   Merge Heap Roots: 0.9ms
[2024-08-28T01:12:34.734+0000][info][gc,phases   ] GC(290)   Evacuate Collection Set: 16.6ms
[2024-08-28T01:12:34.734+0000][info][gc,phases   ] GC(290)   Post Evacuate Collection Set: 0.7ms
[2024-08-28T01:12:34.734+0000][info][gc,phases   ] GC(290)   Other: 0.3ms
[2024-08-28T01:12:34.734+0000][info][gc,heap     ] GC(290) Eden regions: 89->0(293)
[2024-08-28T01:12:34.734+0000][info][gc,heap     ] GC(290) Survivor regions: 13->13(13)
[2024-08-28T01:12:34.734+0000][info][gc,heap     ] GC(290) Old regions: 990->912
[2024-08-28T01:12:34.734+0000][info][gc,heap     ] GC(290) Archive regions: 2->2
[2024-08-28T01:12:34.734+0000][info][gc,heap     ] GC(290) Humongous regions: 5->5
[2024-08-28T01:12:34.734+0000][info][gc,metaspace] GC(290) Metaspace: 100K(320K)->100K(320K) NonClass: 96K(192K)->96K(192K) Class: 4K(128K)->4K(128K)
[2024-08-28T01:12:34.734+0000][info][gc          ] GC(290) Pause Young (Mixed) (G1 Evacuation Pause) 1097M->930M(2048M) 19.038ms
[2024-08-28T01:12:34.734+0000][info][gc,cpu      ] GC(290) User=0.84s Sys=0.00s Real=0.02s
[2024-08-28T01:12:34.879+0000][info][gc,start    ] GC(291) Pause Young (Normal) (G1 Evacuation Pause)
[2024-08-28T01:12:34.879+0000][info][gc,task     ] GC(291) Using 49 workers of 68 for evacuation
[2024-08-28T01:12:34.924+0000][info][gc,phases   ] GC(291)   Pre Evacuate Collection Set: 0.3ms
[2024-08-28T01:12:34.924+0000][info][gc,phases   ] GC(291)   Merge Heap Roots: 1.2ms
[2024-08-28T01:12:34.924+0000][info][gc,phases   ] GC(291)   Evacuate Collection Set: 42.3ms
[2024-08-28T01:12:34.924+0000][info][gc,phases   ] GC(291)   Post Evacuate Collection Set: 0.7ms
[2024-08-28T01:12:34.924+0000][info][gc,phases   ] GC(291)   Other: 0.3ms
[2024-08-28T01:12:34.924+0000][info][gc,heap     ] GC(291) Eden regions: 293->0(201)
[2024-08-28T01:12:34.924+0000][info][gc,heap     ] GC(291) Survivor regions: 13->39(39)
[2024-08-28T01:12:34.924+0000][info][gc,heap     ] GC(291) Old regions: 912->1171
[2024-08-28T01:12:34.924+0000][info][gc,heap     ] GC(291) Archive regions: 2->2
[2024-08-28T01:12:34.924+0000][info][gc,heap     ] GC(291) Humongous regions: 5->5
[2024-08-28T01:12:34.924+0000][info][gc,metaspace] GC(291) Metaspace: 100K(320K)->100K(320K) NonClass: 96K(192K)->96K(192K) Class: 4K(128K)->4K(128K)
[2024-08-28T01:12:34.924+0000][info][gc          ] GC(291) Pause Young (Normal) (G1 Evacuation Pause) 1223M->1215M(2048M) 45.040ms
[2024-08-28T01:12:34.924+0000][info][gc,cpu      ] GC(291) User=1.97s Sys=0.15s Real=0.04s
[2024-08-28T01:12:35.021+0000][info][gc,start    ] GC(292) Pause Young (Normal) (G1 Evacuation Pause)
[2024-08-28T01:12:35.021+0000][info][gc,task     ] GC(292) Using 49 workers of 68 for evacuation
[2024-08-28T01:12:35.060+0000][info][gc,phases   ] GC(292)   Pre Evacuate Collection Set: 0.3ms
[2024-08-28T01:12:35.060+0000][info][gc,phases   ] GC(292)   Merge Heap Roots: 1.1ms
[2024-08-28T01:12:35.060+0000][info][gc,phases   ] GC(292)   Evacuate Collection Set: 36.3ms
[2024-08-28T01:12:35.060+0000][info][gc,phases   ] GC(292)   Post Evacuate Collection Set: 0.7ms
[2024-08-28T01:12:35.060+0000][info][gc,phases   ] GC(292)   Other: 0.3ms
[2024-08-28T01:12:35.060+0000][info][gc,heap     ] GC(292) Eden regions: 201->0(135)
[2024-08-28T01:12:35.060+0000][info][gc,heap     ] GC(292) Survivor regions: 39->30(30)
[2024-08-28T01:12:35.060+0000][info][gc,heap     ] GC(292) Old regions: 1171->1382
[2024-08-28T01:12:35.060+0000][info][gc,heap     ] GC(292) Archive regions: 2->2
[2024-08-28T01:12:35.060+0000][info][gc,heap     ] GC(292) Humongous regions: 5->5
[2024-08-28T01:12:35.060+0000][info][gc,metaspace] GC(292) Metaspace: 100K(320K)->100K(320K) NonClass: 96K(192K)->96K(192K) Class: 4K(128K)->4K(128K)
[2024-08-28T01:12:35.060+0000][info][gc          ] GC(292) Pause Young (Normal) (G1 Evacuation Pause) 1416M->1417M(2048M) 38.827ms
[2024-08-28T01:12:35.060+0000][info][gc,cpu      ] GC(292) User=1.80s Sys=0.02s Real=0.04s
[2024-08-28T01:12:35.127+0000][info][gc,start    ] GC(293) Pause Young (Concurrent Start) (G1 Evacuation Pause)
[2024-08-28T01:12:35.127+0000][info][gc,task     ] GC(293) Using 49 workers of 68 for evacuation
[2024-08-28T01:12:35.157+0000][info][gc,phases   ] GC(293)   Pre Evacuate Collection Set: 0.3ms
[2024-08-28T01:12:35.157+0000][info][gc,phases   ] GC(293)   Merge Heap Roots: 1.0ms
[2024-08-28T01:12:35.157+0000][info][gc,phases   ] GC(293)   Evacuate Collection Set: 27.4ms
[2024-08-28T01:12:35.157+0000][info][gc,phases   ] GC(293)   Post Evacuate Collection Set: 0.6ms
[2024-08-28T01:12:35.157+0000][info][gc,phases   ] GC(293)   Other: 1.1ms
[2024-08-28T01:12:35.157+0000][info][gc,heap     ] GC(293) Eden regions: 135->0(90)
[2024-08-28T01:12:35.157+0000][info][gc,heap     ] GC(293) Survivor regions: 30->21(21)
[2024-08-28T01:12:35.157+0000][info][gc,heap     ] GC(293) Old regions: 1382->1532
[2024-08-28T01:12:35.157+0000][info][gc,heap     ] GC(293) Archive regions: 2->2
[2024-08-28T01:12:35.157+0000][info][gc,heap     ] GC(293) Humongous regions: 5->5
[2024-08-28T01:12:35.157+0000][info][gc,metaspace] GC(293) Metaspace: 100K(320K)->100K(320K) NonClass: 96K(192K)->96K(192K) Class: 4K(128K)->4K(128K)
[2024-08-28T01:12:35.157+0000][info][gc          ] GC(293) Pause Young (Concurrent Start) (G1 Evacuation Pause) 1552M->1558M(2048M) 30.437ms
[2024-08-28T01:12:35.157+0000][info][gc,cpu      ] GC(293) User=1.37s Sys=0.00s Real=0.03s
[2024-08-28T01:12:35.157+0000][info][gc          ] GC(294) Concurrent Mark Cycle
[2024-08-28T01:12:35.157+0000][info][gc,marking  ] GC(294) Concurrent Clear Claimed Marks
[2024-08-28T01:12:35.157+0000][info][gc,marking  ] GC(294) Concurrent Clear Claimed Marks 0.022ms
[2024-08-28T01:12:35.157+0000][info][gc,marking  ] GC(294) Concurrent Scan Root Regions
[2024-08-28T01:12:35.162+0000][info][gc,marking  ] GC(294) Concurrent Scan Root Regions 4.223ms
[2024-08-28T01:12:35.162+0000][info][gc,marking  ] GC(294) Concurrent Mark
[2024-08-28T01:12:35.162+0000][info][gc,marking  ] GC(294) Concurrent Mark From Roots
[2024-08-28T01:12:35.162+0000][info][gc,task     ] GC(294) Using 17 workers of 17 for marking
[2024-08-28T01:12:35.179+0000][info][gc,marking  ] GC(294) Concurrent Mark From Roots 17.385ms
[2024-08-28T01:12:35.179+0000][info][gc,marking  ] GC(294) Concurrent Preclean
[2024-08-28T01:12:35.180+0000][info][gc,marking  ] GC(294) Concurrent Preclean 0.505ms
[2024-08-28T01:12:35.180+0000][info][gc,start    ] GC(294) Pause Remark
[2024-08-28T01:12:35.183+0000][info][gc          ] GC(294) Pause Remark 1579M->1362M(2048M) 2.761ms
[2024-08-28T01:12:35.183+0000][info][gc,cpu      ] GC(294) User=0.03s Sys=0.01s Real=0.00s
[2024-08-28T01:12:35.183+0000][info][gc,marking  ] GC(294) Concurrent Mark 21.209ms
[2024-08-28T01:12:35.183+0000][info][gc,marking  ] GC(294) Concurrent Rebuild Remembered Sets
[2024-08-28T01:12:35.234+0000][info][gc,marking  ] GC(294) Concurrent Rebuild Remembered Sets 50.611ms
[2024-08-28T01:12:35.234+0000][info][gc,start    ] GC(294) Pause Cleanup
[2024-08-28T01:12:35.239+0000][info][gc          ] GC(294) Pause Cleanup 1426M->1426M(2048M) 5.404ms
[2024-08-28T01:12:35.240+0000][info][gc,cpu      ] GC(294) User=0.02s Sys=0.00s Real=0.01s
[2024-08-28T01:12:35.240+0000][info][gc,marking  ] GC(294) Concurrent Cleanup for Next Mark
[2024-08-28T01:12:35.241+0000][info][gc,marking  ] GC(294) Concurrent Cleanup for Next Mark 1.388ms
[2024-08-28T01:12:35.241+0000][info][gc          ] GC(294) Concurrent Mark Cycle 83.717ms
[2024-08-28T01:12:35.244+0000][info][gc,start    ] GC(295) Pause Young (Prepare Mixed) (G1 Evacuation Pause)
[2024-08-28T01:12:35.244+0000][info][gc,task     ] GC(295) Using 49 workers of 68 for evacuation
[2024-08-28T01:12:35.265+0000][info][gc,phases   ] GC(295)   Pre Evacuate Collection Set: 0.3ms
[2024-08-28T01:12:35.265+0000][info][gc,phases   ] GC(295)   Merge Heap Roots: 1.0ms
[2024-08-28T01:12:35.265+0000][info][gc,phases   ] GC(295)   Evacuate Collection Set: 18.5ms
[2024-08-28T01:12:35.265+0000][info][gc,phases   ] GC(295)   Post Evacuate Collection Set: 0.6ms
[2024-08-28T01:12:35.265+0000][info][gc,phases   ] GC(295)   Other: 0.2ms
[2024-08-28T01:12:35.265+0000][info][gc,heap     ] GC(295) Eden regions: 90->0(88)
[2024-08-28T01:12:35.265+0000][info][gc,heap     ] GC(295) Survivor regions: 21->14(14)
[2024-08-28T01:12:35.265+0000][info][gc,heap     ] GC(295) Old regions: 1315->1421
[2024-08-28T01:12:35.265+0000][info][gc,heap     ] GC(295) Archive regions: 2->2
[2024-08-28T01:12:35.265+0000][info][gc,heap     ] GC(295) Humongous regions: 5->5
[2024-08-28T01:12:35.265+0000][info][gc,metaspace] GC(295) Metaspace: 100K(320K)->100K(320K) NonClass: 96K(192K)->96K(192K) Class: 4K(128K)->4K(128K)
[2024-08-28T01:12:35.265+0000][info][gc          ] GC(295) Pause Young (Prepare Mixed) (G1 Evacuation Pause) 1431M->1440M(2048M) 20.890ms
[2024-08-28T01:12:35.265+0000][info][gc,cpu      ] GC(295) User=0.95s Sys=0.01s Real=0.02s
[2024-08-28T01:12:35.309+0000][info][gc,start    ] GC(296) Pause Young (Mixed) (G1 Evacuation Pause)
[2024-08-28T01:12:35.309+0000][info][gc,task     ] GC(296) Using 49 workers of 68 for evacuation
[2024-08-28T01:12:35.330+0000][info][gc,phases   ] GC(296)   Pre Evacuate Collection Set: 0.5ms
[2024-08-28T01:12:35.330+0000][info][gc,phases   ] GC(296)   Merge Heap Roots: 0.8ms
[2024-08-28T01:12:35.330+0000][info][gc,phases   ] GC(296)   Evacuate Collection Set: 18.3ms
[2024-08-28T01:12:35.330+0000][info][gc,phases   ] GC(296)   Post Evacuate Collection Set: 0.8ms
[2024-08-28T01:12:35.330+0000][info][gc,phases   ] GC(296)   Other: 0.4ms
[2024-08-28T01:12:35.330+0000][info][gc,heap     ] GC(296) Eden regions: 88->0(89)
[2024-08-28T01:12:35.330+0000][info][gc,heap     ] GC(296) Survivor regions: 14->13(13)
[2024-08-28T01:12:35.330+0000][info][gc,heap     ] GC(296) Old regions: 1421->1209
[2024-08-28T01:12:35.330+0000][info][gc,heap     ] GC(296) Archive regions: 2->2
[2024-08-28T01:12:35.330+0000][info][gc,heap     ] GC(296) Humongous regions: 5->5
[2024-08-28T01:12:35.330+0000][info][gc,metaspace] GC(296) Metaspace: 100K(320K)->100K(320K) NonClass: 96K(192K)->96K(192K) Class: 4K(128K)->4K(128K)
[2024-08-28T01:12:35.330+0000][info][gc          ] GC(296) Pause Young (Mixed) (G1 Evacuation Pause) 1528M->1227M(2048M) 20.926ms
[2024-08-28T01:12:35.330+0000][info][gc,cpu      ] GC(296) User=0.91s Sys=0.02s Real=0.03s
[2024-08-28T01:12:35.376+0000][info][gc,start    ] GC(297) Pause Young (Mixed) (G1 Evacuation Pause)
[2024-08-28T01:12:35.376+0000][info][gc,task     ] GC(297) Using 49 workers of 68 for evacuation
[2024-08-28T01:12:35.396+0000][info][gc,phases   ] GC(297)   Pre Evacuate Collection Set: 0.5ms
[2024-08-28T01:12:35.396+0000][info][gc,phases   ] GC(297)   Merge Heap Roots: 0.9ms
[2024-08-28T01:12:35.396+0000][info][gc,phases   ] GC(297)   Evacuate Collection Set: 17.9ms
[2024-08-28T01:12:35.396+0000][info][gc,phases   ] GC(297)   Post Evacuate Collection Set: 0.9ms
[2024-08-28T01:12:35.396+0000][info][gc,phases   ] GC(297)   Other: 0.4ms
[2024-08-28T01:12:35.396+0000][info][gc,heap     ] GC(297) Eden regions: 89->0(89)
[2024-08-28T01:12:35.396+0000][info][gc,heap     ] GC(297) Survivor regions: 13->13(13)
[2024-08-28T01:12:35.396+0000][info][gc,heap     ] GC(297) Old regions: 1209->995
[2024-08-28T01:12:35.396+0000][info][gc,heap     ] GC(297) Archive regions: 2->2
[2024-08-28T01:12:35.396+0000][info][gc,heap     ] GC(297) Humongous regions: 5->5
[2024-08-28T01:12:35.396+0000][info][gc,metaspace] GC(297) Metaspace: 100K(320K)->100K(320K) NonClass: 96K(192K)->96K(192K) Class: 4K(128K)->4K(128K)
[2024-08-28T01:12:35.397+0000][info][gc          ] GC(297) Pause Young (Mixed) (G1 Evacuation Pause) 1316M->1013M(2048M) 20.699ms
[2024-08-28T01:12:35.397+0000][info][gc,cpu      ] GC(297) User=0.88s Sys=0.04s Real=0.02s
[2024-08-28T01:12:35.442+0000][info][gc,start    ] GC(298) Pause Young (Mixed) (G1 Evacuation Pause)
[2024-08-28T01:12:35.443+0000][info][gc,task     ] GC(298) Using 49 workers of 68 for evacuation
[2024-08-28T01:12:35.466+0000][info][gc,phases   ] GC(298)   Pre Evacuate Collection Set: 0.4ms
[2024-08-28T01:12:35.466+0000][info][gc,phases   ] GC(298)   Merge Heap Roots: 1.0ms
[2024-08-28T01:12:35.466+0000][info][gc,phases   ] GC(298)   Evacuate Collection Set: 21.0ms
[2024-08-28T01:12:35.466+0000][info][gc,phases   ] GC(298)   Post Evacuate Collection Set: 0.8ms
[2024-08-28T01:12:35.466+0000][info][gc,phases   ] GC(298)   Other: 0.4ms
[2024-08-28T01:12:35.466+0000][info][gc,heap     ] GC(298) Eden regions: 89->0(292)
[2024-08-28T01:12:35.466+0000][info][gc,heap     ] GC(298) Survivor regions: 13->13(13)
[2024-08-28T01:12:35.466+0000][info][gc,heap     ] GC(298) Old regions: 995->916
[2024-08-28T01:12:35.466+0000][info][gc,heap     ] GC(298) Archive regions: 2->2
[2024-08-28T01:12:35.466+0000][info][gc,heap     ] GC(298) Humongous regions: 5->5
[2024-08-28T01:12:35.466+0000][info][gc,metaspace] GC(298) Metaspace: 100K(320K)->100K(320K) NonClass: 96K(192K)->96K(192K) Class: 4K(128K)->4K(128K)
[2024-08-28T01:12:35.466+0000][info][gc          ] GC(298) Pause Young (Mixed) (G1 Evacuation Pause) 1102M->934M(2048M) 23.793ms
[2024-08-28T01:12:35.466+0000][info][gc,cpu      ] GC(298) User=1.06s Sys=0.01s Real=0.02s
[2024-08-28T01:12:35.612+0000][info][gc,start    ] GC(299) Pause Young (Normal) (G1 Evacuation Pause)
[2024-08-28T01:12:35.612+0000][info][gc,task     ] GC(299) Using 49 workers of 68 for evacuation
[2024-08-28T01:12:35.661+0000][info][gc,phases   ] GC(299)   Pre Evacuate Collection Set: 0.3ms
[2024-08-28T01:12:35.661+0000][info][gc,phases   ] GC(299)   Merge Heap Roots: 1.4ms
[2024-08-28T01:12:35.661+0000][info][gc,phases   ] GC(299)   Evacuate Collection Set: 46.5ms
[2024-08-28T01:12:35.661+0000][info][gc,phases   ] GC(299)   Post Evacuate Collection Set: 0.8ms
[2024-08-28T01:12:35.661+0000][info][gc,phases   ] GC(299)   Other: 0.4ms
[2024-08-28T01:12:35.661+0000][info][gc,heap     ] GC(299) Eden regions: 292->0(199)
[2024-08-28T01:12:35.661+0000][info][gc,heap     ] GC(299) Survivor regions: 13->39(39)
[2024-08-28T01:12:35.661+0000][info][gc,heap     ] GC(299) Old regions: 916->1175
[2024-08-28T01:12:35.661+0000][info][gc,heap     ] GC(299) Archive regions: 2->2
[2024-08-28T01:12:35.662+0000][info][gc,heap     ] GC(299) Humongous regions: 5->5
[2024-08-28T01:12:35.662+0000][info][gc,metaspace] GC(299) Metaspace: 100K(320K)->100K(320K) NonClass: 96K(192K)->96K(192K) Class: 4K(128K)->4K(128K)
[2024-08-28T01:12:35.662+0000][info][gc          ] GC(299) Pause Young (Normal) (G1 Evacuation Pause) 1226M->1219M(2048M) 49.555ms
[2024-08-28T01:12:35.662+0000][info][gc,cpu      ] GC(299) User=2.31s Sys=0.00s Real=0.05s
[2024-08-28T01:12:35.762+0000][info][gc,start    ] GC(300) Pause Young (Normal) (G1 Evacuation Pause)
[2024-08-28T01:12:35.762+0000][info][gc,task     ] GC(300) Using 49 workers of 68 for evacuation
[2024-08-28T01:12:35.803+0000][info][gc,phases   ] GC(300)   Pre Evacuate Collection Set: 0.3ms
[2024-08-28T01:12:35.803+0000][info][gc,phases   ] GC(300)   Merge Heap Roots: 1.1ms
[2024-08-28T01:12:35.803+0000][info][gc,phases   ] GC(300)   Evacuate Collection Set: 38.1ms
[2024-08-28T01:12:35.803+0000][info][gc,phases   ] GC(300)   Post Evacuate Collection Set: 0.7ms
[2024-08-28T01:12:35.803+0000][info][gc,phases   ] GC(300)   Other: 0.4ms
[2024-08-28T01:12:35.803+0000][info][gc,heap     ] GC(300) Eden regions: 199->0(135)
[2024-08-28T01:12:35.803+0000][info][gc,heap     ] GC(300) Survivor regions: 39->30(30)
[2024-08-28T01:12:35.803+0000][info][gc,heap     ] GC(300) Old regions: 1175->1383
[2024-08-28T01:12:35.803+0000][info][gc,heap     ] GC(300) Archive regions: 2->2
[2024-08-28T01:12:35.803+0000][info][gc,heap     ] GC(300) Humongous regions: 5->5
[2024-08-28T01:12:35.803+0000][info][gc,metaspace] GC(300) Metaspace: 100K(320K)->100K(320K) NonClass: 96K(192K)->96K(192K) Class: 4K(128K)->4K(128K)
[2024-08-28T01:12:35.803+0000][info][gc          ] GC(300) Pause Young (Normal) (G1 Evacuation Pause) 1418M->1418M(2048M) 40.792ms
[2024-08-28T01:12:35.803+0000][info][gc,cpu      ] GC(300) User=1.91s Sys=0.00s Real=0.04s
[2024-08-28T01:12:35.873+0000][info][gc,start    ] GC(301) Pause Young (Concurrent Start) (G1 Evacuation Pause)
[2024-08-28T01:12:35.873+0000][info][gc,task     ] GC(301) Using 49 workers of 68 for evacuation
[2024-08-28T01:12:35.904+0000][info][gc,phases   ] GC(301)   Pre Evacuate Collection Set: 0.3ms
[2024-08-28T01:12:35.904+0000][info][gc,phases   ] GC(301)   Merge Heap Roots: 1.0ms
[2024-08-28T01:12:35.904+0000][info][gc,phases   ] GC(301)   Evacuate Collection Set: 28.0ms
[2024-08-28T01:12:35.904+0000][info][gc,phases   ] GC(301)   Post Evacuate Collection Set: 0.7ms
[2024-08-28T01:12:35.904+0000][info][gc,phases   ] GC(301)   Other: 1.3ms
[2024-08-28T01:12:35.904+0000][info][gc,heap     ] GC(301) Eden regions: 135->0(90)
[2024-08-28T01:12:35.904+0000][info][gc,heap     ] GC(301) Survivor regions: 30->21(21)
[2024-08-28T01:12:35.904+0000][info][gc,heap     ] GC(301) Old regions: 1383->1531
[2024-08-28T01:12:35.904+0000][info][gc,heap     ] GC(301) Archive regions: 2->2
[2024-08-28T01:12:35.904+0000][info][gc,heap     ] GC(301) Humongous regions: 5->5
[2024-08-28T01:12:35.904+0000][info][gc,metaspace] GC(301) Metaspace: 100K(320K)->100K(320K) NonClass: 96K(192K)->96K(192K) Class: 4K(128K)->4K(128K)
[2024-08-28T01:12:35.904+0000][info][gc          ] GC(301) Pause Young (Concurrent Start) (G1 Evacuation Pause) 1553M->1557M(2048M) 31.388ms
[2024-08-28T01:12:35.904+0000][info][gc,cpu      ] GC(301) User=1.41s Sys=0.00s Real=0.03s
[2024-08-28T01:12:35.904+0000][info][gc          ] GC(302) Concurrent Mark Cycle
[2024-08-28T01:12:35.905+0000][info][gc,marking  ] GC(302) Concurrent Clear Claimed Marks
[2024-08-28T01:12:35.905+0000][info][gc,marking  ] GC(302) Concurrent Clear Claimed Marks 0.010ms
[2024-08-28T01:12:35.905+0000][info][gc,marking  ] GC(302) Concurrent Scan Root Regions
[2024-08-28T01:12:35.909+0000][info][gc,marking  ] GC(302) Concurrent Scan Root Regions 4.309ms
[2024-08-28T01:12:35.909+0000][info][gc,marking  ] GC(302) Concurrent Mark
[2024-08-28T01:12:35.909+0000][info][gc,marking  ] GC(302) Concurrent Mark From Roots
[2024-08-28T01:12:35.909+0000][info][gc,task     ] GC(302) Using 17 workers of 17 for marking
[2024-08-28T01:12:35.927+0000][info][gc,marking  ] GC(302) Concurrent Mark From Roots 18.432ms
[2024-08-28T01:12:35.927+0000][info][gc,marking  ] GC(302) Concurrent Preclean
[2024-08-28T01:12:35.928+0000][info][gc,marking  ] GC(302) Concurrent Preclean 0.706ms
[2024-08-28T01:12:35.929+0000][info][gc,start    ] GC(302) Pause Remark
[2024-08-28T01:12:35.931+0000][info][gc          ] GC(302) Pause Remark 1579M->1362M(2048M) 2.848ms
[2024-08-28T01:12:35.931+0000][info][gc,cpu      ] GC(302) User=0.02s Sys=0.00s Real=0.01s
[2024-08-28T01:12:35.931+0000][info][gc,marking  ] GC(302) Concurrent Mark 22.599ms
[2024-08-28T01:12:35.932+0000][info][gc,marking  ] GC(302) Concurrent Rebuild Remembered Sets
[2024-08-28T01:12:35.983+0000][info][gc,marking  ] GC(302) Concurrent Rebuild Remembered Sets 51.289ms
[2024-08-28T01:12:35.983+0000][info][gc,start    ] GC(302) Pause Cleanup
[2024-08-28T01:12:35.990+0000][info][gc          ] GC(302) Pause Cleanup 1424M->1424M(2048M) 6.341ms
[2024-08-28T01:12:35.990+0000][info][gc,cpu      ] GC(302) User=0.01s Sys=0.00s Real=0.01s
[2024-08-28T01:12:35.990+0000][info][gc,marking  ] GC(302) Concurrent Cleanup for Next Mark
[2024-08-28T01:12:35.991+0000][info][gc,marking  ] GC(302) Concurrent Cleanup for Next Mark 1.442ms
[2024-08-28T01:12:35.991+0000][info][gc          ] GC(302) Concurrent Mark Cycle 86.918ms
[2024-08-28T01:12:35.995+0000][info][gc,start    ] GC(303) Pause Young (Prepare Mixed) (G1 Evacuation Pause)
[2024-08-28T01:12:35.995+0000][info][gc,task     ] GC(303) Using 49 workers of 68 for evacuation
[2024-08-28T01:12:36.016+0000][info][gc,phases   ] GC(303)   Pre Evacuate Collection Set: 0.3ms
[2024-08-28T01:12:36.016+0000][info][gc,phases   ] GC(303)   Merge Heap Roots: 1.0ms
[2024-08-28T01:12:36.016+0000][info][gc,phases   ] GC(303)   Evacuate Collection Set: 18.9ms
[2024-08-28T01:12:36.016+0000][info][gc,phases   ] GC(303)   Post Evacuate Collection Set: 0.6ms
[2024-08-28T01:12:36.016+0000][info][gc,phases   ] GC(303)   Other: 0.3ms
[2024-08-28T01:12:36.016+0000][info][gc,heap     ] GC(303) Eden regions: 90->0(88)
[2024-08-28T01:12:36.016+0000][info][gc,heap     ] GC(303) Survivor regions: 21->14(14)
[2024-08-28T01:12:36.016+0000][info][gc,heap     ] GC(303) Old regions: 1314->1420
[2024-08-28T01:12:36.016+0000][info][gc,heap     ] GC(303) Archive regions: 2->2
[2024-08-28T01:12:36.016+0000][info][gc,heap     ] GC(303) Humongous regions: 5->5
[2024-08-28T01:12:36.016+0000][info][gc,metaspace] GC(303) Metaspace: 100K(320K)->100K(320K) NonClass: 96K(192K)->96K(192K) Class: 4K(128K)->4K(128K)
[2024-08-28T01:12:36.016+0000][info][gc          ] GC(303) Pause Young (Prepare Mixed) (G1 Evacuation Pause) 1430M->1439M(2048M) 21.185ms
[2024-08-28T01:12:36.016+0000][info][gc,cpu      ] GC(303) User=0.96s Sys=0.00s Real=0.02s
[2024-08-28T01:12:36.061+0000][info][gc,start    ] GC(304) Pause Young (Mixed) (G1 Evacuation Pause)
[2024-08-28T01:12:36.061+0000][info][gc,task     ] GC(304) Using 49 workers of 68 for evacuation
[2024-08-28T01:12:36.082+0000][info][gc,phases   ] GC(304)   Pre Evacuate Collection Set: 0.5ms
[2024-08-28T01:12:36.082+0000][info][gc,phases   ] GC(304)   Merge Heap Roots: 0.8ms
[2024-08-28T01:12:36.082+0000][info][gc,phases   ] GC(304)   Evacuate Collection Set: 18.1ms
[2024-08-28T01:12:36.082+0000][info][gc,phases   ] GC(304)   Post Evacuate Collection Set: 0.8ms
[2024-08-28T01:12:36.082+0000][info][gc,phases   ] GC(304)   Other: 0.4ms
[2024-08-28T01:12:36.082+0000][info][gc,heap     ] GC(304) Eden regions: 88->0(89)
[2024-08-28T01:12:36.082+0000][info][gc,heap     ] GC(304) Survivor regions: 14->13(13)
[2024-08-28T01:12:36.082+0000][info][gc,heap     ] GC(304) Old regions: 1420->1207
[2024-08-28T01:12:36.082+0000][info][gc,heap     ] GC(304) Archive regions: 2->2
[2024-08-28T01:12:36.082+0000][info][gc,heap     ] GC(304) Humongous regions: 5->5
[2024-08-28T01:12:36.082+0000][info][gc,metaspace] GC(304) Metaspace: 100K(320K)->100K(320K) NonClass: 96K(192K)->96K(192K) Class: 4K(128K)->4K(128K)
[2024-08-28T01:12:36.082+0000][info][gc          ] GC(304) Pause Young (Mixed) (G1 Evacuation Pause) 1527M->1225M(2048M) 20.778ms
[2024-08-28T01:12:36.082+0000][info][gc,cpu      ] GC(304) User=0.91s Sys=0.00s Real=0.02s
[2024-08-28T01:12:36.129+0000][info][gc,start    ] GC(305) Pause Young (Mixed) (G1 Evacuation Pause)
[2024-08-28T01:12:36.130+0000][info][gc,task     ] GC(305) Using 49 workers of 68 for evacuation
[2024-08-28T01:12:36.150+0000][info][gc,phases   ] GC(305)   Pre Evacuate Collection Set: 0.5ms
[2024-08-28T01:12:36.150+0000][info][gc,phases   ] GC(305)   Merge Heap Roots: 0.9ms
[2024-08-28T01:12:36.150+0000][info][gc,phases   ] GC(305)   Evacuate Collection Set: 18.3ms
[2024-08-28T01:12:36.151+0000][info][gc,phases   ] GC(305)   Post Evacuate Collection Set: 0.9ms
[2024-08-28T01:12:36.151+0000][info][gc,phases   ] GC(305)   Other: 0.4ms
[2024-08-28T01:12:36.151+0000][info][gc,heap     ] GC(305) Eden regions: 89->0(89)
[2024-08-28T01:12:36.151+0000][info][gc,heap     ] GC(305) Survivor regions: 13->13(13)
[2024-08-28T01:12:36.151+0000][info][gc,heap     ] GC(305) Old regions: 1207->992
[2024-08-28T01:12:36.151+0000][info][gc,heap     ] GC(305) Archive regions: 2->2
[2024-08-28T01:12:36.151+0000][info][gc,heap     ] GC(305) Humongous regions: 5->5
[2024-08-28T01:12:36.151+0000][info][gc,metaspace] GC(305) Metaspace: 100K(320K)->100K(320K) NonClass: 96K(192K)->96K(192K) Class: 4K(128K)->4K(128K)
[2024-08-28T01:12:36.151+0000][info][gc          ] GC(305) Pause Young (Mixed) (G1 Evacuation Pause) 1314M->1010M(2048M) 21.228ms
[2024-08-28T01:12:36.151+0000][info][gc,cpu      ] GC(305) User=0.91s Sys=0.02s Real=0.03s
[2024-08-28T01:12:36.199+0000][info][gc,start    ] GC(306) Pause Young (Mixed) (G1 Evacuation Pause)
[2024-08-28T01:12:36.199+0000][info][gc,task     ] GC(306) Using 49 workers of 68 for evacuation
[2024-08-28T01:12:36.224+0000][info][gc,phases   ] GC(306)   Pre Evacuate Collection Set: 0.4ms
[2024-08-28T01:12:36.224+0000][info][gc,phases   ] GC(306)   Merge Heap Roots: 1.0ms
[2024-08-28T01:12:36.224+0000][info][gc,phases   ] GC(306)   Evacuate Collection Set: 22.4ms
[2024-08-28T01:12:36.224+0000][info][gc,phases   ] GC(306)   Post Evacuate Collection Set: 0.8ms
[2024-08-28T01:12:36.224+0000][info][gc,phases   ] GC(306)   Other: 0.3ms
[2024-08-28T01:12:36.224+0000][info][gc,heap     ] GC(306) Eden regions: 89->0(293)
[2024-08-28T01:12:36.224+0000][info][gc,heap     ] GC(306) Survivor regions: 13->13(13)
[2024-08-28T01:12:36.224+0000][info][gc,heap     ] GC(306) Old regions: 992->913
[2024-08-28T01:12:36.224+0000][info][gc,heap     ] GC(306) Archive regions: 2->2
[2024-08-28T01:12:36.224+0000][info][gc,heap     ] GC(306) Humongous regions: 5->5
[2024-08-28T01:12:36.224+0000][info][gc,metaspace] GC(306) Metaspace: 100K(320K)->100K(320K) NonClass: 96K(192K)->96K(192K) Class: 4K(128K)->4K(128K)
[2024-08-28T01:12:36.224+0000][info][gc          ] GC(306) Pause Young (Mixed) (G1 Evacuation Pause) 1099M->931M(2048M) 25.066ms
[2024-08-28T01:12:36.224+0000][info][gc,cpu      ] GC(306) User=1.14s Sys=0.00s Real=0.02s
[2024-08-28T01:12:36.378+0000][info][gc,start    ] GC(307) Pause Young (Normal) (G1 Evacuation Pause)
[2024-08-28T01:12:36.378+0000][info][gc,task     ] GC(307) Using 49 workers of 68 for evacuation
[2024-08-28T01:12:36.428+0000][info][gc,phases   ] GC(307)   Pre Evacuate Collection Set: 0.3ms
[2024-08-28T01:12:36.428+0000][info][gc,phases   ] GC(307)   Merge Heap Roots: 1.2ms
[2024-08-28T01:12:36.428+0000][info][gc,phases   ] GC(307)   Evacuate Collection Set: 47.1ms
[2024-08-28T01:12:36.428+0000][info][gc,phases   ] GC(307)   Post Evacuate Collection Set: 0.8ms
[2024-08-28T01:12:36.428+0000][info][gc,phases   ] GC(307)   Other: 0.4ms
[2024-08-28T01:12:36.428+0000][info][gc,heap     ] GC(307) Eden regions: 293->0(200)
[2024-08-28T01:12:36.428+0000][info][gc,heap     ] GC(307) Survivor regions: 13->39(39)
[2024-08-28T01:12:36.428+0000][info][gc,heap     ] GC(307) Old regions: 913->1172
[2024-08-28T01:12:36.428+0000][info][gc,heap     ] GC(307) Archive regions: 2->2
[2024-08-28T01:12:36.428+0000][info][gc,heap     ] GC(307) Humongous regions: 5->5
[2024-08-28T01:12:36.428+0000][info][gc,metaspace] GC(307) Metaspace: 100K(320K)->100K(320K) NonClass: 96K(192K)->96K(192K) Class: 4K(128K)->4K(128K)
[2024-08-28T01:12:36.428+0000][info][gc          ] GC(307) Pause Young (Normal) (G1 Evacuation Pause) 1224M->1216M(2048M) 49.939ms
[2024-08-28T01:12:36.428+0000][info][gc,cpu      ] GC(307) User=2.31s Sys=0.02s Real=0.04s
[2024-08-28T01:12:36.530+0000][info][gc,start    ] GC(308) Pause Young (Normal) (G1 Evacuation Pause)
[2024-08-28T01:12:36.530+0000][info][gc,task     ] GC(308) Using 49 workers of 68 for evacuation
[2024-08-28T01:12:36.573+0000][info][gc,phases   ] GC(308)   Pre Evacuate Collection Set: 0.3ms
[2024-08-28T01:12:36.574+0000][info][gc,phases   ] GC(308)   Merge Heap Roots: 1.1ms
[2024-08-28T01:12:36.574+0000][info][gc,phases   ] GC(308)   Evacuate Collection Set: 40.9ms
[2024-08-28T01:12:36.574+0000][info][gc,phases   ] GC(308)   Post Evacuate Collection Set: 0.7ms
[2024-08-28T01:12:36.574+0000][info][gc,phases   ] GC(308)   Other: 0.4ms
[2024-08-28T01:12:36.574+0000][info][gc,heap     ] GC(308) Eden regions: 200->0(136)
[2024-08-28T01:12:36.574+0000][info][gc,heap     ] GC(308) Survivor regions: 39->30(30)
[2024-08-28T01:12:36.574+0000][info][gc,heap     ] GC(308) Old regions: 1172->1381
[2024-08-28T01:12:36.574+0000][info][gc,heap     ] GC(308) Archive regions: 2->2
[2024-08-28T01:12:36.574+0000][info][gc,heap     ] GC(308) Humongous regions: 5->5
[2024-08-28T01:12:36.574+0000][info][gc,metaspace] GC(308) Metaspace: 100K(320K)->100K(320K) NonClass: 96K(192K)->96K(192K) Class: 4K(128K)->4K(128K)
[2024-08-28T01:12:36.574+0000][info][gc          ] GC(308) Pause Young (Normal) (G1 Evacuation Pause) 1416M->1416M(2048M) 43.573ms
[2024-08-28T01:12:36.574+0000][info][gc,cpu      ] GC(308) User=2.03s Sys=0.01s Real=0.04s
[2024-08-28T01:12:36.645+0000][info][gc,start    ] GC(309) Pause Young (Concurrent Start) (G1 Evacuation Pause)
[2024-08-28T01:12:36.646+0000][info][gc,task     ] GC(309) Using 49 workers of 68 for evacuation
[2024-08-28T01:12:36.679+0000][info][gc,phases   ] GC(309)   Pre Evacuate Collection Set: 0.3ms
[2024-08-28T01:12:36.679+0000][info][gc,phases   ] GC(309)   Merge Heap Roots: 1.1ms
[2024-08-28T01:12:36.679+0000][info][gc,phases   ] GC(309)   Evacuate Collection Set: 30.4ms
[2024-08-28T01:12:36.679+0000][info][gc,phases   ] GC(309)   Post Evacuate Collection Set: 0.7ms
[2024-08-28T01:12:36.679+0000][info][gc,phases   ] GC(309)   Other: 1.3ms
[2024-08-28T01:12:36.679+0000][info][gc,heap     ] GC(309) Eden regions: 136->0(90)
[2024-08-28T01:12:36.679+0000][info][gc,heap     ] GC(309) Survivor regions: 30->21(21)
[2024-08-28T01:12:36.679+0000][info][gc,heap     ] GC(309) Old regions: 1381->1532
[2024-08-28T01:12:36.679+0000][info][gc,heap     ] GC(309) Archive regions: 2->2
[2024-08-28T01:12:36.679+0000][info][gc,heap     ] GC(309) Humongous regions: 5->5
[2024-08-28T01:12:36.679+0000][info][gc,metaspace] GC(309) Metaspace: 100K(320K)->100K(320K) NonClass: 96K(192K)->96K(192K) Class: 4K(128K)->4K(128K)
[2024-08-28T01:12:36.679+0000][info][gc          ] GC(309) Pause Young (Concurrent Start) (G1 Evacuation Pause) 1552M->1558M(2048M) 33.843ms
[2024-08-28T01:12:36.679+0000][info][gc,cpu      ] GC(309) User=1.52s Sys=0.01s Real=0.04s
[2024-08-28T01:12:36.679+0000][info][gc          ] GC(310) Concurrent Mark Cycle
[2024-08-28T01:12:36.680+0000][info][gc,marking  ] GC(310) Concurrent Clear Claimed Marks
[2024-08-28T01:12:36.680+0000][info][gc,marking  ] GC(310) Concurrent Clear Claimed Marks 0.011ms
[2024-08-28T01:12:36.680+0000][info][gc,marking  ] GC(310) Concurrent Scan Root Regions
[2024-08-28T01:12:36.684+0000][info][gc,marking  ] GC(310) Concurrent Scan Root Regions 4.296ms
[2024-08-28T01:12:36.684+0000][info][gc,marking  ] GC(310) Concurrent Mark
[2024-08-28T01:12:36.684+0000][info][gc,marking  ] GC(310) Concurrent Mark From Roots
[2024-08-28T01:12:36.684+0000][info][gc,task     ] GC(310) Using 17 workers of 17 for marking
[2024-08-28T01:12:36.702+0000][info][gc,marking  ] GC(310) Concurrent Mark From Roots 17.857ms
[2024-08-28T01:12:36.702+0000][info][gc,marking  ] GC(310) Concurrent Preclean
[2024-08-28T01:12:36.704+0000][info][gc,marking  ] GC(310) Concurrent Preclean 1.866ms
[2024-08-28T01:12:36.704+0000][info][gc,start    ] GC(310) Pause Remark
[2024-08-28T01:12:36.707+0000][info][gc          ] GC(310) Pause Remark 1581M->1346M(2048M) 2.885ms
[2024-08-28T01:12:36.707+0000][info][gc,cpu      ] GC(310) User=0.03s Sys=0.00s Real=0.00s
[2024-08-28T01:12:36.707+0000][info][gc,marking  ] GC(310) Concurrent Mark 23.316ms
[2024-08-28T01:12:36.707+0000][info][gc,marking  ] GC(310) Concurrent Rebuild Remembered Sets
[2024-08-28T01:12:36.757+0000][info][gc,marking  ] GC(310) Concurrent Rebuild Remembered Sets 49.987ms
[2024-08-28T01:12:36.758+0000][info][gc,start    ] GC(310) Pause Cleanup
[2024-08-28T01:12:36.764+0000][info][gc          ] GC(310) Pause Cleanup 1404M->1404M(2048M) 6.325ms
[2024-08-28T01:12:36.764+0000][info][gc,cpu      ] GC(310) User=0.00s Sys=0.02s Real=0.00s
[2024-08-28T01:12:36.764+0000][info][gc,marking  ] GC(310) Concurrent Cleanup for Next Mark
[2024-08-28T01:12:36.766+0000][info][gc,marking  ] GC(310) Concurrent Cleanup for Next Mark 1.412ms
[2024-08-28T01:12:36.766+0000][info][gc          ] GC(310) Concurrent Mark Cycle 86.394ms
[2024-08-28T01:12:36.771+0000][info][gc,start    ] GC(311) Pause Young (Prepare Mixed) (G1 Evacuation Pause)
[2024-08-28T01:12:36.771+0000][info][gc,task     ] GC(311) Using 49 workers of 68 for evacuation
[2024-08-28T01:12:36.797+0000][info][gc,phases   ] GC(311)   Pre Evacuate Collection Set: 0.3ms
[2024-08-28T01:12:36.797+0000][info][gc,phases   ] GC(311)   Merge Heap Roots: 1.0ms
[2024-08-28T01:12:36.797+0000][info][gc,phases   ] GC(311)   Evacuate Collection Set: 24.2ms
[2024-08-28T01:12:36.797+0000][info][gc,phases   ] GC(311)   Post Evacuate Collection Set: 0.6ms
[2024-08-28T01:12:36.797+0000][info][gc,phases   ] GC(311)   Other: 0.3ms
[2024-08-28T01:12:36.797+0000][info][gc,heap     ] GC(311) Eden regions: 90->0(88)
[2024-08-28T01:12:36.797+0000][info][gc,heap     ] GC(311) Survivor regions: 21->14(14)
[2024-08-28T01:12:36.797+0000][info][gc,heap     ] GC(311) Old regions: 1297->1402
[2024-08-28T01:12:36.797+0000][info][gc,heap     ] GC(311) Archive regions: 2->2
[2024-08-28T01:12:36.797+0000][info][gc,heap     ] GC(311) Humongous regions: 5->5
[2024-08-28T01:12:36.797+0000][info][gc,metaspace] GC(311) Metaspace: 100K(320K)->100K(320K) NonClass: 96K(192K)->96K(192K) Class: 4K(128K)->4K(128K)
[2024-08-28T01:12:36.797+0000][info][gc          ] GC(311) Pause Young (Prepare Mixed) (G1 Evacuation Pause) 1413M->1421M(2048M) 26.502ms
[2024-08-28T01:12:36.797+0000][info][gc,cpu      ] GC(311) User=1.01s Sys=0.03s Real=0.02s
[2024-08-28T01:12:36.847+0000][info][gc,start    ] GC(312) Pause Young (Mixed) (G1 Evacuation Pause)
[2024-08-28T01:12:36.847+0000][info][gc,task     ] GC(312) Using 49 workers of 68 for evacuation
[2024-08-28T01:12:36.868+0000][info][gc,phases   ] GC(312)   Pre Evacuate Collection Set: 0.5ms
[2024-08-28T01:12:36.868+0000][info][gc,phases   ] GC(312)   Merge Heap Roots: 0.8ms
[2024-08-28T01:12:36.868+0000][info][gc,phases   ] GC(312)   Evacuate Collection Set: 18.9ms
[2024-08-28T01:12:36.868+0000][info][gc,phases   ] GC(312)   Post Evacuate Collection Set: 0.8ms
[2024-08-28T01:12:36.868+0000][info][gc,phases   ] GC(312)   Other: 0.4ms
[2024-08-28T01:12:36.868+0000][info][gc,heap     ] GC(312) Eden regions: 88->0(89)
[2024-08-28T01:12:36.868+0000][info][gc,heap     ] GC(312) Survivor regions: 14->13(13)
[2024-08-28T01:12:36.868+0000][info][gc,heap     ] GC(312) Old regions: 1402->1191
[2024-08-28T01:12:36.868+0000][info][gc,heap     ] GC(312) Archive regions: 2->2
[2024-08-28T01:12:36.868+0000][info][gc,heap     ] GC(312) Humongous regions: 5->5
[2024-08-28T01:12:36.868+0000][info][gc,metaspace] GC(312) Metaspace: 100K(320K)->100K(320K) NonClass: 96K(192K)->96K(192K) Class: 4K(128K)->4K(128K)
[2024-08-28T01:12:36.868+0000][info][gc          ] GC(312) Pause Young (Mixed) (G1 Evacuation Pause) 1509M->1209M(2048M) 21.546ms
[2024-08-28T01:12:36.869+0000][info][gc,cpu      ] GC(312) User=0.77s Sys=0.19s Real=0.02s
[2024-08-28T01:12:36.916+0000][info][gc,start    ] GC(313) Pause Young (Mixed) (G1 Evacuation Pause)
[2024-08-28T01:12:36.916+0000][info][gc,task     ] GC(313) Using 49 workers of 68 for evacuation
[2024-08-28T01:12:36.936+0000][info][gc,phases   ] GC(313)   Pre Evacuate Collection Set: 0.5ms
[2024-08-28T01:12:36.936+0000][info][gc,phases   ] GC(313)   Merge Heap Roots: 0.9ms
[2024-08-28T01:12:36.936+0000][info][gc,phases   ] GC(313)   Evacuate Collection Set: 17.9ms
[2024-08-28T01:12:36.936+0000][info][gc,phases   ] GC(313)   Post Evacuate Collection Set: 0.9ms
[2024-08-28T01:12:36.936+0000][info][gc,phases   ] GC(313)   Other: 0.4ms
[2024-08-28T01:12:36.936+0000][info][gc,heap     ] GC(313) Eden regions: 89->0(89)
[2024-08-28T01:12:36.936+0000][info][gc,heap     ] GC(313) Survivor regions: 13->13(13)
[2024-08-28T01:12:36.936+0000][info][gc,heap     ] GC(313) Old regions: 1191->976
[2024-08-28T01:12:36.936+0000][info][gc,heap     ] GC(313) Archive regions: 2->2
[2024-08-28T01:12:36.936+0000][info][gc,heap     ] GC(313) Humongous regions: 5->5
[2024-08-28T01:12:36.936+0000][info][gc,metaspace] GC(313) Metaspace: 100K(320K)->100K(320K) NonClass: 96K(192K)->96K(192K) Class: 4K(128K)->4K(128K)
[2024-08-28T01:12:36.936+0000][info][gc          ] GC(313) Pause Young (Mixed) (G1 Evacuation Pause) 1298M->994M(2048M) 20.686ms
[2024-08-28T01:12:36.936+0000][info][gc,cpu      ] GC(313) User=0.80s Sys=0.12s Real=0.02s
[2024-08-28T01:12:36.983+0000][info][gc,start    ] GC(314) Pause Young (Mixed) (G1 Evacuation Pause)
[2024-08-28T01:12:36.983+0000][info][gc,task     ] GC(314) Using 49 workers of 68 for evacuation
[2024-08-28T01:12:37.008+0000][info][gc,phases   ] GC(314)   Pre Evacuate Collection Set: 0.4ms
[2024-08-28T01:12:37.008+0000][info][gc,phases   ] GC(314)   Merge Heap Roots: 0.9ms
[2024-08-28T01:12:37.008+0000][info][gc,phases   ] GC(314)   Evacuate Collection Set: 22.3ms
[2024-08-28T01:12:37.008+0000][info][gc,phases   ] GC(314)   Post Evacuate Collection Set: 0.8ms
[2024-08-28T01:12:37.008+0000][info][gc,phases   ] GC(314)   Other: 0.4ms
[2024-08-28T01:12:37.008+0000][info][gc,heap     ] GC(314) Eden regions: 89->0(292)
[2024-08-28T01:12:37.008+0000][info][gc,heap     ] GC(314) Survivor regions: 13->13(13)
[2024-08-28T01:12:37.008+0000][info][gc,heap     ] GC(314) Old regions: 976->916
[2024-08-28T01:12:37.008+0000][info][gc,heap     ] GC(314) Archive regions: 2->2
[2024-08-28T01:12:37.008+0000][info][gc,heap     ] GC(314) Humongous regions: 5->5
[2024-08-28T01:12:37.008+0000][info][gc,metaspace] GC(314) Metaspace: 100K(320K)->100K(320K) NonClass: 96K(192K)->96K(192K) Class: 4K(128K)->4K(128K)
[2024-08-28T01:12:37.008+0000][info][gc          ] GC(314) Pause Young (Mixed) (G1 Evacuation Pause) 1083M->934M(2048M) 25.012ms
[2024-08-28T01:12:37.008+0000][info][gc,cpu      ] GC(314) User=0.91s Sys=0.21s Real=0.02s
[2024-08-28T01:12:37.155+0000][info][gc,start    ] GC(315) Pause Young (Normal) (G1 Evacuation Pause)
[2024-08-28T01:12:37.155+0000][info][gc,task     ] GC(315) Using 49 workers of 68 for evacuation
[2024-08-28T01:12:37.202+0000][info][gc,phases   ] GC(315)   Pre Evacuate Collection Set: 0.3ms
[2024-08-28T01:12:37.203+0000][info][gc,phases   ] GC(315)   Merge Heap Roots: 1.2ms
[2024-08-28T01:12:37.203+0000][info][gc,phases   ] GC(315)   Evacuate Collection Set: 44.9ms
[2024-08-28T01:12:37.203+0000][info][gc,phases   ] GC(315)   Post Evacuate Collection Set: 0.8ms
[2024-08-28T01:12:37.203+0000][info][gc,phases   ] GC(315)   Other: 0.4ms
[2024-08-28T01:12:37.203+0000][info][gc,heap     ] GC(315) Eden regions: 292->0(200)
[2024-08-28T01:12:37.203+0000][info][gc,heap     ] GC(315) Survivor regions: 13->39(39)
[2024-08-28T01:12:37.203+0000][info][gc,heap     ] GC(315) Old regions: 916->1173
[2024-08-28T01:12:37.203+0000][info][gc,heap     ] GC(315) Archive regions: 2->2
[2024-08-28T01:12:37.203+0000][info][gc,heap     ] GC(315) Humongous regions: 5->5
[2024-08-28T01:12:37.203+0000][info][gc,metaspace] GC(315) Metaspace: 100K(320K)->100K(320K) NonClass: 96K(192K)->96K(192K) Class: 4K(128K)->4K(128K)
[2024-08-28T01:12:37.203+0000][info][gc          ] GC(315) Pause Young (Normal) (G1 Evacuation Pause) 1226M->1217M(2048M) 47.800ms
[2024-08-28T01:12:37.203+0000][info][gc,cpu      ] GC(315) User=2.14s Sys=0.10s Real=0.05s
[2024-08-28T01:12:37.302+0000][info][gc,start    ] GC(316) Pause Young (Normal) (G1 Evacuation Pause)
[2024-08-28T01:12:37.302+0000][info][gc,task     ] GC(316) Using 49 workers of 68 for evacuation
[2024-08-28T01:12:37.343+0000][info][gc,phases   ] GC(316)   Pre Evacuate Collection Set: 0.3ms
[2024-08-28T01:12:37.343+0000][info][gc,phases   ] GC(316)   Merge Heap Roots: 1.1ms
[2024-08-28T01:12:37.343+0000][info][gc,phases   ] GC(316)   Evacuate Collection Set: 38.1ms
[2024-08-28T01:12:37.343+0000][info][gc,phases   ] GC(316)   Post Evacuate Collection Set: 0.7ms
[2024-08-28T01:12:37.343+0000][info][gc,phases   ] GC(316)   Other: 0.4ms
[2024-08-28T01:12:37.343+0000][info][gc,heap     ] GC(316) Eden regions: 200->0(135)
[2024-08-28T01:12:37.343+0000][info][gc,heap     ] GC(316) Survivor regions: 39->30(30)
[2024-08-28T01:12:37.343+0000][info][gc,heap     ] GC(316) Old regions: 1173->1384
[2024-08-28T01:12:37.343+0000][info][gc,heap     ] GC(316) Archive regions: 2->2
[2024-08-28T01:12:37.343+0000][info][gc,heap     ] GC(316) Humongous regions: 5->5
[2024-08-28T01:12:37.343+0000][info][gc,metaspace] GC(316) Metaspace: 100K(320K)->100K(320K) NonClass: 96K(192K)->96K(192K) Class: 4K(128K)->4K(128K)
[2024-08-28T01:12:37.343+0000][info][gc          ] GC(316) Pause Young (Normal) (G1 Evacuation Pause) 1417M->1419M(2048M) 40.731ms
[2024-08-28T01:12:37.343+0000][info][gc,cpu      ] GC(316) User=1.88s Sys=0.03s Real=0.04s
[2024-08-28T01:12:37.411+0000][info][gc,start    ] GC(317) Pause Young (Concurrent Start) (G1 Evacuation Pause)
[2024-08-28T01:12:37.411+0000][info][gc,task     ] GC(317) Using 49 workers of 68 for evacuation
[2024-08-28T01:12:37.442+0000][info][gc,phases   ] GC(317)   Pre Evacuate Collection Set: 0.3ms
[2024-08-28T01:12:37.442+0000][info][gc,phases   ] GC(317)   Merge Heap Roots: 1.0ms
[2024-08-28T01:12:37.442+0000][info][gc,phases   ] GC(317)   Evacuate Collection Set: 27.7ms
[2024-08-28T01:12:37.442+0000][info][gc,phases   ] GC(317)   Post Evacuate Collection Set: 0.8ms
[2024-08-28T01:12:37.442+0000][info][gc,phases   ] GC(317)   Other: 1.2ms
[2024-08-28T01:12:37.443+0000][info][gc,heap     ] GC(317) Eden regions: 135->0(89)
[2024-08-28T01:12:37.443+0000][info][gc,heap     ] GC(317) Survivor regions: 30->21(21)
[2024-08-28T01:12:37.443+0000][info][gc,heap     ] GC(317) Old regions: 1384->1534
[2024-08-28T01:12:37.443+0000][info][gc,heap     ] GC(317) Archive regions: 2->2
[2024-08-28T01:12:37.443+0000][info][gc,heap     ] GC(317) Humongous regions: 5->5
[2024-08-28T01:12:37.443+0000][info][gc,metaspace] GC(317) Metaspace: 100K(320K)->100K(320K) NonClass: 96K(192K)->96K(192K) Class: 4K(128K)->4K(128K)
[2024-08-28T01:12:37.443+0000][info][gc          ] GC(317) Pause Young (Concurrent Start) (G1 Evacuation Pause) 1554M->1560M(2048M) 31.244ms
[2024-08-28T01:12:37.443+0000][info][gc,cpu      ] GC(317) User=1.38s Sys=0.00s Real=0.03s
[2024-08-28T01:12:37.443+0000][info][gc          ] GC(318) Concurrent Mark Cycle
[2024-08-28T01:12:37.443+0000][info][gc,marking  ] GC(318) Concurrent Clear Claimed Marks
[2024-08-28T01:12:37.443+0000][info][gc,marking  ] GC(318) Concurrent Clear Claimed Marks 0.010ms
[2024-08-28T01:12:37.443+0000][info][gc,marking  ] GC(318) Concurrent Scan Root Regions
[2024-08-28T01:12:37.447+0000][info][gc,marking  ] GC(318) Concurrent Scan Root Regions 4.376ms
[2024-08-28T01:12:37.447+0000][info][gc,marking  ] GC(318) Concurrent Mark
[2024-08-28T01:12:37.447+0000][info][gc,marking  ] GC(318) Concurrent Mark From Roots
[2024-08-28T01:12:37.447+0000][info][gc,task     ] GC(318) Using 17 workers of 17 for marking
[2024-08-28T01:12:37.465+0000][info][gc,marking  ] GC(318) Concurrent Mark From Roots 17.555ms
[2024-08-28T01:12:37.465+0000][info][gc,marking  ] GC(318) Concurrent Preclean
[2024-08-28T01:12:37.467+0000][info][gc,marking  ] GC(318) Concurrent Preclean 1.660ms
[2024-08-28T01:12:37.467+0000][info][gc,start    ] GC(318) Pause Remark
[2024-08-28T01:12:37.470+0000][info][gc          ] GC(318) Pause Remark 1584M->1368M(2048M) 2.881ms
[2024-08-28T01:12:37.470+0000][info][gc,cpu      ] GC(318) User=0.00s Sys=0.01s Real=0.01s
[2024-08-28T01:12:37.470+0000][info][gc,marking  ] GC(318) Concurrent Mark 22.775ms
[2024-08-28T01:12:37.470+0000][info][gc,marking  ] GC(318) Concurrent Rebuild Remembered Sets
[2024-08-28T01:12:37.522+0000][info][gc,marking  ] GC(318) Concurrent Rebuild Remembered Sets 51.864ms
[2024-08-28T01:12:37.522+0000][info][gc,start    ] GC(318) Pause Cleanup
[2024-08-28T01:12:37.529+0000][info][gc          ] GC(318) Pause Cleanup 1430M->1430M(2048M) 6.373ms
[2024-08-28T01:12:37.529+0000][info][gc,cpu      ] GC(318) User=0.02s Sys=0.00s Real=0.00s
[2024-08-28T01:12:37.529+0000][info][gc,marking  ] GC(318) Concurrent Cleanup for Next Mark
[2024-08-28T01:12:37.530+0000][info][gc,marking  ] GC(318) Concurrent Cleanup for Next Mark 1.395ms
[2024-08-28T01:12:37.531+0000][info][gc          ] GC(318) Concurrent Mark Cycle 87.799ms
[2024-08-28T01:12:37.533+0000][info][gc,start    ] GC(319) Pause Young (Prepare Mixed) (G1 Evacuation Pause)
[2024-08-28T01:12:37.533+0000][info][gc,task     ] GC(319) Using 49 workers of 68 for evacuation
[2024-08-28T01:12:37.553+0000][info][gc,phases   ] GC(319)   Pre Evacuate Collection Set: 0.3ms
[2024-08-28T01:12:37.553+0000][info][gc,phases   ] GC(319)   Merge Heap Roots: 1.0ms
[2024-08-28T01:12:37.553+0000][info][gc,phases   ] GC(319)   Evacuate Collection Set: 17.9ms
[2024-08-28T01:12:37.553+0000][info][gc,phases   ] GC(319)   Post Evacuate Collection Set: 0.7ms
[2024-08-28T01:12:37.553+0000][info][gc,phases   ] GC(319)   Other: 0.3ms
[2024-08-28T01:12:37.553+0000][info][gc,heap     ] GC(319) Eden regions: 89->0(88)
[2024-08-28T01:12:37.553+0000][info][gc,heap     ] GC(319) Survivor regions: 21->14(14)
[2024-08-28T01:12:37.553+0000][info][gc,heap     ] GC(319) Old regions: 1318->1423
[2024-08-28T01:12:37.553+0000][info][gc,heap     ] GC(319) Archive regions: 2->2
[2024-08-28T01:12:37.553+0000][info][gc,heap     ] GC(319) Humongous regions: 5->5
[2024-08-28T01:12:37.553+0000][info][gc,metaspace] GC(319) Metaspace: 100K(320K)->100K(320K) NonClass: 96K(192K)->96K(192K) Class: 4K(128K)->4K(128K)
[2024-08-28T01:12:37.553+0000][info][gc          ] GC(319) Pause Young (Prepare Mixed) (G1 Evacuation Pause) 1433M->1442M(2048M) 20.328ms
[2024-08-28T01:12:37.553+0000][info][gc,cpu      ] GC(319) User=0.90s Sys=0.01s Real=0.02s
[2024-08-28T01:12:37.598+0000][info][gc,start    ] GC(320) Pause Young (Mixed) (G1 Evacuation Pause)
[2024-08-28T01:12:37.598+0000][info][gc,task     ] GC(320) Using 49 workers of 68 for evacuation
[2024-08-28T01:12:37.618+0000][info][gc,phases   ] GC(320)   Pre Evacuate Collection Set: 0.5ms
[2024-08-28T01:12:37.618+0000][info][gc,phases   ] GC(320)   Merge Heap Roots: 0.9ms
[2024-08-28T01:12:37.618+0000][info][gc,phases   ] GC(320)   Evacuate Collection Set: 17.7ms
[2024-08-28T01:12:37.618+0000][info][gc,phases   ] GC(320)   Post Evacuate Collection Set: 0.8ms
[2024-08-28T01:12:37.618+0000][info][gc,phases   ] GC(320)   Other: 0.5ms
[2024-08-28T01:12:37.618+0000][info][gc,heap     ] GC(320) Eden regions: 88->0(89)
[2024-08-28T01:12:37.618+0000][info][gc,heap     ] GC(320) Survivor regions: 14->13(13)
[2024-08-28T01:12:37.618+0000][info][gc,heap     ] GC(320) Old regions: 1423->1210
[2024-08-28T01:12:37.618+0000][info][gc,heap     ] GC(320) Archive regions: 2->2
[2024-08-28T01:12:37.618+0000][info][gc,heap     ] GC(320) Humongous regions: 5->5
[2024-08-28T01:12:37.618+0000][info][gc,metaspace] GC(320) Metaspace: 100K(320K)->100K(320K) NonClass: 96K(192K)->96K(192K) Class: 4K(128K)->4K(128K)
[2024-08-28T01:12:37.618+0000][info][gc          ] GC(320) Pause Young (Mixed) (G1 Evacuation Pause) 1530M->1228M(2048M) 20.416ms
[2024-08-28T01:12:37.618+0000][info][gc,cpu      ] GC(320) User=0.87s Sys=0.03s Real=0.02s
[2024-08-28T01:12:37.663+0000][info][gc,start    ] GC(321) Pause Young (Mixed) (G1 Evacuation Pause)
[2024-08-28T01:12:37.664+0000][info][gc,task     ] GC(321) Using 49 workers of 68 for evacuation
[2024-08-28T01:12:37.683+0000][info][gc,phases   ] GC(321)   Pre Evacuate Collection Set: 0.5ms
[2024-08-28T01:12:37.683+0000][info][gc,phases   ] GC(321)   Merge Heap Roots: 0.9ms
[2024-08-28T01:12:37.683+0000][info][gc,phases   ] GC(321)   Evacuate Collection Set: 17.2ms
[2024-08-28T01:12:37.683+0000][info][gc,phases   ] GC(321)   Post Evacuate Collection Set: 0.9ms
[2024-08-28T01:12:37.683+0000][info][gc,phases   ] GC(321)   Other: 0.4ms
[2024-08-28T01:12:37.683+0000][info][gc,heap     ] GC(321) Eden regions: 89->0(89)
[2024-08-28T01:12:37.683+0000][info][gc,heap     ] GC(321) Survivor regions: 13->13(13)
[2024-08-28T01:12:37.683+0000][info][gc,heap     ] GC(321) Old regions: 1210->996
[2024-08-28T01:12:37.683+0000][info][gc,heap     ] GC(321) Archive regions: 2->2
[2024-08-28T01:12:37.683+0000][info][gc,heap     ] GC(321) Humongous regions: 5->5
[2024-08-28T01:12:37.683+0000][info][gc,metaspace] GC(321) Metaspace: 100K(320K)->100K(320K) NonClass: 96K(192K)->96K(192K) Class: 4K(128K)->4K(128K)
[2024-08-28T01:12:37.684+0000][info][gc          ] GC(321) Pause Young (Mixed) (G1 Evacuation Pause) 1317M->1014M(2048M) 20.021ms
[2024-08-28T01:12:37.684+0000][info][gc,cpu      ] GC(321) User=0.88s Sys=0.00s Real=0.02s
[2024-08-28T01:12:37.730+0000][info][gc,start    ] GC(322) Pause Young (Mixed) (G1 Evacuation Pause)
[2024-08-28T01:12:37.730+0000][info][gc,task     ] GC(322) Using 49 workers of 68 for evacuation
[2024-08-28T01:12:37.752+0000][info][gc,phases   ] GC(322)   Pre Evacuate Collection Set: 0.5ms
[2024-08-28T01:12:37.752+0000][info][gc,phases   ] GC(322)   Merge Heap Roots: 0.9ms
[2024-08-28T01:12:37.753+0000][info][gc,phases   ] GC(322)   Evacuate Collection Set: 20.3ms
[2024-08-28T01:12:37.753+0000][info][gc,phases   ] GC(322)   Post Evacuate Collection Set: 0.7ms
[2024-08-28T01:12:37.753+0000][info][gc,phases   ] GC(322)   Other: 0.3ms
[2024-08-28T01:12:37.753+0000][info][gc,heap     ] GC(322) Eden regions: 89->0(291)
[2024-08-28T01:12:37.753+0000][info][gc,heap     ] GC(322) Survivor regions: 13->13(13)
[2024-08-28T01:12:37.753+0000][info][gc,heap     ] GC(322) Old regions: 996->916
[2024-08-28T01:12:37.753+0000][info][gc,heap     ] GC(322) Archive regions: 2->2
[2024-08-28T01:12:37.753+0000][info][gc,heap     ] GC(322) Humongous regions: 5->5
[2024-08-28T01:12:37.753+0000][info][gc,metaspace] GC(322) Metaspace: 100K(320K)->100K(320K) NonClass: 96K(192K)->96K(192K) Class: 4K(128K)->4K(128K)
[2024-08-28T01:12:37.753+0000][info][gc          ] GC(322) Pause Young (Mixed) (G1 Evacuation Pause) 1103M->934M(2048M) 22.776ms
[2024-08-28T01:12:37.753+0000][info][gc,cpu      ] GC(322) User=1.01s Sys=0.00s Real=0.02s
[2024-08-28T01:12:37.897+0000][info][gc,start    ] GC(323) Pause Young (Normal) (G1 Evacuation Pause)
[2024-08-28T01:12:37.897+0000][info][gc,task     ] GC(323) Using 49 workers of 68 for evacuation
[2024-08-28T01:12:37.942+0000][info][gc,phases   ] GC(323)   Pre Evacuate Collection Set: 0.4ms
[2024-08-28T01:12:37.942+0000][info][gc,phases   ] GC(323)   Merge Heap Roots: 1.3ms
[2024-08-28T01:12:37.942+0000][info][gc,phases   ] GC(323)   Evacuate Collection Set: 42.4ms
[2024-08-28T01:12:37.942+0000][info][gc,phases   ] GC(323)   Post Evacuate Collection Set: 0.6ms
[2024-08-28T01:12:37.942+0000][info][gc,phases   ] GC(323)   Other: 0.2ms
[2024-08-28T01:12:37.942+0000][info][gc,heap     ] GC(323) Eden regions: 291->0(200)
[2024-08-28T01:12:37.942+0000][info][gc,heap     ] GC(323) Survivor regions: 13->38(38)
[2024-08-28T01:12:37.942+0000][info][gc,heap     ] GC(323) Old regions: 916->1175
[2024-08-28T01:12:37.942+0000][info][gc,heap     ] GC(323) Archive regions: 2->2
[2024-08-28T01:12:37.942+0000][info][gc,heap     ] GC(323) Humongous regions: 5->5
[2024-08-28T01:12:37.942+0000][info][gc,metaspace] GC(323) Metaspace: 100K(320K)->100K(320K) NonClass: 96K(192K)->96K(192K) Class: 4K(128K)->4K(128K)
[2024-08-28T01:12:37.942+0000][info][gc          ] GC(323) Pause Young (Normal) (G1 Evacuation Pause) 1225M->1218M(2048M) 45.068ms
[2024-08-28T01:12:37.942+0000][info][gc,cpu      ] GC(323) User=2.09s Sys=0.02s Real=0.05s
[2024-08-28T01:12:38.040+0000][info][gc,start    ] GC(324) Pause Young (Normal) (G1 Evacuation Pause)
[2024-08-28T01:12:38.040+0000][info][gc,task     ] GC(324) Using 49 workers of 68 for evacuation
[2024-08-28T01:12:38.080+0000][info][gc,phases   ] GC(324)   Pre Evacuate Collection Set: 0.3ms
[2024-08-28T01:12:38.080+0000][info][gc,phases   ] GC(324)   Merge Heap Roots: 1.1ms
[2024-08-28T01:12:38.080+0000][info][gc,phases   ] GC(324)   Evacuate Collection Set: 37.9ms
[2024-08-28T01:12:38.080+0000][info][gc,phases   ] GC(324)   Post Evacuate Collection Set: 0.6ms
[2024-08-28T01:12:38.080+0000][info][gc,phases   ] GC(324)   Other: 0.3ms
[2024-08-28T01:12:38.080+0000][info][gc,heap     ] GC(324) Eden regions: 200->0(135)
[2024-08-28T01:12:38.080+0000][info][gc,heap     ] GC(324) Survivor regions: 38->30(30)
[2024-08-28T01:12:38.080+0000][info][gc,heap     ] GC(324) Old regions: 1175->1382
[2024-08-28T01:12:38.080+0000][info][gc,heap     ] GC(324) Archive regions: 2->2
[2024-08-28T01:12:38.080+0000][info][gc,heap     ] GC(324) Humongous regions: 5->5
[2024-08-28T01:12:38.080+0000][info][gc,metaspace] GC(324) Metaspace: 100K(320K)->100K(320K) NonClass: 96K(192K)->96K(192K) Class: 4K(128K)->4K(128K)
[2024-08-28T01:12:38.080+0000][info][gc          ] GC(324) Pause Young (Normal) (G1 Evacuation Pause) 1418M->1417M(2048M) 40.350ms
[2024-08-28T01:12:38.080+0000][info][gc,cpu      ] GC(324) User=1.89s Sys=0.01s Real=0.04s
[2024-08-28T01:12:38.148+0000][info][gc,start    ] GC(325) Pause Young (Concurrent Start) (G1 Evacuation Pause)
[2024-08-28T01:12:38.148+0000][info][gc,task     ] GC(325) Using 49 workers of 68 for evacuation
[2024-08-28T01:12:38.179+0000][info][gc,phases   ] GC(325)   Pre Evacuate Collection Set: 0.4ms
[2024-08-28T01:12:38.179+0000][info][gc,phases   ] GC(325)   Merge Heap Roots: 1.1ms
[2024-08-28T01:12:38.179+0000][info][gc,phases   ] GC(325)   Evacuate Collection Set: 27.9ms
[2024-08-28T01:12:38.179+0000][info][gc,phases   ] GC(325)   Post Evacuate Collection Set: 0.6ms
[2024-08-28T01:12:38.179+0000][info][gc,phases   ] GC(325)   Other: 0.7ms
[2024-08-28T01:12:38.179+0000][info][gc,heap     ] GC(325) Eden regions: 135->0(90)
[2024-08-28T01:12:38.179+0000][info][gc,heap     ] GC(325) Survivor regions: 30->21(21)
[2024-08-28T01:12:38.179+0000][info][gc,heap     ] GC(325) Old regions: 1382->1532
[2024-08-28T01:12:38.179+0000][info][gc,heap     ] GC(325) Archive regions: 2->2
[2024-08-28T01:12:38.179+0000][info][gc,heap     ] GC(325) Humongous regions: 5->5
[2024-08-28T01:12:38.179+0000][info][gc,metaspace] GC(325) Metaspace: 100K(320K)->100K(320K) NonClass: 96K(192K)->96K(192K) Class: 4K(128K)->4K(128K)
[2024-08-28T01:12:38.179+0000][info][gc          ] GC(325) Pause Young (Concurrent Start) (G1 Evacuation Pause) 1552M->1558M(2048M) 30.762ms
[2024-08-28T01:12:38.179+0000][info][gc,cpu      ] GC(325) User=1.40s Sys=0.01s Real=0.04s
[2024-08-28T01:12:38.179+0000][info][gc          ] GC(326) Concurrent Mark Cycle
[2024-08-28T01:12:38.179+0000][info][gc,marking  ] GC(326) Concurrent Clear Claimed Marks
[2024-08-28T01:12:38.179+0000][info][gc,marking  ] GC(326) Concurrent Clear Claimed Marks 0.009ms
[2024-08-28T01:12:38.179+0000][info][gc,marking  ] GC(326) Concurrent Scan Root Regions
[2024-08-28T01:12:38.184+0000][info][gc,marking  ] GC(326) Concurrent Scan Root Regions 4.336ms
[2024-08-28T01:12:38.184+0000][info][gc,marking  ] GC(326) Concurrent Mark
[2024-08-28T01:12:38.184+0000][info][gc,marking  ] GC(326) Concurrent Mark From Roots
[2024-08-28T01:12:38.184+0000][info][gc,task     ] GC(326) Using 17 workers of 17 for marking
[2024-08-28T01:12:38.201+0000][info][gc,marking  ] GC(326) Concurrent Mark From Roots 17.252ms
[2024-08-28T01:12:38.201+0000][info][gc,marking  ] GC(326) Concurrent Preclean
[2024-08-28T01:12:38.202+0000][info][gc,marking  ] GC(326) Concurrent Preclean 1.108ms
[2024-08-28T01:12:38.202+0000][info][gc,start    ] GC(326) Pause Remark
[2024-08-28T01:12:38.205+0000][info][gc          ] GC(326) Pause Remark 1580M->1340M(2048M) 2.197ms
[2024-08-28T01:12:38.205+0000][info][gc,cpu      ] GC(326) User=0.02s Sys=0.01s Real=0.00s
[2024-08-28T01:12:38.205+0000][info][gc,marking  ] GC(326) Concurrent Mark 21.185ms
[2024-08-28T01:12:38.205+0000][info][gc,marking  ] GC(326) Concurrent Rebuild Remembered Sets
[2024-08-28T01:12:38.254+0000][info][gc,marking  ] GC(326) Concurrent Rebuild Remembered Sets 49.056ms
[2024-08-28T01:12:38.254+0000][info][gc,start    ] GC(326) Pause Cleanup
[2024-08-28T01:12:38.257+0000][info][gc          ] GC(326) Pause Cleanup 1404M->1404M(2048M) 3.164ms
[2024-08-28T01:12:38.257+0000][info][gc,cpu      ] GC(326) User=0.01s Sys=0.00s Real=0.01s
[2024-08-28T01:12:38.258+0000][info][gc,marking  ] GC(326) Concurrent Cleanup for Next Mark
[2024-08-28T01:12:38.259+0000][info][gc,marking  ] GC(326) Concurrent Cleanup for Next Mark 1.407ms
[2024-08-28T01:12:38.259+0000][info][gc          ] GC(326) Concurrent Mark Cycle 79.937ms
[2024-08-28T01:12:38.261+0000][info][gc,start    ] GC(327) Pause Young (Prepare Mixed) (G1 Evacuation Pause)
[2024-08-28T01:12:38.262+0000][info][gc,task     ] GC(327) Using 49 workers of 68 for evacuation
[2024-08-28T01:12:38.281+0000][info][gc,phases   ] GC(327)   Pre Evacuate Collection Set: 0.3ms
[2024-08-28T01:12:38.281+0000][info][gc,phases   ] GC(327)   Merge Heap Roots: 0.9ms
[2024-08-28T01:12:38.281+0000][info][gc,phases   ] GC(327)   Evacuate Collection Set: 17.8ms
[2024-08-28T01:12:38.281+0000][info][gc,phases   ] GC(327)   Post Evacuate Collection Set: 0.5ms
[2024-08-28T01:12:38.281+0000][info][gc,phases   ] GC(327)   Other: 0.2ms
[2024-08-28T01:12:38.281+0000][info][gc,heap     ] GC(327) Eden regions: 90->0(88)
[2024-08-28T01:12:38.281+0000][info][gc,heap     ] GC(327) Survivor regions: 21->14(14)
[2024-08-28T01:12:38.281+0000][info][gc,heap     ] GC(327) Old regions: 1292->1399
[2024-08-28T01:12:38.281+0000][info][gc,heap     ] GC(327) Archive regions: 2->2
[2024-08-28T01:12:38.281+0000][info][gc,heap     ] GC(327) Humongous regions: 5->5
[2024-08-28T01:12:38.281+0000][info][gc,metaspace] GC(327) Metaspace: 100K(320K)->100K(320K) NonClass: 96K(192K)->96K(192K) Class: 4K(128K)->4K(128K)
[2024-08-28T01:12:38.281+0000][info][gc          ] GC(327) Pause Young (Prepare Mixed) (G1 Evacuation Pause) 1408M->1418M(2048M) 19.806ms
[2024-08-28T01:12:38.281+0000][info][gc,cpu      ] GC(327) User=0.90s Sys=0.01s Real=0.02s
[2024-08-28T01:12:38.325+0000][info][gc,start    ] GC(328) Pause Young (Mixed) (G1 Evacuation Pause)
[2024-08-28T01:12:38.325+0000][info][gc,task     ] GC(328) Using 49 workers of 68 for evacuation
[2024-08-28T01:12:38.344+0000][info][gc,phases   ] GC(328)   Pre Evacuate Collection Set: 0.4ms
[2024-08-28T01:12:38.344+0000][info][gc,phases   ] GC(328)   Merge Heap Roots: 0.8ms
[2024-08-28T01:12:38.344+0000][info][gc,phases   ] GC(328)   Evacuate Collection Set: 17.1ms
[2024-08-28T01:12:38.344+0000][info][gc,phases   ] GC(328)   Post Evacuate Collection Set: 0.7ms
[2024-08-28T01:12:38.344+0000][info][gc,phases   ] GC(328)   Other: 0.3ms
[2024-08-28T01:12:38.344+0000][info][gc,heap     ] GC(328) Eden regions: 88->0(89)
[2024-08-28T01:12:38.344+0000][info][gc,heap     ] GC(328) Survivor regions: 14->13(13)
[2024-08-28T01:12:38.344+0000][info][gc,heap     ] GC(328) Old regions: 1399->1186
[2024-08-28T01:12:38.344+0000][info][gc,heap     ] GC(328) Archive regions: 2->2
[2024-08-28T01:12:38.344+0000][info][gc,heap     ] GC(328) Humongous regions: 5->5
[2024-08-28T01:12:38.344+0000][info][gc,metaspace] GC(328) Metaspace: 100K(320K)->100K(320K) NonClass: 96K(192K)->96K(192K) Class: 4K(128K)->4K(128K)
[2024-08-28T01:12:38.344+0000][info][gc          ] GC(328) Pause Young (Mixed) (G1 Evacuation Pause) 1506M->1204M(2048M) 19.253ms
[2024-08-28T01:12:38.344+0000][info][gc,cpu      ] GC(328) User=0.87s Sys=0.00s Real=0.02s
[2024-08-28T01:12:38.390+0000][info][gc,start    ] GC(329) Pause Young (Mixed) (G1 Evacuation Pause)
[2024-08-28T01:12:38.390+0000][info][gc,task     ] GC(329) Using 49 workers of 68 for evacuation
[2024-08-28T01:12:38.409+0000][info][gc,phases   ] GC(329)   Pre Evacuate Collection Set: 0.4ms
[2024-08-28T01:12:38.409+0000][info][gc,phases   ] GC(329)   Merge Heap Roots: 0.8ms
[2024-08-28T01:12:38.409+0000][info][gc,phases   ] GC(329)   Evacuate Collection Set: 17.0ms
[2024-08-28T01:12:38.409+0000][info][gc,phases   ] GC(329)   Post Evacuate Collection Set: 0.7ms
[2024-08-28T01:12:38.409+0000][info][gc,phases   ] GC(329)   Other: 0.3ms
[2024-08-28T01:12:38.409+0000][info][gc,heap     ] GC(329) Eden regions: 89->0(89)
[2024-08-28T01:12:38.409+0000][info][gc,heap     ] GC(329) Survivor regions: 13->13(13)
[2024-08-28T01:12:38.409+0000][info][gc,heap     ] GC(329) Old regions: 1186->972
[2024-08-28T01:12:38.409+0000][info][gc,heap     ] GC(329) Archive regions: 2->2
[2024-08-28T01:12:38.409+0000][info][gc,heap     ] GC(329) Humongous regions: 5->5
[2024-08-28T01:12:38.409+0000][info][gc,metaspace] GC(329) Metaspace: 100K(320K)->100K(320K) NonClass: 96K(192K)->96K(192K) Class: 4K(128K)->4K(128K)
[2024-08-28T01:12:38.409+0000][info][gc          ] GC(329) Pause Young (Mixed) (G1 Evacuation Pause) 1293M->990M(2048M) 19.290ms
[2024-08-28T01:12:38.409+0000][info][gc,cpu      ] GC(329) User=0.87s Sys=0.01s Real=0.01s
[2024-08-28T01:12:38.454+0000][info][gc,start    ] GC(330) Pause Young (Mixed) (G1 Evacuation Pause)
[2024-08-28T01:12:38.454+0000][info][gc,task     ] GC(330) Using 49 workers of 68 for evacuation
[2024-08-28T01:12:38.476+0000][info][gc,phases   ] GC(330)   Pre Evacuate Collection Set: 0.4ms
[2024-08-28T01:12:38.476+0000][info][gc,phases   ] GC(330)   Merge Heap Roots: 0.9ms
[2024-08-28T01:12:38.476+0000][info][gc,phases   ] GC(330)   Evacuate Collection Set: 20.3ms
[2024-08-28T01:12:38.476+0000][info][gc,phases   ] GC(330)   Post Evacuate Collection Set: 0.7ms
[2024-08-28T01:12:38.476+0000][info][gc,phases   ] GC(330)   Other: 0.2ms
[2024-08-28T01:12:38.476+0000][info][gc,heap     ] GC(330) Eden regions: 89->0(292)
[2024-08-28T01:12:38.477+0000][info][gc,heap     ] GC(330) Survivor regions: 13->13(13)
[2024-08-28T01:12:38.477+0000][info][gc,heap     ] GC(330) Old regions: 972->916
[2024-08-28T01:12:38.477+0000][info][gc,heap     ] GC(330) Archive regions: 2->2
[2024-08-28T01:12:38.477+0000][info][gc,heap     ] GC(330) Humongous regions: 5->5
[2024-08-28T01:12:38.477+0000][info][gc,metaspace] GC(330) Metaspace: 100K(320K)->100K(320K) NonClass: 96K(192K)->96K(192K) Class: 4K(128K)->4K(128K)
[2024-08-28T01:12:38.477+0000][info][gc          ] GC(330) Pause Young (Mixed) (G1 Evacuation Pause) 1079M->934M(2048M) 22.573ms
[2024-08-28T01:12:38.477+0000][info][gc,cpu      ] GC(330) User=1.03s Sys=0.00s Real=0.02s
[2024-08-28T01:12:38.619+0000][info][gc,start    ] GC(331) Pause Young (Normal) (G1 Evacuation Pause)
[2024-08-28T01:12:38.619+0000][info][gc,task     ] GC(331) Using 49 workers of 68 for evacuation
[2024-08-28T01:12:38.666+0000][info][gc,phases   ] GC(331)   Pre Evacuate Collection Set: 0.4ms
[2024-08-28T01:12:38.666+0000][info][gc,phases   ] GC(331)   Merge Heap Roots: 1.1ms
[2024-08-28T01:12:38.666+0000][info][gc,phases   ] GC(331)   Evacuate Collection Set: 45.2ms
[2024-08-28T01:12:38.666+0000][info][gc,phases   ] GC(331)   Post Evacuate Collection Set: 0.7ms
[2024-08-28T01:12:38.666+0000][info][gc,phases   ] GC(331)   Other: 0.3ms
[2024-08-28T01:12:38.666+0000][info][gc,heap     ] GC(331) Eden regions: 292->0(200)
[2024-08-28T01:12:38.666+0000][info][gc,heap     ] GC(331) Survivor regions: 13->39(39)
[2024-08-28T01:12:38.666+0000][info][gc,heap     ] GC(331) Old regions: 916->1174
[2024-08-28T01:12:38.666+0000][info][gc,heap     ] GC(331) Archive regions: 2->2
[2024-08-28T01:12:38.666+0000][info][gc,heap     ] GC(331) Humongous regions: 5->5
[2024-08-28T01:12:38.666+0000][info][gc,metaspace] GC(331) Metaspace: 100K(320K)->100K(320K) NonClass: 96K(192K)->96K(192K) Class: 4K(128K)->4K(128K)
[2024-08-28T01:12:38.666+0000][info][gc          ] GC(331) Pause Young (Normal) (G1 Evacuation Pause) 1226M->1218M(2048M) 47.717ms
[2024-08-28T01:12:38.666+0000][info][gc,cpu      ] GC(331) User=2.08s Sys=0.09s Real=0.04s
[2024-08-28T01:12:38.779+0000][info][gc,start    ] GC(332) Pause Young (Normal) (G1 Evacuation Pause)
[2024-08-28T01:12:38.779+0000][info][gc,task     ] GC(332) Using 49 workers of 68 for evacuation
[2024-08-28T01:12:38.819+0000][info][gc,phases   ] GC(332)   Pre Evacuate Collection Set: 0.3ms
[2024-08-28T01:12:38.819+0000][info][gc,phases   ] GC(332)   Merge Heap Roots: 1.1ms
[2024-08-28T01:12:38.819+0000][info][gc,phases   ] GC(332)   Evacuate Collection Set: 38.3ms
[2024-08-28T01:12:38.819+0000][info][gc,phases   ] GC(332)   Post Evacuate Collection Set: 0.6ms
[2024-08-28T01:12:38.819+0000][info][gc,phases   ] GC(332)   Other: 0.3ms
[2024-08-28T01:12:38.819+0000][info][gc,heap     ] GC(332) Eden regions: 200->0(135)
[2024-08-28T01:12:38.819+0000][info][gc,heap     ] GC(332) Survivor regions: 39->30(30)
[2024-08-28T01:12:38.819+0000][info][gc,heap     ] GC(332) Old regions: 1174->1383
[2024-08-28T01:12:38.819+0000][info][gc,heap     ] GC(332) Archive regions: 2->2
[2024-08-28T01:12:38.819+0000][info][gc,heap     ] GC(332) Humongous regions: 5->5
[2024-08-28T01:12:38.819+0000][info][gc,metaspace] GC(332) Metaspace: 100K(320K)->100K(320K) NonClass: 96K(192K)->96K(192K) Class: 4K(128K)->4K(128K)
[2024-08-28T01:12:38.819+0000][info][gc          ] GC(332) Pause Young (Normal) (G1 Evacuation Pause) 1418M->1418M(2048M) 40.556ms
[2024-08-28T01:12:38.819+0000][info][gc,cpu      ] GC(332) User=1.74s Sys=0.17s Real=0.04s
[2024-08-28T01:12:38.886+0000][info][gc,start    ] GC(333) Pause Young (Concurrent Start) (G1 Evacuation Pause)
[2024-08-28T01:12:38.886+0000][info][gc,task     ] GC(333) Using 49 workers of 68 for evacuation
[2024-08-28T01:12:38.918+0000][info][gc,phases   ] GC(333)   Pre Evacuate Collection Set: 0.3ms
[2024-08-28T01:12:38.918+0000][info][gc,phases   ] GC(333)   Merge Heap Roots: 1.0ms
[2024-08-28T01:12:38.918+0000][info][gc,phases   ] GC(333)   Evacuate Collection Set: 29.8ms
[2024-08-28T01:12:38.918+0000][info][gc,phases   ] GC(333)   Post Evacuate Collection Set: 0.6ms
[2024-08-28T01:12:38.918+0000][info][gc,phases   ] GC(333)   Other: 0.7ms
[2024-08-28T01:12:38.918+0000][info][gc,heap     ] GC(333) Eden regions: 135->0(90)
[2024-08-28T01:12:38.918+0000][info][gc,heap     ] GC(333) Survivor regions: 30->21(21)
[2024-08-28T01:12:38.918+0000][info][gc,heap     ] GC(333) Old regions: 1383->1531
[2024-08-28T01:12:38.918+0000][info][gc,heap     ] GC(333) Archive regions: 2->2
[2024-08-28T01:12:38.918+0000][info][gc,heap     ] GC(333) Humongous regions: 5->5
[2024-08-28T01:12:38.918+0000][info][gc,metaspace] GC(333) Metaspace: 100K(320K)->100K(320K) NonClass: 96K(192K)->96K(192K) Class: 4K(128K)->4K(128K)
[2024-08-28T01:12:38.918+0000][info][gc          ] GC(333) Pause Young (Concurrent Start) (G1 Evacuation Pause) 1553M->1557M(2048M) 32.377ms
[2024-08-28T01:12:38.918+0000][info][gc,cpu      ] GC(333) User=1.36s Sys=0.01s Real=0.04s
[2024-08-28T01:12:38.918+0000][info][gc          ] GC(334) Concurrent Mark Cycle
[2024-08-28T01:12:38.918+0000][info][gc,marking  ] GC(334) Concurrent Clear Claimed Marks
[2024-08-28T01:12:38.918+0000][info][gc,marking  ] GC(334) Concurrent Clear Claimed Marks 0.010ms
[2024-08-28T01:12:38.918+0000][info][gc,marking  ] GC(334) Concurrent Scan Root Regions
[2024-08-28T01:12:38.923+0000][info][gc,marking  ] GC(334) Concurrent Scan Root Regions 4.139ms
[2024-08-28T01:12:38.923+0000][info][gc,marking  ] GC(334) Concurrent Mark
[2024-08-28T01:12:38.923+0000][info][gc,marking  ] GC(334) Concurrent Mark From Roots
[2024-08-28T01:12:38.923+0000][info][gc,task     ] GC(334) Using 17 workers of 17 for marking
[2024-08-28T01:12:38.942+0000][info][gc,marking  ] GC(334) Concurrent Mark From Roots 19.812ms
[2024-08-28T01:12:38.943+0000][info][gc,marking  ] GC(334) Concurrent Preclean
[2024-08-28T01:12:38.943+0000][info][gc,marking  ] GC(334) Concurrent Preclean 0.576ms
[2024-08-28T01:12:38.943+0000][info][gc,start    ] GC(334) Pause Remark
[2024-08-28T01:12:38.946+0000][info][gc          ] GC(334) Pause Remark 1578M->1360M(2048M) 2.164ms
[2024-08-28T01:12:38.946+0000][info][gc,cpu      ] GC(334) User=0.01s Sys=0.00s Real=0.00s
[2024-08-28T01:12:38.946+0000][info][gc,marking  ] GC(334) Concurrent Mark 22.969ms
[2024-08-28T01:12:38.946+0000][info][gc,marking  ] GC(334) Concurrent Rebuild Remembered Sets
[2024-08-28T01:12:38.998+0000][info][gc,marking  ] GC(334) Concurrent Rebuild Remembered Sets 52.459ms
[2024-08-28T01:12:38.998+0000][info][gc,start    ] GC(334) Pause Cleanup
[2024-08-28T01:12:39.002+0000][info][gc          ] GC(334) Pause Cleanup 1423M->1423M(2048M) 3.127ms
[2024-08-28T01:12:39.002+0000][info][gc,cpu      ] GC(334) User=0.01s Sys=0.00s Real=0.00s
[2024-08-28T01:12:39.002+0000][info][gc,marking  ] GC(334) Concurrent Cleanup for Next Mark
[2024-08-28T01:12:39.003+0000][info][gc,marking  ] GC(334) Concurrent Cleanup for Next Mark 1.311ms
[2024-08-28T01:12:39.003+0000][info][gc          ] GC(334) Concurrent Mark Cycle 84.666ms
[2024-08-28T01:12:39.007+0000][info][gc,start    ] GC(335) Pause Young (Prepare Mixed) (G1 Evacuation Pause)
[2024-08-28T01:12:39.007+0000][info][gc,task     ] GC(335) Using 49 workers of 68 for evacuation
[2024-08-28T01:12:39.027+0000][info][gc,phases   ] GC(335)   Pre Evacuate Collection Set: 0.3ms
[2024-08-28T01:12:39.027+0000][info][gc,phases   ] GC(335)   Merge Heap Roots: 1.0ms
[2024-08-28T01:12:39.027+0000][info][gc,phases   ] GC(335)   Evacuate Collection Set: 17.8ms
[2024-08-28T01:12:39.027+0000][info][gc,phases   ] GC(335)   Post Evacuate Collection Set: 0.5ms
[2024-08-28T01:12:39.027+0000][info][gc,phases   ] GC(335)   Other: 0.2ms
[2024-08-28T01:12:39.027+0000][info][gc,heap     ] GC(335) Eden regions: 90->0(88)
[2024-08-28T01:12:39.027+0000][info][gc,heap     ] GC(335) Survivor regions: 21->14(14)
[2024-08-28T01:12:39.027+0000][info][gc,heap     ] GC(335) Old regions: 1313->1419
[2024-08-28T01:12:39.027+0000][info][gc,heap     ] GC(335) Archive regions: 2->2
[2024-08-28T01:12:39.027+0000][info][gc,heap     ] GC(335) Humongous regions: 5->5
[2024-08-28T01:12:39.027+0000][info][gc,metaspace] GC(335) Metaspace: 100K(320K)->100K(320K) NonClass: 96K(192K)->96K(192K) Class: 4K(128K)->4K(128K)
[2024-08-28T01:12:39.027+0000][info][gc          ] GC(335) Pause Young (Prepare Mixed) (G1 Evacuation Pause) 1429M->1438M(2048M) 19.824ms
[2024-08-28T01:12:39.027+0000][info][gc,cpu      ] GC(335) User=0.87s Sys=0.04s Real=0.02s
[2024-08-28T01:12:39.071+0000][info][gc,start    ] GC(336) Pause Young (Mixed) (G1 Evacuation Pause)
[2024-08-28T01:12:39.071+0000][info][gc,task     ] GC(336) Using 49 workers of 68 for evacuation
[2024-08-28T01:12:39.090+0000][info][gc,phases   ] GC(336)   Pre Evacuate Collection Set: 0.4ms
[2024-08-28T01:12:39.090+0000][info][gc,phases   ] GC(336)   Merge Heap Roots: 0.7ms
[2024-08-28T01:12:39.090+0000][info][gc,phases   ] GC(336)   Evacuate Collection Set: 16.9ms
[2024-08-28T01:12:39.090+0000][info][gc,phases   ] GC(336)   Post Evacuate Collection Set: 0.8ms
[2024-08-28T01:12:39.090+0000][info][gc,phases   ] GC(336)   Other: 0.3ms
[2024-08-28T01:12:39.090+0000][info][gc,heap     ] GC(336) Eden regions: 88->0(89)
[2024-08-28T01:12:39.090+0000][info][gc,heap     ] GC(336) Survivor regions: 14->13(13)
[2024-08-28T01:12:39.090+0000][info][gc,heap     ] GC(336) Old regions: 1419->1207
[2024-08-28T01:12:39.090+0000][info][gc,heap     ] GC(336) Archive regions: 2->2
[2024-08-28T01:12:39.090+0000][info][gc,heap     ] GC(336) Humongous regions: 5->5
[2024-08-28T01:12:39.090+0000][info][gc,metaspace] GC(336) Metaspace: 100K(320K)->100K(320K) NonClass: 96K(192K)->96K(192K) Class: 4K(128K)->4K(128K)
[2024-08-28T01:12:39.090+0000][info][gc          ] GC(336) Pause Young (Mixed) (G1 Evacuation Pause) 1526M->1225M(2048M) 19.213ms
[2024-08-28T01:12:39.090+0000][info][gc,cpu      ] GC(336) User=0.84s Sys=0.02s Real=0.02s
[2024-08-28T01:12:39.135+0000][info][gc,start    ] GC(337) Pause Young (Mixed) (G1 Evacuation Pause)
[2024-08-28T01:12:39.135+0000][info][gc,task     ] GC(337) Using 49 workers of 68 for evacuation
[2024-08-28T01:12:39.154+0000][info][gc,phases   ] GC(337)   Pre Evacuate Collection Set: 0.5ms
[2024-08-28T01:12:39.154+0000][info][gc,phases   ] GC(337)   Merge Heap Roots: 0.8ms
[2024-08-28T01:12:39.154+0000][info][gc,phases   ] GC(337)   Evacuate Collection Set: 16.9ms
[2024-08-28T01:12:39.154+0000][info][gc,phases   ] GC(337)   Post Evacuate Collection Set: 0.8ms
[2024-08-28T01:12:39.154+0000][info][gc,phases   ] GC(337)   Other: 0.3ms
[2024-08-28T01:12:39.154+0000][info][gc,heap     ] GC(337) Eden regions: 89->0(89)
[2024-08-28T01:12:39.154+0000][info][gc,heap     ] GC(337) Survivor regions: 13->13(13)
[2024-08-28T01:12:39.154+0000][info][gc,heap     ] GC(337) Old regions: 1207->994
[2024-08-28T01:12:39.154+0000][info][gc,heap     ] GC(337) Archive regions: 2->2
[2024-08-28T01:12:39.154+0000][info][gc,heap     ] GC(337) Humongous regions: 5->5
[2024-08-28T01:12:39.154+0000][info][gc,metaspace] GC(337) Metaspace: 100K(320K)->100K(320K) NonClass: 96K(192K)->96K(192K) Class: 4K(128K)->4K(128K)
[2024-08-28T01:12:39.155+0000][info][gc          ] GC(337) Pause Young (Mixed) (G1 Evacuation Pause) 1314M->1012M(2048M) 19.555ms
[2024-08-28T01:12:39.155+0000][info][gc,cpu      ] GC(337) User=0.78s Sys=0.09s Real=0.02s
[2024-08-28T01:12:39.200+0000][info][gc,start    ] GC(338) Pause Young (Mixed) (G1 Evacuation Pause)
[2024-08-28T01:12:39.200+0000][info][gc,task     ] GC(338) Using 49 workers of 68 for evacuation
[2024-08-28T01:12:39.222+0000][info][gc,phases   ] GC(338)   Pre Evacuate Collection Set: 0.6ms
[2024-08-28T01:12:39.222+0000][info][gc,phases   ] GC(338)   Merge Heap Roots: 0.9ms
[2024-08-28T01:12:39.222+0000][info][gc,phases   ] GC(338)   Evacuate Collection Set: 19.9ms
[2024-08-28T01:12:39.222+0000][info][gc,phases   ] GC(338)   Post Evacuate Collection Set: 0.6ms
[2024-08-28T01:12:39.222+0000][info][gc,phases   ] GC(338)   Other: 0.3ms
[2024-08-28T01:12:39.222+0000][info][gc,heap     ] GC(338) Eden regions: 89->0(292)
[2024-08-28T01:12:39.222+0000][info][gc,heap     ] GC(338) Survivor regions: 13->13(13)
[2024-08-28T01:12:39.222+0000][info][gc,heap     ] GC(338) Old regions: 994->917
[2024-08-28T01:12:39.222+0000][info][gc,heap     ] GC(338) Archive regions: 2->2
[2024-08-28T01:12:39.222+0000][info][gc,heap     ] GC(338) Humongous regions: 5->5
[2024-08-28T01:12:39.222+0000][info][gc,metaspace] GC(338) Metaspace: 100K(320K)->100K(320K) NonClass: 96K(192K)->96K(192K) Class: 4K(128K)->4K(128K)
[2024-08-28T01:12:39.222+0000][info][gc          ] GC(338) Pause Young (Mixed) (G1 Evacuation Pause) 1101M->935M(2048M) 22.413ms
[2024-08-28T01:12:39.222+0000][info][gc,cpu      ] GC(338) User=0.99s Sys=0.02s Real=0.02s
[2024-08-28T01:12:39.362+0000][info][gc,start    ] GC(339) Pause Young (Normal) (G1 Evacuation Pause)
[2024-08-28T01:12:39.363+0000][info][gc,task     ] GC(339) Using 49 workers of 68 for evacuation
[2024-08-28T01:12:39.409+0000][info][gc,phases   ] GC(339)   Pre Evacuate Collection Set: 0.5ms
[2024-08-28T01:12:39.409+0000][info][gc,phases   ] GC(339)   Merge Heap Roots: 1.2ms
[2024-08-28T01:12:39.409+0000][info][gc,phases   ] GC(339)   Evacuate Collection Set: 43.7ms
[2024-08-28T01:12:39.409+0000][info][gc,phases   ] GC(339)   Post Evacuate Collection Set: 0.6ms
[2024-08-28T01:12:39.409+0000][info][gc,phases   ] GC(339)   Other: 0.4ms
[2024-08-28T01:12:39.409+0000][info][gc,heap     ] GC(339) Eden regions: 292->0(200)
[2024-08-28T01:12:39.409+0000][info][gc,heap     ] GC(339) Survivor regions: 13->39(39)
[2024-08-28T01:12:39.409+0000][info][gc,heap     ] GC(339) Old regions: 917->1175
[2024-08-28T01:12:39.409+0000][info][gc,heap     ] GC(339) Archive regions: 2->2
[2024-08-28T01:12:39.409+0000][info][gc,heap     ] GC(339) Humongous regions: 5->5
[2024-08-28T01:12:39.409+0000][info][gc,metaspace] GC(339) Metaspace: 100K(320K)->100K(320K) NonClass: 96K(192K)->96K(192K) Class: 4K(128K)->4K(128K)
[2024-08-28T01:12:39.409+0000][info][gc          ] GC(339) Pause Young (Normal) (G1 Evacuation Pause) 1227M->1219M(2048M) 46.380ms
[2024-08-28T01:12:39.409+0000][info][gc,cpu      ] GC(339) User=2.00s Sys=0.14s Real=0.04s
[2024-08-28T01:12:39.508+0000][info][gc,start    ] GC(340) Pause Young (Normal) (G1 Evacuation Pause)
[2024-08-28T01:12:39.508+0000][info][gc,task     ] GC(340) Using 49 workers of 68 for evacuation
[2024-08-28T01:12:39.551+0000][info][gc,phases   ] GC(340)   Pre Evacuate Collection Set: 0.4ms
[2024-08-28T01:12:39.551+0000][info][gc,phases   ] GC(340)   Merge Heap Roots: 1.1ms
[2024-08-28T01:12:39.551+0000][info][gc,phases   ] GC(340)   Evacuate Collection Set: 40.4ms
[2024-08-28T01:12:39.551+0000][info][gc,phases   ] GC(340)   Post Evacuate Collection Set: 0.6ms
[2024-08-28T01:12:39.551+0000][info][gc,phases   ] GC(340)   Other: 0.3ms
[2024-08-28T01:12:39.551+0000][info][gc,heap     ] GC(340) Eden regions: 200->0(135)
[2024-08-28T01:12:39.551+0000][info][gc,heap     ] GC(340) Survivor regions: 39->30(30)
[2024-08-28T01:12:39.551+0000][info][gc,heap     ] GC(340) Old regions: 1175->1383
[2024-08-28T01:12:39.551+0000][info][gc,heap     ] GC(340) Archive regions: 2->2
[2024-08-28T01:12:39.551+0000][info][gc,heap     ] GC(340) Humongous regions: 5->5
[2024-08-28T01:12:39.551+0000][info][gc,metaspace] GC(340) Metaspace: 100K(320K)->100K(320K) NonClass: 96K(192K)->96K(192K) Class: 4K(128K)->4K(128K)
[2024-08-28T01:12:39.551+0000][info][gc          ] GC(340) Pause Young (Normal) (G1 Evacuation Pause) 1419M->1418M(2048M) 42.865ms
[2024-08-28T01:12:39.551+0000][info][gc,cpu      ] GC(340) User=1.69s Sys=0.24s Real=0.05s
[2024-08-28T01:12:39.623+0000][info][gc,start    ] GC(341) Pause Young (Concurrent Start) (G1 Evacuation Pause)
[2024-08-28T01:12:39.623+0000][info][gc,task     ] GC(341) Using 49 workers of 68 for evacuation
[2024-08-28T01:12:39.656+0000][info][gc,phases   ] GC(341)   Pre Evacuate Collection Set: 0.4ms
[2024-08-28T01:12:39.656+0000][info][gc,phases   ] GC(341)   Merge Heap Roots: 1.0ms
[2024-08-28T01:12:39.656+0000][info][gc,phases   ] GC(341)   Evacuate Collection Set: 29.5ms
[2024-08-28T01:12:39.656+0000][info][gc,phases   ] GC(341)   Post Evacuate Collection Set: 0.5ms
[2024-08-28T01:12:39.656+0000][info][gc,phases   ] GC(341)   Other: 1.1ms
[2024-08-28T01:12:39.656+0000][info][gc,heap     ] GC(341) Eden regions: 135->0(89)
[2024-08-28T01:12:39.656+0000][info][gc,heap     ] GC(341) Survivor regions: 30->21(21)
[2024-08-28T01:12:39.656+0000][info][gc,heap     ] GC(341) Old regions: 1383->1534
[2024-08-28T01:12:39.656+0000][info][gc,heap     ] GC(341) Archive regions: 2->2
[2024-08-28T01:12:39.656+0000][info][gc,heap     ] GC(341) Humongous regions: 5->5
[2024-08-28T01:12:39.656+0000][info][gc,metaspace] GC(341) Metaspace: 100K(320K)->100K(320K) NonClass: 96K(192K)->96K(192K) Class: 4K(128K)->4K(128K)
[2024-08-28T01:12:39.656+0000][info][gc          ] GC(341) Pause Young (Concurrent Start) (G1 Evacuation Pause) 1553M->1560M(2048M) 32.683ms
[2024-08-28T01:12:39.656+0000][info][gc,cpu      ] GC(341) User=1.32s Sys=0.16s Real=0.03s
[2024-08-28T01:12:39.656+0000][info][gc          ] GC(342) Concurrent Mark Cycle
[2024-08-28T01:12:39.656+0000][info][gc,marking  ] GC(342) Concurrent Clear Claimed Marks
[2024-08-28T01:12:39.656+0000][info][gc,marking  ] GC(342) Concurrent Clear Claimed Marks 0.011ms
[2024-08-28T01:12:39.656+0000][info][gc,marking  ] GC(342) Concurrent Scan Root Regions
[2024-08-28T01:12:39.660+0000][info][gc,marking  ] GC(342) Concurrent Scan Root Regions 4.151ms
[2024-08-28T01:12:39.660+0000][info][gc,marking  ] GC(342) Concurrent Mark
[2024-08-28T01:12:39.660+0000][info][gc,marking  ] GC(342) Concurrent Mark From Roots
[2024-08-28T01:12:39.660+0000][info][gc,task     ] GC(342) Using 17 workers of 17 for marking
[2024-08-28T01:12:39.678+0000][info][gc,marking  ] GC(342) Concurrent Mark From Roots 17.551ms
[2024-08-28T01:12:39.678+0000][info][gc,marking  ] GC(342) Concurrent Preclean
[2024-08-28T01:12:39.679+0000][info][gc,marking  ] GC(342) Concurrent Preclean 1.076ms
[2024-08-28T01:12:39.679+0000][info][gc,start    ] GC(342) Pause Remark
[2024-08-28T01:12:39.681+0000][info][gc          ] GC(342) Pause Remark 1582M->1356M(2048M) 1.982ms
[2024-08-28T01:12:39.681+0000][info][gc,cpu      ] GC(342) User=0.01s Sys=0.00s Real=0.00s
[2024-08-28T01:12:39.681+0000][info][gc,marking  ] GC(342) Concurrent Mark 21.081ms
[2024-08-28T01:12:39.681+0000][info][gc,marking  ] GC(342) Concurrent Rebuild Remembered Sets
[2024-08-28T01:12:39.732+0000][info][gc,marking  ] GC(342) Concurrent Rebuild Remembered Sets 50.675ms
[2024-08-28T01:12:39.732+0000][info][gc,start    ] GC(342) Pause Cleanup
[2024-08-28T01:12:39.736+0000][info][gc          ] GC(342) Pause Cleanup 1422M->1422M(2048M) 3.161ms
[2024-08-28T01:12:39.736+0000][info][gc,cpu      ] GC(342) User=0.02s Sys=0.00s Real=0.00s
[2024-08-28T01:12:39.736+0000][info][gc,marking  ] GC(342) Concurrent Cleanup for Next Mark
[2024-08-28T01:12:39.737+0000][info][gc,marking  ] GC(342) Concurrent Cleanup for Next Mark 1.357ms
[2024-08-28T01:12:39.737+0000][info][gc          ] GC(342) Concurrent Mark Cycle 81.218ms
[2024-08-28T01:12:39.738+0000][info][gc,start    ] GC(343) Pause Young (Prepare Mixed) (G1 Evacuation Pause)
[2024-08-28T01:12:39.738+0000][info][gc,task     ] GC(343) Using 49 workers of 68 for evacuation
[2024-08-28T01:12:39.761+0000][info][gc,phases   ] GC(343)   Pre Evacuate Collection Set: 0.3ms
[2024-08-28T01:12:39.761+0000][info][gc,phases   ] GC(343)   Merge Heap Roots: 0.9ms
[2024-08-28T01:12:39.761+0000][info][gc,phases   ] GC(343)   Evacuate Collection Set: 21.5ms
[2024-08-28T01:12:39.761+0000][info][gc,phases   ] GC(343)   Post Evacuate Collection Set: 0.5ms
[2024-08-28T01:12:39.761+0000][info][gc,phases   ] GC(343)   Other: 0.2ms
[2024-08-28T01:12:39.761+0000][info][gc,heap     ] GC(343) Eden regions: 89->0(88)
[2024-08-28T01:12:39.761+0000][info][gc,heap     ] GC(343) Survivor regions: 21->14(14)
[2024-08-28T01:12:39.761+0000][info][gc,heap     ] GC(343) Old regions: 1308->1412
[2024-08-28T01:12:39.761+0000][info][gc,heap     ] GC(343) Archive regions: 2->2
[2024-08-28T01:12:39.761+0000][info][gc,heap     ] GC(343) Humongous regions: 5->5
[2024-08-28T01:12:39.761+0000][info][gc,metaspace] GC(343) Metaspace: 100K(320K)->100K(320K) NonClass: 96K(192K)->96K(192K) Class: 4K(128K)->4K(128K)
[2024-08-28T01:12:39.761+0000][info][gc          ] GC(343) Pause Young (Prepare Mixed) (G1 Evacuation Pause) 1423M->1431M(2048M) 23.487ms
[2024-08-28T01:12:39.761+0000][info][gc,cpu      ] GC(343) User=0.86s Sys=0.06s Real=0.02s
[2024-08-28T01:12:39.809+0000][info][gc,start    ] GC(344) Pause Young (Mixed) (G1 Evacuation Pause)
[2024-08-28T01:12:39.810+0000][info][gc,task     ] GC(344) Using 49 workers of 68 for evacuation
[2024-08-28T01:12:39.828+0000][info][gc,phases   ] GC(344)   Pre Evacuate Collection Set: 0.4ms
[2024-08-28T01:12:39.828+0000][info][gc,phases   ] GC(344)   Merge Heap Roots: 0.8ms
[2024-08-28T01:12:39.828+0000][info][gc,phases   ] GC(344)   Evacuate Collection Set: 16.7ms
[2024-08-28T01:12:39.828+0000][info][gc,phases   ] GC(344)   Post Evacuate Collection Set: 0.7ms
[2024-08-28T01:12:39.828+0000][info][gc,phases   ] GC(344)   Other: 0.3ms
[2024-08-28T01:12:39.828+0000][info][gc,heap     ] GC(344) Eden regions: 88->0(89)
[2024-08-28T01:12:39.828+0000][info][gc,heap     ] GC(344) Survivor regions: 14->13(13)
[2024-08-28T01:12:39.828+0000][info][gc,heap     ] GC(344) Old regions: 1412->1200
[2024-08-28T01:12:39.828+0000][info][gc,heap     ] GC(344) Archive regions: 2->2
[2024-08-28T01:12:39.828+0000][info][gc,heap     ] GC(344) Humongous regions: 5->5
[2024-08-28T01:12:39.828+0000][info][gc,metaspace] GC(344) Metaspace: 100K(320K)->100K(320K) NonClass: 96K(192K)->96K(192K) Class: 4K(128K)->4K(128K)
[2024-08-28T01:12:39.828+0000][info][gc          ] GC(344) Pause Young (Mixed) (G1 Evacuation Pause) 1519M->1218M(2048M) 18.928ms
[2024-08-28T01:12:39.828+0000][info][gc,cpu      ] GC(344) User=0.76s Sys=0.09s Real=0.02s
[2024-08-28T01:12:39.875+0000][info][gc,start    ] GC(345) Pause Young (Mixed) (G1 Evacuation Pause)
[2024-08-28T01:12:39.876+0000][info][gc,task     ] GC(345) Using 49 workers of 68 for evacuation
[2024-08-28T01:12:39.894+0000][info][gc,phases   ] GC(345)   Pre Evacuate Collection Set: 0.5ms
[2024-08-28T01:12:39.895+0000][info][gc,phases   ] GC(345)   Merge Heap Roots: 0.8ms
[2024-08-28T01:12:39.895+0000][info][gc,phases   ] GC(345)   Evacuate Collection Set: 16.8ms
[2024-08-28T01:12:39.895+0000][info][gc,phases   ] GC(345)   Post Evacuate Collection Set: 0.7ms
[2024-08-28T01:12:39.895+0000][info][gc,phases   ] GC(345)   Other: 0.3ms
[2024-08-28T01:12:39.895+0000][info][gc,heap     ] GC(345) Eden regions: 89->0(89)
[2024-08-28T01:12:39.895+0000][info][gc,heap     ] GC(345) Survivor regions: 13->13(13)
[2024-08-28T01:12:39.895+0000][info][gc,heap     ] GC(345) Old regions: 1200->986
[2024-08-28T01:12:39.895+0000][info][gc,heap     ] GC(345) Archive regions: 2->2
[2024-08-28T01:12:39.895+0000][info][gc,heap     ] GC(345) Humongous regions: 5->5
[2024-08-28T01:12:39.895+0000][info][gc,metaspace] GC(345) Metaspace: 100K(320K)->100K(320K) NonClass: 96K(192K)->96K(192K) Class: 4K(128K)->4K(128K)
[2024-08-28T01:12:39.895+0000][info][gc          ] GC(345) Pause Young (Mixed) (G1 Evacuation Pause) 1307M->1004M(2048M) 19.121ms
[2024-08-28T01:12:39.895+0000][info][gc,cpu      ] GC(345) User=0.80s Sys=0.05s Real=0.02s
[2024-08-28T01:12:39.943+0000][info][gc,start    ] GC(346) Pause Young (Mixed) (G1 Evacuation Pause)
[2024-08-28T01:12:39.943+0000][info][gc,task     ] GC(346) Using 49 workers of 68 for evacuation
[2024-08-28T01:12:39.965+0000][info][gc,phases   ] GC(346)   Pre Evacuate Collection Set: 0.4ms
[2024-08-28T01:12:39.965+0000][info][gc,phases   ] GC(346)   Merge Heap Roots: 0.8ms
[2024-08-28T01:12:39.965+0000][info][gc,phases   ] GC(346)   Evacuate Collection Set: 19.9ms
[2024-08-28T01:12:39.965+0000][info][gc,phases   ] GC(346)   Post Evacuate Collection Set: 0.6ms
[2024-08-28T01:12:39.965+0000][info][gc,phases   ] GC(346)   Other: 0.2ms
[2024-08-28T01:12:39.965+0000][info][gc,heap     ] GC(346) Eden regions: 89->0(291)
[2024-08-28T01:12:39.965+0000][info][gc,heap     ] GC(346) Survivor regions: 13->13(13)
[2024-08-28T01:12:39.965+0000][info][gc,heap     ] GC(346) Old regions: 986->916
[2024-08-28T01:12:39.965+0000][info][gc,heap     ] GC(346) Archive regions: 2->2
[2024-08-28T01:12:39.965+0000][info][gc,heap     ] GC(346) Humongous regions: 5->5
[2024-08-28T01:12:39.965+0000][info][gc,metaspace] GC(346) Metaspace: 100K(320K)->100K(320K) NonClass: 96K(192K)->96K(192K) Class: 4K(128K)->4K(128K)
[2024-08-28T01:12:39.965+0000][info][gc          ] GC(346) Pause Young (Mixed) (G1 Evacuation Pause) 1093M->934M(2048M) 22.046ms
[2024-08-28T01:12:39.965+0000][info][gc,cpu      ] GC(346) User=1.00s Sys=0.00s Real=0.02s
[2024-08-28T01:12:40.131+0000][info][gc,start    ] GC(347) Pause Young (Normal) (G1 Evacuation Pause)
[2024-08-28T01:12:40.131+0000][info][gc,task     ] GC(347) Using 49 workers of 68 for evacuation
[2024-08-28T01:12:40.177+0000][info][gc,phases   ] GC(347)   Pre Evacuate Collection Set: 0.4ms
[2024-08-28T01:12:40.177+0000][info][gc,phases   ] GC(347)   Merge Heap Roots: 1.2ms
[2024-08-28T01:12:40.177+0000][info][gc,phases   ] GC(347)   Evacuate Collection Set: 42.8ms
[2024-08-28T01:12:40.177+0000][info][gc,phases   ] GC(347)   Post Evacuate Collection Set: 0.6ms
[2024-08-28T01:12:40.177+0000][info][gc,phases   ] GC(347)   Other: 0.3ms
[2024-08-28T01:12:40.177+0000][info][gc,heap     ] GC(347) Eden regions: 291->0(200)
[2024-08-28T01:12:40.177+0000][info][gc,heap     ] GC(347) Survivor regions: 13->38(38)
[2024-08-28T01:12:40.177+0000][info][gc,heap     ] GC(347) Old regions: 916->1175
[2024-08-28T01:12:40.177+0000][info][gc,heap     ] GC(347) Archive regions: 2->2
[2024-08-28T01:12:40.177+0000][info][gc,heap     ] GC(347) Humongous regions: 5->5
[2024-08-28T01:12:40.177+0000][info][gc,metaspace] GC(347) Metaspace: 100K(320K)->100K(320K) NonClass: 96K(192K)->96K(192K) Class: 4K(128K)->4K(128K)
[2024-08-28T01:12:40.177+0000][info][gc          ] GC(347) Pause Young (Normal) (G1 Evacuation Pause) 1225M->1218M(2048M) 45.409ms
[2024-08-28T01:12:40.177+0000][info][gc,cpu      ] GC(347) User=2.04s Sys=0.05s Real=0.04s
[2024-08-28T01:12:40.284+0000][info][gc,start    ] GC(348) Pause Young (Normal) (G1 Evacuation Pause)
[2024-08-28T01:12:40.284+0000][info][gc,task     ] GC(348) Using 49 workers of 68 for evacuation
[2024-08-28T01:12:40.323+0000][info][gc,phases   ] GC(348)   Pre Evacuate Collection Set: 0.3ms
[2024-08-28T01:12:40.323+0000][info][gc,phases   ] GC(348)   Merge Heap Roots: 1.1ms
[2024-08-28T01:12:40.323+0000][info][gc,phases   ] GC(348)   Evacuate Collection Set: 37.2ms
[2024-08-28T01:12:40.323+0000][info][gc,phases   ] GC(348)   Post Evacuate Collection Set: 0.6ms
[2024-08-28T01:12:40.323+0000][info][gc,phases   ] GC(348)   Other: 0.3ms
[2024-08-28T01:12:40.323+0000][info][gc,heap     ] GC(348) Eden regions: 200->0(135)
[2024-08-28T01:12:40.323+0000][info][gc,heap     ] GC(348) Survivor regions: 38->30(30)
[2024-08-28T01:12:40.323+0000][info][gc,heap     ] GC(348) Old regions: 1175->1384
[2024-08-28T01:12:40.323+0000][info][gc,heap     ] GC(348) Archive regions: 2->2
[2024-08-28T01:12:40.323+0000][info][gc,heap     ] GC(348) Humongous regions: 5->5
[2024-08-28T01:12:40.324+0000][info][gc,metaspace] GC(348) Metaspace: 100K(320K)->100K(320K) NonClass: 96K(192K)->96K(192K) Class: 4K(128K)->4K(128K)
[2024-08-28T01:12:40.324+0000][info][gc          ] GC(348) Pause Young (Normal) (G1 Evacuation Pause) 1418M->1419M(2048M) 39.539ms
[2024-08-28T01:12:40.324+0000][info][gc,cpu      ] GC(348) User=1.67s Sys=0.20s Real=0.04s
[2024-08-28T01:12:40.388+0000][info][gc,start    ] GC(349) Pause Young (Concurrent Start) (G1 Evacuation Pause)
[2024-08-28T01:12:40.388+0000][info][gc,task     ] GC(349) Using 49 workers of 68 for evacuation
[2024-08-28T01:12:40.423+0000][info][gc,phases   ] GC(349)   Pre Evacuate Collection Set: 0.4ms
[2024-08-28T01:12:40.423+0000][info][gc,phases   ] GC(349)   Merge Heap Roots: 1.0ms
[2024-08-28T01:12:40.423+0000][info][gc,phases   ] GC(349)   Evacuate Collection Set: 31.7ms
[2024-08-28T01:12:40.423+0000][info][gc,phases   ] GC(349)   Post Evacuate Collection Set: 0.5ms
[2024-08-28T01:12:40.423+0000][info][gc,phases   ] GC(349)   Other: 0.7ms
[2024-08-28T01:12:40.423+0000][info][gc,heap     ] GC(349) Eden regions: 135->0(88)
[2024-08-28T01:12:40.423+0000][info][gc,heap     ] GC(349) Survivor regions: 30->21(21)
[2024-08-28T01:12:40.423+0000][info][gc,heap     ] GC(349) Old regions: 1384->1536
[2024-08-28T01:12:40.423+0000][info][gc,heap     ] GC(349) Archive regions: 2->2
[2024-08-28T01:12:40.423+0000][info][gc,heap     ] GC(349) Humongous regions: 5->5
[2024-08-28T01:12:40.423+0000][info][gc,metaspace] GC(349) Metaspace: 100K(320K)->100K(320K) NonClass: 96K(192K)->96K(192K) Class: 4K(128K)->4K(128K)
[2024-08-28T01:12:40.423+0000][info][gc          ] GC(349) Pause Young (Concurrent Start) (G1 Evacuation Pause) 1554M->1562M(2048M) 34.404ms
[2024-08-28T01:12:40.423+0000][info][gc,cpu      ] GC(349) User=1.23s Sys=0.21s Real=0.04s
[2024-08-28T01:12:40.423+0000][info][gc          ] GC(350) Concurrent Mark Cycle
[2024-08-28T01:12:40.423+0000][info][gc,marking  ] GC(350) Concurrent Clear Claimed Marks
[2024-08-28T01:12:40.423+0000][info][gc,marking  ] GC(350) Concurrent Clear Claimed Marks 0.010ms
[2024-08-28T01:12:40.423+0000][info][gc,marking  ] GC(350) Concurrent Scan Root Regions
[2024-08-28T01:12:40.427+0000][info][gc,marking  ] GC(350) Concurrent Scan Root Regions 4.310ms
[2024-08-28T01:12:40.427+0000][info][gc,marking  ] GC(350) Concurrent Mark
[2024-08-28T01:12:40.427+0000][info][gc,marking  ] GC(350) Concurrent Mark From Roots
[2024-08-28T01:12:40.427+0000][info][gc,task     ] GC(350) Using 17 workers of 17 for marking
[2024-08-28T01:12:40.445+0000][info][gc,marking  ] GC(350) Concurrent Mark From Roots 18.180ms
[2024-08-28T01:12:40.446+0000][info][gc,marking  ] GC(350) Concurrent Preclean
[2024-08-28T01:12:40.446+0000][info][gc,marking  ] GC(350) Concurrent Preclean 0.525ms
[2024-08-28T01:12:40.446+0000][info][gc,start    ] GC(350) Pause Remark
[2024-08-28T01:12:40.448+0000][info][gc          ] GC(350) Pause Remark 1584M->1351M(2048M) 2.063ms
[2024-08-28T01:12:40.448+0000][info][gc,cpu      ] GC(350) User=0.01s Sys=0.00s Real=0.00s
[2024-08-28T01:12:40.448+0000][info][gc,marking  ] GC(350) Concurrent Mark 21.201ms
[2024-08-28T01:12:40.448+0000][info][gc,marking  ] GC(350) Concurrent Rebuild Remembered Sets
[2024-08-28T01:12:40.497+0000][info][gc,marking  ] GC(350) Concurrent Rebuild Remembered Sets 48.838ms
[2024-08-28T01:12:40.498+0000][info][gc,start    ] GC(350) Pause Cleanup
[2024-08-28T01:12:40.501+0000][info][gc          ] GC(350) Pause Cleanup 1416M->1416M(2048M) 3.083ms
[2024-08-28T01:12:40.501+0000][info][gc,cpu      ] GC(350) User=0.01s Sys=0.00s Real=0.00s
[2024-08-28T01:12:40.501+0000][info][gc,marking  ] GC(350) Concurrent Cleanup for Next Mark
[2024-08-28T01:12:40.502+0000][info][gc,marking  ] GC(350) Concurrent Cleanup for Next Mark 1.399ms
[2024-08-28T01:12:40.503+0000][info][gc,start    ] GC(351) Pause Young (Prepare Mixed) (G1 Evacuation Pause)
[2024-08-28T01:12:40.503+0000][info][gc,task     ] GC(351) Using 49 workers of 68 for evacuation
[2024-08-28T01:12:40.522+0000][info][gc,phases   ] GC(351)   Pre Evacuate Collection Set: 0.5ms
[2024-08-28T01:12:40.522+0000][info][gc,phases   ] GC(351)   Merge Heap Roots: 1.0ms
[2024-08-28T01:12:40.522+0000][info][gc,phases   ] GC(351)   Evacuate Collection Set: 16.7ms
[2024-08-28T01:12:40.522+0000][info][gc,phases   ] GC(351)   Post Evacuate Collection Set: 0.6ms
[2024-08-28T01:12:40.522+0000][info][gc,phases   ] GC(351)   Other: 0.2ms
[2024-08-28T01:12:40.522+0000][info][gc,heap     ] GC(351) Eden regions: 88->0(88)
[2024-08-28T01:12:40.522+0000][info][gc,heap     ] GC(351) Survivor regions: 21->14(14)
[2024-08-28T01:12:40.522+0000][info][gc,heap     ] GC(351) Old regions: 1303->1406
[2024-08-28T01:12:40.522+0000][info][gc,heap     ] GC(351) Archive regions: 2->2
[2024-08-28T01:12:40.522+0000][info][gc,heap     ] GC(351) Humongous regions: 5->5
[2024-08-28T01:12:40.522+0000][info][gc,metaspace] GC(351) Metaspace: 100K(320K)->100K(320K) NonClass: 96K(192K)->96K(192K) Class: 4K(128K)->4K(128K)
[2024-08-28T01:12:40.522+0000][info][gc          ] GC(351) Pause Young (Prepare Mixed) (G1 Evacuation Pause) 1417M->1425M(2048M) 19.080ms
[2024-08-28T01:12:40.522+0000][info][gc,cpu      ] GC(351) User=0.78s Sys=0.09s Real=0.02s
[2024-08-28T01:12:40.522+0000][info][gc          ] GC(350) Concurrent Mark Cycle 98.930ms
[2024-08-28T01:12:40.566+0000][info][gc,start    ] GC(352) Pause Young (Mixed) (G1 Evacuation Pause)
[2024-08-28T01:12:40.566+0000][info][gc,task     ] GC(352) Using 49 workers of 68 for evacuation
[2024-08-28T01:12:40.584+0000][info][gc,phases   ] GC(352)   Pre Evacuate Collection Set: 0.5ms
[2024-08-28T01:12:40.584+0000][info][gc,phases   ] GC(352)   Merge Heap Roots: 0.7ms
[2024-08-28T01:12:40.584+0000][info][gc,phases   ] GC(352)   Evacuate Collection Set: 16.6ms
[2024-08-28T01:12:40.584+0000][info][gc,phases   ] GC(352)   Post Evacuate Collection Set: 0.7ms
[2024-08-28T01:12:40.584+0000][info][gc,phases   ] GC(352)   Other: 0.3ms
[2024-08-28T01:12:40.584+0000][info][gc,heap     ] GC(352) Eden regions: 88->0(89)
[2024-08-28T01:12:40.584+0000][info][gc,heap     ] GC(352) Survivor regions: 14->13(13)
[2024-08-28T01:12:40.584+0000][info][gc,heap     ] GC(352) Old regions: 1406->1195
[2024-08-28T01:12:40.584+0000][info][gc,heap     ] GC(352) Archive regions: 2->2
[2024-08-28T01:12:40.584+0000][info][gc,heap     ] GC(352) Humongous regions: 5->5
[2024-08-28T01:12:40.584+0000][info][gc,metaspace] GC(352) Metaspace: 100K(320K)->100K(320K) NonClass: 96K(192K)->96K(192K) Class: 4K(128K)->4K(128K)
[2024-08-28T01:12:40.584+0000][info][gc          ] GC(352) Pause Young (Mixed) (G1 Evacuation Pause) 1513M->1213M(2048M) 18.798ms
[2024-08-28T01:12:40.584+0000][info][gc,cpu      ] GC(352) User=0.79s Sys=0.05s Real=0.02s
[2024-08-28T01:12:40.628+0000][info][gc,start    ] GC(353) Pause Young (Mixed) (G1 Evacuation Pause)
[2024-08-28T01:12:40.628+0000][info][gc,task     ] GC(353) Using 49 workers of 68 for evacuation
[2024-08-28T01:12:40.647+0000][info][gc,phases   ] GC(353)   Pre Evacuate Collection Set: 0.4ms
[2024-08-28T01:12:40.647+0000][info][gc,phases   ] GC(353)   Merge Heap Roots: 0.8ms
[2024-08-28T01:12:40.647+0000][info][gc,phases   ] GC(353)   Evacuate Collection Set: 16.2ms
[2024-08-28T01:12:40.647+0000][info][gc,phases   ] GC(353)   Post Evacuate Collection Set: 0.7ms
[2024-08-28T01:12:40.647+0000][info][gc,phases   ] GC(353)   Other: 0.3ms
[2024-08-28T01:12:40.647+0000][info][gc,heap     ] GC(353) Eden regions: 89->0(89)
[2024-08-28T01:12:40.647+0000][info][gc,heap     ] GC(353) Survivor regions: 13->13(13)
[2024-08-28T01:12:40.647+0000][info][gc,heap     ] GC(353) Old regions: 1195->982
[2024-08-28T01:12:40.647+0000][info][gc,heap     ] GC(353) Archive regions: 2->2
[2024-08-28T01:12:40.647+0000][info][gc,heap     ] GC(353) Humongous regions: 5->5
[2024-08-28T01:12:40.647+0000][info][gc,metaspace] GC(353) Metaspace: 100K(320K)->100K(320K) NonClass: 96K(192K)->96K(192K) Class: 4K(128K)->4K(128K)
[2024-08-28T01:12:40.647+0000][info][gc          ] GC(353) Pause Young (Mixed) (G1 Evacuation Pause) 1302M->1000M(2048M) 18.490ms
[2024-08-28T01:12:40.647+0000][info][gc,cpu      ] GC(353) User=0.83s Sys=0.01s Real=0.02s
[2024-08-28T01:12:40.691+0000][info][gc,start    ] GC(354) Pause Young (Mixed) (G1 Evacuation Pause)
[2024-08-28T01:12:40.691+0000][info][gc,task     ] GC(354) Using 49 workers of 68 for evacuation
[2024-08-28T01:12:40.714+0000][info][gc,phases   ] GC(354)   Pre Evacuate Collection Set: 0.5ms
[2024-08-28T01:12:40.714+0000][info][gc,phases   ] GC(354)   Merge Heap Roots: 0.9ms
[2024-08-28T01:12:40.714+0000][info][gc,phases   ] GC(354)   Evacuate Collection Set: 20.7ms
[2024-08-28T01:12:40.714+0000][info][gc,phases   ] GC(354)   Post Evacuate Collection Set: 1.1ms
[2024-08-28T01:12:40.714+0000][info][gc,phases   ] GC(354)   Other: 0.3ms
[2024-08-28T01:12:40.714+0000][info][gc,heap     ] GC(354) Eden regions: 89->0(292)
[2024-08-28T01:12:40.714+0000][info][gc,heap     ] GC(354) Survivor regions: 13->13(13)
[2024-08-28T01:12:40.714+0000][info][gc,heap     ] GC(354) Old regions: 982->916
[2024-08-28T01:12:40.714+0000][info][gc,heap     ] GC(354) Archive regions: 2->2
[2024-08-28T01:12:40.714+0000][info][gc,heap     ] GC(354) Humongous regions: 5->5
[2024-08-28T01:12:40.714+0000][info][gc,metaspace] GC(354) Metaspace: 100K(320K)->100K(320K) NonClass: 96K(192K)->96K(192K) Class: 4K(128K)->4K(128K)
[2024-08-28T01:12:40.714+0000][info][gc          ] GC(354) Pause Young (Mixed) (G1 Evacuation Pause) 1089M->934M(2048M) 23.517ms
[2024-08-28T01:12:40.714+0000][info][gc,cpu      ] GC(354) User=0.89s Sys=0.13s Real=0.02s
[2024-08-28T01:12:40.884+0000][info][gc,start    ] GC(355) Pause Young (Normal) (G1 Evacuation Pause)
[2024-08-28T01:12:40.884+0000][info][gc,task     ] GC(355) Using 49 workers of 68 for evacuation
[2024-08-28T01:12:40.927+0000][info][gc,phases   ] GC(355)   Pre Evacuate Collection Set: 0.6ms
[2024-08-28T01:12:40.927+0000][info][gc,phases   ] GC(355)   Merge Heap Roots: 1.2ms
[2024-08-28T01:12:40.927+0000][info][gc,phases   ] GC(355)   Evacuate Collection Set: 40.3ms
[2024-08-28T01:12:40.927+0000][info][gc,phases   ] GC(355)   Post Evacuate Collection Set: 0.6ms
[2024-08-28T01:12:40.927+0000][info][gc,phases   ] GC(355)   Other: 0.4ms
[2024-08-28T01:12:40.927+0000][info][gc,heap     ] GC(355) Eden regions: 292->0(200)
[2024-08-28T01:12:40.927+0000][info][gc,heap     ] GC(355) Survivor regions: 13->39(39)
[2024-08-28T01:12:40.927+0000][info][gc,heap     ] GC(355) Old regions: 916->1174
[2024-08-28T01:12:40.927+0000][info][gc,heap     ] GC(355) Archive regions: 2->2
[2024-08-28T01:12:40.927+0000][info][gc,heap     ] GC(355) Humongous regions: 5->5
[2024-08-28T01:12:40.927+0000][info][gc,metaspace] GC(355) Metaspace: 100K(320K)->100K(320K) NonClass: 96K(192K)->96K(192K) Class: 4K(128K)->4K(128K)
[2024-08-28T01:12:40.927+0000][info][gc          ] GC(355) Pause Young (Normal) (G1 Evacuation Pause) 1226M->1218M(2048M) 43.130ms
[2024-08-28T01:12:40.927+0000][info][gc,cpu      ] GC(355) User=1.99s Sys=0.01s Real=0.04s
[2024-08-28T01:12:41.021+0000][info][gc,start    ] GC(356) Pause Young (Normal) (G1 Evacuation Pause)
[2024-08-28T01:12:41.021+0000][info][gc,task     ] GC(356) Using 49 workers of 68 for evacuation
[2024-08-28T01:12:41.059+0000][info][gc,phases   ] GC(356)   Pre Evacuate Collection Set: 0.4ms
[2024-08-28T01:12:41.059+0000][info][gc,phases   ] GC(356)   Merge Heap Roots: 1.1ms
[2024-08-28T01:12:41.059+0000][info][gc,phases   ] GC(356)   Evacuate Collection Set: 35.5ms
[2024-08-28T01:12:41.059+0000][info][gc,phases   ] GC(356)   Post Evacuate Collection Set: 0.5ms
[2024-08-28T01:12:41.059+0000][info][gc,phases   ] GC(356)   Other: 0.2ms
[2024-08-28T01:12:41.059+0000][info][gc,heap     ] GC(356) Eden regions: 200->0(135)
[2024-08-28T01:12:41.059+0000][info][gc,heap     ] GC(356) Survivor regions: 39->30(30)
[2024-08-28T01:12:41.059+0000][info][gc,heap     ] GC(356) Old regions: 1174->1383
[2024-08-28T01:12:41.059+0000][info][gc,heap     ] GC(356) Archive regions: 2->2
[2024-08-28T01:12:41.059+0000][info][gc,heap     ] GC(356) Humongous regions: 5->5
[2024-08-28T01:12:41.059+0000][info][gc,metaspace] GC(356) Metaspace: 100K(320K)->100K(320K) NonClass: 96K(192K)->96K(192K) Class: 4K(128K)->4K(128K)
[2024-08-28T01:12:41.059+0000][info][gc          ] GC(356) Pause Young (Normal) (G1 Evacuation Pause) 1418M->1418M(2048M) 37.694ms
[2024-08-28T01:12:41.059+0000][info][gc,cpu      ] GC(356) User=1.77s Sys=0.02s Real=0.04s
[2024-08-28T01:12:41.132+0000][info][gc,start    ] GC(357) Pause Young (Concurrent Start) (G1 Evacuation Pause)
[2024-08-28T01:12:41.133+0000][info][gc,task     ] GC(357) Using 49 workers of 68 for evacuation
[2024-08-28T01:12:41.160+0000][info][gc,phases   ] GC(357)   Pre Evacuate Collection Set: 0.3ms
[2024-08-28T01:12:41.160+0000][info][gc,phases   ] GC(357)   Merge Heap Roots: 1.1ms
[2024-08-28T01:12:41.160+0000][info][gc,phases   ] GC(357)   Evacuate Collection Set: 25.4ms
[2024-08-28T01:12:41.160+0000][info][gc,phases   ] GC(357)   Post Evacuate Collection Set: 0.5ms
[2024-08-28T01:12:41.160+0000][info][gc,phases   ] GC(357)   Other: 0.6ms
[2024-08-28T01:12:41.160+0000][info][gc,heap     ] GC(357) Eden regions: 135->0(89)
[2024-08-28T01:12:41.160+0000][info][gc,heap     ] GC(357) Survivor regions: 30->21(21)
[2024-08-28T01:12:41.160+0000][info][gc,heap     ] GC(357) Old regions: 1383->1533
[2024-08-28T01:12:41.160+0000][info][gc,heap     ] GC(357) Archive regions: 2->2
[2024-08-28T01:12:41.160+0000][info][gc,heap     ] GC(357) Humongous regions: 5->5
[2024-08-28T01:12:41.160+0000][info][gc,metaspace] GC(357) Metaspace: 100K(320K)->100K(320K) NonClass: 96K(192K)->96K(192K) Class: 4K(128K)->4K(128K)
[2024-08-28T01:12:41.160+0000][info][gc          ] GC(357) Pause Young (Concurrent Start) (G1 Evacuation Pause) 1553M->1559M(2048M) 27.929ms
[2024-08-28T01:12:41.160+0000][info][gc,cpu      ] GC(357) User=1.27s Sys=0.01s Real=0.03s
[2024-08-28T01:12:41.160+0000][info][gc          ] GC(358) Concurrent Mark Cycle
[2024-08-28T01:12:41.161+0000][info][gc,marking  ] GC(358) Concurrent Clear Claimed Marks
[2024-08-28T01:12:41.161+0000][info][gc,marking  ] GC(358) Concurrent Clear Claimed Marks 0.010ms
[2024-08-28T01:12:41.161+0000][info][gc,marking  ] GC(358) Concurrent Scan Root Regions
[2024-08-28T01:12:41.165+0000][info][gc,marking  ] GC(358) Concurrent Scan Root Regions 4.349ms
[2024-08-28T01:12:41.165+0000][info][gc,marking  ] GC(358) Concurrent Mark
[2024-08-28T01:12:41.165+0000][info][gc,marking  ] GC(358) Concurrent Mark From Roots
[2024-08-28T01:12:41.165+0000][info][gc,task     ] GC(358) Using 17 workers of 17 for marking
[2024-08-28T01:12:41.182+0000][info][gc,marking  ] GC(358) Concurrent Mark From Roots 17.174ms
[2024-08-28T01:12:41.182+0000][info][gc,marking  ] GC(358) Concurrent Preclean
[2024-08-28T01:12:41.183+0000][info][gc,marking  ] GC(358) Concurrent Preclean 0.876ms
[2024-08-28T01:12:41.183+0000][info][gc,start    ] GC(358) Pause Remark
[2024-08-28T01:12:41.186+0000][info][gc          ] GC(358) Pause Remark 1579M->1348M(2048M) 2.181ms
[2024-08-28T01:12:41.186+0000][info][gc,cpu      ] GC(358) User=0.02s Sys=0.00s Real=0.00s
[2024-08-28T01:12:41.186+0000][info][gc,marking  ] GC(358) Concurrent Mark 20.678ms
[2024-08-28T01:12:41.186+0000][info][gc,marking  ] GC(358) Concurrent Rebuild Remembered Sets
[2024-08-28T01:12:41.236+0000][info][gc,marking  ] GC(358) Concurrent Rebuild Remembered Sets 50.130ms
[2024-08-28T01:12:41.236+0000][info][gc,start    ] GC(358) Pause Cleanup
[2024-08-28T01:12:41.239+0000][info][gc          ] GC(358) Pause Cleanup 1404M->1404M(2048M) 3.173ms
[2024-08-28T01:12:41.239+0000][info][gc,cpu      ] GC(358) User=0.02s Sys=0.00s Real=0.01s
[2024-08-28T01:12:41.240+0000][info][gc,marking  ] GC(358) Concurrent Cleanup for Next Mark
[2024-08-28T01:12:41.242+0000][info][gc,marking  ] GC(358) Concurrent Cleanup for Next Mark 2.161ms
[2024-08-28T01:12:41.242+0000][info][gc          ] GC(358) Concurrent Mark Cycle 81.266ms
[2024-08-28T01:12:41.248+0000][info][gc,start    ] GC(359) Pause Young (Prepare Mixed) (G1 Evacuation Pause)
[2024-08-28T01:12:41.248+0000][info][gc,task     ] GC(359) Using 49 workers of 68 for evacuation
[2024-08-28T01:12:41.265+0000][info][gc,phases   ] GC(359)   Pre Evacuate Collection Set: 0.4ms
[2024-08-28T01:12:41.265+0000][info][gc,phases   ] GC(359)   Merge Heap Roots: 0.6ms
[2024-08-28T01:12:41.265+0000][info][gc,phases   ] GC(359)   Evacuate Collection Set: 15.5ms
[2024-08-28T01:12:41.265+0000][info][gc,phases   ] GC(359)   Post Evacuate Collection Set: 0.5ms
[2024-08-28T01:12:41.266+0000][info][gc,phases   ] GC(359)   Other: 0.2ms
[2024-08-28T01:12:41.266+0000][info][gc,heap     ] GC(359) Eden regions: 89->0(88)
[2024-08-28T01:12:41.266+0000][info][gc,heap     ] GC(359) Survivor regions: 21->14(14)
[2024-08-28T01:12:41.266+0000][info][gc,heap     ] GC(359) Old regions: 1302->1405
[2024-08-28T01:12:41.266+0000][info][gc,heap     ] GC(359) Archive regions: 2->2
[2024-08-28T01:12:41.266+0000][info][gc,heap     ] GC(359) Humongous regions: 5->5
[2024-08-28T01:12:41.266+0000][info][gc,metaspace] GC(359) Metaspace: 100K(320K)->100K(320K) NonClass: 96K(192K)->96K(192K) Class: 4K(128K)->4K(128K)
[2024-08-28T01:12:41.266+0000][info][gc          ] GC(359) Pause Young (Prepare Mixed) (G1 Evacuation Pause) 1417M->1424M(2048M) 17.259ms
[2024-08-28T01:12:41.266+0000][info][gc,cpu      ] GC(359) User=0.77s Sys=0.02s Real=0.02s
[2024-08-28T01:12:41.312+0000][info][gc,start    ] GC(360) Pause Young (Mixed) (G1 Evacuation Pause)
[2024-08-28T01:12:41.312+0000][info][gc,task     ] GC(360) Using 49 workers of 68 for evacuation
[2024-08-28T01:12:41.329+0000][info][gc,phases   ] GC(360)   Pre Evacuate Collection Set: 0.5ms
[2024-08-28T01:12:41.329+0000][info][gc,phases   ] GC(360)   Merge Heap Roots: 0.6ms
[2024-08-28T01:12:41.329+0000][info][gc,phases   ] GC(360)   Evacuate Collection Set: 15.5ms
[2024-08-28T01:12:41.329+0000][info][gc,phases   ] GC(360)   Post Evacuate Collection Set: 0.7ms
[2024-08-28T01:12:41.329+0000][info][gc,phases   ] GC(360)   Other: 0.3ms
[2024-08-28T01:12:41.329+0000][info][gc,heap     ] GC(360) Eden regions: 88->0(89)
[2024-08-28T01:12:41.329+0000][info][gc,heap     ] GC(360) Survivor regions: 14->13(13)
[2024-08-28T01:12:41.329+0000][info][gc,heap     ] GC(360) Old regions: 1405->1193
[2024-08-28T01:12:41.329+0000][info][gc,heap     ] GC(360) Archive regions: 2->2
[2024-08-28T01:12:41.329+0000][info][gc,heap     ] GC(360) Humongous regions: 5->5
[2024-08-28T01:12:41.329+0000][info][gc,metaspace] GC(360) Metaspace: 100K(320K)->100K(320K) NonClass: 96K(192K)->96K(192K) Class: 4K(128K)->4K(128K)
[2024-08-28T01:12:41.329+0000][info][gc          ] GC(360) Pause Young (Mixed) (G1 Evacuation Pause) 1512M->1211M(2048M) 17.587ms
[2024-08-28T01:12:41.329+0000][info][gc,cpu      ] GC(360) User=0.78s Sys=0.00s Real=0.01s
[2024-08-28T01:12:41.373+0000][info][gc,start    ] GC(361) Pause Young (Mixed) (G1 Evacuation Pause)
[2024-08-28T01:12:41.373+0000][info][gc,task     ] GC(361) Using 49 workers of 68 for evacuation
[2024-08-28T01:12:41.390+0000][info][gc,phases   ] GC(361)   Pre Evacuate Collection Set: 0.5ms
[2024-08-28T01:12:41.390+0000][info][gc,phases   ] GC(361)   Merge Heap Roots: 0.5ms
[2024-08-28T01:12:41.390+0000][info][gc,phases   ] GC(361)   Evacuate Collection Set: 15.3ms
[2024-08-28T01:12:41.390+0000][info][gc,phases   ] GC(361)   Post Evacuate Collection Set: 0.7ms
[2024-08-28T01:12:41.390+0000][info][gc,phases   ] GC(361)   Other: 0.2ms
[2024-08-28T01:12:41.390+0000][info][gc,heap     ] GC(361) Eden regions: 89->0(89)
[2024-08-28T01:12:41.390+0000][info][gc,heap     ] GC(361) Survivor regions: 13->13(13)
[2024-08-28T01:12:41.390+0000][info][gc,heap     ] GC(361) Old regions: 1193->979
[2024-08-28T01:12:41.390+0000][info][gc,heap     ] GC(361) Archive regions: 2->2
[2024-08-28T01:12:41.390+0000][info][gc,heap     ] GC(361) Humongous regions: 5->5
[2024-08-28T01:12:41.390+0000][info][gc,metaspace] GC(361) Metaspace: 100K(320K)->100K(320K) NonClass: 96K(192K)->96K(192K) Class: 4K(128K)->4K(128K)
[2024-08-28T01:12:41.390+0000][info][gc          ] GC(361) Pause Young (Mixed) (G1 Evacuation Pause) 1300M->997M(2048M) 17.289ms
[2024-08-28T01:12:41.390+0000][info][gc,cpu      ] GC(361) User=0.75s Sys=0.01s Real=0.02s
[2024-08-28T01:12:41.434+0000][info][gc,start    ] GC(362) Pause Young (Mixed) (G1 Evacuation Pause)
[2024-08-28T01:12:41.434+0000][info][gc,task     ] GC(362) Using 49 workers of 68 for evacuation
[2024-08-28T01:12:41.454+0000][info][gc,phases   ] GC(362)   Pre Evacuate Collection Set: 0.4ms
[2024-08-28T01:12:41.454+0000][info][gc,phases   ] GC(362)   Merge Heap Roots: 0.6ms
[2024-08-28T01:12:41.454+0000][info][gc,phases   ] GC(362)   Evacuate Collection Set: 18.5ms
[2024-08-28T01:12:41.454+0000][info][gc,phases   ] GC(362)   Post Evacuate Collection Set: 0.6ms
[2024-08-28T01:12:41.454+0000][info][gc,phases   ] GC(362)   Other: 0.2ms
[2024-08-28T01:12:41.454+0000][info][gc,heap     ] GC(362) Eden regions: 89->0(292)
[2024-08-28T01:12:41.454+0000][info][gc,heap     ] GC(362) Survivor regions: 13->13(13)
[2024-08-28T01:12:41.454+0000][info][gc,heap     ] GC(362) Old regions: 979->915
[2024-08-28T01:12:41.454+0000][info][gc,heap     ] GC(362) Archive regions: 2->2
[2024-08-28T01:12:41.454+0000][info][gc,heap     ] GC(362) Humongous regions: 5->5
[2024-08-28T01:12:41.454+0000][info][gc,metaspace] GC(362) Metaspace: 100K(320K)->100K(320K) NonClass: 96K(192K)->96K(192K) Class: 4K(128K)->4K(128K)
[2024-08-28T01:12:41.454+0000][info][gc          ] GC(362) Pause Young (Mixed) (G1 Evacuation Pause) 1086M->933M(2048M) 20.363ms
[2024-08-28T01:12:41.454+0000][info][gc,cpu      ] GC(362) User=0.91s Sys=0.02s Real=0.02s
[2024-08-28T01:12:41.592+0000][info][gc,start    ] GC(363) Pause Young (Normal) (G1 Evacuation Pause)
[2024-08-28T01:12:41.592+0000][info][gc,task     ] GC(363) Using 49 workers of 68 for evacuation
[2024-08-28T01:12:41.633+0000][info][gc,phases   ] GC(363)   Pre Evacuate Collection Set: 0.3ms
[2024-08-28T01:12:41.633+0000][info][gc,phases   ] GC(363)   Merge Heap Roots: 1.1ms
[2024-08-28T01:12:41.633+0000][info][gc,phases   ] GC(363)   Evacuate Collection Set: 38.7ms
[2024-08-28T01:12:41.633+0000][info][gc,phases   ] GC(363)   Post Evacuate Collection Set: 0.6ms
[2024-08-28T01:12:41.633+0000][info][gc,phases   ] GC(363)   Other: 0.2ms
[2024-08-28T01:12:41.633+0000][info][gc,heap     ] GC(363) Eden regions: 292->0(200)
[2024-08-28T01:12:41.633+0000][info][gc,heap     ] GC(363) Survivor regions: 13->39(39)
[2024-08-28T01:12:41.633+0000][info][gc,heap     ] GC(363) Old regions: 915->1173
[2024-08-28T01:12:41.633+0000][info][gc,heap     ] GC(363) Archive regions: 2->2
[2024-08-28T01:12:41.633+0000][info][gc,heap     ] GC(363) Humongous regions: 5->5
[2024-08-28T01:12:41.633+0000][info][gc,metaspace] GC(363) Metaspace: 100K(320K)->100K(320K) NonClass: 96K(192K)->96K(192K) Class: 4K(128K)->4K(128K)
[2024-08-28T01:12:41.633+0000][info][gc          ] GC(363) Pause Young (Normal) (G1 Evacuation Pause) 1225M->1217M(2048M) 41.067ms
[2024-08-28T01:12:41.633+0000][info][gc,cpu      ] GC(363) User=1.93s Sys=0.00s Real=0.04s
[2024-08-28T01:12:41.728+0000][info][gc,start    ] GC(364) Pause Young (Normal) (G1 Evacuation Pause)
[2024-08-28T01:12:41.728+0000][info][gc,task     ] GC(364) Using 49 workers of 68 for evacuation
[2024-08-28T01:12:41.764+0000][info][gc,phases   ] GC(364)   Pre Evacuate Collection Set: 0.3ms
[2024-08-28T01:12:41.764+0000][info][gc,phases   ] GC(364)   Merge Heap Roots: 1.0ms
[2024-08-28T01:12:41.764+0000][info][gc,phases   ] GC(364)   Evacuate Collection Set: 33.9ms
[2024-08-28T01:12:41.764+0000][info][gc,phases   ] GC(364)   Post Evacuate Collection Set: 0.5ms
[2024-08-28T01:12:41.764+0000][info][gc,phases   ] GC(364)   Other: 0.2ms
[2024-08-28T01:12:41.764+0000][info][gc,heap     ] GC(364) Eden regions: 200->0(136)
[2024-08-28T01:12:41.764+0000][info][gc,heap     ] GC(364) Survivor regions: 39->30(30)
[2024-08-28T01:12:41.764+0000][info][gc,heap     ] GC(364) Old regions: 1173->1381
[2024-08-28T01:12:41.764+0000][info][gc,heap     ] GC(364) Archive regions: 2->2
[2024-08-28T01:12:41.764+0000][info][gc,heap     ] GC(364) Humongous regions: 5->5
[2024-08-28T01:12:41.764+0000][info][gc,metaspace] GC(364) Metaspace: 100K(320K)->100K(320K) NonClass: 96K(192K)->96K(192K) Class: 4K(128K)->4K(128K)
[2024-08-28T01:12:41.764+0000][info][gc          ] GC(364) Pause Young (Normal) (G1 Evacuation Pause) 1417M->1416M(2048M) 36.067ms
[2024-08-28T01:12:41.764+0000][info][gc,cpu      ] GC(364) User=1.70s Sys=0.00s Real=0.04s
[2024-08-28T01:12:41.829+0000][info][gc,start    ] GC(365) Pause Young (Concurrent Start) (G1 Evacuation Pause)
[2024-08-28T01:12:41.829+0000][info][gc,task     ] GC(365) Using 49 workers of 68 for evacuation
[2024-08-28T01:12:41.856+0000][info][gc,phases   ] GC(365)   Pre Evacuate Collection Set: 0.3ms
[2024-08-28T01:12:41.856+0000][info][gc,phases   ] GC(365)   Merge Heap Roots: 0.9ms
[2024-08-28T01:12:41.856+0000][info][gc,phases   ] GC(365)   Evacuate Collection Set: 24.9ms
[2024-08-28T01:12:41.856+0000][info][gc,phases   ] GC(365)   Post Evacuate Collection Set: 0.6ms
[2024-08-28T01:12:41.856+0000][info][gc,phases   ] GC(365)   Other: 0.7ms
[2024-08-28T01:12:41.856+0000][info][gc,heap     ] GC(365) Eden regions: 136->0(90)
[2024-08-28T01:12:41.856+0000][info][gc,heap     ] GC(365) Survivor regions: 30->21(21)
[2024-08-28T01:12:41.856+0000][info][gc,heap     ] GC(365) Old regions: 1381->1531
[2024-08-28T01:12:41.856+0000][info][gc,heap     ] GC(365) Archive regions: 2->2
[2024-08-28T01:12:41.856+0000][info][gc,heap     ] GC(365) Humongous regions: 5->5
[2024-08-28T01:12:41.856+0000][info][gc,metaspace] GC(365) Metaspace: 100K(320K)->100K(320K) NonClass: 96K(192K)->96K(192K) Class: 4K(128K)->4K(128K)
[2024-08-28T01:12:41.856+0000][info][gc          ] GC(365) Pause Young (Concurrent Start) (G1 Evacuation Pause) 1552M->1557M(2048M) 27.451ms
[2024-08-28T01:12:41.857+0000][info][gc,cpu      ] GC(365) User=1.25s Sys=0.01s Real=0.03s
[2024-08-28T01:12:41.857+0000][info][gc          ] GC(366) Concurrent Mark Cycle
[2024-08-28T01:12:41.857+0000][info][gc,marking  ] GC(366) Concurrent Clear Claimed Marks
[2024-08-28T01:12:41.857+0000][info][gc,marking  ] GC(366) Concurrent Clear Claimed Marks 0.027ms
[2024-08-28T01:12:41.857+0000][info][gc,marking  ] GC(366) Concurrent Scan Root Regions
[2024-08-28T01:12:41.861+0000][info][gc,marking  ] GC(366) Concurrent Scan Root Regions 4.326ms
[2024-08-28T01:12:41.861+0000][info][gc,marking  ] GC(366) Concurrent Mark
[2024-08-28T01:12:41.861+0000][info][gc,marking  ] GC(366) Concurrent Mark From Roots
[2024-08-28T01:12:41.861+0000][info][gc,task     ] GC(366) Using 17 workers of 17 for marking
[2024-08-28T01:12:41.878+0000][info][gc,marking  ] GC(366) Concurrent Mark From Roots 17.093ms
[2024-08-28T01:12:41.878+0000][info][gc,marking  ] GC(366) Concurrent Preclean
[2024-08-28T01:12:41.879+0000][info][gc,marking  ] GC(366) Concurrent Preclean 0.506ms
[2024-08-28T01:12:41.879+0000][info][gc,start    ] GC(366) Pause Remark
[2024-08-28T01:12:41.881+0000][info][gc          ] GC(366) Pause Remark 1579M->1377M(2048M) 1.901ms
[2024-08-28T01:12:41.881+0000][info][gc,cpu      ] GC(366) User=0.02s Sys=0.00s Real=0.00s
[2024-08-28T01:12:41.881+0000][info][gc,marking  ] GC(366) Concurrent Mark 19.904ms
[2024-08-28T01:12:41.881+0000][info][gc,marking  ] GC(366) Concurrent Rebuild Remembered Sets
[2024-08-28T01:12:41.932+0000][info][gc,marking  ] GC(366) Concurrent Rebuild Remembered Sets 51.324ms
[2024-08-28T01:12:41.933+0000][info][gc,start    ] GC(366) Pause Cleanup
[2024-08-28T01:12:41.936+0000][info][gc          ] GC(366) Pause Cleanup 1444M->1444M(2048M) 3.183ms
[2024-08-28T01:12:41.936+0000][info][gc,cpu      ] GC(366) User=0.01s Sys=0.00s Real=0.00s
[2024-08-28T01:12:41.936+0000][info][gc,marking  ] GC(366) Concurrent Cleanup for Next Mark
[2024-08-28T01:12:41.937+0000][info][gc,marking  ] GC(366) Concurrent Cleanup for Next Mark 1.345ms
[2024-08-28T01:12:41.937+0000][info][gc          ] GC(366) Concurrent Mark Cycle 80.853ms
[2024-08-28T01:12:41.938+0000][info][gc,start    ] GC(367) Pause Young (Prepare Mixed) (G1 Evacuation Pause)
[2024-08-28T01:12:41.938+0000][info][gc,task     ] GC(367) Using 49 workers of 68 for evacuation
[2024-08-28T01:12:41.956+0000][info][gc,phases   ] GC(367)   Pre Evacuate Collection Set: 0.3ms
[2024-08-28T01:12:41.956+0000][info][gc,phases   ] GC(367)   Merge Heap Roots: 0.8ms
[2024-08-28T01:12:41.956+0000][info][gc,phases   ] GC(367)   Evacuate Collection Set: 16.3ms
[2024-08-28T01:12:41.956+0000][info][gc,phases   ] GC(367)   Post Evacuate Collection Set: 0.5ms
[2024-08-28T01:12:41.956+0000][info][gc,phases   ] GC(367)   Other: 0.2ms
[2024-08-28T01:12:41.956+0000][info][gc,heap     ] GC(367) Eden regions: 90->0(88)
[2024-08-28T01:12:41.956+0000][info][gc,heap     ] GC(367) Survivor regions: 21->14(14)
[2024-08-28T01:12:41.956+0000][info][gc,heap     ] GC(367) Old regions: 1329->1434
[2024-08-28T01:12:41.956+0000][info][gc,heap     ] GC(367) Archive regions: 2->2
[2024-08-28T01:12:41.956+0000][info][gc,heap     ] GC(367) Humongous regions: 5->5
[2024-08-28T01:12:41.956+0000][info][gc,metaspace] GC(367) Metaspace: 100K(320K)->100K(320K) NonClass: 96K(192K)->96K(192K) Class: 4K(128K)->4K(128K)
[2024-08-28T01:12:41.956+0000][info][gc          ] GC(367) Pause Young (Prepare Mixed) (G1 Evacuation Pause) 1445M->1453M(2048M) 18.165ms
[2024-08-28T01:12:41.956+0000][info][gc,cpu      ] GC(367) User=0.83s Sys=0.00s Real=0.01s
[2024-08-28T01:12:41.999+0000][info][gc,start    ] GC(368) Pause Young (Mixed) (G1 Evacuation Pause)
[2024-08-28T01:12:41.999+0000][info][gc,task     ] GC(368) Using 49 workers of 68 for evacuation
[2024-08-28T01:12:42.017+0000][info][gc,phases   ] GC(368)   Pre Evacuate Collection Set: 0.4ms
[2024-08-28T01:12:42.017+0000][info][gc,phases   ] GC(368)   Merge Heap Roots: 0.7ms
[2024-08-28T01:12:42.017+0000][info][gc,phases   ] GC(368)   Evacuate Collection Set: 15.9ms
[2024-08-28T01:12:42.017+0000][info][gc,phases   ] GC(368)   Post Evacuate Collection Set: 0.6ms
[2024-08-28T01:12:42.017+0000][info][gc,phases   ] GC(368)   Other: 0.2ms
[2024-08-28T01:12:42.017+0000][info][gc,heap     ] GC(368) Eden regions: 88->0(89)
[2024-08-28T01:12:42.017+0000][info][gc,heap     ] GC(368) Survivor regions: 14->13(13)
[2024-08-28T01:12:42.017+0000][info][gc,heap     ] GC(368) Old regions: 1434->1223
[2024-08-28T01:12:42.017+0000][info][gc,heap     ] GC(368) Archive regions: 2->2
[2024-08-28T01:12:42.017+0000][info][gc,heap     ] GC(368) Humongous regions: 5->5
[2024-08-28T01:12:42.017+0000][info][gc,metaspace] GC(368) Metaspace: 100K(320K)->100K(320K) NonClass: 96K(192K)->96K(192K) Class: 4K(128K)->4K(128K)
[2024-08-28T01:12:42.017+0000][info][gc          ] GC(368) Pause Young (Mixed) (G1 Evacuation Pause) 1541M->1241M(2048M) 17.986ms
[2024-08-28T01:12:42.017+0000][info][gc,cpu      ] GC(368) User=0.80s Sys=0.00s Real=0.01s
[2024-08-28T01:12:42.061+0000][info][gc,start    ] GC(369) Pause Young (Mixed) (G1 Evacuation Pause)
[2024-08-28T01:12:42.061+0000][info][gc,task     ] GC(369) Using 49 workers of 68 for evacuation
[2024-08-28T01:12:42.079+0000][info][gc,phases   ] GC(369)   Pre Evacuate Collection Set: 0.4ms
[2024-08-28T01:12:42.079+0000][info][gc,phases   ] GC(369)   Merge Heap Roots: 0.7ms
[2024-08-28T01:12:42.079+0000][info][gc,phases   ] GC(369)   Evacuate Collection Set: 15.8ms
[2024-08-28T01:12:42.079+0000][info][gc,phases   ] GC(369)   Post Evacuate Collection Set: 0.7ms
[2024-08-28T01:12:42.079+0000][info][gc,phases   ] GC(369)   Other: 0.3ms
[2024-08-28T01:12:42.079+0000][info][gc,heap     ] GC(369) Eden regions: 89->0(89)
[2024-08-28T01:12:42.079+0000][info][gc,heap     ] GC(369) Survivor regions: 13->13(13)
[2024-08-28T01:12:42.079+0000][info][gc,heap     ] GC(369) Old regions: 1223->1008
[2024-08-28T01:12:42.079+0000][info][gc,heap     ] GC(369) Archive regions: 2->2
[2024-08-28T01:12:42.079+0000][info][gc,heap     ] GC(369) Humongous regions: 5->5
[2024-08-28T01:12:42.079+0000][info][gc,metaspace] GC(369) Metaspace: 100K(320K)->100K(320K) NonClass: 96K(192K)->96K(192K) Class: 4K(128K)->4K(128K)
[2024-08-28T01:12:42.079+0000][info][gc          ] GC(369) Pause Young (Mixed) (G1 Evacuation Pause) 1330M->1026M(2048M) 17.976ms
[2024-08-28T01:12:42.079+0000][info][gc,cpu      ] GC(369) User=0.79s Sys=0.01s Real=0.02s
[2024-08-28T01:12:42.124+0000][info][gc,start    ] GC(370) Pause Young (Mixed) (G1 Evacuation Pause)
[2024-08-28T01:12:42.124+0000][info][gc,task     ] GC(370) Using 49 workers of 68 for evacuation
[2024-08-28T01:12:42.144+0000][info][gc,phases   ] GC(370)   Pre Evacuate Collection Set: 0.4ms
[2024-08-28T01:12:42.145+0000][info][gc,phases   ] GC(370)   Merge Heap Roots: 0.8ms
[2024-08-28T01:12:42.145+0000][info][gc,phases   ] GC(370)   Evacuate Collection Set: 19.0ms
[2024-08-28T01:12:42.145+0000][info][gc,phases   ] GC(370)   Post Evacuate Collection Set: 0.6ms
[2024-08-28T01:12:42.145+0000][info][gc,phases   ] GC(370)   Other: 0.2ms
[2024-08-28T01:12:42.145+0000][info][gc,heap     ] GC(370) Eden regions: 89->0(291)
[2024-08-28T01:12:42.145+0000][info][gc,heap     ] GC(370) Survivor regions: 13->13(13)
[2024-08-28T01:12:42.145+0000][info][gc,heap     ] GC(370) Old regions: 1008->916
[2024-08-28T01:12:42.145+0000][info][gc,heap     ] GC(370) Archive regions: 2->2
[2024-08-28T01:12:42.145+0000][info][gc,heap     ] GC(370) Humongous regions: 5->5
[2024-08-28T01:12:42.145+0000][info][gc,metaspace] GC(370) Metaspace: 100K(320K)->100K(320K) NonClass: 96K(192K)->96K(192K) Class: 4K(128K)->4K(128K)
[2024-08-28T01:12:42.145+0000][info][gc          ] GC(370) Pause Young (Mixed) (G1 Evacuation Pause) 1115M->934M(2048M) 21.064ms
[2024-08-28T01:12:42.145+0000][info][gc,cpu      ] GC(370) User=0.96s Sys=0.01s Real=0.02s
[2024-08-28T01:12:42.287+0000][info][gc,start    ] GC(371) Pause Young (Normal) (G1 Evacuation Pause)
[2024-08-28T01:12:42.287+0000][info][gc,task     ] GC(371) Using 49 workers of 68 for evacuation
[2024-08-28T01:12:42.328+0000][info][gc,phases   ] GC(371)   Pre Evacuate Collection Set: 0.4ms
[2024-08-28T01:12:42.328+0000][info][gc,phases   ] GC(371)   Merge Heap Roots: 1.1ms
[2024-08-28T01:12:42.328+0000][info][gc,phases   ] GC(371)   Evacuate Collection Set: 38.7ms
[2024-08-28T01:12:42.328+0000][info][gc,phases   ] GC(371)   Post Evacuate Collection Set: 0.6ms
[2024-08-28T01:12:42.328+0000][info][gc,phases   ] GC(371)   Other: 0.2ms
[2024-08-28T01:12:42.328+0000][info][gc,heap     ] GC(371) Eden regions: 291->0(200)
[2024-08-28T01:12:42.328+0000][info][gc,heap     ] GC(371) Survivor regions: 13->38(38)
[2024-08-28T01:12:42.328+0000][info][gc,heap     ] GC(371) Old regions: 916->1175
[2024-08-28T01:12:42.328+0000][info][gc,heap     ] GC(371) Archive regions: 2->2
[2024-08-28T01:12:42.328+0000][info][gc,heap     ] GC(371) Humongous regions: 5->5
[2024-08-28T01:12:42.328+0000][info][gc,metaspace] GC(371) Metaspace: 100K(320K)->100K(320K) NonClass: 96K(192K)->96K(192K) Class: 4K(128K)->4K(128K)
[2024-08-28T01:12:42.328+0000][info][gc          ] GC(371) Pause Young (Normal) (G1 Evacuation Pause) 1225M->1218M(2048M) 40.996ms
[2024-08-28T01:12:42.328+0000][info][gc,cpu      ] GC(371) User=1.93s Sys=0.00s Real=0.04s
[2024-08-28T01:12:42.422+0000][info][gc,start    ] GC(372) Pause Young (Normal) (G1 Evacuation Pause)
[2024-08-28T01:12:42.422+0000][info][gc,task     ] GC(372) Using 49 workers of 68 for evacuation
[2024-08-28T01:12:42.459+0000][info][gc,phases   ] GC(372)   Pre Evacuate Collection Set: 0.4ms
[2024-08-28T01:12:42.459+0000][info][gc,phases   ] GC(372)   Merge Heap Roots: 1.0ms
[2024-08-28T01:12:42.459+0000][info][gc,phases   ] GC(372)   Evacuate Collection Set: 34.5ms
[2024-08-28T01:12:42.459+0000][info][gc,phases   ] GC(372)   Post Evacuate Collection Set: 0.6ms
[2024-08-28T01:12:42.459+0000][info][gc,phases   ] GC(372)   Other: 0.2ms
[2024-08-28T01:12:42.459+0000][info][gc,heap     ] GC(372) Eden regions: 200->0(135)
[2024-08-28T01:12:42.459+0000][info][gc,heap     ] GC(372) Survivor regions: 38->30(30)
[2024-08-28T01:12:42.459+0000][info][gc,heap     ] GC(372) Old regions: 1175->1384
[2024-08-28T01:12:42.459+0000][info][gc,heap     ] GC(372) Archive regions: 2->2
[2024-08-28T01:12:42.459+0000][info][gc,heap     ] GC(372) Humongous regions: 5->5
[2024-08-28T01:12:42.459+0000][info][gc,metaspace] GC(372) Metaspace: 100K(320K)->100K(320K) NonClass: 96K(192K)->96K(192K) Class: 4K(128K)->4K(128K)
[2024-08-28T01:12:42.459+0000][info][gc          ] GC(372) Pause Young (Normal) (G1 Evacuation Pause) 1418M->1419M(2048M) 36.750ms
[2024-08-28T01:12:42.459+0000][info][gc,cpu      ] GC(372) User=1.72s Sys=0.00s Real=0.04s
[2024-08-28T01:12:42.524+0000][info][gc,start    ] GC(373) Pause Young (Concurrent Start) (G1 Evacuation Pause)
[2024-08-28T01:12:42.524+0000][info][gc,task     ] GC(373) Using 49 workers of 68 for evacuation
[2024-08-28T01:12:42.550+0000][info][gc,phases   ] GC(373)   Pre Evacuate Collection Set: 0.3ms
[2024-08-28T01:12:42.550+0000][info][gc,phases   ] GC(373)   Merge Heap Roots: 0.9ms
[2024-08-28T01:12:42.550+0000][info][gc,phases   ] GC(373)   Evacuate Collection Set: 24.7ms
[2024-08-28T01:12:42.551+0000][info][gc,phases   ] GC(373)   Post Evacuate Collection Set: 0.5ms
[2024-08-28T01:12:42.551+0000][info][gc,phases   ] GC(373)   Other: 0.6ms
[2024-08-28T01:12:42.551+0000][info][gc,heap     ] GC(373) Eden regions: 135->0(89)
[2024-08-28T01:12:42.551+0000][info][gc,heap     ] GC(373) Survivor regions: 30->21(21)
[2024-08-28T01:12:42.551+0000][info][gc,heap     ] GC(373) Old regions: 1384->1533
[2024-08-28T01:12:42.551+0000][info][gc,heap     ] GC(373) Archive regions: 2->2
[2024-08-28T01:12:42.551+0000][info][gc,heap     ] GC(373) Humongous regions: 5->5
[2024-08-28T01:12:42.551+0000][info][gc,metaspace] GC(373) Metaspace: 100K(320K)->100K(320K) NonClass: 96K(192K)->96K(192K) Class: 4K(128K)->4K(128K)
[2024-08-28T01:12:42.551+0000][info][gc          ] GC(373) Pause Young (Concurrent Start) (G1 Evacuation Pause) 1554M->1559M(2048M) 26.972ms
[2024-08-28T01:12:42.551+0000][info][gc,cpu      ] GC(373) User=1.25s Sys=0.01s Real=0.03s
[2024-08-28T01:12:42.551+0000][info][gc          ] GC(374) Concurrent Mark Cycle
[2024-08-28T01:12:42.551+0000][info][gc,marking  ] GC(374) Concurrent Clear Claimed Marks
[2024-08-28T01:12:42.551+0000][info][gc,marking  ] GC(374) Concurrent Clear Claimed Marks 0.010ms
[2024-08-28T01:12:42.551+0000][info][gc,marking  ] GC(374) Concurrent Scan Root Regions
[2024-08-28T01:12:42.555+0000][info][gc,marking  ] GC(374) Concurrent Scan Root Regions 4.235ms
[2024-08-28T01:12:42.555+0000][info][gc,marking  ] GC(374) Concurrent Mark
[2024-08-28T01:12:42.555+0000][info][gc,marking  ] GC(374) Concurrent Mark From Roots
[2024-08-28T01:12:42.555+0000][info][gc,task     ] GC(374) Using 17 workers of 17 for marking
[2024-08-28T01:12:42.572+0000][info][gc,marking  ] GC(374) Concurrent Mark From Roots 16.933ms
[2024-08-28T01:12:42.572+0000][info][gc,marking  ] GC(374) Concurrent Preclean
[2024-08-28T01:12:42.573+0000][info][gc,marking  ] GC(374) Concurrent Preclean 1.049ms
[2024-08-28T01:12:42.573+0000][info][gc,start    ] GC(374) Pause Remark
[2024-08-28T01:12:42.575+0000][info][gc          ] GC(374) Pause Remark 1582M->1375M(2048M) 1.733ms
[2024-08-28T01:12:42.575+0000][info][gc,cpu      ] GC(374) User=0.00s Sys=0.01s Real=0.00s
[2024-08-28T01:12:42.575+0000][info][gc,marking  ] GC(374) Concurrent Mark 20.205ms
[2024-08-28T01:12:42.575+0000][info][gc,marking  ] GC(374) Concurrent Rebuild Remembered Sets
[2024-08-28T01:12:42.626+0000][info][gc,marking  ] GC(374) Concurrent Rebuild Remembered Sets 50.990ms
[2024-08-28T01:12:42.627+0000][info][gc,start    ] GC(374) Pause Cleanup
[2024-08-28T01:12:42.629+0000][info][gc          ] GC(374) Pause Cleanup 1434M->1434M(2048M) 2.343ms
[2024-08-28T01:12:42.629+0000][info][gc,cpu      ] GC(374) User=0.00s Sys=0.00s Real=0.00s
[2024-08-28T01:12:42.629+0000][info][gc,marking  ] GC(374) Concurrent Cleanup for Next Mark
[2024-08-28T01:12:42.630+0000][info][gc,marking  ] GC(374) Concurrent Cleanup for Next Mark 1.250ms
[2024-08-28T01:12:42.630+0000][info][gc          ] GC(374) Concurrent Mark Cycle 79.612ms
[2024-08-28T01:12:42.634+0000][info][gc,start    ] GC(375) Pause Young (Prepare Mixed) (G1 Evacuation Pause)
[2024-08-28T01:12:42.634+0000][info][gc,task     ] GC(375) Using 49 workers of 68 for evacuation
[2024-08-28T01:12:42.652+0000][info][gc,phases   ] GC(375)   Pre Evacuate Collection Set: 0.3ms
[2024-08-28T01:12:42.652+0000][info][gc,phases   ] GC(375)   Merge Heap Roots: 0.9ms
[2024-08-28T01:12:42.652+0000][info][gc,phases   ] GC(375)   Evacuate Collection Set: 15.9ms
[2024-08-28T01:12:42.652+0000][info][gc,phases   ] GC(375)   Post Evacuate Collection Set: 0.5ms
[2024-08-28T01:12:42.652+0000][info][gc,phases   ] GC(375)   Other: 0.1ms
[2024-08-28T01:12:42.652+0000][info][gc,heap     ] GC(375) Eden regions: 89->0(88)
[2024-08-28T01:12:42.652+0000][info][gc,heap     ] GC(375) Survivor regions: 21->14(14)
[2024-08-28T01:12:42.652+0000][info][gc,heap     ] GC(375) Old regions: 1326->1430
[2024-08-28T01:12:42.652+0000][info][gc,heap     ] GC(375) Archive regions: 2->2
[2024-08-28T01:12:42.652+0000][info][gc,heap     ] GC(375) Humongous regions: 5->5
[2024-08-28T01:12:42.652+0000][info][gc,metaspace] GC(375) Metaspace: 100K(320K)->100K(320K) NonClass: 96K(192K)->96K(192K) Class: 4K(128K)->4K(128K)
[2024-08-28T01:12:42.652+0000][info][gc          ] GC(375) Pause Young (Prepare Mixed) (G1 Evacuation Pause) 1441M->1449M(2048M) 17.725ms
[2024-08-28T01:12:42.652+0000][info][gc,cpu      ] GC(375) User=0.80s Sys=0.01s Real=0.02s
[2024-08-28T01:12:42.694+0000][info][gc,start    ] GC(376) Pause Young (Mixed) (G1 Evacuation Pause)
[2024-08-28T01:12:42.694+0000][info][gc,task     ] GC(376) Using 49 workers of 68 for evacuation
[2024-08-28T01:12:42.712+0000][info][gc,phases   ] GC(376)   Pre Evacuate Collection Set: 0.4ms
[2024-08-28T01:12:42.712+0000][info][gc,phases   ] GC(376)   Merge Heap Roots: 0.6ms
[2024-08-28T01:12:42.712+0000][info][gc,phases   ] GC(376)   Evacuate Collection Set: 16.2ms
[2024-08-28T01:12:42.712+0000][info][gc,phases   ] GC(376)   Post Evacuate Collection Set: 0.6ms
[2024-08-28T01:12:42.712+0000][info][gc,phases   ] GC(376)   Other: 0.2ms
[2024-08-28T01:12:42.712+0000][info][gc,heap     ] GC(376) Eden regions: 88->0(89)
[2024-08-28T01:12:42.712+0000][info][gc,heap     ] GC(376) Survivor regions: 14->13(13)
[2024-08-28T01:12:42.712+0000][info][gc,heap     ] GC(376) Old regions: 1430->1219
[2024-08-28T01:12:42.712+0000][info][gc,heap     ] GC(376) Archive regions: 2->2
[2024-08-28T01:12:42.712+0000][info][gc,heap     ] GC(376) Humongous regions: 5->5
[2024-08-28T01:12:42.712+0000][info][gc,metaspace] GC(376) Metaspace: 100K(320K)->100K(320K) NonClass: 96K(192K)->96K(192K) Class: 4K(128K)->4K(128K)
[2024-08-28T01:12:42.712+0000][info][gc          ] GC(376) Pause Young (Mixed) (G1 Evacuation Pause) 1537M->1237M(2048M) 18.088ms
[2024-08-28T01:12:42.712+0000][info][gc,cpu      ] GC(376) User=0.81s Sys=0.00s Real=0.02s
[2024-08-28T01:12:42.756+0000][info][gc,start    ] GC(377) Pause Young (Mixed) (G1 Evacuation Pause)
[2024-08-28T01:12:42.756+0000][info][gc,task     ] GC(377) Using 49 workers of 68 for evacuation
[2024-08-28T01:12:42.774+0000][info][gc,phases   ] GC(377)   Pre Evacuate Collection Set: 0.4ms
[2024-08-28T01:12:42.774+0000][info][gc,phases   ] GC(377)   Merge Heap Roots: 0.7ms
[2024-08-28T01:12:42.774+0000][info][gc,phases   ] GC(377)   Evacuate Collection Set: 15.6ms
[2024-08-28T01:12:42.774+0000][info][gc,phases   ] GC(377)   Post Evacuate Collection Set: 0.7ms
[2024-08-28T01:12:42.774+0000][info][gc,phases   ] GC(377)   Other: 0.2ms
[2024-08-28T01:12:42.774+0000][info][gc,heap     ] GC(377) Eden regions: 89->0(89)
[2024-08-28T01:12:42.774+0000][info][gc,heap     ] GC(377) Survivor regions: 13->13(13)
[2024-08-28T01:12:42.774+0000][info][gc,heap     ] GC(377) Old regions: 1219->1005
[2024-08-28T01:12:42.774+0000][info][gc,heap     ] GC(377) Archive regions: 2->2
[2024-08-28T01:12:42.774+0000][info][gc,heap     ] GC(377) Humongous regions: 5->5
[2024-08-28T01:12:42.774+0000][info][gc,metaspace] GC(377) Metaspace: 100K(320K)->100K(320K) NonClass: 96K(192K)->96K(192K) Class: 4K(128K)->4K(128K)
[2024-08-28T01:12:42.774+0000][info][gc          ] GC(377) Pause Young (Mixed) (G1 Evacuation Pause) 1326M->1023M(2048M) 17.685ms
[2024-08-28T01:12:42.774+0000][info][gc,cpu      ] GC(377) User=0.79s Sys=0.01s Real=0.02s
[2024-08-28T01:12:42.817+0000][info][gc,start    ] GC(378) Pause Young (Mixed) (G1 Evacuation Pause)
[2024-08-28T01:12:42.817+0000][info][gc,task     ] GC(378) Using 49 workers of 68 for evacuation
[2024-08-28T01:12:42.837+0000][info][gc,phases   ] GC(378)   Pre Evacuate Collection Set: 0.4ms
[2024-08-28T01:12:42.837+0000][info][gc,phases   ] GC(378)   Merge Heap Roots: 0.8ms
[2024-08-28T01:12:42.838+0000][info][gc,phases   ] GC(378)   Evacuate Collection Set: 18.4ms
[2024-08-28T01:12:42.838+0000][info][gc,phases   ] GC(378)   Post Evacuate Collection Set: 0.6ms
[2024-08-28T01:12:42.838+0000][info][gc,phases   ] GC(378)   Other: 0.2ms
[2024-08-28T01:12:42.838+0000][info][gc,heap     ] GC(378) Eden regions: 89->0(292)
[2024-08-28T01:12:42.838+0000][info][gc,heap     ] GC(378) Survivor regions: 13->13(13)
[2024-08-28T01:12:42.838+0000][info][gc,heap     ] GC(378) Old regions: 1005->914
[2024-08-28T01:12:42.838+0000][info][gc,heap     ] GC(378) Archive regions: 2->2
[2024-08-28T01:12:42.838+0000][info][gc,heap     ] GC(378) Humongous regions: 5->5
[2024-08-28T01:12:42.838+0000][info][gc,metaspace] GC(378) Metaspace: 100K(320K)->100K(320K) NonClass: 96K(192K)->96K(192K) Class: 4K(128K)->4K(128K)
[2024-08-28T01:12:42.838+0000][info][gc          ] GC(378) Pause Young (Mixed) (G1 Evacuation Pause) 1112M->932M(2048M) 20.534ms
[2024-08-28T01:12:42.838+0000][info][gc,cpu      ] GC(378) User=0.93s Sys=0.01s Real=0.03s
[2024-08-28T01:12:42.994+0000][info][gc,start    ] GC(379) Pause Young (Normal) (G1 Evacuation Pause)
[2024-08-28T01:12:42.994+0000][info][gc,task     ] GC(379) Using 49 workers of 68 for evacuation
[2024-08-28T01:12:43.036+0000][info][gc,phases   ] GC(379)   Pre Evacuate Collection Set: 0.4ms
[2024-08-28T01:12:43.036+0000][info][gc,phases   ] GC(379)   Merge Heap Roots: 1.1ms
[2024-08-28T01:12:43.036+0000][info][gc,phases   ] GC(379)   Evacuate Collection Set: 39.5ms
[2024-08-28T01:12:43.036+0000][info][gc,phases   ] GC(379)   Post Evacuate Collection Set: 0.6ms
[2024-08-28T01:12:43.036+0000][info][gc,phases   ] GC(379)   Other: 0.3ms
[2024-08-28T01:12:43.036+0000][info][gc,heap     ] GC(379) Eden regions: 292->0(201)
[2024-08-28T01:12:43.036+0000][info][gc,heap     ] GC(379) Survivor regions: 13->39(39)
[2024-08-28T01:12:43.036+0000][info][gc,heap     ] GC(379) Old regions: 914->1171
[2024-08-28T01:12:43.036+0000][info][gc,heap     ] GC(379) Archive regions: 2->2
[2024-08-28T01:12:43.036+0000][info][gc,heap     ] GC(379) Humongous regions: 5->5
[2024-08-28T01:12:43.036+0000][info][gc,metaspace] GC(379) Metaspace: 100K(320K)->100K(320K) NonClass: 96K(192K)->96K(192K) Class: 4K(128K)->4K(128K)
[2024-08-28T01:12:43.036+0000][info][gc          ] GC(379) Pause Young (Normal) (G1 Evacuation Pause) 1224M->1215M(2048M) 42.027ms
[2024-08-28T01:12:43.036+0000][info][gc,cpu      ] GC(379) User=1.96s Sys=0.01s Real=0.04s
[2024-08-28T01:12:43.146+0000][info][gc,start    ] GC(380) Pause Young (Normal) (G1 Evacuation Pause)
[2024-08-28T01:12:43.146+0000][info][gc,task     ] GC(380) Using 49 workers of 68 for evacuation
[2024-08-28T01:12:43.183+0000][info][gc,phases   ] GC(380)   Pre Evacuate Collection Set: 0.3ms
[2024-08-28T01:12:43.183+0000][info][gc,phases   ] GC(380)   Merge Heap Roots: 1.0ms
[2024-08-28T01:12:43.183+0000][info][gc,phases   ] GC(380)   Evacuate Collection Set: 35.2ms
[2024-08-28T01:12:43.183+0000][info][gc,phases   ] GC(380)   Post Evacuate Collection Set: 0.6ms
[2024-08-28T01:12:43.183+0000][info][gc,phases   ] GC(380)   Other: 0.3ms
[2024-08-28T01:12:43.183+0000][info][gc,heap     ] GC(380) Eden regions: 201->0(136)
[2024-08-28T01:12:43.183+0000][info][gc,heap     ] GC(380) Survivor regions: 39->30(30)
[2024-08-28T01:12:43.183+0000][info][gc,heap     ] GC(380) Old regions: 1171->1380
[2024-08-28T01:12:43.183+0000][info][gc,heap     ] GC(380) Archive regions: 2->2
[2024-08-28T01:12:43.183+0000][info][gc,heap     ] GC(380) Humongous regions: 5->5
[2024-08-28T01:12:43.183+0000][info][gc,metaspace] GC(380) Metaspace: 100K(320K)->100K(320K) NonClass: 96K(192K)->96K(192K) Class: 4K(128K)->4K(128K)
[2024-08-28T01:12:43.183+0000][info][gc          ] GC(380) Pause Young (Normal) (G1 Evacuation Pause) 1416M->1415M(2048M) 37.486ms
[2024-08-28T01:12:43.183+0000][info][gc,cpu      ] GC(380) User=1.75s Sys=0.00s Real=0.04s
[2024-08-28T01:12:43.258+0000][info][gc,start    ] GC(381) Pause Young (Concurrent Start) (G1 Evacuation Pause)
[2024-08-28T01:12:43.258+0000][info][gc,task     ] GC(381) Using 49 workers of 68 for evacuation
[2024-08-28T01:12:43.286+0000][info][gc,phases   ] GC(381)   Pre Evacuate Collection Set: 0.4ms
[2024-08-28T01:12:43.286+0000][info][gc,phases   ] GC(381)   Merge Heap Roots: 1.0ms
[2024-08-28T01:12:43.286+0000][info][gc,phases   ] GC(381)   Evacuate Collection Set: 25.2ms
[2024-08-28T01:12:43.286+0000][info][gc,phases   ] GC(381)   Post Evacuate Collection Set: 0.6ms
[2024-08-28T01:12:43.286+0000][info][gc,phases   ] GC(381)   Other: 0.7ms
[2024-08-28T01:12:43.286+0000][info][gc,heap     ] GC(381) Eden regions: 136->0(90)
[2024-08-28T01:12:43.286+0000][info][gc,heap     ] GC(381) Survivor regions: 30->21(21)
[2024-08-28T01:12:43.286+0000][info][gc,heap     ] GC(381) Old regions: 1380->1530
[2024-08-28T01:12:43.286+0000][info][gc,heap     ] GC(381) Archive regions: 2->2
[2024-08-28T01:12:43.286+0000][info][gc,heap     ] GC(381) Humongous regions: 5->5
[2024-08-28T01:12:43.286+0000][info][gc,metaspace] GC(381) Metaspace: 100K(320K)->100K(320K) NonClass: 96K(192K)->96K(192K) Class: 4K(128K)->4K(128K)
[2024-08-28T01:12:43.286+0000][info][gc          ] GC(381) Pause Young (Concurrent Start) (G1 Evacuation Pause) 1551M->1556M(2048M) 27.873ms
[2024-08-28T01:12:43.286+0000][info][gc,cpu      ] GC(381) User=1.26s Sys=0.02s Real=0.02s
[2024-08-28T01:12:43.286+0000][info][gc          ] GC(382) Concurrent Mark Cycle
[2024-08-28T01:12:43.286+0000][info][gc,marking  ] GC(382) Concurrent Clear Claimed Marks
[2024-08-28T01:12:43.286+0000][info][gc,marking  ] GC(382) Concurrent Clear Claimed Marks 0.010ms
[2024-08-28T01:12:43.286+0000][info][gc,marking  ] GC(382) Concurrent Scan Root Regions
[2024-08-28T01:12:43.291+0000][info][gc,marking  ] GC(382) Concurrent Scan Root Regions 4.387ms
[2024-08-28T01:12:43.291+0000][info][gc,marking  ] GC(382) Concurrent Mark
[2024-08-28T01:12:43.291+0000][info][gc,marking  ] GC(382) Concurrent Mark From Roots
[2024-08-28T01:12:43.291+0000][info][gc,task     ] GC(382) Using 17 workers of 17 for marking
[2024-08-28T01:12:43.307+0000][info][gc,marking  ] GC(382) Concurrent Mark From Roots 16.801ms
[2024-08-28T01:12:43.308+0000][info][gc,marking  ] GC(382) Concurrent Preclean
[2024-08-28T01:12:43.309+0000][info][gc,marking  ] GC(382) Concurrent Preclean 1.163ms
[2024-08-28T01:12:43.309+0000][info][gc,start    ] GC(382) Pause Remark
[2024-08-28T01:12:43.311+0000][info][gc          ] GC(382) Pause Remark 1583M->1356M(2048M) 2.129ms
[2024-08-28T01:12:43.311+0000][info][gc,cpu      ] GC(382) User=0.00s Sys=0.01s Real=0.01s
[2024-08-28T01:12:43.311+0000][info][gc,marking  ] GC(382) Concurrent Mark 20.669ms
[2024-08-28T01:12:43.311+0000][info][gc,marking  ] GC(382) Concurrent Rebuild Remembered Sets
[2024-08-28T01:12:43.346+0000][info][gc,start    ] GC(383) Pause Young (Normal) (G1 Evacuation Pause)
[2024-08-28T01:12:43.346+0000][info][gc,task     ] GC(383) Using 49 workers of 68 for evacuation
[2024-08-28T01:12:43.365+0000][info][gc,phases   ] GC(383)   Pre Evacuate Collection Set: 0.5ms
[2024-08-28T01:12:43.365+0000][info][gc,phases   ] GC(383)   Merge Heap Roots: 0.8ms
[2024-08-28T01:12:43.365+0000][info][gc,phases   ] GC(383)   Evacuate Collection Set: 17.1ms
[2024-08-28T01:12:43.365+0000][info][gc,phases   ] GC(383)   Post Evacuate Collection Set: 0.8ms
[2024-08-28T01:12:43.365+0000][info][gc,phases   ] GC(383)   Other: 0.2ms
[2024-08-28T01:12:43.365+0000][info][gc,heap     ] GC(383) Eden regions: 90->0(132)
[2024-08-28T01:12:43.365+0000][info][gc,heap     ] GC(383) Survivor regions: 21->14(14)
[2024-08-28T01:12:43.365+0000][info][gc,heap     ] GC(383) Old regions: 1303->1409
[2024-08-28T01:12:43.365+0000][info][gc,heap     ] GC(383) Archive regions: 2->2
[2024-08-28T01:12:43.365+0000][info][gc,heap     ] GC(383) Humongous regions: 5->5
[2024-08-28T01:12:43.365+0000][info][gc,metaspace] GC(383) Metaspace: 100K(320K)->100K(320K) NonClass: 96K(192K)->96K(192K) Class: 4K(128K)->4K(128K)
[2024-08-28T01:12:43.365+0000][info][gc          ] GC(383) Pause Young (Normal) (G1 Evacuation Pause) 1419M->1428M(2048M) 19.463ms
[2024-08-28T01:12:43.365+0000][info][gc,cpu      ] GC(383) User=0.88s Sys=0.01s Real=0.02s
[2024-08-28T01:12:43.381+0000][info][gc,marking  ] GC(382) Concurrent Rebuild Remembered Sets 69.944ms
[2024-08-28T01:12:43.382+0000][info][gc,start    ] GC(382) Pause Cleanup
[2024-08-28T01:12:43.385+0000][info][gc          ] GC(382) Pause Cleanup 1456M->1456M(2048M) 3.050ms
[2024-08-28T01:12:43.385+0000][info][gc,cpu      ] GC(382) User=0.01s Sys=0.01s Real=0.00s
[2024-08-28T01:12:43.385+0000][info][gc,marking  ] GC(382) Concurrent Cleanup for Next Mark
[2024-08-28T01:12:43.386+0000][info][gc,marking  ] GC(382) Concurrent Cleanup for Next Mark 1.360ms
[2024-08-28T01:12:43.386+0000][info][gc          ] GC(382) Concurrent Mark Cycle 100.133ms
[2024-08-28T01:12:43.444+0000][info][gc,start    ] GC(384) Pause Young (Prepare Mixed) (G1 Evacuation Pause)
[2024-08-28T01:12:43.444+0000][info][gc,task     ] GC(384) Using 49 workers of 68 for evacuation
[2024-08-28T01:12:43.470+0000][info][gc,phases   ] GC(384)   Pre Evacuate Collection Set: 0.3ms
[2024-08-28T01:12:43.470+0000][info][gc,phases   ] GC(384)   Merge Heap Roots: 1.2ms
[2024-08-28T01:12:43.470+0000][info][gc,phases   ] GC(384)   Evacuate Collection Set: 23.7ms
[2024-08-28T01:12:43.470+0000][info][gc,phases   ] GC(384)   Post Evacuate Collection Set: 0.6ms
[2024-08-28T01:12:43.470+0000][info][gc,phases   ] GC(384)   Other: 0.2ms
[2024-08-28T01:12:43.470+0000][info][gc,heap     ] GC(384) Eden regions: 132->0(83)
[2024-08-28T01:12:43.470+0000][info][gc,heap     ] GC(384) Survivor regions: 14->19(19)
[2024-08-28T01:12:43.470+0000][info][gc,heap     ] GC(384) Old regions: 1409->1540
[2024-08-28T01:12:43.470+0000][info][gc,heap     ] GC(384) Archive regions: 2->2
[2024-08-28T01:12:43.470+0000][info][gc,heap     ] GC(384) Humongous regions: 5->5
[2024-08-28T01:12:43.470+0000][info][gc,metaspace] GC(384) Metaspace: 100K(320K)->100K(320K) NonClass: 96K(192K)->96K(192K) Class: 4K(128K)->4K(128K)
[2024-08-28T01:12:43.470+0000][info][gc          ] GC(384) Pause Young (Prepare Mixed) (G1 Evacuation Pause) 1560M->1564M(2048M) 26.088ms
[2024-08-28T01:12:43.470+0000][info][gc,cpu      ] GC(384) User=1.19s Sys=0.03s Real=0.03s
[2024-08-28T01:12:43.516+0000][info][gc,start    ] GC(385) Pause Young (Mixed) (G1 Evacuation Pause)
[2024-08-28T01:12:43.516+0000][info][gc,task     ] GC(385) Using 49 workers of 68 for evacuation
[2024-08-28T01:12:43.534+0000][info][gc,phases   ] GC(385)   Pre Evacuate Collection Set: 0.4ms
[2024-08-28T01:12:43.534+0000][info][gc,phases   ] GC(385)   Merge Heap Roots: 0.7ms
[2024-08-28T01:12:43.534+0000][info][gc,phases   ] GC(385)   Evacuate Collection Set: 16.3ms
[2024-08-28T01:12:43.534+0000][info][gc,phases   ] GC(385)   Post Evacuate Collection Set: 0.7ms
[2024-08-28T01:12:43.534+0000][info][gc,phases   ] GC(385)   Other: 0.3ms
[2024-08-28T01:12:43.534+0000][info][gc,heap     ] GC(385) Eden regions: 83->0(89)
[2024-08-28T01:12:43.534+0000][info][gc,heap     ] GC(385) Survivor regions: 19->13(13)
[2024-08-28T01:12:43.534+0000][info][gc,heap     ] GC(385) Old regions: 1540->1330
[2024-08-28T01:12:43.534+0000][info][gc,heap     ] GC(385) Archive regions: 2->2
[2024-08-28T01:12:43.534+0000][info][gc,heap     ] GC(385) Humongous regions: 5->5
[2024-08-28T01:12:43.534+0000][info][gc,metaspace] GC(385) Metaspace: 100K(320K)->100K(320K) NonClass: 96K(192K)->96K(192K) Class: 4K(128K)->4K(128K)
[2024-08-28T01:12:43.534+0000][info][gc          ] GC(385) Pause Young (Mixed) (G1 Evacuation Pause) 1647M->1348M(2048M) 18.463ms
[2024-08-28T01:12:43.534+0000][info][gc,cpu      ] GC(385) User=0.74s Sys=0.09s Real=0.02s
[2024-08-28T01:12:43.582+0000][info][gc,start    ] GC(386) Pause Young (Mixed) (G1 Evacuation Pause)
[2024-08-28T01:12:43.582+0000][info][gc,task     ] GC(386) Using 49 workers of 68 for evacuation
[2024-08-28T01:12:43.599+0000][info][gc,phases   ] GC(386)   Pre Evacuate Collection Set: 0.4ms
[2024-08-28T01:12:43.599+0000][info][gc,phases   ] GC(386)   Merge Heap Roots: 0.6ms
[2024-08-28T01:12:43.599+0000][info][gc,phases   ] GC(386)   Evacuate Collection Set: 15.1ms
[2024-08-28T01:12:43.599+0000][info][gc,phases   ] GC(386)   Post Evacuate Collection Set: 0.7ms
[2024-08-28T01:12:43.599+0000][info][gc,phases   ] GC(386)   Other: 0.3ms
[2024-08-28T01:12:43.599+0000][info][gc,heap     ] GC(386) Eden regions: 89->0(89)
[2024-08-28T01:12:43.599+0000][info][gc,heap     ] GC(386) Survivor regions: 13->13(13)
[2024-08-28T01:12:43.599+0000][info][gc,heap     ] GC(386) Old regions: 1330->1116
[2024-08-28T01:12:43.599+0000][info][gc,heap     ] GC(386) Archive regions: 2->2
[2024-08-28T01:12:43.599+0000][info][gc,heap     ] GC(386) Humongous regions: 5->5
[2024-08-28T01:12:43.599+0000][info][gc,metaspace] GC(386) Metaspace: 100K(320K)->100K(320K) NonClass: 96K(192K)->96K(192K) Class: 4K(128K)->4K(128K)
[2024-08-28T01:12:43.599+0000][info][gc          ] GC(386) Pause Young (Mixed) (G1 Evacuation Pause) 1437M->1134M(2048M) 17.061ms
[2024-08-28T01:12:43.599+0000][info][gc,cpu      ] GC(386) User=0.76s Sys=0.00s Real=0.02s
[2024-08-28T01:12:43.642+0000][info][gc,start    ] GC(387) Pause Young (Mixed) (G1 Evacuation Pause)
[2024-08-28T01:12:43.642+0000][info][gc,task     ] GC(387) Using 49 workers of 68 for evacuation
[2024-08-28T01:12:43.662+0000][info][gc,phases   ] GC(387)   Pre Evacuate Collection Set: 0.4ms
[2024-08-28T01:12:43.662+0000][info][gc,phases   ] GC(387)   Merge Heap Roots: 0.6ms
[2024-08-28T01:12:43.662+0000][info][gc,phases   ] GC(387)   Evacuate Collection Set: 17.6ms
[2024-08-28T01:12:43.662+0000][info][gc,phases   ] GC(387)   Post Evacuate Collection Set: 0.6ms
[2024-08-28T01:12:43.662+0000][info][gc,phases   ] GC(387)   Other: 0.2ms
[2024-08-28T01:12:43.662+0000][info][gc,heap     ] GC(387) Eden regions: 89->0(249)
[2024-08-28T01:12:43.662+0000][info][gc,heap     ] GC(387) Survivor regions: 13->13(13)
[2024-08-28T01:12:43.662+0000][info][gc,heap     ] GC(387) Old regions: 1116->1048
[2024-08-28T01:12:43.662+0000][info][gc,heap     ] GC(387) Archive regions: 2->2
[2024-08-28T01:12:43.662+0000][info][gc,heap     ] GC(387) Humongous regions: 5->5
[2024-08-28T01:12:43.662+0000][info][gc,metaspace] GC(387) Metaspace: 100K(320K)->100K(320K) NonClass: 96K(192K)->96K(192K) Class: 4K(128K)->4K(128K)
[2024-08-28T01:12:43.662+0000][info][gc          ] GC(387) Pause Young (Mixed) (G1 Evacuation Pause) 1223M->1066M(2048M) 19.540ms
[2024-08-28T01:12:43.662+0000][info][gc,cpu      ] GC(387) User=0.88s Sys=0.01s Real=0.02s
[2024-08-28T01:12:43.779+0000][info][gc,start    ] GC(388) Pause Young (Normal) (G1 Evacuation Pause)
[2024-08-28T01:12:43.779+0000][info][gc,task     ] GC(388) Using 49 workers of 68 for evacuation
[2024-08-28T01:12:43.815+0000][info][gc,phases   ] GC(388)   Pre Evacuate Collection Set: 0.5ms
[2024-08-28T01:12:43.815+0000][info][gc,phases   ] GC(388)   Merge Heap Roots: 0.8ms
[2024-08-28T01:12:43.815+0000][info][gc,phases   ] GC(388)   Evacuate Collection Set: 33.9ms
[2024-08-28T01:12:43.815+0000][info][gc,phases   ] GC(388)   Post Evacuate Collection Set: 0.6ms
[2024-08-28T01:12:43.815+0000][info][gc,phases   ] GC(388)   Other: 0.3ms
[2024-08-28T01:12:43.815+0000][info][gc,heap     ] GC(388) Eden regions: 249->0(169)
[2024-08-28T01:12:43.815+0000][info][gc,heap     ] GC(388) Survivor regions: 13->33(33)
[2024-08-28T01:12:43.815+0000][info][gc,heap     ] GC(388) Old regions: 1048->1274
[2024-08-28T01:12:43.815+0000][info][gc,heap     ] GC(388) Archive regions: 2->2
[2024-08-28T01:12:43.815+0000][info][gc,heap     ] GC(388) Humongous regions: 5->5
[2024-08-28T01:12:43.815+0000][info][gc,metaspace] GC(388) Metaspace: 100K(320K)->100K(320K) NonClass: 96K(192K)->96K(192K) Class: 4K(128K)->4K(128K)
[2024-08-28T01:12:43.815+0000][info][gc          ] GC(388) Pause Young (Normal) (G1 Evacuation Pause) 1315M->1312M(2048M) 36.092ms
[2024-08-28T01:12:43.815+0000][info][gc,cpu      ] GC(388) User=1.67s Sys=0.00s Real=0.03s
[2024-08-28T01:12:43.896+0000][info][gc,start    ] GC(389) Pause Young (Normal) (G1 Evacuation Pause)
[2024-08-28T01:12:43.896+0000][info][gc,task     ] GC(389) Using 49 workers of 68 for evacuation
[2024-08-28T01:12:43.928+0000][info][gc,phases   ] GC(389)   Pre Evacuate Collection Set: 0.4ms
[2024-08-28T01:12:43.928+0000][info][gc,phases   ] GC(389)   Merge Heap Roots: 0.9ms
[2024-08-28T01:12:43.928+0000][info][gc,phases   ] GC(389)   Evacuate Collection Set: 29.8ms
[2024-08-28T01:12:43.928+0000][info][gc,phases   ] GC(389)   Post Evacuate Collection Set: 0.7ms
[2024-08-28T01:12:43.928+0000][info][gc,phases   ] GC(389)   Other: 0.3ms
[2024-08-28T01:12:43.928+0000][info][gc,heap     ] GC(389) Eden regions: 169->0(114)
[2024-08-28T01:12:43.928+0000][info][gc,heap     ] GC(389) Survivor regions: 33->26(26)
[2024-08-28T01:12:43.928+0000][info][gc,heap     ] GC(389) Old regions: 1274->1453
[2024-08-28T01:12:43.928+0000][info][gc,heap     ] GC(389) Archive regions: 2->2
[2024-08-28T01:12:43.928+0000][info][gc,heap     ] GC(389) Humongous regions: 5->5
[2024-08-28T01:12:43.928+0000][info][gc,metaspace] GC(389) Metaspace: 100K(320K)->100K(320K) NonClass: 96K(192K)->96K(192K) Class: 4K(128K)->4K(128K)
[2024-08-28T01:12:43.928+0000][info][gc          ] GC(389) Pause Young (Normal) (G1 Evacuation Pause) 1481M->1484M(2048M) 32.150ms
[2024-08-28T01:12:43.928+0000][info][gc,cpu      ] GC(389) User=1.45s Sys=0.05s Real=0.03s
[2024-08-28T01:12:43.985+0000][info][gc,start    ] GC(390) Pause Young (Concurrent Start) (G1 Evacuation Pause)
[2024-08-28T01:12:43.985+0000][info][gc,task     ] GC(390) Using 49 workers of 68 for evacuation
[2024-08-28T01:12:44.008+0000][info][gc,phases   ] GC(390)   Pre Evacuate Collection Set: 0.4ms
[2024-08-28T01:12:44.009+0000][info][gc,phases   ] GC(390)   Merge Heap Roots: 0.8ms
[2024-08-28T01:12:44.009+0000][info][gc,phases   ] GC(390)   Evacuate Collection Set: 21.2ms
[2024-08-28T01:12:44.009+0000][info][gc,phases   ] GC(390)   Post Evacuate Collection Set: 0.5ms
[2024-08-28T01:12:44.009+0000][info][gc,phases   ] GC(390)   Other: 1.1ms
[2024-08-28T01:12:44.009+0000][info][gc,heap     ] GC(390) Eden regions: 114->0(84)
[2024-08-28T01:12:44.009+0000][info][gc,heap     ] GC(390) Survivor regions: 26->18(18)
[2024-08-28T01:12:44.009+0000][info][gc,heap     ] GC(390) Old regions: 1453->1583
[2024-08-28T01:12:44.009+0000][info][gc,heap     ] GC(390) Archive regions: 2->2
[2024-08-28T01:12:44.009+0000][info][gc,heap     ] GC(390) Humongous regions: 5->5
[2024-08-28T01:12:44.009+0000][info][gc,metaspace] GC(390) Metaspace: 100K(320K)->100K(320K) NonClass: 96K(192K)->96K(192K) Class: 4K(128K)->4K(128K)
[2024-08-28T01:12:44.009+0000][info][gc          ] GC(390) Pause Young (Concurrent Start) (G1 Evacuation Pause) 1598M->1606M(2048M) 24.044ms
[2024-08-28T01:12:44.009+0000][info][gc,cpu      ] GC(390) User=1.03s Sys=0.02s Real=0.02s
[2024-08-28T01:12:44.009+0000][info][gc          ] GC(391) Concurrent Mark Cycle
[2024-08-28T01:12:44.009+0000][info][gc,marking  ] GC(391) Concurrent Clear Claimed Marks
[2024-08-28T01:12:44.009+0000][info][gc,marking  ] GC(391) Concurrent Clear Claimed Marks 0.011ms
[2024-08-28T01:12:44.009+0000][info][gc,marking  ] GC(391) Concurrent Scan Root Regions
[2024-08-28T01:12:44.012+0000][info][gc,marking  ] GC(391) Concurrent Scan Root Regions 3.560ms
[2024-08-28T01:12:44.012+0000][info][gc,marking  ] GC(391) Concurrent Mark
[2024-08-28T01:12:44.012+0000][info][gc,marking  ] GC(391) Concurrent Mark From Roots
[2024-08-28T01:12:44.012+0000][info][gc,task     ] GC(391) Using 17 workers of 17 for marking
[2024-08-28T01:12:44.030+0000][info][gc,marking  ] GC(391) Concurrent Mark From Roots 17.852ms
[2024-08-28T01:12:44.030+0000][info][gc,marking  ] GC(391) Concurrent Preclean
[2024-08-28T01:12:44.032+0000][info][gc,marking  ] GC(391) Concurrent Preclean 1.431ms
[2024-08-28T01:12:44.032+0000][info][gc,start    ] GC(391) Pause Remark
[2024-08-28T01:12:44.034+0000][info][gc          ] GC(391) Pause Remark 1636M->1400M(2048M) 1.981ms
[2024-08-28T01:12:44.034+0000][info][gc,cpu      ] GC(391) User=0.02s Sys=0.01s Real=0.00s
[2024-08-28T01:12:44.034+0000][info][gc,marking  ] GC(391) Concurrent Mark 21.783ms
[2024-08-28T01:12:44.034+0000][info][gc,marking  ] GC(391) Concurrent Rebuild Remembered Sets
[2024-08-28T01:12:44.061+0000][info][gc,start    ] GC(392) Pause Young (Normal) (G1 Evacuation Pause)
[2024-08-28T01:12:44.061+0000][info][gc,task     ] GC(392) Using 49 workers of 68 for evacuation
[2024-08-28T01:12:44.078+0000][info][gc,phases   ] GC(392)   Pre Evacuate Collection Set: 0.4ms
[2024-08-28T01:12:44.078+0000][info][gc,phases   ] GC(392)   Merge Heap Roots: 0.8ms
[2024-08-28T01:12:44.078+0000][info][gc,phases   ] GC(392)   Evacuate Collection Set: 15.5ms
[2024-08-28T01:12:44.078+0000][info][gc,phases   ] GC(392)   Post Evacuate Collection Set: 0.8ms
[2024-08-28T01:12:44.078+0000][info][gc,phases   ] GC(392)   Other: 0.2ms
[2024-08-28T01:12:44.078+0000][info][gc,heap     ] GC(392) Eden regions: 84->0(121)
[2024-08-28T01:12:44.078+0000][info][gc,heap     ] GC(392) Survivor regions: 18->13(13)
[2024-08-28T01:12:44.078+0000][info][gc,heap     ] GC(392) Old regions: 1347->1443
[2024-08-28T01:12:44.078+0000][info][gc,heap     ] GC(392) Archive regions: 2->2
[2024-08-28T01:12:44.078+0000][info][gc,heap     ] GC(392) Humongous regions: 5->5
[2024-08-28T01:12:44.078+0000][info][gc,metaspace] GC(392) Metaspace: 100K(320K)->100K(320K) NonClass: 96K(192K)->96K(192K) Class: 4K(128K)->4K(128K)
[2024-08-28T01:12:44.078+0000][info][gc          ] GC(392) Pause Young (Normal) (G1 Evacuation Pause) 1454M->1461M(2048M) 17.760ms
[2024-08-28T01:12:44.079+0000][info][gc,cpu      ] GC(392) User=0.78s Sys=0.01s Real=0.02s
[2024-08-28T01:12:44.102+0000][info][gc,marking  ] GC(391) Concurrent Rebuild Remembered Sets 67.798ms
[2024-08-28T01:12:44.102+0000][info][gc,start    ] GC(391) Pause Cleanup
[2024-08-28T01:12:44.106+0000][info][gc          ] GC(391) Pause Cleanup 1507M->1507M(2048M) 3.387ms
[2024-08-28T01:12:44.106+0000][info][gc,cpu      ] GC(391) User=0.01s Sys=0.00s Real=0.00s
[2024-08-28T01:12:44.106+0000][info][gc,marking  ] GC(391) Concurrent Cleanup for Next Mark
[2024-08-28T01:12:44.107+0000][info][gc,marking  ] GC(391) Concurrent Cleanup for Next Mark 1.328ms
[2024-08-28T01:12:44.107+0000][info][gc          ] GC(391) Concurrent Mark Cycle 98.419ms
[2024-08-28T01:12:44.145+0000][info][gc,start    ] GC(393) Pause Young (Prepare Mixed) (G1 Evacuation Pause)
[2024-08-28T01:12:44.145+0000][info][gc,task     ] GC(393) Using 49 workers of 68 for evacuation
[2024-08-28T01:12:44.170+0000][info][gc,phases   ] GC(393)   Pre Evacuate Collection Set: 0.4ms
[2024-08-28T01:12:44.170+0000][info][gc,phases   ] GC(393)   Merge Heap Roots: 1.2ms
[2024-08-28T01:12:44.170+0000][info][gc,phases   ] GC(393)   Evacuate Collection Set: 22.6ms
[2024-08-28T01:12:44.170+0000][info][gc,phases   ] GC(393)   Post Evacuate Collection Set: 0.5ms
[2024-08-28T01:12:44.170+0000][info][gc,phases   ] GC(393)   Other: 0.2ms
[2024-08-28T01:12:44.170+0000][info][gc,heap     ] GC(393) Eden regions: 121->0(85)
[2024-08-28T01:12:44.170+0000][info][gc,heap     ] GC(393) Survivor regions: 13->17(17)
[2024-08-28T01:12:44.170+0000][info][gc,heap     ] GC(393) Old regions: 1443->1564
[2024-08-28T01:12:44.170+0000][info][gc,heap     ] GC(393) Archive regions: 2->2
[2024-08-28T01:12:44.170+0000][info][gc,heap     ] GC(393) Humongous regions: 5->5
[2024-08-28T01:12:44.170+0000][info][gc,metaspace] GC(393) Metaspace: 100K(320K)->100K(320K) NonClass: 96K(192K)->96K(192K) Class: 4K(128K)->4K(128K)
[2024-08-28T01:12:44.170+0000][info][gc          ] GC(393) Pause Young (Prepare Mixed) (G1 Evacuation Pause) 1582M->1586M(2048M) 24.987ms
[2024-08-28T01:12:44.170+0000][info][gc,cpu      ] GC(393) User=1.15s Sys=0.01s Real=0.03s
[2024-08-28T01:12:44.212+0000][info][gc,start    ] GC(394) Pause Young (Mixed) (G1 Evacuation Pause)
[2024-08-28T01:12:44.212+0000][info][gc,task     ] GC(394) Using 49 workers of 68 for evacuation
[2024-08-28T01:12:44.229+0000][info][gc,phases   ] GC(394)   Pre Evacuate Collection Set: 0.4ms
[2024-08-28T01:12:44.229+0000][info][gc,phases   ] GC(394)   Merge Heap Roots: 0.7ms
[2024-08-28T01:12:44.229+0000][info][gc,phases   ] GC(394)   Evacuate Collection Set: 15.3ms
[2024-08-28T01:12:44.229+0000][info][gc,phases   ] GC(394)   Post Evacuate Collection Set: 0.7ms
[2024-08-28T01:12:44.229+0000][info][gc,phases   ] GC(394)   Other: 0.3ms
[2024-08-28T01:12:44.229+0000][info][gc,heap     ] GC(394) Eden regions: 85->0(89)
[2024-08-28T01:12:44.229+0000][info][gc,heap     ] GC(394) Survivor regions: 17->13(13)
[2024-08-28T01:12:44.230+0000][info][gc,heap     ] GC(394) Old regions: 1564->1350
[2024-08-28T01:12:44.230+0000][info][gc,heap     ] GC(394) Archive regions: 2->2
[2024-08-28T01:12:44.230+0000][info][gc,heap     ] GC(394) Humongous regions: 5->5
[2024-08-28T01:12:44.230+0000][info][gc,metaspace] GC(394) Metaspace: 100K(320K)->100K(320K) NonClass: 96K(192K)->96K(192K) Class: 4K(128K)->4K(128K)
[2024-08-28T01:12:44.230+0000][info][gc          ] GC(394) Pause Young (Mixed) (G1 Evacuation Pause) 1671M->1368M(2048M) 17.469ms
[2024-08-28T01:12:44.230+0000][info][gc,cpu      ] GC(394) User=0.76s Sys=0.02s Real=0.02s
[2024-08-28T01:12:44.274+0000][info][gc,start    ] GC(395) Pause Young (Mixed) (G1 Evacuation Pause)
[2024-08-28T01:12:44.274+0000][info][gc,task     ] GC(395) Using 49 workers of 68 for evacuation
[2024-08-28T01:12:44.291+0000][info][gc,phases   ] GC(395)   Pre Evacuate Collection Set: 0.4ms
[2024-08-28T01:12:44.291+0000][info][gc,phases   ] GC(395)   Merge Heap Roots: 0.7ms
[2024-08-28T01:12:44.291+0000][info][gc,phases   ] GC(395)   Evacuate Collection Set: 15.1ms
[2024-08-28T01:12:44.291+0000][info][gc,phases   ] GC(395)   Post Evacuate Collection Set: 0.7ms
[2024-08-28T01:12:44.291+0000][info][gc,phases   ] GC(395)   Other: 0.3ms
[2024-08-28T01:12:44.291+0000][info][gc,heap     ] GC(395) Eden regions: 89->0(89)
[2024-08-28T01:12:44.291+0000][info][gc,heap     ] GC(395) Survivor regions: 13->13(13)
[2024-08-28T01:12:44.291+0000][info][gc,heap     ] GC(395) Old regions: 1350->1136
[2024-08-28T01:12:44.291+0000][info][gc,heap     ] GC(395) Archive regions: 2->2
[2024-08-28T01:12:44.291+0000][info][gc,heap     ] GC(395) Humongous regions: 5->5
[2024-08-28T01:12:44.291+0000][info][gc,metaspace] GC(395) Metaspace: 100K(320K)->100K(320K) NonClass: 96K(192K)->96K(192K) Class: 4K(128K)->4K(128K)
[2024-08-28T01:12:44.291+0000][info][gc          ] GC(395) Pause Young (Mixed) (G1 Evacuation Pause) 1457M->1154M(2048M) 17.319ms
[2024-08-28T01:12:44.291+0000][info][gc,cpu      ] GC(395) User=0.77s Sys=0.00s Real=0.02s
[2024-08-28T01:12:44.334+0000][info][gc,start    ] GC(396) Pause Young (Mixed) (G1 Evacuation Pause)
[2024-08-28T01:12:44.334+0000][info][gc,task     ] GC(396) Using 49 workers of 68 for evacuation
[2024-08-28T01:12:44.351+0000][info][gc,phases   ] GC(396)   Pre Evacuate Collection Set: 0.4ms
[2024-08-28T01:12:44.351+0000][info][gc,phases   ] GC(396)   Merge Heap Roots: 0.7ms
[2024-08-28T01:12:44.351+0000][info][gc,phases   ] GC(396)   Evacuate Collection Set: 15.3ms
[2024-08-28T01:12:44.351+0000][info][gc,phases   ] GC(396)   Post Evacuate Collection Set: 0.6ms
[2024-08-28T01:12:44.351+0000][info][gc,phases   ] GC(396)   Other: 0.3ms
[2024-08-28T01:12:44.351+0000][info][gc,heap     ] GC(396) Eden regions: 89->0(255)
[2024-08-28T01:12:44.351+0000][info][gc,heap     ] GC(396) Survivor regions: 13->13(13)
[2024-08-28T01:12:44.351+0000][info][gc,heap     ] GC(396) Old regions: 1136->1032
[2024-08-28T01:12:44.352+0000][info][gc,heap     ] GC(396) Archive regions: 2->2
[2024-08-28T01:12:44.352+0000][info][gc,heap     ] GC(396) Humongous regions: 5->5
[2024-08-28T01:12:44.352+0000][info][gc,metaspace] GC(396) Metaspace: 100K(320K)->100K(320K) NonClass: 96K(192K)->96K(192K) Class: 4K(128K)->4K(128K)
[2024-08-28T01:12:44.352+0000][info][gc          ] GC(396) Pause Young (Mixed) (G1 Evacuation Pause) 1243M->1050M(2048M) 17.354ms
[2024-08-28T01:12:44.352+0000][info][gc,cpu      ] GC(396) User=0.77s Sys=0.00s Real=0.02s
[2024-08-28T01:12:44.472+0000][info][gc,start    ] GC(397) Pause Young (Normal) (G1 Evacuation Pause)
[2024-08-28T01:12:44.472+0000][info][gc,task     ] GC(397) Using 49 workers of 68 for evacuation
[2024-08-28T01:12:44.510+0000][info][gc,phases   ] GC(397)   Pre Evacuate Collection Set: 0.3ms
[2024-08-28T01:12:44.510+0000][info][gc,phases   ] GC(397)   Merge Heap Roots: 1.0ms
[2024-08-28T01:12:44.510+0000][info][gc,phases   ] GC(397)   Evacuate Collection Set: 35.4ms
[2024-08-28T01:12:44.510+0000][info][gc,phases   ] GC(397)   Post Evacuate Collection Set: 0.6ms
[2024-08-28T01:12:44.510+0000][info][gc,phases   ] GC(397)   Other: 0.3ms
[2024-08-28T01:12:44.510+0000][info][gc,heap     ] GC(397) Eden regions: 255->0(174)
[2024-08-28T01:12:44.510+0000][info][gc,heap     ] GC(397) Survivor regions: 13->34(34)
[2024-08-28T01:12:44.510+0000][info][gc,heap     ] GC(397) Old regions: 1032->1260
[2024-08-28T01:12:44.510+0000][info][gc,heap     ] GC(397) Archive regions: 2->2
[2024-08-28T01:12:44.510+0000][info][gc,heap     ] GC(397) Humongous regions: 5->5
[2024-08-28T01:12:44.510+0000][info][gc,metaspace] GC(397) Metaspace: 100K(320K)->100K(320K) NonClass: 96K(192K)->96K(192K) Class: 4K(128K)->4K(128K)
[2024-08-28T01:12:44.510+0000][info][gc          ] GC(397) Pause Young (Normal) (G1 Evacuation Pause) 1305M->1299M(2048M) 37.770ms
[2024-08-28T01:12:44.510+0000][info][gc,cpu      ] GC(397) User=1.74s Sys=0.04s Real=0.04s
[2024-08-28T01:12:44.593+0000][info][gc,start    ] GC(398) Pause Young (Normal) (G1 Evacuation Pause)
[2024-08-28T01:12:44.593+0000][info][gc,task     ] GC(398) Using 49 workers of 68 for evacuation
[2024-08-28T01:12:44.625+0000][info][gc,phases   ] GC(398)   Pre Evacuate Collection Set: 0.4ms
[2024-08-28T01:12:44.625+0000][info][gc,phases   ] GC(398)   Merge Heap Roots: 1.0ms
[2024-08-28T01:12:44.625+0000][info][gc,phases   ] GC(398)   Evacuate Collection Set: 30.1ms
[2024-08-28T01:12:44.625+0000][info][gc,phases   ] GC(398)   Post Evacuate Collection Set: 0.6ms
[2024-08-28T01:12:44.625+0000][info][gc,phases   ] GC(398)   Other: 0.2ms
[2024-08-28T01:12:44.625+0000][info][gc,heap     ] GC(398) Eden regions: 174->0(116)
[2024-08-28T01:12:44.626+0000][info][gc,heap     ] GC(398) Survivor regions: 34->26(26)
[2024-08-28T01:12:44.626+0000][info][gc,heap     ] GC(398) Old regions: 1260->1445
[2024-08-28T01:12:44.626+0000][info][gc,heap     ] GC(398) Archive regions: 2->2
[2024-08-28T01:12:44.626+0000][info][gc,heap     ] GC(398) Humongous regions: 5->5
[2024-08-28T01:12:44.626+0000][info][gc,metaspace] GC(398) Metaspace: 100K(320K)->100K(320K) NonClass: 96K(192K)->96K(192K) Class: 4K(128K)->4K(128K)
[2024-08-28T01:12:44.626+0000][info][gc          ] GC(398) Pause Young (Normal) (G1 Evacuation Pause) 1473M->1476M(2048M) 32.394ms
[2024-08-28T01:12:44.626+0000][info][gc,cpu      ] GC(398) User=1.50s Sys=0.02s Real=0.03s
[2024-08-28T01:12:44.682+0000][info][gc,start    ] GC(399) Pause Young (Concurrent Start) (G1 Evacuation Pause)
[2024-08-28T01:12:44.682+0000][info][gc,task     ] GC(399) Using 49 workers of 68 for evacuation
[2024-08-28T01:12:44.706+0000][info][gc,phases   ] GC(399)   Pre Evacuate Collection Set: 0.4ms
[2024-08-28T01:12:44.706+0000][info][gc,phases   ] GC(399)   Merge Heap Roots: 0.9ms
[2024-08-28T01:12:44.706+0000][info][gc,phases   ] GC(399)   Evacuate Collection Set: 21.8ms
[2024-08-28T01:12:44.706+0000][info][gc,phases   ] GC(399)   Post Evacuate Collection Set: 0.5ms
[2024-08-28T01:12:44.706+0000][info][gc,phases   ] GC(399)   Other: 0.8ms
[2024-08-28T01:12:44.706+0000][info][gc,heap     ] GC(399) Eden regions: 116->0(84)
[2024-08-28T01:12:44.706+0000][info][gc,heap     ] GC(399) Survivor regions: 26->18(18)
[2024-08-28T01:12:44.706+0000][info][gc,heap     ] GC(399) Old regions: 1445->1576
[2024-08-28T01:12:44.706+0000][info][gc,heap     ] GC(399) Archive regions: 2->2
[2024-08-28T01:12:44.706+0000][info][gc,heap     ] GC(399) Humongous regions: 5->5
[2024-08-28T01:12:44.706+0000][info][gc,metaspace] GC(399) Metaspace: 100K(320K)->100K(320K) NonClass: 96K(192K)->96K(192K) Class: 4K(128K)->4K(128K)
[2024-08-28T01:12:44.707+0000][info][gc          ] GC(399) Pause Young (Concurrent Start) (G1 Evacuation Pause) 1592M->1599M(2048M) 24.376ms
[2024-08-28T01:12:44.707+0000][info][gc,cpu      ] GC(399) User=0.97s Sys=0.13s Real=0.02s
[2024-08-28T01:12:44.707+0000][info][gc          ] GC(400) Concurrent Mark Cycle
[2024-08-28T01:12:44.707+0000][info][gc,marking  ] GC(400) Concurrent Clear Claimed Marks
[2024-08-28T01:12:44.707+0000][info][gc,marking  ] GC(400) Concurrent Clear Claimed Marks 0.010ms
[2024-08-28T01:12:44.707+0000][info][gc,marking  ] GC(400) Concurrent Scan Root Regions
[2024-08-28T01:12:44.710+0000][info][gc,marking  ] GC(400) Concurrent Scan Root Regions 3.717ms
[2024-08-28T01:12:44.710+0000][info][gc,marking  ] GC(400) Concurrent Mark
[2024-08-28T01:12:44.710+0000][info][gc,marking  ] GC(400) Concurrent Mark From Roots
[2024-08-28T01:12:44.710+0000][info][gc,task     ] GC(400) Using 17 workers of 17 for marking
[2024-08-28T01:12:44.728+0000][info][gc,marking  ] GC(400) Concurrent Mark From Roots 17.853ms
[2024-08-28T01:12:44.728+0000][info][gc,marking  ] GC(400) Concurrent Preclean
[2024-08-28T01:12:44.729+0000][info][gc,marking  ] GC(400) Concurrent Preclean 0.506ms
[2024-08-28T01:12:44.729+0000][info][gc,start    ] GC(400) Pause Remark
[2024-08-28T01:12:44.731+0000][info][gc          ] GC(400) Pause Remark 1628M->1345M(2048M) 1.853ms
[2024-08-28T01:12:44.731+0000][info][gc,cpu      ] GC(400) User=0.00s Sys=0.02s Real=0.01s
[2024-08-28T01:12:44.731+0000][info][gc,marking  ] GC(400) Concurrent Mark 20.623ms
[2024-08-28T01:12:44.731+0000][info][gc,marking  ] GC(400) Concurrent Rebuild Remembered Sets
[2024-08-28T01:12:44.758+0000][info][gc,start    ] GC(401) Pause Young (Normal) (G1 Evacuation Pause)
[2024-08-28T01:12:44.758+0000][info][gc,task     ] GC(401) Using 49 workers of 68 for evacuation
[2024-08-28T01:12:44.776+0000][info][gc,phases   ] GC(401)   Pre Evacuate Collection Set: 0.4ms
[2024-08-28T01:12:44.776+0000][info][gc,phases   ] GC(401)   Merge Heap Roots: 0.7ms
[2024-08-28T01:12:44.776+0000][info][gc,phases   ] GC(401)   Evacuate Collection Set: 16.1ms
[2024-08-28T01:12:44.776+0000][info][gc,phases   ] GC(401)   Post Evacuate Collection Set: 0.8ms
[2024-08-28T01:12:44.776+0000][info][gc,phases   ] GC(401)   Other: 0.2ms
[2024-08-28T01:12:44.776+0000][info][gc,heap     ] GC(401) Eden regions: 84->0(138)
[2024-08-28T01:12:44.776+0000][info][gc,heap     ] GC(401) Survivor regions: 18->13(13)
[2024-08-28T01:12:44.776+0000][info][gc,heap     ] GC(401) Old regions: 1293->1390
[2024-08-28T01:12:44.776+0000][info][gc,heap     ] GC(401) Archive regions: 2->2
[2024-08-28T01:12:44.776+0000][info][gc,heap     ] GC(401) Humongous regions: 5->5
[2024-08-28T01:12:44.776+0000][info][gc,metaspace] GC(401) Metaspace: 100K(320K)->100K(320K) NonClass: 96K(192K)->96K(192K) Class: 4K(128K)->4K(128K)
[2024-08-28T01:12:44.776+0000][info][gc          ] GC(401) Pause Young (Normal) (G1 Evacuation Pause) 1400M->1408M(2048M) 18.382ms
[2024-08-28T01:12:44.776+0000][info][gc,cpu      ] GC(401) User=0.84s Sys=0.00s Real=0.01s
[2024-08-28T01:12:44.802+0000][info][gc,marking  ] GC(400) Concurrent Rebuild Remembered Sets 70.774ms
[2024-08-28T01:12:44.802+0000][info][gc,start    ] GC(400) Pause Cleanup
[2024-08-28T01:12:44.805+0000][info][gc          ] GC(400) Pause Cleanup 1457M->1457M(2048M) 3.284ms
[2024-08-28T01:12:44.805+0000][info][gc,cpu      ] GC(400) User=0.01s Sys=0.01s Real=0.00s
[2024-08-28T01:12:44.806+0000][info][gc,marking  ] GC(400) Concurrent Cleanup for Next Mark
[2024-08-28T01:12:44.807+0000][info][gc,marking  ] GC(400) Concurrent Cleanup for Next Mark 1.690ms
[2024-08-28T01:12:44.807+0000][info][gc          ] GC(400) Concurrent Mark Cycle 100.761ms
[2024-08-28T01:12:44.852+0000][info][gc,start    ] GC(402) Pause Young (Prepare Mixed) (G1 Evacuation Pause)
[2024-08-28T01:12:44.852+0000][info][gc,task     ] GC(402) Using 49 workers of 68 for evacuation
[2024-08-28T01:12:44.879+0000][info][gc,phases   ] GC(402)   Pre Evacuate Collection Set: 0.3ms
[2024-08-28T01:12:44.879+0000][info][gc,phases   ] GC(402)   Merge Heap Roots: 1.3ms
[2024-08-28T01:12:44.879+0000][info][gc,phases   ] GC(402)   Evacuate Collection Set: 25.4ms
[2024-08-28T01:12:44.879+0000][info][gc,phases   ] GC(402)   Post Evacuate Collection Set: 0.5ms
[2024-08-28T01:12:44.879+0000][info][gc,phases   ] GC(402)   Other: 0.2ms
[2024-08-28T01:12:44.879+0000][info][gc,heap     ] GC(402) Eden regions: 138->0(83)
[2024-08-28T01:12:44.879+0000][info][gc,heap     ] GC(402) Survivor regions: 13->19(19)
[2024-08-28T01:12:44.879+0000][info][gc,heap     ] GC(402) Old regions: 1390->1525
[2024-08-28T01:12:44.879+0000][info][gc,heap     ] GC(402) Archive regions: 2->2
[2024-08-28T01:12:44.879+0000][info][gc,heap     ] GC(402) Humongous regions: 5->5
[2024-08-28T01:12:44.879+0000][info][gc,metaspace] GC(402) Metaspace: 100K(320K)->100K(320K) NonClass: 96K(192K)->96K(192K) Class: 4K(128K)->4K(128K)
[2024-08-28T01:12:44.879+0000][info][gc          ] GC(402) Pause Young (Prepare Mixed) (G1 Evacuation Pause) 1546M->1549M(2048M) 27.866ms
[2024-08-28T01:12:44.879+0000][info][gc,cpu      ] GC(402) User=1.30s Sys=0.00s Real=0.03s
[2024-08-28T01:12:44.921+0000][info][gc,start    ] GC(403) Pause Young (Mixed) (G1 Evacuation Pause)
[2024-08-28T01:12:44.921+0000][info][gc,task     ] GC(403) Using 49 workers of 68 for evacuation
[2024-08-28T01:12:44.939+0000][info][gc,phases   ] GC(403)   Pre Evacuate Collection Set: 0.4ms
[2024-08-28T01:12:44.939+0000][info][gc,phases   ] GC(403)   Merge Heap Roots: 0.7ms
[2024-08-28T01:12:44.939+0000][info][gc,phases   ] GC(403)   Evacuate Collection Set: 16.2ms
[2024-08-28T01:12:44.939+0000][info][gc,phases   ] GC(403)   Post Evacuate Collection Set: 0.7ms
[2024-08-28T01:12:44.939+0000][info][gc,phases   ] GC(403)   Other: 0.3ms
[2024-08-28T01:12:44.939+0000][info][gc,heap     ] GC(403) Eden regions: 83->0(89)
[2024-08-28T01:12:44.939+0000][info][gc,heap     ] GC(403) Survivor regions: 19->13(13)
[2024-08-28T01:12:44.939+0000][info][gc,heap     ] GC(403) Old regions: 1525->1314
[2024-08-28T01:12:44.939+0000][info][gc,heap     ] GC(403) Archive regions: 2->2
[2024-08-28T01:12:44.939+0000][info][gc,heap     ] GC(403) Humongous regions: 5->5
[2024-08-28T01:12:44.939+0000][info][gc,metaspace] GC(403) Metaspace: 100K(320K)->100K(320K) NonClass: 96K(192K)->96K(192K) Class: 4K(128K)->4K(128K)
[2024-08-28T01:12:44.939+0000][info][gc          ] GC(403) Pause Young (Mixed) (G1 Evacuation Pause) 1632M->1332M(2048M) 18.370ms
[2024-08-28T01:12:44.940+0000][info][gc,cpu      ] GC(403) User=0.83s Sys=0.00s Real=0.02s
[2024-08-28T01:12:44.984+0000][info][gc,start    ] GC(404) Pause Young (Mixed) (G1 Evacuation Pause)
[2024-08-28T01:12:44.984+0000][info][gc,task     ] GC(404) Using 49 workers of 68 for evacuation
[2024-08-28T01:12:45.002+0000][info][gc,phases   ] GC(404)   Pre Evacuate Collection Set: 0.4ms
[2024-08-28T01:12:45.002+0000][info][gc,phases   ] GC(404)   Merge Heap Roots: 0.8ms
[2024-08-28T01:12:45.002+0000][info][gc,phases   ] GC(404)   Evacuate Collection Set: 15.8ms
[2024-08-28T01:12:45.002+0000][info][gc,phases   ] GC(404)   Post Evacuate Collection Set: 0.7ms
[2024-08-28T01:12:45.002+0000][info][gc,phases   ] GC(404)   Other: 0.2ms
[2024-08-28T01:12:45.002+0000][info][gc,heap     ] GC(404) Eden regions: 89->0(89)
[2024-08-28T01:12:45.002+0000][info][gc,heap     ] GC(404) Survivor regions: 13->13(13)
[2024-08-28T01:12:45.002+0000][info][gc,heap     ] GC(404) Old regions: 1314->1100
[2024-08-28T01:12:45.002+0000][info][gc,heap     ] GC(404) Archive regions: 2->2
[2024-08-28T01:12:45.002+0000][info][gc,heap     ] GC(404) Humongous regions: 5->5
[2024-08-28T01:12:45.002+0000][info][gc,metaspace] GC(404) Metaspace: 100K(320K)->100K(320K) NonClass: 96K(192K)->96K(192K) Class: 4K(128K)->4K(128K)
[2024-08-28T01:12:45.002+0000][info][gc          ] GC(404) Pause Young (Mixed) (G1 Evacuation Pause) 1421M->1118M(2048M) 18.038ms
[2024-08-28T01:12:45.002+0000][info][gc,cpu      ] GC(404) User=0.80s Sys=0.02s Real=0.02s
[2024-08-28T01:12:45.046+0000][info][gc,start    ] GC(405) Pause Young (Mixed) (G1 Evacuation Pause)
[2024-08-28T01:12:45.046+0000][info][gc,task     ] GC(405) Using 49 workers of 68 for evacuation
[2024-08-28T01:12:45.063+0000][info][gc,phases   ] GC(405)   Pre Evacuate Collection Set: 0.4ms
[2024-08-28T01:12:45.063+0000][info][gc,phases   ] GC(405)   Merge Heap Roots: 0.7ms
[2024-08-28T01:12:45.063+0000][info][gc,phases   ] GC(405)   Evacuate Collection Set: 15.5ms
[2024-08-28T01:12:45.063+0000][info][gc,phases   ] GC(405)   Post Evacuate Collection Set: 0.6ms
[2024-08-28T01:12:45.063+0000][info][gc,phases   ] GC(405)   Other: 0.2ms
[2024-08-28T01:12:45.063+0000][info][gc,heap     ] GC(405) Eden regions: 89->0(250)
[2024-08-28T01:12:45.063+0000][info][gc,heap     ] GC(405) Survivor regions: 13->13(13)
[2024-08-28T01:12:45.063+0000][info][gc,heap     ] GC(405) Old regions: 1100->1045
[2024-08-28T01:12:45.063+0000][info][gc,heap     ] GC(405) Archive regions: 2->2
[2024-08-28T01:12:45.063+0000][info][gc,heap     ] GC(405) Humongous regions: 5->5
[2024-08-28T01:12:45.063+0000][info][gc,metaspace] GC(405) Metaspace: 100K(320K)->100K(320K) NonClass: 96K(192K)->96K(192K) Class: 4K(128K)->4K(128K)
[2024-08-28T01:12:45.064+0000][info][gc          ] GC(405) Pause Young (Mixed) (G1 Evacuation Pause) 1207M->1063M(2048M) 17.464ms
[2024-08-28T01:12:45.064+0000][info][gc,cpu      ] GC(405) User=0.79s Sys=0.00s Real=0.02s
[2024-08-28T01:12:45.181+0000][info][gc,start    ] GC(406) Pause Young (Normal) (G1 Evacuation Pause)
[2024-08-28T01:12:45.181+0000][info][gc,task     ] GC(406) Using 49 workers of 68 for evacuation
[2024-08-28T01:12:45.219+0000][info][gc,phases   ] GC(406)   Pre Evacuate Collection Set: 0.5ms
[2024-08-28T01:12:45.219+0000][info][gc,phases   ] GC(406)   Merge Heap Roots: 1.1ms
[2024-08-28T01:12:45.219+0000][info][gc,phases   ] GC(406)   Evacuate Collection Set: 35.0ms
[2024-08-28T01:12:45.219+0000][info][gc,phases   ] GC(406)   Post Evacuate Collection Set: 0.6ms
[2024-08-28T01:12:45.219+0000][info][gc,phases   ] GC(406)   Other: 0.3ms
[2024-08-28T01:12:45.219+0000][info][gc,heap     ] GC(406) Eden regions: 250->0(171)
[2024-08-28T01:12:45.219+0000][info][gc,heap     ] GC(406) Survivor regions: 13->33(33)
[2024-08-28T01:12:45.219+0000][info][gc,heap     ] GC(406) Old regions: 1045->1269
[2024-08-28T01:12:45.219+0000][info][gc,heap     ] GC(406) Archive regions: 2->2
[2024-08-28T01:12:45.219+0000][info][gc,heap     ] GC(406) Humongous regions: 5->5
[2024-08-28T01:12:45.219+0000][info][gc,metaspace] GC(406) Metaspace: 100K(320K)->100K(320K) NonClass: 96K(192K)->96K(192K) Class: 4K(128K)->4K(128K)
[2024-08-28T01:12:45.219+0000][info][gc          ] GC(406) Pause Young (Normal) (G1 Evacuation Pause) 1313M->1307M(2048M) 37.620ms
[2024-08-28T01:12:45.219+0000][info][gc,cpu      ] GC(406) User=1.73s Sys=0.01s Real=0.04s
[2024-08-28T01:12:45.301+0000][info][gc,start    ] GC(407) Pause Young (Normal) (G1 Evacuation Pause)
[2024-08-28T01:12:45.301+0000][info][gc,task     ] GC(407) Using 49 workers of 68 for evacuation
[2024-08-28T01:12:45.334+0000][info][gc,phases   ] GC(407)   Pre Evacuate Collection Set: 0.4ms
[2024-08-28T01:12:45.334+0000][info][gc,phases   ] GC(407)   Merge Heap Roots: 1.1ms
[2024-08-28T01:12:45.334+0000][info][gc,phases   ] GC(407)   Evacuate Collection Set: 30.3ms
[2024-08-28T01:12:45.334+0000][info][gc,phases   ] GC(407)   Post Evacuate Collection Set: 0.6ms
[2024-08-28T01:12:45.334+0000][info][gc,phases   ] GC(407)   Other: 0.2ms
[2024-08-28T01:12:45.334+0000][info][gc,heap     ] GC(407) Eden regions: 171->0(115)
[2024-08-28T01:12:45.334+0000][info][gc,heap     ] GC(407) Survivor regions: 33->26(26)
[2024-08-28T01:12:45.334+0000][info][gc,heap     ] GC(407) Old regions: 1269->1450
[2024-08-28T01:12:45.334+0000][info][gc,heap     ] GC(407) Archive regions: 2->2
[2024-08-28T01:12:45.334+0000][info][gc,heap     ] GC(407) Humongous regions: 5->5
[2024-08-28T01:12:45.334+0000][info][gc,metaspace] GC(407) Metaspace: 100K(320K)->100K(320K) NonClass: 96K(192K)->96K(192K) Class: 4K(128K)->4K(128K)
[2024-08-28T01:12:45.334+0000][info][gc          ] GC(407) Pause Young (Normal) (G1 Evacuation Pause) 1478M->1481M(2048M) 32.670ms
[2024-08-28T01:12:45.334+0000][info][gc,cpu      ] GC(407) User=1.51s Sys=0.02s Real=0.03s
[2024-08-28T01:12:45.391+0000][info][gc,start    ] GC(408) Pause Young (Concurrent Start) (G1 Evacuation Pause)
[2024-08-28T01:12:45.391+0000][info][gc,task     ] GC(408) Using 49 workers of 68 for evacuation
[2024-08-28T01:12:45.415+0000][info][gc,phases   ] GC(408)   Pre Evacuate Collection Set: 0.3ms
[2024-08-28T01:12:45.415+0000][info][gc,phases   ] GC(408)   Merge Heap Roots: 0.9ms
[2024-08-28T01:12:45.415+0000][info][gc,phases   ] GC(408)   Evacuate Collection Set: 21.9ms
[2024-08-28T01:12:45.415+0000][info][gc,phases   ] GC(408)   Post Evacuate Collection Set: 0.5ms
[2024-08-28T01:12:45.415+0000][info][gc,phases   ] GC(408)   Other: 0.7ms
[2024-08-28T01:12:45.415+0000][info][gc,heap     ] GC(408) Eden regions: 115->0(84)
[2024-08-28T01:12:45.415+0000][info][gc,heap     ] GC(408) Survivor regions: 26->18(18)
[2024-08-28T01:12:45.415+0000][info][gc,heap     ] GC(408) Old regions: 1450->1581
[2024-08-28T01:12:45.415+0000][info][gc,heap     ] GC(408) Archive regions: 2->2
[2024-08-28T01:12:45.415+0000][info][gc,heap     ] GC(408) Humongous regions: 5->5
[2024-08-28T01:12:45.415+0000][info][gc,metaspace] GC(408) Metaspace: 100K(320K)->100K(320K) NonClass: 96K(192K)->96K(192K) Class: 4K(128K)->4K(128K)
[2024-08-28T01:12:45.415+0000][info][gc          ] GC(408) Pause Young (Concurrent Start) (G1 Evacuation Pause) 1596M->1604M(2048M) 24.355ms
[2024-08-28T01:12:45.415+0000][info][gc,cpu      ] GC(408) User=1.11s Sys=0.00s Real=0.02s
[2024-08-28T01:12:45.415+0000][info][gc          ] GC(409) Concurrent Mark Cycle
[2024-08-28T01:12:45.415+0000][info][gc,marking  ] GC(409) Concurrent Clear Claimed Marks
[2024-08-28T01:12:45.415+0000][info][gc,marking  ] GC(409) Concurrent Clear Claimed Marks 0.011ms
[2024-08-28T01:12:45.415+0000][info][gc,marking  ] GC(409) Concurrent Scan Root Regions
[2024-08-28T01:12:45.419+0000][info][gc,marking  ] GC(409) Concurrent Scan Root Regions 3.603ms
[2024-08-28T01:12:45.419+0000][info][gc,marking  ] GC(409) Concurrent Mark
[2024-08-28T01:12:45.419+0000][info][gc,marking  ] GC(409) Concurrent Mark From Roots
[2024-08-28T01:12:45.419+0000][info][gc,task     ] GC(409) Using 17 workers of 17 for marking
[2024-08-28T01:12:45.437+0000][info][gc,marking  ] GC(409) Concurrent Mark From Roots 18.196ms
[2024-08-28T01:12:45.437+0000][info][gc,marking  ] GC(409) Concurrent Preclean
[2024-08-28T01:12:45.437+0000][info][gc,marking  ] GC(409) Concurrent Preclean 0.521ms
[2024-08-28T01:12:45.438+0000][info][gc,start    ] GC(409) Pause Remark
[2024-08-28T01:12:45.440+0000][info][gc          ] GC(409) Pause Remark 1634M->1368M(2048M) 2.008ms
[2024-08-28T01:12:45.440+0000][info][gc,cpu      ] GC(409) User=0.02s Sys=0.00s Real=0.00s
[2024-08-28T01:12:45.440+0000][info][gc,marking  ] GC(409) Concurrent Mark 21.141ms
[2024-08-28T01:12:45.440+0000][info][gc,marking  ] GC(409) Concurrent Rebuild Remembered Sets
[2024-08-28T01:12:45.467+0000][info][gc,start    ] GC(410) Pause Young (Normal) (G1 Evacuation Pause)
[2024-08-28T01:12:45.467+0000][info][gc,task     ] GC(410) Using 49 workers of 68 for evacuation
[2024-08-28T01:12:45.485+0000][info][gc,phases   ] GC(410)   Pre Evacuate Collection Set: 0.3ms
[2024-08-28T01:12:45.485+0000][info][gc,phases   ] GC(410)   Merge Heap Roots: 0.8ms
[2024-08-28T01:12:45.485+0000][info][gc,phases   ] GC(410)   Evacuate Collection Set: 16.0ms
[2024-08-28T01:12:45.485+0000][info][gc,phases   ] GC(410)   Post Evacuate Collection Set: 0.8ms
[2024-08-28T01:12:45.485+0000][info][gc,phases   ] GC(410)   Other: 0.2ms
[2024-08-28T01:12:45.485+0000][info][gc,heap     ] GC(410) Eden regions: 84->0(130)
[2024-08-28T01:12:45.485+0000][info][gc,heap     ] GC(410) Survivor regions: 18->13(13)
[2024-08-28T01:12:45.485+0000][info][gc,heap     ] GC(410) Old regions: 1315->1414
[2024-08-28T01:12:45.485+0000][info][gc,heap     ] GC(410) Archive regions: 2->2
[2024-08-28T01:12:45.485+0000][info][gc,heap     ] GC(410) Humongous regions: 5->5
[2024-08-28T01:12:45.485+0000][info][gc,metaspace] GC(410) Metaspace: 100K(320K)->100K(320K) NonClass: 96K(192K)->96K(192K) Class: 4K(128K)->4K(128K)
[2024-08-28T01:12:45.485+0000][info][gc          ] GC(410) Pause Young (Normal) (G1 Evacuation Pause) 1422M->1432M(2048M) 18.212ms
[2024-08-28T01:12:45.485+0000][info][gc,cpu      ] GC(410) User=0.83s Sys=0.00s Real=0.02s
[2024-08-28T01:12:45.510+0000][info][gc,marking  ] GC(409) Concurrent Rebuild Remembered Sets 70.379ms
[2024-08-28T01:12:45.511+0000][info][gc,start    ] GC(409) Pause Cleanup
[2024-08-28T01:12:45.514+0000][info][gc          ] GC(409) Pause Cleanup 1480M->1480M(2048M) 3.433ms
[2024-08-28T01:12:45.514+0000][info][gc,cpu      ] GC(409) User=0.02s Sys=0.00s Real=0.00s
[2024-08-28T01:12:45.514+0000][info][gc,marking  ] GC(409) Concurrent Cleanup for Next Mark
[2024-08-28T01:12:45.516+0000][info][gc,marking  ] GC(409) Concurrent Cleanup for Next Mark 1.445ms
[2024-08-28T01:12:45.516+0000][info][gc          ] GC(409) Concurrent Mark Cycle 100.669ms
[2024-08-28T01:12:45.557+0000][info][gc,start    ] GC(411) Pause Young (Prepare Mixed) (G1 Evacuation Pause)
[2024-08-28T01:12:45.557+0000][info][gc,task     ] GC(411) Using 49 workers of 68 for evacuation
[2024-08-28T01:12:45.583+0000][info][gc,phases   ] GC(411)   Pre Evacuate Collection Set: 0.4ms
[2024-08-28T01:12:45.583+0000][info][gc,phases   ] GC(411)   Merge Heap Roots: 1.2ms
[2024-08-28T01:12:45.583+0000][info][gc,phases   ] GC(411)   Evacuate Collection Set: 24.1ms
[2024-08-28T01:12:45.583+0000][info][gc,phases   ] GC(411)   Post Evacuate Collection Set: 0.6ms
[2024-08-28T01:12:45.583+0000][info][gc,phases   ] GC(411)   Other: 0.2ms
[2024-08-28T01:12:45.583+0000][info][gc,heap     ] GC(411) Eden regions: 130->0(84)
[2024-08-28T01:12:45.583+0000][info][gc,heap     ] GC(411) Survivor regions: 13->18(18)
[2024-08-28T01:12:45.583+0000][info][gc,heap     ] GC(411) Old regions: 1414->1541
[2024-08-28T01:12:45.583+0000][info][gc,heap     ] GC(411) Archive regions: 2->2
[2024-08-28T01:12:45.583+0000][info][gc,heap     ] GC(411) Humongous regions: 5->5
[2024-08-28T01:12:45.583+0000][info][gc,metaspace] GC(411) Metaspace: 100K(320K)->100K(320K) NonClass: 96K(192K)->96K(192K) Class: 4K(128K)->4K(128K)
[2024-08-28T01:12:45.583+0000][info][gc          ] GC(411) Pause Young (Prepare Mixed) (G1 Evacuation Pause) 1562M->1564M(2048M) 26.477ms
[2024-08-28T01:12:45.584+0000][info][gc,cpu      ] GC(411) User=1.22s Sys=0.00s Real=0.03s
[2024-08-28T01:12:45.625+0000][info][gc,start    ] GC(412) Pause Young (Mixed) (G1 Evacuation Pause)
[2024-08-28T01:12:45.625+0000][info][gc,task     ] GC(412) Using 49 workers of 68 for evacuation
[2024-08-28T01:12:45.643+0000][info][gc,phases   ] GC(412)   Pre Evacuate Collection Set: 0.4ms
[2024-08-28T01:12:45.643+0000][info][gc,phases   ] GC(412)   Merge Heap Roots: 0.7ms
[2024-08-28T01:12:45.643+0000][info][gc,phases   ] GC(412)   Evacuate Collection Set: 15.9ms
[2024-08-28T01:12:45.643+0000][info][gc,phases   ] GC(412)   Post Evacuate Collection Set: 0.7ms
[2024-08-28T01:12:45.643+0000][info][gc,phases   ] GC(412)   Other: 0.2ms
[2024-08-28T01:12:45.643+0000][info][gc,heap     ] GC(412) Eden regions: 84->0(89)
[2024-08-28T01:12:45.643+0000][info][gc,heap     ] GC(412) Survivor regions: 18->13(13)
[2024-08-28T01:12:45.643+0000][info][gc,heap     ] GC(412) Old regions: 1541->1329
[2024-08-28T01:12:45.643+0000][info][gc,heap     ] GC(412) Archive regions: 2->2
[2024-08-28T01:12:45.643+0000][info][gc,heap     ] GC(412) Humongous regions: 5->5
[2024-08-28T01:12:45.643+0000][info][gc,metaspace] GC(412) Metaspace: 100K(320K)->100K(320K) NonClass: 96K(192K)->96K(192K) Class: 4K(128K)->4K(128K)
[2024-08-28T01:12:45.643+0000][info][gc          ] GC(412) Pause Young (Mixed) (G1 Evacuation Pause) 1648M->1347M(2048M) 17.991ms
[2024-08-28T01:12:45.643+0000][info][gc,cpu      ] GC(412) User=0.80s Sys=0.01s Real=0.02s
[2024-08-28T01:12:45.688+0000][info][gc,start    ] GC(413) Pause Young (Mixed) (G1 Evacuation Pause)
[2024-08-28T01:12:45.688+0000][info][gc,task     ] GC(413) Using 49 workers of 68 for evacuation
[2024-08-28T01:12:45.706+0000][info][gc,phases   ] GC(413)   Pre Evacuate Collection Set: 0.4ms
[2024-08-28T01:12:45.706+0000][info][gc,phases   ] GC(413)   Merge Heap Roots: 0.8ms
[2024-08-28T01:12:45.706+0000][info][gc,phases   ] GC(413)   Evacuate Collection Set: 15.9ms
[2024-08-28T01:12:45.706+0000][info][gc,phases   ] GC(413)   Post Evacuate Collection Set: 0.8ms
[2024-08-28T01:12:45.706+0000][info][gc,phases   ] GC(413)   Other: 0.3ms
[2024-08-28T01:12:45.706+0000][info][gc,heap     ] GC(413) Eden regions: 89->0(89)
[2024-08-28T01:12:45.706+0000][info][gc,heap     ] GC(413) Survivor regions: 13->13(13)
[2024-08-28T01:12:45.706+0000][info][gc,heap     ] GC(413) Old regions: 1329->1115
[2024-08-28T01:12:45.706+0000][info][gc,heap     ] GC(413) Archive regions: 2->2
[2024-08-28T01:12:45.706+0000][info][gc,heap     ] GC(413) Humongous regions: 5->5
[2024-08-28T01:12:45.706+0000][info][gc,metaspace] GC(413) Metaspace: 100K(320K)->100K(320K) NonClass: 96K(192K)->96K(192K) Class: 4K(128K)->4K(128K)
[2024-08-28T01:12:45.706+0000][info][gc          ] GC(413) Pause Young (Mixed) (G1 Evacuation Pause) 1436M->1133M(2048M) 18.155ms
[2024-08-28T01:12:45.706+0000][info][gc,cpu      ] GC(413) User=0.80s Sys=0.01s Real=0.02s
[2024-08-28T01:12:45.749+0000][info][gc,start    ] GC(414) Pause Young (Mixed) (G1 Evacuation Pause)
[2024-08-28T01:12:45.749+0000][info][gc,task     ] GC(414) Using 49 workers of 68 for evacuation
[2024-08-28T01:12:45.767+0000][info][gc,phases   ] GC(414)   Pre Evacuate Collection Set: 0.3ms
[2024-08-28T01:12:45.767+0000][info][gc,phases   ] GC(414)   Merge Heap Roots: 0.8ms
[2024-08-28T01:12:45.767+0000][info][gc,phases   ] GC(414)   Evacuate Collection Set: 15.4ms
[2024-08-28T01:12:45.767+0000][info][gc,phases   ] GC(414)   Post Evacuate Collection Set: 0.6ms
[2024-08-28T01:12:45.767+0000][info][gc,phases   ] GC(414)   Other: 0.3ms
[2024-08-28T01:12:45.767+0000][info][gc,heap     ] GC(414) Eden regions: 89->0(251)
[2024-08-28T01:12:45.767+0000][info][gc,heap     ] GC(414) Survivor regions: 13->13(13)
[2024-08-28T01:12:45.767+0000][info][gc,heap     ] GC(414) Old regions: 1115->1043
[2024-08-28T01:12:45.767+0000][info][gc,heap     ] GC(414) Archive regions: 2->2
[2024-08-28T01:12:45.767+0000][info][gc,heap     ] GC(414) Humongous regions: 5->5
[2024-08-28T01:12:45.767+0000][info][gc,metaspace] GC(414) Metaspace: 100K(320K)->100K(320K) NonClass: 96K(192K)->96K(192K) Class: 4K(128K)->4K(128K)
[2024-08-28T01:12:45.767+0000][info][gc          ] GC(414) Pause Young (Mixed) (G1 Evacuation Pause) 1222M->1061M(2048M) 17.451ms
[2024-08-28T01:12:45.767+0000][info][gc,cpu      ] GC(414) User=0.79s Sys=0.00s Real=0.02s
[2024-08-28T01:12:45.887+0000][info][gc,start    ] GC(415) Pause Young (Normal) (G1 Evacuation Pause)
[2024-08-28T01:12:45.887+0000][info][gc,task     ] GC(415) Using 49 workers of 68 for evacuation
[2024-08-28T01:12:45.925+0000][info][gc,phases   ] GC(415)   Pre Evacuate Collection Set: 0.4ms
[2024-08-28T01:12:45.925+0000][info][gc,phases   ] GC(415)   Merge Heap Roots: 1.0ms
[2024-08-28T01:12:45.925+0000][info][gc,phases   ] GC(415)   Evacuate Collection Set: 35.4ms
[2024-08-28T01:12:45.925+0000][info][gc,phases   ] GC(415)   Post Evacuate Collection Set: 0.6ms
[2024-08-28T01:12:45.925+0000][info][gc,phases   ] GC(415)   Other: 0.2ms
[2024-08-28T01:12:45.925+0000][info][gc,heap     ] GC(415) Eden regions: 251->0(171)
[2024-08-28T01:12:45.925+0000][info][gc,heap     ] GC(415) Survivor regions: 13->33(33)
[2024-08-28T01:12:45.925+0000][info][gc,heap     ] GC(415) Old regions: 1043->1268
[2024-08-28T01:12:45.925+0000][info][gc,heap     ] GC(415) Archive regions: 2->2
[2024-08-28T01:12:45.925+0000][info][gc,heap     ] GC(415) Humongous regions: 5->5
[2024-08-28T01:12:45.925+0000][info][gc,metaspace] GC(415) Metaspace: 100K(320K)->100K(320K) NonClass: 96K(192K)->96K(192K) Class: 4K(128K)->4K(128K)
[2024-08-28T01:12:45.925+0000][info][gc          ] GC(415) Pause Young (Normal) (G1 Evacuation Pause) 1312M->1306M(2048M) 37.703ms
[2024-08-28T01:12:45.925+0000][info][gc,cpu      ] GC(415) User=1.77s Sys=0.00s Real=0.04s
[2024-08-28T01:12:46.006+0000][info][gc,start    ] GC(416) Pause Young (Normal) (G1 Evacuation Pause)
[2024-08-28T01:12:46.006+0000][info][gc,task     ] GC(416) Using 49 workers of 68 for evacuation
[2024-08-28T01:12:46.038+0000][info][gc,phases   ] GC(416)   Pre Evacuate Collection Set: 0.3ms
[2024-08-28T01:12:46.038+0000][info][gc,phases   ] GC(416)   Merge Heap Roots: 1.0ms
[2024-08-28T01:12:46.038+0000][info][gc,phases   ] GC(416)   Evacuate Collection Set: 29.2ms
[2024-08-28T01:12:46.038+0000][info][gc,phases   ] GC(416)   Post Evacuate Collection Set: 0.6ms
[2024-08-28T01:12:46.038+0000][info][gc,phases   ] GC(416)   Other: 0.2ms
[2024-08-28T01:12:46.038+0000][info][gc,heap     ] GC(416) Eden regions: 171->0(115)
[2024-08-28T01:12:46.038+0000][info][gc,heap     ] GC(416) Survivor regions: 33->26(26)
[2024-08-28T01:12:46.038+0000][info][gc,heap     ] GC(416) Old regions: 1268->1450
[2024-08-28T01:12:46.038+0000][info][gc,heap     ] GC(416) Archive regions: 2->2
[2024-08-28T01:12:46.038+0000][info][gc,heap     ] GC(416) Humongous regions: 5->5
[2024-08-28T01:12:46.038+0000][info][gc,metaspace] GC(416) Metaspace: 100K(320K)->100K(320K) NonClass: 96K(192K)->96K(192K) Class: 4K(128K)->4K(128K)
[2024-08-28T01:12:46.038+0000][info][gc          ] GC(416) Pause Young (Normal) (G1 Evacuation Pause) 1477M->1481M(2048M) 31.385ms
[2024-08-28T01:12:46.038+0000][info][gc,cpu      ] GC(416) User=1.44s Sys=0.02s Real=0.04s
[2024-08-28T01:12:46.094+0000][info][gc,start    ] GC(417) Pause Young (Concurrent Start) (G1 Evacuation Pause)
[2024-08-28T01:12:46.094+0000][info][gc,task     ] GC(417) Using 49 workers of 68 for evacuation
[2024-08-28T01:12:46.118+0000][info][gc,phases   ] GC(417)   Pre Evacuate Collection Set: 0.3ms
[2024-08-28T01:12:46.118+0000][info][gc,phases   ] GC(417)   Merge Heap Roots: 0.8ms
[2024-08-28T01:12:46.118+0000][info][gc,phases   ] GC(417)   Evacuate Collection Set: 21.7ms
[2024-08-28T01:12:46.118+0000][info][gc,phases   ] GC(417)   Post Evacuate Collection Set: 0.5ms
[2024-08-28T01:12:46.118+0000][info][gc,phases   ] GC(417)   Other: 0.7ms
[2024-08-28T01:12:46.118+0000][info][gc,heap     ] GC(417) Eden regions: 115->0(84)
[2024-08-28T01:12:46.118+0000][info][gc,heap     ] GC(417) Survivor regions: 26->18(18)
[2024-08-28T01:12:46.118+0000][info][gc,heap     ] GC(417) Old regions: 1450->1581
[2024-08-28T01:12:46.118+0000][info][gc,heap     ] GC(417) Archive regions: 2->2
[2024-08-28T01:12:46.118+0000][info][gc,heap     ] GC(417) Humongous regions: 5->5
[2024-08-28T01:12:46.118+0000][info][gc,metaspace] GC(417) Metaspace: 100K(320K)->100K(320K) NonClass: 96K(192K)->96K(192K) Class: 4K(128K)->4K(128K)
[2024-08-28T01:12:46.118+0000][info][gc          ] GC(417) Pause Young (Concurrent Start) (G1 Evacuation Pause) 1596M->1604M(2048M) 24.113ms
[2024-08-28T01:12:46.118+0000][info][gc,cpu      ] GC(417) User=1.08s Sys=0.02s Real=0.03s
[2024-08-28T01:12:46.118+0000][info][gc          ] GC(418) Concurrent Mark Cycle
[2024-08-28T01:12:46.118+0000][info][gc,marking  ] GC(418) Concurrent Clear Claimed Marks
[2024-08-28T01:12:46.118+0000][info][gc,marking  ] GC(418) Concurrent Clear Claimed Marks 0.011ms
[2024-08-28T01:12:46.118+0000][info][gc,marking  ] GC(418) Concurrent Scan Root Regions
[2024-08-28T01:12:46.122+0000][info][gc,marking  ] GC(418) Concurrent Scan Root Regions 3.872ms
[2024-08-28T01:12:46.122+0000][info][gc,marking  ] GC(418) Concurrent Mark
[2024-08-28T01:12:46.122+0000][info][gc,marking  ] GC(418) Concurrent Mark From Roots
[2024-08-28T01:12:46.122+0000][info][gc,task     ] GC(418) Using 17 workers of 17 for marking
[2024-08-28T01:12:46.141+0000][info][gc,marking  ] GC(418) Concurrent Mark From Roots 18.555ms
[2024-08-28T01:12:46.141+0000][info][gc,marking  ] GC(418) Concurrent Preclean
[2024-08-28T01:12:46.143+0000][info][gc,marking  ] GC(418) Concurrent Preclean 1.718ms
[2024-08-28T01:12:46.143+0000][info][gc,start    ] GC(418) Pause Remark
[2024-08-28T01:12:46.145+0000][info][gc          ] GC(418) Pause Remark 1635M->1360M(2048M) 2.021ms
[2024-08-28T01:12:46.145+0000][info][gc,cpu      ] GC(418) User=0.02s Sys=0.00s Real=0.00s
[2024-08-28T01:12:46.145+0000][info][gc,marking  ] GC(418) Concurrent Mark 22.841ms
[2024-08-28T01:12:46.145+0000][info][gc,marking  ] GC(418) Concurrent Rebuild Remembered Sets
[2024-08-28T01:12:46.173+0000][info][gc,start    ] GC(419) Pause Young (Normal) (G1 Evacuation Pause)
[2024-08-28T01:12:46.173+0000][info][gc,task     ] GC(419) Using 49 workers of 68 for evacuation
[2024-08-28T01:12:46.191+0000][info][gc,phases   ] GC(419)   Pre Evacuate Collection Set: 0.3ms
[2024-08-28T01:12:46.191+0000][info][gc,phases   ] GC(419)   Merge Heap Roots: 0.8ms
[2024-08-28T01:12:46.191+0000][info][gc,phases   ] GC(419)   Evacuate Collection Set: 16.3ms
[2024-08-28T01:12:46.191+0000][info][gc,phases   ] GC(419)   Post Evacuate Collection Set: 0.8ms
[2024-08-28T01:12:46.191+0000][info][gc,phases   ] GC(419)   Other: 0.2ms
[2024-08-28T01:12:46.191+0000][info][gc,heap     ] GC(419) Eden regions: 84->0(134)
[2024-08-28T01:12:46.191+0000][info][gc,heap     ] GC(419) Survivor regions: 18->13(13)
[2024-08-28T01:12:46.191+0000][info][gc,heap     ] GC(419) Old regions: 1306->1403
[2024-08-28T01:12:46.191+0000][info][gc,heap     ] GC(419) Archive regions: 2->2
[2024-08-28T01:12:46.191+0000][info][gc,heap     ] GC(419) Humongous regions: 5->5
[2024-08-28T01:12:46.191+0000][info][gc,metaspace] GC(419) Metaspace: 100K(320K)->100K(320K) NonClass: 96K(192K)->96K(192K) Class: 4K(128K)->4K(128K)
[2024-08-28T01:12:46.191+0000][info][gc          ] GC(419) Pause Young (Normal) (G1 Evacuation Pause) 1413M->1421M(2048M) 18.533ms
[2024-08-28T01:12:46.191+0000][info][gc,cpu      ] GC(419) User=0.84s Sys=0.00s Real=0.02s
[2024-08-28T01:12:46.215+0000][info][gc,marking  ] GC(418) Concurrent Rebuild Remembered Sets 69.961ms
[2024-08-28T01:12:46.216+0000][info][gc,start    ] GC(418) Pause Cleanup
[2024-08-28T01:12:46.219+0000][info][gc          ] GC(418) Pause Cleanup 1466M->1466M(2048M) 3.307ms
[2024-08-28T01:12:46.219+0000][info][gc,cpu      ] GC(418) User=0.02s Sys=0.00s Real=0.01s
[2024-08-28T01:12:46.219+0000][info][gc,marking  ] GC(418) Concurrent Cleanup for Next Mark
[2024-08-28T01:12:46.220+0000][info][gc,marking  ] GC(418) Concurrent Cleanup for Next Mark 1.412ms
[2024-08-28T01:12:46.220+0000][info][gc          ] GC(418) Concurrent Mark Cycle 102.053ms
[2024-08-28T01:12:46.266+0000][info][gc,start    ] GC(420) Pause Young (Prepare Mixed) (G1 Evacuation Pause)
[2024-08-28T01:12:46.266+0000][info][gc,task     ] GC(420) Using 49 workers of 68 for evacuation
[2024-08-28T01:12:46.293+0000][info][gc,phases   ] GC(420)   Pre Evacuate Collection Set: 0.4ms
[2024-08-28T01:12:46.294+0000][info][gc,phases   ] GC(420)   Merge Heap Roots: 1.2ms
[2024-08-28T01:12:46.294+0000][info][gc,phases   ] GC(420)   Evacuate Collection Set: 24.9ms
[2024-08-28T01:12:46.294+0000][info][gc,phases   ] GC(420)   Post Evacuate Collection Set: 0.5ms
[2024-08-28T01:12:46.294+0000][info][gc,phases   ] GC(420)   Other: 0.2ms
[2024-08-28T01:12:46.294+0000][info][gc,heap     ] GC(420) Eden regions: 134->0(83)
[2024-08-28T01:12:46.294+0000][info][gc,heap     ] GC(420) Survivor regions: 13->19(19)
[2024-08-28T01:12:46.294+0000][info][gc,heap     ] GC(420) Old regions: 1403->1535
[2024-08-28T01:12:46.294+0000][info][gc,heap     ] GC(420) Archive regions: 2->2
[2024-08-28T01:12:46.294+0000][info][gc,heap     ] GC(420) Humongous regions: 5->5
[2024-08-28T01:12:46.294+0000][info][gc,metaspace] GC(420) Metaspace: 100K(320K)->100K(320K) NonClass: 96K(192K)->96K(192K) Class: 4K(128K)->4K(128K)
[2024-08-28T01:12:46.294+0000][info][gc          ] GC(420) Pause Young (Prepare Mixed) (G1 Evacuation Pause) 1555M->1559M(2048M) 27.259ms
[2024-08-28T01:12:46.294+0000][info][gc,cpu      ] GC(420) User=1.26s Sys=0.01s Real=0.03s
[2024-08-28T01:12:46.336+0000][info][gc,start    ] GC(421) Pause Young (Mixed) (G1 Evacuation Pause)
[2024-08-28T01:12:46.336+0000][info][gc,task     ] GC(421) Using 49 workers of 68 for evacuation
[2024-08-28T01:12:46.354+0000][info][gc,phases   ] GC(421)   Pre Evacuate Collection Set: 0.5ms
[2024-08-28T01:12:46.354+0000][info][gc,phases   ] GC(421)   Merge Heap Roots: 0.7ms
[2024-08-28T01:12:46.354+0000][info][gc,phases   ] GC(421)   Evacuate Collection Set: 16.3ms
[2024-08-28T01:12:46.354+0000][info][gc,phases   ] GC(421)   Post Evacuate Collection Set: 0.7ms
[2024-08-28T01:12:46.354+0000][info][gc,phases   ] GC(421)   Other: 0.3ms
[2024-08-28T01:12:46.354+0000][info][gc,heap     ] GC(421) Eden regions: 83->0(89)
[2024-08-28T01:12:46.354+0000][info][gc,heap     ] GC(421) Survivor regions: 19->13(13)
[2024-08-28T01:12:46.354+0000][info][gc,heap     ] GC(421) Old regions: 1535->1324
[2024-08-28T01:12:46.354+0000][info][gc,heap     ] GC(421) Archive regions: 2->2
[2024-08-28T01:12:46.354+0000][info][gc,heap     ] GC(421) Humongous regions: 5->5
[2024-08-28T01:12:46.354+0000][info][gc,metaspace] GC(421) Metaspace: 100K(320K)->100K(320K) NonClass: 96K(192K)->96K(192K) Class: 4K(128K)->4K(128K)
[2024-08-28T01:12:46.354+0000][info][gc          ] GC(421) Pause Young (Mixed) (G1 Evacuation Pause) 1642M->1342M(2048M) 18.511ms
[2024-08-28T01:12:46.354+0000][info][gc,cpu      ] GC(421) User=0.82s Sys=0.01s Real=0.02s
[2024-08-28T01:12:46.401+0000][info][gc,start    ] GC(422) Pause Young (Mixed) (G1 Evacuation Pause)
[2024-08-28T01:12:46.401+0000][info][gc,task     ] GC(422) Using 49 workers of 68 for evacuation
[2024-08-28T01:12:46.419+0000][info][gc,phases   ] GC(422)   Pre Evacuate Collection Set: 0.5ms
[2024-08-28T01:12:46.419+0000][info][gc,phases   ] GC(422)   Merge Heap Roots: 0.9ms
[2024-08-28T01:12:46.419+0000][info][gc,phases   ] GC(422)   Evacuate Collection Set: 16.2ms
[2024-08-28T01:12:46.419+0000][info][gc,phases   ] GC(422)   Post Evacuate Collection Set: 0.7ms
[2024-08-28T01:12:46.419+0000][info][gc,phases   ] GC(422)   Other: 0.2ms
[2024-08-28T01:12:46.419+0000][info][gc,heap     ] GC(422) Eden regions: 89->0(89)
[2024-08-28T01:12:46.419+0000][info][gc,heap     ] GC(422) Survivor regions: 13->13(13)
[2024-08-28T01:12:46.419+0000][info][gc,heap     ] GC(422) Old regions: 1324->1111
[2024-08-28T01:12:46.419+0000][info][gc,heap     ] GC(422) Archive regions: 2->2
[2024-08-28T01:12:46.419+0000][info][gc,heap     ] GC(422) Humongous regions: 5->5
[2024-08-28T01:12:46.419+0000][info][gc,metaspace] GC(422) Metaspace: 100K(320K)->100K(320K) NonClass: 96K(192K)->96K(192K) Class: 4K(128K)->4K(128K)
[2024-08-28T01:12:46.419+0000][info][gc          ] GC(422) Pause Young (Mixed) (G1 Evacuation Pause) 1431M->1129M(2048M) 18.545ms
[2024-08-28T01:12:46.419+0000][info][gc,cpu      ] GC(422) User=0.83s Sys=0.00s Real=0.02s
[2024-08-28T01:12:46.464+0000][info][gc,start    ] GC(423) Pause Young (Mixed) (G1 Evacuation Pause)
[2024-08-28T01:12:46.464+0000][info][gc,task     ] GC(423) Using 49 workers of 68 for evacuation
[2024-08-28T01:12:46.481+0000][info][gc,phases   ] GC(423)   Pre Evacuate Collection Set: 0.4ms
[2024-08-28T01:12:46.481+0000][info][gc,phases   ] GC(423)   Merge Heap Roots: 0.8ms
[2024-08-28T01:12:46.481+0000][info][gc,phases   ] GC(423)   Evacuate Collection Set: 15.4ms
[2024-08-28T01:12:46.481+0000][info][gc,phases   ] GC(423)   Post Evacuate Collection Set: 0.5ms
[2024-08-28T01:12:46.481+0000][info][gc,phases   ] GC(423)   Other: 0.2ms
[2024-08-28T01:12:46.481+0000][info][gc,heap     ] GC(423) Eden regions: 89->0(249)
[2024-08-28T01:12:46.481+0000][info][gc,heap     ] GC(423) Survivor regions: 13->13(13)
[2024-08-28T01:12:46.481+0000][info][gc,heap     ] GC(423) Old regions: 1111->1049
[2024-08-28T01:12:46.481+0000][info][gc,heap     ] GC(423) Archive regions: 2->2
[2024-08-28T01:12:46.481+0000][info][gc,heap     ] GC(423) Humongous regions: 5->5
[2024-08-28T01:12:46.481+0000][info][gc,metaspace] GC(423) Metaspace: 100K(320K)->100K(320K) NonClass: 96K(192K)->96K(192K) Class: 4K(128K)->4K(128K)
[2024-08-28T01:12:46.481+0000][info][gc          ] GC(423) Pause Young (Mixed) (G1 Evacuation Pause) 1218M->1067M(2048M) 17.447ms
[2024-08-28T01:12:46.481+0000][info][gc,cpu      ] GC(423) User=0.79s Sys=0.00s Real=0.02s
[2024-08-28T01:12:46.601+0000][info][gc,start    ] GC(424) Pause Young (Normal) (G1 Evacuation Pause)
[2024-08-28T01:12:46.601+0000][info][gc,task     ] GC(424) Using 49 workers of 68 for evacuation
[2024-08-28T01:12:46.638+0000][info][gc,phases   ] GC(424)   Pre Evacuate Collection Set: 0.3ms
[2024-08-28T01:12:46.638+0000][info][gc,phases   ] GC(424)   Merge Heap Roots: 1.1ms
[2024-08-28T01:12:46.638+0000][info][gc,phases   ] GC(424)   Evacuate Collection Set: 35.3ms
[2024-08-28T01:12:46.638+0000][info][gc,phases   ] GC(424)   Post Evacuate Collection Set: 0.6ms
[2024-08-28T01:12:46.638+0000][info][gc,phases   ] GC(424)   Other: 0.3ms
[2024-08-28T01:12:46.638+0000][info][gc,heap     ] GC(424) Eden regions: 249->0(170)
[2024-08-28T01:12:46.638+0000][info][gc,heap     ] GC(424) Survivor regions: 13->33(33)
[2024-08-28T01:12:46.638+0000][info][gc,heap     ] GC(424) Old regions: 1049->1273
[2024-08-28T01:12:46.638+0000][info][gc,heap     ] GC(424) Archive regions: 2->2
[2024-08-28T01:12:46.638+0000][info][gc,heap     ] GC(424) Humongous regions: 5->5
[2024-08-28T01:12:46.638+0000][info][gc,metaspace] GC(424) Metaspace: 100K(320K)->100K(320K) NonClass: 96K(192K)->96K(192K) Class: 4K(128K)->4K(128K)
[2024-08-28T01:12:46.638+0000][info][gc          ] GC(424) Pause Young (Normal) (G1 Evacuation Pause) 1316M->1311M(2048M) 37.618ms
[2024-08-28T01:12:46.638+0000][info][gc,cpu      ] GC(424) User=1.73s Sys=0.02s Real=0.04s
[2024-08-28T01:12:46.720+0000][info][gc,start    ] GC(425) Pause Young (Normal) (G1 Evacuation Pause)
[2024-08-28T01:12:46.720+0000][info][gc,task     ] GC(425) Using 49 workers of 68 for evacuation
[2024-08-28T01:12:46.751+0000][info][gc,phases   ] GC(425)   Pre Evacuate Collection Set: 0.3ms
[2024-08-28T01:12:46.751+0000][info][gc,phases   ] GC(425)   Merge Heap Roots: 1.0ms
[2024-08-28T01:12:46.751+0000][info][gc,phases   ] GC(425)   Evacuate Collection Set: 29.2ms
[2024-08-28T01:12:46.751+0000][info][gc,phases   ] GC(425)   Post Evacuate Collection Set: 0.5ms
[2024-08-28T01:12:46.751+0000][info][gc,phases   ] GC(425)   Other: 0.2ms
[2024-08-28T01:12:46.751+0000][info][gc,heap     ] GC(425) Eden regions: 170->0(114)
[2024-08-28T01:12:46.751+0000][info][gc,heap     ] GC(425) Survivor regions: 33->26(26)
[2024-08-28T01:12:46.751+0000][info][gc,heap     ] GC(425) Old regions: 1273->1453
[2024-08-28T01:12:46.751+0000][info][gc,heap     ] GC(425) Archive regions: 2->2
[2024-08-28T01:12:46.751+0000][info][gc,heap     ] GC(425) Humongous regions: 5->5
[2024-08-28T01:12:46.751+0000][info][gc,metaspace] GC(425) Metaspace: 100K(320K)->100K(320K) NonClass: 96K(192K)->96K(192K) Class: 4K(128K)->4K(128K)
[2024-08-28T01:12:46.751+0000][info][gc          ] GC(425) Pause Young (Normal) (G1 Evacuation Pause) 1481M->1484M(2048M) 31.358ms
[2024-08-28T01:12:46.751+0000][info][gc,cpu      ] GC(425) User=1.47s Sys=0.00s Real=0.03s
[2024-08-28T01:12:46.807+0000][info][gc,start    ] GC(426) Pause Young (Concurrent Start) (G1 Evacuation Pause)
[2024-08-28T01:12:46.807+0000][info][gc,task     ] GC(426) Using 49 workers of 68 for evacuation
[2024-08-28T01:12:46.832+0000][info][gc,phases   ] GC(426)   Pre Evacuate Collection Set: 0.3ms
[2024-08-28T01:12:46.832+0000][info][gc,phases   ] GC(426)   Merge Heap Roots: 0.9ms
[2024-08-28T01:12:46.832+0000][info][gc,phases   ] GC(426)   Evacuate Collection Set: 22.4ms
[2024-08-28T01:12:46.832+0000][info][gc,phases   ] GC(426)   Post Evacuate Collection Set: 0.5ms
[2024-08-28T01:12:46.832+0000][info][gc,phases   ] GC(426)   Other: 0.7ms
[2024-08-28T01:12:46.832+0000][info][gc,heap     ] GC(426) Eden regions: 114->0(84)
[2024-08-28T01:12:46.832+0000][info][gc,heap     ] GC(426) Survivor regions: 26->18(18)
[2024-08-28T01:12:46.832+0000][info][gc,heap     ] GC(426) Old regions: 1453->1582
[2024-08-28T01:12:46.832+0000][info][gc,heap     ] GC(426) Archive regions: 2->2
[2024-08-28T01:12:46.832+0000][info][gc,heap     ] GC(426) Humongous regions: 5->5
[2024-08-28T01:12:46.832+0000][info][gc,metaspace] GC(426) Metaspace: 100K(320K)->100K(320K) NonClass: 96K(192K)->96K(192K) Class: 4K(128K)->4K(128K)
[2024-08-28T01:12:46.832+0000][info][gc          ] GC(426) Pause Young (Concurrent Start) (G1 Evacuation Pause) 1598M->1605M(2048M) 24.848ms
[2024-08-28T01:12:46.832+0000][info][gc,cpu      ] GC(426) User=1.13s Sys=0.00s Real=0.03s
[2024-08-28T01:12:46.832+0000][info][gc          ] GC(427) Concurrent Mark Cycle
[2024-08-28T01:12:46.832+0000][info][gc,marking  ] GC(427) Concurrent Clear Claimed Marks
[2024-08-28T01:12:46.832+0000][info][gc,marking  ] GC(427) Concurrent Clear Claimed Marks 0.010ms
[2024-08-28T01:12:46.832+0000][info][gc,marking  ] GC(427) Concurrent Scan Root Regions
[2024-08-28T01:12:46.836+0000][info][gc,marking  ] GC(427) Concurrent Scan Root Regions 3.674ms
[2024-08-28T01:12:46.836+0000][info][gc,marking  ] GC(427) Concurrent Mark
[2024-08-28T01:12:46.836+0000][info][gc,marking  ] GC(427) Concurrent Mark From Roots
[2024-08-28T01:12:46.836+0000][info][gc,task     ] GC(427) Using 17 workers of 17 for marking
[2024-08-28T01:12:46.854+0000][info][gc,marking  ] GC(427) Concurrent Mark From Roots 18.383ms
[2024-08-28T01:12:46.854+0000][info][gc,marking  ] GC(427) Concurrent Preclean
[2024-08-28T01:12:46.855+0000][info][gc,marking  ] GC(427) Concurrent Preclean 0.508ms
[2024-08-28T01:12:46.855+0000][info][gc,start    ] GC(427) Pause Remark
[2024-08-28T01:12:46.857+0000][info][gc          ] GC(427) Pause Remark 1636M->1381M(2048M) 2.078ms
[2024-08-28T01:12:46.857+0000][info][gc,cpu      ] GC(427) User=0.02s Sys=0.00s Real=0.00s
[2024-08-28T01:12:46.857+0000][info][gc,marking  ] GC(427) Concurrent Mark 21.486ms
[2024-08-28T01:12:46.857+0000][info][gc,marking  ] GC(427) Concurrent Rebuild Remembered Sets
[2024-08-28T01:12:46.884+0000][info][gc,start    ] GC(428) Pause Young (Normal) (G1 Evacuation Pause)
[2024-08-28T01:12:46.885+0000][info][gc,task     ] GC(428) Using 49 workers of 68 for evacuation
[2024-08-28T01:12:46.903+0000][info][gc,phases   ] GC(428)   Pre Evacuate Collection Set: 0.3ms
[2024-08-28T01:12:46.903+0000][info][gc,phases   ] GC(428)   Merge Heap Roots: 0.9ms
[2024-08-28T01:12:46.903+0000][info][gc,phases   ] GC(428)   Evacuate Collection Set: 15.9ms
[2024-08-28T01:12:46.903+0000][info][gc,phases   ] GC(428)   Post Evacuate Collection Set: 0.8ms
[2024-08-28T01:12:46.903+0000][info][gc,phases   ] GC(428)   Other: 0.3ms
[2024-08-28T01:12:46.903+0000][info][gc,heap     ] GC(428) Eden regions: 84->0(127)
[2024-08-28T01:12:46.903+0000][info][gc,heap     ] GC(428) Survivor regions: 18->13(13)
[2024-08-28T01:12:46.903+0000][info][gc,heap     ] GC(428) Old regions: 1327->1425
[2024-08-28T01:12:46.903+0000][info][gc,heap     ] GC(428) Archive regions: 2->2
[2024-08-28T01:12:46.903+0000][info][gc,heap     ] GC(428) Humongous regions: 5->5
[2024-08-28T01:12:46.903+0000][info][gc,metaspace] GC(428) Metaspace: 100K(320K)->100K(320K) NonClass: 96K(192K)->96K(192K) Class: 4K(128K)->4K(128K)
[2024-08-28T01:12:46.903+0000][info][gc          ] GC(428) Pause Young (Normal) (G1 Evacuation Pause) 1434M->1443M(2048M) 18.182ms
[2024-08-28T01:12:46.903+0000][info][gc,cpu      ] GC(428) User=0.74s Sys=0.09s Real=0.02s
[2024-08-28T01:12:46.928+0000][info][gc,marking  ] GC(427) Concurrent Rebuild Remembered Sets 70.755ms
[2024-08-28T01:12:46.928+0000][info][gc,start    ] GC(427) Pause Cleanup
[2024-08-28T01:12:46.932+0000][info][gc          ] GC(427) Pause Cleanup 1493M->1493M(2048M) 3.955ms
[2024-08-28T01:12:46.932+0000][info][gc,cpu      ] GC(427) User=0.02s Sys=0.00s Real=0.01s
[2024-08-28T01:12:46.933+0000][info][gc,marking  ] GC(427) Concurrent Cleanup for Next Mark
[2024-08-28T01:12:46.934+0000][info][gc,marking  ] GC(427) Concurrent Cleanup for Next Mark 1.434ms
[2024-08-28T01:12:46.934+0000][info][gc          ] GC(427) Concurrent Mark Cycle 102.075ms
[2024-08-28T01:12:46.973+0000][info][gc,start    ] GC(429) Pause Young (Prepare Mixed) (G1 Evacuation Pause)
[2024-08-28T01:12:46.973+0000][info][gc,task     ] GC(429) Using 49 workers of 68 for evacuation
[2024-08-28T01:12:47.000+0000][info][gc,phases   ] GC(429)   Pre Evacuate Collection Set: 0.4ms
[2024-08-28T01:12:47.000+0000][info][gc,phases   ] GC(429)   Merge Heap Roots: 1.2ms
[2024-08-28T01:12:47.000+0000][info][gc,phases   ] GC(429)   Evacuate Collection Set: 24.4ms
[2024-08-28T01:12:47.000+0000][info][gc,phases   ] GC(429)   Post Evacuate Collection Set: 0.5ms
[2024-08-28T01:12:47.000+0000][info][gc,phases   ] GC(429)   Other: 0.3ms
[2024-08-28T01:12:47.000+0000][info][gc,heap     ] GC(429) Eden regions: 127->0(84)
[2024-08-28T01:12:47.000+0000][info][gc,heap     ] GC(429) Survivor regions: 13->18(18)
[2024-08-28T01:12:47.000+0000][info][gc,heap     ] GC(429) Old regions: 1425->1549
[2024-08-28T01:12:47.000+0000][info][gc,heap     ] GC(429) Archive regions: 2->2
[2024-08-28T01:12:47.000+0000][info][gc,heap     ] GC(429) Humongous regions: 5->5
[2024-08-28T01:12:47.000+0000][info][gc,metaspace] GC(429) Metaspace: 100K(320K)->100K(320K) NonClass: 96K(192K)->96K(192K) Class: 4K(128K)->4K(128K)
[2024-08-28T01:12:47.000+0000][info][gc          ] GC(429) Pause Young (Prepare Mixed) (G1 Evacuation Pause) 1570M->1572M(2048M) 26.896ms
[2024-08-28T01:12:47.000+0000][info][gc,cpu      ] GC(429) User=1.25s Sys=0.01s Real=0.03s
[2024-08-28T01:12:47.042+0000][info][gc,start    ] GC(430) Pause Young (Mixed) (G1 Evacuation Pause)
[2024-08-28T01:12:47.042+0000][info][gc,task     ] GC(430) Using 49 workers of 68 for evacuation
[2024-08-28T01:12:47.059+0000][info][gc,phases   ] GC(430)   Pre Evacuate Collection Set: 0.6ms
[2024-08-28T01:12:47.059+0000][info][gc,phases   ] GC(430)   Merge Heap Roots: 0.6ms
[2024-08-28T01:12:47.059+0000][info][gc,phases   ] GC(430)   Evacuate Collection Set: 15.2ms
[2024-08-28T01:12:47.059+0000][info][gc,phases   ] GC(430)   Post Evacuate Collection Set: 0.6ms
[2024-08-28T01:12:47.059+0000][info][gc,phases   ] GC(430)   Other: 0.3ms
[2024-08-28T01:12:47.059+0000][info][gc,heap     ] GC(430) Eden regions: 84->0(89)
[2024-08-28T01:12:47.059+0000][info][gc,heap     ] GC(430) Survivor regions: 18->13(13)
[2024-08-28T01:12:47.059+0000][info][gc,heap     ] GC(430) Old regions: 1549->1337
[2024-08-28T01:12:47.059+0000][info][gc,heap     ] GC(430) Archive regions: 2->2
[2024-08-28T01:12:47.059+0000][info][gc,heap     ] GC(430) Humongous regions: 5->5
[2024-08-28T01:12:47.059+0000][info][gc,metaspace] GC(430) Metaspace: 100K(320K)->100K(320K) NonClass: 96K(192K)->96K(192K) Class: 4K(128K)->4K(128K)
[2024-08-28T01:12:47.059+0000][info][gc          ] GC(430) Pause Young (Mixed) (G1 Evacuation Pause) 1656M->1355M(2048M) 17.253ms
[2024-08-28T01:12:47.059+0000][info][gc,cpu      ] GC(430) User=0.75s Sys=0.00s Real=0.02s
[2024-08-28T01:12:47.104+0000][info][gc,start    ] GC(431) Pause Young (Mixed) (G1 Evacuation Pause)
[2024-08-28T01:12:47.104+0000][info][gc,task     ] GC(431) Using 49 workers of 68 for evacuation
[2024-08-28T01:12:47.120+0000][info][gc,phases   ] GC(431)   Pre Evacuate Collection Set: 0.4ms
[2024-08-28T01:12:47.120+0000][info][gc,phases   ] GC(431)   Merge Heap Roots: 0.6ms
[2024-08-28T01:12:47.120+0000][info][gc,phases   ] GC(431)   Evacuate Collection Set: 15.0ms
[2024-08-28T01:12:47.120+0000][info][gc,phases   ] GC(431)   Post Evacuate Collection Set: 0.7ms
[2024-08-28T01:12:47.120+0000][info][gc,phases   ] GC(431)   Other: 0.2ms
[2024-08-28T01:12:47.120+0000][info][gc,heap     ] GC(431) Eden regions: 89->0(89)
[2024-08-28T01:12:47.120+0000][info][gc,heap     ] GC(431) Survivor regions: 13->13(13)
[2024-08-28T01:12:47.120+0000][info][gc,heap     ] GC(431) Old regions: 1337->1126
[2024-08-28T01:12:47.120+0000][info][gc,heap     ] GC(431) Archive regions: 2->2
[2024-08-28T01:12:47.120+0000][info][gc,heap     ] GC(431) Humongous regions: 5->5
[2024-08-28T01:12:47.120+0000][info][gc,metaspace] GC(431) Metaspace: 100K(320K)->100K(320K) NonClass: 96K(192K)->96K(192K) Class: 4K(128K)->4K(128K)
[2024-08-28T01:12:47.121+0000][info][gc          ] GC(431) Pause Young (Mixed) (G1 Evacuation Pause) 1444M->1144M(2048M) 16.907ms
[2024-08-28T01:12:47.121+0000][info][gc,cpu      ] GC(431) User=0.75s Sys=0.00s Real=0.02s
[2024-08-28T01:12:47.164+0000][info][gc,start    ] GC(432) Pause Young (Mixed) (G1 Evacuation Pause)
[2024-08-28T01:12:47.164+0000][info][gc,task     ] GC(432) Using 49 workers of 68 for evacuation
[2024-08-28T01:12:47.181+0000][info][gc,phases   ] GC(432)   Pre Evacuate Collection Set: 0.4ms
[2024-08-28T01:12:47.181+0000][info][gc,phases   ] GC(432)   Merge Heap Roots: 0.6ms
[2024-08-28T01:12:47.181+0000][info][gc,phases   ] GC(432)   Evacuate Collection Set: 14.8ms
[2024-08-28T01:12:47.181+0000][info][gc,phases   ] GC(432)   Post Evacuate Collection Set: 0.6ms
[2024-08-28T01:12:47.181+0000][info][gc,phases   ] GC(432)   Other: 0.2ms
[2024-08-28T01:12:47.181+0000][info][gc,heap     ] GC(432) Eden regions: 89->0(252)
[2024-08-28T01:12:47.181+0000][info][gc,heap     ] GC(432) Survivor regions: 13->13(13)
[2024-08-28T01:12:47.181+0000][info][gc,heap     ] GC(432) Old regions: 1126->1040
[2024-08-28T01:12:47.181+0000][info][gc,heap     ] GC(432) Archive regions: 2->2
[2024-08-28T01:12:47.181+0000][info][gc,heap     ] GC(432) Humongous regions: 5->5
[2024-08-28T01:12:47.181+0000][info][gc,metaspace] GC(432) Metaspace: 100K(320K)->100K(320K) NonClass: 96K(192K)->96K(192K) Class: 4K(128K)->4K(128K)
[2024-08-28T01:12:47.181+0000][info][gc          ] GC(432) Pause Young (Mixed) (G1 Evacuation Pause) 1233M->1058M(2048M) 16.690ms
[2024-08-28T01:12:47.181+0000][info][gc,cpu      ] GC(432) User=0.66s Sys=0.09s Real=0.02s
[2024-08-28T01:12:47.301+0000][info][gc,start    ] GC(433) Pause Young (Normal) (G1 Evacuation Pause)
[2024-08-28T01:12:47.301+0000][info][gc,task     ] GC(433) Using 49 workers of 68 for evacuation
[2024-08-28T01:12:47.338+0000][info][gc,phases   ] GC(433)   Pre Evacuate Collection Set: 0.4ms
[2024-08-28T01:12:47.338+0000][info][gc,phases   ] GC(433)   Merge Heap Roots: 0.9ms
[2024-08-28T01:12:47.338+0000][info][gc,phases   ] GC(433)   Evacuate Collection Set: 34.7ms
[2024-08-28T01:12:47.338+0000][info][gc,phases   ] GC(433)   Post Evacuate Collection Set: 0.6ms
[2024-08-28T01:12:47.338+0000][info][gc,phases   ] GC(433)   Other: 0.2ms
[2024-08-28T01:12:47.338+0000][info][gc,heap     ] GC(433) Eden regions: 252->0(172)
[2024-08-28T01:12:47.338+0000][info][gc,heap     ] GC(433) Survivor regions: 13->34(34)
[2024-08-28T01:12:47.338+0000][info][gc,heap     ] GC(433) Old regions: 1040->1264
[2024-08-28T01:12:47.338+0000][info][gc,heap     ] GC(433) Archive regions: 2->2
[2024-08-28T01:12:47.338+0000][info][gc,heap     ] GC(433) Humongous regions: 5->5
[2024-08-28T01:12:47.338+0000][info][gc,metaspace] GC(433) Metaspace: 100K(320K)->100K(320K) NonClass: 96K(192K)->96K(192K) Class: 4K(128K)->4K(128K)
[2024-08-28T01:12:47.338+0000][info][gc          ] GC(433) Pause Young (Normal) (G1 Evacuation Pause) 1310M->1303M(2048M) 36.823ms
[2024-08-28T01:12:47.338+0000][info][gc,cpu      ] GC(433) User=1.69s Sys=0.01s Real=0.04s
[2024-08-28T01:12:47.420+0000][info][gc,start    ] GC(434) Pause Young (Normal) (G1 Evacuation Pause)
[2024-08-28T01:12:47.421+0000][info][gc,task     ] GC(434) Using 49 workers of 68 for evacuation
[2024-08-28T01:12:47.453+0000][info][gc,phases   ] GC(434)   Pre Evacuate Collection Set: 0.4ms
[2024-08-28T01:12:47.453+0000][info][gc,phases   ] GC(434)   Merge Heap Roots: 1.1ms
[2024-08-28T01:12:47.453+0000][info][gc,phases   ] GC(434)   Evacuate Collection Set: 30.1ms
[2024-08-28T01:12:47.453+0000][info][gc,phases   ] GC(434)   Post Evacuate Collection Set: 0.5ms
[2024-08-28T01:12:47.453+0000][info][gc,phases   ] GC(434)   Other: 0.3ms
[2024-08-28T01:12:47.453+0000][info][gc,heap     ] GC(434) Eden regions: 172->0(115)
[2024-08-28T01:12:47.453+0000][info][gc,heap     ] GC(434) Survivor regions: 34->26(26)
[2024-08-28T01:12:47.453+0000][info][gc,heap     ] GC(434) Old regions: 1264->1448
[2024-08-28T01:12:47.453+0000][info][gc,heap     ] GC(434) Archive regions: 2->2
[2024-08-28T01:12:47.453+0000][info][gc,heap     ] GC(434) Humongous regions: 5->5
[2024-08-28T01:12:47.453+0000][info][gc,metaspace] GC(434) Metaspace: 100K(320K)->100K(320K) NonClass: 96K(192K)->96K(192K) Class: 4K(128K)->4K(128K)
[2024-08-28T01:12:47.453+0000][info][gc          ] GC(434) Pause Young (Normal) (G1 Evacuation Pause) 1475M->1479M(2048M) 32.397ms
[2024-08-28T01:12:47.453+0000][info][gc,cpu      ] GC(434) User=1.52s Sys=0.01s Real=0.03s
[2024-08-28T01:12:47.509+0000][info][gc,start    ] GC(435) Pause Young (Concurrent Start) (G1 Evacuation Pause)
[2024-08-28T01:12:47.509+0000][info][gc,task     ] GC(435) Using 49 workers of 68 for evacuation
[2024-08-28T01:12:47.533+0000][info][gc,phases   ] GC(435)   Pre Evacuate Collection Set: 0.4ms
[2024-08-28T01:12:47.533+0000][info][gc,phases   ] GC(435)   Merge Heap Roots: 1.0ms
[2024-08-28T01:12:47.533+0000][info][gc,phases   ] GC(435)   Evacuate Collection Set: 21.6ms
[2024-08-28T01:12:47.533+0000][info][gc,phases   ] GC(435)   Post Evacuate Collection Set: 0.5ms
[2024-08-28T01:12:47.533+0000][info][gc,phases   ] GC(435)   Other: 0.6ms
[2024-08-28T01:12:47.533+0000][info][gc,heap     ] GC(435) Eden regions: 115->0(84)
[2024-08-28T01:12:47.533+0000][info][gc,heap     ] GC(435) Survivor regions: 26->18(18)
[2024-08-28T01:12:47.533+0000][info][gc,heap     ] GC(435) Old regions: 1448->1578
[2024-08-28T01:12:47.533+0000][info][gc,heap     ] GC(435) Archive regions: 2->2
[2024-08-28T01:12:47.533+0000][info][gc,heap     ] GC(435) Humongous regions: 5->5
[2024-08-28T01:12:47.533+0000][info][gc,metaspace] GC(435) Metaspace: 100K(320K)->100K(320K) NonClass: 96K(192K)->96K(192K) Class: 4K(128K)->4K(128K)
[2024-08-28T01:12:47.533+0000][info][gc          ] GC(435) Pause Young (Concurrent Start) (G1 Evacuation Pause) 1594M->1601M(2048M) 24.099ms
[2024-08-28T01:12:47.533+0000][info][gc,cpu      ] GC(435) User=1.10s Sys=0.00s Real=0.03s
[2024-08-28T01:12:47.533+0000][info][gc          ] GC(436) Concurrent Mark Cycle
[2024-08-28T01:12:47.533+0000][info][gc,marking  ] GC(436) Concurrent Clear Claimed Marks
[2024-08-28T01:12:47.533+0000][info][gc,marking  ] GC(436) Concurrent Clear Claimed Marks 0.012ms
[2024-08-28T01:12:47.533+0000][info][gc,marking  ] GC(436) Concurrent Scan Root Regions
[2024-08-28T01:12:47.537+0000][info][gc,marking  ] GC(436) Concurrent Scan Root Regions 3.682ms
[2024-08-28T01:12:47.537+0000][info][gc,marking  ] GC(436) Concurrent Mark
[2024-08-28T01:12:47.537+0000][info][gc,marking  ] GC(436) Concurrent Mark From Roots
[2024-08-28T01:12:47.537+0000][info][gc,task     ] GC(436) Using 17 workers of 17 for marking
[2024-08-28T01:12:47.556+0000][info][gc,marking  ] GC(436) Concurrent Mark From Roots 18.401ms
[2024-08-28T01:12:47.556+0000][info][gc,marking  ] GC(436) Concurrent Preclean
[2024-08-28T01:12:47.556+0000][info][gc,marking  ] GC(436) Concurrent Preclean 0.505ms
[2024-08-28T01:12:47.556+0000][info][gc,start    ] GC(436) Pause Remark
[2024-08-28T01:12:47.558+0000][info][gc          ] GC(436) Pause Remark 1631M->1374M(2048M) 1.959ms
[2024-08-28T01:12:47.558+0000][info][gc,cpu      ] GC(436) User=0.02s Sys=0.00s Real=0.01s
[2024-08-28T01:12:47.558+0000][info][gc,marking  ] GC(436) Concurrent Mark 21.245ms
[2024-08-28T01:12:47.558+0000][info][gc,marking  ] GC(436) Concurrent Rebuild Remembered Sets
[2024-08-28T01:12:47.585+0000][info][gc,start    ] GC(437) Pause Young (Normal) (G1 Evacuation Pause)
[2024-08-28T01:12:47.585+0000][info][gc,task     ] GC(437) Using 49 workers of 68 for evacuation
[2024-08-28T01:12:47.603+0000][info][gc,phases   ] GC(437)   Pre Evacuate Collection Set: 0.4ms
[2024-08-28T01:12:47.603+0000][info][gc,phases   ] GC(437)   Merge Heap Roots: 0.8ms
[2024-08-28T01:12:47.603+0000][info][gc,phases   ] GC(437)   Evacuate Collection Set: 15.9ms
[2024-08-28T01:12:47.603+0000][info][gc,phases   ] GC(437)   Post Evacuate Collection Set: 0.8ms
[2024-08-28T01:12:47.603+0000][info][gc,phases   ] GC(437)   Other: 0.2ms
[2024-08-28T01:12:47.603+0000][info][gc,heap     ] GC(437) Eden regions: 84->0(129)
[2024-08-28T01:12:47.603+0000][info][gc,heap     ] GC(437) Survivor regions: 18->13(13)
[2024-08-28T01:12:47.603+0000][info][gc,heap     ] GC(437) Old regions: 1321->1419
[2024-08-28T01:12:47.603+0000][info][gc,heap     ] GC(437) Archive regions: 2->2
[2024-08-28T01:12:47.603+0000][info][gc,heap     ] GC(437) Humongous regions: 5->5
[2024-08-28T01:12:47.603+0000][info][gc,metaspace] GC(437) Metaspace: 100K(320K)->100K(320K) NonClass: 96K(192K)->96K(192K) Class: 4K(128K)->4K(128K)
[2024-08-28T01:12:47.604+0000][info][gc          ] GC(437) Pause Young (Normal) (G1 Evacuation Pause) 1428M->1437M(2048M) 18.343ms
[2024-08-28T01:12:47.604+0000][info][gc,cpu      ] GC(437) User=0.84s Sys=0.00s Real=0.02s
[2024-08-28T01:12:47.629+0000][info][gc,marking  ] GC(436) Concurrent Rebuild Remembered Sets 71.056ms
[2024-08-28T01:12:47.630+0000][info][gc,start    ] GC(436) Pause Cleanup
[2024-08-28T01:12:47.633+0000][info][gc          ] GC(436) Pause Cleanup 1487M->1487M(2048M) 3.312ms
[2024-08-28T01:12:47.633+0000][info][gc,cpu      ] GC(436) User=0.02s Sys=0.00s Real=0.00s
[2024-08-28T01:12:47.633+0000][info][gc,marking  ] GC(436) Concurrent Cleanup for Next Mark
[2024-08-28T01:12:47.635+0000][info][gc,marking  ] GC(436) Concurrent Cleanup for Next Mark 1.333ms
[2024-08-28T01:12:47.635+0000][info][gc          ] GC(436) Concurrent Mark Cycle 101.299ms
[2024-08-28T01:12:47.674+0000][info][gc,start    ] GC(438) Pause Young (Prepare Mixed) (G1 Evacuation Pause)
[2024-08-28T01:12:47.674+0000][info][gc,task     ] GC(438) Using 49 workers of 68 for evacuation
[2024-08-28T01:12:47.701+0000][info][gc,phases   ] GC(438)   Pre Evacuate Collection Set: 0.3ms
[2024-08-28T01:12:47.701+0000][info][gc,phases   ] GC(438)   Merge Heap Roots: 1.2ms
[2024-08-28T01:12:47.701+0000][info][gc,phases   ] GC(438)   Evacuate Collection Set: 24.7ms
[2024-08-28T01:12:47.701+0000][info][gc,phases   ] GC(438)   Post Evacuate Collection Set: 0.5ms
[2024-08-28T01:12:47.701+0000][info][gc,phases   ] GC(438)   Other: 0.2ms
[2024-08-28T01:12:47.701+0000][info][gc,heap     ] GC(438) Eden regions: 129->0(84)
[2024-08-28T01:12:47.701+0000][info][gc,heap     ] GC(438) Survivor regions: 13->18(18)
[2024-08-28T01:12:47.701+0000][info][gc,heap     ] GC(438) Old regions: 1419->1546
[2024-08-28T01:12:47.701+0000][info][gc,heap     ] GC(438) Archive regions: 2->2
[2024-08-28T01:12:47.701+0000][info][gc,heap     ] GC(438) Humongous regions: 5->5
[2024-08-28T01:12:47.701+0000][info][gc,metaspace] GC(438) Metaspace: 100K(320K)->100K(320K) NonClass: 96K(192K)->96K(192K) Class: 4K(128K)->4K(128K)
[2024-08-28T01:12:47.701+0000][info][gc          ] GC(438) Pause Young (Prepare Mixed) (G1 Evacuation Pause) 1566M->1569M(2048M) 27.056ms
[2024-08-28T01:12:47.701+0000][info][gc,cpu      ] GC(438) User=1.27s Sys=0.00s Real=0.03s
[2024-08-28T01:12:47.744+0000][info][gc,start    ] GC(439) Pause Young (Mixed) (G1 Evacuation Pause)
[2024-08-28T01:12:47.744+0000][info][gc,task     ] GC(439) Using 49 workers of 68 for evacuation
[2024-08-28T01:12:47.762+0000][info][gc,phases   ] GC(439)   Pre Evacuate Collection Set: 0.4ms
[2024-08-28T01:12:47.762+0000][info][gc,phases   ] GC(439)   Merge Heap Roots: 0.8ms
[2024-08-28T01:12:47.762+0000][info][gc,phases   ] GC(439)   Evacuate Collection Set: 16.0ms
[2024-08-28T01:12:47.762+0000][info][gc,phases   ] GC(439)   Post Evacuate Collection Set: 0.7ms
[2024-08-28T01:12:47.762+0000][info][gc,phases   ] GC(439)   Other: 0.3ms
[2024-08-28T01:12:47.762+0000][info][gc,heap     ] GC(439) Eden regions: 84->0(89)
[2024-08-28T01:12:47.762+0000][info][gc,heap     ] GC(439) Survivor regions: 18->13(13)
[2024-08-28T01:12:47.762+0000][info][gc,heap     ] GC(439) Old regions: 1546->1334
[2024-08-28T01:12:47.762+0000][info][gc,heap     ] GC(439) Archive regions: 2->2
[2024-08-28T01:12:47.762+0000][info][gc,heap     ] GC(439) Humongous regions: 5->5
[2024-08-28T01:12:47.762+0000][info][gc,metaspace] GC(439) Metaspace: 100K(320K)->100K(320K) NonClass: 96K(192K)->96K(192K) Class: 4K(128K)->4K(128K)
[2024-08-28T01:12:47.762+0000][info][gc          ] GC(439) Pause Young (Mixed) (G1 Evacuation Pause) 1653M->1352M(2048M) 18.199ms
[2024-08-28T01:12:47.762+0000][info][gc,cpu      ] GC(439) User=0.82s Sys=0.00s Real=0.02s
[2024-08-28T01:12:47.806+0000][info][gc,start    ] GC(440) Pause Young (Mixed) (G1 Evacuation Pause)
[2024-08-28T01:12:47.806+0000][info][gc,task     ] GC(440) Using 49 workers of 68 for evacuation
[2024-08-28T01:12:47.824+0000][info][gc,phases   ] GC(440)   Pre Evacuate Collection Set: 0.5ms
[2024-08-28T01:12:47.824+0000][info][gc,phases   ] GC(440)   Merge Heap Roots: 0.8ms
[2024-08-28T01:12:47.824+0000][info][gc,phases   ] GC(440)   Evacuate Collection Set: 15.9ms
[2024-08-28T01:12:47.824+0000][info][gc,phases   ] GC(440)   Post Evacuate Collection Set: 0.7ms
[2024-08-28T01:12:47.824+0000][info][gc,phases   ] GC(440)   Other: 0.3ms
[2024-08-28T01:12:47.824+0000][info][gc,heap     ] GC(440) Eden regions: 89->0(89)
[2024-08-28T01:12:47.824+0000][info][gc,heap     ] GC(440) Survivor regions: 13->13(13)
[2024-08-28T01:12:47.824+0000][info][gc,heap     ] GC(440) Old regions: 1334->1120
[2024-08-28T01:12:47.824+0000][info][gc,heap     ] GC(440) Archive regions: 2->2
[2024-08-28T01:12:47.824+0000][info][gc,heap     ] GC(440) Humongous regions: 5->5
[2024-08-28T01:12:47.824+0000][info][gc,metaspace] GC(440) Metaspace: 100K(320K)->100K(320K) NonClass: 96K(192K)->96K(192K) Class: 4K(128K)->4K(128K)
[2024-08-28T01:12:47.824+0000][info][gc          ] GC(440) Pause Young (Mixed) (G1 Evacuation Pause) 1441M->1138M(2048M) 18.158ms
[2024-08-28T01:12:47.824+0000][info][gc,cpu      ] GC(440) User=0.80s Sys=0.02s Real=0.02s
[2024-08-28T01:12:47.867+0000][info][gc,start    ] GC(441) Pause Young (Mixed) (G1 Evacuation Pause)
[2024-08-28T01:12:47.867+0000][info][gc,task     ] GC(441) Using 49 workers of 68 for evacuation
[2024-08-28T01:12:47.885+0000][info][gc,phases   ] GC(441)   Pre Evacuate Collection Set: 0.3ms
[2024-08-28T01:12:47.885+0000][info][gc,phases   ] GC(441)   Merge Heap Roots: 0.8ms
[2024-08-28T01:12:47.885+0000][info][gc,phases   ] GC(441)   Evacuate Collection Set: 15.4ms
[2024-08-28T01:12:47.885+0000][info][gc,phases   ] GC(441)   Post Evacuate Collection Set: 0.6ms
[2024-08-28T01:12:47.885+0000][info][gc,phases   ] GC(441)   Other: 0.2ms
[2024-08-28T01:12:47.885+0000][info][gc,heap     ] GC(441) Eden regions: 89->0(251)
[2024-08-28T01:12:47.885+0000][info][gc,heap     ] GC(441) Survivor regions: 13->13(13)
[2024-08-28T01:12:47.885+0000][info][gc,heap     ] GC(441) Old regions: 1120->1042
[2024-08-28T01:12:47.885+0000][info][gc,heap     ] GC(441) Archive regions: 2->2
[2024-08-28T01:12:47.885+0000][info][gc,heap     ] GC(441) Humongous regions: 5->5
[2024-08-28T01:12:47.885+0000][info][gc,metaspace] GC(441) Metaspace: 100K(320K)->100K(320K) NonClass: 96K(192K)->96K(192K) Class: 4K(128K)->4K(128K)
[2024-08-28T01:12:47.885+0000][info][gc          ] GC(441) Pause Young (Mixed) (G1 Evacuation Pause) 1227M->1060M(2048M) 17.434ms
[2024-08-28T01:12:47.885+0000][info][gc,cpu      ] GC(441) User=0.79s Sys=0.00s Real=0.02s
[2024-08-28T01:12:48.004+0000][info][gc,start    ] GC(442) Pause Young (Normal) (G1 Evacuation Pause)
[2024-08-28T01:12:48.004+0000][info][gc,task     ] GC(442) Using 49 workers of 68 for evacuation
[2024-08-28T01:12:48.042+0000][info][gc,phases   ] GC(442)   Pre Evacuate Collection Set: 0.4ms
[2024-08-28T01:12:48.042+0000][info][gc,phases   ] GC(442)   Merge Heap Roots: 1.0ms
[2024-08-28T01:12:48.042+0000][info][gc,phases   ] GC(442)   Evacuate Collection Set: 35.6ms
[2024-08-28T01:12:48.042+0000][info][gc,phases   ] GC(442)   Post Evacuate Collection Set: 0.6ms
[2024-08-28T01:12:48.042+0000][info][gc,phases   ] GC(442)   Other: 0.2ms
[2024-08-28T01:12:48.042+0000][info][gc,heap     ] GC(442) Eden regions: 251->0(172)
[2024-08-28T01:12:48.042+0000][info][gc,heap     ] GC(442) Survivor regions: 13->33(33)
[2024-08-28T01:12:48.042+0000][info][gc,heap     ] GC(442) Old regions: 1042->1267
[2024-08-28T01:12:48.042+0000][info][gc,heap     ] GC(442) Archive regions: 2->2
[2024-08-28T01:12:48.042+0000][info][gc,heap     ] GC(442) Humongous regions: 5->5
[2024-08-28T01:12:48.042+0000][info][gc,metaspace] GC(442) Metaspace: 100K(320K)->100K(320K) NonClass: 96K(192K)->96K(192K) Class: 4K(128K)->4K(128K)
[2024-08-28T01:12:48.042+0000][info][gc          ] GC(442) Pause Young (Normal) (G1 Evacuation Pause) 1311M->1305M(2048M) 38.001ms
[2024-08-28T01:12:48.042+0000][info][gc,cpu      ] GC(442) User=1.78s Sys=0.01s Real=0.04s
[2024-08-28T01:12:48.125+0000][info][gc,start    ] GC(443) Pause Young (Normal) (G1 Evacuation Pause)
[2024-08-28T01:12:48.125+0000][info][gc,task     ] GC(443) Using 49 workers of 68 for evacuation
[2024-08-28T01:12:48.157+0000][info][gc,phases   ] GC(443)   Pre Evacuate Collection Set: 0.4ms
[2024-08-28T01:12:48.157+0000][info][gc,phases   ] GC(443)   Merge Heap Roots: 1.1ms
[2024-08-28T01:12:48.157+0000][info][gc,phases   ] GC(443)   Evacuate Collection Set: 30.0ms
[2024-08-28T01:12:48.157+0000][info][gc,phases   ] GC(443)   Post Evacuate Collection Set: 0.6ms
[2024-08-28T01:12:48.157+0000][info][gc,phases   ] GC(443)   Other: 0.2ms
[2024-08-28T01:12:48.157+0000][info][gc,heap     ] GC(443) Eden regions: 172->0(115)
[2024-08-28T01:12:48.157+0000][info][gc,heap     ] GC(443) Survivor regions: 33->26(26)
[2024-08-28T01:12:48.157+0000][info][gc,heap     ] GC(443) Old regions: 1267->1448
[2024-08-28T01:12:48.157+0000][info][gc,heap     ] GC(443) Archive regions: 2->2
[2024-08-28T01:12:48.157+0000][info][gc,heap     ] GC(443) Humongous regions: 5->5
[2024-08-28T01:12:48.157+0000][info][gc,metaspace] GC(443) Metaspace: 100K(320K)->100K(320K) NonClass: 96K(192K)->96K(192K) Class: 4K(128K)->4K(128K)
[2024-08-28T01:12:48.157+0000][info][gc          ] GC(443) Pause Young (Normal) (G1 Evacuation Pause) 1477M->1479M(2048M) 32.314ms
[2024-08-28T01:12:48.157+0000][info][gc,cpu      ] GC(443) User=1.51s Sys=0.00s Real=0.03s
[2024-08-28T01:12:48.214+0000][info][gc,start    ] GC(444) Pause Young (Concurrent Start) (G1 Evacuation Pause)
[2024-08-28T01:12:48.214+0000][info][gc,task     ] GC(444) Using 49 workers of 68 for evacuation
[2024-08-28T01:12:48.239+0000][info][gc,phases   ] GC(444)   Pre Evacuate Collection Set: 0.3ms
[2024-08-28T01:12:48.239+0000][info][gc,phases   ] GC(444)   Merge Heap Roots: 0.9ms
[2024-08-28T01:12:48.239+0000][info][gc,phases   ] GC(444)   Evacuate Collection Set: 22.3ms
[2024-08-28T01:12:48.239+0000][info][gc,phases   ] GC(444)   Post Evacuate Collection Set: 0.5ms
[2024-08-28T01:12:48.239+0000][info][gc,phases   ] GC(444)   Other: 0.7ms
[2024-08-28T01:12:48.239+0000][info][gc,heap     ] GC(444) Eden regions: 115->0(84)
[2024-08-28T01:12:48.239+0000][info][gc,heap     ] GC(444) Survivor regions: 26->18(18)
[2024-08-28T01:12:48.239+0000][info][gc,heap     ] GC(444) Old regions: 1448->1578
[2024-08-28T01:12:48.239+0000][info][gc,heap     ] GC(444) Archive regions: 2->2
[2024-08-28T01:12:48.239+0000][info][gc,heap     ] GC(444) Humongous regions: 5->5
[2024-08-28T01:12:48.239+0000][info][gc,metaspace] GC(444) Metaspace: 100K(320K)->100K(320K) NonClass: 96K(192K)->96K(192K) Class: 4K(128K)->4K(128K)
[2024-08-28T01:12:48.239+0000][info][gc          ] GC(444) Pause Young (Concurrent Start) (G1 Evacuation Pause) 1594M->1601M(2048M) 24.916ms
[2024-08-28T01:12:48.239+0000][info][gc,cpu      ] GC(444) User=1.13s Sys=0.00s Real=0.03s
[2024-08-28T01:12:48.239+0000][info][gc          ] GC(445) Concurrent Mark Cycle
[2024-08-28T01:12:48.239+0000][info][gc,marking  ] GC(445) Concurrent Clear Claimed Marks
[2024-08-28T01:12:48.239+0000][info][gc,marking  ] GC(445) Concurrent Clear Claimed Marks 0.011ms
[2024-08-28T01:12:48.239+0000][info][gc,marking  ] GC(445) Concurrent Scan Root Regions
[2024-08-28T01:12:48.243+0000][info][gc,marking  ] GC(445) Concurrent Scan Root Regions 3.776ms
[2024-08-28T01:12:48.243+0000][info][gc,marking  ] GC(445) Concurrent Mark
[2024-08-28T01:12:48.243+0000][info][gc,marking  ] GC(445) Concurrent Mark From Roots
[2024-08-28T01:12:48.243+0000][info][gc,task     ] GC(445) Using 17 workers of 17 for marking
[2024-08-28T01:12:48.262+0000][info][gc,marking  ] GC(445) Concurrent Mark From Roots 18.949ms
[2024-08-28T01:12:48.262+0000][info][gc,marking  ] GC(445) Concurrent Preclean
[2024-08-28T01:12:48.262+0000][info][gc,marking  ] GC(445) Concurrent Preclean 0.506ms
[2024-08-28T01:12:48.263+0000][info][gc,start    ] GC(445) Pause Remark
[2024-08-28T01:12:48.265+0000][info][gc          ] GC(445) Pause Remark 1632M->1376M(2048M) 2.116ms
[2024-08-28T01:12:48.265+0000][info][gc,cpu      ] GC(445) User=0.01s Sys=0.00s Real=0.00s
[2024-08-28T01:12:48.265+0000][info][gc,marking  ] GC(445) Concurrent Mark 22.084ms
[2024-08-28T01:12:48.265+0000][info][gc,marking  ] GC(445) Concurrent Rebuild Remembered Sets
[2024-08-28T01:12:48.292+0000][info][gc,start    ] GC(446) Pause Young (Normal) (G1 Evacuation Pause)
[2024-08-28T01:12:48.292+0000][info][gc,task     ] GC(446) Using 49 workers of 68 for evacuation
[2024-08-28T01:12:48.311+0000][info][gc,phases   ] GC(446)   Pre Evacuate Collection Set: 0.4ms
[2024-08-28T01:12:48.311+0000][info][gc,phases   ] GC(446)   Merge Heap Roots: 0.9ms
[2024-08-28T01:12:48.311+0000][info][gc,phases   ] GC(446)   Evacuate Collection Set: 16.7ms
[2024-08-28T01:12:48.311+0000][info][gc,phases   ] GC(446)   Post Evacuate Collection Set: 0.8ms
[2024-08-28T01:12:48.311+0000][info][gc,phases   ] GC(446)   Other: 0.3ms
[2024-08-28T01:12:48.311+0000][info][gc,heap     ] GC(446) Eden regions: 84->0(129)
[2024-08-28T01:12:48.311+0000][info][gc,heap     ] GC(446) Survivor regions: 18->13(13)
[2024-08-28T01:12:48.311+0000][info][gc,heap     ] GC(446) Old regions: 1322->1419
[2024-08-28T01:12:48.311+0000][info][gc,heap     ] GC(446) Archive regions: 2->2
[2024-08-28T01:12:48.311+0000][info][gc,heap     ] GC(446) Humongous regions: 5->5
[2024-08-28T01:12:48.311+0000][info][gc,metaspace] GC(446) Metaspace: 100K(320K)->100K(320K) NonClass: 96K(192K)->96K(192K) Class: 4K(128K)->4K(128K)
[2024-08-28T01:12:48.311+0000][info][gc          ] GC(446) Pause Young (Normal) (G1 Evacuation Pause) 1429M->1437M(2048M) 19.128ms
[2024-08-28T01:12:48.311+0000][info][gc,cpu      ] GC(446) User=0.85s Sys=0.03s Real=0.02s
[2024-08-28T01:12:48.336+0000][info][gc,marking  ] GC(445) Concurrent Rebuild Remembered Sets 71.435ms
[2024-08-28T01:12:48.337+0000][info][gc,start    ] GC(445) Pause Cleanup
[2024-08-28T01:12:48.341+0000][info][gc          ] GC(445) Pause Cleanup 1487M->1487M(2048M) 3.826ms
[2024-08-28T01:12:48.341+0000][info][gc,cpu      ] GC(445) User=0.02s Sys=0.00s Real=0.01s
[2024-08-28T01:12:48.341+0000][info][gc,marking  ] GC(445) Concurrent Cleanup for Next Mark
[2024-08-28T01:12:48.342+0000][info][gc,marking  ] GC(445) Concurrent Cleanup for Next Mark 1.354ms
[2024-08-28T01:12:48.342+0000][info][gc          ] GC(445) Concurrent Mark Cycle 103.125ms
[2024-08-28T01:12:48.382+0000][info][gc,start    ] GC(447) Pause Young (Prepare Mixed) (G1 Evacuation Pause)
[2024-08-28T01:12:48.382+0000][info][gc,task     ] GC(447) Using 49 workers of 68 for evacuation
[2024-08-28T01:12:48.409+0000][info][gc,phases   ] GC(447)   Pre Evacuate Collection Set: 0.3ms
[2024-08-28T01:12:48.409+0000][info][gc,phases   ] GC(447)   Merge Heap Roots: 1.3ms
[2024-08-28T01:12:48.409+0000][info][gc,phases   ] GC(447)   Evacuate Collection Set: 24.8ms
[2024-08-28T01:12:48.409+0000][info][gc,phases   ] GC(447)   Post Evacuate Collection Set: 0.5ms
[2024-08-28T01:12:48.410+0000][info][gc,phases   ] GC(447)   Other: 0.3ms
[2024-08-28T01:12:48.410+0000][info][gc,heap     ] GC(447) Eden regions: 129->0(84)
[2024-08-28T01:12:48.410+0000][info][gc,heap     ] GC(447) Survivor regions: 13->18(18)
[2024-08-28T01:12:48.410+0000][info][gc,heap     ] GC(447) Old regions: 1419->1546
[2024-08-28T01:12:48.410+0000][info][gc,heap     ] GC(447) Archive regions: 2->2
[2024-08-28T01:12:48.410+0000][info][gc,heap     ] GC(447) Humongous regions: 5->5
[2024-08-28T01:12:48.410+0000][info][gc,metaspace] GC(447) Metaspace: 100K(320K)->100K(320K) NonClass: 96K(192K)->96K(192K) Class: 4K(128K)->4K(128K)
[2024-08-28T01:12:48.410+0000][info][gc          ] GC(447) Pause Young (Prepare Mixed) (G1 Evacuation Pause) 1566M->1569M(2048M) 27.358ms
[2024-08-28T01:12:48.410+0000][info][gc,cpu      ] GC(447) User=1.26s Sys=0.01s Real=0.03s
[2024-08-28T01:12:48.452+0000][info][gc,start    ] GC(448) Pause Young (Mixed) (G1 Evacuation Pause)
[2024-08-28T01:12:48.452+0000][info][gc,task     ] GC(448) Using 49 workers of 68 for evacuation
[2024-08-28T01:12:48.470+0000][info][gc,phases   ] GC(448)   Pre Evacuate Collection Set: 0.4ms
[2024-08-28T01:12:48.470+0000][info][gc,phases   ] GC(448)   Merge Heap Roots: 0.8ms
[2024-08-28T01:12:48.470+0000][info][gc,phases   ] GC(448)   Evacuate Collection Set: 16.1ms
[2024-08-28T01:12:48.470+0000][info][gc,phases   ] GC(448)   Post Evacuate Collection Set: 0.7ms
[2024-08-28T01:12:48.470+0000][info][gc,phases   ] GC(448)   Other: 0.2ms
[2024-08-28T01:12:48.470+0000][info][gc,heap     ] GC(448) Eden regions: 84->0(89)
[2024-08-28T01:12:48.470+0000][info][gc,heap     ] GC(448) Survivor regions: 18->13(13)
[2024-08-28T01:12:48.470+0000][info][gc,heap     ] GC(448) Old regions: 1546->1333
[2024-08-28T01:12:48.470+0000][info][gc,heap     ] GC(448) Archive regions: 2->2
[2024-08-28T01:12:48.470+0000][info][gc,heap     ] GC(448) Humongous regions: 5->5
[2024-08-28T01:12:48.470+0000][info][gc,metaspace] GC(448) Metaspace: 100K(320K)->100K(320K) NonClass: 96K(192K)->96K(192K) Class: 4K(128K)->4K(128K)
[2024-08-28T01:12:48.470+0000][info][gc          ] GC(448) Pause Young (Mixed) (G1 Evacuation Pause) 1653M->1351M(2048M) 18.319ms
[2024-08-28T01:12:48.470+0000][info][gc,cpu      ] GC(448) User=0.82s Sys=0.00s Real=0.02s
[2024-08-28T01:12:48.515+0000][info][gc,start    ] GC(449) Pause Young (Mixed) (G1 Evacuation Pause)
[2024-08-28T01:12:48.515+0000][info][gc,task     ] GC(449) Using 49 workers of 68 for evacuation
[2024-08-28T01:12:48.533+0000][info][gc,phases   ] GC(449)   Pre Evacuate Collection Set: 0.5ms
[2024-08-28T01:12:48.533+0000][info][gc,phases   ] GC(449)   Merge Heap Roots: 0.8ms
[2024-08-28T01:12:48.533+0000][info][gc,phases   ] GC(449)   Evacuate Collection Set: 16.0ms
[2024-08-28T01:12:48.533+0000][info][gc,phases   ] GC(449)   Post Evacuate Collection Set: 0.7ms
[2024-08-28T01:12:48.533+0000][info][gc,phases   ] GC(449)   Other: 0.3ms
[2024-08-28T01:12:48.533+0000][info][gc,heap     ] GC(449) Eden regions: 89->0(89)
[2024-08-28T01:12:48.533+0000][info][gc,heap     ] GC(449) Survivor regions: 13->13(13)
[2024-08-28T01:12:48.533+0000][info][gc,heap     ] GC(449) Old regions: 1333->1119
[2024-08-28T01:12:48.533+0000][info][gc,heap     ] GC(449) Archive regions: 2->2
[2024-08-28T01:12:48.533+0000][info][gc,heap     ] GC(449) Humongous regions: 5->5
[2024-08-28T01:12:48.533+0000][info][gc,metaspace] GC(449) Metaspace: 100K(320K)->100K(320K) NonClass: 96K(192K)->96K(192K) Class: 4K(128K)->4K(128K)
[2024-08-28T01:12:48.533+0000][info][gc          ] GC(449) Pause Young (Mixed) (G1 Evacuation Pause) 1440M->1137M(2048M) 18.298ms
[2024-08-28T01:12:48.533+0000][info][gc,cpu      ] GC(449) User=0.82s Sys=0.00s Real=0.02s
[2024-08-28T01:12:48.576+0000][info][gc,start    ] GC(450) Pause Young (Mixed) (G1 Evacuation Pause)
[2024-08-28T01:12:48.576+0000][info][gc,task     ] GC(450) Using 49 workers of 68 for evacuation
[2024-08-28T01:12:48.593+0000][info][gc,phases   ] GC(450)   Pre Evacuate Collection Set: 0.6ms
[2024-08-28T01:12:48.593+0000][info][gc,phases   ] GC(450)   Merge Heap Roots: 0.6ms
[2024-08-28T01:12:48.594+0000][info][gc,phases   ] GC(450)   Evacuate Collection Set: 15.1ms
[2024-08-28T01:12:48.594+0000][info][gc,phases   ] GC(450)   Post Evacuate Collection Set: 0.5ms
[2024-08-28T01:12:48.594+0000][info][gc,phases   ] GC(450)   Other: 0.3ms
[2024-08-28T01:12:48.594+0000][info][gc,heap     ] GC(450) Eden regions: 89->0(253)
[2024-08-28T01:12:48.594+0000][info][gc,heap     ] GC(450) Survivor regions: 13->13(13)
[2024-08-28T01:12:48.594+0000][info][gc,heap     ] GC(450) Old regions: 1119->1037
[2024-08-28T01:12:48.594+0000][info][gc,heap     ] GC(450) Archive regions: 2->2
[2024-08-28T01:12:48.594+0000][info][gc,heap     ] GC(450) Humongous regions: 5->5
[2024-08-28T01:12:48.594+0000][info][gc,metaspace] GC(450) Metaspace: 100K(320K)->100K(320K) NonClass: 96K(192K)->96K(192K) Class: 4K(128K)->4K(128K)
[2024-08-28T01:12:48.594+0000][info][gc          ] GC(450) Pause Young (Mixed) (G1 Evacuation Pause) 1226M->1055M(2048M) 17.196ms
[2024-08-28T01:12:48.594+0000][info][gc,cpu      ] GC(450) User=0.74s Sys=0.01s Real=0.02s
[2024-08-28T01:12:48.713+0000][info][gc,start    ] GC(451) Pause Young (Normal) (G1 Evacuation Pause)
[2024-08-28T01:12:48.713+0000][info][gc,task     ] GC(451) Using 49 workers of 68 for evacuation
[2024-08-28T01:12:48.749+0000][info][gc,phases   ] GC(451)   Pre Evacuate Collection Set: 0.4ms
[2024-08-28T01:12:48.750+0000][info][gc,phases   ] GC(451)   Merge Heap Roots: 0.8ms
[2024-08-28T01:12:48.750+0000][info][gc,phases   ] GC(451)   Evacuate Collection Set: 34.3ms
[2024-08-28T01:12:48.750+0000][info][gc,phases   ] GC(451)   Post Evacuate Collection Set: 0.5ms
[2024-08-28T01:12:48.750+0000][info][gc,phases   ] GC(451)   Other: 0.3ms
[2024-08-28T01:12:48.750+0000][info][gc,heap     ] GC(451) Eden regions: 253->0(173)
[2024-08-28T01:12:48.750+0000][info][gc,heap     ] GC(451) Survivor regions: 13->34(34)
[2024-08-28T01:12:48.750+0000][info][gc,heap     ] GC(451) Old regions: 1037->1263
[2024-08-28T01:12:48.750+0000][info][gc,heap     ] GC(451) Archive regions: 2->2
[2024-08-28T01:12:48.750+0000][info][gc,heap     ] GC(451) Humongous regions: 5->5
[2024-08-28T01:12:48.750+0000][info][gc,metaspace] GC(451) Metaspace: 100K(320K)->100K(320K) NonClass: 96K(192K)->96K(192K) Class: 4K(128K)->4K(128K)
[2024-08-28T01:12:48.750+0000][info][gc          ] GC(451) Pause Young (Normal) (G1 Evacuation Pause) 1308M->1302M(2048M) 36.312ms
[2024-08-28T01:12:48.750+0000][info][gc,cpu      ] GC(451) User=1.67s Sys=0.03s Real=0.04s
[2024-08-28T01:12:48.841+0000][info][gc,start    ] GC(452) Pause Young (Normal) (G1 Evacuation Pause)
[2024-08-28T01:12:48.841+0000][info][gc,task     ] GC(452) Using 49 workers of 68 for evacuation
[2024-08-28T01:12:48.872+0000][info][gc,phases   ] GC(452)   Pre Evacuate Collection Set: 0.4ms
[2024-08-28T01:12:48.872+0000][info][gc,phases   ] GC(452)   Merge Heap Roots: 0.6ms
[2024-08-28T01:12:48.872+0000][info][gc,phases   ] GC(452)   Evacuate Collection Set: 28.9ms
[2024-08-28T01:12:48.872+0000][info][gc,phases   ] GC(452)   Post Evacuate Collection Set: 0.6ms
[2024-08-28T01:12:48.872+0000][info][gc,phases   ] GC(452)   Other: 0.2ms
[2024-08-28T01:12:48.872+0000][info][gc,heap     ] GC(452) Eden regions: 173->0(116)
[2024-08-28T01:12:48.872+0000][info][gc,heap     ] GC(452) Survivor regions: 34->26(26)
[2024-08-28T01:12:48.872+0000][info][gc,heap     ] GC(452) Old regions: 1263->1446
[2024-08-28T01:12:48.872+0000][info][gc,heap     ] GC(452) Archive regions: 2->2
[2024-08-28T01:12:48.872+0000][info][gc,heap     ] GC(452) Humongous regions: 5->5
[2024-08-28T01:12:48.872+0000][info][gc,metaspace] GC(452) Metaspace: 100K(320K)->100K(320K) NonClass: 96K(192K)->96K(192K) Class: 4K(128K)->4K(128K)
[2024-08-28T01:12:48.872+0000][info][gc          ] GC(452) Pause Young (Normal) (G1 Evacuation Pause) 1475M->1477M(2048M) 30.810ms
[2024-08-28T01:12:48.872+0000][info][gc,cpu      ] GC(452) User=1.43s Sys=0.01s Real=0.03s
[2024-08-28T01:12:48.934+0000][info][gc,start    ] GC(453) Pause Young (Concurrent Start) (G1 Evacuation Pause)
[2024-08-28T01:12:48.934+0000][info][gc,task     ] GC(453) Using 49 workers of 68 for evacuation
[2024-08-28T01:12:48.957+0000][info][gc,phases   ] GC(453)   Pre Evacuate Collection Set: 0.3ms
[2024-08-28T01:12:48.957+0000][info][gc,phases   ] GC(453)   Merge Heap Roots: 0.6ms
[2024-08-28T01:12:48.957+0000][info][gc,phases   ] GC(453)   Evacuate Collection Set: 21.4ms
[2024-08-28T01:12:48.957+0000][info][gc,phases   ] GC(453)   Post Evacuate Collection Set: 0.5ms
[2024-08-28T01:12:48.957+0000][info][gc,phases   ] GC(453)   Other: 0.6ms
[2024-08-28T01:12:48.957+0000][info][gc,heap     ] GC(453) Eden regions: 116->0(84)
[2024-08-28T01:12:48.957+0000][info][gc,heap     ] GC(453) Survivor regions: 26->18(18)
[2024-08-28T01:12:48.957+0000][info][gc,heap     ] GC(453) Old regions: 1446->1576
[2024-08-28T01:12:48.957+0000][info][gc,heap     ] GC(453) Archive regions: 2->2
[2024-08-28T01:12:48.957+0000][info][gc,heap     ] GC(453) Humongous regions: 5->5
[2024-08-28T01:12:48.957+0000][info][gc,metaspace] GC(453) Metaspace: 100K(320K)->100K(320K) NonClass: 96K(192K)->96K(192K) Class: 4K(128K)->4K(128K)
[2024-08-28T01:12:48.957+0000][info][gc          ] GC(453) Pause Young (Concurrent Start) (G1 Evacuation Pause) 1593M->1599M(2048M) 23.453ms
[2024-08-28T01:12:48.957+0000][info][gc,cpu      ] GC(453) User=1.07s Sys=0.01s Real=0.02s
[2024-08-28T01:12:48.957+0000][info][gc          ] GC(454) Concurrent Mark Cycle
[2024-08-28T01:12:48.957+0000][info][gc,marking  ] GC(454) Concurrent Clear Claimed Marks
[2024-08-28T01:12:48.957+0000][info][gc,marking  ] GC(454) Concurrent Clear Claimed Marks 0.011ms
[2024-08-28T01:12:48.957+0000][info][gc,marking  ] GC(454) Concurrent Scan Root Regions
[2024-08-28T01:12:48.961+0000][info][gc,marking  ] GC(454) Concurrent Scan Root Regions 3.800ms
[2024-08-28T01:12:48.961+0000][info][gc,marking  ] GC(454) Concurrent Mark
[2024-08-28T01:12:48.961+0000][info][gc,marking  ] GC(454) Concurrent Mark From Roots
[2024-08-28T01:12:48.961+0000][info][gc,task     ] GC(454) Using 17 workers of 17 for marking
[2024-08-28T01:12:48.980+0000][info][gc,marking  ] GC(454) Concurrent Mark From Roots 18.212ms
[2024-08-28T01:12:48.980+0000][info][gc,marking  ] GC(454) Concurrent Preclean
[2024-08-28T01:12:48.981+0000][info][gc,marking  ] GC(454) Concurrent Preclean 1.435ms
[2024-08-28T01:12:48.981+0000][info][gc,start    ] GC(454) Pause Remark
[2024-08-28T01:12:48.983+0000][info][gc          ] GC(454) Pause Remark 1628M->1363M(2048M) 1.955ms
[2024-08-28T01:12:48.983+0000][info][gc,cpu      ] GC(454) User=0.01s Sys=0.01s Real=0.00s
[2024-08-28T01:12:48.983+0000][info][gc,marking  ] GC(454) Concurrent Mark 22.144ms
[2024-08-28T01:12:48.984+0000][info][gc,marking  ] GC(454) Concurrent Rebuild Remembered Sets
[2024-08-28T01:12:49.013+0000][info][gc,start    ] GC(455) Pause Young (Normal) (G1 Evacuation Pause)
[2024-08-28T01:12:49.013+0000][info][gc,task     ] GC(455) Using 49 workers of 68 for evacuation
[2024-08-28T01:12:49.030+0000][info][gc,phases   ] GC(455)   Pre Evacuate Collection Set: 0.4ms
[2024-08-28T01:12:49.030+0000][info][gc,phases   ] GC(455)   Merge Heap Roots: 0.5ms
[2024-08-28T01:12:49.030+0000][info][gc,phases   ] GC(455)   Evacuate Collection Set: 15.4ms
[2024-08-28T01:12:49.030+0000][info][gc,phases   ] GC(455)   Post Evacuate Collection Set: 0.7ms
[2024-08-28T01:12:49.030+0000][info][gc,phases   ] GC(455)   Other: 0.2ms
[2024-08-28T01:12:49.030+0000][info][gc,heap     ] GC(455) Eden regions: 84->0(131)
[2024-08-28T01:12:49.030+0000][info][gc,heap     ] GC(455) Survivor regions: 18->13(13)
[2024-08-28T01:12:49.030+0000][info][gc,heap     ] GC(455) Old regions: 1311->1411
[2024-08-28T01:12:49.030+0000][info][gc,heap     ] GC(455) Archive regions: 2->2
[2024-08-28T01:12:49.030+0000][info][gc,heap     ] GC(455) Humongous regions: 5->5
[2024-08-28T01:12:49.030+0000][info][gc,metaspace] GC(455) Metaspace: 100K(320K)->100K(320K) NonClass: 96K(192K)->96K(192K) Class: 4K(128K)->4K(128K)
[2024-08-28T01:12:49.030+0000][info][gc          ] GC(455) Pause Young (Normal) (G1 Evacuation Pause) 1418M->1429M(2048M) 17.251ms
[2024-08-28T01:12:49.030+0000][info][gc,cpu      ] GC(455) User=0.78s Sys=0.00s Real=0.02s
[2024-08-28T01:12:49.052+0000][info][gc,marking  ] GC(454) Concurrent Rebuild Remembered Sets 68.342ms
[2024-08-28T01:12:49.052+0000][info][gc,start    ] GC(454) Pause Cleanup
[2024-08-28T01:12:49.056+0000][info][gc          ] GC(454) Pause Cleanup 1468M->1468M(2048M) 3.425ms
[2024-08-28T01:12:49.056+0000][info][gc,cpu      ] GC(454) User=0.01s Sys=0.00s Real=0.00s
[2024-08-28T01:12:49.056+0000][info][gc,marking  ] GC(454) Concurrent Cleanup for Next Mark
[2024-08-28T01:12:49.057+0000][info][gc,marking  ] GC(454) Concurrent Cleanup for Next Mark 1.348ms
[2024-08-28T01:12:49.057+0000][info][gc          ] GC(454) Concurrent Mark Cycle 99.809ms
[2024-08-28T01:12:49.107+0000][info][gc,start    ] GC(456) Pause Young (Prepare Mixed) (G1 Evacuation Pause)
[2024-08-28T01:12:49.107+0000][info][gc,task     ] GC(456) Using 49 workers of 68 for evacuation
[2024-08-28T01:12:49.132+0000][info][gc,phases   ] GC(456)   Pre Evacuate Collection Set: 0.4ms
[2024-08-28T01:12:49.132+0000][info][gc,phases   ] GC(456)   Merge Heap Roots: 0.9ms
[2024-08-28T01:12:49.132+0000][info][gc,phases   ] GC(456)   Evacuate Collection Set: 23.0ms
[2024-08-28T01:12:49.132+0000][info][gc,phases   ] GC(456)   Post Evacuate Collection Set: 0.5ms
[2024-08-28T01:12:49.132+0000][info][gc,phases   ] GC(456)   Other: 0.2ms
[2024-08-28T01:12:49.132+0000][info][gc,heap     ] GC(456) Eden regions: 131->0(84)
[2024-08-28T01:12:49.132+0000][info][gc,heap     ] GC(456) Survivor regions: 13->18(18)
[2024-08-28T01:12:49.132+0000][info][gc,heap     ] GC(456) Old regions: 1411->1540
[2024-08-28T01:12:49.132+0000][info][gc,heap     ] GC(456) Archive regions: 2->2
[2024-08-28T01:12:49.132+0000][info][gc,heap     ] GC(456) Humongous regions: 5->5
[2024-08-28T01:12:49.132+0000][info][gc,metaspace] GC(456) Metaspace: 100K(320K)->100K(320K) NonClass: 96K(192K)->96K(192K) Class: 4K(128K)->4K(128K)
[2024-08-28T01:12:49.132+0000][info][gc          ] GC(456) Pause Young (Prepare Mixed) (G1 Evacuation Pause) 1560M->1563M(2048M) 25.046ms
[2024-08-28T01:12:49.132+0000][info][gc,cpu      ] GC(456) User=1.16s Sys=0.01s Real=0.03s
[2024-08-28T01:12:49.178+0000][info][gc,start    ] GC(457) Pause Young (Mixed) (G1 Evacuation Pause)
[2024-08-28T01:12:49.178+0000][info][gc,task     ] GC(457) Using 49 workers of 68 for evacuation
[2024-08-28T01:12:49.196+0000][info][gc,phases   ] GC(457)   Pre Evacuate Collection Set: 0.5ms
[2024-08-28T01:12:49.196+0000][info][gc,phases   ] GC(457)   Merge Heap Roots: 0.5ms
[2024-08-28T01:12:49.196+0000][info][gc,phases   ] GC(457)   Evacuate Collection Set: 15.6ms
[2024-08-28T01:12:49.196+0000][info][gc,phases   ] GC(457)   Post Evacuate Collection Set: 0.6ms
[2024-08-28T01:12:49.196+0000][info][gc,phases   ] GC(457)   Other: 0.2ms
[2024-08-28T01:12:49.196+0000][info][gc,heap     ] GC(457) Eden regions: 84->0(89)
[2024-08-28T01:12:49.196+0000][info][gc,heap     ] GC(457) Survivor regions: 18->13(13)
[2024-08-28T01:12:49.196+0000][info][gc,heap     ] GC(457) Old regions: 1540->1329
[2024-08-28T01:12:49.196+0000][info][gc,heap     ] GC(457) Archive regions: 2->2
[2024-08-28T01:12:49.196+0000][info][gc,heap     ] GC(457) Humongous regions: 5->5
[2024-08-28T01:12:49.196+0000][info][gc,metaspace] GC(457) Metaspace: 100K(320K)->100K(320K) NonClass: 96K(192K)->96K(192K) Class: 4K(128K)->4K(128K)
[2024-08-28T01:12:49.196+0000][info][gc          ] GC(457) Pause Young (Mixed) (G1 Evacuation Pause) 1647M->1347M(2048M) 17.515ms
[2024-08-28T01:12:49.196+0000][info][gc,cpu      ] GC(457) User=0.77s Sys=0.00s Real=0.01s
[2024-08-28T01:12:49.245+0000][info][gc,start    ] GC(458) Pause Young (Mixed) (G1 Evacuation Pause)
[2024-08-28T01:12:49.245+0000][info][gc,task     ] GC(458) Using 49 workers of 68 for evacuation
[2024-08-28T01:12:49.262+0000][info][gc,phases   ] GC(458)   Pre Evacuate Collection Set: 0.5ms
[2024-08-28T01:12:49.262+0000][info][gc,phases   ] GC(458)   Merge Heap Roots: 0.6ms
[2024-08-28T01:12:49.262+0000][info][gc,phases   ] GC(458)   Evacuate Collection Set: 15.2ms
[2024-08-28T01:12:49.262+0000][info][gc,phases   ] GC(458)   Post Evacuate Collection Set: 0.7ms
[2024-08-28T01:12:49.262+0000][info][gc,phases   ] GC(458)   Other: 0.2ms
[2024-08-28T01:12:49.262+0000][info][gc,heap     ] GC(458) Eden regions: 89->0(89)
[2024-08-28T01:12:49.262+0000][info][gc,heap     ] GC(458) Survivor regions: 13->13(13)
[2024-08-28T01:12:49.262+0000][info][gc,heap     ] GC(458) Old regions: 1329->1116
[2024-08-28T01:12:49.262+0000][info][gc,heap     ] GC(458) Archive regions: 2->2
[2024-08-28T01:12:49.262+0000][info][gc,heap     ] GC(458) Humongous regions: 5->5
[2024-08-28T01:12:49.262+0000][info][gc,metaspace] GC(458) Metaspace: 100K(320K)->100K(320K) NonClass: 96K(192K)->96K(192K) Class: 4K(128K)->4K(128K)
[2024-08-28T01:12:49.262+0000][info][gc          ] GC(458) Pause Young (Mixed) (G1 Evacuation Pause) 1436M->1134M(2048M) 17.257ms
[2024-08-28T01:12:49.262+0000][info][gc,cpu      ] GC(458) User=0.76s Sys=0.01s Real=0.02s
[2024-08-28T01:12:49.307+0000][info][gc,start    ] GC(459) Pause Young (Mixed) (G1 Evacuation Pause)
[2024-08-28T01:12:49.307+0000][info][gc,task     ] GC(459) Using 49 workers of 68 for evacuation
[2024-08-28T01:12:49.324+0000][info][gc,phases   ] GC(459)   Pre Evacuate Collection Set: 0.4ms
[2024-08-28T01:12:49.324+0000][info][gc,phases   ] GC(459)   Merge Heap Roots: 0.6ms
[2024-08-28T01:12:49.324+0000][info][gc,phases   ] GC(459)   Evacuate Collection Set: 15.2ms
[2024-08-28T01:12:49.324+0000][info][gc,phases   ] GC(459)   Post Evacuate Collection Set: 0.5ms
[2024-08-28T01:12:49.324+0000][info][gc,phases   ] GC(459)   Other: 0.2ms
[2024-08-28T01:12:49.324+0000][info][gc,heap     ] GC(459) Eden regions: 89->0(249)
[2024-08-28T01:12:49.324+0000][info][gc,heap     ] GC(459) Survivor regions: 13->13(13)
[2024-08-28T01:12:49.324+0000][info][gc,heap     ] GC(459) Old regions: 1116->1047
[2024-08-28T01:12:49.324+0000][info][gc,heap     ] GC(459) Archive regions: 2->2
[2024-08-28T01:12:49.324+0000][info][gc,heap     ] GC(459) Humongous regions: 5->5
[2024-08-28T01:12:49.324+0000][info][gc,metaspace] GC(459) Metaspace: 100K(320K)->100K(320K) NonClass: 96K(192K)->96K(192K) Class: 4K(128K)->4K(128K)
[2024-08-28T01:12:49.324+0000][info][gc          ] GC(459) Pause Young (Mixed) (G1 Evacuation Pause) 1223M->1065M(2048M) 17.088ms
[2024-08-28T01:12:49.324+0000][info][gc,cpu      ] GC(459) User=0.72s Sys=0.01s Real=0.02s
[2024-08-28T01:12:49.439+0000][info][gc,start    ] GC(460) Pause Young (Normal) (G1 Evacuation Pause)
[2024-08-28T01:12:49.439+0000][info][gc,task     ] GC(460) Using 49 workers of 68 for evacuation
[2024-08-28T01:12:49.476+0000][info][gc,phases   ] GC(460)   Pre Evacuate Collection Set: 0.4ms
[2024-08-28T01:12:49.476+0000][info][gc,phases   ] GC(460)   Merge Heap Roots: 0.8ms
[2024-08-28T01:12:49.476+0000][info][gc,phases   ] GC(460)   Evacuate Collection Set: 35.3ms
[2024-08-28T01:12:49.476+0000][info][gc,phases   ] GC(460)   Post Evacuate Collection Set: 0.6ms
[2024-08-28T01:12:49.476+0000][info][gc,phases   ] GC(460)   Other: 0.3ms
[2024-08-28T01:12:49.476+0000][info][gc,heap     ] GC(460) Eden regions: 249->0(170)
[2024-08-28T01:12:49.476+0000][info][gc,heap     ] GC(460) Survivor regions: 13->33(33)
[2024-08-28T01:12:49.476+0000][info][gc,heap     ] GC(460) Old regions: 1047->1271
[2024-08-28T01:12:49.476+0000][info][gc,heap     ] GC(460) Archive regions: 2->2
[2024-08-28T01:12:49.476+0000][info][gc,heap     ] GC(460) Humongous regions: 5->5
[2024-08-28T01:12:49.476+0000][info][gc,metaspace] GC(460) Metaspace: 100K(320K)->100K(320K) NonClass: 96K(192K)->96K(192K) Class: 4K(128K)->4K(128K)
[2024-08-28T01:12:49.476+0000][info][gc          ] GC(460) Pause Young (Normal) (G1 Evacuation Pause) 1314M->1309M(2048M) 37.402ms
[2024-08-28T01:12:49.476+0000][info][gc,cpu      ] GC(460) User=1.67s Sys=0.00s Real=0.03s
[2024-08-28T01:12:49.557+0000][info][gc,start    ] GC(461) Pause Young (Normal) (G1 Evacuation Pause)
[2024-08-28T01:12:49.557+0000][info][gc,task     ] GC(461) Using 49 workers of 68 for evacuation
[2024-08-28T01:12:49.589+0000][info][gc,phases   ] GC(461)   Pre Evacuate Collection Set: 0.3ms
[2024-08-28T01:12:49.589+0000][info][gc,phases   ] GC(461)   Merge Heap Roots: 1.0ms
[2024-08-28T01:12:49.589+0000][info][gc,phases   ] GC(461)   Evacuate Collection Set: 29.5ms
[2024-08-28T01:12:49.589+0000][info][gc,phases   ] GC(461)   Post Evacuate Collection Set: 0.5ms
[2024-08-28T01:12:49.589+0000][info][gc,phases   ] GC(461)   Other: 0.3ms
[2024-08-28T01:12:49.589+0000][info][gc,heap     ] GC(461) Eden regions: 170->0(114)
[2024-08-28T01:12:49.589+0000][info][gc,heap     ] GC(461) Survivor regions: 33->26(26)
[2024-08-28T01:12:49.589+0000][info][gc,heap     ] GC(461) Old regions: 1271->1451
[2024-08-28T01:12:49.589+0000][info][gc,heap     ] GC(461) Archive regions: 2->2
[2024-08-28T01:12:49.589+0000][info][gc,heap     ] GC(461) Humongous regions: 5->5
[2024-08-28T01:12:49.589+0000][info][gc,metaspace] GC(461) Metaspace: 100K(320K)->100K(320K) NonClass: 96K(192K)->96K(192K) Class: 4K(128K)->4K(128K)
[2024-08-28T01:12:49.589+0000][info][gc          ] GC(461) Pause Young (Normal) (G1 Evacuation Pause) 1479M->1482M(2048M) 31.763ms
[2024-08-28T01:12:49.589+0000][info][gc,cpu      ] GC(461) User=1.46s Sys=0.02s Real=0.03s
[2024-08-28T01:12:49.645+0000][info][gc,start    ] GC(462) Pause Young (Concurrent Start) (G1 Evacuation Pause)
[2024-08-28T01:12:49.646+0000][info][gc,task     ] GC(462) Using 49 workers of 68 for evacuation
[2024-08-28T01:12:49.670+0000][info][gc,phases   ] GC(462)   Pre Evacuate Collection Set: 0.4ms
[2024-08-28T01:12:49.670+0000][info][gc,phases   ] GC(462)   Merge Heap Roots: 0.9ms
[2024-08-28T01:12:49.670+0000][info][gc,phases   ] GC(462)   Evacuate Collection Set: 21.6ms
[2024-08-28T01:12:49.670+0000][info][gc,phases   ] GC(462)   Post Evacuate Collection Set: 0.7ms
[2024-08-28T01:12:49.670+0000][info][gc,phases   ] GC(462)   Other: 0.9ms
[2024-08-28T01:12:49.670+0000][info][gc,heap     ] GC(462) Eden regions: 114->0(84)
[2024-08-28T01:12:49.670+0000][info][gc,heap     ] GC(462) Survivor regions: 26->18(18)
[2024-08-28T01:12:49.670+0000][info][gc,heap     ] GC(462) Old regions: 1451->1581
[2024-08-28T01:12:49.670+0000][info][gc,heap     ] GC(462) Archive regions: 2->2
[2024-08-28T01:12:49.670+0000][info][gc,heap     ] GC(462) Humongous regions: 5->5
[2024-08-28T01:12:49.670+0000][info][gc,metaspace] GC(462) Metaspace: 100K(320K)->100K(320K) NonClass: 96K(192K)->96K(192K) Class: 4K(128K)->4K(128K)
[2024-08-28T01:12:49.670+0000][info][gc          ] GC(462) Pause Young (Concurrent Start) (G1 Evacuation Pause) 1596M->1604M(2048M) 24.718ms
[2024-08-28T01:12:49.670+0000][info][gc,cpu      ] GC(462) User=1.07s Sys=0.03s Real=0.03s
[2024-08-28T01:12:49.670+0000][info][gc          ] GC(463) Concurrent Mark Cycle
[2024-08-28T01:12:49.670+0000][info][gc,marking  ] GC(463) Concurrent Clear Claimed Marks
[2024-08-28T01:12:49.670+0000][info][gc,marking  ] GC(463) Concurrent Clear Claimed Marks 0.010ms
[2024-08-28T01:12:49.670+0000][info][gc,marking  ] GC(463) Concurrent Scan Root Regions
[2024-08-28T01:12:49.674+0000][info][gc,marking  ] GC(463) Concurrent Scan Root Regions 3.634ms
[2024-08-28T01:12:49.674+0000][info][gc,marking  ] GC(463) Concurrent Mark
[2024-08-28T01:12:49.674+0000][info][gc,marking  ] GC(463) Concurrent Mark From Roots
[2024-08-28T01:12:49.674+0000][info][gc,task     ] GC(463) Using 17 workers of 17 for marking
[2024-08-28T01:12:49.693+0000][info][gc,marking  ] GC(463) Concurrent Mark From Roots 18.681ms
[2024-08-28T01:12:49.693+0000][info][gc,marking  ] GC(463) Concurrent Preclean
[2024-08-28T01:12:49.695+0000][info][gc,marking  ] GC(463) Concurrent Preclean 1.949ms
[2024-08-28T01:12:49.695+0000][info][gc,start    ] GC(463) Pause Remark
[2024-08-28T01:12:49.698+0000][info][gc          ] GC(463) Pause Remark 1637M->1381M(2048M) 2.689ms
[2024-08-28T01:12:49.698+0000][info][gc,cpu      ] GC(463) User=0.01s Sys=0.00s Real=0.01s
[2024-08-28T01:12:49.698+0000][info][gc,marking  ] GC(463) Concurrent Mark 23.989ms
[2024-08-28T01:12:49.698+0000][info][gc,marking  ] GC(463) Concurrent Rebuild Remembered Sets
[2024-08-28T01:12:49.725+0000][info][gc,start    ] GC(464) Pause Young (Normal) (G1 Evacuation Pause)
[2024-08-28T01:12:49.725+0000][info][gc,task     ] GC(464) Using 49 workers of 68 for evacuation
[2024-08-28T01:12:49.743+0000][info][gc,phases   ] GC(464)   Pre Evacuate Collection Set: 0.5ms
[2024-08-28T01:12:49.743+0000][info][gc,phases   ] GC(464)   Merge Heap Roots: 0.9ms
[2024-08-28T01:12:49.743+0000][info][gc,phases   ] GC(464)   Evacuate Collection Set: 15.9ms
[2024-08-28T01:12:49.743+0000][info][gc,phases   ] GC(464)   Post Evacuate Collection Set: 0.8ms
[2024-08-28T01:12:49.743+0000][info][gc,phases   ] GC(464)   Other: 0.3ms
[2024-08-28T01:12:49.743+0000][info][gc,heap     ] GC(464) Eden regions: 84->0(128)
[2024-08-28T01:12:49.743+0000][info][gc,heap     ] GC(464) Survivor regions: 18->13(13)
[2024-08-28T01:12:49.743+0000][info][gc,heap     ] GC(464) Old regions: 1325->1422
[2024-08-28T01:12:49.743+0000][info][gc,heap     ] GC(464) Archive regions: 2->2
[2024-08-28T01:12:49.743+0000][info][gc,heap     ] GC(464) Humongous regions: 5->5
[2024-08-28T01:12:49.743+0000][info][gc,metaspace] GC(464) Metaspace: 100K(320K)->100K(320K) NonClass: 96K(192K)->96K(192K) Class: 4K(128K)->4K(128K)
[2024-08-28T01:12:49.743+0000][info][gc          ] GC(464) Pause Young (Normal) (G1 Evacuation Pause) 1432M->1440M(2048M) 18.523ms
[2024-08-28T01:12:49.743+0000][info][gc,cpu      ] GC(464) User=0.84s Sys=0.00s Real=0.02s
[2024-08-28T01:12:49.769+0000][info][gc,marking  ] GC(463) Concurrent Rebuild Remembered Sets 70.888ms
[2024-08-28T01:12:49.769+0000][info][gc,start    ] GC(463) Pause Cleanup
[2024-08-28T01:12:49.773+0000][info][gc          ] GC(463) Pause Cleanup 1490M->1490M(2048M) 3.424ms
[2024-08-28T01:12:49.773+0000][info][gc,cpu      ] GC(463) User=0.01s Sys=0.00s Real=0.01s
[2024-08-28T01:12:49.773+0000][info][gc,marking  ] GC(463) Concurrent Cleanup for Next Mark
[2024-08-28T01:12:49.774+0000][info][gc,marking  ] GC(463) Concurrent Cleanup for Next Mark 1.367ms
[2024-08-28T01:12:49.774+0000][info][gc          ] GC(463) Concurrent Mark Cycle 103.995ms
[2024-08-28T01:12:49.814+0000][info][gc,start    ] GC(465) Pause Young (Prepare Mixed) (G1 Evacuation Pause)
[2024-08-28T01:12:49.814+0000][info][gc,task     ] GC(465) Using 49 workers of 68 for evacuation
[2024-08-28T01:12:49.840+0000][info][gc,phases   ] GC(465)   Pre Evacuate Collection Set: 0.3ms
[2024-08-28T01:12:49.840+0000][info][gc,phases   ] GC(465)   Merge Heap Roots: 1.2ms
[2024-08-28T01:12:49.840+0000][info][gc,phases   ] GC(465)   Evacuate Collection Set: 24.7ms
[2024-08-28T01:12:49.840+0000][info][gc,phases   ] GC(465)   Post Evacuate Collection Set: 0.5ms
[2024-08-28T01:12:49.840+0000][info][gc,phases   ] GC(465)   Other: 0.2ms
[2024-08-28T01:12:49.840+0000][info][gc,heap     ] GC(465) Eden regions: 128->0(84)
[2024-08-28T01:12:49.840+0000][info][gc,heap     ] GC(465) Survivor regions: 13->18(18)
[2024-08-28T01:12:49.840+0000][info][gc,heap     ] GC(465) Old regions: 1422->1548
[2024-08-28T01:12:49.840+0000][info][gc,heap     ] GC(465) Archive regions: 2->2
[2024-08-28T01:12:49.841+0000][info][gc,heap     ] GC(465) Humongous regions: 5->5
[2024-08-28T01:12:49.841+0000][info][gc,metaspace] GC(465) Metaspace: 100K(320K)->100K(320K) NonClass: 96K(192K)->96K(192K) Class: 4K(128K)->4K(128K)
[2024-08-28T01:12:49.841+0000][info][gc          ] GC(465) Pause Young (Prepare Mixed) (G1 Evacuation Pause) 1568M->1571M(2048M) 27.038ms
[2024-08-28T01:12:49.841+0000][info][gc,cpu      ] GC(465) User=1.26s Sys=0.00s Real=0.03s
[2024-08-28T01:12:49.882+0000][info][gc,start    ] GC(466) Pause Young (Mixed) (G1 Evacuation Pause)
[2024-08-28T01:12:49.882+0000][info][gc,task     ] GC(466) Using 49 workers of 68 for evacuation
[2024-08-28T01:12:49.900+0000][info][gc,phases   ] GC(466)   Pre Evacuate Collection Set: 0.4ms
[2024-08-28T01:12:49.900+0000][info][gc,phases   ] GC(466)   Merge Heap Roots: 0.8ms
[2024-08-28T01:12:49.900+0000][info][gc,phases   ] GC(466)   Evacuate Collection Set: 15.9ms
[2024-08-28T01:12:49.900+0000][info][gc,phases   ] GC(466)   Post Evacuate Collection Set: 0.6ms
[2024-08-28T01:12:49.900+0000][info][gc,phases   ] GC(466)   Other: 0.3ms
[2024-08-28T01:12:49.900+0000][info][gc,heap     ] GC(466) Eden regions: 84->0(89)
[2024-08-28T01:12:49.900+0000][info][gc,heap     ] GC(466) Survivor regions: 18->13(13)
[2024-08-28T01:12:49.900+0000][info][gc,heap     ] GC(466) Old regions: 1548->1336
[2024-08-28T01:12:49.900+0000][info][gc,heap     ] GC(466) Archive regions: 2->2
[2024-08-28T01:12:49.900+0000][info][gc,heap     ] GC(466) Humongous regions: 5->5
[2024-08-28T01:12:49.900+0000][info][gc,metaspace] GC(466) Metaspace: 100K(320K)->100K(320K) NonClass: 96K(192K)->96K(192K) Class: 4K(128K)->4K(128K)
[2024-08-28T01:12:49.900+0000][info][gc          ] GC(466) Pause Young (Mixed) (G1 Evacuation Pause) 1655M->1354M(2048M) 18.114ms
[2024-08-28T01:12:49.901+0000][info][gc,cpu      ] GC(466) User=0.80s Sys=0.01s Real=0.02s
[2024-08-28T01:12:49.945+0000][info][gc,start    ] GC(467) Pause Young (Mixed) (G1 Evacuation Pause)
[2024-08-28T01:12:49.945+0000][info][gc,task     ] GC(467) Using 49 workers of 68 for evacuation
[2024-08-28T01:12:49.963+0000][info][gc,phases   ] GC(467)   Pre Evacuate Collection Set: 0.5ms
[2024-08-28T01:12:49.963+0000][info][gc,phases   ] GC(467)   Merge Heap Roots: 0.8ms
[2024-08-28T01:12:49.963+0000][info][gc,phases   ] GC(467)   Evacuate Collection Set: 15.7ms
[2024-08-28T01:12:49.963+0000][info][gc,phases   ] GC(467)   Post Evacuate Collection Set: 0.7ms
[2024-08-28T01:12:49.963+0000][info][gc,phases   ] GC(467)   Other: 0.3ms
[2024-08-28T01:12:49.963+0000][info][gc,heap     ] GC(467) Eden regions: 89->0(89)
[2024-08-28T01:12:49.963+0000][info][gc,heap     ] GC(467) Survivor regions: 13->13(13)
[2024-08-28T01:12:49.963+0000][info][gc,heap     ] GC(467) Old regions: 1336->1122
[2024-08-28T01:12:49.963+0000][info][gc,heap     ] GC(467) Archive regions: 2->2
[2024-08-28T01:12:49.963+0000][info][gc,heap     ] GC(467) Humongous regions: 5->5
[2024-08-28T01:12:49.963+0000][info][gc,metaspace] GC(467) Metaspace: 100K(320K)->100K(320K) NonClass: 96K(192K)->96K(192K) Class: 4K(128K)->4K(128K)
[2024-08-28T01:12:49.963+0000][info][gc          ] GC(467) Pause Young (Mixed) (G1 Evacuation Pause) 1443M->1140M(2048M) 18.069ms
[2024-08-28T01:12:49.963+0000][info][gc,cpu      ] GC(467) User=0.80s Sys=0.00s Real=0.02s
[2024-08-28T01:12:50.006+0000][info][gc,start    ] GC(468) Pause Young (Mixed) (G1 Evacuation Pause)
[2024-08-28T01:12:50.006+0000][info][gc,task     ] GC(468) Using 49 workers of 68 for evacuation
[2024-08-28T01:12:50.024+0000][info][gc,phases   ] GC(468)   Pre Evacuate Collection Set: 0.4ms
[2024-08-28T01:12:50.024+0000][info][gc,phases   ] GC(468)   Merge Heap Roots: 0.8ms
[2024-08-28T01:12:50.024+0000][info][gc,phases   ] GC(468)   Evacuate Collection Set: 15.5ms
[2024-08-28T01:12:50.024+0000][info][gc,phases   ] GC(468)   Post Evacuate Collection Set: 0.6ms
[2024-08-28T01:12:50.024+0000][info][gc,phases   ] GC(468)   Other: 0.3ms
[2024-08-28T01:12:50.024+0000][info][gc,heap     ] GC(468) Eden regions: 89->0(252)
[2024-08-28T01:12:50.024+0000][info][gc,heap     ] GC(468) Survivor regions: 13->13(13)
[2024-08-28T01:12:50.024+0000][info][gc,heap     ] GC(468) Old regions: 1122->1039
[2024-08-28T01:12:50.024+0000][info][gc,heap     ] GC(468) Archive regions: 2->2
[2024-08-28T01:12:50.024+0000][info][gc,heap     ] GC(468) Humongous regions: 5->5
[2024-08-28T01:12:50.024+0000][info][gc,metaspace] GC(468) Metaspace: 100K(320K)->100K(320K) NonClass: 96K(192K)->96K(192K) Class: 4K(128K)->4K(128K)
[2024-08-28T01:12:50.024+0000][info][gc          ] GC(468) Pause Young (Mixed) (G1 Evacuation Pause) 1229M->1057M(2048M) 17.595ms
[2024-08-28T01:12:50.024+0000][info][gc,cpu      ] GC(468) User=0.79s Sys=0.00s Real=0.02s
[2024-08-28T01:12:50.147+0000][info][gc,start    ] GC(469) Pause Young (Normal) (G1 Evacuation Pause)
[2024-08-28T01:12:50.147+0000][info][gc,task     ] GC(469) Using 49 workers of 68 for evacuation
[2024-08-28T01:12:50.185+0000][info][gc,phases   ] GC(469)   Pre Evacuate Collection Set: 0.3ms
[2024-08-28T01:12:50.185+0000][info][gc,phases   ] GC(469)   Merge Heap Roots: 1.1ms
[2024-08-28T01:12:50.185+0000][info][gc,phases   ] GC(469)   Evacuate Collection Set: 35.5ms
[2024-08-28T01:12:50.185+0000][info][gc,phases   ] GC(469)   Post Evacuate Collection Set: 0.6ms
[2024-08-28T01:12:50.185+0000][info][gc,phases   ] GC(469)   Other: 0.3ms
[2024-08-28T01:12:50.185+0000][info][gc,heap     ] GC(469) Eden regions: 252->0(172)
[2024-08-28T01:12:50.185+0000][info][gc,heap     ] GC(469) Survivor regions: 13->34(34)
[2024-08-28T01:12:50.185+0000][info][gc,heap     ] GC(469) Old regions: 1039->1264
[2024-08-28T01:12:50.185+0000][info][gc,heap     ] GC(469) Archive regions: 2->2
[2024-08-28T01:12:50.185+0000][info][gc,heap     ] GC(469) Humongous regions: 5->5
[2024-08-28T01:12:50.185+0000][info][gc,metaspace] GC(469) Metaspace: 100K(320K)->100K(320K) NonClass: 96K(192K)->96K(192K) Class: 4K(128K)->4K(128K)
[2024-08-28T01:12:50.185+0000][info][gc          ] GC(469) Pause Young (Normal) (G1 Evacuation Pause) 1309M->1303M(2048M) 37.866ms
[2024-08-28T01:12:50.185+0000][info][gc,cpu      ] GC(469) User=1.77s Sys=0.00s Real=0.04s
[2024-08-28T01:12:50.268+0000][info][gc,start    ] GC(470) Pause Young (Normal) (G1 Evacuation Pause)
[2024-08-28T01:12:50.268+0000][info][gc,task     ] GC(470) Using 49 workers of 68 for evacuation
[2024-08-28T01:12:50.300+0000][info][gc,phases   ] GC(470)   Pre Evacuate Collection Set: 0.3ms
[2024-08-28T01:12:50.301+0000][info][gc,phases   ] GC(470)   Merge Heap Roots: 1.1ms
[2024-08-28T01:12:50.301+0000][info][gc,phases   ] GC(470)   Evacuate Collection Set: 30.0ms
[2024-08-28T01:12:50.301+0000][info][gc,phases   ] GC(470)   Post Evacuate Collection Set: 0.6ms
[2024-08-28T01:12:50.301+0000][info][gc,phases   ] GC(470)   Other: 0.2ms
[2024-08-28T01:12:50.301+0000][info][gc,heap     ] GC(470) Eden regions: 172->0(116)
[2024-08-28T01:12:50.301+0000][info][gc,heap     ] GC(470) Survivor regions: 34->26(26)
[2024-08-28T01:12:50.301+0000][info][gc,heap     ] GC(470) Old regions: 1264->1446
[2024-08-28T01:12:50.301+0000][info][gc,heap     ] GC(470) Archive regions: 2->2
[2024-08-28T01:12:50.301+0000][info][gc,heap     ] GC(470) Humongous regions: 5->5
[2024-08-28T01:12:50.301+0000][info][gc,metaspace] GC(470) Metaspace: 100K(320K)->100K(320K) NonClass: 96K(192K)->96K(192K) Class: 4K(128K)->4K(128K)
[2024-08-28T01:12:50.301+0000][info][gc          ] GC(470) Pause Young (Normal) (G1 Evacuation Pause) 1475M->1477M(2048M) 32.267ms
[2024-08-28T01:12:50.301+0000][info][gc,cpu      ] GC(470) User=1.51s Sys=0.00s Real=0.04s
[2024-08-28T01:12:50.359+0000][info][gc,start    ] GC(471) Pause Young (Concurrent Start) (G1 Evacuation Pause)
[2024-08-28T01:12:50.359+0000][info][gc,task     ] GC(471) Using 49 workers of 68 for evacuation
[2024-08-28T01:12:50.384+0000][info][gc,phases   ] GC(471)   Pre Evacuate Collection Set: 0.3ms
[2024-08-28T01:12:50.384+0000][info][gc,phases   ] GC(471)   Merge Heap Roots: 1.0ms
[2024-08-28T01:12:50.384+0000][info][gc,phases   ] GC(471)   Evacuate Collection Set: 22.8ms
[2024-08-28T01:12:50.384+0000][info][gc,phases   ] GC(471)   Post Evacuate Collection Set: 0.5ms
[2024-08-28T01:12:50.384+0000][info][gc,phases   ] GC(471)   Other: 0.8ms
[2024-08-28T01:12:50.384+0000][info][gc,heap     ] GC(471) Eden regions: 116->0(84)
[2024-08-28T01:12:50.384+0000][info][gc,heap     ] GC(471) Survivor regions: 26->18(18)
[2024-08-28T01:12:50.384+0000][info][gc,heap     ] GC(471) Old regions: 1446->1576
[2024-08-28T01:12:50.384+0000][info][gc,heap     ] GC(471) Archive regions: 2->2
[2024-08-28T01:12:50.384+0000][info][gc,heap     ] GC(471) Humongous regions: 5->5
[2024-08-28T01:12:50.384+0000][info][gc,metaspace] GC(471) Metaspace: 100K(320K)->100K(320K) NonClass: 96K(192K)->96K(192K) Class: 4K(128K)->4K(128K)
[2024-08-28T01:12:50.384+0000][info][gc          ] GC(471) Pause Young (Concurrent Start) (G1 Evacuation Pause) 1593M->1599M(2048M) 25.478ms
[2024-08-28T01:12:50.384+0000][info][gc,cpu      ] GC(471) User=1.15s Sys=0.00s Real=0.02s
[2024-08-28T01:12:50.384+0000][info][gc          ] GC(472) Concurrent Mark Cycle
[2024-08-28T01:12:50.384+0000][info][gc,marking  ] GC(472) Concurrent Clear Claimed Marks
[2024-08-28T01:12:50.384+0000][info][gc,marking  ] GC(472) Concurrent Clear Claimed Marks 0.011ms
[2024-08-28T01:12:50.384+0000][info][gc,marking  ] GC(472) Concurrent Scan Root Regions
[2024-08-28T01:12:50.388+0000][info][gc,marking  ] GC(472) Concurrent Scan Root Regions 3.622ms
[2024-08-28T01:12:50.388+0000][info][gc,marking  ] GC(472) Concurrent Mark
[2024-08-28T01:12:50.388+0000][info][gc,marking  ] GC(472) Concurrent Mark From Roots
[2024-08-28T01:12:50.388+0000][info][gc,task     ] GC(472) Using 17 workers of 17 for marking
[2024-08-28T01:12:50.407+0000][info][gc,marking  ] GC(472) Concurrent Mark From Roots 18.940ms
[2024-08-28T01:12:50.407+0000][info][gc,marking  ] GC(472) Concurrent Preclean
[2024-08-28T01:12:50.407+0000][info][gc,marking  ] GC(472) Concurrent Preclean 0.507ms
[2024-08-28T01:12:50.408+0000][info][gc,start    ] GC(472) Pause Remark
[2024-08-28T01:12:50.410+0000][info][gc          ] GC(472) Pause Remark 1629M->1384M(2048M) 2.424ms
[2024-08-28T01:12:50.410+0000][info][gc,cpu      ] GC(472) User=0.02s Sys=0.00s Real=0.01s
[2024-08-28T01:12:50.410+0000][info][gc,marking  ] GC(472) Concurrent Mark 22.308ms
[2024-08-28T01:12:50.410+0000][info][gc,marking  ] GC(472) Concurrent Rebuild Remembered Sets
[2024-08-28T01:12:50.438+0000][info][gc,start    ] GC(473) Pause Young (Normal) (G1 Evacuation Pause)
[2024-08-28T01:12:50.438+0000][info][gc,task     ] GC(473) Using 49 workers of 68 for evacuation
[2024-08-28T01:12:50.456+0000][info][gc,phases   ] GC(473)   Pre Evacuate Collection Set: 0.4ms
[2024-08-28T01:12:50.457+0000][info][gc,phases   ] GC(473)   Merge Heap Roots: 0.9ms
[2024-08-28T01:12:50.457+0000][info][gc,phases   ] GC(473)   Evacuate Collection Set: 16.4ms
[2024-08-28T01:12:50.457+0000][info][gc,phases   ] GC(473)   Post Evacuate Collection Set: 0.8ms
[2024-08-28T01:12:50.457+0000][info][gc,phases   ] GC(473)   Other: 0.3ms
[2024-08-28T01:12:50.457+0000][info][gc,heap     ] GC(473) Eden regions: 84->0(125)
[2024-08-28T01:12:50.457+0000][info][gc,heap     ] GC(473) Survivor regions: 18->13(13)
[2024-08-28T01:12:50.457+0000][info][gc,heap     ] GC(473) Old regions: 1331->1430
[2024-08-28T01:12:50.457+0000][info][gc,heap     ] GC(473) Archive regions: 2->2
[2024-08-28T01:12:50.457+0000][info][gc,heap     ] GC(473) Humongous regions: 5->5
[2024-08-28T01:12:50.457+0000][info][gc,metaspace] GC(473) Metaspace: 100K(320K)->100K(320K) NonClass: 96K(192K)->96K(192K) Class: 4K(128K)->4K(128K)
[2024-08-28T01:12:50.457+0000][info][gc          ] GC(473) Pause Young (Normal) (G1 Evacuation Pause) 1438M->1448M(2048M) 18.784ms
[2024-08-28T01:12:50.457+0000][info][gc,cpu      ] GC(473) User=0.84s Sys=0.01s Real=0.01s
[2024-08-28T01:12:50.480+0000][info][gc,marking  ] GC(472) Concurrent Rebuild Remembered Sets 69.845ms
[2024-08-28T01:12:50.480+0000][info][gc,start    ] GC(472) Pause Cleanup
[2024-08-28T01:12:50.484+0000][info][gc          ] GC(472) Pause Cleanup 1458M->1458M(2048M) 3.776ms
[2024-08-28T01:12:50.484+0000][info][gc,cpu      ] GC(472) User=0.01s Sys=0.00s Real=0.00s
[2024-08-28T01:12:50.484+0000][info][gc,marking  ] GC(472) Concurrent Cleanup for Next Mark
[2024-08-28T01:12:50.485+0000][info][gc,marking  ] GC(472) Concurrent Cleanup for Next Mark 1.225ms
[2024-08-28T01:12:50.485+0000][info][gc          ] GC(472) Concurrent Mark Cycle 101.353ms
[2024-08-28T01:12:50.486+0000][info][gc,heap,exit] Heap
[2024-08-28T01:12:50.486+0000][info][gc,heap,exit]  garbage-first heap   total 2097152K, used 1493472K [0x0000000080000000, 0x0000000100000000)
[2024-08-28T01:12:50.486+0000][info][gc,heap,exit]   region size 1024K, 23 young (23552K), 13 survivors (13312K)
[2024-08-28T01:12:50.486+0000][info][gc,heap,exit]  Metaspace       used 207K, committed 384K, reserved 1114112K
[2024-08-28T01:12:50.486+0000][info][gc,heap,exit]   class space    used 7K, committed 128K, reserved 1048576K
