[2024-08-27T15:00:31.798+0000][info][gc] Using G1
[2024-08-27T15:00:31.815+0000][info][gc,init] Version: 17.0.7+7-Ubuntu-0ubuntu118.04 (release)
[2024-08-27T15:00:31.815+0000][info][gc,init] CPUs: 104 total, 104 available
[2024-08-27T15:00:31.815+0000][info][gc,init] Memory: 251G
[2024-08-27T15:00:31.815+0000][info][gc,init] Large Page Support: Disabled
[2024-08-27T15:00:31.815+0000][info][gc,init] NUMA Support: Disabled
[2024-08-27T15:00:31.815+0000][info][gc,init] Compressed Oops: Enabled (32-bit)
[2024-08-27T15:00:31.815+0000][info][gc,init] Heap Region Size: 1M
[2024-08-27T15:00:31.815+0000][info][gc,init] Heap Min Capacity: 8M
[2024-08-27T15:00:31.815+0000][info][gc,init] Heap Initial Capacity: 1G
[2024-08-27T15:00:31.815+0000][info][gc,init] Heap Max Capacity: 1G
[2024-08-27T15:00:31.815+0000][info][gc,init] Pre-touch: Disabled
[2024-08-27T15:00:31.815+0000][info][gc,init] Parallel Workers: 68
[2024-08-27T15:00:31.815+0000][info][gc,init] Concurrent Workers: 17
[2024-08-27T15:00:31.815+0000][info][gc,init] Concurrent Refinement Workers: 68
[2024-08-27T15:00:31.815+0000][info][gc,init] Periodic GC: Disabled
[2024-08-27T15:00:31.815+0000][info][gc,metaspace] CDS archive(s) mapped at: [0x0000000800000000-0x0000000800be2000-0x0000000800be2000), size 12460032, SharedBaseAddress: 0x0000000800000000, ArchiveRelocationMode: 0.
[2024-08-27T15:00:31.815+0000][info][gc,metaspace] Compressed class space mapped at: 0x0000000801000000-0x0000000841000000, reserved size: 1073741824
[2024-08-27T15:00:31.815+0000][info][gc,metaspace] Narrow klass base: 0x0000000800000000, Narrow klass shift: 0, Narrow klass range: 0x100000000
[2024-08-27T15:00:31.902+0000][info][gc,start    ] GC(0) Pause Young (Normal) (G1 Evacuation Pause)
[2024-08-27T15:00:31.906+0000][info][gc,task     ] GC(0) Using 24 workers of 68 for evacuation
[2024-08-27T15:00:31.917+0000][info][gc,phases   ] GC(0)   Pre Evacuate Collection Set: 0.3ms
[2024-08-27T15:00:31.917+0000][info][gc,phases   ] GC(0)   Merge Heap Roots: 0.2ms
[2024-08-27T15:00:31.917+0000][info][gc,phases   ] GC(0)   Evacuate Collection Set: 9.7ms
[2024-08-27T15:00:31.917+0000][info][gc,phases   ] GC(0)   Post Evacuate Collection Set: 0.4ms
[2024-08-27T15:00:31.917+0000][info][gc,phases   ] GC(0)   Other: 4.4ms
[2024-08-27T15:00:31.917+0000][info][gc,heap     ] GC(0) Eden regions: 51->0(44)
[2024-08-27T15:00:31.917+0000][info][gc,heap     ] GC(0) Survivor regions: 0->7(7)
[2024-08-27T15:00:31.917+0000][info][gc,heap     ] GC(0) Old regions: 0->44
[2024-08-27T15:00:31.917+0000][info][gc,heap     ] GC(0) Archive regions: 2->2
[2024-08-27T15:00:31.917+0000][info][gc,heap     ] GC(0) Humongous regions: 0->0
[2024-08-27T15:00:31.917+0000][info][gc,metaspace] GC(0) Metaspace: 96K(320K)->96K(320K) NonClass: 91K(192K)->91K(192K) Class: 4K(128K)->4K(128K)
[2024-08-27T15:00:31.917+0000][info][gc          ] GC(0) Pause Young (Normal) (G1 Evacuation Pause) 51M->51M(1024M) 15.105ms
[2024-08-27T15:00:31.917+0000][info][gc,cpu      ] GC(0) User=0.04s Sys=0.19s Real=0.01s
[2024-08-27T15:00:31.938+0000][info][gc,start    ] GC(1) Pause Young (Normal) (G1 Evacuation Pause)
[2024-08-27T15:00:31.938+0000][info][gc,task     ] GC(1) Using 24 workers of 68 for evacuation
[2024-08-27T15:00:31.946+0000][info][gc,phases   ] GC(1)   Pre Evacuate Collection Set: 0.2ms
[2024-08-27T15:00:31.946+0000][info][gc,phases   ] GC(1)   Merge Heap Roots: 0.3ms
[2024-08-27T15:00:31.946+0000][info][gc,phases   ] GC(1)   Evacuate Collection Set: 6.9ms
[2024-08-27T15:00:31.946+0000][info][gc,phases   ] GC(1)   Post Evacuate Collection Set: 0.3ms
[2024-08-27T15:00:31.946+0000][info][gc,phases   ] GC(1)   Other: 0.3ms
[2024-08-27T15:00:31.946+0000][info][gc,heap     ] GC(1) Eden regions: 44->0(44)
[2024-08-27T15:00:31.946+0000][info][gc,heap     ] GC(1) Survivor regions: 7->7(7)
[2024-08-27T15:00:31.946+0000][info][gc,heap     ] GC(1) Old regions: 44->90
[2024-08-27T15:00:31.946+0000][info][gc,heap     ] GC(1) Archive regions: 2->2
[2024-08-27T15:00:31.946+0000][info][gc,heap     ] GC(1) Humongous regions: 1->1
[2024-08-27T15:00:31.946+0000][info][gc,metaspace] GC(1) Metaspace: 97K(320K)->97K(320K) NonClass: 93K(192K)->93K(192K) Class: 4K(128K)->4K(128K)
[2024-08-27T15:00:31.946+0000][info][gc          ] GC(1) Pause Young (Normal) (G1 Evacuation Pause) 96M->98M(1024M) 8.102ms
[2024-08-27T15:00:31.946+0000][info][gc,cpu      ] GC(1) User=0.12s Sys=0.05s Real=0.00s
[2024-08-27T15:00:31.968+0000][info][gc,start    ] GC(2) Pause Young (Normal) (G1 Evacuation Pause)
[2024-08-27T15:00:31.968+0000][info][gc,task     ] GC(2) Using 24 workers of 68 for evacuation
[2024-08-27T15:00:31.976+0000][info][gc,phases   ] GC(2)   Pre Evacuate Collection Set: 0.2ms
[2024-08-27T15:00:31.976+0000][info][gc,phases   ] GC(2)   Merge Heap Roots: 0.1ms
[2024-08-27T15:00:31.976+0000][info][gc,phases   ] GC(2)   Evacuate Collection Set: 7.5ms
[2024-08-27T15:00:31.976+0000][info][gc,phases   ] GC(2)   Post Evacuate Collection Set: 0.4ms
[2024-08-27T15:00:31.976+0000][info][gc,phases   ] GC(2)   Other: 0.2ms
[2024-08-27T15:00:31.976+0000][info][gc,heap     ] GC(2) Eden regions: 44->0(44)
[2024-08-27T15:00:31.976+0000][info][gc,heap     ] GC(2) Survivor regions: 7->7(7)
[2024-08-27T15:00:31.976+0000][info][gc,heap     ] GC(2) Old regions: 90->137
[2024-08-27T15:00:31.976+0000][info][gc,heap     ] GC(2) Archive regions: 2->2
[2024-08-27T15:00:31.976+0000][info][gc,heap     ] GC(2) Humongous regions: 3->3
[2024-08-27T15:00:31.976+0000][info][gc,metaspace] GC(2) Metaspace: 97K(320K)->97K(320K) NonClass: 93K(192K)->93K(192K) Class: 4K(128K)->4K(128K)
[2024-08-27T15:00:31.976+0000][info][gc          ] GC(2) Pause Young (Normal) (G1 Evacuation Pause) 144M->147M(1024M) 8.544ms
[2024-08-27T15:00:31.976+0000][info][gc,cpu      ] GC(2) User=0.09s Sys=0.09s Real=0.01s
[2024-08-27T15:00:31.989+0000][info][gc,start    ] GC(3) Pause Young (Normal) (G1 Evacuation Pause)
[2024-08-27T15:00:31.989+0000][info][gc,task     ] GC(3) Using 24 workers of 68 for evacuation
[2024-08-27T15:00:31.996+0000][info][gc,phases   ] GC(3)   Pre Evacuate Collection Set: 0.2ms
[2024-08-27T15:00:31.996+0000][info][gc,phases   ] GC(3)   Merge Heap Roots: 0.1ms
[2024-08-27T15:00:31.996+0000][info][gc,phases   ] GC(3)   Evacuate Collection Set: 6.7ms
[2024-08-27T15:00:31.996+0000][info][gc,phases   ] GC(3)   Post Evacuate Collection Set: 0.3ms
[2024-08-27T15:00:31.996+0000][info][gc,phases   ] GC(3)   Other: 0.2ms
[2024-08-27T15:00:31.996+0000][info][gc,heap     ] GC(3) Eden regions: 44->0(44)
[2024-08-27T15:00:31.996+0000][info][gc,heap     ] GC(3) Survivor regions: 7->7(7)
[2024-08-27T15:00:31.996+0000][info][gc,heap     ] GC(3) Old regions: 137->184
[2024-08-27T15:00:31.996+0000][info][gc,heap     ] GC(3) Archive regions: 2->2
[2024-08-27T15:00:31.996+0000][info][gc,heap     ] GC(3) Humongous regions: 3->3
[2024-08-27T15:00:31.996+0000][info][gc,metaspace] GC(3) Metaspace: 97K(320K)->97K(320K) NonClass: 93K(192K)->93K(192K) Class: 4K(128K)->4K(128K)
[2024-08-27T15:00:31.996+0000][info][gc          ] GC(3) Pause Young (Normal) (G1 Evacuation Pause) 191M->194M(1024M) 7.507ms
[2024-08-27T15:00:31.996+0000][info][gc,cpu      ] GC(3) User=0.12s Sys=0.04s Real=0.01s
[2024-08-27T15:00:32.026+0000][info][gc,start    ] GC(4) Pause Young (Normal) (G1 Evacuation Pause)
[2024-08-27T15:00:32.026+0000][info][gc,task     ] GC(4) Using 24 workers of 68 for evacuation
[2024-08-27T15:00:32.034+0000][info][gc,phases   ] GC(4)   Pre Evacuate Collection Set: 0.1ms
[2024-08-27T15:00:32.034+0000][info][gc,phases   ] GC(4)   Merge Heap Roots: 0.1ms
[2024-08-27T15:00:32.034+0000][info][gc,phases   ] GC(4)   Evacuate Collection Set: 7.0ms
[2024-08-27T15:00:32.034+0000][info][gc,phases   ] GC(4)   Post Evacuate Collection Set: 0.3ms
[2024-08-27T15:00:32.034+0000][info][gc,phases   ] GC(4)   Other: 0.2ms
[2024-08-27T15:00:32.034+0000][info][gc,heap     ] GC(4) Eden regions: 44->0(44)
[2024-08-27T15:00:32.034+0000][info][gc,heap     ] GC(4) Survivor regions: 7->7(7)
[2024-08-27T15:00:32.034+0000][info][gc,heap     ] GC(4) Old regions: 184->230
[2024-08-27T15:00:32.034+0000][info][gc,heap     ] GC(4) Archive regions: 2->2
[2024-08-27T15:00:32.034+0000][info][gc,heap     ] GC(4) Humongous regions: 6->6
[2024-08-27T15:00:32.034+0000][info][gc,metaspace] GC(4) Metaspace: 97K(320K)->97K(320K) NonClass: 93K(192K)->93K(192K) Class: 4K(128K)->4K(128K)
[2024-08-27T15:00:32.034+0000][info][gc          ] GC(4) Pause Young (Normal) (G1 Evacuation Pause) 241M->243M(1024M) 7.938ms
[2024-08-27T15:00:32.034+0000][info][gc,cpu      ] GC(4) User=0.09s Sys=0.07s Real=0.01s
[2024-08-27T15:00:32.049+0000][info][gc,start    ] GC(5) Pause Young (Normal) (G1 Evacuation Pause)
[2024-08-27T15:00:32.049+0000][info][gc,task     ] GC(5) Using 24 workers of 68 for evacuation
[2024-08-27T15:00:32.057+0000][info][gc,phases   ] GC(5)   Pre Evacuate Collection Set: 0.2ms
[2024-08-27T15:00:32.057+0000][info][gc,phases   ] GC(5)   Merge Heap Roots: 0.2ms
[2024-08-27T15:00:32.057+0000][info][gc,phases   ] GC(5)   Evacuate Collection Set: 7.5ms
[2024-08-27T15:00:32.057+0000][info][gc,phases   ] GC(5)   Post Evacuate Collection Set: 0.3ms
[2024-08-27T15:00:32.057+0000][info][gc,phases   ] GC(5)   Other: 0.2ms
[2024-08-27T15:00:32.057+0000][info][gc,heap     ] GC(5) Eden regions: 44->0(62)
[2024-08-27T15:00:32.057+0000][info][gc,heap     ] GC(5) Survivor regions: 7->7(7)
[2024-08-27T15:00:32.057+0000][info][gc,heap     ] GC(5) Old regions: 230->278
[2024-08-27T15:00:32.057+0000][info][gc,heap     ] GC(5) Archive regions: 2->2
[2024-08-27T15:00:32.057+0000][info][gc,heap     ] GC(5) Humongous regions: 6->6
[2024-08-27T15:00:32.057+0000][info][gc,metaspace] GC(5) Metaspace: 97K(320K)->97K(320K) NonClass: 93K(192K)->93K(192K) Class: 4K(128K)->4K(128K)
[2024-08-27T15:00:32.057+0000][info][gc          ] GC(5) Pause Young (Normal) (G1 Evacuation Pause) 287M->291M(1024M) 8.592ms
[2024-08-27T15:00:32.057+0000][info][gc,cpu      ] GC(5) User=0.13s Sys=0.05s Real=0.01s
[2024-08-27T15:00:32.082+0000][info][gc,start    ] GC(6) Pause Young (Normal) (G1 Evacuation Pause)
[2024-08-27T15:00:32.083+0000][info][gc,task     ] GC(6) Using 24 workers of 68 for evacuation
[2024-08-27T15:00:32.093+0000][info][gc,phases   ] GC(6)   Pre Evacuate Collection Set: 0.2ms
[2024-08-27T15:00:32.093+0000][info][gc,phases   ] GC(6)   Merge Heap Roots: 0.2ms
[2024-08-27T15:00:32.093+0000][info][gc,phases   ] GC(6)   Evacuate Collection Set: 9.7ms
[2024-08-27T15:00:32.093+0000][info][gc,phases   ] GC(6)   Post Evacuate Collection Set: 0.4ms
[2024-08-27T15:00:32.093+0000][info][gc,phases   ] GC(6)   Other: 0.3ms
[2024-08-27T15:00:32.093+0000][info][gc,heap     ] GC(6) Eden regions: 62->0(80)
[2024-08-27T15:00:32.093+0000][info][gc,heap     ] GC(6) Survivor regions: 7->9(9)
[2024-08-27T15:00:32.093+0000][info][gc,heap     ] GC(6) Old regions: 278->341
[2024-08-27T15:00:32.093+0000][info][gc,heap     ] GC(6) Archive regions: 2->2
[2024-08-27T15:00:32.093+0000][info][gc,heap     ] GC(6) Humongous regions: 6->6
[2024-08-27T15:00:32.093+0000][info][gc,metaspace] GC(6) Metaspace: 97K(320K)->97K(320K) NonClass: 93K(192K)->93K(192K) Class: 4K(128K)->4K(128K)
[2024-08-27T15:00:32.093+0000][info][gc          ] GC(6) Pause Young (Normal) (G1 Evacuation Pause) 353M->356M(1024M) 10.934ms
[2024-08-27T15:00:32.093+0000][info][gc,cpu      ] GC(6) User=0.11s Sys=0.13s Real=0.01s
[2024-08-27T15:00:32.126+0000][info][gc,start    ] GC(7) Pause Young (Normal) (G1 Evacuation Pause)
[2024-08-27T15:00:32.127+0000][info][gc,task     ] GC(7) Using 24 workers of 68 for evacuation
[2024-08-27T15:00:32.140+0000][info][gc,phases   ] GC(7)   Pre Evacuate Collection Set: 0.2ms
[2024-08-27T15:00:32.140+0000][info][gc,phases   ] GC(7)   Merge Heap Roots: 0.2ms
[2024-08-27T15:00:32.140+0000][info][gc,phases   ] GC(7)   Evacuate Collection Set: 12.5ms
[2024-08-27T15:00:32.140+0000][info][gc,phases   ] GC(7)   Post Evacuate Collection Set: 0.4ms
[2024-08-27T15:00:32.140+0000][info][gc,phases   ] GC(7)   Other: 0.3ms
[2024-08-27T15:00:32.140+0000][info][gc,heap     ] GC(7) Eden regions: 80->0(95)
[2024-08-27T15:00:32.140+0000][info][gc,heap     ] GC(7) Survivor regions: 9->12(12)
[2024-08-27T15:00:32.140+0000][info][gc,heap     ] GC(7) Old regions: 341->421
[2024-08-27T15:00:32.140+0000][info][gc,heap     ] GC(7) Archive regions: 2->2
[2024-08-27T15:00:32.140+0000][info][gc,heap     ] GC(7) Humongous regions: 6->6
[2024-08-27T15:00:32.140+0000][info][gc,metaspace] GC(7) Metaspace: 97K(320K)->97K(320K) NonClass: 93K(192K)->93K(192K) Class: 4K(128K)->4K(128K)
[2024-08-27T15:00:32.140+0000][info][gc          ] GC(7) Pause Young (Normal) (G1 Evacuation Pause) 436M->439M(1024M) 13.716ms
[2024-08-27T15:00:32.140+0000][info][gc,cpu      ] GC(7) User=0.20s Sys=0.10s Real=0.02s
[2024-08-27T15:00:32.243+0000][info][gc,start    ] GC(8) Pause Young (Normal) (G1 Evacuation Pause)
[2024-08-27T15:00:32.243+0000][info][gc,task     ] GC(8) Using 24 workers of 68 for evacuation
[2024-08-27T15:00:32.258+0000][info][gc,phases   ] GC(8)   Pre Evacuate Collection Set: 0.2ms
[2024-08-27T15:00:32.258+0000][info][gc,phases   ] GC(8)   Merge Heap Roots: 0.3ms
[2024-08-27T15:00:32.258+0000][info][gc,phases   ] GC(8)   Evacuate Collection Set: 14.6ms
[2024-08-27T15:00:32.258+0000][info][gc,phases   ] GC(8)   Post Evacuate Collection Set: 0.4ms
[2024-08-27T15:00:32.258+0000][info][gc,phases   ] GC(8)   Other: 0.2ms
[2024-08-27T15:00:32.258+0000][info][gc,heap     ] GC(8) Eden regions: 95->0(98)
[2024-08-27T15:00:32.258+0000][info][gc,heap     ] GC(8) Survivor regions: 12->14(14)
[2024-08-27T15:00:32.258+0000][info][gc,heap     ] GC(8) Old regions: 421->516
[2024-08-27T15:00:32.258+0000][info][gc,heap     ] GC(8) Archive regions: 2->2
[2024-08-27T15:00:32.258+0000][info][gc,heap     ] GC(8) Humongous regions: 11->11
[2024-08-27T15:00:32.258+0000][info][gc,metaspace] GC(8) Metaspace: 100K(320K)->100K(320K) NonClass: 96K(192K)->96K(192K) Class: 4K(128K)->4K(128K)
[2024-08-27T15:00:32.258+0000][info][gc          ] GC(8) Pause Young (Normal) (G1 Evacuation Pause) 539M->541M(1024M) 15.715ms
[2024-08-27T15:00:32.258+0000][info][gc,cpu      ] GC(8) User=0.25s Sys=0.13s Real=0.02s
[2024-08-27T15:00:32.326+0000][info][gc,start    ] GC(9) Pause Young (Concurrent Start) (G1 Evacuation Pause)
[2024-08-27T15:00:32.326+0000][info][gc,task     ] GC(9) Using 24 workers of 68 for evacuation
[2024-08-27T15:00:32.344+0000][info][gc,phases   ] GC(9)   Pre Evacuate Collection Set: 0.2ms
[2024-08-27T15:00:32.344+0000][info][gc,phases   ] GC(9)   Merge Heap Roots: 0.3ms
[2024-08-27T15:00:32.344+0000][info][gc,phases   ] GC(9)   Evacuate Collection Set: 15.5ms
[2024-08-27T15:00:32.344+0000][info][gc,phases   ] GC(9)   Post Evacuate Collection Set: 0.6ms
[2024-08-27T15:00:32.344+0000][info][gc,phases   ] GC(9)   Other: 1.1ms
[2024-08-27T15:00:32.344+0000][info][gc,heap     ] GC(9) Eden regions: 98->0(87)
[2024-08-27T15:00:32.344+0000][info][gc,heap     ] GC(9) Survivor regions: 14->14(14)
[2024-08-27T15:00:32.344+0000][info][gc,heap     ] GC(9) Old regions: 516->616
[2024-08-27T15:00:32.344+0000][info][gc,heap     ] GC(9) Archive regions: 2->2
[2024-08-27T15:00:32.344+0000][info][gc,heap     ] GC(9) Humongous regions: 11->11
[2024-08-27T15:00:32.344+0000][info][gc,metaspace] GC(9) Metaspace: 100K(320K)->100K(320K) NonClass: 96K(192K)->96K(192K) Class: 4K(128K)->4K(128K)
[2024-08-27T15:00:32.344+0000][info][gc          ] GC(9) Pause Young (Concurrent Start) (G1 Evacuation Pause) 639M->641M(1024M) 17.922ms
[2024-08-27T15:00:32.344+0000][info][gc,cpu      ] GC(9) User=0.24s Sys=0.11s Real=0.02s
[2024-08-27T15:00:32.344+0000][info][gc          ] GC(10) Concurrent Mark Cycle
[2024-08-27T15:00:32.344+0000][info][gc,marking  ] GC(10) Concurrent Clear Claimed Marks
[2024-08-27T15:00:32.344+0000][info][gc,marking  ] GC(10) Concurrent Clear Claimed Marks 0.012ms
[2024-08-27T15:00:32.344+0000][info][gc,marking  ] GC(10) Concurrent Scan Root Regions
[2024-08-27T15:00:32.361+0000][info][gc,marking  ] GC(10) Concurrent Scan Root Regions 16.953ms
[2024-08-27T15:00:32.361+0000][info][gc,marking  ] GC(10) Concurrent Mark
[2024-08-27T15:00:32.361+0000][info][gc,marking  ] GC(10) Concurrent Mark From Roots
[2024-08-27T15:00:32.361+0000][info][gc,task     ] GC(10) Using 17 workers of 17 for marking
[2024-08-27T15:00:32.386+0000][info][gc,marking  ] GC(10) Concurrent Mark From Roots 24.547ms
[2024-08-27T15:00:32.386+0000][info][gc,marking  ] GC(10) Concurrent Preclean
[2024-08-27T15:00:32.386+0000][info][gc,marking  ] GC(10) Concurrent Preclean 0.652ms
[2024-08-27T15:00:32.387+0000][info][gc,start    ] GC(10) Pause Remark
[2024-08-27T15:00:32.388+0000][info][gc          ] GC(10) Pause Remark 673M->667M(1024M) 1.638ms
[2024-08-27T15:00:32.388+0000][info][gc,cpu      ] GC(10) User=0.00s Sys=0.01s Real=0.00s
[2024-08-27T15:00:32.389+0000][info][gc,marking  ] GC(10) Concurrent Mark 27.349ms
[2024-08-27T15:00:32.389+0000][info][gc,marking  ] GC(10) Concurrent Rebuild Remembered Sets
[2024-08-27T15:00:32.436+0000][info][gc,start    ] GC(11) Pause Young (Normal) (G1 Evacuation Pause)
[2024-08-27T15:00:32.436+0000][info][gc,task     ] GC(11) Using 24 workers of 68 for evacuation
[2024-08-27T15:00:32.452+0000][info][gc,phases   ] GC(11)   Pre Evacuate Collection Set: 0.2ms
[2024-08-27T15:00:32.452+0000][info][gc,phases   ] GC(11)   Merge Heap Roots: 0.6ms
[2024-08-27T15:00:32.452+0000][info][gc,phases   ] GC(11)   Evacuate Collection Set: 15.2ms
[2024-08-27T15:00:32.452+0000][info][gc,phases   ] GC(11)   Post Evacuate Collection Set: 0.7ms
[2024-08-27T15:00:32.452+0000][info][gc,phases   ] GC(11)   Other: 0.3ms
[2024-08-27T15:00:32.452+0000][info][gc,heap     ] GC(11) Eden regions: 87->0(61)
[2024-08-27T15:00:32.452+0000][info][gc,heap     ] GC(11) Survivor regions: 14->13(13)
[2024-08-27T15:00:32.453+0000][info][gc,heap     ] GC(11) Old regions: 616->706
[2024-08-27T15:00:32.453+0000][info][gc,heap     ] GC(11) Archive regions: 2->2
[2024-08-27T15:00:32.453+0000][info][gc,heap     ] GC(11) Humongous regions: 5->5
[2024-08-27T15:00:32.453+0000][info][gc,metaspace] GC(11) Metaspace: 100K(320K)->100K(320K) NonClass: 96K(192K)->96K(192K) Class: 4K(128K)->4K(128K)
[2024-08-27T15:00:32.453+0000][info][gc          ] GC(11) Pause Young (Normal) (G1 Evacuation Pause) 722M->724M(1024M) 17.017ms
[2024-08-27T15:00:32.453+0000][info][gc,cpu      ] GC(11) User=0.26s Sys=0.12s Real=0.02s
[2024-08-27T15:00:32.484+0000][info][gc,marking  ] GC(10) Concurrent Rebuild Remembered Sets 94.945ms
[2024-08-27T15:00:32.484+0000][info][gc,start    ] GC(10) Pause Cleanup
[2024-08-27T15:00:32.485+0000][info][gc          ] GC(10) Pause Cleanup 747M->747M(1024M) 1.151ms
[2024-08-27T15:00:32.485+0000][info][gc,cpu      ] GC(10) User=0.00s Sys=0.00s Real=0.00s
[2024-08-27T15:00:32.485+0000][info][gc,marking  ] GC(10) Concurrent Cleanup for Next Mark
[2024-08-27T15:00:32.487+0000][info][gc,marking  ] GC(10) Concurrent Cleanup for Next Mark 1.534ms
[2024-08-27T15:00:32.487+0000][info][gc          ] GC(10) Concurrent Mark Cycle 142.601ms
[2024-08-27T15:00:32.514+0000][info][gc,start    ] GC(12) Pause Young (Prepare Mixed) (G1 Evacuation Pause)
[2024-08-27T15:00:32.514+0000][info][gc,task     ] GC(12) Using 24 workers of 68 for evacuation
[2024-08-27T15:00:32.527+0000][info][gc,phases   ] GC(12)   Pre Evacuate Collection Set: 0.1ms
[2024-08-27T15:00:32.527+0000][info][gc,phases   ] GC(12)   Merge Heap Roots: 0.6ms
[2024-08-27T15:00:32.527+0000][info][gc,phases   ] GC(12)   Evacuate Collection Set: 11.9ms
[2024-08-27T15:00:32.527+0000][info][gc,phases   ] GC(12)   Post Evacuate Collection Set: 0.4ms
[2024-08-27T15:00:32.527+0000][info][gc,phases   ] GC(12)   Other: 0.2ms
[2024-08-27T15:00:32.527+0000][info][gc,heap     ] GC(12) Eden regions: 61->0(41)
[2024-08-27T15:00:32.527+0000][info][gc,heap     ] GC(12) Survivor regions: 13->10(10)
[2024-08-27T15:00:32.527+0000][info][gc,heap     ] GC(12) Old regions: 706->774
[2024-08-27T15:00:32.527+0000][info][gc,heap     ] GC(12) Archive regions: 2->2
[2024-08-27T15:00:32.527+0000][info][gc,heap     ] GC(12) Humongous regions: 5->5
[2024-08-27T15:00:32.527+0000][info][gc,metaspace] GC(12) Metaspace: 100K(320K)->100K(320K) NonClass: 96K(192K)->96K(192K) Class: 4K(128K)->4K(128K)
[2024-08-27T15:00:32.527+0000][info][gc          ] GC(12) Pause Young (Prepare Mixed) (G1 Evacuation Pause) 785M->789M(1024M) 13.290ms
[2024-08-27T15:00:32.527+0000][info][gc,cpu      ] GC(12) User=0.19s Sys=0.10s Real=0.01s
[2024-08-27T15:00:32.555+0000][info][gc,start    ] GC(13) Pause Young (Mixed) (G1 Evacuation Pause)
[2024-08-27T15:00:32.555+0000][info][gc,task     ] GC(13) Using 24 workers of 68 for evacuation
[2024-08-27T15:00:32.566+0000][info][gc,phases   ] GC(13)   Pre Evacuate Collection Set: 0.2ms
[2024-08-27T15:00:32.566+0000][info][gc,phases   ] GC(13)   Merge Heap Roots: 0.6ms
[2024-08-27T15:00:32.566+0000][info][gc,phases   ] GC(13)   Evacuate Collection Set: 9.7ms
[2024-08-27T15:00:32.567+0000][info][gc,phases   ] GC(13)   Post Evacuate Collection Set: 0.5ms
[2024-08-27T15:00:32.567+0000][info][gc,phases   ] GC(13)   Other: 0.3ms
[2024-08-27T15:00:32.567+0000][info][gc,heap     ] GC(13) Eden regions: 41->0(44)
[2024-08-27T15:00:32.567+0000][info][gc,heap     ] GC(13) Survivor regions: 10->7(7)
[2024-08-27T15:00:32.567+0000][info][gc,heap     ] GC(13) Old regions: 774->720
[2024-08-27T15:00:32.567+0000][info][gc,heap     ] GC(13) Archive regions: 2->2
[2024-08-27T15:00:32.567+0000][info][gc,heap     ] GC(13) Humongous regions: 5->5
[2024-08-27T15:00:32.567+0000][info][gc,metaspace] GC(13) Metaspace: 100K(320K)->100K(320K) NonClass: 96K(192K)->96K(192K) Class: 4K(128K)->4K(128K)
[2024-08-27T15:00:32.567+0000][info][gc          ] GC(13) Pause Young (Mixed) (G1 Evacuation Pause) 830M->732M(1024M) 11.397ms
[2024-08-27T15:00:32.567+0000][info][gc,cpu      ] GC(13) User=0.18s Sys=0.07s Real=0.01s
[2024-08-27T15:00:32.596+0000][info][gc,start    ] GC(14) Pause Young (Mixed) (G1 Evacuation Pause)
[2024-08-27T15:00:32.596+0000][info][gc,task     ] GC(14) Using 24 workers of 68 for evacuation
[2024-08-27T15:00:32.608+0000][info][gc,phases   ] GC(14)   Pre Evacuate Collection Set: 0.2ms
[2024-08-27T15:00:32.608+0000][info][gc,phases   ] GC(14)   Merge Heap Roots: 0.6ms
[2024-08-27T15:00:32.608+0000][info][gc,phases   ] GC(14)   Evacuate Collection Set: 10.3ms
[2024-08-27T15:00:32.608+0000][info][gc,phases   ] GC(14)   Post Evacuate Collection Set: 0.4ms
[2024-08-27T15:00:32.608+0000][info][gc,phases   ] GC(14)   Other: 0.3ms
[2024-08-27T15:00:32.608+0000][info][gc,heap     ] GC(14) Eden regions: 44->0(52)
[2024-08-27T15:00:32.608+0000][info][gc,heap     ] GC(14) Survivor regions: 7->7(7)
[2024-08-27T15:00:32.608+0000][info][gc,heap     ] GC(14) Old regions: 720->739
[2024-08-27T15:00:32.608+0000][info][gc,heap     ] GC(14) Archive regions: 2->2
[2024-08-27T15:00:32.608+0000][info][gc,heap     ] GC(14) Humongous regions: 5->5
[2024-08-27T15:00:32.608+0000][info][gc,metaspace] GC(14) Metaspace: 100K(320K)->100K(320K) NonClass: 96K(192K)->96K(192K) Class: 4K(128K)->4K(128K)
[2024-08-27T15:00:32.608+0000][info][gc          ] GC(14) Pause Young (Mixed) (G1 Evacuation Pause) 776M->751M(1024M) 11.937ms
[2024-08-27T15:00:32.608+0000][info][gc,cpu      ] GC(14) User=0.26s Sys=0.00s Real=0.01s
[2024-08-27T15:00:32.643+0000][info][gc,start    ] GC(15) Pause Young (Concurrent Start) (G1 Evacuation Pause)
[2024-08-27T15:00:32.644+0000][info][gc,task     ] GC(15) Using 24 workers of 68 for evacuation
[2024-08-27T15:00:32.657+0000][info][gc,phases   ] GC(15)   Pre Evacuate Collection Set: 0.3ms
[2024-08-27T15:00:32.657+0000][info][gc,phases   ] GC(15)   Merge Heap Roots: 0.7ms
[2024-08-27T15:00:32.657+0000][info][gc,phases   ] GC(15)   Evacuate Collection Set: 11.5ms
[2024-08-27T15:00:32.657+0000][info][gc,phases   ] GC(15)   Post Evacuate Collection Set: 0.4ms
[2024-08-27T15:00:32.657+0000][info][gc,phases   ] GC(15)   Other: 1.0ms
[2024-08-27T15:00:32.657+0000][info][gc,heap     ] GC(15) Eden regions: 52->0(43)
[2024-08-27T15:00:32.657+0000][info][gc,heap     ] GC(15) Survivor regions: 7->8(8)
[2024-08-27T15:00:32.657+0000][info][gc,heap     ] GC(15) Old regions: 739->793
[2024-08-27T15:00:32.657+0000][info][gc,heap     ] GC(15) Archive regions: 2->2
[2024-08-27T15:00:32.657+0000][info][gc,heap     ] GC(15) Humongous regions: 5->5
[2024-08-27T15:00:32.657+0000][info][gc,metaspace] GC(15) Metaspace: 100K(320K)->100K(320K) NonClass: 96K(192K)->96K(192K) Class: 4K(128K)->4K(128K)
[2024-08-27T15:00:32.657+0000][info][gc          ] GC(15) Pause Young (Concurrent Start) (G1 Evacuation Pause) 803M->806M(1024M) 13.945ms
[2024-08-27T15:00:32.657+0000][info][gc,cpu      ] GC(15) User=0.29s Sys=0.00s Real=0.01s
[2024-08-27T15:00:32.658+0000][info][gc          ] GC(16) Concurrent Mark Cycle
[2024-08-27T15:00:32.658+0000][info][gc,marking  ] GC(16) Concurrent Clear Claimed Marks
[2024-08-27T15:00:32.658+0000][info][gc,marking  ] GC(16) Concurrent Clear Claimed Marks 0.017ms
[2024-08-27T15:00:32.658+0000][info][gc,marking  ] GC(16) Concurrent Scan Root Regions
[2024-08-27T15:00:32.660+0000][info][gc,marking  ] GC(16) Concurrent Scan Root Regions 2.618ms
[2024-08-27T15:00:32.660+0000][info][gc,marking  ] GC(16) Concurrent Mark
[2024-08-27T15:00:32.660+0000][info][gc,marking  ] GC(16) Concurrent Mark From Roots
[2024-08-27T15:00:32.660+0000][info][gc,task     ] GC(16) Using 17 workers of 17 for marking
[2024-08-27T15:00:32.685+0000][info][gc,marking  ] GC(16) Concurrent Mark From Roots 24.545ms
[2024-08-27T15:00:32.685+0000][info][gc,marking  ] GC(16) Concurrent Preclean
[2024-08-27T15:00:32.686+0000][info][gc,marking  ] GC(16) Concurrent Preclean 0.712ms
[2024-08-27T15:00:32.686+0000][info][gc,start    ] GC(16) Pause Remark
[2024-08-27T15:00:32.688+0000][info][gc          ] GC(16) Pause Remark 835M->835M(1024M) 1.658ms
[2024-08-27T15:00:32.688+0000][info][gc,cpu      ] GC(16) User=0.01s Sys=0.00s Real=0.00s
[2024-08-27T15:00:32.688+0000][info][gc,marking  ] GC(16) Concurrent Mark 27.385ms
[2024-08-27T15:00:32.688+0000][info][gc,marking  ] GC(16) Concurrent Rebuild Remembered Sets
[2024-08-27T15:00:32.700+0000][info][gc,start    ] GC(17) Pause Young (Normal) (G1 Evacuation Pause)
[2024-08-27T15:00:32.700+0000][info][gc,task     ] GC(17) Using 24 workers of 68 for evacuation
[2024-08-27T15:00:32.712+0000][info][gc,phases   ] GC(17)   Pre Evacuate Collection Set: 0.2ms
[2024-08-27T15:00:32.712+0000][info][gc,phases   ] GC(17)   Merge Heap Roots: 0.6ms
[2024-08-27T15:00:32.712+0000][info][gc,phases   ] GC(17)   Evacuate Collection Set: 10.4ms
[2024-08-27T15:00:32.712+0000][info][gc,phases   ] GC(17)   Post Evacuate Collection Set: 0.5ms
[2024-08-27T15:00:32.712+0000][info][gc,phases   ] GC(17)   Other: 0.3ms
[2024-08-27T15:00:32.712+0000][info][gc,heap     ] GC(17) Eden regions: 43->0(44)
[2024-08-27T15:00:32.712+0000][info][gc,heap     ] GC(17) Survivor regions: 8->7(7)
[2024-08-27T15:00:32.712+0000][info][gc,heap     ] GC(17) Old regions: 793->840
[2024-08-27T15:00:32.712+0000][info][gc,heap     ] GC(17) Archive regions: 2->2
[2024-08-27T15:00:32.712+0000][info][gc,heap     ] GC(17) Humongous regions: 5->5
[2024-08-27T15:00:32.712+0000][info][gc,metaspace] GC(17) Metaspace: 100K(320K)->100K(320K) NonClass: 96K(192K)->96K(192K) Class: 4K(128K)->4K(128K)
[2024-08-27T15:00:32.712+0000][info][gc          ] GC(17) Pause Young (Normal) (G1 Evacuation Pause) 849M->852M(1024M) 12.238ms
[2024-08-27T15:00:32.712+0000][info][gc,cpu      ] GC(17) User=0.27s Sys=0.00s Real=0.01s
[2024-08-27T15:00:32.747+0000][info][gc,start    ] GC(18) Pause Young (Normal) (G1 Evacuation Pause)
[2024-08-27T15:00:32.747+0000][info][gc,task     ] GC(18) Using 24 workers of 68 for evacuation
[2024-08-27T15:00:32.757+0000][info][gc,phases   ] GC(18)   Pre Evacuate Collection Set: 0.1ms
[2024-08-27T15:00:32.757+0000][info][gc,phases   ] GC(18)   Merge Heap Roots: 0.6ms
[2024-08-27T15:00:32.757+0000][info][gc,phases   ] GC(18)   Evacuate Collection Set: 9.2ms
[2024-08-27T15:00:32.757+0000][info][gc,phases   ] GC(18)   Post Evacuate Collection Set: 0.6ms
[2024-08-27T15:00:32.757+0000][info][gc,phases   ] GC(18)   Other: 0.3ms
[2024-08-27T15:00:32.757+0000][info][gc,heap     ] GC(18) Eden regions: 44->0(44)
[2024-08-27T15:00:32.757+0000][info][gc,heap     ] GC(18) Survivor regions: 7->7(7)
[2024-08-27T15:00:32.757+0000][info][gc,heap     ] GC(18) Old regions: 840->886
[2024-08-27T15:00:32.757+0000][info][gc,heap     ] GC(18) Archive regions: 2->2
[2024-08-27T15:00:32.757+0000][info][gc,heap     ] GC(18) Humongous regions: 5->5
[2024-08-27T15:00:32.757+0000][info][gc,metaspace] GC(18) Metaspace: 100K(320K)->100K(320K) NonClass: 96K(192K)->96K(192K) Class: 4K(128K)->4K(128K)
[2024-08-27T15:00:32.757+0000][info][gc          ] GC(18) Pause Young (Normal) (G1 Evacuation Pause) 896M->898M(1024M) 10.881ms
[2024-08-27T15:00:32.757+0000][info][gc,cpu      ] GC(18) User=0.17s Sys=0.07s Real=0.02s
[2024-08-27T15:00:32.783+0000][info][gc,marking  ] GC(16) Concurrent Rebuild Remembered Sets 94.884ms
[2024-08-27T15:00:32.783+0000][info][gc,start    ] GC(16) Pause Cleanup
[2024-08-27T15:00:32.786+0000][info][gc          ] GC(16) Pause Cleanup 937M->937M(1024M) 2.929ms
[2024-08-27T15:00:32.786+0000][info][gc,cpu      ] GC(16) User=0.01s Sys=0.00s Real=0.00s
[2024-08-27T15:00:32.786+0000][info][gc,marking  ] GC(16) Concurrent Cleanup for Next Mark
[2024-08-27T15:00:32.787+0000][info][gc,marking  ] GC(16) Concurrent Cleanup for Next Mark 1.140ms
[2024-08-27T15:00:32.787+0000][info][gc          ] GC(16) Concurrent Mark Cycle 129.847ms
[2024-08-27T15:00:32.790+0000][info][gc,start    ] GC(19) Pause Young (Prepare Mixed) (G1 Evacuation Pause)
[2024-08-27T15:00:32.790+0000][info][gc,task     ] GC(19) Using 24 workers of 68 for evacuation
[2024-08-27T15:00:32.802+0000][info][gc,phases   ] GC(19)   Pre Evacuate Collection Set: 0.2ms
[2024-08-27T15:00:32.802+0000][info][gc,phases   ] GC(19)   Merge Heap Roots: 0.7ms
[2024-08-27T15:00:32.802+0000][info][gc,phases   ] GC(19)   Evacuate Collection Set: 10.4ms
[2024-08-27T15:00:32.802+0000][info][gc,phases   ] GC(19)   Post Evacuate Collection Set: 0.4ms
[2024-08-27T15:00:32.802+0000][info][gc,phases   ] GC(19)   Other: 0.2ms
[2024-08-27T15:00:32.802+0000][info][gc,heap     ] GC(19) Eden regions: 44->0(44)
[2024-08-27T15:00:32.802+0000][info][gc,heap     ] GC(19) Survivor regions: 7->7(7)
[2024-08-27T15:00:32.802+0000][info][gc,heap     ] GC(19) Old regions: 886->932
[2024-08-27T15:00:32.802+0000][info][gc,heap     ] GC(19) Archive regions: 2->2
[2024-08-27T15:00:32.802+0000][info][gc,heap     ] GC(19) Humongous regions: 5->5
[2024-08-27T15:00:32.802+0000][info][gc,metaspace] GC(19) Metaspace: 100K(320K)->100K(320K) NonClass: 96K(192K)->96K(192K) Class: 4K(128K)->4K(128K)
[2024-08-27T15:00:32.802+0000][info][gc          ] GC(19) Pause Young (Prepare Mixed) (G1 Evacuation Pause) 942M->944M(1024M) 11.906ms
[2024-08-27T15:00:32.802+0000][info][gc,cpu      ] GC(19) User=0.25s Sys=0.02s Real=0.01s
[2024-08-27T15:00:32.824+0000][info][gc,start    ] GC(20) Pause Young (Mixed) (G1 Preventive Collection)
[2024-08-27T15:00:32.824+0000][info][gc,task     ] GC(20) Using 24 workers of 68 for evacuation
[2024-08-27T15:00:32.836+0000][info][gc,phases   ] GC(20)   Pre Evacuate Collection Set: 0.2ms
[2024-08-27T15:00:32.836+0000][info][gc,phases   ] GC(20)   Merge Heap Roots: 0.6ms
[2024-08-27T15:00:32.836+0000][info][gc,phases   ] GC(20)   Evacuate Collection Set: 10.6ms
[2024-08-27T15:00:32.836+0000][info][gc,phases   ] GC(20)   Post Evacuate Collection Set: 0.4ms
[2024-08-27T15:00:32.836+0000][info][gc,phases   ] GC(20)   Other: 0.3ms
[2024-08-27T15:00:32.836+0000][info][gc,heap     ] GC(20) Eden regions: 33->0(44)
[2024-08-27T15:00:32.836+0000][info][gc,heap     ] GC(20) Survivor regions: 7->7(7)
[2024-08-27T15:00:32.836+0000][info][gc,heap     ] GC(20) Old regions: 932->866
[2024-08-27T15:00:32.836+0000][info][gc,heap     ] GC(20) Archive regions: 2->2
[2024-08-27T15:00:32.836+0000][info][gc,heap     ] GC(20) Humongous regions: 5->5
[2024-08-27T15:00:32.836+0000][info][gc,metaspace] GC(20) Metaspace: 100K(320K)->100K(320K) NonClass: 96K(192K)->96K(192K) Class: 4K(128K)->4K(128K)
[2024-08-27T15:00:32.836+0000][info][gc          ] GC(20) Pause Young (Mixed) (G1 Preventive Collection) 977M->878M(1024M) 12.321ms
[2024-08-27T15:00:32.836+0000][info][gc,cpu      ] GC(20) User=0.27s Sys=0.00s Real=0.01s
[2024-08-27T15:00:32.867+0000][info][gc,start    ] GC(21) Pause Young (Mixed) (G1 Evacuation Pause)
[2024-08-27T15:00:32.867+0000][info][gc,task     ] GC(21) Using 24 workers of 68 for evacuation
[2024-08-27T15:00:32.880+0000][info][gc,phases   ] GC(21)   Pre Evacuate Collection Set: 0.3ms
[2024-08-27T15:00:32.880+0000][info][gc,phases   ] GC(21)   Merge Heap Roots: 0.7ms
[2024-08-27T15:00:32.880+0000][info][gc,phases   ] GC(21)   Evacuate Collection Set: 11.6ms
[2024-08-27T15:00:32.880+0000][info][gc,phases   ] GC(21)   Post Evacuate Collection Set: 0.4ms
[2024-08-27T15:00:32.880+0000][info][gc,phases   ] GC(21)   Other: 0.3ms
[2024-08-27T15:00:32.880+0000][info][gc,heap     ] GC(21) Eden regions: 44->0(44)
[2024-08-27T15:00:32.880+0000][info][gc,heap     ] GC(21) Survivor regions: 7->7(7)
[2024-08-27T15:00:32.880+0000][info][gc,heap     ] GC(21) Old regions: 866->809
[2024-08-27T15:00:32.880+0000][info][gc,heap     ] GC(21) Archive regions: 2->2
[2024-08-27T15:00:32.880+0000][info][gc,heap     ] GC(21) Humongous regions: 5->5
[2024-08-27T15:00:32.880+0000][info][gc,metaspace] GC(21) Metaspace: 100K(320K)->100K(320K) NonClass: 96K(192K)->96K(192K) Class: 4K(128K)->4K(128K)
[2024-08-27T15:00:32.880+0000][info][gc          ] GC(21) Pause Young (Mixed) (G1 Evacuation Pause) 922M->821M(1024M) 13.476ms
[2024-08-27T15:00:32.880+0000][info][gc,cpu      ] GC(21) User=0.30s Sys=0.00s Real=0.02s
[2024-08-27T15:00:32.908+0000][info][gc,start    ] GC(22) Pause Young (Mixed) (G1 Evacuation Pause)
[2024-08-27T15:00:32.908+0000][info][gc,task     ] GC(22) Using 24 workers of 68 for evacuation
[2024-08-27T15:00:32.922+0000][info][gc,phases   ] GC(22)   Pre Evacuate Collection Set: 0.2ms
[2024-08-27T15:00:32.922+0000][info][gc,phases   ] GC(22)   Merge Heap Roots: 0.6ms
[2024-08-27T15:00:32.922+0000][info][gc,phases   ] GC(22)   Evacuate Collection Set: 12.2ms
[2024-08-27T15:00:32.922+0000][info][gc,phases   ] GC(22)   Post Evacuate Collection Set: 0.5ms
[2024-08-27T15:00:32.922+0000][info][gc,phases   ] GC(22)   Other: 0.3ms
[2024-08-27T15:00:32.922+0000][info][gc,heap     ] GC(22) Eden regions: 44->0(47)
[2024-08-27T15:00:32.922+0000][info][gc,heap     ] GC(22) Survivor regions: 7->7(7)
[2024-08-27T15:00:32.922+0000][info][gc,heap     ] GC(22) Old regions: 809->756
[2024-08-27T15:00:32.922+0000][info][gc,heap     ] GC(22) Archive regions: 2->2
[2024-08-27T15:00:32.922+0000][info][gc,heap     ] GC(22) Humongous regions: 5->5
[2024-08-27T15:00:32.922+0000][info][gc,metaspace] GC(22) Metaspace: 100K(320K)->100K(320K) NonClass: 96K(192K)->96K(192K) Class: 4K(128K)->4K(128K)
[2024-08-27T15:00:32.922+0000][info][gc          ] GC(22) Pause Young (Mixed) (G1 Evacuation Pause) 865M->768M(1024M) 13.939ms
[2024-08-27T15:00:32.922+0000][info][gc,cpu      ] GC(22) User=0.29s Sys=0.01s Real=0.02s
[2024-08-27T15:00:32.952+0000][info][gc,start    ] GC(23) Pause Young (Concurrent Start) (G1 Evacuation Pause)
[2024-08-27T15:00:32.952+0000][info][gc,task     ] GC(23) Using 24 workers of 68 for evacuation
[2024-08-27T15:00:32.966+0000][info][gc,phases   ] GC(23)   Pre Evacuate Collection Set: 0.2ms
[2024-08-27T15:00:32.966+0000][info][gc,phases   ] GC(23)   Merge Heap Roots: 0.7ms
[2024-08-27T15:00:32.966+0000][info][gc,phases   ] GC(23)   Evacuate Collection Set: 11.7ms
[2024-08-27T15:00:32.966+0000][info][gc,phases   ] GC(23)   Post Evacuate Collection Set: 0.4ms
[2024-08-27T15:00:32.966+0000][info][gc,phases   ] GC(23)   Other: 1.0ms
[2024-08-27T15:00:32.966+0000][info][gc,heap     ] GC(23) Eden regions: 47->0(44)
[2024-08-27T15:00:32.966+0000][info][gc,heap     ] GC(23) Survivor regions: 7->7(7)
[2024-08-27T15:00:32.966+0000][info][gc,heap     ] GC(23) Old regions: 756->805
[2024-08-27T15:00:32.966+0000][info][gc,heap     ] GC(23) Archive regions: 2->2
[2024-08-27T15:00:32.966+0000][info][gc,heap     ] GC(23) Humongous regions: 5->5
[2024-08-27T15:00:32.966+0000][info][gc,metaspace] GC(23) Metaspace: 100K(320K)->100K(320K) NonClass: 96K(192K)->96K(192K) Class: 4K(128K)->4K(128K)
[2024-08-27T15:00:32.966+0000][info][gc          ] GC(23) Pause Young (Concurrent Start) (G1 Evacuation Pause) 815M->817M(1024M) 14.156ms
[2024-08-27T15:00:32.967+0000][info][gc,cpu      ] GC(23) User=0.30s Sys=0.00s Real=0.01s
[2024-08-27T15:00:32.967+0000][info][gc          ] GC(24) Concurrent Mark Cycle
[2024-08-27T15:00:32.967+0000][info][gc,marking  ] GC(24) Concurrent Clear Claimed Marks
[2024-08-27T15:00:32.967+0000][info][gc,marking  ] GC(24) Concurrent Clear Claimed Marks 0.016ms
[2024-08-27T15:00:32.967+0000][info][gc,marking  ] GC(24) Concurrent Scan Root Regions
[2024-08-27T15:00:32.969+0000][info][gc,marking  ] GC(24) Concurrent Scan Root Regions 2.287ms
[2024-08-27T15:00:32.969+0000][info][gc,marking  ] GC(24) Concurrent Mark
[2024-08-27T15:00:32.969+0000][info][gc,marking  ] GC(24) Concurrent Mark From Roots
[2024-08-27T15:00:32.969+0000][info][gc,task     ] GC(24) Using 17 workers of 17 for marking
[2024-08-27T15:00:32.994+0000][info][gc,marking  ] GC(24) Concurrent Mark From Roots 24.760ms
[2024-08-27T15:00:32.994+0000][info][gc,marking  ] GC(24) Concurrent Preclean
[2024-08-27T15:00:32.995+0000][info][gc,marking  ] GC(24) Concurrent Preclean 0.641ms
[2024-08-27T15:00:32.995+0000][info][gc,start    ] GC(24) Pause Remark
[2024-08-27T15:00:32.997+0000][info][gc          ] GC(24) Pause Remark 847M->847M(1024M) 1.946ms
[2024-08-27T15:00:32.997+0000][info][gc,cpu      ] GC(24) User=0.01s Sys=0.00s Real=0.00s
[2024-08-27T15:00:32.997+0000][info][gc,marking  ] GC(24) Concurrent Mark 27.963ms
[2024-08-27T15:00:32.997+0000][info][gc,marking  ] GC(24) Concurrent Rebuild Remembered Sets
[2024-08-27T15:00:33.009+0000][info][gc,start    ] GC(25) Pause Young (Normal) (G1 Evacuation Pause)
[2024-08-27T15:00:33.009+0000][info][gc,task     ] GC(25) Using 24 workers of 68 for evacuation
[2024-08-27T15:00:33.022+0000][info][gc,phases   ] GC(25)   Pre Evacuate Collection Set: 0.2ms
[2024-08-27T15:00:33.022+0000][info][gc,phases   ] GC(25)   Merge Heap Roots: 0.7ms
[2024-08-27T15:00:33.022+0000][info][gc,phases   ] GC(25)   Evacuate Collection Set: 11.2ms
[2024-08-27T15:00:33.022+0000][info][gc,phases   ] GC(25)   Post Evacuate Collection Set: 0.6ms
[2024-08-27T15:00:33.022+0000][info][gc,phases   ] GC(25)   Other: 0.3ms
[2024-08-27T15:00:33.022+0000][info][gc,heap     ] GC(25) Eden regions: 44->0(44)
[2024-08-27T15:00:33.022+0000][info][gc,heap     ] GC(25) Survivor regions: 7->7(7)
[2024-08-27T15:00:33.022+0000][info][gc,heap     ] GC(25) Old regions: 805->852
[2024-08-27T15:00:33.022+0000][info][gc,heap     ] GC(25) Archive regions: 2->2
[2024-08-27T15:00:33.022+0000][info][gc,heap     ] GC(25) Humongous regions: 5->5
[2024-08-27T15:00:33.022+0000][info][gc,metaspace] GC(25) Metaspace: 100K(320K)->100K(320K) NonClass: 96K(192K)->96K(192K) Class: 4K(128K)->4K(128K)
[2024-08-27T15:00:33.022+0000][info][gc          ] GC(25) Pause Young (Normal) (G1 Evacuation Pause) 861M->864M(1024M) 13.073ms
[2024-08-27T15:00:33.022+0000][info][gc,cpu      ] GC(25) User=0.27s Sys=0.02s Real=0.02s
[2024-08-27T15:00:33.052+0000][info][gc,start    ] GC(26) Pause Young (Normal) (G1 Evacuation Pause)
[2024-08-27T15:00:33.053+0000][info][gc,task     ] GC(26) Using 24 workers of 68 for evacuation
[2024-08-27T15:00:33.066+0000][info][gc,phases   ] GC(26)   Pre Evacuate Collection Set: 0.2ms
[2024-08-27T15:00:33.066+0000][info][gc,phases   ] GC(26)   Merge Heap Roots: 0.7ms
[2024-08-27T15:00:33.066+0000][info][gc,phases   ] GC(26)   Evacuate Collection Set: 11.4ms
[2024-08-27T15:00:33.066+0000][info][gc,phases   ] GC(26)   Post Evacuate Collection Set: 0.6ms
[2024-08-27T15:00:33.066+0000][info][gc,phases   ] GC(26)   Other: 0.3ms
[2024-08-27T15:00:33.066+0000][info][gc,heap     ] GC(26) Eden regions: 44->0(44)
[2024-08-27T15:00:33.066+0000][info][gc,heap     ] GC(26) Survivor regions: 7->7(7)
[2024-08-27T15:00:33.066+0000][info][gc,heap     ] GC(26) Old regions: 852->899
[2024-08-27T15:00:33.066+0000][info][gc,heap     ] GC(26) Archive regions: 2->2
[2024-08-27T15:00:33.066+0000][info][gc,heap     ] GC(26) Humongous regions: 5->5
[2024-08-27T15:00:33.066+0000][info][gc,metaspace] GC(26) Metaspace: 100K(320K)->100K(320K) NonClass: 96K(192K)->96K(192K) Class: 4K(128K)->4K(128K)
[2024-08-27T15:00:33.066+0000][info][gc          ] GC(26) Pause Young (Normal) (G1 Evacuation Pause) 908M->911M(1024M) 13.362ms
[2024-08-27T15:00:33.066+0000][info][gc,cpu      ] GC(26) User=0.29s Sys=0.00s Real=0.01s
[2024-08-27T15:00:33.094+0000][info][gc,start    ] GC(27) Pause Young (Normal) (G1 Evacuation Pause)
[2024-08-27T15:00:33.094+0000][info][gc,task     ] GC(27) Using 24 workers of 68 for evacuation
[2024-08-27T15:00:33.108+0000][info][gc,phases   ] GC(27)   Pre Evacuate Collection Set: 0.2ms
[2024-08-27T15:00:33.108+0000][info][gc,phases   ] GC(27)   Merge Heap Roots: 0.8ms
[2024-08-27T15:00:33.108+0000][info][gc,phases   ] GC(27)   Evacuate Collection Set: 11.4ms
[2024-08-27T15:00:33.108+0000][info][gc,phases   ] GC(27)   Post Evacuate Collection Set: 0.6ms
[2024-08-27T15:00:33.108+0000][info][gc,phases   ] GC(27)   Other: 0.4ms
[2024-08-27T15:00:33.108+0000][info][gc,heap     ] GC(27) Eden regions: 44->0(44)
[2024-08-27T15:00:33.108+0000][info][gc,heap     ] GC(27) Survivor regions: 7->7(7)
[2024-08-27T15:00:33.108+0000][info][gc,heap     ] GC(27) Old regions: 899->945
[2024-08-27T15:00:33.108+0000][info][gc,heap     ] GC(27) Archive regions: 2->2
[2024-08-27T15:00:33.108+0000][info][gc,heap     ] GC(27) Humongous regions: 5->5
[2024-08-27T15:00:33.108+0000][info][gc,metaspace] GC(27) Metaspace: 100K(320K)->100K(320K) NonClass: 96K(192K)->96K(192K) Class: 4K(128K)->4K(128K)
[2024-08-27T15:00:33.108+0000][info][gc          ] GC(27) Pause Young (Normal) (G1 Evacuation Pause) 955M->957M(1024M) 13.393ms
[2024-08-27T15:00:33.108+0000][info][gc,cpu      ] GC(27) User=0.28s Sys=0.01s Real=0.01s
[2024-08-27T15:00:33.110+0000][info][gc,marking  ] GC(24) Concurrent Rebuild Remembered Sets 113.176ms
[2024-08-27T15:00:33.111+0000][info][gc,start    ] GC(24) Pause Cleanup
[2024-08-27T15:00:33.113+0000][info][gc          ] GC(24) Pause Cleanup 961M->961M(1024M) 2.834ms
[2024-08-27T15:00:33.113+0000][info][gc,cpu      ] GC(24) User=0.00s Sys=0.00s Real=0.00s
[2024-08-27T15:00:33.114+0000][info][gc,marking  ] GC(24) Concurrent Cleanup for Next Mark
[2024-08-27T15:00:33.114+0000][info][gc,marking  ] GC(24) Concurrent Cleanup for Next Mark 0.673ms
[2024-08-27T15:00:33.114+0000][info][gc          ] GC(24) Concurrent Mark Cycle 147.743ms
[2024-08-27T15:00:33.128+0000][info][gc,start    ] GC(28) Pause Young (Prepare Mixed) (G1 Preventive Collection)
[2024-08-27T15:00:33.129+0000][info][gc,task     ] GC(28) Using 24 workers of 68 for evacuation
[2024-08-27T15:00:33.139+0000][info][gc,phases   ] GC(28)   Pre Evacuate Collection Set: 0.2ms
[2024-08-27T15:00:33.139+0000][info][gc,phases   ] GC(28)   Merge Heap Roots: 0.8ms
[2024-08-27T15:00:33.139+0000][info][gc,phases   ] GC(28)   Evacuate Collection Set: 9.0ms
[2024-08-27T15:00:33.139+0000][info][gc,phases   ] GC(28)   Post Evacuate Collection Set: 0.4ms
[2024-08-27T15:00:33.139+0000][info][gc,phases   ] GC(28)   Other: 0.3ms
[2024-08-27T15:00:33.139+0000][info][gc,heap     ] GC(28) Eden regions: 27->0(44)
[2024-08-27T15:00:33.139+0000][info][gc,heap     ] GC(28) Survivor regions: 7->7(7)
[2024-08-27T15:00:33.139+0000][info][gc,heap     ] GC(28) Old regions: 945->975
[2024-08-27T15:00:33.139+0000][info][gc,heap     ] GC(28) Archive regions: 2->2
[2024-08-27T15:00:33.139+0000][info][gc,heap     ] GC(28) Humongous regions: 5->5
[2024-08-27T15:00:33.139+0000][info][gc,metaspace] GC(28) Metaspace: 100K(320K)->100K(320K) NonClass: 96K(192K)->96K(192K) Class: 4K(128K)->4K(128K)
[2024-08-27T15:00:33.139+0000][info][gc          ] GC(28) Pause Young (Prepare Mixed) (G1 Preventive Collection) 984M->987M(1024M) 10.791ms
[2024-08-27T15:00:33.139+0000][info][gc,cpu      ] GC(28) User=0.23s Sys=0.00s Real=0.02s
[2024-08-27T15:00:33.147+0000][info][gc,start    ] GC(29) Pause Young (Mixed) (G1 Preventive Collection)
[2024-08-27T15:00:33.147+0000][info][gc,task     ] GC(29) Using 24 workers of 68 for evacuation
[2024-08-27T15:00:33.154+0000][info][gc,phases   ] GC(29)   Pre Evacuate Collection Set: 0.2ms
[2024-08-27T15:00:33.154+0000][info][gc,phases   ] GC(29)   Merge Heap Roots: 0.5ms
[2024-08-27T15:00:33.154+0000][info][gc,phases   ] GC(29)   Evacuate Collection Set: 5.8ms
[2024-08-27T15:00:33.154+0000][info][gc,phases   ] GC(29)   Post Evacuate Collection Set: 0.4ms
[2024-08-27T15:00:33.154+0000][info][gc,phases   ] GC(29)   Other: 0.3ms
[2024-08-27T15:00:33.154+0000][info][gc,heap     ] GC(29) Eden regions: 12->0(44)
[2024-08-27T15:00:33.154+0000][info][gc,heap     ] GC(29) Survivor regions: 7->7(7)
[2024-08-27T15:00:33.154+0000][info][gc,heap     ] GC(29) Old regions: 975->887
[2024-08-27T15:00:33.154+0000][info][gc,heap     ] GC(29) Archive regions: 2->2
[2024-08-27T15:00:33.154+0000][info][gc,heap     ] GC(29) Humongous regions: 5->5
[2024-08-27T15:00:33.154+0000][info][gc,metaspace] GC(29) Metaspace: 100K(320K)->100K(320K) NonClass: 96K(192K)->96K(192K) Class: 4K(128K)->4K(128K)
[2024-08-27T15:00:33.154+0000][info][gc          ] GC(29) Pause Young (Mixed) (G1 Preventive Collection) 999M->899M(1024M) 7.478ms
[2024-08-27T15:00:33.154+0000][info][gc,cpu      ] GC(29) User=0.15s Sys=0.01s Real=0.01s
[2024-08-27T15:00:33.192+0000][info][gc,start    ] GC(30) Pause Young (Mixed) (G1 Evacuation Pause)
[2024-08-27T15:00:33.192+0000][info][gc,task     ] GC(30) Using 24 workers of 68 for evacuation
[2024-08-27T15:00:33.207+0000][info][gc,phases   ] GC(30)   Pre Evacuate Collection Set: 0.3ms
[2024-08-27T15:00:33.207+0000][info][gc,phases   ] GC(30)   Merge Heap Roots: 0.7ms
[2024-08-27T15:00:33.207+0000][info][gc,phases   ] GC(30)   Evacuate Collection Set: 13.9ms
[2024-08-27T15:00:33.208+0000][info][gc,phases   ] GC(30)   Post Evacuate Collection Set: 0.4ms
[2024-08-27T15:00:33.208+0000][info][gc,phases   ] GC(30)   Other: 0.4ms
[2024-08-27T15:00:33.208+0000][info][gc,heap     ] GC(30) Eden regions: 44->0(44)
[2024-08-27T15:00:33.208+0000][info][gc,heap     ] GC(30) Survivor regions: 7->7(7)
[2024-08-27T15:00:33.208+0000][info][gc,heap     ] GC(30) Old regions: 887->828
[2024-08-27T15:00:33.208+0000][info][gc,heap     ] GC(30) Archive regions: 2->2
[2024-08-27T15:00:33.208+0000][info][gc,heap     ] GC(30) Humongous regions: 5->5
[2024-08-27T15:00:33.208+0000][info][gc,metaspace] GC(30) Metaspace: 100K(320K)->100K(320K) NonClass: 96K(192K)->96K(192K) Class: 4K(128K)->4K(128K)
[2024-08-27T15:00:33.208+0000][info][gc          ] GC(30) Pause Young (Mixed) (G1 Evacuation Pause) 943M->840M(1024M) 15.788ms
[2024-08-27T15:00:33.208+0000][info][gc,cpu      ] GC(30) User=0.26s Sys=0.09s Real=0.01s
[2024-08-27T15:00:33.234+0000][info][gc,start    ] GC(31) Pause Young (Mixed) (G1 Evacuation Pause)
[2024-08-27T15:00:33.235+0000][info][gc,task     ] GC(31) Using 24 workers of 68 for evacuation
[2024-08-27T15:00:33.249+0000][info][gc,phases   ] GC(31)   Pre Evacuate Collection Set: 0.2ms
[2024-08-27T15:00:33.249+0000][info][gc,phases   ] GC(31)   Merge Heap Roots: 0.7ms
[2024-08-27T15:00:33.249+0000][info][gc,phases   ] GC(31)   Evacuate Collection Set: 12.6ms
[2024-08-27T15:00:33.249+0000][info][gc,phases   ] GC(31)   Post Evacuate Collection Set: 0.5ms
[2024-08-27T15:00:33.249+0000][info][gc,phases   ] GC(31)   Other: 0.4ms
[2024-08-27T15:00:33.249+0000][info][gc,heap     ] GC(31) Eden regions: 44->0(44)
[2024-08-27T15:00:33.249+0000][info][gc,heap     ] GC(31) Survivor regions: 7->7(7)
[2024-08-27T15:00:33.249+0000][info][gc,heap     ] GC(31) Old regions: 828->777
[2024-08-27T15:00:33.249+0000][info][gc,heap     ] GC(31) Archive regions: 2->2
[2024-08-27T15:00:33.249+0000][info][gc,heap     ] GC(31) Humongous regions: 5->5
[2024-08-27T15:00:33.249+0000][info][gc,metaspace] GC(31) Metaspace: 100K(320K)->100K(320K) NonClass: 96K(192K)->96K(192K) Class: 4K(128K)->4K(128K)
[2024-08-27T15:00:33.249+0000][info][gc          ] GC(31) Pause Young (Mixed) (G1 Evacuation Pause) 884M->789M(1024M) 14.544ms
[2024-08-27T15:00:33.249+0000][info][gc,cpu      ] GC(31) User=0.27s Sys=0.04s Real=0.01s
[2024-08-27T15:00:33.276+0000][info][gc,start    ] GC(32) Pause Young (Mixed) (G1 Evacuation Pause)
[2024-08-27T15:00:33.276+0000][info][gc,task     ] GC(32) Using 24 workers of 68 for evacuation
[2024-08-27T15:00:33.290+0000][info][gc,phases   ] GC(32)   Pre Evacuate Collection Set: 0.2ms
[2024-08-27T15:00:33.290+0000][info][gc,phases   ] GC(32)   Merge Heap Roots: 0.6ms
[2024-08-27T15:00:33.290+0000][info][gc,phases   ] GC(32)   Evacuate Collection Set: 12.7ms
[2024-08-27T15:00:33.290+0000][info][gc,phases   ] GC(32)   Post Evacuate Collection Set: 0.4ms
[2024-08-27T15:00:33.290+0000][info][gc,phases   ] GC(32)   Other: 0.3ms
[2024-08-27T15:00:33.290+0000][info][gc,heap     ] GC(32) Eden regions: 44->0(44)
[2024-08-27T15:00:33.290+0000][info][gc,heap     ] GC(32) Survivor regions: 7->7(7)
[2024-08-27T15:00:33.290+0000][info][gc,heap     ] GC(32) Old regions: 777->812
[2024-08-27T15:00:33.291+0000][info][gc,heap     ] GC(32) Archive regions: 2->2
[2024-08-27T15:00:33.291+0000][info][gc,heap     ] GC(32) Humongous regions: 5->5
[2024-08-27T15:00:33.291+0000][info][gc,metaspace] GC(32) Metaspace: 100K(320K)->100K(320K) NonClass: 96K(192K)->96K(192K) Class: 4K(128K)->4K(128K)
[2024-08-27T15:00:33.291+0000][info][gc          ] GC(32) Pause Young (Mixed) (G1 Evacuation Pause) 833M->824M(1024M) 14.354ms
[2024-08-27T15:00:33.291+0000][info][gc,cpu      ] GC(32) User=0.30s Sys=0.02s Real=0.02s
[2024-08-27T15:00:33.319+0000][info][gc,start    ] GC(33) Pause Young (Concurrent Start) (G1 Evacuation Pause)
[2024-08-27T15:00:33.319+0000][info][gc,task     ] GC(33) Using 24 workers of 68 for evacuation
[2024-08-27T15:00:33.332+0000][info][gc,phases   ] GC(33)   Pre Evacuate Collection Set: 0.2ms
[2024-08-27T15:00:33.332+0000][info][gc,phases   ] GC(33)   Merge Heap Roots: 0.7ms
[2024-08-27T15:00:33.332+0000][info][gc,phases   ] GC(33)   Evacuate Collection Set: 11.6ms
[2024-08-27T15:00:33.332+0000][info][gc,phases   ] GC(33)   Post Evacuate Collection Set: 0.4ms
[2024-08-27T15:00:33.333+0000][info][gc,phases   ] GC(33)   Other: 1.1ms
[2024-08-27T15:00:33.333+0000][info][gc,heap     ] GC(33) Eden regions: 44->0(44)
[2024-08-27T15:00:33.333+0000][info][gc,heap     ] GC(33) Survivor regions: 7->7(7)
[2024-08-27T15:00:33.333+0000][info][gc,heap     ] GC(33) Old regions: 812->858
[2024-08-27T15:00:33.333+0000][info][gc,heap     ] GC(33) Archive regions: 2->2
[2024-08-27T15:00:33.333+0000][info][gc,heap     ] GC(33) Humongous regions: 5->5
[2024-08-27T15:00:33.333+0000][info][gc,metaspace] GC(33) Metaspace: 100K(320K)->100K(320K) NonClass: 96K(192K)->96K(192K) Class: 4K(128K)->4K(128K)
[2024-08-27T15:00:33.333+0000][info][gc          ] GC(33) Pause Young (Concurrent Start) (G1 Evacuation Pause) 868M->870M(1024M) 14.100ms
[2024-08-27T15:00:33.333+0000][info][gc,cpu      ] GC(33) User=0.29s Sys=0.00s Real=0.01s
[2024-08-27T15:00:33.333+0000][info][gc          ] GC(34) Concurrent Mark Cycle
[2024-08-27T15:00:33.333+0000][info][gc,marking  ] GC(34) Concurrent Clear Claimed Marks
[2024-08-27T15:00:33.333+0000][info][gc,marking  ] GC(34) Concurrent Clear Claimed Marks 0.013ms
[2024-08-27T15:00:33.333+0000][info][gc,marking  ] GC(34) Concurrent Scan Root Regions
[2024-08-27T15:00:33.335+0000][info][gc,marking  ] GC(34) Concurrent Scan Root Regions 2.196ms
[2024-08-27T15:00:33.335+0000][info][gc,marking  ] GC(34) Concurrent Mark
[2024-08-27T15:00:33.335+0000][info][gc,marking  ] GC(34) Concurrent Mark From Roots
[2024-08-27T15:00:33.335+0000][info][gc,task     ] GC(34) Using 17 workers of 17 for marking
[2024-08-27T15:00:33.375+0000][info][gc,marking  ] GC(34) Concurrent Mark From Roots 39.663ms
[2024-08-27T15:00:33.375+0000][info][gc,marking  ] GC(34) Concurrent Preclean
[2024-08-27T15:00:33.376+0000][info][gc,marking  ] GC(34) Concurrent Preclean 0.698ms
[2024-08-27T15:00:33.376+0000][info][gc,start    ] GC(34) Pause Remark
[2024-08-27T15:00:33.378+0000][info][gc          ] GC(34) Pause Remark 905M->905M(1024M) 2.357ms
[2024-08-27T15:00:33.378+0000][info][gc,cpu      ] GC(34) User=0.02s Sys=0.00s Real=0.01s
[2024-08-27T15:00:33.378+0000][info][gc,marking  ] GC(34) Concurrent Mark 43.342ms
[2024-08-27T15:00:33.379+0000][info][gc,marking  ] GC(34) Concurrent Rebuild Remembered Sets
[2024-08-27T15:00:33.386+0000][info][gc,start    ] GC(35) Pause Young (Normal) (G1 Evacuation Pause)
[2024-08-27T15:00:33.386+0000][info][gc,task     ] GC(35) Using 24 workers of 68 for evacuation
[2024-08-27T15:00:33.398+0000][info][gc,phases   ] GC(35)   Pre Evacuate Collection Set: 0.2ms
[2024-08-27T15:00:33.398+0000][info][gc,phases   ] GC(35)   Merge Heap Roots: 0.7ms
[2024-08-27T15:00:33.398+0000][info][gc,phases   ] GC(35)   Evacuate Collection Set: 9.9ms
[2024-08-27T15:00:33.398+0000][info][gc,phases   ] GC(35)   Post Evacuate Collection Set: 0.6ms
[2024-08-27T15:00:33.398+0000][info][gc,phases   ] GC(35)   Other: 0.3ms
[2024-08-27T15:00:33.398+0000][info][gc,heap     ] GC(35) Eden regions: 44->0(44)
[2024-08-27T15:00:33.398+0000][info][gc,heap     ] GC(35) Survivor regions: 7->7(7)
[2024-08-27T15:00:33.398+0000][info][gc,heap     ] GC(35) Old regions: 858->905
[2024-08-27T15:00:33.398+0000][info][gc,heap     ] GC(35) Archive regions: 2->2
[2024-08-27T15:00:33.398+0000][info][gc,heap     ] GC(35) Humongous regions: 5->5
[2024-08-27T15:00:33.398+0000][info][gc,metaspace] GC(35) Metaspace: 100K(320K)->100K(320K) NonClass: 96K(192K)->96K(192K) Class: 4K(128K)->4K(128K)
[2024-08-27T15:00:33.398+0000][info][gc          ] GC(35) Pause Young (Normal) (G1 Evacuation Pause) 914M->917M(1024M) 11.831ms
[2024-08-27T15:00:33.398+0000][info][gc,cpu      ] GC(35) User=0.22s Sys=0.02s Real=0.02s
[2024-08-27T15:00:33.428+0000][info][gc,start    ] GC(36) Pause Young (Normal) (G1 Evacuation Pause)
[2024-08-27T15:00:33.428+0000][info][gc,task     ] GC(36) Using 24 workers of 68 for evacuation
[2024-08-27T15:00:33.441+0000][info][gc,phases   ] GC(36)   Pre Evacuate Collection Set: 0.2ms
[2024-08-27T15:00:33.441+0000][info][gc,phases   ] GC(36)   Merge Heap Roots: 0.7ms
[2024-08-27T15:00:33.441+0000][info][gc,phases   ] GC(36)   Evacuate Collection Set: 10.7ms
[2024-08-27T15:00:33.441+0000][info][gc,phases   ] GC(36)   Post Evacuate Collection Set: 0.6ms
[2024-08-27T15:00:33.441+0000][info][gc,phases   ] GC(36)   Other: 0.3ms
[2024-08-27T15:00:33.441+0000][info][gc,heap     ] GC(36) Eden regions: 44->0(44)
[2024-08-27T15:00:33.441+0000][info][gc,heap     ] GC(36) Survivor regions: 7->7(7)
[2024-08-27T15:00:33.441+0000][info][gc,heap     ] GC(36) Old regions: 905->951
[2024-08-27T15:00:33.441+0000][info][gc,heap     ] GC(36) Archive regions: 2->2
[2024-08-27T15:00:33.441+0000][info][gc,heap     ] GC(36) Humongous regions: 5->5
[2024-08-27T15:00:33.441+0000][info][gc,metaspace] GC(36) Metaspace: 100K(320K)->100K(320K) NonClass: 96K(192K)->96K(192K) Class: 4K(128K)->4K(128K)
[2024-08-27T15:00:33.441+0000][info][gc          ] GC(36) Pause Young (Normal) (G1 Evacuation Pause) 961M->963M(1024M) 12.668ms
[2024-08-27T15:00:33.441+0000][info][gc,cpu      ] GC(36) User=0.27s Sys=0.01s Real=0.02s
[2024-08-27T15:00:33.456+0000][info][gc,start    ] GC(37) Pause Young (Normal) (G1 Preventive Collection)
[2024-08-27T15:00:33.456+0000][info][gc,task     ] GC(37) Using 24 workers of 68 for evacuation
[2024-08-27T15:00:33.467+0000][info][gc,phases   ] GC(37)   Pre Evacuate Collection Set: 0.2ms
[2024-08-27T15:00:33.467+0000][info][gc,phases   ] GC(37)   Merge Heap Roots: 0.8ms
[2024-08-27T15:00:33.467+0000][info][gc,phases   ] GC(37)   Evacuate Collection Set: 9.1ms
[2024-08-27T15:00:33.467+0000][info][gc,phases   ] GC(37)   Post Evacuate Collection Set: 0.7ms
[2024-08-27T15:00:33.467+0000][info][gc,phases   ] GC(37)   Other: 0.3ms
[2024-08-27T15:00:33.467+0000][info][gc,heap     ] GC(37) Eden regions: 24->0(44)
[2024-08-27T15:00:33.467+0000][info][gc,heap     ] GC(37) Survivor regions: 7->7(7)
[2024-08-27T15:00:33.467+0000][info][gc,heap     ] GC(37) Old regions: 951->978
[2024-08-27T15:00:33.468+0000][info][gc,heap     ] GC(37) Archive regions: 2->2
[2024-08-27T15:00:33.468+0000][info][gc,heap     ] GC(37) Humongous regions: 5->5
[2024-08-27T15:00:33.468+0000][info][gc,metaspace] GC(37) Metaspace: 100K(320K)->100K(320K) NonClass: 96K(192K)->96K(192K) Class: 4K(128K)->4K(128K)
[2024-08-27T15:00:33.468+0000][info][gc          ] GC(37) Pause Young (Normal) (G1 Preventive Collection) 987M->990M(1024M) 11.217ms
[2024-08-27T15:00:33.468+0000][info][gc,cpu      ] GC(37) User=0.24s Sys=0.00s Real=0.01s
[2024-08-27T15:00:33.475+0000][info][gc,start    ] GC(38) Pause Young (Normal) (G1 Preventive Collection)
[2024-08-27T15:00:33.475+0000][info][gc,task     ] GC(38) Using 24 workers of 68 for evacuation
[2024-08-27T15:00:33.484+0000][info][gc,phases   ] GC(38)   Pre Evacuate Collection Set: 0.2ms
[2024-08-27T15:00:33.484+0000][info][gc,phases   ] GC(38)   Merge Heap Roots: 0.8ms
[2024-08-27T15:00:33.484+0000][info][gc,phases   ] GC(38)   Evacuate Collection Set: 6.7ms
[2024-08-27T15:00:33.484+0000][info][gc,phases   ] GC(38)   Post Evacuate Collection Set: 0.6ms
[2024-08-27T15:00:33.484+0000][info][gc,phases   ] GC(38)   Other: 0.3ms
[2024-08-27T15:00:33.484+0000][info][gc,heap     ] GC(38) Eden regions: 11->0(44)
[2024-08-27T15:00:33.484+0000][info][gc,heap     ] GC(38) Survivor regions: 7->7(7)
[2024-08-27T15:00:33.484+0000][info][gc,heap     ] GC(38) Old regions: 978->992
[2024-08-27T15:00:33.484+0000][info][gc,heap     ] GC(38) Archive regions: 2->2
[2024-08-27T15:00:33.484+0000][info][gc,heap     ] GC(38) Humongous regions: 5->5
[2024-08-27T15:00:33.484+0000][info][gc,metaspace] GC(38) Metaspace: 100K(320K)->100K(320K) NonClass: 96K(192K)->96K(192K) Class: 4K(128K)->4K(128K)
[2024-08-27T15:00:33.484+0000][info][gc          ] GC(38) Pause Young (Normal) (G1 Preventive Collection) 1001M->1004M(1024M) 8.719ms
[2024-08-27T15:00:33.484+0000][info][gc,cpu      ] GC(38) User=0.18s Sys=0.00s Real=0.01s
[2024-08-27T15:00:33.488+0000][info][gc,start    ] GC(39) Pause Young (Normal) (G1 Preventive Collection)
[2024-08-27T15:00:33.488+0000][info][gc,task     ] GC(39) Using 24 workers of 68 for evacuation
[2024-08-27T15:00:33.496+0000][info][gc          ] GC(39) To-space exhausted
[2024-08-27T15:00:33.496+0000][info][gc,phases   ] GC(39)   Pre Evacuate Collection Set: 0.2ms
[2024-08-27T15:00:33.496+0000][info][gc,phases   ] GC(39)   Merge Heap Roots: 0.9ms
[2024-08-27T15:00:33.496+0000][info][gc,phases   ] GC(39)   Evacuate Collection Set: 5.8ms
[2024-08-27T15:00:33.496+0000][info][gc,phases   ] GC(39)   Post Evacuate Collection Set: 0.9ms
[2024-08-27T15:00:33.496+0000][info][gc,phases   ] GC(39)   Other: 0.3ms
[2024-08-27T15:00:33.496+0000][info][gc,heap     ] GC(39) Eden regions: 5->0(46)
[2024-08-27T15:00:33.496+0000][info][gc,heap     ] GC(39) Survivor regions: 7->5(7)
[2024-08-27T15:00:33.496+0000][info][gc,heap     ] GC(39) Old regions: 992->1011
[2024-08-27T15:00:33.496+0000][info][gc,heap     ] GC(39) Archive regions: 2->2
[2024-08-27T15:00:33.496+0000][info][gc,heap     ] GC(39) Humongous regions: 5->5
[2024-08-27T15:00:33.496+0000][info][gc,metaspace] GC(39) Metaspace: 100K(320K)->100K(320K) NonClass: 96K(192K)->96K(192K) Class: 4K(128K)->4K(128K)
[2024-08-27T15:00:33.496+0000][info][gc          ] GC(39) Pause Young (Normal) (G1 Preventive Collection) 1009M->1021M(1024M) 8.128ms
[2024-08-27T15:00:33.496+0000][info][gc,cpu      ] GC(39) User=0.16s Sys=0.00s Real=0.01s
[2024-08-27T15:00:33.497+0000][info][gc,start    ] GC(40) Pause Young (Normal) (G1 Evacuation Pause)
[2024-08-27T15:00:33.497+0000][info][gc,task     ] GC(40) Using 24 workers of 68 for evacuation
[2024-08-27T15:00:33.503+0000][info][gc          ] GC(40) To-space exhausted
[2024-08-27T15:00:33.503+0000][info][gc,phases   ] GC(40)   Pre Evacuate Collection Set: 0.2ms
[2024-08-27T15:00:33.503+0000][info][gc,phases   ] GC(40)   Merge Heap Roots: 0.7ms
[2024-08-27T15:00:33.503+0000][info][gc,phases   ] GC(40)   Evacuate Collection Set: 4.2ms
[2024-08-27T15:00:33.503+0000][info][gc,phases   ] GC(40)   Post Evacuate Collection Set: 1.1ms
[2024-08-27T15:00:33.503+0000][info][gc,phases   ] GC(40)   Other: 0.3ms
[2024-08-27T15:00:33.503+0000][info][gc,heap     ] GC(40) Eden regions: 1->0(51)
[2024-08-27T15:00:33.503+0000][info][gc,heap     ] GC(40) Survivor regions: 5->0(0)
[2024-08-27T15:00:33.504+0000][info][gc,heap     ] GC(40) Old regions: 1011->1017
[2024-08-27T15:00:33.504+0000][info][gc,heap     ] GC(40) Archive regions: 2->2
[2024-08-27T15:00:33.504+0000][info][gc,heap     ] GC(40) Humongous regions: 5->5
[2024-08-27T15:00:33.504+0000][info][gc,metaspace] GC(40) Metaspace: 100K(320K)->100K(320K) NonClass: 96K(192K)->96K(192K) Class: 4K(128K)->4K(128K)
[2024-08-27T15:00:33.504+0000][info][gc          ] GC(40) Pause Young (Normal) (G1 Evacuation Pause) 1022M->1022M(1024M) 6.503ms
[2024-08-27T15:00:33.504+0000][info][gc,cpu      ] GC(40) User=0.13s Sys=0.00s Real=0.01s
[2024-08-27T15:00:33.504+0000][info][gc,ergo     ] Attempting full compaction
[2024-08-27T15:00:33.504+0000][info][gc,task     ] GC(41) Using 24 workers of 68 for full compaction
[2024-08-27T15:00:33.505+0000][info][gc,start    ] GC(41) Pause Full (G1 Compaction Pause)
[2024-08-27T15:00:33.506+0000][info][gc,phases,start] GC(41) Phase 1: Mark live objects
[2024-08-27T15:00:33.520+0000][info][gc,phases      ] GC(41) Phase 1: Mark live objects 14.517ms
[2024-08-27T15:00:33.520+0000][info][gc,phases,start] GC(41) Phase 2: Prepare for compaction
[2024-08-27T15:00:33.531+0000][info][gc,phases      ] GC(41) Phase 2: Prepare for compaction 10.741ms
[2024-08-27T15:00:33.531+0000][info][gc,phases,start] GC(41) Phase 3: Adjust pointers
[2024-08-27T15:00:33.548+0000][info][gc,phases      ] GC(41) Phase 3: Adjust pointers 16.690ms
[2024-08-27T15:00:33.548+0000][info][gc,phases,start] GC(41) Phase 4: Compact heap
[2024-08-27T15:00:33.587+0000][info][gc,phases      ] GC(41) Phase 4: Compact heap 38.704ms
[2024-08-27T15:00:33.588+0000][info][gc,heap        ] GC(41) Eden regions: 0->0(149)
[2024-08-27T15:00:33.588+0000][info][gc,heap        ] GC(41) Survivor regions: 0->0(0)
[2024-08-27T15:00:33.588+0000][info][gc,heap        ] GC(41) Old regions: 1017->445
[2024-08-27T15:00:33.588+0000][info][gc,heap        ] GC(41) Archive regions: 2->2
[2024-08-27T15:00:33.588+0000][info][gc,heap        ] GC(41) Humongous regions: 5->5
[2024-08-27T15:00:33.588+0000][info][gc,metaspace   ] GC(41) Metaspace: 100K(320K)->100K(320K) NonClass: 96K(192K)->96K(192K) Class: 4K(128K)->4K(128K)
[2024-08-27T15:00:33.588+0000][info][gc             ] GC(41) Pause Full (G1 Compaction Pause) 1022M->436M(1024M) 83.454ms
[2024-08-27T15:00:33.589+0000][info][gc,cpu         ] GC(41) User=1.50s Sys=0.14s Real=0.08s
[2024-08-27T15:00:33.589+0000][info][gc,marking     ] GC(34) Concurrent Rebuild Remembered Sets 210.971ms
[2024-08-27T15:00:33.590+0000][info][gc,marking     ] GC(34) Concurrent Mark Abort
[2024-08-27T15:00:33.590+0000][info][gc             ] GC(34) Concurrent Mark Cycle 256.769ms
[2024-08-27T15:00:33.666+0000][info][gc,start       ] GC(42) Pause Young (Normal) (G1 Evacuation Pause)
[2024-08-27T15:00:33.666+0000][info][gc,task        ] GC(42) Using 24 workers of 68 for evacuation
[2024-08-27T15:00:33.693+0000][info][gc,phases      ] GC(42)   Pre Evacuate Collection Set: 0.2ms
[2024-08-27T15:00:33.693+0000][info][gc,phases      ] GC(42)   Merge Heap Roots: 0.7ms
[2024-08-27T15:00:33.693+0000][info][gc,phases      ] GC(42)   Evacuate Collection Set: 25.2ms
[2024-08-27T15:00:33.693+0000][info][gc,phases      ] GC(42)   Post Evacuate Collection Set: 0.5ms
[2024-08-27T15:00:33.693+0000][info][gc,phases      ] GC(42)   Other: 0.4ms
[2024-08-27T15:00:33.693+0000][info][gc,heap        ] GC(42) Eden regions: 149->0(102)
[2024-08-27T15:00:33.694+0000][info][gc,heap        ] GC(42) Survivor regions: 0->19(19)
[2024-08-27T15:00:33.694+0000][info][gc,heap        ] GC(42) Old regions: 445->572
[2024-08-27T15:00:33.694+0000][info][gc,heap        ] GC(42) Archive regions: 2->2
[2024-08-27T15:00:33.694+0000][info][gc,heap        ] GC(42) Humongous regions: 5->5
[2024-08-27T15:00:33.694+0000][info][gc,metaspace   ] GC(42) Metaspace: 100K(320K)->100K(320K) NonClass: 96K(192K)->96K(192K) Class: 4K(128K)->4K(128K)
[2024-08-27T15:00:33.694+0000][info][gc             ] GC(42) Pause Young (Normal) (G1 Evacuation Pause) 585M->582M(1024M) 27.195ms
[2024-08-27T15:00:33.694+0000][info][gc,cpu         ] GC(42) User=0.50s Sys=0.09s Real=0.03s
[2024-08-27T15:00:33.748+0000][info][gc,start       ] GC(43) Pause Young (Concurrent Start) (G1 Evacuation Pause)
[2024-08-27T15:00:33.748+0000][info][gc,task        ] GC(43) Using 24 workers of 68 for evacuation
[2024-08-27T15:00:33.771+0000][info][gc,phases      ] GC(43)   Pre Evacuate Collection Set: 0.2ms
[2024-08-27T15:00:33.771+0000][info][gc,phases      ] GC(43)   Merge Heap Roots: 0.7ms
[2024-08-27T15:00:33.771+0000][info][gc,phases      ] GC(43)   Evacuate Collection Set: 20.7ms
[2024-08-27T15:00:33.771+0000][info][gc,phases      ] GC(43)   Post Evacuate Collection Set: 0.5ms
[2024-08-27T15:00:33.771+0000][info][gc,phases      ] GC(43)   Other: 1.1ms
[2024-08-27T15:00:33.771+0000][info][gc,heap        ] GC(43) Eden regions: 102->0(70)
[2024-08-27T15:00:33.771+0000][info][gc,heap        ] GC(43) Survivor regions: 19->16(16)
[2024-08-27T15:00:33.771+0000][info][gc,heap        ] GC(43) Old regions: 572->677
[2024-08-27T15:00:33.771+0000][info][gc,heap        ] GC(43) Archive regions: 2->2
[2024-08-27T15:00:33.771+0000][info][gc,heap        ] GC(43) Humongous regions: 5->5
[2024-08-27T15:00:33.771+0000][info][gc,metaspace   ] GC(43) Metaspace: 100K(320K)->100K(320K) NonClass: 96K(192K)->96K(192K) Class: 4K(128K)->4K(128K)
[2024-08-27T15:00:33.771+0000][info][gc             ] GC(43) Pause Young (Concurrent Start) (G1 Evacuation Pause) 684M->684M(1024M) 23.378ms
[2024-08-27T15:00:33.771+0000][info][gc,cpu         ] GC(43) User=0.51s Sys=0.00s Real=0.03s
[2024-08-27T15:00:33.771+0000][info][gc             ] GC(44) Concurrent Mark Cycle
[2024-08-27T15:00:33.771+0000][info][gc,marking     ] GC(44) Concurrent Clear Claimed Marks
[2024-08-27T15:00:33.771+0000][info][gc,marking     ] GC(44) Concurrent Clear Claimed Marks 0.013ms
[2024-08-27T15:00:33.771+0000][info][gc,marking     ] GC(44) Concurrent Scan Root Regions
[2024-08-27T15:00:33.776+0000][info][gc,marking     ] GC(44) Concurrent Scan Root Regions 4.786ms
[2024-08-27T15:00:33.776+0000][info][gc,marking     ] GC(44) Concurrent Mark
[2024-08-27T15:00:33.776+0000][info][gc,marking     ] GC(44) Concurrent Mark From Roots
[2024-08-27T15:00:33.776+0000][info][gc,task        ] GC(44) Using 17 workers of 17 for marking
[2024-08-27T15:00:33.800+0000][info][gc,marking     ] GC(44) Concurrent Mark From Roots 23.221ms
[2024-08-27T15:00:33.800+0000][info][gc,marking     ] GC(44) Concurrent Preclean
[2024-08-27T15:00:33.800+0000][info][gc,marking     ] GC(44) Concurrent Preclean 0.541ms
[2024-08-27T15:00:33.800+0000][info][gc,start       ] GC(44) Pause Remark
[2024-08-27T15:00:33.802+0000][info][gc             ] GC(44) Pause Remark 715M->715M(1024M) 1.669ms
[2024-08-27T15:00:33.802+0000][info][gc,cpu         ] GC(44) User=0.01s Sys=0.00s Real=0.00s
[2024-08-27T15:00:33.802+0000][info][gc,marking     ] GC(44) Concurrent Mark 26.029ms
[2024-08-27T15:00:33.802+0000][info][gc,marking     ] GC(44) Concurrent Rebuild Remembered Sets
[2024-08-27T15:00:33.828+0000][info][gc,start       ] GC(45) Pause Young (Normal) (G1 Evacuation Pause)
[2024-08-27T15:00:33.829+0000][info][gc,task        ] GC(45) Using 24 workers of 68 for evacuation
[2024-08-27T15:00:33.848+0000][info][gc,phases      ] GC(45)   Pre Evacuate Collection Set: 0.2ms
[2024-08-27T15:00:33.848+0000][info][gc,phases      ] GC(45)   Merge Heap Roots: 0.5ms
[2024-08-27T15:00:33.848+0000][info][gc,phases      ] GC(45)   Evacuate Collection Set: 18.1ms
[2024-08-27T15:00:33.848+0000][info][gc,phases      ] GC(45)   Post Evacuate Collection Set: 0.6ms
[2024-08-27T15:00:33.848+0000][info][gc,phases      ] GC(45)   Other: 0.3ms
[2024-08-27T15:00:33.848+0000][info][gc,heap        ] GC(45) Eden regions: 70->0(46)
[2024-08-27T15:00:33.848+0000][info][gc,heap        ] GC(45) Survivor regions: 16->11(11)
[2024-08-27T15:00:33.848+0000][info][gc,heap        ] GC(45) Old regions: 676->754
[2024-08-27T15:00:33.848+0000][info][gc,heap        ] GC(45) Archive regions: 2->2
[2024-08-27T15:00:33.848+0000][info][gc,heap        ] GC(45) Humongous regions: 5->5
[2024-08-27T15:00:33.848+0000][info][gc,metaspace   ] GC(45) Metaspace: 100K(320K)->100K(320K) NonClass: 96K(192K)->96K(192K) Class: 4K(128K)->4K(128K)
[2024-08-27T15:00:33.848+0000][info][gc             ] GC(45) Pause Young (Normal) (G1 Evacuation Pause) 754M->757M(1024M) 19.941ms
[2024-08-27T15:00:33.848+0000][info][gc,cpu         ] GC(45) User=0.45s Sys=0.00s Real=0.02s
[2024-08-27T15:00:33.879+0000][info][gc,start       ] GC(46) Pause Young (Normal) (G1 Evacuation Pause)
[2024-08-27T15:00:33.879+0000][info][gc,task        ] GC(46) Using 24 workers of 68 for evacuation
[2024-08-27T15:00:33.899+0000][info][gc,phases      ] GC(46)   Pre Evacuate Collection Set: 0.2ms
[2024-08-27T15:00:33.899+0000][info][gc,phases      ] GC(46)   Merge Heap Roots: 0.9ms
[2024-08-27T15:00:33.899+0000][info][gc,phases      ] GC(46)   Evacuate Collection Set: 17.3ms
[2024-08-27T15:00:33.899+0000][info][gc,phases      ] GC(46)   Post Evacuate Collection Set: 0.8ms
[2024-08-27T15:00:33.899+0000][info][gc,phases      ] GC(46)   Other: 0.4ms
[2024-08-27T15:00:33.899+0000][info][gc,heap        ] GC(46) Eden regions: 46->0(43)
[2024-08-27T15:00:33.899+0000][info][gc,heap        ] GC(46) Survivor regions: 11->8(8)
[2024-08-27T15:00:33.899+0000][info][gc,heap        ] GC(46) Old regions: 754->808
[2024-08-27T15:00:33.899+0000][info][gc,heap        ] GC(46) Archive regions: 2->2
[2024-08-27T15:00:33.899+0000][info][gc,heap        ] GC(46) Humongous regions: 5->5
[2024-08-27T15:00:33.899+0000][info][gc,metaspace   ] GC(46) Metaspace: 100K(320K)->100K(320K) NonClass: 96K(192K)->96K(192K) Class: 4K(128K)->4K(128K)
[2024-08-27T15:00:33.899+0000][info][gc             ] GC(46) Pause Young (Normal) (G1 Evacuation Pause) 803M->808M(1024M) 19.662ms
[2024-08-27T15:00:33.899+0000][info][gc,cpu         ] GC(46) User=0.42s Sys=0.03s Real=0.02s
[2024-08-27T15:00:33.906+0000][info][gc,marking     ] GC(44) Concurrent Rebuild Remembered Sets 104.119ms
[2024-08-27T15:00:33.907+0000][info][gc,start       ] GC(44) Pause Cleanup
[2024-08-27T15:00:33.909+0000][info][gc             ] GC(44) Pause Cleanup 820M->820M(1024M) 2.128ms
[2024-08-27T15:00:33.909+0000][info][gc,cpu         ] GC(44) User=0.00s Sys=0.00s Real=0.00s
[2024-08-27T15:00:33.909+0000][info][gc,marking     ] GC(44) Concurrent Cleanup for Next Mark
[2024-08-27T15:00:33.910+0000][info][gc,marking     ] GC(44) Concurrent Cleanup for Next Mark 0.758ms
[2024-08-27T15:00:33.910+0000][info][gc             ] GC(44) Concurrent Mark Cycle 138.605ms
[2024-08-27T15:00:33.928+0000][info][gc,start       ] GC(47) Pause Young (Prepare Mixed) (G1 Evacuation Pause)
[2024-08-27T15:00:33.928+0000][info][gc,task        ] GC(47) Using 24 workers of 68 for evacuation
[2024-08-27T15:00:33.943+0000][info][gc,phases      ] GC(47)   Pre Evacuate Collection Set: 0.2ms
[2024-08-27T15:00:33.943+0000][info][gc,phases      ] GC(47)   Merge Heap Roots: 0.9ms
[2024-08-27T15:00:33.943+0000][info][gc,phases      ] GC(47)   Evacuate Collection Set: 13.5ms
[2024-08-27T15:00:33.943+0000][info][gc,phases      ] GC(47)   Post Evacuate Collection Set: 0.4ms
[2024-08-27T15:00:33.943+0000][info][gc,phases      ] GC(47)   Other: 0.3ms
[2024-08-27T15:00:33.943+0000][info][gc,heap        ] GC(47) Eden regions: 43->0(44)
[2024-08-27T15:00:33.943+0000][info][gc,heap        ] GC(47) Survivor regions: 8->7(7)
[2024-08-27T15:00:33.943+0000][info][gc,heap        ] GC(47) Old regions: 808->856
[2024-08-27T15:00:33.943+0000][info][gc,heap        ] GC(47) Archive regions: 2->2
[2024-08-27T15:00:33.943+0000][info][gc,heap        ] GC(47) Humongous regions: 5->5
[2024-08-27T15:00:33.943+0000][info][gc,metaspace   ] GC(47) Metaspace: 100K(320K)->100K(320K) NonClass: 96K(192K)->96K(192K) Class: 4K(128K)->4K(128K)
[2024-08-27T15:00:33.943+0000][info][gc             ] GC(47) Pause Young (Prepare Mixed) (G1 Evacuation Pause) 851M->855M(1024M) 15.413ms
[2024-08-27T15:00:33.943+0000][info][gc,cpu         ] GC(47) User=0.34s Sys=0.00s Real=0.02s
[2024-08-27T15:00:33.972+0000][info][gc,start       ] GC(48) Pause Young (Mixed) (G1 Evacuation Pause)
[2024-08-27T15:00:33.972+0000][info][gc,task        ] GC(48) Using 24 workers of 68 for evacuation
[2024-08-27T15:00:33.986+0000][info][gc,phases      ] GC(48)   Pre Evacuate Collection Set: 0.4ms
[2024-08-27T15:00:33.986+0000][info][gc,phases      ] GC(48)   Merge Heap Roots: 0.5ms
[2024-08-27T15:00:33.986+0000][info][gc,phases      ] GC(48)   Evacuate Collection Set: 12.3ms
[2024-08-27T15:00:33.986+0000][info][gc,phases      ] GC(48)   Post Evacuate Collection Set: 0.4ms
[2024-08-27T15:00:33.986+0000][info][gc,phases      ] GC(48)   Other: 0.2ms
[2024-08-27T15:00:33.986+0000][info][gc,heap        ] GC(48) Eden regions: 44->0(44)
[2024-08-27T15:00:33.986+0000][info][gc,heap        ] GC(48) Survivor regions: 7->7(7)
[2024-08-27T15:00:33.986+0000][info][gc,heap        ] GC(48) Old regions: 856->801
[2024-08-27T15:00:33.986+0000][info][gc,heap        ] GC(48) Archive regions: 2->2
[2024-08-27T15:00:33.986+0000][info][gc,heap        ] GC(48) Humongous regions: 5->5
[2024-08-27T15:00:33.986+0000][info][gc,metaspace   ] GC(48) Metaspace: 100K(320K)->100K(320K) NonClass: 96K(192K)->96K(192K) Class: 4K(128K)->4K(128K)
[2024-08-27T15:00:33.986+0000][info][gc             ] GC(48) Pause Young (Mixed) (G1 Evacuation Pause) 899M->807M(1024M) 14.026ms
[2024-08-27T15:00:33.986+0000][info][gc,cpu         ] GC(48) User=0.29s Sys=0.00s Real=0.01s
[2024-08-27T15:00:34.016+0000][info][gc,start       ] GC(49) Pause Young (Mixed) (G1 Evacuation Pause)
[2024-08-27T15:00:34.016+0000][info][gc,task        ] GC(49) Using 24 workers of 68 for evacuation
[2024-08-27T15:00:34.030+0000][info][gc,phases      ] GC(49)   Pre Evacuate Collection Set: 0.2ms
[2024-08-27T15:00:34.030+0000][info][gc,phases      ] GC(49)   Merge Heap Roots: 0.6ms
[2024-08-27T15:00:34.030+0000][info][gc,phases      ] GC(49)   Evacuate Collection Set: 13.1ms
[2024-08-27T15:00:34.030+0000][info][gc,phases      ] GC(49)   Post Evacuate Collection Set: 0.4ms
[2024-08-27T15:00:34.030+0000][info][gc,phases      ] GC(49)   Other: 0.3ms
[2024-08-27T15:00:34.030+0000][info][gc,heap        ] GC(49) Eden regions: 44->0(46)
[2024-08-27T15:00:34.030+0000][info][gc,heap        ] GC(49) Survivor regions: 7->7(7)
[2024-08-27T15:00:34.030+0000][info][gc,heap        ] GC(49) Old regions: 801->758
[2024-08-27T15:00:34.030+0000][info][gc,heap        ] GC(49) Archive regions: 2->2
[2024-08-27T15:00:34.030+0000][info][gc,heap        ] GC(49) Humongous regions: 5->5
[2024-08-27T15:00:34.030+0000][info][gc,metaspace   ] GC(49) Metaspace: 100K(320K)->100K(320K) NonClass: 96K(192K)->96K(192K) Class: 4K(128K)->4K(128K)
[2024-08-27T15:00:34.031+0000][info][gc             ] GC(49) Pause Young (Mixed) (G1 Evacuation Pause) 851M->765M(1024M) 14.795ms
[2024-08-27T15:00:34.031+0000][info][gc,cpu         ] GC(49) User=0.33s Sys=0.00s Real=0.02s
[2024-08-27T15:00:34.062+0000][info][gc,start       ] GC(50) Pause Young (Concurrent Start) (G1 Evacuation Pause)
[2024-08-27T15:00:34.062+0000][info][gc,task        ] GC(50) Using 24 workers of 68 for evacuation
[2024-08-27T15:00:34.076+0000][info][gc,phases      ] GC(50)   Pre Evacuate Collection Set: 0.2ms
[2024-08-27T15:00:34.076+0000][info][gc,phases      ] GC(50)   Merge Heap Roots: 0.5ms
[2024-08-27T15:00:34.076+0000][info][gc,phases      ] GC(50)   Evacuate Collection Set: 12.2ms
[2024-08-27T15:00:34.076+0000][info][gc,phases      ] GC(50)   Post Evacuate Collection Set: 0.3ms
[2024-08-27T15:00:34.076+0000][info][gc,phases      ] GC(50)   Other: 0.9ms
[2024-08-27T15:00:34.076+0000][info][gc,heap        ] GC(50) Eden regions: 46->0(44)
[2024-08-27T15:00:34.076+0000][info][gc,heap        ] GC(50) Survivor regions: 7->7(7)
[2024-08-27T15:00:34.076+0000][info][gc,heap        ] GC(50) Old regions: 758->807
[2024-08-27T15:00:34.076+0000][info][gc,heap        ] GC(50) Archive regions: 2->2
[2024-08-27T15:00:34.076+0000][info][gc,heap        ] GC(50) Humongous regions: 5->5
[2024-08-27T15:00:34.076+0000][info][gc,metaspace   ] GC(50) Metaspace: 100K(320K)->100K(320K) NonClass: 96K(192K)->96K(192K) Class: 4K(128K)->4K(128K)
[2024-08-27T15:00:34.076+0000][info][gc             ] GC(50) Pause Young (Concurrent Start) (G1 Evacuation Pause) 811M->815M(1024M) 14.257ms
[2024-08-27T15:00:34.076+0000][info][gc,cpu         ] GC(50) User=0.31s Sys=0.00s Real=0.01s
[2024-08-27T15:00:34.076+0000][info][gc             ] GC(51) Concurrent Mark Cycle
[2024-08-27T15:00:34.076+0000][info][gc,marking     ] GC(51) Concurrent Clear Claimed Marks
[2024-08-27T15:00:34.076+0000][info][gc,marking     ] GC(51) Concurrent Clear Claimed Marks 0.011ms
[2024-08-27T15:00:34.076+0000][info][gc,marking     ] GC(51) Concurrent Scan Root Regions
[2024-08-27T15:00:34.078+0000][info][gc,marking     ] GC(51) Concurrent Scan Root Regions 1.932ms
[2024-08-27T15:00:34.078+0000][info][gc,marking     ] GC(51) Concurrent Mark
[2024-08-27T15:00:34.078+0000][info][gc,marking     ] GC(51) Concurrent Mark From Roots
[2024-08-27T15:00:34.078+0000][info][gc,task        ] GC(51) Using 17 workers of 17 for marking
[2024-08-27T15:00:34.103+0000][info][gc,marking     ] GC(51) Concurrent Mark From Roots 24.814ms
[2024-08-27T15:00:34.103+0000][info][gc,marking     ] GC(51) Concurrent Preclean
[2024-08-27T15:00:34.104+0000][info][gc,marking     ] GC(51) Concurrent Preclean 0.505ms
[2024-08-27T15:00:34.104+0000][info][gc,start       ] GC(51) Pause Remark
[2024-08-27T15:00:34.106+0000][info][gc             ] GC(51) Pause Remark 843M->843M(1024M) 1.826ms
[2024-08-27T15:00:34.106+0000][info][gc,cpu         ] GC(51) User=0.01s Sys=0.00s Real=0.00s
[2024-08-27T15:00:34.106+0000][info][gc,marking     ] GC(51) Concurrent Mark 27.681ms
[2024-08-27T15:00:34.106+0000][info][gc,marking     ] GC(51) Concurrent Rebuild Remembered Sets
[2024-08-27T15:00:34.117+0000][info][gc,start       ] GC(52) Pause Young (Normal) (G1 Evacuation Pause)
[2024-08-27T15:00:34.117+0000][info][gc,task        ] GC(52) Using 24 workers of 68 for evacuation
[2024-08-27T15:00:34.131+0000][info][gc,phases      ] GC(52)   Pre Evacuate Collection Set: 0.2ms
[2024-08-27T15:00:34.131+0000][info][gc,phases      ] GC(52)   Merge Heap Roots: 0.4ms
[2024-08-27T15:00:34.131+0000][info][gc,phases      ] GC(52)   Evacuate Collection Set: 12.4ms
[2024-08-27T15:00:34.131+0000][info][gc,phases      ] GC(52)   Post Evacuate Collection Set: 0.4ms
[2024-08-27T15:00:34.131+0000][info][gc,phases      ] GC(52)   Other: 0.3ms
[2024-08-27T15:00:34.131+0000][info][gc,heap        ] GC(52) Eden regions: 44->0(44)
[2024-08-27T15:00:34.131+0000][info][gc,heap        ] GC(52) Survivor regions: 7->7(7)
[2024-08-27T15:00:34.131+0000][info][gc,heap        ] GC(52) Old regions: 807->854
[2024-08-27T15:00:34.131+0000][info][gc,heap        ] GC(52) Archive regions: 2->2
[2024-08-27T15:00:34.131+0000][info][gc,heap        ] GC(52) Humongous regions: 5->5
[2024-08-27T15:00:34.131+0000][info][gc,metaspace   ] GC(52) Metaspace: 100K(320K)->100K(320K) NonClass: 96K(192K)->96K(192K) Class: 4K(128K)->4K(128K)
[2024-08-27T15:00:34.131+0000][info][gc             ] GC(52) Pause Young (Normal) (G1 Evacuation Pause) 859M->862M(1024M) 13.861ms
[2024-08-27T15:00:34.131+0000][info][gc,cpu         ] GC(52) User=0.31s Sys=0.00s Real=0.02s
[2024-08-27T15:00:34.163+0000][info][gc,start       ] GC(53) Pause Young (Normal) (G1 Evacuation Pause)
[2024-08-27T15:00:34.163+0000][info][gc,task        ] GC(53) Using 24 workers of 68 for evacuation
[2024-08-27T15:00:34.180+0000][info][gc,phases      ] GC(53)   Pre Evacuate Collection Set: 0.2ms
[2024-08-27T15:00:34.180+0000][info][gc,phases      ] GC(53)   Merge Heap Roots: 0.5ms
[2024-08-27T15:00:34.180+0000][info][gc,phases      ] GC(53)   Evacuate Collection Set: 15.9ms
[2024-08-27T15:00:34.180+0000][info][gc,phases      ] GC(53)   Post Evacuate Collection Set: 0.6ms
[2024-08-27T15:00:34.180+0000][info][gc,phases      ] GC(53)   Other: 0.3ms
[2024-08-27T15:00:34.180+0000][info][gc,heap        ] GC(53) Eden regions: 44->0(44)
[2024-08-27T15:00:34.180+0000][info][gc,heap        ] GC(53) Survivor regions: 7->7(7)
[2024-08-27T15:00:34.180+0000][info][gc,heap        ] GC(53) Old regions: 854->901
[2024-08-27T15:00:34.180+0000][info][gc,heap        ] GC(53) Archive regions: 2->2
[2024-08-27T15:00:34.180+0000][info][gc,heap        ] GC(53) Humongous regions: 5->5
[2024-08-27T15:00:34.180+0000][info][gc,metaspace   ] GC(53) Metaspace: 100K(320K)->100K(320K) NonClass: 96K(192K)->96K(192K) Class: 4K(128K)->4K(128K)
[2024-08-27T15:00:34.180+0000][info][gc             ] GC(53) Pause Young (Normal) (G1 Evacuation Pause) 906M->909M(1024M) 17.464ms
[2024-08-27T15:00:34.180+0000][info][gc,cpu         ] GC(53) User=0.38s Sys=0.02s Real=0.02s
[2024-08-27T15:00:34.202+0000][info][gc,marking     ] GC(51) Concurrent Rebuild Remembered Sets 96.047ms
[2024-08-27T15:00:34.202+0000][info][gc,start       ] GC(51) Pause Cleanup
[2024-08-27T15:00:34.205+0000][info][gc             ] GC(51) Pause Cleanup 940M->940M(1024M) 2.820ms
[2024-08-27T15:00:34.205+0000][info][gc,cpu         ] GC(51) User=0.01s Sys=0.00s Real=0.00s
[2024-08-27T15:00:34.205+0000][info][gc,marking     ] GC(51) Concurrent Cleanup for Next Mark
[2024-08-27T15:00:34.206+0000][info][gc,marking     ] GC(51) Concurrent Cleanup for Next Mark 0.625ms
[2024-08-27T15:00:34.206+0000][info][gc             ] GC(51) Concurrent Mark Cycle 129.928ms
[2024-08-27T15:00:34.216+0000][info][gc,start       ] GC(54) Pause Young (Prepare Mixed) (G1 Evacuation Pause)
[2024-08-27T15:00:34.216+0000][info][gc,task        ] GC(54) Using 24 workers of 68 for evacuation
[2024-08-27T15:00:34.232+0000][info][gc,phases      ] GC(54)   Pre Evacuate Collection Set: 0.1ms
[2024-08-27T15:00:34.232+0000][info][gc,phases      ] GC(54)   Merge Heap Roots: 0.4ms
[2024-08-27T15:00:34.232+0000][info][gc,phases      ] GC(54)   Evacuate Collection Set: 15.4ms
[2024-08-27T15:00:34.232+0000][info][gc,phases      ] GC(54)   Post Evacuate Collection Set: 0.4ms
[2024-08-27T15:00:34.232+0000][info][gc,phases      ] GC(54)   Other: 0.2ms
[2024-08-27T15:00:34.232+0000][info][gc,heap        ] GC(54) Eden regions: 44->0(44)
[2024-08-27T15:00:34.232+0000][info][gc,heap        ] GC(54) Survivor regions: 7->7(7)
[2024-08-27T15:00:34.232+0000][info][gc,heap        ] GC(54) Old regions: 901->948
[2024-08-27T15:00:34.232+0000][info][gc,heap        ] GC(54) Archive regions: 2->2
[2024-08-27T15:00:34.232+0000][info][gc,heap        ] GC(54) Humongous regions: 5->5
[2024-08-27T15:00:34.232+0000][info][gc,metaspace   ] GC(54) Metaspace: 100K(320K)->100K(320K) NonClass: 96K(192K)->96K(192K) Class: 4K(128K)->4K(128K)
[2024-08-27T15:00:34.233+0000][info][gc             ] GC(54) Pause Young (Prepare Mixed) (G1 Evacuation Pause) 953M->955M(1024M) 16.691ms
[2024-08-27T15:00:34.233+0000][info][gc,cpu         ] GC(54) User=0.38s Sys=0.00s Real=0.02s
[2024-08-27T15:00:34.250+0000][info][gc,start       ] GC(55) Pause Young (Mixed) (G1 Preventive Collection)
[2024-08-27T15:00:34.250+0000][info][gc,task        ] GC(55) Using 24 workers of 68 for evacuation
[2024-08-27T15:00:34.260+0000][info][gc,phases      ] GC(55)   Pre Evacuate Collection Set: 0.2ms
[2024-08-27T15:00:34.260+0000][info][gc,phases      ] GC(55)   Merge Heap Roots: 0.4ms
[2024-08-27T15:00:34.260+0000][info][gc,phases      ] GC(55)   Evacuate Collection Set: 9.3ms
[2024-08-27T15:00:34.260+0000][info][gc,phases      ] GC(55)   Post Evacuate Collection Set: 0.4ms
[2024-08-27T15:00:34.261+0000][info][gc,phases      ] GC(55)   Other: 0.3ms
[2024-08-27T15:00:34.261+0000][info][gc,heap        ] GC(55) Eden regions: 25->0(44)
[2024-08-27T15:00:34.261+0000][info][gc,heap        ] GC(55) Survivor regions: 7->7(7)
[2024-08-27T15:00:34.261+0000][info][gc,heap        ] GC(55) Old regions: 948->874
[2024-08-27T15:00:34.261+0000][info][gc,heap        ] GC(55) Archive regions: 2->2
[2024-08-27T15:00:34.261+0000][info][gc,heap        ] GC(55) Humongous regions: 5->5
[2024-08-27T15:00:34.261+0000][info][gc,metaspace   ] GC(55) Metaspace: 100K(320K)->100K(320K) NonClass: 96K(192K)->96K(192K) Class: 4K(128K)->4K(128K)
[2024-08-27T15:00:34.261+0000][info][gc             ] GC(55) Pause Young (Mixed) (G1 Preventive Collection) 980M->884M(1024M) 10.700ms
[2024-08-27T15:00:34.261+0000][info][gc,cpu         ] GC(55) User=0.23s Sys=0.00s Real=0.01s
[2024-08-27T15:00:34.289+0000][info][gc,start       ] GC(56) Pause Young (Mixed) (G1 Evacuation Pause)
[2024-08-27T15:00:34.289+0000][info][gc,task        ] GC(56) Using 24 workers of 68 for evacuation
[2024-08-27T15:00:34.303+0000][info][gc,phases      ] GC(56)   Pre Evacuate Collection Set: 0.3ms
[2024-08-27T15:00:34.303+0000][info][gc,phases      ] GC(56)   Merge Heap Roots: 0.4ms
[2024-08-27T15:00:34.303+0000][info][gc,phases      ] GC(56)   Evacuate Collection Set: 12.1ms
[2024-08-27T15:00:34.303+0000][info][gc,phases      ] GC(56)   Post Evacuate Collection Set: 0.4ms
[2024-08-27T15:00:34.303+0000][info][gc,phases      ] GC(56)   Other: 0.3ms
[2024-08-27T15:00:34.303+0000][info][gc,heap        ] GC(56) Eden regions: 44->0(44)
[2024-08-27T15:00:34.303+0000][info][gc,heap        ] GC(56) Survivor regions: 7->7(7)
[2024-08-27T15:00:34.303+0000][info][gc,heap        ] GC(56) Old regions: 874->816
[2024-08-27T15:00:34.303+0000][info][gc,heap        ] GC(56) Archive regions: 2->2
[2024-08-27T15:00:34.303+0000][info][gc,heap        ] GC(56) Humongous regions: 5->5
[2024-08-27T15:00:34.303+0000][info][gc,metaspace   ] GC(56) Metaspace: 100K(320K)->100K(320K) NonClass: 96K(192K)->96K(192K) Class: 4K(128K)->4K(128K)
[2024-08-27T15:00:34.303+0000][info][gc             ] GC(56) Pause Young (Mixed) (G1 Evacuation Pause) 928M->828M(1024M) 13.611ms
[2024-08-27T15:00:34.303+0000][info][gc,cpu         ] GC(56) User=0.29s Sys=0.00s Real=0.02s
[2024-08-27T15:00:34.331+0000][info][gc,start       ] GC(57) Pause Young (Mixed) (G1 Evacuation Pause)
[2024-08-27T15:00:34.331+0000][info][gc,task        ] GC(57) Using 24 workers of 68 for evacuation
[2024-08-27T15:00:34.347+0000][info][gc,phases      ] GC(57)   Pre Evacuate Collection Set: 0.2ms
[2024-08-27T15:00:34.347+0000][info][gc,phases      ] GC(57)   Merge Heap Roots: 0.4ms
[2024-08-27T15:00:34.348+0000][info][gc,phases      ] GC(57)   Evacuate Collection Set: 14.9ms
[2024-08-27T15:00:34.348+0000][info][gc,phases      ] GC(57)   Post Evacuate Collection Set: 0.5ms
[2024-08-27T15:00:34.348+0000][info][gc,phases      ] GC(57)   Other: 0.3ms
[2024-08-27T15:00:34.348+0000][info][gc,heap        ] GC(57) Eden regions: 44->0(44)
[2024-08-27T15:00:34.348+0000][info][gc,heap        ] GC(57) Survivor regions: 7->7(7)
[2024-08-27T15:00:34.348+0000][info][gc,heap        ] GC(57) Old regions: 816->776
[2024-08-27T15:00:34.348+0000][info][gc,heap        ] GC(57) Archive regions: 2->2
[2024-08-27T15:00:34.348+0000][info][gc,heap        ] GC(57) Humongous regions: 5->5
[2024-08-27T15:00:34.348+0000][info][gc,metaspace   ] GC(57) Metaspace: 100K(320K)->100K(320K) NonClass: 96K(192K)->96K(192K) Class: 4K(128K)->4K(128K)
[2024-08-27T15:00:34.348+0000][info][gc             ] GC(57) Pause Young (Mixed) (G1 Evacuation Pause) 872M->788M(1024M) 16.535ms
[2024-08-27T15:00:34.348+0000][info][gc,cpu         ] GC(57) User=0.37s Sys=0.00s Real=0.01s
[2024-08-27T15:00:34.401+0000][info][gc,start       ] GC(58) Pause Young (Mixed) (G1 Evacuation Pause)
[2024-08-27T15:00:34.401+0000][info][gc,task        ] GC(58) Using 24 workers of 68 for evacuation
[2024-08-27T15:00:34.440+0000][info][gc,phases      ] GC(58)   Pre Evacuate Collection Set: 0.2ms
[2024-08-27T15:00:34.440+0000][info][gc,phases      ] GC(58)   Merge Heap Roots: 0.4ms
[2024-08-27T15:00:34.440+0000][info][gc,phases      ] GC(58)   Evacuate Collection Set: 37.4ms
[2024-08-27T15:00:34.440+0000][info][gc,phases      ] GC(58)   Post Evacuate Collection Set: 0.4ms
[2024-08-27T15:00:34.440+0000][info][gc,phases      ] GC(58)   Other: 0.4ms
[2024-08-27T15:00:34.440+0000][info][gc,heap        ] GC(58) Eden regions: 44->0(44)
[2024-08-27T15:00:34.440+0000][info][gc,heap        ] GC(58) Survivor regions: 7->7(7)
[2024-08-27T15:00:34.440+0000][info][gc,heap        ] GC(58) Old regions: 776->796
[2024-08-27T15:00:34.440+0000][info][gc,heap        ] GC(58) Archive regions: 2->2
[2024-08-27T15:00:34.440+0000][info][gc,heap        ] GC(58) Humongous regions: 5->5
[2024-08-27T15:00:34.440+0000][info][gc,metaspace   ] GC(58) Metaspace: 100K(320K)->100K(320K) NonClass: 96K(192K)->96K(192K) Class: 4K(128K)->4K(128K)
[2024-08-27T15:00:34.440+0000][info][gc             ] GC(58) Pause Young (Mixed) (G1 Evacuation Pause) 832M->808M(1024M) 38.907ms
[2024-08-27T15:00:34.440+0000][info][gc,cpu         ] GC(58) User=0.31s Sys=0.60s Real=0.04s
[2024-08-27T15:00:34.476+0000][info][gc,start       ] GC(59) Pause Young (Concurrent Start) (G1 Evacuation Pause)
[2024-08-27T15:00:34.476+0000][info][gc,task        ] GC(59) Using 24 workers of 68 for evacuation
[2024-08-27T15:00:34.491+0000][info][gc,phases      ] GC(59)   Pre Evacuate Collection Set: 0.2ms
[2024-08-27T15:00:34.491+0000][info][gc,phases      ] GC(59)   Merge Heap Roots: 0.3ms
[2024-08-27T15:00:34.491+0000][info][gc,phases      ] GC(59)   Evacuate Collection Set: 13.3ms
[2024-08-27T15:00:34.491+0000][info][gc,phases      ] GC(59)   Post Evacuate Collection Set: 0.4ms
[2024-08-27T15:00:34.491+0000][info][gc,phases      ] GC(59)   Other: 1.0ms
[2024-08-27T15:00:34.491+0000][info][gc,heap        ] GC(59) Eden regions: 44->0(44)
[2024-08-27T15:00:34.491+0000][info][gc,heap        ] GC(59) Survivor regions: 7->7(7)
[2024-08-27T15:00:34.491+0000][info][gc,heap        ] GC(59) Old regions: 796->844
[2024-08-27T15:00:34.491+0000][info][gc,heap        ] GC(59) Archive regions: 2->2
[2024-08-27T15:00:34.491+0000][info][gc,heap        ] GC(59) Humongous regions: 5->5
[2024-08-27T15:00:34.491+0000][info][gc,metaspace   ] GC(59) Metaspace: 100K(320K)->100K(320K) NonClass: 96K(192K)->96K(192K) Class: 4K(128K)->4K(128K)
[2024-08-27T15:00:34.491+0000][info][gc             ] GC(59) Pause Young (Concurrent Start) (G1 Evacuation Pause) 852M->856M(1024M) 15.357ms
[2024-08-27T15:00:34.491+0000][info][gc,cpu         ] GC(59) User=0.28s Sys=0.05s Real=0.02s
[2024-08-27T15:00:34.491+0000][info][gc             ] GC(60) Concurrent Mark Cycle
[2024-08-27T15:00:34.491+0000][info][gc,marking     ] GC(60) Concurrent Clear Claimed Marks
[2024-08-27T15:00:34.491+0000][info][gc,marking     ] GC(60) Concurrent Clear Claimed Marks 0.012ms
[2024-08-27T15:00:34.491+0000][info][gc,marking     ] GC(60) Concurrent Scan Root Regions
[2024-08-27T15:00:34.493+0000][info][gc,marking     ] GC(60) Concurrent Scan Root Regions 1.585ms
[2024-08-27T15:00:34.493+0000][info][gc,marking     ] GC(60) Concurrent Mark
[2024-08-27T15:00:34.493+0000][info][gc,marking     ] GC(60) Concurrent Mark From Roots
[2024-08-27T15:00:34.493+0000][info][gc,task        ] GC(60) Using 17 workers of 17 for marking
[2024-08-27T15:00:34.528+0000][info][gc,marking     ] GC(60) Concurrent Mark From Roots 34.817ms
[2024-08-27T15:00:34.528+0000][info][gc,marking     ] GC(60) Concurrent Preclean
[2024-08-27T15:00:34.528+0000][info][gc,marking     ] GC(60) Concurrent Preclean 0.543ms
[2024-08-27T15:00:34.529+0000][info][gc,start       ] GC(60) Pause Remark
[2024-08-27T15:00:34.531+0000][info][gc             ] GC(60) Pause Remark 890M->890M(1024M) 1.865ms
[2024-08-27T15:00:34.531+0000][info][gc,cpu         ] GC(60) User=0.00s Sys=0.00s Real=0.01s
[2024-08-27T15:00:34.531+0000][info][gc,marking     ] GC(60) Concurrent Mark 37.776ms
[2024-08-27T15:00:34.531+0000][info][gc,marking     ] GC(60) Concurrent Rebuild Remembered Sets
[2024-08-27T15:00:34.538+0000][info][gc,start       ] GC(61) Pause Young (Normal) (G1 Evacuation Pause)
[2024-08-27T15:00:34.538+0000][info][gc,task        ] GC(61) Using 24 workers of 68 for evacuation
[2024-08-27T15:00:34.549+0000][info][gc,phases      ] GC(61)   Pre Evacuate Collection Set: 0.3ms
[2024-08-27T15:00:34.549+0000][info][gc,phases      ] GC(61)   Merge Heap Roots: 0.4ms
[2024-08-27T15:00:34.549+0000][info][gc,phases      ] GC(61)   Evacuate Collection Set: 10.1ms
[2024-08-27T15:00:34.549+0000][info][gc,phases      ] GC(61)   Post Evacuate Collection Set: 0.5ms
[2024-08-27T15:00:34.549+0000][info][gc,phases      ] GC(61)   Other: 0.3ms
[2024-08-27T15:00:34.549+0000][info][gc,heap        ] GC(61) Eden regions: 44->0(44)
[2024-08-27T15:00:34.549+0000][info][gc,heap        ] GC(61) Survivor regions: 7->7(7)
[2024-08-27T15:00:34.549+0000][info][gc,heap        ] GC(61) Old regions: 844->890
[2024-08-27T15:00:34.549+0000][info][gc,heap        ] GC(61) Archive regions: 2->2
[2024-08-27T15:00:34.549+0000][info][gc,heap        ] GC(61) Humongous regions: 5->5
[2024-08-27T15:00:34.549+0000][info][gc,metaspace   ] GC(61) Metaspace: 100K(320K)->100K(320K) NonClass: 96K(192K)->96K(192K) Class: 4K(128K)->4K(128K)
[2024-08-27T15:00:34.550+0000][info][gc             ] GC(61) Pause Young (Normal) (G1 Evacuation Pause) 900M->902M(1024M) 11.707ms
[2024-08-27T15:00:34.550+0000][info][gc,cpu         ] GC(61) User=0.24s Sys=0.02s Real=0.01s
[2024-08-27T15:00:34.574+0000][info][gc,start       ] GC(62) Pause Young (Normal) (G1 Evacuation Pause)
[2024-08-27T15:00:34.574+0000][info][gc,task        ] GC(62) Using 24 workers of 68 for evacuation
[2024-08-27T15:00:34.589+0000][info][gc,phases      ] GC(62)   Pre Evacuate Collection Set: 0.2ms
[2024-08-27T15:00:34.590+0000][info][gc,phases      ] GC(62)   Merge Heap Roots: 0.4ms
[2024-08-27T15:00:34.590+0000][info][gc,phases      ] GC(62)   Evacuate Collection Set: 13.7ms
[2024-08-27T15:00:34.590+0000][info][gc,phases      ] GC(62)   Post Evacuate Collection Set: 0.6ms
[2024-08-27T15:00:34.590+0000][info][gc,phases      ] GC(62)   Other: 0.3ms
[2024-08-27T15:00:34.590+0000][info][gc,heap        ] GC(62) Eden regions: 44->0(44)
[2024-08-27T15:00:34.590+0000][info][gc,heap        ] GC(62) Survivor regions: 7->7(7)
[2024-08-27T15:00:34.590+0000][info][gc,heap        ] GC(62) Old regions: 890->936
[2024-08-27T15:00:34.590+0000][info][gc,heap        ] GC(62) Archive regions: 2->2
[2024-08-27T15:00:34.590+0000][info][gc,heap        ] GC(62) Humongous regions: 5->5
[2024-08-27T15:00:34.590+0000][info][gc,metaspace   ] GC(62) Metaspace: 100K(320K)->100K(320K) NonClass: 96K(192K)->96K(192K) Class: 4K(128K)->4K(128K)
[2024-08-27T15:00:34.590+0000][info][gc             ] GC(62) Pause Young (Normal) (G1 Evacuation Pause) 946M->948M(1024M) 15.346ms
[2024-08-27T15:00:34.590+0000][info][gc,cpu         ] GC(62) User=0.33s Sys=0.01s Real=0.02s
[2024-08-27T15:00:34.609+0000][info][gc,start       ] GC(63) Pause Young (Normal) (G1 Preventive Collection)
[2024-08-27T15:00:34.609+0000][info][gc,task        ] GC(63) Using 24 workers of 68 for evacuation
[2024-08-27T15:00:34.624+0000][info][gc,phases      ] GC(63)   Pre Evacuate Collection Set: 0.2ms
[2024-08-27T15:00:34.624+0000][info][gc,phases      ] GC(63)   Merge Heap Roots: 0.6ms
[2024-08-27T15:00:34.624+0000][info][gc,phases      ] GC(63)   Evacuate Collection Set: 13.4ms
[2024-08-27T15:00:34.624+0000][info][gc,phases      ] GC(63)   Post Evacuate Collection Set: 0.7ms
[2024-08-27T15:00:34.624+0000][info][gc,phases      ] GC(63)   Other: 0.4ms
[2024-08-27T15:00:34.624+0000][info][gc,heap        ] GC(63) Eden regions: 32->0(44)
[2024-08-27T15:00:34.624+0000][info][gc,heap        ] GC(63) Survivor regions: 7->7(7)
[2024-08-27T15:00:34.624+0000][info][gc,heap        ] GC(63) Old regions: 936->971
[2024-08-27T15:00:34.624+0000][info][gc,heap        ] GC(63) Archive regions: 2->2
[2024-08-27T15:00:34.624+0000][info][gc,heap        ] GC(63) Humongous regions: 5->5
[2024-08-27T15:00:34.624+0000][info][gc,metaspace   ] GC(63) Metaspace: 100K(320K)->100K(320K) NonClass: 96K(192K)->96K(192K) Class: 4K(128K)->4K(128K)
[2024-08-27T15:00:34.624+0000][info][gc             ] GC(63) Pause Young (Normal) (G1 Preventive Collection) 980M->983M(1024M) 15.288ms
[2024-08-27T15:00:34.624+0000][info][gc,cpu         ] GC(63) User=0.34s Sys=0.00s Real=0.02s
[2024-08-27T15:00:34.633+0000][info][gc,start       ] GC(64) Pause Young (Normal) (G1 Preventive Collection)
[2024-08-27T15:00:34.633+0000][info][gc,task        ] GC(64) Using 24 workers of 68 for evacuation
[2024-08-27T15:00:34.645+0000][info][gc             ] GC(64) To-space exhausted
[2024-08-27T15:00:34.645+0000][info][gc,phases      ] GC(64)   Pre Evacuate Collection Set: 0.2ms
[2024-08-27T15:00:34.645+0000][info][gc,phases      ] GC(64)   Merge Heap Roots: 0.4ms
[2024-08-27T15:00:34.645+0000][info][gc,phases      ] GC(64)   Evacuate Collection Set: 10.0ms
[2024-08-27T15:00:34.645+0000][info][gc,phases      ] GC(64)   Post Evacuate Collection Set: 1.0ms
[2024-08-27T15:00:34.645+0000][info][gc,phases      ] GC(64)   Other: 0.3ms
[2024-08-27T15:00:34.645+0000][info][gc,heap        ] GC(64) Eden regions: 15->0(44)
[2024-08-27T15:00:34.645+0000][info][gc,heap        ] GC(64) Survivor regions: 7->7(7)
[2024-08-27T15:00:34.645+0000][info][gc,heap        ] GC(64) Old regions: 971->1007
[2024-08-27T15:00:34.645+0000][info][gc,heap        ] GC(64) Archive regions: 2->2
[2024-08-27T15:00:34.645+0000][info][gc,heap        ] GC(64) Humongous regions: 5->5
[2024-08-27T15:00:34.645+0000][info][gc,metaspace   ] GC(64) Metaspace: 100K(320K)->100K(320K) NonClass: 96K(192K)->96K(192K) Class: 4K(128K)->4K(128K)
[2024-08-27T15:00:34.645+0000][info][gc             ] GC(64) Pause Young (Normal) (G1 Preventive Collection) 998M->1019M(1024M) 12.058ms
[2024-08-27T15:00:34.645+0000][info][gc,cpu         ] GC(64) User=0.26s Sys=0.01s Real=0.01s
[2024-08-27T15:00:34.647+0000][info][gc,start       ] GC(65) Pause Young (Normal) (G1 Preventive Collection)
[2024-08-27T15:00:34.647+0000][info][gc,task        ] GC(65) Using 24 workers of 68 for evacuation
[2024-08-27T15:00:34.655+0000][info][gc             ] GC(65) To-space exhausted
[2024-08-27T15:00:34.655+0000][info][gc,phases      ] GC(65)   Pre Evacuate Collection Set: 0.1ms
[2024-08-27T15:00:34.655+0000][info][gc,phases      ] GC(65)   Merge Heap Roots: 0.6ms
[2024-08-27T15:00:34.655+0000][info][gc,phases      ] GC(65)   Evacuate Collection Set: 6.6ms
[2024-08-27T15:00:34.655+0000][info][gc,phases      ] GC(65)   Post Evacuate Collection Set: 1.0ms
[2024-08-27T15:00:34.655+0000][info][gc,phases      ] GC(65)   Other: 0.2ms
[2024-08-27T15:00:34.655+0000][info][gc,heap        ] GC(65) Eden regions: 1->0(51)
[2024-08-27T15:00:34.655+0000][info][gc,heap        ] GC(65) Survivor regions: 7->0(2)
[2024-08-27T15:00:34.655+0000][info][gc,heap        ] GC(65) Old regions: 1007->1017
[2024-08-27T15:00:34.655+0000][info][gc,heap        ] GC(65) Archive regions: 2->2
[2024-08-27T15:00:34.655+0000][info][gc,heap        ] GC(65) Humongous regions: 5->5
[2024-08-27T15:00:34.655+0000][info][gc,metaspace   ] GC(65) Metaspace: 100K(320K)->100K(320K) NonClass: 96K(192K)->96K(192K) Class: 4K(128K)->4K(128K)
[2024-08-27T15:00:34.655+0000][info][gc             ] GC(65) Pause Young (Normal) (G1 Preventive Collection) 1020M->1022M(1024M) 8.653ms
[2024-08-27T15:00:34.655+0000][info][gc,cpu         ] GC(65) User=0.18s Sys=0.00s Real=0.01s
[2024-08-27T15:00:34.655+0000][info][gc,ergo        ] Attempting full compaction
[2024-08-27T15:00:34.655+0000][info][gc,task        ] GC(66) Using 24 workers of 68 for full compaction
[2024-08-27T15:00:34.656+0000][info][gc,start       ] GC(66) Pause Full (G1 Compaction Pause)
[2024-08-27T15:00:34.656+0000][info][gc,phases,start] GC(66) Phase 1: Mark live objects
[2024-08-27T15:00:34.673+0000][info][gc,phases      ] GC(66) Phase 1: Mark live objects 16.131ms
[2024-08-27T15:00:34.673+0000][info][gc,phases,start] GC(66) Phase 2: Prepare for compaction
[2024-08-27T15:00:34.694+0000][info][gc,phases      ] GC(66) Phase 2: Prepare for compaction 21.825ms
[2024-08-27T15:00:34.695+0000][info][gc,phases,start] GC(66) Phase 3: Adjust pointers
[2024-08-27T15:00:34.720+0000][info][gc,phases      ] GC(66) Phase 3: Adjust pointers 25.028ms
[2024-08-27T15:00:34.720+0000][info][gc,phases,start] GC(66) Phase 4: Compact heap
[2024-08-27T15:00:34.756+0000][info][gc,phases      ] GC(66) Phase 4: Compact heap 36.426ms
[2024-08-27T15:00:34.758+0000][info][gc,heap        ] GC(66) Eden regions: 0->0(150)
[2024-08-27T15:00:34.758+0000][info][gc,heap        ] GC(66) Survivor regions: 0->0(2)
[2024-08-27T15:00:34.758+0000][info][gc,heap        ] GC(66) Old regions: 1017->443
[2024-08-27T15:00:34.758+0000][info][gc,heap        ] GC(66) Archive regions: 2->2
[2024-08-27T15:00:34.758+0000][info][gc,heap        ] GC(66) Humongous regions: 5->5
[2024-08-27T15:00:34.758+0000][info][gc,metaspace   ] GC(66) Metaspace: 100K(320K)->100K(320K) NonClass: 96K(192K)->96K(192K) Class: 4K(128K)->4K(128K)
[2024-08-27T15:00:34.758+0000][info][gc             ] GC(66) Pause Full (G1 Compaction Pause) 1022M->436M(1024M) 101.738ms
[2024-08-27T15:00:34.758+0000][info][gc,cpu         ] GC(66) User=1.34s Sys=0.66s Real=0.11s
[2024-08-27T15:00:34.758+0000][info][gc,marking     ] GC(60) Concurrent Rebuild Remembered Sets 227.235ms
[2024-08-27T15:00:34.758+0000][info][gc,marking     ] GC(60) Concurrent Mark Abort
[2024-08-27T15:00:34.758+0000][info][gc             ] GC(60) Concurrent Mark Cycle 266.771ms
[2024-08-27T15:00:34.836+0000][info][gc,start       ] GC(67) Pause Young (Normal) (G1 Evacuation Pause)
[2024-08-27T15:00:34.836+0000][info][gc,task        ] GC(67) Using 24 workers of 68 for evacuation
[2024-08-27T15:00:34.899+0000][info][gc,phases      ] GC(67)   Pre Evacuate Collection Set: 0.2ms
[2024-08-27T15:00:34.899+0000][info][gc,phases      ] GC(67)   Merge Heap Roots: 0.4ms
[2024-08-27T15:00:34.899+0000][info][gc,phases      ] GC(67)   Evacuate Collection Set: 61.1ms
[2024-08-27T15:00:34.899+0000][info][gc,phases      ] GC(67)   Post Evacuate Collection Set: 0.4ms
[2024-08-27T15:00:34.899+0000][info][gc,phases      ] GC(67)   Other: 0.4ms
[2024-08-27T15:00:34.899+0000][info][gc,heap        ] GC(67) Eden regions: 150->0(103)
[2024-08-27T15:00:34.899+0000][info][gc,heap        ] GC(67) Survivor regions: 0->19(19)
[2024-08-27T15:00:34.899+0000][info][gc,heap        ] GC(67) Old regions: 443->570
[2024-08-27T15:00:34.899+0000][info][gc,heap        ] GC(67) Archive regions: 2->2
[2024-08-27T15:00:34.899+0000][info][gc,heap        ] GC(67) Humongous regions: 5->5
[2024-08-27T15:00:34.899+0000][info][gc,metaspace   ] GC(67) Metaspace: 100K(320K)->100K(320K) NonClass: 96K(192K)->96K(192K) Class: 4K(128K)->4K(128K)
[2024-08-27T15:00:34.899+0000][info][gc             ] GC(67) Pause Young (Normal) (G1 Evacuation Pause) 586M->581M(1024M) 62.517ms
[2024-08-27T15:00:34.899+0000][info][gc,cpu         ] GC(67) User=0.39s Sys=1.08s Real=0.07s
[2024-08-27T15:00:34.951+0000][info][gc,start       ] GC(68) Pause Young (Concurrent Start) (G1 Evacuation Pause)
[2024-08-27T15:00:34.951+0000][info][gc,task        ] GC(68) Using 24 workers of 68 for evacuation
[2024-08-27T15:00:34.989+0000][info][gc,phases      ] GC(68)   Pre Evacuate Collection Set: 0.2ms
[2024-08-27T15:00:34.989+0000][info][gc,phases      ] GC(68)   Merge Heap Roots: 0.4ms
[2024-08-27T15:00:34.989+0000][info][gc,phases      ] GC(68)   Evacuate Collection Set: 36.3ms
[2024-08-27T15:00:34.989+0000][info][gc,phases      ] GC(68)   Post Evacuate Collection Set: 0.4ms
[2024-08-27T15:00:34.989+0000][info][gc,phases      ] GC(68)   Other: 0.8ms
[2024-08-27T15:00:34.989+0000][info][gc,heap        ] GC(68) Eden regions: 103->0(70)
[2024-08-27T15:00:34.989+0000][info][gc,heap        ] GC(68) Survivor regions: 19->16(16)
[2024-08-27T15:00:34.989+0000][info][gc,heap        ] GC(68) Old regions: 570->677
[2024-08-27T15:00:34.989+0000][info][gc,heap        ] GC(68) Archive regions: 2->2
[2024-08-27T15:00:34.989+0000][info][gc,heap        ] GC(68) Humongous regions: 5->5
[2024-08-27T15:00:34.990+0000][info][gc,metaspace   ] GC(68) Metaspace: 100K(320K)->100K(320K) NonClass: 96K(192K)->96K(192K) Class: 4K(128K)->4K(128K)
[2024-08-27T15:00:34.990+0000][info][gc             ] GC(68) Pause Young (Concurrent Start) (G1 Evacuation Pause) 684M->685M(1024M) 38.173ms
[2024-08-27T15:00:34.990+0000][info][gc,cpu         ] GC(68) User=0.36s Sys=0.53s Real=0.04s
[2024-08-27T15:00:34.990+0000][info][gc             ] GC(69) Concurrent Mark Cycle
[2024-08-27T15:00:34.990+0000][info][gc,marking     ] GC(69) Concurrent Clear Claimed Marks
[2024-08-27T15:00:34.990+0000][info][gc,marking     ] GC(69) Concurrent Clear Claimed Marks 0.021ms
[2024-08-27T15:00:34.990+0000][info][gc,marking     ] GC(69) Concurrent Scan Root Regions
[2024-08-27T15:00:34.993+0000][info][gc,marking     ] GC(69) Concurrent Scan Root Regions 3.231ms
[2024-08-27T15:00:34.993+0000][info][gc,marking     ] GC(69) Concurrent Mark
[2024-08-27T15:00:34.993+0000][info][gc,marking     ] GC(69) Concurrent Mark From Roots
[2024-08-27T15:00:34.993+0000][info][gc,task        ] GC(69) Using 17 workers of 17 for marking
[2024-08-27T15:00:35.014+0000][info][gc,marking     ] GC(69) Concurrent Mark From Roots 20.484ms
[2024-08-27T15:00:35.014+0000][info][gc,marking     ] GC(69) Concurrent Preclean
[2024-08-27T15:00:35.015+0000][info][gc,marking     ] GC(69) Concurrent Preclean 1.691ms
[2024-08-27T15:00:35.016+0000][info][gc,start       ] GC(69) Pause Remark
[2024-08-27T15:00:35.017+0000][info][gc             ] GC(69) Pause Remark 721M->721M(1024M) 0.992ms
[2024-08-27T15:00:35.017+0000][info][gc,cpu         ] GC(69) User=0.00s Sys=0.00s Real=0.00s
[2024-08-27T15:00:35.017+0000][info][gc,marking     ] GC(69) Concurrent Mark 23.579ms
[2024-08-27T15:00:35.017+0000][info][gc,marking     ] GC(69) Concurrent Rebuild Remembered Sets
[2024-08-27T15:00:35.077+0000][info][gc,start       ] GC(70) Pause Young (Normal) (G1 Evacuation Pause)
[2024-08-27T15:00:35.077+0000][info][gc,task        ] GC(70) Using 24 workers of 68 for evacuation
[2024-08-27T15:00:35.124+0000][info][gc,phases      ] GC(70)   Pre Evacuate Collection Set: 0.2ms
[2024-08-27T15:00:35.124+0000][info][gc,phases      ] GC(70)   Merge Heap Roots: 0.4ms
[2024-08-27T15:00:35.124+0000][info][gc,phases      ] GC(70)   Evacuate Collection Set: 45.4ms
[2024-08-27T15:00:35.124+0000][info][gc,phases      ] GC(70)   Post Evacuate Collection Set: 0.5ms
[2024-08-27T15:00:35.124+0000][info][gc,phases      ] GC(70)   Other: 0.2ms
[2024-08-27T15:00:35.124+0000][info][gc,heap        ] GC(70) Eden regions: 70->0(46)
[2024-08-27T15:00:35.124+0000][info][gc,heap        ] GC(70) Survivor regions: 16->11(11)
[2024-08-27T15:00:35.124+0000][info][gc,heap        ] GC(70) Old regions: 677->755
[2024-08-27T15:00:35.124+0000][info][gc,heap        ] GC(70) Archive regions: 2->2
[2024-08-27T15:00:35.124+0000][info][gc,heap        ] GC(70) Humongous regions: 5->5
[2024-08-27T15:00:35.124+0000][info][gc,metaspace   ] GC(70) Metaspace: 100K(320K)->100K(320K) NonClass: 96K(192K)->96K(192K) Class: 4K(128K)->4K(128K)
[2024-08-27T15:00:35.124+0000][info][gc             ] GC(70) Pause Young (Normal) (G1 Evacuation Pause) 755M->759M(1024M) 46.863ms
[2024-08-27T15:00:35.124+0000][info][gc,cpu         ] GC(70) User=0.35s Sys=0.76s Real=0.05s
[2024-08-27T15:00:35.126+0000][info][gc,marking     ] GC(69) Concurrent Rebuild Remembered Sets 109.563ms
[2024-08-27T15:00:35.127+0000][info][gc,start       ] GC(69) Pause Cleanup
[2024-08-27T15:00:35.128+0000][info][gc             ] GC(69) Pause Cleanup 763M->763M(1024M) 1.550ms
[2024-08-27T15:00:35.128+0000][info][gc,cpu         ] GC(69) User=0.00s Sys=0.00s Real=0.00s
[2024-08-27T15:00:35.128+0000][info][gc,marking     ] GC(69) Concurrent Cleanup for Next Mark
[2024-08-27T15:00:35.129+0000][info][gc,marking     ] GC(69) Concurrent Cleanup for Next Mark 0.895ms
[2024-08-27T15:00:35.129+0000][info][gc             ] GC(69) Concurrent Mark Cycle 139.471ms
[2024-08-27T15:00:35.150+0000][info][gc,start       ] GC(71) Pause Young (Prepare Mixed) (G1 Evacuation Pause)
[2024-08-27T15:00:35.150+0000][info][gc,task        ] GC(71) Using 24 workers of 68 for evacuation
[2024-08-27T15:00:35.175+0000][info][gc,phases      ] GC(71)   Pre Evacuate Collection Set: 0.2ms
[2024-08-27T15:00:35.175+0000][info][gc,phases      ] GC(71)   Merge Heap Roots: 0.5ms
[2024-08-27T15:00:35.175+0000][info][gc,phases      ] GC(71)   Evacuate Collection Set: 24.1ms
[2024-08-27T15:00:35.175+0000][info][gc,phases      ] GC(71)   Post Evacuate Collection Set: 0.3ms
[2024-08-27T15:00:35.175+0000][info][gc,phases      ] GC(71)   Other: 0.3ms
[2024-08-27T15:00:35.175+0000][info][gc,heap        ] GC(71) Eden regions: 46->0(43)
[2024-08-27T15:00:35.175+0000][info][gc,heap        ] GC(71) Survivor regions: 11->8(8)
[2024-08-27T15:00:35.175+0000][info][gc,heap        ] GC(71) Old regions: 755->809
[2024-08-27T15:00:35.175+0000][info][gc,heap        ] GC(71) Archive regions: 2->2
[2024-08-27T15:00:35.176+0000][info][gc,heap        ] GC(71) Humongous regions: 5->5
[2024-08-27T15:00:35.176+0000][info][gc,metaspace   ] GC(71) Metaspace: 100K(320K)->100K(320K) NonClass: 96K(192K)->96K(192K) Class: 4K(128K)->4K(128K)
[2024-08-27T15:00:35.176+0000][info][gc             ] GC(71) Pause Young (Prepare Mixed) (G1 Evacuation Pause) 805M->809M(1024M) 25.484ms
[2024-08-27T15:00:35.176+0000][info][gc,cpu         ] GC(71) User=0.43s Sys=0.15s Real=0.02s
[2024-08-27T15:00:35.197+0000][info][gc,start       ] GC(72) Pause Young (Mixed) (G1 Evacuation Pause)
[2024-08-27T15:00:35.197+0000][info][gc,task        ] GC(72) Using 24 workers of 68 for evacuation
[2024-08-27T15:00:35.218+0000][info][gc,phases      ] GC(72)   Pre Evacuate Collection Set: 0.3ms
[2024-08-27T15:00:35.218+0000][info][gc,phases      ] GC(72)   Merge Heap Roots: 0.4ms
[2024-08-27T15:00:35.218+0000][info][gc,phases      ] GC(72)   Evacuate Collection Set: 19.0ms
[2024-08-27T15:00:35.218+0000][info][gc,phases      ] GC(72)   Post Evacuate Collection Set: 0.5ms
[2024-08-27T15:00:35.218+0000][info][gc,phases      ] GC(72)   Other: 0.3ms
[2024-08-27T15:00:35.218+0000][info][gc,heap        ] GC(72) Eden regions: 43->0(44)
[2024-08-27T15:00:35.218+0000][info][gc,heap        ] GC(72) Survivor regions: 8->7(7)
[2024-08-27T15:00:35.218+0000][info][gc,heap        ] GC(72) Old regions: 809->753
[2024-08-27T15:00:35.218+0000][info][gc,heap        ] GC(72) Archive regions: 2->2
[2024-08-27T15:00:35.218+0000][info][gc,heap        ] GC(72) Humongous regions: 5->5
[2024-08-27T15:00:35.218+0000][info][gc,metaspace   ] GC(72) Metaspace: 100K(320K)->100K(320K) NonClass: 96K(192K)->96K(192K) Class: 4K(128K)->4K(128K)
[2024-08-27T15:00:35.218+0000][info][gc             ] GC(72) Pause Young (Mixed) (G1 Evacuation Pause) 852M->755M(1024M) 20.514ms
[2024-08-27T15:00:35.218+0000][info][gc,cpu         ] GC(72) User=0.19s Sys=0.28s Real=0.03s
[2024-08-27T15:00:35.245+0000][info][gc,start       ] GC(73) Pause Young (Mixed) (G1 Evacuation Pause)
[2024-08-27T15:00:35.245+0000][info][gc,task        ] GC(73) Using 24 workers of 68 for evacuation
[2024-08-27T15:00:35.256+0000][info][gc,phases      ] GC(73)   Pre Evacuate Collection Set: 0.2ms
[2024-08-27T15:00:35.256+0000][info][gc,phases      ] GC(73)   Merge Heap Roots: 0.4ms
[2024-08-27T15:00:35.256+0000][info][gc,phases      ] GC(73)   Evacuate Collection Set: 9.4ms
[2024-08-27T15:00:35.256+0000][info][gc,phases      ] GC(73)   Post Evacuate Collection Set: 0.4ms
[2024-08-27T15:00:35.256+0000][info][gc,phases      ] GC(73)   Other: 0.3ms
[2024-08-27T15:00:35.256+0000][info][gc,heap        ] GC(73) Eden regions: 44->0(63)
[2024-08-27T15:00:35.256+0000][info][gc,heap        ] GC(73) Survivor regions: 7->7(7)
[2024-08-27T15:00:35.256+0000][info][gc,heap        ] GC(73) Old regions: 753->707
[2024-08-27T15:00:35.256+0000][info][gc,heap        ] GC(73) Archive regions: 2->2
[2024-08-27T15:00:35.256+0000][info][gc,heap        ] GC(73) Humongous regions: 5->5
[2024-08-27T15:00:35.256+0000][info][gc,metaspace   ] GC(73) Metaspace: 100K(320K)->100K(320K) NonClass: 96K(192K)->96K(192K) Class: 4K(128K)->4K(128K)
[2024-08-27T15:00:35.256+0000][info][gc             ] GC(73) Pause Young (Mixed) (G1 Evacuation Pause) 799M->714M(1024M) 10.944ms
[2024-08-27T15:00:35.256+0000][info][gc,cpu         ] GC(73) User=0.23s Sys=0.00s Real=0.01s
[2024-08-27T15:00:35.284+0000][info][gc,start       ] GC(74) Pause Young (Concurrent Start) (G1 Evacuation Pause)
[2024-08-27T15:00:35.284+0000][info][gc,task        ] GC(74) Using 24 workers of 68 for evacuation
[2024-08-27T15:00:35.295+0000][info][gc,phases      ] GC(74)   Pre Evacuate Collection Set: 0.2ms
[2024-08-27T15:00:35.295+0000][info][gc,phases      ] GC(74)   Merge Heap Roots: 0.4ms
[2024-08-27T15:00:35.295+0000][info][gc,phases      ] GC(74)   Evacuate Collection Set: 9.8ms
[2024-08-27T15:00:35.295+0000][info][gc,phases      ] GC(74)   Post Evacuate Collection Set: 0.4ms
[2024-08-27T15:00:35.295+0000][info][gc,phases      ] GC(74)   Other: 0.7ms
[2024-08-27T15:00:35.295+0000][info][gc,heap        ] GC(74) Eden regions: 63->0(42)
[2024-08-27T15:00:35.295+0000][info][gc,heap        ] GC(74) Survivor regions: 7->9(9)
[2024-08-27T15:00:35.295+0000][info][gc,heap        ] GC(74) Old regions: 707->770
[2024-08-27T15:00:35.295+0000][info][gc,heap        ] GC(74) Archive regions: 2->2
[2024-08-27T15:00:35.295+0000][info][gc,heap        ] GC(74) Humongous regions: 5->5
[2024-08-27T15:00:35.295+0000][info][gc,metaspace   ] GC(74) Metaspace: 100K(320K)->100K(320K) NonClass: 96K(192K)->96K(192K) Class: 4K(128K)->4K(128K)
[2024-08-27T15:00:35.295+0000][info][gc             ] GC(74) Pause Young (Concurrent Start) (G1 Evacuation Pause) 777M->779M(1024M) 11.505ms
[2024-08-27T15:00:35.295+0000][info][gc,cpu         ] GC(74) User=0.24s Sys=0.00s Real=0.01s
[2024-08-27T15:00:35.295+0000][info][gc             ] GC(75) Concurrent Mark Cycle
[2024-08-27T15:00:35.296+0000][info][gc,marking     ] GC(75) Concurrent Clear Claimed Marks
[2024-08-27T15:00:35.296+0000][info][gc,marking     ] GC(75) Concurrent Clear Claimed Marks 0.028ms
[2024-08-27T15:00:35.296+0000][info][gc,marking     ] GC(75) Concurrent Scan Root Regions
[2024-08-27T15:00:35.298+0000][info][gc,marking     ] GC(75) Concurrent Scan Root Regions 2.268ms
[2024-08-27T15:00:35.298+0000][info][gc,marking     ] GC(75) Concurrent Mark
[2024-08-27T15:00:35.298+0000][info][gc,marking     ] GC(75) Concurrent Mark From Roots
[2024-08-27T15:00:35.298+0000][info][gc,task        ] GC(75) Using 17 workers of 17 for marking
[2024-08-27T15:00:35.321+0000][info][gc,marking     ] GC(75) Concurrent Mark From Roots 22.973ms
[2024-08-27T15:00:35.321+0000][info][gc,marking     ] GC(75) Concurrent Preclean
[2024-08-27T15:00:35.322+0000][info][gc,marking     ] GC(75) Concurrent Preclean 0.796ms
[2024-08-27T15:00:35.322+0000][info][gc,start       ] GC(75) Pause Remark
[2024-08-27T15:00:35.323+0000][info][gc             ] GC(75) Pause Remark 818M->818M(1024M) 1.305ms
[2024-08-27T15:00:35.323+0000][info][gc,cpu         ] GC(75) User=0.01s Sys=0.00s Real=0.00s
[2024-08-27T15:00:35.323+0000][info][gc,marking     ] GC(75) Concurrent Mark 25.536ms
[2024-08-27T15:00:35.323+0000][info][gc,marking     ] GC(75) Concurrent Rebuild Remembered Sets
[2024-08-27T15:00:35.325+0000][info][gc,start       ] GC(76) Pause Young (Normal) (G1 Evacuation Pause)
[2024-08-27T15:00:35.326+0000][info][gc,task        ] GC(76) Using 24 workers of 68 for evacuation
[2024-08-27T15:00:35.334+0000][info][gc,phases      ] GC(76)   Pre Evacuate Collection Set: 0.2ms
[2024-08-27T15:00:35.334+0000][info][gc,phases      ] GC(76)   Merge Heap Roots: 0.3ms
[2024-08-27T15:00:35.334+0000][info][gc,phases      ] GC(76)   Evacuate Collection Set: 7.8ms
[2024-08-27T15:00:35.334+0000][info][gc,phases      ] GC(76)   Post Evacuate Collection Set: 0.4ms
[2024-08-27T15:00:35.334+0000][info][gc,phases      ] GC(76)   Other: 0.2ms
[2024-08-27T15:00:35.334+0000][info][gc,heap        ] GC(76) Eden regions: 42->0(44)
[2024-08-27T15:00:35.334+0000][info][gc,heap        ] GC(76) Survivor regions: 9->7(7)
[2024-08-27T15:00:35.334+0000][info][gc,heap        ] GC(76) Old regions: 770->817
[2024-08-27T15:00:35.334+0000][info][gc,heap        ] GC(76) Archive regions: 2->2
[2024-08-27T15:00:35.334+0000][info][gc,heap        ] GC(76) Humongous regions: 5->5
[2024-08-27T15:00:35.334+0000][info][gc,metaspace   ] GC(76) Metaspace: 100K(320K)->100K(320K) NonClass: 96K(192K)->96K(192K) Class: 4K(128K)->4K(128K)
[2024-08-27T15:00:35.334+0000][info][gc             ] GC(76) Pause Young (Normal) (G1 Evacuation Pause) 821M->825M(1024M) 8.971ms
[2024-08-27T15:00:35.334+0000][info][gc,cpu         ] GC(76) User=0.20s Sys=0.01s Real=0.01s
[2024-08-27T15:00:35.356+0000][info][gc,start       ] GC(77) Pause Young (Normal) (G1 Evacuation Pause)
[2024-08-27T15:00:35.356+0000][info][gc,task        ] GC(77) Using 24 workers of 68 for evacuation
[2024-08-27T15:00:35.371+0000][info][gc,phases      ] GC(77)   Pre Evacuate Collection Set: 0.2ms
[2024-08-27T15:00:35.371+0000][info][gc,phases      ] GC(77)   Merge Heap Roots: 0.5ms
[2024-08-27T15:00:35.371+0000][info][gc,phases      ] GC(77)   Evacuate Collection Set: 13.8ms
[2024-08-27T15:00:35.371+0000][info][gc,phases      ] GC(77)   Post Evacuate Collection Set: 0.6ms
[2024-08-27T15:00:35.371+0000][info][gc,phases      ] GC(77)   Other: 0.3ms
[2024-08-27T15:00:35.371+0000][info][gc,heap        ] GC(77) Eden regions: 44->0(44)
[2024-08-27T15:00:35.371+0000][info][gc,heap        ] GC(77) Survivor regions: 7->7(7)
[2024-08-27T15:00:35.372+0000][info][gc,heap        ] GC(77) Old regions: 817->864
[2024-08-27T15:00:35.372+0000][info][gc,heap        ] GC(77) Archive regions: 2->2
[2024-08-27T15:00:35.372+0000][info][gc,heap        ] GC(77) Humongous regions: 5->5
[2024-08-27T15:00:35.372+0000][info][gc,metaspace   ] GC(77) Metaspace: 100K(320K)->100K(320K) NonClass: 96K(192K)->96K(192K) Class: 4K(128K)->4K(128K)
[2024-08-27T15:00:35.372+0000][info][gc             ] GC(77) Pause Young (Normal) (G1 Evacuation Pause) 869M->872M(1024M) 15.376ms
[2024-08-27T15:00:35.372+0000][info][gc,cpu         ] GC(77) User=0.33s Sys=0.01s Real=0.02s
[2024-08-27T15:00:35.395+0000][info][gc,start       ] GC(78) Pause Young (Normal) (G1 Evacuation Pause)
[2024-08-27T15:00:35.395+0000][info][gc,task        ] GC(78) Using 24 workers of 68 for evacuation
[2024-08-27T15:00:35.420+0000][info][gc,phases      ] GC(78)   Pre Evacuate Collection Set: 0.9ms
[2024-08-27T15:00:35.420+0000][info][gc,phases      ] GC(78)   Merge Heap Roots: 1.0ms
[2024-08-27T15:00:35.420+0000][info][gc,phases      ] GC(78)   Evacuate Collection Set: 21.4ms
[2024-08-27T15:00:35.420+0000][info][gc,phases      ] GC(78)   Post Evacuate Collection Set: 0.7ms
[2024-08-27T15:00:35.420+0000][info][gc,phases      ] GC(78)   Other: 0.8ms
[2024-08-27T15:00:35.420+0000][info][gc,heap        ] GC(78) Eden regions: 44->0(44)
[2024-08-27T15:00:35.420+0000][info][gc,heap        ] GC(78) Survivor regions: 7->7(7)
[2024-08-27T15:00:35.420+0000][info][gc,heap        ] GC(78) Old regions: 864->910
[2024-08-27T15:00:35.420+0000][info][gc,heap        ] GC(78) Archive regions: 2->2
[2024-08-27T15:00:35.420+0000][info][gc,heap        ] GC(78) Humongous regions: 5->5
[2024-08-27T15:00:35.420+0000][info][gc,metaspace   ] GC(78) Metaspace: 100K(320K)->100K(320K) NonClass: 96K(192K)->96K(192K) Class: 4K(128K)->4K(128K)
[2024-08-27T15:00:35.420+0000][info][gc             ] GC(78) Pause Young (Normal) (G1 Evacuation Pause) 916M->918M(1024M) 24.767ms
[2024-08-27T15:00:35.420+0000][info][gc,cpu         ] GC(78) User=0.36s Sys=0.19s Real=0.03s
[2024-08-27T15:00:35.439+0000][info][gc,marking     ] GC(75) Concurrent Rebuild Remembered Sets 115.567ms
[2024-08-27T15:00:35.439+0000][info][gc,start       ] GC(75) Pause Cleanup
[2024-08-27T15:00:35.443+0000][info][gc             ] GC(75) Pause Cleanup 955M->955M(1024M) 3.090ms
[2024-08-27T15:00:35.443+0000][info][gc,cpu         ] GC(75) User=0.00s Sys=0.00s Real=0.00s
[2024-08-27T15:00:35.443+0000][info][gc,marking     ] GC(75) Concurrent Cleanup for Next Mark
[2024-08-27T15:00:35.444+0000][info][gc,marking     ] GC(75) Concurrent Cleanup for Next Mark 0.745ms
[2024-08-27T15:00:35.444+0000][info][gc             ] GC(75) Concurrent Mark Cycle 148.074ms
[2024-08-27T15:00:35.447+0000][info][gc,start       ] GC(79) Pause Young (Prepare Mixed) (G1 Preventive Collection)
[2024-08-27T15:00:35.447+0000][info][gc,task        ] GC(79) Using 24 workers of 68 for evacuation
[2024-08-27T15:00:35.470+0000][info][gc,phases      ] GC(79)   Pre Evacuate Collection Set: 0.2ms
[2024-08-27T15:00:35.470+0000][info][gc,phases      ] GC(79)   Merge Heap Roots: 0.6ms
[2024-08-27T15:00:35.470+0000][info][gc,phases      ] GC(79)   Evacuate Collection Set: 21.8ms
[2024-08-27T15:00:35.470+0000][info][gc,phases      ] GC(79)   Post Evacuate Collection Set: 0.3ms
[2024-08-27T15:00:35.470+0000][info][gc,phases      ] GC(79)   Other: 0.3ms
[2024-08-27T15:00:35.470+0000][info][gc,heap        ] GC(79) Eden regions: 44->0(44)
[2024-08-27T15:00:35.470+0000][info][gc,heap        ] GC(79) Survivor regions: 7->7(7)
[2024-08-27T15:00:35.470+0000][info][gc,heap        ] GC(79) Old regions: 910->956
[2024-08-27T15:00:35.470+0000][info][gc,heap        ] GC(79) Archive regions: 2->2
[2024-08-27T15:00:35.470+0000][info][gc,heap        ] GC(79) Humongous regions: 5->5
[2024-08-27T15:00:35.470+0000][info][gc,metaspace   ] GC(79) Metaspace: 100K(320K)->100K(320K) NonClass: 96K(192K)->96K(192K) Class: 4K(128K)->4K(128K)
[2024-08-27T15:00:35.470+0000][info][gc             ] GC(79) Pause Young (Prepare Mixed) (G1 Preventive Collection) 962M->964M(1024M) 23.348ms
[2024-08-27T15:00:35.470+0000][info][gc,cpu         ] GC(79) User=0.24s Sys=0.29s Real=0.03s
[2024-08-27T15:00:35.480+0000][info][gc,start       ] GC(80) Pause Young (Mixed) (G1 Preventive Collection)
[2024-08-27T15:00:35.480+0000][info][gc,task        ] GC(80) Using 24 workers of 68 for evacuation
[2024-08-27T15:00:35.488+0000][info][gc,phases      ] GC(80)   Pre Evacuate Collection Set: 0.2ms
[2024-08-27T15:00:35.488+0000][info][gc,phases      ] GC(80)   Merge Heap Roots: 0.4ms
[2024-08-27T15:00:35.488+0000][info][gc,phases      ] GC(80)   Evacuate Collection Set: 6.5ms
[2024-08-27T15:00:35.488+0000][info][gc,phases      ] GC(80)   Post Evacuate Collection Set: 0.4ms
[2024-08-27T15:00:35.488+0000][info][gc,phases      ] GC(80)   Other: 0.3ms
[2024-08-27T15:00:35.488+0000][info][gc,heap        ] GC(80) Eden regions: 21->0(44)
[2024-08-27T15:00:35.488+0000][info][gc,heap        ] GC(80) Survivor regions: 7->7(7)
[2024-08-27T15:00:35.488+0000][info][gc,heap        ] GC(80) Old regions: 956->877
[2024-08-27T15:00:35.488+0000][info][gc,heap        ] GC(80) Archive regions: 2->2
[2024-08-27T15:00:35.488+0000][info][gc,heap        ] GC(80) Humongous regions: 5->5
[2024-08-27T15:00:35.488+0000][info][gc,metaspace   ] GC(80) Metaspace: 100K(320K)->100K(320K) NonClass: 96K(192K)->96K(192K) Class: 4K(128K)->4K(128K)
[2024-08-27T15:00:35.488+0000][info][gc             ] GC(80) Pause Young (Mixed) (G1 Preventive Collection) 985M->887M(1024M) 7.901ms
[2024-08-27T15:00:35.488+0000][info][gc,cpu         ] GC(80) User=0.17s Sys=0.00s Real=0.00s
[2024-08-27T15:00:35.507+0000][info][gc,start       ] GC(81) Pause Young (Mixed) (G1 Evacuation Pause)
[2024-08-27T15:00:35.507+0000][info][gc,task        ] GC(81) Using 24 workers of 68 for evacuation
[2024-08-27T15:00:35.516+0000][info][gc,phases      ] GC(81)   Pre Evacuate Collection Set: 0.2ms
[2024-08-27T15:00:35.516+0000][info][gc,phases      ] GC(81)   Merge Heap Roots: 0.4ms
[2024-08-27T15:00:35.516+0000][info][gc,phases      ] GC(81)   Evacuate Collection Set: 8.0ms
[2024-08-27T15:00:35.516+0000][info][gc,phases      ] GC(81)   Post Evacuate Collection Set: 0.4ms
[2024-08-27T15:00:35.516+0000][info][gc,phases      ] GC(81)   Other: 0.3ms
[2024-08-27T15:00:35.516+0000][info][gc,heap        ] GC(81) Eden regions: 44->0(44)
[2024-08-27T15:00:35.516+0000][info][gc,heap        ] GC(81) Survivor regions: 7->7(7)
[2024-08-27T15:00:35.516+0000][info][gc,heap        ] GC(81) Old regions: 877->819
[2024-08-27T15:00:35.516+0000][info][gc,heap        ] GC(81) Archive regions: 2->2
[2024-08-27T15:00:35.516+0000][info][gc,heap        ] GC(81) Humongous regions: 5->5
[2024-08-27T15:00:35.516+0000][info][gc,metaspace   ] GC(81) Metaspace: 100K(320K)->100K(320K) NonClass: 96K(192K)->96K(192K) Class: 4K(128K)->4K(128K)
[2024-08-27T15:00:35.516+0000][info][gc             ] GC(81) Pause Young (Mixed) (G1 Evacuation Pause) 931M->830M(1024M) 9.562ms
[2024-08-27T15:00:35.516+0000][info][gc,cpu         ] GC(81) User=0.20s Sys=0.00s Real=0.01s
[2024-08-27T15:00:35.535+0000][info][gc,start       ] GC(82) Pause Young (Mixed) (G1 Evacuation Pause)
[2024-08-27T15:00:35.535+0000][info][gc,task        ] GC(82) Using 24 workers of 68 for evacuation
[2024-08-27T15:00:35.548+0000][info][gc,phases      ] GC(82)   Pre Evacuate Collection Set: 0.2ms
[2024-08-27T15:00:35.549+0000][info][gc,phases      ] GC(82)   Merge Heap Roots: 0.4ms
[2024-08-27T15:00:35.549+0000][info][gc,phases      ] GC(82)   Evacuate Collection Set: 12.3ms
[2024-08-27T15:00:35.549+0000][info][gc,phases      ] GC(82)   Post Evacuate Collection Set: 0.5ms
[2024-08-27T15:00:35.549+0000][info][gc,phases      ] GC(82)   Other: 0.3ms
[2024-08-27T15:00:35.549+0000][info][gc,heap        ] GC(82) Eden regions: 44->0(44)
[2024-08-27T15:00:35.549+0000][info][gc,heap        ] GC(82) Survivor regions: 7->7(7)
[2024-08-27T15:00:35.549+0000][info][gc,heap        ] GC(82) Old regions: 819->790
[2024-08-27T15:00:35.549+0000][info][gc,heap        ] GC(82) Archive regions: 2->2
[2024-08-27T15:00:35.549+0000][info][gc,heap        ] GC(82) Humongous regions: 5->5
[2024-08-27T15:00:35.549+0000][info][gc,metaspace   ] GC(82) Metaspace: 100K(320K)->100K(320K) NonClass: 96K(192K)->96K(192K) Class: 4K(128K)->4K(128K)
[2024-08-27T15:00:35.549+0000][info][gc             ] GC(82) Pause Young (Mixed) (G1 Evacuation Pause) 874M->802M(1024M) 13.909ms
[2024-08-27T15:00:35.549+0000][info][gc,cpu         ] GC(82) User=0.30s Sys=0.00s Real=0.01s
[2024-08-27T15:00:35.569+0000][info][gc,start       ] GC(83) Pause Young (Mixed) (G1 Evacuation Pause)
[2024-08-27T15:00:35.569+0000][info][gc,task        ] GC(83) Using 24 workers of 68 for evacuation
[2024-08-27T15:00:35.581+0000][info][gc,phases      ] GC(83)   Pre Evacuate Collection Set: 0.2ms
[2024-08-27T15:00:35.581+0000][info][gc,phases      ] GC(83)   Merge Heap Roots: 0.3ms
[2024-08-27T15:00:35.581+0000][info][gc,phases      ] GC(83)   Evacuate Collection Set: 10.9ms
[2024-08-27T15:00:35.581+0000][info][gc,phases      ] GC(83)   Post Evacuate Collection Set: 0.3ms
[2024-08-27T15:00:35.581+0000][info][gc,phases      ] GC(83)   Other: 0.4ms
[2024-08-27T15:00:35.581+0000][info][gc,heap        ] GC(83) Eden regions: 44->0(44)
[2024-08-27T15:00:35.581+0000][info][gc,heap        ] GC(83) Survivor regions: 7->7(7)
[2024-08-27T15:00:35.581+0000][info][gc,heap        ] GC(83) Old regions: 790->835
[2024-08-27T15:00:35.581+0000][info][gc,heap        ] GC(83) Archive regions: 2->2
[2024-08-27T15:00:35.581+0000][info][gc,heap        ] GC(83) Humongous regions: 5->5
[2024-08-27T15:00:35.581+0000][info][gc,metaspace   ] GC(83) Metaspace: 100K(320K)->100K(320K) NonClass: 96K(192K)->96K(192K) Class: 4K(128K)->4K(128K)
[2024-08-27T15:00:35.581+0000][info][gc             ] GC(83) Pause Young (Mixed) (G1 Evacuation Pause) 846M->847M(1024M) 12.266ms
[2024-08-27T15:00:35.581+0000][info][gc,cpu         ] GC(83) User=0.25s Sys=0.01s Real=0.02s
[2024-08-27T15:00:35.603+0000][info][gc,start       ] GC(84) Pause Young (Concurrent Start) (G1 Evacuation Pause)
[2024-08-27T15:00:35.603+0000][info][gc,task        ] GC(84) Using 24 workers of 68 for evacuation
[2024-08-27T15:00:35.624+0000][info][gc,phases      ] GC(84)   Pre Evacuate Collection Set: 0.2ms
[2024-08-27T15:00:35.624+0000][info][gc,phases      ] GC(84)   Merge Heap Roots: 0.4ms
[2024-08-27T15:00:35.624+0000][info][gc,phases      ] GC(84)   Evacuate Collection Set: 16.7ms
[2024-08-27T15:00:35.624+0000][info][gc,phases      ] GC(84)   Post Evacuate Collection Set: 2.0ms
[2024-08-27T15:00:35.624+0000][info][gc,phases      ] GC(84)   Other: 1.2ms
[2024-08-27T15:00:35.624+0000][info][gc,heap        ] GC(84) Eden regions: 44->0(44)
[2024-08-27T15:00:35.624+0000][info][gc,heap        ] GC(84) Survivor regions: 7->7(7)
[2024-08-27T15:00:35.624+0000][info][gc,heap        ] GC(84) Old regions: 835->882
[2024-08-27T15:00:35.624+0000][info][gc,heap        ] GC(84) Archive regions: 2->2
[2024-08-27T15:00:35.624+0000][info][gc,heap        ] GC(84) Humongous regions: 5->5
[2024-08-27T15:00:35.624+0000][info][gc,metaspace   ] GC(84) Metaspace: 100K(320K)->100K(320K) NonClass: 96K(192K)->96K(192K) Class: 4K(128K)->4K(128K)
[2024-08-27T15:00:35.624+0000][info][gc             ] GC(84) Pause Young (Concurrent Start) (G1 Evacuation Pause) 891M->894M(1024M) 20.732ms
[2024-08-27T15:00:35.624+0000][info][gc,cpu         ] GC(84) User=0.36s Sys=0.07s Real=0.02s
[2024-08-27T15:00:35.624+0000][info][gc             ] GC(85) Concurrent Mark Cycle
[2024-08-27T15:00:35.625+0000][info][gc,marking     ] GC(85) Concurrent Clear Claimed Marks
[2024-08-27T15:00:35.625+0000][info][gc,marking     ] GC(85) Concurrent Clear Claimed Marks 0.023ms
[2024-08-27T15:00:35.625+0000][info][gc,marking     ] GC(85) Concurrent Scan Root Regions
[2024-08-27T15:00:35.628+0000][info][gc,marking     ] GC(85) Concurrent Scan Root Regions 3.641ms
[2024-08-27T15:00:35.628+0000][info][gc,marking     ] GC(85) Concurrent Mark
[2024-08-27T15:00:35.628+0000][info][gc,marking     ] GC(85) Concurrent Mark From Roots
[2024-08-27T15:00:35.628+0000][info][gc,task        ] GC(85) Using 17 workers of 17 for marking
[2024-08-27T15:00:35.653+0000][info][gc,marking     ] GC(85) Concurrent Mark From Roots 24.659ms
[2024-08-27T15:00:35.653+0000][info][gc,marking     ] GC(85) Concurrent Preclean
[2024-08-27T15:00:35.654+0000][info][gc,marking     ] GC(85) Concurrent Preclean 0.729ms
[2024-08-27T15:00:35.654+0000][info][gc,start       ] GC(85) Pause Remark
[2024-08-27T15:00:35.660+0000][info][gc             ] GC(85) Pause Remark 928M->928M(1024M) 5.703ms
[2024-08-27T15:00:35.660+0000][info][gc,cpu         ] GC(85) User=0.02s Sys=0.00s Real=0.01s
[2024-08-27T15:00:35.660+0000][info][gc,marking     ] GC(85) Concurrent Mark 31.869ms
[2024-08-27T15:00:35.660+0000][info][gc,marking     ] GC(85) Concurrent Rebuild Remembered Sets
[2024-08-27T15:00:35.667+0000][info][gc,start       ] GC(86) Pause Young (Normal) (G1 Evacuation Pause)
[2024-08-27T15:00:35.667+0000][info][gc,task        ] GC(86) Using 24 workers of 68 for evacuation
[2024-08-27T15:00:35.678+0000][info][gc,phases      ] GC(86)   Pre Evacuate Collection Set: 0.2ms
[2024-08-27T15:00:35.678+0000][info][gc,phases      ] GC(86)   Merge Heap Roots: 0.4ms
[2024-08-27T15:00:35.678+0000][info][gc,phases      ] GC(86)   Evacuate Collection Set: 9.8ms
[2024-08-27T15:00:35.678+0000][info][gc,phases      ] GC(86)   Post Evacuate Collection Set: 0.5ms
[2024-08-27T15:00:35.678+0000][info][gc,phases      ] GC(86)   Other: 0.3ms
[2024-08-27T15:00:35.678+0000][info][gc,heap        ] GC(86) Eden regions: 44->0(44)
[2024-08-27T15:00:35.678+0000][info][gc,heap        ] GC(86) Survivor regions: 7->7(7)
[2024-08-27T15:00:35.678+0000][info][gc,heap        ] GC(86) Old regions: 882->929
[2024-08-27T15:00:35.678+0000][info][gc,heap        ] GC(86) Archive regions: 2->2
[2024-08-27T15:00:35.678+0000][info][gc,heap        ] GC(86) Humongous regions: 5->5
[2024-08-27T15:00:35.678+0000][info][gc,metaspace   ] GC(86) Metaspace: 100K(320K)->100K(320K) NonClass: 96K(192K)->96K(192K) Class: 4K(128K)->4K(128K)
[2024-08-27T15:00:35.678+0000][info][gc             ] GC(86) Pause Young (Normal) (G1 Evacuation Pause) 938M->941M(1024M) 11.370ms
[2024-08-27T15:00:35.678+0000][info][gc,cpu         ] GC(86) User=0.22s Sys=0.02s Real=0.02s
[2024-08-27T15:00:35.699+0000][info][gc,start       ] GC(87) Pause Young (Normal) (G1 Preventive Collection)
[2024-08-27T15:00:35.699+0000][info][gc,task        ] GC(87) Using 24 workers of 68 for evacuation
[2024-08-27T15:00:35.712+0000][info][gc,phases      ] GC(87)   Pre Evacuate Collection Set: 0.2ms
[2024-08-27T15:00:35.712+0000][info][gc,phases      ] GC(87)   Merge Heap Roots: 0.5ms
[2024-08-27T15:00:35.712+0000][info][gc,phases      ] GC(87)   Evacuate Collection Set: 11.4ms
[2024-08-27T15:00:35.712+0000][info][gc,phases      ] GC(87)   Post Evacuate Collection Set: 0.5ms
[2024-08-27T15:00:35.712+0000][info][gc,phases      ] GC(87)   Other: 0.3ms
[2024-08-27T15:00:35.712+0000][info][gc,heap        ] GC(87) Eden regions: 35->0(44)
[2024-08-27T15:00:35.712+0000][info][gc,heap        ] GC(87) Survivor regions: 7->7(7)
[2024-08-27T15:00:35.712+0000][info][gc,heap        ] GC(87) Old regions: 929->968
[2024-08-27T15:00:35.712+0000][info][gc,heap        ] GC(87) Archive regions: 2->2
[2024-08-27T15:00:35.712+0000][info][gc,heap        ] GC(87) Humongous regions: 5->5
[2024-08-27T15:00:35.712+0000][info][gc,metaspace   ] GC(87) Metaspace: 100K(320K)->100K(320K) NonClass: 96K(192K)->96K(192K) Class: 4K(128K)->4K(128K)
[2024-08-27T15:00:35.712+0000][info][gc             ] GC(87) Pause Young (Normal) (G1 Preventive Collection) 976M->980M(1024M) 12.997ms
[2024-08-27T15:00:35.712+0000][info][gc,cpu         ] GC(87) User=0.27s Sys=0.01s Real=0.01s
[2024-08-27T15:00:35.727+0000][info][gc,start       ] GC(88) Pause Young (Normal) (G1 Preventive Collection)
[2024-08-27T15:00:35.727+0000][info][gc,task        ] GC(88) Using 24 workers of 68 for evacuation
[2024-08-27T15:00:35.737+0000][info][gc,phases      ] GC(88)   Pre Evacuate Collection Set: 0.2ms
[2024-08-27T15:00:35.738+0000][info][gc,phases      ] GC(88)   Merge Heap Roots: 0.5ms
[2024-08-27T15:00:35.738+0000][info][gc,phases      ] GC(88)   Evacuate Collection Set: 9.3ms
[2024-08-27T15:00:35.738+0000][info][gc,phases      ] GC(88)   Post Evacuate Collection Set: 0.5ms
[2024-08-27T15:00:35.738+0000][info][gc,phases      ] GC(88)   Other: 0.3ms
[2024-08-27T15:00:35.738+0000][info][gc,heap        ] GC(88) Eden regions: 16->0(44)
[2024-08-27T15:00:35.738+0000][info][gc,heap        ] GC(88) Survivor regions: 7->7(7)
[2024-08-27T15:00:35.738+0000][info][gc,heap        ] GC(88) Old regions: 968->987
[2024-08-27T15:00:35.738+0000][info][gc,heap        ] GC(88) Archive regions: 2->2
[2024-08-27T15:00:35.738+0000][info][gc,heap        ] GC(88) Humongous regions: 5->5
[2024-08-27T15:00:35.738+0000][info][gc,metaspace   ] GC(88) Metaspace: 100K(320K)->100K(320K) NonClass: 96K(192K)->96K(192K) Class: 4K(128K)->4K(128K)
[2024-08-27T15:00:35.738+0000][info][gc             ] GC(88) Pause Young (Normal) (G1 Preventive Collection) 996M->999M(1024M) 10.994ms
[2024-08-27T15:00:35.738+0000][info][gc,cpu         ] GC(88) User=0.24s Sys=0.00s Real=0.02s
[2024-08-27T15:00:35.744+0000][info][gc,start       ] GC(89) Pause Young (Normal) (G1 Preventive Collection)
[2024-08-27T15:00:35.744+0000][info][gc,task        ] GC(89) Using 24 workers of 68 for evacuation
[2024-08-27T15:00:35.753+0000][info][gc             ] GC(89) To-space exhausted
[2024-08-27T15:00:35.753+0000][info][gc,phases      ] GC(89)   Pre Evacuate Collection Set: 0.2ms
[2024-08-27T15:00:35.753+0000][info][gc,phases      ] GC(89)   Merge Heap Roots: 0.5ms
[2024-08-27T15:00:35.753+0000][info][gc,phases      ] GC(89)   Evacuate Collection Set: 6.6ms
[2024-08-27T15:00:35.753+0000][info][gc,phases      ] GC(89)   Post Evacuate Collection Set: 0.9ms
[2024-08-27T15:00:35.753+0000][info][gc,phases      ] GC(89)   Other: 0.3ms
[2024-08-27T15:00:35.753+0000][info][gc,heap        ] GC(89) Eden regions: 7->0(44)
[2024-08-27T15:00:35.753+0000][info][gc,heap        ] GC(89) Survivor regions: 7->7(7)
[2024-08-27T15:00:35.753+0000][info][gc,heap        ] GC(89) Old regions: 987->1009
[2024-08-27T15:00:35.753+0000][info][gc,heap        ] GC(89) Archive regions: 2->2
[2024-08-27T15:00:35.753+0000][info][gc,heap        ] GC(89) Humongous regions: 5->5
[2024-08-27T15:00:35.753+0000][info][gc,metaspace   ] GC(89) Metaspace: 100K(320K)->100K(320K) NonClass: 96K(192K)->96K(192K) Class: 4K(128K)->4K(128K)
[2024-08-27T15:00:35.753+0000][info][gc             ] GC(89) Pause Young (Normal) (G1 Preventive Collection) 1006M->1021M(1024M) 8.542ms
[2024-08-27T15:00:35.753+0000][info][gc,cpu         ] GC(89) User=0.18s Sys=0.00s Real=0.01s
[2024-08-27T15:00:35.754+0000][info][gc,start       ] GC(90) Pause Young (Normal) (G1 Evacuation Pause)
[2024-08-27T15:00:35.754+0000][info][gc,task        ] GC(90) Using 24 workers of 68 for evacuation
[2024-08-27T15:00:35.761+0000][info][gc             ] GC(90) To-space exhausted
[2024-08-27T15:00:35.761+0000][info][gc,phases      ] GC(90)   Pre Evacuate Collection Set: 0.2ms
[2024-08-27T15:00:35.761+0000][info][gc,phases      ] GC(90)   Merge Heap Roots: 0.5ms
[2024-08-27T15:00:35.761+0000][info][gc,phases      ] GC(90)   Evacuate Collection Set: 4.8ms
[2024-08-27T15:00:35.761+0000][info][gc,phases      ] GC(90)   Post Evacuate Collection Set: 0.9ms
[2024-08-27T15:00:35.761+0000][info][gc,phases      ] GC(90)   Other: 0.2ms
[2024-08-27T15:00:35.761+0000][info][gc,heap        ] GC(90) Eden regions: 1->0(51)
[2024-08-27T15:00:35.761+0000][info][gc,heap        ] GC(90) Survivor regions: 7->0(0)
[2024-08-27T15:00:35.761+0000][info][gc,heap        ] GC(90) Old regions: 1009->1017
[2024-08-27T15:00:35.761+0000][info][gc,heap        ] GC(90) Archive regions: 2->2
[2024-08-27T15:00:35.761+0000][info][gc,heap        ] GC(90) Humongous regions: 5->5
[2024-08-27T15:00:35.761+0000][info][gc,metaspace   ] GC(90) Metaspace: 100K(320K)->100K(320K) NonClass: 96K(192K)->96K(192K) Class: 4K(128K)->4K(128K)
[2024-08-27T15:00:35.761+0000][info][gc             ] GC(90) Pause Young (Normal) (G1 Evacuation Pause) 1022M->1022M(1024M) 6.771ms
[2024-08-27T15:00:35.761+0000][info][gc,cpu         ] GC(90) User=0.13s Sys=0.00s Real=0.01s
[2024-08-27T15:00:35.761+0000][info][gc,ergo        ] Attempting full compaction
[2024-08-27T15:00:35.761+0000][info][gc,task        ] GC(91) Using 24 workers of 68 for full compaction
[2024-08-27T15:00:35.763+0000][info][gc,start       ] GC(91) Pause Full (G1 Compaction Pause)
[2024-08-27T15:00:35.765+0000][info][gc,phases,start] GC(91) Phase 1: Mark live objects
[2024-08-27T15:00:35.778+0000][info][gc,phases      ] GC(91) Phase 1: Mark live objects 13.000ms
[2024-08-27T15:00:35.778+0000][info][gc,phases,start] GC(91) Phase 2: Prepare for compaction
[2024-08-27T15:00:35.787+0000][info][gc,phases      ] GC(91) Phase 2: Prepare for compaction 8.752ms
[2024-08-27T15:00:35.787+0000][info][gc,phases,start] GC(91) Phase 3: Adjust pointers
[2024-08-27T15:00:35.801+0000][info][gc,phases      ] GC(91) Phase 3: Adjust pointers 13.701ms
[2024-08-27T15:00:35.801+0000][info][gc,phases,start] GC(91) Phase 4: Compact heap
[2024-08-27T15:00:35.827+0000][info][gc,phases      ] GC(91) Phase 4: Compact heap 26.590ms
[2024-08-27T15:00:35.829+0000][info][gc,heap        ] GC(91) Eden regions: 0->0(149)
[2024-08-27T15:00:35.829+0000][info][gc,heap        ] GC(91) Survivor regions: 0->0(0)
[2024-08-27T15:00:35.829+0000][info][gc,heap        ] GC(91) Old regions: 1017->445
[2024-08-27T15:00:35.829+0000][info][gc,heap        ] GC(91) Archive regions: 2->2
[2024-08-27T15:00:35.829+0000][info][gc,heap        ] GC(91) Humongous regions: 5->5
[2024-08-27T15:00:35.829+0000][info][gc,metaspace   ] GC(91) Metaspace: 100K(320K)->100K(320K) NonClass: 96K(192K)->96K(192K) Class: 4K(128K)->4K(128K)
[2024-08-27T15:00:35.829+0000][info][gc             ] GC(91) Pause Full (G1 Compaction Pause) 1022M->436M(1024M) 66.058ms
[2024-08-27T15:00:35.829+0000][info][gc,cpu         ] GC(91) User=1.35s Sys=0.02s Real=0.06s
[2024-08-27T15:00:35.829+0000][info][gc,marking     ] GC(85) Concurrent Rebuild Remembered Sets 168.926ms
[2024-08-27T15:00:35.829+0000][info][gc,marking     ] GC(85) Concurrent Mark Abort
[2024-08-27T15:00:35.829+0000][info][gc             ] GC(85) Concurrent Mark Cycle 204.778ms
[2024-08-27T15:00:35.931+0000][info][gc,start       ] GC(92) Pause Young (Normal) (G1 Evacuation Pause)
[2024-08-27T15:00:35.931+0000][info][gc,task        ] GC(92) Using 24 workers of 68 for evacuation
[2024-08-27T15:00:35.960+0000][info][gc,phases      ] GC(92)   Pre Evacuate Collection Set: 0.2ms
[2024-08-27T15:00:35.960+0000][info][gc,phases      ] GC(92)   Merge Heap Roots: 0.4ms
[2024-08-27T15:00:35.960+0000][info][gc,phases      ] GC(92)   Evacuate Collection Set: 27.2ms
[2024-08-27T15:00:35.960+0000][info][gc,phases      ] GC(92)   Post Evacuate Collection Set: 0.4ms
[2024-08-27T15:00:35.960+0000][info][gc,phases      ] GC(92)   Other: 0.3ms
[2024-08-27T15:00:35.960+0000][info][gc,heap        ] GC(92) Eden regions: 149->0(102)
[2024-08-27T15:00:35.960+0000][info][gc,heap        ] GC(92) Survivor regions: 0->19(19)
[2024-08-27T15:00:35.960+0000][info][gc,heap        ] GC(92) Old regions: 445->572
[2024-08-27T15:00:35.960+0000][info][gc,heap        ] GC(92) Archive regions: 2->2
[2024-08-27T15:00:35.960+0000][info][gc,heap        ] GC(92) Humongous regions: 5->5
[2024-08-27T15:00:35.960+0000][info][gc,metaspace   ] GC(92) Metaspace: 100K(320K)->100K(320K) NonClass: 96K(192K)->96K(192K) Class: 4K(128K)->4K(128K)
[2024-08-27T15:00:35.960+0000][info][gc             ] GC(92) Pause Young (Normal) (G1 Evacuation Pause) 585M->581M(1024M) 28.533ms
[2024-08-27T15:00:35.960+0000][info][gc,cpu         ] GC(92) User=0.56s Sys=0.10s Real=0.03s
[2024-08-27T15:00:36.033+0000][info][gc,start       ] GC(93) Pause Young (Concurrent Start) (G1 Evacuation Pause)
[2024-08-27T15:00:36.033+0000][info][gc,task        ] GC(93) Using 24 workers of 68 for evacuation
[2024-08-27T15:00:36.052+0000][info][gc,phases      ] GC(93)   Pre Evacuate Collection Set: 0.2ms
[2024-08-27T15:00:36.052+0000][info][gc,phases      ] GC(93)   Merge Heap Roots: 0.4ms
[2024-08-27T15:00:36.052+0000][info][gc,phases      ] GC(93)   Evacuate Collection Set: 18.1ms
[2024-08-27T15:00:36.052+0000][info][gc,phases      ] GC(93)   Post Evacuate Collection Set: 0.3ms
[2024-08-27T15:00:36.053+0000][info][gc,phases      ] GC(93)   Other: 0.9ms
[2024-08-27T15:00:36.053+0000][info][gc,heap        ] GC(93) Eden regions: 102->0(70)
[2024-08-27T15:00:36.053+0000][info][gc,heap        ] GC(93) Survivor regions: 19->16(16)
[2024-08-27T15:00:36.053+0000][info][gc,heap        ] GC(93) Old regions: 572->677
[2024-08-27T15:00:36.053+0000][info][gc,heap        ] GC(93) Archive regions: 2->2
[2024-08-27T15:00:36.053+0000][info][gc,heap        ] GC(93) Humongous regions: 5->5
[2024-08-27T15:00:36.053+0000][info][gc,metaspace   ] GC(93) Metaspace: 100K(320K)->100K(320K) NonClass: 96K(192K)->96K(192K) Class: 4K(128K)->4K(128K)
[2024-08-27T15:00:36.053+0000][info][gc             ] GC(93) Pause Young (Concurrent Start) (G1 Evacuation Pause) 683M->684M(1024M) 20.056ms
[2024-08-27T15:00:36.053+0000][info][gc,cpu         ] GC(93) User=0.43s Sys=0.02s Real=0.02s
[2024-08-27T15:00:36.053+0000][info][gc             ] GC(94) Concurrent Mark Cycle
[2024-08-27T15:00:36.053+0000][info][gc,marking     ] GC(94) Concurrent Clear Claimed Marks
[2024-08-27T15:00:36.053+0000][info][gc,marking     ] GC(94) Concurrent Clear Claimed Marks 0.010ms
[2024-08-27T15:00:36.053+0000][info][gc,marking     ] GC(94) Concurrent Scan Root Regions
[2024-08-27T15:00:36.056+0000][info][gc,marking     ] GC(94) Concurrent Scan Root Regions 3.611ms
[2024-08-27T15:00:36.056+0000][info][gc,marking     ] GC(94) Concurrent Mark
[2024-08-27T15:00:36.056+0000][info][gc,marking     ] GC(94) Concurrent Mark From Roots
[2024-08-27T15:00:36.056+0000][info][gc,task        ] GC(94) Using 17 workers of 17 for marking
[2024-08-27T15:00:36.077+0000][info][gc,marking     ] GC(94) Concurrent Mark From Roots 20.872ms
[2024-08-27T15:00:36.077+0000][info][gc,marking     ] GC(94) Concurrent Preclean
[2024-08-27T15:00:36.078+0000][info][gc,marking     ] GC(94) Concurrent Preclean 0.516ms
[2024-08-27T15:00:36.078+0000][info][gc,start       ] GC(94) Pause Remark
[2024-08-27T15:00:36.079+0000][info][gc             ] GC(94) Pause Remark 708M->708M(1024M) 1.079ms
[2024-08-27T15:00:36.079+0000][info][gc,cpu         ] GC(94) User=0.01s Sys=0.00s Real=0.00s
[2024-08-27T15:00:36.079+0000][info][gc,marking     ] GC(94) Concurrent Mark 22.871ms
[2024-08-27T15:00:36.079+0000][info][gc,marking     ] GC(94) Concurrent Rebuild Remembered Sets
[2024-08-27T15:00:36.113+0000][info][gc,start       ] GC(95) Pause Young (Normal) (G1 Evacuation Pause)
[2024-08-27T15:00:36.113+0000][info][gc,task        ] GC(95) Using 24 workers of 68 for evacuation
[2024-08-27T15:00:36.130+0000][info][gc,phases      ] GC(95)   Pre Evacuate Collection Set: 0.1ms
[2024-08-27T15:00:36.130+0000][info][gc,phases      ] GC(95)   Merge Heap Roots: 0.4ms
[2024-08-27T15:00:36.130+0000][info][gc,phases      ] GC(95)   Evacuate Collection Set: 15.6ms
[2024-08-27T15:00:36.130+0000][info][gc,phases      ] GC(95)   Post Evacuate Collection Set: 0.5ms
[2024-08-27T15:00:36.130+0000][info][gc,phases      ] GC(95)   Other: 0.2ms
[2024-08-27T15:00:36.130+0000][info][gc,heap        ] GC(95) Eden regions: 70->0(46)
[2024-08-27T15:00:36.130+0000][info][gc,heap        ] GC(95) Survivor regions: 16->11(11)
[2024-08-27T15:00:36.130+0000][info][gc,heap        ] GC(95) Old regions: 677->756
[2024-08-27T15:00:36.130+0000][info][gc,heap        ] GC(95) Archive regions: 2->2
[2024-08-27T15:00:36.130+0000][info][gc,heap        ] GC(95) Humongous regions: 5->5
[2024-08-27T15:00:36.130+0000][info][gc,metaspace   ] GC(95) Metaspace: 100K(320K)->100K(320K) NonClass: 96K(192K)->96K(192K) Class: 4K(128K)->4K(128K)
[2024-08-27T15:00:36.130+0000][info][gc             ] GC(95) Pause Young (Normal) (G1 Evacuation Pause) 754M->757M(1024M) 16.945ms
[2024-08-27T15:00:36.130+0000][info][gc,cpu         ] GC(95) User=0.37s Sys=0.01s Real=0.02s
[2024-08-27T15:00:36.156+0000][info][gc,marking     ] GC(94) Concurrent Rebuild Remembered Sets 76.391ms
[2024-08-27T15:00:36.156+0000][info][gc,start       ] GC(94) Pause Cleanup
[2024-08-27T15:00:36.157+0000][info][gc             ] GC(94) Pause Cleanup 787M->787M(1024M) 1.184ms
[2024-08-27T15:00:36.157+0000][info][gc,cpu         ] GC(94) User=0.00s Sys=0.00s Real=0.00s
[2024-08-27T15:00:36.157+0000][info][gc,marking     ] GC(94) Concurrent Cleanup for Next Mark
[2024-08-27T15:00:36.158+0000][info][gc,marking     ] GC(94) Concurrent Cleanup for Next Mark 0.965ms
[2024-08-27T15:00:36.158+0000][info][gc             ] GC(94) Concurrent Mark Cycle 105.508ms
[2024-08-27T15:00:36.171+0000][info][gc,start       ] GC(96) Pause Young (Prepare Mixed) (G1 Evacuation Pause)
[2024-08-27T15:00:36.171+0000][info][gc,task        ] GC(96) Using 24 workers of 68 for evacuation
[2024-08-27T15:00:36.191+0000][info][gc,phases      ] GC(96)   Pre Evacuate Collection Set: 0.1ms
[2024-08-27T15:00:36.191+0000][info][gc,phases      ] GC(96)   Merge Heap Roots: 0.5ms
[2024-08-27T15:00:36.191+0000][info][gc,phases      ] GC(96)   Evacuate Collection Set: 18.8ms
[2024-08-27T15:00:36.191+0000][info][gc,phases      ] GC(96)   Post Evacuate Collection Set: 0.3ms
[2024-08-27T15:00:36.191+0000][info][gc,phases      ] GC(96)   Other: 0.3ms
[2024-08-27T15:00:36.191+0000][info][gc,heap        ] GC(96) Eden regions: 46->0(43)
[2024-08-27T15:00:36.191+0000][info][gc,heap        ] GC(96) Survivor regions: 11->8(8)
[2024-08-27T15:00:36.191+0000][info][gc,heap        ] GC(96) Old regions: 756->810
[2024-08-27T15:00:36.191+0000][info][gc,heap        ] GC(96) Archive regions: 2->2
[2024-08-27T15:00:36.191+0000][info][gc,heap        ] GC(96) Humongous regions: 5->5
[2024-08-27T15:00:36.191+0000][info][gc,metaspace   ] GC(96) Metaspace: 100K(320K)->100K(320K) NonClass: 96K(192K)->96K(192K) Class: 4K(128K)->4K(128K)
[2024-08-27T15:00:36.191+0000][info][gc             ] GC(96) Pause Young (Prepare Mixed) (G1 Evacuation Pause) 803M->808M(1024M) 20.165ms
[2024-08-27T15:00:36.191+0000][info][gc,cpu         ] GC(96) User=0.46s Sys=0.00s Real=0.02s
[2024-08-27T15:00:36.225+0000][info][gc,start       ] GC(97) Pause Young (Mixed) (G1 Evacuation Pause)
[2024-08-27T15:00:36.225+0000][info][gc,task        ] GC(97) Using 24 workers of 68 for evacuation
[2024-08-27T15:00:36.238+0000][info][gc,phases      ] GC(97)   Pre Evacuate Collection Set: 0.2ms
[2024-08-27T15:00:36.238+0000][info][gc,phases      ] GC(97)   Merge Heap Roots: 0.4ms
[2024-08-27T15:00:36.238+0000][info][gc,phases      ] GC(97)   Evacuate Collection Set: 11.4ms
[2024-08-27T15:00:36.238+0000][info][gc,phases      ] GC(97)   Post Evacuate Collection Set: 0.4ms
[2024-08-27T15:00:36.238+0000][info][gc,phases      ] GC(97)   Other: 0.3ms
[2024-08-27T15:00:36.238+0000][info][gc,heap        ] GC(97) Eden regions: 43->0(44)
[2024-08-27T15:00:36.238+0000][info][gc,heap        ] GC(97) Survivor regions: 8->7(7)
[2024-08-27T15:00:36.238+0000][info][gc,heap        ] GC(97) Old regions: 810->755
[2024-08-27T15:00:36.238+0000][info][gc,heap        ] GC(97) Archive regions: 2->2
[2024-08-27T15:00:36.238+0000][info][gc,heap        ] GC(97) Humongous regions: 5->5
[2024-08-27T15:00:36.238+0000][info][gc,metaspace   ] GC(97) Metaspace: 100K(320K)->100K(320K) NonClass: 96K(192K)->96K(192K) Class: 4K(128K)->4K(128K)
[2024-08-27T15:00:36.238+0000][info][gc             ] GC(97) Pause Young (Mixed) (G1 Evacuation Pause) 851M->760M(1024M) 12.847ms
[2024-08-27T15:00:36.238+0000][info][gc,cpu         ] GC(97) User=0.26s Sys=0.01s Real=0.02s
[2024-08-27T15:00:36.270+0000][info][gc,start       ] GC(98) Pause Young (Mixed) (G1 Evacuation Pause)
[2024-08-27T15:00:36.270+0000][info][gc,task        ] GC(98) Using 24 workers of 68 for evacuation
[2024-08-27T15:00:36.281+0000][info][gc,phases      ] GC(98)   Pre Evacuate Collection Set: 0.2ms
[2024-08-27T15:00:36.281+0000][info][gc,phases      ] GC(98)   Merge Heap Roots: 0.4ms
[2024-08-27T15:00:36.282+0000][info][gc,phases      ] GC(98)   Evacuate Collection Set: 9.7ms
[2024-08-27T15:00:36.282+0000][info][gc,phases      ] GC(98)   Post Evacuate Collection Set: 0.4ms
[2024-08-27T15:00:36.282+0000][info][gc,phases      ] GC(98)   Other: 0.4ms
[2024-08-27T15:00:36.282+0000][info][gc,heap        ] GC(98) Eden regions: 44->0(62)
[2024-08-27T15:00:36.282+0000][info][gc,heap        ] GC(98) Survivor regions: 7->7(7)
[2024-08-27T15:00:36.282+0000][info][gc,heap        ] GC(98) Old regions: 755->709
[2024-08-27T15:00:36.282+0000][info][gc,heap        ] GC(98) Archive regions: 2->2
[2024-08-27T15:00:36.282+0000][info][gc,heap        ] GC(98) Humongous regions: 5->5
[2024-08-27T15:00:36.282+0000][info][gc,metaspace   ] GC(98) Metaspace: 100K(320K)->100K(320K) NonClass: 96K(192K)->96K(192K) Class: 4K(128K)->4K(128K)
[2024-08-27T15:00:36.282+0000][info][gc             ] GC(98) Pause Young (Mixed) (G1 Evacuation Pause) 804M->718M(1024M) 11.276ms
[2024-08-27T15:00:36.282+0000][info][gc,cpu         ] GC(98) User=0.23s Sys=0.01s Real=0.01s
[2024-08-27T15:00:36.327+0000][info][gc,start       ] GC(99) Pause Young (Concurrent Start) (G1 Evacuation Pause)
[2024-08-27T15:00:36.327+0000][info][gc,task        ] GC(99) Using 24 workers of 68 for evacuation
[2024-08-27T15:00:36.340+0000][info][gc,phases      ] GC(99)   Pre Evacuate Collection Set: 0.2ms
[2024-08-27T15:00:36.340+0000][info][gc,phases      ] GC(99)   Merge Heap Roots: 0.4ms
[2024-08-27T15:00:36.340+0000][info][gc,phases      ] GC(99)   Evacuate Collection Set: 10.9ms
[2024-08-27T15:00:36.340+0000][info][gc,phases      ] GC(99)   Post Evacuate Collection Set: 0.4ms
[2024-08-27T15:00:36.340+0000][info][gc,phases      ] GC(99)   Other: 1.0ms
[2024-08-27T15:00:36.340+0000][info][gc,heap        ] GC(99) Eden regions: 62->0(42)
[2024-08-27T15:00:36.340+0000][info][gc,heap        ] GC(99) Survivor regions: 7->9(9)
[2024-08-27T15:00:36.340+0000][info][gc,heap        ] GC(99) Old regions: 709->771
[2024-08-27T15:00:36.340+0000][info][gc,heap        ] GC(99) Archive regions: 2->2
[2024-08-27T15:00:36.340+0000][info][gc,heap        ] GC(99) Humongous regions: 5->5
[2024-08-27T15:00:36.340+0000][info][gc,metaspace   ] GC(99) Metaspace: 100K(320K)->100K(320K) NonClass: 96K(192K)->96K(192K) Class: 4K(128K)->4K(128K)
[2024-08-27T15:00:36.340+0000][info][gc             ] GC(99) Pause Young (Concurrent Start) (G1 Evacuation Pause) 780M->782M(1024M) 12.968ms
[2024-08-27T15:00:36.340+0000][info][gc,cpu         ] GC(99) User=0.27s Sys=0.00s Real=0.02s
[2024-08-27T15:00:36.340+0000][info][gc             ] GC(100) Concurrent Mark Cycle
[2024-08-27T15:00:36.340+0000][info][gc,marking     ] GC(100) Concurrent Clear Claimed Marks
[2024-08-27T15:00:36.341+0000][info][gc,marking     ] GC(100) Concurrent Clear Claimed Marks 0.014ms
[2024-08-27T15:00:36.341+0000][info][gc,marking     ] GC(100) Concurrent Scan Root Regions
[2024-08-27T15:00:36.343+0000][info][gc,marking     ] GC(100) Concurrent Scan Root Regions 2.200ms
[2024-08-27T15:00:36.343+0000][info][gc,marking     ] GC(100) Concurrent Mark
[2024-08-27T15:00:36.343+0000][info][gc,marking     ] GC(100) Concurrent Mark From Roots
[2024-08-27T15:00:36.343+0000][info][gc,task        ] GC(100) Using 17 workers of 17 for marking
[2024-08-27T15:00:36.365+0000][info][gc,marking     ] GC(100) Concurrent Mark From Roots 22.174ms
[2024-08-27T15:00:36.365+0000][info][gc,marking     ] GC(100) Concurrent Preclean
[2024-08-27T15:00:36.366+0000][info][gc,marking     ] GC(100) Concurrent Preclean 0.482ms
[2024-08-27T15:00:36.366+0000][info][gc,start       ] GC(100) Pause Remark
[2024-08-27T15:00:36.368+0000][info][gc             ] GC(100) Pause Remark 803M->803M(1024M) 1.686ms
[2024-08-27T15:00:36.368+0000][info][gc,cpu         ] GC(100) User=0.01s Sys=0.00s Real=0.00s
[2024-08-27T15:00:36.368+0000][info][gc,marking     ] GC(100) Concurrent Mark 24.832ms
[2024-08-27T15:00:36.368+0000][info][gc,marking     ] GC(100) Concurrent Rebuild Remembered Sets
[2024-08-27T15:00:36.384+0000][info][gc,start       ] GC(101) Pause Young (Normal) (G1 Evacuation Pause)
[2024-08-27T15:00:36.384+0000][info][gc,task        ] GC(101) Using 24 workers of 68 for evacuation
[2024-08-27T15:00:36.393+0000][info][gc,phases      ] GC(101)   Pre Evacuate Collection Set: 0.2ms
[2024-08-27T15:00:36.393+0000][info][gc,phases      ] GC(101)   Merge Heap Roots: 0.4ms
[2024-08-27T15:00:36.393+0000][info][gc,phases      ] GC(101)   Evacuate Collection Set: 8.0ms
[2024-08-27T15:00:36.393+0000][info][gc,phases      ] GC(101)   Post Evacuate Collection Set: 0.4ms
[2024-08-27T15:00:36.393+0000][info][gc,phases      ] GC(101)   Other: 0.3ms
[2024-08-27T15:00:36.393+0000][info][gc,heap        ] GC(101) Eden regions: 42->0(44)
[2024-08-27T15:00:36.393+0000][info][gc,heap        ] GC(101) Survivor regions: 9->7(7)
[2024-08-27T15:00:36.393+0000][info][gc,heap        ] GC(101) Old regions: 771->819
[2024-08-27T15:00:36.393+0000][info][gc,heap        ] GC(101) Archive regions: 2->2
[2024-08-27T15:00:36.393+0000][info][gc,heap        ] GC(101) Humongous regions: 5->5
[2024-08-27T15:00:36.393+0000][info][gc,metaspace   ] GC(101) Metaspace: 100K(320K)->100K(320K) NonClass: 96K(192K)->96K(192K) Class: 4K(128K)->4K(128K)
[2024-08-27T15:00:36.393+0000][info][gc             ] GC(101) Pause Young (Normal) (G1 Evacuation Pause) 824M->828M(1024M) 9.351ms
[2024-08-27T15:00:36.393+0000][info][gc,cpu         ] GC(101) User=0.20s Sys=0.00s Real=0.01s
[2024-08-27T15:00:36.429+0000][info][gc,start       ] GC(102) Pause Young (Normal) (G1 Evacuation Pause)
[2024-08-27T15:00:36.429+0000][info][gc,task        ] GC(102) Using 24 workers of 68 for evacuation
[2024-08-27T15:00:36.443+0000][info][gc,phases      ] GC(102)   Pre Evacuate Collection Set: 0.2ms
[2024-08-27T15:00:36.443+0000][info][gc,phases      ] GC(102)   Merge Heap Roots: 0.4ms
[2024-08-27T15:00:36.443+0000][info][gc,phases      ] GC(102)   Evacuate Collection Set: 13.0ms
[2024-08-27T15:00:36.443+0000][info][gc,phases      ] GC(102)   Post Evacuate Collection Set: 0.5ms
[2024-08-27T15:00:36.443+0000][info][gc,phases      ] GC(102)   Other: 0.2ms
[2024-08-27T15:00:36.443+0000][info][gc,heap        ] GC(102) Eden regions: 44->0(44)
[2024-08-27T15:00:36.443+0000][info][gc,heap        ] GC(102) Survivor regions: 7->7(7)
[2024-08-27T15:00:36.443+0000][info][gc,heap        ] GC(102) Old regions: 819->867
[2024-08-27T15:00:36.443+0000][info][gc,heap        ] GC(102) Archive regions: 2->2
[2024-08-27T15:00:36.443+0000][info][gc,heap        ] GC(102) Humongous regions: 5->5
[2024-08-27T15:00:36.443+0000][info][gc,metaspace   ] GC(102) Metaspace: 100K(320K)->100K(320K) NonClass: 96K(192K)->96K(192K) Class: 4K(128K)->4K(128K)
[2024-08-27T15:00:36.443+0000][info][gc             ] GC(102) Pause Young (Normal) (G1 Evacuation Pause) 872M->875M(1024M) 14.407ms
[2024-08-27T15:00:36.443+0000][info][gc,cpu         ] GC(102) User=0.32s Sys=0.01s Real=0.02s
[2024-08-27T15:00:36.458+0000][info][gc,marking     ] GC(100) Concurrent Rebuild Remembered Sets 90.365ms
[2024-08-27T15:00:36.458+0000][info][gc,start       ] GC(100) Pause Cleanup
[2024-08-27T15:00:36.461+0000][info][gc             ] GC(100) Pause Cleanup 893M->893M(1024M) 2.578ms
[2024-08-27T15:00:36.461+0000][info][gc,cpu         ] GC(100) User=0.00s Sys=0.00s Real=0.00s
[2024-08-27T15:00:36.461+0000][info][gc,marking     ] GC(100) Concurrent Cleanup for Next Mark
[2024-08-27T15:00:36.462+0000][info][gc,marking     ] GC(100) Concurrent Cleanup for Next Mark 0.739ms
[2024-08-27T15:00:36.462+0000][info][gc             ] GC(100) Concurrent Mark Cycle 121.458ms
[2024-08-27T15:00:36.481+0000][info][gc,start       ] GC(103) Pause Young (Prepare Mixed) (G1 Evacuation Pause)
[2024-08-27T15:00:36.481+0000][info][gc,task        ] GC(103) Using 24 workers of 68 for evacuation
[2024-08-27T15:00:36.498+0000][info][gc,phases      ] GC(103)   Pre Evacuate Collection Set: 0.2ms
[2024-08-27T15:00:36.498+0000][info][gc,phases      ] GC(103)   Merge Heap Roots: 0.6ms
[2024-08-27T15:00:36.498+0000][info][gc,phases      ] GC(103)   Evacuate Collection Set: 15.1ms
[2024-08-27T15:00:36.498+0000][info][gc,phases      ] GC(103)   Post Evacuate Collection Set: 0.4ms
[2024-08-27T15:00:36.498+0000][info][gc,phases      ] GC(103)   Other: 0.3ms
[2024-08-27T15:00:36.498+0000][info][gc,heap        ] GC(103) Eden regions: 44->0(44)
[2024-08-27T15:00:36.498+0000][info][gc,heap        ] GC(103) Survivor regions: 7->7(7)
[2024-08-27T15:00:36.498+0000][info][gc,heap        ] GC(103) Old regions: 867->913
[2024-08-27T15:00:36.498+0000][info][gc,heap        ] GC(103) Archive regions: 2->2
[2024-08-27T15:00:36.498+0000][info][gc,heap        ] GC(103) Humongous regions: 5->5
[2024-08-27T15:00:36.498+0000][info][gc,metaspace   ] GC(103) Metaspace: 100K(320K)->100K(320K) NonClass: 96K(192K)->96K(192K) Class: 4K(128K)->4K(128K)
[2024-08-27T15:00:36.498+0000][info][gc             ] GC(103) Pause Young (Prepare Mixed) (G1 Evacuation Pause) 919M->922M(1024M) 16.739ms
[2024-08-27T15:00:36.498+0000][info][gc,cpu         ] GC(103) User=0.37s Sys=0.00s Real=0.02s
[2024-08-27T15:00:36.530+0000][info][gc,start       ] GC(104) Pause Young (Mixed) (G1 Preventive Collection)
[2024-08-27T15:00:36.530+0000][info][gc,task        ] GC(104) Using 24 workers of 68 for evacuation
[2024-08-27T15:00:36.542+0000][info][gc,phases      ] GC(104)   Pre Evacuate Collection Set: 0.2ms
[2024-08-27T15:00:36.543+0000][info][gc,phases      ] GC(104)   Merge Heap Roots: 0.4ms
[2024-08-27T15:00:36.543+0000][info][gc,phases      ] GC(104)   Evacuate Collection Set: 10.8ms
[2024-08-27T15:00:36.543+0000][info][gc,phases      ] GC(104)   Post Evacuate Collection Set: 0.4ms
[2024-08-27T15:00:36.543+0000][info][gc,phases      ] GC(104)   Other: 0.4ms
[2024-08-27T15:00:36.543+0000][info][gc,heap        ] GC(104) Eden regions: 42->0(44)
[2024-08-27T15:00:36.543+0000][info][gc,heap        ] GC(104) Survivor regions: 7->7(7)
[2024-08-27T15:00:36.543+0000][info][gc,heap        ] GC(104) Old regions: 913->855
[2024-08-27T15:00:36.543+0000][info][gc,heap        ] GC(104) Archive regions: 2->2
[2024-08-27T15:00:36.543+0000][info][gc,heap        ] GC(104) Humongous regions: 5->5
[2024-08-27T15:00:36.543+0000][info][gc,metaspace   ] GC(104) Metaspace: 100K(320K)->100K(320K) NonClass: 96K(192K)->96K(192K) Class: 4K(128K)->4K(128K)
[2024-08-27T15:00:36.543+0000][info][gc             ] GC(104) Pause Young (Mixed) (G1 Preventive Collection) 964M->866M(1024M) 12.356ms
[2024-08-27T15:00:36.543+0000][info][gc,cpu         ] GC(104) User=0.27s Sys=0.00s Real=0.01s
[2024-08-27T15:00:36.576+0000][info][gc,start       ] GC(105) Pause Young (Mixed) (G1 Evacuation Pause)
[2024-08-27T15:00:36.576+0000][info][gc,task        ] GC(105) Using 24 workers of 68 for evacuation
[2024-08-27T15:00:36.587+0000][info][gc,phases      ] GC(105)   Pre Evacuate Collection Set: 0.2ms
[2024-08-27T15:00:36.587+0000][info][gc,phases      ] GC(105)   Merge Heap Roots: 0.4ms
[2024-08-27T15:00:36.587+0000][info][gc,phases      ] GC(105)   Evacuate Collection Set: 9.3ms
[2024-08-27T15:00:36.587+0000][info][gc,phases      ] GC(105)   Post Evacuate Collection Set: 0.4ms
[2024-08-27T15:00:36.587+0000][info][gc,phases      ] GC(105)   Other: 0.3ms
[2024-08-27T15:00:36.587+0000][info][gc,heap        ] GC(105) Eden regions: 44->0(44)
[2024-08-27T15:00:36.587+0000][info][gc,heap        ] GC(105) Survivor regions: 7->7(7)
[2024-08-27T15:00:36.587+0000][info][gc,heap        ] GC(105) Old regions: 855->798
[2024-08-27T15:00:36.587+0000][info][gc,heap        ] GC(105) Archive regions: 2->2
[2024-08-27T15:00:36.587+0000][info][gc,heap        ] GC(105) Humongous regions: 5->5
[2024-08-27T15:00:36.587+0000][info][gc,metaspace   ] GC(105) Metaspace: 100K(320K)->100K(320K) NonClass: 96K(192K)->96K(192K) Class: 4K(128K)->4K(128K)
[2024-08-27T15:00:36.587+0000][info][gc             ] GC(105) Pause Young (Mixed) (G1 Evacuation Pause) 910M->810M(1024M) 10.894ms
[2024-08-27T15:00:36.587+0000][info][gc,cpu         ] GC(105) User=0.23s Sys=0.00s Real=0.01s
[2024-08-27T15:00:36.620+0000][info][gc,start       ] GC(106) Pause Young (Mixed) (G1 Evacuation Pause)
[2024-08-27T15:00:36.620+0000][info][gc,task        ] GC(106) Using 24 workers of 68 for evacuation
[2024-08-27T15:00:36.634+0000][info][gc,phases      ] GC(106)   Pre Evacuate Collection Set: 0.2ms
[2024-08-27T15:00:36.634+0000][info][gc,phases      ] GC(106)   Merge Heap Roots: 0.4ms
[2024-08-27T15:00:36.634+0000][info][gc,phases      ] GC(106)   Evacuate Collection Set: 12.2ms
[2024-08-27T15:00:36.634+0000][info][gc,phases      ] GC(106)   Post Evacuate Collection Set: 0.4ms
[2024-08-27T15:00:36.634+0000][info][gc,phases      ] GC(106)   Other: 0.4ms
[2024-08-27T15:00:36.634+0000][info][gc,heap        ] GC(106) Eden regions: 44->0(44)
[2024-08-27T15:00:36.634+0000][info][gc,heap        ] GC(106) Survivor regions: 7->7(7)
[2024-08-27T15:00:36.634+0000][info][gc,heap        ] GC(106) Old regions: 798->768
[2024-08-27T15:00:36.634+0000][info][gc,heap        ] GC(106) Archive regions: 2->2
[2024-08-27T15:00:36.634+0000][info][gc,heap        ] GC(106) Humongous regions: 5->5
[2024-08-27T15:00:36.634+0000][info][gc,metaspace   ] GC(106) Metaspace: 100K(320K)->100K(320K) NonClass: 96K(192K)->96K(192K) Class: 4K(128K)->4K(128K)
[2024-08-27T15:00:36.634+0000][info][gc             ] GC(106) Pause Young (Mixed) (G1 Evacuation Pause) 854M->780M(1024M) 13.860ms
[2024-08-27T15:00:36.634+0000][info][gc,cpu         ] GC(106) User=0.30s Sys=0.00s Real=0.01s
[2024-08-27T15:00:36.667+0000][info][gc,start       ] GC(107) Pause Young (Mixed) (G1 Evacuation Pause)
[2024-08-27T15:00:36.667+0000][info][gc,task        ] GC(107) Using 24 workers of 68 for evacuation
[2024-08-27T15:00:36.678+0000][info][gc,phases      ] GC(107)   Pre Evacuate Collection Set: 0.2ms
[2024-08-27T15:00:36.678+0000][info][gc,phases      ] GC(107)   Merge Heap Roots: 0.3ms
[2024-08-27T15:00:36.678+0000][info][gc,phases      ] GC(107)   Evacuate Collection Set: 9.9ms
[2024-08-27T15:00:36.678+0000][info][gc,phases      ] GC(107)   Post Evacuate Collection Set: 0.3ms
[2024-08-27T15:00:36.678+0000][info][gc,phases      ] GC(107)   Other: 0.3ms
[2024-08-27T15:00:36.679+0000][info][gc,heap        ] GC(107) Eden regions: 44->0(44)
[2024-08-27T15:00:36.679+0000][info][gc,heap        ] GC(107) Survivor regions: 7->7(7)
[2024-08-27T15:00:36.679+0000][info][gc,heap        ] GC(107) Old regions: 768->812
[2024-08-27T15:00:36.679+0000][info][gc,heap        ] GC(107) Archive regions: 2->2
[2024-08-27T15:00:36.679+0000][info][gc,heap        ] GC(107) Humongous regions: 5->5
[2024-08-27T15:00:36.679+0000][info][gc,metaspace   ] GC(107) Metaspace: 100K(320K)->100K(320K) NonClass: 96K(192K)->96K(192K) Class: 4K(128K)->4K(128K)
[2024-08-27T15:00:36.679+0000][info][gc             ] GC(107) Pause Young (Mixed) (G1 Evacuation Pause) 824M->824M(1024M) 11.275ms
[2024-08-27T15:00:36.679+0000][info][gc,cpu         ] GC(107) User=0.24s Sys=0.00s Real=0.02s
[2024-08-27T15:00:36.714+0000][info][gc,start       ] GC(108) Pause Young (Concurrent Start) (G1 Evacuation Pause)
[2024-08-27T15:00:36.714+0000][info][gc,task        ] GC(108) Using 24 workers of 68 for evacuation
[2024-08-27T15:00:36.727+0000][info][gc,phases      ] GC(108)   Pre Evacuate Collection Set: 0.2ms
[2024-08-27T15:00:36.727+0000][info][gc,phases      ] GC(108)   Merge Heap Roots: 0.4ms
[2024-08-27T15:00:36.727+0000][info][gc,phases      ] GC(108)   Evacuate Collection Set: 10.9ms
[2024-08-27T15:00:36.727+0000][info][gc,phases      ] GC(108)   Post Evacuate Collection Set: 0.4ms
[2024-08-27T15:00:36.727+0000][info][gc,phases      ] GC(108)   Other: 1.0ms
[2024-08-27T15:00:36.727+0000][info][gc,heap        ] GC(108) Eden regions: 44->0(44)
[2024-08-27T15:00:36.727+0000][info][gc,heap        ] GC(108) Survivor regions: 7->7(7)
[2024-08-27T15:00:36.727+0000][info][gc,heap        ] GC(108) Old regions: 812->859
[2024-08-27T15:00:36.727+0000][info][gc,heap        ] GC(108) Archive regions: 2->2
[2024-08-27T15:00:36.727+0000][info][gc,heap        ] GC(108) Humongous regions: 5->5
[2024-08-27T15:00:36.727+0000][info][gc,metaspace   ] GC(108) Metaspace: 100K(320K)->100K(320K) NonClass: 96K(192K)->96K(192K) Class: 4K(128K)->4K(128K)
[2024-08-27T15:00:36.727+0000][info][gc             ] GC(108) Pause Young (Concurrent Start) (G1 Evacuation Pause) 868M->871M(1024M) 12.991ms
[2024-08-27T15:00:36.727+0000][info][gc,cpu         ] GC(108) User=0.27s Sys=0.00s Real=0.01s
[2024-08-27T15:00:36.727+0000][info][gc             ] GC(109) Concurrent Mark Cycle
[2024-08-27T15:00:36.727+0000][info][gc,marking     ] GC(109) Concurrent Clear Claimed Marks
[2024-08-27T15:00:36.727+0000][info][gc,marking     ] GC(109) Concurrent Clear Claimed Marks 0.011ms
[2024-08-27T15:00:36.727+0000][info][gc,marking     ] GC(109) Concurrent Scan Root Regions
[2024-08-27T15:00:36.729+0000][info][gc,marking     ] GC(109) Concurrent Scan Root Regions 1.972ms
[2024-08-27T15:00:36.729+0000][info][gc,marking     ] GC(109) Concurrent Mark
[2024-08-27T15:00:36.729+0000][info][gc,marking     ] GC(109) Concurrent Mark From Roots
[2024-08-27T15:00:36.729+0000][info][gc,task        ] GC(109) Using 17 workers of 17 for marking
[2024-08-27T15:00:36.753+0000][info][gc,marking     ] GC(109) Concurrent Mark From Roots 23.296ms
[2024-08-27T15:00:36.753+0000][info][gc,marking     ] GC(109) Concurrent Preclean
[2024-08-27T15:00:36.753+0000][info][gc,marking     ] GC(109) Concurrent Preclean 0.438ms
[2024-08-27T15:00:36.753+0000][info][gc,start       ] GC(109) Pause Remark
[2024-08-27T15:00:36.755+0000][info][gc             ] GC(109) Pause Remark 894M->894M(1024M) 1.859ms
[2024-08-27T15:00:36.755+0000][info][gc,cpu         ] GC(109) User=0.01s Sys=0.01s Real=0.00s
[2024-08-27T15:00:36.755+0000][info][gc,marking     ] GC(109) Concurrent Mark 26.173ms
[2024-08-27T15:00:36.755+0000][info][gc,marking     ] GC(109) Concurrent Rebuild Remembered Sets
[2024-08-27T15:00:36.775+0000][info][gc,start       ] GC(110) Pause Young (Normal) (G1 Evacuation Pause)
[2024-08-27T15:00:36.775+0000][info][gc,task        ] GC(110) Using 24 workers of 68 for evacuation
[2024-08-27T15:00:36.785+0000][info][gc,phases      ] GC(110)   Pre Evacuate Collection Set: 0.2ms
[2024-08-27T15:00:36.785+0000][info][gc,phases      ] GC(110)   Merge Heap Roots: 0.4ms
[2024-08-27T15:00:36.785+0000][info][gc,phases      ] GC(110)   Evacuate Collection Set: 9.2ms
[2024-08-27T15:00:36.785+0000][info][gc,phases      ] GC(110)   Post Evacuate Collection Set: 0.5ms
[2024-08-27T15:00:36.785+0000][info][gc,phases      ] GC(110)   Other: 0.3ms
[2024-08-27T15:00:36.785+0000][info][gc,heap        ] GC(110) Eden regions: 44->0(44)
[2024-08-27T15:00:36.785+0000][info][gc,heap        ] GC(110) Survivor regions: 7->7(7)
[2024-08-27T15:00:36.785+0000][info][gc,heap        ] GC(110) Old regions: 859->906
[2024-08-27T15:00:36.785+0000][info][gc,heap        ] GC(110) Archive regions: 2->2
[2024-08-27T15:00:36.785+0000][info][gc,heap        ] GC(110) Humongous regions: 5->5
[2024-08-27T15:00:36.785+0000][info][gc,metaspace   ] GC(110) Metaspace: 100K(320K)->100K(320K) NonClass: 96K(192K)->96K(192K) Class: 4K(128K)->4K(128K)
[2024-08-27T15:00:36.785+0000][info][gc             ] GC(110) Pause Young (Normal) (G1 Evacuation Pause) 915M->918M(1024M) 10.656ms
[2024-08-27T15:00:36.785+0000][info][gc,cpu         ] GC(110) User=0.22s Sys=0.01s Real=0.01s
[2024-08-27T15:00:36.820+0000][info][gc,start       ] GC(111) Pause Young (Normal) (G1 Evacuation Pause)
[2024-08-27T15:00:36.820+0000][info][gc,task        ] GC(111) Using 24 workers of 68 for evacuation
[2024-08-27T15:00:36.835+0000][info][gc,phases      ] GC(111)   Pre Evacuate Collection Set: 0.2ms
[2024-08-27T15:00:36.835+0000][info][gc,phases      ] GC(111)   Merge Heap Roots: 0.5ms
[2024-08-27T15:00:36.835+0000][info][gc,phases      ] GC(111)   Evacuate Collection Set: 13.0ms
[2024-08-27T15:00:36.835+0000][info][gc,phases      ] GC(111)   Post Evacuate Collection Set: 0.6ms
[2024-08-27T15:00:36.835+0000][info][gc,phases      ] GC(111)   Other: 0.3ms
[2024-08-27T15:00:36.835+0000][info][gc,heap        ] GC(111) Eden regions: 44->0(44)
[2024-08-27T15:00:36.835+0000][info][gc,heap        ] GC(111) Survivor regions: 7->7(7)
[2024-08-27T15:00:36.835+0000][info][gc,heap        ] GC(111) Old regions: 906->952
[2024-08-27T15:00:36.835+0000][info][gc,heap        ] GC(111) Archive regions: 2->2
[2024-08-27T15:00:36.835+0000][info][gc,heap        ] GC(111) Humongous regions: 5->5
[2024-08-27T15:00:36.835+0000][info][gc,metaspace   ] GC(111) Metaspace: 100K(320K)->100K(320K) NonClass: 96K(192K)->96K(192K) Class: 4K(128K)->4K(128K)
[2024-08-27T15:00:36.835+0000][info][gc             ] GC(111) Pause Young (Normal) (G1 Evacuation Pause) 962M->964M(1024M) 14.734ms
[2024-08-27T15:00:36.835+0000][info][gc,cpu         ] GC(111) User=0.33s Sys=0.00s Real=0.01s
[2024-08-27T15:00:36.846+0000][info][gc,marking     ] GC(109) Concurrent Rebuild Remembered Sets 90.660ms
[2024-08-27T15:00:36.847+0000][info][gc,start       ] GC(109) Pause Cleanup
[2024-08-27T15:00:36.850+0000][info][gc             ] GC(109) Pause Cleanup 979M->979M(1024M) 3.372ms
[2024-08-27T15:00:36.850+0000][info][gc,cpu         ] GC(109) User=0.01s Sys=0.00s Real=0.01s
[2024-08-27T15:00:36.850+0000][info][gc,marking     ] GC(109) Concurrent Cleanup for Next Mark
[2024-08-27T15:00:36.851+0000][info][gc,marking     ] GC(109) Concurrent Cleanup for Next Mark 0.829ms
[2024-08-27T15:00:36.851+0000][info][gc             ] GC(109) Concurrent Mark Cycle 123.750ms
[2024-08-27T15:00:36.858+0000][info][gc,start       ] GC(112) Pause Young (Prepare Mixed) (G1 Preventive Collection)
[2024-08-27T15:00:36.858+0000][info][gc,task        ] GC(112) Using 24 workers of 68 for evacuation
[2024-08-27T15:00:36.871+0000][info][gc             ] GC(112) To-space exhausted
[2024-08-27T15:00:36.871+0000][info][gc,phases      ] GC(112)   Pre Evacuate Collection Set: 0.2ms
[2024-08-27T15:00:36.871+0000][info][gc,phases      ] GC(112)   Merge Heap Roots: 0.5ms
[2024-08-27T15:00:36.871+0000][info][gc,phases      ] GC(112)   Evacuate Collection Set: 12.1ms
[2024-08-27T15:00:36.871+0000][info][gc,phases      ] GC(112)   Post Evacuate Collection Set: 0.7ms
[2024-08-27T15:00:36.871+0000][info][gc,phases      ] GC(112)   Other: 0.3ms
[2024-08-27T15:00:36.871+0000][info][gc,heap        ] GC(112) Eden regions: 24->0(44)
[2024-08-27T15:00:36.871+0000][info][gc,heap        ] GC(112) Survivor regions: 7->7(7)
[2024-08-27T15:00:36.871+0000][info][gc,heap        ] GC(112) Old regions: 952->1004
[2024-08-27T15:00:36.871+0000][info][gc,heap        ] GC(112) Archive regions: 2->2
[2024-08-27T15:00:36.871+0000][info][gc,heap        ] GC(112) Humongous regions: 5->5
[2024-08-27T15:00:36.871+0000][info][gc,metaspace   ] GC(112) Metaspace: 100K(320K)->100K(320K) NonClass: 96K(192K)->96K(192K) Class: 4K(128K)->4K(128K)
[2024-08-27T15:00:36.871+0000][info][gc             ] GC(112) Pause Young (Prepare Mixed) (G1 Preventive Collection) 988M->1016M(1024M) 13.816ms
[2024-08-27T15:00:36.871+0000][info][gc,cpu         ] GC(112) User=0.29s Sys=0.01s Real=0.01s
[2024-08-27T15:00:36.873+0000][info][gc,start       ] GC(113) Pause Young (Mixed) (G1 Preventive Collection)
[2024-08-27T15:00:36.873+0000][info][gc,task        ] GC(113) Using 24 workers of 68 for evacuation
[2024-08-27T15:00:36.877+0000][info][gc             ] GC(113) To-space exhausted
[2024-08-27T15:00:36.877+0000][info][gc,phases      ] GC(113)   Pre Evacuate Collection Set: 0.2ms
[2024-08-27T15:00:36.877+0000][info][gc,phases      ] GC(113)   Merge Heap Roots: 0.2ms
[2024-08-27T15:00:36.877+0000][info][gc,phases      ] GC(113)   Evacuate Collection Set: 2.6ms
[2024-08-27T15:00:36.877+0000][info][gc,phases      ] GC(113)   Post Evacuate Collection Set: 0.7ms
[2024-08-27T15:00:36.877+0000][info][gc,phases      ] GC(113)   Other: 0.2ms
[2024-08-27T15:00:36.877+0000][info][gc,heap        ] GC(113) Eden regions: 1->0(50)
[2024-08-27T15:00:36.877+0000][info][gc,heap        ] GC(113) Survivor regions: 7->1(5)
[2024-08-27T15:00:36.877+0000][info][gc,heap        ] GC(113) Old regions: 1004->1016
[2024-08-27T15:00:36.877+0000][info][gc,heap        ] GC(113) Archive regions: 2->2
[2024-08-27T15:00:36.877+0000][info][gc,heap        ] GC(113) Humongous regions: 5->5
[2024-08-27T15:00:36.877+0000][info][gc,metaspace   ] GC(113) Metaspace: 100K(320K)->100K(320K) NonClass: 96K(192K)->96K(192K) Class: 4K(128K)->4K(128K)
[2024-08-27T15:00:36.877+0000][info][gc             ] GC(113) Pause Young (Mixed) (G1 Preventive Collection) 1017M->1022M(1024M) 3.972ms
[2024-08-27T15:00:36.877+0000][info][gc,cpu         ] GC(113) User=0.07s Sys=0.00s Real=0.00s
[2024-08-27T15:00:36.877+0000][info][gc,ergo        ] Attempting full compaction
[2024-08-27T15:00:36.877+0000][info][gc,task        ] GC(114) Using 24 workers of 68 for full compaction
[2024-08-27T15:00:36.877+0000][info][gc,start       ] GC(114) Pause Full (G1 Compaction Pause)
[2024-08-27T15:00:36.877+0000][info][gc,phases,start] GC(114) Phase 1: Mark live objects
[2024-08-27T15:00:36.890+0000][info][gc,phases      ] GC(114) Phase 1: Mark live objects 12.815ms
[2024-08-27T15:00:36.890+0000][info][gc,phases,start] GC(114) Phase 2: Prepare for compaction
[2024-08-27T15:00:36.899+0000][info][gc,phases      ] GC(114) Phase 2: Prepare for compaction 8.814ms
[2024-08-27T15:00:36.899+0000][info][gc,phases,start] GC(114) Phase 3: Adjust pointers
[2024-08-27T15:00:36.913+0000][info][gc,phases      ] GC(114) Phase 3: Adjust pointers 13.867ms
[2024-08-27T15:00:36.913+0000][info][gc,phases,start] GC(114) Phase 4: Compact heap
[2024-08-27T15:00:36.939+0000][info][gc,phases      ] GC(114) Phase 4: Compact heap 26.058ms
[2024-08-27T15:00:36.940+0000][info][gc,heap        ] GC(114) Eden regions: 0->0(150)
[2024-08-27T15:00:36.940+0000][info][gc,heap        ] GC(114) Survivor regions: 1->0(5)
[2024-08-27T15:00:36.940+0000][info][gc,heap        ] GC(114) Old regions: 1016->443
[2024-08-27T15:00:36.940+0000][info][gc,heap        ] GC(114) Archive regions: 2->2
[2024-08-27T15:00:36.940+0000][info][gc,heap        ] GC(114) Humongous regions: 5->5
[2024-08-27T15:00:36.940+0000][info][gc,metaspace   ] GC(114) Metaspace: 100K(320K)->100K(320K) NonClass: 96K(192K)->96K(192K) Class: 4K(128K)->4K(128K)
[2024-08-27T15:00:36.940+0000][info][gc             ] GC(114) Pause Full (G1 Compaction Pause) 1022M->436M(1024M) 62.862ms
[2024-08-27T15:00:36.940+0000][info][gc,cpu         ] GC(114) User=1.33s Sys=0.00s Real=0.07s
[2024-08-27T15:00:37.044+0000][info][gc,start       ] GC(115) Pause Young (Normal) (G1 Evacuation Pause)
[2024-08-27T15:00:37.044+0000][info][gc,task        ] GC(115) Using 24 workers of 68 for evacuation
[2024-08-27T15:00:37.066+0000][info][gc,phases      ] GC(115)   Pre Evacuate Collection Set: 0.2ms
[2024-08-27T15:00:37.066+0000][info][gc,phases      ] GC(115)   Merge Heap Roots: 0.3ms
[2024-08-27T15:00:37.066+0000][info][gc,phases      ] GC(115)   Evacuate Collection Set: 20.8ms
[2024-08-27T15:00:37.066+0000][info][gc,phases      ] GC(115)   Post Evacuate Collection Set: 0.3ms
[2024-08-27T15:00:37.066+0000][info][gc,phases      ] GC(115)   Other: 0.2ms
[2024-08-27T15:00:37.066+0000][info][gc,heap        ] GC(115) Eden regions: 150->0(103)
[2024-08-27T15:00:37.066+0000][info][gc,heap        ] GC(115) Survivor regions: 0->19(19)
[2024-08-27T15:00:37.066+0000][info][gc,heap        ] GC(115) Old regions: 443->570
[2024-08-27T15:00:37.066+0000][info][gc,heap        ] GC(115) Archive regions: 2->2
[2024-08-27T15:00:37.066+0000][info][gc,heap        ] GC(115) Humongous regions: 5->5
[2024-08-27T15:00:37.066+0000][info][gc,metaspace   ] GC(115) Metaspace: 100K(320K)->100K(320K) NonClass: 96K(192K)->96K(192K) Class: 4K(128K)->4K(128K)
[2024-08-27T15:00:37.066+0000][info][gc             ] GC(115) Pause Young (Normal) (G1 Evacuation Pause) 586M->581M(1024M) 21.932ms
[2024-08-27T15:00:37.066+0000][info][gc,cpu         ] GC(115) User=0.50s Sys=0.00s Real=0.02s
[2024-08-27T15:00:37.142+0000][info][gc,start       ] GC(116) Pause Young (Concurrent Start) (G1 Evacuation Pause)
[2024-08-27T15:00:37.142+0000][info][gc,task        ] GC(116) Using 24 workers of 68 for evacuation
[2024-08-27T15:00:37.162+0000][info][gc,phases      ] GC(116)   Pre Evacuate Collection Set: 0.2ms
[2024-08-27T15:00:37.162+0000][info][gc,phases      ] GC(116)   Merge Heap Roots: 0.4ms
[2024-08-27T15:00:37.162+0000][info][gc,phases      ] GC(116)   Evacuate Collection Set: 18.7ms
[2024-08-27T15:00:37.162+0000][info][gc,phases      ] GC(116)   Post Evacuate Collection Set: 0.3ms
[2024-08-27T15:00:37.162+0000][info][gc,phases      ] GC(116)   Other: 0.6ms
[2024-08-27T15:00:37.162+0000][info][gc,heap        ] GC(116) Eden regions: 103->0(70)
[2024-08-27T15:00:37.162+0000][info][gc,heap        ] GC(116) Survivor regions: 19->16(16)
[2024-08-27T15:00:37.162+0000][info][gc,heap        ] GC(116) Old regions: 570->677
[2024-08-27T15:00:37.162+0000][info][gc,heap        ] GC(116) Archive regions: 2->2
[2024-08-27T15:00:37.162+0000][info][gc,heap        ] GC(116) Humongous regions: 5->5
[2024-08-27T15:00:37.162+0000][info][gc,metaspace   ] GC(116) Metaspace: 100K(320K)->100K(320K) NonClass: 96K(192K)->96K(192K) Class: 4K(128K)->4K(128K)
[2024-08-27T15:00:37.162+0000][info][gc             ] GC(116) Pause Young (Concurrent Start) (G1 Evacuation Pause) 684M->685M(1024M) 20.159ms
[2024-08-27T15:00:37.162+0000][info][gc,cpu         ] GC(116) User=0.46s Sys=0.00s Real=0.02s
[2024-08-27T15:00:37.163+0000][info][gc             ] GC(117) Concurrent Mark Cycle
[2024-08-27T15:00:37.163+0000][info][gc,marking     ] GC(117) Concurrent Clear Claimed Marks
[2024-08-27T15:00:37.163+0000][info][gc,marking     ] GC(117) Concurrent Clear Claimed Marks 0.011ms
[2024-08-27T15:00:37.163+0000][info][gc,marking     ] GC(117) Concurrent Scan Root Regions
[2024-08-27T15:00:37.166+0000][info][gc,marking     ] GC(117) Concurrent Scan Root Regions 3.537ms
[2024-08-27T15:00:37.166+0000][info][gc,marking     ] GC(117) Concurrent Mark
[2024-08-27T15:00:37.166+0000][info][gc,marking     ] GC(117) Concurrent Mark From Roots
[2024-08-27T15:00:37.166+0000][info][gc,task        ] GC(117) Using 17 workers of 17 for marking
[2024-08-27T15:00:37.187+0000][info][gc,marking     ] GC(117) Concurrent Mark From Roots 20.370ms
[2024-08-27T15:00:37.187+0000][info][gc,marking     ] GC(117) Concurrent Preclean
[2024-08-27T15:00:37.187+0000][info][gc,marking     ] GC(117) Concurrent Preclean 0.438ms
[2024-08-27T15:00:37.187+0000][info][gc,start       ] GC(117) Pause Remark
[2024-08-27T15:00:37.189+0000][info][gc             ] GC(117) Pause Remark 709M->709M(1024M) 1.126ms
[2024-08-27T15:00:37.189+0000][info][gc,cpu         ] GC(117) User=0.00s Sys=0.00s Real=0.00s
[2024-08-27T15:00:37.189+0000][info][gc,marking     ] GC(117) Concurrent Mark 22.424ms
[2024-08-27T15:00:37.189+0000][info][gc,marking     ] GC(117) Concurrent Rebuild Remembered Sets
[2024-08-27T15:00:37.224+0000][info][gc,start       ] GC(118) Pause Young (Normal) (G1 Evacuation Pause)
[2024-08-27T15:00:37.224+0000][info][gc,task        ] GC(118) Using 24 workers of 68 for evacuation
[2024-08-27T15:00:37.241+0000][info][gc,phases      ] GC(118)   Pre Evacuate Collection Set: 0.2ms
[2024-08-27T15:00:37.241+0000][info][gc,phases      ] GC(118)   Merge Heap Roots: 0.3ms
[2024-08-27T15:00:37.241+0000][info][gc,phases      ] GC(118)   Evacuate Collection Set: 15.4ms
[2024-08-27T15:00:37.241+0000][info][gc,phases      ] GC(118)   Post Evacuate Collection Set: 0.5ms
[2024-08-27T15:00:37.241+0000][info][gc,phases      ] GC(118)   Other: 0.2ms
[2024-08-27T15:00:37.241+0000][info][gc,heap        ] GC(118) Eden regions: 70->0(46)
[2024-08-27T15:00:37.241+0000][info][gc,heap        ] GC(118) Survivor regions: 16->11(11)
[2024-08-27T15:00:37.241+0000][info][gc,heap        ] GC(118) Old regions: 677->755
[2024-08-27T15:00:37.241+0000][info][gc,heap        ] GC(118) Archive regions: 2->2
[2024-08-27T15:00:37.241+0000][info][gc,heap        ] GC(118) Humongous regions: 5->5
[2024-08-27T15:00:37.241+0000][info][gc,metaspace   ] GC(118) Metaspace: 100K(320K)->100K(320K) NonClass: 96K(192K)->96K(192K) Class: 4K(128K)->4K(128K)
[2024-08-27T15:00:37.241+0000][info][gc             ] GC(118) Pause Young (Normal) (G1 Evacuation Pause) 755M->758M(1024M) 16.613ms
[2024-08-27T15:00:37.241+0000][info][gc,cpu         ] GC(118) User=0.38s Sys=0.00s Real=0.02s
[2024-08-27T15:00:37.270+0000][info][gc,marking     ] GC(117) Concurrent Rebuild Remembered Sets 81.252ms
[2024-08-27T15:00:37.270+0000][info][gc,start       ] GC(117) Pause Cleanup
[2024-08-27T15:00:37.272+0000][info][gc             ] GC(117) Pause Cleanup 791M->791M(1024M) 1.565ms
[2024-08-27T15:00:37.272+0000][info][gc,cpu         ] GC(117) User=0.01s Sys=0.00s Real=0.00s
[2024-08-27T15:00:37.272+0000][info][gc,marking     ] GC(117) Concurrent Cleanup for Next Mark
[2024-08-27T15:00:37.273+0000][info][gc,marking     ] GC(117) Concurrent Cleanup for Next Mark 0.949ms
[2024-08-27T15:00:37.273+0000][info][gc             ] GC(117) Concurrent Mark Cycle 110.391ms
[2024-08-27T15:00:37.283+0000][info][gc,start       ] GC(119) Pause Young (Prepare Mixed) (G1 Evacuation Pause)
[2024-08-27T15:00:37.283+0000][info][gc,task        ] GC(119) Using 24 workers of 68 for evacuation
[2024-08-27T15:00:37.303+0000][info][gc,phases      ] GC(119)   Pre Evacuate Collection Set: 0.2ms
[2024-08-27T15:00:37.303+0000][info][gc,phases      ] GC(119)   Merge Heap Roots: 0.5ms
[2024-08-27T15:00:37.303+0000][info][gc,phases      ] GC(119)   Evacuate Collection Set: 18.3ms
[2024-08-27T15:00:37.303+0000][info][gc,phases      ] GC(119)   Post Evacuate Collection Set: 0.3ms
[2024-08-27T15:00:37.303+0000][info][gc,phases      ] GC(119)   Other: 0.2ms
[2024-08-27T15:00:37.303+0000][info][gc,heap        ] GC(119) Eden regions: 46->0(43)
[2024-08-27T15:00:37.303+0000][info][gc,heap        ] GC(119) Survivor regions: 11->8(8)
[2024-08-27T15:00:37.303+0000][info][gc,heap        ] GC(119) Old regions: 755->809
[2024-08-27T15:00:37.303+0000][info][gc,heap        ] GC(119) Archive regions: 2->2
[2024-08-27T15:00:37.303+0000][info][gc,heap        ] GC(119) Humongous regions: 5->5
[2024-08-27T15:00:37.303+0000][info][gc,metaspace   ] GC(119) Metaspace: 100K(320K)->100K(320K) NonClass: 96K(192K)->96K(192K) Class: 4K(128K)->4K(128K)
[2024-08-27T15:00:37.303+0000][info][gc             ] GC(119) Pause Young (Prepare Mixed) (G1 Evacuation Pause) 804M->810M(1024M) 19.633ms
[2024-08-27T15:00:37.303+0000][info][gc,cpu         ] GC(119) User=0.46s Sys=0.00s Real=0.02s
[2024-08-27T15:00:37.337+0000][info][gc,start       ] GC(120) Pause Young (Mixed) (G1 Evacuation Pause)
[2024-08-27T15:00:37.337+0000][info][gc,task        ] GC(120) Using 24 workers of 68 for evacuation
[2024-08-27T15:00:37.349+0000][info][gc,phases      ] GC(120)   Pre Evacuate Collection Set: 0.2ms
[2024-08-27T15:00:37.349+0000][info][gc,phases      ] GC(120)   Merge Heap Roots: 0.4ms
[2024-08-27T15:00:37.349+0000][info][gc,phases      ] GC(120)   Evacuate Collection Set: 11.0ms
[2024-08-27T15:00:37.349+0000][info][gc,phases      ] GC(120)   Post Evacuate Collection Set: 0.3ms
[2024-08-27T15:00:37.349+0000][info][gc,phases      ] GC(120)   Other: 0.3ms
[2024-08-27T15:00:37.349+0000][info][gc,heap        ] GC(120) Eden regions: 43->0(44)
[2024-08-27T15:00:37.349+0000][info][gc,heap        ] GC(120) Survivor regions: 8->7(7)
[2024-08-27T15:00:37.349+0000][info][gc,heap        ] GC(120) Old regions: 809->754
[2024-08-27T15:00:37.349+0000][info][gc,heap        ] GC(120) Archive regions: 2->2
[2024-08-27T15:00:37.349+0000][info][gc,heap        ] GC(120) Humongous regions: 5->5
[2024-08-27T15:00:37.349+0000][info][gc,metaspace   ] GC(120) Metaspace: 100K(320K)->100K(320K) NonClass: 96K(192K)->96K(192K) Class: 4K(128K)->4K(128K)
[2024-08-27T15:00:37.349+0000][info][gc             ] GC(120) Pause Young (Mixed) (G1 Evacuation Pause) 853M->755M(1024M) 12.246ms
[2024-08-27T15:00:37.349+0000][info][gc,cpu         ] GC(120) User=0.26s Sys=0.01s Real=0.01s
[2024-08-27T15:00:37.383+0000][info][gc,start       ] GC(121) Pause Young (Mixed) (G1 Evacuation Pause)
[2024-08-27T15:00:37.383+0000][info][gc,task        ] GC(121) Using 24 workers of 68 for evacuation
[2024-08-27T15:00:37.394+0000][info][gc,phases      ] GC(121)   Pre Evacuate Collection Set: 0.2ms
[2024-08-27T15:00:37.394+0000][info][gc,phases      ] GC(121)   Merge Heap Roots: 0.5ms
[2024-08-27T15:00:37.394+0000][info][gc,phases      ] GC(121)   Evacuate Collection Set: 9.7ms
[2024-08-27T15:00:37.394+0000][info][gc,phases      ] GC(121)   Post Evacuate Collection Set: 0.4ms
[2024-08-27T15:00:37.394+0000][info][gc,phases      ] GC(121)   Other: 0.2ms
[2024-08-27T15:00:37.394+0000][info][gc,heap        ] GC(121) Eden regions: 44->0(63)
[2024-08-27T15:00:37.394+0000][info][gc,heap        ] GC(121) Survivor regions: 7->7(7)
[2024-08-27T15:00:37.394+0000][info][gc,heap        ] GC(121) Old regions: 754->708
[2024-08-27T15:00:37.394+0000][info][gc,heap        ] GC(121) Archive regions: 2->2
[2024-08-27T15:00:37.394+0000][info][gc,heap        ] GC(121) Humongous regions: 5->5
[2024-08-27T15:00:37.394+0000][info][gc,metaspace   ] GC(121) Metaspace: 100K(320K)->100K(320K) NonClass: 96K(192K)->96K(192K) Class: 4K(128K)->4K(128K)
[2024-08-27T15:00:37.394+0000][info][gc             ] GC(121) Pause Young (Mixed) (G1 Evacuation Pause) 799M->714M(1024M) 11.112ms
[2024-08-27T15:00:37.394+0000][info][gc,cpu         ] GC(121) User=0.24s Sys=0.01s Real=0.01s
[2024-08-27T15:00:37.440+0000][info][gc,start       ] GC(122) Pause Young (Concurrent Start) (G1 Evacuation Pause)
[2024-08-27T15:00:37.440+0000][info][gc,task        ] GC(122) Using 24 workers of 68 for evacuation
[2024-08-27T15:00:37.452+0000][info][gc,phases      ] GC(122)   Pre Evacuate Collection Set: 0.2ms
[2024-08-27T15:00:37.453+0000][info][gc,phases      ] GC(122)   Merge Heap Roots: 0.4ms
[2024-08-27T15:00:37.453+0000][info][gc,phases      ] GC(122)   Evacuate Collection Set: 10.5ms
[2024-08-27T15:00:37.453+0000][info][gc,phases      ] GC(122)   Post Evacuate Collection Set: 0.3ms
[2024-08-27T15:00:37.453+0000][info][gc,phases      ] GC(122)   Other: 0.9ms
[2024-08-27T15:00:37.453+0000][info][gc,heap        ] GC(122) Eden regions: 63->0(42)
[2024-08-27T15:00:37.453+0000][info][gc,heap        ] GC(122) Survivor regions: 7->9(9)
[2024-08-27T15:00:37.453+0000][info][gc,heap        ] GC(122) Old regions: 708->771
[2024-08-27T15:00:37.453+0000][info][gc,heap        ] GC(122) Archive regions: 2->2
[2024-08-27T15:00:37.453+0000][info][gc,heap        ] GC(122) Humongous regions: 5->5
[2024-08-27T15:00:37.453+0000][info][gc,metaspace   ] GC(122) Metaspace: 100K(320K)->100K(320K) NonClass: 96K(192K)->96K(192K) Class: 4K(128K)->4K(128K)
[2024-08-27T15:00:37.453+0000][info][gc             ] GC(122) Pause Young (Concurrent Start) (G1 Evacuation Pause) 777M->779M(1024M) 12.335ms
[2024-08-27T15:00:37.453+0000][info][gc,cpu         ] GC(122) User=0.26s Sys=0.00s Real=0.01s
[2024-08-27T15:00:37.453+0000][info][gc             ] GC(123) Concurrent Mark Cycle
[2024-08-27T15:00:37.453+0000][info][gc,marking     ] GC(123) Concurrent Clear Claimed Marks
[2024-08-27T15:00:37.453+0000][info][gc,marking     ] GC(123) Concurrent Clear Claimed Marks 0.011ms
[2024-08-27T15:00:37.453+0000][info][gc,marking     ] GC(123) Concurrent Scan Root Regions
[2024-08-27T15:00:37.455+0000][info][gc,marking     ] GC(123) Concurrent Scan Root Regions 2.105ms
[2024-08-27T15:00:37.455+0000][info][gc,marking     ] GC(123) Concurrent Mark
[2024-08-27T15:00:37.455+0000][info][gc,marking     ] GC(123) Concurrent Mark From Roots
[2024-08-27T15:00:37.455+0000][info][gc,task        ] GC(123) Using 17 workers of 17 for marking
[2024-08-27T15:00:37.477+0000][info][gc,marking     ] GC(123) Concurrent Mark From Roots 21.800ms
[2024-08-27T15:00:37.477+0000][info][gc,marking     ] GC(123) Concurrent Preclean
[2024-08-27T15:00:37.477+0000][info][gc,marking     ] GC(123) Concurrent Preclean 0.431ms
[2024-08-27T15:00:37.478+0000][info][gc,start       ] GC(123) Pause Remark
[2024-08-27T15:00:37.479+0000][info][gc             ] GC(123) Pause Remark 802M->802M(1024M) 1.316ms
[2024-08-27T15:00:37.479+0000][info][gc,cpu         ] GC(123) User=0.01s Sys=0.00s Real=0.00s
[2024-08-27T15:00:37.479+0000][info][gc,marking     ] GC(123) Concurrent Mark 24.064ms
[2024-08-27T15:00:37.479+0000][info][gc,marking     ] GC(123) Concurrent Rebuild Remembered Sets
[2024-08-27T15:00:37.494+0000][info][gc,start       ] GC(124) Pause Young (Normal) (G1 Evacuation Pause)
[2024-08-27T15:00:37.494+0000][info][gc,task        ] GC(124) Using 24 workers of 68 for evacuation
[2024-08-27T15:00:37.503+0000][info][gc,phases      ] GC(124)   Pre Evacuate Collection Set: 0.1ms
[2024-08-27T15:00:37.503+0000][info][gc,phases      ] GC(124)   Merge Heap Roots: 0.3ms
[2024-08-27T15:00:37.503+0000][info][gc,phases      ] GC(124)   Evacuate Collection Set: 7.6ms
[2024-08-27T15:00:37.503+0000][info][gc,phases      ] GC(124)   Post Evacuate Collection Set: 0.4ms
[2024-08-27T15:00:37.503+0000][info][gc,phases      ] GC(124)   Other: 0.2ms
[2024-08-27T15:00:37.503+0000][info][gc,heap        ] GC(124) Eden regions: 42->0(44)
[2024-08-27T15:00:37.503+0000][info][gc,heap        ] GC(124) Survivor regions: 9->7(7)
[2024-08-27T15:00:37.503+0000][info][gc,heap        ] GC(124) Old regions: 771->819
[2024-08-27T15:00:37.503+0000][info][gc,heap        ] GC(124) Archive regions: 2->2
[2024-08-27T15:00:37.503+0000][info][gc,heap        ] GC(124) Humongous regions: 5->5
[2024-08-27T15:00:37.503+0000][info][gc,metaspace   ] GC(124) Metaspace: 100K(320K)->100K(320K) NonClass: 96K(192K)->96K(192K) Class: 4K(128K)->4K(128K)
[2024-08-27T15:00:37.503+0000][info][gc             ] GC(124) Pause Young (Normal) (G1 Evacuation Pause) 821M->825M(1024M) 8.731ms
[2024-08-27T15:00:37.503+0000][info][gc,cpu         ] GC(124) User=0.19s Sys=0.00s Real=0.01s
[2024-08-27T15:00:37.538+0000][info][gc,start       ] GC(125) Pause Young (Normal) (G1 Evacuation Pause)
[2024-08-27T15:00:37.538+0000][info][gc,task        ] GC(125) Using 24 workers of 68 for evacuation
[2024-08-27T15:00:37.553+0000][info][gc,phases      ] GC(125)   Pre Evacuate Collection Set: 0.2ms
[2024-08-27T15:00:37.553+0000][info][gc,phases      ] GC(125)   Merge Heap Roots: 0.4ms
[2024-08-27T15:00:37.553+0000][info][gc,phases      ] GC(125)   Evacuate Collection Set: 13.4ms
[2024-08-27T15:00:37.553+0000][info][gc,phases      ] GC(125)   Post Evacuate Collection Set: 0.5ms
[2024-08-27T15:00:37.553+0000][info][gc,phases      ] GC(125)   Other: 0.3ms
[2024-08-27T15:00:37.553+0000][info][gc,heap        ] GC(125) Eden regions: 44->0(44)
[2024-08-27T15:00:37.553+0000][info][gc,heap        ] GC(125) Survivor regions: 7->7(7)
[2024-08-27T15:00:37.553+0000][info][gc,heap        ] GC(125) Old regions: 819->866
[2024-08-27T15:00:37.553+0000][info][gc,heap        ] GC(125) Archive regions: 2->2
[2024-08-27T15:00:37.553+0000][info][gc,heap        ] GC(125) Humongous regions: 5->5
[2024-08-27T15:00:37.553+0000][info][gc,metaspace   ] GC(125) Metaspace: 100K(320K)->100K(320K) NonClass: 96K(192K)->96K(192K) Class: 4K(128K)->4K(128K)
[2024-08-27T15:00:37.553+0000][info][gc             ] GC(125) Pause Young (Normal) (G1 Evacuation Pause) 869M->872M(1024M) 14.880ms
[2024-08-27T15:00:37.553+0000][info][gc,cpu         ] GC(125) User=0.33s Sys=0.00s Real=0.01s
[2024-08-27T15:00:37.568+0000][info][gc,marking     ] GC(123) Concurrent Rebuild Remembered Sets 89.072ms
[2024-08-27T15:00:37.568+0000][info][gc,start       ] GC(123) Pause Cleanup
[2024-08-27T15:00:37.571+0000][info][gc             ] GC(123) Pause Cleanup 891M->891M(1024M) 2.293ms
[2024-08-27T15:00:37.571+0000][info][gc,cpu         ] GC(123) User=0.00s Sys=0.01s Real=0.01s
[2024-08-27T15:00:37.571+0000][info][gc,marking     ] GC(123) Concurrent Cleanup for Next Mark
[2024-08-27T15:00:37.572+0000][info][gc,marking     ] GC(123) Concurrent Cleanup for Next Mark 0.817ms
[2024-08-27T15:00:37.572+0000][info][gc             ] GC(123) Concurrent Mark Cycle 118.959ms
[2024-08-27T15:00:37.590+0000][info][gc,start       ] GC(126) Pause Young (Prepare Mixed) (G1 Evacuation Pause)
[2024-08-27T15:00:37.590+0000][info][gc,task        ] GC(126) Using 24 workers of 68 for evacuation
[2024-08-27T15:00:37.605+0000][info][gc,phases      ] GC(126)   Pre Evacuate Collection Set: 0.2ms
[2024-08-27T15:00:37.605+0000][info][gc,phases      ] GC(126)   Merge Heap Roots: 0.6ms
[2024-08-27T15:00:37.605+0000][info][gc,phases      ] GC(126)   Evacuate Collection Set: 13.6ms
[2024-08-27T15:00:37.605+0000][info][gc,phases      ] GC(126)   Post Evacuate Collection Set: 0.3ms
[2024-08-27T15:00:37.605+0000][info][gc,phases      ] GC(126)   Other: 0.2ms
[2024-08-27T15:00:37.605+0000][info][gc,heap        ] GC(126) Eden regions: 44->0(44)
[2024-08-27T15:00:37.605+0000][info][gc,heap        ] GC(126) Survivor regions: 7->7(7)
[2024-08-27T15:00:37.605+0000][info][gc,heap        ] GC(126) Old regions: 866->913
[2024-08-27T15:00:37.605+0000][info][gc,heap        ] GC(126) Archive regions: 2->2
[2024-08-27T15:00:37.605+0000][info][gc,heap        ] GC(126) Humongous regions: 5->5
[2024-08-27T15:00:37.605+0000][info][gc,metaspace   ] GC(126) Metaspace: 100K(320K)->100K(320K) NonClass: 96K(192K)->96K(192K) Class: 4K(128K)->4K(128K)
[2024-08-27T15:00:37.605+0000][info][gc             ] GC(126) Pause Young (Prepare Mixed) (G1 Evacuation Pause) 916M->919M(1024M) 14.937ms
[2024-08-27T15:00:37.605+0000][info][gc,cpu         ] GC(126) User=0.34s Sys=0.00s Real=0.01s
[2024-08-27T15:00:37.637+0000][info][gc,start       ] GC(127) Pause Young (Mixed) (G1 Preventive Collection)
[2024-08-27T15:00:37.637+0000][info][gc,task        ] GC(127) Using 24 workers of 68 for evacuation
[2024-08-27T15:00:37.649+0000][info][gc,phases      ] GC(127)   Pre Evacuate Collection Set: 0.3ms
[2024-08-27T15:00:37.649+0000][info][gc,phases      ] GC(127)   Merge Heap Roots: 0.3ms
[2024-08-27T15:00:37.649+0000][info][gc,phases      ] GC(127)   Evacuate Collection Set: 10.9ms
[2024-08-27T15:00:37.649+0000][info][gc,phases      ] GC(127)   Post Evacuate Collection Set: 0.4ms
[2024-08-27T15:00:37.649+0000][info][gc,phases      ] GC(127)   Other: 0.2ms
[2024-08-27T15:00:37.649+0000][info][gc,heap        ] GC(127) Eden regions: 42->0(44)
[2024-08-27T15:00:37.649+0000][info][gc,heap        ] GC(127) Survivor regions: 7->7(7)
[2024-08-27T15:00:37.649+0000][info][gc,heap        ] GC(127) Old regions: 913->855
[2024-08-27T15:00:37.649+0000][info][gc,heap        ] GC(127) Archive regions: 2->2
[2024-08-27T15:00:37.649+0000][info][gc,heap        ] GC(127) Humongous regions: 5->5
[2024-08-27T15:00:37.649+0000][info][gc,metaspace   ] GC(127) Metaspace: 100K(320K)->100K(320K) NonClass: 96K(192K)->96K(192K) Class: 4K(128K)->4K(128K)
[2024-08-27T15:00:37.649+0000][info][gc             ] GC(127) Pause Young (Mixed) (G1 Preventive Collection) 961M->865M(1024M) 12.117ms
[2024-08-27T15:00:37.650+0000][info][gc,cpu         ] GC(127) User=0.26s Sys=0.01s Real=0.02s
[2024-08-27T15:00:37.683+0000][info][gc,start       ] GC(128) Pause Young (Mixed) (G1 Evacuation Pause)
[2024-08-27T15:00:37.683+0000][info][gc,task        ] GC(128) Using 24 workers of 68 for evacuation
[2024-08-27T15:00:37.693+0000][info][gc,phases      ] GC(128)   Pre Evacuate Collection Set: 0.2ms
[2024-08-27T15:00:37.693+0000][info][gc,phases      ] GC(128)   Merge Heap Roots: 0.4ms
[2024-08-27T15:00:37.693+0000][info][gc,phases      ] GC(128)   Evacuate Collection Set: 9.0ms
[2024-08-27T15:00:37.693+0000][info][gc,phases      ] GC(128)   Post Evacuate Collection Set: 0.4ms
[2024-08-27T15:00:37.693+0000][info][gc,phases      ] GC(128)   Other: 0.2ms
[2024-08-27T15:00:37.693+0000][info][gc,heap        ] GC(128) Eden regions: 44->0(44)
[2024-08-27T15:00:37.693+0000][info][gc,heap        ] GC(128) Survivor regions: 7->7(7)
[2024-08-27T15:00:37.693+0000][info][gc,heap        ] GC(128) Old regions: 855->799
[2024-08-27T15:00:37.693+0000][info][gc,heap        ] GC(128) Archive regions: 2->2
[2024-08-27T15:00:37.693+0000][info][gc,heap        ] GC(128) Humongous regions: 5->5
[2024-08-27T15:00:37.693+0000][info][gc,metaspace   ] GC(128) Metaspace: 100K(320K)->100K(320K) NonClass: 96K(192K)->96K(192K) Class: 4K(128K)->4K(128K)
[2024-08-27T15:00:37.693+0000][info][gc             ] GC(128) Pause Young (Mixed) (G1 Evacuation Pause) 909M->810M(1024M) 10.299ms
[2024-08-27T15:00:37.693+0000][info][gc,cpu         ] GC(128) User=0.22s Sys=0.01s Real=0.01s
[2024-08-27T15:00:37.726+0000][info][gc,start       ] GC(129) Pause Young (Mixed) (G1 Evacuation Pause)
[2024-08-27T15:00:37.726+0000][info][gc,task        ] GC(129) Using 24 workers of 68 for evacuation
[2024-08-27T15:00:37.740+0000][info][gc,phases      ] GC(129)   Pre Evacuate Collection Set: 0.3ms
[2024-08-27T15:00:37.740+0000][info][gc,phases      ] GC(129)   Merge Heap Roots: 0.4ms
[2024-08-27T15:00:37.740+0000][info][gc,phases      ] GC(129)   Evacuate Collection Set: 12.6ms
[2024-08-27T15:00:37.740+0000][info][gc,phases      ] GC(129)   Post Evacuate Collection Set: 0.4ms
[2024-08-27T15:00:37.740+0000][info][gc,phases      ] GC(129)   Other: 0.3ms
[2024-08-27T15:00:37.740+0000][info][gc,heap        ] GC(129) Eden regions: 44->0(44)
[2024-08-27T15:00:37.740+0000][info][gc,heap        ] GC(129) Survivor regions: 7->7(7)
[2024-08-27T15:00:37.740+0000][info][gc,heap        ] GC(129) Old regions: 799->770
[2024-08-27T15:00:37.740+0000][info][gc,heap        ] GC(129) Archive regions: 2->2
[2024-08-27T15:00:37.740+0000][info][gc,heap        ] GC(129) Humongous regions: 5->5
[2024-08-27T15:00:37.740+0000][info][gc,metaspace   ] GC(129) Metaspace: 100K(320K)->100K(320K) NonClass: 96K(192K)->96K(192K) Class: 4K(128K)->4K(128K)
[2024-08-27T15:00:37.740+0000][info][gc             ] GC(129) Pause Young (Mixed) (G1 Evacuation Pause) 854M->782M(1024M) 13.991ms
[2024-08-27T15:00:37.740+0000][info][gc,cpu         ] GC(129) User=0.31s Sys=0.00s Real=0.02s
[2024-08-27T15:00:37.773+0000][info][gc,start       ] GC(130) Pause Young (Mixed) (G1 Evacuation Pause)
[2024-08-27T15:00:37.773+0000][info][gc,task        ] GC(130) Using 24 workers of 68 for evacuation
[2024-08-27T15:00:37.784+0000][info][gc,phases      ] GC(130)   Pre Evacuate Collection Set: 0.2ms
[2024-08-27T15:00:37.784+0000][info][gc,phases      ] GC(130)   Merge Heap Roots: 0.3ms
[2024-08-27T15:00:37.784+0000][info][gc,phases      ] GC(130)   Evacuate Collection Set: 10.4ms
[2024-08-27T15:00:37.784+0000][info][gc,phases      ] GC(130)   Post Evacuate Collection Set: 0.3ms
[2024-08-27T15:00:37.784+0000][info][gc,phases      ] GC(130)   Other: 0.3ms
[2024-08-27T15:00:37.784+0000][info][gc,heap        ] GC(130) Eden regions: 44->0(44)
[2024-08-27T15:00:37.784+0000][info][gc,heap        ] GC(130) Survivor regions: 7->7(7)
[2024-08-27T15:00:37.784+0000][info][gc,heap        ] GC(130) Old regions: 770->814
[2024-08-27T15:00:37.784+0000][info][gc,heap        ] GC(130) Archive regions: 2->2
[2024-08-27T15:00:37.784+0000][info][gc,heap        ] GC(130) Humongous regions: 5->5
[2024-08-27T15:00:37.784+0000][info][gc,metaspace   ] GC(130) Metaspace: 100K(320K)->100K(320K) NonClass: 96K(192K)->96K(192K) Class: 4K(128K)->4K(128K)
[2024-08-27T15:00:37.784+0000][info][gc             ] GC(130) Pause Young (Mixed) (G1 Evacuation Pause) 826M->826M(1024M) 11.498ms
[2024-08-27T15:00:37.784+0000][info][gc,cpu         ] GC(130) User=0.26s Sys=0.00s Real=0.01s
[2024-08-27T15:00:37.819+0000][info][gc,start       ] GC(131) Pause Young (Concurrent Start) (G1 Evacuation Pause)
[2024-08-27T15:00:37.819+0000][info][gc,task        ] GC(131) Using 24 workers of 68 for evacuation
[2024-08-27T15:00:37.831+0000][info][gc,phases      ] GC(131)   Pre Evacuate Collection Set: 0.2ms
[2024-08-27T15:00:37.831+0000][info][gc,phases      ] GC(131)   Merge Heap Roots: 0.3ms
[2024-08-27T15:00:37.831+0000][info][gc,phases      ] GC(131)   Evacuate Collection Set: 11.0ms
[2024-08-27T15:00:37.831+0000][info][gc,phases      ] GC(131)   Post Evacuate Collection Set: 0.4ms
[2024-08-27T15:00:37.831+0000][info][gc,phases      ] GC(131)   Other: 0.6ms
[2024-08-27T15:00:37.831+0000][info][gc,heap        ] GC(131) Eden regions: 44->0(44)
[2024-08-27T15:00:37.831+0000][info][gc,heap        ] GC(131) Survivor regions: 7->7(7)
[2024-08-27T15:00:37.831+0000][info][gc,heap        ] GC(131) Old regions: 814->861
[2024-08-27T15:00:37.831+0000][info][gc,heap        ] GC(131) Archive regions: 2->2
[2024-08-27T15:00:37.831+0000][info][gc,heap        ] GC(131) Humongous regions: 5->5
[2024-08-27T15:00:37.831+0000][info][gc,metaspace   ] GC(131) Metaspace: 100K(320K)->100K(320K) NonClass: 96K(192K)->96K(192K) Class: 4K(128K)->4K(128K)
[2024-08-27T15:00:37.831+0000][info][gc             ] GC(131) Pause Young (Concurrent Start) (G1 Evacuation Pause) 870M->873M(1024M) 12.541ms
[2024-08-27T15:00:37.831+0000][info][gc,cpu         ] GC(131) User=0.27s Sys=0.00s Real=0.01s
[2024-08-27T15:00:37.831+0000][info][gc             ] GC(132) Concurrent Mark Cycle
[2024-08-27T15:00:37.831+0000][info][gc,marking     ] GC(132) Concurrent Clear Claimed Marks
[2024-08-27T15:00:37.831+0000][info][gc,marking     ] GC(132) Concurrent Clear Claimed Marks 0.011ms
[2024-08-27T15:00:37.831+0000][info][gc,marking     ] GC(132) Concurrent Scan Root Regions
[2024-08-27T15:00:37.833+0000][info][gc,marking     ] GC(132) Concurrent Scan Root Regions 1.840ms
[2024-08-27T15:00:37.833+0000][info][gc,marking     ] GC(132) Concurrent Mark
[2024-08-27T15:00:37.833+0000][info][gc,marking     ] GC(132) Concurrent Mark From Roots
[2024-08-27T15:00:37.833+0000][info][gc,task        ] GC(132) Using 17 workers of 17 for marking
[2024-08-27T15:00:37.858+0000][info][gc,marking     ] GC(132) Concurrent Mark From Roots 24.809ms
[2024-08-27T15:00:37.858+0000][info][gc,marking     ] GC(132) Concurrent Preclean
[2024-08-27T15:00:37.859+0000][info][gc,marking     ] GC(132) Concurrent Preclean 0.554ms
[2024-08-27T15:00:37.859+0000][info][gc,start       ] GC(132) Pause Remark
[2024-08-27T15:00:37.861+0000][info][gc             ] GC(132) Pause Remark 898M->898M(1024M) 1.458ms
[2024-08-27T15:00:37.861+0000][info][gc,cpu         ] GC(132) User=0.01s Sys=0.00s Real=0.00s
[2024-08-27T15:00:37.861+0000][info][gc,marking     ] GC(132) Concurrent Mark 27.323ms
[2024-08-27T15:00:37.861+0000][info][gc,marking     ] GC(132) Concurrent Rebuild Remembered Sets
[2024-08-27T15:00:37.877+0000][info][gc,start       ] GC(133) Pause Young (Normal) (G1 Evacuation Pause)
[2024-08-27T15:00:37.877+0000][info][gc,task        ] GC(133) Using 24 workers of 68 for evacuation
[2024-08-27T15:00:37.888+0000][info][gc,phases      ] GC(133)   Pre Evacuate Collection Set: 0.2ms
[2024-08-27T15:00:37.888+0000][info][gc,phases      ] GC(133)   Merge Heap Roots: 0.4ms
[2024-08-27T15:00:37.888+0000][info][gc,phases      ] GC(133)   Evacuate Collection Set: 9.7ms
[2024-08-27T15:00:37.888+0000][info][gc,phases      ] GC(133)   Post Evacuate Collection Set: 0.4ms
[2024-08-27T15:00:37.888+0000][info][gc,phases      ] GC(133)   Other: 0.3ms
[2024-08-27T15:00:37.888+0000][info][gc,heap        ] GC(133) Eden regions: 44->0(44)
[2024-08-27T15:00:37.888+0000][info][gc,heap        ] GC(133) Survivor regions: 7->7(7)
[2024-08-27T15:00:37.888+0000][info][gc,heap        ] GC(133) Old regions: 861->907
[2024-08-27T15:00:37.888+0000][info][gc,heap        ] GC(133) Archive regions: 2->2
[2024-08-27T15:00:37.888+0000][info][gc,heap        ] GC(133) Humongous regions: 5->5
[2024-08-27T15:00:37.888+0000][info][gc,metaspace   ] GC(133) Metaspace: 100K(320K)->100K(320K) NonClass: 96K(192K)->96K(192K) Class: 4K(128K)->4K(128K)
[2024-08-27T15:00:37.888+0000][info][gc             ] GC(133) Pause Young (Normal) (G1 Evacuation Pause) 917M->919M(1024M) 11.084ms
[2024-08-27T15:00:37.889+0000][info][gc,cpu         ] GC(133) User=0.23s Sys=0.01s Real=0.01s
[2024-08-27T15:00:37.924+0000][info][gc,start       ] GC(134) Pause Young (Normal) (G1 Evacuation Pause)
[2024-08-27T15:00:37.924+0000][info][gc,task        ] GC(134) Using 24 workers of 68 for evacuation
[2024-08-27T15:00:37.938+0000][info][gc,phases      ] GC(134)   Pre Evacuate Collection Set: 0.2ms
[2024-08-27T15:00:37.938+0000][info][gc,phases      ] GC(134)   Merge Heap Roots: 0.5ms
[2024-08-27T15:00:37.938+0000][info][gc,phases      ] GC(134)   Evacuate Collection Set: 12.7ms
[2024-08-27T15:00:37.938+0000][info][gc,phases      ] GC(134)   Post Evacuate Collection Set: 0.5ms
[2024-08-27T15:00:37.938+0000][info][gc,phases      ] GC(134)   Other: 0.2ms
[2024-08-27T15:00:37.938+0000][info][gc,heap        ] GC(134) Eden regions: 44->0(44)
[2024-08-27T15:00:37.938+0000][info][gc,heap        ] GC(134) Survivor regions: 7->7(7)
[2024-08-27T15:00:37.938+0000][info][gc,heap        ] GC(134) Old regions: 907->953
[2024-08-27T15:00:37.938+0000][info][gc,heap        ] GC(134) Archive regions: 2->2
[2024-08-27T15:00:37.938+0000][info][gc,heap        ] GC(134) Humongous regions: 5->5
[2024-08-27T15:00:37.938+0000][info][gc,metaspace   ] GC(134) Metaspace: 100K(320K)->100K(320K) NonClass: 96K(192K)->96K(192K) Class: 4K(128K)->4K(128K)
[2024-08-27T15:00:37.938+0000][info][gc             ] GC(134) Pause Young (Normal) (G1 Evacuation Pause) 963M->965M(1024M) 14.171ms
[2024-08-27T15:00:37.938+0000][info][gc,cpu         ] GC(134) User=0.31s Sys=0.01s Real=0.02s
[2024-08-27T15:00:37.953+0000][info][gc,marking     ] GC(132) Concurrent Rebuild Remembered Sets 92.561ms
[2024-08-27T15:00:37.954+0000][info][gc,start       ] GC(132) Pause Cleanup
[2024-08-27T15:00:37.955+0000][info][gc             ] GC(132) Pause Cleanup 986M->986M(1024M) 1.782ms
[2024-08-27T15:00:37.955+0000][info][gc,cpu         ] GC(132) User=0.00s Sys=0.00s Real=0.00s
[2024-08-27T15:00:37.955+0000][info][gc,marking     ] GC(132) Concurrent Cleanup for Next Mark
[2024-08-27T15:00:37.956+0000][info][gc,marking     ] GC(132) Concurrent Cleanup for Next Mark 0.806ms
[2024-08-27T15:00:37.956+0000][info][gc             ] GC(132) Concurrent Mark Cycle 124.947ms
[2024-08-27T15:00:37.958+0000][info][gc,start       ] GC(135) Pause Young (Prepare Mixed) (G1 Preventive Collection)
[2024-08-27T15:00:37.958+0000][info][gc,task        ] GC(135) Using 24 workers of 68 for evacuation
[2024-08-27T15:00:37.970+0000][info][gc             ] GC(135) To-space exhausted
[2024-08-27T15:00:37.970+0000][info][gc,phases      ] GC(135)   Pre Evacuate Collection Set: 0.2ms
[2024-08-27T15:00:37.970+0000][info][gc,phases      ] GC(135)   Merge Heap Roots: 0.4ms
[2024-08-27T15:00:37.970+0000][info][gc,phases      ] GC(135)   Evacuate Collection Set: 10.8ms
[2024-08-27T15:00:37.970+0000][info][gc,phases      ] GC(135)   Post Evacuate Collection Set: 0.6ms
[2024-08-27T15:00:37.970+0000][info][gc,phases      ] GC(135)   Other: 0.2ms
[2024-08-27T15:00:37.970+0000][info][gc,heap        ] GC(135) Eden regions: 23->0(44)
[2024-08-27T15:00:37.970+0000][info][gc,heap        ] GC(135) Survivor regions: 7->7(7)
[2024-08-27T15:00:37.970+0000][info][gc,heap        ] GC(135) Old regions: 953->1001
[2024-08-27T15:00:37.970+0000][info][gc,heap        ] GC(135) Archive regions: 2->2
[2024-08-27T15:00:37.970+0000][info][gc,heap        ] GC(135) Humongous regions: 5->5
[2024-08-27T15:00:37.970+0000][info][gc,metaspace   ] GC(135) Metaspace: 100K(320K)->100K(320K) NonClass: 96K(192K)->96K(192K) Class: 4K(128K)->4K(128K)
[2024-08-27T15:00:37.970+0000][info][gc             ] GC(135) Pause Young (Prepare Mixed) (G1 Preventive Collection) 988M->1013M(1024M) 12.197ms
[2024-08-27T15:00:37.970+0000][info][gc,cpu         ] GC(135) User=0.22s Sys=0.05s Real=0.01s
[2024-08-27T15:00:37.971+0000][info][gc,start       ] GC(136) Pause Young (Mixed) (G1 Preventive Collection)
[2024-08-27T15:00:37.971+0000][info][gc,task        ] GC(136) Using 24 workers of 68 for evacuation
[2024-08-27T15:00:37.975+0000][info][gc             ] GC(136) To-space exhausted
[2024-08-27T15:00:37.975+0000][info][gc,phases      ] GC(136)   Pre Evacuate Collection Set: 0.1ms
[2024-08-27T15:00:37.975+0000][info][gc,phases      ] GC(136)   Merge Heap Roots: 0.3ms
[2024-08-27T15:00:37.975+0000][info][gc,phases      ] GC(136)   Evacuate Collection Set: 2.6ms
[2024-08-27T15:00:37.975+0000][info][gc,phases      ] GC(136)   Post Evacuate Collection Set: 0.6ms
[2024-08-27T15:00:37.975+0000][info][gc,phases      ] GC(136)   Other: 0.1ms
[2024-08-27T15:00:37.975+0000][info][gc,heap        ] GC(136) Eden regions: 1->0(50)
[2024-08-27T15:00:37.975+0000][info][gc,heap        ] GC(136) Survivor regions: 7->1(7)
[2024-08-27T15:00:37.975+0000][info][gc,heap        ] GC(136) Old regions: 1001->1014
[2024-08-27T15:00:37.975+0000][info][gc,heap        ] GC(136) Archive regions: 2->2
[2024-08-27T15:00:37.975+0000][info][gc,heap        ] GC(136) Humongous regions: 5->5
[2024-08-27T15:00:37.975+0000][info][gc,metaspace   ] GC(136) Metaspace: 100K(320K)->100K(320K) NonClass: 96K(192K)->96K(192K) Class: 4K(128K)->4K(128K)
[2024-08-27T15:00:37.975+0000][info][gc             ] GC(136) Pause Young (Mixed) (G1 Preventive Collection) 1014M->1020M(1024M) 3.859ms
[2024-08-27T15:00:37.975+0000][info][gc,cpu         ] GC(136) User=0.07s Sys=0.00s Real=0.00s
[2024-08-27T15:00:37.976+0000][info][gc,start       ] GC(137) Pause Young (Mixed) (G1 Preventive Collection)
[2024-08-27T15:00:37.976+0000][info][gc,task        ] GC(137) Using 24 workers of 68 for evacuation
[2024-08-27T15:00:37.980+0000][info][gc             ] GC(137) To-space exhausted
[2024-08-27T15:00:37.980+0000][info][gc,phases      ] GC(137)   Pre Evacuate Collection Set: 0.2ms
[2024-08-27T15:00:37.980+0000][info][gc,phases      ] GC(137)   Merge Heap Roots: 0.3ms
[2024-08-27T15:00:37.980+0000][info][gc,phases      ] GC(137)   Evacuate Collection Set: 2.0ms
[2024-08-27T15:00:37.980+0000][info][gc,phases      ] GC(137)   Post Evacuate Collection Set: 0.7ms
[2024-08-27T15:00:37.980+0000][info][gc,phases      ] GC(137)   Other: 0.2ms
[2024-08-27T15:00:37.980+0000][info][gc,heap        ] GC(137) Eden regions: 1->0(51)
[2024-08-27T15:00:37.980+0000][info][gc,heap        ] GC(137) Survivor regions: 1->0(1)
[2024-08-27T15:00:37.980+0000][info][gc,heap        ] GC(137) Old regions: 1014->1017
[2024-08-27T15:00:37.980+0000][info][gc,heap        ] GC(137) Archive regions: 2->2
[2024-08-27T15:00:37.980+0000][info][gc,heap        ] GC(137) Humongous regions: 5->5
[2024-08-27T15:00:37.980+0000][info][gc,metaspace   ] GC(137) Metaspace: 100K(320K)->100K(320K) NonClass: 96K(192K)->96K(192K) Class: 4K(128K)->4K(128K)
[2024-08-27T15:00:37.980+0000][info][gc             ] GC(137) Pause Young (Mixed) (G1 Preventive Collection) 1021M->1022M(1024M) 3.400ms
[2024-08-27T15:00:37.980+0000][info][gc,cpu         ] GC(137) User=0.06s Sys=0.00s Real=0.01s
[2024-08-27T15:00:37.980+0000][info][gc,ergo        ] Attempting full compaction
[2024-08-27T15:00:37.980+0000][info][gc,task        ] GC(138) Using 24 workers of 68 for full compaction
[2024-08-27T15:00:37.980+0000][info][gc,start       ] GC(138) Pause Full (G1 Compaction Pause)
[2024-08-27T15:00:37.980+0000][info][gc,phases,start] GC(138) Phase 1: Mark live objects
[2024-08-27T15:00:37.994+0000][info][gc,phases      ] GC(138) Phase 1: Mark live objects 13.349ms
[2024-08-27T15:00:37.994+0000][info][gc,phases,start] GC(138) Phase 2: Prepare for compaction
[2024-08-27T15:00:38.003+0000][info][gc,phases      ] GC(138) Phase 2: Prepare for compaction 9.212ms
[2024-08-27T15:00:38.003+0000][info][gc,phases,start] GC(138) Phase 3: Adjust pointers
[2024-08-27T15:00:38.017+0000][info][gc,phases      ] GC(138) Phase 3: Adjust pointers 13.807ms
[2024-08-27T15:00:38.017+0000][info][gc,phases,start] GC(138) Phase 4: Compact heap
[2024-08-27T15:00:38.044+0000][info][gc,phases      ] GC(138) Phase 4: Compact heap 26.883ms
[2024-08-27T15:00:38.045+0000][info][gc,heap        ] GC(138) Eden regions: 0->0(150)
[2024-08-27T15:00:38.045+0000][info][gc,heap        ] GC(138) Survivor regions: 0->0(1)
[2024-08-27T15:00:38.045+0000][info][gc,heap        ] GC(138) Old regions: 1017->442
[2024-08-27T15:00:38.045+0000][info][gc,heap        ] GC(138) Archive regions: 2->2
[2024-08-27T15:00:38.045+0000][info][gc,heap        ] GC(138) Humongous regions: 5->5
[2024-08-27T15:00:38.045+0000][info][gc,metaspace   ] GC(138) Metaspace: 100K(320K)->100K(320K) NonClass: 96K(192K)->96K(192K) Class: 4K(128K)->4K(128K)
[2024-08-27T15:00:38.045+0000][info][gc             ] GC(138) Pause Full (G1 Compaction Pause) 1022M->435M(1024M) 64.495ms
[2024-08-27T15:00:38.045+0000][info][gc,cpu         ] GC(138) User=1.37s Sys=0.01s Real=0.06s
[2024-08-27T15:00:38.147+0000][info][gc,start       ] GC(139) Pause Young (Normal) (G1 Evacuation Pause)
[2024-08-27T15:00:38.147+0000][info][gc,task        ] GC(139) Using 24 workers of 68 for evacuation
[2024-08-27T15:00:38.175+0000][info][gc,phases      ] GC(139)   Pre Evacuate Collection Set: 0.2ms
[2024-08-27T15:00:38.175+0000][info][gc,phases      ] GC(139)   Merge Heap Roots: 0.4ms
[2024-08-27T15:00:38.175+0000][info][gc,phases      ] GC(139)   Evacuate Collection Set: 26.8ms
[2024-08-27T15:00:38.175+0000][info][gc,phases      ] GC(139)   Post Evacuate Collection Set: 0.3ms
[2024-08-27T15:00:38.175+0000][info][gc,phases      ] GC(139)   Other: 0.2ms
[2024-08-27T15:00:38.175+0000][info][gc,heap        ] GC(139) Eden regions: 150->0(103)
[2024-08-27T15:00:38.175+0000][info][gc,heap        ] GC(139) Survivor regions: 0->19(19)
[2024-08-27T15:00:38.175+0000][info][gc,heap        ] GC(139) Old regions: 442->570
[2024-08-27T15:00:38.175+0000][info][gc,heap        ] GC(139) Archive regions: 2->2
[2024-08-27T15:00:38.175+0000][info][gc,heap        ] GC(139) Humongous regions: 5->5
[2024-08-27T15:00:38.175+0000][info][gc,metaspace   ] GC(139) Metaspace: 100K(320K)->100K(320K) NonClass: 96K(192K)->96K(192K) Class: 4K(128K)->4K(128K)
[2024-08-27T15:00:38.175+0000][info][gc             ] GC(139) Pause Young (Normal) (G1 Evacuation Pause) 585M->582M(1024M) 27.915ms
[2024-08-27T15:00:38.175+0000][info][gc,cpu         ] GC(139) User=0.64s Sys=0.00s Real=0.03s
[2024-08-27T15:00:38.247+0000][info][gc,start       ] GC(140) Pause Young (Concurrent Start) (G1 Evacuation Pause)
[2024-08-27T15:00:38.247+0000][info][gc,task        ] GC(140) Using 24 workers of 68 for evacuation
[2024-08-27T15:00:38.267+0000][info][gc,phases      ] GC(140)   Pre Evacuate Collection Set: 0.2ms
[2024-08-27T15:00:38.267+0000][info][gc,phases      ] GC(140)   Merge Heap Roots: 0.4ms
[2024-08-27T15:00:38.267+0000][info][gc,phases      ] GC(140)   Evacuate Collection Set: 18.7ms
[2024-08-27T15:00:38.267+0000][info][gc,phases      ] GC(140)   Post Evacuate Collection Set: 0.3ms
[2024-08-27T15:00:38.267+0000][info][gc,phases      ] GC(140)   Other: 0.6ms
[2024-08-27T15:00:38.267+0000][info][gc,heap        ] GC(140) Eden regions: 103->0(69)
[2024-08-27T15:00:38.267+0000][info][gc,heap        ] GC(140) Survivor regions: 19->16(16)
[2024-08-27T15:00:38.267+0000][info][gc,heap        ] GC(140) Old regions: 570->678
[2024-08-27T15:00:38.267+0000][info][gc,heap        ] GC(140) Archive regions: 2->2
[2024-08-27T15:00:38.267+0000][info][gc,heap        ] GC(140) Humongous regions: 5->5
[2024-08-27T15:00:38.267+0000][info][gc,metaspace   ] GC(140) Metaspace: 100K(320K)->100K(320K) NonClass: 96K(192K)->96K(192K) Class: 4K(128K)->4K(128K)
[2024-08-27T15:00:38.267+0000][info][gc             ] GC(140) Pause Young (Concurrent Start) (G1 Evacuation Pause) 685M->687M(1024M) 20.246ms
[2024-08-27T15:00:38.267+0000][info][gc,cpu         ] GC(140) User=0.46s Sys=0.00s Real=0.02s
[2024-08-27T15:00:38.267+0000][info][gc             ] GC(141) Concurrent Mark Cycle
[2024-08-27T15:00:38.267+0000][info][gc,marking     ] GC(141) Concurrent Clear Claimed Marks
[2024-08-27T15:00:38.267+0000][info][gc,marking     ] GC(141) Concurrent Clear Claimed Marks 0.011ms
[2024-08-27T15:00:38.267+0000][info][gc,marking     ] GC(141) Concurrent Scan Root Regions
[2024-08-27T15:00:38.271+0000][info][gc,marking     ] GC(141) Concurrent Scan Root Regions 3.719ms
[2024-08-27T15:00:38.271+0000][info][gc,marking     ] GC(141) Concurrent Mark
[2024-08-27T15:00:38.271+0000][info][gc,marking     ] GC(141) Concurrent Mark From Roots
[2024-08-27T15:00:38.271+0000][info][gc,task        ] GC(141) Using 17 workers of 17 for marking
[2024-08-27T15:00:38.292+0000][info][gc,marking     ] GC(141) Concurrent Mark From Roots 20.825ms
[2024-08-27T15:00:38.292+0000][info][gc,marking     ] GC(141) Concurrent Preclean
[2024-08-27T15:00:38.293+0000][info][gc,marking     ] GC(141) Concurrent Preclean 0.444ms
[2024-08-27T15:00:38.293+0000][info][gc,start       ] GC(141) Pause Remark
[2024-08-27T15:00:38.294+0000][info][gc             ] GC(141) Pause Remark 712M->712M(1024M) 1.154ms
[2024-08-27T15:00:38.294+0000][info][gc,cpu         ] GC(141) User=0.00s Sys=0.00s Real=0.00s
[2024-08-27T15:00:38.294+0000][info][gc,marking     ] GC(141) Concurrent Mark 22.906ms
[2024-08-27T15:00:38.294+0000][info][gc,marking     ] GC(141) Concurrent Rebuild Remembered Sets
[2024-08-27T15:00:38.328+0000][info][gc,start       ] GC(142) Pause Young (Normal) (G1 Evacuation Pause)
[2024-08-27T15:00:38.328+0000][info][gc,task        ] GC(142) Using 24 workers of 68 for evacuation
[2024-08-27T15:00:38.345+0000][info][gc,phases      ] GC(142)   Pre Evacuate Collection Set: 0.2ms
[2024-08-27T15:00:38.345+0000][info][gc,phases      ] GC(142)   Merge Heap Roots: 0.4ms
[2024-08-27T15:00:38.345+0000][info][gc,phases      ] GC(142)   Evacuate Collection Set: 15.5ms
[2024-08-27T15:00:38.345+0000][info][gc,phases      ] GC(142)   Post Evacuate Collection Set: 0.5ms
[2024-08-27T15:00:38.345+0000][info][gc,phases      ] GC(142)   Other: 0.2ms
[2024-08-27T15:00:38.345+0000][info][gc,heap        ] GC(142) Eden regions: 69->0(46)
[2024-08-27T15:00:38.345+0000][info][gc,heap        ] GC(142) Survivor regions: 16->11(11)
[2024-08-27T15:00:38.345+0000][info][gc,heap        ] GC(142) Old regions: 678->756
[2024-08-27T15:00:38.345+0000][info][gc,heap        ] GC(142) Archive regions: 2->2
[2024-08-27T15:00:38.345+0000][info][gc,heap        ] GC(142) Humongous regions: 5->5
[2024-08-27T15:00:38.345+0000][info][gc,metaspace   ] GC(142) Metaspace: 100K(320K)->100K(320K) NonClass: 96K(192K)->96K(192K) Class: 4K(128K)->4K(128K)
[2024-08-27T15:00:38.345+0000][info][gc             ] GC(142) Pause Young (Normal) (G1 Evacuation Pause) 756M->760M(1024M) 16.792ms
[2024-08-27T15:00:38.345+0000][info][gc,cpu         ] GC(142) User=0.38s Sys=0.00s Real=0.02s
[2024-08-27T15:00:38.380+0000][info][gc,marking     ] GC(141) Concurrent Rebuild Remembered Sets 85.836ms
[2024-08-27T15:00:38.380+0000][info][gc,start       ] GC(141) Pause Cleanup
[2024-08-27T15:00:38.382+0000][info][gc             ] GC(141) Pause Cleanup 802M->802M(1024M) 1.219ms
[2024-08-27T15:00:38.382+0000][info][gc,cpu         ] GC(141) User=0.00s Sys=0.00s Real=0.00s
[2024-08-27T15:00:38.382+0000][info][gc,marking     ] GC(141) Concurrent Cleanup for Next Mark
[2024-08-27T15:00:38.383+0000][info][gc,marking     ] GC(141) Concurrent Cleanup for Next Mark 1.014ms
[2024-08-27T15:00:38.383+0000][info][gc             ] GC(141) Concurrent Mark Cycle 115.401ms
[2024-08-27T15:00:38.386+0000][info][gc,start       ] GC(143) Pause Young (Prepare Mixed) (G1 Evacuation Pause)
[2024-08-27T15:00:38.386+0000][info][gc,task        ] GC(143) Using 24 workers of 68 for evacuation
[2024-08-27T15:00:38.405+0000][info][gc,phases      ] GC(143)   Pre Evacuate Collection Set: 0.2ms
[2024-08-27T15:00:38.405+0000][info][gc,phases      ] GC(143)   Merge Heap Roots: 0.4ms
[2024-08-27T15:00:38.405+0000][info][gc,phases      ] GC(143)   Evacuate Collection Set: 18.0ms
[2024-08-27T15:00:38.405+0000][info][gc,phases      ] GC(143)   Post Evacuate Collection Set: 0.3ms
[2024-08-27T15:00:38.405+0000][info][gc,phases      ] GC(143)   Other: 0.2ms
[2024-08-27T15:00:38.405+0000][info][gc,heap        ] GC(143) Eden regions: 46->0(43)
[2024-08-27T15:00:38.405+0000][info][gc,heap        ] GC(143) Survivor regions: 11->8(8)
[2024-08-27T15:00:38.405+0000][info][gc,heap        ] GC(143) Old regions: 756->809
[2024-08-27T15:00:38.405+0000][info][gc,heap        ] GC(143) Archive regions: 2->2
[2024-08-27T15:00:38.405+0000][info][gc,heap        ] GC(143) Humongous regions: 5->5
[2024-08-27T15:00:38.405+0000][info][gc,metaspace   ] GC(143) Metaspace: 100K(320K)->100K(320K) NonClass: 96K(192K)->96K(192K) Class: 4K(128K)->4K(128K)
[2024-08-27T15:00:38.405+0000][info][gc             ] GC(143) Pause Young (Prepare Mixed) (G1 Evacuation Pause) 806M->810M(1024M) 19.125ms
[2024-08-27T15:00:38.405+0000][info][gc,cpu         ] GC(143) User=0.43s Sys=0.01s Real=0.02s
[2024-08-27T15:00:38.440+0000][info][gc,start       ] GC(144) Pause Young (Mixed) (G1 Evacuation Pause)
[2024-08-27T15:00:38.440+0000][info][gc,task        ] GC(144) Using 24 workers of 68 for evacuation
[2024-08-27T15:00:38.453+0000][info][gc,phases      ] GC(144)   Pre Evacuate Collection Set: 0.2ms
[2024-08-27T15:00:38.453+0000][info][gc,phases      ] GC(144)   Merge Heap Roots: 0.4ms
[2024-08-27T15:00:38.453+0000][info][gc,phases      ] GC(144)   Evacuate Collection Set: 11.2ms
[2024-08-27T15:00:38.453+0000][info][gc,phases      ] GC(144)   Post Evacuate Collection Set: 0.3ms
[2024-08-27T15:00:38.453+0000][info][gc,phases      ] GC(144)   Other: 0.3ms
[2024-08-27T15:00:38.453+0000][info][gc,heap        ] GC(144) Eden regions: 43->0(44)
[2024-08-27T15:00:38.453+0000][info][gc,heap        ] GC(144) Survivor regions: 8->7(7)
[2024-08-27T15:00:38.453+0000][info][gc,heap        ] GC(144) Old regions: 809->755
[2024-08-27T15:00:38.453+0000][info][gc,heap        ] GC(144) Archive regions: 2->2
[2024-08-27T15:00:38.453+0000][info][gc,heap        ] GC(144) Humongous regions: 5->5
[2024-08-27T15:00:38.453+0000][info][gc,metaspace   ] GC(144) Metaspace: 100K(320K)->100K(320K) NonClass: 96K(192K)->96K(192K) Class: 4K(128K)->4K(128K)
[2024-08-27T15:00:38.453+0000][info][gc             ] GC(144) Pause Young (Mixed) (G1 Evacuation Pause) 853M->756M(1024M) 12.458ms
[2024-08-27T15:00:38.453+0000][info][gc,cpu         ] GC(144) User=0.27s Sys=0.00s Real=0.01s
[2024-08-27T15:00:38.486+0000][info][gc,start       ] GC(145) Pause Young (Mixed) (G1 Evacuation Pause)
[2024-08-27T15:00:38.486+0000][info][gc,task        ] GC(145) Using 24 workers of 68 for evacuation
[2024-08-27T15:00:38.497+0000][info][gc,phases      ] GC(145)   Pre Evacuate Collection Set: 0.3ms
[2024-08-27T15:00:38.497+0000][info][gc,phases      ] GC(145)   Merge Heap Roots: 0.3ms
[2024-08-27T15:00:38.497+0000][info][gc,phases      ] GC(145)   Evacuate Collection Set: 9.7ms
[2024-08-27T15:00:38.497+0000][info][gc,phases      ] GC(145)   Post Evacuate Collection Set: 0.4ms
[2024-08-27T15:00:38.497+0000][info][gc,phases      ] GC(145)   Other: 0.3ms
[2024-08-27T15:00:38.497+0000][info][gc,heap        ] GC(145) Eden regions: 44->0(62)
[2024-08-27T15:00:38.497+0000][info][gc,heap        ] GC(145) Survivor regions: 7->7(7)
[2024-08-27T15:00:38.497+0000][info][gc,heap        ] GC(145) Old regions: 755->710
[2024-08-27T15:00:38.497+0000][info][gc,heap        ] GC(145) Archive regions: 2->2
[2024-08-27T15:00:38.497+0000][info][gc,heap        ] GC(145) Humongous regions: 5->5
[2024-08-27T15:00:38.497+0000][info][gc,metaspace   ] GC(145) Metaspace: 100K(320K)->100K(320K) NonClass: 96K(192K)->96K(192K) Class: 4K(128K)->4K(128K)
[2024-08-27T15:00:38.497+0000][info][gc             ] GC(145) Pause Young (Mixed) (G1 Evacuation Pause) 800M->717M(1024M) 11.018ms
[2024-08-27T15:00:38.497+0000][info][gc,cpu         ] GC(145) User=0.23s Sys=0.00s Real=0.01s
[2024-08-27T15:00:38.542+0000][info][gc,start       ] GC(146) Pause Young (Concurrent Start) (G1 Evacuation Pause)
[2024-08-27T15:00:38.542+0000][info][gc,task        ] GC(146) Using 24 workers of 68 for evacuation
[2024-08-27T15:00:38.554+0000][info][gc,phases      ] GC(146)   Pre Evacuate Collection Set: 0.2ms
[2024-08-27T15:00:38.554+0000][info][gc,phases      ] GC(146)   Merge Heap Roots: 0.3ms
[2024-08-27T15:00:38.554+0000][info][gc,phases      ] GC(146)   Evacuate Collection Set: 10.7ms
[2024-08-27T15:00:38.554+0000][info][gc,phases      ] GC(146)   Post Evacuate Collection Set: 0.4ms
[2024-08-27T15:00:38.554+0000][info][gc,phases      ] GC(146)   Other: 0.8ms
[2024-08-27T15:00:38.554+0000][info][gc,heap        ] GC(146) Eden regions: 62->0(42)
[2024-08-27T15:00:38.554+0000][info][gc,heap        ] GC(146) Survivor regions: 7->9(9)
[2024-08-27T15:00:38.554+0000][info][gc,heap        ] GC(146) Old regions: 710->771
[2024-08-27T15:00:38.554+0000][info][gc,heap        ] GC(146) Archive regions: 2->2
[2024-08-27T15:00:38.554+0000][info][gc,heap        ] GC(146) Humongous regions: 5->5
[2024-08-27T15:00:38.554+0000][info][gc,metaspace   ] GC(146) Metaspace: 100K(320K)->100K(320K) NonClass: 96K(192K)->96K(192K) Class: 4K(128K)->4K(128K)
[2024-08-27T15:00:38.554+0000][info][gc             ] GC(146) Pause Young (Concurrent Start) (G1 Evacuation Pause) 779M->780M(1024M) 12.373ms
[2024-08-27T15:00:38.554+0000][info][gc,cpu         ] GC(146) User=0.26s Sys=0.00s Real=0.01s
[2024-08-27T15:00:38.554+0000][info][gc             ] GC(147) Concurrent Mark Cycle
[2024-08-27T15:00:38.554+0000][info][gc,marking     ] GC(147) Concurrent Clear Claimed Marks
[2024-08-27T15:00:38.554+0000][info][gc,marking     ] GC(147) Concurrent Clear Claimed Marks 0.011ms
[2024-08-27T15:00:38.554+0000][info][gc,marking     ] GC(147) Concurrent Scan Root Regions
[2024-08-27T15:00:38.557+0000][info][gc,marking     ] GC(147) Concurrent Scan Root Regions 2.193ms
[2024-08-27T15:00:38.557+0000][info][gc,marking     ] GC(147) Concurrent Mark
[2024-08-27T15:00:38.557+0000][info][gc,marking     ] GC(147) Concurrent Mark From Roots
[2024-08-27T15:00:38.557+0000][info][gc,task        ] GC(147) Using 17 workers of 17 for marking
[2024-08-27T15:00:38.580+0000][info][gc,marking     ] GC(147) Concurrent Mark From Roots 23.011ms
[2024-08-27T15:00:38.580+0000][info][gc,marking     ] GC(147) Concurrent Preclean
[2024-08-27T15:00:38.580+0000][info][gc,marking     ] GC(147) Concurrent Preclean 0.445ms
[2024-08-27T15:00:38.581+0000][info][gc,start       ] GC(147) Pause Remark
[2024-08-27T15:00:38.582+0000][info][gc             ] GC(147) Pause Remark 805M->805M(1024M) 1.357ms
[2024-08-27T15:00:38.582+0000][info][gc,cpu         ] GC(147) User=0.01s Sys=0.00s Real=0.00s
[2024-08-27T15:00:38.582+0000][info][gc,marking     ] GC(147) Concurrent Mark 25.302ms
[2024-08-27T15:00:38.582+0000][info][gc,marking     ] GC(147) Concurrent Rebuild Remembered Sets
[2024-08-27T15:00:38.597+0000][info][gc,start       ] GC(148) Pause Young (Normal) (G1 Evacuation Pause)
[2024-08-27T15:00:38.597+0000][info][gc,task        ] GC(148) Using 24 workers of 68 for evacuation
[2024-08-27T15:00:38.605+0000][info][gc,phases      ] GC(148)   Pre Evacuate Collection Set: 0.1ms
[2024-08-27T15:00:38.606+0000][info][gc,phases      ] GC(148)   Merge Heap Roots: 0.3ms
[2024-08-27T15:00:38.606+0000][info][gc,phases      ] GC(148)   Evacuate Collection Set: 7.8ms
[2024-08-27T15:00:38.606+0000][info][gc,phases      ] GC(148)   Post Evacuate Collection Set: 0.4ms
[2024-08-27T15:00:38.606+0000][info][gc,phases      ] GC(148)   Other: 0.2ms
[2024-08-27T15:00:38.606+0000][info][gc,heap        ] GC(148) Eden regions: 42->0(44)
[2024-08-27T15:00:38.606+0000][info][gc,heap        ] GC(148) Survivor regions: 9->7(7)
[2024-08-27T15:00:38.606+0000][info][gc,heap        ] GC(148) Old regions: 771->820
[2024-08-27T15:00:38.606+0000][info][gc,heap        ] GC(148) Archive regions: 2->2
[2024-08-27T15:00:38.606+0000][info][gc,heap        ] GC(148) Humongous regions: 5->5
[2024-08-27T15:00:38.606+0000][info][gc,metaspace   ] GC(148) Metaspace: 100K(320K)->100K(320K) NonClass: 96K(192K)->96K(192K) Class: 4K(128K)->4K(128K)
[2024-08-27T15:00:38.606+0000][info][gc             ] GC(148) Pause Young (Normal) (G1 Evacuation Pause) 822M->827M(1024M) 9.124ms
[2024-08-27T15:00:38.606+0000][info][gc,cpu         ] GC(148) User=0.20s Sys=0.00s Real=0.01s
[2024-08-27T15:00:38.641+0000][info][gc,start       ] GC(149) Pause Young (Normal) (G1 Evacuation Pause)
[2024-08-27T15:00:38.641+0000][info][gc,task        ] GC(149) Using 24 workers of 68 for evacuation
[2024-08-27T15:00:38.656+0000][info][gc,phases      ] GC(149)   Pre Evacuate Collection Set: 0.2ms
[2024-08-27T15:00:38.656+0000][info][gc,phases      ] GC(149)   Merge Heap Roots: 0.4ms
[2024-08-27T15:00:38.656+0000][info][gc,phases      ] GC(149)   Evacuate Collection Set: 13.6ms
[2024-08-27T15:00:38.656+0000][info][gc,phases      ] GC(149)   Post Evacuate Collection Set: 0.5ms
[2024-08-27T15:00:38.656+0000][info][gc,phases      ] GC(149)   Other: 0.3ms
[2024-08-27T15:00:38.656+0000][info][gc,heap        ] GC(149) Eden regions: 44->0(44)
[2024-08-27T15:00:38.656+0000][info][gc,heap        ] GC(149) Survivor regions: 7->7(7)
[2024-08-27T15:00:38.656+0000][info][gc,heap        ] GC(149) Old regions: 820->866
[2024-08-27T15:00:38.656+0000][info][gc,heap        ] GC(149) Archive regions: 2->2
[2024-08-27T15:00:38.656+0000][info][gc,heap        ] GC(149) Humongous regions: 5->5
[2024-08-27T15:00:38.656+0000][info][gc,metaspace   ] GC(149) Metaspace: 100K(320K)->100K(320K) NonClass: 96K(192K)->96K(192K) Class: 4K(128K)->4K(128K)
[2024-08-27T15:00:38.656+0000][info][gc             ] GC(149) Pause Young (Normal) (G1 Evacuation Pause) 871M->873M(1024M) 14.971ms
[2024-08-27T15:00:38.656+0000][info][gc,cpu         ] GC(149) User=0.34s Sys=0.00s Real=0.01s
[2024-08-27T15:00:38.677+0000][info][gc,marking     ] GC(147) Concurrent Rebuild Remembered Sets 95.318ms
[2024-08-27T15:00:38.678+0000][info][gc,start       ] GC(147) Pause Cleanup
[2024-08-27T15:00:38.679+0000][info][gc             ] GC(147) Pause Cleanup 900M->900M(1024M) 1.673ms
[2024-08-27T15:00:38.679+0000][info][gc,cpu         ] GC(147) User=0.00s Sys=0.00s Real=0.00s
[2024-08-27T15:00:38.680+0000][info][gc,marking     ] GC(147) Concurrent Cleanup for Next Mark
[2024-08-27T15:00:38.680+0000][info][gc,marking     ] GC(147) Concurrent Cleanup for Next Mark 0.828ms
[2024-08-27T15:00:38.680+0000][info][gc             ] GC(147) Concurrent Mark Cycle 126.011ms
[2024-08-27T15:00:38.695+0000][info][gc,start       ] GC(150) Pause Young (Prepare Mixed) (G1 Evacuation Pause)
[2024-08-27T15:00:38.695+0000][info][gc,task        ] GC(150) Using 24 workers of 68 for evacuation
[2024-08-27T15:00:38.710+0000][info][gc,phases      ] GC(150)   Pre Evacuate Collection Set: 0.2ms
[2024-08-27T15:00:38.710+0000][info][gc,phases      ] GC(150)   Merge Heap Roots: 0.6ms
[2024-08-27T15:00:38.710+0000][info][gc,phases      ] GC(150)   Evacuate Collection Set: 14.5ms
[2024-08-27T15:00:38.710+0000][info][gc,phases      ] GC(150)   Post Evacuate Collection Set: 0.3ms
[2024-08-27T15:00:38.710+0000][info][gc,phases      ] GC(150)   Other: 0.2ms
[2024-08-27T15:00:38.710+0000][info][gc,heap        ] GC(150) Eden regions: 44->0(44)
[2024-08-27T15:00:38.710+0000][info][gc,heap        ] GC(150) Survivor regions: 7->7(7)
[2024-08-27T15:00:38.710+0000][info][gc,heap        ] GC(150) Old regions: 866->913
[2024-08-27T15:00:38.710+0000][info][gc,heap        ] GC(150) Archive regions: 2->2
[2024-08-27T15:00:38.710+0000][info][gc,heap        ] GC(150) Humongous regions: 5->5
[2024-08-27T15:00:38.710+0000][info][gc,metaspace   ] GC(150) Metaspace: 100K(320K)->100K(320K) NonClass: 96K(192K)->96K(192K) Class: 4K(128K)->4K(128K)
[2024-08-27T15:00:38.710+0000][info][gc             ] GC(150) Pause Young (Prepare Mixed) (G1 Evacuation Pause) 917M->920M(1024M) 15.823ms
[2024-08-27T15:00:38.710+0000][info][gc,cpu         ] GC(150) User=0.37s Sys=0.00s Real=0.02s
[2024-08-27T15:00:38.742+0000][info][gc,start       ] GC(151) Pause Young (Mixed) (G1 Preventive Collection)
[2024-08-27T15:00:38.742+0000][info][gc,task        ] GC(151) Using 24 workers of 68 for evacuation
[2024-08-27T15:00:38.754+0000][info][gc,phases      ] GC(151)   Pre Evacuate Collection Set: 0.2ms
[2024-08-27T15:00:38.754+0000][info][gc,phases      ] GC(151)   Merge Heap Roots: 0.4ms
[2024-08-27T15:00:38.754+0000][info][gc,phases      ] GC(151)   Evacuate Collection Set: 10.8ms
[2024-08-27T15:00:38.754+0000][info][gc,phases      ] GC(151)   Post Evacuate Collection Set: 0.4ms
[2024-08-27T15:00:38.754+0000][info][gc,phases      ] GC(151)   Other: 0.2ms
[2024-08-27T15:00:38.754+0000][info][gc,heap        ] GC(151) Eden regions: 42->0(44)
[2024-08-27T15:00:38.754+0000][info][gc,heap        ] GC(151) Survivor regions: 7->7(7)
[2024-08-27T15:00:38.754+0000][info][gc,heap        ] GC(151) Old regions: 913->855
[2024-08-27T15:00:38.754+0000][info][gc,heap        ] GC(151) Archive regions: 2->2
[2024-08-27T15:00:38.754+0000][info][gc,heap        ] GC(151) Humongous regions: 5->5
[2024-08-27T15:00:38.754+0000][info][gc,metaspace   ] GC(151) Metaspace: 100K(320K)->100K(320K) NonClass: 96K(192K)->96K(192K) Class: 4K(128K)->4K(128K)
[2024-08-27T15:00:38.754+0000][info][gc             ] GC(151) Pause Young (Mixed) (G1 Preventive Collection) 962M->866M(1024M) 12.120ms
[2024-08-27T15:00:38.755+0000][info][gc,cpu         ] GC(151) User=0.27s Sys=0.00s Real=0.01s
[2024-08-27T15:00:38.788+0000][info][gc,start       ] GC(152) Pause Young (Mixed) (G1 Evacuation Pause)
[2024-08-27T15:00:38.788+0000][info][gc,task        ] GC(152) Using 24 workers of 68 for evacuation
[2024-08-27T15:00:38.798+0000][info][gc,phases      ] GC(152)   Pre Evacuate Collection Set: 0.2ms
[2024-08-27T15:00:38.798+0000][info][gc,phases      ] GC(152)   Merge Heap Roots: 0.4ms
[2024-08-27T15:00:38.798+0000][info][gc,phases      ] GC(152)   Evacuate Collection Set: 9.5ms
[2024-08-27T15:00:38.798+0000][info][gc,phases      ] GC(152)   Post Evacuate Collection Set: 0.4ms
[2024-08-27T15:00:38.798+0000][info][gc,phases      ] GC(152)   Other: 0.2ms
[2024-08-27T15:00:38.798+0000][info][gc,heap        ] GC(152) Eden regions: 44->0(44)
[2024-08-27T15:00:38.798+0000][info][gc,heap        ] GC(152) Survivor regions: 7->7(7)
[2024-08-27T15:00:38.798+0000][info][gc,heap        ] GC(152) Old regions: 855->799
[2024-08-27T15:00:38.798+0000][info][gc,heap        ] GC(152) Archive regions: 2->2
[2024-08-27T15:00:38.798+0000][info][gc,heap        ] GC(152) Humongous regions: 5->5
[2024-08-27T15:00:38.798+0000][info][gc,metaspace   ] GC(152) Metaspace: 100K(320K)->100K(320K) NonClass: 96K(192K)->96K(192K) Class: 4K(128K)->4K(128K)
[2024-08-27T15:00:38.798+0000][info][gc             ] GC(152) Pause Young (Mixed) (G1 Evacuation Pause) 910M->810M(1024M) 10.899ms
[2024-08-27T15:00:38.798+0000][info][gc,cpu         ] GC(152) User=0.24s Sys=0.00s Real=0.02s
[2024-08-27T15:00:38.831+0000][info][gc,start       ] GC(153) Pause Young (Mixed) (G1 Evacuation Pause)
[2024-08-27T15:00:38.831+0000][info][gc,task        ] GC(153) Using 24 workers of 68 for evacuation
[2024-08-27T15:00:38.845+0000][info][gc,phases      ] GC(153)   Pre Evacuate Collection Set: 0.2ms
[2024-08-27T15:00:38.845+0000][info][gc,phases      ] GC(153)   Merge Heap Roots: 0.5ms
[2024-08-27T15:00:38.845+0000][info][gc,phases      ] GC(153)   Evacuate Collection Set: 12.6ms
[2024-08-27T15:00:38.845+0000][info][gc,phases      ] GC(153)   Post Evacuate Collection Set: 0.4ms
[2024-08-27T15:00:38.845+0000][info][gc,phases      ] GC(153)   Other: 0.3ms
[2024-08-27T15:00:38.845+0000][info][gc,heap        ] GC(153) Eden regions: 44->0(44)
[2024-08-27T15:00:38.845+0000][info][gc,heap        ] GC(153) Survivor regions: 7->7(7)
[2024-08-27T15:00:38.845+0000][info][gc,heap        ] GC(153) Old regions: 799->769
[2024-08-27T15:00:38.845+0000][info][gc,heap        ] GC(153) Archive regions: 2->2
[2024-08-27T15:00:38.845+0000][info][gc,heap        ] GC(153) Humongous regions: 5->5
[2024-08-27T15:00:38.845+0000][info][gc,metaspace   ] GC(153) Metaspace: 100K(320K)->100K(320K) NonClass: 96K(192K)->96K(192K) Class: 4K(128K)->4K(128K)
[2024-08-27T15:00:38.845+0000][info][gc             ] GC(153) Pause Young (Mixed) (G1 Evacuation Pause) 854M->781M(1024M) 13.925ms
[2024-08-27T15:00:38.845+0000][info][gc,cpu         ] GC(153) User=0.31s Sys=0.00s Real=0.01s
[2024-08-27T15:00:38.878+0000][info][gc,start       ] GC(154) Pause Young (Mixed) (G1 Evacuation Pause)
[2024-08-27T15:00:38.878+0000][info][gc,task        ] GC(154) Using 24 workers of 68 for evacuation
[2024-08-27T15:00:38.889+0000][info][gc,phases      ] GC(154)   Pre Evacuate Collection Set: 0.2ms
[2024-08-27T15:00:38.889+0000][info][gc,phases      ] GC(154)   Merge Heap Roots: 0.3ms
[2024-08-27T15:00:38.889+0000][info][gc,phases      ] GC(154)   Evacuate Collection Set: 10.0ms
[2024-08-27T15:00:38.889+0000][info][gc,phases      ] GC(154)   Post Evacuate Collection Set: 0.3ms
[2024-08-27T15:00:38.889+0000][info][gc,phases      ] GC(154)   Other: 0.2ms
[2024-08-27T15:00:38.889+0000][info][gc,heap        ] GC(154) Eden regions: 44->0(44)
[2024-08-27T15:00:38.889+0000][info][gc,heap        ] GC(154) Survivor regions: 7->7(7)
[2024-08-27T15:00:38.889+0000][info][gc,heap        ] GC(154) Old regions: 769->812
[2024-08-27T15:00:38.889+0000][info][gc,heap        ] GC(154) Archive regions: 2->2
[2024-08-27T15:00:38.889+0000][info][gc,heap        ] GC(154) Humongous regions: 5->5
[2024-08-27T15:00:38.889+0000][info][gc,metaspace   ] GC(154) Metaspace: 100K(320K)->100K(320K) NonClass: 96K(192K)->96K(192K) Class: 4K(128K)->4K(128K)
[2024-08-27T15:00:38.889+0000][info][gc             ] GC(154) Pause Young (Mixed) (G1 Evacuation Pause) 825M->824M(1024M) 11.173ms
[2024-08-27T15:00:38.889+0000][info][gc,cpu         ] GC(154) User=0.24s Sys=0.00s Real=0.00s
[2024-08-27T15:00:38.922+0000][info][gc,start       ] GC(155) Pause Young (Concurrent Start) (G1 Evacuation Pause)
[2024-08-27T15:00:38.922+0000][info][gc,task        ] GC(155) Using 24 workers of 68 for evacuation
[2024-08-27T15:00:38.935+0000][info][gc,phases      ] GC(155)   Pre Evacuate Collection Set: 0.2ms
[2024-08-27T15:00:38.935+0000][info][gc,phases      ] GC(155)   Merge Heap Roots: 0.4ms
[2024-08-27T15:00:38.935+0000][info][gc,phases      ] GC(155)   Evacuate Collection Set: 11.0ms
[2024-08-27T15:00:38.935+0000][info][gc,phases      ] GC(155)   Post Evacuate Collection Set: 0.3ms
[2024-08-27T15:00:38.935+0000][info][gc,phases      ] GC(155)   Other: 0.8ms
[2024-08-27T15:00:38.935+0000][info][gc,heap        ] GC(155) Eden regions: 44->0(44)
[2024-08-27T15:00:38.935+0000][info][gc,heap        ] GC(155) Survivor regions: 7->7(7)
[2024-08-27T15:00:38.935+0000][info][gc,heap        ] GC(155) Old regions: 812->860
[2024-08-27T15:00:38.935+0000][info][gc,heap        ] GC(155) Archive regions: 2->2
[2024-08-27T15:00:38.935+0000][info][gc,heap        ] GC(155) Humongous regions: 5->5
[2024-08-27T15:00:38.935+0000][info][gc,metaspace   ] GC(155) Metaspace: 100K(320K)->100K(320K) NonClass: 96K(192K)->96K(192K) Class: 4K(128K)->4K(128K)
[2024-08-27T15:00:38.935+0000][info][gc             ] GC(155) Pause Young (Concurrent Start) (G1 Evacuation Pause) 868M->872M(1024M) 12.701ms
[2024-08-27T15:00:38.935+0000][info][gc,cpu         ] GC(155) User=0.27s Sys=0.00s Real=0.01s
[2024-08-27T15:00:38.935+0000][info][gc             ] GC(156) Concurrent Mark Cycle
[2024-08-27T15:00:38.935+0000][info][gc,marking     ] GC(156) Concurrent Clear Claimed Marks
[2024-08-27T15:00:38.935+0000][info][gc,marking     ] GC(156) Concurrent Clear Claimed Marks 0.010ms
[2024-08-27T15:00:38.935+0000][info][gc,marking     ] GC(156) Concurrent Scan Root Regions
[2024-08-27T15:00:38.937+0000][info][gc,marking     ] GC(156) Concurrent Scan Root Regions 1.909ms
[2024-08-27T15:00:38.937+0000][info][gc,marking     ] GC(156) Concurrent Mark
[2024-08-27T15:00:38.937+0000][info][gc,marking     ] GC(156) Concurrent Mark From Roots
[2024-08-27T15:00:38.937+0000][info][gc,task        ] GC(156) Using 17 workers of 17 for marking
[2024-08-27T15:00:38.961+0000][info][gc,marking     ] GC(156) Concurrent Mark From Roots 24.527ms
[2024-08-27T15:00:38.962+0000][info][gc,marking     ] GC(156) Concurrent Preclean
[2024-08-27T15:00:38.962+0000][info][gc,marking     ] GC(156) Concurrent Preclean 0.445ms
[2024-08-27T15:00:38.962+0000][info][gc,start       ] GC(156) Pause Remark
[2024-08-27T15:00:38.964+0000][info][gc             ] GC(156) Pause Remark 896M->896M(1024M) 1.259ms
[2024-08-27T15:00:38.964+0000][info][gc,cpu         ] GC(156) User=0.01s Sys=0.00s Real=0.00s
[2024-08-27T15:00:38.964+0000][info][gc,marking     ] GC(156) Concurrent Mark 26.727ms
[2024-08-27T15:00:38.964+0000][info][gc,marking     ] GC(156) Concurrent Rebuild Remembered Sets
[2024-08-27T15:00:38.982+0000][info][gc,start       ] GC(157) Pause Young (Normal) (G1 Evacuation Pause)
[2024-08-27T15:00:38.982+0000][info][gc,task        ] GC(157) Using 24 workers of 68 for evacuation
[2024-08-27T15:00:38.993+0000][info][gc,phases      ] GC(157)   Pre Evacuate Collection Set: 0.2ms
[2024-08-27T15:00:38.993+0000][info][gc,phases      ] GC(157)   Merge Heap Roots: 0.3ms
[2024-08-27T15:00:38.993+0000][info][gc,phases      ] GC(157)   Evacuate Collection Set: 10.1ms
[2024-08-27T15:00:38.993+0000][info][gc,phases      ] GC(157)   Post Evacuate Collection Set: 0.4ms
[2024-08-27T15:00:38.993+0000][info][gc,phases      ] GC(157)   Other: 0.2ms
[2024-08-27T15:00:38.993+0000][info][gc,heap        ] GC(157) Eden regions: 44->0(44)
[2024-08-27T15:00:38.993+0000][info][gc,heap        ] GC(157) Survivor regions: 7->7(7)
[2024-08-27T15:00:38.993+0000][info][gc,heap        ] GC(157) Old regions: 860->907
[2024-08-27T15:00:38.993+0000][info][gc,heap        ] GC(157) Archive regions: 2->2
[2024-08-27T15:00:38.993+0000][info][gc,heap        ] GC(157) Humongous regions: 5->5
[2024-08-27T15:00:38.993+0000][info][gc,metaspace   ] GC(157) Metaspace: 100K(320K)->100K(320K) NonClass: 96K(192K)->96K(192K) Class: 4K(128K)->4K(128K)
[2024-08-27T15:00:38.993+0000][info][gc             ] GC(157) Pause Young (Normal) (G1 Evacuation Pause) 916M->919M(1024M) 11.287ms
[2024-08-27T15:00:38.993+0000][info][gc,cpu         ] GC(157) User=0.25s Sys=0.01s Real=0.01s
[2024-08-27T15:00:39.029+0000][info][gc,start       ] GC(158) Pause Young (Normal) (G1 Evacuation Pause)
[2024-08-27T15:00:39.029+0000][info][gc,task        ] GC(158) Using 24 workers of 68 for evacuation
[2024-08-27T15:00:39.042+0000][info][gc,phases      ] GC(158)   Pre Evacuate Collection Set: 0.2ms
[2024-08-27T15:00:39.042+0000][info][gc,phases      ] GC(158)   Merge Heap Roots: 0.5ms
[2024-08-27T15:00:39.042+0000][info][gc,phases      ] GC(158)   Evacuate Collection Set: 12.1ms
[2024-08-27T15:00:39.042+0000][info][gc,phases      ] GC(158)   Post Evacuate Collection Set: 0.5ms
[2024-08-27T15:00:39.042+0000][info][gc,phases      ] GC(158)   Other: 0.3ms
[2024-08-27T15:00:39.042+0000][info][gc,heap        ] GC(158) Eden regions: 44->0(44)
[2024-08-27T15:00:39.042+0000][info][gc,heap        ] GC(158) Survivor regions: 7->7(7)
[2024-08-27T15:00:39.042+0000][info][gc,heap        ] GC(158) Old regions: 907->953
[2024-08-27T15:00:39.042+0000][info][gc,heap        ] GC(158) Archive regions: 2->2
[2024-08-27T15:00:39.042+0000][info][gc,heap        ] GC(158) Humongous regions: 5->5
[2024-08-27T15:00:39.042+0000][info][gc,metaspace   ] GC(158) Metaspace: 100K(320K)->100K(320K) NonClass: 96K(192K)->96K(192K) Class: 4K(128K)->4K(128K)
[2024-08-27T15:00:39.042+0000][info][gc             ] GC(158) Pause Young (Normal) (G1 Evacuation Pause) 963M->965M(1024M) 13.564ms
[2024-08-27T15:00:39.042+0000][info][gc,cpu         ] GC(158) User=0.30s Sys=0.01s Real=0.02s
[2024-08-27T15:00:39.059+0000][info][gc,marking     ] GC(156) Concurrent Rebuild Remembered Sets 95.295ms
[2024-08-27T15:00:39.059+0000][info][gc,start       ] GC(156) Pause Cleanup
[2024-08-27T15:00:39.061+0000][info][gc             ] GC(156) Pause Cleanup 986M->986M(1024M) 1.816ms
[2024-08-27T15:00:39.061+0000][info][gc,cpu         ] GC(156) User=0.01s Sys=0.00s Real=0.00s
[2024-08-27T15:00:39.061+0000][info][gc,marking     ] GC(156) Concurrent Cleanup for Next Mark
[2024-08-27T15:00:39.062+0000][info][gc,marking     ] GC(156) Concurrent Cleanup for Next Mark 0.896ms
[2024-08-27T15:00:39.062+0000][info][gc             ] GC(156) Concurrent Mark Cycle 127.324ms
[2024-08-27T15:00:39.064+0000][info][gc,start       ] GC(159) Pause Young (Prepare Mixed) (G1 Preventive Collection)
[2024-08-27T15:00:39.064+0000][info][gc,task        ] GC(159) Using 24 workers of 68 for evacuation
[2024-08-27T15:00:39.076+0000][info][gc,phases      ] GC(159)   Pre Evacuate Collection Set: 0.2ms
[2024-08-27T15:00:39.076+0000][info][gc,phases      ] GC(159)   Merge Heap Roots: 0.5ms
[2024-08-27T15:00:39.076+0000][info][gc,phases      ] GC(159)   Evacuate Collection Set: 11.5ms
[2024-08-27T15:00:39.076+0000][info][gc,phases      ] GC(159)   Post Evacuate Collection Set: 0.3ms
[2024-08-27T15:00:39.076+0000][info][gc,phases      ] GC(159)   Other: 0.2ms
[2024-08-27T15:00:39.076+0000][info][gc,heap        ] GC(159) Eden regions: 23->0(44)
[2024-08-27T15:00:39.076+0000][info][gc,heap        ] GC(159) Survivor regions: 7->7(7)
[2024-08-27T15:00:39.076+0000][info][gc,heap        ] GC(159) Old regions: 953->980
[2024-08-27T15:00:39.076+0000][info][gc,heap        ] GC(159) Archive regions: 2->2
[2024-08-27T15:00:39.076+0000][info][gc,heap        ] GC(159) Humongous regions: 5->5
[2024-08-27T15:00:39.076+0000][info][gc,metaspace   ] GC(159) Metaspace: 100K(320K)->100K(320K) NonClass: 96K(192K)->96K(192K) Class: 4K(128K)->4K(128K)
[2024-08-27T15:00:39.076+0000][info][gc             ] GC(159) Pause Young (Prepare Mixed) (G1 Preventive Collection) 988M->992M(1024M) 12.688ms
[2024-08-27T15:00:39.076+0000][info][gc,cpu         ] GC(159) User=0.29s Sys=0.00s Real=0.01s
[2024-08-27T15:00:39.084+0000][info][gc,start       ] GC(160) Pause Young (Mixed) (G1 Preventive Collection)
[2024-08-27T15:00:39.084+0000][info][gc,task        ] GC(160) Using 24 workers of 68 for evacuation
[2024-08-27T15:00:39.090+0000][info][gc,phases      ] GC(160)   Pre Evacuate Collection Set: 0.2ms
[2024-08-27T15:00:39.090+0000][info][gc,phases      ] GC(160)   Merge Heap Roots: 0.2ms
[2024-08-27T15:00:39.090+0000][info][gc,phases      ] GC(160)   Evacuate Collection Set: 4.5ms
[2024-08-27T15:00:39.090+0000][info][gc,phases      ] GC(160)   Post Evacuate Collection Set: 0.3ms
[2024-08-27T15:00:39.090+0000][info][gc,phases      ] GC(160)   Other: 0.2ms
[2024-08-27T15:00:39.090+0000][info][gc,heap        ] GC(160) Eden regions: 10->0(44)
[2024-08-27T15:00:39.090+0000][info][gc,heap        ] GC(160) Survivor regions: 7->7(7)
[2024-08-27T15:00:39.090+0000][info][gc,heap        ] GC(160) Old regions: 980->890
[2024-08-27T15:00:39.090+0000][info][gc,heap        ] GC(160) Archive regions: 2->2
[2024-08-27T15:00:39.090+0000][info][gc,heap        ] GC(160) Humongous regions: 5->5
[2024-08-27T15:00:39.090+0000][info][gc,metaspace   ] GC(160) Metaspace: 100K(320K)->100K(320K) NonClass: 96K(192K)->96K(192K) Class: 4K(128K)->4K(128K)
[2024-08-27T15:00:39.090+0000][info][gc             ] GC(160) Pause Young (Mixed) (G1 Preventive Collection) 1002M->902M(1024M) 5.484ms
[2024-08-27T15:00:39.090+0000][info][gc,cpu         ] GC(160) User=0.11s Sys=0.00s Real=0.01s
[2024-08-27T15:00:39.123+0000][info][gc,start       ] GC(161) Pause Young (Mixed) (G1 Evacuation Pause)
[2024-08-27T15:00:39.123+0000][info][gc,task        ] GC(161) Using 24 workers of 68 for evacuation
[2024-08-27T15:00:39.134+0000][info][gc,phases      ] GC(161)   Pre Evacuate Collection Set: 0.2ms
[2024-08-27T15:00:39.134+0000][info][gc,phases      ] GC(161)   Merge Heap Roots: 0.4ms
[2024-08-27T15:00:39.134+0000][info][gc,phases      ] GC(161)   Evacuate Collection Set: 9.7ms
[2024-08-27T15:00:39.134+0000][info][gc,phases      ] GC(161)   Post Evacuate Collection Set: 0.5ms
[2024-08-27T15:00:39.134+0000][info][gc,phases      ] GC(161)   Other: 0.3ms
[2024-08-27T15:00:39.134+0000][info][gc,heap        ] GC(161) Eden regions: 44->0(44)
[2024-08-27T15:00:39.134+0000][info][gc,heap        ] GC(161) Survivor regions: 7->7(7)
[2024-08-27T15:00:39.134+0000][info][gc,heap        ] GC(161) Old regions: 890->831
[2024-08-27T15:00:39.134+0000][info][gc,heap        ] GC(161) Archive regions: 2->2
[2024-08-27T15:00:39.134+0000][info][gc,heap        ] GC(161) Humongous regions: 5->5
[2024-08-27T15:00:39.134+0000][info][gc,metaspace   ] GC(161) Metaspace: 100K(320K)->100K(320K) NonClass: 96K(192K)->96K(192K) Class: 4K(128K)->4K(128K)
[2024-08-27T15:00:39.134+0000][info][gc             ] GC(161) Pause Young (Mixed) (G1 Evacuation Pause) 946M->843M(1024M) 11.197ms
[2024-08-27T15:00:39.134+0000][info][gc,cpu         ] GC(161) User=0.24s Sys=0.00s Real=0.01s
[2024-08-27T15:00:39.167+0000][info][gc,start       ] GC(162) Pause Young (Mixed) (G1 Evacuation Pause)
[2024-08-27T15:00:39.167+0000][info][gc,task        ] GC(162) Using 24 workers of 68 for evacuation
[2024-08-27T15:00:39.178+0000][info][gc,phases      ] GC(162)   Pre Evacuate Collection Set: 0.3ms
[2024-08-27T15:00:39.178+0000][info][gc,phases      ] GC(162)   Merge Heap Roots: 0.3ms
[2024-08-27T15:00:39.178+0000][info][gc,phases      ] GC(162)   Evacuate Collection Set: 10.0ms
[2024-08-27T15:00:39.178+0000][info][gc,phases      ] GC(162)   Post Evacuate Collection Set: 0.4ms
[2024-08-27T15:00:39.178+0000][info][gc,phases      ] GC(162)   Other: 0.3ms
[2024-08-27T15:00:39.178+0000][info][gc,heap        ] GC(162) Eden regions: 44->0(44)
[2024-08-27T15:00:39.178+0000][info][gc,heap        ] GC(162) Survivor regions: 7->7(7)
[2024-08-27T15:00:39.178+0000][info][gc,heap        ] GC(162) Old regions: 831->775
[2024-08-27T15:00:39.178+0000][info][gc,heap        ] GC(162) Archive regions: 2->2
[2024-08-27T15:00:39.178+0000][info][gc,heap        ] GC(162) Humongous regions: 5->5
[2024-08-27T15:00:39.178+0000][info][gc,metaspace   ] GC(162) Metaspace: 100K(320K)->100K(320K) NonClass: 96K(192K)->96K(192K) Class: 4K(128K)->4K(128K)
[2024-08-27T15:00:39.178+0000][info][gc             ] GC(162) Pause Young (Mixed) (G1 Evacuation Pause) 887M->787M(1024M) 11.445ms
[2024-08-27T15:00:39.178+0000][info][gc,cpu         ] GC(162) User=0.23s Sys=0.01s Real=0.02s
[2024-08-27T15:00:39.210+0000][info][gc,start       ] GC(163) Pause Young (Mixed) (G1 Evacuation Pause)
[2024-08-27T15:00:39.210+0000][info][gc,task        ] GC(163) Using 24 workers of 68 for evacuation
[2024-08-27T15:00:39.223+0000][info][gc,phases      ] GC(163)   Pre Evacuate Collection Set: 0.2ms
[2024-08-27T15:00:39.223+0000][info][gc,phases      ] GC(163)   Merge Heap Roots: 0.4ms
[2024-08-27T15:00:39.223+0000][info][gc,phases      ] GC(163)   Evacuate Collection Set: 11.9ms
[2024-08-27T15:00:39.223+0000][info][gc,phases      ] GC(163)   Post Evacuate Collection Set: 0.3ms
[2024-08-27T15:00:39.223+0000][info][gc,phases      ] GC(163)   Other: 0.3ms
[2024-08-27T15:00:39.223+0000][info][gc,heap        ] GC(163) Eden regions: 44->0(46)
[2024-08-27T15:00:39.223+0000][info][gc,heap        ] GC(163) Survivor regions: 7->7(7)
[2024-08-27T15:00:39.224+0000][info][gc,heap        ] GC(163) Old regions: 775->761
[2024-08-27T15:00:39.224+0000][info][gc,heap        ] GC(163) Archive regions: 2->2
[2024-08-27T15:00:39.224+0000][info][gc,heap        ] GC(163) Humongous regions: 5->5
[2024-08-27T15:00:39.224+0000][info][gc,metaspace   ] GC(163) Metaspace: 100K(320K)->100K(320K) NonClass: 96K(192K)->96K(192K) Class: 4K(128K)->4K(128K)
[2024-08-27T15:00:39.224+0000][info][gc             ] GC(163) Pause Young (Mixed) (G1 Evacuation Pause) 831M->773M(1024M) 13.165ms
[2024-08-27T15:00:39.224+0000][info][gc,cpu         ] GC(163) User=0.29s Sys=0.00s Real=0.01s
[2024-08-27T15:00:39.258+0000][info][gc,start       ] GC(164) Pause Young (Concurrent Start) (G1 Evacuation Pause)
[2024-08-27T15:00:39.258+0000][info][gc,task        ] GC(164) Using 24 workers of 68 for evacuation
[2024-08-27T15:00:39.269+0000][info][gc,phases      ] GC(164)   Pre Evacuate Collection Set: 0.2ms
[2024-08-27T15:00:39.269+0000][info][gc,phases      ] GC(164)   Merge Heap Roots: 0.4ms
[2024-08-27T15:00:39.269+0000][info][gc,phases      ] GC(164)   Evacuate Collection Set: 9.7ms
[2024-08-27T15:00:39.269+0000][info][gc,phases      ] GC(164)   Post Evacuate Collection Set: 0.3ms
[2024-08-27T15:00:39.269+0000][info][gc,phases      ] GC(164)   Other: 0.6ms
[2024-08-27T15:00:39.269+0000][info][gc,heap        ] GC(164) Eden regions: 46->0(44)
[2024-08-27T15:00:39.269+0000][info][gc,heap        ] GC(164) Survivor regions: 7->7(7)
[2024-08-27T15:00:39.269+0000][info][gc,heap        ] GC(164) Old regions: 761->809
[2024-08-27T15:00:39.269+0000][info][gc,heap        ] GC(164) Archive regions: 2->2
[2024-08-27T15:00:39.269+0000][info][gc,heap        ] GC(164) Humongous regions: 5->5
[2024-08-27T15:00:39.269+0000][info][gc,metaspace   ] GC(164) Metaspace: 100K(320K)->100K(320K) NonClass: 96K(192K)->96K(192K) Class: 4K(128K)->4K(128K)
[2024-08-27T15:00:39.269+0000][info][gc             ] GC(164) Pause Young (Concurrent Start) (G1 Evacuation Pause) 819M->821M(1024M) 11.210ms
[2024-08-27T15:00:39.269+0000][info][gc,cpu         ] GC(164) User=0.23s Sys=0.01s Real=0.00s
[2024-08-27T15:00:39.269+0000][info][gc             ] GC(165) Concurrent Mark Cycle
[2024-08-27T15:00:39.269+0000][info][gc,marking     ] GC(165) Concurrent Clear Claimed Marks
[2024-08-27T15:00:39.269+0000][info][gc,marking     ] GC(165) Concurrent Clear Claimed Marks 0.010ms
[2024-08-27T15:00:39.269+0000][info][gc,marking     ] GC(165) Concurrent Scan Root Regions
[2024-08-27T15:00:39.271+0000][info][gc,marking     ] GC(165) Concurrent Scan Root Regions 1.661ms
[2024-08-27T15:00:39.271+0000][info][gc,marking     ] GC(165) Concurrent Mark
[2024-08-27T15:00:39.271+0000][info][gc,marking     ] GC(165) Concurrent Mark From Roots
[2024-08-27T15:00:39.271+0000][info][gc,task        ] GC(165) Using 17 workers of 17 for marking
[2024-08-27T15:00:39.295+0000][info][gc,marking     ] GC(165) Concurrent Mark From Roots 24.172ms
[2024-08-27T15:00:39.295+0000][info][gc,marking     ] GC(165) Concurrent Preclean
[2024-08-27T15:00:39.296+0000][info][gc,marking     ] GC(165) Concurrent Preclean 0.443ms
[2024-08-27T15:00:39.296+0000][info][gc,start       ] GC(165) Pause Remark
[2024-08-27T15:00:39.297+0000][info][gc             ] GC(165) Pause Remark 847M->847M(1024M) 1.489ms
[2024-08-27T15:00:39.298+0000][info][gc,cpu         ] GC(165) User=0.00s Sys=0.00s Real=0.01s
[2024-08-27T15:00:39.298+0000][info][gc,marking     ] GC(165) Concurrent Mark 26.599ms
[2024-08-27T15:00:39.298+0000][info][gc,marking     ] GC(165) Concurrent Rebuild Remembered Sets
[2024-08-27T15:00:39.313+0000][info][gc,start       ] GC(166) Pause Young (Normal) (G1 Evacuation Pause)
[2024-08-27T15:00:39.313+0000][info][gc,task        ] GC(166) Using 24 workers of 68 for evacuation
[2024-08-27T15:00:39.326+0000][info][gc,phases      ] GC(166)   Pre Evacuate Collection Set: 0.2ms
[2024-08-27T15:00:39.327+0000][info][gc,phases      ] GC(166)   Merge Heap Roots: 0.4ms
[2024-08-27T15:00:39.327+0000][info][gc,phases      ] GC(166)   Evacuate Collection Set: 12.8ms
[2024-08-27T15:00:39.327+0000][info][gc,phases      ] GC(166)   Post Evacuate Collection Set: 0.4ms
[2024-08-27T15:00:39.327+0000][info][gc,phases      ] GC(166)   Other: 0.3ms
[2024-08-27T15:00:39.327+0000][info][gc,heap        ] GC(166) Eden regions: 44->0(44)
[2024-08-27T15:00:39.327+0000][info][gc,heap        ] GC(166) Survivor regions: 7->7(7)
[2024-08-27T15:00:39.327+0000][info][gc,heap        ] GC(166) Old regions: 809->855
[2024-08-27T15:00:39.327+0000][info][gc,heap        ] GC(166) Archive regions: 2->2
[2024-08-27T15:00:39.327+0000][info][gc,heap        ] GC(166) Humongous regions: 5->5
[2024-08-27T15:00:39.327+0000][info][gc,metaspace   ] GC(166) Metaspace: 100K(320K)->100K(320K) NonClass: 96K(192K)->96K(192K) Class: 4K(128K)->4K(128K)
[2024-08-27T15:00:39.327+0000][info][gc             ] GC(166) Pause Young (Normal) (G1 Evacuation Pause) 865M->867M(1024M) 14.038ms
[2024-08-27T15:00:39.327+0000][info][gc,cpu         ] GC(166) User=0.25s Sys=0.01s Real=0.01s
[2024-08-27T15:00:39.371+0000][info][gc,start       ] GC(167) Pause Young (Normal) (G1 Evacuation Pause)
[2024-08-27T15:00:39.371+0000][info][gc,task        ] GC(167) Using 24 workers of 68 for evacuation
[2024-08-27T15:00:39.386+0000][info][gc,phases      ] GC(167)   Pre Evacuate Collection Set: 0.2ms
[2024-08-27T15:00:39.386+0000][info][gc,phases      ] GC(167)   Merge Heap Roots: 0.4ms
[2024-08-27T15:00:39.386+0000][info][gc,phases      ] GC(167)   Evacuate Collection Set: 13.7ms
[2024-08-27T15:00:39.386+0000][info][gc,phases      ] GC(167)   Post Evacuate Collection Set: 0.6ms
[2024-08-27T15:00:39.386+0000][info][gc,phases      ] GC(167)   Other: 0.3ms
[2024-08-27T15:00:39.386+0000][info][gc,heap        ] GC(167) Eden regions: 44->0(44)
[2024-08-27T15:00:39.386+0000][info][gc,heap        ] GC(167) Survivor regions: 7->7(7)
[2024-08-27T15:00:39.386+0000][info][gc,heap        ] GC(167) Old regions: 855->903
[2024-08-27T15:00:39.386+0000][info][gc,heap        ] GC(167) Archive regions: 2->2
[2024-08-27T15:00:39.386+0000][info][gc,heap        ] GC(167) Humongous regions: 5->5
[2024-08-27T15:00:39.386+0000][info][gc,metaspace   ] GC(167) Metaspace: 100K(320K)->100K(320K) NonClass: 96K(192K)->96K(192K) Class: 4K(128K)->4K(128K)
[2024-08-27T15:00:39.386+0000][info][gc             ] GC(167) Pause Young (Normal) (G1 Evacuation Pause) 911M->915M(1024M) 15.232ms
[2024-08-27T15:00:39.386+0000][info][gc,cpu         ] GC(167) User=0.34s Sys=0.00s Real=0.01s
[2024-08-27T15:00:39.399+0000][info][gc,marking     ] GC(165) Concurrent Rebuild Remembered Sets 101.799ms
[2024-08-27T15:00:39.400+0000][info][gc,start       ] GC(165) Pause Cleanup
[2024-08-27T15:00:39.401+0000][info][gc             ] GC(165) Pause Cleanup 931M->931M(1024M) 1.624ms
[2024-08-27T15:00:39.401+0000][info][gc,cpu         ] GC(165) User=0.01s Sys=0.00s Real=0.00s
[2024-08-27T15:00:39.401+0000][info][gc,marking     ] GC(165) Concurrent Cleanup for Next Mark
[2024-08-27T15:00:39.402+0000][info][gc,marking     ] GC(165) Concurrent Cleanup for Next Mark 0.900ms
[2024-08-27T15:00:39.402+0000][info][gc             ] GC(165) Concurrent Mark Cycle 133.154ms
[2024-08-27T15:00:39.423+0000][info][gc,start       ] GC(168) Pause Young (Prepare Mixed) (G1 Evacuation Pause)
[2024-08-27T15:00:39.423+0000][info][gc,task        ] GC(168) Using 24 workers of 68 for evacuation
[2024-08-27T15:00:39.439+0000][info][gc,phases      ] GC(168)   Pre Evacuate Collection Set: 0.2ms
[2024-08-27T15:00:39.439+0000][info][gc,phases      ] GC(168)   Merge Heap Roots: 0.4ms
[2024-08-27T15:00:39.439+0000][info][gc,phases      ] GC(168)   Evacuate Collection Set: 14.8ms
[2024-08-27T15:00:39.439+0000][info][gc,phases      ] GC(168)   Post Evacuate Collection Set: 0.3ms
[2024-08-27T15:00:39.439+0000][info][gc,phases      ] GC(168)   Other: 0.2ms
[2024-08-27T15:00:39.439+0000][info][gc,heap        ] GC(168) Eden regions: 44->0(44)
[2024-08-27T15:00:39.439+0000][info][gc,heap        ] GC(168) Survivor regions: 7->7(7)
[2024-08-27T15:00:39.439+0000][info][gc,heap        ] GC(168) Old regions: 903->949
[2024-08-27T15:00:39.439+0000][info][gc,heap        ] GC(168) Archive regions: 2->2
[2024-08-27T15:00:39.439+0000][info][gc,heap        ] GC(168) Humongous regions: 5->5
[2024-08-27T15:00:39.439+0000][info][gc,metaspace   ] GC(168) Metaspace: 100K(320K)->100K(320K) NonClass: 96K(192K)->96K(192K) Class: 4K(128K)->4K(128K)
[2024-08-27T15:00:39.439+0000][info][gc             ] GC(168) Pause Young (Prepare Mixed) (G1 Evacuation Pause) 959M->961M(1024M) 15.952ms
[2024-08-27T15:00:39.439+0000][info][gc,cpu         ] GC(168) User=0.36s Sys=0.00s Real=0.02s
[2024-08-27T15:00:39.459+0000][info][gc,start       ] GC(169) Pause Young (Mixed) (G1 Preventive Collection)
[2024-08-27T15:00:39.459+0000][info][gc,task        ] GC(169) Using 24 workers of 68 for evacuation
[2024-08-27T15:00:39.469+0000][info][gc,phases      ] GC(169)   Pre Evacuate Collection Set: 0.2ms
[2024-08-27T15:00:39.469+0000][info][gc,phases      ] GC(169)   Merge Heap Roots: 0.4ms
[2024-08-27T15:00:39.469+0000][info][gc,phases      ] GC(169)   Evacuate Collection Set: 8.0ms
[2024-08-27T15:00:39.469+0000][info][gc,phases      ] GC(169)   Post Evacuate Collection Set: 0.4ms
[2024-08-27T15:00:39.469+0000][info][gc,phases      ] GC(169)   Other: 0.3ms
[2024-08-27T15:00:39.469+0000][info][gc,heap        ] GC(169) Eden regions: 25->0(44)
[2024-08-27T15:00:39.469+0000][info][gc,heap        ] GC(169) Survivor regions: 7->7(7)
[2024-08-27T15:00:39.469+0000][info][gc,heap        ] GC(169) Old regions: 949->874
[2024-08-27T15:00:39.469+0000][info][gc,heap        ] GC(169) Archive regions: 2->2
[2024-08-27T15:00:39.469+0000][info][gc,heap        ] GC(169) Humongous regions: 5->5
[2024-08-27T15:00:39.469+0000][info][gc,metaspace   ] GC(169) Metaspace: 100K(320K)->100K(320K) NonClass: 96K(192K)->96K(192K) Class: 4K(128K)->4K(128K)
[2024-08-27T15:00:39.469+0000][info][gc             ] GC(169) Pause Young (Mixed) (G1 Preventive Collection) 986M->886M(1024M) 9.334ms
[2024-08-27T15:00:39.469+0000][info][gc,cpu         ] GC(169) User=0.20s Sys=0.00s Real=0.00s
[2024-08-27T15:00:39.506+0000][info][gc,start       ] GC(170) Pause Young (Mixed) (G1 Evacuation Pause)
[2024-08-27T15:00:39.506+0000][info][gc,task        ] GC(170) Using 24 workers of 68 for evacuation
[2024-08-27T15:00:39.517+0000][info][gc,phases      ] GC(170)   Pre Evacuate Collection Set: 0.3ms
[2024-08-27T15:00:39.517+0000][info][gc,phases      ] GC(170)   Merge Heap Roots: 0.3ms
[2024-08-27T15:00:39.517+0000][info][gc,phases      ] GC(170)   Evacuate Collection Set: 10.4ms
[2024-08-27T15:00:39.517+0000][info][gc,phases      ] GC(170)   Post Evacuate Collection Set: 0.4ms
[2024-08-27T15:00:39.517+0000][info][gc,phases      ] GC(170)   Other: 0.3ms
[2024-08-27T15:00:39.517+0000][info][gc,heap        ] GC(170) Eden regions: 44->0(44)
[2024-08-27T15:00:39.517+0000][info][gc,heap        ] GC(170) Survivor regions: 7->7(7)
[2024-08-27T15:00:39.517+0000][info][gc,heap        ] GC(170) Old regions: 874->817
[2024-08-27T15:00:39.517+0000][info][gc,heap        ] GC(170) Archive regions: 2->2
[2024-08-27T15:00:39.517+0000][info][gc,heap        ] GC(170) Humongous regions: 5->5
[2024-08-27T15:00:39.517+0000][info][gc,metaspace   ] GC(170) Metaspace: 100K(320K)->100K(320K) NonClass: 96K(192K)->96K(192K) Class: 4K(128K)->4K(128K)
[2024-08-27T15:00:39.517+0000][info][gc             ] GC(170) Pause Young (Mixed) (G1 Evacuation Pause) 930M->829M(1024M) 11.763ms
[2024-08-27T15:00:39.518+0000][info][gc,cpu         ] GC(170) User=0.23s Sys=0.02s Real=0.02s
[2024-08-27T15:00:39.554+0000][info][gc,start       ] GC(171) Pause Young (Mixed) (G1 Evacuation Pause)
[2024-08-27T15:00:39.554+0000][info][gc,task        ] GC(171) Using 24 workers of 68 for evacuation
[2024-08-27T15:00:39.565+0000][info][gc,phases      ] GC(171)   Pre Evacuate Collection Set: 0.3ms
[2024-08-27T15:00:39.565+0000][info][gc,phases      ] GC(171)   Merge Heap Roots: 0.4ms
[2024-08-27T15:00:39.565+0000][info][gc,phases      ] GC(171)   Evacuate Collection Set: 10.2ms
[2024-08-27T15:00:39.565+0000][info][gc,phases      ] GC(171)   Post Evacuate Collection Set: 0.4ms
[2024-08-27T15:00:39.565+0000][info][gc,phases      ] GC(171)   Other: 0.2ms
[2024-08-27T15:00:39.565+0000][info][gc,heap        ] GC(171) Eden regions: 44->0(44)
[2024-08-27T15:00:39.565+0000][info][gc,heap        ] GC(171) Survivor regions: 7->7(7)
[2024-08-27T15:00:39.565+0000][info][gc,heap        ] GC(171) Old regions: 817->768
[2024-08-27T15:00:39.565+0000][info][gc,heap        ] GC(171) Archive regions: 2->2
[2024-08-27T15:00:39.565+0000][info][gc,heap        ] GC(171) Humongous regions: 5->5
[2024-08-27T15:00:39.565+0000][info][gc,metaspace   ] GC(171) Metaspace: 100K(320K)->100K(320K) NonClass: 96K(192K)->96K(192K) Class: 4K(128K)->4K(128K)
[2024-08-27T15:00:39.565+0000][info][gc             ] GC(171) Pause Young (Mixed) (G1 Evacuation Pause) 873M->780M(1024M) 11.706ms
[2024-08-27T15:00:39.565+0000][info][gc,cpu         ] GC(171) User=0.22s Sys=0.04s Real=0.01s
[2024-08-27T15:00:39.598+0000][info][gc,start       ] GC(172) Pause Young (Mixed) (G1 Evacuation Pause)
[2024-08-27T15:00:39.599+0000][info][gc,task        ] GC(172) Using 24 workers of 68 for evacuation
[2024-08-27T15:00:39.610+0000][info][gc,phases      ] GC(172)   Pre Evacuate Collection Set: 0.2ms
[2024-08-27T15:00:39.610+0000][info][gc,phases      ] GC(172)   Merge Heap Roots: 0.3ms
[2024-08-27T15:00:39.610+0000][info][gc,phases      ] GC(172)   Evacuate Collection Set: 10.3ms
[2024-08-27T15:00:39.610+0000][info][gc,phases      ] GC(172)   Post Evacuate Collection Set: 0.3ms
[2024-08-27T15:00:39.610+0000][info][gc,phases      ] GC(172)   Other: 0.2ms
[2024-08-27T15:00:39.610+0000][info][gc,heap        ] GC(172) Eden regions: 44->0(44)
[2024-08-27T15:00:39.610+0000][info][gc,heap        ] GC(172) Survivor regions: 7->7(7)
[2024-08-27T15:00:39.610+0000][info][gc,heap        ] GC(172) Old regions: 768->795
[2024-08-27T15:00:39.610+0000][info][gc,heap        ] GC(172) Archive regions: 2->2
[2024-08-27T15:00:39.610+0000][info][gc,heap        ] GC(172) Humongous regions: 5->5
[2024-08-27T15:00:39.610+0000][info][gc,metaspace   ] GC(172) Metaspace: 100K(320K)->100K(320K) NonClass: 96K(192K)->96K(192K) Class: 4K(128K)->4K(128K)
[2024-08-27T15:00:39.610+0000][info][gc             ] GC(172) Pause Young (Mixed) (G1 Evacuation Pause) 824M->807M(1024M) 11.432ms
[2024-08-27T15:00:39.610+0000][info][gc,cpu         ] GC(172) User=0.23s Sys=0.02s Real=0.01s
[2024-08-27T15:00:39.643+0000][info][gc,start       ] GC(173) Pause Young (Concurrent Start) (G1 Evacuation Pause)
[2024-08-27T15:00:39.643+0000][info][gc,task        ] GC(173) Using 24 workers of 68 for evacuation
[2024-08-27T15:00:39.653+0000][info][gc,phases      ] GC(173)   Pre Evacuate Collection Set: 0.2ms
[2024-08-27T15:00:39.653+0000][info][gc,phases      ] GC(173)   Merge Heap Roots: 0.3ms
[2024-08-27T15:00:39.653+0000][info][gc,phases      ] GC(173)   Evacuate Collection Set: 9.4ms
[2024-08-27T15:00:39.653+0000][info][gc,phases      ] GC(173)   Post Evacuate Collection Set: 0.4ms
[2024-08-27T15:00:39.653+0000][info][gc,phases      ] GC(173)   Other: 0.6ms
[2024-08-27T15:00:39.653+0000][info][gc,heap        ] GC(173) Eden regions: 44->0(44)
[2024-08-27T15:00:39.653+0000][info][gc,heap        ] GC(173) Survivor regions: 7->7(7)
[2024-08-27T15:00:39.653+0000][info][gc,heap        ] GC(173) Old regions: 795->842
[2024-08-27T15:00:39.653+0000][info][gc,heap        ] GC(173) Archive regions: 2->2
[2024-08-27T15:00:39.653+0000][info][gc,heap        ] GC(173) Humongous regions: 5->5
[2024-08-27T15:00:39.653+0000][info][gc,metaspace   ] GC(173) Metaspace: 100K(320K)->100K(320K) NonClass: 96K(192K)->96K(192K) Class: 4K(128K)->4K(128K)
[2024-08-27T15:00:39.654+0000][info][gc             ] GC(173) Pause Young (Concurrent Start) (G1 Evacuation Pause) 851M->854M(1024M) 10.925ms
[2024-08-27T15:00:39.654+0000][info][gc,cpu         ] GC(173) User=0.22s Sys=0.01s Real=0.01s
[2024-08-27T15:00:39.654+0000][info][gc             ] GC(174) Concurrent Mark Cycle
[2024-08-27T15:00:39.654+0000][info][gc,marking     ] GC(174) Concurrent Clear Claimed Marks
[2024-08-27T15:00:39.654+0000][info][gc,marking     ] GC(174) Concurrent Clear Claimed Marks 0.010ms
[2024-08-27T15:00:39.654+0000][info][gc,marking     ] GC(174) Concurrent Scan Root Regions
[2024-08-27T15:00:39.655+0000][info][gc,marking     ] GC(174) Concurrent Scan Root Regions 1.616ms
[2024-08-27T15:00:39.655+0000][info][gc,marking     ] GC(174) Concurrent Mark
[2024-08-27T15:00:39.655+0000][info][gc,marking     ] GC(174) Concurrent Mark From Roots
[2024-08-27T15:00:39.655+0000][info][gc,task        ] GC(174) Using 17 workers of 17 for marking
[2024-08-27T15:00:39.680+0000][info][gc,marking     ] GC(174) Concurrent Mark From Roots 25.139ms
[2024-08-27T15:00:39.681+0000][info][gc,marking     ] GC(174) Concurrent Preclean
[2024-08-27T15:00:39.681+0000][info][gc,marking     ] GC(174) Concurrent Preclean 0.456ms
[2024-08-27T15:00:39.681+0000][info][gc,start       ] GC(174) Pause Remark
[2024-08-27T15:00:39.683+0000][info][gc             ] GC(174) Pause Remark 881M->881M(1024M) 1.522ms
[2024-08-27T15:00:39.683+0000][info][gc,cpu         ] GC(174) User=0.00s Sys=0.01s Real=0.00s
[2024-08-27T15:00:39.683+0000][info][gc,marking     ] GC(174) Concurrent Mark 27.658ms
[2024-08-27T15:00:39.683+0000][info][gc,marking     ] GC(174) Concurrent Rebuild Remembered Sets
[2024-08-27T15:00:39.699+0000][info][gc,start       ] GC(175) Pause Young (Normal) (G1 Evacuation Pause)
[2024-08-27T15:00:39.699+0000][info][gc,task        ] GC(175) Using 24 workers of 68 for evacuation
[2024-08-27T15:00:39.710+0000][info][gc,phases      ] GC(175)   Pre Evacuate Collection Set: 0.2ms
[2024-08-27T15:00:39.710+0000][info][gc,phases      ] GC(175)   Merge Heap Roots: 0.4ms
[2024-08-27T15:00:39.710+0000][info][gc,phases      ] GC(175)   Evacuate Collection Set: 10.0ms
[2024-08-27T15:00:39.710+0000][info][gc,phases      ] GC(175)   Post Evacuate Collection Set: 0.5ms
[2024-08-27T15:00:39.710+0000][info][gc,phases      ] GC(175)   Other: 0.3ms
[2024-08-27T15:00:39.710+0000][info][gc,heap        ] GC(175) Eden regions: 44->0(44)
[2024-08-27T15:00:39.710+0000][info][gc,heap        ] GC(175) Survivor regions: 7->7(7)
[2024-08-27T15:00:39.710+0000][info][gc,heap        ] GC(175) Old regions: 842->889
[2024-08-27T15:00:39.710+0000][info][gc,heap        ] GC(175) Archive regions: 2->2
[2024-08-27T15:00:39.710+0000][info][gc,heap        ] GC(175) Humongous regions: 5->5
[2024-08-27T15:00:39.710+0000][info][gc,metaspace   ] GC(175) Metaspace: 100K(320K)->100K(320K) NonClass: 96K(192K)->96K(192K) Class: 4K(128K)->4K(128K)
[2024-08-27T15:00:39.710+0000][info][gc             ] GC(175) Pause Young (Normal) (G1 Evacuation Pause) 898M->901M(1024M) 11.497ms
[2024-08-27T15:00:39.710+0000][info][gc,cpu         ] GC(175) User=0.24s Sys=0.01s Real=0.01s
[2024-08-27T15:00:39.746+0000][info][gc,start       ] GC(176) Pause Young (Normal) (G1 Evacuation Pause)
[2024-08-27T15:00:39.746+0000][info][gc,task        ] GC(176) Using 24 workers of 68 for evacuation
[2024-08-27T15:00:39.765+0000][info][gc,phases      ] GC(176)   Pre Evacuate Collection Set: 0.1ms
[2024-08-27T15:00:39.765+0000][info][gc,phases      ] GC(176)   Merge Heap Roots: 0.3ms
[2024-08-27T15:00:39.765+0000][info][gc,phases      ] GC(176)   Evacuate Collection Set: 17.4ms
[2024-08-27T15:00:39.765+0000][info][gc,phases      ] GC(176)   Post Evacuate Collection Set: 0.5ms
[2024-08-27T15:00:39.765+0000][info][gc,phases      ] GC(176)   Other: 0.3ms
[2024-08-27T15:00:39.765+0000][info][gc,heap        ] GC(176) Eden regions: 44->0(44)
[2024-08-27T15:00:39.765+0000][info][gc,heap        ] GC(176) Survivor regions: 7->7(7)
[2024-08-27T15:00:39.765+0000][info][gc,heap        ] GC(176) Old regions: 889->936
[2024-08-27T15:00:39.765+0000][info][gc,heap        ] GC(176) Archive regions: 2->2
[2024-08-27T15:00:39.765+0000][info][gc,heap        ] GC(176) Humongous regions: 5->5
[2024-08-27T15:00:39.765+0000][info][gc,metaspace   ] GC(176) Metaspace: 100K(320K)->100K(320K) NonClass: 96K(192K)->96K(192K) Class: 4K(128K)->4K(128K)
[2024-08-27T15:00:39.765+0000][info][gc             ] GC(176) Pause Young (Normal) (G1 Evacuation Pause) 945M->948M(1024M) 18.638ms
[2024-08-27T15:00:39.765+0000][info][gc,cpu         ] GC(176) User=0.30s Sys=0.12s Real=0.02s
[2024-08-27T15:00:39.785+0000][info][gc,marking     ] GC(174) Concurrent Rebuild Remembered Sets 101.662ms
[2024-08-27T15:00:39.785+0000][info][gc,start       ] GC(174) Pause Cleanup
[2024-08-27T15:00:39.788+0000][info][gc             ] GC(174) Pause Cleanup 963M->963M(1024M) 2.513ms
[2024-08-27T15:00:39.788+0000][info][gc,cpu         ] GC(174) User=0.01s Sys=0.00s Real=0.00s
[2024-08-27T15:00:39.788+0000][info][gc,marking     ] GC(174) Concurrent Cleanup for Next Mark
[2024-08-27T15:00:39.789+0000][info][gc,marking     ] GC(174) Concurrent Cleanup for Next Mark 0.938ms
[2024-08-27T15:00:39.789+0000][info][gc             ] GC(174) Concurrent Mark Cycle 135.112ms
[2024-08-27T15:00:39.804+0000][info][gc,start       ] GC(177) Pause Young (Prepare Mixed) (G1 Preventive Collection)
[2024-08-27T15:00:39.804+0000][info][gc,task        ] GC(177) Using 24 workers of 68 for evacuation
[2024-08-27T15:00:39.820+0000][info][gc,phases      ] GC(177)   Pre Evacuate Collection Set: 0.2ms
[2024-08-27T15:00:39.820+0000][info][gc,phases      ] GC(177)   Merge Heap Roots: 0.6ms
[2024-08-27T15:00:39.820+0000][info][gc,phases      ] GC(177)   Evacuate Collection Set: 14.6ms
[2024-08-27T15:00:39.820+0000][info][gc,phases      ] GC(177)   Post Evacuate Collection Set: 0.3ms
[2024-08-27T15:00:39.820+0000][info][gc,phases      ] GC(177)   Other: 0.2ms
[2024-08-27T15:00:39.820+0000][info][gc,heap        ] GC(177) Eden regions: 32->0(44)
[2024-08-27T15:00:39.820+0000][info][gc,heap        ] GC(177) Survivor regions: 7->7(7)
[2024-08-27T15:00:39.820+0000][info][gc,heap        ] GC(177) Old regions: 936->970
[2024-08-27T15:00:39.820+0000][info][gc,heap        ] GC(177) Archive regions: 2->2
[2024-08-27T15:00:39.820+0000][info][gc,heap        ] GC(177) Humongous regions: 5->5
[2024-08-27T15:00:39.820+0000][info][gc,metaspace   ] GC(177) Metaspace: 100K(320K)->100K(320K) NonClass: 96K(192K)->96K(192K) Class: 4K(128K)->4K(128K)
[2024-08-27T15:00:39.820+0000][info][gc             ] GC(177) Pause Young (Prepare Mixed) (G1 Preventive Collection) 980M->982M(1024M) 15.981ms
[2024-08-27T15:00:39.820+0000][info][gc,cpu         ] GC(177) User=0.36s Sys=0.00s Real=0.02s
[2024-08-27T15:00:39.834+0000][info][gc,start       ] GC(178) Pause Young (Mixed) (G1 Preventive Collection)
[2024-08-27T15:00:39.834+0000][info][gc,task        ] GC(178) Using 24 workers of 68 for evacuation
[2024-08-27T15:00:39.841+0000][info][gc,phases      ] GC(178)   Pre Evacuate Collection Set: 0.2ms
[2024-08-27T15:00:39.841+0000][info][gc,phases      ] GC(178)   Merge Heap Roots: 0.3ms
[2024-08-27T15:00:39.841+0000][info][gc,phases      ] GC(178)   Evacuate Collection Set: 6.0ms
[2024-08-27T15:00:39.841+0000][info][gc,phases      ] GC(178)   Post Evacuate Collection Set: 0.4ms
[2024-08-27T15:00:39.841+0000][info][gc,phases      ] GC(178)   Other: 0.2ms
[2024-08-27T15:00:39.841+0000][info][gc,heap        ] GC(178) Eden regions: 15->0(44)
[2024-08-27T15:00:39.841+0000][info][gc,heap        ] GC(178) Survivor regions: 7->7(7)
[2024-08-27T15:00:39.841+0000][info][gc,heap        ] GC(178) Old regions: 970->885
[2024-08-27T15:00:39.841+0000][info][gc,heap        ] GC(178) Archive regions: 2->2
[2024-08-27T15:00:39.841+0000][info][gc,heap        ] GC(178) Humongous regions: 5->5
[2024-08-27T15:00:39.841+0000][info][gc,metaspace   ] GC(178) Metaspace: 100K(320K)->100K(320K) NonClass: 96K(192K)->96K(192K) Class: 4K(128K)->4K(128K)
[2024-08-27T15:00:39.841+0000][info][gc             ] GC(178) Pause Young (Mixed) (G1 Preventive Collection) 997M->897M(1024M) 7.127ms
[2024-08-27T15:00:39.841+0000][info][gc,cpu         ] GC(178) User=0.14s Sys=0.01s Real=0.01s
[2024-08-27T15:00:39.883+0000][info][gc,start       ] GC(179) Pause Young (Mixed) (G1 Evacuation Pause)
[2024-08-27T15:00:39.883+0000][info][gc,task        ] GC(179) Using 24 workers of 68 for evacuation
[2024-08-27T15:00:39.893+0000][info][gc,phases      ] GC(179)   Pre Evacuate Collection Set: 0.2ms
[2024-08-27T15:00:39.893+0000][info][gc,phases      ] GC(179)   Merge Heap Roots: 0.4ms
[2024-08-27T15:00:39.893+0000][info][gc,phases      ] GC(179)   Evacuate Collection Set: 8.8ms
[2024-08-27T15:00:39.893+0000][info][gc,phases      ] GC(179)   Post Evacuate Collection Set: 0.4ms
[2024-08-27T15:00:39.893+0000][info][gc,phases      ] GC(179)   Other: 0.2ms
[2024-08-27T15:00:39.893+0000][info][gc,heap        ] GC(179) Eden regions: 44->0(44)
[2024-08-27T15:00:39.893+0000][info][gc,heap        ] GC(179) Survivor regions: 7->7(7)
[2024-08-27T15:00:39.893+0000][info][gc,heap        ] GC(179) Old regions: 885->827
[2024-08-27T15:00:39.893+0000][info][gc,heap        ] GC(179) Archive regions: 2->2
[2024-08-27T15:00:39.893+0000][info][gc,heap        ] GC(179) Humongous regions: 5->5
[2024-08-27T15:00:39.893+0000][info][gc,metaspace   ] GC(179) Metaspace: 100K(320K)->100K(320K) NonClass: 96K(192K)->96K(192K) Class: 4K(128K)->4K(128K)
[2024-08-27T15:00:39.893+0000][info][gc             ] GC(179) Pause Young (Mixed) (G1 Evacuation Pause) 941M->839M(1024M) 10.175ms
[2024-08-27T15:00:39.893+0000][info][gc,cpu         ] GC(179) User=0.21s Sys=0.02s Real=0.01s
[2024-08-27T15:00:39.928+0000][info][gc,start       ] GC(180) Pause Young (Mixed) (G1 Evacuation Pause)
[2024-08-27T15:00:39.928+0000][info][gc,task        ] GC(180) Using 24 workers of 68 for evacuation
[2024-08-27T15:00:39.939+0000][info][gc,phases      ] GC(180)   Pre Evacuate Collection Set: 0.2ms
[2024-08-27T15:00:39.939+0000][info][gc,phases      ] GC(180)   Merge Heap Roots: 0.5ms
[2024-08-27T15:00:39.939+0000][info][gc,phases      ] GC(180)   Evacuate Collection Set: 9.8ms
[2024-08-27T15:00:39.939+0000][info][gc,phases      ] GC(180)   Post Evacuate Collection Set: 0.4ms
[2024-08-27T15:00:39.939+0000][info][gc,phases      ] GC(180)   Other: 0.2ms
[2024-08-27T15:00:39.939+0000][info][gc,heap        ] GC(180) Eden regions: 44->0(44)
[2024-08-27T15:00:39.939+0000][info][gc,heap        ] GC(180) Survivor regions: 7->7(7)
[2024-08-27T15:00:39.939+0000][info][gc,heap        ] GC(180) Old regions: 827->770
[2024-08-27T15:00:39.939+0000][info][gc,heap        ] GC(180) Archive regions: 2->2
[2024-08-27T15:00:39.939+0000][info][gc,heap        ] GC(180) Humongous regions: 5->5
[2024-08-27T15:00:39.939+0000][info][gc,metaspace   ] GC(180) Metaspace: 100K(320K)->100K(320K) NonClass: 96K(192K)->96K(192K) Class: 4K(128K)->4K(128K)
[2024-08-27T15:00:39.939+0000][info][gc             ] GC(180) Pause Young (Mixed) (G1 Evacuation Pause) 883M->782M(1024M) 11.246ms
[2024-08-27T15:00:39.939+0000][info][gc,cpu         ] GC(180) User=0.22s Sys=0.03s Real=0.02s
[2024-08-27T15:00:39.973+0000][info][gc,start       ] GC(181) Pause Young (Mixed) (G1 Evacuation Pause)
[2024-08-27T15:00:39.973+0000][info][gc,task        ] GC(181) Using 24 workers of 68 for evacuation
[2024-08-27T15:00:39.986+0000][info][gc,phases      ] GC(181)   Pre Evacuate Collection Set: 0.2ms
[2024-08-27T15:00:39.986+0000][info][gc,phases      ] GC(181)   Merge Heap Roots: 0.4ms
[2024-08-27T15:00:39.986+0000][info][gc,phases      ] GC(181)   Evacuate Collection Set: 12.1ms
[2024-08-27T15:00:39.986+0000][info][gc,phases      ] GC(181)   Post Evacuate Collection Set: 0.3ms
[2024-08-27T15:00:39.986+0000][info][gc,phases      ] GC(181)   Other: 0.2ms
[2024-08-27T15:00:39.986+0000][info][gc,heap        ] GC(181) Eden regions: 44->0(44)
[2024-08-27T15:00:39.986+0000][info][gc,heap        ] GC(181) Survivor regions: 7->7(7)
[2024-08-27T15:00:39.986+0000][info][gc,heap        ] GC(181) Old regions: 770->772
[2024-08-27T15:00:39.986+0000][info][gc,heap        ] GC(181) Archive regions: 2->2
[2024-08-27T15:00:39.986+0000][info][gc,heap        ] GC(181) Humongous regions: 5->5
[2024-08-27T15:00:39.986+0000][info][gc,metaspace   ] GC(181) Metaspace: 100K(320K)->100K(320K) NonClass: 96K(192K)->96K(192K) Class: 4K(128K)->4K(128K)
[2024-08-27T15:00:39.986+0000][info][gc             ] GC(181) Pause Young (Mixed) (G1 Evacuation Pause) 826M->784M(1024M) 13.235ms
[2024-08-27T15:00:39.986+0000][info][gc,cpu         ] GC(181) User=0.29s Sys=0.01s Real=0.01s
[2024-08-27T15:00:40.019+0000][info][gc,start       ] GC(182) Pause Young (Concurrent Start) (G1 Evacuation Pause)
[2024-08-27T15:00:40.019+0000][info][gc,task        ] GC(182) Using 24 workers of 68 for evacuation
[2024-08-27T15:00:40.031+0000][info][gc,phases      ] GC(182)   Pre Evacuate Collection Set: 0.2ms
[2024-08-27T15:00:40.031+0000][info][gc,phases      ] GC(182)   Merge Heap Roots: 0.4ms
[2024-08-27T15:00:40.031+0000][info][gc,phases      ] GC(182)   Evacuate Collection Set: 10.5ms
[2024-08-27T15:00:40.031+0000][info][gc,phases      ] GC(182)   Post Evacuate Collection Set: 0.3ms
[2024-08-27T15:00:40.031+0000][info][gc,phases      ] GC(182)   Other: 0.6ms
[2024-08-27T15:00:40.031+0000][info][gc,heap        ] GC(182) Eden regions: 44->0(44)
[2024-08-27T15:00:40.031+0000][info][gc,heap        ] GC(182) Survivor regions: 7->7(7)
[2024-08-27T15:00:40.031+0000][info][gc,heap        ] GC(182) Old regions: 772->820
[2024-08-27T15:00:40.031+0000][info][gc,heap        ] GC(182) Archive regions: 2->2
[2024-08-27T15:00:40.031+0000][info][gc,heap        ] GC(182) Humongous regions: 5->5
[2024-08-27T15:00:40.031+0000][info][gc,metaspace   ] GC(182) Metaspace: 100K(320K)->100K(320K) NonClass: 96K(192K)->96K(192K) Class: 4K(128K)->4K(128K)
[2024-08-27T15:00:40.031+0000][info][gc             ] GC(182) Pause Young (Concurrent Start) (G1 Evacuation Pause) 828M->832M(1024M) 12.122ms
[2024-08-27T15:00:40.032+0000][info][gc,cpu         ] GC(182) User=0.25s Sys=0.00s Real=0.01s
[2024-08-27T15:00:40.032+0000][info][gc             ] GC(183) Concurrent Mark Cycle
[2024-08-27T15:00:40.032+0000][info][gc,marking     ] GC(183) Concurrent Clear Claimed Marks
[2024-08-27T15:00:40.032+0000][info][gc,marking     ] GC(183) Concurrent Clear Claimed Marks 0.011ms
[2024-08-27T15:00:40.032+0000][info][gc,marking     ] GC(183) Concurrent Scan Root Regions
[2024-08-27T15:00:40.034+0000][info][gc,marking     ] GC(183) Concurrent Scan Root Regions 1.918ms
[2024-08-27T15:00:40.034+0000][info][gc,marking     ] GC(183) Concurrent Mark
[2024-08-27T15:00:40.034+0000][info][gc,marking     ] GC(183) Concurrent Mark From Roots
[2024-08-27T15:00:40.034+0000][info][gc,task        ] GC(183) Using 17 workers of 17 for marking
[2024-08-27T15:00:40.061+0000][info][gc,marking     ] GC(183) Concurrent Mark From Roots 26.933ms
[2024-08-27T15:00:40.061+0000][info][gc,marking     ] GC(183) Concurrent Preclean
[2024-08-27T15:00:40.061+0000][info][gc,marking     ] GC(183) Concurrent Preclean 0.444ms
[2024-08-27T15:00:40.061+0000][info][gc,start       ] GC(183) Pause Remark
[2024-08-27T15:00:40.063+0000][info][gc             ] GC(183) Pause Remark 858M->858M(1024M) 1.553ms
[2024-08-27T15:00:40.063+0000][info][gc,cpu         ] GC(183) User=0.00s Sys=0.00s Real=0.00s
[2024-08-27T15:00:40.063+0000][info][gc,marking     ] GC(183) Concurrent Mark 29.407ms
[2024-08-27T15:00:40.063+0000][info][gc,marking     ] GC(183) Concurrent Rebuild Remembered Sets
[2024-08-27T15:00:40.080+0000][info][gc,start       ] GC(184) Pause Young (Normal) (G1 Evacuation Pause)
[2024-08-27T15:00:40.080+0000][info][gc,task        ] GC(184) Using 24 workers of 68 for evacuation
[2024-08-27T15:00:40.093+0000][info][gc,phases      ] GC(184)   Pre Evacuate Collection Set: 0.2ms
[2024-08-27T15:00:40.093+0000][info][gc,phases      ] GC(184)   Merge Heap Roots: 0.3ms
[2024-08-27T15:00:40.093+0000][info][gc,phases      ] GC(184)   Evacuate Collection Set: 12.1ms
[2024-08-27T15:00:40.093+0000][info][gc,phases      ] GC(184)   Post Evacuate Collection Set: 0.4ms
[2024-08-27T15:00:40.093+0000][info][gc,phases      ] GC(184)   Other: 0.3ms
[2024-08-27T15:00:40.093+0000][info][gc,heap        ] GC(184) Eden regions: 44->0(44)
[2024-08-27T15:00:40.093+0000][info][gc,heap        ] GC(184) Survivor regions: 7->7(7)
[2024-08-27T15:00:40.093+0000][info][gc,heap        ] GC(184) Old regions: 820->867
[2024-08-27T15:00:40.093+0000][info][gc,heap        ] GC(184) Archive regions: 2->2
[2024-08-27T15:00:40.093+0000][info][gc,heap        ] GC(184) Humongous regions: 5->5
[2024-08-27T15:00:40.093+0000][info][gc,metaspace   ] GC(184) Metaspace: 100K(320K)->100K(320K) NonClass: 96K(192K)->96K(192K) Class: 4K(128K)->4K(128K)
[2024-08-27T15:00:40.093+0000][info][gc             ] GC(184) Pause Young (Normal) (G1 Evacuation Pause) 876M->879M(1024M) 13.317ms
[2024-08-27T15:00:40.093+0000][info][gc,cpu         ] GC(184) User=0.27s Sys=0.01s Real=0.01s
[2024-08-27T15:00:40.134+0000][info][gc,start       ] GC(185) Pause Young (Normal) (G1 Evacuation Pause)
[2024-08-27T15:00:40.134+0000][info][gc,task        ] GC(185) Using 24 workers of 68 for evacuation
[2024-08-27T15:00:40.151+0000][info][gc,phases      ] GC(185)   Pre Evacuate Collection Set: 0.2ms
[2024-08-27T15:00:40.151+0000][info][gc,phases      ] GC(185)   Merge Heap Roots: 0.4ms
[2024-08-27T15:00:40.151+0000][info][gc,phases      ] GC(185)   Evacuate Collection Set: 15.9ms
[2024-08-27T15:00:40.151+0000][info][gc,phases      ] GC(185)   Post Evacuate Collection Set: 0.5ms
[2024-08-27T15:00:40.151+0000][info][gc,phases      ] GC(185)   Other: 0.3ms
[2024-08-27T15:00:40.151+0000][info][gc,heap        ] GC(185) Eden regions: 44->0(44)
[2024-08-27T15:00:40.151+0000][info][gc,heap        ] GC(185) Survivor regions: 7->7(7)
[2024-08-27T15:00:40.151+0000][info][gc,heap        ] GC(185) Old regions: 867->914
[2024-08-27T15:00:40.151+0000][info][gc,heap        ] GC(185) Archive regions: 2->2
[2024-08-27T15:00:40.151+0000][info][gc,heap        ] GC(185) Humongous regions: 5->5
[2024-08-27T15:00:40.151+0000][info][gc,metaspace   ] GC(185) Metaspace: 100K(320K)->100K(320K) NonClass: 96K(192K)->96K(192K) Class: 4K(128K)->4K(128K)
[2024-08-27T15:00:40.151+0000][info][gc             ] GC(185) Pause Young (Normal) (G1 Evacuation Pause) 923M->926M(1024M) 17.328ms
[2024-08-27T15:00:40.151+0000][info][gc,cpu         ] GC(185) User=0.29s Sys=0.10s Real=0.02s
[2024-08-27T15:00:40.164+0000][info][gc,marking     ] GC(183) Concurrent Rebuild Remembered Sets 101.303ms
[2024-08-27T15:00:40.165+0000][info][gc,start       ] GC(183) Pause Cleanup
[2024-08-27T15:00:40.166+0000][info][gc             ] GC(183) Pause Cleanup 941M->941M(1024M) 1.684ms
[2024-08-27T15:00:40.166+0000][info][gc,cpu         ] GC(183) User=0.00s Sys=0.00s Real=0.00s
[2024-08-27T15:00:40.166+0000][info][gc,marking     ] GC(183) Concurrent Cleanup for Next Mark
[2024-08-27T15:00:40.167+0000][info][gc,marking     ] GC(183) Concurrent Cleanup for Next Mark 0.882ms
[2024-08-27T15:00:40.167+0000][info][gc             ] GC(183) Concurrent Mark Cycle 135.774ms
[2024-08-27T15:00:40.189+0000][info][gc,start       ] GC(186) Pause Young (Prepare Mixed) (G1 Preventive Collection)
[2024-08-27T15:00:40.189+0000][info][gc,task        ] GC(186) Using 24 workers of 68 for evacuation
[2024-08-27T15:00:40.204+0000][info][gc,phases      ] GC(186)   Pre Evacuate Collection Set: 0.1ms
[2024-08-27T15:00:40.205+0000][info][gc,phases      ] GC(186)   Merge Heap Roots: 0.6ms
[2024-08-27T15:00:40.205+0000][info][gc,phases      ] GC(186)   Evacuate Collection Set: 14.7ms
[2024-08-27T15:00:40.205+0000][info][gc,phases      ] GC(186)   Post Evacuate Collection Set: 0.3ms
[2024-08-27T15:00:40.205+0000][info][gc,phases      ] GC(186)   Other: 0.2ms
[2024-08-27T15:00:40.205+0000][info][gc,heap        ] GC(186) Eden regions: 42->0(44)
[2024-08-27T15:00:40.205+0000][info][gc,heap        ] GC(186) Survivor regions: 7->7(7)
[2024-08-27T15:00:40.205+0000][info][gc,heap        ] GC(186) Old regions: 914->958
[2024-08-27T15:00:40.205+0000][info][gc,heap        ] GC(186) Archive regions: 2->2
[2024-08-27T15:00:40.205+0000][info][gc,heap        ] GC(186) Humongous regions: 5->5
[2024-08-27T15:00:40.205+0000][info][gc,metaspace   ] GC(186) Metaspace: 100K(320K)->100K(320K) NonClass: 96K(192K)->96K(192K) Class: 4K(128K)->4K(128K)
[2024-08-27T15:00:40.205+0000][info][gc             ] GC(186) Pause Young (Prepare Mixed) (G1 Preventive Collection) 968M->970M(1024M) 15.943ms
[2024-08-27T15:00:40.205+0000][info][gc,cpu         ] GC(186) User=0.35s Sys=0.01s Real=0.02s
[2024-08-27T15:00:40.223+0000][info][gc,start       ] GC(187) Pause Young (Mixed) (G1 Preventive Collection)
[2024-08-27T15:00:40.223+0000][info][gc,task        ] GC(187) Using 24 workers of 68 for evacuation
[2024-08-27T15:00:40.231+0000][info][gc,phases      ] GC(187)   Pre Evacuate Collection Set: 0.2ms
[2024-08-27T15:00:40.231+0000][info][gc,phases      ] GC(187)   Merge Heap Roots: 0.2ms
[2024-08-27T15:00:40.231+0000][info][gc,phases      ] GC(187)   Evacuate Collection Set: 7.5ms
[2024-08-27T15:00:40.231+0000][info][gc,phases      ] GC(187)   Post Evacuate Collection Set: 0.4ms
[2024-08-27T15:00:40.232+0000][info][gc,phases      ] GC(187)   Other: 0.2ms
[2024-08-27T15:00:40.232+0000][info][gc,heap        ] GC(187) Eden regions: 21->0(44)
[2024-08-27T15:00:40.232+0000][info][gc,heap        ] GC(187) Survivor regions: 7->7(7)
[2024-08-27T15:00:40.232+0000][info][gc,heap        ] GC(187) Old regions: 958->879
[2024-08-27T15:00:40.232+0000][info][gc,heap        ] GC(187) Archive regions: 2->2
[2024-08-27T15:00:40.232+0000][info][gc,heap        ] GC(187) Humongous regions: 5->5
[2024-08-27T15:00:40.232+0000][info][gc,metaspace   ] GC(187) Metaspace: 100K(320K)->100K(320K) NonClass: 96K(192K)->96K(192K) Class: 4K(128K)->4K(128K)
[2024-08-27T15:00:40.232+0000][info][gc             ] GC(187) Pause Young (Mixed) (G1 Preventive Collection) 991M->891M(1024M) 8.654ms
[2024-08-27T15:00:40.232+0000][info][gc,cpu         ] GC(187) User=0.18s Sys=0.00s Real=0.01s
[2024-08-27T15:00:40.272+0000][info][gc,start       ] GC(188) Pause Young (Mixed) (G1 Evacuation Pause)
[2024-08-27T15:00:40.272+0000][info][gc,task        ] GC(188) Using 24 workers of 68 for evacuation
[2024-08-27T15:00:40.284+0000][info][gc,phases      ] GC(188)   Pre Evacuate Collection Set: 0.2ms
[2024-08-27T15:00:40.284+0000][info][gc,phases      ] GC(188)   Merge Heap Roots: 0.5ms
[2024-08-27T15:00:40.284+0000][info][gc,phases      ] GC(188)   Evacuate Collection Set: 10.9ms
[2024-08-27T15:00:40.284+0000][info][gc,phases      ] GC(188)   Post Evacuate Collection Set: 0.4ms
[2024-08-27T15:00:40.284+0000][info][gc,phases      ] GC(188)   Other: 0.3ms
[2024-08-27T15:00:40.284+0000][info][gc,heap        ] GC(188) Eden regions: 44->0(44)
[2024-08-27T15:00:40.284+0000][info][gc,heap        ] GC(188) Survivor regions: 7->7(7)
[2024-08-27T15:00:40.284+0000][info][gc,heap        ] GC(188) Old regions: 879->821
[2024-08-27T15:00:40.284+0000][info][gc,heap        ] GC(188) Archive regions: 2->2
[2024-08-27T15:00:40.284+0000][info][gc,heap        ] GC(188) Humongous regions: 5->5
[2024-08-27T15:00:40.284+0000][info][gc,metaspace   ] GC(188) Metaspace: 100K(320K)->100K(320K) NonClass: 96K(192K)->96K(192K) Class: 4K(128K)->4K(128K)
[2024-08-27T15:00:40.284+0000][info][gc             ] GC(188) Pause Young (Mixed) (G1 Evacuation Pause) 935M->833M(1024M) 12.308ms
[2024-08-27T15:00:40.284+0000][info][gc,cpu         ] GC(188) User=0.26s Sys=0.02s Real=0.01s
[2024-08-27T15:00:40.319+0000][info][gc,start       ] GC(189) Pause Young (Mixed) (G1 Evacuation Pause)
[2024-08-27T15:00:40.319+0000][info][gc,task        ] GC(189) Using 24 workers of 68 for evacuation
[2024-08-27T15:00:40.330+0000][info][gc,phases      ] GC(189)   Pre Evacuate Collection Set: 0.2ms
[2024-08-27T15:00:40.330+0000][info][gc,phases      ] GC(189)   Merge Heap Roots: 0.3ms
[2024-08-27T15:00:40.330+0000][info][gc,phases      ] GC(189)   Evacuate Collection Set: 10.2ms
[2024-08-27T15:00:40.331+0000][info][gc,phases      ] GC(189)   Post Evacuate Collection Set: 0.4ms
[2024-08-27T15:00:40.331+0000][info][gc,phases      ] GC(189)   Other: 0.2ms
[2024-08-27T15:00:40.331+0000][info][gc,heap        ] GC(189) Eden regions: 44->0(44)
[2024-08-27T15:00:40.331+0000][info][gc,heap        ] GC(189) Survivor regions: 7->7(7)
[2024-08-27T15:00:40.331+0000][info][gc,heap        ] GC(189) Old regions: 821->767
[2024-08-27T15:00:40.331+0000][info][gc,heap        ] GC(189) Archive regions: 2->2
[2024-08-27T15:00:40.331+0000][info][gc,heap        ] GC(189) Humongous regions: 5->5
[2024-08-27T15:00:40.331+0000][info][gc,metaspace   ] GC(189) Metaspace: 100K(320K)->100K(320K) NonClass: 96K(192K)->96K(192K) Class: 4K(128K)->4K(128K)
[2024-08-27T15:00:40.331+0000][info][gc             ] GC(189) Pause Young (Mixed) (G1 Evacuation Pause) 877M->779M(1024M) 11.373ms
[2024-08-27T15:00:40.331+0000][info][gc,cpu         ] GC(189) User=0.25s Sys=0.00s Real=0.01s
[2024-08-27T15:00:40.364+0000][info][gc,start       ] GC(190) Pause Young (Mixed) (G1 Evacuation Pause)
[2024-08-27T15:00:40.364+0000][info][gc,task        ] GC(190) Using 24 workers of 68 for evacuation
[2024-08-27T15:00:40.376+0000][info][gc,phases      ] GC(190)   Pre Evacuate Collection Set: 0.2ms
[2024-08-27T15:00:40.376+0000][info][gc,phases      ] GC(190)   Merge Heap Roots: 0.4ms
[2024-08-27T15:00:40.376+0000][info][gc,phases      ] GC(190)   Evacuate Collection Set: 10.6ms
[2024-08-27T15:00:40.376+0000][info][gc,phases      ] GC(190)   Post Evacuate Collection Set: 0.4ms
[2024-08-27T15:00:40.376+0000][info][gc,phases      ] GC(190)   Other: 0.3ms
[2024-08-27T15:00:40.376+0000][info][gc,heap        ] GC(190) Eden regions: 44->0(44)
[2024-08-27T15:00:40.376+0000][info][gc,heap        ] GC(190) Survivor regions: 7->7(7)
[2024-08-27T15:00:40.376+0000][info][gc,heap        ] GC(190) Old regions: 767->792
[2024-08-27T15:00:40.376+0000][info][gc,heap        ] GC(190) Archive regions: 2->2
[2024-08-27T15:00:40.376+0000][info][gc,heap        ] GC(190) Humongous regions: 5->5
[2024-08-27T15:00:40.376+0000][info][gc,metaspace   ] GC(190) Metaspace: 100K(320K)->100K(320K) NonClass: 96K(192K)->96K(192K) Class: 4K(128K)->4K(128K)
[2024-08-27T15:00:40.376+0000][info][gc             ] GC(190) Pause Young (Mixed) (G1 Evacuation Pause) 823M->804M(1024M) 11.885ms
[2024-08-27T15:00:40.376+0000][info][gc,cpu         ] GC(190) User=0.26s Sys=0.00s Real=0.01s
[2024-08-27T15:00:40.409+0000][info][gc,start       ] GC(191) Pause Young (Concurrent Start) (G1 Evacuation Pause)
[2024-08-27T15:00:40.409+0000][info][gc,task        ] GC(191) Using 24 workers of 68 for evacuation
[2024-08-27T15:00:40.420+0000][info][gc,phases      ] GC(191)   Pre Evacuate Collection Set: 0.3ms
[2024-08-27T15:00:40.420+0000][info][gc,phases      ] GC(191)   Merge Heap Roots: 0.4ms
[2024-08-27T15:00:40.420+0000][info][gc,phases      ] GC(191)   Evacuate Collection Set: 9.0ms
[2024-08-27T15:00:40.420+0000][info][gc,phases      ] GC(191)   Post Evacuate Collection Set: 0.3ms
[2024-08-27T15:00:40.420+0000][info][gc,phases      ] GC(191)   Other: 0.9ms
[2024-08-27T15:00:40.420+0000][info][gc,heap        ] GC(191) Eden regions: 44->0(44)
[2024-08-27T15:00:40.420+0000][info][gc,heap        ] GC(191) Survivor regions: 7->7(7)
[2024-08-27T15:00:40.420+0000][info][gc,heap        ] GC(191) Old regions: 792->839
[2024-08-27T15:00:40.420+0000][info][gc,heap        ] GC(191) Archive regions: 2->2
[2024-08-27T15:00:40.420+0000][info][gc,heap        ] GC(191) Humongous regions: 5->5
[2024-08-27T15:00:40.420+0000][info][gc,metaspace   ] GC(191) Metaspace: 100K(320K)->100K(320K) NonClass: 96K(192K)->96K(192K) Class: 4K(128K)->4K(128K)
[2024-08-27T15:00:40.420+0000][info][gc             ] GC(191) Pause Young (Concurrent Start) (G1 Evacuation Pause) 848M->851M(1024M) 11.007ms
[2024-08-27T15:00:40.420+0000][info][gc,cpu         ] GC(191) User=0.22s Sys=0.01s Real=0.02s
[2024-08-27T15:00:40.420+0000][info][gc             ] GC(192) Concurrent Mark Cycle
[2024-08-27T15:00:40.421+0000][info][gc,marking     ] GC(192) Concurrent Clear Claimed Marks
[2024-08-27T15:00:40.421+0000][info][gc,marking     ] GC(192) Concurrent Clear Claimed Marks 0.012ms
[2024-08-27T15:00:40.421+0000][info][gc,marking     ] GC(192) Concurrent Scan Root Regions
[2024-08-27T15:00:40.422+0000][info][gc,marking     ] GC(192) Concurrent Scan Root Regions 1.482ms
[2024-08-27T15:00:40.422+0000][info][gc,marking     ] GC(192) Concurrent Mark
[2024-08-27T15:00:40.422+0000][info][gc,marking     ] GC(192) Concurrent Mark From Roots
[2024-08-27T15:00:40.422+0000][info][gc,task        ] GC(192) Using 17 workers of 17 for marking
[2024-08-27T15:00:40.447+0000][info][gc,marking     ] GC(192) Concurrent Mark From Roots 24.831ms
[2024-08-27T15:00:40.447+0000][info][gc,marking     ] GC(192) Concurrent Preclean
[2024-08-27T15:00:40.448+0000][info][gc,marking     ] GC(192) Concurrent Preclean 0.680ms
[2024-08-27T15:00:40.448+0000][info][gc,start       ] GC(192) Pause Remark
[2024-08-27T15:00:40.450+0000][info][gc             ] GC(192) Pause Remark 878M->878M(1024M) 1.543ms
[2024-08-27T15:00:40.450+0000][info][gc,cpu         ] GC(192) User=0.00s Sys=0.00s Real=0.01s
[2024-08-27T15:00:40.450+0000][info][gc,marking     ] GC(192) Concurrent Mark 27.641ms
[2024-08-27T15:00:40.450+0000][info][gc,marking     ] GC(192) Concurrent Rebuild Remembered Sets
[2024-08-27T15:00:40.464+0000][info][gc,start       ] GC(193) Pause Young (Normal) (G1 Evacuation Pause)
[2024-08-27T15:00:40.464+0000][info][gc,task        ] GC(193) Using 24 workers of 68 for evacuation
[2024-08-27T15:00:40.475+0000][info][gc,phases      ] GC(193)   Pre Evacuate Collection Set: 0.2ms
[2024-08-27T15:00:40.476+0000][info][gc,phases      ] GC(193)   Merge Heap Roots: 0.4ms
[2024-08-27T15:00:40.476+0000][info][gc,phases      ] GC(193)   Evacuate Collection Set: 10.1ms
[2024-08-27T15:00:40.476+0000][info][gc,phases      ] GC(193)   Post Evacuate Collection Set: 0.5ms
[2024-08-27T15:00:40.476+0000][info][gc,phases      ] GC(193)   Other: 0.3ms
[2024-08-27T15:00:40.476+0000][info][gc,heap        ] GC(193) Eden regions: 44->0(44)
[2024-08-27T15:00:40.476+0000][info][gc,heap        ] GC(193) Survivor regions: 7->7(7)
[2024-08-27T15:00:40.476+0000][info][gc,heap        ] GC(193) Old regions: 839->886
[2024-08-27T15:00:40.476+0000][info][gc,heap        ] GC(193) Archive regions: 2->2
[2024-08-27T15:00:40.476+0000][info][gc,heap        ] GC(193) Humongous regions: 5->5
[2024-08-27T15:00:40.476+0000][info][gc,metaspace   ] GC(193) Metaspace: 100K(320K)->100K(320K) NonClass: 96K(192K)->96K(192K) Class: 4K(128K)->4K(128K)
[2024-08-27T15:00:40.476+0000][info][gc             ] GC(193) Pause Young (Normal) (G1 Evacuation Pause) 895M->898M(1024M) 11.593ms
[2024-08-27T15:00:40.476+0000][info][gc,cpu         ] GC(193) User=0.23s Sys=0.03s Real=0.01s
[2024-08-27T15:00:40.511+0000][info][gc,start       ] GC(194) Pause Young (Normal) (G1 Evacuation Pause)
[2024-08-27T15:00:40.511+0000][info][gc,task        ] GC(194) Using 24 workers of 68 for evacuation
[2024-08-27T15:00:40.527+0000][info][gc,phases      ] GC(194)   Pre Evacuate Collection Set: 0.2ms
[2024-08-27T15:00:40.527+0000][info][gc,phases      ] GC(194)   Merge Heap Roots: 0.4ms
[2024-08-27T15:00:40.527+0000][info][gc,phases      ] GC(194)   Evacuate Collection Set: 13.8ms
[2024-08-27T15:00:40.527+0000][info][gc,phases      ] GC(194)   Post Evacuate Collection Set: 0.5ms
[2024-08-27T15:00:40.527+0000][info][gc,phases      ] GC(194)   Other: 0.3ms
[2024-08-27T15:00:40.527+0000][info][gc,heap        ] GC(194) Eden regions: 44->0(44)
[2024-08-27T15:00:40.527+0000][info][gc,heap        ] GC(194) Survivor regions: 7->7(7)
[2024-08-27T15:00:40.527+0000][info][gc,heap        ] GC(194) Old regions: 886->933
[2024-08-27T15:00:40.527+0000][info][gc,heap        ] GC(194) Archive regions: 2->2
[2024-08-27T15:00:40.527+0000][info][gc,heap        ] GC(194) Humongous regions: 5->5
[2024-08-27T15:00:40.527+0000][info][gc,metaspace   ] GC(194) Metaspace: 100K(320K)->100K(320K) NonClass: 96K(192K)->96K(192K) Class: 4K(128K)->4K(128K)
[2024-08-27T15:00:40.527+0000][info][gc             ] GC(194) Pause Young (Normal) (G1 Evacuation Pause) 942M->945M(1024M) 15.298ms
[2024-08-27T15:00:40.527+0000][info][gc,cpu         ] GC(194) User=0.33s Sys=0.01s Real=0.01s
[2024-08-27T15:00:40.545+0000][info][gc,marking     ] GC(192) Concurrent Rebuild Remembered Sets 95.722ms
[2024-08-27T15:00:40.546+0000][info][gc,start       ] GC(192) Pause Cleanup
[2024-08-27T15:00:40.548+0000][info][gc             ] GC(192) Pause Cleanup 969M->969M(1024M) 1.676ms
[2024-08-27T15:00:40.548+0000][info][gc,cpu         ] GC(192) User=0.00s Sys=0.00s Real=0.00s
[2024-08-27T15:00:40.548+0000][info][gc,marking     ] GC(192) Concurrent Cleanup for Next Mark
[2024-08-27T15:00:40.549+0000][info][gc,marking     ] GC(192) Concurrent Cleanup for Next Mark 0.958ms
[2024-08-27T15:00:40.549+0000][info][gc             ] GC(192) Concurrent Mark Cycle 128.134ms
[2024-08-27T15:00:40.555+0000][info][gc,start       ] GC(195) Pause Young (Prepare Mixed) (G1 Preventive Collection)
[2024-08-27T15:00:40.555+0000][info][gc,task        ] GC(195) Using 24 workers of 68 for evacuation
[2024-08-27T15:00:40.570+0000][info][gc,phases      ] GC(195)   Pre Evacuate Collection Set: 0.2ms
[2024-08-27T15:00:40.570+0000][info][gc,phases      ] GC(195)   Merge Heap Roots: 0.4ms
[2024-08-27T15:00:40.570+0000][info][gc,phases      ] GC(195)   Evacuate Collection Set: 13.4ms
[2024-08-27T15:00:40.570+0000][info][gc,phases      ] GC(195)   Post Evacuate Collection Set: 0.3ms
[2024-08-27T15:00:40.570+0000][info][gc,phases      ] GC(195)   Other: 0.2ms
[2024-08-27T15:00:40.570+0000][info][gc,heap        ] GC(195) Eden regions: 33->0(44)
[2024-08-27T15:00:40.570+0000][info][gc,heap        ] GC(195) Survivor regions: 7->7(7)
[2024-08-27T15:00:40.570+0000][info][gc,heap        ] GC(195) Old regions: 933->969
[2024-08-27T15:00:40.570+0000][info][gc,heap        ] GC(195) Archive regions: 2->2
[2024-08-27T15:00:40.570+0000][info][gc,heap        ] GC(195) Humongous regions: 5->5
[2024-08-27T15:00:40.570+0000][info][gc,metaspace   ] GC(195) Metaspace: 100K(320K)->100K(320K) NonClass: 96K(192K)->96K(192K) Class: 4K(128K)->4K(128K)
[2024-08-27T15:00:40.570+0000][info][gc             ] GC(195) Pause Young (Prepare Mixed) (G1 Preventive Collection) 978M->981M(1024M) 14.585ms
[2024-08-27T15:00:40.570+0000][info][gc,cpu         ] GC(195) User=0.33s Sys=0.01s Real=0.02s
[2024-08-27T15:00:40.581+0000][info][gc,start       ] GC(196) Pause Young (Mixed) (G1 Preventive Collection)
[2024-08-27T15:00:40.581+0000][info][gc,task        ] GC(196) Using 24 workers of 68 for evacuation
[2024-08-27T15:00:40.588+0000][info][gc,phases      ] GC(196)   Pre Evacuate Collection Set: 0.2ms
[2024-08-27T15:00:40.588+0000][info][gc,phases      ] GC(196)   Merge Heap Roots: 0.3ms
[2024-08-27T15:00:40.588+0000][info][gc,phases      ] GC(196)   Evacuate Collection Set: 5.7ms
[2024-08-27T15:00:40.588+0000][info][gc,phases      ] GC(196)   Post Evacuate Collection Set: 0.3ms
[2024-08-27T15:00:40.588+0000][info][gc,phases      ] GC(196)   Other: 0.2ms
[2024-08-27T15:00:40.588+0000][info][gc,heap        ] GC(196) Eden regions: 15->0(44)
[2024-08-27T15:00:40.588+0000][info][gc,heap        ] GC(196) Survivor regions: 7->7(7)
[2024-08-27T15:00:40.588+0000][info][gc,heap        ] GC(196) Old regions: 969->884
[2024-08-27T15:00:40.588+0000][info][gc,heap        ] GC(196) Archive regions: 2->2
[2024-08-27T15:00:40.588+0000][info][gc,heap        ] GC(196) Humongous regions: 5->5
[2024-08-27T15:00:40.588+0000][info][gc,metaspace   ] GC(196) Metaspace: 100K(320K)->100K(320K) NonClass: 96K(192K)->96K(192K) Class: 4K(128K)->4K(128K)
[2024-08-27T15:00:40.588+0000][info][gc             ] GC(196) Pause Young (Mixed) (G1 Preventive Collection) 996M->896M(1024M) 6.923ms
[2024-08-27T15:00:40.588+0000][info][gc,cpu         ] GC(196) User=0.14s Sys=0.00s Real=0.00s
[2024-08-27T15:00:40.650+0000][info][gc,start       ] GC(197) Pause Young (Mixed) (G1 Evacuation Pause)
[2024-08-27T15:00:40.650+0000][info][gc,task        ] GC(197) Using 24 workers of 68 for evacuation
[2024-08-27T15:00:40.662+0000][info][gc,phases      ] GC(197)   Pre Evacuate Collection Set: 0.2ms
[2024-08-27T15:00:40.662+0000][info][gc,phases      ] GC(197)   Merge Heap Roots: 0.3ms
[2024-08-27T15:00:40.662+0000][info][gc,phases      ] GC(197)   Evacuate Collection Set: 10.3ms
[2024-08-27T15:00:40.662+0000][info][gc,phases      ] GC(197)   Post Evacuate Collection Set: 0.5ms
[2024-08-27T15:00:40.662+0000][info][gc,phases      ] GC(197)   Other: 0.3ms
[2024-08-27T15:00:40.662+0000][info][gc,heap        ] GC(197) Eden regions: 44->0(44)
[2024-08-27T15:00:40.662+0000][info][gc,heap        ] GC(197) Survivor regions: 7->7(7)
[2024-08-27T15:00:40.662+0000][info][gc,heap        ] GC(197) Old regions: 884->826
[2024-08-27T15:00:40.662+0000][info][gc,heap        ] GC(197) Archive regions: 2->2
[2024-08-27T15:00:40.662+0000][info][gc,heap        ] GC(197) Humongous regions: 5->5
[2024-08-27T15:00:40.662+0000][info][gc,metaspace   ] GC(197) Metaspace: 100K(320K)->100K(320K) NonClass: 96K(192K)->96K(192K) Class: 4K(128K)->4K(128K)
[2024-08-27T15:00:40.662+0000][info][gc             ] GC(197) Pause Young (Mixed) (G1 Evacuation Pause) 940M->838M(1024M) 11.735ms
[2024-08-27T15:00:40.662+0000][info][gc,cpu         ] GC(197) User=0.22s Sys=0.04s Real=0.01s
[2024-08-27T15:00:40.706+0000][info][gc,start       ] GC(198) Pause Young (Mixed) (G1 Evacuation Pause)
[2024-08-27T15:00:40.706+0000][info][gc,task        ] GC(198) Using 24 workers of 68 for evacuation
[2024-08-27T15:00:40.716+0000][info][gc,phases      ] GC(198)   Pre Evacuate Collection Set: 0.2ms
[2024-08-27T15:00:40.716+0000][info][gc,phases      ] GC(198)   Merge Heap Roots: 0.4ms
[2024-08-27T15:00:40.716+0000][info][gc,phases      ] GC(198)   Evacuate Collection Set: 8.4ms
[2024-08-27T15:00:40.716+0000][info][gc,phases      ] GC(198)   Post Evacuate Collection Set: 0.4ms
[2024-08-27T15:00:40.716+0000][info][gc,phases      ] GC(198)   Other: 0.3ms
[2024-08-27T15:00:40.716+0000][info][gc,heap        ] GC(198) Eden regions: 44->0(44)
[2024-08-27T15:00:40.716+0000][info][gc,heap        ] GC(198) Survivor regions: 7->7(7)
[2024-08-27T15:00:40.716+0000][info][gc,heap        ] GC(198) Old regions: 826->769
[2024-08-27T15:00:40.716+0000][info][gc,heap        ] GC(198) Archive regions: 2->2
[2024-08-27T15:00:40.716+0000][info][gc,heap        ] GC(198) Humongous regions: 5->5
[2024-08-27T15:00:40.716+0000][info][gc,metaspace   ] GC(198) Metaspace: 100K(320K)->100K(320K) NonClass: 96K(192K)->96K(192K) Class: 4K(128K)->4K(128K)
[2024-08-27T15:00:40.716+0000][info][gc             ] GC(198) Pause Young (Mixed) (G1 Evacuation Pause) 882M->781M(1024M) 9.807ms
[2024-08-27T15:00:40.716+0000][info][gc,cpu         ] GC(198) User=0.19s Sys=0.02s Real=0.01s
[2024-08-27T15:00:40.765+0000][info][gc,start       ] GC(199) Pause Young (Mixed) (G1 Evacuation Pause)
[2024-08-27T15:00:40.765+0000][info][gc,task        ] GC(199) Using 24 workers of 68 for evacuation
[2024-08-27T15:00:40.775+0000][info][gc,phases      ] GC(199)   Pre Evacuate Collection Set: 0.2ms
[2024-08-27T15:00:40.775+0000][info][gc,phases      ] GC(199)   Merge Heap Roots: 0.3ms
[2024-08-27T15:00:40.775+0000][info][gc,phases      ] GC(199)   Evacuate Collection Set: 9.1ms
[2024-08-27T15:00:40.775+0000][info][gc,phases      ] GC(199)   Post Evacuate Collection Set: 0.4ms
[2024-08-27T15:00:40.775+0000][info][gc,phases      ] GC(199)   Other: 0.2ms
[2024-08-27T15:00:40.775+0000][info][gc,heap        ] GC(199) Eden regions: 44->0(44)
[2024-08-27T15:00:40.775+0000][info][gc,heap        ] GC(199) Survivor regions: 7->7(7)
[2024-08-27T15:00:40.775+0000][info][gc,heap        ] GC(199) Old regions: 769->778
[2024-08-27T15:00:40.775+0000][info][gc,heap        ] GC(199) Archive regions: 2->2
[2024-08-27T15:00:40.775+0000][info][gc,heap        ] GC(199) Humongous regions: 5->5
[2024-08-27T15:00:40.775+0000][info][gc,metaspace   ] GC(199) Metaspace: 100K(320K)->100K(320K) NonClass: 96K(192K)->96K(192K) Class: 4K(128K)->4K(128K)
[2024-08-27T15:00:40.775+0000][info][gc             ] GC(199) Pause Young (Mixed) (G1 Evacuation Pause) 825M->790M(1024M) 10.260ms
[2024-08-27T15:00:40.775+0000][info][gc,cpu         ] GC(199) User=0.22s Sys=0.01s Real=0.01s
[2024-08-27T15:00:40.812+0000][info][gc,start       ] GC(200) Pause Young (Concurrent Start) (G1 Evacuation Pause)
[2024-08-27T15:00:40.812+0000][info][gc,task        ] GC(200) Using 24 workers of 68 for evacuation
[2024-08-27T15:00:40.822+0000][info][gc,phases      ] GC(200)   Pre Evacuate Collection Set: 0.2ms
[2024-08-27T15:00:40.822+0000][info][gc,phases      ] GC(200)   Merge Heap Roots: 0.3ms
[2024-08-27T15:00:40.822+0000][info][gc,phases      ] GC(200)   Evacuate Collection Set: 9.0ms
[2024-08-27T15:00:40.822+0000][info][gc,phases      ] GC(200)   Post Evacuate Collection Set: 0.4ms
[2024-08-27T15:00:40.822+0000][info][gc,phases      ] GC(200)   Other: 0.6ms
[2024-08-27T15:00:40.822+0000][info][gc,heap        ] GC(200) Eden regions: 44->0(44)
[2024-08-27T15:00:40.822+0000][info][gc,heap        ] GC(200) Survivor regions: 7->7(7)
[2024-08-27T15:00:40.822+0000][info][gc,heap        ] GC(200) Old regions: 778->824
[2024-08-27T15:00:40.822+0000][info][gc,heap        ] GC(200) Archive regions: 2->2
[2024-08-27T15:00:40.822+0000][info][gc,heap        ] GC(200) Humongous regions: 5->5
[2024-08-27T15:00:40.822+0000][info][gc,metaspace   ] GC(200) Metaspace: 100K(320K)->100K(320K) NonClass: 96K(192K)->96K(192K) Class: 4K(128K)->4K(128K)
[2024-08-27T15:00:40.822+0000][info][gc             ] GC(200) Pause Young (Concurrent Start) (G1 Evacuation Pause) 834M->836M(1024M) 10.416ms
[2024-08-27T15:00:40.822+0000][info][gc,cpu         ] GC(200) User=0.22s Sys=0.01s Real=0.01s
[2024-08-27T15:00:40.822+0000][info][gc             ] GC(201) Concurrent Mark Cycle
[2024-08-27T15:00:40.822+0000][info][gc,marking     ] GC(201) Concurrent Clear Claimed Marks
[2024-08-27T15:00:40.822+0000][info][gc,marking     ] GC(201) Concurrent Clear Claimed Marks 0.010ms
[2024-08-27T15:00:40.822+0000][info][gc,marking     ] GC(201) Concurrent Scan Root Regions
[2024-08-27T15:00:40.824+0000][info][gc,marking     ] GC(201) Concurrent Scan Root Regions 1.413ms
[2024-08-27T15:00:40.824+0000][info][gc,marking     ] GC(201) Concurrent Mark
[2024-08-27T15:00:40.824+0000][info][gc,marking     ] GC(201) Concurrent Mark From Roots
[2024-08-27T15:00:40.824+0000][info][gc,task        ] GC(201) Using 17 workers of 17 for marking
[2024-08-27T15:00:40.850+0000][info][gc,marking     ] GC(201) Concurrent Mark From Roots 26.040ms
[2024-08-27T15:00:40.850+0000][info][gc,marking     ] GC(201) Concurrent Preclean
[2024-08-27T15:00:40.850+0000][info][gc,marking     ] GC(201) Concurrent Preclean 0.454ms
[2024-08-27T15:00:40.851+0000][info][gc,start       ] GC(201) Pause Remark
[2024-08-27T15:00:40.852+0000][info][gc             ] GC(201) Pause Remark 862M->862M(1024M) 1.912ms
[2024-08-27T15:00:40.853+0000][info][gc,cpu         ] GC(201) User=0.01s Sys=0.00s Real=0.00s
[2024-08-27T15:00:40.853+0000][info][gc,marking     ] GC(201) Concurrent Mark 28.975ms
[2024-08-27T15:00:40.853+0000][info][gc,marking     ] GC(201) Concurrent Rebuild Remembered Sets
[2024-08-27T15:00:40.869+0000][info][gc,start       ] GC(202) Pause Young (Normal) (G1 Evacuation Pause)
[2024-08-27T15:00:40.869+0000][info][gc,task        ] GC(202) Using 24 workers of 68 for evacuation
[2024-08-27T15:00:40.880+0000][info][gc,phases      ] GC(202)   Pre Evacuate Collection Set: 0.2ms
[2024-08-27T15:00:40.880+0000][info][gc,phases      ] GC(202)   Merge Heap Roots: 0.4ms
[2024-08-27T15:00:40.880+0000][info][gc,phases      ] GC(202)   Evacuate Collection Set: 9.8ms
[2024-08-27T15:00:40.880+0000][info][gc,phases      ] GC(202)   Post Evacuate Collection Set: 0.5ms
[2024-08-27T15:00:40.880+0000][info][gc,phases      ] GC(202)   Other: 0.5ms
[2024-08-27T15:00:40.880+0000][info][gc,heap        ] GC(202) Eden regions: 44->0(44)
[2024-08-27T15:00:40.880+0000][info][gc,heap        ] GC(202) Survivor regions: 7->7(7)
[2024-08-27T15:00:40.880+0000][info][gc,heap        ] GC(202) Old regions: 824->871
[2024-08-27T15:00:40.880+0000][info][gc,heap        ] GC(202) Archive regions: 2->2
[2024-08-27T15:00:40.880+0000][info][gc,heap        ] GC(202) Humongous regions: 5->5
[2024-08-27T15:00:40.880+0000][info][gc,metaspace   ] GC(202) Metaspace: 100K(320K)->100K(320K) NonClass: 96K(192K)->96K(192K) Class: 4K(128K)->4K(128K)
[2024-08-27T15:00:40.880+0000][info][gc             ] GC(202) Pause Young (Normal) (G1 Evacuation Pause) 880M->883M(1024M) 11.461ms
[2024-08-27T15:00:40.880+0000][info][gc,cpu         ] GC(202) User=0.24s Sys=0.00s Real=0.02s
[2024-08-27T15:00:40.916+0000][info][gc,start       ] GC(203) Pause Young (Normal) (G1 Evacuation Pause)
[2024-08-27T15:00:40.916+0000][info][gc,task        ] GC(203) Using 24 workers of 68 for evacuation
[2024-08-27T15:00:40.930+0000][info][gc,phases      ] GC(203)   Pre Evacuate Collection Set: 0.2ms
[2024-08-27T15:00:40.930+0000][info][gc,phases      ] GC(203)   Merge Heap Roots: 0.4ms
[2024-08-27T15:00:40.930+0000][info][gc,phases      ] GC(203)   Evacuate Collection Set: 13.0ms
[2024-08-27T15:00:40.930+0000][info][gc,phases      ] GC(203)   Post Evacuate Collection Set: 0.5ms
[2024-08-27T15:00:40.930+0000][info][gc,phases      ] GC(203)   Other: 0.3ms
[2024-08-27T15:00:40.930+0000][info][gc,heap        ] GC(203) Eden regions: 44->0(44)
[2024-08-27T15:00:40.930+0000][info][gc,heap        ] GC(203) Survivor regions: 7->7(7)
[2024-08-27T15:00:40.930+0000][info][gc,heap        ] GC(203) Old regions: 871->918
[2024-08-27T15:00:40.930+0000][info][gc,heap        ] GC(203) Archive regions: 2->2
[2024-08-27T15:00:40.930+0000][info][gc,heap        ] GC(203) Humongous regions: 5->5
[2024-08-27T15:00:40.930+0000][info][gc,metaspace   ] GC(203) Metaspace: 100K(320K)->100K(320K) NonClass: 96K(192K)->96K(192K) Class: 4K(128K)->4K(128K)
[2024-08-27T15:00:40.930+0000][info][gc             ] GC(203) Pause Young (Normal) (G1 Evacuation Pause) 927M->930M(1024M) 14.479ms
[2024-08-27T15:00:40.930+0000][info][gc,cpu         ] GC(203) User=0.30s Sys=0.03s Real=0.02s
[2024-08-27T15:00:40.950+0000][info][gc,marking     ] GC(201) Concurrent Rebuild Remembered Sets 97.416ms
[2024-08-27T15:00:40.950+0000][info][gc,start       ] GC(201) Pause Cleanup
[2024-08-27T15:00:40.952+0000][info][gc             ] GC(201) Pause Cleanup 955M->955M(1024M) 1.726ms
[2024-08-27T15:00:40.952+0000][info][gc,cpu         ] GC(201) User=0.01s Sys=0.00s Real=0.00s
[2024-08-27T15:00:40.952+0000][info][gc,marking     ] GC(201) Concurrent Cleanup for Next Mark
[2024-08-27T15:00:40.953+0000][info][gc,marking     ] GC(201) Concurrent Cleanup for Next Mark 0.800ms
[2024-08-27T15:00:40.953+0000][info][gc             ] GC(201) Concurrent Mark Cycle 131.017ms
[2024-08-27T15:00:40.964+0000][info][gc,start       ] GC(204) Pause Young (Prepare Mixed) (G1 Preventive Collection)
[2024-08-27T15:00:40.964+0000][info][gc,task        ] GC(204) Using 24 workers of 68 for evacuation
[2024-08-27T15:00:40.980+0000][info][gc,phases      ] GC(204)   Pre Evacuate Collection Set: 0.2ms
[2024-08-27T15:00:40.980+0000][info][gc,phases      ] GC(204)   Merge Heap Roots: 0.6ms
[2024-08-27T15:00:40.980+0000][info][gc,phases      ] GC(204)   Evacuate Collection Set: 14.8ms
[2024-08-27T15:00:40.980+0000][info][gc,phases      ] GC(204)   Post Evacuate Collection Set: 0.3ms
[2024-08-27T15:00:40.980+0000][info][gc,phases      ] GC(204)   Other: 0.2ms
[2024-08-27T15:00:40.980+0000][info][gc,heap        ] GC(204) Eden regions: 40->0(44)
[2024-08-27T15:00:40.980+0000][info][gc,heap        ] GC(204) Survivor regions: 7->7(7)
[2024-08-27T15:00:40.980+0000][info][gc,heap        ] GC(204) Old regions: 918->960
[2024-08-27T15:00:40.980+0000][info][gc,heap        ] GC(204) Archive regions: 2->2
[2024-08-27T15:00:40.980+0000][info][gc,heap        ] GC(204) Humongous regions: 5->5
[2024-08-27T15:00:40.980+0000][info][gc,metaspace   ] GC(204) Metaspace: 100K(320K)->100K(320K) NonClass: 96K(192K)->96K(192K) Class: 4K(128K)->4K(128K)
[2024-08-27T15:00:40.980+0000][info][gc             ] GC(204) Pause Young (Prepare Mixed) (G1 Preventive Collection) 970M->972M(1024M) 16.105ms
[2024-08-27T15:00:40.980+0000][info][gc,cpu         ] GC(204) User=0.37s Sys=0.01s Real=0.02s
[2024-08-27T15:00:40.997+0000][info][gc,start       ] GC(205) Pause Young (Mixed) (G1 Preventive Collection)
[2024-08-27T15:00:40.997+0000][info][gc,task        ] GC(205) Using 24 workers of 68 for evacuation
[2024-08-27T15:00:41.005+0000][info][gc             ] GC(205) To-space exhausted
[2024-08-27T15:00:41.005+0000][info][gc,phases      ] GC(205)   Pre Evacuate Collection Set: 0.2ms
[2024-08-27T15:00:41.005+0000][info][gc,phases      ] GC(205)   Merge Heap Roots: 0.4ms
[2024-08-27T15:00:41.005+0000][info][gc,phases      ] GC(205)   Evacuate Collection Set: 6.7ms
[2024-08-27T15:00:41.005+0000][info][gc,phases      ] GC(205)   Post Evacuate Collection Set: 0.7ms
[2024-08-27T15:00:41.005+0000][info][gc,phases      ] GC(205)   Other: 0.3ms
[2024-08-27T15:00:41.005+0000][info][gc,heap        ] GC(205) Eden regions: 20->0(44)
[2024-08-27T15:00:41.005+0000][info][gc,heap        ] GC(205) Survivor regions: 7->7(7)
[2024-08-27T15:00:41.005+0000][info][gc,heap        ] GC(205) Old regions: 960->918
[2024-08-27T15:00:41.005+0000][info][gc,heap        ] GC(205) Archive regions: 2->2
[2024-08-27T15:00:41.005+0000][info][gc,heap        ] GC(205) Humongous regions: 5->5
[2024-08-27T15:00:41.005+0000][info][gc,metaspace   ] GC(205) Metaspace: 100K(320K)->100K(320K) NonClass: 96K(192K)->96K(192K) Class: 4K(128K)->4K(128K)
[2024-08-27T15:00:41.005+0000][info][gc             ] GC(205) Pause Young (Mixed) (G1 Preventive Collection) 992M->930M(1024M) 8.225ms
[2024-08-27T15:00:41.005+0000][info][gc,cpu         ] GC(205) User=0.18s Sys=0.00s Real=0.01s
[2024-08-27T15:00:41.037+0000][info][gc,start       ] GC(206) Pause Young (Mixed) (G1 Preventive Collection)
[2024-08-27T15:00:41.037+0000][info][gc,task        ] GC(206) Using 24 workers of 68 for evacuation
[2024-08-27T15:00:41.047+0000][info][gc,phases      ] GC(206)   Pre Evacuate Collection Set: 0.3ms
[2024-08-27T15:00:41.047+0000][info][gc,phases      ] GC(206)   Merge Heap Roots: 0.4ms
[2024-08-27T15:00:41.047+0000][info][gc,phases      ] GC(206)   Evacuate Collection Set: 7.9ms
[2024-08-27T15:00:41.047+0000][info][gc,phases      ] GC(206)   Post Evacuate Collection Set: 0.4ms
[2024-08-27T15:00:41.047+0000][info][gc,phases      ] GC(206)   Other: 0.3ms
[2024-08-27T15:00:41.047+0000][info][gc,heap        ] GC(206) Eden regions: 40->0(44)
[2024-08-27T15:00:41.047+0000][info][gc,heap        ] GC(206) Survivor regions: 7->7(7)
[2024-08-27T15:00:41.047+0000][info][gc,heap        ] GC(206) Old regions: 918->857
[2024-08-27T15:00:41.047+0000][info][gc,heap        ] GC(206) Archive regions: 2->2
[2024-08-27T15:00:41.047+0000][info][gc,heap        ] GC(206) Humongous regions: 5->5
[2024-08-27T15:00:41.047+0000][info][gc,metaspace   ] GC(206) Metaspace: 100K(320K)->100K(320K) NonClass: 96K(192K)->96K(192K) Class: 4K(128K)->4K(128K)
[2024-08-27T15:00:41.047+0000][info][gc             ] GC(206) Pause Young (Mixed) (G1 Preventive Collection) 970M->869M(1024M) 9.536ms
[2024-08-27T15:00:41.047+0000][info][gc,cpu         ] GC(206) User=0.20s Sys=0.00s Real=0.01s
[2024-08-27T15:00:41.081+0000][info][gc,start       ] GC(207) Pause Young (Mixed) (G1 Evacuation Pause)
[2024-08-27T15:00:41.081+0000][info][gc,task        ] GC(207) Using 24 workers of 68 for evacuation
[2024-08-27T15:00:41.092+0000][info][gc,phases      ] GC(207)   Pre Evacuate Collection Set: 0.2ms
[2024-08-27T15:00:41.092+0000][info][gc,phases      ] GC(207)   Merge Heap Roots: 0.4ms
[2024-08-27T15:00:41.092+0000][info][gc,phases      ] GC(207)   Evacuate Collection Set: 9.8ms
[2024-08-27T15:00:41.092+0000][info][gc,phases      ] GC(207)   Post Evacuate Collection Set: 0.4ms
[2024-08-27T15:00:41.092+0000][info][gc,phases      ] GC(207)   Other: 0.2ms
[2024-08-27T15:00:41.092+0000][info][gc,heap        ] GC(207) Eden regions: 44->0(44)
[2024-08-27T15:00:41.092+0000][info][gc,heap        ] GC(207) Survivor regions: 7->7(7)
[2024-08-27T15:00:41.092+0000][info][gc,heap        ] GC(207) Old regions: 857->801
[2024-08-27T15:00:41.092+0000][info][gc,heap        ] GC(207) Archive regions: 2->2
[2024-08-27T15:00:41.092+0000][info][gc,heap        ] GC(207) Humongous regions: 5->5
[2024-08-27T15:00:41.092+0000][info][gc,metaspace   ] GC(207) Metaspace: 100K(320K)->100K(320K) NonClass: 96K(192K)->96K(192K) Class: 4K(128K)->4K(128K)
[2024-08-27T15:00:41.092+0000][info][gc             ] GC(207) Pause Young (Mixed) (G1 Evacuation Pause) 913M->813M(1024M) 11.094ms
[2024-08-27T15:00:41.092+0000][info][gc,cpu         ] GC(207) User=0.23s Sys=0.02s Real=0.01s
[2024-08-27T15:00:41.130+0000][info][gc,start       ] GC(208) Pause Young (Mixed) (G1 Evacuation Pause)
[2024-08-27T15:00:41.130+0000][info][gc,task        ] GC(208) Using 24 workers of 68 for evacuation
[2024-08-27T15:00:41.141+0000][info][gc,phases      ] GC(208)   Pre Evacuate Collection Set: 0.2ms
[2024-08-27T15:00:41.141+0000][info][gc,phases      ] GC(208)   Merge Heap Roots: 0.4ms
[2024-08-27T15:00:41.141+0000][info][gc,phases      ] GC(208)   Evacuate Collection Set: 10.3ms
[2024-08-27T15:00:41.141+0000][info][gc,phases      ] GC(208)   Post Evacuate Collection Set: 0.3ms
[2024-08-27T15:00:41.141+0000][info][gc,phases      ] GC(208)   Other: 0.3ms
[2024-08-27T15:00:41.141+0000][info][gc,heap        ] GC(208) Eden regions: 44->0(44)
[2024-08-27T15:00:41.141+0000][info][gc,heap        ] GC(208) Survivor regions: 7->7(7)
[2024-08-27T15:00:41.141+0000][info][gc,heap        ] GC(208) Old regions: 801->823
[2024-08-27T15:00:41.141+0000][info][gc,heap        ] GC(208) Archive regions: 2->2
[2024-08-27T15:00:41.141+0000][info][gc,heap        ] GC(208) Humongous regions: 5->5
[2024-08-27T15:00:41.141+0000][info][gc,metaspace   ] GC(208) Metaspace: 100K(320K)->100K(320K) NonClass: 96K(192K)->96K(192K) Class: 4K(128K)->4K(128K)
[2024-08-27T15:00:41.141+0000][info][gc             ] GC(208) Pause Young (Mixed) (G1 Evacuation Pause) 857M->835M(1024M) 11.547ms
[2024-08-27T15:00:41.141+0000][info][gc,cpu         ] GC(208) User=0.25s Sys=0.01s Real=0.01s
[2024-08-27T15:00:41.177+0000][info][gc,start       ] GC(209) Pause Young (Concurrent Start) (G1 Evacuation Pause)
[2024-08-27T15:00:41.177+0000][info][gc,task        ] GC(209) Using 24 workers of 68 for evacuation
[2024-08-27T15:00:41.192+0000][info][gc,phases      ] GC(209)   Pre Evacuate Collection Set: 0.2ms
[2024-08-27T15:00:41.192+0000][info][gc,phases      ] GC(209)   Merge Heap Roots: 0.7ms
[2024-08-27T15:00:41.192+0000][info][gc,phases      ] GC(209)   Evacuate Collection Set: 9.8ms
[2024-08-27T15:00:41.192+0000][info][gc,phases      ] GC(209)   Post Evacuate Collection Set: 0.3ms
[2024-08-27T15:00:41.192+0000][info][gc,phases      ] GC(209)   Other: 3.8ms
[2024-08-27T15:00:41.192+0000][info][gc,heap        ] GC(209) Eden regions: 44->0(44)
[2024-08-27T15:00:41.192+0000][info][gc,heap        ] GC(209) Survivor regions: 7->7(7)
[2024-08-27T15:00:41.192+0000][info][gc,heap        ] GC(209) Old regions: 823->870
[2024-08-27T15:00:41.192+0000][info][gc,heap        ] GC(209) Archive regions: 2->2
[2024-08-27T15:00:41.192+0000][info][gc,heap        ] GC(209) Humongous regions: 5->5
[2024-08-27T15:00:41.192+0000][info][gc,metaspace   ] GC(209) Metaspace: 100K(320K)->100K(320K) NonClass: 96K(192K)->96K(192K) Class: 4K(128K)->4K(128K)
[2024-08-27T15:00:41.192+0000][info][gc             ] GC(209) Pause Young (Concurrent Start) (G1 Evacuation Pause) 879M->882M(1024M) 14.918ms
[2024-08-27T15:00:41.192+0000][info][gc,cpu         ] GC(209) User=0.26s Sys=0.00s Real=0.02s
[2024-08-27T15:00:41.192+0000][info][gc             ] GC(210) Concurrent Mark Cycle
[2024-08-27T15:00:41.192+0000][info][gc,marking     ] GC(210) Concurrent Clear Claimed Marks
[2024-08-27T15:00:41.192+0000][info][gc,marking     ] GC(210) Concurrent Clear Claimed Marks 0.011ms
[2024-08-27T15:00:41.192+0000][info][gc,marking     ] GC(210) Concurrent Scan Root Regions
[2024-08-27T15:00:41.194+0000][info][gc,marking     ] GC(210) Concurrent Scan Root Regions 1.850ms
[2024-08-27T15:00:41.194+0000][info][gc,marking     ] GC(210) Concurrent Mark
[2024-08-27T15:00:41.194+0000][info][gc,marking     ] GC(210) Concurrent Mark From Roots
[2024-08-27T15:00:41.194+0000][info][gc,task        ] GC(210) Using 17 workers of 17 for marking
[2024-08-27T15:00:41.218+0000][info][gc,marking     ] GC(210) Concurrent Mark From Roots 23.693ms
[2024-08-27T15:00:41.218+0000][info][gc,marking     ] GC(210) Concurrent Preclean
[2024-08-27T15:00:41.218+0000][info][gc,marking     ] GC(210) Concurrent Preclean 0.507ms
[2024-08-27T15:00:41.219+0000][info][gc,start       ] GC(210) Pause Remark
[2024-08-27T15:00:41.220+0000][info][gc             ] GC(210) Pause Remark 906M->890M(1024M) 1.374ms
[2024-08-27T15:00:41.220+0000][info][gc,cpu         ] GC(210) User=0.00s Sys=0.00s Real=0.00s
[2024-08-27T15:00:41.220+0000][info][gc,marking     ] GC(210) Concurrent Mark 25.948ms
[2024-08-27T15:00:41.220+0000][info][gc,marking     ] GC(210) Concurrent Rebuild Remembered Sets
[2024-08-27T15:00:41.239+0000][info][gc,start       ] GC(211) Pause Young (Normal) (G1 Evacuation Pause)
[2024-08-27T15:00:41.239+0000][info][gc,task        ] GC(211) Using 24 workers of 68 for evacuation
[2024-08-27T15:00:41.249+0000][info][gc,phases      ] GC(211)   Pre Evacuate Collection Set: 0.1ms
[2024-08-27T15:00:41.249+0000][info][gc,phases      ] GC(211)   Merge Heap Roots: 0.3ms
[2024-08-27T15:00:41.249+0000][info][gc,phases      ] GC(211)   Evacuate Collection Set: 8.4ms
[2024-08-27T15:00:41.249+0000][info][gc,phases      ] GC(211)   Post Evacuate Collection Set: 0.4ms
[2024-08-27T15:00:41.249+0000][info][gc,phases      ] GC(211)   Other: 0.2ms
[2024-08-27T15:00:41.249+0000][info][gc,heap        ] GC(211) Eden regions: 44->0(44)
[2024-08-27T15:00:41.249+0000][info][gc,heap        ] GC(211) Survivor regions: 7->7(7)
[2024-08-27T15:00:41.249+0000][info][gc,heap        ] GC(211) Old regions: 854->900
[2024-08-27T15:00:41.249+0000][info][gc,heap        ] GC(211) Archive regions: 2->2
[2024-08-27T15:00:41.249+0000][info][gc,heap        ] GC(211) Humongous regions: 5->5
[2024-08-27T15:00:41.249+0000][info][gc,metaspace   ] GC(211) Metaspace: 100K(320K)->100K(320K) NonClass: 96K(192K)->96K(192K) Class: 4K(128K)->4K(128K)
[2024-08-27T15:00:41.249+0000][info][gc             ] GC(211) Pause Young (Normal) (G1 Evacuation Pause) 910M->912M(1024M) 9.643ms
[2024-08-27T15:00:41.249+0000][info][gc,cpu         ] GC(211) User=0.20s Sys=0.00s Real=0.00s
[2024-08-27T15:00:41.274+0000][info][gc,marking     ] GC(210) Concurrent Rebuild Remembered Sets 53.648ms
[2024-08-27T15:00:41.274+0000][info][gc,start       ] GC(210) Pause Cleanup
[2024-08-27T15:00:41.277+0000][info][gc             ] GC(210) Pause Cleanup 940M->940M(1024M) 2.709ms
[2024-08-27T15:00:41.277+0000][info][gc,cpu         ] GC(210) User=0.01s Sys=0.00s Real=0.00s
[2024-08-27T15:00:41.277+0000][info][gc,marking     ] GC(210) Concurrent Cleanup for Next Mark
[2024-08-27T15:00:41.278+0000][info][gc,marking     ] GC(210) Concurrent Cleanup for Next Mark 0.848ms
[2024-08-27T15:00:41.278+0000][info][gc             ] GC(210) Concurrent Mark Cycle 85.715ms
[2024-08-27T15:00:41.287+0000][info][gc,start       ] GC(212) Pause Young (Prepare Mixed) (G1 Evacuation Pause)
[2024-08-27T15:00:41.288+0000][info][gc,task        ] GC(212) Using 24 workers of 68 for evacuation
[2024-08-27T15:00:41.303+0000][info][gc,phases      ] GC(212)   Pre Evacuate Collection Set: 0.2ms
[2024-08-27T15:00:41.303+0000][info][gc,phases      ] GC(212)   Merge Heap Roots: 0.5ms
[2024-08-27T15:00:41.303+0000][info][gc,phases      ] GC(212)   Evacuate Collection Set: 14.0ms
[2024-08-27T15:00:41.303+0000][info][gc,phases      ] GC(212)   Post Evacuate Collection Set: 0.3ms
[2024-08-27T15:00:41.303+0000][info][gc,phases      ] GC(212)   Other: 0.3ms
[2024-08-27T15:00:41.303+0000][info][gc,heap        ] GC(212) Eden regions: 44->0(44)
[2024-08-27T15:00:41.303+0000][info][gc,heap        ] GC(212) Survivor regions: 7->7(7)
[2024-08-27T15:00:41.303+0000][info][gc,heap        ] GC(212) Old regions: 900->947
[2024-08-27T15:00:41.303+0000][info][gc,heap        ] GC(212) Archive regions: 2->2
[2024-08-27T15:00:41.303+0000][info][gc,heap        ] GC(212) Humongous regions: 5->5
[2024-08-27T15:00:41.303+0000][info][gc,metaspace   ] GC(212) Metaspace: 100K(320K)->100K(320K) NonClass: 96K(192K)->96K(192K) Class: 4K(128K)->4K(128K)
[2024-08-27T15:00:41.303+0000][info][gc             ] GC(212) Pause Young (Prepare Mixed) (G1 Evacuation Pause) 956M->959M(1024M) 15.341ms
[2024-08-27T15:00:41.303+0000][info][gc,cpu         ] GC(212) User=0.34s Sys=0.00s Real=0.02s
[2024-08-27T15:00:41.318+0000][info][gc,start       ] GC(213) Pause Young (Mixed) (G1 Preventive Collection)
[2024-08-27T15:00:41.318+0000][info][gc,task        ] GC(213) Using 24 workers of 68 for evacuation
[2024-08-27T15:00:41.326+0000][info][gc,phases      ] GC(213)   Pre Evacuate Collection Set: 0.2ms
[2024-08-27T15:00:41.326+0000][info][gc,phases      ] GC(213)   Merge Heap Roots: 0.3ms
[2024-08-27T15:00:41.326+0000][info][gc,phases      ] GC(213)   Evacuate Collection Set: 7.2ms
[2024-08-27T15:00:41.326+0000][info][gc,phases      ] GC(213)   Post Evacuate Collection Set: 0.4ms
[2024-08-27T15:00:41.326+0000][info][gc,phases      ] GC(213)   Other: 0.3ms
[2024-08-27T15:00:41.326+0000][info][gc,heap        ] GC(213) Eden regions: 26->0(44)
[2024-08-27T15:00:41.326+0000][info][gc,heap        ] GC(213) Survivor regions: 7->7(7)
[2024-08-27T15:00:41.326+0000][info][gc,heap        ] GC(213) Old regions: 947->873
[2024-08-27T15:00:41.326+0000][info][gc,heap        ] GC(213) Archive regions: 2->2
[2024-08-27T15:00:41.326+0000][info][gc,heap        ] GC(213) Humongous regions: 5->5
[2024-08-27T15:00:41.326+0000][info][gc,metaspace   ] GC(213) Metaspace: 100K(320K)->100K(320K) NonClass: 96K(192K)->96K(192K) Class: 4K(128K)->4K(128K)
[2024-08-27T15:00:41.326+0000][info][gc             ] GC(213) Pause Young (Mixed) (G1 Preventive Collection) 985M->885M(1024M) 8.452ms
[2024-08-27T15:00:41.326+0000][info][gc,cpu         ] GC(213) User=0.18s Sys=0.00s Real=0.00s
[2024-08-27T15:00:41.352+0000][info][gc,start       ] GC(214) Pause Young (Mixed) (G1 Evacuation Pause)
[2024-08-27T15:00:41.352+0000][info][gc,task        ] GC(214) Using 24 workers of 68 for evacuation
[2024-08-27T15:00:41.367+0000][info][gc,phases      ] GC(214)   Pre Evacuate Collection Set: 0.5ms
[2024-08-27T15:00:41.367+0000][info][gc,phases      ] GC(214)   Merge Heap Roots: 1.5ms
[2024-08-27T15:00:41.367+0000][info][gc,phases      ] GC(214)   Evacuate Collection Set: 13.1ms
[2024-08-27T15:00:41.367+0000][info][gc,phases      ] GC(214)   Post Evacuate Collection Set: 0.5ms
[2024-08-27T15:00:41.367+0000][info][gc,phases      ] GC(214)   Other: 0.2ms
[2024-08-27T15:00:41.367+0000][info][gc,heap        ] GC(214) Eden regions: 44->0(44)
[2024-08-27T15:00:41.367+0000][info][gc,heap        ] GC(214) Survivor regions: 7->7(7)
[2024-08-27T15:00:41.368+0000][info][gc,heap        ] GC(214) Old regions: 873->815
[2024-08-27T15:00:41.368+0000][info][gc,heap        ] GC(214) Archive regions: 2->2
[2024-08-27T15:00:41.368+0000][info][gc,heap        ] GC(214) Humongous regions: 5->5
[2024-08-27T15:00:41.368+0000][info][gc,metaspace   ] GC(214) Metaspace: 100K(320K)->100K(320K) NonClass: 96K(192K)->96K(192K) Class: 4K(128K)->4K(128K)
[2024-08-27T15:00:41.368+0000][info][gc             ] GC(214) Pause Young (Mixed) (G1 Evacuation Pause) 929M->827M(1024M) 15.833ms
[2024-08-27T15:00:41.368+0000][info][gc,cpu         ] GC(214) User=0.19s Sys=0.00s Real=0.01s
[2024-08-27T15:00:41.396+0000][info][gc,start       ] GC(215) Pause Young (Mixed) (G1 Evacuation Pause)
[2024-08-27T15:00:41.396+0000][info][gc,task        ] GC(215) Using 24 workers of 68 for evacuation
[2024-08-27T15:00:41.407+0000][info][gc,phases      ] GC(215)   Pre Evacuate Collection Set: 0.3ms
[2024-08-27T15:00:41.407+0000][info][gc,phases      ] GC(215)   Merge Heap Roots: 0.6ms
[2024-08-27T15:00:41.407+0000][info][gc,phases      ] GC(215)   Evacuate Collection Set: 9.9ms
[2024-08-27T15:00:41.407+0000][info][gc,phases      ] GC(215)   Post Evacuate Collection Set: 0.4ms
[2024-08-27T15:00:41.407+0000][info][gc,phases      ] GC(215)   Other: 0.2ms
[2024-08-27T15:00:41.407+0000][info][gc,heap        ] GC(215) Eden regions: 44->0(44)
[2024-08-27T15:00:41.407+0000][info][gc,heap        ] GC(215) Survivor regions: 7->7(7)
[2024-08-27T15:00:41.407+0000][info][gc,heap        ] GC(215) Old regions: 815->758
[2024-08-27T15:00:41.407+0000][info][gc,heap        ] GC(215) Archive regions: 2->2
[2024-08-27T15:00:41.407+0000][info][gc,heap        ] GC(215) Humongous regions: 5->5
[2024-08-27T15:00:41.407+0000][info][gc,metaspace   ] GC(215) Metaspace: 100K(320K)->100K(320K) NonClass: 96K(192K)->96K(192K) Class: 4K(128K)->4K(128K)
[2024-08-27T15:00:41.407+0000][info][gc             ] GC(215) Pause Young (Mixed) (G1 Evacuation Pause) 871M->770M(1024M) 11.465ms
[2024-08-27T15:00:41.407+0000][info][gc,cpu         ] GC(215) User=0.23s Sys=0.00s Real=0.01s
[2024-08-27T15:00:41.436+0000][info][gc,start       ] GC(216) Pause Young (Mixed) (G1 Evacuation Pause)
[2024-08-27T15:00:41.436+0000][info][gc,task        ] GC(216) Using 24 workers of 68 for evacuation
[2024-08-27T15:00:41.450+0000][info][gc,phases      ] GC(216)   Pre Evacuate Collection Set: 0.3ms
[2024-08-27T15:00:41.451+0000][info][gc,phases      ] GC(216)   Merge Heap Roots: 0.5ms
[2024-08-27T15:00:41.451+0000][info][gc,phases      ] GC(216)   Evacuate Collection Set: 13.2ms
[2024-08-27T15:00:41.451+0000][info][gc,phases      ] GC(216)   Post Evacuate Collection Set: 0.6ms
[2024-08-27T15:00:41.451+0000][info][gc,phases      ] GC(216)   Other: 0.2ms
[2024-08-27T15:00:41.451+0000][info][gc,heap        ] GC(216) Eden regions: 44->0(48)
[2024-08-27T15:00:41.451+0000][info][gc,heap        ] GC(216) Survivor regions: 7->7(7)
[2024-08-27T15:00:41.451+0000][info][gc,heap        ] GC(216) Old regions: 758->754
[2024-08-27T15:00:41.451+0000][info][gc,heap        ] GC(216) Archive regions: 2->2
[2024-08-27T15:00:41.451+0000][info][gc,heap        ] GC(216) Humongous regions: 5->5
[2024-08-27T15:00:41.451+0000][info][gc,metaspace   ] GC(216) Metaspace: 100K(320K)->100K(320K) NonClass: 96K(192K)->96K(192K) Class: 4K(128K)->4K(128K)
[2024-08-27T15:00:41.451+0000][info][gc             ] GC(216) Pause Young (Mixed) (G1 Evacuation Pause) 814M->766M(1024M) 15.010ms
[2024-08-27T15:00:41.451+0000][info][gc,cpu         ] GC(216) User=0.26s Sys=0.00s Real=0.02s
[2024-08-27T15:00:41.480+0000][info][gc,start       ] GC(217) Pause Young (Concurrent Start) (G1 Evacuation Pause)
[2024-08-27T15:00:41.480+0000][info][gc,task        ] GC(217) Using 24 workers of 68 for evacuation
[2024-08-27T15:00:41.492+0000][info][gc,phases      ] GC(217)   Pre Evacuate Collection Set: 0.2ms
[2024-08-27T15:00:41.492+0000][info][gc,phases      ] GC(217)   Merge Heap Roots: 0.7ms
[2024-08-27T15:00:41.492+0000][info][gc,phases      ] GC(217)   Evacuate Collection Set: 10.7ms
[2024-08-27T15:00:41.492+0000][info][gc,phases      ] GC(217)   Post Evacuate Collection Set: 0.4ms
[2024-08-27T15:00:41.492+0000][info][gc,phases      ] GC(217)   Other: 1.0ms
[2024-08-27T15:00:41.492+0000][info][gc,heap        ] GC(217) Eden regions: 48->0(44)
[2024-08-27T15:00:41.492+0000][info][gc,heap        ] GC(217) Survivor regions: 7->7(7)
[2024-08-27T15:00:41.492+0000][info][gc,heap        ] GC(217) Old regions: 754->805
[2024-08-27T15:00:41.492+0000][info][gc,heap        ] GC(217) Archive regions: 2->2
[2024-08-27T15:00:41.492+0000][info][gc,heap        ] GC(217) Humongous regions: 5->5
[2024-08-27T15:00:41.492+0000][info][gc,metaspace   ] GC(217) Metaspace: 100K(320K)->100K(320K) NonClass: 96K(192K)->96K(192K) Class: 4K(128K)->4K(128K)
[2024-08-27T15:00:41.493+0000][info][gc             ] GC(217) Pause Young (Concurrent Start) (G1 Evacuation Pause) 814M->817M(1024M) 12.990ms
[2024-08-27T15:00:41.493+0000][info][gc,cpu         ] GC(217) User=0.27s Sys=0.00s Real=0.01s
[2024-08-27T15:00:41.493+0000][info][gc             ] GC(218) Concurrent Mark Cycle
[2024-08-27T15:00:41.493+0000][info][gc,marking     ] GC(218) Concurrent Clear Claimed Marks
[2024-08-27T15:00:41.493+0000][info][gc,marking     ] GC(218) Concurrent Clear Claimed Marks 0.012ms
[2024-08-27T15:00:41.493+0000][info][gc,marking     ] GC(218) Concurrent Scan Root Regions
[2024-08-27T15:00:41.494+0000][info][gc,marking     ] GC(218) Concurrent Scan Root Regions 1.758ms
[2024-08-27T15:00:41.494+0000][info][gc,marking     ] GC(218) Concurrent Mark
[2024-08-27T15:00:41.494+0000][info][gc,marking     ] GC(218) Concurrent Mark From Roots
[2024-08-27T15:00:41.494+0000][info][gc,task        ] GC(218) Using 17 workers of 17 for marking
[2024-08-27T15:00:41.517+0000][info][gc,marking     ] GC(218) Concurrent Mark From Roots 22.512ms
[2024-08-27T15:00:41.517+0000][info][gc,marking     ] GC(218) Concurrent Preclean
[2024-08-27T15:00:41.518+0000][info][gc,marking     ] GC(218) Concurrent Preclean 0.511ms
[2024-08-27T15:00:41.518+0000][info][gc,start       ] GC(218) Pause Remark
[2024-08-27T15:00:41.519+0000][info][gc             ] GC(218) Pause Remark 854M->854M(1024M) 1.425ms
[2024-08-27T15:00:41.519+0000][info][gc,cpu         ] GC(218) User=0.01s Sys=0.00s Real=0.00s
[2024-08-27T15:00:41.519+0000][info][gc,marking     ] GC(218) Concurrent Mark 24.798ms
[2024-08-27T15:00:41.519+0000][info][gc,marking     ] GC(218) Concurrent Rebuild Remembered Sets
[2024-08-27T15:00:41.523+0000][info][gc,start       ] GC(219) Pause Young (Normal) (G1 Evacuation Pause)
[2024-08-27T15:00:41.523+0000][info][gc,task        ] GC(219) Using 24 workers of 68 for evacuation
[2024-08-27T15:00:41.535+0000][info][gc,phases      ] GC(219)   Pre Evacuate Collection Set: 0.1ms
[2024-08-27T15:00:41.535+0000][info][gc,phases      ] GC(219)   Merge Heap Roots: 0.4ms
[2024-08-27T15:00:41.535+0000][info][gc,phases      ] GC(219)   Evacuate Collection Set: 11.0ms
[2024-08-27T15:00:41.535+0000][info][gc,phases      ] GC(219)   Post Evacuate Collection Set: 0.4ms
[2024-08-27T15:00:41.535+0000][info][gc,phases      ] GC(219)   Other: 0.2ms
[2024-08-27T15:00:41.535+0000][info][gc,heap        ] GC(219) Eden regions: 44->0(44)
[2024-08-27T15:00:41.535+0000][info][gc,heap        ] GC(219) Survivor regions: 7->7(7)
[2024-08-27T15:00:41.535+0000][info][gc,heap        ] GC(219) Old regions: 805->852
[2024-08-27T15:00:41.535+0000][info][gc,heap        ] GC(219) Archive regions: 2->2
[2024-08-27T15:00:41.535+0000][info][gc,heap        ] GC(219) Humongous regions: 5->5
[2024-08-27T15:00:41.535+0000][info][gc,metaspace   ] GC(219) Metaspace: 100K(320K)->100K(320K) NonClass: 96K(192K)->96K(192K) Class: 4K(128K)->4K(128K)
[2024-08-27T15:00:41.535+0000][info][gc             ] GC(219) Pause Young (Normal) (G1 Evacuation Pause) 861M->864M(1024M) 12.259ms
[2024-08-27T15:00:41.535+0000][info][gc,cpu         ] GC(219) User=0.28s Sys=0.00s Real=0.01s
[2024-08-27T15:00:41.559+0000][info][gc,start       ] GC(220) Pause Young (Normal) (G1 Evacuation Pause)
[2024-08-27T15:00:41.559+0000][info][gc,task        ] GC(220) Using 24 workers of 68 for evacuation
[2024-08-27T15:00:41.574+0000][info][gc,phases      ] GC(220)   Pre Evacuate Collection Set: 0.2ms
[2024-08-27T15:00:41.575+0000][info][gc,phases      ] GC(220)   Merge Heap Roots: 0.8ms
[2024-08-27T15:00:41.575+0000][info][gc,phases      ] GC(220)   Evacuate Collection Set: 14.1ms
[2024-08-27T15:00:41.575+0000][info][gc,phases      ] GC(220)   Post Evacuate Collection Set: 0.7ms
[2024-08-27T15:00:41.575+0000][info][gc,phases      ] GC(220)   Other: 0.2ms
[2024-08-27T15:00:41.575+0000][info][gc,heap        ] GC(220) Eden regions: 44->0(44)
[2024-08-27T15:00:41.575+0000][info][gc,heap        ] GC(220) Survivor regions: 7->7(7)
[2024-08-27T15:00:41.575+0000][info][gc,heap        ] GC(220) Old regions: 852->899
[2024-08-27T15:00:41.575+0000][info][gc,heap        ] GC(220) Archive regions: 2->2
[2024-08-27T15:00:41.575+0000][info][gc,heap        ] GC(220) Humongous regions: 5->5
[2024-08-27T15:00:41.575+0000][info][gc,metaspace   ] GC(220) Metaspace: 100K(320K)->100K(320K) NonClass: 96K(192K)->96K(192K) Class: 4K(128K)->4K(128K)
[2024-08-27T15:00:41.575+0000][info][gc             ] GC(220) Pause Young (Normal) (G1 Evacuation Pause) 908M->911M(1024M) 16.134ms
[2024-08-27T15:00:41.575+0000][info][gc,cpu         ] GC(220) User=0.36s Sys=0.00s Real=0.01s
[2024-08-27T15:00:41.594+0000][info][gc,marking     ] GC(218) Concurrent Rebuild Remembered Sets 74.933ms
[2024-08-27T15:00:41.595+0000][info][gc,start       ] GC(218) Pause Cleanup
[2024-08-27T15:00:41.596+0000][info][gc             ] GC(218) Pause Cleanup 950M->950M(1024M) 1.584ms
[2024-08-27T15:00:41.596+0000][info][gc,cpu         ] GC(218) User=0.01s Sys=0.00s Real=0.00s
[2024-08-27T15:00:41.596+0000][info][gc,marking     ] GC(218) Concurrent Cleanup for Next Mark
[2024-08-27T15:00:41.597+0000][info][gc,marking     ] GC(218) Concurrent Cleanup for Next Mark 0.692ms
[2024-08-27T15:00:41.597+0000][info][gc             ] GC(218) Concurrent Mark Cycle 104.285ms
[2024-08-27T15:00:41.599+0000][info][gc,start       ] GC(221) Pause Young (Prepare Mixed) (G1 Evacuation Pause)
[2024-08-27T15:00:41.599+0000][info][gc,task        ] GC(221) Using 24 workers of 68 for evacuation
[2024-08-27T15:00:41.617+0000][info][gc,phases      ] GC(221)   Pre Evacuate Collection Set: 0.2ms
[2024-08-27T15:00:41.617+0000][info][gc,phases      ] GC(221)   Merge Heap Roots: 1.0ms
[2024-08-27T15:00:41.617+0000][info][gc,phases      ] GC(221)   Evacuate Collection Set: 16.0ms
[2024-08-27T15:00:41.617+0000][info][gc,phases      ] GC(221)   Post Evacuate Collection Set: 0.3ms
[2024-08-27T15:00:41.617+0000][info][gc,phases      ] GC(221)   Other: 0.2ms
[2024-08-27T15:00:41.617+0000][info][gc,heap        ] GC(221) Eden regions: 44->0(44)
[2024-08-27T15:00:41.617+0000][info][gc,heap        ] GC(221) Survivor regions: 7->7(7)
[2024-08-27T15:00:41.617+0000][info][gc,heap        ] GC(221) Old regions: 899->945
[2024-08-27T15:00:41.617+0000][info][gc,heap        ] GC(221) Archive regions: 2->2
[2024-08-27T15:00:41.617+0000][info][gc,heap        ] GC(221) Humongous regions: 5->5
[2024-08-27T15:00:41.617+0000][info][gc,metaspace   ] GC(221) Metaspace: 100K(320K)->100K(320K) NonClass: 96K(192K)->96K(192K) Class: 4K(128K)->4K(128K)
[2024-08-27T15:00:41.617+0000][info][gc             ] GC(221) Pause Young (Prepare Mixed) (G1 Evacuation Pause) 955M->957M(1024M) 17.684ms
[2024-08-27T15:00:41.617+0000][info][gc,cpu         ] GC(221) User=0.41s Sys=0.00s Real=0.01s
[2024-08-27T15:00:41.631+0000][info][gc,start       ] GC(222) Pause Young (Mixed) (G1 Preventive Collection)
[2024-08-27T15:00:41.631+0000][info][gc,task        ] GC(222) Using 24 workers of 68 for evacuation
[2024-08-27T15:00:41.640+0000][info][gc,phases      ] GC(222)   Pre Evacuate Collection Set: 0.2ms
[2024-08-27T15:00:41.640+0000][info][gc,phases      ] GC(222)   Merge Heap Roots: 0.3ms
[2024-08-27T15:00:41.640+0000][info][gc,phases      ] GC(222)   Evacuate Collection Set: 7.8ms
[2024-08-27T15:00:41.640+0000][info][gc,phases      ] GC(222)   Post Evacuate Collection Set: 0.5ms
[2024-08-27T15:00:41.640+0000][info][gc,phases      ] GC(222)   Other: 0.2ms
[2024-08-27T15:00:41.640+0000][info][gc,heap        ] GC(222) Eden regions: 27->0(44)
[2024-08-27T15:00:41.640+0000][info][gc,heap        ] GC(222) Survivor regions: 7->7(7)
[2024-08-27T15:00:41.640+0000][info][gc,heap        ] GC(222) Old regions: 945->873
[2024-08-27T15:00:41.640+0000][info][gc,heap        ] GC(222) Archive regions: 2->2
[2024-08-27T15:00:41.640+0000][info][gc,heap        ] GC(222) Humongous regions: 5->5
[2024-08-27T15:00:41.640+0000][info][gc,metaspace   ] GC(222) Metaspace: 100K(320K)->100K(320K) NonClass: 96K(192K)->96K(192K) Class: 4K(128K)->4K(128K)
[2024-08-27T15:00:41.640+0000][info][gc             ] GC(222) Pause Young (Mixed) (G1 Preventive Collection) 984M->885M(1024M) 9.143ms
[2024-08-27T15:00:41.640+0000][info][gc,cpu         ] GC(222) User=0.20s Sys=0.00s Real=0.01s
[2024-08-27T15:00:41.662+0000][info][gc,start       ] GC(223) Pause Young (Mixed) (G1 Evacuation Pause)
[2024-08-27T15:00:41.662+0000][info][gc,task        ] GC(223) Using 24 workers of 68 for evacuation
[2024-08-27T15:00:41.671+0000][info][gc,phases      ] GC(223)   Pre Evacuate Collection Set: 0.2ms
[2024-08-27T15:00:41.671+0000][info][gc,phases      ] GC(223)   Merge Heap Roots: 0.6ms
[2024-08-27T15:00:41.671+0000][info][gc,phases      ] GC(223)   Evacuate Collection Set: 7.9ms
[2024-08-27T15:00:41.671+0000][info][gc,phases      ] GC(223)   Post Evacuate Collection Set: 0.4ms
[2024-08-27T15:00:41.671+0000][info][gc,phases      ] GC(223)   Other: 0.3ms
[2024-08-27T15:00:41.671+0000][info][gc,heap        ] GC(223) Eden regions: 44->0(44)
[2024-08-27T15:00:41.671+0000][info][gc,heap        ] GC(223) Survivor regions: 7->7(7)
[2024-08-27T15:00:41.671+0000][info][gc,heap        ] GC(223) Old regions: 873->816
[2024-08-27T15:00:41.671+0000][info][gc,heap        ] GC(223) Archive regions: 2->2
[2024-08-27T15:00:41.671+0000][info][gc,heap        ] GC(223) Humongous regions: 5->5
[2024-08-27T15:00:41.671+0000][info][gc,metaspace   ] GC(223) Metaspace: 100K(320K)->100K(320K) NonClass: 96K(192K)->96K(192K) Class: 4K(128K)->4K(128K)
[2024-08-27T15:00:41.671+0000][info][gc             ] GC(223) Pause Young (Mixed) (G1 Evacuation Pause) 929M->828M(1024M) 9.539ms
[2024-08-27T15:00:41.671+0000][info][gc,cpu         ] GC(223) User=0.20s Sys=0.00s Real=0.01s
[2024-08-27T15:00:41.691+0000][info][gc,start       ] GC(224) Pause Young (Mixed) (G1 Evacuation Pause)
[2024-08-27T15:00:41.691+0000][info][gc,task        ] GC(224) Using 24 workers of 68 for evacuation
[2024-08-27T15:00:41.700+0000][info][gc,phases      ] GC(224)   Pre Evacuate Collection Set: 0.2ms
[2024-08-27T15:00:41.701+0000][info][gc,phases      ] GC(224)   Merge Heap Roots: 0.4ms
[2024-08-27T15:00:41.701+0000][info][gc,phases      ] GC(224)   Evacuate Collection Set: 8.4ms
[2024-08-27T15:00:41.701+0000][info][gc,phases      ] GC(224)   Post Evacuate Collection Set: 0.4ms
[2024-08-27T15:00:41.701+0000][info][gc,phases      ] GC(224)   Other: 0.3ms
[2024-08-27T15:00:41.701+0000][info][gc,heap        ] GC(224) Eden regions: 44->0(44)
[2024-08-27T15:00:41.701+0000][info][gc,heap        ] GC(224) Survivor regions: 7->7(7)
[2024-08-27T15:00:41.701+0000][info][gc,heap        ] GC(224) Old regions: 816->761
[2024-08-27T15:00:41.701+0000][info][gc,heap        ] GC(224) Archive regions: 2->2
[2024-08-27T15:00:41.701+0000][info][gc,heap        ] GC(224) Humongous regions: 5->5
[2024-08-27T15:00:41.701+0000][info][gc,metaspace   ] GC(224) Metaspace: 100K(320K)->100K(320K) NonClass: 96K(192K)->96K(192K) Class: 4K(128K)->4K(128K)
[2024-08-27T15:00:41.701+0000][info][gc             ] GC(224) Pause Young (Mixed) (G1 Evacuation Pause) 872M->773M(1024M) 9.887ms
[2024-08-27T15:00:41.701+0000][info][gc,cpu         ] GC(224) User=0.21s Sys=0.00s Real=0.01s
[2024-08-27T15:00:41.724+0000][info][gc,start       ] GC(225) Pause Young (Mixed) (G1 Evacuation Pause)
[2024-08-27T15:00:41.724+0000][info][gc,task        ] GC(225) Using 24 workers of 68 for evacuation
[2024-08-27T15:00:41.734+0000][info][gc,phases      ] GC(225)   Pre Evacuate Collection Set: 0.2ms
[2024-08-27T15:00:41.734+0000][info][gc,phases      ] GC(225)   Merge Heap Roots: 0.6ms
[2024-08-27T15:00:41.734+0000][info][gc,phases      ] GC(225)   Evacuate Collection Set: 8.9ms
[2024-08-27T15:00:41.734+0000][info][gc,phases      ] GC(225)   Post Evacuate Collection Set: 0.3ms
[2024-08-27T15:00:41.734+0000][info][gc,phases      ] GC(225)   Other: 0.2ms
[2024-08-27T15:00:41.734+0000][info][gc,heap        ] GC(225) Eden regions: 44->0(44)
[2024-08-27T15:00:41.734+0000][info][gc,heap        ] GC(225) Survivor regions: 7->7(7)
[2024-08-27T15:00:41.734+0000][info][gc,heap        ] GC(225) Old regions: 761->803
[2024-08-27T15:00:41.734+0000][info][gc,heap        ] GC(225) Archive regions: 2->2
[2024-08-27T15:00:41.734+0000][info][gc,heap        ] GC(225) Humongous regions: 5->5
[2024-08-27T15:00:41.734+0000][info][gc,metaspace   ] GC(225) Metaspace: 100K(320K)->100K(320K) NonClass: 96K(192K)->96K(192K) Class: 4K(128K)->4K(128K)
[2024-08-27T15:00:41.734+0000][info][gc             ] GC(225) Pause Young (Mixed) (G1 Evacuation Pause) 817M->815M(1024M) 10.257ms
[2024-08-27T15:00:41.734+0000][info][gc,cpu         ] GC(225) User=0.22s Sys=0.00s Real=0.01s
[2024-08-27T15:00:41.756+0000][info][gc,start       ] GC(226) Pause Young (Concurrent Start) (G1 Evacuation Pause)
[2024-08-27T15:00:41.757+0000][info][gc,task        ] GC(226) Using 24 workers of 68 for evacuation
[2024-08-27T15:00:41.768+0000][info][gc,phases      ] GC(226)   Pre Evacuate Collection Set: 0.2ms
[2024-08-27T15:00:41.768+0000][info][gc,phases      ] GC(226)   Merge Heap Roots: 0.6ms
[2024-08-27T15:00:41.768+0000][info][gc,phases      ] GC(226)   Evacuate Collection Set: 10.0ms
[2024-08-27T15:00:41.768+0000][info][gc,phases      ] GC(226)   Post Evacuate Collection Set: 0.4ms
[2024-08-27T15:00:41.768+0000][info][gc,phases      ] GC(226)   Other: 0.9ms
[2024-08-27T15:00:41.768+0000][info][gc,heap        ] GC(226) Eden regions: 44->0(44)
[2024-08-27T15:00:41.768+0000][info][gc,heap        ] GC(226) Survivor regions: 7->7(7)
[2024-08-27T15:00:41.769+0000][info][gc,heap        ] GC(226) Old regions: 803->848
[2024-08-27T15:00:41.769+0000][info][gc,heap        ] GC(226) Archive regions: 2->2
[2024-08-27T15:00:41.769+0000][info][gc,heap        ] GC(226) Humongous regions: 5->5
[2024-08-27T15:00:41.769+0000][info][gc,metaspace   ] GC(226) Metaspace: 100K(320K)->100K(320K) NonClass: 96K(192K)->96K(192K) Class: 4K(128K)->4K(128K)
[2024-08-27T15:00:41.769+0000][info][gc             ] GC(226) Pause Young (Concurrent Start) (G1 Evacuation Pause) 859M->860M(1024M) 12.106ms
[2024-08-27T15:00:41.769+0000][info][gc,cpu         ] GC(226) User=0.26s Sys=0.00s Real=0.01s
[2024-08-27T15:00:41.769+0000][info][gc             ] GC(227) Concurrent Mark Cycle
[2024-08-27T15:00:41.769+0000][info][gc,marking     ] GC(227) Concurrent Clear Claimed Marks
[2024-08-27T15:00:41.769+0000][info][gc,marking     ] GC(227) Concurrent Clear Claimed Marks 0.012ms
[2024-08-27T15:00:41.769+0000][info][gc,marking     ] GC(227) Concurrent Scan Root Regions
[2024-08-27T15:00:41.770+0000][info][gc,marking     ] GC(227) Concurrent Scan Root Regions 1.704ms
[2024-08-27T15:00:41.770+0000][info][gc,marking     ] GC(227) Concurrent Mark
[2024-08-27T15:00:41.771+0000][info][gc,marking     ] GC(227) Concurrent Mark From Roots
[2024-08-27T15:00:41.771+0000][info][gc,task        ] GC(227) Using 17 workers of 17 for marking
[2024-08-27T15:00:41.794+0000][info][gc,marking     ] GC(227) Concurrent Mark From Roots 23.223ms
[2024-08-27T15:00:41.794+0000][info][gc,marking     ] GC(227) Concurrent Preclean
[2024-08-27T15:00:41.794+0000][info][gc,marking     ] GC(227) Concurrent Preclean 0.502ms
[2024-08-27T15:00:41.795+0000][info][gc,start       ] GC(227) Pause Remark
[2024-08-27T15:00:41.796+0000][info][gc             ] GC(227) Pause Remark 901M->901M(1024M) 1.177ms
[2024-08-27T15:00:41.796+0000][info][gc,cpu         ] GC(227) User=0.00s Sys=0.00s Real=0.00s
[2024-08-27T15:00:41.796+0000][info][gc,marking     ] GC(227) Concurrent Mark 25.299ms
[2024-08-27T15:00:41.796+0000][info][gc,marking     ] GC(227) Concurrent Rebuild Remembered Sets
[2024-08-27T15:00:41.798+0000][info][gc,start       ] GC(228) Pause Young (Normal) (G1 Evacuation Pause)
[2024-08-27T15:00:41.798+0000][info][gc,task        ] GC(228) Using 24 workers of 68 for evacuation
[2024-08-27T15:00:41.808+0000][info][gc,phases      ] GC(228)   Pre Evacuate Collection Set: 0.2ms
[2024-08-27T15:00:41.808+0000][info][gc,phases      ] GC(228)   Merge Heap Roots: 0.6ms
[2024-08-27T15:00:41.808+0000][info][gc,phases      ] GC(228)   Evacuate Collection Set: 9.1ms
[2024-08-27T15:00:41.808+0000][info][gc,phases      ] GC(228)   Post Evacuate Collection Set: 0.4ms
[2024-08-27T15:00:41.808+0000][info][gc,phases      ] GC(228)   Other: 0.1ms
[2024-08-27T15:00:41.808+0000][info][gc,heap        ] GC(228) Eden regions: 44->0(44)
[2024-08-27T15:00:41.808+0000][info][gc,heap        ] GC(228) Survivor regions: 7->7(7)
[2024-08-27T15:00:41.808+0000][info][gc,heap        ] GC(228) Old regions: 848->895
[2024-08-27T15:00:41.808+0000][info][gc,heap        ] GC(228) Archive regions: 2->2
[2024-08-27T15:00:41.808+0000][info][gc,heap        ] GC(228) Humongous regions: 5->5
[2024-08-27T15:00:41.808+0000][info][gc,metaspace   ] GC(228) Metaspace: 100K(320K)->100K(320K) NonClass: 96K(192K)->96K(192K) Class: 4K(128K)->4K(128K)
[2024-08-27T15:00:41.808+0000][info][gc             ] GC(228) Pause Young (Normal) (G1 Evacuation Pause) 904M->907M(1024M) 10.547ms
[2024-08-27T15:00:41.808+0000][info][gc,cpu         ] GC(228) User=0.23s Sys=0.00s Real=0.00s
[2024-08-27T15:00:41.831+0000][info][gc,start       ] GC(229) Pause Young (Normal) (G1 Evacuation Pause)
[2024-08-27T15:00:41.831+0000][info][gc,task        ] GC(229) Using 24 workers of 68 for evacuation
[2024-08-27T15:00:41.846+0000][info][gc,phases      ] GC(229)   Pre Evacuate Collection Set: 0.1ms
[2024-08-27T15:00:41.846+0000][info][gc,phases      ] GC(229)   Merge Heap Roots: 0.7ms
[2024-08-27T15:00:41.846+0000][info][gc,phases      ] GC(229)   Evacuate Collection Set: 13.0ms
[2024-08-27T15:00:41.846+0000][info][gc,phases      ] GC(229)   Post Evacuate Collection Set: 0.6ms
[2024-08-27T15:00:41.846+0000][info][gc,phases      ] GC(229)   Other: 0.2ms
[2024-08-27T15:00:41.846+0000][info][gc,heap        ] GC(229) Eden regions: 44->0(44)
[2024-08-27T15:00:41.846+0000][info][gc,heap        ] GC(229) Survivor regions: 7->7(7)
[2024-08-27T15:00:41.846+0000][info][gc,heap        ] GC(229) Old regions: 895->942
[2024-08-27T15:00:41.846+0000][info][gc,heap        ] GC(229) Archive regions: 2->2
[2024-08-27T15:00:41.846+0000][info][gc,heap        ] GC(229) Humongous regions: 5->5
[2024-08-27T15:00:41.846+0000][info][gc,metaspace   ] GC(229) Metaspace: 100K(320K)->100K(320K) NonClass: 96K(192K)->96K(192K) Class: 4K(128K)->4K(128K)
[2024-08-27T15:00:41.846+0000][info][gc             ] GC(229) Pause Young (Normal) (G1 Evacuation Pause) 951M->954M(1024M) 14.580ms
[2024-08-27T15:00:41.846+0000][info][gc,cpu         ] GC(229) User=0.33s Sys=0.00s Real=0.01s
[2024-08-27T15:00:41.861+0000][info][gc,start       ] GC(230) Pause Young (Normal) (G1 Preventive Collection)
[2024-08-27T15:00:41.861+0000][info][gc,task        ] GC(230) Using 24 workers of 68 for evacuation
[2024-08-27T15:00:41.874+0000][info][gc,phases      ] GC(230)   Pre Evacuate Collection Set: 0.2ms
[2024-08-27T15:00:41.874+0000][info][gc,phases      ] GC(230)   Merge Heap Roots: 0.8ms
[2024-08-27T15:00:41.874+0000][info][gc,phases      ] GC(230)   Evacuate Collection Set: 11.4ms
[2024-08-27T15:00:41.874+0000][info][gc,phases      ] GC(230)   Post Evacuate Collection Set: 0.6ms
[2024-08-27T15:00:41.874+0000][info][gc,phases      ] GC(230)   Other: 0.2ms
[2024-08-27T15:00:41.874+0000][info][gc,heap        ] GC(230) Eden regions: 29->0(44)
[2024-08-27T15:00:41.874+0000][info][gc,heap        ] GC(230) Survivor regions: 7->7(7)
[2024-08-27T15:00:41.874+0000][info][gc,heap        ] GC(230) Old regions: 942->974
[2024-08-27T15:00:41.874+0000][info][gc,heap        ] GC(230) Archive regions: 2->2
[2024-08-27T15:00:41.874+0000][info][gc,heap        ] GC(230) Humongous regions: 5->5
[2024-08-27T15:00:41.874+0000][info][gc,metaspace   ] GC(230) Metaspace: 100K(320K)->100K(320K) NonClass: 96K(192K)->96K(192K) Class: 4K(128K)->4K(128K)
[2024-08-27T15:00:41.874+0000][info][gc             ] GC(230) Pause Young (Normal) (G1 Preventive Collection) 983M->986M(1024M) 13.236ms
[2024-08-27T15:00:41.874+0000][info][gc,cpu         ] GC(230) User=0.30s Sys=0.00s Real=0.01s
[2024-08-27T15:00:41.881+0000][info][gc,start       ] GC(231) Pause Young (Normal) (G1 Preventive Collection)
[2024-08-27T15:00:41.881+0000][info][gc,task        ] GC(231) Using 24 workers of 68 for evacuation
[2024-08-27T15:00:41.892+0000][info][gc,phases      ] GC(231)   Pre Evacuate Collection Set: 0.2ms
[2024-08-27T15:00:41.892+0000][info][gc,phases      ] GC(231)   Merge Heap Roots: 0.9ms
[2024-08-27T15:00:41.892+0000][info][gc,phases      ] GC(231)   Evacuate Collection Set: 9.1ms
[2024-08-27T15:00:41.892+0000][info][gc,phases      ] GC(231)   Post Evacuate Collection Set: 0.7ms
[2024-08-27T15:00:41.892+0000][info][gc,phases      ] GC(231)   Other: 0.2ms
[2024-08-27T15:00:41.892+0000][info][gc,heap        ] GC(231) Eden regions: 13->0(44)
[2024-08-27T15:00:41.892+0000][info][gc,heap        ] GC(231) Survivor regions: 7->7(7)
[2024-08-27T15:00:41.892+0000][info][gc,heap        ] GC(231) Old regions: 974->990
[2024-08-27T15:00:41.892+0000][info][gc,heap        ] GC(231) Archive regions: 2->2
[2024-08-27T15:00:41.892+0000][info][gc,heap        ] GC(231) Humongous regions: 5->5
[2024-08-27T15:00:41.892+0000][info][gc,metaspace   ] GC(231) Metaspace: 100K(320K)->100K(320K) NonClass: 96K(192K)->96K(192K) Class: 4K(128K)->4K(128K)
[2024-08-27T15:00:41.892+0000][info][gc             ] GC(231) Pause Young (Normal) (G1 Preventive Collection) 999M->1002M(1024M) 10.994ms
[2024-08-27T15:00:41.892+0000][info][gc,cpu         ] GC(231) User=0.25s Sys=0.00s Real=0.01s
[2024-08-27T15:00:41.893+0000][info][gc,marking     ] GC(227) Concurrent Rebuild Remembered Sets 97.341ms
[2024-08-27T15:00:41.893+0000][info][gc,start       ] GC(227) Pause Cleanup
[2024-08-27T15:00:41.895+0000][info][gc             ] GC(227) Pause Cleanup 1004M->1004M(1024M) 1.478ms
[2024-08-27T15:00:41.895+0000][info][gc,cpu         ] GC(227) User=0.01s Sys=0.00s Real=0.00s
[2024-08-27T15:00:41.895+0000][info][gc,marking     ] GC(227) Concurrent Cleanup for Next Mark
[2024-08-27T15:00:41.895+0000][info][gc,marking     ] GC(227) Concurrent Cleanup for Next Mark 0.561ms
[2024-08-27T15:00:41.895+0000][info][gc             ] GC(227) Concurrent Mark Cycle 126.695ms
[2024-08-27T15:00:41.897+0000][info][gc,start       ] GC(232) Pause Young (Prepare Mixed) (G1 Preventive Collection)
[2024-08-27T15:00:41.897+0000][info][gc,task        ] GC(232) Using 24 workers of 68 for evacuation
[2024-08-27T15:00:41.905+0000][info][gc,phases      ] GC(232)   Pre Evacuate Collection Set: 0.1ms
[2024-08-27T15:00:41.905+0000][info][gc,phases      ] GC(232)   Merge Heap Roots: 0.5ms
[2024-08-27T15:00:41.905+0000][info][gc,phases      ] GC(232)   Evacuate Collection Set: 6.7ms
[2024-08-27T15:00:41.905+0000][info][gc,phases      ] GC(232)   Post Evacuate Collection Set: 0.2ms
[2024-08-27T15:00:41.905+0000][info][gc,phases      ] GC(232)   Other: 0.2ms
[2024-08-27T15:00:41.905+0000][info][gc,heap        ] GC(232) Eden regions: 5->0(45)
[2024-08-27T15:00:41.905+0000][info][gc,heap        ] GC(232) Survivor regions: 7->6(7)
[2024-08-27T15:00:41.905+0000][info][gc,heap        ] GC(232) Old regions: 990->999
[2024-08-27T15:00:41.905+0000][info][gc,heap        ] GC(232) Archive regions: 2->2
[2024-08-27T15:00:41.905+0000][info][gc,heap        ] GC(232) Humongous regions: 5->5
[2024-08-27T15:00:41.905+0000][info][gc,metaspace   ] GC(232) Metaspace: 100K(320K)->100K(320K) NonClass: 96K(192K)->96K(192K) Class: 4K(128K)->4K(128K)
[2024-08-27T15:00:41.905+0000][info][gc             ] GC(232) Pause Young (Prepare Mixed) (G1 Preventive Collection) 1007M->1010M(1024M) 7.696ms
[2024-08-27T15:00:41.905+0000][info][gc,cpu         ] GC(232) User=0.17s Sys=0.00s Real=0.01s
[2024-08-27T15:00:41.906+0000][info][gc,start       ] GC(233) Pause Young (Mixed) (G1 Preventive Collection)
[2024-08-27T15:00:41.906+0000][info][gc,task        ] GC(233) Using 24 workers of 68 for evacuation
[2024-08-27T15:00:41.909+0000][info][gc,phases      ] GC(233)   Pre Evacuate Collection Set: 0.1ms
[2024-08-27T15:00:41.909+0000][info][gc,phases      ] GC(233)   Merge Heap Roots: 0.5ms
[2024-08-27T15:00:41.909+0000][info][gc,phases      ] GC(233)   Evacuate Collection Set: 2.1ms
[2024-08-27T15:00:41.909+0000][info][gc,phases      ] GC(233)   Post Evacuate Collection Set: 0.3ms
[2024-08-27T15:00:41.909+0000][info][gc,phases      ] GC(233)   Other: 0.1ms
[2024-08-27T15:00:41.909+0000][info][gc,heap        ] GC(233) Eden regions: 2->0(48)
[2024-08-27T15:00:41.909+0000][info][gc,heap        ] GC(233) Survivor regions: 6->3(7)
[2024-08-27T15:00:41.909+0000][info][gc,heap        ] GC(233) Old regions: 999->903
[2024-08-27T15:00:41.909+0000][info][gc,heap        ] GC(233) Archive regions: 2->2
[2024-08-27T15:00:41.909+0000][info][gc,heap        ] GC(233) Humongous regions: 5->5
[2024-08-27T15:00:41.909+0000][info][gc,metaspace   ] GC(233) Metaspace: 100K(320K)->100K(320K) NonClass: 96K(192K)->96K(192K) Class: 4K(128K)->4K(128K)
[2024-08-27T15:00:41.909+0000][info][gc             ] GC(233) Pause Young (Mixed) (G1 Preventive Collection) 1012M->910M(1024M) 3.055ms
[2024-08-27T15:00:41.909+0000][info][gc,cpu         ] GC(233) User=0.06s Sys=0.00s Real=0.00s
[2024-08-27T15:00:41.929+0000][info][gc,start       ] GC(234) Pause Young (Mixed) (G1 Evacuation Pause)
[2024-08-27T15:00:41.929+0000][info][gc,task        ] GC(234) Using 24 workers of 68 for evacuation
[2024-08-27T15:00:41.937+0000][info][gc,phases      ] GC(234)   Pre Evacuate Collection Set: 0.2ms
[2024-08-27T15:00:41.937+0000][info][gc,phases      ] GC(234)   Merge Heap Roots: 0.3ms
[2024-08-27T15:00:41.937+0000][info][gc,phases      ] GC(234)   Evacuate Collection Set: 7.2ms
[2024-08-27T15:00:41.937+0000][info][gc,phases      ] GC(234)   Post Evacuate Collection Set: 0.3ms
[2024-08-27T15:00:41.937+0000][info][gc,phases      ] GC(234)   Other: 0.2ms
[2024-08-27T15:00:41.937+0000][info][gc,heap        ] GC(234) Eden regions: 48->0(44)
[2024-08-27T15:00:41.937+0000][info][gc,heap        ] GC(234) Survivor regions: 3->7(7)
[2024-08-27T15:00:41.937+0000][info][gc,heap        ] GC(234) Old regions: 903->842
[2024-08-27T15:00:41.937+0000][info][gc,heap        ] GC(234) Archive regions: 2->2
[2024-08-27T15:00:41.937+0000][info][gc,heap        ] GC(234) Humongous regions: 5->5
[2024-08-27T15:00:41.937+0000][info][gc,metaspace   ] GC(234) Metaspace: 100K(320K)->100K(320K) NonClass: 96K(192K)->96K(192K) Class: 4K(128K)->4K(128K)
[2024-08-27T15:00:41.937+0000][info][gc             ] GC(234) Pause Young (Mixed) (G1 Evacuation Pause) 958M->854M(1024M) 8.247ms
[2024-08-27T15:00:41.937+0000][info][gc,cpu         ] GC(234) User=0.18s Sys=0.00s Real=0.02s
[2024-08-27T15:00:41.957+0000][info][gc,start       ] GC(235) Pause Young (Mixed) (G1 Evacuation Pause)
[2024-08-27T15:00:41.957+0000][info][gc,task        ] GC(235) Using 24 workers of 68 for evacuation
[2024-08-27T15:00:41.967+0000][info][gc,phases      ] GC(235)   Pre Evacuate Collection Set: 0.2ms
[2024-08-27T15:00:41.967+0000][info][gc,phases      ] GC(235)   Merge Heap Roots: 0.6ms
[2024-08-27T15:00:41.967+0000][info][gc,phases      ] GC(235)   Evacuate Collection Set: 8.6ms
[2024-08-27T15:00:41.967+0000][info][gc,phases      ] GC(235)   Post Evacuate Collection Set: 0.4ms
[2024-08-27T15:00:41.967+0000][info][gc,phases      ] GC(235)   Other: 0.2ms
[2024-08-27T15:00:41.967+0000][info][gc,heap        ] GC(235) Eden regions: 44->0(44)
[2024-08-27T15:00:41.967+0000][info][gc,heap        ] GC(235) Survivor regions: 7->7(7)
[2024-08-27T15:00:41.967+0000][info][gc,heap        ] GC(235) Old regions: 842->785
[2024-08-27T15:00:41.967+0000][info][gc,heap        ] GC(235) Archive regions: 2->2
[2024-08-27T15:00:41.967+0000][info][gc,heap        ] GC(235) Humongous regions: 5->5
[2024-08-27T15:00:41.967+0000][info][gc,metaspace   ] GC(235) Metaspace: 100K(320K)->100K(320K) NonClass: 96K(192K)->96K(192K) Class: 4K(128K)->4K(128K)
[2024-08-27T15:00:41.967+0000][info][gc             ] GC(235) Pause Young (Mixed) (G1 Evacuation Pause) 898M->797M(1024M) 9.965ms
[2024-08-27T15:00:41.967+0000][info][gc,cpu         ] GC(235) User=0.21s Sys=0.00s Real=0.01s
[2024-08-27T15:00:41.986+0000][info][gc,start       ] GC(236) Pause Young (Mixed) (G1 Evacuation Pause)
[2024-08-27T15:00:41.986+0000][info][gc,task        ] GC(236) Using 24 workers of 68 for evacuation
[2024-08-27T15:00:41.995+0000][info][gc,phases      ] GC(236)   Pre Evacuate Collection Set: 0.3ms
[2024-08-27T15:00:41.995+0000][info][gc,phases      ] GC(236)   Merge Heap Roots: 0.3ms
[2024-08-27T15:00:41.995+0000][info][gc,phases      ] GC(236)   Evacuate Collection Set: 8.4ms
[2024-08-27T15:00:41.995+0000][info][gc,phases      ] GC(236)   Post Evacuate Collection Set: 0.3ms
[2024-08-27T15:00:41.995+0000][info][gc,phases      ] GC(236)   Other: 0.2ms
[2024-08-27T15:00:41.995+0000][info][gc,heap        ] GC(236) Eden regions: 44->0(44)
[2024-08-27T15:00:41.995+0000][info][gc,heap        ] GC(236) Survivor regions: 7->7(7)
[2024-08-27T15:00:41.995+0000][info][gc,heap        ] GC(236) Old regions: 785->781
[2024-08-27T15:00:41.995+0000][info][gc,heap        ] GC(236) Archive regions: 2->2
[2024-08-27T15:00:41.995+0000][info][gc,heap        ] GC(236) Humongous regions: 5->5
[2024-08-27T15:00:41.995+0000][info][gc,metaspace   ] GC(236) Metaspace: 100K(320K)->100K(320K) NonClass: 96K(192K)->96K(192K) Class: 4K(128K)->4K(128K)
[2024-08-27T15:00:41.995+0000][info][gc             ] GC(236) Pause Young (Mixed) (G1 Evacuation Pause) 841M->793M(1024M) 9.534ms
[2024-08-27T15:00:41.995+0000][info][gc,cpu         ] GC(236) User=0.21s Sys=0.00s Real=0.01s
[2024-08-27T15:00:42.016+0000][info][gc,start       ] GC(237) Pause Young (Concurrent Start) (G1 Evacuation Pause)
[2024-08-27T15:00:42.016+0000][info][gc,task        ] GC(237) Using 24 workers of 68 for evacuation
[2024-08-27T15:00:42.025+0000][info][gc,phases      ] GC(237)   Pre Evacuate Collection Set: 0.2ms
[2024-08-27T15:00:42.025+0000][info][gc,phases      ] GC(237)   Merge Heap Roots: 0.3ms
[2024-08-27T15:00:42.025+0000][info][gc,phases      ] GC(237)   Evacuate Collection Set: 8.5ms
[2024-08-27T15:00:42.025+0000][info][gc,phases      ] GC(237)   Post Evacuate Collection Set: 0.3ms
[2024-08-27T15:00:42.025+0000][info][gc,phases      ] GC(237)   Other: 0.5ms
[2024-08-27T15:00:42.025+0000][info][gc,heap        ] GC(237) Eden regions: 44->0(44)
[2024-08-27T15:00:42.025+0000][info][gc,heap        ] GC(237) Survivor regions: 7->7(7)
[2024-08-27T15:00:42.025+0000][info][gc,heap        ] GC(237) Old regions: 781->828
[2024-08-27T15:00:42.025+0000][info][gc,heap        ] GC(237) Archive regions: 2->2
[2024-08-27T15:00:42.025+0000][info][gc,heap        ] GC(237) Humongous regions: 5->5
[2024-08-27T15:00:42.025+0000][info][gc,metaspace   ] GC(237) Metaspace: 100K(320K)->100K(320K) NonClass: 96K(192K)->96K(192K) Class: 4K(128K)->4K(128K)
[2024-08-27T15:00:42.025+0000][info][gc             ] GC(237) Pause Young (Concurrent Start) (G1 Evacuation Pause) 837M->840M(1024M) 9.825ms
[2024-08-27T15:00:42.025+0000][info][gc,cpu         ] GC(237) User=0.21s Sys=0.00s Real=0.01s
[2024-08-27T15:00:42.026+0000][info][gc             ] GC(238) Concurrent Mark Cycle
[2024-08-27T15:00:42.026+0000][info][gc,marking     ] GC(238) Concurrent Clear Claimed Marks
[2024-08-27T15:00:42.026+0000][info][gc,marking     ] GC(238) Concurrent Clear Claimed Marks 0.014ms
[2024-08-27T15:00:42.026+0000][info][gc,marking     ] GC(238) Concurrent Scan Root Regions
[2024-08-27T15:00:42.027+0000][info][gc,marking     ] GC(238) Concurrent Scan Root Regions 1.476ms
[2024-08-27T15:00:42.027+0000][info][gc,marking     ] GC(238) Concurrent Mark
[2024-08-27T15:00:42.027+0000][info][gc,marking     ] GC(238) Concurrent Mark From Roots
[2024-08-27T15:00:42.027+0000][info][gc,task        ] GC(238) Using 17 workers of 17 for marking
[2024-08-27T15:00:42.049+0000][info][gc,marking     ] GC(238) Concurrent Mark From Roots 21.802ms
[2024-08-27T15:00:42.049+0000][info][gc,marking     ] GC(238) Concurrent Preclean
[2024-08-27T15:00:42.050+0000][info][gc,marking     ] GC(238) Concurrent Preclean 0.514ms
[2024-08-27T15:00:42.050+0000][info][gc,start       ] GC(238) Pause Remark
[2024-08-27T15:00:42.051+0000][info][gc             ] GC(238) Pause Remark 880M->880M(1024M) 1.204ms
[2024-08-27T15:00:42.051+0000][info][gc,cpu         ] GC(238) User=0.01s Sys=0.01s Real=0.00s
[2024-08-27T15:00:42.051+0000][info][gc,marking     ] GC(238) Concurrent Mark 23.985ms
[2024-08-27T15:00:42.051+0000][info][gc,marking     ] GC(238) Concurrent Rebuild Remembered Sets
[2024-08-27T15:00:42.053+0000][info][gc,start       ] GC(239) Pause Young (Normal) (G1 Evacuation Pause)
[2024-08-27T15:00:42.053+0000][info][gc,task        ] GC(239) Using 24 workers of 68 for evacuation
[2024-08-27T15:00:42.063+0000][info][gc,phases      ] GC(239)   Pre Evacuate Collection Set: 0.2ms
[2024-08-27T15:00:42.063+0000][info][gc,phases      ] GC(239)   Merge Heap Roots: 0.5ms
[2024-08-27T15:00:42.063+0000][info][gc,phases      ] GC(239)   Evacuate Collection Set: 8.5ms
[2024-08-27T15:00:42.063+0000][info][gc,phases      ] GC(239)   Post Evacuate Collection Set: 0.4ms
[2024-08-27T15:00:42.063+0000][info][gc,phases      ] GC(239)   Other: 0.2ms
[2024-08-27T15:00:42.063+0000][info][gc,heap        ] GC(239) Eden regions: 44->0(44)
[2024-08-27T15:00:42.063+0000][info][gc,heap        ] GC(239) Survivor regions: 7->7(7)
[2024-08-27T15:00:42.063+0000][info][gc,heap        ] GC(239) Old regions: 828->875
[2024-08-27T15:00:42.063+0000][info][gc,heap        ] GC(239) Archive regions: 2->2
[2024-08-27T15:00:42.063+0000][info][gc,heap        ] GC(239) Humongous regions: 5->5
[2024-08-27T15:00:42.063+0000][info][gc,metaspace   ] GC(239) Metaspace: 100K(320K)->100K(320K) NonClass: 96K(192K)->96K(192K) Class: 4K(128K)->4K(128K)
[2024-08-27T15:00:42.063+0000][info][gc             ] GC(239) Pause Young (Normal) (G1 Evacuation Pause) 884M->887M(1024M) 9.908ms
[2024-08-27T15:00:42.063+0000][info][gc,cpu         ] GC(239) User=0.21s Sys=0.00s Real=0.01s
[2024-08-27T15:00:42.084+0000][info][gc,start       ] GC(240) Pause Young (Normal) (G1 Evacuation Pause)
[2024-08-27T15:00:42.084+0000][info][gc,task        ] GC(240) Using 24 workers of 68 for evacuation
[2024-08-27T15:00:42.097+0000][info][gc,phases      ] GC(240)   Pre Evacuate Collection Set: 0.2ms
[2024-08-27T15:00:42.097+0000][info][gc,phases      ] GC(240)   Merge Heap Roots: 0.4ms
[2024-08-27T15:00:42.097+0000][info][gc,phases      ] GC(240)   Evacuate Collection Set: 12.1ms
[2024-08-27T15:00:42.097+0000][info][gc,phases      ] GC(240)   Post Evacuate Collection Set: 0.5ms
[2024-08-27T15:00:42.097+0000][info][gc,phases      ] GC(240)   Other: 0.2ms
[2024-08-27T15:00:42.097+0000][info][gc,heap        ] GC(240) Eden regions: 44->0(44)
[2024-08-27T15:00:42.097+0000][info][gc,heap        ] GC(240) Survivor regions: 7->7(7)
[2024-08-27T15:00:42.097+0000][info][gc,heap        ] GC(240) Old regions: 875->921
[2024-08-27T15:00:42.097+0000][info][gc,heap        ] GC(240) Archive regions: 2->2
[2024-08-27T15:00:42.097+0000][info][gc,heap        ] GC(240) Humongous regions: 5->5
[2024-08-27T15:00:42.097+0000][info][gc,metaspace   ] GC(240) Metaspace: 100K(320K)->100K(320K) NonClass: 96K(192K)->96K(192K) Class: 4K(128K)->4K(128K)
[2024-08-27T15:00:42.097+0000][info][gc             ] GC(240) Pause Young (Normal) (G1 Evacuation Pause) 931M->933M(1024M) 13.425ms
[2024-08-27T15:00:42.097+0000][info][gc,cpu         ] GC(240) User=0.30s Sys=0.00s Real=0.01s
[2024-08-27T15:00:42.115+0000][info][gc,start       ] GC(241) Pause Young (Normal) (G1 Preventive Collection)
[2024-08-27T15:00:42.115+0000][info][gc,task        ] GC(241) Using 24 workers of 68 for evacuation
[2024-08-27T15:00:42.130+0000][info][gc,phases      ] GC(241)   Pre Evacuate Collection Set: 0.2ms
[2024-08-27T15:00:42.130+0000][info][gc,phases      ] GC(241)   Merge Heap Roots: 0.8ms
[2024-08-27T15:00:42.130+0000][info][gc,phases      ] GC(241)   Evacuate Collection Set: 13.1ms
[2024-08-27T15:00:42.130+0000][info][gc,phases      ] GC(241)   Post Evacuate Collection Set: 0.6ms
[2024-08-27T15:00:42.130+0000][info][gc,phases      ] GC(241)   Other: 0.2ms
[2024-08-27T15:00:42.130+0000][info][gc,heap        ] GC(241) Eden regions: 39->0(44)
[2024-08-27T15:00:42.130+0000][info][gc,heap        ] GC(241) Survivor regions: 7->7(7)
[2024-08-27T15:00:42.130+0000][info][gc,heap        ] GC(241) Old regions: 921->962
[2024-08-27T15:00:42.130+0000][info][gc,heap        ] GC(241) Archive regions: 2->2
[2024-08-27T15:00:42.130+0000][info][gc,heap        ] GC(241) Humongous regions: 5->5
[2024-08-27T15:00:42.130+0000][info][gc,metaspace   ] GC(241) Metaspace: 100K(320K)->100K(320K) NonClass: 96K(192K)->96K(192K) Class: 4K(128K)->4K(128K)
[2024-08-27T15:00:42.130+0000][info][gc             ] GC(241) Pause Young (Normal) (G1 Preventive Collection) 972M->974M(1024M) 15.015ms
[2024-08-27T15:00:42.130+0000][info][gc,cpu         ] GC(241) User=0.33s Sys=0.02s Real=0.02s
[2024-08-27T15:00:42.136+0000][info][gc,marking     ] GC(238) Concurrent Rebuild Remembered Sets 84.817ms
[2024-08-27T15:00:42.136+0000][info][gc,start       ] GC(238) Pause Cleanup
[2024-08-27T15:00:42.137+0000][info][gc             ] GC(238) Pause Cleanup 986M->986M(1024M) 1.123ms
[2024-08-27T15:00:42.137+0000][info][gc,cpu         ] GC(238) User=0.00s Sys=0.00s Real=0.00s
[2024-08-27T15:00:42.137+0000][info][gc,marking     ] GC(238) Concurrent Cleanup for Next Mark
[2024-08-27T15:00:42.138+0000][info][gc,marking     ] GC(238) Concurrent Cleanup for Next Mark 0.535ms
[2024-08-27T15:00:42.138+0000][info][gc             ] GC(238) Concurrent Mark Cycle 112.440ms
[2024-08-27T15:00:42.142+0000][info][gc,start       ] GC(242) Pause Young (Prepare Mixed) (G1 Preventive Collection)
[2024-08-27T15:00:42.142+0000][info][gc,task        ] GC(242) Using 24 workers of 68 for evacuation
[2024-08-27T15:00:42.154+0000][info][gc             ] GC(242) To-space exhausted
[2024-08-27T15:00:42.154+0000][info][gc,phases      ] GC(242)   Pre Evacuate Collection Set: 0.1ms
[2024-08-27T15:00:42.154+0000][info][gc,phases      ] GC(242)   Merge Heap Roots: 1.0ms
[2024-08-27T15:00:42.154+0000][info][gc,phases      ] GC(242)   Evacuate Collection Set: 10.2ms
[2024-08-27T15:00:42.154+0000][info][gc,phases      ] GC(242)   Post Evacuate Collection Set: 0.6ms
[2024-08-27T15:00:42.154+0000][info][gc,phases      ] GC(242)   Other: 0.2ms
[2024-08-27T15:00:42.154+0000][info][gc,heap        ] GC(242) Eden regions: 19->0(44)
[2024-08-27T15:00:42.154+0000][info][gc,heap        ] GC(242) Survivor regions: 7->7(7)
[2024-08-27T15:00:42.154+0000][info][gc,heap        ] GC(242) Old regions: 962->1007
[2024-08-27T15:00:42.154+0000][info][gc,heap        ] GC(242) Archive regions: 2->2
[2024-08-27T15:00:42.154+0000][info][gc,heap        ] GC(242) Humongous regions: 5->5
[2024-08-27T15:00:42.154+0000][info][gc,metaspace   ] GC(242) Metaspace: 100K(320K)->100K(320K) NonClass: 96K(192K)->96K(192K) Class: 4K(128K)->4K(128K)
[2024-08-27T15:00:42.154+0000][info][gc             ] GC(242) Pause Young (Prepare Mixed) (G1 Preventive Collection) 993M->1019M(1024M) 12.087ms
[2024-08-27T15:00:42.154+0000][info][gc,cpu         ] GC(242) User=0.28s Sys=0.00s Real=0.01s
[2024-08-27T15:00:42.155+0000][info][gc,start       ] GC(243) Pause Young (Mixed) (G1 Preventive Collection)
[2024-08-27T15:00:42.155+0000][info][gc,task        ] GC(243) Using 24 workers of 68 for evacuation
[2024-08-27T15:00:42.158+0000][info][gc             ] GC(243) To-space exhausted
[2024-08-27T15:00:42.158+0000][info][gc,phases      ] GC(243)   Pre Evacuate Collection Set: 0.1ms
[2024-08-27T15:00:42.158+0000][info][gc,phases      ] GC(243)   Merge Heap Roots: 0.5ms
[2024-08-27T15:00:42.158+0000][info][gc,phases      ] GC(243)   Evacuate Collection Set: 2.1ms
[2024-08-27T15:00:42.158+0000][info][gc,phases      ] GC(243)   Post Evacuate Collection Set: 0.7ms
[2024-08-27T15:00:42.158+0000][info][gc,phases      ] GC(243)   Other: 0.1ms
[2024-08-27T15:00:42.158+0000][info][gc,heap        ] GC(243) Eden regions: 1->0(50)
[2024-08-27T15:00:42.158+0000][info][gc,heap        ] GC(243) Survivor regions: 7->1(2)
[2024-08-27T15:00:42.158+0000][info][gc,heap        ] GC(243) Old regions: 1007->1016
[2024-08-27T15:00:42.158+0000][info][gc,heap        ] GC(243) Archive regions: 2->2
[2024-08-27T15:00:42.158+0000][info][gc,heap        ] GC(243) Humongous regions: 5->5
[2024-08-27T15:00:42.158+0000][info][gc,metaspace   ] GC(243) Metaspace: 100K(320K)->100K(320K) NonClass: 96K(192K)->96K(192K) Class: 4K(128K)->4K(128K)
[2024-08-27T15:00:42.158+0000][info][gc             ] GC(243) Pause Young (Mixed) (G1 Preventive Collection) 1020M->1022M(1024M) 3.572ms
[2024-08-27T15:00:42.158+0000][info][gc,cpu         ] GC(243) User=0.06s Sys=0.00s Real=0.01s
[2024-08-27T15:00:42.158+0000][info][gc,ergo        ] Attempting full compaction
[2024-08-27T15:00:42.158+0000][info][gc,task        ] GC(244) Using 24 workers of 68 for full compaction
[2024-08-27T15:00:42.158+0000][info][gc,start       ] GC(244) Pause Full (G1 Compaction Pause)
[2024-08-27T15:00:42.159+0000][info][gc,phases,start] GC(244) Phase 1: Mark live objects
[2024-08-27T15:00:42.170+0000][info][gc,phases      ] GC(244) Phase 1: Mark live objects 11.549ms
[2024-08-27T15:00:42.170+0000][info][gc,phases,start] GC(244) Phase 2: Prepare for compaction
[2024-08-27T15:00:42.178+0000][info][gc,phases      ] GC(244) Phase 2: Prepare for compaction 8.146ms
[2024-08-27T15:00:42.178+0000][info][gc,phases,start] GC(244) Phase 3: Adjust pointers
[2024-08-27T15:00:42.192+0000][info][gc,phases      ] GC(244) Phase 3: Adjust pointers 13.657ms
[2024-08-27T15:00:42.192+0000][info][gc,phases,start] GC(244) Phase 4: Compact heap
[2024-08-27T15:00:42.214+0000][info][gc,phases      ] GC(244) Phase 4: Compact heap 22.312ms
[2024-08-27T15:00:42.215+0000][info][gc,heap        ] GC(244) Eden regions: 0->0(150)
[2024-08-27T15:00:42.215+0000][info][gc,heap        ] GC(244) Survivor regions: 1->0(2)
[2024-08-27T15:00:42.215+0000][info][gc,heap        ] GC(244) Old regions: 1016->442
[2024-08-27T15:00:42.215+0000][info][gc,heap        ] GC(244) Archive regions: 2->2
[2024-08-27T15:00:42.215+0000][info][gc,heap        ] GC(244) Humongous regions: 5->5
[2024-08-27T15:00:42.215+0000][info][gc,metaspace   ] GC(244) Metaspace: 100K(320K)->100K(320K) NonClass: 96K(192K)->96K(192K) Class: 4K(128K)->4K(128K)
[2024-08-27T15:00:42.215+0000][info][gc             ] GC(244) Pause Full (G1 Compaction Pause) 1022M->436M(1024M) 56.795ms
[2024-08-27T15:00:42.215+0000][info][gc,cpu         ] GC(244) User=1.21s Sys=0.00s Real=0.05s
[2024-08-27T15:00:42.292+0000][info][gc,start       ] GC(245) Pause Young (Normal) (G1 Evacuation Pause)
[2024-08-27T15:00:42.292+0000][info][gc,task        ] GC(245) Using 24 workers of 68 for evacuation
[2024-08-27T15:00:42.314+0000][info][gc,phases      ] GC(245)   Pre Evacuate Collection Set: 0.2ms
[2024-08-27T15:00:42.314+0000][info][gc,phases      ] GC(245)   Merge Heap Roots: 0.5ms
[2024-08-27T15:00:42.314+0000][info][gc,phases      ] GC(245)   Evacuate Collection Set: 21.0ms
[2024-08-27T15:00:42.314+0000][info][gc,phases      ] GC(245)   Post Evacuate Collection Set: 0.3ms
[2024-08-27T15:00:42.314+0000][info][gc,phases      ] GC(245)   Other: 0.2ms
[2024-08-27T15:00:42.314+0000][info][gc,heap        ] GC(245) Eden regions: 150->0(103)
[2024-08-27T15:00:42.314+0000][info][gc,heap        ] GC(245) Survivor regions: 0->19(19)
[2024-08-27T15:00:42.314+0000][info][gc,heap        ] GC(245) Old regions: 442->569
[2024-08-27T15:00:42.314+0000][info][gc,heap        ] GC(245) Archive regions: 2->2
[2024-08-27T15:00:42.314+0000][info][gc,heap        ] GC(245) Humongous regions: 5->5
[2024-08-27T15:00:42.314+0000][info][gc,metaspace   ] GC(245) Metaspace: 100K(320K)->100K(320K) NonClass: 96K(192K)->96K(192K) Class: 4K(128K)->4K(128K)
[2024-08-27T15:00:42.314+0000][info][gc             ] GC(245) Pause Young (Normal) (G1 Evacuation Pause) 586M->582M(1024M) 22.314ms
[2024-08-27T15:00:42.314+0000][info][gc,cpu         ] GC(245) User=0.51s Sys=0.00s Real=0.02s
[2024-08-27T15:00:42.364+0000][info][gc,start       ] GC(246) Pause Young (Concurrent Start) (G1 Evacuation Pause)
[2024-08-27T15:00:42.364+0000][info][gc,task        ] GC(246) Using 24 workers of 68 for evacuation
[2024-08-27T15:00:42.383+0000][info][gc,phases      ] GC(246)   Pre Evacuate Collection Set: 0.2ms
[2024-08-27T15:00:42.383+0000][info][gc,phases      ] GC(246)   Merge Heap Roots: 0.5ms
[2024-08-27T15:00:42.383+0000][info][gc,phases      ] GC(246)   Evacuate Collection Set: 17.8ms
[2024-08-27T15:00:42.383+0000][info][gc,phases      ] GC(246)   Post Evacuate Collection Set: 0.3ms
[2024-08-27T15:00:42.383+0000][info][gc,phases      ] GC(246)   Other: 0.5ms
[2024-08-27T15:00:42.383+0000][info][gc,heap        ] GC(246) Eden regions: 103->0(70)
[2024-08-27T15:00:42.383+0000][info][gc,heap        ] GC(246) Survivor regions: 19->16(16)
[2024-08-27T15:00:42.383+0000][info][gc,heap        ] GC(246) Old regions: 569->677
[2024-08-27T15:00:42.383+0000][info][gc,heap        ] GC(246) Archive regions: 2->2
[2024-08-27T15:00:42.383+0000][info][gc,heap        ] GC(246) Humongous regions: 5->5
[2024-08-27T15:00:42.383+0000][info][gc,metaspace   ] GC(246) Metaspace: 100K(320K)->100K(320K) NonClass: 96K(192K)->96K(192K) Class: 4K(128K)->4K(128K)
[2024-08-27T15:00:42.383+0000][info][gc             ] GC(246) Pause Young (Concurrent Start) (G1 Evacuation Pause) 685M->687M(1024M) 19.226ms
[2024-08-27T15:00:42.383+0000][info][gc,cpu         ] GC(246) User=0.44s Sys=0.00s Real=0.02s
[2024-08-27T15:00:42.383+0000][info][gc             ] GC(247) Concurrent Mark Cycle
[2024-08-27T15:00:42.383+0000][info][gc,marking     ] GC(247) Concurrent Clear Claimed Marks
[2024-08-27T15:00:42.383+0000][info][gc,marking     ] GC(247) Concurrent Clear Claimed Marks 0.010ms
[2024-08-27T15:00:42.383+0000][info][gc,marking     ] GC(247) Concurrent Scan Root Regions
[2024-08-27T15:00:42.387+0000][info][gc,marking     ] GC(247) Concurrent Scan Root Regions 3.208ms
[2024-08-27T15:00:42.387+0000][info][gc,marking     ] GC(247) Concurrent Mark
[2024-08-27T15:00:42.387+0000][info][gc,marking     ] GC(247) Concurrent Mark From Roots
[2024-08-27T15:00:42.387+0000][info][gc,task        ] GC(247) Using 17 workers of 17 for marking
[2024-08-27T15:00:42.406+0000][info][gc,marking     ] GC(247) Concurrent Mark From Roots 19.101ms
[2024-08-27T15:00:42.406+0000][info][gc,marking     ] GC(247) Concurrent Preclean
[2024-08-27T15:00:42.407+0000][info][gc,marking     ] GC(247) Concurrent Preclean 0.832ms
[2024-08-27T15:00:42.407+0000][info][gc,start       ] GC(247) Pause Remark
[2024-08-27T15:00:42.408+0000][info][gc             ] GC(247) Pause Remark 724M->724M(1024M) 1.071ms
[2024-08-27T15:00:42.408+0000][info][gc,cpu         ] GC(247) User=0.01s Sys=0.00s Real=0.00s
[2024-08-27T15:00:42.408+0000][info][gc,marking     ] GC(247) Concurrent Mark 21.469ms
[2024-08-27T15:00:42.408+0000][info][gc,marking     ] GC(247) Concurrent Rebuild Remembered Sets
[2024-08-27T15:00:42.424+0000][info][gc,start       ] GC(248) Pause Young (Normal) (G1 Evacuation Pause)
[2024-08-27T15:00:42.424+0000][info][gc,task        ] GC(248) Using 24 workers of 68 for evacuation
[2024-08-27T15:00:42.439+0000][info][gc,phases      ] GC(248)   Pre Evacuate Collection Set: 0.1ms
[2024-08-27T15:00:42.439+0000][info][gc,phases      ] GC(248)   Merge Heap Roots: 0.6ms
[2024-08-27T15:00:42.439+0000][info][gc,phases      ] GC(248)   Evacuate Collection Set: 14.3ms
[2024-08-27T15:00:42.439+0000][info][gc,phases      ] GC(248)   Post Evacuate Collection Set: 0.5ms
[2024-08-27T15:00:42.439+0000][info][gc,phases      ] GC(248)   Other: 0.2ms
[2024-08-27T15:00:42.439+0000][info][gc,heap        ] GC(248) Eden regions: 70->0(46)
[2024-08-27T15:00:42.439+0000][info][gc,heap        ] GC(248) Survivor regions: 16->11(11)
[2024-08-27T15:00:42.439+0000][info][gc,heap        ] GC(248) Old regions: 677->755
[2024-08-27T15:00:42.439+0000][info][gc,heap        ] GC(248) Archive regions: 2->2
[2024-08-27T15:00:42.439+0000][info][gc,heap        ] GC(248) Humongous regions: 5->5
[2024-08-27T15:00:42.439+0000][info][gc,metaspace   ] GC(248) Metaspace: 100K(320K)->100K(320K) NonClass: 96K(192K)->96K(192K) Class: 4K(128K)->4K(128K)
[2024-08-27T15:00:42.439+0000][info][gc             ] GC(248) Pause Young (Normal) (G1 Evacuation Pause) 757M->760M(1024M) 15.786ms
[2024-08-27T15:00:42.440+0000][info][gc,cpu         ] GC(248) User=0.37s Sys=0.00s Real=0.02s
[2024-08-27T15:00:42.462+0000][info][gc,start       ] GC(249) Pause Young (Normal) (G1 Evacuation Pause)
[2024-08-27T15:00:42.462+0000][info][gc,task        ] GC(249) Using 24 workers of 68 for evacuation
[2024-08-27T15:00:42.479+0000][info][gc,phases      ] GC(249)   Pre Evacuate Collection Set: 0.2ms
[2024-08-27T15:00:42.479+0000][info][gc,phases      ] GC(249)   Merge Heap Roots: 0.7ms
[2024-08-27T15:00:42.479+0000][info][gc,phases      ] GC(249)   Evacuate Collection Set: 16.1ms
[2024-08-27T15:00:42.479+0000][info][gc,phases      ] GC(249)   Post Evacuate Collection Set: 0.6ms
[2024-08-27T15:00:42.479+0000][info][gc,phases      ] GC(249)   Other: 0.2ms
[2024-08-27T15:00:42.480+0000][info][gc,heap        ] GC(249) Eden regions: 46->0(43)
[2024-08-27T15:00:42.480+0000][info][gc,heap        ] GC(249) Survivor regions: 11->8(8)
[2024-08-27T15:00:42.480+0000][info][gc,heap        ] GC(249) Old regions: 755->808
[2024-08-27T15:00:42.480+0000][info][gc,heap        ] GC(249) Archive regions: 2->2
[2024-08-27T15:00:42.480+0000][info][gc,heap        ] GC(249) Humongous regions: 5->5
[2024-08-27T15:00:42.480+0000][info][gc,metaspace   ] GC(249) Metaspace: 100K(320K)->100K(320K) NonClass: 96K(192K)->96K(192K) Class: 4K(128K)->4K(128K)
[2024-08-27T15:00:42.480+0000][info][gc             ] GC(249) Pause Young (Normal) (G1 Evacuation Pause) 806M->810M(1024M) 17.836ms
[2024-08-27T15:00:42.480+0000][info][gc,cpu         ] GC(249) User=0.41s Sys=0.00s Real=0.02s
[2024-08-27T15:00:42.486+0000][info][gc,marking     ] GC(247) Concurrent Rebuild Remembered Sets 78.049ms
[2024-08-27T15:00:42.486+0000][info][gc,start       ] GC(247) Pause Cleanup
[2024-08-27T15:00:42.487+0000][info][gc             ] GC(247) Pause Cleanup 823M->823M(1024M) 0.913ms
[2024-08-27T15:00:42.487+0000][info][gc,cpu         ] GC(247) User=0.00s Sys=0.00s Real=0.00s
[2024-08-27T15:00:42.487+0000][info][gc,marking     ] GC(247) Concurrent Cleanup for Next Mark
[2024-08-27T15:00:42.488+0000][info][gc,marking     ] GC(247) Concurrent Cleanup for Next Mark 0.567ms
[2024-08-27T15:00:42.488+0000][info][gc             ] GC(247) Concurrent Mark Cycle 104.531ms
[2024-08-27T15:00:42.503+0000][info][gc,start       ] GC(250) Pause Young (Prepare Mixed) (G1 Evacuation Pause)
[2024-08-27T15:00:42.503+0000][info][gc,task        ] GC(250) Using 24 workers of 68 for evacuation
[2024-08-27T15:00:42.520+0000][info][gc,phases      ] GC(250)   Pre Evacuate Collection Set: 0.2ms
[2024-08-27T15:00:42.520+0000][info][gc,phases      ] GC(250)   Merge Heap Roots: 0.5ms
[2024-08-27T15:00:42.520+0000][info][gc,phases      ] GC(250)   Evacuate Collection Set: 15.7ms
[2024-08-27T15:00:42.520+0000][info][gc,phases      ] GC(250)   Post Evacuate Collection Set: 0.3ms
[2024-08-27T15:00:42.520+0000][info][gc,phases      ] GC(250)   Other: 0.2ms
[2024-08-27T15:00:42.520+0000][info][gc,heap        ] GC(250) Eden regions: 43->0(44)
[2024-08-27T15:00:42.520+0000][info][gc,heap        ] GC(250) Survivor regions: 8->7(7)
[2024-08-27T15:00:42.520+0000][info][gc,heap        ] GC(250) Old regions: 808->856
[2024-08-27T15:00:42.520+0000][info][gc,heap        ] GC(250) Archive regions: 2->2
[2024-08-27T15:00:42.520+0000][info][gc,heap        ] GC(250) Humongous regions: 5->5
[2024-08-27T15:00:42.520+0000][info][gc,metaspace   ] GC(250) Metaspace: 100K(320K)->100K(320K) NonClass: 96K(192K)->96K(192K) Class: 4K(128K)->4K(128K)
[2024-08-27T15:00:42.520+0000][info][gc             ] GC(250) Pause Young (Prepare Mixed) (G1 Evacuation Pause) 853M->857M(1024M) 16.900ms
[2024-08-27T15:00:42.520+0000][info][gc,cpu         ] GC(250) User=0.39s Sys=0.00s Real=0.02s
[2024-08-27T15:00:42.541+0000][info][gc,start       ] GC(251) Pause Young (Mixed) (G1 Evacuation Pause)
[2024-08-27T15:00:42.541+0000][info][gc,task        ] GC(251) Using 24 workers of 68 for evacuation
[2024-08-27T15:00:42.553+0000][info][gc,phases      ] GC(251)   Pre Evacuate Collection Set: 0.2ms
[2024-08-27T15:00:42.553+0000][info][gc,phases      ] GC(251)   Merge Heap Roots: 0.7ms
[2024-08-27T15:00:42.553+0000][info][gc,phases      ] GC(251)   Evacuate Collection Set: 10.5ms
[2024-08-27T15:00:42.553+0000][info][gc,phases      ] GC(251)   Post Evacuate Collection Set: 0.3ms
[2024-08-27T15:00:42.553+0000][info][gc,phases      ] GC(251)   Other: 0.2ms
[2024-08-27T15:00:42.553+0000][info][gc,heap        ] GC(251) Eden regions: 44->0(44)
[2024-08-27T15:00:42.553+0000][info][gc,heap        ] GC(251) Survivor regions: 7->7(7)
[2024-08-27T15:00:42.553+0000][info][gc,heap        ] GC(251) Old regions: 856->800
[2024-08-27T15:00:42.553+0000][info][gc,heap        ] GC(251) Archive regions: 2->2
[2024-08-27T15:00:42.553+0000][info][gc,heap        ] GC(251) Humongous regions: 5->5
[2024-08-27T15:00:42.553+0000][info][gc,metaspace   ] GC(251) Metaspace: 100K(320K)->100K(320K) NonClass: 96K(192K)->96K(192K) Class: 4K(128K)->4K(128K)
[2024-08-27T15:00:42.553+0000][info][gc             ] GC(251) Pause Young (Mixed) (G1 Evacuation Pause) 901M->812M(1024M) 11.929ms
[2024-08-27T15:00:42.553+0000][info][gc,cpu         ] GC(251) User=0.27s Sys=0.00s Real=0.01s
[2024-08-27T15:00:42.573+0000][info][gc,start       ] GC(252) Pause Young (Mixed) (G1 Evacuation Pause)
[2024-08-27T15:00:42.573+0000][info][gc,task        ] GC(252) Using 24 workers of 68 for evacuation
[2024-08-27T15:00:42.582+0000][info][gc,phases      ] GC(252)   Pre Evacuate Collection Set: 0.2ms
[2024-08-27T15:00:42.582+0000][info][gc,phases      ] GC(252)   Merge Heap Roots: 0.4ms
[2024-08-27T15:00:42.582+0000][info][gc,phases      ] GC(252)   Evacuate Collection Set: 8.4ms
[2024-08-27T15:00:42.582+0000][info][gc,phases      ] GC(252)   Post Evacuate Collection Set: 0.4ms
[2024-08-27T15:00:42.582+0000][info][gc,phases      ] GC(252)   Other: 0.2ms
[2024-08-27T15:00:42.582+0000][info][gc,heap        ] GC(252) Eden regions: 44->0(47)
[2024-08-27T15:00:42.582+0000][info][gc,heap        ] GC(252) Survivor regions: 7->7(7)
[2024-08-27T15:00:42.582+0000][info][gc,heap        ] GC(252) Old regions: 800->756
[2024-08-27T15:00:42.582+0000][info][gc,heap        ] GC(252) Archive regions: 2->2
[2024-08-27T15:00:42.582+0000][info][gc,heap        ] GC(252) Humongous regions: 5->5
[2024-08-27T15:00:42.582+0000][info][gc,metaspace   ] GC(252) Metaspace: 100K(320K)->100K(320K) NonClass: 96K(192K)->96K(192K) Class: 4K(128K)->4K(128K)
[2024-08-27T15:00:42.582+0000][info][gc             ] GC(252) Pause Young (Mixed) (G1 Evacuation Pause) 856M->768M(1024M) 9.626ms
[2024-08-27T15:00:42.582+0000][info][gc,cpu         ] GC(252) User=0.21s Sys=0.00s Real=0.01s
[2024-08-27T15:00:42.602+0000][info][gc,start       ] GC(253) Pause Young (Concurrent Start) (G1 Evacuation Pause)
[2024-08-27T15:00:42.603+0000][info][gc,task        ] GC(253) Using 24 workers of 68 for evacuation
[2024-08-27T15:00:42.612+0000][info][gc,phases      ] GC(253)   Pre Evacuate Collection Set: 0.2ms
[2024-08-27T15:00:42.612+0000][info][gc,phases      ] GC(253)   Merge Heap Roots: 0.3ms
[2024-08-27T15:00:42.612+0000][info][gc,phases      ] GC(253)   Evacuate Collection Set: 8.0ms
[2024-08-27T15:00:42.612+0000][info][gc,phases      ] GC(253)   Post Evacuate Collection Set: 0.3ms
[2024-08-27T15:00:42.612+0000][info][gc,phases      ] GC(253)   Other: 0.7ms
[2024-08-27T15:00:42.612+0000][info][gc,heap        ] GC(253) Eden regions: 47->0(44)
[2024-08-27T15:00:42.612+0000][info][gc,heap        ] GC(253) Survivor regions: 7->7(7)
[2024-08-27T15:00:42.612+0000][info][gc,heap        ] GC(253) Old regions: 756->805
[2024-08-27T15:00:42.612+0000][info][gc,heap        ] GC(253) Archive regions: 2->2
[2024-08-27T15:00:42.612+0000][info][gc,heap        ] GC(253) Humongous regions: 5->5
[2024-08-27T15:00:42.612+0000][info][gc,metaspace   ] GC(253) Metaspace: 100K(320K)->100K(320K) NonClass: 96K(192K)->96K(192K) Class: 4K(128K)->4K(128K)
[2024-08-27T15:00:42.612+0000][info][gc             ] GC(253) Pause Young (Concurrent Start) (G1 Evacuation Pause) 815M->817M(1024M) 9.600ms
[2024-08-27T15:00:42.612+0000][info][gc,cpu         ] GC(253) User=0.20s Sys=0.00s Real=0.01s
[2024-08-27T15:00:42.612+0000][info][gc             ] GC(254) Concurrent Mark Cycle
[2024-08-27T15:00:42.612+0000][info][gc,marking     ] GC(254) Concurrent Clear Claimed Marks
[2024-08-27T15:00:42.612+0000][info][gc,marking     ] GC(254) Concurrent Clear Claimed Marks 0.014ms
[2024-08-27T15:00:42.612+0000][info][gc,marking     ] GC(254) Concurrent Scan Root Regions
[2024-08-27T15:00:42.614+0000][info][gc,marking     ] GC(254) Concurrent Scan Root Regions 1.642ms
[2024-08-27T15:00:42.614+0000][info][gc,marking     ] GC(254) Concurrent Mark
[2024-08-27T15:00:42.614+0000][info][gc,marking     ] GC(254) Concurrent Mark From Roots
[2024-08-27T15:00:42.614+0000][info][gc,task        ] GC(254) Using 17 workers of 17 for marking
[2024-08-27T15:00:42.635+0000][info][gc,marking     ] GC(254) Concurrent Mark From Roots 21.402ms
[2024-08-27T15:00:42.635+0000][info][gc,marking     ] GC(254) Concurrent Preclean
[2024-08-27T15:00:42.636+0000][info][gc,marking     ] GC(254) Concurrent Preclean 0.502ms
[2024-08-27T15:00:42.636+0000][info][gc,start       ] GC(254) Pause Remark
[2024-08-27T15:00:42.638+0000][info][gc             ] GC(254) Pause Remark 857M->857M(1024M) 1.652ms
[2024-08-27T15:00:42.638+0000][info][gc,cpu         ] GC(254) User=0.01s Sys=0.00s Real=0.01s
[2024-08-27T15:00:42.638+0000][info][gc,marking     ] GC(254) Concurrent Mark 24.056ms
[2024-08-27T15:00:42.638+0000][info][gc,marking     ] GC(254) Concurrent Rebuild Remembered Sets
[2024-08-27T15:00:42.640+0000][info][gc,start       ] GC(255) Pause Young (Normal) (G1 Evacuation Pause)
[2024-08-27T15:00:42.640+0000][info][gc,task        ] GC(255) Using 24 workers of 68 for evacuation
[2024-08-27T15:00:42.649+0000][info][gc,phases      ] GC(255)   Pre Evacuate Collection Set: 0.2ms
[2024-08-27T15:00:42.649+0000][info][gc,phases      ] GC(255)   Merge Heap Roots: 0.5ms
[2024-08-27T15:00:42.649+0000][info][gc,phases      ] GC(255)   Evacuate Collection Set: 7.2ms
[2024-08-27T15:00:42.649+0000][info][gc,phases      ] GC(255)   Post Evacuate Collection Set: 0.4ms
[2024-08-27T15:00:42.649+0000][info][gc,phases      ] GC(255)   Other: 0.2ms
[2024-08-27T15:00:42.649+0000][info][gc,heap        ] GC(255) Eden regions: 44->0(44)
[2024-08-27T15:00:42.649+0000][info][gc,heap        ] GC(255) Survivor regions: 7->7(7)
[2024-08-27T15:00:42.649+0000][info][gc,heap        ] GC(255) Old regions: 805->852
[2024-08-27T15:00:42.649+0000][info][gc,heap        ] GC(255) Archive regions: 2->2
[2024-08-27T15:00:42.649+0000][info][gc,heap        ] GC(255) Humongous regions: 5->5
[2024-08-27T15:00:42.649+0000][info][gc,metaspace   ] GC(255) Metaspace: 100K(320K)->100K(320K) NonClass: 96K(192K)->96K(192K) Class: 4K(128K)->4K(128K)
[2024-08-27T15:00:42.649+0000][info][gc             ] GC(255) Pause Young (Normal) (G1 Evacuation Pause) 861M->864M(1024M) 8.586ms
[2024-08-27T15:00:42.649+0000][info][gc,cpu         ] GC(255) User=0.19s Sys=0.00s Real=0.00s
[2024-08-27T15:00:42.670+0000][info][gc,start       ] GC(256) Pause Young (Normal) (G1 Evacuation Pause)
[2024-08-27T15:00:42.670+0000][info][gc,task        ] GC(256) Using 24 workers of 68 for evacuation
[2024-08-27T15:00:42.683+0000][info][gc,phases      ] GC(256)   Pre Evacuate Collection Set: 0.3ms
[2024-08-27T15:00:42.683+0000][info][gc,phases      ] GC(256)   Merge Heap Roots: 0.4ms
[2024-08-27T15:00:42.683+0000][info][gc,phases      ] GC(256)   Evacuate Collection Set: 12.1ms
[2024-08-27T15:00:42.683+0000][info][gc,phases      ] GC(256)   Post Evacuate Collection Set: 0.5ms
[2024-08-27T15:00:42.683+0000][info][gc,phases      ] GC(256)   Other: 0.3ms
[2024-08-27T15:00:42.683+0000][info][gc,heap        ] GC(256) Eden regions: 44->0(44)
[2024-08-27T15:00:42.683+0000][info][gc,heap        ] GC(256) Survivor regions: 7->7(7)
[2024-08-27T15:00:42.683+0000][info][gc,heap        ] GC(256) Old regions: 852->898
[2024-08-27T15:00:42.683+0000][info][gc,heap        ] GC(256) Archive regions: 2->2
[2024-08-27T15:00:42.683+0000][info][gc,heap        ] GC(256) Humongous regions: 5->5
[2024-08-27T15:00:42.683+0000][info][gc,metaspace   ] GC(256) Metaspace: 100K(320K)->100K(320K) NonClass: 96K(192K)->96K(192K) Class: 4K(128K)->4K(128K)
[2024-08-27T15:00:42.683+0000][info][gc             ] GC(256) Pause Young (Normal) (G1 Evacuation Pause) 908M->910M(1024M) 13.587ms
[2024-08-27T15:00:42.683+0000][info][gc,cpu         ] GC(256) User=0.30s Sys=0.00s Real=0.01s
[2024-08-27T15:00:42.704+0000][info][gc,start       ] GC(257) Pause Young (Normal) (G1 Evacuation Pause)
[2024-08-27T15:00:42.704+0000][info][gc,task        ] GC(257) Using 24 workers of 68 for evacuation
[2024-08-27T15:00:42.719+0000][info][gc,phases      ] GC(257)   Pre Evacuate Collection Set: 0.2ms
[2024-08-27T15:00:42.719+0000][info][gc,phases      ] GC(257)   Merge Heap Roots: 0.8ms
[2024-08-27T15:00:42.719+0000][info][gc,phases      ] GC(257)   Evacuate Collection Set: 13.3ms
[2024-08-27T15:00:42.719+0000][info][gc,phases      ] GC(257)   Post Evacuate Collection Set: 0.7ms
[2024-08-27T15:00:42.719+0000][info][gc,phases      ] GC(257)   Other: 0.2ms
[2024-08-27T15:00:42.719+0000][info][gc,heap        ] GC(257) Eden regions: 44->0(44)
[2024-08-27T15:00:42.719+0000][info][gc,heap        ] GC(257) Survivor regions: 7->7(7)
[2024-08-27T15:00:42.719+0000][info][gc,heap        ] GC(257) Old regions: 898->944
[2024-08-27T15:00:42.719+0000][info][gc,heap        ] GC(257) Archive regions: 2->2
[2024-08-27T15:00:42.719+0000][info][gc,heap        ] GC(257) Humongous regions: 5->5
[2024-08-27T15:00:42.719+0000][info][gc,metaspace   ] GC(257) Metaspace: 100K(320K)->100K(320K) NonClass: 96K(192K)->96K(192K) Class: 4K(128K)->4K(128K)
[2024-08-27T15:00:42.719+0000][info][gc             ] GC(257) Pause Young (Normal) (G1 Evacuation Pause) 954M->956M(1024M) 15.215ms
[2024-08-27T15:00:42.719+0000][info][gc,cpu         ] GC(257) User=0.35s Sys=0.00s Real=0.02s
[2024-08-27T15:00:42.725+0000][info][gc,marking     ] GC(254) Concurrent Rebuild Remembered Sets 87.023ms
[2024-08-27T15:00:42.725+0000][info][gc,start       ] GC(254) Pause Cleanup
[2024-08-27T15:00:42.727+0000][info][gc             ] GC(254) Pause Cleanup 968M->968M(1024M) 1.608ms
[2024-08-27T15:00:42.727+0000][info][gc,cpu         ] GC(254) User=0.01s Sys=0.00s Real=0.00s
[2024-08-27T15:00:42.727+0000][info][gc,marking     ] GC(254) Concurrent Cleanup for Next Mark
[2024-08-27T15:00:42.728+0000][info][gc,marking     ] GC(254) Concurrent Cleanup for Next Mark 0.587ms
[2024-08-27T15:00:42.728+0000][info][gc             ] GC(254) Concurrent Mark Cycle 115.479ms
[2024-08-27T15:00:42.736+0000][info][gc,start       ] GC(258) Pause Young (Prepare Mixed) (G1 Preventive Collection)
[2024-08-27T15:00:42.736+0000][info][gc,task        ] GC(258) Using 24 workers of 68 for evacuation
[2024-08-27T15:00:42.750+0000][info][gc,phases      ] GC(258)   Pre Evacuate Collection Set: 0.1ms
[2024-08-27T15:00:42.750+0000][info][gc,phases      ] GC(258)   Merge Heap Roots: 1.0ms
[2024-08-27T15:00:42.750+0000][info][gc,phases      ] GC(258)   Evacuate Collection Set: 12.4ms
[2024-08-27T15:00:42.750+0000][info][gc,phases      ] GC(258)   Post Evacuate Collection Set: 0.3ms
[2024-08-27T15:00:42.750+0000][info][gc,phases      ] GC(258)   Other: 0.2ms
[2024-08-27T15:00:42.750+0000][info][gc,heap        ] GC(258) Eden regions: 28->0(44)
[2024-08-27T15:00:42.750+0000][info][gc,heap        ] GC(258) Survivor regions: 7->7(7)
[2024-08-27T15:00:42.750+0000][info][gc,heap        ] GC(258) Old regions: 944->975
[2024-08-27T15:00:42.750+0000][info][gc,heap        ] GC(258) Archive regions: 2->2
[2024-08-27T15:00:42.750+0000][info][gc,heap        ] GC(258) Humongous regions: 5->5
[2024-08-27T15:00:42.750+0000][info][gc,metaspace   ] GC(258) Metaspace: 100K(320K)->100K(320K) NonClass: 96K(192K)->96K(192K) Class: 4K(128K)->4K(128K)
[2024-08-27T15:00:42.750+0000][info][gc             ] GC(258) Pause Young (Prepare Mixed) (G1 Preventive Collection) 984M->987M(1024M) 14.177ms
[2024-08-27T15:00:42.750+0000][info][gc,cpu         ] GC(258) User=0.32s Sys=0.00s Real=0.02s
[2024-08-27T15:00:42.756+0000][info][gc,start       ] GC(259) Pause Young (Mixed) (G1 Preventive Collection)
[2024-08-27T15:00:42.756+0000][info][gc,task        ] GC(259) Using 24 workers of 68 for evacuation
[2024-08-27T15:00:42.761+0000][info][gc,phases      ] GC(259)   Pre Evacuate Collection Set: 0.2ms
[2024-08-27T15:00:42.761+0000][info][gc,phases      ] GC(259)   Merge Heap Roots: 0.3ms
[2024-08-27T15:00:42.761+0000][info][gc,phases      ] GC(259)   Evacuate Collection Set: 4.3ms
[2024-08-27T15:00:42.761+0000][info][gc,phases      ] GC(259)   Post Evacuate Collection Set: 0.3ms
[2024-08-27T15:00:42.761+0000][info][gc,phases      ] GC(259)   Other: 0.1ms
[2024-08-27T15:00:42.761+0000][info][gc,heap        ] GC(259) Eden regions: 12->0(44)
[2024-08-27T15:00:42.761+0000][info][gc,heap        ] GC(259) Survivor regions: 7->7(7)
[2024-08-27T15:00:42.761+0000][info][gc,heap        ] GC(259) Old regions: 975->888
[2024-08-27T15:00:42.761+0000][info][gc,heap        ] GC(259) Archive regions: 2->2
[2024-08-27T15:00:42.761+0000][info][gc,heap        ] GC(259) Humongous regions: 5->5
[2024-08-27T15:00:42.761+0000][info][gc,metaspace   ] GC(259) Metaspace: 100K(320K)->100K(320K) NonClass: 96K(192K)->96K(192K) Class: 4K(128K)->4K(128K)
[2024-08-27T15:00:42.761+0000][info][gc             ] GC(259) Pause Young (Mixed) (G1 Preventive Collection) 999M->900M(1024M) 5.218ms
[2024-08-27T15:00:42.761+0000][info][gc,cpu         ] GC(259) User=0.11s Sys=0.00s Real=0.01s
[2024-08-27T15:00:42.780+0000][info][gc,start       ] GC(260) Pause Young (Mixed) (G1 Evacuation Pause)
[2024-08-27T15:00:42.780+0000][info][gc,task        ] GC(260) Using 24 workers of 68 for evacuation
[2024-08-27T15:00:42.789+0000][info][gc,phases      ] GC(260)   Pre Evacuate Collection Set: 0.2ms
[2024-08-27T15:00:42.789+0000][info][gc,phases      ] GC(260)   Merge Heap Roots: 0.6ms
[2024-08-27T15:00:42.789+0000][info][gc,phases      ] GC(260)   Evacuate Collection Set: 7.1ms
[2024-08-27T15:00:42.789+0000][info][gc,phases      ] GC(260)   Post Evacuate Collection Set: 0.4ms
[2024-08-27T15:00:42.789+0000][info][gc,phases      ] GC(260)   Other: 0.2ms
[2024-08-27T15:00:42.789+0000][info][gc,heap        ] GC(260) Eden regions: 44->0(44)
[2024-08-27T15:00:42.789+0000][info][gc,heap        ] GC(260) Survivor regions: 7->7(7)
[2024-08-27T15:00:42.789+0000][info][gc,heap        ] GC(260) Old regions: 888->829
[2024-08-27T15:00:42.789+0000][info][gc,heap        ] GC(260) Archive regions: 2->2
[2024-08-27T15:00:42.789+0000][info][gc,heap        ] GC(260) Humongous regions: 5->5
[2024-08-27T15:00:42.789+0000][info][gc,metaspace   ] GC(260) Metaspace: 100K(320K)->100K(320K) NonClass: 96K(192K)->96K(192K) Class: 4K(128K)->4K(128K)
[2024-08-27T15:00:42.789+0000][info][gc             ] GC(260) Pause Young (Mixed) (G1 Evacuation Pause) 944M->841M(1024M) 8.545ms
[2024-08-27T15:00:42.789+0000][info][gc,cpu         ] GC(260) User=0.19s Sys=0.00s Real=0.00s
[2024-08-27T15:00:42.808+0000][info][gc,start       ] GC(261) Pause Young (Mixed) (G1 Evacuation Pause)
[2024-08-27T15:00:42.808+0000][info][gc,task        ] GC(261) Using 24 workers of 68 for evacuation
[2024-08-27T15:00:42.819+0000][info][gc,phases      ] GC(261)   Pre Evacuate Collection Set: 0.2ms
[2024-08-27T15:00:42.819+0000][info][gc,phases      ] GC(261)   Merge Heap Roots: 0.4ms
[2024-08-27T15:00:42.819+0000][info][gc,phases      ] GC(261)   Evacuate Collection Set: 10.3ms
[2024-08-27T15:00:42.819+0000][info][gc,phases      ] GC(261)   Post Evacuate Collection Set: 0.4ms
[2024-08-27T15:00:42.819+0000][info][gc,phases      ] GC(261)   Other: 0.3ms
[2024-08-27T15:00:42.819+0000][info][gc,heap        ] GC(261) Eden regions: 44->0(44)
[2024-08-27T15:00:42.819+0000][info][gc,heap        ] GC(261) Survivor regions: 7->7(7)
[2024-08-27T15:00:42.819+0000][info][gc,heap        ] GC(261) Old regions: 829->790
[2024-08-27T15:00:42.819+0000][info][gc,heap        ] GC(261) Archive regions: 2->2
[2024-08-27T15:00:42.819+0000][info][gc,heap        ] GC(261) Humongous regions: 5->5
[2024-08-27T15:00:42.819+0000][info][gc,metaspace   ] GC(261) Metaspace: 100K(320K)->100K(320K) NonClass: 96K(192K)->96K(192K) Class: 4K(128K)->4K(128K)
[2024-08-27T15:00:42.819+0000][info][gc             ] GC(261) Pause Young (Mixed) (G1 Evacuation Pause) 885M->802M(1024M) 11.635ms
[2024-08-27T15:00:42.820+0000][info][gc,cpu         ] GC(261) User=0.25s Sys=0.00s Real=0.02s
[2024-08-27T15:00:42.841+0000][info][gc,start       ] GC(262) Pause Young (Mixed) (G1 Evacuation Pause)
[2024-08-27T15:00:42.841+0000][info][gc,task        ] GC(262) Using 24 workers of 68 for evacuation
[2024-08-27T15:00:42.853+0000][info][gc,phases      ] GC(262)   Pre Evacuate Collection Set: 0.2ms
[2024-08-27T15:00:42.853+0000][info][gc,phases      ] GC(262)   Merge Heap Roots: 0.6ms
[2024-08-27T15:00:42.853+0000][info][gc,phases      ] GC(262)   Evacuate Collection Set: 10.9ms
[2024-08-27T15:00:42.853+0000][info][gc,phases      ] GC(262)   Post Evacuate Collection Set: 0.4ms
[2024-08-27T15:00:42.853+0000][info][gc,phases      ] GC(262)   Other: 0.2ms
[2024-08-27T15:00:42.853+0000][info][gc,heap        ] GC(262) Eden regions: 44->0(44)
[2024-08-27T15:00:42.853+0000][info][gc,heap        ] GC(262) Survivor regions: 7->7(7)
[2024-08-27T15:00:42.853+0000][info][gc,heap        ] GC(262) Old regions: 790->811
[2024-08-27T15:00:42.853+0000][info][gc,heap        ] GC(262) Archive regions: 2->2
[2024-08-27T15:00:42.853+0000][info][gc,heap        ] GC(262) Humongous regions: 5->5
[2024-08-27T15:00:42.853+0000][info][gc,metaspace   ] GC(262) Metaspace: 100K(320K)->100K(320K) NonClass: 96K(192K)->96K(192K) Class: 4K(128K)->4K(128K)
[2024-08-27T15:00:42.853+0000][info][gc             ] GC(262) Pause Young (Mixed) (G1 Evacuation Pause) 846M->823M(1024M) 12.410ms
[2024-08-27T15:00:42.853+0000][info][gc,cpu         ] GC(262) User=0.27s Sys=0.00s Real=0.01s
[2024-08-27T15:00:42.875+0000][info][gc,start       ] GC(263) Pause Young (Concurrent Start) (G1 Evacuation Pause)
[2024-08-27T15:00:42.875+0000][info][gc,task        ] GC(263) Using 24 workers of 68 for evacuation
[2024-08-27T15:00:42.885+0000][info][gc,phases      ] GC(263)   Pre Evacuate Collection Set: 0.2ms
[2024-08-27T15:00:42.886+0000][info][gc,phases      ] GC(263)   Merge Heap Roots: 0.5ms
[2024-08-27T15:00:42.886+0000][info][gc,phases      ] GC(263)   Evacuate Collection Set: 9.2ms
[2024-08-27T15:00:42.886+0000][info][gc,phases      ] GC(263)   Post Evacuate Collection Set: 0.3ms
[2024-08-27T15:00:42.886+0000][info][gc,phases      ] GC(263)   Other: 0.6ms
[2024-08-27T15:00:42.886+0000][info][gc,heap        ] GC(263) Eden regions: 44->0(44)
[2024-08-27T15:00:42.886+0000][info][gc,heap        ] GC(263) Survivor regions: 7->7(7)
[2024-08-27T15:00:42.886+0000][info][gc,heap        ] GC(263) Old regions: 811->860
[2024-08-27T15:00:42.886+0000][info][gc,heap        ] GC(263) Archive regions: 2->2
[2024-08-27T15:00:42.886+0000][info][gc,heap        ] GC(263) Humongous regions: 5->5
[2024-08-27T15:00:42.886+0000][info][gc,metaspace   ] GC(263) Metaspace: 100K(320K)->100K(320K) NonClass: 96K(192K)->96K(192K) Class: 4K(128K)->4K(128K)
[2024-08-27T15:00:42.886+0000][info][gc             ] GC(263) Pause Young (Concurrent Start) (G1 Evacuation Pause) 867M->872M(1024M) 10.970ms
[2024-08-27T15:00:42.886+0000][info][gc,cpu         ] GC(263) User=0.23s Sys=0.00s Real=0.01s
[2024-08-27T15:00:42.886+0000][info][gc             ] GC(264) Concurrent Mark Cycle
[2024-08-27T15:00:42.886+0000][info][gc,marking     ] GC(264) Concurrent Clear Claimed Marks
[2024-08-27T15:00:42.886+0000][info][gc,marking     ] GC(264) Concurrent Clear Claimed Marks 0.016ms
[2024-08-27T15:00:42.886+0000][info][gc,marking     ] GC(264) Concurrent Scan Root Regions
[2024-08-27T15:00:42.887+0000][info][gc,marking     ] GC(264) Concurrent Scan Root Regions 1.571ms
[2024-08-27T15:00:42.887+0000][info][gc,marking     ] GC(264) Concurrent Mark
[2024-08-27T15:00:42.887+0000][info][gc,marking     ] GC(264) Concurrent Mark From Roots
[2024-08-27T15:00:42.887+0000][info][gc,task        ] GC(264) Using 17 workers of 17 for marking
[2024-08-27T15:00:42.909+0000][info][gc,marking     ] GC(264) Concurrent Mark From Roots 21.654ms
[2024-08-27T15:00:42.909+0000][info][gc,marking     ] GC(264) Concurrent Preclean
[2024-08-27T15:00:42.910+0000][info][gc,marking     ] GC(264) Concurrent Preclean 0.511ms
[2024-08-27T15:00:42.910+0000][info][gc,start       ] GC(264) Pause Remark
[2024-08-27T15:00:42.912+0000][info][gc             ] GC(264) Pause Remark 911M->911M(1024M) 1.521ms
[2024-08-27T15:00:42.912+0000][info][gc,cpu         ] GC(264) User=0.00s Sys=0.00s Real=0.00s
[2024-08-27T15:00:42.912+0000][info][gc,marking     ] GC(264) Concurrent Mark 24.177ms
[2024-08-27T15:00:42.912+0000][info][gc,marking     ] GC(264) Concurrent Rebuild Remembered Sets
[2024-08-27T15:00:42.914+0000][info][gc,start       ] GC(265) Pause Young (Normal) (G1 Evacuation Pause)
[2024-08-27T15:00:42.914+0000][info][gc,task        ] GC(265) Using 24 workers of 68 for evacuation
[2024-08-27T15:00:42.925+0000][info][gc,phases      ] GC(265)   Pre Evacuate Collection Set: 0.2ms
[2024-08-27T15:00:42.925+0000][info][gc,phases      ] GC(265)   Merge Heap Roots: 0.6ms
[2024-08-27T15:00:42.925+0000][info][gc,phases      ] GC(265)   Evacuate Collection Set: 8.9ms
[2024-08-27T15:00:42.925+0000][info][gc,phases      ] GC(265)   Post Evacuate Collection Set: 0.4ms
[2024-08-27T15:00:42.925+0000][info][gc,phases      ] GC(265)   Other: 0.2ms
[2024-08-27T15:00:42.925+0000][info][gc,heap        ] GC(265) Eden regions: 44->0(44)
[2024-08-27T15:00:42.925+0000][info][gc,heap        ] GC(265) Survivor regions: 7->7(7)
[2024-08-27T15:00:42.925+0000][info][gc,heap        ] GC(265) Old regions: 860->907
[2024-08-27T15:00:42.925+0000][info][gc,heap        ] GC(265) Archive regions: 2->2
[2024-08-27T15:00:42.925+0000][info][gc,heap        ] GC(265) Humongous regions: 5->5
[2024-08-27T15:00:42.925+0000][info][gc,metaspace   ] GC(265) Metaspace: 100K(320K)->100K(320K) NonClass: 96K(192K)->96K(192K) Class: 4K(128K)->4K(128K)
[2024-08-27T15:00:42.925+0000][info][gc             ] GC(265) Pause Young (Normal) (G1 Evacuation Pause) 916M->919M(1024M) 10.349ms
[2024-08-27T15:00:42.925+0000][info][gc,cpu         ] GC(265) User=0.23s Sys=0.00s Real=0.01s
[2024-08-27T15:00:42.948+0000][info][gc,start       ] GC(266) Pause Young (Normal) (G1 Evacuation Pause)
[2024-08-27T15:00:42.948+0000][info][gc,task        ] GC(266) Using 24 workers of 68 for evacuation
[2024-08-27T15:00:42.961+0000][info][gc,phases      ] GC(266)   Pre Evacuate Collection Set: 0.2ms
[2024-08-27T15:00:42.961+0000][info][gc,phases      ] GC(266)   Merge Heap Roots: 0.8ms
[2024-08-27T15:00:42.961+0000][info][gc,phases      ] GC(266)   Evacuate Collection Set: 12.1ms
[2024-08-27T15:00:42.961+0000][info][gc,phases      ] GC(266)   Post Evacuate Collection Set: 0.6ms
[2024-08-27T15:00:42.961+0000][info][gc,phases      ] GC(266)   Other: 0.3ms
[2024-08-27T15:00:42.961+0000][info][gc,heap        ] GC(266) Eden regions: 44->0(44)
[2024-08-27T15:00:42.961+0000][info][gc,heap        ] GC(266) Survivor regions: 7->7(7)
[2024-08-27T15:00:42.961+0000][info][gc,heap        ] GC(266) Old regions: 907->954
[2024-08-27T15:00:42.961+0000][info][gc,heap        ] GC(266) Archive regions: 2->2
[2024-08-27T15:00:42.961+0000][info][gc,heap        ] GC(266) Humongous regions: 5->5
[2024-08-27T15:00:42.962+0000][info][gc,metaspace   ] GC(266) Metaspace: 100K(320K)->100K(320K) NonClass: 96K(192K)->96K(192K) Class: 4K(128K)->4K(128K)
[2024-08-27T15:00:42.962+0000][info][gc             ] GC(266) Pause Young (Normal) (G1 Evacuation Pause) 963M->966M(1024M) 14.019ms
[2024-08-27T15:00:42.962+0000][info][gc,cpu         ] GC(266) User=0.32s Sys=0.00s Real=0.02s
[2024-08-27T15:00:42.973+0000][info][gc,start       ] GC(267) Pause Young (Normal) (G1 Preventive Collection)
[2024-08-27T15:00:42.973+0000][info][gc,task        ] GC(267) Using 24 workers of 68 for evacuation
[2024-08-27T15:00:42.986+0000][info][gc             ] GC(267) To-space exhausted
[2024-08-27T15:00:42.986+0000][info][gc,phases      ] GC(267)   Pre Evacuate Collection Set: 0.2ms
[2024-08-27T15:00:42.986+0000][info][gc,phases      ] GC(267)   Merge Heap Roots: 0.9ms
[2024-08-27T15:00:42.986+0000][info][gc,phases      ] GC(267)   Evacuate Collection Set: 10.4ms
[2024-08-27T15:00:42.986+0000][info][gc,phases      ] GC(267)   Post Evacuate Collection Set: 1.0ms
[2024-08-27T15:00:42.986+0000][info][gc,phases      ] GC(267)   Other: 0.2ms
[2024-08-27T15:00:42.986+0000][info][gc,heap        ] GC(267) Eden regions: 23->0(44)
[2024-08-27T15:00:42.986+0000][info][gc,heap        ] GC(267) Survivor regions: 7->7(7)
[2024-08-27T15:00:42.986+0000][info][gc,heap        ] GC(267) Old regions: 954->1004
[2024-08-27T15:00:42.986+0000][info][gc,heap        ] GC(267) Archive regions: 2->2
[2024-08-27T15:00:42.986+0000][info][gc,heap        ] GC(267) Humongous regions: 5->5
[2024-08-27T15:00:42.986+0000][info][gc,metaspace   ] GC(267) Metaspace: 100K(320K)->100K(320K) NonClass: 96K(192K)->96K(192K) Class: 4K(128K)->4K(128K)
[2024-08-27T15:00:42.986+0000][info][gc             ] GC(267) Pause Young (Normal) (G1 Preventive Collection) 989M->1016M(1024M) 12.695ms
[2024-08-27T15:00:42.986+0000][info][gc,cpu         ] GC(267) User=0.28s Sys=0.00s Real=0.01s
[2024-08-27T15:00:42.987+0000][info][gc,start       ] GC(268) Pause Young (Normal) (G1 Preventive Collection)
[2024-08-27T15:00:42.987+0000][info][gc,task        ] GC(268) Using 24 workers of 68 for evacuation
[2024-08-27T15:00:42.995+0000][info][gc             ] GC(268) To-space exhausted
[2024-08-27T15:00:42.995+0000][info][gc,phases      ] GC(268)   Pre Evacuate Collection Set: 0.1ms
[2024-08-27T15:00:42.995+0000][info][gc,phases      ] GC(268)   Merge Heap Roots: 1.0ms
[2024-08-27T15:00:42.995+0000][info][gc,phases      ] GC(268)   Evacuate Collection Set: 6.3ms
[2024-08-27T15:00:42.995+0000][info][gc,phases      ] GC(268)   Post Evacuate Collection Set: 0.9ms
[2024-08-27T15:00:42.995+0000][info][gc,phases      ] GC(268)   Other: 0.1ms
[2024-08-27T15:00:42.995+0000][info][gc,heap        ] GC(268) Eden regions: 1->0(51)
[2024-08-27T15:00:42.995+0000][info][gc,heap        ] GC(268) Survivor regions: 7->0(5)
[2024-08-27T15:00:42.995+0000][info][gc,heap        ] GC(268) Old regions: 1004->1017
[2024-08-27T15:00:42.995+0000][info][gc,heap        ] GC(268) Archive regions: 2->2
[2024-08-27T15:00:42.995+0000][info][gc,heap        ] GC(268) Humongous regions: 5->5
[2024-08-27T15:00:42.995+0000][info][gc,metaspace   ] GC(268) Metaspace: 100K(320K)->100K(320K) NonClass: 96K(192K)->96K(192K) Class: 4K(128K)->4K(128K)
[2024-08-27T15:00:42.995+0000][info][gc             ] GC(268) Pause Young (Normal) (G1 Preventive Collection) 1017M->1022M(1024M) 8.439ms
[2024-08-27T15:00:42.995+0000][info][gc,cpu         ] GC(268) User=0.18s Sys=0.00s Real=0.01s
[2024-08-27T15:00:42.995+0000][info][gc,ergo        ] Attempting full compaction
[2024-08-27T15:00:42.995+0000][info][gc,task        ] GC(269) Using 24 workers of 68 for full compaction
[2024-08-27T15:00:42.995+0000][info][gc,start       ] GC(269) Pause Full (G1 Compaction Pause)
[2024-08-27T15:00:42.996+0000][info][gc,phases,start] GC(269) Phase 1: Mark live objects
[2024-08-27T15:00:43.007+0000][info][gc,phases      ] GC(269) Phase 1: Mark live objects 11.359ms
[2024-08-27T15:00:43.007+0000][info][gc,phases,start] GC(269) Phase 2: Prepare for compaction
[2024-08-27T15:00:43.016+0000][info][gc,phases      ] GC(269) Phase 2: Prepare for compaction 8.807ms
[2024-08-27T15:00:43.016+0000][info][gc,phases,start] GC(269) Phase 3: Adjust pointers
[2024-08-27T15:00:43.029+0000][info][gc,phases      ] GC(269) Phase 3: Adjust pointers 13.152ms
[2024-08-27T15:00:43.029+0000][info][gc,phases,start] GC(269) Phase 4: Compact heap
[2024-08-27T15:00:43.054+0000][info][gc,phases      ] GC(269) Phase 4: Compact heap 24.804ms
[2024-08-27T15:00:43.055+0000][info][gc,heap        ] GC(269) Eden regions: 0->0(150)
[2024-08-27T15:00:43.056+0000][info][gc,heap        ] GC(269) Survivor regions: 0->0(5)
[2024-08-27T15:00:43.056+0000][info][gc,heap        ] GC(269) Old regions: 1017->443
[2024-08-27T15:00:43.056+0000][info][gc,heap        ] GC(269) Archive regions: 2->2
[2024-08-27T15:00:43.056+0000][info][gc,heap        ] GC(269) Humongous regions: 5->5
[2024-08-27T15:00:43.056+0000][info][gc,metaspace   ] GC(269) Metaspace: 100K(320K)->100K(320K) NonClass: 96K(192K)->96K(192K) Class: 4K(128K)->4K(128K)
[2024-08-27T15:00:43.056+0000][info][gc             ] GC(269) Pause Full (G1 Compaction Pause) 1022M->435M(1024M) 60.080ms
[2024-08-27T15:00:43.056+0000][info][gc,cpu         ] GC(269) User=1.25s Sys=0.01s Real=0.06s
[2024-08-27T15:00:43.056+0000][info][gc,marking     ] GC(264) Concurrent Rebuild Remembered Sets 144.221ms
[2024-08-27T15:00:43.056+0000][info][gc,marking     ] GC(264) Concurrent Mark Abort
[2024-08-27T15:00:43.056+0000][info][gc             ] GC(264) Concurrent Mark Cycle 170.181ms
[2024-08-27T15:00:43.129+0000][info][gc,start       ] GC(270) Pause Young (Normal) (G1 Evacuation Pause)
[2024-08-27T15:00:43.129+0000][info][gc,task        ] GC(270) Using 24 workers of 68 for evacuation
[2024-08-27T15:00:43.151+0000][info][gc,phases      ] GC(270)   Pre Evacuate Collection Set: 0.2ms
[2024-08-27T15:00:43.151+0000][info][gc,phases      ] GC(270)   Merge Heap Roots: 0.6ms
[2024-08-27T15:00:43.151+0000][info][gc,phases      ] GC(270)   Evacuate Collection Set: 20.3ms
[2024-08-27T15:00:43.151+0000][info][gc,phases      ] GC(270)   Post Evacuate Collection Set: 0.3ms
[2024-08-27T15:00:43.151+0000][info][gc,phases      ] GC(270)   Other: 0.3ms
[2024-08-27T15:00:43.151+0000][info][gc,heap        ] GC(270) Eden regions: 150->0(103)
[2024-08-27T15:00:43.151+0000][info][gc,heap        ] GC(270) Survivor regions: 0->19(19)
[2024-08-27T15:00:43.151+0000][info][gc,heap        ] GC(270) Old regions: 443->570
[2024-08-27T15:00:43.151+0000][info][gc,heap        ] GC(270) Archive regions: 2->2
[2024-08-27T15:00:43.151+0000][info][gc,heap        ] GC(270) Humongous regions: 5->5
[2024-08-27T15:00:43.151+0000][info][gc,metaspace   ] GC(270) Metaspace: 100K(320K)->100K(320K) NonClass: 96K(192K)->96K(192K) Class: 4K(128K)->4K(128K)
[2024-08-27T15:00:43.151+0000][info][gc             ] GC(270) Pause Young (Normal) (G1 Evacuation Pause) 585M->581M(1024M) 21.642ms
[2024-08-27T15:00:43.151+0000][info][gc,cpu         ] GC(270) User=0.50s Sys=0.00s Real=0.03s
[2024-08-27T15:00:43.199+0000][info][gc,start       ] GC(271) Pause Young (Concurrent Start) (G1 Evacuation Pause)
[2024-08-27T15:00:43.199+0000][info][gc,task        ] GC(271) Using 24 workers of 68 for evacuation
[2024-08-27T15:00:43.218+0000][info][gc,phases      ] GC(271)   Pre Evacuate Collection Set: 0.2ms
[2024-08-27T15:00:43.218+0000][info][gc,phases      ] GC(271)   Merge Heap Roots: 0.5ms
[2024-08-27T15:00:43.218+0000][info][gc,phases      ] GC(271)   Evacuate Collection Set: 17.9ms
[2024-08-27T15:00:43.218+0000][info][gc,phases      ] GC(271)   Post Evacuate Collection Set: 0.3ms
[2024-08-27T15:00:43.218+0000][info][gc,phases      ] GC(271)   Other: 0.6ms
[2024-08-27T15:00:43.218+0000][info][gc,heap        ] GC(271) Eden regions: 103->0(70)
[2024-08-27T15:00:43.218+0000][info][gc,heap        ] GC(271) Survivor regions: 19->16(16)
[2024-08-27T15:00:43.218+0000][info][gc,heap        ] GC(271) Old regions: 570->676
[2024-08-27T15:00:43.218+0000][info][gc,heap        ] GC(271) Archive regions: 2->2
[2024-08-27T15:00:43.218+0000][info][gc,heap        ] GC(271) Humongous regions: 5->5
[2024-08-27T15:00:43.218+0000][info][gc,metaspace   ] GC(271) Metaspace: 100K(320K)->100K(320K) NonClass: 96K(192K)->96K(192K) Class: 4K(128K)->4K(128K)
[2024-08-27T15:00:43.218+0000][info][gc             ] GC(271) Pause Young (Concurrent Start) (G1 Evacuation Pause) 684M->684M(1024M) 19.484ms
[2024-08-27T15:00:43.218+0000][info][gc,cpu         ] GC(271) User=0.44s Sys=0.00s Real=0.02s
[2024-08-27T15:00:43.218+0000][info][gc             ] GC(272) Concurrent Mark Cycle
[2024-08-27T15:00:43.219+0000][info][gc,marking     ] GC(272) Concurrent Clear Claimed Marks
[2024-08-27T15:00:43.219+0000][info][gc,marking     ] GC(272) Concurrent Clear Claimed Marks 0.011ms
[2024-08-27T15:00:43.219+0000][info][gc,marking     ] GC(272) Concurrent Scan Root Regions
[2024-08-27T15:00:43.222+0000][info][gc,marking     ] GC(272) Concurrent Scan Root Regions 3.366ms
[2024-08-27T15:00:43.222+0000][info][gc,marking     ] GC(272) Concurrent Mark
[2024-08-27T15:00:43.222+0000][info][gc,marking     ] GC(272) Concurrent Mark From Roots
[2024-08-27T15:00:43.222+0000][info][gc,task        ] GC(272) Using 17 workers of 17 for marking
[2024-08-27T15:00:43.241+0000][info][gc,marking     ] GC(272) Concurrent Mark From Roots 19.108ms
[2024-08-27T15:00:43.241+0000][info][gc,marking     ] GC(272) Concurrent Preclean
[2024-08-27T15:00:43.242+0000][info][gc,marking     ] GC(272) Concurrent Preclean 0.516ms
[2024-08-27T15:00:43.242+0000][info][gc,start       ] GC(272) Pause Remark
[2024-08-27T15:00:43.243+0000][info][gc             ] GC(272) Pause Remark 721M->721M(1024M) 1.075ms
[2024-08-27T15:00:43.243+0000][info][gc,cpu         ] GC(272) User=0.00s Sys=0.00s Real=0.00s
[2024-08-27T15:00:43.243+0000][info][gc,marking     ] GC(272) Concurrent Mark 21.119ms
[2024-08-27T15:00:43.243+0000][info][gc,marking     ] GC(272) Concurrent Rebuild Remembered Sets
[2024-08-27T15:00:43.259+0000][info][gc,start       ] GC(273) Pause Young (Normal) (G1 Evacuation Pause)
[2024-08-27T15:00:43.259+0000][info][gc,task        ] GC(273) Using 24 workers of 68 for evacuation
[2024-08-27T15:00:43.275+0000][info][gc,phases      ] GC(273)   Pre Evacuate Collection Set: 0.2ms
[2024-08-27T15:00:43.275+0000][info][gc,phases      ] GC(273)   Merge Heap Roots: 0.5ms
[2024-08-27T15:00:43.275+0000][info][gc,phases      ] GC(273)   Evacuate Collection Set: 14.4ms
[2024-08-27T15:00:43.275+0000][info][gc,phases      ] GC(273)   Post Evacuate Collection Set: 0.5ms
[2024-08-27T15:00:43.275+0000][info][gc,phases      ] GC(273)   Other: 0.2ms
[2024-08-27T15:00:43.275+0000][info][gc,heap        ] GC(273) Eden regions: 70->0(47)
[2024-08-27T15:00:43.275+0000][info][gc,heap        ] GC(273) Survivor regions: 16->11(11)
[2024-08-27T15:00:43.275+0000][info][gc,heap        ] GC(273) Old regions: 676->753
[2024-08-27T15:00:43.275+0000][info][gc,heap        ] GC(273) Archive regions: 2->2
[2024-08-27T15:00:43.275+0000][info][gc,heap        ] GC(273) Humongous regions: 5->5
[2024-08-27T15:00:43.275+0000][info][gc,metaspace   ] GC(273) Metaspace: 100K(320K)->100K(320K) NonClass: 96K(192K)->96K(192K) Class: 4K(128K)->4K(128K)
[2024-08-27T15:00:43.275+0000][info][gc             ] GC(273) Pause Young (Normal) (G1 Evacuation Pause) 754M->756M(1024M) 15.849ms
[2024-08-27T15:00:43.275+0000][info][gc,cpu         ] GC(273) User=0.36s Sys=0.00s Real=0.01s
[2024-08-27T15:00:43.298+0000][info][gc,start       ] GC(274) Pause Young (Normal) (G1 Evacuation Pause)
[2024-08-27T15:00:43.298+0000][info][gc,task        ] GC(274) Using 24 workers of 68 for evacuation
[2024-08-27T15:00:43.316+0000][info][gc,phases      ] GC(274)   Pre Evacuate Collection Set: 0.2ms
[2024-08-27T15:00:43.316+0000][info][gc,phases      ] GC(274)   Merge Heap Roots: 0.7ms
[2024-08-27T15:00:43.316+0000][info][gc,phases      ] GC(274)   Evacuate Collection Set: 16.6ms
[2024-08-27T15:00:43.316+0000][info][gc,phases      ] GC(274)   Post Evacuate Collection Set: 0.6ms
[2024-08-27T15:00:43.316+0000][info][gc,phases      ] GC(274)   Other: 0.2ms
[2024-08-27T15:00:43.316+0000][info][gc,heap        ] GC(274) Eden regions: 47->0(43)
[2024-08-27T15:00:43.316+0000][info][gc,heap        ] GC(274) Survivor regions: 11->8(8)
[2024-08-27T15:00:43.316+0000][info][gc,heap        ] GC(274) Old regions: 753->807
[2024-08-27T15:00:43.316+0000][info][gc,heap        ] GC(274) Archive regions: 2->2
[2024-08-27T15:00:43.316+0000][info][gc,heap        ] GC(274) Humongous regions: 5->5
[2024-08-27T15:00:43.316+0000][info][gc,metaspace   ] GC(274) Metaspace: 100K(320K)->100K(320K) NonClass: 96K(192K)->96K(192K) Class: 4K(128K)->4K(128K)
[2024-08-27T15:00:43.316+0000][info][gc             ] GC(274) Pause Young (Normal) (G1 Evacuation Pause) 803M->807M(1024M) 18.434ms
[2024-08-27T15:00:43.316+0000][info][gc,cpu         ] GC(274) User=0.42s Sys=0.00s Real=0.01s
[2024-08-27T15:00:43.323+0000][info][gc,marking     ] GC(272) Concurrent Rebuild Remembered Sets 80.013ms
[2024-08-27T15:00:43.323+0000][info][gc,start       ] GC(272) Pause Cleanup
[2024-08-27T15:00:43.324+0000][info][gc             ] GC(272) Pause Cleanup 821M->821M(1024M) 1.080ms
[2024-08-27T15:00:43.324+0000][info][gc,cpu         ] GC(272) User=0.01s Sys=0.00s Real=0.00s
[2024-08-27T15:00:43.325+0000][info][gc,marking     ] GC(272) Concurrent Cleanup for Next Mark
[2024-08-27T15:00:43.325+0000][info][gc,marking     ] GC(272) Concurrent Cleanup for Next Mark 0.541ms
[2024-08-27T15:00:43.325+0000][info][gc             ] GC(272) Concurrent Mark Cycle 106.608ms
[2024-08-27T15:00:43.340+0000][info][gc,start       ] GC(275) Pause Young (Prepare Mixed) (G1 Evacuation Pause)
[2024-08-27T15:00:43.340+0000][info][gc,task        ] GC(275) Using 24 workers of 68 for evacuation
[2024-08-27T15:00:43.355+0000][info][gc,phases      ] GC(275)   Pre Evacuate Collection Set: 0.1ms
[2024-08-27T15:00:43.355+0000][info][gc,phases      ] GC(275)   Merge Heap Roots: 0.5ms
[2024-08-27T15:00:43.355+0000][info][gc,phases      ] GC(275)   Evacuate Collection Set: 14.0ms
[2024-08-27T15:00:43.355+0000][info][gc,phases      ] GC(275)   Post Evacuate Collection Set: 0.3ms
[2024-08-27T15:00:43.355+0000][info][gc,phases      ] GC(275)   Other: 0.2ms
[2024-08-27T15:00:43.355+0000][info][gc,heap        ] GC(275) Eden regions: 43->0(44)
[2024-08-27T15:00:43.355+0000][info][gc,heap        ] GC(275) Survivor regions: 8->7(7)
[2024-08-27T15:00:43.355+0000][info][gc,heap        ] GC(275) Old regions: 807->854
[2024-08-27T15:00:43.355+0000][info][gc,heap        ] GC(275) Archive regions: 2->2
[2024-08-27T15:00:43.355+0000][info][gc,heap        ] GC(275) Humongous regions: 5->5
[2024-08-27T15:00:43.355+0000][info][gc,metaspace   ] GC(275) Metaspace: 100K(320K)->100K(320K) NonClass: 96K(192K)->96K(192K) Class: 4K(128K)->4K(128K)
[2024-08-27T15:00:43.355+0000][info][gc             ] GC(275) Pause Young (Prepare Mixed) (G1 Evacuation Pause) 850M->853M(1024M) 15.192ms
[2024-08-27T15:00:43.355+0000][info][gc,cpu         ] GC(275) User=0.35s Sys=0.00s Real=0.01s
[2024-08-27T15:00:43.376+0000][info][gc,start       ] GC(276) Pause Young (Mixed) (G1 Evacuation Pause)
[2024-08-27T15:00:43.376+0000][info][gc,task        ] GC(276) Using 24 workers of 68 for evacuation
[2024-08-27T15:00:43.388+0000][info][gc,phases      ] GC(276)   Pre Evacuate Collection Set: 0.2ms
[2024-08-27T15:00:43.388+0000][info][gc,phases      ] GC(276)   Merge Heap Roots: 0.6ms
[2024-08-27T15:00:43.388+0000][info][gc,phases      ] GC(276)   Evacuate Collection Set: 10.9ms
[2024-08-27T15:00:43.388+0000][info][gc,phases      ] GC(276)   Post Evacuate Collection Set: 0.4ms
[2024-08-27T15:00:43.388+0000][info][gc,phases      ] GC(276)   Other: 0.2ms
[2024-08-27T15:00:43.388+0000][info][gc,heap        ] GC(276) Eden regions: 44->0(44)
[2024-08-27T15:00:43.388+0000][info][gc,heap        ] GC(276) Survivor regions: 7->7(7)
[2024-08-27T15:00:43.388+0000][info][gc,heap        ] GC(276) Old regions: 854->797
[2024-08-27T15:00:43.388+0000][info][gc,heap        ] GC(276) Archive regions: 2->2
[2024-08-27T15:00:43.388+0000][info][gc,heap        ] GC(276) Humongous regions: 5->5
[2024-08-27T15:00:43.388+0000][info][gc,metaspace   ] GC(276) Metaspace: 100K(320K)->100K(320K) NonClass: 96K(192K)->96K(192K) Class: 4K(128K)->4K(128K)
[2024-08-27T15:00:43.388+0000][info][gc             ] GC(276) Pause Young (Mixed) (G1 Evacuation Pause) 897M->807M(1024M) 12.360ms
[2024-08-27T15:00:43.388+0000][info][gc,cpu         ] GC(276) User=0.28s Sys=0.00s Real=0.01s
[2024-08-27T15:00:43.410+0000][info][gc,start       ] GC(277) Pause Young (Mixed) (G1 Evacuation Pause)
[2024-08-27T15:00:43.410+0000][info][gc,task        ] GC(277) Using 24 workers of 68 for evacuation
[2024-08-27T15:00:43.420+0000][info][gc,phases      ] GC(277)   Pre Evacuate Collection Set: 0.2ms
[2024-08-27T15:00:43.420+0000][info][gc,phases      ] GC(277)   Merge Heap Roots: 0.4ms
[2024-08-27T15:00:43.420+0000][info][gc,phases      ] GC(277)   Evacuate Collection Set: 9.0ms
[2024-08-27T15:00:43.420+0000][info][gc,phases      ] GC(277)   Post Evacuate Collection Set: 0.3ms
[2024-08-27T15:00:43.420+0000][info][gc,phases      ] GC(277)   Other: 0.3ms
[2024-08-27T15:00:43.420+0000][info][gc,heap        ] GC(277) Eden regions: 44->0(49)
[2024-08-27T15:00:43.420+0000][info][gc,heap        ] GC(277) Survivor regions: 7->7(7)
[2024-08-27T15:00:43.420+0000][info][gc,heap        ] GC(277) Old regions: 797->751
[2024-08-27T15:00:43.420+0000][info][gc,heap        ] GC(277) Archive regions: 2->2
[2024-08-27T15:00:43.421+0000][info][gc,heap        ] GC(277) Humongous regions: 5->5
[2024-08-27T15:00:43.421+0000][info][gc,metaspace   ] GC(277) Metaspace: 100K(320K)->100K(320K) NonClass: 96K(192K)->96K(192K) Class: 4K(128K)->4K(128K)
[2024-08-27T15:00:43.421+0000][info][gc             ] GC(277) Pause Young (Mixed) (G1 Evacuation Pause) 851M->763M(1024M) 10.288ms
[2024-08-27T15:00:43.421+0000][info][gc,cpu         ] GC(277) User=0.23s Sys=0.00s Real=0.01s
[2024-08-27T15:00:43.444+0000][info][gc,start       ] GC(278) Pause Young (Concurrent Start) (G1 Evacuation Pause)
[2024-08-27T15:00:43.444+0000][info][gc,task        ] GC(278) Using 24 workers of 68 for evacuation
[2024-08-27T15:00:43.454+0000][info][gc,phases      ] GC(278)   Pre Evacuate Collection Set: 0.2ms
[2024-08-27T15:00:43.454+0000][info][gc,phases      ] GC(278)   Merge Heap Roots: 0.3ms
[2024-08-27T15:00:43.454+0000][info][gc,phases      ] GC(278)   Evacuate Collection Set: 8.6ms
[2024-08-27T15:00:43.454+0000][info][gc,phases      ] GC(278)   Post Evacuate Collection Set: 0.3ms
[2024-08-27T15:00:43.454+0000][info][gc,phases      ] GC(278)   Other: 0.7ms
[2024-08-27T15:00:43.454+0000][info][gc,heap        ] GC(278) Eden regions: 49->0(44)
[2024-08-27T15:00:43.454+0000][info][gc,heap        ] GC(278) Survivor regions: 7->7(7)
[2024-08-27T15:00:43.454+0000][info][gc,heap        ] GC(278) Old regions: 751->803
[2024-08-27T15:00:43.454+0000][info][gc,heap        ] GC(278) Archive regions: 2->2
[2024-08-27T15:00:43.454+0000][info][gc,heap        ] GC(278) Humongous regions: 5->5
[2024-08-27T15:00:43.454+0000][info][gc,metaspace   ] GC(278) Metaspace: 100K(320K)->100K(320K) NonClass: 96K(192K)->96K(192K) Class: 4K(128K)->4K(128K)
[2024-08-27T15:00:43.455+0000][info][gc             ] GC(278) Pause Young (Concurrent Start) (G1 Evacuation Pause) 812M->815M(1024M) 10.155ms
[2024-08-27T15:00:43.455+0000][info][gc,cpu         ] GC(278) User=0.22s Sys=0.00s Real=0.01s
[2024-08-27T15:00:43.455+0000][info][gc             ] GC(279) Concurrent Mark Cycle
[2024-08-27T15:00:43.455+0000][info][gc,marking     ] GC(279) Concurrent Clear Claimed Marks
[2024-08-27T15:00:43.455+0000][info][gc,marking     ] GC(279) Concurrent Clear Claimed Marks 0.017ms
[2024-08-27T15:00:43.455+0000][info][gc,marking     ] GC(279) Concurrent Scan Root Regions
[2024-08-27T15:00:43.456+0000][info][gc,marking     ] GC(279) Concurrent Scan Root Regions 1.745ms
[2024-08-27T15:00:43.456+0000][info][gc,marking     ] GC(279) Concurrent Mark
[2024-08-27T15:00:43.457+0000][info][gc,marking     ] GC(279) Concurrent Mark From Roots
[2024-08-27T15:00:43.457+0000][info][gc,task        ] GC(279) Using 17 workers of 17 for marking
[2024-08-27T15:00:43.477+0000][info][gc,marking     ] GC(279) Concurrent Mark From Roots 20.590ms
[2024-08-27T15:00:43.477+0000][info][gc,marking     ] GC(279) Concurrent Preclean
[2024-08-27T15:00:43.478+0000][info][gc,marking     ] GC(279) Concurrent Preclean 0.519ms
[2024-08-27T15:00:43.478+0000][info][gc,start       ] GC(279) Pause Remark
[2024-08-27T15:00:43.480+0000][info][gc             ] GC(279) Pause Remark 852M->852M(1024M) 1.518ms
[2024-08-27T15:00:43.480+0000][info][gc,cpu         ] GC(279) User=0.00s Sys=0.00s Real=0.00s
[2024-08-27T15:00:43.480+0000][info][gc,marking     ] GC(279) Concurrent Mark 23.114ms
[2024-08-27T15:00:43.480+0000][info][gc,marking     ] GC(279) Concurrent Rebuild Remembered Sets
[2024-08-27T15:00:43.483+0000][info][gc,start       ] GC(280) Pause Young (Normal) (G1 Evacuation Pause)
[2024-08-27T15:00:43.483+0000][info][gc,task        ] GC(280) Using 24 workers of 68 for evacuation
[2024-08-27T15:00:43.491+0000][info][gc,phases      ] GC(280)   Pre Evacuate Collection Set: 0.2ms
[2024-08-27T15:00:43.491+0000][info][gc,phases      ] GC(280)   Merge Heap Roots: 0.5ms
[2024-08-27T15:00:43.491+0000][info][gc,phases      ] GC(280)   Evacuate Collection Set: 7.0ms
[2024-08-27T15:00:43.491+0000][info][gc,phases      ] GC(280)   Post Evacuate Collection Set: 0.5ms
[2024-08-27T15:00:43.491+0000][info][gc,phases      ] GC(280)   Other: 0.2ms
[2024-08-27T15:00:43.492+0000][info][gc,heap        ] GC(280) Eden regions: 44->0(44)
[2024-08-27T15:00:43.492+0000][info][gc,heap        ] GC(280) Survivor regions: 7->7(7)
[2024-08-27T15:00:43.492+0000][info][gc,heap        ] GC(280) Old regions: 803->850
[2024-08-27T15:00:43.492+0000][info][gc,heap        ] GC(280) Archive regions: 2->2
[2024-08-27T15:00:43.492+0000][info][gc,heap        ] GC(280) Humongous regions: 5->5
[2024-08-27T15:00:43.492+0000][info][gc,metaspace   ] GC(280) Metaspace: 100K(320K)->100K(320K) NonClass: 96K(192K)->96K(192K) Class: 4K(128K)->4K(128K)
[2024-08-27T15:00:43.492+0000][info][gc             ] GC(280) Pause Young (Normal) (G1 Evacuation Pause) 859M->862M(1024M) 8.446ms
[2024-08-27T15:00:43.492+0000][info][gc,cpu         ] GC(280) User=0.18s Sys=0.00s Real=0.01s
[2024-08-27T15:00:43.513+0000][info][gc,start       ] GC(281) Pause Young (Normal) (G1 Evacuation Pause)
[2024-08-27T15:00:43.513+0000][info][gc,task        ] GC(281) Using 24 workers of 68 for evacuation
[2024-08-27T15:00:43.526+0000][info][gc,phases      ] GC(281)   Pre Evacuate Collection Set: 0.2ms
[2024-08-27T15:00:43.526+0000][info][gc,phases      ] GC(281)   Merge Heap Roots: 0.4ms
[2024-08-27T15:00:43.526+0000][info][gc,phases      ] GC(281)   Evacuate Collection Set: 11.7ms
[2024-08-27T15:00:43.526+0000][info][gc,phases      ] GC(281)   Post Evacuate Collection Set: 0.6ms
[2024-08-27T15:00:43.526+0000][info][gc,phases      ] GC(281)   Other: 0.3ms
[2024-08-27T15:00:43.526+0000][info][gc,heap        ] GC(281) Eden regions: 44->0(44)
[2024-08-27T15:00:43.526+0000][info][gc,heap        ] GC(281) Survivor regions: 7->7(7)
[2024-08-27T15:00:43.526+0000][info][gc,heap        ] GC(281) Old regions: 850->897
[2024-08-27T15:00:43.526+0000][info][gc,heap        ] GC(281) Archive regions: 2->2
[2024-08-27T15:00:43.526+0000][info][gc,heap        ] GC(281) Humongous regions: 5->5
[2024-08-27T15:00:43.526+0000][info][gc,metaspace   ] GC(281) Metaspace: 100K(320K)->100K(320K) NonClass: 96K(192K)->96K(192K) Class: 4K(128K)->4K(128K)
[2024-08-27T15:00:43.526+0000][info][gc             ] GC(281) Pause Young (Normal) (G1 Evacuation Pause) 906M->908M(1024M) 13.147ms
[2024-08-27T15:00:43.526+0000][info][gc,cpu         ] GC(281) User=0.29s Sys=0.00s Real=0.01s
[2024-08-27T15:00:43.547+0000][info][gc,start       ] GC(282) Pause Young (Normal) (G1 Evacuation Pause)
[2024-08-27T15:00:43.547+0000][info][gc,task        ] GC(282) Using 24 workers of 68 for evacuation
[2024-08-27T15:00:43.562+0000][info][gc,phases      ] GC(282)   Pre Evacuate Collection Set: 0.2ms
[2024-08-27T15:00:43.562+0000][info][gc,phases      ] GC(282)   Merge Heap Roots: 0.8ms
[2024-08-27T15:00:43.562+0000][info][gc,phases      ] GC(282)   Evacuate Collection Set: 13.3ms
[2024-08-27T15:00:43.562+0000][info][gc,phases      ] GC(282)   Post Evacuate Collection Set: 0.7ms
[2024-08-27T15:00:43.562+0000][info][gc,phases      ] GC(282)   Other: 0.3ms
[2024-08-27T15:00:43.562+0000][info][gc,heap        ] GC(282) Eden regions: 44->0(44)
[2024-08-27T15:00:43.562+0000][info][gc,heap        ] GC(282) Survivor regions: 7->7(7)
[2024-08-27T15:00:43.562+0000][info][gc,heap        ] GC(282) Old regions: 897->943
[2024-08-27T15:00:43.562+0000][info][gc,heap        ] GC(282) Archive regions: 2->2
[2024-08-27T15:00:43.562+0000][info][gc,heap        ] GC(282) Humongous regions: 5->5
[2024-08-27T15:00:43.562+0000][info][gc,metaspace   ] GC(282) Metaspace: 100K(320K)->100K(320K) NonClass: 96K(192K)->96K(192K) Class: 4K(128K)->4K(128K)
[2024-08-27T15:00:43.562+0000][info][gc             ] GC(282) Pause Young (Normal) (G1 Evacuation Pause) 952M->954M(1024M) 15.370ms
[2024-08-27T15:00:43.562+0000][info][gc,cpu         ] GC(282) User=0.35s Sys=0.00s Real=0.02s
[2024-08-27T15:00:43.564+0000][info][gc,marking     ] GC(279) Concurrent Rebuild Remembered Sets 83.970ms
[2024-08-27T15:00:43.564+0000][info][gc,start       ] GC(279) Pause Cleanup
[2024-08-27T15:00:43.565+0000][info][gc             ] GC(279) Pause Cleanup 957M->957M(1024M) 1.596ms
[2024-08-27T15:00:43.566+0000][info][gc,cpu         ] GC(279) User=0.01s Sys=0.00s Real=0.00s
[2024-08-27T15:00:43.566+0000][info][gc,marking     ] GC(279) Concurrent Cleanup for Next Mark
[2024-08-27T15:00:43.566+0000][info][gc,marking     ] GC(279) Concurrent Cleanup for Next Mark 0.570ms
[2024-08-27T15:00:43.566+0000][info][gc             ] GC(279) Concurrent Mark Cycle 111.509ms
[2024-08-27T15:00:43.579+0000][info][gc,start       ] GC(283) Pause Young (Prepare Mixed) (G1 Preventive Collection)
[2024-08-27T15:00:43.579+0000][info][gc,task        ] GC(283) Using 24 workers of 68 for evacuation
[2024-08-27T15:00:43.593+0000][info][gc,phases      ] GC(283)   Pre Evacuate Collection Set: 0.1ms
[2024-08-27T15:00:43.593+0000][info][gc,phases      ] GC(283)   Merge Heap Roots: 1.1ms
[2024-08-27T15:00:43.593+0000][info][gc,phases      ] GC(283)   Evacuate Collection Set: 12.5ms
[2024-08-27T15:00:43.593+0000][info][gc,phases      ] GC(283)   Post Evacuate Collection Set: 0.3ms
[2024-08-27T15:00:43.593+0000][info][gc,phases      ] GC(283)   Other: 0.2ms
[2024-08-27T15:00:43.593+0000][info][gc,heap        ] GC(283) Eden regions: 28->0(44)
[2024-08-27T15:00:43.593+0000][info][gc,heap        ] GC(283) Survivor regions: 7->7(7)
[2024-08-27T15:00:43.593+0000][info][gc,heap        ] GC(283) Old regions: 943->974
[2024-08-27T15:00:43.593+0000][info][gc,heap        ] GC(283) Archive regions: 2->2
[2024-08-27T15:00:43.593+0000][info][gc,heap        ] GC(283) Humongous regions: 5->5
[2024-08-27T15:00:43.593+0000][info][gc,metaspace   ] GC(283) Metaspace: 100K(320K)->100K(320K) NonClass: 96K(192K)->96K(192K) Class: 4K(128K)->4K(128K)
[2024-08-27T15:00:43.593+0000][info][gc             ] GC(283) Pause Young (Prepare Mixed) (G1 Preventive Collection) 982M->986M(1024M) 14.274ms
[2024-08-27T15:00:43.593+0000][info][gc,cpu         ] GC(283) User=0.32s Sys=0.00s Real=0.01s
[2024-08-27T15:00:43.600+0000][info][gc,start       ] GC(284) Pause Young (Mixed) (G1 Preventive Collection)
[2024-08-27T15:00:43.600+0000][info][gc,task        ] GC(284) Using 24 workers of 68 for evacuation
[2024-08-27T15:00:43.605+0000][info][gc,phases      ] GC(284)   Pre Evacuate Collection Set: 0.2ms
[2024-08-27T15:00:43.605+0000][info][gc,phases      ] GC(284)   Merge Heap Roots: 0.2ms
[2024-08-27T15:00:43.605+0000][info][gc,phases      ] GC(284)   Evacuate Collection Set: 4.8ms
[2024-08-27T15:00:43.605+0000][info][gc,phases      ] GC(284)   Post Evacuate Collection Set: 0.3ms
[2024-08-27T15:00:43.605+0000][info][gc,phases      ] GC(284)   Other: 0.2ms
[2024-08-27T15:00:43.605+0000][info][gc,heap        ] GC(284) Eden regions: 13->0(44)
[2024-08-27T15:00:43.605+0000][info][gc,heap        ] GC(284) Survivor regions: 7->7(7)
[2024-08-27T15:00:43.605+0000][info][gc,heap        ] GC(284) Old regions: 974->887
[2024-08-27T15:00:43.605+0000][info][gc,heap        ] GC(284) Archive regions: 2->2
[2024-08-27T15:00:43.605+0000][info][gc,heap        ] GC(284) Humongous regions: 5->5
[2024-08-27T15:00:43.605+0000][info][gc,metaspace   ] GC(284) Metaspace: 100K(320K)->100K(320K) NonClass: 96K(192K)->96K(192K) Class: 4K(128K)->4K(128K)
[2024-08-27T15:00:43.605+0000][info][gc             ] GC(284) Pause Young (Mixed) (G1 Preventive Collection) 999M->899M(1024M) 5.799ms
[2024-08-27T15:00:43.605+0000][info][gc,cpu         ] GC(284) User=0.12s Sys=0.00s Real=0.00s
[2024-08-27T15:00:43.625+0000][info][gc,start       ] GC(285) Pause Young (Mixed) (G1 Evacuation Pause)
[2024-08-27T15:00:43.625+0000][info][gc,task        ] GC(285) Using 24 workers of 68 for evacuation
[2024-08-27T15:00:43.634+0000][info][gc,phases      ] GC(285)   Pre Evacuate Collection Set: 0.2ms
[2024-08-27T15:00:43.634+0000][info][gc,phases      ] GC(285)   Merge Heap Roots: 0.6ms
[2024-08-27T15:00:43.634+0000][info][gc,phases      ] GC(285)   Evacuate Collection Set: 7.5ms
[2024-08-27T15:00:43.634+0000][info][gc,phases      ] GC(285)   Post Evacuate Collection Set: 0.4ms
[2024-08-27T15:00:43.634+0000][info][gc,phases      ] GC(285)   Other: 0.2ms
[2024-08-27T15:00:43.634+0000][info][gc,heap        ] GC(285) Eden regions: 44->0(44)
[2024-08-27T15:00:43.634+0000][info][gc,heap        ] GC(285) Survivor regions: 7->7(7)
[2024-08-27T15:00:43.634+0000][info][gc,heap        ] GC(285) Old regions: 887->828
[2024-08-27T15:00:43.634+0000][info][gc,heap        ] GC(285) Archive regions: 2->2
[2024-08-27T15:00:43.634+0000][info][gc,heap        ] GC(285) Humongous regions: 5->5
[2024-08-27T15:00:43.634+0000][info][gc,metaspace   ] GC(285) Metaspace: 100K(320K)->100K(320K) NonClass: 96K(192K)->96K(192K) Class: 4K(128K)->4K(128K)
[2024-08-27T15:00:43.634+0000][info][gc             ] GC(285) Pause Young (Mixed) (G1 Evacuation Pause) 943M->840M(1024M) 9.085ms
[2024-08-27T15:00:43.634+0000][info][gc,cpu         ] GC(285) User=0.19s Sys=0.00s Real=0.01s
[2024-08-27T15:00:43.653+0000][info][gc,start       ] GC(286) Pause Young (Mixed) (G1 Evacuation Pause)
[2024-08-27T15:00:43.653+0000][info][gc,task        ] GC(286) Using 24 workers of 68 for evacuation
[2024-08-27T15:00:43.664+0000][info][gc,phases      ] GC(286)   Pre Evacuate Collection Set: 0.3ms
[2024-08-27T15:00:43.664+0000][info][gc,phases      ] GC(286)   Merge Heap Roots: 0.4ms
[2024-08-27T15:00:43.664+0000][info][gc,phases      ] GC(286)   Evacuate Collection Set: 9.7ms
[2024-08-27T15:00:43.664+0000][info][gc,phases      ] GC(286)   Post Evacuate Collection Set: 0.4ms
[2024-08-27T15:00:43.664+0000][info][gc,phases      ] GC(286)   Other: 0.3ms
[2024-08-27T15:00:43.664+0000][info][gc,heap        ] GC(286) Eden regions: 44->0(44)
[2024-08-27T15:00:43.664+0000][info][gc,heap        ] GC(286) Survivor regions: 7->7(7)
[2024-08-27T15:00:43.664+0000][info][gc,heap        ] GC(286) Old regions: 828->791
[2024-08-27T15:00:43.664+0000][info][gc,heap        ] GC(286) Archive regions: 2->2
[2024-08-27T15:00:43.664+0000][info][gc,heap        ] GC(286) Humongous regions: 5->5
[2024-08-27T15:00:43.664+0000][info][gc,metaspace   ] GC(286) Metaspace: 100K(320K)->100K(320K) NonClass: 96K(192K)->96K(192K) Class: 4K(128K)->4K(128K)
[2024-08-27T15:00:43.664+0000][info][gc             ] GC(286) Pause Young (Mixed) (G1 Evacuation Pause) 884M->803M(1024M) 11.034ms
[2024-08-27T15:00:43.664+0000][info][gc,cpu         ] GC(286) User=0.24s Sys=0.01s Real=0.01s
[2024-08-27T15:00:43.684+0000][info][gc,start       ] GC(287) Pause Young (Mixed) (G1 Evacuation Pause)
[2024-08-27T15:00:43.684+0000][info][gc,task        ] GC(287) Using 24 workers of 68 for evacuation
[2024-08-27T15:00:43.696+0000][info][gc,phases      ] GC(287)   Pre Evacuate Collection Set: 0.2ms
[2024-08-27T15:00:43.696+0000][info][gc,phases      ] GC(287)   Merge Heap Roots: 0.5ms
[2024-08-27T15:00:43.696+0000][info][gc,phases      ] GC(287)   Evacuate Collection Set: 10.2ms
[2024-08-27T15:00:43.696+0000][info][gc,phases      ] GC(287)   Post Evacuate Collection Set: 0.3ms
[2024-08-27T15:00:43.696+0000][info][gc,phases      ] GC(287)   Other: 0.2ms
[2024-08-27T15:00:43.696+0000][info][gc,heap        ] GC(287) Eden regions: 44->0(44)
[2024-08-27T15:00:43.696+0000][info][gc,heap        ] GC(287) Survivor regions: 7->7(7)
[2024-08-27T15:00:43.696+0000][info][gc,heap        ] GC(287) Old regions: 791->814
[2024-08-27T15:00:43.696+0000][info][gc,heap        ] GC(287) Archive regions: 2->2
[2024-08-27T15:00:43.696+0000][info][gc,heap        ] GC(287) Humongous regions: 5->5
[2024-08-27T15:00:43.696+0000][info][gc,metaspace   ] GC(287) Metaspace: 100K(320K)->100K(320K) NonClass: 96K(192K)->96K(192K) Class: 4K(128K)->4K(128K)
[2024-08-27T15:00:43.696+0000][info][gc             ] GC(287) Pause Young (Mixed) (G1 Evacuation Pause) 847M->826M(1024M) 11.524ms
[2024-08-27T15:00:43.696+0000][info][gc,cpu         ] GC(287) User=0.25s Sys=0.00s Real=0.01s
[2024-08-27T15:00:43.715+0000][info][gc,start       ] GC(288) Pause Young (Concurrent Start) (G1 Evacuation Pause)
[2024-08-27T15:00:43.715+0000][info][gc,task        ] GC(288) Using 24 workers of 68 for evacuation
[2024-08-27T15:00:43.726+0000][info][gc,phases      ] GC(288)   Pre Evacuate Collection Set: 0.2ms
[2024-08-27T15:00:43.726+0000][info][gc,phases      ] GC(288)   Merge Heap Roots: 0.6ms
[2024-08-27T15:00:43.726+0000][info][gc,phases      ] GC(288)   Evacuate Collection Set: 9.0ms
[2024-08-27T15:00:43.726+0000][info][gc,phases      ] GC(288)   Post Evacuate Collection Set: 0.3ms
[2024-08-27T15:00:43.726+0000][info][gc,phases      ] GC(288)   Other: 0.7ms
[2024-08-27T15:00:43.726+0000][info][gc,heap        ] GC(288) Eden regions: 44->0(44)
[2024-08-27T15:00:43.726+0000][info][gc,heap        ] GC(288) Survivor regions: 7->7(7)
[2024-08-27T15:00:43.726+0000][info][gc,heap        ] GC(288) Old regions: 814->861
[2024-08-27T15:00:43.726+0000][info][gc,heap        ] GC(288) Archive regions: 2->2
[2024-08-27T15:00:43.726+0000][info][gc,heap        ] GC(288) Humongous regions: 5->5
[2024-08-27T15:00:43.726+0000][info][gc,metaspace   ] GC(288) Metaspace: 100K(320K)->100K(320K) NonClass: 96K(192K)->96K(192K) Class: 4K(128K)->4K(128K)
[2024-08-27T15:00:43.726+0000][info][gc             ] GC(288) Pause Young (Concurrent Start) (G1 Evacuation Pause) 870M->873M(1024M) 10.849ms
[2024-08-27T15:00:43.726+0000][info][gc,cpu         ] GC(288) User=0.23s Sys=0.00s Real=0.01s
[2024-08-27T15:00:43.726+0000][info][gc             ] GC(289) Concurrent Mark Cycle
[2024-08-27T15:00:43.726+0000][info][gc,marking     ] GC(289) Concurrent Clear Claimed Marks
[2024-08-27T15:00:43.726+0000][info][gc,marking     ] GC(289) Concurrent Clear Claimed Marks 0.014ms
[2024-08-27T15:00:43.726+0000][info][gc,marking     ] GC(289) Concurrent Scan Root Regions
[2024-08-27T15:00:43.727+0000][info][gc,marking     ] GC(289) Concurrent Scan Root Regions 1.429ms
[2024-08-27T15:00:43.727+0000][info][gc,marking     ] GC(289) Concurrent Mark
[2024-08-27T15:00:43.727+0000][info][gc,marking     ] GC(289) Concurrent Mark From Roots
[2024-08-27T15:00:43.727+0000][info][gc,task        ] GC(289) Using 17 workers of 17 for marking
[2024-08-27T15:00:43.749+0000][info][gc,marking     ] GC(289) Concurrent Mark From Roots 21.415ms
[2024-08-27T15:00:43.749+0000][info][gc,marking     ] GC(289) Concurrent Preclean
[2024-08-27T15:00:43.749+0000][info][gc,marking     ] GC(289) Concurrent Preclean 0.501ms
[2024-08-27T15:00:43.750+0000][info][gc,start       ] GC(289) Pause Remark
[2024-08-27T15:00:43.751+0000][info][gc             ] GC(289) Pause Remark 913M->913M(1024M) 1.368ms
[2024-08-27T15:00:43.751+0000][info][gc,cpu         ] GC(289) User=0.00s Sys=0.00s Real=0.00s
[2024-08-27T15:00:43.751+0000][info][gc,marking     ] GC(289) Concurrent Mark 23.760ms
[2024-08-27T15:00:43.751+0000][info][gc,marking     ] GC(289) Concurrent Rebuild Remembered Sets
[2024-08-27T15:00:43.753+0000][info][gc,start       ] GC(290) Pause Young (Normal) (G1 Evacuation Pause)
[2024-08-27T15:00:43.754+0000][info][gc,task        ] GC(290) Using 24 workers of 68 for evacuation
[2024-08-27T15:00:43.763+0000][info][gc,phases      ] GC(290)   Pre Evacuate Collection Set: 0.2ms
[2024-08-27T15:00:43.763+0000][info][gc,phases      ] GC(290)   Merge Heap Roots: 0.6ms
[2024-08-27T15:00:43.763+0000][info][gc,phases      ] GC(290)   Evacuate Collection Set: 8.5ms
[2024-08-27T15:00:43.763+0000][info][gc,phases      ] GC(290)   Post Evacuate Collection Set: 0.4ms
[2024-08-27T15:00:43.763+0000][info][gc,phases      ] GC(290)   Other: 0.2ms
[2024-08-27T15:00:43.763+0000][info][gc,heap        ] GC(290) Eden regions: 44->0(44)
[2024-08-27T15:00:43.763+0000][info][gc,heap        ] GC(290) Survivor regions: 7->7(7)
[2024-08-27T15:00:43.763+0000][info][gc,heap        ] GC(290) Old regions: 861->908
[2024-08-27T15:00:43.763+0000][info][gc,heap        ] GC(290) Archive regions: 2->2
[2024-08-27T15:00:43.763+0000][info][gc,heap        ] GC(290) Humongous regions: 5->5
[2024-08-27T15:00:43.763+0000][info][gc,metaspace   ] GC(290) Metaspace: 100K(320K)->100K(320K) NonClass: 96K(192K)->96K(192K) Class: 4K(128K)->4K(128K)
[2024-08-27T15:00:43.763+0000][info][gc             ] GC(290) Pause Young (Normal) (G1 Evacuation Pause) 917M->920M(1024M) 9.896ms
[2024-08-27T15:00:43.763+0000][info][gc,cpu         ] GC(290) User=0.22s Sys=0.00s Real=0.01s
[2024-08-27T15:00:43.785+0000][info][gc,start       ] GC(291) Pause Young (Normal) (G1 Evacuation Pause)
[2024-08-27T15:00:43.785+0000][info][gc,task        ] GC(291) Using 24 workers of 68 for evacuation
[2024-08-27T15:00:43.799+0000][info][gc,phases      ] GC(291)   Pre Evacuate Collection Set: 0.2ms
[2024-08-27T15:00:43.799+0000][info][gc,phases      ] GC(291)   Merge Heap Roots: 0.7ms
[2024-08-27T15:00:43.799+0000][info][gc,phases      ] GC(291)   Evacuate Collection Set: 12.0ms
[2024-08-27T15:00:43.799+0000][info][gc,phases      ] GC(291)   Post Evacuate Collection Set: 0.5ms
[2024-08-27T15:00:43.799+0000][info][gc,phases      ] GC(291)   Other: 0.3ms
[2024-08-27T15:00:43.799+0000][info][gc,heap        ] GC(291) Eden regions: 44->0(44)
[2024-08-27T15:00:43.799+0000][info][gc,heap        ] GC(291) Survivor regions: 7->7(7)
[2024-08-27T15:00:43.799+0000][info][gc,heap        ] GC(291) Old regions: 908->954
[2024-08-27T15:00:43.799+0000][info][gc,heap        ] GC(291) Archive regions: 2->2
[2024-08-27T15:00:43.799+0000][info][gc,heap        ] GC(291) Humongous regions: 5->5
[2024-08-27T15:00:43.799+0000][info][gc,metaspace   ] GC(291) Metaspace: 100K(320K)->100K(320K) NonClass: 96K(192K)->96K(192K) Class: 4K(128K)->4K(128K)
[2024-08-27T15:00:43.799+0000][info][gc             ] GC(291) Pause Young (Normal) (G1 Evacuation Pause) 964M->966M(1024M) 13.748ms
[2024-08-27T15:00:43.799+0000][info][gc,cpu         ] GC(291) User=0.30s Sys=0.00s Real=0.02s
[2024-08-27T15:00:43.810+0000][info][gc,start       ] GC(292) Pause Young (Normal) (G1 Preventive Collection)
[2024-08-27T15:00:43.810+0000][info][gc,task        ] GC(292) Using 24 workers of 68 for evacuation
[2024-08-27T15:00:43.824+0000][info][gc             ] GC(292) To-space exhausted
[2024-08-27T15:00:43.824+0000][info][gc,phases      ] GC(292)   Pre Evacuate Collection Set: 0.2ms
[2024-08-27T15:00:43.824+0000][info][gc,phases      ] GC(292)   Merge Heap Roots: 0.9ms
[2024-08-27T15:00:43.824+0000][info][gc,phases      ] GC(292)   Evacuate Collection Set: 11.2ms
[2024-08-27T15:00:43.824+0000][info][gc,phases      ] GC(292)   Post Evacuate Collection Set: 0.9ms
[2024-08-27T15:00:43.824+0000][info][gc,phases      ] GC(292)   Other: 0.3ms
[2024-08-27T15:00:43.824+0000][info][gc,heap        ] GC(292) Eden regions: 23->0(44)
[2024-08-27T15:00:43.824+0000][info][gc,heap        ] GC(292) Survivor regions: 7->7(7)
[2024-08-27T15:00:43.824+0000][info][gc,heap        ] GC(292) Old regions: 954->995
[2024-08-27T15:00:43.824+0000][info][gc,heap        ] GC(292) Archive regions: 2->2
[2024-08-27T15:00:43.824+0000][info][gc,heap        ] GC(292) Humongous regions: 5->5
[2024-08-27T15:00:43.824+0000][info][gc,metaspace   ] GC(292) Metaspace: 100K(320K)->100K(320K) NonClass: 96K(192K)->96K(192K) Class: 4K(128K)->4K(128K)
[2024-08-27T15:00:43.824+0000][info][gc             ] GC(292) Pause Young (Normal) (G1 Preventive Collection) 989M->1007M(1024M) 13.436ms
[2024-08-27T15:00:43.824+0000][info][gc,cpu         ] GC(292) User=0.30s Sys=0.00s Real=0.01s
[2024-08-27T15:00:43.826+0000][info][gc,start       ] GC(293) Pause Young (Normal) (G1 Preventive Collection)
[2024-08-27T15:00:43.826+0000][info][gc,task        ] GC(293) Using 24 workers of 68 for evacuation
[2024-08-27T15:00:43.835+0000][info][gc             ] GC(293) To-space exhausted
[2024-08-27T15:00:43.835+0000][info][gc,phases      ] GC(293)   Pre Evacuate Collection Set: 0.1ms
[2024-08-27T15:00:43.835+0000][info][gc,phases      ] GC(293)   Merge Heap Roots: 0.9ms
[2024-08-27T15:00:43.835+0000][info][gc,phases      ] GC(293)   Evacuate Collection Set: 7.1ms
[2024-08-27T15:00:43.835+0000][info][gc,phases      ] GC(293)   Post Evacuate Collection Set: 0.8ms
[2024-08-27T15:00:43.835+0000][info][gc,phases      ] GC(293)   Other: 0.2ms
[2024-08-27T15:00:43.835+0000][info][gc,heap        ] GC(293) Eden regions: 3->0(48)
[2024-08-27T15:00:43.835+0000][info][gc,heap        ] GC(293) Survivor regions: 7->3(7)
[2024-08-27T15:00:43.835+0000][info][gc,heap        ] GC(293) Old regions: 995->1014
[2024-08-27T15:00:43.835+0000][info][gc,heap        ] GC(293) Archive regions: 2->2
[2024-08-27T15:00:43.835+0000][info][gc,heap        ] GC(293) Humongous regions: 5->5
[2024-08-27T15:00:43.835+0000][info][gc,metaspace   ] GC(293) Metaspace: 100K(320K)->100K(320K) NonClass: 96K(192K)->96K(192K) Class: 4K(128K)->4K(128K)
[2024-08-27T15:00:43.835+0000][info][gc             ] GC(293) Pause Young (Normal) (G1 Preventive Collection) 1010M->1022M(1024M) 9.085ms
[2024-08-27T15:00:43.835+0000][info][gc,cpu         ] GC(293) User=0.20s Sys=0.00s Real=0.01s
[2024-08-27T15:00:43.835+0000][info][gc,ergo        ] Attempting full compaction
[2024-08-27T15:00:43.835+0000][info][gc,task        ] GC(294) Using 24 workers of 68 for full compaction
[2024-08-27T15:00:43.835+0000][info][gc,start       ] GC(294) Pause Full (G1 Compaction Pause)
[2024-08-27T15:00:43.836+0000][info][gc,phases,start] GC(294) Phase 1: Mark live objects
[2024-08-27T15:00:43.848+0000][info][gc,phases      ] GC(294) Phase 1: Mark live objects 11.747ms
[2024-08-27T15:00:43.848+0000][info][gc,phases,start] GC(294) Phase 2: Prepare for compaction
[2024-08-27T15:00:43.857+0000][info][gc,phases      ] GC(294) Phase 2: Prepare for compaction 8.985ms
[2024-08-27T15:00:43.857+0000][info][gc,phases,start] GC(294) Phase 3: Adjust pointers
[2024-08-27T15:00:43.869+0000][info][gc,phases      ] GC(294) Phase 3: Adjust pointers 12.402ms
[2024-08-27T15:00:43.869+0000][info][gc,phases,start] GC(294) Phase 4: Compact heap
[2024-08-27T15:00:43.896+0000][info][gc,phases      ] GC(294) Phase 4: Compact heap 26.486ms
[2024-08-27T15:00:43.897+0000][info][gc,heap        ] GC(294) Eden regions: 0->0(150)
[2024-08-27T15:00:43.897+0000][info][gc,heap        ] GC(294) Survivor regions: 3->0(7)
[2024-08-27T15:00:43.897+0000][info][gc,heap        ] GC(294) Old regions: 1014->442
[2024-08-27T15:00:43.897+0000][info][gc,heap        ] GC(294) Archive regions: 2->2
[2024-08-27T15:00:43.897+0000][info][gc,heap        ] GC(294) Humongous regions: 5->5
[2024-08-27T15:00:43.897+0000][info][gc,metaspace   ] GC(294) Metaspace: 100K(320K)->100K(320K) NonClass: 96K(192K)->96K(192K) Class: 4K(128K)->4K(128K)
[2024-08-27T15:00:43.897+0000][info][gc             ] GC(294) Pause Full (G1 Compaction Pause) 1022M->435M(1024M) 61.521ms
[2024-08-27T15:00:43.897+0000][info][gc,cpu         ] GC(294) User=1.27s Sys=0.00s Real=0.06s
[2024-08-27T15:00:43.897+0000][info][gc,marking     ] GC(289) Concurrent Rebuild Remembered Sets 145.964ms
[2024-08-27T15:00:43.897+0000][info][gc,marking     ] GC(289) Concurrent Mark Abort
[2024-08-27T15:00:43.897+0000][info][gc             ] GC(289) Concurrent Mark Cycle 171.344ms
[2024-08-27T15:00:43.973+0000][info][gc,start       ] GC(295) Pause Young (Normal) (G1 Evacuation Pause)
[2024-08-27T15:00:43.973+0000][info][gc,task        ] GC(295) Using 24 workers of 68 for evacuation
[2024-08-27T15:00:43.996+0000][info][gc,phases      ] GC(295)   Pre Evacuate Collection Set: 0.2ms
[2024-08-27T15:00:43.996+0000][info][gc,phases      ] GC(295)   Merge Heap Roots: 0.5ms
[2024-08-27T15:00:43.996+0000][info][gc,phases      ] GC(295)   Evacuate Collection Set: 21.9ms
[2024-08-27T15:00:43.996+0000][info][gc,phases      ] GC(295)   Post Evacuate Collection Set: 0.3ms
[2024-08-27T15:00:43.997+0000][info][gc,phases      ] GC(295)   Other: 0.2ms
[2024-08-27T15:00:43.997+0000][info][gc,heap        ] GC(295) Eden regions: 150->0(103)
[2024-08-27T15:00:43.997+0000][info][gc,heap        ] GC(295) Survivor regions: 0->19(19)
[2024-08-27T15:00:43.997+0000][info][gc,heap        ] GC(295) Old regions: 442->569
[2024-08-27T15:00:43.997+0000][info][gc,heap        ] GC(295) Archive regions: 2->2
[2024-08-27T15:00:43.997+0000][info][gc,heap        ] GC(295) Humongous regions: 5->5
[2024-08-27T15:00:43.997+0000][info][gc,metaspace   ] GC(295) Metaspace: 100K(320K)->100K(320K) NonClass: 96K(192K)->96K(192K) Class: 4K(128K)->4K(128K)
[2024-08-27T15:00:43.997+0000][info][gc             ] GC(295) Pause Young (Normal) (G1 Evacuation Pause) 585M->581M(1024M) 23.220ms
[2024-08-27T15:00:43.997+0000][info][gc,cpu         ] GC(295) User=0.54s Sys=0.00s Real=0.02s
[2024-08-27T15:00:44.046+0000][info][gc,start       ] GC(296) Pause Young (Concurrent Start) (G1 Evacuation Pause)
[2024-08-27T15:00:44.046+0000][info][gc,task        ] GC(296) Using 24 workers of 68 for evacuation
[2024-08-27T15:00:44.065+0000][info][gc,phases      ] GC(296)   Pre Evacuate Collection Set: 0.2ms
[2024-08-27T15:00:44.065+0000][info][gc,phases      ] GC(296)   Merge Heap Roots: 0.5ms
[2024-08-27T15:00:44.065+0000][info][gc,phases      ] GC(296)   Evacuate Collection Set: 17.9ms
[2024-08-27T15:00:44.065+0000][info][gc,phases      ] GC(296)   Post Evacuate Collection Set: 0.3ms
[2024-08-27T15:00:44.065+0000][info][gc,phases      ] GC(296)   Other: 0.6ms
[2024-08-27T15:00:44.065+0000][info][gc,heap        ] GC(296) Eden regions: 103->0(70)
[2024-08-27T15:00:44.065+0000][info][gc,heap        ] GC(296) Survivor regions: 19->16(16)
[2024-08-27T15:00:44.065+0000][info][gc,heap        ] GC(296) Old regions: 569->677
[2024-08-27T15:00:44.065+0000][info][gc,heap        ] GC(296) Archive regions: 2->2
[2024-08-27T15:00:44.065+0000][info][gc,heap        ] GC(296) Humongous regions: 5->5
[2024-08-27T15:00:44.065+0000][info][gc,metaspace   ] GC(296) Metaspace: 100K(320K)->100K(320K) NonClass: 96K(192K)->96K(192K) Class: 4K(128K)->4K(128K)
[2024-08-27T15:00:44.065+0000][info][gc             ] GC(296) Pause Young (Concurrent Start) (G1 Evacuation Pause) 684M->686M(1024M) 19.562ms
[2024-08-27T15:00:44.065+0000][info][gc,cpu         ] GC(296) User=0.44s Sys=0.00s Real=0.02s
[2024-08-27T15:00:44.065+0000][info][gc             ] GC(297) Concurrent Mark Cycle
[2024-08-27T15:00:44.065+0000][info][gc,marking     ] GC(297) Concurrent Clear Claimed Marks
[2024-08-27T15:00:44.065+0000][info][gc,marking     ] GC(297) Concurrent Clear Claimed Marks 0.010ms
[2024-08-27T15:00:44.065+0000][info][gc,marking     ] GC(297) Concurrent Scan Root Regions
[2024-08-27T15:00:44.069+0000][info][gc,marking     ] GC(297) Concurrent Scan Root Regions 3.234ms
[2024-08-27T15:00:44.069+0000][info][gc,marking     ] GC(297) Concurrent Mark
[2024-08-27T15:00:44.069+0000][info][gc,marking     ] GC(297) Concurrent Mark From Roots
[2024-08-27T15:00:44.069+0000][info][gc,task        ] GC(297) Using 17 workers of 17 for marking
[2024-08-27T15:00:44.087+0000][info][gc,marking     ] GC(297) Concurrent Mark From Roots 18.113ms
[2024-08-27T15:00:44.087+0000][info][gc,marking     ] GC(297) Concurrent Preclean
[2024-08-27T15:00:44.088+0000][info][gc,marking     ] GC(297) Concurrent Preclean 1.377ms
[2024-08-27T15:00:44.089+0000][info][gc,start       ] GC(297) Pause Remark
[2024-08-27T15:00:44.090+0000][info][gc             ] GC(297) Pause Remark 722M->722M(1024M) 1.185ms
[2024-08-27T15:00:44.090+0000][info][gc,cpu         ] GC(297) User=0.01s Sys=0.00s Real=0.01s
[2024-08-27T15:00:44.090+0000][info][gc,marking     ] GC(297) Concurrent Mark 21.152ms
[2024-08-27T15:00:44.090+0000][info][gc,marking     ] GC(297) Concurrent Rebuild Remembered Sets
[2024-08-27T15:00:44.106+0000][info][gc,start       ] GC(298) Pause Young (Normal) (G1 Evacuation Pause)
[2024-08-27T15:00:44.106+0000][info][gc,task        ] GC(298) Using 24 workers of 68 for evacuation
[2024-08-27T15:00:44.122+0000][info][gc,phases      ] GC(298)   Pre Evacuate Collection Set: 0.2ms
[2024-08-27T15:00:44.122+0000][info][gc,phases      ] GC(298)   Merge Heap Roots: 0.5ms
[2024-08-27T15:00:44.122+0000][info][gc,phases      ] GC(298)   Evacuate Collection Set: 14.4ms
[2024-08-27T15:00:44.122+0000][info][gc,phases      ] GC(298)   Post Evacuate Collection Set: 0.6ms
[2024-08-27T15:00:44.122+0000][info][gc,phases      ] GC(298)   Other: 0.2ms
[2024-08-27T15:00:44.122+0000][info][gc,heap        ] GC(298) Eden regions: 70->0(46)
[2024-08-27T15:00:44.122+0000][info][gc,heap        ] GC(298) Survivor regions: 16->11(11)
[2024-08-27T15:00:44.122+0000][info][gc,heap        ] GC(298) Old regions: 677->756
[2024-08-27T15:00:44.122+0000][info][gc,heap        ] GC(298) Archive regions: 2->2
[2024-08-27T15:00:44.122+0000][info][gc,heap        ] GC(298) Humongous regions: 5->5
[2024-08-27T15:00:44.122+0000][info][gc,metaspace   ] GC(298) Metaspace: 100K(320K)->100K(320K) NonClass: 96K(192K)->96K(192K) Class: 4K(128K)->4K(128K)
[2024-08-27T15:00:44.122+0000][info][gc             ] GC(298) Pause Young (Normal) (G1 Evacuation Pause) 756M->760M(1024M) 15.952ms
[2024-08-27T15:00:44.122+0000][info][gc,cpu         ] GC(298) User=0.36s Sys=0.00s Real=0.02s
[2024-08-27T15:00:44.145+0000][info][gc,start       ] GC(299) Pause Young (Normal) (G1 Evacuation Pause)
[2024-08-27T15:00:44.145+0000][info][gc,task        ] GC(299) Using 24 workers of 68 for evacuation
[2024-08-27T15:00:44.164+0000][info][gc,phases      ] GC(299)   Pre Evacuate Collection Set: 0.2ms
[2024-08-27T15:00:44.164+0000][info][gc,phases      ] GC(299)   Merge Heap Roots: 0.7ms
[2024-08-27T15:00:44.164+0000][info][gc,phases      ] GC(299)   Evacuate Collection Set: 17.0ms
[2024-08-27T15:00:44.164+0000][info][gc,phases      ] GC(299)   Post Evacuate Collection Set: 0.6ms
[2024-08-27T15:00:44.164+0000][info][gc,phases      ] GC(299)   Other: 0.2ms
[2024-08-27T15:00:44.164+0000][info][gc,heap        ] GC(299) Eden regions: 46->0(43)
[2024-08-27T15:00:44.164+0000][info][gc,heap        ] GC(299) Survivor regions: 11->8(8)
[2024-08-27T15:00:44.164+0000][info][gc,heap        ] GC(299) Old regions: 756->809
[2024-08-27T15:00:44.164+0000][info][gc,heap        ] GC(299) Archive regions: 2->2
[2024-08-27T15:00:44.164+0000][info][gc,heap        ] GC(299) Humongous regions: 5->5
[2024-08-27T15:00:44.164+0000][info][gc,metaspace   ] GC(299) Metaspace: 100K(320K)->100K(320K) NonClass: 96K(192K)->96K(192K) Class: 4K(128K)->4K(128K)
[2024-08-27T15:00:44.164+0000][info][gc             ] GC(299) Pause Young (Normal) (G1 Evacuation Pause) 806M->810M(1024M) 18.770ms
[2024-08-27T15:00:44.164+0000][info][gc,cpu         ] GC(299) User=0.43s Sys=0.00s Real=0.02s
[2024-08-27T15:00:44.170+0000][info][gc,marking     ] GC(297) Concurrent Rebuild Remembered Sets 80.275ms
[2024-08-27T15:00:44.170+0000][info][gc,start       ] GC(297) Pause Cleanup
[2024-08-27T15:00:44.172+0000][info][gc             ] GC(297) Pause Cleanup 822M->822M(1024M) 1.107ms
[2024-08-27T15:00:44.172+0000][info][gc,cpu         ] GC(297) User=0.00s Sys=0.00s Real=0.00s
[2024-08-27T15:00:44.172+0000][info][gc,marking     ] GC(297) Concurrent Cleanup for Next Mark
[2024-08-27T15:00:44.172+0000][info][gc,marking     ] GC(297) Concurrent Cleanup for Next Mark 0.499ms
[2024-08-27T15:00:44.172+0000][info][gc             ] GC(297) Concurrent Mark Cycle 106.767ms
[2024-08-27T15:00:44.189+0000][info][gc,start       ] GC(300) Pause Young (Prepare Mixed) (G1 Evacuation Pause)
[2024-08-27T15:00:44.189+0000][info][gc,task        ] GC(300) Using 24 workers of 68 for evacuation
[2024-08-27T15:00:44.206+0000][info][gc,phases      ] GC(300)   Pre Evacuate Collection Set: 0.2ms
[2024-08-27T15:00:44.206+0000][info][gc,phases      ] GC(300)   Merge Heap Roots: 0.6ms
[2024-08-27T15:00:44.206+0000][info][gc,phases      ] GC(300)   Evacuate Collection Set: 15.2ms
[2024-08-27T15:00:44.206+0000][info][gc,phases      ] GC(300)   Post Evacuate Collection Set: 0.3ms
[2024-08-27T15:00:44.206+0000][info][gc,phases      ] GC(300)   Other: 0.2ms
[2024-08-27T15:00:44.206+0000][info][gc,heap        ] GC(300) Eden regions: 43->0(44)
[2024-08-27T15:00:44.206+0000][info][gc,heap        ] GC(300) Survivor regions: 8->7(7)
[2024-08-27T15:00:44.206+0000][info][gc,heap        ] GC(300) Old regions: 809->856
[2024-08-27T15:00:44.206+0000][info][gc,heap        ] GC(300) Archive regions: 2->2
[2024-08-27T15:00:44.206+0000][info][gc,heap        ] GC(300) Humongous regions: 5->5
[2024-08-27T15:00:44.206+0000][info][gc,metaspace   ] GC(300) Metaspace: 100K(320K)->100K(320K) NonClass: 96K(192K)->96K(192K) Class: 4K(128K)->4K(128K)
[2024-08-27T15:00:44.206+0000][info][gc             ] GC(300) Pause Young (Prepare Mixed) (G1 Evacuation Pause) 853M->856M(1024M) 16.490ms
[2024-08-27T15:00:44.206+0000][info][gc,cpu         ] GC(300) User=0.37s Sys=0.00s Real=0.02s
[2024-08-27T15:00:44.228+0000][info][gc,start       ] GC(301) Pause Young (Mixed) (G1 Evacuation Pause)
[2024-08-27T15:00:44.228+0000][info][gc,task        ] GC(301) Using 24 workers of 68 for evacuation
[2024-08-27T15:00:44.239+0000][info][gc,phases      ] GC(301)   Pre Evacuate Collection Set: 0.2ms
[2024-08-27T15:00:44.239+0000][info][gc,phases      ] GC(301)   Merge Heap Roots: 0.6ms
[2024-08-27T15:00:44.239+0000][info][gc,phases      ] GC(301)   Evacuate Collection Set: 10.4ms
[2024-08-27T15:00:44.239+0000][info][gc,phases      ] GC(301)   Post Evacuate Collection Set: 0.3ms
[2024-08-27T15:00:44.239+0000][info][gc,phases      ] GC(301)   Other: 0.2ms
[2024-08-27T15:00:44.239+0000][info][gc,heap        ] GC(301) Eden regions: 44->0(44)
[2024-08-27T15:00:44.239+0000][info][gc,heap        ] GC(301) Survivor regions: 7->7(7)
[2024-08-27T15:00:44.239+0000][info][gc,heap        ] GC(301) Old regions: 856->801
[2024-08-27T15:00:44.239+0000][info][gc,heap        ] GC(301) Archive regions: 2->2
[2024-08-27T15:00:44.239+0000][info][gc,heap        ] GC(301) Humongous regions: 5->5
[2024-08-27T15:00:44.239+0000][info][gc,metaspace   ] GC(301) Metaspace: 100K(320K)->100K(320K) NonClass: 96K(192K)->96K(192K) Class: 4K(128K)->4K(128K)
[2024-08-27T15:00:44.239+0000][info][gc             ] GC(301) Pause Young (Mixed) (G1 Evacuation Pause) 900M->811M(1024M) 11.733ms
[2024-08-27T15:00:44.239+0000][info][gc,cpu         ] GC(301) User=0.27s Sys=0.00s Real=0.02s
[2024-08-27T15:00:44.260+0000][info][gc,start       ] GC(302) Pause Young (Mixed) (G1 Evacuation Pause)
[2024-08-27T15:00:44.260+0000][info][gc,task        ] GC(302) Using 24 workers of 68 for evacuation
[2024-08-27T15:00:44.270+0000][info][gc,phases      ] GC(302)   Pre Evacuate Collection Set: 0.2ms
[2024-08-27T15:00:44.270+0000][info][gc,phases      ] GC(302)   Merge Heap Roots: 0.4ms
[2024-08-27T15:00:44.270+0000][info][gc,phases      ] GC(302)   Evacuate Collection Set: 8.9ms
[2024-08-27T15:00:44.270+0000][info][gc,phases      ] GC(302)   Post Evacuate Collection Set: 0.4ms
[2024-08-27T15:00:44.270+0000][info][gc,phases      ] GC(302)   Other: 0.2ms
[2024-08-27T15:00:44.270+0000][info][gc,heap        ] GC(302) Eden regions: 44->0(48)
[2024-08-27T15:00:44.270+0000][info][gc,heap        ] GC(302) Survivor regions: 7->7(7)
[2024-08-27T15:00:44.270+0000][info][gc,heap        ] GC(302) Old regions: 801->754
[2024-08-27T15:00:44.270+0000][info][gc,heap        ] GC(302) Archive regions: 2->2
[2024-08-27T15:00:44.270+0000][info][gc,heap        ] GC(302) Humongous regions: 5->5
[2024-08-27T15:00:44.270+0000][info][gc,metaspace   ] GC(302) Metaspace: 100K(320K)->100K(320K) NonClass: 96K(192K)->96K(192K) Class: 4K(128K)->4K(128K)
[2024-08-27T15:00:44.270+0000][info][gc             ] GC(302) Pause Young (Mixed) (G1 Evacuation Pause) 855M->765M(1024M) 10.207ms
[2024-08-27T15:00:44.270+0000][info][gc,cpu         ] GC(302) User=0.22s Sys=0.00s Real=0.01s
[2024-08-27T15:00:44.293+0000][info][gc,start       ] GC(303) Pause Young (Concurrent Start) (G1 Evacuation Pause)
[2024-08-27T15:00:44.293+0000][info][gc,task        ] GC(303) Using 24 workers of 68 for evacuation
[2024-08-27T15:00:44.302+0000][info][gc,phases      ] GC(303)   Pre Evacuate Collection Set: 0.2ms
[2024-08-27T15:00:44.302+0000][info][gc,phases      ] GC(303)   Merge Heap Roots: 0.3ms
[2024-08-27T15:00:44.302+0000][info][gc,phases      ] GC(303)   Evacuate Collection Set: 8.0ms
[2024-08-27T15:00:44.302+0000][info][gc,phases      ] GC(303)   Post Evacuate Collection Set: 0.3ms
[2024-08-27T15:00:44.302+0000][info][gc,phases      ] GC(303)   Other: 0.6ms
[2024-08-27T15:00:44.302+0000][info][gc,heap        ] GC(303) Eden regions: 48->0(44)
[2024-08-27T15:00:44.303+0000][info][gc,heap        ] GC(303) Survivor regions: 7->7(7)
[2024-08-27T15:00:44.303+0000][info][gc,heap        ] GC(303) Old regions: 754->805
[2024-08-27T15:00:44.303+0000][info][gc,heap        ] GC(303) Archive regions: 2->2
[2024-08-27T15:00:44.303+0000][info][gc,heap        ] GC(303) Humongous regions: 5->5
[2024-08-27T15:00:44.303+0000][info][gc,metaspace   ] GC(303) Metaspace: 100K(320K)->100K(320K) NonClass: 96K(192K)->96K(192K) Class: 4K(128K)->4K(128K)
[2024-08-27T15:00:44.303+0000][info][gc             ] GC(303) Pause Young (Concurrent Start) (G1 Evacuation Pause) 813M->816M(1024M) 9.490ms
[2024-08-27T15:00:44.303+0000][info][gc,cpu         ] GC(303) User=0.19s Sys=0.00s Real=0.01s
[2024-08-27T15:00:44.303+0000][info][gc             ] GC(304) Concurrent Mark Cycle
[2024-08-27T15:00:44.303+0000][info][gc,marking     ] GC(304) Concurrent Clear Claimed Marks
[2024-08-27T15:00:44.303+0000][info][gc,marking     ] GC(304) Concurrent Clear Claimed Marks 0.014ms
[2024-08-27T15:00:44.303+0000][info][gc,marking     ] GC(304) Concurrent Scan Root Regions
[2024-08-27T15:00:44.304+0000][info][gc,marking     ] GC(304) Concurrent Scan Root Regions 1.724ms
[2024-08-27T15:00:44.304+0000][info][gc,marking     ] GC(304) Concurrent Mark
[2024-08-27T15:00:44.304+0000][info][gc,marking     ] GC(304) Concurrent Mark From Roots
[2024-08-27T15:00:44.305+0000][info][gc,task        ] GC(304) Using 17 workers of 17 for marking
[2024-08-27T15:00:44.326+0000][info][gc,marking     ] GC(304) Concurrent Mark From Roots 21.728ms
[2024-08-27T15:00:44.326+0000][info][gc,marking     ] GC(304) Concurrent Preclean
[2024-08-27T15:00:44.327+0000][info][gc,marking     ] GC(304) Concurrent Preclean 0.502ms
[2024-08-27T15:00:44.327+0000][info][gc,start       ] GC(304) Pause Remark
[2024-08-27T15:00:44.328+0000][info][gc             ] GC(304) Pause Remark 854M->854M(1024M) 1.245ms
[2024-08-27T15:00:44.328+0000][info][gc,cpu         ] GC(304) User=0.00s Sys=0.00s Real=0.00s
[2024-08-27T15:00:44.328+0000][info][gc,marking     ] GC(304) Concurrent Mark 23.943ms
[2024-08-27T15:00:44.328+0000][info][gc,marking     ] GC(304) Concurrent Rebuild Remembered Sets
[2024-08-27T15:00:44.331+0000][info][gc,start       ] GC(305) Pause Young (Normal) (G1 Evacuation Pause)
[2024-08-27T15:00:44.331+0000][info][gc,task        ] GC(305) Using 24 workers of 68 for evacuation
[2024-08-27T15:00:44.340+0000][info][gc,phases      ] GC(305)   Pre Evacuate Collection Set: 0.2ms
[2024-08-27T15:00:44.340+0000][info][gc,phases      ] GC(305)   Merge Heap Roots: 0.5ms
[2024-08-27T15:00:44.340+0000][info][gc,phases      ] GC(305)   Evacuate Collection Set: 7.4ms
[2024-08-27T15:00:44.340+0000][info][gc,phases      ] GC(305)   Post Evacuate Collection Set: 0.5ms
[2024-08-27T15:00:44.340+0000][info][gc,phases      ] GC(305)   Other: 0.2ms
[2024-08-27T15:00:44.340+0000][info][gc,heap        ] GC(305) Eden regions: 44->0(44)
[2024-08-27T15:00:44.340+0000][info][gc,heap        ] GC(305) Survivor regions: 7->7(7)
[2024-08-27T15:00:44.340+0000][info][gc,heap        ] GC(305) Old regions: 805->852
[2024-08-27T15:00:44.340+0000][info][gc,heap        ] GC(305) Archive regions: 2->2
[2024-08-27T15:00:44.340+0000][info][gc,heap        ] GC(305) Humongous regions: 5->5
[2024-08-27T15:00:44.340+0000][info][gc,metaspace   ] GC(305) Metaspace: 100K(320K)->100K(320K) NonClass: 96K(192K)->96K(192K) Class: 4K(128K)->4K(128K)
[2024-08-27T15:00:44.340+0000][info][gc             ] GC(305) Pause Young (Normal) (G1 Evacuation Pause) 860M->863M(1024M) 8.883ms
[2024-08-27T15:00:44.340+0000][info][gc,cpu         ] GC(305) User=0.19s Sys=0.00s Real=0.01s
[2024-08-27T15:00:44.361+0000][info][gc,start       ] GC(306) Pause Young (Normal) (G1 Evacuation Pause)
[2024-08-27T15:00:44.361+0000][info][gc,task        ] GC(306) Using 24 workers of 68 for evacuation
[2024-08-27T15:00:44.374+0000][info][gc,phases      ] GC(306)   Pre Evacuate Collection Set: 0.2ms
[2024-08-27T15:00:44.374+0000][info][gc,phases      ] GC(306)   Merge Heap Roots: 0.4ms
[2024-08-27T15:00:44.374+0000][info][gc,phases      ] GC(306)   Evacuate Collection Set: 11.2ms
[2024-08-27T15:00:44.374+0000][info][gc,phases      ] GC(306)   Post Evacuate Collection Set: 0.6ms
[2024-08-27T15:00:44.374+0000][info][gc,phases      ] GC(306)   Other: 0.3ms
[2024-08-27T15:00:44.374+0000][info][gc,heap        ] GC(306) Eden regions: 44->0(44)
[2024-08-27T15:00:44.374+0000][info][gc,heap        ] GC(306) Survivor regions: 7->7(7)
[2024-08-27T15:00:44.374+0000][info][gc,heap        ] GC(306) Old regions: 852->899
[2024-08-27T15:00:44.374+0000][info][gc,heap        ] GC(306) Archive regions: 2->2
[2024-08-27T15:00:44.374+0000][info][gc,heap        ] GC(306) Humongous regions: 5->5
[2024-08-27T15:00:44.374+0000][info][gc,metaspace   ] GC(306) Metaspace: 100K(320K)->100K(320K) NonClass: 96K(192K)->96K(192K) Class: 4K(128K)->4K(128K)
[2024-08-27T15:00:44.374+0000][info][gc             ] GC(306) Pause Young (Normal) (G1 Evacuation Pause) 907M->910M(1024M) 12.742ms
[2024-08-27T15:00:44.374+0000][info][gc,cpu         ] GC(306) User=0.28s Sys=0.01s Real=0.01s
[2024-08-27T15:00:44.395+0000][info][gc,start       ] GC(307) Pause Young (Normal) (G1 Evacuation Pause)
[2024-08-27T15:00:44.395+0000][info][gc,task        ] GC(307) Using 24 workers of 68 for evacuation
[2024-08-27T15:00:44.410+0000][info][gc,phases      ] GC(307)   Pre Evacuate Collection Set: 0.2ms
[2024-08-27T15:00:44.410+0000][info][gc,phases      ] GC(307)   Merge Heap Roots: 0.8ms
[2024-08-27T15:00:44.410+0000][info][gc,phases      ] GC(307)   Evacuate Collection Set: 13.4ms
[2024-08-27T15:00:44.410+0000][info][gc,phases      ] GC(307)   Post Evacuate Collection Set: 0.7ms
[2024-08-27T15:00:44.410+0000][info][gc,phases      ] GC(307)   Other: 0.3ms
[2024-08-27T15:00:44.410+0000][info][gc,heap        ] GC(307) Eden regions: 44->0(44)
[2024-08-27T15:00:44.410+0000][info][gc,heap        ] GC(307) Survivor regions: 7->7(7)
[2024-08-27T15:00:44.410+0000][info][gc,heap        ] GC(307) Old regions: 899->945
[2024-08-27T15:00:44.410+0000][info][gc,heap        ] GC(307) Archive regions: 2->2
[2024-08-27T15:00:44.410+0000][info][gc,heap        ] GC(307) Humongous regions: 5->5
[2024-08-27T15:00:44.410+0000][info][gc,metaspace   ] GC(307) Metaspace: 100K(320K)->100K(320K) NonClass: 96K(192K)->96K(192K) Class: 4K(128K)->4K(128K)
[2024-08-27T15:00:44.410+0000][info][gc             ] GC(307) Pause Young (Normal) (G1 Evacuation Pause) 954M->957M(1024M) 15.429ms
[2024-08-27T15:00:44.410+0000][info][gc,cpu         ] GC(307) User=0.33s Sys=0.02s Real=0.02s
[2024-08-27T15:00:44.411+0000][info][gc,marking     ] GC(304) Concurrent Rebuild Remembered Sets 83.033ms
[2024-08-27T15:00:44.412+0000][info][gc,start       ] GC(304) Pause Cleanup
[2024-08-27T15:00:44.413+0000][info][gc             ] GC(304) Pause Cleanup 959M->959M(1024M) 1.573ms
[2024-08-27T15:00:44.413+0000][info][gc,cpu         ] GC(304) User=0.00s Sys=0.00s Real=0.00s
[2024-08-27T15:00:44.413+0000][info][gc,marking     ] GC(304) Concurrent Cleanup for Next Mark
[2024-08-27T15:00:44.414+0000][info][gc,marking     ] GC(304) Concurrent Cleanup for Next Mark 0.573ms
[2024-08-27T15:00:44.414+0000][info][gc             ] GC(304) Concurrent Mark Cycle 111.253ms
[2024-08-27T15:00:44.426+0000][info][gc,start       ] GC(308) Pause Young (Prepare Mixed) (G1 Preventive Collection)
[2024-08-27T15:00:44.426+0000][info][gc,task        ] GC(308) Using 24 workers of 68 for evacuation
[2024-08-27T15:00:44.440+0000][info][gc,phases      ] GC(308)   Pre Evacuate Collection Set: 0.2ms
[2024-08-27T15:00:44.440+0000][info][gc,phases      ] GC(308)   Merge Heap Roots: 1.1ms
[2024-08-27T15:00:44.440+0000][info][gc,phases      ] GC(308)   Evacuate Collection Set: 12.3ms
[2024-08-27T15:00:44.440+0000][info][gc,phases      ] GC(308)   Post Evacuate Collection Set: 0.3ms
[2024-08-27T15:00:44.440+0000][info][gc,phases      ] GC(308)   Other: 0.2ms
[2024-08-27T15:00:44.440+0000][info][gc,heap        ] GC(308) Eden regions: 27->0(44)
[2024-08-27T15:00:44.440+0000][info][gc,heap        ] GC(308) Survivor regions: 7->7(7)
[2024-08-27T15:00:44.440+0000][info][gc,heap        ] GC(308) Old regions: 945->975
[2024-08-27T15:00:44.441+0000][info][gc,heap        ] GC(308) Archive regions: 2->2
[2024-08-27T15:00:44.441+0000][info][gc,heap        ] GC(308) Humongous regions: 5->5
[2024-08-27T15:00:44.441+0000][info][gc,metaspace   ] GC(308) Metaspace: 100K(320K)->100K(320K) NonClass: 96K(192K)->96K(192K) Class: 4K(128K)->4K(128K)
[2024-08-27T15:00:44.441+0000][info][gc             ] GC(308) Pause Young (Prepare Mixed) (G1 Preventive Collection) 984M->987M(1024M) 14.127ms
[2024-08-27T15:00:44.441+0000][info][gc,cpu         ] GC(308) User=0.33s Sys=0.00s Real=0.02s
[2024-08-27T15:00:44.446+0000][info][gc,start       ] GC(309) Pause Young (Mixed) (G1 Preventive Collection)
[2024-08-27T15:00:44.446+0000][info][gc,task        ] GC(309) Using 24 workers of 68 for evacuation
[2024-08-27T15:00:44.451+0000][info][gc,phases      ] GC(309)   Pre Evacuate Collection Set: 0.2ms
[2024-08-27T15:00:44.451+0000][info][gc,phases      ] GC(309)   Merge Heap Roots: 0.2ms
[2024-08-27T15:00:44.451+0000][info][gc,phases      ] GC(309)   Evacuate Collection Set: 4.4ms
[2024-08-27T15:00:44.451+0000][info][gc,phases      ] GC(309)   Post Evacuate Collection Set: 0.3ms
[2024-08-27T15:00:44.452+0000][info][gc,phases      ] GC(309)   Other: 0.1ms
[2024-08-27T15:00:44.452+0000][info][gc,heap        ] GC(309) Eden regions: 12->0(44)
[2024-08-27T15:00:44.452+0000][info][gc,heap        ] GC(309) Survivor regions: 7->7(7)
[2024-08-27T15:00:44.452+0000][info][gc,heap        ] GC(309) Old regions: 975->887
[2024-08-27T15:00:44.452+0000][info][gc,heap        ] GC(309) Archive regions: 2->2
[2024-08-27T15:00:44.452+0000][info][gc,heap        ] GC(309) Humongous regions: 5->5
[2024-08-27T15:00:44.452+0000][info][gc,metaspace   ] GC(309) Metaspace: 100K(320K)->100K(320K) NonClass: 96K(192K)->96K(192K) Class: 4K(128K)->4K(128K)
[2024-08-27T15:00:44.452+0000][info][gc             ] GC(309) Pause Young (Mixed) (G1 Preventive Collection) 999M->899M(1024M) 5.309ms
[2024-08-27T15:00:44.452+0000][info][gc,cpu         ] GC(309) User=0.11s Sys=0.00s Real=0.01s
[2024-08-27T15:00:44.471+0000][info][gc,start       ] GC(310) Pause Young (Mixed) (G1 Evacuation Pause)
[2024-08-27T15:00:44.471+0000][info][gc,task        ] GC(310) Using 24 workers of 68 for evacuation
[2024-08-27T15:00:44.480+0000][info][gc,phases      ] GC(310)   Pre Evacuate Collection Set: 0.2ms
[2024-08-27T15:00:44.480+0000][info][gc,phases      ] GC(310)   Merge Heap Roots: 0.6ms
[2024-08-27T15:00:44.480+0000][info][gc,phases      ] GC(310)   Evacuate Collection Set: 7.3ms
[2024-08-27T15:00:44.480+0000][info][gc,phases      ] GC(310)   Post Evacuate Collection Set: 0.4ms
[2024-08-27T15:00:44.480+0000][info][gc,phases      ] GC(310)   Other: 0.2ms
[2024-08-27T15:00:44.480+0000][info][gc,heap        ] GC(310) Eden regions: 44->0(44)
[2024-08-27T15:00:44.480+0000][info][gc,heap        ] GC(310) Survivor regions: 7->7(7)
[2024-08-27T15:00:44.480+0000][info][gc,heap        ] GC(310) Old regions: 887->828
[2024-08-27T15:00:44.480+0000][info][gc,heap        ] GC(310) Archive regions: 2->2
[2024-08-27T15:00:44.480+0000][info][gc,heap        ] GC(310) Humongous regions: 5->5
[2024-08-27T15:00:44.480+0000][info][gc,metaspace   ] GC(310) Metaspace: 100K(320K)->100K(320K) NonClass: 96K(192K)->96K(192K) Class: 4K(128K)->4K(128K)
[2024-08-27T15:00:44.480+0000][info][gc             ] GC(310) Pause Young (Mixed) (G1 Evacuation Pause) 943M->840M(1024M) 8.811ms
[2024-08-27T15:00:44.480+0000][info][gc,cpu         ] GC(310) User=0.19s Sys=0.00s Real=0.01s
[2024-08-27T15:00:44.500+0000][info][gc,start       ] GC(311) Pause Young (Mixed) (G1 Evacuation Pause)
[2024-08-27T15:00:44.500+0000][info][gc,task        ] GC(311) Using 24 workers of 68 for evacuation
[2024-08-27T15:00:44.510+0000][info][gc,phases      ] GC(311)   Pre Evacuate Collection Set: 0.2ms
[2024-08-27T15:00:44.510+0000][info][gc,phases      ] GC(311)   Merge Heap Roots: 0.4ms
[2024-08-27T15:00:44.510+0000][info][gc,phases      ] GC(311)   Evacuate Collection Set: 9.6ms
[2024-08-27T15:00:44.510+0000][info][gc,phases      ] GC(311)   Post Evacuate Collection Set: 0.4ms
[2024-08-27T15:00:44.510+0000][info][gc,phases      ] GC(311)   Other: 0.2ms
[2024-08-27T15:00:44.510+0000][info][gc,heap        ] GC(311) Eden regions: 44->0(44)
[2024-08-27T15:00:44.510+0000][info][gc,heap        ] GC(311) Survivor regions: 7->7(7)
[2024-08-27T15:00:44.510+0000][info][gc,heap        ] GC(311) Old regions: 828->788
[2024-08-27T15:00:44.510+0000][info][gc,heap        ] GC(311) Archive regions: 2->2
[2024-08-27T15:00:44.510+0000][info][gc,heap        ] GC(311) Humongous regions: 5->5
[2024-08-27T15:00:44.510+0000][info][gc,metaspace   ] GC(311) Metaspace: 100K(320K)->100K(320K) NonClass: 96K(192K)->96K(192K) Class: 4K(128K)->4K(128K)
[2024-08-27T15:00:44.511+0000][info][gc             ] GC(311) Pause Young (Mixed) (G1 Evacuation Pause) 884M->800M(1024M) 10.827ms
[2024-08-27T15:00:44.511+0000][info][gc,cpu         ] GC(311) User=0.24s Sys=0.00s Real=0.01s
[2024-08-27T15:00:44.530+0000][info][gc,start       ] GC(312) Pause Young (Mixed) (G1 Evacuation Pause)
[2024-08-27T15:00:44.530+0000][info][gc,task        ] GC(312) Using 24 workers of 68 for evacuation
[2024-08-27T15:00:44.542+0000][info][gc,phases      ] GC(312)   Pre Evacuate Collection Set: 0.2ms
[2024-08-27T15:00:44.542+0000][info][gc,phases      ] GC(312)   Merge Heap Roots: 0.6ms
[2024-08-27T15:00:44.542+0000][info][gc,phases      ] GC(312)   Evacuate Collection Set: 10.6ms
[2024-08-27T15:00:44.542+0000][info][gc,phases      ] GC(312)   Post Evacuate Collection Set: 0.4ms
[2024-08-27T15:00:44.542+0000][info][gc,phases      ] GC(312)   Other: 0.2ms
[2024-08-27T15:00:44.542+0000][info][gc,heap        ] GC(312) Eden regions: 44->0(44)
[2024-08-27T15:00:44.542+0000][info][gc,heap        ] GC(312) Survivor regions: 7->7(7)
[2024-08-27T15:00:44.542+0000][info][gc,heap        ] GC(312) Old regions: 788->810
[2024-08-27T15:00:44.542+0000][info][gc,heap        ] GC(312) Archive regions: 2->2
[2024-08-27T15:00:44.542+0000][info][gc,heap        ] GC(312) Humongous regions: 5->5
[2024-08-27T15:00:44.542+0000][info][gc,metaspace   ] GC(312) Metaspace: 100K(320K)->100K(320K) NonClass: 96K(192K)->96K(192K) Class: 4K(128K)->4K(128K)
[2024-08-27T15:00:44.542+0000][info][gc             ] GC(312) Pause Young (Mixed) (G1 Evacuation Pause) 844M->822M(1024M) 12.016ms
[2024-08-27T15:00:44.542+0000][info][gc,cpu         ] GC(312) User=0.25s Sys=0.01s Real=0.01s
[2024-08-27T15:00:44.562+0000][info][gc,start       ] GC(313) Pause Young (Concurrent Start) (G1 Evacuation Pause)
[2024-08-27T15:00:44.562+0000][info][gc,task        ] GC(313) Using 24 workers of 68 for evacuation
[2024-08-27T15:00:44.573+0000][info][gc,phases      ] GC(313)   Pre Evacuate Collection Set: 0.2ms
[2024-08-27T15:00:44.573+0000][info][gc,phases      ] GC(313)   Merge Heap Roots: 0.6ms
[2024-08-27T15:00:44.573+0000][info][gc,phases      ] GC(313)   Evacuate Collection Set: 9.2ms
[2024-08-27T15:00:44.573+0000][info][gc,phases      ] GC(313)   Post Evacuate Collection Set: 0.3ms
[2024-08-27T15:00:44.573+0000][info][gc,phases      ] GC(313)   Other: 0.7ms
[2024-08-27T15:00:44.573+0000][info][gc,heap        ] GC(313) Eden regions: 44->0(44)
[2024-08-27T15:00:44.573+0000][info][gc,heap        ] GC(313) Survivor regions: 7->7(7)
[2024-08-27T15:00:44.573+0000][info][gc,heap        ] GC(313) Old regions: 810->858
[2024-08-27T15:00:44.573+0000][info][gc,heap        ] GC(313) Archive regions: 2->2
[2024-08-27T15:00:44.573+0000][info][gc,heap        ] GC(313) Humongous regions: 5->5
[2024-08-27T15:00:44.573+0000][info][gc,metaspace   ] GC(313) Metaspace: 100K(320K)->100K(320K) NonClass: 96K(192K)->96K(192K) Class: 4K(128K)->4K(128K)
[2024-08-27T15:00:44.573+0000][info][gc             ] GC(313) Pause Young (Concurrent Start) (G1 Evacuation Pause) 866M->870M(1024M) 11.068ms
[2024-08-27T15:00:44.573+0000][info][gc,cpu         ] GC(313) User=0.23s Sys=0.01s Real=0.01s
[2024-08-27T15:00:44.573+0000][info][gc             ] GC(314) Concurrent Mark Cycle
[2024-08-27T15:00:44.573+0000][info][gc,marking     ] GC(314) Concurrent Clear Claimed Marks
[2024-08-27T15:00:44.573+0000][info][gc,marking     ] GC(314) Concurrent Clear Claimed Marks 0.014ms
[2024-08-27T15:00:44.573+0000][info][gc,marking     ] GC(314) Concurrent Scan Root Regions
[2024-08-27T15:00:44.575+0000][info][gc,marking     ] GC(314) Concurrent Scan Root Regions 1.509ms
[2024-08-27T15:00:44.575+0000][info][gc,marking     ] GC(314) Concurrent Mark
[2024-08-27T15:00:44.575+0000][info][gc,marking     ] GC(314) Concurrent Mark From Roots
[2024-08-27T15:00:44.575+0000][info][gc,task        ] GC(314) Using 17 workers of 17 for marking
[2024-08-27T15:00:44.597+0000][info][gc,marking     ] GC(314) Concurrent Mark From Roots 22.178ms
[2024-08-27T15:00:44.597+0000][info][gc,marking     ] GC(314) Concurrent Preclean
[2024-08-27T15:00:44.598+0000][info][gc,marking     ] GC(314) Concurrent Preclean 0.512ms
[2024-08-27T15:00:44.598+0000][info][gc,start       ] GC(314) Pause Remark
[2024-08-27T15:00:44.599+0000][info][gc             ] GC(314) Pause Remark 910M->910M(1024M) 1.396ms
[2024-08-27T15:00:44.599+0000][info][gc,cpu         ] GC(314) User=0.00s Sys=0.00s Real=0.00s
[2024-08-27T15:00:44.599+0000][info][gc,marking     ] GC(314) Concurrent Mark 24.529ms
[2024-08-27T15:00:44.599+0000][info][gc,marking     ] GC(314) Concurrent Rebuild Remembered Sets
[2024-08-27T15:00:44.602+0000][info][gc,start       ] GC(315) Pause Young (Normal) (G1 Evacuation Pause)
[2024-08-27T15:00:44.602+0000][info][gc,task        ] GC(315) Using 24 workers of 68 for evacuation
[2024-08-27T15:00:44.612+0000][info][gc,phases      ] GC(315)   Pre Evacuate Collection Set: 0.2ms
[2024-08-27T15:00:44.612+0000][info][gc,phases      ] GC(315)   Merge Heap Roots: 0.5ms
[2024-08-27T15:00:44.612+0000][info][gc,phases      ] GC(315)   Evacuate Collection Set: 9.1ms
[2024-08-27T15:00:44.612+0000][info][gc,phases      ] GC(315)   Post Evacuate Collection Set: 0.4ms
[2024-08-27T15:00:44.612+0000][info][gc,phases      ] GC(315)   Other: 0.2ms
[2024-08-27T15:00:44.612+0000][info][gc,heap        ] GC(315) Eden regions: 44->0(44)
[2024-08-27T15:00:44.612+0000][info][gc,heap        ] GC(315) Survivor regions: 7->7(7)
[2024-08-27T15:00:44.612+0000][info][gc,heap        ] GC(315) Old regions: 858->906
[2024-08-27T15:00:44.612+0000][info][gc,heap        ] GC(315) Archive regions: 2->2
[2024-08-27T15:00:44.612+0000][info][gc,heap        ] GC(315) Humongous regions: 5->5
[2024-08-27T15:00:44.612+0000][info][gc,metaspace   ] GC(315) Metaspace: 100K(320K)->100K(320K) NonClass: 96K(192K)->96K(192K) Class: 4K(128K)->4K(128K)
[2024-08-27T15:00:44.612+0000][info][gc             ] GC(315) Pause Young (Normal) (G1 Evacuation Pause) 914M->918M(1024M) 10.473ms
[2024-08-27T15:00:44.612+0000][info][gc,cpu         ] GC(315) User=0.23s Sys=0.00s Real=0.01s
[2024-08-27T15:00:44.634+0000][info][gc,start       ] GC(316) Pause Young (Normal) (G1 Evacuation Pause)
[2024-08-27T15:00:44.634+0000][info][gc,task        ] GC(316) Using 24 workers of 68 for evacuation
[2024-08-27T15:00:44.648+0000][info][gc,phases      ] GC(316)   Pre Evacuate Collection Set: 0.2ms
[2024-08-27T15:00:44.648+0000][info][gc,phases      ] GC(316)   Merge Heap Roots: 0.7ms
[2024-08-27T15:00:44.648+0000][info][gc,phases      ] GC(316)   Evacuate Collection Set: 12.5ms
[2024-08-27T15:00:44.648+0000][info][gc,phases      ] GC(316)   Post Evacuate Collection Set: 0.6ms
[2024-08-27T15:00:44.648+0000][info][gc,phases      ] GC(316)   Other: 0.2ms
[2024-08-27T15:00:44.648+0000][info][gc,heap        ] GC(316) Eden regions: 44->0(44)
[2024-08-27T15:00:44.648+0000][info][gc,heap        ] GC(316) Survivor regions: 7->7(7)
[2024-08-27T15:00:44.648+0000][info][gc,heap        ] GC(316) Old regions: 906->953
[2024-08-27T15:00:44.648+0000][info][gc,heap        ] GC(316) Archive regions: 2->2
[2024-08-27T15:00:44.648+0000][info][gc,heap        ] GC(316) Humongous regions: 5->5
[2024-08-27T15:00:44.648+0000][info][gc,metaspace   ] GC(316) Metaspace: 100K(320K)->100K(320K) NonClass: 96K(192K)->96K(192K) Class: 4K(128K)->4K(128K)
[2024-08-27T15:00:44.648+0000][info][gc             ] GC(316) Pause Young (Normal) (G1 Evacuation Pause) 962M->965M(1024M) 14.234ms
[2024-08-27T15:00:44.648+0000][info][gc,cpu         ] GC(316) User=0.32s Sys=0.01s Real=0.01s
[2024-08-27T15:00:44.659+0000][info][gc,start       ] GC(317) Pause Young (Normal) (G1 Preventive Collection)
[2024-08-27T15:00:44.659+0000][info][gc,task        ] GC(317) Using 24 workers of 68 for evacuation
[2024-08-27T15:00:44.671+0000][info][gc,phases      ] GC(317)   Pre Evacuate Collection Set: 0.2ms
[2024-08-27T15:00:44.671+0000][info][gc,phases      ] GC(317)   Merge Heap Roots: 0.8ms
[2024-08-27T15:00:44.671+0000][info][gc,phases      ] GC(317)   Evacuate Collection Set: 10.4ms
[2024-08-27T15:00:44.671+0000][info][gc,phases      ] GC(317)   Post Evacuate Collection Set: 0.6ms
[2024-08-27T15:00:44.671+0000][info][gc,phases      ] GC(317)   Other: 0.2ms
[2024-08-27T15:00:44.671+0000][info][gc,heap        ] GC(317) Eden regions: 23->0(44)
[2024-08-27T15:00:44.671+0000][info][gc,heap        ] GC(317) Survivor regions: 7->7(7)
[2024-08-27T15:00:44.671+0000][info][gc,heap        ] GC(317) Old regions: 953->979
[2024-08-27T15:00:44.671+0000][info][gc,heap        ] GC(317) Archive regions: 2->2
[2024-08-27T15:00:44.671+0000][info][gc,heap        ] GC(317) Humongous regions: 5->5
[2024-08-27T15:00:44.671+0000][info][gc,metaspace   ] GC(317) Metaspace: 100K(320K)->100K(320K) NonClass: 96K(192K)->96K(192K) Class: 4K(128K)->4K(128K)
[2024-08-27T15:00:44.671+0000][info][gc             ] GC(317) Pause Young (Normal) (G1 Preventive Collection) 988M->991M(1024M) 12.314ms
[2024-08-27T15:00:44.671+0000][info][gc,cpu         ] GC(317) User=0.27s Sys=0.00s Real=0.01s
[2024-08-27T15:00:44.678+0000][info][gc,start       ] GC(318) Pause Young (Normal) (G1 Preventive Collection)
[2024-08-27T15:00:44.678+0000][info][gc,task        ] GC(318) Using 24 workers of 68 for evacuation
[2024-08-27T15:00:44.687+0000][info][gc             ] GC(318) To-space exhausted
[2024-08-27T15:00:44.687+0000][info][gc,phases      ] GC(318)   Pre Evacuate Collection Set: 0.2ms
[2024-08-27T15:00:44.687+0000][info][gc,phases      ] GC(318)   Merge Heap Roots: 1.0ms
[2024-08-27T15:00:44.687+0000][info][gc,phases      ] GC(318)   Evacuate Collection Set: 7.6ms
[2024-08-27T15:00:44.687+0000][info][gc,phases      ] GC(318)   Post Evacuate Collection Set: 0.8ms
[2024-08-27T15:00:44.687+0000][info][gc,phases      ] GC(318)   Other: 0.3ms
[2024-08-27T15:00:44.687+0000][info][gc,heap        ] GC(318) Eden regions: 11->0(44)
[2024-08-27T15:00:44.687+0000][info][gc,heap        ] GC(318) Survivor regions: 7->7(7)
[2024-08-27T15:00:44.687+0000][info][gc,heap        ] GC(318) Old regions: 979->1007
[2024-08-27T15:00:44.687+0000][info][gc,heap        ] GC(318) Archive regions: 2->2
[2024-08-27T15:00:44.687+0000][info][gc,heap        ] GC(318) Humongous regions: 5->5
[2024-08-27T15:00:44.687+0000][info][gc,metaspace   ] GC(318) Metaspace: 100K(320K)->100K(320K) NonClass: 96K(192K)->96K(192K) Class: 4K(128K)->4K(128K)
[2024-08-27T15:00:44.687+0000][info][gc             ] GC(318) Pause Young (Normal) (G1 Preventive Collection) 1002M->1019M(1024M) 9.874ms
[2024-08-27T15:00:44.687+0000][info][gc,cpu         ] GC(318) User=0.21s Sys=0.00s Real=0.00s
[2024-08-27T15:00:44.688+0000][info][gc,start       ] GC(319) Pause Young (Normal) (G1 Preventive Collection)
[2024-08-27T15:00:44.688+0000][info][gc,task        ] GC(319) Using 24 workers of 68 for evacuation
[2024-08-27T15:00:44.696+0000][info][gc             ] GC(319) To-space exhausted
[2024-08-27T15:00:44.696+0000][info][gc,phases      ] GC(319)   Pre Evacuate Collection Set: 0.1ms
[2024-08-27T15:00:44.696+0000][info][gc,phases      ] GC(319)   Merge Heap Roots: 1.0ms
[2024-08-27T15:00:44.696+0000][info][gc,phases      ] GC(319)   Evacuate Collection Set: 5.4ms
[2024-08-27T15:00:44.696+0000][info][gc,phases      ] GC(319)   Post Evacuate Collection Set: 1.0ms
[2024-08-27T15:00:44.696+0000][info][gc,phases      ] GC(319)   Other: 0.1ms
[2024-08-27T15:00:44.696+0000][info][gc,heap        ] GC(319) Eden regions: 1->0(51)
[2024-08-27T15:00:44.696+0000][info][gc,heap        ] GC(319) Survivor regions: 7->0(2)
[2024-08-27T15:00:44.696+0000][info][gc,heap        ] GC(319) Old regions: 1007->1017
[2024-08-27T15:00:44.696+0000][info][gc,heap        ] GC(319) Archive regions: 2->2
[2024-08-27T15:00:44.696+0000][info][gc,heap        ] GC(319) Humongous regions: 5->5
[2024-08-27T15:00:44.696+0000][info][gc,metaspace   ] GC(319) Metaspace: 100K(320K)->100K(320K) NonClass: 96K(192K)->96K(192K) Class: 4K(128K)->4K(128K)
[2024-08-27T15:00:44.696+0000][info][gc             ] GC(319) Pause Young (Normal) (G1 Preventive Collection) 1020M->1022M(1024M) 7.687ms
[2024-08-27T15:00:44.696+0000][info][gc,cpu         ] GC(319) User=0.17s Sys=0.00s Real=0.01s
[2024-08-27T15:00:44.696+0000][info][gc,ergo        ] Attempting full compaction
[2024-08-27T15:00:44.696+0000][info][gc,task        ] GC(320) Using 24 workers of 68 for full compaction
[2024-08-27T15:00:44.696+0000][info][gc,start       ] GC(320) Pause Full (G1 Compaction Pause)
[2024-08-27T15:00:44.697+0000][info][gc,phases,start] GC(320) Phase 1: Mark live objects
[2024-08-27T15:00:44.708+0000][info][gc,phases      ] GC(320) Phase 1: Mark live objects 11.431ms
[2024-08-27T15:00:44.708+0000][info][gc,phases,start] GC(320) Phase 2: Prepare for compaction
[2024-08-27T15:00:44.718+0000][info][gc,phases      ] GC(320) Phase 2: Prepare for compaction 9.988ms
[2024-08-27T15:00:44.718+0000][info][gc,phases,start] GC(320) Phase 3: Adjust pointers
[2024-08-27T15:00:44.733+0000][info][gc,phases      ] GC(320) Phase 3: Adjust pointers 14.664ms
[2024-08-27T15:00:44.733+0000][info][gc,phases,start] GC(320) Phase 4: Compact heap
[2024-08-27T15:00:44.761+0000][info][gc,phases      ] GC(320) Phase 4: Compact heap 28.447ms
[2024-08-27T15:00:44.763+0000][info][gc,heap        ] GC(320) Eden regions: 0->0(150)
[2024-08-27T15:00:44.763+0000][info][gc,heap        ] GC(320) Survivor regions: 0->0(2)
[2024-08-27T15:00:44.763+0000][info][gc,heap        ] GC(320) Old regions: 1017->442
[2024-08-27T15:00:44.763+0000][info][gc,heap        ] GC(320) Archive regions: 2->2
[2024-08-27T15:00:44.763+0000][info][gc,heap        ] GC(320) Humongous regions: 5->5
[2024-08-27T15:00:44.763+0000][info][gc,metaspace   ] GC(320) Metaspace: 100K(320K)->100K(320K) NonClass: 96K(192K)->96K(192K) Class: 4K(128K)->4K(128K)
[2024-08-27T15:00:44.763+0000][info][gc             ] GC(320) Pause Full (G1 Compaction Pause) 1022M->435M(1024M) 66.511ms
[2024-08-27T15:00:44.763+0000][info][gc,cpu         ] GC(320) User=1.39s Sys=0.00s Real=0.07s
[2024-08-27T15:00:44.763+0000][info][gc,marking     ] GC(314) Concurrent Rebuild Remembered Sets 163.718ms
[2024-08-27T15:00:44.763+0000][info][gc,marking     ] GC(314) Concurrent Mark Abort
[2024-08-27T15:00:44.763+0000][info][gc             ] GC(314) Concurrent Mark Cycle 189.950ms
[2024-08-27T15:00:44.840+0000][info][gc,start       ] GC(321) Pause Young (Normal) (G1 Evacuation Pause)
[2024-08-27T15:00:44.840+0000][info][gc,task        ] GC(321) Using 24 workers of 68 for evacuation
[2024-08-27T15:00:44.861+0000][info][gc,phases      ] GC(321)   Pre Evacuate Collection Set: 0.2ms
[2024-08-27T15:00:44.861+0000][info][gc,phases      ] GC(321)   Merge Heap Roots: 0.5ms
[2024-08-27T15:00:44.861+0000][info][gc,phases      ] GC(321)   Evacuate Collection Set: 20.4ms
[2024-08-27T15:00:44.861+0000][info][gc,phases      ] GC(321)   Post Evacuate Collection Set: 0.3ms
[2024-08-27T15:00:44.861+0000][info][gc,phases      ] GC(321)   Other: 0.2ms
[2024-08-27T15:00:44.861+0000][info][gc,heap        ] GC(321) Eden regions: 150->0(103)
[2024-08-27T15:00:44.861+0000][info][gc,heap        ] GC(321) Survivor regions: 0->19(19)
[2024-08-27T15:00:44.861+0000][info][gc,heap        ] GC(321) Old regions: 442->569
[2024-08-27T15:00:44.861+0000][info][gc,heap        ] GC(321) Archive regions: 2->2
[2024-08-27T15:00:44.861+0000][info][gc,heap        ] GC(321) Humongous regions: 5->5
[2024-08-27T15:00:44.861+0000][info][gc,metaspace   ] GC(321) Metaspace: 100K(320K)->100K(320K) NonClass: 96K(192K)->96K(192K) Class: 4K(128K)->4K(128K)
[2024-08-27T15:00:44.861+0000][info][gc             ] GC(321) Pause Young (Normal) (G1 Evacuation Pause) 585M->580M(1024M) 21.694ms
[2024-08-27T15:00:44.861+0000][info][gc,cpu         ] GC(321) User=0.50s Sys=0.00s Real=0.02s
[2024-08-27T15:00:44.911+0000][info][gc,start       ] GC(322) Pause Young (Concurrent Start) (G1 Evacuation Pause)
[2024-08-27T15:00:44.911+0000][info][gc,task        ] GC(322) Using 24 workers of 68 for evacuation
[2024-08-27T15:00:44.930+0000][info][gc,phases      ] GC(322)   Pre Evacuate Collection Set: 0.2ms
[2024-08-27T15:00:44.930+0000][info][gc,phases      ] GC(322)   Merge Heap Roots: 0.5ms
[2024-08-27T15:00:44.930+0000][info][gc,phases      ] GC(322)   Evacuate Collection Set: 17.7ms
[2024-08-27T15:00:44.930+0000][info][gc,phases      ] GC(322)   Post Evacuate Collection Set: 0.3ms
[2024-08-27T15:00:44.930+0000][info][gc,phases      ] GC(322)   Other: 0.6ms
[2024-08-27T15:00:44.930+0000][info][gc,heap        ] GC(322) Eden regions: 103->0(70)
[2024-08-27T15:00:44.930+0000][info][gc,heap        ] GC(322) Survivor regions: 19->16(16)
[2024-08-27T15:00:44.930+0000][info][gc,heap        ] GC(322) Old regions: 569->677
[2024-08-27T15:00:44.930+0000][info][gc,heap        ] GC(322) Archive regions: 2->2
[2024-08-27T15:00:44.930+0000][info][gc,heap        ] GC(322) Humongous regions: 5->5
[2024-08-27T15:00:44.930+0000][info][gc,metaspace   ] GC(322) Metaspace: 100K(320K)->100K(320K) NonClass: 96K(192K)->96K(192K) Class: 4K(128K)->4K(128K)
[2024-08-27T15:00:44.930+0000][info][gc             ] GC(322) Pause Young (Concurrent Start) (G1 Evacuation Pause) 683M->686M(1024M) 19.389ms
[2024-08-27T15:00:44.930+0000][info][gc,cpu         ] GC(322) User=0.43s Sys=0.00s Real=0.02s
[2024-08-27T15:00:44.930+0000][info][gc             ] GC(323) Concurrent Mark Cycle
[2024-08-27T15:00:44.930+0000][info][gc,marking     ] GC(323) Concurrent Clear Claimed Marks
[2024-08-27T15:00:44.930+0000][info][gc,marking     ] GC(323) Concurrent Clear Claimed Marks 0.010ms
[2024-08-27T15:00:44.930+0000][info][gc,marking     ] GC(323) Concurrent Scan Root Regions
[2024-08-27T15:00:44.933+0000][info][gc,marking     ] GC(323) Concurrent Scan Root Regions 3.163ms
[2024-08-27T15:00:44.933+0000][info][gc,marking     ] GC(323) Concurrent Mark
[2024-08-27T15:00:44.933+0000][info][gc,marking     ] GC(323) Concurrent Mark From Roots
[2024-08-27T15:00:44.933+0000][info][gc,task        ] GC(323) Using 17 workers of 17 for marking
[2024-08-27T15:00:44.952+0000][info][gc,marking     ] GC(323) Concurrent Mark From Roots 18.389ms
[2024-08-27T15:00:44.952+0000][info][gc,marking     ] GC(323) Concurrent Preclean
[2024-08-27T15:00:44.952+0000][info][gc,marking     ] GC(323) Concurrent Preclean 0.502ms
[2024-08-27T15:00:44.953+0000][info][gc,start       ] GC(323) Pause Remark
[2024-08-27T15:00:44.954+0000][info][gc             ] GC(323) Pause Remark 721M->721M(1024M) 1.091ms
[2024-08-27T15:00:44.954+0000][info][gc,cpu         ] GC(323) User=0.01s Sys=0.00s Real=0.00s
[2024-08-27T15:00:44.954+0000][info][gc,marking     ] GC(323) Concurrent Mark 20.466ms
[2024-08-27T15:00:44.954+0000][info][gc,marking     ] GC(323) Concurrent Rebuild Remembered Sets
[2024-08-27T15:00:44.971+0000][info][gc,start       ] GC(324) Pause Young (Normal) (G1 Evacuation Pause)
[2024-08-27T15:00:44.971+0000][info][gc,task        ] GC(324) Using 24 workers of 68 for evacuation
[2024-08-27T15:00:44.986+0000][info][gc,phases      ] GC(324)   Pre Evacuate Collection Set: 0.1ms
[2024-08-27T15:00:44.986+0000][info][gc,phases      ] GC(324)   Merge Heap Roots: 0.5ms
[2024-08-27T15:00:44.986+0000][info][gc,phases      ] GC(324)   Evacuate Collection Set: 14.4ms
[2024-08-27T15:00:44.986+0000][info][gc,phases      ] GC(324)   Post Evacuate Collection Set: 0.5ms
[2024-08-27T15:00:44.986+0000][info][gc,phases      ] GC(324)   Other: 0.2ms
[2024-08-27T15:00:44.986+0000][info][gc,heap        ] GC(324) Eden regions: 70->0(46)
[2024-08-27T15:00:44.986+0000][info][gc,heap        ] GC(324) Survivor regions: 16->11(11)
[2024-08-27T15:00:44.986+0000][info][gc,heap        ] GC(324) Old regions: 677->755
[2024-08-27T15:00:44.986+0000][info][gc,heap        ] GC(324) Archive regions: 2->2
[2024-08-27T15:00:44.986+0000][info][gc,heap        ] GC(324) Humongous regions: 5->5
[2024-08-27T15:00:44.986+0000][info][gc,metaspace   ] GC(324) Metaspace: 100K(320K)->100K(320K) NonClass: 96K(192K)->96K(192K) Class: 4K(128K)->4K(128K)
[2024-08-27T15:00:44.986+0000][info][gc             ] GC(324) Pause Young (Normal) (G1 Evacuation Pause) 756M->759M(1024M) 15.853ms
[2024-08-27T15:00:44.987+0000][info][gc,cpu         ] GC(324) User=0.36s Sys=0.00s Real=0.01s
[2024-08-27T15:00:45.009+0000][info][gc,start       ] GC(325) Pause Young (Normal) (G1 Evacuation Pause)
[2024-08-27T15:00:45.009+0000][info][gc,task        ] GC(325) Using 24 workers of 68 for evacuation
[2024-08-27T15:00:45.026+0000][info][gc,phases      ] GC(325)   Pre Evacuate Collection Set: 0.2ms
[2024-08-27T15:00:45.026+0000][info][gc,phases      ] GC(325)   Merge Heap Roots: 0.5ms
[2024-08-27T15:00:45.026+0000][info][gc,phases      ] GC(325)   Evacuate Collection Set: 15.8ms
[2024-08-27T15:00:45.026+0000][info][gc,phases      ] GC(325)   Post Evacuate Collection Set: 0.6ms
[2024-08-27T15:00:45.026+0000][info][gc,phases      ] GC(325)   Other: 0.2ms
[2024-08-27T15:00:45.026+0000][info][gc,heap        ] GC(325) Eden regions: 46->0(43)
[2024-08-27T15:00:45.026+0000][info][gc,heap        ] GC(325) Survivor regions: 11->8(8)
[2024-08-27T15:00:45.026+0000][info][gc,heap        ] GC(325) Old regions: 755->809
[2024-08-27T15:00:45.026+0000][info][gc,heap        ] GC(325) Archive regions: 2->2
[2024-08-27T15:00:45.026+0000][info][gc,heap        ] GC(325) Humongous regions: 5->5
[2024-08-27T15:00:45.026+0000][info][gc,metaspace   ] GC(325) Metaspace: 100K(320K)->100K(320K) NonClass: 96K(192K)->96K(192K) Class: 4K(128K)->4K(128K)
[2024-08-27T15:00:45.027+0000][info][gc             ] GC(325) Pause Young (Normal) (G1 Evacuation Pause) 805M->810M(1024M) 17.365ms
[2024-08-27T15:00:45.027+0000][info][gc,cpu         ] GC(325) User=0.38s Sys=0.01s Real=0.02s
[2024-08-27T15:00:45.032+0000][info][gc,marking     ] GC(323) Concurrent Rebuild Remembered Sets 78.137ms
[2024-08-27T15:00:45.032+0000][info][gc,start       ] GC(323) Pause Cleanup
[2024-08-27T15:00:45.034+0000][info][gc             ] GC(323) Pause Cleanup 821M->821M(1024M) 1.259ms
[2024-08-27T15:00:45.034+0000][info][gc,cpu         ] GC(323) User=0.00s Sys=0.00s Real=0.00s
[2024-08-27T15:00:45.034+0000][info][gc,marking     ] GC(323) Concurrent Cleanup for Next Mark
[2024-08-27T15:00:45.034+0000][info][gc,marking     ] GC(323) Concurrent Cleanup for Next Mark 0.551ms
[2024-08-27T15:00:45.034+0000][info][gc             ] GC(323) Concurrent Mark Cycle 104.113ms
[2024-08-27T15:00:45.049+0000][info][gc,start       ] GC(326) Pause Young (Prepare Mixed) (G1 Evacuation Pause)
[2024-08-27T15:00:45.049+0000][info][gc,task        ] GC(326) Using 24 workers of 68 for evacuation
[2024-08-27T15:00:45.064+0000][info][gc,phases      ] GC(326)   Pre Evacuate Collection Set: 0.2ms
[2024-08-27T15:00:45.065+0000][info][gc,phases      ] GC(326)   Merge Heap Roots: 0.4ms
[2024-08-27T15:00:45.065+0000][info][gc,phases      ] GC(326)   Evacuate Collection Set: 14.0ms
[2024-08-27T15:00:45.065+0000][info][gc,phases      ] GC(326)   Post Evacuate Collection Set: 0.3ms
[2024-08-27T15:00:45.065+0000][info][gc,phases      ] GC(326)   Other: 0.2ms
[2024-08-27T15:00:45.065+0000][info][gc,heap        ] GC(326) Eden regions: 43->0(44)
[2024-08-27T15:00:45.065+0000][info][gc,heap        ] GC(326) Survivor regions: 8->7(7)
[2024-08-27T15:00:45.065+0000][info][gc,heap        ] GC(326) Old regions: 809->856
[2024-08-27T15:00:45.065+0000][info][gc,heap        ] GC(326) Archive regions: 2->2
[2024-08-27T15:00:45.065+0000][info][gc,heap        ] GC(326) Humongous regions: 5->5
[2024-08-27T15:00:45.065+0000][info][gc,metaspace   ] GC(326) Metaspace: 100K(320K)->100K(320K) NonClass: 96K(192K)->96K(192K) Class: 4K(128K)->4K(128K)
[2024-08-27T15:00:45.065+0000][info][gc             ] GC(326) Pause Young (Prepare Mixed) (G1 Evacuation Pause) 853M->856M(1024M) 15.187ms
[2024-08-27T15:00:45.065+0000][info][gc,cpu         ] GC(326) User=0.34s Sys=0.00s Real=0.02s
[2024-08-27T15:00:45.085+0000][info][gc,start       ] GC(327) Pause Young (Mixed) (G1 Evacuation Pause)
[2024-08-27T15:00:45.085+0000][info][gc,task        ] GC(327) Using 24 workers of 68 for evacuation
[2024-08-27T15:00:45.095+0000][info][gc,phases      ] GC(327)   Pre Evacuate Collection Set: 0.2ms
[2024-08-27T15:00:45.096+0000][info][gc,phases      ] GC(327)   Merge Heap Roots: 0.4ms
[2024-08-27T15:00:45.096+0000][info][gc,phases      ] GC(327)   Evacuate Collection Set: 9.7ms
[2024-08-27T15:00:45.096+0000][info][gc,phases      ] GC(327)   Post Evacuate Collection Set: 0.4ms
[2024-08-27T15:00:45.096+0000][info][gc,phases      ] GC(327)   Other: 0.2ms
[2024-08-27T15:00:45.096+0000][info][gc,heap        ] GC(327) Eden regions: 44->0(44)
[2024-08-27T15:00:45.096+0000][info][gc,heap        ] GC(327) Survivor regions: 7->7(7)
[2024-08-27T15:00:45.096+0000][info][gc,heap        ] GC(327) Old regions: 856->799
[2024-08-27T15:00:45.096+0000][info][gc,heap        ] GC(327) Archive regions: 2->2
[2024-08-27T15:00:45.096+0000][info][gc,heap        ] GC(327) Humongous regions: 5->5
[2024-08-27T15:00:45.096+0000][info][gc,metaspace   ] GC(327) Metaspace: 100K(320K)->100K(320K) NonClass: 96K(192K)->96K(192K) Class: 4K(128K)->4K(128K)
[2024-08-27T15:00:45.096+0000][info][gc             ] GC(327) Pause Young (Mixed) (G1 Evacuation Pause) 900M->806M(1024M) 10.907ms
[2024-08-27T15:00:45.096+0000][info][gc,cpu         ] GC(327) User=0.24s Sys=0.00s Real=0.01s
[2024-08-27T15:00:45.114+0000][info][gc,start       ] GC(328) Pause Young (Mixed) (G1 Evacuation Pause)
[2024-08-27T15:00:45.114+0000][info][gc,task        ] GC(328) Using 24 workers of 68 for evacuation
[2024-08-27T15:00:45.123+0000][info][gc,phases      ] GC(328)   Pre Evacuate Collection Set: 0.2ms
[2024-08-27T15:00:45.123+0000][info][gc,phases      ] GC(328)   Merge Heap Roots: 0.3ms
[2024-08-27T15:00:45.123+0000][info][gc,phases      ] GC(328)   Evacuate Collection Set: 7.8ms
[2024-08-27T15:00:45.123+0000][info][gc,phases      ] GC(328)   Post Evacuate Collection Set: 0.3ms
[2024-08-27T15:00:45.123+0000][info][gc,phases      ] GC(328)   Other: 0.2ms
[2024-08-27T15:00:45.123+0000][info][gc,heap        ] GC(328) Eden regions: 44->0(47)
[2024-08-27T15:00:45.123+0000][info][gc,heap        ] GC(328) Survivor regions: 7->7(7)
[2024-08-27T15:00:45.123+0000][info][gc,heap        ] GC(328) Old regions: 799->755
[2024-08-27T15:00:45.123+0000][info][gc,heap        ] GC(328) Archive regions: 2->2
[2024-08-27T15:00:45.123+0000][info][gc,heap        ] GC(328) Humongous regions: 5->5
[2024-08-27T15:00:45.123+0000][info][gc,metaspace   ] GC(328) Metaspace: 100K(320K)->100K(320K) NonClass: 96K(192K)->96K(192K) Class: 4K(128K)->4K(128K)
[2024-08-27T15:00:45.123+0000][info][gc             ] GC(328) Pause Young (Mixed) (G1 Evacuation Pause) 850M->763M(1024M) 9.024ms
[2024-08-27T15:00:45.123+0000][info][gc,cpu         ] GC(328) User=0.20s Sys=0.00s Real=0.01s
[2024-08-27T15:00:45.143+0000][info][gc,start       ] GC(329) Pause Young (Concurrent Start) (G1 Evacuation Pause)
[2024-08-27T15:00:45.143+0000][info][gc,task        ] GC(329) Using 24 workers of 68 for evacuation
[2024-08-27T15:00:45.153+0000][info][gc,phases      ] GC(329)   Pre Evacuate Collection Set: 0.2ms
[2024-08-27T15:00:45.153+0000][info][gc,phases      ] GC(329)   Merge Heap Roots: 0.3ms
[2024-08-27T15:00:45.153+0000][info][gc,phases      ] GC(329)   Evacuate Collection Set: 8.0ms
[2024-08-27T15:00:45.153+0000][info][gc,phases      ] GC(329)   Post Evacuate Collection Set: 0.3ms
[2024-08-27T15:00:45.153+0000][info][gc,phases      ] GC(329)   Other: 0.8ms
[2024-08-27T15:00:45.153+0000][info][gc,heap        ] GC(329) Eden regions: 47->0(44)
[2024-08-27T15:00:45.153+0000][info][gc,heap        ] GC(329) Survivor regions: 7->7(7)
[2024-08-27T15:00:45.153+0000][info][gc,heap        ] GC(329) Old regions: 755->805
[2024-08-27T15:00:45.153+0000][info][gc,heap        ] GC(329) Archive regions: 2->2
[2024-08-27T15:00:45.153+0000][info][gc,heap        ] GC(329) Humongous regions: 5->5
[2024-08-27T15:00:45.153+0000][info][gc,metaspace   ] GC(329) Metaspace: 100K(320K)->100K(320K) NonClass: 96K(192K)->96K(192K) Class: 4K(128K)->4K(128K)
[2024-08-27T15:00:45.153+0000][info][gc             ] GC(329) Pause Young (Concurrent Start) (G1 Evacuation Pause) 810M->813M(1024M) 9.605ms
[2024-08-27T15:00:45.153+0000][info][gc,cpu         ] GC(329) User=0.19s Sys=0.00s Real=0.01s
[2024-08-27T15:00:45.153+0000][info][gc             ] GC(330) Concurrent Mark Cycle
[2024-08-27T15:00:45.153+0000][info][gc,marking     ] GC(330) Concurrent Clear Claimed Marks
[2024-08-27T15:00:45.153+0000][info][gc,marking     ] GC(330) Concurrent Clear Claimed Marks 0.014ms
[2024-08-27T15:00:45.153+0000][info][gc,marking     ] GC(330) Concurrent Scan Root Regions
[2024-08-27T15:00:45.155+0000][info][gc,marking     ] GC(330) Concurrent Scan Root Regions 1.652ms
[2024-08-27T15:00:45.155+0000][info][gc,marking     ] GC(330) Concurrent Mark
[2024-08-27T15:00:45.155+0000][info][gc,marking     ] GC(330) Concurrent Mark From Roots
[2024-08-27T15:00:45.155+0000][info][gc,task        ] GC(330) Using 17 workers of 17 for marking
[2024-08-27T15:00:45.177+0000][info][gc,marking     ] GC(330) Concurrent Mark From Roots 21.833ms
[2024-08-27T15:00:45.177+0000][info][gc,marking     ] GC(330) Concurrent Preclean
[2024-08-27T15:00:45.177+0000][info][gc,marking     ] GC(330) Concurrent Preclean 0.500ms
[2024-08-27T15:00:45.178+0000][info][gc,start       ] GC(330) Pause Remark
[2024-08-27T15:00:45.179+0000][info][gc             ] GC(330) Pause Remark 855M->855M(1024M) 1.486ms
[2024-08-27T15:00:45.179+0000][info][gc,cpu         ] GC(330) User=0.00s Sys=0.00s Real=0.00s
[2024-08-27T15:00:45.179+0000][info][gc,marking     ] GC(330) Concurrent Mark 24.307ms
[2024-08-27T15:00:45.179+0000][info][gc,marking     ] GC(330) Concurrent Rebuild Remembered Sets
[2024-08-27T15:00:45.180+0000][info][gc,start       ] GC(331) Pause Young (Normal) (G1 Evacuation Pause)
[2024-08-27T15:00:45.180+0000][info][gc,task        ] GC(331) Using 24 workers of 68 for evacuation
[2024-08-27T15:00:45.189+0000][info][gc,phases      ] GC(331)   Pre Evacuate Collection Set: 0.2ms
[2024-08-27T15:00:45.189+0000][info][gc,phases      ] GC(331)   Merge Heap Roots: 0.4ms
[2024-08-27T15:00:45.189+0000][info][gc,phases      ] GC(331)   Evacuate Collection Set: 7.1ms
[2024-08-27T15:00:45.189+0000][info][gc,phases      ] GC(331)   Post Evacuate Collection Set: 0.4ms
[2024-08-27T15:00:45.189+0000][info][gc,phases      ] GC(331)   Other: 0.2ms
[2024-08-27T15:00:45.189+0000][info][gc,heap        ] GC(331) Eden regions: 44->0(44)
[2024-08-27T15:00:45.189+0000][info][gc,heap        ] GC(331) Survivor regions: 7->7(7)
[2024-08-27T15:00:45.189+0000][info][gc,heap        ] GC(331) Old regions: 805->851
[2024-08-27T15:00:45.189+0000][info][gc,heap        ] GC(331) Archive regions: 2->2
[2024-08-27T15:00:45.189+0000][info][gc,heap        ] GC(331) Humongous regions: 5->5
[2024-08-27T15:00:45.189+0000][info][gc,metaspace   ] GC(331) Metaspace: 100K(320K)->100K(320K) NonClass: 96K(192K)->96K(192K) Class: 4K(128K)->4K(128K)
[2024-08-27T15:00:45.189+0000][info][gc             ] GC(331) Pause Young (Normal) (G1 Evacuation Pause) 857M->859M(1024M) 8.369ms
[2024-08-27T15:00:45.189+0000][info][gc,cpu         ] GC(331) User=0.18s Sys=0.00s Real=0.00s
[2024-08-27T15:00:45.211+0000][info][gc,start       ] GC(332) Pause Young (Normal) (G1 Evacuation Pause)
[2024-08-27T15:00:45.211+0000][info][gc,task        ] GC(332) Using 24 workers of 68 for evacuation
[2024-08-27T15:00:45.223+0000][info][gc,phases      ] GC(332)   Pre Evacuate Collection Set: 0.2ms
[2024-08-27T15:00:45.223+0000][info][gc,phases      ] GC(332)   Merge Heap Roots: 0.3ms
[2024-08-27T15:00:45.223+0000][info][gc,phases      ] GC(332)   Evacuate Collection Set: 11.3ms
[2024-08-27T15:00:45.223+0000][info][gc,phases      ] GC(332)   Post Evacuate Collection Set: 0.5ms
[2024-08-27T15:00:45.223+0000][info][gc,phases      ] GC(332)   Other: 0.3ms
[2024-08-27T15:00:45.223+0000][info][gc,heap        ] GC(332) Eden regions: 44->0(44)
[2024-08-27T15:00:45.223+0000][info][gc,heap        ] GC(332) Survivor regions: 7->7(7)
[2024-08-27T15:00:45.223+0000][info][gc,heap        ] GC(332) Old regions: 851->897
[2024-08-27T15:00:45.223+0000][info][gc,heap        ] GC(332) Archive regions: 2->2
[2024-08-27T15:00:45.223+0000][info][gc,heap        ] GC(332) Humongous regions: 5->5
[2024-08-27T15:00:45.223+0000][info][gc,metaspace   ] GC(332) Metaspace: 100K(320K)->100K(320K) NonClass: 96K(192K)->96K(192K) Class: 4K(128K)->4K(128K)
[2024-08-27T15:00:45.223+0000][info][gc             ] GC(332) Pause Young (Normal) (G1 Evacuation Pause) 903M->905M(1024M) 12.719ms
[2024-08-27T15:00:45.223+0000][info][gc,cpu         ] GC(332) User=0.28s Sys=0.00s Real=0.01s
[2024-08-27T15:00:45.244+0000][info][gc,start       ] GC(333) Pause Young (Normal) (G1 Evacuation Pause)
[2024-08-27T15:00:45.244+0000][info][gc,task        ] GC(333) Using 24 workers of 68 for evacuation
[2024-08-27T15:00:45.259+0000][info][gc,phases      ] GC(333)   Pre Evacuate Collection Set: 0.2ms
[2024-08-27T15:00:45.259+0000][info][gc,phases      ] GC(333)   Merge Heap Roots: 0.6ms
[2024-08-27T15:00:45.259+0000][info][gc,phases      ] GC(333)   Evacuate Collection Set: 13.4ms
[2024-08-27T15:00:45.259+0000][info][gc,phases      ] GC(333)   Post Evacuate Collection Set: 0.6ms
[2024-08-27T15:00:45.259+0000][info][gc,phases      ] GC(333)   Other: 0.2ms
[2024-08-27T15:00:45.259+0000][info][gc,heap        ] GC(333) Eden regions: 44->0(44)
[2024-08-27T15:00:45.259+0000][info][gc,heap        ] GC(333) Survivor regions: 7->7(7)
[2024-08-27T15:00:45.259+0000][info][gc,heap        ] GC(333) Old regions: 897->944
[2024-08-27T15:00:45.259+0000][info][gc,heap        ] GC(333) Archive regions: 2->2
[2024-08-27T15:00:45.259+0000][info][gc,heap        ] GC(333) Humongous regions: 5->5
[2024-08-27T15:00:45.259+0000][info][gc,metaspace   ] GC(333) Metaspace: 100K(320K)->100K(320K) NonClass: 96K(192K)->96K(192K) Class: 4K(128K)->4K(128K)
[2024-08-27T15:00:45.259+0000][info][gc             ] GC(333) Pause Young (Normal) (G1 Evacuation Pause) 949M->952M(1024M) 14.972ms
[2024-08-27T15:00:45.259+0000][info][gc,cpu         ] GC(333) User=0.34s Sys=0.00s Real=0.02s
[2024-08-27T15:00:45.264+0000][info][gc,marking     ] GC(330) Concurrent Rebuild Remembered Sets 84.458ms
[2024-08-27T15:00:45.264+0000][info][gc,start       ] GC(330) Pause Cleanup
[2024-08-27T15:00:45.265+0000][info][gc             ] GC(330) Pause Cleanup 962M->962M(1024M) 1.530ms
[2024-08-27T15:00:45.265+0000][info][gc,cpu         ] GC(330) User=0.00s Sys=0.00s Real=0.00s
[2024-08-27T15:00:45.265+0000][info][gc,marking     ] GC(330) Concurrent Cleanup for Next Mark
[2024-08-27T15:00:45.266+0000][info][gc,marking     ] GC(330) Concurrent Cleanup for Next Mark 0.754ms
[2024-08-27T15:00:45.266+0000][info][gc             ] GC(330) Concurrent Mark Cycle 113.076ms
[2024-08-27T15:00:45.275+0000][info][gc,start       ] GC(334) Pause Young (Prepare Mixed) (G1 Preventive Collection)
[2024-08-27T15:00:45.275+0000][info][gc,task        ] GC(334) Using 24 workers of 68 for evacuation
[2024-08-27T15:00:45.290+0000][info][gc,phases      ] GC(334)   Pre Evacuate Collection Set: 0.2ms
[2024-08-27T15:00:45.290+0000][info][gc,phases      ] GC(334)   Merge Heap Roots: 0.6ms
[2024-08-27T15:00:45.290+0000][info][gc,phases      ] GC(334)   Evacuate Collection Set: 13.4ms
[2024-08-27T15:00:45.290+0000][info][gc,phases      ] GC(334)   Post Evacuate Collection Set: 0.3ms
[2024-08-27T15:00:45.290+0000][info][gc,phases      ] GC(334)   Other: 0.2ms
[2024-08-27T15:00:45.290+0000][info][gc,heap        ] GC(334) Eden regions: 28->0(44)
[2024-08-27T15:00:45.290+0000][info][gc,heap        ] GC(334) Survivor regions: 7->7(7)
[2024-08-27T15:00:45.290+0000][info][gc,heap        ] GC(334) Old regions: 944->975
[2024-08-27T15:00:45.290+0000][info][gc,heap        ] GC(334) Archive regions: 2->2
[2024-08-27T15:00:45.290+0000][info][gc,heap        ] GC(334) Humongous regions: 5->5
[2024-08-27T15:00:45.290+0000][info][gc,metaspace   ] GC(334) Metaspace: 100K(320K)->100K(320K) NonClass: 96K(192K)->96K(192K) Class: 4K(128K)->4K(128K)
[2024-08-27T15:00:45.290+0000][info][gc             ] GC(334) Pause Young (Prepare Mixed) (G1 Preventive Collection) 980M->983M(1024M) 14.830ms
[2024-08-27T15:00:45.290+0000][info][gc,cpu         ] GC(334) User=0.32s Sys=0.00s Real=0.02s
[2024-08-27T15:00:45.297+0000][info][gc,start       ] GC(335) Pause Young (Mixed) (G1 Preventive Collection)
[2024-08-27T15:00:45.297+0000][info][gc,task        ] GC(335) Using 24 workers of 68 for evacuation
[2024-08-27T15:00:45.302+0000][info][gc,phases      ] GC(335)   Pre Evacuate Collection Set: 0.2ms
[2024-08-27T15:00:45.302+0000][info][gc,phases      ] GC(335)   Merge Heap Roots: 0.2ms
[2024-08-27T15:00:45.302+0000][info][gc,phases      ] GC(335)   Evacuate Collection Set: 4.7ms
[2024-08-27T15:00:45.302+0000][info][gc,phases      ] GC(335)   Post Evacuate Collection Set: 0.3ms
[2024-08-27T15:00:45.302+0000][info][gc,phases      ] GC(335)   Other: 0.2ms
[2024-08-27T15:00:45.302+0000][info][gc,heap        ] GC(335) Eden regions: 12->0(44)
[2024-08-27T15:00:45.302+0000][info][gc,heap        ] GC(335) Survivor regions: 7->7(7)
[2024-08-27T15:00:45.302+0000][info][gc,heap        ] GC(335) Old regions: 975->886
[2024-08-27T15:00:45.302+0000][info][gc,heap        ] GC(335) Archive regions: 2->2
[2024-08-27T15:00:45.302+0000][info][gc,heap        ] GC(335) Humongous regions: 5->5
[2024-08-27T15:00:45.302+0000][info][gc,metaspace   ] GC(335) Metaspace: 100K(320K)->100K(320K) NonClass: 96K(192K)->96K(192K) Class: 4K(128K)->4K(128K)
[2024-08-27T15:00:45.302+0000][info][gc             ] GC(335) Pause Young (Mixed) (G1 Preventive Collection) 995M->897M(1024M) 5.578ms
[2024-08-27T15:00:45.302+0000][info][gc,cpu         ] GC(335) User=0.12s Sys=0.00s Real=0.01s
[2024-08-27T15:00:45.324+0000][info][gc,start       ] GC(336) Pause Young (Mixed) (G1 Evacuation Pause)
[2024-08-27T15:00:45.324+0000][info][gc,task        ] GC(336) Using 24 workers of 68 for evacuation
[2024-08-27T15:00:45.333+0000][info][gc,phases      ] GC(336)   Pre Evacuate Collection Set: 0.2ms
[2024-08-27T15:00:45.333+0000][info][gc,phases      ] GC(336)   Merge Heap Roots: 0.4ms
[2024-08-27T15:00:45.333+0000][info][gc,phases      ] GC(336)   Evacuate Collection Set: 7.7ms
[2024-08-27T15:00:45.333+0000][info][gc,phases      ] GC(336)   Post Evacuate Collection Set: 0.4ms
[2024-08-27T15:00:45.333+0000][info][gc,phases      ] GC(336)   Other: 0.2ms
[2024-08-27T15:00:45.333+0000][info][gc,heap        ] GC(336) Eden regions: 44->0(44)
[2024-08-27T15:00:45.333+0000][info][gc,heap        ] GC(336) Survivor regions: 7->7(7)
[2024-08-27T15:00:45.333+0000][info][gc,heap        ] GC(336) Old regions: 886->827
[2024-08-27T15:00:45.333+0000][info][gc,heap        ] GC(336) Archive regions: 2->2
[2024-08-27T15:00:45.333+0000][info][gc,heap        ] GC(336) Humongous regions: 5->5
[2024-08-27T15:00:45.333+0000][info][gc,metaspace   ] GC(336) Metaspace: 100K(320K)->100K(320K) NonClass: 96K(192K)->96K(192K) Class: 4K(128K)->4K(128K)
[2024-08-27T15:00:45.333+0000][info][gc             ] GC(336) Pause Young (Mixed) (G1 Evacuation Pause) 941M->839M(1024M) 9.107ms
[2024-08-27T15:00:45.333+0000][info][gc,cpu         ] GC(336) User=0.20s Sys=0.00s Real=0.01s
[2024-08-27T15:00:45.353+0000][info][gc,start       ] GC(337) Pause Young (Mixed) (G1 Evacuation Pause)
[2024-08-27T15:00:45.353+0000][info][gc,task        ] GC(337) Using 24 workers of 68 for evacuation
[2024-08-27T15:00:45.364+0000][info][gc,phases      ] GC(337)   Pre Evacuate Collection Set: 0.2ms
[2024-08-27T15:00:45.364+0000][info][gc,phases      ] GC(337)   Merge Heap Roots: 0.3ms
[2024-08-27T15:00:45.364+0000][info][gc,phases      ] GC(337)   Evacuate Collection Set: 9.5ms
[2024-08-27T15:00:45.364+0000][info][gc,phases      ] GC(337)   Post Evacuate Collection Set: 0.4ms
[2024-08-27T15:00:45.364+0000][info][gc,phases      ] GC(337)   Other: 0.2ms
[2024-08-27T15:00:45.364+0000][info][gc,heap        ] GC(337) Eden regions: 44->0(44)
[2024-08-27T15:00:45.364+0000][info][gc,heap        ] GC(337) Survivor regions: 7->7(7)
[2024-08-27T15:00:45.364+0000][info][gc,heap        ] GC(337) Old regions: 827->786
[2024-08-27T15:00:45.364+0000][info][gc,heap        ] GC(337) Archive regions: 2->2
[2024-08-27T15:00:45.364+0000][info][gc,heap        ] GC(337) Humongous regions: 5->5
[2024-08-27T15:00:45.364+0000][info][gc,metaspace   ] GC(337) Metaspace: 100K(320K)->100K(320K) NonClass: 96K(192K)->96K(192K) Class: 4K(128K)->4K(128K)
[2024-08-27T15:00:45.364+0000][info][gc             ] GC(337) Pause Young (Mixed) (G1 Evacuation Pause) 883M->798M(1024M) 10.749ms
[2024-08-27T15:00:45.364+0000][info][gc,cpu         ] GC(337) User=0.24s Sys=0.00s Real=0.01s
[2024-08-27T15:00:45.383+0000][info][gc,start       ] GC(338) Pause Young (Mixed) (G1 Evacuation Pause)
[2024-08-27T15:00:45.383+0000][info][gc,task        ] GC(338) Using 24 workers of 68 for evacuation
[2024-08-27T15:00:45.394+0000][info][gc,phases      ] GC(338)   Pre Evacuate Collection Set: 0.2ms
[2024-08-27T15:00:45.394+0000][info][gc,phases      ] GC(338)   Merge Heap Roots: 0.4ms
[2024-08-27T15:00:45.394+0000][info][gc,phases      ] GC(338)   Evacuate Collection Set: 9.8ms
[2024-08-27T15:00:45.394+0000][info][gc,phases      ] GC(338)   Post Evacuate Collection Set: 0.3ms
[2024-08-27T15:00:45.394+0000][info][gc,phases      ] GC(338)   Other: 0.3ms
[2024-08-27T15:00:45.394+0000][info][gc,heap        ] GC(338) Eden regions: 44->0(44)
[2024-08-27T15:00:45.394+0000][info][gc,heap        ] GC(338) Survivor regions: 7->7(7)
[2024-08-27T15:00:45.394+0000][info][gc,heap        ] GC(338) Old regions: 786->809
[2024-08-27T15:00:45.394+0000][info][gc,heap        ] GC(338) Archive regions: 2->2
[2024-08-27T15:00:45.394+0000][info][gc,heap        ] GC(338) Humongous regions: 5->5
[2024-08-27T15:00:45.394+0000][info][gc,metaspace   ] GC(338) Metaspace: 100K(320K)->100K(320K) NonClass: 96K(192K)->96K(192K) Class: 4K(128K)->4K(128K)
[2024-08-27T15:00:45.394+0000][info][gc             ] GC(338) Pause Young (Mixed) (G1 Evacuation Pause) 842M->821M(1024M) 10.971ms
[2024-08-27T15:00:45.394+0000][info][gc,cpu         ] GC(338) User=0.24s Sys=0.00s Real=0.01s
[2024-08-27T15:00:45.413+0000][info][gc,start       ] GC(339) Pause Young (Concurrent Start) (G1 Evacuation Pause)
[2024-08-27T15:00:45.413+0000][info][gc,task        ] GC(339) Using 24 workers of 68 for evacuation
[2024-08-27T15:00:45.423+0000][info][gc,phases      ] GC(339)   Pre Evacuate Collection Set: 0.2ms
[2024-08-27T15:00:45.423+0000][info][gc,phases      ] GC(339)   Merge Heap Roots: 0.4ms
[2024-08-27T15:00:45.424+0000][info][gc,phases      ] GC(339)   Evacuate Collection Set: 8.7ms
[2024-08-27T15:00:45.424+0000][info][gc,phases      ] GC(339)   Post Evacuate Collection Set: 0.3ms
[2024-08-27T15:00:45.424+0000][info][gc,phases      ] GC(339)   Other: 0.6ms
[2024-08-27T15:00:45.424+0000][info][gc,heap        ] GC(339) Eden regions: 44->0(44)
[2024-08-27T15:00:45.424+0000][info][gc,heap        ] GC(339) Survivor regions: 7->7(7)
[2024-08-27T15:00:45.424+0000][info][gc,heap        ] GC(339) Old regions: 809->857
[2024-08-27T15:00:45.424+0000][info][gc,heap        ] GC(339) Archive regions: 2->2
[2024-08-27T15:00:45.424+0000][info][gc,heap        ] GC(339) Humongous regions: 5->5
[2024-08-27T15:00:45.424+0000][info][gc,metaspace   ] GC(339) Metaspace: 100K(320K)->100K(320K) NonClass: 96K(192K)->96K(192K) Class: 4K(128K)->4K(128K)
[2024-08-27T15:00:45.424+0000][info][gc             ] GC(339) Pause Young (Concurrent Start) (G1 Evacuation Pause) 865M->869M(1024M) 10.201ms
[2024-08-27T15:00:45.424+0000][info][gc,cpu         ] GC(339) User=0.22s Sys=0.00s Real=0.01s
[2024-08-27T15:00:45.424+0000][info][gc             ] GC(340) Concurrent Mark Cycle
[2024-08-27T15:00:45.424+0000][info][gc,marking     ] GC(340) Concurrent Clear Claimed Marks
[2024-08-27T15:00:45.424+0000][info][gc,marking     ] GC(340) Concurrent Clear Claimed Marks 0.014ms
[2024-08-27T15:00:45.424+0000][info][gc,marking     ] GC(340) Concurrent Scan Root Regions
[2024-08-27T15:00:45.425+0000][info][gc,marking     ] GC(340) Concurrent Scan Root Regions 1.430ms
[2024-08-27T15:00:45.425+0000][info][gc,marking     ] GC(340) Concurrent Mark
[2024-08-27T15:00:45.425+0000][info][gc,marking     ] GC(340) Concurrent Mark From Roots
[2024-08-27T15:00:45.425+0000][info][gc,task        ] GC(340) Using 17 workers of 17 for marking
[2024-08-27T15:00:45.452+0000][info][gc,marking     ] GC(340) Concurrent Mark From Roots 26.600ms
[2024-08-27T15:00:45.452+0000][info][gc,marking     ] GC(340) Concurrent Preclean
[2024-08-27T15:00:45.453+0000][info][gc,marking     ] GC(340) Concurrent Preclean 0.689ms
[2024-08-27T15:00:45.453+0000][info][gc,start       ] GC(340) Pause Remark
[2024-08-27T15:00:45.454+0000][info][gc             ] GC(340) Pause Remark 904M->904M(1024M) 1.518ms
[2024-08-27T15:00:45.454+0000][info][gc,cpu         ] GC(340) User=0.00s Sys=0.00s Real=0.00s
[2024-08-27T15:00:45.455+0000][info][gc,marking     ] GC(340) Concurrent Mark 29.282ms
[2024-08-27T15:00:45.455+0000][info][gc,marking     ] GC(340) Concurrent Rebuild Remembered Sets
[2024-08-27T15:00:45.463+0000][info][gc,start       ] GC(341) Pause Young (Normal) (G1 Evacuation Pause)
[2024-08-27T15:00:45.463+0000][info][gc,task        ] GC(341) Using 24 workers of 68 for evacuation
[2024-08-27T15:00:45.475+0000][info][gc,phases      ] GC(341)   Pre Evacuate Collection Set: 0.2ms
[2024-08-27T15:00:45.475+0000][info][gc,phases      ] GC(341)   Merge Heap Roots: 0.4ms
[2024-08-27T15:00:45.475+0000][info][gc,phases      ] GC(341)   Evacuate Collection Set: 11.1ms
[2024-08-27T15:00:45.475+0000][info][gc,phases      ] GC(341)   Post Evacuate Collection Set: 0.4ms
[2024-08-27T15:00:45.475+0000][info][gc,phases      ] GC(341)   Other: 0.2ms
[2024-08-27T15:00:45.475+0000][info][gc,heap        ] GC(341) Eden regions: 44->0(44)
[2024-08-27T15:00:45.475+0000][info][gc,heap        ] GC(341) Survivor regions: 7->7(7)
[2024-08-27T15:00:45.475+0000][info][gc,heap        ] GC(341) Old regions: 857->904
[2024-08-27T15:00:45.475+0000][info][gc,heap        ] GC(341) Archive regions: 2->2
[2024-08-27T15:00:45.475+0000][info][gc,heap        ] GC(341) Humongous regions: 5->5
[2024-08-27T15:00:45.475+0000][info][gc,metaspace   ] GC(341) Metaspace: 100K(320K)->100K(320K) NonClass: 96K(192K)->96K(192K) Class: 4K(128K)->4K(128K)
[2024-08-27T15:00:45.475+0000][info][gc             ] GC(341) Pause Young (Normal) (G1 Evacuation Pause) 913M->916M(1024M) 12.267ms
[2024-08-27T15:00:45.475+0000][info][gc,cpu         ] GC(341) User=0.22s Sys=0.04s Real=0.01s
[2024-08-27T15:00:45.502+0000][info][gc,start       ] GC(342) Pause Young (Normal) (G1 Evacuation Pause)
[2024-08-27T15:00:45.502+0000][info][gc,task        ] GC(342) Using 24 workers of 68 for evacuation
[2024-08-27T15:00:45.516+0000][info][gc,phases      ] GC(342)   Pre Evacuate Collection Set: 0.1ms
[2024-08-27T15:00:45.516+0000][info][gc,phases      ] GC(342)   Merge Heap Roots: 0.4ms
[2024-08-27T15:00:45.516+0000][info][gc,phases      ] GC(342)   Evacuate Collection Set: 12.2ms
[2024-08-27T15:00:45.516+0000][info][gc,phases      ] GC(342)   Post Evacuate Collection Set: 0.5ms
[2024-08-27T15:00:45.516+0000][info][gc,phases      ] GC(342)   Other: 0.2ms
[2024-08-27T15:00:45.516+0000][info][gc,heap        ] GC(342) Eden regions: 44->0(44)
[2024-08-27T15:00:45.516+0000][info][gc,heap        ] GC(342) Survivor regions: 7->7(7)
[2024-08-27T15:00:45.516+0000][info][gc,heap        ] GC(342) Old regions: 904->950
[2024-08-27T15:00:45.516+0000][info][gc,heap        ] GC(342) Archive regions: 2->2
[2024-08-27T15:00:45.516+0000][info][gc,heap        ] GC(342) Humongous regions: 5->5
[2024-08-27T15:00:45.516+0000][info][gc,metaspace   ] GC(342) Metaspace: 100K(320K)->100K(320K) NonClass: 96K(192K)->96K(192K) Class: 4K(128K)->4K(128K)
[2024-08-27T15:00:45.516+0000][info][gc             ] GC(342) Pause Young (Normal) (G1 Evacuation Pause) 960M->962M(1024M) 13.525ms
[2024-08-27T15:00:45.516+0000][info][gc,cpu         ] GC(342) User=0.30s Sys=0.00s Real=0.01s
[2024-08-27T15:00:45.527+0000][info][gc,marking     ] GC(340) Concurrent Rebuild Remembered Sets 72.737ms
[2024-08-27T15:00:45.528+0000][info][gc,start       ] GC(340) Pause Cleanup
[2024-08-27T15:00:45.529+0000][info][gc             ] GC(340) Pause Cleanup 980M->980M(1024M) 1.692ms
[2024-08-27T15:00:45.529+0000][info][gc,cpu         ] GC(340) User=0.00s Sys=0.00s Real=0.00s
[2024-08-27T15:00:45.529+0000][info][gc,marking     ] GC(340) Concurrent Cleanup for Next Mark
[2024-08-27T15:00:45.530+0000][info][gc,marking     ] GC(340) Concurrent Cleanup for Next Mark 0.609ms
[2024-08-27T15:00:45.530+0000][info][gc             ] GC(340) Concurrent Mark Cycle 106.327ms
[2024-08-27T15:00:45.534+0000][info][gc,start       ] GC(343) Pause Young (Prepare Mixed) (G1 Preventive Collection)
[2024-08-27T15:00:45.534+0000][info][gc,task        ] GC(343) Using 24 workers of 68 for evacuation
[2024-08-27T15:00:45.544+0000][info][gc,phases      ] GC(343)   Pre Evacuate Collection Set: 0.2ms
[2024-08-27T15:00:45.544+0000][info][gc,phases      ] GC(343)   Merge Heap Roots: 0.4ms
[2024-08-27T15:00:45.544+0000][info][gc,phases      ] GC(343)   Evacuate Collection Set: 9.7ms
[2024-08-27T15:00:45.544+0000][info][gc,phases      ] GC(343)   Post Evacuate Collection Set: 0.3ms
[2024-08-27T15:00:45.544+0000][info][gc,phases      ] GC(343)   Other: 0.2ms
[2024-08-27T15:00:45.544+0000][info][gc,heap        ] GC(343) Eden regions: 25->0(44)
[2024-08-27T15:00:45.544+0000][info][gc,heap        ] GC(343) Survivor regions: 7->7(7)
[2024-08-27T15:00:45.544+0000][info][gc,heap        ] GC(343) Old regions: 950->978
[2024-08-27T15:00:45.544+0000][info][gc,heap        ] GC(343) Archive regions: 2->2
[2024-08-27T15:00:45.544+0000][info][gc,heap        ] GC(343) Humongous regions: 5->5
[2024-08-27T15:00:45.544+0000][info][gc,metaspace   ] GC(343) Metaspace: 100K(320K)->100K(320K) NonClass: 96K(192K)->96K(192K) Class: 4K(128K)->4K(128K)
[2024-08-27T15:00:45.544+0000][info][gc             ] GC(343) Pause Young (Prepare Mixed) (G1 Preventive Collection) 987M->990M(1024M) 10.838ms
[2024-08-27T15:00:45.544+0000][info][gc,cpu         ] GC(343) User=0.25s Sys=0.00s Real=0.01s
[2024-08-27T15:00:45.551+0000][info][gc,start       ] GC(344) Pause Young (Mixed) (G1 Preventive Collection)
[2024-08-27T15:00:45.551+0000][info][gc,task        ] GC(344) Using 24 workers of 68 for evacuation
[2024-08-27T15:00:45.556+0000][info][gc,phases      ] GC(344)   Pre Evacuate Collection Set: 0.2ms
[2024-08-27T15:00:45.556+0000][info][gc,phases      ] GC(344)   Merge Heap Roots: 0.3ms
[2024-08-27T15:00:45.556+0000][info][gc,phases      ] GC(344)   Evacuate Collection Set: 4.0ms
[2024-08-27T15:00:45.556+0000][info][gc,phases      ] GC(344)   Post Evacuate Collection Set: 0.3ms
[2024-08-27T15:00:45.556+0000][info][gc,phases      ] GC(344)   Other: 0.2ms
[2024-08-27T15:00:45.556+0000][info][gc,heap        ] GC(344) Eden regions: 11->0(44)
[2024-08-27T15:00:45.556+0000][info][gc,heap        ] GC(344) Survivor regions: 7->7(7)
[2024-08-27T15:00:45.556+0000][info][gc,heap        ] GC(344) Old regions: 978->889
[2024-08-27T15:00:45.556+0000][info][gc,heap        ] GC(344) Archive regions: 2->2
[2024-08-27T15:00:45.556+0000][info][gc,heap        ] GC(344) Humongous regions: 5->5
[2024-08-27T15:00:45.556+0000][info][gc,metaspace   ] GC(344) Metaspace: 100K(320K)->100K(320K) NonClass: 96K(192K)->96K(192K) Class: 4K(128K)->4K(128K)
[2024-08-27T15:00:45.556+0000][info][gc             ] GC(344) Pause Young (Mixed) (G1 Preventive Collection) 1001M->901M(1024M) 5.059ms
[2024-08-27T15:00:45.556+0000][info][gc,cpu         ] GC(344) User=0.11s Sys=0.00s Real=0.00s
[2024-08-27T15:00:45.576+0000][info][gc,start       ] GC(345) Pause Young (Mixed) (G1 Evacuation Pause)
[2024-08-27T15:00:45.576+0000][info][gc,task        ] GC(345) Using 24 workers of 68 for evacuation
[2024-08-27T15:00:45.586+0000][info][gc,phases      ] GC(345)   Pre Evacuate Collection Set: 0.2ms
[2024-08-27T15:00:45.586+0000][info][gc,phases      ] GC(345)   Merge Heap Roots: 0.3ms
[2024-08-27T15:00:45.586+0000][info][gc,phases      ] GC(345)   Evacuate Collection Set: 8.8ms
[2024-08-27T15:00:45.586+0000][info][gc,phases      ] GC(345)   Post Evacuate Collection Set: 0.4ms
[2024-08-27T15:00:45.586+0000][info][gc,phases      ] GC(345)   Other: 0.2ms
[2024-08-27T15:00:45.586+0000][info][gc,heap        ] GC(345) Eden regions: 44->0(44)
[2024-08-27T15:00:45.586+0000][info][gc,heap        ] GC(345) Survivor regions: 7->7(7)
[2024-08-27T15:00:45.586+0000][info][gc,heap        ] GC(345) Old regions: 889->830
[2024-08-27T15:00:45.586+0000][info][gc,heap        ] GC(345) Archive regions: 2->2
[2024-08-27T15:00:45.586+0000][info][gc,heap        ] GC(345) Humongous regions: 5->5
[2024-08-27T15:00:45.586+0000][info][gc,metaspace   ] GC(345) Metaspace: 100K(320K)->100K(320K) NonClass: 96K(192K)->96K(192K) Class: 4K(128K)->4K(128K)
[2024-08-27T15:00:45.586+0000][info][gc             ] GC(345) Pause Young (Mixed) (G1 Evacuation Pause) 945M->842M(1024M) 10.013ms
[2024-08-27T15:00:45.586+0000][info][gc,cpu         ] GC(345) User=0.18s Sys=0.04s Real=0.01s
[2024-08-27T15:00:45.605+0000][info][gc,start       ] GC(346) Pause Young (Mixed) (G1 Evacuation Pause)
[2024-08-27T15:00:45.605+0000][info][gc,task        ] GC(346) Using 24 workers of 68 for evacuation
[2024-08-27T15:00:45.615+0000][info][gc,phases      ] GC(346)   Pre Evacuate Collection Set: 0.2ms
[2024-08-27T15:00:45.615+0000][info][gc,phases      ] GC(346)   Merge Heap Roots: 0.4ms
[2024-08-27T15:00:45.615+0000][info][gc,phases      ] GC(346)   Evacuate Collection Set: 9.1ms
[2024-08-27T15:00:45.615+0000][info][gc,phases      ] GC(346)   Post Evacuate Collection Set: 0.4ms
[2024-08-27T15:00:45.615+0000][info][gc,phases      ] GC(346)   Other: 0.3ms
[2024-08-27T15:00:45.615+0000][info][gc,heap        ] GC(346) Eden regions: 44->0(44)
[2024-08-27T15:00:45.615+0000][info][gc,heap        ] GC(346) Survivor regions: 7->7(7)
[2024-08-27T15:00:45.615+0000][info][gc,heap        ] GC(346) Old regions: 830->773
[2024-08-27T15:00:45.615+0000][info][gc,heap        ] GC(346) Archive regions: 2->2
[2024-08-27T15:00:45.615+0000][info][gc,heap        ] GC(346) Humongous regions: 5->5
[2024-08-27T15:00:45.615+0000][info][gc,metaspace   ] GC(346) Metaspace: 100K(320K)->100K(320K) NonClass: 96K(192K)->96K(192K) Class: 4K(128K)->4K(128K)
[2024-08-27T15:00:45.615+0000][info][gc             ] GC(346) Pause Young (Mixed) (G1 Evacuation Pause) 886M->785M(1024M) 10.474ms
[2024-08-27T15:00:45.615+0000][info][gc,cpu         ] GC(346) User=0.23s Sys=0.00s Real=0.01s
[2024-08-27T15:00:45.634+0000][info][gc,start       ] GC(347) Pause Young (Mixed) (G1 Evacuation Pause)
[2024-08-27T15:00:45.634+0000][info][gc,task        ] GC(347) Using 24 workers of 68 for evacuation
[2024-08-27T15:00:45.646+0000][info][gc,phases      ] GC(347)   Pre Evacuate Collection Set: 0.2ms
[2024-08-27T15:00:45.646+0000][info][gc,phases      ] GC(347)   Merge Heap Roots: 0.3ms
[2024-08-27T15:00:45.646+0000][info][gc,phases      ] GC(347)   Evacuate Collection Set: 11.1ms
[2024-08-27T15:00:45.646+0000][info][gc,phases      ] GC(347)   Post Evacuate Collection Set: 0.4ms
[2024-08-27T15:00:45.646+0000][info][gc,phases      ] GC(347)   Other: 0.3ms
[2024-08-27T15:00:45.646+0000][info][gc,heap        ] GC(347) Eden regions: 44->0(45)
[2024-08-27T15:00:45.646+0000][info][gc,heap        ] GC(347) Survivor regions: 7->7(7)
[2024-08-27T15:00:45.646+0000][info][gc,heap        ] GC(347) Old regions: 773->763
[2024-08-27T15:00:45.646+0000][info][gc,heap        ] GC(347) Archive regions: 2->2
[2024-08-27T15:00:45.646+0000][info][gc,heap        ] GC(347) Humongous regions: 5->5
[2024-08-27T15:00:45.646+0000][info][gc,metaspace   ] GC(347) Metaspace: 100K(320K)->100K(320K) NonClass: 96K(192K)->96K(192K) Class: 4K(128K)->4K(128K)
[2024-08-27T15:00:45.646+0000][info][gc             ] GC(347) Pause Young (Mixed) (G1 Evacuation Pause) 829M->775M(1024M) 12.305ms
[2024-08-27T15:00:45.646+0000][info][gc,cpu         ] GC(347) User=0.26s Sys=0.00s Real=0.01s
[2024-08-27T15:00:45.667+0000][info][gc,start       ] GC(348) Pause Young (Concurrent Start) (G1 Evacuation Pause)
[2024-08-27T15:00:45.667+0000][info][gc,task        ] GC(348) Using 24 workers of 68 for evacuation
[2024-08-27T15:00:45.678+0000][info][gc,phases      ] GC(348)   Pre Evacuate Collection Set: 0.2ms
[2024-08-27T15:00:45.678+0000][info][gc,phases      ] GC(348)   Merge Heap Roots: 0.3ms
[2024-08-27T15:00:45.678+0000][info][gc,phases      ] GC(348)   Evacuate Collection Set: 9.8ms
[2024-08-27T15:00:45.678+0000][info][gc,phases      ] GC(348)   Post Evacuate Collection Set: 0.4ms
[2024-08-27T15:00:45.678+0000][info][gc,phases      ] GC(348)   Other: 0.7ms
[2024-08-27T15:00:45.678+0000][info][gc,heap        ] GC(348) Eden regions: 45->0(44)
[2024-08-27T15:00:45.678+0000][info][gc,heap        ] GC(348) Survivor regions: 7->7(7)
[2024-08-27T15:00:45.678+0000][info][gc,heap        ] GC(348) Old regions: 763->811
[2024-08-27T15:00:45.678+0000][info][gc,heap        ] GC(348) Archive regions: 2->2
[2024-08-27T15:00:45.678+0000][info][gc,heap        ] GC(348) Humongous regions: 5->5
[2024-08-27T15:00:45.678+0000][info][gc,metaspace   ] GC(348) Metaspace: 100K(320K)->100K(320K) NonClass: 96K(192K)->96K(192K) Class: 4K(128K)->4K(128K)
[2024-08-27T15:00:45.678+0000][info][gc             ] GC(348) Pause Young (Concurrent Start) (G1 Evacuation Pause) 820M->823M(1024M) 11.410ms
[2024-08-27T15:00:45.678+0000][info][gc,cpu         ] GC(348) User=0.18s Sys=0.06s Real=0.02s
[2024-08-27T15:00:45.678+0000][info][gc             ] GC(349) Concurrent Mark Cycle
[2024-08-27T15:00:45.678+0000][info][gc,marking     ] GC(349) Concurrent Clear Claimed Marks
[2024-08-27T15:00:45.678+0000][info][gc,marking     ] GC(349) Concurrent Clear Claimed Marks 0.011ms
[2024-08-27T15:00:45.678+0000][info][gc,marking     ] GC(349) Concurrent Scan Root Regions
[2024-08-27T15:00:45.680+0000][info][gc,marking     ] GC(349) Concurrent Scan Root Regions 1.475ms
[2024-08-27T15:00:45.680+0000][info][gc,marking     ] GC(349) Concurrent Mark
[2024-08-27T15:00:45.680+0000][info][gc,marking     ] GC(349) Concurrent Mark From Roots
[2024-08-27T15:00:45.680+0000][info][gc,task        ] GC(349) Using 17 workers of 17 for marking
[2024-08-27T15:00:45.701+0000][info][gc,marking     ] GC(349) Concurrent Mark From Roots 21.588ms
[2024-08-27T15:00:45.701+0000][info][gc,marking     ] GC(349) Concurrent Preclean
[2024-08-27T15:00:45.702+0000][info][gc,marking     ] GC(349) Concurrent Preclean 0.513ms
[2024-08-27T15:00:45.702+0000][info][gc,start       ] GC(349) Pause Remark
[2024-08-27T15:00:45.703+0000][info][gc             ] GC(349) Pause Remark 862M->862M(1024M) 1.181ms
[2024-08-27T15:00:45.703+0000][info][gc,cpu         ] GC(349) User=0.00s Sys=0.00s Real=0.00s
[2024-08-27T15:00:45.703+0000][info][gc,marking     ] GC(349) Concurrent Mark 23.675ms
[2024-08-27T15:00:45.703+0000][info][gc,marking     ] GC(349) Concurrent Rebuild Remembered Sets
[2024-08-27T15:00:45.706+0000][info][gc,start       ] GC(350) Pause Young (Normal) (G1 Evacuation Pause)
[2024-08-27T15:00:45.706+0000][info][gc,task        ] GC(350) Using 24 workers of 68 for evacuation
[2024-08-27T15:00:45.716+0000][info][gc,phases      ] GC(350)   Pre Evacuate Collection Set: 0.2ms
[2024-08-27T15:00:45.717+0000][info][gc,phases      ] GC(350)   Merge Heap Roots: 0.4ms
[2024-08-27T15:00:45.717+0000][info][gc,phases      ] GC(350)   Evacuate Collection Set: 9.2ms
[2024-08-27T15:00:45.717+0000][info][gc,phases      ] GC(350)   Post Evacuate Collection Set: 0.4ms
[2024-08-27T15:00:45.717+0000][info][gc,phases      ] GC(350)   Other: 0.2ms
[2024-08-27T15:00:45.717+0000][info][gc,heap        ] GC(350) Eden regions: 44->0(44)
[2024-08-27T15:00:45.717+0000][info][gc,heap        ] GC(350) Survivor regions: 7->7(7)
[2024-08-27T15:00:45.717+0000][info][gc,heap        ] GC(350) Old regions: 811->858
[2024-08-27T15:00:45.717+0000][info][gc,heap        ] GC(350) Archive regions: 2->2
[2024-08-27T15:00:45.717+0000][info][gc,heap        ] GC(350) Humongous regions: 5->5
[2024-08-27T15:00:45.717+0000][info][gc,metaspace   ] GC(350) Metaspace: 100K(320K)->100K(320K) NonClass: 96K(192K)->96K(192K) Class: 4K(128K)->4K(128K)
[2024-08-27T15:00:45.717+0000][info][gc             ] GC(350) Pause Young (Normal) (G1 Evacuation Pause) 867M->870M(1024M) 10.461ms
[2024-08-27T15:00:45.717+0000][info][gc,cpu         ] GC(350) User=0.23s Sys=0.00s Real=0.01s
[2024-08-27T15:00:45.737+0000][info][gc,start       ] GC(351) Pause Young (Normal) (G1 Evacuation Pause)
[2024-08-27T15:00:45.737+0000][info][gc,task        ] GC(351) Using 24 workers of 68 for evacuation
[2024-08-27T15:00:45.750+0000][info][gc,phases      ] GC(351)   Pre Evacuate Collection Set: 0.2ms
[2024-08-27T15:00:45.750+0000][info][gc,phases      ] GC(351)   Merge Heap Roots: 0.3ms
[2024-08-27T15:00:45.750+0000][info][gc,phases      ] GC(351)   Evacuate Collection Set: 11.9ms
[2024-08-27T15:00:45.750+0000][info][gc,phases      ] GC(351)   Post Evacuate Collection Set: 0.5ms
[2024-08-27T15:00:45.750+0000][info][gc,phases      ] GC(351)   Other: 0.3ms
[2024-08-27T15:00:45.750+0000][info][gc,heap        ] GC(351) Eden regions: 44->0(44)
[2024-08-27T15:00:45.750+0000][info][gc,heap        ] GC(351) Survivor regions: 7->7(7)
[2024-08-27T15:00:45.750+0000][info][gc,heap        ] GC(351) Old regions: 858->905
[2024-08-27T15:00:45.751+0000][info][gc,heap        ] GC(351) Archive regions: 2->2
[2024-08-27T15:00:45.751+0000][info][gc,heap        ] GC(351) Humongous regions: 5->5
[2024-08-27T15:00:45.751+0000][info][gc,metaspace   ] GC(351) Metaspace: 100K(320K)->100K(320K) NonClass: 96K(192K)->96K(192K) Class: 4K(128K)->4K(128K)
[2024-08-27T15:00:45.751+0000][info][gc             ] GC(351) Pause Young (Normal) (G1 Evacuation Pause) 914M->917M(1024M) 13.271ms
[2024-08-27T15:00:45.751+0000][info][gc,cpu         ] GC(351) User=0.30s Sys=0.00s Real=0.02s
[2024-08-27T15:00:45.771+0000][info][gc,start       ] GC(352) Pause Young (Normal) (G1 Evacuation Pause)
[2024-08-27T15:00:45.771+0000][info][gc,task        ] GC(352) Using 24 workers of 68 for evacuation
[2024-08-27T15:00:45.785+0000][info][gc,phases      ] GC(352)   Pre Evacuate Collection Set: 0.2ms
[2024-08-27T15:00:45.785+0000][info][gc,phases      ] GC(352)   Merge Heap Roots: 0.6ms
[2024-08-27T15:00:45.785+0000][info][gc,phases      ] GC(352)   Evacuate Collection Set: 13.1ms
[2024-08-27T15:00:45.785+0000][info][gc,phases      ] GC(352)   Post Evacuate Collection Set: 0.6ms
[2024-08-27T15:00:45.785+0000][info][gc,phases      ] GC(352)   Other: 0.3ms
[2024-08-27T15:00:45.785+0000][info][gc,heap        ] GC(352) Eden regions: 44->0(44)
[2024-08-27T15:00:45.785+0000][info][gc,heap        ] GC(352) Survivor regions: 7->7(7)
[2024-08-27T15:00:45.785+0000][info][gc,heap        ] GC(352) Old regions: 905->951
[2024-08-27T15:00:45.785+0000][info][gc,heap        ] GC(352) Archive regions: 2->2
[2024-08-27T15:00:45.785+0000][info][gc,heap        ] GC(352) Humongous regions: 5->5
[2024-08-27T15:00:45.785+0000][info][gc,metaspace   ] GC(352) Metaspace: 100K(320K)->100K(320K) NonClass: 96K(192K)->96K(192K) Class: 4K(128K)->4K(128K)
[2024-08-27T15:00:45.785+0000][info][gc             ] GC(352) Pause Young (Normal) (G1 Evacuation Pause) 961M->963M(1024M) 14.681ms
[2024-08-27T15:00:45.785+0000][info][gc,cpu         ] GC(352) User=0.33s Sys=0.00s Real=0.01s
[2024-08-27T15:00:45.791+0000][info][gc,marking     ] GC(349) Concurrent Rebuild Remembered Sets 87.612ms
[2024-08-27T15:00:45.791+0000][info][gc,start       ] GC(349) Pause Cleanup
[2024-08-27T15:00:45.793+0000][info][gc             ] GC(349) Pause Cleanup 975M->975M(1024M) 1.759ms
[2024-08-27T15:00:45.793+0000][info][gc,cpu         ] GC(349) User=0.00s Sys=0.00s Real=0.00s
[2024-08-27T15:00:45.793+0000][info][gc,marking     ] GC(349) Concurrent Cleanup for Next Mark
[2024-08-27T15:00:45.794+0000][info][gc,marking     ] GC(349) Concurrent Cleanup for Next Mark 0.608ms
[2024-08-27T15:00:45.794+0000][info][gc             ] GC(349) Concurrent Mark Cycle 115.638ms
[2024-08-27T15:00:45.800+0000][info][gc,start       ] GC(353) Pause Young (Prepare Mixed) (G1 Preventive Collection)
[2024-08-27T15:00:45.800+0000][info][gc,task        ] GC(353) Using 24 workers of 68 for evacuation
[2024-08-27T15:00:45.813+0000][info][gc,phases      ] GC(353)   Pre Evacuate Collection Set: 0.2ms
[2024-08-27T15:00:45.813+0000][info][gc,phases      ] GC(353)   Merge Heap Roots: 0.6ms
[2024-08-27T15:00:45.813+0000][info][gc,phases      ] GC(353)   Evacuate Collection Set: 12.2ms
[2024-08-27T15:00:45.813+0000][info][gc,phases      ] GC(353)   Post Evacuate Collection Set: 0.3ms
[2024-08-27T15:00:45.813+0000][info][gc,phases      ] GC(353)   Other: 0.2ms
[2024-08-27T15:00:45.813+0000][info][gc,heap        ] GC(353) Eden regions: 24->0(44)
[2024-08-27T15:00:45.813+0000][info][gc,heap        ] GC(353) Survivor regions: 7->7(7)
[2024-08-27T15:00:45.813+0000][info][gc,heap        ] GC(353) Old regions: 951->979
[2024-08-27T15:00:45.813+0000][info][gc,heap        ] GC(353) Archive regions: 2->2
[2024-08-27T15:00:45.813+0000][info][gc,heap        ] GC(353) Humongous regions: 5->5
[2024-08-27T15:00:45.813+0000][info][gc,metaspace   ] GC(353) Metaspace: 100K(320K)->100K(320K) NonClass: 96K(192K)->96K(192K) Class: 4K(128K)->4K(128K)
[2024-08-27T15:00:45.813+0000][info][gc             ] GC(353) Pause Young (Prepare Mixed) (G1 Preventive Collection) 987M->991M(1024M) 13.524ms
[2024-08-27T15:00:45.813+0000][info][gc,cpu         ] GC(353) User=0.30s Sys=0.00s Real=0.01s
[2024-08-27T15:00:45.818+0000][info][gc,start       ] GC(354) Pause Young (Mixed) (G1 Preventive Collection)
[2024-08-27T15:00:45.818+0000][info][gc,task        ] GC(354) Using 24 workers of 68 for evacuation
[2024-08-27T15:00:45.822+0000][info][gc,phases      ] GC(354)   Pre Evacuate Collection Set: 0.2ms
[2024-08-27T15:00:45.823+0000][info][gc,phases      ] GC(354)   Merge Heap Roots: 0.2ms
[2024-08-27T15:00:45.823+0000][info][gc,phases      ] GC(354)   Evacuate Collection Set: 3.9ms
[2024-08-27T15:00:45.823+0000][info][gc,phases      ] GC(354)   Post Evacuate Collection Set: 0.3ms
[2024-08-27T15:00:45.823+0000][info][gc,phases      ] GC(354)   Other: 0.1ms
[2024-08-27T15:00:45.823+0000][info][gc,heap        ] GC(354) Eden regions: 10->0(44)
[2024-08-27T15:00:45.823+0000][info][gc,heap        ] GC(354) Survivor regions: 7->7(7)
[2024-08-27T15:00:45.823+0000][info][gc,heap        ] GC(354) Old regions: 979->888
[2024-08-27T15:00:45.823+0000][info][gc,heap        ] GC(354) Archive regions: 2->2
[2024-08-27T15:00:45.823+0000][info][gc,heap        ] GC(354) Humongous regions: 5->5
[2024-08-27T15:00:45.823+0000][info][gc,metaspace   ] GC(354) Metaspace: 100K(320K)->100K(320K) NonClass: 96K(192K)->96K(192K) Class: 4K(128K)->4K(128K)
[2024-08-27T15:00:45.823+0000][info][gc             ] GC(354) Pause Young (Mixed) (G1 Preventive Collection) 1001M->900M(1024M) 4.778ms
[2024-08-27T15:00:45.823+0000][info][gc,cpu         ] GC(354) User=0.10s Sys=0.00s Real=0.00s
[2024-08-27T15:00:45.844+0000][info][gc,start       ] GC(355) Pause Young (Mixed) (G1 Evacuation Pause)
[2024-08-27T15:00:45.844+0000][info][gc,task        ] GC(355) Using 24 workers of 68 for evacuation
[2024-08-27T15:00:45.853+0000][info][gc,phases      ] GC(355)   Pre Evacuate Collection Set: 0.2ms
[2024-08-27T15:00:45.853+0000][info][gc,phases      ] GC(355)   Merge Heap Roots: 0.4ms
[2024-08-27T15:00:45.853+0000][info][gc,phases      ] GC(355)   Evacuate Collection Set: 8.0ms
[2024-08-27T15:00:45.853+0000][info][gc,phases      ] GC(355)   Post Evacuate Collection Set: 0.4ms
[2024-08-27T15:00:45.853+0000][info][gc,phases      ] GC(355)   Other: 0.2ms
[2024-08-27T15:00:45.853+0000][info][gc,heap        ] GC(355) Eden regions: 44->0(44)
[2024-08-27T15:00:45.853+0000][info][gc,heap        ] GC(355) Survivor regions: 7->7(7)
[2024-08-27T15:00:45.853+0000][info][gc,heap        ] GC(355) Old regions: 888->829
[2024-08-27T15:00:45.853+0000][info][gc,heap        ] GC(355) Archive regions: 2->2
[2024-08-27T15:00:45.853+0000][info][gc,heap        ] GC(355) Humongous regions: 5->5
[2024-08-27T15:00:45.853+0000][info][gc,metaspace   ] GC(355) Metaspace: 100K(320K)->100K(320K) NonClass: 96K(192K)->96K(192K) Class: 4K(128K)->4K(128K)
[2024-08-27T15:00:45.853+0000][info][gc             ] GC(355) Pause Young (Mixed) (G1 Evacuation Pause) 944M->841M(1024M) 9.391ms
[2024-08-27T15:00:45.853+0000][info][gc,cpu         ] GC(355) User=0.19s Sys=0.01s Real=0.01s
[2024-08-27T15:00:45.875+0000][info][gc,start       ] GC(356) Pause Young (Mixed) (G1 Evacuation Pause)
[2024-08-27T15:00:45.875+0000][info][gc,task        ] GC(356) Using 24 workers of 68 for evacuation
[2024-08-27T15:00:45.886+0000][info][gc,phases      ] GC(356)   Pre Evacuate Collection Set: 0.2ms
[2024-08-27T15:00:45.886+0000][info][gc,phases      ] GC(356)   Merge Heap Roots: 0.3ms
[2024-08-27T15:00:45.886+0000][info][gc,phases      ] GC(356)   Evacuate Collection Set: 9.7ms
[2024-08-27T15:00:45.886+0000][info][gc,phases      ] GC(356)   Post Evacuate Collection Set: 0.4ms
[2024-08-27T15:00:45.886+0000][info][gc,phases      ] GC(356)   Other: 0.3ms
[2024-08-27T15:00:45.886+0000][info][gc,heap        ] GC(356) Eden regions: 44->0(44)
[2024-08-27T15:00:45.886+0000][info][gc,heap        ] GC(356) Survivor regions: 7->7(7)
[2024-08-27T15:00:45.886+0000][info][gc,heap        ] GC(356) Old regions: 829->781
[2024-08-27T15:00:45.886+0000][info][gc,heap        ] GC(356) Archive regions: 2->2
[2024-08-27T15:00:45.886+0000][info][gc,heap        ] GC(356) Humongous regions: 5->5
[2024-08-27T15:00:45.886+0000][info][gc,metaspace   ] GC(356) Metaspace: 100K(320K)->100K(320K) NonClass: 96K(192K)->96K(192K) Class: 4K(128K)->4K(128K)
[2024-08-27T15:00:45.886+0000][info][gc             ] GC(356) Pause Young (Mixed) (G1 Evacuation Pause) 885M->793M(1024M) 11.050ms
[2024-08-27T15:00:45.886+0000][info][gc,cpu         ] GC(356) User=0.21s Sys=0.04s Real=0.01s
[2024-08-27T15:00:45.906+0000][info][gc,start       ] GC(357) Pause Young (Mixed) (G1 Evacuation Pause)
[2024-08-27T15:00:45.906+0000][info][gc,task        ] GC(357) Using 24 workers of 68 for evacuation
[2024-08-27T15:00:45.917+0000][info][gc,phases      ] GC(357)   Pre Evacuate Collection Set: 0.2ms
[2024-08-27T15:00:45.917+0000][info][gc,phases      ] GC(357)   Merge Heap Roots: 0.4ms
[2024-08-27T15:00:45.917+0000][info][gc,phases      ] GC(357)   Evacuate Collection Set: 9.5ms
[2024-08-27T15:00:45.917+0000][info][gc,phases      ] GC(357)   Post Evacuate Collection Set: 0.3ms
[2024-08-27T15:00:45.917+0000][info][gc,phases      ] GC(357)   Other: 0.2ms
[2024-08-27T15:00:45.917+0000][info][gc,heap        ] GC(357) Eden regions: 44->0(44)
[2024-08-27T15:00:45.917+0000][info][gc,heap        ] GC(357) Survivor regions: 7->7(7)
[2024-08-27T15:00:45.917+0000][info][gc,heap        ] GC(357) Old regions: 781->805
[2024-08-27T15:00:45.917+0000][info][gc,heap        ] GC(357) Archive regions: 2->2
[2024-08-27T15:00:45.917+0000][info][gc,heap        ] GC(357) Humongous regions: 5->5
[2024-08-27T15:00:45.917+0000][info][gc,metaspace   ] GC(357) Metaspace: 100K(320K)->100K(320K) NonClass: 96K(192K)->96K(192K) Class: 4K(128K)->4K(128K)
[2024-08-27T15:00:45.917+0000][info][gc             ] GC(357) Pause Young (Mixed) (G1 Evacuation Pause) 837M->817M(1024M) 10.657ms
[2024-08-27T15:00:45.917+0000][info][gc,cpu         ] GC(357) User=0.22s Sys=0.01s Real=0.01s
[2024-08-27T15:00:45.937+0000][info][gc,start       ] GC(358) Pause Young (Concurrent Start) (G1 Evacuation Pause)
[2024-08-27T15:00:45.937+0000][info][gc,task        ] GC(358) Using 24 workers of 68 for evacuation
[2024-08-27T15:00:45.947+0000][info][gc,phases      ] GC(358)   Pre Evacuate Collection Set: 0.2ms
[2024-08-27T15:00:45.947+0000][info][gc,phases      ] GC(358)   Merge Heap Roots: 0.4ms
[2024-08-27T15:00:45.947+0000][info][gc,phases      ] GC(358)   Evacuate Collection Set: 8.1ms
[2024-08-27T15:00:45.947+0000][info][gc,phases      ] GC(358)   Post Evacuate Collection Set: 0.3ms
[2024-08-27T15:00:45.947+0000][info][gc,phases      ] GC(358)   Other: 0.5ms
[2024-08-27T15:00:45.947+0000][info][gc,heap        ] GC(358) Eden regions: 44->0(44)
[2024-08-27T15:00:45.947+0000][info][gc,heap        ] GC(358) Survivor regions: 7->7(7)
[2024-08-27T15:00:45.947+0000][info][gc,heap        ] GC(358) Old regions: 805->852
[2024-08-27T15:00:45.947+0000][info][gc,heap        ] GC(358) Archive regions: 2->2
[2024-08-27T15:00:45.947+0000][info][gc,heap        ] GC(358) Humongous regions: 5->5
[2024-08-27T15:00:45.947+0000][info][gc,metaspace   ] GC(358) Metaspace: 100K(320K)->100K(320K) NonClass: 96K(192K)->96K(192K) Class: 4K(128K)->4K(128K)
[2024-08-27T15:00:45.947+0000][info][gc             ] GC(358) Pause Young (Concurrent Start) (G1 Evacuation Pause) 861M->864M(1024M) 9.599ms
[2024-08-27T15:00:45.947+0000][info][gc,cpu         ] GC(358) User=0.20s Sys=0.01s Real=0.01s
[2024-08-27T15:00:45.947+0000][info][gc             ] GC(359) Concurrent Mark Cycle
[2024-08-27T15:00:45.947+0000][info][gc,marking     ] GC(359) Concurrent Clear Claimed Marks
[2024-08-27T15:00:45.947+0000][info][gc,marking     ] GC(359) Concurrent Clear Claimed Marks 0.012ms
[2024-08-27T15:00:45.947+0000][info][gc,marking     ] GC(359) Concurrent Scan Root Regions
[2024-08-27T15:00:45.948+0000][info][gc,marking     ] GC(359) Concurrent Scan Root Regions 1.349ms
[2024-08-27T15:00:45.948+0000][info][gc,marking     ] GC(359) Concurrent Mark
[2024-08-27T15:00:45.948+0000][info][gc,marking     ] GC(359) Concurrent Mark From Roots
[2024-08-27T15:00:45.948+0000][info][gc,task        ] GC(359) Using 17 workers of 17 for marking
[2024-08-27T15:00:45.970+0000][info][gc,marking     ] GC(359) Concurrent Mark From Roots 21.804ms
[2024-08-27T15:00:45.970+0000][info][gc,marking     ] GC(359) Concurrent Preclean
[2024-08-27T15:00:45.971+0000][info][gc,marking     ] GC(359) Concurrent Preclean 0.501ms
[2024-08-27T15:00:45.971+0000][info][gc,start       ] GC(359) Pause Remark
[2024-08-27T15:00:45.973+0000][info][gc             ] GC(359) Pause Remark 905M->905M(1024M) 1.439ms
[2024-08-27T15:00:45.973+0000][info][gc,cpu         ] GC(359) User=0.00s Sys=0.00s Real=0.00s
[2024-08-27T15:00:45.973+0000][info][gc,marking     ] GC(359) Concurrent Mark 24.211ms
[2024-08-27T15:00:45.973+0000][info][gc,marking     ] GC(359) Concurrent Rebuild Remembered Sets
[2024-08-27T15:00:45.976+0000][info][gc,start       ] GC(360) Pause Young (Normal) (G1 Evacuation Pause)
[2024-08-27T15:00:45.976+0000][info][gc,task        ] GC(360) Using 24 workers of 68 for evacuation
[2024-08-27T15:00:45.986+0000][info][gc,phases      ] GC(360)   Pre Evacuate Collection Set: 0.2ms
[2024-08-27T15:00:45.986+0000][info][gc,phases      ] GC(360)   Merge Heap Roots: 0.4ms
[2024-08-27T15:00:45.986+0000][info][gc,phases      ] GC(360)   Evacuate Collection Set: 8.9ms
[2024-08-27T15:00:45.986+0000][info][gc,phases      ] GC(360)   Post Evacuate Collection Set: 0.5ms
[2024-08-27T15:00:45.986+0000][info][gc,phases      ] GC(360)   Other: 0.2ms
[2024-08-27T15:00:45.986+0000][info][gc,heap        ] GC(360) Eden regions: 44->0(44)
[2024-08-27T15:00:45.986+0000][info][gc,heap        ] GC(360) Survivor regions: 7->7(7)
[2024-08-27T15:00:45.986+0000][info][gc,heap        ] GC(360) Old regions: 852->899
[2024-08-27T15:00:45.986+0000][info][gc,heap        ] GC(360) Archive regions: 2->2
[2024-08-27T15:00:45.986+0000][info][gc,heap        ] GC(360) Humongous regions: 5->5
[2024-08-27T15:00:45.986+0000][info][gc,metaspace   ] GC(360) Metaspace: 100K(320K)->100K(320K) NonClass: 96K(192K)->96K(192K) Class: 4K(128K)->4K(128K)
[2024-08-27T15:00:45.986+0000][info][gc             ] GC(360) Pause Young (Normal) (G1 Evacuation Pause) 908M->911M(1024M) 10.219ms
[2024-08-27T15:00:45.986+0000][info][gc,cpu         ] GC(360) User=0.22s Sys=0.00s Real=0.01s
[2024-08-27T15:00:46.006+0000][info][gc,start       ] GC(361) Pause Young (Normal) (G1 Evacuation Pause)
[2024-08-27T15:00:46.006+0000][info][gc,task        ] GC(361) Using 24 workers of 68 for evacuation
[2024-08-27T15:00:46.019+0000][info][gc,phases      ] GC(361)   Pre Evacuate Collection Set: 0.2ms
[2024-08-27T15:00:46.019+0000][info][gc,phases      ] GC(361)   Merge Heap Roots: 0.4ms
[2024-08-27T15:00:46.019+0000][info][gc,phases      ] GC(361)   Evacuate Collection Set: 11.3ms
[2024-08-27T15:00:46.019+0000][info][gc,phases      ] GC(361)   Post Evacuate Collection Set: 0.5ms
[2024-08-27T15:00:46.019+0000][info][gc,phases      ] GC(361)   Other: 0.3ms
[2024-08-27T15:00:46.019+0000][info][gc,heap        ] GC(361) Eden regions: 44->0(44)
[2024-08-27T15:00:46.019+0000][info][gc,heap        ] GC(361) Survivor regions: 7->7(7)
[2024-08-27T15:00:46.019+0000][info][gc,heap        ] GC(361) Old regions: 899->946
[2024-08-27T15:00:46.019+0000][info][gc,heap        ] GC(361) Archive regions: 2->2
[2024-08-27T15:00:46.019+0000][info][gc,heap        ] GC(361) Humongous regions: 5->5
[2024-08-27T15:00:46.019+0000][info][gc,metaspace   ] GC(361) Metaspace: 100K(320K)->100K(320K) NonClass: 96K(192K)->96K(192K) Class: 4K(128K)->4K(128K)
[2024-08-27T15:00:46.019+0000][info][gc             ] GC(361) Pause Young (Normal) (G1 Evacuation Pause) 955M->958M(1024M) 12.747ms
[2024-08-27T15:00:46.019+0000][info][gc,cpu         ] GC(361) User=0.29s Sys=0.00s Real=0.02s
[2024-08-27T15:00:46.032+0000][info][gc,start       ] GC(362) Pause Young (Normal) (G1 Preventive Collection)
[2024-08-27T15:00:46.032+0000][info][gc,task        ] GC(362) Using 24 workers of 68 for evacuation
[2024-08-27T15:00:46.044+0000][info][gc             ] GC(362) To-space exhausted
[2024-08-27T15:00:46.044+0000][info][gc,phases      ] GC(362)   Pre Evacuate Collection Set: 0.1ms
[2024-08-27T15:00:46.044+0000][info][gc,phases      ] GC(362)   Merge Heap Roots: 0.5ms
[2024-08-27T15:00:46.044+0000][info][gc,phases      ] GC(362)   Evacuate Collection Set: 10.2ms
[2024-08-27T15:00:46.044+0000][info][gc,phases      ] GC(362)   Post Evacuate Collection Set: 0.7ms
[2024-08-27T15:00:46.044+0000][info][gc,phases      ] GC(362)   Other: 0.2ms
[2024-08-27T15:00:46.044+0000][info][gc,heap        ] GC(362) Eden regions: 27->0(44)
[2024-08-27T15:00:46.044+0000][info][gc,heap        ] GC(362) Survivor regions: 7->7(7)
[2024-08-27T15:00:46.044+0000][info][gc,heap        ] GC(362) Old regions: 946->980
[2024-08-27T15:00:46.044+0000][info][gc,heap        ] GC(362) Archive regions: 2->2
[2024-08-27T15:00:46.044+0000][info][gc,heap        ] GC(362) Humongous regions: 5->5
[2024-08-27T15:00:46.044+0000][info][gc,metaspace   ] GC(362) Metaspace: 100K(320K)->100K(320K) NonClass: 96K(192K)->96K(192K) Class: 4K(128K)->4K(128K)
[2024-08-27T15:00:46.044+0000][info][gc             ] GC(362) Pause Young (Normal) (G1 Preventive Collection) 985M->992M(1024M) 11.872ms
[2024-08-27T15:00:46.044+0000][info][gc,cpu         ] GC(362) User=0.27s Sys=0.00s Real=0.01s
[2024-08-27T15:00:46.049+0000][info][gc,start       ] GC(363) Pause Young (Normal) (G1 Preventive Collection)
[2024-08-27T15:00:46.049+0000][info][gc,task        ] GC(363) Using 24 workers of 68 for evacuation
[2024-08-27T15:00:46.059+0000][info][gc             ] GC(363) To-space exhausted
[2024-08-27T15:00:46.059+0000][info][gc,phases      ] GC(363)   Pre Evacuate Collection Set: 0.2ms
[2024-08-27T15:00:46.059+0000][info][gc,phases      ] GC(363)   Merge Heap Roots: 0.6ms
[2024-08-27T15:00:46.059+0000][info][gc,phases      ] GC(363)   Evacuate Collection Set: 7.7ms
[2024-08-27T15:00:46.059+0000][info][gc,phases      ] GC(363)   Post Evacuate Collection Set: 0.8ms
[2024-08-27T15:00:46.059+0000][info][gc,phases      ] GC(363)   Other: 0.2ms
[2024-08-27T15:00:46.059+0000][info][gc,heap        ] GC(363) Eden regions: 10->0(44)
[2024-08-27T15:00:46.059+0000][info][gc,heap        ] GC(363) Survivor regions: 7->7(7)
[2024-08-27T15:00:46.059+0000][info][gc,heap        ] GC(363) Old regions: 980->1005
[2024-08-27T15:00:46.059+0000][info][gc,heap        ] GC(363) Archive regions: 2->2
[2024-08-27T15:00:46.059+0000][info][gc,heap        ] GC(363) Humongous regions: 5->5
[2024-08-27T15:00:46.059+0000][info][gc,metaspace   ] GC(363) Metaspace: 100K(320K)->100K(320K) NonClass: 96K(192K)->96K(192K) Class: 4K(128K)->4K(128K)
[2024-08-27T15:00:46.059+0000][info][gc             ] GC(363) Pause Young (Normal) (G1 Preventive Collection) 1002M->1017M(1024M) 9.511ms
[2024-08-27T15:00:46.059+0000][info][gc,cpu         ] GC(363) User=0.20s Sys=0.01s Real=0.02s
[2024-08-27T15:00:46.060+0000][info][gc,start       ] GC(364) Pause Young (Normal) (G1 Preventive Collection)
[2024-08-27T15:00:46.060+0000][info][gc,task        ] GC(364) Using 24 workers of 68 for evacuation
[2024-08-27T15:00:46.067+0000][info][gc             ] GC(364) To-space exhausted
[2024-08-27T15:00:46.067+0000][info][gc,phases      ] GC(364)   Pre Evacuate Collection Set: 0.1ms
[2024-08-27T15:00:46.067+0000][info][gc,phases      ] GC(364)   Merge Heap Roots: 0.6ms
[2024-08-27T15:00:46.067+0000][info][gc,phases      ] GC(364)   Evacuate Collection Set: 5.6ms
[2024-08-27T15:00:46.067+0000][info][gc,phases      ] GC(364)   Post Evacuate Collection Set: 0.8ms
[2024-08-27T15:00:46.067+0000][info][gc,phases      ] GC(364)   Other: 0.1ms
[2024-08-27T15:00:46.067+0000][info][gc,heap        ] GC(364) Eden regions: 1->0(50)
[2024-08-27T15:00:46.067+0000][info][gc,heap        ] GC(364) Survivor regions: 7->1(4)
[2024-08-27T15:00:46.067+0000][info][gc,heap        ] GC(364) Old regions: 1005->1016
[2024-08-27T15:00:46.067+0000][info][gc,heap        ] GC(364) Archive regions: 2->2
[2024-08-27T15:00:46.067+0000][info][gc,heap        ] GC(364) Humongous regions: 5->5
[2024-08-27T15:00:46.067+0000][info][gc,metaspace   ] GC(364) Metaspace: 100K(320K)->100K(320K) NonClass: 96K(192K)->96K(192K) Class: 4K(128K)->4K(128K)
[2024-08-27T15:00:46.067+0000][info][gc             ] GC(364) Pause Young (Normal) (G1 Preventive Collection) 1018M->1022M(1024M) 7.275ms
[2024-08-27T15:00:46.067+0000][info][gc,cpu         ] GC(364) User=0.16s Sys=0.00s Real=0.00s
[2024-08-27T15:00:46.067+0000][info][gc,ergo        ] Attempting full compaction
[2024-08-27T15:00:46.067+0000][info][gc,task        ] GC(365) Using 24 workers of 68 for full compaction
[2024-08-27T15:00:46.067+0000][info][gc,start       ] GC(365) Pause Full (G1 Compaction Pause)
[2024-08-27T15:00:46.068+0000][info][gc,phases,start] GC(365) Phase 1: Mark live objects
[2024-08-27T15:00:46.079+0000][info][gc,phases      ] GC(365) Phase 1: Mark live objects 11.082ms
[2024-08-27T15:00:46.079+0000][info][gc,phases,start] GC(365) Phase 2: Prepare for compaction
[2024-08-27T15:00:46.087+0000][info][gc,phases      ] GC(365) Phase 2: Prepare for compaction 8.165ms
[2024-08-27T15:00:46.087+0000][info][gc,phases,start] GC(365) Phase 3: Adjust pointers
[2024-08-27T15:00:46.098+0000][info][gc,phases      ] GC(365) Phase 3: Adjust pointers 11.078ms
[2024-08-27T15:00:46.098+0000][info][gc,phases,start] GC(365) Phase 4: Compact heap
[2024-08-27T15:00:46.122+0000][info][gc,phases      ] GC(365) Phase 4: Compact heap 23.865ms
[2024-08-27T15:00:46.123+0000][info][gc,heap        ] GC(365) Eden regions: 0->0(150)
[2024-08-27T15:00:46.123+0000][info][gc,heap        ] GC(365) Survivor regions: 1->0(4)
[2024-08-27T15:00:46.123+0000][info][gc,heap        ] GC(365) Old regions: 1016->442
[2024-08-27T15:00:46.123+0000][info][gc,heap        ] GC(365) Archive regions: 2->2
[2024-08-27T15:00:46.123+0000][info][gc,heap        ] GC(365) Humongous regions: 5->5
[2024-08-27T15:00:46.123+0000][info][gc,metaspace   ] GC(365) Metaspace: 100K(320K)->100K(320K) NonClass: 96K(192K)->96K(192K) Class: 4K(128K)->4K(128K)
[2024-08-27T15:00:46.123+0000][info][gc             ] GC(365) Pause Full (G1 Compaction Pause) 1022M->435M(1024M) 56.008ms
[2024-08-27T15:00:46.124+0000][info][gc,cpu         ] GC(365) User=1.18s Sys=0.02s Real=0.06s
[2024-08-27T15:00:46.124+0000][info][gc,marking     ] GC(359) Concurrent Rebuild Remembered Sets 151.157ms
[2024-08-27T15:00:46.124+0000][info][gc,marking     ] GC(359) Concurrent Mark Abort
[2024-08-27T15:00:46.124+0000][info][gc             ] GC(359) Concurrent Mark Cycle 176.887ms
[2024-08-27T15:00:46.196+0000][info][gc,start       ] GC(366) Pause Young (Normal) (G1 Evacuation Pause)
[2024-08-27T15:00:46.196+0000][info][gc,task        ] GC(366) Using 24 workers of 68 for evacuation
[2024-08-27T15:00:46.217+0000][info][gc,phases      ] GC(366)   Pre Evacuate Collection Set: 0.1ms
[2024-08-27T15:00:46.217+0000][info][gc,phases      ] GC(366)   Merge Heap Roots: 0.4ms
[2024-08-27T15:00:46.217+0000][info][gc,phases      ] GC(366)   Evacuate Collection Set: 19.9ms
[2024-08-27T15:00:46.217+0000][info][gc,phases      ] GC(366)   Post Evacuate Collection Set: 0.3ms
[2024-08-27T15:00:46.217+0000][info][gc,phases      ] GC(366)   Other: 0.2ms
[2024-08-27T15:00:46.217+0000][info][gc,heap        ] GC(366) Eden regions: 150->0(103)
[2024-08-27T15:00:46.217+0000][info][gc,heap        ] GC(366) Survivor regions: 0->19(19)
[2024-08-27T15:00:46.217+0000][info][gc,heap        ] GC(366) Old regions: 442->569
[2024-08-27T15:00:46.217+0000][info][gc,heap        ] GC(366) Archive regions: 2->2
[2024-08-27T15:00:46.217+0000][info][gc,heap        ] GC(366) Humongous regions: 5->5
[2024-08-27T15:00:46.217+0000][info][gc,metaspace   ] GC(366) Metaspace: 100K(320K)->100K(320K) NonClass: 96K(192K)->96K(192K) Class: 4K(128K)->4K(128K)
[2024-08-27T15:00:46.217+0000][info][gc             ] GC(366) Pause Young (Normal) (G1 Evacuation Pause) 585M->581M(1024M) 21.011ms
[2024-08-27T15:00:46.217+0000][info][gc,cpu         ] GC(366) User=0.49s Sys=0.00s Real=0.02s
[2024-08-27T15:00:46.266+0000][info][gc,start       ] GC(367) Pause Young (Concurrent Start) (G1 Evacuation Pause)
[2024-08-27T15:00:46.266+0000][info][gc,task        ] GC(367) Using 24 workers of 68 for evacuation
[2024-08-27T15:00:46.285+0000][info][gc,phases      ] GC(367)   Pre Evacuate Collection Set: 0.2ms
[2024-08-27T15:00:46.285+0000][info][gc,phases      ] GC(367)   Merge Heap Roots: 0.4ms
[2024-08-27T15:00:46.285+0000][info][gc,phases      ] GC(367)   Evacuate Collection Set: 17.3ms
[2024-08-27T15:00:46.285+0000][info][gc,phases      ] GC(367)   Post Evacuate Collection Set: 0.3ms
[2024-08-27T15:00:46.285+0000][info][gc,phases      ] GC(367)   Other: 0.6ms
[2024-08-27T15:00:46.285+0000][info][gc,heap        ] GC(367) Eden regions: 103->0(70)
[2024-08-27T15:00:46.285+0000][info][gc,heap        ] GC(367) Survivor regions: 19->16(16)
[2024-08-27T15:00:46.285+0000][info][gc,heap        ] GC(367) Old regions: 569->676
[2024-08-27T15:00:46.285+0000][info][gc,heap        ] GC(367) Archive regions: 2->2
[2024-08-27T15:00:46.285+0000][info][gc,heap        ] GC(367) Humongous regions: 5->5
[2024-08-27T15:00:46.285+0000][info][gc,metaspace   ] GC(367) Metaspace: 100K(320K)->100K(320K) NonClass: 96K(192K)->96K(192K) Class: 4K(128K)->4K(128K)
[2024-08-27T15:00:46.285+0000][info][gc             ] GC(367) Pause Young (Concurrent Start) (G1 Evacuation Pause) 684M->685M(1024M) 18.730ms
[2024-08-27T15:00:46.285+0000][info][gc,cpu         ] GC(367) User=0.42s Sys=0.00s Real=0.02s
[2024-08-27T15:00:46.285+0000][info][gc             ] GC(368) Concurrent Mark Cycle
[2024-08-27T15:00:46.285+0000][info][gc,marking     ] GC(368) Concurrent Clear Claimed Marks
[2024-08-27T15:00:46.285+0000][info][gc,marking     ] GC(368) Concurrent Clear Claimed Marks 0.010ms
[2024-08-27T15:00:46.285+0000][info][gc,marking     ] GC(368) Concurrent Scan Root Regions
[2024-08-27T15:00:46.288+0000][info][gc,marking     ] GC(368) Concurrent Scan Root Regions 3.011ms
[2024-08-27T15:00:46.288+0000][info][gc,marking     ] GC(368) Concurrent Mark
[2024-08-27T15:00:46.288+0000][info][gc,marking     ] GC(368) Concurrent Mark From Roots
[2024-08-27T15:00:46.288+0000][info][gc,task        ] GC(368) Using 17 workers of 17 for marking
[2024-08-27T15:00:46.307+0000][info][gc,marking     ] GC(368) Concurrent Mark From Roots 19.115ms
[2024-08-27T15:00:46.307+0000][info][gc,marking     ] GC(368) Concurrent Preclean
[2024-08-27T15:00:46.309+0000][info][gc,marking     ] GC(368) Concurrent Preclean 1.164ms
[2024-08-27T15:00:46.309+0000][info][gc,start       ] GC(368) Pause Remark
[2024-08-27T15:00:46.310+0000][info][gc             ] GC(368) Pause Remark 725M->725M(1024M) 1.332ms
[2024-08-27T15:00:46.310+0000][info][gc,cpu         ] GC(368) User=0.01s Sys=0.00s Real=0.01s
[2024-08-27T15:00:46.310+0000][info][gc,marking     ] GC(368) Concurrent Mark 22.061ms
[2024-08-27T15:00:46.310+0000][info][gc,marking     ] GC(368) Concurrent Rebuild Remembered Sets
[2024-08-27T15:00:46.325+0000][info][gc,start       ] GC(369) Pause Young (Normal) (G1 Evacuation Pause)
[2024-08-27T15:00:46.325+0000][info][gc,task        ] GC(369) Using 24 workers of 68 for evacuation
[2024-08-27T15:00:46.340+0000][info][gc,phases      ] GC(369)   Pre Evacuate Collection Set: 0.2ms
[2024-08-27T15:00:46.340+0000][info][gc,phases      ] GC(369)   Merge Heap Roots: 0.4ms
[2024-08-27T15:00:46.340+0000][info][gc,phases      ] GC(369)   Evacuate Collection Set: 13.9ms
[2024-08-27T15:00:46.340+0000][info][gc,phases      ] GC(369)   Post Evacuate Collection Set: 0.5ms
[2024-08-27T15:00:46.340+0000][info][gc,phases      ] GC(369)   Other: 0.2ms
[2024-08-27T15:00:46.340+0000][info][gc,heap        ] GC(369) Eden regions: 70->0(46)
[2024-08-27T15:00:46.340+0000][info][gc,heap        ] GC(369) Survivor regions: 16->11(11)
[2024-08-27T15:00:46.340+0000][info][gc,heap        ] GC(369) Old regions: 676->755
[2024-08-27T15:00:46.340+0000][info][gc,heap        ] GC(369) Archive regions: 2->2
[2024-08-27T15:00:46.340+0000][info][gc,heap        ] GC(369) Humongous regions: 5->5
[2024-08-27T15:00:46.340+0000][info][gc,metaspace   ] GC(369) Metaspace: 100K(320K)->100K(320K) NonClass: 96K(192K)->96K(192K) Class: 4K(128K)->4K(128K)
[2024-08-27T15:00:46.340+0000][info][gc             ] GC(369) Pause Young (Normal) (G1 Evacuation Pause) 755M->759M(1024M) 15.152ms
[2024-08-27T15:00:46.340+0000][info][gc,cpu         ] GC(369) User=0.35s Sys=0.00s Real=0.02s
[2024-08-27T15:00:46.361+0000][info][gc,start       ] GC(370) Pause Young (Normal) (G1 Evacuation Pause)
[2024-08-27T15:00:46.361+0000][info][gc,task        ] GC(370) Using 24 workers of 68 for evacuation
[2024-08-27T15:00:46.379+0000][info][gc,phases      ] GC(370)   Pre Evacuate Collection Set: 0.2ms
[2024-08-27T15:00:46.379+0000][info][gc,phases      ] GC(370)   Merge Heap Roots: 0.5ms
[2024-08-27T15:00:46.379+0000][info][gc,phases      ] GC(370)   Evacuate Collection Set: 16.4ms
[2024-08-27T15:00:46.379+0000][info][gc,phases      ] GC(370)   Post Evacuate Collection Set: 0.6ms
[2024-08-27T15:00:46.379+0000][info][gc,phases      ] GC(370)   Other: 0.2ms
[2024-08-27T15:00:46.379+0000][info][gc,heap        ] GC(370) Eden regions: 46->0(43)
[2024-08-27T15:00:46.379+0000][info][gc,heap        ] GC(370) Survivor regions: 11->8(8)
[2024-08-27T15:00:46.379+0000][info][gc,heap        ] GC(370) Old regions: 755->808
[2024-08-27T15:00:46.379+0000][info][gc,heap        ] GC(370) Archive regions: 2->2
[2024-08-27T15:00:46.379+0000][info][gc,heap        ] GC(370) Humongous regions: 5->5
[2024-08-27T15:00:46.379+0000][info][gc,metaspace   ] GC(370) Metaspace: 100K(320K)->100K(320K) NonClass: 96K(192K)->96K(192K) Class: 4K(128K)->4K(128K)
[2024-08-27T15:00:46.379+0000][info][gc             ] GC(370) Pause Young (Normal) (G1 Evacuation Pause) 805M->809M(1024M) 17.946ms
[2024-08-27T15:00:46.379+0000][info][gc,cpu         ] GC(370) User=0.41s Sys=0.00s Real=0.02s
[2024-08-27T15:00:46.388+0000][info][gc,marking     ] GC(368) Concurrent Rebuild Remembered Sets 77.787ms
[2024-08-27T15:00:46.388+0000][info][gc,start       ] GC(368) Pause Cleanup
[2024-08-27T15:00:46.389+0000][info][gc             ] GC(368) Pause Cleanup 824M->824M(1024M) 1.084ms
[2024-08-27T15:00:46.389+0000][info][gc,cpu         ] GC(368) User=0.01s Sys=0.00s Real=0.01s
[2024-08-27T15:00:46.390+0000][info][gc,marking     ] GC(368) Concurrent Cleanup for Next Mark
[2024-08-27T15:00:46.390+0000][info][gc,marking     ] GC(368) Concurrent Cleanup for Next Mark 0.650ms
[2024-08-27T15:00:46.390+0000][info][gc             ] GC(368) Concurrent Mark Cycle 105.109ms
[2024-08-27T15:00:46.405+0000][info][gc,start       ] GC(371) Pause Young (Prepare Mixed) (G1 Evacuation Pause)
[2024-08-27T15:00:46.405+0000][info][gc,task        ] GC(371) Using 24 workers of 68 for evacuation
[2024-08-27T15:00:46.422+0000][info][gc,phases      ] GC(371)   Pre Evacuate Collection Set: 0.2ms
[2024-08-27T15:00:46.422+0000][info][gc,phases      ] GC(371)   Merge Heap Roots: 0.4ms
[2024-08-27T15:00:46.422+0000][info][gc,phases      ] GC(371)   Evacuate Collection Set: 15.8ms
[2024-08-27T15:00:46.422+0000][info][gc,phases      ] GC(371)   Post Evacuate Collection Set: 0.3ms
[2024-08-27T15:00:46.422+0000][info][gc,phases      ] GC(371)   Other: 0.2ms
[2024-08-27T15:00:46.422+0000][info][gc,heap        ] GC(371) Eden regions: 43->0(44)
[2024-08-27T15:00:46.422+0000][info][gc,heap        ] GC(371) Survivor regions: 8->7(7)
[2024-08-27T15:00:46.422+0000][info][gc,heap        ] GC(371) Old regions: 808->856
[2024-08-27T15:00:46.422+0000][info][gc,heap        ] GC(371) Archive regions: 2->2
[2024-08-27T15:00:46.422+0000][info][gc,heap        ] GC(371) Humongous regions: 5->5
[2024-08-27T15:00:46.422+0000][info][gc,metaspace   ] GC(371) Metaspace: 100K(320K)->100K(320K) NonClass: 96K(192K)->96K(192K) Class: 4K(128K)->4K(128K)
[2024-08-27T15:00:46.422+0000][info][gc             ] GC(371) Pause Young (Prepare Mixed) (G1 Evacuation Pause) 852M->856M(1024M) 17.011ms
[2024-08-27T15:00:46.422+0000][info][gc,cpu         ] GC(371) User=0.39s Sys=0.00s Real=0.02s
[2024-08-27T15:00:46.452+0000][info][gc,start       ] GC(372) Pause Young (Mixed) (G1 Evacuation Pause)
[2024-08-27T15:00:46.452+0000][info][gc,task        ] GC(372) Using 24 workers of 68 for evacuation
[2024-08-27T15:00:46.464+0000][info][gc,phases      ] GC(372)   Pre Evacuate Collection Set: 0.2ms
[2024-08-27T15:00:46.464+0000][info][gc,phases      ] GC(372)   Merge Heap Roots: 0.4ms
[2024-08-27T15:00:46.464+0000][info][gc,phases      ] GC(372)   Evacuate Collection Set: 11.1ms
[2024-08-27T15:00:46.464+0000][info][gc,phases      ] GC(372)   Post Evacuate Collection Set: 0.4ms
[2024-08-27T15:00:46.464+0000][info][gc,phases      ] GC(372)   Other: 0.2ms
[2024-08-27T15:00:46.464+0000][info][gc,heap        ] GC(372) Eden regions: 44->0(44)
[2024-08-27T15:00:46.464+0000][info][gc,heap        ] GC(372) Survivor regions: 7->7(7)
[2024-08-27T15:00:46.464+0000][info][gc,heap        ] GC(372) Old regions: 856->800
[2024-08-27T15:00:46.464+0000][info][gc,heap        ] GC(372) Archive regions: 2->2
[2024-08-27T15:00:46.464+0000][info][gc,heap        ] GC(372) Humongous regions: 5->5
[2024-08-27T15:00:46.464+0000][info][gc,metaspace   ] GC(372) Metaspace: 100K(320K)->100K(320K) NonClass: 96K(192K)->96K(192K) Class: 4K(128K)->4K(128K)
[2024-08-27T15:00:46.464+0000][info][gc             ] GC(372) Pause Young (Mixed) (G1 Evacuation Pause) 900M->801M(1024M) 12.336ms
[2024-08-27T15:00:46.465+0000][info][gc,cpu         ] GC(372) User=0.22s Sys=0.05s Real=0.01s
[2024-08-27T15:00:46.491+0000][info][gc,start       ] GC(373) Pause Young (Mixed) (G1 Evacuation Pause)
[2024-08-27T15:00:46.491+0000][info][gc,task        ] GC(373) Using 24 workers of 68 for evacuation
[2024-08-27T15:00:46.501+0000][info][gc,phases      ] GC(373)   Pre Evacuate Collection Set: 0.2ms
[2024-08-27T15:00:46.501+0000][info][gc,phases      ] GC(373)   Merge Heap Roots: 0.3ms
[2024-08-27T15:00:46.501+0000][info][gc,phases      ] GC(373)   Evacuate Collection Set: 8.5ms
[2024-08-27T15:00:46.501+0000][info][gc,phases      ] GC(373)   Post Evacuate Collection Set: 0.4ms
[2024-08-27T15:00:46.501+0000][info][gc,phases      ] GC(373)   Other: 0.2ms
[2024-08-27T15:00:46.501+0000][info][gc,heap        ] GC(373) Eden regions: 44->0(47)
[2024-08-27T15:00:46.501+0000][info][gc,heap        ] GC(373) Survivor regions: 7->7(7)
[2024-08-27T15:00:46.501+0000][info][gc,heap        ] GC(373) Old regions: 800->756
[2024-08-27T15:00:46.501+0000][info][gc,heap        ] GC(373) Archive regions: 2->2
[2024-08-27T15:00:46.501+0000][info][gc,heap        ] GC(373) Humongous regions: 5->5
[2024-08-27T15:00:46.501+0000][info][gc,metaspace   ] GC(373) Metaspace: 100K(320K)->100K(320K) NonClass: 96K(192K)->96K(192K) Class: 4K(128K)->4K(128K)
[2024-08-27T15:00:46.501+0000][info][gc             ] GC(373) Pause Young (Mixed) (G1 Evacuation Pause) 845M->760M(1024M) 9.644ms
[2024-08-27T15:00:46.501+0000][info][gc,cpu         ] GC(373) User=0.21s Sys=0.01s Real=0.01s
[2024-08-27T15:00:46.529+0000][info][gc,start       ] GC(374) Pause Young (Concurrent Start) (G1 Evacuation Pause)
[2024-08-27T15:00:46.529+0000][info][gc,task        ] GC(374) Using 24 workers of 68 for evacuation
[2024-08-27T15:00:46.538+0000][info][gc,phases      ] GC(374)   Pre Evacuate Collection Set: 0.2ms
[2024-08-27T15:00:46.538+0000][info][gc,phases      ] GC(374)   Merge Heap Roots: 0.3ms
[2024-08-27T15:00:46.538+0000][info][gc,phases      ] GC(374)   Evacuate Collection Set: 8.1ms
[2024-08-27T15:00:46.538+0000][info][gc,phases      ] GC(374)   Post Evacuate Collection Set: 0.4ms
[2024-08-27T15:00:46.538+0000][info][gc,phases      ] GC(374)   Other: 0.7ms
[2024-08-27T15:00:46.538+0000][info][gc,heap        ] GC(374) Eden regions: 47->0(44)
[2024-08-27T15:00:46.538+0000][info][gc,heap        ] GC(374) Survivor regions: 7->7(7)
[2024-08-27T15:00:46.539+0000][info][gc,heap        ] GC(374) Old regions: 756->806
[2024-08-27T15:00:46.539+0000][info][gc,heap        ] GC(374) Archive regions: 2->2
[2024-08-27T15:00:46.539+0000][info][gc,heap        ] GC(374) Humongous regions: 5->5
[2024-08-27T15:00:46.539+0000][info][gc,metaspace   ] GC(374) Metaspace: 100K(320K)->100K(320K) NonClass: 96K(192K)->96K(192K) Class: 4K(128K)->4K(128K)
[2024-08-27T15:00:46.539+0000][info][gc             ] GC(374) Pause Young (Concurrent Start) (G1 Evacuation Pause) 807M->810M(1024M) 9.825ms
[2024-08-27T15:00:46.539+0000][info][gc,cpu         ] GC(374) User=0.20s Sys=0.00s Real=0.02s
[2024-08-27T15:00:46.539+0000][info][gc             ] GC(375) Concurrent Mark Cycle
[2024-08-27T15:00:46.539+0000][info][gc,marking     ] GC(375) Concurrent Clear Claimed Marks
[2024-08-27T15:00:46.539+0000][info][gc,marking     ] GC(375) Concurrent Clear Claimed Marks 0.015ms
[2024-08-27T15:00:46.539+0000][info][gc,marking     ] GC(375) Concurrent Scan Root Regions
[2024-08-27T15:00:46.540+0000][info][gc,marking     ] GC(375) Concurrent Scan Root Regions 1.677ms
[2024-08-27T15:00:46.540+0000][info][gc,marking     ] GC(375) Concurrent Mark
[2024-08-27T15:00:46.540+0000][info][gc,marking     ] GC(375) Concurrent Mark From Roots
[2024-08-27T15:00:46.540+0000][info][gc,task        ] GC(375) Using 17 workers of 17 for marking
[2024-08-27T15:00:46.562+0000][info][gc,marking     ] GC(375) Concurrent Mark From Roots 21.739ms
[2024-08-27T15:00:46.562+0000][info][gc,marking     ] GC(375) Concurrent Preclean
[2024-08-27T15:00:46.563+0000][info][gc,marking     ] GC(375) Concurrent Preclean 0.500ms
[2024-08-27T15:00:46.563+0000][info][gc,start       ] GC(375) Pause Remark
[2024-08-27T15:00:46.564+0000][info][gc             ] GC(375) Pause Remark 848M->848M(1024M) 1.207ms
[2024-08-27T15:00:46.564+0000][info][gc,cpu         ] GC(375) User=0.01s Sys=0.00s Real=0.00s
[2024-08-27T15:00:46.564+0000][info][gc,marking     ] GC(375) Concurrent Mark 23.781ms
[2024-08-27T15:00:46.564+0000][info][gc,marking     ] GC(375) Concurrent Rebuild Remembered Sets
[2024-08-27T15:00:46.567+0000][info][gc,start       ] GC(376) Pause Young (Normal) (G1 Evacuation Pause)
[2024-08-27T15:00:46.567+0000][info][gc,task        ] GC(376) Using 24 workers of 68 for evacuation
[2024-08-27T15:00:46.576+0000][info][gc,phases      ] GC(376)   Pre Evacuate Collection Set: 0.2ms
[2024-08-27T15:00:46.576+0000][info][gc,phases      ] GC(376)   Merge Heap Roots: 0.4ms
[2024-08-27T15:00:46.576+0000][info][gc,phases      ] GC(376)   Evacuate Collection Set: 7.1ms
[2024-08-27T15:00:46.576+0000][info][gc,phases      ] GC(376)   Post Evacuate Collection Set: 0.4ms
[2024-08-27T15:00:46.576+0000][info][gc,phases      ] GC(376)   Other: 0.2ms
[2024-08-27T15:00:46.576+0000][info][gc,heap        ] GC(376) Eden regions: 44->0(44)
[2024-08-27T15:00:46.576+0000][info][gc,heap        ] GC(376) Survivor regions: 7->7(7)
[2024-08-27T15:00:46.576+0000][info][gc,heap        ] GC(376) Old regions: 806->852
[2024-08-27T15:00:46.576+0000][info][gc,heap        ] GC(376) Archive regions: 2->2
[2024-08-27T15:00:46.576+0000][info][gc,heap        ] GC(376) Humongous regions: 5->5
[2024-08-27T15:00:46.576+0000][info][gc,metaspace   ] GC(376) Metaspace: 100K(320K)->100K(320K) NonClass: 96K(192K)->96K(192K) Class: 4K(128K)->4K(128K)
[2024-08-27T15:00:46.576+0000][info][gc             ] GC(376) Pause Young (Normal) (G1 Evacuation Pause) 854M->857M(1024M) 8.332ms
[2024-08-27T15:00:46.576+0000][info][gc,cpu         ] GC(376) User=0.18s Sys=0.00s Real=0.01s
[2024-08-27T15:00:46.597+0000][info][gc,start       ] GC(377) Pause Young (Normal) (G1 Evacuation Pause)
[2024-08-27T15:00:46.597+0000][info][gc,task        ] GC(377) Using 24 workers of 68 for evacuation
[2024-08-27T15:00:46.609+0000][info][gc,phases      ] GC(377)   Pre Evacuate Collection Set: 0.1ms
[2024-08-27T15:00:46.609+0000][info][gc,phases      ] GC(377)   Merge Heap Roots: 0.3ms
[2024-08-27T15:00:46.609+0000][info][gc,phases      ] GC(377)   Evacuate Collection Set: 11.0ms
[2024-08-27T15:00:46.609+0000][info][gc,phases      ] GC(377)   Post Evacuate Collection Set: 0.5ms
[2024-08-27T15:00:46.609+0000][info][gc,phases      ] GC(377)   Other: 0.2ms
[2024-08-27T15:00:46.609+0000][info][gc,heap        ] GC(377) Eden regions: 44->0(44)
[2024-08-27T15:00:46.609+0000][info][gc,heap        ] GC(377) Survivor regions: 7->7(7)
[2024-08-27T15:00:46.609+0000][info][gc,heap        ] GC(377) Old regions: 852->899
[2024-08-27T15:00:46.609+0000][info][gc,heap        ] GC(377) Archive regions: 2->2
[2024-08-27T15:00:46.609+0000][info][gc,heap        ] GC(377) Humongous regions: 5->5
[2024-08-27T15:00:46.609+0000][info][gc,metaspace   ] GC(377) Metaspace: 100K(320K)->100K(320K) NonClass: 96K(192K)->96K(192K) Class: 4K(128K)->4K(128K)
[2024-08-27T15:00:46.609+0000][info][gc             ] GC(377) Pause Young (Normal) (G1 Evacuation Pause) 901M->903M(1024M) 12.218ms
[2024-08-27T15:00:46.609+0000][info][gc,cpu         ] GC(377) User=0.27s Sys=0.01s Real=0.01s
[2024-08-27T15:00:46.630+0000][info][gc,start       ] GC(378) Pause Young (Normal) (G1 Evacuation Pause)
[2024-08-27T15:00:46.630+0000][info][gc,task        ] GC(378) Using 24 workers of 68 for evacuation
[2024-08-27T15:00:46.644+0000][info][gc,phases      ] GC(378)   Pre Evacuate Collection Set: 0.1ms
[2024-08-27T15:00:46.644+0000][info][gc,phases      ] GC(378)   Merge Heap Roots: 0.5ms
[2024-08-27T15:00:46.644+0000][info][gc,phases      ] GC(378)   Evacuate Collection Set: 12.8ms
[2024-08-27T15:00:46.644+0000][info][gc,phases      ] GC(378)   Post Evacuate Collection Set: 0.6ms
[2024-08-27T15:00:46.644+0000][info][gc,phases      ] GC(378)   Other: 0.2ms
[2024-08-27T15:00:46.644+0000][info][gc,heap        ] GC(378) Eden regions: 44->0(44)
[2024-08-27T15:00:46.644+0000][info][gc,heap        ] GC(378) Survivor regions: 7->7(7)
[2024-08-27T15:00:46.644+0000][info][gc,heap        ] GC(378) Old regions: 899->945
[2024-08-27T15:00:46.644+0000][info][gc,heap        ] GC(378) Archive regions: 2->2
[2024-08-27T15:00:46.644+0000][info][gc,heap        ] GC(378) Humongous regions: 5->5
[2024-08-27T15:00:46.644+0000][info][gc,metaspace   ] GC(378) Metaspace: 100K(320K)->100K(320K) NonClass: 96K(192K)->96K(192K) Class: 4K(128K)->4K(128K)
[2024-08-27T15:00:46.644+0000][info][gc             ] GC(378) Pause Young (Normal) (G1 Evacuation Pause) 947M->950M(1024M) 14.292ms
[2024-08-27T15:00:46.644+0000][info][gc,cpu         ] GC(378) User=0.33s Sys=0.00s Real=0.01s
[2024-08-27T15:00:46.645+0000][info][gc,marking     ] GC(375) Concurrent Rebuild Remembered Sets 81.008ms
[2024-08-27T15:00:46.645+0000][info][gc,start       ] GC(375) Pause Cleanup
[2024-08-27T15:00:46.647+0000][info][gc             ] GC(375) Pause Cleanup 952M->952M(1024M) 1.548ms
[2024-08-27T15:00:46.647+0000][info][gc,cpu         ] GC(375) User=0.00s Sys=0.00s Real=0.00s
[2024-08-27T15:00:46.647+0000][info][gc,marking     ] GC(375) Concurrent Cleanup for Next Mark
[2024-08-27T15:00:46.648+0000][info][gc,marking     ] GC(375) Concurrent Cleanup for Next Mark 0.593ms
[2024-08-27T15:00:46.648+0000][info][gc             ] GC(375) Concurrent Mark Cycle 109.010ms
[2024-08-27T15:00:46.659+0000][info][gc,start       ] GC(379) Pause Young (Prepare Mixed) (G1 Preventive Collection)
[2024-08-27T15:00:46.659+0000][info][gc,task        ] GC(379) Using 24 workers of 68 for evacuation
[2024-08-27T15:00:46.674+0000][info][gc,phases      ] GC(379)   Pre Evacuate Collection Set: 0.2ms
[2024-08-27T15:00:46.674+0000][info][gc,phases      ] GC(379)   Merge Heap Roots: 0.6ms
[2024-08-27T15:00:46.674+0000][info][gc,phases      ] GC(379)   Evacuate Collection Set: 13.0ms
[2024-08-27T15:00:46.674+0000][info][gc,phases      ] GC(379)   Post Evacuate Collection Set: 0.3ms
[2024-08-27T15:00:46.674+0000][info][gc,phases      ] GC(379)   Other: 0.2ms
[2024-08-27T15:00:46.674+0000][info][gc,heap        ] GC(379) Eden regions: 27->0(44)
[2024-08-27T15:00:46.674+0000][info][gc,heap        ] GC(379) Survivor regions: 7->7(7)
[2024-08-27T15:00:46.674+0000][info][gc,heap        ] GC(379) Old regions: 945->976
[2024-08-27T15:00:46.674+0000][info][gc,heap        ] GC(379) Archive regions: 2->2
[2024-08-27T15:00:46.674+0000][info][gc,heap        ] GC(379) Humongous regions: 5->5
[2024-08-27T15:00:46.674+0000][info][gc,metaspace   ] GC(379) Metaspace: 100K(320K)->100K(320K) NonClass: 96K(192K)->96K(192K) Class: 4K(128K)->4K(128K)
[2024-08-27T15:00:46.674+0000][info][gc             ] GC(379) Pause Young (Prepare Mixed) (G1 Preventive Collection) 977M->980M(1024M) 14.349ms
[2024-08-27T15:00:46.674+0000][info][gc,cpu         ] GC(379) User=0.32s Sys=0.00s Real=0.01s
[2024-08-27T15:00:46.680+0000][info][gc,start       ] GC(380) Pause Young (Mixed) (G1 Preventive Collection)
[2024-08-27T15:00:46.680+0000][info][gc,task        ] GC(380) Using 24 workers of 68 for evacuation
[2024-08-27T15:00:46.685+0000][info][gc,phases      ] GC(380)   Pre Evacuate Collection Set: 0.2ms
[2024-08-27T15:00:46.685+0000][info][gc,phases      ] GC(380)   Merge Heap Roots: 0.2ms
[2024-08-27T15:00:46.685+0000][info][gc,phases      ] GC(380)   Evacuate Collection Set: 4.4ms
[2024-08-27T15:00:46.685+0000][info][gc,phases      ] GC(380)   Post Evacuate Collection Set: 0.3ms
[2024-08-27T15:00:46.685+0000][info][gc,phases      ] GC(380)   Other: 0.1ms
[2024-08-27T15:00:46.685+0000][info][gc,heap        ] GC(380) Eden regions: 12->0(44)
[2024-08-27T15:00:46.685+0000][info][gc,heap        ] GC(380) Survivor regions: 7->7(7)
[2024-08-27T15:00:46.685+0000][info][gc,heap        ] GC(380) Old regions: 976->887
[2024-08-27T15:00:46.685+0000][info][gc,heap        ] GC(380) Archive regions: 2->2
[2024-08-27T15:00:46.685+0000][info][gc,heap        ] GC(380) Humongous regions: 5->5
[2024-08-27T15:00:46.685+0000][info][gc,metaspace   ] GC(380) Metaspace: 100K(320K)->100K(320K) NonClass: 96K(192K)->96K(192K) Class: 4K(128K)->4K(128K)
[2024-08-27T15:00:46.685+0000][info][gc             ] GC(380) Pause Young (Mixed) (G1 Preventive Collection) 992M->897M(1024M) 5.266ms
[2024-08-27T15:00:46.685+0000][info][gc,cpu         ] GC(380) User=0.11s Sys=0.01s Real=0.00s
[2024-08-27T15:00:46.707+0000][info][gc,start       ] GC(381) Pause Young (Mixed) (G1 Evacuation Pause)
[2024-08-27T15:00:46.707+0000][info][gc,task        ] GC(381) Using 24 workers of 68 for evacuation
[2024-08-27T15:00:46.716+0000][info][gc,phases      ] GC(381)   Pre Evacuate Collection Set: 0.2ms
[2024-08-27T15:00:46.716+0000][info][gc,phases      ] GC(381)   Merge Heap Roots: 0.4ms
[2024-08-27T15:00:46.716+0000][info][gc,phases      ] GC(381)   Evacuate Collection Set: 7.4ms
[2024-08-27T15:00:46.716+0000][info][gc,phases      ] GC(381)   Post Evacuate Collection Set: 0.4ms
[2024-08-27T15:00:46.716+0000][info][gc,phases      ] GC(381)   Other: 0.2ms
[2024-08-27T15:00:46.716+0000][info][gc,heap        ] GC(381) Eden regions: 44->0(44)
[2024-08-27T15:00:46.716+0000][info][gc,heap        ] GC(381) Survivor regions: 7->7(7)
[2024-08-27T15:00:46.716+0000][info][gc,heap        ] GC(381) Old regions: 887->828
[2024-08-27T15:00:46.716+0000][info][gc,heap        ] GC(381) Archive regions: 2->2
[2024-08-27T15:00:46.716+0000][info][gc,heap        ] GC(381) Humongous regions: 5->5
[2024-08-27T15:00:46.716+0000][info][gc,metaspace   ] GC(381) Metaspace: 100K(320K)->100K(320K) NonClass: 96K(192K)->96K(192K) Class: 4K(128K)->4K(128K)
[2024-08-27T15:00:46.716+0000][info][gc             ] GC(381) Pause Young (Mixed) (G1 Evacuation Pause) 941M->840M(1024M) 8.680ms
[2024-08-27T15:00:46.716+0000][info][gc,cpu         ] GC(381) User=0.19s Sys=0.00s Real=0.01s
[2024-08-27T15:00:46.735+0000][info][gc,start       ] GC(382) Pause Young (Mixed) (G1 Evacuation Pause)
[2024-08-27T15:00:46.735+0000][info][gc,task        ] GC(382) Using 24 workers of 68 for evacuation
[2024-08-27T15:00:46.751+0000][info][gc,phases      ] GC(382)   Pre Evacuate Collection Set: 0.2ms
[2024-08-27T15:00:46.752+0000][info][gc,phases      ] GC(382)   Merge Heap Roots: 0.3ms
[2024-08-27T15:00:46.752+0000][info][gc,phases      ] GC(382)   Evacuate Collection Set: 9.5ms
[2024-08-27T15:00:46.752+0000][info][gc,phases      ] GC(382)   Post Evacuate Collection Set: 0.4ms
[2024-08-27T15:00:46.752+0000][info][gc,phases      ] GC(382)   Other: 6.3ms
[2024-08-27T15:00:46.752+0000][info][gc,heap        ] GC(382) Eden regions: 44->0(44)
[2024-08-27T15:00:46.752+0000][info][gc,heap        ] GC(382) Survivor regions: 7->7(7)
[2024-08-27T15:00:46.752+0000][info][gc,heap        ] GC(382) Old regions: 828->789
[2024-08-27T15:00:46.752+0000][info][gc,heap        ] GC(382) Archive regions: 2->2
[2024-08-27T15:00:46.752+0000][info][gc,heap        ] GC(382) Humongous regions: 5->5
[2024-08-27T15:00:46.752+0000][info][gc,metaspace   ] GC(382) Metaspace: 100K(320K)->100K(320K) NonClass: 96K(192K)->96K(192K) Class: 4K(128K)->4K(128K)
[2024-08-27T15:00:46.752+0000][info][gc             ] GC(382) Pause Young (Mixed) (G1 Evacuation Pause) 884M->801M(1024M) 16.840ms
[2024-08-27T15:00:46.752+0000][info][gc,cpu         ] GC(382) User=0.23s Sys=0.01s Real=0.02s
[2024-08-27T15:00:46.780+0000][info][gc,start       ] GC(383) Pause Young (Mixed) (G1 Evacuation Pause)
[2024-08-27T15:00:46.780+0000][info][gc,task        ] GC(383) Using 24 workers of 68 for evacuation
[2024-08-27T15:00:46.792+0000][info][gc,phases      ] GC(383)   Pre Evacuate Collection Set: 0.3ms
[2024-08-27T15:00:46.792+0000][info][gc,phases      ] GC(383)   Merge Heap Roots: 0.4ms
[2024-08-27T15:00:46.792+0000][info][gc,phases      ] GC(383)   Evacuate Collection Set: 10.7ms
[2024-08-27T15:00:46.792+0000][info][gc,phases      ] GC(383)   Post Evacuate Collection Set: 0.3ms
[2024-08-27T15:00:46.792+0000][info][gc,phases      ] GC(383)   Other: 0.3ms
[2024-08-27T15:00:46.792+0000][info][gc,heap        ] GC(383) Eden regions: 44->0(44)
[2024-08-27T15:00:46.792+0000][info][gc,heap        ] GC(383) Survivor regions: 7->7(7)
[2024-08-27T15:00:46.792+0000][info][gc,heap        ] GC(383) Old regions: 789->810
[2024-08-27T15:00:46.792+0000][info][gc,heap        ] GC(383) Archive regions: 2->2
[2024-08-27T15:00:46.792+0000][info][gc,heap        ] GC(383) Humongous regions: 5->5
[2024-08-27T15:00:46.792+0000][info][gc,metaspace   ] GC(383) Metaspace: 100K(320K)->100K(320K) NonClass: 96K(192K)->96K(192K) Class: 4K(128K)->4K(128K)
[2024-08-27T15:00:46.792+0000][info][gc             ] GC(383) Pause Young (Mixed) (G1 Evacuation Pause) 845M->822M(1024M) 11.991ms
[2024-08-27T15:00:46.792+0000][info][gc,cpu         ] GC(383) User=0.27s Sys=0.00s Real=0.01s
[2024-08-27T15:00:46.820+0000][info][gc,start       ] GC(384) Pause Young (Concurrent Start) (G1 Evacuation Pause)
[2024-08-27T15:00:46.820+0000][info][gc,task        ] GC(384) Using 24 workers of 68 for evacuation
[2024-08-27T15:00:46.831+0000][info][gc,phases      ] GC(384)   Pre Evacuate Collection Set: 0.2ms
[2024-08-27T15:00:46.831+0000][info][gc,phases      ] GC(384)   Merge Heap Roots: 0.4ms
[2024-08-27T15:00:46.831+0000][info][gc,phases      ] GC(384)   Evacuate Collection Set: 8.8ms
[2024-08-27T15:00:46.831+0000][info][gc,phases      ] GC(384)   Post Evacuate Collection Set: 0.3ms
[2024-08-27T15:00:46.831+0000][info][gc,phases      ] GC(384)   Other: 0.6ms
[2024-08-27T15:00:46.831+0000][info][gc,heap        ] GC(384) Eden regions: 44->0(44)
[2024-08-27T15:00:46.831+0000][info][gc,heap        ] GC(384) Survivor regions: 7->7(7)
[2024-08-27T15:00:46.831+0000][info][gc,heap        ] GC(384) Old regions: 810->858
[2024-08-27T15:00:46.831+0000][info][gc,heap        ] GC(384) Archive regions: 2->2
[2024-08-27T15:00:46.831+0000][info][gc,heap        ] GC(384) Humongous regions: 5->5
[2024-08-27T15:00:46.831+0000][info][gc,metaspace   ] GC(384) Metaspace: 100K(320K)->100K(320K) NonClass: 96K(192K)->96K(192K) Class: 4K(128K)->4K(128K)
[2024-08-27T15:00:46.831+0000][info][gc             ] GC(384) Pause Young (Concurrent Start) (G1 Evacuation Pause) 866M->870M(1024M) 10.298ms
[2024-08-27T15:00:46.831+0000][info][gc,cpu         ] GC(384) User=0.22s Sys=0.01s Real=0.01s
[2024-08-27T15:00:46.831+0000][info][gc             ] GC(385) Concurrent Mark Cycle
[2024-08-27T15:00:46.831+0000][info][gc,marking     ] GC(385) Concurrent Clear Claimed Marks
[2024-08-27T15:00:46.831+0000][info][gc,marking     ] GC(385) Concurrent Clear Claimed Marks 0.014ms
[2024-08-27T15:00:46.831+0000][info][gc,marking     ] GC(385) Concurrent Scan Root Regions
[2024-08-27T15:00:46.832+0000][info][gc,marking     ] GC(385) Concurrent Scan Root Regions 1.399ms
[2024-08-27T15:00:46.832+0000][info][gc,marking     ] GC(385) Concurrent Mark
[2024-08-27T15:00:46.832+0000][info][gc,marking     ] GC(385) Concurrent Mark From Roots
[2024-08-27T15:00:46.832+0000][info][gc,task        ] GC(385) Using 17 workers of 17 for marking
[2024-08-27T15:00:46.854+0000][info][gc,marking     ] GC(385) Concurrent Mark From Roots 22.113ms
[2024-08-27T15:00:46.854+0000][info][gc,marking     ] GC(385) Concurrent Preclean
[2024-08-27T15:00:46.855+0000][info][gc,marking     ] GC(385) Concurrent Preclean 0.501ms
[2024-08-27T15:00:46.855+0000][info][gc,start       ] GC(385) Pause Remark
[2024-08-27T15:00:46.857+0000][info][gc             ] GC(385) Pause Remark 900M->900M(1024M) 1.375ms
[2024-08-27T15:00:46.857+0000][info][gc,cpu         ] GC(385) User=0.01s Sys=0.00s Real=0.00s
[2024-08-27T15:00:46.857+0000][info][gc,marking     ] GC(385) Concurrent Mark 24.509ms
[2024-08-27T15:00:46.857+0000][info][gc,marking     ] GC(385) Concurrent Rebuild Remembered Sets
[2024-08-27T15:00:46.865+0000][info][gc,start       ] GC(386) Pause Young (Normal) (G1 Evacuation Pause)
[2024-08-27T15:00:46.865+0000][info][gc,task        ] GC(386) Using 24 workers of 68 for evacuation
[2024-08-27T15:00:46.875+0000][info][gc,phases      ] GC(386)   Pre Evacuate Collection Set: 0.2ms
[2024-08-27T15:00:46.875+0000][info][gc,phases      ] GC(386)   Merge Heap Roots: 0.4ms
[2024-08-27T15:00:46.875+0000][info][gc,phases      ] GC(386)   Evacuate Collection Set: 8.3ms
[2024-08-27T15:00:46.875+0000][info][gc,phases      ] GC(386)   Post Evacuate Collection Set: 0.4ms
[2024-08-27T15:00:46.875+0000][info][gc,phases      ] GC(386)   Other: 0.3ms
[2024-08-27T15:00:46.875+0000][info][gc,heap        ] GC(386) Eden regions: 44->0(44)
[2024-08-27T15:00:46.875+0000][info][gc,heap        ] GC(386) Survivor regions: 7->7(7)
[2024-08-27T15:00:46.875+0000][info][gc,heap        ] GC(386) Old regions: 858->904
[2024-08-27T15:00:46.875+0000][info][gc,heap        ] GC(386) Archive regions: 2->2
[2024-08-27T15:00:46.875+0000][info][gc,heap        ] GC(386) Humongous regions: 5->5
[2024-08-27T15:00:46.875+0000][info][gc,metaspace   ] GC(386) Metaspace: 100K(320K)->100K(320K) NonClass: 96K(192K)->96K(192K) Class: 4K(128K)->4K(128K)
[2024-08-27T15:00:46.875+0000][info][gc             ] GC(386) Pause Young (Normal) (G1 Evacuation Pause) 914M->916M(1024M) 9.694ms
[2024-08-27T15:00:46.875+0000][info][gc,cpu         ] GC(386) User=0.21s Sys=0.01s Real=0.01s
[2024-08-27T15:00:46.902+0000][info][gc,start       ] GC(387) Pause Young (Normal) (G1 Evacuation Pause)
[2024-08-27T15:00:46.902+0000][info][gc,task        ] GC(387) Using 24 workers of 68 for evacuation
[2024-08-27T15:00:46.915+0000][info][gc,phases      ] GC(387)   Pre Evacuate Collection Set: 0.2ms
[2024-08-27T15:00:46.915+0000][info][gc,phases      ] GC(387)   Merge Heap Roots: 0.5ms
[2024-08-27T15:00:46.915+0000][info][gc,phases      ] GC(387)   Evacuate Collection Set: 11.3ms
[2024-08-27T15:00:46.915+0000][info][gc,phases      ] GC(387)   Post Evacuate Collection Set: 0.6ms
[2024-08-27T15:00:46.915+0000][info][gc,phases      ] GC(387)   Other: 0.3ms
[2024-08-27T15:00:46.915+0000][info][gc,heap        ] GC(387) Eden regions: 44->0(44)
[2024-08-27T15:00:46.915+0000][info][gc,heap        ] GC(387) Survivor regions: 7->7(7)
[2024-08-27T15:00:46.915+0000][info][gc,heap        ] GC(387) Old regions: 904->951
[2024-08-27T15:00:46.915+0000][info][gc,heap        ] GC(387) Archive regions: 2->2
[2024-08-27T15:00:46.915+0000][info][gc,heap        ] GC(387) Humongous regions: 5->5
[2024-08-27T15:00:46.915+0000][info][gc,metaspace   ] GC(387) Metaspace: 100K(320K)->100K(320K) NonClass: 96K(192K)->96K(192K) Class: 4K(128K)->4K(128K)
[2024-08-27T15:00:46.915+0000][info][gc             ] GC(387) Pause Young (Normal) (G1 Evacuation Pause) 960M->963M(1024M) 12.918ms
[2024-08-27T15:00:46.915+0000][info][gc,cpu         ] GC(387) User=0.27s Sys=0.01s Real=0.01s
[2024-08-27T15:00:46.928+0000][info][gc,marking     ] GC(385) Concurrent Rebuild Remembered Sets 71.180ms
[2024-08-27T15:00:46.928+0000][info][gc,start       ] GC(385) Pause Cleanup
[2024-08-27T15:00:46.930+0000][info][gc             ] GC(385) Pause Cleanup 983M->983M(1024M) 1.679ms
[2024-08-27T15:00:46.930+0000][info][gc,cpu         ] GC(385) User=0.00s Sys=0.00s Real=0.01s
[2024-08-27T15:00:46.930+0000][info][gc,marking     ] GC(385) Concurrent Cleanup for Next Mark
[2024-08-27T15:00:46.931+0000][info][gc,marking     ] GC(385) Concurrent Cleanup for Next Mark 0.626ms
[2024-08-27T15:00:46.931+0000][info][gc             ] GC(385) Concurrent Mark Cycle 99.988ms
[2024-08-27T15:00:46.933+0000][info][gc,start       ] GC(388) Pause Young (Prepare Mixed) (G1 Preventive Collection)
[2024-08-27T15:00:46.933+0000][info][gc,task        ] GC(388) Using 24 workers of 68 for evacuation
[2024-08-27T15:00:46.945+0000][info][gc,phases      ] GC(388)   Pre Evacuate Collection Set: 0.2ms
[2024-08-27T15:00:46.945+0000][info][gc,phases      ] GC(388)   Merge Heap Roots: 0.4ms
[2024-08-27T15:00:46.945+0000][info][gc,phases      ] GC(388)   Evacuate Collection Set: 10.7ms
[2024-08-27T15:00:46.945+0000][info][gc,phases      ] GC(388)   Post Evacuate Collection Set: 0.3ms
[2024-08-27T15:00:46.945+0000][info][gc,phases      ] GC(388)   Other: 0.2ms
[2024-08-27T15:00:46.945+0000][info][gc,heap        ] GC(388) Eden regions: 24->0(44)
[2024-08-27T15:00:46.945+0000][info][gc,heap        ] GC(388) Survivor regions: 7->7(7)
[2024-08-27T15:00:46.945+0000][info][gc,heap        ] GC(388) Old regions: 951->978
[2024-08-27T15:00:46.945+0000][info][gc,heap        ] GC(388) Archive regions: 2->2
[2024-08-27T15:00:46.945+0000][info][gc,heap        ] GC(388) Humongous regions: 5->5
[2024-08-27T15:00:46.945+0000][info][gc,metaspace   ] GC(388) Metaspace: 100K(320K)->100K(320K) NonClass: 96K(192K)->96K(192K) Class: 4K(128K)->4K(128K)
[2024-08-27T15:00:46.945+0000][info][gc             ] GC(388) Pause Young (Prepare Mixed) (G1 Preventive Collection) 987M->990M(1024M) 11.814ms
[2024-08-27T15:00:46.945+0000][info][gc,cpu         ] GC(388) User=0.26s Sys=0.01s Real=0.01s
[2024-08-27T15:00:46.953+0000][info][gc,start       ] GC(389) Pause Young (Mixed) (G1 Preventive Collection)
[2024-08-27T15:00:46.953+0000][info][gc,task        ] GC(389) Using 24 workers of 68 for evacuation
[2024-08-27T15:00:46.958+0000][info][gc,phases      ] GC(389)   Pre Evacuate Collection Set: 0.2ms
[2024-08-27T15:00:46.958+0000][info][gc,phases      ] GC(389)   Merge Heap Roots: 0.3ms
[2024-08-27T15:00:46.958+0000][info][gc,phases      ] GC(389)   Evacuate Collection Set: 4.6ms
[2024-08-27T15:00:46.958+0000][info][gc,phases      ] GC(389)   Post Evacuate Collection Set: 0.3ms
[2024-08-27T15:00:46.958+0000][info][gc,phases      ] GC(389)   Other: 0.1ms
[2024-08-27T15:00:46.958+0000][info][gc,heap        ] GC(389) Eden regions: 11->0(44)
[2024-08-27T15:00:46.958+0000][info][gc,heap        ] GC(389) Survivor regions: 7->7(7)
[2024-08-27T15:00:46.958+0000][info][gc,heap        ] GC(389) Old regions: 978->889
[2024-08-27T15:00:46.958+0000][info][gc,heap        ] GC(389) Archive regions: 2->2
[2024-08-27T15:00:46.958+0000][info][gc,heap        ] GC(389) Humongous regions: 5->5
[2024-08-27T15:00:46.958+0000][info][gc,metaspace   ] GC(389) Metaspace: 100K(320K)->100K(320K) NonClass: 96K(192K)->96K(192K) Class: 4K(128K)->4K(128K)
[2024-08-27T15:00:46.958+0000][info][gc             ] GC(389) Pause Young (Mixed) (G1 Preventive Collection) 1001M->901M(1024M) 5.568ms
[2024-08-27T15:00:46.958+0000][info][gc,cpu         ] GC(389) User=0.12s Sys=0.00s Real=0.01s
[2024-08-27T15:00:47.008+0000][info][gc,start       ] GC(390) Pause Young (Mixed) (G1 Evacuation Pause)
[2024-08-27T15:00:47.008+0000][info][gc,task        ] GC(390) Using 24 workers of 68 for evacuation
[2024-08-27T15:00:47.019+0000][info][gc,phases      ] GC(390)   Pre Evacuate Collection Set: 0.2ms
[2024-08-27T15:00:47.019+0000][info][gc,phases      ] GC(390)   Merge Heap Roots: 0.3ms
[2024-08-27T15:00:47.019+0000][info][gc,phases      ] GC(390)   Evacuate Collection Set: 10.3ms
[2024-08-27T15:00:47.019+0000][info][gc,phases      ] GC(390)   Post Evacuate Collection Set: 0.4ms
[2024-08-27T15:00:47.019+0000][info][gc,phases      ] GC(390)   Other: 0.3ms
[2024-08-27T15:00:47.019+0000][info][gc,heap        ] GC(390) Eden regions: 44->0(44)
[2024-08-27T15:00:47.019+0000][info][gc,heap        ] GC(390) Survivor regions: 7->7(7)
[2024-08-27T15:00:47.019+0000][info][gc,heap        ] GC(390) Old regions: 889->830
[2024-08-27T15:00:47.019+0000][info][gc,heap        ] GC(390) Archive regions: 2->2
[2024-08-27T15:00:47.019+0000][info][gc,heap        ] GC(390) Humongous regions: 5->5
[2024-08-27T15:00:47.019+0000][info][gc,metaspace   ] GC(390) Metaspace: 100K(320K)->100K(320K) NonClass: 96K(192K)->96K(192K) Class: 4K(128K)->4K(128K)
[2024-08-27T15:00:47.019+0000][info][gc             ] GC(390) Pause Young (Mixed) (G1 Evacuation Pause) 945M->842M(1024M) 11.653ms
[2024-08-27T15:00:47.019+0000][info][gc,cpu         ] GC(390) User=0.21s Sys=0.04s Real=0.02s
[2024-08-27T15:00:47.052+0000][info][gc,start       ] GC(391) Pause Young (Mixed) (G1 Evacuation Pause)
[2024-08-27T15:00:47.052+0000][info][gc,task        ] GC(391) Using 24 workers of 68 for evacuation
[2024-08-27T15:00:47.063+0000][info][gc,phases      ] GC(391)   Pre Evacuate Collection Set: 0.2ms
[2024-08-27T15:00:47.063+0000][info][gc,phases      ] GC(391)   Merge Heap Roots: 0.4ms
[2024-08-27T15:00:47.063+0000][info][gc,phases      ] GC(391)   Evacuate Collection Set: 9.9ms
[2024-08-27T15:00:47.063+0000][info][gc,phases      ] GC(391)   Post Evacuate Collection Set: 0.4ms
[2024-08-27T15:00:47.063+0000][info][gc,phases      ] GC(391)   Other: 0.3ms
[2024-08-27T15:00:47.063+0000][info][gc,heap        ] GC(391) Eden regions: 44->0(44)
[2024-08-27T15:00:47.063+0000][info][gc,heap        ] GC(391) Survivor regions: 7->7(7)
[2024-08-27T15:00:47.063+0000][info][gc,heap        ] GC(391) Old regions: 830->774
[2024-08-27T15:00:47.063+0000][info][gc,heap        ] GC(391) Archive regions: 2->2
[2024-08-27T15:00:47.063+0000][info][gc,heap        ] GC(391) Humongous regions: 5->5
[2024-08-27T15:00:47.063+0000][info][gc,metaspace   ] GC(391) Metaspace: 100K(320K)->100K(320K) NonClass: 96K(192K)->96K(192K) Class: 4K(128K)->4K(128K)
[2024-08-27T15:00:47.063+0000][info][gc             ] GC(391) Pause Young (Mixed) (G1 Evacuation Pause) 886M->786M(1024M) 11.250ms
[2024-08-27T15:00:47.063+0000][info][gc,cpu         ] GC(391) User=0.23s Sys=0.01s Real=0.01s
[2024-08-27T15:00:47.098+0000][info][gc,start       ] GC(392) Pause Young (Mixed) (G1 Evacuation Pause)
[2024-08-27T15:00:47.098+0000][info][gc,task        ] GC(392) Using 24 workers of 68 for evacuation
[2024-08-27T15:00:47.111+0000][info][gc,phases      ] GC(392)   Pre Evacuate Collection Set: 0.3ms
[2024-08-27T15:00:47.111+0000][info][gc,phases      ] GC(392)   Merge Heap Roots: 0.3ms
[2024-08-27T15:00:47.111+0000][info][gc,phases      ] GC(392)   Evacuate Collection Set: 12.0ms
[2024-08-27T15:00:47.111+0000][info][gc,phases      ] GC(392)   Post Evacuate Collection Set: 0.3ms
[2024-08-27T15:00:47.111+0000][info][gc,phases      ] GC(392)   Other: 0.3ms
[2024-08-27T15:00:47.111+0000][info][gc,heap        ] GC(392) Eden regions: 44->0(45)
[2024-08-27T15:00:47.111+0000][info][gc,heap        ] GC(392) Survivor regions: 7->7(7)
[2024-08-27T15:00:47.111+0000][info][gc,heap        ] GC(392) Old regions: 774->764
[2024-08-27T15:00:47.111+0000][info][gc,heap        ] GC(392) Archive regions: 2->2
[2024-08-27T15:00:47.111+0000][info][gc,heap        ] GC(392) Humongous regions: 5->5
[2024-08-27T15:00:47.111+0000][info][gc,metaspace   ] GC(392) Metaspace: 100K(320K)->100K(320K) NonClass: 96K(192K)->96K(192K) Class: 4K(128K)->4K(128K)
[2024-08-27T15:00:47.111+0000][info][gc             ] GC(392) Pause Young (Mixed) (G1 Evacuation Pause) 830M->776M(1024M) 13.187ms
[2024-08-27T15:00:47.111+0000][info][gc,cpu         ] GC(392) User=0.29s Sys=0.00s Real=0.01s
[2024-08-27T15:00:47.143+0000][info][gc,start       ] GC(393) Pause Young (Concurrent Start) (G1 Evacuation Pause)
[2024-08-27T15:00:47.143+0000][info][gc,task        ] GC(393) Using 24 workers of 68 for evacuation
[2024-08-27T15:00:47.154+0000][info][gc,phases      ] GC(393)   Pre Evacuate Collection Set: 0.2ms
[2024-08-27T15:00:47.154+0000][info][gc,phases      ] GC(393)   Merge Heap Roots: 0.2ms
[2024-08-27T15:00:47.154+0000][info][gc,phases      ] GC(393)   Evacuate Collection Set: 9.6ms
[2024-08-27T15:00:47.154+0000][info][gc,phases      ] GC(393)   Post Evacuate Collection Set: 0.3ms
[2024-08-27T15:00:47.154+0000][info][gc,phases      ] GC(393)   Other: 0.6ms
[2024-08-27T15:00:47.154+0000][info][gc,heap        ] GC(393) Eden regions: 45->0(44)
[2024-08-27T15:00:47.154+0000][info][gc,heap        ] GC(393) Survivor regions: 7->7(7)
[2024-08-27T15:00:47.154+0000][info][gc,heap        ] GC(393) Old regions: 764->812
[2024-08-27T15:00:47.154+0000][info][gc,heap        ] GC(393) Archive regions: 2->2
[2024-08-27T15:00:47.154+0000][info][gc,heap        ] GC(393) Humongous regions: 5->5
[2024-08-27T15:00:47.154+0000][info][gc,metaspace   ] GC(393) Metaspace: 100K(320K)->100K(320K) NonClass: 96K(192K)->96K(192K) Class: 4K(128K)->4K(128K)
[2024-08-27T15:00:47.154+0000][info][gc             ] GC(393) Pause Young (Concurrent Start) (G1 Evacuation Pause) 821M->824M(1024M) 11.106ms
[2024-08-27T15:00:47.154+0000][info][gc,cpu         ] GC(393) User=0.22s Sys=0.01s Real=0.01s
[2024-08-27T15:00:47.154+0000][info][gc             ] GC(394) Concurrent Mark Cycle
[2024-08-27T15:00:47.154+0000][info][gc,marking     ] GC(394) Concurrent Clear Claimed Marks
[2024-08-27T15:00:47.154+0000][info][gc,marking     ] GC(394) Concurrent Clear Claimed Marks 0.015ms
[2024-08-27T15:00:47.154+0000][info][gc,marking     ] GC(394) Concurrent Scan Root Regions
[2024-08-27T15:00:47.155+0000][info][gc,marking     ] GC(394) Concurrent Scan Root Regions 1.472ms
[2024-08-27T15:00:47.155+0000][info][gc,marking     ] GC(394) Concurrent Mark
[2024-08-27T15:00:47.155+0000][info][gc,marking     ] GC(394) Concurrent Mark From Roots
[2024-08-27T15:00:47.155+0000][info][gc,task        ] GC(394) Using 17 workers of 17 for marking
[2024-08-27T15:00:47.178+0000][info][gc,marking     ] GC(394) Concurrent Mark From Roots 22.193ms
[2024-08-27T15:00:47.178+0000][info][gc,marking     ] GC(394) Concurrent Preclean
[2024-08-27T15:00:47.178+0000][info][gc,marking     ] GC(394) Concurrent Preclean 0.503ms
[2024-08-27T15:00:47.178+0000][info][gc,start       ] GC(394) Pause Remark
[2024-08-27T15:00:47.180+0000][info][gc             ] GC(394) Pause Remark 860M->860M(1024M) 1.529ms
[2024-08-27T15:00:47.180+0000][info][gc,cpu         ] GC(394) User=0.01s Sys=0.00s Real=0.00s
[2024-08-27T15:00:47.180+0000][info][gc,marking     ] GC(394) Concurrent Mark 24.708ms
[2024-08-27T15:00:47.180+0000][info][gc,marking     ] GC(394) Concurrent Rebuild Remembered Sets
[2024-08-27T15:00:47.185+0000][info][gc,start       ] GC(395) Pause Young (Normal) (G1 Evacuation Pause)
[2024-08-27T15:00:47.185+0000][info][gc,task        ] GC(395) Using 24 workers of 68 for evacuation
[2024-08-27T15:00:47.195+0000][info][gc,phases      ] GC(395)   Pre Evacuate Collection Set: 0.2ms
[2024-08-27T15:00:47.195+0000][info][gc,phases      ] GC(395)   Merge Heap Roots: 0.4ms
[2024-08-27T15:00:47.195+0000][info][gc,phases      ] GC(395)   Evacuate Collection Set: 9.1ms
[2024-08-27T15:00:47.195+0000][info][gc,phases      ] GC(395)   Post Evacuate Collection Set: 0.4ms
[2024-08-27T15:00:47.195+0000][info][gc,phases      ] GC(395)   Other: 0.2ms
[2024-08-27T15:00:47.195+0000][info][gc,heap        ] GC(395) Eden regions: 44->0(44)
[2024-08-27T15:00:47.195+0000][info][gc,heap        ] GC(395) Survivor regions: 7->7(7)
[2024-08-27T15:00:47.195+0000][info][gc,heap        ] GC(395) Old regions: 812->859
[2024-08-27T15:00:47.195+0000][info][gc,heap        ] GC(395) Archive regions: 2->2
[2024-08-27T15:00:47.195+0000][info][gc,heap        ] GC(395) Humongous regions: 5->5
[2024-08-27T15:00:47.195+0000][info][gc,metaspace   ] GC(395) Metaspace: 100K(320K)->100K(320K) NonClass: 96K(192K)->96K(192K) Class: 4K(128K)->4K(128K)
[2024-08-27T15:00:47.195+0000][info][gc             ] GC(395) Pause Young (Normal) (G1 Evacuation Pause) 868M->871M(1024M) 10.310ms
[2024-08-27T15:00:47.195+0000][info][gc,cpu         ] GC(395) User=0.23s Sys=0.00s Real=0.01s
[2024-08-27T15:00:47.220+0000][info][gc,start       ] GC(396) Pause Young (Normal) (G1 Evacuation Pause)
[2024-08-27T15:00:47.220+0000][info][gc,task        ] GC(396) Using 24 workers of 68 for evacuation
[2024-08-27T15:00:47.234+0000][info][gc,phases      ] GC(396)   Pre Evacuate Collection Set: 0.3ms
[2024-08-27T15:00:47.234+0000][info][gc,phases      ] GC(396)   Merge Heap Roots: 0.6ms
[2024-08-27T15:00:47.234+0000][info][gc,phases      ] GC(396)   Evacuate Collection Set: 12.2ms
[2024-08-27T15:00:47.234+0000][info][gc,phases      ] GC(396)   Post Evacuate Collection Set: 0.6ms
[2024-08-27T15:00:47.234+0000][info][gc,phases      ] GC(396)   Other: 0.3ms
[2024-08-27T15:00:47.234+0000][info][gc,heap        ] GC(396) Eden regions: 44->0(44)
[2024-08-27T15:00:47.234+0000][info][gc,heap        ] GC(396) Survivor regions: 7->7(7)
[2024-08-27T15:00:47.234+0000][info][gc,heap        ] GC(396) Old regions: 859->905
[2024-08-27T15:00:47.234+0000][info][gc,heap        ] GC(396) Archive regions: 2->2
[2024-08-27T15:00:47.234+0000][info][gc,heap        ] GC(396) Humongous regions: 5->5
[2024-08-27T15:00:47.234+0000][info][gc,metaspace   ] GC(396) Metaspace: 100K(320K)->100K(320K) NonClass: 96K(192K)->96K(192K) Class: 4K(128K)->4K(128K)
[2024-08-27T15:00:47.234+0000][info][gc             ] GC(396) Pause Young (Normal) (G1 Evacuation Pause) 915M->917M(1024M) 14.032ms
[2024-08-27T15:00:47.234+0000][info][gc,cpu         ] GC(396) User=0.32s Sys=0.00s Real=0.01s
[2024-08-27T15:00:47.253+0000][info][gc,marking     ] GC(394) Concurrent Rebuild Remembered Sets 72.634ms
[2024-08-27T15:00:47.253+0000][info][gc,start       ] GC(394) Pause Cleanup
[2024-08-27T15:00:47.255+0000][info][gc             ] GC(394) Pause Cleanup 953M->953M(1024M) 1.723ms
[2024-08-27T15:00:47.255+0000][info][gc,cpu         ] GC(394) User=0.00s Sys=0.00s Real=0.00s
[2024-08-27T15:00:47.255+0000][info][gc,marking     ] GC(394) Concurrent Cleanup for Next Mark
[2024-08-27T15:00:47.256+0000][info][gc,marking     ] GC(394) Concurrent Cleanup for Next Mark 0.671ms
[2024-08-27T15:00:47.256+0000][info][gc             ] GC(394) Concurrent Mark Cycle 101.786ms
[2024-08-27T15:00:47.260+0000][info][gc,start       ] GC(397) Pause Young (Prepare Mixed) (G1 Evacuation Pause)
[2024-08-27T15:00:47.260+0000][info][gc,task        ] GC(397) Using 24 workers of 68 for evacuation
[2024-08-27T15:00:47.275+0000][info][gc,phases      ] GC(397)   Pre Evacuate Collection Set: 0.2ms
[2024-08-27T15:00:47.275+0000][info][gc,phases      ] GC(397)   Merge Heap Roots: 0.5ms
[2024-08-27T15:00:47.275+0000][info][gc,phases      ] GC(397)   Evacuate Collection Set: 13.7ms
[2024-08-27T15:00:47.275+0000][info][gc,phases      ] GC(397)   Post Evacuate Collection Set: 0.3ms
[2024-08-27T15:00:47.275+0000][info][gc,phases      ] GC(397)   Other: 0.2ms
[2024-08-27T15:00:47.275+0000][info][gc,heap        ] GC(397) Eden regions: 44->0(44)
[2024-08-27T15:00:47.275+0000][info][gc,heap        ] GC(397) Survivor regions: 7->7(7)
[2024-08-27T15:00:47.275+0000][info][gc,heap        ] GC(397) Old regions: 905->951
[2024-08-27T15:00:47.275+0000][info][gc,heap        ] GC(397) Archive regions: 2->2
[2024-08-27T15:00:47.275+0000][info][gc,heap        ] GC(397) Humongous regions: 5->5
[2024-08-27T15:00:47.275+0000][info][gc,metaspace   ] GC(397) Metaspace: 100K(320K)->100K(320K) NonClass: 96K(192K)->96K(192K) Class: 4K(128K)->4K(128K)
[2024-08-27T15:00:47.275+0000][info][gc             ] GC(397) Pause Young (Prepare Mixed) (G1 Evacuation Pause) 961M->963M(1024M) 14.897ms
[2024-08-27T15:00:47.275+0000][info][gc,cpu         ] GC(397) User=0.34s Sys=0.00s Real=0.01s
[2024-08-27T15:00:47.287+0000][info][gc,start       ] GC(398) Pause Young (Mixed) (G1 Preventive Collection)
[2024-08-27T15:00:47.287+0000][info][gc,task        ] GC(398) Using 24 workers of 68 for evacuation
[2024-08-27T15:00:47.295+0000][info][gc,phases      ] GC(398)   Pre Evacuate Collection Set: 0.2ms
[2024-08-27T15:00:47.295+0000][info][gc,phases      ] GC(398)   Merge Heap Roots: 0.4ms
[2024-08-27T15:00:47.295+0000][info][gc,phases      ] GC(398)   Evacuate Collection Set: 7.0ms
[2024-08-27T15:00:47.295+0000][info][gc,phases      ] GC(398)   Post Evacuate Collection Set: 0.4ms
[2024-08-27T15:00:47.295+0000][info][gc,phases      ] GC(398)   Other: 0.2ms
[2024-08-27T15:00:47.295+0000][info][gc,heap        ] GC(398) Eden regions: 24->0(44)
[2024-08-27T15:00:47.295+0000][info][gc,heap        ] GC(398) Survivor regions: 7->7(7)
[2024-08-27T15:00:47.295+0000][info][gc,heap        ] GC(398) Old regions: 951->875
[2024-08-27T15:00:47.295+0000][info][gc,heap        ] GC(398) Archive regions: 2->2
[2024-08-27T15:00:47.295+0000][info][gc,heap        ] GC(398) Humongous regions: 5->5
[2024-08-27T15:00:47.295+0000][info][gc,metaspace   ] GC(398) Metaspace: 100K(320K)->100K(320K) NonClass: 96K(192K)->96K(192K) Class: 4K(128K)->4K(128K)
[2024-08-27T15:00:47.295+0000][info][gc             ] GC(398) Pause Young (Mixed) (G1 Preventive Collection) 987M->887M(1024M) 8.197ms
[2024-08-27T15:00:47.295+0000][info][gc,cpu         ] GC(398) User=0.17s Sys=0.00s Real=0.01s
[2024-08-27T15:00:47.319+0000][info][gc,start       ] GC(399) Pause Young (Mixed) (G1 Evacuation Pause)
[2024-08-27T15:00:47.319+0000][info][gc,task        ] GC(399) Using 24 workers of 68 for evacuation
[2024-08-27T15:00:47.329+0000][info][gc,phases      ] GC(399)   Pre Evacuate Collection Set: 0.3ms
[2024-08-27T15:00:47.329+0000][info][gc,phases      ] GC(399)   Merge Heap Roots: 0.4ms
[2024-08-27T15:00:47.329+0000][info][gc,phases      ] GC(399)   Evacuate Collection Set: 8.4ms
[2024-08-27T15:00:47.329+0000][info][gc,phases      ] GC(399)   Post Evacuate Collection Set: 0.4ms
[2024-08-27T15:00:47.329+0000][info][gc,phases      ] GC(399)   Other: 0.3ms
[2024-08-27T15:00:47.329+0000][info][gc,heap        ] GC(399) Eden regions: 44->0(44)
[2024-08-27T15:00:47.329+0000][info][gc,heap        ] GC(399) Survivor regions: 7->7(7)
[2024-08-27T15:00:47.329+0000][info][gc,heap        ] GC(399) Old regions: 875->818
[2024-08-27T15:00:47.329+0000][info][gc,heap        ] GC(399) Archive regions: 2->2
[2024-08-27T15:00:47.329+0000][info][gc,heap        ] GC(399) Humongous regions: 5->5
[2024-08-27T15:00:47.329+0000][info][gc,metaspace   ] GC(399) Metaspace: 100K(320K)->100K(320K) NonClass: 96K(192K)->96K(192K) Class: 4K(128K)->4K(128K)
[2024-08-27T15:00:47.329+0000][info][gc             ] GC(399) Pause Young (Mixed) (G1 Evacuation Pause) 931M->830M(1024M) 9.850ms
[2024-08-27T15:00:47.329+0000][info][gc,cpu         ] GC(399) User=0.21s Sys=0.00s Real=0.00s
[2024-08-27T15:00:47.351+0000][info][gc,start       ] GC(400) Pause Young (Mixed) (G1 Evacuation Pause)
[2024-08-27T15:00:47.352+0000][info][gc,task        ] GC(400) Using 24 workers of 68 for evacuation
[2024-08-27T15:00:47.362+0000][info][gc,phases      ] GC(400)   Pre Evacuate Collection Set: 0.2ms
[2024-08-27T15:00:47.362+0000][info][gc,phases      ] GC(400)   Merge Heap Roots: 0.5ms
[2024-08-27T15:00:47.362+0000][info][gc,phases      ] GC(400)   Evacuate Collection Set: 8.8ms
[2024-08-27T15:00:47.362+0000][info][gc,phases      ] GC(400)   Post Evacuate Collection Set: 0.4ms
[2024-08-27T15:00:47.362+0000][info][gc,phases      ] GC(400)   Other: 0.3ms
[2024-08-27T15:00:47.362+0000][info][gc,heap        ] GC(400) Eden regions: 44->0(44)
[2024-08-27T15:00:47.362+0000][info][gc,heap        ] GC(400) Survivor regions: 7->7(7)
[2024-08-27T15:00:47.362+0000][info][gc,heap        ] GC(400) Old regions: 818->768
[2024-08-27T15:00:47.362+0000][info][gc,heap        ] GC(400) Archive regions: 2->2
[2024-08-27T15:00:47.362+0000][info][gc,heap        ] GC(400) Humongous regions: 5->5
[2024-08-27T15:00:47.362+0000][info][gc,metaspace   ] GC(400) Metaspace: 100K(320K)->100K(320K) NonClass: 96K(192K)->96K(192K) Class: 4K(128K)->4K(128K)
[2024-08-27T15:00:47.362+0000][info][gc             ] GC(400) Pause Young (Mixed) (G1 Evacuation Pause) 874M->780M(1024M) 10.342ms
[2024-08-27T15:00:47.362+0000][info][gc,cpu         ] GC(400) User=0.21s Sys=0.01s Real=0.01s
[2024-08-27T15:00:47.385+0000][info][gc,start       ] GC(401) Pause Young (Mixed) (G1 Evacuation Pause)
[2024-08-27T15:00:47.385+0000][info][gc,task        ] GC(401) Using 24 workers of 68 for evacuation
[2024-08-27T15:00:47.396+0000][info][gc,phases      ] GC(401)   Pre Evacuate Collection Set: 0.2ms
[2024-08-27T15:00:47.396+0000][info][gc,phases      ] GC(401)   Merge Heap Roots: 0.4ms
[2024-08-27T15:00:47.396+0000][info][gc,phases      ] GC(401)   Evacuate Collection Set: 9.7ms
[2024-08-27T15:00:47.396+0000][info][gc,phases      ] GC(401)   Post Evacuate Collection Set: 0.3ms
[2024-08-27T15:00:47.396+0000][info][gc,phases      ] GC(401)   Other: 0.2ms
[2024-08-27T15:00:47.396+0000][info][gc,heap        ] GC(401) Eden regions: 44->0(44)
[2024-08-27T15:00:47.396+0000][info][gc,heap        ] GC(401) Survivor regions: 7->7(7)
[2024-08-27T15:00:47.396+0000][info][gc,heap        ] GC(401) Old regions: 768->791
[2024-08-27T15:00:47.396+0000][info][gc,heap        ] GC(401) Archive regions: 2->2
[2024-08-27T15:00:47.396+0000][info][gc,heap        ] GC(401) Humongous regions: 5->5
[2024-08-27T15:00:47.396+0000][info][gc,metaspace   ] GC(401) Metaspace: 100K(320K)->100K(320K) NonClass: 96K(192K)->96K(192K) Class: 4K(128K)->4K(128K)
[2024-08-27T15:00:47.396+0000][info][gc             ] GC(401) Pause Young (Mixed) (G1 Evacuation Pause) 824M->803M(1024M) 10.983ms
[2024-08-27T15:00:47.396+0000][info][gc,cpu         ] GC(401) User=0.25s Sys=0.00s Real=0.01s
[2024-08-27T15:00:47.417+0000][info][gc,start       ] GC(402) Pause Young (Concurrent Start) (G1 Evacuation Pause)
[2024-08-27T15:00:47.417+0000][info][gc,task        ] GC(402) Using 24 workers of 68 for evacuation
[2024-08-27T15:00:47.427+0000][info][gc,phases      ] GC(402)   Pre Evacuate Collection Set: 0.2ms
[2024-08-27T15:00:47.427+0000][info][gc,phases      ] GC(402)   Merge Heap Roots: 0.4ms
[2024-08-27T15:00:47.427+0000][info][gc,phases      ] GC(402)   Evacuate Collection Set: 8.3ms
[2024-08-27T15:00:47.427+0000][info][gc,phases      ] GC(402)   Post Evacuate Collection Set: 0.3ms
[2024-08-27T15:00:47.427+0000][info][gc,phases      ] GC(402)   Other: 0.7ms
[2024-08-27T15:00:47.427+0000][info][gc,heap        ] GC(402) Eden regions: 44->0(44)
[2024-08-27T15:00:47.427+0000][info][gc,heap        ] GC(402) Survivor regions: 7->7(7)
[2024-08-27T15:00:47.427+0000][info][gc,heap        ] GC(402) Old regions: 791->839
[2024-08-27T15:00:47.427+0000][info][gc,heap        ] GC(402) Archive regions: 2->2
[2024-08-27T15:00:47.427+0000][info][gc,heap        ] GC(402) Humongous regions: 5->5
[2024-08-27T15:00:47.427+0000][info][gc,metaspace   ] GC(402) Metaspace: 100K(320K)->100K(320K) NonClass: 96K(192K)->96K(192K) Class: 4K(128K)->4K(128K)
[2024-08-27T15:00:47.427+0000][info][gc             ] GC(402) Pause Young (Concurrent Start) (G1 Evacuation Pause) 847M->851M(1024M) 9.956ms
[2024-08-27T15:00:47.427+0000][info][gc,cpu         ] GC(402) User=0.20s Sys=0.00s Real=0.01s
[2024-08-27T15:00:47.427+0000][info][gc             ] GC(403) Concurrent Mark Cycle
[2024-08-27T15:00:47.427+0000][info][gc,marking     ] GC(403) Concurrent Clear Claimed Marks
[2024-08-27T15:00:47.427+0000][info][gc,marking     ] GC(403) Concurrent Clear Claimed Marks 0.014ms
[2024-08-27T15:00:47.427+0000][info][gc,marking     ] GC(403) Concurrent Scan Root Regions
[2024-08-27T15:00:47.428+0000][info][gc,marking     ] GC(403) Concurrent Scan Root Regions 1.514ms
[2024-08-27T15:00:47.429+0000][info][gc,marking     ] GC(403) Concurrent Mark
[2024-08-27T15:00:47.429+0000][info][gc,marking     ] GC(403) Concurrent Mark From Roots
[2024-08-27T15:00:47.429+0000][info][gc,task        ] GC(403) Using 17 workers of 17 for marking
[2024-08-27T15:00:47.450+0000][info][gc,marking     ] GC(403) Concurrent Mark From Roots 21.669ms
[2024-08-27T15:00:47.450+0000][info][gc,marking     ] GC(403) Concurrent Preclean
[2024-08-27T15:00:47.451+0000][info][gc,marking     ] GC(403) Concurrent Preclean 0.882ms
[2024-08-27T15:00:47.452+0000][info][gc,start       ] GC(403) Pause Remark
[2024-08-27T15:00:47.453+0000][info][gc             ] GC(403) Pause Remark 887M->887M(1024M) 1.687ms
[2024-08-27T15:00:47.453+0000][info][gc,cpu         ] GC(403) User=0.00s Sys=0.00s Real=0.00s
[2024-08-27T15:00:47.453+0000][info][gc,marking     ] GC(403) Concurrent Mark 24.792ms
[2024-08-27T15:00:47.453+0000][info][gc,marking     ] GC(403) Concurrent Rebuild Remembered Sets
[2024-08-27T15:00:47.458+0000][info][gc,start       ] GC(404) Pause Young (Normal) (G1 Evacuation Pause)
[2024-08-27T15:00:47.458+0000][info][gc,task        ] GC(404) Using 24 workers of 68 for evacuation
[2024-08-27T15:00:47.468+0000][info][gc,phases      ] GC(404)   Pre Evacuate Collection Set: 0.2ms
[2024-08-27T15:00:47.468+0000][info][gc,phases      ] GC(404)   Merge Heap Roots: 0.3ms
[2024-08-27T15:00:47.468+0000][info][gc,phases      ] GC(404)   Evacuate Collection Set: 8.9ms
[2024-08-27T15:00:47.468+0000][info][gc,phases      ] GC(404)   Post Evacuate Collection Set: 0.4ms
[2024-08-27T15:00:47.468+0000][info][gc,phases      ] GC(404)   Other: 0.3ms
[2024-08-27T15:00:47.468+0000][info][gc,heap        ] GC(404) Eden regions: 44->0(44)
[2024-08-27T15:00:47.468+0000][info][gc,heap        ] GC(404) Survivor regions: 7->7(7)
[2024-08-27T15:00:47.468+0000][info][gc,heap        ] GC(404) Old regions: 839->887
[2024-08-27T15:00:47.468+0000][info][gc,heap        ] GC(404) Archive regions: 2->2
[2024-08-27T15:00:47.468+0000][info][gc,heap        ] GC(404) Humongous regions: 5->5
[2024-08-27T15:00:47.468+0000][info][gc,metaspace   ] GC(404) Metaspace: 100K(320K)->100K(320K) NonClass: 96K(192K)->96K(192K) Class: 4K(128K)->4K(128K)
[2024-08-27T15:00:47.468+0000][info][gc             ] GC(404) Pause Young (Normal) (G1 Evacuation Pause) 895M->899M(1024M) 10.222ms
[2024-08-27T15:00:47.468+0000][info][gc,cpu         ] GC(404) User=0.21s Sys=0.01s Real=0.00s
[2024-08-27T15:00:47.490+0000][info][gc,start       ] GC(405) Pause Young (Normal) (G1 Evacuation Pause)
[2024-08-27T15:00:47.490+0000][info][gc,task        ] GC(405) Using 24 workers of 68 for evacuation
[2024-08-27T15:00:47.504+0000][info][gc,phases      ] GC(405)   Pre Evacuate Collection Set: 0.2ms
[2024-08-27T15:00:47.504+0000][info][gc,phases      ] GC(405)   Merge Heap Roots: 0.5ms
[2024-08-27T15:00:47.504+0000][info][gc,phases      ] GC(405)   Evacuate Collection Set: 12.7ms
[2024-08-27T15:00:47.504+0000][info][gc,phases      ] GC(405)   Post Evacuate Collection Set: 0.6ms
[2024-08-27T15:00:47.504+0000][info][gc,phases      ] GC(405)   Other: 0.3ms
[2024-08-27T15:00:47.504+0000][info][gc,heap        ] GC(405) Eden regions: 44->0(44)
[2024-08-27T15:00:47.504+0000][info][gc,heap        ] GC(405) Survivor regions: 7->7(7)
[2024-08-27T15:00:47.504+0000][info][gc,heap        ] GC(405) Old regions: 887->933
[2024-08-27T15:00:47.504+0000][info][gc,heap        ] GC(405) Archive regions: 2->2
[2024-08-27T15:00:47.504+0000][info][gc,heap        ] GC(405) Humongous regions: 5->5
[2024-08-27T15:00:47.504+0000][info][gc,metaspace   ] GC(405) Metaspace: 100K(320K)->100K(320K) NonClass: 96K(192K)->96K(192K) Class: 4K(128K)->4K(128K)
[2024-08-27T15:00:47.504+0000][info][gc             ] GC(405) Pause Young (Normal) (G1 Evacuation Pause) 943M->945M(1024M) 14.323ms
[2024-08-27T15:00:47.504+0000][info][gc,cpu         ] GC(405) User=0.32s Sys=0.00s Real=0.01s
[2024-08-27T15:00:47.523+0000][info][gc,start       ] GC(406) Pause Young (Normal) (G1 Preventive Collection)
[2024-08-27T15:00:47.523+0000][info][gc,task        ] GC(406) Using 24 workers of 68 for evacuation
[2024-08-27T15:00:47.536+0000][info][gc,phases      ] GC(406)   Pre Evacuate Collection Set: 0.2ms
[2024-08-27T15:00:47.536+0000][info][gc,phases      ] GC(406)   Merge Heap Roots: 0.4ms
[2024-08-27T15:00:47.536+0000][info][gc,phases      ] GC(406)   Evacuate Collection Set: 12.3ms
[2024-08-27T15:00:47.536+0000][info][gc,phases      ] GC(406)   Post Evacuate Collection Set: 0.6ms
[2024-08-27T15:00:47.536+0000][info][gc,phases      ] GC(406)   Other: 0.3ms
[2024-08-27T15:00:47.536+0000][info][gc,heap        ] GC(406) Eden regions: 33->0(44)
[2024-08-27T15:00:47.536+0000][info][gc,heap        ] GC(406) Survivor regions: 7->7(7)
[2024-08-27T15:00:47.536+0000][info][gc,heap        ] GC(406) Old regions: 933->969
[2024-08-27T15:00:47.536+0000][info][gc,heap        ] GC(406) Archive regions: 2->2
[2024-08-27T15:00:47.536+0000][info][gc,heap        ] GC(406) Humongous regions: 5->5
[2024-08-27T15:00:47.536+0000][info][gc,metaspace   ] GC(406) Metaspace: 100K(320K)->100K(320K) NonClass: 96K(192K)->96K(192K) Class: 4K(128K)->4K(128K)
[2024-08-27T15:00:47.536+0000][info][gc             ] GC(406) Pause Young (Normal) (G1 Preventive Collection) 978M->981M(1024M) 13.792ms
[2024-08-27T15:00:47.536+0000][info][gc,cpu         ] GC(406) User=0.31s Sys=0.00s Real=0.01s
[2024-08-27T15:00:47.539+0000][info][gc,marking     ] GC(403) Concurrent Rebuild Remembered Sets 86.054ms
[2024-08-27T15:00:47.540+0000][info][gc,start       ] GC(403) Pause Cleanup
[2024-08-27T15:00:47.541+0000][info][gc             ] GC(403) Pause Cleanup 986M->986M(1024M) 1.706ms
[2024-08-27T15:00:47.541+0000][info][gc,cpu         ] GC(403) User=0.00s Sys=0.00s Real=0.00s
[2024-08-27T15:00:47.541+0000][info][gc,marking     ] GC(403) Concurrent Cleanup for Next Mark
[2024-08-27T15:00:47.543+0000][info][gc,marking     ] GC(403) Concurrent Cleanup for Next Mark 1.596ms
[2024-08-27T15:00:47.543+0000][info][gc             ] GC(403) Concurrent Mark Cycle 116.135ms
[2024-08-27T15:00:47.548+0000][info][gc,start       ] GC(407) Pause Young (Prepare Mixed) (G1 Preventive Collection)
[2024-08-27T15:00:47.548+0000][info][gc,task        ] GC(407) Using 24 workers of 68 for evacuation
[2024-08-27T15:00:47.560+0000][info][gc,phases      ] GC(407)   Pre Evacuate Collection Set: 0.1ms
[2024-08-27T15:00:47.560+0000][info][gc,phases      ] GC(407)   Merge Heap Roots: 0.6ms
[2024-08-27T15:00:47.560+0000][info][gc,phases      ] GC(407)   Evacuate Collection Set: 10.8ms
[2024-08-27T15:00:47.560+0000][info][gc,phases      ] GC(407)   Post Evacuate Collection Set: 0.3ms
[2024-08-27T15:00:47.560+0000][info][gc,phases      ] GC(407)   Other: 0.2ms
[2024-08-27T15:00:47.560+0000][info][gc,heap        ] GC(407) Eden regions: 16->0(44)
[2024-08-27T15:00:47.560+0000][info][gc,heap        ] GC(407) Survivor regions: 7->7(7)
[2024-08-27T15:00:47.560+0000][info][gc,heap        ] GC(407) Old regions: 969->987
[2024-08-27T15:00:47.560+0000][info][gc,heap        ] GC(407) Archive regions: 2->2
[2024-08-27T15:00:47.560+0000][info][gc,heap        ] GC(407) Humongous regions: 5->5
[2024-08-27T15:00:47.560+0000][info][gc,metaspace   ] GC(407) Metaspace: 100K(320K)->100K(320K) NonClass: 96K(192K)->96K(192K) Class: 4K(128K)->4K(128K)
[2024-08-27T15:00:47.560+0000][info][gc             ] GC(407) Pause Young (Prepare Mixed) (G1 Preventive Collection) 997M->999M(1024M) 12.156ms
[2024-08-27T15:00:47.560+0000][info][gc,cpu         ] GC(407) User=0.27s Sys=0.01s Real=0.02s
[2024-08-27T15:00:47.564+0000][info][gc,start       ] GC(408) Pause Young (Mixed) (G1 Preventive Collection)
[2024-08-27T15:00:47.564+0000][info][gc,task        ] GC(408) Using 24 workers of 68 for evacuation
[2024-08-27T15:00:47.568+0000][info][gc,phases      ] GC(408)   Pre Evacuate Collection Set: 0.2ms
[2024-08-27T15:00:47.568+0000][info][gc,phases      ] GC(408)   Merge Heap Roots: 0.3ms
[2024-08-27T15:00:47.568+0000][info][gc,phases      ] GC(408)   Evacuate Collection Set: 3.4ms
[2024-08-27T15:00:47.568+0000][info][gc,phases      ] GC(408)   Post Evacuate Collection Set: 0.3ms
[2024-08-27T15:00:47.568+0000][info][gc,phases      ] GC(408)   Other: 0.1ms
[2024-08-27T15:00:47.568+0000][info][gc,heap        ] GC(408) Eden regions: 6->0(44)
[2024-08-27T15:00:47.568+0000][info][gc,heap        ] GC(408) Survivor regions: 7->7(7)
[2024-08-27T15:00:47.568+0000][info][gc,heap        ] GC(408) Old regions: 987->893
[2024-08-27T15:00:47.568+0000][info][gc,heap        ] GC(408) Archive regions: 2->2
[2024-08-27T15:00:47.568+0000][info][gc,heap        ] GC(408) Humongous regions: 5->5
[2024-08-27T15:00:47.568+0000][info][gc,metaspace   ] GC(408) Metaspace: 100K(320K)->100K(320K) NonClass: 96K(192K)->96K(192K) Class: 4K(128K)->4K(128K)
[2024-08-27T15:00:47.568+0000][info][gc             ] GC(408) Pause Young (Mixed) (G1 Preventive Collection) 1005M->905M(1024M) 4.404ms
[2024-08-27T15:00:47.568+0000][info][gc,cpu         ] GC(408) User=0.09s Sys=0.00s Real=0.00s
[2024-08-27T15:00:47.586+0000][info][gc,start       ] GC(409) Pause Young (Mixed) (G1 Evacuation Pause)
[2024-08-27T15:00:47.586+0000][info][gc,task        ] GC(409) Using 24 workers of 68 for evacuation
[2024-08-27T15:00:47.595+0000][info][gc,phases      ] GC(409)   Pre Evacuate Collection Set: 0.2ms
[2024-08-27T15:00:47.595+0000][info][gc,phases      ] GC(409)   Merge Heap Roots: 0.4ms
[2024-08-27T15:00:47.595+0000][info][gc,phases      ] GC(409)   Evacuate Collection Set: 7.2ms
[2024-08-27T15:00:47.595+0000][info][gc,phases      ] GC(409)   Post Evacuate Collection Set: 0.4ms
[2024-08-27T15:00:47.595+0000][info][gc,phases      ] GC(409)   Other: 0.2ms
[2024-08-27T15:00:47.595+0000][info][gc,heap        ] GC(409) Eden regions: 44->0(44)
[2024-08-27T15:00:47.595+0000][info][gc,heap        ] GC(409) Survivor regions: 7->7(7)
[2024-08-27T15:00:47.595+0000][info][gc,heap        ] GC(409) Old regions: 893->833
[2024-08-27T15:00:47.595+0000][info][gc,heap        ] GC(409) Archive regions: 2->2
[2024-08-27T15:00:47.595+0000][info][gc,heap        ] GC(409) Humongous regions: 5->5
[2024-08-27T15:00:47.595+0000][info][gc,metaspace   ] GC(409) Metaspace: 100K(320K)->100K(320K) NonClass: 96K(192K)->96K(192K) Class: 4K(128K)->4K(128K)
[2024-08-27T15:00:47.595+0000][info][gc             ] GC(409) Pause Young (Mixed) (G1 Evacuation Pause) 949M->845M(1024M) 8.601ms
[2024-08-27T15:00:47.595+0000][info][gc,cpu         ] GC(409) User=0.18s Sys=0.00s Real=0.01s
[2024-08-27T15:00:47.614+0000][info][gc,start       ] GC(410) Pause Young (Mixed) (G1 Evacuation Pause)
[2024-08-27T15:00:47.614+0000][info][gc,task        ] GC(410) Using 24 workers of 68 for evacuation
[2024-08-27T15:00:47.624+0000][info][gc,phases      ] GC(410)   Pre Evacuate Collection Set: 0.2ms
[2024-08-27T15:00:47.624+0000][info][gc,phases      ] GC(410)   Merge Heap Roots: 0.4ms
[2024-08-27T15:00:47.624+0000][info][gc,phases      ] GC(410)   Evacuate Collection Set: 8.2ms
[2024-08-27T15:00:47.624+0000][info][gc,phases      ] GC(410)   Post Evacuate Collection Set: 0.4ms
[2024-08-27T15:00:47.624+0000][info][gc,phases      ] GC(410)   Other: 0.2ms
[2024-08-27T15:00:47.624+0000][info][gc,heap        ] GC(410) Eden regions: 44->0(44)
[2024-08-27T15:00:47.624+0000][info][gc,heap        ] GC(410) Survivor regions: 7->7(7)
[2024-08-27T15:00:47.624+0000][info][gc,heap        ] GC(410) Old regions: 833->775
[2024-08-27T15:00:47.624+0000][info][gc,heap        ] GC(410) Archive regions: 2->2
[2024-08-27T15:00:47.624+0000][info][gc,heap        ] GC(410) Humongous regions: 5->5
[2024-08-27T15:00:47.624+0000][info][gc,metaspace   ] GC(410) Metaspace: 100K(320K)->100K(320K) NonClass: 96K(192K)->96K(192K) Class: 4K(128K)->4K(128K)
[2024-08-27T15:00:47.624+0000][info][gc             ] GC(410) Pause Young (Mixed) (G1 Evacuation Pause) 889M->787M(1024M) 9.534ms
[2024-08-27T15:00:47.624+0000][info][gc,cpu         ] GC(410) User=0.20s Sys=0.00s Real=0.01s
[2024-08-27T15:00:47.643+0000][info][gc,start       ] GC(411) Pause Young (Mixed) (G1 Evacuation Pause)
[2024-08-27T15:00:47.643+0000][info][gc,task        ] GC(411) Using 24 workers of 68 for evacuation
[2024-08-27T15:00:47.655+0000][info][gc,phases      ] GC(411)   Pre Evacuate Collection Set: 0.2ms
[2024-08-27T15:00:47.655+0000][info][gc,phases      ] GC(411)   Merge Heap Roots: 0.4ms
[2024-08-27T15:00:47.655+0000][info][gc,phases      ] GC(411)   Evacuate Collection Set: 10.9ms
[2024-08-27T15:00:47.655+0000][info][gc,phases      ] GC(411)   Post Evacuate Collection Set: 0.3ms
[2024-08-27T15:00:47.655+0000][info][gc,phases      ] GC(411)   Other: 0.3ms
[2024-08-27T15:00:47.655+0000][info][gc,heap        ] GC(411) Eden regions: 44->0(44)
[2024-08-27T15:00:47.655+0000][info][gc,heap        ] GC(411) Survivor regions: 7->7(7)
[2024-08-27T15:00:47.655+0000][info][gc,heap        ] GC(411) Old regions: 775->781
[2024-08-27T15:00:47.655+0000][info][gc,heap        ] GC(411) Archive regions: 2->2
[2024-08-27T15:00:47.655+0000][info][gc,heap        ] GC(411) Humongous regions: 5->5
[2024-08-27T15:00:47.655+0000][info][gc,metaspace   ] GC(411) Metaspace: 100K(320K)->100K(320K) NonClass: 96K(192K)->96K(192K) Class: 4K(128K)->4K(128K)
[2024-08-27T15:00:47.655+0000][info][gc             ] GC(411) Pause Young (Mixed) (G1 Evacuation Pause) 831M->793M(1024M) 12.139ms
[2024-08-27T15:00:47.655+0000][info][gc,cpu         ] GC(411) User=0.27s Sys=0.00s Real=0.01s
[2024-08-27T15:00:47.675+0000][info][gc,start       ] GC(412) Pause Young (Concurrent Start) (G1 Evacuation Pause)
[2024-08-27T15:00:47.675+0000][info][gc,task        ] GC(412) Using 24 workers of 68 for evacuation
[2024-08-27T15:00:47.685+0000][info][gc,phases      ] GC(412)   Pre Evacuate Collection Set: 0.1ms
[2024-08-27T15:00:47.685+0000][info][gc,phases      ] GC(412)   Merge Heap Roots: 0.4ms
[2024-08-27T15:00:47.685+0000][info][gc,phases      ] GC(412)   Evacuate Collection Set: 8.5ms
[2024-08-27T15:00:47.685+0000][info][gc,phases      ] GC(412)   Post Evacuate Collection Set: 0.3ms
[2024-08-27T15:00:47.685+0000][info][gc,phases      ] GC(412)   Other: 0.6ms
[2024-08-27T15:00:47.685+0000][info][gc,heap        ] GC(412) Eden regions: 44->0(44)
[2024-08-27T15:00:47.685+0000][info][gc,heap        ] GC(412) Survivor regions: 7->7(7)
[2024-08-27T15:00:47.685+0000][info][gc,heap        ] GC(412) Old regions: 781->827
[2024-08-27T15:00:47.685+0000][info][gc,heap        ] GC(412) Archive regions: 2->2
[2024-08-27T15:00:47.685+0000][info][gc,heap        ] GC(412) Humongous regions: 5->5
[2024-08-27T15:00:47.685+0000][info][gc,metaspace   ] GC(412) Metaspace: 100K(320K)->100K(320K) NonClass: 96K(192K)->96K(192K) Class: 4K(128K)->4K(128K)
[2024-08-27T15:00:47.685+0000][info][gc             ] GC(412) Pause Young (Concurrent Start) (G1 Evacuation Pause) 837M->839M(1024M) 9.986ms
[2024-08-27T15:00:47.685+0000][info][gc,cpu         ] GC(412) User=0.21s Sys=0.00s Real=0.01s
[2024-08-27T15:00:47.685+0000][info][gc             ] GC(413) Concurrent Mark Cycle
[2024-08-27T15:00:47.685+0000][info][gc,marking     ] GC(413) Concurrent Clear Claimed Marks
[2024-08-27T15:00:47.686+0000][info][gc,marking     ] GC(413) Concurrent Clear Claimed Marks 0.016ms
[2024-08-27T15:00:47.686+0000][info][gc,marking     ] GC(413) Concurrent Scan Root Regions
[2024-08-27T15:00:47.687+0000][info][gc,marking     ] GC(413) Concurrent Scan Root Regions 1.450ms
[2024-08-27T15:00:47.687+0000][info][gc,marking     ] GC(413) Concurrent Mark
[2024-08-27T15:00:47.687+0000][info][gc,marking     ] GC(413) Concurrent Mark From Roots
[2024-08-27T15:00:47.687+0000][info][gc,task        ] GC(413) Using 17 workers of 17 for marking
[2024-08-27T15:00:47.708+0000][info][gc,marking     ] GC(413) Concurrent Mark From Roots 21.248ms
[2024-08-27T15:00:47.708+0000][info][gc,marking     ] GC(413) Concurrent Preclean
[2024-08-27T15:00:47.709+0000][info][gc,marking     ] GC(413) Concurrent Preclean 0.505ms
[2024-08-27T15:00:47.709+0000][info][gc,start       ] GC(413) Pause Remark
[2024-08-27T15:00:47.711+0000][info][gc             ] GC(413) Pause Remark 878M->878M(1024M) 1.373ms
[2024-08-27T15:00:47.711+0000][info][gc,cpu         ] GC(413) User=0.01s Sys=0.00s Real=0.01s
[2024-08-27T15:00:47.711+0000][info][gc,marking     ] GC(413) Concurrent Mark 23.607ms
[2024-08-27T15:00:47.711+0000][info][gc,marking     ] GC(413) Concurrent Rebuild Remembered Sets
[2024-08-27T15:00:47.713+0000][info][gc,start       ] GC(414) Pause Young (Normal) (G1 Evacuation Pause)
[2024-08-27T15:00:47.714+0000][info][gc,task        ] GC(414) Using 24 workers of 68 for evacuation
[2024-08-27T15:00:47.723+0000][info][gc,phases      ] GC(414)   Pre Evacuate Collection Set: 0.2ms
[2024-08-27T15:00:47.723+0000][info][gc,phases      ] GC(414)   Merge Heap Roots: 0.3ms
[2024-08-27T15:00:47.723+0000][info][gc,phases      ] GC(414)   Evacuate Collection Set: 8.4ms
[2024-08-27T15:00:47.723+0000][info][gc,phases      ] GC(414)   Post Evacuate Collection Set: 0.4ms
[2024-08-27T15:00:47.723+0000][info][gc,phases      ] GC(414)   Other: 0.2ms
[2024-08-27T15:00:47.723+0000][info][gc,heap        ] GC(414) Eden regions: 44->0(44)
[2024-08-27T15:00:47.723+0000][info][gc,heap        ] GC(414) Survivor regions: 7->7(7)
[2024-08-27T15:00:47.723+0000][info][gc,heap        ] GC(414) Old regions: 827->874
[2024-08-27T15:00:47.723+0000][info][gc,heap        ] GC(414) Archive regions: 2->2
[2024-08-27T15:00:47.723+0000][info][gc,heap        ] GC(414) Humongous regions: 5->5
[2024-08-27T15:00:47.723+0000][info][gc,metaspace   ] GC(414) Metaspace: 100K(320K)->100K(320K) NonClass: 96K(192K)->96K(192K) Class: 4K(128K)->4K(128K)
[2024-08-27T15:00:47.723+0000][info][gc             ] GC(414) Pause Young (Normal) (G1 Evacuation Pause) 883M->886M(1024M) 9.646ms
[2024-08-27T15:00:47.723+0000][info][gc,cpu         ] GC(414) User=0.21s Sys=0.00s Real=0.01s
[2024-08-27T15:00:47.744+0000][info][gc,start       ] GC(415) Pause Young (Normal) (G1 Evacuation Pause)
[2024-08-27T15:00:47.744+0000][info][gc,task        ] GC(415) Using 24 workers of 68 for evacuation
[2024-08-27T15:00:47.757+0000][info][gc,phases      ] GC(415)   Pre Evacuate Collection Set: 0.2ms
[2024-08-27T15:00:47.757+0000][info][gc,phases      ] GC(415)   Merge Heap Roots: 0.5ms
[2024-08-27T15:00:47.757+0000][info][gc,phases      ] GC(415)   Evacuate Collection Set: 11.2ms
[2024-08-27T15:00:47.757+0000][info][gc,phases      ] GC(415)   Post Evacuate Collection Set: 0.5ms
[2024-08-27T15:00:47.757+0000][info][gc,phases      ] GC(415)   Other: 0.3ms
[2024-08-27T15:00:47.757+0000][info][gc,heap        ] GC(415) Eden regions: 44->0(44)
[2024-08-27T15:00:47.757+0000][info][gc,heap        ] GC(415) Survivor regions: 7->7(7)
[2024-08-27T15:00:47.757+0000][info][gc,heap        ] GC(415) Old regions: 874->920
[2024-08-27T15:00:47.757+0000][info][gc,heap        ] GC(415) Archive regions: 2->2
[2024-08-27T15:00:47.757+0000][info][gc,heap        ] GC(415) Humongous regions: 5->5
[2024-08-27T15:00:47.757+0000][info][gc,metaspace   ] GC(415) Metaspace: 100K(320K)->100K(320K) NonClass: 96K(192K)->96K(192K) Class: 4K(128K)->4K(128K)
[2024-08-27T15:00:47.757+0000][info][gc             ] GC(415) Pause Young (Normal) (G1 Evacuation Pause) 930M->932M(1024M) 12.714ms
[2024-08-27T15:00:47.757+0000][info][gc,cpu         ] GC(415) User=0.28s Sys=0.00s Real=0.01s
[2024-08-27T15:00:47.775+0000][info][gc,start       ] GC(416) Pause Young (Normal) (G1 Preventive Collection)
[2024-08-27T15:00:47.775+0000][info][gc,task        ] GC(416) Using 24 workers of 68 for evacuation
[2024-08-27T15:00:47.789+0000][info][gc,phases      ] GC(416)   Pre Evacuate Collection Set: 0.1ms
[2024-08-27T15:00:47.789+0000][info][gc,phases      ] GC(416)   Merge Heap Roots: 0.4ms
[2024-08-27T15:00:47.789+0000][info][gc,phases      ] GC(416)   Evacuate Collection Set: 12.2ms
[2024-08-27T15:00:47.789+0000][info][gc,phases      ] GC(416)   Post Evacuate Collection Set: 0.6ms
[2024-08-27T15:00:47.789+0000][info][gc,phases      ] GC(416)   Other: 0.2ms
[2024-08-27T15:00:47.789+0000][info][gc,heap        ] GC(416) Eden regions: 39->0(44)
[2024-08-27T15:00:47.789+0000][info][gc,heap        ] GC(416) Survivor regions: 7->7(7)
[2024-08-27T15:00:47.789+0000][info][gc,heap        ] GC(416) Old regions: 920->961
[2024-08-27T15:00:47.789+0000][info][gc,heap        ] GC(416) Archive regions: 2->2
[2024-08-27T15:00:47.789+0000][info][gc,heap        ] GC(416) Humongous regions: 5->5
[2024-08-27T15:00:47.789+0000][info][gc,metaspace   ] GC(416) Metaspace: 100K(320K)->100K(320K) NonClass: 96K(192K)->96K(192K) Class: 4K(128K)->4K(128K)
[2024-08-27T15:00:47.789+0000][info][gc             ] GC(416) Pause Young (Normal) (G1 Preventive Collection) 971M->973M(1024M) 13.553ms
[2024-08-27T15:00:47.789+0000][info][gc,cpu         ] GC(416) User=0.31s Sys=0.00s Real=0.01s
[2024-08-27T15:00:47.795+0000][info][gc,marking     ] GC(413) Concurrent Rebuild Remembered Sets 84.201ms
[2024-08-27T15:00:47.795+0000][info][gc,start       ] GC(413) Pause Cleanup
[2024-08-27T15:00:47.797+0000][info][gc             ] GC(413) Pause Cleanup 986M->986M(1024M) 1.659ms
[2024-08-27T15:00:47.797+0000][info][gc,cpu         ] GC(413) User=0.00s Sys=0.00s Real=0.00s
[2024-08-27T15:00:47.797+0000][info][gc,marking     ] GC(413) Concurrent Cleanup for Next Mark
[2024-08-27T15:00:47.798+0000][info][gc,marking     ] GC(413) Concurrent Cleanup for Next Mark 0.658ms
[2024-08-27T15:00:47.798+0000][info][gc             ] GC(413) Concurrent Mark Cycle 112.110ms
[2024-08-27T15:00:47.801+0000][info][gc,start       ] GC(417) Pause Young (Prepare Mixed) (G1 Preventive Collection)
[2024-08-27T15:00:47.801+0000][info][gc,task        ] GC(417) Using 24 workers of 68 for evacuation
[2024-08-27T15:00:47.813+0000][info][gc             ] GC(417) To-space exhausted
[2024-08-27T15:00:47.813+0000][info][gc,phases      ] GC(417)   Pre Evacuate Collection Set: 0.2ms
[2024-08-27T15:00:47.813+0000][info][gc,phases      ] GC(417)   Merge Heap Roots: 0.6ms
[2024-08-27T15:00:47.813+0000][info][gc,phases      ] GC(417)   Evacuate Collection Set: 10.6ms
[2024-08-27T15:00:47.813+0000][info][gc,phases      ] GC(417)   Post Evacuate Collection Set: 0.7ms
[2024-08-27T15:00:47.813+0000][info][gc,phases      ] GC(417)   Other: 0.2ms
[2024-08-27T15:00:47.813+0000][info][gc,heap        ] GC(417) Eden regions: 20->0(44)
[2024-08-27T15:00:47.813+0000][info][gc,heap        ] GC(417) Survivor regions: 7->7(7)
[2024-08-27T15:00:47.813+0000][info][gc,heap        ] GC(417) Old regions: 961->1008
[2024-08-27T15:00:47.813+0000][info][gc,heap        ] GC(417) Archive regions: 2->2
[2024-08-27T15:00:47.813+0000][info][gc,heap        ] GC(417) Humongous regions: 5->5
[2024-08-27T15:00:47.813+0000][info][gc,metaspace   ] GC(417) Metaspace: 100K(320K)->100K(320K) NonClass: 96K(192K)->96K(192K) Class: 4K(128K)->4K(128K)
[2024-08-27T15:00:47.813+0000][info][gc             ] GC(417) Pause Young (Prepare Mixed) (G1 Preventive Collection) 993M->1020M(1024M) 12.302ms
[2024-08-27T15:00:47.813+0000][info][gc,cpu         ] GC(417) User=0.24s Sys=0.04s Real=0.01s
[2024-08-27T15:00:47.814+0000][info][gc,start       ] GC(418) Pause Young (Mixed) (G1 Preventive Collection)
[2024-08-27T15:00:47.814+0000][info][gc,task        ] GC(418) Using 24 workers of 68 for evacuation
[2024-08-27T15:00:47.817+0000][info][gc             ] GC(418) To-space exhausted
[2024-08-27T15:00:47.818+0000][info][gc,phases      ] GC(418)   Pre Evacuate Collection Set: 0.2ms
[2024-08-27T15:00:47.818+0000][info][gc,phases      ] GC(418)   Merge Heap Roots: 0.3ms
[2024-08-27T15:00:47.818+0000][info][gc,phases      ] GC(418)   Evacuate Collection Set: 2.1ms
[2024-08-27T15:00:47.818+0000][info][gc,phases      ] GC(418)   Post Evacuate Collection Set: 0.8ms
[2024-08-27T15:00:47.818+0000][info][gc,phases      ] GC(418)   Other: 0.1ms
[2024-08-27T15:00:47.818+0000][info][gc,heap        ] GC(418) Eden regions: 1->0(50)
[2024-08-27T15:00:47.818+0000][info][gc,heap        ] GC(418) Survivor regions: 7->1(1)
[2024-08-27T15:00:47.818+0000][info][gc,heap        ] GC(418) Old regions: 1008->1016
[2024-08-27T15:00:47.818+0000][info][gc,heap        ] GC(418) Archive regions: 2->2
[2024-08-27T15:00:47.818+0000][info][gc,heap        ] GC(418) Humongous regions: 5->5
[2024-08-27T15:00:47.818+0000][info][gc,metaspace   ] GC(418) Metaspace: 100K(320K)->100K(320K) NonClass: 96K(192K)->96K(192K) Class: 4K(128K)->4K(128K)
[2024-08-27T15:00:47.818+0000][info][gc             ] GC(418) Pause Young (Mixed) (G1 Preventive Collection) 1021M->1022M(1024M) 3.503ms
[2024-08-27T15:00:47.818+0000][info][gc,cpu         ] GC(418) User=0.06s Sys=0.00s Real=0.01s
[2024-08-27T15:00:47.818+0000][info][gc,ergo        ] Attempting full compaction
[2024-08-27T15:00:47.818+0000][info][gc,task        ] GC(419) Using 24 workers of 68 for full compaction
[2024-08-27T15:00:47.818+0000][info][gc,start       ] GC(419) Pause Full (G1 Compaction Pause)
[2024-08-27T15:00:47.818+0000][info][gc,phases,start] GC(419) Phase 1: Mark live objects
[2024-08-27T15:00:47.830+0000][info][gc,phases      ] GC(419) Phase 1: Mark live objects 12.330ms
[2024-08-27T15:00:47.830+0000][info][gc,phases,start] GC(419) Phase 2: Prepare for compaction
[2024-08-27T15:00:47.839+0000][info][gc,phases      ] GC(419) Phase 2: Prepare for compaction 8.368ms
[2024-08-27T15:00:47.839+0000][info][gc,phases,start] GC(419) Phase 3: Adjust pointers
[2024-08-27T15:00:47.852+0000][info][gc,phases      ] GC(419) Phase 3: Adjust pointers 13.629ms
[2024-08-27T15:00:47.853+0000][info][gc,phases,start] GC(419) Phase 4: Compact heap
[2024-08-27T15:00:47.875+0000][info][gc,phases      ] GC(419) Phase 4: Compact heap 22.892ms
[2024-08-27T15:00:47.876+0000][info][gc,heap        ] GC(419) Eden regions: 0->0(149)
[2024-08-27T15:00:47.876+0000][info][gc,heap        ] GC(419) Survivor regions: 1->0(1)
[2024-08-27T15:00:47.876+0000][info][gc,heap        ] GC(419) Old regions: 1016->444
[2024-08-27T15:00:47.876+0000][info][gc,heap        ] GC(419) Archive regions: 2->2
[2024-08-27T15:00:47.876+0000][info][gc,heap        ] GC(419) Humongous regions: 5->5
[2024-08-27T15:00:47.876+0000][info][gc,metaspace   ] GC(419) Metaspace: 100K(320K)->100K(320K) NonClass: 96K(192K)->96K(192K) Class: 4K(128K)->4K(128K)
[2024-08-27T15:00:47.876+0000][info][gc             ] GC(419) Pause Full (G1 Compaction Pause) 1022M->436M(1024M) 58.399ms
[2024-08-27T15:00:47.877+0000][info][gc,cpu         ] GC(419) User=1.25s Sys=0.00s Real=0.05s
[2024-08-27T15:00:47.948+0000][info][gc,start       ] GC(420) Pause Young (Normal) (G1 Evacuation Pause)
[2024-08-27T15:00:47.948+0000][info][gc,task        ] GC(420) Using 24 workers of 68 for evacuation
[2024-08-27T15:00:47.969+0000][info][gc,phases      ] GC(420)   Pre Evacuate Collection Set: 0.2ms
[2024-08-27T15:00:47.969+0000][info][gc,phases      ] GC(420)   Merge Heap Roots: 0.4ms
[2024-08-27T15:00:47.969+0000][info][gc,phases      ] GC(420)   Evacuate Collection Set: 19.9ms
[2024-08-27T15:00:47.969+0000][info][gc,phases      ] GC(420)   Post Evacuate Collection Set: 0.3ms
[2024-08-27T15:00:47.969+0000][info][gc,phases      ] GC(420)   Other: 0.2ms
[2024-08-27T15:00:47.969+0000][info][gc,heap        ] GC(420) Eden regions: 149->0(103)
[2024-08-27T15:00:47.969+0000][info][gc,heap        ] GC(420) Survivor regions: 0->19(19)
[2024-08-27T15:00:47.969+0000][info][gc,heap        ] GC(420) Old regions: 444->570
[2024-08-27T15:00:47.969+0000][info][gc,heap        ] GC(420) Archive regions: 2->2
[2024-08-27T15:00:47.969+0000][info][gc,heap        ] GC(420) Humongous regions: 5->5
[2024-08-27T15:00:47.969+0000][info][gc,metaspace   ] GC(420) Metaspace: 100K(320K)->100K(320K) NonClass: 96K(192K)->96K(192K) Class: 4K(128K)->4K(128K)
[2024-08-27T15:00:47.969+0000][info][gc             ] GC(420) Pause Young (Normal) (G1 Evacuation Pause) 585M->580M(1024M) 21.044ms
[2024-08-27T15:00:47.969+0000][info][gc,cpu         ] GC(420) User=0.48s Sys=0.01s Real=0.02s
[2024-08-27T15:00:48.017+0000][info][gc,start       ] GC(421) Pause Young (Concurrent Start) (G1 Evacuation Pause)
[2024-08-27T15:00:48.017+0000][info][gc,task        ] GC(421) Using 24 workers of 68 for evacuation
[2024-08-27T15:00:48.036+0000][info][gc,phases      ] GC(421)   Pre Evacuate Collection Set: 0.2ms
[2024-08-27T15:00:48.036+0000][info][gc,phases      ] GC(421)   Merge Heap Roots: 0.3ms
[2024-08-27T15:00:48.036+0000][info][gc,phases      ] GC(421)   Evacuate Collection Set: 17.7ms
[2024-08-27T15:00:48.036+0000][info][gc,phases      ] GC(421)   Post Evacuate Collection Set: 0.3ms
[2024-08-27T15:00:48.036+0000][info][gc,phases      ] GC(421)   Other: 0.6ms
[2024-08-27T15:00:48.036+0000][info][gc,heap        ] GC(421) Eden regions: 103->0(70)
[2024-08-27T15:00:48.036+0000][info][gc,heap        ] GC(421) Survivor regions: 19->16(16)
[2024-08-27T15:00:48.036+0000][info][gc,heap        ] GC(421) Old regions: 570->677
[2024-08-27T15:00:48.036+0000][info][gc,heap        ] GC(421) Archive regions: 2->2
[2024-08-27T15:00:48.036+0000][info][gc,heap        ] GC(421) Humongous regions: 5->5
[2024-08-27T15:00:48.036+0000][info][gc,metaspace   ] GC(421) Metaspace: 100K(320K)->100K(320K) NonClass: 96K(192K)->96K(192K) Class: 4K(128K)->4K(128K)
[2024-08-27T15:00:48.036+0000][info][gc             ] GC(421) Pause Young (Concurrent Start) (G1 Evacuation Pause) 683M->684M(1024M) 19.089ms
[2024-08-27T15:00:48.036+0000][info][gc,cpu         ] GC(421) User=0.43s Sys=0.00s Real=0.02s
[2024-08-27T15:00:48.036+0000][info][gc             ] GC(422) Concurrent Mark Cycle
[2024-08-27T15:00:48.036+0000][info][gc,marking     ] GC(422) Concurrent Clear Claimed Marks
[2024-08-27T15:00:48.036+0000][info][gc,marking     ] GC(422) Concurrent Clear Claimed Marks 0.010ms
[2024-08-27T15:00:48.036+0000][info][gc,marking     ] GC(422) Concurrent Scan Root Regions
[2024-08-27T15:00:48.040+0000][info][gc,marking     ] GC(422) Concurrent Scan Root Regions 3.383ms
[2024-08-27T15:00:48.040+0000][info][gc,marking     ] GC(422) Concurrent Mark
[2024-08-27T15:00:48.040+0000][info][gc,marking     ] GC(422) Concurrent Mark From Roots
[2024-08-27T15:00:48.040+0000][info][gc,task        ] GC(422) Using 17 workers of 17 for marking
[2024-08-27T15:00:48.059+0000][info][gc,marking     ] GC(422) Concurrent Mark From Roots 19.343ms
[2024-08-27T15:00:48.059+0000][info][gc,marking     ] GC(422) Concurrent Preclean
[2024-08-27T15:00:48.060+0000][info][gc,marking     ] GC(422) Concurrent Preclean 0.506ms
[2024-08-27T15:00:48.060+0000][info][gc,start       ] GC(422) Pause Remark
[2024-08-27T15:00:48.061+0000][info][gc             ] GC(422) Pause Remark 718M->718M(1024M) 1.283ms
[2024-08-27T15:00:48.061+0000][info][gc,cpu         ] GC(422) User=0.00s Sys=0.00s Real=0.00s
[2024-08-27T15:00:48.061+0000][info][gc,marking     ] GC(422) Concurrent Mark 21.498ms
[2024-08-27T15:00:48.061+0000][info][gc,marking     ] GC(422) Concurrent Rebuild Remembered Sets
[2024-08-27T15:00:48.080+0000][info][gc,start       ] GC(423) Pause Young (Normal) (G1 Evacuation Pause)
[2024-08-27T15:00:48.080+0000][info][gc,task        ] GC(423) Using 24 workers of 68 for evacuation
[2024-08-27T15:00:48.098+0000][info][gc,phases      ] GC(423)   Pre Evacuate Collection Set: 0.2ms
[2024-08-27T15:00:48.098+0000][info][gc,phases      ] GC(423)   Merge Heap Roots: 0.4ms
[2024-08-27T15:00:48.098+0000][info][gc,phases      ] GC(423)   Evacuate Collection Set: 16.1ms
[2024-08-27T15:00:48.098+0000][info][gc,phases      ] GC(423)   Post Evacuate Collection Set: 0.6ms
[2024-08-27T15:00:48.098+0000][info][gc,phases      ] GC(423)   Other: 0.3ms
[2024-08-27T15:00:48.098+0000][info][gc,heap        ] GC(423) Eden regions: 70->0(46)
[2024-08-27T15:00:48.098+0000][info][gc,heap        ] GC(423) Survivor regions: 16->11(11)
[2024-08-27T15:00:48.098+0000][info][gc,heap        ] GC(423) Old regions: 677->754
[2024-08-27T15:00:48.098+0000][info][gc,heap        ] GC(423) Archive regions: 2->2
[2024-08-27T15:00:48.098+0000][info][gc,heap        ] GC(423) Humongous regions: 5->5
[2024-08-27T15:00:48.098+0000][info][gc,metaspace   ] GC(423) Metaspace: 100K(320K)->100K(320K) NonClass: 96K(192K)->96K(192K) Class: 4K(128K)->4K(128K)
[2024-08-27T15:00:48.098+0000][info][gc             ] GC(423) Pause Young (Normal) (G1 Evacuation Pause) 754M->756M(1024M) 17.541ms
[2024-08-27T15:00:48.098+0000][info][gc,cpu         ] GC(423) User=0.40s Sys=0.00s Real=0.02s
[2024-08-27T15:00:48.123+0000][info][gc,start       ] GC(424) Pause Young (Normal) (G1 Evacuation Pause)
[2024-08-27T15:00:48.123+0000][info][gc,task        ] GC(424) Using 24 workers of 68 for evacuation
[2024-08-27T15:00:48.141+0000][info][gc,phases      ] GC(424)   Pre Evacuate Collection Set: 0.2ms
[2024-08-27T15:00:48.141+0000][info][gc,phases      ] GC(424)   Merge Heap Roots: 0.4ms
[2024-08-27T15:00:48.141+0000][info][gc,phases      ] GC(424)   Evacuate Collection Set: 16.2ms
[2024-08-27T15:00:48.141+0000][info][gc,phases      ] GC(424)   Post Evacuate Collection Set: 0.6ms
[2024-08-27T15:00:48.141+0000][info][gc,phases      ] GC(424)   Other: 0.2ms
[2024-08-27T15:00:48.141+0000][info][gc,heap        ] GC(424) Eden regions: 46->0(43)
[2024-08-27T15:00:48.141+0000][info][gc,heap        ] GC(424) Survivor regions: 11->8(8)
[2024-08-27T15:00:48.141+0000][info][gc,heap        ] GC(424) Old regions: 754->807
[2024-08-27T15:00:48.141+0000][info][gc,heap        ] GC(424) Archive regions: 2->2
[2024-08-27T15:00:48.141+0000][info][gc,heap        ] GC(424) Humongous regions: 5->5
[2024-08-27T15:00:48.141+0000][info][gc,metaspace   ] GC(424) Metaspace: 100K(320K)->100K(320K) NonClass: 96K(192K)->96K(192K) Class: 4K(128K)->4K(128K)
[2024-08-27T15:00:48.141+0000][info][gc             ] GC(424) Pause Young (Normal) (G1 Evacuation Pause) 802M->807M(1024M) 17.597ms
[2024-08-27T15:00:48.141+0000][info][gc,cpu         ] GC(424) User=0.40s Sys=0.00s Real=0.02s
[2024-08-27T15:00:48.144+0000][info][gc,marking     ] GC(422) Concurrent Rebuild Remembered Sets 82.618ms
[2024-08-27T15:00:48.144+0000][info][gc,start       ] GC(422) Pause Cleanup
[2024-08-27T15:00:48.145+0000][info][gc             ] GC(422) Pause Cleanup 813M->813M(1024M) 1.086ms
[2024-08-27T15:00:48.145+0000][info][gc,cpu         ] GC(422) User=0.00s Sys=0.00s Real=0.00s
[2024-08-27T15:00:48.145+0000][info][gc,marking     ] GC(422) Concurrent Cleanup for Next Mark
[2024-08-27T15:00:48.146+0000][info][gc,marking     ] GC(422) Concurrent Cleanup for Next Mark 0.587ms
[2024-08-27T15:00:48.146+0000][info][gc             ] GC(422) Concurrent Mark Cycle 109.599ms
[2024-08-27T15:00:48.164+0000][info][gc,start       ] GC(425) Pause Young (Prepare Mixed) (G1 Evacuation Pause)
[2024-08-27T15:00:48.164+0000][info][gc,task        ] GC(425) Using 24 workers of 68 for evacuation
[2024-08-27T15:00:48.180+0000][info][gc,phases      ] GC(425)   Pre Evacuate Collection Set: 0.2ms
[2024-08-27T15:00:48.180+0000][info][gc,phases      ] GC(425)   Merge Heap Roots: 0.6ms
[2024-08-27T15:00:48.180+0000][info][gc,phases      ] GC(425)   Evacuate Collection Set: 15.1ms
[2024-08-27T15:00:48.180+0000][info][gc,phases      ] GC(425)   Post Evacuate Collection Set: 0.3ms
[2024-08-27T15:00:48.180+0000][info][gc,phases      ] GC(425)   Other: 0.2ms
[2024-08-27T15:00:48.180+0000][info][gc,heap        ] GC(425) Eden regions: 43->0(44)
[2024-08-27T15:00:48.180+0000][info][gc,heap        ] GC(425) Survivor regions: 8->7(7)
[2024-08-27T15:00:48.180+0000][info][gc,heap        ] GC(425) Old regions: 807->854
[2024-08-27T15:00:48.180+0000][info][gc,heap        ] GC(425) Archive regions: 2->2
[2024-08-27T15:00:48.180+0000][info][gc,heap        ] GC(425) Humongous regions: 5->5
[2024-08-27T15:00:48.180+0000][info][gc,metaspace   ] GC(425) Metaspace: 100K(320K)->100K(320K) NonClass: 96K(192K)->96K(192K) Class: 4K(128K)->4K(128K)
[2024-08-27T15:00:48.181+0000][info][gc             ] GC(425) Pause Young (Prepare Mixed) (G1 Evacuation Pause) 850M->853M(1024M) 16.419ms
[2024-08-27T15:00:48.181+0000][info][gc,cpu         ] GC(425) User=0.38s Sys=0.00s Real=0.02s
[2024-08-27T15:00:48.201+0000][info][gc,start       ] GC(426) Pause Young (Mixed) (G1 Evacuation Pause)
[2024-08-27T15:00:48.201+0000][info][gc,task        ] GC(426) Using 24 workers of 68 for evacuation
[2024-08-27T15:00:48.213+0000][info][gc,phases      ] GC(426)   Pre Evacuate Collection Set: 0.2ms
[2024-08-27T15:00:48.213+0000][info][gc,phases      ] GC(426)   Merge Heap Roots: 0.5ms
[2024-08-27T15:00:48.213+0000][info][gc,phases      ] GC(426)   Evacuate Collection Set: 10.3ms
[2024-08-27T15:00:48.213+0000][info][gc,phases      ] GC(426)   Post Evacuate Collection Set: 0.4ms
[2024-08-27T15:00:48.213+0000][info][gc,phases      ] GC(426)   Other: 0.2ms
[2024-08-27T15:00:48.213+0000][info][gc,heap        ] GC(426) Eden regions: 44->0(44)
[2024-08-27T15:00:48.213+0000][info][gc,heap        ] GC(426) Survivor regions: 7->7(7)
[2024-08-27T15:00:48.213+0000][info][gc,heap        ] GC(426) Old regions: 854->799
[2024-08-27T15:00:48.213+0000][info][gc,heap        ] GC(426) Archive regions: 2->2
[2024-08-27T15:00:48.213+0000][info][gc,heap        ] GC(426) Humongous regions: 5->5
[2024-08-27T15:00:48.213+0000][info][gc,metaspace   ] GC(426) Metaspace: 100K(320K)->100K(320K) NonClass: 96K(192K)->96K(192K) Class: 4K(128K)->4K(128K)
[2024-08-27T15:00:48.213+0000][info][gc             ] GC(426) Pause Young (Mixed) (G1 Evacuation Pause) 897M->809M(1024M) 11.667ms
[2024-08-27T15:00:48.213+0000][info][gc,cpu         ] GC(426) User=0.26s Sys=0.00s Real=0.01s
[2024-08-27T15:00:48.232+0000][info][gc,start       ] GC(427) Pause Young (Mixed) (G1 Evacuation Pause)
[2024-08-27T15:00:48.232+0000][info][gc,task        ] GC(427) Using 24 workers of 68 for evacuation
[2024-08-27T15:00:48.242+0000][info][gc,phases      ] GC(427)   Pre Evacuate Collection Set: 0.2ms
[2024-08-27T15:00:48.242+0000][info][gc,phases      ] GC(427)   Merge Heap Roots: 0.5ms
[2024-08-27T15:00:48.242+0000][info][gc,phases      ] GC(427)   Evacuate Collection Set: 8.5ms
[2024-08-27T15:00:48.242+0000][info][gc,phases      ] GC(427)   Post Evacuate Collection Set: 0.4ms
[2024-08-27T15:00:48.242+0000][info][gc,phases      ] GC(427)   Other: 0.2ms
[2024-08-27T15:00:48.242+0000][info][gc,heap        ] GC(427) Eden regions: 44->0(48)
[2024-08-27T15:00:48.242+0000][info][gc,heap        ] GC(427) Survivor regions: 7->7(7)
[2024-08-27T15:00:48.242+0000][info][gc,heap        ] GC(427) Old regions: 799->753
[2024-08-27T15:00:48.242+0000][info][gc,heap        ] GC(427) Archive regions: 2->2
[2024-08-27T15:00:48.242+0000][info][gc,heap        ] GC(427) Humongous regions: 5->5
[2024-08-27T15:00:48.242+0000][info][gc,metaspace   ] GC(427) Metaspace: 100K(320K)->100K(320K) NonClass: 96K(192K)->96K(192K) Class: 4K(128K)->4K(128K)
[2024-08-27T15:00:48.242+0000][info][gc             ] GC(427) Pause Young (Mixed) (G1 Evacuation Pause) 853M->765M(1024M) 10.032ms
[2024-08-27T15:00:48.242+0000][info][gc,cpu         ] GC(427) User=0.16s Sys=0.06s Real=0.01s
[2024-08-27T15:00:48.263+0000][info][gc,start       ] GC(428) Pause Young (Concurrent Start) (G1 Evacuation Pause)
[2024-08-27T15:00:48.263+0000][info][gc,task        ] GC(428) Using 24 workers of 68 for evacuation
[2024-08-27T15:00:48.272+0000][info][gc,phases      ] GC(428)   Pre Evacuate Collection Set: 0.2ms
[2024-08-27T15:00:48.273+0000][info][gc,phases      ] GC(428)   Merge Heap Roots: 0.4ms
[2024-08-27T15:00:48.273+0000][info][gc,phases      ] GC(428)   Evacuate Collection Set: 8.2ms
[2024-08-27T15:00:48.273+0000][info][gc,phases      ] GC(428)   Post Evacuate Collection Set: 0.3ms
[2024-08-27T15:00:48.273+0000][info][gc,phases      ] GC(428)   Other: 0.6ms
[2024-08-27T15:00:48.273+0000][info][gc,heap        ] GC(428) Eden regions: 48->0(44)
[2024-08-27T15:00:48.273+0000][info][gc,heap        ] GC(428) Survivor regions: 7->7(7)
[2024-08-27T15:00:48.273+0000][info][gc,heap        ] GC(428) Old regions: 753->804
[2024-08-27T15:00:48.273+0000][info][gc,heap        ] GC(428) Archive regions: 2->2
[2024-08-27T15:00:48.273+0000][info][gc,heap        ] GC(428) Humongous regions: 5->5
[2024-08-27T15:00:48.273+0000][info][gc,metaspace   ] GC(428) Metaspace: 100K(320K)->100K(320K) NonClass: 96K(192K)->96K(192K) Class: 4K(128K)->4K(128K)
[2024-08-27T15:00:48.273+0000][info][gc             ] GC(428) Pause Young (Concurrent Start) (G1 Evacuation Pause) 813M->816M(1024M) 9.722ms
[2024-08-27T15:00:48.273+0000][info][gc,cpu         ] GC(428) User=0.20s Sys=0.00s Real=0.01s
[2024-08-27T15:00:48.273+0000][info][gc             ] GC(429) Concurrent Mark Cycle
[2024-08-27T15:00:48.273+0000][info][gc,marking     ] GC(429) Concurrent Clear Claimed Marks
[2024-08-27T15:00:48.273+0000][info][gc,marking     ] GC(429) Concurrent Clear Claimed Marks 0.010ms
[2024-08-27T15:00:48.273+0000][info][gc,marking     ] GC(429) Concurrent Scan Root Regions
[2024-08-27T15:00:48.275+0000][info][gc,marking     ] GC(429) Concurrent Scan Root Regions 1.742ms
[2024-08-27T15:00:48.275+0000][info][gc,marking     ] GC(429) Concurrent Mark
[2024-08-27T15:00:48.275+0000][info][gc,marking     ] GC(429) Concurrent Mark From Roots
[2024-08-27T15:00:48.275+0000][info][gc,task        ] GC(429) Using 17 workers of 17 for marking
[2024-08-27T15:00:48.296+0000][info][gc,marking     ] GC(429) Concurrent Mark From Roots 20.886ms
[2024-08-27T15:00:48.296+0000][info][gc,marking     ] GC(429) Concurrent Preclean
[2024-08-27T15:00:48.296+0000][info][gc,marking     ] GC(429) Concurrent Preclean 0.649ms
[2024-08-27T15:00:48.297+0000][info][gc,start       ] GC(429) Pause Remark
[2024-08-27T15:00:48.298+0000][info][gc             ] GC(429) Pause Remark 856M->856M(1024M) 1.419ms
[2024-08-27T15:00:48.298+0000][info][gc,cpu         ] GC(429) User=0.01s Sys=0.00s Real=0.01s
[2024-08-27T15:00:48.298+0000][info][gc,marking     ] GC(429) Concurrent Mark 23.440ms
[2024-08-27T15:00:48.298+0000][info][gc,marking     ] GC(429) Concurrent Rebuild Remembered Sets
[2024-08-27T15:00:48.300+0000][info][gc,start       ] GC(430) Pause Young (Normal) (G1 Evacuation Pause)
[2024-08-27T15:00:48.300+0000][info][gc,task        ] GC(430) Using 24 workers of 68 for evacuation
[2024-08-27T15:00:48.308+0000][info][gc,phases      ] GC(430)   Pre Evacuate Collection Set: 0.2ms
[2024-08-27T15:00:48.309+0000][info][gc,phases      ] GC(430)   Merge Heap Roots: 0.3ms
[2024-08-27T15:00:48.309+0000][info][gc,phases      ] GC(430)   Evacuate Collection Set: 7.1ms
[2024-08-27T15:00:48.309+0000][info][gc,phases      ] GC(430)   Post Evacuate Collection Set: 0.4ms
[2024-08-27T15:00:48.309+0000][info][gc,phases      ] GC(430)   Other: 0.2ms
[2024-08-27T15:00:48.309+0000][info][gc,heap        ] GC(430) Eden regions: 44->0(44)
[2024-08-27T15:00:48.309+0000][info][gc,heap        ] GC(430) Survivor regions: 7->7(7)
[2024-08-27T15:00:48.309+0000][info][gc,heap        ] GC(430) Old regions: 804->850
[2024-08-27T15:00:48.309+0000][info][gc,heap        ] GC(430) Archive regions: 2->2
[2024-08-27T15:00:48.309+0000][info][gc,heap        ] GC(430) Humongous regions: 5->5
[2024-08-27T15:00:48.309+0000][info][gc,metaspace   ] GC(430) Metaspace: 100K(320K)->100K(320K) NonClass: 96K(192K)->96K(192K) Class: 4K(128K)->4K(128K)
[2024-08-27T15:00:48.309+0000][info][gc             ] GC(430) Pause Young (Normal) (G1 Evacuation Pause) 860M->862M(1024M) 8.322ms
[2024-08-27T15:00:48.309+0000][info][gc,cpu         ] GC(430) User=0.18s Sys=0.00s Real=0.00s
[2024-08-27T15:00:48.329+0000][info][gc,start       ] GC(431) Pause Young (Normal) (G1 Evacuation Pause)
[2024-08-27T15:00:48.329+0000][info][gc,task        ] GC(431) Using 24 workers of 68 for evacuation
[2024-08-27T15:00:48.341+0000][info][gc,phases      ] GC(431)   Pre Evacuate Collection Set: 0.2ms
[2024-08-27T15:00:48.341+0000][info][gc,phases      ] GC(431)   Merge Heap Roots: 0.4ms
[2024-08-27T15:00:48.341+0000][info][gc,phases      ] GC(431)   Evacuate Collection Set: 11.0ms
[2024-08-27T15:00:48.341+0000][info][gc,phases      ] GC(431)   Post Evacuate Collection Set: 0.5ms
[2024-08-27T15:00:48.341+0000][info][gc,phases      ] GC(431)   Other: 0.3ms
[2024-08-27T15:00:48.341+0000][info][gc,heap        ] GC(431) Eden regions: 44->0(44)
[2024-08-27T15:00:48.341+0000][info][gc,heap        ] GC(431) Survivor regions: 7->7(7)
[2024-08-27T15:00:48.341+0000][info][gc,heap        ] GC(431) Old regions: 850->896
[2024-08-27T15:00:48.341+0000][info][gc,heap        ] GC(431) Archive regions: 2->2
[2024-08-27T15:00:48.341+0000][info][gc,heap        ] GC(431) Humongous regions: 5->5
[2024-08-27T15:00:48.341+0000][info][gc,metaspace   ] GC(431) Metaspace: 100K(320K)->100K(320K) NonClass: 96K(192K)->96K(192K) Class: 4K(128K)->4K(128K)
[2024-08-27T15:00:48.341+0000][info][gc             ] GC(431) Pause Young (Normal) (G1 Evacuation Pause) 906M->908M(1024M) 12.414ms
[2024-08-27T15:00:48.341+0000][info][gc,cpu         ] GC(431) User=0.28s Sys=0.00s Real=0.02s
[2024-08-27T15:00:48.362+0000][info][gc,start       ] GC(432) Pause Young (Normal) (G1 Evacuation Pause)
[2024-08-27T15:00:48.362+0000][info][gc,task        ] GC(432) Using 24 workers of 68 for evacuation
[2024-08-27T15:00:48.376+0000][info][gc,phases      ] GC(432)   Pre Evacuate Collection Set: 0.2ms
[2024-08-27T15:00:48.376+0000][info][gc,phases      ] GC(432)   Merge Heap Roots: 0.4ms
[2024-08-27T15:00:48.376+0000][info][gc,phases      ] GC(432)   Evacuate Collection Set: 13.0ms
[2024-08-27T15:00:48.376+0000][info][gc,phases      ] GC(432)   Post Evacuate Collection Set: 0.6ms
[2024-08-27T15:00:48.376+0000][info][gc,phases      ] GC(432)   Other: 0.3ms
[2024-08-27T15:00:48.376+0000][info][gc,heap        ] GC(432) Eden regions: 44->0(44)
[2024-08-27T15:00:48.376+0000][info][gc,heap        ] GC(432) Survivor regions: 7->7(7)
[2024-08-27T15:00:48.376+0000][info][gc,heap        ] GC(432) Old regions: 896->943
[2024-08-27T15:00:48.376+0000][info][gc,heap        ] GC(432) Archive regions: 2->2
[2024-08-27T15:00:48.376+0000][info][gc,heap        ] GC(432) Humongous regions: 5->5
[2024-08-27T15:00:48.376+0000][info][gc,metaspace   ] GC(432) Metaspace: 100K(320K)->100K(320K) NonClass: 96K(192K)->96K(192K) Class: 4K(128K)->4K(128K)
[2024-08-27T15:00:48.376+0000][info][gc             ] GC(432) Pause Young (Normal) (G1 Evacuation Pause) 952M->955M(1024M) 14.610ms
[2024-08-27T15:00:48.376+0000][info][gc,cpu         ] GC(432) User=0.32s Sys=0.00s Real=0.01s
[2024-08-27T15:00:48.381+0000][info][gc,marking     ] GC(429) Concurrent Rebuild Remembered Sets 82.829ms
[2024-08-27T15:00:48.381+0000][info][gc,start       ] GC(429) Pause Cleanup
[2024-08-27T15:00:48.383+0000][info][gc             ] GC(429) Pause Cleanup 964M->964M(1024M) 1.735ms
[2024-08-27T15:00:48.383+0000][info][gc,cpu         ] GC(429) User=0.01s Sys=0.00s Real=0.00s
[2024-08-27T15:00:48.383+0000][info][gc,marking     ] GC(429) Concurrent Cleanup for Next Mark
[2024-08-27T15:00:48.384+0000][info][gc,marking     ] GC(429) Concurrent Cleanup for Next Mark 0.606ms
[2024-08-27T15:00:48.384+0000][info][gc             ] GC(429) Concurrent Mark Cycle 110.805ms
[2024-08-27T15:00:48.393+0000][info][gc,start       ] GC(433) Pause Young (Prepare Mixed) (G1 Preventive Collection)
[2024-08-27T15:00:48.393+0000][info][gc,task        ] GC(433) Using 24 workers of 68 for evacuation
[2024-08-27T15:00:48.406+0000][info][gc,phases      ] GC(433)   Pre Evacuate Collection Set: 0.2ms
[2024-08-27T15:00:48.407+0000][info][gc,phases      ] GC(433)   Merge Heap Roots: 0.6ms
[2024-08-27T15:00:48.407+0000][info][gc,phases      ] GC(433)   Evacuate Collection Set: 12.6ms
[2024-08-27T15:00:48.407+0000][info][gc,phases      ] GC(433)   Post Evacuate Collection Set: 0.3ms
[2024-08-27T15:00:48.407+0000][info][gc,phases      ] GC(433)   Other: 0.2ms
[2024-08-27T15:00:48.407+0000][info][gc,heap        ] GC(433) Eden regions: 28->0(44)
[2024-08-27T15:00:48.407+0000][info][gc,heap        ] GC(433) Survivor regions: 7->7(7)
[2024-08-27T15:00:48.407+0000][info][gc,heap        ] GC(433) Old regions: 943->974
[2024-08-27T15:00:48.407+0000][info][gc,heap        ] GC(433) Archive regions: 2->2
[2024-08-27T15:00:48.407+0000][info][gc,heap        ] GC(433) Humongous regions: 5->5
[2024-08-27T15:00:48.407+0000][info][gc,metaspace   ] GC(433) Metaspace: 100K(320K)->100K(320K) NonClass: 96K(192K)->96K(192K) Class: 4K(128K)->4K(128K)
[2024-08-27T15:00:48.407+0000][info][gc             ] GC(433) Pause Young (Prepare Mixed) (G1 Preventive Collection) 983M->986M(1024M) 14.012ms
[2024-08-27T15:00:48.407+0000][info][gc,cpu         ] GC(433) User=0.31s Sys=0.00s Real=0.01s
[2024-08-27T15:00:48.413+0000][info][gc,start       ] GC(434) Pause Young (Mixed) (G1 Preventive Collection)
[2024-08-27T15:00:48.413+0000][info][gc,task        ] GC(434) Using 24 workers of 68 for evacuation
[2024-08-27T15:00:48.418+0000][info][gc,phases      ] GC(434)   Pre Evacuate Collection Set: 0.2ms
[2024-08-27T15:00:48.418+0000][info][gc,phases      ] GC(434)   Merge Heap Roots: 0.3ms
[2024-08-27T15:00:48.418+0000][info][gc,phases      ] GC(434)   Evacuate Collection Set: 4.4ms
[2024-08-27T15:00:48.418+0000][info][gc,phases      ] GC(434)   Post Evacuate Collection Set: 0.4ms
[2024-08-27T15:00:48.418+0000][info][gc,phases      ] GC(434)   Other: 0.2ms
[2024-08-27T15:00:48.418+0000][info][gc,heap        ] GC(434) Eden regions: 13->0(44)
[2024-08-27T15:00:48.418+0000][info][gc,heap        ] GC(434) Survivor regions: 7->7(7)
[2024-08-27T15:00:48.418+0000][info][gc,heap        ] GC(434) Old regions: 974->887
[2024-08-27T15:00:48.418+0000][info][gc,heap        ] GC(434) Archive regions: 2->2
[2024-08-27T15:00:48.418+0000][info][gc,heap        ] GC(434) Humongous regions: 5->5
[2024-08-27T15:00:48.419+0000][info][gc,metaspace   ] GC(434) Metaspace: 100K(320K)->100K(320K) NonClass: 96K(192K)->96K(192K) Class: 4K(128K)->4K(128K)
[2024-08-27T15:00:48.419+0000][info][gc             ] GC(434) Pause Young (Mixed) (G1 Preventive Collection) 999M->899M(1024M) 5.702ms
[2024-08-27T15:00:48.419+0000][info][gc,cpu         ] GC(434) User=0.12s Sys=0.00s Real=0.01s
[2024-08-27T15:00:48.436+0000][info][gc,start       ] GC(435) Pause Young (Mixed) (G1 Evacuation Pause)
[2024-08-27T15:00:48.436+0000][info][gc,task        ] GC(435) Using 24 workers of 68 for evacuation
[2024-08-27T15:00:48.445+0000][info][gc,phases      ] GC(435)   Pre Evacuate Collection Set: 0.2ms
[2024-08-27T15:00:48.445+0000][info][gc,phases      ] GC(435)   Merge Heap Roots: 0.4ms
[2024-08-27T15:00:48.445+0000][info][gc,phases      ] GC(435)   Evacuate Collection Set: 7.3ms
[2024-08-27T15:00:48.445+0000][info][gc,phases      ] GC(435)   Post Evacuate Collection Set: 0.4ms
[2024-08-27T15:00:48.445+0000][info][gc,phases      ] GC(435)   Other: 0.3ms
[2024-08-27T15:00:48.445+0000][info][gc,heap        ] GC(435) Eden regions: 44->0(44)
[2024-08-27T15:00:48.445+0000][info][gc,heap        ] GC(435) Survivor regions: 7->7(7)
[2024-08-27T15:00:48.445+0000][info][gc,heap        ] GC(435) Old regions: 887->829
[2024-08-27T15:00:48.445+0000][info][gc,heap        ] GC(435) Archive regions: 2->2
[2024-08-27T15:00:48.445+0000][info][gc,heap        ] GC(435) Humongous regions: 5->5
[2024-08-27T15:00:48.445+0000][info][gc,metaspace   ] GC(435) Metaspace: 100K(320K)->100K(320K) NonClass: 96K(192K)->96K(192K) Class: 4K(128K)->4K(128K)
[2024-08-27T15:00:48.445+0000][info][gc             ] GC(435) Pause Young (Mixed) (G1 Evacuation Pause) 943M->841M(1024M) 8.563ms
[2024-08-27T15:00:48.445+0000][info][gc,cpu         ] GC(435) User=0.19s Sys=0.00s Real=0.01s
[2024-08-27T15:00:48.464+0000][info][gc,start       ] GC(436) Pause Young (Mixed) (G1 Evacuation Pause)
[2024-08-27T15:00:48.464+0000][info][gc,task        ] GC(436) Using 24 workers of 68 for evacuation
[2024-08-27T15:00:48.476+0000][info][gc,phases      ] GC(436)   Pre Evacuate Collection Set: 0.2ms
[2024-08-27T15:00:48.476+0000][info][gc,phases      ] GC(436)   Merge Heap Roots: 0.5ms
[2024-08-27T15:00:48.476+0000][info][gc,phases      ] GC(436)   Evacuate Collection Set: 10.7ms
[2024-08-27T15:00:48.476+0000][info][gc,phases      ] GC(436)   Post Evacuate Collection Set: 0.4ms
[2024-08-27T15:00:48.476+0000][info][gc,phases      ] GC(436)   Other: 0.3ms
[2024-08-27T15:00:48.476+0000][info][gc,heap        ] GC(436) Eden regions: 44->0(44)
[2024-08-27T15:00:48.476+0000][info][gc,heap        ] GC(436) Survivor regions: 7->7(7)
[2024-08-27T15:00:48.476+0000][info][gc,heap        ] GC(436) Old regions: 829->790
[2024-08-27T15:00:48.476+0000][info][gc,heap        ] GC(436) Archive regions: 2->2
[2024-08-27T15:00:48.476+0000][info][gc,heap        ] GC(436) Humongous regions: 5->5
[2024-08-27T15:00:48.476+0000][info][gc,metaspace   ] GC(436) Metaspace: 100K(320K)->100K(320K) NonClass: 96K(192K)->96K(192K) Class: 4K(128K)->4K(128K)
[2024-08-27T15:00:48.476+0000][info][gc             ] GC(436) Pause Young (Mixed) (G1 Evacuation Pause) 885M->802M(1024M) 12.175ms
[2024-08-27T15:00:48.476+0000][info][gc,cpu         ] GC(436) User=0.26s Sys=0.00s Real=0.01s
[2024-08-27T15:00:48.495+0000][info][gc,start       ] GC(437) Pause Young (Mixed) (G1 Evacuation Pause)
[2024-08-27T15:00:48.496+0000][info][gc,task        ] GC(437) Using 24 workers of 68 for evacuation
[2024-08-27T15:00:48.507+0000][info][gc,phases      ] GC(437)   Pre Evacuate Collection Set: 0.2ms
[2024-08-27T15:00:48.507+0000][info][gc,phases      ] GC(437)   Merge Heap Roots: 0.4ms
[2024-08-27T15:00:48.507+0000][info][gc,phases      ] GC(437)   Evacuate Collection Set: 10.5ms
[2024-08-27T15:00:48.507+0000][info][gc,phases      ] GC(437)   Post Evacuate Collection Set: 0.3ms
[2024-08-27T15:00:48.507+0000][info][gc,phases      ] GC(437)   Other: 0.2ms
[2024-08-27T15:00:48.507+0000][info][gc,heap        ] GC(437) Eden regions: 44->0(44)
[2024-08-27T15:00:48.507+0000][info][gc,heap        ] GC(437) Survivor regions: 7->7(7)
[2024-08-27T15:00:48.507+0000][info][gc,heap        ] GC(437) Old regions: 790->811
[2024-08-27T15:00:48.507+0000][info][gc,heap        ] GC(437) Archive regions: 2->2
[2024-08-27T15:00:48.507+0000][info][gc,heap        ] GC(437) Humongous regions: 5->5
[2024-08-27T15:00:48.507+0000][info][gc,metaspace   ] GC(437) Metaspace: 100K(320K)->100K(320K) NonClass: 96K(192K)->96K(192K) Class: 4K(128K)->4K(128K)
[2024-08-27T15:00:48.507+0000][info][gc             ] GC(437) Pause Young (Mixed) (G1 Evacuation Pause) 846M->823M(1024M) 11.619ms
[2024-08-27T15:00:48.507+0000][info][gc,cpu         ] GC(437) User=0.25s Sys=0.00s Real=0.01s
[2024-08-27T15:00:48.527+0000][info][gc,start       ] GC(438) Pause Young (Concurrent Start) (G1 Evacuation Pause)
[2024-08-27T15:00:48.527+0000][info][gc,task        ] GC(438) Using 24 workers of 68 for evacuation
[2024-08-27T15:00:48.537+0000][info][gc,phases      ] GC(438)   Pre Evacuate Collection Set: 0.2ms
[2024-08-27T15:00:48.537+0000][info][gc,phases      ] GC(438)   Merge Heap Roots: 0.4ms
[2024-08-27T15:00:48.537+0000][info][gc,phases      ] GC(438)   Evacuate Collection Set: 9.0ms
[2024-08-27T15:00:48.537+0000][info][gc,phases      ] GC(438)   Post Evacuate Collection Set: 0.3ms
[2024-08-27T15:00:48.537+0000][info][gc,phases      ] GC(438)   Other: 0.7ms
[2024-08-27T15:00:48.537+0000][info][gc,heap        ] GC(438) Eden regions: 44->0(44)
[2024-08-27T15:00:48.537+0000][info][gc,heap        ] GC(438) Survivor regions: 7->7(7)
[2024-08-27T15:00:48.537+0000][info][gc,heap        ] GC(438) Old regions: 811->859
[2024-08-27T15:00:48.537+0000][info][gc,heap        ] GC(438) Archive regions: 2->2
[2024-08-27T15:00:48.537+0000][info][gc,heap        ] GC(438) Humongous regions: 5->5
[2024-08-27T15:00:48.537+0000][info][gc,metaspace   ] GC(438) Metaspace: 100K(320K)->100K(320K) NonClass: 96K(192K)->96K(192K) Class: 4K(128K)->4K(128K)
[2024-08-27T15:00:48.537+0000][info][gc             ] GC(438) Pause Young (Concurrent Start) (G1 Evacuation Pause) 867M->871M(1024M) 10.649ms
[2024-08-27T15:00:48.537+0000][info][gc,cpu         ] GC(438) User=0.23s Sys=0.00s Real=0.01s
[2024-08-27T15:00:48.537+0000][info][gc             ] GC(439) Concurrent Mark Cycle
[2024-08-27T15:00:48.537+0000][info][gc,marking     ] GC(439) Concurrent Clear Claimed Marks
[2024-08-27T15:00:48.537+0000][info][gc,marking     ] GC(439) Concurrent Clear Claimed Marks 0.012ms
[2024-08-27T15:00:48.537+0000][info][gc,marking     ] GC(439) Concurrent Scan Root Regions
[2024-08-27T15:00:48.539+0000][info][gc,marking     ] GC(439) Concurrent Scan Root Regions 1.383ms
[2024-08-27T15:00:48.539+0000][info][gc,marking     ] GC(439) Concurrent Mark
[2024-08-27T15:00:48.539+0000][info][gc,marking     ] GC(439) Concurrent Mark From Roots
[2024-08-27T15:00:48.539+0000][info][gc,task        ] GC(439) Using 17 workers of 17 for marking
[2024-08-27T15:00:48.560+0000][info][gc,marking     ] GC(439) Concurrent Mark From Roots 21.321ms
[2024-08-27T15:00:48.560+0000][info][gc,marking     ] GC(439) Concurrent Preclean
[2024-08-27T15:00:48.562+0000][info][gc,marking     ] GC(439) Concurrent Preclean 1.706ms
[2024-08-27T15:00:48.562+0000][info][gc,start       ] GC(439) Pause Remark
[2024-08-27T15:00:48.563+0000][info][gc             ] GC(439) Pause Remark 913M->913M(1024M) 1.269ms
[2024-08-27T15:00:48.563+0000][info][gc,cpu         ] GC(439) User=0.01s Sys=0.00s Real=0.00s
[2024-08-27T15:00:48.563+0000][info][gc,marking     ] GC(439) Concurrent Mark 24.656ms
[2024-08-27T15:00:48.563+0000][info][gc,marking     ] GC(439) Concurrent Rebuild Remembered Sets
[2024-08-27T15:00:48.565+0000][info][gc,start       ] GC(440) Pause Young (Normal) (G1 Evacuation Pause)
[2024-08-27T15:00:48.565+0000][info][gc,task        ] GC(440) Using 24 workers of 68 for evacuation
[2024-08-27T15:00:48.574+0000][info][gc,phases      ] GC(440)   Pre Evacuate Collection Set: 0.1ms
[2024-08-27T15:00:48.574+0000][info][gc,phases      ] GC(440)   Merge Heap Roots: 0.2ms
[2024-08-27T15:00:48.574+0000][info][gc,phases      ] GC(440)   Evacuate Collection Set: 8.7ms
[2024-08-27T15:00:48.574+0000][info][gc,phases      ] GC(440)   Post Evacuate Collection Set: 0.4ms
[2024-08-27T15:00:48.574+0000][info][gc,phases      ] GC(440)   Other: 0.1ms
[2024-08-27T15:00:48.574+0000][info][gc,heap        ] GC(440) Eden regions: 44->0(44)
[2024-08-27T15:00:48.574+0000][info][gc,heap        ] GC(440) Survivor regions: 7->7(7)
[2024-08-27T15:00:48.574+0000][info][gc,heap        ] GC(440) Old regions: 859->906
[2024-08-27T15:00:48.574+0000][info][gc,heap        ] GC(440) Archive regions: 2->2
[2024-08-27T15:00:48.574+0000][info][gc,heap        ] GC(440) Humongous regions: 5->5
[2024-08-27T15:00:48.574+0000][info][gc,metaspace   ] GC(440) Metaspace: 100K(320K)->100K(320K) NonClass: 96K(192K)->96K(192K) Class: 4K(128K)->4K(128K)
[2024-08-27T15:00:48.574+0000][info][gc             ] GC(440) Pause Young (Normal) (G1 Evacuation Pause) 915M->918M(1024M) 9.746ms
[2024-08-27T15:00:48.574+0000][info][gc,cpu         ] GC(440) User=0.21s Sys=0.00s Real=0.01s
[2024-08-27T15:00:48.595+0000][info][gc,start       ] GC(441) Pause Young (Normal) (G1 Evacuation Pause)
[2024-08-27T15:00:48.595+0000][info][gc,task        ] GC(441) Using 24 workers of 68 for evacuation
[2024-08-27T15:00:48.608+0000][info][gc,phases      ] GC(441)   Pre Evacuate Collection Set: 0.1ms
[2024-08-27T15:00:48.608+0000][info][gc,phases      ] GC(441)   Merge Heap Roots: 0.4ms
[2024-08-27T15:00:48.608+0000][info][gc,phases      ] GC(441)   Evacuate Collection Set: 11.7ms
[2024-08-27T15:00:48.608+0000][info][gc,phases      ] GC(441)   Post Evacuate Collection Set: 0.5ms
[2024-08-27T15:00:48.608+0000][info][gc,phases      ] GC(441)   Other: 0.2ms
[2024-08-27T15:00:48.608+0000][info][gc,heap        ] GC(441) Eden regions: 44->0(44)
[2024-08-27T15:00:48.608+0000][info][gc,heap        ] GC(441) Survivor regions: 7->7(7)
[2024-08-27T15:00:48.608+0000][info][gc,heap        ] GC(441) Old regions: 906->953
[2024-08-27T15:00:48.608+0000][info][gc,heap        ] GC(441) Archive regions: 2->2
[2024-08-27T15:00:48.608+0000][info][gc,heap        ] GC(441) Humongous regions: 5->5
[2024-08-27T15:00:48.608+0000][info][gc,metaspace   ] GC(441) Metaspace: 100K(320K)->100K(320K) NonClass: 96K(192K)->96K(192K) Class: 4K(128K)->4K(128K)
[2024-08-27T15:00:48.608+0000][info][gc             ] GC(441) Pause Young (Normal) (G1 Evacuation Pause) 962M->965M(1024M) 13.138ms
[2024-08-27T15:00:48.608+0000][info][gc,cpu         ] GC(441) User=0.29s Sys=0.00s Real=0.01s
[2024-08-27T15:00:48.621+0000][info][gc,start       ] GC(442) Pause Young (Normal) (G1 Preventive Collection)
[2024-08-27T15:00:48.621+0000][info][gc,task        ] GC(442) Using 24 workers of 68 for evacuation
[2024-08-27T15:00:48.633+0000][info][gc,phases      ] GC(442)   Pre Evacuate Collection Set: 0.1ms
[2024-08-27T15:00:48.633+0000][info][gc,phases      ] GC(442)   Merge Heap Roots: 0.4ms
[2024-08-27T15:00:48.633+0000][info][gc,phases      ] GC(442)   Evacuate Collection Set: 11.0ms
[2024-08-27T15:00:48.633+0000][info][gc,phases      ] GC(442)   Post Evacuate Collection Set: 0.5ms
[2024-08-27T15:00:48.633+0000][info][gc,phases      ] GC(442)   Other: 0.2ms
[2024-08-27T15:00:48.633+0000][info][gc,heap        ] GC(442) Eden regions: 23->0(44)
[2024-08-27T15:00:48.633+0000][info][gc,heap        ] GC(442) Survivor regions: 7->7(7)
[2024-08-27T15:00:48.633+0000][info][gc,heap        ] GC(442) Old regions: 953->978
[2024-08-27T15:00:48.633+0000][info][gc,heap        ] GC(442) Archive regions: 2->2
[2024-08-27T15:00:48.633+0000][info][gc,heap        ] GC(442) Humongous regions: 5->5
[2024-08-27T15:00:48.633+0000][info][gc,metaspace   ] GC(442) Metaspace: 100K(320K)->100K(320K) NonClass: 96K(192K)->96K(192K) Class: 4K(128K)->4K(128K)
[2024-08-27T15:00:48.633+0000][info][gc             ] GC(442) Pause Young (Normal) (G1 Preventive Collection) 988M->990M(1024M) 12.352ms
[2024-08-27T15:00:48.633+0000][info][gc,cpu         ] GC(442) User=0.28s Sys=0.00s Real=0.01s
[2024-08-27T15:00:48.640+0000][info][gc,start       ] GC(443) Pause Young (Normal) (G1 Preventive Collection)
[2024-08-27T15:00:48.640+0000][info][gc,task        ] GC(443) Using 24 workers of 68 for evacuation
[2024-08-27T15:00:48.650+0000][info][gc,phases      ] GC(443)   Pre Evacuate Collection Set: 0.1ms
[2024-08-27T15:00:48.650+0000][info][gc,phases      ] GC(443)   Merge Heap Roots: 0.6ms
[2024-08-27T15:00:48.650+0000][info][gc,phases      ] GC(443)   Evacuate Collection Set: 8.3ms
[2024-08-27T15:00:48.650+0000][info][gc,phases      ] GC(443)   Post Evacuate Collection Set: 0.6ms
[2024-08-27T15:00:48.650+0000][info][gc,phases      ] GC(443)   Other: 0.2ms
[2024-08-27T15:00:48.650+0000][info][gc,heap        ] GC(443) Eden regions: 11->0(44)
[2024-08-27T15:00:48.650+0000][info][gc,heap        ] GC(443) Survivor regions: 7->7(7)
[2024-08-27T15:00:48.650+0000][info][gc,heap        ] GC(443) Old regions: 978->992
[2024-08-27T15:00:48.650+0000][info][gc,heap        ] GC(443) Archive regions: 2->2
[2024-08-27T15:00:48.650+0000][info][gc,heap        ] GC(443) Humongous regions: 5->5
[2024-08-27T15:00:48.650+0000][info][gc,metaspace   ] GC(443) Metaspace: 100K(320K)->100K(320K) NonClass: 96K(192K)->96K(192K) Class: 4K(128K)->4K(128K)
[2024-08-27T15:00:48.650+0000][info][gc             ] GC(443) Pause Young (Normal) (G1 Preventive Collection) 1001M->1004M(1024M) 9.998ms
[2024-08-27T15:00:48.650+0000][info][gc,cpu         ] GC(443) User=0.22s Sys=0.00s Real=0.01s
[2024-08-27T15:00:48.653+0000][info][gc,start       ] GC(444) Pause Young (Normal) (G1 Preventive Collection)
[2024-08-27T15:00:48.653+0000][info][gc,task        ] GC(444) Using 24 workers of 68 for evacuation
[2024-08-27T15:00:48.661+0000][info][gc             ] GC(444) To-space exhausted
[2024-08-27T15:00:48.661+0000][info][gc,phases      ] GC(444)   Pre Evacuate Collection Set: 0.1ms
[2024-08-27T15:00:48.661+0000][info][gc,phases      ] GC(444)   Merge Heap Roots: 0.4ms
[2024-08-27T15:00:48.661+0000][info][gc,phases      ] GC(444)   Evacuate Collection Set: 6.7ms
[2024-08-27T15:00:48.661+0000][info][gc,phases      ] GC(444)   Post Evacuate Collection Set: 0.8ms
[2024-08-27T15:00:48.661+0000][info][gc,phases      ] GC(444)   Other: 0.2ms
[2024-08-27T15:00:48.661+0000][info][gc,heap        ] GC(444) Eden regions: 5->0(46)
[2024-08-27T15:00:48.661+0000][info][gc,heap        ] GC(444) Survivor regions: 7->5(7)
[2024-08-27T15:00:48.661+0000][info][gc,heap        ] GC(444) Old regions: 992->1008
[2024-08-27T15:00:48.661+0000][info][gc,heap        ] GC(444) Archive regions: 2->2
[2024-08-27T15:00:48.661+0000][info][gc,heap        ] GC(444) Humongous regions: 5->5
[2024-08-27T15:00:48.661+0000][info][gc,metaspace   ] GC(444) Metaspace: 100K(320K)->100K(320K) NonClass: 96K(192K)->96K(192K) Class: 4K(128K)->4K(128K)
[2024-08-27T15:00:48.661+0000][info][gc             ] GC(444) Pause Young (Normal) (G1 Preventive Collection) 1009M->1018M(1024M) 8.299ms
[2024-08-27T15:00:48.661+0000][info][gc,cpu         ] GC(444) User=0.18s Sys=0.00s Real=0.01s
[2024-08-27T15:00:48.663+0000][info][gc,start       ] GC(445) Pause Young (Normal) (G1 Preventive Collection)
[2024-08-27T15:00:48.663+0000][info][gc,task        ] GC(445) Using 24 workers of 68 for evacuation
[2024-08-27T15:00:48.670+0000][info][gc             ] GC(445) To-space exhausted
[2024-08-27T15:00:48.670+0000][info][gc,phases      ] GC(445)   Pre Evacuate Collection Set: 0.1ms
[2024-08-27T15:00:48.670+0000][info][gc,phases      ] GC(445)   Merge Heap Roots: 0.6ms
[2024-08-27T15:00:48.670+0000][info][gc,phases      ] GC(445)   Evacuate Collection Set: 5.5ms
[2024-08-27T15:00:48.670+0000][info][gc,phases      ] GC(445)   Post Evacuate Collection Set: 0.9ms
[2024-08-27T15:00:48.670+0000][info][gc,phases      ] GC(445)   Other: 0.2ms
[2024-08-27T15:00:48.670+0000][info][gc,heap        ] GC(445) Eden regions: 1->0(50)
[2024-08-27T15:00:48.670+0000][info][gc,heap        ] GC(445) Survivor regions: 5->1(3)
[2024-08-27T15:00:48.670+0000][info][gc,heap        ] GC(445) Old regions: 1008->1016
[2024-08-27T15:00:48.670+0000][info][gc,heap        ] GC(445) Archive regions: 2->2
[2024-08-27T15:00:48.670+0000][info][gc,heap        ] GC(445) Humongous regions: 5->5
[2024-08-27T15:00:48.670+0000][info][gc,metaspace   ] GC(445) Metaspace: 100K(320K)->100K(320K) NonClass: 96K(192K)->96K(192K) Class: 4K(128K)->4K(128K)
[2024-08-27T15:00:48.670+0000][info][gc             ] GC(445) Pause Young (Normal) (G1 Preventive Collection) 1019M->1022M(1024M) 7.467ms
[2024-08-27T15:00:48.670+0000][info][gc,cpu         ] GC(445) User=0.15s Sys=0.00s Real=0.01s
[2024-08-27T15:00:48.670+0000][info][gc,ergo        ] Attempting full compaction
[2024-08-27T15:00:48.670+0000][info][gc,task        ] GC(446) Using 24 workers of 68 for full compaction
[2024-08-27T15:00:48.670+0000][info][gc,start       ] GC(446) Pause Full (G1 Compaction Pause)
[2024-08-27T15:00:48.671+0000][info][gc,phases,start] GC(446) Phase 1: Mark live objects
[2024-08-27T15:00:48.683+0000][info][gc,phases      ] GC(446) Phase 1: Mark live objects 12.583ms
[2024-08-27T15:00:48.683+0000][info][gc,phases,start] GC(446) Phase 2: Prepare for compaction
[2024-08-27T15:00:48.692+0000][info][gc,phases      ] GC(446) Phase 2: Prepare for compaction 8.371ms
[2024-08-27T15:00:48.692+0000][info][gc,phases,start] GC(446) Phase 3: Adjust pointers
[2024-08-27T15:00:48.705+0000][info][gc,phases      ] GC(446) Phase 3: Adjust pointers 13.151ms
[2024-08-27T15:00:48.705+0000][info][gc,phases,start] GC(446) Phase 4: Compact heap
[2024-08-27T15:00:48.731+0000][info][gc,phases      ] GC(446) Phase 4: Compact heap 25.756ms
[2024-08-27T15:00:48.732+0000][info][gc,heap        ] GC(446) Eden regions: 0->0(150)
[2024-08-27T15:00:48.732+0000][info][gc,heap        ] GC(446) Survivor regions: 1->0(3)
[2024-08-27T15:00:48.732+0000][info][gc,heap        ] GC(446) Old regions: 1016->443
[2024-08-27T15:00:48.732+0000][info][gc,heap        ] GC(446) Archive regions: 2->2
[2024-08-27T15:00:48.732+0000][info][gc,heap        ] GC(446) Humongous regions: 5->5
[2024-08-27T15:00:48.732+0000][info][gc,metaspace   ] GC(446) Metaspace: 100K(320K)->100K(320K) NonClass: 96K(192K)->96K(192K) Class: 4K(128K)->4K(128K)
[2024-08-27T15:00:48.732+0000][info][gc             ] GC(446) Pause Full (G1 Compaction Pause) 1022M->435M(1024M) 62.066ms
[2024-08-27T15:00:48.732+0000][info][gc,cpu         ] GC(446) User=1.30s Sys=0.00s Real=0.06s
[2024-08-27T15:00:48.733+0000][info][gc,marking     ] GC(439) Concurrent Rebuild Remembered Sets 169.164ms
[2024-08-27T15:00:48.733+0000][info][gc,marking     ] GC(439) Concurrent Mark Abort
[2024-08-27T15:00:48.733+0000][info][gc             ] GC(439) Concurrent Mark Cycle 195.393ms
[2024-08-27T15:00:48.805+0000][info][gc,start       ] GC(447) Pause Young (Normal) (G1 Evacuation Pause)
[2024-08-27T15:00:48.805+0000][info][gc,task        ] GC(447) Using 24 workers of 68 for evacuation
[2024-08-27T15:00:48.827+0000][info][gc,phases      ] GC(447)   Pre Evacuate Collection Set: 0.2ms
[2024-08-27T15:00:48.827+0000][info][gc,phases      ] GC(447)   Merge Heap Roots: 0.4ms
[2024-08-27T15:00:48.827+0000][info][gc,phases      ] GC(447)   Evacuate Collection Set: 20.6ms
[2024-08-27T15:00:48.827+0000][info][gc,phases      ] GC(447)   Post Evacuate Collection Set: 0.4ms
[2024-08-27T15:00:48.827+0000][info][gc,phases      ] GC(447)   Other: 0.2ms
[2024-08-27T15:00:48.827+0000][info][gc,heap        ] GC(447) Eden regions: 150->0(103)
[2024-08-27T15:00:48.827+0000][info][gc,heap        ] GC(447) Survivor regions: 0->19(19)
[2024-08-27T15:00:48.827+0000][info][gc,heap        ] GC(447) Old regions: 443->571
[2024-08-27T15:00:48.827+0000][info][gc,heap        ] GC(447) Archive regions: 2->2
[2024-08-27T15:00:48.827+0000][info][gc,heap        ] GC(447) Humongous regions: 5->5
[2024-08-27T15:00:48.827+0000][info][gc,metaspace   ] GC(447) Metaspace: 100K(320K)->100K(320K) NonClass: 96K(192K)->96K(192K) Class: 4K(128K)->4K(128K)
[2024-08-27T15:00:48.827+0000][info][gc             ] GC(447) Pause Young (Normal) (G1 Evacuation Pause) 585M->582M(1024M) 21.917ms
[2024-08-27T15:00:48.827+0000][info][gc,cpu         ] GC(447) User=0.49s Sys=0.01s Real=0.02s
[2024-08-27T15:00:48.876+0000][info][gc,start       ] GC(448) Pause Young (Concurrent Start) (G1 Evacuation Pause)
[2024-08-27T15:00:48.876+0000][info][gc,task        ] GC(448) Using 24 workers of 68 for evacuation
[2024-08-27T15:00:48.895+0000][info][gc,phases      ] GC(448)   Pre Evacuate Collection Set: 0.2ms
[2024-08-27T15:00:48.895+0000][info][gc,phases      ] GC(448)   Merge Heap Roots: 0.4ms
[2024-08-27T15:00:48.895+0000][info][gc,phases      ] GC(448)   Evacuate Collection Set: 17.5ms
[2024-08-27T15:00:48.895+0000][info][gc,phases      ] GC(448)   Post Evacuate Collection Set: 0.4ms
[2024-08-27T15:00:48.895+0000][info][gc,phases      ] GC(448)   Other: 0.8ms
[2024-08-27T15:00:48.895+0000][info][gc,heap        ] GC(448) Eden regions: 103->0(70)
[2024-08-27T15:00:48.895+0000][info][gc,heap        ] GC(448) Survivor regions: 19->16(16)
[2024-08-27T15:00:48.895+0000][info][gc,heap        ] GC(448) Old regions: 571->676
[2024-08-27T15:00:48.895+0000][info][gc,heap        ] GC(448) Archive regions: 2->2
[2024-08-27T15:00:48.895+0000][info][gc,heap        ] GC(448) Humongous regions: 5->5
[2024-08-27T15:00:48.895+0000][info][gc,metaspace   ] GC(448) Metaspace: 100K(320K)->100K(320K) NonClass: 96K(192K)->96K(192K) Class: 4K(128K)->4K(128K)
[2024-08-27T15:00:48.895+0000][info][gc             ] GC(448) Pause Young (Concurrent Start) (G1 Evacuation Pause) 685M->684M(1024M) 19.411ms
[2024-08-27T15:00:48.895+0000][info][gc,cpu         ] GC(448) User=0.43s Sys=0.00s Real=0.02s
[2024-08-27T15:00:48.895+0000][info][gc             ] GC(449) Concurrent Mark Cycle
[2024-08-27T15:00:48.895+0000][info][gc,marking     ] GC(449) Concurrent Clear Claimed Marks
[2024-08-27T15:00:48.895+0000][info][gc,marking     ] GC(449) Concurrent Clear Claimed Marks 0.011ms
[2024-08-27T15:00:48.895+0000][info][gc,marking     ] GC(449) Concurrent Scan Root Regions
[2024-08-27T15:00:48.899+0000][info][gc,marking     ] GC(449) Concurrent Scan Root Regions 3.231ms
[2024-08-27T15:00:48.899+0000][info][gc,marking     ] GC(449) Concurrent Mark
[2024-08-27T15:00:48.899+0000][info][gc,marking     ] GC(449) Concurrent Mark From Roots
[2024-08-27T15:00:48.899+0000][info][gc,task        ] GC(449) Using 17 workers of 17 for marking
[2024-08-27T15:00:48.917+0000][info][gc,marking     ] GC(449) Concurrent Mark From Roots 18.579ms
[2024-08-27T15:00:48.917+0000][info][gc,marking     ] GC(449) Concurrent Preclean
[2024-08-27T15:00:48.918+0000][info][gc,marking     ] GC(449) Concurrent Preclean 0.639ms
[2024-08-27T15:00:48.918+0000][info][gc,start       ] GC(449) Pause Remark
[2024-08-27T15:00:48.919+0000][info][gc             ] GC(449) Pause Remark 721M->721M(1024M) 1.067ms
[2024-08-27T15:00:48.919+0000][info][gc,cpu         ] GC(449) User=0.01s Sys=0.00s Real=0.00s
[2024-08-27T15:00:48.919+0000][info][gc,marking     ] GC(449) Concurrent Mark 20.691ms
[2024-08-27T15:00:48.919+0000][info][gc,marking     ] GC(449) Concurrent Rebuild Remembered Sets
[2024-08-27T15:00:48.936+0000][info][gc,start       ] GC(450) Pause Young (Normal) (G1 Evacuation Pause)
[2024-08-27T15:00:48.936+0000][info][gc,task        ] GC(450) Using 24 workers of 68 for evacuation
[2024-08-27T15:00:48.952+0000][info][gc,phases      ] GC(450)   Pre Evacuate Collection Set: 0.2ms
[2024-08-27T15:00:48.952+0000][info][gc,phases      ] GC(450)   Merge Heap Roots: 0.3ms
[2024-08-27T15:00:48.952+0000][info][gc,phases      ] GC(450)   Evacuate Collection Set: 14.6ms
[2024-08-27T15:00:48.952+0000][info][gc,phases      ] GC(450)   Post Evacuate Collection Set: 0.5ms
[2024-08-27T15:00:48.952+0000][info][gc,phases      ] GC(450)   Other: 0.2ms
[2024-08-27T15:00:48.952+0000][info][gc,heap        ] GC(450) Eden regions: 70->0(46)
[2024-08-27T15:00:48.952+0000][info][gc,heap        ] GC(450) Survivor regions: 16->11(11)
[2024-08-27T15:00:48.952+0000][info][gc,heap        ] GC(450) Old regions: 676->756
[2024-08-27T15:00:48.952+0000][info][gc,heap        ] GC(450) Archive regions: 2->2
[2024-08-27T15:00:48.952+0000][info][gc,heap        ] GC(450) Humongous regions: 5->5
[2024-08-27T15:00:48.952+0000][info][gc,metaspace   ] GC(450) Metaspace: 100K(320K)->100K(320K) NonClass: 96K(192K)->96K(192K) Class: 4K(128K)->4K(128K)
[2024-08-27T15:00:48.952+0000][info][gc             ] GC(450) Pause Young (Normal) (G1 Evacuation Pause) 754M->759M(1024M) 15.913ms
[2024-08-27T15:00:48.952+0000][info][gc,cpu         ] GC(450) User=0.36s Sys=0.00s Real=0.02s
[2024-08-27T15:00:48.974+0000][info][gc,start       ] GC(451) Pause Young (Normal) (G1 Evacuation Pause)
[2024-08-27T15:00:48.974+0000][info][gc,task        ] GC(451) Using 24 workers of 68 for evacuation
[2024-08-27T15:00:48.992+0000][info][gc,phases      ] GC(451)   Pre Evacuate Collection Set: 0.2ms
[2024-08-27T15:00:48.992+0000][info][gc,phases      ] GC(451)   Merge Heap Roots: 0.5ms
[2024-08-27T15:00:48.992+0000][info][gc,phases      ] GC(451)   Evacuate Collection Set: 16.0ms
[2024-08-27T15:00:48.992+0000][info][gc,phases      ] GC(451)   Post Evacuate Collection Set: 0.5ms
[2024-08-27T15:00:48.992+0000][info][gc,phases      ] GC(451)   Other: 0.2ms
[2024-08-27T15:00:48.992+0000][info][gc,heap        ] GC(451) Eden regions: 46->0(43)
[2024-08-27T15:00:48.992+0000][info][gc,heap        ] GC(451) Survivor regions: 11->8(8)
[2024-08-27T15:00:48.992+0000][info][gc,heap        ] GC(451) Old regions: 756->809
[2024-08-27T15:00:48.992+0000][info][gc,heap        ] GC(451) Archive regions: 2->2
[2024-08-27T15:00:48.992+0000][info][gc,heap        ] GC(451) Humongous regions: 5->5
[2024-08-27T15:00:48.992+0000][info][gc,metaspace   ] GC(451) Metaspace: 100K(320K)->100K(320K) NonClass: 96K(192K)->96K(192K) Class: 4K(128K)->4K(128K)
[2024-08-27T15:00:48.992+0000][info][gc             ] GC(451) Pause Young (Normal) (G1 Evacuation Pause) 805M->809M(1024M) 17.512ms
[2024-08-27T15:00:48.992+0000][info][gc,cpu         ] GC(451) User=0.40s Sys=0.00s Real=0.02s
[2024-08-27T15:00:48.999+0000][info][gc,marking     ] GC(449) Concurrent Rebuild Remembered Sets 79.734ms
[2024-08-27T15:00:48.999+0000][info][gc,start       ] GC(449) Pause Cleanup
[2024-08-27T15:00:49.001+0000][info][gc             ] GC(449) Pause Cleanup 824M->824M(1024M) 1.096ms
[2024-08-27T15:00:49.001+0000][info][gc,cpu         ] GC(449) User=0.00s Sys=0.00s Real=0.00s
[2024-08-27T15:00:49.001+0000][info][gc,marking     ] GC(449) Concurrent Cleanup for Next Mark
[2024-08-27T15:00:49.001+0000][info][gc,marking     ] GC(449) Concurrent Cleanup for Next Mark 0.525ms
[2024-08-27T15:00:49.001+0000][info][gc             ] GC(449) Concurrent Mark Cycle 105.822ms
[2024-08-27T15:00:49.014+0000][info][gc,start       ] GC(452) Pause Young (Prepare Mixed) (G1 Evacuation Pause)
[2024-08-27T15:00:49.014+0000][info][gc,task        ] GC(452) Using 24 workers of 68 for evacuation
[2024-08-27T15:00:49.030+0000][info][gc,phases      ] GC(452)   Pre Evacuate Collection Set: 0.2ms
[2024-08-27T15:00:49.031+0000][info][gc,phases      ] GC(452)   Merge Heap Roots: 0.6ms
[2024-08-27T15:00:49.031+0000][info][gc,phases      ] GC(452)   Evacuate Collection Set: 14.9ms
[2024-08-27T15:00:49.031+0000][info][gc,phases      ] GC(452)   Post Evacuate Collection Set: 0.3ms
[2024-08-27T15:00:49.031+0000][info][gc,phases      ] GC(452)   Other: 0.2ms
[2024-08-27T15:00:49.031+0000][info][gc,heap        ] GC(452) Eden regions: 43->0(44)
[2024-08-27T15:00:49.031+0000][info][gc,heap        ] GC(452) Survivor regions: 8->7(7)
[2024-08-27T15:00:49.031+0000][info][gc,heap        ] GC(452) Old regions: 809->855
[2024-08-27T15:00:49.031+0000][info][gc,heap        ] GC(452) Archive regions: 2->2
[2024-08-27T15:00:49.031+0000][info][gc,heap        ] GC(452) Humongous regions: 5->5
[2024-08-27T15:00:49.031+0000][info][gc,metaspace   ] GC(452) Metaspace: 100K(320K)->100K(320K) NonClass: 96K(192K)->96K(192K) Class: 4K(128K)->4K(128K)
[2024-08-27T15:00:49.031+0000][info][gc             ] GC(452) Pause Young (Prepare Mixed) (G1 Evacuation Pause) 852M->854M(1024M) 16.199ms
[2024-08-27T15:00:49.031+0000][info][gc,cpu         ] GC(452) User=0.37s Sys=0.00s Real=0.02s
[2024-08-27T15:00:49.051+0000][info][gc,start       ] GC(453) Pause Young (Mixed) (G1 Evacuation Pause)
[2024-08-27T15:00:49.051+0000][info][gc,task        ] GC(453) Using 24 workers of 68 for evacuation
[2024-08-27T15:00:49.062+0000][info][gc,phases      ] GC(453)   Pre Evacuate Collection Set: 0.2ms
[2024-08-27T15:00:49.063+0000][info][gc,phases      ] GC(453)   Merge Heap Roots: 0.4ms
[2024-08-27T15:00:49.063+0000][info][gc,phases      ] GC(453)   Evacuate Collection Set: 10.2ms
[2024-08-27T15:00:49.063+0000][info][gc,phases      ] GC(453)   Post Evacuate Collection Set: 0.4ms
[2024-08-27T15:00:49.063+0000][info][gc,phases      ] GC(453)   Other: 0.2ms
[2024-08-27T15:00:49.063+0000][info][gc,heap        ] GC(453) Eden regions: 44->0(44)
[2024-08-27T15:00:49.063+0000][info][gc,heap        ] GC(453) Survivor regions: 7->7(7)
[2024-08-27T15:00:49.063+0000][info][gc,heap        ] GC(453) Old regions: 855->799
[2024-08-27T15:00:49.063+0000][info][gc,heap        ] GC(453) Archive regions: 2->2
[2024-08-27T15:00:49.063+0000][info][gc,heap        ] GC(453) Humongous regions: 5->5
[2024-08-27T15:00:49.063+0000][info][gc,metaspace   ] GC(453) Metaspace: 100K(320K)->100K(320K) NonClass: 96K(192K)->96K(192K) Class: 4K(128K)->4K(128K)
[2024-08-27T15:00:49.063+0000][info][gc             ] GC(453) Pause Young (Mixed) (G1 Evacuation Pause) 898M->802M(1024M) 11.484ms
[2024-08-27T15:00:49.063+0000][info][gc,cpu         ] GC(453) User=0.26s Sys=0.00s Real=0.01s
[2024-08-27T15:00:49.082+0000][info][gc,start       ] GC(454) Pause Young (Mixed) (G1 Evacuation Pause)
[2024-08-27T15:00:49.082+0000][info][gc,task        ] GC(454) Using 24 workers of 68 for evacuation
[2024-08-27T15:00:49.092+0000][info][gc,phases      ] GC(454)   Pre Evacuate Collection Set: 0.3ms
[2024-08-27T15:00:49.092+0000][info][gc,phases      ] GC(454)   Merge Heap Roots: 0.4ms
[2024-08-27T15:00:49.092+0000][info][gc,phases      ] GC(454)   Evacuate Collection Set: 8.8ms
[2024-08-27T15:00:49.092+0000][info][gc,phases      ] GC(454)   Post Evacuate Collection Set: 0.3ms
[2024-08-27T15:00:49.092+0000][info][gc,phases      ] GC(454)   Other: 0.2ms
[2024-08-27T15:00:49.092+0000][info][gc,heap        ] GC(454) Eden regions: 44->0(48)
[2024-08-27T15:00:49.092+0000][info][gc,heap        ] GC(454) Survivor regions: 7->7(7)
[2024-08-27T15:00:49.092+0000][info][gc,heap        ] GC(454) Old regions: 799->753
[2024-08-27T15:00:49.092+0000][info][gc,heap        ] GC(454) Archive regions: 2->2
[2024-08-27T15:00:49.092+0000][info][gc,heap        ] GC(454) Humongous regions: 5->5
[2024-08-27T15:00:49.092+0000][info][gc,metaspace   ] GC(454) Metaspace: 100K(320K)->100K(320K) NonClass: 96K(192K)->96K(192K) Class: 4K(128K)->4K(128K)
[2024-08-27T15:00:49.092+0000][info][gc             ] GC(454) Pause Young (Mixed) (G1 Evacuation Pause) 846M->762M(1024M) 10.117ms
[2024-08-27T15:00:49.092+0000][info][gc,cpu         ] GC(454) User=0.22s Sys=0.00s Real=0.01s
[2024-08-27T15:00:49.112+0000][info][gc,start       ] GC(455) Pause Young (Concurrent Start) (G1 Evacuation Pause)
[2024-08-27T15:00:49.112+0000][info][gc,task        ] GC(455) Using 24 workers of 68 for evacuation
[2024-08-27T15:00:49.121+0000][info][gc,phases      ] GC(455)   Pre Evacuate Collection Set: 0.2ms
[2024-08-27T15:00:49.121+0000][info][gc,phases      ] GC(455)   Merge Heap Roots: 0.4ms
[2024-08-27T15:00:49.121+0000][info][gc,phases      ] GC(455)   Evacuate Collection Set: 8.2ms
[2024-08-27T15:00:49.121+0000][info][gc,phases      ] GC(455)   Post Evacuate Collection Set: 0.3ms
[2024-08-27T15:00:49.121+0000][info][gc,phases      ] GC(455)   Other: 0.6ms
[2024-08-27T15:00:49.121+0000][info][gc,heap        ] GC(455) Eden regions: 48->0(44)
[2024-08-27T15:00:49.121+0000][info][gc,heap        ] GC(455) Survivor regions: 7->7(7)
[2024-08-27T15:00:49.121+0000][info][gc,heap        ] GC(455) Old regions: 753->803
[2024-08-27T15:00:49.121+0000][info][gc,heap        ] GC(455) Archive regions: 2->2
[2024-08-27T15:00:49.121+0000][info][gc,heap        ] GC(455) Humongous regions: 5->5
[2024-08-27T15:00:49.121+0000][info][gc,metaspace   ] GC(455) Metaspace: 100K(320K)->100K(320K) NonClass: 96K(192K)->96K(192K) Class: 4K(128K)->4K(128K)
[2024-08-27T15:00:49.121+0000][info][gc             ] GC(455) Pause Young (Concurrent Start) (G1 Evacuation Pause) 810M->812M(1024M) 9.725ms
[2024-08-27T15:00:49.122+0000][info][gc,cpu         ] GC(455) User=0.20s Sys=0.00s Real=0.01s
[2024-08-27T15:00:49.122+0000][info][gc             ] GC(456) Concurrent Mark Cycle
[2024-08-27T15:00:49.122+0000][info][gc,marking     ] GC(456) Concurrent Clear Claimed Marks
[2024-08-27T15:00:49.122+0000][info][gc,marking     ] GC(456) Concurrent Clear Claimed Marks 0.016ms
[2024-08-27T15:00:49.122+0000][info][gc,marking     ] GC(456) Concurrent Scan Root Regions
[2024-08-27T15:00:49.124+0000][info][gc,marking     ] GC(456) Concurrent Scan Root Regions 1.918ms
[2024-08-27T15:00:49.124+0000][info][gc,marking     ] GC(456) Concurrent Mark
[2024-08-27T15:00:49.124+0000][info][gc,marking     ] GC(456) Concurrent Mark From Roots
[2024-08-27T15:00:49.124+0000][info][gc,task        ] GC(456) Using 17 workers of 17 for marking
[2024-08-27T15:00:49.145+0000][info][gc,marking     ] GC(456) Concurrent Mark From Roots 21.499ms
[2024-08-27T15:00:49.145+0000][info][gc,marking     ] GC(456) Concurrent Preclean
[2024-08-27T15:00:49.146+0000][info][gc,marking     ] GC(456) Concurrent Preclean 0.844ms
[2024-08-27T15:00:49.146+0000][info][gc,start       ] GC(456) Pause Remark
[2024-08-27T15:00:49.148+0000][info][gc             ] GC(456) Pause Remark 855M->855M(1024M) 1.402ms
[2024-08-27T15:00:49.148+0000][info][gc,cpu         ] GC(456) User=0.01s Sys=0.00s Real=0.00s
[2024-08-27T15:00:49.148+0000][info][gc,marking     ] GC(456) Concurrent Mark 24.322ms
[2024-08-27T15:00:49.148+0000][info][gc,marking     ] GC(456) Concurrent Rebuild Remembered Sets
[2024-08-27T15:00:49.149+0000][info][gc,start       ] GC(457) Pause Young (Normal) (G1 Evacuation Pause)
[2024-08-27T15:00:49.149+0000][info][gc,task        ] GC(457) Using 24 workers of 68 for evacuation
[2024-08-27T15:00:49.157+0000][info][gc,phases      ] GC(457)   Pre Evacuate Collection Set: 0.1ms
[2024-08-27T15:00:49.157+0000][info][gc,phases      ] GC(457)   Merge Heap Roots: 0.4ms
[2024-08-27T15:00:49.157+0000][info][gc,phases      ] GC(457)   Evacuate Collection Set: 7.5ms
[2024-08-27T15:00:49.157+0000][info][gc,phases      ] GC(457)   Post Evacuate Collection Set: 0.4ms
[2024-08-27T15:00:49.157+0000][info][gc,phases      ] GC(457)   Other: 0.2ms
[2024-08-27T15:00:49.157+0000][info][gc,heap        ] GC(457) Eden regions: 44->0(44)
[2024-08-27T15:00:49.157+0000][info][gc,heap        ] GC(457) Survivor regions: 7->7(7)
[2024-08-27T15:00:49.157+0000][info][gc,heap        ] GC(457) Old regions: 803->850
[2024-08-27T15:00:49.157+0000][info][gc,heap        ] GC(457) Archive regions: 2->2
[2024-08-27T15:00:49.157+0000][info][gc,heap        ] GC(457) Humongous regions: 5->5
[2024-08-27T15:00:49.157+0000][info][gc,metaspace   ] GC(457) Metaspace: 100K(320K)->100K(320K) NonClass: 96K(192K)->96K(192K) Class: 4K(128K)->4K(128K)
[2024-08-27T15:00:49.157+0000][info][gc             ] GC(457) Pause Young (Normal) (G1 Evacuation Pause) 856M->859M(1024M) 8.712ms
[2024-08-27T15:00:49.157+0000][info][gc,cpu         ] GC(457) User=0.19s Sys=0.00s Real=0.02s
[2024-08-27T15:00:49.183+0000][info][gc,start       ] GC(458) Pause Young (Normal) (G1 Evacuation Pause)
[2024-08-27T15:00:49.183+0000][info][gc,task        ] GC(458) Using 24 workers of 68 for evacuation
[2024-08-27T15:00:49.197+0000][info][gc,phases      ] GC(458)   Pre Evacuate Collection Set: 0.2ms
[2024-08-27T15:00:49.197+0000][info][gc,phases      ] GC(458)   Merge Heap Roots: 0.4ms
[2024-08-27T15:00:49.197+0000][info][gc,phases      ] GC(458)   Evacuate Collection Set: 12.3ms
[2024-08-27T15:00:49.197+0000][info][gc,phases      ] GC(458)   Post Evacuate Collection Set: 0.5ms
[2024-08-27T15:00:49.197+0000][info][gc,phases      ] GC(458)   Other: 0.3ms
[2024-08-27T15:00:49.197+0000][info][gc,heap        ] GC(458) Eden regions: 44->0(44)
[2024-08-27T15:00:49.197+0000][info][gc,heap        ] GC(458) Survivor regions: 7->7(7)
[2024-08-27T15:00:49.197+0000][info][gc,heap        ] GC(458) Old regions: 850->897
[2024-08-27T15:00:49.197+0000][info][gc,heap        ] GC(458) Archive regions: 2->2
[2024-08-27T15:00:49.197+0000][info][gc,heap        ] GC(458) Humongous regions: 5->5
[2024-08-27T15:00:49.197+0000][info][gc,metaspace   ] GC(458) Metaspace: 100K(320K)->100K(320K) NonClass: 96K(192K)->96K(192K) Class: 4K(128K)->4K(128K)
[2024-08-27T15:00:49.197+0000][info][gc             ] GC(458) Pause Young (Normal) (G1 Evacuation Pause) 903M->905M(1024M) 13.783ms
[2024-08-27T15:00:49.197+0000][info][gc,cpu         ] GC(458) User=0.31s Sys=0.00s Real=0.01s
[2024-08-27T15:00:49.218+0000][info][gc,marking     ] GC(456) Concurrent Rebuild Remembered Sets 70.017ms
[2024-08-27T15:00:49.218+0000][info][gc,start       ] GC(456) Pause Cleanup
[2024-08-27T15:00:49.220+0000][info][gc             ] GC(456) Pause Cleanup 946M->946M(1024M) 1.523ms
[2024-08-27T15:00:49.220+0000][info][gc,cpu         ] GC(456) User=0.00s Sys=0.00s Real=0.00s
[2024-08-27T15:00:49.220+0000][info][gc,marking     ] GC(456) Concurrent Cleanup for Next Mark
[2024-08-27T15:00:49.221+0000][info][gc,marking     ] GC(456) Concurrent Cleanup for Next Mark 0.707ms
[2024-08-27T15:00:49.221+0000][info][gc             ] GC(456) Concurrent Mark Cycle 99.040ms
[2024-08-27T15:00:49.222+0000][info][gc,start       ] GC(459) Pause Young (Prepare Mixed) (G1 Evacuation Pause)
[2024-08-27T15:00:49.222+0000][info][gc,task        ] GC(459) Using 24 workers of 68 for evacuation
[2024-08-27T15:00:49.242+0000][info][gc,phases      ] GC(459)   Pre Evacuate Collection Set: 0.2ms
[2024-08-27T15:00:49.242+0000][info][gc,phases      ] GC(459)   Merge Heap Roots: 0.6ms
[2024-08-27T15:00:49.242+0000][info][gc,phases      ] GC(459)   Evacuate Collection Set: 18.6ms
[2024-08-27T15:00:49.242+0000][info][gc,phases      ] GC(459)   Post Evacuate Collection Set: 0.3ms
[2024-08-27T15:00:49.242+0000][info][gc,phases      ] GC(459)   Other: 0.2ms
[2024-08-27T15:00:49.242+0000][info][gc,heap        ] GC(459) Eden regions: 44->0(44)
[2024-08-27T15:00:49.242+0000][info][gc,heap        ] GC(459) Survivor regions: 7->7(7)
[2024-08-27T15:00:49.242+0000][info][gc,heap        ] GC(459) Old regions: 897->943
[2024-08-27T15:00:49.242+0000][info][gc,heap        ] GC(459) Archive regions: 2->2
[2024-08-27T15:00:49.242+0000][info][gc,heap        ] GC(459) Humongous regions: 5->5
[2024-08-27T15:00:49.242+0000][info][gc,metaspace   ] GC(459) Metaspace: 100K(320K)->100K(320K) NonClass: 96K(192K)->96K(192K) Class: 4K(128K)->4K(128K)
[2024-08-27T15:00:49.242+0000][info][gc             ] GC(459) Pause Young (Prepare Mixed) (G1 Evacuation Pause) 949M->951M(1024M) 19.908ms
[2024-08-27T15:00:49.242+0000][info][gc,cpu         ] GC(459) User=0.35s Sys=0.00s Real=0.02s
[2024-08-27T15:00:49.258+0000][info][gc,start       ] GC(460) Pause Young (Mixed) (G1 Preventive Collection)
[2024-08-27T15:00:49.258+0000][info][gc,task        ] GC(460) Using 24 workers of 68 for evacuation
[2024-08-27T15:00:49.271+0000][info][gc,phases      ] GC(460)   Pre Evacuate Collection Set: 0.4ms
[2024-08-27T15:00:49.271+0000][info][gc,phases      ] GC(460)   Merge Heap Roots: 0.8ms
[2024-08-27T15:00:49.271+0000][info][gc,phases      ] GC(460)   Evacuate Collection Set: 11.2ms
[2024-08-27T15:00:49.271+0000][info][gc,phases      ] GC(460)   Post Evacuate Collection Set: 0.4ms
[2024-08-27T15:00:49.271+0000][info][gc,phases      ] GC(460)   Other: 0.4ms
[2024-08-27T15:00:49.271+0000][info][gc,heap        ] GC(460) Eden regions: 28->0(44)
[2024-08-27T15:00:49.271+0000][info][gc,heap        ] GC(460) Survivor regions: 7->7(7)
[2024-08-27T15:00:49.271+0000][info][gc,heap        ] GC(460) Old regions: 943->871
[2024-08-27T15:00:49.271+0000][info][gc,heap        ] GC(460) Archive regions: 2->2
[2024-08-27T15:00:49.271+0000][info][gc,heap        ] GC(460) Humongous regions: 5->5
[2024-08-27T15:00:49.271+0000][info][gc,metaspace   ] GC(460) Metaspace: 100K(320K)->100K(320K) NonClass: 96K(192K)->96K(192K) Class: 4K(128K)->4K(128K)
[2024-08-27T15:00:49.271+0000][info][gc             ] GC(460) Pause Young (Mixed) (G1 Preventive Collection) 979M->882M(1024M) 13.291ms
[2024-08-27T15:00:49.271+0000][info][gc,cpu         ] GC(460) User=0.23s Sys=0.00s Real=0.01s
[2024-08-27T15:00:49.302+0000][info][gc,start       ] GC(461) Pause Young (Mixed) (G1 Evacuation Pause)
[2024-08-27T15:00:49.302+0000][info][gc,task        ] GC(461) Using 24 workers of 68 for evacuation
[2024-08-27T15:00:49.315+0000][info][gc,phases      ] GC(461)   Pre Evacuate Collection Set: 0.2ms
[2024-08-27T15:00:49.315+0000][info][gc,phases      ] GC(461)   Merge Heap Roots: 0.7ms
[2024-08-27T15:00:49.315+0000][info][gc,phases      ] GC(461)   Evacuate Collection Set: 11.4ms
[2024-08-27T15:00:49.315+0000][info][gc,phases      ] GC(461)   Post Evacuate Collection Set: 0.4ms
[2024-08-27T15:00:49.315+0000][info][gc,phases      ] GC(461)   Other: 0.2ms
[2024-08-27T15:00:49.315+0000][info][gc,heap        ] GC(461) Eden regions: 44->0(44)
[2024-08-27T15:00:49.315+0000][info][gc,heap        ] GC(461) Survivor regions: 7->7(7)
[2024-08-27T15:00:49.315+0000][info][gc,heap        ] GC(461) Old regions: 871->814
[2024-08-27T15:00:49.315+0000][info][gc,heap        ] GC(461) Archive regions: 2->2
[2024-08-27T15:00:49.315+0000][info][gc,heap        ] GC(461) Humongous regions: 5->5
[2024-08-27T15:00:49.315+0000][info][gc,metaspace   ] GC(461) Metaspace: 100K(320K)->100K(320K) NonClass: 96K(192K)->96K(192K) Class: 4K(128K)->4K(128K)
[2024-08-27T15:00:49.315+0000][info][gc             ] GC(461) Pause Young (Mixed) (G1 Evacuation Pause) 926M->825M(1024M) 12.914ms
[2024-08-27T15:00:49.315+0000][info][gc,cpu         ] GC(461) User=0.29s Sys=0.00s Real=0.01s
[2024-08-27T15:00:49.341+0000][info][gc,start       ] GC(462) Pause Young (Mixed) (G1 Evacuation Pause)
[2024-08-27T15:00:49.341+0000][info][gc,task        ] GC(462) Using 24 workers of 68 for evacuation
[2024-08-27T15:00:49.357+0000][info][gc,phases      ] GC(462)   Pre Evacuate Collection Set: 0.2ms
[2024-08-27T15:00:49.357+0000][info][gc,phases      ] GC(462)   Merge Heap Roots: 0.7ms
[2024-08-27T15:00:49.357+0000][info][gc,phases      ] GC(462)   Evacuate Collection Set: 14.7ms
[2024-08-27T15:00:49.357+0000][info][gc,phases      ] GC(462)   Post Evacuate Collection Set: 0.4ms
[2024-08-27T15:00:49.357+0000][info][gc,phases      ] GC(462)   Other: 0.2ms
[2024-08-27T15:00:49.357+0000][info][gc,heap        ] GC(462) Eden regions: 44->0(44)
[2024-08-27T15:00:49.357+0000][info][gc,heap        ] GC(462) Survivor regions: 7->7(7)
[2024-08-27T15:00:49.357+0000][info][gc,heap        ] GC(462) Old regions: 814->777
[2024-08-27T15:00:49.357+0000][info][gc,heap        ] GC(462) Archive regions: 2->2
[2024-08-27T15:00:49.357+0000][info][gc,heap        ] GC(462) Humongous regions: 5->5
[2024-08-27T15:00:49.357+0000][info][gc,metaspace   ] GC(462) Metaspace: 100K(320K)->100K(320K) NonClass: 96K(192K)->96K(192K) Class: 4K(128K)->4K(128K)
[2024-08-27T15:00:49.357+0000][info][gc             ] GC(462) Pause Young (Mixed) (G1 Evacuation Pause) 869M->789M(1024M) 16.173ms
[2024-08-27T15:00:49.357+0000][info][gc,cpu         ] GC(462) User=0.37s Sys=0.00s Real=0.01s
[2024-08-27T15:00:49.384+0000][info][gc,start       ] GC(463) Pause Young (Mixed) (G1 Evacuation Pause)
[2024-08-27T15:00:49.384+0000][info][gc,task        ] GC(463) Using 24 workers of 68 for evacuation
[2024-08-27T15:00:49.400+0000][info][gc,phases      ] GC(463)   Pre Evacuate Collection Set: 0.2ms
[2024-08-27T15:00:49.400+0000][info][gc,phases      ] GC(463)   Merge Heap Roots: 0.6ms
[2024-08-27T15:00:49.400+0000][info][gc,phases      ] GC(463)   Evacuate Collection Set: 14.6ms
[2024-08-27T15:00:49.400+0000][info][gc,phases      ] GC(463)   Post Evacuate Collection Set: 0.3ms
[2024-08-27T15:00:49.400+0000][info][gc,phases      ] GC(463)   Other: 0.2ms
[2024-08-27T15:00:49.400+0000][info][gc,heap        ] GC(463) Eden regions: 44->0(44)
[2024-08-27T15:00:49.400+0000][info][gc,heap        ] GC(463) Survivor regions: 7->7(7)
[2024-08-27T15:00:49.400+0000][info][gc,heap        ] GC(463) Old regions: 777->798
[2024-08-27T15:00:49.400+0000][info][gc,heap        ] GC(463) Archive regions: 2->2
[2024-08-27T15:00:49.400+0000][info][gc,heap        ] GC(463) Humongous regions: 5->5
[2024-08-27T15:00:49.400+0000][info][gc,metaspace   ] GC(463) Metaspace: 100K(320K)->100K(320K) NonClass: 96K(192K)->96K(192K) Class: 4K(128K)->4K(128K)
[2024-08-27T15:00:49.400+0000][info][gc             ] GC(463) Pause Young (Mixed) (G1 Evacuation Pause) 833M->810M(1024M) 15.927ms
[2024-08-27T15:00:49.400+0000][info][gc,cpu         ] GC(463) User=0.36s Sys=0.00s Real=0.02s
[2024-08-27T15:00:49.427+0000][info][gc,start       ] GC(464) Pause Young (Concurrent Start) (G1 Evacuation Pause)
[2024-08-27T15:00:49.427+0000][info][gc,task        ] GC(464) Using 24 workers of 68 for evacuation
[2024-08-27T15:00:49.440+0000][info][gc,phases      ] GC(464)   Pre Evacuate Collection Set: 0.1ms
[2024-08-27T15:00:49.440+0000][info][gc,phases      ] GC(464)   Merge Heap Roots: 0.6ms
[2024-08-27T15:00:49.440+0000][info][gc,phases      ] GC(464)   Evacuate Collection Set: 12.4ms
[2024-08-27T15:00:49.441+0000][info][gc,phases      ] GC(464)   Post Evacuate Collection Set: 0.3ms
[2024-08-27T15:00:49.441+0000][info][gc,phases      ] GC(464)   Other: 0.5ms
[2024-08-27T15:00:49.441+0000][info][gc,heap        ] GC(464) Eden regions: 44->0(44)
[2024-08-27T15:00:49.441+0000][info][gc,heap        ] GC(464) Survivor regions: 7->7(7)
[2024-08-27T15:00:49.441+0000][info][gc,heap        ] GC(464) Old regions: 798->846
[2024-08-27T15:00:49.441+0000][info][gc,heap        ] GC(464) Archive regions: 2->2
[2024-08-27T15:00:49.441+0000][info][gc,heap        ] GC(464) Humongous regions: 5->5
[2024-08-27T15:00:49.441+0000][info][gc,metaspace   ] GC(464) Metaspace: 100K(320K)->100K(320K) NonClass: 96K(192K)->96K(192K) Class: 4K(128K)->4K(128K)
[2024-08-27T15:00:49.441+0000][info][gc             ] GC(464) Pause Young (Concurrent Start) (G1 Evacuation Pause) 854M->858M(1024M) 13.876ms
[2024-08-27T15:00:49.441+0000][info][gc,cpu         ] GC(464) User=0.31s Sys=0.00s Real=0.02s
[2024-08-27T15:00:49.441+0000][info][gc             ] GC(465) Concurrent Mark Cycle
[2024-08-27T15:00:49.441+0000][info][gc,marking     ] GC(465) Concurrent Clear Claimed Marks
[2024-08-27T15:00:49.441+0000][info][gc,marking     ] GC(465) Concurrent Clear Claimed Marks 0.011ms
[2024-08-27T15:00:49.441+0000][info][gc,marking     ] GC(465) Concurrent Scan Root Regions
[2024-08-27T15:00:49.442+0000][info][gc,marking     ] GC(465) Concurrent Scan Root Regions 1.465ms
[2024-08-27T15:00:49.442+0000][info][gc,marking     ] GC(465) Concurrent Mark
[2024-08-27T15:00:49.442+0000][info][gc,marking     ] GC(465) Concurrent Mark From Roots
[2024-08-27T15:00:49.442+0000][info][gc,task        ] GC(465) Using 17 workers of 17 for marking
[2024-08-27T15:00:49.465+0000][info][gc,marking     ] GC(465) Concurrent Mark From Roots 22.552ms
[2024-08-27T15:00:49.465+0000][info][gc,marking     ] GC(465) Concurrent Preclean
[2024-08-27T15:00:49.466+0000][info][gc,marking     ] GC(465) Concurrent Preclean 0.721ms
[2024-08-27T15:00:49.466+0000][info][gc,start       ] GC(465) Pause Remark
[2024-08-27T15:00:49.467+0000][info][gc             ] GC(465) Pause Remark 883M->883M(1024M) 1.115ms
[2024-08-27T15:00:49.467+0000][info][gc,cpu         ] GC(465) User=0.01s Sys=0.00s Real=0.00s
[2024-08-27T15:00:49.467+0000][info][gc,marking     ] GC(465) Concurrent Mark 24.878ms
[2024-08-27T15:00:49.467+0000][info][gc,marking     ] GC(465) Concurrent Rebuild Remembered Sets
[2024-08-27T15:00:49.485+0000][info][gc,start       ] GC(466) Pause Young (Normal) (G1 Evacuation Pause)
[2024-08-27T15:00:49.485+0000][info][gc,task        ] GC(466) Using 24 workers of 68 for evacuation
[2024-08-27T15:00:49.499+0000][info][gc,phases      ] GC(466)   Pre Evacuate Collection Set: 0.1ms
[2024-08-27T15:00:49.499+0000][info][gc,phases      ] GC(466)   Merge Heap Roots: 0.7ms
[2024-08-27T15:00:49.499+0000][info][gc,phases      ] GC(466)   Evacuate Collection Set: 12.3ms
[2024-08-27T15:00:49.499+0000][info][gc,phases      ] GC(466)   Post Evacuate Collection Set: 0.5ms
[2024-08-27T15:00:49.499+0000][info][gc,phases      ] GC(466)   Other: 0.2ms
[2024-08-27T15:00:49.499+0000][info][gc,heap        ] GC(466) Eden regions: 44->0(44)
[2024-08-27T15:00:49.499+0000][info][gc,heap        ] GC(466) Survivor regions: 7->7(7)
[2024-08-27T15:00:49.499+0000][info][gc,heap        ] GC(466) Old regions: 846->893
[2024-08-27T15:00:49.499+0000][info][gc,heap        ] GC(466) Archive regions: 2->2
[2024-08-27T15:00:49.499+0000][info][gc,heap        ] GC(466) Humongous regions: 5->5
[2024-08-27T15:00:49.499+0000][info][gc,metaspace   ] GC(466) Metaspace: 100K(320K)->100K(320K) NonClass: 96K(192K)->96K(192K) Class: 4K(128K)->4K(128K)
[2024-08-27T15:00:49.499+0000][info][gc             ] GC(466) Pause Young (Normal) (G1 Evacuation Pause) 902M->905M(1024M) 13.786ms
[2024-08-27T15:00:49.499+0000][info][gc,cpu         ] GC(466) User=0.32s Sys=0.00s Real=0.02s
[2024-08-27T15:00:49.529+0000][info][gc,marking     ] GC(465) Concurrent Rebuild Remembered Sets 61.788ms
[2024-08-27T15:00:49.529+0000][info][gc,start       ] GC(465) Pause Cleanup
[2024-08-27T15:00:49.531+0000][info][gc             ] GC(465) Pause Cleanup 936M->936M(1024M) 1.283ms
[2024-08-27T15:00:49.531+0000][info][gc,cpu         ] GC(465) User=0.00s Sys=0.00s Real=0.01s
[2024-08-27T15:00:49.531+0000][info][gc,marking     ] GC(465) Concurrent Cleanup for Next Mark
[2024-08-27T15:00:49.531+0000][info][gc,marking     ] GC(465) Concurrent Cleanup for Next Mark 0.604ms
[2024-08-27T15:00:49.531+0000][info][gc             ] GC(465) Concurrent Mark Cycle 90.512ms
[2024-08-27T15:00:49.539+0000][info][gc,start       ] GC(467) Pause Young (Prepare Mixed) (G1 Evacuation Pause)
[2024-08-27T15:00:49.539+0000][info][gc,task        ] GC(467) Using 24 workers of 68 for evacuation
[2024-08-27T15:00:49.557+0000][info][gc,phases      ] GC(467)   Pre Evacuate Collection Set: 0.2ms
[2024-08-27T15:00:49.557+0000][info][gc,phases      ] GC(467)   Merge Heap Roots: 0.8ms
[2024-08-27T15:00:49.557+0000][info][gc,phases      ] GC(467)   Evacuate Collection Set: 16.0ms
[2024-08-27T15:00:49.557+0000][info][gc,phases      ] GC(467)   Post Evacuate Collection Set: 0.4ms
[2024-08-27T15:00:49.557+0000][info][gc,phases      ] GC(467)   Other: 0.1ms
[2024-08-27T15:00:49.557+0000][info][gc,heap        ] GC(467) Eden regions: 44->0(44)
[2024-08-27T15:00:49.557+0000][info][gc,heap        ] GC(467) Survivor regions: 7->7(7)
[2024-08-27T15:00:49.557+0000][info][gc,heap        ] GC(467) Old regions: 893->940
[2024-08-27T15:00:49.557+0000][info][gc,heap        ] GC(467) Archive regions: 2->2
[2024-08-27T15:00:49.557+0000][info][gc,heap        ] GC(467) Humongous regions: 5->5
[2024-08-27T15:00:49.557+0000][info][gc,metaspace   ] GC(467) Metaspace: 100K(320K)->100K(320K) NonClass: 96K(192K)->96K(192K) Class: 4K(128K)->4K(128K)
[2024-08-27T15:00:49.557+0000][info][gc             ] GC(467) Pause Young (Prepare Mixed) (G1 Evacuation Pause) 949M->952M(1024M) 17.494ms
[2024-08-27T15:00:49.557+0000][info][gc,cpu         ] GC(467) User=0.40s Sys=0.00s Real=0.01s
[2024-08-27T15:00:49.573+0000][info][gc,start       ] GC(468) Pause Young (Mixed) (G1 Preventive Collection)
[2024-08-27T15:00:49.573+0000][info][gc,task        ] GC(468) Using 24 workers of 68 for evacuation
[2024-08-27T15:00:49.585+0000][info][gc,phases      ] GC(468)   Pre Evacuate Collection Set: 0.2ms
[2024-08-27T15:00:49.585+0000][info][gc,phases      ] GC(468)   Merge Heap Roots: 0.6ms
[2024-08-27T15:00:49.585+0000][info][gc,phases      ] GC(468)   Evacuate Collection Set: 10.7ms
[2024-08-27T15:00:49.585+0000][info][gc,phases      ] GC(468)   Post Evacuate Collection Set: 0.4ms
[2024-08-27T15:00:49.585+0000][info][gc,phases      ] GC(468)   Other: 0.2ms
[2024-08-27T15:00:49.585+0000][info][gc,heap        ] GC(468) Eden regions: 29->0(44)
[2024-08-27T15:00:49.585+0000][info][gc,heap        ] GC(468) Survivor regions: 7->7(7)
[2024-08-27T15:00:49.585+0000][info][gc,heap        ] GC(468) Old regions: 940->869
[2024-08-27T15:00:49.585+0000][info][gc,heap        ] GC(468) Archive regions: 2->2
[2024-08-27T15:00:49.585+0000][info][gc,heap        ] GC(468) Humongous regions: 5->5
[2024-08-27T15:00:49.585+0000][info][gc,metaspace   ] GC(468) Metaspace: 100K(320K)->100K(320K) NonClass: 96K(192K)->96K(192K) Class: 4K(128K)->4K(128K)
[2024-08-27T15:00:49.585+0000][info][gc             ] GC(468) Pause Young (Mixed) (G1 Preventive Collection) 981M->881M(1024M) 12.109ms
[2024-08-27T15:00:49.585+0000][info][gc,cpu         ] GC(468) User=0.26s Sys=0.01s Real=0.01s
[2024-08-27T15:00:49.610+0000][info][gc,start       ] GC(469) Pause Young (Mixed) (G1 Evacuation Pause)
[2024-08-27T15:00:49.610+0000][info][gc,task        ] GC(469) Using 24 workers of 68 for evacuation
[2024-08-27T15:00:49.624+0000][info][gc,phases      ] GC(469)   Pre Evacuate Collection Set: 0.2ms
[2024-08-27T15:00:49.624+0000][info][gc,phases      ] GC(469)   Merge Heap Roots: 0.7ms
[2024-08-27T15:00:49.624+0000][info][gc,phases      ] GC(469)   Evacuate Collection Set: 12.9ms
[2024-08-27T15:00:49.624+0000][info][gc,phases      ] GC(469)   Post Evacuate Collection Set: 0.4ms
[2024-08-27T15:00:49.624+0000][info][gc,phases      ] GC(469)   Other: 0.2ms
[2024-08-27T15:00:49.624+0000][info][gc,heap        ] GC(469) Eden regions: 44->0(44)
[2024-08-27T15:00:49.624+0000][info][gc,heap        ] GC(469) Survivor regions: 7->7(7)
[2024-08-27T15:00:49.624+0000][info][gc,heap        ] GC(469) Old regions: 869->812
[2024-08-27T15:00:49.624+0000][info][gc,heap        ] GC(469) Archive regions: 2->2
[2024-08-27T15:00:49.624+0000][info][gc,heap        ] GC(469) Humongous regions: 5->5
[2024-08-27T15:00:49.624+0000][info][gc,metaspace   ] GC(469) Metaspace: 100K(320K)->100K(320K) NonClass: 96K(192K)->96K(192K) Class: 4K(128K)->4K(128K)
[2024-08-27T15:00:49.624+0000][info][gc             ] GC(469) Pause Young (Mixed) (G1 Evacuation Pause) 925M->824M(1024M) 14.353ms
[2024-08-27T15:00:49.624+0000][info][gc,cpu         ] GC(469) User=0.33s Sys=0.00s Real=0.01s
[2024-08-27T15:00:49.649+0000][info][gc,start       ] GC(470) Pause Young (Mixed) (G1 Evacuation Pause)
[2024-08-27T15:00:49.649+0000][info][gc,task        ] GC(470) Using 24 workers of 68 for evacuation
[2024-08-27T15:00:49.664+0000][info][gc,phases      ] GC(470)   Pre Evacuate Collection Set: 0.2ms
[2024-08-27T15:00:49.664+0000][info][gc,phases      ] GC(470)   Merge Heap Roots: 0.6ms
[2024-08-27T15:00:49.664+0000][info][gc,phases      ] GC(470)   Evacuate Collection Set: 13.3ms
[2024-08-27T15:00:49.664+0000][info][gc,phases      ] GC(470)   Post Evacuate Collection Set: 0.4ms
[2024-08-27T15:00:49.664+0000][info][gc,phases      ] GC(470)   Other: 0.2ms
[2024-08-27T15:00:49.664+0000][info][gc,heap        ] GC(470) Eden regions: 44->0(44)
[2024-08-27T15:00:49.664+0000][info][gc,heap        ] GC(470) Survivor regions: 7->7(7)
[2024-08-27T15:00:49.664+0000][info][gc,heap        ] GC(470) Old regions: 812->756
[2024-08-27T15:00:49.664+0000][info][gc,heap        ] GC(470) Archive regions: 2->2
[2024-08-27T15:00:49.664+0000][info][gc,heap        ] GC(470) Humongous regions: 5->5
[2024-08-27T15:00:49.664+0000][info][gc,metaspace   ] GC(470) Metaspace: 100K(320K)->100K(320K) NonClass: 96K(192K)->96K(192K) Class: 4K(128K)->4K(128K)
[2024-08-27T15:00:49.664+0000][info][gc             ] GC(470) Pause Young (Mixed) (G1 Evacuation Pause) 868M->768M(1024M) 14.761ms
[2024-08-27T15:00:49.664+0000][info][gc,cpu         ] GC(470) User=0.34s Sys=0.00s Real=0.02s
[2024-08-27T15:00:49.687+0000][info][gc,start       ] GC(471) Pause Young (Mixed) (G1 Evacuation Pause)
[2024-08-27T15:00:49.687+0000][info][gc,task        ] GC(471) Using 24 workers of 68 for evacuation
[2024-08-27T15:00:49.706+0000][info][gc,phases      ] GC(471)   Pre Evacuate Collection Set: 0.2ms
[2024-08-27T15:00:49.706+0000][info][gc,phases      ] GC(471)   Merge Heap Roots: 0.6ms
[2024-08-27T15:00:49.706+0000][info][gc,phases      ] GC(471)   Evacuate Collection Set: 16.8ms
[2024-08-27T15:00:49.706+0000][info][gc,phases      ] GC(471)   Post Evacuate Collection Set: 0.4ms
[2024-08-27T15:00:49.706+0000][info][gc,phases      ] GC(471)   Other: 0.2ms
[2024-08-27T15:00:49.706+0000][info][gc,heap        ] GC(471) Eden regions: 44->0(47)
[2024-08-27T15:00:49.706+0000][info][gc,heap        ] GC(471) Survivor regions: 7->7(7)
[2024-08-27T15:00:49.706+0000][info][gc,heap        ] GC(471) Old regions: 756->755
[2024-08-27T15:00:49.706+0000][info][gc,heap        ] GC(471) Archive regions: 2->2
[2024-08-27T15:00:49.706+0000][info][gc,heap        ] GC(471) Humongous regions: 5->5
[2024-08-27T15:00:49.706+0000][info][gc,metaspace   ] GC(471) Metaspace: 100K(320K)->100K(320K) NonClass: 96K(192K)->96K(192K) Class: 4K(128K)->4K(128K)
[2024-08-27T15:00:49.706+0000][info][gc             ] GC(471) Pause Young (Mixed) (G1 Evacuation Pause) 812M->767M(1024M) 18.290ms
[2024-08-27T15:00:49.706+0000][info][gc,cpu         ] GC(471) User=0.41s Sys=0.00s Real=0.02s
[2024-08-27T15:00:49.732+0000][info][gc,start       ] GC(472) Pause Young (Concurrent Start) (G1 Evacuation Pause)
[2024-08-27T15:00:49.732+0000][info][gc,task        ] GC(472) Using 24 workers of 68 for evacuation
[2024-08-27T15:00:49.748+0000][info][gc,phases      ] GC(472)   Pre Evacuate Collection Set: 0.2ms
[2024-08-27T15:00:49.748+0000][info][gc,phases      ] GC(472)   Merge Heap Roots: 0.7ms
[2024-08-27T15:00:49.748+0000][info][gc,phases      ] GC(472)   Evacuate Collection Set: 13.7ms
[2024-08-27T15:00:49.748+0000][info][gc,phases      ] GC(472)   Post Evacuate Collection Set: 0.3ms
[2024-08-27T15:00:49.748+0000][info][gc,phases      ] GC(472)   Other: 0.7ms
[2024-08-27T15:00:49.748+0000][info][gc,heap        ] GC(472) Eden regions: 47->0(44)
[2024-08-27T15:00:49.748+0000][info][gc,heap        ] GC(472) Survivor regions: 7->7(7)
[2024-08-27T15:00:49.748+0000][info][gc,heap        ] GC(472) Old regions: 755->806
[2024-08-27T15:00:49.748+0000][info][gc,heap        ] GC(472) Archive regions: 2->2
[2024-08-27T15:00:49.748+0000][info][gc,heap        ] GC(472) Humongous regions: 5->5
[2024-08-27T15:00:49.748+0000][info][gc,metaspace   ] GC(472) Metaspace: 100K(320K)->100K(320K) NonClass: 96K(192K)->96K(192K) Class: 4K(128K)->4K(128K)
[2024-08-27T15:00:49.748+0000][info][gc             ] GC(472) Pause Young (Concurrent Start) (G1 Evacuation Pause) 814M->818M(1024M) 15.611ms
[2024-08-27T15:00:49.748+0000][info][gc,cpu         ] GC(472) User=0.34s Sys=0.00s Real=0.01s
[2024-08-27T15:00:49.748+0000][info][gc             ] GC(473) Concurrent Mark Cycle
[2024-08-27T15:00:49.748+0000][info][gc,marking     ] GC(473) Concurrent Clear Claimed Marks
[2024-08-27T15:00:49.748+0000][info][gc,marking     ] GC(473) Concurrent Clear Claimed Marks 0.011ms
[2024-08-27T15:00:49.748+0000][info][gc,marking     ] GC(473) Concurrent Scan Root Regions
[2024-08-27T15:00:49.750+0000][info][gc,marking     ] GC(473) Concurrent Scan Root Regions 1.624ms
[2024-08-27T15:00:49.750+0000][info][gc,marking     ] GC(473) Concurrent Mark
[2024-08-27T15:00:49.750+0000][info][gc,marking     ] GC(473) Concurrent Mark From Roots
[2024-08-27T15:00:49.750+0000][info][gc,task        ] GC(473) Using 17 workers of 17 for marking
[2024-08-27T15:00:49.774+0000][info][gc,marking     ] GC(473) Concurrent Mark From Roots 24.359ms
[2024-08-27T15:00:49.774+0000][info][gc,marking     ] GC(473) Concurrent Preclean
[2024-08-27T15:00:49.775+0000][info][gc,marking     ] GC(473) Concurrent Preclean 0.706ms
[2024-08-27T15:00:49.775+0000][info][gc,start       ] GC(473) Pause Remark
[2024-08-27T15:00:49.777+0000][info][gc             ] GC(473) Pause Remark 844M->844M(1024M) 1.540ms
[2024-08-27T15:00:49.777+0000][info][gc,cpu         ] GC(473) User=0.01s Sys=0.00s Real=0.00s
[2024-08-27T15:00:49.777+0000][info][gc,marking     ] GC(473) Concurrent Mark 27.120ms
[2024-08-27T15:00:49.777+0000][info][gc,marking     ] GC(473) Concurrent Rebuild Remembered Sets
[2024-08-27T15:00:49.793+0000][info][gc,start       ] GC(474) Pause Young (Normal) (G1 Evacuation Pause)
[2024-08-27T15:00:49.793+0000][info][gc,task        ] GC(474) Using 24 workers of 68 for evacuation
[2024-08-27T15:00:49.807+0000][info][gc,phases      ] GC(474)   Pre Evacuate Collection Set: 0.2ms
[2024-08-27T15:00:49.807+0000][info][gc,phases      ] GC(474)   Merge Heap Roots: 0.7ms
[2024-08-27T15:00:49.807+0000][info][gc,phases      ] GC(474)   Evacuate Collection Set: 12.7ms
[2024-08-27T15:00:49.807+0000][info][gc,phases      ] GC(474)   Post Evacuate Collection Set: 0.5ms
[2024-08-27T15:00:49.807+0000][info][gc,phases      ] GC(474)   Other: 0.2ms
[2024-08-27T15:00:49.807+0000][info][gc,heap        ] GC(474) Eden regions: 44->0(44)
[2024-08-27T15:00:49.807+0000][info][gc,heap        ] GC(474) Survivor regions: 7->7(7)
[2024-08-27T15:00:49.807+0000][info][gc,heap        ] GC(474) Old regions: 806->854
[2024-08-27T15:00:49.807+0000][info][gc,heap        ] GC(474) Archive regions: 2->2
[2024-08-27T15:00:49.807+0000][info][gc,heap        ] GC(474) Humongous regions: 5->5
[2024-08-27T15:00:49.807+0000][info][gc,metaspace   ] GC(474) Metaspace: 100K(320K)->100K(320K) NonClass: 96K(192K)->96K(192K) Class: 4K(128K)->4K(128K)
[2024-08-27T15:00:49.807+0000][info][gc             ] GC(474) Pause Young (Normal) (G1 Evacuation Pause) 862M->866M(1024M) 14.334ms
[2024-08-27T15:00:49.807+0000][info][gc,cpu         ] GC(474) User=0.32s Sys=0.00s Real=0.01s
[2024-08-27T15:00:49.840+0000][info][gc,start       ] GC(475) Pause Young (Normal) (G1 Evacuation Pause)
[2024-08-27T15:00:49.840+0000][info][gc,task        ] GC(475) Using 24 workers of 68 for evacuation
[2024-08-27T15:00:49.858+0000][info][gc,phases      ] GC(475)   Pre Evacuate Collection Set: 0.2ms
[2024-08-27T15:00:49.858+0000][info][gc,phases      ] GC(475)   Merge Heap Roots: 0.8ms
[2024-08-27T15:00:49.858+0000][info][gc,phases      ] GC(475)   Evacuate Collection Set: 15.6ms
[2024-08-27T15:00:49.858+0000][info][gc,phases      ] GC(475)   Post Evacuate Collection Set: 0.6ms
[2024-08-27T15:00:49.858+0000][info][gc,phases      ] GC(475)   Other: 0.2ms
[2024-08-27T15:00:49.858+0000][info][gc,heap        ] GC(475) Eden regions: 44->0(44)
[2024-08-27T15:00:49.858+0000][info][gc,heap        ] GC(475) Survivor regions: 7->7(7)
[2024-08-27T15:00:49.858+0000][info][gc,heap        ] GC(475) Old regions: 854->901
[2024-08-27T15:00:49.858+0000][info][gc,heap        ] GC(475) Archive regions: 2->2
[2024-08-27T15:00:49.858+0000][info][gc,heap        ] GC(475) Humongous regions: 5->5
[2024-08-27T15:00:49.858+0000][info][gc,metaspace   ] GC(475) Metaspace: 100K(320K)->100K(320K) NonClass: 96K(192K)->96K(192K) Class: 4K(128K)->4K(128K)
[2024-08-27T15:00:49.858+0000][info][gc             ] GC(475) Pause Young (Normal) (G1 Evacuation Pause) 910M->913M(1024M) 17.517ms
[2024-08-27T15:00:49.858+0000][info][gc,cpu         ] GC(475) User=0.39s Sys=0.01s Real=0.02s
[2024-08-27T15:00:49.859+0000][info][gc,marking     ] GC(473) Concurrent Rebuild Remembered Sets 82.054ms
[2024-08-27T15:00:49.859+0000][info][gc,start       ] GC(473) Pause Cleanup
[2024-08-27T15:00:49.861+0000][info][gc             ] GC(473) Pause Cleanup 915M->915M(1024M) 1.655ms
[2024-08-27T15:00:49.861+0000][info][gc,cpu         ] GC(473) User=0.00s Sys=0.00s Real=0.00s
[2024-08-27T15:00:49.861+0000][info][gc,marking     ] GC(473) Concurrent Cleanup for Next Mark
[2024-08-27T15:00:49.861+0000][info][gc,marking     ] GC(473) Concurrent Cleanup for Next Mark 0.623ms
[2024-08-27T15:00:49.862+0000][info][gc             ] GC(473) Concurrent Mark Cycle 113.633ms
[2024-08-27T15:00:49.882+0000][info][gc,start       ] GC(476) Pause Young (Prepare Mixed) (G1 Evacuation Pause)
[2024-08-27T15:00:49.882+0000][info][gc,task        ] GC(476) Using 24 workers of 68 for evacuation
[2024-08-27T15:00:49.901+0000][info][gc,phases      ] GC(476)   Pre Evacuate Collection Set: 0.2ms
[2024-08-27T15:00:49.901+0000][info][gc,phases      ] GC(476)   Merge Heap Roots: 1.0ms
[2024-08-27T15:00:49.901+0000][info][gc,phases      ] GC(476)   Evacuate Collection Set: 16.8ms
[2024-08-27T15:00:49.901+0000][info][gc,phases      ] GC(476)   Post Evacuate Collection Set: 0.4ms
[2024-08-27T15:00:49.901+0000][info][gc,phases      ] GC(476)   Other: 0.2ms
[2024-08-27T15:00:49.901+0000][info][gc,heap        ] GC(476) Eden regions: 44->0(44)
[2024-08-27T15:00:49.901+0000][info][gc,heap        ] GC(476) Survivor regions: 7->7(7)
[2024-08-27T15:00:49.901+0000][info][gc,heap        ] GC(476) Old regions: 901->947
[2024-08-27T15:00:49.901+0000][info][gc,heap        ] GC(476) Archive regions: 2->2
[2024-08-27T15:00:49.901+0000][info][gc,heap        ] GC(476) Humongous regions: 5->5
[2024-08-27T15:00:49.901+0000][info][gc,metaspace   ] GC(476) Metaspace: 100K(320K)->100K(320K) NonClass: 96K(192K)->96K(192K) Class: 4K(128K)->4K(128K)
[2024-08-27T15:00:49.901+0000][info][gc             ] GC(476) Pause Young (Prepare Mixed) (G1 Evacuation Pause) 957M->959M(1024M) 18.663ms
[2024-08-27T15:00:49.901+0000][info][gc,cpu         ] GC(476) User=0.43s Sys=0.01s Real=0.02s
[2024-08-27T15:00:49.915+0000][info][gc,start       ] GC(477) Pause Young (Mixed) (G1 Preventive Collection)
[2024-08-27T15:00:49.915+0000][info][gc,task        ] GC(477) Using 24 workers of 68 for evacuation
[2024-08-27T15:00:49.927+0000][info][gc,phases      ] GC(477)   Pre Evacuate Collection Set: 0.2ms
[2024-08-27T15:00:49.927+0000][info][gc,phases      ] GC(477)   Merge Heap Roots: 0.6ms
[2024-08-27T15:00:49.927+0000][info][gc,phases      ] GC(477)   Evacuate Collection Set: 10.0ms
[2024-08-27T15:00:49.927+0000][info][gc,phases      ] GC(477)   Post Evacuate Collection Set: 0.4ms
[2024-08-27T15:00:49.927+0000][info][gc,phases      ] GC(477)   Other: 0.2ms
[2024-08-27T15:00:49.927+0000][info][gc,heap        ] GC(477) Eden regions: 26->0(44)
[2024-08-27T15:00:49.927+0000][info][gc,heap        ] GC(477) Survivor regions: 7->7(7)
[2024-08-27T15:00:49.927+0000][info][gc,heap        ] GC(477) Old regions: 947->874
[2024-08-27T15:00:49.927+0000][info][gc,heap        ] GC(477) Archive regions: 2->2
[2024-08-27T15:00:49.927+0000][info][gc,heap        ] GC(477) Humongous regions: 5->5
[2024-08-27T15:00:49.927+0000][info][gc,metaspace   ] GC(477) Metaspace: 100K(320K)->100K(320K) NonClass: 96K(192K)->96K(192K) Class: 4K(128K)->4K(128K)
[2024-08-27T15:00:49.927+0000][info][gc             ] GC(477) Pause Young (Mixed) (G1 Preventive Collection) 985M->886M(1024M) 11.545ms
[2024-08-27T15:00:49.927+0000][info][gc,cpu         ] GC(477) User=0.26s Sys=0.00s Real=0.01s
[2024-08-27T15:00:49.950+0000][info][gc,start       ] GC(478) Pause Young (Mixed) (G1 Evacuation Pause)
[2024-08-27T15:00:49.950+0000][info][gc,task        ] GC(478) Using 24 workers of 68 for evacuation
[2024-08-27T15:00:49.962+0000][info][gc,phases      ] GC(478)   Pre Evacuate Collection Set: 0.3ms
[2024-08-27T15:00:49.962+0000][info][gc,phases      ] GC(478)   Merge Heap Roots: 0.7ms
[2024-08-27T15:00:49.962+0000][info][gc,phases      ] GC(478)   Evacuate Collection Set: 10.7ms
[2024-08-27T15:00:49.962+0000][info][gc,phases      ] GC(478)   Post Evacuate Collection Set: 0.5ms
[2024-08-27T15:00:49.962+0000][info][gc,phases      ] GC(478)   Other: 0.3ms
[2024-08-27T15:00:49.962+0000][info][gc,heap        ] GC(478) Eden regions: 44->0(44)
[2024-08-27T15:00:49.962+0000][info][gc,heap        ] GC(478) Survivor regions: 7->7(7)
[2024-08-27T15:00:49.962+0000][info][gc,heap        ] GC(478) Old regions: 874->816
[2024-08-27T15:00:49.962+0000][info][gc,heap        ] GC(478) Archive regions: 2->2
[2024-08-27T15:00:49.962+0000][info][gc,heap        ] GC(478) Humongous regions: 5->5
[2024-08-27T15:00:49.962+0000][info][gc,metaspace   ] GC(478) Metaspace: 100K(320K)->100K(320K) NonClass: 96K(192K)->96K(192K) Class: 4K(128K)->4K(128K)
[2024-08-27T15:00:49.962+0000][info][gc             ] GC(478) Pause Young (Mixed) (G1 Evacuation Pause) 930M->828M(1024M) 12.475ms
[2024-08-27T15:00:49.963+0000][info][gc,cpu         ] GC(478) User=0.28s Sys=0.00s Real=0.01s
[2024-08-27T15:00:49.985+0000][info][gc,start       ] GC(479) Pause Young (Mixed) (G1 Evacuation Pause)
[2024-08-27T15:00:49.985+0000][info][gc,task        ] GC(479) Using 24 workers of 68 for evacuation
[2024-08-27T15:00:49.997+0000][info][gc,phases      ] GC(479)   Pre Evacuate Collection Set: 0.2ms
[2024-08-27T15:00:49.997+0000][info][gc,phases      ] GC(479)   Merge Heap Roots: 0.7ms
[2024-08-27T15:00:49.997+0000][info][gc,phases      ] GC(479)   Evacuate Collection Set: 10.8ms
[2024-08-27T15:00:49.997+0000][info][gc,phases      ] GC(479)   Post Evacuate Collection Set: 0.5ms
[2024-08-27T15:00:49.997+0000][info][gc,phases      ] GC(479)   Other: 0.2ms
[2024-08-27T15:00:49.997+0000][info][gc,heap        ] GC(479) Eden regions: 44->0(44)
[2024-08-27T15:00:49.997+0000][info][gc,heap        ] GC(479) Survivor regions: 7->7(7)
[2024-08-27T15:00:49.997+0000][info][gc,heap        ] GC(479) Old regions: 816->764
[2024-08-27T15:00:49.997+0000][info][gc,heap        ] GC(479) Archive regions: 2->2
[2024-08-27T15:00:49.997+0000][info][gc,heap        ] GC(479) Humongous regions: 5->5
[2024-08-27T15:00:49.997+0000][info][gc,metaspace   ] GC(479) Metaspace: 100K(320K)->100K(320K) NonClass: 96K(192K)->96K(192K) Class: 4K(128K)->4K(128K)
[2024-08-27T15:00:49.997+0000][info][gc             ] GC(479) Pause Young (Mixed) (G1 Evacuation Pause) 872M->776M(1024M) 12.526ms
[2024-08-27T15:00:49.997+0000][info][gc,cpu         ] GC(479) User=0.28s Sys=0.00s Real=0.01s
[2024-08-27T15:00:50.020+0000][info][gc,start       ] GC(480) Pause Young (Mixed) (G1 Evacuation Pause)
[2024-08-27T15:00:50.020+0000][info][gc,task        ] GC(480) Using 24 workers of 68 for evacuation
[2024-08-27T15:00:50.032+0000][info][gc,phases      ] GC(480)   Pre Evacuate Collection Set: 0.2ms
[2024-08-27T15:00:50.032+0000][info][gc,phases      ] GC(480)   Merge Heap Roots: 0.5ms
[2024-08-27T15:00:50.032+0000][info][gc,phases      ] GC(480)   Evacuate Collection Set: 10.9ms
[2024-08-27T15:00:50.032+0000][info][gc,phases      ] GC(480)   Post Evacuate Collection Set: 0.3ms
[2024-08-27T15:00:50.032+0000][info][gc,phases      ] GC(480)   Other: 0.2ms
[2024-08-27T15:00:50.032+0000][info][gc,heap        ] GC(480) Eden regions: 44->0(44)
[2024-08-27T15:00:50.032+0000][info][gc,heap        ] GC(480) Survivor regions: 7->7(7)
[2024-08-27T15:00:50.032+0000][info][gc,heap        ] GC(480) Old regions: 764->799
[2024-08-27T15:00:50.032+0000][info][gc,heap        ] GC(480) Archive regions: 2->2
[2024-08-27T15:00:50.032+0000][info][gc,heap        ] GC(480) Humongous regions: 5->5
[2024-08-27T15:00:50.032+0000][info][gc,metaspace   ] GC(480) Metaspace: 100K(320K)->100K(320K) NonClass: 96K(192K)->96K(192K) Class: 4K(128K)->4K(128K)
[2024-08-27T15:00:50.032+0000][info][gc             ] GC(480) Pause Young (Mixed) (G1 Evacuation Pause) 820M->811M(1024M) 12.176ms
[2024-08-27T15:00:50.032+0000][info][gc,cpu         ] GC(480) User=0.28s Sys=0.00s Real=0.01s
[2024-08-27T15:00:50.055+0000][info][gc,start       ] GC(481) Pause Young (Concurrent Start) (G1 Evacuation Pause)
[2024-08-27T15:00:50.055+0000][info][gc,task        ] GC(481) Using 24 workers of 68 for evacuation
[2024-08-27T15:00:50.067+0000][info][gc,phases      ] GC(481)   Pre Evacuate Collection Set: 0.2ms
[2024-08-27T15:00:50.067+0000][info][gc,phases      ] GC(481)   Merge Heap Roots: 0.6ms
[2024-08-27T15:00:50.067+0000][info][gc,phases      ] GC(481)   Evacuate Collection Set: 10.8ms
[2024-08-27T15:00:50.067+0000][info][gc,phases      ] GC(481)   Post Evacuate Collection Set: 0.3ms
[2024-08-27T15:00:50.067+0000][info][gc,phases      ] GC(481)   Other: 0.7ms
[2024-08-27T15:00:50.067+0000][info][gc,heap        ] GC(481) Eden regions: 44->0(44)
[2024-08-27T15:00:50.067+0000][info][gc,heap        ] GC(481) Survivor regions: 7->7(7)
[2024-08-27T15:00:50.067+0000][info][gc,heap        ] GC(481) Old regions: 799->845
[2024-08-27T15:00:50.067+0000][info][gc,heap        ] GC(481) Archive regions: 2->2
[2024-08-27T15:00:50.067+0000][info][gc,heap        ] GC(481) Humongous regions: 5->5
[2024-08-27T15:00:50.067+0000][info][gc,metaspace   ] GC(481) Metaspace: 100K(320K)->100K(320K) NonClass: 96K(192K)->96K(192K) Class: 4K(128K)->4K(128K)
[2024-08-27T15:00:50.067+0000][info][gc             ] GC(481) Pause Young (Concurrent Start) (G1 Evacuation Pause) 855M->857M(1024M) 12.633ms
[2024-08-27T15:00:50.067+0000][info][gc,cpu         ] GC(481) User=0.27s Sys=0.00s Real=0.01s
[2024-08-27T15:00:50.068+0000][info][gc             ] GC(482) Concurrent Mark Cycle
[2024-08-27T15:00:50.068+0000][info][gc,marking     ] GC(482) Concurrent Clear Claimed Marks
[2024-08-27T15:00:50.068+0000][info][gc,marking     ] GC(482) Concurrent Clear Claimed Marks 0.011ms
[2024-08-27T15:00:50.068+0000][info][gc,marking     ] GC(482) Concurrent Scan Root Regions
[2024-08-27T15:00:50.069+0000][info][gc,marking     ] GC(482) Concurrent Scan Root Regions 1.581ms
[2024-08-27T15:00:50.069+0000][info][gc,marking     ] GC(482) Concurrent Mark
[2024-08-27T15:00:50.069+0000][info][gc,marking     ] GC(482) Concurrent Mark From Roots
[2024-08-27T15:00:50.069+0000][info][gc,task        ] GC(482) Using 17 workers of 17 for marking
[2024-08-27T15:00:50.091+0000][info][gc,marking     ] GC(482) Concurrent Mark From Roots 21.709ms
[2024-08-27T15:00:50.091+0000][info][gc,marking     ] GC(482) Concurrent Preclean
[2024-08-27T15:00:50.092+0000][info][gc,marking     ] GC(482) Concurrent Preclean 0.678ms
[2024-08-27T15:00:50.092+0000][info][gc,start       ] GC(482) Pause Remark
[2024-08-27T15:00:50.093+0000][info][gc             ] GC(482) Pause Remark 884M->884M(1024M) 1.436ms
[2024-08-27T15:00:50.093+0000][info][gc,cpu         ] GC(482) User=0.00s Sys=0.00s Real=0.00s
[2024-08-27T15:00:50.094+0000][info][gc,marking     ] GC(482) Concurrent Mark 24.426ms
[2024-08-27T15:00:50.094+0000][info][gc,marking     ] GC(482) Concurrent Rebuild Remembered Sets
[2024-08-27T15:00:50.107+0000][info][gc,start       ] GC(483) Pause Young (Normal) (G1 Evacuation Pause)
[2024-08-27T15:00:50.107+0000][info][gc,task        ] GC(483) Using 24 workers of 68 for evacuation
[2024-08-27T15:00:50.119+0000][info][gc,phases      ] GC(483)   Pre Evacuate Collection Set: 0.2ms
[2024-08-27T15:00:50.119+0000][info][gc,phases      ] GC(483)   Merge Heap Roots: 0.8ms
[2024-08-27T15:00:50.119+0000][info][gc,phases      ] GC(483)   Evacuate Collection Set: 10.9ms
[2024-08-27T15:00:50.119+0000][info][gc,phases      ] GC(483)   Post Evacuate Collection Set: 0.5ms
[2024-08-27T15:00:50.119+0000][info][gc,phases      ] GC(483)   Other: 0.2ms
[2024-08-27T15:00:50.119+0000][info][gc,heap        ] GC(483) Eden regions: 44->0(44)
[2024-08-27T15:00:50.119+0000][info][gc,heap        ] GC(483) Survivor regions: 7->7(7)
[2024-08-27T15:00:50.119+0000][info][gc,heap        ] GC(483) Old regions: 845->892
[2024-08-27T15:00:50.119+0000][info][gc,heap        ] GC(483) Archive regions: 2->2
[2024-08-27T15:00:50.119+0000][info][gc,heap        ] GC(483) Humongous regions: 5->5
[2024-08-27T15:00:50.119+0000][info][gc,metaspace   ] GC(483) Metaspace: 100K(320K)->100K(320K) NonClass: 96K(192K)->96K(192K) Class: 4K(128K)->4K(128K)
[2024-08-27T15:00:50.119+0000][info][gc             ] GC(483) Pause Young (Normal) (G1 Evacuation Pause) 901M->904M(1024M) 12.590ms
[2024-08-27T15:00:50.119+0000][info][gc,cpu         ] GC(483) User=0.28s Sys=0.00s Real=0.02s
[2024-08-27T15:00:50.152+0000][info][gc,marking     ] GC(482) Concurrent Rebuild Remembered Sets 57.932ms
[2024-08-27T15:00:50.152+0000][info][gc,start       ] GC(482) Pause Cleanup
[2024-08-27T15:00:50.154+0000][info][gc             ] GC(482) Pause Cleanup 941M->941M(1024M) 1.786ms
[2024-08-27T15:00:50.154+0000][info][gc,cpu         ] GC(482) User=0.00s Sys=0.00s Real=0.00s
[2024-08-27T15:00:50.154+0000][info][gc,marking     ] GC(482) Concurrent Cleanup for Next Mark
[2024-08-27T15:00:50.155+0000][info][gc,marking     ] GC(482) Concurrent Cleanup for Next Mark 0.622ms
[2024-08-27T15:00:50.155+0000][info][gc             ] GC(482) Concurrent Mark Cycle 87.055ms
[2024-08-27T15:00:50.159+0000][info][gc,start       ] GC(484) Pause Young (Prepare Mixed) (G1 Evacuation Pause)
[2024-08-27T15:00:50.159+0000][info][gc,task        ] GC(484) Using 24 workers of 68 for evacuation
[2024-08-27T15:00:50.176+0000][info][gc,phases      ] GC(484)   Pre Evacuate Collection Set: 0.2ms
[2024-08-27T15:00:50.176+0000][info][gc,phases      ] GC(484)   Merge Heap Roots: 0.8ms
[2024-08-27T15:00:50.176+0000][info][gc,phases      ] GC(484)   Evacuate Collection Set: 15.7ms
[2024-08-27T15:00:50.176+0000][info][gc,phases      ] GC(484)   Post Evacuate Collection Set: 0.3ms
[2024-08-27T15:00:50.176+0000][info][gc,phases      ] GC(484)   Other: 0.2ms
[2024-08-27T15:00:50.176+0000][info][gc,heap        ] GC(484) Eden regions: 44->0(44)
[2024-08-27T15:00:50.176+0000][info][gc,heap        ] GC(484) Survivor regions: 7->7(7)
[2024-08-27T15:00:50.176+0000][info][gc,heap        ] GC(484) Old regions: 892->939
[2024-08-27T15:00:50.176+0000][info][gc,heap        ] GC(484) Archive regions: 2->2
[2024-08-27T15:00:50.176+0000][info][gc,heap        ] GC(484) Humongous regions: 5->5
[2024-08-27T15:00:50.176+0000][info][gc,metaspace   ] GC(484) Metaspace: 100K(320K)->100K(320K) NonClass: 96K(192K)->96K(192K) Class: 4K(128K)->4K(128K)
[2024-08-27T15:00:50.176+0000][info][gc             ] GC(484) Pause Young (Prepare Mixed) (G1 Evacuation Pause) 948M->951M(1024M) 17.334ms
[2024-08-27T15:00:50.176+0000][info][gc,cpu         ] GC(484) User=0.40s Sys=0.00s Real=0.01s
[2024-08-27T15:00:50.192+0000][info][gc,start       ] GC(485) Pause Young (Mixed) (G1 Preventive Collection)
[2024-08-27T15:00:50.192+0000][info][gc,task        ] GC(485) Using 24 workers of 68 for evacuation
[2024-08-27T15:00:50.202+0000][info][gc,phases      ] GC(485)   Pre Evacuate Collection Set: 0.2ms
[2024-08-27T15:00:50.202+0000][info][gc,phases      ] GC(485)   Merge Heap Roots: 0.6ms
[2024-08-27T15:00:50.202+0000][info][gc,phases      ] GC(485)   Evacuate Collection Set: 9.3ms
[2024-08-27T15:00:50.202+0000][info][gc,phases      ] GC(485)   Post Evacuate Collection Set: 0.4ms
[2024-08-27T15:00:50.202+0000][info][gc,phases      ] GC(485)   Other: 0.2ms
[2024-08-27T15:00:50.202+0000][info][gc,heap        ] GC(485) Eden regions: 30->0(44)
[2024-08-27T15:00:50.202+0000][info][gc,heap        ] GC(485) Survivor regions: 7->7(7)
[2024-08-27T15:00:50.202+0000][info][gc,heap        ] GC(485) Old regions: 939->870
[2024-08-27T15:00:50.202+0000][info][gc,heap        ] GC(485) Archive regions: 2->2
[2024-08-27T15:00:50.202+0000][info][gc,heap        ] GC(485) Humongous regions: 5->5
[2024-08-27T15:00:50.202+0000][info][gc,metaspace   ] GC(485) Metaspace: 100K(320K)->100K(320K) NonClass: 96K(192K)->96K(192K) Class: 4K(128K)->4K(128K)
[2024-08-27T15:00:50.202+0000][info][gc             ] GC(485) Pause Young (Mixed) (G1 Preventive Collection) 981M->882M(1024M) 10.743ms
[2024-08-27T15:00:50.202+0000][info][gc,cpu         ] GC(485) User=0.24s Sys=0.00s Real=0.01s
[2024-08-27T15:00:50.223+0000][info][gc,start       ] GC(486) Pause Young (Mixed) (G1 Evacuation Pause)
[2024-08-27T15:00:50.223+0000][info][gc,task        ] GC(486) Using 24 workers of 68 for evacuation
[2024-08-27T15:00:50.234+0000][info][gc,phases      ] GC(486)   Pre Evacuate Collection Set: 0.2ms
[2024-08-27T15:00:50.234+0000][info][gc,phases      ] GC(486)   Merge Heap Roots: 0.6ms
[2024-08-27T15:00:50.234+0000][info][gc,phases      ] GC(486)   Evacuate Collection Set: 9.7ms
[2024-08-27T15:00:50.234+0000][info][gc,phases      ] GC(486)   Post Evacuate Collection Set: 0.5ms
[2024-08-27T15:00:50.234+0000][info][gc,phases      ] GC(486)   Other: 0.2ms
[2024-08-27T15:00:50.234+0000][info][gc,heap        ] GC(486) Eden regions: 44->0(44)
[2024-08-27T15:00:50.234+0000][info][gc,heap        ] GC(486) Survivor regions: 7->7(7)
[2024-08-27T15:00:50.234+0000][info][gc,heap        ] GC(486) Old regions: 870->813
[2024-08-27T15:00:50.234+0000][info][gc,heap        ] GC(486) Archive regions: 2->2
[2024-08-27T15:00:50.234+0000][info][gc,heap        ] GC(486) Humongous regions: 5->5
[2024-08-27T15:00:50.234+0000][info][gc,metaspace   ] GC(486) Metaspace: 100K(320K)->100K(320K) NonClass: 96K(192K)->96K(192K) Class: 4K(128K)->4K(128K)
[2024-08-27T15:00:50.234+0000][info][gc             ] GC(486) Pause Young (Mixed) (G1 Evacuation Pause) 926M->825M(1024M) 11.272ms
[2024-08-27T15:00:50.234+0000][info][gc,cpu         ] GC(486) User=0.19s Sys=0.06s Real=0.01s
[2024-08-27T15:00:50.256+0000][info][gc,start       ] GC(487) Pause Young (Mixed) (G1 Evacuation Pause)
[2024-08-27T15:00:50.256+0000][info][gc,task        ] GC(487) Using 24 workers of 68 for evacuation
[2024-08-27T15:00:50.268+0000][info][gc,phases      ] GC(487)   Pre Evacuate Collection Set: 0.2ms
[2024-08-27T15:00:50.268+0000][info][gc,phases      ] GC(487)   Merge Heap Roots: 0.7ms
[2024-08-27T15:00:50.268+0000][info][gc,phases      ] GC(487)   Evacuate Collection Set: 10.6ms
[2024-08-27T15:00:50.268+0000][info][gc,phases      ] GC(487)   Post Evacuate Collection Set: 0.4ms
[2024-08-27T15:00:50.268+0000][info][gc,phases      ] GC(487)   Other: 0.2ms
[2024-08-27T15:00:50.268+0000][info][gc,heap        ] GC(487) Eden regions: 44->0(44)
[2024-08-27T15:00:50.268+0000][info][gc,heap        ] GC(487) Survivor regions: 7->7(7)
[2024-08-27T15:00:50.268+0000][info][gc,heap        ] GC(487) Old regions: 813->756
[2024-08-27T15:00:50.268+0000][info][gc,heap        ] GC(487) Archive regions: 2->2
[2024-08-27T15:00:50.268+0000][info][gc,heap        ] GC(487) Humongous regions: 5->5
[2024-08-27T15:00:50.268+0000][info][gc,metaspace   ] GC(487) Metaspace: 100K(320K)->100K(320K) NonClass: 96K(192K)->96K(192K) Class: 4K(128K)->4K(128K)
[2024-08-27T15:00:50.268+0000][info][gc             ] GC(487) Pause Young (Mixed) (G1 Evacuation Pause) 869M->768M(1024M) 12.193ms
[2024-08-27T15:00:50.268+0000][info][gc,cpu         ] GC(487) User=0.28s Sys=0.00s Real=0.01s
[2024-08-27T15:00:50.289+0000][info][gc,start       ] GC(488) Pause Young (Mixed) (G1 Evacuation Pause)
[2024-08-27T15:00:50.289+0000][info][gc,task        ] GC(488) Using 24 workers of 68 for evacuation
[2024-08-27T15:00:50.305+0000][info][gc,phases      ] GC(488)   Pre Evacuate Collection Set: 0.2ms
[2024-08-27T15:00:50.305+0000][info][gc,phases      ] GC(488)   Merge Heap Roots: 0.6ms
[2024-08-27T15:00:50.305+0000][info][gc,phases      ] GC(488)   Evacuate Collection Set: 14.0ms
[2024-08-27T15:00:50.305+0000][info][gc,phases      ] GC(488)   Post Evacuate Collection Set: 0.3ms
[2024-08-27T15:00:50.305+0000][info][gc,phases      ] GC(488)   Other: 0.3ms
[2024-08-27T15:00:50.305+0000][info][gc,heap        ] GC(488) Eden regions: 44->0(47)
[2024-08-27T15:00:50.305+0000][info][gc,heap        ] GC(488) Survivor regions: 7->7(7)
[2024-08-27T15:00:50.305+0000][info][gc,heap        ] GC(488) Old regions: 756->757
[2024-08-27T15:00:50.305+0000][info][gc,heap        ] GC(488) Archive regions: 2->2
[2024-08-27T15:00:50.305+0000][info][gc,heap        ] GC(488) Humongous regions: 5->5
[2024-08-27T15:00:50.305+0000][info][gc,metaspace   ] GC(488) Metaspace: 100K(320K)->100K(320K) NonClass: 96K(192K)->96K(192K) Class: 4K(128K)->4K(128K)
[2024-08-27T15:00:50.305+0000][info][gc             ] GC(488) Pause Young (Mixed) (G1 Evacuation Pause) 812M->769M(1024M) 15.522ms
[2024-08-27T15:00:50.305+0000][info][gc,cpu         ] GC(488) User=0.34s Sys=0.00s Real=0.02s
[2024-08-27T15:00:50.331+0000][info][gc,start       ] GC(489) Pause Young (Concurrent Start) (G1 Evacuation Pause)
[2024-08-27T15:00:50.331+0000][info][gc,task        ] GC(489) Using 24 workers of 68 for evacuation
[2024-08-27T15:00:50.345+0000][info][gc,phases      ] GC(489)   Pre Evacuate Collection Set: 0.2ms
[2024-08-27T15:00:50.345+0000][info][gc,phases      ] GC(489)   Merge Heap Roots: 0.6ms
[2024-08-27T15:00:50.345+0000][info][gc,phases      ] GC(489)   Evacuate Collection Set: 12.4ms
[2024-08-27T15:00:50.345+0000][info][gc,phases      ] GC(489)   Post Evacuate Collection Set: 0.3ms
[2024-08-27T15:00:50.345+0000][info][gc,phases      ] GC(489)   Other: 0.7ms
[2024-08-27T15:00:50.345+0000][info][gc,heap        ] GC(489) Eden regions: 47->0(44)
[2024-08-27T15:00:50.345+0000][info][gc,heap        ] GC(489) Survivor regions: 7->7(7)
[2024-08-27T15:00:50.345+0000][info][gc,heap        ] GC(489) Old regions: 757->807
[2024-08-27T15:00:50.345+0000][info][gc,heap        ] GC(489) Archive regions: 2->2
[2024-08-27T15:00:50.345+0000][info][gc,heap        ] GC(489) Humongous regions: 5->5
[2024-08-27T15:00:50.345+0000][info][gc,metaspace   ] GC(489) Metaspace: 100K(320K)->100K(320K) NonClass: 96K(192K)->96K(192K) Class: 4K(128K)->4K(128K)
[2024-08-27T15:00:50.345+0000][info][gc             ] GC(489) Pause Young (Concurrent Start) (G1 Evacuation Pause) 816M->819M(1024M) 14.240ms
[2024-08-27T15:00:50.345+0000][info][gc,cpu         ] GC(489) User=0.31s Sys=0.00s Real=0.01s
[2024-08-27T15:00:50.345+0000][info][gc             ] GC(490) Concurrent Mark Cycle
[2024-08-27T15:00:50.345+0000][info][gc,marking     ] GC(490) Concurrent Clear Claimed Marks
[2024-08-27T15:00:50.345+0000][info][gc,marking     ] GC(490) Concurrent Clear Claimed Marks 0.016ms
[2024-08-27T15:00:50.345+0000][info][gc,marking     ] GC(490) Concurrent Scan Root Regions
[2024-08-27T15:00:50.347+0000][info][gc,marking     ] GC(490) Concurrent Scan Root Regions 1.783ms
[2024-08-27T15:00:50.347+0000][info][gc,marking     ] GC(490) Concurrent Mark
[2024-08-27T15:00:50.347+0000][info][gc,marking     ] GC(490) Concurrent Mark From Roots
[2024-08-27T15:00:50.347+0000][info][gc,task        ] GC(490) Using 17 workers of 17 for marking
[2024-08-27T15:00:50.369+0000][info][gc,marking     ] GC(490) Concurrent Mark From Roots 22.239ms
[2024-08-27T15:00:50.369+0000][info][gc,marking     ] GC(490) Concurrent Preclean
[2024-08-27T15:00:50.370+0000][info][gc,marking     ] GC(490) Concurrent Preclean 0.837ms
[2024-08-27T15:00:50.370+0000][info][gc,start       ] GC(490) Pause Remark
[2024-08-27T15:00:50.372+0000][info][gc             ] GC(490) Pause Remark 845M->845M(1024M) 1.697ms
[2024-08-27T15:00:50.372+0000][info][gc,cpu         ] GC(490) User=0.01s Sys=0.00s Real=0.00s
[2024-08-27T15:00:50.372+0000][info][gc,marking     ] GC(490) Concurrent Mark 25.423ms
[2024-08-27T15:00:50.372+0000][info][gc,marking     ] GC(490) Concurrent Rebuild Remembered Sets
[2024-08-27T15:00:50.388+0000][info][gc,start       ] GC(491) Pause Young (Normal) (G1 Evacuation Pause)
[2024-08-27T15:00:50.388+0000][info][gc,task        ] GC(491) Using 24 workers of 68 for evacuation
[2024-08-27T15:00:50.400+0000][info][gc,phases      ] GC(491)   Pre Evacuate Collection Set: 0.2ms
[2024-08-27T15:00:50.400+0000][info][gc,phases      ] GC(491)   Merge Heap Roots: 0.6ms
[2024-08-27T15:00:50.400+0000][info][gc,phases      ] GC(491)   Evacuate Collection Set: 10.9ms
[2024-08-27T15:00:50.400+0000][info][gc,phases      ] GC(491)   Post Evacuate Collection Set: 0.5ms
[2024-08-27T15:00:50.400+0000][info][gc,phases      ] GC(491)   Other: 0.3ms
[2024-08-27T15:00:50.400+0000][info][gc,heap        ] GC(491) Eden regions: 44->0(44)
[2024-08-27T15:00:50.400+0000][info][gc,heap        ] GC(491) Survivor regions: 7->7(7)
[2024-08-27T15:00:50.400+0000][info][gc,heap        ] GC(491) Old regions: 807->854
[2024-08-27T15:00:50.400+0000][info][gc,heap        ] GC(491) Archive regions: 2->2
[2024-08-27T15:00:50.400+0000][info][gc,heap        ] GC(491) Humongous regions: 5->5
[2024-08-27T15:00:50.400+0000][info][gc,metaspace   ] GC(491) Metaspace: 100K(320K)->100K(320K) NonClass: 96K(192K)->96K(192K) Class: 4K(128K)->4K(128K)
[2024-08-27T15:00:50.400+0000][info][gc             ] GC(491) Pause Young (Normal) (G1 Evacuation Pause) 863M->866M(1024M) 12.428ms
[2024-08-27T15:00:50.400+0000][info][gc,cpu         ] GC(491) User=0.28s Sys=0.00s Real=0.02s
[2024-08-27T15:00:50.432+0000][info][gc,marking     ] GC(490) Concurrent Rebuild Remembered Sets 59.998ms
[2024-08-27T15:00:50.433+0000][info][gc,start       ] GC(490) Pause Cleanup
[2024-08-27T15:00:50.435+0000][info][gc             ] GC(490) Pause Cleanup 902M->902M(1024M) 1.824ms
[2024-08-27T15:00:50.435+0000][info][gc,cpu         ] GC(490) User=0.01s Sys=0.00s Real=0.00s
[2024-08-27T15:00:50.435+0000][info][gc,marking     ] GC(490) Concurrent Cleanup for Next Mark
[2024-08-27T15:00:50.435+0000][info][gc,marking     ] GC(490) Concurrent Cleanup for Next Mark 0.676ms
[2024-08-27T15:00:50.435+0000][info][gc             ] GC(490) Concurrent Mark Cycle 90.511ms
[2024-08-27T15:00:50.440+0000][info][gc,start       ] GC(492) Pause Young (Prepare Mixed) (G1 Evacuation Pause)
[2024-08-27T15:00:50.440+0000][info][gc,task        ] GC(492) Using 24 workers of 68 for evacuation
[2024-08-27T15:00:50.457+0000][info][gc,phases      ] GC(492)   Pre Evacuate Collection Set: 0.2ms
[2024-08-27T15:00:50.457+0000][info][gc,phases      ] GC(492)   Merge Heap Roots: 0.8ms
[2024-08-27T15:00:50.457+0000][info][gc,phases      ] GC(492)   Evacuate Collection Set: 15.5ms
[2024-08-27T15:00:50.457+0000][info][gc,phases      ] GC(492)   Post Evacuate Collection Set: 0.3ms
[2024-08-27T15:00:50.457+0000][info][gc,phases      ] GC(492)   Other: 0.2ms
[2024-08-27T15:00:50.457+0000][info][gc,heap        ] GC(492) Eden regions: 44->0(44)
[2024-08-27T15:00:50.457+0000][info][gc,heap        ] GC(492) Survivor regions: 7->7(7)
[2024-08-27T15:00:50.457+0000][info][gc,heap        ] GC(492) Old regions: 854->901
[2024-08-27T15:00:50.457+0000][info][gc,heap        ] GC(492) Archive regions: 2->2
[2024-08-27T15:00:50.457+0000][info][gc,heap        ] GC(492) Humongous regions: 5->5
[2024-08-27T15:00:50.457+0000][info][gc,metaspace   ] GC(492) Metaspace: 100K(320K)->100K(320K) NonClass: 96K(192K)->96K(192K) Class: 4K(128K)->4K(128K)
[2024-08-27T15:00:50.457+0000][info][gc             ] GC(492) Pause Young (Prepare Mixed) (G1 Evacuation Pause) 910M->913M(1024M) 17.082ms
[2024-08-27T15:00:50.457+0000][info][gc,cpu         ] GC(492) User=0.39s Sys=0.00s Real=0.01s
[2024-08-27T15:00:50.480+0000][info][gc,start       ] GC(493) Pause Young (Mixed) (G1 Evacuation Pause)
[2024-08-27T15:00:50.480+0000][info][gc,task        ] GC(493) Using 24 workers of 68 for evacuation
[2024-08-27T15:00:50.493+0000][info][gc,phases      ] GC(493)   Pre Evacuate Collection Set: 0.2ms
[2024-08-27T15:00:50.493+0000][info][gc,phases      ] GC(493)   Merge Heap Roots: 0.6ms
[2024-08-27T15:00:50.493+0000][info][gc,phases      ] GC(493)   Evacuate Collection Set: 12.4ms
[2024-08-27T15:00:50.493+0000][info][gc,phases      ] GC(493)   Post Evacuate Collection Set: 0.4ms
[2024-08-27T15:00:50.493+0000][info][gc,phases      ] GC(493)   Other: 0.2ms
[2024-08-27T15:00:50.493+0000][info][gc,heap        ] GC(493) Eden regions: 44->0(44)
[2024-08-27T15:00:50.493+0000][info][gc,heap        ] GC(493) Survivor regions: 7->7(7)
[2024-08-27T15:00:50.493+0000][info][gc,heap        ] GC(493) Old regions: 901->845
[2024-08-27T15:00:50.493+0000][info][gc,heap        ] GC(493) Archive regions: 2->2
[2024-08-27T15:00:50.493+0000][info][gc,heap        ] GC(493) Humongous regions: 5->5
[2024-08-27T15:00:50.493+0000][info][gc,metaspace   ] GC(493) Metaspace: 100K(320K)->100K(320K) NonClass: 96K(192K)->96K(192K) Class: 4K(128K)->4K(128K)
[2024-08-27T15:00:50.493+0000][info][gc             ] GC(493) Pause Young (Mixed) (G1 Evacuation Pause) 957M->857M(1024M) 13.885ms
[2024-08-27T15:00:50.493+0000][info][gc,cpu         ] GC(493) User=0.31s Sys=0.00s Real=0.01s
[2024-08-27T15:00:50.515+0000][info][gc,start       ] GC(494) Pause Young (Mixed) (G1 Evacuation Pause)
[2024-08-27T15:00:50.515+0000][info][gc,task        ] GC(494) Using 24 workers of 68 for evacuation
[2024-08-27T15:00:50.529+0000][info][gc,phases      ] GC(494)   Pre Evacuate Collection Set: 0.2ms
[2024-08-27T15:00:50.529+0000][info][gc,phases      ] GC(494)   Merge Heap Roots: 0.7ms
[2024-08-27T15:00:50.529+0000][info][gc,phases      ] GC(494)   Evacuate Collection Set: 12.4ms
[2024-08-27T15:00:50.529+0000][info][gc,phases      ] GC(494)   Post Evacuate Collection Set: 0.4ms
[2024-08-27T15:00:50.529+0000][info][gc,phases      ] GC(494)   Other: 0.2ms
[2024-08-27T15:00:50.529+0000][info][gc,heap        ] GC(494) Eden regions: 44->0(44)
[2024-08-27T15:00:50.529+0000][info][gc,heap        ] GC(494) Survivor regions: 7->7(7)
[2024-08-27T15:00:50.529+0000][info][gc,heap        ] GC(494) Old regions: 845->789
[2024-08-27T15:00:50.529+0000][info][gc,heap        ] GC(494) Archive regions: 2->2
[2024-08-27T15:00:50.529+0000][info][gc,heap        ] GC(494) Humongous regions: 5->5
[2024-08-27T15:00:50.529+0000][info][gc,metaspace   ] GC(494) Metaspace: 100K(320K)->100K(320K) NonClass: 96K(192K)->96K(192K) Class: 4K(128K)->4K(128K)
[2024-08-27T15:00:50.529+0000][info][gc             ] GC(494) Pause Young (Mixed) (G1 Evacuation Pause) 901M->801M(1024M) 13.915ms
[2024-08-27T15:00:50.529+0000][info][gc,cpu         ] GC(494) User=0.32s Sys=0.01s Real=0.01s
[2024-08-27T15:00:50.551+0000][info][gc,start       ] GC(495) Pause Young (Mixed) (G1 Evacuation Pause)
[2024-08-27T15:00:50.551+0000][info][gc,task        ] GC(495) Using 24 workers of 68 for evacuation
[2024-08-27T15:00:50.564+0000][info][gc,phases      ] GC(495)   Pre Evacuate Collection Set: 0.2ms
[2024-08-27T15:00:50.564+0000][info][gc,phases      ] GC(495)   Merge Heap Roots: 0.6ms
[2024-08-27T15:00:50.564+0000][info][gc,phases      ] GC(495)   Evacuate Collection Set: 11.6ms
[2024-08-27T15:00:50.564+0000][info][gc,phases      ] GC(495)   Post Evacuate Collection Set: 0.4ms
[2024-08-27T15:00:50.564+0000][info][gc,phases      ] GC(495)   Other: 0.2ms
[2024-08-27T15:00:50.564+0000][info][gc,heap        ] GC(495) Eden regions: 44->0(44)
[2024-08-27T15:00:50.564+0000][info][gc,heap        ] GC(495) Survivor regions: 7->7(7)
[2024-08-27T15:00:50.564+0000][info][gc,heap        ] GC(495) Old regions: 789->735
[2024-08-27T15:00:50.564+0000][info][gc,heap        ] GC(495) Archive regions: 2->2
[2024-08-27T15:00:50.564+0000][info][gc,heap        ] GC(495) Humongous regions: 5->5
[2024-08-27T15:00:50.564+0000][info][gc,metaspace   ] GC(495) Metaspace: 100K(320K)->100K(320K) NonClass: 96K(192K)->96K(192K) Class: 4K(128K)->4K(128K)
[2024-08-27T15:00:50.564+0000][info][gc             ] GC(495) Pause Young (Mixed) (G1 Evacuation Pause) 845M->747M(1024M) 13.182ms
[2024-08-27T15:00:50.564+0000][info][gc,cpu         ] GC(495) User=0.29s Sys=0.00s Real=0.01s
[2024-08-27T15:00:50.586+0000][info][gc,start       ] GC(496) Pause Young (Mixed) (G1 Evacuation Pause)
[2024-08-27T15:00:50.586+0000][info][gc,task        ] GC(496) Using 24 workers of 68 for evacuation
[2024-08-27T15:00:50.599+0000][info][gc,phases      ] GC(496)   Pre Evacuate Collection Set: 0.2ms
[2024-08-27T15:00:50.599+0000][info][gc,phases      ] GC(496)   Merge Heap Roots: 0.5ms
[2024-08-27T15:00:50.599+0000][info][gc,phases      ] GC(496)   Evacuate Collection Set: 12.3ms
[2024-08-27T15:00:50.599+0000][info][gc,phases      ] GC(496)   Post Evacuate Collection Set: 0.3ms
[2024-08-27T15:00:50.599+0000][info][gc,phases      ] GC(496)   Other: 0.2ms
[2024-08-27T15:00:50.599+0000][info][gc,heap        ] GC(496) Eden regions: 44->0(44)
[2024-08-27T15:00:50.599+0000][info][gc,heap        ] GC(496) Survivor regions: 7->7(7)
[2024-08-27T15:00:50.599+0000][info][gc,heap        ] GC(496) Old regions: 735->770
[2024-08-27T15:00:50.599+0000][info][gc,heap        ] GC(496) Archive regions: 2->2
[2024-08-27T15:00:50.599+0000][info][gc,heap        ] GC(496) Humongous regions: 5->5
[2024-08-27T15:00:50.599+0000][info][gc,metaspace   ] GC(496) Metaspace: 100K(320K)->100K(320K) NonClass: 96K(192K)->96K(192K) Class: 4K(128K)->4K(128K)
[2024-08-27T15:00:50.599+0000][info][gc             ] GC(496) Pause Young (Mixed) (G1 Evacuation Pause) 791M->782M(1024M) 13.595ms
[2024-08-27T15:00:50.599+0000][info][gc,cpu         ] GC(496) User=0.30s Sys=0.00s Real=0.02s
[2024-08-27T15:00:50.622+0000][info][gc,start       ] GC(497) Pause Young (Concurrent Start) (G1 Evacuation Pause)
[2024-08-27T15:00:50.622+0000][info][gc,task        ] GC(497) Using 24 workers of 68 for evacuation
[2024-08-27T15:00:50.634+0000][info][gc,phases      ] GC(497)   Pre Evacuate Collection Set: 0.2ms
[2024-08-27T15:00:50.634+0000][info][gc,phases      ] GC(497)   Merge Heap Roots: 0.6ms
[2024-08-27T15:00:50.634+0000][info][gc,phases      ] GC(497)   Evacuate Collection Set: 10.4ms
[2024-08-27T15:00:50.634+0000][info][gc,phases      ] GC(497)   Post Evacuate Collection Set: 0.4ms
[2024-08-27T15:00:50.634+0000][info][gc,phases      ] GC(497)   Other: 0.8ms
[2024-08-27T15:00:50.634+0000][info][gc,heap        ] GC(497) Eden regions: 44->0(44)
[2024-08-27T15:00:50.634+0000][info][gc,heap        ] GC(497) Survivor regions: 7->7(7)
[2024-08-27T15:00:50.634+0000][info][gc,heap        ] GC(497) Old regions: 770->817
[2024-08-27T15:00:50.634+0000][info][gc,heap        ] GC(497) Archive regions: 2->2
[2024-08-27T15:00:50.634+0000][info][gc,heap        ] GC(497) Humongous regions: 5->5
[2024-08-27T15:00:50.634+0000][info][gc,metaspace   ] GC(497) Metaspace: 100K(320K)->100K(320K) NonClass: 96K(192K)->96K(192K) Class: 4K(128K)->4K(128K)
[2024-08-27T15:00:50.634+0000][info][gc             ] GC(497) Pause Young (Concurrent Start) (G1 Evacuation Pause) 826M->829M(1024M) 12.411ms
[2024-08-27T15:00:50.634+0000][info][gc,cpu         ] GC(497) User=0.26s Sys=0.00s Real=0.01s
[2024-08-27T15:00:50.634+0000][info][gc             ] GC(498) Concurrent Mark Cycle
[2024-08-27T15:00:50.634+0000][info][gc,marking     ] GC(498) Concurrent Clear Claimed Marks
[2024-08-27T15:00:50.634+0000][info][gc,marking     ] GC(498) Concurrent Clear Claimed Marks 0.043ms
[2024-08-27T15:00:50.634+0000][info][gc,marking     ] GC(498) Concurrent Scan Root Regions
[2024-08-27T15:00:50.636+0000][info][gc,marking     ] GC(498) Concurrent Scan Root Regions 1.439ms
[2024-08-27T15:00:50.636+0000][info][gc,marking     ] GC(498) Concurrent Mark
[2024-08-27T15:00:50.636+0000][info][gc,marking     ] GC(498) Concurrent Mark From Roots
[2024-08-27T15:00:50.636+0000][info][gc,task        ] GC(498) Using 17 workers of 17 for marking
[2024-08-27T15:00:50.657+0000][info][gc,marking     ] GC(498) Concurrent Mark From Roots 21.459ms
[2024-08-27T15:00:50.657+0000][info][gc,marking     ] GC(498) Concurrent Preclean
[2024-08-27T15:00:50.658+0000][info][gc,marking     ] GC(498) Concurrent Preclean 1.072ms
[2024-08-27T15:00:50.659+0000][info][gc,start       ] GC(498) Pause Remark
[2024-08-27T15:00:50.660+0000][info][gc             ] GC(498) Pause Remark 856M->856M(1024M) 1.624ms
[2024-08-27T15:00:50.660+0000][info][gc,cpu         ] GC(498) User=0.01s Sys=0.00s Real=0.00s
[2024-08-27T15:00:50.661+0000][info][gc,marking     ] GC(498) Concurrent Mark 24.860ms
[2024-08-27T15:00:50.661+0000][info][gc,marking     ] GC(498) Concurrent Rebuild Remembered Sets
[2024-08-27T15:00:50.675+0000][info][gc,start       ] GC(499) Pause Young (Normal) (G1 Evacuation Pause)
[2024-08-27T15:00:50.675+0000][info][gc,task        ] GC(499) Using 24 workers of 68 for evacuation
[2024-08-27T15:00:50.688+0000][info][gc,phases      ] GC(499)   Pre Evacuate Collection Set: 0.2ms
[2024-08-27T15:00:50.688+0000][info][gc,phases      ] GC(499)   Merge Heap Roots: 0.7ms
[2024-08-27T15:00:50.688+0000][info][gc,phases      ] GC(499)   Evacuate Collection Set: 11.0ms
[2024-08-27T15:00:50.688+0000][info][gc,phases      ] GC(499)   Post Evacuate Collection Set: 0.5ms
[2024-08-27T15:00:50.688+0000][info][gc,phases      ] GC(499)   Other: 0.2ms
[2024-08-27T15:00:50.688+0000][info][gc,heap        ] GC(499) Eden regions: 44->0(44)
[2024-08-27T15:00:50.688+0000][info][gc,heap        ] GC(499) Survivor regions: 7->7(7)
[2024-08-27T15:00:50.688+0000][info][gc,heap        ] GC(499) Old regions: 817->863
[2024-08-27T15:00:50.688+0000][info][gc,heap        ] GC(499) Archive regions: 2->2
[2024-08-27T15:00:50.688+0000][info][gc,heap        ] GC(499) Humongous regions: 5->5
[2024-08-27T15:00:50.688+0000][info][gc,metaspace   ] GC(499) Metaspace: 100K(320K)->100K(320K) NonClass: 96K(192K)->96K(192K) Class: 4K(128K)->4K(128K)
[2024-08-27T15:00:50.688+0000][info][gc             ] GC(499) Pause Young (Normal) (G1 Evacuation Pause) 873M->875M(1024M) 12.643ms
[2024-08-27T15:00:50.688+0000][info][gc,cpu         ] GC(499) User=0.29s Sys=0.00s Real=0.01s
[2024-08-27T15:00:50.721+0000][info][gc,marking     ] GC(498) Concurrent Rebuild Remembered Sets 60.729ms
[2024-08-27T15:00:50.722+0000][info][gc,start       ] GC(498) Pause Cleanup
[2024-08-27T15:00:50.724+0000][info][gc             ] GC(498) Pause Cleanup 915M->915M(1024M) 1.812ms
[2024-08-27T15:00:50.724+0000][info][gc,cpu         ] GC(498) User=0.01s Sys=0.00s Real=0.00s
[2024-08-27T15:00:50.724+0000][info][gc,marking     ] GC(498) Concurrent Cleanup for Next Mark
[2024-08-27T15:00:50.724+0000][info][gc,marking     ] GC(498) Concurrent Cleanup for Next Mark 0.632ms
[2024-08-27T15:00:50.724+0000][info][gc             ] GC(498) Concurrent Mark Cycle 90.364ms
[2024-08-27T15:00:50.727+0000][info][gc,start       ] GC(500) Pause Young (Prepare Mixed) (G1 Evacuation Pause)
[2024-08-27T15:00:50.727+0000][info][gc,task        ] GC(500) Using 24 workers of 68 for evacuation
[2024-08-27T15:00:50.744+0000][info][gc,phases      ] GC(500)   Pre Evacuate Collection Set: 0.2ms
[2024-08-27T15:00:50.744+0000][info][gc,phases      ] GC(500)   Merge Heap Roots: 0.8ms
[2024-08-27T15:00:50.744+0000][info][gc,phases      ] GC(500)   Evacuate Collection Set: 16.1ms
[2024-08-27T15:00:50.744+0000][info][gc,phases      ] GC(500)   Post Evacuate Collection Set: 0.4ms
[2024-08-27T15:00:50.744+0000][info][gc,phases      ] GC(500)   Other: 0.2ms
[2024-08-27T15:00:50.744+0000][info][gc,heap        ] GC(500) Eden regions: 44->0(44)
[2024-08-27T15:00:50.744+0000][info][gc,heap        ] GC(500) Survivor regions: 7->7(7)
[2024-08-27T15:00:50.744+0000][info][gc,heap        ] GC(500) Old regions: 863->910
[2024-08-27T15:00:50.744+0000][info][gc,heap        ] GC(500) Archive regions: 2->2
[2024-08-27T15:00:50.744+0000][info][gc,heap        ] GC(500) Humongous regions: 5->5
[2024-08-27T15:00:50.744+0000][info][gc,metaspace   ] GC(500) Metaspace: 100K(320K)->100K(320K) NonClass: 96K(192K)->96K(192K) Class: 4K(128K)->4K(128K)
[2024-08-27T15:00:50.744+0000][info][gc             ] GC(500) Pause Young (Prepare Mixed) (G1 Evacuation Pause) 919M->922M(1024M) 17.714ms
[2024-08-27T15:00:50.744+0000][info][gc,cpu         ] GC(500) User=0.40s Sys=0.01s Real=0.02s
[2024-08-27T15:00:50.766+0000][info][gc,start       ] GC(501) Pause Young (Mixed) (G1 Preventive Collection)
[2024-08-27T15:00:50.766+0000][info][gc,task        ] GC(501) Using 24 workers of 68 for evacuation
[2024-08-27T15:00:50.780+0000][info][gc,phases      ] GC(501)   Pre Evacuate Collection Set: 0.2ms
[2024-08-27T15:00:50.780+0000][info][gc,phases      ] GC(501)   Merge Heap Roots: 0.6ms
[2024-08-27T15:00:50.780+0000][info][gc,phases      ] GC(501)   Evacuate Collection Set: 12.3ms
[2024-08-27T15:00:50.780+0000][info][gc,phases      ] GC(501)   Post Evacuate Collection Set: 0.4ms
[2024-08-27T15:00:50.780+0000][info][gc,phases      ] GC(501)   Other: 0.2ms
[2024-08-27T15:00:50.780+0000][info][gc,heap        ] GC(501) Eden regions: 44->0(44)
[2024-08-27T15:00:50.780+0000][info][gc,heap        ] GC(501) Survivor regions: 7->7(7)
[2024-08-27T15:00:50.780+0000][info][gc,heap        ] GC(501) Old regions: 910->853
[2024-08-27T15:00:50.780+0000][info][gc,heap        ] GC(501) Archive regions: 2->2
[2024-08-27T15:00:50.780+0000][info][gc,heap        ] GC(501) Humongous regions: 5->5
[2024-08-27T15:00:50.780+0000][info][gc,metaspace   ] GC(501) Metaspace: 100K(320K)->100K(320K) NonClass: 96K(192K)->96K(192K) Class: 4K(128K)->4K(128K)
[2024-08-27T15:00:50.780+0000][info][gc             ] GC(501) Pause Young (Mixed) (G1 Preventive Collection) 966M->865M(1024M) 13.868ms
[2024-08-27T15:00:50.780+0000][info][gc,cpu         ] GC(501) User=0.31s Sys=0.00s Real=0.02s
[2024-08-27T15:00:50.801+0000][info][gc,start       ] GC(502) Pause Young (Mixed) (G1 Evacuation Pause)
[2024-08-27T15:00:50.801+0000][info][gc,task        ] GC(502) Using 24 workers of 68 for evacuation
[2024-08-27T15:00:50.813+0000][info][gc,phases      ] GC(502)   Pre Evacuate Collection Set: 0.2ms
[2024-08-27T15:00:50.813+0000][info][gc,phases      ] GC(502)   Merge Heap Roots: 0.6ms
[2024-08-27T15:00:50.813+0000][info][gc,phases      ] GC(502)   Evacuate Collection Set: 10.2ms
[2024-08-27T15:00:50.813+0000][info][gc,phases      ] GC(502)   Post Evacuate Collection Set: 0.4ms
[2024-08-27T15:00:50.813+0000][info][gc,phases      ] GC(502)   Other: 0.2ms
[2024-08-27T15:00:50.813+0000][info][gc,heap        ] GC(502) Eden regions: 44->0(44)
[2024-08-27T15:00:50.813+0000][info][gc,heap        ] GC(502) Survivor regions: 7->7(7)
[2024-08-27T15:00:50.813+0000][info][gc,heap        ] GC(502) Old regions: 853->797
[2024-08-27T15:00:50.813+0000][info][gc,heap        ] GC(502) Archive regions: 2->2
[2024-08-27T15:00:50.813+0000][info][gc,heap        ] GC(502) Humongous regions: 5->5
[2024-08-27T15:00:50.813+0000][info][gc,metaspace   ] GC(502) Metaspace: 100K(320K)->100K(320K) NonClass: 96K(192K)->96K(192K) Class: 4K(128K)->4K(128K)
[2024-08-27T15:00:50.813+0000][info][gc             ] GC(502) Pause Young (Mixed) (G1 Evacuation Pause) 909M->809M(1024M) 11.780ms
[2024-08-27T15:00:50.813+0000][info][gc,cpu         ] GC(502) User=0.25s Sys=0.00s Real=0.01s
[2024-08-27T15:00:50.834+0000][info][gc,start       ] GC(503) Pause Young (Mixed) (G1 Evacuation Pause)
[2024-08-27T15:00:50.834+0000][info][gc,task        ] GC(503) Using 24 workers of 68 for evacuation
[2024-08-27T15:00:50.845+0000][info][gc,phases      ] GC(503)   Pre Evacuate Collection Set: 0.3ms
[2024-08-27T15:00:50.845+0000][info][gc,phases      ] GC(503)   Merge Heap Roots: 0.6ms
[2024-08-27T15:00:50.845+0000][info][gc,phases      ] GC(503)   Evacuate Collection Set: 9.7ms
[2024-08-27T15:00:50.845+0000][info][gc,phases      ] GC(503)   Post Evacuate Collection Set: 0.4ms
[2024-08-27T15:00:50.845+0000][info][gc,phases      ] GC(503)   Other: 0.2ms
[2024-08-27T15:00:50.845+0000][info][gc,heap        ] GC(503) Eden regions: 44->0(44)
[2024-08-27T15:00:50.845+0000][info][gc,heap        ] GC(503) Survivor regions: 7->7(7)
[2024-08-27T15:00:50.845+0000][info][gc,heap        ] GC(503) Old regions: 797->744
[2024-08-27T15:00:50.845+0000][info][gc,heap        ] GC(503) Archive regions: 2->2
[2024-08-27T15:00:50.845+0000][info][gc,heap        ] GC(503) Humongous regions: 5->5
[2024-08-27T15:00:50.845+0000][info][gc,metaspace   ] GC(503) Metaspace: 100K(320K)->100K(320K) NonClass: 96K(192K)->96K(192K) Class: 4K(128K)->4K(128K)
[2024-08-27T15:00:50.845+0000][info][gc             ] GC(503) Pause Young (Mixed) (G1 Evacuation Pause) 853M->756M(1024M) 11.363ms
[2024-08-27T15:00:50.845+0000][info][gc,cpu         ] GC(503) User=0.25s Sys=0.01s Real=0.01s
[2024-08-27T15:00:50.869+0000][info][gc,start       ] GC(504) Pause Young (Mixed) (G1 Evacuation Pause)
[2024-08-27T15:00:50.869+0000][info][gc,task        ] GC(504) Using 24 workers of 68 for evacuation
[2024-08-27T15:00:50.882+0000][info][gc,phases      ] GC(504)   Pre Evacuate Collection Set: 0.2ms
[2024-08-27T15:00:50.882+0000][info][gc,phases      ] GC(504)   Merge Heap Roots: 0.5ms
[2024-08-27T15:00:50.882+0000][info][gc,phases      ] GC(504)   Evacuate Collection Set: 11.5ms
[2024-08-27T15:00:50.882+0000][info][gc,phases      ] GC(504)   Post Evacuate Collection Set: 0.4ms
[2024-08-27T15:00:50.882+0000][info][gc,phases      ] GC(504)   Other: 0.2ms
[2024-08-27T15:00:50.882+0000][info][gc,heap        ] GC(504) Eden regions: 44->0(44)
[2024-08-27T15:00:50.882+0000][info][gc,heap        ] GC(504) Survivor regions: 7->7(7)
[2024-08-27T15:00:50.882+0000][info][gc,heap        ] GC(504) Old regions: 744->771
[2024-08-27T15:00:50.882+0000][info][gc,heap        ] GC(504) Archive regions: 2->2
[2024-08-27T15:00:50.882+0000][info][gc,heap        ] GC(504) Humongous regions: 5->5
[2024-08-27T15:00:50.882+0000][info][gc,metaspace   ] GC(504) Metaspace: 100K(320K)->100K(320K) NonClass: 96K(192K)->96K(192K) Class: 4K(128K)->4K(128K)
[2024-08-27T15:00:50.882+0000][info][gc             ] GC(504) Pause Young (Mixed) (G1 Evacuation Pause) 800M->783M(1024M) 12.987ms
[2024-08-27T15:00:50.882+0000][info][gc,cpu         ] GC(504) User=0.29s Sys=0.00s Real=0.02s
[2024-08-27T15:00:50.907+0000][info][gc,start       ] GC(505) Pause Young (Concurrent Start) (G1 Evacuation Pause)
[2024-08-27T15:00:50.907+0000][info][gc,task        ] GC(505) Using 24 workers of 68 for evacuation
[2024-08-27T15:00:50.920+0000][info][gc,phases      ] GC(505)   Pre Evacuate Collection Set: 0.2ms
[2024-08-27T15:00:50.920+0000][info][gc,phases      ] GC(505)   Merge Heap Roots: 0.6ms
[2024-08-27T15:00:50.920+0000][info][gc,phases      ] GC(505)   Evacuate Collection Set: 11.0ms
[2024-08-27T15:00:50.920+0000][info][gc,phases      ] GC(505)   Post Evacuate Collection Set: 0.3ms
[2024-08-27T15:00:50.920+0000][info][gc,phases      ] GC(505)   Other: 0.8ms
[2024-08-27T15:00:50.920+0000][info][gc,heap        ] GC(505) Eden regions: 44->0(44)
[2024-08-27T15:00:50.920+0000][info][gc,heap        ] GC(505) Survivor regions: 7->7(7)
[2024-08-27T15:00:50.920+0000][info][gc,heap        ] GC(505) Old regions: 771->818
[2024-08-27T15:00:50.920+0000][info][gc,heap        ] GC(505) Archive regions: 2->2
[2024-08-27T15:00:50.920+0000][info][gc,heap        ] GC(505) Humongous regions: 5->5
[2024-08-27T15:00:50.920+0000][info][gc,metaspace   ] GC(505) Metaspace: 100K(320K)->100K(320K) NonClass: 96K(192K)->96K(192K) Class: 4K(128K)->4K(128K)
[2024-08-27T15:00:50.920+0000][info][gc             ] GC(505) Pause Young (Concurrent Start) (G1 Evacuation Pause) 827M->830M(1024M) 12.960ms
[2024-08-27T15:00:50.920+0000][info][gc,cpu         ] GC(505) User=0.28s Sys=0.00s Real=0.02s
[2024-08-27T15:00:50.921+0000][info][gc             ] GC(506) Concurrent Mark Cycle
[2024-08-27T15:00:50.921+0000][info][gc,marking     ] GC(506) Concurrent Clear Claimed Marks
[2024-08-27T15:00:50.921+0000][info][gc,marking     ] GC(506) Concurrent Clear Claimed Marks 0.022ms
[2024-08-27T15:00:50.921+0000][info][gc,marking     ] GC(506) Concurrent Scan Root Regions
[2024-08-27T15:00:50.922+0000][info][gc,marking     ] GC(506) Concurrent Scan Root Regions 1.537ms
[2024-08-27T15:00:50.922+0000][info][gc,marking     ] GC(506) Concurrent Mark
[2024-08-27T15:00:50.922+0000][info][gc,marking     ] GC(506) Concurrent Mark From Roots
[2024-08-27T15:00:50.922+0000][info][gc,task        ] GC(506) Using 17 workers of 17 for marking
[2024-08-27T15:00:50.944+0000][info][gc,marking     ] GC(506) Concurrent Mark From Roots 21.853ms
[2024-08-27T15:00:50.944+0000][info][gc,marking     ] GC(506) Concurrent Preclean
[2024-08-27T15:00:50.945+0000][info][gc,marking     ] GC(506) Concurrent Preclean 1.048ms
[2024-08-27T15:00:50.946+0000][info][gc,start       ] GC(506) Pause Remark
[2024-08-27T15:00:50.947+0000][info][gc             ] GC(506) Pause Remark 858M->858M(1024M) 1.423ms
[2024-08-27T15:00:50.947+0000][info][gc,cpu         ] GC(506) User=0.01s Sys=0.00s Real=0.00s
[2024-08-27T15:00:50.947+0000][info][gc,marking     ] GC(506) Concurrent Mark 24.872ms
[2024-08-27T15:00:50.947+0000][info][gc,marking     ] GC(506) Concurrent Rebuild Remembered Sets
[2024-08-27T15:00:50.961+0000][info][gc,start       ] GC(507) Pause Young (Normal) (G1 Evacuation Pause)
[2024-08-27T15:00:50.961+0000][info][gc,task        ] GC(507) Using 24 workers of 68 for evacuation
[2024-08-27T15:00:50.974+0000][info][gc,phases      ] GC(507)   Pre Evacuate Collection Set: 0.2ms
[2024-08-27T15:00:50.974+0000][info][gc,phases      ] GC(507)   Merge Heap Roots: 0.7ms
[2024-08-27T15:00:50.974+0000][info][gc,phases      ] GC(507)   Evacuate Collection Set: 11.0ms
[2024-08-27T15:00:50.974+0000][info][gc,phases      ] GC(507)   Post Evacuate Collection Set: 0.6ms
[2024-08-27T15:00:50.974+0000][info][gc,phases      ] GC(507)   Other: 0.3ms
[2024-08-27T15:00:50.974+0000][info][gc,heap        ] GC(507) Eden regions: 44->0(44)
[2024-08-27T15:00:50.974+0000][info][gc,heap        ] GC(507) Survivor regions: 7->7(7)
[2024-08-27T15:00:50.974+0000][info][gc,heap        ] GC(507) Old regions: 818->864
[2024-08-27T15:00:50.974+0000][info][gc,heap        ] GC(507) Archive regions: 2->2
[2024-08-27T15:00:50.974+0000][info][gc,heap        ] GC(507) Humongous regions: 5->5
[2024-08-27T15:00:50.974+0000][info][gc,metaspace   ] GC(507) Metaspace: 100K(320K)->100K(320K) NonClass: 96K(192K)->96K(192K) Class: 4K(128K)->4K(128K)
[2024-08-27T15:00:50.974+0000][info][gc             ] GC(507) Pause Young (Normal) (G1 Evacuation Pause) 874M->876M(1024M) 12.812ms
[2024-08-27T15:00:50.974+0000][info][gc,cpu         ] GC(507) User=0.27s Sys=0.02s Real=0.01s
[2024-08-27T15:00:51.007+0000][info][gc,marking     ] GC(506) Concurrent Rebuild Remembered Sets 60.307ms
[2024-08-27T15:00:51.008+0000][info][gc,start       ] GC(506) Pause Cleanup
[2024-08-27T15:00:51.011+0000][info][gc             ] GC(506) Pause Cleanup 918M->918M(1024M) 2.751ms
[2024-08-27T15:00:51.011+0000][info][gc,cpu         ] GC(506) User=0.01s Sys=0.00s Real=0.01s
[2024-08-27T15:00:51.011+0000][info][gc,marking     ] GC(506) Concurrent Cleanup for Next Mark
[2024-08-27T15:00:51.012+0000][info][gc,marking     ] GC(506) Concurrent Cleanup for Next Mark 0.681ms
[2024-08-27T15:00:51.012+0000][info][gc             ] GC(506) Concurrent Mark Cycle 91.044ms
[2024-08-27T15:00:51.013+0000][info][gc,start       ] GC(508) Pause Young (Prepare Mixed) (G1 Evacuation Pause)
[2024-08-27T15:00:51.013+0000][info][gc,task        ] GC(508) Using 24 workers of 68 for evacuation
[2024-08-27T15:00:51.030+0000][info][gc,phases      ] GC(508)   Pre Evacuate Collection Set: 0.2ms
[2024-08-27T15:00:51.030+0000][info][gc,phases      ] GC(508)   Merge Heap Roots: 0.9ms
[2024-08-27T15:00:51.030+0000][info][gc,phases      ] GC(508)   Evacuate Collection Set: 15.9ms
[2024-08-27T15:00:51.030+0000][info][gc,phases      ] GC(508)   Post Evacuate Collection Set: 0.4ms
[2024-08-27T15:00:51.030+0000][info][gc,phases      ] GC(508)   Other: 0.2ms
[2024-08-27T15:00:51.030+0000][info][gc,heap        ] GC(508) Eden regions: 44->0(44)
[2024-08-27T15:00:51.030+0000][info][gc,heap        ] GC(508) Survivor regions: 7->7(7)
[2024-08-27T15:00:51.030+0000][info][gc,heap        ] GC(508) Old regions: 864->910
[2024-08-27T15:00:51.030+0000][info][gc,heap        ] GC(508) Archive regions: 2->2
[2024-08-27T15:00:51.030+0000][info][gc,heap        ] GC(508) Humongous regions: 5->5
[2024-08-27T15:00:51.030+0000][info][gc,metaspace   ] GC(508) Metaspace: 100K(320K)->100K(320K) NonClass: 96K(192K)->96K(192K) Class: 4K(128K)->4K(128K)
[2024-08-27T15:00:51.030+0000][info][gc             ] GC(508) Pause Young (Prepare Mixed) (G1 Evacuation Pause) 920M->922M(1024M) 17.546ms
[2024-08-27T15:00:51.030+0000][info][gc,cpu         ] GC(508) User=0.40s Sys=0.00s Real=0.02s
[2024-08-27T15:00:51.054+0000][info][gc,start       ] GC(509) Pause Young (Mixed) (G1 Preventive Collection)
[2024-08-27T15:00:51.054+0000][info][gc,task        ] GC(509) Using 24 workers of 68 for evacuation
[2024-08-27T15:00:51.068+0000][info][gc,phases      ] GC(509)   Pre Evacuate Collection Set: 0.2ms
[2024-08-27T15:00:51.068+0000][info][gc,phases      ] GC(509)   Merge Heap Roots: 0.6ms
[2024-08-27T15:00:51.068+0000][info][gc,phases      ] GC(509)   Evacuate Collection Set: 12.4ms
[2024-08-27T15:00:51.068+0000][info][gc,phases      ] GC(509)   Post Evacuate Collection Set: 0.4ms
[2024-08-27T15:00:51.068+0000][info][gc,phases      ] GC(509)   Other: 0.3ms
[2024-08-27T15:00:51.068+0000][info][gc,heap        ] GC(509) Eden regions: 44->0(44)
[2024-08-27T15:00:51.068+0000][info][gc,heap        ] GC(509) Survivor regions: 7->7(7)
[2024-08-27T15:00:51.068+0000][info][gc,heap        ] GC(509) Old regions: 910->854
[2024-08-27T15:00:51.068+0000][info][gc,heap        ] GC(509) Archive regions: 2->2
[2024-08-27T15:00:51.068+0000][info][gc,heap        ] GC(509) Humongous regions: 5->5
[2024-08-27T15:00:51.068+0000][info][gc,metaspace   ] GC(509) Metaspace: 100K(320K)->100K(320K) NonClass: 96K(192K)->96K(192K) Class: 4K(128K)->4K(128K)
[2024-08-27T15:00:51.068+0000][info][gc             ] GC(509) Pause Young (Mixed) (G1 Preventive Collection) 966M->866M(1024M) 13.972ms
[2024-08-27T15:00:51.068+0000][info][gc,cpu         ] GC(509) User=0.32s Sys=0.00s Real=0.01s
[2024-08-27T15:00:51.090+0000][info][gc,start       ] GC(510) Pause Young (Mixed) (G1 Evacuation Pause)
[2024-08-27T15:00:51.090+0000][info][gc,task        ] GC(510) Using 24 workers of 68 for evacuation
[2024-08-27T15:00:51.103+0000][info][gc,phases      ] GC(510)   Pre Evacuate Collection Set: 0.2ms
[2024-08-27T15:00:51.103+0000][info][gc,phases      ] GC(510)   Merge Heap Roots: 0.7ms
[2024-08-27T15:00:51.103+0000][info][gc,phases      ] GC(510)   Evacuate Collection Set: 10.9ms
[2024-08-27T15:00:51.103+0000][info][gc,phases      ] GC(510)   Post Evacuate Collection Set: 0.4ms
[2024-08-27T15:00:51.103+0000][info][gc,phases      ] GC(510)   Other: 0.3ms
[2024-08-27T15:00:51.103+0000][info][gc,heap        ] GC(510) Eden regions: 44->0(44)
[2024-08-27T15:00:51.103+0000][info][gc,heap        ] GC(510) Survivor regions: 7->7(7)
[2024-08-27T15:00:51.103+0000][info][gc,heap        ] GC(510) Old regions: 854->797
[2024-08-27T15:00:51.103+0000][info][gc,heap        ] GC(510) Archive regions: 2->2
[2024-08-27T15:00:51.103+0000][info][gc,heap        ] GC(510) Humongous regions: 5->5
[2024-08-27T15:00:51.103+0000][info][gc,metaspace   ] GC(510) Metaspace: 100K(320K)->100K(320K) NonClass: 96K(192K)->96K(192K) Class: 4K(128K)->4K(128K)
[2024-08-27T15:00:51.103+0000][info][gc             ] GC(510) Pause Young (Mixed) (G1 Evacuation Pause) 910M->809M(1024M) 12.549ms
[2024-08-27T15:00:51.103+0000][info][gc,cpu         ] GC(510) User=0.28s Sys=0.00s Real=0.01s
[2024-08-27T15:00:51.125+0000][info][gc,start       ] GC(511) Pause Young (Mixed) (G1 Evacuation Pause)
[2024-08-27T15:00:51.125+0000][info][gc,task        ] GC(511) Using 24 workers of 68 for evacuation
[2024-08-27T15:00:51.136+0000][info][gc,phases      ] GC(511)   Pre Evacuate Collection Set: 0.3ms
[2024-08-27T15:00:51.136+0000][info][gc,phases      ] GC(511)   Merge Heap Roots: 0.4ms
[2024-08-27T15:00:51.136+0000][info][gc,phases      ] GC(511)   Evacuate Collection Set: 10.4ms
[2024-08-27T15:00:51.136+0000][info][gc,phases      ] GC(511)   Post Evacuate Collection Set: 0.3ms
[2024-08-27T15:00:51.136+0000][info][gc,phases      ] GC(511)   Other: 0.3ms
[2024-08-27T15:00:51.136+0000][info][gc,heap        ] GC(511) Eden regions: 44->0(44)
[2024-08-27T15:00:51.136+0000][info][gc,heap        ] GC(511) Survivor regions: 7->7(7)
[2024-08-27T15:00:51.136+0000][info][gc,heap        ] GC(511) Old regions: 797->745
[2024-08-27T15:00:51.136+0000][info][gc,heap        ] GC(511) Archive regions: 2->2
[2024-08-27T15:00:51.136+0000][info][gc,heap        ] GC(511) Humongous regions: 5->5
[2024-08-27T15:00:51.136+0000][info][gc,metaspace   ] GC(511) Metaspace: 100K(320K)->100K(320K) NonClass: 96K(192K)->96K(192K) Class: 4K(128K)->4K(128K)
[2024-08-27T15:00:51.136+0000][info][gc             ] GC(511) Pause Young (Mixed) (G1 Evacuation Pause) 853M->757M(1024M) 11.849ms
[2024-08-27T15:00:51.136+0000][info][gc,cpu         ] GC(511) User=0.25s Sys=0.01s Real=0.01s
[2024-08-27T15:00:51.156+0000][info][gc,start       ] GC(512) Pause Young (Mixed) (G1 Evacuation Pause)
[2024-08-27T15:00:51.156+0000][info][gc,task        ] GC(512) Using 24 workers of 68 for evacuation
[2024-08-27T15:00:51.167+0000][info][gc,phases      ] GC(512)   Pre Evacuate Collection Set: 0.1ms
[2024-08-27T15:00:51.167+0000][info][gc,phases      ] GC(512)   Merge Heap Roots: 0.3ms
[2024-08-27T15:00:51.168+0000][info][gc,phases      ] GC(512)   Evacuate Collection Set: 10.9ms
[2024-08-27T15:00:51.168+0000][info][gc,phases      ] GC(512)   Post Evacuate Collection Set: 0.3ms
[2024-08-27T15:00:51.168+0000][info][gc,phases      ] GC(512)   Other: 0.2ms
[2024-08-27T15:00:51.168+0000][info][gc,heap        ] GC(512) Eden regions: 44->0(44)
[2024-08-27T15:00:51.168+0000][info][gc,heap        ] GC(512) Survivor regions: 7->7(7)
[2024-08-27T15:00:51.168+0000][info][gc,heap        ] GC(512) Old regions: 745->769
[2024-08-27T15:00:51.168+0000][info][gc,heap        ] GC(512) Archive regions: 2->2
[2024-08-27T15:00:51.168+0000][info][gc,heap        ] GC(512) Humongous regions: 5->5
[2024-08-27T15:00:51.168+0000][info][gc,metaspace   ] GC(512) Metaspace: 100K(320K)->100K(320K) NonClass: 96K(192K)->96K(192K) Class: 4K(128K)->4K(128K)
[2024-08-27T15:00:51.168+0000][info][gc             ] GC(512) Pause Young (Mixed) (G1 Evacuation Pause) 801M->781M(1024M) 12.008ms
[2024-08-27T15:00:51.168+0000][info][gc,cpu         ] GC(512) User=0.27s Sys=0.00s Real=0.01s
[2024-08-27T15:00:51.187+0000][info][gc,start       ] GC(513) Pause Young (Concurrent Start) (G1 Evacuation Pause)
[2024-08-27T15:00:51.187+0000][info][gc,task        ] GC(513) Using 24 workers of 68 for evacuation
[2024-08-27T15:00:51.198+0000][info][gc,phases      ] GC(513)   Pre Evacuate Collection Set: 0.2ms
[2024-08-27T15:00:51.198+0000][info][gc,phases      ] GC(513)   Merge Heap Roots: 0.3ms
[2024-08-27T15:00:51.198+0000][info][gc,phases      ] GC(513)   Evacuate Collection Set: 9.3ms
[2024-08-27T15:00:51.198+0000][info][gc,phases      ] GC(513)   Post Evacuate Collection Set: 0.3ms
[2024-08-27T15:00:51.198+0000][info][gc,phases      ] GC(513)   Other: 0.8ms
[2024-08-27T15:00:51.198+0000][info][gc,heap        ] GC(513) Eden regions: 44->0(44)
[2024-08-27T15:00:51.198+0000][info][gc,heap        ] GC(513) Survivor regions: 7->7(7)
[2024-08-27T15:00:51.198+0000][info][gc,heap        ] GC(513) Old regions: 769->816
[2024-08-27T15:00:51.198+0000][info][gc,heap        ] GC(513) Archive regions: 2->2
[2024-08-27T15:00:51.198+0000][info][gc,heap        ] GC(513) Humongous regions: 5->5
[2024-08-27T15:00:51.198+0000][info][gc,metaspace   ] GC(513) Metaspace: 100K(320K)->100K(320K) NonClass: 96K(192K)->96K(192K) Class: 4K(128K)->4K(128K)
[2024-08-27T15:00:51.198+0000][info][gc             ] GC(513) Pause Young (Concurrent Start) (G1 Evacuation Pause) 825M->828M(1024M) 10.890ms
[2024-08-27T15:00:51.198+0000][info][gc,cpu         ] GC(513) User=0.22s Sys=0.00s Real=0.02s
[2024-08-27T15:00:51.198+0000][info][gc             ] GC(514) Concurrent Mark Cycle
[2024-08-27T15:00:51.198+0000][info][gc,marking     ] GC(514) Concurrent Clear Claimed Marks
[2024-08-27T15:00:51.198+0000][info][gc,marking     ] GC(514) Concurrent Clear Claimed Marks 0.022ms
[2024-08-27T15:00:51.198+0000][info][gc,marking     ] GC(514) Concurrent Scan Root Regions
[2024-08-27T15:00:51.200+0000][info][gc,marking     ] GC(514) Concurrent Scan Root Regions 1.381ms
[2024-08-27T15:00:51.200+0000][info][gc,marking     ] GC(514) Concurrent Mark
[2024-08-27T15:00:51.200+0000][info][gc,marking     ] GC(514) Concurrent Mark From Roots
[2024-08-27T15:00:51.200+0000][info][gc,task        ] GC(514) Using 17 workers of 17 for marking
[2024-08-27T15:00:51.220+0000][info][gc,marking     ] GC(514) Concurrent Mark From Roots 20.510ms
[2024-08-27T15:00:51.220+0000][info][gc,marking     ] GC(514) Concurrent Preclean
[2024-08-27T15:00:51.222+0000][info][gc,marking     ] GC(514) Concurrent Preclean 1.086ms
[2024-08-27T15:00:51.222+0000][info][gc,start       ] GC(514) Pause Remark
[2024-08-27T15:00:51.223+0000][info][gc             ] GC(514) Pause Remark 857M->857M(1024M) 1.469ms
[2024-08-27T15:00:51.223+0000][info][gc,cpu         ] GC(514) User=0.01s Sys=0.00s Real=0.00s
[2024-08-27T15:00:51.224+0000][info][gc,marking     ] GC(514) Concurrent Mark 23.661ms
[2024-08-27T15:00:51.224+0000][info][gc,marking     ] GC(514) Concurrent Rebuild Remembered Sets
[2024-08-27T15:00:51.236+0000][info][gc,start       ] GC(515) Pause Young (Normal) (G1 Evacuation Pause)
[2024-08-27T15:00:51.236+0000][info][gc,task        ] GC(515) Using 24 workers of 68 for evacuation
[2024-08-27T15:00:51.246+0000][info][gc,phases      ] GC(515)   Pre Evacuate Collection Set: 0.1ms
[2024-08-27T15:00:51.246+0000][info][gc,phases      ] GC(515)   Merge Heap Roots: 0.3ms
[2024-08-27T15:00:51.246+0000][info][gc,phases      ] GC(515)   Evacuate Collection Set: 9.1ms
[2024-08-27T15:00:51.246+0000][info][gc,phases      ] GC(515)   Post Evacuate Collection Set: 0.4ms
[2024-08-27T15:00:51.246+0000][info][gc,phases      ] GC(515)   Other: 0.2ms
[2024-08-27T15:00:51.246+0000][info][gc,heap        ] GC(515) Eden regions: 44->0(44)
[2024-08-27T15:00:51.246+0000][info][gc,heap        ] GC(515) Survivor regions: 7->7(7)
[2024-08-27T15:00:51.246+0000][info][gc,heap        ] GC(515) Old regions: 816->862
[2024-08-27T15:00:51.246+0000][info][gc,heap        ] GC(515) Archive regions: 2->2
[2024-08-27T15:00:51.246+0000][info][gc,heap        ] GC(515) Humongous regions: 5->5
[2024-08-27T15:00:51.246+0000][info][gc,metaspace   ] GC(515) Metaspace: 100K(320K)->100K(320K) NonClass: 96K(192K)->96K(192K) Class: 4K(128K)->4K(128K)
[2024-08-27T15:00:51.246+0000][info][gc             ] GC(515) Pause Young (Normal) (G1 Evacuation Pause) 872M->874M(1024M) 10.192ms
[2024-08-27T15:00:51.246+0000][info][gc,cpu         ] GC(515) User=0.23s Sys=0.00s Real=0.01s
[2024-08-27T15:00:51.282+0000][info][gc,start       ] GC(516) Pause Young (Normal) (G1 Evacuation Pause)
[2024-08-27T15:00:51.282+0000][info][gc,task        ] GC(516) Using 24 workers of 68 for evacuation
[2024-08-27T15:00:51.296+0000][info][gc,phases      ] GC(516)   Pre Evacuate Collection Set: 0.1ms
[2024-08-27T15:00:51.296+0000][info][gc,phases      ] GC(516)   Merge Heap Roots: 0.4ms
[2024-08-27T15:00:51.296+0000][info][gc,phases      ] GC(516)   Evacuate Collection Set: 12.9ms
[2024-08-27T15:00:51.296+0000][info][gc,phases      ] GC(516)   Post Evacuate Collection Set: 0.5ms
[2024-08-27T15:00:51.296+0000][info][gc,phases      ] GC(516)   Other: 0.2ms
[2024-08-27T15:00:51.296+0000][info][gc,heap        ] GC(516) Eden regions: 44->0(44)
[2024-08-27T15:00:51.296+0000][info][gc,heap        ] GC(516) Survivor regions: 7->7(7)
[2024-08-27T15:00:51.296+0000][info][gc,heap        ] GC(516) Old regions: 862->909
[2024-08-27T15:00:51.296+0000][info][gc,heap        ] GC(516) Archive regions: 2->2
[2024-08-27T15:00:51.296+0000][info][gc,heap        ] GC(516) Humongous regions: 5->5
[2024-08-27T15:00:51.296+0000][info][gc,metaspace   ] GC(516) Metaspace: 100K(320K)->100K(320K) NonClass: 96K(192K)->96K(192K) Class: 4K(128K)->4K(128K)
[2024-08-27T15:00:51.296+0000][info][gc             ] GC(516) Pause Young (Normal) (G1 Evacuation Pause) 918M->921M(1024M) 14.239ms
[2024-08-27T15:00:51.296+0000][info][gc,cpu         ] GC(516) User=0.32s Sys=0.00s Real=0.01s
[2024-08-27T15:00:51.296+0000][info][gc,marking     ] GC(514) Concurrent Rebuild Remembered Sets 72.375ms
[2024-08-27T15:00:51.296+0000][info][gc,start       ] GC(514) Pause Cleanup
[2024-08-27T15:00:51.298+0000][info][gc             ] GC(514) Pause Cleanup 921M->921M(1024M) 2.302ms
[2024-08-27T15:00:51.298+0000][info][gc,cpu         ] GC(514) User=0.00s Sys=0.01s Real=0.01s
[2024-08-27T15:00:51.299+0000][info][gc,marking     ] GC(514) Concurrent Cleanup for Next Mark
[2024-08-27T15:00:51.299+0000][info][gc,marking     ] GC(514) Concurrent Cleanup for Next Mark 0.732ms
[2024-08-27T15:00:51.299+0000][info][gc             ] GC(514) Concurrent Mark Cycle 101.096ms
[2024-08-27T15:00:51.320+0000][info][gc,start       ] GC(517) Pause Young (Prepare Mixed) (G1 Evacuation Pause)
[2024-08-27T15:00:51.320+0000][info][gc,task        ] GC(517) Using 24 workers of 68 for evacuation
[2024-08-27T15:00:51.336+0000][info][gc,phases      ] GC(517)   Pre Evacuate Collection Set: 0.1ms
[2024-08-27T15:00:51.336+0000][info][gc,phases      ] GC(517)   Merge Heap Roots: 0.6ms
[2024-08-27T15:00:51.336+0000][info][gc,phases      ] GC(517)   Evacuate Collection Set: 15.0ms
[2024-08-27T15:00:51.336+0000][info][gc,phases      ] GC(517)   Post Evacuate Collection Set: 0.3ms
[2024-08-27T15:00:51.336+0000][info][gc,phases      ] GC(517)   Other: 0.2ms
[2024-08-27T15:00:51.336+0000][info][gc,heap        ] GC(517) Eden regions: 44->0(44)
[2024-08-27T15:00:51.336+0000][info][gc,heap        ] GC(517) Survivor regions: 7->7(7)
[2024-08-27T15:00:51.336+0000][info][gc,heap        ] GC(517) Old regions: 909->955
[2024-08-27T15:00:51.336+0000][info][gc,heap        ] GC(517) Archive regions: 2->2
[2024-08-27T15:00:51.336+0000][info][gc,heap        ] GC(517) Humongous regions: 5->5
[2024-08-27T15:00:51.336+0000][info][gc,metaspace   ] GC(517) Metaspace: 100K(320K)->100K(320K) NonClass: 96K(192K)->96K(192K) Class: 4K(128K)->4K(128K)
[2024-08-27T15:00:51.336+0000][info][gc             ] GC(517) Pause Young (Prepare Mixed) (G1 Evacuation Pause) 965M->967M(1024M) 16.282ms
[2024-08-27T15:00:51.336+0000][info][gc,cpu         ] GC(517) User=0.37s Sys=0.00s Real=0.01s
[2024-08-27T15:00:51.346+0000][info][gc,start       ] GC(518) Pause Young (Mixed) (G1 Preventive Collection)
[2024-08-27T15:00:51.346+0000][info][gc,task        ] GC(518) Using 24 workers of 68 for evacuation
[2024-08-27T15:00:51.354+0000][info][gc,phases      ] GC(518)   Pre Evacuate Collection Set: 0.2ms
[2024-08-27T15:00:51.354+0000][info][gc,phases      ] GC(518)   Merge Heap Roots: 0.3ms
[2024-08-27T15:00:51.354+0000][info][gc,phases      ] GC(518)   Evacuate Collection Set: 6.7ms
[2024-08-27T15:00:51.354+0000][info][gc,phases      ] GC(518)   Post Evacuate Collection Set: 0.3ms
[2024-08-27T15:00:51.354+0000][info][gc,phases      ] GC(518)   Other: 0.2ms
[2024-08-27T15:00:51.354+0000][info][gc,heap        ] GC(518) Eden regions: 22->0(44)
[2024-08-27T15:00:51.354+0000][info][gc,heap        ] GC(518) Survivor regions: 7->7(7)
[2024-08-27T15:00:51.354+0000][info][gc,heap        ] GC(518) Old regions: 955->878
[2024-08-27T15:00:51.354+0000][info][gc,heap        ] GC(518) Archive regions: 2->2
[2024-08-27T15:00:51.354+0000][info][gc,heap        ] GC(518) Humongous regions: 5->5
[2024-08-27T15:00:51.354+0000][info][gc,metaspace   ] GC(518) Metaspace: 100K(320K)->100K(320K) NonClass: 96K(192K)->96K(192K) Class: 4K(128K)->4K(128K)
[2024-08-27T15:00:51.354+0000][info][gc             ] GC(518) Pause Young (Mixed) (G1 Preventive Collection) 989M->890M(1024M) 7.824ms
[2024-08-27T15:00:51.354+0000][info][gc,cpu         ] GC(518) User=0.17s Sys=0.01s Real=0.01s
[2024-08-27T15:00:51.372+0000][info][gc,start       ] GC(519) Pause Young (Mixed) (G1 Evacuation Pause)
[2024-08-27T15:00:51.372+0000][info][gc,task        ] GC(519) Using 24 workers of 68 for evacuation
[2024-08-27T15:00:51.382+0000][info][gc,phases      ] GC(519)   Pre Evacuate Collection Set: 0.2ms
[2024-08-27T15:00:51.383+0000][info][gc,phases      ] GC(519)   Merge Heap Roots: 0.4ms
[2024-08-27T15:00:51.383+0000][info][gc,phases      ] GC(519)   Evacuate Collection Set: 9.1ms
[2024-08-27T15:00:51.383+0000][info][gc,phases      ] GC(519)   Post Evacuate Collection Set: 0.4ms
[2024-08-27T15:00:51.383+0000][info][gc,phases      ] GC(519)   Other: 0.2ms
[2024-08-27T15:00:51.383+0000][info][gc,heap        ] GC(519) Eden regions: 44->0(44)
[2024-08-27T15:00:51.383+0000][info][gc,heap        ] GC(519) Survivor regions: 7->7(7)
[2024-08-27T15:00:51.383+0000][info][gc,heap        ] GC(519) Old regions: 878->820
[2024-08-27T15:00:51.383+0000][info][gc,heap        ] GC(519) Archive regions: 2->2
[2024-08-27T15:00:51.383+0000][info][gc,heap        ] GC(519) Humongous regions: 5->5
[2024-08-27T15:00:51.383+0000][info][gc,metaspace   ] GC(519) Metaspace: 100K(320K)->100K(320K) NonClass: 96K(192K)->96K(192K) Class: 4K(128K)->4K(128K)
[2024-08-27T15:00:51.383+0000][info][gc             ] GC(519) Pause Young (Mixed) (G1 Evacuation Pause) 934M->832M(1024M) 10.391ms
[2024-08-27T15:00:51.383+0000][info][gc,cpu         ] GC(519) User=0.22s Sys=0.00s Real=0.01s
[2024-08-27T15:00:51.401+0000][info][gc,start       ] GC(520) Pause Young (Mixed) (G1 Evacuation Pause)
[2024-08-27T15:00:51.401+0000][info][gc,task        ] GC(520) Using 24 workers of 68 for evacuation
[2024-08-27T15:00:51.412+0000][info][gc,phases      ] GC(520)   Pre Evacuate Collection Set: 0.2ms
[2024-08-27T15:00:51.412+0000][info][gc,phases      ] GC(520)   Merge Heap Roots: 0.4ms
[2024-08-27T15:00:51.412+0000][info][gc,phases      ] GC(520)   Evacuate Collection Set: 9.9ms
[2024-08-27T15:00:51.412+0000][info][gc,phases      ] GC(520)   Post Evacuate Collection Set: 0.4ms
[2024-08-27T15:00:51.412+0000][info][gc,phases      ] GC(520)   Other: 0.2ms
[2024-08-27T15:00:51.412+0000][info][gc,heap        ] GC(520) Eden regions: 44->0(44)
[2024-08-27T15:00:51.412+0000][info][gc,heap        ] GC(520) Survivor regions: 7->7(7)
[2024-08-27T15:00:51.412+0000][info][gc,heap        ] GC(520) Old regions: 820->767
[2024-08-27T15:00:51.412+0000][info][gc,heap        ] GC(520) Archive regions: 2->2
[2024-08-27T15:00:51.412+0000][info][gc,heap        ] GC(520) Humongous regions: 5->5
[2024-08-27T15:00:51.412+0000][info][gc,metaspace   ] GC(520) Metaspace: 100K(320K)->100K(320K) NonClass: 96K(192K)->96K(192K) Class: 4K(128K)->4K(128K)
[2024-08-27T15:00:51.412+0000][info][gc             ] GC(520) Pause Young (Mixed) (G1 Evacuation Pause) 876M->779M(1024M) 11.149ms
[2024-08-27T15:00:51.412+0000][info][gc,cpu         ] GC(520) User=0.25s Sys=0.00s Real=0.01s
[2024-08-27T15:00:51.433+0000][info][gc,start       ] GC(521) Pause Young (Mixed) (G1 Evacuation Pause)
[2024-08-27T15:00:51.433+0000][info][gc,task        ] GC(521) Using 24 workers of 68 for evacuation
[2024-08-27T15:00:51.445+0000][info][gc,phases      ] GC(521)   Pre Evacuate Collection Set: 0.2ms
[2024-08-27T15:00:51.445+0000][info][gc,phases      ] GC(521)   Merge Heap Roots: 0.3ms
[2024-08-27T15:00:51.445+0000][info][gc,phases      ] GC(521)   Evacuate Collection Set: 11.1ms
[2024-08-27T15:00:51.445+0000][info][gc,phases      ] GC(521)   Post Evacuate Collection Set: 0.3ms
[2024-08-27T15:00:51.445+0000][info][gc,phases      ] GC(521)   Other: 0.3ms
[2024-08-27T15:00:51.445+0000][info][gc,heap        ] GC(521) Eden regions: 44->0(44)
[2024-08-27T15:00:51.445+0000][info][gc,heap        ] GC(521) Survivor regions: 7->7(7)
[2024-08-27T15:00:51.445+0000][info][gc,heap        ] GC(521) Old regions: 767->796
[2024-08-27T15:00:51.445+0000][info][gc,heap        ] GC(521) Archive regions: 2->2
[2024-08-27T15:00:51.445+0000][info][gc,heap        ] GC(521) Humongous regions: 5->5
[2024-08-27T15:00:51.445+0000][info][gc,metaspace   ] GC(521) Metaspace: 100K(320K)->100K(320K) NonClass: 96K(192K)->96K(192K) Class: 4K(128K)->4K(128K)
[2024-08-27T15:00:51.445+0000][info][gc             ] GC(521) Pause Young (Mixed) (G1 Evacuation Pause) 823M->808M(1024M) 12.339ms
[2024-08-27T15:00:51.445+0000][info][gc,cpu         ] GC(521) User=0.27s Sys=0.00s Real=0.01s
[2024-08-27T15:00:51.466+0000][info][gc,start       ] GC(522) Pause Young (Concurrent Start) (G1 Evacuation Pause)
[2024-08-27T15:00:51.466+0000][info][gc,task        ] GC(522) Using 24 workers of 68 for evacuation
[2024-08-27T15:00:51.477+0000][info][gc,phases      ] GC(522)   Pre Evacuate Collection Set: 0.2ms
[2024-08-27T15:00:51.477+0000][info][gc,phases      ] GC(522)   Merge Heap Roots: 0.3ms
[2024-08-27T15:00:51.477+0000][info][gc,phases      ] GC(522)   Evacuate Collection Set: 9.4ms
[2024-08-27T15:00:51.477+0000][info][gc,phases      ] GC(522)   Post Evacuate Collection Set: 0.4ms
[2024-08-27T15:00:51.477+0000][info][gc,phases      ] GC(522)   Other: 0.9ms
[2024-08-27T15:00:51.477+0000][info][gc,heap        ] GC(522) Eden regions: 44->0(44)
[2024-08-27T15:00:51.477+0000][info][gc,heap        ] GC(522) Survivor regions: 7->7(7)
[2024-08-27T15:00:51.477+0000][info][gc,heap        ] GC(522) Old regions: 796->842
[2024-08-27T15:00:51.477+0000][info][gc,heap        ] GC(522) Archive regions: 2->2
[2024-08-27T15:00:51.477+0000][info][gc,heap        ] GC(522) Humongous regions: 5->5
[2024-08-27T15:00:51.477+0000][info][gc,metaspace   ] GC(522) Metaspace: 100K(320K)->100K(320K) NonClass: 96K(192K)->96K(192K) Class: 4K(128K)->4K(128K)
[2024-08-27T15:00:51.477+0000][info][gc             ] GC(522) Pause Young (Concurrent Start) (G1 Evacuation Pause) 852M->854M(1024M) 11.252ms
[2024-08-27T15:00:51.477+0000][info][gc,cpu         ] GC(522) User=0.23s Sys=0.00s Real=0.01s
[2024-08-27T15:00:51.477+0000][info][gc             ] GC(523) Concurrent Mark Cycle
[2024-08-27T15:00:51.477+0000][info][gc,marking     ] GC(523) Concurrent Clear Claimed Marks
[2024-08-27T15:00:51.477+0000][info][gc,marking     ] GC(523) Concurrent Clear Claimed Marks 0.013ms
[2024-08-27T15:00:51.477+0000][info][gc,marking     ] GC(523) Concurrent Scan Root Regions
[2024-08-27T15:00:51.479+0000][info][gc,marking     ] GC(523) Concurrent Scan Root Regions 1.555ms
[2024-08-27T15:00:51.479+0000][info][gc,marking     ] GC(523) Concurrent Mark
[2024-08-27T15:00:51.479+0000][info][gc,marking     ] GC(523) Concurrent Mark From Roots
[2024-08-27T15:00:51.479+0000][info][gc,task        ] GC(523) Using 17 workers of 17 for marking
[2024-08-27T15:00:51.500+0000][info][gc,marking     ] GC(523) Concurrent Mark From Roots 21.059ms
[2024-08-27T15:00:51.500+0000][info][gc,marking     ] GC(523) Concurrent Preclean
[2024-08-27T15:00:51.501+0000][info][gc,marking     ] GC(523) Concurrent Preclean 0.626ms
[2024-08-27T15:00:51.501+0000][info][gc,start       ] GC(523) Pause Remark
[2024-08-27T15:00:51.502+0000][info][gc             ] GC(523) Pause Remark 884M->884M(1024M) 1.149ms
[2024-08-27T15:00:51.502+0000][info][gc,cpu         ] GC(523) User=0.00s Sys=0.00s Real=0.00s
[2024-08-27T15:00:51.502+0000][info][gc,marking     ] GC(523) Concurrent Mark 23.292ms
[2024-08-27T15:00:51.502+0000][info][gc,marking     ] GC(523) Concurrent Rebuild Remembered Sets
[2024-08-27T15:00:51.514+0000][info][gc,start       ] GC(524) Pause Young (Normal) (G1 Evacuation Pause)
[2024-08-27T15:00:51.514+0000][info][gc,task        ] GC(524) Using 24 workers of 68 for evacuation
[2024-08-27T15:00:51.524+0000][info][gc,phases      ] GC(524)   Pre Evacuate Collection Set: 0.1ms
[2024-08-27T15:00:51.524+0000][info][gc,phases      ] GC(524)   Merge Heap Roots: 0.3ms
[2024-08-27T15:00:51.524+0000][info][gc,phases      ] GC(524)   Evacuate Collection Set: 9.6ms
[2024-08-27T15:00:51.524+0000][info][gc,phases      ] GC(524)   Post Evacuate Collection Set: 0.4ms
[2024-08-27T15:00:51.524+0000][info][gc,phases      ] GC(524)   Other: 0.2ms
[2024-08-27T15:00:51.524+0000][info][gc,heap        ] GC(524) Eden regions: 44->0(44)
[2024-08-27T15:00:51.524+0000][info][gc,heap        ] GC(524) Survivor regions: 7->7(7)
[2024-08-27T15:00:51.524+0000][info][gc,heap        ] GC(524) Old regions: 842->888
[2024-08-27T15:00:51.524+0000][info][gc,heap        ] GC(524) Archive regions: 2->2
[2024-08-27T15:00:51.524+0000][info][gc,heap        ] GC(524) Humongous regions: 5->5
[2024-08-27T15:00:51.524+0000][info][gc,metaspace   ] GC(524) Metaspace: 100K(320K)->100K(320K) NonClass: 96K(192K)->96K(192K) Class: 4K(128K)->4K(128K)
[2024-08-27T15:00:51.524+0000][info][gc             ] GC(524) Pause Young (Normal) (G1 Evacuation Pause) 898M->900M(1024M) 10.673ms
[2024-08-27T15:00:51.524+0000][info][gc,cpu         ] GC(524) User=0.23s Sys=0.00s Real=0.01s
[2024-08-27T15:00:51.551+0000][info][gc,start       ] GC(525) Pause Young (Normal) (G1 Evacuation Pause)
[2024-08-27T15:00:51.551+0000][info][gc,task        ] GC(525) Using 24 workers of 68 for evacuation
[2024-08-27T15:00:51.565+0000][info][gc,phases      ] GC(525)   Pre Evacuate Collection Set: 0.1ms
[2024-08-27T15:00:51.565+0000][info][gc,phases      ] GC(525)   Merge Heap Roots: 0.4ms
[2024-08-27T15:00:51.565+0000][info][gc,phases      ] GC(525)   Evacuate Collection Set: 12.6ms
[2024-08-27T15:00:51.565+0000][info][gc,phases      ] GC(525)   Post Evacuate Collection Set: 0.5ms
[2024-08-27T15:00:51.565+0000][info][gc,phases      ] GC(525)   Other: 0.2ms
[2024-08-27T15:00:51.565+0000][info][gc,heap        ] GC(525) Eden regions: 44->0(44)
[2024-08-27T15:00:51.565+0000][info][gc,heap        ] GC(525) Survivor regions: 7->7(7)
[2024-08-27T15:00:51.565+0000][info][gc,heap        ] GC(525) Old regions: 888->935
[2024-08-27T15:00:51.565+0000][info][gc,heap        ] GC(525) Archive regions: 2->2
[2024-08-27T15:00:51.565+0000][info][gc,heap        ] GC(525) Humongous regions: 5->5
[2024-08-27T15:00:51.565+0000][info][gc,metaspace   ] GC(525) Metaspace: 100K(320K)->100K(320K) NonClass: 96K(192K)->96K(192K) Class: 4K(128K)->4K(128K)
[2024-08-27T15:00:51.565+0000][info][gc             ] GC(525) Pause Young (Normal) (G1 Evacuation Pause) 944M->947M(1024M) 13.940ms
[2024-08-27T15:00:51.565+0000][info][gc,cpu         ] GC(525) User=0.31s Sys=0.00s Real=0.01s
[2024-08-27T15:00:51.575+0000][info][gc,marking     ] GC(523) Concurrent Rebuild Remembered Sets 73.112ms
[2024-08-27T15:00:51.576+0000][info][gc,start       ] GC(523) Pause Cleanup
[2024-08-27T15:00:51.578+0000][info][gc             ] GC(523) Pause Cleanup 960M->960M(1024M) 2.216ms
[2024-08-27T15:00:51.578+0000][info][gc,cpu         ] GC(523) User=0.01s Sys=0.00s Real=0.01s
[2024-08-27T15:00:51.578+0000][info][gc,marking     ] GC(523) Concurrent Cleanup for Next Mark
[2024-08-27T15:00:51.579+0000][info][gc,marking     ] GC(523) Concurrent Cleanup for Next Mark 0.587ms
[2024-08-27T15:00:51.579+0000][info][gc             ] GC(523) Concurrent Mark Cycle 101.268ms
[2024-08-27T15:00:51.588+0000][info][gc,start       ] GC(526) Pause Young (Prepare Mixed) (G1 Preventive Collection)
[2024-08-27T15:00:51.588+0000][info][gc,task        ] GC(526) Using 24 workers of 68 for evacuation
[2024-08-27T15:00:51.603+0000][info][gc,phases      ] GC(526)   Pre Evacuate Collection Set: 0.1ms
[2024-08-27T15:00:51.603+0000][info][gc,phases      ] GC(526)   Merge Heap Roots: 0.5ms
[2024-08-27T15:00:51.603+0000][info][gc,phases      ] GC(526)   Evacuate Collection Set: 14.2ms
[2024-08-27T15:00:51.603+0000][info][gc,phases      ] GC(526)   Post Evacuate Collection Set: 0.3ms
[2024-08-27T15:00:51.603+0000][info][gc,phases      ] GC(526)   Other: 0.2ms
[2024-08-27T15:00:51.603+0000][info][gc,heap        ] GC(526) Eden regions: 32->0(44)
[2024-08-27T15:00:51.603+0000][info][gc,heap        ] GC(526) Survivor regions: 7->7(7)
[2024-08-27T15:00:51.603+0000][info][gc,heap        ] GC(526) Old regions: 935->971
[2024-08-27T15:00:51.603+0000][info][gc,heap        ] GC(526) Archive regions: 2->2
[2024-08-27T15:00:51.603+0000][info][gc,heap        ] GC(526) Humongous regions: 5->5
[2024-08-27T15:00:51.603+0000][info][gc,metaspace   ] GC(526) Metaspace: 100K(320K)->100K(320K) NonClass: 96K(192K)->96K(192K) Class: 4K(128K)->4K(128K)
[2024-08-27T15:00:51.603+0000][info][gc             ] GC(526) Pause Young (Prepare Mixed) (G1 Preventive Collection) 979M->983M(1024M) 15.350ms
[2024-08-27T15:00:51.603+0000][info][gc,cpu         ] GC(526) User=0.35s Sys=0.00s Real=0.02s
[2024-08-27T15:00:51.610+0000][info][gc,start       ] GC(527) Pause Young (Mixed) (G1 Preventive Collection)
[2024-08-27T15:00:51.610+0000][info][gc,task        ] GC(527) Using 24 workers of 68 for evacuation
[2024-08-27T15:00:51.616+0000][info][gc,phases      ] GC(527)   Pre Evacuate Collection Set: 0.2ms
[2024-08-27T15:00:51.616+0000][info][gc,phases      ] GC(527)   Merge Heap Roots: 0.3ms
[2024-08-27T15:00:51.616+0000][info][gc,phases      ] GC(527)   Evacuate Collection Set: 5.2ms
[2024-08-27T15:00:51.616+0000][info][gc,phases      ] GC(527)   Post Evacuate Collection Set: 0.3ms
[2024-08-27T15:00:51.616+0000][info][gc,phases      ] GC(527)   Other: 0.2ms
[2024-08-27T15:00:51.616+0000][info][gc,heap        ] GC(527) Eden regions: 14->0(44)
[2024-08-27T15:00:51.616+0000][info][gc,heap        ] GC(527) Survivor regions: 7->7(7)
[2024-08-27T15:00:51.616+0000][info][gc,heap        ] GC(527) Old regions: 971->885
[2024-08-27T15:00:51.616+0000][info][gc,heap        ] GC(527) Archive regions: 2->2
[2024-08-27T15:00:51.616+0000][info][gc,heap        ] GC(527) Humongous regions: 5->5
[2024-08-27T15:00:51.616+0000][info][gc,metaspace   ] GC(527) Metaspace: 100K(320K)->100K(320K) NonClass: 96K(192K)->96K(192K) Class: 4K(128K)->4K(128K)
[2024-08-27T15:00:51.616+0000][info][gc             ] GC(527) Pause Young (Mixed) (G1 Preventive Collection) 997M->897M(1024M) 6.277ms
[2024-08-27T15:00:51.616+0000][info][gc,cpu         ] GC(527) User=0.13s Sys=0.00s Real=0.00s
[2024-08-27T15:00:51.635+0000][info][gc,start       ] GC(528) Pause Young (Mixed) (G1 Evacuation Pause)
[2024-08-27T15:00:51.635+0000][info][gc,task        ] GC(528) Using 24 workers of 68 for evacuation
[2024-08-27T15:00:51.644+0000][info][gc,phases      ] GC(528)   Pre Evacuate Collection Set: 0.2ms
[2024-08-27T15:00:51.644+0000][info][gc,phases      ] GC(528)   Merge Heap Roots: 0.4ms
[2024-08-27T15:00:51.644+0000][info][gc,phases      ] GC(528)   Evacuate Collection Set: 7.9ms
[2024-08-27T15:00:51.644+0000][info][gc,phases      ] GC(528)   Post Evacuate Collection Set: 0.4ms
[2024-08-27T15:00:51.644+0000][info][gc,phases      ] GC(528)   Other: 0.2ms
[2024-08-27T15:00:51.644+0000][info][gc,heap        ] GC(528) Eden regions: 44->0(44)
[2024-08-27T15:00:51.644+0000][info][gc,heap        ] GC(528) Survivor regions: 7->7(7)
[2024-08-27T15:00:51.644+0000][info][gc,heap        ] GC(528) Old regions: 885->826
[2024-08-27T15:00:51.644+0000][info][gc,heap        ] GC(528) Archive regions: 2->2
[2024-08-27T15:00:51.644+0000][info][gc,heap        ] GC(528) Humongous regions: 5->5
[2024-08-27T15:00:51.644+0000][info][gc,metaspace   ] GC(528) Metaspace: 100K(320K)->100K(320K) NonClass: 96K(192K)->96K(192K) Class: 4K(128K)->4K(128K)
[2024-08-27T15:00:51.644+0000][info][gc             ] GC(528) Pause Young (Mixed) (G1 Evacuation Pause) 941M->838M(1024M) 9.170ms
[2024-08-27T15:00:51.644+0000][info][gc,cpu         ] GC(528) User=0.20s Sys=0.00s Real=0.01s
[2024-08-27T15:00:51.662+0000][info][gc,start       ] GC(529) Pause Young (Mixed) (G1 Evacuation Pause)
[2024-08-27T15:00:51.662+0000][info][gc,task        ] GC(529) Using 24 workers of 68 for evacuation
[2024-08-27T15:00:51.672+0000][info][gc,phases      ] GC(529)   Pre Evacuate Collection Set: 0.2ms
[2024-08-27T15:00:51.672+0000][info][gc,phases      ] GC(529)   Merge Heap Roots: 0.4ms
[2024-08-27T15:00:51.672+0000][info][gc,phases      ] GC(529)   Evacuate Collection Set: 8.5ms
[2024-08-27T15:00:51.672+0000][info][gc,phases      ] GC(529)   Post Evacuate Collection Set: 0.4ms
[2024-08-27T15:00:51.672+0000][info][gc,phases      ] GC(529)   Other: 0.3ms
[2024-08-27T15:00:51.672+0000][info][gc,heap        ] GC(529) Eden regions: 44->0(44)
[2024-08-27T15:00:51.672+0000][info][gc,heap        ] GC(529) Survivor regions: 7->7(7)
[2024-08-27T15:00:51.672+0000][info][gc,heap        ] GC(529) Old regions: 826->769
[2024-08-27T15:00:51.672+0000][info][gc,heap        ] GC(529) Archive regions: 2->2
[2024-08-27T15:00:51.672+0000][info][gc,heap        ] GC(529) Humongous regions: 5->5
[2024-08-27T15:00:51.672+0000][info][gc,metaspace   ] GC(529) Metaspace: 100K(320K)->100K(320K) NonClass: 96K(192K)->96K(192K) Class: 4K(128K)->4K(128K)
[2024-08-27T15:00:51.672+0000][info][gc             ] GC(529) Pause Young (Mixed) (G1 Evacuation Pause) 882M->781M(1024M) 9.847ms
[2024-08-27T15:00:51.672+0000][info][gc,cpu         ] GC(529) User=0.21s Sys=0.00s Real=0.01s
[2024-08-27T15:00:51.690+0000][info][gc,start       ] GC(530) Pause Young (Mixed) (G1 Evacuation Pause)
[2024-08-27T15:00:51.690+0000][info][gc,task        ] GC(530) Using 24 workers of 68 for evacuation
[2024-08-27T15:00:51.699+0000][info][gc,phases      ] GC(530)   Pre Evacuate Collection Set: 0.2ms
[2024-08-27T15:00:51.699+0000][info][gc,phases      ] GC(530)   Merge Heap Roots: 0.3ms
[2024-08-27T15:00:51.699+0000][info][gc,phases      ] GC(530)   Evacuate Collection Set: 8.3ms
[2024-08-27T15:00:51.699+0000][info][gc,phases      ] GC(530)   Post Evacuate Collection Set: 0.3ms
[2024-08-27T15:00:51.699+0000][info][gc,phases      ] GC(530)   Other: 0.3ms
[2024-08-27T15:00:51.699+0000][info][gc,heap        ] GC(530) Eden regions: 44->0(44)
[2024-08-27T15:00:51.699+0000][info][gc,heap        ] GC(530) Survivor regions: 7->7(7)
[2024-08-27T15:00:51.699+0000][info][gc,heap        ] GC(530) Old regions: 769->775
[2024-08-27T15:00:51.700+0000][info][gc,heap        ] GC(530) Archive regions: 2->2
[2024-08-27T15:00:51.700+0000][info][gc,heap        ] GC(530) Humongous regions: 5->5
[2024-08-27T15:00:51.700+0000][info][gc,metaspace   ] GC(530) Metaspace: 100K(320K)->100K(320K) NonClass: 96K(192K)->96K(192K) Class: 4K(128K)->4K(128K)
[2024-08-27T15:00:51.700+0000][info][gc             ] GC(530) Pause Young (Mixed) (G1 Evacuation Pause) 825M->787M(1024M) 9.474ms
[2024-08-27T15:00:51.700+0000][info][gc,cpu         ] GC(530) User=0.20s Sys=0.00s Real=0.01s
[2024-08-27T15:00:51.718+0000][info][gc,start       ] GC(531) Pause Young (Concurrent Start) (G1 Evacuation Pause)
[2024-08-27T15:00:51.718+0000][info][gc,task        ] GC(531) Using 24 workers of 68 for evacuation
[2024-08-27T15:00:51.728+0000][info][gc,phases      ] GC(531)   Pre Evacuate Collection Set: 0.2ms
[2024-08-27T15:00:51.729+0000][info][gc,phases      ] GC(531)   Merge Heap Roots: 0.3ms
[2024-08-27T15:00:51.729+0000][info][gc,phases      ] GC(531)   Evacuate Collection Set: 8.7ms
[2024-08-27T15:00:51.729+0000][info][gc,phases      ] GC(531)   Post Evacuate Collection Set: 0.3ms
[2024-08-27T15:00:51.729+0000][info][gc,phases      ] GC(531)   Other: 0.9ms
[2024-08-27T15:00:51.729+0000][info][gc,heap        ] GC(531) Eden regions: 44->0(44)
[2024-08-27T15:00:51.729+0000][info][gc,heap        ] GC(531) Survivor regions: 7->7(7)
[2024-08-27T15:00:51.729+0000][info][gc,heap        ] GC(531) Old regions: 775->821
[2024-08-27T15:00:51.729+0000][info][gc,heap        ] GC(531) Archive regions: 2->2
[2024-08-27T15:00:51.729+0000][info][gc,heap        ] GC(531) Humongous regions: 5->5
[2024-08-27T15:00:51.729+0000][info][gc,metaspace   ] GC(531) Metaspace: 100K(320K)->100K(320K) NonClass: 96K(192K)->96K(192K) Class: 4K(128K)->4K(128K)
[2024-08-27T15:00:51.729+0000][info][gc             ] GC(531) Pause Young (Concurrent Start) (G1 Evacuation Pause) 831M->833M(1024M) 10.566ms
[2024-08-27T15:00:51.729+0000][info][gc,cpu         ] GC(531) User=0.21s Sys=0.01s Real=0.00s
[2024-08-27T15:00:51.729+0000][info][gc             ] GC(532) Concurrent Mark Cycle
[2024-08-27T15:00:51.729+0000][info][gc,marking     ] GC(532) Concurrent Clear Claimed Marks
[2024-08-27T15:00:51.729+0000][info][gc,marking     ] GC(532) Concurrent Clear Claimed Marks 0.017ms
[2024-08-27T15:00:51.729+0000][info][gc,marking     ] GC(532) Concurrent Scan Root Regions
[2024-08-27T15:00:51.730+0000][info][gc,marking     ] GC(532) Concurrent Scan Root Regions 1.348ms
[2024-08-27T15:00:51.730+0000][info][gc,marking     ] GC(532) Concurrent Mark
[2024-08-27T15:00:51.730+0000][info][gc,marking     ] GC(532) Concurrent Mark From Roots
[2024-08-27T15:00:51.730+0000][info][gc,task        ] GC(532) Using 17 workers of 17 for marking
[2024-08-27T15:00:51.751+0000][info][gc,marking     ] GC(532) Concurrent Mark From Roots 20.696ms
[2024-08-27T15:00:51.751+0000][info][gc,marking     ] GC(532) Concurrent Preclean
[2024-08-27T15:00:51.752+0000][info][gc,marking     ] GC(532) Concurrent Preclean 0.498ms
[2024-08-27T15:00:51.752+0000][info][gc,start       ] GC(532) Pause Remark
[2024-08-27T15:00:51.753+0000][info][gc             ] GC(532) Pause Remark 863M->863M(1024M) 1.173ms
[2024-08-27T15:00:51.753+0000][info][gc,cpu         ] GC(532) User=0.00s Sys=0.00s Real=0.00s
[2024-08-27T15:00:51.753+0000][info][gc,marking     ] GC(532) Concurrent Mark 22.720ms
[2024-08-27T15:00:51.753+0000][info][gc,marking     ] GC(532) Concurrent Rebuild Remembered Sets
[2024-08-27T15:00:51.765+0000][info][gc,start       ] GC(533) Pause Young (Normal) (G1 Evacuation Pause)
[2024-08-27T15:00:51.765+0000][info][gc,task        ] GC(533) Using 24 workers of 68 for evacuation
[2024-08-27T15:00:51.775+0000][info][gc,phases      ] GC(533)   Pre Evacuate Collection Set: 0.1ms
[2024-08-27T15:00:51.775+0000][info][gc,phases      ] GC(533)   Merge Heap Roots: 0.3ms
[2024-08-27T15:00:51.775+0000][info][gc,phases      ] GC(533)   Evacuate Collection Set: 9.0ms
[2024-08-27T15:00:51.775+0000][info][gc,phases      ] GC(533)   Post Evacuate Collection Set: 0.4ms
[2024-08-27T15:00:51.775+0000][info][gc,phases      ] GC(533)   Other: 0.2ms
[2024-08-27T15:00:51.775+0000][info][gc,heap        ] GC(533) Eden regions: 44->0(44)
[2024-08-27T15:00:51.775+0000][info][gc,heap        ] GC(533) Survivor regions: 7->7(7)
[2024-08-27T15:00:51.775+0000][info][gc,heap        ] GC(533) Old regions: 821->868
[2024-08-27T15:00:51.775+0000][info][gc,heap        ] GC(533) Archive regions: 2->2
[2024-08-27T15:00:51.775+0000][info][gc,heap        ] GC(533) Humongous regions: 5->5
[2024-08-27T15:00:51.775+0000][info][gc,metaspace   ] GC(533) Metaspace: 100K(320K)->100K(320K) NonClass: 96K(192K)->96K(192K) Class: 4K(128K)->4K(128K)
[2024-08-27T15:00:51.775+0000][info][gc             ] GC(533) Pause Young (Normal) (G1 Evacuation Pause) 877M->880M(1024M) 10.043ms
[2024-08-27T15:00:51.775+0000][info][gc,cpu         ] GC(533) User=0.22s Sys=0.01s Real=0.01s
[2024-08-27T15:00:51.809+0000][info][gc,start       ] GC(534) Pause Young (Normal) (G1 Evacuation Pause)
[2024-08-27T15:00:51.809+0000][info][gc,task        ] GC(534) Using 24 workers of 68 for evacuation
[2024-08-27T15:00:51.823+0000][info][gc,phases      ] GC(534)   Pre Evacuate Collection Set: 0.1ms
[2024-08-27T15:00:51.823+0000][info][gc,phases      ] GC(534)   Merge Heap Roots: 0.4ms
[2024-08-27T15:00:51.823+0000][info][gc,phases      ] GC(534)   Evacuate Collection Set: 13.3ms
[2024-08-27T15:00:51.823+0000][info][gc,phases      ] GC(534)   Post Evacuate Collection Set: 0.5ms
[2024-08-27T15:00:51.823+0000][info][gc,phases      ] GC(534)   Other: 0.2ms
[2024-08-27T15:00:51.823+0000][info][gc,heap        ] GC(534) Eden regions: 44->0(44)
[2024-08-27T15:00:51.823+0000][info][gc,heap        ] GC(534) Survivor regions: 7->7(7)
[2024-08-27T15:00:51.823+0000][info][gc,heap        ] GC(534) Old regions: 868->914
[2024-08-27T15:00:51.823+0000][info][gc,heap        ] GC(534) Archive regions: 2->2
[2024-08-27T15:00:51.823+0000][info][gc,heap        ] GC(534) Humongous regions: 5->5
[2024-08-27T15:00:51.823+0000][info][gc,metaspace   ] GC(534) Metaspace: 100K(320K)->100K(320K) NonClass: 96K(192K)->96K(192K) Class: 4K(128K)->4K(128K)
[2024-08-27T15:00:51.824+0000][info][gc             ] GC(534) Pause Young (Normal) (G1 Evacuation Pause) 924M->926M(1024M) 14.662ms
[2024-08-27T15:00:51.824+0000][info][gc,cpu         ] GC(534) User=0.33s Sys=0.00s Real=0.02s
[2024-08-27T15:00:51.825+0000][info][gc,marking     ] GC(532) Concurrent Rebuild Remembered Sets 71.905ms
[2024-08-27T15:00:51.825+0000][info][gc,start       ] GC(532) Pause Cleanup
[2024-08-27T15:00:51.827+0000][info][gc             ] GC(532) Pause Cleanup 928M->928M(1024M) 2.149ms
[2024-08-27T15:00:51.827+0000][info][gc,cpu         ] GC(532) User=0.00s Sys=0.00s Real=0.00s
[2024-08-27T15:00:51.827+0000][info][gc,marking     ] GC(532) Concurrent Cleanup for Next Mark
[2024-08-27T15:00:51.828+0000][info][gc,marking     ] GC(532) Concurrent Cleanup for Next Mark 0.627ms
[2024-08-27T15:00:51.828+0000][info][gc             ] GC(532) Concurrent Mark Cycle 99.210ms
[2024-08-27T15:00:51.847+0000][info][gc,start       ] GC(535) Pause Young (Prepare Mixed) (G1 Preventive Collection)
[2024-08-27T15:00:51.847+0000][info][gc,task        ] GC(535) Using 24 workers of 68 for evacuation
[2024-08-27T15:00:51.863+0000][info][gc,phases      ] GC(535)   Pre Evacuate Collection Set: 0.2ms
[2024-08-27T15:00:51.863+0000][info][gc,phases      ] GC(535)   Merge Heap Roots: 0.6ms
[2024-08-27T15:00:51.863+0000][info][gc,phases      ] GC(535)   Evacuate Collection Set: 14.5ms
[2024-08-27T15:00:51.863+0000][info][gc,phases      ] GC(535)   Post Evacuate Collection Set: 0.3ms
[2024-08-27T15:00:51.863+0000][info][gc,phases      ] GC(535)   Other: 0.2ms
[2024-08-27T15:00:51.863+0000][info][gc,heap        ] GC(535) Eden regions: 42->0(44)
[2024-08-27T15:00:51.863+0000][info][gc,heap        ] GC(535) Survivor regions: 7->7(7)
[2024-08-27T15:00:51.863+0000][info][gc,heap        ] GC(535) Old regions: 914->959
[2024-08-27T15:00:51.863+0000][info][gc,heap        ] GC(535) Archive regions: 2->2
[2024-08-27T15:00:51.863+0000][info][gc,heap        ] GC(535) Humongous regions: 5->5
[2024-08-27T15:00:51.863+0000][info][gc,metaspace   ] GC(535) Metaspace: 100K(320K)->100K(320K) NonClass: 96K(192K)->96K(192K) Class: 4K(128K)->4K(128K)
[2024-08-27T15:00:51.863+0000][info][gc             ] GC(535) Pause Young (Prepare Mixed) (G1 Preventive Collection) 968M->971M(1024M) 15.914ms
[2024-08-27T15:00:51.863+0000][info][gc,cpu         ] GC(535) User=0.36s Sys=0.00s Real=0.02s
[2024-08-27T15:00:51.872+0000][info][gc,start       ] GC(536) Pause Young (Mixed) (G1 Preventive Collection)
[2024-08-27T15:00:51.872+0000][info][gc,task        ] GC(536) Using 24 workers of 68 for evacuation
[2024-08-27T15:00:51.880+0000][info][gc,phases      ] GC(536)   Pre Evacuate Collection Set: 0.2ms
[2024-08-27T15:00:51.880+0000][info][gc,phases      ] GC(536)   Merge Heap Roots: 0.3ms
[2024-08-27T15:00:51.880+0000][info][gc,phases      ] GC(536)   Evacuate Collection Set: 6.6ms
[2024-08-27T15:00:51.880+0000][info][gc,phases      ] GC(536)   Post Evacuate Collection Set: 0.4ms
[2024-08-27T15:00:51.880+0000][info][gc,phases      ] GC(536)   Other: 0.3ms
[2024-08-27T15:00:51.880+0000][info][gc,heap        ] GC(536) Eden regions: 20->0(44)
[2024-08-27T15:00:51.880+0000][info][gc,heap        ] GC(536) Survivor regions: 7->7(7)
[2024-08-27T15:00:51.880+0000][info][gc,heap        ] GC(536) Old regions: 959->880
[2024-08-27T15:00:51.880+0000][info][gc,heap        ] GC(536) Archive regions: 2->2
[2024-08-27T15:00:51.880+0000][info][gc,heap        ] GC(536) Humongous regions: 5->5
[2024-08-27T15:00:51.880+0000][info][gc,metaspace   ] GC(536) Metaspace: 100K(320K)->100K(320K) NonClass: 96K(192K)->96K(192K) Class: 4K(128K)->4K(128K)
[2024-08-27T15:00:51.880+0000][info][gc             ] GC(536) Pause Young (Mixed) (G1 Preventive Collection) 991M->892M(1024M) 7.902ms
[2024-08-27T15:00:51.880+0000][info][gc,cpu         ] GC(536) User=0.17s Sys=0.00s Real=0.01s
[2024-08-27T15:00:51.898+0000][info][gc,start       ] GC(537) Pause Young (Mixed) (G1 Evacuation Pause)
[2024-08-27T15:00:51.898+0000][info][gc,task        ] GC(537) Using 24 workers of 68 for evacuation
[2024-08-27T15:00:51.909+0000][info][gc,phases      ] GC(537)   Pre Evacuate Collection Set: 0.2ms
[2024-08-27T15:00:51.909+0000][info][gc,phases      ] GC(537)   Merge Heap Roots: 0.4ms
[2024-08-27T15:00:51.909+0000][info][gc,phases      ] GC(537)   Evacuate Collection Set: 8.8ms
[2024-08-27T15:00:51.909+0000][info][gc,phases      ] GC(537)   Post Evacuate Collection Set: 0.4ms
[2024-08-27T15:00:51.909+0000][info][gc,phases      ] GC(537)   Other: 0.3ms
[2024-08-27T15:00:51.909+0000][info][gc,heap        ] GC(537) Eden regions: 44->0(44)
[2024-08-27T15:00:51.909+0000][info][gc,heap        ] GC(537) Survivor regions: 7->7(7)
[2024-08-27T15:00:51.909+0000][info][gc,heap        ] GC(537) Old regions: 880->822
[2024-08-27T15:00:51.909+0000][info][gc,heap        ] GC(537) Archive regions: 2->2
[2024-08-27T15:00:51.909+0000][info][gc,heap        ] GC(537) Humongous regions: 5->5
[2024-08-27T15:00:51.909+0000][info][gc,metaspace   ] GC(537) Metaspace: 100K(320K)->100K(320K) NonClass: 96K(192K)->96K(192K) Class: 4K(128K)->4K(128K)
[2024-08-27T15:00:51.909+0000][info][gc             ] GC(537) Pause Young (Mixed) (G1 Evacuation Pause) 936M->834M(1024M) 10.379ms
[2024-08-27T15:00:51.909+0000][info][gc,cpu         ] GC(537) User=0.22s Sys=0.00s Real=0.00s
[2024-08-27T15:00:51.927+0000][info][gc,start       ] GC(538) Pause Young (Mixed) (G1 Evacuation Pause)
[2024-08-27T15:00:51.927+0000][info][gc,task        ] GC(538) Using 24 workers of 68 for evacuation
[2024-08-27T15:00:51.938+0000][info][gc,phases      ] GC(538)   Pre Evacuate Collection Set: 0.2ms
[2024-08-27T15:00:51.938+0000][info][gc,phases      ] GC(538)   Merge Heap Roots: 0.4ms
[2024-08-27T15:00:51.938+0000][info][gc,phases      ] GC(538)   Evacuate Collection Set: 10.0ms
[2024-08-27T15:00:51.938+0000][info][gc,phases      ] GC(538)   Post Evacuate Collection Set: 0.4ms
[2024-08-27T15:00:51.938+0000][info][gc,phases      ] GC(538)   Other: 0.3ms
[2024-08-27T15:00:51.938+0000][info][gc,heap        ] GC(538) Eden regions: 44->0(44)
[2024-08-27T15:00:51.938+0000][info][gc,heap        ] GC(538) Survivor regions: 7->7(7)
[2024-08-27T15:00:51.938+0000][info][gc,heap        ] GC(538) Old regions: 822->766
[2024-08-27T15:00:51.938+0000][info][gc,heap        ] GC(538) Archive regions: 2->2
[2024-08-27T15:00:51.938+0000][info][gc,heap        ] GC(538) Humongous regions: 5->5
[2024-08-27T15:00:51.938+0000][info][gc,metaspace   ] GC(538) Metaspace: 100K(320K)->100K(320K) NonClass: 96K(192K)->96K(192K) Class: 4K(128K)->4K(128K)
[2024-08-27T15:00:51.939+0000][info][gc             ] GC(538) Pause Young (Mixed) (G1 Evacuation Pause) 878M->778M(1024M) 11.550ms
[2024-08-27T15:00:51.939+0000][info][gc,cpu         ] GC(538) User=0.25s Sys=0.00s Real=0.02s
[2024-08-27T15:00:51.957+0000][info][gc,start       ] GC(539) Pause Young (Mixed) (G1 Evacuation Pause)
[2024-08-27T15:00:51.957+0000][info][gc,task        ] GC(539) Using 24 workers of 68 for evacuation
[2024-08-27T15:00:51.969+0000][info][gc,phases      ] GC(539)   Pre Evacuate Collection Set: 0.2ms
[2024-08-27T15:00:51.969+0000][info][gc,phases      ] GC(539)   Merge Heap Roots: 0.3ms
[2024-08-27T15:00:51.969+0000][info][gc,phases      ] GC(539)   Evacuate Collection Set: 11.3ms
[2024-08-27T15:00:51.969+0000][info][gc,phases      ] GC(539)   Post Evacuate Collection Set: 0.4ms
[2024-08-27T15:00:51.969+0000][info][gc,phases      ] GC(539)   Other: 0.3ms
[2024-08-27T15:00:51.969+0000][info][gc,heap        ] GC(539) Eden regions: 44->0(44)
[2024-08-27T15:00:51.969+0000][info][gc,heap        ] GC(539) Survivor regions: 7->7(7)
[2024-08-27T15:00:51.969+0000][info][gc,heap        ] GC(539) Old regions: 766->789
[2024-08-27T15:00:51.969+0000][info][gc,heap        ] GC(539) Archive regions: 2->2
[2024-08-27T15:00:51.970+0000][info][gc,heap        ] GC(539) Humongous regions: 5->5
[2024-08-27T15:00:51.970+0000][info][gc,metaspace   ] GC(539) Metaspace: 100K(320K)->100K(320K) NonClass: 96K(192K)->96K(192K) Class: 4K(128K)->4K(128K)
[2024-08-27T15:00:51.970+0000][info][gc             ] GC(539) Pause Young (Mixed) (G1 Evacuation Pause) 822M->801M(1024M) 12.752ms
[2024-08-27T15:00:51.970+0000][info][gc,cpu         ] GC(539) User=0.27s Sys=0.00s Real=0.02s
[2024-08-27T15:00:51.991+0000][info][gc,start       ] GC(540) Pause Young (Concurrent Start) (G1 Evacuation Pause)
[2024-08-27T15:00:51.992+0000][info][gc,task        ] GC(540) Using 24 workers of 68 for evacuation
[2024-08-27T15:00:52.003+0000][info][gc,phases      ] GC(540)   Pre Evacuate Collection Set: 0.2ms
[2024-08-27T15:00:52.003+0000][info][gc,phases      ] GC(540)   Merge Heap Roots: 0.4ms
[2024-08-27T15:00:52.003+0000][info][gc,phases      ] GC(540)   Evacuate Collection Set: 10.0ms
[2024-08-27T15:00:52.003+0000][info][gc,phases      ] GC(540)   Post Evacuate Collection Set: 0.3ms
[2024-08-27T15:00:52.003+0000][info][gc,phases      ] GC(540)   Other: 1.0ms
[2024-08-27T15:00:52.003+0000][info][gc,heap        ] GC(540) Eden regions: 44->0(44)
[2024-08-27T15:00:52.003+0000][info][gc,heap        ] GC(540) Survivor regions: 7->7(7)
[2024-08-27T15:00:52.003+0000][info][gc,heap        ] GC(540) Old regions: 789->837
[2024-08-27T15:00:52.003+0000][info][gc,heap        ] GC(540) Archive regions: 2->2
[2024-08-27T15:00:52.003+0000][info][gc,heap        ] GC(540) Humongous regions: 5->5
[2024-08-27T15:00:52.004+0000][info][gc,metaspace   ] GC(540) Metaspace: 100K(320K)->100K(320K) NonClass: 96K(192K)->96K(192K) Class: 4K(128K)->4K(128K)
[2024-08-27T15:00:52.004+0000][info][gc             ] GC(540) Pause Young (Concurrent Start) (G1 Evacuation Pause) 845M->849M(1024M) 12.113ms
[2024-08-27T15:00:52.004+0000][info][gc,cpu         ] GC(540) User=0.24s Sys=0.00s Real=0.01s
[2024-08-27T15:00:52.004+0000][info][gc             ] GC(541) Concurrent Mark Cycle
[2024-08-27T15:00:52.004+0000][info][gc,marking     ] GC(541) Concurrent Clear Claimed Marks
[2024-08-27T15:00:52.004+0000][info][gc,marking     ] GC(541) Concurrent Clear Claimed Marks 0.012ms
[2024-08-27T15:00:52.004+0000][info][gc,marking     ] GC(541) Concurrent Scan Root Regions
[2024-08-27T15:00:52.005+0000][info][gc,marking     ] GC(541) Concurrent Scan Root Regions 1.429ms
[2024-08-27T15:00:52.005+0000][info][gc,marking     ] GC(541) Concurrent Mark
[2024-08-27T15:00:52.005+0000][info][gc,marking     ] GC(541) Concurrent Mark From Roots
[2024-08-27T15:00:52.005+0000][info][gc,task        ] GC(541) Using 17 workers of 17 for marking
[2024-08-27T15:00:52.027+0000][info][gc,marking     ] GC(541) Concurrent Mark From Roots 21.997ms
[2024-08-27T15:00:52.027+0000][info][gc,marking     ] GC(541) Concurrent Preclean
[2024-08-27T15:00:52.028+0000][info][gc,marking     ] GC(541) Concurrent Preclean 0.499ms
[2024-08-27T15:00:52.028+0000][info][gc,start       ] GC(541) Pause Remark
[2024-08-27T15:00:52.029+0000][info][gc             ] GC(541) Pause Remark 875M->875M(1024M) 1.162ms
[2024-08-27T15:00:52.029+0000][info][gc,cpu         ] GC(541) User=0.00s Sys=0.00s Real=0.00s
[2024-08-27T15:00:52.029+0000][info][gc,marking     ] GC(541) Concurrent Mark 24.008ms
[2024-08-27T15:00:52.029+0000][info][gc,marking     ] GC(541) Concurrent Rebuild Remembered Sets
[2024-08-27T15:00:52.044+0000][info][gc,start       ] GC(542) Pause Young (Normal) (G1 Evacuation Pause)
[2024-08-27T15:00:52.044+0000][info][gc,task        ] GC(542) Using 24 workers of 68 for evacuation
[2024-08-27T15:00:52.053+0000][info][gc,phases      ] GC(542)   Pre Evacuate Collection Set: 0.1ms
[2024-08-27T15:00:52.053+0000][info][gc,phases      ] GC(542)   Merge Heap Roots: 0.3ms
[2024-08-27T15:00:52.053+0000][info][gc,phases      ] GC(542)   Evacuate Collection Set: 8.7ms
[2024-08-27T15:00:52.053+0000][info][gc,phases      ] GC(542)   Post Evacuate Collection Set: 0.4ms
[2024-08-27T15:00:52.053+0000][info][gc,phases      ] GC(542)   Other: 0.2ms
[2024-08-27T15:00:52.053+0000][info][gc,heap        ] GC(542) Eden regions: 44->0(44)
[2024-08-27T15:00:52.053+0000][info][gc,heap        ] GC(542) Survivor regions: 7->7(7)
[2024-08-27T15:00:52.053+0000][info][gc,heap        ] GC(542) Old regions: 837->883
[2024-08-27T15:00:52.053+0000][info][gc,heap        ] GC(542) Archive regions: 2->2
[2024-08-27T15:00:52.053+0000][info][gc,heap        ] GC(542) Humongous regions: 5->5
[2024-08-27T15:00:52.053+0000][info][gc,metaspace   ] GC(542) Metaspace: 100K(320K)->100K(320K) NonClass: 96K(192K)->96K(192K) Class: 4K(128K)->4K(128K)
[2024-08-27T15:00:52.053+0000][info][gc             ] GC(542) Pause Young (Normal) (G1 Evacuation Pause) 893M->895M(1024M) 9.740ms
[2024-08-27T15:00:52.053+0000][info][gc,cpu         ] GC(542) User=0.21s Sys=0.00s Real=0.01s
[2024-08-27T15:00:52.085+0000][info][gc,marking     ] GC(541) Concurrent Rebuild Remembered Sets 56.008ms
[2024-08-27T15:00:52.085+0000][info][gc,start       ] GC(541) Pause Cleanup
[2024-08-27T15:00:52.087+0000][info][gc             ] GC(541) Pause Cleanup 935M->935M(1024M) 1.507ms
[2024-08-27T15:00:52.087+0000][info][gc,cpu         ] GC(541) User=0.01s Sys=0.00s Real=0.00s
[2024-08-27T15:00:52.087+0000][info][gc,marking     ] GC(541) Concurrent Cleanup for Next Mark
[2024-08-27T15:00:52.088+0000][info][gc,marking     ] GC(541) Concurrent Cleanup for Next Mark 0.533ms
[2024-08-27T15:00:52.088+0000][info][gc             ] GC(541) Concurrent Mark Cycle 83.971ms
[2024-08-27T15:00:52.090+0000][info][gc,start       ] GC(543) Pause Young (Prepare Mixed) (G1 Evacuation Pause)
[2024-08-27T15:00:52.090+0000][info][gc,task        ] GC(543) Using 24 workers of 68 for evacuation
[2024-08-27T15:00:52.103+0000][info][gc,phases      ] GC(543)   Pre Evacuate Collection Set: 0.1ms
[2024-08-27T15:00:52.103+0000][info][gc,phases      ] GC(543)   Merge Heap Roots: 0.4ms
[2024-08-27T15:00:52.103+0000][info][gc,phases      ] GC(543)   Evacuate Collection Set: 12.7ms
[2024-08-27T15:00:52.103+0000][info][gc,phases      ] GC(543)   Post Evacuate Collection Set: 0.3ms
[2024-08-27T15:00:52.103+0000][info][gc,phases      ] GC(543)   Other: 0.2ms
[2024-08-27T15:00:52.104+0000][info][gc,heap        ] GC(543) Eden regions: 44->0(44)
[2024-08-27T15:00:52.104+0000][info][gc,heap        ] GC(543) Survivor regions: 7->7(7)
[2024-08-27T15:00:52.104+0000][info][gc,heap        ] GC(543) Old regions: 883->930
[2024-08-27T15:00:52.104+0000][info][gc,heap        ] GC(543) Archive regions: 2->2
[2024-08-27T15:00:52.104+0000][info][gc,heap        ] GC(543) Humongous regions: 5->5
[2024-08-27T15:00:52.104+0000][info][gc,metaspace   ] GC(543) Metaspace: 100K(320K)->100K(320K) NonClass: 96K(192K)->96K(192K) Class: 4K(128K)->4K(128K)
[2024-08-27T15:00:52.104+0000][info][gc             ] GC(543) Pause Young (Prepare Mixed) (G1 Evacuation Pause) 939M->942M(1024M) 13.860ms
[2024-08-27T15:00:52.104+0000][info][gc,cpu         ] GC(543) User=0.31s Sys=0.00s Real=0.01s
[2024-08-27T15:00:52.119+0000][info][gc,start       ] GC(544) Pause Young (Mixed) (G1 Preventive Collection)
[2024-08-27T15:00:52.119+0000][info][gc,task        ] GC(544) Using 24 workers of 68 for evacuation
[2024-08-27T15:00:52.129+0000][info][gc,phases      ] GC(544)   Pre Evacuate Collection Set: 0.2ms
[2024-08-27T15:00:52.129+0000][info][gc,phases      ] GC(544)   Merge Heap Roots: 0.3ms
[2024-08-27T15:00:52.129+0000][info][gc,phases      ] GC(544)   Evacuate Collection Set: 8.4ms
[2024-08-27T15:00:52.129+0000][info][gc,phases      ] GC(544)   Post Evacuate Collection Set: 0.4ms
[2024-08-27T15:00:52.129+0000][info][gc,phases      ] GC(544)   Other: 0.3ms
[2024-08-27T15:00:52.129+0000][info][gc,heap        ] GC(544) Eden regions: 34->0(44)
[2024-08-27T15:00:52.129+0000][info][gc,heap        ] GC(544) Survivor regions: 7->7(7)
[2024-08-27T15:00:52.129+0000][info][gc,heap        ] GC(544) Old regions: 930->863
[2024-08-27T15:00:52.129+0000][info][gc,heap        ] GC(544) Archive regions: 2->2
[2024-08-27T15:00:52.129+0000][info][gc,heap        ] GC(544) Humongous regions: 5->5
[2024-08-27T15:00:52.129+0000][info][gc,metaspace   ] GC(544) Metaspace: 100K(320K)->100K(320K) NonClass: 96K(192K)->96K(192K) Class: 4K(128K)->4K(128K)
[2024-08-27T15:00:52.129+0000][info][gc             ] GC(544) Pause Young (Mixed) (G1 Preventive Collection) 976M->875M(1024M) 9.608ms
[2024-08-27T15:00:52.129+0000][info][gc,cpu         ] GC(544) User=0.21s Sys=0.00s Real=0.00s
[2024-08-27T15:00:52.148+0000][info][gc,start       ] GC(545) Pause Young (Mixed) (G1 Evacuation Pause)
[2024-08-27T15:00:52.148+0000][info][gc,task        ] GC(545) Using 24 workers of 68 for evacuation
[2024-08-27T15:00:52.158+0000][info][gc,phases      ] GC(545)   Pre Evacuate Collection Set: 0.2ms
[2024-08-27T15:00:52.158+0000][info][gc,phases      ] GC(545)   Merge Heap Roots: 0.4ms
[2024-08-27T15:00:52.158+0000][info][gc,phases      ] GC(545)   Evacuate Collection Set: 9.0ms
[2024-08-27T15:00:52.158+0000][info][gc,phases      ] GC(545)   Post Evacuate Collection Set: 0.4ms
[2024-08-27T15:00:52.158+0000][info][gc,phases      ] GC(545)   Other: 0.3ms
[2024-08-27T15:00:52.158+0000][info][gc,heap        ] GC(545) Eden regions: 44->0(44)
[2024-08-27T15:00:52.158+0000][info][gc,heap        ] GC(545) Survivor regions: 7->7(7)
[2024-08-27T15:00:52.158+0000][info][gc,heap        ] GC(545) Old regions: 863->807
[2024-08-27T15:00:52.158+0000][info][gc,heap        ] GC(545) Archive regions: 2->2
[2024-08-27T15:00:52.158+0000][info][gc,heap        ] GC(545) Humongous regions: 5->5
[2024-08-27T15:00:52.158+0000][info][gc,metaspace   ] GC(545) Metaspace: 100K(320K)->100K(320K) NonClass: 96K(192K)->96K(192K) Class: 4K(128K)->4K(128K)
[2024-08-27T15:00:52.158+0000][info][gc             ] GC(545) Pause Young (Mixed) (G1 Evacuation Pause) 919M->819M(1024M) 10.372ms
[2024-08-27T15:00:52.158+0000][info][gc,cpu         ] GC(545) User=0.21s Sys=0.01s Real=0.02s
[2024-08-27T15:00:52.177+0000][info][gc,start       ] GC(546) Pause Young (Mixed) (G1 Evacuation Pause)
[2024-08-27T15:00:52.177+0000][info][gc,task        ] GC(546) Using 24 workers of 68 for evacuation
[2024-08-27T15:00:52.188+0000][info][gc,phases      ] GC(546)   Pre Evacuate Collection Set: 0.3ms
[2024-08-27T15:00:52.188+0000][info][gc,phases      ] GC(546)   Merge Heap Roots: 0.4ms
[2024-08-27T15:00:52.188+0000][info][gc,phases      ] GC(546)   Evacuate Collection Set: 9.2ms
[2024-08-27T15:00:52.188+0000][info][gc,phases      ] GC(546)   Post Evacuate Collection Set: 0.4ms
[2024-08-27T15:00:52.188+0000][info][gc,phases      ] GC(546)   Other: 0.3ms
[2024-08-27T15:00:52.188+0000][info][gc,heap        ] GC(546) Eden regions: 44->0(44)
[2024-08-27T15:00:52.188+0000][info][gc,heap        ] GC(546) Survivor regions: 7->7(7)
[2024-08-27T15:00:52.188+0000][info][gc,heap        ] GC(546) Old regions: 807->750
[2024-08-27T15:00:52.188+0000][info][gc,heap        ] GC(546) Archive regions: 2->2
[2024-08-27T15:00:52.188+0000][info][gc,heap        ] GC(546) Humongous regions: 5->5
[2024-08-27T15:00:52.188+0000][info][gc,metaspace   ] GC(546) Metaspace: 100K(320K)->100K(320K) NonClass: 96K(192K)->96K(192K) Class: 4K(128K)->4K(128K)
[2024-08-27T15:00:52.188+0000][info][gc             ] GC(546) Pause Young (Mixed) (G1 Evacuation Pause) 863M->762M(1024M) 10.620ms
[2024-08-27T15:00:52.188+0000][info][gc,cpu         ] GC(546) User=0.22s Sys=0.01s Real=0.01s
[2024-08-27T15:00:52.207+0000][info][gc,start       ] GC(547) Pause Young (Mixed) (G1 Evacuation Pause)
[2024-08-27T15:00:52.207+0000][info][gc,task        ] GC(547) Using 24 workers of 68 for evacuation
[2024-08-27T15:00:52.217+0000][info][gc,phases      ] GC(547)   Pre Evacuate Collection Set: 0.2ms
[2024-08-27T15:00:52.217+0000][info][gc,phases      ] GC(547)   Merge Heap Roots: 0.3ms
[2024-08-27T15:00:52.217+0000][info][gc,phases      ] GC(547)   Evacuate Collection Set: 9.4ms
[2024-08-27T15:00:52.217+0000][info][gc,phases      ] GC(547)   Post Evacuate Collection Set: 0.3ms
[2024-08-27T15:00:52.217+0000][info][gc,phases      ] GC(547)   Other: 0.2ms
[2024-08-27T15:00:52.217+0000][info][gc,heap        ] GC(547) Eden regions: 44->0(44)
[2024-08-27T15:00:52.217+0000][info][gc,heap        ] GC(547) Survivor regions: 7->7(7)
[2024-08-27T15:00:52.217+0000][info][gc,heap        ] GC(547) Old regions: 750->765
[2024-08-27T15:00:52.217+0000][info][gc,heap        ] GC(547) Archive regions: 2->2
[2024-08-27T15:00:52.217+0000][info][gc,heap        ] GC(547) Humongous regions: 5->5
[2024-08-27T15:00:52.217+0000][info][gc,metaspace   ] GC(547) Metaspace: 100K(320K)->100K(320K) NonClass: 96K(192K)->96K(192K) Class: 4K(128K)->4K(128K)
[2024-08-27T15:00:52.217+0000][info][gc             ] GC(547) Pause Young (Mixed) (G1 Evacuation Pause) 806M->777M(1024M) 10.409ms
[2024-08-27T15:00:52.217+0000][info][gc,cpu         ] GC(547) User=0.23s Sys=0.00s Real=0.01s
[2024-08-27T15:00:52.235+0000][info][gc,start       ] GC(548) Pause Young (Concurrent Start) (G1 Evacuation Pause)
[2024-08-27T15:00:52.236+0000][info][gc,task        ] GC(548) Using 24 workers of 68 for evacuation
[2024-08-27T15:00:52.245+0000][info][gc,phases      ] GC(548)   Pre Evacuate Collection Set: 0.1ms
[2024-08-27T15:00:52.245+0000][info][gc,phases      ] GC(548)   Merge Heap Roots: 0.3ms
[2024-08-27T15:00:52.246+0000][info][gc,phases      ] GC(548)   Evacuate Collection Set: 8.6ms
[2024-08-27T15:00:52.246+0000][info][gc,phases      ] GC(548)   Post Evacuate Collection Set: 0.3ms
[2024-08-27T15:00:52.246+0000][info][gc,phases      ] GC(548)   Other: 0.7ms
[2024-08-27T15:00:52.246+0000][info][gc,heap        ] GC(548) Eden regions: 44->0(44)
[2024-08-27T15:00:52.246+0000][info][gc,heap        ] GC(548) Survivor regions: 7->7(7)
[2024-08-27T15:00:52.246+0000][info][gc,heap        ] GC(548) Old regions: 765->812
[2024-08-27T15:00:52.246+0000][info][gc,heap        ] GC(548) Archive regions: 2->2
[2024-08-27T15:00:52.246+0000][info][gc,heap        ] GC(548) Humongous regions: 5->5
[2024-08-27T15:00:52.246+0000][info][gc,metaspace   ] GC(548) Metaspace: 100K(320K)->100K(320K) NonClass: 96K(192K)->96K(192K) Class: 4K(128K)->4K(128K)
[2024-08-27T15:00:52.246+0000][info][gc             ] GC(548) Pause Young (Concurrent Start) (G1 Evacuation Pause) 821M->824M(1024M) 10.182ms
[2024-08-27T15:00:52.246+0000][info][gc,cpu         ] GC(548) User=0.21s Sys=0.00s Real=0.01s
[2024-08-27T15:00:52.246+0000][info][gc             ] GC(549) Concurrent Mark Cycle
[2024-08-27T15:00:52.246+0000][info][gc,marking     ] GC(549) Concurrent Clear Claimed Marks
[2024-08-27T15:00:52.246+0000][info][gc,marking     ] GC(549) Concurrent Clear Claimed Marks 0.014ms
[2024-08-27T15:00:52.246+0000][info][gc,marking     ] GC(549) Concurrent Scan Root Regions
[2024-08-27T15:00:52.247+0000][info][gc,marking     ] GC(549) Concurrent Scan Root Regions 1.489ms
[2024-08-27T15:00:52.247+0000][info][gc,marking     ] GC(549) Concurrent Mark
[2024-08-27T15:00:52.247+0000][info][gc,marking     ] GC(549) Concurrent Mark From Roots
[2024-08-27T15:00:52.247+0000][info][gc,task        ] GC(549) Using 17 workers of 17 for marking
[2024-08-27T15:00:52.268+0000][info][gc,marking     ] GC(549) Concurrent Mark From Roots 20.478ms
[2024-08-27T15:00:52.268+0000][info][gc,marking     ] GC(549) Concurrent Preclean
[2024-08-27T15:00:52.268+0000][info][gc,marking     ] GC(549) Concurrent Preclean 0.499ms
[2024-08-27T15:00:52.269+0000][info][gc,start       ] GC(549) Pause Remark
[2024-08-27T15:00:52.270+0000][info][gc             ] GC(549) Pause Remark 853M->853M(1024M) 1.142ms
[2024-08-27T15:00:52.270+0000][info][gc,cpu         ] GC(549) User=0.01s Sys=0.00s Real=0.01s
[2024-08-27T15:00:52.270+0000][info][gc,marking     ] GC(549) Concurrent Mark 22.479ms
[2024-08-27T15:00:52.270+0000][info][gc,marking     ] GC(549) Concurrent Rebuild Remembered Sets
[2024-08-27T15:00:52.282+0000][info][gc,start       ] GC(550) Pause Young (Normal) (G1 Evacuation Pause)
[2024-08-27T15:00:52.282+0000][info][gc,task        ] GC(550) Using 24 workers of 68 for evacuation
[2024-08-27T15:00:52.292+0000][info][gc,phases      ] GC(550)   Pre Evacuate Collection Set: 0.1ms
[2024-08-27T15:00:52.292+0000][info][gc,phases      ] GC(550)   Merge Heap Roots: 0.3ms
[2024-08-27T15:00:52.292+0000][info][gc,phases      ] GC(550)   Evacuate Collection Set: 9.1ms
[2024-08-27T15:00:52.292+0000][info][gc,phases      ] GC(550)   Post Evacuate Collection Set: 0.4ms
[2024-08-27T15:00:52.292+0000][info][gc,phases      ] GC(550)   Other: 0.2ms
[2024-08-27T15:00:52.292+0000][info][gc,heap        ] GC(550) Eden regions: 44->0(44)
[2024-08-27T15:00:52.292+0000][info][gc,heap        ] GC(550) Survivor regions: 7->7(7)
[2024-08-27T15:00:52.292+0000][info][gc,heap        ] GC(550) Old regions: 812->858
[2024-08-27T15:00:52.292+0000][info][gc,heap        ] GC(550) Archive regions: 2->2
[2024-08-27T15:00:52.292+0000][info][gc,heap        ] GC(550) Humongous regions: 5->5
[2024-08-27T15:00:52.292+0000][info][gc,metaspace   ] GC(550) Metaspace: 100K(320K)->100K(320K) NonClass: 96K(192K)->96K(192K) Class: 4K(128K)->4K(128K)
[2024-08-27T15:00:52.292+0000][info][gc             ] GC(550) Pause Young (Normal) (G1 Evacuation Pause) 868M->870M(1024M) 10.178ms
[2024-08-27T15:00:52.292+0000][info][gc,cpu         ] GC(550) User=0.22s Sys=0.00s Real=0.01s
[2024-08-27T15:00:52.326+0000][info][gc,start       ] GC(551) Pause Young (Normal) (G1 Evacuation Pause)
[2024-08-27T15:00:52.326+0000][info][gc,task        ] GC(551) Using 24 workers of 68 for evacuation
[2024-08-27T15:00:52.340+0000][info][gc,phases      ] GC(551)   Pre Evacuate Collection Set: 0.1ms
[2024-08-27T15:00:52.340+0000][info][gc,phases      ] GC(551)   Merge Heap Roots: 0.4ms
[2024-08-27T15:00:52.340+0000][info][gc,phases      ] GC(551)   Evacuate Collection Set: 13.2ms
[2024-08-27T15:00:52.340+0000][info][gc,phases      ] GC(551)   Post Evacuate Collection Set: 0.5ms
[2024-08-27T15:00:52.340+0000][info][gc,phases      ] GC(551)   Other: 0.2ms
[2024-08-27T15:00:52.340+0000][info][gc,heap        ] GC(551) Eden regions: 44->0(44)
[2024-08-27T15:00:52.340+0000][info][gc,heap        ] GC(551) Survivor regions: 7->7(7)
[2024-08-27T15:00:52.340+0000][info][gc,heap        ] GC(551) Old regions: 858->904
[2024-08-27T15:00:52.340+0000][info][gc,heap        ] GC(551) Archive regions: 2->2
[2024-08-27T15:00:52.340+0000][info][gc,heap        ] GC(551) Humongous regions: 5->5
[2024-08-27T15:00:52.340+0000][info][gc,metaspace   ] GC(551) Metaspace: 100K(320K)->100K(320K) NonClass: 96K(192K)->96K(192K) Class: 4K(128K)->4K(128K)
[2024-08-27T15:00:52.340+0000][info][gc             ] GC(551) Pause Young (Normal) (G1 Evacuation Pause) 914M->916M(1024M) 14.608ms
[2024-08-27T15:00:52.340+0000][info][gc,cpu         ] GC(551) User=0.32s Sys=0.00s Real=0.02s
[2024-08-27T15:00:52.344+0000][info][gc,marking     ] GC(549) Concurrent Rebuild Remembered Sets 73.658ms
[2024-08-27T15:00:52.344+0000][info][gc,start       ] GC(549) Pause Cleanup
[2024-08-27T15:00:52.345+0000][info][gc             ] GC(549) Pause Cleanup 921M->921M(1024M) 1.570ms
[2024-08-27T15:00:52.345+0000][info][gc,cpu         ] GC(549) User=0.01s Sys=0.00s Real=0.00s
[2024-08-27T15:00:52.345+0000][info][gc,marking     ] GC(549) Concurrent Cleanup for Next Mark
[2024-08-27T15:00:52.346+0000][info][gc,marking     ] GC(549) Concurrent Cleanup for Next Mark 0.586ms
[2024-08-27T15:00:52.346+0000][info][gc             ] GC(549) Concurrent Mark Cycle 100.211ms
[2024-08-27T15:00:52.364+0000][info][gc,start       ] GC(552) Pause Young (Prepare Mixed) (G1 Evacuation Pause)
[2024-08-27T15:00:52.364+0000][info][gc,task        ] GC(552) Using 24 workers of 68 for evacuation
[2024-08-27T15:00:52.381+0000][info][gc,phases      ] GC(552)   Pre Evacuate Collection Set: 0.2ms
[2024-08-27T15:00:52.381+0000][info][gc,phases      ] GC(552)   Merge Heap Roots: 0.5ms
[2024-08-27T15:00:52.381+0000][info][gc,phases      ] GC(552)   Evacuate Collection Set: 15.6ms
[2024-08-27T15:00:52.381+0000][info][gc,phases      ] GC(552)   Post Evacuate Collection Set: 0.3ms
[2024-08-27T15:00:52.381+0000][info][gc,phases      ] GC(552)   Other: 0.2ms
[2024-08-27T15:00:52.381+0000][info][gc,heap        ] GC(552) Eden regions: 44->0(44)
[2024-08-27T15:00:52.381+0000][info][gc,heap        ] GC(552) Survivor regions: 7->7(7)
[2024-08-27T15:00:52.381+0000][info][gc,heap        ] GC(552) Old regions: 904->951
[2024-08-27T15:00:52.381+0000][info][gc,heap        ] GC(552) Archive regions: 2->2
[2024-08-27T15:00:52.381+0000][info][gc,heap        ] GC(552) Humongous regions: 5->5
[2024-08-27T15:00:52.381+0000][info][gc,metaspace   ] GC(552) Metaspace: 100K(320K)->100K(320K) NonClass: 96K(192K)->96K(192K) Class: 4K(128K)->4K(128K)
[2024-08-27T15:00:52.381+0000][info][gc             ] GC(552) Pause Young (Prepare Mixed) (G1 Evacuation Pause) 960M->963M(1024M) 16.915ms
[2024-08-27T15:00:52.381+0000][info][gc,cpu         ] GC(552) User=0.38s Sys=0.00s Real=0.02s
[2024-08-27T15:00:52.392+0000][info][gc,start       ] GC(553) Pause Young (Mixed) (G1 Preventive Collection)
[2024-08-27T15:00:52.392+0000][info][gc,task        ] GC(553) Using 24 workers of 68 for evacuation
[2024-08-27T15:00:52.401+0000][info][gc,phases      ] GC(553)   Pre Evacuate Collection Set: 0.2ms
[2024-08-27T15:00:52.401+0000][info][gc,phases      ] GC(553)   Merge Heap Roots: 0.4ms
[2024-08-27T15:00:52.401+0000][info][gc,phases      ] GC(553)   Evacuate Collection Set: 7.8ms
[2024-08-27T15:00:52.401+0000][info][gc,phases      ] GC(553)   Post Evacuate Collection Set: 0.4ms
[2024-08-27T15:00:52.401+0000][info][gc,phases      ] GC(553)   Other: 0.3ms
[2024-08-27T15:00:52.401+0000][info][gc,heap        ] GC(553) Eden regions: 24->0(44)
[2024-08-27T15:00:52.401+0000][info][gc,heap        ] GC(553) Survivor regions: 7->7(7)
[2024-08-27T15:00:52.402+0000][info][gc,heap        ] GC(553) Old regions: 951->876
[2024-08-27T15:00:52.402+0000][info][gc,heap        ] GC(553) Archive regions: 2->2
[2024-08-27T15:00:52.402+0000][info][gc,heap        ] GC(553) Humongous regions: 5->5
[2024-08-27T15:00:52.402+0000][info][gc,metaspace   ] GC(553) Metaspace: 100K(320K)->100K(320K) NonClass: 96K(192K)->96K(192K) Class: 4K(128K)->4K(128K)
[2024-08-27T15:00:52.402+0000][info][gc             ] GC(553) Pause Young (Mixed) (G1 Preventive Collection) 987M->888M(1024M) 9.170ms
[2024-08-27T15:00:52.402+0000][info][gc,cpu         ] GC(553) User=0.19s Sys=0.00s Real=0.01s
[2024-08-27T15:00:52.420+0000][info][gc,start       ] GC(554) Pause Young (Mixed) (G1 Evacuation Pause)
[2024-08-27T15:00:52.420+0000][info][gc,task        ] GC(554) Using 24 workers of 68 for evacuation
[2024-08-27T15:00:52.430+0000][info][gc,phases      ] GC(554)   Pre Evacuate Collection Set: 0.3ms
[2024-08-27T15:00:52.430+0000][info][gc,phases      ] GC(554)   Merge Heap Roots: 0.4ms
[2024-08-27T15:00:52.430+0000][info][gc,phases      ] GC(554)   Evacuate Collection Set: 8.2ms
[2024-08-27T15:00:52.430+0000][info][gc,phases      ] GC(554)   Post Evacuate Collection Set: 0.4ms
[2024-08-27T15:00:52.430+0000][info][gc,phases      ] GC(554)   Other: 0.3ms
[2024-08-27T15:00:52.430+0000][info][gc,heap        ] GC(554) Eden regions: 44->0(44)
[2024-08-27T15:00:52.430+0000][info][gc,heap        ] GC(554) Survivor regions: 7->7(7)
[2024-08-27T15:00:52.430+0000][info][gc,heap        ] GC(554) Old regions: 876->819
[2024-08-27T15:00:52.430+0000][info][gc,heap        ] GC(554) Archive regions: 2->2
[2024-08-27T15:00:52.430+0000][info][gc,heap        ] GC(554) Humongous regions: 5->5
[2024-08-27T15:00:52.430+0000][info][gc,metaspace   ] GC(554) Metaspace: 100K(320K)->100K(320K) NonClass: 96K(192K)->96K(192K) Class: 4K(128K)->4K(128K)
[2024-08-27T15:00:52.430+0000][info][gc             ] GC(554) Pause Young (Mixed) (G1 Evacuation Pause) 932M->831M(1024M) 9.784ms
[2024-08-27T15:00:52.430+0000][info][gc,cpu         ] GC(554) User=0.21s Sys=0.00s Real=0.01s
[2024-08-27T15:00:52.448+0000][info][gc,start       ] GC(555) Pause Young (Mixed) (G1 Evacuation Pause)
[2024-08-27T15:00:52.448+0000][info][gc,task        ] GC(555) Using 24 workers of 68 for evacuation
[2024-08-27T15:00:52.458+0000][info][gc,phases      ] GC(555)   Pre Evacuate Collection Set: 0.2ms
[2024-08-27T15:00:52.458+0000][info][gc,phases      ] GC(555)   Merge Heap Roots: 0.4ms
[2024-08-27T15:00:52.458+0000][info][gc,phases      ] GC(555)   Evacuate Collection Set: 8.5ms
[2024-08-27T15:00:52.458+0000][info][gc,phases      ] GC(555)   Post Evacuate Collection Set: 0.4ms
[2024-08-27T15:00:52.458+0000][info][gc,phases      ] GC(555)   Other: 0.3ms
[2024-08-27T15:00:52.458+0000][info][gc,heap        ] GC(555) Eden regions: 44->0(44)
[2024-08-27T15:00:52.458+0000][info][gc,heap        ] GC(555) Survivor regions: 7->7(7)
[2024-08-27T15:00:52.458+0000][info][gc,heap        ] GC(555) Old regions: 819->763
[2024-08-27T15:00:52.458+0000][info][gc,heap        ] GC(555) Archive regions: 2->2
[2024-08-27T15:00:52.458+0000][info][gc,heap        ] GC(555) Humongous regions: 5->5
[2024-08-27T15:00:52.458+0000][info][gc,metaspace   ] GC(555) Metaspace: 100K(320K)->100K(320K) NonClass: 96K(192K)->96K(192K) Class: 4K(128K)->4K(128K)
[2024-08-27T15:00:52.458+0000][info][gc             ] GC(555) Pause Young (Mixed) (G1 Evacuation Pause) 875M->775M(1024M) 9.987ms
[2024-08-27T15:00:52.458+0000][info][gc,cpu         ] GC(555) User=0.20s Sys=0.01s Real=0.02s
[2024-08-27T15:00:52.477+0000][info][gc,start       ] GC(556) Pause Young (Mixed) (G1 Evacuation Pause)
[2024-08-27T15:00:52.477+0000][info][gc,task        ] GC(556) Using 24 workers of 68 for evacuation
[2024-08-27T15:00:52.487+0000][info][gc,phases      ] GC(556)   Pre Evacuate Collection Set: 0.2ms
[2024-08-27T15:00:52.487+0000][info][gc,phases      ] GC(556)   Merge Heap Roots: 0.3ms
[2024-08-27T15:00:52.487+0000][info][gc,phases      ] GC(556)   Evacuate Collection Set: 8.5ms
[2024-08-27T15:00:52.487+0000][info][gc,phases      ] GC(556)   Post Evacuate Collection Set: 0.3ms
[2024-08-27T15:00:52.487+0000][info][gc,phases      ] GC(556)   Other: 0.3ms
[2024-08-27T15:00:52.487+0000][info][gc,heap        ] GC(556) Eden regions: 44->0(44)
[2024-08-27T15:00:52.487+0000][info][gc,heap        ] GC(556) Survivor regions: 7->7(7)
[2024-08-27T15:00:52.487+0000][info][gc,heap        ] GC(556) Old regions: 763->795
[2024-08-27T15:00:52.487+0000][info][gc,heap        ] GC(556) Archive regions: 2->2
[2024-08-27T15:00:52.487+0000][info][gc,heap        ] GC(556) Humongous regions: 5->5
[2024-08-27T15:00:52.487+0000][info][gc,metaspace   ] GC(556) Metaspace: 100K(320K)->100K(320K) NonClass: 96K(192K)->96K(192K) Class: 4K(128K)->4K(128K)
[2024-08-27T15:00:52.487+0000][info][gc             ] GC(556) Pause Young (Mixed) (G1 Evacuation Pause) 819M->807M(1024M) 9.796ms
[2024-08-27T15:00:52.487+0000][info][gc,cpu         ] GC(556) User=0.20s Sys=0.01s Real=0.01s
[2024-08-27T15:00:52.506+0000][info][gc,start       ] GC(557) Pause Young (Concurrent Start) (G1 Evacuation Pause)
[2024-08-27T15:00:52.506+0000][info][gc,task        ] GC(557) Using 24 workers of 68 for evacuation
[2024-08-27T15:00:52.517+0000][info][gc,phases      ] GC(557)   Pre Evacuate Collection Set: 0.2ms
[2024-08-27T15:00:52.517+0000][info][gc,phases      ] GC(557)   Merge Heap Roots: 0.3ms
[2024-08-27T15:00:52.517+0000][info][gc,phases      ] GC(557)   Evacuate Collection Set: 9.8ms
[2024-08-27T15:00:52.517+0000][info][gc,phases      ] GC(557)   Post Evacuate Collection Set: 0.4ms
[2024-08-27T15:00:52.518+0000][info][gc,phases      ] GC(557)   Other: 1.0ms
[2024-08-27T15:00:52.518+0000][info][gc,heap        ] GC(557) Eden regions: 44->0(44)
[2024-08-27T15:00:52.518+0000][info][gc,heap        ] GC(557) Survivor regions: 7->7(7)
[2024-08-27T15:00:52.518+0000][info][gc,heap        ] GC(557) Old regions: 795->843
[2024-08-27T15:00:52.518+0000][info][gc,heap        ] GC(557) Archive regions: 2->2
[2024-08-27T15:00:52.518+0000][info][gc,heap        ] GC(557) Humongous regions: 5->5
[2024-08-27T15:00:52.518+0000][info][gc,metaspace   ] GC(557) Metaspace: 100K(320K)->100K(320K) NonClass: 96K(192K)->96K(192K) Class: 4K(128K)->4K(128K)
[2024-08-27T15:00:52.518+0000][info][gc             ] GC(557) Pause Young (Concurrent Start) (G1 Evacuation Pause) 851M->855M(1024M) 11.788ms
[2024-08-27T15:00:52.518+0000][info][gc,cpu         ] GC(557) User=0.23s Sys=0.00s Real=0.02s
[2024-08-27T15:00:52.518+0000][info][gc             ] GC(558) Concurrent Mark Cycle
[2024-08-27T15:00:52.518+0000][info][gc,marking     ] GC(558) Concurrent Clear Claimed Marks
[2024-08-27T15:00:52.518+0000][info][gc,marking     ] GC(558) Concurrent Clear Claimed Marks 0.014ms
[2024-08-27T15:00:52.518+0000][info][gc,marking     ] GC(558) Concurrent Scan Root Regions
[2024-08-27T15:00:52.520+0000][info][gc,marking     ] GC(558) Concurrent Scan Root Regions 1.785ms
[2024-08-27T15:00:52.520+0000][info][gc,marking     ] GC(558) Concurrent Mark
[2024-08-27T15:00:52.520+0000][info][gc,marking     ] GC(558) Concurrent Mark From Roots
[2024-08-27T15:00:52.520+0000][info][gc,task        ] GC(558) Using 17 workers of 17 for marking
[2024-08-27T15:00:52.541+0000][info][gc,marking     ] GC(558) Concurrent Mark From Roots 21.649ms
[2024-08-27T15:00:52.541+0000][info][gc,marking     ] GC(558) Concurrent Preclean
[2024-08-27T15:00:52.542+0000][info][gc,marking     ] GC(558) Concurrent Preclean 0.513ms
[2024-08-27T15:00:52.542+0000][info][gc,start       ] GC(558) Pause Remark
[2024-08-27T15:00:52.543+0000][info][gc             ] GC(558) Pause Remark 882M->882M(1024M) 1.174ms
[2024-08-27T15:00:52.543+0000][info][gc,cpu         ] GC(558) User=0.00s Sys=0.00s Real=0.00s
[2024-08-27T15:00:52.543+0000][info][gc,marking     ] GC(558) Concurrent Mark 23.720ms
[2024-08-27T15:00:52.543+0000][info][gc,marking     ] GC(558) Concurrent Rebuild Remembered Sets
[2024-08-27T15:00:52.559+0000][info][gc,start       ] GC(559) Pause Young (Normal) (G1 Evacuation Pause)
[2024-08-27T15:00:52.559+0000][info][gc,task        ] GC(559) Using 24 workers of 68 for evacuation
[2024-08-27T15:00:52.570+0000][info][gc,phases      ] GC(559)   Pre Evacuate Collection Set: 0.1ms
[2024-08-27T15:00:52.570+0000][info][gc,phases      ] GC(559)   Merge Heap Roots: 0.3ms
[2024-08-27T15:00:52.570+0000][info][gc,phases      ] GC(559)   Evacuate Collection Set: 9.6ms
[2024-08-27T15:00:52.570+0000][info][gc,phases      ] GC(559)   Post Evacuate Collection Set: 0.4ms
[2024-08-27T15:00:52.570+0000][info][gc,phases      ] GC(559)   Other: 0.2ms
[2024-08-27T15:00:52.570+0000][info][gc,heap        ] GC(559) Eden regions: 44->0(44)
[2024-08-27T15:00:52.570+0000][info][gc,heap        ] GC(559) Survivor regions: 7->7(7)
[2024-08-27T15:00:52.570+0000][info][gc,heap        ] GC(559) Old regions: 843->890
[2024-08-27T15:00:52.570+0000][info][gc,heap        ] GC(559) Archive regions: 2->2
[2024-08-27T15:00:52.570+0000][info][gc,heap        ] GC(559) Humongous regions: 5->5
[2024-08-27T15:00:52.570+0000][info][gc,metaspace   ] GC(559) Metaspace: 100K(320K)->100K(320K) NonClass: 96K(192K)->96K(192K) Class: 4K(128K)->4K(128K)
[2024-08-27T15:00:52.570+0000][info][gc             ] GC(559) Pause Young (Normal) (G1 Evacuation Pause) 899M->902M(1024M) 10.843ms
[2024-08-27T15:00:52.570+0000][info][gc,cpu         ] GC(559) User=0.23s Sys=0.01s Real=0.01s
[2024-08-27T15:00:52.601+0000][info][gc,marking     ] GC(558) Concurrent Rebuild Remembered Sets 57.551ms
[2024-08-27T15:00:52.601+0000][info][gc,start       ] GC(558) Pause Cleanup
[2024-08-27T15:00:52.603+0000][info][gc             ] GC(558) Pause Cleanup 943M->943M(1024M) 1.517ms
[2024-08-27T15:00:52.603+0000][info][gc,cpu         ] GC(558) User=0.00s Sys=0.00s Real=0.00s
[2024-08-27T15:00:52.603+0000][info][gc,marking     ] GC(558) Concurrent Cleanup for Next Mark
[2024-08-27T15:00:52.603+0000][info][gc,marking     ] GC(558) Concurrent Cleanup for Next Mark 0.586ms
[2024-08-27T15:00:52.603+0000][info][gc             ] GC(558) Concurrent Mark Cycle 85.661ms
[2024-08-27T15:00:52.605+0000][info][gc,start       ] GC(560) Pause Young (Prepare Mixed) (G1 Evacuation Pause)
[2024-08-27T15:00:52.605+0000][info][gc,task        ] GC(560) Using 24 workers of 68 for evacuation
[2024-08-27T15:00:52.619+0000][info][gc,phases      ] GC(560)   Pre Evacuate Collection Set: 0.2ms
[2024-08-27T15:00:52.620+0000][info][gc,phases      ] GC(560)   Merge Heap Roots: 0.4ms
[2024-08-27T15:00:52.620+0000][info][gc,phases      ] GC(560)   Evacuate Collection Set: 13.1ms
[2024-08-27T15:00:52.620+0000][info][gc,phases      ] GC(560)   Post Evacuate Collection Set: 0.3ms
[2024-08-27T15:00:52.620+0000][info][gc,phases      ] GC(560)   Other: 0.2ms
[2024-08-27T15:00:52.620+0000][info][gc,heap        ] GC(560) Eden regions: 44->0(44)
[2024-08-27T15:00:52.620+0000][info][gc,heap        ] GC(560) Survivor regions: 7->7(7)
[2024-08-27T15:00:52.620+0000][info][gc,heap        ] GC(560) Old regions: 890->937
[2024-08-27T15:00:52.620+0000][info][gc,heap        ] GC(560) Archive regions: 2->2
[2024-08-27T15:00:52.620+0000][info][gc,heap        ] GC(560) Humongous regions: 5->5
[2024-08-27T15:00:52.620+0000][info][gc,metaspace   ] GC(560) Metaspace: 100K(320K)->100K(320K) NonClass: 96K(192K)->96K(192K) Class: 4K(128K)->4K(128K)
[2024-08-27T15:00:52.620+0000][info][gc             ] GC(560) Pause Young (Prepare Mixed) (G1 Evacuation Pause) 946M->949M(1024M) 14.360ms
[2024-08-27T15:00:52.620+0000][info][gc,cpu         ] GC(560) User=0.32s Sys=0.01s Real=0.02s
[2024-08-27T15:00:52.634+0000][info][gc,start       ] GC(561) Pause Young (Mixed) (G1 Preventive Collection)
[2024-08-27T15:00:52.634+0000][info][gc,task        ] GC(561) Using 24 workers of 68 for evacuation
[2024-08-27T15:00:52.643+0000][info][gc,phases      ] GC(561)   Pre Evacuate Collection Set: 0.1ms
[2024-08-27T15:00:52.643+0000][info][gc,phases      ] GC(561)   Merge Heap Roots: 0.3ms
[2024-08-27T15:00:52.643+0000][info][gc,phases      ] GC(561)   Evacuate Collection Set: 7.7ms
[2024-08-27T15:00:52.643+0000][info][gc,phases      ] GC(561)   Post Evacuate Collection Set: 0.3ms
[2024-08-27T15:00:52.643+0000][info][gc,phases      ] GC(561)   Other: 0.2ms
[2024-08-27T15:00:52.643+0000][info][gc,heap        ] GC(561) Eden regions: 31->0(44)
[2024-08-27T15:00:52.643+0000][info][gc,heap        ] GC(561) Survivor regions: 7->7(7)
[2024-08-27T15:00:52.643+0000][info][gc,heap        ] GC(561) Old regions: 937->868
[2024-08-27T15:00:52.643+0000][info][gc,heap        ] GC(561) Archive regions: 2->2
[2024-08-27T15:00:52.643+0000][info][gc,heap        ] GC(561) Humongous regions: 5->5
[2024-08-27T15:00:52.643+0000][info][gc,metaspace   ] GC(561) Metaspace: 100K(320K)->100K(320K) NonClass: 96K(192K)->96K(192K) Class: 4K(128K)->4K(128K)
[2024-08-27T15:00:52.643+0000][info][gc             ] GC(561) Pause Young (Mixed) (G1 Preventive Collection) 980M->880M(1024M) 8.725ms
[2024-08-27T15:00:52.643+0000][info][gc,cpu         ] GC(561) User=0.19s Sys=0.00s Real=0.01s
[2024-08-27T15:00:52.662+0000][info][gc,start       ] GC(562) Pause Young (Mixed) (G1 Evacuation Pause)
[2024-08-27T15:00:52.662+0000][info][gc,task        ] GC(562) Using 24 workers of 68 for evacuation
[2024-08-27T15:00:52.671+0000][info][gc,phases      ] GC(562)   Pre Evacuate Collection Set: 0.2ms
[2024-08-27T15:00:52.672+0000][info][gc,phases      ] GC(562)   Merge Heap Roots: 0.4ms
[2024-08-27T15:00:52.672+0000][info][gc,phases      ] GC(562)   Evacuate Collection Set: 8.9ms
[2024-08-27T15:00:52.672+0000][info][gc,phases      ] GC(562)   Post Evacuate Collection Set: 0.3ms
[2024-08-27T15:00:52.672+0000][info][gc,phases      ] GC(562)   Other: 0.2ms
[2024-08-27T15:00:52.672+0000][info][gc,heap        ] GC(562) Eden regions: 44->0(44)
[2024-08-27T15:00:52.672+0000][info][gc,heap        ] GC(562) Survivor regions: 7->7(7)
[2024-08-27T15:00:52.672+0000][info][gc,heap        ] GC(562) Old regions: 868->811
[2024-08-27T15:00:52.672+0000][info][gc,heap        ] GC(562) Archive regions: 2->2
[2024-08-27T15:00:52.672+0000][info][gc,heap        ] GC(562) Humongous regions: 5->5
[2024-08-27T15:00:52.672+0000][info][gc,metaspace   ] GC(562) Metaspace: 100K(320K)->100K(320K) NonClass: 96K(192K)->96K(192K) Class: 4K(128K)->4K(128K)
[2024-08-27T15:00:52.672+0000][info][gc             ] GC(562) Pause Young (Mixed) (G1 Evacuation Pause) 924M->823M(1024M) 10.115ms
[2024-08-27T15:00:52.672+0000][info][gc,cpu         ] GC(562) User=0.22s Sys=0.00s Real=0.01s
[2024-08-27T15:00:52.690+0000][info][gc,start       ] GC(563) Pause Young (Mixed) (G1 Evacuation Pause)
[2024-08-27T15:00:52.690+0000][info][gc,task        ] GC(563) Using 24 workers of 68 for evacuation
[2024-08-27T15:00:52.700+0000][info][gc,phases      ] GC(563)   Pre Evacuate Collection Set: 0.2ms
[2024-08-27T15:00:52.700+0000][info][gc,phases      ] GC(563)   Merge Heap Roots: 0.4ms
[2024-08-27T15:00:52.700+0000][info][gc,phases      ] GC(563)   Evacuate Collection Set: 9.6ms
[2024-08-27T15:00:52.700+0000][info][gc,phases      ] GC(563)   Post Evacuate Collection Set: 0.4ms
[2024-08-27T15:00:52.700+0000][info][gc,phases      ] GC(563)   Other: 0.3ms
[2024-08-27T15:00:52.701+0000][info][gc,heap        ] GC(563) Eden regions: 44->0(44)
[2024-08-27T15:00:52.701+0000][info][gc,heap        ] GC(563) Survivor regions: 7->7(7)
[2024-08-27T15:00:52.701+0000][info][gc,heap        ] GC(563) Old regions: 811->754
[2024-08-27T15:00:52.701+0000][info][gc,heap        ] GC(563) Archive regions: 2->2
[2024-08-27T15:00:52.701+0000][info][gc,heap        ] GC(563) Humongous regions: 5->5
[2024-08-27T15:00:52.701+0000][info][gc,metaspace   ] GC(563) Metaspace: 100K(320K)->100K(320K) NonClass: 96K(192K)->96K(192K) Class: 4K(128K)->4K(128K)
[2024-08-27T15:00:52.701+0000][info][gc             ] GC(563) Pause Young (Mixed) (G1 Evacuation Pause) 867M->766M(1024M) 10.913ms
[2024-08-27T15:00:52.701+0000][info][gc,cpu         ] GC(563) User=0.23s Sys=0.00s Real=0.01s
[2024-08-27T15:00:52.719+0000][info][gc,start       ] GC(564) Pause Young (Mixed) (G1 Evacuation Pause)
[2024-08-27T15:00:52.719+0000][info][gc,task        ] GC(564) Using 24 workers of 68 for evacuation
[2024-08-27T15:00:52.729+0000][info][gc,phases      ] GC(564)   Pre Evacuate Collection Set: 0.2ms
[2024-08-27T15:00:52.729+0000][info][gc,phases      ] GC(564)   Merge Heap Roots: 0.3ms
[2024-08-27T15:00:52.729+0000][info][gc,phases      ] GC(564)   Evacuate Collection Set: 8.5ms
[2024-08-27T15:00:52.729+0000][info][gc,phases      ] GC(564)   Post Evacuate Collection Set: 0.3ms
[2024-08-27T15:00:52.729+0000][info][gc,phases      ] GC(564)   Other: 0.3ms
[2024-08-27T15:00:52.729+0000][info][gc,heap        ] GC(564) Eden regions: 44->0(46)
[2024-08-27T15:00:52.729+0000][info][gc,heap        ] GC(564) Survivor regions: 7->7(7)
[2024-08-27T15:00:52.729+0000][info][gc,heap        ] GC(564) Old regions: 754->760
[2024-08-27T15:00:52.729+0000][info][gc,heap        ] GC(564) Archive regions: 2->2
[2024-08-27T15:00:52.729+0000][info][gc,heap        ] GC(564) Humongous regions: 5->5
[2024-08-27T15:00:52.729+0000][info][gc,metaspace   ] GC(564) Metaspace: 100K(320K)->100K(320K) NonClass: 96K(192K)->96K(192K) Class: 4K(128K)->4K(128K)
[2024-08-27T15:00:52.729+0000][info][gc             ] GC(564) Pause Young (Mixed) (G1 Evacuation Pause) 810M->772M(1024M) 9.723ms
[2024-08-27T15:00:52.729+0000][info][gc,cpu         ] GC(564) User=0.21s Sys=0.01s Real=0.00s
[2024-08-27T15:00:52.749+0000][info][gc,start       ] GC(565) Pause Young (Concurrent Start) (G1 Evacuation Pause)
[2024-08-27T15:00:52.749+0000][info][gc,task        ] GC(565) Using 24 workers of 68 for evacuation
[2024-08-27T15:00:52.760+0000][info][gc,phases      ] GC(565)   Pre Evacuate Collection Set: 0.2ms
[2024-08-27T15:00:52.761+0000][info][gc,phases      ] GC(565)   Merge Heap Roots: 0.4ms
[2024-08-27T15:00:52.761+0000][info][gc,phases      ] GC(565)   Evacuate Collection Set: 9.5ms
[2024-08-27T15:00:52.761+0000][info][gc,phases      ] GC(565)   Post Evacuate Collection Set: 0.3ms
[2024-08-27T15:00:52.761+0000][info][gc,phases      ] GC(565)   Other: 0.9ms
[2024-08-27T15:00:52.761+0000][info][gc,heap        ] GC(565) Eden regions: 46->0(44)
[2024-08-27T15:00:52.761+0000][info][gc,heap        ] GC(565) Survivor regions: 7->7(7)
[2024-08-27T15:00:52.761+0000][info][gc,heap        ] GC(565) Old regions: 760->809
[2024-08-27T15:00:52.761+0000][info][gc,heap        ] GC(565) Archive regions: 2->2
[2024-08-27T15:00:52.761+0000][info][gc,heap        ] GC(565) Humongous regions: 5->5
[2024-08-27T15:00:52.761+0000][info][gc,metaspace   ] GC(565) Metaspace: 100K(320K)->100K(320K) NonClass: 96K(192K)->96K(192K) Class: 4K(128K)->4K(128K)
[2024-08-27T15:00:52.761+0000][info][gc             ] GC(565) Pause Young (Concurrent Start) (G1 Evacuation Pause) 818M->821M(1024M) 11.520ms
[2024-08-27T15:00:52.761+0000][info][gc,cpu         ] GC(565) User=0.23s Sys=0.00s Real=0.02s
[2024-08-27T15:00:52.761+0000][info][gc             ] GC(566) Concurrent Mark Cycle
[2024-08-27T15:00:52.761+0000][info][gc,marking     ] GC(566) Concurrent Clear Claimed Marks
[2024-08-27T15:00:52.761+0000][info][gc,marking     ] GC(566) Concurrent Clear Claimed Marks 0.010ms
[2024-08-27T15:00:52.761+0000][info][gc,marking     ] GC(566) Concurrent Scan Root Regions
[2024-08-27T15:00:52.762+0000][info][gc,marking     ] GC(566) Concurrent Scan Root Regions 1.503ms
[2024-08-27T15:00:52.762+0000][info][gc,marking     ] GC(566) Concurrent Mark
[2024-08-27T15:00:52.762+0000][info][gc,marking     ] GC(566) Concurrent Mark From Roots
[2024-08-27T15:00:52.762+0000][info][gc,task        ] GC(566) Using 17 workers of 17 for marking
[2024-08-27T15:00:52.783+0000][info][gc,marking     ] GC(566) Concurrent Mark From Roots 20.487ms
[2024-08-27T15:00:52.783+0000][info][gc,marking     ] GC(566) Concurrent Preclean
[2024-08-27T15:00:52.783+0000][info][gc,marking     ] GC(566) Concurrent Preclean 0.501ms
[2024-08-27T15:00:52.784+0000][info][gc,start       ] GC(566) Pause Remark
[2024-08-27T15:00:52.785+0000][info][gc             ] GC(566) Pause Remark 848M->848M(1024M) 1.140ms
[2024-08-27T15:00:52.785+0000][info][gc,cpu         ] GC(566) User=0.00s Sys=0.01s Real=0.00s
[2024-08-27T15:00:52.785+0000][info][gc,marking     ] GC(566) Concurrent Mark 22.516ms
[2024-08-27T15:00:52.785+0000][info][gc,marking     ] GC(566) Concurrent Rebuild Remembered Sets
[2024-08-27T15:00:52.800+0000][info][gc,start       ] GC(567) Pause Young (Normal) (G1 Evacuation Pause)
[2024-08-27T15:00:52.800+0000][info][gc,task        ] GC(567) Using 24 workers of 68 for evacuation
[2024-08-27T15:00:52.809+0000][info][gc,phases      ] GC(567)   Pre Evacuate Collection Set: 0.1ms
[2024-08-27T15:00:52.809+0000][info][gc,phases      ] GC(567)   Merge Heap Roots: 0.3ms
[2024-08-27T15:00:52.809+0000][info][gc,phases      ] GC(567)   Evacuate Collection Set: 8.9ms
[2024-08-27T15:00:52.809+0000][info][gc,phases      ] GC(567)   Post Evacuate Collection Set: 0.4ms
[2024-08-27T15:00:52.810+0000][info][gc,phases      ] GC(567)   Other: 0.2ms
[2024-08-27T15:00:52.810+0000][info][gc,heap        ] GC(567) Eden regions: 44->0(44)
[2024-08-27T15:00:52.810+0000][info][gc,heap        ] GC(567) Survivor regions: 7->7(7)
[2024-08-27T15:00:52.810+0000][info][gc,heap        ] GC(567) Old regions: 809->854
[2024-08-27T15:00:52.810+0000][info][gc,heap        ] GC(567) Archive regions: 2->2
[2024-08-27T15:00:52.810+0000][info][gc,heap        ] GC(567) Humongous regions: 5->5
[2024-08-27T15:00:52.810+0000][info][gc,metaspace   ] GC(567) Metaspace: 100K(320K)->100K(320K) NonClass: 96K(192K)->96K(192K) Class: 4K(128K)->4K(128K)
[2024-08-27T15:00:52.810+0000][info][gc             ] GC(567) Pause Young (Normal) (G1 Evacuation Pause) 865M->866M(1024M) 10.082ms
[2024-08-27T15:00:52.810+0000][info][gc,cpu         ] GC(567) User=0.23s Sys=0.00s Real=0.01s
[2024-08-27T15:00:52.841+0000][info][gc,marking     ] GC(566) Concurrent Rebuild Remembered Sets 55.633ms
[2024-08-27T15:00:52.841+0000][info][gc,start       ] GC(566) Pause Cleanup
[2024-08-27T15:00:52.842+0000][info][gc             ] GC(566) Pause Cleanup 906M->906M(1024M) 1.489ms
[2024-08-27T15:00:52.842+0000][info][gc,cpu         ] GC(566) User=0.00s Sys=0.00s Real=0.00s
[2024-08-27T15:00:52.842+0000][info][gc,marking     ] GC(566) Concurrent Cleanup for Next Mark
[2024-08-27T15:00:52.843+0000][info][gc,marking     ] GC(566) Concurrent Cleanup for Next Mark 0.590ms
[2024-08-27T15:00:52.843+0000][info][gc             ] GC(566) Concurrent Mark Cycle 82.222ms
[2024-08-27T15:00:52.845+0000][info][gc,start       ] GC(568) Pause Young (Prepare Mixed) (G1 Evacuation Pause)
[2024-08-27T15:00:52.845+0000][info][gc,task        ] GC(568) Using 24 workers of 68 for evacuation
[2024-08-27T15:00:52.859+0000][info][gc,phases      ] GC(568)   Pre Evacuate Collection Set: 0.2ms
[2024-08-27T15:00:52.859+0000][info][gc,phases      ] GC(568)   Merge Heap Roots: 0.4ms
[2024-08-27T15:00:52.859+0000][info][gc,phases      ] GC(568)   Evacuate Collection Set: 13.1ms
[2024-08-27T15:00:52.859+0000][info][gc,phases      ] GC(568)   Post Evacuate Collection Set: 0.3ms
[2024-08-27T15:00:52.859+0000][info][gc,phases      ] GC(568)   Other: 0.2ms
[2024-08-27T15:00:52.859+0000][info][gc,heap        ] GC(568) Eden regions: 44->0(44)
[2024-08-27T15:00:52.860+0000][info][gc,heap        ] GC(568) Survivor regions: 7->7(7)
[2024-08-27T15:00:52.860+0000][info][gc,heap        ] GC(568) Old regions: 854->901
[2024-08-27T15:00:52.860+0000][info][gc,heap        ] GC(568) Archive regions: 2->2
[2024-08-27T15:00:52.860+0000][info][gc,heap        ] GC(568) Humongous regions: 5->5
[2024-08-27T15:00:52.860+0000][info][gc,metaspace   ] GC(568) Metaspace: 100K(320K)->100K(320K) NonClass: 96K(192K)->96K(192K) Class: 4K(128K)->4K(128K)
[2024-08-27T15:00:52.860+0000][info][gc             ] GC(568) Pause Young (Prepare Mixed) (G1 Evacuation Pause) 910M->913M(1024M) 14.302ms
[2024-08-27T15:00:52.860+0000][info][gc,cpu         ] GC(568) User=0.31s Sys=0.01s Real=0.02s
[2024-08-27T15:00:52.879+0000][info][gc,start       ] GC(569) Pause Young (Mixed) (G1 Evacuation Pause)
[2024-08-27T15:00:52.879+0000][info][gc,task        ] GC(569) Using 24 workers of 68 for evacuation
[2024-08-27T15:00:52.890+0000][info][gc,phases      ] GC(569)   Pre Evacuate Collection Set: 0.2ms
[2024-08-27T15:00:52.890+0000][info][gc,phases      ] GC(569)   Merge Heap Roots: 0.4ms
[2024-08-27T15:00:52.890+0000][info][gc,phases      ] GC(569)   Evacuate Collection Set: 9.7ms
[2024-08-27T15:00:52.890+0000][info][gc,phases      ] GC(569)   Post Evacuate Collection Set: 0.3ms
[2024-08-27T15:00:52.890+0000][info][gc,phases      ] GC(569)   Other: 0.3ms
[2024-08-27T15:00:52.890+0000][info][gc,heap        ] GC(569) Eden regions: 44->0(44)
[2024-08-27T15:00:52.890+0000][info][gc,heap        ] GC(569) Survivor regions: 7->7(7)
[2024-08-27T15:00:52.890+0000][info][gc,heap        ] GC(569) Old regions: 901->845
[2024-08-27T15:00:52.890+0000][info][gc,heap        ] GC(569) Archive regions: 2->2
[2024-08-27T15:00:52.890+0000][info][gc,heap        ] GC(569) Humongous regions: 5->5
[2024-08-27T15:00:52.890+0000][info][gc,metaspace   ] GC(569) Metaspace: 100K(320K)->100K(320K) NonClass: 96K(192K)->96K(192K) Class: 4K(128K)->4K(128K)
[2024-08-27T15:00:52.890+0000][info][gc             ] GC(569) Pause Young (Mixed) (G1 Evacuation Pause) 957M->857M(1024M) 10.918ms
[2024-08-27T15:00:52.890+0000][info][gc,cpu         ] GC(569) User=0.24s Sys=0.00s Real=0.01s
[2024-08-27T15:00:52.909+0000][info][gc,start       ] GC(570) Pause Young (Mixed) (G1 Evacuation Pause)
[2024-08-27T15:00:52.909+0000][info][gc,task        ] GC(570) Using 24 workers of 68 for evacuation
[2024-08-27T15:00:52.919+0000][info][gc,phases      ] GC(570)   Pre Evacuate Collection Set: 0.3ms
[2024-08-27T15:00:52.919+0000][info][gc,phases      ] GC(570)   Merge Heap Roots: 0.4ms
[2024-08-27T15:00:52.919+0000][info][gc,phases      ] GC(570)   Evacuate Collection Set: 9.0ms
[2024-08-27T15:00:52.919+0000][info][gc,phases      ] GC(570)   Post Evacuate Collection Set: 0.4ms
[2024-08-27T15:00:52.919+0000][info][gc,phases      ] GC(570)   Other: 0.3ms
[2024-08-27T15:00:52.919+0000][info][gc,heap        ] GC(570) Eden regions: 44->0(44)
[2024-08-27T15:00:52.919+0000][info][gc,heap        ] GC(570) Survivor regions: 7->7(7)
[2024-08-27T15:00:52.919+0000][info][gc,heap        ] GC(570) Old regions: 845->788
[2024-08-27T15:00:52.919+0000][info][gc,heap        ] GC(570) Archive regions: 2->2
[2024-08-27T15:00:52.919+0000][info][gc,heap        ] GC(570) Humongous regions: 5->5
[2024-08-27T15:00:52.919+0000][info][gc,metaspace   ] GC(570) Metaspace: 100K(320K)->100K(320K) NonClass: 96K(192K)->96K(192K) Class: 4K(128K)->4K(128K)
[2024-08-27T15:00:52.919+0000][info][gc             ] GC(570) Pause Young (Mixed) (G1 Evacuation Pause) 901M->800M(1024M) 10.335ms
[2024-08-27T15:00:52.919+0000][info][gc,cpu         ] GC(570) User=0.22s Sys=0.00s Real=0.02s
[2024-08-27T15:00:52.938+0000][info][gc,start       ] GC(571) Pause Young (Mixed) (G1 Evacuation Pause)
[2024-08-27T15:00:52.938+0000][info][gc,task        ] GC(571) Using 24 workers of 68 for evacuation
[2024-08-27T15:00:52.948+0000][info][gc,phases      ] GC(571)   Pre Evacuate Collection Set: 0.2ms
[2024-08-27T15:00:52.948+0000][info][gc,phases      ] GC(571)   Merge Heap Roots: 0.4ms
[2024-08-27T15:00:52.948+0000][info][gc,phases      ] GC(571)   Evacuate Collection Set: 9.4ms
[2024-08-27T15:00:52.948+0000][info][gc,phases      ] GC(571)   Post Evacuate Collection Set: 0.4ms
[2024-08-27T15:00:52.948+0000][info][gc,phases      ] GC(571)   Other: 0.3ms
[2024-08-27T15:00:52.948+0000][info][gc,heap        ] GC(571) Eden regions: 44->0(44)
[2024-08-27T15:00:52.948+0000][info][gc,heap        ] GC(571) Survivor regions: 7->7(7)
[2024-08-27T15:00:52.948+0000][info][gc,heap        ] GC(571) Old regions: 788->732
[2024-08-27T15:00:52.948+0000][info][gc,heap        ] GC(571) Archive regions: 2->2
[2024-08-27T15:00:52.948+0000][info][gc,heap        ] GC(571) Humongous regions: 5->5
[2024-08-27T15:00:52.948+0000][info][gc,metaspace   ] GC(571) Metaspace: 100K(320K)->100K(320K) NonClass: 96K(192K)->96K(192K) Class: 4K(128K)->4K(128K)
[2024-08-27T15:00:52.948+0000][info][gc             ] GC(571) Pause Young (Mixed) (G1 Evacuation Pause) 844M->744M(1024M) 10.725ms
[2024-08-27T15:00:52.948+0000][info][gc,cpu         ] GC(571) User=0.24s Sys=0.00s Real=0.00s
[2024-08-27T15:00:52.967+0000][info][gc,start       ] GC(572) Pause Young (Mixed) (G1 Evacuation Pause)
[2024-08-27T15:00:52.967+0000][info][gc,task        ] GC(572) Using 24 workers of 68 for evacuation
[2024-08-27T15:00:52.978+0000][info][gc,phases      ] GC(572)   Pre Evacuate Collection Set: 0.2ms
[2024-08-27T15:00:52.978+0000][info][gc,phases      ] GC(572)   Merge Heap Roots: 0.3ms
[2024-08-27T15:00:52.978+0000][info][gc,phases      ] GC(572)   Evacuate Collection Set: 9.8ms
[2024-08-27T15:00:52.978+0000][info][gc,phases      ] GC(572)   Post Evacuate Collection Set: 0.3ms
[2024-08-27T15:00:52.978+0000][info][gc,phases      ] GC(572)   Other: 0.3ms
[2024-08-27T15:00:52.978+0000][info][gc,heap        ] GC(572) Eden regions: 44->0(44)
[2024-08-27T15:00:52.978+0000][info][gc,heap        ] GC(572) Survivor regions: 7->7(7)
[2024-08-27T15:00:52.978+0000][info][gc,heap        ] GC(572) Old regions: 732->769
[2024-08-27T15:00:52.978+0000][info][gc,heap        ] GC(572) Archive regions: 2->2
[2024-08-27T15:00:52.978+0000][info][gc,heap        ] GC(572) Humongous regions: 5->5
[2024-08-27T15:00:52.978+0000][info][gc,metaspace   ] GC(572) Metaspace: 100K(320K)->100K(320K) NonClass: 96K(192K)->96K(192K) Class: 4K(128K)->4K(128K)
[2024-08-27T15:00:52.978+0000][info][gc             ] GC(572) Pause Young (Mixed) (G1 Evacuation Pause) 788M->781M(1024M) 11.044ms
[2024-08-27T15:00:52.978+0000][info][gc,cpu         ] GC(572) User=0.24s Sys=0.00s Real=0.02s
[2024-08-27T15:00:52.997+0000][info][gc,start       ] GC(573) Pause Young (Concurrent Start) (G1 Evacuation Pause)
[2024-08-27T15:00:52.997+0000][info][gc,task        ] GC(573) Using 24 workers of 68 for evacuation
[2024-08-27T15:00:53.007+0000][info][gc,phases      ] GC(573)   Pre Evacuate Collection Set: 0.2ms
[2024-08-27T15:00:53.008+0000][info][gc,phases      ] GC(573)   Merge Heap Roots: 0.3ms
[2024-08-27T15:00:53.008+0000][info][gc,phases      ] GC(573)   Evacuate Collection Set: 9.0ms
[2024-08-27T15:00:53.008+0000][info][gc,phases      ] GC(573)   Post Evacuate Collection Set: 0.3ms
[2024-08-27T15:00:53.008+0000][info][gc,phases      ] GC(573)   Other: 0.8ms
[2024-08-27T15:00:53.008+0000][info][gc,heap        ] GC(573) Eden regions: 44->0(44)
[2024-08-27T15:00:53.008+0000][info][gc,heap        ] GC(573) Survivor regions: 7->7(7)
[2024-08-27T15:00:53.008+0000][info][gc,heap        ] GC(573) Old regions: 769->816
[2024-08-27T15:00:53.008+0000][info][gc,heap        ] GC(573) Archive regions: 2->2
[2024-08-27T15:00:53.008+0000][info][gc,heap        ] GC(573) Humongous regions: 5->5
[2024-08-27T15:00:53.008+0000][info][gc,metaspace   ] GC(573) Metaspace: 100K(320K)->100K(320K) NonClass: 96K(192K)->96K(192K) Class: 4K(128K)->4K(128K)
[2024-08-27T15:00:53.008+0000][info][gc             ] GC(573) Pause Young (Concurrent Start) (G1 Evacuation Pause) 825M->828M(1024M) 10.685ms
[2024-08-27T15:00:53.008+0000][info][gc,cpu         ] GC(573) User=0.22s Sys=0.00s Real=0.01s
[2024-08-27T15:00:53.008+0000][info][gc             ] GC(574) Concurrent Mark Cycle
[2024-08-27T15:00:53.008+0000][info][gc,marking     ] GC(574) Concurrent Clear Claimed Marks
[2024-08-27T15:00:53.008+0000][info][gc,marking     ] GC(574) Concurrent Clear Claimed Marks 0.011ms
[2024-08-27T15:00:53.008+0000][info][gc,marking     ] GC(574) Concurrent Scan Root Regions
[2024-08-27T15:00:53.009+0000][info][gc,marking     ] GC(574) Concurrent Scan Root Regions 1.368ms
[2024-08-27T15:00:53.009+0000][info][gc,marking     ] GC(574) Concurrent Mark
[2024-08-27T15:00:53.009+0000][info][gc,marking     ] GC(574) Concurrent Mark From Roots
[2024-08-27T15:00:53.009+0000][info][gc,task        ] GC(574) Using 17 workers of 17 for marking
[2024-08-27T15:00:53.029+0000][info][gc,marking     ] GC(574) Concurrent Mark From Roots 19.600ms
[2024-08-27T15:00:53.029+0000][info][gc,marking     ] GC(574) Concurrent Preclean
[2024-08-27T15:00:53.030+0000][info][gc,marking     ] GC(574) Concurrent Preclean 1.375ms
[2024-08-27T15:00:53.031+0000][info][gc,start       ] GC(574) Pause Remark
[2024-08-27T15:00:53.032+0000][info][gc             ] GC(574) Pause Remark 857M->857M(1024M) 1.500ms
[2024-08-27T15:00:53.032+0000][info][gc,cpu         ] GC(574) User=0.00s Sys=0.00s Real=0.00s
[2024-08-27T15:00:53.032+0000][info][gc,marking     ] GC(574) Concurrent Mark 22.972ms
[2024-08-27T15:00:53.032+0000][info][gc,marking     ] GC(574) Concurrent Rebuild Remembered Sets
[2024-08-27T15:00:53.044+0000][info][gc,start       ] GC(575) Pause Young (Normal) (G1 Evacuation Pause)
[2024-08-27T15:00:53.044+0000][info][gc,task        ] GC(575) Using 24 workers of 68 for evacuation
[2024-08-27T15:00:53.054+0000][info][gc,phases      ] GC(575)   Pre Evacuate Collection Set: 0.1ms
[2024-08-27T15:00:53.054+0000][info][gc,phases      ] GC(575)   Merge Heap Roots: 0.3ms
[2024-08-27T15:00:53.054+0000][info][gc,phases      ] GC(575)   Evacuate Collection Set: 8.9ms
[2024-08-27T15:00:53.054+0000][info][gc,phases      ] GC(575)   Post Evacuate Collection Set: 0.4ms
[2024-08-27T15:00:53.054+0000][info][gc,phases      ] GC(575)   Other: 0.2ms
[2024-08-27T15:00:53.054+0000][info][gc,heap        ] GC(575) Eden regions: 44->0(44)
[2024-08-27T15:00:53.054+0000][info][gc,heap        ] GC(575) Survivor regions: 7->7(7)
[2024-08-27T15:00:53.054+0000][info][gc,heap        ] GC(575) Old regions: 816->863
[2024-08-27T15:00:53.054+0000][info][gc,heap        ] GC(575) Archive regions: 2->2
[2024-08-27T15:00:53.054+0000][info][gc,heap        ] GC(575) Humongous regions: 5->5
[2024-08-27T15:00:53.054+0000][info][gc,metaspace   ] GC(575) Metaspace: 100K(320K)->100K(320K) NonClass: 96K(192K)->96K(192K) Class: 4K(128K)->4K(128K)
[2024-08-27T15:00:53.054+0000][info][gc             ] GC(575) Pause Young (Normal) (G1 Evacuation Pause) 872M->875M(1024M) 10.110ms
[2024-08-27T15:00:53.054+0000][info][gc,cpu         ] GC(575) User=0.21s Sys=0.01s Real=0.01s
[2024-08-27T15:00:53.095+0000][info][gc,marking     ] GC(574) Concurrent Rebuild Remembered Sets 63.186ms
[2024-08-27T15:00:53.096+0000][info][gc,start       ] GC(574) Pause Cleanup
[2024-08-27T15:00:53.097+0000][info][gc             ] GC(574) Pause Cleanup 897M->897M(1024M) 1.479ms
[2024-08-27T15:00:53.097+0000][info][gc,cpu         ] GC(574) User=0.01s Sys=0.01s Real=0.00s
[2024-08-27T15:00:53.097+0000][info][gc,marking     ] GC(574) Concurrent Cleanup for Next Mark
[2024-08-27T15:00:53.098+0000][info][gc,marking     ] GC(574) Concurrent Cleanup for Next Mark 0.690ms
[2024-08-27T15:00:53.098+0000][info][gc             ] GC(574) Concurrent Mark Cycle 90.193ms
[2024-08-27T15:00:53.122+0000][info][gc,start       ] GC(576) Pause Young (Prepare Mixed) (G1 Evacuation Pause)
[2024-08-27T15:00:53.122+0000][info][gc,task        ] GC(576) Using 24 workers of 68 for evacuation
[2024-08-27T15:00:53.143+0000][info][gc,phases      ] GC(576)   Pre Evacuate Collection Set: 0.2ms
[2024-08-27T15:00:53.143+0000][info][gc,phases      ] GC(576)   Merge Heap Roots: 0.4ms
[2024-08-27T15:00:53.143+0000][info][gc,phases      ] GC(576)   Evacuate Collection Set: 20.4ms
[2024-08-27T15:00:53.143+0000][info][gc,phases      ] GC(576)   Post Evacuate Collection Set: 0.3ms
[2024-08-27T15:00:53.143+0000][info][gc,phases      ] GC(576)   Other: 0.3ms
[2024-08-27T15:00:53.143+0000][info][gc,heap        ] GC(576) Eden regions: 44->0(44)
[2024-08-27T15:00:53.143+0000][info][gc,heap        ] GC(576) Survivor regions: 7->7(7)
[2024-08-27T15:00:53.143+0000][info][gc,heap        ] GC(576) Old regions: 863->910
[2024-08-27T15:00:53.143+0000][info][gc,heap        ] GC(576) Archive regions: 2->2
[2024-08-27T15:00:53.143+0000][info][gc,heap        ] GC(576) Humongous regions: 5->5
[2024-08-27T15:00:53.143+0000][info][gc,metaspace   ] GC(576) Metaspace: 100K(320K)->100K(320K) NonClass: 96K(192K)->96K(192K) Class: 4K(128K)->4K(128K)
[2024-08-27T15:00:53.143+0000][info][gc             ] GC(576) Pause Young (Prepare Mixed) (G1 Evacuation Pause) 919M->922M(1024M) 21.643ms
[2024-08-27T15:00:53.143+0000][info][gc,cpu         ] GC(576) User=0.37s Sys=0.12s Real=0.02s
[2024-08-27T15:00:53.173+0000][info][gc,start       ] GC(577) Pause Young (Mixed) (G1 Preventive Collection)
[2024-08-27T15:00:53.173+0000][info][gc,task        ] GC(577) Using 24 workers of 68 for evacuation
[2024-08-27T15:00:53.185+0000][info][gc,phases      ] GC(577)   Pre Evacuate Collection Set: 0.2ms
[2024-08-27T15:00:53.185+0000][info][gc,phases      ] GC(577)   Merge Heap Roots: 0.3ms
[2024-08-27T15:00:53.185+0000][info][gc,phases      ] GC(577)   Evacuate Collection Set: 10.9ms
[2024-08-27T15:00:53.185+0000][info][gc,phases      ] GC(577)   Post Evacuate Collection Set: 0.4ms
[2024-08-27T15:00:53.185+0000][info][gc,phases      ] GC(577)   Other: 0.2ms
[2024-08-27T15:00:53.185+0000][info][gc,heap        ] GC(577) Eden regions: 44->0(44)
[2024-08-27T15:00:53.185+0000][info][gc,heap        ] GC(577) Survivor regions: 7->7(7)
[2024-08-27T15:00:53.185+0000][info][gc,heap        ] GC(577) Old regions: 910->854
[2024-08-27T15:00:53.185+0000][info][gc,heap        ] GC(577) Archive regions: 2->2
[2024-08-27T15:00:53.185+0000][info][gc,heap        ] GC(577) Humongous regions: 5->5
[2024-08-27T15:00:53.185+0000][info][gc,metaspace   ] GC(577) Metaspace: 100K(320K)->100K(320K) NonClass: 96K(192K)->96K(192K) Class: 4K(128K)->4K(128K)
[2024-08-27T15:00:53.186+0000][info][gc             ] GC(577) Pause Young (Mixed) (G1 Preventive Collection) 966M->866M(1024M) 12.210ms
[2024-08-27T15:00:53.186+0000][info][gc,cpu         ] GC(577) User=0.25s Sys=0.02s Real=0.01s
[2024-08-27T15:00:53.207+0000][info][gc,start       ] GC(578) Pause Young (Mixed) (G1 Evacuation Pause)
[2024-08-27T15:00:53.207+0000][info][gc,task        ] GC(578) Using 24 workers of 68 for evacuation
[2024-08-27T15:00:53.228+0000][info][gc,phases      ] GC(578)   Pre Evacuate Collection Set: 0.2ms
[2024-08-27T15:00:53.228+0000][info][gc,phases      ] GC(578)   Merge Heap Roots: 0.4ms
[2024-08-27T15:00:53.228+0000][info][gc,phases      ] GC(578)   Evacuate Collection Set: 19.5ms
[2024-08-27T15:00:53.228+0000][info][gc,phases      ] GC(578)   Post Evacuate Collection Set: 0.4ms
[2024-08-27T15:00:53.228+0000][info][gc,phases      ] GC(578)   Other: 0.3ms
[2024-08-27T15:00:53.228+0000][info][gc,heap        ] GC(578) Eden regions: 44->0(44)
[2024-08-27T15:00:53.228+0000][info][gc,heap        ] GC(578) Survivor regions: 7->7(7)
[2024-08-27T15:00:53.228+0000][info][gc,heap        ] GC(578) Old regions: 854->797
[2024-08-27T15:00:53.228+0000][info][gc,heap        ] GC(578) Archive regions: 2->2
[2024-08-27T15:00:53.228+0000][info][gc,heap        ] GC(578) Humongous regions: 5->5
[2024-08-27T15:00:53.228+0000][info][gc,metaspace   ] GC(578) Metaspace: 100K(320K)->100K(320K) NonClass: 96K(192K)->96K(192K) Class: 4K(128K)->4K(128K)
[2024-08-27T15:00:53.228+0000][info][gc             ] GC(578) Pause Young (Mixed) (G1 Evacuation Pause) 910M->809M(1024M) 20.846ms
[2024-08-27T15:00:53.228+0000][info][gc,cpu         ] GC(578) User=0.22s Sys=0.26s Real=0.02s
[2024-08-27T15:00:53.248+0000][info][gc,start       ] GC(579) Pause Young (Mixed) (G1 Evacuation Pause)
[2024-08-27T15:00:53.248+0000][info][gc,task        ] GC(579) Using 24 workers of 68 for evacuation
[2024-08-27T15:00:53.266+0000][info][gc,phases      ] GC(579)   Pre Evacuate Collection Set: 0.2ms
[2024-08-27T15:00:53.266+0000][info][gc,phases      ] GC(579)   Merge Heap Roots: 0.4ms
[2024-08-27T15:00:53.266+0000][info][gc,phases      ] GC(579)   Evacuate Collection Set: 16.5ms
[2024-08-27T15:00:53.266+0000][info][gc,phases      ] GC(579)   Post Evacuate Collection Set: 0.4ms
[2024-08-27T15:00:53.266+0000][info][gc,phases      ] GC(579)   Other: 0.3ms
[2024-08-27T15:00:53.266+0000][info][gc,heap        ] GC(579) Eden regions: 44->0(44)
[2024-08-27T15:00:53.266+0000][info][gc,heap        ] GC(579) Survivor regions: 7->7(7)
[2024-08-27T15:00:53.266+0000][info][gc,heap        ] GC(579) Old regions: 797->742
[2024-08-27T15:00:53.266+0000][info][gc,heap        ] GC(579) Archive regions: 2->2
[2024-08-27T15:00:53.266+0000][info][gc,heap        ] GC(579) Humongous regions: 5->5
[2024-08-27T15:00:53.266+0000][info][gc,metaspace   ] GC(579) Metaspace: 100K(320K)->100K(320K) NonClass: 96K(192K)->96K(192K) Class: 4K(128K)->4K(128K)
[2024-08-27T15:00:53.266+0000][info][gc             ] GC(579) Pause Young (Mixed) (G1 Evacuation Pause) 853M->754M(1024M) 17.938ms
[2024-08-27T15:00:53.266+0000][info][gc,cpu         ] GC(579) User=0.21s Sys=0.20s Real=0.02s
[2024-08-27T15:00:53.287+0000][info][gc,start       ] GC(580) Pause Young (Mixed) (G1 Evacuation Pause)
[2024-08-27T15:00:53.287+0000][info][gc,task        ] GC(580) Using 24 workers of 68 for evacuation
[2024-08-27T15:00:53.302+0000][info][gc,phases      ] GC(580)   Pre Evacuate Collection Set: 0.2ms
[2024-08-27T15:00:53.302+0000][info][gc,phases      ] GC(580)   Merge Heap Roots: 0.3ms
[2024-08-27T15:00:53.302+0000][info][gc,phases      ] GC(580)   Evacuate Collection Set: 13.9ms
[2024-08-27T15:00:53.302+0000][info][gc,phases      ] GC(580)   Post Evacuate Collection Set: 0.3ms
[2024-08-27T15:00:53.302+0000][info][gc,phases      ] GC(580)   Other: 0.3ms
[2024-08-27T15:00:53.302+0000][info][gc,heap        ] GC(580) Eden regions: 44->0(44)
[2024-08-27T15:00:53.302+0000][info][gc,heap        ] GC(580) Survivor regions: 7->7(7)
[2024-08-27T15:00:53.302+0000][info][gc,heap        ] GC(580) Old regions: 742->772
[2024-08-27T15:00:53.302+0000][info][gc,heap        ] GC(580) Archive regions: 2->2
[2024-08-27T15:00:53.302+0000][info][gc,heap        ] GC(580) Humongous regions: 5->5
[2024-08-27T15:00:53.302+0000][info][gc,metaspace   ] GC(580) Metaspace: 100K(320K)->100K(320K) NonClass: 96K(192K)->96K(192K) Class: 4K(128K)->4K(128K)
[2024-08-27T15:00:53.302+0000][info][gc             ] GC(580) Pause Young (Mixed) (G1 Evacuation Pause) 798M->784M(1024M) 15.038ms
[2024-08-27T15:00:53.302+0000][info][gc,cpu         ] GC(580) User=0.15s Sys=0.18s Real=0.02s
[2024-08-27T15:00:53.326+0000][info][gc,start       ] GC(581) Pause Young (Concurrent Start) (G1 Evacuation Pause)
[2024-08-27T15:00:53.326+0000][info][gc,task        ] GC(581) Using 24 workers of 68 for evacuation
[2024-08-27T15:00:53.337+0000][info][gc,phases      ] GC(581)   Pre Evacuate Collection Set: 0.2ms
[2024-08-27T15:00:53.338+0000][info][gc,phases      ] GC(581)   Merge Heap Roots: 0.3ms
[2024-08-27T15:00:53.338+0000][info][gc,phases      ] GC(581)   Evacuate Collection Set: 10.4ms
[2024-08-27T15:00:53.338+0000][info][gc,phases      ] GC(581)   Post Evacuate Collection Set: 0.3ms
[2024-08-27T15:00:53.338+0000][info][gc,phases      ] GC(581)   Other: 0.8ms
[2024-08-27T15:00:53.338+0000][info][gc,heap        ] GC(581) Eden regions: 44->0(44)
[2024-08-27T15:00:53.338+0000][info][gc,heap        ] GC(581) Survivor regions: 7->7(7)
[2024-08-27T15:00:53.338+0000][info][gc,heap        ] GC(581) Old regions: 772->818
[2024-08-27T15:00:53.338+0000][info][gc,heap        ] GC(581) Archive regions: 2->2
[2024-08-27T15:00:53.338+0000][info][gc,heap        ] GC(581) Humongous regions: 5->5
[2024-08-27T15:00:53.338+0000][info][gc,metaspace   ] GC(581) Metaspace: 100K(320K)->100K(320K) NonClass: 96K(192K)->96K(192K) Class: 4K(128K)->4K(128K)
[2024-08-27T15:00:53.338+0000][info][gc             ] GC(581) Pause Young (Concurrent Start) (G1 Evacuation Pause) 828M->830M(1024M) 12.105ms
[2024-08-27T15:00:53.338+0000][info][gc,cpu         ] GC(581) User=0.21s Sys=0.04s Real=0.02s
[2024-08-27T15:00:53.338+0000][info][gc             ] GC(582) Concurrent Mark Cycle
[2024-08-27T15:00:53.338+0000][info][gc,marking     ] GC(582) Concurrent Clear Claimed Marks
[2024-08-27T15:00:53.338+0000][info][gc,marking     ] GC(582) Concurrent Clear Claimed Marks 0.010ms
[2024-08-27T15:00:53.338+0000][info][gc,marking     ] GC(582) Concurrent Scan Root Regions
[2024-08-27T15:00:53.339+0000][info][gc,marking     ] GC(582) Concurrent Scan Root Regions 1.469ms
[2024-08-27T15:00:53.339+0000][info][gc,marking     ] GC(582) Concurrent Mark
[2024-08-27T15:00:53.339+0000][info][gc,marking     ] GC(582) Concurrent Mark From Roots
[2024-08-27T15:00:53.339+0000][info][gc,task        ] GC(582) Using 17 workers of 17 for marking
[2024-08-27T15:00:53.361+0000][info][gc,marking     ] GC(582) Concurrent Mark From Roots 21.966ms
[2024-08-27T15:00:53.361+0000][info][gc,marking     ] GC(582) Concurrent Preclean
[2024-08-27T15:00:53.362+0000][info][gc,marking     ] GC(582) Concurrent Preclean 0.514ms
[2024-08-27T15:00:53.362+0000][info][gc,start       ] GC(582) Pause Remark
[2024-08-27T15:00:53.363+0000][info][gc             ] GC(582) Pause Remark 856M->856M(1024M) 1.144ms
[2024-08-27T15:00:53.363+0000][info][gc,cpu         ] GC(582) User=0.01s Sys=0.01s Real=0.00s
[2024-08-27T15:00:53.363+0000][info][gc,marking     ] GC(582) Concurrent Mark 24.010ms
[2024-08-27T15:00:53.363+0000][info][gc,marking     ] GC(582) Concurrent Rebuild Remembered Sets
[2024-08-27T15:00:53.378+0000][info][gc,start       ] GC(583) Pause Young (Normal) (G1 Evacuation Pause)
[2024-08-27T15:00:53.378+0000][info][gc,task        ] GC(583) Using 24 workers of 68 for evacuation
[2024-08-27T15:00:53.388+0000][info][gc,phases      ] GC(583)   Pre Evacuate Collection Set: 0.1ms
[2024-08-27T15:00:53.388+0000][info][gc,phases      ] GC(583)   Merge Heap Roots: 0.4ms
[2024-08-27T15:00:53.388+0000][info][gc,phases      ] GC(583)   Evacuate Collection Set: 8.9ms
[2024-08-27T15:00:53.388+0000][info][gc,phases      ] GC(583)   Post Evacuate Collection Set: 0.4ms
[2024-08-27T15:00:53.388+0000][info][gc,phases      ] GC(583)   Other: 0.2ms
[2024-08-27T15:00:53.388+0000][info][gc,heap        ] GC(583) Eden regions: 44->0(44)
[2024-08-27T15:00:53.388+0000][info][gc,heap        ] GC(583) Survivor regions: 7->7(7)
[2024-08-27T15:00:53.388+0000][info][gc,heap        ] GC(583) Old regions: 818->864
[2024-08-27T15:00:53.388+0000][info][gc,heap        ] GC(583) Archive regions: 2->2
[2024-08-27T15:00:53.388+0000][info][gc,heap        ] GC(583) Humongous regions: 5->5
[2024-08-27T15:00:53.388+0000][info][gc,metaspace   ] GC(583) Metaspace: 100K(320K)->100K(320K) NonClass: 96K(192K)->96K(192K) Class: 4K(128K)->4K(128K)
[2024-08-27T15:00:53.388+0000][info][gc             ] GC(583) Pause Young (Normal) (G1 Evacuation Pause) 874M->876M(1024M) 10.042ms
[2024-08-27T15:00:53.388+0000][info][gc,cpu         ] GC(583) User=0.22s Sys=0.00s Real=0.00s
[2024-08-27T15:00:53.421+0000][info][gc,marking     ] GC(582) Concurrent Rebuild Remembered Sets 57.204ms
[2024-08-27T15:00:53.421+0000][info][gc,start       ] GC(582) Pause Cleanup
[2024-08-27T15:00:53.422+0000][info][gc             ] GC(582) Pause Cleanup 920M->920M(1024M) 1.474ms
[2024-08-27T15:00:53.422+0000][info][gc,cpu         ] GC(582) User=0.01s Sys=0.00s Real=0.00s
[2024-08-27T15:00:53.422+0000][info][gc,marking     ] GC(582) Concurrent Cleanup for Next Mark
[2024-08-27T15:00:53.423+0000][info][gc,start       ] GC(584) Pause Young (Prepare Mixed) (G1 Evacuation Pause)
[2024-08-27T15:00:53.423+0000][info][gc,task        ] GC(584) Using 24 workers of 68 for evacuation
[2024-08-27T15:00:53.437+0000][info][gc,phases      ] GC(584)   Pre Evacuate Collection Set: 0.1ms
[2024-08-27T15:00:53.437+0000][info][gc,phases      ] GC(584)   Merge Heap Roots: 0.4ms
[2024-08-27T15:00:53.437+0000][info][gc,phases      ] GC(584)   Evacuate Collection Set: 13.1ms
[2024-08-27T15:00:53.437+0000][info][gc,phases      ] GC(584)   Post Evacuate Collection Set: 0.3ms
[2024-08-27T15:00:53.437+0000][info][gc,phases      ] GC(584)   Other: 0.1ms
[2024-08-27T15:00:53.437+0000][info][gc,heap        ] GC(584) Eden regions: 44->0(44)
[2024-08-27T15:00:53.437+0000][info][gc,heap        ] GC(584) Survivor regions: 7->7(7)
[2024-08-27T15:00:53.437+0000][info][gc,heap        ] GC(584) Old regions: 864->911
[2024-08-27T15:00:53.437+0000][info][gc,heap        ] GC(584) Archive regions: 2->2
[2024-08-27T15:00:53.437+0000][info][gc,heap        ] GC(584) Humongous regions: 5->5
[2024-08-27T15:00:53.437+0000][info][gc,metaspace   ] GC(584) Metaspace: 100K(320K)->100K(320K) NonClass: 96K(192K)->96K(192K) Class: 4K(128K)->4K(128K)
[2024-08-27T15:00:53.437+0000][info][gc             ] GC(584) Pause Young (Prepare Mixed) (G1 Evacuation Pause) 920M->923M(1024M) 14.174ms
[2024-08-27T15:00:53.437+0000][info][gc,cpu         ] GC(584) User=0.32s Sys=0.00s Real=0.01s
[2024-08-27T15:00:53.437+0000][info][gc,marking     ] GC(582) Concurrent Cleanup for Next Mark 14.959ms
[2024-08-27T15:00:53.437+0000][info][gc             ] GC(582) Concurrent Mark Cycle 99.602ms
[2024-08-27T15:00:53.456+0000][info][gc,start       ] GC(585) Pause Young (Mixed) (G1 Preventive Collection)
[2024-08-27T15:00:53.456+0000][info][gc,task        ] GC(585) Using 24 workers of 68 for evacuation
[2024-08-27T15:00:53.467+0000][info][gc,phases      ] GC(585)   Pre Evacuate Collection Set: 0.2ms
[2024-08-27T15:00:53.467+0000][info][gc,phases      ] GC(585)   Merge Heap Roots: 0.4ms
[2024-08-27T15:00:53.467+0000][info][gc,phases      ] GC(585)   Evacuate Collection Set: 9.9ms
[2024-08-27T15:00:53.467+0000][info][gc,phases      ] GC(585)   Post Evacuate Collection Set: 0.4ms
[2024-08-27T15:00:53.467+0000][info][gc,phases      ] GC(585)   Other: 0.3ms
[2024-08-27T15:00:53.467+0000][info][gc,heap        ] GC(585) Eden regions: 43->0(44)
[2024-08-27T15:00:53.467+0000][info][gc,heap        ] GC(585) Survivor regions: 7->7(7)
[2024-08-27T15:00:53.467+0000][info][gc,heap        ] GC(585) Old regions: 911->854
[2024-08-27T15:00:53.467+0000][info][gc,heap        ] GC(585) Archive regions: 2->2
[2024-08-27T15:00:53.467+0000][info][gc,heap        ] GC(585) Humongous regions: 5->5
[2024-08-27T15:00:53.467+0000][info][gc,metaspace   ] GC(585) Metaspace: 100K(320K)->100K(320K) NonClass: 96K(192K)->96K(192K) Class: 4K(128K)->4K(128K)
[2024-08-27T15:00:53.467+0000][info][gc             ] GC(585) Pause Young (Mixed) (G1 Preventive Collection) 966M->866M(1024M) 11.141ms
[2024-08-27T15:00:53.468+0000][info][gc,cpu         ] GC(585) User=0.24s Sys=0.00s Real=0.01s
[2024-08-27T15:00:53.486+0000][info][gc,start       ] GC(586) Pause Young (Mixed) (G1 Evacuation Pause)
[2024-08-27T15:00:53.486+0000][info][gc,task        ] GC(586) Using 24 workers of 68 for evacuation
[2024-08-27T15:00:53.498+0000][info][gc,phases      ] GC(586)   Pre Evacuate Collection Set: 0.2ms
[2024-08-27T15:00:53.498+0000][info][gc,phases      ] GC(586)   Merge Heap Roots: 0.4ms
[2024-08-27T15:00:53.498+0000][info][gc,phases      ] GC(586)   Evacuate Collection Set: 10.7ms
[2024-08-27T15:00:53.498+0000][info][gc,phases      ] GC(586)   Post Evacuate Collection Set: 0.4ms
[2024-08-27T15:00:53.498+0000][info][gc,phases      ] GC(586)   Other: 0.2ms
[2024-08-27T15:00:53.498+0000][info][gc,heap        ] GC(586) Eden regions: 44->0(44)
[2024-08-27T15:00:53.498+0000][info][gc,heap        ] GC(586) Survivor regions: 7->7(7)
[2024-08-27T15:00:53.498+0000][info][gc,heap        ] GC(586) Old regions: 854->797
[2024-08-27T15:00:53.498+0000][info][gc,heap        ] GC(586) Archive regions: 2->2
[2024-08-27T15:00:53.498+0000][info][gc,heap        ] GC(586) Humongous regions: 5->5
[2024-08-27T15:00:53.498+0000][info][gc,metaspace   ] GC(586) Metaspace: 100K(320K)->100K(320K) NonClass: 96K(192K)->96K(192K) Class: 4K(128K)->4K(128K)
[2024-08-27T15:00:53.498+0000][info][gc             ] GC(586) Pause Young (Mixed) (G1 Evacuation Pause) 910M->809M(1024M) 11.950ms
[2024-08-27T15:00:53.498+0000][info][gc,cpu         ] GC(586) User=0.26s Sys=0.01s Real=0.02s
[2024-08-27T15:00:53.517+0000][info][gc,start       ] GC(587) Pause Young (Mixed) (G1 Evacuation Pause)
[2024-08-27T15:00:53.517+0000][info][gc,task        ] GC(587) Using 24 workers of 68 for evacuation
[2024-08-27T15:00:53.528+0000][info][gc,phases      ] GC(587)   Pre Evacuate Collection Set: 0.2ms
[2024-08-27T15:00:53.528+0000][info][gc,phases      ] GC(587)   Merge Heap Roots: 0.4ms
[2024-08-27T15:00:53.528+0000][info][gc,phases      ] GC(587)   Evacuate Collection Set: 10.4ms
[2024-08-27T15:00:53.528+0000][info][gc,phases      ] GC(587)   Post Evacuate Collection Set: 0.4ms
[2024-08-27T15:00:53.528+0000][info][gc,phases      ] GC(587)   Other: 0.3ms
[2024-08-27T15:00:53.528+0000][info][gc,heap        ] GC(587) Eden regions: 44->0(44)
[2024-08-27T15:00:53.528+0000][info][gc,heap        ] GC(587) Survivor regions: 7->7(7)
[2024-08-27T15:00:53.528+0000][info][gc,heap        ] GC(587) Old regions: 797->742
[2024-08-27T15:00:53.528+0000][info][gc,heap        ] GC(587) Archive regions: 2->2
[2024-08-27T15:00:53.528+0000][info][gc,heap        ] GC(587) Humongous regions: 5->5
[2024-08-27T15:00:53.528+0000][info][gc,metaspace   ] GC(587) Metaspace: 100K(320K)->100K(320K) NonClass: 96K(192K)->96K(192K) Class: 4K(128K)->4K(128K)
[2024-08-27T15:00:53.528+0000][info][gc             ] GC(587) Pause Young (Mixed) (G1 Evacuation Pause) 853M->754M(1024M) 11.795ms
[2024-08-27T15:00:53.528+0000][info][gc,cpu         ] GC(587) User=0.25s Sys=0.00s Real=0.01s
[2024-08-27T15:00:53.547+0000][info][gc,start       ] GC(588) Pause Young (Mixed) (G1 Evacuation Pause)
[2024-08-27T15:00:53.547+0000][info][gc,task        ] GC(588) Using 24 workers of 68 for evacuation
[2024-08-27T15:00:53.558+0000][info][gc,phases      ] GC(588)   Pre Evacuate Collection Set: 0.2ms
[2024-08-27T15:00:53.558+0000][info][gc,phases      ] GC(588)   Merge Heap Roots: 0.3ms
[2024-08-27T15:00:53.558+0000][info][gc,phases      ] GC(588)   Evacuate Collection Set: 10.4ms
[2024-08-27T15:00:53.558+0000][info][gc,phases      ] GC(588)   Post Evacuate Collection Set: 0.3ms
[2024-08-27T15:00:53.558+0000][info][gc,phases      ] GC(588)   Other: 0.3ms
[2024-08-27T15:00:53.558+0000][info][gc,heap        ] GC(588) Eden regions: 44->0(44)
[2024-08-27T15:00:53.558+0000][info][gc,heap        ] GC(588) Survivor regions: 7->7(7)
[2024-08-27T15:00:53.558+0000][info][gc,heap        ] GC(588) Old regions: 742->770
[2024-08-27T15:00:53.558+0000][info][gc,heap        ] GC(588) Archive regions: 2->2
[2024-08-27T15:00:53.558+0000][info][gc,heap        ] GC(588) Humongous regions: 5->5
[2024-08-27T15:00:53.558+0000][info][gc,metaspace   ] GC(588) Metaspace: 100K(320K)->100K(320K) NonClass: 96K(192K)->96K(192K) Class: 4K(128K)->4K(128K)
[2024-08-27T15:00:53.558+0000][info][gc             ] GC(588) Pause Young (Mixed) (G1 Evacuation Pause) 798M->782M(1024M) 11.545ms
[2024-08-27T15:00:53.558+0000][info][gc,cpu         ] GC(588) User=0.25s Sys=0.01s Real=0.02s
[2024-08-27T15:00:53.577+0000][info][gc,start       ] GC(589) Pause Young (Concurrent Start) (G1 Evacuation Pause)
[2024-08-27T15:00:53.577+0000][info][gc,task        ] GC(589) Using 24 workers of 68 for evacuation
[2024-08-27T15:00:53.588+0000][info][gc,phases      ] GC(589)   Pre Evacuate Collection Set: 0.2ms
[2024-08-27T15:00:53.588+0000][info][gc,phases      ] GC(589)   Merge Heap Roots: 0.3ms
[2024-08-27T15:00:53.588+0000][info][gc,phases      ] GC(589)   Evacuate Collection Set: 9.6ms
[2024-08-27T15:00:53.588+0000][info][gc,phases      ] GC(589)   Post Evacuate Collection Set: 0.3ms
[2024-08-27T15:00:53.588+0000][info][gc,phases      ] GC(589)   Other: 0.7ms
[2024-08-27T15:00:53.588+0000][info][gc,heap        ] GC(589) Eden regions: 44->0(44)
[2024-08-27T15:00:53.588+0000][info][gc,heap        ] GC(589) Survivor regions: 7->7(7)
[2024-08-27T15:00:53.588+0000][info][gc,heap        ] GC(589) Old regions: 770->818
[2024-08-27T15:00:53.588+0000][info][gc,heap        ] GC(589) Archive regions: 2->2
[2024-08-27T15:00:53.588+0000][info][gc,heap        ] GC(589) Humongous regions: 5->5
[2024-08-27T15:00:53.588+0000][info][gc,metaspace   ] GC(589) Metaspace: 100K(320K)->100K(320K) NonClass: 96K(192K)->96K(192K) Class: 4K(128K)->4K(128K)
[2024-08-27T15:00:53.588+0000][info][gc             ] GC(589) Pause Young (Concurrent Start) (G1 Evacuation Pause) 826M->830M(1024M) 11.231ms
[2024-08-27T15:00:53.588+0000][info][gc,cpu         ] GC(589) User=0.23s Sys=0.00s Real=0.01s
[2024-08-27T15:00:53.588+0000][info][gc             ] GC(590) Concurrent Mark Cycle
[2024-08-27T15:00:53.588+0000][info][gc,marking     ] GC(590) Concurrent Clear Claimed Marks
[2024-08-27T15:00:53.588+0000][info][gc,marking     ] GC(590) Concurrent Clear Claimed Marks 0.014ms
[2024-08-27T15:00:53.588+0000][info][gc,marking     ] GC(590) Concurrent Scan Root Regions
[2024-08-27T15:00:53.589+0000][info][gc,marking     ] GC(590) Concurrent Scan Root Regions 1.456ms
[2024-08-27T15:00:53.589+0000][info][gc,marking     ] GC(590) Concurrent Mark
[2024-08-27T15:00:53.589+0000][info][gc,marking     ] GC(590) Concurrent Mark From Roots
[2024-08-27T15:00:53.590+0000][info][gc,task        ] GC(590) Using 17 workers of 17 for marking
[2024-08-27T15:00:53.610+0000][info][gc,marking     ] GC(590) Concurrent Mark From Roots 20.833ms
[2024-08-27T15:00:53.610+0000][info][gc,marking     ] GC(590) Concurrent Preclean
[2024-08-27T15:00:53.611+0000][info][gc,marking     ] GC(590) Concurrent Preclean 0.499ms
[2024-08-27T15:00:53.611+0000][info][gc,start       ] GC(590) Pause Remark
[2024-08-27T15:00:53.612+0000][info][gc             ] GC(590) Pause Remark 859M->859M(1024M) 1.142ms
[2024-08-27T15:00:53.612+0000][info][gc,cpu         ] GC(590) User=0.00s Sys=0.00s Real=0.00s
[2024-08-27T15:00:53.612+0000][info][gc,marking     ] GC(590) Concurrent Mark 22.839ms
[2024-08-27T15:00:53.612+0000][info][gc,marking     ] GC(590) Concurrent Rebuild Remembered Sets
[2024-08-27T15:00:53.624+0000][info][gc,start       ] GC(591) Pause Young (Normal) (G1 Evacuation Pause)
[2024-08-27T15:00:53.624+0000][info][gc,task        ] GC(591) Using 24 workers of 68 for evacuation
[2024-08-27T15:00:53.634+0000][info][gc,phases      ] GC(591)   Pre Evacuate Collection Set: 0.1ms
[2024-08-27T15:00:53.634+0000][info][gc,phases      ] GC(591)   Merge Heap Roots: 0.3ms
[2024-08-27T15:00:53.634+0000][info][gc,phases      ] GC(591)   Evacuate Collection Set: 8.9ms
[2024-08-27T15:00:53.634+0000][info][gc,phases      ] GC(591)   Post Evacuate Collection Set: 0.4ms
[2024-08-27T15:00:53.634+0000][info][gc,phases      ] GC(591)   Other: 0.2ms
[2024-08-27T15:00:53.634+0000][info][gc,heap        ] GC(591) Eden regions: 44->0(44)
[2024-08-27T15:00:53.634+0000][info][gc,heap        ] GC(591) Survivor regions: 7->7(7)
[2024-08-27T15:00:53.634+0000][info][gc,heap        ] GC(591) Old regions: 818->865
[2024-08-27T15:00:53.634+0000][info][gc,heap        ] GC(591) Archive regions: 2->2
[2024-08-27T15:00:53.634+0000][info][gc,heap        ] GC(591) Humongous regions: 5->5
[2024-08-27T15:00:53.634+0000][info][gc,metaspace   ] GC(591) Metaspace: 100K(320K)->100K(320K) NonClass: 96K(192K)->96K(192K) Class: 4K(128K)->4K(128K)
[2024-08-27T15:00:53.634+0000][info][gc             ] GC(591) Pause Young (Normal) (G1 Evacuation Pause) 874M->877M(1024M) 10.073ms
[2024-08-27T15:00:53.634+0000][info][gc,cpu         ] GC(591) User=0.22s Sys=0.01s Real=0.01s
[2024-08-27T15:00:53.669+0000][info][gc,marking     ] GC(590) Concurrent Rebuild Remembered Sets 57.087ms
[2024-08-27T15:00:53.670+0000][info][gc,start       ] GC(590) Pause Cleanup
[2024-08-27T15:00:53.671+0000][info][gc             ] GC(590) Pause Cleanup 921M->921M(1024M) 1.501ms
[2024-08-27T15:00:53.671+0000][info][gc,cpu         ] GC(590) User=0.01s Sys=0.00s Real=0.00s
[2024-08-27T15:00:53.671+0000][info][gc,marking     ] GC(590) Concurrent Cleanup for Next Mark
[2024-08-27T15:00:53.672+0000][info][gc,start       ] GC(592) Pause Young (Prepare Mixed) (G1 Evacuation Pause)
[2024-08-27T15:00:53.672+0000][info][gc,task        ] GC(592) Using 24 workers of 68 for evacuation
[2024-08-27T15:00:53.686+0000][info][gc,phases      ] GC(592)   Pre Evacuate Collection Set: 0.1ms
[2024-08-27T15:00:53.686+0000][info][gc,phases      ] GC(592)   Merge Heap Roots: 0.4ms
[2024-08-27T15:00:53.686+0000][info][gc,phases      ] GC(592)   Evacuate Collection Set: 13.6ms
[2024-08-27T15:00:53.686+0000][info][gc,phases      ] GC(592)   Post Evacuate Collection Set: 0.3ms
[2024-08-27T15:00:53.686+0000][info][gc,phases      ] GC(592)   Other: 0.2ms
[2024-08-27T15:00:53.686+0000][info][gc,heap        ] GC(592) Eden regions: 44->0(44)
[2024-08-27T15:00:53.686+0000][info][gc,heap        ] GC(592) Survivor regions: 7->7(7)
[2024-08-27T15:00:53.686+0000][info][gc,heap        ] GC(592) Old regions: 865->912
[2024-08-27T15:00:53.686+0000][info][gc,heap        ] GC(592) Archive regions: 2->2
[2024-08-27T15:00:53.686+0000][info][gc,heap        ] GC(592) Humongous regions: 5->5
[2024-08-27T15:00:53.686+0000][info][gc,metaspace   ] GC(592) Metaspace: 100K(320K)->100K(320K) NonClass: 96K(192K)->96K(192K) Class: 4K(128K)->4K(128K)
[2024-08-27T15:00:53.686+0000][info][gc             ] GC(592) Pause Young (Prepare Mixed) (G1 Evacuation Pause) 921M->924M(1024M) 14.800ms
[2024-08-27T15:00:53.686+0000][info][gc,cpu         ] GC(592) User=0.33s Sys=0.00s Real=0.01s
[2024-08-27T15:00:53.687+0000][info][gc,marking     ] GC(590) Concurrent Cleanup for Next Mark 15.623ms
[2024-08-27T15:00:53.687+0000][info][gc             ] GC(590) Concurrent Mark Cycle 99.071ms
[2024-08-27T15:00:53.708+0000][info][gc,start       ] GC(593) Pause Young (Mixed) (G1 Preventive Collection)
[2024-08-27T15:00:53.708+0000][info][gc,task        ] GC(593) Using 24 workers of 68 for evacuation
[2024-08-27T15:00:53.721+0000][info][gc,phases      ] GC(593)   Pre Evacuate Collection Set: 0.2ms
[2024-08-27T15:00:53.721+0000][info][gc,phases      ] GC(593)   Merge Heap Roots: 0.4ms
[2024-08-27T15:00:53.721+0000][info][gc,phases      ] GC(593)   Evacuate Collection Set: 11.3ms
[2024-08-27T15:00:53.721+0000][info][gc,phases      ] GC(593)   Post Evacuate Collection Set: 0.4ms
[2024-08-27T15:00:53.721+0000][info][gc,phases      ] GC(593)   Other: 0.2ms
[2024-08-27T15:00:53.721+0000][info][gc,heap        ] GC(593) Eden regions: 43->0(44)
[2024-08-27T15:00:53.721+0000][info][gc,heap        ] GC(593) Survivor regions: 7->7(7)
[2024-08-27T15:00:53.721+0000][info][gc,heap        ] GC(593) Old regions: 912->854
[2024-08-27T15:00:53.721+0000][info][gc,heap        ] GC(593) Archive regions: 2->2
[2024-08-27T15:00:53.721+0000][info][gc,heap        ] GC(593) Humongous regions: 5->5
[2024-08-27T15:00:53.721+0000][info][gc,metaspace   ] GC(593) Metaspace: 100K(320K)->100K(320K) NonClass: 96K(192K)->96K(192K) Class: 4K(128K)->4K(128K)
[2024-08-27T15:00:53.721+0000][info][gc             ] GC(593) Pause Young (Mixed) (G1 Preventive Collection) 967M->866M(1024M) 12.566ms
[2024-08-27T15:00:53.721+0000][info][gc,cpu         ] GC(593) User=0.28s Sys=0.00s Real=0.02s
[2024-08-27T15:00:53.739+0000][info][gc,start       ] GC(594) Pause Young (Mixed) (G1 Evacuation Pause)
[2024-08-27T15:00:53.739+0000][info][gc,task        ] GC(594) Using 24 workers of 68 for evacuation
[2024-08-27T15:00:53.751+0000][info][gc,phases      ] GC(594)   Pre Evacuate Collection Set: 0.2ms
[2024-08-27T15:00:53.751+0000][info][gc,phases      ] GC(594)   Merge Heap Roots: 0.4ms
[2024-08-27T15:00:53.751+0000][info][gc,phases      ] GC(594)   Evacuate Collection Set: 10.7ms
[2024-08-27T15:00:53.751+0000][info][gc,phases      ] GC(594)   Post Evacuate Collection Set: 0.4ms
[2024-08-27T15:00:53.751+0000][info][gc,phases      ] GC(594)   Other: 0.3ms
[2024-08-27T15:00:53.751+0000][info][gc,heap        ] GC(594) Eden regions: 44->0(44)
[2024-08-27T15:00:53.751+0000][info][gc,heap        ] GC(594) Survivor regions: 7->7(7)
[2024-08-27T15:00:53.751+0000][info][gc,heap        ] GC(594) Old regions: 854->797
[2024-08-27T15:00:53.751+0000][info][gc,heap        ] GC(594) Archive regions: 2->2
[2024-08-27T15:00:53.751+0000][info][gc,heap        ] GC(594) Humongous regions: 5->5
[2024-08-27T15:00:53.751+0000][info][gc,metaspace   ] GC(594) Metaspace: 100K(320K)->100K(320K) NonClass: 96K(192K)->96K(192K) Class: 4K(128K)->4K(128K)
[2024-08-27T15:00:53.751+0000][info][gc             ] GC(594) Pause Young (Mixed) (G1 Evacuation Pause) 910M->809M(1024M) 12.097ms
[2024-08-27T15:00:53.751+0000][info][gc,cpu         ] GC(594) User=0.27s Sys=0.00s Real=0.01s
[2024-08-27T15:00:53.770+0000][info][gc,start       ] GC(595) Pause Young (Mixed) (G1 Evacuation Pause)
[2024-08-27T15:00:53.770+0000][info][gc,task        ] GC(595) Using 24 workers of 68 for evacuation
[2024-08-27T15:00:53.781+0000][info][gc,phases      ] GC(595)   Pre Evacuate Collection Set: 0.2ms
[2024-08-27T15:00:53.781+0000][info][gc,phases      ] GC(595)   Merge Heap Roots: 0.4ms
[2024-08-27T15:00:53.781+0000][info][gc,phases      ] GC(595)   Evacuate Collection Set: 10.4ms
[2024-08-27T15:00:53.781+0000][info][gc,phases      ] GC(595)   Post Evacuate Collection Set: 0.4ms
[2024-08-27T15:00:53.781+0000][info][gc,phases      ] GC(595)   Other: 0.3ms
[2024-08-27T15:00:53.781+0000][info][gc,heap        ] GC(595) Eden regions: 44->0(44)
[2024-08-27T15:00:53.782+0000][info][gc,heap        ] GC(595) Survivor regions: 7->7(7)
[2024-08-27T15:00:53.782+0000][info][gc,heap        ] GC(595) Old regions: 797->742
[2024-08-27T15:00:53.782+0000][info][gc,heap        ] GC(595) Archive regions: 2->2
[2024-08-27T15:00:53.782+0000][info][gc,heap        ] GC(595) Humongous regions: 5->5
[2024-08-27T15:00:53.782+0000][info][gc,metaspace   ] GC(595) Metaspace: 100K(320K)->100K(320K) NonClass: 96K(192K)->96K(192K) Class: 4K(128K)->4K(128K)
[2024-08-27T15:00:53.782+0000][info][gc             ] GC(595) Pause Young (Mixed) (G1 Evacuation Pause) 853M->754M(1024M) 11.727ms
[2024-08-27T15:00:53.782+0000][info][gc,cpu         ] GC(595) User=0.25s Sys=0.00s Real=0.01s
[2024-08-27T15:00:53.800+0000][info][gc,start       ] GC(596) Pause Young (Mixed) (G1 Evacuation Pause)
[2024-08-27T15:00:53.800+0000][info][gc,task        ] GC(596) Using 24 workers of 68 for evacuation
[2024-08-27T15:00:53.812+0000][info][gc,phases      ] GC(596)   Pre Evacuate Collection Set: 0.2ms
[2024-08-27T15:00:53.812+0000][info][gc,phases      ] GC(596)   Merge Heap Roots: 0.3ms
[2024-08-27T15:00:53.812+0000][info][gc,phases      ] GC(596)   Evacuate Collection Set: 10.6ms
[2024-08-27T15:00:53.812+0000][info][gc,phases      ] GC(596)   Post Evacuate Collection Set: 0.3ms
[2024-08-27T15:00:53.812+0000][info][gc,phases      ] GC(596)   Other: 0.2ms
[2024-08-27T15:00:53.812+0000][info][gc,heap        ] GC(596) Eden regions: 44->0(44)
[2024-08-27T15:00:53.812+0000][info][gc,heap        ] GC(596) Survivor regions: 7->7(7)
[2024-08-27T15:00:53.812+0000][info][gc,heap        ] GC(596) Old regions: 742->771
[2024-08-27T15:00:53.812+0000][info][gc,heap        ] GC(596) Archive regions: 2->2
[2024-08-27T15:00:53.812+0000][info][gc,heap        ] GC(596) Humongous regions: 5->5
[2024-08-27T15:00:53.812+0000][info][gc,metaspace   ] GC(596) Metaspace: 100K(320K)->100K(320K) NonClass: 96K(192K)->96K(192K) Class: 4K(128K)->4K(128K)
[2024-08-27T15:00:53.812+0000][info][gc             ] GC(596) Pause Young (Mixed) (G1 Evacuation Pause) 798M->783M(1024M) 11.682ms
[2024-08-27T15:00:53.812+0000][info][gc,cpu         ] GC(596) User=0.26s Sys=0.00s Real=0.01s
[2024-08-27T15:00:53.830+0000][info][gc,start       ] GC(597) Pause Young (Concurrent Start) (G1 Evacuation Pause)
[2024-08-27T15:00:53.830+0000][info][gc,task        ] GC(597) Using 24 workers of 68 for evacuation
[2024-08-27T15:00:53.842+0000][info][gc,phases      ] GC(597)   Pre Evacuate Collection Set: 0.2ms
[2024-08-27T15:00:53.842+0000][info][gc,phases      ] GC(597)   Merge Heap Roots: 0.3ms
[2024-08-27T15:00:53.842+0000][info][gc,phases      ] GC(597)   Evacuate Collection Set: 9.9ms
[2024-08-27T15:00:53.842+0000][info][gc,phases      ] GC(597)   Post Evacuate Collection Set: 0.3ms
[2024-08-27T15:00:53.842+0000][info][gc,phases      ] GC(597)   Other: 0.7ms
[2024-08-27T15:00:53.842+0000][info][gc,heap        ] GC(597) Eden regions: 44->0(44)
[2024-08-27T15:00:53.842+0000][info][gc,heap        ] GC(597) Survivor regions: 7->7(7)
[2024-08-27T15:00:53.842+0000][info][gc,heap        ] GC(597) Old regions: 771->818
[2024-08-27T15:00:53.842+0000][info][gc,heap        ] GC(597) Archive regions: 2->2
[2024-08-27T15:00:53.842+0000][info][gc,heap        ] GC(597) Humongous regions: 5->5
[2024-08-27T15:00:53.842+0000][info][gc,metaspace   ] GC(597) Metaspace: 100K(320K)->100K(320K) NonClass: 96K(192K)->96K(192K) Class: 4K(128K)->4K(128K)
[2024-08-27T15:00:53.842+0000][info][gc             ] GC(597) Pause Young (Concurrent Start) (G1 Evacuation Pause) 827M->830M(1024M) 11.476ms
[2024-08-27T15:00:53.842+0000][info][gc,cpu         ] GC(597) User=0.24s Sys=0.01s Real=0.01s
[2024-08-27T15:00:53.842+0000][info][gc             ] GC(598) Concurrent Mark Cycle
[2024-08-27T15:00:53.842+0000][info][gc,marking     ] GC(598) Concurrent Clear Claimed Marks
[2024-08-27T15:00:53.842+0000][info][gc,marking     ] GC(598) Concurrent Clear Claimed Marks 0.015ms
[2024-08-27T15:00:53.842+0000][info][gc,marking     ] GC(598) Concurrent Scan Root Regions
[2024-08-27T15:00:53.844+0000][info][gc,marking     ] GC(598) Concurrent Scan Root Regions 1.535ms
[2024-08-27T15:00:53.844+0000][info][gc,marking     ] GC(598) Concurrent Mark
[2024-08-27T15:00:53.844+0000][info][gc,marking     ] GC(598) Concurrent Mark From Roots
[2024-08-27T15:00:53.844+0000][info][gc,task        ] GC(598) Using 17 workers of 17 for marking
[2024-08-27T15:00:53.865+0000][info][gc,marking     ] GC(598) Concurrent Mark From Roots 20.894ms
[2024-08-27T15:00:53.865+0000][info][gc,marking     ] GC(598) Concurrent Preclean
[2024-08-27T15:00:53.865+0000][info][gc,marking     ] GC(598) Concurrent Preclean 0.500ms
[2024-08-27T15:00:53.865+0000][info][gc,start       ] GC(598) Pause Remark
[2024-08-27T15:00:53.867+0000][info][gc             ] GC(598) Pause Remark 859M->859M(1024M) 1.128ms
[2024-08-27T15:00:53.867+0000][info][gc,cpu         ] GC(598) User=0.00s Sys=0.01s Real=0.00s
[2024-08-27T15:00:53.867+0000][info][gc,marking     ] GC(598) Concurrent Mark 22.879ms
[2024-08-27T15:00:53.867+0000][info][gc,marking     ] GC(598) Concurrent Rebuild Remembered Sets
[2024-08-27T15:00:53.879+0000][info][gc,start       ] GC(599) Pause Young (Normal) (G1 Evacuation Pause)
[2024-08-27T15:00:53.879+0000][info][gc,task        ] GC(599) Using 24 workers of 68 for evacuation
[2024-08-27T15:00:53.890+0000][info][gc,phases      ] GC(599)   Pre Evacuate Collection Set: 0.1ms
[2024-08-27T15:00:53.890+0000][info][gc,phases      ] GC(599)   Merge Heap Roots: 0.3ms
[2024-08-27T15:00:53.890+0000][info][gc,phases      ] GC(599)   Evacuate Collection Set: 9.2ms
[2024-08-27T15:00:53.890+0000][info][gc,phases      ] GC(599)   Post Evacuate Collection Set: 0.4ms
[2024-08-27T15:00:53.890+0000][info][gc,phases      ] GC(599)   Other: 0.2ms
[2024-08-27T15:00:53.890+0000][info][gc,heap        ] GC(599) Eden regions: 44->0(44)
[2024-08-27T15:00:53.890+0000][info][gc,heap        ] GC(599) Survivor regions: 7->7(7)
[2024-08-27T15:00:53.890+0000][info][gc,heap        ] GC(599) Old regions: 818->865
[2024-08-27T15:00:53.890+0000][info][gc,heap        ] GC(599) Archive regions: 2->2
[2024-08-27T15:00:53.890+0000][info][gc,heap        ] GC(599) Humongous regions: 5->5
[2024-08-27T15:00:53.890+0000][info][gc,metaspace   ] GC(599) Metaspace: 100K(320K)->100K(320K) NonClass: 96K(192K)->96K(192K) Class: 4K(128K)->4K(128K)
[2024-08-27T15:00:53.890+0000][info][gc             ] GC(599) Pause Young (Normal) (G1 Evacuation Pause) 874M->877M(1024M) 10.292ms
[2024-08-27T15:00:53.890+0000][info][gc,cpu         ] GC(599) User=0.22s Sys=0.01s Real=0.01s
[2024-08-27T15:00:53.922+0000][info][gc,start       ] GC(600) Pause Young (Normal) (G1 Evacuation Pause)
[2024-08-27T15:00:53.923+0000][info][gc,task        ] GC(600) Using 24 workers of 68 for evacuation
[2024-08-27T15:00:53.937+0000][info][gc,phases      ] GC(600)   Pre Evacuate Collection Set: 0.1ms
[2024-08-27T15:00:53.937+0000][info][gc,phases      ] GC(600)   Merge Heap Roots: 0.4ms
[2024-08-27T15:00:53.937+0000][info][gc,phases      ] GC(600)   Evacuate Collection Set: 13.5ms
[2024-08-27T15:00:53.937+0000][info][gc,phases      ] GC(600)   Post Evacuate Collection Set: 0.5ms
[2024-08-27T15:00:53.937+0000][info][gc,phases      ] GC(600)   Other: 0.2ms
[2024-08-27T15:00:53.937+0000][info][gc,heap        ] GC(600) Eden regions: 44->0(44)
[2024-08-27T15:00:53.937+0000][info][gc,heap        ] GC(600) Survivor regions: 7->7(7)
[2024-08-27T15:00:53.937+0000][info][gc,heap        ] GC(600) Old regions: 865->912
[2024-08-27T15:00:53.937+0000][info][gc,heap        ] GC(600) Archive regions: 2->2
[2024-08-27T15:00:53.937+0000][info][gc,heap        ] GC(600) Humongous regions: 5->5
[2024-08-27T15:00:53.937+0000][info][gc,metaspace   ] GC(600) Metaspace: 100K(320K)->100K(320K) NonClass: 96K(192K)->96K(192K) Class: 4K(128K)->4K(128K)
[2024-08-27T15:00:53.937+0000][info][gc             ] GC(600) Pause Young (Normal) (G1 Evacuation Pause) 921M->924M(1024M) 14.852ms
[2024-08-27T15:00:53.937+0000][info][gc,cpu         ] GC(600) User=0.33s Sys=0.00s Real=0.01s
[2024-08-27T15:00:53.940+0000][info][gc,marking     ] GC(598) Concurrent Rebuild Remembered Sets 73.277ms
[2024-08-27T15:00:53.940+0000][info][gc,start       ] GC(598) Pause Cleanup
[2024-08-27T15:00:53.942+0000][info][gc             ] GC(598) Pause Cleanup 928M->928M(1024M) 1.955ms
[2024-08-27T15:00:53.942+0000][info][gc,cpu         ] GC(598) User=0.00s Sys=0.00s Real=0.00s
[2024-08-27T15:00:53.942+0000][info][gc,marking     ] GC(598) Concurrent Cleanup for Next Mark
[2024-08-27T15:00:53.943+0000][info][gc,marking     ] GC(598) Concurrent Cleanup for Next Mark 0.592ms
[2024-08-27T15:00:53.943+0000][info][gc             ] GC(598) Concurrent Mark Cycle 100.711ms
[2024-08-27T15:00:53.961+0000][info][gc,start       ] GC(601) Pause Young (Prepare Mixed) (G1 Preventive Collection)
[2024-08-27T15:00:53.961+0000][info][gc,task        ] GC(601) Using 24 workers of 68 for evacuation
[2024-08-27T15:00:53.977+0000][info][gc,phases      ] GC(601)   Pre Evacuate Collection Set: 0.2ms
[2024-08-27T15:00:53.977+0000][info][gc,phases      ] GC(601)   Merge Heap Roots: 0.5ms
[2024-08-27T15:00:53.977+0000][info][gc,phases      ] GC(601)   Evacuate Collection Set: 14.1ms
[2024-08-27T15:00:53.977+0000][info][gc,phases      ] GC(601)   Post Evacuate Collection Set: 0.3ms
[2024-08-27T15:00:53.977+0000][info][gc,phases      ] GC(601)   Other: 0.3ms
[2024-08-27T15:00:53.977+0000][info][gc,heap        ] GC(601) Eden regions: 43->0(44)
[2024-08-27T15:00:53.977+0000][info][gc,heap        ] GC(601) Survivor regions: 7->7(7)
[2024-08-27T15:00:53.977+0000][info][gc,heap        ] GC(601) Old regions: 912->957
[2024-08-27T15:00:53.977+0000][info][gc,heap        ] GC(601) Archive regions: 2->2
[2024-08-27T15:00:53.977+0000][info][gc,heap        ] GC(601) Humongous regions: 5->5
[2024-08-27T15:00:53.977+0000][info][gc,metaspace   ] GC(601) Metaspace: 100K(320K)->100K(320K) NonClass: 96K(192K)->96K(192K) Class: 4K(128K)->4K(128K)
[2024-08-27T15:00:53.977+0000][info][gc             ] GC(601) Pause Young (Prepare Mixed) (G1 Preventive Collection) 967M->969M(1024M) 15.452ms
[2024-08-27T15:00:53.977+0000][info][gc,cpu         ] GC(601) User=0.35s Sys=0.01s Real=0.01s
[2024-08-27T15:00:53.986+0000][info][gc,start       ] GC(602) Pause Young (Mixed) (G1 Preventive Collection)
[2024-08-27T15:00:53.986+0000][info][gc,task        ] GC(602) Using 24 workers of 68 for evacuation
[2024-08-27T15:00:53.994+0000][info][gc,phases      ] GC(602)   Pre Evacuate Collection Set: 0.2ms
[2024-08-27T15:00:53.994+0000][info][gc,phases      ] GC(602)   Merge Heap Roots: 0.3ms
[2024-08-27T15:00:53.994+0000][info][gc,phases      ] GC(602)   Evacuate Collection Set: 6.4ms
[2024-08-27T15:00:53.994+0000][info][gc,phases      ] GC(602)   Post Evacuate Collection Set: 0.4ms
[2024-08-27T15:00:53.994+0000][info][gc,phases      ] GC(602)   Other: 0.2ms
[2024-08-27T15:00:53.994+0000][info][gc,heap        ] GC(602) Eden regions: 21->0(44)
[2024-08-27T15:00:53.994+0000][info][gc,heap        ] GC(602) Survivor regions: 7->7(7)
[2024-08-27T15:00:53.994+0000][info][gc,heap        ] GC(602) Old regions: 957->878
[2024-08-27T15:00:53.994+0000][info][gc,heap        ] GC(602) Archive regions: 2->2
[2024-08-27T15:00:53.994+0000][info][gc,heap        ] GC(602) Humongous regions: 5->5
[2024-08-27T15:00:53.994+0000][info][gc,metaspace   ] GC(602) Metaspace: 100K(320K)->100K(320K) NonClass: 96K(192K)->96K(192K) Class: 4K(128K)->4K(128K)
[2024-08-27T15:00:53.994+0000][info][gc             ] GC(602) Pause Young (Mixed) (G1 Preventive Collection) 990M->890M(1024M) 7.621ms
[2024-08-27T15:00:53.994+0000][info][gc,cpu         ] GC(602) User=0.15s Sys=0.00s Real=0.01s
[2024-08-27T15:00:54.012+0000][info][gc,start       ] GC(603) Pause Young (Mixed) (G1 Evacuation Pause)
[2024-08-27T15:00:54.012+0000][info][gc,task        ] GC(603) Using 24 workers of 68 for evacuation
[2024-08-27T15:00:54.023+0000][info][gc,phases      ] GC(603)   Pre Evacuate Collection Set: 0.2ms
[2024-08-27T15:00:54.023+0000][info][gc,phases      ] GC(603)   Merge Heap Roots: 0.4ms
[2024-08-27T15:00:54.023+0000][info][gc,phases      ] GC(603)   Evacuate Collection Set: 9.7ms
[2024-08-27T15:00:54.023+0000][info][gc,phases      ] GC(603)   Post Evacuate Collection Set: 0.4ms
[2024-08-27T15:00:54.023+0000][info][gc,phases      ] GC(603)   Other: 0.3ms
[2024-08-27T15:00:54.023+0000][info][gc,heap        ] GC(603) Eden regions: 44->0(44)
[2024-08-27T15:00:54.023+0000][info][gc,heap        ] GC(603) Survivor regions: 7->7(7)
[2024-08-27T15:00:54.023+0000][info][gc,heap        ] GC(603) Old regions: 878->820
[2024-08-27T15:00:54.023+0000][info][gc,heap        ] GC(603) Archive regions: 2->2
[2024-08-27T15:00:54.023+0000][info][gc,heap        ] GC(603) Humongous regions: 5->5
[2024-08-27T15:00:54.023+0000][info][gc,metaspace   ] GC(603) Metaspace: 100K(320K)->100K(320K) NonClass: 96K(192K)->96K(192K) Class: 4K(128K)->4K(128K)
[2024-08-27T15:00:54.023+0000][info][gc             ] GC(603) Pause Young (Mixed) (G1 Evacuation Pause) 934M->832M(1024M) 11.108ms
[2024-08-27T15:00:54.023+0000][info][gc,cpu         ] GC(603) User=0.25s Sys=0.00s Real=0.01s
[2024-08-27T15:00:54.041+0000][info][gc,start       ] GC(604) Pause Young (Mixed) (G1 Evacuation Pause)
[2024-08-27T15:00:54.041+0000][info][gc,task        ] GC(604) Using 24 workers of 68 for evacuation
[2024-08-27T15:00:54.052+0000][info][gc,phases      ] GC(604)   Pre Evacuate Collection Set: 0.2ms
[2024-08-27T15:00:54.052+0000][info][gc,phases      ] GC(604)   Merge Heap Roots: 0.4ms
[2024-08-27T15:00:54.052+0000][info][gc,phases      ] GC(604)   Evacuate Collection Set: 10.1ms
[2024-08-27T15:00:54.052+0000][info][gc,phases      ] GC(604)   Post Evacuate Collection Set: 0.4ms
[2024-08-27T15:00:54.052+0000][info][gc,phases      ] GC(604)   Other: 0.3ms
[2024-08-27T15:00:54.052+0000][info][gc,heap        ] GC(604) Eden regions: 44->0(44)
[2024-08-27T15:00:54.052+0000][info][gc,heap        ] GC(604) Survivor regions: 7->7(7)
[2024-08-27T15:00:54.052+0000][info][gc,heap        ] GC(604) Old regions: 820->764
[2024-08-27T15:00:54.052+0000][info][gc,heap        ] GC(604) Archive regions: 2->2
[2024-08-27T15:00:54.052+0000][info][gc,heap        ] GC(604) Humongous regions: 5->5
[2024-08-27T15:00:54.052+0000][info][gc,metaspace   ] GC(604) Metaspace: 100K(320K)->100K(320K) NonClass: 96K(192K)->96K(192K) Class: 4K(128K)->4K(128K)
[2024-08-27T15:00:54.052+0000][info][gc             ] GC(604) Pause Young (Mixed) (G1 Evacuation Pause) 876M->776M(1024M) 11.450ms
[2024-08-27T15:00:54.052+0000][info][gc,cpu         ] GC(604) User=0.26s Sys=0.00s Real=0.01s
[2024-08-27T15:00:54.070+0000][info][gc,start       ] GC(605) Pause Young (Mixed) (G1 Evacuation Pause)
[2024-08-27T15:00:54.071+0000][info][gc,task        ] GC(605) Using 24 workers of 68 for evacuation
[2024-08-27T15:00:54.082+0000][info][gc,phases      ] GC(605)   Pre Evacuate Collection Set: 0.2ms
[2024-08-27T15:00:54.082+0000][info][gc,phases      ] GC(605)   Merge Heap Roots: 0.3ms
[2024-08-27T15:00:54.082+0000][info][gc,phases      ] GC(605)   Evacuate Collection Set: 10.3ms
[2024-08-27T15:00:54.082+0000][info][gc,phases      ] GC(605)   Post Evacuate Collection Set: 0.4ms
[2024-08-27T15:00:54.082+0000][info][gc,phases      ] GC(605)   Other: 0.3ms
[2024-08-27T15:00:54.082+0000][info][gc,heap        ] GC(605) Eden regions: 44->0(44)
[2024-08-27T15:00:54.082+0000][info][gc,heap        ] GC(605) Survivor regions: 7->7(7)
[2024-08-27T15:00:54.082+0000][info][gc,heap        ] GC(605) Old regions: 764->790
[2024-08-27T15:00:54.082+0000][info][gc,heap        ] GC(605) Archive regions: 2->2
[2024-08-27T15:00:54.082+0000][info][gc,heap        ] GC(605) Humongous regions: 5->5
[2024-08-27T15:00:54.082+0000][info][gc,metaspace   ] GC(605) Metaspace: 100K(320K)->100K(320K) NonClass: 96K(192K)->96K(192K) Class: 4K(128K)->4K(128K)
[2024-08-27T15:00:54.082+0000][info][gc             ] GC(605) Pause Young (Mixed) (G1 Evacuation Pause) 820M->802M(1024M) 11.530ms
[2024-08-27T15:00:54.082+0000][info][gc,cpu         ] GC(605) User=0.24s Sys=0.00s Real=0.01s
[2024-08-27T15:00:54.100+0000][info][gc,start       ] GC(606) Pause Young (Concurrent Start) (G1 Evacuation Pause)
[2024-08-27T15:00:54.100+0000][info][gc,task        ] GC(606) Using 24 workers of 68 for evacuation
[2024-08-27T15:00:54.111+0000][info][gc,phases      ] GC(606)   Pre Evacuate Collection Set: 0.2ms
[2024-08-27T15:00:54.111+0000][info][gc,phases      ] GC(606)   Merge Heap Roots: 0.4ms
[2024-08-27T15:00:54.111+0000][info][gc,phases      ] GC(606)   Evacuate Collection Set: 9.3ms
[2024-08-27T15:00:54.111+0000][info][gc,phases      ] GC(606)   Post Evacuate Collection Set: 0.3ms
[2024-08-27T15:00:54.111+0000][info][gc,phases      ] GC(606)   Other: 0.9ms
[2024-08-27T15:00:54.111+0000][info][gc,heap        ] GC(606) Eden regions: 44->0(44)
[2024-08-27T15:00:54.111+0000][info][gc,heap        ] GC(606) Survivor regions: 7->7(7)
[2024-08-27T15:00:54.111+0000][info][gc,heap        ] GC(606) Old regions: 790->837
[2024-08-27T15:00:54.111+0000][info][gc,heap        ] GC(606) Archive regions: 2->2
[2024-08-27T15:00:54.111+0000][info][gc,heap        ] GC(606) Humongous regions: 5->5
[2024-08-27T15:00:54.111+0000][info][gc,metaspace   ] GC(606) Metaspace: 100K(320K)->100K(320K) NonClass: 96K(192K)->96K(192K) Class: 4K(128K)->4K(128K)
[2024-08-27T15:00:54.111+0000][info][gc             ] GC(606) Pause Young (Concurrent Start) (G1 Evacuation Pause) 846M->849M(1024M) 11.044ms
[2024-08-27T15:00:54.111+0000][info][gc,cpu         ] GC(606) User=0.23s Sys=0.00s Real=0.01s
[2024-08-27T15:00:54.111+0000][info][gc             ] GC(607) Concurrent Mark Cycle
[2024-08-27T15:00:54.111+0000][info][gc,marking     ] GC(607) Concurrent Clear Claimed Marks
[2024-08-27T15:00:54.111+0000][info][gc,marking     ] GC(607) Concurrent Clear Claimed Marks 0.015ms
[2024-08-27T15:00:54.111+0000][info][gc,marking     ] GC(607) Concurrent Scan Root Regions
[2024-08-27T15:00:54.113+0000][info][gc,marking     ] GC(607) Concurrent Scan Root Regions 1.678ms
[2024-08-27T15:00:54.113+0000][info][gc,marking     ] GC(607) Concurrent Mark
[2024-08-27T15:00:54.113+0000][info][gc,marking     ] GC(607) Concurrent Mark From Roots
[2024-08-27T15:00:54.113+0000][info][gc,task        ] GC(607) Using 17 workers of 17 for marking
[2024-08-27T15:00:54.134+0000][info][gc,marking     ] GC(607) Concurrent Mark From Roots 21.135ms
[2024-08-27T15:00:54.134+0000][info][gc,marking     ] GC(607) Concurrent Preclean
[2024-08-27T15:00:54.135+0000][info][gc,marking     ] GC(607) Concurrent Preclean 0.500ms
[2024-08-27T15:00:54.135+0000][info][gc,start       ] GC(607) Pause Remark
[2024-08-27T15:00:54.136+0000][info][gc             ] GC(607) Pause Remark 880M->880M(1024M) 1.111ms
[2024-08-27T15:00:54.136+0000][info][gc,cpu         ] GC(607) User=0.00s Sys=0.00s Real=0.00s
[2024-08-27T15:00:54.136+0000][info][gc,marking     ] GC(607) Concurrent Mark 23.084ms
[2024-08-27T15:00:54.136+0000][info][gc,marking     ] GC(607) Concurrent Rebuild Remembered Sets
[2024-08-27T15:00:54.146+0000][info][gc,start       ] GC(608) Pause Young (Normal) (G1 Evacuation Pause)
[2024-08-27T15:00:54.146+0000][info][gc,task        ] GC(608) Using 24 workers of 68 for evacuation
[2024-08-27T15:00:54.156+0000][info][gc,phases      ] GC(608)   Pre Evacuate Collection Set: 0.1ms
[2024-08-27T15:00:54.156+0000][info][gc,phases      ] GC(608)   Merge Heap Roots: 0.4ms
[2024-08-27T15:00:54.156+0000][info][gc,phases      ] GC(608)   Evacuate Collection Set: 9.0ms
[2024-08-27T15:00:54.156+0000][info][gc,phases      ] GC(608)   Post Evacuate Collection Set: 0.4ms
[2024-08-27T15:00:54.156+0000][info][gc,phases      ] GC(608)   Other: 0.2ms
[2024-08-27T15:00:54.156+0000][info][gc,heap        ] GC(608) Eden regions: 44->0(44)
[2024-08-27T15:00:54.156+0000][info][gc,heap        ] GC(608) Survivor regions: 7->7(7)
[2024-08-27T15:00:54.156+0000][info][gc,heap        ] GC(608) Old regions: 837->884
[2024-08-27T15:00:54.156+0000][info][gc,heap        ] GC(608) Archive regions: 2->2
[2024-08-27T15:00:54.156+0000][info][gc,heap        ] GC(608) Humongous regions: 5->5
[2024-08-27T15:00:54.156+0000][info][gc,metaspace   ] GC(608) Metaspace: 100K(320K)->100K(320K) NonClass: 96K(192K)->96K(192K) Class: 4K(128K)->4K(128K)
[2024-08-27T15:00:54.156+0000][info][gc             ] GC(608) Pause Young (Normal) (G1 Evacuation Pause) 893M->896M(1024M) 10.171ms
[2024-08-27T15:00:54.156+0000][info][gc,cpu         ] GC(608) User=0.23s Sys=0.00s Real=0.01s
[2024-08-27T15:00:54.189+0000][info][gc,start       ] GC(609) Pause Young (Normal) (G1 Evacuation Pause)
[2024-08-27T15:00:54.189+0000][info][gc,task        ] GC(609) Using 24 workers of 68 for evacuation
[2024-08-27T15:00:54.203+0000][info][gc,phases      ] GC(609)   Pre Evacuate Collection Set: 0.1ms
[2024-08-27T15:00:54.203+0000][info][gc,phases      ] GC(609)   Merge Heap Roots: 0.4ms
[2024-08-27T15:00:54.203+0000][info][gc,phases      ] GC(609)   Evacuate Collection Set: 13.1ms
[2024-08-27T15:00:54.203+0000][info][gc,phases      ] GC(609)   Post Evacuate Collection Set: 0.5ms
[2024-08-27T15:00:54.203+0000][info][gc,phases      ] GC(609)   Other: 0.2ms
[2024-08-27T15:00:54.203+0000][info][gc,heap        ] GC(609) Eden regions: 44->0(44)
[2024-08-27T15:00:54.203+0000][info][gc,heap        ] GC(609) Survivor regions: 7->7(7)
[2024-08-27T15:00:54.203+0000][info][gc,heap        ] GC(609) Old regions: 884->930
[2024-08-27T15:00:54.203+0000][info][gc,heap        ] GC(609) Archive regions: 2->2
[2024-08-27T15:00:54.203+0000][info][gc,heap        ] GC(609) Humongous regions: 5->5
[2024-08-27T15:00:54.203+0000][info][gc,metaspace   ] GC(609) Metaspace: 100K(320K)->100K(320K) NonClass: 96K(192K)->96K(192K) Class: 4K(128K)->4K(128K)
[2024-08-27T15:00:54.204+0000][info][gc             ] GC(609) Pause Young (Normal) (G1 Evacuation Pause) 940M->942M(1024M) 14.504ms
[2024-08-27T15:00:54.204+0000][info][gc,cpu         ] GC(609) User=0.33s Sys=0.00s Real=0.02s
[2024-08-27T15:00:54.208+0000][info][gc,marking     ] GC(607) Concurrent Rebuild Remembered Sets 72.121ms
[2024-08-27T15:00:54.209+0000][info][gc,start       ] GC(607) Pause Cleanup
[2024-08-27T15:00:54.210+0000][info][gc             ] GC(607) Pause Cleanup 949M->949M(1024M) 1.754ms
[2024-08-27T15:00:54.210+0000][info][gc,cpu         ] GC(607) User=0.00s Sys=0.00s Real=0.01s
[2024-08-27T15:00:54.210+0000][info][gc,marking     ] GC(607) Concurrent Cleanup for Next Mark
[2024-08-27T15:00:54.211+0000][info][gc,marking     ] GC(607) Concurrent Cleanup for Next Mark 0.739ms
[2024-08-27T15:00:54.211+0000][info][gc             ] GC(607) Concurrent Mark Cycle 99.821ms
[2024-08-27T15:00:54.226+0000][info][gc,start       ] GC(610) Pause Young (Prepare Mixed) (G1 Preventive Collection)
[2024-08-27T15:00:54.226+0000][info][gc,task        ] GC(610) Using 24 workers of 68 for evacuation
[2024-08-27T15:00:54.242+0000][info][gc             ] GC(610) To-space exhausted
[2024-08-27T15:00:54.242+0000][info][gc,phases      ] GC(610)   Pre Evacuate Collection Set: 0.2ms
[2024-08-27T15:00:54.242+0000][info][gc,phases      ] GC(610)   Merge Heap Roots: 0.6ms
[2024-08-27T15:00:54.242+0000][info][gc,phases      ] GC(610)   Evacuate Collection Set: 13.6ms
[2024-08-27T15:00:54.242+0000][info][gc,phases      ] GC(610)   Post Evacuate Collection Set: 0.9ms
[2024-08-27T15:00:54.242+0000][info][gc,phases      ] GC(610)   Other: 0.3ms
[2024-08-27T15:00:54.242+0000][info][gc,heap        ] GC(610) Eden regions: 35->0(44)
[2024-08-27T15:00:54.242+0000][info][gc,heap        ] GC(610) Survivor regions: 7->7(7)
[2024-08-27T15:00:54.242+0000][info][gc,heap        ] GC(610) Old regions: 930->1003
[2024-08-27T15:00:54.242+0000][info][gc,heap        ] GC(610) Archive regions: 2->2
[2024-08-27T15:00:54.242+0000][info][gc,heap        ] GC(610) Humongous regions: 5->5
[2024-08-27T15:00:54.242+0000][info][gc,metaspace   ] GC(610) Metaspace: 100K(320K)->100K(320K) NonClass: 96K(192K)->96K(192K) Class: 4K(128K)->4K(128K)
[2024-08-27T15:00:54.242+0000][info][gc             ] GC(610) Pause Young (Prepare Mixed) (G1 Preventive Collection) 977M->1015M(1024M) 15.636ms
[2024-08-27T15:00:54.242+0000][info][gc,cpu         ] GC(610) User=0.35s Sys=0.00s Real=0.02s
[2024-08-27T15:00:54.243+0000][info][gc,start       ] GC(611) Pause Young (Mixed) (G1 Preventive Collection)
[2024-08-27T15:00:54.243+0000][info][gc,task        ] GC(611) Using 24 workers of 68 for evacuation
[2024-08-27T15:00:54.247+0000][info][gc             ] GC(611) To-space exhausted
[2024-08-27T15:00:54.247+0000][info][gc,phases      ] GC(611)   Pre Evacuate Collection Set: 0.2ms
[2024-08-27T15:00:54.247+0000][info][gc,phases      ] GC(611)   Merge Heap Roots: 0.3ms
[2024-08-27T15:00:54.247+0000][info][gc,phases      ] GC(611)   Evacuate Collection Set: 2.9ms
[2024-08-27T15:00:54.247+0000][info][gc,phases      ] GC(611)   Post Evacuate Collection Set: 0.7ms
[2024-08-27T15:00:54.247+0000][info][gc,phases      ] GC(611)   Other: 0.2ms
[2024-08-27T15:00:54.247+0000][info][gc,heap        ] GC(611) Eden regions: 1->0(50)
[2024-08-27T15:00:54.247+0000][info][gc,heap        ] GC(611) Survivor regions: 7->1(6)
[2024-08-27T15:00:54.247+0000][info][gc,heap        ] GC(611) Old regions: 1003->1015
[2024-08-27T15:00:54.247+0000][info][gc,heap        ] GC(611) Archive regions: 2->2
[2024-08-27T15:00:54.247+0000][info][gc,heap        ] GC(611) Humongous regions: 5->5
[2024-08-27T15:00:54.247+0000][info][gc,metaspace   ] GC(611) Metaspace: 100K(320K)->100K(320K) NonClass: 96K(192K)->96K(192K) Class: 4K(128K)->4K(128K)
[2024-08-27T15:00:54.247+0000][info][gc             ] GC(611) Pause Young (Mixed) (G1 Preventive Collection) 1016M->1021M(1024M) 4.355ms
[2024-08-27T15:00:54.247+0000][info][gc,cpu         ] GC(611) User=0.08s Sys=0.00s Real=0.00s
[2024-08-27T15:00:54.248+0000][info][gc,start       ] GC(612) Pause Young (Mixed) (G1 Evacuation Pause)
[2024-08-27T15:00:54.248+0000][info][gc,task        ] GC(612) Using 24 workers of 68 for evacuation
[2024-08-27T15:00:54.251+0000][info][gc             ] GC(612) To-space exhausted
[2024-08-27T15:00:54.251+0000][info][gc,phases      ] GC(612)   Pre Evacuate Collection Set: 0.2ms
[2024-08-27T15:00:54.251+0000][info][gc,phases      ] GC(612)   Merge Heap Roots: 0.3ms
[2024-08-27T15:00:54.251+0000][info][gc,phases      ] GC(612)   Evacuate Collection Set: 1.8ms
[2024-08-27T15:00:54.251+0000][info][gc,phases      ] GC(612)   Post Evacuate Collection Set: 0.7ms
[2024-08-27T15:00:54.251+0000][info][gc,phases      ] GC(612)   Other: 0.2ms
[2024-08-27T15:00:54.251+0000][info][gc,heap        ] GC(612) Eden regions: 1->0(51)
[2024-08-27T15:00:54.251+0000][info][gc,heap        ] GC(612) Survivor regions: 1->0(0)
[2024-08-27T15:00:54.251+0000][info][gc,heap        ] GC(612) Old regions: 1015->1017
[2024-08-27T15:00:54.251+0000][info][gc,heap        ] GC(612) Archive regions: 2->2
[2024-08-27T15:00:54.251+0000][info][gc,heap        ] GC(612) Humongous regions: 5->5
[2024-08-27T15:00:54.251+0000][info][gc,metaspace   ] GC(612) Metaspace: 100K(320K)->100K(320K) NonClass: 96K(192K)->96K(192K) Class: 4K(128K)->4K(128K)
[2024-08-27T15:00:54.251+0000][info][gc             ] GC(612) Pause Young (Mixed) (G1 Evacuation Pause) 1022M->1022M(1024M) 3.244ms
[2024-08-27T15:00:54.251+0000][info][gc,cpu         ] GC(612) User=0.06s Sys=0.00s Real=0.01s
[2024-08-27T15:00:54.251+0000][info][gc,ergo        ] Attempting full compaction
[2024-08-27T15:00:54.251+0000][info][gc,task        ] GC(613) Using 24 workers of 68 for full compaction
[2024-08-27T15:00:54.251+0000][info][gc,start       ] GC(613) Pause Full (G1 Compaction Pause)
[2024-08-27T15:00:54.251+0000][info][gc,phases,start] GC(613) Phase 1: Mark live objects
[2024-08-27T15:00:54.267+0000][info][gc,phases      ] GC(613) Phase 1: Mark live objects 15.273ms
[2024-08-27T15:00:54.267+0000][info][gc,phases,start] GC(613) Phase 2: Prepare for compaction
[2024-08-27T15:00:54.276+0000][info][gc,phases      ] GC(613) Phase 2: Prepare for compaction 9.803ms
[2024-08-27T15:00:54.276+0000][info][gc,phases,start] GC(613) Phase 3: Adjust pointers
[2024-08-27T15:00:54.292+0000][info][gc,phases      ] GC(613) Phase 3: Adjust pointers 15.446ms
[2024-08-27T15:00:54.292+0000][info][gc,phases,start] GC(613) Phase 4: Compact heap
[2024-08-27T15:00:54.325+0000][info][gc,phases      ] GC(613) Phase 4: Compact heap 32.825ms
[2024-08-27T15:00:54.326+0000][info][gc,heap        ] GC(613) Eden regions: 0->0(150)
[2024-08-27T15:00:54.326+0000][info][gc,heap        ] GC(613) Survivor regions: 0->0(0)
[2024-08-27T15:00:54.326+0000][info][gc,heap        ] GC(613) Old regions: 1017->443
[2024-08-27T15:00:54.326+0000][info][gc,heap        ] GC(613) Archive regions: 2->2
[2024-08-27T15:00:54.326+0000][info][gc,heap        ] GC(613) Humongous regions: 5->5
[2024-08-27T15:00:54.326+0000][info][gc,metaspace   ] GC(613) Metaspace: 100K(320K)->100K(320K) NonClass: 96K(192K)->96K(192K) Class: 4K(128K)->4K(128K)
[2024-08-27T15:00:54.326+0000][info][gc             ] GC(613) Pause Full (G1 Compaction Pause) 1022M->436M(1024M) 75.011ms
[2024-08-27T15:00:54.326+0000][info][gc,cpu         ] GC(613) User=1.64s Sys=0.00s Real=0.07s
[2024-08-27T15:00:54.393+0000][info][gc,start       ] GC(614) Pause Young (Normal) (G1 Evacuation Pause)
[2024-08-27T15:00:54.393+0000][info][gc,task        ] GC(614) Using 24 workers of 68 for evacuation
[2024-08-27T15:00:54.423+0000][info][gc,phases      ] GC(614)   Pre Evacuate Collection Set: 0.2ms
[2024-08-27T15:00:54.423+0000][info][gc,phases      ] GC(614)   Merge Heap Roots: 0.4ms
[2024-08-27T15:00:54.423+0000][info][gc,phases      ] GC(614)   Evacuate Collection Set: 28.7ms
[2024-08-27T15:00:54.423+0000][info][gc,phases      ] GC(614)   Post Evacuate Collection Set: 0.4ms
[2024-08-27T15:00:54.423+0000][info][gc,phases      ] GC(614)   Other: 0.3ms
[2024-08-27T15:00:54.423+0000][info][gc,heap        ] GC(614) Eden regions: 150->0(103)
[2024-08-27T15:00:54.423+0000][info][gc,heap        ] GC(614) Survivor regions: 0->19(19)
[2024-08-27T15:00:54.423+0000][info][gc,heap        ] GC(614) Old regions: 443->570
[2024-08-27T15:00:54.423+0000][info][gc,heap        ] GC(614) Archive regions: 2->2
[2024-08-27T15:00:54.423+0000][info][gc,heap        ] GC(614) Humongous regions: 5->5
[2024-08-27T15:00:54.423+0000][info][gc,metaspace   ] GC(614) Metaspace: 100K(320K)->100K(320K) NonClass: 96K(192K)->96K(192K) Class: 4K(128K)->4K(128K)
[2024-08-27T15:00:54.423+0000][info][gc             ] GC(614) Pause Young (Normal) (G1 Evacuation Pause) 586M->581M(1024M) 29.981ms
[2024-08-27T15:00:54.423+0000][info][gc,cpu         ] GC(614) User=0.69s Sys=0.00s Real=0.03s
[2024-08-27T15:00:54.467+0000][info][gc,start       ] GC(615) Pause Young (Normal) (G1 Evacuation Pause)
[2024-08-27T15:00:54.467+0000][info][gc,task        ] GC(615) Using 24 workers of 68 for evacuation
[2024-08-27T15:00:54.487+0000][info][gc,phases      ] GC(615)   Pre Evacuate Collection Set: 0.2ms
[2024-08-27T15:00:54.487+0000][info][gc,phases      ] GC(615)   Merge Heap Roots: 0.4ms
[2024-08-27T15:00:54.487+0000][info][gc,phases      ] GC(615)   Evacuate Collection Set: 18.6ms
[2024-08-27T15:00:54.487+0000][info][gc,phases      ] GC(615)   Post Evacuate Collection Set: 0.3ms
[2024-08-27T15:00:54.487+0000][info][gc,phases      ] GC(615)   Other: 0.3ms
[2024-08-27T15:00:54.487+0000][info][gc,heap        ] GC(615) Eden regions: 103->0(69)
[2024-08-27T15:00:54.487+0000][info][gc,heap        ] GC(615) Survivor regions: 19->16(16)
[2024-08-27T15:00:54.487+0000][info][gc,heap        ] GC(615) Old regions: 570->678
[2024-08-27T15:00:54.487+0000][info][gc,heap        ] GC(615) Archive regions: 2->2
[2024-08-27T15:00:54.487+0000][info][gc,heap        ] GC(615) Humongous regions: 5->5
[2024-08-27T15:00:54.487+0000][info][gc,metaspace   ] GC(615) Metaspace: 100K(320K)->100K(320K) NonClass: 96K(192K)->96K(192K) Class: 4K(128K)->4K(128K)
[2024-08-27T15:00:54.487+0000][info][gc             ] GC(615) Pause Young (Normal) (G1 Evacuation Pause) 684M->687M(1024M) 19.877ms
[2024-08-27T15:00:54.487+0000][info][gc,cpu         ] GC(615) User=0.46s Sys=0.00s Real=0.02s
[2024-08-27T15:00:54.528+0000][info][gc,start       ] GC(616) Pause Young (Concurrent Start) (G1 Evacuation Pause)
[2024-08-27T15:00:54.528+0000][info][gc,task        ] GC(616) Using 24 workers of 68 for evacuation
[2024-08-27T15:00:54.546+0000][info][gc,phases      ] GC(616)   Pre Evacuate Collection Set: 0.2ms
[2024-08-27T15:00:54.546+0000][info][gc,phases      ] GC(616)   Merge Heap Roots: 0.4ms
[2024-08-27T15:00:54.546+0000][info][gc,phases      ] GC(616)   Evacuate Collection Set: 15.8ms
[2024-08-27T15:00:54.546+0000][info][gc,phases      ] GC(616)   Post Evacuate Collection Set: 0.3ms
[2024-08-27T15:00:54.546+0000][info][gc,phases      ] GC(616)   Other: 0.7ms
[2024-08-27T15:00:54.546+0000][info][gc,heap        ] GC(616) Eden regions: 69->0(46)
[2024-08-27T15:00:54.546+0000][info][gc,heap        ] GC(616) Survivor regions: 16->11(11)
[2024-08-27T15:00:54.546+0000][info][gc,heap        ] GC(616) Old regions: 678->755
[2024-08-27T15:00:54.546+0000][info][gc,heap        ] GC(616) Archive regions: 2->2
[2024-08-27T15:00:54.546+0000][info][gc,heap        ] GC(616) Humongous regions: 5->5
[2024-08-27T15:00:54.546+0000][info][gc,metaspace   ] GC(616) Metaspace: 100K(320K)->100K(320K) NonClass: 96K(192K)->96K(192K) Class: 4K(128K)->4K(128K)
[2024-08-27T15:00:54.546+0000][info][gc             ] GC(616) Pause Young (Concurrent Start) (G1 Evacuation Pause) 756M->758M(1024M) 17.589ms
[2024-08-27T15:00:54.546+0000][info][gc,cpu         ] GC(616) User=0.36s Sys=0.02s Real=0.02s
[2024-08-27T15:00:54.546+0000][info][gc             ] GC(617) Concurrent Mark Cycle
[2024-08-27T15:00:54.546+0000][info][gc,marking     ] GC(617) Concurrent Clear Claimed Marks
[2024-08-27T15:00:54.546+0000][info][gc,marking     ] GC(617) Concurrent Clear Claimed Marks 0.011ms
[2024-08-27T15:00:54.546+0000][info][gc,marking     ] GC(617) Concurrent Scan Root Regions
[2024-08-27T15:00:54.548+0000][info][gc,marking     ] GC(617) Concurrent Scan Root Regions 2.048ms
[2024-08-27T15:00:54.548+0000][info][gc,marking     ] GC(617) Concurrent Mark
[2024-08-27T15:00:54.548+0000][info][gc,marking     ] GC(617) Concurrent Mark From Roots
[2024-08-27T15:00:54.548+0000][info][gc,task        ] GC(617) Using 17 workers of 17 for marking
[2024-08-27T15:00:54.571+0000][info][gc,marking     ] GC(617) Concurrent Mark From Roots 22.256ms
[2024-08-27T15:00:54.571+0000][info][gc,marking     ] GC(617) Concurrent Preclean
[2024-08-27T15:00:54.571+0000][info][gc,marking     ] GC(617) Concurrent Preclean 0.499ms
[2024-08-27T15:00:54.571+0000][info][gc,start       ] GC(617) Pause Remark
[2024-08-27T15:00:54.572+0000][info][gc             ] GC(617) Pause Remark 787M->787M(1024M) 1.125ms
[2024-08-27T15:00:54.572+0000][info][gc,cpu         ] GC(617) User=0.01s Sys=0.00s Real=0.00s
[2024-08-27T15:00:54.572+0000][info][gc,marking     ] GC(617) Concurrent Mark 24.242ms
[2024-08-27T15:00:54.572+0000][info][gc,marking     ] GC(617) Concurrent Rebuild Remembered Sets
[2024-08-27T15:00:54.585+0000][info][gc,start       ] GC(618) Pause Young (Normal) (G1 Evacuation Pause)
[2024-08-27T15:00:54.585+0000][info][gc,task        ] GC(618) Using 24 workers of 68 for evacuation
[2024-08-27T15:00:54.596+0000][info][gc,phases      ] GC(618)   Pre Evacuate Collection Set: 0.1ms
[2024-08-27T15:00:54.596+0000][info][gc,phases      ] GC(618)   Merge Heap Roots: 0.3ms
[2024-08-27T15:00:54.596+0000][info][gc,phases      ] GC(618)   Evacuate Collection Set: 10.3ms
[2024-08-27T15:00:54.596+0000][info][gc,phases      ] GC(618)   Post Evacuate Collection Set: 0.4ms
[2024-08-27T15:00:54.596+0000][info][gc,phases      ] GC(618)   Other: 0.2ms
[2024-08-27T15:00:54.596+0000][info][gc,heap        ] GC(618) Eden regions: 46->0(43)
[2024-08-27T15:00:54.596+0000][info][gc,heap        ] GC(618) Survivor regions: 11->8(8)
[2024-08-27T15:00:54.596+0000][info][gc,heap        ] GC(618) Old regions: 755->808
[2024-08-27T15:00:54.596+0000][info][gc,heap        ] GC(618) Archive regions: 2->2
[2024-08-27T15:00:54.596+0000][info][gc,heap        ] GC(618) Humongous regions: 5->5
[2024-08-27T15:00:54.596+0000][info][gc,metaspace   ] GC(618) Metaspace: 100K(320K)->100K(320K) NonClass: 96K(192K)->96K(192K) Class: 4K(128K)->4K(128K)
[2024-08-27T15:00:54.596+0000][info][gc             ] GC(618) Pause Young (Normal) (G1 Evacuation Pause) 804M->809M(1024M) 11.514ms
[2024-08-27T15:00:54.596+0000][info][gc,cpu         ] GC(618) User=0.25s Sys=0.00s Real=0.01s
[2024-08-27T15:00:54.628+0000][info][gc,marking     ] GC(617) Concurrent Rebuild Remembered Sets 55.875ms
[2024-08-27T15:00:54.629+0000][info][gc,start       ] GC(617) Pause Cleanup
[2024-08-27T15:00:54.630+0000][info][gc             ] GC(617) Pause Cleanup 849M->849M(1024M) 1.200ms
[2024-08-27T15:00:54.630+0000][info][gc,cpu         ] GC(617) User=0.01s Sys=0.00s Real=0.01s
[2024-08-27T15:00:54.630+0000][info][gc,marking     ] GC(617) Concurrent Cleanup for Next Mark
[2024-08-27T15:00:54.631+0000][info][gc,marking     ] GC(617) Concurrent Cleanup for Next Mark 0.585ms
[2024-08-27T15:00:54.631+0000][info][gc             ] GC(617) Concurrent Mark Cycle 84.458ms
[2024-08-27T15:00:54.632+0000][info][gc,start       ] GC(619) Pause Young (Prepare Mixed) (G1 Evacuation Pause)
[2024-08-27T15:00:54.632+0000][info][gc,task        ] GC(619) Using 24 workers of 68 for evacuation
[2024-08-27T15:00:54.647+0000][info][gc,phases      ] GC(619)   Pre Evacuate Collection Set: 0.1ms
[2024-08-27T15:00:54.647+0000][info][gc,phases      ] GC(619)   Merge Heap Roots: 0.4ms
[2024-08-27T15:00:54.647+0000][info][gc,phases      ] GC(619)   Evacuate Collection Set: 14.1ms
[2024-08-27T15:00:54.647+0000][info][gc,phases      ] GC(619)   Post Evacuate Collection Set: 0.3ms
[2024-08-27T15:00:54.648+0000][info][gc,phases      ] GC(619)   Other: 0.2ms
[2024-08-27T15:00:54.648+0000][info][gc,heap        ] GC(619) Eden regions: 43->0(44)
[2024-08-27T15:00:54.648+0000][info][gc,heap        ] GC(619) Survivor regions: 8->7(7)
[2024-08-27T15:00:54.648+0000][info][gc,heap        ] GC(619) Old regions: 808->857
[2024-08-27T15:00:54.648+0000][info][gc,heap        ] GC(619) Archive regions: 2->2
[2024-08-27T15:00:54.648+0000][info][gc,heap        ] GC(619) Humongous regions: 5->5
[2024-08-27T15:00:54.648+0000][info][gc,metaspace   ] GC(619) Metaspace: 100K(320K)->100K(320K) NonClass: 96K(192K)->96K(192K) Class: 4K(128K)->4K(128K)
[2024-08-27T15:00:54.648+0000][info][gc             ] GC(619) Pause Young (Prepare Mixed) (G1 Evacuation Pause) 852M->857M(1024M) 15.253ms
[2024-08-27T15:00:54.648+0000][info][gc,cpu         ] GC(619) User=0.35s Sys=0.00s Real=0.01s
[2024-08-27T15:00:54.667+0000][info][gc,start       ] GC(620) Pause Young (Mixed) (G1 Evacuation Pause)
[2024-08-27T15:00:54.667+0000][info][gc,task        ] GC(620) Using 24 workers of 68 for evacuation
[2024-08-27T15:00:54.679+0000][info][gc,phases      ] GC(620)   Pre Evacuate Collection Set: 0.2ms
[2024-08-27T15:00:54.679+0000][info][gc,phases      ] GC(620)   Merge Heap Roots: 0.4ms
[2024-08-27T15:00:54.679+0000][info][gc,phases      ] GC(620)   Evacuate Collection Set: 10.5ms
[2024-08-27T15:00:54.679+0000][info][gc,phases      ] GC(620)   Post Evacuate Collection Set: 0.4ms
[2024-08-27T15:00:54.679+0000][info][gc,phases      ] GC(620)   Other: 0.2ms
[2024-08-27T15:00:54.679+0000][info][gc,heap        ] GC(620) Eden regions: 44->0(44)
[2024-08-27T15:00:54.679+0000][info][gc,heap        ] GC(620) Survivor regions: 7->7(7)
[2024-08-27T15:00:54.679+0000][info][gc,heap        ] GC(620) Old regions: 857->801
[2024-08-27T15:00:54.679+0000][info][gc,heap        ] GC(620) Archive regions: 2->2
[2024-08-27T15:00:54.679+0000][info][gc,heap        ] GC(620) Humongous regions: 5->5
[2024-08-27T15:00:54.679+0000][info][gc,metaspace   ] GC(620) Metaspace: 100K(320K)->100K(320K) NonClass: 96K(192K)->96K(192K) Class: 4K(128K)->4K(128K)
[2024-08-27T15:00:54.679+0000][info][gc             ] GC(620) Pause Young (Mixed) (G1 Evacuation Pause) 901M->812M(1024M) 11.732ms
[2024-08-27T15:00:54.679+0000][info][gc,cpu         ] GC(620) User=0.26s Sys=0.00s Real=0.02s
[2024-08-27T15:00:54.698+0000][info][gc,start       ] GC(621) Pause Young (Mixed) (G1 Evacuation Pause)
[2024-08-27T15:00:54.698+0000][info][gc,task        ] GC(621) Using 24 workers of 68 for evacuation
[2024-08-27T15:00:54.710+0000][info][gc,phases      ] GC(621)   Pre Evacuate Collection Set: 0.2ms
[2024-08-27T15:00:54.710+0000][info][gc,phases      ] GC(621)   Merge Heap Roots: 0.4ms
[2024-08-27T15:00:54.710+0000][info][gc,phases      ] GC(621)   Evacuate Collection Set: 10.9ms
[2024-08-27T15:00:54.710+0000][info][gc,phases      ] GC(621)   Post Evacuate Collection Set: 0.3ms
[2024-08-27T15:00:54.710+0000][info][gc,phases      ] GC(621)   Other: 0.3ms
[2024-08-27T15:00:54.710+0000][info][gc,heap        ] GC(621) Eden regions: 44->0(44)
[2024-08-27T15:00:54.710+0000][info][gc,heap        ] GC(621) Survivor regions: 7->7(7)
[2024-08-27T15:00:54.710+0000][info][gc,heap        ] GC(621) Old regions: 801->746
[2024-08-27T15:00:54.710+0000][info][gc,heap        ] GC(621) Archive regions: 2->2
[2024-08-27T15:00:54.710+0000][info][gc,heap        ] GC(621) Humongous regions: 5->5
[2024-08-27T15:00:54.710+0000][info][gc,metaspace   ] GC(621) Metaspace: 100K(320K)->100K(320K) NonClass: 96K(192K)->96K(192K) Class: 4K(128K)->4K(128K)
[2024-08-27T15:00:54.710+0000][info][gc             ] GC(621) Pause Young (Mixed) (G1 Evacuation Pause) 856M->757M(1024M) 12.202ms
[2024-08-27T15:00:54.710+0000][info][gc,cpu         ] GC(621) User=0.26s Sys=0.01s Real=0.01s
[2024-08-27T15:00:54.728+0000][info][gc,start       ] GC(622) Pause Young (Mixed) (G1 Evacuation Pause)
[2024-08-27T15:00:54.728+0000][info][gc,task        ] GC(622) Using 24 workers of 68 for evacuation
[2024-08-27T15:00:54.740+0000][info][gc,phases      ] GC(622)   Pre Evacuate Collection Set: 0.2ms
[2024-08-27T15:00:54.740+0000][info][gc,phases      ] GC(622)   Merge Heap Roots: 0.4ms
[2024-08-27T15:00:54.740+0000][info][gc,phases      ] GC(622)   Evacuate Collection Set: 10.8ms
[2024-08-27T15:00:54.740+0000][info][gc,phases      ] GC(622)   Post Evacuate Collection Set: 0.3ms
[2024-08-27T15:00:54.740+0000][info][gc,phases      ] GC(622)   Other: 0.2ms
[2024-08-27T15:00:54.740+0000][info][gc,heap        ] GC(622) Eden regions: 44->0(56)
[2024-08-27T15:00:54.740+0000][info][gc,heap        ] GC(622) Survivor regions: 7->7(7)
[2024-08-27T15:00:54.740+0000][info][gc,heap        ] GC(622) Old regions: 746->729
[2024-08-27T15:00:54.740+0000][info][gc,heap        ] GC(622) Archive regions: 2->2
[2024-08-27T15:00:54.740+0000][info][gc,heap        ] GC(622) Humongous regions: 5->5
[2024-08-27T15:00:54.740+0000][info][gc,metaspace   ] GC(622) Metaspace: 100K(320K)->100K(320K) NonClass: 96K(192K)->96K(192K) Class: 4K(128K)->4K(128K)
[2024-08-27T15:00:54.740+0000][info][gc             ] GC(622) Pause Young (Mixed) (G1 Evacuation Pause) 801M->741M(1024M) 12.034ms
[2024-08-27T15:00:54.740+0000][info][gc,cpu         ] GC(622) User=0.26s Sys=0.00s Real=0.02s
[2024-08-27T15:00:54.764+0000][info][gc,start       ] GC(623) Pause Young (Concurrent Start) (G1 Evacuation Pause)
[2024-08-27T15:00:54.764+0000][info][gc,task        ] GC(623) Using 24 workers of 68 for evacuation
[2024-08-27T15:00:54.778+0000][info][gc,phases      ] GC(623)   Pre Evacuate Collection Set: 0.2ms
[2024-08-27T15:00:54.778+0000][info][gc,phases      ] GC(623)   Merge Heap Roots: 0.4ms
[2024-08-27T15:00:54.778+0000][info][gc,phases      ] GC(623)   Evacuate Collection Set: 12.4ms
[2024-08-27T15:00:54.778+0000][info][gc,phases      ] GC(623)   Post Evacuate Collection Set: 0.3ms
[2024-08-27T15:00:54.778+0000][info][gc,phases      ] GC(623)   Other: 0.9ms
[2024-08-27T15:00:54.778+0000][info][gc,heap        ] GC(623) Eden regions: 56->0(43)
[2024-08-27T15:00:54.778+0000][info][gc,heap        ] GC(623) Survivor regions: 7->8(8)
[2024-08-27T15:00:54.778+0000][info][gc,heap        ] GC(623) Old regions: 729->787
[2024-08-27T15:00:54.778+0000][info][gc,heap        ] GC(623) Archive regions: 2->2
[2024-08-27T15:00:54.778+0000][info][gc,heap        ] GC(623) Humongous regions: 5->5
[2024-08-27T15:00:54.778+0000][info][gc,metaspace   ] GC(623) Metaspace: 100K(320K)->100K(320K) NonClass: 96K(192K)->96K(192K) Class: 4K(128K)->4K(128K)
[2024-08-27T15:00:54.778+0000][info][gc             ] GC(623) Pause Young (Concurrent Start) (G1 Evacuation Pause) 797M->800M(1024M) 14.185ms
[2024-08-27T15:00:54.778+0000][info][gc,cpu         ] GC(623) User=0.30s Sys=0.01s Real=0.02s
[2024-08-27T15:00:54.778+0000][info][gc             ] GC(624) Concurrent Mark Cycle
[2024-08-27T15:00:54.778+0000][info][gc,marking     ] GC(624) Concurrent Clear Claimed Marks
[2024-08-27T15:00:54.778+0000][info][gc,marking     ] GC(624) Concurrent Clear Claimed Marks 0.011ms
[2024-08-27T15:00:54.778+0000][info][gc,marking     ] GC(624) Concurrent Scan Root Regions
[2024-08-27T15:00:54.780+0000][info][gc,marking     ] GC(624) Concurrent Scan Root Regions 1.921ms
[2024-08-27T15:00:54.780+0000][info][gc,marking     ] GC(624) Concurrent Mark
[2024-08-27T15:00:54.780+0000][info][gc,marking     ] GC(624) Concurrent Mark From Roots
[2024-08-27T15:00:54.780+0000][info][gc,task        ] GC(624) Using 17 workers of 17 for marking
[2024-08-27T15:00:54.806+0000][info][gc,marking     ] GC(624) Concurrent Mark From Roots 25.588ms
[2024-08-27T15:00:54.806+0000][info][gc,marking     ] GC(624) Concurrent Preclean
[2024-08-27T15:00:54.807+0000][info][gc,marking     ] GC(624) Concurrent Preclean 0.501ms
[2024-08-27T15:00:54.807+0000][info][gc,start       ] GC(624) Pause Remark
[2024-08-27T15:00:54.808+0000][info][gc             ] GC(624) Pause Remark 827M->827M(1024M) 1.359ms
[2024-08-27T15:00:54.808+0000][info][gc,cpu         ] GC(624) User=0.01s Sys=0.00s Real=0.00s
[2024-08-27T15:00:54.808+0000][info][gc,marking     ] GC(624) Concurrent Mark 27.912ms
[2024-08-27T15:00:54.808+0000][info][gc,marking     ] GC(624) Concurrent Rebuild Remembered Sets
[2024-08-27T15:00:54.824+0000][info][gc,start       ] GC(625) Pause Young (Normal) (G1 Evacuation Pause)
[2024-08-27T15:00:54.824+0000][info][gc,task        ] GC(625) Using 24 workers of 68 for evacuation
[2024-08-27T15:00:54.835+0000][info][gc,phases      ] GC(625)   Pre Evacuate Collection Set: 0.2ms
[2024-08-27T15:00:54.835+0000][info][gc,phases      ] GC(625)   Merge Heap Roots: 0.3ms
[2024-08-27T15:00:54.835+0000][info][gc,phases      ] GC(625)   Evacuate Collection Set: 10.1ms
[2024-08-27T15:00:54.835+0000][info][gc,phases      ] GC(625)   Post Evacuate Collection Set: 0.5ms
[2024-08-27T15:00:54.835+0000][info][gc,phases      ] GC(625)   Other: 0.3ms
[2024-08-27T15:00:54.835+0000][info][gc,heap        ] GC(625) Eden regions: 43->0(44)
[2024-08-27T15:00:54.835+0000][info][gc,heap        ] GC(625) Survivor regions: 8->7(7)
[2024-08-27T15:00:54.835+0000][info][gc,heap        ] GC(625) Old regions: 787->834
[2024-08-27T15:00:54.835+0000][info][gc,heap        ] GC(625) Archive regions: 2->2
[2024-08-27T15:00:54.835+0000][info][gc,heap        ] GC(625) Humongous regions: 5->5
[2024-08-27T15:00:54.835+0000][info][gc,metaspace   ] GC(625) Metaspace: 100K(320K)->100K(320K) NonClass: 96K(192K)->96K(192K) Class: 4K(128K)->4K(128K)
[2024-08-27T15:00:54.835+0000][info][gc             ] GC(625) Pause Young (Normal) (G1 Evacuation Pause) 843M->846M(1024M) 11.518ms
[2024-08-27T15:00:54.835+0000][info][gc,cpu         ] GC(625) User=0.25s Sys=0.00s Real=0.01s
[2024-08-27T15:00:54.867+0000][info][gc,marking     ] GC(624) Concurrent Rebuild Remembered Sets 58.191ms
[2024-08-27T15:00:54.867+0000][info][gc,start       ] GC(624) Pause Cleanup
[2024-08-27T15:00:54.870+0000][info][gc             ] GC(624) Pause Cleanup 886M->886M(1024M) 2.901ms
[2024-08-27T15:00:54.870+0000][info][gc,cpu         ] GC(624) User=0.01s Sys=0.00s Real=0.01s
[2024-08-27T15:00:54.870+0000][info][gc,marking     ] GC(624) Concurrent Cleanup for Next Mark
[2024-08-27T15:00:54.871+0000][info][gc,marking     ] GC(624) Concurrent Cleanup for Next Mark 0.599ms
[2024-08-27T15:00:54.871+0000][info][gc             ] GC(624) Concurrent Mark Cycle 92.131ms
[2024-08-27T15:00:54.873+0000][info][gc,start       ] GC(626) Pause Young (Prepare Mixed) (G1 Evacuation Pause)
[2024-08-27T15:00:54.873+0000][info][gc,task        ] GC(626) Using 24 workers of 68 for evacuation
[2024-08-27T15:00:54.888+0000][info][gc,phases      ] GC(626)   Pre Evacuate Collection Set: 0.2ms
[2024-08-27T15:00:54.888+0000][info][gc,phases      ] GC(626)   Merge Heap Roots: 0.5ms
[2024-08-27T15:00:54.888+0000][info][gc,phases      ] GC(626)   Evacuate Collection Set: 13.9ms
[2024-08-27T15:00:54.888+0000][info][gc,phases      ] GC(626)   Post Evacuate Collection Set: 0.3ms
[2024-08-27T15:00:54.888+0000][info][gc,phases      ] GC(626)   Other: 0.3ms
[2024-08-27T15:00:54.888+0000][info][gc,heap        ] GC(626) Eden regions: 44->0(44)
[2024-08-27T15:00:54.888+0000][info][gc,heap        ] GC(626) Survivor regions: 7->7(7)
[2024-08-27T15:00:54.888+0000][info][gc,heap        ] GC(626) Old regions: 834->881
[2024-08-27T15:00:54.888+0000][info][gc,heap        ] GC(626) Archive regions: 2->2
[2024-08-27T15:00:54.888+0000][info][gc,heap        ] GC(626) Humongous regions: 5->5
[2024-08-27T15:00:54.888+0000][info][gc,metaspace   ] GC(626) Metaspace: 100K(320K)->100K(320K) NonClass: 96K(192K)->96K(192K) Class: 4K(128K)->4K(128K)
[2024-08-27T15:00:54.888+0000][info][gc             ] GC(626) Pause Young (Prepare Mixed) (G1 Evacuation Pause) 890M->893M(1024M) 15.361ms
[2024-08-27T15:00:54.888+0000][info][gc,cpu         ] GC(626) User=0.33s Sys=0.01s Real=0.01s
[2024-08-27T15:00:54.909+0000][info][gc,start       ] GC(627) Pause Young (Mixed) (G1 Evacuation Pause)
[2024-08-27T15:00:54.909+0000][info][gc,task        ] GC(627) Using 24 workers of 68 for evacuation
[2024-08-27T15:00:54.921+0000][info][gc,phases      ] GC(627)   Pre Evacuate Collection Set: 0.2ms
[2024-08-27T15:00:54.921+0000][info][gc,phases      ] GC(627)   Merge Heap Roots: 0.4ms
[2024-08-27T15:00:54.921+0000][info][gc,phases      ] GC(627)   Evacuate Collection Set: 10.6ms
[2024-08-27T15:00:54.921+0000][info][gc,phases      ] GC(627)   Post Evacuate Collection Set: 0.4ms
[2024-08-27T15:00:54.921+0000][info][gc,phases      ] GC(627)   Other: 0.3ms
[2024-08-27T15:00:54.921+0000][info][gc,heap        ] GC(627) Eden regions: 44->0(44)
[2024-08-27T15:00:54.921+0000][info][gc,heap        ] GC(627) Survivor regions: 7->7(7)
[2024-08-27T15:00:54.921+0000][info][gc,heap        ] GC(627) Old regions: 881->825
[2024-08-27T15:00:54.921+0000][info][gc,heap        ] GC(627) Archive regions: 2->2
[2024-08-27T15:00:54.921+0000][info][gc,heap        ] GC(627) Humongous regions: 5->5
[2024-08-27T15:00:54.921+0000][info][gc,metaspace   ] GC(627) Metaspace: 100K(320K)->100K(320K) NonClass: 96K(192K)->96K(192K) Class: 4K(128K)->4K(128K)
[2024-08-27T15:00:54.921+0000][info][gc             ] GC(627) Pause Young (Mixed) (G1 Evacuation Pause) 937M->837M(1024M) 12.139ms
[2024-08-27T15:00:54.921+0000][info][gc,cpu         ] GC(627) User=0.24s Sys=0.01s Real=0.02s
[2024-08-27T15:00:54.940+0000][info][gc,start       ] GC(628) Pause Young (Mixed) (G1 Evacuation Pause)
[2024-08-27T15:00:54.940+0000][info][gc,task        ] GC(628) Using 24 workers of 68 for evacuation
[2024-08-27T15:00:54.952+0000][info][gc,phases      ] GC(628)   Pre Evacuate Collection Set: 0.3ms
[2024-08-27T15:00:54.952+0000][info][gc,phases      ] GC(628)   Merge Heap Roots: 0.4ms
[2024-08-27T15:00:54.952+0000][info][gc,phases      ] GC(628)   Evacuate Collection Set: 10.9ms
[2024-08-27T15:00:54.952+0000][info][gc,phases      ] GC(628)   Post Evacuate Collection Set: 0.4ms
[2024-08-27T15:00:54.952+0000][info][gc,phases      ] GC(628)   Other: 0.4ms
[2024-08-27T15:00:54.952+0000][info][gc,heap        ] GC(628) Eden regions: 44->0(44)
[2024-08-27T15:00:54.952+0000][info][gc,heap        ] GC(628) Survivor regions: 7->7(7)
[2024-08-27T15:00:54.952+0000][info][gc,heap        ] GC(628) Old regions: 825->770
[2024-08-27T15:00:54.952+0000][info][gc,heap        ] GC(628) Archive regions: 2->2
[2024-08-27T15:00:54.952+0000][info][gc,heap        ] GC(628) Humongous regions: 5->5
[2024-08-27T15:00:54.953+0000][info][gc,metaspace   ] GC(628) Metaspace: 100K(320K)->100K(320K) NonClass: 96K(192K)->96K(192K) Class: 4K(128K)->4K(128K)
[2024-08-27T15:00:54.953+0000][info][gc             ] GC(628) Pause Young (Mixed) (G1 Evacuation Pause) 881M->782M(1024M) 12.507ms
[2024-08-27T15:00:54.953+0000][info][gc,cpu         ] GC(628) User=0.27s Sys=0.00s Real=0.01s
[2024-08-27T15:00:54.971+0000][info][gc,start       ] GC(629) Pause Young (Mixed) (G1 Evacuation Pause)
[2024-08-27T15:00:54.972+0000][info][gc,task        ] GC(629) Using 24 workers of 68 for evacuation
[2024-08-27T15:00:54.984+0000][info][gc,phases      ] GC(629)   Pre Evacuate Collection Set: 0.2ms
[2024-08-27T15:00:54.984+0000][info][gc,phases      ] GC(629)   Merge Heap Roots: 0.4ms
[2024-08-27T15:00:54.984+0000][info][gc,phases      ] GC(629)   Evacuate Collection Set: 11.1ms
[2024-08-27T15:00:54.984+0000][info][gc,phases      ] GC(629)   Post Evacuate Collection Set: 0.4ms
[2024-08-27T15:00:54.984+0000][info][gc,phases      ] GC(629)   Other: 0.4ms
[2024-08-27T15:00:54.984+0000][info][gc,heap        ] GC(629) Eden regions: 44->0(57)
[2024-08-27T15:00:54.984+0000][info][gc,heap        ] GC(629) Survivor regions: 7->7(7)
[2024-08-27T15:00:54.984+0000][info][gc,heap        ] GC(629) Old regions: 770->726
[2024-08-27T15:00:54.984+0000][info][gc,heap        ] GC(629) Archive regions: 2->2
[2024-08-27T15:00:54.984+0000][info][gc,heap        ] GC(629) Humongous regions: 5->5
[2024-08-27T15:00:54.984+0000][info][gc,metaspace   ] GC(629) Metaspace: 100K(320K)->100K(320K) NonClass: 96K(192K)->96K(192K) Class: 4K(128K)->4K(128K)
[2024-08-27T15:00:54.984+0000][info][gc             ] GC(629) Pause Young (Mixed) (G1 Evacuation Pause) 826M->738M(1024M) 12.679ms
[2024-08-27T15:00:54.984+0000][info][gc,cpu         ] GC(629) User=0.28s Sys=0.00s Real=0.01s
[2024-08-27T15:00:55.008+0000][info][gc,start       ] GC(630) Pause Young (Concurrent Start) (G1 Evacuation Pause)
[2024-08-27T15:00:55.008+0000][info][gc,task        ] GC(630) Using 24 workers of 68 for evacuation
[2024-08-27T15:00:55.022+0000][info][gc,phases      ] GC(630)   Pre Evacuate Collection Set: 0.2ms
[2024-08-27T15:00:55.022+0000][info][gc,phases      ] GC(630)   Merge Heap Roots: 0.4ms
[2024-08-27T15:00:55.022+0000][info][gc,phases      ] GC(630)   Evacuate Collection Set: 11.4ms
[2024-08-27T15:00:55.022+0000][info][gc,phases      ] GC(630)   Post Evacuate Collection Set: 0.4ms
[2024-08-27T15:00:55.022+0000][info][gc,phases      ] GC(630)   Other: 1.0ms
[2024-08-27T15:00:55.022+0000][info][gc,heap        ] GC(630) Eden regions: 57->0(43)
[2024-08-27T15:00:55.022+0000][info][gc,heap        ] GC(630) Survivor regions: 7->8(8)
[2024-08-27T15:00:55.022+0000][info][gc,heap        ] GC(630) Old regions: 726->784
[2024-08-27T15:00:55.022+0000][info][gc,heap        ] GC(630) Archive regions: 2->2
[2024-08-27T15:00:55.022+0000][info][gc,heap        ] GC(630) Humongous regions: 5->5
[2024-08-27T15:00:55.022+0000][info][gc,metaspace   ] GC(630) Metaspace: 100K(320K)->100K(320K) NonClass: 96K(192K)->96K(192K) Class: 4K(128K)->4K(128K)
[2024-08-27T15:00:55.022+0000][info][gc             ] GC(630) Pause Young (Concurrent Start) (G1 Evacuation Pause) 795M->797M(1024M) 13.515ms
[2024-08-27T15:00:55.022+0000][info][gc,cpu         ] GC(630) User=0.28s Sys=0.00s Real=0.02s
[2024-08-27T15:00:55.022+0000][info][gc             ] GC(631) Concurrent Mark Cycle
[2024-08-27T15:00:55.022+0000][info][gc,marking     ] GC(631) Concurrent Clear Claimed Marks
[2024-08-27T15:00:55.022+0000][info][gc,marking     ] GC(631) Concurrent Clear Claimed Marks 0.010ms
[2024-08-27T15:00:55.022+0000][info][gc,marking     ] GC(631) Concurrent Scan Root Regions
[2024-08-27T15:00:55.024+0000][info][gc,marking     ] GC(631) Concurrent Scan Root Regions 1.736ms
[2024-08-27T15:00:55.024+0000][info][gc,marking     ] GC(631) Concurrent Mark
[2024-08-27T15:00:55.024+0000][info][gc,marking     ] GC(631) Concurrent Mark From Roots
[2024-08-27T15:00:55.024+0000][info][gc,task        ] GC(631) Using 17 workers of 17 for marking
[2024-08-27T15:00:55.044+0000][info][gc,marking     ] GC(631) Concurrent Mark From Roots 20.024ms
[2024-08-27T15:00:55.044+0000][info][gc,marking     ] GC(631) Concurrent Preclean
[2024-08-27T15:00:55.044+0000][info][gc,marking     ] GC(631) Concurrent Preclean 0.500ms
[2024-08-27T15:00:55.045+0000][info][gc,start       ] GC(631) Pause Remark
[2024-08-27T15:00:55.046+0000][info][gc             ] GC(631) Pause Remark 825M->825M(1024M) 1.698ms
[2024-08-27T15:00:55.046+0000][info][gc,cpu         ] GC(631) User=0.00s Sys=0.00s Real=0.00s
[2024-08-27T15:00:55.046+0000][info][gc,marking     ] GC(631) Concurrent Mark 22.708ms
[2024-08-27T15:00:55.046+0000][info][gc,marking     ] GC(631) Concurrent Rebuild Remembered Sets
[2024-08-27T15:00:55.058+0000][info][gc,start       ] GC(632) Pause Young (Normal) (G1 Evacuation Pause)
[2024-08-27T15:00:55.058+0000][info][gc,task        ] GC(632) Using 24 workers of 68 for evacuation
[2024-08-27T15:00:55.068+0000][info][gc,phases      ] GC(632)   Pre Evacuate Collection Set: 0.2ms
[2024-08-27T15:00:55.068+0000][info][gc,phases      ] GC(632)   Merge Heap Roots: 0.4ms
[2024-08-27T15:00:55.068+0000][info][gc,phases      ] GC(632)   Evacuate Collection Set: 9.3ms
[2024-08-27T15:00:55.068+0000][info][gc,phases      ] GC(632)   Post Evacuate Collection Set: 0.5ms
[2024-08-27T15:00:55.068+0000][info][gc,phases      ] GC(632)   Other: 0.3ms
[2024-08-27T15:00:55.068+0000][info][gc,heap        ] GC(632) Eden regions: 43->0(44)
[2024-08-27T15:00:55.068+0000][info][gc,heap        ] GC(632) Survivor regions: 8->7(7)
[2024-08-27T15:00:55.068+0000][info][gc,heap        ] GC(632) Old regions: 784->832
[2024-08-27T15:00:55.068+0000][info][gc,heap        ] GC(632) Archive regions: 2->2
[2024-08-27T15:00:55.069+0000][info][gc,heap        ] GC(632) Humongous regions: 5->5
[2024-08-27T15:00:55.069+0000][info][gc,metaspace   ] GC(632) Metaspace: 100K(320K)->100K(320K) NonClass: 96K(192K)->96K(192K) Class: 4K(128K)->4K(128K)
[2024-08-27T15:00:55.069+0000][info][gc             ] GC(632) Pause Young (Normal) (G1 Evacuation Pause) 840M->844M(1024M) 10.772ms
[2024-08-27T15:00:55.069+0000][info][gc,cpu         ] GC(632) User=0.23s Sys=0.00s Real=0.00s
[2024-08-27T15:00:55.101+0000][info][gc,marking     ] GC(631) Concurrent Rebuild Remembered Sets 54.981ms
[2024-08-27T15:00:55.102+0000][info][gc,start       ] GC(631) Pause Cleanup
[2024-08-27T15:00:55.105+0000][info][gc             ] GC(631) Pause Cleanup 888M->888M(1024M) 2.904ms
[2024-08-27T15:00:55.105+0000][info][gc,cpu         ] GC(631) User=0.01s Sys=0.00s Real=0.00s
[2024-08-27T15:00:55.105+0000][info][gc,marking     ] GC(631) Concurrent Cleanup for Next Mark
[2024-08-27T15:00:55.105+0000][info][gc,start       ] GC(633) Pause Young (Prepare Mixed) (G1 Evacuation Pause)
[2024-08-27T15:00:55.105+0000][info][gc,task        ] GC(633) Using 24 workers of 68 for evacuation
[2024-08-27T15:00:55.120+0000][info][gc,phases      ] GC(633)   Pre Evacuate Collection Set: 0.2ms
[2024-08-27T15:00:55.120+0000][info][gc,phases      ] GC(633)   Merge Heap Roots: 0.4ms
[2024-08-27T15:00:55.120+0000][info][gc,phases      ] GC(633)   Evacuate Collection Set: 13.3ms
[2024-08-27T15:00:55.120+0000][info][gc,phases      ] GC(633)   Post Evacuate Collection Set: 0.3ms
[2024-08-27T15:00:55.120+0000][info][gc,phases      ] GC(633)   Other: 0.2ms
[2024-08-27T15:00:55.120+0000][info][gc,heap        ] GC(633) Eden regions: 44->0(44)
[2024-08-27T15:00:55.120+0000][info][gc,heap        ] GC(633) Survivor regions: 7->7(7)
[2024-08-27T15:00:55.120+0000][info][gc,heap        ] GC(633) Old regions: 832->879
[2024-08-27T15:00:55.120+0000][info][gc,heap        ] GC(633) Archive regions: 2->2
[2024-08-27T15:00:55.120+0000][info][gc,heap        ] GC(633) Humongous regions: 5->5
[2024-08-27T15:00:55.120+0000][info][gc,metaspace   ] GC(633) Metaspace: 100K(320K)->100K(320K) NonClass: 96K(192K)->96K(192K) Class: 4K(128K)->4K(128K)
[2024-08-27T15:00:55.120+0000][info][gc             ] GC(633) Pause Young (Prepare Mixed) (G1 Evacuation Pause) 888M->891M(1024M) 14.534ms
[2024-08-27T15:00:55.120+0000][info][gc,cpu         ] GC(633) User=0.30s Sys=0.03s Real=0.02s
[2024-08-27T15:00:55.120+0000][info][gc,marking     ] GC(631) Concurrent Cleanup for Next Mark 15.501ms
[2024-08-27T15:00:55.120+0000][info][gc             ] GC(631) Concurrent Mark Cycle 98.599ms
[2024-08-27T15:00:55.141+0000][info][gc,start       ] GC(634) Pause Young (Mixed) (G1 Evacuation Pause)
[2024-08-27T15:00:55.141+0000][info][gc,task        ] GC(634) Using 24 workers of 68 for evacuation
[2024-08-27T15:00:55.152+0000][info][gc,phases      ] GC(634)   Pre Evacuate Collection Set: 0.2ms
[2024-08-27T15:00:55.152+0000][info][gc,phases      ] GC(634)   Merge Heap Roots: 0.4ms
[2024-08-27T15:00:55.152+0000][info][gc,phases      ] GC(634)   Evacuate Collection Set: 10.1ms
[2024-08-27T15:00:55.152+0000][info][gc,phases      ] GC(634)   Post Evacuate Collection Set: 0.4ms
[2024-08-27T15:00:55.152+0000][info][gc,phases      ] GC(634)   Other: 0.3ms
[2024-08-27T15:00:55.152+0000][info][gc,heap        ] GC(634) Eden regions: 44->0(44)
[2024-08-27T15:00:55.152+0000][info][gc,heap        ] GC(634) Survivor regions: 7->7(7)
[2024-08-27T15:00:55.152+0000][info][gc,heap        ] GC(634) Old regions: 879->823
[2024-08-27T15:00:55.152+0000][info][gc,heap        ] GC(634) Archive regions: 2->2
[2024-08-27T15:00:55.152+0000][info][gc,heap        ] GC(634) Humongous regions: 5->5
[2024-08-27T15:00:55.152+0000][info][gc,metaspace   ] GC(634) Metaspace: 100K(320K)->100K(320K) NonClass: 96K(192K)->96K(192K) Class: 4K(128K)->4K(128K)
[2024-08-27T15:00:55.152+0000][info][gc             ] GC(634) Pause Young (Mixed) (G1 Evacuation Pause) 935M->835M(1024M) 11.637ms
[2024-08-27T15:00:55.152+0000][info][gc,cpu         ] GC(634) User=0.24s Sys=0.01s Real=0.01s
[2024-08-27T15:00:55.171+0000][info][gc,start       ] GC(635) Pause Young (Mixed) (G1 Evacuation Pause)
[2024-08-27T15:00:55.171+0000][info][gc,task        ] GC(635) Using 24 workers of 68 for evacuation
[2024-08-27T15:00:55.183+0000][info][gc,phases      ] GC(635)   Pre Evacuate Collection Set: 0.2ms
[2024-08-27T15:00:55.183+0000][info][gc,phases      ] GC(635)   Merge Heap Roots: 0.4ms
[2024-08-27T15:00:55.183+0000][info][gc,phases      ] GC(635)   Evacuate Collection Set: 10.3ms
[2024-08-27T15:00:55.183+0000][info][gc,phases      ] GC(635)   Post Evacuate Collection Set: 0.4ms
[2024-08-27T15:00:55.183+0000][info][gc,phases      ] GC(635)   Other: 0.4ms
[2024-08-27T15:00:55.183+0000][info][gc,heap        ] GC(635) Eden regions: 44->0(44)
[2024-08-27T15:00:55.183+0000][info][gc,heap        ] GC(635) Survivor regions: 7->7(7)
[2024-08-27T15:00:55.183+0000][info][gc,heap        ] GC(635) Old regions: 823->766
[2024-08-27T15:00:55.183+0000][info][gc,heap        ] GC(635) Archive regions: 2->2
[2024-08-27T15:00:55.183+0000][info][gc,heap        ] GC(635) Humongous regions: 5->5
[2024-08-27T15:00:55.183+0000][info][gc,metaspace   ] GC(635) Metaspace: 100K(320K)->100K(320K) NonClass: 96K(192K)->96K(192K) Class: 4K(128K)->4K(128K)
[2024-08-27T15:00:55.183+0000][info][gc             ] GC(635) Pause Young (Mixed) (G1 Evacuation Pause) 879M->778M(1024M) 11.761ms
[2024-08-27T15:00:55.183+0000][info][gc,cpu         ] GC(635) User=0.25s Sys=0.00s Real=0.01s
[2024-08-27T15:00:55.202+0000][info][gc,start       ] GC(636) Pause Young (Mixed) (G1 Evacuation Pause)
[2024-08-27T15:00:55.202+0000][info][gc,task        ] GC(636) Using 24 workers of 68 for evacuation
[2024-08-27T15:00:55.214+0000][info][gc,phases      ] GC(636)   Pre Evacuate Collection Set: 0.2ms
[2024-08-27T15:00:55.214+0000][info][gc,phases      ] GC(636)   Merge Heap Roots: 0.3ms
[2024-08-27T15:00:55.214+0000][info][gc,phases      ] GC(636)   Evacuate Collection Set: 10.0ms
[2024-08-27T15:00:55.214+0000][info][gc,phases      ] GC(636)   Post Evacuate Collection Set: 0.5ms
[2024-08-27T15:00:55.214+0000][info][gc,phases      ] GC(636)   Other: 0.3ms
[2024-08-27T15:00:55.214+0000][info][gc,heap        ] GC(636) Eden regions: 44->0(56)
[2024-08-27T15:00:55.214+0000][info][gc,heap        ] GC(636) Survivor regions: 7->7(7)
[2024-08-27T15:00:55.214+0000][info][gc,heap        ] GC(636) Old regions: 766->727
[2024-08-27T15:00:55.214+0000][info][gc,heap        ] GC(636) Archive regions: 2->2
[2024-08-27T15:00:55.214+0000][info][gc,heap        ] GC(636) Humongous regions: 5->5
[2024-08-27T15:00:55.214+0000][info][gc,metaspace   ] GC(636) Metaspace: 100K(320K)->100K(320K) NonClass: 96K(192K)->96K(192K) Class: 4K(128K)->4K(128K)
[2024-08-27T15:00:55.214+0000][info][gc             ] GC(636) Pause Young (Mixed) (G1 Evacuation Pause) 822M->739M(1024M) 11.521ms
[2024-08-27T15:00:55.214+0000][info][gc,cpu         ] GC(636) User=0.24s Sys=0.00s Real=0.01s
[2024-08-27T15:00:55.237+0000][info][gc,start       ] GC(637) Pause Young (Concurrent Start) (G1 Evacuation Pause)
[2024-08-27T15:00:55.237+0000][info][gc,task        ] GC(637) Using 24 workers of 68 for evacuation
[2024-08-27T15:00:55.250+0000][info][gc,phases      ] GC(637)   Pre Evacuate Collection Set: 0.2ms
[2024-08-27T15:00:55.250+0000][info][gc,phases      ] GC(637)   Merge Heap Roots: 0.4ms
[2024-08-27T15:00:55.250+0000][info][gc,phases      ] GC(637)   Evacuate Collection Set: 11.3ms
[2024-08-27T15:00:55.250+0000][info][gc,phases      ] GC(637)   Post Evacuate Collection Set: 0.4ms
[2024-08-27T15:00:55.250+0000][info][gc,phases      ] GC(637)   Other: 1.0ms
[2024-08-27T15:00:55.250+0000][info][gc,heap        ] GC(637) Eden regions: 56->0(43)
[2024-08-27T15:00:55.250+0000][info][gc,heap        ] GC(637) Survivor regions: 7->8(8)
[2024-08-27T15:00:55.250+0000][info][gc,heap        ] GC(637) Old regions: 727->785
[2024-08-27T15:00:55.250+0000][info][gc,heap        ] GC(637) Archive regions: 2->2
[2024-08-27T15:00:55.250+0000][info][gc,heap        ] GC(637) Humongous regions: 5->5
[2024-08-27T15:00:55.250+0000][info][gc,metaspace   ] GC(637) Metaspace: 100K(320K)->100K(320K) NonClass: 96K(192K)->96K(192K) Class: 4K(128K)->4K(128K)
[2024-08-27T15:00:55.250+0000][info][gc             ] GC(637) Pause Young (Concurrent Start) (G1 Evacuation Pause) 795M->798M(1024M) 13.471ms
[2024-08-27T15:00:55.250+0000][info][gc,cpu         ] GC(637) User=0.25s Sys=0.03s Real=0.02s
[2024-08-27T15:00:55.250+0000][info][gc             ] GC(638) Concurrent Mark Cycle
[2024-08-27T15:00:55.250+0000][info][gc,marking     ] GC(638) Concurrent Clear Claimed Marks
[2024-08-27T15:00:55.250+0000][info][gc,marking     ] GC(638) Concurrent Clear Claimed Marks 0.011ms
[2024-08-27T15:00:55.250+0000][info][gc,marking     ] GC(638) Concurrent Scan Root Regions
[2024-08-27T15:00:55.252+0000][info][gc,marking     ] GC(638) Concurrent Scan Root Regions 1.727ms
[2024-08-27T15:00:55.252+0000][info][gc,marking     ] GC(638) Concurrent Mark
[2024-08-27T15:00:55.252+0000][info][gc,marking     ] GC(638) Concurrent Mark From Roots
[2024-08-27T15:00:55.252+0000][info][gc,task        ] GC(638) Using 17 workers of 17 for marking
[2024-08-27T15:00:55.272+0000][info][gc,marking     ] GC(638) Concurrent Mark From Roots 20.017ms
[2024-08-27T15:00:55.272+0000][info][gc,marking     ] GC(638) Concurrent Preclean
[2024-08-27T15:00:55.273+0000][info][gc,marking     ] GC(638) Concurrent Preclean 0.498ms
[2024-08-27T15:00:55.273+0000][info][gc,start       ] GC(638) Pause Remark
[2024-08-27T15:00:55.275+0000][info][gc             ] GC(638) Pause Remark 826M->826M(1024M) 1.651ms
[2024-08-27T15:00:55.275+0000][info][gc,cpu         ] GC(638) User=0.00s Sys=0.01s Real=0.00s
[2024-08-27T15:00:55.275+0000][info][gc,marking     ] GC(638) Concurrent Mark 22.667ms
[2024-08-27T15:00:55.275+0000][info][gc,marking     ] GC(638) Concurrent Rebuild Remembered Sets
[2024-08-27T15:00:55.286+0000][info][gc,start       ] GC(639) Pause Young (Normal) (G1 Evacuation Pause)
[2024-08-27T15:00:55.286+0000][info][gc,task        ] GC(639) Using 24 workers of 68 for evacuation
[2024-08-27T15:00:55.296+0000][info][gc,phases      ] GC(639)   Pre Evacuate Collection Set: 0.2ms
[2024-08-27T15:00:55.297+0000][info][gc,phases      ] GC(639)   Merge Heap Roots: 0.4ms
[2024-08-27T15:00:55.297+0000][info][gc,phases      ] GC(639)   Evacuate Collection Set: 9.1ms
[2024-08-27T15:00:55.297+0000][info][gc,phases      ] GC(639)   Post Evacuate Collection Set: 0.4ms
[2024-08-27T15:00:55.297+0000][info][gc,phases      ] GC(639)   Other: 0.3ms
[2024-08-27T15:00:55.297+0000][info][gc,heap        ] GC(639) Eden regions: 43->0(44)
[2024-08-27T15:00:55.297+0000][info][gc,heap        ] GC(639) Survivor regions: 8->7(7)
[2024-08-27T15:00:55.297+0000][info][gc,heap        ] GC(639) Old regions: 785->832
[2024-08-27T15:00:55.297+0000][info][gc,heap        ] GC(639) Archive regions: 2->2
[2024-08-27T15:00:55.297+0000][info][gc,heap        ] GC(639) Humongous regions: 5->5
[2024-08-27T15:00:55.297+0000][info][gc,metaspace   ] GC(639) Metaspace: 100K(320K)->100K(320K) NonClass: 96K(192K)->96K(192K) Class: 4K(128K)->4K(128K)
[2024-08-27T15:00:55.297+0000][info][gc             ] GC(639) Pause Young (Normal) (G1 Evacuation Pause) 841M->844M(1024M) 10.508ms
[2024-08-27T15:00:55.297+0000][info][gc,cpu         ] GC(639) User=0.22s Sys=0.00s Real=0.01s
[2024-08-27T15:00:55.326+0000][info][gc,start       ] GC(640) Pause Young (Normal) (G1 Evacuation Pause)
[2024-08-27T15:00:55.326+0000][info][gc,task        ] GC(640) Using 24 workers of 68 for evacuation
[2024-08-27T15:00:55.341+0000][info][gc,phases      ] GC(640)   Pre Evacuate Collection Set: 0.2ms
[2024-08-27T15:00:55.341+0000][info][gc,phases      ] GC(640)   Merge Heap Roots: 0.4ms
[2024-08-27T15:00:55.341+0000][info][gc,phases      ] GC(640)   Evacuate Collection Set: 14.3ms
[2024-08-27T15:00:55.341+0000][info][gc,phases      ] GC(640)   Post Evacuate Collection Set: 0.6ms
[2024-08-27T15:00:55.341+0000][info][gc,phases      ] GC(640)   Other: 0.4ms
[2024-08-27T15:00:55.341+0000][info][gc,heap        ] GC(640) Eden regions: 44->0(44)
[2024-08-27T15:00:55.341+0000][info][gc,heap        ] GC(640) Survivor regions: 7->7(7)
[2024-08-27T15:00:55.341+0000][info][gc,heap        ] GC(640) Old regions: 832->878
[2024-08-27T15:00:55.341+0000][info][gc,heap        ] GC(640) Archive regions: 2->2
[2024-08-27T15:00:55.342+0000][info][gc,heap        ] GC(640) Humongous regions: 5->5
[2024-08-27T15:00:55.342+0000][info][gc,metaspace   ] GC(640) Metaspace: 100K(320K)->100K(320K) NonClass: 96K(192K)->96K(192K) Class: 4K(128K)->4K(128K)
[2024-08-27T15:00:55.342+0000][info][gc             ] GC(640) Pause Young (Normal) (G1 Evacuation Pause) 888M->890M(1024M) 15.980ms
[2024-08-27T15:00:55.342+0000][info][gc,cpu         ] GC(640) User=0.34s Sys=0.01s Real=0.02s
[2024-08-27T15:00:55.346+0000][info][gc,marking     ] GC(638) Concurrent Rebuild Remembered Sets 71.235ms
[2024-08-27T15:00:55.347+0000][info][gc,start       ] GC(638) Pause Cleanup
[2024-08-27T15:00:55.349+0000][info][gc             ] GC(638) Pause Cleanup 896M->896M(1024M) 2.834ms
[2024-08-27T15:00:55.350+0000][info][gc,cpu         ] GC(638) User=0.01s Sys=0.00s Real=0.01s
[2024-08-27T15:00:55.350+0000][info][gc,marking     ] GC(638) Concurrent Cleanup for Next Mark
[2024-08-27T15:00:55.350+0000][info][gc,marking     ] GC(638) Concurrent Cleanup for Next Mark 0.623ms
[2024-08-27T15:00:55.350+0000][info][gc             ] GC(638) Concurrent Mark Cycle 99.811ms
[2024-08-27T15:00:55.371+0000][info][gc,start       ] GC(641) Pause Young (Prepare Mixed) (G1 Evacuation Pause)
[2024-08-27T15:00:55.371+0000][info][gc,task        ] GC(641) Using 24 workers of 68 for evacuation
[2024-08-27T15:00:55.388+0000][info][gc,phases      ] GC(641)   Pre Evacuate Collection Set: 0.2ms
[2024-08-27T15:00:55.388+0000][info][gc,phases      ] GC(641)   Merge Heap Roots: 0.6ms
[2024-08-27T15:00:55.388+0000][info][gc,phases      ] GC(641)   Evacuate Collection Set: 15.7ms
[2024-08-27T15:00:55.388+0000][info][gc,phases      ] GC(641)   Post Evacuate Collection Set: 0.3ms
[2024-08-27T15:00:55.388+0000][info][gc,phases      ] GC(641)   Other: 0.3ms
[2024-08-27T15:00:55.388+0000][info][gc,heap        ] GC(641) Eden regions: 44->0(44)
[2024-08-27T15:00:55.388+0000][info][gc,heap        ] GC(641) Survivor regions: 7->7(7)
[2024-08-27T15:00:55.388+0000][info][gc,heap        ] GC(641) Old regions: 878->925
[2024-08-27T15:00:55.388+0000][info][gc,heap        ] GC(641) Archive regions: 2->2
[2024-08-27T15:00:55.388+0000][info][gc,heap        ] GC(641) Humongous regions: 5->5
[2024-08-27T15:00:55.388+0000][info][gc,metaspace   ] GC(641) Metaspace: 100K(320K)->100K(320K) NonClass: 96K(192K)->96K(192K) Class: 4K(128K)->4K(128K)
[2024-08-27T15:00:55.388+0000][info][gc             ] GC(641) Pause Young (Prepare Mixed) (G1 Evacuation Pause) 934M->937M(1024M) 17.212ms
[2024-08-27T15:00:55.388+0000][info][gc,cpu         ] GC(641) User=0.38s Sys=0.00s Real=0.01s
[2024-08-27T15:00:55.405+0000][info][gc,start       ] GC(642) Pause Young (Mixed) (G1 Preventive Collection)
[2024-08-27T15:00:55.406+0000][info][gc,task        ] GC(642) Using 24 workers of 68 for evacuation
[2024-08-27T15:00:55.415+0000][info][gc,phases      ] GC(642)   Pre Evacuate Collection Set: 0.2ms
[2024-08-27T15:00:55.415+0000][info][gc,phases      ] GC(642)   Merge Heap Roots: 0.3ms
[2024-08-27T15:00:55.415+0000][info][gc,phases      ] GC(642)   Evacuate Collection Set: 8.6ms
[2024-08-27T15:00:55.415+0000][info][gc,phases      ] GC(642)   Post Evacuate Collection Set: 0.4ms
[2024-08-27T15:00:55.415+0000][info][gc,phases      ] GC(642)   Other: 0.4ms
[2024-08-27T15:00:55.415+0000][info][gc,heap        ] GC(642) Eden regions: 37->0(44)
[2024-08-27T15:00:55.415+0000][info][gc,heap        ] GC(642) Survivor regions: 7->7(7)
[2024-08-27T15:00:55.415+0000][info][gc,heap        ] GC(642) Old regions: 925->863
[2024-08-27T15:00:55.416+0000][info][gc,heap        ] GC(642) Archive regions: 2->2
[2024-08-27T15:00:55.416+0000][info][gc,heap        ] GC(642) Humongous regions: 5->5
[2024-08-27T15:00:55.416+0000][info][gc,metaspace   ] GC(642) Metaspace: 100K(320K)->100K(320K) NonClass: 96K(192K)->96K(192K) Class: 4K(128K)->4K(128K)
[2024-08-27T15:00:55.416+0000][info][gc             ] GC(642) Pause Young (Mixed) (G1 Preventive Collection) 974M->875M(1024M) 10.125ms
[2024-08-27T15:00:55.416+0000][info][gc,cpu         ] GC(642) User=0.22s Sys=0.00s Real=0.01s
[2024-08-27T15:00:55.434+0000][info][gc,start       ] GC(643) Pause Young (Mixed) (G1 Evacuation Pause)
[2024-08-27T15:00:55.434+0000][info][gc,task        ] GC(643) Using 24 workers of 68 for evacuation
[2024-08-27T15:00:55.445+0000][info][gc,phases      ] GC(643)   Pre Evacuate Collection Set: 0.3ms
[2024-08-27T15:00:55.445+0000][info][gc,phases      ] GC(643)   Merge Heap Roots: 0.4ms
[2024-08-27T15:00:55.445+0000][info][gc,phases      ] GC(643)   Evacuate Collection Set: 10.0ms
[2024-08-27T15:00:55.446+0000][info][gc,phases      ] GC(643)   Post Evacuate Collection Set: 0.4ms
[2024-08-27T15:00:55.446+0000][info][gc,phases      ] GC(643)   Other: 0.3ms
[2024-08-27T15:00:55.446+0000][info][gc,heap        ] GC(643) Eden regions: 44->0(44)
[2024-08-27T15:00:55.446+0000][info][gc,heap        ] GC(643) Survivor regions: 7->7(7)
[2024-08-27T15:00:55.446+0000][info][gc,heap        ] GC(643) Old regions: 863->806
[2024-08-27T15:00:55.446+0000][info][gc,heap        ] GC(643) Archive regions: 2->2
[2024-08-27T15:00:55.446+0000][info][gc,heap        ] GC(643) Humongous regions: 5->5
[2024-08-27T15:00:55.446+0000][info][gc,metaspace   ] GC(643) Metaspace: 100K(320K)->100K(320K) NonClass: 96K(192K)->96K(192K) Class: 4K(128K)->4K(128K)
[2024-08-27T15:00:55.446+0000][info][gc             ] GC(643) Pause Young (Mixed) (G1 Evacuation Pause) 919M->818M(1024M) 11.619ms
[2024-08-27T15:00:55.446+0000][info][gc,cpu         ] GC(643) User=0.24s Sys=0.01s Real=0.01s
[2024-08-27T15:00:55.464+0000][info][gc,start       ] GC(644) Pause Young (Mixed) (G1 Evacuation Pause)
[2024-08-27T15:00:55.464+0000][info][gc,task        ] GC(644) Using 24 workers of 68 for evacuation
[2024-08-27T15:00:55.476+0000][info][gc,phases      ] GC(644)   Pre Evacuate Collection Set: 0.2ms
[2024-08-27T15:00:55.476+0000][info][gc,phases      ] GC(644)   Merge Heap Roots: 0.4ms
[2024-08-27T15:00:55.476+0000][info][gc,phases      ] GC(644)   Evacuate Collection Set: 10.2ms
[2024-08-27T15:00:55.476+0000][info][gc,phases      ] GC(644)   Post Evacuate Collection Set: 0.4ms
[2024-08-27T15:00:55.476+0000][info][gc,phases      ] GC(644)   Other: 0.3ms
[2024-08-27T15:00:55.476+0000][info][gc,heap        ] GC(644) Eden regions: 44->0(45)
[2024-08-27T15:00:55.476+0000][info][gc,heap        ] GC(644) Survivor regions: 7->7(7)
[2024-08-27T15:00:55.476+0000][info][gc,heap        ] GC(644) Old regions: 806->764
[2024-08-27T15:00:55.476+0000][info][gc,heap        ] GC(644) Archive regions: 2->2
[2024-08-27T15:00:55.476+0000][info][gc,heap        ] GC(644) Humongous regions: 5->5
[2024-08-27T15:00:55.476+0000][info][gc,metaspace   ] GC(644) Metaspace: 100K(320K)->100K(320K) NonClass: 96K(192K)->96K(192K) Class: 4K(128K)->4K(128K)
[2024-08-27T15:00:55.476+0000][info][gc             ] GC(644) Pause Young (Mixed) (G1 Evacuation Pause) 862M->776M(1024M) 11.735ms
[2024-08-27T15:00:55.476+0000][info][gc,cpu         ] GC(644) User=0.25s Sys=0.00s Real=0.01s
[2024-08-27T15:00:55.495+0000][info][gc,start       ] GC(645) Pause Young (Concurrent Start) (G1 Evacuation Pause)
[2024-08-27T15:00:55.495+0000][info][gc,task        ] GC(645) Using 24 workers of 68 for evacuation
[2024-08-27T15:00:55.507+0000][info][gc,phases      ] GC(645)   Pre Evacuate Collection Set: 0.2ms
[2024-08-27T15:00:55.507+0000][info][gc,phases      ] GC(645)   Merge Heap Roots: 0.4ms
[2024-08-27T15:00:55.507+0000][info][gc,phases      ] GC(645)   Evacuate Collection Set: 9.9ms
[2024-08-27T15:00:55.507+0000][info][gc,phases      ] GC(645)   Post Evacuate Collection Set: 0.4ms
[2024-08-27T15:00:55.507+0000][info][gc,phases      ] GC(645)   Other: 1.0ms
[2024-08-27T15:00:55.507+0000][info][gc,heap        ] GC(645) Eden regions: 45->0(44)
[2024-08-27T15:00:55.507+0000][info][gc,heap        ] GC(645) Survivor regions: 7->7(7)
[2024-08-27T15:00:55.507+0000][info][gc,heap        ] GC(645) Old regions: 764->812
[2024-08-27T15:00:55.507+0000][info][gc,heap        ] GC(645) Archive regions: 2->2
[2024-08-27T15:00:55.507+0000][info][gc,heap        ] GC(645) Humongous regions: 5->5
[2024-08-27T15:00:55.507+0000][info][gc,metaspace   ] GC(645) Metaspace: 100K(320K)->100K(320K) NonClass: 96K(192K)->96K(192K) Class: 4K(128K)->4K(128K)
[2024-08-27T15:00:55.507+0000][info][gc             ] GC(645) Pause Young (Concurrent Start) (G1 Evacuation Pause) 821M->824M(1024M) 12.030ms
[2024-08-27T15:00:55.507+0000][info][gc,cpu         ] GC(645) User=0.24s Sys=0.00s Real=0.01s
[2024-08-27T15:00:55.507+0000][info][gc             ] GC(646) Concurrent Mark Cycle
[2024-08-27T15:00:55.507+0000][info][gc,marking     ] GC(646) Concurrent Clear Claimed Marks
[2024-08-27T15:00:55.507+0000][info][gc,marking     ] GC(646) Concurrent Clear Claimed Marks 0.011ms
[2024-08-27T15:00:55.507+0000][info][gc,marking     ] GC(646) Concurrent Scan Root Regions
[2024-08-27T15:00:55.509+0000][info][gc,marking     ] GC(646) Concurrent Scan Root Regions 1.696ms
[2024-08-27T15:00:55.509+0000][info][gc,marking     ] GC(646) Concurrent Mark
[2024-08-27T15:00:55.509+0000][info][gc,marking     ] GC(646) Concurrent Mark From Roots
[2024-08-27T15:00:55.509+0000][info][gc,task        ] GC(646) Using 17 workers of 17 for marking
[2024-08-27T15:00:55.530+0000][info][gc,marking     ] GC(646) Concurrent Mark From Roots 20.523ms
[2024-08-27T15:00:55.530+0000][info][gc,marking     ] GC(646) Concurrent Preclean
[2024-08-27T15:00:55.530+0000][info][gc,marking     ] GC(646) Concurrent Preclean 0.499ms
[2024-08-27T15:00:55.530+0000][info][gc,start       ] GC(646) Pause Remark
[2024-08-27T15:00:55.532+0000][info][gc             ] GC(646) Pause Remark 852M->852M(1024M) 1.071ms
[2024-08-27T15:00:55.532+0000][info][gc,cpu         ] GC(646) User=0.01s Sys=0.00s Real=0.00s
[2024-08-27T15:00:55.532+0000][info][gc,marking     ] GC(646) Concurrent Mark 22.481ms
[2024-08-27T15:00:55.532+0000][info][gc,marking     ] GC(646) Concurrent Rebuild Remembered Sets
[2024-08-27T15:00:55.543+0000][info][gc,start       ] GC(647) Pause Young (Normal) (G1 Evacuation Pause)
[2024-08-27T15:00:55.543+0000][info][gc,task        ] GC(647) Using 24 workers of 68 for evacuation
[2024-08-27T15:00:55.553+0000][info][gc,phases      ] GC(647)   Pre Evacuate Collection Set: 0.1ms
[2024-08-27T15:00:55.553+0000][info][gc,phases      ] GC(647)   Merge Heap Roots: 0.3ms
[2024-08-27T15:00:55.553+0000][info][gc,phases      ] GC(647)   Evacuate Collection Set: 9.0ms
[2024-08-27T15:00:55.553+0000][info][gc,phases      ] GC(647)   Post Evacuate Collection Set: 0.4ms
[2024-08-27T15:00:55.553+0000][info][gc,phases      ] GC(647)   Other: 0.2ms
[2024-08-27T15:00:55.553+0000][info][gc,heap        ] GC(647) Eden regions: 44->0(44)
[2024-08-27T15:00:55.553+0000][info][gc,heap        ] GC(647) Survivor regions: 7->7(7)
[2024-08-27T15:00:55.553+0000][info][gc,heap        ] GC(647) Old regions: 812->859
[2024-08-27T15:00:55.553+0000][info][gc,heap        ] GC(647) Archive regions: 2->2
[2024-08-27T15:00:55.553+0000][info][gc,heap        ] GC(647) Humongous regions: 5->5
[2024-08-27T15:00:55.553+0000][info][gc,metaspace   ] GC(647) Metaspace: 100K(320K)->100K(320K) NonClass: 96K(192K)->96K(192K) Class: 4K(128K)->4K(128K)
[2024-08-27T15:00:55.553+0000][info][gc             ] GC(647) Pause Young (Normal) (G1 Evacuation Pause) 868M->871M(1024M) 10.152ms
[2024-08-27T15:00:55.553+0000][info][gc,cpu         ] GC(647) User=0.22s Sys=0.01s Real=0.01s
[2024-08-27T15:00:55.587+0000][info][gc,start       ] GC(648) Pause Young (Normal) (G1 Evacuation Pause)
[2024-08-27T15:00:55.587+0000][info][gc,task        ] GC(648) Using 24 workers of 68 for evacuation
[2024-08-27T15:00:55.601+0000][info][gc,phases      ] GC(648)   Pre Evacuate Collection Set: 0.2ms
[2024-08-27T15:00:55.601+0000][info][gc,phases      ] GC(648)   Merge Heap Roots: 0.4ms
[2024-08-27T15:00:55.602+0000][info][gc,phases      ] GC(648)   Evacuate Collection Set: 13.0ms
[2024-08-27T15:00:55.602+0000][info][gc,phases      ] GC(648)   Post Evacuate Collection Set: 0.5ms
[2024-08-27T15:00:55.602+0000][info][gc,phases      ] GC(648)   Other: 0.2ms
[2024-08-27T15:00:55.602+0000][info][gc,heap        ] GC(648) Eden regions: 44->0(44)
[2024-08-27T15:00:55.602+0000][info][gc,heap        ] GC(648) Survivor regions: 7->7(7)
[2024-08-27T15:00:55.602+0000][info][gc,heap        ] GC(648) Old regions: 859->906
[2024-08-27T15:00:55.602+0000][info][gc,heap        ] GC(648) Archive regions: 2->2
[2024-08-27T15:00:55.602+0000][info][gc,heap        ] GC(648) Humongous regions: 5->5
[2024-08-27T15:00:55.602+0000][info][gc,metaspace   ] GC(648) Metaspace: 100K(320K)->100K(320K) NonClass: 96K(192K)->96K(192K) Class: 4K(128K)->4K(128K)
[2024-08-27T15:00:55.602+0000][info][gc             ] GC(648) Pause Young (Normal) (G1 Evacuation Pause) 915M->918M(1024M) 14.343ms
[2024-08-27T15:00:55.602+0000][info][gc,cpu         ] GC(648) User=0.32s Sys=0.00s Real=0.02s
[2024-08-27T15:00:55.605+0000][info][gc,marking     ] GC(646) Concurrent Rebuild Remembered Sets 73.452ms
[2024-08-27T15:00:55.605+0000][info][gc,start       ] GC(646) Pause Cleanup
[2024-08-27T15:00:55.607+0000][info][gc             ] GC(646) Pause Cleanup 923M->923M(1024M) 1.444ms
[2024-08-27T15:00:55.607+0000][info][gc,cpu         ] GC(646) User=0.01s Sys=0.00s Real=0.00s
[2024-08-27T15:00:55.607+0000][info][gc,marking     ] GC(646) Concurrent Cleanup for Next Mark
[2024-08-27T15:00:55.607+0000][info][gc,marking     ] GC(646) Concurrent Cleanup for Next Mark 0.592ms
[2024-08-27T15:00:55.607+0000][info][gc             ] GC(646) Concurrent Mark Cycle 100.125ms
[2024-08-27T15:00:55.625+0000][info][gc,start       ] GC(649) Pause Young (Prepare Mixed) (G1 Evacuation Pause)
[2024-08-27T15:00:55.626+0000][info][gc,task        ] GC(649) Using 24 workers of 68 for evacuation
[2024-08-27T15:00:55.640+0000][info][gc,phases      ] GC(649)   Pre Evacuate Collection Set: 0.2ms
[2024-08-27T15:00:55.640+0000][info][gc,phases      ] GC(649)   Merge Heap Roots: 0.5ms
[2024-08-27T15:00:55.640+0000][info][gc,phases      ] GC(649)   Evacuate Collection Set: 13.8ms
[2024-08-27T15:00:55.640+0000][info][gc,phases      ] GC(649)   Post Evacuate Collection Set: 0.3ms
[2024-08-27T15:00:55.640+0000][info][gc,phases      ] GC(649)   Other: 0.2ms
[2024-08-27T15:00:55.640+0000][info][gc,heap        ] GC(649) Eden regions: 44->0(44)
[2024-08-27T15:00:55.640+0000][info][gc,heap        ] GC(649) Survivor regions: 7->7(7)
[2024-08-27T15:00:55.640+0000][info][gc,heap        ] GC(649) Old regions: 906->953
[2024-08-27T15:00:55.640+0000][info][gc,heap        ] GC(649) Archive regions: 2->2
[2024-08-27T15:00:55.640+0000][info][gc,heap        ] GC(649) Humongous regions: 5->5
[2024-08-27T15:00:55.640+0000][info][gc,metaspace   ] GC(649) Metaspace: 100K(320K)->100K(320K) NonClass: 96K(192K)->96K(192K) Class: 4K(128K)->4K(128K)
[2024-08-27T15:00:55.640+0000][info][gc             ] GC(649) Pause Young (Prepare Mixed) (G1 Evacuation Pause) 962M->965M(1024M) 15.004ms
[2024-08-27T15:00:55.641+0000][info][gc,cpu         ] GC(649) User=0.34s Sys=0.01s Real=0.02s
[2024-08-27T15:00:55.651+0000][info][gc,start       ] GC(650) Pause Young (Mixed) (G1 Preventive Collection)
[2024-08-27T15:00:55.651+0000][info][gc,task        ] GC(650) Using 24 workers of 68 for evacuation
[2024-08-27T15:00:55.659+0000][info][gc,phases      ] GC(650)   Pre Evacuate Collection Set: 0.2ms
[2024-08-27T15:00:55.659+0000][info][gc,phases      ] GC(650)   Merge Heap Roots: 0.3ms
[2024-08-27T15:00:55.659+0000][info][gc,phases      ] GC(650)   Evacuate Collection Set: 6.7ms
[2024-08-27T15:00:55.659+0000][info][gc,phases      ] GC(650)   Post Evacuate Collection Set: 0.4ms
[2024-08-27T15:00:55.659+0000][info][gc,phases      ] GC(650)   Other: 0.2ms
[2024-08-27T15:00:55.659+0000][info][gc,heap        ] GC(650) Eden regions: 23->0(44)
[2024-08-27T15:00:55.659+0000][info][gc,heap        ] GC(650) Survivor regions: 7->7(7)
[2024-08-27T15:00:55.659+0000][info][gc,heap        ] GC(650) Old regions: 953->876
[2024-08-27T15:00:55.659+0000][info][gc,heap        ] GC(650) Archive regions: 2->2
[2024-08-27T15:00:55.659+0000][info][gc,heap        ] GC(650) Humongous regions: 5->5
[2024-08-27T15:00:55.659+0000][info][gc,metaspace   ] GC(650) Metaspace: 100K(320K)->100K(320K) NonClass: 96K(192K)->96K(192K) Class: 4K(128K)->4K(128K)
[2024-08-27T15:00:55.659+0000][info][gc             ] GC(650) Pause Young (Mixed) (G1 Preventive Collection) 988M->888M(1024M) 7.867ms
[2024-08-27T15:00:55.659+0000][info][gc,cpu         ] GC(650) User=0.17s Sys=0.00s Real=0.01s
[2024-08-27T15:00:55.677+0000][info][gc,start       ] GC(651) Pause Young (Mixed) (G1 Evacuation Pause)
[2024-08-27T15:00:55.677+0000][info][gc,task        ] GC(651) Using 24 workers of 68 for evacuation
[2024-08-27T15:00:55.688+0000][info][gc,phases      ] GC(651)   Pre Evacuate Collection Set: 0.2ms
[2024-08-27T15:00:55.688+0000][info][gc,phases      ] GC(651)   Merge Heap Roots: 0.4ms
[2024-08-27T15:00:55.688+0000][info][gc,phases      ] GC(651)   Evacuate Collection Set: 9.5ms
[2024-08-27T15:00:55.688+0000][info][gc,phases      ] GC(651)   Post Evacuate Collection Set: 0.4ms
[2024-08-27T15:00:55.688+0000][info][gc,phases      ] GC(651)   Other: 0.3ms
[2024-08-27T15:00:55.688+0000][info][gc,heap        ] GC(651) Eden regions: 44->0(44)
[2024-08-27T15:00:55.688+0000][info][gc,heap        ] GC(651) Survivor regions: 7->7(7)
[2024-08-27T15:00:55.688+0000][info][gc,heap        ] GC(651) Old regions: 876->818
[2024-08-27T15:00:55.688+0000][info][gc,heap        ] GC(651) Archive regions: 2->2
[2024-08-27T15:00:55.688+0000][info][gc,heap        ] GC(651) Humongous regions: 5->5
[2024-08-27T15:00:55.688+0000][info][gc,metaspace   ] GC(651) Metaspace: 100K(320K)->100K(320K) NonClass: 96K(192K)->96K(192K) Class: 4K(128K)->4K(128K)
[2024-08-27T15:00:55.688+0000][info][gc             ] GC(651) Pause Young (Mixed) (G1 Evacuation Pause) 932M->830M(1024M) 10.868ms
[2024-08-27T15:00:55.688+0000][info][gc,cpu         ] GC(651) User=0.24s Sys=0.00s Real=0.01s
[2024-08-27T15:00:55.706+0000][info][gc,start       ] GC(652) Pause Young (Mixed) (G1 Evacuation Pause)
[2024-08-27T15:00:55.706+0000][info][gc,task        ] GC(652) Using 24 workers of 68 for evacuation
[2024-08-27T15:00:55.716+0000][info][gc,phases      ] GC(652)   Pre Evacuate Collection Set: 0.2ms
[2024-08-27T15:00:55.716+0000][info][gc,phases      ] GC(652)   Merge Heap Roots: 0.4ms
[2024-08-27T15:00:55.716+0000][info][gc,phases      ] GC(652)   Evacuate Collection Set: 9.6ms
[2024-08-27T15:00:55.716+0000][info][gc,phases      ] GC(652)   Post Evacuate Collection Set: 0.4ms
[2024-08-27T15:00:55.716+0000][info][gc,phases      ] GC(652)   Other: 0.2ms
[2024-08-27T15:00:55.716+0000][info][gc,heap        ] GC(652) Eden regions: 44->0(44)
[2024-08-27T15:00:55.716+0000][info][gc,heap        ] GC(652) Survivor regions: 7->7(7)
[2024-08-27T15:00:55.716+0000][info][gc,heap        ] GC(652) Old regions: 818->764
[2024-08-27T15:00:55.716+0000][info][gc,heap        ] GC(652) Archive regions: 2->2
[2024-08-27T15:00:55.716+0000][info][gc,heap        ] GC(652) Humongous regions: 5->5
[2024-08-27T15:00:55.716+0000][info][gc,metaspace   ] GC(652) Metaspace: 100K(320K)->100K(320K) NonClass: 96K(192K)->96K(192K) Class: 4K(128K)->4K(128K)
[2024-08-27T15:00:55.716+0000][info][gc             ] GC(652) Pause Young (Mixed) (G1 Evacuation Pause) 874M->776M(1024M) 10.839ms
[2024-08-27T15:00:55.717+0000][info][gc,cpu         ] GC(652) User=0.24s Sys=0.00s Real=0.01s
[2024-08-27T15:00:55.735+0000][info][gc,start       ] GC(653) Pause Young (Mixed) (G1 Evacuation Pause)
[2024-08-27T15:00:55.735+0000][info][gc,task        ] GC(653) Using 24 workers of 68 for evacuation
[2024-08-27T15:00:55.746+0000][info][gc,phases      ] GC(653)   Pre Evacuate Collection Set: 0.2ms
[2024-08-27T15:00:55.746+0000][info][gc,phases      ] GC(653)   Merge Heap Roots: 0.4ms
[2024-08-27T15:00:55.746+0000][info][gc,phases      ] GC(653)   Evacuate Collection Set: 10.3ms
[2024-08-27T15:00:55.746+0000][info][gc,phases      ] GC(653)   Post Evacuate Collection Set: 0.3ms
[2024-08-27T15:00:55.746+0000][info][gc,phases      ] GC(653)   Other: 0.3ms
[2024-08-27T15:00:55.746+0000][info][gc,heap        ] GC(653) Eden regions: 44->0(44)
[2024-08-27T15:00:55.746+0000][info][gc,heap        ] GC(653) Survivor regions: 7->7(7)
[2024-08-27T15:00:55.746+0000][info][gc,heap        ] GC(653) Old regions: 764->797
[2024-08-27T15:00:55.746+0000][info][gc,heap        ] GC(653) Archive regions: 2->2
[2024-08-27T15:00:55.746+0000][info][gc,heap        ] GC(653) Humongous regions: 5->5
[2024-08-27T15:00:55.746+0000][info][gc,metaspace   ] GC(653) Metaspace: 100K(320K)->100K(320K) NonClass: 96K(192K)->96K(192K) Class: 4K(128K)->4K(128K)
[2024-08-27T15:00:55.746+0000][info][gc             ] GC(653) Pause Young (Mixed) (G1 Evacuation Pause) 820M->809M(1024M) 11.385ms
[2024-08-27T15:00:55.746+0000][info][gc,cpu         ] GC(653) User=0.25s Sys=0.00s Real=0.01s
[2024-08-27T15:00:55.765+0000][info][gc,start       ] GC(654) Pause Young (Concurrent Start) (G1 Evacuation Pause)
[2024-08-27T15:00:55.765+0000][info][gc,task        ] GC(654) Using 24 workers of 68 for evacuation
[2024-08-27T15:00:55.775+0000][info][gc,phases      ] GC(654)   Pre Evacuate Collection Set: 0.2ms
[2024-08-27T15:00:55.775+0000][info][gc,phases      ] GC(654)   Merge Heap Roots: 0.4ms
[2024-08-27T15:00:55.775+0000][info][gc,phases      ] GC(654)   Evacuate Collection Set: 9.2ms
[2024-08-27T15:00:55.775+0000][info][gc,phases      ] GC(654)   Post Evacuate Collection Set: 0.3ms
[2024-08-27T15:00:55.775+0000][info][gc,phases      ] GC(654)   Other: 0.6ms
[2024-08-27T15:00:55.775+0000][info][gc,heap        ] GC(654) Eden regions: 44->0(44)
[2024-08-27T15:00:55.775+0000][info][gc,heap        ] GC(654) Survivor regions: 7->7(7)
[2024-08-27T15:00:55.775+0000][info][gc,heap        ] GC(654) Old regions: 797->844
[2024-08-27T15:00:55.775+0000][info][gc,heap        ] GC(654) Archive regions: 2->2
[2024-08-27T15:00:55.775+0000][info][gc,heap        ] GC(654) Humongous regions: 5->5
[2024-08-27T15:00:55.775+0000][info][gc,metaspace   ] GC(654) Metaspace: 100K(320K)->100K(320K) NonClass: 96K(192K)->96K(192K) Class: 4K(128K)->4K(128K)
[2024-08-27T15:00:55.775+0000][info][gc             ] GC(654) Pause Young (Concurrent Start) (G1 Evacuation Pause) 853M->856M(1024M) 10.702ms
[2024-08-27T15:00:55.775+0000][info][gc,cpu         ] GC(654) User=0.23s Sys=0.00s Real=0.01s
[2024-08-27T15:00:55.775+0000][info][gc             ] GC(655) Concurrent Mark Cycle
[2024-08-27T15:00:55.775+0000][info][gc,marking     ] GC(655) Concurrent Clear Claimed Marks
[2024-08-27T15:00:55.775+0000][info][gc,marking     ] GC(655) Concurrent Clear Claimed Marks 0.010ms
[2024-08-27T15:00:55.776+0000][info][gc,marking     ] GC(655) Concurrent Scan Root Regions
[2024-08-27T15:00:55.777+0000][info][gc,marking     ] GC(655) Concurrent Scan Root Regions 1.412ms
[2024-08-27T15:00:55.777+0000][info][gc,marking     ] GC(655) Concurrent Mark
[2024-08-27T15:00:55.777+0000][info][gc,marking     ] GC(655) Concurrent Mark From Roots
[2024-08-27T15:00:55.777+0000][info][gc,task        ] GC(655) Using 17 workers of 17 for marking
[2024-08-27T15:00:55.798+0000][info][gc,marking     ] GC(655) Concurrent Mark From Roots 20.853ms
[2024-08-27T15:00:55.798+0000][info][gc,marking     ] GC(655) Concurrent Preclean
[2024-08-27T15:00:55.798+0000][info][gc,marking     ] GC(655) Concurrent Preclean 0.499ms
[2024-08-27T15:00:55.799+0000][info][gc,start       ] GC(655) Pause Remark
[2024-08-27T15:00:55.800+0000][info][gc             ] GC(655) Pause Remark 885M->885M(1024M) 1.453ms
[2024-08-27T15:00:55.800+0000][info][gc,cpu         ] GC(655) User=0.00s Sys=0.00s Real=0.00s
[2024-08-27T15:00:55.800+0000][info][gc,marking     ] GC(655) Concurrent Mark 23.252ms
[2024-08-27T15:00:55.800+0000][info][gc,marking     ] GC(655) Concurrent Rebuild Remembered Sets
[2024-08-27T15:00:55.812+0000][info][gc,start       ] GC(656) Pause Young (Normal) (G1 Evacuation Pause)
[2024-08-27T15:00:55.812+0000][info][gc,task        ] GC(656) Using 24 workers of 68 for evacuation
[2024-08-27T15:00:55.822+0000][info][gc,phases      ] GC(656)   Pre Evacuate Collection Set: 0.1ms
[2024-08-27T15:00:55.822+0000][info][gc,phases      ] GC(656)   Merge Heap Roots: 0.3ms
[2024-08-27T15:00:55.822+0000][info][gc,phases      ] GC(656)   Evacuate Collection Set: 9.0ms
[2024-08-27T15:00:55.822+0000][info][gc,phases      ] GC(656)   Post Evacuate Collection Set: 0.4ms
[2024-08-27T15:00:55.822+0000][info][gc,phases      ] GC(656)   Other: 0.2ms
[2024-08-27T15:00:55.822+0000][info][gc,heap        ] GC(656) Eden regions: 44->0(44)
[2024-08-27T15:00:55.822+0000][info][gc,heap        ] GC(656) Survivor regions: 7->7(7)
[2024-08-27T15:00:55.822+0000][info][gc,heap        ] GC(656) Old regions: 844->891
[2024-08-27T15:00:55.822+0000][info][gc,heap        ] GC(656) Archive regions: 2->2
[2024-08-27T15:00:55.822+0000][info][gc,heap        ] GC(656) Humongous regions: 5->5
[2024-08-27T15:00:55.822+0000][info][gc,metaspace   ] GC(656) Metaspace: 100K(320K)->100K(320K) NonClass: 96K(192K)->96K(192K) Class: 4K(128K)->4K(128K)
[2024-08-27T15:00:55.822+0000][info][gc             ] GC(656) Pause Young (Normal) (G1 Evacuation Pause) 900M->903M(1024M) 10.265ms
[2024-08-27T15:00:55.822+0000][info][gc,cpu         ] GC(656) User=0.23s Sys=0.00s Real=0.01s
[2024-08-27T15:00:55.857+0000][info][gc,marking     ] GC(655) Concurrent Rebuild Remembered Sets 56.767ms
[2024-08-27T15:00:55.857+0000][info][gc,start       ] GC(655) Pause Cleanup
[2024-08-27T15:00:55.859+0000][info][gc             ] GC(655) Pause Cleanup 947M->947M(1024M) 1.570ms
[2024-08-27T15:00:55.859+0000][info][gc,cpu         ] GC(655) User=0.00s Sys=0.00s Real=0.01s
[2024-08-27T15:00:55.859+0000][info][gc,marking     ] GC(655) Concurrent Cleanup for Next Mark
[2024-08-27T15:00:55.859+0000][info][gc,start       ] GC(657) Pause Young (Prepare Mixed) (G1 Evacuation Pause)
[2024-08-27T15:00:55.859+0000][info][gc,task        ] GC(657) Using 24 workers of 68 for evacuation
[2024-08-27T15:00:55.873+0000][info][gc,phases      ] GC(657)   Pre Evacuate Collection Set: 0.1ms
[2024-08-27T15:00:55.873+0000][info][gc,phases      ] GC(657)   Merge Heap Roots: 0.5ms
[2024-08-27T15:00:55.873+0000][info][gc,phases      ] GC(657)   Evacuate Collection Set: 12.6ms
[2024-08-27T15:00:55.873+0000][info][gc,phases      ] GC(657)   Post Evacuate Collection Set: 0.3ms
[2024-08-27T15:00:55.873+0000][info][gc,phases      ] GC(657)   Other: 0.1ms
[2024-08-27T15:00:55.873+0000][info][gc,heap        ] GC(657) Eden regions: 44->0(44)
[2024-08-27T15:00:55.873+0000][info][gc,heap        ] GC(657) Survivor regions: 7->7(7)
[2024-08-27T15:00:55.873+0000][info][gc,heap        ] GC(657) Old regions: 891->937
[2024-08-27T15:00:55.873+0000][info][gc,heap        ] GC(657) Archive regions: 2->2
[2024-08-27T15:00:55.873+0000][info][gc,heap        ] GC(657) Humongous regions: 5->5
[2024-08-27T15:00:55.873+0000][info][gc,metaspace   ] GC(657) Metaspace: 100K(320K)->100K(320K) NonClass: 96K(192K)->96K(192K) Class: 4K(128K)->4K(128K)
[2024-08-27T15:00:55.873+0000][info][gc             ] GC(657) Pause Young (Prepare Mixed) (G1 Evacuation Pause) 947M->949M(1024M) 13.842ms
[2024-08-27T15:00:55.873+0000][info][gc,cpu         ] GC(657) User=0.31s Sys=0.01s Real=0.01s
[2024-08-27T15:00:55.874+0000][info][gc,marking     ] GC(655) Concurrent Cleanup for Next Mark 14.740ms
[2024-08-27T15:00:55.874+0000][info][gc             ] GC(655) Concurrent Mark Cycle 98.258ms
[2024-08-27T15:00:55.891+0000][info][gc,start       ] GC(658) Pause Young (Mixed) (G1 Preventive Collection)
[2024-08-27T15:00:55.891+0000][info][gc,task        ] GC(658) Using 24 workers of 68 for evacuation
[2024-08-27T15:00:55.909+0000][info][gc,phases      ] GC(658)   Pre Evacuate Collection Set: 0.2ms
[2024-08-27T15:00:55.909+0000][info][gc,phases      ] GC(658)   Merge Heap Roots: 0.3ms
[2024-08-27T15:00:55.909+0000][info][gc,phases      ] GC(658)   Evacuate Collection Set: 17.1ms
[2024-08-27T15:00:55.909+0000][info][gc,phases      ] GC(658)   Post Evacuate Collection Set: 0.4ms
[2024-08-27T15:00:55.909+0000][info][gc,phases      ] GC(658)   Other: 0.3ms
[2024-08-27T15:00:55.909+0000][info][gc,heap        ] GC(658) Eden regions: 31->0(44)
[2024-08-27T15:00:55.909+0000][info][gc,heap        ] GC(658) Survivor regions: 7->7(7)
[2024-08-27T15:00:55.909+0000][info][gc,heap        ] GC(658) Old regions: 937->868
[2024-08-27T15:00:55.909+0000][info][gc,heap        ] GC(658) Archive regions: 2->2
[2024-08-27T15:00:55.909+0000][info][gc,heap        ] GC(658) Humongous regions: 5->5
[2024-08-27T15:00:55.909+0000][info][gc,metaspace   ] GC(658) Metaspace: 100K(320K)->100K(320K) NonClass: 96K(192K)->96K(192K) Class: 4K(128K)->4K(128K)
[2024-08-27T15:00:55.909+0000][info][gc             ] GC(658) Pause Young (Mixed) (G1 Preventive Collection) 980M->880M(1024M) 18.362ms
[2024-08-27T15:00:55.909+0000][info][gc,cpu         ] GC(658) User=0.22s Sys=0.00s Real=0.01s
[2024-08-27T15:00:55.935+0000][info][gc,start       ] GC(659) Pause Young (Mixed) (G1 Evacuation Pause)
[2024-08-27T15:00:55.935+0000][info][gc,task        ] GC(659) Using 24 workers of 68 for evacuation
[2024-08-27T15:00:55.948+0000][info][gc,phases      ] GC(659)   Pre Evacuate Collection Set: 0.3ms
[2024-08-27T15:00:55.948+0000][info][gc,phases      ] GC(659)   Merge Heap Roots: 0.5ms
[2024-08-27T15:00:55.948+0000][info][gc,phases      ] GC(659)   Evacuate Collection Set: 11.7ms
[2024-08-27T15:00:55.948+0000][info][gc,phases      ] GC(659)   Post Evacuate Collection Set: 0.8ms
[2024-08-27T15:00:55.948+0000][info][gc,phases      ] GC(659)   Other: 0.3ms
[2024-08-27T15:00:55.948+0000][info][gc,heap        ] GC(659) Eden regions: 44->0(44)
[2024-08-27T15:00:55.948+0000][info][gc,heap        ] GC(659) Survivor regions: 7->7(7)
[2024-08-27T15:00:55.948+0000][info][gc,heap        ] GC(659) Old regions: 868->811
[2024-08-27T15:00:55.948+0000][info][gc,heap        ] GC(659) Archive regions: 2->2
[2024-08-27T15:00:55.948+0000][info][gc,heap        ] GC(659) Humongous regions: 5->5
[2024-08-27T15:00:55.948+0000][info][gc,metaspace   ] GC(659) Metaspace: 100K(320K)->100K(320K) NonClass: 96K(192K)->96K(192K) Class: 4K(128K)->4K(128K)
[2024-08-27T15:00:55.948+0000][info][gc             ] GC(659) Pause Young (Mixed) (G1 Evacuation Pause) 924M->823M(1024M) 13.736ms
[2024-08-27T15:00:55.948+0000][info][gc,cpu         ] GC(659) User=0.28s Sys=0.00s Real=0.01s
[2024-08-27T15:00:55.976+0000][info][gc,start       ] GC(660) Pause Young (Mixed) (G1 Evacuation Pause)
[2024-08-27T15:00:55.976+0000][info][gc,task        ] GC(660) Using 24 workers of 68 for evacuation
[2024-08-27T15:00:55.997+0000][info][gc,phases      ] GC(660)   Pre Evacuate Collection Set: 0.3ms
[2024-08-27T15:00:55.997+0000][info][gc,phases      ] GC(660)   Merge Heap Roots: 0.6ms
[2024-08-27T15:00:55.997+0000][info][gc,phases      ] GC(660)   Evacuate Collection Set: 19.3ms
[2024-08-27T15:00:55.997+0000][info][gc,phases      ] GC(660)   Post Evacuate Collection Set: 0.3ms
[2024-08-27T15:00:55.997+0000][info][gc,phases      ] GC(660)   Other: 0.2ms
[2024-08-27T15:00:55.997+0000][info][gc,heap        ] GC(660) Eden regions: 44->0(44)
[2024-08-27T15:00:55.997+0000][info][gc,heap        ] GC(660) Survivor regions: 7->7(7)
[2024-08-27T15:00:55.997+0000][info][gc,heap        ] GC(660) Old regions: 811->754
[2024-08-27T15:00:55.997+0000][info][gc,heap        ] GC(660) Archive regions: 2->2
[2024-08-27T15:00:55.997+0000][info][gc,heap        ] GC(660) Humongous regions: 5->5
[2024-08-27T15:00:55.997+0000][info][gc,metaspace   ] GC(660) Metaspace: 100K(320K)->100K(320K) NonClass: 96K(192K)->96K(192K) Class: 4K(128K)->4K(128K)
[2024-08-27T15:00:55.997+0000][info][gc             ] GC(660) Pause Young (Mixed) (G1 Evacuation Pause) 867M->766M(1024M) 20.822ms
[2024-08-27T15:00:55.997+0000][info][gc,cpu         ] GC(660) User=0.26s Sys=0.03s Real=0.02s
[2024-08-27T15:00:56.047+0000][info][gc,start       ] GC(661) Pause Young (Mixed) (G1 Evacuation Pause)
[2024-08-27T15:00:56.047+0000][info][gc,task        ] GC(661) Using 24 workers of 68 for evacuation
[2024-08-27T15:00:56.062+0000][info][gc,phases      ] GC(661)   Pre Evacuate Collection Set: 0.2ms
[2024-08-27T15:00:56.062+0000][info][gc,phases      ] GC(661)   Merge Heap Roots: 0.3ms
[2024-08-27T15:00:56.062+0000][info][gc,phases      ] GC(661)   Evacuate Collection Set: 13.4ms
[2024-08-27T15:00:56.062+0000][info][gc,phases      ] GC(661)   Post Evacuate Collection Set: 0.3ms
[2024-08-27T15:00:56.062+0000][info][gc,phases      ] GC(661)   Other: 0.2ms
[2024-08-27T15:00:56.062+0000][info][gc,heap        ] GC(661) Eden regions: 44->0(46)
[2024-08-27T15:00:56.062+0000][info][gc,heap        ] GC(661) Survivor regions: 7->7(7)
[2024-08-27T15:00:56.062+0000][info][gc,heap        ] GC(661) Old regions: 754->759
[2024-08-27T15:00:56.062+0000][info][gc,heap        ] GC(661) Archive regions: 2->2
[2024-08-27T15:00:56.062+0000][info][gc,heap        ] GC(661) Humongous regions: 5->5
[2024-08-27T15:00:56.062+0000][info][gc,metaspace   ] GC(661) Metaspace: 100K(320K)->100K(320K) NonClass: 96K(192K)->96K(192K) Class: 4K(128K)->4K(128K)
[2024-08-27T15:00:56.062+0000][info][gc             ] GC(661) Pause Young (Mixed) (G1 Evacuation Pause) 810M->771M(1024M) 14.482ms
[2024-08-27T15:00:56.062+0000][info][gc,cpu         ] GC(661) User=0.21s Sys=0.11s Real=0.02s
[2024-08-27T15:00:56.094+0000][info][gc,start       ] GC(662) Pause Young (Concurrent Start) (G1 Evacuation Pause)
[2024-08-27T15:00:56.094+0000][info][gc,task        ] GC(662) Using 24 workers of 68 for evacuation
[2024-08-27T15:00:56.105+0000][info][gc,phases      ] GC(662)   Pre Evacuate Collection Set: 0.1ms
[2024-08-27T15:00:56.105+0000][info][gc,phases      ] GC(662)   Merge Heap Roots: 0.3ms
[2024-08-27T15:00:56.105+0000][info][gc,phases      ] GC(662)   Evacuate Collection Set: 9.9ms
[2024-08-27T15:00:56.105+0000][info][gc,phases      ] GC(662)   Post Evacuate Collection Set: 0.3ms
[2024-08-27T15:00:56.105+0000][info][gc,phases      ] GC(662)   Other: 0.5ms
[2024-08-27T15:00:56.105+0000][info][gc,heap        ] GC(662) Eden regions: 46->0(44)
[2024-08-27T15:00:56.105+0000][info][gc,heap        ] GC(662) Survivor regions: 7->7(7)
[2024-08-27T15:00:56.105+0000][info][gc,heap        ] GC(662) Old regions: 759->807
[2024-08-27T15:00:56.105+0000][info][gc,heap        ] GC(662) Archive regions: 2->2
[2024-08-27T15:00:56.105+0000][info][gc,heap        ] GC(662) Humongous regions: 5->5
[2024-08-27T15:00:56.105+0000][info][gc,metaspace   ] GC(662) Metaspace: 100K(320K)->100K(320K) NonClass: 96K(192K)->96K(192K) Class: 4K(128K)->4K(128K)
[2024-08-27T15:00:56.105+0000][info][gc             ] GC(662) Pause Young (Concurrent Start) (G1 Evacuation Pause) 817M->819M(1024M) 11.266ms
[2024-08-27T15:00:56.106+0000][info][gc,cpu         ] GC(662) User=0.24s Sys=0.00s Real=0.01s
[2024-08-27T15:00:56.106+0000][info][gc             ] GC(663) Concurrent Mark Cycle
[2024-08-27T15:00:56.106+0000][info][gc,marking     ] GC(663) Concurrent Clear Claimed Marks
[2024-08-27T15:00:56.106+0000][info][gc,marking     ] GC(663) Concurrent Clear Claimed Marks 0.016ms
[2024-08-27T15:00:56.106+0000][info][gc,marking     ] GC(663) Concurrent Scan Root Regions
[2024-08-27T15:00:56.107+0000][info][gc,marking     ] GC(663) Concurrent Scan Root Regions 1.596ms
[2024-08-27T15:00:56.107+0000][info][gc,marking     ] GC(663) Concurrent Mark
[2024-08-27T15:00:56.107+0000][info][gc,marking     ] GC(663) Concurrent Mark From Roots
[2024-08-27T15:00:56.107+0000][info][gc,task        ] GC(663) Using 17 workers of 17 for marking
[2024-08-27T15:00:56.129+0000][info][gc,marking     ] GC(663) Concurrent Mark From Roots 21.290ms
[2024-08-27T15:00:56.129+0000][info][gc,marking     ] GC(663) Concurrent Preclean
[2024-08-27T15:00:56.129+0000][info][gc,marking     ] GC(663) Concurrent Preclean 0.732ms
[2024-08-27T15:00:56.130+0000][info][gc,start       ] GC(663) Pause Remark
[2024-08-27T15:00:56.131+0000][info][gc             ] GC(663) Pause Remark 845M->845M(1024M) 1.023ms
[2024-08-27T15:00:56.131+0000][info][gc,cpu         ] GC(663) User=0.00s Sys=0.00s Real=0.00s
[2024-08-27T15:00:56.131+0000][info][gc,marking     ] GC(663) Concurrent Mark 23.407ms
[2024-08-27T15:00:56.131+0000][info][gc,marking     ] GC(663) Concurrent Rebuild Remembered Sets
[2024-08-27T15:00:56.147+0000][info][gc,start       ] GC(664) Pause Young (Normal) (G1 Evacuation Pause)
[2024-08-27T15:00:56.147+0000][info][gc,task        ] GC(664) Using 24 workers of 68 for evacuation
[2024-08-27T15:00:56.157+0000][info][gc,phases      ] GC(664)   Pre Evacuate Collection Set: 0.2ms
[2024-08-27T15:00:56.157+0000][info][gc,phases      ] GC(664)   Merge Heap Roots: 0.3ms
[2024-08-27T15:00:56.157+0000][info][gc,phases      ] GC(664)   Evacuate Collection Set: 8.9ms
[2024-08-27T15:00:56.157+0000][info][gc,phases      ] GC(664)   Post Evacuate Collection Set: 0.4ms
[2024-08-27T15:00:56.157+0000][info][gc,phases      ] GC(664)   Other: 0.2ms
[2024-08-27T15:00:56.157+0000][info][gc,heap        ] GC(664) Eden regions: 44->0(44)
[2024-08-27T15:00:56.157+0000][info][gc,heap        ] GC(664) Survivor regions: 7->7(7)
[2024-08-27T15:00:56.157+0000][info][gc,heap        ] GC(664) Old regions: 807->853
[2024-08-27T15:00:56.157+0000][info][gc,heap        ] GC(664) Archive regions: 2->2
[2024-08-27T15:00:56.157+0000][info][gc,heap        ] GC(664) Humongous regions: 5->5
[2024-08-27T15:00:56.157+0000][info][gc,metaspace   ] GC(664) Metaspace: 100K(320K)->100K(320K) NonClass: 96K(192K)->96K(192K) Class: 4K(128K)->4K(128K)
[2024-08-27T15:00:56.157+0000][info][gc             ] GC(664) Pause Young (Normal) (G1 Evacuation Pause) 863M->865M(1024M) 10.173ms
[2024-08-27T15:00:56.157+0000][info][gc,cpu         ] GC(664) User=0.22s Sys=0.00s Real=0.01s
[2024-08-27T15:00:56.187+0000][info][gc,marking     ] GC(663) Concurrent Rebuild Remembered Sets 56.073ms
[2024-08-27T15:00:56.187+0000][info][gc,start       ] GC(663) Pause Cleanup
[2024-08-27T15:00:56.189+0000][info][gc             ] GC(663) Pause Cleanup 902M->902M(1024M) 2.247ms
[2024-08-27T15:00:56.189+0000][info][gc,cpu         ] GC(663) User=0.01s Sys=0.00s Real=0.00s
[2024-08-27T15:00:56.189+0000][info][gc,marking     ] GC(663) Concurrent Cleanup for Next Mark
[2024-08-27T15:00:56.190+0000][info][gc,marking     ] GC(663) Concurrent Cleanup for Next Mark 0.560ms
[2024-08-27T15:00:56.190+0000][info][gc             ] GC(663) Concurrent Mark Cycle 84.480ms
[2024-08-27T15:00:56.194+0000][info][gc,start       ] GC(665) Pause Young (Prepare Mixed) (G1 Evacuation Pause)
[2024-08-27T15:00:56.194+0000][info][gc,task        ] GC(665) Using 24 workers of 68 for evacuation
[2024-08-27T15:00:56.208+0000][info][gc,phases      ] GC(665)   Pre Evacuate Collection Set: 0.2ms
[2024-08-27T15:00:56.208+0000][info][gc,phases      ] GC(665)   Merge Heap Roots: 0.4ms
[2024-08-27T15:00:56.208+0000][info][gc,phases      ] GC(665)   Evacuate Collection Set: 12.7ms
[2024-08-27T15:00:56.208+0000][info][gc,phases      ] GC(665)   Post Evacuate Collection Set: 0.3ms
[2024-08-27T15:00:56.208+0000][info][gc,phases      ] GC(665)   Other: 0.2ms
[2024-08-27T15:00:56.208+0000][info][gc,heap        ] GC(665) Eden regions: 44->0(44)
[2024-08-27T15:00:56.208+0000][info][gc,heap        ] GC(665) Survivor regions: 7->7(7)
[2024-08-27T15:00:56.208+0000][info][gc,heap        ] GC(665) Old regions: 853->900
[2024-08-27T15:00:56.208+0000][info][gc,heap        ] GC(665) Archive regions: 2->2
[2024-08-27T15:00:56.208+0000][info][gc,heap        ] GC(665) Humongous regions: 5->5
[2024-08-27T15:00:56.208+0000][info][gc,metaspace   ] GC(665) Metaspace: 100K(320K)->100K(320K) NonClass: 96K(192K)->96K(192K) Class: 4K(128K)->4K(128K)
[2024-08-27T15:00:56.208+0000][info][gc             ] GC(665) Pause Young (Prepare Mixed) (G1 Evacuation Pause) 909M->912M(1024M) 13.825ms
[2024-08-27T15:00:56.208+0000][info][gc,cpu         ] GC(665) User=0.31s Sys=0.00s Real=0.01s
[2024-08-27T15:00:56.232+0000][info][gc,start       ] GC(666) Pause Young (Mixed) (G1 Evacuation Pause)
[2024-08-27T15:00:56.232+0000][info][gc,task        ] GC(666) Using 24 workers of 68 for evacuation
[2024-08-27T15:00:56.243+0000][info][gc,phases      ] GC(666)   Pre Evacuate Collection Set: 0.2ms
[2024-08-27T15:00:56.243+0000][info][gc,phases      ] GC(666)   Merge Heap Roots: 0.4ms
[2024-08-27T15:00:56.243+0000][info][gc,phases      ] GC(666)   Evacuate Collection Set: 9.7ms
[2024-08-27T15:00:56.243+0000][info][gc,phases      ] GC(666)   Post Evacuate Collection Set: 0.3ms
[2024-08-27T15:00:56.243+0000][info][gc,phases      ] GC(666)   Other: 0.2ms
[2024-08-27T15:00:56.243+0000][info][gc,heap        ] GC(666) Eden regions: 44->0(44)
[2024-08-27T15:00:56.243+0000][info][gc,heap        ] GC(666) Survivor regions: 7->7(7)
[2024-08-27T15:00:56.243+0000][info][gc,heap        ] GC(666) Old regions: 900->844
[2024-08-27T15:00:56.243+0000][info][gc,heap        ] GC(666) Archive regions: 2->2
[2024-08-27T15:00:56.243+0000][info][gc,heap        ] GC(666) Humongous regions: 5->5
[2024-08-27T15:00:56.243+0000][info][gc,metaspace   ] GC(666) Metaspace: 100K(320K)->100K(320K) NonClass: 96K(192K)->96K(192K) Class: 4K(128K)->4K(128K)
[2024-08-27T15:00:56.243+0000][info][gc             ] GC(666) Pause Young (Mixed) (G1 Evacuation Pause) 956M->856M(1024M) 10.926ms
[2024-08-27T15:00:56.243+0000][info][gc,cpu         ] GC(666) User=0.23s Sys=0.01s Real=0.01s
[2024-08-27T15:00:56.265+0000][info][gc,start       ] GC(667) Pause Young (Mixed) (G1 Evacuation Pause)
[2024-08-27T15:00:56.265+0000][info][gc,task        ] GC(667) Using 24 workers of 68 for evacuation
[2024-08-27T15:00:56.276+0000][info][gc,phases      ] GC(667)   Pre Evacuate Collection Set: 0.2ms
[2024-08-27T15:00:56.276+0000][info][gc,phases      ] GC(667)   Merge Heap Roots: 0.4ms
[2024-08-27T15:00:56.276+0000][info][gc,phases      ] GC(667)   Evacuate Collection Set: 10.2ms
[2024-08-27T15:00:56.276+0000][info][gc,phases      ] GC(667)   Post Evacuate Collection Set: 0.3ms
[2024-08-27T15:00:56.276+0000][info][gc,phases      ] GC(667)   Other: 0.2ms
[2024-08-27T15:00:56.276+0000][info][gc,heap        ] GC(667) Eden regions: 44->0(44)
[2024-08-27T15:00:56.276+0000][info][gc,heap        ] GC(667) Survivor regions: 7->7(7)
[2024-08-27T15:00:56.276+0000][info][gc,heap        ] GC(667) Old regions: 844->787
[2024-08-27T15:00:56.276+0000][info][gc,heap        ] GC(667) Archive regions: 2->2
[2024-08-27T15:00:56.276+0000][info][gc,heap        ] GC(667) Humongous regions: 5->5
[2024-08-27T15:00:56.276+0000][info][gc,metaspace   ] GC(667) Metaspace: 100K(320K)->100K(320K) NonClass: 96K(192K)->96K(192K) Class: 4K(128K)->4K(128K)
[2024-08-27T15:00:56.276+0000][info][gc             ] GC(667) Pause Young (Mixed) (G1 Evacuation Pause) 900M->799M(1024M) 11.389ms
[2024-08-27T15:00:56.277+0000][info][gc,cpu         ] GC(667) User=0.24s Sys=0.01s Real=0.01s
[2024-08-27T15:00:56.298+0000][info][gc,start       ] GC(668) Pause Young (Mixed) (G1 Evacuation Pause)
[2024-08-27T15:00:56.298+0000][info][gc,task        ] GC(668) Using 24 workers of 68 for evacuation
[2024-08-27T15:00:56.309+0000][info][gc,phases      ] GC(668)   Pre Evacuate Collection Set: 0.2ms
[2024-08-27T15:00:56.309+0000][info][gc,phases      ] GC(668)   Merge Heap Roots: 0.4ms
[2024-08-27T15:00:56.309+0000][info][gc,phases      ] GC(668)   Evacuate Collection Set: 10.1ms
[2024-08-27T15:00:56.309+0000][info][gc,phases      ] GC(668)   Post Evacuate Collection Set: 0.4ms
[2024-08-27T15:00:56.309+0000][info][gc,phases      ] GC(668)   Other: 0.3ms
[2024-08-27T15:00:56.309+0000][info][gc,heap        ] GC(668) Eden regions: 44->0(44)
[2024-08-27T15:00:56.309+0000][info][gc,heap        ] GC(668) Survivor regions: 7->7(7)
[2024-08-27T15:00:56.309+0000][info][gc,heap        ] GC(668) Old regions: 787->732
[2024-08-27T15:00:56.309+0000][info][gc,heap        ] GC(668) Archive regions: 2->2
[2024-08-27T15:00:56.309+0000][info][gc,heap        ] GC(668) Humongous regions: 5->5
[2024-08-27T15:00:56.309+0000][info][gc,metaspace   ] GC(668) Metaspace: 100K(320K)->100K(320K) NonClass: 96K(192K)->96K(192K) Class: 4K(128K)->4K(128K)
[2024-08-27T15:00:56.310+0000][info][gc             ] GC(668) Pause Young (Mixed) (G1 Evacuation Pause) 843M->744M(1024M) 11.383ms
[2024-08-27T15:00:56.310+0000][info][gc,cpu         ] GC(668) User=0.24s Sys=0.01s Real=0.01s
[2024-08-27T15:00:56.332+0000][info][gc,start       ] GC(669) Pause Young (Mixed) (G1 Evacuation Pause)
[2024-08-27T15:00:56.332+0000][info][gc,task        ] GC(669) Using 24 workers of 68 for evacuation
[2024-08-27T15:00:56.343+0000][info][gc,phases      ] GC(669)   Pre Evacuate Collection Set: 0.1ms
[2024-08-27T15:00:56.343+0000][info][gc,phases      ] GC(669)   Merge Heap Roots: 0.3ms
[2024-08-27T15:00:56.343+0000][info][gc,phases      ] GC(669)   Evacuate Collection Set: 9.7ms
[2024-08-27T15:00:56.343+0000][info][gc,phases      ] GC(669)   Post Evacuate Collection Set: 0.3ms
[2024-08-27T15:00:56.343+0000][info][gc,phases      ] GC(669)   Other: 0.2ms
[2024-08-27T15:00:56.343+0000][info][gc,heap        ] GC(669) Eden regions: 44->0(44)
[2024-08-27T15:00:56.343+0000][info][gc,heap        ] GC(669) Survivor regions: 7->7(7)
[2024-08-27T15:00:56.343+0000][info][gc,heap        ] GC(669) Old regions: 732->769
[2024-08-27T15:00:56.343+0000][info][gc,heap        ] GC(669) Archive regions: 2->2
[2024-08-27T15:00:56.343+0000][info][gc,heap        ] GC(669) Humongous regions: 5->5
[2024-08-27T15:00:56.343+0000][info][gc,metaspace   ] GC(669) Metaspace: 100K(320K)->100K(320K) NonClass: 96K(192K)->96K(192K) Class: 4K(128K)->4K(128K)
[2024-08-27T15:00:56.343+0000][info][gc             ] GC(669) Pause Young (Mixed) (G1 Evacuation Pause) 788M->781M(1024M) 10.664ms
[2024-08-27T15:00:56.343+0000][info][gc,cpu         ] GC(669) User=0.24s Sys=0.00s Real=0.01s
[2024-08-27T15:00:56.363+0000][info][gc,start       ] GC(670) Pause Young (Concurrent Start) (G1 Evacuation Pause)
[2024-08-27T15:00:56.363+0000][info][gc,task        ] GC(670) Using 24 workers of 68 for evacuation
[2024-08-27T15:00:56.374+0000][info][gc,phases      ] GC(670)   Pre Evacuate Collection Set: 0.2ms
[2024-08-27T15:00:56.374+0000][info][gc,phases      ] GC(670)   Merge Heap Roots: 0.4ms
[2024-08-27T15:00:56.374+0000][info][gc,phases      ] GC(670)   Evacuate Collection Set: 8.9ms
[2024-08-27T15:00:56.374+0000][info][gc,phases      ] GC(670)   Post Evacuate Collection Set: 0.3ms
[2024-08-27T15:00:56.374+0000][info][gc,phases      ] GC(670)   Other: 0.6ms
[2024-08-27T15:00:56.374+0000][info][gc,heap        ] GC(670) Eden regions: 44->0(44)
[2024-08-27T15:00:56.374+0000][info][gc,heap        ] GC(670) Survivor regions: 7->7(7)
[2024-08-27T15:00:56.374+0000][info][gc,heap        ] GC(670) Old regions: 769->816
[2024-08-27T15:00:56.374+0000][info][gc,heap        ] GC(670) Archive regions: 2->2
[2024-08-27T15:00:56.374+0000][info][gc,heap        ] GC(670) Humongous regions: 5->5
[2024-08-27T15:00:56.374+0000][info][gc,metaspace   ] GC(670) Metaspace: 100K(320K)->100K(320K) NonClass: 96K(192K)->96K(192K) Class: 4K(128K)->4K(128K)
[2024-08-27T15:00:56.374+0000][info][gc             ] GC(670) Pause Young (Concurrent Start) (G1 Evacuation Pause) 825M->828M(1024M) 10.362ms
[2024-08-27T15:00:56.374+0000][info][gc,cpu         ] GC(670) User=0.22s Sys=0.00s Real=0.01s
[2024-08-27T15:00:56.374+0000][info][gc             ] GC(671) Concurrent Mark Cycle
[2024-08-27T15:00:56.374+0000][info][gc,marking     ] GC(671) Concurrent Clear Claimed Marks
[2024-08-27T15:00:56.374+0000][info][gc,marking     ] GC(671) Concurrent Clear Claimed Marks 0.015ms
[2024-08-27T15:00:56.374+0000][info][gc,marking     ] GC(671) Concurrent Scan Root Regions
[2024-08-27T15:00:56.375+0000][info][gc,marking     ] GC(671) Concurrent Scan Root Regions 1.540ms
[2024-08-27T15:00:56.376+0000][info][gc,marking     ] GC(671) Concurrent Mark
[2024-08-27T15:00:56.376+0000][info][gc,marking     ] GC(671) Concurrent Mark From Roots
[2024-08-27T15:00:56.376+0000][info][gc,task        ] GC(671) Using 17 workers of 17 for marking
[2024-08-27T15:00:56.396+0000][info][gc,marking     ] GC(671) Concurrent Mark From Roots 20.373ms
[2024-08-27T15:00:56.396+0000][info][gc,marking     ] GC(671) Concurrent Preclean
[2024-08-27T15:00:56.397+0000][info][gc,marking     ] GC(671) Concurrent Preclean 0.868ms
[2024-08-27T15:00:56.397+0000][info][gc,start       ] GC(671) Pause Remark
[2024-08-27T15:00:56.398+0000][info][gc             ] GC(671) Pause Remark 855M->855M(1024M) 1.086ms
[2024-08-27T15:00:56.398+0000][info][gc,cpu         ] GC(671) User=0.01s Sys=0.00s Real=0.01s
[2024-08-27T15:00:56.398+0000][info][gc,marking     ] GC(671) Concurrent Mark 22.754ms
[2024-08-27T15:00:56.398+0000][info][gc,marking     ] GC(671) Concurrent Rebuild Remembered Sets
[2024-08-27T15:00:56.411+0000][info][gc,start       ] GC(672) Pause Young (Normal) (G1 Evacuation Pause)
[2024-08-27T15:00:56.411+0000][info][gc,task        ] GC(672) Using 24 workers of 68 for evacuation
[2024-08-27T15:00:56.420+0000][info][gc,phases      ] GC(672)   Pre Evacuate Collection Set: 0.1ms
[2024-08-27T15:00:56.420+0000][info][gc,phases      ] GC(672)   Merge Heap Roots: 0.4ms
[2024-08-27T15:00:56.420+0000][info][gc,phases      ] GC(672)   Evacuate Collection Set: 8.7ms
[2024-08-27T15:00:56.420+0000][info][gc,phases      ] GC(672)   Post Evacuate Collection Set: 0.4ms
[2024-08-27T15:00:56.420+0000][info][gc,phases      ] GC(672)   Other: 0.1ms
[2024-08-27T15:00:56.420+0000][info][gc,heap        ] GC(672) Eden regions: 44->0(44)
[2024-08-27T15:00:56.420+0000][info][gc,heap        ] GC(672) Survivor regions: 7->7(7)
[2024-08-27T15:00:56.420+0000][info][gc,heap        ] GC(672) Old regions: 816->863
[2024-08-27T15:00:56.420+0000][info][gc,heap        ] GC(672) Archive regions: 2->2
[2024-08-27T15:00:56.420+0000][info][gc,heap        ] GC(672) Humongous regions: 5->5
[2024-08-27T15:00:56.420+0000][info][gc,metaspace   ] GC(672) Metaspace: 100K(320K)->100K(320K) NonClass: 96K(192K)->96K(192K) Class: 4K(128K)->4K(128K)
[2024-08-27T15:00:56.420+0000][info][gc             ] GC(672) Pause Young (Normal) (G1 Evacuation Pause) 872M->875M(1024M) 9.742ms
[2024-08-27T15:00:56.420+0000][info][gc,cpu         ] GC(672) User=0.22s Sys=0.00s Real=0.01s
[2024-08-27T15:00:56.457+0000][info][gc,marking     ] GC(671) Concurrent Rebuild Remembered Sets 58.262ms
[2024-08-27T15:00:56.457+0000][info][gc,start       ] GC(673) Pause Young (Normal) (G1 Evacuation Pause)
[2024-08-27T15:00:56.457+0000][info][gc,task        ] GC(673) Using 24 workers of 68 for evacuation
[2024-08-27T15:00:56.471+0000][info][gc,phases      ] GC(673)   Pre Evacuate Collection Set: 0.1ms
[2024-08-27T15:00:56.471+0000][info][gc,phases      ] GC(673)   Merge Heap Roots: 0.5ms
[2024-08-27T15:00:56.471+0000][info][gc,phases      ] GC(673)   Evacuate Collection Set: 13.2ms
[2024-08-27T15:00:56.471+0000][info][gc,phases      ] GC(673)   Post Evacuate Collection Set: 0.5ms
[2024-08-27T15:00:56.471+0000][info][gc,phases      ] GC(673)   Other: 0.2ms
[2024-08-27T15:00:56.471+0000][info][gc,heap        ] GC(673) Eden regions: 44->0(44)
[2024-08-27T15:00:56.471+0000][info][gc,heap        ] GC(673) Survivor regions: 7->7(7)
[2024-08-27T15:00:56.471+0000][info][gc,heap        ] GC(673) Old regions: 863->909
[2024-08-27T15:00:56.471+0000][info][gc,heap        ] GC(673) Archive regions: 2->2
[2024-08-27T15:00:56.471+0000][info][gc,heap        ] GC(673) Humongous regions: 5->5
[2024-08-27T15:00:56.471+0000][info][gc,metaspace   ] GC(673) Metaspace: 100K(320K)->100K(320K) NonClass: 96K(192K)->96K(192K) Class: 4K(128K)->4K(128K)
[2024-08-27T15:00:56.471+0000][info][gc             ] GC(673) Pause Young (Normal) (G1 Evacuation Pause) 919M->921M(1024M) 14.459ms
[2024-08-27T15:00:56.471+0000][info][gc,cpu         ] GC(673) User=0.29s Sys=0.04s Real=0.02s
[2024-08-27T15:00:56.472+0000][info][gc,start       ] GC(671) Pause Cleanup
[2024-08-27T15:00:56.473+0000][info][gc             ] GC(671) Pause Cleanup 922M->922M(1024M) 1.053ms
[2024-08-27T15:00:56.473+0000][info][gc,cpu         ] GC(671) User=0.00s Sys=0.00s Real=0.00s
[2024-08-27T15:00:56.473+0000][info][gc,marking     ] GC(671) Concurrent Cleanup for Next Mark
[2024-08-27T15:00:56.473+0000][info][gc,marking     ] GC(671) Concurrent Cleanup for Next Mark 0.580ms
[2024-08-27T15:00:56.473+0000][info][gc             ] GC(671) Concurrent Mark Cycle 99.453ms
[2024-08-27T15:00:56.499+0000][info][gc,start       ] GC(674) Pause Young (Prepare Mixed) (G1 Evacuation Pause)
[2024-08-27T15:00:56.499+0000][info][gc,task        ] GC(674) Using 24 workers of 68 for evacuation
[2024-08-27T15:00:56.514+0000][info][gc,phases      ] GC(674)   Pre Evacuate Collection Set: 0.2ms
[2024-08-27T15:00:56.514+0000][info][gc,phases      ] GC(674)   Merge Heap Roots: 0.6ms
[2024-08-27T15:00:56.514+0000][info][gc,phases      ] GC(674)   Evacuate Collection Set: 14.5ms
[2024-08-27T15:00:56.514+0000][info][gc,phases      ] GC(674)   Post Evacuate Collection Set: 0.3ms
[2024-08-27T15:00:56.514+0000][info][gc,phases      ] GC(674)   Other: 0.2ms
[2024-08-27T15:00:56.514+0000][info][gc,heap        ] GC(674) Eden regions: 44->0(44)
[2024-08-27T15:00:56.514+0000][info][gc,heap        ] GC(674) Survivor regions: 7->7(7)
[2024-08-27T15:00:56.514+0000][info][gc,heap        ] GC(674) Old regions: 909->956
[2024-08-27T15:00:56.514+0000][info][gc,heap        ] GC(674) Archive regions: 2->2
[2024-08-27T15:00:56.514+0000][info][gc,heap        ] GC(674) Humongous regions: 5->5
[2024-08-27T15:00:56.514+0000][info][gc,metaspace   ] GC(674) Metaspace: 100K(320K)->100K(320K) NonClass: 96K(192K)->96K(192K) Class: 4K(128K)->4K(128K)
[2024-08-27T15:00:56.514+0000][info][gc             ] GC(674) Pause Young (Prepare Mixed) (G1 Evacuation Pause) 965M->968M(1024M) 15.720ms
[2024-08-27T15:00:56.514+0000][info][gc,cpu         ] GC(674) User=0.36s Sys=0.01s Real=0.01s
[2024-08-27T15:00:56.526+0000][info][gc,start       ] GC(675) Pause Young (Mixed) (G1 Preventive Collection)
[2024-08-27T15:00:56.526+0000][info][gc,task        ] GC(675) Using 24 workers of 68 for evacuation
[2024-08-27T15:00:56.533+0000][info][gc,phases      ] GC(675)   Pre Evacuate Collection Set: 0.2ms
[2024-08-27T15:00:56.533+0000][info][gc,phases      ] GC(675)   Merge Heap Roots: 0.3ms
[2024-08-27T15:00:56.533+0000][info][gc,phases      ] GC(675)   Evacuate Collection Set: 6.1ms
[2024-08-27T15:00:56.533+0000][info][gc,phases      ] GC(675)   Post Evacuate Collection Set: 0.3ms
[2024-08-27T15:00:56.533+0000][info][gc,phases      ] GC(675)   Other: 0.2ms
[2024-08-27T15:00:56.533+0000][info][gc,heap        ] GC(675) Eden regions: 21->0(44)
[2024-08-27T15:00:56.533+0000][info][gc,heap        ] GC(675) Survivor regions: 7->7(7)
[2024-08-27T15:00:56.533+0000][info][gc,heap        ] GC(675) Old regions: 956->878
[2024-08-27T15:00:56.533+0000][info][gc,heap        ] GC(675) Archive regions: 2->2
[2024-08-27T15:00:56.533+0000][info][gc,heap        ] GC(675) Humongous regions: 5->5
[2024-08-27T15:00:56.533+0000][info][gc,metaspace   ] GC(675) Metaspace: 100K(320K)->100K(320K) NonClass: 96K(192K)->96K(192K) Class: 4K(128K)->4K(128K)
[2024-08-27T15:00:56.533+0000][info][gc             ] GC(675) Pause Young (Mixed) (G1 Preventive Collection) 989M->890M(1024M) 7.172ms
[2024-08-27T15:00:56.533+0000][info][gc,cpu         ] GC(675) User=0.15s Sys=0.01s Real=0.01s
[2024-08-27T15:00:56.554+0000][info][gc,start       ] GC(676) Pause Young (Mixed) (G1 Evacuation Pause)
[2024-08-27T15:00:56.554+0000][info][gc,task        ] GC(676) Using 24 workers of 68 for evacuation
[2024-08-27T15:00:56.564+0000][info][gc,phases      ] GC(676)   Pre Evacuate Collection Set: 0.2ms
[2024-08-27T15:00:56.564+0000][info][gc,phases      ] GC(676)   Merge Heap Roots: 0.4ms
[2024-08-27T15:00:56.564+0000][info][gc,phases      ] GC(676)   Evacuate Collection Set: 9.4ms
[2024-08-27T15:00:56.564+0000][info][gc,phases      ] GC(676)   Post Evacuate Collection Set: 0.4ms
[2024-08-27T15:00:56.564+0000][info][gc,phases      ] GC(676)   Other: 0.2ms
[2024-08-27T15:00:56.564+0000][info][gc,heap        ] GC(676) Eden regions: 44->0(44)
[2024-08-27T15:00:56.564+0000][info][gc,heap        ] GC(676) Survivor regions: 7->7(7)
[2024-08-27T15:00:56.564+0000][info][gc,heap        ] GC(676) Old regions: 878->820
[2024-08-27T15:00:56.564+0000][info][gc,heap        ] GC(676) Archive regions: 2->2
[2024-08-27T15:00:56.564+0000][info][gc,heap        ] GC(676) Humongous regions: 5->5
[2024-08-27T15:00:56.564+0000][info][gc,metaspace   ] GC(676) Metaspace: 100K(320K)->100K(320K) NonClass: 96K(192K)->96K(192K) Class: 4K(128K)->4K(128K)
[2024-08-27T15:00:56.564+0000][info][gc             ] GC(676) Pause Young (Mixed) (G1 Evacuation Pause) 934M->832M(1024M) 10.675ms
[2024-08-27T15:00:56.564+0000][info][gc,cpu         ] GC(676) User=0.23s Sys=0.00s Real=0.01s
[2024-08-27T15:00:56.585+0000][info][gc,start       ] GC(677) Pause Young (Mixed) (G1 Evacuation Pause)
[2024-08-27T15:00:56.585+0000][info][gc,task        ] GC(677) Using 24 workers of 68 for evacuation
[2024-08-27T15:00:56.596+0000][info][gc,phases      ] GC(677)   Pre Evacuate Collection Set: 0.2ms
[2024-08-27T15:00:56.596+0000][info][gc,phases      ] GC(677)   Merge Heap Roots: 0.4ms
[2024-08-27T15:00:56.596+0000][info][gc,phases      ] GC(677)   Evacuate Collection Set: 9.6ms
[2024-08-27T15:00:56.596+0000][info][gc,phases      ] GC(677)   Post Evacuate Collection Set: 0.3ms
[2024-08-27T15:00:56.596+0000][info][gc,phases      ] GC(677)   Other: 0.2ms
[2024-08-27T15:00:56.596+0000][info][gc,heap        ] GC(677) Eden regions: 44->0(44)
[2024-08-27T15:00:56.596+0000][info][gc,heap        ] GC(677) Survivor regions: 7->7(7)
[2024-08-27T15:00:56.596+0000][info][gc,heap        ] GC(677) Old regions: 820->765
[2024-08-27T15:00:56.596+0000][info][gc,heap        ] GC(677) Archive regions: 2->2
[2024-08-27T15:00:56.596+0000][info][gc,heap        ] GC(677) Humongous regions: 5->5
[2024-08-27T15:00:56.596+0000][info][gc,metaspace   ] GC(677) Metaspace: 100K(320K)->100K(320K) NonClass: 96K(192K)->96K(192K) Class: 4K(128K)->4K(128K)
[2024-08-27T15:00:56.596+0000][info][gc             ] GC(677) Pause Young (Mixed) (G1 Evacuation Pause) 876M->777M(1024M) 10.769ms
[2024-08-27T15:00:56.596+0000][info][gc,cpu         ] GC(677) User=0.24s Sys=0.00s Real=0.01s
[2024-08-27T15:00:56.617+0000][info][gc,start       ] GC(678) Pause Young (Mixed) (G1 Evacuation Pause)
[2024-08-27T15:00:56.617+0000][info][gc,task        ] GC(678) Using 24 workers of 68 for evacuation
[2024-08-27T15:00:56.628+0000][info][gc,phases      ] GC(678)   Pre Evacuate Collection Set: 0.2ms
[2024-08-27T15:00:56.628+0000][info][gc,phases      ] GC(678)   Merge Heap Roots: 0.3ms
[2024-08-27T15:00:56.628+0000][info][gc,phases      ] GC(678)   Evacuate Collection Set: 9.8ms
[2024-08-27T15:00:56.628+0000][info][gc,phases      ] GC(678)   Post Evacuate Collection Set: 0.3ms
[2024-08-27T15:00:56.628+0000][info][gc,phases      ] GC(678)   Other: 0.2ms
[2024-08-27T15:00:56.628+0000][info][gc,heap        ] GC(678) Eden regions: 44->0(44)
[2024-08-27T15:00:56.628+0000][info][gc,heap        ] GC(678) Survivor regions: 7->7(7)
[2024-08-27T15:00:56.628+0000][info][gc,heap        ] GC(678) Old regions: 765->796
[2024-08-27T15:00:56.628+0000][info][gc,heap        ] GC(678) Archive regions: 2->2
[2024-08-27T15:00:56.628+0000][info][gc,heap        ] GC(678) Humongous regions: 5->5
[2024-08-27T15:00:56.628+0000][info][gc,metaspace   ] GC(678) Metaspace: 100K(320K)->100K(320K) NonClass: 96K(192K)->96K(192K) Class: 4K(128K)->4K(128K)
[2024-08-27T15:00:56.628+0000][info][gc             ] GC(678) Pause Young (Mixed) (G1 Evacuation Pause) 821M->808M(1024M) 10.771ms
[2024-08-27T15:00:56.628+0000][info][gc,cpu         ] GC(678) User=0.24s Sys=0.00s Real=0.01s
[2024-08-27T15:00:56.650+0000][info][gc,start       ] GC(679) Pause Young (Concurrent Start) (G1 Evacuation Pause)
[2024-08-27T15:00:56.650+0000][info][gc,task        ] GC(679) Using 24 workers of 68 for evacuation
[2024-08-27T15:00:56.660+0000][info][gc,phases      ] GC(679)   Pre Evacuate Collection Set: 0.2ms
[2024-08-27T15:00:56.660+0000][info][gc,phases      ] GC(679)   Merge Heap Roots: 0.4ms
[2024-08-27T15:00:56.660+0000][info][gc,phases      ] GC(679)   Evacuate Collection Set: 9.2ms
[2024-08-27T15:00:56.660+0000][info][gc,phases      ] GC(679)   Post Evacuate Collection Set: 0.3ms
[2024-08-27T15:00:56.660+0000][info][gc,phases      ] GC(679)   Other: 0.4ms
[2024-08-27T15:00:56.660+0000][info][gc,heap        ] GC(679) Eden regions: 44->0(44)
[2024-08-27T15:00:56.660+0000][info][gc,heap        ] GC(679) Survivor regions: 7->7(7)
[2024-08-27T15:00:56.660+0000][info][gc,heap        ] GC(679) Old regions: 796->842
[2024-08-27T15:00:56.660+0000][info][gc,heap        ] GC(679) Archive regions: 2->2
[2024-08-27T15:00:56.660+0000][info][gc,heap        ] GC(679) Humongous regions: 5->5
[2024-08-27T15:00:56.660+0000][info][gc,metaspace   ] GC(679) Metaspace: 100K(320K)->100K(320K) NonClass: 96K(192K)->96K(192K) Class: 4K(128K)->4K(128K)
[2024-08-27T15:00:56.660+0000][info][gc             ] GC(679) Pause Young (Concurrent Start) (G1 Evacuation Pause) 852M->854M(1024M) 10.638ms
[2024-08-27T15:00:56.660+0000][info][gc,cpu         ] GC(679) User=0.22s Sys=0.01s Real=0.01s
[2024-08-27T15:00:56.660+0000][info][gc             ] GC(680) Concurrent Mark Cycle
[2024-08-27T15:00:56.660+0000][info][gc,marking     ] GC(680) Concurrent Clear Claimed Marks
[2024-08-27T15:00:56.660+0000][info][gc,marking     ] GC(680) Concurrent Clear Claimed Marks 0.012ms
[2024-08-27T15:00:56.660+0000][info][gc,marking     ] GC(680) Concurrent Scan Root Regions
[2024-08-27T15:00:56.662+0000][info][gc,marking     ] GC(680) Concurrent Scan Root Regions 1.417ms
[2024-08-27T15:00:56.662+0000][info][gc,marking     ] GC(680) Concurrent Mark
[2024-08-27T15:00:56.662+0000][info][gc,marking     ] GC(680) Concurrent Mark From Roots
[2024-08-27T15:00:56.662+0000][info][gc,task        ] GC(680) Using 17 workers of 17 for marking
[2024-08-27T15:00:56.682+0000][info][gc,marking     ] GC(680) Concurrent Mark From Roots 20.281ms
[2024-08-27T15:00:56.682+0000][info][gc,marking     ] GC(680) Concurrent Preclean
[2024-08-27T15:00:56.683+0000][info][gc,marking     ] GC(680) Concurrent Preclean 0.667ms
[2024-08-27T15:00:56.683+0000][info][gc,start       ] GC(680) Pause Remark
[2024-08-27T15:00:56.684+0000][info][gc             ] GC(680) Pause Remark 879M->879M(1024M) 1.061ms
[2024-08-27T15:00:56.684+0000][info][gc,cpu         ] GC(680) User=0.00s Sys=0.00s Real=0.00s
[2024-08-27T15:00:56.684+0000][info][gc,marking     ] GC(680) Concurrent Mark 22.433ms
[2024-08-27T15:00:56.684+0000][info][gc,marking     ] GC(680) Concurrent Rebuild Remembered Sets
[2024-08-27T15:00:56.701+0000][info][gc,start       ] GC(681) Pause Young (Normal) (G1 Evacuation Pause)
[2024-08-27T15:00:56.701+0000][info][gc,task        ] GC(681) Using 24 workers of 68 for evacuation
[2024-08-27T15:00:56.711+0000][info][gc,phases      ] GC(681)   Pre Evacuate Collection Set: 0.1ms
[2024-08-27T15:00:56.711+0000][info][gc,phases      ] GC(681)   Merge Heap Roots: 0.3ms
[2024-08-27T15:00:56.711+0000][info][gc,phases      ] GC(681)   Evacuate Collection Set: 9.3ms
[2024-08-27T15:00:56.711+0000][info][gc,phases      ] GC(681)   Post Evacuate Collection Set: 0.4ms
[2024-08-27T15:00:56.711+0000][info][gc,phases      ] GC(681)   Other: 0.1ms
[2024-08-27T15:00:56.711+0000][info][gc,heap        ] GC(681) Eden regions: 44->0(44)
[2024-08-27T15:00:56.711+0000][info][gc,heap        ] GC(681) Survivor regions: 7->7(7)
[2024-08-27T15:00:56.711+0000][info][gc,heap        ] GC(681) Old regions: 842->889
[2024-08-27T15:00:56.711+0000][info][gc,heap        ] GC(681) Archive regions: 2->2
[2024-08-27T15:00:56.711+0000][info][gc,heap        ] GC(681) Humongous regions: 5->5
[2024-08-27T15:00:56.711+0000][info][gc,metaspace   ] GC(681) Metaspace: 100K(320K)->100K(320K) NonClass: 96K(192K)->96K(192K) Class: 4K(128K)->4K(128K)
[2024-08-27T15:00:56.711+0000][info][gc             ] GC(681) Pause Young (Normal) (G1 Evacuation Pause) 898M->901M(1024M) 10.327ms
[2024-08-27T15:00:56.711+0000][info][gc,cpu         ] GC(681) User=0.23s Sys=0.00s Real=0.01s
[2024-08-27T15:00:56.741+0000][info][gc,marking     ] GC(680) Concurrent Rebuild Remembered Sets 56.596ms
[2024-08-27T15:00:56.741+0000][info][gc,start       ] GC(680) Pause Cleanup
[2024-08-27T15:00:56.742+0000][info][gc             ] GC(680) Pause Cleanup 936M->936M(1024M) 1.155ms
[2024-08-27T15:00:56.742+0000][info][gc,cpu         ] GC(680) User=0.01s Sys=0.00s Real=0.00s
[2024-08-27T15:00:56.742+0000][info][gc,marking     ] GC(680) Concurrent Cleanup for Next Mark
[2024-08-27T15:00:56.743+0000][info][gc,marking     ] GC(680) Concurrent Cleanup for Next Mark 0.616ms
[2024-08-27T15:00:56.743+0000][info][gc             ] GC(680) Concurrent Mark Cycle 82.720ms
[2024-08-27T15:00:56.748+0000][info][gc,start       ] GC(682) Pause Young (Prepare Mixed) (G1 Evacuation Pause)
[2024-08-27T15:00:56.748+0000][info][gc,task        ] GC(682) Using 24 workers of 68 for evacuation
[2024-08-27T15:00:56.762+0000][info][gc,phases      ] GC(682)   Pre Evacuate Collection Set: 0.2ms
[2024-08-27T15:00:56.762+0000][info][gc,phases      ] GC(682)   Merge Heap Roots: 0.4ms
[2024-08-27T15:00:56.762+0000][info][gc,phases      ] GC(682)   Evacuate Collection Set: 13.0ms
[2024-08-27T15:00:56.762+0000][info][gc,phases      ] GC(682)   Post Evacuate Collection Set: 0.3ms
[2024-08-27T15:00:56.762+0000][info][gc,phases      ] GC(682)   Other: 0.2ms
[2024-08-27T15:00:56.762+0000][info][gc,heap        ] GC(682) Eden regions: 44->0(44)
[2024-08-27T15:00:56.762+0000][info][gc,heap        ] GC(682) Survivor regions: 7->7(7)
[2024-08-27T15:00:56.762+0000][info][gc,heap        ] GC(682) Old regions: 889->935
[2024-08-27T15:00:56.762+0000][info][gc,heap        ] GC(682) Archive regions: 2->2
[2024-08-27T15:00:56.762+0000][info][gc,heap        ] GC(682) Humongous regions: 5->5
[2024-08-27T15:00:56.762+0000][info][gc,metaspace   ] GC(682) Metaspace: 100K(320K)->100K(320K) NonClass: 96K(192K)->96K(192K) Class: 4K(128K)->4K(128K)
[2024-08-27T15:00:56.762+0000][info][gc             ] GC(682) Pause Young (Prepare Mixed) (G1 Evacuation Pause) 945M->947M(1024M) 14.145ms
[2024-08-27T15:00:56.762+0000][info][gc,cpu         ] GC(682) User=0.32s Sys=0.00s Real=0.02s
[2024-08-27T15:00:56.780+0000][info][gc,start       ] GC(683) Pause Young (Mixed) (G1 Preventive Collection)
[2024-08-27T15:00:56.780+0000][info][gc,task        ] GC(683) Using 24 workers of 68 for evacuation
[2024-08-27T15:00:56.789+0000][info][gc,phases      ] GC(683)   Pre Evacuate Collection Set: 0.2ms
[2024-08-27T15:00:56.789+0000][info][gc,phases      ] GC(683)   Merge Heap Roots: 0.3ms
[2024-08-27T15:00:56.789+0000][info][gc,phases      ] GC(683)   Evacuate Collection Set: 8.0ms
[2024-08-27T15:00:56.789+0000][info][gc,phases      ] GC(683)   Post Evacuate Collection Set: 0.3ms
[2024-08-27T15:00:56.789+0000][info][gc,phases      ] GC(683)   Other: 0.2ms
[2024-08-27T15:00:56.789+0000][info][gc,heap        ] GC(683) Eden regions: 32->0(44)
[2024-08-27T15:00:56.789+0000][info][gc,heap        ] GC(683) Survivor regions: 7->7(7)
[2024-08-27T15:00:56.789+0000][info][gc,heap        ] GC(683) Old regions: 935->867
[2024-08-27T15:00:56.789+0000][info][gc,heap        ] GC(683) Archive regions: 2->2
[2024-08-27T15:00:56.789+0000][info][gc,heap        ] GC(683) Humongous regions: 5->5
[2024-08-27T15:00:56.789+0000][info][gc,metaspace   ] GC(683) Metaspace: 100K(320K)->100K(320K) NonClass: 96K(192K)->96K(192K) Class: 4K(128K)->4K(128K)
[2024-08-27T15:00:56.789+0000][info][gc             ] GC(683) Pause Young (Mixed) (G1 Preventive Collection) 979M->879M(1024M) 9.121ms
[2024-08-27T15:00:56.789+0000][info][gc,cpu         ] GC(683) User=0.20s Sys=0.00s Real=0.00s
[2024-08-27T15:00:56.811+0000][info][gc,start       ] GC(684) Pause Young (Mixed) (G1 Evacuation Pause)
[2024-08-27T15:00:56.811+0000][info][gc,task        ] GC(684) Using 24 workers of 68 for evacuation
[2024-08-27T15:00:56.822+0000][info][gc,phases      ] GC(684)   Pre Evacuate Collection Set: 0.2ms
[2024-08-27T15:00:56.822+0000][info][gc,phases      ] GC(684)   Merge Heap Roots: 0.4ms
[2024-08-27T15:00:56.822+0000][info][gc,phases      ] GC(684)   Evacuate Collection Set: 9.9ms
[2024-08-27T15:00:56.822+0000][info][gc,phases      ] GC(684)   Post Evacuate Collection Set: 0.4ms
[2024-08-27T15:00:56.822+0000][info][gc,phases      ] GC(684)   Other: 0.2ms
[2024-08-27T15:00:56.822+0000][info][gc,heap        ] GC(684) Eden regions: 44->0(44)
[2024-08-27T15:00:56.822+0000][info][gc,heap        ] GC(684) Survivor regions: 7->7(7)
[2024-08-27T15:00:56.822+0000][info][gc,heap        ] GC(684) Old regions: 867->811
[2024-08-27T15:00:56.822+0000][info][gc,heap        ] GC(684) Archive regions: 2->2
[2024-08-27T15:00:56.822+0000][info][gc,heap        ] GC(684) Humongous regions: 5->5
[2024-08-27T15:00:56.822+0000][info][gc,metaspace   ] GC(684) Metaspace: 100K(320K)->100K(320K) NonClass: 96K(192K)->96K(192K) Class: 4K(128K)->4K(128K)
[2024-08-27T15:00:56.822+0000][info][gc             ] GC(684) Pause Young (Mixed) (G1 Evacuation Pause) 923M->823M(1024M) 11.135ms
[2024-08-27T15:00:56.823+0000][info][gc,cpu         ] GC(684) User=0.24s Sys=0.00s Real=0.01s
[2024-08-27T15:00:56.844+0000][info][gc,start       ] GC(685) Pause Young (Mixed) (G1 Evacuation Pause)
[2024-08-27T15:00:56.844+0000][info][gc,task        ] GC(685) Using 24 workers of 68 for evacuation
[2024-08-27T15:00:56.855+0000][info][gc,phases      ] GC(685)   Pre Evacuate Collection Set: 0.2ms
[2024-08-27T15:00:56.855+0000][info][gc,phases      ] GC(685)   Merge Heap Roots: 0.4ms
[2024-08-27T15:00:56.855+0000][info][gc,phases      ] GC(685)   Evacuate Collection Set: 10.2ms
[2024-08-27T15:00:56.855+0000][info][gc,phases      ] GC(685)   Post Evacuate Collection Set: 0.4ms
[2024-08-27T15:00:56.855+0000][info][gc,phases      ] GC(685)   Other: 0.2ms
[2024-08-27T15:00:56.855+0000][info][gc,heap        ] GC(685) Eden regions: 44->0(44)
[2024-08-27T15:00:56.855+0000][info][gc,heap        ] GC(685) Survivor regions: 7->7(7)
[2024-08-27T15:00:56.855+0000][info][gc,heap        ] GC(685) Old regions: 811->755
[2024-08-27T15:00:56.855+0000][info][gc,heap        ] GC(685) Archive regions: 2->2
[2024-08-27T15:00:56.855+0000][info][gc,heap        ] GC(685) Humongous regions: 5->5
[2024-08-27T15:00:56.855+0000][info][gc,metaspace   ] GC(685) Metaspace: 100K(320K)->100K(320K) NonClass: 96K(192K)->96K(192K) Class: 4K(128K)->4K(128K)
[2024-08-27T15:00:56.855+0000][info][gc             ] GC(685) Pause Young (Mixed) (G1 Evacuation Pause) 867M->767M(1024M) 11.503ms
[2024-08-27T15:00:56.855+0000][info][gc,cpu         ] GC(685) User=0.26s Sys=0.00s Real=0.01s
[2024-08-27T15:00:56.876+0000][info][gc,start       ] GC(686) Pause Young (Mixed) (G1 Evacuation Pause)
[2024-08-27T15:00:56.877+0000][info][gc,task        ] GC(686) Using 24 workers of 68 for evacuation
[2024-08-27T15:00:56.887+0000][info][gc,phases      ] GC(686)   Pre Evacuate Collection Set: 0.2ms
[2024-08-27T15:00:56.887+0000][info][gc,phases      ] GC(686)   Merge Heap Roots: 0.3ms
[2024-08-27T15:00:56.887+0000][info][gc,phases      ] GC(686)   Evacuate Collection Set: 9.7ms
[2024-08-27T15:00:56.887+0000][info][gc,phases      ] GC(686)   Post Evacuate Collection Set: 0.3ms
[2024-08-27T15:00:56.887+0000][info][gc,phases      ] GC(686)   Other: 0.3ms
[2024-08-27T15:00:56.887+0000][info][gc,heap        ] GC(686) Eden regions: 44->0(46)
[2024-08-27T15:00:56.887+0000][info][gc,heap        ] GC(686) Survivor regions: 7->7(7)
[2024-08-27T15:00:56.887+0000][info][gc,heap        ] GC(686) Old regions: 755->761
[2024-08-27T15:00:56.887+0000][info][gc,heap        ] GC(686) Archive regions: 2->2
[2024-08-27T15:00:56.887+0000][info][gc,heap        ] GC(686) Humongous regions: 5->5
[2024-08-27T15:00:56.887+0000][info][gc,metaspace   ] GC(686) Metaspace: 100K(320K)->100K(320K) NonClass: 96K(192K)->96K(192K) Class: 4K(128K)->4K(128K)
[2024-08-27T15:00:56.887+0000][info][gc             ] GC(686) Pause Young (Mixed) (G1 Evacuation Pause) 811M->773M(1024M) 10.878ms
[2024-08-27T15:00:56.887+0000][info][gc,cpu         ] GC(686) User=0.24s Sys=0.00s Real=0.01s
[2024-08-27T15:00:56.909+0000][info][gc,start       ] GC(687) Pause Young (Concurrent Start) (G1 Evacuation Pause)
[2024-08-27T15:00:56.909+0000][info][gc,task        ] GC(687) Using 24 workers of 68 for evacuation
[2024-08-27T15:00:56.920+0000][info][gc,phases      ] GC(687)   Pre Evacuate Collection Set: 0.2ms
[2024-08-27T15:00:56.920+0000][info][gc,phases      ] GC(687)   Merge Heap Roots: 0.4ms
[2024-08-27T15:00:56.920+0000][info][gc,phases      ] GC(687)   Evacuate Collection Set: 9.2ms
[2024-08-27T15:00:56.920+0000][info][gc,phases      ] GC(687)   Post Evacuate Collection Set: 0.3ms
[2024-08-27T15:00:56.920+0000][info][gc,phases      ] GC(687)   Other: 0.6ms
[2024-08-27T15:00:56.920+0000][info][gc,heap        ] GC(687) Eden regions: 46->0(44)
[2024-08-27T15:00:56.920+0000][info][gc,heap        ] GC(687) Survivor regions: 7->7(7)
[2024-08-27T15:00:56.920+0000][info][gc,heap        ] GC(687) Old regions: 761->810
[2024-08-27T15:00:56.920+0000][info][gc,heap        ] GC(687) Archive regions: 2->2
[2024-08-27T15:00:56.920+0000][info][gc,heap        ] GC(687) Humongous regions: 5->5
[2024-08-27T15:00:56.920+0000][info][gc,metaspace   ] GC(687) Metaspace: 100K(320K)->100K(320K) NonClass: 96K(192K)->96K(192K) Class: 4K(128K)->4K(128K)
[2024-08-27T15:00:56.920+0000][info][gc             ] GC(687) Pause Young (Concurrent Start) (G1 Evacuation Pause) 819M->822M(1024M) 10.734ms
[2024-08-27T15:00:56.920+0000][info][gc,cpu         ] GC(687) User=0.23s Sys=0.00s Real=0.02s
[2024-08-27T15:00:56.920+0000][info][gc             ] GC(688) Concurrent Mark Cycle
[2024-08-27T15:00:56.920+0000][info][gc,marking     ] GC(688) Concurrent Clear Claimed Marks
[2024-08-27T15:00:56.920+0000][info][gc,marking     ] GC(688) Concurrent Clear Claimed Marks 0.013ms
[2024-08-27T15:00:56.920+0000][info][gc,marking     ] GC(688) Concurrent Scan Root Regions
[2024-08-27T15:00:56.922+0000][info][gc,marking     ] GC(688) Concurrent Scan Root Regions 1.449ms
[2024-08-27T15:00:56.922+0000][info][gc,marking     ] GC(688) Concurrent Mark
[2024-08-27T15:00:56.922+0000][info][gc,marking     ] GC(688) Concurrent Mark From Roots
[2024-08-27T15:00:56.922+0000][info][gc,task        ] GC(688) Using 17 workers of 17 for marking
[2024-08-27T15:00:56.942+0000][info][gc,marking     ] GC(688) Concurrent Mark From Roots 20.516ms
[2024-08-27T15:00:56.942+0000][info][gc,marking     ] GC(688) Concurrent Preclean
[2024-08-27T15:00:56.943+0000][info][gc,marking     ] GC(688) Concurrent Preclean 0.498ms
[2024-08-27T15:00:56.943+0000][info][gc,start       ] GC(688) Pause Remark
[2024-08-27T15:00:56.944+0000][info][gc             ] GC(688) Pause Remark 848M->848M(1024M) 1.239ms
[2024-08-27T15:00:56.944+0000][info][gc,cpu         ] GC(688) User=0.01s Sys=0.00s Real=0.00s
[2024-08-27T15:00:56.944+0000][info][gc,marking     ] GC(688) Concurrent Mark 22.675ms
[2024-08-27T15:00:56.944+0000][info][gc,marking     ] GC(688) Concurrent Rebuild Remembered Sets
[2024-08-27T15:00:56.960+0000][info][gc,start       ] GC(689) Pause Young (Normal) (G1 Evacuation Pause)
[2024-08-27T15:00:56.960+0000][info][gc,task        ] GC(689) Using 24 workers of 68 for evacuation
[2024-08-27T15:00:56.970+0000][info][gc,phases      ] GC(689)   Pre Evacuate Collection Set: 0.2ms
[2024-08-27T15:00:56.970+0000][info][gc,phases      ] GC(689)   Merge Heap Roots: 0.4ms
[2024-08-27T15:00:56.970+0000][info][gc,phases      ] GC(689)   Evacuate Collection Set: 9.0ms
[2024-08-27T15:00:56.970+0000][info][gc,phases      ] GC(689)   Post Evacuate Collection Set: 0.4ms
[2024-08-27T15:00:56.970+0000][info][gc,phases      ] GC(689)   Other: 0.2ms
[2024-08-27T15:00:56.970+0000][info][gc,heap        ] GC(689) Eden regions: 44->0(44)
[2024-08-27T15:00:56.970+0000][info][gc,heap        ] GC(689) Survivor regions: 7->7(7)
[2024-08-27T15:00:56.970+0000][info][gc,heap        ] GC(689) Old regions: 810->857
[2024-08-27T15:00:56.970+0000][info][gc,heap        ] GC(689) Archive regions: 2->2
[2024-08-27T15:00:56.970+0000][info][gc,heap        ] GC(689) Humongous regions: 5->5
[2024-08-27T15:00:56.970+0000][info][gc,metaspace   ] GC(689) Metaspace: 100K(320K)->100K(320K) NonClass: 96K(192K)->96K(192K) Class: 4K(128K)->4K(128K)
[2024-08-27T15:00:56.970+0000][info][gc             ] GC(689) Pause Young (Normal) (G1 Evacuation Pause) 866M->869M(1024M) 10.295ms
[2024-08-27T15:00:56.970+0000][info][gc,cpu         ] GC(689) User=0.22s Sys=0.01s Real=0.01s
[2024-08-27T15:00:57.002+0000][info][gc,marking     ] GC(688) Concurrent Rebuild Remembered Sets 57.703ms
[2024-08-27T15:00:57.003+0000][info][gc,start       ] GC(688) Pause Cleanup
[2024-08-27T15:00:57.004+0000][info][gc             ] GC(688) Pause Cleanup 908M->908M(1024M) 1.439ms
[2024-08-27T15:00:57.004+0000][info][gc,cpu         ] GC(688) User=0.00s Sys=0.00s Real=0.00s
[2024-08-27T15:00:57.004+0000][info][gc,marking     ] GC(688) Concurrent Cleanup for Next Mark
[2024-08-27T15:00:57.005+0000][info][gc,marking     ] GC(688) Concurrent Cleanup for Next Mark 0.648ms
[2024-08-27T15:00:57.005+0000][info][gc             ] GC(688) Concurrent Mark Cycle 84.514ms
[2024-08-27T15:00:57.008+0000][info][gc,start       ] GC(690) Pause Young (Prepare Mixed) (G1 Evacuation Pause)
[2024-08-27T15:00:57.008+0000][info][gc,task        ] GC(690) Using 24 workers of 68 for evacuation
[2024-08-27T15:00:57.023+0000][info][gc,phases      ] GC(690)   Pre Evacuate Collection Set: 0.2ms
[2024-08-27T15:00:57.023+0000][info][gc,phases      ] GC(690)   Merge Heap Roots: 0.5ms
[2024-08-27T15:00:57.023+0000][info][gc,phases      ] GC(690)   Evacuate Collection Set: 13.9ms
[2024-08-27T15:00:57.023+0000][info][gc,phases      ] GC(690)   Post Evacuate Collection Set: 0.3ms
[2024-08-27T15:00:57.023+0000][info][gc,phases      ] GC(690)   Other: 0.2ms
[2024-08-27T15:00:57.023+0000][info][gc,heap        ] GC(690) Eden regions: 44->0(44)
[2024-08-27T15:00:57.023+0000][info][gc,heap        ] GC(690) Survivor regions: 7->7(7)
[2024-08-27T15:00:57.023+0000][info][gc,heap        ] GC(690) Old regions: 857->904
[2024-08-27T15:00:57.023+0000][info][gc,heap        ] GC(690) Archive regions: 2->2
[2024-08-27T15:00:57.023+0000][info][gc,heap        ] GC(690) Humongous regions: 5->5
[2024-08-27T15:00:57.023+0000][info][gc,metaspace   ] GC(690) Metaspace: 100K(320K)->100K(320K) NonClass: 96K(192K)->96K(192K) Class: 4K(128K)->4K(128K)
[2024-08-27T15:00:57.023+0000][info][gc             ] GC(690) Pause Young (Prepare Mixed) (G1 Evacuation Pause) 913M->916M(1024M) 15.043ms
[2024-08-27T15:00:57.023+0000][info][gc,cpu         ] GC(690) User=0.34s Sys=0.00s Real=0.02s
[2024-08-27T15:00:57.048+0000][info][gc,start       ] GC(691) Pause Young (Mixed) (G1 Evacuation Pause)
[2024-08-27T15:00:57.048+0000][info][gc,task        ] GC(691) Using 24 workers of 68 for evacuation
[2024-08-27T15:00:57.060+0000][info][gc,phases      ] GC(691)   Pre Evacuate Collection Set: 0.2ms
[2024-08-27T15:00:57.060+0000][info][gc,phases      ] GC(691)   Merge Heap Roots: 0.4ms
[2024-08-27T15:00:57.060+0000][info][gc,phases      ] GC(691)   Evacuate Collection Set: 11.0ms
[2024-08-27T15:00:57.060+0000][info][gc,phases      ] GC(691)   Post Evacuate Collection Set: 0.3ms
[2024-08-27T15:00:57.060+0000][info][gc,phases      ] GC(691)   Other: 0.3ms
[2024-08-27T15:00:57.060+0000][info][gc,heap        ] GC(691) Eden regions: 44->0(44)
[2024-08-27T15:00:57.060+0000][info][gc,heap        ] GC(691) Survivor regions: 7->7(7)
[2024-08-27T15:00:57.060+0000][info][gc,heap        ] GC(691) Old regions: 904->847
[2024-08-27T15:00:57.060+0000][info][gc,heap        ] GC(691) Archive regions: 2->2
[2024-08-27T15:00:57.060+0000][info][gc,heap        ] GC(691) Humongous regions: 5->5
[2024-08-27T15:00:57.060+0000][info][gc,metaspace   ] GC(691) Metaspace: 100K(320K)->100K(320K) NonClass: 96K(192K)->96K(192K) Class: 4K(128K)->4K(128K)
[2024-08-27T15:00:57.060+0000][info][gc             ] GC(691) Pause Young (Mixed) (G1 Evacuation Pause) 960M->859M(1024M) 12.257ms
[2024-08-27T15:00:57.060+0000][info][gc,cpu         ] GC(691) User=0.27s Sys=0.00s Real=0.02s
[2024-08-27T15:00:57.082+0000][info][gc,start       ] GC(692) Pause Young (Mixed) (G1 Evacuation Pause)
[2024-08-27T15:00:57.082+0000][info][gc,task        ] GC(692) Using 24 workers of 68 for evacuation
[2024-08-27T15:00:57.094+0000][info][gc,phases      ] GC(692)   Pre Evacuate Collection Set: 0.2ms
[2024-08-27T15:00:57.094+0000][info][gc,phases      ] GC(692)   Merge Heap Roots: 0.4ms
[2024-08-27T15:00:57.094+0000][info][gc,phases      ] GC(692)   Evacuate Collection Set: 10.2ms
[2024-08-27T15:00:57.094+0000][info][gc,phases      ] GC(692)   Post Evacuate Collection Set: 0.4ms
[2024-08-27T15:00:57.094+0000][info][gc,phases      ] GC(692)   Other: 0.2ms
[2024-08-27T15:00:57.094+0000][info][gc,heap        ] GC(692) Eden regions: 44->0(44)
[2024-08-27T15:00:57.094+0000][info][gc,heap        ] GC(692) Survivor regions: 7->7(7)
[2024-08-27T15:00:57.094+0000][info][gc,heap        ] GC(692) Old regions: 847->791
[2024-08-27T15:00:57.094+0000][info][gc,heap        ] GC(692) Archive regions: 2->2
[2024-08-27T15:00:57.094+0000][info][gc,heap        ] GC(692) Humongous regions: 5->5
[2024-08-27T15:00:57.094+0000][info][gc,metaspace   ] GC(692) Metaspace: 100K(320K)->100K(320K) NonClass: 96K(192K)->96K(192K) Class: 4K(128K)->4K(128K)
[2024-08-27T15:00:57.094+0000][info][gc             ] GC(692) Pause Young (Mixed) (G1 Evacuation Pause) 903M->803M(1024M) 11.431ms
[2024-08-27T15:00:57.094+0000][info][gc,cpu         ] GC(692) User=0.24s Sys=0.01s Real=0.01s
[2024-08-27T15:00:57.115+0000][info][gc,start       ] GC(693) Pause Young (Mixed) (G1 Evacuation Pause)
[2024-08-27T15:00:57.115+0000][info][gc,task        ] GC(693) Using 24 workers of 68 for evacuation
[2024-08-27T15:00:57.126+0000][info][gc,phases      ] GC(693)   Pre Evacuate Collection Set: 0.2ms
[2024-08-27T15:00:57.126+0000][info][gc,phases      ] GC(693)   Merge Heap Roots: 0.4ms
[2024-08-27T15:00:57.126+0000][info][gc,phases      ] GC(693)   Evacuate Collection Set: 9.9ms
[2024-08-27T15:00:57.126+0000][info][gc,phases      ] GC(693)   Post Evacuate Collection Set: 0.4ms
[2024-08-27T15:00:57.126+0000][info][gc,phases      ] GC(693)   Other: 0.3ms
[2024-08-27T15:00:57.126+0000][info][gc,heap        ] GC(693) Eden regions: 44->0(44)
[2024-08-27T15:00:57.126+0000][info][gc,heap        ] GC(693) Survivor regions: 7->7(7)
[2024-08-27T15:00:57.126+0000][info][gc,heap        ] GC(693) Old regions: 791->736
[2024-08-27T15:00:57.126+0000][info][gc,heap        ] GC(693) Archive regions: 2->2
[2024-08-27T15:00:57.126+0000][info][gc,heap        ] GC(693) Humongous regions: 5->5
[2024-08-27T15:00:57.126+0000][info][gc,metaspace   ] GC(693) Metaspace: 100K(320K)->100K(320K) NonClass: 96K(192K)->96K(192K) Class: 4K(128K)->4K(128K)
[2024-08-27T15:00:57.126+0000][info][gc             ] GC(693) Pause Young (Mixed) (G1 Evacuation Pause) 847M->748M(1024M) 11.353ms
[2024-08-27T15:00:57.126+0000][info][gc,cpu         ] GC(693) User=0.24s Sys=0.01s Real=0.01s
[2024-08-27T15:00:57.147+0000][info][gc,start       ] GC(694) Pause Young (Mixed) (G1 Evacuation Pause)
[2024-08-27T15:00:57.147+0000][info][gc,task        ] GC(694) Using 24 workers of 68 for evacuation
[2024-08-27T15:00:57.158+0000][info][gc,phases      ] GC(694)   Pre Evacuate Collection Set: 0.2ms
[2024-08-27T15:00:57.158+0000][info][gc,phases      ] GC(694)   Merge Heap Roots: 0.3ms
[2024-08-27T15:00:57.158+0000][info][gc,phases      ] GC(694)   Evacuate Collection Set: 9.8ms
[2024-08-27T15:00:57.158+0000][info][gc,phases      ] GC(694)   Post Evacuate Collection Set: 0.3ms
[2024-08-27T15:00:57.158+0000][info][gc,phases      ] GC(694)   Other: 0.3ms
[2024-08-27T15:00:57.158+0000][info][gc,heap        ] GC(694) Eden regions: 44->0(44)
[2024-08-27T15:00:57.158+0000][info][gc,heap        ] GC(694) Survivor regions: 7->7(7)
[2024-08-27T15:00:57.158+0000][info][gc,heap        ] GC(694) Old regions: 736->771
[2024-08-27T15:00:57.158+0000][info][gc,heap        ] GC(694) Archive regions: 2->2
[2024-08-27T15:00:57.158+0000][info][gc,heap        ] GC(694) Humongous regions: 5->5
[2024-08-27T15:00:57.158+0000][info][gc,metaspace   ] GC(694) Metaspace: 100K(320K)->100K(320K) NonClass: 96K(192K)->96K(192K) Class: 4K(128K)->4K(128K)
[2024-08-27T15:00:57.158+0000][info][gc             ] GC(694) Pause Young (Mixed) (G1 Evacuation Pause) 792M->783M(1024M) 11.053ms
[2024-08-27T15:00:57.158+0000][info][gc,cpu         ] GC(694) User=0.24s Sys=0.00s Real=0.02s
[2024-08-27T15:00:57.179+0000][info][gc,start       ] GC(695) Pause Young (Concurrent Start) (G1 Evacuation Pause)
[2024-08-27T15:00:57.179+0000][info][gc,task        ] GC(695) Using 24 workers of 68 for evacuation
[2024-08-27T15:00:57.190+0000][info][gc,phases      ] GC(695)   Pre Evacuate Collection Set: 0.2ms
[2024-08-27T15:00:57.190+0000][info][gc,phases      ] GC(695)   Merge Heap Roots: 0.4ms
[2024-08-27T15:00:57.190+0000][info][gc,phases      ] GC(695)   Evacuate Collection Set: 9.2ms
[2024-08-27T15:00:57.190+0000][info][gc,phases      ] GC(695)   Post Evacuate Collection Set: 0.4ms
[2024-08-27T15:00:57.190+0000][info][gc,phases      ] GC(695)   Other: 0.6ms
[2024-08-27T15:00:57.190+0000][info][gc,heap        ] GC(695) Eden regions: 44->0(44)
[2024-08-27T15:00:57.190+0000][info][gc,heap        ] GC(695) Survivor regions: 7->7(7)
[2024-08-27T15:00:57.190+0000][info][gc,heap        ] GC(695) Old regions: 771->818
[2024-08-27T15:00:57.190+0000][info][gc,heap        ] GC(695) Archive regions: 2->2
[2024-08-27T15:00:57.190+0000][info][gc,heap        ] GC(695) Humongous regions: 5->5
[2024-08-27T15:00:57.190+0000][info][gc,metaspace   ] GC(695) Metaspace: 100K(320K)->100K(320K) NonClass: 96K(192K)->96K(192K) Class: 4K(128K)->4K(128K)
[2024-08-27T15:00:57.190+0000][info][gc             ] GC(695) Pause Young (Concurrent Start) (G1 Evacuation Pause) 827M->830M(1024M) 10.881ms
[2024-08-27T15:00:57.190+0000][info][gc,cpu         ] GC(695) User=0.22s Sys=0.00s Real=0.01s
[2024-08-27T15:00:57.190+0000][info][gc             ] GC(696) Concurrent Mark Cycle
[2024-08-27T15:00:57.190+0000][info][gc,marking     ] GC(696) Concurrent Clear Claimed Marks
[2024-08-27T15:00:57.190+0000][info][gc,marking     ] GC(696) Concurrent Clear Claimed Marks 0.013ms
[2024-08-27T15:00:57.190+0000][info][gc,marking     ] GC(696) Concurrent Scan Root Regions
[2024-08-27T15:00:57.192+0000][info][gc,marking     ] GC(696) Concurrent Scan Root Regions 1.465ms
[2024-08-27T15:00:57.192+0000][info][gc,marking     ] GC(696) Concurrent Mark
[2024-08-27T15:00:57.192+0000][info][gc,marking     ] GC(696) Concurrent Mark From Roots
[2024-08-27T15:00:57.192+0000][info][gc,task        ] GC(696) Using 17 workers of 17 for marking
[2024-08-27T15:00:57.213+0000][info][gc,marking     ] GC(696) Concurrent Mark From Roots 20.838ms
[2024-08-27T15:00:57.213+0000][info][gc,marking     ] GC(696) Concurrent Preclean
[2024-08-27T15:00:57.213+0000][info][gc,marking     ] GC(696) Concurrent Preclean 0.499ms
[2024-08-27T15:00:57.214+0000][info][gc,start       ] GC(696) Pause Remark
[2024-08-27T15:00:57.215+0000][info][gc             ] GC(696) Pause Remark 858M->858M(1024M) 1.408ms
[2024-08-27T15:00:57.215+0000][info][gc,cpu         ] GC(696) User=0.01s Sys=0.00s Real=0.00s
[2024-08-27T15:00:57.215+0000][info][gc,marking     ] GC(696) Concurrent Mark 23.226ms
[2024-08-27T15:00:57.215+0000][info][gc,marking     ] GC(696) Concurrent Rebuild Remembered Sets
[2024-08-27T15:00:57.227+0000][info][gc,start       ] GC(697) Pause Young (Normal) (G1 Evacuation Pause)
[2024-08-27T15:00:57.227+0000][info][gc,task        ] GC(697) Using 24 workers of 68 for evacuation
[2024-08-27T15:00:57.238+0000][info][gc,phases      ] GC(697)   Pre Evacuate Collection Set: 0.2ms
[2024-08-27T15:00:57.238+0000][info][gc,phases      ] GC(697)   Merge Heap Roots: 0.4ms
[2024-08-27T15:00:57.238+0000][info][gc,phases      ] GC(697)   Evacuate Collection Set: 9.2ms
[2024-08-27T15:00:57.238+0000][info][gc,phases      ] GC(697)   Post Evacuate Collection Set: 0.4ms
[2024-08-27T15:00:57.238+0000][info][gc,phases      ] GC(697)   Other: 0.3ms
[2024-08-27T15:00:57.238+0000][info][gc,heap        ] GC(697) Eden regions: 44->0(44)
[2024-08-27T15:00:57.238+0000][info][gc,heap        ] GC(697) Survivor regions: 7->7(7)
[2024-08-27T15:00:57.238+0000][info][gc,heap        ] GC(697) Old regions: 818->865
[2024-08-27T15:00:57.238+0000][info][gc,heap        ] GC(697) Archive regions: 2->2
[2024-08-27T15:00:57.238+0000][info][gc,heap        ] GC(697) Humongous regions: 5->5
[2024-08-27T15:00:57.238+0000][info][gc,metaspace   ] GC(697) Metaspace: 100K(320K)->100K(320K) NonClass: 96K(192K)->96K(192K) Class: 4K(128K)->4K(128K)
[2024-08-27T15:00:57.238+0000][info][gc             ] GC(697) Pause Young (Normal) (G1 Evacuation Pause) 874M->877M(1024M) 10.576ms
[2024-08-27T15:00:57.238+0000][info][gc,cpu         ] GC(697) User=0.23s Sys=0.00s Real=0.02s
[2024-08-27T15:00:57.271+0000][info][gc,marking     ] GC(696) Concurrent Rebuild Remembered Sets 55.932ms
[2024-08-27T15:00:57.271+0000][info][gc,start       ] GC(696) Pause Cleanup
[2024-08-27T15:00:57.273+0000][info][gc             ] GC(696) Pause Cleanup 921M->921M(1024M) 1.555ms
[2024-08-27T15:00:57.273+0000][info][gc,cpu         ] GC(696) User=0.00s Sys=0.00s Real=0.00s
[2024-08-27T15:00:57.273+0000][info][gc,marking     ] GC(696) Concurrent Cleanup for Next Mark
[2024-08-27T15:00:57.274+0000][info][gc,marking     ] GC(696) Concurrent Cleanup for Next Mark 0.644ms
[2024-08-27T15:00:57.274+0000][info][gc             ] GC(696) Concurrent Mark Cycle 83.405ms
[2024-08-27T15:00:57.274+0000][info][gc,start       ] GC(698) Pause Young (Prepare Mixed) (G1 Evacuation Pause)
[2024-08-27T15:00:57.274+0000][info][gc,task        ] GC(698) Using 24 workers of 68 for evacuation
[2024-08-27T15:00:57.288+0000][info][gc,phases      ] GC(698)   Pre Evacuate Collection Set: 0.2ms
[2024-08-27T15:00:57.288+0000][info][gc,phases      ] GC(698)   Merge Heap Roots: 0.4ms
[2024-08-27T15:00:57.288+0000][info][gc,phases      ] GC(698)   Evacuate Collection Set: 12.8ms
[2024-08-27T15:00:57.288+0000][info][gc,phases      ] GC(698)   Post Evacuate Collection Set: 0.3ms
[2024-08-27T15:00:57.288+0000][info][gc,phases      ] GC(698)   Other: 0.2ms
[2024-08-27T15:00:57.288+0000][info][gc,heap        ] GC(698) Eden regions: 44->0(44)
[2024-08-27T15:00:57.288+0000][info][gc,heap        ] GC(698) Survivor regions: 7->7(7)
[2024-08-27T15:00:57.288+0000][info][gc,heap        ] GC(698) Old regions: 865->912
[2024-08-27T15:00:57.288+0000][info][gc,heap        ] GC(698) Archive regions: 2->2
[2024-08-27T15:00:57.288+0000][info][gc,heap        ] GC(698) Humongous regions: 5->5
[2024-08-27T15:00:57.288+0000][info][gc,metaspace   ] GC(698) Metaspace: 100K(320K)->100K(320K) NonClass: 96K(192K)->96K(192K) Class: 4K(128K)->4K(128K)
[2024-08-27T15:00:57.288+0000][info][gc             ] GC(698) Pause Young (Prepare Mixed) (G1 Evacuation Pause) 921M->924M(1024M) 13.892ms
[2024-08-27T15:00:57.288+0000][info][gc,cpu         ] GC(698) User=0.32s Sys=0.00s Real=0.01s
[2024-08-27T15:00:57.307+0000][info][gc,start       ] GC(699) Pause Young (Mixed) (G1 Preventive Collection)
[2024-08-27T15:00:57.307+0000][info][gc,task        ] GC(699) Using 24 workers of 68 for evacuation
[2024-08-27T15:00:57.319+0000][info][gc,phases      ] GC(699)   Pre Evacuate Collection Set: 0.2ms
[2024-08-27T15:00:57.319+0000][info][gc,phases      ] GC(699)   Merge Heap Roots: 0.3ms
[2024-08-27T15:00:57.319+0000][info][gc,phases      ] GC(699)   Evacuate Collection Set: 10.1ms
[2024-08-27T15:00:57.319+0000][info][gc,phases      ] GC(699)   Post Evacuate Collection Set: 0.4ms
[2024-08-27T15:00:57.319+0000][info][gc,phases      ] GC(699)   Other: 0.3ms
[2024-08-27T15:00:57.319+0000][info][gc,heap        ] GC(699) Eden regions: 43->0(44)
[2024-08-27T15:00:57.319+0000][info][gc,heap        ] GC(699) Survivor regions: 7->7(7)
[2024-08-27T15:00:57.319+0000][info][gc,heap        ] GC(699) Old regions: 912->855
[2024-08-27T15:00:57.319+0000][info][gc,heap        ] GC(699) Archive regions: 2->2
[2024-08-27T15:00:57.319+0000][info][gc,heap        ] GC(699) Humongous regions: 5->5
[2024-08-27T15:00:57.319+0000][info][gc,metaspace   ] GC(699) Metaspace: 100K(320K)->100K(320K) NonClass: 96K(192K)->96K(192K) Class: 4K(128K)->4K(128K)
[2024-08-27T15:00:57.319+0000][info][gc             ] GC(699) Pause Young (Mixed) (G1 Preventive Collection) 967M->867M(1024M) 11.444ms
[2024-08-27T15:00:57.319+0000][info][gc,cpu         ] GC(699) User=0.25s Sys=0.00s Real=0.02s
[2024-08-27T15:00:57.337+0000][info][gc,start       ] GC(700) Pause Young (Mixed) (G1 Evacuation Pause)
[2024-08-27T15:00:57.337+0000][info][gc,task        ] GC(700) Using 24 workers of 68 for evacuation
[2024-08-27T15:00:57.348+0000][info][gc,phases      ] GC(700)   Pre Evacuate Collection Set: 0.2ms
[2024-08-27T15:00:57.348+0000][info][gc,phases      ] GC(700)   Merge Heap Roots: 0.4ms
[2024-08-27T15:00:57.348+0000][info][gc,phases      ] GC(700)   Evacuate Collection Set: 9.8ms
[2024-08-27T15:00:57.348+0000][info][gc,phases      ] GC(700)   Post Evacuate Collection Set: 0.4ms
[2024-08-27T15:00:57.348+0000][info][gc,phases      ] GC(700)   Other: 0.3ms
[2024-08-27T15:00:57.348+0000][info][gc,heap        ] GC(700) Eden regions: 44->0(44)
[2024-08-27T15:00:57.348+0000][info][gc,heap        ] GC(700) Survivor regions: 7->7(7)
[2024-08-27T15:00:57.348+0000][info][gc,heap        ] GC(700) Old regions: 855->799
[2024-08-27T15:00:57.348+0000][info][gc,heap        ] GC(700) Archive regions: 2->2
[2024-08-27T15:00:57.348+0000][info][gc,heap        ] GC(700) Humongous regions: 5->5
[2024-08-27T15:00:57.348+0000][info][gc,metaspace   ] GC(700) Metaspace: 100K(320K)->100K(320K) NonClass: 96K(192K)->96K(192K) Class: 4K(128K)->4K(128K)
[2024-08-27T15:00:57.348+0000][info][gc             ] GC(700) Pause Young (Mixed) (G1 Evacuation Pause) 911M->811M(1024M) 11.199ms
[2024-08-27T15:00:57.348+0000][info][gc,cpu         ] GC(700) User=0.24s Sys=0.00s Real=0.01s
[2024-08-27T15:00:57.366+0000][info][gc,start       ] GC(701) Pause Young (Mixed) (G1 Evacuation Pause)
[2024-08-27T15:00:57.366+0000][info][gc,task        ] GC(701) Using 24 workers of 68 for evacuation
[2024-08-27T15:00:57.377+0000][info][gc,phases      ] GC(701)   Pre Evacuate Collection Set: 0.2ms
[2024-08-27T15:00:57.377+0000][info][gc,phases      ] GC(701)   Merge Heap Roots: 0.4ms
[2024-08-27T15:00:57.377+0000][info][gc,phases      ] GC(701)   Evacuate Collection Set: 9.6ms
[2024-08-27T15:00:57.377+0000][info][gc,phases      ] GC(701)   Post Evacuate Collection Set: 0.4ms
[2024-08-27T15:00:57.377+0000][info][gc,phases      ] GC(701)   Other: 0.3ms
[2024-08-27T15:00:57.377+0000][info][gc,heap        ] GC(701) Eden regions: 44->0(44)
[2024-08-27T15:00:57.377+0000][info][gc,heap        ] GC(701) Survivor regions: 7->7(7)
[2024-08-27T15:00:57.377+0000][info][gc,heap        ] GC(701) Old regions: 799->743
[2024-08-27T15:00:57.377+0000][info][gc,heap        ] GC(701) Archive regions: 2->2
[2024-08-27T15:00:57.377+0000][info][gc,heap        ] GC(701) Humongous regions: 5->5
[2024-08-27T15:00:57.377+0000][info][gc,metaspace   ] GC(701) Metaspace: 100K(320K)->100K(320K) NonClass: 96K(192K)->96K(192K) Class: 4K(128K)->4K(128K)
[2024-08-27T15:00:57.377+0000][info][gc             ] GC(701) Pause Young (Mixed) (G1 Evacuation Pause) 855M->755M(1024M) 11.045ms
[2024-08-27T15:00:57.377+0000][info][gc,cpu         ] GC(701) User=0.24s Sys=0.00s Real=0.01s
[2024-08-27T15:00:57.395+0000][info][gc,start       ] GC(702) Pause Young (Mixed) (G1 Evacuation Pause)
[2024-08-27T15:00:57.395+0000][info][gc,task        ] GC(702) Using 24 workers of 68 for evacuation
[2024-08-27T15:00:57.406+0000][info][gc,phases      ] GC(702)   Pre Evacuate Collection Set: 0.2ms
[2024-08-27T15:00:57.406+0000][info][gc,phases      ] GC(702)   Merge Heap Roots: 0.3ms
[2024-08-27T15:00:57.406+0000][info][gc,phases      ] GC(702)   Evacuate Collection Set: 10.0ms
[2024-08-27T15:00:57.406+0000][info][gc,phases      ] GC(702)   Post Evacuate Collection Set: 0.4ms
[2024-08-27T15:00:57.406+0000][info][gc,phases      ] GC(702)   Other: 0.3ms
[2024-08-27T15:00:57.406+0000][info][gc,heap        ] GC(702) Eden regions: 44->0(44)
[2024-08-27T15:00:57.406+0000][info][gc,heap        ] GC(702) Survivor regions: 7->7(7)
[2024-08-27T15:00:57.406+0000][info][gc,heap        ] GC(702) Old regions: 743->772
[2024-08-27T15:00:57.406+0000][info][gc,heap        ] GC(702) Archive regions: 2->2
[2024-08-27T15:00:57.406+0000][info][gc,heap        ] GC(702) Humongous regions: 5->5
[2024-08-27T15:00:57.406+0000][info][gc,metaspace   ] GC(702) Metaspace: 100K(320K)->100K(320K) NonClass: 96K(192K)->96K(192K) Class: 4K(128K)->4K(128K)
[2024-08-27T15:00:57.406+0000][info][gc             ] GC(702) Pause Young (Mixed) (G1 Evacuation Pause) 799M->784M(1024M) 11.350ms
[2024-08-27T15:00:57.406+0000][info][gc,cpu         ] GC(702) User=0.24s Sys=0.01s Real=0.01s
[2024-08-27T15:00:57.425+0000][info][gc,start       ] GC(703) Pause Young (Concurrent Start) (G1 Evacuation Pause)
[2024-08-27T15:00:57.425+0000][info][gc,task        ] GC(703) Using 24 workers of 68 for evacuation
[2024-08-27T15:00:57.436+0000][info][gc,phases      ] GC(703)   Pre Evacuate Collection Set: 0.2ms
[2024-08-27T15:00:57.436+0000][info][gc,phases      ] GC(703)   Merge Heap Roots: 0.3ms
[2024-08-27T15:00:57.436+0000][info][gc,phases      ] GC(703)   Evacuate Collection Set: 9.3ms
[2024-08-27T15:00:57.436+0000][info][gc,phases      ] GC(703)   Post Evacuate Collection Set: 0.3ms
[2024-08-27T15:00:57.436+0000][info][gc,phases      ] GC(703)   Other: 1.0ms
[2024-08-27T15:00:57.436+0000][info][gc,heap        ] GC(703) Eden regions: 44->0(44)
[2024-08-27T15:00:57.436+0000][info][gc,heap        ] GC(703) Survivor regions: 7->7(7)
[2024-08-27T15:00:57.436+0000][info][gc,heap        ] GC(703) Old regions: 772->819
[2024-08-27T15:00:57.436+0000][info][gc,heap        ] GC(703) Archive regions: 2->2
[2024-08-27T15:00:57.436+0000][info][gc,heap        ] GC(703) Humongous regions: 5->5
[2024-08-27T15:00:57.436+0000][info][gc,metaspace   ] GC(703) Metaspace: 100K(320K)->100K(320K) NonClass: 96K(192K)->96K(192K) Class: 4K(128K)->4K(128K)
[2024-08-27T15:00:57.436+0000][info][gc             ] GC(703) Pause Young (Concurrent Start) (G1 Evacuation Pause) 828M->831M(1024M) 11.310ms
[2024-08-27T15:00:57.436+0000][info][gc,cpu         ] GC(703) User=0.23s Sys=0.00s Real=0.01s
[2024-08-27T15:00:57.436+0000][info][gc             ] GC(704) Concurrent Mark Cycle
[2024-08-27T15:00:57.436+0000][info][gc,marking     ] GC(704) Concurrent Clear Claimed Marks
[2024-08-27T15:00:57.436+0000][info][gc,marking     ] GC(704) Concurrent Clear Claimed Marks 0.014ms
[2024-08-27T15:00:57.436+0000][info][gc,marking     ] GC(704) Concurrent Scan Root Regions
[2024-08-27T15:00:57.438+0000][info][gc,marking     ] GC(704) Concurrent Scan Root Regions 1.443ms
[2024-08-27T15:00:57.438+0000][info][gc,marking     ] GC(704) Concurrent Mark
[2024-08-27T15:00:57.438+0000][info][gc,marking     ] GC(704) Concurrent Mark From Roots
[2024-08-27T15:00:57.438+0000][info][gc,task        ] GC(704) Using 17 workers of 17 for marking
[2024-08-27T15:00:57.458+0000][info][gc,marking     ] GC(704) Concurrent Mark From Roots 20.655ms
[2024-08-27T15:00:57.458+0000][info][gc,marking     ] GC(704) Concurrent Preclean
[2024-08-27T15:00:57.459+0000][info][gc,marking     ] GC(704) Concurrent Preclean 0.499ms
[2024-08-27T15:00:57.459+0000][info][gc,start       ] GC(704) Pause Remark
[2024-08-27T15:00:57.461+0000][info][gc             ] GC(704) Pause Remark 860M->860M(1024M) 1.573ms
[2024-08-27T15:00:57.461+0000][info][gc,cpu         ] GC(704) User=0.01s Sys=0.00s Real=0.00s
[2024-08-27T15:00:57.461+0000][info][gc,marking     ] GC(704) Concurrent Mark 23.201ms
[2024-08-27T15:00:57.461+0000][info][gc,marking     ] GC(704) Concurrent Rebuild Remembered Sets
[2024-08-27T15:00:57.474+0000][info][gc,start       ] GC(705) Pause Young (Normal) (G1 Evacuation Pause)
[2024-08-27T15:00:57.474+0000][info][gc,task        ] GC(705) Using 24 workers of 68 for evacuation
[2024-08-27T15:00:57.484+0000][info][gc,phases      ] GC(705)   Pre Evacuate Collection Set: 0.2ms
[2024-08-27T15:00:57.484+0000][info][gc,phases      ] GC(705)   Merge Heap Roots: 0.4ms
[2024-08-27T15:00:57.484+0000][info][gc,phases      ] GC(705)   Evacuate Collection Set: 8.9ms
[2024-08-27T15:00:57.484+0000][info][gc,phases      ] GC(705)   Post Evacuate Collection Set: 0.4ms
[2024-08-27T15:00:57.484+0000][info][gc,phases      ] GC(705)   Other: 0.3ms
[2024-08-27T15:00:57.484+0000][info][gc,heap        ] GC(705) Eden regions: 44->0(44)
[2024-08-27T15:00:57.484+0000][info][gc,heap        ] GC(705) Survivor regions: 7->7(7)
[2024-08-27T15:00:57.484+0000][info][gc,heap        ] GC(705) Old regions: 819->866
[2024-08-27T15:00:57.484+0000][info][gc,heap        ] GC(705) Archive regions: 2->2
[2024-08-27T15:00:57.484+0000][info][gc,heap        ] GC(705) Humongous regions: 5->5
[2024-08-27T15:00:57.484+0000][info][gc,metaspace   ] GC(705) Metaspace: 100K(320K)->100K(320K) NonClass: 96K(192K)->96K(192K) Class: 4K(128K)->4K(128K)
[2024-08-27T15:00:57.484+0000][info][gc             ] GC(705) Pause Young (Normal) (G1 Evacuation Pause) 875M->878M(1024M) 10.324ms
[2024-08-27T15:00:57.484+0000][info][gc,cpu         ] GC(705) User=0.22s Sys=0.00s Real=0.01s
[2024-08-27T15:00:57.517+0000][info][gc,marking     ] GC(704) Concurrent Rebuild Remembered Sets 55.804ms
[2024-08-27T15:00:57.517+0000][info][gc,start       ] GC(704) Pause Cleanup
[2024-08-27T15:00:57.520+0000][info][gc             ] GC(704) Pause Cleanup 921M->921M(1024M) 2.906ms
[2024-08-27T15:00:57.520+0000][info][gc,cpu         ] GC(704) User=0.01s Sys=0.00s Real=0.01s
[2024-08-27T15:00:57.520+0000][info][gc,marking     ] GC(704) Concurrent Cleanup for Next Mark
[2024-08-27T15:00:57.521+0000][info][gc,marking     ] GC(704) Concurrent Cleanup for Next Mark 0.593ms
[2024-08-27T15:00:57.521+0000][info][gc             ] GC(704) Concurrent Mark Cycle 84.761ms
[2024-08-27T15:00:57.521+0000][info][gc,start       ] GC(706) Pause Young (Prepare Mixed) (G1 Evacuation Pause)
[2024-08-27T15:00:57.522+0000][info][gc,task        ] GC(706) Using 24 workers of 68 for evacuation
[2024-08-27T15:00:57.535+0000][info][gc,phases      ] GC(706)   Pre Evacuate Collection Set: 0.2ms
[2024-08-27T15:00:57.535+0000][info][gc,phases      ] GC(706)   Merge Heap Roots: 0.4ms
[2024-08-27T15:00:57.535+0000][info][gc,phases      ] GC(706)   Evacuate Collection Set: 12.7ms
[2024-08-27T15:00:57.535+0000][info][gc,phases      ] GC(706)   Post Evacuate Collection Set: 0.3ms
[2024-08-27T15:00:57.535+0000][info][gc,phases      ] GC(706)   Other: 0.2ms
[2024-08-27T15:00:57.535+0000][info][gc,heap        ] GC(706) Eden regions: 44->0(44)
[2024-08-27T15:00:57.535+0000][info][gc,heap        ] GC(706) Survivor regions: 7->7(7)
[2024-08-27T15:00:57.535+0000][info][gc,heap        ] GC(706) Old regions: 866->912
[2024-08-27T15:00:57.535+0000][info][gc,heap        ] GC(706) Archive regions: 2->2
[2024-08-27T15:00:57.535+0000][info][gc,heap        ] GC(706) Humongous regions: 5->5
[2024-08-27T15:00:57.535+0000][info][gc,metaspace   ] GC(706) Metaspace: 100K(320K)->100K(320K) NonClass: 96K(192K)->96K(192K) Class: 4K(128K)->4K(128K)
[2024-08-27T15:00:57.536+0000][info][gc             ] GC(706) Pause Young (Prepare Mixed) (G1 Evacuation Pause) 922M->924M(1024M) 14.042ms
[2024-08-27T15:00:57.536+0000][info][gc,cpu         ] GC(706) User=0.31s Sys=0.01s Real=0.01s
[2024-08-27T15:00:57.555+0000][info][gc,start       ] GC(707) Pause Young (Mixed) (G1 Preventive Collection)
[2024-08-27T15:00:57.555+0000][info][gc,task        ] GC(707) Using 24 workers of 68 for evacuation
[2024-08-27T15:00:57.567+0000][info][gc,phases      ] GC(707)   Pre Evacuate Collection Set: 0.2ms
[2024-08-27T15:00:57.567+0000][info][gc,phases      ] GC(707)   Merge Heap Roots: 0.4ms
[2024-08-27T15:00:57.567+0000][info][gc,phases      ] GC(707)   Evacuate Collection Set: 10.8ms
[2024-08-27T15:00:57.567+0000][info][gc,phases      ] GC(707)   Post Evacuate Collection Set: 0.4ms
[2024-08-27T15:00:57.567+0000][info][gc,phases      ] GC(707)   Other: 0.3ms
[2024-08-27T15:00:57.567+0000][info][gc,heap        ] GC(707) Eden regions: 43->0(44)
[2024-08-27T15:00:57.567+0000][info][gc,heap        ] GC(707) Survivor regions: 7->7(7)
[2024-08-27T15:00:57.567+0000][info][gc,heap        ] GC(707) Old regions: 912->855
[2024-08-27T15:00:57.567+0000][info][gc,heap        ] GC(707) Archive regions: 2->2
[2024-08-27T15:00:57.567+0000][info][gc,heap        ] GC(707) Humongous regions: 5->5
[2024-08-27T15:00:57.567+0000][info][gc,metaspace   ] GC(707) Metaspace: 100K(320K)->100K(320K) NonClass: 96K(192K)->96K(192K) Class: 4K(128K)->4K(128K)
[2024-08-27T15:00:57.567+0000][info][gc             ] GC(707) Pause Young (Mixed) (G1 Preventive Collection) 967M->867M(1024M) 12.210ms
[2024-08-27T15:00:57.567+0000][info][gc,cpu         ] GC(707) User=0.27s Sys=0.00s Real=0.01s
[2024-08-27T15:00:57.588+0000][info][gc,start       ] GC(708) Pause Young (Mixed) (G1 Evacuation Pause)
[2024-08-27T15:00:57.588+0000][info][gc,task        ] GC(708) Using 24 workers of 68 for evacuation
[2024-08-27T15:00:57.601+0000][info][gc,phases      ] GC(708)   Pre Evacuate Collection Set: 0.3ms
[2024-08-27T15:00:57.601+0000][info][gc,phases      ] GC(708)   Merge Heap Roots: 0.4ms
[2024-08-27T15:00:57.601+0000][info][gc,phases      ] GC(708)   Evacuate Collection Set: 11.5ms
[2024-08-27T15:00:57.601+0000][info][gc,phases      ] GC(708)   Post Evacuate Collection Set: 0.4ms
[2024-08-27T15:00:57.601+0000][info][gc,phases      ] GC(708)   Other: 0.4ms
[2024-08-27T15:00:57.601+0000][info][gc,heap        ] GC(708) Eden regions: 44->0(44)
[2024-08-27T15:00:57.601+0000][info][gc,heap        ] GC(708) Survivor regions: 7->7(7)
[2024-08-27T15:00:57.601+0000][info][gc,heap        ] GC(708) Old regions: 855->799
[2024-08-27T15:00:57.601+0000][info][gc,heap        ] GC(708) Archive regions: 2->2
[2024-08-27T15:00:57.601+0000][info][gc,heap        ] GC(708) Humongous regions: 5->5
[2024-08-27T15:00:57.601+0000][info][gc,metaspace   ] GC(708) Metaspace: 100K(320K)->100K(320K) NonClass: 96K(192K)->96K(192K) Class: 4K(128K)->4K(128K)
[2024-08-27T15:00:57.601+0000][info][gc             ] GC(708) Pause Young (Mixed) (G1 Evacuation Pause) 911M->811M(1024M) 13.043ms
[2024-08-27T15:00:57.601+0000][info][gc,cpu         ] GC(708) User=0.28s Sys=0.00s Real=0.02s
[2024-08-27T15:00:57.622+0000][info][gc,start       ] GC(709) Pause Young (Mixed) (G1 Evacuation Pause)
[2024-08-27T15:00:57.622+0000][info][gc,task        ] GC(709) Using 24 workers of 68 for evacuation
[2024-08-27T15:00:57.635+0000][info][gc,phases      ] GC(709)   Pre Evacuate Collection Set: 0.3ms
[2024-08-27T15:00:57.635+0000][info][gc,phases      ] GC(709)   Merge Heap Roots: 0.4ms
[2024-08-27T15:00:57.635+0000][info][gc,phases      ] GC(709)   Evacuate Collection Set: 11.0ms
[2024-08-27T15:00:57.635+0000][info][gc,phases      ] GC(709)   Post Evacuate Collection Set: 0.4ms
[2024-08-27T15:00:57.635+0000][info][gc,phases      ] GC(709)   Other: 0.3ms
[2024-08-27T15:00:57.635+0000][info][gc,heap        ] GC(709) Eden regions: 44->0(44)
[2024-08-27T15:00:57.635+0000][info][gc,heap        ] GC(709) Survivor regions: 7->7(7)
[2024-08-27T15:00:57.635+0000][info][gc,heap        ] GC(709) Old regions: 799->743
[2024-08-27T15:00:57.635+0000][info][gc,heap        ] GC(709) Archive regions: 2->2
[2024-08-27T15:00:57.635+0000][info][gc,heap        ] GC(709) Humongous regions: 5->5
[2024-08-27T15:00:57.635+0000][info][gc,metaspace   ] GC(709) Metaspace: 100K(320K)->100K(320K) NonClass: 96K(192K)->96K(192K) Class: 4K(128K)->4K(128K)
[2024-08-27T15:00:57.635+0000][info][gc             ] GC(709) Pause Young (Mixed) (G1 Evacuation Pause) 855M->755M(1024M) 12.529ms
[2024-08-27T15:00:57.635+0000][info][gc,cpu         ] GC(709) User=0.27s Sys=0.00s Real=0.01s
[2024-08-27T15:00:57.654+0000][info][gc,start       ] GC(710) Pause Young (Mixed) (G1 Evacuation Pause)
[2024-08-27T15:00:57.654+0000][info][gc,task        ] GC(710) Using 24 workers of 68 for evacuation
[2024-08-27T15:00:57.665+0000][info][gc,phases      ] GC(710)   Pre Evacuate Collection Set: 0.2ms
[2024-08-27T15:00:57.665+0000][info][gc,phases      ] GC(710)   Merge Heap Roots: 0.4ms
[2024-08-27T15:00:57.665+0000][info][gc,phases      ] GC(710)   Evacuate Collection Set: 10.1ms
[2024-08-27T15:00:57.665+0000][info][gc,phases      ] GC(710)   Post Evacuate Collection Set: 0.4ms
[2024-08-27T15:00:57.665+0000][info][gc,phases      ] GC(710)   Other: 0.3ms
[2024-08-27T15:00:57.665+0000][info][gc,heap        ] GC(710) Eden regions: 44->0(44)
[2024-08-27T15:00:57.665+0000][info][gc,heap        ] GC(710) Survivor regions: 7->7(7)
[2024-08-27T15:00:57.665+0000][info][gc,heap        ] GC(710) Old regions: 743->773
[2024-08-27T15:00:57.665+0000][info][gc,heap        ] GC(710) Archive regions: 2->2
[2024-08-27T15:00:57.665+0000][info][gc,heap        ] GC(710) Humongous regions: 5->5
[2024-08-27T15:00:57.665+0000][info][gc,metaspace   ] GC(710) Metaspace: 100K(320K)->100K(320K) NonClass: 96K(192K)->96K(192K) Class: 4K(128K)->4K(128K)
[2024-08-27T15:00:57.665+0000][info][gc             ] GC(710) Pause Young (Mixed) (G1 Evacuation Pause) 799M->785M(1024M) 11.535ms
[2024-08-27T15:00:57.665+0000][info][gc,cpu         ] GC(710) User=0.23s Sys=0.02s Real=0.01s
[2024-08-27T15:00:57.684+0000][info][gc,start       ] GC(711) Pause Young (Concurrent Start) (G1 Evacuation Pause)
[2024-08-27T15:00:57.685+0000][info][gc,task        ] GC(711) Using 24 workers of 68 for evacuation
[2024-08-27T15:00:57.696+0000][info][gc,phases      ] GC(711)   Pre Evacuate Collection Set: 0.2ms
[2024-08-27T15:00:57.696+0000][info][gc,phases      ] GC(711)   Merge Heap Roots: 0.4ms
[2024-08-27T15:00:57.696+0000][info][gc,phases      ] GC(711)   Evacuate Collection Set: 9.5ms
[2024-08-27T15:00:57.696+0000][info][gc,phases      ] GC(711)   Post Evacuate Collection Set: 0.4ms
[2024-08-27T15:00:57.696+0000][info][gc,phases      ] GC(711)   Other: 1.0ms
[2024-08-27T15:00:57.696+0000][info][gc,heap        ] GC(711) Eden regions: 44->0(44)
[2024-08-27T15:00:57.696+0000][info][gc,heap        ] GC(711) Survivor regions: 7->7(7)
[2024-08-27T15:00:57.696+0000][info][gc,heap        ] GC(711) Old regions: 773->820
[2024-08-27T15:00:57.696+0000][info][gc,heap        ] GC(711) Archive regions: 2->2
[2024-08-27T15:00:57.696+0000][info][gc,heap        ] GC(711) Humongous regions: 5->5
[2024-08-27T15:00:57.696+0000][info][gc,metaspace   ] GC(711) Metaspace: 100K(320K)->100K(320K) NonClass: 96K(192K)->96K(192K) Class: 4K(128K)->4K(128K)
[2024-08-27T15:00:57.696+0000][info][gc             ] GC(711) Pause Young (Concurrent Start) (G1 Evacuation Pause) 829M->832M(1024M) 11.597ms
[2024-08-27T15:00:57.696+0000][info][gc,cpu         ] GC(711) User=0.23s Sys=0.00s Real=0.01s
[2024-08-27T15:00:57.696+0000][info][gc             ] GC(712) Concurrent Mark Cycle
[2024-08-27T15:00:57.696+0000][info][gc,marking     ] GC(712) Concurrent Clear Claimed Marks
[2024-08-27T15:00:57.696+0000][info][gc,marking     ] GC(712) Concurrent Clear Claimed Marks 0.014ms
[2024-08-27T15:00:57.696+0000][info][gc,marking     ] GC(712) Concurrent Scan Root Regions
[2024-08-27T15:00:57.698+0000][info][gc,marking     ] GC(712) Concurrent Scan Root Regions 1.474ms
[2024-08-27T15:00:57.698+0000][info][gc,marking     ] GC(712) Concurrent Mark
[2024-08-27T15:00:57.698+0000][info][gc,marking     ] GC(712) Concurrent Mark From Roots
[2024-08-27T15:00:57.698+0000][info][gc,task        ] GC(712) Using 17 workers of 17 for marking
[2024-08-27T15:00:57.719+0000][info][gc,marking     ] GC(712) Concurrent Mark From Roots 21.577ms
[2024-08-27T15:00:57.719+0000][info][gc,marking     ] GC(712) Concurrent Preclean
[2024-08-27T15:00:57.720+0000][info][gc,marking     ] GC(712) Concurrent Preclean 0.499ms
[2024-08-27T15:00:57.720+0000][info][gc,start       ] GC(712) Pause Remark
[2024-08-27T15:00:57.722+0000][info][gc             ] GC(712) Pause Remark 861M->861M(1024M) 1.858ms
[2024-08-27T15:00:57.722+0000][info][gc,cpu         ] GC(712) User=0.01s Sys=0.00s Real=0.00s
[2024-08-27T15:00:57.722+0000][info][gc,marking     ] GC(712) Concurrent Mark 24.383ms
[2024-08-27T15:00:57.722+0000][info][gc,marking     ] GC(712) Concurrent Rebuild Remembered Sets
[2024-08-27T15:00:57.735+0000][info][gc,start       ] GC(713) Pause Young (Normal) (G1 Evacuation Pause)
[2024-08-27T15:00:57.735+0000][info][gc,task        ] GC(713) Using 24 workers of 68 for evacuation
[2024-08-27T15:00:57.745+0000][info][gc,phases      ] GC(713)   Pre Evacuate Collection Set: 0.2ms
[2024-08-27T15:00:57.745+0000][info][gc,phases      ] GC(713)   Merge Heap Roots: 0.4ms
[2024-08-27T15:00:57.745+0000][info][gc,phases      ] GC(713)   Evacuate Collection Set: 9.2ms
[2024-08-27T15:00:57.745+0000][info][gc,phases      ] GC(713)   Post Evacuate Collection Set: 0.4ms
[2024-08-27T15:00:57.745+0000][info][gc,phases      ] GC(713)   Other: 0.3ms
[2024-08-27T15:00:57.745+0000][info][gc,heap        ] GC(713) Eden regions: 44->0(44)
[2024-08-27T15:00:57.745+0000][info][gc,heap        ] GC(713) Survivor regions: 7->7(7)
[2024-08-27T15:00:57.745+0000][info][gc,heap        ] GC(713) Old regions: 820->866
[2024-08-27T15:00:57.745+0000][info][gc,heap        ] GC(713) Archive regions: 2->2
[2024-08-27T15:00:57.745+0000][info][gc,heap        ] GC(713) Humongous regions: 5->5
[2024-08-27T15:00:57.745+0000][info][gc,metaspace   ] GC(713) Metaspace: 100K(320K)->100K(320K) NonClass: 96K(192K)->96K(192K) Class: 4K(128K)->4K(128K)
[2024-08-27T15:00:57.746+0000][info][gc             ] GC(713) Pause Young (Normal) (G1 Evacuation Pause) 876M->878M(1024M) 10.686ms
[2024-08-27T15:00:57.746+0000][info][gc,cpu         ] GC(713) User=0.22s Sys=0.01s Real=0.01s
[2024-08-27T15:00:57.780+0000][info][gc,marking     ] GC(712) Concurrent Rebuild Remembered Sets 57.938ms
[2024-08-27T15:00:57.780+0000][info][gc,start       ] GC(712) Pause Cleanup
[2024-08-27T15:00:57.782+0000][info][gc             ] GC(712) Pause Cleanup 922M->922M(1024M) 1.690ms
[2024-08-27T15:00:57.782+0000][info][gc,cpu         ] GC(712) User=0.00s Sys=0.00s Real=0.00s
[2024-08-27T15:00:57.782+0000][info][gc,marking     ] GC(712) Concurrent Cleanup for Next Mark
[2024-08-27T15:00:57.783+0000][info][gc,marking     ] GC(712) Concurrent Cleanup for Next Mark 0.631ms
[2024-08-27T15:00:57.783+0000][info][gc             ] GC(712) Concurrent Mark Cycle 86.679ms
[2024-08-27T15:00:57.783+0000][info][gc,start       ] GC(714) Pause Young (Prepare Mixed) (G1 Evacuation Pause)
[2024-08-27T15:00:57.783+0000][info][gc,task        ] GC(714) Using 24 workers of 68 for evacuation
[2024-08-27T15:00:57.797+0000][info][gc,phases      ] GC(714)   Pre Evacuate Collection Set: 0.2ms
[2024-08-27T15:00:57.797+0000][info][gc,phases      ] GC(714)   Merge Heap Roots: 0.5ms
[2024-08-27T15:00:57.797+0000][info][gc,phases      ] GC(714)   Evacuate Collection Set: 13.0ms
[2024-08-27T15:00:57.797+0000][info][gc,phases      ] GC(714)   Post Evacuate Collection Set: 0.3ms
[2024-08-27T15:00:57.797+0000][info][gc,phases      ] GC(714)   Other: 0.2ms
[2024-08-27T15:00:57.797+0000][info][gc,heap        ] GC(714) Eden regions: 44->0(44)
[2024-08-27T15:00:57.797+0000][info][gc,heap        ] GC(714) Survivor regions: 7->7(7)
[2024-08-27T15:00:57.797+0000][info][gc,heap        ] GC(714) Old regions: 866->912
[2024-08-27T15:00:57.797+0000][info][gc,heap        ] GC(714) Archive regions: 2->2
[2024-08-27T15:00:57.797+0000][info][gc,heap        ] GC(714) Humongous regions: 5->5
[2024-08-27T15:00:57.797+0000][info][gc,metaspace   ] GC(714) Metaspace: 100K(320K)->100K(320K) NonClass: 96K(192K)->96K(192K) Class: 4K(128K)->4K(128K)
[2024-08-27T15:00:57.797+0000][info][gc             ] GC(714) Pause Young (Prepare Mixed) (G1 Evacuation Pause) 922M->924M(1024M) 14.256ms
[2024-08-27T15:00:57.797+0000][info][gc,cpu         ] GC(714) User=0.32s Sys=0.01s Real=0.01s
[2024-08-27T15:00:57.818+0000][info][gc,start       ] GC(715) Pause Young (Mixed) (G1 Preventive Collection)
[2024-08-27T15:00:57.818+0000][info][gc,task        ] GC(715) Using 24 workers of 68 for evacuation
[2024-08-27T15:00:57.829+0000][info][gc,phases      ] GC(715)   Pre Evacuate Collection Set: 0.2ms
[2024-08-27T15:00:57.829+0000][info][gc,phases      ] GC(715)   Merge Heap Roots: 0.4ms
[2024-08-27T15:00:57.829+0000][info][gc,phases      ] GC(715)   Evacuate Collection Set: 10.1ms
[2024-08-27T15:00:57.829+0000][info][gc,phases      ] GC(715)   Post Evacuate Collection Set: 0.4ms
[2024-08-27T15:00:57.829+0000][info][gc,phases      ] GC(715)   Other: 0.3ms
[2024-08-27T15:00:57.829+0000][info][gc,heap        ] GC(715) Eden regions: 43->0(44)
[2024-08-27T15:00:57.829+0000][info][gc,heap        ] GC(715) Survivor regions: 7->7(7)
[2024-08-27T15:00:57.829+0000][info][gc,heap        ] GC(715) Old regions: 912->855
[2024-08-27T15:00:57.829+0000][info][gc,heap        ] GC(715) Archive regions: 2->2
[2024-08-27T15:00:57.829+0000][info][gc,heap        ] GC(715) Humongous regions: 5->5
[2024-08-27T15:00:57.829+0000][info][gc,metaspace   ] GC(715) Metaspace: 100K(320K)->100K(320K) NonClass: 96K(192K)->96K(192K) Class: 4K(128K)->4K(128K)
[2024-08-27T15:00:57.829+0000][info][gc             ] GC(715) Pause Young (Mixed) (G1 Preventive Collection) 967M->867M(1024M) 11.438ms
[2024-08-27T15:00:57.829+0000][info][gc,cpu         ] GC(715) User=0.24s Sys=0.00s Real=0.00s
[2024-08-27T15:00:57.849+0000][info][gc,start       ] GC(716) Pause Young (Mixed) (G1 Evacuation Pause)
[2024-08-27T15:00:57.849+0000][info][gc,task        ] GC(716) Using 24 workers of 68 for evacuation
[2024-08-27T15:00:57.860+0000][info][gc,phases      ] GC(716)   Pre Evacuate Collection Set: 0.2ms
[2024-08-27T15:00:57.860+0000][info][gc,phases      ] GC(716)   Merge Heap Roots: 0.4ms
[2024-08-27T15:00:57.860+0000][info][gc,phases      ] GC(716)   Evacuate Collection Set: 9.8ms
[2024-08-27T15:00:57.860+0000][info][gc,phases      ] GC(716)   Post Evacuate Collection Set: 0.3ms
[2024-08-27T15:00:57.860+0000][info][gc,phases      ] GC(716)   Other: 0.2ms
[2024-08-27T15:00:57.860+0000][info][gc,heap        ] GC(716) Eden regions: 44->0(44)
[2024-08-27T15:00:57.860+0000][info][gc,heap        ] GC(716) Survivor regions: 7->7(7)
[2024-08-27T15:00:57.860+0000][info][gc,heap        ] GC(716) Old regions: 855->799
[2024-08-27T15:00:57.860+0000][info][gc,heap        ] GC(716) Archive regions: 2->2
[2024-08-27T15:00:57.860+0000][info][gc,heap        ] GC(716) Humongous regions: 5->5
[2024-08-27T15:00:57.860+0000][info][gc,metaspace   ] GC(716) Metaspace: 100K(320K)->100K(320K) NonClass: 96K(192K)->96K(192K) Class: 4K(128K)->4K(128K)
[2024-08-27T15:00:57.860+0000][info][gc             ] GC(716) Pause Young (Mixed) (G1 Evacuation Pause) 911M->811M(1024M) 11.022ms
[2024-08-27T15:00:57.860+0000][info][gc,cpu         ] GC(716) User=0.25s Sys=0.00s Real=0.02s
[2024-08-27T15:00:57.878+0000][info][gc,start       ] GC(717) Pause Young (Mixed) (G1 Evacuation Pause)
[2024-08-27T15:00:57.878+0000][info][gc,task        ] GC(717) Using 24 workers of 68 for evacuation
[2024-08-27T15:00:57.889+0000][info][gc,phases      ] GC(717)   Pre Evacuate Collection Set: 0.2ms
[2024-08-27T15:00:57.889+0000][info][gc,phases      ] GC(717)   Merge Heap Roots: 0.4ms
[2024-08-27T15:00:57.889+0000][info][gc,phases      ] GC(717)   Evacuate Collection Set: 9.7ms
[2024-08-27T15:00:57.889+0000][info][gc,phases      ] GC(717)   Post Evacuate Collection Set: 0.4ms
[2024-08-27T15:00:57.889+0000][info][gc,phases      ] GC(717)   Other: 0.3ms
[2024-08-27T15:00:57.889+0000][info][gc,heap        ] GC(717) Eden regions: 44->0(44)
[2024-08-27T15:00:57.889+0000][info][gc,heap        ] GC(717) Survivor regions: 7->7(7)
[2024-08-27T15:00:57.889+0000][info][gc,heap        ] GC(717) Old regions: 799->743
[2024-08-27T15:00:57.889+0000][info][gc,heap        ] GC(717) Archive regions: 2->2
[2024-08-27T15:00:57.889+0000][info][gc,heap        ] GC(717) Humongous regions: 5->5
[2024-08-27T15:00:57.889+0000][info][gc,metaspace   ] GC(717) Metaspace: 100K(320K)->100K(320K) NonClass: 96K(192K)->96K(192K) Class: 4K(128K)->4K(128K)
[2024-08-27T15:00:57.889+0000][info][gc             ] GC(717) Pause Young (Mixed) (G1 Evacuation Pause) 855M->755M(1024M) 11.134ms
[2024-08-27T15:00:57.889+0000][info][gc,cpu         ] GC(717) User=0.24s Sys=0.00s Real=0.00s
[2024-08-27T15:00:57.907+0000][info][gc,start       ] GC(718) Pause Young (Mixed) (G1 Evacuation Pause)
[2024-08-27T15:00:57.907+0000][info][gc,task        ] GC(718) Using 24 workers of 68 for evacuation
[2024-08-27T15:00:57.918+0000][info][gc,phases      ] GC(718)   Pre Evacuate Collection Set: 0.2ms
[2024-08-27T15:00:57.918+0000][info][gc,phases      ] GC(718)   Merge Heap Roots: 0.3ms
[2024-08-27T15:00:57.918+0000][info][gc,phases      ] GC(718)   Evacuate Collection Set: 9.8ms
[2024-08-27T15:00:57.918+0000][info][gc,phases      ] GC(718)   Post Evacuate Collection Set: 0.4ms
[2024-08-27T15:00:57.918+0000][info][gc,phases      ] GC(718)   Other: 0.3ms
[2024-08-27T15:00:57.918+0000][info][gc,heap        ] GC(718) Eden regions: 44->0(44)
[2024-08-27T15:00:57.918+0000][info][gc,heap        ] GC(718) Survivor regions: 7->7(7)
[2024-08-27T15:00:57.918+0000][info][gc,heap        ] GC(718) Old regions: 743->770
[2024-08-27T15:00:57.918+0000][info][gc,heap        ] GC(718) Archive regions: 2->2
[2024-08-27T15:00:57.918+0000][info][gc,heap        ] GC(718) Humongous regions: 5->5
[2024-08-27T15:00:57.918+0000][info][gc,metaspace   ] GC(718) Metaspace: 100K(320K)->100K(320K) NonClass: 96K(192K)->96K(192K) Class: 4K(128K)->4K(128K)
[2024-08-27T15:00:57.918+0000][info][gc             ] GC(718) Pause Young (Mixed) (G1 Evacuation Pause) 799M->782M(1024M) 11.196ms
[2024-08-27T15:00:57.918+0000][info][gc,cpu         ] GC(718) User=0.23s Sys=0.01s Real=0.02s
[2024-08-27T15:00:57.936+0000][info][gc,start       ] GC(719) Pause Young (Concurrent Start) (G1 Evacuation Pause)
[2024-08-27T15:00:57.936+0000][info][gc,task        ] GC(719) Using 24 workers of 68 for evacuation
[2024-08-27T15:00:57.947+0000][info][gc,phases      ] GC(719)   Pre Evacuate Collection Set: 0.2ms
[2024-08-27T15:00:57.947+0000][info][gc,phases      ] GC(719)   Merge Heap Roots: 0.4ms
[2024-08-27T15:00:57.947+0000][info][gc,phases      ] GC(719)   Evacuate Collection Set: 9.3ms
[2024-08-27T15:00:57.947+0000][info][gc,phases      ] GC(719)   Post Evacuate Collection Set: 0.3ms
[2024-08-27T15:00:57.947+0000][info][gc,phases      ] GC(719)   Other: 1.0ms
[2024-08-27T15:00:57.947+0000][info][gc,heap        ] GC(719) Eden regions: 44->0(44)
[2024-08-27T15:00:57.947+0000][info][gc,heap        ] GC(719) Survivor regions: 7->7(7)
[2024-08-27T15:00:57.947+0000][info][gc,heap        ] GC(719) Old regions: 770->817
[2024-08-27T15:00:57.947+0000][info][gc,heap        ] GC(719) Archive regions: 2->2
[2024-08-27T15:00:57.947+0000][info][gc,heap        ] GC(719) Humongous regions: 5->5
[2024-08-27T15:00:57.947+0000][info][gc,metaspace   ] GC(719) Metaspace: 100K(320K)->100K(320K) NonClass: 96K(192K)->96K(192K) Class: 4K(128K)->4K(128K)
[2024-08-27T15:00:57.947+0000][info][gc             ] GC(719) Pause Young (Concurrent Start) (G1 Evacuation Pause) 826M->829M(1024M) 11.249ms
[2024-08-27T15:00:57.947+0000][info][gc,cpu         ] GC(719) User=0.23s Sys=0.00s Real=0.01s
[2024-08-27T15:00:57.947+0000][info][gc             ] GC(720) Concurrent Mark Cycle
[2024-08-27T15:00:57.947+0000][info][gc,marking     ] GC(720) Concurrent Clear Claimed Marks
[2024-08-27T15:00:57.947+0000][info][gc,marking     ] GC(720) Concurrent Clear Claimed Marks 0.011ms
[2024-08-27T15:00:57.947+0000][info][gc,marking     ] GC(720) Concurrent Scan Root Regions
[2024-08-27T15:00:57.949+0000][info][gc,marking     ] GC(720) Concurrent Scan Root Regions 1.558ms
[2024-08-27T15:00:57.949+0000][info][gc,marking     ] GC(720) Concurrent Mark
[2024-08-27T15:00:57.949+0000][info][gc,marking     ] GC(720) Concurrent Mark From Roots
[2024-08-27T15:00:57.949+0000][info][gc,task        ] GC(720) Using 17 workers of 17 for marking
[2024-08-27T15:00:57.970+0000][info][gc,marking     ] GC(720) Concurrent Mark From Roots 21.625ms
[2024-08-27T15:00:57.970+0000][info][gc,marking     ] GC(720) Concurrent Preclean
[2024-08-27T15:00:57.971+0000][info][gc,marking     ] GC(720) Concurrent Preclean 0.497ms
[2024-08-27T15:00:57.971+0000][info][gc,start       ] GC(720) Pause Remark
[2024-08-27T15:00:57.973+0000][info][gc             ] GC(720) Pause Remark 859M->859M(1024M) 1.788ms
[2024-08-27T15:00:57.973+0000][info][gc,cpu         ] GC(720) User=0.01s Sys=0.00s Real=0.00s
[2024-08-27T15:00:57.973+0000][info][gc,marking     ] GC(720) Concurrent Mark 24.389ms
[2024-08-27T15:00:57.973+0000][info][gc,marking     ] GC(720) Concurrent Rebuild Remembered Sets
[2024-08-27T15:00:57.984+0000][info][gc,start       ] GC(721) Pause Young (Normal) (G1 Evacuation Pause)
[2024-08-27T15:00:57.984+0000][info][gc,task        ] GC(721) Using 24 workers of 68 for evacuation
[2024-08-27T15:00:57.994+0000][info][gc,phases      ] GC(721)   Pre Evacuate Collection Set: 0.2ms
[2024-08-27T15:00:57.994+0000][info][gc,phases      ] GC(721)   Merge Heap Roots: 0.4ms
[2024-08-27T15:00:57.995+0000][info][gc,phases      ] GC(721)   Evacuate Collection Set: 8.9ms
[2024-08-27T15:00:57.995+0000][info][gc,phases      ] GC(721)   Post Evacuate Collection Set: 0.4ms
[2024-08-27T15:00:57.995+0000][info][gc,phases      ] GC(721)   Other: 0.3ms
[2024-08-27T15:00:57.995+0000][info][gc,heap        ] GC(721) Eden regions: 44->0(44)
[2024-08-27T15:00:57.995+0000][info][gc,heap        ] GC(721) Survivor regions: 7->7(7)
[2024-08-27T15:00:57.995+0000][info][gc,heap        ] GC(721) Old regions: 817->864
[2024-08-27T15:00:57.995+0000][info][gc,heap        ] GC(721) Archive regions: 2->2
[2024-08-27T15:00:57.995+0000][info][gc,heap        ] GC(721) Humongous regions: 5->5
[2024-08-27T15:00:57.995+0000][info][gc,metaspace   ] GC(721) Metaspace: 100K(320K)->100K(320K) NonClass: 96K(192K)->96K(192K) Class: 4K(128K)->4K(128K)
[2024-08-27T15:00:57.995+0000][info][gc             ] GC(721) Pause Young (Normal) (G1 Evacuation Pause) 873M->876M(1024M) 10.298ms
[2024-08-27T15:00:57.995+0000][info][gc,cpu         ] GC(721) User=0.22s Sys=0.00s Real=0.01s
[2024-08-27T15:00:58.027+0000][info][gc,start       ] GC(722) Pause Young (Normal) (G1 Evacuation Pause)
[2024-08-27T15:00:58.028+0000][info][gc,task        ] GC(722) Using 24 workers of 68 for evacuation
[2024-08-27T15:00:58.041+0000][info][gc,phases      ] GC(722)   Pre Evacuate Collection Set: 0.2ms
[2024-08-27T15:00:58.041+0000][info][gc,phases      ] GC(722)   Merge Heap Roots: 0.4ms
[2024-08-27T15:00:58.041+0000][info][gc,phases      ] GC(722)   Evacuate Collection Set: 12.5ms
[2024-08-27T15:00:58.041+0000][info][gc,phases      ] GC(722)   Post Evacuate Collection Set: 0.6ms
[2024-08-27T15:00:58.041+0000][info][gc,phases      ] GC(722)   Other: 0.3ms
[2024-08-27T15:00:58.042+0000][info][gc,heap        ] GC(722) Eden regions: 44->0(44)
[2024-08-27T15:00:58.042+0000][info][gc,heap        ] GC(722) Survivor regions: 7->7(7)
[2024-08-27T15:00:58.042+0000][info][gc,heap        ] GC(722) Old regions: 864->911
[2024-08-27T15:00:58.042+0000][info][gc,heap        ] GC(722) Archive regions: 2->2
[2024-08-27T15:00:58.042+0000][info][gc,heap        ] GC(722) Humongous regions: 5->5
[2024-08-27T15:00:58.042+0000][info][gc,metaspace   ] GC(722) Metaspace: 100K(320K)->100K(320K) NonClass: 96K(192K)->96K(192K) Class: 4K(128K)->4K(128K)
[2024-08-27T15:00:58.042+0000][info][gc             ] GC(722) Pause Young (Normal) (G1 Evacuation Pause) 920M->923M(1024M) 14.183ms
[2024-08-27T15:00:58.042+0000][info][gc,cpu         ] GC(722) User=0.31s Sys=0.00s Real=0.02s
[2024-08-27T15:00:58.043+0000][info][gc,marking     ] GC(720) Concurrent Rebuild Remembered Sets 70.367ms
[2024-08-27T15:00:58.044+0000][info][gc,start       ] GC(720) Pause Cleanup
[2024-08-27T15:00:58.047+0000][info][gc             ] GC(720) Pause Cleanup 926M->926M(1024M) 3.027ms
[2024-08-27T15:00:58.047+0000][info][gc,cpu         ] GC(720) User=0.00s Sys=0.01s Real=0.00s
[2024-08-27T15:00:58.047+0000][info][gc,marking     ] GC(720) Concurrent Cleanup for Next Mark
[2024-08-27T15:00:58.048+0000][info][gc,marking     ] GC(720) Concurrent Cleanup for Next Mark 0.676ms
[2024-08-27T15:00:58.048+0000][info][gc             ] GC(720) Concurrent Mark Cycle 100.752ms
[2024-08-27T15:00:58.067+0000][info][gc,start       ] GC(723) Pause Young (Prepare Mixed) (G1 Preventive Collection)
[2024-08-27T15:00:58.067+0000][info][gc,task        ] GC(723) Using 24 workers of 68 for evacuation
[2024-08-27T15:00:58.082+0000][info][gc,phases      ] GC(723)   Pre Evacuate Collection Set: 0.2ms
[2024-08-27T15:00:58.082+0000][info][gc,phases      ] GC(723)   Merge Heap Roots: 0.6ms
[2024-08-27T15:00:58.082+0000][info][gc,phases      ] GC(723)   Evacuate Collection Set: 14.1ms
[2024-08-27T15:00:58.082+0000][info][gc,phases      ] GC(723)   Post Evacuate Collection Set: 0.4ms
[2024-08-27T15:00:58.082+0000][info][gc,phases      ] GC(723)   Other: 0.3ms
[2024-08-27T15:00:58.082+0000][info][gc,heap        ] GC(723) Eden regions: 44->0(44)
[2024-08-27T15:00:58.082+0000][info][gc,heap        ] GC(723) Survivor regions: 7->7(7)
[2024-08-27T15:00:58.082+0000][info][gc,heap        ] GC(723) Old regions: 911->958
[2024-08-27T15:00:58.082+0000][info][gc,heap        ] GC(723) Archive regions: 2->2
[2024-08-27T15:00:58.082+0000][info][gc,heap        ] GC(723) Humongous regions: 5->5
[2024-08-27T15:00:58.083+0000][info][gc,metaspace   ] GC(723) Metaspace: 100K(320K)->100K(320K) NonClass: 96K(192K)->96K(192K) Class: 4K(128K)->4K(128K)
[2024-08-27T15:00:58.083+0000][info][gc             ] GC(723) Pause Young (Prepare Mixed) (G1 Preventive Collection) 967M->970M(1024M) 15.698ms
[2024-08-27T15:00:58.083+0000][info][gc,cpu         ] GC(723) User=0.35s Sys=0.00s Real=0.02s
[2024-08-27T15:00:58.092+0000][info][gc,start       ] GC(724) Pause Young (Mixed) (G1 Preventive Collection)
[2024-08-27T15:00:58.092+0000][info][gc,task        ] GC(724) Using 24 workers of 68 for evacuation
[2024-08-27T15:00:58.100+0000][info][gc,phases      ] GC(724)   Pre Evacuate Collection Set: 0.3ms
[2024-08-27T15:00:58.100+0000][info][gc,phases      ] GC(724)   Merge Heap Roots: 0.4ms
[2024-08-27T15:00:58.100+0000][info][gc,phases      ] GC(724)   Evacuate Collection Set: 6.4ms
[2024-08-27T15:00:58.100+0000][info][gc,phases      ] GC(724)   Post Evacuate Collection Set: 0.4ms
[2024-08-27T15:00:58.100+0000][info][gc,phases      ] GC(724)   Other: 0.3ms
[2024-08-27T15:00:58.100+0000][info][gc,heap        ] GC(724) Eden regions: 21->0(44)
[2024-08-27T15:00:58.100+0000][info][gc,heap        ] GC(724) Survivor regions: 7->7(7)
[2024-08-27T15:00:58.100+0000][info][gc,heap        ] GC(724) Old regions: 958->879
[2024-08-27T15:00:58.100+0000][info][gc,heap        ] GC(724) Archive regions: 2->2
[2024-08-27T15:00:58.100+0000][info][gc,heap        ] GC(724) Humongous regions: 5->5
[2024-08-27T15:00:58.100+0000][info][gc,metaspace   ] GC(724) Metaspace: 100K(320K)->100K(320K) NonClass: 96K(192K)->96K(192K) Class: 4K(128K)->4K(128K)
[2024-08-27T15:00:58.100+0000][info][gc             ] GC(724) Pause Young (Mixed) (G1 Preventive Collection) 991M->891M(1024M) 7.731ms
[2024-08-27T15:00:58.100+0000][info][gc,cpu         ] GC(724) User=0.16s Sys=0.00s Real=0.01s
[2024-08-27T15:00:58.119+0000][info][gc,start       ] GC(725) Pause Young (Mixed) (G1 Evacuation Pause)
[2024-08-27T15:00:58.119+0000][info][gc,task        ] GC(725) Using 24 workers of 68 for evacuation
[2024-08-27T15:00:58.131+0000][info][gc,phases      ] GC(725)   Pre Evacuate Collection Set: 0.3ms
[2024-08-27T15:00:58.131+0000][info][gc,phases      ] GC(725)   Merge Heap Roots: 0.5ms
[2024-08-27T15:00:58.131+0000][info][gc,phases      ] GC(725)   Evacuate Collection Set: 10.7ms
[2024-08-27T15:00:58.131+0000][info][gc,phases      ] GC(725)   Post Evacuate Collection Set: 0.3ms
[2024-08-27T15:00:58.131+0000][info][gc,phases      ] GC(725)   Other: 0.3ms
[2024-08-27T15:00:58.131+0000][info][gc,heap        ] GC(725) Eden regions: 44->0(44)
[2024-08-27T15:00:58.131+0000][info][gc,heap        ] GC(725) Survivor regions: 7->7(7)
[2024-08-27T15:00:58.131+0000][info][gc,heap        ] GC(725) Old regions: 879->821
[2024-08-27T15:00:58.131+0000][info][gc,heap        ] GC(725) Archive regions: 2->2
[2024-08-27T15:00:58.131+0000][info][gc,heap        ] GC(725) Humongous regions: 5->5
[2024-08-27T15:00:58.131+0000][info][gc,metaspace   ] GC(725) Metaspace: 100K(320K)->100K(320K) NonClass: 96K(192K)->96K(192K) Class: 4K(128K)->4K(128K)
[2024-08-27T15:00:58.131+0000][info][gc             ] GC(725) Pause Young (Mixed) (G1 Evacuation Pause) 935M->833M(1024M) 12.147ms
[2024-08-27T15:00:58.131+0000][info][gc,cpu         ] GC(725) User=0.27s Sys=0.01s Real=0.01s
[2024-08-27T15:00:58.151+0000][info][gc,start       ] GC(726) Pause Young (Mixed) (G1 Evacuation Pause)
[2024-08-27T15:00:58.151+0000][info][gc,task        ] GC(726) Using 24 workers of 68 for evacuation
[2024-08-27T15:00:58.163+0000][info][gc,phases      ] GC(726)   Pre Evacuate Collection Set: 0.2ms
[2024-08-27T15:00:58.163+0000][info][gc,phases      ] GC(726)   Merge Heap Roots: 0.4ms
[2024-08-27T15:00:58.164+0000][info][gc,phases      ] GC(726)   Evacuate Collection Set: 11.0ms
[2024-08-27T15:00:58.164+0000][info][gc,phases      ] GC(726)   Post Evacuate Collection Set: 0.4ms
[2024-08-27T15:00:58.164+0000][info][gc,phases      ] GC(726)   Other: 0.3ms
[2024-08-27T15:00:58.164+0000][info][gc,heap        ] GC(726) Eden regions: 44->0(44)
[2024-08-27T15:00:58.164+0000][info][gc,heap        ] GC(726) Survivor regions: 7->7(7)
[2024-08-27T15:00:58.164+0000][info][gc,heap        ] GC(726) Old regions: 821->767
[2024-08-27T15:00:58.164+0000][info][gc,heap        ] GC(726) Archive regions: 2->2
[2024-08-27T15:00:58.164+0000][info][gc,heap        ] GC(726) Humongous regions: 5->5
[2024-08-27T15:00:58.164+0000][info][gc,metaspace   ] GC(726) Metaspace: 100K(320K)->100K(320K) NonClass: 96K(192K)->96K(192K) Class: 4K(128K)->4K(128K)
[2024-08-27T15:00:58.164+0000][info][gc             ] GC(726) Pause Young (Mixed) (G1 Evacuation Pause) 877M->779M(1024M) 12.276ms
[2024-08-27T15:00:58.164+0000][info][gc,cpu         ] GC(726) User=0.27s Sys=0.00s Real=0.01s
[2024-08-27T15:00:58.184+0000][info][gc,start       ] GC(727) Pause Young (Mixed) (G1 Evacuation Pause)
[2024-08-27T15:00:58.184+0000][info][gc,task        ] GC(727) Using 24 workers of 68 for evacuation
[2024-08-27T15:00:58.196+0000][info][gc,phases      ] GC(727)   Pre Evacuate Collection Set: 0.2ms
[2024-08-27T15:00:58.196+0000][info][gc,phases      ] GC(727)   Merge Heap Roots: 0.3ms
[2024-08-27T15:00:58.196+0000][info][gc,phases      ] GC(727)   Evacuate Collection Set: 11.0ms
[2024-08-27T15:00:58.196+0000][info][gc,phases      ] GC(727)   Post Evacuate Collection Set: 0.3ms
[2024-08-27T15:00:58.196+0000][info][gc,phases      ] GC(727)   Other: 0.3ms
[2024-08-27T15:00:58.196+0000][info][gc,heap        ] GC(727) Eden regions: 44->0(44)
[2024-08-27T15:00:58.196+0000][info][gc,heap        ] GC(727) Survivor regions: 7->7(7)
[2024-08-27T15:00:58.196+0000][info][gc,heap        ] GC(727) Old regions: 767->795
[2024-08-27T15:00:58.196+0000][info][gc,heap        ] GC(727) Archive regions: 2->2
[2024-08-27T15:00:58.196+0000][info][gc,heap        ] GC(727) Humongous regions: 5->5
[2024-08-27T15:00:58.196+0000][info][gc,metaspace   ] GC(727) Metaspace: 100K(320K)->100K(320K) NonClass: 96K(192K)->96K(192K) Class: 4K(128K)->4K(128K)
[2024-08-27T15:00:58.196+0000][info][gc             ] GC(727) Pause Young (Mixed) (G1 Evacuation Pause) 823M->807M(1024M) 12.162ms
[2024-08-27T15:00:58.196+0000][info][gc,cpu         ] GC(727) User=0.27s Sys=0.00s Real=0.01s
[2024-08-27T15:00:58.214+0000][info][gc,start       ] GC(728) Pause Young (Concurrent Start) (G1 Evacuation Pause)
[2024-08-27T15:00:58.214+0000][info][gc,task        ] GC(728) Using 24 workers of 68 for evacuation
[2024-08-27T15:00:58.225+0000][info][gc,phases      ] GC(728)   Pre Evacuate Collection Set: 0.2ms
[2024-08-27T15:00:58.225+0000][info][gc,phases      ] GC(728)   Merge Heap Roots: 0.3ms
[2024-08-27T15:00:58.225+0000][info][gc,phases      ] GC(728)   Evacuate Collection Set: 9.1ms
[2024-08-27T15:00:58.225+0000][info][gc,phases      ] GC(728)   Post Evacuate Collection Set: 0.3ms
[2024-08-27T15:00:58.225+0000][info][gc,phases      ] GC(728)   Other: 0.5ms
[2024-08-27T15:00:58.225+0000][info][gc,heap        ] GC(728) Eden regions: 44->0(44)
[2024-08-27T15:00:58.225+0000][info][gc,heap        ] GC(728) Survivor regions: 7->7(7)
[2024-08-27T15:00:58.225+0000][info][gc,heap        ] GC(728) Old regions: 795->842
[2024-08-27T15:00:58.225+0000][info][gc,heap        ] GC(728) Archive regions: 2->2
[2024-08-27T15:00:58.225+0000][info][gc,heap        ] GC(728) Humongous regions: 5->5
[2024-08-27T15:00:58.225+0000][info][gc,metaspace   ] GC(728) Metaspace: 100K(320K)->100K(320K) NonClass: 96K(192K)->96K(192K) Class: 4K(128K)->4K(128K)
[2024-08-27T15:00:58.225+0000][info][gc             ] GC(728) Pause Young (Concurrent Start) (G1 Evacuation Pause) 851M->854M(1024M) 10.535ms
[2024-08-27T15:00:58.225+0000][info][gc,cpu         ] GC(728) User=0.23s Sys=0.00s Real=0.01s
[2024-08-27T15:00:58.225+0000][info][gc             ] GC(729) Concurrent Mark Cycle
[2024-08-27T15:00:58.225+0000][info][gc,marking     ] GC(729) Concurrent Clear Claimed Marks
[2024-08-27T15:00:58.225+0000][info][gc,marking     ] GC(729) Concurrent Clear Claimed Marks 0.019ms
[2024-08-27T15:00:58.225+0000][info][gc,marking     ] GC(729) Concurrent Scan Root Regions
[2024-08-27T15:00:58.227+0000][info][gc,marking     ] GC(729) Concurrent Scan Root Regions 1.720ms
[2024-08-27T15:00:58.227+0000][info][gc,marking     ] GC(729) Concurrent Mark
[2024-08-27T15:00:58.227+0000][info][gc,marking     ] GC(729) Concurrent Mark From Roots
[2024-08-27T15:00:58.227+0000][info][gc,task        ] GC(729) Using 17 workers of 17 for marking
[2024-08-27T15:00:58.248+0000][info][gc,marking     ] GC(729) Concurrent Mark From Roots 21.057ms
[2024-08-27T15:00:58.248+0000][info][gc,marking     ] GC(729) Concurrent Preclean
[2024-08-27T15:00:58.249+0000][info][gc,marking     ] GC(729) Concurrent Preclean 0.702ms
[2024-08-27T15:00:58.249+0000][info][gc,start       ] GC(729) Pause Remark
[2024-08-27T15:00:58.250+0000][info][gc             ] GC(729) Pause Remark 884M->884M(1024M) 1.452ms
[2024-08-27T15:00:58.250+0000][info][gc,cpu         ] GC(729) User=0.01s Sys=0.00s Real=0.01s
[2024-08-27T15:00:58.250+0000][info][gc,marking     ] GC(729) Concurrent Mark 23.674ms
[2024-08-27T15:00:58.250+0000][info][gc,marking     ] GC(729) Concurrent Rebuild Remembered Sets
[2024-08-27T15:00:58.262+0000][info][gc,start       ] GC(730) Pause Young (Normal) (G1 Evacuation Pause)
[2024-08-27T15:00:58.262+0000][info][gc,task        ] GC(730) Using 24 workers of 68 for evacuation
[2024-08-27T15:00:58.272+0000][info][gc,phases      ] GC(730)   Pre Evacuate Collection Set: 0.2ms
[2024-08-27T15:00:58.272+0000][info][gc,phases      ] GC(730)   Merge Heap Roots: 0.3ms
[2024-08-27T15:00:58.272+0000][info][gc,phases      ] GC(730)   Evacuate Collection Set: 9.0ms
[2024-08-27T15:00:58.272+0000][info][gc,phases      ] GC(730)   Post Evacuate Collection Set: 0.5ms
[2024-08-27T15:00:58.272+0000][info][gc,phases      ] GC(730)   Other: 0.3ms
[2024-08-27T15:00:58.272+0000][info][gc,heap        ] GC(730) Eden regions: 44->0(44)
[2024-08-27T15:00:58.272+0000][info][gc,heap        ] GC(730) Survivor regions: 7->7(7)
[2024-08-27T15:00:58.272+0000][info][gc,heap        ] GC(730) Old regions: 842->888
[2024-08-27T15:00:58.272+0000][info][gc,heap        ] GC(730) Archive regions: 2->2
[2024-08-27T15:00:58.272+0000][info][gc,heap        ] GC(730) Humongous regions: 5->5
[2024-08-27T15:00:58.272+0000][info][gc,metaspace   ] GC(730) Metaspace: 100K(320K)->100K(320K) NonClass: 96K(192K)->96K(192K) Class: 4K(128K)->4K(128K)
[2024-08-27T15:00:58.272+0000][info][gc             ] GC(730) Pause Young (Normal) (G1 Evacuation Pause) 898M->900M(1024M) 10.352ms
[2024-08-27T15:00:58.273+0000][info][gc,cpu         ] GC(730) User=0.22s Sys=0.00s Real=0.01s
[2024-08-27T15:00:58.306+0000][info][gc,marking     ] GC(729) Concurrent Rebuild Remembered Sets 55.963ms
[2024-08-27T15:00:58.307+0000][info][gc,start       ] GC(729) Pause Cleanup
[2024-08-27T15:00:58.309+0000][info][gc             ] GC(729) Pause Cleanup 944M->944M(1024M) 2.078ms
[2024-08-27T15:00:58.309+0000][info][gc,cpu         ] GC(729) User=0.00s Sys=0.00s Real=0.00s
[2024-08-27T15:00:58.309+0000][info][gc,marking     ] GC(729) Concurrent Cleanup for Next Mark
[2024-08-27T15:00:58.309+0000][info][gc,marking     ] GC(729) Concurrent Cleanup for Next Mark 0.532ms
[2024-08-27T15:00:58.309+0000][info][gc             ] GC(729) Concurrent Mark Cycle 84.595ms
[2024-08-27T15:00:58.310+0000][info][gc,start       ] GC(731) Pause Young (Prepare Mixed) (G1 Evacuation Pause)
[2024-08-27T15:00:58.310+0000][info][gc,task        ] GC(731) Using 24 workers of 68 for evacuation
[2024-08-27T15:00:58.323+0000][info][gc,phases      ] GC(731)   Pre Evacuate Collection Set: 0.2ms
[2024-08-27T15:00:58.323+0000][info][gc,phases      ] GC(731)   Merge Heap Roots: 0.4ms
[2024-08-27T15:00:58.323+0000][info][gc,phases      ] GC(731)   Evacuate Collection Set: 12.3ms
[2024-08-27T15:00:58.323+0000][info][gc,phases      ] GC(731)   Post Evacuate Collection Set: 0.3ms
[2024-08-27T15:00:58.323+0000][info][gc,phases      ] GC(731)   Other: 0.2ms
[2024-08-27T15:00:58.323+0000][info][gc,heap        ] GC(731) Eden regions: 44->0(44)
[2024-08-27T15:00:58.323+0000][info][gc,heap        ] GC(731) Survivor regions: 7->7(7)
[2024-08-27T15:00:58.323+0000][info][gc,heap        ] GC(731) Old regions: 888->935
[2024-08-27T15:00:58.323+0000][info][gc,heap        ] GC(731) Archive regions: 2->2
[2024-08-27T15:00:58.323+0000][info][gc,heap        ] GC(731) Humongous regions: 5->5
[2024-08-27T15:00:58.323+0000][info][gc,metaspace   ] GC(731) Metaspace: 100K(320K)->100K(320K) NonClass: 96K(192K)->96K(192K) Class: 4K(128K)->4K(128K)
[2024-08-27T15:00:58.323+0000][info][gc             ] GC(731) Pause Young (Prepare Mixed) (G1 Evacuation Pause) 944M->947M(1024M) 13.527ms
[2024-08-27T15:00:58.323+0000][info][gc,cpu         ] GC(731) User=0.31s Sys=0.00s Real=0.01s
[2024-08-27T15:00:58.338+0000][info][gc,start       ] GC(732) Pause Young (Mixed) (G1 Preventive Collection)
[2024-08-27T15:00:58.338+0000][info][gc,task        ] GC(732) Using 24 workers of 68 for evacuation
[2024-08-27T15:00:58.347+0000][info][gc,phases      ] GC(732)   Pre Evacuate Collection Set: 0.2ms
[2024-08-27T15:00:58.347+0000][info][gc,phases      ] GC(732)   Merge Heap Roots: 0.3ms
[2024-08-27T15:00:58.347+0000][info][gc,phases      ] GC(732)   Evacuate Collection Set: 8.0ms
[2024-08-27T15:00:58.347+0000][info][gc,phases      ] GC(732)   Post Evacuate Collection Set: 0.3ms
[2024-08-27T15:00:58.347+0000][info][gc,phases      ] GC(732)   Other: 0.2ms
[2024-08-27T15:00:58.347+0000][info][gc,heap        ] GC(732) Eden regions: 32->0(44)
[2024-08-27T15:00:58.347+0000][info][gc,heap        ] GC(732) Survivor regions: 7->7(7)
[2024-08-27T15:00:58.347+0000][info][gc,heap        ] GC(732) Old regions: 935->868
[2024-08-27T15:00:58.347+0000][info][gc,heap        ] GC(732) Archive regions: 2->2
[2024-08-27T15:00:58.347+0000][info][gc,heap        ] GC(732) Humongous regions: 5->5
[2024-08-27T15:00:58.347+0000][info][gc,metaspace   ] GC(732) Metaspace: 100K(320K)->100K(320K) NonClass: 96K(192K)->96K(192K) Class: 4K(128K)->4K(128K)
[2024-08-27T15:00:58.347+0000][info][gc             ] GC(732) Pause Young (Mixed) (G1 Preventive Collection) 979M->880M(1024M) 9.211ms
[2024-08-27T15:00:58.347+0000][info][gc,cpu         ] GC(732) User=0.20s Sys=0.00s Real=0.00s
[2024-08-27T15:00:58.366+0000][info][gc,start       ] GC(733) Pause Young (Mixed) (G1 Evacuation Pause)
[2024-08-27T15:00:58.366+0000][info][gc,task        ] GC(733) Using 24 workers of 68 for evacuation
[2024-08-27T15:00:58.377+0000][info][gc,phases      ] GC(733)   Pre Evacuate Collection Set: 0.2ms
[2024-08-27T15:00:58.377+0000][info][gc,phases      ] GC(733)   Merge Heap Roots: 0.4ms
[2024-08-27T15:00:58.377+0000][info][gc,phases      ] GC(733)   Evacuate Collection Set: 9.9ms
[2024-08-27T15:00:58.377+0000][info][gc,phases      ] GC(733)   Post Evacuate Collection Set: 0.4ms
[2024-08-27T15:00:58.377+0000][info][gc,phases      ] GC(733)   Other: 0.2ms
[2024-08-27T15:00:58.377+0000][info][gc,heap        ] GC(733) Eden regions: 44->0(44)
[2024-08-27T15:00:58.377+0000][info][gc,heap        ] GC(733) Survivor regions: 7->7(7)
[2024-08-27T15:00:58.377+0000][info][gc,heap        ] GC(733) Old regions: 868->810
[2024-08-27T15:00:58.377+0000][info][gc,heap        ] GC(733) Archive regions: 2->2
[2024-08-27T15:00:58.377+0000][info][gc,heap        ] GC(733) Humongous regions: 5->5
[2024-08-27T15:00:58.377+0000][info][gc,metaspace   ] GC(733) Metaspace: 100K(320K)->100K(320K) NonClass: 96K(192K)->96K(192K) Class: 4K(128K)->4K(128K)
[2024-08-27T15:00:58.377+0000][info][gc             ] GC(733) Pause Young (Mixed) (G1 Evacuation Pause) 924M->822M(1024M) 11.251ms
[2024-08-27T15:00:58.377+0000][info][gc,cpu         ] GC(733) User=0.25s Sys=0.00s Real=0.01s
[2024-08-27T15:00:58.396+0000][info][gc,start       ] GC(734) Pause Young (Mixed) (G1 Evacuation Pause)
[2024-08-27T15:00:58.396+0000][info][gc,task        ] GC(734) Using 24 workers of 68 for evacuation
[2024-08-27T15:00:58.407+0000][info][gc,phases      ] GC(734)   Pre Evacuate Collection Set: 0.2ms
[2024-08-27T15:00:58.407+0000][info][gc,phases      ] GC(734)   Merge Heap Roots: 0.4ms
[2024-08-27T15:00:58.407+0000][info][gc,phases      ] GC(734)   Evacuate Collection Set: 9.9ms
[2024-08-27T15:00:58.407+0000][info][gc,phases      ] GC(734)   Post Evacuate Collection Set: 0.3ms
[2024-08-27T15:00:58.407+0000][info][gc,phases      ] GC(734)   Other: 0.2ms
[2024-08-27T15:00:58.407+0000][info][gc,heap        ] GC(734) Eden regions: 44->0(44)
[2024-08-27T15:00:58.407+0000][info][gc,heap        ] GC(734) Survivor regions: 7->7(7)
[2024-08-27T15:00:58.407+0000][info][gc,heap        ] GC(734) Old regions: 810->755
[2024-08-27T15:00:58.407+0000][info][gc,heap        ] GC(734) Archive regions: 2->2
[2024-08-27T15:00:58.407+0000][info][gc,heap        ] GC(734) Humongous regions: 5->5
[2024-08-27T15:00:58.407+0000][info][gc,metaspace   ] GC(734) Metaspace: 100K(320K)->100K(320K) NonClass: 96K(192K)->96K(192K) Class: 4K(128K)->4K(128K)
[2024-08-27T15:00:58.407+0000][info][gc             ] GC(734) Pause Young (Mixed) (G1 Evacuation Pause) 866M->767M(1024M) 11.127ms
[2024-08-27T15:00:58.407+0000][info][gc,cpu         ] GC(734) User=0.24s Sys=0.00s Real=0.01s
[2024-08-27T15:00:58.425+0000][info][gc,start       ] GC(735) Pause Young (Mixed) (G1 Evacuation Pause)
[2024-08-27T15:00:58.425+0000][info][gc,task        ] GC(735) Using 24 workers of 68 for evacuation
[2024-08-27T15:00:58.436+0000][info][gc,phases      ] GC(735)   Pre Evacuate Collection Set: 0.2ms
[2024-08-27T15:00:58.436+0000][info][gc,phases      ] GC(735)   Merge Heap Roots: 0.3ms
[2024-08-27T15:00:58.436+0000][info][gc,phases      ] GC(735)   Evacuate Collection Set: 9.7ms
[2024-08-27T15:00:58.436+0000][info][gc,phases      ] GC(735)   Post Evacuate Collection Set: 0.4ms
[2024-08-27T15:00:58.436+0000][info][gc,phases      ] GC(735)   Other: 0.3ms
[2024-08-27T15:00:58.436+0000][info][gc,heap        ] GC(735) Eden regions: 44->0(45)
[2024-08-27T15:00:58.436+0000][info][gc,heap        ] GC(735) Survivor regions: 7->7(7)
[2024-08-27T15:00:58.436+0000][info][gc,heap        ] GC(735) Old regions: 755->762
[2024-08-27T15:00:58.436+0000][info][gc,heap        ] GC(735) Archive regions: 2->2
[2024-08-27T15:00:58.436+0000][info][gc,heap        ] GC(735) Humongous regions: 5->5
[2024-08-27T15:00:58.436+0000][info][gc,metaspace   ] GC(735) Metaspace: 100K(320K)->100K(320K) NonClass: 96K(192K)->96K(192K) Class: 4K(128K)->4K(128K)
[2024-08-27T15:00:58.436+0000][info][gc             ] GC(735) Pause Young (Mixed) (G1 Evacuation Pause) 811M->774M(1024M) 10.893ms
[2024-08-27T15:00:58.436+0000][info][gc,cpu         ] GC(735) User=0.24s Sys=0.00s Real=0.01s
[2024-08-27T15:00:58.455+0000][info][gc,start       ] GC(736) Pause Young (Concurrent Start) (G1 Evacuation Pause)
[2024-08-27T15:00:58.455+0000][info][gc,task        ] GC(736) Using 24 workers of 68 for evacuation
[2024-08-27T15:00:58.465+0000][info][gc,phases      ] GC(736)   Pre Evacuate Collection Set: 0.2ms
[2024-08-27T15:00:58.465+0000][info][gc,phases      ] GC(736)   Merge Heap Roots: 0.4ms
[2024-08-27T15:00:58.465+0000][info][gc,phases      ] GC(736)   Evacuate Collection Set: 9.3ms
[2024-08-27T15:00:58.465+0000][info][gc,phases      ] GC(736)   Post Evacuate Collection Set: 0.3ms
[2024-08-27T15:00:58.465+0000][info][gc,phases      ] GC(736)   Other: 0.8ms
[2024-08-27T15:00:58.465+0000][info][gc,heap        ] GC(736) Eden regions: 45->0(44)
[2024-08-27T15:00:58.465+0000][info][gc,heap        ] GC(736) Survivor regions: 7->7(7)
[2024-08-27T15:00:58.465+0000][info][gc,heap        ] GC(736) Old regions: 762->810
[2024-08-27T15:00:58.465+0000][info][gc,heap        ] GC(736) Archive regions: 2->2
[2024-08-27T15:00:58.465+0000][info][gc,heap        ] GC(736) Humongous regions: 5->5
[2024-08-27T15:00:58.466+0000][info][gc,metaspace   ] GC(736) Metaspace: 100K(320K)->100K(320K) NonClass: 96K(192K)->96K(192K) Class: 4K(128K)->4K(128K)
[2024-08-27T15:00:58.466+0000][info][gc             ] GC(736) Pause Young (Concurrent Start) (G1 Evacuation Pause) 819M->822M(1024M) 11.024ms
[2024-08-27T15:00:58.466+0000][info][gc,cpu         ] GC(736) User=0.23s Sys=0.00s Real=0.01s
[2024-08-27T15:00:58.466+0000][info][gc             ] GC(737) Concurrent Mark Cycle
[2024-08-27T15:00:58.466+0000][info][gc,marking     ] GC(737) Concurrent Clear Claimed Marks
[2024-08-27T15:00:58.466+0000][info][gc,marking     ] GC(737) Concurrent Clear Claimed Marks 0.011ms
[2024-08-27T15:00:58.466+0000][info][gc,marking     ] GC(737) Concurrent Scan Root Regions
[2024-08-27T15:00:58.467+0000][info][gc,marking     ] GC(737) Concurrent Scan Root Regions 1.528ms
[2024-08-27T15:00:58.467+0000][info][gc,marking     ] GC(737) Concurrent Mark
[2024-08-27T15:00:58.467+0000][info][gc,marking     ] GC(737) Concurrent Mark From Roots
[2024-08-27T15:00:58.467+0000][info][gc,task        ] GC(737) Using 17 workers of 17 for marking
[2024-08-27T15:00:58.489+0000][info][gc,marking     ] GC(737) Concurrent Mark From Roots 21.317ms
[2024-08-27T15:00:58.489+0000][info][gc,marking     ] GC(737) Concurrent Preclean
[2024-08-27T15:00:58.489+0000][info][gc,marking     ] GC(737) Concurrent Preclean 0.502ms
[2024-08-27T15:00:58.489+0000][info][gc,start       ] GC(737) Pause Remark
[2024-08-27T15:00:58.491+0000][info][gc             ] GC(737) Pause Remark 853M->853M(1024M) 1.649ms
[2024-08-27T15:00:58.491+0000][info][gc,cpu         ] GC(737) User=0.00s Sys=0.00s Real=0.00s
[2024-08-27T15:00:58.491+0000][info][gc,marking     ] GC(737) Concurrent Mark 23.937ms
[2024-08-27T15:00:58.491+0000][info][gc,marking     ] GC(737) Concurrent Rebuild Remembered Sets
[2024-08-27T15:00:58.503+0000][info][gc,start       ] GC(738) Pause Young (Normal) (G1 Evacuation Pause)
[2024-08-27T15:00:58.503+0000][info][gc,task        ] GC(738) Using 24 workers of 68 for evacuation
[2024-08-27T15:00:58.513+0000][info][gc,phases      ] GC(738)   Pre Evacuate Collection Set: 0.2ms
[2024-08-27T15:00:58.513+0000][info][gc,phases      ] GC(738)   Merge Heap Roots: 0.4ms
[2024-08-27T15:00:58.513+0000][info][gc,phases      ] GC(738)   Evacuate Collection Set: 9.2ms
[2024-08-27T15:00:58.513+0000][info][gc,phases      ] GC(738)   Post Evacuate Collection Set: 0.5ms
[2024-08-27T15:00:58.513+0000][info][gc,phases      ] GC(738)   Other: 0.3ms
[2024-08-27T15:00:58.513+0000][info][gc,heap        ] GC(738) Eden regions: 44->0(44)
[2024-08-27T15:00:58.513+0000][info][gc,heap        ] GC(738) Survivor regions: 7->7(7)
[2024-08-27T15:00:58.513+0000][info][gc,heap        ] GC(738) Old regions: 810->857
[2024-08-27T15:00:58.513+0000][info][gc,heap        ] GC(738) Archive regions: 2->2
[2024-08-27T15:00:58.513+0000][info][gc,heap        ] GC(738) Humongous regions: 5->5
[2024-08-27T15:00:58.513+0000][info][gc,metaspace   ] GC(738) Metaspace: 100K(320K)->100K(320K) NonClass: 96K(192K)->96K(192K) Class: 4K(128K)->4K(128K)
[2024-08-27T15:00:58.513+0000][info][gc             ] GC(738) Pause Young (Normal) (G1 Evacuation Pause) 866M->869M(1024M) 10.614ms
[2024-08-27T15:00:58.513+0000][info][gc,cpu         ] GC(738) User=0.23s Sys=0.00s Real=0.01s
[2024-08-27T15:00:58.545+0000][info][gc,marking     ] GC(737) Concurrent Rebuild Remembered Sets 54.002ms
[2024-08-27T15:00:58.546+0000][info][gc,start       ] GC(737) Pause Cleanup
[2024-08-27T15:00:58.549+0000][info][gc             ] GC(737) Pause Cleanup 912M->912M(1024M) 3.030ms
[2024-08-27T15:00:58.549+0000][info][gc,cpu         ] GC(737) User=0.01s Sys=0.00s Real=0.00s
[2024-08-27T15:00:58.549+0000][info][gc,marking     ] GC(737) Concurrent Cleanup for Next Mark
[2024-08-27T15:00:58.550+0000][info][gc,marking     ] GC(737) Concurrent Cleanup for Next Mark 0.704ms
[2024-08-27T15:00:58.550+0000][info][gc             ] GC(737) Concurrent Mark Cycle 84.104ms
[2024-08-27T15:00:58.550+0000][info][gc,start       ] GC(739) Pause Young (Prepare Mixed) (G1 Evacuation Pause)
[2024-08-27T15:00:58.550+0000][info][gc,task        ] GC(739) Using 24 workers of 68 for evacuation
[2024-08-27T15:00:58.565+0000][info][gc,phases      ] GC(739)   Pre Evacuate Collection Set: 0.2ms
[2024-08-27T15:00:58.565+0000][info][gc,phases      ] GC(739)   Merge Heap Roots: 0.5ms
[2024-08-27T15:00:58.565+0000][info][gc,phases      ] GC(739)   Evacuate Collection Set: 13.2ms
[2024-08-27T15:00:58.565+0000][info][gc,phases      ] GC(739)   Post Evacuate Collection Set: 0.3ms
[2024-08-27T15:00:58.565+0000][info][gc,phases      ] GC(739)   Other: 0.2ms
[2024-08-27T15:00:58.565+0000][info][gc,heap        ] GC(739) Eden regions: 44->0(44)
[2024-08-27T15:00:58.565+0000][info][gc,heap        ] GC(739) Survivor regions: 7->7(7)
[2024-08-27T15:00:58.565+0000][info][gc,heap        ] GC(739) Old regions: 857->904
[2024-08-27T15:00:58.565+0000][info][gc,heap        ] GC(739) Archive regions: 2->2
[2024-08-27T15:00:58.565+0000][info][gc,heap        ] GC(739) Humongous regions: 5->5
[2024-08-27T15:00:58.565+0000][info][gc,metaspace   ] GC(739) Metaspace: 100K(320K)->100K(320K) NonClass: 96K(192K)->96K(192K) Class: 4K(128K)->4K(128K)
[2024-08-27T15:00:58.565+0000][info][gc             ] GC(739) Pause Young (Prepare Mixed) (G1 Evacuation Pause) 913M->916M(1024M) 14.615ms
[2024-08-27T15:00:58.565+0000][info][gc,cpu         ] GC(739) User=0.33s Sys=0.00s Real=0.01s
[2024-08-27T15:00:58.585+0000][info][gc,start       ] GC(740) Pause Young (Mixed) (G1 Evacuation Pause)
[2024-08-27T15:00:58.585+0000][info][gc,task        ] GC(740) Using 24 workers of 68 for evacuation
[2024-08-27T15:00:58.596+0000][info][gc,phases      ] GC(740)   Pre Evacuate Collection Set: 0.2ms
[2024-08-27T15:00:58.596+0000][info][gc,phases      ] GC(740)   Merge Heap Roots: 0.4ms
[2024-08-27T15:00:58.596+0000][info][gc,phases      ] GC(740)   Evacuate Collection Set: 10.0ms
[2024-08-27T15:00:58.596+0000][info][gc,phases      ] GC(740)   Post Evacuate Collection Set: 0.4ms
[2024-08-27T15:00:58.596+0000][info][gc,phases      ] GC(740)   Other: 0.3ms
[2024-08-27T15:00:58.596+0000][info][gc,heap        ] GC(740) Eden regions: 44->0(44)
[2024-08-27T15:00:58.596+0000][info][gc,heap        ] GC(740) Survivor regions: 7->7(7)
[2024-08-27T15:00:58.596+0000][info][gc,heap        ] GC(740) Old regions: 904->848
[2024-08-27T15:00:58.596+0000][info][gc,heap        ] GC(740) Archive regions: 2->2
[2024-08-27T15:00:58.596+0000][info][gc,heap        ] GC(740) Humongous regions: 5->5
[2024-08-27T15:00:58.596+0000][info][gc,metaspace   ] GC(740) Metaspace: 100K(320K)->100K(320K) NonClass: 96K(192K)->96K(192K) Class: 4K(128K)->4K(128K)
[2024-08-27T15:00:58.596+0000][info][gc             ] GC(740) Pause Young (Mixed) (G1 Evacuation Pause) 960M->860M(1024M) 11.444ms
[2024-08-27T15:00:58.597+0000][info][gc,cpu         ] GC(740) User=0.24s Sys=0.01s Real=0.01s
[2024-08-27T15:00:58.615+0000][info][gc,start       ] GC(741) Pause Young (Mixed) (G1 Evacuation Pause)
[2024-08-27T15:00:58.615+0000][info][gc,task        ] GC(741) Using 24 workers of 68 for evacuation
[2024-08-27T15:00:58.627+0000][info][gc,phases      ] GC(741)   Pre Evacuate Collection Set: 0.2ms
[2024-08-27T15:00:58.627+0000][info][gc,phases      ] GC(741)   Merge Heap Roots: 0.4ms
[2024-08-27T15:00:58.627+0000][info][gc,phases      ] GC(741)   Evacuate Collection Set: 10.2ms
[2024-08-27T15:00:58.627+0000][info][gc,phases      ] GC(741)   Post Evacuate Collection Set: 0.4ms
[2024-08-27T15:00:58.627+0000][info][gc,phases      ] GC(741)   Other: 0.3ms
[2024-08-27T15:00:58.627+0000][info][gc,heap        ] GC(741) Eden regions: 44->0(44)
[2024-08-27T15:00:58.627+0000][info][gc,heap        ] GC(741) Survivor regions: 7->7(7)
[2024-08-27T15:00:58.627+0000][info][gc,heap        ] GC(741) Old regions: 848->792
[2024-08-27T15:00:58.627+0000][info][gc,heap        ] GC(741) Archive regions: 2->2
[2024-08-27T15:00:58.627+0000][info][gc,heap        ] GC(741) Humongous regions: 5->5
[2024-08-27T15:00:58.627+0000][info][gc,metaspace   ] GC(741) Metaspace: 100K(320K)->100K(320K) NonClass: 96K(192K)->96K(192K) Class: 4K(128K)->4K(128K)
[2024-08-27T15:00:58.627+0000][info][gc             ] GC(741) Pause Young (Mixed) (G1 Evacuation Pause) 904M->804M(1024M) 11.730ms
[2024-08-27T15:00:58.627+0000][info][gc,cpu         ] GC(741) User=0.26s Sys=0.00s Real=0.01s
[2024-08-27T15:00:58.645+0000][info][gc,start       ] GC(742) Pause Young (Mixed) (G1 Evacuation Pause)
[2024-08-27T15:00:58.645+0000][info][gc,task        ] GC(742) Using 24 workers of 68 for evacuation
[2024-08-27T15:00:58.657+0000][info][gc,phases      ] GC(742)   Pre Evacuate Collection Set: 0.3ms
[2024-08-27T15:00:58.657+0000][info][gc,phases      ] GC(742)   Merge Heap Roots: 0.4ms
[2024-08-27T15:00:58.657+0000][info][gc,phases      ] GC(742)   Evacuate Collection Set: 10.0ms
[2024-08-27T15:00:58.657+0000][info][gc,phases      ] GC(742)   Post Evacuate Collection Set: 0.4ms
[2024-08-27T15:00:58.657+0000][info][gc,phases      ] GC(742)   Other: 0.4ms
[2024-08-27T15:00:58.657+0000][info][gc,heap        ] GC(742) Eden regions: 44->0(44)
[2024-08-27T15:00:58.657+0000][info][gc,heap        ] GC(742) Survivor regions: 7->7(7)
[2024-08-27T15:00:58.657+0000][info][gc,heap        ] GC(742) Old regions: 792->737
[2024-08-27T15:00:58.657+0000][info][gc,heap        ] GC(742) Archive regions: 2->2
[2024-08-27T15:00:58.657+0000][info][gc,heap        ] GC(742) Humongous regions: 5->5
[2024-08-27T15:00:58.657+0000][info][gc,metaspace   ] GC(742) Metaspace: 100K(320K)->100K(320K) NonClass: 96K(192K)->96K(192K) Class: 4K(128K)->4K(128K)
[2024-08-27T15:00:58.657+0000][info][gc             ] GC(742) Pause Young (Mixed) (G1 Evacuation Pause) 848M->749M(1024M) 11.517ms
[2024-08-27T15:00:58.657+0000][info][gc,cpu         ] GC(742) User=0.24s Sys=0.00s Real=0.01s
[2024-08-27T15:00:58.676+0000][info][gc,start       ] GC(743) Pause Young (Mixed) (G1 Evacuation Pause)
[2024-08-27T15:00:58.676+0000][info][gc,task        ] GC(743) Using 24 workers of 68 for evacuation
[2024-08-27T15:00:58.688+0000][info][gc,phases      ] GC(743)   Pre Evacuate Collection Set: 0.2ms
[2024-08-27T15:00:58.688+0000][info][gc,phases      ] GC(743)   Merge Heap Roots: 0.3ms
[2024-08-27T15:00:58.688+0000][info][gc,phases      ] GC(743)   Evacuate Collection Set: 11.0ms
[2024-08-27T15:00:58.688+0000][info][gc,phases      ] GC(743)   Post Evacuate Collection Set: 0.3ms
[2024-08-27T15:00:58.688+0000][info][gc,phases      ] GC(743)   Other: 0.3ms
[2024-08-27T15:00:58.688+0000][info][gc,heap        ] GC(743) Eden regions: 44->0(44)
[2024-08-27T15:00:58.688+0000][info][gc,heap        ] GC(743) Survivor regions: 7->7(7)
[2024-08-27T15:00:58.688+0000][info][gc,heap        ] GC(743) Old regions: 737->771
[2024-08-27T15:00:58.688+0000][info][gc,heap        ] GC(743) Archive regions: 2->2
[2024-08-27T15:00:58.688+0000][info][gc,heap        ] GC(743) Humongous regions: 5->5
[2024-08-27T15:00:58.688+0000][info][gc,metaspace   ] GC(743) Metaspace: 100K(320K)->100K(320K) NonClass: 96K(192K)->96K(192K) Class: 4K(128K)->4K(128K)
[2024-08-27T15:00:58.688+0000][info][gc             ] GC(743) Pause Young (Mixed) (G1 Evacuation Pause) 793M->783M(1024M) 12.323ms
[2024-08-27T15:00:58.688+0000][info][gc,cpu         ] GC(743) User=0.27s Sys=0.00s Real=0.01s
[2024-08-27T15:00:58.710+0000][info][gc,start       ] GC(744) Pause Young (Concurrent Start) (G1 Evacuation Pause)
[2024-08-27T15:00:58.710+0000][info][gc,task        ] GC(744) Using 24 workers of 68 for evacuation
[2024-08-27T15:00:58.722+0000][info][gc,phases      ] GC(744)   Pre Evacuate Collection Set: 0.2ms
[2024-08-27T15:00:58.722+0000][info][gc,phases      ] GC(744)   Merge Heap Roots: 0.4ms
[2024-08-27T15:00:58.722+0000][info][gc,phases      ] GC(744)   Evacuate Collection Set: 10.7ms
[2024-08-27T15:00:58.722+0000][info][gc,phases      ] GC(744)   Post Evacuate Collection Set: 0.4ms
[2024-08-27T15:00:58.722+0000][info][gc,phases      ] GC(744)   Other: 1.0ms
[2024-08-27T15:00:58.722+0000][info][gc,heap        ] GC(744) Eden regions: 44->0(44)
[2024-08-27T15:00:58.722+0000][info][gc,heap        ] GC(744) Survivor regions: 7->7(7)
[2024-08-27T15:00:58.722+0000][info][gc,heap        ] GC(744) Old regions: 771->817
[2024-08-27T15:00:58.722+0000][info][gc,heap        ] GC(744) Archive regions: 2->2
[2024-08-27T15:00:58.723+0000][info][gc,heap        ] GC(744) Humongous regions: 5->5
[2024-08-27T15:00:58.723+0000][info][gc,metaspace   ] GC(744) Metaspace: 100K(320K)->100K(320K) NonClass: 96K(192K)->96K(192K) Class: 4K(128K)->4K(128K)
[2024-08-27T15:00:58.723+0000][info][gc             ] GC(744) Pause Young (Concurrent Start) (G1 Evacuation Pause) 827M->829M(1024M) 12.773ms
[2024-08-27T15:00:58.723+0000][info][gc,cpu         ] GC(744) User=0.26s Sys=0.00s Real=0.01s
[2024-08-27T15:00:58.723+0000][info][gc             ] GC(745) Concurrent Mark Cycle
[2024-08-27T15:00:58.723+0000][info][gc,marking     ] GC(745) Concurrent Clear Claimed Marks
[2024-08-27T15:00:58.723+0000][info][gc,marking     ] GC(745) Concurrent Clear Claimed Marks 0.012ms
[2024-08-27T15:00:58.723+0000][info][gc,marking     ] GC(745) Concurrent Scan Root Regions
[2024-08-27T15:00:58.724+0000][info][gc,marking     ] GC(745) Concurrent Scan Root Regions 1.736ms
[2024-08-27T15:00:58.725+0000][info][gc,marking     ] GC(745) Concurrent Mark
[2024-08-27T15:00:58.725+0000][info][gc,marking     ] GC(745) Concurrent Mark From Roots
[2024-08-27T15:00:58.725+0000][info][gc,task        ] GC(745) Using 17 workers of 17 for marking
[2024-08-27T15:00:58.748+0000][info][gc,marking     ] GC(745) Concurrent Mark From Roots 23.021ms
[2024-08-27T15:00:58.748+0000][info][gc,marking     ] GC(745) Concurrent Preclean
[2024-08-27T15:00:58.748+0000][info][gc,marking     ] GC(745) Concurrent Preclean 0.506ms
[2024-08-27T15:00:58.748+0000][info][gc,start       ] GC(745) Pause Remark
[2024-08-27T15:00:58.750+0000][info][gc             ] GC(745) Pause Remark 857M->857M(1024M) 1.677ms
[2024-08-27T15:00:58.750+0000][info][gc,cpu         ] GC(745) User=0.01s Sys=0.00s Real=0.01s
[2024-08-27T15:00:58.750+0000][info][gc,marking     ] GC(745) Concurrent Mark 25.727ms
[2024-08-27T15:00:58.750+0000][info][gc,marking     ] GC(745) Concurrent Rebuild Remembered Sets
[2024-08-27T15:00:58.760+0000][info][gc,start       ] GC(746) Pause Young (Normal) (G1 Evacuation Pause)
[2024-08-27T15:00:58.760+0000][info][gc,task        ] GC(746) Using 24 workers of 68 for evacuation
[2024-08-27T15:00:58.770+0000][info][gc,phases      ] GC(746)   Pre Evacuate Collection Set: 0.2ms
[2024-08-27T15:00:58.770+0000][info][gc,phases      ] GC(746)   Merge Heap Roots: 0.4ms
[2024-08-27T15:00:58.770+0000][info][gc,phases      ] GC(746)   Evacuate Collection Set: 9.2ms
[2024-08-27T15:00:58.770+0000][info][gc,phases      ] GC(746)   Post Evacuate Collection Set: 0.5ms
[2024-08-27T15:00:58.770+0000][info][gc,phases      ] GC(746)   Other: 0.3ms
[2024-08-27T15:00:58.770+0000][info][gc,heap        ] GC(746) Eden regions: 44->0(44)
[2024-08-27T15:00:58.770+0000][info][gc,heap        ] GC(746) Survivor regions: 7->7(7)
[2024-08-27T15:00:58.770+0000][info][gc,heap        ] GC(746) Old regions: 817->864
[2024-08-27T15:00:58.770+0000][info][gc,heap        ] GC(746) Archive regions: 2->2
[2024-08-27T15:00:58.770+0000][info][gc,heap        ] GC(746) Humongous regions: 5->5
[2024-08-27T15:00:58.770+0000][info][gc,metaspace   ] GC(746) Metaspace: 100K(320K)->100K(320K) NonClass: 96K(192K)->96K(192K) Class: 4K(128K)->4K(128K)
[2024-08-27T15:00:58.770+0000][info][gc             ] GC(746) Pause Young (Normal) (G1 Evacuation Pause) 873M->876M(1024M) 10.629ms
[2024-08-27T15:00:58.770+0000][info][gc,cpu         ] GC(746) User=0.22s Sys=0.01s Real=0.01s
[2024-08-27T15:00:58.800+0000][info][gc,start       ] GC(747) Pause Young (Normal) (G1 Evacuation Pause)
[2024-08-27T15:00:58.800+0000][info][gc,task        ] GC(747) Using 24 workers of 68 for evacuation
[2024-08-27T15:00:58.814+0000][info][gc,phases      ] GC(747)   Pre Evacuate Collection Set: 0.2ms
[2024-08-27T15:00:58.814+0000][info][gc,phases      ] GC(747)   Merge Heap Roots: 0.4ms
[2024-08-27T15:00:58.814+0000][info][gc,phases      ] GC(747)   Evacuate Collection Set: 12.6ms
[2024-08-27T15:00:58.814+0000][info][gc,phases      ] GC(747)   Post Evacuate Collection Set: 0.6ms
[2024-08-27T15:00:58.814+0000][info][gc,phases      ] GC(747)   Other: 0.3ms
[2024-08-27T15:00:58.814+0000][info][gc,heap        ] GC(747) Eden regions: 44->0(44)
[2024-08-27T15:00:58.814+0000][info][gc,heap        ] GC(747) Survivor regions: 7->7(7)
[2024-08-27T15:00:58.814+0000][info][gc,heap        ] GC(747) Old regions: 864->911
[2024-08-27T15:00:58.814+0000][info][gc,heap        ] GC(747) Archive regions: 2->2
[2024-08-27T15:00:58.814+0000][info][gc,heap        ] GC(747) Humongous regions: 5->5
[2024-08-27T15:00:58.814+0000][info][gc,metaspace   ] GC(747) Metaspace: 100K(320K)->100K(320K) NonClass: 96K(192K)->96K(192K) Class: 4K(128K)->4K(128K)
[2024-08-27T15:00:58.815+0000][info][gc             ] GC(747) Pause Young (Normal) (G1 Evacuation Pause) 920M->923M(1024M) 14.272ms
[2024-08-27T15:00:58.815+0000][info][gc,cpu         ] GC(747) User=0.31s Sys=0.01s Real=0.01s
[2024-08-27T15:00:58.818+0000][info][gc,marking     ] GC(745) Concurrent Rebuild Remembered Sets 67.797ms
[2024-08-27T15:00:58.818+0000][info][gc,start       ] GC(745) Pause Cleanup
[2024-08-27T15:00:58.821+0000][info][gc             ] GC(745) Pause Cleanup 928M->928M(1024M) 2.871ms
[2024-08-27T15:00:58.821+0000][info][gc,cpu         ] GC(745) User=0.01s Sys=0.00s Real=0.00s
[2024-08-27T15:00:58.821+0000][info][gc,marking     ] GC(745) Concurrent Cleanup for Next Mark
[2024-08-27T15:00:58.822+0000][info][gc,marking     ] GC(745) Concurrent Cleanup for Next Mark 0.601ms
[2024-08-27T15:00:58.822+0000][info][gc             ] GC(745) Concurrent Mark Cycle 99.349ms
[2024-08-27T15:00:58.841+0000][info][gc,start       ] GC(748) Pause Young (Prepare Mixed) (G1 Preventive Collection)
[2024-08-27T15:00:58.841+0000][info][gc,task        ] GC(748) Using 24 workers of 68 for evacuation
[2024-08-27T15:00:58.856+0000][info][gc,phases      ] GC(748)   Pre Evacuate Collection Set: 0.2ms
[2024-08-27T15:00:58.856+0000][info][gc,phases      ] GC(748)   Merge Heap Roots: 0.6ms
[2024-08-27T15:00:58.856+0000][info][gc,phases      ] GC(748)   Evacuate Collection Set: 14.5ms
[2024-08-27T15:00:58.856+0000][info][gc,phases      ] GC(748)   Post Evacuate Collection Set: 0.3ms
[2024-08-27T15:00:58.856+0000][info][gc,phases      ] GC(748)   Other: 0.3ms
[2024-08-27T15:00:58.856+0000][info][gc,heap        ] GC(748) Eden regions: 44->0(44)
[2024-08-27T15:00:58.856+0000][info][gc,heap        ] GC(748) Survivor regions: 7->7(7)
[2024-08-27T15:00:58.857+0000][info][gc,heap        ] GC(748) Old regions: 911->957
[2024-08-27T15:00:58.857+0000][info][gc,heap        ] GC(748) Archive regions: 2->2
[2024-08-27T15:00:58.857+0000][info][gc,heap        ] GC(748) Humongous regions: 5->5
[2024-08-27T15:00:58.857+0000][info][gc,metaspace   ] GC(748) Metaspace: 100K(320K)->100K(320K) NonClass: 96K(192K)->96K(192K) Class: 4K(128K)->4K(128K)
[2024-08-27T15:00:58.857+0000][info][gc             ] GC(748) Pause Young (Prepare Mixed) (G1 Preventive Collection) 967M->969M(1024M) 15.958ms
[2024-08-27T15:00:58.857+0000][info][gc,cpu         ] GC(748) User=0.35s Sys=0.00s Real=0.01s
[2024-08-27T15:00:58.866+0000][info][gc,start       ] GC(749) Pause Young (Mixed) (G1 Preventive Collection)
[2024-08-27T15:00:58.866+0000][info][gc,task        ] GC(749) Using 24 workers of 68 for evacuation
[2024-08-27T15:00:58.874+0000][info][gc,phases      ] GC(749)   Pre Evacuate Collection Set: 0.2ms
[2024-08-27T15:00:58.874+0000][info][gc,phases      ] GC(749)   Merge Heap Roots: 0.3ms
[2024-08-27T15:00:58.874+0000][info][gc,phases      ] GC(749)   Evacuate Collection Set: 6.4ms
[2024-08-27T15:00:58.874+0000][info][gc,phases      ] GC(749)   Post Evacuate Collection Set: 0.4ms
[2024-08-27T15:00:58.874+0000][info][gc,phases      ] GC(749)   Other: 0.2ms
[2024-08-27T15:00:58.874+0000][info][gc,heap        ] GC(749) Eden regions: 21->0(44)
[2024-08-27T15:00:58.874+0000][info][gc,heap        ] GC(749) Survivor regions: 7->7(7)
[2024-08-27T15:00:58.874+0000][info][gc,heap        ] GC(749) Old regions: 957->878
[2024-08-27T15:00:58.874+0000][info][gc,heap        ] GC(749) Archive regions: 2->2
[2024-08-27T15:00:58.874+0000][info][gc,heap        ] GC(749) Humongous regions: 5->5
[2024-08-27T15:00:58.874+0000][info][gc,metaspace   ] GC(749) Metaspace: 100K(320K)->100K(320K) NonClass: 96K(192K)->96K(192K) Class: 4K(128K)->4K(128K)
[2024-08-27T15:00:58.874+0000][info][gc             ] GC(749) Pause Young (Mixed) (G1 Preventive Collection) 990M->890M(1024M) 7.675ms
[2024-08-27T15:00:58.874+0000][info][gc,cpu         ] GC(749) User=0.14s Sys=0.02s Real=0.01s
[2024-08-27T15:00:58.893+0000][info][gc,start       ] GC(750) Pause Young (Mixed) (G1 Evacuation Pause)
[2024-08-27T15:00:58.893+0000][info][gc,task        ] GC(750) Using 24 workers of 68 for evacuation
[2024-08-27T15:00:58.904+0000][info][gc,phases      ] GC(750)   Pre Evacuate Collection Set: 0.2ms
[2024-08-27T15:00:58.904+0000][info][gc,phases      ] GC(750)   Merge Heap Roots: 0.4ms
[2024-08-27T15:00:58.904+0000][info][gc,phases      ] GC(750)   Evacuate Collection Set: 9.8ms
[2024-08-27T15:00:58.904+0000][info][gc,phases      ] GC(750)   Post Evacuate Collection Set: 0.4ms
[2024-08-27T15:00:58.904+0000][info][gc,phases      ] GC(750)   Other: 0.2ms
[2024-08-27T15:00:58.904+0000][info][gc,heap        ] GC(750) Eden regions: 44->0(44)
[2024-08-27T15:00:58.904+0000][info][gc,heap        ] GC(750) Survivor regions: 7->7(7)
[2024-08-27T15:00:58.904+0000][info][gc,heap        ] GC(750) Old regions: 878->820
[2024-08-27T15:00:58.904+0000][info][gc,heap        ] GC(750) Archive regions: 2->2
[2024-08-27T15:00:58.904+0000][info][gc,heap        ] GC(750) Humongous regions: 5->5
[2024-08-27T15:00:58.904+0000][info][gc,metaspace   ] GC(750) Metaspace: 100K(320K)->100K(320K) NonClass: 96K(192K)->96K(192K) Class: 4K(128K)->4K(128K)
[2024-08-27T15:00:58.904+0000][info][gc             ] GC(750) Pause Young (Mixed) (G1 Evacuation Pause) 934M->832M(1024M) 11.182ms
[2024-08-27T15:00:58.904+0000][info][gc,cpu         ] GC(750) User=0.25s Sys=0.00s Real=0.01s
[2024-08-27T15:00:58.922+0000][info][gc,start       ] GC(751) Pause Young (Mixed) (G1 Evacuation Pause)
[2024-08-27T15:00:58.922+0000][info][gc,task        ] GC(751) Using 24 workers of 68 for evacuation
[2024-08-27T15:00:58.933+0000][info][gc,phases      ] GC(751)   Pre Evacuate Collection Set: 0.2ms
[2024-08-27T15:00:58.934+0000][info][gc,phases      ] GC(751)   Merge Heap Roots: 0.4ms
[2024-08-27T15:00:58.934+0000][info][gc,phases      ] GC(751)   Evacuate Collection Set: 10.0ms
[2024-08-27T15:00:58.934+0000][info][gc,phases      ] GC(751)   Post Evacuate Collection Set: 0.4ms
[2024-08-27T15:00:58.934+0000][info][gc,phases      ] GC(751)   Other: 0.3ms
[2024-08-27T15:00:58.934+0000][info][gc,heap        ] GC(751) Eden regions: 44->0(44)
[2024-08-27T15:00:58.934+0000][info][gc,heap        ] GC(751) Survivor regions: 7->7(7)
[2024-08-27T15:00:58.934+0000][info][gc,heap        ] GC(751) Old regions: 820->765
[2024-08-27T15:00:58.934+0000][info][gc,heap        ] GC(751) Archive regions: 2->2
[2024-08-27T15:00:58.934+0000][info][gc,heap        ] GC(751) Humongous regions: 5->5
[2024-08-27T15:00:58.934+0000][info][gc,metaspace   ] GC(751) Metaspace: 100K(320K)->100K(320K) NonClass: 96K(192K)->96K(192K) Class: 4K(128K)->4K(128K)
[2024-08-27T15:00:58.934+0000][info][gc             ] GC(751) Pause Young (Mixed) (G1 Evacuation Pause) 876M->777M(1024M) 11.402ms
[2024-08-27T15:00:58.934+0000][info][gc,cpu         ] GC(751) User=0.24s Sys=0.01s Real=0.01s
[2024-08-27T15:00:58.952+0000][info][gc,start       ] GC(752) Pause Young (Mixed) (G1 Evacuation Pause)
[2024-08-27T15:00:58.952+0000][info][gc,task        ] GC(752) Using 24 workers of 68 for evacuation
[2024-08-27T15:00:58.963+0000][info][gc,phases      ] GC(752)   Pre Evacuate Collection Set: 0.2ms
[2024-08-27T15:00:58.963+0000][info][gc,phases      ] GC(752)   Merge Heap Roots: 0.3ms
[2024-08-27T15:00:58.963+0000][info][gc,phases      ] GC(752)   Evacuate Collection Set: 10.1ms
[2024-08-27T15:00:58.963+0000][info][gc,phases      ] GC(752)   Post Evacuate Collection Set: 0.3ms
[2024-08-27T15:00:58.963+0000][info][gc,phases      ] GC(752)   Other: 0.2ms
[2024-08-27T15:00:58.963+0000][info][gc,heap        ] GC(752) Eden regions: 44->0(44)
[2024-08-27T15:00:58.963+0000][info][gc,heap        ] GC(752) Survivor regions: 7->7(7)
[2024-08-27T15:00:58.963+0000][info][gc,heap        ] GC(752) Old regions: 765->794
[2024-08-27T15:00:58.963+0000][info][gc,heap        ] GC(752) Archive regions: 2->2
[2024-08-27T15:00:58.963+0000][info][gc,heap        ] GC(752) Humongous regions: 5->5
[2024-08-27T15:00:58.963+0000][info][gc,metaspace   ] GC(752) Metaspace: 100K(320K)->100K(320K) NonClass: 96K(192K)->96K(192K) Class: 4K(128K)->4K(128K)
[2024-08-27T15:00:58.963+0000][info][gc             ] GC(752) Pause Young (Mixed) (G1 Evacuation Pause) 821M->806M(1024M) 11.163ms
[2024-08-27T15:00:58.963+0000][info][gc,cpu         ] GC(752) User=0.25s Sys=0.00s Real=0.01s
[2024-08-27T15:00:58.982+0000][info][gc,start       ] GC(753) Pause Young (Concurrent Start) (G1 Evacuation Pause)
[2024-08-27T15:00:58.982+0000][info][gc,task        ] GC(753) Using 24 workers of 68 for evacuation
[2024-08-27T15:00:58.993+0000][info][gc,phases      ] GC(753)   Pre Evacuate Collection Set: 0.2ms
[2024-08-27T15:00:58.993+0000][info][gc,phases      ] GC(753)   Merge Heap Roots: 0.4ms
[2024-08-27T15:00:58.993+0000][info][gc,phases      ] GC(753)   Evacuate Collection Set: 9.7ms
[2024-08-27T15:00:58.993+0000][info][gc,phases      ] GC(753)   Post Evacuate Collection Set: 0.3ms
[2024-08-27T15:00:58.993+0000][info][gc,phases      ] GC(753)   Other: 0.8ms
[2024-08-27T15:00:58.993+0000][info][gc,heap        ] GC(753) Eden regions: 44->0(44)
[2024-08-27T15:00:58.993+0000][info][gc,heap        ] GC(753) Survivor regions: 7->7(7)
[2024-08-27T15:00:58.993+0000][info][gc,heap        ] GC(753) Old regions: 794->841
[2024-08-27T15:00:58.993+0000][info][gc,heap        ] GC(753) Archive regions: 2->2
[2024-08-27T15:00:58.993+0000][info][gc,heap        ] GC(753) Humongous regions: 5->5
[2024-08-27T15:00:58.993+0000][info][gc,metaspace   ] GC(753) Metaspace: 100K(320K)->100K(320K) NonClass: 96K(192K)->96K(192K) Class: 4K(128K)->4K(128K)
[2024-08-27T15:00:58.993+0000][info][gc             ] GC(753) Pause Young (Concurrent Start) (G1 Evacuation Pause) 850M->853M(1024M) 11.584ms
[2024-08-27T15:00:58.993+0000][info][gc,cpu         ] GC(753) User=0.24s Sys=0.00s Real=0.01s
[2024-08-27T15:00:58.993+0000][info][gc             ] GC(754) Concurrent Mark Cycle
[2024-08-27T15:00:58.993+0000][info][gc,marking     ] GC(754) Concurrent Clear Claimed Marks
[2024-08-27T15:00:58.993+0000][info][gc,marking     ] GC(754) Concurrent Clear Claimed Marks 0.011ms
[2024-08-27T15:00:58.993+0000][info][gc,marking     ] GC(754) Concurrent Scan Root Regions
[2024-08-27T15:00:58.995+0000][info][gc,marking     ] GC(754) Concurrent Scan Root Regions 1.564ms
[2024-08-27T15:00:58.995+0000][info][gc,marking     ] GC(754) Concurrent Mark
[2024-08-27T15:00:58.995+0000][info][gc,marking     ] GC(754) Concurrent Mark From Roots
[2024-08-27T15:00:58.995+0000][info][gc,task        ] GC(754) Using 17 workers of 17 for marking
[2024-08-27T15:00:59.017+0000][info][gc,marking     ] GC(754) Concurrent Mark From Roots 21.566ms
[2024-08-27T15:00:59.017+0000][info][gc,marking     ] GC(754) Concurrent Preclean
[2024-08-27T15:00:59.017+0000][info][gc,marking     ] GC(754) Concurrent Preclean 0.503ms
[2024-08-27T15:00:59.018+0000][info][gc,start       ] GC(754) Pause Remark
[2024-08-27T15:00:59.019+0000][info][gc             ] GC(754) Pause Remark 883M->883M(1024M) 1.665ms
[2024-08-27T15:00:59.019+0000][info][gc,cpu         ] GC(754) User=0.01s Sys=0.00s Real=0.00s
[2024-08-27T15:00:59.019+0000][info][gc,marking     ] GC(754) Concurrent Mark 24.281ms
[2024-08-27T15:00:59.019+0000][info][gc,marking     ] GC(754) Concurrent Rebuild Remembered Sets
[2024-08-27T15:00:59.030+0000][info][gc,start       ] GC(755) Pause Young (Normal) (G1 Evacuation Pause)
[2024-08-27T15:00:59.030+0000][info][gc,task        ] GC(755) Using 24 workers of 68 for evacuation
[2024-08-27T15:00:59.041+0000][info][gc,phases      ] GC(755)   Pre Evacuate Collection Set: 0.2ms
[2024-08-27T15:00:59.041+0000][info][gc,phases      ] GC(755)   Merge Heap Roots: 0.4ms
[2024-08-27T15:00:59.041+0000][info][gc,phases      ] GC(755)   Evacuate Collection Set: 9.1ms
[2024-08-27T15:00:59.041+0000][info][gc,phases      ] GC(755)   Post Evacuate Collection Set: 0.5ms
[2024-08-27T15:00:59.041+0000][info][gc,phases      ] GC(755)   Other: 0.3ms
[2024-08-27T15:00:59.041+0000][info][gc,heap        ] GC(755) Eden regions: 44->0(44)
[2024-08-27T15:00:59.041+0000][info][gc,heap        ] GC(755) Survivor regions: 7->7(7)
[2024-08-27T15:00:59.041+0000][info][gc,heap        ] GC(755) Old regions: 841->887
[2024-08-27T15:00:59.041+0000][info][gc,heap        ] GC(755) Archive regions: 2->2
[2024-08-27T15:00:59.041+0000][info][gc,heap        ] GC(755) Humongous regions: 5->5
[2024-08-27T15:00:59.041+0000][info][gc,metaspace   ] GC(755) Metaspace: 100K(320K)->100K(320K) NonClass: 96K(192K)->96K(192K) Class: 4K(128K)->4K(128K)
[2024-08-27T15:00:59.041+0000][info][gc             ] GC(755) Pause Young (Normal) (G1 Evacuation Pause) 897M->899M(1024M) 10.494ms
[2024-08-27T15:00:59.041+0000][info][gc,cpu         ] GC(755) User=0.22s Sys=0.00s Real=0.01s
[2024-08-27T15:00:59.071+0000][info][gc,marking     ] GC(754) Concurrent Rebuild Remembered Sets 51.354ms
[2024-08-27T15:00:59.071+0000][info][gc,start       ] GC(754) Pause Cleanup
[2024-08-27T15:00:59.074+0000][info][gc             ] GC(754) Pause Cleanup 941M->941M(1024M) 2.974ms
[2024-08-27T15:00:59.074+0000][info][gc,cpu         ] GC(754) User=0.01s Sys=0.00s Real=0.00s
[2024-08-27T15:00:59.074+0000][info][gc,marking     ] GC(754) Concurrent Cleanup for Next Mark
[2024-08-27T15:00:59.075+0000][info][gc,marking     ] GC(754) Concurrent Cleanup for Next Mark 0.700ms
[2024-08-27T15:00:59.075+0000][info][gc             ] GC(754) Concurrent Mark Cycle 81.699ms
[2024-08-27T15:00:59.076+0000][info][gc,start       ] GC(756) Pause Young (Prepare Mixed) (G1 Evacuation Pause)
[2024-08-27T15:00:59.076+0000][info][gc,task        ] GC(756) Using 24 workers of 68 for evacuation
[2024-08-27T15:00:59.091+0000][info][gc,phases      ] GC(756)   Pre Evacuate Collection Set: 0.2ms
[2024-08-27T15:00:59.091+0000][info][gc,phases      ] GC(756)   Merge Heap Roots: 0.5ms
[2024-08-27T15:00:59.091+0000][info][gc,phases      ] GC(756)   Evacuate Collection Set: 13.4ms
[2024-08-27T15:00:59.091+0000][info][gc,phases      ] GC(756)   Post Evacuate Collection Set: 0.4ms
[2024-08-27T15:00:59.091+0000][info][gc,phases      ] GC(756)   Other: 0.3ms
[2024-08-27T15:00:59.091+0000][info][gc,heap        ] GC(756) Eden regions: 44->0(44)
[2024-08-27T15:00:59.091+0000][info][gc,heap        ] GC(756) Survivor regions: 7->7(7)
[2024-08-27T15:00:59.091+0000][info][gc,heap        ] GC(756) Old regions: 887->934
[2024-08-27T15:00:59.091+0000][info][gc,heap        ] GC(756) Archive regions: 2->2
[2024-08-27T15:00:59.091+0000][info][gc,heap        ] GC(756) Humongous regions: 5->5
[2024-08-27T15:00:59.091+0000][info][gc,metaspace   ] GC(756) Metaspace: 100K(320K)->100K(320K) NonClass: 96K(192K)->96K(192K) Class: 4K(128K)->4K(128K)
[2024-08-27T15:00:59.091+0000][info][gc             ] GC(756) Pause Young (Prepare Mixed) (G1 Evacuation Pause) 943M->946M(1024M) 14.822ms
[2024-08-27T15:00:59.091+0000][info][gc,cpu         ] GC(756) User=0.33s Sys=0.00s Real=0.02s
[2024-08-27T15:00:59.106+0000][info][gc,start       ] GC(757) Pause Young (Mixed) (G1 Preventive Collection)
[2024-08-27T15:00:59.106+0000][info][gc,task        ] GC(757) Using 24 workers of 68 for evacuation
[2024-08-27T15:00:59.116+0000][info][gc,phases      ] GC(757)   Pre Evacuate Collection Set: 0.2ms
[2024-08-27T15:00:59.116+0000][info][gc,phases      ] GC(757)   Merge Heap Roots: 0.3ms
[2024-08-27T15:00:59.116+0000][info][gc,phases      ] GC(757)   Evacuate Collection Set: 8.4ms
[2024-08-27T15:00:59.116+0000][info][gc,phases      ] GC(757)   Post Evacuate Collection Set: 0.4ms
[2024-08-27T15:00:59.116+0000][info][gc,phases      ] GC(757)   Other: 0.3ms
[2024-08-27T15:00:59.116+0000][info][gc,heap        ] GC(757) Eden regions: 32->0(44)
[2024-08-27T15:00:59.116+0000][info][gc,heap        ] GC(757) Survivor regions: 7->7(7)
[2024-08-27T15:00:59.116+0000][info][gc,heap        ] GC(757) Old regions: 934->866
[2024-08-27T15:00:59.116+0000][info][gc,heap        ] GC(757) Archive regions: 2->2
[2024-08-27T15:00:59.116+0000][info][gc,heap        ] GC(757) Humongous regions: 5->5
[2024-08-27T15:00:59.116+0000][info][gc,metaspace   ] GC(757) Metaspace: 100K(320K)->100K(320K) NonClass: 96K(192K)->96K(192K) Class: 4K(128K)->4K(128K)
[2024-08-27T15:00:59.116+0000][info][gc             ] GC(757) Pause Young (Mixed) (G1 Preventive Collection) 978M->878M(1024M) 9.873ms
[2024-08-27T15:00:59.116+0000][info][gc,cpu         ] GC(757) User=0.20s Sys=0.00s Real=0.01s
[2024-08-27T15:00:59.135+0000][info][gc,start       ] GC(758) Pause Young (Mixed) (G1 Evacuation Pause)
[2024-08-27T15:00:59.135+0000][info][gc,task        ] GC(758) Using 24 workers of 68 for evacuation
[2024-08-27T15:00:59.146+0000][info][gc,phases      ] GC(758)   Pre Evacuate Collection Set: 0.3ms
[2024-08-27T15:00:59.146+0000][info][gc,phases      ] GC(758)   Merge Heap Roots: 0.4ms
[2024-08-27T15:00:59.146+0000][info][gc,phases      ] GC(758)   Evacuate Collection Set: 9.8ms
[2024-08-27T15:00:59.146+0000][info][gc,phases      ] GC(758)   Post Evacuate Collection Set: 0.4ms
[2024-08-27T15:00:59.146+0000][info][gc,phases      ] GC(758)   Other: 0.4ms
[2024-08-27T15:00:59.146+0000][info][gc,heap        ] GC(758) Eden regions: 44->0(44)
[2024-08-27T15:00:59.146+0000][info][gc,heap        ] GC(758) Survivor regions: 7->7(7)
[2024-08-27T15:00:59.146+0000][info][gc,heap        ] GC(758) Old regions: 866->809
[2024-08-27T15:00:59.146+0000][info][gc,heap        ] GC(758) Archive regions: 2->2
[2024-08-27T15:00:59.146+0000][info][gc,heap        ] GC(758) Humongous regions: 5->5
[2024-08-27T15:00:59.146+0000][info][gc,metaspace   ] GC(758) Metaspace: 100K(320K)->100K(320K) NonClass: 96K(192K)->96K(192K) Class: 4K(128K)->4K(128K)
[2024-08-27T15:00:59.146+0000][info][gc             ] GC(758) Pause Young (Mixed) (G1 Evacuation Pause) 922M->821M(1024M) 11.351ms
[2024-08-27T15:00:59.146+0000][info][gc,cpu         ] GC(758) User=0.24s Sys=0.00s Real=0.01s
[2024-08-27T15:00:59.164+0000][info][gc,start       ] GC(759) Pause Young (Mixed) (G1 Evacuation Pause)
[2024-08-27T15:00:59.165+0000][info][gc,task        ] GC(759) Using 24 workers of 68 for evacuation
[2024-08-27T15:00:59.176+0000][info][gc,phases      ] GC(759)   Pre Evacuate Collection Set: 0.2ms
[2024-08-27T15:00:59.176+0000][info][gc,phases      ] GC(759)   Merge Heap Roots: 0.4ms
[2024-08-27T15:00:59.176+0000][info][gc,phases      ] GC(759)   Evacuate Collection Set: 9.9ms
[2024-08-27T15:00:59.176+0000][info][gc,phases      ] GC(759)   Post Evacuate Collection Set: 0.4ms
[2024-08-27T15:00:59.176+0000][info][gc,phases      ] GC(759)   Other: 0.4ms
[2024-08-27T15:00:59.176+0000][info][gc,heap        ] GC(759) Eden regions: 44->0(44)
[2024-08-27T15:00:59.176+0000][info][gc,heap        ] GC(759) Survivor regions: 7->7(7)
[2024-08-27T15:00:59.176+0000][info][gc,heap        ] GC(759) Old regions: 809->752
[2024-08-27T15:00:59.176+0000][info][gc,heap        ] GC(759) Archive regions: 2->2
[2024-08-27T15:00:59.176+0000][info][gc,heap        ] GC(759) Humongous regions: 5->5
[2024-08-27T15:00:59.176+0000][info][gc,metaspace   ] GC(759) Metaspace: 100K(320K)->100K(320K) NonClass: 96K(192K)->96K(192K) Class: 4K(128K)->4K(128K)
[2024-08-27T15:00:59.176+0000][info][gc             ] GC(759) Pause Young (Mixed) (G1 Evacuation Pause) 865M->764M(1024M) 11.382ms
[2024-08-27T15:00:59.176+0000][info][gc,cpu         ] GC(759) User=0.25s Sys=0.00s Real=0.01s
[2024-08-27T15:00:59.194+0000][info][gc,start       ] GC(760) Pause Young (Mixed) (G1 Evacuation Pause)
[2024-08-27T15:00:59.195+0000][info][gc,task        ] GC(760) Using 24 workers of 68 for evacuation
[2024-08-27T15:00:59.205+0000][info][gc,phases      ] GC(760)   Pre Evacuate Collection Set: 0.2ms
[2024-08-27T15:00:59.205+0000][info][gc,phases      ] GC(760)   Merge Heap Roots: 0.3ms
[2024-08-27T15:00:59.205+0000][info][gc,phases      ] GC(760)   Evacuate Collection Set: 9.5ms
[2024-08-27T15:00:59.205+0000][info][gc,phases      ] GC(760)   Post Evacuate Collection Set: 0.4ms
[2024-08-27T15:00:59.205+0000][info][gc,phases      ] GC(760)   Other: 0.3ms
[2024-08-27T15:00:59.205+0000][info][gc,heap        ] GC(760) Eden regions: 44->0(46)
[2024-08-27T15:00:59.205+0000][info][gc,heap        ] GC(760) Survivor regions: 7->7(7)
[2024-08-27T15:00:59.205+0000][info][gc,heap        ] GC(760) Old regions: 752->760
[2024-08-27T15:00:59.205+0000][info][gc,heap        ] GC(760) Archive regions: 2->2
[2024-08-27T15:00:59.205+0000][info][gc,heap        ] GC(760) Humongous regions: 5->5
[2024-08-27T15:00:59.205+0000][info][gc,metaspace   ] GC(760) Metaspace: 100K(320K)->100K(320K) NonClass: 96K(192K)->96K(192K) Class: 4K(128K)->4K(128K)
[2024-08-27T15:00:59.205+0000][info][gc             ] GC(760) Pause Young (Mixed) (G1 Evacuation Pause) 808M->772M(1024M) 10.878ms
[2024-08-27T15:00:59.205+0000][info][gc,cpu         ] GC(760) User=0.23s Sys=0.00s Real=0.01s
[2024-08-27T15:00:59.224+0000][info][gc,start       ] GC(761) Pause Young (Concurrent Start) (G1 Evacuation Pause)
[2024-08-27T15:00:59.224+0000][info][gc,task        ] GC(761) Using 24 workers of 68 for evacuation
[2024-08-27T15:00:59.236+0000][info][gc,phases      ] GC(761)   Pre Evacuate Collection Set: 0.2ms
[2024-08-27T15:00:59.236+0000][info][gc,phases      ] GC(761)   Merge Heap Roots: 0.4ms
[2024-08-27T15:00:59.236+0000][info][gc,phases      ] GC(761)   Evacuate Collection Set: 10.2ms
[2024-08-27T15:00:59.236+0000][info][gc,phases      ] GC(761)   Post Evacuate Collection Set: 0.4ms
[2024-08-27T15:00:59.236+0000][info][gc,phases      ] GC(761)   Other: 1.0ms
[2024-08-27T15:00:59.236+0000][info][gc,heap        ] GC(761) Eden regions: 46->0(44)
[2024-08-27T15:00:59.236+0000][info][gc,heap        ] GC(761) Survivor regions: 7->7(7)
[2024-08-27T15:00:59.237+0000][info][gc,heap        ] GC(761) Old regions: 760->809
[2024-08-27T15:00:59.237+0000][info][gc,heap        ] GC(761) Archive regions: 2->2
[2024-08-27T15:00:59.237+0000][info][gc,heap        ] GC(761) Humongous regions: 5->5
[2024-08-27T15:00:59.237+0000][info][gc,metaspace   ] GC(761) Metaspace: 100K(320K)->100K(320K) NonClass: 96K(192K)->96K(192K) Class: 4K(128K)->4K(128K)
[2024-08-27T15:00:59.237+0000][info][gc             ] GC(761) Pause Young (Concurrent Start) (G1 Evacuation Pause) 818M->821M(1024M) 12.245ms
[2024-08-27T15:00:59.237+0000][info][gc,cpu         ] GC(761) User=0.25s Sys=0.00s Real=0.01s
[2024-08-27T15:00:59.237+0000][info][gc             ] GC(762) Concurrent Mark Cycle
[2024-08-27T15:00:59.237+0000][info][gc,marking     ] GC(762) Concurrent Clear Claimed Marks
[2024-08-27T15:00:59.237+0000][info][gc,marking     ] GC(762) Concurrent Clear Claimed Marks 0.012ms
[2024-08-27T15:00:59.237+0000][info][gc,marking     ] GC(762) Concurrent Scan Root Regions
[2024-08-27T15:00:59.238+0000][info][gc,marking     ] GC(762) Concurrent Scan Root Regions 1.659ms
[2024-08-27T15:00:59.238+0000][info][gc,marking     ] GC(762) Concurrent Mark
[2024-08-27T15:00:59.238+0000][info][gc,marking     ] GC(762) Concurrent Mark From Roots
[2024-08-27T15:00:59.238+0000][info][gc,task        ] GC(762) Using 17 workers of 17 for marking
[2024-08-27T15:00:59.262+0000][info][gc,marking     ] GC(762) Concurrent Mark From Roots 23.616ms
[2024-08-27T15:00:59.262+0000][info][gc,marking     ] GC(762) Concurrent Preclean
[2024-08-27T15:00:59.263+0000][info][gc,marking     ] GC(762) Concurrent Preclean 0.505ms
[2024-08-27T15:00:59.263+0000][info][gc,start       ] GC(762) Pause Remark
[2024-08-27T15:00:59.265+0000][info][gc             ] GC(762) Pause Remark 850M->850M(1024M) 1.800ms
[2024-08-27T15:00:59.265+0000][info][gc,cpu         ] GC(762) User=0.01s Sys=0.00s Real=0.00s
[2024-08-27T15:00:59.265+0000][info][gc,marking     ] GC(762) Concurrent Mark 26.474ms
[2024-08-27T15:00:59.265+0000][info][gc,marking     ] GC(762) Concurrent Rebuild Remembered Sets
[2024-08-27T15:00:59.278+0000][info][gc,start       ] GC(763) Pause Young (Normal) (G1 Evacuation Pause)
[2024-08-27T15:00:59.278+0000][info][gc,task        ] GC(763) Using 24 workers of 68 for evacuation
[2024-08-27T15:00:59.289+0000][info][gc,phases      ] GC(763)   Pre Evacuate Collection Set: 0.2ms
[2024-08-27T15:00:59.289+0000][info][gc,phases      ] GC(763)   Merge Heap Roots: 0.4ms
[2024-08-27T15:00:59.289+0000][info][gc,phases      ] GC(763)   Evacuate Collection Set: 10.1ms
[2024-08-27T15:00:59.289+0000][info][gc,phases      ] GC(763)   Post Evacuate Collection Set: 0.5ms
[2024-08-27T15:00:59.289+0000][info][gc,phases      ] GC(763)   Other: 0.3ms
[2024-08-27T15:00:59.289+0000][info][gc,heap        ] GC(763) Eden regions: 44->0(44)
[2024-08-27T15:00:59.289+0000][info][gc,heap        ] GC(763) Survivor regions: 7->7(7)
[2024-08-27T15:00:59.289+0000][info][gc,heap        ] GC(763) Old regions: 809->856
[2024-08-27T15:00:59.289+0000][info][gc,heap        ] GC(763) Archive regions: 2->2
[2024-08-27T15:00:59.289+0000][info][gc,heap        ] GC(763) Humongous regions: 5->5
[2024-08-27T15:00:59.289+0000][info][gc,metaspace   ] GC(763) Metaspace: 100K(320K)->100K(320K) NonClass: 96K(192K)->96K(192K) Class: 4K(128K)->4K(128K)
[2024-08-27T15:00:59.289+0000][info][gc             ] GC(763) Pause Young (Normal) (G1 Evacuation Pause) 865M->868M(1024M) 11.573ms
[2024-08-27T15:00:59.289+0000][info][gc,cpu         ] GC(763) User=0.24s Sys=0.00s Real=0.00s
[2024-08-27T15:00:59.318+0000][info][gc,start       ] GC(764) Pause Young (Normal) (G1 Evacuation Pause)
[2024-08-27T15:00:59.318+0000][info][gc,task        ] GC(764) Using 24 workers of 68 for evacuation
[2024-08-27T15:00:59.332+0000][info][gc,phases      ] GC(764)   Pre Evacuate Collection Set: 0.2ms
[2024-08-27T15:00:59.332+0000][info][gc,phases      ] GC(764)   Merge Heap Roots: 0.4ms
[2024-08-27T15:00:59.332+0000][info][gc,phases      ] GC(764)   Evacuate Collection Set: 12.8ms
[2024-08-27T15:00:59.332+0000][info][gc,phases      ] GC(764)   Post Evacuate Collection Set: 0.6ms
[2024-08-27T15:00:59.332+0000][info][gc,phases      ] GC(764)   Other: 0.3ms
[2024-08-27T15:00:59.332+0000][info][gc,heap        ] GC(764) Eden regions: 44->0(44)
[2024-08-27T15:00:59.332+0000][info][gc,heap        ] GC(764) Survivor regions: 7->7(7)
[2024-08-27T15:00:59.332+0000][info][gc,heap        ] GC(764) Old regions: 856->903
[2024-08-27T15:00:59.332+0000][info][gc,heap        ] GC(764) Archive regions: 2->2
[2024-08-27T15:00:59.332+0000][info][gc,heap        ] GC(764) Humongous regions: 5->5
[2024-08-27T15:00:59.332+0000][info][gc,metaspace   ] GC(764) Metaspace: 100K(320K)->100K(320K) NonClass: 96K(192K)->96K(192K) Class: 4K(128K)->4K(128K)
[2024-08-27T15:00:59.333+0000][info][gc             ] GC(764) Pause Young (Normal) (G1 Evacuation Pause) 912M->915M(1024M) 14.527ms
[2024-08-27T15:00:59.333+0000][info][gc,cpu         ] GC(764) User=0.32s Sys=0.00s Real=0.01s
[2024-08-27T15:00:59.334+0000][info][gc,marking     ] GC(762) Concurrent Rebuild Remembered Sets 68.616ms
[2024-08-27T15:00:59.334+0000][info][gc,start       ] GC(762) Pause Cleanup
[2024-08-27T15:00:59.337+0000][info][gc             ] GC(762) Pause Cleanup 917M->917M(1024M) 2.871ms
[2024-08-27T15:00:59.337+0000][info][gc,cpu         ] GC(762) User=0.01s Sys=0.00s Real=0.00s
[2024-08-27T15:00:59.337+0000][info][gc,marking     ] GC(762) Concurrent Cleanup for Next Mark
[2024-08-27T15:00:59.338+0000][info][gc,marking     ] GC(762) Concurrent Cleanup for Next Mark 0.708ms
[2024-08-27T15:00:59.338+0000][info][gc             ] GC(762) Concurrent Mark Cycle 100.851ms
[2024-08-27T15:00:59.357+0000][info][gc,start       ] GC(765) Pause Young (Prepare Mixed) (G1 Evacuation Pause)
[2024-08-27T15:00:59.357+0000][info][gc,task        ] GC(765) Using 24 workers of 68 for evacuation
[2024-08-27T15:00:59.373+0000][info][gc,phases      ] GC(765)   Pre Evacuate Collection Set: 0.2ms
[2024-08-27T15:00:59.373+0000][info][gc,phases      ] GC(765)   Merge Heap Roots: 0.7ms
[2024-08-27T15:00:59.373+0000][info][gc,phases      ] GC(765)   Evacuate Collection Set: 14.3ms
[2024-08-27T15:00:59.373+0000][info][gc,phases      ] GC(765)   Post Evacuate Collection Set: 0.3ms
[2024-08-27T15:00:59.373+0000][info][gc,phases      ] GC(765)   Other: 0.3ms
[2024-08-27T15:00:59.373+0000][info][gc,heap        ] GC(765) Eden regions: 44->0(44)
[2024-08-27T15:00:59.373+0000][info][gc,heap        ] GC(765) Survivor regions: 7->7(7)
[2024-08-27T15:00:59.373+0000][info][gc,heap        ] GC(765) Old regions: 903->950
[2024-08-27T15:00:59.373+0000][info][gc,heap        ] GC(765) Archive regions: 2->2
[2024-08-27T15:00:59.373+0000][info][gc,heap        ] GC(765) Humongous regions: 5->5
[2024-08-27T15:00:59.373+0000][info][gc,metaspace   ] GC(765) Metaspace: 100K(320K)->100K(320K) NonClass: 96K(192K)->96K(192K) Class: 4K(128K)->4K(128K)
[2024-08-27T15:00:59.373+0000][info][gc             ] GC(765) Pause Young (Prepare Mixed) (G1 Evacuation Pause) 959M->962M(1024M) 15.753ms
[2024-08-27T15:00:59.373+0000][info][gc,cpu         ] GC(765) User=0.35s Sys=0.01s Real=0.02s
[2024-08-27T15:00:59.384+0000][info][gc,start       ] GC(766) Pause Young (Mixed) (G1 Preventive Collection)
[2024-08-27T15:00:59.384+0000][info][gc,task        ] GC(766) Using 24 workers of 68 for evacuation
[2024-08-27T15:00:59.392+0000][info][gc,phases      ] GC(766)   Pre Evacuate Collection Set: 0.2ms
[2024-08-27T15:00:59.392+0000][info][gc,phases      ] GC(766)   Merge Heap Roots: 0.3ms
[2024-08-27T15:00:59.392+0000][info][gc,phases      ] GC(766)   Evacuate Collection Set: 7.2ms
[2024-08-27T15:00:59.392+0000][info][gc,phases      ] GC(766)   Post Evacuate Collection Set: 0.4ms
[2024-08-27T15:00:59.392+0000][info][gc,phases      ] GC(766)   Other: 0.2ms
[2024-08-27T15:00:59.392+0000][info][gc,heap        ] GC(766) Eden regions: 24->0(44)
[2024-08-27T15:00:59.392+0000][info][gc,heap        ] GC(766) Survivor regions: 7->7(7)
[2024-08-27T15:00:59.392+0000][info][gc,heap        ] GC(766) Old regions: 950->875
[2024-08-27T15:00:59.392+0000][info][gc,heap        ] GC(766) Archive regions: 2->2
[2024-08-27T15:00:59.392+0000][info][gc,heap        ] GC(766) Humongous regions: 5->5
[2024-08-27T15:00:59.392+0000][info][gc,metaspace   ] GC(766) Metaspace: 100K(320K)->100K(320K) NonClass: 96K(192K)->96K(192K) Class: 4K(128K)->4K(128K)
[2024-08-27T15:00:59.392+0000][info][gc             ] GC(766) Pause Young (Mixed) (G1 Preventive Collection) 986M->887M(1024M) 8.374ms
[2024-08-27T15:00:59.392+0000][info][gc,cpu         ] GC(766) User=0.18s Sys=0.00s Real=0.01s
[2024-08-27T15:00:59.411+0000][info][gc,start       ] GC(767) Pause Young (Mixed) (G1 Evacuation Pause)
[2024-08-27T15:00:59.411+0000][info][gc,task        ] GC(767) Using 24 workers of 68 for evacuation
[2024-08-27T15:00:59.422+0000][info][gc,phases      ] GC(767)   Pre Evacuate Collection Set: 0.2ms
[2024-08-27T15:00:59.422+0000][info][gc,phases      ] GC(767)   Merge Heap Roots: 0.4ms
[2024-08-27T15:00:59.422+0000][info][gc,phases      ] GC(767)   Evacuate Collection Set: 10.2ms
[2024-08-27T15:00:59.422+0000][info][gc,phases      ] GC(767)   Post Evacuate Collection Set: 0.4ms
[2024-08-27T15:00:59.422+0000][info][gc,phases      ] GC(767)   Other: 0.2ms
[2024-08-27T15:00:59.422+0000][info][gc,heap        ] GC(767) Eden regions: 44->0(44)
[2024-08-27T15:00:59.422+0000][info][gc,heap        ] GC(767) Survivor regions: 7->7(7)
[2024-08-27T15:00:59.422+0000][info][gc,heap        ] GC(767) Old regions: 875->818
[2024-08-27T15:00:59.422+0000][info][gc,heap        ] GC(767) Archive regions: 2->2
[2024-08-27T15:00:59.422+0000][info][gc,heap        ] GC(767) Humongous regions: 5->5
[2024-08-27T15:00:59.422+0000][info][gc,metaspace   ] GC(767) Metaspace: 100K(320K)->100K(320K) NonClass: 96K(192K)->96K(192K) Class: 4K(128K)->4K(128K)
[2024-08-27T15:00:59.422+0000][info][gc             ] GC(767) Pause Young (Mixed) (G1 Evacuation Pause) 931M->830M(1024M) 11.429ms
[2024-08-27T15:00:59.422+0000][info][gc,cpu         ] GC(767) User=0.26s Sys=0.00s Real=0.01s
[2024-08-27T15:00:59.441+0000][info][gc,start       ] GC(768) Pause Young (Mixed) (G1 Evacuation Pause)
[2024-08-27T15:00:59.441+0000][info][gc,task        ] GC(768) Using 24 workers of 68 for evacuation
[2024-08-27T15:00:59.452+0000][info][gc,phases      ] GC(768)   Pre Evacuate Collection Set: 0.2ms
[2024-08-27T15:00:59.452+0000][info][gc,phases      ] GC(768)   Merge Heap Roots: 0.4ms
[2024-08-27T15:00:59.452+0000][info][gc,phases      ] GC(768)   Evacuate Collection Set: 9.9ms
[2024-08-27T15:00:59.452+0000][info][gc,phases      ] GC(768)   Post Evacuate Collection Set: 0.4ms
[2024-08-27T15:00:59.452+0000][info][gc,phases      ] GC(768)   Other: 0.2ms
[2024-08-27T15:00:59.452+0000][info][gc,heap        ] GC(768) Eden regions: 44->0(44)
[2024-08-27T15:00:59.452+0000][info][gc,heap        ] GC(768) Survivor regions: 7->7(7)
[2024-08-27T15:00:59.452+0000][info][gc,heap        ] GC(768) Old regions: 818->763
[2024-08-27T15:00:59.452+0000][info][gc,heap        ] GC(768) Archive regions: 2->2
[2024-08-27T15:00:59.452+0000][info][gc,heap        ] GC(768) Humongous regions: 5->5
[2024-08-27T15:00:59.452+0000][info][gc,metaspace   ] GC(768) Metaspace: 100K(320K)->100K(320K) NonClass: 96K(192K)->96K(192K) Class: 4K(128K)->4K(128K)
[2024-08-27T15:00:59.452+0000][info][gc             ] GC(768) Pause Young (Mixed) (G1 Evacuation Pause) 874M->775M(1024M) 11.152ms
[2024-08-27T15:00:59.452+0000][info][gc,cpu         ] GC(768) User=0.24s Sys=0.00s Real=0.01s
[2024-08-27T15:00:59.470+0000][info][gc,start       ] GC(769) Pause Young (Mixed) (G1 Evacuation Pause)
[2024-08-27T15:00:59.470+0000][info][gc,task        ] GC(769) Using 24 workers of 68 for evacuation
[2024-08-27T15:00:59.481+0000][info][gc,phases      ] GC(769)   Pre Evacuate Collection Set: 0.2ms
[2024-08-27T15:00:59.481+0000][info][gc,phases      ] GC(769)   Merge Heap Roots: 0.3ms
[2024-08-27T15:00:59.481+0000][info][gc,phases      ] GC(769)   Evacuate Collection Set: 10.0ms
[2024-08-27T15:00:59.481+0000][info][gc,phases      ] GC(769)   Post Evacuate Collection Set: 0.3ms
[2024-08-27T15:00:59.481+0000][info][gc,phases      ] GC(769)   Other: 0.2ms
[2024-08-27T15:00:59.481+0000][info][gc,heap        ] GC(769) Eden regions: 44->0(44)
[2024-08-27T15:00:59.481+0000][info][gc,heap        ] GC(769) Survivor regions: 7->7(7)
[2024-08-27T15:00:59.481+0000][info][gc,heap        ] GC(769) Old regions: 763->801
[2024-08-27T15:00:59.481+0000][info][gc,heap        ] GC(769) Archive regions: 2->2
[2024-08-27T15:00:59.481+0000][info][gc,heap        ] GC(769) Humongous regions: 5->5
[2024-08-27T15:00:59.481+0000][info][gc,metaspace   ] GC(769) Metaspace: 100K(320K)->100K(320K) NonClass: 96K(192K)->96K(192K) Class: 4K(128K)->4K(128K)
[2024-08-27T15:00:59.481+0000][info][gc             ] GC(769) Pause Young (Mixed) (G1 Evacuation Pause) 819M->813M(1024M) 11.088ms
[2024-08-27T15:00:59.481+0000][info][gc,cpu         ] GC(769) User=0.24s Sys=0.00s Real=0.01s
[2024-08-27T15:00:59.500+0000][info][gc,start       ] GC(770) Pause Young (Concurrent Start) (G1 Evacuation Pause)
[2024-08-27T15:00:59.500+0000][info][gc,task        ] GC(770) Using 24 workers of 68 for evacuation
[2024-08-27T15:00:59.511+0000][info][gc,phases      ] GC(770)   Pre Evacuate Collection Set: 0.2ms
[2024-08-27T15:00:59.511+0000][info][gc,phases      ] GC(770)   Merge Heap Roots: 0.4ms
[2024-08-27T15:00:59.511+0000][info][gc,phases      ] GC(770)   Evacuate Collection Set: 9.5ms
[2024-08-27T15:00:59.511+0000][info][gc,phases      ] GC(770)   Post Evacuate Collection Set: 0.3ms
[2024-08-27T15:00:59.511+0000][info][gc,phases      ] GC(770)   Other: 0.8ms
[2024-08-27T15:00:59.511+0000][info][gc,heap        ] GC(770) Eden regions: 44->0(44)
[2024-08-27T15:00:59.511+0000][info][gc,heap        ] GC(770) Survivor regions: 7->7(7)
[2024-08-27T15:00:59.511+0000][info][gc,heap        ] GC(770) Old regions: 801->848
[2024-08-27T15:00:59.511+0000][info][gc,heap        ] GC(770) Archive regions: 2->2
[2024-08-27T15:00:59.511+0000][info][gc,heap        ] GC(770) Humongous regions: 5->5
[2024-08-27T15:00:59.511+0000][info][gc,metaspace   ] GC(770) Metaspace: 100K(320K)->100K(320K) NonClass: 96K(192K)->96K(192K) Class: 4K(128K)->4K(128K)
[2024-08-27T15:00:59.511+0000][info][gc             ] GC(770) Pause Young (Concurrent Start) (G1 Evacuation Pause) 857M->860M(1024M) 11.287ms
[2024-08-27T15:00:59.511+0000][info][gc,cpu         ] GC(770) User=0.24s Sys=0.00s Real=0.01s
[2024-08-27T15:00:59.511+0000][info][gc             ] GC(771) Concurrent Mark Cycle
[2024-08-27T15:00:59.511+0000][info][gc,marking     ] GC(771) Concurrent Clear Claimed Marks
[2024-08-27T15:00:59.511+0000][info][gc,marking     ] GC(771) Concurrent Clear Claimed Marks 0.013ms
[2024-08-27T15:00:59.511+0000][info][gc,marking     ] GC(771) Concurrent Scan Root Regions
[2024-08-27T15:00:59.513+0000][info][gc,marking     ] GC(771) Concurrent Scan Root Regions 1.578ms
[2024-08-27T15:00:59.513+0000][info][gc,marking     ] GC(771) Concurrent Mark
[2024-08-27T15:00:59.513+0000][info][gc,marking     ] GC(771) Concurrent Mark From Roots
[2024-08-27T15:00:59.513+0000][info][gc,task        ] GC(771) Using 17 workers of 17 for marking
[2024-08-27T15:00:59.534+0000][info][gc,marking     ] GC(771) Concurrent Mark From Roots 21.459ms
[2024-08-27T15:00:59.534+0000][info][gc,marking     ] GC(771) Concurrent Preclean
[2024-08-27T15:00:59.535+0000][info][gc,marking     ] GC(771) Concurrent Preclean 0.702ms
[2024-08-27T15:00:59.535+0000][info][gc,start       ] GC(771) Pause Remark
[2024-08-27T15:00:59.536+0000][info][gc             ] GC(771) Pause Remark 891M->891M(1024M) 1.049ms
[2024-08-27T15:00:59.536+0000][info][gc,cpu         ] GC(771) User=0.00s Sys=0.00s Real=0.00s
[2024-08-27T15:00:59.536+0000][info][gc,marking     ] GC(771) Concurrent Mark 23.576ms
[2024-08-27T15:00:59.536+0000][info][gc,marking     ] GC(771) Concurrent Rebuild Remembered Sets
[2024-08-27T15:00:59.547+0000][info][gc,start       ] GC(772) Pause Young (Normal) (G1 Evacuation Pause)
[2024-08-27T15:00:59.547+0000][info][gc,task        ] GC(772) Using 24 workers of 68 for evacuation
[2024-08-27T15:00:59.557+0000][info][gc,phases      ] GC(772)   Pre Evacuate Collection Set: 0.1ms
[2024-08-27T15:00:59.557+0000][info][gc,phases      ] GC(772)   Merge Heap Roots: 0.4ms
[2024-08-27T15:00:59.557+0000][info][gc,phases      ] GC(772)   Evacuate Collection Set: 9.2ms
[2024-08-27T15:00:59.557+0000][info][gc,phases      ] GC(772)   Post Evacuate Collection Set: 0.4ms
[2024-08-27T15:00:59.557+0000][info][gc,phases      ] GC(772)   Other: 0.2ms
[2024-08-27T15:00:59.557+0000][info][gc,heap        ] GC(772) Eden regions: 44->0(44)
[2024-08-27T15:00:59.557+0000][info][gc,heap        ] GC(772) Survivor regions: 7->7(7)
[2024-08-27T15:00:59.557+0000][info][gc,heap        ] GC(772) Old regions: 848->894
[2024-08-27T15:00:59.557+0000][info][gc,heap        ] GC(772) Archive regions: 2->2
[2024-08-27T15:00:59.557+0000][info][gc,heap        ] GC(772) Humongous regions: 5->5
[2024-08-27T15:00:59.557+0000][info][gc,metaspace   ] GC(772) Metaspace: 100K(320K)->100K(320K) NonClass: 96K(192K)->96K(192K) Class: 4K(128K)->4K(128K)
[2024-08-27T15:00:59.557+0000][info][gc             ] GC(772) Pause Young (Normal) (G1 Evacuation Pause) 904M->906M(1024M) 10.432ms
[2024-08-27T15:00:59.557+0000][info][gc,cpu         ] GC(772) User=0.23s Sys=0.00s Real=0.01s
[2024-08-27T15:00:59.588+0000][info][gc,marking     ] GC(771) Concurrent Rebuild Remembered Sets 51.224ms
[2024-08-27T15:00:59.588+0000][info][gc,start       ] GC(771) Pause Cleanup
[2024-08-27T15:00:59.591+0000][info][gc             ] GC(771) Pause Cleanup 949M->949M(1024M) 2.624ms
[2024-08-27T15:00:59.591+0000][info][gc,cpu         ] GC(771) User=0.00s Sys=0.00s Real=0.01s
[2024-08-27T15:00:59.591+0000][info][gc,marking     ] GC(771) Concurrent Cleanup for Next Mark
[2024-08-27T15:00:59.592+0000][info][gc,marking     ] GC(771) Concurrent Cleanup for Next Mark 0.715ms
[2024-08-27T15:00:59.592+0000][info][gc             ] GC(771) Concurrent Mark Cycle 80.575ms
[2024-08-27T15:00:59.592+0000][info][gc,start       ] GC(773) Pause Young (Prepare Mixed) (G1 Evacuation Pause)
[2024-08-27T15:00:59.592+0000][info][gc,task        ] GC(773) Using 24 workers of 68 for evacuation
[2024-08-27T15:00:59.606+0000][info][gc,phases      ] GC(773)   Pre Evacuate Collection Set: 0.2ms
[2024-08-27T15:00:59.606+0000][info][gc,phases      ] GC(773)   Merge Heap Roots: 0.5ms
[2024-08-27T15:00:59.606+0000][info][gc,phases      ] GC(773)   Evacuate Collection Set: 13.3ms
[2024-08-27T15:00:59.606+0000][info][gc,phases      ] GC(773)   Post Evacuate Collection Set: 0.3ms
[2024-08-27T15:00:59.606+0000][info][gc,phases      ] GC(773)   Other: 0.2ms
[2024-08-27T15:00:59.606+0000][info][gc,heap        ] GC(773) Eden regions: 44->0(44)
[2024-08-27T15:00:59.606+0000][info][gc,heap        ] GC(773) Survivor regions: 7->7(7)
[2024-08-27T15:00:59.606+0000][info][gc,heap        ] GC(773) Old regions: 894->941
[2024-08-27T15:00:59.606+0000][info][gc,heap        ] GC(773) Archive regions: 2->2
[2024-08-27T15:00:59.606+0000][info][gc,heap        ] GC(773) Humongous regions: 5->5
[2024-08-27T15:00:59.606+0000][info][gc,metaspace   ] GC(773) Metaspace: 100K(320K)->100K(320K) NonClass: 96K(192K)->96K(192K) Class: 4K(128K)->4K(128K)
[2024-08-27T15:00:59.606+0000][info][gc             ] GC(773) Pause Young (Prepare Mixed) (G1 Evacuation Pause) 950M->953M(1024M) 14.435ms
[2024-08-27T15:00:59.606+0000][info][gc,cpu         ] GC(773) User=0.32s Sys=0.00s Real=0.01s
[2024-08-27T15:00:59.620+0000][info][gc,start       ] GC(774) Pause Young (Mixed) (G1 Preventive Collection)
[2024-08-27T15:00:59.620+0000][info][gc,task        ] GC(774) Using 24 workers of 68 for evacuation
[2024-08-27T15:00:59.629+0000][info][gc,phases      ] GC(774)   Pre Evacuate Collection Set: 0.2ms
[2024-08-27T15:00:59.629+0000][info][gc,phases      ] GC(774)   Merge Heap Roots: 0.4ms
[2024-08-27T15:00:59.629+0000][info][gc,phases      ] GC(774)   Evacuate Collection Set: 8.0ms
[2024-08-27T15:00:59.629+0000][info][gc,phases      ] GC(774)   Post Evacuate Collection Set: 0.3ms
[2024-08-27T15:00:59.629+0000][info][gc,phases      ] GC(774)   Other: 0.2ms
[2024-08-27T15:00:59.629+0000][info][gc,heap        ] GC(774) Eden regions: 29->0(44)
[2024-08-27T15:00:59.629+0000][info][gc,heap        ] GC(774) Survivor regions: 7->7(7)
[2024-08-27T15:00:59.629+0000][info][gc,heap        ] GC(774) Old regions: 941->871
[2024-08-27T15:00:59.629+0000][info][gc,heap        ] GC(774) Archive regions: 2->2
[2024-08-27T15:00:59.629+0000][info][gc,heap        ] GC(774) Humongous regions: 5->5
[2024-08-27T15:00:59.629+0000][info][gc,metaspace   ] GC(774) Metaspace: 100K(320K)->100K(320K) NonClass: 96K(192K)->96K(192K) Class: 4K(128K)->4K(128K)
[2024-08-27T15:00:59.629+0000][info][gc             ] GC(774) Pause Young (Mixed) (G1 Preventive Collection) 982M->883M(1024M) 9.090ms
[2024-08-27T15:00:59.629+0000][info][gc,cpu         ] GC(774) User=0.20s Sys=0.00s Real=0.00s
[2024-08-27T15:00:59.648+0000][info][gc,start       ] GC(775) Pause Young (Mixed) (G1 Evacuation Pause)
[2024-08-27T15:00:59.648+0000][info][gc,task        ] GC(775) Using 24 workers of 68 for evacuation
[2024-08-27T15:00:59.659+0000][info][gc,phases      ] GC(775)   Pre Evacuate Collection Set: 0.2ms
[2024-08-27T15:00:59.659+0000][info][gc,phases      ] GC(775)   Merge Heap Roots: 0.4ms
[2024-08-27T15:00:59.659+0000][info][gc,phases      ] GC(775)   Evacuate Collection Set: 10.0ms
[2024-08-27T15:00:59.659+0000][info][gc,phases      ] GC(775)   Post Evacuate Collection Set: 0.4ms
[2024-08-27T15:00:59.659+0000][info][gc,phases      ] GC(775)   Other: 0.2ms
[2024-08-27T15:00:59.659+0000][info][gc,heap        ] GC(775) Eden regions: 44->0(44)
[2024-08-27T15:00:59.659+0000][info][gc,heap        ] GC(775) Survivor regions: 7->7(7)
[2024-08-27T15:00:59.659+0000][info][gc,heap        ] GC(775) Old regions: 871->814
[2024-08-27T15:00:59.659+0000][info][gc,heap        ] GC(775) Archive regions: 2->2
[2024-08-27T15:00:59.659+0000][info][gc,heap        ] GC(775) Humongous regions: 5->5
[2024-08-27T15:00:59.659+0000][info][gc,metaspace   ] GC(775) Metaspace: 100K(320K)->100K(320K) NonClass: 96K(192K)->96K(192K) Class: 4K(128K)->4K(128K)
[2024-08-27T15:00:59.659+0000][info][gc             ] GC(775) Pause Young (Mixed) (G1 Evacuation Pause) 927M->826M(1024M) 11.310ms
[2024-08-27T15:00:59.659+0000][info][gc,cpu         ] GC(775) User=0.25s Sys=0.00s Real=0.02s
[2024-08-27T15:00:59.678+0000][info][gc,start       ] GC(776) Pause Young (Mixed) (G1 Evacuation Pause)
[2024-08-27T15:00:59.678+0000][info][gc,task        ] GC(776) Using 24 workers of 68 for evacuation
[2024-08-27T15:00:59.689+0000][info][gc,phases      ] GC(776)   Pre Evacuate Collection Set: 0.2ms
[2024-08-27T15:00:59.689+0000][info][gc,phases      ] GC(776)   Merge Heap Roots: 0.4ms
[2024-08-27T15:00:59.689+0000][info][gc,phases      ] GC(776)   Evacuate Collection Set: 9.8ms
[2024-08-27T15:00:59.689+0000][info][gc,phases      ] GC(776)   Post Evacuate Collection Set: 0.3ms
[2024-08-27T15:00:59.689+0000][info][gc,phases      ] GC(776)   Other: 0.3ms
[2024-08-27T15:00:59.689+0000][info][gc,heap        ] GC(776) Eden regions: 44->0(44)
[2024-08-27T15:00:59.689+0000][info][gc,heap        ] GC(776) Survivor regions: 7->7(7)
[2024-08-27T15:00:59.689+0000][info][gc,heap        ] GC(776) Old regions: 814->759
[2024-08-27T15:00:59.689+0000][info][gc,heap        ] GC(776) Archive regions: 2->2
[2024-08-27T15:00:59.689+0000][info][gc,heap        ] GC(776) Humongous regions: 5->5
[2024-08-27T15:00:59.689+0000][info][gc,metaspace   ] GC(776) Metaspace: 100K(320K)->100K(320K) NonClass: 96K(192K)->96K(192K) Class: 4K(128K)->4K(128K)
[2024-08-27T15:00:59.689+0000][info][gc             ] GC(776) Pause Young (Mixed) (G1 Evacuation Pause) 870M->771M(1024M) 11.083ms
[2024-08-27T15:00:59.689+0000][info][gc,cpu         ] GC(776) User=0.24s Sys=0.00s Real=0.00s
[2024-08-27T15:00:59.707+0000][info][gc,start       ] GC(777) Pause Young (Mixed) (G1 Evacuation Pause)
[2024-08-27T15:00:59.707+0000][info][gc,task        ] GC(777) Using 24 workers of 68 for evacuation
[2024-08-27T15:00:59.718+0000][info][gc,phases      ] GC(777)   Pre Evacuate Collection Set: 0.2ms
[2024-08-27T15:00:59.718+0000][info][gc,phases      ] GC(777)   Merge Heap Roots: 0.3ms
[2024-08-27T15:00:59.718+0000][info][gc,phases      ] GC(777)   Evacuate Collection Set: 9.6ms
[2024-08-27T15:00:59.718+0000][info][gc,phases      ] GC(777)   Post Evacuate Collection Set: 0.3ms
[2024-08-27T15:00:59.718+0000][info][gc,phases      ] GC(777)   Other: 0.2ms
[2024-08-27T15:00:59.718+0000][info][gc,heap        ] GC(777) Eden regions: 44->0(47)
[2024-08-27T15:00:59.718+0000][info][gc,heap        ] GC(777) Survivor regions: 7->7(7)
[2024-08-27T15:00:59.718+0000][info][gc,heap        ] GC(777) Old regions: 759->757
[2024-08-27T15:00:59.718+0000][info][gc,heap        ] GC(777) Archive regions: 2->2
[2024-08-27T15:00:59.718+0000][info][gc,heap        ] GC(777) Humongous regions: 5->5
[2024-08-27T15:00:59.718+0000][info][gc,metaspace   ] GC(777) Metaspace: 100K(320K)->100K(320K) NonClass: 96K(192K)->96K(192K) Class: 4K(128K)->4K(128K)
[2024-08-27T15:00:59.718+0000][info][gc             ] GC(777) Pause Young (Mixed) (G1 Evacuation Pause) 815M->769M(1024M) 10.754ms
[2024-08-27T15:00:59.718+0000][info][gc,cpu         ] GC(777) User=0.24s Sys=0.00s Real=0.02s
[2024-08-27T15:00:59.737+0000][info][gc,start       ] GC(778) Pause Young (Concurrent Start) (G1 Evacuation Pause)
[2024-08-27T15:00:59.737+0000][info][gc,task        ] GC(778) Using 24 workers of 68 for evacuation
[2024-08-27T15:00:59.748+0000][info][gc,phases      ] GC(778)   Pre Evacuate Collection Set: 0.1ms
[2024-08-27T15:00:59.748+0000][info][gc,phases      ] GC(778)   Merge Heap Roots: 0.4ms
[2024-08-27T15:00:59.748+0000][info][gc,phases      ] GC(778)   Evacuate Collection Set: 9.6ms
[2024-08-27T15:00:59.748+0000][info][gc,phases      ] GC(778)   Post Evacuate Collection Set: 0.3ms
[2024-08-27T15:00:59.748+0000][info][gc,phases      ] GC(778)   Other: 0.5ms
[2024-08-27T15:00:59.748+0000][info][gc,heap        ] GC(778) Eden regions: 47->0(44)
[2024-08-27T15:00:59.748+0000][info][gc,heap        ] GC(778) Survivor regions: 7->7(7)
[2024-08-27T15:00:59.748+0000][info][gc,heap        ] GC(778) Old regions: 757->807
[2024-08-27T15:00:59.748+0000][info][gc,heap        ] GC(778) Archive regions: 2->2
[2024-08-27T15:00:59.748+0000][info][gc,heap        ] GC(778) Humongous regions: 5->5
[2024-08-27T15:00:59.748+0000][info][gc,metaspace   ] GC(778) Metaspace: 100K(320K)->100K(320K) NonClass: 96K(192K)->96K(192K) Class: 4K(128K)->4K(128K)
[2024-08-27T15:00:59.748+0000][info][gc             ] GC(778) Pause Young (Concurrent Start) (G1 Evacuation Pause) 816M->819M(1024M) 11.041ms
[2024-08-27T15:00:59.748+0000][info][gc,cpu         ] GC(778) User=0.24s Sys=0.00s Real=0.01s
[2024-08-27T15:00:59.748+0000][info][gc             ] GC(779) Concurrent Mark Cycle
[2024-08-27T15:00:59.748+0000][info][gc,marking     ] GC(779) Concurrent Clear Claimed Marks
[2024-08-27T15:00:59.748+0000][info][gc,marking     ] GC(779) Concurrent Clear Claimed Marks 0.012ms
[2024-08-27T15:00:59.748+0000][info][gc,marking     ] GC(779) Concurrent Scan Root Regions
[2024-08-27T15:00:59.750+0000][info][gc,marking     ] GC(779) Concurrent Scan Root Regions 1.614ms
[2024-08-27T15:00:59.750+0000][info][gc,marking     ] GC(779) Concurrent Mark
[2024-08-27T15:00:59.750+0000][info][gc,marking     ] GC(779) Concurrent Mark From Roots
[2024-08-27T15:00:59.750+0000][info][gc,task        ] GC(779) Using 17 workers of 17 for marking
[2024-08-27T15:00:59.772+0000][info][gc,marking     ] GC(779) Concurrent Mark From Roots 22.202ms
[2024-08-27T15:00:59.772+0000][info][gc,marking     ] GC(779) Concurrent Preclean
[2024-08-27T15:00:59.773+0000][info][gc,marking     ] GC(779) Concurrent Preclean 0.719ms
[2024-08-27T15:00:59.773+0000][info][gc,start       ] GC(779) Pause Remark
[2024-08-27T15:00:59.774+0000][info][gc             ] GC(779) Pause Remark 851M->851M(1024M) 1.363ms
[2024-08-27T15:00:59.774+0000][info][gc,cpu         ] GC(779) User=0.01s Sys=0.00s Real=0.00s
[2024-08-27T15:00:59.774+0000][info][gc,marking     ] GC(779) Concurrent Mark 24.743ms
[2024-08-27T15:00:59.774+0000][info][gc,marking     ] GC(779) Concurrent Rebuild Remembered Sets
[2024-08-27T15:00:59.784+0000][info][gc,start       ] GC(780) Pause Young (Normal) (G1 Evacuation Pause)
[2024-08-27T15:00:59.784+0000][info][gc,task        ] GC(780) Using 24 workers of 68 for evacuation
[2024-08-27T15:00:59.796+0000][info][gc,phases      ] GC(780)   Pre Evacuate Collection Set: 0.2ms
[2024-08-27T15:00:59.796+0000][info][gc,phases      ] GC(780)   Merge Heap Roots: 0.4ms
[2024-08-27T15:00:59.796+0000][info][gc,phases      ] GC(780)   Evacuate Collection Set: 10.4ms
[2024-08-27T15:00:59.796+0000][info][gc,phases      ] GC(780)   Post Evacuate Collection Set: 0.4ms
[2024-08-27T15:00:59.796+0000][info][gc,phases      ] GC(780)   Other: 0.3ms
[2024-08-27T15:00:59.796+0000][info][gc,heap        ] GC(780) Eden regions: 44->0(44)
[2024-08-27T15:00:59.796+0000][info][gc,heap        ] GC(780) Survivor regions: 7->7(7)
[2024-08-27T15:00:59.796+0000][info][gc,heap        ] GC(780) Old regions: 807->853
[2024-08-27T15:00:59.796+0000][info][gc,heap        ] GC(780) Archive regions: 2->2
[2024-08-27T15:00:59.796+0000][info][gc,heap        ] GC(780) Humongous regions: 5->5
[2024-08-27T15:00:59.796+0000][info][gc,metaspace   ] GC(780) Metaspace: 100K(320K)->100K(320K) NonClass: 96K(192K)->96K(192K) Class: 4K(128K)->4K(128K)
[2024-08-27T15:00:59.796+0000][info][gc             ] GC(780) Pause Young (Normal) (G1 Evacuation Pause) 863M->865M(1024M) 11.664ms
[2024-08-27T15:00:59.796+0000][info][gc,cpu         ] GC(780) User=0.26s Sys=0.00s Real=0.01s
[2024-08-27T15:00:59.830+0000][info][gc,marking     ] GC(779) Concurrent Rebuild Remembered Sets 55.491ms
[2024-08-27T15:00:59.830+0000][info][gc,start       ] GC(779) Pause Cleanup
[2024-08-27T15:00:59.833+0000][info][gc             ] GC(779) Pause Cleanup 906M->906M(1024M) 2.522ms
[2024-08-27T15:00:59.833+0000][info][gc,cpu         ] GC(779) User=0.01s Sys=0.00s Real=0.00s
[2024-08-27T15:00:59.833+0000][info][gc,marking     ] GC(779) Concurrent Cleanup for Next Mark
[2024-08-27T15:00:59.834+0000][info][gc,marking     ] GC(779) Concurrent Cleanup for Next Mark 0.686ms
[2024-08-27T15:00:59.834+0000][info][gc             ] GC(779) Concurrent Mark Cycle 85.747ms
[2024-08-27T15:00:59.836+0000][info][gc,start       ] GC(781) Pause Young (Prepare Mixed) (G1 Evacuation Pause)
[2024-08-27T15:00:59.836+0000][info][gc,task        ] GC(781) Using 24 workers of 68 for evacuation
[2024-08-27T15:00:59.852+0000][info][gc,phases      ] GC(781)   Pre Evacuate Collection Set: 0.3ms
[2024-08-27T15:00:59.852+0000][info][gc,phases      ] GC(781)   Merge Heap Roots: 0.7ms
[2024-08-27T15:00:59.852+0000][info][gc,phases      ] GC(781)   Evacuate Collection Set: 14.4ms
[2024-08-27T15:00:59.852+0000][info][gc,phases      ] GC(781)   Post Evacuate Collection Set: 0.3ms
[2024-08-27T15:00:59.852+0000][info][gc,phases      ] GC(781)   Other: 0.3ms
[2024-08-27T15:00:59.852+0000][info][gc,heap        ] GC(781) Eden regions: 44->0(44)
[2024-08-27T15:00:59.852+0000][info][gc,heap        ] GC(781) Survivor regions: 7->7(7)
[2024-08-27T15:00:59.852+0000][info][gc,heap        ] GC(781) Old regions: 853->901
[2024-08-27T15:00:59.852+0000][info][gc,heap        ] GC(781) Archive regions: 2->2
[2024-08-27T15:00:59.852+0000][info][gc,heap        ] GC(781) Humongous regions: 5->5
[2024-08-27T15:00:59.852+0000][info][gc,metaspace   ] GC(781) Metaspace: 100K(320K)->100K(320K) NonClass: 96K(192K)->96K(192K) Class: 4K(128K)->4K(128K)
[2024-08-27T15:00:59.852+0000][info][gc             ] GC(781) Pause Young (Prepare Mixed) (G1 Evacuation Pause) 909M->913M(1024M) 16.065ms
[2024-08-27T15:00:59.852+0000][info][gc,cpu         ] GC(781) User=0.36s Sys=0.00s Real=0.02s
[2024-08-27T15:00:59.872+0000][info][gc,start       ] GC(782) Pause Young (Mixed) (G1 Evacuation Pause)
[2024-08-27T15:00:59.872+0000][info][gc,task        ] GC(782) Using 24 workers of 68 for evacuation
[2024-08-27T15:00:59.883+0000][info][gc,phases      ] GC(782)   Pre Evacuate Collection Set: 0.2ms
[2024-08-27T15:00:59.884+0000][info][gc,phases      ] GC(782)   Merge Heap Roots: 0.3ms
[2024-08-27T15:00:59.884+0000][info][gc,phases      ] GC(782)   Evacuate Collection Set: 10.3ms
[2024-08-27T15:00:59.884+0000][info][gc,phases      ] GC(782)   Post Evacuate Collection Set: 0.3ms
[2024-08-27T15:00:59.884+0000][info][gc,phases      ] GC(782)   Other: 0.2ms
[2024-08-27T15:00:59.884+0000][info][gc,heap        ] GC(782) Eden regions: 44->0(44)
[2024-08-27T15:00:59.884+0000][info][gc,heap        ] GC(782) Survivor regions: 7->7(7)
[2024-08-27T15:00:59.884+0000][info][gc,heap        ] GC(782) Old regions: 901->844
[2024-08-27T15:00:59.884+0000][info][gc,heap        ] GC(782) Archive regions: 2->2
[2024-08-27T15:00:59.884+0000][info][gc,heap        ] GC(782) Humongous regions: 5->5
[2024-08-27T15:00:59.884+0000][info][gc,metaspace   ] GC(782) Metaspace: 100K(320K)->100K(320K) NonClass: 96K(192K)->96K(192K) Class: 4K(128K)->4K(128K)
[2024-08-27T15:00:59.884+0000][info][gc             ] GC(782) Pause Young (Mixed) (G1 Evacuation Pause) 957M->856M(1024M) 11.374ms
[2024-08-27T15:00:59.884+0000][info][gc,cpu         ] GC(782) User=0.26s Sys=0.00s Real=0.01s
[2024-08-27T15:00:59.902+0000][info][gc,start       ] GC(783) Pause Young (Mixed) (G1 Evacuation Pause)
[2024-08-27T15:00:59.902+0000][info][gc,task        ] GC(783) Using 24 workers of 68 for evacuation
[2024-08-27T15:00:59.914+0000][info][gc,phases      ] GC(783)   Pre Evacuate Collection Set: 0.2ms
[2024-08-27T15:00:59.914+0000][info][gc,phases      ] GC(783)   Merge Heap Roots: 0.4ms
[2024-08-27T15:00:59.914+0000][info][gc,phases      ] GC(783)   Evacuate Collection Set: 10.3ms
[2024-08-27T15:00:59.914+0000][info][gc,phases      ] GC(783)   Post Evacuate Collection Set: 0.4ms
[2024-08-27T15:00:59.914+0000][info][gc,phases      ] GC(783)   Other: 0.3ms
[2024-08-27T15:00:59.914+0000][info][gc,heap        ] GC(783) Eden regions: 44->0(44)
[2024-08-27T15:00:59.914+0000][info][gc,heap        ] GC(783) Survivor regions: 7->7(7)
[2024-08-27T15:00:59.914+0000][info][gc,heap        ] GC(783) Old regions: 844->788
[2024-08-27T15:00:59.914+0000][info][gc,heap        ] GC(783) Archive regions: 2->2
[2024-08-27T15:00:59.914+0000][info][gc,heap        ] GC(783) Humongous regions: 5->5
[2024-08-27T15:00:59.914+0000][info][gc,metaspace   ] GC(783) Metaspace: 100K(320K)->100K(320K) NonClass: 96K(192K)->96K(192K) Class: 4K(128K)->4K(128K)
[2024-08-27T15:00:59.914+0000][info][gc             ] GC(783) Pause Young (Mixed) (G1 Evacuation Pause) 900M->800M(1024M) 11.573ms
[2024-08-27T15:00:59.914+0000][info][gc,cpu         ] GC(783) User=0.25s Sys=0.00s Real=0.01s
[2024-08-27T15:00:59.933+0000][info][gc,start       ] GC(784) Pause Young (Mixed) (G1 Evacuation Pause)
[2024-08-27T15:00:59.933+0000][info][gc,task        ] GC(784) Using 24 workers of 68 for evacuation
[2024-08-27T15:00:59.944+0000][info][gc,phases      ] GC(784)   Pre Evacuate Collection Set: 0.2ms
[2024-08-27T15:00:59.944+0000][info][gc,phases      ] GC(784)   Merge Heap Roots: 0.4ms
[2024-08-27T15:00:59.944+0000][info][gc,phases      ] GC(784)   Evacuate Collection Set: 9.9ms
[2024-08-27T15:00:59.944+0000][info][gc,phases      ] GC(784)   Post Evacuate Collection Set: 0.4ms
[2024-08-27T15:00:59.944+0000][info][gc,phases      ] GC(784)   Other: 0.2ms
[2024-08-27T15:00:59.944+0000][info][gc,heap        ] GC(784) Eden regions: 44->0(44)
[2024-08-27T15:00:59.944+0000][info][gc,heap        ] GC(784) Survivor regions: 7->7(7)
[2024-08-27T15:00:59.944+0000][info][gc,heap        ] GC(784) Old regions: 788->733
[2024-08-27T15:00:59.944+0000][info][gc,heap        ] GC(784) Archive regions: 2->2
[2024-08-27T15:00:59.944+0000][info][gc,heap        ] GC(784) Humongous regions: 5->5
[2024-08-27T15:00:59.944+0000][info][gc,metaspace   ] GC(784) Metaspace: 100K(320K)->100K(320K) NonClass: 96K(192K)->96K(192K) Class: 4K(128K)->4K(128K)
[2024-08-27T15:00:59.944+0000][info][gc             ] GC(784) Pause Young (Mixed) (G1 Evacuation Pause) 844M->745M(1024M) 11.246ms
[2024-08-27T15:00:59.944+0000][info][gc,cpu         ] GC(784) User=0.25s Sys=0.00s Real=0.01s
[2024-08-27T15:00:59.963+0000][info][gc,start       ] GC(785) Pause Young (Mixed) (G1 Evacuation Pause)
[2024-08-27T15:00:59.963+0000][info][gc,task        ] GC(785) Using 24 workers of 68 for evacuation
[2024-08-27T15:00:59.973+0000][info][gc,phases      ] GC(785)   Pre Evacuate Collection Set: 0.2ms
[2024-08-27T15:00:59.974+0000][info][gc,phases      ] GC(785)   Merge Heap Roots: 0.3ms
[2024-08-27T15:00:59.974+0000][info][gc,phases      ] GC(785)   Evacuate Collection Set: 9.7ms
[2024-08-27T15:00:59.974+0000][info][gc,phases      ] GC(785)   Post Evacuate Collection Set: 0.3ms
[2024-08-27T15:00:59.974+0000][info][gc,phases      ] GC(785)   Other: 0.3ms
[2024-08-27T15:00:59.974+0000][info][gc,heap        ] GC(785) Eden regions: 44->0(44)
[2024-08-27T15:00:59.974+0000][info][gc,heap        ] GC(785) Survivor regions: 7->7(7)
[2024-08-27T15:00:59.974+0000][info][gc,heap        ] GC(785) Old regions: 733->774
[2024-08-27T15:00:59.974+0000][info][gc,heap        ] GC(785) Archive regions: 2->2
[2024-08-27T15:00:59.974+0000][info][gc,heap        ] GC(785) Humongous regions: 5->5
[2024-08-27T15:00:59.974+0000][info][gc,metaspace   ] GC(785) Metaspace: 100K(320K)->100K(320K) NonClass: 96K(192K)->96K(192K) Class: 4K(128K)->4K(128K)
[2024-08-27T15:00:59.974+0000][info][gc             ] GC(785) Pause Young (Mixed) (G1 Evacuation Pause) 789M->786M(1024M) 10.864ms
[2024-08-27T15:00:59.974+0000][info][gc,cpu         ] GC(785) User=0.24s Sys=0.00s Real=0.01s
[2024-08-27T15:00:59.993+0000][info][gc,start       ] GC(786) Pause Young (Concurrent Start) (G1 Evacuation Pause)
[2024-08-27T15:00:59.993+0000][info][gc,task        ] GC(786) Using 24 workers of 68 for evacuation
[2024-08-27T15:01:00.004+0000][info][gc,phases      ] GC(786)   Pre Evacuate Collection Set: 0.2ms
[2024-08-27T15:01:00.004+0000][info][gc,phases      ] GC(786)   Merge Heap Roots: 0.3ms
[2024-08-27T15:01:00.004+0000][info][gc,phases      ] GC(786)   Evacuate Collection Set: 9.5ms
[2024-08-27T15:01:00.004+0000][info][gc,phases      ] GC(786)   Post Evacuate Collection Set: 0.3ms
[2024-08-27T15:01:00.004+0000][info][gc,phases      ] GC(786)   Other: 0.6ms
[2024-08-27T15:01:00.004+0000][info][gc,heap        ] GC(786) Eden regions: 44->0(44)
[2024-08-27T15:01:00.004+0000][info][gc,heap        ] GC(786) Survivor regions: 7->7(7)
[2024-08-27T15:01:00.004+0000][info][gc,heap        ] GC(786) Old regions: 774->820
[2024-08-27T15:01:00.004+0000][info][gc,heap        ] GC(786) Archive regions: 2->2
[2024-08-27T15:01:00.004+0000][info][gc,heap        ] GC(786) Humongous regions: 5->5
[2024-08-27T15:01:00.004+0000][info][gc,metaspace   ] GC(786) Metaspace: 100K(320K)->100K(320K) NonClass: 96K(192K)->96K(192K) Class: 4K(128K)->4K(128K)
[2024-08-27T15:01:00.004+0000][info][gc             ] GC(786) Pause Young (Concurrent Start) (G1 Evacuation Pause) 830M->832M(1024M) 11.017ms
[2024-08-27T15:01:00.004+0000][info][gc,cpu         ] GC(786) User=0.23s Sys=0.00s Real=0.01s
[2024-08-27T15:01:00.004+0000][info][gc             ] GC(787) Concurrent Mark Cycle
[2024-08-27T15:01:00.004+0000][info][gc,marking     ] GC(787) Concurrent Clear Claimed Marks
[2024-08-27T15:01:00.004+0000][info][gc,marking     ] GC(787) Concurrent Clear Claimed Marks 0.012ms
[2024-08-27T15:01:00.004+0000][info][gc,marking     ] GC(787) Concurrent Scan Root Regions
[2024-08-27T15:01:00.006+0000][info][gc,marking     ] GC(787) Concurrent Scan Root Regions 1.496ms
[2024-08-27T15:01:00.006+0000][info][gc,marking     ] GC(787) Concurrent Mark
[2024-08-27T15:01:00.006+0000][info][gc,marking     ] GC(787) Concurrent Mark From Roots
[2024-08-27T15:01:00.006+0000][info][gc,task        ] GC(787) Using 17 workers of 17 for marking
[2024-08-27T15:01:00.028+0000][info][gc,marking     ] GC(787) Concurrent Mark From Roots 22.584ms
[2024-08-27T15:01:00.028+0000][info][gc,marking     ] GC(787) Concurrent Preclean
[2024-08-27T15:01:00.029+0000][info][gc,marking     ] GC(787) Concurrent Preclean 0.707ms
[2024-08-27T15:01:00.029+0000][info][gc,start       ] GC(787) Pause Remark
[2024-08-27T15:01:00.031+0000][info][gc             ] GC(787) Pause Remark 863M->863M(1024M) 1.498ms
[2024-08-27T15:01:00.031+0000][info][gc,cpu         ] GC(787) User=0.00s Sys=0.00s Real=0.01s
[2024-08-27T15:01:00.031+0000][info][gc,marking     ] GC(787) Concurrent Mark 25.255ms
[2024-08-27T15:01:00.031+0000][info][gc,marking     ] GC(787) Concurrent Rebuild Remembered Sets
[2024-08-27T15:01:00.043+0000][info][gc,start       ] GC(788) Pause Young (Normal) (G1 Evacuation Pause)
[2024-08-27T15:01:00.043+0000][info][gc,task        ] GC(788) Using 24 workers of 68 for evacuation
[2024-08-27T15:01:00.053+0000][info][gc,phases      ] GC(788)   Pre Evacuate Collection Set: 0.2ms
[2024-08-27T15:01:00.054+0000][info][gc,phases      ] GC(788)   Merge Heap Roots: 0.4ms
[2024-08-27T15:01:00.054+0000][info][gc,phases      ] GC(788)   Evacuate Collection Set: 9.3ms
[2024-08-27T15:01:00.054+0000][info][gc,phases      ] GC(788)   Post Evacuate Collection Set: 0.4ms
[2024-08-27T15:01:00.054+0000][info][gc,phases      ] GC(788)   Other: 0.3ms
[2024-08-27T15:01:00.054+0000][info][gc,heap        ] GC(788) Eden regions: 44->0(44)
[2024-08-27T15:01:00.054+0000][info][gc,heap        ] GC(788) Survivor regions: 7->7(7)
[2024-08-27T15:01:00.054+0000][info][gc,heap        ] GC(788) Old regions: 820->865
[2024-08-27T15:01:00.054+0000][info][gc,heap        ] GC(788) Archive regions: 2->2
[2024-08-27T15:01:00.054+0000][info][gc,heap        ] GC(788) Humongous regions: 5->5
[2024-08-27T15:01:00.054+0000][info][gc,metaspace   ] GC(788) Metaspace: 100K(320K)->100K(320K) NonClass: 96K(192K)->96K(192K) Class: 4K(128K)->4K(128K)
[2024-08-27T15:01:00.054+0000][info][gc             ] GC(788) Pause Young (Normal) (G1 Evacuation Pause) 876M->877M(1024M) 10.668ms
[2024-08-27T15:01:00.054+0000][info][gc,cpu         ] GC(788) User=0.22s Sys=0.01s Real=0.01s
[2024-08-27T15:01:00.088+0000][info][gc,start       ] GC(789) Pause Young (Normal) (G1 Evacuation Pause)
[2024-08-27T15:01:00.088+0000][info][gc,task        ] GC(789) Using 24 workers of 68 for evacuation
[2024-08-27T15:01:00.102+0000][info][gc,phases      ] GC(789)   Pre Evacuate Collection Set: 0.2ms
[2024-08-27T15:01:00.102+0000][info][gc,phases      ] GC(789)   Merge Heap Roots: 0.4ms
[2024-08-27T15:01:00.103+0000][info][gc,phases      ] GC(789)   Evacuate Collection Set: 13.5ms
[2024-08-27T15:01:00.103+0000][info][gc,phases      ] GC(789)   Post Evacuate Collection Set: 0.5ms
[2024-08-27T15:01:00.103+0000][info][gc,phases      ] GC(789)   Other: 0.3ms
[2024-08-27T15:01:00.103+0000][info][gc,heap        ] GC(789) Eden regions: 44->0(44)
[2024-08-27T15:01:00.103+0000][info][gc,heap        ] GC(789) Survivor regions: 7->7(7)
[2024-08-27T15:01:00.103+0000][info][gc,heap        ] GC(789) Old regions: 865->912
[2024-08-27T15:01:00.103+0000][info][gc,heap        ] GC(789) Archive regions: 2->2
[2024-08-27T15:01:00.103+0000][info][gc,heap        ] GC(789) Humongous regions: 5->5
[2024-08-27T15:01:00.103+0000][info][gc,metaspace   ] GC(789) Metaspace: 100K(320K)->100K(320K) NonClass: 96K(192K)->96K(192K) Class: 4K(128K)->4K(128K)
[2024-08-27T15:01:00.103+0000][info][gc             ] GC(789) Pause Young (Normal) (G1 Evacuation Pause) 921M->924M(1024M) 14.976ms
[2024-08-27T15:01:00.103+0000][info][gc,cpu         ] GC(789) User=0.34s Sys=0.00s Real=0.02s
[2024-08-27T15:01:00.103+0000][info][gc,marking     ] GC(787) Concurrent Rebuild Remembered Sets 72.241ms
[2024-08-27T15:01:00.103+0000][info][gc,start       ] GC(787) Pause Cleanup
[2024-08-27T15:01:00.105+0000][info][gc             ] GC(787) Pause Cleanup 926M->926M(1024M) 1.394ms
[2024-08-27T15:01:00.105+0000][info][gc,cpu         ] GC(787) User=0.01s Sys=0.00s Real=0.00s
[2024-08-27T15:01:00.105+0000][info][gc,marking     ] GC(787) Concurrent Cleanup for Next Mark
[2024-08-27T15:01:00.106+0000][info][gc,marking     ] GC(787) Concurrent Cleanup for Next Mark 0.591ms
[2024-08-27T15:01:00.106+0000][info][gc             ] GC(787) Concurrent Mark Cycle 101.323ms
[2024-08-27T15:01:00.125+0000][info][gc,start       ] GC(790) Pause Young (Prepare Mixed) (G1 Preventive Collection)
[2024-08-27T15:01:00.125+0000][info][gc,task        ] GC(790) Using 24 workers of 68 for evacuation
[2024-08-27T15:01:00.140+0000][info][gc,phases      ] GC(790)   Pre Evacuate Collection Set: 0.2ms
[2024-08-27T15:01:00.140+0000][info][gc,phases      ] GC(790)   Merge Heap Roots: 0.6ms
[2024-08-27T15:01:00.140+0000][info][gc,phases      ] GC(790)   Evacuate Collection Set: 14.0ms
[2024-08-27T15:01:00.140+0000][info][gc,phases      ] GC(790)   Post Evacuate Collection Set: 0.3ms
[2024-08-27T15:01:00.140+0000][info][gc,phases      ] GC(790)   Other: 0.2ms
[2024-08-27T15:01:00.140+0000][info][gc,heap        ] GC(790) Eden regions: 43->0(44)
[2024-08-27T15:01:00.140+0000][info][gc,heap        ] GC(790) Survivor regions: 7->7(7)
[2024-08-27T15:01:00.140+0000][info][gc,heap        ] GC(790) Old regions: 912->958
[2024-08-27T15:01:00.140+0000][info][gc,heap        ] GC(790) Archive regions: 2->2
[2024-08-27T15:01:00.140+0000][info][gc,heap        ] GC(790) Humongous regions: 5->5
[2024-08-27T15:01:00.140+0000][info][gc,metaspace   ] GC(790) Metaspace: 100K(320K)->100K(320K) NonClass: 96K(192K)->96K(192K) Class: 4K(128K)->4K(128K)
[2024-08-27T15:01:00.140+0000][info][gc             ] GC(790) Pause Young (Prepare Mixed) (G1 Preventive Collection) 967M->970M(1024M) 15.286ms
[2024-08-27T15:01:00.140+0000][info][gc,cpu         ] GC(790) User=0.35s Sys=0.00s Real=0.02s
[2024-08-27T15:01:00.150+0000][info][gc,start       ] GC(791) Pause Young (Mixed) (G1 Preventive Collection)
[2024-08-27T15:01:00.150+0000][info][gc,task        ] GC(791) Using 24 workers of 68 for evacuation
[2024-08-27T15:01:00.158+0000][info][gc             ] GC(791) To-space exhausted
[2024-08-27T15:01:00.158+0000][info][gc,phases      ] GC(791)   Pre Evacuate Collection Set: 0.2ms
[2024-08-27T15:01:00.158+0000][info][gc,phases      ] GC(791)   Merge Heap Roots: 0.3ms
[2024-08-27T15:01:00.158+0000][info][gc,phases      ] GC(791)   Evacuate Collection Set: 6.5ms
[2024-08-27T15:01:00.158+0000][info][gc,phases      ] GC(791)   Post Evacuate Collection Set: 0.8ms
[2024-08-27T15:01:00.158+0000][info][gc,phases      ] GC(791)   Other: 0.2ms
[2024-08-27T15:01:00.158+0000][info][gc,heap        ] GC(791) Eden regions: 21->0(44)
[2024-08-27T15:01:00.158+0000][info][gc,heap        ] GC(791) Survivor regions: 7->7(7)
[2024-08-27T15:01:00.158+0000][info][gc,heap        ] GC(791) Old regions: 958->978
[2024-08-27T15:01:00.158+0000][info][gc,heap        ] GC(791) Archive regions: 2->2
[2024-08-27T15:01:00.158+0000][info][gc,heap        ] GC(791) Humongous regions: 5->5
[2024-08-27T15:01:00.158+0000][info][gc,metaspace   ] GC(791) Metaspace: 100K(320K)->100K(320K) NonClass: 96K(192K)->96K(192K) Class: 4K(128K)->4K(128K)
[2024-08-27T15:01:00.158+0000][info][gc             ] GC(791) Pause Young (Mixed) (G1 Preventive Collection) 991M->990M(1024M) 8.146ms
[2024-08-27T15:01:00.158+0000][info][gc,cpu         ] GC(791) User=0.17s Sys=0.00s Real=0.01s
[2024-08-27T15:01:00.163+0000][info][gc,start       ] GC(792) Pause Young (Mixed) (G1 Preventive Collection)
[2024-08-27T15:01:00.163+0000][info][gc,task        ] GC(792) Using 24 workers of 68 for evacuation
[2024-08-27T15:01:00.169+0000][info][gc,phases      ] GC(792)   Pre Evacuate Collection Set: 0.2ms
[2024-08-27T15:01:00.169+0000][info][gc,phases      ] GC(792)   Merge Heap Roots: 0.3ms
[2024-08-27T15:01:00.169+0000][info][gc,phases      ] GC(792)   Evacuate Collection Set: 4.5ms
[2024-08-27T15:01:00.169+0000][info][gc,phases      ] GC(792)   Post Evacuate Collection Set: 0.3ms
[2024-08-27T15:01:00.169+0000][info][gc,phases      ] GC(792)   Other: 0.2ms
[2024-08-27T15:01:00.169+0000][info][gc,heap        ] GC(792) Eden regions: 11->0(44)
[2024-08-27T15:01:00.169+0000][info][gc,heap        ] GC(792) Survivor regions: 7->7(7)
[2024-08-27T15:01:00.169+0000][info][gc,heap        ] GC(792) Old regions: 978->889
[2024-08-27T15:01:00.169+0000][info][gc,heap        ] GC(792) Archive regions: 2->2
[2024-08-27T15:01:00.169+0000][info][gc,heap        ] GC(792) Humongous regions: 5->5
[2024-08-27T15:01:00.169+0000][info][gc,metaspace   ] GC(792) Metaspace: 100K(320K)->100K(320K) NonClass: 96K(192K)->96K(192K) Class: 4K(128K)->4K(128K)
[2024-08-27T15:01:00.169+0000][info][gc             ] GC(792) Pause Young (Mixed) (G1 Preventive Collection) 1001M->901M(1024M) 5.526ms
[2024-08-27T15:01:00.169+0000][info][gc,cpu         ] GC(792) User=0.11s Sys=0.00s Real=0.00s
[2024-08-27T15:01:00.187+0000][info][gc,start       ] GC(793) Pause Young (Mixed) (G1 Evacuation Pause)
[2024-08-27T15:01:00.187+0000][info][gc,task        ] GC(793) Using 24 workers of 68 for evacuation
[2024-08-27T15:01:00.198+0000][info][gc,phases      ] GC(793)   Pre Evacuate Collection Set: 0.2ms
[2024-08-27T15:01:00.198+0000][info][gc,phases      ] GC(793)   Merge Heap Roots: 0.4ms
[2024-08-27T15:01:00.198+0000][info][gc,phases      ] GC(793)   Evacuate Collection Set: 9.7ms
[2024-08-27T15:01:00.198+0000][info][gc,phases      ] GC(793)   Post Evacuate Collection Set: 0.4ms
[2024-08-27T15:01:00.198+0000][info][gc,phases      ] GC(793)   Other: 0.3ms
[2024-08-27T15:01:00.198+0000][info][gc,heap        ] GC(793) Eden regions: 44->0(44)
[2024-08-27T15:01:00.198+0000][info][gc,heap        ] GC(793) Survivor regions: 7->7(7)
[2024-08-27T15:01:00.198+0000][info][gc,heap        ] GC(793) Old regions: 889->831
[2024-08-27T15:01:00.198+0000][info][gc,heap        ] GC(793) Archive regions: 2->2
[2024-08-27T15:01:00.198+0000][info][gc,heap        ] GC(793) Humongous regions: 5->5
[2024-08-27T15:01:00.198+0000][info][gc,metaspace   ] GC(793) Metaspace: 100K(320K)->100K(320K) NonClass: 96K(192K)->96K(192K) Class: 4K(128K)->4K(128K)
[2024-08-27T15:01:00.198+0000][info][gc             ] GC(793) Pause Young (Mixed) (G1 Evacuation Pause) 945M->843M(1024M) 11.145ms
[2024-08-27T15:01:00.198+0000][info][gc,cpu         ] GC(793) User=0.25s Sys=0.00s Real=0.02s
[2024-08-27T15:01:00.217+0000][info][gc,start       ] GC(794) Pause Young (Mixed) (G1 Evacuation Pause)
[2024-08-27T15:01:00.217+0000][info][gc,task        ] GC(794) Using 24 workers of 68 for evacuation
[2024-08-27T15:01:00.228+0000][info][gc,phases      ] GC(794)   Pre Evacuate Collection Set: 0.2ms
[2024-08-27T15:01:00.228+0000][info][gc,phases      ] GC(794)   Merge Heap Roots: 0.4ms
[2024-08-27T15:01:00.228+0000][info][gc,phases      ] GC(794)   Evacuate Collection Set: 10.0ms
[2024-08-27T15:01:00.228+0000][info][gc,phases      ] GC(794)   Post Evacuate Collection Set: 0.3ms
[2024-08-27T15:01:00.228+0000][info][gc,phases      ] GC(794)   Other: 0.3ms
[2024-08-27T15:01:00.228+0000][info][gc,heap        ] GC(794) Eden regions: 44->0(44)
[2024-08-27T15:01:00.228+0000][info][gc,heap        ] GC(794) Survivor regions: 7->7(7)
[2024-08-27T15:01:00.228+0000][info][gc,heap        ] GC(794) Old regions: 831->857
[2024-08-27T15:01:00.228+0000][info][gc,heap        ] GC(794) Archive regions: 2->2
[2024-08-27T15:01:00.228+0000][info][gc,heap        ] GC(794) Humongous regions: 5->5
[2024-08-27T15:01:00.228+0000][info][gc,metaspace   ] GC(794) Metaspace: 100K(320K)->100K(320K) NonClass: 96K(192K)->96K(192K) Class: 4K(128K)->4K(128K)
[2024-08-27T15:01:00.228+0000][info][gc             ] GC(794) Pause Young (Mixed) (G1 Evacuation Pause) 887M->869M(1024M) 11.209ms
[2024-08-27T15:01:00.228+0000][info][gc,cpu         ] GC(794) User=0.24s Sys=0.00s Real=0.01s
[2024-08-27T15:01:00.246+0000][info][gc,start       ] GC(795) Pause Young (Concurrent Start) (G1 Evacuation Pause)
[2024-08-27T15:01:00.246+0000][info][gc,task        ] GC(795) Using 24 workers of 68 for evacuation
[2024-08-27T15:01:00.257+0000][info][gc,phases      ] GC(795)   Pre Evacuate Collection Set: 0.2ms
[2024-08-27T15:01:00.257+0000][info][gc,phases      ] GC(795)   Merge Heap Roots: 0.3ms
[2024-08-27T15:01:00.257+0000][info][gc,phases      ] GC(795)   Evacuate Collection Set: 9.3ms
[2024-08-27T15:01:00.257+0000][info][gc,phases      ] GC(795)   Post Evacuate Collection Set: 0.3ms
[2024-08-27T15:01:00.257+0000][info][gc,phases      ] GC(795)   Other: 0.6ms
[2024-08-27T15:01:00.257+0000][info][gc,heap        ] GC(795) Eden regions: 44->0(44)
[2024-08-27T15:01:00.257+0000][info][gc,heap        ] GC(795) Survivor regions: 7->7(7)
[2024-08-27T15:01:00.257+0000][info][gc,heap        ] GC(795) Old regions: 857->903
[2024-08-27T15:01:00.257+0000][info][gc,heap        ] GC(795) Archive regions: 2->2
[2024-08-27T15:01:00.257+0000][info][gc,heap        ] GC(795) Humongous regions: 5->5
[2024-08-27T15:01:00.257+0000][info][gc,metaspace   ] GC(795) Metaspace: 100K(320K)->100K(320K) NonClass: 96K(192K)->96K(192K) Class: 4K(128K)->4K(128K)
[2024-08-27T15:01:00.257+0000][info][gc             ] GC(795) Pause Young (Concurrent Start) (G1 Evacuation Pause) 913M->915M(1024M) 10.796ms
[2024-08-27T15:01:00.257+0000][info][gc,cpu         ] GC(795) User=0.23s Sys=0.00s Real=0.01s
[2024-08-27T15:01:00.257+0000][info][gc             ] GC(796) Concurrent Mark Cycle
[2024-08-27T15:01:00.257+0000][info][gc,marking     ] GC(796) Concurrent Clear Claimed Marks
[2024-08-27T15:01:00.257+0000][info][gc,marking     ] GC(796) Concurrent Clear Claimed Marks 0.011ms
[2024-08-27T15:01:00.257+0000][info][gc,marking     ] GC(796) Concurrent Scan Root Regions
[2024-08-27T15:01:00.259+0000][info][gc,marking     ] GC(796) Concurrent Scan Root Regions 1.468ms
[2024-08-27T15:01:00.259+0000][info][gc,marking     ] GC(796) Concurrent Mark
[2024-08-27T15:01:00.259+0000][info][gc,marking     ] GC(796) Concurrent Mark From Roots
[2024-08-27T15:01:00.259+0000][info][gc,task        ] GC(796) Using 17 workers of 17 for marking
[2024-08-27T15:01:00.281+0000][info][gc,marking     ] GC(796) Concurrent Mark From Roots 22.017ms
[2024-08-27T15:01:00.281+0000][info][gc,marking     ] GC(796) Concurrent Preclean
[2024-08-27T15:01:00.281+0000][info][gc,marking     ] GC(796) Concurrent Preclean 0.504ms
[2024-08-27T15:01:00.282+0000][info][gc,start       ] GC(796) Pause Remark
[2024-08-27T15:01:00.283+0000][info][gc             ] GC(796) Pause Remark 947M->883M(1024M) 1.471ms
[2024-08-27T15:01:00.283+0000][info][gc,cpu         ] GC(796) User=0.01s Sys=0.00s Real=0.00s
[2024-08-27T15:01:00.283+0000][info][gc,marking     ] GC(796) Concurrent Mark 24.390ms
[2024-08-27T15:01:00.283+0000][info][gc,marking     ] GC(796) Concurrent Rebuild Remembered Sets
[2024-08-27T15:01:00.294+0000][info][gc,start       ] GC(797) Pause Young (Normal) (G1 Evacuation Pause)
[2024-08-27T15:01:00.294+0000][info][gc,task        ] GC(797) Using 24 workers of 68 for evacuation
[2024-08-27T15:01:00.304+0000][info][gc,phases      ] GC(797)   Pre Evacuate Collection Set: 0.2ms
[2024-08-27T15:01:00.304+0000][info][gc,phases      ] GC(797)   Merge Heap Roots: 0.4ms
[2024-08-27T15:01:00.304+0000][info][gc,phases      ] GC(797)   Evacuate Collection Set: 9.1ms
[2024-08-27T15:01:00.304+0000][info][gc,phases      ] GC(797)   Post Evacuate Collection Set: 0.4ms
[2024-08-27T15:01:00.304+0000][info][gc,phases      ] GC(797)   Other: 0.2ms
[2024-08-27T15:01:00.304+0000][info][gc,heap        ] GC(797) Eden regions: 44->0(44)
[2024-08-27T15:01:00.304+0000][info][gc,heap        ] GC(797) Survivor regions: 7->7(7)
[2024-08-27T15:01:00.304+0000][info][gc,heap        ] GC(797) Old regions: 839->885
[2024-08-27T15:01:00.304+0000][info][gc,heap        ] GC(797) Archive regions: 2->2
[2024-08-27T15:01:00.304+0000][info][gc,heap        ] GC(797) Humongous regions: 5->5
[2024-08-27T15:01:00.304+0000][info][gc,metaspace   ] GC(797) Metaspace: 100K(320K)->100K(320K) NonClass: 96K(192K)->96K(192K) Class: 4K(128K)->4K(128K)
[2024-08-27T15:01:00.304+0000][info][gc             ] GC(797) Pause Young (Normal) (G1 Evacuation Pause) 895M->897M(1024M) 10.428ms
[2024-08-27T15:01:00.304+0000][info][gc,cpu         ] GC(797) User=0.23s Sys=0.00s Real=0.01s
[2024-08-27T15:01:00.338+0000][info][gc,start       ] GC(798) Pause Young (Normal) (G1 Evacuation Pause)
[2024-08-27T15:01:00.338+0000][info][gc,task        ] GC(798) Using 24 workers of 68 for evacuation
[2024-08-27T15:01:00.354+0000][info][gc,phases      ] GC(798)   Pre Evacuate Collection Set: 0.2ms
[2024-08-27T15:01:00.354+0000][info][gc,phases      ] GC(798)   Merge Heap Roots: 0.5ms
[2024-08-27T15:01:00.354+0000][info][gc,phases      ] GC(798)   Evacuate Collection Set: 14.0ms
[2024-08-27T15:01:00.354+0000][info][gc,phases      ] GC(798)   Post Evacuate Collection Set: 0.6ms
[2024-08-27T15:01:00.354+0000][info][gc,phases      ] GC(798)   Other: 0.3ms
[2024-08-27T15:01:00.354+0000][info][gc,heap        ] GC(798) Eden regions: 44->0(44)
[2024-08-27T15:01:00.354+0000][info][gc,heap        ] GC(798) Survivor regions: 7->7(7)
[2024-08-27T15:01:00.354+0000][info][gc,heap        ] GC(798) Old regions: 885->931
[2024-08-27T15:01:00.354+0000][info][gc,heap        ] GC(798) Archive regions: 2->2
[2024-08-27T15:01:00.354+0000][info][gc,heap        ] GC(798) Humongous regions: 5->5
[2024-08-27T15:01:00.354+0000][info][gc,metaspace   ] GC(798) Metaspace: 100K(320K)->100K(320K) NonClass: 96K(192K)->96K(192K) Class: 4K(128K)->4K(128K)
[2024-08-27T15:01:00.354+0000][info][gc             ] GC(798) Pause Young (Normal) (G1 Evacuation Pause) 941M->943M(1024M) 15.571ms
[2024-08-27T15:01:00.354+0000][info][gc,cpu         ] GC(798) User=0.35s Sys=0.00s Real=0.01s
[2024-08-27T15:01:00.357+0000][info][gc,marking     ] GC(796) Concurrent Rebuild Remembered Sets 73.777ms
[2024-08-27T15:01:00.357+0000][info][gc,start       ] GC(796) Pause Cleanup
[2024-08-27T15:01:00.359+0000][info][gc             ] GC(796) Pause Cleanup 947M->947M(1024M) 1.541ms
[2024-08-27T15:01:00.359+0000][info][gc,cpu         ] GC(796) User=0.01s Sys=0.00s Real=0.01s
[2024-08-27T15:01:00.359+0000][info][gc,marking     ] GC(796) Concurrent Cleanup for Next Mark
[2024-08-27T15:01:00.359+0000][info][gc,marking     ] GC(796) Concurrent Cleanup for Next Mark 0.664ms
[2024-08-27T15:01:00.359+0000][info][gc             ] GC(796) Concurrent Mark Cycle 102.236ms
[2024-08-27T15:01:00.376+0000][info][gc,start       ] GC(799) Pause Young (Prepare Mixed) (G1 Preventive Collection)
[2024-08-27T15:01:00.376+0000][info][gc,task        ] GC(799) Using 24 workers of 68 for evacuation
[2024-08-27T15:01:00.391+0000][info][gc,phases      ] GC(799)   Pre Evacuate Collection Set: 0.1ms
[2024-08-27T15:01:00.391+0000][info][gc,phases      ] GC(799)   Merge Heap Roots: 0.5ms
[2024-08-27T15:01:00.391+0000][info][gc,phases      ] GC(799)   Evacuate Collection Set: 13.9ms
[2024-08-27T15:01:00.391+0000][info][gc,phases      ] GC(799)   Post Evacuate Collection Set: 0.3ms
[2024-08-27T15:01:00.391+0000][info][gc,phases      ] GC(799)   Other: 0.2ms
[2024-08-27T15:01:00.391+0000][info][gc,heap        ] GC(799) Eden regions: 34->0(44)
[2024-08-27T15:01:00.391+0000][info][gc,heap        ] GC(799) Survivor regions: 7->7(7)
[2024-08-27T15:01:00.391+0000][info][gc,heap        ] GC(799) Old regions: 931->969
[2024-08-27T15:01:00.391+0000][info][gc,heap        ] GC(799) Archive regions: 2->2
[2024-08-27T15:01:00.391+0000][info][gc,heap        ] GC(799) Humongous regions: 5->5
[2024-08-27T15:01:00.391+0000][info][gc,metaspace   ] GC(799) Metaspace: 100K(320K)->100K(320K) NonClass: 96K(192K)->96K(192K) Class: 4K(128K)->4K(128K)
[2024-08-27T15:01:00.391+0000][info][gc             ] GC(799) Pause Young (Prepare Mixed) (G1 Preventive Collection) 977M->981M(1024M) 15.160ms
[2024-08-27T15:01:00.391+0000][info][gc,cpu         ] GC(799) User=0.34s Sys=0.00s Real=0.02s
[2024-08-27T15:01:00.399+0000][info][gc,start       ] GC(800) Pause Young (Mixed) (G1 Preventive Collection)
[2024-08-27T15:01:00.399+0000][info][gc,task        ] GC(800) Using 24 workers of 68 for evacuation
[2024-08-27T15:01:00.405+0000][info][gc,phases      ] GC(800)   Pre Evacuate Collection Set: 0.2ms
[2024-08-27T15:01:00.405+0000][info][gc,phases      ] GC(800)   Merge Heap Roots: 0.3ms
[2024-08-27T15:01:00.405+0000][info][gc,phases      ] GC(800)   Evacuate Collection Set: 5.8ms
[2024-08-27T15:01:00.405+0000][info][gc,phases      ] GC(800)   Post Evacuate Collection Set: 0.3ms
[2024-08-27T15:01:00.405+0000][info][gc,phases      ] GC(800)   Other: 0.1ms
[2024-08-27T15:01:00.405+0000][info][gc,heap        ] GC(800) Eden regions: 15->0(44)
[2024-08-27T15:01:00.405+0000][info][gc,heap        ] GC(800) Survivor regions: 7->7(7)
[2024-08-27T15:01:00.405+0000][info][gc,heap        ] GC(800) Old regions: 969->884
[2024-08-27T15:01:00.405+0000][info][gc,heap        ] GC(800) Archive regions: 2->2
[2024-08-27T15:01:00.405+0000][info][gc,heap        ] GC(800) Humongous regions: 5->5
[2024-08-27T15:01:00.405+0000][info][gc,metaspace   ] GC(800) Metaspace: 100K(320K)->100K(320K) NonClass: 96K(192K)->96K(192K) Class: 4K(128K)->4K(128K)
[2024-08-27T15:01:00.406+0000][info][gc             ] GC(800) Pause Young (Mixed) (G1 Preventive Collection) 996M->896M(1024M) 6.846ms
[2024-08-27T15:01:00.406+0000][info][gc,cpu         ] GC(800) User=0.14s Sys=0.00s Real=0.00s
[2024-08-27T15:01:00.425+0000][info][gc,start       ] GC(801) Pause Young (Mixed) (G1 Evacuation Pause)
[2024-08-27T15:01:00.425+0000][info][gc,task        ] GC(801) Using 24 workers of 68 for evacuation
[2024-08-27T15:01:00.436+0000][info][gc,phases      ] GC(801)   Pre Evacuate Collection Set: 0.2ms
[2024-08-27T15:01:00.436+0000][info][gc,phases      ] GC(801)   Merge Heap Roots: 0.4ms
[2024-08-27T15:01:00.436+0000][info][gc,phases      ] GC(801)   Evacuate Collection Set: 9.8ms
[2024-08-27T15:01:00.436+0000][info][gc,phases      ] GC(801)   Post Evacuate Collection Set: 0.4ms
[2024-08-27T15:01:00.436+0000][info][gc,phases      ] GC(801)   Other: 0.3ms
[2024-08-27T15:01:00.436+0000][info][gc,heap        ] GC(801) Eden regions: 44->0(44)
[2024-08-27T15:01:00.436+0000][info][gc,heap        ] GC(801) Survivor regions: 7->7(7)
[2024-08-27T15:01:00.436+0000][info][gc,heap        ] GC(801) Old regions: 884->826
[2024-08-27T15:01:00.436+0000][info][gc,heap        ] GC(801) Archive regions: 2->2
[2024-08-27T15:01:00.436+0000][info][gc,heap        ] GC(801) Humongous regions: 5->5
[2024-08-27T15:01:00.436+0000][info][gc,metaspace   ] GC(801) Metaspace: 100K(320K)->100K(320K) NonClass: 96K(192K)->96K(192K) Class: 4K(128K)->4K(128K)
[2024-08-27T15:01:00.436+0000][info][gc             ] GC(801) Pause Young (Mixed) (G1 Evacuation Pause) 940M->838M(1024M) 11.187ms
[2024-08-27T15:01:00.436+0000][info][gc,cpu         ] GC(801) User=0.25s Sys=0.00s Real=0.01s
[2024-08-27T15:01:00.454+0000][info][gc,start       ] GC(802) Pause Young (Mixed) (G1 Evacuation Pause)
[2024-08-27T15:01:00.454+0000][info][gc,task        ] GC(802) Using 24 workers of 68 for evacuation
[2024-08-27T15:01:00.465+0000][info][gc,phases      ] GC(802)   Pre Evacuate Collection Set: 0.3ms
[2024-08-27T15:01:00.465+0000][info][gc,phases      ] GC(802)   Merge Heap Roots: 0.4ms
[2024-08-27T15:01:00.465+0000][info][gc,phases      ] GC(802)   Evacuate Collection Set: 9.6ms
[2024-08-27T15:01:00.465+0000][info][gc,phases      ] GC(802)   Post Evacuate Collection Set: 0.4ms
[2024-08-27T15:01:00.465+0000][info][gc,phases      ] GC(802)   Other: 0.3ms
[2024-08-27T15:01:00.465+0000][info][gc,heap        ] GC(802) Eden regions: 44->0(44)
[2024-08-27T15:01:00.465+0000][info][gc,heap        ] GC(802) Survivor regions: 7->7(7)
[2024-08-27T15:01:00.465+0000][info][gc,heap        ] GC(802) Old regions: 826->769
[2024-08-27T15:01:00.465+0000][info][gc,heap        ] GC(802) Archive regions: 2->2
[2024-08-27T15:01:00.465+0000][info][gc,heap        ] GC(802) Humongous regions: 5->5
[2024-08-27T15:01:00.465+0000][info][gc,metaspace   ] GC(802) Metaspace: 100K(320K)->100K(320K) NonClass: 96K(192K)->96K(192K) Class: 4K(128K)->4K(128K)
[2024-08-27T15:01:00.465+0000][info][gc             ] GC(802) Pause Young (Mixed) (G1 Evacuation Pause) 882M->781M(1024M) 10.975ms
[2024-08-27T15:01:00.465+0000][info][gc,cpu         ] GC(802) User=0.24s Sys=0.00s Real=0.01s
[2024-08-27T15:01:00.484+0000][info][gc,start       ] GC(803) Pause Young (Mixed) (G1 Evacuation Pause)
[2024-08-27T15:01:00.484+0000][info][gc,task        ] GC(803) Using 24 workers of 68 for evacuation
[2024-08-27T15:01:00.495+0000][info][gc,phases      ] GC(803)   Pre Evacuate Collection Set: 0.2ms
[2024-08-27T15:01:00.495+0000][info][gc,phases      ] GC(803)   Merge Heap Roots: 0.3ms
[2024-08-27T15:01:00.495+0000][info][gc,phases      ] GC(803)   Evacuate Collection Set: 9.7ms
[2024-08-27T15:01:00.495+0000][info][gc,phases      ] GC(803)   Post Evacuate Collection Set: 0.3ms
[2024-08-27T15:01:00.495+0000][info][gc,phases      ] GC(803)   Other: 0.3ms
[2024-08-27T15:01:00.495+0000][info][gc,heap        ] GC(803) Eden regions: 44->0(44)
[2024-08-27T15:01:00.495+0000][info][gc,heap        ] GC(803) Survivor regions: 7->7(7)
[2024-08-27T15:01:00.495+0000][info][gc,heap        ] GC(803) Old regions: 769->778
[2024-08-27T15:01:00.495+0000][info][gc,heap        ] GC(803) Archive regions: 2->2
[2024-08-27T15:01:00.495+0000][info][gc,heap        ] GC(803) Humongous regions: 5->5
[2024-08-27T15:01:00.495+0000][info][gc,metaspace   ] GC(803) Metaspace: 100K(320K)->100K(320K) NonClass: 96K(192K)->96K(192K) Class: 4K(128K)->4K(128K)
[2024-08-27T15:01:00.495+0000][info][gc             ] GC(803) Pause Young (Mixed) (G1 Evacuation Pause) 825M->790M(1024M) 10.944ms
[2024-08-27T15:01:00.495+0000][info][gc,cpu         ] GC(803) User=0.24s Sys=0.00s Real=0.01s
[2024-08-27T15:01:00.514+0000][info][gc,start       ] GC(804) Pause Young (Concurrent Start) (G1 Evacuation Pause)
[2024-08-27T15:01:00.514+0000][info][gc,task        ] GC(804) Using 24 workers of 68 for evacuation
[2024-08-27T15:01:00.525+0000][info][gc,phases      ] GC(804)   Pre Evacuate Collection Set: 0.2ms
[2024-08-27T15:01:00.525+0000][info][gc,phases      ] GC(804)   Merge Heap Roots: 0.4ms
[2024-08-27T15:01:00.525+0000][info][gc,phases      ] GC(804)   Evacuate Collection Set: 10.1ms
[2024-08-27T15:01:00.525+0000][info][gc,phases      ] GC(804)   Post Evacuate Collection Set: 0.3ms
[2024-08-27T15:01:00.525+0000][info][gc,phases      ] GC(804)   Other: 0.8ms
[2024-08-27T15:01:00.525+0000][info][gc,heap        ] GC(804) Eden regions: 44->0(44)
[2024-08-27T15:01:00.525+0000][info][gc,heap        ] GC(804) Survivor regions: 7->7(7)
[2024-08-27T15:01:00.525+0000][info][gc,heap        ] GC(804) Old regions: 778->825
[2024-08-27T15:01:00.525+0000][info][gc,heap        ] GC(804) Archive regions: 2->2
[2024-08-27T15:01:00.526+0000][info][gc,heap        ] GC(804) Humongous regions: 5->5
[2024-08-27T15:01:00.526+0000][info][gc,metaspace   ] GC(804) Metaspace: 100K(320K)->100K(320K) NonClass: 96K(192K)->96K(192K) Class: 4K(128K)->4K(128K)
[2024-08-27T15:01:00.526+0000][info][gc             ] GC(804) Pause Young (Concurrent Start) (G1 Evacuation Pause) 834M->837M(1024M) 11.853ms
[2024-08-27T15:01:00.526+0000][info][gc,cpu         ] GC(804) User=0.25s Sys=0.00s Real=0.01s
[2024-08-27T15:01:00.526+0000][info][gc             ] GC(805) Concurrent Mark Cycle
[2024-08-27T15:01:00.526+0000][info][gc,marking     ] GC(805) Concurrent Clear Claimed Marks
[2024-08-27T15:01:00.526+0000][info][gc,marking     ] GC(805) Concurrent Clear Claimed Marks 0.012ms
[2024-08-27T15:01:00.526+0000][info][gc,marking     ] GC(805) Concurrent Scan Root Regions
[2024-08-27T15:01:00.527+0000][info][gc,marking     ] GC(805) Concurrent Scan Root Regions 1.543ms
[2024-08-27T15:01:00.527+0000][info][gc,marking     ] GC(805) Concurrent Mark
[2024-08-27T15:01:00.527+0000][info][gc,marking     ] GC(805) Concurrent Mark From Roots
[2024-08-27T15:01:00.527+0000][info][gc,task        ] GC(805) Using 17 workers of 17 for marking
[2024-08-27T15:01:00.549+0000][info][gc,marking     ] GC(805) Concurrent Mark From Roots 21.494ms
[2024-08-27T15:01:00.549+0000][info][gc,marking     ] GC(805) Concurrent Preclean
[2024-08-27T15:01:00.549+0000][info][gc,marking     ] GC(805) Concurrent Preclean 0.580ms
[2024-08-27T15:01:00.550+0000][info][gc,start       ] GC(805) Pause Remark
[2024-08-27T15:01:00.551+0000][info][gc             ] GC(805) Pause Remark 866M->866M(1024M) 1.437ms
[2024-08-27T15:01:00.551+0000][info][gc,cpu         ] GC(805) User=0.00s Sys=0.00s Real=0.00s
[2024-08-27T15:01:00.551+0000][info][gc,marking     ] GC(805) Concurrent Mark 23.966ms
[2024-08-27T15:01:00.551+0000][info][gc,marking     ] GC(805) Concurrent Rebuild Remembered Sets
[2024-08-27T15:01:00.563+0000][info][gc,start       ] GC(806) Pause Young (Normal) (G1 Evacuation Pause)
[2024-08-27T15:01:00.563+0000][info][gc,task        ] GC(806) Using 24 workers of 68 for evacuation
[2024-08-27T15:01:00.574+0000][info][gc,phases      ] GC(806)   Pre Evacuate Collection Set: 0.2ms
[2024-08-27T15:01:00.574+0000][info][gc,phases      ] GC(806)   Merge Heap Roots: 0.3ms
[2024-08-27T15:01:00.574+0000][info][gc,phases      ] GC(806)   Evacuate Collection Set: 9.5ms
[2024-08-27T15:01:00.574+0000][info][gc,phases      ] GC(806)   Post Evacuate Collection Set: 0.5ms
[2024-08-27T15:01:00.574+0000][info][gc,phases      ] GC(806)   Other: 0.3ms
[2024-08-27T15:01:00.574+0000][info][gc,heap        ] GC(806) Eden regions: 44->0(44)
[2024-08-27T15:01:00.574+0000][info][gc,heap        ] GC(806) Survivor regions: 7->7(7)
[2024-08-27T15:01:00.574+0000][info][gc,heap        ] GC(806) Old regions: 825->871
[2024-08-27T15:01:00.574+0000][info][gc,heap        ] GC(806) Archive regions: 2->2
[2024-08-27T15:01:00.574+0000][info][gc,heap        ] GC(806) Humongous regions: 5->5
[2024-08-27T15:01:00.574+0000][info][gc,metaspace   ] GC(806) Metaspace: 100K(320K)->100K(320K) NonClass: 96K(192K)->96K(192K) Class: 4K(128K)->4K(128K)
[2024-08-27T15:01:00.574+0000][info][gc             ] GC(806) Pause Young (Normal) (G1 Evacuation Pause) 881M->883M(1024M) 10.842ms
[2024-08-27T15:01:00.574+0000][info][gc,cpu         ] GC(806) User=0.24s Sys=0.00s Real=0.01s
[2024-08-27T15:01:00.606+0000][info][gc,marking     ] GC(805) Concurrent Rebuild Remembered Sets 54.719ms
[2024-08-27T15:01:00.606+0000][info][gc,start       ] GC(805) Pause Cleanup
[2024-08-27T15:01:00.609+0000][info][gc             ] GC(805) Pause Cleanup 926M->926M(1024M) 2.465ms
[2024-08-27T15:01:00.609+0000][info][gc,cpu         ] GC(805) User=0.01s Sys=0.00s Real=0.00s
[2024-08-27T15:01:00.609+0000][info][gc,marking     ] GC(805) Concurrent Cleanup for Next Mark
[2024-08-27T15:01:00.610+0000][info][gc,marking     ] GC(805) Concurrent Cleanup for Next Mark 0.597ms
[2024-08-27T15:01:00.610+0000][info][gc             ] GC(805) Concurrent Mark Cycle 83.937ms
[2024-08-27T15:01:00.610+0000][info][gc,start       ] GC(807) Pause Young (Prepare Mixed) (G1 Evacuation Pause)
[2024-08-27T15:01:00.610+0000][info][gc,task        ] GC(807) Using 24 workers of 68 for evacuation
[2024-08-27T15:01:00.625+0000][info][gc,phases      ] GC(807)   Pre Evacuate Collection Set: 0.2ms
[2024-08-27T15:01:00.625+0000][info][gc,phases      ] GC(807)   Merge Heap Roots: 0.4ms
[2024-08-27T15:01:00.625+0000][info][gc,phases      ] GC(807)   Evacuate Collection Set: 13.7ms
[2024-08-27T15:01:00.625+0000][info][gc,phases      ] GC(807)   Post Evacuate Collection Set: 0.3ms
[2024-08-27T15:01:00.625+0000][info][gc,phases      ] GC(807)   Other: 0.2ms
[2024-08-27T15:01:00.625+0000][info][gc,heap        ] GC(807) Eden regions: 44->0(44)
[2024-08-27T15:01:00.625+0000][info][gc,heap        ] GC(807) Survivor regions: 7->7(7)
[2024-08-27T15:01:00.625+0000][info][gc,heap        ] GC(807) Old regions: 871->918
[2024-08-27T15:01:00.625+0000][info][gc,heap        ] GC(807) Archive regions: 2->2
[2024-08-27T15:01:00.625+0000][info][gc,heap        ] GC(807) Humongous regions: 5->5
[2024-08-27T15:01:00.625+0000][info][gc,metaspace   ] GC(807) Metaspace: 100K(320K)->100K(320K) NonClass: 96K(192K)->96K(192K) Class: 4K(128K)->4K(128K)
[2024-08-27T15:01:00.625+0000][info][gc             ] GC(807) Pause Young (Prepare Mixed) (G1 Evacuation Pause) 927M->930M(1024M) 14.806ms
[2024-08-27T15:01:00.625+0000][info][gc,cpu         ] GC(807) User=0.34s Sys=0.00s Real=0.01s
[2024-08-27T15:01:00.644+0000][info][gc,start       ] GC(808) Pause Young (Mixed) (G1 Preventive Collection)
[2024-08-27T15:01:00.644+0000][info][gc,task        ] GC(808) Using 24 workers of 68 for evacuation
[2024-08-27T15:01:00.655+0000][info][gc,phases      ] GC(808)   Pre Evacuate Collection Set: 0.2ms
[2024-08-27T15:01:00.655+0000][info][gc,phases      ] GC(808)   Merge Heap Roots: 0.3ms
[2024-08-27T15:01:00.655+0000][info][gc,phases      ] GC(808)   Evacuate Collection Set: 10.3ms
[2024-08-27T15:01:00.655+0000][info][gc,phases      ] GC(808)   Post Evacuate Collection Set: 0.4ms
[2024-08-27T15:01:00.655+0000][info][gc,phases      ] GC(808)   Other: 0.2ms
[2024-08-27T15:01:00.655+0000][info][gc,heap        ] GC(808) Eden regions: 40->0(44)
[2024-08-27T15:01:00.655+0000][info][gc,heap        ] GC(808) Survivor regions: 7->7(7)
[2024-08-27T15:01:00.655+0000][info][gc,heap        ] GC(808) Old regions: 918->858
[2024-08-27T15:01:00.655+0000][info][gc,heap        ] GC(808) Archive regions: 2->2
[2024-08-27T15:01:00.655+0000][info][gc,heap        ] GC(808) Humongous regions: 5->5
[2024-08-27T15:01:00.655+0000][info][gc,metaspace   ] GC(808) Metaspace: 100K(320K)->100K(320K) NonClass: 96K(192K)->96K(192K) Class: 4K(128K)->4K(128K)
[2024-08-27T15:01:00.655+0000][info][gc             ] GC(808) Pause Young (Mixed) (G1 Preventive Collection) 970M->870M(1024M) 11.531ms
[2024-08-27T15:01:00.655+0000][info][gc,cpu         ] GC(808) User=0.25s Sys=0.00s Real=0.01s
[2024-08-27T15:01:00.674+0000][info][gc,start       ] GC(809) Pause Young (Mixed) (G1 Evacuation Pause)
[2024-08-27T15:01:00.674+0000][info][gc,task        ] GC(809) Using 24 workers of 68 for evacuation
[2024-08-27T15:01:00.686+0000][info][gc,phases      ] GC(809)   Pre Evacuate Collection Set: 0.2ms
[2024-08-27T15:01:00.686+0000][info][gc,phases      ] GC(809)   Merge Heap Roots: 0.4ms
[2024-08-27T15:01:00.686+0000][info][gc,phases      ] GC(809)   Evacuate Collection Set: 10.5ms
[2024-08-27T15:01:00.686+0000][info][gc,phases      ] GC(809)   Post Evacuate Collection Set: 0.4ms
[2024-08-27T15:01:00.686+0000][info][gc,phases      ] GC(809)   Other: 0.2ms
[2024-08-27T15:01:00.686+0000][info][gc,heap        ] GC(809) Eden regions: 44->0(44)
[2024-08-27T15:01:00.686+0000][info][gc,heap        ] GC(809) Survivor regions: 7->7(7)
[2024-08-27T15:01:00.686+0000][info][gc,heap        ] GC(809) Old regions: 858->801
[2024-08-27T15:01:00.686+0000][info][gc,heap        ] GC(809) Archive regions: 2->2
[2024-08-27T15:01:00.686+0000][info][gc,heap        ] GC(809) Humongous regions: 5->5
[2024-08-27T15:01:00.686+0000][info][gc,metaspace   ] GC(809) Metaspace: 100K(320K)->100K(320K) NonClass: 96K(192K)->96K(192K) Class: 4K(128K)->4K(128K)
[2024-08-27T15:01:00.686+0000][info][gc             ] GC(809) Pause Young (Mixed) (G1 Evacuation Pause) 914M->813M(1024M) 11.667ms
[2024-08-27T15:01:00.686+0000][info][gc,cpu         ] GC(809) User=0.24s Sys=0.02s Real=0.01s
[2024-08-27T15:01:00.704+0000][info][gc,start       ] GC(810) Pause Young (Mixed) (G1 Evacuation Pause)
[2024-08-27T15:01:00.704+0000][info][gc,task        ] GC(810) Using 24 workers of 68 for evacuation
[2024-08-27T15:01:00.716+0000][info][gc,phases      ] GC(810)   Pre Evacuate Collection Set: 0.2ms
[2024-08-27T15:01:00.716+0000][info][gc,phases      ] GC(810)   Merge Heap Roots: 0.4ms
[2024-08-27T15:01:00.716+0000][info][gc,phases      ] GC(810)   Evacuate Collection Set: 10.1ms
[2024-08-27T15:01:00.716+0000][info][gc,phases      ] GC(810)   Post Evacuate Collection Set: 0.4ms
[2024-08-27T15:01:00.716+0000][info][gc,phases      ] GC(810)   Other: 0.2ms
[2024-08-27T15:01:00.716+0000][info][gc,heap        ] GC(810) Eden regions: 44->0(44)
[2024-08-27T15:01:00.716+0000][info][gc,heap        ] GC(810) Survivor regions: 7->7(7)
[2024-08-27T15:01:00.716+0000][info][gc,heap        ] GC(810) Old regions: 801->746
[2024-08-27T15:01:00.716+0000][info][gc,heap        ] GC(810) Archive regions: 2->2
[2024-08-27T15:01:00.716+0000][info][gc,heap        ] GC(810) Humongous regions: 5->5
[2024-08-27T15:01:00.716+0000][info][gc,metaspace   ] GC(810) Metaspace: 100K(320K)->100K(320K) NonClass: 96K(192K)->96K(192K) Class: 4K(128K)->4K(128K)
[2024-08-27T15:01:00.716+0000][info][gc             ] GC(810) Pause Young (Mixed) (G1 Evacuation Pause) 857M->758M(1024M) 11.440ms
[2024-08-27T15:01:00.716+0000][info][gc,cpu         ] GC(810) User=0.25s Sys=0.00s Real=0.01s
[2024-08-27T15:01:00.734+0000][info][gc,start       ] GC(811) Pause Young (Mixed) (G1 Evacuation Pause)
[2024-08-27T15:01:00.734+0000][info][gc,task        ] GC(811) Using 24 workers of 68 for evacuation
[2024-08-27T15:01:00.745+0000][info][gc,phases      ] GC(811)   Pre Evacuate Collection Set: 0.2ms
[2024-08-27T15:01:00.745+0000][info][gc,phases      ] GC(811)   Merge Heap Roots: 0.3ms
[2024-08-27T15:01:00.745+0000][info][gc,phases      ] GC(811)   Evacuate Collection Set: 10.0ms
[2024-08-27T15:01:00.745+0000][info][gc,phases      ] GC(811)   Post Evacuate Collection Set: 0.3ms
[2024-08-27T15:01:00.745+0000][info][gc,phases      ] GC(811)   Other: 0.3ms
[2024-08-27T15:01:00.745+0000][info][gc,heap        ] GC(811) Eden regions: 44->0(44)
[2024-08-27T15:01:00.745+0000][info][gc,heap        ] GC(811) Survivor regions: 7->7(7)
[2024-08-27T15:01:00.745+0000][info][gc,heap        ] GC(811) Old regions: 746->770
[2024-08-27T15:01:00.745+0000][info][gc,heap        ] GC(811) Archive regions: 2->2
[2024-08-27T15:01:00.745+0000][info][gc,heap        ] GC(811) Humongous regions: 5->5
[2024-08-27T15:01:00.745+0000][info][gc,metaspace   ] GC(811) Metaspace: 100K(320K)->100K(320K) NonClass: 96K(192K)->96K(192K) Class: 4K(128K)->4K(128K)
[2024-08-27T15:01:00.745+0000][info][gc             ] GC(811) Pause Young (Mixed) (G1 Evacuation Pause) 802M->782M(1024M) 11.134ms
[2024-08-27T15:01:00.745+0000][info][gc,cpu         ] GC(811) User=0.25s Sys=0.00s Real=0.01s
[2024-08-27T15:01:00.764+0000][info][gc,start       ] GC(812) Pause Young (Concurrent Start) (G1 Evacuation Pause)
[2024-08-27T15:01:00.764+0000][info][gc,task        ] GC(812) Using 24 workers of 68 for evacuation
[2024-08-27T15:01:00.776+0000][info][gc,phases      ] GC(812)   Pre Evacuate Collection Set: 0.2ms
[2024-08-27T15:01:00.776+0000][info][gc,phases      ] GC(812)   Merge Heap Roots: 0.4ms
[2024-08-27T15:01:00.776+0000][info][gc,phases      ] GC(812)   Evacuate Collection Set: 9.9ms
[2024-08-27T15:01:00.776+0000][info][gc,phases      ] GC(812)   Post Evacuate Collection Set: 0.3ms
[2024-08-27T15:01:00.776+0000][info][gc,phases      ] GC(812)   Other: 0.6ms
[2024-08-27T15:01:00.776+0000][info][gc,heap        ] GC(812) Eden regions: 44->0(44)
[2024-08-27T15:01:00.776+0000][info][gc,heap        ] GC(812) Survivor regions: 7->7(7)
[2024-08-27T15:01:00.776+0000][info][gc,heap        ] GC(812) Old regions: 770->817
[2024-08-27T15:01:00.776+0000][info][gc,heap        ] GC(812) Archive regions: 2->2
[2024-08-27T15:01:00.776+0000][info][gc,heap        ] GC(812) Humongous regions: 5->5
[2024-08-27T15:01:00.776+0000][info][gc,metaspace   ] GC(812) Metaspace: 100K(320K)->100K(320K) NonClass: 96K(192K)->96K(192K) Class: 4K(128K)->4K(128K)
[2024-08-27T15:01:00.776+0000][info][gc             ] GC(812) Pause Young (Concurrent Start) (G1 Evacuation Pause) 826M->829M(1024M) 11.398ms
[2024-08-27T15:01:00.776+0000][info][gc,cpu         ] GC(812) User=0.25s Sys=0.00s Real=0.01s
[2024-08-27T15:01:00.776+0000][info][gc             ] GC(813) Concurrent Mark Cycle
[2024-08-27T15:01:00.776+0000][info][gc,marking     ] GC(813) Concurrent Clear Claimed Marks
[2024-08-27T15:01:00.776+0000][info][gc,marking     ] GC(813) Concurrent Clear Claimed Marks 0.011ms
[2024-08-27T15:01:00.776+0000][info][gc,marking     ] GC(813) Concurrent Scan Root Regions
[2024-08-27T15:01:00.777+0000][info][gc,marking     ] GC(813) Concurrent Scan Root Regions 1.519ms
[2024-08-27T15:01:00.778+0000][info][gc,marking     ] GC(813) Concurrent Mark
[2024-08-27T15:01:00.778+0000][info][gc,marking     ] GC(813) Concurrent Mark From Roots
[2024-08-27T15:01:00.778+0000][info][gc,task        ] GC(813) Using 17 workers of 17 for marking
[2024-08-27T15:01:00.800+0000][info][gc,marking     ] GC(813) Concurrent Mark From Roots 22.346ms
[2024-08-27T15:01:00.800+0000][info][gc,marking     ] GC(813) Concurrent Preclean
[2024-08-27T15:01:00.800+0000][info][gc,marking     ] GC(813) Concurrent Preclean 0.507ms
[2024-08-27T15:01:00.801+0000][info][gc,start       ] GC(813) Pause Remark
[2024-08-27T15:01:00.802+0000][info][gc             ] GC(813) Pause Remark 860M->860M(1024M) 1.327ms
[2024-08-27T15:01:00.802+0000][info][gc,cpu         ] GC(813) User=0.01s Sys=0.00s Real=0.00s
[2024-08-27T15:01:00.802+0000][info][gc,marking     ] GC(813) Concurrent Mark 24.588ms
[2024-08-27T15:01:00.802+0000][info][gc,marking     ] GC(813) Concurrent Rebuild Remembered Sets
[2024-08-27T15:01:00.812+0000][info][gc,start       ] GC(814) Pause Young (Normal) (G1 Evacuation Pause)
[2024-08-27T15:01:00.812+0000][info][gc,task        ] GC(814) Using 24 workers of 68 for evacuation
[2024-08-27T15:01:00.822+0000][info][gc,phases      ] GC(814)   Pre Evacuate Collection Set: 0.2ms
[2024-08-27T15:01:00.822+0000][info][gc,phases      ] GC(814)   Merge Heap Roots: 0.4ms
[2024-08-27T15:01:00.822+0000][info][gc,phases      ] GC(814)   Evacuate Collection Set: 9.3ms
[2024-08-27T15:01:00.822+0000][info][gc,phases      ] GC(814)   Post Evacuate Collection Set: 0.4ms
[2024-08-27T15:01:00.822+0000][info][gc,phases      ] GC(814)   Other: 0.2ms
[2024-08-27T15:01:00.822+0000][info][gc,heap        ] GC(814) Eden regions: 44->0(44)
[2024-08-27T15:01:00.822+0000][info][gc,heap        ] GC(814) Survivor regions: 7->7(7)
[2024-08-27T15:01:00.822+0000][info][gc,heap        ] GC(814) Old regions: 817->864
[2024-08-27T15:01:00.822+0000][info][gc,heap        ] GC(814) Archive regions: 2->2
[2024-08-27T15:01:00.822+0000][info][gc,heap        ] GC(814) Humongous regions: 5->5
[2024-08-27T15:01:00.822+0000][info][gc,metaspace   ] GC(814) Metaspace: 100K(320K)->100K(320K) NonClass: 96K(192K)->96K(192K) Class: 4K(128K)->4K(128K)
[2024-08-27T15:01:00.822+0000][info][gc             ] GC(814) Pause Young (Normal) (G1 Evacuation Pause) 873M->876M(1024M) 10.604ms
[2024-08-27T15:01:00.822+0000][info][gc,cpu         ] GC(814) User=0.23s Sys=0.01s Real=0.01s
[2024-08-27T15:01:00.855+0000][info][gc,start       ] GC(815) Pause Young (Normal) (G1 Evacuation Pause)
[2024-08-27T15:01:00.855+0000][info][gc,task        ] GC(815) Using 24 workers of 68 for evacuation
[2024-08-27T15:01:00.869+0000][info][gc,phases      ] GC(815)   Pre Evacuate Collection Set: 0.2ms
[2024-08-27T15:01:00.869+0000][info][gc,phases      ] GC(815)   Merge Heap Roots: 0.4ms
[2024-08-27T15:01:00.869+0000][info][gc,phases      ] GC(815)   Evacuate Collection Set: 12.9ms
[2024-08-27T15:01:00.869+0000][info][gc,phases      ] GC(815)   Post Evacuate Collection Set: 0.5ms
[2024-08-27T15:01:00.869+0000][info][gc,phases      ] GC(815)   Other: 0.3ms
[2024-08-27T15:01:00.869+0000][info][gc,heap        ] GC(815) Eden regions: 44->0(44)
[2024-08-27T15:01:00.869+0000][info][gc,heap        ] GC(815) Survivor regions: 7->7(7)
[2024-08-27T15:01:00.869+0000][info][gc,heap        ] GC(815) Old regions: 864->911
[2024-08-27T15:01:00.869+0000][info][gc,heap        ] GC(815) Archive regions: 2->2
[2024-08-27T15:01:00.869+0000][info][gc,heap        ] GC(815) Humongous regions: 5->5
[2024-08-27T15:01:00.869+0000][info][gc,metaspace   ] GC(815) Metaspace: 100K(320K)->100K(320K) NonClass: 96K(192K)->96K(192K) Class: 4K(128K)->4K(128K)
[2024-08-27T15:01:00.869+0000][info][gc             ] GC(815) Pause Young (Normal) (G1 Evacuation Pause) 920M->923M(1024M) 14.345ms
[2024-08-27T15:01:00.869+0000][info][gc,cpu         ] GC(815) User=0.32s Sys=0.00s Real=0.01s
[2024-08-27T15:01:00.873+0000][info][gc,marking     ] GC(813) Concurrent Rebuild Remembered Sets 70.395ms
[2024-08-27T15:01:00.873+0000][info][gc,start       ] GC(813) Pause Cleanup
[2024-08-27T15:01:00.874+0000][info][gc             ] GC(813) Pause Cleanup 928M->928M(1024M) 1.415ms
[2024-08-27T15:01:00.874+0000][info][gc,cpu         ] GC(813) User=0.00s Sys=0.00s Real=0.00s
[2024-08-27T15:01:00.874+0000][info][gc,marking     ] GC(813) Concurrent Cleanup for Next Mark
[2024-08-27T15:01:00.875+0000][info][gc,marking     ] GC(813) Concurrent Cleanup for Next Mark 0.610ms
[2024-08-27T15:01:00.875+0000][info][gc             ] GC(813) Concurrent Mark Cycle 98.904ms
[2024-08-27T15:01:00.893+0000][info][gc,start       ] GC(816) Pause Young (Prepare Mixed) (G1 Preventive Collection)
[2024-08-27T15:01:00.893+0000][info][gc,task        ] GC(816) Using 24 workers of 68 for evacuation
[2024-08-27T15:01:00.910+0000][info][gc,phases      ] GC(816)   Pre Evacuate Collection Set: 0.2ms
[2024-08-27T15:01:00.910+0000][info][gc,phases      ] GC(816)   Merge Heap Roots: 0.6ms
[2024-08-27T15:01:00.910+0000][info][gc,phases      ] GC(816)   Evacuate Collection Set: 15.8ms
[2024-08-27T15:01:00.910+0000][info][gc,phases      ] GC(816)   Post Evacuate Collection Set: 0.3ms
[2024-08-27T15:01:00.910+0000][info][gc,phases      ] GC(816)   Other: 0.2ms
[2024-08-27T15:01:00.910+0000][info][gc,heap        ] GC(816) Eden regions: 44->0(44)
[2024-08-27T15:01:00.910+0000][info][gc,heap        ] GC(816) Survivor regions: 7->7(7)
[2024-08-27T15:01:00.910+0000][info][gc,heap        ] GC(816) Old regions: 911->958
[2024-08-27T15:01:00.910+0000][info][gc,heap        ] GC(816) Archive regions: 2->2
[2024-08-27T15:01:00.910+0000][info][gc,heap        ] GC(816) Humongous regions: 5->5
[2024-08-27T15:01:00.910+0000][info][gc,metaspace   ] GC(816) Metaspace: 100K(320K)->100K(320K) NonClass: 96K(192K)->96K(192K) Class: 4K(128K)->4K(128K)
[2024-08-27T15:01:00.910+0000][info][gc             ] GC(816) Pause Young (Prepare Mixed) (G1 Preventive Collection) 967M->970M(1024M) 17.099ms
[2024-08-27T15:01:00.910+0000][info][gc,cpu         ] GC(816) User=0.39s Sys=0.01s Real=0.02s
[2024-08-27T15:01:00.921+0000][info][gc,start       ] GC(817) Pause Young (Mixed) (G1 Preventive Collection)
[2024-08-27T15:01:00.921+0000][info][gc,task        ] GC(817) Using 24 workers of 68 for evacuation
[2024-08-27T15:01:00.929+0000][info][gc,phases      ] GC(817)   Pre Evacuate Collection Set: 0.2ms
[2024-08-27T15:01:00.929+0000][info][gc,phases      ] GC(817)   Merge Heap Roots: 0.3ms
[2024-08-27T15:01:00.929+0000][info][gc,phases      ] GC(817)   Evacuate Collection Set: 7.1ms
[2024-08-27T15:01:00.929+0000][info][gc,phases      ] GC(817)   Post Evacuate Collection Set: 0.3ms
[2024-08-27T15:01:00.929+0000][info][gc,phases      ] GC(817)   Other: 0.2ms
[2024-08-27T15:01:00.929+0000][info][gc,heap        ] GC(817) Eden regions: 21->0(44)
[2024-08-27T15:01:00.929+0000][info][gc,heap        ] GC(817) Survivor regions: 7->7(7)
[2024-08-27T15:01:00.929+0000][info][gc,heap        ] GC(817) Old regions: 958->879
[2024-08-27T15:01:00.929+0000][info][gc,heap        ] GC(817) Archive regions: 2->2
[2024-08-27T15:01:00.929+0000][info][gc,heap        ] GC(817) Humongous regions: 5->5
[2024-08-27T15:01:00.929+0000][info][gc,metaspace   ] GC(817) Metaspace: 100K(320K)->100K(320K) NonClass: 96K(192K)->96K(192K) Class: 4K(128K)->4K(128K)
[2024-08-27T15:01:00.929+0000][info][gc             ] GC(817) Pause Young (Mixed) (G1 Preventive Collection) 991M->891M(1024M) 8.223ms
[2024-08-27T15:01:00.929+0000][info][gc,cpu         ] GC(817) User=0.17s Sys=0.00s Real=0.00s
[2024-08-27T15:01:00.951+0000][info][gc,start       ] GC(818) Pause Young (Mixed) (G1 Evacuation Pause)
[2024-08-27T15:01:00.951+0000][info][gc,task        ] GC(818) Using 24 workers of 68 for evacuation
[2024-08-27T15:01:00.962+0000][info][gc,phases      ] GC(818)   Pre Evacuate Collection Set: 0.2ms
[2024-08-27T15:01:00.963+0000][info][gc,phases      ] GC(818)   Merge Heap Roots: 0.4ms
[2024-08-27T15:01:00.963+0000][info][gc,phases      ] GC(818)   Evacuate Collection Set: 10.8ms
[2024-08-27T15:01:00.963+0000][info][gc,phases      ] GC(818)   Post Evacuate Collection Set: 0.4ms
[2024-08-27T15:01:00.963+0000][info][gc,phases      ] GC(818)   Other: 0.2ms
[2024-08-27T15:01:00.963+0000][info][gc,heap        ] GC(818) Eden regions: 44->0(44)
[2024-08-27T15:01:00.963+0000][info][gc,heap        ] GC(818) Survivor regions: 7->7(7)
[2024-08-27T15:01:00.963+0000][info][gc,heap        ] GC(818) Old regions: 879->821
[2024-08-27T15:01:00.963+0000][info][gc,heap        ] GC(818) Archive regions: 2->2
[2024-08-27T15:01:00.963+0000][info][gc,heap        ] GC(818) Humongous regions: 5->5
[2024-08-27T15:01:00.963+0000][info][gc,metaspace   ] GC(818) Metaspace: 100K(320K)->100K(320K) NonClass: 96K(192K)->96K(192K) Class: 4K(128K)->4K(128K)
[2024-08-27T15:01:00.963+0000][info][gc             ] GC(818) Pause Young (Mixed) (G1 Evacuation Pause) 935M->833M(1024M) 12.114ms
[2024-08-27T15:01:00.963+0000][info][gc,cpu         ] GC(818) User=0.27s Sys=0.00s Real=0.01s
[2024-08-27T15:01:00.982+0000][info][gc,start       ] GC(819) Pause Young (Mixed) (G1 Evacuation Pause)
[2024-08-27T15:01:00.982+0000][info][gc,task        ] GC(819) Using 24 workers of 68 for evacuation
[2024-08-27T15:01:00.994+0000][info][gc,phases      ] GC(819)   Pre Evacuate Collection Set: 0.3ms
[2024-08-27T15:01:00.994+0000][info][gc,phases      ] GC(819)   Merge Heap Roots: 0.4ms
[2024-08-27T15:01:00.994+0000][info][gc,phases      ] GC(819)   Evacuate Collection Set: 10.4ms
[2024-08-27T15:01:00.994+0000][info][gc,phases      ] GC(819)   Post Evacuate Collection Set: 0.7ms
[2024-08-27T15:01:00.994+0000][info][gc,phases      ] GC(819)   Other: 0.3ms
[2024-08-27T15:01:00.994+0000][info][gc,heap        ] GC(819) Eden regions: 44->0(44)
[2024-08-27T15:01:00.994+0000][info][gc,heap        ] GC(819) Survivor regions: 7->7(7)
[2024-08-27T15:01:00.994+0000][info][gc,heap        ] GC(819) Old regions: 821->765
[2024-08-27T15:01:00.994+0000][info][gc,heap        ] GC(819) Archive regions: 2->2
[2024-08-27T15:01:00.994+0000][info][gc,heap        ] GC(819) Humongous regions: 5->5
[2024-08-27T15:01:00.994+0000][info][gc,metaspace   ] GC(819) Metaspace: 100K(320K)->100K(320K) NonClass: 96K(192K)->96K(192K) Class: 4K(128K)->4K(128K)
[2024-08-27T15:01:00.994+0000][info][gc             ] GC(819) Pause Young (Mixed) (G1 Evacuation Pause) 877M->777M(1024M) 12.053ms
[2024-08-27T15:01:00.994+0000][info][gc,cpu         ] GC(819) User=0.25s Sys=0.01s Real=0.01s
[2024-08-27T15:01:01.013+0000][info][gc,start       ] GC(820) Pause Young (Mixed) (G1 Evacuation Pause)
[2024-08-27T15:01:01.013+0000][info][gc,task        ] GC(820) Using 24 workers of 68 for evacuation
[2024-08-27T15:01:01.024+0000][info][gc,phases      ] GC(820)   Pre Evacuate Collection Set: 0.2ms
[2024-08-27T15:01:01.024+0000][info][gc,phases      ] GC(820)   Merge Heap Roots: 0.3ms
[2024-08-27T15:01:01.024+0000][info][gc,phases      ] GC(820)   Evacuate Collection Set: 10.4ms
[2024-08-27T15:01:01.024+0000][info][gc,phases      ] GC(820)   Post Evacuate Collection Set: 0.3ms
[2024-08-27T15:01:01.025+0000][info][gc,phases      ] GC(820)   Other: 0.3ms
[2024-08-27T15:01:01.025+0000][info][gc,heap        ] GC(820) Eden regions: 44->0(44)
[2024-08-27T15:01:01.025+0000][info][gc,heap        ] GC(820) Survivor regions: 7->7(7)
[2024-08-27T15:01:01.025+0000][info][gc,heap        ] GC(820) Old regions: 765->795
[2024-08-27T15:01:01.025+0000][info][gc,heap        ] GC(820) Archive regions: 2->2
[2024-08-27T15:01:01.025+0000][info][gc,heap        ] GC(820) Humongous regions: 5->5
[2024-08-27T15:01:01.025+0000][info][gc,metaspace   ] GC(820) Metaspace: 100K(320K)->100K(320K) NonClass: 96K(192K)->96K(192K) Class: 4K(128K)->4K(128K)
[2024-08-27T15:01:01.025+0000][info][gc             ] GC(820) Pause Young (Mixed) (G1 Evacuation Pause) 821M->807M(1024M) 11.587ms
[2024-08-27T15:01:01.025+0000][info][gc,cpu         ] GC(820) User=0.26s Sys=0.00s Real=0.01s
[2024-08-27T15:01:01.043+0000][info][gc,start       ] GC(821) Pause Young (Concurrent Start) (G1 Evacuation Pause)
[2024-08-27T15:01:01.043+0000][info][gc,task        ] GC(821) Using 24 workers of 68 for evacuation
[2024-08-27T15:01:01.054+0000][info][gc,phases      ] GC(821)   Pre Evacuate Collection Set: 0.2ms
[2024-08-27T15:01:01.054+0000][info][gc,phases      ] GC(821)   Merge Heap Roots: 0.3ms
[2024-08-27T15:01:01.054+0000][info][gc,phases      ] GC(821)   Evacuate Collection Set: 9.5ms
[2024-08-27T15:01:01.054+0000][info][gc,phases      ] GC(821)   Post Evacuate Collection Set: 0.3ms
[2024-08-27T15:01:01.054+0000][info][gc,phases      ] GC(821)   Other: 0.9ms
[2024-08-27T15:01:01.054+0000][info][gc,heap        ] GC(821) Eden regions: 44->0(44)
[2024-08-27T15:01:01.054+0000][info][gc,heap        ] GC(821) Survivor regions: 7->7(7)
[2024-08-27T15:01:01.054+0000][info][gc,heap        ] GC(821) Old regions: 795->841
[2024-08-27T15:01:01.054+0000][info][gc,heap        ] GC(821) Archive regions: 2->2
[2024-08-27T15:01:01.054+0000][info][gc,heap        ] GC(821) Humongous regions: 5->5
[2024-08-27T15:01:01.054+0000][info][gc,metaspace   ] GC(821) Metaspace: 100K(320K)->100K(320K) NonClass: 96K(192K)->96K(192K) Class: 4K(128K)->4K(128K)
[2024-08-27T15:01:01.054+0000][info][gc             ] GC(821) Pause Young (Concurrent Start) (G1 Evacuation Pause) 851M->853M(1024M) 11.391ms
[2024-08-27T15:01:01.054+0000][info][gc,cpu         ] GC(821) User=0.23s Sys=0.00s Real=0.01s
[2024-08-27T15:01:01.054+0000][info][gc             ] GC(822) Concurrent Mark Cycle
[2024-08-27T15:01:01.054+0000][info][gc,marking     ] GC(822) Concurrent Clear Claimed Marks
[2024-08-27T15:01:01.054+0000][info][gc,marking     ] GC(822) Concurrent Clear Claimed Marks 0.011ms
[2024-08-27T15:01:01.054+0000][info][gc,marking     ] GC(822) Concurrent Scan Root Regions
[2024-08-27T15:01:01.056+0000][info][gc,marking     ] GC(822) Concurrent Scan Root Regions 1.704ms
[2024-08-27T15:01:01.056+0000][info][gc,marking     ] GC(822) Concurrent Mark
[2024-08-27T15:01:01.056+0000][info][gc,marking     ] GC(822) Concurrent Mark From Roots
[2024-08-27T15:01:01.056+0000][info][gc,task        ] GC(822) Using 17 workers of 17 for marking
[2024-08-27T15:01:01.078+0000][info][gc,marking     ] GC(822) Concurrent Mark From Roots 22.107ms
[2024-08-27T15:01:01.078+0000][info][gc,marking     ] GC(822) Concurrent Preclean
[2024-08-27T15:01:01.079+0000][info][gc,marking     ] GC(822) Concurrent Preclean 0.502ms
[2024-08-27T15:01:01.079+0000][info][gc,start       ] GC(822) Pause Remark
[2024-08-27T15:01:01.081+0000][info][gc             ] GC(822) Pause Remark 883M->883M(1024M) 1.416ms
[2024-08-27T15:01:01.081+0000][info][gc,cpu         ] GC(822) User=0.01s Sys=0.00s Real=0.00s
[2024-08-27T15:01:01.081+0000][info][gc,marking     ] GC(822) Concurrent Mark 24.452ms
[2024-08-27T15:01:01.081+0000][info][gc,marking     ] GC(822) Concurrent Rebuild Remembered Sets
[2024-08-27T15:01:01.093+0000][info][gc,start       ] GC(823) Pause Young (Normal) (G1 Evacuation Pause)
[2024-08-27T15:01:01.093+0000][info][gc,task        ] GC(823) Using 24 workers of 68 for evacuation
[2024-08-27T15:01:01.104+0000][info][gc,phases      ] GC(823)   Pre Evacuate Collection Set: 0.2ms
[2024-08-27T15:01:01.104+0000][info][gc,phases      ] GC(823)   Merge Heap Roots: 0.4ms
[2024-08-27T15:01:01.104+0000][info][gc,phases      ] GC(823)   Evacuate Collection Set: 9.5ms
[2024-08-27T15:01:01.104+0000][info][gc,phases      ] GC(823)   Post Evacuate Collection Set: 0.4ms
[2024-08-27T15:01:01.104+0000][info][gc,phases      ] GC(823)   Other: 0.2ms
[2024-08-27T15:01:01.104+0000][info][gc,heap        ] GC(823) Eden regions: 44->0(44)
[2024-08-27T15:01:01.104+0000][info][gc,heap        ] GC(823) Survivor regions: 7->7(7)
[2024-08-27T15:01:01.104+0000][info][gc,heap        ] GC(823) Old regions: 841->887
[2024-08-27T15:01:01.104+0000][info][gc,heap        ] GC(823) Archive regions: 2->2
[2024-08-27T15:01:01.104+0000][info][gc,heap        ] GC(823) Humongous regions: 5->5
[2024-08-27T15:01:01.104+0000][info][gc,metaspace   ] GC(823) Metaspace: 100K(320K)->100K(320K) NonClass: 96K(192K)->96K(192K) Class: 4K(128K)->4K(128K)
[2024-08-27T15:01:01.104+0000][info][gc             ] GC(823) Pause Young (Normal) (G1 Evacuation Pause) 897M->899M(1024M) 10.852ms
[2024-08-27T15:01:01.104+0000][info][gc,cpu         ] GC(823) User=0.22s Sys=0.02s Real=0.01s
[2024-08-27T15:01:01.137+0000][info][gc,marking     ] GC(822) Concurrent Rebuild Remembered Sets 56.547ms
[2024-08-27T15:01:01.138+0000][info][gc,start       ] GC(824) Pause Young (Normal) (G1 Evacuation Pause)
[2024-08-27T15:01:01.138+0000][info][gc,task        ] GC(824) Using 24 workers of 68 for evacuation
[2024-08-27T15:01:01.152+0000][info][gc,phases      ] GC(824)   Pre Evacuate Collection Set: 0.2ms
[2024-08-27T15:01:01.152+0000][info][gc,phases      ] GC(824)   Merge Heap Roots: 0.5ms
[2024-08-27T15:01:01.152+0000][info][gc,phases      ] GC(824)   Evacuate Collection Set: 13.3ms
[2024-08-27T15:01:01.152+0000][info][gc,phases      ] GC(824)   Post Evacuate Collection Set: 0.5ms
[2024-08-27T15:01:01.152+0000][info][gc,phases      ] GC(824)   Other: 0.2ms
[2024-08-27T15:01:01.152+0000][info][gc,heap        ] GC(824) Eden regions: 44->0(44)
[2024-08-27T15:01:01.152+0000][info][gc,heap        ] GC(824) Survivor regions: 7->7(7)
[2024-08-27T15:01:01.152+0000][info][gc,heap        ] GC(824) Old regions: 887->934
[2024-08-27T15:01:01.152+0000][info][gc,heap        ] GC(824) Archive regions: 2->2
[2024-08-27T15:01:01.152+0000][info][gc,heap        ] GC(824) Humongous regions: 5->5
[2024-08-27T15:01:01.152+0000][info][gc,metaspace   ] GC(824) Metaspace: 100K(320K)->100K(320K) NonClass: 96K(192K)->96K(192K) Class: 4K(128K)->4K(128K)
[2024-08-27T15:01:01.152+0000][info][gc             ] GC(824) Pause Young (Normal) (G1 Evacuation Pause) 943M->946M(1024M) 14.778ms
[2024-08-27T15:01:01.152+0000][info][gc,cpu         ] GC(824) User=0.33s Sys=0.00s Real=0.01s
[2024-08-27T15:01:01.153+0000][info][gc,start       ] GC(822) Pause Cleanup
[2024-08-27T15:01:01.154+0000][info][gc             ] GC(822) Pause Cleanup 947M->947M(1024M) 1.452ms
[2024-08-27T15:01:01.154+0000][info][gc,cpu         ] GC(822) User=0.00s Sys=0.00s Real=0.00s
[2024-08-27T15:01:01.154+0000][info][gc,marking     ] GC(822) Concurrent Cleanup for Next Mark
[2024-08-27T15:01:01.155+0000][info][gc,marking     ] GC(822) Concurrent Cleanup for Next Mark 0.768ms
[2024-08-27T15:01:01.155+0000][info][gc             ] GC(822) Concurrent Mark Cycle 100.477ms
[2024-08-27T15:01:01.170+0000][info][gc,start       ] GC(825) Pause Young (Prepare Mixed) (G1 Preventive Collection)
[2024-08-27T15:01:01.170+0000][info][gc,task        ] GC(825) Using 24 workers of 68 for evacuation
[2024-08-27T15:01:01.184+0000][info][gc,phases      ] GC(825)   Pre Evacuate Collection Set: 0.1ms
[2024-08-27T15:01:01.184+0000][info][gc,phases      ] GC(825)   Merge Heap Roots: 0.5ms
[2024-08-27T15:01:01.184+0000][info][gc,phases      ] GC(825)   Evacuate Collection Set: 13.1ms
[2024-08-27T15:01:01.184+0000][info][gc,phases      ] GC(825)   Post Evacuate Collection Set: 0.3ms
[2024-08-27T15:01:01.184+0000][info][gc,phases      ] GC(825)   Other: 0.2ms
[2024-08-27T15:01:01.184+0000][info][gc,heap        ] GC(825) Eden regions: 33->0(44)
[2024-08-27T15:01:01.185+0000][info][gc,heap        ] GC(825) Survivor regions: 7->7(7)
[2024-08-27T15:01:01.185+0000][info][gc,heap        ] GC(825) Old regions: 934->969
[2024-08-27T15:01:01.185+0000][info][gc,heap        ] GC(825) Archive regions: 2->2
[2024-08-27T15:01:01.185+0000][info][gc,heap        ] GC(825) Humongous regions: 5->5
[2024-08-27T15:01:01.185+0000][info][gc,metaspace   ] GC(825) Metaspace: 100K(320K)->100K(320K) NonClass: 96K(192K)->96K(192K) Class: 4K(128K)->4K(128K)
[2024-08-27T15:01:01.185+0000][info][gc             ] GC(825) Pause Young (Prepare Mixed) (G1 Preventive Collection) 979M->981M(1024M) 14.285ms
[2024-08-27T15:01:01.185+0000][info][gc,cpu         ] GC(825) User=0.33s Sys=0.01s Real=0.01s
[2024-08-27T15:01:01.192+0000][info][gc,start       ] GC(826) Pause Young (Mixed) (G1 Preventive Collection)
[2024-08-27T15:01:01.192+0000][info][gc,task        ] GC(826) Using 24 workers of 68 for evacuation
[2024-08-27T15:01:01.198+0000][info][gc,phases      ] GC(826)   Pre Evacuate Collection Set: 0.2ms
[2024-08-27T15:01:01.198+0000][info][gc,phases      ] GC(826)   Merge Heap Roots: 0.3ms
[2024-08-27T15:01:01.198+0000][info][gc,phases      ] GC(826)   Evacuate Collection Set: 5.3ms
[2024-08-27T15:01:01.198+0000][info][gc,phases      ] GC(826)   Post Evacuate Collection Set: 0.3ms
[2024-08-27T15:01:01.198+0000][info][gc,phases      ] GC(826)   Other: 0.2ms
[2024-08-27T15:01:01.198+0000][info][gc,heap        ] GC(826) Eden regions: 15->0(44)
[2024-08-27T15:01:01.198+0000][info][gc,heap        ] GC(826) Survivor regions: 7->7(7)
[2024-08-27T15:01:01.198+0000][info][gc,heap        ] GC(826) Old regions: 969->884
[2024-08-27T15:01:01.198+0000][info][gc,heap        ] GC(826) Archive regions: 2->2
[2024-08-27T15:01:01.198+0000][info][gc,heap        ] GC(826) Humongous regions: 5->5
[2024-08-27T15:01:01.198+0000][info][gc,metaspace   ] GC(826) Metaspace: 100K(320K)->100K(320K) NonClass: 96K(192K)->96K(192K) Class: 4K(128K)->4K(128K)
[2024-08-27T15:01:01.198+0000][info][gc             ] GC(826) Pause Young (Mixed) (G1 Preventive Collection) 996M->896M(1024M) 6.424ms
[2024-08-27T15:01:01.198+0000][info][gc,cpu         ] GC(826) User=0.14s Sys=0.00s Real=0.01s
[2024-08-27T15:01:01.217+0000][info][gc,start       ] GC(827) Pause Young (Mixed) (G1 Evacuation Pause)
[2024-08-27T15:01:01.217+0000][info][gc,task        ] GC(827) Using 24 workers of 68 for evacuation
[2024-08-27T15:01:01.228+0000][info][gc,phases      ] GC(827)   Pre Evacuate Collection Set: 0.2ms
[2024-08-27T15:01:01.228+0000][info][gc,phases      ] GC(827)   Merge Heap Roots: 0.4ms
[2024-08-27T15:01:01.228+0000][info][gc,phases      ] GC(827)   Evacuate Collection Set: 9.5ms
[2024-08-27T15:01:01.228+0000][info][gc,phases      ] GC(827)   Post Evacuate Collection Set: 0.4ms
[2024-08-27T15:01:01.228+0000][info][gc,phases      ] GC(827)   Other: 0.3ms
[2024-08-27T15:01:01.228+0000][info][gc,heap        ] GC(827) Eden regions: 44->0(44)
[2024-08-27T15:01:01.228+0000][info][gc,heap        ] GC(827) Survivor regions: 7->7(7)
[2024-08-27T15:01:01.228+0000][info][gc,heap        ] GC(827) Old regions: 884->826
[2024-08-27T15:01:01.228+0000][info][gc,heap        ] GC(827) Archive regions: 2->2
[2024-08-27T15:01:01.228+0000][info][gc,heap        ] GC(827) Humongous regions: 5->5
[2024-08-27T15:01:01.228+0000][info][gc,metaspace   ] GC(827) Metaspace: 100K(320K)->100K(320K) NonClass: 96K(192K)->96K(192K) Class: 4K(128K)->4K(128K)
[2024-08-27T15:01:01.228+0000][info][gc             ] GC(827) Pause Young (Mixed) (G1 Evacuation Pause) 940M->838M(1024M) 10.934ms
[2024-08-27T15:01:01.228+0000][info][gc,cpu         ] GC(827) User=0.23s Sys=0.00s Real=0.01s
[2024-08-27T15:01:01.246+0000][info][gc,start       ] GC(828) Pause Young (Mixed) (G1 Evacuation Pause)
[2024-08-27T15:01:01.246+0000][info][gc,task        ] GC(828) Using 24 workers of 68 for evacuation
[2024-08-27T15:01:01.257+0000][info][gc,phases      ] GC(828)   Pre Evacuate Collection Set: 0.2ms
[2024-08-27T15:01:01.257+0000][info][gc,phases      ] GC(828)   Merge Heap Roots: 0.4ms
[2024-08-27T15:01:01.257+0000][info][gc,phases      ] GC(828)   Evacuate Collection Set: 9.9ms
[2024-08-27T15:01:01.257+0000][info][gc,phases      ] GC(828)   Post Evacuate Collection Set: 0.4ms
[2024-08-27T15:01:01.258+0000][info][gc,phases      ] GC(828)   Other: 0.3ms
[2024-08-27T15:01:01.258+0000][info][gc,heap        ] GC(828) Eden regions: 44->0(44)
[2024-08-27T15:01:01.258+0000][info][gc,heap        ] GC(828) Survivor regions: 7->7(7)
[2024-08-27T15:01:01.258+0000][info][gc,heap        ] GC(828) Old regions: 826->770
[2024-08-27T15:01:01.258+0000][info][gc,heap        ] GC(828) Archive regions: 2->2
[2024-08-27T15:01:01.258+0000][info][gc,heap        ] GC(828) Humongous regions: 5->5
[2024-08-27T15:01:01.258+0000][info][gc,metaspace   ] GC(828) Metaspace: 100K(320K)->100K(320K) NonClass: 96K(192K)->96K(192K) Class: 4K(128K)->4K(128K)
[2024-08-27T15:01:01.258+0000][info][gc             ] GC(828) Pause Young (Mixed) (G1 Evacuation Pause) 882M->782M(1024M) 11.289ms
[2024-08-27T15:01:01.258+0000][info][gc,cpu         ] GC(828) User=0.24s Sys=0.01s Real=0.02s
[2024-08-27T15:01:01.276+0000][info][gc,start       ] GC(829) Pause Young (Mixed) (G1 Evacuation Pause)
[2024-08-27T15:01:01.276+0000][info][gc,task        ] GC(829) Using 24 workers of 68 for evacuation
[2024-08-27T15:01:01.287+0000][info][gc,phases      ] GC(829)   Pre Evacuate Collection Set: 0.2ms
[2024-08-27T15:01:01.287+0000][info][gc,phases      ] GC(829)   Merge Heap Roots: 0.3ms
[2024-08-27T15:01:01.287+0000][info][gc,phases      ] GC(829)   Evacuate Collection Set: 9.7ms
[2024-08-27T15:01:01.287+0000][info][gc,phases      ] GC(829)   Post Evacuate Collection Set: 0.3ms
[2024-08-27T15:01:01.287+0000][info][gc,phases      ] GC(829)   Other: 0.3ms
[2024-08-27T15:01:01.287+0000][info][gc,heap        ] GC(829) Eden regions: 44->0(44)
[2024-08-27T15:01:01.287+0000][info][gc,heap        ] GC(829) Survivor regions: 7->7(7)
[2024-08-27T15:01:01.287+0000][info][gc,heap        ] GC(829) Old regions: 770->778
[2024-08-27T15:01:01.287+0000][info][gc,heap        ] GC(829) Archive regions: 2->2
[2024-08-27T15:01:01.287+0000][info][gc,heap        ] GC(829) Humongous regions: 5->5
[2024-08-27T15:01:01.287+0000][info][gc,metaspace   ] GC(829) Metaspace: 100K(320K)->100K(320K) NonClass: 96K(192K)->96K(192K) Class: 4K(128K)->4K(128K)
[2024-08-27T15:01:01.287+0000][info][gc             ] GC(829) Pause Young (Mixed) (G1 Evacuation Pause) 826M->790M(1024M) 10.922ms
[2024-08-27T15:01:01.287+0000][info][gc,cpu         ] GC(829) User=0.24s Sys=0.00s Real=0.01s
[2024-08-27T15:01:01.306+0000][info][gc,start       ] GC(830) Pause Young (Concurrent Start) (G1 Evacuation Pause)
[2024-08-27T15:01:01.306+0000][info][gc,task        ] GC(830) Using 24 workers of 68 for evacuation
[2024-08-27T15:01:01.317+0000][info][gc,phases      ] GC(830)   Pre Evacuate Collection Set: 0.2ms
[2024-08-27T15:01:01.317+0000][info][gc,phases      ] GC(830)   Merge Heap Roots: 0.3ms
[2024-08-27T15:01:01.317+0000][info][gc,phases      ] GC(830)   Evacuate Collection Set: 9.7ms
[2024-08-27T15:01:01.317+0000][info][gc,phases      ] GC(830)   Post Evacuate Collection Set: 0.3ms
[2024-08-27T15:01:01.317+0000][info][gc,phases      ] GC(830)   Other: 0.6ms
[2024-08-27T15:01:01.317+0000][info][gc,heap        ] GC(830) Eden regions: 44->0(44)
[2024-08-27T15:01:01.317+0000][info][gc,heap        ] GC(830) Survivor regions: 7->7(7)
[2024-08-27T15:01:01.317+0000][info][gc,heap        ] GC(830) Old regions: 778->824
[2024-08-27T15:01:01.317+0000][info][gc,heap        ] GC(830) Archive regions: 2->2
[2024-08-27T15:01:01.317+0000][info][gc,heap        ] GC(830) Humongous regions: 5->5
[2024-08-27T15:01:01.317+0000][info][gc,metaspace   ] GC(830) Metaspace: 100K(320K)->100K(320K) NonClass: 96K(192K)->96K(192K) Class: 4K(128K)->4K(128K)
[2024-08-27T15:01:01.317+0000][info][gc             ] GC(830) Pause Young (Concurrent Start) (G1 Evacuation Pause) 834M->836M(1024M) 11.194ms
[2024-08-27T15:01:01.317+0000][info][gc,cpu         ] GC(830) User=0.24s Sys=0.00s Real=0.01s
[2024-08-27T15:01:01.317+0000][info][gc             ] GC(831) Concurrent Mark Cycle
[2024-08-27T15:01:01.317+0000][info][gc,marking     ] GC(831) Concurrent Clear Claimed Marks
[2024-08-27T15:01:01.317+0000][info][gc,marking     ] GC(831) Concurrent Clear Claimed Marks 0.014ms
[2024-08-27T15:01:01.317+0000][info][gc,marking     ] GC(831) Concurrent Scan Root Regions
[2024-08-27T15:01:01.319+0000][info][gc,marking     ] GC(831) Concurrent Scan Root Regions 1.577ms
[2024-08-27T15:01:01.319+0000][info][gc,marking     ] GC(831) Concurrent Mark
[2024-08-27T15:01:01.319+0000][info][gc,marking     ] GC(831) Concurrent Mark From Roots
[2024-08-27T15:01:01.319+0000][info][gc,task        ] GC(831) Using 17 workers of 17 for marking
[2024-08-27T15:01:01.342+0000][info][gc,marking     ] GC(831) Concurrent Mark From Roots 22.639ms
[2024-08-27T15:01:01.342+0000][info][gc,marking     ] GC(831) Concurrent Preclean
[2024-08-27T15:01:01.342+0000][info][gc,marking     ] GC(831) Concurrent Preclean 0.504ms
[2024-08-27T15:01:01.343+0000][info][gc,start       ] GC(831) Pause Remark
[2024-08-27T15:01:01.344+0000][info][gc             ] GC(831) Pause Remark 867M->867M(1024M) 1.348ms
[2024-08-27T15:01:01.344+0000][info][gc,cpu         ] GC(831) User=0.01s Sys=0.00s Real=0.00s
[2024-08-27T15:01:01.344+0000][info][gc,marking     ] GC(831) Concurrent Mark 24.895ms
[2024-08-27T15:01:01.344+0000][info][gc,marking     ] GC(831) Concurrent Rebuild Remembered Sets
[2024-08-27T15:01:01.354+0000][info][gc,start       ] GC(832) Pause Young (Normal) (G1 Evacuation Pause)
[2024-08-27T15:01:01.354+0000][info][gc,task        ] GC(832) Using 24 workers of 68 for evacuation
[2024-08-27T15:01:01.364+0000][info][gc,phases      ] GC(832)   Pre Evacuate Collection Set: 0.2ms
[2024-08-27T15:01:01.364+0000][info][gc,phases      ] GC(832)   Merge Heap Roots: 0.3ms
[2024-08-27T15:01:01.364+0000][info][gc,phases      ] GC(832)   Evacuate Collection Set: 9.2ms
[2024-08-27T15:01:01.364+0000][info][gc,phases      ] GC(832)   Post Evacuate Collection Set: 0.4ms
[2024-08-27T15:01:01.364+0000][info][gc,phases      ] GC(832)   Other: 0.2ms
[2024-08-27T15:01:01.364+0000][info][gc,heap        ] GC(832) Eden regions: 44->0(44)
[2024-08-27T15:01:01.364+0000][info][gc,heap        ] GC(832) Survivor regions: 7->7(7)
[2024-08-27T15:01:01.364+0000][info][gc,heap        ] GC(832) Old regions: 824->870
[2024-08-27T15:01:01.364+0000][info][gc,heap        ] GC(832) Archive regions: 2->2
[2024-08-27T15:01:01.364+0000][info][gc,heap        ] GC(832) Humongous regions: 5->5
[2024-08-27T15:01:01.364+0000][info][gc,metaspace   ] GC(832) Metaspace: 100K(320K)->100K(320K) NonClass: 96K(192K)->96K(192K) Class: 4K(128K)->4K(128K)
[2024-08-27T15:01:01.364+0000][info][gc             ] GC(832) Pause Young (Normal) (G1 Evacuation Pause) 880M->882M(1024M) 10.551ms
[2024-08-27T15:01:01.364+0000][info][gc,cpu         ] GC(832) User=0.23s Sys=0.00s Real=0.01s
[2024-08-27T15:01:01.398+0000][info][gc,start       ] GC(833) Pause Young (Normal) (G1 Evacuation Pause)
[2024-08-27T15:01:01.398+0000][info][gc,task        ] GC(833) Using 24 workers of 68 for evacuation
[2024-08-27T15:01:01.413+0000][info][gc,phases      ] GC(833)   Pre Evacuate Collection Set: 0.2ms
[2024-08-27T15:01:01.413+0000][info][gc,phases      ] GC(833)   Merge Heap Roots: 0.4ms
[2024-08-27T15:01:01.413+0000][info][gc,phases      ] GC(833)   Evacuate Collection Set: 13.4ms
[2024-08-27T15:01:01.413+0000][info][gc,phases      ] GC(833)   Post Evacuate Collection Set: 0.5ms
[2024-08-27T15:01:01.413+0000][info][gc,phases      ] GC(833)   Other: 0.3ms
[2024-08-27T15:01:01.413+0000][info][gc,heap        ] GC(833) Eden regions: 44->0(44)
[2024-08-27T15:01:01.413+0000][info][gc,heap        ] GC(833) Survivor regions: 7->7(7)
[2024-08-27T15:01:01.413+0000][info][gc,heap        ] GC(833) Old regions: 870->916
[2024-08-27T15:01:01.413+0000][info][gc,heap        ] GC(833) Archive regions: 2->2
[2024-08-27T15:01:01.413+0000][info][gc,heap        ] GC(833) Humongous regions: 5->5
[2024-08-27T15:01:01.413+0000][info][gc,metaspace   ] GC(833) Metaspace: 100K(320K)->100K(320K) NonClass: 96K(192K)->96K(192K) Class: 4K(128K)->4K(128K)
[2024-08-27T15:01:01.413+0000][info][gc             ] GC(833) Pause Young (Normal) (G1 Evacuation Pause) 926M->928M(1024M) 14.831ms
[2024-08-27T15:01:01.413+0000][info][gc,cpu         ] GC(833) User=0.34s Sys=0.00s Real=0.01s
[2024-08-27T15:01:01.414+0000][info][gc,marking     ] GC(831) Concurrent Rebuild Remembered Sets 70.382ms
[2024-08-27T15:01:01.415+0000][info][gc,start       ] GC(831) Pause Cleanup
[2024-08-27T15:01:01.416+0000][info][gc             ] GC(831) Pause Cleanup 931M->931M(1024M) 1.471ms
[2024-08-27T15:01:01.416+0000][info][gc,cpu         ] GC(831) User=0.00s Sys=0.00s Real=0.00s
[2024-08-27T15:01:01.416+0000][info][gc,marking     ] GC(831) Concurrent Cleanup for Next Mark
[2024-08-27T15:01:01.417+0000][info][gc,marking     ] GC(831) Concurrent Cleanup for Next Mark 0.634ms
[2024-08-27T15:01:01.417+0000][info][gc             ] GC(831) Concurrent Mark Cycle 99.392ms
[2024-08-27T15:01:01.435+0000][info][gc,start       ] GC(834) Pause Young (Prepare Mixed) (G1 Preventive Collection)
[2024-08-27T15:01:01.435+0000][info][gc,task        ] GC(834) Using 24 workers of 68 for evacuation
[2024-08-27T15:01:01.450+0000][info][gc,phases      ] GC(834)   Pre Evacuate Collection Set: 0.2ms
[2024-08-27T15:01:01.450+0000][info][gc,phases      ] GC(834)   Merge Heap Roots: 0.5ms
[2024-08-27T15:01:01.450+0000][info][gc,phases      ] GC(834)   Evacuate Collection Set: 14.1ms
[2024-08-27T15:01:01.450+0000][info][gc,phases      ] GC(834)   Post Evacuate Collection Set: 0.3ms
[2024-08-27T15:01:01.450+0000][info][gc,phases      ] GC(834)   Other: 0.2ms
[2024-08-27T15:01:01.450+0000][info][gc,heap        ] GC(834) Eden regions: 41->0(44)
[2024-08-27T15:01:01.450+0000][info][gc,heap        ] GC(834) Survivor regions: 7->7(7)
[2024-08-27T15:01:01.450+0000][info][gc,heap        ] GC(834) Old regions: 916->960
[2024-08-27T15:01:01.450+0000][info][gc,heap        ] GC(834) Archive regions: 2->2
[2024-08-27T15:01:01.450+0000][info][gc,heap        ] GC(834) Humongous regions: 5->5
[2024-08-27T15:01:01.450+0000][info][gc,metaspace   ] GC(834) Metaspace: 100K(320K)->100K(320K) NonClass: 96K(192K)->96K(192K) Class: 4K(128K)->4K(128K)
[2024-08-27T15:01:01.450+0000][info][gc             ] GC(834) Pause Young (Prepare Mixed) (G1 Preventive Collection) 969M->972M(1024M) 15.418ms
[2024-08-27T15:01:01.450+0000][info][gc,cpu         ] GC(834) User=0.35s Sys=0.01s Real=0.02s
[2024-08-27T15:01:01.461+0000][info][gc,start       ] GC(835) Pause Young (Mixed) (G1 Preventive Collection)
[2024-08-27T15:01:01.461+0000][info][gc,task        ] GC(835) Using 24 workers of 68 for evacuation
[2024-08-27T15:01:01.469+0000][info][gc,phases      ] GC(835)   Pre Evacuate Collection Set: 0.2ms
[2024-08-27T15:01:01.469+0000][info][gc,phases      ] GC(835)   Merge Heap Roots: 0.3ms
[2024-08-27T15:01:01.469+0000][info][gc,phases      ] GC(835)   Evacuate Collection Set: 7.0ms
[2024-08-27T15:01:01.469+0000][info][gc,phases      ] GC(835)   Post Evacuate Collection Set: 0.4ms
[2024-08-27T15:01:01.469+0000][info][gc,phases      ] GC(835)   Other: 0.3ms
[2024-08-27T15:01:01.469+0000][info][gc,heap        ] GC(835) Eden regions: 20->0(44)
[2024-08-27T15:01:01.469+0000][info][gc,heap        ] GC(835) Survivor regions: 7->7(7)
[2024-08-27T15:01:01.469+0000][info][gc,heap        ] GC(835) Old regions: 960->880
[2024-08-27T15:01:01.469+0000][info][gc,heap        ] GC(835) Archive regions: 2->2
[2024-08-27T15:01:01.469+0000][info][gc,heap        ] GC(835) Humongous regions: 5->5
[2024-08-27T15:01:01.469+0000][info][gc,metaspace   ] GC(835) Metaspace: 100K(320K)->100K(320K) NonClass: 96K(192K)->96K(192K) Class: 4K(128K)->4K(128K)
[2024-08-27T15:01:01.469+0000][info][gc             ] GC(835) Pause Young (Mixed) (G1 Preventive Collection) 992M->892M(1024M) 8.278ms
[2024-08-27T15:01:01.469+0000][info][gc,cpu         ] GC(835) User=0.17s Sys=0.00s Real=0.00s
[2024-08-27T15:01:01.490+0000][info][gc,start       ] GC(836) Pause Young (Mixed) (G1 Evacuation Pause)
[2024-08-27T15:01:01.490+0000][info][gc,task        ] GC(836) Using 24 workers of 68 for evacuation
[2024-08-27T15:01:01.502+0000][info][gc,phases      ] GC(836)   Pre Evacuate Collection Set: 0.2ms
[2024-08-27T15:01:01.502+0000][info][gc,phases      ] GC(836)   Merge Heap Roots: 0.4ms
[2024-08-27T15:01:01.502+0000][info][gc,phases      ] GC(836)   Evacuate Collection Set: 11.0ms
[2024-08-27T15:01:01.502+0000][info][gc,phases      ] GC(836)   Post Evacuate Collection Set: 0.4ms
[2024-08-27T15:01:01.502+0000][info][gc,phases      ] GC(836)   Other: 0.2ms
[2024-08-27T15:01:01.502+0000][info][gc,heap        ] GC(836) Eden regions: 44->0(44)
[2024-08-27T15:01:01.502+0000][info][gc,heap        ] GC(836) Survivor regions: 7->7(7)
[2024-08-27T15:01:01.502+0000][info][gc,heap        ] GC(836) Old regions: 880->823
[2024-08-27T15:01:01.502+0000][info][gc,heap        ] GC(836) Archive regions: 2->2
[2024-08-27T15:01:01.502+0000][info][gc,heap        ] GC(836) Humongous regions: 5->5
[2024-08-27T15:01:01.502+0000][info][gc,metaspace   ] GC(836) Metaspace: 100K(320K)->100K(320K) NonClass: 96K(192K)->96K(192K) Class: 4K(128K)->4K(128K)
[2024-08-27T15:01:01.502+0000][info][gc             ] GC(836) Pause Young (Mixed) (G1 Evacuation Pause) 936M->835M(1024M) 12.196ms
[2024-08-27T15:01:01.502+0000][info][gc,cpu         ] GC(836) User=0.27s Sys=0.00s Real=0.01s
[2024-08-27T15:01:01.523+0000][info][gc,start       ] GC(837) Pause Young (Mixed) (G1 Evacuation Pause)
[2024-08-27T15:01:01.523+0000][info][gc,task        ] GC(837) Using 24 workers of 68 for evacuation
[2024-08-27T15:01:01.535+0000][info][gc,phases      ] GC(837)   Pre Evacuate Collection Set: 0.2ms
[2024-08-27T15:01:01.535+0000][info][gc,phases      ] GC(837)   Merge Heap Roots: 0.4ms
[2024-08-27T15:01:01.535+0000][info][gc,phases      ] GC(837)   Evacuate Collection Set: 10.5ms
[2024-08-27T15:01:01.535+0000][info][gc,phases      ] GC(837)   Post Evacuate Collection Set: 0.4ms
[2024-08-27T15:01:01.535+0000][info][gc,phases      ] GC(837)   Other: 0.2ms
[2024-08-27T15:01:01.535+0000][info][gc,heap        ] GC(837) Eden regions: 44->0(44)
[2024-08-27T15:01:01.535+0000][info][gc,heap        ] GC(837) Survivor regions: 7->7(7)
[2024-08-27T15:01:01.535+0000][info][gc,heap        ] GC(837) Old regions: 823->767
[2024-08-27T15:01:01.535+0000][info][gc,heap        ] GC(837) Archive regions: 2->2
[2024-08-27T15:01:01.535+0000][info][gc,heap        ] GC(837) Humongous regions: 5->5
[2024-08-27T15:01:01.535+0000][info][gc,metaspace   ] GC(837) Metaspace: 100K(320K)->100K(320K) NonClass: 96K(192K)->96K(192K) Class: 4K(128K)->4K(128K)
[2024-08-27T15:01:01.535+0000][info][gc             ] GC(837) Pause Young (Mixed) (G1 Evacuation Pause) 879M->779M(1024M) 11.781ms
[2024-08-27T15:01:01.535+0000][info][gc,cpu         ] GC(837) User=0.26s Sys=0.00s Real=0.01s
[2024-08-27T15:01:01.555+0000][info][gc,start       ] GC(838) Pause Young (Mixed) (G1 Evacuation Pause)
[2024-08-27T15:01:01.555+0000][info][gc,task        ] GC(838) Using 24 workers of 68 for evacuation
[2024-08-27T15:01:01.567+0000][info][gc,phases      ] GC(838)   Pre Evacuate Collection Set: 0.2ms
[2024-08-27T15:01:01.567+0000][info][gc,phases      ] GC(838)   Merge Heap Roots: 0.3ms
[2024-08-27T15:01:01.567+0000][info][gc,phases      ] GC(838)   Evacuate Collection Set: 10.7ms
[2024-08-27T15:01:01.567+0000][info][gc,phases      ] GC(838)   Post Evacuate Collection Set: 0.3ms
[2024-08-27T15:01:01.567+0000][info][gc,phases      ] GC(838)   Other: 0.3ms
[2024-08-27T15:01:01.567+0000][info][gc,heap        ] GC(838) Eden regions: 44->0(44)
[2024-08-27T15:01:01.567+0000][info][gc,heap        ] GC(838) Survivor regions: 7->7(7)
[2024-08-27T15:01:01.567+0000][info][gc,heap        ] GC(838) Old regions: 767->789
[2024-08-27T15:01:01.567+0000][info][gc,heap        ] GC(838) Archive regions: 2->2
[2024-08-27T15:01:01.567+0000][info][gc,heap        ] GC(838) Humongous regions: 5->5
[2024-08-27T15:01:01.567+0000][info][gc,metaspace   ] GC(838) Metaspace: 100K(320K)->100K(320K) NonClass: 96K(192K)->96K(192K) Class: 4K(128K)->4K(128K)
[2024-08-27T15:01:01.567+0000][info][gc             ] GC(838) Pause Young (Mixed) (G1 Evacuation Pause) 823M->801M(1024M) 11.852ms
[2024-08-27T15:01:01.567+0000][info][gc,cpu         ] GC(838) User=0.26s Sys=0.00s Real=0.01s
[2024-08-27T15:01:01.588+0000][info][gc,start       ] GC(839) Pause Young (Concurrent Start) (G1 Evacuation Pause)
[2024-08-27T15:01:01.588+0000][info][gc,task        ] GC(839) Using 24 workers of 68 for evacuation
[2024-08-27T15:01:01.599+0000][info][gc,phases      ] GC(839)   Pre Evacuate Collection Set: 0.2ms
[2024-08-27T15:01:01.599+0000][info][gc,phases      ] GC(839)   Merge Heap Roots: 0.3ms
[2024-08-27T15:01:01.599+0000][info][gc,phases      ] GC(839)   Evacuate Collection Set: 9.8ms
[2024-08-27T15:01:01.599+0000][info][gc,phases      ] GC(839)   Post Evacuate Collection Set: 0.3ms
[2024-08-27T15:01:01.599+0000][info][gc,phases      ] GC(839)   Other: 0.6ms
[2024-08-27T15:01:01.599+0000][info][gc,heap        ] GC(839) Eden regions: 44->0(44)
[2024-08-27T15:01:01.599+0000][info][gc,heap        ] GC(839) Survivor regions: 7->7(7)
[2024-08-27T15:01:01.599+0000][info][gc,heap        ] GC(839) Old regions: 789->836
[2024-08-27T15:01:01.599+0000][info][gc,heap        ] GC(839) Archive regions: 2->2
[2024-08-27T15:01:01.599+0000][info][gc,heap        ] GC(839) Humongous regions: 5->5
[2024-08-27T15:01:01.599+0000][info][gc,metaspace   ] GC(839) Metaspace: 100K(320K)->100K(320K) NonClass: 96K(192K)->96K(192K) Class: 4K(128K)->4K(128K)
[2024-08-27T15:01:01.599+0000][info][gc             ] GC(839) Pause Young (Concurrent Start) (G1 Evacuation Pause) 845M->848M(1024M) 11.284ms
[2024-08-27T15:01:01.599+0000][info][gc,cpu         ] GC(839) User=0.24s Sys=0.00s Real=0.02s
[2024-08-27T15:01:01.599+0000][info][gc             ] GC(840) Concurrent Mark Cycle
[2024-08-27T15:01:01.599+0000][info][gc,marking     ] GC(840) Concurrent Clear Claimed Marks
[2024-08-27T15:01:01.599+0000][info][gc,marking     ] GC(840) Concurrent Clear Claimed Marks 0.012ms
[2024-08-27T15:01:01.599+0000][info][gc,marking     ] GC(840) Concurrent Scan Root Regions
[2024-08-27T15:01:01.601+0000][info][gc,marking     ] GC(840) Concurrent Scan Root Regions 1.726ms
[2024-08-27T15:01:01.601+0000][info][gc,marking     ] GC(840) Concurrent Mark
[2024-08-27T15:01:01.601+0000][info][gc,marking     ] GC(840) Concurrent Mark From Roots
[2024-08-27T15:01:01.601+0000][info][gc,task        ] GC(840) Using 17 workers of 17 for marking
[2024-08-27T15:01:01.623+0000][info][gc,marking     ] GC(840) Concurrent Mark From Roots 22.471ms
[2024-08-27T15:01:01.624+0000][info][gc,marking     ] GC(840) Concurrent Preclean
[2024-08-27T15:01:01.624+0000][info][gc,marking     ] GC(840) Concurrent Preclean 0.504ms
[2024-08-27T15:01:01.624+0000][info][gc,start       ] GC(840) Pause Remark
[2024-08-27T15:01:01.626+0000][info][gc             ] GC(840) Pause Remark 878M->878M(1024M) 1.394ms
[2024-08-27T15:01:01.626+0000][info][gc,cpu         ] GC(840) User=0.01s Sys=0.00s Real=0.00s
[2024-08-27T15:01:01.626+0000][info][gc,marking     ] GC(840) Concurrent Mark 24.791ms
[2024-08-27T15:01:01.626+0000][info][gc,marking     ] GC(840) Concurrent Rebuild Remembered Sets
[2024-08-27T15:01:01.637+0000][info][gc,start       ] GC(841) Pause Young (Normal) (G1 Evacuation Pause)
[2024-08-27T15:01:01.637+0000][info][gc,task        ] GC(841) Using 24 workers of 68 for evacuation
[2024-08-27T15:01:01.648+0000][info][gc,phases      ] GC(841)   Pre Evacuate Collection Set: 0.2ms
[2024-08-27T15:01:01.648+0000][info][gc,phases      ] GC(841)   Merge Heap Roots: 0.4ms
[2024-08-27T15:01:01.648+0000][info][gc,phases      ] GC(841)   Evacuate Collection Set: 9.6ms
[2024-08-27T15:01:01.648+0000][info][gc,phases      ] GC(841)   Post Evacuate Collection Set: 0.4ms
[2024-08-27T15:01:01.648+0000][info][gc,phases      ] GC(841)   Other: 0.3ms
[2024-08-27T15:01:01.648+0000][info][gc,heap        ] GC(841) Eden regions: 44->0(44)
[2024-08-27T15:01:01.648+0000][info][gc,heap        ] GC(841) Survivor regions: 7->7(7)
[2024-08-27T15:01:01.648+0000][info][gc,heap        ] GC(841) Old regions: 836->882
[2024-08-27T15:01:01.648+0000][info][gc,heap        ] GC(841) Archive regions: 2->2
[2024-08-27T15:01:01.648+0000][info][gc,heap        ] GC(841) Humongous regions: 5->5
[2024-08-27T15:01:01.648+0000][info][gc,metaspace   ] GC(841) Metaspace: 100K(320K)->100K(320K) NonClass: 96K(192K)->96K(192K) Class: 4K(128K)->4K(128K)
[2024-08-27T15:01:01.648+0000][info][gc             ] GC(841) Pause Young (Normal) (G1 Evacuation Pause) 892M->894M(1024M) 11.006ms
[2024-08-27T15:01:01.648+0000][info][gc,cpu         ] GC(841) User=0.24s Sys=0.01s Real=0.01s
[2024-08-27T15:01:01.683+0000][info][gc,marking     ] GC(840) Concurrent Rebuild Remembered Sets 56.719ms
[2024-08-27T15:01:01.683+0000][info][gc,start       ] GC(840) Pause Cleanup
[2024-08-27T15:01:01.685+0000][info][gc             ] GC(840) Pause Cleanup 938M->938M(1024M) 2.488ms
[2024-08-27T15:01:01.685+0000][info][gc,cpu         ] GC(840) User=0.00s Sys=0.00s Real=0.00s
[2024-08-27T15:01:01.685+0000][info][gc,marking     ] GC(840) Concurrent Cleanup for Next Mark
[2024-08-27T15:01:01.686+0000][info][gc,marking     ] GC(840) Concurrent Cleanup for Next Mark 0.671ms
[2024-08-27T15:01:01.686+0000][info][gc             ] GC(840) Concurrent Mark Cycle 87.062ms
[2024-08-27T15:01:01.686+0000][info][gc,start       ] GC(842) Pause Young (Prepare Mixed) (G1 Evacuation Pause)
[2024-08-27T15:01:01.686+0000][info][gc,task        ] GC(842) Using 24 workers of 68 for evacuation
[2024-08-27T15:01:01.701+0000][info][gc,phases      ] GC(842)   Pre Evacuate Collection Set: 0.2ms
[2024-08-27T15:01:01.701+0000][info][gc,phases      ] GC(842)   Merge Heap Roots: 0.4ms
[2024-08-27T15:01:01.701+0000][info][gc,phases      ] GC(842)   Evacuate Collection Set: 13.5ms
[2024-08-27T15:01:01.701+0000][info][gc,phases      ] GC(842)   Post Evacuate Collection Set: 0.3ms
[2024-08-27T15:01:01.701+0000][info][gc,phases      ] GC(842)   Other: 0.2ms
[2024-08-27T15:01:01.701+0000][info][gc,heap        ] GC(842) Eden regions: 44->0(44)
[2024-08-27T15:01:01.701+0000][info][gc,heap        ] GC(842) Survivor regions: 7->7(7)
[2024-08-27T15:01:01.701+0000][info][gc,heap        ] GC(842) Old regions: 882->928
[2024-08-27T15:01:01.701+0000][info][gc,heap        ] GC(842) Archive regions: 2->2
[2024-08-27T15:01:01.701+0000][info][gc,heap        ] GC(842) Humongous regions: 5->5
[2024-08-27T15:01:01.701+0000][info][gc,metaspace   ] GC(842) Metaspace: 100K(320K)->100K(320K) NonClass: 96K(192K)->96K(192K) Class: 4K(128K)->4K(128K)
[2024-08-27T15:01:01.701+0000][info][gc             ] GC(842) Pause Young (Prepare Mixed) (G1 Evacuation Pause) 938M->940M(1024M) 14.646ms
[2024-08-27T15:01:01.701+0000][info][gc,cpu         ] GC(842) User=0.33s Sys=0.00s Real=0.02s
[2024-08-27T15:01:01.719+0000][info][gc,start       ] GC(843) Pause Young (Mixed) (G1 Preventive Collection)
[2024-08-27T15:01:01.719+0000][info][gc,task        ] GC(843) Using 24 workers of 68 for evacuation
[2024-08-27T15:01:01.729+0000][info][gc,phases      ] GC(843)   Pre Evacuate Collection Set: 0.2ms
[2024-08-27T15:01:01.729+0000][info][gc,phases      ] GC(843)   Merge Heap Roots: 0.3ms
[2024-08-27T15:01:01.729+0000][info][gc,phases      ] GC(843)   Evacuate Collection Set: 8.8ms
[2024-08-27T15:01:01.729+0000][info][gc,phases      ] GC(843)   Post Evacuate Collection Set: 0.4ms
[2024-08-27T15:01:01.729+0000][info][gc,phases      ] GC(843)   Other: 0.2ms
[2024-08-27T15:01:01.729+0000][info][gc,heap        ] GC(843) Eden regions: 35->0(44)
[2024-08-27T15:01:01.729+0000][info][gc,heap        ] GC(843) Survivor regions: 7->7(7)
[2024-08-27T15:01:01.729+0000][info][gc,heap        ] GC(843) Old regions: 928->864
[2024-08-27T15:01:01.729+0000][info][gc,heap        ] GC(843) Archive regions: 2->2
[2024-08-27T15:01:01.729+0000][info][gc,heap        ] GC(843) Humongous regions: 5->5
[2024-08-27T15:01:01.729+0000][info][gc,metaspace   ] GC(843) Metaspace: 100K(320K)->100K(320K) NonClass: 96K(192K)->96K(192K) Class: 4K(128K)->4K(128K)
[2024-08-27T15:01:01.729+0000][info][gc             ] GC(843) Pause Young (Mixed) (G1 Preventive Collection) 975M->876M(1024M) 10.052ms
[2024-08-27T15:01:01.729+0000][info][gc,cpu         ] GC(843) User=0.21s Sys=0.00s Real=0.00s
[2024-08-27T15:01:01.750+0000][info][gc,start       ] GC(844) Pause Young (Mixed) (G1 Evacuation Pause)
[2024-08-27T15:01:01.750+0000][info][gc,task        ] GC(844) Using 24 workers of 68 for evacuation
[2024-08-27T15:01:01.761+0000][info][gc,phases      ] GC(844)   Pre Evacuate Collection Set: 0.2ms
[2024-08-27T15:01:01.761+0000][info][gc,phases      ] GC(844)   Merge Heap Roots: 0.4ms
[2024-08-27T15:01:01.761+0000][info][gc,phases      ] GC(844)   Evacuate Collection Set: 10.3ms
[2024-08-27T15:01:01.761+0000][info][gc,phases      ] GC(844)   Post Evacuate Collection Set: 0.4ms
[2024-08-27T15:01:01.761+0000][info][gc,phases      ] GC(844)   Other: 0.2ms
[2024-08-27T15:01:01.761+0000][info][gc,heap        ] GC(844) Eden regions: 44->0(44)
[2024-08-27T15:01:01.761+0000][info][gc,heap        ] GC(844) Survivor regions: 7->7(7)
[2024-08-27T15:01:01.761+0000][info][gc,heap        ] GC(844) Old regions: 864->806
[2024-08-27T15:01:01.761+0000][info][gc,heap        ] GC(844) Archive regions: 2->2
[2024-08-27T15:01:01.761+0000][info][gc,heap        ] GC(844) Humongous regions: 5->5
[2024-08-27T15:01:01.761+0000][info][gc,metaspace   ] GC(844) Metaspace: 100K(320K)->100K(320K) NonClass: 96K(192K)->96K(192K) Class: 4K(128K)->4K(128K)
[2024-08-27T15:01:01.761+0000][info][gc             ] GC(844) Pause Young (Mixed) (G1 Evacuation Pause) 920M->818M(1024M) 11.640ms
[2024-08-27T15:01:01.761+0000][info][gc,cpu         ] GC(844) User=0.26s Sys=0.01s Real=0.01s
[2024-08-27T15:01:01.782+0000][info][gc,start       ] GC(845) Pause Young (Mixed) (G1 Evacuation Pause)
[2024-08-27T15:01:01.783+0000][info][gc,task        ] GC(845) Using 24 workers of 68 for evacuation
[2024-08-27T15:01:01.794+0000][info][gc,phases      ] GC(845)   Pre Evacuate Collection Set: 0.2ms
[2024-08-27T15:01:01.794+0000][info][gc,phases      ] GC(845)   Merge Heap Roots: 0.4ms
[2024-08-27T15:01:01.794+0000][info][gc,phases      ] GC(845)   Evacuate Collection Set: 10.0ms
[2024-08-27T15:01:01.794+0000][info][gc,phases      ] GC(845)   Post Evacuate Collection Set: 0.5ms
[2024-08-27T15:01:01.794+0000][info][gc,phases      ] GC(845)   Other: 0.3ms
[2024-08-27T15:01:01.794+0000][info][gc,heap        ] GC(845) Eden regions: 44->0(44)
[2024-08-27T15:01:01.794+0000][info][gc,heap        ] GC(845) Survivor regions: 7->7(7)
[2024-08-27T15:01:01.794+0000][info][gc,heap        ] GC(845) Old regions: 806->750
[2024-08-27T15:01:01.794+0000][info][gc,heap        ] GC(845) Archive regions: 2->2
[2024-08-27T15:01:01.794+0000][info][gc,heap        ] GC(845) Humongous regions: 5->5
[2024-08-27T15:01:01.794+0000][info][gc,metaspace   ] GC(845) Metaspace: 100K(320K)->100K(320K) NonClass: 96K(192K)->96K(192K) Class: 4K(128K)->4K(128K)
[2024-08-27T15:01:01.794+0000][info][gc             ] GC(845) Pause Young (Mixed) (G1 Evacuation Pause) 862M->762M(1024M) 11.526ms
[2024-08-27T15:01:01.794+0000][info][gc,cpu         ] GC(845) User=0.24s Sys=0.01s Real=0.01s
[2024-08-27T15:01:01.814+0000][info][gc,start       ] GC(846) Pause Young (Mixed) (G1 Evacuation Pause)
[2024-08-27T15:01:01.814+0000][info][gc,task        ] GC(846) Using 24 workers of 68 for evacuation
[2024-08-27T15:01:01.825+0000][info][gc,phases      ] GC(846)   Pre Evacuate Collection Set: 0.2ms
[2024-08-27T15:01:01.825+0000][info][gc,phases      ] GC(846)   Merge Heap Roots: 0.3ms
[2024-08-27T15:01:01.825+0000][info][gc,phases      ] GC(846)   Evacuate Collection Set: 10.0ms
[2024-08-27T15:01:01.825+0000][info][gc,phases      ] GC(846)   Post Evacuate Collection Set: 0.3ms
[2024-08-27T15:01:01.825+0000][info][gc,phases      ] GC(846)   Other: 0.2ms
[2024-08-27T15:01:01.825+0000][info][gc,heap        ] GC(846) Eden regions: 44->0(45)
[2024-08-27T15:01:01.825+0000][info][gc,heap        ] GC(846) Survivor regions: 7->7(7)
[2024-08-27T15:01:01.825+0000][info][gc,heap        ] GC(846) Old regions: 750->764
[2024-08-27T15:01:01.825+0000][info][gc,heap        ] GC(846) Archive regions: 2->2
[2024-08-27T15:01:01.825+0000][info][gc,heap        ] GC(846) Humongous regions: 5->5
[2024-08-27T15:01:01.825+0000][info][gc,metaspace   ] GC(846) Metaspace: 100K(320K)->100K(320K) NonClass: 96K(192K)->96K(192K) Class: 4K(128K)->4K(128K)
[2024-08-27T15:01:01.825+0000][info][gc             ] GC(846) Pause Young (Mixed) (G1 Evacuation Pause) 806M->776M(1024M) 11.113ms
[2024-08-27T15:01:01.826+0000][info][gc,cpu         ] GC(846) User=0.24s Sys=0.00s Real=0.01s
[2024-08-27T15:01:01.846+0000][info][gc,start       ] GC(847) Pause Young (Concurrent Start) (G1 Evacuation Pause)
[2024-08-27T15:01:01.846+0000][info][gc,task        ] GC(847) Using 24 workers of 68 for evacuation
[2024-08-27T15:01:01.858+0000][info][gc,phases      ] GC(847)   Pre Evacuate Collection Set: 0.2ms
[2024-08-27T15:01:01.858+0000][info][gc,phases      ] GC(847)   Merge Heap Roots: 0.4ms
[2024-08-27T15:01:01.858+0000][info][gc,phases      ] GC(847)   Evacuate Collection Set: 9.7ms
[2024-08-27T15:01:01.858+0000][info][gc,phases      ] GC(847)   Post Evacuate Collection Set: 0.3ms
[2024-08-27T15:01:01.858+0000][info][gc,phases      ] GC(847)   Other: 0.7ms
[2024-08-27T15:01:01.858+0000][info][gc,heap        ] GC(847) Eden regions: 45->0(44)
[2024-08-27T15:01:01.858+0000][info][gc,heap        ] GC(847) Survivor regions: 7->7(7)
[2024-08-27T15:01:01.858+0000][info][gc,heap        ] GC(847) Old regions: 764->811
[2024-08-27T15:01:01.858+0000][info][gc,heap        ] GC(847) Archive regions: 2->2
[2024-08-27T15:01:01.858+0000][info][gc,heap        ] GC(847) Humongous regions: 5->5
[2024-08-27T15:01:01.858+0000][info][gc,metaspace   ] GC(847) Metaspace: 100K(320K)->100K(320K) NonClass: 96K(192K)->96K(192K) Class: 4K(128K)->4K(128K)
[2024-08-27T15:01:01.858+0000][info][gc             ] GC(847) Pause Young (Concurrent Start) (G1 Evacuation Pause) 821M->823M(1024M) 11.401ms
[2024-08-27T15:01:01.858+0000][info][gc,cpu         ] GC(847) User=0.24s Sys=0.01s Real=0.02s
[2024-08-27T15:01:01.858+0000][info][gc             ] GC(848) Concurrent Mark Cycle
[2024-08-27T15:01:01.858+0000][info][gc,marking     ] GC(848) Concurrent Clear Claimed Marks
[2024-08-27T15:01:01.858+0000][info][gc,marking     ] GC(848) Concurrent Clear Claimed Marks 0.012ms
[2024-08-27T15:01:01.858+0000][info][gc,marking     ] GC(848) Concurrent Scan Root Regions
[2024-08-27T15:01:01.860+0000][info][gc,marking     ] GC(848) Concurrent Scan Root Regions 1.621ms
[2024-08-27T15:01:01.860+0000][info][gc,marking     ] GC(848) Concurrent Mark
[2024-08-27T15:01:01.860+0000][info][gc,marking     ] GC(848) Concurrent Mark From Roots
[2024-08-27T15:01:01.860+0000][info][gc,task        ] GC(848) Using 17 workers of 17 for marking
[2024-08-27T15:01:01.882+0000][info][gc,marking     ] GC(848) Concurrent Mark From Roots 22.396ms
[2024-08-27T15:01:01.882+0000][info][gc,marking     ] GC(848) Concurrent Preclean
[2024-08-27T15:01:01.883+0000][info][gc,marking     ] GC(848) Concurrent Preclean 0.702ms
[2024-08-27T15:01:01.883+0000][info][gc,start       ] GC(848) Pause Remark
[2024-08-27T15:01:01.884+0000][info][gc             ] GC(848) Pause Remark 853M->853M(1024M) 1.367ms
[2024-08-27T15:01:01.885+0000][info][gc,cpu         ] GC(848) User=0.01s Sys=0.00s Real=0.00s
[2024-08-27T15:01:01.885+0000][info][gc,marking     ] GC(848) Concurrent Mark 24.911ms
[2024-08-27T15:01:01.885+0000][info][gc,marking     ] GC(848) Concurrent Rebuild Remembered Sets
[2024-08-27T15:01:01.896+0000][info][gc,start       ] GC(849) Pause Young (Normal) (G1 Evacuation Pause)
[2024-08-27T15:01:01.896+0000][info][gc,task        ] GC(849) Using 24 workers of 68 for evacuation
[2024-08-27T15:01:01.907+0000][info][gc,phases      ] GC(849)   Pre Evacuate Collection Set: 0.2ms
[2024-08-27T15:01:01.907+0000][info][gc,phases      ] GC(849)   Merge Heap Roots: 0.4ms
[2024-08-27T15:01:01.907+0000][info][gc,phases      ] GC(849)   Evacuate Collection Set: 9.4ms
[2024-08-27T15:01:01.907+0000][info][gc,phases      ] GC(849)   Post Evacuate Collection Set: 0.4ms
[2024-08-27T15:01:01.907+0000][info][gc,phases      ] GC(849)   Other: 0.3ms
[2024-08-27T15:01:01.907+0000][info][gc,heap        ] GC(849) Eden regions: 44->0(44)
[2024-08-27T15:01:01.907+0000][info][gc,heap        ] GC(849) Survivor regions: 7->7(7)
[2024-08-27T15:01:01.907+0000][info][gc,heap        ] GC(849) Old regions: 811->857
[2024-08-27T15:01:01.907+0000][info][gc,heap        ] GC(849) Archive regions: 2->2
[2024-08-27T15:01:01.907+0000][info][gc,heap        ] GC(849) Humongous regions: 5->5
[2024-08-27T15:01:01.907+0000][info][gc,metaspace   ] GC(849) Metaspace: 100K(320K)->100K(320K) NonClass: 96K(192K)->96K(192K) Class: 4K(128K)->4K(128K)
[2024-08-27T15:01:01.907+0000][info][gc             ] GC(849) Pause Young (Normal) (G1 Evacuation Pause) 867M->869M(1024M) 10.743ms
[2024-08-27T15:01:01.907+0000][info][gc,cpu         ] GC(849) User=0.23s Sys=0.00s Real=0.01s
[2024-08-27T15:01:01.942+0000][info][gc,start       ] GC(850) Pause Young (Normal) (G1 Evacuation Pause)
[2024-08-27T15:01:01.943+0000][info][gc,task        ] GC(850) Using 24 workers of 68 for evacuation
[2024-08-27T15:01:01.957+0000][info][gc,phases      ] GC(850)   Pre Evacuate Collection Set: 0.2ms
[2024-08-27T15:01:01.957+0000][info][gc,phases      ] GC(850)   Merge Heap Roots: 0.4ms
[2024-08-27T15:01:01.957+0000][info][gc,phases      ] GC(850)   Evacuate Collection Set: 13.3ms
[2024-08-27T15:01:01.957+0000][info][gc,phases      ] GC(850)   Post Evacuate Collection Set: 0.5ms
[2024-08-27T15:01:01.957+0000][info][gc,phases      ] GC(850)   Other: 0.3ms
[2024-08-27T15:01:01.957+0000][info][gc,heap        ] GC(850) Eden regions: 44->0(44)
[2024-08-27T15:01:01.957+0000][info][gc,heap        ] GC(850) Survivor regions: 7->7(7)
[2024-08-27T15:01:01.957+0000][info][gc,heap        ] GC(850) Old regions: 857->904
[2024-08-27T15:01:01.957+0000][info][gc,heap        ] GC(850) Archive regions: 2->2
[2024-08-27T15:01:01.957+0000][info][gc,heap        ] GC(850) Humongous regions: 5->5
[2024-08-27T15:01:01.957+0000][info][gc,metaspace   ] GC(850) Metaspace: 100K(320K)->100K(320K) NonClass: 96K(192K)->96K(192K) Class: 4K(128K)->4K(128K)
[2024-08-27T15:01:01.957+0000][info][gc             ] GC(850) Pause Young (Normal) (G1 Evacuation Pause) 913M->916M(1024M) 14.671ms
[2024-08-27T15:01:01.957+0000][info][gc,cpu         ] GC(850) User=0.33s Sys=0.00s Real=0.01s
[2024-08-27T15:01:01.958+0000][info][gc,marking     ] GC(848) Concurrent Rebuild Remembered Sets 73.127ms
[2024-08-27T15:01:01.958+0000][info][gc,start       ] GC(848) Pause Cleanup
[2024-08-27T15:01:01.959+0000][info][gc             ] GC(848) Pause Cleanup 917M->917M(1024M) 1.512ms
[2024-08-27T15:01:01.959+0000][info][gc,cpu         ] GC(848) User=0.00s Sys=0.00s Real=0.00s
[2024-08-27T15:01:01.959+0000][info][gc,marking     ] GC(848) Concurrent Cleanup for Next Mark
[2024-08-27T15:01:01.960+0000][info][gc,marking     ] GC(848) Concurrent Cleanup for Next Mark 0.591ms
[2024-08-27T15:01:01.960+0000][info][gc             ] GC(848) Concurrent Mark Cycle 102.191ms
[2024-08-27T15:01:01.982+0000][info][gc,start       ] GC(851) Pause Young (Prepare Mixed) (G1 Evacuation Pause)
[2024-08-27T15:01:01.982+0000][info][gc,task        ] GC(851) Using 24 workers of 68 for evacuation
[2024-08-27T15:01:01.997+0000][info][gc,phases      ] GC(851)   Pre Evacuate Collection Set: 0.2ms
[2024-08-27T15:01:01.997+0000][info][gc,phases      ] GC(851)   Merge Heap Roots: 0.6ms
[2024-08-27T15:01:01.997+0000][info][gc,phases      ] GC(851)   Evacuate Collection Set: 13.8ms
[2024-08-27T15:01:01.997+0000][info][gc,phases      ] GC(851)   Post Evacuate Collection Set: 0.3ms
[2024-08-27T15:01:01.997+0000][info][gc,phases      ] GC(851)   Other: 0.2ms
[2024-08-27T15:01:01.997+0000][info][gc,heap        ] GC(851) Eden regions: 44->0(44)
[2024-08-27T15:01:01.997+0000][info][gc,heap        ] GC(851) Survivor regions: 7->7(7)
[2024-08-27T15:01:01.997+0000][info][gc,heap        ] GC(851) Old regions: 904->951
[2024-08-27T15:01:01.997+0000][info][gc,heap        ] GC(851) Archive regions: 2->2
[2024-08-27T15:01:01.997+0000][info][gc,heap        ] GC(851) Humongous regions: 5->5
[2024-08-27T15:01:01.997+0000][info][gc,metaspace   ] GC(851) Metaspace: 100K(320K)->100K(320K) NonClass: 96K(192K)->96K(192K) Class: 4K(128K)->4K(128K)
[2024-08-27T15:01:01.997+0000][info][gc             ] GC(851) Pause Young (Prepare Mixed) (G1 Evacuation Pause) 960M->963M(1024M) 15.126ms
[2024-08-27T15:01:01.997+0000][info][gc,cpu         ] GC(851) User=0.34s Sys=0.00s Real=0.01s
[2024-08-27T15:01:02.010+0000][info][gc,start       ] GC(852) Pause Young (Mixed) (G1 Preventive Collection)
[2024-08-27T15:01:02.010+0000][info][gc,task        ] GC(852) Using 24 workers of 68 for evacuation
[2024-08-27T15:01:02.019+0000][info][gc,phases      ] GC(852)   Pre Evacuate Collection Set: 0.2ms
[2024-08-27T15:01:02.019+0000][info][gc,phases      ] GC(852)   Merge Heap Roots: 0.4ms
[2024-08-27T15:01:02.019+0000][info][gc,phases      ] GC(852)   Evacuate Collection Set: 8.0ms
[2024-08-27T15:01:02.019+0000][info][gc,phases      ] GC(852)   Post Evacuate Collection Set: 0.4ms
[2024-08-27T15:01:02.019+0000][info][gc,phases      ] GC(852)   Other: 0.3ms
[2024-08-27T15:01:02.019+0000][info][gc,heap        ] GC(852) Eden regions: 24->0(44)
[2024-08-27T15:01:02.019+0000][info][gc,heap        ] GC(852) Survivor regions: 7->7(7)
[2024-08-27T15:01:02.019+0000][info][gc,heap        ] GC(852) Old regions: 951->875
[2024-08-27T15:01:02.019+0000][info][gc,heap        ] GC(852) Archive regions: 2->2
[2024-08-27T15:01:02.019+0000][info][gc,heap        ] GC(852) Humongous regions: 5->5
[2024-08-27T15:01:02.019+0000][info][gc,metaspace   ] GC(852) Metaspace: 100K(320K)->100K(320K) NonClass: 96K(192K)->96K(192K) Class: 4K(128K)->4K(128K)
[2024-08-27T15:01:02.019+0000][info][gc             ] GC(852) Pause Young (Mixed) (G1 Preventive Collection) 987M->887M(1024M) 9.321ms
[2024-08-27T15:01:02.019+0000][info][gc,cpu         ] GC(852) User=0.20s Sys=0.00s Real=0.01s
[2024-08-27T15:01:02.042+0000][info][gc,start       ] GC(853) Pause Young (Mixed) (G1 Evacuation Pause)
[2024-08-27T15:01:02.042+0000][info][gc,task        ] GC(853) Using 24 workers of 68 for evacuation
[2024-08-27T15:01:02.054+0000][info][gc,phases      ] GC(853)   Pre Evacuate Collection Set: 0.2ms
[2024-08-27T15:01:02.054+0000][info][gc,phases      ] GC(853)   Merge Heap Roots: 0.4ms
[2024-08-27T15:01:02.054+0000][info][gc,phases      ] GC(853)   Evacuate Collection Set: 11.0ms
[2024-08-27T15:01:02.054+0000][info][gc,phases      ] GC(853)   Post Evacuate Collection Set: 0.4ms
[2024-08-27T15:01:02.054+0000][info][gc,phases      ] GC(853)   Other: 0.2ms
[2024-08-27T15:01:02.054+0000][info][gc,heap        ] GC(853) Eden regions: 44->0(44)
[2024-08-27T15:01:02.054+0000][info][gc,heap        ] GC(853) Survivor regions: 7->7(7)
[2024-08-27T15:01:02.055+0000][info][gc,heap        ] GC(853) Old regions: 875->818
[2024-08-27T15:01:02.055+0000][info][gc,heap        ] GC(853) Archive regions: 2->2
[2024-08-27T15:01:02.055+0000][info][gc,heap        ] GC(853) Humongous regions: 5->5
[2024-08-27T15:01:02.055+0000][info][gc,metaspace   ] GC(853) Metaspace: 100K(320K)->100K(320K) NonClass: 96K(192K)->96K(192K) Class: 4K(128K)->4K(128K)
[2024-08-27T15:01:02.055+0000][info][gc             ] GC(853) Pause Young (Mixed) (G1 Evacuation Pause) 931M->830M(1024M) 12.305ms
[2024-08-27T15:01:02.055+0000][info][gc,cpu         ] GC(853) User=0.27s Sys=0.00s Real=0.01s
[2024-08-27T15:01:02.077+0000][info][gc,start       ] GC(854) Pause Young (Mixed) (G1 Evacuation Pause)
[2024-08-27T15:01:02.077+0000][info][gc,task        ] GC(854) Using 24 workers of 68 for evacuation
[2024-08-27T15:01:02.089+0000][info][gc,phases      ] GC(854)   Pre Evacuate Collection Set: 0.3ms
[2024-08-27T15:01:02.089+0000][info][gc,phases      ] GC(854)   Merge Heap Roots: 0.4ms
[2024-08-27T15:01:02.089+0000][info][gc,phases      ] GC(854)   Evacuate Collection Set: 10.8ms
[2024-08-27T15:01:02.089+0000][info][gc,phases      ] GC(854)   Post Evacuate Collection Set: 0.4ms
[2024-08-27T15:01:02.089+0000][info][gc,phases      ] GC(854)   Other: 0.3ms
[2024-08-27T15:01:02.090+0000][info][gc,heap        ] GC(854) Eden regions: 44->0(44)
[2024-08-27T15:01:02.090+0000][info][gc,heap        ] GC(854) Survivor regions: 7->7(7)
[2024-08-27T15:01:02.090+0000][info][gc,heap        ] GC(854) Old regions: 818->763
[2024-08-27T15:01:02.090+0000][info][gc,heap        ] GC(854) Archive regions: 2->2
[2024-08-27T15:01:02.090+0000][info][gc,heap        ] GC(854) Humongous regions: 5->5
[2024-08-27T15:01:02.090+0000][info][gc,metaspace   ] GC(854) Metaspace: 100K(320K)->100K(320K) NonClass: 96K(192K)->96K(192K) Class: 4K(128K)->4K(128K)
[2024-08-27T15:01:02.090+0000][info][gc             ] GC(854) Pause Young (Mixed) (G1 Evacuation Pause) 874M->775M(1024M) 12.232ms
[2024-08-27T15:01:02.090+0000][info][gc,cpu         ] GC(854) User=0.26s Sys=0.01s Real=0.02s
[2024-08-27T15:01:02.110+0000][info][gc,start       ] GC(855) Pause Young (Mixed) (G1 Evacuation Pause)
[2024-08-27T15:01:02.110+0000][info][gc,task        ] GC(855) Using 24 workers of 68 for evacuation
[2024-08-27T15:01:02.121+0000][info][gc,phases      ] GC(855)   Pre Evacuate Collection Set: 0.2ms
[2024-08-27T15:01:02.121+0000][info][gc,phases      ] GC(855)   Merge Heap Roots: 0.3ms
[2024-08-27T15:01:02.121+0000][info][gc,phases      ] GC(855)   Evacuate Collection Set: 10.0ms
[2024-08-27T15:01:02.121+0000][info][gc,phases      ] GC(855)   Post Evacuate Collection Set: 0.3ms
[2024-08-27T15:01:02.121+0000][info][gc,phases      ] GC(855)   Other: 0.2ms
[2024-08-27T15:01:02.121+0000][info][gc,heap        ] GC(855) Eden regions: 44->0(44)
[2024-08-27T15:01:02.121+0000][info][gc,heap        ] GC(855) Survivor regions: 7->7(7)
[2024-08-27T15:01:02.121+0000][info][gc,heap        ] GC(855) Old regions: 763->797
[2024-08-27T15:01:02.121+0000][info][gc,heap        ] GC(855) Archive regions: 2->2
[2024-08-27T15:01:02.121+0000][info][gc,heap        ] GC(855) Humongous regions: 5->5
[2024-08-27T15:01:02.121+0000][info][gc,metaspace   ] GC(855) Metaspace: 100K(320K)->100K(320K) NonClass: 96K(192K)->96K(192K) Class: 4K(128K)->4K(128K)
[2024-08-27T15:01:02.121+0000][info][gc             ] GC(855) Pause Young (Mixed) (G1 Evacuation Pause) 819M->809M(1024M) 11.161ms
[2024-08-27T15:01:02.121+0000][info][gc,cpu         ] GC(855) User=0.25s Sys=0.00s Real=0.01s
[2024-08-27T15:01:02.142+0000][info][gc,start       ] GC(856) Pause Young (Concurrent Start) (G1 Evacuation Pause)
[2024-08-27T15:01:02.142+0000][info][gc,task        ] GC(856) Using 24 workers of 68 for evacuation
[2024-08-27T15:01:02.153+0000][info][gc,phases      ] GC(856)   Pre Evacuate Collection Set: 0.2ms
[2024-08-27T15:01:02.153+0000][info][gc,phases      ] GC(856)   Merge Heap Roots: 0.4ms
[2024-08-27T15:01:02.153+0000][info][gc,phases      ] GC(856)   Evacuate Collection Set: 9.7ms
[2024-08-27T15:01:02.153+0000][info][gc,phases      ] GC(856)   Post Evacuate Collection Set: 0.3ms
[2024-08-27T15:01:02.153+0000][info][gc,phases      ] GC(856)   Other: 0.6ms
[2024-08-27T15:01:02.153+0000][info][gc,heap        ] GC(856) Eden regions: 44->0(44)
[2024-08-27T15:01:02.153+0000][info][gc,heap        ] GC(856) Survivor regions: 7->7(7)
[2024-08-27T15:01:02.153+0000][info][gc,heap        ] GC(856) Old regions: 797->844
[2024-08-27T15:01:02.153+0000][info][gc,heap        ] GC(856) Archive regions: 2->2
[2024-08-27T15:01:02.153+0000][info][gc,heap        ] GC(856) Humongous regions: 5->5
[2024-08-27T15:01:02.153+0000][info][gc,metaspace   ] GC(856) Metaspace: 100K(320K)->100K(320K) NonClass: 96K(192K)->96K(192K) Class: 4K(128K)->4K(128K)
[2024-08-27T15:01:02.153+0000][info][gc             ] GC(856) Pause Young (Concurrent Start) (G1 Evacuation Pause) 853M->856M(1024M) 11.334ms
[2024-08-27T15:01:02.153+0000][info][gc,cpu         ] GC(856) User=0.24s Sys=0.00s Real=0.01s
[2024-08-27T15:01:02.153+0000][info][gc             ] GC(857) Concurrent Mark Cycle
[2024-08-27T15:01:02.153+0000][info][gc,marking     ] GC(857) Concurrent Clear Claimed Marks
[2024-08-27T15:01:02.153+0000][info][gc,marking     ] GC(857) Concurrent Clear Claimed Marks 0.012ms
[2024-08-27T15:01:02.153+0000][info][gc,marking     ] GC(857) Concurrent Scan Root Regions
[2024-08-27T15:01:02.155+0000][info][gc,marking     ] GC(857) Concurrent Scan Root Regions 1.712ms
[2024-08-27T15:01:02.155+0000][info][gc,marking     ] GC(857) Concurrent Mark
[2024-08-27T15:01:02.155+0000][info][gc,marking     ] GC(857) Concurrent Mark From Roots
[2024-08-27T15:01:02.155+0000][info][gc,task        ] GC(857) Using 17 workers of 17 for marking
[2024-08-27T15:01:02.176+0000][info][gc,marking     ] GC(857) Concurrent Mark From Roots 21.329ms
[2024-08-27T15:01:02.176+0000][info][gc,marking     ] GC(857) Concurrent Preclean
[2024-08-27T15:01:02.177+0000][info][gc,marking     ] GC(857) Concurrent Preclean 0.702ms
[2024-08-27T15:01:02.177+0000][info][gc,start       ] GC(857) Pause Remark
[2024-08-27T15:01:02.179+0000][info][gc             ] GC(857) Pause Remark 886M->886M(1024M) 1.627ms
[2024-08-27T15:01:02.179+0000][info][gc,cpu         ] GC(857) User=0.01s Sys=0.00s Real=0.01s
[2024-08-27T15:01:02.179+0000][info][gc,marking     ] GC(857) Concurrent Mark 24.111ms
[2024-08-27T15:01:02.179+0000][info][gc,marking     ] GC(857) Concurrent Rebuild Remembered Sets
[2024-08-27T15:01:02.192+0000][info][gc,start       ] GC(858) Pause Young (Normal) (G1 Evacuation Pause)
[2024-08-27T15:01:02.193+0000][info][gc,task        ] GC(858) Using 24 workers of 68 for evacuation
[2024-08-27T15:01:02.203+0000][info][gc,phases      ] GC(858)   Pre Evacuate Collection Set: 0.2ms
[2024-08-27T15:01:02.203+0000][info][gc,phases      ] GC(858)   Merge Heap Roots: 0.4ms
[2024-08-27T15:01:02.203+0000][info][gc,phases      ] GC(858)   Evacuate Collection Set: 9.7ms
[2024-08-27T15:01:02.203+0000][info][gc,phases      ] GC(858)   Post Evacuate Collection Set: 0.5ms
[2024-08-27T15:01:02.203+0000][info][gc,phases      ] GC(858)   Other: 0.3ms
[2024-08-27T15:01:02.203+0000][info][gc,heap        ] GC(858) Eden regions: 44->0(44)
[2024-08-27T15:01:02.204+0000][info][gc,heap        ] GC(858) Survivor regions: 7->7(7)
[2024-08-27T15:01:02.204+0000][info][gc,heap        ] GC(858) Old regions: 844->891
[2024-08-27T15:01:02.204+0000][info][gc,heap        ] GC(858) Archive regions: 2->2
[2024-08-27T15:01:02.204+0000][info][gc,heap        ] GC(858) Humongous regions: 5->5
[2024-08-27T15:01:02.204+0000][info][gc,metaspace   ] GC(858) Metaspace: 100K(320K)->100K(320K) NonClass: 96K(192K)->96K(192K) Class: 4K(128K)->4K(128K)
[2024-08-27T15:01:02.204+0000][info][gc             ] GC(858) Pause Young (Normal) (G1 Evacuation Pause) 900M->903M(1024M) 11.148ms
[2024-08-27T15:01:02.204+0000][info][gc,cpu         ] GC(858) User=0.24s Sys=0.00s Real=0.01s
[2024-08-27T15:01:02.237+0000][info][gc,marking     ] GC(857) Concurrent Rebuild Remembered Sets 58.015ms
[2024-08-27T15:01:02.238+0000][info][gc,start       ] GC(857) Pause Cleanup
[2024-08-27T15:01:02.239+0000][info][gc             ] GC(857) Pause Cleanup 945M->945M(1024M) 1.911ms
[2024-08-27T15:01:02.239+0000][info][gc,cpu         ] GC(857) User=0.00s Sys=0.00s Real=0.00s
[2024-08-27T15:01:02.240+0000][info][gc,marking     ] GC(857) Concurrent Cleanup for Next Mark
[2024-08-27T15:01:02.240+0000][info][gc,marking     ] GC(857) Concurrent Cleanup for Next Mark 0.613ms
[2024-08-27T15:01:02.240+0000][info][gc             ] GC(857) Concurrent Mark Cycle 86.922ms
[2024-08-27T15:01:02.241+0000][info][gc,start       ] GC(859) Pause Young (Prepare Mixed) (G1 Evacuation Pause)
[2024-08-27T15:01:02.241+0000][info][gc,task        ] GC(859) Using 24 workers of 68 for evacuation
[2024-08-27T15:01:02.255+0000][info][gc,phases      ] GC(859)   Pre Evacuate Collection Set: 0.2ms
[2024-08-27T15:01:02.255+0000][info][gc,phases      ] GC(859)   Merge Heap Roots: 0.5ms
[2024-08-27T15:01:02.255+0000][info][gc,phases      ] GC(859)   Evacuate Collection Set: 12.9ms
[2024-08-27T15:01:02.255+0000][info][gc,phases      ] GC(859)   Post Evacuate Collection Set: 0.3ms
[2024-08-27T15:01:02.255+0000][info][gc,phases      ] GC(859)   Other: 0.2ms
[2024-08-27T15:01:02.255+0000][info][gc,heap        ] GC(859) Eden regions: 44->0(44)
[2024-08-27T15:01:02.255+0000][info][gc,heap        ] GC(859) Survivor regions: 7->7(7)
[2024-08-27T15:01:02.255+0000][info][gc,heap        ] GC(859) Old regions: 891->938
[2024-08-27T15:01:02.255+0000][info][gc,heap        ] GC(859) Archive regions: 2->2
[2024-08-27T15:01:02.255+0000][info][gc,heap        ] GC(859) Humongous regions: 5->5
[2024-08-27T15:01:02.255+0000][info][gc,metaspace   ] GC(859) Metaspace: 100K(320K)->100K(320K) NonClass: 96K(192K)->96K(192K) Class: 4K(128K)->4K(128K)
[2024-08-27T15:01:02.255+0000][info][gc             ] GC(859) Pause Young (Prepare Mixed) (G1 Evacuation Pause) 947M->950M(1024M) 13.997ms
[2024-08-27T15:01:02.255+0000][info][gc,cpu         ] GC(859) User=0.32s Sys=0.00s Real=0.01s
[2024-08-27T15:01:02.270+0000][info][gc,start       ] GC(860) Pause Young (Mixed) (G1 Preventive Collection)
[2024-08-27T15:01:02.270+0000][info][gc,task        ] GC(860) Using 24 workers of 68 for evacuation
[2024-08-27T15:01:02.279+0000][info][gc,phases      ] GC(860)   Pre Evacuate Collection Set: 0.2ms
[2024-08-27T15:01:02.279+0000][info][gc,phases      ] GC(860)   Merge Heap Roots: 0.3ms
[2024-08-27T15:01:02.279+0000][info][gc,phases      ] GC(860)   Evacuate Collection Set: 8.2ms
[2024-08-27T15:01:02.279+0000][info][gc,phases      ] GC(860)   Post Evacuate Collection Set: 0.3ms
[2024-08-27T15:01:02.279+0000][info][gc,phases      ] GC(860)   Other: 0.2ms
[2024-08-27T15:01:02.279+0000][info][gc,heap        ] GC(860) Eden regions: 30->0(44)
[2024-08-27T15:01:02.279+0000][info][gc,heap        ] GC(860) Survivor regions: 7->7(7)
[2024-08-27T15:01:02.279+0000][info][gc,heap        ] GC(860) Old regions: 938->867
[2024-08-27T15:01:02.279+0000][info][gc,heap        ] GC(860) Archive regions: 2->2
[2024-08-27T15:01:02.279+0000][info][gc,heap        ] GC(860) Humongous regions: 5->5
[2024-08-27T15:01:02.279+0000][info][gc,metaspace   ] GC(860) Metaspace: 100K(320K)->100K(320K) NonClass: 96K(192K)->96K(192K) Class: 4K(128K)->4K(128K)
[2024-08-27T15:01:02.279+0000][info][gc             ] GC(860) Pause Young (Mixed) (G1 Preventive Collection) 980M->879M(1024M) 9.290ms
[2024-08-27T15:01:02.279+0000][info][gc,cpu         ] GC(860) User=0.21s Sys=0.00s Real=0.01s
[2024-08-27T15:01:02.298+0000][info][gc,start       ] GC(861) Pause Young (Mixed) (G1 Evacuation Pause)
[2024-08-27T15:01:02.298+0000][info][gc,task        ] GC(861) Using 24 workers of 68 for evacuation
[2024-08-27T15:01:02.310+0000][info][gc,phases      ] GC(861)   Pre Evacuate Collection Set: 0.2ms
[2024-08-27T15:01:02.310+0000][info][gc,phases      ] GC(861)   Merge Heap Roots: 0.4ms
[2024-08-27T15:01:02.310+0000][info][gc,phases      ] GC(861)   Evacuate Collection Set: 10.1ms
[2024-08-27T15:01:02.310+0000][info][gc,phases      ] GC(861)   Post Evacuate Collection Set: 0.4ms
[2024-08-27T15:01:02.310+0000][info][gc,phases      ] GC(861)   Other: 0.2ms
[2024-08-27T15:01:02.310+0000][info][gc,heap        ] GC(861) Eden regions: 44->0(44)
[2024-08-27T15:01:02.310+0000][info][gc,heap        ] GC(861) Survivor regions: 7->7(7)
[2024-08-27T15:01:02.310+0000][info][gc,heap        ] GC(861) Old regions: 867->810
[2024-08-27T15:01:02.310+0000][info][gc,heap        ] GC(861) Archive regions: 2->2
[2024-08-27T15:01:02.310+0000][info][gc,heap        ] GC(861) Humongous regions: 5->5
[2024-08-27T15:01:02.310+0000][info][gc,metaspace   ] GC(861) Metaspace: 100K(320K)->100K(320K) NonClass: 96K(192K)->96K(192K) Class: 4K(128K)->4K(128K)
[2024-08-27T15:01:02.310+0000][info][gc             ] GC(861) Pause Young (Mixed) (G1 Evacuation Pause) 923M->822M(1024M) 11.463ms
[2024-08-27T15:01:02.310+0000][info][gc,cpu         ] GC(861) User=0.24s Sys=0.01s Real=0.01s
[2024-08-27T15:01:02.329+0000][info][gc,start       ] GC(862) Pause Young (Mixed) (G1 Evacuation Pause)
[2024-08-27T15:01:02.329+0000][info][gc,task        ] GC(862) Using 24 workers of 68 for evacuation
[2024-08-27T15:01:02.341+0000][info][gc,phases      ] GC(862)   Pre Evacuate Collection Set: 0.2ms
[2024-08-27T15:01:02.341+0000][info][gc,phases      ] GC(862)   Merge Heap Roots: 0.4ms
[2024-08-27T15:01:02.341+0000][info][gc,phases      ] GC(862)   Evacuate Collection Set: 10.0ms
[2024-08-27T15:01:02.341+0000][info][gc,phases      ] GC(862)   Post Evacuate Collection Set: 0.3ms
[2024-08-27T15:01:02.341+0000][info][gc,phases      ] GC(862)   Other: 0.3ms
[2024-08-27T15:01:02.341+0000][info][gc,heap        ] GC(862) Eden regions: 44->0(44)
[2024-08-27T15:01:02.341+0000][info][gc,heap        ] GC(862) Survivor regions: 7->7(7)
[2024-08-27T15:01:02.341+0000][info][gc,heap        ] GC(862) Old regions: 810->754
[2024-08-27T15:01:02.341+0000][info][gc,heap        ] GC(862) Archive regions: 2->2
[2024-08-27T15:01:02.341+0000][info][gc,heap        ] GC(862) Humongous regions: 5->5
[2024-08-27T15:01:02.341+0000][info][gc,metaspace   ] GC(862) Metaspace: 100K(320K)->100K(320K) NonClass: 96K(192K)->96K(192K) Class: 4K(128K)->4K(128K)
[2024-08-27T15:01:02.341+0000][info][gc             ] GC(862) Pause Young (Mixed) (G1 Evacuation Pause) 866M->766M(1024M) 11.363ms
[2024-08-27T15:01:02.341+0000][info][gc,cpu         ] GC(862) User=0.25s Sys=0.00s Real=0.02s
[2024-08-27T15:01:02.360+0000][info][gc,start       ] GC(863) Pause Young (Mixed) (G1 Evacuation Pause)
[2024-08-27T15:01:02.360+0000][info][gc,task        ] GC(863) Using 24 workers of 68 for evacuation
[2024-08-27T15:01:02.371+0000][info][gc,phases      ] GC(863)   Pre Evacuate Collection Set: 0.2ms
[2024-08-27T15:01:02.371+0000][info][gc,phases      ] GC(863)   Merge Heap Roots: 0.3ms
[2024-08-27T15:01:02.371+0000][info][gc,phases      ] GC(863)   Evacuate Collection Set: 10.0ms
[2024-08-27T15:01:02.371+0000][info][gc,phases      ] GC(863)   Post Evacuate Collection Set: 0.3ms
[2024-08-27T15:01:02.371+0000][info][gc,phases      ] GC(863)   Other: 0.3ms
[2024-08-27T15:01:02.371+0000][info][gc,heap        ] GC(863) Eden regions: 44->0(46)
[2024-08-27T15:01:02.371+0000][info][gc,heap        ] GC(863) Survivor regions: 7->7(7)
[2024-08-27T15:01:02.371+0000][info][gc,heap        ] GC(863) Old regions: 754->758
[2024-08-27T15:01:02.371+0000][info][gc,heap        ] GC(863) Archive regions: 2->2
[2024-08-27T15:01:02.371+0000][info][gc,heap        ] GC(863) Humongous regions: 5->5
[2024-08-27T15:01:02.371+0000][info][gc,metaspace   ] GC(863) Metaspace: 100K(320K)->100K(320K) NonClass: 96K(192K)->96K(192K) Class: 4K(128K)->4K(128K)
[2024-08-27T15:01:02.371+0000][info][gc             ] GC(863) Pause Young (Mixed) (G1 Evacuation Pause) 810M->770M(1024M) 11.077ms
[2024-08-27T15:01:02.371+0000][info][gc,cpu         ] GC(863) User=0.25s Sys=0.00s Real=0.01s
[2024-08-27T15:01:02.390+0000][info][gc,start       ] GC(864) Pause Young (Concurrent Start) (G1 Evacuation Pause)
[2024-08-27T15:01:02.390+0000][info][gc,task        ] GC(864) Using 24 workers of 68 for evacuation
[2024-08-27T15:01:02.402+0000][info][gc,phases      ] GC(864)   Pre Evacuate Collection Set: 0.2ms
[2024-08-27T15:01:02.402+0000][info][gc,phases      ] GC(864)   Merge Heap Roots: 0.4ms
[2024-08-27T15:01:02.402+0000][info][gc,phases      ] GC(864)   Evacuate Collection Set: 10.2ms
[2024-08-27T15:01:02.402+0000][info][gc,phases      ] GC(864)   Post Evacuate Collection Set: 0.4ms
[2024-08-27T15:01:02.402+0000][info][gc,phases      ] GC(864)   Other: 0.7ms
[2024-08-27T15:01:02.402+0000][info][gc,heap        ] GC(864) Eden regions: 46->0(44)
[2024-08-27T15:01:02.402+0000][info][gc,heap        ] GC(864) Survivor regions: 7->7(7)
[2024-08-27T15:01:02.402+0000][info][gc,heap        ] GC(864) Old regions: 758->806
[2024-08-27T15:01:02.402+0000][info][gc,heap        ] GC(864) Archive regions: 2->2
[2024-08-27T15:01:02.402+0000][info][gc,heap        ] GC(864) Humongous regions: 5->5
[2024-08-27T15:01:02.402+0000][info][gc,metaspace   ] GC(864) Metaspace: 100K(320K)->100K(320K) NonClass: 96K(192K)->96K(192K) Class: 4K(128K)->4K(128K)
[2024-08-27T15:01:02.402+0000][info][gc             ] GC(864) Pause Young (Concurrent Start) (G1 Evacuation Pause) 816M->818M(1024M) 11.894ms
[2024-08-27T15:01:02.402+0000][info][gc,cpu         ] GC(864) User=0.24s Sys=0.01s Real=0.01s
[2024-08-27T15:01:02.402+0000][info][gc             ] GC(865) Concurrent Mark Cycle
[2024-08-27T15:01:02.402+0000][info][gc,marking     ] GC(865) Concurrent Clear Claimed Marks
[2024-08-27T15:01:02.402+0000][info][gc,marking     ] GC(865) Concurrent Clear Claimed Marks 0.009ms
[2024-08-27T15:01:02.402+0000][info][gc,marking     ] GC(865) Concurrent Scan Root Regions
[2024-08-27T15:01:02.404+0000][info][gc,marking     ] GC(865) Concurrent Scan Root Regions 1.614ms
[2024-08-27T15:01:02.404+0000][info][gc,marking     ] GC(865) Concurrent Mark
[2024-08-27T15:01:02.404+0000][info][gc,marking     ] GC(865) Concurrent Mark From Roots
[2024-08-27T15:01:02.404+0000][info][gc,task        ] GC(865) Using 17 workers of 17 for marking
[2024-08-27T15:01:02.427+0000][info][gc,marking     ] GC(865) Concurrent Mark From Roots 22.749ms
[2024-08-27T15:01:02.427+0000][info][gc,marking     ] GC(865) Concurrent Preclean
[2024-08-27T15:01:02.427+0000][info][gc,marking     ] GC(865) Concurrent Preclean 0.505ms
[2024-08-27T15:01:02.427+0000][info][gc,start       ] GC(865) Pause Remark
[2024-08-27T15:01:02.429+0000][info][gc             ] GC(865) Pause Remark 849M->849M(1024M) 1.225ms
[2024-08-27T15:01:02.429+0000][info][gc,cpu         ] GC(865) User=0.00s Sys=0.00s Real=0.00s
[2024-08-27T15:01:02.429+0000][info][gc,marking     ] GC(865) Concurrent Mark 24.870ms
[2024-08-27T15:01:02.429+0000][info][gc,marking     ] GC(865) Concurrent Rebuild Remembered Sets
[2024-08-27T15:01:02.437+0000][info][gc,start       ] GC(866) Pause Young (Normal) (G1 Evacuation Pause)
[2024-08-27T15:01:02.437+0000][info][gc,task        ] GC(866) Using 24 workers of 68 for evacuation
[2024-08-27T15:01:02.447+0000][info][gc,phases      ] GC(866)   Pre Evacuate Collection Set: 0.1ms
[2024-08-27T15:01:02.447+0000][info][gc,phases      ] GC(866)   Merge Heap Roots: 0.3ms
[2024-08-27T15:01:02.447+0000][info][gc,phases      ] GC(866)   Evacuate Collection Set: 9.5ms
[2024-08-27T15:01:02.447+0000][info][gc,phases      ] GC(866)   Post Evacuate Collection Set: 0.4ms
[2024-08-27T15:01:02.447+0000][info][gc,phases      ] GC(866)   Other: 0.2ms
[2024-08-27T15:01:02.447+0000][info][gc,heap        ] GC(866) Eden regions: 44->0(44)
[2024-08-27T15:01:02.447+0000][info][gc,heap        ] GC(866) Survivor regions: 7->7(7)
[2024-08-27T15:01:02.447+0000][info][gc,heap        ] GC(866) Old regions: 806->852
[2024-08-27T15:01:02.447+0000][info][gc,heap        ] GC(866) Archive regions: 2->2
[2024-08-27T15:01:02.447+0000][info][gc,heap        ] GC(866) Humongous regions: 5->5
[2024-08-27T15:01:02.448+0000][info][gc,metaspace   ] GC(866) Metaspace: 100K(320K)->100K(320K) NonClass: 96K(192K)->96K(192K) Class: 4K(128K)->4K(128K)
[2024-08-27T15:01:02.448+0000][info][gc             ] GC(866) Pause Young (Normal) (G1 Evacuation Pause) 862M->864M(1024M) 10.710ms
[2024-08-27T15:01:02.448+0000][info][gc,cpu         ] GC(866) User=0.23s Sys=0.01s Real=0.01s
[2024-08-27T15:01:02.473+0000][info][gc,start       ] GC(867) Pause Young (Normal) (G1 Evacuation Pause)
[2024-08-27T15:01:02.473+0000][info][gc,task        ] GC(867) Using 24 workers of 68 for evacuation
[2024-08-27T15:01:02.487+0000][info][gc,phases      ] GC(867)   Pre Evacuate Collection Set: 0.2ms
[2024-08-27T15:01:02.487+0000][info][gc,phases      ] GC(867)   Merge Heap Roots: 0.4ms
[2024-08-27T15:01:02.487+0000][info][gc,phases      ] GC(867)   Evacuate Collection Set: 12.9ms
[2024-08-27T15:01:02.487+0000][info][gc,phases      ] GC(867)   Post Evacuate Collection Set: 0.5ms
[2024-08-27T15:01:02.487+0000][info][gc,phases      ] GC(867)   Other: 0.2ms
[2024-08-27T15:01:02.487+0000][info][gc,heap        ] GC(867) Eden regions: 44->0(44)
[2024-08-27T15:01:02.488+0000][info][gc,heap        ] GC(867) Survivor regions: 7->7(7)
[2024-08-27T15:01:02.488+0000][info][gc,heap        ] GC(867) Old regions: 852->898
[2024-08-27T15:01:02.488+0000][info][gc,heap        ] GC(867) Archive regions: 2->2
[2024-08-27T15:01:02.488+0000][info][gc,heap        ] GC(867) Humongous regions: 5->5
[2024-08-27T15:01:02.488+0000][info][gc,metaspace   ] GC(867) Metaspace: 100K(320K)->100K(320K) NonClass: 96K(192K)->96K(192K) Class: 4K(128K)->4K(128K)
[2024-08-27T15:01:02.488+0000][info][gc             ] GC(867) Pause Young (Normal) (G1 Evacuation Pause) 908M->910M(1024M) 14.304ms
[2024-08-27T15:01:02.488+0000][info][gc,cpu         ] GC(867) User=0.33s Sys=0.00s Real=0.01s
[2024-08-27T15:01:02.501+0000][info][gc,marking     ] GC(865) Concurrent Rebuild Remembered Sets 72.113ms
[2024-08-27T15:01:02.501+0000][info][gc,start       ] GC(865) Pause Cleanup
[2024-08-27T15:01:02.503+0000][info][gc             ] GC(865) Pause Cleanup 933M->933M(1024M) 1.599ms
[2024-08-27T15:01:02.503+0000][info][gc,cpu         ] GC(865) User=0.00s Sys=0.00s Real=0.00s
[2024-08-27T15:01:02.503+0000][info][gc,marking     ] GC(865) Concurrent Cleanup for Next Mark
[2024-08-27T15:01:02.503+0000][info][gc,marking     ] GC(865) Concurrent Cleanup for Next Mark 0.588ms
[2024-08-27T15:01:02.503+0000][info][gc             ] GC(865) Concurrent Mark Cycle 101.270ms
[2024-08-27T15:01:02.516+0000][info][gc,start       ] GC(868) Pause Young (Prepare Mixed) (G1 Evacuation Pause)
[2024-08-27T15:01:02.516+0000][info][gc,task        ] GC(868) Using 24 workers of 68 for evacuation
[2024-08-27T15:01:02.531+0000][info][gc,phases      ] GC(868)   Pre Evacuate Collection Set: 0.1ms
[2024-08-27T15:01:02.532+0000][info][gc,phases      ] GC(868)   Merge Heap Roots: 0.5ms
[2024-08-27T15:01:02.532+0000][info][gc,phases      ] GC(868)   Evacuate Collection Set: 14.6ms
[2024-08-27T15:01:02.532+0000][info][gc,phases      ] GC(868)   Post Evacuate Collection Set: 0.3ms
[2024-08-27T15:01:02.532+0000][info][gc,phases      ] GC(868)   Other: 0.2ms
[2024-08-27T15:01:02.532+0000][info][gc,heap        ] GC(868) Eden regions: 44->0(44)
[2024-08-27T15:01:02.532+0000][info][gc,heap        ] GC(868) Survivor regions: 7->7(7)
[2024-08-27T15:01:02.532+0000][info][gc,heap        ] GC(868) Old regions: 898->945
[2024-08-27T15:01:02.532+0000][info][gc,heap        ] GC(868) Archive regions: 2->2
[2024-08-27T15:01:02.532+0000][info][gc,heap        ] GC(868) Humongous regions: 5->5
[2024-08-27T15:01:02.532+0000][info][gc,metaspace   ] GC(868) Metaspace: 100K(320K)->100K(320K) NonClass: 96K(192K)->96K(192K) Class: 4K(128K)->4K(128K)
[2024-08-27T15:01:02.532+0000][info][gc             ] GC(868) Pause Young (Prepare Mixed) (G1 Evacuation Pause) 954M->957M(1024M) 15.832ms
[2024-08-27T15:01:02.532+0000][info][gc,cpu         ] GC(868) User=0.37s Sys=0.00s Real=0.02s
[2024-08-27T15:01:02.547+0000][info][gc,start       ] GC(869) Pause Young (Mixed) (G1 Preventive Collection)
[2024-08-27T15:01:02.547+0000][info][gc,task        ] GC(869) Using 24 workers of 68 for evacuation
[2024-08-27T15:01:02.555+0000][info][gc,phases      ] GC(869)   Pre Evacuate Collection Set: 0.2ms
[2024-08-27T15:01:02.555+0000][info][gc,phases      ] GC(869)   Merge Heap Roots: 0.3ms
[2024-08-27T15:01:02.556+0000][info][gc,phases      ] GC(869)   Evacuate Collection Set: 7.4ms
[2024-08-27T15:01:02.556+0000][info][gc,phases      ] GC(869)   Post Evacuate Collection Set: 0.4ms
[2024-08-27T15:01:02.556+0000][info][gc,phases      ] GC(869)   Other: 0.2ms
[2024-08-27T15:01:02.556+0000][info][gc,heap        ] GC(869) Eden regions: 27->0(44)
[2024-08-27T15:01:02.556+0000][info][gc,heap        ] GC(869) Survivor regions: 7->7(7)
[2024-08-27T15:01:02.556+0000][info][gc,heap        ] GC(869) Old regions: 945->873
[2024-08-27T15:01:02.556+0000][info][gc,heap        ] GC(869) Archive regions: 2->2
[2024-08-27T15:01:02.556+0000][info][gc,heap        ] GC(869) Humongous regions: 5->5
[2024-08-27T15:01:02.556+0000][info][gc,metaspace   ] GC(869) Metaspace: 100K(320K)->100K(320K) NonClass: 96K(192K)->96K(192K) Class: 4K(128K)->4K(128K)
[2024-08-27T15:01:02.556+0000][info][gc             ] GC(869) Pause Young (Mixed) (G1 Preventive Collection) 984M->885M(1024M) 8.571ms
[2024-08-27T15:01:02.556+0000][info][gc,cpu         ] GC(869) User=0.19s Sys=0.00s Real=0.01s
[2024-08-27T15:01:02.577+0000][info][gc,start       ] GC(870) Pause Young (Mixed) (G1 Evacuation Pause)
[2024-08-27T15:01:02.577+0000][info][gc,task        ] GC(870) Using 24 workers of 68 for evacuation
[2024-08-27T15:01:02.589+0000][info][gc,phases      ] GC(870)   Pre Evacuate Collection Set: 0.2ms
[2024-08-27T15:01:02.589+0000][info][gc,phases      ] GC(870)   Merge Heap Roots: 0.4ms
[2024-08-27T15:01:02.589+0000][info][gc,phases      ] GC(870)   Evacuate Collection Set: 11.1ms
[2024-08-27T15:01:02.589+0000][info][gc,phases      ] GC(870)   Post Evacuate Collection Set: 0.4ms
[2024-08-27T15:01:02.589+0000][info][gc,phases      ] GC(870)   Other: 0.3ms
[2024-08-27T15:01:02.589+0000][info][gc,heap        ] GC(870) Eden regions: 44->0(44)
[2024-08-27T15:01:02.589+0000][info][gc,heap        ] GC(870) Survivor regions: 7->7(7)
[2024-08-27T15:01:02.589+0000][info][gc,heap        ] GC(870) Old regions: 873->815
[2024-08-27T15:01:02.589+0000][info][gc,heap        ] GC(870) Archive regions: 2->2
[2024-08-27T15:01:02.589+0000][info][gc,heap        ] GC(870) Humongous regions: 5->5
[2024-08-27T15:01:02.589+0000][info][gc,metaspace   ] GC(870) Metaspace: 100K(320K)->100K(320K) NonClass: 96K(192K)->96K(192K) Class: 4K(128K)->4K(128K)
[2024-08-27T15:01:02.589+0000][info][gc             ] GC(870) Pause Young (Mixed) (G1 Evacuation Pause) 929M->827M(1024M) 12.492ms
[2024-08-27T15:01:02.589+0000][info][gc,cpu         ] GC(870) User=0.28s Sys=0.00s Real=0.02s
[2024-08-27T15:01:02.610+0000][info][gc,start       ] GC(871) Pause Young (Mixed) (G1 Evacuation Pause)
[2024-08-27T15:01:02.610+0000][info][gc,task        ] GC(871) Using 24 workers of 68 for evacuation
[2024-08-27T15:01:02.622+0000][info][gc,phases      ] GC(871)   Pre Evacuate Collection Set: 0.2ms
[2024-08-27T15:01:02.623+0000][info][gc,phases      ] GC(871)   Merge Heap Roots: 0.4ms
[2024-08-27T15:01:02.623+0000][info][gc,phases      ] GC(871)   Evacuate Collection Set: 11.4ms
[2024-08-27T15:01:02.623+0000][info][gc,phases      ] GC(871)   Post Evacuate Collection Set: 0.3ms
[2024-08-27T15:01:02.623+0000][info][gc,phases      ] GC(871)   Other: 0.2ms
[2024-08-27T15:01:02.623+0000][info][gc,heap        ] GC(871) Eden regions: 44->0(44)
[2024-08-27T15:01:02.623+0000][info][gc,heap        ] GC(871) Survivor regions: 7->7(7)
[2024-08-27T15:01:02.623+0000][info][gc,heap        ] GC(871) Old regions: 815->759
[2024-08-27T15:01:02.623+0000][info][gc,heap        ] GC(871) Archive regions: 2->2
[2024-08-27T15:01:02.623+0000][info][gc,heap        ] GC(871) Humongous regions: 5->5
[2024-08-27T15:01:02.623+0000][info][gc,metaspace   ] GC(871) Metaspace: 100K(320K)->100K(320K) NonClass: 96K(192K)->96K(192K) Class: 4K(128K)->4K(128K)
[2024-08-27T15:01:02.623+0000][info][gc             ] GC(871) Pause Young (Mixed) (G1 Evacuation Pause) 871M->771M(1024M) 12.581ms
[2024-08-27T15:01:02.623+0000][info][gc,cpu         ] GC(871) User=0.28s Sys=0.00s Real=0.01s
[2024-08-27T15:01:02.643+0000][info][gc,start       ] GC(872) Pause Young (Mixed) (G1 Evacuation Pause)
[2024-08-27T15:01:02.643+0000][info][gc,task        ] GC(872) Using 24 workers of 68 for evacuation
[2024-08-27T15:01:02.654+0000][info][gc,phases      ] GC(872)   Pre Evacuate Collection Set: 0.2ms
[2024-08-27T15:01:02.654+0000][info][gc,phases      ] GC(872)   Merge Heap Roots: 0.3ms
[2024-08-27T15:01:02.654+0000][info][gc,phases      ] GC(872)   Evacuate Collection Set: 10.1ms
[2024-08-27T15:01:02.654+0000][info][gc,phases      ] GC(872)   Post Evacuate Collection Set: 0.3ms
[2024-08-27T15:01:02.654+0000][info][gc,phases      ] GC(872)   Other: 0.2ms
[2024-08-27T15:01:02.654+0000][info][gc,heap        ] GC(872) Eden regions: 44->0(44)
[2024-08-27T15:01:02.654+0000][info][gc,heap        ] GC(872) Survivor regions: 7->7(7)
[2024-08-27T15:01:02.654+0000][info][gc,heap        ] GC(872) Old regions: 759->799
[2024-08-27T15:01:02.654+0000][info][gc,heap        ] GC(872) Archive regions: 2->2
[2024-08-27T15:01:02.654+0000][info][gc,heap        ] GC(872) Humongous regions: 5->5
[2024-08-27T15:01:02.654+0000][info][gc,metaspace   ] GC(872) Metaspace: 100K(320K)->100K(320K) NonClass: 96K(192K)->96K(192K) Class: 4K(128K)->4K(128K)
[2024-08-27T15:01:02.654+0000][info][gc             ] GC(872) Pause Young (Mixed) (G1 Evacuation Pause) 815M->811M(1024M) 11.204ms
[2024-08-27T15:01:02.654+0000][info][gc,cpu         ] GC(872) User=0.25s Sys=0.00s Real=0.01s
[2024-08-27T15:01:02.674+0000][info][gc,start       ] GC(873) Pause Young (Concurrent Start) (G1 Evacuation Pause)
[2024-08-27T15:01:02.674+0000][info][gc,task        ] GC(873) Using 24 workers of 68 for evacuation
[2024-08-27T15:01:02.685+0000][info][gc,phases      ] GC(873)   Pre Evacuate Collection Set: 0.3ms
[2024-08-27T15:01:02.685+0000][info][gc,phases      ] GC(873)   Merge Heap Roots: 0.4ms
[2024-08-27T15:01:02.685+0000][info][gc,phases      ] GC(873)   Evacuate Collection Set: 9.7ms
[2024-08-27T15:01:02.685+0000][info][gc,phases      ] GC(873)   Post Evacuate Collection Set: 0.3ms
[2024-08-27T15:01:02.685+0000][info][gc,phases      ] GC(873)   Other: 0.8ms
[2024-08-27T15:01:02.685+0000][info][gc,heap        ] GC(873) Eden regions: 44->0(44)
[2024-08-27T15:01:02.685+0000][info][gc,heap        ] GC(873) Survivor regions: 7->7(7)
[2024-08-27T15:01:02.685+0000][info][gc,heap        ] GC(873) Old regions: 799->846
[2024-08-27T15:01:02.685+0000][info][gc,heap        ] GC(873) Archive regions: 2->2
[2024-08-27T15:01:02.685+0000][info][gc,heap        ] GC(873) Humongous regions: 5->5
[2024-08-27T15:01:02.685+0000][info][gc,metaspace   ] GC(873) Metaspace: 100K(320K)->100K(320K) NonClass: 96K(192K)->96K(192K) Class: 4K(128K)->4K(128K)
[2024-08-27T15:01:02.685+0000][info][gc             ] GC(873) Pause Young (Concurrent Start) (G1 Evacuation Pause) 855M->858M(1024M) 11.529ms
[2024-08-27T15:01:02.685+0000][info][gc,cpu         ] GC(873) User=0.24s Sys=0.00s Real=0.01s
[2024-08-27T15:01:02.685+0000][info][gc             ] GC(874) Concurrent Mark Cycle
[2024-08-27T15:01:02.685+0000][info][gc,marking     ] GC(874) Concurrent Clear Claimed Marks
[2024-08-27T15:01:02.685+0000][info][gc,marking     ] GC(874) Concurrent Clear Claimed Marks 0.013ms
[2024-08-27T15:01:02.685+0000][info][gc,marking     ] GC(874) Concurrent Scan Root Regions
[2024-08-27T15:01:02.687+0000][info][gc,marking     ] GC(874) Concurrent Scan Root Regions 1.613ms
[2024-08-27T15:01:02.687+0000][info][gc,marking     ] GC(874) Concurrent Mark
[2024-08-27T15:01:02.687+0000][info][gc,marking     ] GC(874) Concurrent Mark From Roots
[2024-08-27T15:01:02.687+0000][info][gc,task        ] GC(874) Using 17 workers of 17 for marking
[2024-08-27T15:01:02.709+0000][info][gc,marking     ] GC(874) Concurrent Mark From Roots 22.265ms
[2024-08-27T15:01:02.709+0000][info][gc,marking     ] GC(874) Concurrent Preclean
[2024-08-27T15:01:02.710+0000][info][gc,marking     ] GC(874) Concurrent Preclean 1.013ms
[2024-08-27T15:01:02.711+0000][info][gc,start       ] GC(874) Pause Remark
[2024-08-27T15:01:02.712+0000][info][gc             ] GC(874) Pause Remark 899M->899M(1024M) 1.258ms
[2024-08-27T15:01:02.712+0000][info][gc,cpu         ] GC(874) User=0.00s Sys=0.01s Real=0.00s
[2024-08-27T15:01:02.712+0000][info][gc,marking     ] GC(874) Concurrent Mark 25.211ms
[2024-08-27T15:01:02.712+0000][info][gc,marking     ] GC(874) Concurrent Rebuild Remembered Sets
[2024-08-27T15:01:02.714+0000][info][gc,start       ] GC(875) Pause Young (Normal) (G1 Evacuation Pause)
[2024-08-27T15:01:02.714+0000][info][gc,task        ] GC(875) Using 24 workers of 68 for evacuation
[2024-08-27T15:01:02.725+0000][info][gc,phases      ] GC(875)   Pre Evacuate Collection Set: 0.2ms
[2024-08-27T15:01:02.725+0000][info][gc,phases      ] GC(875)   Merge Heap Roots: 0.4ms
[2024-08-27T15:01:02.725+0000][info][gc,phases      ] GC(875)   Evacuate Collection Set: 9.7ms
[2024-08-27T15:01:02.725+0000][info][gc,phases      ] GC(875)   Post Evacuate Collection Set: 0.4ms
[2024-08-27T15:01:02.725+0000][info][gc,phases      ] GC(875)   Other: 0.3ms
[2024-08-27T15:01:02.725+0000][info][gc,heap        ] GC(875) Eden regions: 44->0(44)
[2024-08-27T15:01:02.725+0000][info][gc,heap        ] GC(875) Survivor regions: 7->7(7)
[2024-08-27T15:01:02.725+0000][info][gc,heap        ] GC(875) Old regions: 846->892
[2024-08-27T15:01:02.725+0000][info][gc,heap        ] GC(875) Archive regions: 2->2
[2024-08-27T15:01:02.725+0000][info][gc,heap        ] GC(875) Humongous regions: 5->5
[2024-08-27T15:01:02.725+0000][info][gc,metaspace   ] GC(875) Metaspace: 100K(320K)->100K(320K) NonClass: 96K(192K)->96K(192K) Class: 4K(128K)->4K(128K)
[2024-08-27T15:01:02.725+0000][info][gc             ] GC(875) Pause Young (Normal) (G1 Evacuation Pause) 902M->904M(1024M) 11.104ms
[2024-08-27T15:01:02.725+0000][info][gc,cpu         ] GC(875) User=0.24s Sys=0.00s Real=0.01s
[2024-08-27T15:01:02.748+0000][info][gc,start       ] GC(876) Pause Young (Normal) (G1 Evacuation Pause)
[2024-08-27T15:01:02.748+0000][info][gc,task        ] GC(876) Using 24 workers of 68 for evacuation
[2024-08-27T15:01:02.763+0000][info][gc,phases      ] GC(876)   Pre Evacuate Collection Set: 0.2ms
[2024-08-27T15:01:02.763+0000][info][gc,phases      ] GC(876)   Merge Heap Roots: 0.4ms
[2024-08-27T15:01:02.763+0000][info][gc,phases      ] GC(876)   Evacuate Collection Set: 13.3ms
[2024-08-27T15:01:02.763+0000][info][gc,phases      ] GC(876)   Post Evacuate Collection Set: 0.5ms
[2024-08-27T15:01:02.763+0000][info][gc,phases      ] GC(876)   Other: 0.3ms
[2024-08-27T15:01:02.763+0000][info][gc,heap        ] GC(876) Eden regions: 44->0(44)
[2024-08-27T15:01:02.763+0000][info][gc,heap        ] GC(876) Survivor regions: 7->7(7)
[2024-08-27T15:01:02.763+0000][info][gc,heap        ] GC(876) Old regions: 892->939
[2024-08-27T15:01:02.763+0000][info][gc,heap        ] GC(876) Archive regions: 2->2
[2024-08-27T15:01:02.763+0000][info][gc,heap        ] GC(876) Humongous regions: 5->5
[2024-08-27T15:01:02.763+0000][info][gc,metaspace   ] GC(876) Metaspace: 100K(320K)->100K(320K) NonClass: 96K(192K)->96K(192K) Class: 4K(128K)->4K(128K)
[2024-08-27T15:01:02.763+0000][info][gc             ] GC(876) Pause Young (Normal) (G1 Evacuation Pause) 948M->951M(1024M) 14.924ms
[2024-08-27T15:01:02.763+0000][info][gc,cpu         ] GC(876) User=0.33s Sys=0.00s Real=0.02s
[2024-08-27T15:01:02.780+0000][info][gc,start       ] GC(877) Pause Young (Normal) (G1 Preventive Collection)
[2024-08-27T15:01:02.780+0000][info][gc,task        ] GC(877) Using 24 workers of 68 for evacuation
[2024-08-27T15:01:02.794+0000][info][gc,phases      ] GC(877)   Pre Evacuate Collection Set: 0.2ms
[2024-08-27T15:01:02.794+0000][info][gc,phases      ] GC(877)   Merge Heap Roots: 0.5ms
[2024-08-27T15:01:02.794+0000][info][gc,phases      ] GC(877)   Evacuate Collection Set: 12.6ms
[2024-08-27T15:01:02.794+0000][info][gc,phases      ] GC(877)   Post Evacuate Collection Set: 0.6ms
[2024-08-27T15:01:02.794+0000][info][gc,phases      ] GC(877)   Other: 0.4ms
[2024-08-27T15:01:02.794+0000][info][gc,heap        ] GC(877) Eden regions: 30->0(44)
[2024-08-27T15:01:02.794+0000][info][gc,heap        ] GC(877) Survivor regions: 7->7(7)
[2024-08-27T15:01:02.794+0000][info][gc,heap        ] GC(877) Old regions: 939->972
[2024-08-27T15:01:02.794+0000][info][gc,heap        ] GC(877) Archive regions: 2->2
[2024-08-27T15:01:02.794+0000][info][gc,heap        ] GC(877) Humongous regions: 5->5
[2024-08-27T15:01:02.794+0000][info][gc,metaspace   ] GC(877) Metaspace: 100K(320K)->100K(320K) NonClass: 96K(192K)->96K(192K) Class: 4K(128K)->4K(128K)
[2024-08-27T15:01:02.794+0000][info][gc             ] GC(877) Pause Young (Normal) (G1 Preventive Collection) 981M->984M(1024M) 14.375ms
[2024-08-27T15:01:02.794+0000][info][gc,cpu         ] GC(877) User=0.32s Sys=0.00s Real=0.01s
[2024-08-27T15:01:02.800+0000][info][gc,marking     ] GC(874) Concurrent Rebuild Remembered Sets 87.450ms
[2024-08-27T15:01:02.800+0000][info][gc,start       ] GC(874) Pause Cleanup
[2024-08-27T15:01:02.803+0000][info][gc             ] GC(874) Pause Cleanup 994M->994M(1024M) 2.657ms
[2024-08-27T15:01:02.803+0000][info][gc,cpu         ] GC(874) User=0.01s Sys=0.00s Real=0.00s
[2024-08-27T15:01:02.803+0000][info][gc,marking     ] GC(874) Concurrent Cleanup for Next Mark
[2024-08-27T15:01:02.803+0000][info][gc,marking     ] GC(874) Concurrent Cleanup for Next Mark 0.679ms
[2024-08-27T15:01:02.803+0000][info][gc             ] GC(874) Concurrent Mark Cycle 118.234ms
[2024-08-27T15:01:02.806+0000][info][gc,start       ] GC(878) Pause Young (Prepare Mixed) (G1 Preventive Collection)
[2024-08-27T15:01:02.806+0000][info][gc,task        ] GC(878) Using 24 workers of 68 for evacuation
[2024-08-27T15:01:02.817+0000][info][gc,phases      ] GC(878)   Pre Evacuate Collection Set: 0.2ms
[2024-08-27T15:01:02.817+0000][info][gc,phases      ] GC(878)   Merge Heap Roots: 0.6ms
[2024-08-27T15:01:02.817+0000][info][gc,phases      ] GC(878)   Evacuate Collection Set: 10.1ms
[2024-08-27T15:01:02.817+0000][info][gc,phases      ] GC(878)   Post Evacuate Collection Set: 0.3ms
[2024-08-27T15:01:02.818+0000][info][gc,phases      ] GC(878)   Other: 0.2ms
[2024-08-27T15:01:02.818+0000][info][gc,heap        ] GC(878) Eden regions: 14->0(44)
[2024-08-27T15:01:02.818+0000][info][gc,heap        ] GC(878) Survivor regions: 7->7(7)
[2024-08-27T15:01:02.818+0000][info][gc,heap        ] GC(878) Old regions: 972->989
[2024-08-27T15:01:02.818+0000][info][gc,heap        ] GC(878) Archive regions: 2->2
[2024-08-27T15:01:02.818+0000][info][gc,heap        ] GC(878) Humongous regions: 5->5
[2024-08-27T15:01:02.818+0000][info][gc,metaspace   ] GC(878) Metaspace: 100K(320K)->100K(320K) NonClass: 96K(192K)->96K(192K) Class: 4K(128K)->4K(128K)
[2024-08-27T15:01:02.818+0000][info][gc             ] GC(878) Pause Young (Prepare Mixed) (G1 Preventive Collection) 998M->1001M(1024M) 11.556ms
[2024-08-27T15:01:02.818+0000][info][gc,cpu         ] GC(878) User=0.26s Sys=0.00s Real=0.02s
[2024-08-27T15:01:02.822+0000][info][gc,start       ] GC(879) Pause Young (Mixed) (G1 Preventive Collection)
[2024-08-27T15:01:02.822+0000][info][gc,task        ] GC(879) Using 24 workers of 68 for evacuation
[2024-08-27T15:01:02.826+0000][info][gc,phases      ] GC(879)   Pre Evacuate Collection Set: 0.2ms
[2024-08-27T15:01:02.826+0000][info][gc,phases      ] GC(879)   Merge Heap Roots: 0.3ms
[2024-08-27T15:01:02.826+0000][info][gc,phases      ] GC(879)   Evacuate Collection Set: 3.5ms
[2024-08-27T15:01:02.826+0000][info][gc,phases      ] GC(879)   Post Evacuate Collection Set: 0.3ms
[2024-08-27T15:01:02.826+0000][info][gc,phases      ] GC(879)   Other: 0.2ms
[2024-08-27T15:01:02.826+0000][info][gc,heap        ] GC(879) Eden regions: 6->0(45)
[2024-08-27T15:01:02.826+0000][info][gc,heap        ] GC(879) Survivor regions: 7->6(7)
[2024-08-27T15:01:02.826+0000][info][gc,heap        ] GC(879) Old regions: 989->895
[2024-08-27T15:01:02.826+0000][info][gc,heap        ] GC(879) Archive regions: 2->2
[2024-08-27T15:01:02.826+0000][info][gc,heap        ] GC(879) Humongous regions: 5->5
[2024-08-27T15:01:02.826+0000][info][gc,metaspace   ] GC(879) Metaspace: 100K(320K)->100K(320K) NonClass: 96K(192K)->96K(192K) Class: 4K(128K)->4K(128K)
[2024-08-27T15:01:02.826+0000][info][gc             ] GC(879) Pause Young (Mixed) (G1 Preventive Collection) 1007M->906M(1024M) 4.541ms
[2024-08-27T15:01:02.826+0000][info][gc,cpu         ] GC(879) User=0.09s Sys=0.00s Real=0.00s
[2024-08-27T15:01:02.848+0000][info][gc,start       ] GC(880) Pause Young (Mixed) (G1 Evacuation Pause)
[2024-08-27T15:01:02.848+0000][info][gc,task        ] GC(880) Using 24 workers of 68 for evacuation
[2024-08-27T15:01:02.859+0000][info][gc,phases      ] GC(880)   Pre Evacuate Collection Set: 0.2ms
[2024-08-27T15:01:02.860+0000][info][gc,phases      ] GC(880)   Merge Heap Roots: 0.4ms
[2024-08-27T15:01:02.860+0000][info][gc,phases      ] GC(880)   Evacuate Collection Set: 9.8ms
[2024-08-27T15:01:02.860+0000][info][gc,phases      ] GC(880)   Post Evacuate Collection Set: 0.5ms
[2024-08-27T15:01:02.860+0000][info][gc,phases      ] GC(880)   Other: 0.2ms
[2024-08-27T15:01:02.860+0000][info][gc,heap        ] GC(880) Eden regions: 45->0(44)
[2024-08-27T15:01:02.860+0000][info][gc,heap        ] GC(880) Survivor regions: 6->7(7)
[2024-08-27T15:01:02.860+0000][info][gc,heap        ] GC(880) Old regions: 895->836
[2024-08-27T15:01:02.860+0000][info][gc,heap        ] GC(880) Archive regions: 2->2
[2024-08-27T15:01:02.860+0000][info][gc,heap        ] GC(880) Humongous regions: 5->5
[2024-08-27T15:01:02.860+0000][info][gc,metaspace   ] GC(880) Metaspace: 100K(320K)->100K(320K) NonClass: 96K(192K)->96K(192K) Class: 4K(128K)->4K(128K)
[2024-08-27T15:01:02.860+0000][info][gc             ] GC(880) Pause Young (Mixed) (G1 Evacuation Pause) 951M->848M(1024M) 11.266ms
[2024-08-27T15:01:02.860+0000][info][gc,cpu         ] GC(880) User=0.24s Sys=0.00s Real=0.02s
[2024-08-27T15:01:02.881+0000][info][gc,start       ] GC(881) Pause Young (Mixed) (G1 Evacuation Pause)
[2024-08-27T15:01:02.881+0000][info][gc,task        ] GC(881) Using 24 workers of 68 for evacuation
[2024-08-27T15:01:02.893+0000][info][gc,phases      ] GC(881)   Pre Evacuate Collection Set: 0.3ms
[2024-08-27T15:01:02.893+0000][info][gc,phases      ] GC(881)   Merge Heap Roots: 0.4ms
[2024-08-27T15:01:02.893+0000][info][gc,phases      ] GC(881)   Evacuate Collection Set: 10.5ms
[2024-08-27T15:01:02.893+0000][info][gc,phases      ] GC(881)   Post Evacuate Collection Set: 0.4ms
[2024-08-27T15:01:02.893+0000][info][gc,phases      ] GC(881)   Other: 0.3ms
[2024-08-27T15:01:02.893+0000][info][gc,heap        ] GC(881) Eden regions: 44->0(44)
[2024-08-27T15:01:02.893+0000][info][gc,heap        ] GC(881) Survivor regions: 7->7(7)
[2024-08-27T15:01:02.893+0000][info][gc,heap        ] GC(881) Old regions: 836->779
[2024-08-27T15:01:02.893+0000][info][gc,heap        ] GC(881) Archive regions: 2->2
[2024-08-27T15:01:02.893+0000][info][gc,heap        ] GC(881) Humongous regions: 5->5
[2024-08-27T15:01:02.893+0000][info][gc,metaspace   ] GC(881) Metaspace: 100K(320K)->100K(320K) NonClass: 96K(192K)->96K(192K) Class: 4K(128K)->4K(128K)
[2024-08-27T15:01:02.893+0000][info][gc             ] GC(881) Pause Young (Mixed) (G1 Evacuation Pause) 892M->791M(1024M) 12.047ms
[2024-08-27T15:01:02.893+0000][info][gc,cpu         ] GC(881) User=0.26s Sys=0.00s Real=0.01s
[2024-08-27T15:01:02.916+0000][info][gc,start       ] GC(882) Pause Young (Mixed) (G1 Evacuation Pause)
[2024-08-27T15:01:02.916+0000][info][gc,task        ] GC(882) Using 24 workers of 68 for evacuation
[2024-08-27T15:01:02.928+0000][info][gc,phases      ] GC(882)   Pre Evacuate Collection Set: 0.2ms
[2024-08-27T15:01:02.928+0000][info][gc,phases      ] GC(882)   Merge Heap Roots: 0.3ms
[2024-08-27T15:01:02.928+0000][info][gc,phases      ] GC(882)   Evacuate Collection Set: 10.3ms
[2024-08-27T15:01:02.928+0000][info][gc,phases      ] GC(882)   Post Evacuate Collection Set: 0.4ms
[2024-08-27T15:01:02.928+0000][info][gc,phases      ] GC(882)   Other: 0.3ms
[2024-08-27T15:01:02.928+0000][info][gc,heap        ] GC(882) Eden regions: 44->0(44)
[2024-08-27T15:01:02.928+0000][info][gc,heap        ] GC(882) Survivor regions: 7->7(7)
[2024-08-27T15:01:02.928+0000][info][gc,heap        ] GC(882) Old regions: 779->780
[2024-08-27T15:01:02.928+0000][info][gc,heap        ] GC(882) Archive regions: 2->2
[2024-08-27T15:01:02.928+0000][info][gc,heap        ] GC(882) Humongous regions: 5->5
[2024-08-27T15:01:02.928+0000][info][gc,metaspace   ] GC(882) Metaspace: 100K(320K)->100K(320K) NonClass: 96K(192K)->96K(192K) Class: 4K(128K)->4K(128K)
[2024-08-27T15:01:02.928+0000][info][gc             ] GC(882) Pause Young (Mixed) (G1 Evacuation Pause) 835M->792M(1024M) 11.693ms
[2024-08-27T15:01:02.928+0000][info][gc,cpu         ] GC(882) User=0.25s Sys=0.00s Real=0.01s
[2024-08-27T15:01:02.948+0000][info][gc,start       ] GC(883) Pause Young (Concurrent Start) (G1 Evacuation Pause)
[2024-08-27T15:01:02.948+0000][info][gc,task        ] GC(883) Using 24 workers of 68 for evacuation
[2024-08-27T15:01:02.959+0000][info][gc,phases      ] GC(883)   Pre Evacuate Collection Set: 0.2ms
[2024-08-27T15:01:02.959+0000][info][gc,phases      ] GC(883)   Merge Heap Roots: 0.3ms
[2024-08-27T15:01:02.959+0000][info][gc,phases      ] GC(883)   Evacuate Collection Set: 9.8ms
[2024-08-27T15:01:02.959+0000][info][gc,phases      ] GC(883)   Post Evacuate Collection Set: 0.4ms
[2024-08-27T15:01:02.959+0000][info][gc,phases      ] GC(883)   Other: 1.0ms
[2024-08-27T15:01:02.959+0000][info][gc,heap        ] GC(883) Eden regions: 44->0(44)
[2024-08-27T15:01:02.960+0000][info][gc,heap        ] GC(883) Survivor regions: 7->7(7)
[2024-08-27T15:01:02.960+0000][info][gc,heap        ] GC(883) Old regions: 780->828
[2024-08-27T15:01:02.960+0000][info][gc,heap        ] GC(883) Archive regions: 2->2
[2024-08-27T15:01:02.960+0000][info][gc,heap        ] GC(883) Humongous regions: 5->5
[2024-08-27T15:01:02.960+0000][info][gc,metaspace   ] GC(883) Metaspace: 100K(320K)->100K(320K) NonClass: 96K(192K)->96K(192K) Class: 4K(128K)->4K(128K)
[2024-08-27T15:01:02.960+0000][info][gc             ] GC(883) Pause Young (Concurrent Start) (G1 Evacuation Pause) 836M->840M(1024M) 11.847ms
[2024-08-27T15:01:02.960+0000][info][gc,cpu         ] GC(883) User=0.24s Sys=0.00s Real=0.02s
[2024-08-27T15:01:02.960+0000][info][gc             ] GC(884) Concurrent Mark Cycle
[2024-08-27T15:01:02.960+0000][info][gc,marking     ] GC(884) Concurrent Clear Claimed Marks
[2024-08-27T15:01:02.960+0000][info][gc,marking     ] GC(884) Concurrent Clear Claimed Marks 0.013ms
[2024-08-27T15:01:02.960+0000][info][gc,marking     ] GC(884) Concurrent Scan Root Regions
[2024-08-27T15:01:02.961+0000][info][gc,marking     ] GC(884) Concurrent Scan Root Regions 1.473ms
[2024-08-27T15:01:02.961+0000][info][gc,marking     ] GC(884) Concurrent Mark
[2024-08-27T15:01:02.961+0000][info][gc,marking     ] GC(884) Concurrent Mark From Roots
[2024-08-27T15:01:02.961+0000][info][gc,task        ] GC(884) Using 17 workers of 17 for marking
[2024-08-27T15:01:02.984+0000][info][gc,marking     ] GC(884) Concurrent Mark From Roots 22.304ms
[2024-08-27T15:01:02.984+0000][info][gc,marking     ] GC(884) Concurrent Preclean
[2024-08-27T15:01:02.985+0000][info][gc,marking     ] GC(884) Concurrent Preclean 1.214ms
[2024-08-27T15:01:02.985+0000][info][gc,start       ] GC(884) Pause Remark
[2024-08-27T15:01:02.987+0000][info][gc             ] GC(884) Pause Remark 879M->879M(1024M) 1.805ms
[2024-08-27T15:01:02.987+0000][info][gc,cpu         ] GC(884) User=0.00s Sys=0.00s Real=0.00s
[2024-08-27T15:01:02.987+0000][info][gc,marking     ] GC(884) Concurrent Mark 25.902ms
[2024-08-27T15:01:02.987+0000][info][gc,marking     ] GC(884) Concurrent Rebuild Remembered Sets
[2024-08-27T15:01:02.990+0000][info][gc,start       ] GC(885) Pause Young (Normal) (G1 Evacuation Pause)
[2024-08-27T15:01:02.990+0000][info][gc,task        ] GC(885) Using 24 workers of 68 for evacuation
[2024-08-27T15:01:03.001+0000][info][gc,phases      ] GC(885)   Pre Evacuate Collection Set: 0.2ms
[2024-08-27T15:01:03.001+0000][info][gc,phases      ] GC(885)   Merge Heap Roots: 0.3ms
[2024-08-27T15:01:03.001+0000][info][gc,phases      ] GC(885)   Evacuate Collection Set: 9.3ms
[2024-08-27T15:01:03.001+0000][info][gc,phases      ] GC(885)   Post Evacuate Collection Set: 0.4ms
[2024-08-27T15:01:03.001+0000][info][gc,phases      ] GC(885)   Other: 0.3ms
[2024-08-27T15:01:03.001+0000][info][gc,heap        ] GC(885) Eden regions: 44->0(44)
[2024-08-27T15:01:03.001+0000][info][gc,heap        ] GC(885) Survivor regions: 7->7(7)
[2024-08-27T15:01:03.001+0000][info][gc,heap        ] GC(885) Old regions: 828->874
[2024-08-27T15:01:03.001+0000][info][gc,heap        ] GC(885) Archive regions: 2->2
[2024-08-27T15:01:03.001+0000][info][gc,heap        ] GC(885) Humongous regions: 5->5
[2024-08-27T15:01:03.001+0000][info][gc,metaspace   ] GC(885) Metaspace: 100K(320K)->100K(320K) NonClass: 96K(192K)->96K(192K) Class: 4K(128K)->4K(128K)
[2024-08-27T15:01:03.001+0000][info][gc             ] GC(885) Pause Young (Normal) (G1 Evacuation Pause) 884M->886M(1024M) 10.701ms
[2024-08-27T15:01:03.001+0000][info][gc,cpu         ] GC(885) User=0.23s Sys=0.00s Real=0.01s
[2024-08-27T15:01:03.022+0000][info][gc,start       ] GC(886) Pause Young (Normal) (G1 Evacuation Pause)
[2024-08-27T15:01:03.022+0000][info][gc,task        ] GC(886) Using 24 workers of 68 for evacuation
[2024-08-27T15:01:03.036+0000][info][gc,phases      ] GC(886)   Pre Evacuate Collection Set: 0.2ms
[2024-08-27T15:01:03.036+0000][info][gc,phases      ] GC(886)   Merge Heap Roots: 0.4ms
[2024-08-27T15:01:03.036+0000][info][gc,phases      ] GC(886)   Evacuate Collection Set: 12.7ms
[2024-08-27T15:01:03.036+0000][info][gc,phases      ] GC(886)   Post Evacuate Collection Set: 0.6ms
[2024-08-27T15:01:03.036+0000][info][gc,phases      ] GC(886)   Other: 0.3ms
[2024-08-27T15:01:03.036+0000][info][gc,heap        ] GC(886) Eden regions: 44->0(44)
[2024-08-27T15:01:03.036+0000][info][gc,heap        ] GC(886) Survivor regions: 7->7(7)
[2024-08-27T15:01:03.036+0000][info][gc,heap        ] GC(886) Old regions: 874->922
[2024-08-27T15:01:03.036+0000][info][gc,heap        ] GC(886) Archive regions: 2->2
[2024-08-27T15:01:03.036+0000][info][gc,heap        ] GC(886) Humongous regions: 5->5
[2024-08-27T15:01:03.036+0000][info][gc,metaspace   ] GC(886) Metaspace: 100K(320K)->100K(320K) NonClass: 96K(192K)->96K(192K) Class: 4K(128K)->4K(128K)
[2024-08-27T15:01:03.036+0000][info][gc             ] GC(886) Pause Young (Normal) (G1 Evacuation Pause) 930M->934M(1024M) 14.353ms
[2024-08-27T15:01:03.036+0000][info][gc,cpu         ] GC(886) User=0.32s Sys=0.00s Real=0.01s
[2024-08-27T15:01:03.055+0000][info][gc,start       ] GC(887) Pause Young (Normal) (G1 Preventive Collection)
[2024-08-27T15:01:03.055+0000][info][gc,task        ] GC(887) Using 24 workers of 68 for evacuation
[2024-08-27T15:01:03.070+0000][info][gc,phases      ] GC(887)   Pre Evacuate Collection Set: 0.2ms
[2024-08-27T15:01:03.070+0000][info][gc,phases      ] GC(887)   Merge Heap Roots: 0.5ms
[2024-08-27T15:01:03.070+0000][info][gc,phases      ] GC(887)   Evacuate Collection Set: 13.4ms
[2024-08-27T15:01:03.070+0000][info][gc,phases      ] GC(887)   Post Evacuate Collection Set: 0.7ms
[2024-08-27T15:01:03.070+0000][info][gc,phases      ] GC(887)   Other: 0.3ms
[2024-08-27T15:01:03.070+0000][info][gc,heap        ] GC(887) Eden regions: 38->0(44)
[2024-08-27T15:01:03.070+0000][info][gc,heap        ] GC(887) Survivor regions: 7->7(7)
[2024-08-27T15:01:03.070+0000][info][gc,heap        ] GC(887) Old regions: 922->963
[2024-08-27T15:01:03.070+0000][info][gc,heap        ] GC(887) Archive regions: 2->2
[2024-08-27T15:01:03.070+0000][info][gc,heap        ] GC(887) Humongous regions: 5->5
[2024-08-27T15:01:03.070+0000][info][gc,metaspace   ] GC(887) Metaspace: 100K(320K)->100K(320K) NonClass: 96K(192K)->96K(192K) Class: 4K(128K)->4K(128K)
[2024-08-27T15:01:03.070+0000][info][gc             ] GC(887) Pause Young (Normal) (G1 Preventive Collection) 972M->975M(1024M) 15.254ms
[2024-08-27T15:01:03.070+0000][info][gc,cpu         ] GC(887) User=0.33s Sys=0.01s Real=0.02s
[2024-08-27T15:01:03.075+0000][info][gc,marking     ] GC(884) Concurrent Rebuild Remembered Sets 88.012ms
[2024-08-27T15:01:03.076+0000][info][gc,start       ] GC(884) Pause Cleanup
[2024-08-27T15:01:03.078+0000][info][gc             ] GC(884) Pause Cleanup 986M->986M(1024M) 2.727ms
[2024-08-27T15:01:03.078+0000][info][gc,cpu         ] GC(884) User=0.00s Sys=0.00s Real=0.01s
[2024-08-27T15:01:03.078+0000][info][gc,marking     ] GC(884) Concurrent Cleanup for Next Mark
[2024-08-27T15:01:03.079+0000][info][gc,marking     ] GC(884) Concurrent Cleanup for Next Mark 0.628ms
[2024-08-27T15:01:03.079+0000][info][gc             ] GC(884) Concurrent Mark Cycle 119.417ms
[2024-08-27T15:01:03.083+0000][info][gc,start       ] GC(888) Pause Young (Prepare Mixed) (G1 Preventive Collection)
[2024-08-27T15:01:03.083+0000][info][gc,task        ] GC(888) Using 24 workers of 68 for evacuation
[2024-08-27T15:01:03.097+0000][info][gc             ] GC(888) To-space exhausted
[2024-08-27T15:01:03.097+0000][info][gc,phases      ] GC(888)   Pre Evacuate Collection Set: 0.2ms
[2024-08-27T15:01:03.097+0000][info][gc,phases      ] GC(888)   Merge Heap Roots: 0.6ms
[2024-08-27T15:01:03.097+0000][info][gc,phases      ] GC(888)   Evacuate Collection Set: 12.1ms
[2024-08-27T15:01:03.097+0000][info][gc,phases      ] GC(888)   Post Evacuate Collection Set: 0.7ms
[2024-08-27T15:01:03.097+0000][info][gc,phases      ] GC(888)   Other: 0.3ms
[2024-08-27T15:01:03.097+0000][info][gc,heap        ] GC(888) Eden regions: 19->0(44)
[2024-08-27T15:01:03.097+0000][info][gc,heap        ] GC(888) Survivor regions: 7->7(7)
[2024-08-27T15:01:03.097+0000][info][gc,heap        ] GC(888) Old regions: 963->1008
[2024-08-27T15:01:03.097+0000][info][gc,heap        ] GC(888) Archive regions: 2->2
[2024-08-27T15:01:03.097+0000][info][gc,heap        ] GC(888) Humongous regions: 5->5
[2024-08-27T15:01:03.097+0000][info][gc,metaspace   ] GC(888) Metaspace: 100K(320K)->100K(320K) NonClass: 96K(192K)->96K(192K) Class: 4K(128K)->4K(128K)
[2024-08-27T15:01:03.097+0000][info][gc             ] GC(888) Pause Young (Prepare Mixed) (G1 Preventive Collection) 994M->1020M(1024M) 13.918ms
[2024-08-27T15:01:03.097+0000][info][gc,cpu         ] GC(888) User=0.30s Sys=0.00s Real=0.01s
[2024-08-27T15:01:03.098+0000][info][gc,start       ] GC(889) Pause Young (Mixed) (G1 Preventive Collection)
[2024-08-27T15:01:03.098+0000][info][gc,task        ] GC(889) Using 24 workers of 68 for evacuation
[2024-08-27T15:01:03.101+0000][info][gc             ] GC(889) To-space exhausted
[2024-08-27T15:01:03.101+0000][info][gc,phases      ] GC(889)   Pre Evacuate Collection Set: 0.2ms
[2024-08-27T15:01:03.101+0000][info][gc,phases      ] GC(889)   Merge Heap Roots: 0.3ms
[2024-08-27T15:01:03.101+0000][info][gc,phases      ] GC(889)   Evacuate Collection Set: 2.1ms
[2024-08-27T15:01:03.102+0000][info][gc,phases      ] GC(889)   Post Evacuate Collection Set: 0.8ms
[2024-08-27T15:01:03.102+0000][info][gc,phases      ] GC(889)   Other: 0.2ms
[2024-08-27T15:01:03.102+0000][info][gc,heap        ] GC(889) Eden regions: 1->0(51)
[2024-08-27T15:01:03.102+0000][info][gc,heap        ] GC(889) Survivor regions: 7->0(1)
[2024-08-27T15:01:03.102+0000][info][gc,heap        ] GC(889) Old regions: 1008->1017
[2024-08-27T15:01:03.102+0000][info][gc,heap        ] GC(889) Archive regions: 2->2
[2024-08-27T15:01:03.102+0000][info][gc,heap        ] GC(889) Humongous regions: 5->5
[2024-08-27T15:01:03.102+0000][info][gc,metaspace   ] GC(889) Metaspace: 100K(320K)->100K(320K) NonClass: 96K(192K)->96K(192K) Class: 4K(128K)->4K(128K)
[2024-08-27T15:01:03.102+0000][info][gc             ] GC(889) Pause Young (Mixed) (G1 Preventive Collection) 1021M->1022M(1024M) 3.789ms
[2024-08-27T15:01:03.102+0000][info][gc,cpu         ] GC(889) User=0.05s Sys=0.01s Real=0.00s
[2024-08-27T15:01:03.102+0000][info][gc,ergo        ] Attempting full compaction
[2024-08-27T15:01:03.102+0000][info][gc,task        ] GC(890) Using 24 workers of 68 for full compaction
[2024-08-27T15:01:03.102+0000][info][gc,start       ] GC(890) Pause Full (G1 Compaction Pause)
[2024-08-27T15:01:03.102+0000][info][gc,phases,start] GC(890) Phase 1: Mark live objects
[2024-08-27T15:01:03.117+0000][info][gc,phases      ] GC(890) Phase 1: Mark live objects 14.401ms
[2024-08-27T15:01:03.117+0000][info][gc,phases,start] GC(890) Phase 2: Prepare for compaction
[2024-08-27T15:01:03.125+0000][info][gc,phases      ] GC(890) Phase 2: Prepare for compaction 8.373ms
[2024-08-27T15:01:03.125+0000][info][gc,phases,start] GC(890) Phase 3: Adjust pointers
[2024-08-27T15:01:03.142+0000][info][gc,phases      ] GC(890) Phase 3: Adjust pointers 16.995ms
[2024-08-27T15:01:03.143+0000][info][gc,phases,start] GC(890) Phase 4: Compact heap
[2024-08-27T15:01:03.173+0000][info][gc,phases      ] GC(890) Phase 4: Compact heap 30.397ms
[2024-08-27T15:01:03.174+0000][info][gc,heap        ] GC(890) Eden regions: 0->0(150)
[2024-08-27T15:01:03.174+0000][info][gc,heap        ] GC(890) Survivor regions: 0->0(1)
[2024-08-27T15:01:03.174+0000][info][gc,heap        ] GC(890) Old regions: 1017->443
[2024-08-27T15:01:03.174+0000][info][gc,heap        ] GC(890) Archive regions: 2->2
[2024-08-27T15:01:03.174+0000][info][gc,heap        ] GC(890) Humongous regions: 5->5
[2024-08-27T15:01:03.174+0000][info][gc,metaspace   ] GC(890) Metaspace: 100K(320K)->100K(320K) NonClass: 96K(192K)->96K(192K) Class: 4K(128K)->4K(128K)
[2024-08-27T15:01:03.174+0000][info][gc             ] GC(890) Pause Full (G1 Compaction Pause) 1022M->437M(1024M) 71.970ms
[2024-08-27T15:01:03.174+0000][info][gc,cpu         ] GC(890) User=1.49s Sys=0.01s Real=0.07s
[2024-08-27T15:01:03.243+0000][info][gc,start       ] GC(891) Pause Young (Normal) (G1 Evacuation Pause)
[2024-08-27T15:01:03.243+0000][info][gc,task        ] GC(891) Using 24 workers of 68 for evacuation
[2024-08-27T15:01:03.267+0000][info][gc,phases      ] GC(891)   Pre Evacuate Collection Set: 0.2ms
[2024-08-27T15:01:03.267+0000][info][gc,phases      ] GC(891)   Merge Heap Roots: 0.4ms
[2024-08-27T15:01:03.267+0000][info][gc,phases      ] GC(891)   Evacuate Collection Set: 22.8ms
[2024-08-27T15:01:03.267+0000][info][gc,phases      ] GC(891)   Post Evacuate Collection Set: 0.3ms
[2024-08-27T15:01:03.267+0000][info][gc,phases      ] GC(891)   Other: 0.3ms
[2024-08-27T15:01:03.267+0000][info][gc,heap        ] GC(891) Eden regions: 150->0(103)
[2024-08-27T15:01:03.267+0000][info][gc,heap        ] GC(891) Survivor regions: 0->19(19)
[2024-08-27T15:01:03.267+0000][info][gc,heap        ] GC(891) Old regions: 443->570
[2024-08-27T15:01:03.267+0000][info][gc,heap        ] GC(891) Archive regions: 2->2
[2024-08-27T15:01:03.267+0000][info][gc,heap        ] GC(891) Humongous regions: 5->5
[2024-08-27T15:01:03.267+0000][info][gc,metaspace   ] GC(891) Metaspace: 100K(320K)->100K(320K) NonClass: 96K(192K)->96K(192K) Class: 4K(128K)->4K(128K)
[2024-08-27T15:01:03.267+0000][info][gc             ] GC(891) Pause Young (Normal) (G1 Evacuation Pause) 587M->582M(1024M) 24.132ms
[2024-08-27T15:01:03.267+0000][info][gc,cpu         ] GC(891) User=0.55s Sys=0.00s Real=0.02s
[2024-08-27T15:01:03.311+0000][info][gc,start       ] GC(892) Pause Young (Normal) (G1 Evacuation Pause)
[2024-08-27T15:01:03.311+0000][info][gc,task        ] GC(892) Using 24 workers of 68 for evacuation
[2024-08-27T15:01:03.331+0000][info][gc,phases      ] GC(892)   Pre Evacuate Collection Set: 0.2ms
[2024-08-27T15:01:03.331+0000][info][gc,phases      ] GC(892)   Merge Heap Roots: 0.4ms
[2024-08-27T15:01:03.331+0000][info][gc,phases      ] GC(892)   Evacuate Collection Set: 18.9ms
[2024-08-27T15:01:03.331+0000][info][gc,phases      ] GC(892)   Post Evacuate Collection Set: 0.3ms
[2024-08-27T15:01:03.331+0000][info][gc,phases      ] GC(892)   Other: 0.2ms
[2024-08-27T15:01:03.331+0000][info][gc,heap        ] GC(892) Eden regions: 103->0(70)
[2024-08-27T15:01:03.331+0000][info][gc,heap        ] GC(892) Survivor regions: 19->16(16)
[2024-08-27T15:01:03.331+0000][info][gc,heap        ] GC(892) Old regions: 570->677
[2024-08-27T15:01:03.331+0000][info][gc,heap        ] GC(892) Archive regions: 2->2
[2024-08-27T15:01:03.331+0000][info][gc,heap        ] GC(892) Humongous regions: 5->5
[2024-08-27T15:01:03.331+0000][info][gc,metaspace   ] GC(892) Metaspace: 100K(320K)->100K(320K) NonClass: 96K(192K)->96K(192K) Class: 4K(128K)->4K(128K)
[2024-08-27T15:01:03.331+0000][info][gc             ] GC(892) Pause Young (Normal) (G1 Evacuation Pause) 685M->687M(1024M) 20.127ms
[2024-08-27T15:01:03.331+0000][info][gc,cpu         ] GC(892) User=0.47s Sys=0.00s Real=0.02s
[2024-08-27T15:01:03.361+0000][info][gc,start       ] GC(893) Pause Young (Concurrent Start) (G1 Evacuation Pause)
[2024-08-27T15:01:03.361+0000][info][gc,task        ] GC(893) Using 24 workers of 68 for evacuation
[2024-08-27T15:01:03.377+0000][info][gc,phases      ] GC(893)   Pre Evacuate Collection Set: 0.2ms
[2024-08-27T15:01:03.377+0000][info][gc,phases      ] GC(893)   Merge Heap Roots: 0.4ms
[2024-08-27T15:01:03.377+0000][info][gc,phases      ] GC(893)   Evacuate Collection Set: 15.2ms
[2024-08-27T15:01:03.377+0000][info][gc,phases      ] GC(893)   Post Evacuate Collection Set: 0.3ms
[2024-08-27T15:01:03.377+0000][info][gc,phases      ] GC(893)   Other: 0.6ms
[2024-08-27T15:01:03.377+0000][info][gc,heap        ] GC(893) Eden regions: 70->0(46)
[2024-08-27T15:01:03.377+0000][info][gc,heap        ] GC(893) Survivor regions: 16->11(11)
[2024-08-27T15:01:03.377+0000][info][gc,heap        ] GC(893) Old regions: 677->756
[2024-08-27T15:01:03.377+0000][info][gc,heap        ] GC(893) Archive regions: 2->2
[2024-08-27T15:01:03.377+0000][info][gc,heap        ] GC(893) Humongous regions: 5->5
[2024-08-27T15:01:03.377+0000][info][gc,metaspace   ] GC(893) Metaspace: 100K(320K)->100K(320K) NonClass: 96K(192K)->96K(192K) Class: 4K(128K)->4K(128K)
[2024-08-27T15:01:03.378+0000][info][gc             ] GC(893) Pause Young (Concurrent Start) (G1 Evacuation Pause) 757M->760M(1024M) 16.746ms
[2024-08-27T15:01:03.378+0000][info][gc,cpu         ] GC(893) User=0.37s Sys=0.00s Real=0.02s
[2024-08-27T15:01:03.378+0000][info][gc             ] GC(894) Concurrent Mark Cycle
[2024-08-27T15:01:03.378+0000][info][gc,marking     ] GC(894) Concurrent Clear Claimed Marks
[2024-08-27T15:01:03.378+0000][info][gc,marking     ] GC(894) Concurrent Clear Claimed Marks 0.018ms
[2024-08-27T15:01:03.378+0000][info][gc,marking     ] GC(894) Concurrent Scan Root Regions
[2024-08-27T15:01:03.380+0000][info][gc,marking     ] GC(894) Concurrent Scan Root Regions 2.377ms
[2024-08-27T15:01:03.380+0000][info][gc,marking     ] GC(894) Concurrent Mark
[2024-08-27T15:01:03.380+0000][info][gc,marking     ] GC(894) Concurrent Mark From Roots
[2024-08-27T15:01:03.380+0000][info][gc,task        ] GC(894) Using 17 workers of 17 for marking
[2024-08-27T15:01:03.402+0000][info][gc,marking     ] GC(894) Concurrent Mark From Roots 22.089ms
[2024-08-27T15:01:03.402+0000][info][gc,marking     ] GC(894) Concurrent Preclean
[2024-08-27T15:01:03.403+0000][info][gc,marking     ] GC(894) Concurrent Preclean 0.877ms
[2024-08-27T15:01:03.404+0000][info][gc,start       ] GC(894) Pause Remark
[2024-08-27T15:01:03.405+0000][info][gc             ] GC(894) Pause Remark 798M->798M(1024M) 1.356ms
[2024-08-27T15:01:03.405+0000][info][gc,cpu         ] GC(894) User=0.00s Sys=0.00s Real=0.00s
[2024-08-27T15:01:03.405+0000][info][gc,marking     ] GC(894) Concurrent Mark 24.850ms
[2024-08-27T15:01:03.405+0000][info][gc,marking     ] GC(894) Concurrent Rebuild Remembered Sets
[2024-08-27T15:01:03.410+0000][info][gc,start       ] GC(895) Pause Young (Normal) (G1 Evacuation Pause)
[2024-08-27T15:01:03.410+0000][info][gc,task        ] GC(895) Using 24 workers of 68 for evacuation
[2024-08-27T15:01:03.423+0000][info][gc,phases      ] GC(895)   Pre Evacuate Collection Set: 0.2ms
[2024-08-27T15:01:03.423+0000][info][gc,phases      ] GC(895)   Merge Heap Roots: 0.4ms
[2024-08-27T15:01:03.423+0000][info][gc,phases      ] GC(895)   Evacuate Collection Set: 11.8ms
[2024-08-27T15:01:03.423+0000][info][gc,phases      ] GC(895)   Post Evacuate Collection Set: 0.5ms
[2024-08-27T15:01:03.423+0000][info][gc,phases      ] GC(895)   Other: 0.2ms
[2024-08-27T15:01:03.423+0000][info][gc,heap        ] GC(895) Eden regions: 46->0(43)
[2024-08-27T15:01:03.423+0000][info][gc,heap        ] GC(895) Survivor regions: 11->8(8)
[2024-08-27T15:01:03.423+0000][info][gc,heap        ] GC(895) Old regions: 756->809
[2024-08-27T15:01:03.423+0000][info][gc,heap        ] GC(895) Archive regions: 2->2
[2024-08-27T15:01:03.423+0000][info][gc,heap        ] GC(895) Humongous regions: 5->5
[2024-08-27T15:01:03.423+0000][info][gc,metaspace   ] GC(895) Metaspace: 100K(320K)->100K(320K) NonClass: 96K(192K)->96K(192K) Class: 4K(128K)->4K(128K)
[2024-08-27T15:01:03.423+0000][info][gc             ] GC(895) Pause Young (Normal) (G1 Evacuation Pause) 806M->810M(1024M) 13.182ms
[2024-08-27T15:01:03.423+0000][info][gc,cpu         ] GC(895) User=0.29s Sys=0.00s Real=0.01s
[2024-08-27T15:01:03.446+0000][info][gc,start       ] GC(896) Pause Young (Normal) (G1 Evacuation Pause)
[2024-08-27T15:01:03.446+0000][info][gc,task        ] GC(896) Using 24 workers of 68 for evacuation
[2024-08-27T15:01:03.461+0000][info][gc,phases      ] GC(896)   Pre Evacuate Collection Set: 0.2ms
[2024-08-27T15:01:03.461+0000][info][gc,phases      ] GC(896)   Merge Heap Roots: 0.4ms
[2024-08-27T15:01:03.461+0000][info][gc,phases      ] GC(896)   Evacuate Collection Set: 14.1ms
[2024-08-27T15:01:03.461+0000][info][gc,phases      ] GC(896)   Post Evacuate Collection Set: 0.5ms
[2024-08-27T15:01:03.461+0000][info][gc,phases      ] GC(896)   Other: 0.3ms
[2024-08-27T15:01:03.461+0000][info][gc,heap        ] GC(896) Eden regions: 43->0(44)
[2024-08-27T15:01:03.461+0000][info][gc,heap        ] GC(896) Survivor regions: 8->7(7)
[2024-08-27T15:01:03.461+0000][info][gc,heap        ] GC(896) Old regions: 809->856
[2024-08-27T15:01:03.461+0000][info][gc,heap        ] GC(896) Archive regions: 2->2
[2024-08-27T15:01:03.461+0000][info][gc,heap        ] GC(896) Humongous regions: 5->5
[2024-08-27T15:01:03.461+0000][info][gc,metaspace   ] GC(896) Metaspace: 100K(320K)->100K(320K) NonClass: 96K(192K)->96K(192K) Class: 4K(128K)->4K(128K)
[2024-08-27T15:01:03.461+0000][info][gc             ] GC(896) Pause Young (Normal) (G1 Evacuation Pause) 853M->856M(1024M) 15.529ms
[2024-08-27T15:01:03.461+0000][info][gc,cpu         ] GC(896) User=0.35s Sys=0.00s Real=0.02s
[2024-08-27T15:01:03.481+0000][info][gc,start       ] GC(897) Pause Young (Normal) (G1 Evacuation Pause)
[2024-08-27T15:01:03.481+0000][info][gc,task        ] GC(897) Using 24 workers of 68 for evacuation
[2024-08-27T15:01:03.497+0000][info][gc,phases      ] GC(897)   Pre Evacuate Collection Set: 0.1ms
[2024-08-27T15:01:03.497+0000][info][gc,phases      ] GC(897)   Merge Heap Roots: 0.5ms
[2024-08-27T15:01:03.497+0000][info][gc,phases      ] GC(897)   Evacuate Collection Set: 14.0ms
[2024-08-27T15:01:03.497+0000][info][gc,phases      ] GC(897)   Post Evacuate Collection Set: 0.6ms
[2024-08-27T15:01:03.497+0000][info][gc,phases      ] GC(897)   Other: 0.3ms
[2024-08-27T15:01:03.497+0000][info][gc,heap        ] GC(897) Eden regions: 44->0(44)
[2024-08-27T15:01:03.497+0000][info][gc,heap        ] GC(897) Survivor regions: 7->7(7)
[2024-08-27T15:01:03.497+0000][info][gc,heap        ] GC(897) Old regions: 856->903
[2024-08-27T15:01:03.497+0000][info][gc,heap        ] GC(897) Archive regions: 2->2
[2024-08-27T15:01:03.497+0000][info][gc,heap        ] GC(897) Humongous regions: 5->5
[2024-08-27T15:01:03.497+0000][info][gc,metaspace   ] GC(897) Metaspace: 100K(320K)->100K(320K) NonClass: 96K(192K)->96K(192K) Class: 4K(128K)->4K(128K)
[2024-08-27T15:01:03.497+0000][info][gc             ] GC(897) Pause Young (Normal) (G1 Evacuation Pause) 900M->904M(1024M) 15.592ms
[2024-08-27T15:01:03.497+0000][info][gc,cpu         ] GC(897) User=0.35s Sys=0.00s Real=0.01s
[2024-08-27T15:01:03.511+0000][info][gc,marking     ] GC(894) Concurrent Rebuild Remembered Sets 105.519ms
[2024-08-27T15:01:03.511+0000][info][gc,start       ] GC(894) Pause Cleanup
[2024-08-27T15:01:03.512+0000][info][gc             ] GC(894) Pause Cleanup 933M->933M(1024M) 1.269ms
[2024-08-27T15:01:03.512+0000][info][gc,cpu         ] GC(894) User=0.00s Sys=0.00s Real=0.00s
[2024-08-27T15:01:03.512+0000][info][gc,marking     ] GC(894) Concurrent Cleanup for Next Mark
[2024-08-27T15:01:03.513+0000][info][gc,marking     ] GC(894) Concurrent Cleanup for Next Mark 0.668ms
[2024-08-27T15:01:03.513+0000][info][gc             ] GC(894) Concurrent Mark Cycle 135.490ms
[2024-08-27T15:01:03.521+0000][info][gc,start       ] GC(898) Pause Young (Prepare Mixed) (G1 Evacuation Pause)
[2024-08-27T15:01:03.521+0000][info][gc,task        ] GC(898) Using 24 workers of 68 for evacuation
[2024-08-27T15:01:03.537+0000][info][gc,phases      ] GC(898)   Pre Evacuate Collection Set: 0.2ms
[2024-08-27T15:01:03.537+0000][info][gc,phases      ] GC(898)   Merge Heap Roots: 0.6ms
[2024-08-27T15:01:03.537+0000][info][gc,phases      ] GC(898)   Evacuate Collection Set: 15.3ms
[2024-08-27T15:01:03.537+0000][info][gc,phases      ] GC(898)   Post Evacuate Collection Set: 0.3ms
[2024-08-27T15:01:03.537+0000][info][gc,phases      ] GC(898)   Other: 0.2ms
[2024-08-27T15:01:03.537+0000][info][gc,heap        ] GC(898) Eden regions: 44->0(44)
[2024-08-27T15:01:03.537+0000][info][gc,heap        ] GC(898) Survivor regions: 7->7(7)
[2024-08-27T15:01:03.537+0000][info][gc,heap        ] GC(898) Old regions: 903->950
[2024-08-27T15:01:03.537+0000][info][gc,heap        ] GC(898) Archive regions: 2->2
[2024-08-27T15:01:03.537+0000][info][gc,heap        ] GC(898) Humongous regions: 5->5
[2024-08-27T15:01:03.537+0000][info][gc,metaspace   ] GC(898) Metaspace: 100K(320K)->100K(320K) NonClass: 96K(192K)->96K(192K) Class: 4K(128K)->4K(128K)
[2024-08-27T15:01:03.537+0000][info][gc             ] GC(898) Pause Young (Prepare Mixed) (G1 Evacuation Pause) 948M->951M(1024M) 16.590ms
[2024-08-27T15:01:03.537+0000][info][gc,cpu         ] GC(898) User=0.38s Sys=0.00s Real=0.01s
[2024-08-27T15:01:03.549+0000][info][gc,start       ] GC(899) Pause Young (Mixed) (G1 Preventive Collection)
[2024-08-27T15:01:03.549+0000][info][gc,task        ] GC(899) Using 24 workers of 68 for evacuation
[2024-08-27T15:01:03.557+0000][info][gc,phases      ] GC(899)   Pre Evacuate Collection Set: 0.2ms
[2024-08-27T15:01:03.557+0000][info][gc,phases      ] GC(899)   Merge Heap Roots: 0.3ms
[2024-08-27T15:01:03.557+0000][info][gc,phases      ] GC(899)   Evacuate Collection Set: 7.3ms
[2024-08-27T15:01:03.557+0000][info][gc,phases      ] GC(899)   Post Evacuate Collection Set: 0.4ms
[2024-08-27T15:01:03.557+0000][info][gc,phases      ] GC(899)   Other: 0.2ms
[2024-08-27T15:01:03.557+0000][info][gc,heap        ] GC(899) Eden regions: 24->0(44)
[2024-08-27T15:01:03.557+0000][info][gc,heap        ] GC(899) Survivor regions: 7->7(7)
[2024-08-27T15:01:03.557+0000][info][gc,heap        ] GC(899) Old regions: 950->875
[2024-08-27T15:01:03.557+0000][info][gc,heap        ] GC(899) Archive regions: 2->2
[2024-08-27T15:01:03.557+0000][info][gc,heap        ] GC(899) Humongous regions: 5->5
[2024-08-27T15:01:03.557+0000][info][gc,metaspace   ] GC(899) Metaspace: 100K(320K)->100K(320K) NonClass: 96K(192K)->96K(192K) Class: 4K(128K)->4K(128K)
[2024-08-27T15:01:03.557+0000][info][gc             ] GC(899) Pause Young (Mixed) (G1 Preventive Collection) 975M->886M(1024M) 8.474ms
[2024-08-27T15:01:03.557+0000][info][gc,cpu         ] GC(899) User=0.19s Sys=0.00s Real=0.01s
[2024-08-27T15:01:03.576+0000][info][gc,start       ] GC(900) Pause Young (Mixed) (G1 Evacuation Pause)
[2024-08-27T15:01:03.576+0000][info][gc,task        ] GC(900) Using 24 workers of 68 for evacuation
[2024-08-27T15:01:03.587+0000][info][gc,phases      ] GC(900)   Pre Evacuate Collection Set: 0.2ms
[2024-08-27T15:01:03.587+0000][info][gc,phases      ] GC(900)   Merge Heap Roots: 0.4ms
[2024-08-27T15:01:03.587+0000][info][gc,phases      ] GC(900)   Evacuate Collection Set: 9.8ms
[2024-08-27T15:01:03.587+0000][info][gc,phases      ] GC(900)   Post Evacuate Collection Set: 0.4ms
[2024-08-27T15:01:03.587+0000][info][gc,phases      ] GC(900)   Other: 0.3ms
[2024-08-27T15:01:03.587+0000][info][gc,heap        ] GC(900) Eden regions: 44->0(44)
[2024-08-27T15:01:03.587+0000][info][gc,heap        ] GC(900) Survivor regions: 7->7(7)
[2024-08-27T15:01:03.587+0000][info][gc,heap        ] GC(900) Old regions: 875->817
[2024-08-27T15:01:03.587+0000][info][gc,heap        ] GC(900) Archive regions: 2->2
[2024-08-27T15:01:03.587+0000][info][gc,heap        ] GC(900) Humongous regions: 5->5
[2024-08-27T15:01:03.587+0000][info][gc,metaspace   ] GC(900) Metaspace: 100K(320K)->100K(320K) NonClass: 96K(192K)->96K(192K) Class: 4K(128K)->4K(128K)
[2024-08-27T15:01:03.587+0000][info][gc             ] GC(900) Pause Young (Mixed) (G1 Evacuation Pause) 930M->829M(1024M) 11.259ms
[2024-08-27T15:01:03.587+0000][info][gc,cpu         ] GC(900) User=0.24s Sys=0.00s Real=0.01s
[2024-08-27T15:01:03.607+0000][info][gc,start       ] GC(901) Pause Young (Mixed) (G1 Evacuation Pause)
[2024-08-27T15:01:03.607+0000][info][gc,task        ] GC(901) Using 24 workers of 68 for evacuation
[2024-08-27T15:01:03.618+0000][info][gc,phases      ] GC(901)   Pre Evacuate Collection Set: 0.2ms
[2024-08-27T15:01:03.618+0000][info][gc,phases      ] GC(901)   Merge Heap Roots: 0.4ms
[2024-08-27T15:01:03.618+0000][info][gc,phases      ] GC(901)   Evacuate Collection Set: 9.8ms
[2024-08-27T15:01:03.618+0000][info][gc,phases      ] GC(901)   Post Evacuate Collection Set: 0.4ms
[2024-08-27T15:01:03.618+0000][info][gc,phases      ] GC(901)   Other: 0.3ms
[2024-08-27T15:01:03.618+0000][info][gc,heap        ] GC(901) Eden regions: 44->0(44)
[2024-08-27T15:01:03.618+0000][info][gc,heap        ] GC(901) Survivor regions: 7->7(7)
[2024-08-27T15:01:03.618+0000][info][gc,heap        ] GC(901) Old regions: 817->801
[2024-08-27T15:01:03.618+0000][info][gc,heap        ] GC(901) Archive regions: 2->2
[2024-08-27T15:01:03.618+0000][info][gc,heap        ] GC(901) Humongous regions: 5->5
[2024-08-27T15:01:03.618+0000][info][gc,metaspace   ] GC(901) Metaspace: 100K(320K)->100K(320K) NonClass: 96K(192K)->96K(192K) Class: 4K(128K)->4K(128K)
[2024-08-27T15:01:03.618+0000][info][gc             ] GC(901) Pause Young (Mixed) (G1 Evacuation Pause) 873M->813M(1024M) 11.124ms
[2024-08-27T15:01:03.618+0000][info][gc,cpu         ] GC(901) User=0.24s Sys=0.02s Real=0.02s
[2024-08-27T15:01:03.637+0000][info][gc,start       ] GC(902) Pause Young (Concurrent Start) (G1 Evacuation Pause)
[2024-08-27T15:01:03.637+0000][info][gc,task        ] GC(902) Using 24 workers of 68 for evacuation
[2024-08-27T15:01:03.648+0000][info][gc,phases      ] GC(902)   Pre Evacuate Collection Set: 0.2ms
[2024-08-27T15:01:03.648+0000][info][gc,phases      ] GC(902)   Merge Heap Roots: 0.4ms
[2024-08-27T15:01:03.648+0000][info][gc,phases      ] GC(902)   Evacuate Collection Set: 9.3ms
[2024-08-27T15:01:03.648+0000][info][gc,phases      ] GC(902)   Post Evacuate Collection Set: 0.3ms
[2024-08-27T15:01:03.648+0000][info][gc,phases      ] GC(902)   Other: 0.7ms
[2024-08-27T15:01:03.648+0000][info][gc,heap        ] GC(902) Eden regions: 44->0(44)
[2024-08-27T15:01:03.648+0000][info][gc,heap        ] GC(902) Survivor regions: 7->7(7)
[2024-08-27T15:01:03.648+0000][info][gc,heap        ] GC(902) Old regions: 801->847
[2024-08-27T15:01:03.648+0000][info][gc,heap        ] GC(902) Archive regions: 2->2
[2024-08-27T15:01:03.648+0000][info][gc,heap        ] GC(902) Humongous regions: 5->5
[2024-08-27T15:01:03.648+0000][info][gc,metaspace   ] GC(902) Metaspace: 100K(320K)->100K(320K) NonClass: 96K(192K)->96K(192K) Class: 4K(128K)->4K(128K)
[2024-08-27T15:01:03.648+0000][info][gc             ] GC(902) Pause Young (Concurrent Start) (G1 Evacuation Pause) 857M->859M(1024M) 10.898ms
[2024-08-27T15:01:03.648+0000][info][gc,cpu         ] GC(902) User=0.22s Sys=0.00s Real=0.01s
[2024-08-27T15:01:03.648+0000][info][gc             ] GC(903) Concurrent Mark Cycle
[2024-08-27T15:01:03.648+0000][info][gc,marking     ] GC(903) Concurrent Clear Claimed Marks
[2024-08-27T15:01:03.648+0000][info][gc,marking     ] GC(903) Concurrent Clear Claimed Marks 0.015ms
[2024-08-27T15:01:03.648+0000][info][gc,marking     ] GC(903) Concurrent Scan Root Regions
[2024-08-27T15:01:03.649+0000][info][gc,marking     ] GC(903) Concurrent Scan Root Regions 1.527ms
[2024-08-27T15:01:03.649+0000][info][gc,marking     ] GC(903) Concurrent Mark
[2024-08-27T15:01:03.649+0000][info][gc,marking     ] GC(903) Concurrent Mark From Roots
[2024-08-27T15:01:03.650+0000][info][gc,task        ] GC(903) Using 17 workers of 17 for marking
[2024-08-27T15:01:03.671+0000][info][gc,marking     ] GC(903) Concurrent Mark From Roots 21.538ms
[2024-08-27T15:01:03.671+0000][info][gc,marking     ] GC(903) Concurrent Preclean
[2024-08-27T15:01:03.672+0000][info][gc,marking     ] GC(903) Concurrent Preclean 1.359ms
[2024-08-27T15:01:03.673+0000][info][gc,start       ] GC(903) Pause Remark
[2024-08-27T15:01:03.674+0000][info][gc             ] GC(903) Pause Remark 900M->900M(1024M) 1.332ms
[2024-08-27T15:01:03.674+0000][info][gc,cpu         ] GC(903) User=0.00s Sys=0.00s Real=0.00s
[2024-08-27T15:01:03.674+0000][info][gc,marking     ] GC(903) Concurrent Mark 24.723ms
[2024-08-27T15:01:03.674+0000][info][gc,marking     ] GC(903) Concurrent Rebuild Remembered Sets
[2024-08-27T15:01:03.677+0000][info][gc,start       ] GC(904) Pause Young (Normal) (G1 Evacuation Pause)
[2024-08-27T15:01:03.677+0000][info][gc,task        ] GC(904) Using 24 workers of 68 for evacuation
[2024-08-27T15:01:03.688+0000][info][gc,phases      ] GC(904)   Pre Evacuate Collection Set: 0.2ms
[2024-08-27T15:01:03.688+0000][info][gc,phases      ] GC(904)   Merge Heap Roots: 0.4ms
[2024-08-27T15:01:03.688+0000][info][gc,phases      ] GC(904)   Evacuate Collection Set: 9.5ms
[2024-08-27T15:01:03.688+0000][info][gc,phases      ] GC(904)   Post Evacuate Collection Set: 0.4ms
[2024-08-27T15:01:03.688+0000][info][gc,phases      ] GC(904)   Other: 0.2ms
[2024-08-27T15:01:03.688+0000][info][gc,heap        ] GC(904) Eden regions: 44->0(44)
[2024-08-27T15:01:03.688+0000][info][gc,heap        ] GC(904) Survivor regions: 7->7(7)
[2024-08-27T15:01:03.688+0000][info][gc,heap        ] GC(904) Old regions: 847->894
[2024-08-27T15:01:03.688+0000][info][gc,heap        ] GC(904) Archive regions: 2->2
[2024-08-27T15:01:03.688+0000][info][gc,heap        ] GC(904) Humongous regions: 5->5
[2024-08-27T15:01:03.688+0000][info][gc,metaspace   ] GC(904) Metaspace: 100K(320K)->100K(320K) NonClass: 96K(192K)->96K(192K) Class: 4K(128K)->4K(128K)
[2024-08-27T15:01:03.688+0000][info][gc             ] GC(904) Pause Young (Normal) (G1 Evacuation Pause) 903M->906M(1024M) 10.796ms
[2024-08-27T15:01:03.688+0000][info][gc,cpu         ] GC(904) User=0.23s Sys=0.01s Real=0.01s
[2024-08-27T15:01:03.709+0000][info][gc,start       ] GC(905) Pause Young (Normal) (G1 Evacuation Pause)
[2024-08-27T15:01:03.709+0000][info][gc,task        ] GC(905) Using 24 workers of 68 for evacuation
[2024-08-27T15:01:03.722+0000][info][gc,phases      ] GC(905)   Pre Evacuate Collection Set: 0.2ms
[2024-08-27T15:01:03.722+0000][info][gc,phases      ] GC(905)   Merge Heap Roots: 0.5ms
[2024-08-27T15:01:03.722+0000][info][gc,phases      ] GC(905)   Evacuate Collection Set: 12.0ms
[2024-08-27T15:01:03.722+0000][info][gc,phases      ] GC(905)   Post Evacuate Collection Set: 0.5ms
[2024-08-27T15:01:03.722+0000][info][gc,phases      ] GC(905)   Other: 0.3ms
[2024-08-27T15:01:03.722+0000][info][gc,heap        ] GC(905) Eden regions: 44->0(44)
[2024-08-27T15:01:03.722+0000][info][gc,heap        ] GC(905) Survivor regions: 7->7(7)
[2024-08-27T15:01:03.722+0000][info][gc,heap        ] GC(905) Old regions: 894->940
[2024-08-27T15:01:03.722+0000][info][gc,heap        ] GC(905) Archive regions: 2->2
[2024-08-27T15:01:03.722+0000][info][gc,heap        ] GC(905) Humongous regions: 5->5
[2024-08-27T15:01:03.722+0000][info][gc,metaspace   ] GC(905) Metaspace: 100K(320K)->100K(320K) NonClass: 96K(192K)->96K(192K) Class: 4K(128K)->4K(128K)
[2024-08-27T15:01:03.722+0000][info][gc             ] GC(905) Pause Young (Normal) (G1 Evacuation Pause) 950M->952M(1024M) 13.408ms
[2024-08-27T15:01:03.722+0000][info][gc,cpu         ] GC(905) User=0.30s Sys=0.01s Real=0.02s
[2024-08-27T15:01:03.736+0000][info][gc,start       ] GC(906) Pause Young (Normal) (G1 Preventive Collection)
[2024-08-27T15:01:03.736+0000][info][gc,task        ] GC(906) Using 24 workers of 68 for evacuation
[2024-08-27T15:01:03.750+0000][info][gc,phases      ] GC(906)   Pre Evacuate Collection Set: 0.1ms
[2024-08-27T15:01:03.750+0000][info][gc,phases      ] GC(906)   Merge Heap Roots: 0.5ms
[2024-08-27T15:01:03.750+0000][info][gc,phases      ] GC(906)   Evacuate Collection Set: 12.1ms
[2024-08-27T15:01:03.750+0000][info][gc,phases      ] GC(906)   Post Evacuate Collection Set: 0.6ms
[2024-08-27T15:01:03.750+0000][info][gc,phases      ] GC(906)   Other: 0.2ms
[2024-08-27T15:01:03.750+0000][info][gc,heap        ] GC(906) Eden regions: 30->0(44)
[2024-08-27T15:01:03.750+0000][info][gc,heap        ] GC(906) Survivor regions: 7->7(7)
[2024-08-27T15:01:03.750+0000][info][gc,heap        ] GC(906) Old regions: 940->973
[2024-08-27T15:01:03.750+0000][info][gc,heap        ] GC(906) Archive regions: 2->2
[2024-08-27T15:01:03.750+0000][info][gc,heap        ] GC(906) Humongous regions: 5->5
[2024-08-27T15:01:03.750+0000][info][gc,metaspace   ] GC(906) Metaspace: 100K(320K)->100K(320K) NonClass: 96K(192K)->96K(192K) Class: 4K(128K)->4K(128K)
[2024-08-27T15:01:03.750+0000][info][gc             ] GC(906) Pause Young (Normal) (G1 Preventive Collection) 982M->985M(1024M) 13.559ms
[2024-08-27T15:01:03.750+0000][info][gc,cpu         ] GC(906) User=0.31s Sys=0.00s Real=0.02s
[2024-08-27T15:01:03.757+0000][info][gc,start       ] GC(907) Pause Young (Normal) (G1 Preventive Collection)
[2024-08-27T15:01:03.757+0000][info][gc,task        ] GC(907) Using 24 workers of 68 for evacuation
[2024-08-27T15:01:03.768+0000][info][gc             ] GC(907) To-space exhausted
[2024-08-27T15:01:03.768+0000][info][gc,phases      ] GC(907)   Pre Evacuate Collection Set: 0.2ms
[2024-08-27T15:01:03.768+0000][info][gc,phases      ] GC(907)   Merge Heap Roots: 0.6ms
[2024-08-27T15:01:03.768+0000][info][gc,phases      ] GC(907)   Evacuate Collection Set: 8.7ms
[2024-08-27T15:01:03.768+0000][info][gc,phases      ] GC(907)   Post Evacuate Collection Set: 0.8ms
[2024-08-27T15:01:03.768+0000][info][gc,phases      ] GC(907)   Other: 0.3ms
[2024-08-27T15:01:03.768+0000][info][gc,heap        ] GC(907) Eden regions: 14->0(44)
[2024-08-27T15:01:03.768+0000][info][gc,heap        ] GC(907) Survivor regions: 7->7(7)
[2024-08-27T15:01:03.768+0000][info][gc,heap        ] GC(907) Old regions: 973->1004
[2024-08-27T15:01:03.768+0000][info][gc,heap        ] GC(907) Archive regions: 2->2
[2024-08-27T15:01:03.768+0000][info][gc,heap        ] GC(907) Humongous regions: 5->5
[2024-08-27T15:01:03.768+0000][info][gc,metaspace   ] GC(907) Metaspace: 100K(320K)->100K(320K) NonClass: 96K(192K)->96K(192K) Class: 4K(128K)->4K(128K)
[2024-08-27T15:01:03.768+0000][info][gc             ] GC(907) Pause Young (Normal) (G1 Preventive Collection) 999M->1016M(1024M) 10.650ms
[2024-08-27T15:01:03.768+0000][info][gc,cpu         ] GC(907) User=0.23s Sys=0.00s Real=0.01s
[2024-08-27T15:01:03.769+0000][info][gc,start       ] GC(908) Pause Young (Normal) (G1 Preventive Collection)
[2024-08-27T15:01:03.769+0000][info][gc,task        ] GC(908) Using 24 workers of 68 for evacuation
[2024-08-27T15:01:03.777+0000][info][gc             ] GC(908) To-space exhausted
[2024-08-27T15:01:03.777+0000][info][gc,phases      ] GC(908)   Pre Evacuate Collection Set: 0.1ms
[2024-08-27T15:01:03.777+0000][info][gc,phases      ] GC(908)   Merge Heap Roots: 0.5ms
[2024-08-27T15:01:03.777+0000][info][gc,phases      ] GC(908)   Evacuate Collection Set: 6.5ms
[2024-08-27T15:01:03.777+0000][info][gc,phases      ] GC(908)   Post Evacuate Collection Set: 0.8ms
[2024-08-27T15:01:03.777+0000][info][gc,phases      ] GC(908)   Other: 0.1ms
[2024-08-27T15:01:03.777+0000][info][gc,heap        ] GC(908) Eden regions: 1->0(50)
[2024-08-27T15:01:03.777+0000][info][gc,heap        ] GC(908) Survivor regions: 7->1(5)
[2024-08-27T15:01:03.777+0000][info][gc,heap        ] GC(908) Old regions: 1004->1016
[2024-08-27T15:01:03.777+0000][info][gc,heap        ] GC(908) Archive regions: 2->2
[2024-08-27T15:01:03.777+0000][info][gc,heap        ] GC(908) Humongous regions: 5->5
[2024-08-27T15:01:03.777+0000][info][gc,metaspace   ] GC(908) Metaspace: 100K(320K)->100K(320K) NonClass: 96K(192K)->96K(192K) Class: 4K(128K)->4K(128K)
[2024-08-27T15:01:03.777+0000][info][gc             ] GC(908) Pause Young (Normal) (G1 Preventive Collection) 1017M->1022M(1024M) 8.082ms
[2024-08-27T15:01:03.777+0000][info][gc,cpu         ] GC(908) User=0.17s Sys=0.01s Real=0.01s
[2024-08-27T15:01:03.777+0000][info][gc,ergo        ] Attempting full compaction
[2024-08-27T15:01:03.777+0000][info][gc,task        ] GC(909) Using 24 workers of 68 for full compaction
[2024-08-27T15:01:03.777+0000][info][gc,start       ] GC(909) Pause Full (G1 Compaction Pause)
[2024-08-27T15:01:03.778+0000][info][gc,phases,start] GC(909) Phase 1: Mark live objects
[2024-08-27T15:01:03.792+0000][info][gc,phases      ] GC(909) Phase 1: Mark live objects 14.516ms
[2024-08-27T15:01:03.792+0000][info][gc,phases,start] GC(909) Phase 2: Prepare for compaction
[2024-08-27T15:01:03.800+0000][info][gc,phases      ] GC(909) Phase 2: Prepare for compaction 8.307ms
[2024-08-27T15:01:03.801+0000][info][gc,phases,start] GC(909) Phase 3: Adjust pointers
[2024-08-27T15:01:03.815+0000][info][gc,phases      ] GC(909) Phase 3: Adjust pointers 14.419ms
[2024-08-27T15:01:03.815+0000][info][gc,phases,start] GC(909) Phase 4: Compact heap
[2024-08-27T15:01:03.844+0000][info][gc,phases      ] GC(909) Phase 4: Compact heap 29.039ms
[2024-08-27T15:01:03.845+0000][info][gc,heap        ] GC(909) Eden regions: 0->0(149)
[2024-08-27T15:01:03.845+0000][info][gc,heap        ] GC(909) Survivor regions: 1->0(5)
[2024-08-27T15:01:03.845+0000][info][gc,heap        ] GC(909) Old regions: 1016->445
[2024-08-27T15:01:03.845+0000][info][gc,heap        ] GC(909) Archive regions: 2->2
[2024-08-27T15:01:03.845+0000][info][gc,heap        ] GC(909) Humongous regions: 5->5
[2024-08-27T15:01:03.845+0000][info][gc,metaspace   ] GC(909) Metaspace: 100K(320K)->100K(320K) NonClass: 96K(192K)->96K(192K) Class: 4K(128K)->4K(128K)
[2024-08-27T15:01:03.845+0000][info][gc             ] GC(909) Pause Full (G1 Compaction Pause) 1022M->437M(1024M) 68.398ms
[2024-08-27T15:01:03.846+0000][info][gc,cpu         ] GC(909) User=1.48s Sys=0.00s Real=0.07s
[2024-08-27T15:01:03.846+0000][info][gc,marking     ] GC(903) Concurrent Rebuild Remembered Sets 171.506ms
[2024-08-27T15:01:03.846+0000][info][gc,marking     ] GC(903) Concurrent Mark Abort
[2024-08-27T15:01:03.846+0000][info][gc             ] GC(903) Concurrent Mark Cycle 197.958ms
[2024-08-27T15:01:03.911+0000][info][gc,start       ] GC(910) Pause Young (Normal) (G1 Evacuation Pause)
[2024-08-27T15:01:03.911+0000][info][gc,task        ] GC(910) Using 24 workers of 68 for evacuation
[2024-08-27T15:01:03.934+0000][info][gc,phases      ] GC(910)   Pre Evacuate Collection Set: 0.2ms
[2024-08-27T15:01:03.934+0000][info][gc,phases      ] GC(910)   Merge Heap Roots: 0.4ms
[2024-08-27T15:01:03.934+0000][info][gc,phases      ] GC(910)   Evacuate Collection Set: 22.2ms
[2024-08-27T15:01:03.934+0000][info][gc,phases      ] GC(910)   Post Evacuate Collection Set: 0.3ms
[2024-08-27T15:01:03.934+0000][info][gc,phases      ] GC(910)   Other: 0.2ms
[2024-08-27T15:01:03.934+0000][info][gc,heap        ] GC(910) Eden regions: 149->0(103)
[2024-08-27T15:01:03.934+0000][info][gc,heap        ] GC(910) Survivor regions: 0->19(19)
[2024-08-27T15:01:03.934+0000][info][gc,heap        ] GC(910) Old regions: 445->571
[2024-08-27T15:01:03.934+0000][info][gc,heap        ] GC(910) Archive regions: 2->2
[2024-08-27T15:01:03.934+0000][info][gc,heap        ] GC(910) Humongous regions: 5->5
[2024-08-27T15:01:03.934+0000][info][gc,metaspace   ] GC(910) Metaspace: 100K(320K)->100K(320K) NonClass: 96K(192K)->96K(192K) Class: 4K(128K)->4K(128K)
[2024-08-27T15:01:03.934+0000][info][gc             ] GC(910) Pause Young (Normal) (G1 Evacuation Pause) 586M->582M(1024M) 23.393ms
[2024-08-27T15:01:03.934+0000][info][gc,cpu         ] GC(910) User=0.54s Sys=0.00s Real=0.02s
[2024-08-27T15:01:03.984+0000][info][gc,start       ] GC(911) Pause Young (Concurrent Start) (G1 Evacuation Pause)
[2024-08-27T15:01:03.984+0000][info][gc,task        ] GC(911) Using 24 workers of 68 for evacuation
[2024-08-27T15:01:04.007+0000][info][gc,phases      ] GC(911)   Pre Evacuate Collection Set: 0.2ms
[2024-08-27T15:01:04.007+0000][info][gc,phases      ] GC(911)   Merge Heap Roots: 0.4ms
[2024-08-27T15:01:04.007+0000][info][gc,phases      ] GC(911)   Evacuate Collection Set: 21.1ms
[2024-08-27T15:01:04.007+0000][info][gc,phases      ] GC(911)   Post Evacuate Collection Set: 0.3ms
[2024-08-27T15:01:04.007+0000][info][gc,phases      ] GC(911)   Other: 0.7ms
[2024-08-27T15:01:04.007+0000][info][gc,heap        ] GC(911) Eden regions: 103->0(69)
[2024-08-27T15:01:04.007+0000][info][gc,heap        ] GC(911) Survivor regions: 19->16(16)
[2024-08-27T15:01:04.007+0000][info][gc,heap        ] GC(911) Old regions: 571->678
[2024-08-27T15:01:04.007+0000][info][gc,heap        ] GC(911) Archive regions: 2->2
[2024-08-27T15:01:04.007+0000][info][gc,heap        ] GC(911) Humongous regions: 5->5
[2024-08-27T15:01:04.007+0000][info][gc,metaspace   ] GC(911) Metaspace: 100K(320K)->100K(320K) NonClass: 96K(192K)->96K(192K) Class: 4K(128K)->4K(128K)
[2024-08-27T15:01:04.007+0000][info][gc             ] GC(911) Pause Young (Concurrent Start) (G1 Evacuation Pause) 685M->686M(1024M) 22.841ms
[2024-08-27T15:01:04.007+0000][info][gc,cpu         ] GC(911) User=0.51s Sys=0.00s Real=0.02s
[2024-08-27T15:01:04.007+0000][info][gc             ] GC(912) Concurrent Mark Cycle
[2024-08-27T15:01:04.007+0000][info][gc,marking     ] GC(912) Concurrent Clear Claimed Marks
[2024-08-27T15:01:04.007+0000][info][gc,marking     ] GC(912) Concurrent Clear Claimed Marks 0.012ms
[2024-08-27T15:01:04.007+0000][info][gc,marking     ] GC(912) Concurrent Scan Root Regions
[2024-08-27T15:01:04.010+0000][info][gc,marking     ] GC(912) Concurrent Scan Root Regions 3.611ms
[2024-08-27T15:01:04.010+0000][info][gc,marking     ] GC(912) Concurrent Mark
[2024-08-27T15:01:04.010+0000][info][gc,marking     ] GC(912) Concurrent Mark From Roots
[2024-08-27T15:01:04.011+0000][info][gc,task        ] GC(912) Using 17 workers of 17 for marking
[2024-08-27T15:01:04.030+0000][info][gc,marking     ] GC(912) Concurrent Mark From Roots 19.726ms
[2024-08-27T15:01:04.030+0000][info][gc,marking     ] GC(912) Concurrent Preclean
[2024-08-27T15:01:04.031+0000][info][gc,marking     ] GC(912) Concurrent Preclean 0.861ms
[2024-08-27T15:01:04.031+0000][info][gc,start       ] GC(912) Pause Remark
[2024-08-27T15:01:04.033+0000][info][gc             ] GC(912) Pause Remark 724M->724M(1024M) 1.282ms
[2024-08-27T15:01:04.033+0000][info][gc,cpu         ] GC(912) User=0.00s Sys=0.00s Real=0.00s
[2024-08-27T15:01:04.033+0000][info][gc,marking     ] GC(912) Concurrent Mark 22.364ms
[2024-08-27T15:01:04.033+0000][info][gc,marking     ] GC(912) Concurrent Rebuild Remembered Sets
[2024-08-27T15:01:04.048+0000][info][gc,start       ] GC(913) Pause Young (Normal) (G1 Evacuation Pause)
[2024-08-27T15:01:04.048+0000][info][gc,task        ] GC(913) Using 24 workers of 68 for evacuation
[2024-08-27T15:01:04.063+0000][info][gc,phases      ] GC(913)   Pre Evacuate Collection Set: 0.2ms
[2024-08-27T15:01:04.063+0000][info][gc,phases      ] GC(913)   Merge Heap Roots: 0.4ms
[2024-08-27T15:01:04.063+0000][info][gc,phases      ] GC(913)   Evacuate Collection Set: 14.7ms
[2024-08-27T15:01:04.063+0000][info][gc,phases      ] GC(913)   Post Evacuate Collection Set: 0.5ms
[2024-08-27T15:01:04.063+0000][info][gc,phases      ] GC(913)   Other: 0.2ms
[2024-08-27T15:01:04.064+0000][info][gc,heap        ] GC(913) Eden regions: 69->0(46)
[2024-08-27T15:01:04.064+0000][info][gc,heap        ] GC(913) Survivor regions: 16->11(11)
[2024-08-27T15:01:04.064+0000][info][gc,heap        ] GC(913) Old regions: 678->755
[2024-08-27T15:01:04.064+0000][info][gc,heap        ] GC(913) Archive regions: 2->2
[2024-08-27T15:01:04.064+0000][info][gc,heap        ] GC(913) Humongous regions: 5->5
[2024-08-27T15:01:04.064+0000][info][gc,metaspace   ] GC(913) Metaspace: 100K(320K)->100K(320K) NonClass: 96K(192K)->96K(192K) Class: 4K(128K)->4K(128K)
[2024-08-27T15:01:04.064+0000][info][gc             ] GC(913) Pause Young (Normal) (G1 Evacuation Pause) 755M->758M(1024M) 15.945ms
[2024-08-27T15:01:04.064+0000][info][gc,cpu         ] GC(913) User=0.36s Sys=0.00s Real=0.02s
[2024-08-27T15:01:04.085+0000][info][gc,start       ] GC(914) Pause Young (Normal) (G1 Evacuation Pause)
[2024-08-27T15:01:04.085+0000][info][gc,task        ] GC(914) Using 24 workers of 68 for evacuation
[2024-08-27T15:01:04.102+0000][info][gc,phases      ] GC(914)   Pre Evacuate Collection Set: 0.1ms
[2024-08-27T15:01:04.102+0000][info][gc,phases      ] GC(914)   Merge Heap Roots: 0.3ms
[2024-08-27T15:01:04.102+0000][info][gc,phases      ] GC(914)   Evacuate Collection Set: 16.0ms
[2024-08-27T15:01:04.102+0000][info][gc,phases      ] GC(914)   Post Evacuate Collection Set: 0.6ms
[2024-08-27T15:01:04.102+0000][info][gc,phases      ] GC(914)   Other: 0.2ms
[2024-08-27T15:01:04.102+0000][info][gc,heap        ] GC(914) Eden regions: 46->0(43)
[2024-08-27T15:01:04.102+0000][info][gc,heap        ] GC(914) Survivor regions: 11->8(8)
[2024-08-27T15:01:04.102+0000][info][gc,heap        ] GC(914) Old regions: 755->810
[2024-08-27T15:01:04.102+0000][info][gc,heap        ] GC(914) Archive regions: 2->2
[2024-08-27T15:01:04.102+0000][info][gc,heap        ] GC(914) Humongous regions: 5->5
[2024-08-27T15:01:04.102+0000][info][gc,metaspace   ] GC(914) Metaspace: 100K(320K)->100K(320K) NonClass: 96K(192K)->96K(192K) Class: 4K(128K)->4K(128K)
[2024-08-27T15:01:04.102+0000][info][gc             ] GC(914) Pause Young (Normal) (G1 Evacuation Pause) 804M->810M(1024M) 17.321ms
[2024-08-27T15:01:04.102+0000][info][gc,cpu         ] GC(914) User=0.40s Sys=0.00s Real=0.02s
[2024-08-27T15:01:04.122+0000][info][gc,start       ] GC(915) Pause Young (Normal) (G1 Evacuation Pause)
[2024-08-27T15:01:04.122+0000][info][gc,task        ] GC(915) Using 24 workers of 68 for evacuation
[2024-08-27T15:01:04.140+0000][info][gc,phases      ] GC(915)   Pre Evacuate Collection Set: 0.2ms
[2024-08-27T15:01:04.140+0000][info][gc,phases      ] GC(915)   Merge Heap Roots: 0.6ms
[2024-08-27T15:01:04.140+0000][info][gc,phases      ] GC(915)   Evacuate Collection Set: 15.8ms
[2024-08-27T15:01:04.140+0000][info][gc,phases      ] GC(915)   Post Evacuate Collection Set: 0.7ms
[2024-08-27T15:01:04.140+0000][info][gc,phases      ] GC(915)   Other: 0.2ms
[2024-08-27T15:01:04.140+0000][info][gc,heap        ] GC(915) Eden regions: 43->0(44)
[2024-08-27T15:01:04.140+0000][info][gc,heap        ] GC(915) Survivor regions: 8->7(7)
[2024-08-27T15:01:04.140+0000][info][gc,heap        ] GC(915) Old regions: 810->858
[2024-08-27T15:01:04.140+0000][info][gc,heap        ] GC(915) Archive regions: 2->2
[2024-08-27T15:01:04.140+0000][info][gc,heap        ] GC(915) Humongous regions: 5->5
[2024-08-27T15:01:04.140+0000][info][gc,metaspace   ] GC(915) Metaspace: 100K(320K)->100K(320K) NonClass: 96K(192K)->96K(192K) Class: 4K(128K)->4K(128K)
[2024-08-27T15:01:04.140+0000][info][gc             ] GC(915) Pause Young (Normal) (G1 Evacuation Pause) 853M->857M(1024M) 17.431ms
[2024-08-27T15:01:04.140+0000][info][gc,cpu         ] GC(915) User=0.40s Sys=0.00s Real=0.02s
[2024-08-27T15:01:04.146+0000][info][gc,marking     ] GC(912) Concurrent Rebuild Remembered Sets 113.043ms
[2024-08-27T15:01:04.146+0000][info][gc,start       ] GC(912) Pause Cleanup
[2024-08-27T15:01:04.147+0000][info][gc             ] GC(912) Pause Cleanup 870M->870M(1024M) 1.148ms
[2024-08-27T15:01:04.147+0000][info][gc,cpu         ] GC(912) User=0.00s Sys=0.00s Real=0.00s
[2024-08-27T15:01:04.147+0000][info][gc,marking     ] GC(912) Concurrent Cleanup for Next Mark
[2024-08-27T15:01:04.148+0000][info][gc,marking     ] GC(912) Concurrent Cleanup for Next Mark 0.645ms
[2024-08-27T15:01:04.148+0000][info][gc             ] GC(912) Concurrent Mark Cycle 141.344ms
[2024-08-27T15:01:04.163+0000][info][gc,start       ] GC(916) Pause Young (Prepare Mixed) (G1 Evacuation Pause)
[2024-08-27T15:01:04.163+0000][info][gc,task        ] GC(916) Using 24 workers of 68 for evacuation
[2024-08-27T15:01:04.179+0000][info][gc,phases      ] GC(916)   Pre Evacuate Collection Set: 0.1ms
[2024-08-27T15:01:04.179+0000][info][gc,phases      ] GC(916)   Merge Heap Roots: 0.6ms
[2024-08-27T15:01:04.179+0000][info][gc,phases      ] GC(916)   Evacuate Collection Set: 14.8ms
[2024-08-27T15:01:04.179+0000][info][gc,phases      ] GC(916)   Post Evacuate Collection Set: 0.3ms
[2024-08-27T15:01:04.179+0000][info][gc,phases      ] GC(916)   Other: 0.2ms
[2024-08-27T15:01:04.179+0000][info][gc,heap        ] GC(916) Eden regions: 44->0(44)
[2024-08-27T15:01:04.179+0000][info][gc,heap        ] GC(916) Survivor regions: 7->7(7)
[2024-08-27T15:01:04.179+0000][info][gc,heap        ] GC(916) Old regions: 858->905
[2024-08-27T15:01:04.179+0000][info][gc,heap        ] GC(916) Archive regions: 2->2
[2024-08-27T15:01:04.179+0000][info][gc,heap        ] GC(916) Humongous regions: 5->5
[2024-08-27T15:01:04.179+0000][info][gc,metaspace   ] GC(916) Metaspace: 100K(320K)->100K(320K) NonClass: 96K(192K)->96K(192K) Class: 4K(128K)->4K(128K)
[2024-08-27T15:01:04.179+0000][info][gc             ] GC(916) Pause Young (Prepare Mixed) (G1 Evacuation Pause) 901M->904M(1024M) 16.110ms
[2024-08-27T15:01:04.179+0000][info][gc,cpu         ] GC(916) User=0.37s Sys=0.00s Real=0.02s
[2024-08-27T15:01:04.199+0000][info][gc,start       ] GC(917) Pause Young (Mixed) (G1 Evacuation Pause)
[2024-08-27T15:01:04.199+0000][info][gc,task        ] GC(917) Using 24 workers of 68 for evacuation
[2024-08-27T15:01:04.210+0000][info][gc,phases      ] GC(917)   Pre Evacuate Collection Set: 0.2ms
[2024-08-27T15:01:04.210+0000][info][gc,phases      ] GC(917)   Merge Heap Roots: 0.3ms
[2024-08-27T15:01:04.210+0000][info][gc,phases      ] GC(917)   Evacuate Collection Set: 10.2ms
[2024-08-27T15:01:04.210+0000][info][gc,phases      ] GC(917)   Post Evacuate Collection Set: 0.4ms
[2024-08-27T15:01:04.210+0000][info][gc,phases      ] GC(917)   Other: 0.3ms
[2024-08-27T15:01:04.210+0000][info][gc,heap        ] GC(917) Eden regions: 44->0(44)
[2024-08-27T15:01:04.210+0000][info][gc,heap        ] GC(917) Survivor regions: 7->7(7)
[2024-08-27T15:01:04.210+0000][info][gc,heap        ] GC(917) Old regions: 905->849
[2024-08-27T15:01:04.210+0000][info][gc,heap        ] GC(917) Archive regions: 2->2
[2024-08-27T15:01:04.210+0000][info][gc,heap        ] GC(917) Humongous regions: 5->5
[2024-08-27T15:01:04.210+0000][info][gc,metaspace   ] GC(917) Metaspace: 100K(320K)->100K(320K) NonClass: 96K(192K)->96K(192K) Class: 4K(128K)->4K(128K)
[2024-08-27T15:01:04.210+0000][info][gc             ] GC(917) Pause Young (Mixed) (G1 Evacuation Pause) 948M->851M(1024M) 11.473ms
[2024-08-27T15:01:04.210+0000][info][gc,cpu         ] GC(917) User=0.25s Sys=0.00s Real=0.01s
[2024-08-27T15:01:04.230+0000][info][gc,start       ] GC(918) Pause Young (Mixed) (G1 Evacuation Pause)
[2024-08-27T15:01:04.230+0000][info][gc,task        ] GC(918) Using 24 workers of 68 for evacuation
[2024-08-27T15:01:04.241+0000][info][gc,phases      ] GC(918)   Pre Evacuate Collection Set: 0.3ms
[2024-08-27T15:01:04.241+0000][info][gc,phases      ] GC(918)   Merge Heap Roots: 0.4ms
[2024-08-27T15:01:04.241+0000][info][gc,phases      ] GC(918)   Evacuate Collection Set: 10.1ms
[2024-08-27T15:01:04.241+0000][info][gc,phases      ] GC(918)   Post Evacuate Collection Set: 0.3ms
[2024-08-27T15:01:04.241+0000][info][gc,phases      ] GC(918)   Other: 0.3ms
[2024-08-27T15:01:04.241+0000][info][gc,heap        ] GC(918) Eden regions: 44->0(44)
[2024-08-27T15:01:04.241+0000][info][gc,heap        ] GC(918) Survivor regions: 7->7(7)
[2024-08-27T15:01:04.241+0000][info][gc,heap        ] GC(918) Old regions: 849->803
[2024-08-27T15:01:04.241+0000][info][gc,heap        ] GC(918) Archive regions: 2->2
[2024-08-27T15:01:04.241+0000][info][gc,heap        ] GC(918) Humongous regions: 5->5
[2024-08-27T15:01:04.241+0000][info][gc,metaspace   ] GC(918) Metaspace: 100K(320K)->100K(320K) NonClass: 96K(192K)->96K(192K) Class: 4K(128K)->4K(128K)
[2024-08-27T15:01:04.241+0000][info][gc             ] GC(918) Pause Young (Mixed) (G1 Evacuation Pause) 895M->810M(1024M) 11.428ms
[2024-08-27T15:01:04.241+0000][info][gc,cpu         ] GC(918) User=0.26s Sys=0.00s Real=0.01s
[2024-08-27T15:01:04.261+0000][info][gc,start       ] GC(919) Pause Young (Concurrent Start) (G1 Evacuation Pause)
[2024-08-27T15:01:04.261+0000][info][gc,task        ] GC(919) Using 24 workers of 68 for evacuation
[2024-08-27T15:01:04.271+0000][info][gc,phases      ] GC(919)   Pre Evacuate Collection Set: 0.2ms
[2024-08-27T15:01:04.271+0000][info][gc,phases      ] GC(919)   Merge Heap Roots: 0.4ms
[2024-08-27T15:01:04.271+0000][info][gc,phases      ] GC(919)   Evacuate Collection Set: 9.3ms
[2024-08-27T15:01:04.271+0000][info][gc,phases      ] GC(919)   Post Evacuate Collection Set: 0.3ms
[2024-08-27T15:01:04.271+0000][info][gc,phases      ] GC(919)   Other: 0.6ms
[2024-08-27T15:01:04.271+0000][info][gc,heap        ] GC(919) Eden regions: 44->0(44)
[2024-08-27T15:01:04.271+0000][info][gc,heap        ] GC(919) Survivor regions: 7->7(7)
[2024-08-27T15:01:04.271+0000][info][gc,heap        ] GC(919) Old regions: 803->849
[2024-08-27T15:01:04.271+0000][info][gc,heap        ] GC(919) Archive regions: 2->2
[2024-08-27T15:01:04.271+0000][info][gc,heap        ] GC(919) Humongous regions: 5->5
[2024-08-27T15:01:04.271+0000][info][gc,metaspace   ] GC(919) Metaspace: 100K(320K)->100K(320K) NonClass: 96K(192K)->96K(192K) Class: 4K(128K)->4K(128K)
[2024-08-27T15:01:04.272+0000][info][gc             ] GC(919) Pause Young (Concurrent Start) (G1 Evacuation Pause) 854M->856M(1024M) 10.841ms
[2024-08-27T15:01:04.272+0000][info][gc,cpu         ] GC(919) User=0.23s Sys=0.00s Real=0.01s
[2024-08-27T15:01:04.272+0000][info][gc             ] GC(920) Concurrent Mark Cycle
[2024-08-27T15:01:04.272+0000][info][gc,marking     ] GC(920) Concurrent Clear Claimed Marks
[2024-08-27T15:01:04.272+0000][info][gc,marking     ] GC(920) Concurrent Clear Claimed Marks 0.015ms
[2024-08-27T15:01:04.272+0000][info][gc,marking     ] GC(920) Concurrent Scan Root Regions
[2024-08-27T15:01:04.273+0000][info][gc,marking     ] GC(920) Concurrent Scan Root Regions 1.507ms
[2024-08-27T15:01:04.273+0000][info][gc,marking     ] GC(920) Concurrent Mark
[2024-08-27T15:01:04.273+0000][info][gc,marking     ] GC(920) Concurrent Mark From Roots
[2024-08-27T15:01:04.273+0000][info][gc,task        ] GC(920) Using 17 workers of 17 for marking
[2024-08-27T15:01:04.294+0000][info][gc,marking     ] GC(920) Concurrent Mark From Roots 20.369ms
[2024-08-27T15:01:04.294+0000][info][gc,marking     ] GC(920) Concurrent Preclean
[2024-08-27T15:01:04.295+0000][info][gc,marking     ] GC(920) Concurrent Preclean 1.383ms
[2024-08-27T15:01:04.295+0000][info][gc,start       ] GC(920) Pause Remark
[2024-08-27T15:01:04.297+0000][info][gc             ] GC(920) Pause Remark 896M->896M(1024M) 1.367ms
[2024-08-27T15:01:04.297+0000][info][gc,cpu         ] GC(920) User=0.01s Sys=0.00s Real=0.00s
[2024-08-27T15:01:04.297+0000][info][gc,marking     ] GC(920) Concurrent Mark 23.695ms
[2024-08-27T15:01:04.297+0000][info][gc,marking     ] GC(920) Concurrent Rebuild Remembered Sets
[2024-08-27T15:01:04.301+0000][info][gc,start       ] GC(921) Pause Young (Normal) (G1 Evacuation Pause)
[2024-08-27T15:01:04.301+0000][info][gc,task        ] GC(921) Using 24 workers of 68 for evacuation
[2024-08-27T15:01:04.311+0000][info][gc,phases      ] GC(921)   Pre Evacuate Collection Set: 0.1ms
[2024-08-27T15:01:04.311+0000][info][gc,phases      ] GC(921)   Merge Heap Roots: 0.4ms
[2024-08-27T15:01:04.311+0000][info][gc,phases      ] GC(921)   Evacuate Collection Set: 9.2ms
[2024-08-27T15:01:04.311+0000][info][gc,phases      ] GC(921)   Post Evacuate Collection Set: 0.4ms
[2024-08-27T15:01:04.311+0000][info][gc,phases      ] GC(921)   Other: 0.2ms
[2024-08-27T15:01:04.311+0000][info][gc,heap        ] GC(921) Eden regions: 44->0(44)
[2024-08-27T15:01:04.311+0000][info][gc,heap        ] GC(921) Survivor regions: 7->7(7)
[2024-08-27T15:01:04.311+0000][info][gc,heap        ] GC(921) Old regions: 849->896
[2024-08-27T15:01:04.311+0000][info][gc,heap        ] GC(921) Archive regions: 2->2
[2024-08-27T15:01:04.311+0000][info][gc,heap        ] GC(921) Humongous regions: 5->5
[2024-08-27T15:01:04.311+0000][info][gc,metaspace   ] GC(921) Metaspace: 100K(320K)->100K(320K) NonClass: 96K(192K)->96K(192K) Class: 4K(128K)->4K(128K)
[2024-08-27T15:01:04.311+0000][info][gc             ] GC(921) Pause Young (Normal) (G1 Evacuation Pause) 900M->903M(1024M) 10.389ms
[2024-08-27T15:01:04.311+0000][info][gc,cpu         ] GC(921) User=0.23s Sys=0.00s Real=0.01s
[2024-08-27T15:01:04.331+0000][info][gc,start       ] GC(922) Pause Young (Normal) (G1 Evacuation Pause)
[2024-08-27T15:01:04.331+0000][info][gc,task        ] GC(922) Using 24 workers of 68 for evacuation
[2024-08-27T15:01:04.344+0000][info][gc,phases      ] GC(922)   Pre Evacuate Collection Set: 0.1ms
[2024-08-27T15:01:04.344+0000][info][gc,phases      ] GC(922)   Merge Heap Roots: 0.4ms
[2024-08-27T15:01:04.344+0000][info][gc,phases      ] GC(922)   Evacuate Collection Set: 11.7ms
[2024-08-27T15:01:04.344+0000][info][gc,phases      ] GC(922)   Post Evacuate Collection Set: 0.5ms
[2024-08-27T15:01:04.344+0000][info][gc,phases      ] GC(922)   Other: 0.2ms
[2024-08-27T15:01:04.344+0000][info][gc,heap        ] GC(922) Eden regions: 44->0(44)
[2024-08-27T15:01:04.344+0000][info][gc,heap        ] GC(922) Survivor regions: 7->7(7)
[2024-08-27T15:01:04.344+0000][info][gc,heap        ] GC(922) Old regions: 896->943
[2024-08-27T15:01:04.344+0000][info][gc,heap        ] GC(922) Archive regions: 2->2
[2024-08-27T15:01:04.344+0000][info][gc,heap        ] GC(922) Humongous regions: 5->5
[2024-08-27T15:01:04.344+0000][info][gc,metaspace   ] GC(922) Metaspace: 100K(320K)->100K(320K) NonClass: 96K(192K)->96K(192K) Class: 4K(128K)->4K(128K)
[2024-08-27T15:01:04.344+0000][info][gc             ] GC(922) Pause Young (Normal) (G1 Evacuation Pause) 947M->950M(1024M) 13.146ms
[2024-08-27T15:01:04.344+0000][info][gc,cpu         ] GC(922) User=0.29s Sys=0.00s Real=0.01s
[2024-08-27T15:01:04.357+0000][info][gc,start       ] GC(923) Pause Young (Normal) (G1 Preventive Collection)
[2024-08-27T15:01:04.357+0000][info][gc,task        ] GC(923) Using 24 workers of 68 for evacuation
[2024-08-27T15:01:04.370+0000][info][gc,phases      ] GC(923)   Pre Evacuate Collection Set: 0.2ms
[2024-08-27T15:01:04.370+0000][info][gc,phases      ] GC(923)   Merge Heap Roots: 0.5ms
[2024-08-27T15:01:04.370+0000][info][gc,phases      ] GC(923)   Evacuate Collection Set: 11.6ms
[2024-08-27T15:01:04.370+0000][info][gc,phases      ] GC(923)   Post Evacuate Collection Set: 0.5ms
[2024-08-27T15:01:04.370+0000][info][gc,phases      ] GC(923)   Other: 0.2ms
[2024-08-27T15:01:04.370+0000][info][gc,heap        ] GC(923) Eden regions: 28->0(44)
[2024-08-27T15:01:04.370+0000][info][gc,heap        ] GC(923) Survivor regions: 7->7(7)
[2024-08-27T15:01:04.370+0000][info][gc,heap        ] GC(923) Old regions: 943->974
[2024-08-27T15:01:04.370+0000][info][gc,heap        ] GC(923) Archive regions: 2->2
[2024-08-27T15:01:04.370+0000][info][gc,heap        ] GC(923) Humongous regions: 5->5
[2024-08-27T15:01:04.370+0000][info][gc,metaspace   ] GC(923) Metaspace: 100K(320K)->100K(320K) NonClass: 96K(192K)->96K(192K) Class: 4K(128K)->4K(128K)
[2024-08-27T15:01:04.370+0000][info][gc             ] GC(923) Pause Young (Normal) (G1 Preventive Collection) 978M->981M(1024M) 13.061ms
[2024-08-27T15:01:04.370+0000][info][gc,cpu         ] GC(923) User=0.28s Sys=0.01s Real=0.02s
[2024-08-27T15:01:04.377+0000][info][gc,start       ] GC(924) Pause Young (Normal) (G1 Preventive Collection)
[2024-08-27T15:01:04.377+0000][info][gc,task        ] GC(924) Using 24 workers of 68 for evacuation
[2024-08-27T15:01:04.388+0000][info][gc,phases      ] GC(924)   Pre Evacuate Collection Set: 0.2ms
[2024-08-27T15:01:04.388+0000][info][gc,phases      ] GC(924)   Merge Heap Roots: 0.6ms
[2024-08-27T15:01:04.388+0000][info][gc,phases      ] GC(924)   Evacuate Collection Set: 9.1ms
[2024-08-27T15:01:04.388+0000][info][gc,phases      ] GC(924)   Post Evacuate Collection Set: 0.6ms
[2024-08-27T15:01:04.388+0000][info][gc,phases      ] GC(924)   Other: 0.2ms
[2024-08-27T15:01:04.388+0000][info][gc,heap        ] GC(924) Eden regions: 13->0(44)
[2024-08-27T15:01:04.388+0000][info][gc,heap        ] GC(924) Survivor regions: 7->7(7)
[2024-08-27T15:01:04.388+0000][info][gc,heap        ] GC(924) Old regions: 974->990
[2024-08-27T15:01:04.388+0000][info][gc,heap        ] GC(924) Archive regions: 2->2
[2024-08-27T15:01:04.388+0000][info][gc,heap        ] GC(924) Humongous regions: 5->5
[2024-08-27T15:01:04.388+0000][info][gc,metaspace   ] GC(924) Metaspace: 100K(320K)->100K(320K) NonClass: 96K(192K)->96K(192K) Class: 4K(128K)->4K(128K)
[2024-08-27T15:01:04.388+0000][info][gc             ] GC(924) Pause Young (Normal) (G1 Preventive Collection) 994M->997M(1024M) 10.650ms
[2024-08-27T15:01:04.388+0000][info][gc,cpu         ] GC(924) User=0.24s Sys=0.00s Real=0.01s
[2024-08-27T15:01:04.391+0000][info][gc,start       ] GC(925) Pause Young (Normal) (G1 Preventive Collection)
[2024-08-27T15:01:04.391+0000][info][gc,task        ] GC(925) Using 24 workers of 68 for evacuation
[2024-08-27T15:01:04.399+0000][info][gc             ] GC(925) To-space exhausted
[2024-08-27T15:01:04.399+0000][info][gc,phases      ] GC(925)   Pre Evacuate Collection Set: 0.1ms
[2024-08-27T15:01:04.399+0000][info][gc,phases      ] GC(925)   Merge Heap Roots: 0.6ms
[2024-08-27T15:01:04.399+0000][info][gc,phases      ] GC(925)   Evacuate Collection Set: 7.0ms
[2024-08-27T15:01:04.399+0000][info][gc,phases      ] GC(925)   Post Evacuate Collection Set: 0.7ms
[2024-08-27T15:01:04.399+0000][info][gc,phases      ] GC(925)   Other: 0.2ms
[2024-08-27T15:01:04.399+0000][info][gc,heap        ] GC(925) Eden regions: 5->0(45)
[2024-08-27T15:01:04.399+0000][info][gc,heap        ] GC(925) Survivor regions: 7->6(7)
[2024-08-27T15:01:04.399+0000][info][gc,heap        ] GC(925) Old regions: 990->1004
[2024-08-27T15:01:04.399+0000][info][gc,heap        ] GC(925) Archive regions: 2->2
[2024-08-27T15:01:04.399+0000][info][gc,heap        ] GC(925) Humongous regions: 5->5
[2024-08-27T15:01:04.399+0000][info][gc,metaspace   ] GC(925) Metaspace: 100K(320K)->100K(320K) NonClass: 96K(192K)->96K(192K) Class: 4K(128K)->4K(128K)
[2024-08-27T15:01:04.399+0000][info][gc             ] GC(925) Pause Young (Normal) (G1 Preventive Collection) 1002M->1010M(1024M) 8.580ms
[2024-08-27T15:01:04.399+0000][info][gc,cpu         ] GC(925) User=0.19s Sys=0.00s Real=0.01s
[2024-08-27T15:01:04.400+0000][info][gc,start       ] GC(926) Pause Young (Normal) (G1 Preventive Collection)
[2024-08-27T15:01:04.400+0000][info][gc,task        ] GC(926) Using 24 workers of 68 for evacuation
[2024-08-27T15:01:04.408+0000][info][gc             ] GC(926) To-space exhausted
[2024-08-27T15:01:04.408+0000][info][gc,phases      ] GC(926)   Pre Evacuate Collection Set: 0.1ms
[2024-08-27T15:01:04.408+0000][info][gc,phases      ] GC(926)   Merge Heap Roots: 0.6ms
[2024-08-27T15:01:04.408+0000][info][gc,phases      ] GC(926)   Evacuate Collection Set: 5.8ms
[2024-08-27T15:01:04.408+0000][info][gc,phases      ] GC(926)   Post Evacuate Collection Set: 0.8ms
[2024-08-27T15:01:04.408+0000][info][gc,phases      ] GC(926)   Other: 0.1ms
[2024-08-27T15:01:04.408+0000][info][gc,heap        ] GC(926) Eden regions: 1->0(50)
[2024-08-27T15:01:04.408+0000][info][gc,heap        ] GC(926) Survivor regions: 6->1(6)
[2024-08-27T15:01:04.408+0000][info][gc,heap        ] GC(926) Old regions: 1004->1016
[2024-08-27T15:01:04.408+0000][info][gc,heap        ] GC(926) Archive regions: 2->2
[2024-08-27T15:01:04.408+0000][info][gc,heap        ] GC(926) Humongous regions: 5->5
[2024-08-27T15:01:04.408+0000][info][gc,metaspace   ] GC(926) Metaspace: 100K(320K)->100K(320K) NonClass: 96K(192K)->96K(192K) Class: 4K(128K)->4K(128K)
[2024-08-27T15:01:04.408+0000][info][gc             ] GC(926) Pause Young (Normal) (G1 Preventive Collection) 1011M->1017M(1024M) 7.481ms
[2024-08-27T15:01:04.408+0000][info][gc,cpu         ] GC(926) User=0.17s Sys=0.00s Real=0.00s
[2024-08-27T15:01:04.408+0000][info][gc,ergo        ] Attempting full compaction
[2024-08-27T15:01:04.408+0000][info][gc,task        ] GC(927) Using 24 workers of 68 for full compaction
[2024-08-27T15:01:04.408+0000][info][gc,start       ] GC(927) Pause Full (G1 Compaction Pause)
[2024-08-27T15:01:04.408+0000][info][gc,phases,start] GC(927) Phase 1: Mark live objects
[2024-08-27T15:01:04.421+0000][info][gc,phases      ] GC(927) Phase 1: Mark live objects 12.607ms
[2024-08-27T15:01:04.421+0000][info][gc,phases,start] GC(927) Phase 2: Prepare for compaction
[2024-08-27T15:01:04.429+0000][info][gc,phases      ] GC(927) Phase 2: Prepare for compaction 8.077ms
[2024-08-27T15:01:04.429+0000][info][gc,phases,start] GC(927) Phase 3: Adjust pointers
[2024-08-27T15:01:04.444+0000][info][gc,phases      ] GC(927) Phase 3: Adjust pointers 14.690ms
[2024-08-27T15:01:04.444+0000][info][gc,phases,start] GC(927) Phase 4: Compact heap
[2024-08-27T15:01:04.474+0000][info][gc,phases      ] GC(927) Phase 4: Compact heap 30.454ms
[2024-08-27T15:01:04.476+0000][info][gc,heap        ] GC(927) Eden regions: 0->0(150)
[2024-08-27T15:01:04.476+0000][info][gc,heap        ] GC(927) Survivor regions: 1->0(6)
[2024-08-27T15:01:04.476+0000][info][gc,heap        ] GC(927) Old regions: 1016->442
[2024-08-27T15:01:04.476+0000][info][gc,heap        ] GC(927) Archive regions: 2->2
[2024-08-27T15:01:04.476+0000][info][gc,heap        ] GC(927) Humongous regions: 5->5
[2024-08-27T15:01:04.476+0000][info][gc,metaspace   ] GC(927) Metaspace: 100K(320K)->100K(320K) NonClass: 96K(192K)->96K(192K) Class: 4K(128K)->4K(128K)
[2024-08-27T15:01:04.476+0000][info][gc             ] GC(927) Pause Full (G1 Compaction Pause) 1017M->437M(1024M) 67.819ms
[2024-08-27T15:01:04.476+0000][info][gc,cpu         ] GC(927) User=1.44s Sys=0.00s Real=0.07s
[2024-08-27T15:01:04.476+0000][info][gc,marking     ] GC(920) Concurrent Rebuild Remembered Sets 178.974ms
[2024-08-27T15:01:04.476+0000][info][gc,marking     ] GC(920) Concurrent Mark Abort
[2024-08-27T15:01:04.476+0000][info][gc             ] GC(920) Concurrent Mark Cycle 204.407ms
[2024-08-27T15:01:04.548+0000][info][gc,start       ] GC(928) Pause Young (Normal) (G1 Evacuation Pause)
[2024-08-27T15:01:04.548+0000][info][gc,task        ] GC(928) Using 24 workers of 68 for evacuation
[2024-08-27T15:01:04.573+0000][info][gc,phases      ] GC(928)   Pre Evacuate Collection Set: 0.2ms
[2024-08-27T15:01:04.573+0000][info][gc,phases      ] GC(928)   Merge Heap Roots: 0.4ms
[2024-08-27T15:01:04.573+0000][info][gc,phases      ] GC(928)   Evacuate Collection Set: 24.0ms
[2024-08-27T15:01:04.573+0000][info][gc,phases      ] GC(928)   Post Evacuate Collection Set: 0.3ms
[2024-08-27T15:01:04.573+0000][info][gc,phases      ] GC(928)   Other: 0.3ms
[2024-08-27T15:01:04.573+0000][info][gc,heap        ] GC(928) Eden regions: 150->0(103)
[2024-08-27T15:01:04.573+0000][info][gc,heap        ] GC(928) Survivor regions: 0->19(19)
[2024-08-27T15:01:04.573+0000][info][gc,heap        ] GC(928) Old regions: 442->569
[2024-08-27T15:01:04.573+0000][info][gc,heap        ] GC(928) Archive regions: 2->2
[2024-08-27T15:01:04.573+0000][info][gc,heap        ] GC(928) Humongous regions: 5->5
[2024-08-27T15:01:04.573+0000][info][gc,metaspace   ] GC(928) Metaspace: 100K(320K)->100K(320K) NonClass: 96K(192K)->96K(192K) Class: 4K(128K)->4K(128K)
[2024-08-27T15:01:04.573+0000][info][gc             ] GC(928) Pause Young (Normal) (G1 Evacuation Pause) 587M->582M(1024M) 25.220ms
[2024-08-27T15:01:04.573+0000][info][gc,cpu         ] GC(928) User=0.59s Sys=0.00s Real=0.03s
[2024-08-27T15:01:04.618+0000][info][gc,start       ] GC(929) Pause Young (Concurrent Start) (G1 Evacuation Pause)
[2024-08-27T15:01:04.618+0000][info][gc,task        ] GC(929) Using 24 workers of 68 for evacuation
[2024-08-27T15:01:04.638+0000][info][gc,phases      ] GC(929)   Pre Evacuate Collection Set: 0.2ms
[2024-08-27T15:01:04.638+0000][info][gc,phases      ] GC(929)   Merge Heap Roots: 0.4ms
[2024-08-27T15:01:04.638+0000][info][gc,phases      ] GC(929)   Evacuate Collection Set: 18.8ms
[2024-08-27T15:01:04.638+0000][info][gc,phases      ] GC(929)   Post Evacuate Collection Set: 0.3ms
[2024-08-27T15:01:04.638+0000][info][gc,phases      ] GC(929)   Other: 0.7ms
[2024-08-27T15:01:04.638+0000][info][gc,heap        ] GC(929) Eden regions: 103->0(70)
[2024-08-27T15:01:04.638+0000][info][gc,heap        ] GC(929) Survivor regions: 19->16(16)
[2024-08-27T15:01:04.638+0000][info][gc,heap        ] GC(929) Old regions: 569->677
[2024-08-27T15:01:04.638+0000][info][gc,heap        ] GC(929) Archive regions: 2->2
[2024-08-27T15:01:04.638+0000][info][gc,heap        ] GC(929) Humongous regions: 5->5
[2024-08-27T15:01:04.638+0000][info][gc,metaspace   ] GC(929) Metaspace: 100K(320K)->100K(320K) NonClass: 96K(192K)->96K(192K) Class: 4K(128K)->4K(128K)
[2024-08-27T15:01:04.638+0000][info][gc             ] GC(929) Pause Young (Concurrent Start) (G1 Evacuation Pause) 685M->687M(1024M) 20.505ms
[2024-08-27T15:01:04.638+0000][info][gc,cpu         ] GC(929) User=0.46s Sys=0.00s Real=0.02s
[2024-08-27T15:01:04.638+0000][info][gc             ] GC(930) Concurrent Mark Cycle
[2024-08-27T15:01:04.638+0000][info][gc,marking     ] GC(930) Concurrent Clear Claimed Marks
[2024-08-27T15:01:04.638+0000][info][gc,marking     ] GC(930) Concurrent Clear Claimed Marks 0.019ms
[2024-08-27T15:01:04.638+0000][info][gc,marking     ] GC(930) Concurrent Scan Root Regions
[2024-08-27T15:01:04.642+0000][info][gc,marking     ] GC(930) Concurrent Scan Root Regions 3.338ms
[2024-08-27T15:01:04.642+0000][info][gc,marking     ] GC(930) Concurrent Mark
[2024-08-27T15:01:04.642+0000][info][gc,marking     ] GC(930) Concurrent Mark From Roots
[2024-08-27T15:01:04.642+0000][info][gc,task        ] GC(930) Using 17 workers of 17 for marking
[2024-08-27T15:01:04.660+0000][info][gc,marking     ] GC(930) Concurrent Mark From Roots 17.772ms
[2024-08-27T15:01:04.660+0000][info][gc,marking     ] GC(930) Concurrent Preclean
[2024-08-27T15:01:04.662+0000][info][gc,marking     ] GC(930) Concurrent Preclean 2.088ms
[2024-08-27T15:01:04.662+0000][info][gc,start       ] GC(930) Pause Remark
[2024-08-27T15:01:04.663+0000][info][gc             ] GC(930) Pause Remark 725M->725M(1024M) 1.100ms
[2024-08-27T15:01:04.663+0000][info][gc,cpu         ] GC(930) User=0.01s Sys=0.00s Real=0.00s
[2024-08-27T15:01:04.663+0000][info][gc,marking     ] GC(930) Concurrent Mark 21.497ms
[2024-08-27T15:01:04.663+0000][info][gc,marking     ] GC(930) Concurrent Rebuild Remembered Sets
[2024-08-27T15:01:04.676+0000][info][gc,marking     ] GC(930) Concurrent Rebuild Remembered Sets 13.035ms
[2024-08-27T15:01:04.677+0000][info][gc,start       ] GC(930) Pause Cleanup
[2024-08-27T15:01:04.678+0000][info][gc             ] GC(930) Pause Cleanup 750M->750M(1024M) 1.113ms
[2024-08-27T15:01:04.678+0000][info][gc,cpu         ] GC(930) User=0.00s Sys=0.00s Real=0.01s
[2024-08-27T15:01:04.678+0000][info][gc,marking     ] GC(930) Concurrent Cleanup for Next Mark
[2024-08-27T15:01:04.679+0000][info][gc,marking     ] GC(930) Concurrent Cleanup for Next Mark 0.626ms
[2024-08-27T15:01:04.679+0000][info][gc             ] GC(930) Concurrent Mark Cycle 40.325ms
[2024-08-27T15:01:04.682+0000][info][gc,start       ] GC(931) Pause Young (Prepare Mixed) (G1 Evacuation Pause)
[2024-08-27T15:01:04.682+0000][info][gc,task        ] GC(931) Using 24 workers of 68 for evacuation
[2024-08-27T15:01:04.698+0000][info][gc,phases      ] GC(931)   Pre Evacuate Collection Set: 0.2ms
[2024-08-27T15:01:04.698+0000][info][gc,phases      ] GC(931)   Merge Heap Roots: 0.3ms
[2024-08-27T15:01:04.698+0000][info][gc,phases      ] GC(931)   Evacuate Collection Set: 14.5ms
[2024-08-27T15:01:04.698+0000][info][gc,phases      ] GC(931)   Post Evacuate Collection Set: 0.3ms
[2024-08-27T15:01:04.698+0000][info][gc,phases      ] GC(931)   Other: 0.2ms
[2024-08-27T15:01:04.698+0000][info][gc,heap        ] GC(931) Eden regions: 70->0(40)
[2024-08-27T15:01:04.698+0000][info][gc,heap        ] GC(931) Survivor regions: 16->11(11)
[2024-08-27T15:01:04.698+0000][info][gc,heap        ] GC(931) Old regions: 677->755
[2024-08-27T15:01:04.698+0000][info][gc,heap        ] GC(931) Archive regions: 2->2
[2024-08-27T15:01:04.698+0000][info][gc,heap        ] GC(931) Humongous regions: 5->5
[2024-08-27T15:01:04.698+0000][info][gc,metaspace   ] GC(931) Metaspace: 100K(320K)->100K(320K) NonClass: 96K(192K)->96K(192K) Class: 4K(128K)->4K(128K)
[2024-08-27T15:01:04.698+0000][info][gc             ] GC(931) Pause Young (Prepare Mixed) (G1 Evacuation Pause) 757M->760M(1024M) 15.605ms
[2024-08-27T15:01:04.698+0000][info][gc,cpu         ] GC(931) User=0.36s Sys=0.01s Real=0.02s
[2024-08-27T15:01:04.715+0000][info][gc,start       ] GC(932) Pause Young (Mixed) (G1 Evacuation Pause)
[2024-08-27T15:01:04.715+0000][info][gc,task        ] GC(932) Using 24 workers of 68 for evacuation
[2024-08-27T15:01:04.728+0000][info][gc,phases      ] GC(932)   Pre Evacuate Collection Set: 0.2ms
[2024-08-27T15:01:04.728+0000][info][gc,phases      ] GC(932)   Merge Heap Roots: 0.4ms
[2024-08-27T15:01:04.728+0000][info][gc,phases      ] GC(932)   Evacuate Collection Set: 11.5ms
[2024-08-27T15:01:04.728+0000][info][gc,phases      ] GC(932)   Post Evacuate Collection Set: 0.3ms
[2024-08-27T15:01:04.728+0000][info][gc,phases      ] GC(932)   Other: 0.2ms
[2024-08-27T15:01:04.728+0000][info][gc,heap        ] GC(932) Eden regions: 40->0(44)
[2024-08-27T15:01:04.728+0000][info][gc,heap        ] GC(932) Survivor regions: 11->7(7)
[2024-08-27T15:01:04.728+0000][info][gc,heap        ] GC(932) Old regions: 755->702
[2024-08-27T15:01:04.728+0000][info][gc,heap        ] GC(932) Archive regions: 2->2
[2024-08-27T15:01:04.728+0000][info][gc,heap        ] GC(932) Humongous regions: 5->5
[2024-08-27T15:01:04.728+0000][info][gc,metaspace   ] GC(932) Metaspace: 100K(320K)->100K(320K) NonClass: 96K(192K)->96K(192K) Class: 4K(128K)->4K(128K)
[2024-08-27T15:01:04.728+0000][info][gc             ] GC(932) Pause Young (Mixed) (G1 Evacuation Pause) 800M->703M(1024M) 12.668ms
[2024-08-27T15:01:04.728+0000][info][gc,cpu         ] GC(932) User=0.28s Sys=0.00s Real=0.01s
[2024-08-27T15:01:04.747+0000][info][gc,start       ] GC(933) Pause Young (Mixed) (G1 Evacuation Pause)
[2024-08-27T15:01:04.747+0000][info][gc,task        ] GC(933) Using 24 workers of 68 for evacuation
[2024-08-27T15:01:04.758+0000][info][gc,phases      ] GC(933)   Pre Evacuate Collection Set: 0.2ms
[2024-08-27T15:01:04.758+0000][info][gc,phases      ] GC(933)   Merge Heap Roots: 0.3ms
[2024-08-27T15:01:04.758+0000][info][gc,phases      ] GC(933)   Evacuate Collection Set: 10.4ms
[2024-08-27T15:01:04.758+0000][info][gc,phases      ] GC(933)   Post Evacuate Collection Set: 0.4ms
[2024-08-27T15:01:04.758+0000][info][gc,phases      ] GC(933)   Other: 0.2ms
[2024-08-27T15:01:04.758+0000][info][gc,heap        ] GC(933) Eden regions: 44->0(78)
[2024-08-27T15:01:04.758+0000][info][gc,heap        ] GC(933) Survivor regions: 7->7(7)
[2024-08-27T15:01:04.758+0000][info][gc,heap        ] GC(933) Old regions: 702->659
[2024-08-27T15:01:04.758+0000][info][gc,heap        ] GC(933) Archive regions: 2->2
[2024-08-27T15:01:04.758+0000][info][gc,heap        ] GC(933) Humongous regions: 5->5
[2024-08-27T15:01:04.758+0000][info][gc,metaspace   ] GC(933) Metaspace: 100K(320K)->100K(320K) NonClass: 96K(192K)->96K(192K) Class: 4K(128K)->4K(128K)
[2024-08-27T15:01:04.758+0000][info][gc             ] GC(933) Pause Young (Mixed) (G1 Evacuation Pause) 747M->663M(1024M) 11.568ms
[2024-08-27T15:01:04.758+0000][info][gc,cpu         ] GC(933) User=0.26s Sys=0.00s Real=0.02s
[2024-08-27T15:01:04.791+0000][info][gc,start       ] GC(934) Pause Young (Concurrent Start) (G1 Evacuation Pause)
[2024-08-27T15:01:04.791+0000][info][gc,task        ] GC(934) Using 24 workers of 68 for evacuation
[2024-08-27T15:01:04.807+0000][info][gc,phases      ] GC(934)   Pre Evacuate Collection Set: 0.2ms
[2024-08-27T15:01:04.807+0000][info][gc,phases      ] GC(934)   Merge Heap Roots: 0.3ms
[2024-08-27T15:01:04.807+0000][info][gc,phases      ] GC(934)   Evacuate Collection Set: 14.4ms
[2024-08-27T15:01:04.807+0000][info][gc,phases      ] GC(934)   Post Evacuate Collection Set: 0.3ms
[2024-08-27T15:01:04.807+0000][info][gc,phases      ] GC(934)   Other: 0.8ms
[2024-08-27T15:01:04.807+0000][info][gc,heap        ] GC(934) Eden regions: 78->0(53)
[2024-08-27T15:01:04.807+0000][info][gc,heap        ] GC(934) Survivor regions: 7->11(11)
[2024-08-27T15:01:04.807+0000][info][gc,heap        ] GC(934) Old regions: 659->735
[2024-08-27T15:01:04.807+0000][info][gc,heap        ] GC(934) Archive regions: 2->2
[2024-08-27T15:01:04.807+0000][info][gc,heap        ] GC(934) Humongous regions: 5->5
[2024-08-27T15:01:04.807+0000][info][gc,metaspace   ] GC(934) Metaspace: 100K(320K)->100K(320K) NonClass: 96K(192K)->96K(192K) Class: 4K(128K)->4K(128K)
[2024-08-27T15:01:04.807+0000][info][gc             ] GC(934) Pause Young (Concurrent Start) (G1 Evacuation Pause) 741M->742M(1024M) 15.999ms
[2024-08-27T15:01:04.807+0000][info][gc,cpu         ] GC(934) User=0.35s Sys=0.00s Real=0.01s
[2024-08-27T15:01:04.807+0000][info][gc             ] GC(935) Concurrent Mark Cycle
[2024-08-27T15:01:04.807+0000][info][gc,marking     ] GC(935) Concurrent Clear Claimed Marks
[2024-08-27T15:01:04.807+0000][info][gc,marking     ] GC(935) Concurrent Clear Claimed Marks 0.012ms
[2024-08-27T15:01:04.807+0000][info][gc,marking     ] GC(935) Concurrent Scan Root Regions
[2024-08-27T15:01:04.809+0000][info][gc,marking     ] GC(935) Concurrent Scan Root Regions 2.277ms
[2024-08-27T15:01:04.809+0000][info][gc,marking     ] GC(935) Concurrent Mark
[2024-08-27T15:01:04.809+0000][info][gc,marking     ] GC(935) Concurrent Mark From Roots
[2024-08-27T15:01:04.809+0000][info][gc,task        ] GC(935) Using 17 workers of 17 for marking
[2024-08-27T15:01:04.828+0000][info][gc,marking     ] GC(935) Concurrent Mark From Roots 18.682ms
[2024-08-27T15:01:04.828+0000][info][gc,marking     ] GC(935) Concurrent Preclean
[2024-08-27T15:01:04.830+0000][info][gc,marking     ] GC(935) Concurrent Preclean 1.691ms
[2024-08-27T15:01:04.830+0000][info][gc,start       ] GC(935) Pause Remark
[2024-08-27T15:01:04.831+0000][info][gc             ] GC(935) Pause Remark 776M->776M(1024M) 1.129ms
[2024-08-27T15:01:04.831+0000][info][gc,cpu         ] GC(935) User=0.01s Sys=0.00s Real=0.00s
[2024-08-27T15:01:04.831+0000][info][gc,marking     ] GC(935) Concurrent Mark 22.004ms
[2024-08-27T15:01:04.831+0000][info][gc,marking     ] GC(935) Concurrent Rebuild Remembered Sets
[2024-08-27T15:01:04.841+0000][info][gc,start       ] GC(936) Pause Young (Normal) (G1 Evacuation Pause)
[2024-08-27T15:01:04.841+0000][info][gc,task        ] GC(936) Using 24 workers of 68 for evacuation
[2024-08-27T15:01:04.854+0000][info][gc,phases      ] GC(936)   Pre Evacuate Collection Set: 0.2ms
[2024-08-27T15:01:04.854+0000][info][gc,phases      ] GC(936)   Merge Heap Roots: 0.4ms
[2024-08-27T15:01:04.854+0000][info][gc,phases      ] GC(936)   Evacuate Collection Set: 11.4ms
[2024-08-27T15:01:04.854+0000][info][gc,phases      ] GC(936)   Post Evacuate Collection Set: 0.5ms
[2024-08-27T15:01:04.854+0000][info][gc,phases      ] GC(936)   Other: 0.2ms
[2024-08-27T15:01:04.854+0000][info][gc,heap        ] GC(936) Eden regions: 53->0(43)
[2024-08-27T15:01:04.854+0000][info][gc,heap        ] GC(936) Survivor regions: 11->8(8)
[2024-08-27T15:01:04.854+0000][info][gc,heap        ] GC(936) Old regions: 735->795
[2024-08-27T15:01:04.854+0000][info][gc,heap        ] GC(936) Archive regions: 2->2
[2024-08-27T15:01:04.854+0000][info][gc,heap        ] GC(936) Humongous regions: 5->5
[2024-08-27T15:01:04.854+0000][info][gc,metaspace   ] GC(936) Metaspace: 100K(320K)->100K(320K) NonClass: 96K(192K)->96K(192K) Class: 4K(128K)->4K(128K)
[2024-08-27T15:01:04.854+0000][info][gc             ] GC(936) Pause Young (Normal) (G1 Evacuation Pause) 795M->800M(1024M) 12.723ms
[2024-08-27T15:01:04.854+0000][info][gc,cpu         ] GC(936) User=0.26s Sys=0.03s Real=0.01s
[2024-08-27T15:01:04.875+0000][info][gc,start       ] GC(937) Pause Young (Normal) (G1 Evacuation Pause)
[2024-08-27T15:01:04.876+0000][info][gc,task        ] GC(937) Using 24 workers of 68 for evacuation
[2024-08-27T15:01:04.891+0000][info][gc,phases      ] GC(937)   Pre Evacuate Collection Set: 0.2ms
[2024-08-27T15:01:04.891+0000][info][gc,phases      ] GC(937)   Merge Heap Roots: 0.4ms
[2024-08-27T15:01:04.891+0000][info][gc,phases      ] GC(937)   Evacuate Collection Set: 14.5ms
[2024-08-27T15:01:04.891+0000][info][gc,phases      ] GC(937)   Post Evacuate Collection Set: 0.5ms
[2024-08-27T15:01:04.891+0000][info][gc,phases      ] GC(937)   Other: 0.2ms
[2024-08-27T15:01:04.891+0000][info][gc,heap        ] GC(937) Eden regions: 43->0(44)
[2024-08-27T15:01:04.891+0000][info][gc,heap        ] GC(937) Survivor regions: 8->7(7)
[2024-08-27T15:01:04.891+0000][info][gc,heap        ] GC(937) Old regions: 795->842
[2024-08-27T15:01:04.891+0000][info][gc,heap        ] GC(937) Archive regions: 2->2
[2024-08-27T15:01:04.891+0000][info][gc,heap        ] GC(937) Humongous regions: 5->5
[2024-08-27T15:01:04.891+0000][info][gc,metaspace   ] GC(937) Metaspace: 100K(320K)->100K(320K) NonClass: 96K(192K)->96K(192K) Class: 4K(128K)->4K(128K)
[2024-08-27T15:01:04.891+0000][info][gc             ] GC(937) Pause Young (Normal) (G1 Evacuation Pause) 843M->846M(1024M) 15.807ms
[2024-08-27T15:01:04.891+0000][info][gc,cpu         ] GC(937) User=0.36s Sys=0.00s Real=0.02s
[2024-08-27T15:01:04.914+0000][info][gc,start       ] GC(938) Pause Young (Normal) (G1 Evacuation Pause)
[2024-08-27T15:01:04.914+0000][info][gc,task        ] GC(938) Using 24 workers of 68 for evacuation
[2024-08-27T15:01:04.930+0000][info][gc,phases      ] GC(938)   Pre Evacuate Collection Set: 0.2ms
[2024-08-27T15:01:04.930+0000][info][gc,phases      ] GC(938)   Merge Heap Roots: 0.5ms
[2024-08-27T15:01:04.930+0000][info][gc,phases      ] GC(938)   Evacuate Collection Set: 14.5ms
[2024-08-27T15:01:04.930+0000][info][gc,phases      ] GC(938)   Post Evacuate Collection Set: 0.6ms
[2024-08-27T15:01:04.930+0000][info][gc,phases      ] GC(938)   Other: 0.3ms
[2024-08-27T15:01:04.930+0000][info][gc,heap        ] GC(938) Eden regions: 44->0(44)
[2024-08-27T15:01:04.930+0000][info][gc,heap        ] GC(938) Survivor regions: 7->7(7)
[2024-08-27T15:01:04.930+0000][info][gc,heap        ] GC(938) Old regions: 842->889
[2024-08-27T15:01:04.930+0000][info][gc,heap        ] GC(938) Archive regions: 2->2
[2024-08-27T15:01:04.930+0000][info][gc,heap        ] GC(938) Humongous regions: 5->5
[2024-08-27T15:01:04.930+0000][info][gc,metaspace   ] GC(938) Metaspace: 100K(320K)->100K(320K) NonClass: 96K(192K)->96K(192K) Class: 4K(128K)->4K(128K)
[2024-08-27T15:01:04.930+0000][info][gc             ] GC(938) Pause Young (Normal) (G1 Evacuation Pause) 890M->892M(1024M) 16.178ms
[2024-08-27T15:01:04.930+0000][info][gc,cpu         ] GC(938) User=0.36s Sys=0.01s Real=0.02s
[2024-08-27T15:01:04.938+0000][info][gc,marking     ] GC(935) Concurrent Rebuild Remembered Sets 106.491ms
[2024-08-27T15:01:04.938+0000][info][gc,start       ] GC(935) Pause Cleanup
[2024-08-27T15:01:04.940+0000][info][gc             ] GC(935) Pause Cleanup 906M->906M(1024M) 1.599ms
[2024-08-27T15:01:04.940+0000][info][gc,cpu         ] GC(935) User=0.00s Sys=0.00s Real=0.00s
[2024-08-27T15:01:04.940+0000][info][gc,marking     ] GC(935) Concurrent Cleanup for Next Mark
[2024-08-27T15:01:04.941+0000][info][gc,marking     ] GC(935) Concurrent Cleanup for Next Mark 0.681ms
[2024-08-27T15:01:04.941+0000][info][gc             ] GC(935) Concurrent Mark Cycle 133.686ms
[2024-08-27T15:01:04.956+0000][info][gc,start       ] GC(939) Pause Young (Prepare Mixed) (G1 Evacuation Pause)
[2024-08-27T15:01:04.956+0000][info][gc,task        ] GC(939) Using 24 workers of 68 for evacuation
[2024-08-27T15:01:04.973+0000][info][gc,phases      ] GC(939)   Pre Evacuate Collection Set: 0.1ms
[2024-08-27T15:01:04.974+0000][info][gc,phases      ] GC(939)   Merge Heap Roots: 0.7ms
[2024-08-27T15:01:04.974+0000][info][gc,phases      ] GC(939)   Evacuate Collection Set: 15.8ms
[2024-08-27T15:01:04.974+0000][info][gc,phases      ] GC(939)   Post Evacuate Collection Set: 0.3ms
[2024-08-27T15:01:04.974+0000][info][gc,phases      ] GC(939)   Other: 0.2ms
[2024-08-27T15:01:04.974+0000][info][gc,heap        ] GC(939) Eden regions: 44->0(44)
[2024-08-27T15:01:04.974+0000][info][gc,heap        ] GC(939) Survivor regions: 7->7(7)
[2024-08-27T15:01:04.974+0000][info][gc,heap        ] GC(939) Old regions: 889->935
[2024-08-27T15:01:04.974+0000][info][gc,heap        ] GC(939) Archive regions: 2->2
[2024-08-27T15:01:04.974+0000][info][gc,heap        ] GC(939) Humongous regions: 5->5
[2024-08-27T15:01:04.974+0000][info][gc,metaspace   ] GC(939) Metaspace: 100K(320K)->100K(320K) NonClass: 96K(192K)->96K(192K) Class: 4K(128K)->4K(128K)
[2024-08-27T15:01:04.974+0000][info][gc             ] GC(939) Pause Young (Prepare Mixed) (G1 Evacuation Pause) 936M->939M(1024M) 17.222ms
[2024-08-27T15:01:04.974+0000][info][gc,cpu         ] GC(939) User=0.39s Sys=0.00s Real=0.02s
[2024-08-27T15:01:04.990+0000][info][gc,start       ] GC(940) Pause Young (Mixed) (G1 Preventive Collection)
[2024-08-27T15:01:04.990+0000][info][gc,task        ] GC(940) Using 24 workers of 68 for evacuation
[2024-08-27T15:01:05.000+0000][info][gc,phases      ] GC(940)   Pre Evacuate Collection Set: 0.2ms
[2024-08-27T15:01:05.000+0000][info][gc,phases      ] GC(940)   Merge Heap Roots: 0.3ms
[2024-08-27T15:01:05.000+0000][info][gc,phases      ] GC(940)   Evacuate Collection Set: 8.6ms
[2024-08-27T15:01:05.000+0000][info][gc,phases      ] GC(940)   Post Evacuate Collection Set: 0.4ms
[2024-08-27T15:01:05.000+0000][info][gc,phases      ] GC(940)   Other: 0.2ms
[2024-08-27T15:01:05.000+0000][info][gc,heap        ] GC(940) Eden regions: 32->0(44)
[2024-08-27T15:01:05.000+0000][info][gc,heap        ] GC(940) Survivor regions: 7->7(7)
[2024-08-27T15:01:05.000+0000][info][gc,heap        ] GC(940) Old regions: 935->867
[2024-08-27T15:01:05.000+0000][info][gc,heap        ] GC(940) Archive regions: 2->2
[2024-08-27T15:01:05.000+0000][info][gc,heap        ] GC(940) Humongous regions: 5->5
[2024-08-27T15:01:05.000+0000][info][gc,metaspace   ] GC(940) Metaspace: 100K(320K)->100K(320K) NonClass: 96K(192K)->96K(192K) Class: 4K(128K)->4K(128K)
[2024-08-27T15:01:05.000+0000][info][gc             ] GC(940) Pause Young (Mixed) (G1 Preventive Collection) 971M->877M(1024M) 9.763ms
[2024-08-27T15:01:05.000+0000][info][gc,cpu         ] GC(940) User=0.21s Sys=0.00s Real=0.01s
[2024-08-27T15:01:05.023+0000][info][gc,start       ] GC(941) Pause Young (Mixed) (G1 Evacuation Pause)
[2024-08-27T15:01:05.023+0000][info][gc,task        ] GC(941) Using 24 workers of 68 for evacuation
[2024-08-27T15:01:05.034+0000][info][gc,phases      ] GC(941)   Pre Evacuate Collection Set: 0.2ms
[2024-08-27T15:01:05.034+0000][info][gc,phases      ] GC(941)   Merge Heap Roots: 0.4ms
[2024-08-27T15:01:05.034+0000][info][gc,phases      ] GC(941)   Evacuate Collection Set: 9.8ms
[2024-08-27T15:01:05.034+0000][info][gc,phases      ] GC(941)   Post Evacuate Collection Set: 0.4ms
[2024-08-27T15:01:05.034+0000][info][gc,phases      ] GC(941)   Other: 0.2ms
[2024-08-27T15:01:05.034+0000][info][gc,heap        ] GC(941) Eden regions: 44->0(44)
[2024-08-27T15:01:05.034+0000][info][gc,heap        ] GC(941) Survivor regions: 7->7(7)
[2024-08-27T15:01:05.034+0000][info][gc,heap        ] GC(941) Old regions: 867->809
[2024-08-27T15:01:05.034+0000][info][gc,heap        ] GC(941) Archive regions: 2->2
[2024-08-27T15:01:05.034+0000][info][gc,heap        ] GC(941) Humongous regions: 5->5
[2024-08-27T15:01:05.034+0000][info][gc,metaspace   ] GC(941) Metaspace: 100K(320K)->100K(320K) NonClass: 96K(192K)->96K(192K) Class: 4K(128K)->4K(128K)
[2024-08-27T15:01:05.034+0000][info][gc             ] GC(941) Pause Young (Mixed) (G1 Evacuation Pause) 921M->820M(1024M) 11.133ms
[2024-08-27T15:01:05.034+0000][info][gc,cpu         ] GC(941) User=0.24s Sys=0.01s Real=0.01s
[2024-08-27T15:01:05.055+0000][info][gc,start       ] GC(942) Pause Young (Mixed) (G1 Evacuation Pause)
[2024-08-27T15:01:05.055+0000][info][gc,task        ] GC(942) Using 24 workers of 68 for evacuation
[2024-08-27T15:01:05.065+0000][info][gc,phases      ] GC(942)   Pre Evacuate Collection Set: 0.2ms
[2024-08-27T15:01:05.065+0000][info][gc,phases      ] GC(942)   Merge Heap Roots: 0.3ms
[2024-08-27T15:01:05.065+0000][info][gc,phases      ] GC(942)   Evacuate Collection Set: 9.6ms
[2024-08-27T15:01:05.065+0000][info][gc,phases      ] GC(942)   Post Evacuate Collection Set: 0.3ms
[2024-08-27T15:01:05.065+0000][info][gc,phases      ] GC(942)   Other: 0.2ms
[2024-08-27T15:01:05.065+0000][info][gc,heap        ] GC(942) Eden regions: 44->0(44)
[2024-08-27T15:01:05.065+0000][info][gc,heap        ] GC(942) Survivor regions: 7->7(7)
[2024-08-27T15:01:05.065+0000][info][gc,heap        ] GC(942) Old regions: 809->809
[2024-08-27T15:01:05.065+0000][info][gc,heap        ] GC(942) Archive regions: 2->2
[2024-08-27T15:01:05.065+0000][info][gc,heap        ] GC(942) Humongous regions: 5->5
[2024-08-27T15:01:05.065+0000][info][gc,metaspace   ] GC(942) Metaspace: 100K(320K)->100K(320K) NonClass: 96K(192K)->96K(192K) Class: 4K(128K)->4K(128K)
[2024-08-27T15:01:05.065+0000][info][gc             ] GC(942) Pause Young (Mixed) (G1 Evacuation Pause) 864M->821M(1024M) 10.755ms
[2024-08-27T15:01:05.066+0000][info][gc,cpu         ] GC(942) User=0.23s Sys=0.00s Real=0.01s
[2024-08-27T15:01:05.089+0000][info][gc,start       ] GC(943) Pause Young (Concurrent Start) (G1 Evacuation Pause)
[2024-08-27T15:01:05.089+0000][info][gc,task        ] GC(943) Using 24 workers of 68 for evacuation
[2024-08-27T15:01:05.100+0000][info][gc,phases      ] GC(943)   Pre Evacuate Collection Set: 0.2ms
[2024-08-27T15:01:05.100+0000][info][gc,phases      ] GC(943)   Merge Heap Roots: 0.3ms
[2024-08-27T15:01:05.100+0000][info][gc,phases      ] GC(943)   Evacuate Collection Set: 10.2ms
[2024-08-27T15:01:05.100+0000][info][gc,phases      ] GC(943)   Post Evacuate Collection Set: 0.3ms
[2024-08-27T15:01:05.100+0000][info][gc,phases      ] GC(943)   Other: 0.6ms
[2024-08-27T15:01:05.100+0000][info][gc,heap        ] GC(943) Eden regions: 44->0(44)
[2024-08-27T15:01:05.100+0000][info][gc,heap        ] GC(943) Survivor regions: 7->7(7)
[2024-08-27T15:01:05.100+0000][info][gc,heap        ] GC(943) Old regions: 809->857
[2024-08-27T15:01:05.100+0000][info][gc,heap        ] GC(943) Archive regions: 2->2
[2024-08-27T15:01:05.100+0000][info][gc,heap        ] GC(943) Humongous regions: 5->5
[2024-08-27T15:01:05.100+0000][info][gc,metaspace   ] GC(943) Metaspace: 100K(320K)->100K(320K) NonClass: 96K(192K)->96K(192K) Class: 4K(128K)->4K(128K)
[2024-08-27T15:01:05.100+0000][info][gc             ] GC(943) Pause Young (Concurrent Start) (G1 Evacuation Pause) 865M->869M(1024M) 11.579ms
[2024-08-27T15:01:05.100+0000][info][gc,cpu         ] GC(943) User=0.25s Sys=0.00s Real=0.02s
[2024-08-27T15:01:05.100+0000][info][gc             ] GC(944) Concurrent Mark Cycle
[2024-08-27T15:01:05.101+0000][info][gc,marking     ] GC(944) Concurrent Clear Claimed Marks
[2024-08-27T15:01:05.101+0000][info][gc,marking     ] GC(944) Concurrent Clear Claimed Marks 0.018ms
[2024-08-27T15:01:05.101+0000][info][gc,marking     ] GC(944) Concurrent Scan Root Regions
[2024-08-27T15:01:05.102+0000][info][gc,marking     ] GC(944) Concurrent Scan Root Regions 1.738ms
[2024-08-27T15:01:05.102+0000][info][gc,marking     ] GC(944) Concurrent Mark
[2024-08-27T15:01:05.102+0000][info][gc,marking     ] GC(944) Concurrent Mark From Roots
[2024-08-27T15:01:05.102+0000][info][gc,task        ] GC(944) Using 17 workers of 17 for marking
[2024-08-27T15:01:05.125+0000][info][gc,marking     ] GC(944) Concurrent Mark From Roots 22.604ms
[2024-08-27T15:01:05.125+0000][info][gc,marking     ] GC(944) Concurrent Preclean
[2024-08-27T15:01:05.126+0000][info][gc,marking     ] GC(944) Concurrent Preclean 1.074ms
[2024-08-27T15:01:05.127+0000][info][gc,start       ] GC(944) Pause Remark
[2024-08-27T15:01:05.128+0000][info][gc             ] GC(944) Pause Remark 903M->903M(1024M) 1.327ms
[2024-08-27T15:01:05.128+0000][info][gc,cpu         ] GC(944) User=0.01s Sys=0.00s Real=0.00s
[2024-08-27T15:01:05.128+0000][info][gc,marking     ] GC(944) Concurrent Mark 25.714ms
[2024-08-27T15:01:05.128+0000][info][gc,marking     ] GC(944) Concurrent Rebuild Remembered Sets
[2024-08-27T15:01:05.134+0000][info][gc,start       ] GC(945) Pause Young (Normal) (G1 Evacuation Pause)
[2024-08-27T15:01:05.134+0000][info][gc,task        ] GC(945) Using 24 workers of 68 for evacuation
[2024-08-27T15:01:05.145+0000][info][gc,phases      ] GC(945)   Pre Evacuate Collection Set: 0.1ms
[2024-08-27T15:01:05.145+0000][info][gc,phases      ] GC(945)   Merge Heap Roots: 0.3ms
[2024-08-27T15:01:05.145+0000][info][gc,phases      ] GC(945)   Evacuate Collection Set: 9.8ms
[2024-08-27T15:01:05.145+0000][info][gc,phases      ] GC(945)   Post Evacuate Collection Set: 0.4ms
[2024-08-27T15:01:05.145+0000][info][gc,phases      ] GC(945)   Other: 0.2ms
[2024-08-27T15:01:05.145+0000][info][gc,heap        ] GC(945) Eden regions: 44->0(44)
[2024-08-27T15:01:05.145+0000][info][gc,heap        ] GC(945) Survivor regions: 7->7(7)
[2024-08-27T15:01:05.145+0000][info][gc,heap        ] GC(945) Old regions: 857->904
[2024-08-27T15:01:05.145+0000][info][gc,heap        ] GC(945) Archive regions: 2->2
[2024-08-27T15:01:05.145+0000][info][gc,heap        ] GC(945) Humongous regions: 5->5
[2024-08-27T15:01:05.145+0000][info][gc,metaspace   ] GC(945) Metaspace: 100K(320K)->100K(320K) NonClass: 96K(192K)->96K(192K) Class: 4K(128K)->4K(128K)
[2024-08-27T15:01:05.145+0000][info][gc             ] GC(945) Pause Young (Normal) (G1 Evacuation Pause) 913M->916M(1024M) 10.986ms
[2024-08-27T15:01:05.145+0000][info][gc,cpu         ] GC(945) User=0.25s Sys=0.00s Real=0.01s
[2024-08-27T15:01:05.167+0000][info][gc,start       ] GC(946) Pause Young (Normal) (G1 Evacuation Pause)
[2024-08-27T15:01:05.167+0000][info][gc,task        ] GC(946) Using 24 workers of 68 for evacuation
[2024-08-27T15:01:05.181+0000][info][gc,phases      ] GC(946)   Pre Evacuate Collection Set: 0.2ms
[2024-08-27T15:01:05.181+0000][info][gc,phases      ] GC(946)   Merge Heap Roots: 0.4ms
[2024-08-27T15:01:05.181+0000][info][gc,phases      ] GC(946)   Evacuate Collection Set: 13.0ms
[2024-08-27T15:01:05.181+0000][info][gc,phases      ] GC(946)   Post Evacuate Collection Set: 0.5ms
[2024-08-27T15:01:05.181+0000][info][gc,phases      ] GC(946)   Other: 0.2ms
[2024-08-27T15:01:05.181+0000][info][gc,heap        ] GC(946) Eden regions: 44->0(44)
[2024-08-27T15:01:05.181+0000][info][gc,heap        ] GC(946) Survivor regions: 7->7(7)
[2024-08-27T15:01:05.181+0000][info][gc,heap        ] GC(946) Old regions: 904->949
[2024-08-27T15:01:05.181+0000][info][gc,heap        ] GC(946) Archive regions: 2->2
[2024-08-27T15:01:05.181+0000][info][gc,heap        ] GC(946) Humongous regions: 5->5
[2024-08-27T15:01:05.181+0000][info][gc,metaspace   ] GC(946) Metaspace: 100K(320K)->100K(320K) NonClass: 96K(192K)->96K(192K) Class: 4K(128K)->4K(128K)
[2024-08-27T15:01:05.181+0000][info][gc             ] GC(946) Pause Young (Normal) (G1 Evacuation Pause) 960M->961M(1024M) 14.256ms
[2024-08-27T15:01:05.181+0000][info][gc,cpu         ] GC(946) User=0.32s Sys=0.00s Real=0.02s
[2024-08-27T15:01:05.195+0000][info][gc,start       ] GC(947) Pause Young (Normal) (G1 Preventive Collection)
[2024-08-27T15:01:05.195+0000][info][gc,task        ] GC(947) Using 24 workers of 68 for evacuation
[2024-08-27T15:01:05.207+0000][info][gc,phases      ] GC(947)   Pre Evacuate Collection Set: 0.1ms
[2024-08-27T15:01:05.207+0000][info][gc,phases      ] GC(947)   Merge Heap Roots: 0.5ms
[2024-08-27T15:01:05.207+0000][info][gc,phases      ] GC(947)   Evacuate Collection Set: 11.4ms
[2024-08-27T15:01:05.207+0000][info][gc,phases      ] GC(947)   Post Evacuate Collection Set: 0.5ms
[2024-08-27T15:01:05.207+0000][info][gc,phases      ] GC(947)   Other: 0.2ms
[2024-08-27T15:01:05.207+0000][info][gc,heap        ] GC(947) Eden regions: 25->0(44)
[2024-08-27T15:01:05.207+0000][info][gc,heap        ] GC(947) Survivor regions: 7->7(7)
[2024-08-27T15:01:05.207+0000][info][gc,heap        ] GC(947) Old regions: 949->978
[2024-08-27T15:01:05.207+0000][info][gc,heap        ] GC(947) Archive regions: 2->2
[2024-08-27T15:01:05.207+0000][info][gc,heap        ] GC(947) Humongous regions: 5->5
[2024-08-27T15:01:05.207+0000][info][gc,metaspace   ] GC(947) Metaspace: 100K(320K)->100K(320K) NonClass: 96K(192K)->96K(192K) Class: 4K(128K)->4K(128K)
[2024-08-27T15:01:05.207+0000][info][gc             ] GC(947) Pause Young (Normal) (G1 Preventive Collection) 986M->990M(1024M) 12.784ms
[2024-08-27T15:01:05.207+0000][info][gc,cpu         ] GC(947) User=0.29s Sys=0.00s Real=0.01s
[2024-08-27T15:01:05.214+0000][info][gc,start       ] GC(948) Pause Young (Normal) (G1 Preventive Collection)
[2024-08-27T15:01:05.214+0000][info][gc,task        ] GC(948) Using 24 workers of 68 for evacuation
[2024-08-27T15:01:05.223+0000][info][gc,phases      ] GC(948)   Pre Evacuate Collection Set: 0.1ms
[2024-08-27T15:01:05.223+0000][info][gc,phases      ] GC(948)   Merge Heap Roots: 0.4ms
[2024-08-27T15:01:05.223+0000][info][gc,phases      ] GC(948)   Evacuate Collection Set: 8.6ms
[2024-08-27T15:01:05.223+0000][info][gc,phases      ] GC(948)   Post Evacuate Collection Set: 0.5ms
[2024-08-27T15:01:05.223+0000][info][gc,phases      ] GC(948)   Other: 0.1ms
[2024-08-27T15:01:05.223+0000][info][gc,heap        ] GC(948) Eden regions: 11->0(44)
[2024-08-27T15:01:05.223+0000][info][gc,heap        ] GC(948) Survivor regions: 7->7(7)
[2024-08-27T15:01:05.223+0000][info][gc,heap        ] GC(948) Old regions: 978->991
[2024-08-27T15:01:05.223+0000][info][gc,heap        ] GC(948) Archive regions: 2->2
[2024-08-27T15:01:05.223+0000][info][gc,heap        ] GC(948) Humongous regions: 5->5
[2024-08-27T15:01:05.223+0000][info][gc,metaspace   ] GC(948) Metaspace: 100K(320K)->100K(320K) NonClass: 96K(192K)->96K(192K) Class: 4K(128K)->4K(128K)
[2024-08-27T15:01:05.223+0000][info][gc             ] GC(948) Pause Young (Normal) (G1 Preventive Collection) 1001M->1003M(1024M) 9.870ms
[2024-08-27T15:01:05.223+0000][info][gc,cpu         ] GC(948) User=0.22s Sys=0.00s Real=0.01s
[2024-08-27T15:01:05.227+0000][info][gc,start       ] GC(949) Pause Young (Normal) (G1 Preventive Collection)
[2024-08-27T15:01:05.227+0000][info][gc,task        ] GC(949) Using 24 workers of 68 for evacuation
[2024-08-27T15:01:05.235+0000][info][gc             ] GC(949) To-space exhausted
[2024-08-27T15:01:05.235+0000][info][gc,phases      ] GC(949)   Pre Evacuate Collection Set: 0.1ms
[2024-08-27T15:01:05.235+0000][info][gc,phases      ] GC(949)   Merge Heap Roots: 0.6ms
[2024-08-27T15:01:05.235+0000][info][gc,phases      ] GC(949)   Evacuate Collection Set: 6.7ms
[2024-08-27T15:01:05.235+0000][info][gc,phases      ] GC(949)   Post Evacuate Collection Set: 0.7ms
[2024-08-27T15:01:05.235+0000][info][gc,phases      ] GC(949)   Other: 0.2ms
[2024-08-27T15:01:05.235+0000][info][gc,heap        ] GC(949) Eden regions: 5->0(46)
[2024-08-27T15:01:05.235+0000][info][gc,heap        ] GC(949) Survivor regions: 7->5(7)
[2024-08-27T15:01:05.235+0000][info][gc,heap        ] GC(949) Old regions: 991->1010
[2024-08-27T15:01:05.235+0000][info][gc,heap        ] GC(949) Archive regions: 2->2
[2024-08-27T15:01:05.235+0000][info][gc,heap        ] GC(949) Humongous regions: 5->5
[2024-08-27T15:01:05.235+0000][info][gc,metaspace   ] GC(949) Metaspace: 100K(320K)->100K(320K) NonClass: 96K(192K)->96K(192K) Class: 4K(128K)->4K(128K)
[2024-08-27T15:01:05.235+0000][info][gc             ] GC(949) Pause Young (Normal) (G1 Preventive Collection) 1008M->1020M(1024M) 8.353ms
[2024-08-27T15:01:05.235+0000][info][gc,cpu         ] GC(949) User=0.19s Sys=0.00s Real=0.01s
[2024-08-27T15:01:05.236+0000][info][gc,start       ] GC(950) Pause Young (Normal) (G1 Preventive Collection)
[2024-08-27T15:01:05.236+0000][info][gc,task        ] GC(950) Using 24 workers of 68 for evacuation
[2024-08-27T15:01:05.243+0000][info][gc             ] GC(950) To-space exhausted
[2024-08-27T15:01:05.243+0000][info][gc,phases      ] GC(950)   Pre Evacuate Collection Set: 0.1ms
[2024-08-27T15:01:05.243+0000][info][gc,phases      ] GC(950)   Merge Heap Roots: 0.6ms
[2024-08-27T15:01:05.243+0000][info][gc,phases      ] GC(950)   Evacuate Collection Set: 5.5ms
[2024-08-27T15:01:05.243+0000][info][gc,phases      ] GC(950)   Post Evacuate Collection Set: 0.8ms
[2024-08-27T15:01:05.243+0000][info][gc,phases      ] GC(950)   Other: 0.1ms
[2024-08-27T15:01:05.243+0000][info][gc,heap        ] GC(950) Eden regions: 1->0(50)
[2024-08-27T15:01:05.243+0000][info][gc,heap        ] GC(950) Survivor regions: 5->1(1)
[2024-08-27T15:01:05.243+0000][info][gc,heap        ] GC(950) Old regions: 1010->1016
[2024-08-27T15:01:05.243+0000][info][gc,heap        ] GC(950) Archive regions: 2->2
[2024-08-27T15:01:05.243+0000][info][gc,heap        ] GC(950) Humongous regions: 5->5
[2024-08-27T15:01:05.243+0000][info][gc,metaspace   ] GC(950) Metaspace: 100K(320K)->100K(320K) NonClass: 96K(192K)->96K(192K) Class: 4K(128K)->4K(128K)
[2024-08-27T15:01:05.243+0000][info][gc             ] GC(950) Pause Young (Normal) (G1 Preventive Collection) 1021M->1022M(1024M) 7.282ms
[2024-08-27T15:01:05.243+0000][info][gc,cpu         ] GC(950) User=0.15s Sys=0.00s Real=0.01s
[2024-08-27T15:01:05.243+0000][info][gc,ergo        ] Attempting full compaction
[2024-08-27T15:01:05.243+0000][info][gc,task        ] GC(951) Using 24 workers of 68 for full compaction
[2024-08-27T15:01:05.243+0000][info][gc,start       ] GC(951) Pause Full (G1 Compaction Pause)
[2024-08-27T15:01:05.244+0000][info][gc,phases,start] GC(951) Phase 1: Mark live objects
[2024-08-27T15:01:05.257+0000][info][gc,phases      ] GC(951) Phase 1: Mark live objects 13.349ms
[2024-08-27T15:01:05.257+0000][info][gc,phases,start] GC(951) Phase 2: Prepare for compaction
[2024-08-27T15:01:05.265+0000][info][gc,phases      ] GC(951) Phase 2: Prepare for compaction 7.969ms
[2024-08-27T15:01:05.265+0000][info][gc,phases,start] GC(951) Phase 3: Adjust pointers
[2024-08-27T15:01:05.280+0000][info][gc,phases      ] GC(951) Phase 3: Adjust pointers 14.799ms
[2024-08-27T15:01:05.280+0000][info][gc,phases,start] GC(951) Phase 4: Compact heap
[2024-08-27T15:01:05.308+0000][info][gc,phases      ] GC(951) Phase 4: Compact heap 28.091ms
[2024-08-27T15:01:05.309+0000][info][gc,heap        ] GC(951) Eden regions: 0->0(149)
[2024-08-27T15:01:05.310+0000][info][gc,heap        ] GC(951) Survivor regions: 1->0(1)
[2024-08-27T15:01:05.310+0000][info][gc,heap        ] GC(951) Old regions: 1016->445
[2024-08-27T15:01:05.310+0000][info][gc,heap        ] GC(951) Archive regions: 2->2
[2024-08-27T15:01:05.310+0000][info][gc,heap        ] GC(951) Humongous regions: 5->5
[2024-08-27T15:01:05.310+0000][info][gc,metaspace   ] GC(951) Metaspace: 100K(320K)->100K(320K) NonClass: 96K(192K)->96K(192K) Class: 4K(128K)->4K(128K)
[2024-08-27T15:01:05.310+0000][info][gc             ] GC(951) Pause Full (G1 Compaction Pause) 1022M->438M(1024M) 66.249ms
[2024-08-27T15:01:05.310+0000][info][gc,cpu         ] GC(951) User=1.41s Sys=0.00s Real=0.07s
[2024-08-27T15:01:05.310+0000][info][gc,marking     ] GC(944) Concurrent Rebuild Remembered Sets 181.708ms
[2024-08-27T15:01:05.310+0000][info][gc,marking     ] GC(944) Concurrent Mark Abort
[2024-08-27T15:01:05.310+0000][info][gc             ] GC(944) Concurrent Mark Cycle 209.440ms
[2024-08-27T15:01:05.385+0000][info][gc,start       ] GC(952) Pause Young (Normal) (G1 Evacuation Pause)
[2024-08-27T15:01:05.385+0000][info][gc,task        ] GC(952) Using 24 workers of 68 for evacuation
[2024-08-27T15:01:05.408+0000][info][gc,phases      ] GC(952)   Pre Evacuate Collection Set: 0.2ms
[2024-08-27T15:01:05.408+0000][info][gc,phases      ] GC(952)   Merge Heap Roots: 0.4ms
[2024-08-27T15:01:05.408+0000][info][gc,phases      ] GC(952)   Evacuate Collection Set: 22.3ms
[2024-08-27T15:01:05.408+0000][info][gc,phases      ] GC(952)   Post Evacuate Collection Set: 0.3ms
[2024-08-27T15:01:05.408+0000][info][gc,phases      ] GC(952)   Other: 0.2ms
[2024-08-27T15:01:05.408+0000][info][gc,heap        ] GC(952) Eden regions: 149->0(102)
[2024-08-27T15:01:05.408+0000][info][gc,heap        ] GC(952) Survivor regions: 0->19(19)
[2024-08-27T15:01:05.408+0000][info][gc,heap        ] GC(952) Old regions: 445->572
[2024-08-27T15:01:05.408+0000][info][gc,heap        ] GC(952) Archive regions: 2->2
[2024-08-27T15:01:05.409+0000][info][gc,heap        ] GC(952) Humongous regions: 5->5
[2024-08-27T15:01:05.409+0000][info][gc,metaspace   ] GC(952) Metaspace: 100K(320K)->100K(320K) NonClass: 96K(192K)->96K(192K) Class: 4K(128K)->4K(128K)
[2024-08-27T15:01:05.409+0000][info][gc             ] GC(952) Pause Young (Normal) (G1 Evacuation Pause) 587M->584M(1024M) 23.432ms
[2024-08-27T15:01:05.409+0000][info][gc,cpu         ] GC(952) User=0.54s Sys=0.00s Real=0.02s
[2024-08-27T15:01:05.453+0000][info][gc,start       ] GC(953) Pause Young (Concurrent Start) (G1 Evacuation Pause)
[2024-08-27T15:01:05.453+0000][info][gc,task        ] GC(953) Using 24 workers of 68 for evacuation
[2024-08-27T15:01:05.473+0000][info][gc,phases      ] GC(953)   Pre Evacuate Collection Set: 0.2ms
[2024-08-27T15:01:05.473+0000][info][gc,phases      ] GC(953)   Merge Heap Roots: 0.4ms
[2024-08-27T15:01:05.473+0000][info][gc,phases      ] GC(953)   Evacuate Collection Set: 18.6ms
[2024-08-27T15:01:05.473+0000][info][gc,phases      ] GC(953)   Post Evacuate Collection Set: 0.3ms
[2024-08-27T15:01:05.473+0000][info][gc,phases      ] GC(953)   Other: 0.6ms
[2024-08-27T15:01:05.473+0000][info][gc,heap        ] GC(953) Eden regions: 102->0(69)
[2024-08-27T15:01:05.473+0000][info][gc,heap        ] GC(953) Survivor regions: 19->16(16)
[2024-08-27T15:01:05.473+0000][info][gc,heap        ] GC(953) Old regions: 572->679
[2024-08-27T15:01:05.473+0000][info][gc,heap        ] GC(953) Archive regions: 2->2
[2024-08-27T15:01:05.473+0000][info][gc,heap        ] GC(953) Humongous regions: 5->5
[2024-08-27T15:01:05.474+0000][info][gc,metaspace   ] GC(953) Metaspace: 100K(320K)->100K(320K) NonClass: 96K(192K)->96K(192K) Class: 4K(128K)->4K(128K)
[2024-08-27T15:01:05.474+0000][info][gc             ] GC(953) Pause Young (Concurrent Start) (G1 Evacuation Pause) 686M->688M(1024M) 20.104ms
[2024-08-27T15:01:05.474+0000][info][gc,cpu         ] GC(953) User=0.45s Sys=0.00s Real=0.02s
[2024-08-27T15:01:05.474+0000][info][gc             ] GC(954) Concurrent Mark Cycle
[2024-08-27T15:01:05.474+0000][info][gc,marking     ] GC(954) Concurrent Clear Claimed Marks
[2024-08-27T15:01:05.474+0000][info][gc,marking     ] GC(954) Concurrent Clear Claimed Marks 0.019ms
[2024-08-27T15:01:05.474+0000][info][gc,marking     ] GC(954) Concurrent Scan Root Regions
[2024-08-27T15:01:05.477+0000][info][gc,marking     ] GC(954) Concurrent Scan Root Regions 3.264ms
[2024-08-27T15:01:05.477+0000][info][gc,marking     ] GC(954) Concurrent Mark
[2024-08-27T15:01:05.477+0000][info][gc,marking     ] GC(954) Concurrent Mark From Roots
[2024-08-27T15:01:05.477+0000][info][gc,task        ] GC(954) Using 17 workers of 17 for marking
[2024-08-27T15:01:05.496+0000][info][gc,marking     ] GC(954) Concurrent Mark From Roots 18.953ms
[2024-08-27T15:01:05.496+0000][info][gc,marking     ] GC(954) Concurrent Preclean
[2024-08-27T15:01:05.499+0000][info][gc,marking     ] GC(954) Concurrent Preclean 2.832ms
[2024-08-27T15:01:05.499+0000][info][gc,start       ] GC(954) Pause Remark
[2024-08-27T15:01:05.501+0000][info][gc             ] GC(954) Pause Remark 730M->730M(1024M) 1.110ms
[2024-08-27T15:01:05.501+0000][info][gc,cpu         ] GC(954) User=0.00s Sys=0.00s Real=0.00s
[2024-08-27T15:01:05.501+0000][info][gc,marking     ] GC(954) Concurrent Mark 23.481ms
[2024-08-27T15:01:05.501+0000][info][gc,marking     ] GC(954) Concurrent Rebuild Remembered Sets
[2024-08-27T15:01:05.513+0000][info][gc,start       ] GC(955) Pause Young (Normal) (G1 Evacuation Pause)
[2024-08-27T15:01:05.513+0000][info][gc,task        ] GC(955) Using 24 workers of 68 for evacuation
[2024-08-27T15:01:05.529+0000][info][gc,phases      ] GC(955)   Pre Evacuate Collection Set: 0.2ms
[2024-08-27T15:01:05.529+0000][info][gc,phases      ] GC(955)   Merge Heap Roots: 0.3ms
[2024-08-27T15:01:05.529+0000][info][gc,phases      ] GC(955)   Evacuate Collection Set: 15.2ms
[2024-08-27T15:01:05.529+0000][info][gc,phases      ] GC(955)   Post Evacuate Collection Set: 0.4ms
[2024-08-27T15:01:05.529+0000][info][gc,phases      ] GC(955)   Other: 0.2ms
[2024-08-27T15:01:05.529+0000][info][gc,heap        ] GC(955) Eden regions: 69->0(46)
[2024-08-27T15:01:05.529+0000][info][gc,heap        ] GC(955) Survivor regions: 16->11(11)
[2024-08-27T15:01:05.529+0000][info][gc,heap        ] GC(955) Old regions: 679->756
[2024-08-27T15:01:05.529+0000][info][gc,heap        ] GC(955) Archive regions: 2->2
[2024-08-27T15:01:05.529+0000][info][gc,heap        ] GC(955) Humongous regions: 5->5
[2024-08-27T15:01:05.529+0000][info][gc,metaspace   ] GC(955) Metaspace: 100K(320K)->100K(320K) NonClass: 96K(192K)->96K(192K) Class: 4K(128K)->4K(128K)
[2024-08-27T15:01:05.529+0000][info][gc             ] GC(955) Pause Young (Normal) (G1 Evacuation Pause) 757M->760M(1024M) 16.331ms
[2024-08-27T15:01:05.529+0000][info][gc,cpu         ] GC(955) User=0.36s Sys=0.01s Real=0.01s
[2024-08-27T15:01:05.550+0000][info][gc,start       ] GC(956) Pause Young (Normal) (G1 Evacuation Pause)
[2024-08-27T15:01:05.550+0000][info][gc,task        ] GC(956) Using 24 workers of 68 for evacuation
[2024-08-27T15:01:05.568+0000][info][gc,phases      ] GC(956)   Pre Evacuate Collection Set: 0.1ms
[2024-08-27T15:01:05.568+0000][info][gc,phases      ] GC(956)   Merge Heap Roots: 0.5ms
[2024-08-27T15:01:05.568+0000][info][gc,phases      ] GC(956)   Evacuate Collection Set: 16.6ms
[2024-08-27T15:01:05.568+0000][info][gc,phases      ] GC(956)   Post Evacuate Collection Set: 0.5ms
[2024-08-27T15:01:05.568+0000][info][gc,phases      ] GC(956)   Other: 0.2ms
[2024-08-27T15:01:05.568+0000][info][gc,heap        ] GC(956) Eden regions: 46->0(43)
[2024-08-27T15:01:05.568+0000][info][gc,heap        ] GC(956) Survivor regions: 11->8(8)
[2024-08-27T15:01:05.568+0000][info][gc,heap        ] GC(956) Old regions: 756->809
[2024-08-27T15:01:05.568+0000][info][gc,heap        ] GC(956) Archive regions: 2->2
[2024-08-27T15:01:05.568+0000][info][gc,heap        ] GC(956) Humongous regions: 5->5
[2024-08-27T15:01:05.568+0000][info][gc,metaspace   ] GC(956) Metaspace: 100K(320K)->100K(320K) NonClass: 96K(192K)->96K(192K) Class: 4K(128K)->4K(128K)
[2024-08-27T15:01:05.568+0000][info][gc             ] GC(956) Pause Young (Normal) (G1 Evacuation Pause) 806M->809M(1024M) 18.017ms
[2024-08-27T15:01:05.568+0000][info][gc,cpu         ] GC(956) User=0.42s Sys=0.00s Real=0.01s
[2024-08-27T15:01:05.588+0000][info][gc,start       ] GC(957) Pause Young (Normal) (G1 Evacuation Pause)
[2024-08-27T15:01:05.588+0000][info][gc,task        ] GC(957) Using 24 workers of 68 for evacuation
[2024-08-27T15:01:05.605+0000][info][gc,phases      ] GC(957)   Pre Evacuate Collection Set: 0.2ms
[2024-08-27T15:01:05.605+0000][info][gc,phases      ] GC(957)   Merge Heap Roots: 0.4ms
[2024-08-27T15:01:05.605+0000][info][gc,phases      ] GC(957)   Evacuate Collection Set: 15.2ms
[2024-08-27T15:01:05.605+0000][info][gc,phases      ] GC(957)   Post Evacuate Collection Set: 0.7ms
[2024-08-27T15:01:05.605+0000][info][gc,phases      ] GC(957)   Other: 0.3ms
[2024-08-27T15:01:05.605+0000][info][gc,heap        ] GC(957) Eden regions: 43->0(44)
[2024-08-27T15:01:05.605+0000][info][gc,heap        ] GC(957) Survivor regions: 8->7(7)
[2024-08-27T15:01:05.605+0000][info][gc,heap        ] GC(957) Old regions: 809->857
[2024-08-27T15:01:05.605+0000][info][gc,heap        ] GC(957) Archive regions: 2->2
[2024-08-27T15:01:05.605+0000][info][gc,heap        ] GC(957) Humongous regions: 5->5
[2024-08-27T15:01:05.605+0000][info][gc,metaspace   ] GC(957) Metaspace: 100K(320K)->100K(320K) NonClass: 96K(192K)->96K(192K) Class: 4K(128K)->4K(128K)
[2024-08-27T15:01:05.605+0000][info][gc             ] GC(957) Pause Young (Normal) (G1 Evacuation Pause) 852M->856M(1024M) 16.792ms
[2024-08-27T15:01:05.605+0000][info][gc,cpu         ] GC(957) User=0.38s Sys=0.00s Real=0.02s
[2024-08-27T15:01:05.613+0000][info][gc,marking     ] GC(954) Concurrent Rebuild Remembered Sets 112.010ms
[2024-08-27T15:01:05.613+0000][info][gc,start       ] GC(954) Pause Cleanup
[2024-08-27T15:01:05.614+0000][info][gc             ] GC(954) Pause Cleanup 873M->873M(1024M) 1.115ms
[2024-08-27T15:01:05.614+0000][info][gc,cpu         ] GC(954) User=0.00s Sys=0.00s Real=0.00s
[2024-08-27T15:01:05.614+0000][info][gc,marking     ] GC(954) Concurrent Cleanup for Next Mark
[2024-08-27T15:01:05.615+0000][info][gc,marking     ] GC(954) Concurrent Cleanup for Next Mark 0.611ms
[2024-08-27T15:01:05.615+0000][info][gc             ] GC(954) Concurrent Mark Cycle 140.941ms
[2024-08-27T15:01:05.627+0000][info][gc,start       ] GC(958) Pause Young (Prepare Mixed) (G1 Evacuation Pause)
[2024-08-27T15:01:05.627+0000][info][gc,task        ] GC(958) Using 24 workers of 68 for evacuation
[2024-08-27T15:01:05.645+0000][info][gc,phases      ] GC(958)   Pre Evacuate Collection Set: 0.2ms
[2024-08-27T15:01:05.645+0000][info][gc,phases      ] GC(958)   Merge Heap Roots: 0.7ms
[2024-08-27T15:01:05.645+0000][info][gc,phases      ] GC(958)   Evacuate Collection Set: 16.6ms
[2024-08-27T15:01:05.645+0000][info][gc,phases      ] GC(958)   Post Evacuate Collection Set: 0.3ms
[2024-08-27T15:01:05.645+0000][info][gc,phases      ] GC(958)   Other: 0.2ms
[2024-08-27T15:01:05.645+0000][info][gc,heap        ] GC(958) Eden regions: 44->0(44)
[2024-08-27T15:01:05.645+0000][info][gc,heap        ] GC(958) Survivor regions: 7->7(7)
[2024-08-27T15:01:05.645+0000][info][gc,heap        ] GC(958) Old regions: 857->904
[2024-08-27T15:01:05.645+0000][info][gc,heap        ] GC(958) Archive regions: 2->2
[2024-08-27T15:01:05.645+0000][info][gc,heap        ] GC(958) Humongous regions: 5->5
[2024-08-27T15:01:05.645+0000][info][gc,metaspace   ] GC(958) Metaspace: 100K(320K)->100K(320K) NonClass: 96K(192K)->96K(192K) Class: 4K(128K)->4K(128K)
[2024-08-27T15:01:05.645+0000][info][gc             ] GC(958) Pause Young (Prepare Mixed) (G1 Evacuation Pause) 900M->903M(1024M) 18.067ms
[2024-08-27T15:01:05.646+0000][info][gc,cpu         ] GC(958) User=0.41s Sys=0.00s Real=0.02s
[2024-08-27T15:01:05.668+0000][info][gc,start       ] GC(959) Pause Young (Mixed) (G1 Evacuation Pause)
[2024-08-27T15:01:05.668+0000][info][gc,task        ] GC(959) Using 24 workers of 68 for evacuation
[2024-08-27T15:01:05.681+0000][info][gc,phases      ] GC(959)   Pre Evacuate Collection Set: 0.2ms
[2024-08-27T15:01:05.681+0000][info][gc,phases      ] GC(959)   Merge Heap Roots: 0.4ms
[2024-08-27T15:01:05.681+0000][info][gc,phases      ] GC(959)   Evacuate Collection Set: 11.4ms
[2024-08-27T15:01:05.681+0000][info][gc,phases      ] GC(959)   Post Evacuate Collection Set: 0.4ms
[2024-08-27T15:01:05.681+0000][info][gc,phases      ] GC(959)   Other: 0.3ms
[2024-08-27T15:01:05.681+0000][info][gc,heap        ] GC(959) Eden regions: 44->0(44)
[2024-08-27T15:01:05.681+0000][info][gc,heap        ] GC(959) Survivor regions: 7->7(7)
[2024-08-27T15:01:05.681+0000][info][gc,heap        ] GC(959) Old regions: 904->848
[2024-08-27T15:01:05.681+0000][info][gc,heap        ] GC(959) Archive regions: 2->2
[2024-08-27T15:01:05.681+0000][info][gc,heap        ] GC(959) Humongous regions: 5->5
[2024-08-27T15:01:05.681+0000][info][gc,metaspace   ] GC(959) Metaspace: 100K(320K)->100K(320K) NonClass: 96K(192K)->96K(192K) Class: 4K(128K)->4K(128K)
[2024-08-27T15:01:05.681+0000][info][gc             ] GC(959) Pause Young (Mixed) (G1 Evacuation Pause) 947M->848M(1024M) 12.737ms
[2024-08-27T15:01:05.681+0000][info][gc,cpu         ] GC(959) User=0.28s Sys=0.00s Real=0.02s
[2024-08-27T15:01:05.702+0000][info][gc,start       ] GC(960) Pause Young (Mixed) (G1 Evacuation Pause)
[2024-08-27T15:01:05.702+0000][info][gc,task        ] GC(960) Using 24 workers of 68 for evacuation
[2024-08-27T15:01:05.714+0000][info][gc,phases      ] GC(960)   Pre Evacuate Collection Set: 0.2ms
[2024-08-27T15:01:05.714+0000][info][gc,phases      ] GC(960)   Merge Heap Roots: 0.4ms
[2024-08-27T15:01:05.714+0000][info][gc,phases      ] GC(960)   Evacuate Collection Set: 11.0ms
[2024-08-27T15:01:05.714+0000][info][gc,phases      ] GC(960)   Post Evacuate Collection Set: 0.3ms
[2024-08-27T15:01:05.714+0000][info][gc,phases      ] GC(960)   Other: 0.2ms
[2024-08-27T15:01:05.714+0000][info][gc,heap        ] GC(960) Eden regions: 44->0(44)
[2024-08-27T15:01:05.714+0000][info][gc,heap        ] GC(960) Survivor regions: 7->7(7)
[2024-08-27T15:01:05.714+0000][info][gc,heap        ] GC(960) Old regions: 848->804
[2024-08-27T15:01:05.714+0000][info][gc,heap        ] GC(960) Archive regions: 2->2
[2024-08-27T15:01:05.714+0000][info][gc,heap        ] GC(960) Humongous regions: 5->5
[2024-08-27T15:01:05.714+0000][info][gc,metaspace   ] GC(960) Metaspace: 100K(320K)->100K(320K) NonClass: 96K(192K)->96K(192K) Class: 4K(128K)->4K(128K)
[2024-08-27T15:01:05.714+0000][info][gc             ] GC(960) Pause Young (Mixed) (G1 Evacuation Pause) 892M->807M(1024M) 12.199ms
[2024-08-27T15:01:05.714+0000][info][gc,cpu         ] GC(960) User=0.28s Sys=0.00s Real=0.01s
[2024-08-27T15:01:05.733+0000][info][gc,start       ] GC(961) Pause Young (Concurrent Start) (G1 Evacuation Pause)
[2024-08-27T15:01:05.733+0000][info][gc,task        ] GC(961) Using 24 workers of 68 for evacuation
[2024-08-27T15:01:05.744+0000][info][gc,phases      ] GC(961)   Pre Evacuate Collection Set: 0.1ms
[2024-08-27T15:01:05.744+0000][info][gc,phases      ] GC(961)   Merge Heap Roots: 0.3ms
[2024-08-27T15:01:05.744+0000][info][gc,phases      ] GC(961)   Evacuate Collection Set: 9.3ms
[2024-08-27T15:01:05.744+0000][info][gc,phases      ] GC(961)   Post Evacuate Collection Set: 0.3ms
[2024-08-27T15:01:05.744+0000][info][gc,phases      ] GC(961)   Other: 0.6ms
[2024-08-27T15:01:05.744+0000][info][gc,heap        ] GC(961) Eden regions: 44->0(44)
[2024-08-27T15:01:05.744+0000][info][gc,heap        ] GC(961) Survivor regions: 7->7(7)
[2024-08-27T15:01:05.744+0000][info][gc,heap        ] GC(961) Old regions: 804->850
[2024-08-27T15:01:05.744+0000][info][gc,heap        ] GC(961) Archive regions: 2->2
[2024-08-27T15:01:05.744+0000][info][gc,heap        ] GC(961) Humongous regions: 5->5
[2024-08-27T15:01:05.744+0000][info][gc,metaspace   ] GC(961) Metaspace: 100K(320K)->100K(320K) NonClass: 96K(192K)->96K(192K) Class: 4K(128K)->4K(128K)
[2024-08-27T15:01:05.744+0000][info][gc             ] GC(961) Pause Young (Concurrent Start) (G1 Evacuation Pause) 851M->853M(1024M) 10.820ms
[2024-08-27T15:01:05.744+0000][info][gc,cpu         ] GC(961) User=0.23s Sys=0.00s Real=0.01s
[2024-08-27T15:01:05.744+0000][info][gc             ] GC(962) Concurrent Mark Cycle
[2024-08-27T15:01:05.744+0000][info][gc,marking     ] GC(962) Concurrent Clear Claimed Marks
[2024-08-27T15:01:05.744+0000][info][gc,marking     ] GC(962) Concurrent Clear Claimed Marks 0.014ms
[2024-08-27T15:01:05.744+0000][info][gc,marking     ] GC(962) Concurrent Scan Root Regions
[2024-08-27T15:01:05.746+0000][info][gc,marking     ] GC(962) Concurrent Scan Root Regions 1.641ms
[2024-08-27T15:01:05.746+0000][info][gc,marking     ] GC(962) Concurrent Mark
[2024-08-27T15:01:05.746+0000][info][gc,marking     ] GC(962) Concurrent Mark From Roots
[2024-08-27T15:01:05.746+0000][info][gc,task        ] GC(962) Using 17 workers of 17 for marking
[2024-08-27T15:01:05.768+0000][info][gc,marking     ] GC(962) Concurrent Mark From Roots 21.984ms
[2024-08-27T15:01:05.768+0000][info][gc,marking     ] GC(962) Concurrent Preclean
[2024-08-27T15:01:05.768+0000][info][gc,marking     ] GC(962) Concurrent Preclean 0.700ms
[2024-08-27T15:01:05.769+0000][info][gc,start       ] GC(962) Pause Remark
[2024-08-27T15:01:05.770+0000][info][gc             ] GC(962) Pause Remark 894M->894M(1024M) 1.210ms
[2024-08-27T15:01:05.770+0000][info][gc,cpu         ] GC(962) User=0.00s Sys=0.00s Real=0.01s
[2024-08-27T15:01:05.770+0000][info][gc,marking     ] GC(962) Concurrent Mark 24.276ms
[2024-08-27T15:01:05.770+0000][info][gc,marking     ] GC(962) Concurrent Rebuild Remembered Sets
[2024-08-27T15:01:05.772+0000][info][gc,start       ] GC(963) Pause Young (Normal) (G1 Evacuation Pause)
[2024-08-27T15:01:05.772+0000][info][gc,task        ] GC(963) Using 24 workers of 68 for evacuation
[2024-08-27T15:01:05.782+0000][info][gc,phases      ] GC(963)   Pre Evacuate Collection Set: 0.1ms
[2024-08-27T15:01:05.782+0000][info][gc,phases      ] GC(963)   Merge Heap Roots: 0.3ms
[2024-08-27T15:01:05.782+0000][info][gc,phases      ] GC(963)   Evacuate Collection Set: 9.2ms
[2024-08-27T15:01:05.782+0000][info][gc,phases      ] GC(963)   Post Evacuate Collection Set: 0.4ms
[2024-08-27T15:01:05.782+0000][info][gc,phases      ] GC(963)   Other: 0.2ms
[2024-08-27T15:01:05.782+0000][info][gc,heap        ] GC(963) Eden regions: 44->0(44)
[2024-08-27T15:01:05.782+0000][info][gc,heap        ] GC(963) Survivor regions: 7->7(7)
[2024-08-27T15:01:05.782+0000][info][gc,heap        ] GC(963) Old regions: 850->897
[2024-08-27T15:01:05.782+0000][info][gc,heap        ] GC(963) Archive regions: 2->2
[2024-08-27T15:01:05.782+0000][info][gc,heap        ] GC(963) Humongous regions: 5->5
[2024-08-27T15:01:05.782+0000][info][gc,metaspace   ] GC(963) Metaspace: 100K(320K)->100K(320K) NonClass: 96K(192K)->96K(192K) Class: 4K(128K)->4K(128K)
[2024-08-27T15:01:05.782+0000][info][gc             ] GC(963) Pause Young (Normal) (G1 Evacuation Pause) 897M->900M(1024M) 10.382ms
[2024-08-27T15:01:05.782+0000][info][gc,cpu         ] GC(963) User=0.22s Sys=0.00s Real=0.01s
[2024-08-27T15:01:05.802+0000][info][gc,start       ] GC(964) Pause Young (Normal) (G1 Evacuation Pause)
[2024-08-27T15:01:05.802+0000][info][gc,task        ] GC(964) Using 24 workers of 68 for evacuation
[2024-08-27T15:01:05.816+0000][info][gc,phases      ] GC(964)   Pre Evacuate Collection Set: 0.2ms
[2024-08-27T15:01:05.816+0000][info][gc,phases      ] GC(964)   Merge Heap Roots: 0.5ms
[2024-08-27T15:01:05.816+0000][info][gc,phases      ] GC(964)   Evacuate Collection Set: 12.4ms
[2024-08-27T15:01:05.816+0000][info][gc,phases      ] GC(964)   Post Evacuate Collection Set: 0.5ms
[2024-08-27T15:01:05.816+0000][info][gc,phases      ] GC(964)   Other: 0.3ms
[2024-08-27T15:01:05.816+0000][info][gc,heap        ] GC(964) Eden regions: 44->0(44)
[2024-08-27T15:01:05.816+0000][info][gc,heap        ] GC(964) Survivor regions: 7->7(7)
[2024-08-27T15:01:05.816+0000][info][gc,heap        ] GC(964) Old regions: 897->944
[2024-08-27T15:01:05.816+0000][info][gc,heap        ] GC(964) Archive regions: 2->2
[2024-08-27T15:01:05.816+0000][info][gc,heap        ] GC(964) Humongous regions: 5->5
[2024-08-27T15:01:05.816+0000][info][gc,metaspace   ] GC(964) Metaspace: 100K(320K)->100K(320K) NonClass: 96K(192K)->96K(192K) Class: 4K(128K)->4K(128K)
[2024-08-27T15:01:05.816+0000][info][gc             ] GC(964) Pause Young (Normal) (G1 Evacuation Pause) 944M->947M(1024M) 14.021ms
[2024-08-27T15:01:05.816+0000][info][gc,cpu         ] GC(964) User=0.31s Sys=0.00s Real=0.01s
[2024-08-27T15:01:05.830+0000][info][gc,start       ] GC(965) Pause Young (Normal) (G1 Preventive Collection)
[2024-08-27T15:01:05.830+0000][info][gc,task        ] GC(965) Using 24 workers of 68 for evacuation
[2024-08-27T15:01:05.843+0000][info][gc,phases      ] GC(965)   Pre Evacuate Collection Set: 0.2ms
[2024-08-27T15:01:05.843+0000][info][gc,phases      ] GC(965)   Merge Heap Roots: 0.4ms
[2024-08-27T15:01:05.843+0000][info][gc,phases      ] GC(965)   Evacuate Collection Set: 12.2ms
[2024-08-27T15:01:05.843+0000][info][gc,phases      ] GC(965)   Post Evacuate Collection Set: 0.6ms
[2024-08-27T15:01:05.843+0000][info][gc,phases      ] GC(965)   Other: 0.3ms
[2024-08-27T15:01:05.843+0000][info][gc,heap        ] GC(965) Eden regions: 28->0(44)
[2024-08-27T15:01:05.843+0000][info][gc,heap        ] GC(965) Survivor regions: 7->7(7)
[2024-08-27T15:01:05.843+0000][info][gc,heap        ] GC(965) Old regions: 944->974
[2024-08-27T15:01:05.843+0000][info][gc,heap        ] GC(965) Archive regions: 2->2
[2024-08-27T15:01:05.843+0000][info][gc,heap        ] GC(965) Humongous regions: 5->5
[2024-08-27T15:01:05.843+0000][info][gc,metaspace   ] GC(965) Metaspace: 100K(320K)->100K(320K) NonClass: 96K(192K)->96K(192K) Class: 4K(128K)->4K(128K)
[2024-08-27T15:01:05.843+0000][info][gc             ] GC(965) Pause Young (Normal) (G1 Preventive Collection) 975M->978M(1024M) 13.859ms
[2024-08-27T15:01:05.843+0000][info][gc,cpu         ] GC(965) User=0.30s Sys=0.00s Real=0.01s
[2024-08-27T15:01:05.850+0000][info][gc,start       ] GC(966) Pause Young (Normal) (G1 Preventive Collection)
[2024-08-27T15:01:05.850+0000][info][gc,task        ] GC(966) Using 24 workers of 68 for evacuation
[2024-08-27T15:01:05.861+0000][info][gc,phases      ] GC(966)   Pre Evacuate Collection Set: 0.2ms
[2024-08-27T15:01:05.861+0000][info][gc,phases      ] GC(966)   Merge Heap Roots: 0.6ms
[2024-08-27T15:01:05.861+0000][info][gc,phases      ] GC(966)   Evacuate Collection Set: 9.1ms
[2024-08-27T15:01:05.861+0000][info][gc,phases      ] GC(966)   Post Evacuate Collection Set: 0.6ms
[2024-08-27T15:01:05.861+0000][info][gc,phases      ] GC(966)   Other: 0.3ms
[2024-08-27T15:01:05.861+0000][info][gc,heap        ] GC(966) Eden regions: 13->0(44)
[2024-08-27T15:01:05.861+0000][info][gc,heap        ] GC(966) Survivor regions: 7->7(7)
[2024-08-27T15:01:05.861+0000][info][gc,heap        ] GC(966) Old regions: 974->990
[2024-08-27T15:01:05.861+0000][info][gc,heap        ] GC(966) Archive regions: 2->2
[2024-08-27T15:01:05.861+0000][info][gc,heap        ] GC(966) Humongous regions: 5->5
[2024-08-27T15:01:05.861+0000][info][gc,metaspace   ] GC(966) Metaspace: 100K(320K)->100K(320K) NonClass: 96K(192K)->96K(192K) Class: 4K(128K)->4K(128K)
[2024-08-27T15:01:05.861+0000][info][gc             ] GC(966) Pause Young (Normal) (G1 Preventive Collection) 991M->994M(1024M) 10.939ms
[2024-08-27T15:01:05.861+0000][info][gc,cpu         ] GC(966) User=0.23s Sys=0.00s Real=0.01s
[2024-08-27T15:01:05.865+0000][info][gc,start       ] GC(967) Pause Young (Normal) (G1 Preventive Collection)
[2024-08-27T15:01:05.865+0000][info][gc,task        ] GC(967) Using 24 workers of 68 for evacuation
[2024-08-27T15:01:05.873+0000][info][gc             ] GC(967) To-space exhausted
[2024-08-27T15:01:05.873+0000][info][gc,phases      ] GC(967)   Pre Evacuate Collection Set: 0.2ms
[2024-08-27T15:01:05.873+0000][info][gc,phases      ] GC(967)   Merge Heap Roots: 0.4ms
[2024-08-27T15:01:05.873+0000][info][gc,phases      ] GC(967)   Evacuate Collection Set: 7.1ms
[2024-08-27T15:01:05.873+0000][info][gc,phases      ] GC(967)   Post Evacuate Collection Set: 0.7ms
[2024-08-27T15:01:05.873+0000][info][gc,phases      ] GC(967)   Other: 0.3ms
[2024-08-27T15:01:05.873+0000][info][gc,heap        ] GC(967) Eden regions: 5->0(45)
[2024-08-27T15:01:05.873+0000][info][gc,heap        ] GC(967) Survivor regions: 7->6(7)
[2024-08-27T15:01:05.873+0000][info][gc,heap        ] GC(967) Old regions: 990->1005
[2024-08-27T15:01:05.873+0000][info][gc,heap        ] GC(967) Archive regions: 2->2
[2024-08-27T15:01:05.873+0000][info][gc,heap        ] GC(967) Humongous regions: 5->5
[2024-08-27T15:01:05.873+0000][info][gc,metaspace   ] GC(967) Metaspace: 100K(320K)->100K(320K) NonClass: 96K(192K)->96K(192K) Class: 4K(128K)->4K(128K)
[2024-08-27T15:01:05.873+0000][info][gc             ] GC(967) Pause Young (Normal) (G1 Preventive Collection) 999M->1008M(1024M) 8.832ms
[2024-08-27T15:01:05.873+0000][info][gc,cpu         ] GC(967) User=0.18s Sys=0.00s Real=0.01s
[2024-08-27T15:01:05.874+0000][info][gc,start       ] GC(968) Pause Young (Normal) (G1 Preventive Collection)
[2024-08-27T15:01:05.874+0000][info][gc,task        ] GC(968) Using 24 workers of 68 for evacuation
[2024-08-27T15:01:05.882+0000][info][gc             ] GC(968) To-space exhausted
[2024-08-27T15:01:05.882+0000][info][gc,phases      ] GC(968)   Pre Evacuate Collection Set: 0.1ms
[2024-08-27T15:01:05.882+0000][info][gc,phases      ] GC(968)   Merge Heap Roots: 0.6ms
[2024-08-27T15:01:05.882+0000][info][gc,phases      ] GC(968)   Evacuate Collection Set: 5.9ms
[2024-08-27T15:01:05.882+0000][info][gc,phases      ] GC(968)   Post Evacuate Collection Set: 0.8ms
[2024-08-27T15:01:05.882+0000][info][gc,phases      ] GC(968)   Other: 0.3ms
[2024-08-27T15:01:05.882+0000][info][gc,heap        ] GC(968) Eden regions: 1->0(50)
[2024-08-27T15:01:05.882+0000][info][gc,heap        ] GC(968) Survivor regions: 6->1(5)
[2024-08-27T15:01:05.882+0000][info][gc,heap        ] GC(968) Old regions: 1005->1016
[2024-08-27T15:01:05.882+0000][info][gc,heap        ] GC(968) Archive regions: 2->2
[2024-08-27T15:01:05.882+0000][info][gc,heap        ] GC(968) Humongous regions: 5->5
[2024-08-27T15:01:05.882+0000][info][gc,metaspace   ] GC(968) Metaspace: 100K(320K)->100K(320K) NonClass: 96K(192K)->96K(192K) Class: 4K(128K)->4K(128K)
[2024-08-27T15:01:05.882+0000][info][gc             ] GC(968) Pause Young (Normal) (G1 Preventive Collection) 1009M->1014M(1024M) 7.846ms
[2024-08-27T15:01:05.882+0000][info][gc,cpu         ] GC(968) User=0.15s Sys=0.01s Real=0.01s
[2024-08-27T15:01:05.882+0000][info][gc,ergo        ] Attempting full compaction
[2024-08-27T15:01:05.882+0000][info][gc,task        ] GC(969) Using 24 workers of 68 for full compaction
[2024-08-27T15:01:05.883+0000][info][gc,start       ] GC(969) Pause Full (G1 Compaction Pause)
[2024-08-27T15:01:05.883+0000][info][gc,phases,start] GC(969) Phase 1: Mark live objects
[2024-08-27T15:01:05.898+0000][info][gc,phases      ] GC(969) Phase 1: Mark live objects 14.449ms
[2024-08-27T15:01:05.898+0000][info][gc,phases,start] GC(969) Phase 2: Prepare for compaction
[2024-08-27T15:01:05.906+0000][info][gc,phases      ] GC(969) Phase 2: Prepare for compaction 8.048ms
[2024-08-27T15:01:05.906+0000][info][gc,phases,start] GC(969) Phase 3: Adjust pointers
[2024-08-27T15:01:05.920+0000][info][gc,phases      ] GC(969) Phase 3: Adjust pointers 14.122ms
[2024-08-27T15:01:05.920+0000][info][gc,phases,start] GC(969) Phase 4: Compact heap
[2024-08-27T15:01:05.950+0000][info][gc,phases      ] GC(969) Phase 4: Compact heap 30.241ms
[2024-08-27T15:01:05.952+0000][info][gc,heap        ] GC(969) Eden regions: 0->0(150)
[2024-08-27T15:01:05.952+0000][info][gc,heap        ] GC(969) Survivor regions: 1->0(5)
[2024-08-27T15:01:05.952+0000][info][gc,heap        ] GC(969) Old regions: 1016->443
[2024-08-27T15:01:05.952+0000][info][gc,heap        ] GC(969) Archive regions: 2->2
[2024-08-27T15:01:05.952+0000][info][gc,heap        ] GC(969) Humongous regions: 5->5
[2024-08-27T15:01:05.952+0000][info][gc,metaspace   ] GC(969) Metaspace: 100K(320K)->100K(320K) NonClass: 96K(192K)->96K(192K) Class: 4K(128K)->4K(128K)
[2024-08-27T15:01:05.952+0000][info][gc             ] GC(969) Pause Full (G1 Compaction Pause) 1014M->437M(1024M) 68.983ms
[2024-08-27T15:01:05.952+0000][info][gc,cpu         ] GC(969) User=1.48s Sys=0.01s Real=0.07s
[2024-08-27T15:01:05.952+0000][info][gc,marking     ] GC(962) Concurrent Rebuild Remembered Sets 182.080ms
[2024-08-27T15:01:05.952+0000][info][gc,marking     ] GC(962) Concurrent Mark Abort
[2024-08-27T15:01:05.952+0000][info][gc             ] GC(962) Concurrent Mark Cycle 208.187ms
[2024-08-27T15:01:06.018+0000][info][gc,start       ] GC(970) Pause Young (Normal) (G1 Evacuation Pause)
[2024-08-27T15:01:06.018+0000][info][gc,task        ] GC(970) Using 24 workers of 68 for evacuation
[2024-08-27T15:01:06.042+0000][info][gc,phases      ] GC(970)   Pre Evacuate Collection Set: 0.1ms
[2024-08-27T15:01:06.042+0000][info][gc,phases      ] GC(970)   Merge Heap Roots: 0.4ms
[2024-08-27T15:01:06.042+0000][info][gc,phases      ] GC(970)   Evacuate Collection Set: 22.4ms
[2024-08-27T15:01:06.042+0000][info][gc,phases      ] GC(970)   Post Evacuate Collection Set: 0.4ms
[2024-08-27T15:01:06.042+0000][info][gc,phases      ] GC(970)   Other: 0.2ms
[2024-08-27T15:01:06.042+0000][info][gc,heap        ] GC(970) Eden regions: 150->0(103)
[2024-08-27T15:01:06.042+0000][info][gc,heap        ] GC(970) Survivor regions: 0->19(19)
[2024-08-27T15:01:06.042+0000][info][gc,heap        ] GC(970) Old regions: 443->570
[2024-08-27T15:01:06.042+0000][info][gc,heap        ] GC(970) Archive regions: 2->2
[2024-08-27T15:01:06.042+0000][info][gc,heap        ] GC(970) Humongous regions: 5->5
[2024-08-27T15:01:06.042+0000][info][gc,metaspace   ] GC(970) Metaspace: 100K(320K)->100K(320K) NonClass: 96K(192K)->96K(192K) Class: 4K(128K)->4K(128K)
[2024-08-27T15:01:06.042+0000][info][gc             ] GC(970) Pause Young (Normal) (G1 Evacuation Pause) 587M->583M(1024M) 23.544ms
[2024-08-27T15:01:06.042+0000][info][gc,cpu         ] GC(970) User=0.54s Sys=0.00s Real=0.02s
[2024-08-27T15:01:06.086+0000][info][gc,start       ] GC(971) Pause Young (Concurrent Start) (G1 Evacuation Pause)
[2024-08-27T15:01:06.086+0000][info][gc,task        ] GC(971) Using 24 workers of 68 for evacuation
[2024-08-27T15:01:06.106+0000][info][gc,phases      ] GC(971)   Pre Evacuate Collection Set: 0.2ms
[2024-08-27T15:01:06.106+0000][info][gc,phases      ] GC(971)   Merge Heap Roots: 0.4ms
[2024-08-27T15:01:06.106+0000][info][gc,phases      ] GC(971)   Evacuate Collection Set: 18.6ms
[2024-08-27T15:01:06.107+0000][info][gc,phases      ] GC(971)   Post Evacuate Collection Set: 0.3ms
[2024-08-27T15:01:06.107+0000][info][gc,phases      ] GC(971)   Other: 0.6ms
[2024-08-27T15:01:06.107+0000][info][gc,heap        ] GC(971) Eden regions: 103->0(70)
[2024-08-27T15:01:06.107+0000][info][gc,heap        ] GC(971) Survivor regions: 19->16(16)
[2024-08-27T15:01:06.107+0000][info][gc,heap        ] GC(971) Old regions: 570->677
[2024-08-27T15:01:06.107+0000][info][gc,heap        ] GC(971) Archive regions: 2->2
[2024-08-27T15:01:06.107+0000][info][gc,heap        ] GC(971) Humongous regions: 5->5
[2024-08-27T15:01:06.107+0000][info][gc,metaspace   ] GC(971) Metaspace: 100K(320K)->100K(320K) NonClass: 96K(192K)->96K(192K) Class: 4K(128K)->4K(128K)
[2024-08-27T15:01:06.107+0000][info][gc             ] GC(971) Pause Young (Concurrent Start) (G1 Evacuation Pause) 686M->687M(1024M) 20.159ms
[2024-08-27T15:01:06.107+0000][info][gc,cpu         ] GC(971) User=0.46s Sys=0.00s Real=0.02s
[2024-08-27T15:01:06.107+0000][info][gc             ] GC(972) Concurrent Mark Cycle
[2024-08-27T15:01:06.107+0000][info][gc,marking     ] GC(972) Concurrent Clear Claimed Marks
[2024-08-27T15:01:06.107+0000][info][gc,marking     ] GC(972) Concurrent Clear Claimed Marks 0.013ms
[2024-08-27T15:01:06.107+0000][info][gc,marking     ] GC(972) Concurrent Scan Root Regions
[2024-08-27T15:01:06.110+0000][info][gc,marking     ] GC(972) Concurrent Scan Root Regions 3.150ms
[2024-08-27T15:01:06.110+0000][info][gc,marking     ] GC(972) Concurrent Mark
[2024-08-27T15:01:06.110+0000][info][gc,marking     ] GC(972) Concurrent Mark From Roots
[2024-08-27T15:01:06.110+0000][info][gc,task        ] GC(972) Using 17 workers of 17 for marking
[2024-08-27T15:01:06.128+0000][info][gc,marking     ] GC(972) Concurrent Mark From Roots 17.984ms
[2024-08-27T15:01:06.128+0000][info][gc,marking     ] GC(972) Concurrent Preclean
[2024-08-27T15:01:06.130+0000][info][gc,marking     ] GC(972) Concurrent Preclean 2.341ms
[2024-08-27T15:01:06.131+0000][info][gc,start       ] GC(972) Pause Remark
[2024-08-27T15:01:06.132+0000][info][gc             ] GC(972) Pause Remark 727M->727M(1024M) 1.042ms
[2024-08-27T15:01:06.132+0000][info][gc,cpu         ] GC(972) User=0.00s Sys=0.00s Real=0.00s
[2024-08-27T15:01:06.132+0000][info][gc,marking     ] GC(972) Concurrent Mark 21.886ms
[2024-08-27T15:01:06.132+0000][info][gc,marking     ] GC(972) Concurrent Rebuild Remembered Sets
[2024-08-27T15:01:06.145+0000][info][gc,start       ] GC(973) Pause Young (Normal) (G1 Evacuation Pause)
[2024-08-27T15:01:06.145+0000][info][gc,task        ] GC(973) Using 24 workers of 68 for evacuation
[2024-08-27T15:01:06.161+0000][info][gc,phases      ] GC(973)   Pre Evacuate Collection Set: 0.1ms
[2024-08-27T15:01:06.161+0000][info][gc,phases      ] GC(973)   Merge Heap Roots: 0.3ms
[2024-08-27T15:01:06.161+0000][info][gc,phases      ] GC(973)   Evacuate Collection Set: 15.0ms
[2024-08-27T15:01:06.161+0000][info][gc,phases      ] GC(973)   Post Evacuate Collection Set: 0.4ms
[2024-08-27T15:01:06.161+0000][info][gc,phases      ] GC(973)   Other: 0.2ms
[2024-08-27T15:01:06.161+0000][info][gc,heap        ] GC(973) Eden regions: 70->0(46)
[2024-08-27T15:01:06.161+0000][info][gc,heap        ] GC(973) Survivor regions: 16->11(11)
[2024-08-27T15:01:06.161+0000][info][gc,heap        ] GC(973) Old regions: 677->755
[2024-08-27T15:01:06.161+0000][info][gc,heap        ] GC(973) Archive regions: 2->2
[2024-08-27T15:01:06.161+0000][info][gc,heap        ] GC(973) Humongous regions: 5->5
[2024-08-27T15:01:06.161+0000][info][gc,metaspace   ] GC(973) Metaspace: 100K(320K)->100K(320K) NonClass: 96K(192K)->96K(192K) Class: 4K(128K)->4K(128K)
[2024-08-27T15:01:06.161+0000][info][gc             ] GC(973) Pause Young (Normal) (G1 Evacuation Pause) 757M->760M(1024M) 16.096ms
[2024-08-27T15:01:06.161+0000][info][gc,cpu         ] GC(973) User=0.37s Sys=0.00s Real=0.02s
[2024-08-27T15:01:06.181+0000][info][gc,start       ] GC(974) Pause Young (Normal) (G1 Evacuation Pause)
[2024-08-27T15:01:06.181+0000][info][gc,task        ] GC(974) Using 24 workers of 68 for evacuation
[2024-08-27T15:01:06.199+0000][info][gc,phases      ] GC(974)   Pre Evacuate Collection Set: 0.1ms
[2024-08-27T15:01:06.199+0000][info][gc,phases      ] GC(974)   Merge Heap Roots: 0.5ms
[2024-08-27T15:01:06.199+0000][info][gc,phases      ] GC(974)   Evacuate Collection Set: 16.4ms
[2024-08-27T15:01:06.199+0000][info][gc,phases      ] GC(974)   Post Evacuate Collection Set: 0.5ms
[2024-08-27T15:01:06.199+0000][info][gc,phases      ] GC(974)   Other: 0.2ms
[2024-08-27T15:01:06.199+0000][info][gc,heap        ] GC(974) Eden regions: 46->0(43)
[2024-08-27T15:01:06.199+0000][info][gc,heap        ] GC(974) Survivor regions: 11->8(8)
[2024-08-27T15:01:06.199+0000][info][gc,heap        ] GC(974) Old regions: 755->807
[2024-08-27T15:01:06.199+0000][info][gc,heap        ] GC(974) Archive regions: 2->2
[2024-08-27T15:01:06.199+0000][info][gc,heap        ] GC(974) Humongous regions: 5->5
[2024-08-27T15:01:06.199+0000][info][gc,metaspace   ] GC(974) Metaspace: 100K(320K)->100K(320K) NonClass: 96K(192K)->96K(192K) Class: 4K(128K)->4K(128K)
[2024-08-27T15:01:06.199+0000][info][gc             ] GC(974) Pause Young (Normal) (G1 Evacuation Pause) 806M->809M(1024M) 17.798ms
[2024-08-27T15:01:06.199+0000][info][gc,cpu         ] GC(974) User=0.41s Sys=0.00s Real=0.02s
[2024-08-27T15:01:06.221+0000][info][gc,start       ] GC(975) Pause Young (Normal) (G1 Evacuation Pause)
[2024-08-27T15:01:06.221+0000][info][gc,task        ] GC(975) Using 24 workers of 68 for evacuation
[2024-08-27T15:01:06.239+0000][info][gc,phases      ] GC(975)   Pre Evacuate Collection Set: 0.1ms
[2024-08-27T15:01:06.239+0000][info][gc,phases      ] GC(975)   Merge Heap Roots: 0.6ms
[2024-08-27T15:01:06.239+0000][info][gc,phases      ] GC(975)   Evacuate Collection Set: 16.4ms
[2024-08-27T15:01:06.239+0000][info][gc,phases      ] GC(975)   Post Evacuate Collection Set: 0.6ms
[2024-08-27T15:01:06.239+0000][info][gc,phases      ] GC(975)   Other: 0.2ms
[2024-08-27T15:01:06.239+0000][info][gc,heap        ] GC(975) Eden regions: 43->0(44)
[2024-08-27T15:01:06.239+0000][info][gc,heap        ] GC(975) Survivor regions: 8->7(7)
[2024-08-27T15:01:06.239+0000][info][gc,heap        ] GC(975) Old regions: 807->855
[2024-08-27T15:01:06.239+0000][info][gc,heap        ] GC(975) Archive regions: 2->2
[2024-08-27T15:01:06.239+0000][info][gc,heap        ] GC(975) Humongous regions: 5->5
[2024-08-27T15:01:06.239+0000][info][gc,metaspace   ] GC(975) Metaspace: 100K(320K)->100K(320K) NonClass: 96K(192K)->96K(192K) Class: 4K(128K)->4K(128K)
[2024-08-27T15:01:06.239+0000][info][gc             ] GC(975) Pause Young (Normal) (G1 Evacuation Pause) 852M->856M(1024M) 18.043ms
[2024-08-27T15:01:06.239+0000][info][gc,cpu         ] GC(975) User=0.42s Sys=0.00s Real=0.02s
[2024-08-27T15:01:06.245+0000][info][gc,marking     ] GC(972) Concurrent Rebuild Remembered Sets 112.672ms
[2024-08-27T15:01:06.245+0000][info][gc,start       ] GC(972) Pause Cleanup
[2024-08-27T15:01:06.246+0000][info][gc             ] GC(972) Pause Cleanup 866M->866M(1024M) 1.089ms
[2024-08-27T15:01:06.246+0000][info][gc,cpu         ] GC(972) User=0.00s Sys=0.01s Real=0.00s
[2024-08-27T15:01:06.246+0000][info][gc,marking     ] GC(972) Concurrent Cleanup for Next Mark
[2024-08-27T15:01:06.247+0000][info][gc,marking     ] GC(972) Concurrent Cleanup for Next Mark 0.665ms
[2024-08-27T15:01:06.247+0000][info][gc             ] GC(972) Concurrent Mark Cycle 140.030ms
[2024-08-27T15:01:06.264+0000][info][gc,start       ] GC(976) Pause Young (Prepare Mixed) (G1 Evacuation Pause)
[2024-08-27T15:01:06.264+0000][info][gc,task        ] GC(976) Using 24 workers of 68 for evacuation
[2024-08-27T15:01:06.282+0000][info][gc,phases      ] GC(976)   Pre Evacuate Collection Set: 0.1ms
[2024-08-27T15:01:06.282+0000][info][gc,phases      ] GC(976)   Merge Heap Roots: 0.7ms
[2024-08-27T15:01:06.282+0000][info][gc,phases      ] GC(976)   Evacuate Collection Set: 17.1ms
[2024-08-27T15:01:06.282+0000][info][gc,phases      ] GC(976)   Post Evacuate Collection Set: 0.2ms
[2024-08-27T15:01:06.282+0000][info][gc,phases      ] GC(976)   Other: 0.2ms
[2024-08-27T15:01:06.282+0000][info][gc,heap        ] GC(976) Eden regions: 44->0(44)
[2024-08-27T15:01:06.282+0000][info][gc,heap        ] GC(976) Survivor regions: 7->7(7)
[2024-08-27T15:01:06.282+0000][info][gc,heap        ] GC(976) Old regions: 855->901
[2024-08-27T15:01:06.282+0000][info][gc,heap        ] GC(976) Archive regions: 2->2
[2024-08-27T15:01:06.282+0000][info][gc,heap        ] GC(976) Humongous regions: 5->5
[2024-08-27T15:01:06.282+0000][info][gc,metaspace   ] GC(976) Metaspace: 100K(320K)->100K(320K) NonClass: 96K(192K)->96K(192K) Class: 4K(128K)->4K(128K)
[2024-08-27T15:01:06.282+0000][info][gc             ] GC(976) Pause Young (Prepare Mixed) (G1 Evacuation Pause) 900M->902M(1024M) 18.406ms
[2024-08-27T15:01:06.282+0000][info][gc,cpu         ] GC(976) User=0.43s Sys=0.00s Real=0.02s
[2024-08-27T15:01:06.303+0000][info][gc,start       ] GC(977) Pause Young (Mixed) (G1 Evacuation Pause)
[2024-08-27T15:01:06.303+0000][info][gc,task        ] GC(977) Using 24 workers of 68 for evacuation
[2024-08-27T15:01:06.314+0000][info][gc,phases      ] GC(977)   Pre Evacuate Collection Set: 0.2ms
[2024-08-27T15:01:06.314+0000][info][gc,phases      ] GC(977)   Merge Heap Roots: 0.4ms
[2024-08-27T15:01:06.314+0000][info][gc,phases      ] GC(977)   Evacuate Collection Set: 10.2ms
[2024-08-27T15:01:06.314+0000][info][gc,phases      ] GC(977)   Post Evacuate Collection Set: 0.4ms
[2024-08-27T15:01:06.314+0000][info][gc,phases      ] GC(977)   Other: 0.2ms
[2024-08-27T15:01:06.314+0000][info][gc,heap        ] GC(977) Eden regions: 44->0(44)
[2024-08-27T15:01:06.314+0000][info][gc,heap        ] GC(977) Survivor regions: 7->7(7)
[2024-08-27T15:01:06.314+0000][info][gc,heap        ] GC(977) Old regions: 901->845
[2024-08-27T15:01:06.314+0000][info][gc,heap        ] GC(977) Archive regions: 2->2
[2024-08-27T15:01:06.314+0000][info][gc,heap        ] GC(977) Humongous regions: 5->5
[2024-08-27T15:01:06.314+0000][info][gc,metaspace   ] GC(977) Metaspace: 100K(320K)->100K(320K) NonClass: 96K(192K)->96K(192K) Class: 4K(128K)->4K(128K)
[2024-08-27T15:01:06.314+0000][info][gc             ] GC(977) Pause Young (Mixed) (G1 Evacuation Pause) 946M->848M(1024M) 11.506ms
[2024-08-27T15:01:06.315+0000][info][gc,cpu         ] GC(977) User=0.25s Sys=0.00s Real=0.01s
[2024-08-27T15:01:06.334+0000][info][gc,start       ] GC(978) Pause Young (Mixed) (G1 Evacuation Pause)
[2024-08-27T15:01:06.334+0000][info][gc,task        ] GC(978) Using 24 workers of 68 for evacuation
[2024-08-27T15:01:06.346+0000][info][gc,phases      ] GC(978)   Pre Evacuate Collection Set: 0.2ms
[2024-08-27T15:01:06.346+0000][info][gc,phases      ] GC(978)   Merge Heap Roots: 0.4ms
[2024-08-27T15:01:06.346+0000][info][gc,phases      ] GC(978)   Evacuate Collection Set: 10.5ms
[2024-08-27T15:01:06.346+0000][info][gc,phases      ] GC(978)   Post Evacuate Collection Set: 0.4ms
[2024-08-27T15:01:06.346+0000][info][gc,phases      ] GC(978)   Other: 0.3ms
[2024-08-27T15:01:06.346+0000][info][gc,heap        ] GC(978) Eden regions: 44->0(44)
[2024-08-27T15:01:06.346+0000][info][gc,heap        ] GC(978) Survivor regions: 7->7(7)
[2024-08-27T15:01:06.346+0000][info][gc,heap        ] GC(978) Old regions: 845->800
[2024-08-27T15:01:06.346+0000][info][gc,heap        ] GC(978) Archive regions: 2->2
[2024-08-27T15:01:06.346+0000][info][gc,heap        ] GC(978) Humongous regions: 5->5
[2024-08-27T15:01:06.346+0000][info][gc,metaspace   ] GC(978) Metaspace: 100K(320K)->100K(320K) NonClass: 96K(192K)->96K(192K) Class: 4K(128K)->4K(128K)
[2024-08-27T15:01:06.346+0000][info][gc             ] GC(978) Pause Young (Mixed) (G1 Evacuation Pause) 892M->804M(1024M) 11.822ms
[2024-08-27T15:01:06.346+0000][info][gc,cpu         ] GC(978) User=0.27s Sys=0.00s Real=0.01s
[2024-08-27T15:01:06.384+0000][info][gc,start       ] GC(979) Pause Young (Concurrent Start) (G1 Evacuation Pause)
[2024-08-27T15:01:06.384+0000][info][gc,task        ] GC(979) Using 24 workers of 68 for evacuation
[2024-08-27T15:01:06.397+0000][info][gc,phases      ] GC(979)   Pre Evacuate Collection Set: 0.2ms
[2024-08-27T15:01:06.397+0000][info][gc,phases      ] GC(979)   Merge Heap Roots: 0.4ms
[2024-08-27T15:01:06.397+0000][info][gc,phases      ] GC(979)   Evacuate Collection Set: 11.9ms
[2024-08-27T15:01:06.397+0000][info][gc,phases      ] GC(979)   Post Evacuate Collection Set: 0.3ms
[2024-08-27T15:01:06.397+0000][info][gc,phases      ] GC(979)   Other: 0.6ms
[2024-08-27T15:01:06.397+0000][info][gc,heap        ] GC(979) Eden regions: 44->0(44)
[2024-08-27T15:01:06.397+0000][info][gc,heap        ] GC(979) Survivor regions: 7->7(7)
[2024-08-27T15:01:06.397+0000][info][gc,heap        ] GC(979) Old regions: 800->846
[2024-08-27T15:01:06.397+0000][info][gc,heap        ] GC(979) Archive regions: 2->2
[2024-08-27T15:01:06.397+0000][info][gc,heap        ] GC(979) Humongous regions: 5->5
[2024-08-27T15:01:06.397+0000][info][gc,metaspace   ] GC(979) Metaspace: 100K(320K)->100K(320K) NonClass: 96K(192K)->96K(192K) Class: 4K(128K)->4K(128K)
[2024-08-27T15:01:06.397+0000][info][gc             ] GC(979) Pause Young (Concurrent Start) (G1 Evacuation Pause) 848M->850M(1024M) 13.333ms
[2024-08-27T15:01:06.397+0000][info][gc,cpu         ] GC(979) User=0.23s Sys=0.00s Real=0.01s
[2024-08-27T15:01:06.397+0000][info][gc             ] GC(980) Concurrent Mark Cycle
[2024-08-27T15:01:06.397+0000][info][gc,marking     ] GC(980) Concurrent Clear Claimed Marks
[2024-08-27T15:01:06.397+0000][info][gc,marking     ] GC(980) Concurrent Clear Claimed Marks 0.012ms
[2024-08-27T15:01:06.397+0000][info][gc,marking     ] GC(980) Concurrent Scan Root Regions
[2024-08-27T15:01:06.399+0000][info][gc,marking     ] GC(980) Concurrent Scan Root Regions 1.442ms
[2024-08-27T15:01:06.399+0000][info][gc,marking     ] GC(980) Concurrent Mark
[2024-08-27T15:01:06.399+0000][info][gc,marking     ] GC(980) Concurrent Mark From Roots
[2024-08-27T15:01:06.399+0000][info][gc,task        ] GC(980) Using 17 workers of 17 for marking
[2024-08-27T15:01:06.424+0000][info][gc,marking     ] GC(980) Concurrent Mark From Roots 25.190ms
[2024-08-27T15:01:06.424+0000][info][gc,marking     ] GC(980) Concurrent Preclean
[2024-08-27T15:01:06.424+0000][info][gc,marking     ] GC(980) Concurrent Preclean 0.361ms
[2024-08-27T15:01:06.424+0000][info][gc,start       ] GC(980) Pause Remark
[2024-08-27T15:01:06.427+0000][info][gc             ] GC(980) Pause Remark 875M->875M(1024M) 2.448ms
[2024-08-27T15:01:06.427+0000][info][gc,cpu         ] GC(980) User=0.01s Sys=0.00s Real=0.00s
[2024-08-27T15:01:06.427+0000][info][gc,marking     ] GC(980) Concurrent Mark 28.406ms
[2024-08-27T15:01:06.427+0000][info][gc,marking     ] GC(980) Concurrent Rebuild Remembered Sets
[2024-08-27T15:01:06.445+0000][info][gc,start       ] GC(981) Pause Young (Normal) (G1 Evacuation Pause)
[2024-08-27T15:01:06.445+0000][info][gc,task        ] GC(981) Using 24 workers of 68 for evacuation
[2024-08-27T15:01:06.456+0000][info][gc,phases      ] GC(981)   Pre Evacuate Collection Set: 0.2ms
[2024-08-27T15:01:06.456+0000][info][gc,phases      ] GC(981)   Merge Heap Roots: 0.6ms
[2024-08-27T15:01:06.456+0000][info][gc,phases      ] GC(981)   Evacuate Collection Set: 9.8ms
[2024-08-27T15:01:06.456+0000][info][gc,phases      ] GC(981)   Post Evacuate Collection Set: 0.4ms
[2024-08-27T15:01:06.456+0000][info][gc,phases      ] GC(981)   Other: 0.2ms
[2024-08-27T15:01:06.456+0000][info][gc,heap        ] GC(981) Eden regions: 44->0(44)
[2024-08-27T15:01:06.456+0000][info][gc,heap        ] GC(981) Survivor regions: 7->7(7)
[2024-08-27T15:01:06.456+0000][info][gc,heap        ] GC(981) Old regions: 846->893
[2024-08-27T15:01:06.456+0000][info][gc,heap        ] GC(981) Archive regions: 2->2
[2024-08-27T15:01:06.456+0000][info][gc,heap        ] GC(981) Humongous regions: 5->5
[2024-08-27T15:01:06.456+0000][info][gc,metaspace   ] GC(981) Metaspace: 100K(320K)->100K(320K) NonClass: 96K(192K)->96K(192K) Class: 4K(128K)->4K(128K)
[2024-08-27T15:01:06.456+0000][info][gc             ] GC(981) Pause Young (Normal) (G1 Evacuation Pause) 894M->897M(1024M) 11.288ms
[2024-08-27T15:01:06.456+0000][info][gc,cpu         ] GC(981) User=0.24s Sys=0.01s Real=0.01s
[2024-08-27T15:01:06.495+0000][info][gc,start       ] GC(982) Pause Young (Normal) (G1 Evacuation Pause)
[2024-08-27T15:01:06.495+0000][info][gc,task        ] GC(982) Using 24 workers of 68 for evacuation
[2024-08-27T15:01:06.509+0000][info][gc,phases      ] GC(982)   Pre Evacuate Collection Set: 0.1ms
[2024-08-27T15:01:06.509+0000][info][gc,phases      ] GC(982)   Merge Heap Roots: 0.5ms
[2024-08-27T15:01:06.509+0000][info][gc,phases      ] GC(982)   Evacuate Collection Set: 12.4ms
[2024-08-27T15:01:06.509+0000][info][gc,phases      ] GC(982)   Post Evacuate Collection Set: 0.6ms
[2024-08-27T15:01:06.509+0000][info][gc,phases      ] GC(982)   Other: 0.3ms
[2024-08-27T15:01:06.509+0000][info][gc,heap        ] GC(982) Eden regions: 44->0(44)
[2024-08-27T15:01:06.509+0000][info][gc,heap        ] GC(982) Survivor regions: 7->7(7)
[2024-08-27T15:01:06.509+0000][info][gc,heap        ] GC(982) Old regions: 893->939
[2024-08-27T15:01:06.509+0000][info][gc,heap        ] GC(982) Archive regions: 2->2
[2024-08-27T15:01:06.509+0000][info][gc,heap        ] GC(982) Humongous regions: 5->5
[2024-08-27T15:01:06.509+0000][info][gc,metaspace   ] GC(982) Metaspace: 100K(320K)->100K(320K) NonClass: 96K(192K)->96K(192K) Class: 4K(128K)->4K(128K)
[2024-08-27T15:01:06.509+0000][info][gc             ] GC(982) Pause Young (Normal) (G1 Evacuation Pause) 941M->944M(1024M) 13.914ms
[2024-08-27T15:01:06.509+0000][info][gc,cpu         ] GC(982) User=0.31s Sys=0.00s Real=0.01s
[2024-08-27T15:01:06.526+0000][info][gc,marking     ] GC(980) Concurrent Rebuild Remembered Sets 99.492ms
[2024-08-27T15:01:06.527+0000][info][gc,start       ] GC(980) Pause Cleanup
[2024-08-27T15:01:06.530+0000][info][gc             ] GC(980) Pause Cleanup 964M->964M(1024M) 2.828ms
[2024-08-27T15:01:06.530+0000][info][gc,cpu         ] GC(980) User=0.01s Sys=0.00s Real=0.01s
[2024-08-27T15:01:06.530+0000][info][gc,marking     ] GC(980) Concurrent Cleanup for Next Mark
[2024-08-27T15:01:06.530+0000][info][gc,marking     ] GC(980) Concurrent Cleanup for Next Mark 0.621ms
[2024-08-27T15:01:06.531+0000][info][gc             ] GC(980) Concurrent Mark Cycle 133.508ms
[2024-08-27T15:01:06.536+0000][info][gc,start       ] GC(983) Pause Young (Prepare Mixed) (G1 Preventive Collection)
[2024-08-27T15:01:06.537+0000][info][gc,task        ] GC(983) Using 24 workers of 68 for evacuation
[2024-08-27T15:01:06.550+0000][info][gc,phases      ] GC(983)   Pre Evacuate Collection Set: 0.2ms
[2024-08-27T15:01:06.550+0000][info][gc,phases      ] GC(983)   Merge Heap Roots: 0.5ms
[2024-08-27T15:01:06.550+0000][info][gc,phases      ] GC(983)   Evacuate Collection Set: 11.9ms
[2024-08-27T15:01:06.550+0000][info][gc,phases      ] GC(983)   Post Evacuate Collection Set: 0.3ms
[2024-08-27T15:01:06.550+0000][info][gc,phases      ] GC(983)   Other: 0.2ms
[2024-08-27T15:01:06.550+0000][info][gc,heap        ] GC(983) Eden regions: 30->0(44)
[2024-08-27T15:01:06.550+0000][info][gc,heap        ] GC(983) Survivor regions: 7->7(7)
[2024-08-27T15:01:06.550+0000][info][gc,heap        ] GC(983) Old regions: 939->972
[2024-08-27T15:01:06.550+0000][info][gc,heap        ] GC(983) Archive regions: 2->2
[2024-08-27T15:01:06.550+0000][info][gc,heap        ] GC(983) Humongous regions: 5->5
[2024-08-27T15:01:06.550+0000][info][gc,metaspace   ] GC(983) Metaspace: 100K(320K)->100K(320K) NonClass: 96K(192K)->96K(192K) Class: 4K(128K)->4K(128K)
[2024-08-27T15:01:06.550+0000][info][gc             ] GC(983) Pause Young (Prepare Mixed) (G1 Preventive Collection) 974M->977M(1024M) 13.257ms
[2024-08-27T15:01:06.550+0000][info][gc,cpu         ] GC(983) User=0.29s Sys=0.00s Real=0.02s
[2024-08-27T15:01:06.557+0000][info][gc,start       ] GC(984) Pause Young (Mixed) (G1 Preventive Collection)
[2024-08-27T15:01:06.557+0000][info][gc,task        ] GC(984) Using 24 workers of 68 for evacuation
[2024-08-27T15:01:06.563+0000][info][gc,phases      ] GC(984)   Pre Evacuate Collection Set: 0.2ms
[2024-08-27T15:01:06.563+0000][info][gc,phases      ] GC(984)   Merge Heap Roots: 0.3ms
[2024-08-27T15:01:06.563+0000][info][gc,phases      ] GC(984)   Evacuate Collection Set: 4.8ms
[2024-08-27T15:01:06.563+0000][info][gc,phases      ] GC(984)   Post Evacuate Collection Set: 0.4ms
[2024-08-27T15:01:06.563+0000][info][gc,phases      ] GC(984)   Other: 0.3ms
[2024-08-27T15:01:06.563+0000][info][gc,heap        ] GC(984) Eden regions: 14->0(44)
[2024-08-27T15:01:06.563+0000][info][gc,heap        ] GC(984) Survivor regions: 7->7(7)
[2024-08-27T15:01:06.563+0000][info][gc,heap        ] GC(984) Old regions: 972->886
[2024-08-27T15:01:06.563+0000][info][gc,heap        ] GC(984) Archive regions: 2->2
[2024-08-27T15:01:06.563+0000][info][gc,heap        ] GC(984) Humongous regions: 5->5
[2024-08-27T15:01:06.563+0000][info][gc,metaspace   ] GC(984) Metaspace: 100K(320K)->100K(320K) NonClass: 96K(192K)->96K(192K) Class: 4K(128K)->4K(128K)
[2024-08-27T15:01:06.563+0000][info][gc             ] GC(984) Pause Young (Mixed) (G1 Preventive Collection) 991M->896M(1024M) 6.108ms
[2024-08-27T15:01:06.563+0000][info][gc,cpu         ] GC(984) User=0.12s Sys=0.00s Real=0.01s
[2024-08-27T15:01:06.585+0000][info][gc,start       ] GC(985) Pause Young (Mixed) (G1 Evacuation Pause)
[2024-08-27T15:01:06.585+0000][info][gc,task        ] GC(985) Using 24 workers of 68 for evacuation
[2024-08-27T15:01:06.596+0000][info][gc,phases      ] GC(985)   Pre Evacuate Collection Set: 0.2ms
[2024-08-27T15:01:06.596+0000][info][gc,phases      ] GC(985)   Merge Heap Roots: 0.4ms
[2024-08-27T15:01:06.596+0000][info][gc,phases      ] GC(985)   Evacuate Collection Set: 9.5ms
[2024-08-27T15:01:06.596+0000][info][gc,phases      ] GC(985)   Post Evacuate Collection Set: 0.4ms
[2024-08-27T15:01:06.596+0000][info][gc,phases      ] GC(985)   Other: 0.3ms
[2024-08-27T15:01:06.596+0000][info][gc,heap        ] GC(985) Eden regions: 44->0(44)
[2024-08-27T15:01:06.596+0000][info][gc,heap        ] GC(985) Survivor regions: 7->7(7)
[2024-08-27T15:01:06.596+0000][info][gc,heap        ] GC(985) Old regions: 886->828
[2024-08-27T15:01:06.596+0000][info][gc,heap        ] GC(985) Archive regions: 2->2
[2024-08-27T15:01:06.596+0000][info][gc,heap        ] GC(985) Humongous regions: 5->5
[2024-08-27T15:01:06.596+0000][info][gc,metaspace   ] GC(985) Metaspace: 100K(320K)->100K(320K) NonClass: 96K(192K)->96K(192K) Class: 4K(128K)->4K(128K)
[2024-08-27T15:01:06.596+0000][info][gc             ] GC(985) Pause Young (Mixed) (G1 Evacuation Pause) 940M->839M(1024M) 10.990ms
[2024-08-27T15:01:06.596+0000][info][gc,cpu         ] GC(985) User=0.20s Sys=0.04s Real=0.01s
[2024-08-27T15:01:06.617+0000][info][gc,start       ] GC(986) Pause Young (Mixed) (G1 Evacuation Pause)
[2024-08-27T15:01:06.617+0000][info][gc,task        ] GC(986) Using 24 workers of 68 for evacuation
[2024-08-27T15:01:06.630+0000][info][gc,phases      ] GC(986)   Pre Evacuate Collection Set: 0.2ms
[2024-08-27T15:01:06.630+0000][info][gc,phases      ] GC(986)   Merge Heap Roots: 0.5ms
[2024-08-27T15:01:06.630+0000][info][gc,phases      ] GC(986)   Evacuate Collection Set: 11.0ms
[2024-08-27T15:01:06.630+0000][info][gc,phases      ] GC(986)   Post Evacuate Collection Set: 0.4ms
[2024-08-27T15:01:06.630+0000][info][gc,phases      ] GC(986)   Other: 0.2ms
[2024-08-27T15:01:06.630+0000][info][gc,heap        ] GC(986) Eden regions: 44->0(44)
[2024-08-27T15:01:06.630+0000][info][gc,heap        ] GC(986) Survivor regions: 7->7(7)
[2024-08-27T15:01:06.630+0000][info][gc,heap        ] GC(986) Old regions: 828->777
[2024-08-27T15:01:06.630+0000][info][gc,heap        ] GC(986) Archive regions: 2->2
[2024-08-27T15:01:06.630+0000][info][gc,heap        ] GC(986) Humongous regions: 5->5
[2024-08-27T15:01:06.630+0000][info][gc,metaspace   ] GC(986) Metaspace: 100K(320K)->100K(320K) NonClass: 96K(192K)->96K(192K) Class: 4K(128K)->4K(128K)
[2024-08-27T15:01:06.630+0000][info][gc             ] GC(986) Pause Young (Mixed) (G1 Evacuation Pause) 883M->789M(1024M) 12.358ms
[2024-08-27T15:01:06.630+0000][info][gc,cpu         ] GC(986) User=0.26s Sys=0.02s Real=0.02s
[2024-08-27T15:01:06.650+0000][info][gc,start       ] GC(987) Pause Young (Mixed) (G1 Evacuation Pause)
[2024-08-27T15:01:06.650+0000][info][gc,task        ] GC(987) Using 24 workers of 68 for evacuation
[2024-08-27T15:01:06.662+0000][info][gc,phases      ] GC(987)   Pre Evacuate Collection Set: 0.2ms
[2024-08-27T15:01:06.662+0000][info][gc,phases      ] GC(987)   Merge Heap Roots: 0.4ms
[2024-08-27T15:01:06.662+0000][info][gc,phases      ] GC(987)   Evacuate Collection Set: 11.0ms
[2024-08-27T15:01:06.662+0000][info][gc,phases      ] GC(987)   Post Evacuate Collection Set: 0.3ms
[2024-08-27T15:01:06.662+0000][info][gc,phases      ] GC(987)   Other: 0.3ms
[2024-08-27T15:01:06.662+0000][info][gc,heap        ] GC(987) Eden regions: 44->0(44)
[2024-08-27T15:01:06.662+0000][info][gc,heap        ] GC(987) Survivor regions: 7->7(7)
[2024-08-27T15:01:06.662+0000][info][gc,heap        ] GC(987) Old regions: 777->770
[2024-08-27T15:01:06.662+0000][info][gc,heap        ] GC(987) Archive regions: 2->2
[2024-08-27T15:01:06.662+0000][info][gc,heap        ] GC(987) Humongous regions: 5->5
[2024-08-27T15:01:06.662+0000][info][gc,metaspace   ] GC(987) Metaspace: 100K(320K)->100K(320K) NonClass: 96K(192K)->96K(192K) Class: 4K(128K)->4K(128K)
[2024-08-27T15:01:06.662+0000][info][gc             ] GC(987) Pause Young (Mixed) (G1 Evacuation Pause) 833M->782M(1024M) 12.267ms
[2024-08-27T15:01:06.663+0000][info][gc,cpu         ] GC(987) User=0.26s Sys=0.01s Real=0.01s
[2024-08-27T15:01:06.680+0000][info][gc,start       ] GC(988) Pause Young (Concurrent Start) (G1 Evacuation Pause)
[2024-08-27T15:01:06.680+0000][info][gc,task        ] GC(988) Using 24 workers of 68 for evacuation
[2024-08-27T15:01:06.692+0000][info][gc,phases      ] GC(988)   Pre Evacuate Collection Set: 0.2ms
[2024-08-27T15:01:06.692+0000][info][gc,phases      ] GC(988)   Merge Heap Roots: 0.4ms
[2024-08-27T15:01:06.692+0000][info][gc,phases      ] GC(988)   Evacuate Collection Set: 9.5ms
[2024-08-27T15:01:06.692+0000][info][gc,phases      ] GC(988)   Post Evacuate Collection Set: 0.3ms
[2024-08-27T15:01:06.692+0000][info][gc,phases      ] GC(988)   Other: 0.9ms
[2024-08-27T15:01:06.692+0000][info][gc,heap        ] GC(988) Eden regions: 44->0(44)
[2024-08-27T15:01:06.692+0000][info][gc,heap        ] GC(988) Survivor regions: 7->7(7)
[2024-08-27T15:01:06.692+0000][info][gc,heap        ] GC(988) Old regions: 770->817
[2024-08-27T15:01:06.692+0000][info][gc,heap        ] GC(988) Archive regions: 2->2
[2024-08-27T15:01:06.692+0000][info][gc,heap        ] GC(988) Humongous regions: 5->5
[2024-08-27T15:01:06.692+0000][info][gc,metaspace   ] GC(988) Metaspace: 100K(320K)->100K(320K) NonClass: 96K(192K)->96K(192K) Class: 4K(128K)->4K(128K)
[2024-08-27T15:01:06.692+0000][info][gc             ] GC(988) Pause Young (Concurrent Start) (G1 Evacuation Pause) 826M->829M(1024M) 11.475ms
[2024-08-27T15:01:06.692+0000][info][gc,cpu         ] GC(988) User=0.23s Sys=0.00s Real=0.01s
[2024-08-27T15:01:06.692+0000][info][gc             ] GC(989) Concurrent Mark Cycle
[2024-08-27T15:01:06.692+0000][info][gc,marking     ] GC(989) Concurrent Clear Claimed Marks
[2024-08-27T15:01:06.692+0000][info][gc,marking     ] GC(989) Concurrent Clear Claimed Marks 0.015ms
[2024-08-27T15:01:06.692+0000][info][gc,marking     ] GC(989) Concurrent Scan Root Regions
[2024-08-27T15:01:06.694+0000][info][gc,marking     ] GC(989) Concurrent Scan Root Regions 1.536ms
[2024-08-27T15:01:06.694+0000][info][gc,marking     ] GC(989) Concurrent Mark
[2024-08-27T15:01:06.694+0000][info][gc,marking     ] GC(989) Concurrent Mark From Roots
[2024-08-27T15:01:06.694+0000][info][gc,task        ] GC(989) Using 17 workers of 17 for marking
[2024-08-27T15:01:06.715+0000][info][gc,marking     ] GC(989) Concurrent Mark From Roots 20.987ms
[2024-08-27T15:01:06.715+0000][info][gc,marking     ] GC(989) Concurrent Preclean
[2024-08-27T15:01:06.715+0000][info][gc,marking     ] GC(989) Concurrent Preclean 0.504ms
[2024-08-27T15:01:06.715+0000][info][gc,start       ] GC(989) Pause Remark
[2024-08-27T15:01:06.716+0000][info][gc             ] GC(989) Pause Remark 859M->859M(1024M) 0.964ms
[2024-08-27T15:01:06.716+0000][info][gc,cpu         ] GC(989) User=0.00s Sys=0.00s Real=0.00s
[2024-08-27T15:01:06.716+0000][info][gc,marking     ] GC(989) Concurrent Mark 22.793ms
[2024-08-27T15:01:06.716+0000][info][gc,marking     ] GC(989) Concurrent Rebuild Remembered Sets
[2024-08-27T15:01:06.728+0000][info][gc,start       ] GC(990) Pause Young (Normal) (G1 Evacuation Pause)
[2024-08-27T15:01:06.728+0000][info][gc,task        ] GC(990) Using 24 workers of 68 for evacuation
[2024-08-27T15:01:06.738+0000][info][gc,phases      ] GC(990)   Pre Evacuate Collection Set: 0.1ms
[2024-08-27T15:01:06.738+0000][info][gc,phases      ] GC(990)   Merge Heap Roots: 0.3ms
[2024-08-27T15:01:06.738+0000][info][gc,phases      ] GC(990)   Evacuate Collection Set: 9.2ms
[2024-08-27T15:01:06.738+0000][info][gc,phases      ] GC(990)   Post Evacuate Collection Set: 0.4ms
[2024-08-27T15:01:06.738+0000][info][gc,phases      ] GC(990)   Other: 0.2ms
[2024-08-27T15:01:06.738+0000][info][gc,heap        ] GC(990) Eden regions: 44->0(44)
[2024-08-27T15:01:06.738+0000][info][gc,heap        ] GC(990) Survivor regions: 7->7(7)
[2024-08-27T15:01:06.738+0000][info][gc,heap        ] GC(990) Old regions: 817->864
[2024-08-27T15:01:06.738+0000][info][gc,heap        ] GC(990) Archive regions: 2->2
[2024-08-27T15:01:06.738+0000][info][gc,heap        ] GC(990) Humongous regions: 5->5
[2024-08-27T15:01:06.738+0000][info][gc,metaspace   ] GC(990) Metaspace: 100K(320K)->100K(320K) NonClass: 96K(192K)->96K(192K) Class: 4K(128K)->4K(128K)
[2024-08-27T15:01:06.738+0000][info][gc             ] GC(990) Pause Young (Normal) (G1 Evacuation Pause) 873M->876M(1024M) 10.259ms
[2024-08-27T15:01:06.738+0000][info][gc,cpu         ] GC(990) User=0.19s Sys=0.03s Real=0.02s
[2024-08-27T15:01:06.774+0000][info][gc,start       ] GC(991) Pause Young (Normal) (G1 Evacuation Pause)
[2024-08-27T15:01:06.774+0000][info][gc,task        ] GC(991) Using 24 workers of 68 for evacuation
[2024-08-27T15:01:06.789+0000][info][gc,phases      ] GC(991)   Pre Evacuate Collection Set: 0.1ms
[2024-08-27T15:01:06.789+0000][info][gc,phases      ] GC(991)   Merge Heap Roots: 0.4ms
[2024-08-27T15:01:06.789+0000][info][gc,phases      ] GC(991)   Evacuate Collection Set: 13.8ms
[2024-08-27T15:01:06.789+0000][info][gc,phases      ] GC(991)   Post Evacuate Collection Set: 0.5ms
[2024-08-27T15:01:06.789+0000][info][gc,phases      ] GC(991)   Other: 0.2ms
[2024-08-27T15:01:06.789+0000][info][gc,heap        ] GC(991) Eden regions: 44->0(44)
[2024-08-27T15:01:06.789+0000][info][gc,heap        ] GC(991) Survivor regions: 7->7(7)
[2024-08-27T15:01:06.789+0000][info][gc,heap        ] GC(991) Old regions: 864->910
[2024-08-27T15:01:06.789+0000][info][gc,heap        ] GC(991) Archive regions: 2->2
[2024-08-27T15:01:06.789+0000][info][gc,heap        ] GC(991) Humongous regions: 5->5
[2024-08-27T15:01:06.789+0000][info][gc,metaspace   ] GC(991) Metaspace: 100K(320K)->100K(320K) NonClass: 96K(192K)->96K(192K) Class: 4K(128K)->4K(128K)
[2024-08-27T15:01:06.789+0000][info][gc             ] GC(991) Pause Young (Normal) (G1 Evacuation Pause) 920M->922M(1024M) 15.167ms
[2024-08-27T15:01:06.789+0000][info][gc,cpu         ] GC(991) User=0.34s Sys=0.00s Real=0.01s
[2024-08-27T15:01:06.817+0000][info][gc,start       ] GC(992) Pause Young (Normal) (G1 Preventive Collection)
[2024-08-27T15:01:06.817+0000][info][gc,task        ] GC(992) Using 24 workers of 68 for evacuation
[2024-08-27T15:01:06.833+0000][info][gc,phases      ] GC(992)   Pre Evacuate Collection Set: 0.2ms
[2024-08-27T15:01:06.833+0000][info][gc,phases      ] GC(992)   Merge Heap Roots: 0.5ms
[2024-08-27T15:01:06.833+0000][info][gc,phases      ] GC(992)   Evacuate Collection Set: 14.7ms
[2024-08-27T15:01:06.833+0000][info][gc,phases      ] GC(992)   Post Evacuate Collection Set: 0.6ms
[2024-08-27T15:01:06.833+0000][info][gc,phases      ] GC(992)   Other: 0.2ms
[2024-08-27T15:01:06.833+0000][info][gc,heap        ] GC(992) Eden regions: 44->0(44)
[2024-08-27T15:01:06.833+0000][info][gc,heap        ] GC(992) Survivor regions: 7->7(7)
[2024-08-27T15:01:06.833+0000][info][gc,heap        ] GC(992) Old regions: 910->957
[2024-08-27T15:01:06.833+0000][info][gc,heap        ] GC(992) Archive regions: 2->2
[2024-08-27T15:01:06.833+0000][info][gc,heap        ] GC(992) Humongous regions: 5->5
[2024-08-27T15:01:06.833+0000][info][gc,metaspace   ] GC(992) Metaspace: 100K(320K)->100K(320K) NonClass: 96K(192K)->96K(192K) Class: 4K(128K)->4K(128K)
[2024-08-27T15:01:06.833+0000][info][gc             ] GC(992) Pause Young (Normal) (G1 Preventive Collection) 966M->969M(1024M) 16.299ms
[2024-08-27T15:01:06.833+0000][info][gc,cpu         ] GC(992) User=0.38s Sys=0.00s Real=0.02s
[2024-08-27T15:01:06.840+0000][info][gc,marking     ] GC(989) Concurrent Rebuild Remembered Sets 123.726ms
[2024-08-27T15:01:06.841+0000][info][gc,start       ] GC(989) Pause Cleanup
[2024-08-27T15:01:06.842+0000][info][gc             ] GC(989) Pause Cleanup 983M->983M(1024M) 1.613ms
[2024-08-27T15:01:06.842+0000][info][gc,cpu         ] GC(989) User=0.01s Sys=0.00s Real=0.00s
[2024-08-27T15:01:06.842+0000][info][gc,marking     ] GC(989) Concurrent Cleanup for Next Mark
[2024-08-27T15:01:06.843+0000][info][gc,marking     ] GC(989) Concurrent Cleanup for Next Mark 0.655ms
[2024-08-27T15:01:06.843+0000][info][gc             ] GC(989) Concurrent Mark Cycle 150.865ms
[2024-08-27T15:01:06.846+0000][info][gc,start       ] GC(993) Pause Young (Prepare Mixed) (G1 Preventive Collection)
[2024-08-27T15:01:06.846+0000][info][gc,task        ] GC(993) Using 24 workers of 68 for evacuation
[2024-08-27T15:01:06.859+0000][info][gc,phases      ] GC(993)   Pre Evacuate Collection Set: 0.1ms
[2024-08-27T15:01:06.859+0000][info][gc,phases      ] GC(993)   Merge Heap Roots: 0.6ms
[2024-08-27T15:01:06.859+0000][info][gc,phases      ] GC(993)   Evacuate Collection Set: 11.8ms
[2024-08-27T15:01:06.859+0000][info][gc,phases      ] GC(993)   Post Evacuate Collection Set: 0.3ms
[2024-08-27T15:01:06.859+0000][info][gc,phases      ] GC(993)   Other: 0.2ms
[2024-08-27T15:01:06.859+0000][info][gc,heap        ] GC(993) Eden regions: 21->0(44)
[2024-08-27T15:01:06.859+0000][info][gc,heap        ] GC(993) Survivor regions: 7->7(7)
[2024-08-27T15:01:06.859+0000][info][gc,heap        ] GC(993) Old regions: 957->982
[2024-08-27T15:01:06.859+0000][info][gc,heap        ] GC(993) Archive regions: 2->2
[2024-08-27T15:01:06.859+0000][info][gc,heap        ] GC(993) Humongous regions: 5->5
[2024-08-27T15:01:06.859+0000][info][gc,metaspace   ] GC(993) Metaspace: 100K(320K)->100K(320K) NonClass: 96K(192K)->96K(192K) Class: 4K(128K)->4K(128K)
[2024-08-27T15:01:06.859+0000][info][gc             ] GC(993) Pause Young (Prepare Mixed) (G1 Preventive Collection) 990M->994M(1024M) 13.062ms
[2024-08-27T15:01:06.859+0000][info][gc,cpu         ] GC(993) User=0.29s Sys=0.00s Real=0.02s
[2024-08-27T15:01:06.864+0000][info][gc,start       ] GC(994) Pause Young (Mixed) (G1 Preventive Collection)
[2024-08-27T15:01:06.864+0000][info][gc,task        ] GC(994) Using 24 workers of 68 for evacuation
[2024-08-27T15:01:06.868+0000][info][gc,phases      ] GC(994)   Pre Evacuate Collection Set: 0.2ms
[2024-08-27T15:01:06.868+0000][info][gc,phases      ] GC(994)   Merge Heap Roots: 0.3ms
[2024-08-27T15:01:06.868+0000][info][gc,phases      ] GC(994)   Evacuate Collection Set: 3.9ms
[2024-08-27T15:01:06.868+0000][info][gc,phases      ] GC(994)   Post Evacuate Collection Set: 0.3ms
[2024-08-27T15:01:06.868+0000][info][gc,phases      ] GC(994)   Other: 0.1ms
[2024-08-27T15:01:06.868+0000][info][gc,heap        ] GC(994) Eden regions: 9->0(44)
[2024-08-27T15:01:06.868+0000][info][gc,heap        ] GC(994) Survivor regions: 7->7(7)
[2024-08-27T15:01:06.868+0000][info][gc,heap        ] GC(994) Old regions: 982->891
[2024-08-27T15:01:06.868+0000][info][gc,heap        ] GC(994) Archive regions: 2->2
[2024-08-27T15:01:06.868+0000][info][gc,heap        ] GC(994) Humongous regions: 5->5
[2024-08-27T15:01:06.868+0000][info][gc,metaspace   ] GC(994) Metaspace: 100K(320K)->100K(320K) NonClass: 96K(192K)->96K(192K) Class: 4K(128K)->4K(128K)
[2024-08-27T15:01:06.868+0000][info][gc             ] GC(994) Pause Young (Mixed) (G1 Preventive Collection) 1003M->903M(1024M) 4.858ms
[2024-08-27T15:01:06.868+0000][info][gc,cpu         ] GC(994) User=0.10s Sys=0.00s Real=0.00s
[2024-08-27T15:01:06.886+0000][info][gc,start       ] GC(995) Pause Young (Mixed) (G1 Evacuation Pause)
[2024-08-27T15:01:06.886+0000][info][gc,task        ] GC(995) Using 24 workers of 68 for evacuation
[2024-08-27T15:01:06.897+0000][info][gc,phases      ] GC(995)   Pre Evacuate Collection Set: 0.2ms
[2024-08-27T15:01:06.897+0000][info][gc,phases      ] GC(995)   Merge Heap Roots: 0.4ms
[2024-08-27T15:01:06.897+0000][info][gc,phases      ] GC(995)   Evacuate Collection Set: 9.2ms
[2024-08-27T15:01:06.897+0000][info][gc,phases      ] GC(995)   Post Evacuate Collection Set: 0.4ms
[2024-08-27T15:01:06.897+0000][info][gc,phases      ] GC(995)   Other: 0.3ms
[2024-08-27T15:01:06.897+0000][info][gc,heap        ] GC(995) Eden regions: 44->0(44)
[2024-08-27T15:01:06.897+0000][info][gc,heap        ] GC(995) Survivor regions: 7->7(7)
[2024-08-27T15:01:06.897+0000][info][gc,heap        ] GC(995) Old regions: 891->832
[2024-08-27T15:01:06.897+0000][info][gc,heap        ] GC(995) Archive regions: 2->2
[2024-08-27T15:01:06.897+0000][info][gc,heap        ] GC(995) Humongous regions: 5->5
[2024-08-27T15:01:06.897+0000][info][gc,metaspace   ] GC(995) Metaspace: 100K(320K)->100K(320K) NonClass: 96K(192K)->96K(192K) Class: 4K(128K)->4K(128K)
[2024-08-27T15:01:06.897+0000][info][gc             ] GC(995) Pause Young (Mixed) (G1 Evacuation Pause) 947M->844M(1024M) 10.518ms
[2024-08-27T15:01:06.897+0000][info][gc,cpu         ] GC(995) User=0.23s Sys=0.00s Real=0.01s
[2024-08-27T15:01:06.915+0000][info][gc,start       ] GC(996) Pause Young (Mixed) (G1 Evacuation Pause)
[2024-08-27T15:01:06.915+0000][info][gc,task        ] GC(996) Using 24 workers of 68 for evacuation
[2024-08-27T15:01:06.925+0000][info][gc,phases      ] GC(996)   Pre Evacuate Collection Set: 0.2ms
[2024-08-27T15:01:06.925+0000][info][gc,phases      ] GC(996)   Merge Heap Roots: 0.4ms
[2024-08-27T15:01:06.925+0000][info][gc,phases      ] GC(996)   Evacuate Collection Set: 9.8ms
[2024-08-27T15:01:06.925+0000][info][gc,phases      ] GC(996)   Post Evacuate Collection Set: 0.3ms
[2024-08-27T15:01:06.926+0000][info][gc,phases      ] GC(996)   Other: 0.2ms
[2024-08-27T15:01:06.926+0000][info][gc,heap        ] GC(996) Eden regions: 44->0(44)
[2024-08-27T15:01:06.926+0000][info][gc,heap        ] GC(996) Survivor regions: 7->7(7)
[2024-08-27T15:01:06.926+0000][info][gc,heap        ] GC(996) Old regions: 832->778
[2024-08-27T15:01:06.926+0000][info][gc,heap        ] GC(996) Archive regions: 2->2
[2024-08-27T15:01:06.926+0000][info][gc,heap        ] GC(996) Humongous regions: 5->5
[2024-08-27T15:01:06.926+0000][info][gc,metaspace   ] GC(996) Metaspace: 100K(320K)->100K(320K) NonClass: 96K(192K)->96K(192K) Class: 4K(128K)->4K(128K)
[2024-08-27T15:01:06.926+0000][info][gc             ] GC(996) Pause Young (Mixed) (G1 Evacuation Pause) 888M->790M(1024M) 11.068ms
[2024-08-27T15:01:06.926+0000][info][gc,cpu         ] GC(996) User=0.24s Sys=0.00s Real=0.01s
[2024-08-27T15:01:06.943+0000][info][gc,start       ] GC(997) Pause Young (Mixed) (G1 Evacuation Pause)
[2024-08-27T15:01:06.943+0000][info][gc,task        ] GC(997) Using 24 workers of 68 for evacuation
[2024-08-27T15:01:06.955+0000][info][gc,phases      ] GC(997)   Pre Evacuate Collection Set: 0.2ms
[2024-08-27T15:01:06.955+0000][info][gc,phases      ] GC(997)   Merge Heap Roots: 0.3ms
[2024-08-27T15:01:06.955+0000][info][gc,phases      ] GC(997)   Evacuate Collection Set: 10.2ms
[2024-08-27T15:01:06.955+0000][info][gc,phases      ] GC(997)   Post Evacuate Collection Set: 0.3ms
[2024-08-27T15:01:06.955+0000][info][gc,phases      ] GC(997)   Other: 0.2ms
[2024-08-27T15:01:06.955+0000][info][gc,heap        ] GC(997) Eden regions: 44->0(44)
[2024-08-27T15:01:06.955+0000][info][gc,heap        ] GC(997) Survivor regions: 7->7(7)
[2024-08-27T15:01:06.955+0000][info][gc,heap        ] GC(997) Old regions: 778->807
[2024-08-27T15:01:06.955+0000][info][gc,heap        ] GC(997) Archive regions: 2->2
[2024-08-27T15:01:06.955+0000][info][gc,heap        ] GC(997) Humongous regions: 5->5
[2024-08-27T15:01:06.955+0000][info][gc,metaspace   ] GC(997) Metaspace: 100K(320K)->100K(320K) NonClass: 96K(192K)->96K(192K) Class: 4K(128K)->4K(128K)
[2024-08-27T15:01:06.955+0000][info][gc             ] GC(997) Pause Young (Mixed) (G1 Evacuation Pause) 834M->819M(1024M) 11.364ms
[2024-08-27T15:01:06.955+0000][info][gc,cpu         ] GC(997) User=0.25s Sys=0.00s Real=0.01s
[2024-08-27T15:01:06.973+0000][info][gc,start       ] GC(998) Pause Young (Concurrent Start) (G1 Evacuation Pause)
[2024-08-27T15:01:06.973+0000][info][gc,task        ] GC(998) Using 24 workers of 68 for evacuation
[2024-08-27T15:01:06.984+0000][info][gc,phases      ] GC(998)   Pre Evacuate Collection Set: 0.2ms
[2024-08-27T15:01:06.984+0000][info][gc,phases      ] GC(998)   Merge Heap Roots: 0.3ms
[2024-08-27T15:01:06.984+0000][info][gc,phases      ] GC(998)   Evacuate Collection Set: 9.7ms
[2024-08-27T15:01:06.984+0000][info][gc,phases      ] GC(998)   Post Evacuate Collection Set: 0.3ms
[2024-08-27T15:01:06.984+0000][info][gc,phases      ] GC(998)   Other: 0.7ms
[2024-08-27T15:01:06.985+0000][info][gc,heap        ] GC(998) Eden regions: 44->0(44)
[2024-08-27T15:01:06.985+0000][info][gc,heap        ] GC(998) Survivor regions: 7->7(7)
[2024-08-27T15:01:06.985+0000][info][gc,heap        ] GC(998) Old regions: 807->853
[2024-08-27T15:01:06.985+0000][info][gc,heap        ] GC(998) Archive regions: 2->2
[2024-08-27T15:01:06.985+0000][info][gc,heap        ] GC(998) Humongous regions: 5->5
[2024-08-27T15:01:06.985+0000][info][gc,metaspace   ] GC(998) Metaspace: 100K(320K)->100K(320K) NonClass: 96K(192K)->96K(192K) Class: 4K(128K)->4K(128K)
[2024-08-27T15:01:06.985+0000][info][gc             ] GC(998) Pause Young (Concurrent Start) (G1 Evacuation Pause) 863M->865M(1024M) 11.223ms
[2024-08-27T15:01:06.985+0000][info][gc,cpu         ] GC(998) User=0.24s Sys=0.00s Real=0.01s
[2024-08-27T15:01:06.985+0000][info][gc             ] GC(999) Concurrent Mark Cycle
[2024-08-27T15:01:06.985+0000][info][gc,marking     ] GC(999) Concurrent Clear Claimed Marks
[2024-08-27T15:01:06.985+0000][info][gc,marking     ] GC(999) Concurrent Clear Claimed Marks 0.016ms
[2024-08-27T15:01:06.985+0000][info][gc,marking     ] GC(999) Concurrent Scan Root Regions
[2024-08-27T15:01:06.986+0000][info][gc,marking     ] GC(999) Concurrent Scan Root Regions 1.433ms
[2024-08-27T15:01:06.986+0000][info][gc,marking     ] GC(999) Concurrent Mark
[2024-08-27T15:01:06.986+0000][info][gc,marking     ] GC(999) Concurrent Mark From Roots
[2024-08-27T15:01:06.986+0000][info][gc,task        ] GC(999) Using 17 workers of 17 for marking
[2024-08-27T15:01:07.009+0000][info][gc,marking     ] GC(999) Concurrent Mark From Roots 22.693ms
[2024-08-27T15:01:07.009+0000][info][gc,marking     ] GC(999) Concurrent Preclean
[2024-08-27T15:01:07.010+0000][info][gc,marking     ] GC(999) Concurrent Preclean 0.655ms
[2024-08-27T15:01:07.010+0000][info][gc,start       ] GC(999) Pause Remark
[2024-08-27T15:01:07.011+0000][info][gc             ] GC(999) Pause Remark 906M->906M(1024M) 1.260ms
[2024-08-27T15:01:07.011+0000][info][gc,cpu         ] GC(999) User=0.00s Sys=0.00s Real=0.00s
[2024-08-27T15:01:07.011+0000][info][gc,marking     ] GC(999) Concurrent Mark 25.053ms
[2024-08-27T15:01:07.011+0000][info][gc,marking     ] GC(999) Concurrent Rebuild Remembered Sets
[2024-08-27T15:01:07.013+0000][info][gc,start       ] GC(1000) Pause Young (Normal) (G1 Evacuation Pause)
[2024-08-27T15:01:07.013+0000][info][gc,task        ] GC(1000) Using 24 workers of 68 for evacuation
[2024-08-27T15:01:07.024+0000][info][gc,phases      ] GC(1000)   Pre Evacuate Collection Set: 0.1ms
[2024-08-27T15:01:07.024+0000][info][gc,phases      ] GC(1000)   Merge Heap Roots: 0.4ms
[2024-08-27T15:01:07.024+0000][info][gc,phases      ] GC(1000)   Evacuate Collection Set: 9.4ms
[2024-08-27T15:01:07.024+0000][info][gc,phases      ] GC(1000)   Post Evacuate Collection Set: 0.4ms
[2024-08-27T15:01:07.024+0000][info][gc,phases      ] GC(1000)   Other: 0.2ms
[2024-08-27T15:01:07.024+0000][info][gc,heap        ] GC(1000) Eden regions: 44->0(44)
[2024-08-27T15:01:07.024+0000][info][gc,heap        ] GC(1000) Survivor regions: 7->7(7)
[2024-08-27T15:01:07.024+0000][info][gc,heap        ] GC(1000) Old regions: 853->899
[2024-08-27T15:01:07.024+0000][info][gc,heap        ] GC(1000) Archive regions: 2->2
[2024-08-27T15:01:07.024+0000][info][gc,heap        ] GC(1000) Humongous regions: 5->5
[2024-08-27T15:01:07.024+0000][info][gc,metaspace   ] GC(1000) Metaspace: 100K(320K)->100K(320K) NonClass: 96K(192K)->96K(192K) Class: 4K(128K)->4K(128K)
[2024-08-27T15:01:07.024+0000][info][gc             ] GC(1000) Pause Young (Normal) (G1 Evacuation Pause) 909M->911M(1024M) 10.638ms
[2024-08-27T15:01:07.024+0000][info][gc,cpu         ] GC(1000) User=0.23s Sys=0.00s Real=0.01s
[2024-08-27T15:01:07.045+0000][info][gc,start       ] GC(1001) Pause Young (Normal) (G1 Evacuation Pause)
[2024-08-27T15:01:07.045+0000][info][gc,task        ] GC(1001) Using 24 workers of 68 for evacuation
[2024-08-27T15:01:07.058+0000][info][gc,phases      ] GC(1001)   Pre Evacuate Collection Set: 0.1ms
[2024-08-27T15:01:07.058+0000][info][gc,phases      ] GC(1001)   Merge Heap Roots: 0.4ms
[2024-08-27T15:01:07.058+0000][info][gc,phases      ] GC(1001)   Evacuate Collection Set: 11.9ms
[2024-08-27T15:01:07.058+0000][info][gc,phases      ] GC(1001)   Post Evacuate Collection Set: 0.5ms
[2024-08-27T15:01:07.058+0000][info][gc,phases      ] GC(1001)   Other: 0.3ms
[2024-08-27T15:01:07.058+0000][info][gc,heap        ] GC(1001) Eden regions: 44->0(44)
[2024-08-27T15:01:07.058+0000][info][gc,heap        ] GC(1001) Survivor regions: 7->7(7)
[2024-08-27T15:01:07.058+0000][info][gc,heap        ] GC(1001) Old regions: 899->945
[2024-08-27T15:01:07.058+0000][info][gc,heap        ] GC(1001) Archive regions: 2->2
[2024-08-27T15:01:07.058+0000][info][gc,heap        ] GC(1001) Humongous regions: 5->5
[2024-08-27T15:01:07.058+0000][info][gc,metaspace   ] GC(1001) Metaspace: 100K(320K)->100K(320K) NonClass: 96K(192K)->96K(192K) Class: 4K(128K)->4K(128K)
[2024-08-27T15:01:07.058+0000][info][gc             ] GC(1001) Pause Young (Normal) (G1 Evacuation Pause) 955M->957M(1024M) 13.243ms
[2024-08-27T15:01:07.058+0000][info][gc,cpu         ] GC(1001) User=0.30s Sys=0.00s Real=0.02s
[2024-08-27T15:01:07.070+0000][info][gc,start       ] GC(1002) Pause Young (Normal) (G1 Preventive Collection)
[2024-08-27T15:01:07.070+0000][info][gc,task        ] GC(1002) Using 24 workers of 68 for evacuation
[2024-08-27T15:01:07.084+0000][info][gc,phases      ] GC(1002)   Pre Evacuate Collection Set: 0.1ms
[2024-08-27T15:01:07.084+0000][info][gc,phases      ] GC(1002)   Merge Heap Roots: 0.5ms
[2024-08-27T15:01:07.084+0000][info][gc,phases      ] GC(1002)   Evacuate Collection Set: 12.1ms
[2024-08-27T15:01:07.084+0000][info][gc,phases      ] GC(1002)   Post Evacuate Collection Set: 0.6ms
[2024-08-27T15:01:07.084+0000][info][gc,phases      ] GC(1002)   Other: 0.2ms
[2024-08-27T15:01:07.084+0000][info][gc,heap        ] GC(1002) Eden regions: 27->0(44)
[2024-08-27T15:01:07.084+0000][info][gc,heap        ] GC(1002) Survivor regions: 7->7(7)
[2024-08-27T15:01:07.084+0000][info][gc,heap        ] GC(1002) Old regions: 945->976
[2024-08-27T15:01:07.084+0000][info][gc,heap        ] GC(1002) Archive regions: 2->2
[2024-08-27T15:01:07.084+0000][info][gc,heap        ] GC(1002) Humongous regions: 5->5
[2024-08-27T15:01:07.084+0000][info][gc,metaspace   ] GC(1002) Metaspace: 100K(320K)->100K(320K) NonClass: 96K(192K)->96K(192K) Class: 4K(128K)->4K(128K)
[2024-08-27T15:01:07.084+0000][info][gc             ] GC(1002) Pause Young (Normal) (G1 Preventive Collection) 984M->988M(1024M) 13.643ms
[2024-08-27T15:01:07.084+0000][info][gc,cpu         ] GC(1002) User=0.31s Sys=0.00s Real=0.01s
[2024-08-27T15:01:07.090+0000][info][gc,start       ] GC(1003) Pause Young (Normal) (G1 Preventive Collection)
[2024-08-27T15:01:07.090+0000][info][gc,task        ] GC(1003) Using 24 workers of 68 for evacuation
[2024-08-27T15:01:07.100+0000][info][gc,phases      ] GC(1003)   Pre Evacuate Collection Set: 0.2ms
[2024-08-27T15:01:07.100+0000][info][gc,phases      ] GC(1003)   Merge Heap Roots: 0.5ms
[2024-08-27T15:01:07.100+0000][info][gc,phases      ] GC(1003)   Evacuate Collection Set: 8.8ms
[2024-08-27T15:01:07.100+0000][info][gc,phases      ] GC(1003)   Post Evacuate Collection Set: 0.5ms
[2024-08-27T15:01:07.100+0000][info][gc,phases      ] GC(1003)   Other: 0.2ms
[2024-08-27T15:01:07.100+0000][info][gc,heap        ] GC(1003) Eden regions: 12->0(44)
[2024-08-27T15:01:07.100+0000][info][gc,heap        ] GC(1003) Survivor regions: 7->7(7)
[2024-08-27T15:01:07.100+0000][info][gc,heap        ] GC(1003) Old regions: 976->991
[2024-08-27T15:01:07.100+0000][info][gc,heap        ] GC(1003) Archive regions: 2->2
[2024-08-27T15:01:07.100+0000][info][gc,heap        ] GC(1003) Humongous regions: 5->5
[2024-08-27T15:01:07.100+0000][info][gc,metaspace   ] GC(1003) Metaspace: 100K(320K)->100K(320K) NonClass: 96K(192K)->96K(192K) Class: 4K(128K)->4K(128K)
[2024-08-27T15:01:07.100+0000][info][gc             ] GC(1003) Pause Young (Normal) (G1 Preventive Collection) 1000M->1003M(1024M) 10.284ms
[2024-08-27T15:01:07.100+0000][info][gc,cpu         ] GC(1003) User=0.23s Sys=0.00s Real=0.01s
[2024-08-27T15:01:07.103+0000][info][gc,start       ] GC(1004) Pause Young (Normal) (G1 Preventive Collection)
[2024-08-27T15:01:07.103+0000][info][gc,task        ] GC(1004) Using 24 workers of 68 for evacuation
[2024-08-27T15:01:07.111+0000][info][gc             ] GC(1004) To-space exhausted
[2024-08-27T15:01:07.111+0000][info][gc,phases      ] GC(1004)   Pre Evacuate Collection Set: 0.1ms
[2024-08-27T15:01:07.111+0000][info][gc,phases      ] GC(1004)   Merge Heap Roots: 0.6ms
[2024-08-27T15:01:07.111+0000][info][gc,phases      ] GC(1004)   Evacuate Collection Set: 6.7ms
[2024-08-27T15:01:07.111+0000][info][gc,phases      ] GC(1004)   Post Evacuate Collection Set: 0.7ms
[2024-08-27T15:01:07.111+0000][info][gc,phases      ] GC(1004)   Other: 0.1ms
[2024-08-27T15:01:07.111+0000][info][gc,heap        ] GC(1004) Eden regions: 5->0(45)
[2024-08-27T15:01:07.111+0000][info][gc,heap        ] GC(1004) Survivor regions: 7->6(7)
[2024-08-27T15:01:07.111+0000][info][gc,heap        ] GC(1004) Old regions: 991->1005
[2024-08-27T15:01:07.111+0000][info][gc,heap        ] GC(1004) Archive regions: 2->2
[2024-08-27T15:01:07.111+0000][info][gc,heap        ] GC(1004) Humongous regions: 5->5
[2024-08-27T15:01:07.111+0000][info][gc,metaspace   ] GC(1004) Metaspace: 100K(320K)->100K(320K) NonClass: 96K(192K)->96K(192K) Class: 4K(128K)->4K(128K)
[2024-08-27T15:01:07.111+0000][info][gc             ] GC(1004) Pause Young (Normal) (G1 Preventive Collection) 1008M->1016M(1024M) 8.225ms
[2024-08-27T15:01:07.111+0000][info][gc,cpu         ] GC(1004) User=0.18s Sys=0.00s Real=0.01s
[2024-08-27T15:01:07.113+0000][info][gc,start       ] GC(1005) Pause Young (Normal) (G1 Preventive Collection)
[2024-08-27T15:01:07.113+0000][info][gc,task        ] GC(1005) Using 24 workers of 68 for evacuation
[2024-08-27T15:01:07.120+0000][info][gc             ] GC(1005) To-space exhausted
[2024-08-27T15:01:07.120+0000][info][gc,phases      ] GC(1005)   Pre Evacuate Collection Set: 0.1ms
[2024-08-27T15:01:07.120+0000][info][gc,phases      ] GC(1005)   Merge Heap Roots: 0.5ms
[2024-08-27T15:01:07.120+0000][info][gc,phases      ] GC(1005)   Evacuate Collection Set: 5.6ms
[2024-08-27T15:01:07.120+0000][info][gc,phases      ] GC(1005)   Post Evacuate Collection Set: 0.8ms
[2024-08-27T15:01:07.120+0000][info][gc,phases      ] GC(1005)   Other: 0.1ms
[2024-08-27T15:01:07.120+0000][info][gc,heap        ] GC(1005) Eden regions: 1->0(50)
[2024-08-27T15:01:07.120+0000][info][gc,heap        ] GC(1005) Survivor regions: 6->1(5)
[2024-08-27T15:01:07.120+0000][info][gc,heap        ] GC(1005) Old regions: 1005->1016
[2024-08-27T15:01:07.120+0000][info][gc,heap        ] GC(1005) Archive regions: 2->2
[2024-08-27T15:01:07.120+0000][info][gc,heap        ] GC(1005) Humongous regions: 5->5
[2024-08-27T15:01:07.120+0000][info][gc,metaspace   ] GC(1005) Metaspace: 100K(320K)->100K(320K) NonClass: 96K(192K)->96K(192K) Class: 4K(128K)->4K(128K)
[2024-08-27T15:01:07.120+0000][info][gc             ] GC(1005) Pause Young (Normal) (G1 Preventive Collection) 1017M->1022M(1024M) 7.175ms
[2024-08-27T15:01:07.120+0000][info][gc,cpu         ] GC(1005) User=0.15s Sys=0.00s Real=0.01s
[2024-08-27T15:01:07.120+0000][info][gc,ergo        ] Attempting full compaction
[2024-08-27T15:01:07.120+0000][info][gc,task        ] GC(1006) Using 24 workers of 68 for full compaction
[2024-08-27T15:01:07.120+0000][info][gc,start       ] GC(1006) Pause Full (G1 Compaction Pause)
[2024-08-27T15:01:07.120+0000][info][gc,phases,start] GC(1006) Phase 1: Mark live objects
[2024-08-27T15:01:07.134+0000][info][gc,phases      ] GC(1006) Phase 1: Mark live objects 13.731ms
[2024-08-27T15:01:07.134+0000][info][gc,phases,start] GC(1006) Phase 2: Prepare for compaction
[2024-08-27T15:01:07.143+0000][info][gc,phases      ] GC(1006) Phase 2: Prepare for compaction 9.014ms
[2024-08-27T15:01:07.143+0000][info][gc,phases,start] GC(1006) Phase 3: Adjust pointers
[2024-08-27T15:01:07.157+0000][info][gc,phases      ] GC(1006) Phase 3: Adjust pointers 13.686ms
[2024-08-27T15:01:07.157+0000][info][gc,phases,start] GC(1006) Phase 4: Compact heap
[2024-08-27T15:01:07.191+0000][info][gc,phases      ] GC(1006) Phase 4: Compact heap 34.413ms
[2024-08-27T15:01:07.193+0000][info][gc,heap        ] GC(1006) Eden regions: 0->0(150)
[2024-08-27T15:01:07.193+0000][info][gc,heap        ] GC(1006) Survivor regions: 1->0(5)
[2024-08-27T15:01:07.193+0000][info][gc,heap        ] GC(1006) Old regions: 1016->441
[2024-08-27T15:01:07.193+0000][info][gc,heap        ] GC(1006) Archive regions: 2->2
[2024-08-27T15:01:07.193+0000][info][gc,heap        ] GC(1006) Humongous regions: 5->5
[2024-08-27T15:01:07.193+0000][info][gc,metaspace   ] GC(1006) Metaspace: 100K(320K)->100K(320K) NonClass: 96K(192K)->96K(192K) Class: 4K(128K)->4K(128K)
[2024-08-27T15:01:07.193+0000][info][gc             ] GC(1006) Pause Full (G1 Compaction Pause) 1022M->436M(1024M) 72.900ms
[2024-08-27T15:01:07.193+0000][info][gc,cpu         ] GC(1006) User=1.61s Sys=0.00s Real=0.07s
[2024-08-27T15:01:07.193+0000][info][gc,marking     ] GC(999) Concurrent Rebuild Remembered Sets 181.842ms
[2024-08-27T15:01:07.193+0000][info][gc,marking     ] GC(999) Concurrent Mark Abort
[2024-08-27T15:01:07.193+0000][info][gc             ] GC(999) Concurrent Mark Cycle 208.540ms
[2024-08-27T15:01:07.258+0000][info][gc,start       ] GC(1007) Pause Young (Normal) (G1 Evacuation Pause)
[2024-08-27T15:01:07.258+0000][info][gc,task        ] GC(1007) Using 24 workers of 68 for evacuation
[2024-08-27T15:01:07.281+0000][info][gc,phases      ] GC(1007)   Pre Evacuate Collection Set: 0.2ms
[2024-08-27T15:01:07.281+0000][info][gc,phases      ] GC(1007)   Merge Heap Roots: 0.4ms
[2024-08-27T15:01:07.281+0000][info][gc,phases      ] GC(1007)   Evacuate Collection Set: 21.8ms
[2024-08-27T15:01:07.281+0000][info][gc,phases      ] GC(1007)   Post Evacuate Collection Set: 0.3ms
[2024-08-27T15:01:07.281+0000][info][gc,phases      ] GC(1007)   Other: 0.2ms
[2024-08-27T15:01:07.281+0000][info][gc,heap        ] GC(1007) Eden regions: 150->0(104)
[2024-08-27T15:01:07.281+0000][info][gc,heap        ] GC(1007) Survivor regions: 0->19(19)
[2024-08-27T15:01:07.281+0000][info][gc,heap        ] GC(1007) Old regions: 441->568
[2024-08-27T15:01:07.281+0000][info][gc,heap        ] GC(1007) Archive regions: 2->2
[2024-08-27T15:01:07.281+0000][info][gc,heap        ] GC(1007) Humongous regions: 5->5
[2024-08-27T15:01:07.281+0000][info][gc,metaspace   ] GC(1007) Metaspace: 100K(320K)->100K(320K) NonClass: 96K(192K)->96K(192K) Class: 4K(128K)->4K(128K)
[2024-08-27T15:01:07.281+0000][info][gc             ] GC(1007) Pause Young (Normal) (G1 Evacuation Pause) 586M->581M(1024M) 23.000ms
[2024-08-27T15:01:07.281+0000][info][gc,cpu         ] GC(1007) User=0.53s Sys=0.00s Real=0.02s
[2024-08-27T15:01:07.323+0000][info][gc,start       ] GC(1008) Pause Young (Concurrent Start) (G1 Evacuation Pause)
[2024-08-27T15:01:07.323+0000][info][gc,task        ] GC(1008) Using 24 workers of 68 for evacuation
[2024-08-27T15:01:07.343+0000][info][gc,phases      ] GC(1008)   Pre Evacuate Collection Set: 0.2ms
[2024-08-27T15:01:07.343+0000][info][gc,phases      ] GC(1008)   Merge Heap Roots: 0.3ms
[2024-08-27T15:01:07.343+0000][info][gc,phases      ] GC(1008)   Evacuate Collection Set: 18.7ms
[2024-08-27T15:01:07.343+0000][info][gc,phases      ] GC(1008)   Post Evacuate Collection Set: 0.3ms
[2024-08-27T15:01:07.343+0000][info][gc,phases      ] GC(1008)   Other: 0.6ms
[2024-08-27T15:01:07.343+0000][info][gc,heap        ] GC(1008) Eden regions: 104->0(70)
[2024-08-27T15:01:07.343+0000][info][gc,heap        ] GC(1008) Survivor regions: 19->16(16)
[2024-08-27T15:01:07.343+0000][info][gc,heap        ] GC(1008) Old regions: 568->676
[2024-08-27T15:01:07.343+0000][info][gc,heap        ] GC(1008) Archive regions: 2->2
[2024-08-27T15:01:07.343+0000][info][gc,heap        ] GC(1008) Humongous regions: 5->5
[2024-08-27T15:01:07.343+0000][info][gc,metaspace   ] GC(1008) Metaspace: 100K(320K)->100K(320K) NonClass: 96K(192K)->96K(192K) Class: 4K(128K)->4K(128K)
[2024-08-27T15:01:07.343+0000][info][gc             ] GC(1008) Pause Young (Concurrent Start) (G1 Evacuation Pause) 685M->686M(1024M) 20.136ms
[2024-08-27T15:01:07.343+0000][info][gc,cpu         ] GC(1008) User=0.45s Sys=0.00s Real=0.02s
[2024-08-27T15:01:07.343+0000][info][gc             ] GC(1009) Concurrent Mark Cycle
[2024-08-27T15:01:07.343+0000][info][gc,marking     ] GC(1009) Concurrent Clear Claimed Marks
[2024-08-27T15:01:07.343+0000][info][gc,marking     ] GC(1009) Concurrent Clear Claimed Marks 0.010ms
[2024-08-27T15:01:07.343+0000][info][gc,marking     ] GC(1009) Concurrent Scan Root Regions
[2024-08-27T15:01:07.347+0000][info][gc,marking     ] GC(1009) Concurrent Scan Root Regions 3.636ms
[2024-08-27T15:01:07.347+0000][info][gc,marking     ] GC(1009) Concurrent Mark
[2024-08-27T15:01:07.347+0000][info][gc,marking     ] GC(1009) Concurrent Mark From Roots
[2024-08-27T15:01:07.347+0000][info][gc,task        ] GC(1009) Using 17 workers of 17 for marking
[2024-08-27T15:01:07.367+0000][info][gc,marking     ] GC(1009) Concurrent Mark From Roots 20.663ms
[2024-08-27T15:01:07.367+0000][info][gc,marking     ] GC(1009) Concurrent Preclean
[2024-08-27T15:01:07.369+0000][info][gc,marking     ] GC(1009) Concurrent Preclean 1.199ms
[2024-08-27T15:01:07.369+0000][info][gc,start       ] GC(1009) Pause Remark
[2024-08-27T15:01:07.370+0000][info][gc             ] GC(1009) Pause Remark 722M->722M(1024M) 1.419ms
[2024-08-27T15:01:07.370+0000][info][gc,cpu         ] GC(1009) User=0.01s Sys=0.00s Real=0.01s
[2024-08-27T15:01:07.370+0000][info][gc,marking     ] GC(1009) Concurrent Mark 23.801ms
[2024-08-27T15:01:07.370+0000][info][gc,marking     ] GC(1009) Concurrent Rebuild Remembered Sets
[2024-08-27T15:01:07.389+0000][info][gc,start       ] GC(1010) Pause Young (Normal) (G1 Evacuation Pause)
[2024-08-27T15:01:07.389+0000][info][gc,task        ] GC(1010) Using 24 workers of 68 for evacuation
[2024-08-27T15:01:07.406+0000][info][gc,phases      ] GC(1010)   Pre Evacuate Collection Set: 0.2ms
[2024-08-27T15:01:07.406+0000][info][gc,phases      ] GC(1010)   Merge Heap Roots: 0.4ms
[2024-08-27T15:01:07.406+0000][info][gc,phases      ] GC(1010)   Evacuate Collection Set: 16.5ms
[2024-08-27T15:01:07.406+0000][info][gc,phases      ] GC(1010)   Post Evacuate Collection Set: 0.5ms
[2024-08-27T15:01:07.406+0000][info][gc,phases      ] GC(1010)   Other: 0.2ms
[2024-08-27T15:01:07.406+0000][info][gc,heap        ] GC(1010) Eden regions: 70->0(46)
[2024-08-27T15:01:07.406+0000][info][gc,heap        ] GC(1010) Survivor regions: 16->11(11)
[2024-08-27T15:01:07.406+0000][info][gc,heap        ] GC(1010) Old regions: 676->755
[2024-08-27T15:01:07.406+0000][info][gc,heap        ] GC(1010) Archive regions: 2->2
[2024-08-27T15:01:07.406+0000][info][gc,heap        ] GC(1010) Humongous regions: 5->5
[2024-08-27T15:01:07.406+0000][info][gc,metaspace   ] GC(1010) Metaspace: 100K(320K)->100K(320K) NonClass: 96K(192K)->96K(192K) Class: 4K(128K)->4K(128K)
[2024-08-27T15:01:07.406+0000][info][gc             ] GC(1010) Pause Young (Normal) (G1 Evacuation Pause) 756M->760M(1024M) 17.776ms
[2024-08-27T15:01:07.407+0000][info][gc,cpu         ] GC(1010) User=0.41s Sys=0.00s Real=0.02s
[2024-08-27T15:01:07.429+0000][info][gc,start       ] GC(1011) Pause Young (Normal) (G1 Evacuation Pause)
[2024-08-27T15:01:07.429+0000][info][gc,task        ] GC(1011) Using 24 workers of 68 for evacuation
[2024-08-27T15:01:07.447+0000][info][gc,phases      ] GC(1011)   Pre Evacuate Collection Set: 0.2ms
[2024-08-27T15:01:07.447+0000][info][gc,phases      ] GC(1011)   Merge Heap Roots: 0.4ms
[2024-08-27T15:01:07.447+0000][info][gc,phases      ] GC(1011)   Evacuate Collection Set: 16.9ms
[2024-08-27T15:01:07.447+0000][info][gc,phases      ] GC(1011)   Post Evacuate Collection Set: 0.6ms
[2024-08-27T15:01:07.447+0000][info][gc,phases      ] GC(1011)   Other: 0.2ms
[2024-08-27T15:01:07.447+0000][info][gc,heap        ] GC(1011) Eden regions: 46->0(43)
[2024-08-27T15:01:07.447+0000][info][gc,heap        ] GC(1011) Survivor regions: 11->8(8)
[2024-08-27T15:01:07.447+0000][info][gc,heap        ] GC(1011) Old regions: 755->808
[2024-08-27T15:01:07.447+0000][info][gc,heap        ] GC(1011) Archive regions: 2->2
[2024-08-27T15:01:07.447+0000][info][gc,heap        ] GC(1011) Humongous regions: 5->5
[2024-08-27T15:01:07.447+0000][info][gc,metaspace   ] GC(1011) Metaspace: 100K(320K)->100K(320K) NonClass: 96K(192K)->96K(192K) Class: 4K(128K)->4K(128K)
[2024-08-27T15:01:07.447+0000][info][gc             ] GC(1011) Pause Young (Normal) (G1 Evacuation Pause) 806M->811M(1024M) 18.290ms
[2024-08-27T15:01:07.447+0000][info][gc,cpu         ] GC(1011) User=0.42s Sys=0.01s Real=0.02s
[2024-08-27T15:01:07.468+0000][info][gc,start       ] GC(1012) Pause Young (Normal) (G1 Evacuation Pause)
[2024-08-27T15:01:07.468+0000][info][gc,task        ] GC(1012) Using 24 workers of 68 for evacuation
[2024-08-27T15:01:07.484+0000][info][gc,phases      ] GC(1012)   Pre Evacuate Collection Set: 0.1ms
[2024-08-27T15:01:07.484+0000][info][gc,phases      ] GC(1012)   Merge Heap Roots: 0.6ms
[2024-08-27T15:01:07.484+0000][info][gc,phases      ] GC(1012)   Evacuate Collection Set: 14.5ms
[2024-08-27T15:01:07.484+0000][info][gc,phases      ] GC(1012)   Post Evacuate Collection Set: 0.7ms
[2024-08-27T15:01:07.484+0000][info][gc,phases      ] GC(1012)   Other: 0.2ms
[2024-08-27T15:01:07.484+0000][info][gc,heap        ] GC(1012) Eden regions: 43->0(44)
[2024-08-27T15:01:07.484+0000][info][gc,heap        ] GC(1012) Survivor regions: 8->7(7)
[2024-08-27T15:01:07.484+0000][info][gc,heap        ] GC(1012) Old regions: 808->855
[2024-08-27T15:01:07.484+0000][info][gc,heap        ] GC(1012) Archive regions: 2->2
[2024-08-27T15:01:07.484+0000][info][gc,heap        ] GC(1012) Humongous regions: 5->5
[2024-08-27T15:01:07.484+0000][info][gc,metaspace   ] GC(1012) Metaspace: 100K(320K)->100K(320K) NonClass: 96K(192K)->96K(192K) Class: 4K(128K)->4K(128K)
[2024-08-27T15:01:07.484+0000][info][gc             ] GC(1012) Pause Young (Normal) (G1 Evacuation Pause) 854M->857M(1024M) 16.122ms
[2024-08-27T15:01:07.484+0000][info][gc,cpu         ] GC(1012) User=0.37s Sys=0.00s Real=0.02s
[2024-08-27T15:01:07.505+0000][info][gc,start       ] GC(1013) Pause Young (Normal) (G1 Evacuation Pause)
[2024-08-27T15:01:07.505+0000][info][gc,task        ] GC(1013) Using 24 workers of 68 for evacuation
[2024-08-27T15:01:07.522+0000][info][gc,phases      ] GC(1013)   Pre Evacuate Collection Set: 0.2ms
[2024-08-27T15:01:07.522+0000][info][gc,phases      ] GC(1013)   Merge Heap Roots: 0.5ms
[2024-08-27T15:01:07.522+0000][info][gc,phases      ] GC(1013)   Evacuate Collection Set: 15.7ms
[2024-08-27T15:01:07.522+0000][info][gc,phases      ] GC(1013)   Post Evacuate Collection Set: 0.8ms
[2024-08-27T15:01:07.522+0000][info][gc,phases      ] GC(1013)   Other: 0.2ms
[2024-08-27T15:01:07.522+0000][info][gc,heap        ] GC(1013) Eden regions: 44->0(44)
[2024-08-27T15:01:07.522+0000][info][gc,heap        ] GC(1013) Survivor regions: 7->7(7)
[2024-08-27T15:01:07.522+0000][info][gc,heap        ] GC(1013) Old regions: 855->902
[2024-08-27T15:01:07.522+0000][info][gc,heap        ] GC(1013) Archive regions: 2->2
[2024-08-27T15:01:07.522+0000][info][gc,heap        ] GC(1013) Humongous regions: 5->5
[2024-08-27T15:01:07.522+0000][info][gc,metaspace   ] GC(1013) Metaspace: 100K(320K)->100K(320K) NonClass: 96K(192K)->96K(192K) Class: 4K(128K)->4K(128K)
[2024-08-27T15:01:07.522+0000][info][gc             ] GC(1013) Pause Young (Normal) (G1 Evacuation Pause) 901M->903M(1024M) 17.507ms
[2024-08-27T15:01:07.522+0000][info][gc,cpu         ] GC(1013) User=0.40s Sys=0.00s Real=0.02s
[2024-08-27T15:01:07.527+0000][info][gc,marking     ] GC(1009) Concurrent Rebuild Remembered Sets 156.418ms
[2024-08-27T15:01:07.527+0000][info][gc,start       ] GC(1009) Pause Cleanup
[2024-08-27T15:01:07.528+0000][info][gc             ] GC(1009) Pause Cleanup 913M->913M(1024M) 1.148ms
[2024-08-27T15:01:07.528+0000][info][gc,cpu         ] GC(1009) User=0.01s Sys=0.00s Real=0.00s
[2024-08-27T15:01:07.528+0000][info][gc,marking     ] GC(1009) Concurrent Cleanup for Next Mark
[2024-08-27T15:01:07.529+0000][info][gc,marking     ] GC(1009) Concurrent Cleanup for Next Mark 0.729ms
[2024-08-27T15:01:07.529+0000][info][gc             ] GC(1009) Concurrent Mark Cycle 186.168ms
[2024-08-27T15:01:07.545+0000][info][gc,start       ] GC(1014) Pause Young (Prepare Mixed) (G1 Evacuation Pause)
[2024-08-27T15:01:07.545+0000][info][gc,task        ] GC(1014) Using 24 workers of 68 for evacuation
[2024-08-27T15:01:07.562+0000][info][gc,phases      ] GC(1014)   Pre Evacuate Collection Set: 0.2ms
[2024-08-27T15:01:07.562+0000][info][gc,phases      ] GC(1014)   Merge Heap Roots: 0.7ms
[2024-08-27T15:01:07.562+0000][info][gc,phases      ] GC(1014)   Evacuate Collection Set: 15.5ms
[2024-08-27T15:01:07.562+0000][info][gc,phases      ] GC(1014)   Post Evacuate Collection Set: 0.3ms
[2024-08-27T15:01:07.562+0000][info][gc,phases      ] GC(1014)   Other: 0.2ms
[2024-08-27T15:01:07.562+0000][info][gc,heap        ] GC(1014) Eden regions: 44->0(44)
[2024-08-27T15:01:07.562+0000][info][gc,heap        ] GC(1014) Survivor regions: 7->7(7)
[2024-08-27T15:01:07.562+0000][info][gc,heap        ] GC(1014) Old regions: 902->949
[2024-08-27T15:01:07.562+0000][info][gc,heap        ] GC(1014) Archive regions: 2->2
[2024-08-27T15:01:07.562+0000][info][gc,heap        ] GC(1014) Humongous regions: 5->5
[2024-08-27T15:01:07.562+0000][info][gc,metaspace   ] GC(1014) Metaspace: 100K(320K)->100K(320K) NonClass: 96K(192K)->96K(192K) Class: 4K(128K)->4K(128K)
[2024-08-27T15:01:07.562+0000][info][gc             ] GC(1014) Pause Young (Prepare Mixed) (G1 Evacuation Pause) 947M->950M(1024M) 16.962ms
[2024-08-27T15:01:07.562+0000][info][gc,cpu         ] GC(1014) User=0.39s Sys=0.00s Real=0.02s
[2024-08-27T15:01:07.574+0000][info][gc,start       ] GC(1015) Pause Young (Mixed) (G1 Preventive Collection)
[2024-08-27T15:01:07.574+0000][info][gc,task        ] GC(1015) Using 24 workers of 68 for evacuation
[2024-08-27T15:01:07.582+0000][info][gc,phases      ] GC(1015)   Pre Evacuate Collection Set: 0.2ms
[2024-08-27T15:01:07.582+0000][info][gc,phases      ] GC(1015)   Merge Heap Roots: 0.4ms
[2024-08-27T15:01:07.582+0000][info][gc,phases      ] GC(1015)   Evacuate Collection Set: 6.9ms
[2024-08-27T15:01:07.582+0000][info][gc,phases      ] GC(1015)   Post Evacuate Collection Set: 0.3ms
[2024-08-27T15:01:07.582+0000][info][gc,phases      ] GC(1015)   Other: 0.2ms
[2024-08-27T15:01:07.582+0000][info][gc,heap        ] GC(1015) Eden regions: 25->0(44)
[2024-08-27T15:01:07.582+0000][info][gc,heap        ] GC(1015) Survivor regions: 7->7(7)
[2024-08-27T15:01:07.582+0000][info][gc,heap        ] GC(1015) Old regions: 949->873
[2024-08-27T15:01:07.582+0000][info][gc,heap        ] GC(1015) Archive regions: 2->2
[2024-08-27T15:01:07.582+0000][info][gc,heap        ] GC(1015) Humongous regions: 5->5
[2024-08-27T15:01:07.582+0000][info][gc,metaspace   ] GC(1015) Metaspace: 100K(320K)->100K(320K) NonClass: 96K(192K)->96K(192K) Class: 4K(128K)->4K(128K)
[2024-08-27T15:01:07.582+0000][info][gc             ] GC(1015) Pause Young (Mixed) (G1 Preventive Collection) 975M->878M(1024M) 8.084ms
[2024-08-27T15:01:07.582+0000][info][gc,cpu         ] GC(1015) User=0.16s Sys=0.00s Real=0.01s
[2024-08-27T15:01:07.601+0000][info][gc,start       ] GC(1016) Pause Young (Mixed) (G1 Evacuation Pause)
[2024-08-27T15:01:07.601+0000][info][gc,task        ] GC(1016) Using 24 workers of 68 for evacuation
[2024-08-27T15:01:07.612+0000][info][gc,phases      ] GC(1016)   Pre Evacuate Collection Set: 0.2ms
[2024-08-27T15:01:07.612+0000][info][gc,phases      ] GC(1016)   Merge Heap Roots: 0.4ms
[2024-08-27T15:01:07.612+0000][info][gc,phases      ] GC(1016)   Evacuate Collection Set: 9.8ms
[2024-08-27T15:01:07.612+0000][info][gc,phases      ] GC(1016)   Post Evacuate Collection Set: 0.3ms
[2024-08-27T15:01:07.612+0000][info][gc,phases      ] GC(1016)   Other: 0.2ms
[2024-08-27T15:01:07.612+0000][info][gc,heap        ] GC(1016) Eden regions: 44->0(44)
[2024-08-27T15:01:07.612+0000][info][gc,heap        ] GC(1016) Survivor regions: 7->7(7)
[2024-08-27T15:01:07.612+0000][info][gc,heap        ] GC(1016) Old regions: 873->828
[2024-08-27T15:01:07.612+0000][info][gc,heap        ] GC(1016) Archive regions: 2->2
[2024-08-27T15:01:07.612+0000][info][gc,heap        ] GC(1016) Humongous regions: 5->5
[2024-08-27T15:01:07.612+0000][info][gc,metaspace   ] GC(1016) Metaspace: 100K(320K)->100K(320K) NonClass: 96K(192K)->96K(192K) Class: 4K(128K)->4K(128K)
[2024-08-27T15:01:07.612+0000][info][gc             ] GC(1016) Pause Young (Mixed) (G1 Evacuation Pause) 922M->838M(1024M) 11.078ms
[2024-08-27T15:01:07.612+0000][info][gc,cpu         ] GC(1016) User=0.25s Sys=0.01s Real=0.01s
[2024-08-27T15:01:07.631+0000][info][gc,start       ] GC(1017) Pause Young (Concurrent Start) (G1 Evacuation Pause)
[2024-08-27T15:01:07.631+0000][info][gc,task        ] GC(1017) Using 24 workers of 68 for evacuation
[2024-08-27T15:01:07.641+0000][info][gc,phases      ] GC(1017)   Pre Evacuate Collection Set: 0.1ms
[2024-08-27T15:01:07.641+0000][info][gc,phases      ] GC(1017)   Merge Heap Roots: 0.4ms
[2024-08-27T15:01:07.641+0000][info][gc,phases      ] GC(1017)   Evacuate Collection Set: 8.8ms
[2024-08-27T15:01:07.641+0000][info][gc,phases      ] GC(1017)   Post Evacuate Collection Set: 0.3ms
[2024-08-27T15:01:07.641+0000][info][gc,phases      ] GC(1017)   Other: 0.6ms
[2024-08-27T15:01:07.641+0000][info][gc,heap        ] GC(1017) Eden regions: 44->0(44)
[2024-08-27T15:01:07.641+0000][info][gc,heap        ] GC(1017) Survivor regions: 7->7(7)
[2024-08-27T15:01:07.641+0000][info][gc,heap        ] GC(1017) Old regions: 828->874
[2024-08-27T15:01:07.641+0000][info][gc,heap        ] GC(1017) Archive regions: 2->2
[2024-08-27T15:01:07.641+0000][info][gc,heap        ] GC(1017) Humongous regions: 5->5
[2024-08-27T15:01:07.641+0000][info][gc,metaspace   ] GC(1017) Metaspace: 100K(320K)->100K(320K) NonClass: 96K(192K)->96K(192K) Class: 4K(128K)->4K(128K)
[2024-08-27T15:01:07.641+0000][info][gc             ] GC(1017) Pause Young (Concurrent Start) (G1 Evacuation Pause) 882M->884M(1024M) 10.250ms
[2024-08-27T15:01:07.641+0000][info][gc,cpu         ] GC(1017) User=0.21s Sys=0.00s Real=0.01s
[2024-08-27T15:01:07.641+0000][info][gc             ] GC(1018) Concurrent Mark Cycle
[2024-08-27T15:01:07.641+0000][info][gc,marking     ] GC(1018) Concurrent Clear Claimed Marks
[2024-08-27T15:01:07.641+0000][info][gc,marking     ] GC(1018) Concurrent Clear Claimed Marks 0.011ms
[2024-08-27T15:01:07.641+0000][info][gc,marking     ] GC(1018) Concurrent Scan Root Regions
[2024-08-27T15:01:07.643+0000][info][gc,marking     ] GC(1018) Concurrent Scan Root Regions 1.648ms
[2024-08-27T15:01:07.643+0000][info][gc,marking     ] GC(1018) Concurrent Mark
[2024-08-27T15:01:07.643+0000][info][gc,marking     ] GC(1018) Concurrent Mark From Roots
[2024-08-27T15:01:07.643+0000][info][gc,task        ] GC(1018) Using 17 workers of 17 for marking
[2024-08-27T15:01:07.666+0000][info][gc,marking     ] GC(1018) Concurrent Mark From Roots 23.088ms
[2024-08-27T15:01:07.666+0000][info][gc,marking     ] GC(1018) Concurrent Preclean
[2024-08-27T15:01:07.666+0000][info][gc,marking     ] GC(1018) Concurrent Preclean 0.530ms
[2024-08-27T15:01:07.667+0000][info][gc,start       ] GC(1018) Pause Remark
[2024-08-27T15:01:07.668+0000][info][gc             ] GC(1018) Pause Remark 926M->926M(1024M) 1.444ms
[2024-08-27T15:01:07.668+0000][info][gc,cpu         ] GC(1018) User=0.01s Sys=0.00s Real=0.00s
[2024-08-27T15:01:07.668+0000][info][gc,marking     ] GC(1018) Concurrent Mark 25.495ms
[2024-08-27T15:01:07.668+0000][info][gc,marking     ] GC(1018) Concurrent Rebuild Remembered Sets
[2024-08-27T15:01:07.669+0000][info][gc,start       ] GC(1019) Pause Young (Normal) (G1 Evacuation Pause)
[2024-08-27T15:01:07.670+0000][info][gc,task        ] GC(1019) Using 24 workers of 68 for evacuation
[2024-08-27T15:01:07.680+0000][info][gc,phases      ] GC(1019)   Pre Evacuate Collection Set: 0.1ms
[2024-08-27T15:01:07.680+0000][info][gc,phases      ] GC(1019)   Merge Heap Roots: 0.3ms
[2024-08-27T15:01:07.680+0000][info][gc,phases      ] GC(1019)   Evacuate Collection Set: 9.2ms
[2024-08-27T15:01:07.680+0000][info][gc,phases      ] GC(1019)   Post Evacuate Collection Set: 0.4ms
[2024-08-27T15:01:07.680+0000][info][gc,phases      ] GC(1019)   Other: 0.2ms
[2024-08-27T15:01:07.680+0000][info][gc,heap        ] GC(1019) Eden regions: 44->0(44)
[2024-08-27T15:01:07.680+0000][info][gc,heap        ] GC(1019) Survivor regions: 7->7(7)
[2024-08-27T15:01:07.680+0000][info][gc,heap        ] GC(1019) Old regions: 874->921
[2024-08-27T15:01:07.680+0000][info][gc,heap        ] GC(1019) Archive regions: 2->2
[2024-08-27T15:01:07.680+0000][info][gc,heap        ] GC(1019) Humongous regions: 5->5
[2024-08-27T15:01:07.680+0000][info][gc,metaspace   ] GC(1019) Metaspace: 100K(320K)->100K(320K) NonClass: 96K(192K)->96K(192K) Class: 4K(128K)->4K(128K)
[2024-08-27T15:01:07.680+0000][info][gc             ] GC(1019) Pause Young (Normal) (G1 Evacuation Pause) 928M->931M(1024M) 10.254ms
[2024-08-27T15:01:07.680+0000][info][gc,cpu         ] GC(1019) User=0.23s Sys=0.00s Real=0.01s
[2024-08-27T15:01:07.698+0000][info][gc,start       ] GC(1020) Pause Young (Normal) (G1 Preventive Collection)
[2024-08-27T15:01:07.698+0000][info][gc,task        ] GC(1020) Using 24 workers of 68 for evacuation
[2024-08-27T15:01:07.710+0000][info][gc,phases      ] GC(1020)   Pre Evacuate Collection Set: 0.2ms
[2024-08-27T15:01:07.710+0000][info][gc,phases      ] GC(1020)   Merge Heap Roots: 0.4ms
[2024-08-27T15:01:07.710+0000][info][gc,phases      ] GC(1020)   Evacuate Collection Set: 11.1ms
[2024-08-27T15:01:07.710+0000][info][gc,phases      ] GC(1020)   Post Evacuate Collection Set: 0.5ms
[2024-08-27T15:01:07.710+0000][info][gc,phases      ] GC(1020)   Other: 0.3ms
[2024-08-27T15:01:07.710+0000][info][gc,heap        ] GC(1020) Eden regions: 39->0(44)
[2024-08-27T15:01:07.710+0000][info][gc,heap        ] GC(1020) Survivor regions: 7->7(7)
[2024-08-27T15:01:07.710+0000][info][gc,heap        ] GC(1020) Old regions: 921->963
[2024-08-27T15:01:07.710+0000][info][gc,heap        ] GC(1020) Archive regions: 2->2
[2024-08-27T15:01:07.710+0000][info][gc,heap        ] GC(1020) Humongous regions: 5->5
[2024-08-27T15:01:07.710+0000][info][gc,metaspace   ] GC(1020) Metaspace: 100K(320K)->100K(320K) NonClass: 96K(192K)->96K(192K) Class: 4K(128K)->4K(128K)
[2024-08-27T15:01:07.710+0000][info][gc             ] GC(1020) Pause Young (Normal) (G1 Preventive Collection) 970M->973M(1024M) 12.445ms
[2024-08-27T15:01:07.710+0000][info][gc,cpu         ] GC(1020) User=0.26s Sys=0.02s Real=0.01s
[2024-08-27T15:01:07.719+0000][info][gc,start       ] GC(1021) Pause Young (Normal) (G1 Preventive Collection)
[2024-08-27T15:01:07.719+0000][info][gc,task        ] GC(1021) Using 24 workers of 68 for evacuation
[2024-08-27T15:01:07.731+0000][info][gc             ] GC(1021) To-space exhausted
[2024-08-27T15:01:07.731+0000][info][gc,phases      ] GC(1021)   Pre Evacuate Collection Set: 0.2ms
[2024-08-27T15:01:07.731+0000][info][gc,phases      ] GC(1021)   Merge Heap Roots: 0.4ms
[2024-08-27T15:01:07.731+0000][info][gc,phases      ] GC(1021)   Evacuate Collection Set: 9.8ms
[2024-08-27T15:01:07.731+0000][info][gc,phases      ] GC(1021)   Post Evacuate Collection Set: 0.8ms
[2024-08-27T15:01:07.731+0000][info][gc,phases      ] GC(1021)   Other: 0.3ms
[2024-08-27T15:01:07.731+0000][info][gc,heap        ] GC(1021) Eden regions: 19->0(44)
[2024-08-27T15:01:07.731+0000][info][gc,heap        ] GC(1021) Survivor regions: 7->7(7)
[2024-08-27T15:01:07.731+0000][info][gc,heap        ] GC(1021) Old regions: 963->1006
[2024-08-27T15:01:07.731+0000][info][gc,heap        ] GC(1021) Archive regions: 2->2
[2024-08-27T15:01:07.731+0000][info][gc,heap        ] GC(1021) Humongous regions: 5->5
[2024-08-27T15:01:07.731+0000][info][gc,metaspace   ] GC(1021) Metaspace: 100K(320K)->100K(320K) NonClass: 96K(192K)->96K(192K) Class: 4K(128K)->4K(128K)
[2024-08-27T15:01:07.731+0000][info][gc             ] GC(1021) Pause Young (Normal) (G1 Preventive Collection) 992M->1016M(1024M) 11.487ms
[2024-08-27T15:01:07.731+0000][info][gc,cpu         ] GC(1021) User=0.26s Sys=0.00s Real=0.01s
[2024-08-27T15:01:07.732+0000][info][gc,start       ] GC(1022) Pause Young (Normal) (G1 Preventive Collection)
[2024-08-27T15:01:07.732+0000][info][gc,task        ] GC(1022) Using 24 workers of 68 for evacuation
[2024-08-27T15:01:07.739+0000][info][gc             ] GC(1022) To-space exhausted
[2024-08-27T15:01:07.739+0000][info][gc,phases      ] GC(1022)   Pre Evacuate Collection Set: 0.2ms
[2024-08-27T15:01:07.739+0000][info][gc,phases      ] GC(1022)   Merge Heap Roots: 0.6ms
[2024-08-27T15:01:07.739+0000][info][gc,phases      ] GC(1022)   Evacuate Collection Set: 5.6ms
[2024-08-27T15:01:07.739+0000][info][gc,phases      ] GC(1022)   Post Evacuate Collection Set: 0.7ms
[2024-08-27T15:01:07.739+0000][info][gc,phases      ] GC(1022)   Other: 0.2ms
[2024-08-27T15:01:07.739+0000][info][gc,heap        ] GC(1022) Eden regions: 1->0(50)
[2024-08-27T15:01:07.739+0000][info][gc,heap        ] GC(1022) Survivor regions: 7->1(3)
[2024-08-27T15:01:07.739+0000][info][gc,heap        ] GC(1022) Old regions: 1006->1016
[2024-08-27T15:01:07.739+0000][info][gc,heap        ] GC(1022) Archive regions: 2->2
[2024-08-27T15:01:07.739+0000][info][gc,heap        ] GC(1022) Humongous regions: 5->5
[2024-08-27T15:01:07.739+0000][info][gc,metaspace   ] GC(1022) Metaspace: 100K(320K)->100K(320K) NonClass: 96K(192K)->96K(192K) Class: 4K(128K)->4K(128K)
[2024-08-27T15:01:07.739+0000][info][gc             ] GC(1022) Pause Young (Normal) (G1 Preventive Collection) 1017M->1020M(1024M) 7.299ms
[2024-08-27T15:01:07.739+0000][info][gc,cpu         ] GC(1022) User=0.15s Sys=0.00s Real=0.01s
[2024-08-27T15:01:07.739+0000][info][gc,ergo        ] Attempting full compaction
[2024-08-27T15:01:07.739+0000][info][gc,task        ] GC(1023) Using 24 workers of 68 for full compaction
[2024-08-27T15:01:07.739+0000][info][gc,start       ] GC(1023) Pause Full (G1 Compaction Pause)
[2024-08-27T15:01:07.740+0000][info][gc,phases,start] GC(1023) Phase 1: Mark live objects
[2024-08-27T15:01:07.753+0000][info][gc,phases      ] GC(1023) Phase 1: Mark live objects 13.334ms
[2024-08-27T15:01:07.753+0000][info][gc,phases,start] GC(1023) Phase 2: Prepare for compaction
[2024-08-27T15:01:07.762+0000][info][gc,phases      ] GC(1023) Phase 2: Prepare for compaction 8.204ms
[2024-08-27T15:01:07.762+0000][info][gc,phases,start] GC(1023) Phase 3: Adjust pointers
[2024-08-27T15:01:07.776+0000][info][gc,phases      ] GC(1023) Phase 3: Adjust pointers 14.151ms
[2024-08-27T15:01:07.776+0000][info][gc,phases,start] GC(1023) Phase 4: Compact heap
[2024-08-27T15:01:07.806+0000][info][gc,phases      ] GC(1023) Phase 4: Compact heap 29.815ms
[2024-08-27T15:01:07.807+0000][info][gc,heap        ] GC(1023) Eden regions: 0->0(150)
[2024-08-27T15:01:07.807+0000][info][gc,heap        ] GC(1023) Survivor regions: 1->0(3)
[2024-08-27T15:01:07.807+0000][info][gc,heap        ] GC(1023) Old regions: 1016->443
[2024-08-27T15:01:07.807+0000][info][gc,heap        ] GC(1023) Archive regions: 2->2
[2024-08-27T15:01:07.807+0000][info][gc,heap        ] GC(1023) Humongous regions: 5->5
[2024-08-27T15:01:07.807+0000][info][gc,metaspace   ] GC(1023) Metaspace: 100K(320K)->100K(320K) NonClass: 96K(192K)->96K(192K) Class: 4K(128K)->4K(128K)
[2024-08-27T15:01:07.807+0000][info][gc             ] GC(1023) Pause Full (G1 Compaction Pause) 1020M->437M(1024M) 67.476ms
[2024-08-27T15:01:07.807+0000][info][gc,cpu         ] GC(1023) User=1.48s Sys=0.00s Real=0.06s
[2024-08-27T15:01:07.807+0000][info][gc,marking     ] GC(1018) Concurrent Rebuild Remembered Sets 138.967ms
[2024-08-27T15:01:07.807+0000][info][gc,marking     ] GC(1018) Concurrent Mark Abort
[2024-08-27T15:01:07.807+0000][info][gc             ] GC(1018) Concurrent Mark Cycle 166.313ms
[2024-08-27T15:01:07.872+0000][info][gc,start       ] GC(1024) Pause Young (Normal) (G1 Evacuation Pause)
[2024-08-27T15:01:07.872+0000][info][gc,task        ] GC(1024) Using 24 workers of 68 for evacuation
[2024-08-27T15:01:07.895+0000][info][gc,phases      ] GC(1024)   Pre Evacuate Collection Set: 0.1ms
[2024-08-27T15:01:07.895+0000][info][gc,phases      ] GC(1024)   Merge Heap Roots: 0.4ms
[2024-08-27T15:01:07.895+0000][info][gc,phases      ] GC(1024)   Evacuate Collection Set: 22.0ms
[2024-08-27T15:01:07.895+0000][info][gc,phases      ] GC(1024)   Post Evacuate Collection Set: 0.3ms
[2024-08-27T15:01:07.895+0000][info][gc,phases      ] GC(1024)   Other: 0.2ms
[2024-08-27T15:01:07.895+0000][info][gc,heap        ] GC(1024) Eden regions: 150->0(103)
[2024-08-27T15:01:07.895+0000][info][gc,heap        ] GC(1024) Survivor regions: 0->19(19)
[2024-08-27T15:01:07.895+0000][info][gc,heap        ] GC(1024) Old regions: 443->570
[2024-08-27T15:01:07.895+0000][info][gc,heap        ] GC(1024) Archive regions: 2->2
[2024-08-27T15:01:07.895+0000][info][gc,heap        ] GC(1024) Humongous regions: 5->5
[2024-08-27T15:01:07.895+0000][info][gc,metaspace   ] GC(1024) Metaspace: 100K(320K)->100K(320K) NonClass: 96K(192K)->96K(192K) Class: 4K(128K)->4K(128K)
[2024-08-27T15:01:07.895+0000][info][gc             ] GC(1024) Pause Young (Normal) (G1 Evacuation Pause) 587M->582M(1024M) 23.047ms
[2024-08-27T15:01:07.895+0000][info][gc,cpu         ] GC(1024) User=0.54s Sys=0.00s Real=0.02s
[2024-08-27T15:01:07.938+0000][info][gc,start       ] GC(1025) Pause Young (Concurrent Start) (G1 Evacuation Pause)
[2024-08-27T15:01:07.938+0000][info][gc,task        ] GC(1025) Using 24 workers of 68 for evacuation
[2024-08-27T15:01:07.961+0000][info][gc,phases      ] GC(1025)   Pre Evacuate Collection Set: 0.2ms
[2024-08-27T15:01:07.961+0000][info][gc,phases      ] GC(1025)   Merge Heap Roots: 0.4ms
[2024-08-27T15:01:07.961+0000][info][gc,phases      ] GC(1025)   Evacuate Collection Set: 20.9ms
[2024-08-27T15:01:07.961+0000][info][gc,phases      ] GC(1025)   Post Evacuate Collection Set: 0.3ms
[2024-08-27T15:01:07.961+0000][info][gc,phases      ] GC(1025)   Other: 0.6ms
[2024-08-27T15:01:07.961+0000][info][gc,heap        ] GC(1025) Eden regions: 103->0(70)
[2024-08-27T15:01:07.961+0000][info][gc,heap        ] GC(1025) Survivor regions: 19->16(16)
[2024-08-27T15:01:07.961+0000][info][gc,heap        ] GC(1025) Old regions: 570->677
[2024-08-27T15:01:07.961+0000][info][gc,heap        ] GC(1025) Archive regions: 2->2
[2024-08-27T15:01:07.961+0000][info][gc,heap        ] GC(1025) Humongous regions: 5->5
[2024-08-27T15:01:07.961+0000][info][gc,metaspace   ] GC(1025) Metaspace: 100K(320K)->100K(320K) NonClass: 96K(192K)->96K(192K) Class: 4K(128K)->4K(128K)
[2024-08-27T15:01:07.961+0000][info][gc             ] GC(1025) Pause Young (Concurrent Start) (G1 Evacuation Pause) 685M->687M(1024M) 22.433ms
[2024-08-27T15:01:07.961+0000][info][gc,cpu         ] GC(1025) User=0.51s Sys=0.00s Real=0.02s
[2024-08-27T15:01:07.961+0000][info][gc             ] GC(1026) Concurrent Mark Cycle
[2024-08-27T15:01:07.961+0000][info][gc,marking     ] GC(1026) Concurrent Clear Claimed Marks
[2024-08-27T15:01:07.961+0000][info][gc,marking     ] GC(1026) Concurrent Clear Claimed Marks 0.010ms
[2024-08-27T15:01:07.961+0000][info][gc,marking     ] GC(1026) Concurrent Scan Root Regions
[2024-08-27T15:01:07.965+0000][info][gc,marking     ] GC(1026) Concurrent Scan Root Regions 3.875ms
[2024-08-27T15:01:07.965+0000][info][gc,marking     ] GC(1026) Concurrent Mark
[2024-08-27T15:01:07.965+0000][info][gc,marking     ] GC(1026) Concurrent Mark From Roots
[2024-08-27T15:01:07.965+0000][info][gc,task        ] GC(1026) Using 17 workers of 17 for marking
[2024-08-27T15:01:07.986+0000][info][gc,marking     ] GC(1026) Concurrent Mark From Roots 21.572ms
[2024-08-27T15:01:07.987+0000][info][gc,marking     ] GC(1026) Concurrent Preclean
[2024-08-27T15:01:07.987+0000][info][gc,marking     ] GC(1026) Concurrent Preclean 0.564ms
[2024-08-27T15:01:07.987+0000][info][gc,start       ] GC(1026) Pause Remark
[2024-08-27T15:01:07.989+0000][info][gc             ] GC(1026) Pause Remark 724M->724M(1024M) 1.116ms
[2024-08-27T15:01:07.989+0000][info][gc,cpu         ] GC(1026) User=0.01s Sys=0.00s Real=0.00s
[2024-08-27T15:01:07.989+0000][info][gc,marking     ] GC(1026) Concurrent Mark 23.736ms
[2024-08-27T15:01:07.989+0000][info][gc,marking     ] GC(1026) Concurrent Rebuild Remembered Sets
[2024-08-27T15:01:08.005+0000][info][gc,marking     ] GC(1026) Concurrent Rebuild Remembered Sets 15.946ms
[2024-08-27T15:01:08.005+0000][info][gc,start       ] GC(1026) Pause Cleanup
[2024-08-27T15:01:08.006+0000][info][gc             ] GC(1026) Pause Cleanup 749M->749M(1024M) 1.151ms
[2024-08-27T15:01:08.006+0000][info][gc,cpu         ] GC(1026) User=0.00s Sys=0.00s Real=0.00s
[2024-08-27T15:01:08.006+0000][info][gc,marking     ] GC(1026) Concurrent Cleanup for Next Mark
[2024-08-27T15:01:08.007+0000][info][gc,marking     ] GC(1026) Concurrent Cleanup for Next Mark 0.640ms
[2024-08-27T15:01:08.007+0000][info][gc             ] GC(1026) Concurrent Mark Cycle 45.967ms
[2024-08-27T15:01:08.010+0000][info][gc,start       ] GC(1027) Pause Young (Prepare Mixed) (G1 Evacuation Pause)
[2024-08-27T15:01:08.010+0000][info][gc,task        ] GC(1027) Using 24 workers of 68 for evacuation
[2024-08-27T15:01:08.026+0000][info][gc,phases      ] GC(1027)   Pre Evacuate Collection Set: 0.2ms
[2024-08-27T15:01:08.026+0000][info][gc,phases      ] GC(1027)   Merge Heap Roots: 0.4ms
[2024-08-27T15:01:08.026+0000][info][gc,phases      ] GC(1027)   Evacuate Collection Set: 14.6ms
[2024-08-27T15:01:08.026+0000][info][gc,phases      ] GC(1027)   Post Evacuate Collection Set: 0.3ms
[2024-08-27T15:01:08.026+0000][info][gc,phases      ] GC(1027)   Other: 0.2ms
[2024-08-27T15:01:08.026+0000][info][gc,heap        ] GC(1027) Eden regions: 70->0(40)
[2024-08-27T15:01:08.026+0000][info][gc,heap        ] GC(1027) Survivor regions: 16->11(11)
[2024-08-27T15:01:08.026+0000][info][gc,heap        ] GC(1027) Old regions: 677->756
[2024-08-27T15:01:08.026+0000][info][gc,heap        ] GC(1027) Archive regions: 2->2
[2024-08-27T15:01:08.026+0000][info][gc,heap        ] GC(1027) Humongous regions: 5->5
[2024-08-27T15:01:08.026+0000][info][gc,metaspace   ] GC(1027) Metaspace: 100K(320K)->100K(320K) NonClass: 96K(192K)->96K(192K) Class: 4K(128K)->4K(128K)
[2024-08-27T15:01:08.026+0000][info][gc             ] GC(1027) Pause Young (Prepare Mixed) (G1 Evacuation Pause) 757M->761M(1024M) 15.690ms
[2024-08-27T15:01:08.026+0000][info][gc,cpu         ] GC(1027) User=0.29s Sys=0.07s Real=0.01s
[2024-08-27T15:01:08.043+0000][info][gc,start       ] GC(1028) Pause Young (Mixed) (G1 Evacuation Pause)
[2024-08-27T15:01:08.043+0000][info][gc,task        ] GC(1028) Using 24 workers of 68 for evacuation
[2024-08-27T15:01:08.055+0000][info][gc,phases      ] GC(1028)   Pre Evacuate Collection Set: 0.2ms
[2024-08-27T15:01:08.055+0000][info][gc,phases      ] GC(1028)   Merge Heap Roots: 0.3ms
[2024-08-27T15:01:08.055+0000][info][gc,phases      ] GC(1028)   Evacuate Collection Set: 11.4ms
[2024-08-27T15:01:08.055+0000][info][gc,phases      ] GC(1028)   Post Evacuate Collection Set: 0.3ms
[2024-08-27T15:01:08.055+0000][info][gc,phases      ] GC(1028)   Other: 0.2ms
[2024-08-27T15:01:08.055+0000][info][gc,heap        ] GC(1028) Eden regions: 40->0(44)
[2024-08-27T15:01:08.055+0000][info][gc,heap        ] GC(1028) Survivor regions: 11->7(7)
[2024-08-27T15:01:08.055+0000][info][gc,heap        ] GC(1028) Old regions: 756->702
[2024-08-27T15:01:08.056+0000][info][gc,heap        ] GC(1028) Archive regions: 2->2
[2024-08-27T15:01:08.056+0000][info][gc,heap        ] GC(1028) Humongous regions: 5->5
[2024-08-27T15:01:08.056+0000][info][gc,metaspace   ] GC(1028) Metaspace: 100K(320K)->100K(320K) NonClass: 96K(192K)->96K(192K) Class: 4K(128K)->4K(128K)
[2024-08-27T15:01:08.056+0000][info][gc             ] GC(1028) Pause Young (Mixed) (G1 Evacuation Pause) 801M->704M(1024M) 12.562ms
[2024-08-27T15:01:08.056+0000][info][gc,cpu         ] GC(1028) User=0.28s Sys=0.00s Real=0.01s
[2024-08-27T15:01:08.074+0000][info][gc,start       ] GC(1029) Pause Young (Mixed) (G1 Evacuation Pause)
[2024-08-27T15:01:08.074+0000][info][gc,task        ] GC(1029) Using 24 workers of 68 for evacuation
[2024-08-27T15:01:08.085+0000][info][gc,phases      ] GC(1029)   Pre Evacuate Collection Set: 0.2ms
[2024-08-27T15:01:08.085+0000][info][gc,phases      ] GC(1029)   Merge Heap Roots: 0.4ms
[2024-08-27T15:01:08.085+0000][info][gc,phases      ] GC(1029)   Evacuate Collection Set: 10.2ms
[2024-08-27T15:01:08.085+0000][info][gc,phases      ] GC(1029)   Post Evacuate Collection Set: 0.3ms
[2024-08-27T15:01:08.085+0000][info][gc,phases      ] GC(1029)   Other: 0.2ms
[2024-08-27T15:01:08.085+0000][info][gc,heap        ] GC(1029) Eden regions: 44->0(79)
[2024-08-27T15:01:08.085+0000][info][gc,heap        ] GC(1029) Survivor regions: 7->7(7)
[2024-08-27T15:01:08.085+0000][info][gc,heap        ] GC(1029) Old regions: 702->658
[2024-08-27T15:01:08.085+0000][info][gc,heap        ] GC(1029) Archive regions: 2->2
[2024-08-27T15:01:08.085+0000][info][gc,heap        ] GC(1029) Humongous regions: 5->5
[2024-08-27T15:01:08.085+0000][info][gc,metaspace   ] GC(1029) Metaspace: 100K(320K)->100K(320K) NonClass: 96K(192K)->96K(192K) Class: 4K(128K)->4K(128K)
[2024-08-27T15:01:08.085+0000][info][gc             ] GC(1029) Pause Young (Mixed) (G1 Evacuation Pause) 748M->660M(1024M) 11.341ms
[2024-08-27T15:01:08.086+0000][info][gc,cpu         ] GC(1029) User=0.25s Sys=0.00s Real=0.01s
[2024-08-27T15:01:08.118+0000][info][gc,start       ] GC(1030) Pause Young (Concurrent Start) (G1 Evacuation Pause)
[2024-08-27T15:01:08.118+0000][info][gc,task        ] GC(1030) Using 24 workers of 68 for evacuation
[2024-08-27T15:01:08.133+0000][info][gc,phases      ] GC(1030)   Pre Evacuate Collection Set: 0.2ms
[2024-08-27T15:01:08.133+0000][info][gc,phases      ] GC(1030)   Merge Heap Roots: 0.3ms
[2024-08-27T15:01:08.133+0000][info][gc,phases      ] GC(1030)   Evacuate Collection Set: 14.2ms
[2024-08-27T15:01:08.133+0000][info][gc,phases      ] GC(1030)   Post Evacuate Collection Set: 0.3ms
[2024-08-27T15:01:08.133+0000][info][gc,phases      ] GC(1030)   Other: 0.6ms
[2024-08-27T15:01:08.133+0000][info][gc,heap        ] GC(1030) Eden regions: 79->0(53)
[2024-08-27T15:01:08.133+0000][info][gc,heap        ] GC(1030) Survivor regions: 7->11(11)
[2024-08-27T15:01:08.133+0000][info][gc,heap        ] GC(1030) Old regions: 658->734
[2024-08-27T15:01:08.133+0000][info][gc,heap        ] GC(1030) Archive regions: 2->2
[2024-08-27T15:01:08.133+0000][info][gc,heap        ] GC(1030) Humongous regions: 5->5
[2024-08-27T15:01:08.133+0000][info][gc,metaspace   ] GC(1030) Metaspace: 100K(320K)->100K(320K) NonClass: 96K(192K)->96K(192K) Class: 4K(128K)->4K(128K)
[2024-08-27T15:01:08.133+0000][info][gc             ] GC(1030) Pause Young (Concurrent Start) (G1 Evacuation Pause) 739M->741M(1024M) 15.767ms
[2024-08-27T15:01:08.134+0000][info][gc,cpu         ] GC(1030) User=0.35s Sys=0.00s Real=0.01s
[2024-08-27T15:01:08.134+0000][info][gc             ] GC(1031) Concurrent Mark Cycle
[2024-08-27T15:01:08.134+0000][info][gc,marking     ] GC(1031) Concurrent Clear Claimed Marks
[2024-08-27T15:01:08.134+0000][info][gc,marking     ] GC(1031) Concurrent Clear Claimed Marks 0.017ms
[2024-08-27T15:01:08.134+0000][info][gc,marking     ] GC(1031) Concurrent Scan Root Regions
[2024-08-27T15:01:08.136+0000][info][gc,marking     ] GC(1031) Concurrent Scan Root Regions 2.659ms
[2024-08-27T15:01:08.136+0000][info][gc,marking     ] GC(1031) Concurrent Mark
[2024-08-27T15:01:08.136+0000][info][gc,marking     ] GC(1031) Concurrent Mark From Roots
[2024-08-27T15:01:08.136+0000][info][gc,task        ] GC(1031) Using 17 workers of 17 for marking
[2024-08-27T15:01:08.157+0000][info][gc,marking     ] GC(1031) Concurrent Mark From Roots 20.921ms
[2024-08-27T15:01:08.157+0000][info][gc,marking     ] GC(1031) Concurrent Preclean
[2024-08-27T15:01:08.158+0000][info][gc,marking     ] GC(1031) Concurrent Preclean 0.672ms
[2024-08-27T15:01:08.158+0000][info][gc,start       ] GC(1031) Pause Remark
[2024-08-27T15:01:08.159+0000][info][gc             ] GC(1031) Pause Remark 780M->780M(1024M) 1.080ms
[2024-08-27T15:01:08.159+0000][info][gc,cpu         ] GC(1031) User=0.00s Sys=0.00s Real=0.00s
[2024-08-27T15:01:08.160+0000][info][gc,marking     ] GC(1031) Concurrent Mark 23.162ms
[2024-08-27T15:01:08.160+0000][info][gc,marking     ] GC(1031) Concurrent Rebuild Remembered Sets
[2024-08-27T15:01:08.166+0000][info][gc,start       ] GC(1032) Pause Young (Normal) (G1 Evacuation Pause)
[2024-08-27T15:01:08.166+0000][info][gc,task        ] GC(1032) Using 24 workers of 68 for evacuation
[2024-08-27T15:01:08.179+0000][info][gc,phases      ] GC(1032)   Pre Evacuate Collection Set: 0.1ms
[2024-08-27T15:01:08.179+0000][info][gc,phases      ] GC(1032)   Merge Heap Roots: 0.3ms
[2024-08-27T15:01:08.179+0000][info][gc,phases      ] GC(1032)   Evacuate Collection Set: 11.4ms
[2024-08-27T15:01:08.179+0000][info][gc,phases      ] GC(1032)   Post Evacuate Collection Set: 0.4ms
[2024-08-27T15:01:08.179+0000][info][gc,phases      ] GC(1032)   Other: 0.2ms
[2024-08-27T15:01:08.179+0000][info][gc,heap        ] GC(1032) Eden regions: 53->0(43)
[2024-08-27T15:01:08.179+0000][info][gc,heap        ] GC(1032) Survivor regions: 11->8(8)
[2024-08-27T15:01:08.179+0000][info][gc,heap        ] GC(1032) Old regions: 734->794
[2024-08-27T15:01:08.179+0000][info][gc,heap        ] GC(1032) Archive regions: 2->2
[2024-08-27T15:01:08.179+0000][info][gc,heap        ] GC(1032) Humongous regions: 5->5
[2024-08-27T15:01:08.179+0000][info][gc,metaspace   ] GC(1032) Metaspace: 100K(320K)->100K(320K) NonClass: 96K(192K)->96K(192K) Class: 4K(128K)->4K(128K)
[2024-08-27T15:01:08.179+0000][info][gc             ] GC(1032) Pause Young (Normal) (G1 Evacuation Pause) 794M->798M(1024M) 12.573ms
[2024-08-27T15:01:08.179+0000][info][gc,cpu         ] GC(1032) User=0.29s Sys=0.00s Real=0.02s
[2024-08-27T15:01:08.199+0000][info][gc,start       ] GC(1033) Pause Young (Normal) (G1 Evacuation Pause)
[2024-08-27T15:01:08.199+0000][info][gc,task        ] GC(1033) Using 24 workers of 68 for evacuation
[2024-08-27T15:01:08.215+0000][info][gc,phases      ] GC(1033)   Pre Evacuate Collection Set: 0.2ms
[2024-08-27T15:01:08.215+0000][info][gc,phases      ] GC(1033)   Merge Heap Roots: 0.5ms
[2024-08-27T15:01:08.215+0000][info][gc,phases      ] GC(1033)   Evacuate Collection Set: 14.3ms
[2024-08-27T15:01:08.215+0000][info][gc,phases      ] GC(1033)   Post Evacuate Collection Set: 0.5ms
[2024-08-27T15:01:08.215+0000][info][gc,phases      ] GC(1033)   Other: 0.2ms
[2024-08-27T15:01:08.215+0000][info][gc,heap        ] GC(1033) Eden regions: 43->0(44)
[2024-08-27T15:01:08.215+0000][info][gc,heap        ] GC(1033) Survivor regions: 8->7(7)
[2024-08-27T15:01:08.215+0000][info][gc,heap        ] GC(1033) Old regions: 794->842
[2024-08-27T15:01:08.215+0000][info][gc,heap        ] GC(1033) Archive regions: 2->2
[2024-08-27T15:01:08.215+0000][info][gc,heap        ] GC(1033) Humongous regions: 5->5
[2024-08-27T15:01:08.215+0000][info][gc,metaspace   ] GC(1033) Metaspace: 100K(320K)->100K(320K) NonClass: 96K(192K)->96K(192K) Class: 4K(128K)->4K(128K)
[2024-08-27T15:01:08.215+0000][info][gc             ] GC(1033) Pause Young (Normal) (G1 Evacuation Pause) 841M->845M(1024M) 15.728ms
[2024-08-27T15:01:08.215+0000][info][gc,cpu         ] GC(1033) User=0.35s Sys=0.00s Real=0.01s
[2024-08-27T15:01:08.235+0000][info][gc,start       ] GC(1034) Pause Young (Normal) (G1 Evacuation Pause)
[2024-08-27T15:01:08.235+0000][info][gc,task        ] GC(1034) Using 24 workers of 68 for evacuation
[2024-08-27T15:01:08.251+0000][info][gc,phases      ] GC(1034)   Pre Evacuate Collection Set: 0.1ms
[2024-08-27T15:01:08.251+0000][info][gc,phases      ] GC(1034)   Merge Heap Roots: 0.5ms
[2024-08-27T15:01:08.251+0000][info][gc,phases      ] GC(1034)   Evacuate Collection Set: 14.0ms
[2024-08-27T15:01:08.251+0000][info][gc,phases      ] GC(1034)   Post Evacuate Collection Set: 0.6ms
[2024-08-27T15:01:08.251+0000][info][gc,phases      ] GC(1034)   Other: 0.2ms
[2024-08-27T15:01:08.251+0000][info][gc,heap        ] GC(1034) Eden regions: 44->0(44)
[2024-08-27T15:01:08.251+0000][info][gc,heap        ] GC(1034) Survivor regions: 7->7(7)
[2024-08-27T15:01:08.251+0000][info][gc,heap        ] GC(1034) Old regions: 842->889
[2024-08-27T15:01:08.251+0000][info][gc,heap        ] GC(1034) Archive regions: 2->2
[2024-08-27T15:01:08.251+0000][info][gc,heap        ] GC(1034) Humongous regions: 5->5
[2024-08-27T15:01:08.251+0000][info][gc,metaspace   ] GC(1034) Metaspace: 100K(320K)->100K(320K) NonClass: 96K(192K)->96K(192K) Class: 4K(128K)->4K(128K)
[2024-08-27T15:01:08.251+0000][info][gc             ] GC(1034) Pause Young (Normal) (G1 Evacuation Pause) 889M->892M(1024M) 15.620ms
[2024-08-27T15:01:08.251+0000][info][gc,cpu         ] GC(1034) User=0.36s Sys=0.00s Real=0.02s
[2024-08-27T15:01:08.272+0000][info][gc,start       ] GC(1035) Pause Young (Normal) (G1 Evacuation Pause)
[2024-08-27T15:01:08.272+0000][info][gc,task        ] GC(1035) Using 24 workers of 68 for evacuation
[2024-08-27T15:01:08.289+0000][info][gc,phases      ] GC(1035)   Pre Evacuate Collection Set: 0.2ms
[2024-08-27T15:01:08.289+0000][info][gc,phases      ] GC(1035)   Merge Heap Roots: 0.6ms
[2024-08-27T15:01:08.289+0000][info][gc,phases      ] GC(1035)   Evacuate Collection Set: 15.0ms
[2024-08-27T15:01:08.289+0000][info][gc,phases      ] GC(1035)   Post Evacuate Collection Set: 0.7ms
[2024-08-27T15:01:08.289+0000][info][gc,phases      ] GC(1035)   Other: 0.2ms
[2024-08-27T15:01:08.289+0000][info][gc,heap        ] GC(1035) Eden regions: 44->0(44)
[2024-08-27T15:01:08.289+0000][info][gc,heap        ] GC(1035) Survivor regions: 7->7(7)
[2024-08-27T15:01:08.289+0000][info][gc,heap        ] GC(1035) Old regions: 889->935
[2024-08-27T15:01:08.289+0000][info][gc,heap        ] GC(1035) Archive regions: 2->2
[2024-08-27T15:01:08.289+0000][info][gc,heap        ] GC(1035) Humongous regions: 5->5
[2024-08-27T15:01:08.289+0000][info][gc,metaspace   ] GC(1035) Metaspace: 100K(320K)->100K(320K) NonClass: 96K(192K)->96K(192K) Class: 4K(128K)->4K(128K)
[2024-08-27T15:01:08.289+0000][info][gc             ] GC(1035) Pause Young (Normal) (G1 Evacuation Pause) 936M->938M(1024M) 16.807ms
[2024-08-27T15:01:08.289+0000][info][gc,cpu         ] GC(1035) User=0.39s Sys=0.00s Real=0.01s
[2024-08-27T15:01:08.301+0000][info][gc,marking     ] GC(1031) Concurrent Rebuild Remembered Sets 141.522ms
[2024-08-27T15:01:08.301+0000][info][gc,start       ] GC(1031) Pause Cleanup
[2024-08-27T15:01:08.303+0000][info][gc             ] GC(1031) Pause Cleanup 963M->963M(1024M) 2.036ms
[2024-08-27T15:01:08.303+0000][info][gc,cpu         ] GC(1031) User=0.01s Sys=0.00s Real=0.00s
[2024-08-27T15:01:08.303+0000][info][gc,marking     ] GC(1031) Concurrent Cleanup for Next Mark
[2024-08-27T15:01:08.304+0000][info][gc,marking     ] GC(1031) Concurrent Cleanup for Next Mark 0.731ms
[2024-08-27T15:01:08.304+0000][info][gc             ] GC(1031) Concurrent Mark Cycle 170.612ms
[2024-08-27T15:01:08.307+0000][info][gc,start       ] GC(1036) Pause Young (Prepare Mixed) (G1 Preventive Collection)
[2024-08-27T15:01:08.307+0000][info][gc,task        ] GC(1036) Using 24 workers of 68 for evacuation
[2024-08-27T15:01:08.323+0000][info][gc,phases      ] GC(1036)   Pre Evacuate Collection Set: 0.2ms
[2024-08-27T15:01:08.323+0000][info][gc,phases      ] GC(1036)   Merge Heap Roots: 0.7ms
[2024-08-27T15:01:08.323+0000][info][gc,phases      ] GC(1036)   Evacuate Collection Set: 14.6ms
[2024-08-27T15:01:08.323+0000][info][gc,phases      ] GC(1036)   Post Evacuate Collection Set: 0.3ms
[2024-08-27T15:01:08.323+0000][info][gc,phases      ] GC(1036)   Other: 0.2ms
[2024-08-27T15:01:08.323+0000][info][gc,heap        ] GC(1036) Eden regions: 32->0(44)
[2024-08-27T15:01:08.323+0000][info][gc,heap        ] GC(1036) Survivor regions: 7->7(7)
[2024-08-27T15:01:08.323+0000][info][gc,heap        ] GC(1036) Old regions: 935->970
[2024-08-27T15:01:08.323+0000][info][gc,heap        ] GC(1036) Archive regions: 2->2
[2024-08-27T15:01:08.323+0000][info][gc,heap        ] GC(1036) Humongous regions: 5->5
[2024-08-27T15:01:08.323+0000][info][gc,metaspace   ] GC(1036) Metaspace: 100K(320K)->100K(320K) NonClass: 96K(192K)->96K(192K) Class: 4K(128K)->4K(128K)
[2024-08-27T15:01:08.323+0000][info][gc             ] GC(1036) Pause Young (Prepare Mixed) (G1 Preventive Collection) 970M->973M(1024M) 16.004ms
[2024-08-27T15:01:08.323+0000][info][gc,cpu         ] GC(1036) User=0.36s Sys=0.00s Real=0.02s
[2024-08-27T15:01:08.331+0000][info][gc,start       ] GC(1037) Pause Young (Mixed) (G1 Preventive Collection)
[2024-08-27T15:01:08.331+0000][info][gc,task        ] GC(1037) Using 24 workers of 68 for evacuation
[2024-08-27T15:01:08.336+0000][info][gc,phases      ] GC(1037)   Pre Evacuate Collection Set: 0.2ms
[2024-08-27T15:01:08.336+0000][info][gc,phases      ] GC(1037)   Merge Heap Roots: 0.3ms
[2024-08-27T15:01:08.336+0000][info][gc,phases      ] GC(1037)   Evacuate Collection Set: 4.9ms
[2024-08-27T15:01:08.336+0000][info][gc,phases      ] GC(1037)   Post Evacuate Collection Set: 0.3ms
[2024-08-27T15:01:08.336+0000][info][gc,phases      ] GC(1037)   Other: 0.1ms
[2024-08-27T15:01:08.336+0000][info][gc,heap        ] GC(1037) Eden regions: 15->0(44)
[2024-08-27T15:01:08.336+0000][info][gc,heap        ] GC(1037) Survivor regions: 7->7(7)
[2024-08-27T15:01:08.336+0000][info][gc,heap        ] GC(1037) Old regions: 970->885
[2024-08-27T15:01:08.336+0000][info][gc,heap        ] GC(1037) Archive regions: 2->2
[2024-08-27T15:01:08.336+0000][info][gc,heap        ] GC(1037) Humongous regions: 5->5
[2024-08-27T15:01:08.336+0000][info][gc,metaspace   ] GC(1037) Metaspace: 100K(320K)->100K(320K) NonClass: 96K(192K)->96K(192K) Class: 4K(128K)->4K(128K)
[2024-08-27T15:01:08.336+0000][info][gc             ] GC(1037) Pause Young (Mixed) (G1 Preventive Collection) 988M->895M(1024M) 5.912ms
[2024-08-27T15:01:08.337+0000][info][gc,cpu         ] GC(1037) User=0.12s Sys=0.00s Real=0.00s
[2024-08-27T15:01:08.355+0000][info][gc,start       ] GC(1038) Pause Young (Mixed) (G1 Evacuation Pause)
[2024-08-27T15:01:08.355+0000][info][gc,task        ] GC(1038) Using 24 workers of 68 for evacuation
[2024-08-27T15:01:08.366+0000][info][gc,phases      ] GC(1038)   Pre Evacuate Collection Set: 0.2ms
[2024-08-27T15:01:08.366+0000][info][gc,phases      ] GC(1038)   Merge Heap Roots: 0.4ms
[2024-08-27T15:01:08.366+0000][info][gc,phases      ] GC(1038)   Evacuate Collection Set: 9.4ms
[2024-08-27T15:01:08.366+0000][info][gc,phases      ] GC(1038)   Post Evacuate Collection Set: 0.4ms
[2024-08-27T15:01:08.366+0000][info][gc,phases      ] GC(1038)   Other: 0.3ms
[2024-08-27T15:01:08.366+0000][info][gc,heap        ] GC(1038) Eden regions: 44->0(44)
[2024-08-27T15:01:08.366+0000][info][gc,heap        ] GC(1038) Survivor regions: 7->7(7)
[2024-08-27T15:01:08.366+0000][info][gc,heap        ] GC(1038) Old regions: 885->826
[2024-08-27T15:01:08.366+0000][info][gc,heap        ] GC(1038) Archive regions: 2->2
[2024-08-27T15:01:08.366+0000][info][gc,heap        ] GC(1038) Humongous regions: 5->5
[2024-08-27T15:01:08.366+0000][info][gc,metaspace   ] GC(1038) Metaspace: 100K(320K)->100K(320K) NonClass: 96K(192K)->96K(192K) Class: 4K(128K)->4K(128K)
[2024-08-27T15:01:08.366+0000][info][gc             ] GC(1038) Pause Young (Mixed) (G1 Evacuation Pause) 939M->838M(1024M) 10.776ms
[2024-08-27T15:01:08.366+0000][info][gc,cpu         ] GC(1038) User=0.24s Sys=0.00s Real=0.01s
[2024-08-27T15:01:08.384+0000][info][gc,start       ] GC(1039) Pause Young (Mixed) (G1 Evacuation Pause)
[2024-08-27T15:01:08.384+0000][info][gc,task        ] GC(1039) Using 24 workers of 68 for evacuation
[2024-08-27T15:01:08.394+0000][info][gc,phases      ] GC(1039)   Pre Evacuate Collection Set: 0.2ms
[2024-08-27T15:01:08.394+0000][info][gc,phases      ] GC(1039)   Merge Heap Roots: 0.3ms
[2024-08-27T15:01:08.394+0000][info][gc,phases      ] GC(1039)   Evacuate Collection Set: 8.9ms
[2024-08-27T15:01:08.394+0000][info][gc,phases      ] GC(1039)   Post Evacuate Collection Set: 0.3ms
[2024-08-27T15:01:08.394+0000][info][gc,phases      ] GC(1039)   Other: 0.3ms
[2024-08-27T15:01:08.394+0000][info][gc,heap        ] GC(1039) Eden regions: 44->0(44)
[2024-08-27T15:01:08.394+0000][info][gc,heap        ] GC(1039) Survivor regions: 7->7(7)
[2024-08-27T15:01:08.394+0000][info][gc,heap        ] GC(1039) Old regions: 826->828
[2024-08-27T15:01:08.394+0000][info][gc,heap        ] GC(1039) Archive regions: 2->2
[2024-08-27T15:01:08.394+0000][info][gc,heap        ] GC(1039) Humongous regions: 5->5
[2024-08-27T15:01:08.394+0000][info][gc,metaspace   ] GC(1039) Metaspace: 100K(320K)->100K(320K) NonClass: 96K(192K)->96K(192K) Class: 4K(128K)->4K(128K)
[2024-08-27T15:01:08.394+0000][info][gc             ] GC(1039) Pause Young (Mixed) (G1 Evacuation Pause) 882M->840M(1024M) 10.132ms
[2024-08-27T15:01:08.394+0000][info][gc,cpu         ] GC(1039) User=0.21s Sys=0.01s Real=0.01s
[2024-08-27T15:01:08.411+0000][info][gc,start       ] GC(1040) Pause Young (Concurrent Start) (G1 Evacuation Pause)
[2024-08-27T15:01:08.411+0000][info][gc,task        ] GC(1040) Using 24 workers of 68 for evacuation
[2024-08-27T15:01:08.422+0000][info][gc,phases      ] GC(1040)   Pre Evacuate Collection Set: 0.2ms
[2024-08-27T15:01:08.422+0000][info][gc,phases      ] GC(1040)   Merge Heap Roots: 0.4ms
[2024-08-27T15:01:08.422+0000][info][gc,phases      ] GC(1040)   Evacuate Collection Set: 8.9ms
[2024-08-27T15:01:08.422+0000][info][gc,phases      ] GC(1040)   Post Evacuate Collection Set: 0.3ms
[2024-08-27T15:01:08.422+0000][info][gc,phases      ] GC(1040)   Other: 0.7ms
[2024-08-27T15:01:08.422+0000][info][gc,heap        ] GC(1040) Eden regions: 44->0(44)
[2024-08-27T15:01:08.422+0000][info][gc,heap        ] GC(1040) Survivor regions: 7->7(7)
[2024-08-27T15:01:08.422+0000][info][gc,heap        ] GC(1040) Old regions: 828->876
[2024-08-27T15:01:08.422+0000][info][gc,heap        ] GC(1040) Archive regions: 2->2
[2024-08-27T15:01:08.422+0000][info][gc,heap        ] GC(1040) Humongous regions: 5->5
[2024-08-27T15:01:08.422+0000][info][gc,metaspace   ] GC(1040) Metaspace: 100K(320K)->100K(320K) NonClass: 96K(192K)->96K(192K) Class: 4K(128K)->4K(128K)
[2024-08-27T15:01:08.422+0000][info][gc             ] GC(1040) Pause Young (Concurrent Start) (G1 Evacuation Pause) 884M->888M(1024M) 10.552ms
[2024-08-27T15:01:08.422+0000][info][gc,cpu         ] GC(1040) User=0.22s Sys=0.00s Real=0.01s
[2024-08-27T15:01:08.422+0000][info][gc             ] GC(1041) Concurrent Mark Cycle
[2024-08-27T15:01:08.422+0000][info][gc,marking     ] GC(1041) Concurrent Clear Claimed Marks
[2024-08-27T15:01:08.422+0000][info][gc,marking     ] GC(1041) Concurrent Clear Claimed Marks 0.013ms
[2024-08-27T15:01:08.422+0000][info][gc,marking     ] GC(1041) Concurrent Scan Root Regions
[2024-08-27T15:01:08.424+0000][info][gc,marking     ] GC(1041) Concurrent Scan Root Regions 1.578ms
[2024-08-27T15:01:08.424+0000][info][gc,marking     ] GC(1041) Concurrent Mark
[2024-08-27T15:01:08.424+0000][info][gc,marking     ] GC(1041) Concurrent Mark From Roots
[2024-08-27T15:01:08.424+0000][info][gc,task        ] GC(1041) Using 17 workers of 17 for marking
[2024-08-27T15:01:08.446+0000][info][gc,marking     ] GC(1041) Concurrent Mark From Roots 22.143ms
[2024-08-27T15:01:08.446+0000][info][gc,marking     ] GC(1041) Concurrent Preclean
[2024-08-27T15:01:08.447+0000][info][gc,marking     ] GC(1041) Concurrent Preclean 0.707ms
[2024-08-27T15:01:08.447+0000][info][gc,start       ] GC(1041) Pause Remark
[2024-08-27T15:01:08.448+0000][info][gc             ] GC(1041) Pause Remark 930M->930M(1024M) 1.402ms
[2024-08-27T15:01:08.448+0000][info][gc,cpu         ] GC(1041) User=0.01s Sys=0.00s Real=0.00s
[2024-08-27T15:01:08.448+0000][info][gc,marking     ] GC(1041) Concurrent Mark 24.592ms
[2024-08-27T15:01:08.448+0000][info][gc,marking     ] GC(1041) Concurrent Rebuild Remembered Sets
[2024-08-27T15:01:08.451+0000][info][gc,start       ] GC(1042) Pause Young (Normal) (G1 Evacuation Pause)
[2024-08-27T15:01:08.451+0000][info][gc,task        ] GC(1042) Using 24 workers of 68 for evacuation
[2024-08-27T15:01:08.461+0000][info][gc,phases      ] GC(1042)   Pre Evacuate Collection Set: 0.2ms
[2024-08-27T15:01:08.461+0000][info][gc,phases      ] GC(1042)   Merge Heap Roots: 0.4ms
[2024-08-27T15:01:08.461+0000][info][gc,phases      ] GC(1042)   Evacuate Collection Set: 9.3ms
[2024-08-27T15:01:08.461+0000][info][gc,phases      ] GC(1042)   Post Evacuate Collection Set: 0.4ms
[2024-08-27T15:01:08.461+0000][info][gc,phases      ] GC(1042)   Other: 0.2ms
[2024-08-27T15:01:08.461+0000][info][gc,heap        ] GC(1042) Eden regions: 44->0(44)
[2024-08-27T15:01:08.461+0000][info][gc,heap        ] GC(1042) Survivor regions: 7->7(7)
[2024-08-27T15:01:08.461+0000][info][gc,heap        ] GC(1042) Old regions: 876->923
[2024-08-27T15:01:08.461+0000][info][gc,heap        ] GC(1042) Archive regions: 2->2
[2024-08-27T15:01:08.461+0000][info][gc,heap        ] GC(1042) Humongous regions: 5->5
[2024-08-27T15:01:08.461+0000][info][gc,metaspace   ] GC(1042) Metaspace: 100K(320K)->100K(320K) NonClass: 96K(192K)->96K(192K) Class: 4K(128K)->4K(128K)
[2024-08-27T15:01:08.461+0000][info][gc             ] GC(1042) Pause Young (Normal) (G1 Evacuation Pause) 932M->935M(1024M) 10.485ms
[2024-08-27T15:01:08.461+0000][info][gc,cpu         ] GC(1042) User=0.23s Sys=0.00s Real=0.01s
[2024-08-27T15:01:08.482+0000][info][gc,start       ] GC(1043) Pause Young (Normal) (G1 Preventive Collection)
[2024-08-27T15:01:08.482+0000][info][gc,task        ] GC(1043) Using 24 workers of 68 for evacuation
[2024-08-27T15:01:08.497+0000][info][gc,phases      ] GC(1043)   Pre Evacuate Collection Set: 0.2ms
[2024-08-27T15:01:08.497+0000][info][gc,phases      ] GC(1043)   Merge Heap Roots: 0.5ms
[2024-08-27T15:01:08.497+0000][info][gc,phases      ] GC(1043)   Evacuate Collection Set: 13.3ms
[2024-08-27T15:01:08.497+0000][info][gc,phases      ] GC(1043)   Post Evacuate Collection Set: 0.5ms
[2024-08-27T15:01:08.497+0000][info][gc,phases      ] GC(1043)   Other: 0.2ms
[2024-08-27T15:01:08.497+0000][info][gc,heap        ] GC(1043) Eden regions: 38->0(44)
[2024-08-27T15:01:08.497+0000][info][gc,heap        ] GC(1043) Survivor regions: 7->7(7)
[2024-08-27T15:01:08.497+0000][info][gc,heap        ] GC(1043) Old regions: 923->964
[2024-08-27T15:01:08.497+0000][info][gc,heap        ] GC(1043) Archive regions: 2->2
[2024-08-27T15:01:08.497+0000][info][gc,heap        ] GC(1043) Humongous regions: 5->5
[2024-08-27T15:01:08.497+0000][info][gc,metaspace   ] GC(1043) Metaspace: 100K(320K)->100K(320K) NonClass: 96K(192K)->96K(192K) Class: 4K(128K)->4K(128K)
[2024-08-27T15:01:08.497+0000][info][gc             ] GC(1043) Pause Young (Normal) (G1 Preventive Collection) 973M->976M(1024M) 14.664ms
[2024-08-27T15:01:08.497+0000][info][gc,cpu         ] GC(1043) User=0.32s Sys=0.03s Real=0.01s
[2024-08-27T15:01:08.509+0000][info][gc,start       ] GC(1044) Pause Young (Normal) (G1 Preventive Collection)
[2024-08-27T15:01:08.509+0000][info][gc,task        ] GC(1044) Using 24 workers of 68 for evacuation
[2024-08-27T15:01:08.521+0000][info][gc,phases      ] GC(1044)   Pre Evacuate Collection Set: 0.2ms
[2024-08-27T15:01:08.521+0000][info][gc,phases      ] GC(1044)   Merge Heap Roots: 0.5ms
[2024-08-27T15:01:08.521+0000][info][gc,phases      ] GC(1044)   Evacuate Collection Set: 10.5ms
[2024-08-27T15:01:08.521+0000][info][gc,phases      ] GC(1044)   Post Evacuate Collection Set: 0.5ms
[2024-08-27T15:01:08.521+0000][info][gc,phases      ] GC(1044)   Other: 0.2ms
[2024-08-27T15:01:08.521+0000][info][gc,heap        ] GC(1044) Eden regions: 18->0(44)
[2024-08-27T15:01:08.521+0000][info][gc,heap        ] GC(1044) Survivor regions: 7->7(7)
[2024-08-27T15:01:08.521+0000][info][gc,heap        ] GC(1044) Old regions: 964->985
[2024-08-27T15:01:08.521+0000][info][gc,heap        ] GC(1044) Archive regions: 2->2
[2024-08-27T15:01:08.521+0000][info][gc,heap        ] GC(1044) Humongous regions: 5->5
[2024-08-27T15:01:08.521+0000][info][gc,metaspace   ] GC(1044) Metaspace: 100K(320K)->100K(320K) NonClass: 96K(192K)->96K(192K) Class: 4K(128K)->4K(128K)
[2024-08-27T15:01:08.521+0000][info][gc             ] GC(1044) Pause Young (Normal) (G1 Preventive Collection) 994M->997M(1024M) 12.050ms
[2024-08-27T15:01:08.521+0000][info][gc,cpu         ] GC(1044) User=0.27s Sys=0.00s Real=0.02s
[2024-08-27T15:01:08.527+0000][info][gc,start       ] GC(1045) Pause Young (Normal) (G1 Preventive Collection)
[2024-08-27T15:01:08.527+0000][info][gc,task        ] GC(1045) Using 24 workers of 68 for evacuation
[2024-08-27T15:01:08.535+0000][info][gc             ] GC(1045) To-space exhausted
[2024-08-27T15:01:08.535+0000][info][gc,phases      ] GC(1045)   Pre Evacuate Collection Set: 0.1ms
[2024-08-27T15:01:08.535+0000][info][gc,phases      ] GC(1045)   Merge Heap Roots: 0.5ms
[2024-08-27T15:01:08.535+0000][info][gc,phases      ] GC(1045)   Evacuate Collection Set: 7.5ms
[2024-08-27T15:01:08.535+0000][info][gc,phases      ] GC(1045)   Post Evacuate Collection Set: 0.7ms
[2024-08-27T15:01:08.536+0000][info][gc,phases      ] GC(1045)   Other: 0.2ms
[2024-08-27T15:01:08.536+0000][info][gc,heap        ] GC(1045) Eden regions: 8->0(44)
[2024-08-27T15:01:08.536+0000][info][gc,heap        ] GC(1045) Survivor regions: 7->7(7)
[2024-08-27T15:01:08.536+0000][info][gc,heap        ] GC(1045) Old regions: 985->996
[2024-08-27T15:01:08.536+0000][info][gc,heap        ] GC(1045) Archive regions: 2->2
[2024-08-27T15:01:08.536+0000][info][gc,heap        ] GC(1045) Humongous regions: 5->5
[2024-08-27T15:01:08.536+0000][info][gc,metaspace   ] GC(1045) Metaspace: 100K(320K)->100K(320K) NonClass: 96K(192K)->96K(192K) Class: 4K(128K)->4K(128K)
[2024-08-27T15:01:08.536+0000][info][gc             ] GC(1045) Pause Young (Normal) (G1 Preventive Collection) 1005M->1008M(1024M) 9.023ms
[2024-08-27T15:01:08.536+0000][info][gc,cpu         ] GC(1045) User=0.20s Sys=0.00s Real=0.01s
[2024-08-27T15:01:08.538+0000][info][gc,start       ] GC(1046) Pause Young (Normal) (G1 Preventive Collection)
[2024-08-27T15:01:08.538+0000][info][gc,task        ] GC(1046) Using 24 workers of 68 for evacuation
[2024-08-27T15:01:08.546+0000][info][gc             ] GC(1046) To-space exhausted
[2024-08-27T15:01:08.546+0000][info][gc,phases      ] GC(1046)   Pre Evacuate Collection Set: 0.1ms
[2024-08-27T15:01:08.546+0000][info][gc,phases      ] GC(1046)   Merge Heap Roots: 0.4ms
[2024-08-27T15:01:08.546+0000][info][gc,phases      ] GC(1046)   Evacuate Collection Set: 6.3ms
[2024-08-27T15:01:08.546+0000][info][gc,phases      ] GC(1046)   Post Evacuate Collection Set: 0.7ms
[2024-08-27T15:01:08.546+0000][info][gc,phases      ] GC(1046)   Other: 0.1ms
[2024-08-27T15:01:08.546+0000][info][gc,heap        ] GC(1046) Eden regions: 3->0(48)
[2024-08-27T15:01:08.546+0000][info][gc,heap        ] GC(1046) Survivor regions: 7->3(7)
[2024-08-27T15:01:08.546+0000][info][gc,heap        ] GC(1046) Old regions: 996->1014
[2024-08-27T15:01:08.546+0000][info][gc,heap        ] GC(1046) Archive regions: 2->2
[2024-08-27T15:01:08.546+0000][info][gc,heap        ] GC(1046) Humongous regions: 5->5
[2024-08-27T15:01:08.546+0000][info][gc,metaspace   ] GC(1046) Metaspace: 100K(320K)->100K(320K) NonClass: 96K(192K)->96K(192K) Class: 4K(128K)->4K(128K)
[2024-08-27T15:01:08.546+0000][info][gc             ] GC(1046) Pause Young (Normal) (G1 Preventive Collection) 1011M->1022M(1024M) 7.783ms
[2024-08-27T15:01:08.546+0000][info][gc,cpu         ] GC(1046) User=0.17s Sys=0.00s Real=0.00s
[2024-08-27T15:01:08.546+0000][info][gc,ergo        ] Attempting full compaction
[2024-08-27T15:01:08.546+0000][info][gc,task        ] GC(1047) Using 24 workers of 68 for full compaction
[2024-08-27T15:01:08.546+0000][info][gc,start       ] GC(1047) Pause Full (G1 Compaction Pause)
[2024-08-27T15:01:08.547+0000][info][gc,phases,start] GC(1047) Phase 1: Mark live objects
[2024-08-27T15:01:08.562+0000][info][gc,phases      ] GC(1047) Phase 1: Mark live objects 15.019ms
[2024-08-27T15:01:08.562+0000][info][gc,phases,start] GC(1047) Phase 2: Prepare for compaction
[2024-08-27T15:01:08.570+0000][info][gc,phases      ] GC(1047) Phase 2: Prepare for compaction 8.269ms
[2024-08-27T15:01:08.570+0000][info][gc,phases,start] GC(1047) Phase 3: Adjust pointers
[2024-08-27T15:01:08.584+0000][info][gc,phases      ] GC(1047) Phase 3: Adjust pointers 14.479ms
[2024-08-27T15:01:08.584+0000][info][gc,phases,start] GC(1047) Phase 4: Compact heap
[2024-08-27T15:01:08.614+0000][info][gc,phases      ] GC(1047) Phase 4: Compact heap 29.419ms
[2024-08-27T15:01:08.615+0000][info][gc,heap        ] GC(1047) Eden regions: 0->0(149)
[2024-08-27T15:01:08.615+0000][info][gc,heap        ] GC(1047) Survivor regions: 3->0(7)
[2024-08-27T15:01:08.615+0000][info][gc,heap        ] GC(1047) Old regions: 1014->444
[2024-08-27T15:01:08.615+0000][info][gc,heap        ] GC(1047) Archive regions: 2->2
[2024-08-27T15:01:08.615+0000][info][gc,heap        ] GC(1047) Humongous regions: 5->5
[2024-08-27T15:01:08.615+0000][info][gc,metaspace   ] GC(1047) Metaspace: 100K(320K)->100K(320K) NonClass: 96K(192K)->96K(192K) Class: 4K(128K)->4K(128K)
[2024-08-27T15:01:08.615+0000][info][gc             ] GC(1047) Pause Full (G1 Compaction Pause) 1022M->437M(1024M) 69.300ms
[2024-08-27T15:01:08.615+0000][info][gc,cpu         ] GC(1047) User=1.44s Sys=0.04s Real=0.07s
[2024-08-27T15:01:08.615+0000][info][gc,marking     ] GC(1041) Concurrent Rebuild Remembered Sets 167.183ms
[2024-08-27T15:01:08.616+0000][info][gc,marking     ] GC(1041) Concurrent Mark Abort
[2024-08-27T15:01:08.616+0000][info][gc             ] GC(1041) Concurrent Mark Cycle 193.528ms
[2024-08-27T15:01:08.682+0000][info][gc,start       ] GC(1048) Pause Young (Normal) (G1 Evacuation Pause)
[2024-08-27T15:01:08.682+0000][info][gc,task        ] GC(1048) Using 24 workers of 68 for evacuation
[2024-08-27T15:01:08.705+0000][info][gc,phases      ] GC(1048)   Pre Evacuate Collection Set: 0.3ms
[2024-08-27T15:01:08.705+0000][info][gc,phases      ] GC(1048)   Merge Heap Roots: 0.4ms
[2024-08-27T15:01:08.705+0000][info][gc,phases      ] GC(1048)   Evacuate Collection Set: 22.2ms
[2024-08-27T15:01:08.705+0000][info][gc,phases      ] GC(1048)   Post Evacuate Collection Set: 0.3ms
[2024-08-27T15:01:08.705+0000][info][gc,phases      ] GC(1048)   Other: 0.3ms
[2024-08-27T15:01:08.705+0000][info][gc,heap        ] GC(1048) Eden regions: 149->0(103)
[2024-08-27T15:01:08.705+0000][info][gc,heap        ] GC(1048) Survivor regions: 0->19(19)
[2024-08-27T15:01:08.705+0000][info][gc,heap        ] GC(1048) Old regions: 444->570
[2024-08-27T15:01:08.705+0000][info][gc,heap        ] GC(1048) Archive regions: 2->2
[2024-08-27T15:01:08.705+0000][info][gc,heap        ] GC(1048) Humongous regions: 5->5
[2024-08-27T15:01:08.705+0000][info][gc,metaspace   ] GC(1048) Metaspace: 100K(320K)->100K(320K) NonClass: 96K(192K)->96K(192K) Class: 4K(128K)->4K(128K)
[2024-08-27T15:01:08.705+0000][info][gc             ] GC(1048) Pause Young (Normal) (G1 Evacuation Pause) 586M->582M(1024M) 23.505ms
[2024-08-27T15:01:08.705+0000][info][gc,cpu         ] GC(1048) User=0.48s Sys=0.05s Real=0.02s
[2024-08-27T15:01:08.748+0000][info][gc,start       ] GC(1049) Pause Young (Concurrent Start) (G1 Evacuation Pause)
[2024-08-27T15:01:08.748+0000][info][gc,task        ] GC(1049) Using 24 workers of 68 for evacuation
[2024-08-27T15:01:08.768+0000][info][gc,phases      ] GC(1049)   Pre Evacuate Collection Set: 0.2ms
[2024-08-27T15:01:08.768+0000][info][gc,phases      ] GC(1049)   Merge Heap Roots: 0.3ms
[2024-08-27T15:01:08.768+0000][info][gc,phases      ] GC(1049)   Evacuate Collection Set: 18.9ms
[2024-08-27T15:01:08.768+0000][info][gc,phases      ] GC(1049)   Post Evacuate Collection Set: 0.3ms
[2024-08-27T15:01:08.768+0000][info][gc,phases      ] GC(1049)   Other: 0.6ms
[2024-08-27T15:01:08.768+0000][info][gc,heap        ] GC(1049) Eden regions: 103->0(70)
[2024-08-27T15:01:08.768+0000][info][gc,heap        ] GC(1049) Survivor regions: 19->16(16)
[2024-08-27T15:01:08.768+0000][info][gc,heap        ] GC(1049) Old regions: 570->676
[2024-08-27T15:01:08.768+0000][info][gc,heap        ] GC(1049) Archive regions: 2->2
[2024-08-27T15:01:08.768+0000][info][gc,heap        ] GC(1049) Humongous regions: 5->5
[2024-08-27T15:01:08.768+0000][info][gc,metaspace   ] GC(1049) Metaspace: 100K(320K)->100K(320K) NonClass: 96K(192K)->96K(192K) Class: 4K(128K)->4K(128K)
[2024-08-27T15:01:08.768+0000][info][gc             ] GC(1049) Pause Young (Concurrent Start) (G1 Evacuation Pause) 685M->685M(1024M) 20.288ms
[2024-08-27T15:01:08.768+0000][info][gc,cpu         ] GC(1049) User=0.46s Sys=0.00s Real=0.02s
[2024-08-27T15:01:08.768+0000][info][gc             ] GC(1050) Concurrent Mark Cycle
[2024-08-27T15:01:08.768+0000][info][gc,marking     ] GC(1050) Concurrent Clear Claimed Marks
[2024-08-27T15:01:08.768+0000][info][gc,marking     ] GC(1050) Concurrent Clear Claimed Marks 0.013ms
[2024-08-27T15:01:08.768+0000][info][gc,marking     ] GC(1050) Concurrent Scan Root Regions
[2024-08-27T15:01:08.772+0000][info][gc,marking     ] GC(1050) Concurrent Scan Root Regions 3.460ms
[2024-08-27T15:01:08.772+0000][info][gc,marking     ] GC(1050) Concurrent Mark
[2024-08-27T15:01:08.772+0000][info][gc,marking     ] GC(1050) Concurrent Mark From Roots
[2024-08-27T15:01:08.772+0000][info][gc,task        ] GC(1050) Using 17 workers of 17 for marking
[2024-08-27T15:01:08.792+0000][info][gc,marking     ] GC(1050) Concurrent Mark From Roots 19.907ms
[2024-08-27T15:01:08.792+0000][info][gc,marking     ] GC(1050) Concurrent Preclean
[2024-08-27T15:01:08.792+0000][info][gc,marking     ] GC(1050) Concurrent Preclean 0.682ms
[2024-08-27T15:01:08.793+0000][info][gc,start       ] GC(1050) Pause Remark
[2024-08-27T15:01:08.794+0000][info][gc             ] GC(1050) Pause Remark 725M->725M(1024M) 1.073ms
[2024-08-27T15:01:08.794+0000][info][gc,cpu         ] GC(1050) User=0.00s Sys=0.00s Real=0.00s
[2024-08-27T15:01:08.794+0000][info][gc,marking     ] GC(1050) Concurrent Mark 22.092ms
[2024-08-27T15:01:08.794+0000][info][gc,marking     ] GC(1050) Concurrent Rebuild Remembered Sets
[2024-08-27T15:01:08.808+0000][info][gc,start       ] GC(1051) Pause Young (Normal) (G1 Evacuation Pause)
[2024-08-27T15:01:08.808+0000][info][gc,task        ] GC(1051) Using 24 workers of 68 for evacuation
[2024-08-27T15:01:08.824+0000][info][gc,phases      ] GC(1051)   Pre Evacuate Collection Set: 0.1ms
[2024-08-27T15:01:08.824+0000][info][gc,phases      ] GC(1051)   Merge Heap Roots: 0.3ms
[2024-08-27T15:01:08.824+0000][info][gc,phases      ] GC(1051)   Evacuate Collection Set: 15.0ms
[2024-08-27T15:01:08.824+0000][info][gc,phases      ] GC(1051)   Post Evacuate Collection Set: 0.5ms
[2024-08-27T15:01:08.824+0000][info][gc,phases      ] GC(1051)   Other: 0.2ms
[2024-08-27T15:01:08.824+0000][info][gc,heap        ] GC(1051) Eden regions: 70->0(46)
[2024-08-27T15:01:08.824+0000][info][gc,heap        ] GC(1051) Survivor regions: 16->11(11)
[2024-08-27T15:01:08.824+0000][info][gc,heap        ] GC(1051) Old regions: 676->755
[2024-08-27T15:01:08.824+0000][info][gc,heap        ] GC(1051) Archive regions: 2->2
[2024-08-27T15:01:08.824+0000][info][gc,heap        ] GC(1051) Humongous regions: 5->5
[2024-08-27T15:01:08.824+0000][info][gc,metaspace   ] GC(1051) Metaspace: 100K(320K)->100K(320K) NonClass: 96K(192K)->96K(192K) Class: 4K(128K)->4K(128K)
[2024-08-27T15:01:08.824+0000][info][gc             ] GC(1051) Pause Young (Normal) (G1 Evacuation Pause) 755M->759M(1024M) 16.268ms
[2024-08-27T15:01:08.824+0000][info][gc,cpu         ] GC(1051) User=0.37s Sys=0.00s Real=0.02s
[2024-08-27T15:01:08.846+0000][info][gc,start       ] GC(1052) Pause Young (Normal) (G1 Evacuation Pause)
[2024-08-27T15:01:08.846+0000][info][gc,task        ] GC(1052) Using 24 workers of 68 for evacuation
[2024-08-27T15:01:08.864+0000][info][gc,phases      ] GC(1052)   Pre Evacuate Collection Set: 0.2ms
[2024-08-27T15:01:08.864+0000][info][gc,phases      ] GC(1052)   Merge Heap Roots: 0.4ms
[2024-08-27T15:01:08.864+0000][info][gc,phases      ] GC(1052)   Evacuate Collection Set: 16.9ms
[2024-08-27T15:01:08.864+0000][info][gc,phases      ] GC(1052)   Post Evacuate Collection Set: 0.6ms
[2024-08-27T15:01:08.864+0000][info][gc,phases      ] GC(1052)   Other: 0.2ms
[2024-08-27T15:01:08.864+0000][info][gc,heap        ] GC(1052) Eden regions: 46->0(43)
[2024-08-27T15:01:08.864+0000][info][gc,heap        ] GC(1052) Survivor regions: 11->8(8)
[2024-08-27T15:01:08.864+0000][info][gc,heap        ] GC(1052) Old regions: 755->809
[2024-08-27T15:01:08.864+0000][info][gc,heap        ] GC(1052) Archive regions: 2->2
[2024-08-27T15:01:08.864+0000][info][gc,heap        ] GC(1052) Humongous regions: 5->5
[2024-08-27T15:01:08.864+0000][info][gc,metaspace   ] GC(1052) Metaspace: 100K(320K)->100K(320K) NonClass: 96K(192K)->96K(192K) Class: 4K(128K)->4K(128K)
[2024-08-27T15:01:08.864+0000][info][gc             ] GC(1052) Pause Young (Normal) (G1 Evacuation Pause) 805M->810M(1024M) 18.311ms
[2024-08-27T15:01:08.864+0000][info][gc,cpu         ] GC(1052) User=0.42s Sys=0.00s Real=0.02s
[2024-08-27T15:01:08.884+0000][info][gc,start       ] GC(1053) Pause Young (Normal) (G1 Evacuation Pause)
[2024-08-27T15:01:08.884+0000][info][gc,task        ] GC(1053) Using 24 workers of 68 for evacuation
[2024-08-27T15:01:08.901+0000][info][gc,phases      ] GC(1053)   Pre Evacuate Collection Set: 0.1ms
[2024-08-27T15:01:08.901+0000][info][gc,phases      ] GC(1053)   Merge Heap Roots: 0.6ms
[2024-08-27T15:01:08.901+0000][info][gc,phases      ] GC(1053)   Evacuate Collection Set: 14.8ms
[2024-08-27T15:01:08.901+0000][info][gc,phases      ] GC(1053)   Post Evacuate Collection Set: 0.7ms
[2024-08-27T15:01:08.901+0000][info][gc,phases      ] GC(1053)   Other: 0.2ms
[2024-08-27T15:01:08.901+0000][info][gc,heap        ] GC(1053) Eden regions: 43->0(44)
[2024-08-27T15:01:08.901+0000][info][gc,heap        ] GC(1053) Survivor regions: 8->7(7)
[2024-08-27T15:01:08.901+0000][info][gc,heap        ] GC(1053) Old regions: 809->858
[2024-08-27T15:01:08.901+0000][info][gc,heap        ] GC(1053) Archive regions: 2->2
[2024-08-27T15:01:08.901+0000][info][gc,heap        ] GC(1053) Humongous regions: 5->5
[2024-08-27T15:01:08.901+0000][info][gc,metaspace   ] GC(1053) Metaspace: 100K(320K)->100K(320K) NonClass: 96K(192K)->96K(192K) Class: 4K(128K)->4K(128K)
[2024-08-27T15:01:08.901+0000][info][gc             ] GC(1053) Pause Young (Normal) (G1 Evacuation Pause) 853M->858M(1024M) 16.470ms
[2024-08-27T15:01:08.901+0000][info][gc,cpu         ] GC(1053) User=0.38s Sys=0.00s Real=0.02s
[2024-08-27T15:01:08.922+0000][info][gc,start       ] GC(1054) Pause Young (Normal) (G1 Evacuation Pause)
[2024-08-27T15:01:08.922+0000][info][gc,task        ] GC(1054) Using 24 workers of 68 for evacuation
[2024-08-27T15:01:08.939+0000][info][gc,phases      ] GC(1054)   Pre Evacuate Collection Set: 0.1ms
[2024-08-27T15:01:08.939+0000][info][gc,phases      ] GC(1054)   Merge Heap Roots: 0.5ms
[2024-08-27T15:01:08.939+0000][info][gc,phases      ] GC(1054)   Evacuate Collection Set: 15.3ms
[2024-08-27T15:01:08.939+0000][info][gc,phases      ] GC(1054)   Post Evacuate Collection Set: 0.8ms
[2024-08-27T15:01:08.939+0000][info][gc,phases      ] GC(1054)   Other: 0.2ms
[2024-08-27T15:01:08.939+0000][info][gc,heap        ] GC(1054) Eden regions: 44->0(44)
[2024-08-27T15:01:08.939+0000][info][gc,heap        ] GC(1054) Survivor regions: 7->7(7)
[2024-08-27T15:01:08.939+0000][info][gc,heap        ] GC(1054) Old regions: 858->905
[2024-08-27T15:01:08.939+0000][info][gc,heap        ] GC(1054) Archive regions: 2->2
[2024-08-27T15:01:08.939+0000][info][gc,heap        ] GC(1054) Humongous regions: 5->5
[2024-08-27T15:01:08.939+0000][info][gc,metaspace   ] GC(1054) Metaspace: 100K(320K)->100K(320K) NonClass: 96K(192K)->96K(192K) Class: 4K(128K)->4K(128K)
[2024-08-27T15:01:08.939+0000][info][gc             ] GC(1054) Pause Young (Normal) (G1 Evacuation Pause) 902M->904M(1024M) 17.012ms
[2024-08-27T15:01:08.939+0000][info][gc,cpu         ] GC(1054) User=0.39s Sys=0.00s Real=0.02s
[2024-08-27T15:01:08.948+0000][info][gc,marking     ] GC(1050) Concurrent Rebuild Remembered Sets 153.782ms
[2024-08-27T15:01:08.948+0000][info][gc,start       ] GC(1050) Pause Cleanup
[2024-08-27T15:01:08.949+0000][info][gc             ] GC(1050) Pause Cleanup 922M->922M(1024M) 1.253ms
[2024-08-27T15:01:08.949+0000][info][gc,cpu         ] GC(1050) User=0.00s Sys=0.00s Real=0.00s
[2024-08-27T15:01:08.949+0000][info][gc,marking     ] GC(1050) Concurrent Cleanup for Next Mark
[2024-08-27T15:01:08.950+0000][info][gc,marking     ] GC(1050) Concurrent Cleanup for Next Mark 0.654ms
[2024-08-27T15:01:08.950+0000][info][gc             ] GC(1050) Concurrent Mark Cycle 181.747ms
[2024-08-27T15:01:08.962+0000][info][gc,start       ] GC(1055) Pause Young (Prepare Mixed) (G1 Evacuation Pause)
[2024-08-27T15:01:08.962+0000][info][gc,task        ] GC(1055) Using 24 workers of 68 for evacuation
[2024-08-27T15:01:08.980+0000][info][gc,phases      ] GC(1055)   Pre Evacuate Collection Set: 0.1ms
[2024-08-27T15:01:08.980+0000][info][gc,phases      ] GC(1055)   Merge Heap Roots: 0.8ms
[2024-08-27T15:01:08.980+0000][info][gc,phases      ] GC(1055)   Evacuate Collection Set: 16.0ms
[2024-08-27T15:01:08.980+0000][info][gc,phases      ] GC(1055)   Post Evacuate Collection Set: 0.3ms
[2024-08-27T15:01:08.980+0000][info][gc,phases      ] GC(1055)   Other: 0.2ms
[2024-08-27T15:01:08.980+0000][info][gc,heap        ] GC(1055) Eden regions: 44->0(44)
[2024-08-27T15:01:08.980+0000][info][gc,heap        ] GC(1055) Survivor regions: 7->7(7)
[2024-08-27T15:01:08.980+0000][info][gc,heap        ] GC(1055) Old regions: 905->952
[2024-08-27T15:01:08.980+0000][info][gc,heap        ] GC(1055) Archive regions: 2->2
[2024-08-27T15:01:08.980+0000][info][gc,heap        ] GC(1055) Humongous regions: 5->5
[2024-08-27T15:01:08.980+0000][info][gc,metaspace   ] GC(1055) Metaspace: 100K(320K)->100K(320K) NonClass: 96K(192K)->96K(192K) Class: 4K(128K)->4K(128K)
[2024-08-27T15:01:08.980+0000][info][gc             ] GC(1055) Pause Young (Prepare Mixed) (G1 Evacuation Pause) 948M->951M(1024M) 17.424ms
[2024-08-27T15:01:08.980+0000][info][gc,cpu         ] GC(1055) User=0.40s Sys=0.00s Real=0.02s
[2024-08-27T15:01:08.990+0000][info][gc,start       ] GC(1056) Pause Young (Mixed) (G1 Preventive Collection)
[2024-08-27T15:01:08.990+0000][info][gc,task        ] GC(1056) Using 24 workers of 68 for evacuation
[2024-08-27T15:01:08.998+0000][info][gc,phases      ] GC(1056)   Pre Evacuate Collection Set: 0.2ms
[2024-08-27T15:01:08.998+0000][info][gc,phases      ] GC(1056)   Merge Heap Roots: 0.4ms
[2024-08-27T15:01:08.998+0000][info][gc,phases      ] GC(1056)   Evacuate Collection Set: 6.3ms
[2024-08-27T15:01:08.998+0000][info][gc,phases      ] GC(1056)   Post Evacuate Collection Set: 0.3ms
[2024-08-27T15:01:08.998+0000][info][gc,phases      ] GC(1056)   Other: 0.2ms
[2024-08-27T15:01:08.998+0000][info][gc,heap        ] GC(1056) Eden regions: 23->0(44)
[2024-08-27T15:01:08.998+0000][info][gc,heap        ] GC(1056) Survivor regions: 7->7(7)
[2024-08-27T15:01:08.998+0000][info][gc,heap        ] GC(1056) Old regions: 952->876
[2024-08-27T15:01:08.998+0000][info][gc,heap        ] GC(1056) Archive regions: 2->2
[2024-08-27T15:01:08.998+0000][info][gc,heap        ] GC(1056) Humongous regions: 5->5
[2024-08-27T15:01:08.998+0000][info][gc,metaspace   ] GC(1056) Metaspace: 100K(320K)->100K(320K) NonClass: 96K(192K)->96K(192K) Class: 4K(128K)->4K(128K)
[2024-08-27T15:01:08.998+0000][info][gc             ] GC(1056) Pause Young (Mixed) (G1 Preventive Collection) 974M->882M(1024M) 7.384ms
[2024-08-27T15:01:08.998+0000][info][gc,cpu         ] GC(1056) User=0.16s Sys=0.01s Real=0.01s
[2024-08-27T15:01:09.017+0000][info][gc,start       ] GC(1057) Pause Young (Mixed) (G1 Evacuation Pause)
[2024-08-27T15:01:09.017+0000][info][gc,task        ] GC(1057) Using 24 workers of 68 for evacuation
[2024-08-27T15:01:09.027+0000][info][gc,phases      ] GC(1057)   Pre Evacuate Collection Set: 0.2ms
[2024-08-27T15:01:09.027+0000][info][gc,phases      ] GC(1057)   Merge Heap Roots: 0.4ms
[2024-08-27T15:01:09.027+0000][info][gc,phases      ] GC(1057)   Evacuate Collection Set: 9.6ms
[2024-08-27T15:01:09.027+0000][info][gc,phases      ] GC(1057)   Post Evacuate Collection Set: 0.4ms
[2024-08-27T15:01:09.028+0000][info][gc,phases      ] GC(1057)   Other: 0.3ms
[2024-08-27T15:01:09.028+0000][info][gc,heap        ] GC(1057) Eden regions: 44->0(44)
[2024-08-27T15:01:09.028+0000][info][gc,heap        ] GC(1057) Survivor regions: 7->7(7)
[2024-08-27T15:01:09.028+0000][info][gc,heap        ] GC(1057) Old regions: 876->829
[2024-08-27T15:01:09.028+0000][info][gc,heap        ] GC(1057) Archive regions: 2->2
[2024-08-27T15:01:09.028+0000][info][gc,heap        ] GC(1057) Humongous regions: 5->5
[2024-08-27T15:01:09.028+0000][info][gc,metaspace   ] GC(1057) Metaspace: 100K(320K)->100K(320K) NonClass: 96K(192K)->96K(192K) Class: 4K(128K)->4K(128K)
[2024-08-27T15:01:09.028+0000][info][gc             ] GC(1057) Pause Young (Mixed) (G1 Evacuation Pause) 926M->837M(1024M) 10.984ms
[2024-08-27T15:01:09.028+0000][info][gc,cpu         ] GC(1057) User=0.24s Sys=0.00s Real=0.01s
[2024-08-27T15:01:09.046+0000][info][gc,start       ] GC(1058) Pause Young (Concurrent Start) (G1 Evacuation Pause)
[2024-08-27T15:01:09.046+0000][info][gc,task        ] GC(1058) Using 24 workers of 68 for evacuation
[2024-08-27T15:01:09.057+0000][info][gc,phases      ] GC(1058)   Pre Evacuate Collection Set: 0.2ms
[2024-08-27T15:01:09.057+0000][info][gc,phases      ] GC(1058)   Merge Heap Roots: 0.4ms
[2024-08-27T15:01:09.057+0000][info][gc,phases      ] GC(1058)   Evacuate Collection Set: 9.6ms
[2024-08-27T15:01:09.057+0000][info][gc,phases      ] GC(1058)   Post Evacuate Collection Set: 0.3ms
[2024-08-27T15:01:09.057+0000][info][gc,phases      ] GC(1058)   Other: 0.6ms
[2024-08-27T15:01:09.057+0000][info][gc,heap        ] GC(1058) Eden regions: 44->0(44)
[2024-08-27T15:01:09.057+0000][info][gc,heap        ] GC(1058) Survivor regions: 7->7(7)
[2024-08-27T15:01:09.057+0000][info][gc,heap        ] GC(1058) Old regions: 829->875
[2024-08-27T15:01:09.057+0000][info][gc,heap        ] GC(1058) Archive regions: 2->2
[2024-08-27T15:01:09.057+0000][info][gc,heap        ] GC(1058) Humongous regions: 5->5
[2024-08-27T15:01:09.057+0000][info][gc,metaspace   ] GC(1058) Metaspace: 100K(320K)->100K(320K) NonClass: 96K(192K)->96K(192K) Class: 4K(128K)->4K(128K)
[2024-08-27T15:01:09.057+0000][info][gc             ] GC(1058) Pause Young (Concurrent Start) (G1 Evacuation Pause) 881M->884M(1024M) 11.199ms
[2024-08-27T15:01:09.057+0000][info][gc,cpu         ] GC(1058) User=0.24s Sys=0.00s Real=0.01s
[2024-08-27T15:01:09.058+0000][info][gc             ] GC(1059) Concurrent Mark Cycle
[2024-08-27T15:01:09.058+0000][info][gc,marking     ] GC(1059) Concurrent Clear Claimed Marks
[2024-08-27T15:01:09.058+0000][info][gc,marking     ] GC(1059) Concurrent Clear Claimed Marks 0.014ms
[2024-08-27T15:01:09.058+0000][info][gc,marking     ] GC(1059) Concurrent Scan Root Regions
[2024-08-27T15:01:09.059+0000][info][gc,marking     ] GC(1059) Concurrent Scan Root Regions 1.788ms
[2024-08-27T15:01:09.059+0000][info][gc,marking     ] GC(1059) Concurrent Mark
[2024-08-27T15:01:09.059+0000][info][gc,marking     ] GC(1059) Concurrent Mark From Roots
[2024-08-27T15:01:09.059+0000][info][gc,task        ] GC(1059) Using 17 workers of 17 for marking
[2024-08-27T15:01:09.083+0000][info][gc,marking     ] GC(1059) Concurrent Mark From Roots 23.904ms
[2024-08-27T15:01:09.083+0000][info][gc,marking     ] GC(1059) Concurrent Preclean
[2024-08-27T15:01:09.084+0000][info][gc,marking     ] GC(1059) Concurrent Preclean 0.569ms
[2024-08-27T15:01:09.084+0000][info][gc,start       ] GC(1059) Pause Remark
[2024-08-27T15:01:09.086+0000][info][gc             ] GC(1059) Pause Remark 922M->922M(1024M) 1.819ms
[2024-08-27T15:01:09.086+0000][info][gc,cpu         ] GC(1059) User=0.01s Sys=0.00s Real=0.00s
[2024-08-27T15:01:09.086+0000][info][gc,marking     ] GC(1059) Concurrent Mark 26.788ms
[2024-08-27T15:01:09.086+0000][info][gc,marking     ] GC(1059) Concurrent Rebuild Remembered Sets
[2024-08-27T15:01:09.090+0000][info][gc,start       ] GC(1060) Pause Young (Normal) (G1 Evacuation Pause)
[2024-08-27T15:01:09.090+0000][info][gc,task        ] GC(1060) Using 24 workers of 68 for evacuation
[2024-08-27T15:01:09.101+0000][info][gc,phases      ] GC(1060)   Pre Evacuate Collection Set: 0.1ms
[2024-08-27T15:01:09.101+0000][info][gc,phases      ] GC(1060)   Merge Heap Roots: 0.3ms
[2024-08-27T15:01:09.101+0000][info][gc,phases      ] GC(1060)   Evacuate Collection Set: 10.1ms
[2024-08-27T15:01:09.101+0000][info][gc,phases      ] GC(1060)   Post Evacuate Collection Set: 0.4ms
[2024-08-27T15:01:09.101+0000][info][gc,phases      ] GC(1060)   Other: 0.2ms
[2024-08-27T15:01:09.101+0000][info][gc,heap        ] GC(1060) Eden regions: 44->0(44)
[2024-08-27T15:01:09.101+0000][info][gc,heap        ] GC(1060) Survivor regions: 7->7(7)
[2024-08-27T15:01:09.101+0000][info][gc,heap        ] GC(1060) Old regions: 875->922
[2024-08-27T15:01:09.101+0000][info][gc,heap        ] GC(1060) Archive regions: 2->2
[2024-08-27T15:01:09.101+0000][info][gc,heap        ] GC(1060) Humongous regions: 5->5
[2024-08-27T15:01:09.101+0000][info][gc,metaspace   ] GC(1060) Metaspace: 100K(320K)->100K(320K) NonClass: 96K(192K)->96K(192K) Class: 4K(128K)->4K(128K)
[2024-08-27T15:01:09.101+0000][info][gc             ] GC(1060) Pause Young (Normal) (G1 Evacuation Pause) 928M->930M(1024M) 11.207ms
[2024-08-27T15:01:09.101+0000][info][gc,cpu         ] GC(1060) User=0.24s Sys=0.01s Real=0.01s
[2024-08-27T15:01:09.121+0000][info][gc,start       ] GC(1061) Pause Young (Normal) (G1 Preventive Collection)
[2024-08-27T15:01:09.121+0000][info][gc,task        ] GC(1061) Using 24 workers of 68 for evacuation
[2024-08-27T15:01:09.134+0000][info][gc,phases      ] GC(1061)   Pre Evacuate Collection Set: 0.2ms
[2024-08-27T15:01:09.134+0000][info][gc,phases      ] GC(1061)   Merge Heap Roots: 0.5ms
[2024-08-27T15:01:09.134+0000][info][gc,phases      ] GC(1061)   Evacuate Collection Set: 11.8ms
[2024-08-27T15:01:09.134+0000][info][gc,phases      ] GC(1061)   Post Evacuate Collection Set: 0.5ms
[2024-08-27T15:01:09.134+0000][info][gc,phases      ] GC(1061)   Other: 0.2ms
[2024-08-27T15:01:09.134+0000][info][gc,heap        ] GC(1061) Eden regions: 38->0(44)
[2024-08-27T15:01:09.134+0000][info][gc,heap        ] GC(1061) Survivor regions: 7->7(7)
[2024-08-27T15:01:09.134+0000][info][gc,heap        ] GC(1061) Old regions: 922->962
[2024-08-27T15:01:09.134+0000][info][gc,heap        ] GC(1061) Archive regions: 2->2
[2024-08-27T15:01:09.134+0000][info][gc,heap        ] GC(1061) Humongous regions: 5->5
[2024-08-27T15:01:09.134+0000][info][gc,metaspace   ] GC(1061) Metaspace: 100K(320K)->100K(320K) NonClass: 96K(192K)->96K(192K) Class: 4K(128K)->4K(128K)
[2024-08-27T15:01:09.134+0000][info][gc             ] GC(1061) Pause Young (Normal) (G1 Preventive Collection) 968M->971M(1024M) 13.154ms
[2024-08-27T15:01:09.134+0000][info][gc,cpu         ] GC(1061) User=0.28s Sys=0.01s Real=0.01s
[2024-08-27T15:01:09.143+0000][info][gc,start       ] GC(1062) Pause Young (Normal) (G1 Preventive Collection)
[2024-08-27T15:01:09.144+0000][info][gc,task        ] GC(1062) Using 24 workers of 68 for evacuation
[2024-08-27T15:01:09.154+0000][info][gc,phases      ] GC(1062)   Pre Evacuate Collection Set: 0.1ms
[2024-08-27T15:01:09.154+0000][info][gc,phases      ] GC(1062)   Merge Heap Roots: 0.4ms
[2024-08-27T15:01:09.154+0000][info][gc,phases      ] GC(1062)   Evacuate Collection Set: 9.6ms
[2024-08-27T15:01:09.154+0000][info][gc,phases      ] GC(1062)   Post Evacuate Collection Set: 0.5ms
[2024-08-27T15:01:09.154+0000][info][gc,phases      ] GC(1062)   Other: 0.2ms
[2024-08-27T15:01:09.154+0000][info][gc,heap        ] GC(1062) Eden regions: 19->0(44)
[2024-08-27T15:01:09.154+0000][info][gc,heap        ] GC(1062) Survivor regions: 7->7(7)
[2024-08-27T15:01:09.154+0000][info][gc,heap        ] GC(1062) Old regions: 962->984
[2024-08-27T15:01:09.154+0000][info][gc,heap        ] GC(1062) Archive regions: 2->2
[2024-08-27T15:01:09.154+0000][info][gc,heap        ] GC(1062) Humongous regions: 5->5
[2024-08-27T15:01:09.154+0000][info][gc,metaspace   ] GC(1062) Metaspace: 100K(320K)->100K(320K) NonClass: 96K(192K)->96K(192K) Class: 4K(128K)->4K(128K)
[2024-08-27T15:01:09.154+0000][info][gc             ] GC(1062) Pause Young (Normal) (G1 Preventive Collection) 990M->993M(1024M) 10.932ms
[2024-08-27T15:01:09.154+0000][info][gc,cpu         ] GC(1062) User=0.25s Sys=0.00s Real=0.01s
[2024-08-27T15:01:09.159+0000][info][gc,start       ] GC(1063) Pause Young (Normal) (G1 Preventive Collection)
[2024-08-27T15:01:09.159+0000][info][gc,task        ] GC(1063) Using 24 workers of 68 for evacuation
[2024-08-27T15:01:09.167+0000][info][gc,phases      ] GC(1063)   Pre Evacuate Collection Set: 0.1ms
[2024-08-27T15:01:09.167+0000][info][gc,phases      ] GC(1063)   Merge Heap Roots: 0.5ms
[2024-08-27T15:01:09.167+0000][info][gc,phases      ] GC(1063)   Evacuate Collection Set: 6.9ms
[2024-08-27T15:01:09.167+0000][info][gc,phases      ] GC(1063)   Post Evacuate Collection Set: 0.5ms
[2024-08-27T15:01:09.167+0000][info][gc,phases      ] GC(1063)   Other: 0.1ms
[2024-08-27T15:01:09.167+0000][info][gc,heap        ] GC(1063) Eden regions: 8->0(44)
[2024-08-27T15:01:09.167+0000][info][gc,heap        ] GC(1063) Survivor regions: 7->7(7)
[2024-08-27T15:01:09.167+0000][info][gc,heap        ] GC(1063) Old regions: 984->995
[2024-08-27T15:01:09.167+0000][info][gc,heap        ] GC(1063) Archive regions: 2->2
[2024-08-27T15:01:09.167+0000][info][gc,heap        ] GC(1063) Humongous regions: 5->5
[2024-08-27T15:01:09.167+0000][info][gc,metaspace   ] GC(1063) Metaspace: 100K(320K)->100K(320K) NonClass: 96K(192K)->96K(192K) Class: 4K(128K)->4K(128K)
[2024-08-27T15:01:09.167+0000][info][gc             ] GC(1063) Pause Young (Normal) (G1 Preventive Collection) 1001M->1004M(1024M) 8.345ms
[2024-08-27T15:01:09.167+0000][info][gc,cpu         ] GC(1063) User=0.18s Sys=0.00s Real=0.00s
[2024-08-27T15:01:09.169+0000][info][gc,start       ] GC(1064) Pause Young (Normal) (G1 Preventive Collection)
[2024-08-27T15:01:09.169+0000][info][gc,task        ] GC(1064) Using 24 workers of 68 for evacuation
[2024-08-27T15:01:09.176+0000][info][gc             ] GC(1064) To-space exhausted
[2024-08-27T15:01:09.176+0000][info][gc,phases      ] GC(1064)   Pre Evacuate Collection Set: 0.1ms
[2024-08-27T15:01:09.176+0000][info][gc,phases      ] GC(1064)   Merge Heap Roots: 0.4ms
[2024-08-27T15:01:09.176+0000][info][gc,phases      ] GC(1064)   Evacuate Collection Set: 5.7ms
[2024-08-27T15:01:09.176+0000][info][gc,phases      ] GC(1064)   Post Evacuate Collection Set: 0.6ms
[2024-08-27T15:01:09.176+0000][info][gc,phases      ] GC(1064)   Other: 0.1ms
[2024-08-27T15:01:09.176+0000][info][gc,heap        ] GC(1064) Eden regions: 3->0(47)
[2024-08-27T15:01:09.176+0000][info][gc,heap        ] GC(1064) Survivor regions: 7->4(7)
[2024-08-27T15:01:09.176+0000][info][gc,heap        ] GC(1064) Old regions: 995->1009
[2024-08-27T15:01:09.176+0000][info][gc,heap        ] GC(1064) Archive regions: 2->2
[2024-08-27T15:01:09.176+0000][info][gc,heap        ] GC(1064) Humongous regions: 5->5
[2024-08-27T15:01:09.176+0000][info][gc,metaspace   ] GC(1064) Metaspace: 100K(320K)->100K(320K) NonClass: 96K(192K)->96K(192K) Class: 4K(128K)->4K(128K)
[2024-08-27T15:01:09.176+0000][info][gc             ] GC(1064) Pause Young (Normal) (G1 Preventive Collection) 1007M->1014M(1024M) 7.061ms
[2024-08-27T15:01:09.176+0000][info][gc,cpu         ] GC(1064) User=0.15s Sys=0.00s Real=0.01s
[2024-08-27T15:01:09.177+0000][info][gc,start       ] GC(1065) Pause Young (Normal) (G1 Preventive Collection)
[2024-08-27T15:01:09.177+0000][info][gc,task        ] GC(1065) Using 24 workers of 68 for evacuation
[2024-08-27T15:01:09.184+0000][info][gc             ] GC(1065) To-space exhausted
[2024-08-27T15:01:09.184+0000][info][gc,phases      ] GC(1065)   Pre Evacuate Collection Set: 0.1ms
[2024-08-27T15:01:09.184+0000][info][gc,phases      ] GC(1065)   Merge Heap Roots: 0.6ms
[2024-08-27T15:01:09.184+0000][info][gc,phases      ] GC(1065)   Evacuate Collection Set: 5.0ms
[2024-08-27T15:01:09.184+0000][info][gc,phases      ] GC(1065)   Post Evacuate Collection Set: 0.8ms
[2024-08-27T15:01:09.184+0000][info][gc,phases      ] GC(1065)   Other: 0.1ms
[2024-08-27T15:01:09.184+0000][info][gc,heap        ] GC(1065) Eden regions: 1->0(48)
[2024-08-27T15:01:09.184+0000][info][gc,heap        ] GC(1065) Survivor regions: 4->3(3)
[2024-08-27T15:01:09.184+0000][info][gc,heap        ] GC(1065) Old regions: 1009->1014
[2024-08-27T15:01:09.184+0000][info][gc,heap        ] GC(1065) Archive regions: 2->2
[2024-08-27T15:01:09.184+0000][info][gc,heap        ] GC(1065) Humongous regions: 5->5
[2024-08-27T15:01:09.184+0000][info][gc,metaspace   ] GC(1065) Metaspace: 100K(320K)->100K(320K) NonClass: 96K(192K)->96K(192K) Class: 4K(128K)->4K(128K)
[2024-08-27T15:01:09.184+0000][info][gc             ] GC(1065) Pause Young (Normal) (G1 Preventive Collection) 1015M->1018M(1024M) 6.585ms
[2024-08-27T15:01:09.184+0000][info][gc,cpu         ] GC(1065) User=0.14s Sys=0.00s Real=0.01s
[2024-08-27T15:01:09.184+0000][info][gc,ergo        ] Attempting full compaction
[2024-08-27T15:01:09.184+0000][info][gc,task        ] GC(1066) Using 24 workers of 68 for full compaction
[2024-08-27T15:01:09.184+0000][info][gc,start       ] GC(1066) Pause Full (G1 Compaction Pause)
[2024-08-27T15:01:09.184+0000][info][gc,phases,start] GC(1066) Phase 1: Mark live objects
[2024-08-27T15:01:09.198+0000][info][gc,phases      ] GC(1066) Phase 1: Mark live objects 13.489ms
[2024-08-27T15:01:09.198+0000][info][gc,phases,start] GC(1066) Phase 2: Prepare for compaction
[2024-08-27T15:01:09.206+0000][info][gc,phases      ] GC(1066) Phase 2: Prepare for compaction 8.308ms
[2024-08-27T15:01:09.206+0000][info][gc,phases,start] GC(1066) Phase 3: Adjust pointers
[2024-08-27T15:01:09.221+0000][info][gc,phases      ] GC(1066) Phase 3: Adjust pointers 14.604ms
[2024-08-27T15:01:09.221+0000][info][gc,phases,start] GC(1066) Phase 4: Compact heap
[2024-08-27T15:01:09.253+0000][info][gc,phases      ] GC(1066) Phase 4: Compact heap 31.627ms
[2024-08-27T15:01:09.254+0000][info][gc,heap        ] GC(1066) Eden regions: 0->0(149)
[2024-08-27T15:01:09.254+0000][info][gc,heap        ] GC(1066) Survivor regions: 3->0(3)
[2024-08-27T15:01:09.254+0000][info][gc,heap        ] GC(1066) Old regions: 1014->444
[2024-08-27T15:01:09.254+0000][info][gc,heap        ] GC(1066) Archive regions: 2->2
[2024-08-27T15:01:09.254+0000][info][gc,heap        ] GC(1066) Humongous regions: 5->5
[2024-08-27T15:01:09.254+0000][info][gc,metaspace   ] GC(1066) Metaspace: 100K(320K)->100K(320K) NonClass: 96K(192K)->96K(192K) Class: 4K(128K)->4K(128K)
[2024-08-27T15:01:09.254+0000][info][gc             ] GC(1066) Pause Full (G1 Compaction Pause) 1018M->437M(1024M) 70.018ms
[2024-08-27T15:01:09.254+0000][info][gc,cpu         ] GC(1066) User=1.49s Sys=0.00s Real=0.07s
[2024-08-27T15:01:09.254+0000][info][gc,marking     ] GC(1059) Concurrent Rebuild Remembered Sets 167.959ms
[2024-08-27T15:01:09.254+0000][info][gc,marking     ] GC(1059) Concurrent Mark Abort
[2024-08-27T15:01:09.254+0000][info][gc             ] GC(1059) Concurrent Mark Cycle 196.781ms
[2024-08-27T15:01:09.320+0000][info][gc,start       ] GC(1067) Pause Young (Normal) (G1 Evacuation Pause)
[2024-08-27T15:01:09.320+0000][info][gc,task        ] GC(1067) Using 24 workers of 68 for evacuation
[2024-08-27T15:01:09.343+0000][info][gc,phases      ] GC(1067)   Pre Evacuate Collection Set: 0.2ms
[2024-08-27T15:01:09.343+0000][info][gc,phases      ] GC(1067)   Merge Heap Roots: 0.4ms
[2024-08-27T15:01:09.343+0000][info][gc,phases      ] GC(1067)   Evacuate Collection Set: 22.2ms
[2024-08-27T15:01:09.343+0000][info][gc,phases      ] GC(1067)   Post Evacuate Collection Set: 0.3ms
[2024-08-27T15:01:09.343+0000][info][gc,phases      ] GC(1067)   Other: 0.3ms
[2024-08-27T15:01:09.343+0000][info][gc,heap        ] GC(1067) Eden regions: 149->0(102)
[2024-08-27T15:01:09.343+0000][info][gc,heap        ] GC(1067) Survivor regions: 0->19(19)
[2024-08-27T15:01:09.343+0000][info][gc,heap        ] GC(1067) Old regions: 444->572
[2024-08-27T15:01:09.343+0000][info][gc,heap        ] GC(1067) Archive regions: 2->2
[2024-08-27T15:01:09.343+0000][info][gc,heap        ] GC(1067) Humongous regions: 5->5
[2024-08-27T15:01:09.343+0000][info][gc,metaspace   ] GC(1067) Metaspace: 100K(320K)->100K(320K) NonClass: 96K(192K)->96K(192K) Class: 4K(128K)->4K(128K)
[2024-08-27T15:01:09.343+0000][info][gc             ] GC(1067) Pause Young (Normal) (G1 Evacuation Pause) 586M->584M(1024M) 23.429ms
[2024-08-27T15:01:09.343+0000][info][gc,cpu         ] GC(1067) User=0.54s Sys=0.00s Real=0.02s
[2024-08-27T15:01:09.386+0000][info][gc,start       ] GC(1068) Pause Young (Concurrent Start) (G1 Evacuation Pause)
[2024-08-27T15:01:09.386+0000][info][gc,task        ] GC(1068) Using 24 workers of 68 for evacuation
[2024-08-27T15:01:09.405+0000][info][gc,phases      ] GC(1068)   Pre Evacuate Collection Set: 0.2ms
[2024-08-27T15:01:09.405+0000][info][gc,phases      ] GC(1068)   Merge Heap Roots: 0.4ms
[2024-08-27T15:01:09.405+0000][info][gc,phases      ] GC(1068)   Evacuate Collection Set: 18.1ms
[2024-08-27T15:01:09.405+0000][info][gc,phases      ] GC(1068)   Post Evacuate Collection Set: 0.3ms
[2024-08-27T15:01:09.405+0000][info][gc,phases      ] GC(1068)   Other: 0.6ms
[2024-08-27T15:01:09.405+0000][info][gc,heap        ] GC(1068) Eden regions: 102->0(69)
[2024-08-27T15:01:09.405+0000][info][gc,heap        ] GC(1068) Survivor regions: 19->16(16)
[2024-08-27T15:01:09.405+0000][info][gc,heap        ] GC(1068) Old regions: 572->678
[2024-08-27T15:01:09.405+0000][info][gc,heap        ] GC(1068) Archive regions: 2->2
[2024-08-27T15:01:09.405+0000][info][gc,heap        ] GC(1068) Humongous regions: 5->5
[2024-08-27T15:01:09.405+0000][info][gc,metaspace   ] GC(1068) Metaspace: 100K(320K)->100K(320K) NonClass: 96K(192K)->96K(192K) Class: 4K(128K)->4K(128K)
[2024-08-27T15:01:09.405+0000][info][gc             ] GC(1068) Pause Young (Concurrent Start) (G1 Evacuation Pause) 686M->687M(1024M) 19.626ms
[2024-08-27T15:01:09.405+0000][info][gc,cpu         ] GC(1068) User=0.44s Sys=0.00s Real=0.02s
[2024-08-27T15:01:09.405+0000][info][gc             ] GC(1069) Concurrent Mark Cycle
[2024-08-27T15:01:09.405+0000][info][gc,marking     ] GC(1069) Concurrent Clear Claimed Marks
[2024-08-27T15:01:09.405+0000][info][gc,marking     ] GC(1069) Concurrent Clear Claimed Marks 0.011ms
[2024-08-27T15:01:09.405+0000][info][gc,marking     ] GC(1069) Concurrent Scan Root Regions
[2024-08-27T15:01:09.409+0000][info][gc,marking     ] GC(1069) Concurrent Scan Root Regions 3.172ms
[2024-08-27T15:01:09.409+0000][info][gc,marking     ] GC(1069) Concurrent Mark
[2024-08-27T15:01:09.409+0000][info][gc,marking     ] GC(1069) Concurrent Mark From Roots
[2024-08-27T15:01:09.409+0000][info][gc,task        ] GC(1069) Using 17 workers of 17 for marking
[2024-08-27T15:01:09.428+0000][info][gc,marking     ] GC(1069) Concurrent Mark From Roots 19.084ms
[2024-08-27T15:01:09.428+0000][info][gc,marking     ] GC(1069) Concurrent Preclean
[2024-08-27T15:01:09.428+0000][info][gc,marking     ] GC(1069) Concurrent Preclean 0.504ms
[2024-08-27T15:01:09.428+0000][info][gc,start       ] GC(1069) Pause Remark
[2024-08-27T15:01:09.430+0000][info][gc             ] GC(1069) Pause Remark 724M->724M(1024M) 1.045ms
[2024-08-27T15:01:09.430+0000][info][gc,cpu         ] GC(1069) User=0.01s Sys=0.00s Real=0.01s
[2024-08-27T15:01:09.430+0000][info][gc,marking     ] GC(1069) Concurrent Mark 20.991ms
[2024-08-27T15:01:09.430+0000][info][gc,marking     ] GC(1069) Concurrent Rebuild Remembered Sets
[2024-08-27T15:01:09.444+0000][info][gc,start       ] GC(1070) Pause Young (Normal) (G1 Evacuation Pause)
[2024-08-27T15:01:09.444+0000][info][gc,task        ] GC(1070) Using 24 workers of 68 for evacuation
[2024-08-27T15:01:09.460+0000][info][gc,phases      ] GC(1070)   Pre Evacuate Collection Set: 0.1ms
[2024-08-27T15:01:09.461+0000][info][gc,phases      ] GC(1070)   Merge Heap Roots: 0.4ms
[2024-08-27T15:01:09.461+0000][info][gc,phases      ] GC(1070)   Evacuate Collection Set: 15.7ms
[2024-08-27T15:01:09.461+0000][info][gc,phases      ] GC(1070)   Post Evacuate Collection Set: 0.5ms
[2024-08-27T15:01:09.461+0000][info][gc,phases      ] GC(1070)   Other: 0.2ms
[2024-08-27T15:01:09.461+0000][info][gc,heap        ] GC(1070) Eden regions: 69->0(46)
[2024-08-27T15:01:09.461+0000][info][gc,heap        ] GC(1070) Survivor regions: 16->11(11)
[2024-08-27T15:01:09.461+0000][info][gc,heap        ] GC(1070) Old regions: 678->756
[2024-08-27T15:01:09.461+0000][info][gc,heap        ] GC(1070) Archive regions: 2->2
[2024-08-27T15:01:09.461+0000][info][gc,heap        ] GC(1070) Humongous regions: 5->5
[2024-08-27T15:01:09.461+0000][info][gc,metaspace   ] GC(1070) Metaspace: 100K(320K)->100K(320K) NonClass: 96K(192K)->96K(192K) Class: 4K(128K)->4K(128K)
[2024-08-27T15:01:09.461+0000][info][gc             ] GC(1070) Pause Young (Normal) (G1 Evacuation Pause) 756M->760M(1024M) 17.048ms
[2024-08-27T15:01:09.461+0000][info][gc,cpu         ] GC(1070) User=0.39s Sys=0.00s Real=0.02s
[2024-08-27T15:01:09.483+0000][info][gc,start       ] GC(1071) Pause Young (Normal) (G1 Evacuation Pause)
[2024-08-27T15:01:09.483+0000][info][gc,task        ] GC(1071) Using 24 workers of 68 for evacuation
[2024-08-27T15:01:09.501+0000][info][gc,phases      ] GC(1071)   Pre Evacuate Collection Set: 0.2ms
[2024-08-27T15:01:09.501+0000][info][gc,phases      ] GC(1071)   Merge Heap Roots: 0.5ms
[2024-08-27T15:01:09.501+0000][info][gc,phases      ] GC(1071)   Evacuate Collection Set: 16.8ms
[2024-08-27T15:01:09.501+0000][info][gc,phases      ] GC(1071)   Post Evacuate Collection Set: 0.6ms
[2024-08-27T15:01:09.501+0000][info][gc,phases      ] GC(1071)   Other: 0.3ms
[2024-08-27T15:01:09.501+0000][info][gc,heap        ] GC(1071) Eden regions: 46->0(43)
[2024-08-27T15:01:09.501+0000][info][gc,heap        ] GC(1071) Survivor regions: 11->8(8)
[2024-08-27T15:01:09.501+0000][info][gc,heap        ] GC(1071) Old regions: 756->808
[2024-08-27T15:01:09.501+0000][info][gc,heap        ] GC(1071) Archive regions: 2->2
[2024-08-27T15:01:09.501+0000][info][gc,heap        ] GC(1071) Humongous regions: 5->5
[2024-08-27T15:01:09.501+0000][info][gc,metaspace   ] GC(1071) Metaspace: 100K(320K)->100K(320K) NonClass: 96K(192K)->96K(192K) Class: 4K(128K)->4K(128K)
[2024-08-27T15:01:09.501+0000][info][gc             ] GC(1071) Pause Young (Normal) (G1 Evacuation Pause) 806M->809M(1024M) 18.520ms
[2024-08-27T15:01:09.501+0000][info][gc,cpu         ] GC(1071) User=0.42s Sys=0.00s Real=0.02s
[2024-08-27T15:01:09.521+0000][info][gc,start       ] GC(1072) Pause Young (Normal) (G1 Evacuation Pause)
[2024-08-27T15:01:09.521+0000][info][gc,task        ] GC(1072) Using 24 workers of 68 for evacuation
[2024-08-27T15:01:09.539+0000][info][gc,phases      ] GC(1072)   Pre Evacuate Collection Set: 0.2ms
[2024-08-27T15:01:09.539+0000][info][gc,phases      ] GC(1072)   Merge Heap Roots: 0.6ms
[2024-08-27T15:01:09.539+0000][info][gc,phases      ] GC(1072)   Evacuate Collection Set: 15.5ms
[2024-08-27T15:01:09.539+0000][info][gc,phases      ] GC(1072)   Post Evacuate Collection Set: 0.7ms
[2024-08-27T15:01:09.539+0000][info][gc,phases      ] GC(1072)   Other: 0.3ms
[2024-08-27T15:01:09.539+0000][info][gc,heap        ] GC(1072) Eden regions: 43->0(44)
[2024-08-27T15:01:09.539+0000][info][gc,heap        ] GC(1072) Survivor regions: 8->7(7)
[2024-08-27T15:01:09.539+0000][info][gc,heap        ] GC(1072) Old regions: 808->856
[2024-08-27T15:01:09.539+0000][info][gc,heap        ] GC(1072) Archive regions: 2->2
[2024-08-27T15:01:09.539+0000][info][gc,heap        ] GC(1072) Humongous regions: 5->5
[2024-08-27T15:01:09.539+0000][info][gc,metaspace   ] GC(1072) Metaspace: 100K(320K)->100K(320K) NonClass: 96K(192K)->96K(192K) Class: 4K(128K)->4K(128K)
[2024-08-27T15:01:09.539+0000][info][gc             ] GC(1072) Pause Young (Normal) (G1 Evacuation Pause) 852M->855M(1024M) 17.480ms
[2024-08-27T15:01:09.539+0000][info][gc,cpu         ] GC(1072) User=0.40s Sys=0.00s Real=0.02s
[2024-08-27T15:01:09.559+0000][info][gc,start       ] GC(1073) Pause Young (Normal) (G1 Evacuation Pause)
[2024-08-27T15:01:09.559+0000][info][gc,task        ] GC(1073) Using 24 workers of 68 for evacuation
[2024-08-27T15:01:09.576+0000][info][gc,phases      ] GC(1073)   Pre Evacuate Collection Set: 0.2ms
[2024-08-27T15:01:09.576+0000][info][gc,phases      ] GC(1073)   Merge Heap Roots: 0.7ms
[2024-08-27T15:01:09.576+0000][info][gc,phases      ] GC(1073)   Evacuate Collection Set: 14.9ms
[2024-08-27T15:01:09.576+0000][info][gc,phases      ] GC(1073)   Post Evacuate Collection Set: 0.8ms
[2024-08-27T15:01:09.576+0000][info][gc,phases      ] GC(1073)   Other: 0.3ms
[2024-08-27T15:01:09.576+0000][info][gc,heap        ] GC(1073) Eden regions: 44->0(44)
[2024-08-27T15:01:09.576+0000][info][gc,heap        ] GC(1073) Survivor regions: 7->7(7)
[2024-08-27T15:01:09.576+0000][info][gc,heap        ] GC(1073) Old regions: 856->901
[2024-08-27T15:01:09.576+0000][info][gc,heap        ] GC(1073) Archive regions: 2->2
[2024-08-27T15:01:09.576+0000][info][gc,heap        ] GC(1073) Humongous regions: 5->5
[2024-08-27T15:01:09.576+0000][info][gc,metaspace   ] GC(1073) Metaspace: 100K(320K)->100K(320K) NonClass: 96K(192K)->96K(192K) Class: 4K(128K)->4K(128K)
[2024-08-27T15:01:09.576+0000][info][gc             ] GC(1073) Pause Young (Normal) (G1 Evacuation Pause) 899M->901M(1024M) 17.082ms
[2024-08-27T15:01:09.577+0000][info][gc,cpu         ] GC(1073) User=0.38s Sys=0.00s Real=0.01s
[2024-08-27T15:01:09.585+0000][info][gc,marking     ] GC(1069) Concurrent Rebuild Remembered Sets 155.030ms
[2024-08-27T15:01:09.585+0000][info][gc,start       ] GC(1069) Pause Cleanup
[2024-08-27T15:01:09.586+0000][info][gc             ] GC(1069) Pause Cleanup 918M->918M(1024M) 0.988ms
[2024-08-27T15:01:09.586+0000][info][gc,cpu         ] GC(1069) User=0.00s Sys=0.00s Real=0.00s
[2024-08-27T15:01:09.586+0000][info][gc,marking     ] GC(1069) Concurrent Cleanup for Next Mark
[2024-08-27T15:01:09.587+0000][info][gc,marking     ] GC(1069) Concurrent Cleanup for Next Mark 0.716ms
[2024-08-27T15:01:09.587+0000][info][gc             ] GC(1069) Concurrent Mark Cycle 181.433ms
[2024-08-27T15:01:09.599+0000][info][gc,start       ] GC(1074) Pause Young (Prepare Mixed) (G1 Evacuation Pause)
[2024-08-27T15:01:09.599+0000][info][gc,task        ] GC(1074) Using 24 workers of 68 for evacuation
[2024-08-27T15:01:09.619+0000][info][gc,phases      ] GC(1074)   Pre Evacuate Collection Set: 0.2ms
[2024-08-27T15:01:09.619+0000][info][gc,phases      ] GC(1074)   Merge Heap Roots: 0.8ms
[2024-08-27T15:01:09.620+0000][info][gc,phases      ] GC(1074)   Evacuate Collection Set: 18.9ms
[2024-08-27T15:01:09.620+0000][info][gc,phases      ] GC(1074)   Post Evacuate Collection Set: 0.3ms
[2024-08-27T15:01:09.620+0000][info][gc,phases      ] GC(1074)   Other: 0.2ms
[2024-08-27T15:01:09.620+0000][info][gc,heap        ] GC(1074) Eden regions: 44->0(44)
[2024-08-27T15:01:09.620+0000][info][gc,heap        ] GC(1074) Survivor regions: 7->7(7)
[2024-08-27T15:01:09.620+0000][info][gc,heap        ] GC(1074) Old regions: 901->948
[2024-08-27T15:01:09.620+0000][info][gc,heap        ] GC(1074) Archive regions: 2->2
[2024-08-27T15:01:09.620+0000][info][gc,heap        ] GC(1074) Humongous regions: 5->5
[2024-08-27T15:01:09.620+0000][info][gc,metaspace   ] GC(1074) Metaspace: 100K(320K)->100K(320K) NonClass: 96K(192K)->96K(192K) Class: 4K(128K)->4K(128K)
[2024-08-27T15:01:09.620+0000][info][gc             ] GC(1074) Pause Young (Prepare Mixed) (G1 Evacuation Pause) 945M->947M(1024M) 20.366ms
[2024-08-27T15:01:09.620+0000][info][gc,cpu         ] GC(1074) User=0.48s Sys=0.00s Real=0.02s
[2024-08-27T15:01:09.633+0000][info][gc,start       ] GC(1075) Pause Young (Mixed) (G1 Preventive Collection)
[2024-08-27T15:01:09.633+0000][info][gc,task        ] GC(1075) Using 24 workers of 68 for evacuation
[2024-08-27T15:01:09.641+0000][info][gc,phases      ] GC(1075)   Pre Evacuate Collection Set: 0.2ms
[2024-08-27T15:01:09.641+0000][info][gc,phases      ] GC(1075)   Merge Heap Roots: 0.4ms
[2024-08-27T15:01:09.641+0000][info][gc,phases      ] GC(1075)   Evacuate Collection Set: 7.6ms
[2024-08-27T15:01:09.641+0000][info][gc,phases      ] GC(1075)   Post Evacuate Collection Set: 0.3ms
[2024-08-27T15:01:09.641+0000][info][gc,phases      ] GC(1075)   Other: 0.1ms
[2024-08-27T15:01:09.641+0000][info][gc,heap        ] GC(1075) Eden regions: 25->0(44)
[2024-08-27T15:01:09.641+0000][info][gc,heap        ] GC(1075) Survivor regions: 7->7(7)
[2024-08-27T15:01:09.641+0000][info][gc,heap        ] GC(1075) Old regions: 948->874
[2024-08-27T15:01:09.641+0000][info][gc,heap        ] GC(1075) Archive regions: 2->2
[2024-08-27T15:01:09.641+0000][info][gc,heap        ] GC(1075) Humongous regions: 5->5
[2024-08-27T15:01:09.641+0000][info][gc,metaspace   ] GC(1075) Metaspace: 100K(320K)->100K(320K) NonClass: 96K(192K)->96K(192K) Class: 4K(128K)->4K(128K)
[2024-08-27T15:01:09.641+0000][info][gc             ] GC(1075) Pause Young (Mixed) (G1 Preventive Collection) 972M->876M(1024M) 8.753ms
[2024-08-27T15:01:09.642+0000][info][gc,cpu         ] GC(1075) User=0.19s Sys=0.00s Real=0.01s
[2024-08-27T15:01:09.662+0000][info][gc,start       ] GC(1076) Pause Young (Mixed) (G1 Evacuation Pause)
[2024-08-27T15:01:09.663+0000][info][gc,task        ] GC(1076) Using 24 workers of 68 for evacuation
[2024-08-27T15:01:09.674+0000][info][gc,phases      ] GC(1076)   Pre Evacuate Collection Set: 0.2ms
[2024-08-27T15:01:09.674+0000][info][gc,phases      ] GC(1076)   Merge Heap Roots: 0.4ms
[2024-08-27T15:01:09.674+0000][info][gc,phases      ] GC(1076)   Evacuate Collection Set: 10.4ms
[2024-08-27T15:01:09.674+0000][info][gc,phases      ] GC(1076)   Post Evacuate Collection Set: 0.3ms
[2024-08-27T15:01:09.674+0000][info][gc,phases      ] GC(1076)   Other: 0.2ms
[2024-08-27T15:01:09.674+0000][info][gc,heap        ] GC(1076) Eden regions: 44->0(44)
[2024-08-27T15:01:09.674+0000][info][gc,heap        ] GC(1076) Survivor regions: 7->7(7)
[2024-08-27T15:01:09.674+0000][info][gc,heap        ] GC(1076) Old regions: 874->829
[2024-08-27T15:01:09.674+0000][info][gc,heap        ] GC(1076) Archive regions: 2->2
[2024-08-27T15:01:09.674+0000][info][gc,heap        ] GC(1076) Humongous regions: 5->5
[2024-08-27T15:01:09.674+0000][info][gc,metaspace   ] GC(1076) Metaspace: 100K(320K)->100K(320K) NonClass: 96K(192K)->96K(192K) Class: 4K(128K)->4K(128K)
[2024-08-27T15:01:09.674+0000][info][gc             ] GC(1076) Pause Young (Mixed) (G1 Evacuation Pause) 920M->833M(1024M) 11.608ms
[2024-08-27T15:01:09.674+0000][info][gc,cpu         ] GC(1076) User=0.26s Sys=0.01s Real=0.01s
[2024-08-27T15:01:09.693+0000][info][gc,start       ] GC(1077) Pause Young (Concurrent Start) (G1 Evacuation Pause)
[2024-08-27T15:01:09.693+0000][info][gc,task        ] GC(1077) Using 24 workers of 68 for evacuation
[2024-08-27T15:01:09.703+0000][info][gc,phases      ] GC(1077)   Pre Evacuate Collection Set: 0.2ms
[2024-08-27T15:01:09.703+0000][info][gc,phases      ] GC(1077)   Merge Heap Roots: 0.4ms
[2024-08-27T15:01:09.703+0000][info][gc,phases      ] GC(1077)   Evacuate Collection Set: 9.2ms
[2024-08-27T15:01:09.703+0000][info][gc,phases      ] GC(1077)   Post Evacuate Collection Set: 0.3ms
[2024-08-27T15:01:09.703+0000][info][gc,phases      ] GC(1077)   Other: 0.4ms
[2024-08-27T15:01:09.703+0000][info][gc,heap        ] GC(1077) Eden regions: 44->0(44)
[2024-08-27T15:01:09.703+0000][info][gc,heap        ] GC(1077) Survivor regions: 7->7(7)
[2024-08-27T15:01:09.703+0000][info][gc,heap        ] GC(1077) Old regions: 829->876
[2024-08-27T15:01:09.703+0000][info][gc,heap        ] GC(1077) Archive regions: 2->2
[2024-08-27T15:01:09.703+0000][info][gc,heap        ] GC(1077) Humongous regions: 5->5
[2024-08-27T15:01:09.703+0000][info][gc,metaspace   ] GC(1077) Metaspace: 100K(320K)->100K(320K) NonClass: 96K(192K)->96K(192K) Class: 4K(128K)->4K(128K)
[2024-08-27T15:01:09.703+0000][info][gc             ] GC(1077) Pause Young (Concurrent Start) (G1 Evacuation Pause) 877M->880M(1024M) 10.536ms
[2024-08-27T15:01:09.703+0000][info][gc,cpu         ] GC(1077) User=0.23s Sys=0.00s Real=0.01s
[2024-08-27T15:01:09.703+0000][info][gc             ] GC(1078) Concurrent Mark Cycle
[2024-08-27T15:01:09.704+0000][info][gc,marking     ] GC(1078) Concurrent Clear Claimed Marks
[2024-08-27T15:01:09.704+0000][info][gc,marking     ] GC(1078) Concurrent Clear Claimed Marks 0.021ms
[2024-08-27T15:01:09.704+0000][info][gc,marking     ] GC(1078) Concurrent Scan Root Regions
[2024-08-27T15:01:09.705+0000][info][gc,marking     ] GC(1078) Concurrent Scan Root Regions 1.604ms
[2024-08-27T15:01:09.705+0000][info][gc,marking     ] GC(1078) Concurrent Mark
[2024-08-27T15:01:09.705+0000][info][gc,marking     ] GC(1078) Concurrent Mark From Roots
[2024-08-27T15:01:09.705+0000][info][gc,task        ] GC(1078) Using 17 workers of 17 for marking
[2024-08-27T15:01:09.727+0000][info][gc,marking     ] GC(1078) Concurrent Mark From Roots 21.909ms
[2024-08-27T15:01:09.727+0000][info][gc,marking     ] GC(1078) Concurrent Preclean
[2024-08-27T15:01:09.728+0000][info][gc,marking     ] GC(1078) Concurrent Preclean 1.059ms
[2024-08-27T15:01:09.729+0000][info][gc,start       ] GC(1078) Pause Remark
[2024-08-27T15:01:09.730+0000][info][gc             ] GC(1078) Pause Remark 921M->921M(1024M) 1.212ms
[2024-08-27T15:01:09.730+0000][info][gc,cpu         ] GC(1078) User=0.01s Sys=0.00s Real=0.01s
[2024-08-27T15:01:09.730+0000][info][gc,marking     ] GC(1078) Concurrent Mark 24.633ms
[2024-08-27T15:01:09.730+0000][info][gc,marking     ] GC(1078) Concurrent Rebuild Remembered Sets
[2024-08-27T15:01:09.733+0000][info][gc,start       ] GC(1079) Pause Young (Normal) (G1 Evacuation Pause)
[2024-08-27T15:01:09.733+0000][info][gc,task        ] GC(1079) Using 24 workers of 68 for evacuation
[2024-08-27T15:01:09.743+0000][info][gc,phases      ] GC(1079)   Pre Evacuate Collection Set: 0.1ms
[2024-08-27T15:01:09.743+0000][info][gc,phases      ] GC(1079)   Merge Heap Roots: 0.4ms
[2024-08-27T15:01:09.743+0000][info][gc,phases      ] GC(1079)   Evacuate Collection Set: 9.1ms
[2024-08-27T15:01:09.743+0000][info][gc,phases      ] GC(1079)   Post Evacuate Collection Set: 0.3ms
[2024-08-27T15:01:09.743+0000][info][gc,phases      ] GC(1079)   Other: 0.1ms
[2024-08-27T15:01:09.743+0000][info][gc,heap        ] GC(1079) Eden regions: 44->0(44)
[2024-08-27T15:01:09.743+0000][info][gc,heap        ] GC(1079) Survivor regions: 7->7(7)
[2024-08-27T15:01:09.743+0000][info][gc,heap        ] GC(1079) Old regions: 876->923
[2024-08-27T15:01:09.743+0000][info][gc,heap        ] GC(1079) Archive regions: 2->2
[2024-08-27T15:01:09.743+0000][info][gc,heap        ] GC(1079) Humongous regions: 5->5
[2024-08-27T15:01:09.743+0000][info][gc,metaspace   ] GC(1079) Metaspace: 100K(320K)->100K(320K) NonClass: 96K(192K)->96K(192K) Class: 4K(128K)->4K(128K)
[2024-08-27T15:01:09.743+0000][info][gc             ] GC(1079) Pause Young (Normal) (G1 Evacuation Pause) 924M->927M(1024M) 10.166ms
[2024-08-27T15:01:09.743+0000][info][gc,cpu         ] GC(1079) User=0.23s Sys=0.00s Real=0.01s
[2024-08-27T15:01:09.761+0000][info][gc,start       ] GC(1080) Pause Young (Normal) (G1 Preventive Collection)
[2024-08-27T15:01:09.761+0000][info][gc,task        ] GC(1080) Using 24 workers of 68 for evacuation
[2024-08-27T15:01:09.774+0000][info][gc,phases      ] GC(1080)   Pre Evacuate Collection Set: 0.1ms
[2024-08-27T15:01:09.774+0000][info][gc,phases      ] GC(1080)   Merge Heap Roots: 0.4ms
[2024-08-27T15:01:09.774+0000][info][gc,phases      ] GC(1080)   Evacuate Collection Set: 11.6ms
[2024-08-27T15:01:09.774+0000][info][gc,phases      ] GC(1080)   Post Evacuate Collection Set: 0.5ms
[2024-08-27T15:01:09.774+0000][info][gc,phases      ] GC(1080)   Other: 0.1ms
[2024-08-27T15:01:09.774+0000][info][gc,heap        ] GC(1080) Eden regions: 38->0(44)
[2024-08-27T15:01:09.774+0000][info][gc,heap        ] GC(1080) Survivor regions: 7->7(7)
[2024-08-27T15:01:09.774+0000][info][gc,heap        ] GC(1080) Old regions: 923->964
[2024-08-27T15:01:09.774+0000][info][gc,heap        ] GC(1080) Archive regions: 2->2
[2024-08-27T15:01:09.774+0000][info][gc,heap        ] GC(1080) Humongous regions: 5->5
[2024-08-27T15:01:09.774+0000][info][gc,metaspace   ] GC(1080) Metaspace: 100K(320K)->100K(320K) NonClass: 96K(192K)->96K(192K) Class: 4K(128K)->4K(128K)
[2024-08-27T15:01:09.774+0000][info][gc             ] GC(1080) Pause Young (Normal) (G1 Preventive Collection) 965M->968M(1024M) 12.802ms
[2024-08-27T15:01:09.774+0000][info][gc,cpu         ] GC(1080) User=0.29s Sys=0.00s Real=0.01s
[2024-08-27T15:01:09.783+0000][info][gc,start       ] GC(1081) Pause Young (Normal) (G1 Preventive Collection)
[2024-08-27T15:01:09.783+0000][info][gc,task        ] GC(1081) Using 24 workers of 68 for evacuation
[2024-08-27T15:01:09.793+0000][info][gc,phases      ] GC(1081)   Pre Evacuate Collection Set: 0.1ms
[2024-08-27T15:01:09.794+0000][info][gc,phases      ] GC(1081)   Merge Heap Roots: 0.5ms
[2024-08-27T15:01:09.794+0000][info][gc,phases      ] GC(1081)   Evacuate Collection Set: 9.6ms
[2024-08-27T15:01:09.794+0000][info][gc,phases      ] GC(1081)   Post Evacuate Collection Set: 0.5ms
[2024-08-27T15:01:09.794+0000][info][gc,phases      ] GC(1081)   Other: 0.1ms
[2024-08-27T15:01:09.794+0000][info][gc,heap        ] GC(1081) Eden regions: 18->0(44)
[2024-08-27T15:01:09.794+0000][info][gc,heap        ] GC(1081) Survivor regions: 7->7(7)
[2024-08-27T15:01:09.794+0000][info][gc,heap        ] GC(1081) Old regions: 964->985
[2024-08-27T15:01:09.794+0000][info][gc,heap        ] GC(1081) Archive regions: 2->2
[2024-08-27T15:01:09.794+0000][info][gc,heap        ] GC(1081) Humongous regions: 5->5
[2024-08-27T15:01:09.794+0000][info][gc,metaspace   ] GC(1081) Metaspace: 100K(320K)->100K(320K) NonClass: 96K(192K)->96K(192K) Class: 4K(128K)->4K(128K)
[2024-08-27T15:01:09.794+0000][info][gc             ] GC(1081) Pause Young (Normal) (G1 Preventive Collection) 986M->989M(1024M) 10.870ms
[2024-08-27T15:01:09.794+0000][info][gc,cpu         ] GC(1081) User=0.25s Sys=0.00s Real=0.01s
[2024-08-27T15:01:09.798+0000][info][gc,start       ] GC(1082) Pause Young (Normal) (G1 Preventive Collection)
[2024-08-27T15:01:09.798+0000][info][gc,task        ] GC(1082) Using 24 workers of 68 for evacuation
[2024-08-27T15:01:09.806+0000][info][gc,phases      ] GC(1082)   Pre Evacuate Collection Set: 0.1ms
[2024-08-27T15:01:09.806+0000][info][gc,phases      ] GC(1082)   Merge Heap Roots: 0.5ms
[2024-08-27T15:01:09.806+0000][info][gc,phases      ] GC(1082)   Evacuate Collection Set: 7.1ms
[2024-08-27T15:01:09.806+0000][info][gc,phases      ] GC(1082)   Post Evacuate Collection Set: 0.5ms
[2024-08-27T15:01:09.806+0000][info][gc,phases      ] GC(1082)   Other: 0.1ms
[2024-08-27T15:01:09.806+0000][info][gc,heap        ] GC(1082) Eden regions: 8->0(44)
[2024-08-27T15:01:09.806+0000][info][gc,heap        ] GC(1082) Survivor regions: 7->7(7)
[2024-08-27T15:01:09.806+0000][info][gc,heap        ] GC(1082) Old regions: 985->995
[2024-08-27T15:01:09.806+0000][info][gc,heap        ] GC(1082) Archive regions: 2->2
[2024-08-27T15:01:09.806+0000][info][gc,heap        ] GC(1082) Humongous regions: 5->5
[2024-08-27T15:01:09.806+0000][info][gc,metaspace   ] GC(1082) Metaspace: 100K(320K)->100K(320K) NonClass: 96K(192K)->96K(192K) Class: 4K(128K)->4K(128K)
[2024-08-27T15:01:09.806+0000][info][gc             ] GC(1082) Pause Young (Normal) (G1 Preventive Collection) 997M->999M(1024M) 8.340ms
[2024-08-27T15:01:09.806+0000][info][gc,cpu         ] GC(1082) User=0.18s Sys=0.00s Real=0.00s
[2024-08-27T15:01:09.808+0000][info][gc,start       ] GC(1083) Pause Young (Normal) (G1 Preventive Collection)
[2024-08-27T15:01:09.808+0000][info][gc,task        ] GC(1083) Using 24 workers of 68 for evacuation
[2024-08-27T15:01:09.815+0000][info][gc,phases      ] GC(1083)   Pre Evacuate Collection Set: 0.1ms
[2024-08-27T15:01:09.815+0000][info][gc,phases      ] GC(1083)   Merge Heap Roots: 0.5ms
[2024-08-27T15:01:09.815+0000][info][gc,phases      ] GC(1083)   Evacuate Collection Set: 5.7ms
[2024-08-27T15:01:09.815+0000][info][gc,phases      ] GC(1083)   Post Evacuate Collection Set: 0.5ms
[2024-08-27T15:01:09.815+0000][info][gc,phases      ] GC(1083)   Other: 0.1ms
[2024-08-27T15:01:09.815+0000][info][gc,heap        ] GC(1083) Eden regions: 3->0(47)
[2024-08-27T15:01:09.815+0000][info][gc,heap        ] GC(1083) Survivor regions: 7->4(7)
[2024-08-27T15:01:09.815+0000][info][gc,heap        ] GC(1083) Old regions: 995->1003
[2024-08-27T15:01:09.815+0000][info][gc,heap        ] GC(1083) Archive regions: 2->2
[2024-08-27T15:01:09.815+0000][info][gc,heap        ] GC(1083) Humongous regions: 5->5
[2024-08-27T15:01:09.815+0000][info][gc,metaspace   ] GC(1083) Metaspace: 100K(320K)->100K(320K) NonClass: 96K(192K)->96K(192K) Class: 4K(128K)->4K(128K)
[2024-08-27T15:01:09.815+0000][info][gc             ] GC(1083) Pause Young (Normal) (G1 Preventive Collection) 1002M->1004M(1024M) 6.959ms
[2024-08-27T15:01:09.815+0000][info][gc,cpu         ] GC(1083) User=0.16s Sys=0.00s Real=0.01s
[2024-08-27T15:01:09.817+0000][info][gc,start       ] GC(1084) Pause Young (Normal) (G1 Preventive Collection)
[2024-08-27T15:01:09.817+0000][info][gc,task        ] GC(1084) Using 24 workers of 68 for evacuation
[2024-08-27T15:01:09.823+0000][info][gc,phases      ] GC(1084)   Pre Evacuate Collection Set: 0.1ms
[2024-08-27T15:01:09.823+0000][info][gc,phases      ] GC(1084)   Merge Heap Roots: 0.5ms
[2024-08-27T15:01:09.823+0000][info][gc,phases      ] GC(1084)   Evacuate Collection Set: 5.1ms
[2024-08-27T15:01:09.823+0000][info][gc,phases      ] GC(1084)   Post Evacuate Collection Set: 0.5ms
[2024-08-27T15:01:09.823+0000][info][gc,phases      ] GC(1084)   Other: 0.1ms
[2024-08-27T15:01:09.823+0000][info][gc,heap        ] GC(1084) Eden regions: 2->0(45)
[2024-08-27T15:01:09.823+0000][info][gc,heap        ] GC(1084) Survivor regions: 4->6(7)
[2024-08-27T15:01:09.823+0000][info][gc,heap        ] GC(1084) Old regions: 1003->1003
[2024-08-27T15:01:09.823+0000][info][gc,heap        ] GC(1084) Archive regions: 2->2
[2024-08-27T15:01:09.823+0000][info][gc,heap        ] GC(1084) Humongous regions: 5->5
[2024-08-27T15:01:09.823+0000][info][gc,metaspace   ] GC(1084) Metaspace: 100K(320K)->100K(320K) NonClass: 96K(192K)->96K(192K) Class: 4K(128K)->4K(128K)
[2024-08-27T15:01:09.823+0000][info][gc             ] GC(1084) Pause Young (Normal) (G1 Preventive Collection) 1006M->1006M(1024M) 6.311ms
[2024-08-27T15:01:09.823+0000][info][gc,cpu         ] GC(1084) User=0.14s Sys=0.00s Real=0.01s
[2024-08-27T15:01:09.824+0000][info][gc,start       ] GC(1085) Pause Young (Normal) (G1 Preventive Collection)
[2024-08-27T15:01:09.824+0000][info][gc,task        ] GC(1085) Using 24 workers of 68 for evacuation
[2024-08-27T15:01:09.830+0000][info][gc             ] GC(1085) To-space exhausted
[2024-08-27T15:01:09.831+0000][info][gc,phases      ] GC(1085)   Pre Evacuate Collection Set: 0.1ms
[2024-08-27T15:01:09.831+0000][info][gc,phases      ] GC(1085)   Merge Heap Roots: 0.5ms
[2024-08-27T15:01:09.831+0000][info][gc,phases      ] GC(1085)   Evacuate Collection Set: 5.1ms
[2024-08-27T15:01:09.831+0000][info][gc,phases      ] GC(1085)   Post Evacuate Collection Set: 0.6ms
[2024-08-27T15:01:09.831+0000][info][gc,phases      ] GC(1085)   Other: 0.1ms
[2024-08-27T15:01:09.831+0000][info][gc,heap        ] GC(1085) Eden regions: 1->0(47)
[2024-08-27T15:01:09.831+0000][info][gc,heap        ] GC(1085) Survivor regions: 6->4(7)
[2024-08-27T15:01:09.831+0000][info][gc,heap        ] GC(1085) Old regions: 1003->1009
[2024-08-27T15:01:09.831+0000][info][gc,heap        ] GC(1085) Archive regions: 2->2
[2024-08-27T15:01:09.831+0000][info][gc,heap        ] GC(1085) Humongous regions: 5->5
[2024-08-27T15:01:09.831+0000][info][gc,metaspace   ] GC(1085) Metaspace: 100K(320K)->100K(320K) NonClass: 96K(192K)->96K(192K) Class: 4K(128K)->4K(128K)
[2024-08-27T15:01:09.831+0000][info][gc             ] GC(1085) Pause Young (Normal) (G1 Preventive Collection) 1007M->1009M(1024M) 6.497ms
[2024-08-27T15:01:09.831+0000][info][gc,cpu         ] GC(1085) User=0.14s Sys=0.00s Real=0.01s
[2024-08-27T15:01:09.832+0000][info][gc,start       ] GC(1086) Pause Young (Normal) (G1 Preventive Collection)
[2024-08-27T15:01:09.832+0000][info][gc,task        ] GC(1086) Using 24 workers of 68 for evacuation
[2024-08-27T15:01:09.838+0000][info][gc             ] GC(1086) To-space exhausted
[2024-08-27T15:01:09.838+0000][info][gc,phases      ] GC(1086)   Pre Evacuate Collection Set: 0.1ms
[2024-08-27T15:01:09.838+0000][info][gc,phases      ] GC(1086)   Merge Heap Roots: 0.4ms
[2024-08-27T15:01:09.838+0000][info][gc,phases      ] GC(1086)   Evacuate Collection Set: 4.9ms
[2024-08-27T15:01:09.838+0000][info][gc,phases      ] GC(1086)   Post Evacuate Collection Set: 0.7ms
[2024-08-27T15:01:09.838+0000][info][gc,phases      ] GC(1086)   Other: 0.1ms
[2024-08-27T15:01:09.838+0000][info][gc,heap        ] GC(1086) Eden regions: 1->0(48)
[2024-08-27T15:01:09.838+0000][info][gc,heap        ] GC(1086) Survivor regions: 4->3(3)
[2024-08-27T15:01:09.838+0000][info][gc,heap        ] GC(1086) Old regions: 1009->1014
[2024-08-27T15:01:09.838+0000][info][gc,heap        ] GC(1086) Archive regions: 2->2
[2024-08-27T15:01:09.838+0000][info][gc,heap        ] GC(1086) Humongous regions: 5->5
[2024-08-27T15:01:09.838+0000][info][gc,metaspace   ] GC(1086) Metaspace: 100K(320K)->100K(320K) NonClass: 96K(192K)->96K(192K) Class: 4K(128K)->4K(128K)
[2024-08-27T15:01:09.838+0000][info][gc             ] GC(1086) Pause Young (Normal) (G1 Preventive Collection) 1010M->1013M(1024M) 6.277ms
[2024-08-27T15:01:09.838+0000][info][gc,cpu         ] GC(1086) User=0.14s Sys=0.00s Real=0.01s
[2024-08-27T15:01:09.838+0000][info][gc,ergo        ] Attempting full compaction
[2024-08-27T15:01:09.838+0000][info][gc,task        ] GC(1087) Using 24 workers of 68 for full compaction
[2024-08-27T15:01:09.838+0000][info][gc,start       ] GC(1087) Pause Full (G1 Compaction Pause)
[2024-08-27T15:01:09.839+0000][info][gc,phases,start] GC(1087) Phase 1: Mark live objects
[2024-08-27T15:01:09.852+0000][info][gc,phases      ] GC(1087) Phase 1: Mark live objects 13.571ms
[2024-08-27T15:01:09.852+0000][info][gc,phases,start] GC(1087) Phase 2: Prepare for compaction
[2024-08-27T15:01:09.860+0000][info][gc,phases      ] GC(1087) Phase 2: Prepare for compaction 7.861ms
[2024-08-27T15:01:09.860+0000][info][gc,phases,start] GC(1087) Phase 3: Adjust pointers
[2024-08-27T15:01:09.873+0000][info][gc,phases      ] GC(1087) Phase 3: Adjust pointers 13.209ms
[2024-08-27T15:01:09.873+0000][info][gc,phases,start] GC(1087) Phase 4: Compact heap
[2024-08-27T15:01:09.903+0000][info][gc,phases      ] GC(1087) Phase 4: Compact heap 29.450ms
[2024-08-27T15:01:09.904+0000][info][gc,heap        ] GC(1087) Eden regions: 0->0(150)
[2024-08-27T15:01:09.904+0000][info][gc,heap        ] GC(1087) Survivor regions: 3->0(3)
[2024-08-27T15:01:09.904+0000][info][gc,heap        ] GC(1087) Old regions: 1014->443
[2024-08-27T15:01:09.904+0000][info][gc,heap        ] GC(1087) Archive regions: 2->2
[2024-08-27T15:01:09.904+0000][info][gc,heap        ] GC(1087) Humongous regions: 5->5
[2024-08-27T15:01:09.904+0000][info][gc,metaspace   ] GC(1087) Metaspace: 100K(320K)->100K(320K) NonClass: 96K(192K)->96K(192K) Class: 4K(128K)->4K(128K)
[2024-08-27T15:01:09.904+0000][info][gc             ] GC(1087) Pause Full (G1 Compaction Pause) 1013M->438M(1024M) 65.948ms
[2024-08-27T15:01:09.904+0000][info][gc,cpu         ] GC(1087) User=1.44s Sys=0.00s Real=0.06s
[2024-08-27T15:01:09.904+0000][info][gc,marking     ] GC(1078) Concurrent Rebuild Remembered Sets 174.557ms
[2024-08-27T15:01:09.905+0000][info][gc,marking     ] GC(1078) Concurrent Mark Abort
[2024-08-27T15:01:09.905+0000][info][gc             ] GC(1078) Concurrent Mark Cycle 201.082ms
[2024-08-27T15:01:09.970+0000][info][gc,start       ] GC(1088) Pause Young (Normal) (G1 Evacuation Pause)
[2024-08-27T15:01:09.970+0000][info][gc,task        ] GC(1088) Using 24 workers of 68 for evacuation
[2024-08-27T15:01:10.025+0000][info][gc,phases      ] GC(1088)   Pre Evacuate Collection Set: 0.2ms
[2024-08-27T15:01:10.025+0000][info][gc,phases      ] GC(1088)   Merge Heap Roots: 0.4ms
[2024-08-27T15:01:10.025+0000][info][gc,phases      ] GC(1088)   Evacuate Collection Set: 54.8ms
[2024-08-27T15:01:10.025+0000][info][gc,phases      ] GC(1088)   Post Evacuate Collection Set: 0.3ms
[2024-08-27T15:01:10.025+0000][info][gc,phases      ] GC(1088)   Other: 0.2ms
[2024-08-27T15:01:10.025+0000][info][gc,heap        ] GC(1088) Eden regions: 150->0(103)
[2024-08-27T15:01:10.025+0000][info][gc,heap        ] GC(1088) Survivor regions: 0->19(19)
[2024-08-27T15:01:10.025+0000][info][gc,heap        ] GC(1088) Old regions: 443->569
[2024-08-27T15:01:10.025+0000][info][gc,heap        ] GC(1088) Archive regions: 2->2
[2024-08-27T15:01:10.025+0000][info][gc,heap        ] GC(1088) Humongous regions: 5->5
[2024-08-27T15:01:10.025+0000][info][gc,metaspace   ] GC(1088) Metaspace: 100K(320K)->100K(320K) NonClass: 96K(192K)->96K(192K) Class: 4K(128K)->4K(128K)
[2024-08-27T15:01:10.025+0000][info][gc             ] GC(1088) Pause Young (Normal) (G1 Evacuation Pause) 588M->582M(1024M) 55.843ms
[2024-08-27T15:01:10.025+0000][info][gc,cpu         ] GC(1088) User=0.23s Sys=0.90s Real=0.05s
[2024-08-27T15:01:10.069+0000][info][gc,start       ] GC(1089) Pause Young (Concurrent Start) (G1 Evacuation Pause)
[2024-08-27T15:01:10.069+0000][info][gc,task        ] GC(1089) Using 24 workers of 68 for evacuation
[2024-08-27T15:01:10.088+0000][info][gc,phases      ] GC(1089)   Pre Evacuate Collection Set: 0.1ms
[2024-08-27T15:01:10.088+0000][info][gc,phases      ] GC(1089)   Merge Heap Roots: 0.3ms
[2024-08-27T15:01:10.088+0000][info][gc,phases      ] GC(1089)   Evacuate Collection Set: 18.1ms
[2024-08-27T15:01:10.088+0000][info][gc,phases      ] GC(1089)   Post Evacuate Collection Set: 0.3ms
[2024-08-27T15:01:10.088+0000][info][gc,phases      ] GC(1089)   Other: 0.4ms
[2024-08-27T15:01:10.088+0000][info][gc,heap        ] GC(1089) Eden regions: 103->0(71)
[2024-08-27T15:01:10.088+0000][info][gc,heap        ] GC(1089) Survivor regions: 19->16(16)
[2024-08-27T15:01:10.088+0000][info][gc,heap        ] GC(1089) Old regions: 569->672
[2024-08-27T15:01:10.088+0000][info][gc,heap        ] GC(1089) Archive regions: 2->2
[2024-08-27T15:01:10.088+0000][info][gc,heap        ] GC(1089) Humongous regions: 5->5
[2024-08-27T15:01:10.088+0000][info][gc,metaspace   ] GC(1089) Metaspace: 100K(320K)->100K(320K) NonClass: 96K(192K)->96K(192K) Class: 4K(128K)->4K(128K)
[2024-08-27T15:01:10.088+0000][info][gc             ] GC(1089) Pause Young (Concurrent Start) (G1 Evacuation Pause) 685M->683M(1024M) 19.354ms
[2024-08-27T15:01:10.088+0000][info][gc,cpu         ] GC(1089) User=0.44s Sys=0.00s Real=0.02s
[2024-08-27T15:01:10.088+0000][info][gc             ] GC(1090) Concurrent Mark Cycle
[2024-08-27T15:01:10.088+0000][info][gc,marking     ] GC(1090) Concurrent Clear Claimed Marks
[2024-08-27T15:01:10.088+0000][info][gc,marking     ] GC(1090) Concurrent Clear Claimed Marks 0.021ms
[2024-08-27T15:01:10.088+0000][info][gc,marking     ] GC(1090) Concurrent Scan Root Regions
[2024-08-27T15:01:10.092+0000][info][gc,marking     ] GC(1090) Concurrent Scan Root Regions 3.382ms
[2024-08-27T15:01:10.092+0000][info][gc,marking     ] GC(1090) Concurrent Mark
[2024-08-27T15:01:10.092+0000][info][gc,marking     ] GC(1090) Concurrent Mark From Roots
[2024-08-27T15:01:10.092+0000][info][gc,task        ] GC(1090) Using 17 workers of 17 for marking
[2024-08-27T15:01:10.109+0000][info][gc,marking     ] GC(1090) Concurrent Mark From Roots 17.728ms
[2024-08-27T15:01:10.109+0000][info][gc,marking     ] GC(1090) Concurrent Preclean
[2024-08-27T15:01:10.111+0000][info][gc,marking     ] GC(1090) Concurrent Preclean 1.881ms
[2024-08-27T15:01:10.112+0000][info][gc,start       ] GC(1090) Pause Remark
[2024-08-27T15:01:10.113+0000][info][gc             ] GC(1090) Pause Remark 722M->722M(1024M) 0.899ms
[2024-08-27T15:01:10.113+0000][info][gc,cpu         ] GC(1090) User=0.00s Sys=0.00s Real=0.00s
[2024-08-27T15:01:10.113+0000][info][gc,marking     ] GC(1090) Concurrent Mark 21.090ms
[2024-08-27T15:01:10.113+0000][info][gc,marking     ] GC(1090) Concurrent Rebuild Remembered Sets
[2024-08-27T15:01:10.127+0000][info][gc,start       ] GC(1091) Pause Young (Normal) (G1 Evacuation Pause)
[2024-08-27T15:01:10.127+0000][info][gc,task        ] GC(1091) Using 24 workers of 68 for evacuation
[2024-08-27T15:01:10.142+0000][info][gc,phases      ] GC(1091)   Pre Evacuate Collection Set: 0.1ms
[2024-08-27T15:01:10.142+0000][info][gc,phases      ] GC(1091)   Merge Heap Roots: 0.4ms
[2024-08-27T15:01:10.142+0000][info][gc,phases      ] GC(1091)   Evacuate Collection Set: 14.5ms
[2024-08-27T15:01:10.142+0000][info][gc,phases      ] GC(1091)   Post Evacuate Collection Set: 0.5ms
[2024-08-27T15:01:10.142+0000][info][gc,phases      ] GC(1091)   Other: 0.1ms
[2024-08-27T15:01:10.142+0000][info][gc,heap        ] GC(1091) Eden regions: 71->0(47)
[2024-08-27T15:01:10.142+0000][info][gc,heap        ] GC(1091) Survivor regions: 16->11(11)
[2024-08-27T15:01:10.142+0000][info][gc,heap        ] GC(1091) Old regions: 672->752
[2024-08-27T15:01:10.142+0000][info][gc,heap        ] GC(1091) Archive regions: 2->2
[2024-08-27T15:01:10.142+0000][info][gc,heap        ] GC(1091) Humongous regions: 5->5
[2024-08-27T15:01:10.142+0000][info][gc,metaspace   ] GC(1091) Metaspace: 100K(320K)->100K(320K) NonClass: 96K(192K)->96K(192K) Class: 4K(128K)->4K(128K)
[2024-08-27T15:01:10.142+0000][info][gc             ] GC(1091) Pause Young (Normal) (G1 Evacuation Pause) 754M->758M(1024M) 15.613ms
[2024-08-27T15:01:10.143+0000][info][gc,cpu         ] GC(1091) User=0.36s Sys=0.00s Real=0.02s
[2024-08-27T15:01:10.165+0000][info][gc,start       ] GC(1092) Pause Young (Normal) (G1 Evacuation Pause)
[2024-08-27T15:01:10.165+0000][info][gc,task        ] GC(1092) Using 24 workers of 68 for evacuation
[2024-08-27T15:01:10.185+0000][info][gc,phases      ] GC(1092)   Pre Evacuate Collection Set: 0.1ms
[2024-08-27T15:01:10.185+0000][info][gc,phases      ] GC(1092)   Merge Heap Roots: 0.4ms
[2024-08-27T15:01:10.185+0000][info][gc,phases      ] GC(1092)   Evacuate Collection Set: 18.3ms
[2024-08-27T15:01:10.185+0000][info][gc,phases      ] GC(1092)   Post Evacuate Collection Set: 0.6ms
[2024-08-27T15:01:10.185+0000][info][gc,phases      ] GC(1092)   Other: 0.2ms
[2024-08-27T15:01:10.185+0000][info][gc,heap        ] GC(1092) Eden regions: 47->0(43)
[2024-08-27T15:01:10.185+0000][info][gc,heap        ] GC(1092) Survivor regions: 11->8(8)
[2024-08-27T15:01:10.185+0000][info][gc,heap        ] GC(1092) Old regions: 752->807
[2024-08-27T15:01:10.185+0000][info][gc,heap        ] GC(1092) Archive regions: 2->2
[2024-08-27T15:01:10.185+0000][info][gc,heap        ] GC(1092) Humongous regions: 5->5
[2024-08-27T15:01:10.185+0000][info][gc,metaspace   ] GC(1092) Metaspace: 100K(320K)->100K(320K) NonClass: 96K(192K)->96K(192K) Class: 4K(128K)->4K(128K)
[2024-08-27T15:01:10.185+0000][info][gc             ] GC(1092) Pause Young (Normal) (G1 Evacuation Pause) 805M->810M(1024M) 19.557ms
[2024-08-27T15:01:10.185+0000][info][gc,cpu         ] GC(1092) User=0.45s Sys=0.01s Real=0.02s
[2024-08-27T15:01:10.208+0000][info][gc,start       ] GC(1093) Pause Young (Normal) (G1 Evacuation Pause)
[2024-08-27T15:01:10.208+0000][info][gc,task        ] GC(1093) Using 24 workers of 68 for evacuation
[2024-08-27T15:01:10.226+0000][info][gc,phases      ] GC(1093)   Pre Evacuate Collection Set: 0.1ms
[2024-08-27T15:01:10.226+0000][info][gc,phases      ] GC(1093)   Merge Heap Roots: 0.6ms
[2024-08-27T15:01:10.226+0000][info][gc,phases      ] GC(1093)   Evacuate Collection Set: 16.2ms
[2024-08-27T15:01:10.226+0000][info][gc,phases      ] GC(1093)   Post Evacuate Collection Set: 0.7ms
[2024-08-27T15:01:10.226+0000][info][gc,phases      ] GC(1093)   Other: 0.2ms
[2024-08-27T15:01:10.226+0000][info][gc,heap        ] GC(1093) Eden regions: 43->0(44)
[2024-08-27T15:01:10.226+0000][info][gc,heap        ] GC(1093) Survivor regions: 8->7(7)
[2024-08-27T15:01:10.226+0000][info][gc,heap        ] GC(1093) Old regions: 807->855
[2024-08-27T15:01:10.226+0000][info][gc,heap        ] GC(1093) Archive regions: 2->2
[2024-08-27T15:01:10.226+0000][info][gc,heap        ] GC(1093) Humongous regions: 5->5
[2024-08-27T15:01:10.226+0000][info][gc,metaspace   ] GC(1093) Metaspace: 100K(320K)->100K(320K) NonClass: 96K(192K)->96K(192K) Class: 4K(128K)->4K(128K)
[2024-08-27T15:01:10.226+0000][info][gc             ] GC(1093) Pause Young (Normal) (G1 Evacuation Pause) 853M->856M(1024M) 17.880ms
[2024-08-27T15:01:10.226+0000][info][gc,cpu         ] GC(1093) User=0.41s Sys=0.00s Real=0.02s
[2024-08-27T15:01:10.234+0000][info][gc,marking     ] GC(1090) Concurrent Rebuild Remembered Sets 121.057ms
[2024-08-27T15:01:10.234+0000][info][gc,start       ] GC(1090) Pause Cleanup
[2024-08-27T15:01:10.235+0000][info][gc             ] GC(1090) Pause Cleanup 872M->872M(1024M) 0.837ms
[2024-08-27T15:01:10.235+0000][info][gc,cpu         ] GC(1090) User=0.01s Sys=0.00s Real=0.00s
[2024-08-27T15:01:10.235+0000][info][gc,marking     ] GC(1090) Concurrent Cleanup for Next Mark
[2024-08-27T15:01:10.236+0000][info][gc,marking     ] GC(1090) Concurrent Cleanup for Next Mark 0.728ms
[2024-08-27T15:01:10.236+0000][info][gc             ] GC(1090) Concurrent Mark Cycle 147.679ms
[2024-08-27T15:01:10.248+0000][info][gc,start       ] GC(1094) Pause Young (Prepare Mixed) (G1 Evacuation Pause)
[2024-08-27T15:01:10.248+0000][info][gc,task        ] GC(1094) Using 24 workers of 68 for evacuation
[2024-08-27T15:01:10.265+0000][info][gc,phases      ] GC(1094)   Pre Evacuate Collection Set: 0.1ms
[2024-08-27T15:01:10.265+0000][info][gc,phases      ] GC(1094)   Merge Heap Roots: 0.7ms
[2024-08-27T15:01:10.265+0000][info][gc,phases      ] GC(1094)   Evacuate Collection Set: 15.1ms
[2024-08-27T15:01:10.265+0000][info][gc,phases      ] GC(1094)   Post Evacuate Collection Set: 0.3ms
[2024-08-27T15:01:10.265+0000][info][gc,phases      ] GC(1094)   Other: 0.2ms
[2024-08-27T15:01:10.265+0000][info][gc,heap        ] GC(1094) Eden regions: 44->0(44)
[2024-08-27T15:01:10.265+0000][info][gc,heap        ] GC(1094) Survivor regions: 7->7(7)
[2024-08-27T15:01:10.265+0000][info][gc,heap        ] GC(1094) Old regions: 855->901
[2024-08-27T15:01:10.265+0000][info][gc,heap        ] GC(1094) Archive regions: 2->2
[2024-08-27T15:01:10.265+0000][info][gc,heap        ] GC(1094) Humongous regions: 5->5
[2024-08-27T15:01:10.265+0000][info][gc,metaspace   ] GC(1094) Metaspace: 100K(320K)->100K(320K) NonClass: 96K(192K)->96K(192K) Class: 4K(128K)->4K(128K)
[2024-08-27T15:01:10.265+0000][info][gc             ] GC(1094) Pause Young (Prepare Mixed) (G1 Evacuation Pause) 900M->902M(1024M) 16.364ms
[2024-08-27T15:01:10.265+0000][info][gc,cpu         ] GC(1094) User=0.38s Sys=0.00s Real=0.02s
[2024-08-27T15:01:10.284+0000][info][gc,start       ] GC(1095) Pause Young (Mixed) (G1 Evacuation Pause)
[2024-08-27T15:01:10.284+0000][info][gc,task        ] GC(1095) Using 24 workers of 68 for evacuation
[2024-08-27T15:01:10.294+0000][info][gc,phases      ] GC(1095)   Pre Evacuate Collection Set: 0.2ms
[2024-08-27T15:01:10.294+0000][info][gc,phases      ] GC(1095)   Merge Heap Roots: 0.3ms
[2024-08-27T15:01:10.294+0000][info][gc,phases      ] GC(1095)   Evacuate Collection Set: 9.7ms
[2024-08-27T15:01:10.294+0000][info][gc,phases      ] GC(1095)   Post Evacuate Collection Set: 0.3ms
[2024-08-27T15:01:10.294+0000][info][gc,phases      ] GC(1095)   Other: 0.2ms
[2024-08-27T15:01:10.294+0000][info][gc,heap        ] GC(1095) Eden regions: 44->0(44)
[2024-08-27T15:01:10.294+0000][info][gc,heap        ] GC(1095) Survivor regions: 7->7(7)
[2024-08-27T15:01:10.294+0000][info][gc,heap        ] GC(1095) Old regions: 901->845
[2024-08-27T15:01:10.294+0000][info][gc,heap        ] GC(1095) Archive regions: 2->2
[2024-08-27T15:01:10.294+0000][info][gc,heap        ] GC(1095) Humongous regions: 5->5
[2024-08-27T15:01:10.294+0000][info][gc,metaspace   ] GC(1095) Metaspace: 100K(320K)->100K(320K) NonClass: 96K(192K)->96K(192K) Class: 4K(128K)->4K(128K)
[2024-08-27T15:01:10.294+0000][info][gc             ] GC(1095) Pause Young (Mixed) (G1 Evacuation Pause) 946M->847M(1024M) 10.763ms
[2024-08-27T15:01:10.295+0000][info][gc,cpu         ] GC(1095) User=0.24s Sys=0.00s Real=0.01s
[2024-08-27T15:01:10.313+0000][info][gc,start       ] GC(1096) Pause Young (Mixed) (G1 Evacuation Pause)
[2024-08-27T15:01:10.313+0000][info][gc,task        ] GC(1096) Using 24 workers of 68 for evacuation
[2024-08-27T15:01:10.324+0000][info][gc,phases      ] GC(1096)   Pre Evacuate Collection Set: 0.2ms
[2024-08-27T15:01:10.324+0000][info][gc,phases      ] GC(1096)   Merge Heap Roots: 0.4ms
[2024-08-27T15:01:10.324+0000][info][gc,phases      ] GC(1096)   Evacuate Collection Set: 9.7ms
[2024-08-27T15:01:10.324+0000][info][gc,phases      ] GC(1096)   Post Evacuate Collection Set: 0.3ms
[2024-08-27T15:01:10.324+0000][info][gc,phases      ] GC(1096)   Other: 0.2ms
[2024-08-27T15:01:10.324+0000][info][gc,heap        ] GC(1096) Eden regions: 44->0(44)
[2024-08-27T15:01:10.324+0000][info][gc,heap        ] GC(1096) Survivor regions: 7->7(7)
[2024-08-27T15:01:10.324+0000][info][gc,heap        ] GC(1096) Old regions: 845->802
[2024-08-27T15:01:10.324+0000][info][gc,heap        ] GC(1096) Archive regions: 2->2
[2024-08-27T15:01:10.324+0000][info][gc,heap        ] GC(1096) Humongous regions: 5->5
[2024-08-27T15:01:10.324+0000][info][gc,metaspace   ] GC(1096) Metaspace: 100K(320K)->100K(320K) NonClass: 96K(192K)->96K(192K) Class: 4K(128K)->4K(128K)
[2024-08-27T15:01:10.324+0000][info][gc             ] GC(1096) Pause Young (Mixed) (G1 Evacuation Pause) 891M->805M(1024M) 10.862ms
[2024-08-27T15:01:10.324+0000][info][gc,cpu         ] GC(1096) User=0.24s Sys=0.00s Real=0.01s
[2024-08-27T15:01:10.342+0000][info][gc,start       ] GC(1097) Pause Young (Concurrent Start) (G1 Evacuation Pause)
[2024-08-27T15:01:10.342+0000][info][gc,task        ] GC(1097) Using 24 workers of 68 for evacuation
[2024-08-27T15:01:10.353+0000][info][gc,phases      ] GC(1097)   Pre Evacuate Collection Set: 0.1ms
[2024-08-27T15:01:10.353+0000][info][gc,phases      ] GC(1097)   Merge Heap Roots: 0.4ms
[2024-08-27T15:01:10.353+0000][info][gc,phases      ] GC(1097)   Evacuate Collection Set: 9.3ms
[2024-08-27T15:01:10.353+0000][info][gc,phases      ] GC(1097)   Post Evacuate Collection Set: 0.3ms
[2024-08-27T15:01:10.353+0000][info][gc,phases      ] GC(1097)   Other: 0.7ms
[2024-08-27T15:01:10.353+0000][info][gc,heap        ] GC(1097) Eden regions: 44->0(44)
[2024-08-27T15:01:10.353+0000][info][gc,heap        ] GC(1097) Survivor regions: 7->7(7)
[2024-08-27T15:01:10.353+0000][info][gc,heap        ] GC(1097) Old regions: 802->849
[2024-08-27T15:01:10.353+0000][info][gc,heap        ] GC(1097) Archive regions: 2->2
[2024-08-27T15:01:10.353+0000][info][gc,heap        ] GC(1097) Humongous regions: 5->5
[2024-08-27T15:01:10.353+0000][info][gc,metaspace   ] GC(1097) Metaspace: 100K(320K)->100K(320K) NonClass: 96K(192K)->96K(192K) Class: 4K(128K)->4K(128K)
[2024-08-27T15:01:10.353+0000][info][gc             ] GC(1097) Pause Young (Concurrent Start) (G1 Evacuation Pause) 849M->852M(1024M) 10.918ms
[2024-08-27T15:01:10.353+0000][info][gc,cpu         ] GC(1097) User=0.23s Sys=0.00s Real=0.01s
[2024-08-27T15:01:10.353+0000][info][gc             ] GC(1098) Concurrent Mark Cycle
[2024-08-27T15:01:10.353+0000][info][gc,marking     ] GC(1098) Concurrent Clear Claimed Marks
[2024-08-27T15:01:10.353+0000][info][gc,marking     ] GC(1098) Concurrent Clear Claimed Marks 0.026ms
[2024-08-27T15:01:10.353+0000][info][gc,marking     ] GC(1098) Concurrent Scan Root Regions
[2024-08-27T15:01:10.355+0000][info][gc,marking     ] GC(1098) Concurrent Scan Root Regions 1.623ms
[2024-08-27T15:01:10.355+0000][info][gc,marking     ] GC(1098) Concurrent Mark
[2024-08-27T15:01:10.355+0000][info][gc,marking     ] GC(1098) Concurrent Mark From Roots
[2024-08-27T15:01:10.355+0000][info][gc,task        ] GC(1098) Using 17 workers of 17 for marking
[2024-08-27T15:01:10.377+0000][info][gc,marking     ] GC(1098) Concurrent Mark From Roots 22.026ms
[2024-08-27T15:01:10.377+0000][info][gc,marking     ] GC(1098) Concurrent Preclean
[2024-08-27T15:01:10.378+0000][info][gc,marking     ] GC(1098) Concurrent Preclean 0.464ms
[2024-08-27T15:01:10.378+0000][info][gc,start       ] GC(1098) Pause Remark
[2024-08-27T15:01:10.380+0000][info][gc             ] GC(1098) Pause Remark 891M->891M(1024M) 1.588ms
[2024-08-27T15:01:10.380+0000][info][gc,cpu         ] GC(1098) User=0.00s Sys=0.00s Real=0.00s
[2024-08-27T15:01:10.380+0000][info][gc,marking     ] GC(1098) Concurrent Mark 24.534ms
[2024-08-27T15:01:10.380+0000][info][gc,marking     ] GC(1098) Concurrent Rebuild Remembered Sets
[2024-08-27T15:01:10.383+0000][info][gc,start       ] GC(1099) Pause Young (Normal) (G1 Evacuation Pause)
[2024-08-27T15:01:10.383+0000][info][gc,task        ] GC(1099) Using 24 workers of 68 for evacuation
[2024-08-27T15:01:10.394+0000][info][gc,phases      ] GC(1099)   Pre Evacuate Collection Set: 0.2ms
[2024-08-27T15:01:10.394+0000][info][gc,phases      ] GC(1099)   Merge Heap Roots: 0.3ms
[2024-08-27T15:01:10.394+0000][info][gc,phases      ] GC(1099)   Evacuate Collection Set: 9.3ms
[2024-08-27T15:01:10.394+0000][info][gc,phases      ] GC(1099)   Post Evacuate Collection Set: 0.4ms
[2024-08-27T15:01:10.394+0000][info][gc,phases      ] GC(1099)   Other: 0.3ms
[2024-08-27T15:01:10.394+0000][info][gc,heap        ] GC(1099) Eden regions: 44->0(44)
[2024-08-27T15:01:10.394+0000][info][gc,heap        ] GC(1099) Survivor regions: 7->7(7)
[2024-08-27T15:01:10.394+0000][info][gc,heap        ] GC(1099) Old regions: 849->895
[2024-08-27T15:01:10.394+0000][info][gc,heap        ] GC(1099) Archive regions: 2->2
[2024-08-27T15:01:10.394+0000][info][gc,heap        ] GC(1099) Humongous regions: 5->5
[2024-08-27T15:01:10.394+0000][info][gc,metaspace   ] GC(1099) Metaspace: 100K(320K)->100K(320K) NonClass: 96K(192K)->96K(192K) Class: 4K(128K)->4K(128K)
[2024-08-27T15:01:10.394+0000][info][gc             ] GC(1099) Pause Young (Normal) (G1 Evacuation Pause) 896M->898M(1024M) 10.696ms
[2024-08-27T15:01:10.394+0000][info][gc,cpu         ] GC(1099) User=0.23s Sys=0.00s Real=0.01s
[2024-08-27T15:01:10.415+0000][info][gc,start       ] GC(1100) Pause Young (Normal) (G1 Evacuation Pause)
[2024-08-27T15:01:10.415+0000][info][gc,task        ] GC(1100) Using 24 workers of 68 for evacuation
[2024-08-27T15:01:10.429+0000][info][gc,phases      ] GC(1100)   Pre Evacuate Collection Set: 0.2ms
[2024-08-27T15:01:10.429+0000][info][gc,phases      ] GC(1100)   Merge Heap Roots: 0.4ms
[2024-08-27T15:01:10.429+0000][info][gc,phases      ] GC(1100)   Evacuate Collection Set: 12.6ms
[2024-08-27T15:01:10.429+0000][info][gc,phases      ] GC(1100)   Post Evacuate Collection Set: 0.5ms
[2024-08-27T15:01:10.429+0000][info][gc,phases      ] GC(1100)   Other: 0.3ms
[2024-08-27T15:01:10.429+0000][info][gc,heap        ] GC(1100) Eden regions: 44->0(44)
[2024-08-27T15:01:10.429+0000][info][gc,heap        ] GC(1100) Survivor regions: 7->7(7)
[2024-08-27T15:01:10.429+0000][info][gc,heap        ] GC(1100) Old regions: 895->942
[2024-08-27T15:01:10.429+0000][info][gc,heap        ] GC(1100) Archive regions: 2->2
[2024-08-27T15:01:10.429+0000][info][gc,heap        ] GC(1100) Humongous regions: 5->5
[2024-08-27T15:01:10.429+0000][info][gc,metaspace   ] GC(1100) Metaspace: 100K(320K)->100K(320K) NonClass: 96K(192K)->96K(192K) Class: 4K(128K)->4K(128K)
[2024-08-27T15:01:10.429+0000][info][gc             ] GC(1100) Pause Young (Normal) (G1 Evacuation Pause) 942M->945M(1024M) 14.198ms
[2024-08-27T15:01:10.429+0000][info][gc,cpu         ] GC(1100) User=0.31s Sys=0.00s Real=0.01s
[2024-08-27T15:01:10.443+0000][info][gc,start       ] GC(1101) Pause Young (Normal) (G1 Preventive Collection)
[2024-08-27T15:01:10.443+0000][info][gc,task        ] GC(1101) Using 24 workers of 68 for evacuation
[2024-08-27T15:01:10.457+0000][info][gc,phases      ] GC(1101)   Pre Evacuate Collection Set: 0.2ms
[2024-08-27T15:01:10.457+0000][info][gc,phases      ] GC(1101)   Merge Heap Roots: 0.5ms
[2024-08-27T15:01:10.457+0000][info][gc,phases      ] GC(1101)   Evacuate Collection Set: 12.1ms
[2024-08-27T15:01:10.457+0000][info][gc,phases      ] GC(1101)   Post Evacuate Collection Set: 0.6ms
[2024-08-27T15:01:10.457+0000][info][gc,phases      ] GC(1101)   Other: 0.3ms
[2024-08-27T15:01:10.457+0000][info][gc,heap        ] GC(1101) Eden regions: 29->0(44)
[2024-08-27T15:01:10.457+0000][info][gc,heap        ] GC(1101) Survivor regions: 7->7(7)
[2024-08-27T15:01:10.457+0000][info][gc,heap        ] GC(1101) Old regions: 942->974
[2024-08-27T15:01:10.457+0000][info][gc,heap        ] GC(1101) Archive regions: 2->2
[2024-08-27T15:01:10.457+0000][info][gc,heap        ] GC(1101) Humongous regions: 5->5
[2024-08-27T15:01:10.457+0000][info][gc,metaspace   ] GC(1101) Metaspace: 100K(320K)->100K(320K) NonClass: 96K(192K)->96K(192K) Class: 4K(128K)->4K(128K)
[2024-08-27T15:01:10.457+0000][info][gc             ] GC(1101) Pause Young (Normal) (G1 Preventive Collection) 974M->977M(1024M) 13.862ms
[2024-08-27T15:01:10.457+0000][info][gc,cpu         ] GC(1101) User=0.31s Sys=0.00s Real=0.01s
[2024-08-27T15:01:10.464+0000][info][gc,start       ] GC(1102) Pause Young (Normal) (G1 Preventive Collection)
[2024-08-27T15:01:10.464+0000][info][gc,task        ] GC(1102) Using 24 workers of 68 for evacuation
[2024-08-27T15:01:10.474+0000][info][gc,phases      ] GC(1102)   Pre Evacuate Collection Set: 0.2ms
[2024-08-27T15:01:10.474+0000][info][gc,phases      ] GC(1102)   Merge Heap Roots: 0.5ms
[2024-08-27T15:01:10.474+0000][info][gc,phases      ] GC(1102)   Evacuate Collection Set: 8.7ms
[2024-08-27T15:01:10.474+0000][info][gc,phases      ] GC(1102)   Post Evacuate Collection Set: 0.6ms
[2024-08-27T15:01:10.474+0000][info][gc,phases      ] GC(1102)   Other: 0.3ms
[2024-08-27T15:01:10.474+0000][info][gc,heap        ] GC(1102) Eden regions: 13->0(44)
[2024-08-27T15:01:10.474+0000][info][gc,heap        ] GC(1102) Survivor regions: 7->7(7)
[2024-08-27T15:01:10.474+0000][info][gc,heap        ] GC(1102) Old regions: 974->990
[2024-08-27T15:01:10.474+0000][info][gc,heap        ] GC(1102) Archive regions: 2->2
[2024-08-27T15:01:10.474+0000][info][gc,heap        ] GC(1102) Humongous regions: 5->5
[2024-08-27T15:01:10.474+0000][info][gc,metaspace   ] GC(1102) Metaspace: 100K(320K)->100K(320K) NonClass: 96K(192K)->96K(192K) Class: 4K(128K)->4K(128K)
[2024-08-27T15:01:10.474+0000][info][gc             ] GC(1102) Pause Young (Normal) (G1 Preventive Collection) 990M->993M(1024M) 10.485ms
[2024-08-27T15:01:10.474+0000][info][gc,cpu         ] GC(1102) User=0.23s Sys=0.00s Real=0.01s
[2024-08-27T15:01:10.478+0000][info][gc,start       ] GC(1103) Pause Young (Normal) (G1 Preventive Collection)
[2024-08-27T15:01:10.478+0000][info][gc,task        ] GC(1103) Using 24 workers of 68 for evacuation
[2024-08-27T15:01:10.486+0000][info][gc             ] GC(1103) To-space exhausted
[2024-08-27T15:01:10.486+0000][info][gc,phases      ] GC(1103)   Pre Evacuate Collection Set: 0.2ms
[2024-08-27T15:01:10.486+0000][info][gc,phases      ] GC(1103)   Merge Heap Roots: 0.6ms
[2024-08-27T15:01:10.486+0000][info][gc,phases      ] GC(1103)   Evacuate Collection Set: 6.9ms
[2024-08-27T15:01:10.486+0000][info][gc,phases      ] GC(1103)   Post Evacuate Collection Set: 0.7ms
[2024-08-27T15:01:10.486+0000][info][gc,phases      ] GC(1103)   Other: 0.3ms
[2024-08-27T15:01:10.486+0000][info][gc,heap        ] GC(1103) Eden regions: 5->0(45)
[2024-08-27T15:01:10.486+0000][info][gc,heap        ] GC(1103) Survivor regions: 7->6(7)
[2024-08-27T15:01:10.486+0000][info][gc,heap        ] GC(1103) Old regions: 990->1006
[2024-08-27T15:01:10.486+0000][info][gc,heap        ] GC(1103) Archive regions: 2->2
[2024-08-27T15:01:10.486+0000][info][gc,heap        ] GC(1103) Humongous regions: 5->5
[2024-08-27T15:01:10.486+0000][info][gc,metaspace   ] GC(1103) Metaspace: 100K(320K)->100K(320K) NonClass: 96K(192K)->96K(192K) Class: 4K(128K)->4K(128K)
[2024-08-27T15:01:10.486+0000][info][gc             ] GC(1103) Pause Young (Normal) (G1 Preventive Collection) 998M->1008M(1024M) 8.856ms
[2024-08-27T15:01:10.487+0000][info][gc,cpu         ] GC(1103) User=0.17s Sys=0.01s Real=0.00s
[2024-08-27T15:01:10.488+0000][info][gc,start       ] GC(1104) Pause Young (Normal) (G1 Preventive Collection)
[2024-08-27T15:01:10.488+0000][info][gc,task        ] GC(1104) Using 24 workers of 68 for evacuation
[2024-08-27T15:01:10.495+0000][info][gc             ] GC(1104) To-space exhausted
[2024-08-27T15:01:10.495+0000][info][gc,phases      ] GC(1104)   Pre Evacuate Collection Set: 0.1ms
[2024-08-27T15:01:10.495+0000][info][gc,phases      ] GC(1104)   Merge Heap Roots: 0.6ms
[2024-08-27T15:01:10.495+0000][info][gc,phases      ] GC(1104)   Evacuate Collection Set: 5.7ms
[2024-08-27T15:01:10.495+0000][info][gc,phases      ] GC(1104)   Post Evacuate Collection Set: 0.8ms
[2024-08-27T15:01:10.495+0000][info][gc,phases      ] GC(1104)   Other: 0.2ms
[2024-08-27T15:01:10.495+0000][info][gc,heap        ] GC(1104) Eden regions: 1->0(50)
[2024-08-27T15:01:10.495+0000][info][gc,heap        ] GC(1104) Survivor regions: 6->1(4)
[2024-08-27T15:01:10.495+0000][info][gc,heap        ] GC(1104) Old regions: 1006->1016
[2024-08-27T15:01:10.495+0000][info][gc,heap        ] GC(1104) Archive regions: 2->2
[2024-08-27T15:01:10.495+0000][info][gc,heap        ] GC(1104) Humongous regions: 5->5
[2024-08-27T15:01:10.495+0000][info][gc,metaspace   ] GC(1104) Metaspace: 100K(320K)->100K(320K) NonClass: 96K(192K)->96K(192K) Class: 4K(128K)->4K(128K)
[2024-08-27T15:01:10.495+0000][info][gc             ] GC(1104) Pause Young (Normal) (G1 Preventive Collection) 1009M->1013M(1024M) 7.379ms
[2024-08-27T15:01:10.495+0000][info][gc,cpu         ] GC(1104) User=0.15s Sys=0.00s Real=0.01s
[2024-08-27T15:01:10.495+0000][info][gc,ergo        ] Attempting full compaction
[2024-08-27T15:01:10.495+0000][info][gc,task        ] GC(1105) Using 24 workers of 68 for full compaction
[2024-08-27T15:01:10.495+0000][info][gc,start       ] GC(1105) Pause Full (G1 Compaction Pause)
[2024-08-27T15:01:10.496+0000][info][gc,phases,start] GC(1105) Phase 1: Mark live objects
[2024-08-27T15:01:10.509+0000][info][gc,phases      ] GC(1105) Phase 1: Mark live objects 13.289ms
[2024-08-27T15:01:10.509+0000][info][gc,phases,start] GC(1105) Phase 2: Prepare for compaction
[2024-08-27T15:01:10.517+0000][info][gc,phases      ] GC(1105) Phase 2: Prepare for compaction 8.139ms
[2024-08-27T15:01:10.517+0000][info][gc,phases,start] GC(1105) Phase 3: Adjust pointers
[2024-08-27T15:01:10.530+0000][info][gc,phases      ] GC(1105) Phase 3: Adjust pointers 13.223ms
[2024-08-27T15:01:10.531+0000][info][gc,phases,start] GC(1105) Phase 4: Compact heap
[2024-08-27T15:01:10.561+0000][info][gc,phases      ] GC(1105) Phase 4: Compact heap 30.308ms
[2024-08-27T15:01:10.562+0000][info][gc,heap        ] GC(1105) Eden regions: 0->0(149)
[2024-08-27T15:01:10.562+0000][info][gc,heap        ] GC(1105) Survivor regions: 1->0(4)
[2024-08-27T15:01:10.562+0000][info][gc,heap        ] GC(1105) Old regions: 1016->445
[2024-08-27T15:01:10.562+0000][info][gc,heap        ] GC(1105) Archive regions: 2->2
[2024-08-27T15:01:10.562+0000][info][gc,heap        ] GC(1105) Humongous regions: 5->5
[2024-08-27T15:01:10.562+0000][info][gc,metaspace   ] GC(1105) Metaspace: 100K(320K)->100K(320K) NonClass: 96K(192K)->96K(192K) Class: 4K(128K)->4K(128K)
[2024-08-27T15:01:10.562+0000][info][gc             ] GC(1105) Pause Full (G1 Compaction Pause) 1013M->437M(1024M) 67.270ms
[2024-08-27T15:01:10.563+0000][info][gc,cpu         ] GC(1105) User=1.46s Sys=0.00s Real=0.07s
[2024-08-27T15:01:10.563+0000][info][gc,marking     ] GC(1098) Concurrent Rebuild Remembered Sets 183.209ms
[2024-08-27T15:01:10.563+0000][info][gc,marking     ] GC(1098) Concurrent Mark Abort
[2024-08-27T15:01:10.563+0000][info][gc             ] GC(1098) Concurrent Mark Cycle 209.584ms
[2024-08-27T15:01:10.628+0000][info][gc,start       ] GC(1106) Pause Young (Normal) (G1 Evacuation Pause)
[2024-08-27T15:01:10.628+0000][info][gc,task        ] GC(1106) Using 24 workers of 68 for evacuation
[2024-08-27T15:01:10.651+0000][info][gc,phases      ] GC(1106)   Pre Evacuate Collection Set: 0.2ms
[2024-08-27T15:01:10.651+0000][info][gc,phases      ] GC(1106)   Merge Heap Roots: 0.4ms
[2024-08-27T15:01:10.651+0000][info][gc,phases      ] GC(1106)   Evacuate Collection Set: 21.8ms
[2024-08-27T15:01:10.651+0000][info][gc,phases      ] GC(1106)   Post Evacuate Collection Set: 0.4ms
[2024-08-27T15:01:10.651+0000][info][gc,phases      ] GC(1106)   Other: 0.3ms
[2024-08-27T15:01:10.651+0000][info][gc,heap        ] GC(1106) Eden regions: 149->0(103)
[2024-08-27T15:01:10.651+0000][info][gc,heap        ] GC(1106) Survivor regions: 0->19(19)
[2024-08-27T15:01:10.651+0000][info][gc,heap        ] GC(1106) Old regions: 445->571
[2024-08-27T15:01:10.651+0000][info][gc,heap        ] GC(1106) Archive regions: 2->2
[2024-08-27T15:01:10.651+0000][info][gc,heap        ] GC(1106) Humongous regions: 5->5
[2024-08-27T15:01:10.651+0000][info][gc,metaspace   ] GC(1106) Metaspace: 100K(320K)->100K(320K) NonClass: 96K(192K)->96K(192K) Class: 4K(128K)->4K(128K)
[2024-08-27T15:01:10.651+0000][info][gc             ] GC(1106) Pause Young (Normal) (G1 Evacuation Pause) 586M->582M(1024M) 23.154ms
[2024-08-27T15:01:10.651+0000][info][gc,cpu         ] GC(1106) User=0.52s Sys=0.00s Real=0.03s
[2024-08-27T15:01:10.693+0000][info][gc,start       ] GC(1107) Pause Young (Concurrent Start) (G1 Evacuation Pause)
[2024-08-27T15:01:10.693+0000][info][gc,task        ] GC(1107) Using 24 workers of 68 for evacuation
[2024-08-27T15:01:10.714+0000][info][gc,phases      ] GC(1107)   Pre Evacuate Collection Set: 0.2ms
[2024-08-27T15:01:10.714+0000][info][gc,phases      ] GC(1107)   Merge Heap Roots: 0.4ms
[2024-08-27T15:01:10.714+0000][info][gc,phases      ] GC(1107)   Evacuate Collection Set: 18.7ms
[2024-08-27T15:01:10.714+0000][info][gc,phases      ] GC(1107)   Post Evacuate Collection Set: 0.4ms
[2024-08-27T15:01:10.714+0000][info][gc,phases      ] GC(1107)   Other: 1.0ms
[2024-08-27T15:01:10.714+0000][info][gc,heap        ] GC(1107) Eden regions: 103->0(69)
[2024-08-27T15:01:10.714+0000][info][gc,heap        ] GC(1107) Survivor regions: 19->16(16)
[2024-08-27T15:01:10.714+0000][info][gc,heap        ] GC(1107) Old regions: 571->678
[2024-08-27T15:01:10.714+0000][info][gc,heap        ] GC(1107) Archive regions: 2->2
[2024-08-27T15:01:10.714+0000][info][gc,heap        ] GC(1107) Humongous regions: 5->5
[2024-08-27T15:01:10.714+0000][info][gc,metaspace   ] GC(1107) Metaspace: 100K(320K)->100K(320K) NonClass: 96K(192K)->96K(192K) Class: 4K(128K)->4K(128K)
[2024-08-27T15:01:10.714+0000][info][gc             ] GC(1107) Pause Young (Concurrent Start) (G1 Evacuation Pause) 685M->686M(1024M) 20.880ms
[2024-08-27T15:01:10.714+0000][info][gc,cpu         ] GC(1107) User=0.45s Sys=0.00s Real=0.02s
[2024-08-27T15:01:10.714+0000][info][gc             ] GC(1108) Concurrent Mark Cycle
[2024-08-27T15:01:10.714+0000][info][gc,marking     ] GC(1108) Concurrent Clear Claimed Marks
[2024-08-27T15:01:10.714+0000][info][gc,marking     ] GC(1108) Concurrent Clear Claimed Marks 0.022ms
[2024-08-27T15:01:10.714+0000][info][gc,marking     ] GC(1108) Concurrent Scan Root Regions
[2024-08-27T15:01:10.718+0000][info][gc,marking     ] GC(1108) Concurrent Scan Root Regions 3.748ms
[2024-08-27T15:01:10.718+0000][info][gc,marking     ] GC(1108) Concurrent Mark
[2024-08-27T15:01:10.718+0000][info][gc,marking     ] GC(1108) Concurrent Mark From Roots
[2024-08-27T15:01:10.718+0000][info][gc,task        ] GC(1108) Using 17 workers of 17 for marking
[2024-08-27T15:01:10.739+0000][info][gc,marking     ] GC(1108) Concurrent Mark From Roots 21.009ms
[2024-08-27T15:01:10.739+0000][info][gc,marking     ] GC(1108) Concurrent Preclean
[2024-08-27T15:01:10.740+0000][info][gc,marking     ] GC(1108) Concurrent Preclean 1.061ms
[2024-08-27T15:01:10.741+0000][info][gc,start       ] GC(1108) Pause Remark
[2024-08-27T15:01:10.742+0000][info][gc             ] GC(1108) Pause Remark 723M->723M(1024M) 1.672ms
[2024-08-27T15:01:10.742+0000][info][gc,cpu         ] GC(1108) User=0.01s Sys=0.00s Real=0.00s
[2024-08-27T15:01:10.742+0000][info][gc,marking     ] GC(1108) Concurrent Mark 24.505ms
[2024-08-27T15:01:10.742+0000][info][gc,marking     ] GC(1108) Concurrent Rebuild Remembered Sets
[2024-08-27T15:01:10.760+0000][info][gc,start       ] GC(1109) Pause Young (Normal) (G1 Evacuation Pause)
[2024-08-27T15:01:10.760+0000][info][gc,task        ] GC(1109) Using 24 workers of 68 for evacuation
[2024-08-27T15:01:10.778+0000][info][gc,phases      ] GC(1109)   Pre Evacuate Collection Set: 0.2ms
[2024-08-27T15:01:10.778+0000][info][gc,phases      ] GC(1109)   Merge Heap Roots: 0.4ms
[2024-08-27T15:01:10.778+0000][info][gc,phases      ] GC(1109)   Evacuate Collection Set: 16.7ms
[2024-08-27T15:01:10.778+0000][info][gc,phases      ] GC(1109)   Post Evacuate Collection Set: 0.5ms
[2024-08-27T15:01:10.778+0000][info][gc,phases      ] GC(1109)   Other: 0.3ms
[2024-08-27T15:01:10.778+0000][info][gc,heap        ] GC(1109) Eden regions: 69->0(46)
[2024-08-27T15:01:10.778+0000][info][gc,heap        ] GC(1109) Survivor regions: 16->11(11)
[2024-08-27T15:01:10.778+0000][info][gc,heap        ] GC(1109) Old regions: 678->757
[2024-08-27T15:01:10.778+0000][info][gc,heap        ] GC(1109) Archive regions: 2->2
[2024-08-27T15:01:10.778+0000][info][gc,heap        ] GC(1109) Humongous regions: 5->5
[2024-08-27T15:01:10.778+0000][info][gc,metaspace   ] GC(1109) Metaspace: 100K(320K)->100K(320K) NonClass: 96K(192K)->96K(192K) Class: 4K(128K)->4K(128K)
[2024-08-27T15:01:10.778+0000][info][gc             ] GC(1109) Pause Young (Normal) (G1 Evacuation Pause) 755M->759M(1024M) 18.184ms
[2024-08-27T15:01:10.778+0000][info][gc,cpu         ] GC(1109) User=0.41s Sys=0.01s Real=0.02s
[2024-08-27T15:01:10.802+0000][info][gc,start       ] GC(1110) Pause Young (Normal) (G1 Evacuation Pause)
[2024-08-27T15:01:10.802+0000][info][gc,task        ] GC(1110) Using 24 workers of 68 for evacuation
[2024-08-27T15:01:10.820+0000][info][gc,phases      ] GC(1110)   Pre Evacuate Collection Set: 0.2ms
[2024-08-27T15:01:10.821+0000][info][gc,phases      ] GC(1110)   Merge Heap Roots: 0.5ms
[2024-08-27T15:01:10.821+0000][info][gc,phases      ] GC(1110)   Evacuate Collection Set: 16.9ms
[2024-08-27T15:01:10.821+0000][info][gc,phases      ] GC(1110)   Post Evacuate Collection Set: 0.6ms
[2024-08-27T15:01:10.821+0000][info][gc,phases      ] GC(1110)   Other: 0.3ms
[2024-08-27T15:01:10.821+0000][info][gc,heap        ] GC(1110) Eden regions: 46->0(43)
[2024-08-27T15:01:10.821+0000][info][gc,heap        ] GC(1110) Survivor regions: 11->8(8)
[2024-08-27T15:01:10.821+0000][info][gc,heap        ] GC(1110) Old regions: 757->810
[2024-08-27T15:01:10.821+0000][info][gc,heap        ] GC(1110) Archive regions: 2->2
[2024-08-27T15:01:10.821+0000][info][gc,heap        ] GC(1110) Humongous regions: 5->5
[2024-08-27T15:01:10.821+0000][info][gc,metaspace   ] GC(1110) Metaspace: 100K(320K)->100K(320K) NonClass: 96K(192K)->96K(192K) Class: 4K(128K)->4K(128K)
[2024-08-27T15:01:10.821+0000][info][gc             ] GC(1110) Pause Young (Normal) (G1 Evacuation Pause) 805M->809M(1024M) 18.701ms
[2024-08-27T15:01:10.821+0000][info][gc,cpu         ] GC(1110) User=0.42s Sys=0.00s Real=0.02s
[2024-08-27T15:01:10.841+0000][info][gc,start       ] GC(1111) Pause Young (Normal) (G1 Evacuation Pause)
[2024-08-27T15:01:10.841+0000][info][gc,task        ] GC(1111) Using 24 workers of 68 for evacuation
[2024-08-27T15:01:10.857+0000][info][gc,phases      ] GC(1111)   Pre Evacuate Collection Set: 0.2ms
[2024-08-27T15:01:10.858+0000][info][gc,phases      ] GC(1111)   Merge Heap Roots: 0.6ms
[2024-08-27T15:01:10.858+0000][info][gc,phases      ] GC(1111)   Evacuate Collection Set: 14.6ms
[2024-08-27T15:01:10.858+0000][info][gc,phases      ] GC(1111)   Post Evacuate Collection Set: 0.7ms
[2024-08-27T15:01:10.858+0000][info][gc,phases      ] GC(1111)   Other: 0.3ms
[2024-08-27T15:01:10.858+0000][info][gc,heap        ] GC(1111) Eden regions: 43->0(44)
[2024-08-27T15:01:10.858+0000][info][gc,heap        ] GC(1111) Survivor regions: 8->7(7)
[2024-08-27T15:01:10.858+0000][info][gc,heap        ] GC(1111) Old regions: 810->858
[2024-08-27T15:01:10.858+0000][info][gc,heap        ] GC(1111) Archive regions: 2->2
[2024-08-27T15:01:10.858+0000][info][gc,heap        ] GC(1111) Humongous regions: 5->5
[2024-08-27T15:01:10.858+0000][info][gc,metaspace   ] GC(1111) Metaspace: 100K(320K)->100K(320K) NonClass: 96K(192K)->96K(192K) Class: 4K(128K)->4K(128K)
[2024-08-27T15:01:10.858+0000][info][gc             ] GC(1111) Pause Young (Normal) (G1 Evacuation Pause) 852M->857M(1024M) 16.645ms
[2024-08-27T15:01:10.858+0000][info][gc,cpu         ] GC(1111) User=0.36s Sys=0.01s Real=0.02s
[2024-08-27T15:01:10.878+0000][info][gc,start       ] GC(1112) Pause Young (Normal) (G1 Evacuation Pause)
[2024-08-27T15:01:10.879+0000][info][gc,task        ] GC(1112) Using 24 workers of 68 for evacuation
[2024-08-27T15:01:10.896+0000][info][gc,phases      ] GC(1112)   Pre Evacuate Collection Set: 0.2ms
[2024-08-27T15:01:10.896+0000][info][gc,phases      ] GC(1112)   Merge Heap Roots: 0.7ms
[2024-08-27T15:01:10.896+0000][info][gc,phases      ] GC(1112)   Evacuate Collection Set: 15.5ms
[2024-08-27T15:01:10.896+0000][info][gc,phases      ] GC(1112)   Post Evacuate Collection Set: 0.9ms
[2024-08-27T15:01:10.896+0000][info][gc,phases      ] GC(1112)   Other: 0.3ms
[2024-08-27T15:01:10.896+0000][info][gc,heap        ] GC(1112) Eden regions: 44->0(44)
[2024-08-27T15:01:10.896+0000][info][gc,heap        ] GC(1112) Survivor regions: 7->7(7)
[2024-08-27T15:01:10.896+0000][info][gc,heap        ] GC(1112) Old regions: 858->905
[2024-08-27T15:01:10.896+0000][info][gc,heap        ] GC(1112) Archive regions: 2->2
[2024-08-27T15:01:10.896+0000][info][gc,heap        ] GC(1112) Humongous regions: 5->5
[2024-08-27T15:01:10.896+0000][info][gc,metaspace   ] GC(1112) Metaspace: 100K(320K)->100K(320K) NonClass: 96K(192K)->96K(192K) Class: 4K(128K)->4K(128K)
[2024-08-27T15:01:10.896+0000][info][gc             ] GC(1112) Pause Young (Normal) (G1 Evacuation Pause) 901M->904M(1024M) 17.842ms
[2024-08-27T15:01:10.896+0000][info][gc,cpu         ] GC(1112) User=0.40s Sys=0.00s Real=0.01s
[2024-08-27T15:01:10.897+0000][info][gc,marking     ] GC(1108) Concurrent Rebuild Remembered Sets 154.115ms
[2024-08-27T15:01:10.897+0000][info][gc,start       ] GC(1108) Pause Cleanup
[2024-08-27T15:01:10.899+0000][info][gc             ] GC(1108) Pause Cleanup 905M->905M(1024M) 2.585ms
[2024-08-27T15:01:10.900+0000][info][gc,cpu         ] GC(1108) User=0.01s Sys=0.00s Real=0.01s
[2024-08-27T15:01:10.900+0000][info][gc,marking     ] GC(1108) Concurrent Cleanup for Next Mark
[2024-08-27T15:01:10.900+0000][info][gc,marking     ] GC(1108) Concurrent Cleanup for Next Mark 0.809ms
[2024-08-27T15:01:10.900+0000][info][gc             ] GC(1108) Concurrent Mark Cycle 186.513ms
[2024-08-27T15:01:10.921+0000][info][gc,start       ] GC(1113) Pause Young (Prepare Mixed) (G1 Evacuation Pause)
[2024-08-27T15:01:10.921+0000][info][gc,task        ] GC(1113) Using 24 workers of 68 for evacuation
[2024-08-27T15:01:10.938+0000][info][gc,phases      ] GC(1113)   Pre Evacuate Collection Set: 0.1ms
[2024-08-27T15:01:10.938+0000][info][gc,phases      ] GC(1113)   Merge Heap Roots: 0.6ms
[2024-08-27T15:01:10.938+0000][info][gc,phases      ] GC(1113)   Evacuate Collection Set: 16.7ms
[2024-08-27T15:01:10.938+0000][info][gc,phases      ] GC(1113)   Post Evacuate Collection Set: 0.3ms
[2024-08-27T15:01:10.938+0000][info][gc,phases      ] GC(1113)   Other: 0.2ms
[2024-08-27T15:01:10.938+0000][info][gc,heap        ] GC(1113) Eden regions: 44->0(44)
[2024-08-27T15:01:10.938+0000][info][gc,heap        ] GC(1113) Survivor regions: 7->7(7)
[2024-08-27T15:01:10.938+0000][info][gc,heap        ] GC(1113) Old regions: 905->951
[2024-08-27T15:01:10.938+0000][info][gc,heap        ] GC(1113) Archive regions: 2->2
[2024-08-27T15:01:10.938+0000][info][gc,heap        ] GC(1113) Humongous regions: 5->5
[2024-08-27T15:01:10.938+0000][info][gc,metaspace   ] GC(1113) Metaspace: 100K(320K)->100K(320K) NonClass: 96K(192K)->96K(192K) Class: 4K(128K)->4K(128K)
[2024-08-27T15:01:10.939+0000][info][gc             ] GC(1113) Pause Young (Prepare Mixed) (G1 Evacuation Pause) 948M->950M(1024M) 17.932ms
[2024-08-27T15:01:10.939+0000][info][gc,cpu         ] GC(1113) User=0.42s Sys=0.00s Real=0.02s
[2024-08-27T15:01:10.950+0000][info][gc,start       ] GC(1114) Pause Young (Mixed) (G1 Preventive Collection)
[2024-08-27T15:01:10.950+0000][info][gc,task        ] GC(1114) Using 24 workers of 68 for evacuation
[2024-08-27T15:01:10.958+0000][info][gc,phases      ] GC(1114)   Pre Evacuate Collection Set: 0.2ms
[2024-08-27T15:01:10.958+0000][info][gc,phases      ] GC(1114)   Merge Heap Roots: 0.4ms
[2024-08-27T15:01:10.958+0000][info][gc,phases      ] GC(1114)   Evacuate Collection Set: 6.9ms
[2024-08-27T15:01:10.958+0000][info][gc,phases      ] GC(1114)   Post Evacuate Collection Set: 0.3ms
[2024-08-27T15:01:10.958+0000][info][gc,phases      ] GC(1114)   Other: 0.2ms
[2024-08-27T15:01:10.958+0000][info][gc,heap        ] GC(1114) Eden regions: 24->0(44)
[2024-08-27T15:01:10.958+0000][info][gc,heap        ] GC(1114) Survivor regions: 7->7(7)
[2024-08-27T15:01:10.958+0000][info][gc,heap        ] GC(1114) Old regions: 951->875
[2024-08-27T15:01:10.958+0000][info][gc,heap        ] GC(1114) Archive regions: 2->2
[2024-08-27T15:01:10.958+0000][info][gc,heap        ] GC(1114) Humongous regions: 5->5
[2024-08-27T15:01:10.958+0000][info][gc,metaspace   ] GC(1114) Metaspace: 100K(320K)->100K(320K) NonClass: 96K(192K)->96K(192K) Class: 4K(128K)->4K(128K)
[2024-08-27T15:01:10.958+0000][info][gc             ] GC(1114) Pause Young (Mixed) (G1 Preventive Collection) 974M->875M(1024M) 8.051ms
[2024-08-27T15:01:10.958+0000][info][gc,cpu         ] GC(1114) User=0.17s Sys=0.00s Real=0.01s
[2024-08-27T15:01:10.976+0000][info][gc,start       ] GC(1115) Pause Young (Mixed) (G1 Evacuation Pause)
[2024-08-27T15:01:10.976+0000][info][gc,task        ] GC(1115) Using 24 workers of 68 for evacuation
[2024-08-27T15:01:10.986+0000][info][gc,phases      ] GC(1115)   Pre Evacuate Collection Set: 0.2ms
[2024-08-27T15:01:10.986+0000][info][gc,phases      ] GC(1115)   Merge Heap Roots: 0.3ms
[2024-08-27T15:01:10.986+0000][info][gc,phases      ] GC(1115)   Evacuate Collection Set: 9.3ms
[2024-08-27T15:01:10.986+0000][info][gc,phases      ] GC(1115)   Post Evacuate Collection Set: 0.3ms
[2024-08-27T15:01:10.986+0000][info][gc,phases      ] GC(1115)   Other: 0.2ms
[2024-08-27T15:01:10.986+0000][info][gc,heap        ] GC(1115) Eden regions: 44->0(44)
[2024-08-27T15:01:10.986+0000][info][gc,heap        ] GC(1115) Survivor regions: 7->7(7)
[2024-08-27T15:01:10.986+0000][info][gc,heap        ] GC(1115) Old regions: 875->827
[2024-08-27T15:01:10.986+0000][info][gc,heap        ] GC(1115) Archive regions: 2->2
[2024-08-27T15:01:10.986+0000][info][gc,heap        ] GC(1115) Humongous regions: 5->5
[2024-08-27T15:01:10.987+0000][info][gc,metaspace   ] GC(1115) Metaspace: 100K(320K)->100K(320K) NonClass: 96K(192K)->96K(192K) Class: 4K(128K)->4K(128K)
[2024-08-27T15:01:10.987+0000][info][gc             ] GC(1115) Pause Young (Mixed) (G1 Evacuation Pause) 919M->834M(1024M) 10.330ms
[2024-08-27T15:01:10.987+0000][info][gc,cpu         ] GC(1115) User=0.23s Sys=0.00s Real=0.01s
[2024-08-27T15:01:11.004+0000][info][gc,start       ] GC(1116) Pause Young (Concurrent Start) (G1 Evacuation Pause)
[2024-08-27T15:01:11.004+0000][info][gc,task        ] GC(1116) Using 24 workers of 68 for evacuation
[2024-08-27T15:01:11.014+0000][info][gc,phases      ] GC(1116)   Pre Evacuate Collection Set: 0.1ms
[2024-08-27T15:01:11.014+0000][info][gc,phases      ] GC(1116)   Merge Heap Roots: 0.2ms
[2024-08-27T15:01:11.014+0000][info][gc,phases      ] GC(1116)   Evacuate Collection Set: 8.9ms
[2024-08-27T15:01:11.014+0000][info][gc,phases      ] GC(1116)   Post Evacuate Collection Set: 0.2ms
[2024-08-27T15:01:11.014+0000][info][gc,phases      ] GC(1116)   Other: 0.4ms
[2024-08-27T15:01:11.014+0000][info][gc,heap        ] GC(1116) Eden regions: 44->0(44)
[2024-08-27T15:01:11.014+0000][info][gc,heap        ] GC(1116) Survivor regions: 7->7(7)
[2024-08-27T15:01:11.014+0000][info][gc,heap        ] GC(1116) Old regions: 827->874
[2024-08-27T15:01:11.014+0000][info][gc,heap        ] GC(1116) Archive regions: 2->2
[2024-08-27T15:01:11.014+0000][info][gc,heap        ] GC(1116) Humongous regions: 5->5
[2024-08-27T15:01:11.014+0000][info][gc,metaspace   ] GC(1116) Metaspace: 100K(320K)->100K(320K) NonClass: 96K(192K)->96K(192K) Class: 4K(128K)->4K(128K)
[2024-08-27T15:01:11.014+0000][info][gc             ] GC(1116) Pause Young (Concurrent Start) (G1 Evacuation Pause) 878M->880M(1024M) 9.961ms
[2024-08-27T15:01:11.014+0000][info][gc,cpu         ] GC(1116) User=0.22s Sys=0.00s Real=0.01s
[2024-08-27T15:01:11.014+0000][info][gc             ] GC(1117) Concurrent Mark Cycle
[2024-08-27T15:01:11.014+0000][info][gc,marking     ] GC(1117) Concurrent Clear Claimed Marks
[2024-08-27T15:01:11.014+0000][info][gc,marking     ] GC(1117) Concurrent Clear Claimed Marks 0.007ms
[2024-08-27T15:01:11.014+0000][info][gc,marking     ] GC(1117) Concurrent Scan Root Regions
[2024-08-27T15:01:11.016+0000][info][gc,marking     ] GC(1117) Concurrent Scan Root Regions 1.533ms
[2024-08-27T15:01:11.016+0000][info][gc,marking     ] GC(1117) Concurrent Mark
[2024-08-27T15:01:11.016+0000][info][gc,marking     ] GC(1117) Concurrent Mark From Roots
[2024-08-27T15:01:11.016+0000][info][gc,task        ] GC(1117) Using 17 workers of 17 for marking
[2024-08-27T15:01:11.038+0000][info][gc,marking     ] GC(1117) Concurrent Mark From Roots 21.958ms
[2024-08-27T15:01:11.038+0000][info][gc,marking     ] GC(1117) Concurrent Preclean
[2024-08-27T15:01:11.039+0000][info][gc,marking     ] GC(1117) Concurrent Preclean 0.506ms
[2024-08-27T15:01:11.039+0000][info][gc,start       ] GC(1117) Pause Remark
[2024-08-27T15:01:11.040+0000][info][gc             ] GC(1117) Pause Remark 913M->913M(1024M) 1.351ms
[2024-08-27T15:01:11.040+0000][info][gc,cpu         ] GC(1117) User=0.01s Sys=0.00s Real=0.00s
[2024-08-27T15:01:11.040+0000][info][gc,marking     ] GC(1117) Concurrent Mark 24.211ms
[2024-08-27T15:01:11.040+0000][info][gc,marking     ] GC(1117) Concurrent Rebuild Remembered Sets
[2024-08-27T15:01:11.050+0000][info][gc,start       ] GC(1118) Pause Young (Normal) (G1 Evacuation Pause)
[2024-08-27T15:01:11.050+0000][info][gc,task        ] GC(1118) Using 24 workers of 68 for evacuation
[2024-08-27T15:01:11.060+0000][info][gc,phases      ] GC(1118)   Pre Evacuate Collection Set: 0.1ms
[2024-08-27T15:01:11.060+0000][info][gc,phases      ] GC(1118)   Merge Heap Roots: 0.4ms
[2024-08-27T15:01:11.060+0000][info][gc,phases      ] GC(1118)   Evacuate Collection Set: 9.3ms
[2024-08-27T15:01:11.060+0000][info][gc,phases      ] GC(1118)   Post Evacuate Collection Set: 0.4ms
[2024-08-27T15:01:11.060+0000][info][gc,phases      ] GC(1118)   Other: 0.2ms
[2024-08-27T15:01:11.060+0000][info][gc,heap        ] GC(1118) Eden regions: 44->0(44)
[2024-08-27T15:01:11.060+0000][info][gc,heap        ] GC(1118) Survivor regions: 7->7(7)
[2024-08-27T15:01:11.060+0000][info][gc,heap        ] GC(1118) Old regions: 874->921
[2024-08-27T15:01:11.060+0000][info][gc,heap        ] GC(1118) Archive regions: 2->2
[2024-08-27T15:01:11.060+0000][info][gc,heap        ] GC(1118) Humongous regions: 5->5
[2024-08-27T15:01:11.060+0000][info][gc,metaspace   ] GC(1118) Metaspace: 100K(320K)->100K(320K) NonClass: 96K(192K)->96K(192K) Class: 4K(128K)->4K(128K)
[2024-08-27T15:01:11.060+0000][info][gc             ] GC(1118) Pause Young (Normal) (G1 Evacuation Pause) 924M->927M(1024M) 10.471ms
[2024-08-27T15:01:11.060+0000][info][gc,cpu         ] GC(1118) User=0.20s Sys=0.03s Real=0.01s
[2024-08-27T15:01:11.083+0000][info][gc,start       ] GC(1119) Pause Young (Normal) (G1 Preventive Collection)
[2024-08-27T15:01:11.083+0000][info][gc,task        ] GC(1119) Using 24 workers of 68 for evacuation
[2024-08-27T15:01:11.095+0000][info][gc,phases      ] GC(1119)   Pre Evacuate Collection Set: 0.1ms
[2024-08-27T15:01:11.095+0000][info][gc,phases      ] GC(1119)   Merge Heap Roots: 0.3ms
[2024-08-27T15:01:11.095+0000][info][gc,phases      ] GC(1119)   Evacuate Collection Set: 11.3ms
[2024-08-27T15:01:11.095+0000][info][gc,phases      ] GC(1119)   Post Evacuate Collection Set: 0.5ms
[2024-08-27T15:01:11.095+0000][info][gc,phases      ] GC(1119)   Other: 0.2ms
[2024-08-27T15:01:11.095+0000][info][gc,heap        ] GC(1119) Eden regions: 39->0(44)
[2024-08-27T15:01:11.095+0000][info][gc,heap        ] GC(1119) Survivor regions: 7->7(7)
[2024-08-27T15:01:11.095+0000][info][gc,heap        ] GC(1119) Old regions: 921->962
[2024-08-27T15:01:11.095+0000][info][gc,heap        ] GC(1119) Archive regions: 2->2
[2024-08-27T15:01:11.095+0000][info][gc,heap        ] GC(1119) Humongous regions: 5->5
[2024-08-27T15:01:11.095+0000][info][gc,metaspace   ] GC(1119) Metaspace: 100K(320K)->100K(320K) NonClass: 96K(192K)->96K(192K) Class: 4K(128K)->4K(128K)
[2024-08-27T15:01:11.095+0000][info][gc             ] GC(1119) Pause Young (Normal) (G1 Preventive Collection) 966M->969M(1024M) 12.460ms
[2024-08-27T15:01:11.095+0000][info][gc,cpu         ] GC(1119) User=0.28s Sys=0.00s Real=0.01s
[2024-08-27T15:01:11.105+0000][info][gc,start       ] GC(1120) Pause Young (Normal) (G1 Preventive Collection)
[2024-08-27T15:01:11.105+0000][info][gc,task        ] GC(1120) Using 24 workers of 68 for evacuation
[2024-08-27T15:01:11.116+0000][info][gc             ] GC(1120) To-space exhausted
[2024-08-27T15:01:11.116+0000][info][gc,phases      ] GC(1120)   Pre Evacuate Collection Set: 0.1ms
[2024-08-27T15:01:11.116+0000][info][gc,phases      ] GC(1120)   Merge Heap Roots: 0.5ms
[2024-08-27T15:01:11.116+0000][info][gc,phases      ] GC(1120)   Evacuate Collection Set: 9.4ms
[2024-08-27T15:01:11.116+0000][info][gc,phases      ] GC(1120)   Post Evacuate Collection Set: 0.9ms
[2024-08-27T15:01:11.116+0000][info][gc,phases      ] GC(1120)   Other: 0.2ms
[2024-08-27T15:01:11.116+0000][info][gc,heap        ] GC(1120) Eden regions: 19->0(44)
[2024-08-27T15:01:11.116+0000][info][gc,heap        ] GC(1120) Survivor regions: 7->7(7)
[2024-08-27T15:01:11.116+0000][info][gc,heap        ] GC(1120) Old regions: 962->1009
[2024-08-27T15:01:11.116+0000][info][gc,heap        ] GC(1120) Archive regions: 2->2
[2024-08-27T15:01:11.116+0000][info][gc,heap        ] GC(1120) Humongous regions: 5->5
[2024-08-27T15:01:11.116+0000][info][gc,metaspace   ] GC(1120) Metaspace: 100K(320K)->100K(320K) NonClass: 96K(192K)->96K(192K) Class: 4K(128K)->4K(128K)
[2024-08-27T15:01:11.116+0000][info][gc             ] GC(1120) Pause Young (Normal) (G1 Preventive Collection) 988M->1016M(1024M) 11.194ms
[2024-08-27T15:01:11.116+0000][info][gc,cpu         ] GC(1120) User=0.25s Sys=0.00s Real=0.01s
[2024-08-27T15:01:11.117+0000][info][gc,start       ] GC(1121) Pause Young (Normal) (G1 Evacuation Pause)
[2024-08-27T15:01:11.117+0000][info][gc,task        ] GC(1121) Using 24 workers of 68 for evacuation
[2024-08-27T15:01:11.125+0000][info][gc             ] GC(1121) To-space exhausted
[2024-08-27T15:01:11.125+0000][info][gc,phases      ] GC(1121)   Pre Evacuate Collection Set: 0.1ms
[2024-08-27T15:01:11.125+0000][info][gc,phases      ] GC(1121)   Merge Heap Roots: 0.5ms
[2024-08-27T15:01:11.125+0000][info][gc,phases      ] GC(1121)   Evacuate Collection Set: 5.8ms
[2024-08-27T15:01:11.125+0000][info][gc,phases      ] GC(1121)   Post Evacuate Collection Set: 0.9ms
[2024-08-27T15:01:11.125+0000][info][gc,phases      ] GC(1121)   Other: 0.2ms
[2024-08-27T15:01:11.125+0000][info][gc,heap        ] GC(1121) Eden regions: 1->0(51)
[2024-08-27T15:01:11.125+0000][info][gc,heap        ] GC(1121) Survivor regions: 7->0(0)
[2024-08-27T15:01:11.125+0000][info][gc,heap        ] GC(1121) Old regions: 1009->1017
[2024-08-27T15:01:11.125+0000][info][gc,heap        ] GC(1121) Archive regions: 2->2
[2024-08-27T15:01:11.125+0000][info][gc,heap        ] GC(1121) Humongous regions: 5->5
[2024-08-27T15:01:11.125+0000][info][gc,metaspace   ] GC(1121) Metaspace: 100K(320K)->100K(320K) NonClass: 96K(192K)->96K(192K) Class: 4K(128K)->4K(128K)
[2024-08-27T15:01:11.125+0000][info][gc             ] GC(1121) Pause Young (Normal) (G1 Evacuation Pause) 1017M->1017M(1024M) 7.666ms
[2024-08-27T15:01:11.125+0000][info][gc,cpu         ] GC(1121) User=0.15s Sys=0.00s Real=0.01s
[2024-08-27T15:01:11.125+0000][info][gc,ergo        ] Attempting full compaction
[2024-08-27T15:01:11.125+0000][info][gc,task        ] GC(1122) Using 24 workers of 68 for full compaction
[2024-08-27T15:01:11.125+0000][info][gc,start       ] GC(1122) Pause Full (G1 Compaction Pause)
[2024-08-27T15:01:11.126+0000][info][gc,phases,start] GC(1122) Phase 1: Mark live objects
[2024-08-27T15:01:11.140+0000][info][gc,phases      ] GC(1122) Phase 1: Mark live objects 14.448ms
[2024-08-27T15:01:11.140+0000][info][gc,phases,start] GC(1122) Phase 2: Prepare for compaction
[2024-08-27T15:01:11.149+0000][info][gc,phases      ] GC(1122) Phase 2: Prepare for compaction 8.374ms
[2024-08-27T15:01:11.149+0000][info][gc,phases,start] GC(1122) Phase 3: Adjust pointers
[2024-08-27T15:01:11.163+0000][info][gc,phases      ] GC(1122) Phase 3: Adjust pointers 13.669ms
[2024-08-27T15:01:11.163+0000][info][gc,phases,start] GC(1122) Phase 4: Compact heap
[2024-08-27T15:01:11.193+0000][info][gc,phases      ] GC(1122) Phase 4: Compact heap 30.840ms
[2024-08-27T15:01:11.195+0000][info][gc,heap        ] GC(1122) Eden regions: 0->0(150)
[2024-08-27T15:01:11.195+0000][info][gc,heap        ] GC(1122) Survivor regions: 0->0(0)
[2024-08-27T15:01:11.195+0000][info][gc,heap        ] GC(1122) Old regions: 1017->444
[2024-08-27T15:01:11.195+0000][info][gc,heap        ] GC(1122) Archive regions: 2->2
[2024-08-27T15:01:11.195+0000][info][gc,heap        ] GC(1122) Humongous regions: 5->5
[2024-08-27T15:01:11.195+0000][info][gc,metaspace   ] GC(1122) Metaspace: 100K(320K)->100K(320K) NonClass: 96K(192K)->96K(192K) Class: 4K(128K)->4K(128K)
[2024-08-27T15:01:11.195+0000][info][gc             ] GC(1122) Pause Full (G1 Compaction Pause) 1017M->437M(1024M) 69.403ms
[2024-08-27T15:01:11.195+0000][info][gc,cpu         ] GC(1122) User=1.50s Sys=0.01s Real=0.07s
[2024-08-27T15:01:11.195+0000][info][gc,marking     ] GC(1117) Concurrent Rebuild Remembered Sets 154.750ms
[2024-08-27T15:01:11.195+0000][info][gc,marking     ] GC(1117) Concurrent Mark Abort
[2024-08-27T15:01:11.195+0000][info][gc             ] GC(1117) Concurrent Mark Cycle 180.665ms
[2024-08-27T15:01:11.261+0000][info][gc,start       ] GC(1123) Pause Young (Normal) (G1 Evacuation Pause)
[2024-08-27T15:01:11.261+0000][info][gc,task        ] GC(1123) Using 24 workers of 68 for evacuation
[2024-08-27T15:01:11.285+0000][info][gc,phases      ] GC(1123)   Pre Evacuate Collection Set: 0.2ms
[2024-08-27T15:01:11.285+0000][info][gc,phases      ] GC(1123)   Merge Heap Roots: 0.3ms
[2024-08-27T15:01:11.285+0000][info][gc,phases      ] GC(1123)   Evacuate Collection Set: 22.7ms
[2024-08-27T15:01:11.285+0000][info][gc,phases      ] GC(1123)   Post Evacuate Collection Set: 0.3ms
[2024-08-27T15:01:11.285+0000][info][gc,phases      ] GC(1123)   Other: 0.3ms
[2024-08-27T15:01:11.285+0000][info][gc,heap        ] GC(1123) Eden regions: 150->0(103)
[2024-08-27T15:01:11.285+0000][info][gc,heap        ] GC(1123) Survivor regions: 0->19(19)
[2024-08-27T15:01:11.285+0000][info][gc,heap        ] GC(1123) Old regions: 444->571
[2024-08-27T15:01:11.285+0000][info][gc,heap        ] GC(1123) Archive regions: 2->2
[2024-08-27T15:01:11.285+0000][info][gc,heap        ] GC(1123) Humongous regions: 5->5
[2024-08-27T15:01:11.285+0000][info][gc,metaspace   ] GC(1123) Metaspace: 100K(320K)->100K(320K) NonClass: 96K(192K)->96K(192K) Class: 4K(128K)->4K(128K)
[2024-08-27T15:01:11.285+0000][info][gc             ] GC(1123) Pause Young (Normal) (G1 Evacuation Pause) 587M->582M(1024M) 23.855ms
[2024-08-27T15:01:11.285+0000][info][gc,cpu         ] GC(1123) User=0.55s Sys=0.00s Real=0.02s
[2024-08-27T15:01:11.333+0000][info][gc,start       ] GC(1124) Pause Young (Concurrent Start) (G1 Evacuation Pause)
[2024-08-27T15:01:11.333+0000][info][gc,task        ] GC(1124) Using 24 workers of 68 for evacuation
[2024-08-27T15:01:11.355+0000][info][gc,phases      ] GC(1124)   Pre Evacuate Collection Set: 0.2ms
[2024-08-27T15:01:11.355+0000][info][gc,phases      ] GC(1124)   Merge Heap Roots: 0.4ms
[2024-08-27T15:01:11.355+0000][info][gc,phases      ] GC(1124)   Evacuate Collection Set: 21.0ms
[2024-08-27T15:01:11.355+0000][info][gc,phases      ] GC(1124)   Post Evacuate Collection Set: 0.3ms
[2024-08-27T15:01:11.355+0000][info][gc,phases      ] GC(1124)   Other: 0.5ms
[2024-08-27T15:01:11.355+0000][info][gc,heap        ] GC(1124) Eden regions: 103->0(69)
[2024-08-27T15:01:11.355+0000][info][gc,heap        ] GC(1124) Survivor regions: 19->16(16)
[2024-08-27T15:01:11.355+0000][info][gc,heap        ] GC(1124) Old regions: 571->679
[2024-08-27T15:01:11.355+0000][info][gc,heap        ] GC(1124) Archive regions: 2->2
[2024-08-27T15:01:11.355+0000][info][gc,heap        ] GC(1124) Humongous regions: 5->5
[2024-08-27T15:01:11.355+0000][info][gc,metaspace   ] GC(1124) Metaspace: 100K(320K)->100K(320K) NonClass: 96K(192K)->96K(192K) Class: 4K(128K)->4K(128K)
[2024-08-27T15:01:11.355+0000][info][gc             ] GC(1124) Pause Young (Concurrent Start) (G1 Evacuation Pause) 685M->687M(1024M) 22.367ms
[2024-08-27T15:01:11.355+0000][info][gc,cpu         ] GC(1124) User=0.50s Sys=0.01s Real=0.02s
[2024-08-27T15:01:11.355+0000][info][gc             ] GC(1125) Concurrent Mark Cycle
[2024-08-27T15:01:11.355+0000][info][gc,marking     ] GC(1125) Concurrent Clear Claimed Marks
[2024-08-27T15:01:11.355+0000][info][gc,marking     ] GC(1125) Concurrent Clear Claimed Marks 0.007ms
[2024-08-27T15:01:11.355+0000][info][gc,marking     ] GC(1125) Concurrent Scan Root Regions
[2024-08-27T15:01:11.359+0000][info][gc,marking     ] GC(1125) Concurrent Scan Root Regions 3.651ms
[2024-08-27T15:01:11.359+0000][info][gc,marking     ] GC(1125) Concurrent Mark
[2024-08-27T15:01:11.359+0000][info][gc,marking     ] GC(1125) Concurrent Mark From Roots
[2024-08-27T15:01:11.359+0000][info][gc,task        ] GC(1125) Using 17 workers of 17 for marking
[2024-08-27T15:01:11.376+0000][info][gc,marking     ] GC(1125) Concurrent Mark From Roots 17.083ms
[2024-08-27T15:01:11.376+0000][info][gc,marking     ] GC(1125) Concurrent Preclean
[2024-08-27T15:01:11.377+0000][info][gc,marking     ] GC(1125) Concurrent Preclean 0.593ms
[2024-08-27T15:01:11.377+0000][info][gc,start       ] GC(1125) Pause Remark
[2024-08-27T15:01:11.378+0000][info][gc             ] GC(1125) Pause Remark 723M->723M(1024M) 0.934ms
[2024-08-27T15:01:11.378+0000][info][gc,cpu         ] GC(1125) User=0.00s Sys=0.00s Real=0.01s
[2024-08-27T15:01:11.378+0000][info][gc,marking     ] GC(1125) Concurrent Mark 18.956ms
[2024-08-27T15:01:11.378+0000][info][gc,marking     ] GC(1125) Concurrent Rebuild Remembered Sets
[2024-08-27T15:01:11.390+0000][info][gc,marking     ] GC(1125) Concurrent Rebuild Remembered Sets 11.872ms
[2024-08-27T15:01:11.390+0000][info][gc,start       ] GC(1125) Pause Cleanup
[2024-08-27T15:01:11.391+0000][info][gc             ] GC(1125) Pause Cleanup 745M->745M(1024M) 0.740ms
[2024-08-27T15:01:11.391+0000][info][gc,cpu         ] GC(1125) User=0.01s Sys=0.00s Real=0.00s
[2024-08-27T15:01:11.391+0000][info][gc,marking     ] GC(1125) Concurrent Cleanup for Next Mark
[2024-08-27T15:01:11.392+0000][info][gc,marking     ] GC(1125) Concurrent Cleanup for Next Mark 0.589ms
[2024-08-27T15:01:11.392+0000][info][gc             ] GC(1125) Concurrent Mark Cycle 36.254ms
[2024-08-27T15:01:11.397+0000][info][gc,start       ] GC(1126) Pause Young (Prepare Mixed) (G1 Evacuation Pause)
[2024-08-27T15:01:11.397+0000][info][gc,task        ] GC(1126) Using 24 workers of 68 for evacuation
[2024-08-27T15:01:11.412+0000][info][gc,phases      ] GC(1126)   Pre Evacuate Collection Set: 0.1ms
[2024-08-27T15:01:11.412+0000][info][gc,phases      ] GC(1126)   Merge Heap Roots: 0.4ms
[2024-08-27T15:01:11.412+0000][info][gc,phases      ] GC(1126)   Evacuate Collection Set: 14.5ms
[2024-08-27T15:01:11.412+0000][info][gc,phases      ] GC(1126)   Post Evacuate Collection Set: 0.3ms
[2024-08-27T15:01:11.412+0000][info][gc,phases      ] GC(1126)   Other: 0.1ms
[2024-08-27T15:01:11.412+0000][info][gc,heap        ] GC(1126) Eden regions: 69->0(40)
[2024-08-27T15:01:11.412+0000][info][gc,heap        ] GC(1126) Survivor regions: 16->11(11)
[2024-08-27T15:01:11.412+0000][info][gc,heap        ] GC(1126) Old regions: 679->757
[2024-08-27T15:01:11.412+0000][info][gc,heap        ] GC(1126) Archive regions: 2->2
[2024-08-27T15:01:11.412+0000][info][gc,heap        ] GC(1126) Humongous regions: 5->5
[2024-08-27T15:01:11.412+0000][info][gc,metaspace   ] GC(1126) Metaspace: 100K(320K)->100K(320K) NonClass: 96K(192K)->96K(192K) Class: 4K(128K)->4K(128K)
[2024-08-27T15:01:11.413+0000][info][gc             ] GC(1126) Pause Young (Prepare Mixed) (G1 Evacuation Pause) 756M->761M(1024M) 15.478ms
[2024-08-27T15:01:11.413+0000][info][gc,cpu         ] GC(1126) User=0.35s Sys=0.01s Real=0.02s
[2024-08-27T15:01:11.430+0000][info][gc,start       ] GC(1127) Pause Young (Mixed) (G1 Evacuation Pause)
[2024-08-27T15:01:11.430+0000][info][gc,task        ] GC(1127) Using 24 workers of 68 for evacuation
[2024-08-27T15:01:11.442+0000][info][gc,phases      ] GC(1127)   Pre Evacuate Collection Set: 0.2ms
[2024-08-27T15:01:11.442+0000][info][gc,phases      ] GC(1127)   Merge Heap Roots: 0.3ms
[2024-08-27T15:01:11.442+0000][info][gc,phases      ] GC(1127)   Evacuate Collection Set: 11.4ms
[2024-08-27T15:01:11.442+0000][info][gc,phases      ] GC(1127)   Post Evacuate Collection Set: 0.3ms
[2024-08-27T15:01:11.442+0000][info][gc,phases      ] GC(1127)   Other: 0.2ms
[2024-08-27T15:01:11.442+0000][info][gc,heap        ] GC(1127) Eden regions: 40->0(44)
[2024-08-27T15:01:11.442+0000][info][gc,heap        ] GC(1127) Survivor regions: 11->7(7)
[2024-08-27T15:01:11.442+0000][info][gc,heap        ] GC(1127) Old regions: 757->702
[2024-08-27T15:01:11.442+0000][info][gc,heap        ] GC(1127) Archive regions: 2->2
[2024-08-27T15:01:11.442+0000][info][gc,heap        ] GC(1127) Humongous regions: 5->5
[2024-08-27T15:01:11.442+0000][info][gc,metaspace   ] GC(1127) Metaspace: 100K(320K)->100K(320K) NonClass: 96K(192K)->96K(192K) Class: 4K(128K)->4K(128K)
[2024-08-27T15:01:11.442+0000][info][gc             ] GC(1127) Pause Young (Mixed) (G1 Evacuation Pause) 801M->702M(1024M) 12.393ms
[2024-08-27T15:01:11.442+0000][info][gc,cpu         ] GC(1127) User=0.27s Sys=0.00s Real=0.01s
[2024-08-27T15:01:11.461+0000][info][gc,start       ] GC(1128) Pause Young (Mixed) (G1 Evacuation Pause)
[2024-08-27T15:01:11.461+0000][info][gc,task        ] GC(1128) Using 24 workers of 68 for evacuation
[2024-08-27T15:01:11.473+0000][info][gc,phases      ] GC(1128)   Pre Evacuate Collection Set: 0.2ms
[2024-08-27T15:01:11.473+0000][info][gc,phases      ] GC(1128)   Merge Heap Roots: 0.4ms
[2024-08-27T15:01:11.473+0000][info][gc,phases      ] GC(1128)   Evacuate Collection Set: 10.8ms
[2024-08-27T15:01:11.473+0000][info][gc,phases      ] GC(1128)   Post Evacuate Collection Set: 0.3ms
[2024-08-27T15:01:11.473+0000][info][gc,phases      ] GC(1128)   Other: 0.2ms
[2024-08-27T15:01:11.473+0000][info][gc,heap        ] GC(1128) Eden regions: 44->0(79)
[2024-08-27T15:01:11.473+0000][info][gc,heap        ] GC(1128) Survivor regions: 7->7(7)
[2024-08-27T15:01:11.473+0000][info][gc,heap        ] GC(1128) Old regions: 702->658
[2024-08-27T15:01:11.473+0000][info][gc,heap        ] GC(1128) Archive regions: 2->2
[2024-08-27T15:01:11.473+0000][info][gc,heap        ] GC(1128) Humongous regions: 5->5
[2024-08-27T15:01:11.473+0000][info][gc,metaspace   ] GC(1128) Metaspace: 100K(320K)->100K(320K) NonClass: 96K(192K)->96K(192K) Class: 4K(128K)->4K(128K)
[2024-08-27T15:01:11.473+0000][info][gc             ] GC(1128) Pause Young (Mixed) (G1 Evacuation Pause) 746M->660M(1024M) 11.969ms
[2024-08-27T15:01:11.473+0000][info][gc,cpu         ] GC(1128) User=0.27s Sys=0.00s Real=0.01s
[2024-08-27T15:01:11.506+0000][info][gc,start       ] GC(1129) Pause Young (Concurrent Start) (G1 Evacuation Pause)
[2024-08-27T15:01:11.506+0000][info][gc,task        ] GC(1129) Using 24 workers of 68 for evacuation
[2024-08-27T15:01:11.522+0000][info][gc,phases      ] GC(1129)   Pre Evacuate Collection Set: 0.2ms
[2024-08-27T15:01:11.522+0000][info][gc,phases      ] GC(1129)   Merge Heap Roots: 0.4ms
[2024-08-27T15:01:11.522+0000][info][gc,phases      ] GC(1129)   Evacuate Collection Set: 14.8ms
[2024-08-27T15:01:11.522+0000][info][gc,phases      ] GC(1129)   Post Evacuate Collection Set: 0.3ms
[2024-08-27T15:01:11.522+0000][info][gc,phases      ] GC(1129)   Other: 0.6ms
[2024-08-27T15:01:11.522+0000][info][gc,heap        ] GC(1129) Eden regions: 79->0(53)
[2024-08-27T15:01:11.522+0000][info][gc,heap        ] GC(1129) Survivor regions: 7->11(11)
[2024-08-27T15:01:11.522+0000][info][gc,heap        ] GC(1129) Old regions: 658->735
[2024-08-27T15:01:11.522+0000][info][gc,heap        ] GC(1129) Archive regions: 2->2
[2024-08-27T15:01:11.522+0000][info][gc,heap        ] GC(1129) Humongous regions: 5->5
[2024-08-27T15:01:11.522+0000][info][gc,metaspace   ] GC(1129) Metaspace: 100K(320K)->100K(320K) NonClass: 96K(192K)->96K(192K) Class: 4K(128K)->4K(128K)
[2024-08-27T15:01:11.522+0000][info][gc             ] GC(1129) Pause Young (Concurrent Start) (G1 Evacuation Pause) 739M->740M(1024M) 16.289ms
[2024-08-27T15:01:11.522+0000][info][gc,cpu         ] GC(1129) User=0.37s Sys=0.00s Real=0.02s
[2024-08-27T15:01:11.522+0000][info][gc             ] GC(1130) Concurrent Mark Cycle
[2024-08-27T15:01:11.522+0000][info][gc,marking     ] GC(1130) Concurrent Clear Claimed Marks
[2024-08-27T15:01:11.522+0000][info][gc,marking     ] GC(1130) Concurrent Clear Claimed Marks 0.011ms
[2024-08-27T15:01:11.522+0000][info][gc,marking     ] GC(1130) Concurrent Scan Root Regions
[2024-08-27T15:01:11.525+0000][info][gc,marking     ] GC(1130) Concurrent Scan Root Regions 2.365ms
[2024-08-27T15:01:11.525+0000][info][gc,marking     ] GC(1130) Concurrent Mark
[2024-08-27T15:01:11.525+0000][info][gc,marking     ] GC(1130) Concurrent Mark From Roots
[2024-08-27T15:01:11.525+0000][info][gc,task        ] GC(1130) Using 17 workers of 17 for marking
[2024-08-27T15:01:11.544+0000][info][gc,marking     ] GC(1130) Concurrent Mark From Roots 18.863ms
[2024-08-27T15:01:11.544+0000][info][gc,marking     ] GC(1130) Concurrent Preclean
[2024-08-27T15:01:11.544+0000][info][gc,marking     ] GC(1130) Concurrent Preclean 0.693ms
[2024-08-27T15:01:11.545+0000][info][gc,start       ] GC(1130) Pause Remark
[2024-08-27T15:01:11.546+0000][info][gc             ] GC(1130) Pause Remark 776M->776M(1024M) 1.033ms
[2024-08-27T15:01:11.546+0000][info][gc,cpu         ] GC(1130) User=0.00s Sys=0.00s Real=0.00s
[2024-08-27T15:01:11.546+0000][info][gc,marking     ] GC(1130) Concurrent Mark 20.947ms
[2024-08-27T15:01:11.546+0000][info][gc,marking     ] GC(1130) Concurrent Rebuild Remembered Sets
[2024-08-27T15:01:11.554+0000][info][gc,start       ] GC(1131) Pause Young (Normal) (G1 Evacuation Pause)
[2024-08-27T15:01:11.554+0000][info][gc,task        ] GC(1131) Using 24 workers of 68 for evacuation
[2024-08-27T15:01:11.567+0000][info][gc,phases      ] GC(1131)   Pre Evacuate Collection Set: 0.1ms
[2024-08-27T15:01:11.567+0000][info][gc,phases      ] GC(1131)   Merge Heap Roots: 0.3ms
[2024-08-27T15:01:11.567+0000][info][gc,phases      ] GC(1131)   Evacuate Collection Set: 11.4ms
[2024-08-27T15:01:11.567+0000][info][gc,phases      ] GC(1131)   Post Evacuate Collection Set: 0.4ms
[2024-08-27T15:01:11.567+0000][info][gc,phases      ] GC(1131)   Other: 0.1ms
[2024-08-27T15:01:11.567+0000][info][gc,heap        ] GC(1131) Eden regions: 53->0(43)
[2024-08-27T15:01:11.567+0000][info][gc,heap        ] GC(1131) Survivor regions: 11->8(8)
[2024-08-27T15:01:11.567+0000][info][gc,heap        ] GC(1131) Old regions: 735->794
[2024-08-27T15:01:11.567+0000][info][gc,heap        ] GC(1131) Archive regions: 2->2
[2024-08-27T15:01:11.567+0000][info][gc,heap        ] GC(1131) Humongous regions: 5->5
[2024-08-27T15:01:11.567+0000][info][gc,metaspace   ] GC(1131) Metaspace: 100K(320K)->100K(320K) NonClass: 96K(192K)->96K(192K) Class: 4K(128K)->4K(128K)
[2024-08-27T15:01:11.567+0000][info][gc             ] GC(1131) Pause Young (Normal) (G1 Evacuation Pause) 793M->797M(1024M) 12.391ms
[2024-08-27T15:01:11.567+0000][info][gc,cpu         ] GC(1131) User=0.28s Sys=0.00s Real=0.01s
[2024-08-27T15:01:11.586+0000][info][gc,start       ] GC(1132) Pause Young (Normal) (G1 Evacuation Pause)
[2024-08-27T15:01:11.586+0000][info][gc,task        ] GC(1132) Using 24 workers of 68 for evacuation
[2024-08-27T15:01:11.601+0000][info][gc,phases      ] GC(1132)   Pre Evacuate Collection Set: 0.1ms
[2024-08-27T15:01:11.601+0000][info][gc,phases      ] GC(1132)   Merge Heap Roots: 0.4ms
[2024-08-27T15:01:11.601+0000][info][gc,phases      ] GC(1132)   Evacuate Collection Set: 13.6ms
[2024-08-27T15:01:11.601+0000][info][gc,phases      ] GC(1132)   Post Evacuate Collection Set: 0.5ms
[2024-08-27T15:01:11.601+0000][info][gc,phases      ] GC(1132)   Other: 0.1ms
[2024-08-27T15:01:11.601+0000][info][gc,heap        ] GC(1132) Eden regions: 43->0(44)
[2024-08-27T15:01:11.601+0000][info][gc,heap        ] GC(1132) Survivor regions: 8->7(7)
[2024-08-27T15:01:11.601+0000][info][gc,heap        ] GC(1132) Old regions: 794->842
[2024-08-27T15:01:11.601+0000][info][gc,heap        ] GC(1132) Archive regions: 2->2
[2024-08-27T15:01:11.601+0000][info][gc,heap        ] GC(1132) Humongous regions: 5->5
[2024-08-27T15:01:11.601+0000][info][gc,metaspace   ] GC(1132) Metaspace: 100K(320K)->100K(320K) NonClass: 96K(192K)->96K(192K) Class: 4K(128K)->4K(128K)
[2024-08-27T15:01:11.601+0000][info][gc             ] GC(1132) Pause Young (Normal) (G1 Evacuation Pause) 840M->844M(1024M) 14.845ms
[2024-08-27T15:01:11.601+0000][info][gc,cpu         ] GC(1132) User=0.34s Sys=0.00s Real=0.02s
[2024-08-27T15:01:11.621+0000][info][gc,start       ] GC(1133) Pause Young (Normal) (G1 Evacuation Pause)
[2024-08-27T15:01:11.621+0000][info][gc,task        ] GC(1133) Using 24 workers of 68 for evacuation
[2024-08-27T15:01:11.637+0000][info][gc,phases      ] GC(1133)   Pre Evacuate Collection Set: 0.1ms
[2024-08-27T15:01:11.637+0000][info][gc,phases      ] GC(1133)   Merge Heap Roots: 0.5ms
[2024-08-27T15:01:11.637+0000][info][gc,phases      ] GC(1133)   Evacuate Collection Set: 13.9ms
[2024-08-27T15:01:11.637+0000][info][gc,phases      ] GC(1133)   Post Evacuate Collection Set: 0.6ms
[2024-08-27T15:01:11.637+0000][info][gc,phases      ] GC(1133)   Other: 0.2ms
[2024-08-27T15:01:11.637+0000][info][gc,heap        ] GC(1133) Eden regions: 44->0(44)
[2024-08-27T15:01:11.637+0000][info][gc,heap        ] GC(1133) Survivor regions: 7->7(7)
[2024-08-27T15:01:11.637+0000][info][gc,heap        ] GC(1133) Old regions: 842->890
[2024-08-27T15:01:11.637+0000][info][gc,heap        ] GC(1133) Archive regions: 2->2
[2024-08-27T15:01:11.637+0000][info][gc,heap        ] GC(1133) Humongous regions: 5->5
[2024-08-27T15:01:11.637+0000][info][gc,metaspace   ] GC(1133) Metaspace: 100K(320K)->100K(320K) NonClass: 96K(192K)->96K(192K) Class: 4K(128K)->4K(128K)
[2024-08-27T15:01:11.637+0000][info][gc             ] GC(1133) Pause Young (Normal) (G1 Evacuation Pause) 888M->891M(1024M) 15.391ms
[2024-08-27T15:01:11.637+0000][info][gc,cpu         ] GC(1133) User=0.35s Sys=0.01s Real=0.01s
[2024-08-27T15:01:11.646+0000][info][gc,marking     ] GC(1130) Concurrent Rebuild Remembered Sets 100.136ms
[2024-08-27T15:01:11.646+0000][info][gc,start       ] GC(1130) Pause Cleanup
[2024-08-27T15:01:11.647+0000][info][gc             ] GC(1130) Pause Cleanup 912M->912M(1024M) 1.170ms
[2024-08-27T15:01:11.647+0000][info][gc,cpu         ] GC(1130) User=0.00s Sys=0.00s Real=0.00s
[2024-08-27T15:01:11.647+0000][info][gc,marking     ] GC(1130) Concurrent Cleanup for Next Mark
[2024-08-27T15:01:11.648+0000][info][gc,marking     ] GC(1130) Concurrent Cleanup for Next Mark 0.622ms
[2024-08-27T15:01:11.648+0000][info][gc             ] GC(1130) Concurrent Mark Cycle 125.641ms
[2024-08-27T15:01:11.659+0000][info][gc,start       ] GC(1134) Pause Young (Prepare Mixed) (G1 Evacuation Pause)
[2024-08-27T15:01:11.659+0000][info][gc,task        ] GC(1134) Using 24 workers of 68 for evacuation
[2024-08-27T15:01:11.675+0000][info][gc,phases      ] GC(1134)   Pre Evacuate Collection Set: 0.2ms
[2024-08-27T15:01:11.675+0000][info][gc,phases      ] GC(1134)   Merge Heap Roots: 0.5ms
[2024-08-27T15:01:11.675+0000][info][gc,phases      ] GC(1134)   Evacuate Collection Set: 14.7ms
[2024-08-27T15:01:11.675+0000][info][gc,phases      ] GC(1134)   Post Evacuate Collection Set: 0.3ms
[2024-08-27T15:01:11.675+0000][info][gc,phases      ] GC(1134)   Other: 0.1ms
[2024-08-27T15:01:11.675+0000][info][gc,heap        ] GC(1134) Eden regions: 44->0(44)
[2024-08-27T15:01:11.675+0000][info][gc,heap        ] GC(1134) Survivor regions: 7->7(7)
[2024-08-27T15:01:11.675+0000][info][gc,heap        ] GC(1134) Old regions: 890->936
[2024-08-27T15:01:11.675+0000][info][gc,heap        ] GC(1134) Archive regions: 2->2
[2024-08-27T15:01:11.675+0000][info][gc,heap        ] GC(1134) Humongous regions: 5->5
[2024-08-27T15:01:11.675+0000][info][gc,metaspace   ] GC(1134) Metaspace: 100K(320K)->100K(320K) NonClass: 96K(192K)->96K(192K) Class: 4K(128K)->4K(128K)
[2024-08-27T15:01:11.675+0000][info][gc             ] GC(1134) Pause Young (Prepare Mixed) (G1 Evacuation Pause) 935M->938M(1024M) 15.776ms
[2024-08-27T15:01:11.675+0000][info][gc,cpu         ] GC(1134) User=0.36s Sys=0.00s Real=0.01s
[2024-08-27T15:01:11.689+0000][info][gc,start       ] GC(1135) Pause Young (Mixed) (G1 Preventive Collection)
[2024-08-27T15:01:11.689+0000][info][gc,task        ] GC(1135) Using 24 workers of 68 for evacuation
[2024-08-27T15:01:11.698+0000][info][gc,phases      ] GC(1135)   Pre Evacuate Collection Set: 0.2ms
[2024-08-27T15:01:11.698+0000][info][gc,phases      ] GC(1135)   Merge Heap Roots: 0.4ms
[2024-08-27T15:01:11.698+0000][info][gc,phases      ] GC(1135)   Evacuate Collection Set: 8.3ms
[2024-08-27T15:01:11.698+0000][info][gc,phases      ] GC(1135)   Post Evacuate Collection Set: 0.3ms
[2024-08-27T15:01:11.698+0000][info][gc,phases      ] GC(1135)   Other: 0.2ms
[2024-08-27T15:01:11.698+0000][info][gc,heap        ] GC(1135) Eden regions: 31->0(44)
[2024-08-27T15:01:11.698+0000][info][gc,heap        ] GC(1135) Survivor regions: 7->7(7)
[2024-08-27T15:01:11.698+0000][info][gc,heap        ] GC(1135) Old regions: 936->867
[2024-08-27T15:01:11.698+0000][info][gc,heap        ] GC(1135) Archive regions: 2->2
[2024-08-27T15:01:11.698+0000][info][gc,heap        ] GC(1135) Humongous regions: 5->5
[2024-08-27T15:01:11.698+0000][info][gc,metaspace   ] GC(1135) Metaspace: 100K(320K)->100K(320K) NonClass: 96K(192K)->96K(192K) Class: 4K(128K)->4K(128K)
[2024-08-27T15:01:11.698+0000][info][gc             ] GC(1135) Pause Young (Mixed) (G1 Preventive Collection) 969M->877M(1024M) 9.456ms
[2024-08-27T15:01:11.699+0000][info][gc,cpu         ] GC(1135) User=0.21s Sys=0.00s Real=0.02s
[2024-08-27T15:01:11.718+0000][info][gc,start       ] GC(1136) Pause Young (Mixed) (G1 Evacuation Pause)
[2024-08-27T15:01:11.718+0000][info][gc,task        ] GC(1136) Using 24 workers of 68 for evacuation
[2024-08-27T15:01:11.729+0000][info][gc,phases      ] GC(1136)   Pre Evacuate Collection Set: 0.3ms
[2024-08-27T15:01:11.729+0000][info][gc,phases      ] GC(1136)   Merge Heap Roots: 0.3ms
[2024-08-27T15:01:11.729+0000][info][gc,phases      ] GC(1136)   Evacuate Collection Set: 9.9ms
[2024-08-27T15:01:11.729+0000][info][gc,phases      ] GC(1136)   Post Evacuate Collection Set: 0.4ms
[2024-08-27T15:01:11.729+0000][info][gc,phases      ] GC(1136)   Other: 0.2ms
[2024-08-27T15:01:11.729+0000][info][gc,heap        ] GC(1136) Eden regions: 44->0(44)
[2024-08-27T15:01:11.729+0000][info][gc,heap        ] GC(1136) Survivor regions: 7->7(7)
[2024-08-27T15:01:11.729+0000][info][gc,heap        ] GC(1136) Old regions: 867->810
[2024-08-27T15:01:11.729+0000][info][gc,heap        ] GC(1136) Archive regions: 2->2
[2024-08-27T15:01:11.729+0000][info][gc,heap        ] GC(1136) Humongous regions: 5->5
[2024-08-27T15:01:11.729+0000][info][gc,metaspace   ] GC(1136) Metaspace: 100K(320K)->100K(320K) NonClass: 96K(192K)->96K(192K) Class: 4K(128K)->4K(128K)
[2024-08-27T15:01:11.729+0000][info][gc             ] GC(1136) Pause Young (Mixed) (G1 Evacuation Pause) 921M->822M(1024M) 11.114ms
[2024-08-27T15:01:11.729+0000][info][gc,cpu         ] GC(1136) User=0.24s Sys=0.00s Real=0.00s
[2024-08-27T15:01:11.747+0000][info][gc,start       ] GC(1137) Pause Young (Mixed) (G1 Evacuation Pause)
[2024-08-27T15:01:11.747+0000][info][gc,task        ] GC(1137) Using 24 workers of 68 for evacuation
[2024-08-27T15:01:11.757+0000][info][gc,phases      ] GC(1137)   Pre Evacuate Collection Set: 0.2ms
[2024-08-27T15:01:11.757+0000][info][gc,phases      ] GC(1137)   Merge Heap Roots: 0.3ms
[2024-08-27T15:01:11.757+0000][info][gc,phases      ] GC(1137)   Evacuate Collection Set: 9.4ms
[2024-08-27T15:01:11.757+0000][info][gc,phases      ] GC(1137)   Post Evacuate Collection Set: 0.3ms
[2024-08-27T15:01:11.757+0000][info][gc,phases      ] GC(1137)   Other: 0.2ms
[2024-08-27T15:01:11.757+0000][info][gc,heap        ] GC(1137) Eden regions: 44->0(44)
[2024-08-27T15:01:11.757+0000][info][gc,heap        ] GC(1137) Survivor regions: 7->7(7)
[2024-08-27T15:01:11.757+0000][info][gc,heap        ] GC(1137) Old regions: 810->811
[2024-08-27T15:01:11.757+0000][info][gc,heap        ] GC(1137) Archive regions: 2->2
[2024-08-27T15:01:11.757+0000][info][gc,heap        ] GC(1137) Humongous regions: 5->5
[2024-08-27T15:01:11.757+0000][info][gc,metaspace   ] GC(1137) Metaspace: 100K(320K)->100K(320K) NonClass: 96K(192K)->96K(192K) Class: 4K(128K)->4K(128K)
[2024-08-27T15:01:11.757+0000][info][gc             ] GC(1137) Pause Young (Mixed) (G1 Evacuation Pause) 866M->823M(1024M) 10.472ms
[2024-08-27T15:01:11.757+0000][info][gc,cpu         ] GC(1137) User=0.24s Sys=0.01s Real=0.01s
[2024-08-27T15:01:11.775+0000][info][gc,start       ] GC(1138) Pause Young (Concurrent Start) (G1 Evacuation Pause)
[2024-08-27T15:01:11.775+0000][info][gc,task        ] GC(1138) Using 24 workers of 68 for evacuation
[2024-08-27T15:01:11.786+0000][info][gc,phases      ] GC(1138)   Pre Evacuate Collection Set: 0.2ms
[2024-08-27T15:01:11.786+0000][info][gc,phases      ] GC(1138)   Merge Heap Roots: 0.4ms
[2024-08-27T15:01:11.786+0000][info][gc,phases      ] GC(1138)   Evacuate Collection Set: 9.5ms
[2024-08-27T15:01:11.786+0000][info][gc,phases      ] GC(1138)   Post Evacuate Collection Set: 0.3ms
[2024-08-27T15:01:11.786+0000][info][gc,phases      ] GC(1138)   Other: 0.4ms
[2024-08-27T15:01:11.786+0000][info][gc,heap        ] GC(1138) Eden regions: 44->0(44)
[2024-08-27T15:01:11.786+0000][info][gc,heap        ] GC(1138) Survivor regions: 7->7(7)
[2024-08-27T15:01:11.786+0000][info][gc,heap        ] GC(1138) Old regions: 811->858
[2024-08-27T15:01:11.786+0000][info][gc,heap        ] GC(1138) Archive regions: 2->2
[2024-08-27T15:01:11.786+0000][info][gc,heap        ] GC(1138) Humongous regions: 5->5
[2024-08-27T15:01:11.786+0000][info][gc,metaspace   ] GC(1138) Metaspace: 100K(320K)->100K(320K) NonClass: 96K(192K)->96K(192K) Class: 4K(128K)->4K(128K)
[2024-08-27T15:01:11.786+0000][info][gc             ] GC(1138) Pause Young (Concurrent Start) (G1 Evacuation Pause) 867M->870M(1024M) 10.811ms
[2024-08-27T15:01:11.786+0000][info][gc,cpu         ] GC(1138) User=0.23s Sys=0.00s Real=0.01s
[2024-08-27T15:01:11.786+0000][info][gc             ] GC(1139) Concurrent Mark Cycle
[2024-08-27T15:01:11.786+0000][info][gc,marking     ] GC(1139) Concurrent Clear Claimed Marks
[2024-08-27T15:01:11.786+0000][info][gc,marking     ] GC(1139) Concurrent Clear Claimed Marks 0.012ms
[2024-08-27T15:01:11.786+0000][info][gc,marking     ] GC(1139) Concurrent Scan Root Regions
[2024-08-27T15:01:11.788+0000][info][gc,marking     ] GC(1139) Concurrent Scan Root Regions 1.593ms
[2024-08-27T15:01:11.788+0000][info][gc,marking     ] GC(1139) Concurrent Mark
[2024-08-27T15:01:11.788+0000][info][gc,marking     ] GC(1139) Concurrent Mark From Roots
[2024-08-27T15:01:11.788+0000][info][gc,task        ] GC(1139) Using 17 workers of 17 for marking
[2024-08-27T15:01:11.809+0000][info][gc,marking     ] GC(1139) Concurrent Mark From Roots 20.630ms
[2024-08-27T15:01:11.809+0000][info][gc,marking     ] GC(1139) Concurrent Preclean
[2024-08-27T15:01:11.809+0000][info][gc,marking     ] GC(1139) Concurrent Preclean 0.682ms
[2024-08-27T15:01:11.810+0000][info][gc,start       ] GC(1139) Pause Remark
[2024-08-27T15:01:11.811+0000][info][gc             ] GC(1139) Pause Remark 910M->910M(1024M) 0.998ms
[2024-08-27T15:01:11.811+0000][info][gc,cpu         ] GC(1139) User=0.00s Sys=0.00s Real=0.00s
[2024-08-27T15:01:11.811+0000][info][gc,marking     ] GC(1139) Concurrent Mark 22.674ms
[2024-08-27T15:01:11.811+0000][info][gc,marking     ] GC(1139) Concurrent Rebuild Remembered Sets
[2024-08-27T15:01:11.813+0000][info][gc,start       ] GC(1140) Pause Young (Normal) (G1 Evacuation Pause)
[2024-08-27T15:01:11.813+0000][info][gc,task        ] GC(1140) Using 24 workers of 68 for evacuation
[2024-08-27T15:01:11.823+0000][info][gc,phases      ] GC(1140)   Pre Evacuate Collection Set: 0.1ms
[2024-08-27T15:01:11.823+0000][info][gc,phases      ] GC(1140)   Merge Heap Roots: 0.3ms
[2024-08-27T15:01:11.823+0000][info][gc,phases      ] GC(1140)   Evacuate Collection Set: 9.1ms
[2024-08-27T15:01:11.823+0000][info][gc,phases      ] GC(1140)   Post Evacuate Collection Set: 0.4ms
[2024-08-27T15:01:11.823+0000][info][gc,phases      ] GC(1140)   Other: 0.1ms
[2024-08-27T15:01:11.823+0000][info][gc,heap        ] GC(1140) Eden regions: 44->0(44)
[2024-08-27T15:01:11.823+0000][info][gc,heap        ] GC(1140) Survivor regions: 7->7(7)
[2024-08-27T15:01:11.823+0000][info][gc,heap        ] GC(1140) Old regions: 858->905
[2024-08-27T15:01:11.823+0000][info][gc,heap        ] GC(1140) Archive regions: 2->2
[2024-08-27T15:01:11.823+0000][info][gc,heap        ] GC(1140) Humongous regions: 5->5
[2024-08-27T15:01:11.823+0000][info][gc,metaspace   ] GC(1140) Metaspace: 100K(320K)->100K(320K) NonClass: 96K(192K)->96K(192K) Class: 4K(128K)->4K(128K)
[2024-08-27T15:01:11.823+0000][info][gc             ] GC(1140) Pause Young (Normal) (G1 Evacuation Pause) 914M->917M(1024M) 10.031ms
[2024-08-27T15:01:11.823+0000][info][gc,cpu         ] GC(1140) User=0.23s Sys=0.00s Real=0.01s
[2024-08-27T15:01:11.844+0000][info][gc,start       ] GC(1141) Pause Young (Normal) (G1 Evacuation Pause)
[2024-08-27T15:01:11.844+0000][info][gc,task        ] GC(1141) Using 24 workers of 68 for evacuation
[2024-08-27T15:01:11.858+0000][info][gc,phases      ] GC(1141)   Pre Evacuate Collection Set: 0.1ms
[2024-08-27T15:01:11.859+0000][info][gc,phases      ] GC(1141)   Merge Heap Roots: 0.4ms
[2024-08-27T15:01:11.859+0000][info][gc,phases      ] GC(1141)   Evacuate Collection Set: 13.5ms
[2024-08-27T15:01:11.859+0000][info][gc,phases      ] GC(1141)   Post Evacuate Collection Set: 0.5ms
[2024-08-27T15:01:11.859+0000][info][gc,phases      ] GC(1141)   Other: 0.2ms
[2024-08-27T15:01:11.859+0000][info][gc,heap        ] GC(1141) Eden regions: 44->0(44)
[2024-08-27T15:01:11.859+0000][info][gc,heap        ] GC(1141) Survivor regions: 7->7(7)
[2024-08-27T15:01:11.859+0000][info][gc,heap        ] GC(1141) Old regions: 905->951
[2024-08-27T15:01:11.859+0000][info][gc,heap        ] GC(1141) Archive regions: 2->2
[2024-08-27T15:01:11.859+0000][info][gc,heap        ] GC(1141) Humongous regions: 5->5
[2024-08-27T15:01:11.859+0000][info][gc,metaspace   ] GC(1141) Metaspace: 100K(320K)->100K(320K) NonClass: 96K(192K)->96K(192K) Class: 4K(128K)->4K(128K)
[2024-08-27T15:01:11.859+0000][info][gc             ] GC(1141) Pause Young (Normal) (G1 Evacuation Pause) 961M->963M(1024M) 14.780ms
[2024-08-27T15:01:11.859+0000][info][gc,cpu         ] GC(1141) User=0.34s Sys=0.00s Real=0.02s
[2024-08-27T15:01:11.872+0000][info][gc,start       ] GC(1142) Pause Young (Normal) (G1 Preventive Collection)
[2024-08-27T15:01:11.872+0000][info][gc,task        ] GC(1142) Using 24 workers of 68 for evacuation
[2024-08-27T15:01:11.885+0000][info][gc             ] GC(1142) To-space exhausted
[2024-08-27T15:01:11.885+0000][info][gc,phases      ] GC(1142)   Pre Evacuate Collection Set: 0.1ms
[2024-08-27T15:01:11.885+0000][info][gc,phases      ] GC(1142)   Merge Heap Roots: 0.5ms
[2024-08-27T15:01:11.885+0000][info][gc,phases      ] GC(1142)   Evacuate Collection Set: 12.2ms
[2024-08-27T15:01:11.885+0000][info][gc,phases      ] GC(1142)   Post Evacuate Collection Set: 0.7ms
[2024-08-27T15:01:11.885+0000][info][gc,phases      ] GC(1142)   Other: 0.2ms
[2024-08-27T15:01:11.885+0000][info][gc,heap        ] GC(1142) Eden regions: 24->0(44)
[2024-08-27T15:01:11.885+0000][info][gc,heap        ] GC(1142) Survivor regions: 7->7(7)
[2024-08-27T15:01:11.885+0000][info][gc,heap        ] GC(1142) Old regions: 951->988
[2024-08-27T15:01:11.885+0000][info][gc,heap        ] GC(1142) Archive regions: 2->2
[2024-08-27T15:01:11.885+0000][info][gc,heap        ] GC(1142) Humongous regions: 5->5
[2024-08-27T15:01:11.885+0000][info][gc,metaspace   ] GC(1142) Metaspace: 100K(320K)->100K(320K) NonClass: 96K(192K)->96K(192K) Class: 4K(128K)->4K(128K)
[2024-08-27T15:01:11.885+0000][info][gc             ] GC(1142) Pause Young (Normal) (G1 Preventive Collection) 987M->1000M(1024M) 13.813ms
[2024-08-27T15:01:11.885+0000][info][gc,cpu         ] GC(1142) User=0.32s Sys=0.00s Real=0.01s
[2024-08-27T15:01:11.889+0000][info][gc,start       ] GC(1143) Pause Young (Normal) (G1 Preventive Collection)
[2024-08-27T15:01:11.889+0000][info][gc,task        ] GC(1143) Using 24 workers of 68 for evacuation
[2024-08-27T15:01:11.899+0000][info][gc             ] GC(1143) To-space exhausted
[2024-08-27T15:01:11.899+0000][info][gc,phases      ] GC(1143)   Pre Evacuate Collection Set: 0.1ms
[2024-08-27T15:01:11.899+0000][info][gc,phases      ] GC(1143)   Merge Heap Roots: 0.5ms
[2024-08-27T15:01:11.899+0000][info][gc,phases      ] GC(1143)   Evacuate Collection Set: 8.2ms
[2024-08-27T15:01:11.899+0000][info][gc,phases      ] GC(1143)   Post Evacuate Collection Set: 0.7ms
[2024-08-27T15:01:11.899+0000][info][gc,phases      ] GC(1143)   Other: 0.1ms
[2024-08-27T15:01:11.899+0000][info][gc,heap        ] GC(1143) Eden regions: 6->0(45)
[2024-08-27T15:01:11.899+0000][info][gc,heap        ] GC(1143) Survivor regions: 7->6(7)
[2024-08-27T15:01:11.899+0000][info][gc,heap        ] GC(1143) Old regions: 988->1009
[2024-08-27T15:01:11.899+0000][info][gc,heap        ] GC(1143) Archive regions: 2->2
[2024-08-27T15:01:11.899+0000][info][gc,heap        ] GC(1143) Humongous regions: 5->5
[2024-08-27T15:01:11.899+0000][info][gc,metaspace   ] GC(1143) Metaspace: 100K(320K)->100K(320K) NonClass: 96K(192K)->96K(192K) Class: 4K(128K)->4K(128K)
[2024-08-27T15:01:11.899+0000][info][gc             ] GC(1143) Pause Young (Normal) (G1 Preventive Collection) 1006M->1020M(1024M) 9.836ms
[2024-08-27T15:01:11.899+0000][info][gc,cpu         ] GC(1143) User=0.22s Sys=0.00s Real=0.02s
[2024-08-27T15:01:11.900+0000][info][gc,start       ] GC(1144) Pause Young (Normal) (G1 Preventive Collection)
[2024-08-27T15:01:11.900+0000][info][gc,task        ] GC(1144) Using 24 workers of 68 for evacuation
[2024-08-27T15:01:11.907+0000][info][gc             ] GC(1144) To-space exhausted
[2024-08-27T15:01:11.907+0000][info][gc,phases      ] GC(1144)   Pre Evacuate Collection Set: 0.1ms
[2024-08-27T15:01:11.907+0000][info][gc,phases      ] GC(1144)   Merge Heap Roots: 0.5ms
[2024-08-27T15:01:11.907+0000][info][gc,phases      ] GC(1144)   Evacuate Collection Set: 5.8ms
[2024-08-27T15:01:11.907+0000][info][gc,phases      ] GC(1144)   Post Evacuate Collection Set: 0.9ms
[2024-08-27T15:01:11.907+0000][info][gc,phases      ] GC(1144)   Other: 0.1ms
[2024-08-27T15:01:11.907+0000][info][gc,heap        ] GC(1144) Eden regions: 1->0(51)
[2024-08-27T15:01:11.907+0000][info][gc,heap        ] GC(1144) Survivor regions: 6->0(1)
[2024-08-27T15:01:11.907+0000][info][gc,heap        ] GC(1144) Old regions: 1009->1017
[2024-08-27T15:01:11.907+0000][info][gc,heap        ] GC(1144) Archive regions: 2->2
[2024-08-27T15:01:11.907+0000][info][gc,heap        ] GC(1144) Humongous regions: 5->5
[2024-08-27T15:01:11.907+0000][info][gc,metaspace   ] GC(1144) Metaspace: 100K(320K)->100K(320K) NonClass: 96K(192K)->96K(192K) Class: 4K(128K)->4K(128K)
[2024-08-27T15:01:11.907+0000][info][gc             ] GC(1144) Pause Young (Normal) (G1 Preventive Collection) 1021M->1022M(1024M) 7.482ms
[2024-08-27T15:01:11.907+0000][info][gc,cpu         ] GC(1144) User=0.16s Sys=0.00s Real=0.00s
[2024-08-27T15:01:11.907+0000][info][gc,ergo        ] Attempting full compaction
[2024-08-27T15:01:11.907+0000][info][gc,task        ] GC(1145) Using 24 workers of 68 for full compaction
[2024-08-27T15:01:11.907+0000][info][gc,start       ] GC(1145) Pause Full (G1 Compaction Pause)
[2024-08-27T15:01:11.908+0000][info][gc,phases,start] GC(1145) Phase 1: Mark live objects
[2024-08-27T15:01:11.922+0000][info][gc,phases      ] GC(1145) Phase 1: Mark live objects 13.944ms
[2024-08-27T15:01:11.922+0000][info][gc,phases,start] GC(1145) Phase 2: Prepare for compaction
[2024-08-27T15:01:11.930+0000][info][gc,phases      ] GC(1145) Phase 2: Prepare for compaction 8.188ms
[2024-08-27T15:01:11.930+0000][info][gc,phases,start] GC(1145) Phase 3: Adjust pointers
[2024-08-27T15:01:11.945+0000][info][gc,phases      ] GC(1145) Phase 3: Adjust pointers 15.012ms
[2024-08-27T15:01:11.945+0000][info][gc,phases,start] GC(1145) Phase 4: Compact heap
[2024-08-27T15:01:11.975+0000][info][gc,phases      ] GC(1145) Phase 4: Compact heap 29.470ms
[2024-08-27T15:01:11.976+0000][info][gc,heap        ] GC(1145) Eden regions: 0->0(150)
[2024-08-27T15:01:11.976+0000][info][gc,heap        ] GC(1145) Survivor regions: 0->0(1)
[2024-08-27T15:01:11.976+0000][info][gc,heap        ] GC(1145) Old regions: 1017->444
[2024-08-27T15:01:11.976+0000][info][gc,heap        ] GC(1145) Archive regions: 2->2
[2024-08-27T15:01:11.976+0000][info][gc,heap        ] GC(1145) Humongous regions: 5->5
[2024-08-27T15:01:11.976+0000][info][gc,metaspace   ] GC(1145) Metaspace: 100K(320K)->100K(320K) NonClass: 96K(192K)->96K(192K) Class: 4K(128K)->4K(128K)
[2024-08-27T15:01:11.976+0000][info][gc             ] GC(1145) Pause Full (G1 Compaction Pause) 1022M->437M(1024M) 68.593ms
[2024-08-27T15:01:11.976+0000][info][gc,cpu         ] GC(1145) User=1.46s Sys=0.00s Real=0.07s
[2024-08-27T15:01:11.976+0000][info][gc,marking     ] GC(1139) Concurrent Rebuild Remembered Sets 165.652ms
[2024-08-27T15:01:11.976+0000][info][gc,marking     ] GC(1139) Concurrent Mark Abort
[2024-08-27T15:01:11.976+0000][info][gc             ] GC(1139) Concurrent Mark Cycle 190.090ms
[2024-08-27T15:01:12.044+0000][info][gc,start       ] GC(1146) Pause Young (Normal) (G1 Evacuation Pause)
[2024-08-27T15:01:12.044+0000][info][gc,task        ] GC(1146) Using 24 workers of 68 for evacuation
[2024-08-27T15:01:12.068+0000][info][gc,phases      ] GC(1146)   Pre Evacuate Collection Set: 0.2ms
[2024-08-27T15:01:12.068+0000][info][gc,phases      ] GC(1146)   Merge Heap Roots: 0.4ms
[2024-08-27T15:01:12.068+0000][info][gc,phases      ] GC(1146)   Evacuate Collection Set: 22.7ms
[2024-08-27T15:01:12.068+0000][info][gc,phases      ] GC(1146)   Post Evacuate Collection Set: 0.3ms
[2024-08-27T15:01:12.068+0000][info][gc,phases      ] GC(1146)   Other: 0.2ms
[2024-08-27T15:01:12.068+0000][info][gc,heap        ] GC(1146) Eden regions: 150->0(103)
[2024-08-27T15:01:12.068+0000][info][gc,heap        ] GC(1146) Survivor regions: 0->19(19)
[2024-08-27T15:01:12.068+0000][info][gc,heap        ] GC(1146) Old regions: 444->571
[2024-08-27T15:01:12.068+0000][info][gc,heap        ] GC(1146) Archive regions: 2->2
[2024-08-27T15:01:12.068+0000][info][gc,heap        ] GC(1146) Humongous regions: 5->5
[2024-08-27T15:01:12.068+0000][info][gc,metaspace   ] GC(1146) Metaspace: 100K(320K)->100K(320K) NonClass: 96K(192K)->96K(192K) Class: 4K(128K)->4K(128K)
[2024-08-27T15:01:12.068+0000][info][gc             ] GC(1146) Pause Young (Normal) (G1 Evacuation Pause) 587M->583M(1024M) 23.767ms
[2024-08-27T15:01:12.068+0000][info][gc,cpu         ] GC(1146) User=0.55s Sys=0.00s Real=0.02s
[2024-08-27T15:01:12.112+0000][info][gc,start       ] GC(1147) Pause Young (Concurrent Start) (G1 Evacuation Pause)
[2024-08-27T15:01:12.112+0000][info][gc,task        ] GC(1147) Using 24 workers of 68 for evacuation
[2024-08-27T15:01:12.132+0000][info][gc,phases      ] GC(1147)   Pre Evacuate Collection Set: 0.2ms
[2024-08-27T15:01:12.132+0000][info][gc,phases      ] GC(1147)   Merge Heap Roots: 0.4ms
[2024-08-27T15:01:12.132+0000][info][gc,phases      ] GC(1147)   Evacuate Collection Set: 18.9ms
[2024-08-27T15:01:12.132+0000][info][gc,phases      ] GC(1147)   Post Evacuate Collection Set: 0.3ms
[2024-08-27T15:01:12.132+0000][info][gc,phases      ] GC(1147)   Other: 0.5ms
[2024-08-27T15:01:12.132+0000][info][gc,heap        ] GC(1147) Eden regions: 103->0(69)
[2024-08-27T15:01:12.132+0000][info][gc,heap        ] GC(1147) Survivor regions: 19->16(16)
[2024-08-27T15:01:12.132+0000][info][gc,heap        ] GC(1147) Old regions: 571->678
[2024-08-27T15:01:12.132+0000][info][gc,heap        ] GC(1147) Archive regions: 2->2
[2024-08-27T15:01:12.132+0000][info][gc,heap        ] GC(1147) Humongous regions: 5->5
[2024-08-27T15:01:12.132+0000][info][gc,metaspace   ] GC(1147) Metaspace: 100K(320K)->100K(320K) NonClass: 96K(192K)->96K(192K) Class: 4K(128K)->4K(128K)
[2024-08-27T15:01:12.132+0000][info][gc             ] GC(1147) Pause Young (Concurrent Start) (G1 Evacuation Pause) 686M->687M(1024M) 20.367ms
[2024-08-27T15:01:12.132+0000][info][gc,cpu         ] GC(1147) User=0.46s Sys=0.00s Real=0.02s
[2024-08-27T15:01:12.132+0000][info][gc             ] GC(1148) Concurrent Mark Cycle
[2024-08-27T15:01:12.132+0000][info][gc,marking     ] GC(1148) Concurrent Clear Claimed Marks
[2024-08-27T15:01:12.132+0000][info][gc,marking     ] GC(1148) Concurrent Clear Claimed Marks 0.007ms
[2024-08-27T15:01:12.132+0000][info][gc,marking     ] GC(1148) Concurrent Scan Root Regions
[2024-08-27T15:01:12.135+0000][info][gc,marking     ] GC(1148) Concurrent Scan Root Regions 3.323ms
[2024-08-27T15:01:12.135+0000][info][gc,marking     ] GC(1148) Concurrent Mark
[2024-08-27T15:01:12.135+0000][info][gc,marking     ] GC(1148) Concurrent Mark From Roots
[2024-08-27T15:01:12.135+0000][info][gc,task        ] GC(1148) Using 17 workers of 17 for marking
[2024-08-27T15:01:12.153+0000][info][gc,marking     ] GC(1148) Concurrent Mark From Roots 17.586ms
[2024-08-27T15:01:12.153+0000][info][gc,marking     ] GC(1148) Concurrent Preclean
[2024-08-27T15:01:12.155+0000][info][gc,marking     ] GC(1148) Concurrent Preclean 1.464ms
[2024-08-27T15:01:12.155+0000][info][gc,start       ] GC(1148) Pause Remark
[2024-08-27T15:01:12.156+0000][info][gc             ] GC(1148) Pause Remark 724M->724M(1024M) 0.944ms
[2024-08-27T15:01:12.156+0000][info][gc,cpu         ] GC(1148) User=0.00s Sys=0.00s Real=0.00s
[2024-08-27T15:01:12.156+0000][info][gc,marking     ] GC(1148) Concurrent Mark 20.543ms
[2024-08-27T15:01:12.156+0000][info][gc,marking     ] GC(1148) Concurrent Rebuild Remembered Sets
[2024-08-27T15:01:12.171+0000][info][gc,start       ] GC(1149) Pause Young (Normal) (G1 Evacuation Pause)
[2024-08-27T15:01:12.171+0000][info][gc,task        ] GC(1149) Using 24 workers of 68 for evacuation
[2024-08-27T15:01:12.186+0000][info][gc,phases      ] GC(1149)   Pre Evacuate Collection Set: 0.1ms
[2024-08-27T15:01:12.186+0000][info][gc,phases      ] GC(1149)   Merge Heap Roots: 0.3ms
[2024-08-27T15:01:12.186+0000][info][gc,phases      ] GC(1149)   Evacuate Collection Set: 14.8ms
[2024-08-27T15:01:12.186+0000][info][gc,phases      ] GC(1149)   Post Evacuate Collection Set: 0.5ms
[2024-08-27T15:01:12.186+0000][info][gc,phases      ] GC(1149)   Other: 0.2ms
[2024-08-27T15:01:12.186+0000][info][gc,heap        ] GC(1149) Eden regions: 69->0(46)
[2024-08-27T15:01:12.186+0000][info][gc,heap        ] GC(1149) Survivor regions: 16->11(11)
[2024-08-27T15:01:12.187+0000][info][gc,heap        ] GC(1149) Old regions: 678->755
[2024-08-27T15:01:12.187+0000][info][gc,heap        ] GC(1149) Archive regions: 2->2
[2024-08-27T15:01:12.187+0000][info][gc,heap        ] GC(1149) Humongous regions: 5->5
[2024-08-27T15:01:12.187+0000][info][gc,metaspace   ] GC(1149) Metaspace: 100K(320K)->100K(320K) NonClass: 96K(192K)->96K(192K) Class: 4K(128K)->4K(128K)
[2024-08-27T15:01:12.187+0000][info][gc             ] GC(1149) Pause Young (Normal) (G1 Evacuation Pause) 756M->759M(1024M) 15.964ms
[2024-08-27T15:01:12.187+0000][info][gc,cpu         ] GC(1149) User=0.36s Sys=0.00s Real=0.01s
[2024-08-27T15:01:12.207+0000][info][gc,start       ] GC(1150) Pause Young (Normal) (G1 Evacuation Pause)
[2024-08-27T15:01:12.207+0000][info][gc,task        ] GC(1150) Using 24 workers of 68 for evacuation
[2024-08-27T15:01:12.225+0000][info][gc,phases      ] GC(1150)   Pre Evacuate Collection Set: 0.1ms
[2024-08-27T15:01:12.225+0000][info][gc,phases      ] GC(1150)   Merge Heap Roots: 0.4ms
[2024-08-27T15:01:12.225+0000][info][gc,phases      ] GC(1150)   Evacuate Collection Set: 16.7ms
[2024-08-27T15:01:12.225+0000][info][gc,phases      ] GC(1150)   Post Evacuate Collection Set: 0.5ms
[2024-08-27T15:01:12.225+0000][info][gc,phases      ] GC(1150)   Other: 0.2ms
[2024-08-27T15:01:12.225+0000][info][gc,heap        ] GC(1150) Eden regions: 46->0(43)
[2024-08-27T15:01:12.225+0000][info][gc,heap        ] GC(1150) Survivor regions: 11->8(8)
[2024-08-27T15:01:12.225+0000][info][gc,heap        ] GC(1150) Old regions: 755->809
[2024-08-27T15:01:12.225+0000][info][gc,heap        ] GC(1150) Archive regions: 2->2
[2024-08-27T15:01:12.225+0000][info][gc,heap        ] GC(1150) Humongous regions: 5->5
[2024-08-27T15:01:12.225+0000][info][gc,metaspace   ] GC(1150) Metaspace: 100K(320K)->100K(320K) NonClass: 96K(192K)->96K(192K) Class: 4K(128K)->4K(128K)
[2024-08-27T15:01:12.225+0000][info][gc             ] GC(1150) Pause Young (Normal) (G1 Evacuation Pause) 805M->810M(1024M) 18.037ms
[2024-08-27T15:01:12.225+0000][info][gc,cpu         ] GC(1150) User=0.42s Sys=0.00s Real=0.02s
[2024-08-27T15:01:12.242+0000][info][gc,marking     ] GC(1148) Concurrent Rebuild Remembered Sets 86.077ms
[2024-08-27T15:01:12.242+0000][info][gc,start       ] GC(1148) Pause Cleanup
[2024-08-27T15:01:12.243+0000][info][gc             ] GC(1148) Pause Cleanup 848M->848M(1024M) 0.825ms
[2024-08-27T15:01:12.243+0000][info][gc,cpu         ] GC(1148) User=0.01s Sys=0.00s Real=0.00s
[2024-08-27T15:01:12.243+0000][info][gc,marking     ] GC(1148) Concurrent Cleanup for Next Mark
[2024-08-27T15:01:12.244+0000][info][gc,marking     ] GC(1148) Concurrent Cleanup for Next Mark 0.634ms
[2024-08-27T15:01:12.244+0000][info][gc             ] GC(1148) Concurrent Mark Cycle 111.866ms
[2024-08-27T15:01:12.247+0000][info][gc,start       ] GC(1151) Pause Young (Prepare Mixed) (G1 Evacuation Pause)
[2024-08-27T15:01:12.247+0000][info][gc,task        ] GC(1151) Using 24 workers of 68 for evacuation
[2024-08-27T15:01:12.263+0000][info][gc,phases      ] GC(1151)   Pre Evacuate Collection Set: 0.1ms
[2024-08-27T15:01:12.263+0000][info][gc,phases      ] GC(1151)   Merge Heap Roots: 0.4ms
[2024-08-27T15:01:12.263+0000][info][gc,phases      ] GC(1151)   Evacuate Collection Set: 15.1ms
[2024-08-27T15:01:12.263+0000][info][gc,phases      ] GC(1151)   Post Evacuate Collection Set: 0.3ms
[2024-08-27T15:01:12.263+0000][info][gc,phases      ] GC(1151)   Other: 0.1ms
[2024-08-27T15:01:12.263+0000][info][gc,heap        ] GC(1151) Eden regions: 43->0(44)
[2024-08-27T15:01:12.263+0000][info][gc,heap        ] GC(1151) Survivor regions: 8->7(7)
[2024-08-27T15:01:12.263+0000][info][gc,heap        ] GC(1151) Old regions: 809->857
[2024-08-27T15:01:12.263+0000][info][gc,heap        ] GC(1151) Archive regions: 2->2
[2024-08-27T15:01:12.263+0000][info][gc,heap        ] GC(1151) Humongous regions: 5->5
[2024-08-27T15:01:12.263+0000][info][gc,metaspace   ] GC(1151) Metaspace: 100K(320K)->100K(320K) NonClass: 96K(192K)->96K(192K) Class: 4K(128K)->4K(128K)
[2024-08-27T15:01:12.263+0000][info][gc             ] GC(1151) Pause Young (Prepare Mixed) (G1 Evacuation Pause) 853M->857M(1024M) 16.110ms
[2024-08-27T15:01:12.263+0000][info][gc,cpu         ] GC(1151) User=0.37s Sys=0.00s Real=0.02s
[2024-08-27T15:01:12.282+0000][info][gc,start       ] GC(1152) Pause Young (Mixed) (G1 Evacuation Pause)
[2024-08-27T15:01:12.282+0000][info][gc,task        ] GC(1152) Using 24 workers of 68 for evacuation
[2024-08-27T15:01:12.294+0000][info][gc,phases      ] GC(1152)   Pre Evacuate Collection Set: 0.2ms
[2024-08-27T15:01:12.294+0000][info][gc,phases      ] GC(1152)   Merge Heap Roots: 0.4ms
[2024-08-27T15:01:12.294+0000][info][gc,phases      ] GC(1152)   Evacuate Collection Set: 10.6ms
[2024-08-27T15:01:12.294+0000][info][gc,phases      ] GC(1152)   Post Evacuate Collection Set: 0.3ms
[2024-08-27T15:01:12.294+0000][info][gc,phases      ] GC(1152)   Other: 0.2ms
[2024-08-27T15:01:12.294+0000][info][gc,heap        ] GC(1152) Eden regions: 44->0(44)
[2024-08-27T15:01:12.294+0000][info][gc,heap        ] GC(1152) Survivor regions: 7->7(7)
[2024-08-27T15:01:12.294+0000][info][gc,heap        ] GC(1152) Old regions: 857->802
[2024-08-27T15:01:12.294+0000][info][gc,heap        ] GC(1152) Archive regions: 2->2
[2024-08-27T15:01:12.294+0000][info][gc,heap        ] GC(1152) Humongous regions: 5->5
[2024-08-27T15:01:12.294+0000][info][gc,metaspace   ] GC(1152) Metaspace: 100K(320K)->100K(320K) NonClass: 96K(192K)->96K(192K) Class: 4K(128K)->4K(128K)
[2024-08-27T15:01:12.294+0000][info][gc             ] GC(1152) Pause Young (Mixed) (G1 Evacuation Pause) 901M->801M(1024M) 11.698ms
[2024-08-27T15:01:12.294+0000][info][gc,cpu         ] GC(1152) User=0.27s Sys=0.00s Real=0.01s
[2024-08-27T15:01:12.313+0000][info][gc,start       ] GC(1153) Pause Young (Mixed) (G1 Evacuation Pause)
[2024-08-27T15:01:12.313+0000][info][gc,task        ] GC(1153) Using 24 workers of 68 for evacuation
[2024-08-27T15:01:12.324+0000][info][gc,phases      ] GC(1153)   Pre Evacuate Collection Set: 0.2ms
[2024-08-27T15:01:12.324+0000][info][gc,phases      ] GC(1153)   Merge Heap Roots: 0.3ms
[2024-08-27T15:01:12.324+0000][info][gc,phases      ] GC(1153)   Evacuate Collection Set: 10.3ms
[2024-08-27T15:01:12.324+0000][info][gc,phases      ] GC(1153)   Post Evacuate Collection Set: 0.3ms
[2024-08-27T15:01:12.324+0000][info][gc,phases      ] GC(1153)   Other: 0.2ms
[2024-08-27T15:01:12.324+0000][info][gc,heap        ] GC(1153) Eden regions: 44->0(47)
[2024-08-27T15:01:12.324+0000][info][gc,heap        ] GC(1153) Survivor regions: 7->7(7)
[2024-08-27T15:01:12.324+0000][info][gc,heap        ] GC(1153) Old regions: 802->756
[2024-08-27T15:01:12.324+0000][info][gc,heap        ] GC(1153) Archive regions: 2->2
[2024-08-27T15:01:12.324+0000][info][gc,heap        ] GC(1153) Humongous regions: 5->5
[2024-08-27T15:01:12.324+0000][info][gc,metaspace   ] GC(1153) Metaspace: 100K(320K)->100K(320K) NonClass: 96K(192K)->96K(192K) Class: 4K(128K)->4K(128K)
[2024-08-27T15:01:12.324+0000][info][gc             ] GC(1153) Pause Young (Mixed) (G1 Evacuation Pause) 845M->759M(1024M) 11.302ms
[2024-08-27T15:01:12.324+0000][info][gc,cpu         ] GC(1153) User=0.25s Sys=0.00s Real=0.01s
[2024-08-27T15:01:12.343+0000][info][gc,start       ] GC(1154) Pause Young (Concurrent Start) (G1 Evacuation Pause)
[2024-08-27T15:01:12.343+0000][info][gc,task        ] GC(1154) Using 24 workers of 68 for evacuation
[2024-08-27T15:01:12.354+0000][info][gc,phases      ] GC(1154)   Pre Evacuate Collection Set: 0.2ms
[2024-08-27T15:01:12.354+0000][info][gc,phases      ] GC(1154)   Merge Heap Roots: 0.2ms
[2024-08-27T15:01:12.354+0000][info][gc,phases      ] GC(1154)   Evacuate Collection Set: 9.8ms
[2024-08-27T15:01:12.354+0000][info][gc,phases      ] GC(1154)   Post Evacuate Collection Set: 0.3ms
[2024-08-27T15:01:12.354+0000][info][gc,phases      ] GC(1154)   Other: 0.5ms
[2024-08-27T15:01:12.354+0000][info][gc,heap        ] GC(1154) Eden regions: 47->0(44)
[2024-08-27T15:01:12.354+0000][info][gc,heap        ] GC(1154) Survivor regions: 7->7(7)
[2024-08-27T15:01:12.354+0000][info][gc,heap        ] GC(1154) Old regions: 756->806
[2024-08-27T15:01:12.354+0000][info][gc,heap        ] GC(1154) Archive regions: 2->2
[2024-08-27T15:01:12.354+0000][info][gc,heap        ] GC(1154) Humongous regions: 5->5
[2024-08-27T15:01:12.354+0000][info][gc,metaspace   ] GC(1154) Metaspace: 100K(320K)->100K(320K) NonClass: 96K(192K)->96K(192K) Class: 4K(128K)->4K(128K)
[2024-08-27T15:01:12.354+0000][info][gc             ] GC(1154) Pause Young (Concurrent Start) (G1 Evacuation Pause) 806M->809M(1024M) 10.997ms
[2024-08-27T15:01:12.354+0000][info][gc,cpu         ] GC(1154) User=0.24s Sys=0.00s Real=0.01s
[2024-08-27T15:01:12.354+0000][info][gc             ] GC(1155) Concurrent Mark Cycle
[2024-08-27T15:01:12.355+0000][info][gc,marking     ] GC(1155) Concurrent Clear Claimed Marks
[2024-08-27T15:01:12.355+0000][info][gc,marking     ] GC(1155) Concurrent Clear Claimed Marks 0.010ms
[2024-08-27T15:01:12.355+0000][info][gc,marking     ] GC(1155) Concurrent Scan Root Regions
[2024-08-27T15:01:12.356+0000][info][gc,marking     ] GC(1155) Concurrent Scan Root Regions 1.595ms
[2024-08-27T15:01:12.356+0000][info][gc,marking     ] GC(1155) Concurrent Mark
[2024-08-27T15:01:12.356+0000][info][gc,marking     ] GC(1155) Concurrent Mark From Roots
[2024-08-27T15:01:12.356+0000][info][gc,task        ] GC(1155) Using 17 workers of 17 for marking
[2024-08-27T15:01:12.377+0000][info][gc,marking     ] GC(1155) Concurrent Mark From Roots 20.914ms
[2024-08-27T15:01:12.377+0000][info][gc,marking     ] GC(1155) Concurrent Preclean
[2024-08-27T15:01:12.378+0000][info][gc,marking     ] GC(1155) Concurrent Preclean 0.368ms
[2024-08-27T15:01:12.378+0000][info][gc,start       ] GC(1155) Pause Remark
[2024-08-27T15:01:12.379+0000][info][gc             ] GC(1155) Pause Remark 848M->848M(1024M) 1.014ms
[2024-08-27T15:01:12.379+0000][info][gc,cpu         ] GC(1155) User=0.00s Sys=0.00s Real=0.00s
[2024-08-27T15:01:12.379+0000][info][gc,marking     ] GC(1155) Concurrent Mark 22.650ms
[2024-08-27T15:01:12.379+0000][info][gc,marking     ] GC(1155) Concurrent Rebuild Remembered Sets
[2024-08-27T15:01:12.382+0000][info][gc,start       ] GC(1156) Pause Young (Normal) (G1 Evacuation Pause)
[2024-08-27T15:01:12.382+0000][info][gc,task        ] GC(1156) Using 24 workers of 68 for evacuation
[2024-08-27T15:01:12.391+0000][info][gc,phases      ] GC(1156)   Pre Evacuate Collection Set: 0.2ms
[2024-08-27T15:01:12.391+0000][info][gc,phases      ] GC(1156)   Merge Heap Roots: 0.3ms
[2024-08-27T15:01:12.391+0000][info][gc,phases      ] GC(1156)   Evacuate Collection Set: 8.9ms
[2024-08-27T15:01:12.391+0000][info][gc,phases      ] GC(1156)   Post Evacuate Collection Set: 0.3ms
[2024-08-27T15:01:12.391+0000][info][gc,phases      ] GC(1156)   Other: 0.1ms
[2024-08-27T15:01:12.391+0000][info][gc,heap        ] GC(1156) Eden regions: 44->0(44)
[2024-08-27T15:01:12.391+0000][info][gc,heap        ] GC(1156) Survivor regions: 7->7(7)
[2024-08-27T15:01:12.391+0000][info][gc,heap        ] GC(1156) Old regions: 806->853
[2024-08-27T15:01:12.391+0000][info][gc,heap        ] GC(1156) Archive regions: 2->2
[2024-08-27T15:01:12.391+0000][info][gc,heap        ] GC(1156) Humongous regions: 5->5
[2024-08-27T15:01:12.391+0000][info][gc,metaspace   ] GC(1156) Metaspace: 100K(320K)->100K(320K) NonClass: 96K(192K)->96K(192K) Class: 4K(128K)->4K(128K)
[2024-08-27T15:01:12.391+0000][info][gc             ] GC(1156) Pause Young (Normal) (G1 Evacuation Pause) 853M->856M(1024M) 9.917ms
[2024-08-27T15:01:12.391+0000][info][gc,cpu         ] GC(1156) User=0.22s Sys=0.01s Real=0.01s
[2024-08-27T15:01:12.412+0000][info][gc,start       ] GC(1157) Pause Young (Normal) (G1 Evacuation Pause)
[2024-08-27T15:01:12.412+0000][info][gc,task        ] GC(1157) Using 24 workers of 68 for evacuation
[2024-08-27T15:01:12.427+0000][info][gc,phases      ] GC(1157)   Pre Evacuate Collection Set: 0.1ms
[2024-08-27T15:01:12.427+0000][info][gc,phases      ] GC(1157)   Merge Heap Roots: 0.3ms
[2024-08-27T15:01:12.427+0000][info][gc,phases      ] GC(1157)   Evacuate Collection Set: 13.6ms
[2024-08-27T15:01:12.427+0000][info][gc,phases      ] GC(1157)   Post Evacuate Collection Set: 0.5ms
[2024-08-27T15:01:12.427+0000][info][gc,phases      ] GC(1157)   Other: 0.2ms
[2024-08-27T15:01:12.427+0000][info][gc,heap        ] GC(1157) Eden regions: 44->0(44)
[2024-08-27T15:01:12.427+0000][info][gc,heap        ] GC(1157) Survivor regions: 7->7(7)
[2024-08-27T15:01:12.427+0000][info][gc,heap        ] GC(1157) Old regions: 853->899
[2024-08-27T15:01:12.427+0000][info][gc,heap        ] GC(1157) Archive regions: 2->2
[2024-08-27T15:01:12.427+0000][info][gc,heap        ] GC(1157) Humongous regions: 5->5
[2024-08-27T15:01:12.427+0000][info][gc,metaspace   ] GC(1157) Metaspace: 100K(320K)->100K(320K) NonClass: 96K(192K)->96K(192K) Class: 4K(128K)->4K(128K)
[2024-08-27T15:01:12.427+0000][info][gc             ] GC(1157) Pause Young (Normal) (G1 Evacuation Pause) 900M->903M(1024M) 14.780ms
[2024-08-27T15:01:12.427+0000][info][gc,cpu         ] GC(1157) User=0.34s Sys=0.00s Real=0.01s
[2024-08-27T15:01:12.458+0000][info][gc,marking     ] GC(1155) Concurrent Rebuild Remembered Sets 79.147ms
[2024-08-27T15:01:12.458+0000][info][gc,start       ] GC(1155) Pause Cleanup
[2024-08-27T15:01:12.459+0000][info][gc             ] GC(1155) Pause Cleanup 944M->944M(1024M) 1.144ms
[2024-08-27T15:01:12.459+0000][info][gc,cpu         ] GC(1155) User=0.00s Sys=0.00s Real=0.00s
[2024-08-27T15:01:12.459+0000][info][gc,marking     ] GC(1155) Concurrent Cleanup for Next Mark
[2024-08-27T15:01:12.460+0000][info][gc,marking     ] GC(1155) Concurrent Cleanup for Next Mark 0.714ms
[2024-08-27T15:01:12.460+0000][info][gc             ] GC(1155) Concurrent Mark Cycle 105.719ms
[2024-08-27T15:01:12.463+0000][info][gc,start       ] GC(1158) Pause Young (Prepare Mixed) (G1 Evacuation Pause)
[2024-08-27T15:01:12.463+0000][info][gc,task        ] GC(1158) Using 24 workers of 68 for evacuation
[2024-08-27T15:01:12.480+0000][info][gc,phases      ] GC(1158)   Pre Evacuate Collection Set: 0.1ms
[2024-08-27T15:01:12.480+0000][info][gc,phases      ] GC(1158)   Merge Heap Roots: 0.5ms
[2024-08-27T15:01:12.480+0000][info][gc,phases      ] GC(1158)   Evacuate Collection Set: 15.6ms
[2024-08-27T15:01:12.480+0000][info][gc,phases      ] GC(1158)   Post Evacuate Collection Set: 0.3ms
[2024-08-27T15:01:12.480+0000][info][gc,phases      ] GC(1158)   Other: 0.2ms
[2024-08-27T15:01:12.480+0000][info][gc,heap        ] GC(1158) Eden regions: 44->0(44)
[2024-08-27T15:01:12.480+0000][info][gc,heap        ] GC(1158) Survivor regions: 7->7(7)
[2024-08-27T15:01:12.480+0000][info][gc,heap        ] GC(1158) Old regions: 899->946
[2024-08-27T15:01:12.480+0000][info][gc,heap        ] GC(1158) Archive regions: 2->2
[2024-08-27T15:01:12.480+0000][info][gc,heap        ] GC(1158) Humongous regions: 5->5
[2024-08-27T15:01:12.480+0000][info][gc,metaspace   ] GC(1158) Metaspace: 100K(320K)->100K(320K) NonClass: 96K(192K)->96K(192K) Class: 4K(128K)->4K(128K)
[2024-08-27T15:01:12.480+0000][info][gc             ] GC(1158) Pause Young (Prepare Mixed) (G1 Evacuation Pause) 947M->949M(1024M) 16.779ms
[2024-08-27T15:01:12.480+0000][info][gc,cpu         ] GC(1158) User=0.34s Sys=0.04s Real=0.02s
[2024-08-27T15:01:12.493+0000][info][gc,start       ] GC(1159) Pause Young (Mixed) (G1 Preventive Collection)
[2024-08-27T15:01:12.493+0000][info][gc,task        ] GC(1159) Using 24 workers of 68 for evacuation
[2024-08-27T15:01:12.501+0000][info][gc,phases      ] GC(1159)   Pre Evacuate Collection Set: 0.2ms
[2024-08-27T15:01:12.501+0000][info][gc,phases      ] GC(1159)   Merge Heap Roots: 0.3ms
[2024-08-27T15:01:12.501+0000][info][gc,phases      ] GC(1159)   Evacuate Collection Set: 7.3ms
[2024-08-27T15:01:12.501+0000][info][gc,phases      ] GC(1159)   Post Evacuate Collection Set: 0.3ms
[2024-08-27T15:01:12.501+0000][info][gc,phases      ] GC(1159)   Other: 0.2ms
[2024-08-27T15:01:12.501+0000][info][gc,heap        ] GC(1159) Eden regions: 26->0(44)
[2024-08-27T15:01:12.501+0000][info][gc,heap        ] GC(1159) Survivor regions: 7->7(7)
[2024-08-27T15:01:12.501+0000][info][gc,heap        ] GC(1159) Old regions: 946->872
[2024-08-27T15:01:12.501+0000][info][gc,heap        ] GC(1159) Archive regions: 2->2
[2024-08-27T15:01:12.501+0000][info][gc,heap        ] GC(1159) Humongous regions: 5->5
[2024-08-27T15:01:12.501+0000][info][gc,metaspace   ] GC(1159) Metaspace: 100K(320K)->100K(320K) NonClass: 96K(192K)->96K(192K) Class: 4K(128K)->4K(128K)
[2024-08-27T15:01:12.501+0000][info][gc             ] GC(1159) Pause Young (Mixed) (G1 Preventive Collection) 975M->882M(1024M) 8.294ms
[2024-08-27T15:01:12.501+0000][info][gc,cpu         ] GC(1159) User=0.19s Sys=0.00s Real=0.01s
[2024-08-27T15:01:12.520+0000][info][gc,start       ] GC(1160) Pause Young (Mixed) (G1 Evacuation Pause)
[2024-08-27T15:01:12.520+0000][info][gc,task        ] GC(1160) Using 24 workers of 68 for evacuation
[2024-08-27T15:01:12.531+0000][info][gc,phases      ] GC(1160)   Pre Evacuate Collection Set: 0.2ms
[2024-08-27T15:01:12.531+0000][info][gc,phases      ] GC(1160)   Merge Heap Roots: 0.4ms
[2024-08-27T15:01:12.531+0000][info][gc,phases      ] GC(1160)   Evacuate Collection Set: 10.1ms
[2024-08-27T15:01:12.531+0000][info][gc,phases      ] GC(1160)   Post Evacuate Collection Set: 0.3ms
[2024-08-27T15:01:12.531+0000][info][gc,phases      ] GC(1160)   Other: 0.2ms
[2024-08-27T15:01:12.531+0000][info][gc,heap        ] GC(1160) Eden regions: 44->0(44)
[2024-08-27T15:01:12.531+0000][info][gc,heap        ] GC(1160) Survivor regions: 7->7(7)
[2024-08-27T15:01:12.531+0000][info][gc,heap        ] GC(1160) Old regions: 872->815
[2024-08-27T15:01:12.531+0000][info][gc,heap        ] GC(1160) Archive regions: 2->2
[2024-08-27T15:01:12.531+0000][info][gc,heap        ] GC(1160) Humongous regions: 5->5
[2024-08-27T15:01:12.531+0000][info][gc,metaspace   ] GC(1160) Metaspace: 100K(320K)->100K(320K) NonClass: 96K(192K)->96K(192K) Class: 4K(128K)->4K(128K)
[2024-08-27T15:01:12.531+0000][info][gc             ] GC(1160) Pause Young (Mixed) (G1 Evacuation Pause) 926M->825M(1024M) 11.305ms
[2024-08-27T15:01:12.531+0000][info][gc,cpu         ] GC(1160) User=0.25s Sys=0.00s Real=0.01s
[2024-08-27T15:01:12.551+0000][info][gc,start       ] GC(1161) Pause Young (Mixed) (G1 Evacuation Pause)
[2024-08-27T15:01:12.551+0000][info][gc,task        ] GC(1161) Using 24 workers of 68 for evacuation
[2024-08-27T15:01:12.564+0000][info][gc,phases      ] GC(1161)   Pre Evacuate Collection Set: 0.2ms
[2024-08-27T15:01:12.564+0000][info][gc,phases      ] GC(1161)   Merge Heap Roots: 0.4ms
[2024-08-27T15:01:12.564+0000][info][gc,phases      ] GC(1161)   Evacuate Collection Set: 12.0ms
[2024-08-27T15:01:12.564+0000][info][gc,phases      ] GC(1161)   Post Evacuate Collection Set: 0.3ms
[2024-08-27T15:01:12.564+0000][info][gc,phases      ] GC(1161)   Other: 0.2ms
[2024-08-27T15:01:12.564+0000][info][gc,heap        ] GC(1161) Eden regions: 44->0(44)
[2024-08-27T15:01:12.564+0000][info][gc,heap        ] GC(1161) Survivor regions: 7->7(7)
[2024-08-27T15:01:12.564+0000][info][gc,heap        ] GC(1161) Old regions: 815->778
[2024-08-27T15:01:12.564+0000][info][gc,heap        ] GC(1161) Archive regions: 2->2
[2024-08-27T15:01:12.564+0000][info][gc,heap        ] GC(1161) Humongous regions: 5->5
[2024-08-27T15:01:12.564+0000][info][gc,metaspace   ] GC(1161) Metaspace: 100K(320K)->100K(320K) NonClass: 96K(192K)->96K(192K) Class: 4K(128K)->4K(128K)
[2024-08-27T15:01:12.564+0000][info][gc             ] GC(1161) Pause Young (Mixed) (G1 Evacuation Pause) 869M->790M(1024M) 13.067ms
[2024-08-27T15:01:12.564+0000][info][gc,cpu         ] GC(1161) User=0.30s Sys=0.00s Real=0.01s
[2024-08-27T15:01:12.583+0000][info][gc,start       ] GC(1162) Pause Young (Mixed) (G1 Evacuation Pause)
[2024-08-27T15:01:12.583+0000][info][gc,task        ] GC(1162) Using 24 workers of 68 for evacuation
[2024-08-27T15:01:12.597+0000][info][gc,phases      ] GC(1162)   Pre Evacuate Collection Set: 0.2ms
[2024-08-27T15:01:12.597+0000][info][gc,phases      ] GC(1162)   Merge Heap Roots: 0.4ms
[2024-08-27T15:01:12.597+0000][info][gc,phases      ] GC(1162)   Evacuate Collection Set: 12.3ms
[2024-08-27T15:01:12.597+0000][info][gc,phases      ] GC(1162)   Post Evacuate Collection Set: 0.3ms
[2024-08-27T15:01:12.597+0000][info][gc,phases      ] GC(1162)   Other: 0.2ms
[2024-08-27T15:01:12.597+0000][info][gc,heap        ] GC(1162) Eden regions: 44->0(44)
[2024-08-27T15:01:12.597+0000][info][gc,heap        ] GC(1162) Survivor regions: 7->7(7)
[2024-08-27T15:01:12.597+0000][info][gc,heap        ] GC(1162) Old regions: 778->799
[2024-08-27T15:01:12.597+0000][info][gc,heap        ] GC(1162) Archive regions: 2->2
[2024-08-27T15:01:12.597+0000][info][gc,heap        ] GC(1162) Humongous regions: 5->5
[2024-08-27T15:01:12.597+0000][info][gc,metaspace   ] GC(1162) Metaspace: 100K(320K)->100K(320K) NonClass: 96K(192K)->96K(192K) Class: 4K(128K)->4K(128K)
[2024-08-27T15:01:12.597+0000][info][gc             ] GC(1162) Pause Young (Mixed) (G1 Evacuation Pause) 834M->811M(1024M) 13.426ms
[2024-08-27T15:01:12.597+0000][info][gc,cpu         ] GC(1162) User=0.30s Sys=0.00s Real=0.01s
[2024-08-27T15:01:12.617+0000][info][gc,start       ] GC(1163) Pause Young (Concurrent Start) (G1 Evacuation Pause)
[2024-08-27T15:01:12.617+0000][info][gc,task        ] GC(1163) Using 24 workers of 68 for evacuation
[2024-08-27T15:01:12.628+0000][info][gc,phases      ] GC(1163)   Pre Evacuate Collection Set: 0.1ms
[2024-08-27T15:01:12.628+0000][info][gc,phases      ] GC(1163)   Merge Heap Roots: 0.4ms
[2024-08-27T15:01:12.628+0000][info][gc,phases      ] GC(1163)   Evacuate Collection Set: 9.7ms
[2024-08-27T15:01:12.628+0000][info][gc,phases      ] GC(1163)   Post Evacuate Collection Set: 0.3ms
[2024-08-27T15:01:12.628+0000][info][gc,phases      ] GC(1163)   Other: 0.4ms
[2024-08-27T15:01:12.628+0000][info][gc,heap        ] GC(1163) Eden regions: 44->0(44)
[2024-08-27T15:01:12.628+0000][info][gc,heap        ] GC(1163) Survivor regions: 7->7(7)
[2024-08-27T15:01:12.628+0000][info][gc,heap        ] GC(1163) Old regions: 799->848
[2024-08-27T15:01:12.628+0000][info][gc,heap        ] GC(1163) Archive regions: 2->2
[2024-08-27T15:01:12.628+0000][info][gc,heap        ] GC(1163) Humongous regions: 5->5
[2024-08-27T15:01:12.628+0000][info][gc,metaspace   ] GC(1163) Metaspace: 100K(320K)->100K(320K) NonClass: 96K(192K)->96K(192K) Class: 4K(128K)->4K(128K)
[2024-08-27T15:01:12.628+0000][info][gc             ] GC(1163) Pause Young (Concurrent Start) (G1 Evacuation Pause) 855M->860M(1024M) 11.095ms
[2024-08-27T15:01:12.628+0000][info][gc,cpu         ] GC(1163) User=0.23s Sys=0.01s Real=0.01s
[2024-08-27T15:01:12.628+0000][info][gc             ] GC(1164) Concurrent Mark Cycle
[2024-08-27T15:01:12.628+0000][info][gc,marking     ] GC(1164) Concurrent Clear Claimed Marks
[2024-08-27T15:01:12.628+0000][info][gc,marking     ] GC(1164) Concurrent Clear Claimed Marks 0.015ms
[2024-08-27T15:01:12.628+0000][info][gc,marking     ] GC(1164) Concurrent Scan Root Regions
[2024-08-27T15:01:12.630+0000][info][gc,marking     ] GC(1164) Concurrent Scan Root Regions 1.498ms
[2024-08-27T15:01:12.630+0000][info][gc,marking     ] GC(1164) Concurrent Mark
[2024-08-27T15:01:12.630+0000][info][gc,marking     ] GC(1164) Concurrent Mark From Roots
[2024-08-27T15:01:12.630+0000][info][gc,task        ] GC(1164) Using 17 workers of 17 for marking
[2024-08-27T15:01:12.651+0000][info][gc,marking     ] GC(1164) Concurrent Mark From Roots 20.901ms
[2024-08-27T15:01:12.651+0000][info][gc,marking     ] GC(1164) Concurrent Preclean
[2024-08-27T15:01:12.651+0000][info][gc,marking     ] GC(1164) Concurrent Preclean 0.670ms
[2024-08-27T15:01:12.652+0000][info][gc,start       ] GC(1164) Pause Remark
[2024-08-27T15:01:12.653+0000][info][gc             ] GC(1164) Pause Remark 899M->899M(1024M) 1.004ms
[2024-08-27T15:01:12.653+0000][info][gc,cpu         ] GC(1164) User=0.01s Sys=0.00s Real=0.00s
[2024-08-27T15:01:12.653+0000][info][gc,marking     ] GC(1164) Concurrent Mark 22.949ms
[2024-08-27T15:01:12.653+0000][info][gc,marking     ] GC(1164) Concurrent Rebuild Remembered Sets
[2024-08-27T15:01:12.655+0000][info][gc,start       ] GC(1165) Pause Young (Normal) (G1 Evacuation Pause)
[2024-08-27T15:01:12.655+0000][info][gc,task        ] GC(1165) Using 24 workers of 68 for evacuation
[2024-08-27T15:01:12.665+0000][info][gc,phases      ] GC(1165)   Pre Evacuate Collection Set: 0.1ms
[2024-08-27T15:01:12.665+0000][info][gc,phases      ] GC(1165)   Merge Heap Roots: 0.2ms
[2024-08-27T15:01:12.665+0000][info][gc,phases      ] GC(1165)   Evacuate Collection Set: 9.3ms
[2024-08-27T15:01:12.665+0000][info][gc,phases      ] GC(1165)   Post Evacuate Collection Set: 0.4ms
[2024-08-27T15:01:12.665+0000][info][gc,phases      ] GC(1165)   Other: 0.1ms
[2024-08-27T15:01:12.665+0000][info][gc,heap        ] GC(1165) Eden regions: 44->0(44)
[2024-08-27T15:01:12.665+0000][info][gc,heap        ] GC(1165) Survivor regions: 7->7(7)
[2024-08-27T15:01:12.665+0000][info][gc,heap        ] GC(1165) Old regions: 848->894
[2024-08-27T15:01:12.665+0000][info][gc,heap        ] GC(1165) Archive regions: 2->2
[2024-08-27T15:01:12.665+0000][info][gc,heap        ] GC(1165) Humongous regions: 5->5
[2024-08-27T15:01:12.665+0000][info][gc,metaspace   ] GC(1165) Metaspace: 100K(320K)->100K(320K) NonClass: 96K(192K)->96K(192K) Class: 4K(128K)->4K(128K)
[2024-08-27T15:01:12.665+0000][info][gc             ] GC(1165) Pause Young (Normal) (G1 Evacuation Pause) 904M->906M(1024M) 10.183ms
[2024-08-27T15:01:12.665+0000][info][gc,cpu         ] GC(1165) User=0.23s Sys=0.00s Real=0.01s
[2024-08-27T15:01:12.685+0000][info][gc,start       ] GC(1166) Pause Young (Normal) (G1 Evacuation Pause)
[2024-08-27T15:01:12.685+0000][info][gc,task        ] GC(1166) Using 24 workers of 68 for evacuation
[2024-08-27T15:01:12.698+0000][info][gc,phases      ] GC(1166)   Pre Evacuate Collection Set: 0.1ms
[2024-08-27T15:01:12.698+0000][info][gc,phases      ] GC(1166)   Merge Heap Roots: 0.4ms
[2024-08-27T15:01:12.698+0000][info][gc,phases      ] GC(1166)   Evacuate Collection Set: 12.6ms
[2024-08-27T15:01:12.698+0000][info][gc,phases      ] GC(1166)   Post Evacuate Collection Set: 0.5ms
[2024-08-27T15:01:12.698+0000][info][gc,phases      ] GC(1166)   Other: 0.1ms
[2024-08-27T15:01:12.698+0000][info][gc,heap        ] GC(1166) Eden regions: 44->0(44)
[2024-08-27T15:01:12.698+0000][info][gc,heap        ] GC(1166) Survivor regions: 7->7(7)
[2024-08-27T15:01:12.698+0000][info][gc,heap        ] GC(1166) Old regions: 894->941
[2024-08-27T15:01:12.698+0000][info][gc,heap        ] GC(1166) Archive regions: 2->2
[2024-08-27T15:01:12.698+0000][info][gc,heap        ] GC(1166) Humongous regions: 5->5
[2024-08-27T15:01:12.698+0000][info][gc,metaspace   ] GC(1166) Metaspace: 100K(320K)->100K(320K) NonClass: 96K(192K)->96K(192K) Class: 4K(128K)->4K(128K)
[2024-08-27T15:01:12.698+0000][info][gc             ] GC(1166) Pause Young (Normal) (G1 Evacuation Pause) 950M->953M(1024M) 13.798ms
[2024-08-27T15:01:12.698+0000][info][gc,cpu         ] GC(1166) User=0.31s Sys=0.00s Real=0.02s
[2024-08-27T15:01:12.711+0000][info][gc,start       ] GC(1167) Pause Young (Normal) (G1 Preventive Collection)
[2024-08-27T15:01:12.711+0000][info][gc,task        ] GC(1167) Using 24 workers of 68 for evacuation
[2024-08-27T15:01:12.724+0000][info][gc,phases      ] GC(1167)   Pre Evacuate Collection Set: 0.1ms
[2024-08-27T15:01:12.724+0000][info][gc,phases      ] GC(1167)   Merge Heap Roots: 0.4ms
[2024-08-27T15:01:12.724+0000][info][gc,phases      ] GC(1167)   Evacuate Collection Set: 11.9ms
[2024-08-27T15:01:12.724+0000][info][gc,phases      ] GC(1167)   Post Evacuate Collection Set: 0.5ms
[2024-08-27T15:01:12.724+0000][info][gc,phases      ] GC(1167)   Other: 0.1ms
[2024-08-27T15:01:12.724+0000][info][gc,heap        ] GC(1167) Eden regions: 29->0(44)
[2024-08-27T15:01:12.724+0000][info][gc,heap        ] GC(1167) Survivor regions: 7->7(7)
[2024-08-27T15:01:12.724+0000][info][gc,heap        ] GC(1167) Old regions: 941->974
[2024-08-27T15:01:12.724+0000][info][gc,heap        ] GC(1167) Archive regions: 2->2
[2024-08-27T15:01:12.724+0000][info][gc,heap        ] GC(1167) Humongous regions: 5->5
[2024-08-27T15:01:12.724+0000][info][gc,metaspace   ] GC(1167) Metaspace: 100K(320K)->100K(320K) NonClass: 96K(192K)->96K(192K) Class: 4K(128K)->4K(128K)
[2024-08-27T15:01:12.724+0000][info][gc             ] GC(1167) Pause Young (Normal) (G1 Preventive Collection) 982M->986M(1024M) 13.075ms
[2024-08-27T15:01:12.724+0000][info][gc,cpu         ] GC(1167) User=0.30s Sys=0.00s Real=0.01s
[2024-08-27T15:01:12.731+0000][info][gc,start       ] GC(1168) Pause Young (Normal) (G1 Preventive Collection)
[2024-08-27T15:01:12.731+0000][info][gc,task        ] GC(1168) Using 24 workers of 68 for evacuation
[2024-08-27T15:01:12.742+0000][info][gc,phases      ] GC(1168)   Pre Evacuate Collection Set: 0.1ms
[2024-08-27T15:01:12.742+0000][info][gc,phases      ] GC(1168)   Merge Heap Roots: 0.5ms
[2024-08-27T15:01:12.742+0000][info][gc,phases      ] GC(1168)   Evacuate Collection Set: 9.4ms
[2024-08-27T15:01:12.742+0000][info][gc,phases      ] GC(1168)   Post Evacuate Collection Set: 0.6ms
[2024-08-27T15:01:12.742+0000][info][gc,phases      ] GC(1168)   Other: 0.1ms
[2024-08-27T15:01:12.742+0000][info][gc,heap        ] GC(1168) Eden regions: 13->0(44)
[2024-08-27T15:01:12.742+0000][info][gc,heap        ] GC(1168) Survivor regions: 7->7(7)
[2024-08-27T15:01:12.742+0000][info][gc,heap        ] GC(1168) Old regions: 974->989
[2024-08-27T15:01:12.742+0000][info][gc,heap        ] GC(1168) Archive regions: 2->2
[2024-08-27T15:01:12.742+0000][info][gc,heap        ] GC(1168) Humongous regions: 5->5
[2024-08-27T15:01:12.742+0000][info][gc,metaspace   ] GC(1168) Metaspace: 100K(320K)->100K(320K) NonClass: 96K(192K)->96K(192K) Class: 4K(128K)->4K(128K)
[2024-08-27T15:01:12.742+0000][info][gc             ] GC(1168) Pause Young (Normal) (G1 Preventive Collection) 999M->1001M(1024M) 10.797ms
[2024-08-27T15:01:12.742+0000][info][gc,cpu         ] GC(1168) User=0.25s Sys=0.00s Real=0.01s
[2024-08-27T15:01:12.745+0000][info][gc,start       ] GC(1169) Pause Young (Normal) (G1 Preventive Collection)
[2024-08-27T15:01:12.745+0000][info][gc,task        ] GC(1169) Using 24 workers of 68 for evacuation
[2024-08-27T15:01:12.754+0000][info][gc             ] GC(1169) To-space exhausted
[2024-08-27T15:01:12.754+0000][info][gc,phases      ] GC(1169)   Pre Evacuate Collection Set: 0.1ms
[2024-08-27T15:01:12.754+0000][info][gc,phases      ] GC(1169)   Merge Heap Roots: 0.5ms
[2024-08-27T15:01:12.754+0000][info][gc,phases      ] GC(1169)   Evacuate Collection Set: 7.3ms
[2024-08-27T15:01:12.754+0000][info][gc,phases      ] GC(1169)   Post Evacuate Collection Set: 0.7ms
[2024-08-27T15:01:12.754+0000][info][gc,phases      ] GC(1169)   Other: 0.1ms
[2024-08-27T15:01:12.754+0000][info][gc,heap        ] GC(1169) Eden regions: 6->0(45)
[2024-08-27T15:01:12.754+0000][info][gc,heap        ] GC(1169) Survivor regions: 7->6(7)
[2024-08-27T15:01:12.754+0000][info][gc,heap        ] GC(1169) Old regions: 989->1007
[2024-08-27T15:01:12.754+0000][info][gc,heap        ] GC(1169) Archive regions: 2->2
[2024-08-27T15:01:12.754+0000][info][gc,heap        ] GC(1169) Humongous regions: 5->5
[2024-08-27T15:01:12.754+0000][info][gc,metaspace   ] GC(1169) Metaspace: 100K(320K)->100K(320K) NonClass: 96K(192K)->96K(192K) Class: 4K(128K)->4K(128K)
[2024-08-27T15:01:12.754+0000][info][gc             ] GC(1169) Pause Young (Normal) (G1 Preventive Collection) 1007M->1018M(1024M) 8.734ms
[2024-08-27T15:01:12.754+0000][info][gc,cpu         ] GC(1169) User=0.20s Sys=0.00s Real=0.01s
[2024-08-27T15:01:12.755+0000][info][gc,start       ] GC(1170) Pause Young (Normal) (G1 Preventive Collection)
[2024-08-27T15:01:12.755+0000][info][gc,task        ] GC(1170) Using 24 workers of 68 for evacuation
[2024-08-27T15:01:12.762+0000][info][gc             ] GC(1170) To-space exhausted
[2024-08-27T15:01:12.762+0000][info][gc,phases      ] GC(1170)   Pre Evacuate Collection Set: 0.1ms
[2024-08-27T15:01:12.762+0000][info][gc,phases      ] GC(1170)   Merge Heap Roots: 0.6ms
[2024-08-27T15:01:12.762+0000][info][gc,phases      ] GC(1170)   Evacuate Collection Set: 5.9ms
[2024-08-27T15:01:12.762+0000][info][gc,phases      ] GC(1170)   Post Evacuate Collection Set: 0.9ms
[2024-08-27T15:01:12.762+0000][info][gc,phases      ] GC(1170)   Other: 0.1ms
[2024-08-27T15:01:12.762+0000][info][gc,heap        ] GC(1170) Eden regions: 1->0(50)
[2024-08-27T15:01:12.762+0000][info][gc,heap        ] GC(1170) Survivor regions: 6->1(3)
[2024-08-27T15:01:12.762+0000][info][gc,heap        ] GC(1170) Old regions: 1007->1016
[2024-08-27T15:01:12.762+0000][info][gc,heap        ] GC(1170) Archive regions: 2->2
[2024-08-27T15:01:12.762+0000][info][gc,heap        ] GC(1170) Humongous regions: 5->5
[2024-08-27T15:01:12.762+0000][info][gc,metaspace   ] GC(1170) Metaspace: 100K(320K)->100K(320K) NonClass: 96K(192K)->96K(192K) Class: 4K(128K)->4K(128K)
[2024-08-27T15:01:12.762+0000][info][gc             ] GC(1170) Pause Young (Normal) (G1 Preventive Collection) 1019M->1022M(1024M) 7.608ms
[2024-08-27T15:01:12.762+0000][info][gc,cpu         ] GC(1170) User=0.16s Sys=0.00s Real=0.01s
[2024-08-27T15:01:12.762+0000][info][gc,ergo        ] Attempting full compaction
[2024-08-27T15:01:12.762+0000][info][gc,task        ] GC(1171) Using 24 workers of 68 for full compaction
[2024-08-27T15:01:12.762+0000][info][gc,start       ] GC(1171) Pause Full (G1 Compaction Pause)
[2024-08-27T15:01:12.763+0000][info][gc,phases,start] GC(1171) Phase 1: Mark live objects
[2024-08-27T15:01:12.777+0000][info][gc,phases      ] GC(1171) Phase 1: Mark live objects 13.572ms
[2024-08-27T15:01:12.777+0000][info][gc,phases,start] GC(1171) Phase 2: Prepare for compaction
[2024-08-27T15:01:12.786+0000][info][gc,phases      ] GC(1171) Phase 2: Prepare for compaction 9.300ms
[2024-08-27T15:01:12.786+0000][info][gc,phases,start] GC(1171) Phase 3: Adjust pointers
[2024-08-27T15:01:12.805+0000][info][gc,phases      ] GC(1171) Phase 3: Adjust pointers 18.591ms
[2024-08-27T15:01:12.805+0000][info][gc,phases,start] GC(1171) Phase 4: Compact heap
[2024-08-27T15:01:12.845+0000][info][gc,phases      ] GC(1171) Phase 4: Compact heap 40.236ms
[2024-08-27T15:01:12.846+0000][info][gc,heap        ] GC(1171) Eden regions: 0->0(150)
[2024-08-27T15:01:12.846+0000][info][gc,heap        ] GC(1171) Survivor regions: 1->0(3)
[2024-08-27T15:01:12.846+0000][info][gc,heap        ] GC(1171) Old regions: 1016->442
[2024-08-27T15:01:12.846+0000][info][gc,heap        ] GC(1171) Archive regions: 2->2
[2024-08-27T15:01:12.846+0000][info][gc,heap        ] GC(1171) Humongous regions: 5->5
[2024-08-27T15:01:12.846+0000][info][gc,metaspace   ] GC(1171) Metaspace: 100K(320K)->100K(320K) NonClass: 96K(192K)->96K(192K) Class: 4K(128K)->4K(128K)
[2024-08-27T15:01:12.847+0000][info][gc             ] GC(1171) Pause Full (G1 Compaction Pause) 1022M->435M(1024M) 84.058ms
[2024-08-27T15:01:12.847+0000][info][gc,cpu         ] GC(1171) User=1.73s Sys=0.00s Real=0.08s
[2024-08-27T15:01:12.847+0000][info][gc,marking     ] GC(1164) Concurrent Rebuild Remembered Sets 194.079ms
[2024-08-27T15:01:12.847+0000][info][gc,marking     ] GC(1164) Concurrent Mark Abort
[2024-08-27T15:01:12.847+0000][info][gc             ] GC(1164) Concurrent Mark Cycle 218.713ms
[2024-08-27T15:01:12.927+0000][info][gc,start       ] GC(1172) Pause Young (Normal) (G1 Evacuation Pause)
[2024-08-27T15:01:12.927+0000][info][gc,task        ] GC(1172) Using 24 workers of 68 for evacuation
[2024-08-27T15:01:12.953+0000][info][gc,phases      ] GC(1172)   Pre Evacuate Collection Set: 0.2ms
[2024-08-27T15:01:12.953+0000][info][gc,phases      ] GC(1172)   Merge Heap Roots: 0.7ms
[2024-08-27T15:01:12.953+0000][info][gc,phases      ] GC(1172)   Evacuate Collection Set: 25.3ms
[2024-08-27T15:01:12.953+0000][info][gc,phases      ] GC(1172)   Post Evacuate Collection Set: 0.4ms
[2024-08-27T15:01:12.953+0000][info][gc,phases      ] GC(1172)   Other: 0.2ms
[2024-08-27T15:01:12.953+0000][info][gc,heap        ] GC(1172) Eden regions: 150->0(103)
[2024-08-27T15:01:12.953+0000][info][gc,heap        ] GC(1172) Survivor regions: 0->19(19)
[2024-08-27T15:01:12.953+0000][info][gc,heap        ] GC(1172) Old regions: 442->570
[2024-08-27T15:01:12.953+0000][info][gc,heap        ] GC(1172) Archive regions: 2->2
[2024-08-27T15:01:12.953+0000][info][gc,heap        ] GC(1172) Humongous regions: 5->5
[2024-08-27T15:01:12.953+0000][info][gc,metaspace   ] GC(1172) Metaspace: 100K(320K)->100K(320K) NonClass: 96K(192K)->96K(192K) Class: 4K(128K)->4K(128K)
[2024-08-27T15:01:12.953+0000][info][gc             ] GC(1172) Pause Young (Normal) (G1 Evacuation Pause) 585M->582M(1024M) 26.792ms
[2024-08-27T15:01:12.953+0000][info][gc,cpu         ] GC(1172) User=0.59s Sys=0.03s Real=0.03s
[2024-08-27T15:01:13.006+0000][info][gc,start       ] GC(1173) Pause Young (Concurrent Start) (G1 Evacuation Pause)
[2024-08-27T15:01:13.006+0000][info][gc,task        ] GC(1173) Using 24 workers of 68 for evacuation
[2024-08-27T15:01:13.030+0000][info][gc,phases      ] GC(1173)   Pre Evacuate Collection Set: 0.2ms
[2024-08-27T15:01:13.030+0000][info][gc,phases      ] GC(1173)   Merge Heap Roots: 0.6ms
[2024-08-27T15:01:13.030+0000][info][gc,phases      ] GC(1173)   Evacuate Collection Set: 22.9ms
[2024-08-27T15:01:13.030+0000][info][gc,phases      ] GC(1173)   Post Evacuate Collection Set: 0.4ms
[2024-08-27T15:01:13.030+0000][info][gc,phases      ] GC(1173)   Other: 0.6ms
[2024-08-27T15:01:13.030+0000][info][gc,heap        ] GC(1173) Eden regions: 103->0(69)
[2024-08-27T15:01:13.030+0000][info][gc,heap        ] GC(1173) Survivor regions: 19->16(16)
[2024-08-27T15:01:13.030+0000][info][gc,heap        ] GC(1173) Old regions: 570->678
[2024-08-27T15:01:13.030+0000][info][gc,heap        ] GC(1173) Archive regions: 2->2
[2024-08-27T15:01:13.030+0000][info][gc,heap        ] GC(1173) Humongous regions: 5->5
[2024-08-27T15:01:13.030+0000][info][gc,metaspace   ] GC(1173) Metaspace: 100K(320K)->100K(320K) NonClass: 96K(192K)->96K(192K) Class: 4K(128K)->4K(128K)
[2024-08-27T15:01:13.030+0000][info][gc             ] GC(1173) Pause Young (Concurrent Start) (G1 Evacuation Pause) 685M->687M(1024M) 24.705ms
[2024-08-27T15:01:13.030+0000][info][gc,cpu         ] GC(1173) User=0.56s Sys=0.00s Real=0.03s
[2024-08-27T15:01:13.030+0000][info][gc             ] GC(1174) Concurrent Mark Cycle
[2024-08-27T15:01:13.030+0000][info][gc,marking     ] GC(1174) Concurrent Clear Claimed Marks
[2024-08-27T15:01:13.030+0000][info][gc,marking     ] GC(1174) Concurrent Clear Claimed Marks 0.007ms
[2024-08-27T15:01:13.030+0000][info][gc,marking     ] GC(1174) Concurrent Scan Root Regions
[2024-08-27T15:01:13.034+0000][info][gc,marking     ] GC(1174) Concurrent Scan Root Regions 3.736ms
[2024-08-27T15:01:13.034+0000][info][gc,marking     ] GC(1174) Concurrent Mark
[2024-08-27T15:01:13.034+0000][info][gc,marking     ] GC(1174) Concurrent Mark From Roots
[2024-08-27T15:01:13.034+0000][info][gc,task        ] GC(1174) Using 17 workers of 17 for marking
[2024-08-27T15:01:13.054+0000][info][gc,marking     ] GC(1174) Concurrent Mark From Roots 19.712ms
[2024-08-27T15:01:13.054+0000][info][gc,marking     ] GC(1174) Concurrent Preclean
[2024-08-27T15:01:13.054+0000][info][gc,marking     ] GC(1174) Concurrent Preclean 0.321ms
[2024-08-27T15:01:13.055+0000][info][gc,start       ] GC(1174) Pause Remark
[2024-08-27T15:01:13.056+0000][info][gc             ] GC(1174) Pause Remark 709M->709M(1024M) 1.049ms
[2024-08-27T15:01:13.056+0000][info][gc,cpu         ] GC(1174) User=0.01s Sys=0.00s Real=0.00s
[2024-08-27T15:01:13.056+0000][info][gc,marking     ] GC(1174) Concurrent Mark 21.409ms
[2024-08-27T15:01:13.056+0000][info][gc,marking     ] GC(1174) Concurrent Rebuild Remembered Sets
[2024-08-27T15:01:13.096+0000][info][gc,start       ] GC(1175) Pause Young (Normal) (G1 Evacuation Pause)
[2024-08-27T15:01:13.096+0000][info][gc,task        ] GC(1175) Using 24 workers of 68 for evacuation
[2024-08-27T15:01:13.115+0000][info][gc,phases      ] GC(1175)   Pre Evacuate Collection Set: 0.1ms
[2024-08-27T15:01:13.115+0000][info][gc,phases      ] GC(1175)   Merge Heap Roots: 0.6ms
[2024-08-27T15:01:13.115+0000][info][gc,phases      ] GC(1175)   Evacuate Collection Set: 16.9ms
[2024-08-27T15:01:13.115+0000][info][gc,phases      ] GC(1175)   Post Evacuate Collection Set: 0.6ms
[2024-08-27T15:01:13.115+0000][info][gc,phases      ] GC(1175)   Other: 0.2ms
[2024-08-27T15:01:13.115+0000][info][gc,heap        ] GC(1175) Eden regions: 69->0(46)
[2024-08-27T15:01:13.115+0000][info][gc,heap        ] GC(1175) Survivor regions: 16->11(11)
[2024-08-27T15:01:13.115+0000][info][gc,heap        ] GC(1175) Old regions: 678->755
[2024-08-27T15:01:13.115+0000][info][gc,heap        ] GC(1175) Archive regions: 2->2
[2024-08-27T15:01:13.115+0000][info][gc,heap        ] GC(1175) Humongous regions: 5->5
[2024-08-27T15:01:13.115+0000][info][gc,metaspace   ] GC(1175) Metaspace: 100K(320K)->100K(320K) NonClass: 96K(192K)->96K(192K) Class: 4K(128K)->4K(128K)
[2024-08-27T15:01:13.115+0000][info][gc             ] GC(1175) Pause Young (Normal) (G1 Evacuation Pause) 756M->759M(1024M) 18.507ms
[2024-08-27T15:01:13.115+0000][info][gc,cpu         ] GC(1175) User=0.43s Sys=0.00s Real=0.02s
[2024-08-27T15:01:13.129+0000][info][gc,marking     ] GC(1174) Concurrent Rebuild Remembered Sets 73.711ms
[2024-08-27T15:01:13.130+0000][info][gc,start       ] GC(1174) Pause Cleanup
[2024-08-27T15:01:13.131+0000][info][gc             ] GC(1174) Pause Cleanup 778M->778M(1024M) 1.503ms
[2024-08-27T15:01:13.131+0000][info][gc,cpu         ] GC(1174) User=0.01s Sys=0.00s Real=0.00s
[2024-08-27T15:01:13.131+0000][info][gc,marking     ] GC(1174) Concurrent Cleanup for Next Mark
[2024-08-27T15:01:13.132+0000][info][gc,marking     ] GC(1174) Concurrent Cleanup for Next Mark 0.592ms
[2024-08-27T15:01:13.132+0000][info][gc             ] GC(1174) Concurrent Mark Cycle 101.515ms
[2024-08-27T15:01:13.145+0000][info][gc,start       ] GC(1176) Pause Young (Prepare Mixed) (G1 Evacuation Pause)
[2024-08-27T15:01:13.145+0000][info][gc,task        ] GC(1176) Using 24 workers of 68 for evacuation
[2024-08-27T15:01:13.163+0000][info][gc,phases      ] GC(1176)   Pre Evacuate Collection Set: 0.1ms
[2024-08-27T15:01:13.163+0000][info][gc,phases      ] GC(1176)   Merge Heap Roots: 0.9ms
[2024-08-27T15:01:13.163+0000][info][gc,phases      ] GC(1176)   Evacuate Collection Set: 16.8ms
[2024-08-27T15:01:13.163+0000][info][gc,phases      ] GC(1176)   Post Evacuate Collection Set: 0.3ms
[2024-08-27T15:01:13.163+0000][info][gc,phases      ] GC(1176)   Other: 0.2ms
[2024-08-27T15:01:13.163+0000][info][gc,heap        ] GC(1176) Eden regions: 46->0(43)
[2024-08-27T15:01:13.163+0000][info][gc,heap        ] GC(1176) Survivor regions: 11->8(8)
[2024-08-27T15:01:13.163+0000][info][gc,heap        ] GC(1176) Old regions: 755->809
[2024-08-27T15:01:13.163+0000][info][gc,heap        ] GC(1176) Archive regions: 2->2
[2024-08-27T15:01:13.163+0000][info][gc,heap        ] GC(1176) Humongous regions: 5->5
[2024-08-27T15:01:13.163+0000][info][gc,metaspace   ] GC(1176) Metaspace: 100K(320K)->100K(320K) NonClass: 96K(192K)->96K(192K) Class: 4K(128K)->4K(128K)
[2024-08-27T15:01:13.163+0000][info][gc             ] GC(1176) Pause Young (Prepare Mixed) (G1 Evacuation Pause) 805M->810M(1024M) 18.409ms
[2024-08-27T15:01:13.163+0000][info][gc,cpu         ] GC(1176) User=0.43s Sys=0.00s Real=0.02s
[2024-08-27T15:01:13.183+0000][info][gc,start       ] GC(1177) Pause Young (Mixed) (G1 Evacuation Pause)
[2024-08-27T15:01:13.183+0000][info][gc,task        ] GC(1177) Using 24 workers of 68 for evacuation
[2024-08-27T15:01:13.197+0000][info][gc,phases      ] GC(1177)   Pre Evacuate Collection Set: 0.2ms
[2024-08-27T15:01:13.197+0000][info][gc,phases      ] GC(1177)   Merge Heap Roots: 0.6ms
[2024-08-27T15:01:13.197+0000][info][gc,phases      ] GC(1177)   Evacuate Collection Set: 12.3ms
[2024-08-27T15:01:13.197+0000][info][gc,phases      ] GC(1177)   Post Evacuate Collection Set: 0.4ms
[2024-08-27T15:01:13.197+0000][info][gc,phases      ] GC(1177)   Other: 0.3ms
[2024-08-27T15:01:13.197+0000][info][gc,heap        ] GC(1177) Eden regions: 43->0(44)
[2024-08-27T15:01:13.197+0000][info][gc,heap        ] GC(1177) Survivor regions: 8->7(7)
[2024-08-27T15:01:13.197+0000][info][gc,heap        ] GC(1177) Old regions: 809->755
[2024-08-27T15:01:13.197+0000][info][gc,heap        ] GC(1177) Archive regions: 2->2
[2024-08-27T15:01:13.197+0000][info][gc,heap        ] GC(1177) Humongous regions: 5->5
[2024-08-27T15:01:13.197+0000][info][gc,metaspace   ] GC(1177) Metaspace: 100K(320K)->100K(320K) NonClass: 96K(192K)->96K(192K) Class: 4K(128K)->4K(128K)
[2024-08-27T15:01:13.197+0000][info][gc             ] GC(1177) Pause Young (Mixed) (G1 Evacuation Pause) 853M->756M(1024M) 13.914ms
[2024-08-27T15:01:13.197+0000][info][gc,cpu         ] GC(1177) User=0.31s Sys=0.00s Real=0.01s
[2024-08-27T15:01:13.217+0000][info][gc,start       ] GC(1178) Pause Young (Mixed) (G1 Evacuation Pause)
[2024-08-27T15:01:13.217+0000][info][gc,task        ] GC(1178) Using 24 workers of 68 for evacuation
[2024-08-27T15:01:13.231+0000][info][gc,phases      ] GC(1178)   Pre Evacuate Collection Set: 0.2ms
[2024-08-27T15:01:13.231+0000][info][gc,phases      ] GC(1178)   Merge Heap Roots: 0.7ms
[2024-08-27T15:01:13.231+0000][info][gc,phases      ] GC(1178)   Evacuate Collection Set: 12.6ms
[2024-08-27T15:01:13.231+0000][info][gc,phases      ] GC(1178)   Post Evacuate Collection Set: 0.3ms
[2024-08-27T15:01:13.231+0000][info][gc,phases      ] GC(1178)   Other: 0.3ms
[2024-08-27T15:01:13.231+0000][info][gc,heap        ] GC(1178) Eden regions: 44->0(62)
[2024-08-27T15:01:13.231+0000][info][gc,heap        ] GC(1178) Survivor regions: 7->7(7)
[2024-08-27T15:01:13.231+0000][info][gc,heap        ] GC(1178) Old regions: 755->710
[2024-08-27T15:01:13.231+0000][info][gc,heap        ] GC(1178) Archive regions: 2->2
[2024-08-27T15:01:13.231+0000][info][gc,heap        ] GC(1178) Humongous regions: 5->5
[2024-08-27T15:01:13.231+0000][info][gc,metaspace   ] GC(1178) Metaspace: 100K(320K)->100K(320K) NonClass: 96K(192K)->96K(192K) Class: 4K(128K)->4K(128K)
[2024-08-27T15:01:13.231+0000][info][gc             ] GC(1178) Pause Young (Mixed) (G1 Evacuation Pause) 800M->715M(1024M) 14.285ms
[2024-08-27T15:01:13.231+0000][info][gc,cpu         ] GC(1178) User=0.32s Sys=0.00s Real=0.02s
[2024-08-27T15:01:13.258+0000][info][gc,start       ] GC(1179) Pause Young (Concurrent Start) (G1 Evacuation Pause)
[2024-08-27T15:01:13.258+0000][info][gc,task        ] GC(1179) Using 24 workers of 68 for evacuation
[2024-08-27T15:01:13.274+0000][info][gc,phases      ] GC(1179)   Pre Evacuate Collection Set: 0.2ms
[2024-08-27T15:01:13.274+0000][info][gc,phases      ] GC(1179)   Merge Heap Roots: 0.6ms
[2024-08-27T15:01:13.274+0000][info][gc,phases      ] GC(1179)   Evacuate Collection Set: 13.6ms
[2024-08-27T15:01:13.274+0000][info][gc,phases      ] GC(1179)   Post Evacuate Collection Set: 0.4ms
[2024-08-27T15:01:13.274+0000][info][gc,phases      ] GC(1179)   Other: 0.9ms
[2024-08-27T15:01:13.274+0000][info][gc,heap        ] GC(1179) Eden regions: 62->0(42)
[2024-08-27T15:01:13.274+0000][info][gc,heap        ] GC(1179) Survivor regions: 7->9(9)
[2024-08-27T15:01:13.274+0000][info][gc,heap        ] GC(1179) Old regions: 710->773
[2024-08-27T15:01:13.274+0000][info][gc,heap        ] GC(1179) Archive regions: 2->2
[2024-08-27T15:01:13.274+0000][info][gc,heap        ] GC(1179) Humongous regions: 5->5
[2024-08-27T15:01:13.274+0000][info][gc,metaspace   ] GC(1179) Metaspace: 100K(320K)->100K(320K) NonClass: 96K(192K)->96K(192K) Class: 4K(128K)->4K(128K)
[2024-08-27T15:01:13.274+0000][info][gc             ] GC(1179) Pause Young (Concurrent Start) (G1 Evacuation Pause) 777M->780M(1024M) 15.635ms
[2024-08-27T15:01:13.274+0000][info][gc,cpu         ] GC(1179) User=0.33s Sys=0.00s Real=0.01s
[2024-08-27T15:01:13.274+0000][info][gc             ] GC(1180) Concurrent Mark Cycle
[2024-08-27T15:01:13.274+0000][info][gc,marking     ] GC(1180) Concurrent Clear Claimed Marks
[2024-08-27T15:01:13.274+0000][info][gc,marking     ] GC(1180) Concurrent Clear Claimed Marks 0.009ms
[2024-08-27T15:01:13.274+0000][info][gc,marking     ] GC(1180) Concurrent Scan Root Regions
[2024-08-27T15:01:13.276+0000][info][gc,marking     ] GC(1180) Concurrent Scan Root Regions 1.909ms
[2024-08-27T15:01:13.276+0000][info][gc,marking     ] GC(1180) Concurrent Mark
[2024-08-27T15:01:13.276+0000][info][gc,marking     ] GC(1180) Concurrent Mark From Roots
[2024-08-27T15:01:13.276+0000][info][gc,task        ] GC(1180) Using 17 workers of 17 for marking
[2024-08-27T15:01:13.295+0000][info][gc,marking     ] GC(1180) Concurrent Mark From Roots 19.475ms
[2024-08-27T15:01:13.295+0000][info][gc,marking     ] GC(1180) Concurrent Preclean
[2024-08-27T15:01:13.296+0000][info][gc,marking     ] GC(1180) Concurrent Preclean 0.319ms
[2024-08-27T15:01:13.296+0000][info][gc,start       ] GC(1180) Pause Remark
[2024-08-27T15:01:13.297+0000][info][gc             ] GC(1180) Pause Remark 806M->806M(1024M) 1.006ms
[2024-08-27T15:01:13.297+0000][info][gc,cpu         ] GC(1180) User=0.01s Sys=0.00s Real=0.00s
[2024-08-27T15:01:13.297+0000][info][gc,marking     ] GC(1180) Concurrent Mark 21.110ms
[2024-08-27T15:01:13.297+0000][info][gc,marking     ] GC(1180) Concurrent Rebuild Remembered Sets
[2024-08-27T15:01:13.311+0000][info][gc,start       ] GC(1181) Pause Young (Normal) (G1 Evacuation Pause)
[2024-08-27T15:01:13.311+0000][info][gc,task        ] GC(1181) Using 24 workers of 68 for evacuation
[2024-08-27T15:01:13.322+0000][info][gc,phases      ] GC(1181)   Pre Evacuate Collection Set: 0.2ms
[2024-08-27T15:01:13.322+0000][info][gc,phases      ] GC(1181)   Merge Heap Roots: 0.5ms
[2024-08-27T15:01:13.322+0000][info][gc,phases      ] GC(1181)   Evacuate Collection Set: 10.0ms
[2024-08-27T15:01:13.322+0000][info][gc,phases      ] GC(1181)   Post Evacuate Collection Set: 0.4ms
[2024-08-27T15:01:13.322+0000][info][gc,phases      ] GC(1181)   Other: 0.2ms
[2024-08-27T15:01:13.322+0000][info][gc,heap        ] GC(1181) Eden regions: 42->0(44)
[2024-08-27T15:01:13.322+0000][info][gc,heap        ] GC(1181) Survivor regions: 9->7(7)
[2024-08-27T15:01:13.322+0000][info][gc,heap        ] GC(1181) Old regions: 773->820
[2024-08-27T15:01:13.322+0000][info][gc,heap        ] GC(1181) Archive regions: 2->2
[2024-08-27T15:01:13.322+0000][info][gc,heap        ] GC(1181) Humongous regions: 5->5
[2024-08-27T15:01:13.322+0000][info][gc,metaspace   ] GC(1181) Metaspace: 100K(320K)->100K(320K) NonClass: 96K(192K)->96K(192K) Class: 4K(128K)->4K(128K)
[2024-08-27T15:01:13.322+0000][info][gc             ] GC(1181) Pause Young (Normal) (G1 Evacuation Pause) 822M->825M(1024M) 11.430ms
[2024-08-27T15:01:13.322+0000][info][gc,cpu         ] GC(1181) User=0.25s Sys=0.00s Real=0.01s
[2024-08-27T15:01:13.356+0000][info][gc,start       ] GC(1182) Pause Young (Normal) (G1 Evacuation Pause)
[2024-08-27T15:01:13.356+0000][info][gc,task        ] GC(1182) Using 24 workers of 68 for evacuation
[2024-08-27T15:01:13.372+0000][info][gc,phases      ] GC(1182)   Pre Evacuate Collection Set: 0.2ms
[2024-08-27T15:01:13.372+0000][info][gc,phases      ] GC(1182)   Merge Heap Roots: 0.7ms
[2024-08-27T15:01:13.372+0000][info][gc,phases      ] GC(1182)   Evacuate Collection Set: 14.6ms
[2024-08-27T15:01:13.372+0000][info][gc,phases      ] GC(1182)   Post Evacuate Collection Set: 0.6ms
[2024-08-27T15:01:13.372+0000][info][gc,phases      ] GC(1182)   Other: 0.3ms
[2024-08-27T15:01:13.372+0000][info][gc,heap        ] GC(1182) Eden regions: 44->0(44)
[2024-08-27T15:01:13.372+0000][info][gc,heap        ] GC(1182) Survivor regions: 7->7(7)
[2024-08-27T15:01:13.372+0000][info][gc,heap        ] GC(1182) Old regions: 820->867
[2024-08-27T15:01:13.372+0000][info][gc,heap        ] GC(1182) Archive regions: 2->2
[2024-08-27T15:01:13.372+0000][info][gc,heap        ] GC(1182) Humongous regions: 5->5
[2024-08-27T15:01:13.372+0000][info][gc,metaspace   ] GC(1182) Metaspace: 100K(320K)->100K(320K) NonClass: 96K(192K)->96K(192K) Class: 4K(128K)->4K(128K)
[2024-08-27T15:01:13.372+0000][info][gc             ] GC(1182) Pause Young (Normal) (G1 Evacuation Pause) 869M->872M(1024M) 16.488ms
[2024-08-27T15:01:13.372+0000][info][gc,cpu         ] GC(1182) User=0.38s Sys=0.00s Real=0.02s
[2024-08-27T15:01:13.383+0000][info][gc,marking     ] GC(1180) Concurrent Rebuild Remembered Sets 86.200ms
[2024-08-27T15:01:13.383+0000][info][gc,start       ] GC(1180) Pause Cleanup
[2024-08-27T15:01:13.386+0000][info][gc             ] GC(1180) Pause Cleanup 887M->887M(1024M) 2.563ms
[2024-08-27T15:01:13.386+0000][info][gc,cpu         ] GC(1180) User=0.01s Sys=0.00s Real=0.00s
[2024-08-27T15:01:13.386+0000][info][gc,marking     ] GC(1180) Concurrent Cleanup for Next Mark
[2024-08-27T15:01:13.387+0000][info][gc,marking     ] GC(1180) Concurrent Cleanup for Next Mark 0.591ms
[2024-08-27T15:01:13.387+0000][info][gc             ] GC(1180) Concurrent Mark Cycle 113.035ms
[2024-08-27T15:01:13.401+0000][info][gc,start       ] GC(1183) Pause Young (Prepare Mixed) (G1 Evacuation Pause)
[2024-08-27T15:01:13.401+0000][info][gc,task        ] GC(1183) Using 24 workers of 68 for evacuation
[2024-08-27T15:01:13.418+0000][info][gc,phases      ] GC(1183)   Pre Evacuate Collection Set: 0.2ms
[2024-08-27T15:01:13.418+0000][info][gc,phases      ] GC(1183)   Merge Heap Roots: 1.0ms
[2024-08-27T15:01:13.418+0000][info][gc,phases      ] GC(1183)   Evacuate Collection Set: 15.2ms
[2024-08-27T15:01:13.418+0000][info][gc,phases      ] GC(1183)   Post Evacuate Collection Set: 0.4ms
[2024-08-27T15:01:13.418+0000][info][gc,phases      ] GC(1183)   Other: 0.3ms
[2024-08-27T15:01:13.418+0000][info][gc,heap        ] GC(1183) Eden regions: 44->0(44)
[2024-08-27T15:01:13.418+0000][info][gc,heap        ] GC(1183) Survivor regions: 7->7(7)
[2024-08-27T15:01:13.418+0000][info][gc,heap        ] GC(1183) Old regions: 867->914
[2024-08-27T15:01:13.418+0000][info][gc,heap        ] GC(1183) Archive regions: 2->2
[2024-08-27T15:01:13.418+0000][info][gc,heap        ] GC(1183) Humongous regions: 5->5
[2024-08-27T15:01:13.418+0000][info][gc,metaspace   ] GC(1183) Metaspace: 100K(320K)->100K(320K) NonClass: 96K(192K)->96K(192K) Class: 4K(128K)->4K(128K)
[2024-08-27T15:01:13.418+0000][info][gc             ] GC(1183) Pause Young (Prepare Mixed) (G1 Evacuation Pause) 916M->919M(1024M) 17.247ms
[2024-08-27T15:01:13.418+0000][info][gc,cpu         ] GC(1183) User=0.39s Sys=0.00s Real=0.02s
[2024-08-27T15:01:13.438+0000][info][gc,start       ] GC(1184) Pause Young (Mixed) (G1 Preventive Collection)
[2024-08-27T15:01:13.438+0000][info][gc,task        ] GC(1184) Using 24 workers of 68 for evacuation
[2024-08-27T15:01:13.451+0000][info][gc,phases      ] GC(1184)   Pre Evacuate Collection Set: 0.2ms
[2024-08-27T15:01:13.451+0000][info][gc,phases      ] GC(1184)   Merge Heap Roots: 0.6ms
[2024-08-27T15:01:13.451+0000][info][gc,phases      ] GC(1184)   Evacuate Collection Set: 11.1ms
[2024-08-27T15:01:13.451+0000][info][gc,phases      ] GC(1184)   Post Evacuate Collection Set: 0.5ms
[2024-08-27T15:01:13.451+0000][info][gc,phases      ] GC(1184)   Other: 0.3ms
[2024-08-27T15:01:13.451+0000][info][gc,heap        ] GC(1184) Eden regions: 42->0(44)
[2024-08-27T15:01:13.451+0000][info][gc,heap        ] GC(1184) Survivor regions: 7->7(7)
[2024-08-27T15:01:13.451+0000][info][gc,heap        ] GC(1184) Old regions: 914->856
[2024-08-27T15:01:13.451+0000][info][gc,heap        ] GC(1184) Archive regions: 2->2
[2024-08-27T15:01:13.451+0000][info][gc,heap        ] GC(1184) Humongous regions: 5->5
[2024-08-27T15:01:13.451+0000][info][gc,metaspace   ] GC(1184) Metaspace: 100K(320K)->100K(320K) NonClass: 96K(192K)->96K(192K) Class: 4K(128K)->4K(128K)
[2024-08-27T15:01:13.451+0000][info][gc             ] GC(1184) Pause Young (Mixed) (G1 Preventive Collection) 961M->866M(1024M) 12.903ms
[2024-08-27T15:01:13.451+0000][info][gc,cpu         ] GC(1184) User=0.28s Sys=0.00s Real=0.01s
[2024-08-27T15:01:13.470+0000][info][gc,start       ] GC(1185) Pause Young (Mixed) (G1 Evacuation Pause)
[2024-08-27T15:01:13.470+0000][info][gc,task        ] GC(1185) Using 24 workers of 68 for evacuation
[2024-08-27T15:01:13.481+0000][info][gc,phases      ] GC(1185)   Pre Evacuate Collection Set: 0.2ms
[2024-08-27T15:01:13.481+0000][info][gc,phases      ] GC(1185)   Merge Heap Roots: 0.4ms
[2024-08-27T15:01:13.481+0000][info][gc,phases      ] GC(1185)   Evacuate Collection Set: 10.1ms
[2024-08-27T15:01:13.481+0000][info][gc,phases      ] GC(1185)   Post Evacuate Collection Set: 0.3ms
[2024-08-27T15:01:13.481+0000][info][gc,phases      ] GC(1185)   Other: 0.2ms
[2024-08-27T15:01:13.481+0000][info][gc,heap        ] GC(1185) Eden regions: 44->0(44)
[2024-08-27T15:01:13.481+0000][info][gc,heap        ] GC(1185) Survivor regions: 7->7(7)
[2024-08-27T15:01:13.481+0000][info][gc,heap        ] GC(1185) Old regions: 856->799
[2024-08-27T15:01:13.481+0000][info][gc,heap        ] GC(1185) Archive regions: 2->2
[2024-08-27T15:01:13.481+0000][info][gc,heap        ] GC(1185) Humongous regions: 5->5
[2024-08-27T15:01:13.481+0000][info][gc,metaspace   ] GC(1185) Metaspace: 100K(320K)->100K(320K) NonClass: 96K(192K)->96K(192K) Class: 4K(128K)->4K(128K)
[2024-08-27T15:01:13.481+0000][info][gc             ] GC(1185) Pause Young (Mixed) (G1 Evacuation Pause) 910M->810M(1024M) 11.323ms
[2024-08-27T15:01:13.481+0000][info][gc,cpu         ] GC(1185) User=0.26s Sys=0.00s Real=0.01s
[2024-08-27T15:01:13.499+0000][info][gc,start       ] GC(1186) Pause Young (Mixed) (G1 Evacuation Pause)
[2024-08-27T15:01:13.499+0000][info][gc,task        ] GC(1186) Using 24 workers of 68 for evacuation
[2024-08-27T15:01:13.512+0000][info][gc,phases      ] GC(1186)   Pre Evacuate Collection Set: 0.2ms
[2024-08-27T15:01:13.512+0000][info][gc,phases      ] GC(1186)   Merge Heap Roots: 0.4ms
[2024-08-27T15:01:13.512+0000][info][gc,phases      ] GC(1186)   Evacuate Collection Set: 12.8ms
[2024-08-27T15:01:13.512+0000][info][gc,phases      ] GC(1186)   Post Evacuate Collection Set: 0.3ms
[2024-08-27T15:01:13.512+0000][info][gc,phases      ] GC(1186)   Other: 0.1ms
[2024-08-27T15:01:13.512+0000][info][gc,heap        ] GC(1186) Eden regions: 44->0(44)
[2024-08-27T15:01:13.512+0000][info][gc,heap        ] GC(1186) Survivor regions: 7->7(7)
[2024-08-27T15:01:13.512+0000][info][gc,heap        ] GC(1186) Old regions: 799->769
[2024-08-27T15:01:13.512+0000][info][gc,heap        ] GC(1186) Archive regions: 2->2
[2024-08-27T15:01:13.512+0000][info][gc,heap        ] GC(1186) Humongous regions: 5->5
[2024-08-27T15:01:13.512+0000][info][gc,metaspace   ] GC(1186) Metaspace: 100K(320K)->100K(320K) NonClass: 96K(192K)->96K(192K) Class: 4K(128K)->4K(128K)
[2024-08-27T15:01:13.512+0000][info][gc             ] GC(1186) Pause Young (Mixed) (G1 Evacuation Pause) 854M->781M(1024M) 13.876ms
[2024-08-27T15:01:13.512+0000][info][gc,cpu         ] GC(1186) User=0.32s Sys=0.01s Real=0.01s
[2024-08-27T15:01:13.530+0000][info][gc,start       ] GC(1187) Pause Young (Mixed) (G1 Evacuation Pause)
[2024-08-27T15:01:13.530+0000][info][gc,task        ] GC(1187) Using 24 workers of 68 for evacuation
[2024-08-27T15:01:13.541+0000][info][gc,phases      ] GC(1187)   Pre Evacuate Collection Set: 0.2ms
[2024-08-27T15:01:13.541+0000][info][gc,phases      ] GC(1187)   Merge Heap Roots: 0.3ms
[2024-08-27T15:01:13.541+0000][info][gc,phases      ] GC(1187)   Evacuate Collection Set: 10.1ms
[2024-08-27T15:01:13.541+0000][info][gc,phases      ] GC(1187)   Post Evacuate Collection Set: 0.3ms
[2024-08-27T15:01:13.541+0000][info][gc,phases      ] GC(1187)   Other: 0.2ms
[2024-08-27T15:01:13.541+0000][info][gc,heap        ] GC(1187) Eden regions: 44->0(44)
[2024-08-27T15:01:13.541+0000][info][gc,heap        ] GC(1187) Survivor regions: 7->7(7)
[2024-08-27T15:01:13.541+0000][info][gc,heap        ] GC(1187) Old regions: 769->814
[2024-08-27T15:01:13.541+0000][info][gc,heap        ] GC(1187) Archive regions: 2->2
[2024-08-27T15:01:13.541+0000][info][gc,heap        ] GC(1187) Humongous regions: 5->5
[2024-08-27T15:01:13.541+0000][info][gc,metaspace   ] GC(1187) Metaspace: 100K(320K)->100K(320K) NonClass: 96K(192K)->96K(192K) Class: 4K(128K)->4K(128K)
[2024-08-27T15:01:13.541+0000][info][gc             ] GC(1187) Pause Young (Mixed) (G1 Evacuation Pause) 825M->826M(1024M) 11.138ms
[2024-08-27T15:01:13.541+0000][info][gc,cpu         ] GC(1187) User=0.25s Sys=0.00s Real=0.01s
[2024-08-27T15:01:13.558+0000][info][gc,start       ] GC(1188) Pause Young (Concurrent Start) (G1 Evacuation Pause)
[2024-08-27T15:01:13.558+0000][info][gc,task        ] GC(1188) Using 24 workers of 68 for evacuation
[2024-08-27T15:01:13.570+0000][info][gc,phases      ] GC(1188)   Pre Evacuate Collection Set: 0.2ms
[2024-08-27T15:01:13.570+0000][info][gc,phases      ] GC(1188)   Merge Heap Roots: 0.4ms
[2024-08-27T15:01:13.570+0000][info][gc,phases      ] GC(1188)   Evacuate Collection Set: 9.8ms
[2024-08-27T15:01:13.570+0000][info][gc,phases      ] GC(1188)   Post Evacuate Collection Set: 0.3ms
[2024-08-27T15:01:13.570+0000][info][gc,phases      ] GC(1188)   Other: 0.6ms
[2024-08-27T15:01:13.570+0000][info][gc,heap        ] GC(1188) Eden regions: 44->0(44)
[2024-08-27T15:01:13.570+0000][info][gc,heap        ] GC(1188) Survivor regions: 7->7(7)
[2024-08-27T15:01:13.570+0000][info][gc,heap        ] GC(1188) Old regions: 814->861
[2024-08-27T15:01:13.570+0000][info][gc,heap        ] GC(1188) Archive regions: 2->2
[2024-08-27T15:01:13.570+0000][info][gc,heap        ] GC(1188) Humongous regions: 5->5
[2024-08-27T15:01:13.570+0000][info][gc,metaspace   ] GC(1188) Metaspace: 100K(320K)->100K(320K) NonClass: 96K(192K)->96K(192K) Class: 4K(128K)->4K(128K)
[2024-08-27T15:01:13.570+0000][info][gc             ] GC(1188) Pause Young (Concurrent Start) (G1 Evacuation Pause) 870M->873M(1024M) 11.330ms
[2024-08-27T15:01:13.570+0000][info][gc,cpu         ] GC(1188) User=0.24s Sys=0.00s Real=0.01s
[2024-08-27T15:01:13.570+0000][info][gc             ] GC(1189) Concurrent Mark Cycle
[2024-08-27T15:01:13.570+0000][info][gc,marking     ] GC(1189) Concurrent Clear Claimed Marks
[2024-08-27T15:01:13.570+0000][info][gc,marking     ] GC(1189) Concurrent Clear Claimed Marks 0.012ms
[2024-08-27T15:01:13.570+0000][info][gc,marking     ] GC(1189) Concurrent Scan Root Regions
[2024-08-27T15:01:13.571+0000][info][gc,marking     ] GC(1189) Concurrent Scan Root Regions 1.591ms
[2024-08-27T15:01:13.572+0000][info][gc,marking     ] GC(1189) Concurrent Mark
[2024-08-27T15:01:13.572+0000][info][gc,marking     ] GC(1189) Concurrent Mark From Roots
[2024-08-27T15:01:13.572+0000][info][gc,task        ] GC(1189) Using 17 workers of 17 for marking
[2024-08-27T15:01:13.593+0000][info][gc,marking     ] GC(1189) Concurrent Mark From Roots 21.574ms
[2024-08-27T15:01:13.593+0000][info][gc,marking     ] GC(1189) Concurrent Preclean
[2024-08-27T15:01:13.593+0000][info][gc,marking     ] GC(1189) Concurrent Preclean 0.332ms
[2024-08-27T15:01:13.594+0000][info][gc,start       ] GC(1189) Pause Remark
[2024-08-27T15:01:13.595+0000][info][gc             ] GC(1189) Pause Remark 899M->899M(1024M) 1.195ms
[2024-08-27T15:01:13.595+0000][info][gc,cpu         ] GC(1189) User=0.01s Sys=0.00s Real=0.00s
[2024-08-27T15:01:13.595+0000][info][gc,marking     ] GC(1189) Concurrent Mark 23.549ms
[2024-08-27T15:01:13.595+0000][info][gc,marking     ] GC(1189) Concurrent Rebuild Remembered Sets
[2024-08-27T15:01:13.610+0000][info][gc,start       ] GC(1190) Pause Young (Normal) (G1 Evacuation Pause)
[2024-08-27T15:01:13.610+0000][info][gc,task        ] GC(1190) Using 24 workers of 68 for evacuation
[2024-08-27T15:01:13.621+0000][info][gc,phases      ] GC(1190)   Pre Evacuate Collection Set: 0.2ms
[2024-08-27T15:01:13.621+0000][info][gc,phases      ] GC(1190)   Merge Heap Roots: 0.4ms
[2024-08-27T15:01:13.621+0000][info][gc,phases      ] GC(1190)   Evacuate Collection Set: 9.9ms
[2024-08-27T15:01:13.621+0000][info][gc,phases      ] GC(1190)   Post Evacuate Collection Set: 0.4ms
[2024-08-27T15:01:13.621+0000][info][gc,phases      ] GC(1190)   Other: 0.3ms
[2024-08-27T15:01:13.621+0000][info][gc,heap        ] GC(1190) Eden regions: 44->0(44)
[2024-08-27T15:01:13.621+0000][info][gc,heap        ] GC(1190) Survivor regions: 7->7(7)
[2024-08-27T15:01:13.621+0000][info][gc,heap        ] GC(1190) Old regions: 861->907
[2024-08-27T15:01:13.621+0000][info][gc,heap        ] GC(1190) Archive regions: 2->2
[2024-08-27T15:01:13.621+0000][info][gc,heap        ] GC(1190) Humongous regions: 5->5
[2024-08-27T15:01:13.621+0000][info][gc,metaspace   ] GC(1190) Metaspace: 100K(320K)->100K(320K) NonClass: 96K(192K)->96K(192K) Class: 4K(128K)->4K(128K)
[2024-08-27T15:01:13.621+0000][info][gc             ] GC(1190) Pause Young (Normal) (G1 Evacuation Pause) 917M->919M(1024M) 11.191ms
[2024-08-27T15:01:13.621+0000][info][gc,cpu         ] GC(1190) User=0.25s Sys=0.00s Real=0.01s
[2024-08-27T15:01:13.654+0000][info][gc,start       ] GC(1191) Pause Young (Normal) (G1 Evacuation Pause)
[2024-08-27T15:01:13.654+0000][info][gc,task        ] GC(1191) Using 24 workers of 68 for evacuation
[2024-08-27T15:01:13.668+0000][info][gc,phases      ] GC(1191)   Pre Evacuate Collection Set: 0.2ms
[2024-08-27T15:01:13.668+0000][info][gc,phases      ] GC(1191)   Merge Heap Roots: 0.5ms
[2024-08-27T15:01:13.668+0000][info][gc,phases      ] GC(1191)   Evacuate Collection Set: 12.7ms
[2024-08-27T15:01:13.668+0000][info][gc,phases      ] GC(1191)   Post Evacuate Collection Set: 0.5ms
[2024-08-27T15:01:13.668+0000][info][gc,phases      ] GC(1191)   Other: 0.2ms
[2024-08-27T15:01:13.668+0000][info][gc,heap        ] GC(1191) Eden regions: 44->0(44)
[2024-08-27T15:01:13.668+0000][info][gc,heap        ] GC(1191) Survivor regions: 7->7(7)
[2024-08-27T15:01:13.668+0000][info][gc,heap        ] GC(1191) Old regions: 907->954
[2024-08-27T15:01:13.668+0000][info][gc,heap        ] GC(1191) Archive regions: 2->2
[2024-08-27T15:01:13.668+0000][info][gc,heap        ] GC(1191) Humongous regions: 5->5
[2024-08-27T15:01:13.668+0000][info][gc,metaspace   ] GC(1191) Metaspace: 100K(320K)->100K(320K) NonClass: 96K(192K)->96K(192K) Class: 4K(128K)->4K(128K)
[2024-08-27T15:01:13.668+0000][info][gc             ] GC(1191) Pause Young (Normal) (G1 Evacuation Pause) 963M->966M(1024M) 14.029ms
[2024-08-27T15:01:13.668+0000][info][gc,cpu         ] GC(1191) User=0.32s Sys=0.00s Real=0.01s
[2024-08-27T15:01:13.678+0000][info][gc,marking     ] GC(1189) Concurrent Rebuild Remembered Sets 82.733ms
[2024-08-27T15:01:13.678+0000][info][gc,start       ] GC(1189) Pause Cleanup
[2024-08-27T15:01:13.680+0000][info][gc             ] GC(1189) Pause Cleanup 980M->980M(1024M) 1.465ms
[2024-08-27T15:01:13.680+0000][info][gc,cpu         ] GC(1189) User=0.00s Sys=0.00s Real=0.00s
[2024-08-27T15:01:13.680+0000][info][gc,marking     ] GC(1189) Concurrent Cleanup for Next Mark
[2024-08-27T15:01:13.680+0000][info][gc,marking     ] GC(1189) Concurrent Cleanup for Next Mark 0.553ms
[2024-08-27T15:01:13.680+0000][info][gc             ] GC(1189) Concurrent Mark Cycle 110.419ms
[2024-08-27T15:01:13.685+0000][info][gc,start       ] GC(1192) Pause Young (Prepare Mixed) (G1 Preventive Collection)
[2024-08-27T15:01:13.685+0000][info][gc,task        ] GC(1192) Using 24 workers of 68 for evacuation
[2024-08-27T15:01:13.697+0000][info][gc             ] GC(1192) To-space exhausted
[2024-08-27T15:01:13.697+0000][info][gc,phases      ] GC(1192)   Pre Evacuate Collection Set: 0.1ms
[2024-08-27T15:01:13.697+0000][info][gc,phases      ] GC(1192)   Merge Heap Roots: 0.5ms
[2024-08-27T15:01:13.697+0000][info][gc,phases      ] GC(1192)   Evacuate Collection Set: 10.8ms
[2024-08-27T15:01:13.697+0000][info][gc,phases      ] GC(1192)   Post Evacuate Collection Set: 0.5ms
[2024-08-27T15:01:13.697+0000][info][gc,phases      ] GC(1192)   Other: 0.2ms
[2024-08-27T15:01:13.697+0000][info][gc,heap        ] GC(1192) Eden regions: 23->0(44)
[2024-08-27T15:01:13.697+0000][info][gc,heap        ] GC(1192) Survivor regions: 7->7(7)
[2024-08-27T15:01:13.697+0000][info][gc,heap        ] GC(1192) Old regions: 954->989
[2024-08-27T15:01:13.697+0000][info][gc,heap        ] GC(1192) Archive regions: 2->2
[2024-08-27T15:01:13.697+0000][info][gc,heap        ] GC(1192) Humongous regions: 5->5
[2024-08-27T15:01:13.697+0000][info][gc,metaspace   ] GC(1192) Metaspace: 100K(320K)->100K(320K) NonClass: 96K(192K)->96K(192K) Class: 4K(128K)->4K(128K)
[2024-08-27T15:01:13.697+0000][info][gc             ] GC(1192) Pause Young (Prepare Mixed) (G1 Preventive Collection) 989M->1001M(1024M) 12.177ms
[2024-08-27T15:01:13.697+0000][info][gc,cpu         ] GC(1192) User=0.28s Sys=0.00s Real=0.01s
[2024-08-27T15:01:13.700+0000][info][gc,start       ] GC(1193) Pause Young (Mixed) (G1 Preventive Collection)
[2024-08-27T15:01:13.700+0000][info][gc,task        ] GC(1193) Using 24 workers of 68 for evacuation
[2024-08-27T15:01:13.704+0000][info][gc             ] GC(1193) To-space exhausted
[2024-08-27T15:01:13.704+0000][info][gc,phases      ] GC(1193)   Pre Evacuate Collection Set: 0.2ms
[2024-08-27T15:01:13.704+0000][info][gc,phases      ] GC(1193)   Merge Heap Roots: 0.3ms
[2024-08-27T15:01:13.704+0000][info][gc,phases      ] GC(1193)   Evacuate Collection Set: 3.3ms
[2024-08-27T15:01:13.704+0000][info][gc,phases      ] GC(1193)   Post Evacuate Collection Set: 0.5ms
[2024-08-27T15:01:13.704+0000][info][gc,phases      ] GC(1193)   Other: 0.2ms
[2024-08-27T15:01:13.704+0000][info][gc,heap        ] GC(1193) Eden regions: 6->0(45)
[2024-08-27T15:01:13.704+0000][info][gc,heap        ] GC(1193) Survivor regions: 7->6(7)
[2024-08-27T15:01:13.704+0000][info][gc,heap        ] GC(1193) Old regions: 989->955
[2024-08-27T15:01:13.704+0000][info][gc,heap        ] GC(1193) Archive regions: 2->2
[2024-08-27T15:01:13.704+0000][info][gc,heap        ] GC(1193) Humongous regions: 5->5
[2024-08-27T15:01:13.704+0000][info][gc,metaspace   ] GC(1193) Metaspace: 100K(320K)->100K(320K) NonClass: 96K(192K)->96K(192K) Class: 4K(128K)->4K(128K)
[2024-08-27T15:01:13.704+0000][info][gc             ] GC(1193) Pause Young (Mixed) (G1 Preventive Collection) 1007M->966M(1024M) 4.428ms
[2024-08-27T15:01:13.704+0000][info][gc,cpu         ] GC(1193) User=0.09s Sys=0.00s Real=0.00s
[2024-08-27T15:01:13.714+0000][info][gc,start       ] GC(1194) Pause Young (Mixed) (G1 Preventive Collection)
[2024-08-27T15:01:13.714+0000][info][gc,task        ] GC(1194) Using 24 workers of 68 for evacuation
[2024-08-27T15:01:13.721+0000][info][gc,phases      ] GC(1194)   Pre Evacuate Collection Set: 0.2ms
[2024-08-27T15:01:13.721+0000][info][gc,phases      ] GC(1194)   Merge Heap Roots: 0.4ms
[2024-08-27T15:01:13.721+0000][info][gc,phases      ] GC(1194)   Evacuate Collection Set: 5.8ms
[2024-08-27T15:01:13.721+0000][info][gc,phases      ] GC(1194)   Post Evacuate Collection Set: 0.3ms
[2024-08-27T15:01:13.721+0000][info][gc,phases      ] GC(1194)   Other: 0.2ms
[2024-08-27T15:01:13.721+0000][info][gc,heap        ] GC(1194) Eden regions: 23->0(44)
[2024-08-27T15:01:13.721+0000][info][gc,heap        ] GC(1194) Survivor regions: 6->7(7)
[2024-08-27T15:01:13.721+0000][info][gc,heap        ] GC(1194) Old regions: 955->875
[2024-08-27T15:01:13.721+0000][info][gc,heap        ] GC(1194) Archive regions: 2->2
[2024-08-27T15:01:13.721+0000][info][gc,heap        ] GC(1194) Humongous regions: 5->5
[2024-08-27T15:01:13.721+0000][info][gc,metaspace   ] GC(1194) Metaspace: 100K(320K)->100K(320K) NonClass: 96K(192K)->96K(192K) Class: 4K(128K)->4K(128K)
[2024-08-27T15:01:13.721+0000][info][gc             ] GC(1194) Pause Young (Mixed) (G1 Preventive Collection) 989M->887M(1024M) 6.847ms
[2024-08-27T15:01:13.721+0000][info][gc,cpu         ] GC(1194) User=0.15s Sys=0.00s Real=0.01s
[2024-08-27T15:01:13.738+0000][info][gc,start       ] GC(1195) Pause Young (Mixed) (G1 Evacuation Pause)
[2024-08-27T15:01:13.738+0000][info][gc,task        ] GC(1195) Using 24 workers of 68 for evacuation
[2024-08-27T15:01:13.748+0000][info][gc,phases      ] GC(1195)   Pre Evacuate Collection Set: 0.2ms
[2024-08-27T15:01:13.748+0000][info][gc,phases      ] GC(1195)   Merge Heap Roots: 0.4ms
[2024-08-27T15:01:13.748+0000][info][gc,phases      ] GC(1195)   Evacuate Collection Set: 9.4ms
[2024-08-27T15:01:13.748+0000][info][gc,phases      ] GC(1195)   Post Evacuate Collection Set: 0.4ms
[2024-08-27T15:01:13.748+0000][info][gc,phases      ] GC(1195)   Other: 0.2ms
[2024-08-27T15:01:13.748+0000][info][gc,heap        ] GC(1195) Eden regions: 44->0(44)
[2024-08-27T15:01:13.748+0000][info][gc,heap        ] GC(1195) Survivor regions: 7->7(7)
[2024-08-27T15:01:13.748+0000][info][gc,heap        ] GC(1195) Old regions: 875->817
[2024-08-27T15:01:13.748+0000][info][gc,heap        ] GC(1195) Archive regions: 2->2
[2024-08-27T15:01:13.748+0000][info][gc,heap        ] GC(1195) Humongous regions: 5->5
[2024-08-27T15:01:13.748+0000][info][gc,metaspace   ] GC(1195) Metaspace: 100K(320K)->100K(320K) NonClass: 96K(192K)->96K(192K) Class: 4K(128K)->4K(128K)
[2024-08-27T15:01:13.748+0000][info][gc             ] GC(1195) Pause Young (Mixed) (G1 Evacuation Pause) 931M->829M(1024M) 10.672ms
[2024-08-27T15:01:13.748+0000][info][gc,cpu         ] GC(1195) User=0.24s Sys=0.00s Real=0.00s
[2024-08-27T15:01:13.766+0000][info][gc,start       ] GC(1196) Pause Young (Mixed) (G1 Evacuation Pause)
[2024-08-27T15:01:13.766+0000][info][gc,task        ] GC(1196) Using 24 workers of 68 for evacuation
[2024-08-27T15:01:13.778+0000][info][gc,phases      ] GC(1196)   Pre Evacuate Collection Set: 0.2ms
[2024-08-27T15:01:13.778+0000][info][gc,phases      ] GC(1196)   Merge Heap Roots: 0.4ms
[2024-08-27T15:01:13.778+0000][info][gc,phases      ] GC(1196)   Evacuate Collection Set: 11.2ms
[2024-08-27T15:01:13.778+0000][info][gc,phases      ] GC(1196)   Post Evacuate Collection Set: 0.3ms
[2024-08-27T15:01:13.778+0000][info][gc,phases      ] GC(1196)   Other: 0.3ms
[2024-08-27T15:01:13.778+0000][info][gc,heap        ] GC(1196) Eden regions: 44->0(44)
[2024-08-27T15:01:13.778+0000][info][gc,heap        ] GC(1196) Survivor regions: 7->7(7)
[2024-08-27T15:01:13.778+0000][info][gc,heap        ] GC(1196) Old regions: 817->801
[2024-08-27T15:01:13.778+0000][info][gc,heap        ] GC(1196) Archive regions: 2->2
[2024-08-27T15:01:13.778+0000][info][gc,heap        ] GC(1196) Humongous regions: 5->5
[2024-08-27T15:01:13.778+0000][info][gc,metaspace   ] GC(1196) Metaspace: 100K(320K)->100K(320K) NonClass: 96K(192K)->96K(192K) Class: 4K(128K)->4K(128K)
[2024-08-27T15:01:13.778+0000][info][gc             ] GC(1196) Pause Young (Mixed) (G1 Evacuation Pause) 873M->813M(1024M) 12.403ms
[2024-08-27T15:01:13.778+0000][info][gc,cpu         ] GC(1196) User=0.28s Sys=0.00s Real=0.02s
[2024-08-27T15:01:13.796+0000][info][gc,start       ] GC(1197) Pause Young (Concurrent Start) (G1 Evacuation Pause)
[2024-08-27T15:01:13.796+0000][info][gc,task        ] GC(1197) Using 24 workers of 68 for evacuation
[2024-08-27T15:01:13.807+0000][info][gc,phases      ] GC(1197)   Pre Evacuate Collection Set: 0.2ms
[2024-08-27T15:01:13.807+0000][info][gc,phases      ] GC(1197)   Merge Heap Roots: 0.3ms
[2024-08-27T15:01:13.807+0000][info][gc,phases      ] GC(1197)   Evacuate Collection Set: 9.6ms
[2024-08-27T15:01:13.807+0000][info][gc,phases      ] GC(1197)   Post Evacuate Collection Set: 0.3ms
[2024-08-27T15:01:13.807+0000][info][gc,phases      ] GC(1197)   Other: 0.5ms
[2024-08-27T15:01:13.807+0000][info][gc,heap        ] GC(1197) Eden regions: 44->0(44)
[2024-08-27T15:01:13.807+0000][info][gc,heap        ] GC(1197) Survivor regions: 7->7(7)
[2024-08-27T15:01:13.807+0000][info][gc,heap        ] GC(1197) Old regions: 801->848
[2024-08-27T15:01:13.807+0000][info][gc,heap        ] GC(1197) Archive regions: 2->2
[2024-08-27T15:01:13.807+0000][info][gc,heap        ] GC(1197) Humongous regions: 5->5
[2024-08-27T15:01:13.807+0000][info][gc,metaspace   ] GC(1197) Metaspace: 100K(320K)->100K(320K) NonClass: 96K(192K)->96K(192K) Class: 4K(128K)->4K(128K)
[2024-08-27T15:01:13.807+0000][info][gc             ] GC(1197) Pause Young (Concurrent Start) (G1 Evacuation Pause) 857M->860M(1024M) 11.026ms
[2024-08-27T15:01:13.807+0000][info][gc,cpu         ] GC(1197) User=0.24s Sys=0.00s Real=0.01s
[2024-08-27T15:01:13.807+0000][info][gc             ] GC(1198) Concurrent Mark Cycle
[2024-08-27T15:01:13.807+0000][info][gc,marking     ] GC(1198) Concurrent Clear Claimed Marks
[2024-08-27T15:01:13.807+0000][info][gc,marking     ] GC(1198) Concurrent Clear Claimed Marks 0.011ms
[2024-08-27T15:01:13.807+0000][info][gc,marking     ] GC(1198) Concurrent Scan Root Regions
[2024-08-27T15:01:13.808+0000][info][gc,marking     ] GC(1198) Concurrent Scan Root Regions 1.417ms
[2024-08-27T15:01:13.808+0000][info][gc,marking     ] GC(1198) Concurrent Mark
[2024-08-27T15:01:13.808+0000][info][gc,marking     ] GC(1198) Concurrent Mark From Roots
[2024-08-27T15:01:13.808+0000][info][gc,task        ] GC(1198) Using 17 workers of 17 for marking
[2024-08-27T15:01:13.828+0000][info][gc,marking     ] GC(1198) Concurrent Mark From Roots 19.318ms
[2024-08-27T15:01:13.828+0000][info][gc,marking     ] GC(1198) Concurrent Preclean
[2024-08-27T15:01:13.829+0000][info][gc,marking     ] GC(1198) Concurrent Preclean 1.055ms
[2024-08-27T15:01:13.829+0000][info][gc,start       ] GC(1198) Pause Remark
[2024-08-27T15:01:13.831+0000][info][gc             ] GC(1198) Pause Remark 889M->854M(1024M) 1.314ms
[2024-08-27T15:01:13.831+0000][info][gc,cpu         ] GC(1198) User=0.00s Sys=0.01s Real=0.01s
[2024-08-27T15:01:13.831+0000][info][gc,marking     ] GC(1198) Concurrent Mark 22.256ms
[2024-08-27T15:01:13.831+0000][info][gc,marking     ] GC(1198) Concurrent Rebuild Remembered Sets
[2024-08-27T15:01:13.844+0000][info][gc,start       ] GC(1199) Pause Young (Normal) (G1 Evacuation Pause)
[2024-08-27T15:01:13.844+0000][info][gc,task        ] GC(1199) Using 24 workers of 68 for evacuation
[2024-08-27T15:01:13.854+0000][info][gc,phases      ] GC(1199)   Pre Evacuate Collection Set: 0.1ms
[2024-08-27T15:01:13.854+0000][info][gc,phases      ] GC(1199)   Merge Heap Roots: 0.3ms
[2024-08-27T15:01:13.854+0000][info][gc,phases      ] GC(1199)   Evacuate Collection Set: 9.1ms
[2024-08-27T15:01:13.854+0000][info][gc,phases      ] GC(1199)   Post Evacuate Collection Set: 0.5ms
[2024-08-27T15:01:13.854+0000][info][gc,phases      ] GC(1199)   Other: 0.2ms
[2024-08-27T15:01:13.854+0000][info][gc,heap        ] GC(1199) Eden regions: 44->0(44)
[2024-08-27T15:01:13.854+0000][info][gc,heap        ] GC(1199) Survivor regions: 7->7(7)
[2024-08-27T15:01:13.854+0000][info][gc,heap        ] GC(1199) Old regions: 813->861
[2024-08-27T15:01:13.854+0000][info][gc,heap        ] GC(1199) Archive regions: 2->2
[2024-08-27T15:01:13.854+0000][info][gc,heap        ] GC(1199) Humongous regions: 5->5
[2024-08-27T15:01:13.854+0000][info][gc,metaspace   ] GC(1199) Metaspace: 100K(320K)->100K(320K) NonClass: 96K(192K)->96K(192K) Class: 4K(128K)->4K(128K)
[2024-08-27T15:01:13.854+0000][info][gc             ] GC(1199) Pause Young (Normal) (G1 Evacuation Pause) 869M->873M(1024M) 10.350ms
[2024-08-27T15:01:13.854+0000][info][gc,cpu         ] GC(1199) User=0.23s Sys=0.00s Real=0.01s
[2024-08-27T15:01:13.885+0000][info][gc,start       ] GC(1200) Pause Young (Normal) (G1 Evacuation Pause)
[2024-08-27T15:01:13.885+0000][info][gc,task        ] GC(1200) Using 24 workers of 68 for evacuation
[2024-08-27T15:01:13.899+0000][info][gc,phases      ] GC(1200)   Pre Evacuate Collection Set: 0.2ms
[2024-08-27T15:01:13.899+0000][info][gc,phases      ] GC(1200)   Merge Heap Roots: 0.4ms
[2024-08-27T15:01:13.899+0000][info][gc,phases      ] GC(1200)   Evacuate Collection Set: 12.4ms
[2024-08-27T15:01:13.899+0000][info][gc,phases      ] GC(1200)   Post Evacuate Collection Set: 0.5ms
[2024-08-27T15:01:13.899+0000][info][gc,phases      ] GC(1200)   Other: 0.3ms
[2024-08-27T15:01:13.899+0000][info][gc,heap        ] GC(1200) Eden regions: 44->0(44)
[2024-08-27T15:01:13.899+0000][info][gc,heap        ] GC(1200) Survivor regions: 7->7(7)
[2024-08-27T15:01:13.899+0000][info][gc,heap        ] GC(1200) Old regions: 861->907
[2024-08-27T15:01:13.899+0000][info][gc,heap        ] GC(1200) Archive regions: 2->2
[2024-08-27T15:01:13.899+0000][info][gc,heap        ] GC(1200) Humongous regions: 5->5
[2024-08-27T15:01:13.899+0000][info][gc,metaspace   ] GC(1200) Metaspace: 100K(320K)->100K(320K) NonClass: 96K(192K)->96K(192K) Class: 4K(128K)->4K(128K)
[2024-08-27T15:01:13.899+0000][info][gc             ] GC(1200) Pause Young (Normal) (G1 Evacuation Pause) 917M->919M(1024M) 13.954ms
[2024-08-27T15:01:13.899+0000][info][gc,cpu         ] GC(1200) User=0.31s Sys=0.00s Real=0.02s
[2024-08-27T15:01:13.911+0000][info][gc,marking     ] GC(1198) Concurrent Rebuild Remembered Sets 80.443ms
[2024-08-27T15:01:13.911+0000][info][gc,start       ] GC(1198) Pause Cleanup
[2024-08-27T15:01:13.915+0000][info][gc             ] GC(1198) Pause Cleanup 935M->935M(1024M) 3.074ms
[2024-08-27T15:01:13.915+0000][info][gc,cpu         ] GC(1198) User=0.00s Sys=0.00s Real=0.00s
[2024-08-27T15:01:13.915+0000][info][gc,marking     ] GC(1198) Concurrent Cleanup for Next Mark
[2024-08-27T15:01:13.915+0000][info][gc,marking     ] GC(1198) Concurrent Cleanup for Next Mark 0.620ms
[2024-08-27T15:01:13.915+0000][info][gc             ] GC(1198) Concurrent Mark Cycle 108.475ms
[2024-08-27T15:01:13.928+0000][info][gc,start       ] GC(1201) Pause Young (Prepare Mixed) (G1 Evacuation Pause)
[2024-08-27T15:01:13.928+0000][info][gc,task        ] GC(1201) Using 24 workers of 68 for evacuation
[2024-08-27T15:01:13.944+0000][info][gc,phases      ] GC(1201)   Pre Evacuate Collection Set: 0.2ms
[2024-08-27T15:01:13.944+0000][info][gc,phases      ] GC(1201)   Merge Heap Roots: 0.5ms
[2024-08-27T15:01:13.944+0000][info][gc,phases      ] GC(1201)   Evacuate Collection Set: 14.1ms
[2024-08-27T15:01:13.944+0000][info][gc,phases      ] GC(1201)   Post Evacuate Collection Set: 0.3ms
[2024-08-27T15:01:13.944+0000][info][gc,phases      ] GC(1201)   Other: 0.3ms
[2024-08-27T15:01:13.944+0000][info][gc,heap        ] GC(1201) Eden regions: 44->0(44)
[2024-08-27T15:01:13.944+0000][info][gc,heap        ] GC(1201) Survivor regions: 7->7(7)
[2024-08-27T15:01:13.944+0000][info][gc,heap        ] GC(1201) Old regions: 907->954
[2024-08-27T15:01:13.944+0000][info][gc,heap        ] GC(1201) Archive regions: 2->2
[2024-08-27T15:01:13.944+0000][info][gc,heap        ] GC(1201) Humongous regions: 5->5
[2024-08-27T15:01:13.944+0000][info][gc,metaspace   ] GC(1201) Metaspace: 100K(320K)->100K(320K) NonClass: 96K(192K)->96K(192K) Class: 4K(128K)->4K(128K)
[2024-08-27T15:01:13.944+0000][info][gc             ] GC(1201) Pause Young (Prepare Mixed) (G1 Evacuation Pause) 963M->966M(1024M) 15.542ms
[2024-08-27T15:01:13.944+0000][info][gc,cpu         ] GC(1201) User=0.35s Sys=0.00s Real=0.02s
[2024-08-27T15:01:13.954+0000][info][gc,start       ] GC(1202) Pause Young (Mixed) (G1 Preventive Collection)
[2024-08-27T15:01:13.954+0000][info][gc,task        ] GC(1202) Using 24 workers of 68 for evacuation
[2024-08-27T15:01:13.962+0000][info][gc,phases      ] GC(1202)   Pre Evacuate Collection Set: 0.2ms
[2024-08-27T15:01:13.962+0000][info][gc,phases      ] GC(1202)   Merge Heap Roots: 0.3ms
[2024-08-27T15:01:13.962+0000][info][gc,phases      ] GC(1202)   Evacuate Collection Set: 6.6ms
[2024-08-27T15:01:13.962+0000][info][gc,phases      ] GC(1202)   Post Evacuate Collection Set: 0.4ms
[2024-08-27T15:01:13.962+0000][info][gc,phases      ] GC(1202)   Other: 0.3ms
[2024-08-27T15:01:13.962+0000][info][gc,heap        ] GC(1202) Eden regions: 22->0(44)
[2024-08-27T15:01:13.962+0000][info][gc,heap        ] GC(1202) Survivor regions: 7->7(7)
[2024-08-27T15:01:13.962+0000][info][gc,heap        ] GC(1202) Old regions: 954->876
[2024-08-27T15:01:13.962+0000][info][gc,heap        ] GC(1202) Archive regions: 2->2
[2024-08-27T15:01:13.962+0000][info][gc,heap        ] GC(1202) Humongous regions: 5->5
[2024-08-27T15:01:13.962+0000][info][gc,metaspace   ] GC(1202) Metaspace: 100K(320K)->100K(320K) NonClass: 96K(192K)->96K(192K) Class: 4K(128K)->4K(128K)
[2024-08-27T15:01:13.962+0000][info][gc             ] GC(1202) Pause Young (Mixed) (G1 Preventive Collection) 988M->888M(1024M) 8.005ms
[2024-08-27T15:01:13.962+0000][info][gc,cpu         ] GC(1202) User=0.15s Sys=0.01s Real=0.01s
[2024-08-27T15:01:13.981+0000][info][gc,start       ] GC(1203) Pause Young (Mixed) (G1 Evacuation Pause)
[2024-08-27T15:01:13.981+0000][info][gc,task        ] GC(1203) Using 24 workers of 68 for evacuation
[2024-08-27T15:01:13.992+0000][info][gc,phases      ] GC(1203)   Pre Evacuate Collection Set: 0.2ms
[2024-08-27T15:01:13.992+0000][info][gc,phases      ] GC(1203)   Merge Heap Roots: 0.4ms
[2024-08-27T15:01:13.992+0000][info][gc,phases      ] GC(1203)   Evacuate Collection Set: 10.2ms
[2024-08-27T15:01:13.992+0000][info][gc,phases      ] GC(1203)   Post Evacuate Collection Set: 0.4ms
[2024-08-27T15:01:13.992+0000][info][gc,phases      ] GC(1203)   Other: 0.3ms
[2024-08-27T15:01:13.992+0000][info][gc,heap        ] GC(1203) Eden regions: 44->0(44)
[2024-08-27T15:01:13.992+0000][info][gc,heap        ] GC(1203) Survivor regions: 7->7(7)
[2024-08-27T15:01:13.992+0000][info][gc,heap        ] GC(1203) Old regions: 876->818
[2024-08-27T15:01:13.992+0000][info][gc,heap        ] GC(1203) Archive regions: 2->2
[2024-08-27T15:01:13.992+0000][info][gc,heap        ] GC(1203) Humongous regions: 5->5
[2024-08-27T15:01:13.992+0000][info][gc,metaspace   ] GC(1203) Metaspace: 100K(320K)->100K(320K) NonClass: 96K(192K)->96K(192K) Class: 4K(128K)->4K(128K)
[2024-08-27T15:01:13.992+0000][info][gc             ] GC(1203) Pause Young (Mixed) (G1 Evacuation Pause) 932M->830M(1024M) 11.713ms
[2024-08-27T15:01:13.992+0000][info][gc,cpu         ] GC(1203) User=0.26s Sys=0.00s Real=0.01s
[2024-08-27T15:01:14.011+0000][info][gc,start       ] GC(1204) Pause Young (Mixed) (G1 Evacuation Pause)
[2024-08-27T15:01:14.011+0000][info][gc,task        ] GC(1204) Using 24 workers of 68 for evacuation
[2024-08-27T15:01:14.022+0000][info][gc,phases      ] GC(1204)   Pre Evacuate Collection Set: 0.2ms
[2024-08-27T15:01:14.023+0000][info][gc,phases      ] GC(1204)   Merge Heap Roots: 0.4ms
[2024-08-27T15:01:14.023+0000][info][gc,phases      ] GC(1204)   Evacuate Collection Set: 10.7ms
[2024-08-27T15:01:14.023+0000][info][gc,phases      ] GC(1204)   Post Evacuate Collection Set: 0.4ms
[2024-08-27T15:01:14.023+0000][info][gc,phases      ] GC(1204)   Other: 0.3ms
[2024-08-27T15:01:14.023+0000][info][gc,heap        ] GC(1204) Eden regions: 44->0(44)
[2024-08-27T15:01:14.023+0000][info][gc,heap        ] GC(1204) Survivor regions: 7->7(7)
[2024-08-27T15:01:14.023+0000][info][gc,heap        ] GC(1204) Old regions: 818->768
[2024-08-27T15:01:14.023+0000][info][gc,heap        ] GC(1204) Archive regions: 2->2
[2024-08-27T15:01:14.023+0000][info][gc,heap        ] GC(1204) Humongous regions: 5->5
[2024-08-27T15:01:14.023+0000][info][gc,metaspace   ] GC(1204) Metaspace: 100K(320K)->100K(320K) NonClass: 96K(192K)->96K(192K) Class: 4K(128K)->4K(128K)
[2024-08-27T15:01:14.023+0000][info][gc             ] GC(1204) Pause Young (Mixed) (G1 Evacuation Pause) 874M->780M(1024M) 12.153ms
[2024-08-27T15:01:14.023+0000][info][gc,cpu         ] GC(1204) User=0.26s Sys=0.00s Real=0.01s
[2024-08-27T15:01:14.041+0000][info][gc,start       ] GC(1205) Pause Young (Mixed) (G1 Evacuation Pause)
[2024-08-27T15:01:14.041+0000][info][gc,task        ] GC(1205) Using 24 workers of 68 for evacuation
[2024-08-27T15:01:14.052+0000][info][gc,phases      ] GC(1205)   Pre Evacuate Collection Set: 0.2ms
[2024-08-27T15:01:14.052+0000][info][gc,phases      ] GC(1205)   Merge Heap Roots: 0.3ms
[2024-08-27T15:01:14.052+0000][info][gc,phases      ] GC(1205)   Evacuate Collection Set: 10.4ms
[2024-08-27T15:01:14.052+0000][info][gc,phases      ] GC(1205)   Post Evacuate Collection Set: 0.3ms
[2024-08-27T15:01:14.052+0000][info][gc,phases      ] GC(1205)   Other: 0.3ms
[2024-08-27T15:01:14.052+0000][info][gc,heap        ] GC(1205) Eden regions: 44->0(44)
[2024-08-27T15:01:14.052+0000][info][gc,heap        ] GC(1205) Survivor regions: 7->7(7)
[2024-08-27T15:01:14.052+0000][info][gc,heap        ] GC(1205) Old regions: 768->795
[2024-08-27T15:01:14.052+0000][info][gc,heap        ] GC(1205) Archive regions: 2->2
[2024-08-27T15:01:14.052+0000][info][gc,heap        ] GC(1205) Humongous regions: 5->5
[2024-08-27T15:01:14.052+0000][info][gc,metaspace   ] GC(1205) Metaspace: 100K(320K)->100K(320K) NonClass: 96K(192K)->96K(192K) Class: 4K(128K)->4K(128K)
[2024-08-27T15:01:14.052+0000][info][gc             ] GC(1205) Pause Young (Mixed) (G1 Evacuation Pause) 824M->807M(1024M) 11.691ms
[2024-08-27T15:01:14.052+0000][info][gc,cpu         ] GC(1205) User=0.25s Sys=0.00s Real=0.01s
[2024-08-27T15:01:14.070+0000][info][gc,start       ] GC(1206) Pause Young (Concurrent Start) (G1 Evacuation Pause)
[2024-08-27T15:01:14.070+0000][info][gc,task        ] GC(1206) Using 24 workers of 68 for evacuation
[2024-08-27T15:01:14.081+0000][info][gc,phases      ] GC(1206)   Pre Evacuate Collection Set: 0.2ms
[2024-08-27T15:01:14.081+0000][info][gc,phases      ] GC(1206)   Merge Heap Roots: 0.3ms
[2024-08-27T15:01:14.081+0000][info][gc,phases      ] GC(1206)   Evacuate Collection Set: 9.1ms
[2024-08-27T15:01:14.081+0000][info][gc,phases      ] GC(1206)   Post Evacuate Collection Set: 0.3ms
[2024-08-27T15:01:14.081+0000][info][gc,phases      ] GC(1206)   Other: 1.0ms
[2024-08-27T15:01:14.081+0000][info][gc,heap        ] GC(1206) Eden regions: 44->0(44)
[2024-08-27T15:01:14.081+0000][info][gc,heap        ] GC(1206) Survivor regions: 7->7(7)
[2024-08-27T15:01:14.081+0000][info][gc,heap        ] GC(1206) Old regions: 795->842
[2024-08-27T15:01:14.081+0000][info][gc,heap        ] GC(1206) Archive regions: 2->2
[2024-08-27T15:01:14.081+0000][info][gc,heap        ] GC(1206) Humongous regions: 5->5
[2024-08-27T15:01:14.081+0000][info][gc,metaspace   ] GC(1206) Metaspace: 100K(320K)->100K(320K) NonClass: 96K(192K)->96K(192K) Class: 4K(128K)->4K(128K)
[2024-08-27T15:01:14.081+0000][info][gc             ] GC(1206) Pause Young (Concurrent Start) (G1 Evacuation Pause) 851M->854M(1024M) 11.104ms
[2024-08-27T15:01:14.081+0000][info][gc,cpu         ] GC(1206) User=0.23s Sys=0.00s Real=0.01s
[2024-08-27T15:01:14.081+0000][info][gc             ] GC(1207) Concurrent Mark Cycle
[2024-08-27T15:01:14.081+0000][info][gc,marking     ] GC(1207) Concurrent Clear Claimed Marks
[2024-08-27T15:01:14.081+0000][info][gc,marking     ] GC(1207) Concurrent Clear Claimed Marks 0.011ms
[2024-08-27T15:01:14.081+0000][info][gc,marking     ] GC(1207) Concurrent Scan Root Regions
[2024-08-27T15:01:14.083+0000][info][gc,marking     ] GC(1207) Concurrent Scan Root Regions 1.435ms
[2024-08-27T15:01:14.083+0000][info][gc,marking     ] GC(1207) Concurrent Mark
[2024-08-27T15:01:14.083+0000][info][gc,marking     ] GC(1207) Concurrent Mark From Roots
[2024-08-27T15:01:14.083+0000][info][gc,task        ] GC(1207) Using 17 workers of 17 for marking
[2024-08-27T15:01:14.103+0000][info][gc,marking     ] GC(1207) Concurrent Mark From Roots 20.281ms
[2024-08-27T15:01:14.103+0000][info][gc,marking     ] GC(1207) Concurrent Preclean
[2024-08-27T15:01:14.103+0000][info][gc,marking     ] GC(1207) Concurrent Preclean 0.339ms
[2024-08-27T15:01:14.104+0000][info][gc,start       ] GC(1207) Pause Remark
[2024-08-27T15:01:14.105+0000][info][gc             ] GC(1207) Pause Remark 883M->883M(1024M) 1.627ms
[2024-08-27T15:01:14.105+0000][info][gc,cpu         ] GC(1207) User=0.01s Sys=0.00s Real=0.00s
[2024-08-27T15:01:14.105+0000][info][gc,marking     ] GC(1207) Concurrent Mark 22.751ms
[2024-08-27T15:01:14.105+0000][info][gc,marking     ] GC(1207) Concurrent Rebuild Remembered Sets
[2024-08-27T15:01:14.119+0000][info][gc,start       ] GC(1208) Pause Young (Normal) (G1 Evacuation Pause)
[2024-08-27T15:01:14.119+0000][info][gc,task        ] GC(1208) Using 24 workers of 68 for evacuation
[2024-08-27T15:01:14.130+0000][info][gc,phases      ] GC(1208)   Pre Evacuate Collection Set: 0.2ms
[2024-08-27T15:01:14.130+0000][info][gc,phases      ] GC(1208)   Merge Heap Roots: 0.4ms
[2024-08-27T15:01:14.130+0000][info][gc,phases      ] GC(1208)   Evacuate Collection Set: 10.1ms
[2024-08-27T15:01:14.131+0000][info][gc,phases      ] GC(1208)   Post Evacuate Collection Set: 0.5ms
[2024-08-27T15:01:14.131+0000][info][gc,phases      ] GC(1208)   Other: 0.3ms
[2024-08-27T15:01:14.131+0000][info][gc,heap        ] GC(1208) Eden regions: 44->0(44)
[2024-08-27T15:01:14.131+0000][info][gc,heap        ] GC(1208) Survivor regions: 7->7(7)
[2024-08-27T15:01:14.131+0000][info][gc,heap        ] GC(1208) Old regions: 842->889
[2024-08-27T15:01:14.131+0000][info][gc,heap        ] GC(1208) Archive regions: 2->2
[2024-08-27T15:01:14.131+0000][info][gc,heap        ] GC(1208) Humongous regions: 5->5
[2024-08-27T15:01:14.131+0000][info][gc,metaspace   ] GC(1208) Metaspace: 100K(320K)->100K(320K) NonClass: 96K(192K)->96K(192K) Class: 4K(128K)->4K(128K)
[2024-08-27T15:01:14.131+0000][info][gc             ] GC(1208) Pause Young (Normal) (G1 Evacuation Pause) 898M->901M(1024M) 11.644ms
[2024-08-27T15:01:14.131+0000][info][gc,cpu         ] GC(1208) User=0.25s Sys=0.00s Real=0.01s
[2024-08-27T15:01:14.165+0000][info][gc,start       ] GC(1209) Pause Young (Normal) (G1 Evacuation Pause)
[2024-08-27T15:01:14.165+0000][info][gc,task        ] GC(1209) Using 24 workers of 68 for evacuation
[2024-08-27T15:01:14.180+0000][info][gc,phases      ] GC(1209)   Pre Evacuate Collection Set: 0.2ms
[2024-08-27T15:01:14.180+0000][info][gc,phases      ] GC(1209)   Merge Heap Roots: 0.5ms
[2024-08-27T15:01:14.180+0000][info][gc,phases      ] GC(1209)   Evacuate Collection Set: 13.7ms
[2024-08-27T15:01:14.180+0000][info][gc,phases      ] GC(1209)   Post Evacuate Collection Set: 0.5ms
[2024-08-27T15:01:14.180+0000][info][gc,phases      ] GC(1209)   Other: 0.3ms
[2024-08-27T15:01:14.180+0000][info][gc,heap        ] GC(1209) Eden regions: 44->0(44)
[2024-08-27T15:01:14.180+0000][info][gc,heap        ] GC(1209) Survivor regions: 7->7(7)
[2024-08-27T15:01:14.180+0000][info][gc,heap        ] GC(1209) Old regions: 889->935
[2024-08-27T15:01:14.180+0000][info][gc,heap        ] GC(1209) Archive regions: 2->2
[2024-08-27T15:01:14.180+0000][info][gc,heap        ] GC(1209) Humongous regions: 5->5
[2024-08-27T15:01:14.180+0000][info][gc,metaspace   ] GC(1209) Metaspace: 100K(320K)->100K(320K) NonClass: 96K(192K)->96K(192K) Class: 4K(128K)->4K(128K)
[2024-08-27T15:01:14.180+0000][info][gc             ] GC(1209) Pause Young (Normal) (G1 Evacuation Pause) 945M->947M(1024M) 15.393ms
[2024-08-27T15:01:14.180+0000][info][gc,cpu         ] GC(1209) User=0.34s Sys=0.00s Real=0.02s
[2024-08-27T15:01:14.187+0000][info][gc,marking     ] GC(1207) Concurrent Rebuild Remembered Sets 81.143ms
[2024-08-27T15:01:14.187+0000][info][gc,start       ] GC(1207) Pause Cleanup
[2024-08-27T15:01:14.190+0000][info][gc             ] GC(1207) Pause Cleanup 956M->956M(1024M) 3.215ms
[2024-08-27T15:01:14.190+0000][info][gc,cpu         ] GC(1207) User=0.01s Sys=0.00s Real=0.01s
[2024-08-27T15:01:14.190+0000][info][gc,marking     ] GC(1207) Concurrent Cleanup for Next Mark
[2024-08-27T15:01:14.191+0000][info][gc,marking     ] GC(1207) Concurrent Cleanup for Next Mark 0.605ms
[2024-08-27T15:01:14.191+0000][info][gc             ] GC(1207) Concurrent Mark Cycle 109.873ms
[2024-08-27T15:01:14.201+0000][info][gc,start       ] GC(1210) Pause Young (Prepare Mixed) (G1 Preventive Collection)
[2024-08-27T15:01:14.202+0000][info][gc,task        ] GC(1210) Using 24 workers of 68 for evacuation
[2024-08-27T15:01:14.215+0000][info][gc,phases      ] GC(1210)   Pre Evacuate Collection Set: 0.2ms
[2024-08-27T15:01:14.215+0000][info][gc,phases      ] GC(1210)   Merge Heap Roots: 0.5ms
[2024-08-27T15:01:14.215+0000][info][gc,phases      ] GC(1210)   Evacuate Collection Set: 12.7ms
[2024-08-27T15:01:14.216+0000][info][gc,phases      ] GC(1210)   Post Evacuate Collection Set: 0.4ms
[2024-08-27T15:01:14.216+0000][info][gc,phases      ] GC(1210)   Other: 0.3ms
[2024-08-27T15:01:14.216+0000][info][gc,heap        ] GC(1210) Eden regions: 32->0(44)
[2024-08-27T15:01:14.216+0000][info][gc,heap        ] GC(1210) Survivor regions: 7->7(7)
[2024-08-27T15:01:14.216+0000][info][gc,heap        ] GC(1210) Old regions: 935->970
[2024-08-27T15:01:14.216+0000][info][gc,heap        ] GC(1210) Archive regions: 2->2
[2024-08-27T15:01:14.216+0000][info][gc,heap        ] GC(1210) Humongous regions: 5->5
[2024-08-27T15:01:14.216+0000][info][gc,metaspace   ] GC(1210) Metaspace: 100K(320K)->100K(320K) NonClass: 96K(192K)->96K(192K) Class: 4K(128K)->4K(128K)
[2024-08-27T15:01:14.216+0000][info][gc             ] GC(1210) Pause Young (Prepare Mixed) (G1 Preventive Collection) 979M->982M(1024M) 14.157ms
[2024-08-27T15:01:14.216+0000][info][gc,cpu         ] GC(1210) User=0.31s Sys=0.00s Real=0.01s
[2024-08-27T15:01:14.223+0000][info][gc,start       ] GC(1211) Pause Young (Mixed) (G1 Preventive Collection)
[2024-08-27T15:01:14.223+0000][info][gc,task        ] GC(1211) Using 24 workers of 68 for evacuation
[2024-08-27T15:01:14.229+0000][info][gc,phases      ] GC(1211)   Pre Evacuate Collection Set: 0.2ms
[2024-08-27T15:01:14.229+0000][info][gc,phases      ] GC(1211)   Merge Heap Roots: 0.3ms
[2024-08-27T15:01:14.229+0000][info][gc,phases      ] GC(1211)   Evacuate Collection Set: 4.9ms
[2024-08-27T15:01:14.229+0000][info][gc,phases      ] GC(1211)   Post Evacuate Collection Set: 0.4ms
[2024-08-27T15:01:14.229+0000][info][gc,phases      ] GC(1211)   Other: 0.3ms
[2024-08-27T15:01:14.229+0000][info][gc,heap        ] GC(1211) Eden regions: 15->0(44)
[2024-08-27T15:01:14.229+0000][info][gc,heap        ] GC(1211) Survivor regions: 7->7(7)
[2024-08-27T15:01:14.229+0000][info][gc,heap        ] GC(1211) Old regions: 970->885
[2024-08-27T15:01:14.229+0000][info][gc,heap        ] GC(1211) Archive regions: 2->2
[2024-08-27T15:01:14.229+0000][info][gc,heap        ] GC(1211) Humongous regions: 5->5
[2024-08-27T15:01:14.229+0000][info][gc,metaspace   ] GC(1211) Metaspace: 100K(320K)->100K(320K) NonClass: 96K(192K)->96K(192K) Class: 4K(128K)->4K(128K)
[2024-08-27T15:01:14.229+0000][info][gc             ] GC(1211) Pause Young (Mixed) (G1 Preventive Collection) 997M->897M(1024M) 6.198ms
[2024-08-27T15:01:14.229+0000][info][gc,cpu         ] GC(1211) User=0.12s Sys=0.00s Real=0.00s
[2024-08-27T15:01:14.247+0000][info][gc,start       ] GC(1212) Pause Young (Mixed) (G1 Evacuation Pause)
[2024-08-27T15:01:14.247+0000][info][gc,task        ] GC(1212) Using 24 workers of 68 for evacuation
[2024-08-27T15:01:14.258+0000][info][gc,phases      ] GC(1212)   Pre Evacuate Collection Set: 0.2ms
[2024-08-27T15:01:14.258+0000][info][gc,phases      ] GC(1212)   Merge Heap Roots: 0.4ms
[2024-08-27T15:01:14.258+0000][info][gc,phases      ] GC(1212)   Evacuate Collection Set: 9.4ms
[2024-08-27T15:01:14.258+0000][info][gc,phases      ] GC(1212)   Post Evacuate Collection Set: 0.4ms
[2024-08-27T15:01:14.258+0000][info][gc,phases      ] GC(1212)   Other: 0.3ms
[2024-08-27T15:01:14.258+0000][info][gc,heap        ] GC(1212) Eden regions: 44->0(44)
[2024-08-27T15:01:14.258+0000][info][gc,heap        ] GC(1212) Survivor regions: 7->7(7)
[2024-08-27T15:01:14.258+0000][info][gc,heap        ] GC(1212) Old regions: 885->826
[2024-08-27T15:01:14.258+0000][info][gc,heap        ] GC(1212) Archive regions: 2->2
[2024-08-27T15:01:14.258+0000][info][gc,heap        ] GC(1212) Humongous regions: 5->5
[2024-08-27T15:01:14.258+0000][info][gc,metaspace   ] GC(1212) Metaspace: 100K(320K)->100K(320K) NonClass: 96K(192K)->96K(192K) Class: 4K(128K)->4K(128K)
[2024-08-27T15:01:14.258+0000][info][gc             ] GC(1212) Pause Young (Mixed) (G1 Evacuation Pause) 941M->838M(1024M) 10.878ms
[2024-08-27T15:01:14.258+0000][info][gc,cpu         ] GC(1212) User=0.23s Sys=0.00s Real=0.02s
[2024-08-27T15:01:14.276+0000][info][gc,start       ] GC(1213) Pause Young (Mixed) (G1 Evacuation Pause)
[2024-08-27T15:01:14.276+0000][info][gc,task        ] GC(1213) Using 24 workers of 68 for evacuation
[2024-08-27T15:01:14.288+0000][info][gc,phases      ] GC(1213)   Pre Evacuate Collection Set: 0.2ms
[2024-08-27T15:01:14.288+0000][info][gc,phases      ] GC(1213)   Merge Heap Roots: 0.4ms
[2024-08-27T15:01:14.288+0000][info][gc,phases      ] GC(1213)   Evacuate Collection Set: 9.9ms
[2024-08-27T15:01:14.288+0000][info][gc,phases      ] GC(1213)   Post Evacuate Collection Set: 0.4ms
[2024-08-27T15:01:14.288+0000][info][gc,phases      ] GC(1213)   Other: 0.3ms
[2024-08-27T15:01:14.288+0000][info][gc,heap        ] GC(1213) Eden regions: 44->0(44)
[2024-08-27T15:01:14.288+0000][info][gc,heap        ] GC(1213) Survivor regions: 7->7(7)
[2024-08-27T15:01:14.288+0000][info][gc,heap        ] GC(1213) Old regions: 826->769
[2024-08-27T15:01:14.288+0000][info][gc,heap        ] GC(1213) Archive regions: 2->2
[2024-08-27T15:01:14.288+0000][info][gc,heap        ] GC(1213) Humongous regions: 5->5
[2024-08-27T15:01:14.288+0000][info][gc,metaspace   ] GC(1213) Metaspace: 100K(320K)->100K(320K) NonClass: 96K(192K)->96K(192K) Class: 4K(128K)->4K(128K)
[2024-08-27T15:01:14.288+0000][info][gc             ] GC(1213) Pause Young (Mixed) (G1 Evacuation Pause) 882M->781M(1024M) 11.507ms
[2024-08-27T15:01:14.288+0000][info][gc,cpu         ] GC(1213) User=0.25s Sys=0.00s Real=0.01s
[2024-08-27T15:01:14.306+0000][info][gc,start       ] GC(1214) Pause Young (Mixed) (G1 Evacuation Pause)
[2024-08-27T15:01:14.306+0000][info][gc,task        ] GC(1214) Using 24 workers of 68 for evacuation
[2024-08-27T15:01:14.317+0000][info][gc,phases      ] GC(1214)   Pre Evacuate Collection Set: 0.2ms
[2024-08-27T15:01:14.317+0000][info][gc,phases      ] GC(1214)   Merge Heap Roots: 0.3ms
[2024-08-27T15:01:14.317+0000][info][gc,phases      ] GC(1214)   Evacuate Collection Set: 10.2ms
[2024-08-27T15:01:14.317+0000][info][gc,phases      ] GC(1214)   Post Evacuate Collection Set: 0.4ms
[2024-08-27T15:01:14.317+0000][info][gc,phases      ] GC(1214)   Other: 0.3ms
[2024-08-27T15:01:14.317+0000][info][gc,heap        ] GC(1214) Eden regions: 44->0(44)
[2024-08-27T15:01:14.317+0000][info][gc,heap        ] GC(1214) Survivor regions: 7->7(7)
[2024-08-27T15:01:14.317+0000][info][gc,heap        ] GC(1214) Old regions: 769->773
[2024-08-27T15:01:14.317+0000][info][gc,heap        ] GC(1214) Archive regions: 2->2
[2024-08-27T15:01:14.317+0000][info][gc,heap        ] GC(1214) Humongous regions: 5->5
[2024-08-27T15:01:14.318+0000][info][gc,metaspace   ] GC(1214) Metaspace: 100K(320K)->100K(320K) NonClass: 96K(192K)->96K(192K) Class: 4K(128K)->4K(128K)
[2024-08-27T15:01:14.318+0000][info][gc             ] GC(1214) Pause Young (Mixed) (G1 Evacuation Pause) 825M->785M(1024M) 11.592ms
[2024-08-27T15:01:14.318+0000][info][gc,cpu         ] GC(1214) User=0.25s Sys=0.01s Real=0.02s
[2024-08-27T15:01:14.336+0000][info][gc,start       ] GC(1215) Pause Young (Concurrent Start) (G1 Evacuation Pause)
[2024-08-27T15:01:14.336+0000][info][gc,task        ] GC(1215) Using 24 workers of 68 for evacuation
[2024-08-27T15:01:14.347+0000][info][gc,phases      ] GC(1215)   Pre Evacuate Collection Set: 0.2ms
[2024-08-27T15:01:14.347+0000][info][gc,phases      ] GC(1215)   Merge Heap Roots: 0.4ms
[2024-08-27T15:01:14.347+0000][info][gc,phases      ] GC(1215)   Evacuate Collection Set: 9.5ms
[2024-08-27T15:01:14.347+0000][info][gc,phases      ] GC(1215)   Post Evacuate Collection Set: 0.4ms
[2024-08-27T15:01:14.347+0000][info][gc,phases      ] GC(1215)   Other: 1.0ms
[2024-08-27T15:01:14.347+0000][info][gc,heap        ] GC(1215) Eden regions: 44->0(44)
[2024-08-27T15:01:14.347+0000][info][gc,heap        ] GC(1215) Survivor regions: 7->7(7)
[2024-08-27T15:01:14.347+0000][info][gc,heap        ] GC(1215) Old regions: 773->819
[2024-08-27T15:01:14.347+0000][info][gc,heap        ] GC(1215) Archive regions: 2->2
[2024-08-27T15:01:14.347+0000][info][gc,heap        ] GC(1215) Humongous regions: 5->5
[2024-08-27T15:01:14.347+0000][info][gc,metaspace   ] GC(1215) Metaspace: 100K(320K)->100K(320K) NonClass: 96K(192K)->96K(192K) Class: 4K(128K)->4K(128K)
[2024-08-27T15:01:14.347+0000][info][gc             ] GC(1215) Pause Young (Concurrent Start) (G1 Evacuation Pause) 829M->831M(1024M) 11.537ms
[2024-08-27T15:01:14.347+0000][info][gc,cpu         ] GC(1215) User=0.23s Sys=0.00s Real=0.01s
[2024-08-27T15:01:14.347+0000][info][gc             ] GC(1216) Concurrent Mark Cycle
[2024-08-27T15:01:14.347+0000][info][gc,marking     ] GC(1216) Concurrent Clear Claimed Marks
[2024-08-27T15:01:14.347+0000][info][gc,marking     ] GC(1216) Concurrent Clear Claimed Marks 0.011ms
[2024-08-27T15:01:14.347+0000][info][gc,marking     ] GC(1216) Concurrent Scan Root Regions
[2024-08-27T15:01:14.349+0000][info][gc,marking     ] GC(1216) Concurrent Scan Root Regions 1.426ms
[2024-08-27T15:01:14.349+0000][info][gc,marking     ] GC(1216) Concurrent Mark
[2024-08-27T15:01:14.349+0000][info][gc,marking     ] GC(1216) Concurrent Mark From Roots
[2024-08-27T15:01:14.349+0000][info][gc,task        ] GC(1216) Using 17 workers of 17 for marking
[2024-08-27T15:01:14.368+0000][info][gc,marking     ] GC(1216) Concurrent Mark From Roots 19.375ms
[2024-08-27T15:01:14.368+0000][info][gc,marking     ] GC(1216) Concurrent Preclean
[2024-08-27T15:01:14.369+0000][info][gc,marking     ] GC(1216) Concurrent Preclean 1.234ms
[2024-08-27T15:01:14.370+0000][info][gc,start       ] GC(1216) Pause Remark
[2024-08-27T15:01:14.371+0000][info][gc             ] GC(1216) Pause Remark 859M->859M(1024M) 1.140ms
[2024-08-27T15:01:14.371+0000][info][gc,cpu         ] GC(1216) User=0.00s Sys=0.00s Real=0.00s
[2024-08-27T15:01:14.371+0000][info][gc,marking     ] GC(1216) Concurrent Mark 22.136ms
[2024-08-27T15:01:14.371+0000][info][gc,marking     ] GC(1216) Concurrent Rebuild Remembered Sets
[2024-08-27T15:01:14.383+0000][info][gc,start       ] GC(1217) Pause Young (Normal) (G1 Evacuation Pause)
[2024-08-27T15:01:14.383+0000][info][gc,task        ] GC(1217) Using 24 workers of 68 for evacuation
[2024-08-27T15:01:14.393+0000][info][gc,phases      ] GC(1217)   Pre Evacuate Collection Set: 0.2ms
[2024-08-27T15:01:14.394+0000][info][gc,phases      ] GC(1217)   Merge Heap Roots: 0.3ms
[2024-08-27T15:01:14.394+0000][info][gc,phases      ] GC(1217)   Evacuate Collection Set: 9.2ms
[2024-08-27T15:01:14.394+0000][info][gc,phases      ] GC(1217)   Post Evacuate Collection Set: 0.4ms
[2024-08-27T15:01:14.394+0000][info][gc,phases      ] GC(1217)   Other: 0.3ms
[2024-08-27T15:01:14.394+0000][info][gc,heap        ] GC(1217) Eden regions: 44->0(44)
[2024-08-27T15:01:14.394+0000][info][gc,heap        ] GC(1217) Survivor regions: 7->7(7)
[2024-08-27T15:01:14.394+0000][info][gc,heap        ] GC(1217) Old regions: 819->866
[2024-08-27T15:01:14.394+0000][info][gc,heap        ] GC(1217) Archive regions: 2->2
[2024-08-27T15:01:14.394+0000][info][gc,heap        ] GC(1217) Humongous regions: 5->5
[2024-08-27T15:01:14.394+0000][info][gc,metaspace   ] GC(1217) Metaspace: 100K(320K)->100K(320K) NonClass: 96K(192K)->96K(192K) Class: 4K(128K)->4K(128K)
[2024-08-27T15:01:14.394+0000][info][gc             ] GC(1217) Pause Young (Normal) (G1 Evacuation Pause) 875M->878M(1024M) 10.693ms
[2024-08-27T15:01:14.394+0000][info][gc,cpu         ] GC(1217) User=0.22s Sys=0.00s Real=0.01s
[2024-08-27T15:01:14.427+0000][info][gc,start       ] GC(1218) Pause Young (Normal) (G1 Evacuation Pause)
[2024-08-27T15:01:14.427+0000][info][gc,task        ] GC(1218) Using 24 workers of 68 for evacuation
[2024-08-27T15:01:14.440+0000][info][gc,phases      ] GC(1218)   Pre Evacuate Collection Set: 0.2ms
[2024-08-27T15:01:14.440+0000][info][gc,phases      ] GC(1218)   Merge Heap Roots: 0.4ms
[2024-08-27T15:01:14.440+0000][info][gc,phases      ] GC(1218)   Evacuate Collection Set: 12.3ms
[2024-08-27T15:01:14.440+0000][info][gc,phases      ] GC(1218)   Post Evacuate Collection Set: 0.5ms
[2024-08-27T15:01:14.440+0000][info][gc,phases      ] GC(1218)   Other: 0.3ms
[2024-08-27T15:01:14.440+0000][info][gc,heap        ] GC(1218) Eden regions: 44->0(44)
[2024-08-27T15:01:14.440+0000][info][gc,heap        ] GC(1218) Survivor regions: 7->7(7)
[2024-08-27T15:01:14.440+0000][info][gc,heap        ] GC(1218) Old regions: 866->914
[2024-08-27T15:01:14.440+0000][info][gc,heap        ] GC(1218) Archive regions: 2->2
[2024-08-27T15:01:14.440+0000][info][gc,heap        ] GC(1218) Humongous regions: 5->5
[2024-08-27T15:01:14.440+0000][info][gc,metaspace   ] GC(1218) Metaspace: 100K(320K)->100K(320K) NonClass: 96K(192K)->96K(192K) Class: 4K(128K)->4K(128K)
[2024-08-27T15:01:14.440+0000][info][gc             ] GC(1218) Pause Young (Normal) (G1 Evacuation Pause) 922M->926M(1024M) 13.979ms
[2024-08-27T15:01:14.441+0000][info][gc,cpu         ] GC(1218) User=0.31s Sys=0.00s Real=0.02s
[2024-08-27T15:01:14.455+0000][info][gc,marking     ] GC(1216) Concurrent Rebuild Remembered Sets 83.742ms
[2024-08-27T15:01:14.455+0000][info][gc,start       ] GC(1216) Pause Cleanup
[2024-08-27T15:01:14.458+0000][info][gc             ] GC(1216) Pause Cleanup 946M->946M(1024M) 3.005ms
[2024-08-27T15:01:14.458+0000][info][gc,cpu         ] GC(1216) User=0.00s Sys=0.00s Real=0.01s
[2024-08-27T15:01:14.458+0000][info][gc,marking     ] GC(1216) Concurrent Cleanup for Next Mark
[2024-08-27T15:01:14.459+0000][info][gc,marking     ] GC(1216) Concurrent Cleanup for Next Mark 0.650ms
[2024-08-27T15:01:14.459+0000][info][gc             ] GC(1216) Concurrent Mark Cycle 111.609ms
[2024-08-27T15:01:14.469+0000][info][gc,start       ] GC(1219) Pause Young (Prepare Mixed) (G1 Preventive Collection)
[2024-08-27T15:01:14.469+0000][info][gc,task        ] GC(1219) Using 24 workers of 68 for evacuation
[2024-08-27T15:01:14.484+0000][info][gc,phases      ] GC(1219)   Pre Evacuate Collection Set: 0.2ms
[2024-08-27T15:01:14.484+0000][info][gc,phases      ] GC(1219)   Merge Heap Roots: 0.6ms
[2024-08-27T15:01:14.484+0000][info][gc,phases      ] GC(1219)   Evacuate Collection Set: 13.8ms
[2024-08-27T15:01:14.484+0000][info][gc,phases      ] GC(1219)   Post Evacuate Collection Set: 0.3ms
[2024-08-27T15:01:14.484+0000][info][gc,phases      ] GC(1219)   Other: 0.3ms
[2024-08-27T15:01:14.484+0000][info][gc,heap        ] GC(1219) Eden regions: 42->0(44)
[2024-08-27T15:01:14.484+0000][info][gc,heap        ] GC(1219) Survivor regions: 7->7(7)
[2024-08-27T15:01:14.484+0000][info][gc,heap        ] GC(1219) Old regions: 914->959
[2024-08-27T15:01:14.484+0000][info][gc,heap        ] GC(1219) Archive regions: 2->2
[2024-08-27T15:01:14.484+0000][info][gc,heap        ] GC(1219) Humongous regions: 5->5
[2024-08-27T15:01:14.484+0000][info][gc,metaspace   ] GC(1219) Metaspace: 100K(320K)->100K(320K) NonClass: 96K(192K)->96K(192K) Class: 4K(128K)->4K(128K)
[2024-08-27T15:01:14.484+0000][info][gc             ] GC(1219) Pause Young (Prepare Mixed) (G1 Preventive Collection) 968M->971M(1024M) 15.449ms
[2024-08-27T15:01:14.484+0000][info][gc,cpu         ] GC(1219) User=0.35s Sys=0.00s Real=0.02s
[2024-08-27T15:01:14.493+0000][info][gc,start       ] GC(1220) Pause Young (Mixed) (G1 Preventive Collection)
[2024-08-27T15:01:14.493+0000][info][gc,task        ] GC(1220) Using 24 workers of 68 for evacuation
[2024-08-27T15:01:14.501+0000][info][gc,phases      ] GC(1220)   Pre Evacuate Collection Set: 0.3ms
[2024-08-27T15:01:14.501+0000][info][gc,phases      ] GC(1220)   Merge Heap Roots: 0.3ms
[2024-08-27T15:01:14.501+0000][info][gc,phases      ] GC(1220)   Evacuate Collection Set: 6.0ms
[2024-08-27T15:01:14.501+0000][info][gc,phases      ] GC(1220)   Post Evacuate Collection Set: 0.4ms
[2024-08-27T15:01:14.501+0000][info][gc,phases      ] GC(1220)   Other: 0.3ms
[2024-08-27T15:01:14.501+0000][info][gc,heap        ] GC(1220) Eden regions: 20->0(44)
[2024-08-27T15:01:14.501+0000][info][gc,heap        ] GC(1220) Survivor regions: 7->7(7)
[2024-08-27T15:01:14.501+0000][info][gc,heap        ] GC(1220) Old regions: 959->879
[2024-08-27T15:01:14.501+0000][info][gc,heap        ] GC(1220) Archive regions: 2->2
[2024-08-27T15:01:14.501+0000][info][gc,heap        ] GC(1220) Humongous regions: 5->5
[2024-08-27T15:01:14.501+0000][info][gc,metaspace   ] GC(1220) Metaspace: 100K(320K)->100K(320K) NonClass: 96K(192K)->96K(192K) Class: 4K(128K)->4K(128K)
[2024-08-27T15:01:14.501+0000][info][gc             ] GC(1220) Pause Young (Mixed) (G1 Preventive Collection) 991M->891M(1024M) 7.591ms
[2024-08-27T15:01:14.501+0000][info][gc,cpu         ] GC(1220) User=0.15s Sys=0.00s Real=0.01s
[2024-08-27T15:01:14.520+0000][info][gc,start       ] GC(1221) Pause Young (Mixed) (G1 Evacuation Pause)
[2024-08-27T15:01:14.520+0000][info][gc,task        ] GC(1221) Using 24 workers of 68 for evacuation
[2024-08-27T15:01:14.531+0000][info][gc,phases      ] GC(1221)   Pre Evacuate Collection Set: 0.3ms
[2024-08-27T15:01:14.531+0000][info][gc,phases      ] GC(1221)   Merge Heap Roots: 0.4ms
[2024-08-27T15:01:14.531+0000][info][gc,phases      ] GC(1221)   Evacuate Collection Set: 10.0ms
[2024-08-27T15:01:14.531+0000][info][gc,phases      ] GC(1221)   Post Evacuate Collection Set: 0.4ms
[2024-08-27T15:01:14.531+0000][info][gc,phases      ] GC(1221)   Other: 0.4ms
[2024-08-27T15:01:14.531+0000][info][gc,heap        ] GC(1221) Eden regions: 44->0(44)
[2024-08-27T15:01:14.531+0000][info][gc,heap        ] GC(1221) Survivor regions: 7->7(7)
[2024-08-27T15:01:14.531+0000][info][gc,heap        ] GC(1221) Old regions: 879->821
[2024-08-27T15:01:14.531+0000][info][gc,heap        ] GC(1221) Archive regions: 2->2
[2024-08-27T15:01:14.531+0000][info][gc,heap        ] GC(1221) Humongous regions: 5->5
[2024-08-27T15:01:14.531+0000][info][gc,metaspace   ] GC(1221) Metaspace: 100K(320K)->100K(320K) NonClass: 96K(192K)->96K(192K) Class: 4K(128K)->4K(128K)
[2024-08-27T15:01:14.531+0000][info][gc             ] GC(1221) Pause Young (Mixed) (G1 Evacuation Pause) 935M->833M(1024M) 11.726ms
[2024-08-27T15:01:14.531+0000][info][gc,cpu         ] GC(1221) User=0.24s Sys=0.00s Real=0.01s
[2024-08-27T15:01:14.550+0000][info][gc,start       ] GC(1222) Pause Young (Mixed) (G1 Evacuation Pause)
[2024-08-27T15:01:14.550+0000][info][gc,task        ] GC(1222) Using 24 workers of 68 for evacuation
[2024-08-27T15:01:14.561+0000][info][gc,phases      ] GC(1222)   Pre Evacuate Collection Set: 0.3ms
[2024-08-27T15:01:14.561+0000][info][gc,phases      ] GC(1222)   Merge Heap Roots: 0.4ms
[2024-08-27T15:01:14.561+0000][info][gc,phases      ] GC(1222)   Evacuate Collection Set: 9.8ms
[2024-08-27T15:01:14.561+0000][info][gc,phases      ] GC(1222)   Post Evacuate Collection Set: 0.4ms
[2024-08-27T15:01:14.561+0000][info][gc,phases      ] GC(1222)   Other: 0.4ms
[2024-08-27T15:01:14.561+0000][info][gc,heap        ] GC(1222) Eden regions: 44->0(44)
[2024-08-27T15:01:14.561+0000][info][gc,heap        ] GC(1222) Survivor regions: 7->7(7)
[2024-08-27T15:01:14.561+0000][info][gc,heap        ] GC(1222) Old regions: 821->767
[2024-08-27T15:01:14.561+0000][info][gc,heap        ] GC(1222) Archive regions: 2->2
[2024-08-27T15:01:14.561+0000][info][gc,heap        ] GC(1222) Humongous regions: 5->5
[2024-08-27T15:01:14.561+0000][info][gc,metaspace   ] GC(1222) Metaspace: 100K(320K)->100K(320K) NonClass: 96K(192K)->96K(192K) Class: 4K(128K)->4K(128K)
[2024-08-27T15:01:14.562+0000][info][gc             ] GC(1222) Pause Young (Mixed) (G1 Evacuation Pause) 877M->779M(1024M) 11.502ms
[2024-08-27T15:01:14.562+0000][info][gc,cpu         ] GC(1222) User=0.25s Sys=0.00s Real=0.01s
[2024-08-27T15:01:14.579+0000][info][gc,start       ] GC(1223) Pause Young (Mixed) (G1 Evacuation Pause)
[2024-08-27T15:01:14.579+0000][info][gc,task        ] GC(1223) Using 24 workers of 68 for evacuation
[2024-08-27T15:01:14.590+0000][info][gc,phases      ] GC(1223)   Pre Evacuate Collection Set: 0.3ms
[2024-08-27T15:01:14.590+0000][info][gc,phases      ] GC(1223)   Merge Heap Roots: 0.3ms
[2024-08-27T15:01:14.590+0000][info][gc,phases      ] GC(1223)   Evacuate Collection Set: 10.1ms
[2024-08-27T15:01:14.590+0000][info][gc,phases      ] GC(1223)   Post Evacuate Collection Set: 0.3ms
[2024-08-27T15:01:14.590+0000][info][gc,phases      ] GC(1223)   Other: 0.3ms
[2024-08-27T15:01:14.590+0000][info][gc,heap        ] GC(1223) Eden regions: 44->0(44)
[2024-08-27T15:01:14.590+0000][info][gc,heap        ] GC(1223) Survivor regions: 7->7(7)
[2024-08-27T15:01:14.590+0000][info][gc,heap        ] GC(1223) Old regions: 767->791
[2024-08-27T15:01:14.590+0000][info][gc,heap        ] GC(1223) Archive regions: 2->2
[2024-08-27T15:01:14.590+0000][info][gc,heap        ] GC(1223) Humongous regions: 5->5
[2024-08-27T15:01:14.591+0000][info][gc,metaspace   ] GC(1223) Metaspace: 100K(320K)->100K(320K) NonClass: 96K(192K)->96K(192K) Class: 4K(128K)->4K(128K)
[2024-08-27T15:01:14.591+0000][info][gc             ] GC(1223) Pause Young (Mixed) (G1 Evacuation Pause) 823M->803M(1024M) 11.613ms
[2024-08-27T15:01:14.591+0000][info][gc,cpu         ] GC(1223) User=0.24s Sys=0.00s Real=0.01s
[2024-08-27T15:01:14.608+0000][info][gc,start       ] GC(1224) Pause Young (Concurrent Start) (G1 Evacuation Pause)
[2024-08-27T15:01:14.608+0000][info][gc,task        ] GC(1224) Using 24 workers of 68 for evacuation
[2024-08-27T15:01:14.619+0000][info][gc,phases      ] GC(1224)   Pre Evacuate Collection Set: 0.2ms
[2024-08-27T15:01:14.619+0000][info][gc,phases      ] GC(1224)   Merge Heap Roots: 0.4ms
[2024-08-27T15:01:14.619+0000][info][gc,phases      ] GC(1224)   Evacuate Collection Set: 9.0ms
[2024-08-27T15:01:14.619+0000][info][gc,phases      ] GC(1224)   Post Evacuate Collection Set: 0.4ms
[2024-08-27T15:01:14.619+0000][info][gc,phases      ] GC(1224)   Other: 1.1ms
[2024-08-27T15:01:14.619+0000][info][gc,heap        ] GC(1224) Eden regions: 44->0(44)
[2024-08-27T15:01:14.619+0000][info][gc,heap        ] GC(1224) Survivor regions: 7->7(7)
[2024-08-27T15:01:14.619+0000][info][gc,heap        ] GC(1224) Old regions: 791->839
[2024-08-27T15:01:14.619+0000][info][gc,heap        ] GC(1224) Archive regions: 2->2
[2024-08-27T15:01:14.620+0000][info][gc,heap        ] GC(1224) Humongous regions: 5->5
[2024-08-27T15:01:14.620+0000][info][gc,metaspace   ] GC(1224) Metaspace: 100K(320K)->100K(320K) NonClass: 96K(192K)->96K(192K) Class: 4K(128K)->4K(128K)
[2024-08-27T15:01:14.620+0000][info][gc             ] GC(1224) Pause Young (Concurrent Start) (G1 Evacuation Pause) 847M->851M(1024M) 11.297ms
[2024-08-27T15:01:14.620+0000][info][gc,cpu         ] GC(1224) User=0.22s Sys=0.01s Real=0.02s
[2024-08-27T15:01:14.620+0000][info][gc             ] GC(1225) Concurrent Mark Cycle
[2024-08-27T15:01:14.620+0000][info][gc,marking     ] GC(1225) Concurrent Clear Claimed Marks
[2024-08-27T15:01:14.620+0000][info][gc,marking     ] GC(1225) Concurrent Clear Claimed Marks 0.011ms
[2024-08-27T15:01:14.620+0000][info][gc,marking     ] GC(1225) Concurrent Scan Root Regions
[2024-08-27T15:01:14.621+0000][info][gc,marking     ] GC(1225) Concurrent Scan Root Regions 1.354ms
[2024-08-27T15:01:14.621+0000][info][gc,marking     ] GC(1225) Concurrent Mark
[2024-08-27T15:01:14.621+0000][info][gc,marking     ] GC(1225) Concurrent Mark From Roots
[2024-08-27T15:01:14.621+0000][info][gc,task        ] GC(1225) Using 17 workers of 17 for marking
[2024-08-27T15:01:14.641+0000][info][gc,marking     ] GC(1225) Concurrent Mark From Roots 20.305ms
[2024-08-27T15:01:14.642+0000][info][gc,marking     ] GC(1225) Concurrent Preclean
[2024-08-27T15:01:14.642+0000][info][gc,marking     ] GC(1225) Concurrent Preclean 0.319ms
[2024-08-27T15:01:14.642+0000][info][gc,start       ] GC(1225) Pause Remark
[2024-08-27T15:01:14.644+0000][info][gc             ] GC(1225) Pause Remark 879M->879M(1024M) 1.654ms
[2024-08-27T15:01:14.644+0000][info][gc,cpu         ] GC(1225) User=0.00s Sys=0.00s Real=0.00s
[2024-08-27T15:01:14.644+0000][info][gc,marking     ] GC(1225) Concurrent Mark 22.849ms
[2024-08-27T15:01:14.644+0000][info][gc,marking     ] GC(1225) Concurrent Rebuild Remembered Sets
[2024-08-27T15:01:14.656+0000][info][gc,start       ] GC(1226) Pause Young (Normal) (G1 Evacuation Pause)
[2024-08-27T15:01:14.656+0000][info][gc,task        ] GC(1226) Using 24 workers of 68 for evacuation
[2024-08-27T15:01:14.666+0000][info][gc,phases      ] GC(1226)   Pre Evacuate Collection Set: 0.2ms
[2024-08-27T15:01:14.666+0000][info][gc,phases      ] GC(1226)   Merge Heap Roots: 0.4ms
[2024-08-27T15:01:14.666+0000][info][gc,phases      ] GC(1226)   Evacuate Collection Set: 8.8ms
[2024-08-27T15:01:14.666+0000][info][gc,phases      ] GC(1226)   Post Evacuate Collection Set: 0.5ms
[2024-08-27T15:01:14.666+0000][info][gc,phases      ] GC(1226)   Other: 0.3ms
[2024-08-27T15:01:14.666+0000][info][gc,heap        ] GC(1226) Eden regions: 44->0(44)
[2024-08-27T15:01:14.666+0000][info][gc,heap        ] GC(1226) Survivor regions: 7->7(7)
[2024-08-27T15:01:14.666+0000][info][gc,heap        ] GC(1226) Old regions: 839->886
[2024-08-27T15:01:14.666+0000][info][gc,heap        ] GC(1226) Archive regions: 2->2
[2024-08-27T15:01:14.666+0000][info][gc,heap        ] GC(1226) Humongous regions: 5->5
[2024-08-27T15:01:14.666+0000][info][gc,metaspace   ] GC(1226) Metaspace: 100K(320K)->100K(320K) NonClass: 96K(192K)->96K(192K) Class: 4K(128K)->4K(128K)
[2024-08-27T15:01:14.666+0000][info][gc             ] GC(1226) Pause Young (Normal) (G1 Evacuation Pause) 895M->898M(1024M) 10.354ms
[2024-08-27T15:01:14.667+0000][info][gc,cpu         ] GC(1226) User=0.14s Sys=0.08s Real=0.01s
[2024-08-27T15:01:14.700+0000][info][gc,start       ] GC(1227) Pause Young (Normal) (G1 Evacuation Pause)
[2024-08-27T15:01:14.700+0000][info][gc,task        ] GC(1227) Using 24 workers of 68 for evacuation
[2024-08-27T15:01:14.715+0000][info][gc,phases      ] GC(1227)   Pre Evacuate Collection Set: 0.2ms
[2024-08-27T15:01:14.715+0000][info][gc,phases      ] GC(1227)   Merge Heap Roots: 0.4ms
[2024-08-27T15:01:14.715+0000][info][gc,phases      ] GC(1227)   Evacuate Collection Set: 13.4ms
[2024-08-27T15:01:14.715+0000][info][gc,phases      ] GC(1227)   Post Evacuate Collection Set: 0.5ms
[2024-08-27T15:01:14.715+0000][info][gc,phases      ] GC(1227)   Other: 0.4ms
[2024-08-27T15:01:14.715+0000][info][gc,heap        ] GC(1227) Eden regions: 44->0(44)
[2024-08-27T15:01:14.715+0000][info][gc,heap        ] GC(1227) Survivor regions: 7->7(7)
[2024-08-27T15:01:14.715+0000][info][gc,heap        ] GC(1227) Old regions: 886->932
[2024-08-27T15:01:14.715+0000][info][gc,heap        ] GC(1227) Archive regions: 2->2
[2024-08-27T15:01:14.715+0000][info][gc,heap        ] GC(1227) Humongous regions: 5->5
[2024-08-27T15:01:14.715+0000][info][gc,metaspace   ] GC(1227) Metaspace: 100K(320K)->100K(320K) NonClass: 96K(192K)->96K(192K) Class: 4K(128K)->4K(128K)
[2024-08-27T15:01:14.715+0000][info][gc             ] GC(1227) Pause Young (Normal) (G1 Evacuation Pause) 942M->944M(1024M) 15.244ms
[2024-08-27T15:01:14.715+0000][info][gc,cpu         ] GC(1227) User=0.34s Sys=0.00s Real=0.01s
[2024-08-27T15:01:14.727+0000][info][gc,marking     ] GC(1225) Concurrent Rebuild Remembered Sets 83.166ms
[2024-08-27T15:01:14.728+0000][info][gc,start       ] GC(1225) Pause Cleanup
[2024-08-27T15:01:14.731+0000][info][gc             ] GC(1225) Pause Cleanup 959M->959M(1024M) 3.221ms
[2024-08-27T15:01:14.731+0000][info][gc,cpu         ] GC(1225) User=0.01s Sys=0.00s Real=0.01s
[2024-08-27T15:01:14.731+0000][info][gc,marking     ] GC(1225) Concurrent Cleanup for Next Mark
[2024-08-27T15:01:14.732+0000][info][gc,marking     ] GC(1225) Concurrent Cleanup for Next Mark 0.674ms
[2024-08-27T15:01:14.732+0000][info][gc             ] GC(1225) Concurrent Mark Cycle 111.963ms
[2024-08-27T15:01:14.742+0000][info][gc,start       ] GC(1228) Pause Young (Prepare Mixed) (G1 Preventive Collection)
[2024-08-27T15:01:14.742+0000][info][gc,task        ] GC(1228) Using 24 workers of 68 for evacuation
[2024-08-27T15:01:14.756+0000][info][gc,phases      ] GC(1228)   Pre Evacuate Collection Set: 0.3ms
[2024-08-27T15:01:14.756+0000][info][gc,phases      ] GC(1228)   Merge Heap Roots: 0.6ms
[2024-08-27T15:01:14.756+0000][info][gc,phases      ] GC(1228)   Evacuate Collection Set: 13.2ms
[2024-08-27T15:01:14.756+0000][info][gc,phases      ] GC(1228)   Post Evacuate Collection Set: 0.3ms
[2024-08-27T15:01:14.756+0000][info][gc,phases      ] GC(1228)   Other: 0.3ms
[2024-08-27T15:01:14.756+0000][info][gc,heap        ] GC(1228) Eden regions: 34->0(44)
[2024-08-27T15:01:14.757+0000][info][gc,heap        ] GC(1228) Survivor regions: 7->7(7)
[2024-08-27T15:01:14.757+0000][info][gc,heap        ] GC(1228) Old regions: 932->969
[2024-08-27T15:01:14.757+0000][info][gc,heap        ] GC(1228) Archive regions: 2->2
[2024-08-27T15:01:14.757+0000][info][gc,heap        ] GC(1228) Humongous regions: 5->5
[2024-08-27T15:01:14.757+0000][info][gc,metaspace   ] GC(1228) Metaspace: 100K(320K)->100K(320K) NonClass: 96K(192K)->96K(192K) Class: 4K(128K)->4K(128K)
[2024-08-27T15:01:14.757+0000][info][gc             ] GC(1228) Pause Young (Prepare Mixed) (G1 Preventive Collection) 978M->981M(1024M) 14.933ms
[2024-08-27T15:01:14.757+0000][info][gc,cpu         ] GC(1228) User=0.33s Sys=0.00s Real=0.01s
[2024-08-27T15:01:14.764+0000][info][gc,start       ] GC(1229) Pause Young (Mixed) (G1 Preventive Collection)
[2024-08-27T15:01:14.764+0000][info][gc,task        ] GC(1229) Using 24 workers of 68 for evacuation
[2024-08-27T15:01:14.770+0000][info][gc,phases      ] GC(1229)   Pre Evacuate Collection Set: 0.3ms
[2024-08-27T15:01:14.770+0000][info][gc,phases      ] GC(1229)   Merge Heap Roots: 0.3ms
[2024-08-27T15:01:14.770+0000][info][gc,phases      ] GC(1229)   Evacuate Collection Set: 5.2ms
[2024-08-27T15:01:14.770+0000][info][gc,phases      ] GC(1229)   Post Evacuate Collection Set: 0.4ms
[2024-08-27T15:01:14.770+0000][info][gc,phases      ] GC(1229)   Other: 0.3ms
[2024-08-27T15:01:14.770+0000][info][gc,heap        ] GC(1229) Eden regions: 15->0(44)
[2024-08-27T15:01:14.770+0000][info][gc,heap        ] GC(1229) Survivor regions: 7->7(7)
[2024-08-27T15:01:14.770+0000][info][gc,heap        ] GC(1229) Old regions: 969->884
[2024-08-27T15:01:14.770+0000][info][gc,heap        ] GC(1229) Archive regions: 2->2
[2024-08-27T15:01:14.770+0000][info][gc,heap        ] GC(1229) Humongous regions: 5->5
[2024-08-27T15:01:14.771+0000][info][gc,metaspace   ] GC(1229) Metaspace: 100K(320K)->100K(320K) NonClass: 96K(192K)->96K(192K) Class: 4K(128K)->4K(128K)
[2024-08-27T15:01:14.771+0000][info][gc             ] GC(1229) Pause Young (Mixed) (G1 Preventive Collection) 996M->896M(1024M) 6.765ms
[2024-08-27T15:01:14.771+0000][info][gc,cpu         ] GC(1229) User=0.13s Sys=0.00s Real=0.01s
[2024-08-27T15:01:14.789+0000][info][gc,start       ] GC(1230) Pause Young (Mixed) (G1 Evacuation Pause)
[2024-08-27T15:01:14.789+0000][info][gc,task        ] GC(1230) Using 24 workers of 68 for evacuation
[2024-08-27T15:01:14.800+0000][info][gc,phases      ] GC(1230)   Pre Evacuate Collection Set: 0.3ms
[2024-08-27T15:01:14.800+0000][info][gc,phases      ] GC(1230)   Merge Heap Roots: 0.5ms
[2024-08-27T15:01:14.800+0000][info][gc,phases      ] GC(1230)   Evacuate Collection Set: 9.6ms
[2024-08-27T15:01:14.800+0000][info][gc,phases      ] GC(1230)   Post Evacuate Collection Set: 0.4ms
[2024-08-27T15:01:14.800+0000][info][gc,phases      ] GC(1230)   Other: 0.4ms
[2024-08-27T15:01:14.800+0000][info][gc,heap        ] GC(1230) Eden regions: 44->0(44)
[2024-08-27T15:01:14.800+0000][info][gc,heap        ] GC(1230) Survivor regions: 7->7(7)
[2024-08-27T15:01:14.800+0000][info][gc,heap        ] GC(1230) Old regions: 884->826
[2024-08-27T15:01:14.800+0000][info][gc,heap        ] GC(1230) Archive regions: 2->2
[2024-08-27T15:01:14.800+0000][info][gc,heap        ] GC(1230) Humongous regions: 5->5
[2024-08-27T15:01:14.800+0000][info][gc,metaspace   ] GC(1230) Metaspace: 100K(320K)->100K(320K) NonClass: 96K(192K)->96K(192K) Class: 4K(128K)->4K(128K)
[2024-08-27T15:01:14.800+0000][info][gc             ] GC(1230) Pause Young (Mixed) (G1 Evacuation Pause) 940M->838M(1024M) 11.359ms
[2024-08-27T15:01:14.800+0000][info][gc,cpu         ] GC(1230) User=0.24s Sys=0.00s Real=0.02s
[2024-08-27T15:01:14.818+0000][info][gc,start       ] GC(1231) Pause Young (Mixed) (G1 Evacuation Pause)
[2024-08-27T15:01:14.818+0000][info][gc,task        ] GC(1231) Using 24 workers of 68 for evacuation
[2024-08-27T15:01:14.829+0000][info][gc,phases      ] GC(1231)   Pre Evacuate Collection Set: 0.3ms
[2024-08-27T15:01:14.829+0000][info][gc,phases      ] GC(1231)   Merge Heap Roots: 0.4ms
[2024-08-27T15:01:14.829+0000][info][gc,phases      ] GC(1231)   Evacuate Collection Set: 9.5ms
[2024-08-27T15:01:14.829+0000][info][gc,phases      ] GC(1231)   Post Evacuate Collection Set: 0.4ms
[2024-08-27T15:01:14.829+0000][info][gc,phases      ] GC(1231)   Other: 0.4ms
[2024-08-27T15:01:14.829+0000][info][gc,heap        ] GC(1231) Eden regions: 44->0(44)
[2024-08-27T15:01:14.829+0000][info][gc,heap        ] GC(1231) Survivor regions: 7->7(7)
[2024-08-27T15:01:14.829+0000][info][gc,heap        ] GC(1231) Old regions: 826->770
[2024-08-27T15:01:14.829+0000][info][gc,heap        ] GC(1231) Archive regions: 2->2
[2024-08-27T15:01:14.829+0000][info][gc,heap        ] GC(1231) Humongous regions: 5->5
[2024-08-27T15:01:14.829+0000][info][gc,metaspace   ] GC(1231) Metaspace: 100K(320K)->100K(320K) NonClass: 96K(192K)->96K(192K) Class: 4K(128K)->4K(128K)
[2024-08-27T15:01:14.829+0000][info][gc             ] GC(1231) Pause Young (Mixed) (G1 Evacuation Pause) 882M->782M(1024M) 11.234ms
[2024-08-27T15:01:14.830+0000][info][gc,cpu         ] GC(1231) User=0.23s Sys=0.01s Real=0.01s
[2024-08-27T15:01:14.848+0000][info][gc,start       ] GC(1232) Pause Young (Mixed) (G1 Evacuation Pause)
[2024-08-27T15:01:14.848+0000][info][gc,task        ] GC(1232) Using 24 workers of 68 for evacuation
[2024-08-27T15:01:14.859+0000][info][gc,phases      ] GC(1232)   Pre Evacuate Collection Set: 0.3ms
[2024-08-27T15:01:14.859+0000][info][gc,phases      ] GC(1232)   Merge Heap Roots: 0.3ms
[2024-08-27T15:01:14.859+0000][info][gc,phases      ] GC(1232)   Evacuate Collection Set: 9.9ms
[2024-08-27T15:01:14.859+0000][info][gc,phases      ] GC(1232)   Post Evacuate Collection Set: 0.4ms
[2024-08-27T15:01:14.859+0000][info][gc,phases      ] GC(1232)   Other: 0.4ms
[2024-08-27T15:01:14.859+0000][info][gc,heap        ] GC(1232) Eden regions: 44->0(44)
[2024-08-27T15:01:14.859+0000][info][gc,heap        ] GC(1232) Survivor regions: 7->7(7)
[2024-08-27T15:01:14.859+0000][info][gc,heap        ] GC(1232) Old regions: 770->780
[2024-08-27T15:01:14.859+0000][info][gc,heap        ] GC(1232) Archive regions: 2->2
[2024-08-27T15:01:14.859+0000][info][gc,heap        ] GC(1232) Humongous regions: 5->5
[2024-08-27T15:01:14.859+0000][info][gc,metaspace   ] GC(1232) Metaspace: 100K(320K)->100K(320K) NonClass: 96K(192K)->96K(192K) Class: 4K(128K)->4K(128K)
[2024-08-27T15:01:14.860+0000][info][gc             ] GC(1232) Pause Young (Mixed) (G1 Evacuation Pause) 826M->792M(1024M) 11.519ms
[2024-08-27T15:01:14.860+0000][info][gc,cpu         ] GC(1232) User=0.24s Sys=0.00s Real=0.02s
[2024-08-27T15:01:14.878+0000][info][gc,start       ] GC(1233) Pause Young (Concurrent Start) (G1 Evacuation Pause)
[2024-08-27T15:01:14.878+0000][info][gc,task        ] GC(1233) Using 24 workers of 68 for evacuation
[2024-08-27T15:01:14.889+0000][info][gc,phases      ] GC(1233)   Pre Evacuate Collection Set: 0.2ms
[2024-08-27T15:01:14.889+0000][info][gc,phases      ] GC(1233)   Merge Heap Roots: 0.4ms
[2024-08-27T15:01:14.889+0000][info][gc,phases      ] GC(1233)   Evacuate Collection Set: 9.4ms
[2024-08-27T15:01:14.889+0000][info][gc,phases      ] GC(1233)   Post Evacuate Collection Set: 0.4ms
[2024-08-27T15:01:14.890+0000][info][gc,phases      ] GC(1233)   Other: 1.1ms
[2024-08-27T15:01:14.890+0000][info][gc,heap        ] GC(1233) Eden regions: 44->0(44)
[2024-08-27T15:01:14.890+0000][info][gc,heap        ] GC(1233) Survivor regions: 7->7(7)
[2024-08-27T15:01:14.890+0000][info][gc,heap        ] GC(1233) Old regions: 780->826
[2024-08-27T15:01:14.890+0000][info][gc,heap        ] GC(1233) Archive regions: 2->2
[2024-08-27T15:01:14.890+0000][info][gc,heap        ] GC(1233) Humongous regions: 5->5
[2024-08-27T15:01:14.890+0000][info][gc,metaspace   ] GC(1233) Metaspace: 100K(320K)->100K(320K) NonClass: 96K(192K)->96K(192K) Class: 4K(128K)->4K(128K)
[2024-08-27T15:01:14.890+0000][info][gc             ] GC(1233) Pause Young (Concurrent Start) (G1 Evacuation Pause) 836M->838M(1024M) 11.747ms
[2024-08-27T15:01:14.890+0000][info][gc,cpu         ] GC(1233) User=0.23s Sys=0.00s Real=0.01s
[2024-08-27T15:01:14.890+0000][info][gc             ] GC(1234) Concurrent Mark Cycle
[2024-08-27T15:01:14.890+0000][info][gc,marking     ] GC(1234) Concurrent Clear Claimed Marks
[2024-08-27T15:01:14.890+0000][info][gc,marking     ] GC(1234) Concurrent Clear Claimed Marks 0.011ms
[2024-08-27T15:01:14.890+0000][info][gc,marking     ] GC(1234) Concurrent Scan Root Regions
[2024-08-27T15:01:14.891+0000][info][gc,marking     ] GC(1234) Concurrent Scan Root Regions 1.452ms
[2024-08-27T15:01:14.891+0000][info][gc,marking     ] GC(1234) Concurrent Mark
[2024-08-27T15:01:14.891+0000][info][gc,marking     ] GC(1234) Concurrent Mark From Roots
[2024-08-27T15:01:14.891+0000][info][gc,task        ] GC(1234) Using 17 workers of 17 for marking
[2024-08-27T15:01:14.912+0000][info][gc,marking     ] GC(1234) Concurrent Mark From Roots 20.454ms
[2024-08-27T15:01:14.912+0000][info][gc,marking     ] GC(1234) Concurrent Preclean
[2024-08-27T15:01:14.912+0000][info][gc,marking     ] GC(1234) Concurrent Preclean 0.320ms
[2024-08-27T15:01:14.913+0000][info][gc,start       ] GC(1234) Pause Remark
[2024-08-27T15:01:14.914+0000][info][gc             ] GC(1234) Pause Remark 866M->866M(1024M) 1.739ms
[2024-08-27T15:01:14.914+0000][info][gc,cpu         ] GC(1234) User=0.01s Sys=0.00s Real=0.00s
[2024-08-27T15:01:14.914+0000][info][gc,marking     ] GC(1234) Concurrent Mark 23.069ms
[2024-08-27T15:01:14.914+0000][info][gc,marking     ] GC(1234) Concurrent Rebuild Remembered Sets
[2024-08-27T15:01:14.928+0000][info][gc,start       ] GC(1235) Pause Young (Normal) (G1 Evacuation Pause)
[2024-08-27T15:01:14.928+0000][info][gc,task        ] GC(1235) Using 24 workers of 68 for evacuation
[2024-08-27T15:01:14.938+0000][info][gc,phases      ] GC(1235)   Pre Evacuate Collection Set: 0.2ms
[2024-08-27T15:01:14.938+0000][info][gc,phases      ] GC(1235)   Merge Heap Roots: 0.4ms
[2024-08-27T15:01:14.938+0000][info][gc,phases      ] GC(1235)   Evacuate Collection Set: 9.1ms
[2024-08-27T15:01:14.938+0000][info][gc,phases      ] GC(1235)   Post Evacuate Collection Set: 0.5ms
[2024-08-27T15:01:14.938+0000][info][gc,phases      ] GC(1235)   Other: 0.3ms
[2024-08-27T15:01:14.938+0000][info][gc,heap        ] GC(1235) Eden regions: 44->0(44)
[2024-08-27T15:01:14.938+0000][info][gc,heap        ] GC(1235) Survivor regions: 7->7(7)
[2024-08-27T15:01:14.938+0000][info][gc,heap        ] GC(1235) Old regions: 826->873
[2024-08-27T15:01:14.938+0000][info][gc,heap        ] GC(1235) Archive regions: 2->2
[2024-08-27T15:01:14.938+0000][info][gc,heap        ] GC(1235) Humongous regions: 5->5
[2024-08-27T15:01:14.938+0000][info][gc,metaspace   ] GC(1235) Metaspace: 100K(320K)->100K(320K) NonClass: 96K(192K)->96K(192K) Class: 4K(128K)->4K(128K)
[2024-08-27T15:01:14.938+0000][info][gc             ] GC(1235) Pause Young (Normal) (G1 Evacuation Pause) 882M->885M(1024M) 10.648ms
[2024-08-27T15:01:14.938+0000][info][gc,cpu         ] GC(1235) User=0.21s Sys=0.01s Real=0.02s
[2024-08-27T15:01:14.970+0000][info][gc,start       ] GC(1236) Pause Young (Normal) (G1 Evacuation Pause)
[2024-08-27T15:01:14.970+0000][info][gc,task        ] GC(1236) Using 24 workers of 68 for evacuation
[2024-08-27T15:01:14.984+0000][info][gc,phases      ] GC(1236)   Pre Evacuate Collection Set: 0.3ms
[2024-08-27T15:01:14.984+0000][info][gc,phases      ] GC(1236)   Merge Heap Roots: 0.4ms
[2024-08-27T15:01:14.984+0000][info][gc,phases      ] GC(1236)   Evacuate Collection Set: 12.8ms
[2024-08-27T15:01:14.984+0000][info][gc,phases      ] GC(1236)   Post Evacuate Collection Set: 0.5ms
[2024-08-27T15:01:14.984+0000][info][gc,phases      ] GC(1236)   Other: 0.3ms
[2024-08-27T15:01:14.984+0000][info][gc,heap        ] GC(1236) Eden regions: 44->0(44)
[2024-08-27T15:01:14.984+0000][info][gc,heap        ] GC(1236) Survivor regions: 7->7(7)
[2024-08-27T15:01:14.984+0000][info][gc,heap        ] GC(1236) Old regions: 873->920
[2024-08-27T15:01:14.984+0000][info][gc,heap        ] GC(1236) Archive regions: 2->2
[2024-08-27T15:01:14.984+0000][info][gc,heap        ] GC(1236) Humongous regions: 5->5
[2024-08-27T15:01:14.984+0000][info][gc,metaspace   ] GC(1236) Metaspace: 100K(320K)->100K(320K) NonClass: 96K(192K)->96K(192K) Class: 4K(128K)->4K(128K)
[2024-08-27T15:01:14.984+0000][info][gc             ] GC(1236) Pause Young (Normal) (G1 Evacuation Pause) 929M->932M(1024M) 14.649ms
[2024-08-27T15:01:14.984+0000][info][gc,cpu         ] GC(1236) User=0.32s Sys=0.00s Real=0.01s
[2024-08-27T15:01:14.998+0000][info][gc,marking     ] GC(1234) Concurrent Rebuild Remembered Sets 83.275ms
[2024-08-27T15:01:14.998+0000][info][gc,start       ] GC(1234) Pause Cleanup
[2024-08-27T15:01:15.001+0000][info][gc             ] GC(1234) Pause Cleanup 950M->950M(1024M) 3.114ms
[2024-08-27T15:01:15.001+0000][info][gc,cpu         ] GC(1234) User=0.01s Sys=0.00s Real=0.00s
[2024-08-27T15:01:15.001+0000][info][gc,marking     ] GC(1234) Concurrent Cleanup for Next Mark
[2024-08-27T15:01:15.002+0000][info][gc,marking     ] GC(1234) Concurrent Cleanup for Next Mark 0.579ms
[2024-08-27T15:01:15.002+0000][info][gc             ] GC(1234) Concurrent Mark Cycle 112.107ms
[2024-08-27T15:01:15.012+0000][info][gc,start       ] GC(1237) Pause Young (Prepare Mixed) (G1 Preventive Collection)
[2024-08-27T15:01:15.012+0000][info][gc,task        ] GC(1237) Using 24 workers of 68 for evacuation
[2024-08-27T15:01:15.026+0000][info][gc,phases      ] GC(1237)   Pre Evacuate Collection Set: 0.2ms
[2024-08-27T15:01:15.026+0000][info][gc,phases      ] GC(1237)   Merge Heap Roots: 0.5ms
[2024-08-27T15:01:15.026+0000][info][gc,phases      ] GC(1237)   Evacuate Collection Set: 13.4ms
[2024-08-27T15:01:15.026+0000][info][gc,phases      ] GC(1237)   Post Evacuate Collection Set: 0.3ms
[2024-08-27T15:01:15.026+0000][info][gc,phases      ] GC(1237)   Other: 0.2ms
[2024-08-27T15:01:15.026+0000][info][gc,heap        ] GC(1237) Eden regions: 39->0(44)
[2024-08-27T15:01:15.026+0000][info][gc,heap        ] GC(1237) Survivor regions: 7->7(7)
[2024-08-27T15:01:15.026+0000][info][gc,heap        ] GC(1237) Old regions: 920->962
[2024-08-27T15:01:15.026+0000][info][gc,heap        ] GC(1237) Archive regions: 2->2
[2024-08-27T15:01:15.026+0000][info][gc,heap        ] GC(1237) Humongous regions: 5->5
[2024-08-27T15:01:15.026+0000][info][gc,metaspace   ] GC(1237) Metaspace: 100K(320K)->100K(320K) NonClass: 96K(192K)->96K(192K) Class: 4K(128K)->4K(128K)
[2024-08-27T15:01:15.027+0000][info][gc             ] GC(1237) Pause Young (Prepare Mixed) (G1 Preventive Collection) 971M->974M(1024M) 14.811ms
[2024-08-27T15:01:15.027+0000][info][gc,cpu         ] GC(1237) User=0.33s Sys=0.00s Real=0.01s
[2024-08-27T15:01:15.035+0000][info][gc,start       ] GC(1238) Pause Young (Mixed) (G1 Preventive Collection)
[2024-08-27T15:01:15.035+0000][info][gc,task        ] GC(1238) Using 24 workers of 68 for evacuation
[2024-08-27T15:01:15.042+0000][info][gc,phases      ] GC(1238)   Pre Evacuate Collection Set: 0.2ms
[2024-08-27T15:01:15.042+0000][info][gc,phases      ] GC(1238)   Merge Heap Roots: 0.3ms
[2024-08-27T15:01:15.042+0000][info][gc,phases      ] GC(1238)   Evacuate Collection Set: 6.1ms
[2024-08-27T15:01:15.042+0000][info][gc,phases      ] GC(1238)   Post Evacuate Collection Set: 0.4ms
[2024-08-27T15:01:15.043+0000][info][gc,phases      ] GC(1238)   Other: 0.3ms
[2024-08-27T15:01:15.043+0000][info][gc,heap        ] GC(1238) Eden regions: 19->0(44)
[2024-08-27T15:01:15.043+0000][info][gc,heap        ] GC(1238) Survivor regions: 7->7(7)
[2024-08-27T15:01:15.043+0000][info][gc,heap        ] GC(1238) Old regions: 962->881
[2024-08-27T15:01:15.043+0000][info][gc,heap        ] GC(1238) Archive regions: 2->2
[2024-08-27T15:01:15.043+0000][info][gc,heap        ] GC(1238) Humongous regions: 5->5
[2024-08-27T15:01:15.043+0000][info][gc,metaspace   ] GC(1238) Metaspace: 100K(320K)->100K(320K) NonClass: 96K(192K)->96K(192K) Class: 4K(128K)->4K(128K)
[2024-08-27T15:01:15.043+0000][info][gc             ] GC(1238) Pause Young (Mixed) (G1 Preventive Collection) 993M->893M(1024M) 7.398ms
[2024-08-27T15:01:15.043+0000][info][gc,cpu         ] GC(1238) User=0.16s Sys=0.00s Real=0.01s
[2024-08-27T15:01:15.061+0000][info][gc,start       ] GC(1239) Pause Young (Mixed) (G1 Evacuation Pause)
[2024-08-27T15:01:15.061+0000][info][gc,task        ] GC(1239) Using 24 workers of 68 for evacuation
[2024-08-27T15:01:15.072+0000][info][gc,phases      ] GC(1239)   Pre Evacuate Collection Set: 0.3ms
[2024-08-27T15:01:15.072+0000][info][gc,phases      ] GC(1239)   Merge Heap Roots: 0.4ms
[2024-08-27T15:01:15.072+0000][info][gc,phases      ] GC(1239)   Evacuate Collection Set: 10.0ms
[2024-08-27T15:01:15.072+0000][info][gc,phases      ] GC(1239)   Post Evacuate Collection Set: 0.4ms
[2024-08-27T15:01:15.072+0000][info][gc,phases      ] GC(1239)   Other: 0.3ms
[2024-08-27T15:01:15.072+0000][info][gc,heap        ] GC(1239) Eden regions: 44->0(44)
[2024-08-27T15:01:15.072+0000][info][gc,heap        ] GC(1239) Survivor regions: 7->7(7)
[2024-08-27T15:01:15.072+0000][info][gc,heap        ] GC(1239) Old regions: 881->823
[2024-08-27T15:01:15.072+0000][info][gc,heap        ] GC(1239) Archive regions: 2->2
[2024-08-27T15:01:15.072+0000][info][gc,heap        ] GC(1239) Humongous regions: 5->5
[2024-08-27T15:01:15.072+0000][info][gc,metaspace   ] GC(1239) Metaspace: 100K(320K)->100K(320K) NonClass: 96K(192K)->96K(192K) Class: 4K(128K)->4K(128K)
[2024-08-27T15:01:15.072+0000][info][gc             ] GC(1239) Pause Young (Mixed) (G1 Evacuation Pause) 937M->835M(1024M) 11.615ms
[2024-08-27T15:01:15.072+0000][info][gc,cpu         ] GC(1239) User=0.25s Sys=0.00s Real=0.01s
[2024-08-27T15:01:15.091+0000][info][gc,start       ] GC(1240) Pause Young (Mixed) (G1 Evacuation Pause)
[2024-08-27T15:01:15.091+0000][info][gc,task        ] GC(1240) Using 24 workers of 68 for evacuation
[2024-08-27T15:01:15.102+0000][info][gc,phases      ] GC(1240)   Pre Evacuate Collection Set: 0.3ms
[2024-08-27T15:01:15.102+0000][info][gc,phases      ] GC(1240)   Merge Heap Roots: 0.4ms
[2024-08-27T15:01:15.102+0000][info][gc,phases      ] GC(1240)   Evacuate Collection Set: 9.9ms
[2024-08-27T15:01:15.102+0000][info][gc,phases      ] GC(1240)   Post Evacuate Collection Set: 0.5ms
[2024-08-27T15:01:15.102+0000][info][gc,phases      ] GC(1240)   Other: 0.3ms
[2024-08-27T15:01:15.102+0000][info][gc,heap        ] GC(1240) Eden regions: 44->0(44)
[2024-08-27T15:01:15.102+0000][info][gc,heap        ] GC(1240) Survivor regions: 7->7(7)
[2024-08-27T15:01:15.102+0000][info][gc,heap        ] GC(1240) Old regions: 823->767
[2024-08-27T15:01:15.102+0000][info][gc,heap        ] GC(1240) Archive regions: 2->2
[2024-08-27T15:01:15.102+0000][info][gc,heap        ] GC(1240) Humongous regions: 5->5
[2024-08-27T15:01:15.102+0000][info][gc,metaspace   ] GC(1240) Metaspace: 100K(320K)->100K(320K) NonClass: 96K(192K)->96K(192K) Class: 4K(128K)->4K(128K)
[2024-08-27T15:01:15.102+0000][info][gc             ] GC(1240) Pause Young (Mixed) (G1 Evacuation Pause) 879M->779M(1024M) 11.681ms
[2024-08-27T15:01:15.102+0000][info][gc,cpu         ] GC(1240) User=0.24s Sys=0.01s Real=0.01s
[2024-08-27T15:01:15.120+0000][info][gc,start       ] GC(1241) Pause Young (Mixed) (G1 Evacuation Pause)
[2024-08-27T15:01:15.120+0000][info][gc,task        ] GC(1241) Using 24 workers of 68 for evacuation
[2024-08-27T15:01:15.132+0000][info][gc,phases      ] GC(1241)   Pre Evacuate Collection Set: 0.3ms
[2024-08-27T15:01:15.132+0000][info][gc,phases      ] GC(1241)   Merge Heap Roots: 0.3ms
[2024-08-27T15:01:15.132+0000][info][gc,phases      ] GC(1241)   Evacuate Collection Set: 10.4ms
[2024-08-27T15:01:15.132+0000][info][gc,phases      ] GC(1241)   Post Evacuate Collection Set: 0.3ms
[2024-08-27T15:01:15.132+0000][info][gc,phases      ] GC(1241)   Other: 0.4ms
[2024-08-27T15:01:15.132+0000][info][gc,heap        ] GC(1241) Eden regions: 44->0(44)
[2024-08-27T15:01:15.132+0000][info][gc,heap        ] GC(1241) Survivor regions: 7->7(7)
[2024-08-27T15:01:15.132+0000][info][gc,heap        ] GC(1241) Old regions: 767->784
[2024-08-27T15:01:15.132+0000][info][gc,heap        ] GC(1241) Archive regions: 2->2
[2024-08-27T15:01:15.132+0000][info][gc,heap        ] GC(1241) Humongous regions: 5->5
[2024-08-27T15:01:15.132+0000][info][gc,metaspace   ] GC(1241) Metaspace: 100K(320K)->100K(320K) NonClass: 96K(192K)->96K(192K) Class: 4K(128K)->4K(128K)
[2024-08-27T15:01:15.132+0000][info][gc             ] GC(1241) Pause Young (Mixed) (G1 Evacuation Pause) 823M->796M(1024M) 11.935ms
[2024-08-27T15:01:15.132+0000][info][gc,cpu         ] GC(1241) User=0.25s Sys=0.00s Real=0.01s
[2024-08-27T15:01:15.150+0000][info][gc,start       ] GC(1242) Pause Young (Concurrent Start) (G1 Evacuation Pause)
[2024-08-27T15:01:15.150+0000][info][gc,task        ] GC(1242) Using 24 workers of 68 for evacuation
[2024-08-27T15:01:15.161+0000][info][gc,phases      ] GC(1242)   Pre Evacuate Collection Set: 0.2ms
[2024-08-27T15:01:15.161+0000][info][gc,phases      ] GC(1242)   Merge Heap Roots: 0.3ms
[2024-08-27T15:01:15.161+0000][info][gc,phases      ] GC(1242)   Evacuate Collection Set: 9.3ms
[2024-08-27T15:01:15.161+0000][info][gc,phases      ] GC(1242)   Post Evacuate Collection Set: 0.4ms
[2024-08-27T15:01:15.161+0000][info][gc,phases      ] GC(1242)   Other: 1.1ms
[2024-08-27T15:01:15.161+0000][info][gc,heap        ] GC(1242) Eden regions: 44->0(44)
[2024-08-27T15:01:15.161+0000][info][gc,heap        ] GC(1242) Survivor regions: 7->7(7)
[2024-08-27T15:01:15.161+0000][info][gc,heap        ] GC(1242) Old regions: 784->831
[2024-08-27T15:01:15.161+0000][info][gc,heap        ] GC(1242) Archive regions: 2->2
[2024-08-27T15:01:15.161+0000][info][gc,heap        ] GC(1242) Humongous regions: 5->5
[2024-08-27T15:01:15.161+0000][info][gc,metaspace   ] GC(1242) Metaspace: 100K(320K)->100K(320K) NonClass: 96K(192K)->96K(192K) Class: 4K(128K)->4K(128K)
[2024-08-27T15:01:15.162+0000][info][gc             ] GC(1242) Pause Young (Concurrent Start) (G1 Evacuation Pause) 840M->843M(1024M) 11.542ms
[2024-08-27T15:01:15.162+0000][info][gc,cpu         ] GC(1242) User=0.23s Sys=0.00s Real=0.01s
[2024-08-27T15:01:15.162+0000][info][gc             ] GC(1243) Concurrent Mark Cycle
[2024-08-27T15:01:15.162+0000][info][gc,marking     ] GC(1243) Concurrent Clear Claimed Marks
[2024-08-27T15:01:15.162+0000][info][gc,marking     ] GC(1243) Concurrent Clear Claimed Marks 0.011ms
[2024-08-27T15:01:15.162+0000][info][gc,marking     ] GC(1243) Concurrent Scan Root Regions
[2024-08-27T15:01:15.163+0000][info][gc,marking     ] GC(1243) Concurrent Scan Root Regions 1.373ms
[2024-08-27T15:01:15.163+0000][info][gc,marking     ] GC(1243) Concurrent Mark
[2024-08-27T15:01:15.163+0000][info][gc,marking     ] GC(1243) Concurrent Mark From Roots
[2024-08-27T15:01:15.163+0000][info][gc,task        ] GC(1243) Using 17 workers of 17 for marking
[2024-08-27T15:01:15.183+0000][info][gc,marking     ] GC(1243) Concurrent Mark From Roots 19.793ms
[2024-08-27T15:01:15.183+0000][info][gc,marking     ] GC(1243) Concurrent Preclean
[2024-08-27T15:01:15.184+0000][info][gc,marking     ] GC(1243) Concurrent Preclean 1.221ms
[2024-08-27T15:01:15.185+0000][info][gc,start       ] GC(1243) Pause Remark
[2024-08-27T15:01:15.186+0000][info][gc             ] GC(1243) Pause Remark 873M->873M(1024M) 1.789ms
[2024-08-27T15:01:15.186+0000][info][gc,cpu         ] GC(1243) User=0.00s Sys=0.00s Real=0.00s
[2024-08-27T15:01:15.187+0000][info][gc,marking     ] GC(1243) Concurrent Mark 23.355ms
[2024-08-27T15:01:15.187+0000][info][gc,marking     ] GC(1243) Concurrent Rebuild Remembered Sets
[2024-08-27T15:01:15.198+0000][info][gc,start       ] GC(1244) Pause Young (Normal) (G1 Evacuation Pause)
[2024-08-27T15:01:15.199+0000][info][gc,task        ] GC(1244) Using 24 workers of 68 for evacuation
[2024-08-27T15:01:15.209+0000][info][gc,phases      ] GC(1244)   Pre Evacuate Collection Set: 0.2ms
[2024-08-27T15:01:15.209+0000][info][gc,phases      ] GC(1244)   Merge Heap Roots: 0.3ms
[2024-08-27T15:01:15.209+0000][info][gc,phases      ] GC(1244)   Evacuate Collection Set: 9.0ms
[2024-08-27T15:01:15.209+0000][info][gc,phases      ] GC(1244)   Post Evacuate Collection Set: 0.5ms
[2024-08-27T15:01:15.209+0000][info][gc,phases      ] GC(1244)   Other: 0.3ms
[2024-08-27T15:01:15.209+0000][info][gc,heap        ] GC(1244) Eden regions: 44->0(44)
[2024-08-27T15:01:15.209+0000][info][gc,heap        ] GC(1244) Survivor regions: 7->7(7)
[2024-08-27T15:01:15.209+0000][info][gc,heap        ] GC(1244) Old regions: 831->878
[2024-08-27T15:01:15.209+0000][info][gc,heap        ] GC(1244) Archive regions: 2->2
[2024-08-27T15:01:15.209+0000][info][gc,heap        ] GC(1244) Humongous regions: 5->5
[2024-08-27T15:01:15.209+0000][info][gc,metaspace   ] GC(1244) Metaspace: 100K(320K)->100K(320K) NonClass: 96K(192K)->96K(192K) Class: 4K(128K)->4K(128K)
[2024-08-27T15:01:15.209+0000][info][gc             ] GC(1244) Pause Young (Normal) (G1 Evacuation Pause) 887M->890M(1024M) 10.559ms
[2024-08-27T15:01:15.209+0000][info][gc,cpu         ] GC(1244) User=0.23s Sys=0.00s Real=0.00s
[2024-08-27T15:01:15.243+0000][info][gc,start       ] GC(1245) Pause Young (Normal) (G1 Evacuation Pause)
[2024-08-27T15:01:15.243+0000][info][gc,task        ] GC(1245) Using 24 workers of 68 for evacuation
[2024-08-27T15:01:15.258+0000][info][gc,phases      ] GC(1245)   Pre Evacuate Collection Set: 0.2ms
[2024-08-27T15:01:15.259+0000][info][gc,phases      ] GC(1245)   Merge Heap Roots: 0.5ms
[2024-08-27T15:01:15.259+0000][info][gc,phases      ] GC(1245)   Evacuate Collection Set: 13.9ms
[2024-08-27T15:01:15.259+0000][info][gc,phases      ] GC(1245)   Post Evacuate Collection Set: 0.6ms
[2024-08-27T15:01:15.259+0000][info][gc,phases      ] GC(1245)   Other: 0.4ms
[2024-08-27T15:01:15.259+0000][info][gc,heap        ] GC(1245) Eden regions: 44->0(44)
[2024-08-27T15:01:15.259+0000][info][gc,heap        ] GC(1245) Survivor regions: 7->7(7)
[2024-08-27T15:01:15.259+0000][info][gc,heap        ] GC(1245) Old regions: 878->925
[2024-08-27T15:01:15.259+0000][info][gc,heap        ] GC(1245) Archive regions: 2->2
[2024-08-27T15:01:15.259+0000][info][gc,heap        ] GC(1245) Humongous regions: 5->5
[2024-08-27T15:01:15.259+0000][info][gc,metaspace   ] GC(1245) Metaspace: 100K(320K)->100K(320K) NonClass: 96K(192K)->96K(192K) Class: 4K(128K)->4K(128K)
[2024-08-27T15:01:15.259+0000][info][gc             ] GC(1245) Pause Young (Normal) (G1 Evacuation Pause) 934M->937M(1024M) 15.776ms
[2024-08-27T15:01:15.259+0000][info][gc,cpu         ] GC(1245) User=0.26s Sys=0.08s Real=0.02s
[2024-08-27T15:01:15.271+0000][info][gc,marking     ] GC(1243) Concurrent Rebuild Remembered Sets 84.434ms
[2024-08-27T15:01:15.271+0000][info][gc,start       ] GC(1243) Pause Cleanup
[2024-08-27T15:01:15.275+0000][info][gc             ] GC(1243) Pause Cleanup 952M->952M(1024M) 3.075ms
[2024-08-27T15:01:15.275+0000][info][gc,cpu         ] GC(1243) User=0.01s Sys=0.00s Real=0.00s
[2024-08-27T15:01:15.275+0000][info][gc,marking     ] GC(1243) Concurrent Cleanup for Next Mark
[2024-08-27T15:01:15.275+0000][info][gc,marking     ] GC(1243) Concurrent Cleanup for Next Mark 0.637ms
[2024-08-27T15:01:15.275+0000][info][gc             ] GC(1243) Concurrent Mark Cycle 113.770ms
[2024-08-27T15:01:15.287+0000][info][gc,start       ] GC(1246) Pause Young (Prepare Mixed) (G1 Preventive Collection)
[2024-08-27T15:01:15.287+0000][info][gc,task        ] GC(1246) Using 24 workers of 68 for evacuation
[2024-08-27T15:01:15.302+0000][info][gc,phases      ] GC(1246)   Pre Evacuate Collection Set: 0.2ms
[2024-08-27T15:01:15.302+0000][info][gc,phases      ] GC(1246)   Merge Heap Roots: 0.6ms
[2024-08-27T15:01:15.302+0000][info][gc,phases      ] GC(1246)   Evacuate Collection Set: 14.2ms
[2024-08-27T15:01:15.302+0000][info][gc,phases      ] GC(1246)   Post Evacuate Collection Set: 0.3ms
[2024-08-27T15:01:15.302+0000][info][gc,phases      ] GC(1246)   Other: 0.2ms
[2024-08-27T15:01:15.303+0000][info][gc,heap        ] GC(1246) Eden regions: 37->0(44)
[2024-08-27T15:01:15.303+0000][info][gc,heap        ] GC(1246) Survivor regions: 7->7(7)
[2024-08-27T15:01:15.303+0000][info][gc,heap        ] GC(1246) Old regions: 925->966
[2024-08-27T15:01:15.303+0000][info][gc,heap        ] GC(1246) Archive regions: 2->2
[2024-08-27T15:01:15.303+0000][info][gc,heap        ] GC(1246) Humongous regions: 5->5
[2024-08-27T15:01:15.303+0000][info][gc,metaspace   ] GC(1246) Metaspace: 100K(320K)->100K(320K) NonClass: 96K(192K)->96K(192K) Class: 4K(128K)->4K(128K)
[2024-08-27T15:01:15.303+0000][info][gc             ] GC(1246) Pause Young (Prepare Mixed) (G1 Preventive Collection) 974M->978M(1024M) 15.623ms
[2024-08-27T15:01:15.303+0000][info][gc,cpu         ] GC(1246) User=0.36s Sys=0.00s Real=0.02s
[2024-08-27T15:01:15.311+0000][info][gc,start       ] GC(1247) Pause Young (Mixed) (G1 Preventive Collection)
[2024-08-27T15:01:15.311+0000][info][gc,task        ] GC(1247) Using 24 workers of 68 for evacuation
[2024-08-27T15:01:15.317+0000][info][gc,phases      ] GC(1247)   Pre Evacuate Collection Set: 0.3ms
[2024-08-27T15:01:15.317+0000][info][gc,phases      ] GC(1247)   Merge Heap Roots: 0.3ms
[2024-08-27T15:01:15.317+0000][info][gc,phases      ] GC(1247)   Evacuate Collection Set: 5.4ms
[2024-08-27T15:01:15.317+0000][info][gc,phases      ] GC(1247)   Post Evacuate Collection Set: 0.3ms
[2024-08-27T15:01:15.317+0000][info][gc,phases      ] GC(1247)   Other: 0.3ms
[2024-08-27T15:01:15.317+0000][info][gc,heap        ] GC(1247) Eden regions: 17->0(44)
[2024-08-27T15:01:15.317+0000][info][gc,heap        ] GC(1247) Survivor regions: 7->7(7)
[2024-08-27T15:01:15.317+0000][info][gc,heap        ] GC(1247) Old regions: 966->883
[2024-08-27T15:01:15.317+0000][info][gc,heap        ] GC(1247) Archive regions: 2->2
[2024-08-27T15:01:15.317+0000][info][gc,heap        ] GC(1247) Humongous regions: 5->5
[2024-08-27T15:01:15.317+0000][info][gc,metaspace   ] GC(1247) Metaspace: 100K(320K)->100K(320K) NonClass: 96K(192K)->96K(192K) Class: 4K(128K)->4K(128K)
[2024-08-27T15:01:15.317+0000][info][gc             ] GC(1247) Pause Young (Mixed) (G1 Preventive Collection) 995M->895M(1024M) 6.779ms
[2024-08-27T15:01:15.317+0000][info][gc,cpu         ] GC(1247) User=0.14s Sys=0.00s Real=0.01s
[2024-08-27T15:01:15.336+0000][info][gc,start       ] GC(1248) Pause Young (Mixed) (G1 Evacuation Pause)
[2024-08-27T15:01:15.336+0000][info][gc,task        ] GC(1248) Using 24 workers of 68 for evacuation
[2024-08-27T15:01:15.347+0000][info][gc,phases      ] GC(1248)   Pre Evacuate Collection Set: 0.3ms
[2024-08-27T15:01:15.347+0000][info][gc,phases      ] GC(1248)   Merge Heap Roots: 0.4ms
[2024-08-27T15:01:15.347+0000][info][gc,phases      ] GC(1248)   Evacuate Collection Set: 9.5ms
[2024-08-27T15:01:15.347+0000][info][gc,phases      ] GC(1248)   Post Evacuate Collection Set: 0.4ms
[2024-08-27T15:01:15.347+0000][info][gc,phases      ] GC(1248)   Other: 0.4ms
[2024-08-27T15:01:15.347+0000][info][gc,heap        ] GC(1248) Eden regions: 44->0(44)
[2024-08-27T15:01:15.347+0000][info][gc,heap        ] GC(1248) Survivor regions: 7->7(7)
[2024-08-27T15:01:15.347+0000][info][gc,heap        ] GC(1248) Old regions: 883->825
[2024-08-27T15:01:15.347+0000][info][gc,heap        ] GC(1248) Archive regions: 2->2
[2024-08-27T15:01:15.347+0000][info][gc,heap        ] GC(1248) Humongous regions: 5->5
[2024-08-27T15:01:15.347+0000][info][gc,metaspace   ] GC(1248) Metaspace: 100K(320K)->100K(320K) NonClass: 96K(192K)->96K(192K) Class: 4K(128K)->4K(128K)
[2024-08-27T15:01:15.347+0000][info][gc             ] GC(1248) Pause Young (Mixed) (G1 Evacuation Pause) 939M->837M(1024M) 11.188ms
[2024-08-27T15:01:15.347+0000][info][gc,cpu         ] GC(1248) User=0.23s Sys=0.00s Real=0.01s
[2024-08-27T15:01:15.365+0000][info][gc,start       ] GC(1249) Pause Young (Mixed) (G1 Evacuation Pause)
[2024-08-27T15:01:15.365+0000][info][gc,task        ] GC(1249) Using 24 workers of 68 for evacuation
[2024-08-27T15:01:15.376+0000][info][gc,phases      ] GC(1249)   Pre Evacuate Collection Set: 0.3ms
[2024-08-27T15:01:15.376+0000][info][gc,phases      ] GC(1249)   Merge Heap Roots: 0.4ms
[2024-08-27T15:01:15.376+0000][info][gc,phases      ] GC(1249)   Evacuate Collection Set: 9.4ms
[2024-08-27T15:01:15.376+0000][info][gc,phases      ] GC(1249)   Post Evacuate Collection Set: 0.4ms
[2024-08-27T15:01:15.376+0000][info][gc,phases      ] GC(1249)   Other: 0.4ms
[2024-08-27T15:01:15.376+0000][info][gc,heap        ] GC(1249) Eden regions: 44->0(44)
[2024-08-27T15:01:15.376+0000][info][gc,heap        ] GC(1249) Survivor regions: 7->7(7)
[2024-08-27T15:01:15.376+0000][info][gc,heap        ] GC(1249) Old regions: 825->769
[2024-08-27T15:01:15.376+0000][info][gc,heap        ] GC(1249) Archive regions: 2->2
[2024-08-27T15:01:15.376+0000][info][gc,heap        ] GC(1249) Humongous regions: 5->5
[2024-08-27T15:01:15.376+0000][info][gc,metaspace   ] GC(1249) Metaspace: 100K(320K)->100K(320K) NonClass: 96K(192K)->96K(192K) Class: 4K(128K)->4K(128K)
[2024-08-27T15:01:15.376+0000][info][gc             ] GC(1249) Pause Young (Mixed) (G1 Evacuation Pause) 881M->781M(1024M) 11.142ms
[2024-08-27T15:01:15.376+0000][info][gc,cpu         ] GC(1249) User=0.24s Sys=0.00s Real=0.01s
[2024-08-27T15:01:15.395+0000][info][gc,start       ] GC(1250) Pause Young (Mixed) (G1 Evacuation Pause)
[2024-08-27T15:01:15.395+0000][info][gc,task        ] GC(1250) Using 24 workers of 68 for evacuation
[2024-08-27T15:01:15.406+0000][info][gc,phases      ] GC(1250)   Pre Evacuate Collection Set: 0.3ms
[2024-08-27T15:01:15.406+0000][info][gc,phases      ] GC(1250)   Merge Heap Roots: 0.3ms
[2024-08-27T15:01:15.406+0000][info][gc,phases      ] GC(1250)   Evacuate Collection Set: 9.7ms
[2024-08-27T15:01:15.406+0000][info][gc,phases      ] GC(1250)   Post Evacuate Collection Set: 0.4ms
[2024-08-27T15:01:15.406+0000][info][gc,phases      ] GC(1250)   Other: 0.3ms
[2024-08-27T15:01:15.406+0000][info][gc,heap        ] GC(1250) Eden regions: 44->0(44)
[2024-08-27T15:01:15.406+0000][info][gc,heap        ] GC(1250) Survivor regions: 7->7(7)
[2024-08-27T15:01:15.406+0000][info][gc,heap        ] GC(1250) Old regions: 769->788
[2024-08-27T15:01:15.406+0000][info][gc,heap        ] GC(1250) Archive regions: 2->2
[2024-08-27T15:01:15.406+0000][info][gc,heap        ] GC(1250) Humongous regions: 5->5
[2024-08-27T15:01:15.406+0000][info][gc,metaspace   ] GC(1250) Metaspace: 100K(320K)->100K(320K) NonClass: 96K(192K)->96K(192K) Class: 4K(128K)->4K(128K)
[2024-08-27T15:01:15.406+0000][info][gc             ] GC(1250) Pause Young (Mixed) (G1 Evacuation Pause) 825M->800M(1024M) 11.326ms
[2024-08-27T15:01:15.406+0000][info][gc,cpu         ] GC(1250) User=0.23s Sys=0.00s Real=0.01s
[2024-08-27T15:01:15.425+0000][info][gc,start       ] GC(1251) Pause Young (Concurrent Start) (G1 Evacuation Pause)
[2024-08-27T15:01:15.425+0000][info][gc,task        ] GC(1251) Using 24 workers of 68 for evacuation
[2024-08-27T15:01:15.437+0000][info][gc,phases      ] GC(1251)   Pre Evacuate Collection Set: 0.2ms
[2024-08-27T15:01:15.437+0000][info][gc,phases      ] GC(1251)   Merge Heap Roots: 0.4ms
[2024-08-27T15:01:15.437+0000][info][gc,phases      ] GC(1251)   Evacuate Collection Set: 9.6ms
[2024-08-27T15:01:15.437+0000][info][gc,phases      ] GC(1251)   Post Evacuate Collection Set: 0.4ms
[2024-08-27T15:01:15.437+0000][info][gc,phases      ] GC(1251)   Other: 1.1ms
[2024-08-27T15:01:15.437+0000][info][gc,heap        ] GC(1251) Eden regions: 44->0(44)
[2024-08-27T15:01:15.437+0000][info][gc,heap        ] GC(1251) Survivor regions: 7->7(7)
[2024-08-27T15:01:15.437+0000][info][gc,heap        ] GC(1251) Old regions: 788->835
[2024-08-27T15:01:15.437+0000][info][gc,heap        ] GC(1251) Archive regions: 2->2
[2024-08-27T15:01:15.437+0000][info][gc,heap        ] GC(1251) Humongous regions: 5->5
[2024-08-27T15:01:15.437+0000][info][gc,metaspace   ] GC(1251) Metaspace: 100K(320K)->100K(320K) NonClass: 96K(192K)->96K(192K) Class: 4K(128K)->4K(128K)
[2024-08-27T15:01:15.437+0000][info][gc             ] GC(1251) Pause Young (Concurrent Start) (G1 Evacuation Pause) 844M->847M(1024M) 11.890ms
[2024-08-27T15:01:15.437+0000][info][gc,cpu         ] GC(1251) User=0.24s Sys=0.00s Real=0.01s
[2024-08-27T15:01:15.437+0000][info][gc             ] GC(1252) Concurrent Mark Cycle
[2024-08-27T15:01:15.437+0000][info][gc,marking     ] GC(1252) Concurrent Clear Claimed Marks
[2024-08-27T15:01:15.437+0000][info][gc,marking     ] GC(1252) Concurrent Clear Claimed Marks 0.008ms
[2024-08-27T15:01:15.437+0000][info][gc,marking     ] GC(1252) Concurrent Scan Root Regions
[2024-08-27T15:01:15.438+0000][info][gc,marking     ] GC(1252) Concurrent Scan Root Regions 1.438ms
[2024-08-27T15:01:15.438+0000][info][gc,marking     ] GC(1252) Concurrent Mark
[2024-08-27T15:01:15.439+0000][info][gc,marking     ] GC(1252) Concurrent Mark From Roots
[2024-08-27T15:01:15.439+0000][info][gc,task        ] GC(1252) Using 17 workers of 17 for marking
[2024-08-27T15:01:15.458+0000][info][gc,marking     ] GC(1252) Concurrent Mark From Roots 19.939ms
[2024-08-27T15:01:15.458+0000][info][gc,marking     ] GC(1252) Concurrent Preclean
[2024-08-27T15:01:15.460+0000][info][gc,marking     ] GC(1252) Concurrent Preclean 1.216ms
[2024-08-27T15:01:15.460+0000][info][gc,start       ] GC(1252) Pause Remark
[2024-08-27T15:01:15.462+0000][info][gc             ] GC(1252) Pause Remark 876M->876M(1024M) 1.823ms
[2024-08-27T15:01:15.462+0000][info][gc,cpu         ] GC(1252) User=0.01s Sys=0.00s Real=0.00s
[2024-08-27T15:01:15.462+0000][info][gc,marking     ] GC(1252) Concurrent Mark 23.558ms
[2024-08-27T15:01:15.462+0000][info][gc,marking     ] GC(1252) Concurrent Rebuild Remembered Sets
[2024-08-27T15:01:15.475+0000][info][gc,start       ] GC(1253) Pause Young (Normal) (G1 Evacuation Pause)
[2024-08-27T15:01:15.475+0000][info][gc,task        ] GC(1253) Using 24 workers of 68 for evacuation
[2024-08-27T15:01:15.486+0000][info][gc,phases      ] GC(1253)   Pre Evacuate Collection Set: 0.2ms
[2024-08-27T15:01:15.486+0000][info][gc,phases      ] GC(1253)   Merge Heap Roots: 0.5ms
[2024-08-27T15:01:15.486+0000][info][gc,phases      ] GC(1253)   Evacuate Collection Set: 9.1ms
[2024-08-27T15:01:15.486+0000][info][gc,phases      ] GC(1253)   Post Evacuate Collection Set: 0.5ms
[2024-08-27T15:01:15.486+0000][info][gc,phases      ] GC(1253)   Other: 0.4ms
[2024-08-27T15:01:15.486+0000][info][gc,heap        ] GC(1253) Eden regions: 44->0(44)
[2024-08-27T15:01:15.486+0000][info][gc,heap        ] GC(1253) Survivor regions: 7->7(7)
[2024-08-27T15:01:15.486+0000][info][gc,heap        ] GC(1253) Old regions: 835->882
[2024-08-27T15:01:15.486+0000][info][gc,heap        ] GC(1253) Archive regions: 2->2
[2024-08-27T15:01:15.486+0000][info][gc,heap        ] GC(1253) Humongous regions: 5->5
[2024-08-27T15:01:15.486+0000][info][gc,metaspace   ] GC(1253) Metaspace: 100K(320K)->100K(320K) NonClass: 96K(192K)->96K(192K) Class: 4K(128K)->4K(128K)
[2024-08-27T15:01:15.486+0000][info][gc             ] GC(1253) Pause Young (Normal) (G1 Evacuation Pause) 891M->894M(1024M) 10.925ms
[2024-08-27T15:01:15.486+0000][info][gc,cpu         ] GC(1253) User=0.22s Sys=0.00s Real=0.01s
[2024-08-27T15:01:15.518+0000][info][gc,start       ] GC(1254) Pause Young (Normal) (G1 Evacuation Pause)
[2024-08-27T15:01:15.518+0000][info][gc,task        ] GC(1254) Using 24 workers of 68 for evacuation
[2024-08-27T15:01:15.532+0000][info][gc,phases      ] GC(1254)   Pre Evacuate Collection Set: 0.2ms
[2024-08-27T15:01:15.532+0000][info][gc,phases      ] GC(1254)   Merge Heap Roots: 0.5ms
[2024-08-27T15:01:15.532+0000][info][gc,phases      ] GC(1254)   Evacuate Collection Set: 12.3ms
[2024-08-27T15:01:15.532+0000][info][gc,phases      ] GC(1254)   Post Evacuate Collection Set: 0.5ms
[2024-08-27T15:01:15.532+0000][info][gc,phases      ] GC(1254)   Other: 0.4ms
[2024-08-27T15:01:15.532+0000][info][gc,heap        ] GC(1254) Eden regions: 44->0(44)
[2024-08-27T15:01:15.532+0000][info][gc,heap        ] GC(1254) Survivor regions: 7->7(7)
[2024-08-27T15:01:15.532+0000][info][gc,heap        ] GC(1254) Old regions: 882->929
[2024-08-27T15:01:15.532+0000][info][gc,heap        ] GC(1254) Archive regions: 2->2
[2024-08-27T15:01:15.532+0000][info][gc,heap        ] GC(1254) Humongous regions: 5->5
[2024-08-27T15:01:15.532+0000][info][gc,metaspace   ] GC(1254) Metaspace: 100K(320K)->100K(320K) NonClass: 96K(192K)->96K(192K) Class: 4K(128K)->4K(128K)
[2024-08-27T15:01:15.532+0000][info][gc             ] GC(1254) Pause Young (Normal) (G1 Evacuation Pause) 938M->941M(1024M) 14.079ms
[2024-08-27T15:01:15.532+0000][info][gc,cpu         ] GC(1254) User=0.31s Sys=0.00s Real=0.01s
[2024-08-27T15:01:15.545+0000][info][gc,marking     ] GC(1252) Concurrent Rebuild Remembered Sets 82.483ms
[2024-08-27T15:01:15.545+0000][info][gc,start       ] GC(1252) Pause Cleanup
[2024-08-27T15:01:15.548+0000][info][gc             ] GC(1252) Pause Cleanup 959M->959M(1024M) 3.324ms
[2024-08-27T15:01:15.548+0000][info][gc,cpu         ] GC(1252) User=0.00s Sys=0.00s Real=0.00s
[2024-08-27T15:01:15.549+0000][info][gc,marking     ] GC(1252) Concurrent Cleanup for Next Mark
[2024-08-27T15:01:15.550+0000][info][gc,marking     ] GC(1252) Concurrent Cleanup for Next Mark 1.053ms
[2024-08-27T15:01:15.550+0000][info][gc             ] GC(1252) Concurrent Mark Cycle 112.642ms
[2024-08-27T15:01:15.557+0000][info][gc,start       ] GC(1255) Pause Young (Prepare Mixed) (G1 Preventive Collection)
[2024-08-27T15:01:15.557+0000][info][gc,task        ] GC(1255) Using 24 workers of 68 for evacuation
[2024-08-27T15:01:15.572+0000][info][gc,phases      ] GC(1255)   Pre Evacuate Collection Set: 0.3ms
[2024-08-27T15:01:15.572+0000][info][gc,phases      ] GC(1255)   Merge Heap Roots: 0.5ms
[2024-08-27T15:01:15.572+0000][info][gc,phases      ] GC(1255)   Evacuate Collection Set: 13.4ms
[2024-08-27T15:01:15.572+0000][info][gc,phases      ] GC(1255)   Post Evacuate Collection Set: 0.3ms
[2024-08-27T15:01:15.572+0000][info][gc,phases      ] GC(1255)   Other: 0.3ms
[2024-08-27T15:01:15.572+0000][info][gc,heap        ] GC(1255) Eden regions: 35->0(44)
[2024-08-27T15:01:15.572+0000][info][gc,heap        ] GC(1255) Survivor regions: 7->7(7)
[2024-08-27T15:01:15.572+0000][info][gc,heap        ] GC(1255) Old regions: 929->966
[2024-08-27T15:01:15.572+0000][info][gc,heap        ] GC(1255) Archive regions: 2->2
[2024-08-27T15:01:15.572+0000][info][gc,heap        ] GC(1255) Humongous regions: 5->5
[2024-08-27T15:01:15.572+0000][info][gc,metaspace   ] GC(1255) Metaspace: 100K(320K)->100K(320K) NonClass: 96K(192K)->96K(192K) Class: 4K(128K)->4K(128K)
[2024-08-27T15:01:15.572+0000][info][gc             ] GC(1255) Pause Young (Prepare Mixed) (G1 Preventive Collection) 976M->978M(1024M) 14.956ms
[2024-08-27T15:01:15.572+0000][info][gc,cpu         ] GC(1255) User=0.34s Sys=0.00s Real=0.02s
[2024-08-27T15:01:15.580+0000][info][gc,start       ] GC(1256) Pause Young (Mixed) (G1 Preventive Collection)
[2024-08-27T15:01:15.580+0000][info][gc,task        ] GC(1256) Using 24 workers of 68 for evacuation
[2024-08-27T15:01:15.586+0000][info][gc,phases      ] GC(1256)   Pre Evacuate Collection Set: 0.3ms
[2024-08-27T15:01:15.586+0000][info][gc,phases      ] GC(1256)   Merge Heap Roots: 0.3ms
[2024-08-27T15:01:15.587+0000][info][gc,phases      ] GC(1256)   Evacuate Collection Set: 5.2ms
[2024-08-27T15:01:15.587+0000][info][gc,phases      ] GC(1256)   Post Evacuate Collection Set: 0.3ms
[2024-08-27T15:01:15.587+0000][info][gc,phases      ] GC(1256)   Other: 0.3ms
[2024-08-27T15:01:15.587+0000][info][gc,heap        ] GC(1256) Eden regions: 17->0(44)
[2024-08-27T15:01:15.587+0000][info][gc,heap        ] GC(1256) Survivor regions: 7->7(7)
[2024-08-27T15:01:15.587+0000][info][gc,heap        ] GC(1256) Old regions: 966->883
[2024-08-27T15:01:15.587+0000][info][gc,heap        ] GC(1256) Archive regions: 2->2
[2024-08-27T15:01:15.587+0000][info][gc,heap        ] GC(1256) Humongous regions: 5->5
[2024-08-27T15:01:15.587+0000][info][gc,metaspace   ] GC(1256) Metaspace: 100K(320K)->100K(320K) NonClass: 96K(192K)->96K(192K) Class: 4K(128K)->4K(128K)
[2024-08-27T15:01:15.587+0000][info][gc             ] GC(1256) Pause Young (Mixed) (G1 Preventive Collection) 995M->895M(1024M) 6.605ms
[2024-08-27T15:01:15.587+0000][info][gc,cpu         ] GC(1256) User=0.14s Sys=0.00s Real=0.00s
[2024-08-27T15:01:15.605+0000][info][gc,start       ] GC(1257) Pause Young (Mixed) (G1 Evacuation Pause)
[2024-08-27T15:01:15.605+0000][info][gc,task        ] GC(1257) Using 24 workers of 68 for evacuation
[2024-08-27T15:01:15.615+0000][info][gc,phases      ] GC(1257)   Pre Evacuate Collection Set: 0.3ms
[2024-08-27T15:01:15.615+0000][info][gc,phases      ] GC(1257)   Merge Heap Roots: 0.4ms
[2024-08-27T15:01:15.615+0000][info][gc,phases      ] GC(1257)   Evacuate Collection Set: 9.1ms
[2024-08-27T15:01:15.615+0000][info][gc,phases      ] GC(1257)   Post Evacuate Collection Set: 0.4ms
[2024-08-27T15:01:15.615+0000][info][gc,phases      ] GC(1257)   Other: 0.3ms
[2024-08-27T15:01:15.615+0000][info][gc,heap        ] GC(1257) Eden regions: 44->0(44)
[2024-08-27T15:01:15.615+0000][info][gc,heap        ] GC(1257) Survivor regions: 7->7(7)
[2024-08-27T15:01:15.615+0000][info][gc,heap        ] GC(1257) Old regions: 883->825
[2024-08-27T15:01:15.615+0000][info][gc,heap        ] GC(1257) Archive regions: 2->2
[2024-08-27T15:01:15.615+0000][info][gc,heap        ] GC(1257) Humongous regions: 5->5
[2024-08-27T15:01:15.615+0000][info][gc,metaspace   ] GC(1257) Metaspace: 100K(320K)->100K(320K) NonClass: 96K(192K)->96K(192K) Class: 4K(128K)->4K(128K)
[2024-08-27T15:01:15.615+0000][info][gc             ] GC(1257) Pause Young (Mixed) (G1 Evacuation Pause) 939M->837M(1024M) 10.813ms
[2024-08-27T15:01:15.615+0000][info][gc,cpu         ] GC(1257) User=0.23s Sys=0.00s Real=0.01s
[2024-08-27T15:01:15.634+0000][info][gc,start       ] GC(1258) Pause Young (Mixed) (G1 Evacuation Pause)
[2024-08-27T15:01:15.634+0000][info][gc,task        ] GC(1258) Using 24 workers of 68 for evacuation
[2024-08-27T15:01:15.645+0000][info][gc,phases      ] GC(1258)   Pre Evacuate Collection Set: 0.4ms
[2024-08-27T15:01:15.645+0000][info][gc,phases      ] GC(1258)   Merge Heap Roots: 0.4ms
[2024-08-27T15:01:15.645+0000][info][gc,phases      ] GC(1258)   Evacuate Collection Set: 9.7ms
[2024-08-27T15:01:15.645+0000][info][gc,phases      ] GC(1258)   Post Evacuate Collection Set: 0.4ms
[2024-08-27T15:01:15.645+0000][info][gc,phases      ] GC(1258)   Other: 0.4ms
[2024-08-27T15:01:15.645+0000][info][gc,heap        ] GC(1258) Eden regions: 44->0(44)
[2024-08-27T15:01:15.645+0000][info][gc,heap        ] GC(1258) Survivor regions: 7->7(7)
[2024-08-27T15:01:15.645+0000][info][gc,heap        ] GC(1258) Old regions: 825->769
[2024-08-27T15:01:15.645+0000][info][gc,heap        ] GC(1258) Archive regions: 2->2
[2024-08-27T15:01:15.645+0000][info][gc,heap        ] GC(1258) Humongous regions: 5->5
[2024-08-27T15:01:15.645+0000][info][gc,metaspace   ] GC(1258) Metaspace: 100K(320K)->100K(320K) NonClass: 96K(192K)->96K(192K) Class: 4K(128K)->4K(128K)
[2024-08-27T15:01:15.645+0000][info][gc             ] GC(1258) Pause Young (Mixed) (G1 Evacuation Pause) 881M->781M(1024M) 11.484ms
[2024-08-27T15:01:15.645+0000][info][gc,cpu         ] GC(1258) User=0.23s Sys=0.01s Real=0.01s
[2024-08-27T15:01:15.664+0000][info][gc,start       ] GC(1259) Pause Young (Mixed) (G1 Evacuation Pause)
[2024-08-27T15:01:15.664+0000][info][gc,task        ] GC(1259) Using 24 workers of 68 for evacuation
[2024-08-27T15:01:15.675+0000][info][gc,phases      ] GC(1259)   Pre Evacuate Collection Set: 0.3ms
[2024-08-27T15:01:15.675+0000][info][gc,phases      ] GC(1259)   Merge Heap Roots: 0.4ms
[2024-08-27T15:01:15.675+0000][info][gc,phases      ] GC(1259)   Evacuate Collection Set: 10.4ms
[2024-08-27T15:01:15.675+0000][info][gc,phases      ] GC(1259)   Post Evacuate Collection Set: 0.4ms
[2024-08-27T15:01:15.675+0000][info][gc,phases      ] GC(1259)   Other: 0.4ms
[2024-08-27T15:01:15.675+0000][info][gc,heap        ] GC(1259) Eden regions: 44->0(44)
[2024-08-27T15:01:15.675+0000][info][gc,heap        ] GC(1259) Survivor regions: 7->7(7)
[2024-08-27T15:01:15.675+0000][info][gc,heap        ] GC(1259) Old regions: 769->780
[2024-08-27T15:01:15.675+0000][info][gc,heap        ] GC(1259) Archive regions: 2->2
[2024-08-27T15:01:15.675+0000][info][gc,heap        ] GC(1259) Humongous regions: 5->5
[2024-08-27T15:01:15.676+0000][info][gc,metaspace   ] GC(1259) Metaspace: 100K(320K)->100K(320K) NonClass: 96K(192K)->96K(192K) Class: 4K(128K)->4K(128K)
[2024-08-27T15:01:15.676+0000][info][gc             ] GC(1259) Pause Young (Mixed) (G1 Evacuation Pause) 825M->792M(1024M) 12.022ms
[2024-08-27T15:01:15.676+0000][info][gc,cpu         ] GC(1259) User=0.26s Sys=0.00s Real=0.01s
[2024-08-27T15:01:15.694+0000][info][gc,start       ] GC(1260) Pause Young (Concurrent Start) (G1 Evacuation Pause)
[2024-08-27T15:01:15.694+0000][info][gc,task        ] GC(1260) Using 24 workers of 68 for evacuation
[2024-08-27T15:01:15.705+0000][info][gc,phases      ] GC(1260)   Pre Evacuate Collection Set: 0.3ms
[2024-08-27T15:01:15.705+0000][info][gc,phases      ] GC(1260)   Merge Heap Roots: 0.3ms
[2024-08-27T15:01:15.705+0000][info][gc,phases      ] GC(1260)   Evacuate Collection Set: 9.2ms
[2024-08-27T15:01:15.706+0000][info][gc,phases      ] GC(1260)   Post Evacuate Collection Set: 0.4ms
[2024-08-27T15:01:15.706+0000][info][gc,phases      ] GC(1260)   Other: 1.7ms
[2024-08-27T15:01:15.706+0000][info][gc,heap        ] GC(1260) Eden regions: 44->0(44)
[2024-08-27T15:01:15.706+0000][info][gc,heap        ] GC(1260) Survivor regions: 7->7(7)
[2024-08-27T15:01:15.706+0000][info][gc,heap        ] GC(1260) Old regions: 780->826
[2024-08-27T15:01:15.706+0000][info][gc,heap        ] GC(1260) Archive regions: 2->2
[2024-08-27T15:01:15.706+0000][info][gc,heap        ] GC(1260) Humongous regions: 5->5
[2024-08-27T15:01:15.706+0000][info][gc,metaspace   ] GC(1260) Metaspace: 100K(320K)->100K(320K) NonClass: 96K(192K)->96K(192K) Class: 4K(128K)->4K(128K)
[2024-08-27T15:01:15.706+0000][info][gc             ] GC(1260) Pause Young (Concurrent Start) (G1 Evacuation Pause) 836M->838M(1024M) 12.184ms
[2024-08-27T15:01:15.706+0000][info][gc,cpu         ] GC(1260) User=0.23s Sys=0.00s Real=0.01s
[2024-08-27T15:01:15.706+0000][info][gc             ] GC(1261) Concurrent Mark Cycle
[2024-08-27T15:01:15.706+0000][info][gc,marking     ] GC(1261) Concurrent Clear Claimed Marks
[2024-08-27T15:01:15.706+0000][info][gc,marking     ] GC(1261) Concurrent Clear Claimed Marks 0.012ms
[2024-08-27T15:01:15.706+0000][info][gc,marking     ] GC(1261) Concurrent Scan Root Regions
[2024-08-27T15:01:15.707+0000][info][gc,marking     ] GC(1261) Concurrent Scan Root Regions 1.401ms
[2024-08-27T15:01:15.707+0000][info][gc,marking     ] GC(1261) Concurrent Mark
[2024-08-27T15:01:15.707+0000][info][gc,marking     ] GC(1261) Concurrent Mark From Roots
[2024-08-27T15:01:15.707+0000][info][gc,task        ] GC(1261) Using 17 workers of 17 for marking
[2024-08-27T15:01:15.726+0000][info][gc,marking     ] GC(1261) Concurrent Mark From Roots 18.835ms
[2024-08-27T15:01:15.726+0000][info][gc,marking     ] GC(1261) Concurrent Preclean
[2024-08-27T15:01:15.727+0000][info][gc,marking     ] GC(1261) Concurrent Preclean 1.146ms
[2024-08-27T15:01:15.728+0000][info][gc,start       ] GC(1261) Pause Remark
[2024-08-27T15:01:15.730+0000][info][gc             ] GC(1261) Pause Remark 866M->866M(1024M) 1.717ms
[2024-08-27T15:01:15.730+0000][info][gc,cpu         ] GC(1261) User=0.00s Sys=0.00s Real=0.01s
[2024-08-27T15:01:15.730+0000][info][gc,marking     ] GC(1261) Concurrent Mark 22.297ms
[2024-08-27T15:01:15.730+0000][info][gc,marking     ] GC(1261) Concurrent Rebuild Remembered Sets
[2024-08-27T15:01:15.742+0000][info][gc,start       ] GC(1262) Pause Young (Normal) (G1 Evacuation Pause)
[2024-08-27T15:01:15.742+0000][info][gc,task        ] GC(1262) Using 24 workers of 68 for evacuation
[2024-08-27T15:01:15.752+0000][info][gc,phases      ] GC(1262)   Pre Evacuate Collection Set: 0.3ms
[2024-08-27T15:01:15.752+0000][info][gc,phases      ] GC(1262)   Merge Heap Roots: 0.4ms
[2024-08-27T15:01:15.752+0000][info][gc,phases      ] GC(1262)   Evacuate Collection Set: 8.8ms
[2024-08-27T15:01:15.752+0000][info][gc,phases      ] GC(1262)   Post Evacuate Collection Set: 0.5ms
[2024-08-27T15:01:15.752+0000][info][gc,phases      ] GC(1262)   Other: 0.3ms
[2024-08-27T15:01:15.752+0000][info][gc,heap        ] GC(1262) Eden regions: 44->0(44)
[2024-08-27T15:01:15.752+0000][info][gc,heap        ] GC(1262) Survivor regions: 7->7(7)
[2024-08-27T15:01:15.752+0000][info][gc,heap        ] GC(1262) Old regions: 826->873
[2024-08-27T15:01:15.752+0000][info][gc,heap        ] GC(1262) Archive regions: 2->2
[2024-08-27T15:01:15.752+0000][info][gc,heap        ] GC(1262) Humongous regions: 5->5
[2024-08-27T15:01:15.752+0000][info][gc,metaspace   ] GC(1262) Metaspace: 100K(320K)->100K(320K) NonClass: 96K(192K)->96K(192K) Class: 4K(128K)->4K(128K)
[2024-08-27T15:01:15.752+0000][info][gc             ] GC(1262) Pause Young (Normal) (G1 Evacuation Pause) 882M->885M(1024M) 10.378ms
[2024-08-27T15:01:15.752+0000][info][gc,cpu         ] GC(1262) User=0.22s Sys=0.00s Real=0.01s
[2024-08-27T15:01:15.783+0000][info][gc,start       ] GC(1263) Pause Young (Normal) (G1 Evacuation Pause)
[2024-08-27T15:01:15.783+0000][info][gc,task        ] GC(1263) Using 24 workers of 68 for evacuation
[2024-08-27T15:01:15.799+0000][info][gc,phases      ] GC(1263)   Pre Evacuate Collection Set: 0.2ms
[2024-08-27T15:01:15.799+0000][info][gc,phases      ] GC(1263)   Merge Heap Roots: 0.5ms
[2024-08-27T15:01:15.799+0000][info][gc,phases      ] GC(1263)   Evacuate Collection Set: 13.9ms
[2024-08-27T15:01:15.799+0000][info][gc,phases      ] GC(1263)   Post Evacuate Collection Set: 0.6ms
[2024-08-27T15:01:15.799+0000][info][gc,phases      ] GC(1263)   Other: 0.3ms
[2024-08-27T15:01:15.799+0000][info][gc,heap        ] GC(1263) Eden regions: 44->0(44)
[2024-08-27T15:01:15.799+0000][info][gc,heap        ] GC(1263) Survivor regions: 7->7(7)
[2024-08-27T15:01:15.799+0000][info][gc,heap        ] GC(1263) Old regions: 873->920
[2024-08-27T15:01:15.799+0000][info][gc,heap        ] GC(1263) Archive regions: 2->2
[2024-08-27T15:01:15.799+0000][info][gc,heap        ] GC(1263) Humongous regions: 5->5
[2024-08-27T15:01:15.799+0000][info][gc,metaspace   ] GC(1263) Metaspace: 100K(320K)->100K(320K) NonClass: 96K(192K)->96K(192K) Class: 4K(128K)->4K(128K)
[2024-08-27T15:01:15.799+0000][info][gc             ] GC(1263) Pause Young (Normal) (G1 Evacuation Pause) 929M->932M(1024M) 15.770ms
[2024-08-27T15:01:15.799+0000][info][gc,cpu         ] GC(1263) User=0.34s Sys=0.00s Real=0.02s
[2024-08-27T15:01:15.814+0000][info][gc,marking     ] GC(1261) Concurrent Rebuild Remembered Sets 84.398ms
[2024-08-27T15:01:15.815+0000][info][gc,start       ] GC(1261) Pause Cleanup
[2024-08-27T15:01:15.818+0000][info][gc             ] GC(1261) Pause Cleanup 950M->950M(1024M) 3.127ms
[2024-08-27T15:01:15.818+0000][info][gc,cpu         ] GC(1261) User=0.01s Sys=0.00s Real=0.01s
[2024-08-27T15:01:15.818+0000][info][gc,marking     ] GC(1261) Concurrent Cleanup for Next Mark
[2024-08-27T15:01:15.819+0000][info][gc,marking     ] GC(1261) Concurrent Cleanup for Next Mark 0.710ms
[2024-08-27T15:01:15.819+0000][info][gc             ] GC(1261) Concurrent Mark Cycle 112.684ms
[2024-08-27T15:01:15.830+0000][info][gc,start       ] GC(1264) Pause Young (Prepare Mixed) (G1 Preventive Collection)
[2024-08-27T15:01:15.830+0000][info][gc,task        ] GC(1264) Using 24 workers of 68 for evacuation
[2024-08-27T15:01:15.846+0000][info][gc,phases      ] GC(1264)   Pre Evacuate Collection Set: 0.3ms
[2024-08-27T15:01:15.846+0000][info][gc,phases      ] GC(1264)   Merge Heap Roots: 0.6ms
[2024-08-27T15:01:15.846+0000][info][gc,phases      ] GC(1264)   Evacuate Collection Set: 14.9ms
[2024-08-27T15:01:15.846+0000][info][gc,phases      ] GC(1264)   Post Evacuate Collection Set: 0.4ms
[2024-08-27T15:01:15.846+0000][info][gc,phases      ] GC(1264)   Other: 0.3ms
[2024-08-27T15:01:15.846+0000][info][gc,heap        ] GC(1264) Eden regions: 39->0(44)
[2024-08-27T15:01:15.846+0000][info][gc,heap        ] GC(1264) Survivor regions: 7->7(7)
[2024-08-27T15:01:15.846+0000][info][gc,heap        ] GC(1264) Old regions: 920->962
[2024-08-27T15:01:15.846+0000][info][gc,heap        ] GC(1264) Archive regions: 2->2
[2024-08-27T15:01:15.846+0000][info][gc,heap        ] GC(1264) Humongous regions: 5->5
[2024-08-27T15:01:15.846+0000][info][gc,metaspace   ] GC(1264) Metaspace: 100K(320K)->100K(320K) NonClass: 96K(192K)->96K(192K) Class: 4K(128K)->4K(128K)
[2024-08-27T15:01:15.846+0000][info][gc             ] GC(1264) Pause Young (Prepare Mixed) (G1 Preventive Collection) 971M->974M(1024M) 16.641ms
[2024-08-27T15:01:15.847+0000][info][gc,cpu         ] GC(1264) User=0.35s Sys=0.01s Real=0.01s
[2024-08-27T15:01:15.856+0000][info][gc,start       ] GC(1265) Pause Young (Mixed) (G1 Preventive Collection)
[2024-08-27T15:01:15.856+0000][info][gc,task        ] GC(1265) Using 24 workers of 68 for evacuation
[2024-08-27T15:01:15.863+0000][info][gc,phases      ] GC(1265)   Pre Evacuate Collection Set: 0.3ms
[2024-08-27T15:01:15.863+0000][info][gc,phases      ] GC(1265)   Merge Heap Roots: 0.3ms
[2024-08-27T15:01:15.863+0000][info][gc,phases      ] GC(1265)   Evacuate Collection Set: 6.2ms
[2024-08-27T15:01:15.863+0000][info][gc,phases      ] GC(1265)   Post Evacuate Collection Set: 0.4ms
[2024-08-27T15:01:15.864+0000][info][gc,phases      ] GC(1265)   Other: 0.3ms
[2024-08-27T15:01:15.864+0000][info][gc,heap        ] GC(1265) Eden regions: 19->0(44)
[2024-08-27T15:01:15.864+0000][info][gc,heap        ] GC(1265) Survivor regions: 7->7(7)
[2024-08-27T15:01:15.864+0000][info][gc,heap        ] GC(1265) Old regions: 962->881
[2024-08-27T15:01:15.864+0000][info][gc,heap        ] GC(1265) Archive regions: 2->2
[2024-08-27T15:01:15.864+0000][info][gc,heap        ] GC(1265) Humongous regions: 5->5
[2024-08-27T15:01:15.864+0000][info][gc,metaspace   ] GC(1265) Metaspace: 100K(320K)->100K(320K) NonClass: 96K(192K)->96K(192K) Class: 4K(128K)->4K(128K)
[2024-08-27T15:01:15.864+0000][info][gc             ] GC(1265) Pause Young (Mixed) (G1 Preventive Collection) 993M->893M(1024M) 7.782ms
[2024-08-27T15:01:15.864+0000][info][gc,cpu         ] GC(1265) User=0.15s Sys=0.00s Real=0.01s
[2024-08-27T15:01:15.882+0000][info][gc,start       ] GC(1266) Pause Young (Mixed) (G1 Evacuation Pause)
[2024-08-27T15:01:15.882+0000][info][gc,task        ] GC(1266) Using 24 workers of 68 for evacuation
[2024-08-27T15:01:15.893+0000][info][gc,phases      ] GC(1266)   Pre Evacuate Collection Set: 0.3ms
[2024-08-27T15:01:15.893+0000][info][gc,phases      ] GC(1266)   Merge Heap Roots: 0.5ms
[2024-08-27T15:01:15.893+0000][info][gc,phases      ] GC(1266)   Evacuate Collection Set: 9.6ms
[2024-08-27T15:01:15.893+0000][info][gc,phases      ] GC(1266)   Post Evacuate Collection Set: 0.4ms
[2024-08-27T15:01:15.893+0000][info][gc,phases      ] GC(1266)   Other: 0.4ms
[2024-08-27T15:01:15.893+0000][info][gc,heap        ] GC(1266) Eden regions: 44->0(44)
[2024-08-27T15:01:15.893+0000][info][gc,heap        ] GC(1266) Survivor regions: 7->7(7)
[2024-08-27T15:01:15.893+0000][info][gc,heap        ] GC(1266) Old regions: 881->823
[2024-08-27T15:01:15.893+0000][info][gc,heap        ] GC(1266) Archive regions: 2->2
[2024-08-27T15:01:15.893+0000][info][gc,heap        ] GC(1266) Humongous regions: 5->5
[2024-08-27T15:01:15.893+0000][info][gc,metaspace   ] GC(1266) Metaspace: 100K(320K)->100K(320K) NonClass: 96K(192K)->96K(192K) Class: 4K(128K)->4K(128K)
[2024-08-27T15:01:15.893+0000][info][gc             ] GC(1266) Pause Young (Mixed) (G1 Evacuation Pause) 937M->835M(1024M) 11.453ms
[2024-08-27T15:01:15.893+0000][info][gc,cpu         ] GC(1266) User=0.24s Sys=0.00s Real=0.01s
[2024-08-27T15:01:15.911+0000][info][gc,start       ] GC(1267) Pause Young (Mixed) (G1 Evacuation Pause)
[2024-08-27T15:01:15.911+0000][info][gc,task        ] GC(1267) Using 24 workers of 68 for evacuation
[2024-08-27T15:01:15.922+0000][info][gc,phases      ] GC(1267)   Pre Evacuate Collection Set: 0.3ms
[2024-08-27T15:01:15.922+0000][info][gc,phases      ] GC(1267)   Merge Heap Roots: 0.4ms
[2024-08-27T15:01:15.922+0000][info][gc,phases      ] GC(1267)   Evacuate Collection Set: 9.7ms
[2024-08-27T15:01:15.922+0000][info][gc,phases      ] GC(1267)   Post Evacuate Collection Set: 0.4ms
[2024-08-27T15:01:15.922+0000][info][gc,phases      ] GC(1267)   Other: 0.4ms
[2024-08-27T15:01:15.922+0000][info][gc,heap        ] GC(1267) Eden regions: 44->0(44)
[2024-08-27T15:01:15.922+0000][info][gc,heap        ] GC(1267) Survivor regions: 7->7(7)
[2024-08-27T15:01:15.922+0000][info][gc,heap        ] GC(1267) Old regions: 823->767
[2024-08-27T15:01:15.922+0000][info][gc,heap        ] GC(1267) Archive regions: 2->2
[2024-08-27T15:01:15.922+0000][info][gc,heap        ] GC(1267) Humongous regions: 5->5
[2024-08-27T15:01:15.922+0000][info][gc,metaspace   ] GC(1267) Metaspace: 100K(320K)->100K(320K) NonClass: 96K(192K)->96K(192K) Class: 4K(128K)->4K(128K)
[2024-08-27T15:01:15.923+0000][info][gc             ] GC(1267) Pause Young (Mixed) (G1 Evacuation Pause) 879M->779M(1024M) 11.359ms
[2024-08-27T15:01:15.923+0000][info][gc,cpu         ] GC(1267) User=0.24s Sys=0.00s Real=0.01s
[2024-08-27T15:01:15.940+0000][info][gc,start       ] GC(1268) Pause Young (Mixed) (G1 Evacuation Pause)
[2024-08-27T15:01:15.941+0000][info][gc,task        ] GC(1268) Using 24 workers of 68 for evacuation
[2024-08-27T15:01:15.952+0000][info][gc,phases      ] GC(1268)   Pre Evacuate Collection Set: 0.2ms
[2024-08-27T15:01:15.952+0000][info][gc,phases      ] GC(1268)   Merge Heap Roots: 0.3ms
[2024-08-27T15:01:15.952+0000][info][gc,phases      ] GC(1268)   Evacuate Collection Set: 10.4ms
[2024-08-27T15:01:15.952+0000][info][gc,phases      ] GC(1268)   Post Evacuate Collection Set: 0.4ms
[2024-08-27T15:01:15.952+0000][info][gc,phases      ] GC(1268)   Other: 0.4ms
[2024-08-27T15:01:15.952+0000][info][gc,heap        ] GC(1268) Eden regions: 44->0(44)
[2024-08-27T15:01:15.952+0000][info][gc,heap        ] GC(1268) Survivor regions: 7->7(7)
[2024-08-27T15:01:15.952+0000][info][gc,heap        ] GC(1268) Old regions: 767->787
[2024-08-27T15:01:15.952+0000][info][gc,heap        ] GC(1268) Archive regions: 2->2
[2024-08-27T15:01:15.952+0000][info][gc,heap        ] GC(1268) Humongous regions: 5->5
[2024-08-27T15:01:15.952+0000][info][gc,metaspace   ] GC(1268) Metaspace: 100K(320K)->100K(320K) NonClass: 96K(192K)->96K(192K) Class: 4K(128K)->4K(128K)
[2024-08-27T15:01:15.952+0000][info][gc             ] GC(1268) Pause Young (Mixed) (G1 Evacuation Pause) 823M->799M(1024M) 11.877ms
[2024-08-27T15:01:15.952+0000][info][gc,cpu         ] GC(1268) User=0.25s Sys=0.00s Real=0.01s
[2024-08-27T15:01:15.971+0000][info][gc,start       ] GC(1269) Pause Young (Concurrent Start) (G1 Evacuation Pause)
[2024-08-27T15:01:15.971+0000][info][gc,task        ] GC(1269) Using 24 workers of 68 for evacuation
[2024-08-27T15:01:15.983+0000][info][gc,phases      ] GC(1269)   Pre Evacuate Collection Set: 0.2ms
[2024-08-27T15:01:15.983+0000][info][gc,phases      ] GC(1269)   Merge Heap Roots: 0.4ms
[2024-08-27T15:01:15.983+0000][info][gc,phases      ] GC(1269)   Evacuate Collection Set: 9.6ms
[2024-08-27T15:01:15.983+0000][info][gc,phases      ] GC(1269)   Post Evacuate Collection Set: 0.4ms
[2024-08-27T15:01:15.983+0000][info][gc,phases      ] GC(1269)   Other: 1.1ms
[2024-08-27T15:01:15.983+0000][info][gc,heap        ] GC(1269) Eden regions: 44->0(44)
[2024-08-27T15:01:15.983+0000][info][gc,heap        ] GC(1269) Survivor regions: 7->7(7)
[2024-08-27T15:01:15.983+0000][info][gc,heap        ] GC(1269) Old regions: 787->834
[2024-08-27T15:01:15.983+0000][info][gc,heap        ] GC(1269) Archive regions: 2->2
[2024-08-27T15:01:15.983+0000][info][gc,heap        ] GC(1269) Humongous regions: 5->5
[2024-08-27T15:01:15.983+0000][info][gc,metaspace   ] GC(1269) Metaspace: 100K(320K)->100K(320K) NonClass: 96K(192K)->96K(192K) Class: 4K(128K)->4K(128K)
[2024-08-27T15:01:15.983+0000][info][gc             ] GC(1269) Pause Young (Concurrent Start) (G1 Evacuation Pause) 843M->846M(1024M) 11.863ms
[2024-08-27T15:01:15.983+0000][info][gc,cpu         ] GC(1269) User=0.24s Sys=0.00s Real=0.01s
[2024-08-27T15:01:15.983+0000][info][gc             ] GC(1270) Concurrent Mark Cycle
[2024-08-27T15:01:15.983+0000][info][gc,marking     ] GC(1270) Concurrent Clear Claimed Marks
[2024-08-27T15:01:15.983+0000][info][gc,marking     ] GC(1270) Concurrent Clear Claimed Marks 0.013ms
[2024-08-27T15:01:15.983+0000][info][gc,marking     ] GC(1270) Concurrent Scan Root Regions
[2024-08-27T15:01:15.985+0000][info][gc,marking     ] GC(1270) Concurrent Scan Root Regions 1.462ms
[2024-08-27T15:01:15.985+0000][info][gc,marking     ] GC(1270) Concurrent Mark
[2024-08-27T15:01:15.985+0000][info][gc,marking     ] GC(1270) Concurrent Mark From Roots
[2024-08-27T15:01:15.985+0000][info][gc,task        ] GC(1270) Using 17 workers of 17 for marking
[2024-08-27T15:01:16.004+0000][info][gc,marking     ] GC(1270) Concurrent Mark From Roots 19.596ms
[2024-08-27T15:01:16.004+0000][info][gc,marking     ] GC(1270) Concurrent Preclean
[2024-08-27T15:01:16.006+0000][info][gc,marking     ] GC(1270) Concurrent Preclean 1.182ms
[2024-08-27T15:01:16.006+0000][info][gc,start       ] GC(1270) Pause Remark
[2024-08-27T15:01:16.008+0000][info][gc             ] GC(1270) Pause Remark 874M->874M(1024M) 1.830ms
[2024-08-27T15:01:16.008+0000][info][gc,cpu         ] GC(1270) User=0.00s Sys=0.00s Real=0.00s
[2024-08-27T15:01:16.008+0000][info][gc,marking     ] GC(1270) Concurrent Mark 23.197ms
[2024-08-27T15:01:16.008+0000][info][gc,marking     ] GC(1270) Concurrent Rebuild Remembered Sets
[2024-08-27T15:01:16.019+0000][info][gc,start       ] GC(1271) Pause Young (Normal) (G1 Evacuation Pause)
[2024-08-27T15:01:16.019+0000][info][gc,task        ] GC(1271) Using 24 workers of 68 for evacuation
[2024-08-27T15:01:16.030+0000][info][gc,phases      ] GC(1271)   Pre Evacuate Collection Set: 0.2ms
[2024-08-27T15:01:16.030+0000][info][gc,phases      ] GC(1271)   Merge Heap Roots: 0.3ms
[2024-08-27T15:01:16.030+0000][info][gc,phases      ] GC(1271)   Evacuate Collection Set: 9.2ms
[2024-08-27T15:01:16.030+0000][info][gc,phases      ] GC(1271)   Post Evacuate Collection Set: 0.5ms
[2024-08-27T15:01:16.030+0000][info][gc,phases      ] GC(1271)   Other: 0.3ms
[2024-08-27T15:01:16.030+0000][info][gc,heap        ] GC(1271) Eden regions: 44->0(44)
[2024-08-27T15:01:16.030+0000][info][gc,heap        ] GC(1271) Survivor regions: 7->7(7)
[2024-08-27T15:01:16.030+0000][info][gc,heap        ] GC(1271) Old regions: 834->881
[2024-08-27T15:01:16.030+0000][info][gc,heap        ] GC(1271) Archive regions: 2->2
[2024-08-27T15:01:16.030+0000][info][gc,heap        ] GC(1271) Humongous regions: 5->5
[2024-08-27T15:01:16.030+0000][info][gc,metaspace   ] GC(1271) Metaspace: 100K(320K)->100K(320K) NonClass: 96K(192K)->96K(192K) Class: 4K(128K)->4K(128K)
[2024-08-27T15:01:16.030+0000][info][gc             ] GC(1271) Pause Young (Normal) (G1 Evacuation Pause) 890M->893M(1024M) 10.810ms
[2024-08-27T15:01:16.030+0000][info][gc,cpu         ] GC(1271) User=0.23s Sys=0.00s Real=0.01s
[2024-08-27T15:01:16.058+0000][info][gc,start       ] GC(1272) Pause Young (Normal) (G1 Evacuation Pause)
[2024-08-27T15:01:16.058+0000][info][gc,task        ] GC(1272) Using 24 workers of 68 for evacuation
[2024-08-27T15:01:16.071+0000][info][gc,phases      ] GC(1272)   Pre Evacuate Collection Set: 0.3ms
[2024-08-27T15:01:16.071+0000][info][gc,phases      ] GC(1272)   Merge Heap Roots: 0.5ms
[2024-08-27T15:01:16.071+0000][info][gc,phases      ] GC(1272)   Evacuate Collection Set: 12.2ms
[2024-08-27T15:01:16.071+0000][info][gc,phases      ] GC(1272)   Post Evacuate Collection Set: 0.6ms
[2024-08-27T15:01:16.071+0000][info][gc,phases      ] GC(1272)   Other: 0.4ms
[2024-08-27T15:01:16.071+0000][info][gc,heap        ] GC(1272) Eden regions: 44->0(44)
[2024-08-27T15:01:16.071+0000][info][gc,heap        ] GC(1272) Survivor regions: 7->7(7)
[2024-08-27T15:01:16.072+0000][info][gc,heap        ] GC(1272) Old regions: 881->928
[2024-08-27T15:01:16.072+0000][info][gc,heap        ] GC(1272) Archive regions: 2->2
[2024-08-27T15:01:16.072+0000][info][gc,heap        ] GC(1272) Humongous regions: 5->5
[2024-08-27T15:01:16.072+0000][info][gc,metaspace   ] GC(1272) Metaspace: 100K(320K)->100K(320K) NonClass: 96K(192K)->96K(192K) Class: 4K(128K)->4K(128K)
[2024-08-27T15:01:16.072+0000][info][gc             ] GC(1272) Pause Young (Normal) (G1 Evacuation Pause) 937M->940M(1024M) 14.033ms
[2024-08-27T15:01:16.072+0000][info][gc,cpu         ] GC(1272) User=0.31s Sys=0.00s Real=0.01s
[2024-08-27T15:01:16.093+0000][info][gc,marking     ] GC(1270) Concurrent Rebuild Remembered Sets 84.557ms
[2024-08-27T15:01:16.093+0000][info][gc,start       ] GC(1270) Pause Cleanup
[2024-08-27T15:01:16.096+0000][info][gc             ] GC(1270) Pause Cleanup 970M->970M(1024M) 3.307ms
[2024-08-27T15:01:16.096+0000][info][gc,cpu         ] GC(1270) User=0.01s Sys=0.00s Real=0.00s
[2024-08-27T15:01:16.097+0000][info][gc,marking     ] GC(1270) Concurrent Cleanup for Next Mark
[2024-08-27T15:01:16.097+0000][info][gc,marking     ] GC(1270) Concurrent Cleanup for Next Mark 0.566ms
[2024-08-27T15:01:16.097+0000][info][gc             ] GC(1270) Concurrent Mark Cycle 113.893ms
[2024-08-27T15:01:16.100+0000][info][gc,start       ] GC(1273) Pause Young (Prepare Mixed) (G1 Preventive Collection)
[2024-08-27T15:01:16.100+0000][info][gc,task        ] GC(1273) Using 24 workers of 68 for evacuation
[2024-08-27T15:01:16.115+0000][info][gc,phases      ] GC(1273)   Pre Evacuate Collection Set: 0.2ms
[2024-08-27T15:01:16.115+0000][info][gc,phases      ] GC(1273)   Merge Heap Roots: 0.6ms
[2024-08-27T15:01:16.115+0000][info][gc,phases      ] GC(1273)   Evacuate Collection Set: 13.1ms
[2024-08-27T15:01:16.115+0000][info][gc,phases      ] GC(1273)   Post Evacuate Collection Set: 0.4ms
[2024-08-27T15:01:16.115+0000][info][gc,phases      ] GC(1273)   Other: 0.3ms
[2024-08-27T15:01:16.115+0000][info][gc,heap        ] GC(1273) Eden regions: 36->0(44)
[2024-08-27T15:01:16.115+0000][info][gc,heap        ] GC(1273) Survivor regions: 7->7(7)
[2024-08-27T15:01:16.115+0000][info][gc,heap        ] GC(1273) Old regions: 928->966
[2024-08-27T15:01:16.115+0000][info][gc,heap        ] GC(1273) Archive regions: 2->2
[2024-08-27T15:01:16.115+0000][info][gc,heap        ] GC(1273) Humongous regions: 5->5
[2024-08-27T15:01:16.115+0000][info][gc,metaspace   ] GC(1273) Metaspace: 100K(320K)->100K(320K) NonClass: 96K(192K)->96K(192K) Class: 4K(128K)->4K(128K)
[2024-08-27T15:01:16.115+0000][info][gc             ] GC(1273) Pause Young (Prepare Mixed) (G1 Preventive Collection) 976M->978M(1024M) 14.780ms
[2024-08-27T15:01:16.115+0000][info][gc,cpu         ] GC(1273) User=0.33s Sys=0.00s Real=0.01s
[2024-08-27T15:01:16.123+0000][info][gc,start       ] GC(1274) Pause Young (Mixed) (G1 Preventive Collection)
[2024-08-27T15:01:16.123+0000][info][gc,task        ] GC(1274) Using 24 workers of 68 for evacuation
[2024-08-27T15:01:16.130+0000][info][gc,phases      ] GC(1274)   Pre Evacuate Collection Set: 0.3ms
[2024-08-27T15:01:16.130+0000][info][gc,phases      ] GC(1274)   Merge Heap Roots: 0.3ms
[2024-08-27T15:01:16.130+0000][info][gc,phases      ] GC(1274)   Evacuate Collection Set: 5.5ms
[2024-08-27T15:01:16.130+0000][info][gc,phases      ] GC(1274)   Post Evacuate Collection Set: 0.4ms
[2024-08-27T15:01:16.130+0000][info][gc,phases      ] GC(1274)   Other: 0.3ms
[2024-08-27T15:01:16.130+0000][info][gc,heap        ] GC(1274) Eden regions: 17->0(44)
[2024-08-27T15:01:16.130+0000][info][gc,heap        ] GC(1274) Survivor regions: 7->7(7)
[2024-08-27T15:01:16.130+0000][info][gc,heap        ] GC(1274) Old regions: 966->883
[2024-08-27T15:01:16.130+0000][info][gc,heap        ] GC(1274) Archive regions: 2->2
[2024-08-27T15:01:16.130+0000][info][gc,heap        ] GC(1274) Humongous regions: 5->5
[2024-08-27T15:01:16.130+0000][info][gc,metaspace   ] GC(1274) Metaspace: 100K(320K)->100K(320K) NonClass: 96K(192K)->96K(192K) Class: 4K(128K)->4K(128K)
[2024-08-27T15:01:16.130+0000][info][gc             ] GC(1274) Pause Young (Mixed) (G1 Preventive Collection) 995M->895M(1024M) 7.106ms
[2024-08-27T15:01:16.130+0000][info][gc,cpu         ] GC(1274) User=0.13s Sys=0.00s Real=0.01s
[2024-08-27T15:01:16.149+0000][info][gc,start       ] GC(1275) Pause Young (Mixed) (G1 Evacuation Pause)
[2024-08-27T15:01:16.149+0000][info][gc,task        ] GC(1275) Using 24 workers of 68 for evacuation
[2024-08-27T15:01:16.159+0000][info][gc,phases      ] GC(1275)   Pre Evacuate Collection Set: 0.3ms
[2024-08-27T15:01:16.159+0000][info][gc,phases      ] GC(1275)   Merge Heap Roots: 0.4ms
[2024-08-27T15:01:16.159+0000][info][gc,phases      ] GC(1275)   Evacuate Collection Set: 9.2ms
[2024-08-27T15:01:16.159+0000][info][gc,phases      ] GC(1275)   Post Evacuate Collection Set: 0.4ms
[2024-08-27T15:01:16.159+0000][info][gc,phases      ] GC(1275)   Other: 0.4ms
[2024-08-27T15:01:16.159+0000][info][gc,heap        ] GC(1275) Eden regions: 44->0(44)
[2024-08-27T15:01:16.159+0000][info][gc,heap        ] GC(1275) Survivor regions: 7->7(7)
[2024-08-27T15:01:16.159+0000][info][gc,heap        ] GC(1275) Old regions: 883->825
[2024-08-27T15:01:16.159+0000][info][gc,heap        ] GC(1275) Archive regions: 2->2
[2024-08-27T15:01:16.159+0000][info][gc,heap        ] GC(1275) Humongous regions: 5->5
[2024-08-27T15:01:16.159+0000][info][gc,metaspace   ] GC(1275) Metaspace: 100K(320K)->100K(320K) NonClass: 96K(192K)->96K(192K) Class: 4K(128K)->4K(128K)
[2024-08-27T15:01:16.160+0000][info][gc             ] GC(1275) Pause Young (Mixed) (G1 Evacuation Pause) 939M->837M(1024M) 10.945ms
[2024-08-27T15:01:16.160+0000][info][gc,cpu         ] GC(1275) User=0.20s Sys=0.03s Real=0.02s
[2024-08-27T15:01:16.177+0000][info][gc,start       ] GC(1276) Pause Young (Mixed) (G1 Evacuation Pause)
[2024-08-27T15:01:16.177+0000][info][gc,task        ] GC(1276) Using 24 workers of 68 for evacuation
[2024-08-27T15:01:16.188+0000][info][gc,phases      ] GC(1276)   Pre Evacuate Collection Set: 0.4ms
[2024-08-27T15:01:16.188+0000][info][gc,phases      ] GC(1276)   Merge Heap Roots: 0.4ms
[2024-08-27T15:01:16.188+0000][info][gc,phases      ] GC(1276)   Evacuate Collection Set: 9.5ms
[2024-08-27T15:01:16.188+0000][info][gc,phases      ] GC(1276)   Post Evacuate Collection Set: 0.4ms
[2024-08-27T15:01:16.189+0000][info][gc,phases      ] GC(1276)   Other: 0.4ms
[2024-08-27T15:01:16.189+0000][info][gc,heap        ] GC(1276) Eden regions: 44->0(44)
[2024-08-27T15:01:16.189+0000][info][gc,heap        ] GC(1276) Survivor regions: 7->7(7)
[2024-08-27T15:01:16.189+0000][info][gc,heap        ] GC(1276) Old regions: 825->770
[2024-08-27T15:01:16.189+0000][info][gc,heap        ] GC(1276) Archive regions: 2->2
[2024-08-27T15:01:16.189+0000][info][gc,heap        ] GC(1276) Humongous regions: 5->5
[2024-08-27T15:01:16.189+0000][info][gc,metaspace   ] GC(1276) Metaspace: 100K(320K)->100K(320K) NonClass: 96K(192K)->96K(192K) Class: 4K(128K)->4K(128K)
[2024-08-27T15:01:16.189+0000][info][gc             ] GC(1276) Pause Young (Mixed) (G1 Evacuation Pause) 881M->782M(1024M) 11.349ms
[2024-08-27T15:01:16.189+0000][info][gc,cpu         ] GC(1276) User=0.23s Sys=0.00s Real=0.01s
[2024-08-27T15:01:16.207+0000][info][gc,start       ] GC(1277) Pause Young (Mixed) (G1 Evacuation Pause)
[2024-08-27T15:01:16.207+0000][info][gc,task        ] GC(1277) Using 24 workers of 68 for evacuation
[2024-08-27T15:01:16.218+0000][info][gc,phases      ] GC(1277)   Pre Evacuate Collection Set: 0.2ms
[2024-08-27T15:01:16.218+0000][info][gc,phases      ] GC(1277)   Merge Heap Roots: 0.3ms
[2024-08-27T15:01:16.218+0000][info][gc,phases      ] GC(1277)   Evacuate Collection Set: 10.1ms
[2024-08-27T15:01:16.218+0000][info][gc,phases      ] GC(1277)   Post Evacuate Collection Set: 0.4ms
[2024-08-27T15:01:16.218+0000][info][gc,phases      ] GC(1277)   Other: 0.2ms
[2024-08-27T15:01:16.218+0000][info][gc,heap        ] GC(1277) Eden regions: 44->0(44)
[2024-08-27T15:01:16.218+0000][info][gc,heap        ] GC(1277) Survivor regions: 7->7(7)
[2024-08-27T15:01:16.218+0000][info][gc,heap        ] GC(1277) Old regions: 770->783
[2024-08-27T15:01:16.218+0000][info][gc,heap        ] GC(1277) Archive regions: 2->2
[2024-08-27T15:01:16.218+0000][info][gc,heap        ] GC(1277) Humongous regions: 5->5
[2024-08-27T15:01:16.218+0000][info][gc,metaspace   ] GC(1277) Metaspace: 100K(320K)->100K(320K) NonClass: 96K(192K)->96K(192K) Class: 4K(128K)->4K(128K)
[2024-08-27T15:01:16.219+0000][info][gc             ] GC(1277) Pause Young (Mixed) (G1 Evacuation Pause) 826M->795M(1024M) 11.573ms
[2024-08-27T15:01:16.219+0000][info][gc,cpu         ] GC(1277) User=0.24s Sys=0.01s Real=0.02s
[2024-08-27T15:01:16.237+0000][info][gc,start       ] GC(1278) Pause Young (Concurrent Start) (G1 Evacuation Pause)
[2024-08-27T15:01:16.237+0000][info][gc,task        ] GC(1278) Using 24 workers of 68 for evacuation
[2024-08-27T15:01:16.247+0000][info][gc,phases      ] GC(1278)   Pre Evacuate Collection Set: 0.2ms
[2024-08-27T15:01:16.248+0000][info][gc,phases      ] GC(1278)   Merge Heap Roots: 0.4ms
[2024-08-27T15:01:16.248+0000][info][gc,phases      ] GC(1278)   Evacuate Collection Set: 9.1ms
[2024-08-27T15:01:16.248+0000][info][gc,phases      ] GC(1278)   Post Evacuate Collection Set: 0.3ms
[2024-08-27T15:01:16.248+0000][info][gc,phases      ] GC(1278)   Other: 0.9ms
[2024-08-27T15:01:16.248+0000][info][gc,heap        ] GC(1278) Eden regions: 44->0(44)
[2024-08-27T15:01:16.248+0000][info][gc,heap        ] GC(1278) Survivor regions: 7->7(7)
[2024-08-27T15:01:16.248+0000][info][gc,heap        ] GC(1278) Old regions: 783->830
[2024-08-27T15:01:16.248+0000][info][gc,heap        ] GC(1278) Archive regions: 2->2
[2024-08-27T15:01:16.248+0000][info][gc,heap        ] GC(1278) Humongous regions: 5->5
[2024-08-27T15:01:16.248+0000][info][gc,metaspace   ] GC(1278) Metaspace: 100K(320K)->100K(320K) NonClass: 96K(192K)->96K(192K) Class: 4K(128K)->4K(128K)
[2024-08-27T15:01:16.248+0000][info][gc             ] GC(1278) Pause Young (Concurrent Start) (G1 Evacuation Pause) 839M->842M(1024M) 11.067ms
[2024-08-27T15:01:16.248+0000][info][gc,cpu         ] GC(1278) User=0.22s Sys=0.01s Real=0.01s
[2024-08-27T15:01:16.248+0000][info][gc             ] GC(1279) Concurrent Mark Cycle
[2024-08-27T15:01:16.248+0000][info][gc,marking     ] GC(1279) Concurrent Clear Claimed Marks
[2024-08-27T15:01:16.248+0000][info][gc,marking     ] GC(1279) Concurrent Clear Claimed Marks 0.013ms
[2024-08-27T15:01:16.248+0000][info][gc,marking     ] GC(1279) Concurrent Scan Root Regions
[2024-08-27T15:01:16.249+0000][info][gc,marking     ] GC(1279) Concurrent Scan Root Regions 1.433ms
[2024-08-27T15:01:16.249+0000][info][gc,marking     ] GC(1279) Concurrent Mark
[2024-08-27T15:01:16.249+0000][info][gc,marking     ] GC(1279) Concurrent Mark From Roots
[2024-08-27T15:01:16.249+0000][info][gc,task        ] GC(1279) Using 17 workers of 17 for marking
[2024-08-27T15:01:16.269+0000][info][gc,marking     ] GC(1279) Concurrent Mark From Roots 19.796ms
[2024-08-27T15:01:16.269+0000][info][gc,marking     ] GC(1279) Concurrent Preclean
[2024-08-27T15:01:16.270+0000][info][gc,marking     ] GC(1279) Concurrent Preclean 0.374ms
[2024-08-27T15:01:16.270+0000][info][gc,start       ] GC(1279) Pause Remark
[2024-08-27T15:01:16.272+0000][info][gc             ] GC(1279) Pause Remark 870M->870M(1024M) 1.615ms
[2024-08-27T15:01:16.272+0000][info][gc,cpu         ] GC(1279) User=0.00s Sys=0.00s Real=0.00s
[2024-08-27T15:01:16.272+0000][info][gc,marking     ] GC(1279) Concurrent Mark 22.331ms
[2024-08-27T15:01:16.272+0000][info][gc,marking     ] GC(1279) Concurrent Rebuild Remembered Sets
[2024-08-27T15:01:16.285+0000][info][gc,start       ] GC(1280) Pause Young (Normal) (G1 Evacuation Pause)
[2024-08-27T15:01:16.285+0000][info][gc,task        ] GC(1280) Using 24 workers of 68 for evacuation
[2024-08-27T15:01:16.295+0000][info][gc,phases      ] GC(1280)   Pre Evacuate Collection Set: 0.2ms
[2024-08-27T15:01:16.295+0000][info][gc,phases      ] GC(1280)   Merge Heap Roots: 0.4ms
[2024-08-27T15:01:16.295+0000][info][gc,phases      ] GC(1280)   Evacuate Collection Set: 8.9ms
[2024-08-27T15:01:16.295+0000][info][gc,phases      ] GC(1280)   Post Evacuate Collection Set: 0.4ms
[2024-08-27T15:01:16.295+0000][info][gc,phases      ] GC(1280)   Other: 0.3ms
[2024-08-27T15:01:16.295+0000][info][gc,heap        ] GC(1280) Eden regions: 44->0(44)
[2024-08-27T15:01:16.295+0000][info][gc,heap        ] GC(1280) Survivor regions: 7->7(7)
[2024-08-27T15:01:16.295+0000][info][gc,heap        ] GC(1280) Old regions: 830->877
[2024-08-27T15:01:16.295+0000][info][gc,heap        ] GC(1280) Archive regions: 2->2
[2024-08-27T15:01:16.295+0000][info][gc,heap        ] GC(1280) Humongous regions: 5->5
[2024-08-27T15:01:16.295+0000][info][gc,metaspace   ] GC(1280) Metaspace: 100K(320K)->100K(320K) NonClass: 96K(192K)->96K(192K) Class: 4K(128K)->4K(128K)
[2024-08-27T15:01:16.295+0000][info][gc             ] GC(1280) Pause Young (Normal) (G1 Evacuation Pause) 886M->889M(1024M) 10.465ms
[2024-08-27T15:01:16.296+0000][info][gc,cpu         ] GC(1280) User=0.22s Sys=0.01s Real=0.01s
[2024-08-27T15:01:16.327+0000][info][gc,start       ] GC(1281) Pause Young (Normal) (G1 Evacuation Pause)
[2024-08-27T15:01:16.327+0000][info][gc,task        ] GC(1281) Using 24 workers of 68 for evacuation
[2024-08-27T15:01:16.340+0000][info][gc,phases      ] GC(1281)   Pre Evacuate Collection Set: 0.2ms
[2024-08-27T15:01:16.340+0000][info][gc,phases      ] GC(1281)   Merge Heap Roots: 0.5ms
[2024-08-27T15:01:16.340+0000][info][gc,phases      ] GC(1281)   Evacuate Collection Set: 12.2ms
[2024-08-27T15:01:16.340+0000][info][gc,phases      ] GC(1281)   Post Evacuate Collection Set: 0.6ms
[2024-08-27T15:01:16.340+0000][info][gc,phases      ] GC(1281)   Other: 0.3ms
[2024-08-27T15:01:16.341+0000][info][gc,heap        ] GC(1281) Eden regions: 44->0(44)
[2024-08-27T15:01:16.341+0000][info][gc,heap        ] GC(1281) Survivor regions: 7->7(7)
[2024-08-27T15:01:16.341+0000][info][gc,heap        ] GC(1281) Old regions: 877->923
[2024-08-27T15:01:16.341+0000][info][gc,heap        ] GC(1281) Archive regions: 2->2
[2024-08-27T15:01:16.341+0000][info][gc,heap        ] GC(1281) Humongous regions: 5->5
[2024-08-27T15:01:16.341+0000][info][gc,metaspace   ] GC(1281) Metaspace: 100K(320K)->100K(320K) NonClass: 96K(192K)->96K(192K) Class: 4K(128K)->4K(128K)
[2024-08-27T15:01:16.341+0000][info][gc             ] GC(1281) Pause Young (Normal) (G1 Evacuation Pause) 933M->935M(1024M) 14.033ms
[2024-08-27T15:01:16.341+0000][info][gc,cpu         ] GC(1281) User=0.31s Sys=0.00s Real=0.02s
[2024-08-27T15:01:16.351+0000][info][gc,marking     ] GC(1279) Concurrent Rebuild Remembered Sets 79.481ms
[2024-08-27T15:01:16.352+0000][info][gc,start       ] GC(1279) Pause Cleanup
[2024-08-27T15:01:16.355+0000][info][gc             ] GC(1279) Pause Cleanup 949M->949M(1024M) 3.056ms
[2024-08-27T15:01:16.355+0000][info][gc,cpu         ] GC(1279) User=0.00s Sys=0.00s Real=0.00s
[2024-08-27T15:01:16.355+0000][info][gc,marking     ] GC(1279) Concurrent Cleanup for Next Mark
[2024-08-27T15:01:16.356+0000][info][gc,marking     ] GC(1279) Concurrent Cleanup for Next Mark 0.668ms
[2024-08-27T15:01:16.356+0000][info][gc             ] GC(1279) Concurrent Mark Cycle 107.854ms
[2024-08-27T15:01:16.369+0000][info][gc,start       ] GC(1282) Pause Young (Prepare Mixed) (G1 Preventive Collection)
[2024-08-27T15:01:16.369+0000][info][gc,task        ] GC(1282) Using 24 workers of 68 for evacuation
[2024-08-27T15:01:16.385+0000][info][gc,phases      ] GC(1282)   Pre Evacuate Collection Set: 0.2ms
[2024-08-27T15:01:16.385+0000][info][gc,phases      ] GC(1282)   Merge Heap Roots: 0.6ms
[2024-08-27T15:01:16.385+0000][info][gc,phases      ] GC(1282)   Evacuate Collection Set: 14.9ms
