[2024-08-28T13:03:53.847+0000][info][gc] Using G1
[2024-08-28T13:03:53.865+0000][info][gc,init] Version: 17.0.7+7-Ubuntu-0ubuntu118.04 (release)
[2024-08-28T13:03:53.865+0000][info][gc,init] CPUs: 104 total, 104 available
[2024-08-28T13:03:53.866+0000][info][gc,init] Memory: 251G
[2024-08-28T13:03:53.866+0000][info][gc,init] Large Page Support: Disabled
[2024-08-28T13:03:53.866+0000][info][gc,init] NUMA Support: Disabled
[2024-08-28T13:03:53.866+0000][info][gc,init] Compressed Oops: Enabled (32-bit)
[2024-08-28T13:03:53.866+0000][info][gc,init] Heap Region Size: 1M
[2024-08-28T13:03:53.866+0000][info][gc,init] Heap Min Capacity: 8M
[2024-08-28T13:03:53.866+0000][info][gc,init] Heap Initial Capacity: 1G
[2024-08-28T13:03:53.866+0000][info][gc,init] Heap Max Capacity: 1G
[2024-08-28T13:03:53.866+0000][info][gc,init] Pre-touch: Disabled
[2024-08-28T13:03:53.866+0000][info][gc,init] Parallel Workers: 68
[2024-08-28T13:03:53.866+0000][info][gc,init] Concurrent Workers: 17
[2024-08-28T13:03:53.866+0000][info][gc,init] Concurrent Refinement Workers: 68
[2024-08-28T13:03:53.866+0000][info][gc,init] Periodic GC: Disabled
[2024-08-28T13:03:53.866+0000][info][gc,metaspace] CDS archive(s) mapped at: [0x0000000800000000-0x0000000800be2000-0x0000000800be2000), size 12460032, SharedBaseAddress: 0x0000000800000000, ArchiveRelocationMode: 0.
[2024-08-28T13:03:53.866+0000][info][gc,metaspace] Compressed class space mapped at: 0x0000000801000000-0x0000000841000000, reserved size: 1073741824
[2024-08-28T13:03:53.866+0000][info][gc,metaspace] Narrow klass base: 0x0000000800000000, Narrow klass shift: 0, Narrow klass range: 0x100000000
[2024-08-28T13:03:53.955+0000][info][gc,start    ] GC(0) Pause Young (Normal) (G1 Evacuation Pause)
[2024-08-28T13:03:53.959+0000][info][gc,task     ] GC(0) Using 24 workers of 68 for evacuation
[2024-08-28T13:03:53.970+0000][info][gc,phases   ] GC(0)   Pre Evacuate Collection Set: 0.3ms
[2024-08-28T13:03:53.970+0000][info][gc,phases   ] GC(0)   Merge Heap Roots: 0.2ms
[2024-08-28T13:03:53.970+0000][info][gc,phases   ] GC(0)   Evacuate Collection Set: 10.1ms
[2024-08-28T13:03:53.970+0000][info][gc,phases   ] GC(0)   Post Evacuate Collection Set: 0.4ms
[2024-08-28T13:03:53.970+0000][info][gc,phases   ] GC(0)   Other: 4.6ms
[2024-08-28T13:03:53.970+0000][info][gc,heap     ] GC(0) Eden regions: 51->0(44)
[2024-08-28T13:03:53.970+0000][info][gc,heap     ] GC(0) Survivor regions: 0->7(7)
[2024-08-28T13:03:53.970+0000][info][gc,heap     ] GC(0) Old regions: 0->44
[2024-08-28T13:03:53.970+0000][info][gc,heap     ] GC(0) Archive regions: 2->2
[2024-08-28T13:03:53.970+0000][info][gc,heap     ] GC(0) Humongous regions: 0->0
[2024-08-28T13:03:53.970+0000][info][gc,metaspace] GC(0) Metaspace: 95K(320K)->95K(320K) NonClass: 91K(192K)->91K(192K) Class: 4K(128K)->4K(128K)
[2024-08-28T13:03:53.970+0000][info][gc          ] GC(0) Pause Young (Normal) (G1 Evacuation Pause) 51M->51M(1024M) 15.753ms
[2024-08-28T13:03:53.970+0000][info][gc,cpu      ] GC(0) User=0.08s Sys=0.16s Real=0.02s
[2024-08-28T13:03:53.994+0000][info][gc,start    ] GC(1) Pause Young (Normal) (G1 Evacuation Pause)
[2024-08-28T13:03:53.994+0000][info][gc,task     ] GC(1) Using 24 workers of 68 for evacuation
[2024-08-28T13:03:54.002+0000][info][gc,phases   ] GC(1)   Pre Evacuate Collection Set: 0.2ms
[2024-08-28T13:03:54.002+0000][info][gc,phases   ] GC(1)   Merge Heap Roots: 0.5ms
[2024-08-28T13:03:54.002+0000][info][gc,phases   ] GC(1)   Evacuate Collection Set: 7.0ms
[2024-08-28T13:03:54.002+0000][info][gc,phases   ] GC(1)   Post Evacuate Collection Set: 0.3ms
[2024-08-28T13:03:54.002+0000][info][gc,phases   ] GC(1)   Other: 0.2ms
[2024-08-28T13:03:54.002+0000][info][gc,heap     ] GC(1) Eden regions: 44->0(44)
[2024-08-28T13:03:54.002+0000][info][gc,heap     ] GC(1) Survivor regions: 7->7(7)
[2024-08-28T13:03:54.002+0000][info][gc,heap     ] GC(1) Old regions: 44->90
[2024-08-28T13:03:54.002+0000][info][gc,heap     ] GC(1) Archive regions: 2->2
[2024-08-28T13:03:54.002+0000][info][gc,heap     ] GC(1) Humongous regions: 1->1
[2024-08-28T13:03:54.002+0000][info][gc,metaspace] GC(1) Metaspace: 97K(320K)->97K(320K) NonClass: 93K(192K)->93K(192K) Class: 4K(128K)->4K(128K)
[2024-08-28T13:03:54.002+0000][info][gc          ] GC(1) Pause Young (Normal) (G1 Evacuation Pause) 96M->98M(1024M) 8.210ms
[2024-08-28T13:03:54.002+0000][info][gc,cpu      ] GC(1) User=0.13s Sys=0.05s Real=0.01s
[2024-08-28T13:03:54.030+0000][info][gc,start    ] GC(2) Pause Young (Normal) (G1 Evacuation Pause)
[2024-08-28T13:03:54.030+0000][info][gc,task     ] GC(2) Using 24 workers of 68 for evacuation
[2024-08-28T13:03:54.038+0000][info][gc,phases   ] GC(2)   Pre Evacuate Collection Set: 0.2ms
[2024-08-28T13:03:54.038+0000][info][gc,phases   ] GC(2)   Merge Heap Roots: 0.1ms
[2024-08-28T13:03:54.038+0000][info][gc,phases   ] GC(2)   Evacuate Collection Set: 7.5ms
[2024-08-28T13:03:54.038+0000][info][gc,phases   ] GC(2)   Post Evacuate Collection Set: 0.3ms
[2024-08-28T13:03:54.038+0000][info][gc,phases   ] GC(2)   Other: 0.2ms
[2024-08-28T13:03:54.038+0000][info][gc,heap     ] GC(2) Eden regions: 44->0(44)
[2024-08-28T13:03:54.038+0000][info][gc,heap     ] GC(2) Survivor regions: 7->7(7)
[2024-08-28T13:03:54.038+0000][info][gc,heap     ] GC(2) Old regions: 90->137
[2024-08-28T13:03:54.038+0000][info][gc,heap     ] GC(2) Archive regions: 2->2
[2024-08-28T13:03:54.038+0000][info][gc,heap     ] GC(2) Humongous regions: 3->3
[2024-08-28T13:03:54.038+0000][info][gc,metaspace] GC(2) Metaspace: 97K(320K)->97K(320K) NonClass: 93K(192K)->93K(192K) Class: 4K(128K)->4K(128K)
[2024-08-28T13:03:54.038+0000][info][gc          ] GC(2) Pause Young (Normal) (G1 Evacuation Pause) 144M->147M(1024M) 8.443ms
[2024-08-28T13:03:54.038+0000][info][gc,cpu      ] GC(2) User=0.11s Sys=0.07s Real=0.01s
[2024-08-28T13:03:54.056+0000][info][gc,start    ] GC(3) Pause Young (Normal) (G1 Evacuation Pause)
[2024-08-28T13:03:54.056+0000][info][gc,task     ] GC(3) Using 24 workers of 68 for evacuation
[2024-08-28T13:03:54.064+0000][info][gc,phases   ] GC(3)   Pre Evacuate Collection Set: 0.2ms
[2024-08-28T13:03:54.064+0000][info][gc,phases   ] GC(3)   Merge Heap Roots: 0.1ms
[2024-08-28T13:03:54.064+0000][info][gc,phases   ] GC(3)   Evacuate Collection Set: 7.7ms
[2024-08-28T13:03:54.064+0000][info][gc,phases   ] GC(3)   Post Evacuate Collection Set: 0.3ms
[2024-08-28T13:03:54.064+0000][info][gc,phases   ] GC(3)   Other: 0.2ms
[2024-08-28T13:03:54.064+0000][info][gc,heap     ] GC(3) Eden regions: 44->0(44)
[2024-08-28T13:03:54.064+0000][info][gc,heap     ] GC(3) Survivor regions: 7->7(7)
[2024-08-28T13:03:54.064+0000][info][gc,heap     ] GC(3) Old regions: 137->184
[2024-08-28T13:03:54.064+0000][info][gc,heap     ] GC(3) Archive regions: 2->2
[2024-08-28T13:03:54.064+0000][info][gc,heap     ] GC(3) Humongous regions: 3->3
[2024-08-28T13:03:54.064+0000][info][gc,metaspace] GC(3) Metaspace: 97K(320K)->97K(320K) NonClass: 93K(192K)->93K(192K) Class: 4K(128K)->4K(128K)
[2024-08-28T13:03:54.064+0000][info][gc          ] GC(3) Pause Young (Normal) (G1 Evacuation Pause) 191M->194M(1024M) 8.655ms
[2024-08-28T13:03:54.064+0000][info][gc,cpu      ] GC(3) User=0.08s Sys=0.11s Real=0.01s
[2024-08-28T13:03:54.102+0000][info][gc,start    ] GC(4) Pause Young (Normal) (G1 Evacuation Pause)
[2024-08-28T13:03:54.103+0000][info][gc,task     ] GC(4) Using 24 workers of 68 for evacuation
[2024-08-28T13:03:54.111+0000][info][gc,phases   ] GC(4)   Pre Evacuate Collection Set: 0.2ms
[2024-08-28T13:03:54.111+0000][info][gc,phases   ] GC(4)   Merge Heap Roots: 0.2ms
[2024-08-28T13:03:54.111+0000][info][gc,phases   ] GC(4)   Evacuate Collection Set: 7.4ms
[2024-08-28T13:03:54.111+0000][info][gc,phases   ] GC(4)   Post Evacuate Collection Set: 0.4ms
[2024-08-28T13:03:54.111+0000][info][gc,phases   ] GC(4)   Other: 0.3ms
[2024-08-28T13:03:54.111+0000][info][gc,heap     ] GC(4) Eden regions: 44->0(44)
[2024-08-28T13:03:54.111+0000][info][gc,heap     ] GC(4) Survivor regions: 7->7(7)
[2024-08-28T13:03:54.111+0000][info][gc,heap     ] GC(4) Old regions: 184->231
[2024-08-28T13:03:54.111+0000][info][gc,heap     ] GC(4) Archive regions: 2->2
[2024-08-28T13:03:54.111+0000][info][gc,heap     ] GC(4) Humongous regions: 6->6
[2024-08-28T13:03:54.111+0000][info][gc,metaspace] GC(4) Metaspace: 97K(320K)->97K(320K) NonClass: 93K(192K)->93K(192K) Class: 4K(128K)->4K(128K)
[2024-08-28T13:03:54.111+0000][info][gc          ] GC(4) Pause Young (Normal) (G1 Evacuation Pause) 241M->244M(1024M) 8.483ms
[2024-08-28T13:03:54.111+0000][info][gc,cpu      ] GC(4) User=0.13s Sys=0.05s Real=0.01s
[2024-08-28T13:03:54.127+0000][info][gc,start    ] GC(5) Pause Young (Normal) (G1 Evacuation Pause)
[2024-08-28T13:03:54.127+0000][info][gc,task     ] GC(5) Using 24 workers of 68 for evacuation
[2024-08-28T13:03:54.136+0000][info][gc,phases   ] GC(5)   Pre Evacuate Collection Set: 0.2ms
[2024-08-28T13:03:54.136+0000][info][gc,phases   ] GC(5)   Merge Heap Roots: 0.2ms
[2024-08-28T13:03:54.136+0000][info][gc,phases   ] GC(5)   Evacuate Collection Set: 7.8ms
[2024-08-28T13:03:54.136+0000][info][gc,phases   ] GC(5)   Post Evacuate Collection Set: 0.3ms
[2024-08-28T13:03:54.136+0000][info][gc,phases   ] GC(5)   Other: 0.3ms
[2024-08-28T13:03:54.136+0000][info][gc,heap     ] GC(5) Eden regions: 44->0(44)
[2024-08-28T13:03:54.136+0000][info][gc,heap     ] GC(5) Survivor regions: 7->7(7)
[2024-08-28T13:03:54.136+0000][info][gc,heap     ] GC(5) Old regions: 231->278
[2024-08-28T13:03:54.136+0000][info][gc,heap     ] GC(5) Archive regions: 2->2
[2024-08-28T13:03:54.136+0000][info][gc,heap     ] GC(5) Humongous regions: 6->6
[2024-08-28T13:03:54.136+0000][info][gc,metaspace] GC(5) Metaspace: 97K(320K)->97K(320K) NonClass: 93K(192K)->93K(192K) Class: 4K(128K)->4K(128K)
[2024-08-28T13:03:54.136+0000][info][gc          ] GC(5) Pause Young (Normal) (G1 Evacuation Pause) 288M->291M(1024M) 8.778ms
[2024-08-28T13:03:54.136+0000][info][gc,cpu      ] GC(5) User=0.13s Sys=0.06s Real=0.01s
[2024-08-28T13:03:54.152+0000][info][gc,start    ] GC(6) Pause Young (Normal) (G1 Evacuation Pause)
[2024-08-28T13:03:54.152+0000][info][gc,task     ] GC(6) Using 24 workers of 68 for evacuation
[2024-08-28T13:03:54.161+0000][info][gc,phases   ] GC(6)   Pre Evacuate Collection Set: 0.2ms
[2024-08-28T13:03:54.161+0000][info][gc,phases   ] GC(6)   Merge Heap Roots: 0.2ms
[2024-08-28T13:03:54.161+0000][info][gc,phases   ] GC(6)   Evacuate Collection Set: 8.1ms
[2024-08-28T13:03:54.161+0000][info][gc,phases   ] GC(6)   Post Evacuate Collection Set: 0.3ms
[2024-08-28T13:03:54.161+0000][info][gc,phases   ] GC(6)   Other: 0.1ms
[2024-08-28T13:03:54.161+0000][info][gc,heap     ] GC(6) Eden regions: 44->0(44)
[2024-08-28T13:03:54.161+0000][info][gc,heap     ] GC(6) Survivor regions: 7->7(7)
[2024-08-28T13:03:54.161+0000][info][gc,heap     ] GC(6) Old regions: 278->326
[2024-08-28T13:03:54.161+0000][info][gc,heap     ] GC(6) Archive regions: 2->2
[2024-08-28T13:03:54.161+0000][info][gc,heap     ] GC(6) Humongous regions: 6->6
[2024-08-28T13:03:54.161+0000][info][gc,metaspace] GC(6) Metaspace: 97K(320K)->97K(320K) NonClass: 93K(192K)->93K(192K) Class: 4K(128K)->4K(128K)
[2024-08-28T13:03:54.161+0000][info][gc          ] GC(6) Pause Young (Normal) (G1 Evacuation Pause) 335M->339M(1024M) 8.980ms
[2024-08-28T13:03:54.161+0000][info][gc,cpu      ] GC(6) User=0.11s Sys=0.09s Real=0.01s
[2024-08-28T13:03:54.178+0000][info][gc,start    ] GC(7) Pause Young (Normal) (G1 Evacuation Pause)
[2024-08-28T13:03:54.178+0000][info][gc,task     ] GC(7) Using 24 workers of 68 for evacuation
[2024-08-28T13:03:54.186+0000][info][gc,phases   ] GC(7)   Pre Evacuate Collection Set: 0.2ms
[2024-08-28T13:03:54.186+0000][info][gc,phases   ] GC(7)   Merge Heap Roots: 0.2ms
[2024-08-28T13:03:54.186+0000][info][gc,phases   ] GC(7)   Evacuate Collection Set: 7.7ms
[2024-08-28T13:03:54.186+0000][info][gc,phases   ] GC(7)   Post Evacuate Collection Set: 0.3ms
[2024-08-28T13:03:54.186+0000][info][gc,phases   ] GC(7)   Other: 0.2ms
[2024-08-28T13:03:54.186+0000][info][gc,heap     ] GC(7) Eden regions: 44->0(47)
[2024-08-28T13:03:54.186+0000][info][gc,heap     ] GC(7) Survivor regions: 7->7(7)
[2024-08-28T13:03:54.186+0000][info][gc,heap     ] GC(7) Old regions: 326->373
[2024-08-28T13:03:54.186+0000][info][gc,heap     ] GC(7) Archive regions: 2->2
[2024-08-28T13:03:54.187+0000][info][gc,heap     ] GC(7) Humongous regions: 6->6
[2024-08-28T13:03:54.187+0000][info][gc,metaspace] GC(7) Metaspace: 97K(320K)->97K(320K) NonClass: 93K(192K)->93K(192K) Class: 4K(128K)->4K(128K)
[2024-08-28T13:03:54.187+0000][info][gc          ] GC(7) Pause Young (Normal) (G1 Evacuation Pause) 383M->386M(1024M) 8.690ms
[2024-08-28T13:03:54.187+0000][info][gc,cpu      ] GC(7) User=0.13s Sys=0.06s Real=0.00s
[2024-08-28T13:03:54.204+0000][info][gc,start    ] GC(8) Pause Young (Normal) (G1 Evacuation Pause)
[2024-08-28T13:03:54.204+0000][info][gc,task     ] GC(8) Using 24 workers of 68 for evacuation
[2024-08-28T13:03:54.214+0000][info][gc,phases   ] GC(8)   Pre Evacuate Collection Set: 0.2ms
[2024-08-28T13:03:54.214+0000][info][gc,phases   ] GC(8)   Merge Heap Roots: 0.2ms
[2024-08-28T13:03:54.214+0000][info][gc,phases   ] GC(8)   Evacuate Collection Set: 8.9ms
[2024-08-28T13:03:54.214+0000][info][gc,phases   ] GC(8)   Post Evacuate Collection Set: 0.3ms
[2024-08-28T13:03:54.214+0000][info][gc,phases   ] GC(8)   Other: 0.2ms
[2024-08-28T13:03:54.214+0000][info][gc,heap     ] GC(8) Eden regions: 47->0(61)
[2024-08-28T13:03:54.214+0000][info][gc,heap     ] GC(8) Survivor regions: 7->7(7)
[2024-08-28T13:03:54.214+0000][info][gc,heap     ] GC(8) Old regions: 373->423
[2024-08-28T13:03:54.214+0000][info][gc,heap     ] GC(8) Archive regions: 2->2
[2024-08-28T13:03:54.214+0000][info][gc,heap     ] GC(8) Humongous regions: 6->6
[2024-08-28T13:03:54.214+0000][info][gc,metaspace] GC(8) Metaspace: 97K(320K)->97K(320K) NonClass: 93K(192K)->93K(192K) Class: 4K(128K)->4K(128K)
[2024-08-28T13:03:54.214+0000][info][gc          ] GC(8) Pause Young (Normal) (G1 Evacuation Pause) 433M->436M(1024M) 9.936ms
[2024-08-28T13:03:54.214+0000][info][gc,cpu      ] GC(8) User=0.15s Sys=0.07s Real=0.01s
[2024-08-28T13:03:54.295+0000][info][gc,start    ] GC(9) Pause Young (Normal) (G1 Evacuation Pause)
[2024-08-28T13:03:54.295+0000][info][gc,task     ] GC(9) Using 24 workers of 68 for evacuation
[2024-08-28T13:03:54.307+0000][info][gc,phases   ] GC(9)   Pre Evacuate Collection Set: 0.2ms
[2024-08-28T13:03:54.307+0000][info][gc,phases   ] GC(9)   Merge Heap Roots: 0.3ms
[2024-08-28T13:03:54.307+0000][info][gc,phases   ] GC(9)   Evacuate Collection Set: 11.0ms
[2024-08-28T13:03:54.307+0000][info][gc,phases   ] GC(9)   Post Evacuate Collection Set: 0.4ms
[2024-08-28T13:03:54.307+0000][info][gc,phases   ] GC(9)   Other: 0.3ms
[2024-08-28T13:03:54.307+0000][info][gc,heap     ] GC(9) Eden regions: 61->0(66)
[2024-08-28T13:03:54.307+0000][info][gc,heap     ] GC(9) Survivor regions: 7->9(9)
[2024-08-28T13:03:54.307+0000][info][gc,heap     ] GC(9) Old regions: 423->484
[2024-08-28T13:03:54.307+0000][info][gc,heap     ] GC(9) Archive regions: 2->2
[2024-08-28T13:03:54.307+0000][info][gc,heap     ] GC(9) Humongous regions: 11->11
[2024-08-28T13:03:54.307+0000][info][gc,metaspace] GC(9) Metaspace: 100K(320K)->100K(320K) NonClass: 96K(192K)->96K(192K) Class: 4K(128K)->4K(128K)
[2024-08-28T13:03:54.307+0000][info][gc          ] GC(9) Pause Young (Normal) (G1 Evacuation Pause) 502M->504M(1024M) 12.217ms
[2024-08-28T13:03:54.307+0000][info][gc,cpu      ] GC(9) User=0.16s Sys=0.12s Real=0.01s
[2024-08-28T13:03:54.366+0000][info][gc,start    ] GC(10) Pause Young (Concurrent Start) (G1 Evacuation Pause)
[2024-08-28T13:03:54.366+0000][info][gc,task     ] GC(10) Using 24 workers of 68 for evacuation
[2024-08-28T13:03:54.379+0000][info][gc,phases   ] GC(10)   Pre Evacuate Collection Set: 0.2ms
[2024-08-28T13:03:54.379+0000][info][gc,phases   ] GC(10)   Merge Heap Roots: 0.3ms
[2024-08-28T13:03:54.379+0000][info][gc,phases   ] GC(10)   Evacuate Collection Set: 11.2ms
[2024-08-28T13:03:54.379+0000][info][gc,phases   ] GC(10)   Post Evacuate Collection Set: 0.4ms
[2024-08-28T13:03:54.379+0000][info][gc,phases   ] GC(10)   Other: 1.2ms
[2024-08-28T13:03:54.379+0000][info][gc,heap     ] GC(10) Eden regions: 66->0(68)
[2024-08-28T13:03:54.379+0000][info][gc,heap     ] GC(10) Survivor regions: 9->10(10)
[2024-08-28T13:03:54.379+0000][info][gc,heap     ] GC(10) Old regions: 484->552
[2024-08-28T13:03:54.379+0000][info][gc,heap     ] GC(10) Archive regions: 2->2
[2024-08-28T13:03:54.379+0000][info][gc,heap     ] GC(10) Humongous regions: 11->11
[2024-08-28T13:03:54.379+0000][info][gc,metaspace] GC(10) Metaspace: 100K(320K)->100K(320K) NonClass: 96K(192K)->96K(192K) Class: 4K(128K)->4K(128K)
[2024-08-28T13:03:54.379+0000][info][gc          ] GC(10) Pause Young (Concurrent Start) (G1 Evacuation Pause) 570M->573M(1024M) 13.289ms
[2024-08-28T13:03:54.379+0000][info][gc,cpu      ] GC(10) User=0.17s Sys=0.10s Real=0.02s
[2024-08-28T13:03:54.379+0000][info][gc          ] GC(11) Concurrent Mark Cycle
[2024-08-28T13:03:54.379+0000][info][gc,marking  ] GC(11) Concurrent Clear Claimed Marks
[2024-08-28T13:03:54.379+0000][info][gc,marking  ] GC(11) Concurrent Clear Claimed Marks 0.011ms
[2024-08-28T13:03:54.379+0000][info][gc,marking  ] GC(11) Concurrent Scan Root Regions
[2024-08-28T13:03:54.387+0000][info][gc,marking  ] GC(11) Concurrent Scan Root Regions 8.154ms
[2024-08-28T13:03:54.387+0000][info][gc,marking  ] GC(11) Concurrent Mark
[2024-08-28T13:03:54.387+0000][info][gc,marking  ] GC(11) Concurrent Mark From Roots
[2024-08-28T13:03:54.387+0000][info][gc,task     ] GC(11) Using 17 workers of 17 for marking
[2024-08-28T13:03:54.412+0000][info][gc,marking  ] GC(11) Concurrent Mark From Roots 24.333ms
[2024-08-28T13:03:54.412+0000][info][gc,marking  ] GC(11) Concurrent Preclean
[2024-08-28T13:03:54.412+0000][info][gc,marking  ] GC(11) Concurrent Preclean 0.785ms
[2024-08-28T13:03:54.413+0000][info][gc,start    ] GC(11) Pause Remark
[2024-08-28T13:03:54.414+0000][info][gc          ] GC(11) Pause Remark 610M->604M(1024M) 1.037ms
[2024-08-28T13:03:54.414+0000][info][gc,cpu      ] GC(11) User=0.01s Sys=0.00s Real=0.00s
[2024-08-28T13:03:54.414+0000][info][gc,marking  ] GC(11) Concurrent Mark 26.577ms
[2024-08-28T13:03:54.414+0000][info][gc,marking  ] GC(11) Concurrent Rebuild Remembered Sets
[2024-08-28T13:03:54.439+0000][info][gc,start    ] GC(12) Pause Young (Normal) (G1 Evacuation Pause)
[2024-08-28T13:03:54.439+0000][info][gc,task     ] GC(12) Using 24 workers of 68 for evacuation
[2024-08-28T13:03:54.451+0000][info][gc,phases   ] GC(12)   Pre Evacuate Collection Set: 0.2ms
[2024-08-28T13:03:54.451+0000][info][gc,phases   ] GC(12)   Merge Heap Roots: 0.2ms
[2024-08-28T13:03:54.451+0000][info][gc,phases   ] GC(12)   Evacuate Collection Set: 11.1ms
[2024-08-28T13:03:54.451+0000][info][gc,phases   ] GC(12)   Post Evacuate Collection Set: 0.5ms
[2024-08-28T13:03:54.451+0000][info][gc,phases   ] GC(12)   Other: 0.3ms
[2024-08-28T13:03:54.451+0000][info][gc,heap     ] GC(12) Eden regions: 68->0(67)
[2024-08-28T13:03:54.451+0000][info][gc,heap     ] GC(12) Survivor regions: 10->10(10)
[2024-08-28T13:03:54.451+0000][info][gc,heap     ] GC(12) Old regions: 552->623
[2024-08-28T13:03:54.451+0000][info][gc,heap     ] GC(12) Archive regions: 2->2
[2024-08-28T13:03:54.451+0000][info][gc,heap     ] GC(12) Humongous regions: 5->5
[2024-08-28T13:03:54.451+0000][info][gc,metaspace] GC(12) Metaspace: 100K(320K)->100K(320K) NonClass: 96K(192K)->96K(192K) Class: 4K(128K)->4K(128K)
[2024-08-28T13:03:54.451+0000][info][gc          ] GC(12) Pause Young (Normal) (G1 Evacuation Pause) 635M->638M(1024M) 12.438ms
[2024-08-28T13:03:54.452+0000][info][gc,cpu      ] GC(12) User=0.20s Sys=0.08s Real=0.01s
[2024-08-28T13:03:54.486+0000][info][gc,marking  ] GC(11) Concurrent Rebuild Remembered Sets 71.982ms
[2024-08-28T13:03:54.486+0000][info][gc,start    ] GC(11) Pause Cleanup
[2024-08-28T13:03:54.487+0000][info][gc          ] GC(11) Pause Cleanup 672M->672M(1024M) 0.899ms
[2024-08-28T13:03:54.487+0000][info][gc,cpu      ] GC(11) User=0.00s Sys=0.01s Real=0.00s
[2024-08-28T13:03:54.487+0000][info][gc,marking  ] GC(11) Concurrent Cleanup for Next Mark
[2024-08-28T13:03:54.488+0000][info][gc,marking  ] GC(11) Concurrent Cleanup for Next Mark 1.399ms
[2024-08-28T13:03:54.489+0000][info][gc          ] GC(11) Concurrent Mark Cycle 109.537ms
[2024-08-28T13:03:54.516+0000][info][gc,start    ] GC(13) Pause Young (Prepare Mixed) (G1 Evacuation Pause)
[2024-08-28T13:03:54.516+0000][info][gc,task     ] GC(13) Using 24 workers of 68 for evacuation
[2024-08-28T13:03:54.528+0000][info][gc,phases   ] GC(13)   Pre Evacuate Collection Set: 0.1ms
[2024-08-28T13:03:54.528+0000][info][gc,phases   ] GC(13)   Merge Heap Roots: 0.3ms
[2024-08-28T13:03:54.528+0000][info][gc,phases   ] GC(13)   Evacuate Collection Set: 11.5ms
[2024-08-28T13:03:54.528+0000][info][gc,phases   ] GC(13)   Post Evacuate Collection Set: 0.4ms
[2024-08-28T13:03:54.528+0000][info][gc,phases   ] GC(13)   Other: 0.3ms
[2024-08-28T13:03:54.528+0000][info][gc,heap     ] GC(13) Eden regions: 67->0(41)
[2024-08-28T13:03:54.528+0000][info][gc,heap     ] GC(13) Survivor regions: 10->10(10)
[2024-08-28T13:03:54.528+0000][info][gc,heap     ] GC(13) Old regions: 623->693
[2024-08-28T13:03:54.528+0000][info][gc,heap     ] GC(13) Archive regions: 2->2
[2024-08-28T13:03:54.528+0000][info][gc,heap     ] GC(13) Humongous regions: 5->5
[2024-08-28T13:03:54.528+0000][info][gc,metaspace] GC(13) Metaspace: 100K(320K)->100K(320K) NonClass: 96K(192K)->96K(192K) Class: 4K(128K)->4K(128K)
[2024-08-28T13:03:54.528+0000][info][gc          ] GC(13) Pause Young (Prepare Mixed) (G1 Evacuation Pause) 705M->708M(1024M) 12.737ms
[2024-08-28T13:03:54.528+0000][info][gc,cpu      ] GC(13) User=0.22s Sys=0.07s Real=0.01s
[2024-08-28T13:03:54.554+0000][info][gc,start    ] GC(14) Pause Young (Mixed) (G1 Evacuation Pause)
[2024-08-28T13:03:54.554+0000][info][gc,task     ] GC(14) Using 24 workers of 68 for evacuation
[2024-08-28T13:03:54.565+0000][info][gc,phases   ] GC(14)   Pre Evacuate Collection Set: 0.2ms
[2024-08-28T13:03:54.565+0000][info][gc,phases   ] GC(14)   Merge Heap Roots: 0.3ms
[2024-08-28T13:03:54.565+0000][info][gc,phases   ] GC(14)   Evacuate Collection Set: 8.9ms
[2024-08-28T13:03:54.565+0000][info][gc,phases   ] GC(14)   Merge Optional Heap Roots: 0.1ms
[2024-08-28T13:03:54.565+0000][info][gc,phases   ] GC(14)   Evacuate Optional Collection Set: 0.5ms
[2024-08-28T13:03:54.565+0000][info][gc,phases   ] GC(14)   Post Evacuate Collection Set: 0.5ms
[2024-08-28T13:03:54.565+0000][info][gc,phases   ] GC(14)   Other: 0.3ms
[2024-08-28T13:03:54.565+0000][info][gc,heap     ] GC(14) Eden regions: 41->0(71)
[2024-08-28T13:03:54.565+0000][info][gc,heap     ] GC(14) Survivor regions: 10->7(7)
[2024-08-28T13:03:54.565+0000][info][gc,heap     ] GC(14) Old regions: 693->679
[2024-08-28T13:03:54.565+0000][info][gc,heap     ] GC(14) Archive regions: 2->2
[2024-08-28T13:03:54.565+0000][info][gc,heap     ] GC(14) Humongous regions: 5->5
[2024-08-28T13:03:54.565+0000][info][gc,metaspace] GC(14) Metaspace: 100K(320K)->100K(320K) NonClass: 96K(192K)->96K(192K) Class: 4K(128K)->4K(128K)
[2024-08-28T13:03:54.565+0000][info][gc          ] GC(14) Pause Young (Mixed) (G1 Evacuation Pause) 749M->691M(1024M) 10.969ms
[2024-08-28T13:03:54.565+0000][info][gc,cpu      ] GC(14) User=0.17s Sys=0.06s Real=0.01s
[2024-08-28T13:03:54.619+0000][info][gc,start    ] GC(15) Pause Young (Concurrent Start) (G1 Evacuation Pause)
[2024-08-28T13:03:54.619+0000][info][gc,task     ] GC(15) Using 24 workers of 68 for evacuation
[2024-08-28T13:03:54.633+0000][info][gc,phases   ] GC(15)   Pre Evacuate Collection Set: 0.2ms
[2024-08-28T13:03:54.633+0000][info][gc,phases   ] GC(15)   Merge Heap Roots: 0.4ms
[2024-08-28T13:03:54.633+0000][info][gc,phases   ] GC(15)   Evacuate Collection Set: 12.3ms
[2024-08-28T13:03:54.633+0000][info][gc,phases   ] GC(15)   Post Evacuate Collection Set: 0.4ms
[2024-08-28T13:03:54.633+0000][info][gc,phases   ] GC(15)   Other: 0.9ms
[2024-08-28T13:03:54.633+0000][info][gc,heap     ] GC(15) Eden regions: 71->0(48)
[2024-08-28T13:03:54.633+0000][info][gc,heap     ] GC(15) Survivor regions: 7->10(10)
[2024-08-28T13:03:54.633+0000][info][gc,heap     ] GC(15) Old regions: 679->749
[2024-08-28T13:03:54.633+0000][info][gc,heap     ] GC(15) Archive regions: 2->2
[2024-08-28T13:03:54.633+0000][info][gc,heap     ] GC(15) Humongous regions: 5->5
[2024-08-28T13:03:54.633+0000][info][gc,metaspace] GC(15) Metaspace: 100K(320K)->100K(320K) NonClass: 96K(192K)->96K(192K) Class: 4K(128K)->4K(128K)
[2024-08-28T13:03:54.633+0000][info][gc          ] GC(15) Pause Young (Concurrent Start) (G1 Evacuation Pause) 762M->764M(1024M) 14.215ms
[2024-08-28T13:03:54.633+0000][info][gc,cpu      ] GC(15) User=0.30s Sys=0.01s Real=0.01s
[2024-08-28T13:03:54.633+0000][info][gc          ] GC(16) Concurrent Mark Cycle
[2024-08-28T13:03:54.633+0000][info][gc,marking  ] GC(16) Concurrent Clear Claimed Marks
[2024-08-28T13:03:54.633+0000][info][gc,marking  ] GC(16) Concurrent Clear Claimed Marks 0.009ms
[2024-08-28T13:03:54.633+0000][info][gc,marking  ] GC(16) Concurrent Scan Root Regions
[2024-08-28T13:03:54.636+0000][info][gc,marking  ] GC(16) Concurrent Scan Root Regions 2.434ms
[2024-08-28T13:03:54.636+0000][info][gc,marking  ] GC(16) Concurrent Mark
[2024-08-28T13:03:54.636+0000][info][gc,marking  ] GC(16) Concurrent Mark From Roots
[2024-08-28T13:03:54.636+0000][info][gc,task     ] GC(16) Using 17 workers of 17 for marking
[2024-08-28T13:03:54.659+0000][info][gc,marking  ] GC(16) Concurrent Mark From Roots 22.996ms
[2024-08-28T13:03:54.659+0000][info][gc,marking  ] GC(16) Concurrent Preclean
[2024-08-28T13:03:54.659+0000][info][gc,marking  ] GC(16) Concurrent Preclean 0.503ms
[2024-08-28T13:03:54.659+0000][info][gc,start    ] GC(16) Pause Remark
[2024-08-28T13:03:54.660+0000][info][gc          ] GC(16) Pause Remark 793M->793M(1024M) 1.079ms
[2024-08-28T13:03:54.660+0000][info][gc,cpu      ] GC(16) User=0.01s Sys=0.00s Real=0.00s
[2024-08-28T13:03:54.660+0000][info][gc,marking  ] GC(16) Concurrent Mark 24.880ms
[2024-08-28T13:03:54.660+0000][info][gc,marking  ] GC(16) Concurrent Rebuild Remembered Sets
[2024-08-28T13:03:54.674+0000][info][gc,start    ] GC(17) Pause Young (Normal) (G1 Evacuation Pause)
[2024-08-28T13:03:54.674+0000][info][gc,task     ] GC(17) Using 24 workers of 68 for evacuation
[2024-08-28T13:03:54.684+0000][info][gc,phases   ] GC(17)   Pre Evacuate Collection Set: 0.1ms
[2024-08-28T13:03:54.684+0000][info][gc,phases   ] GC(17)   Merge Heap Roots: 0.3ms
[2024-08-28T13:03:54.684+0000][info][gc,phases   ] GC(17)   Evacuate Collection Set: 9.3ms
[2024-08-28T13:03:54.684+0000][info][gc,phases   ] GC(17)   Post Evacuate Collection Set: 0.4ms
[2024-08-28T13:03:54.684+0000][info][gc,phases   ] GC(17)   Other: 0.2ms
[2024-08-28T13:03:54.684+0000][info][gc,heap     ] GC(17) Eden regions: 48->0(43)
[2024-08-28T13:03:54.684+0000][info][gc,heap     ] GC(17) Survivor regions: 10->8(8)
[2024-08-28T13:03:54.684+0000][info][gc,heap     ] GC(17) Old regions: 749->803
[2024-08-28T13:03:54.684+0000][info][gc,heap     ] GC(17) Archive regions: 2->2
[2024-08-28T13:03:54.684+0000][info][gc,heap     ] GC(17) Humongous regions: 5->5
[2024-08-28T13:03:54.684+0000][info][gc,metaspace] GC(17) Metaspace: 100K(320K)->100K(320K) NonClass: 96K(192K)->96K(192K) Class: 4K(128K)->4K(128K)
[2024-08-28T13:03:54.684+0000][info][gc          ] GC(17) Pause Young (Normal) (G1 Evacuation Pause) 812M->816M(1024M) 10.442ms
[2024-08-28T13:03:54.684+0000][info][gc,cpu      ] GC(17) User=0.16s Sys=0.07s Real=0.01s
[2024-08-28T13:03:54.722+0000][info][gc,start    ] GC(18) Pause Young (Normal) (G1 Evacuation Pause)
[2024-08-28T13:03:54.722+0000][info][gc,task     ] GC(18) Using 24 workers of 68 for evacuation
[2024-08-28T13:03:54.732+0000][info][gc,phases   ] GC(18)   Pre Evacuate Collection Set: 0.1ms
[2024-08-28T13:03:54.732+0000][info][gc,phases   ] GC(18)   Merge Heap Roots: 0.3ms
[2024-08-28T13:03:54.732+0000][info][gc,phases   ] GC(18)   Evacuate Collection Set: 8.2ms
[2024-08-28T13:03:54.732+0000][info][gc,phases   ] GC(18)   Post Evacuate Collection Set: 0.4ms
[2024-08-28T13:03:54.732+0000][info][gc,phases   ] GC(18)   Other: 0.2ms
[2024-08-28T13:03:54.732+0000][info][gc,heap     ] GC(18) Eden regions: 43->0(44)
[2024-08-28T13:03:54.732+0000][info][gc,heap     ] GC(18) Survivor regions: 8->7(7)
[2024-08-28T13:03:54.732+0000][info][gc,heap     ] GC(18) Old regions: 803->850
[2024-08-28T13:03:54.732+0000][info][gc,heap     ] GC(18) Archive regions: 2->2
[2024-08-28T13:03:54.732+0000][info][gc,heap     ] GC(18) Humongous regions: 5->5
[2024-08-28T13:03:54.732+0000][info][gc,metaspace] GC(18) Metaspace: 100K(320K)->100K(320K) NonClass: 96K(192K)->96K(192K) Class: 4K(128K)->4K(128K)
[2024-08-28T13:03:54.732+0000][info][gc          ] GC(18) Pause Young (Normal) (G1 Evacuation Pause) 859M->862M(1024M) 9.411ms
[2024-08-28T13:03:54.732+0000][info][gc,cpu      ] GC(18) User=0.16s Sys=0.04s Real=0.01s
[2024-08-28T13:03:54.732+0000][info][gc,marking  ] GC(16) Concurrent Rebuild Remembered Sets 71.619ms
[2024-08-28T13:03:54.732+0000][info][gc,start    ] GC(16) Pause Cleanup
[2024-08-28T13:03:54.734+0000][info][gc          ] GC(16) Pause Cleanup 863M->863M(1024M) 1.300ms
[2024-08-28T13:03:54.734+0000][info][gc,cpu      ] GC(16) User=0.00s Sys=0.00s Real=0.00s
[2024-08-28T13:03:54.734+0000][info][gc,marking  ] GC(16) Concurrent Cleanup for Next Mark
[2024-08-28T13:03:54.735+0000][info][gc,marking  ] GC(16) Concurrent Cleanup for Next Mark 1.513ms
[2024-08-28T13:03:54.735+0000][info][gc          ] GC(16) Concurrent Mark Cycle 102.314ms
[2024-08-28T13:03:54.762+0000][info][gc,start    ] GC(19) Pause Young (Prepare Mixed) (G1 Evacuation Pause)
[2024-08-28T13:03:54.762+0000][info][gc,task     ] GC(19) Using 24 workers of 68 for evacuation
[2024-08-28T13:03:54.772+0000][info][gc,phases   ] GC(19)   Pre Evacuate Collection Set: 0.1ms
[2024-08-28T13:03:54.772+0000][info][gc,phases   ] GC(19)   Merge Heap Roots: 0.4ms
[2024-08-28T13:03:54.772+0000][info][gc,phases   ] GC(19)   Evacuate Collection Set: 8.7ms
[2024-08-28T13:03:54.772+0000][info][gc,phases   ] GC(19)   Post Evacuate Collection Set: 0.3ms
[2024-08-28T13:03:54.772+0000][info][gc,phases   ] GC(19)   Other: 0.2ms
[2024-08-28T13:03:54.772+0000][info][gc,heap     ] GC(19) Eden regions: 44->0(44)
[2024-08-28T13:03:54.772+0000][info][gc,heap     ] GC(19) Survivor regions: 7->7(7)
[2024-08-28T13:03:54.772+0000][info][gc,heap     ] GC(19) Old regions: 850->897
[2024-08-28T13:03:54.772+0000][info][gc,heap     ] GC(19) Archive regions: 2->2
[2024-08-28T13:03:54.772+0000][info][gc,heap     ] GC(19) Humongous regions: 5->5
[2024-08-28T13:03:54.772+0000][info][gc,metaspace] GC(19) Metaspace: 100K(320K)->100K(320K) NonClass: 96K(192K)->96K(192K) Class: 4K(128K)->4K(128K)
[2024-08-28T13:03:54.772+0000][info][gc          ] GC(19) Pause Young (Prepare Mixed) (G1 Evacuation Pause) 906M->909M(1024M) 9.772ms
[2024-08-28T13:03:54.772+0000][info][gc,cpu      ] GC(19) User=0.16s Sys=0.06s Real=0.01s
[2024-08-28T13:03:54.799+0000][info][gc,start    ] GC(20) Pause Young (Mixed) (G1 Evacuation Pause)
[2024-08-28T13:03:54.799+0000][info][gc,task     ] GC(20) Using 24 workers of 68 for evacuation
[2024-08-28T13:03:54.811+0000][info][gc,phases   ] GC(20)   Pre Evacuate Collection Set: 0.2ms
[2024-08-28T13:03:54.811+0000][info][gc,phases   ] GC(20)   Merge Heap Roots: 0.3ms
[2024-08-28T13:03:54.811+0000][info][gc,phases   ] GC(20)   Evacuate Collection Set: 10.4ms
[2024-08-28T13:03:54.811+0000][info][gc,phases   ] GC(20)   Post Evacuate Collection Set: 0.4ms
[2024-08-28T13:03:54.811+0000][info][gc,phases   ] GC(20)   Other: 0.2ms
[2024-08-28T13:03:54.811+0000][info][gc,heap     ] GC(20) Eden regions: 44->0(44)
[2024-08-28T13:03:54.811+0000][info][gc,heap     ] GC(20) Survivor regions: 7->7(7)
[2024-08-28T13:03:54.811+0000][info][gc,heap     ] GC(20) Old regions: 897->840
[2024-08-28T13:03:54.811+0000][info][gc,heap     ] GC(20) Archive regions: 2->2
[2024-08-28T13:03:54.811+0000][info][gc,heap     ] GC(20) Humongous regions: 5->5
[2024-08-28T13:03:54.811+0000][info][gc,metaspace] GC(20) Metaspace: 100K(320K)->100K(320K) NonClass: 96K(192K)->96K(192K) Class: 4K(128K)->4K(128K)
[2024-08-28T13:03:54.811+0000][info][gc          ] GC(20) Pause Young (Mixed) (G1 Evacuation Pause) 953M->852M(1024M) 11.643ms
[2024-08-28T13:03:54.811+0000][info][gc,cpu      ] GC(20) User=0.19s Sys=0.07s Real=0.01s
[2024-08-28T13:03:54.840+0000][info][gc,start    ] GC(21) Pause Young (Mixed) (G1 Evacuation Pause)
[2024-08-28T13:03:54.840+0000][info][gc,task     ] GC(21) Using 24 workers of 68 for evacuation
[2024-08-28T13:03:54.852+0000][info][gc,phases   ] GC(21)   Pre Evacuate Collection Set: 0.2ms
[2024-08-28T13:03:54.852+0000][info][gc,phases   ] GC(21)   Merge Heap Roots: 0.4ms
[2024-08-28T13:03:54.852+0000][info][gc,phases   ] GC(21)   Evacuate Collection Set: 10.9ms
[2024-08-28T13:03:54.852+0000][info][gc,phases   ] GC(21)   Post Evacuate Collection Set: 0.4ms
[2024-08-28T13:03:54.852+0000][info][gc,phases   ] GC(21)   Other: 0.3ms
[2024-08-28T13:03:54.852+0000][info][gc,heap     ] GC(21) Eden regions: 44->0(44)
[2024-08-28T13:03:54.852+0000][info][gc,heap     ] GC(21) Survivor regions: 7->7(7)
[2024-08-28T13:03:54.852+0000][info][gc,heap     ] GC(21) Old regions: 840->784
[2024-08-28T13:03:54.852+0000][info][gc,heap     ] GC(21) Archive regions: 2->2
[2024-08-28T13:03:54.852+0000][info][gc,heap     ] GC(21) Humongous regions: 5->5
[2024-08-28T13:03:54.852+0000][info][gc,metaspace] GC(21) Metaspace: 100K(320K)->100K(320K) NonClass: 96K(192K)->96K(192K) Class: 4K(128K)->4K(128K)
[2024-08-28T13:03:54.852+0000][info][gc          ] GC(21) Pause Young (Mixed) (G1 Evacuation Pause) 896M->796M(1024M) 12.211ms
[2024-08-28T13:03:54.852+0000][info][gc,cpu      ] GC(21) User=0.28s Sys=0.00s Real=0.01s
[2024-08-28T13:03:54.880+0000][info][gc,start    ] GC(22) Pause Young (Mixed) (G1 Evacuation Pause)
[2024-08-28T13:03:54.880+0000][info][gc,task     ] GC(22) Using 24 workers of 68 for evacuation
[2024-08-28T13:03:54.892+0000][info][gc,phases   ] GC(22)   Pre Evacuate Collection Set: 0.2ms
[2024-08-28T13:03:54.892+0000][info][gc,phases   ] GC(22)   Merge Heap Roots: 0.3ms
[2024-08-28T13:03:54.892+0000][info][gc,phases   ] GC(22)   Evacuate Collection Set: 10.3ms
[2024-08-28T13:03:54.892+0000][info][gc,phases   ] GC(22)   Post Evacuate Collection Set: 0.3ms
[2024-08-28T13:03:54.892+0000][info][gc,phases   ] GC(22)   Other: 0.3ms
[2024-08-28T13:03:54.892+0000][info][gc,heap     ] GC(22) Eden regions: 44->0(44)
[2024-08-28T13:03:54.892+0000][info][gc,heap     ] GC(22) Survivor regions: 7->7(7)
[2024-08-28T13:03:54.892+0000][info][gc,heap     ] GC(22) Old regions: 784->777
[2024-08-28T13:03:54.892+0000][info][gc,heap     ] GC(22) Archive regions: 2->2
[2024-08-28T13:03:54.892+0000][info][gc,heap     ] GC(22) Humongous regions: 5->5
[2024-08-28T13:03:54.892+0000][info][gc,metaspace] GC(22) Metaspace: 100K(320K)->100K(320K) NonClass: 96K(192K)->96K(192K) Class: 4K(128K)->4K(128K)
[2024-08-28T13:03:54.892+0000][info][gc          ] GC(22) Pause Young (Mixed) (G1 Evacuation Pause) 840M->789M(1024M) 11.567ms
[2024-08-28T13:03:54.892+0000][info][gc,cpu      ] GC(22) User=0.26s Sys=0.00s Real=0.01s
[2024-08-28T13:03:54.916+0000][info][gc,start    ] GC(23) Pause Young (Concurrent Start) (G1 Evacuation Pause)
[2024-08-28T13:03:54.916+0000][info][gc,task     ] GC(23) Using 24 workers of 68 for evacuation
[2024-08-28T13:03:54.927+0000][info][gc,phases   ] GC(23)   Pre Evacuate Collection Set: 0.2ms
[2024-08-28T13:03:54.927+0000][info][gc,phases   ] GC(23)   Merge Heap Roots: 0.3ms
[2024-08-28T13:03:54.927+0000][info][gc,phases   ] GC(23)   Evacuate Collection Set: 9.9ms
[2024-08-28T13:03:54.927+0000][info][gc,phases   ] GC(23)   Post Evacuate Collection Set: 0.3ms
[2024-08-28T13:03:54.927+0000][info][gc,phases   ] GC(23)   Other: 0.9ms
[2024-08-28T13:03:54.927+0000][info][gc,heap     ] GC(23) Eden regions: 44->0(44)
[2024-08-28T13:03:54.927+0000][info][gc,heap     ] GC(23) Survivor regions: 7->7(7)
[2024-08-28T13:03:54.927+0000][info][gc,heap     ] GC(23) Old regions: 777->823
[2024-08-28T13:03:54.927+0000][info][gc,heap     ] GC(23) Archive regions: 2->2
[2024-08-28T13:03:54.927+0000][info][gc,heap     ] GC(23) Humongous regions: 5->5
[2024-08-28T13:03:54.927+0000][info][gc,metaspace] GC(23) Metaspace: 100K(320K)->100K(320K) NonClass: 96K(192K)->96K(192K) Class: 4K(128K)->4K(128K)
[2024-08-28T13:03:54.927+0000][info][gc          ] GC(23) Pause Young (Concurrent Start) (G1 Evacuation Pause) 833M->835M(1024M) 11.790ms
[2024-08-28T13:03:54.927+0000][info][gc,cpu      ] GC(23) User=0.24s Sys=0.00s Real=0.01s
[2024-08-28T13:03:54.927+0000][info][gc          ] GC(24) Concurrent Mark Cycle
[2024-08-28T13:03:54.928+0000][info][gc,marking  ] GC(24) Concurrent Clear Claimed Marks
[2024-08-28T13:03:54.928+0000][info][gc,marking  ] GC(24) Concurrent Clear Claimed Marks 0.010ms
[2024-08-28T13:03:54.928+0000][info][gc,marking  ] GC(24) Concurrent Scan Root Regions
[2024-08-28T13:03:54.929+0000][info][gc,marking  ] GC(24) Concurrent Scan Root Regions 1.723ms
[2024-08-28T13:03:54.929+0000][info][gc,marking  ] GC(24) Concurrent Mark
[2024-08-28T13:03:54.929+0000][info][gc,marking  ] GC(24) Concurrent Mark From Roots
[2024-08-28T13:03:54.929+0000][info][gc,task     ] GC(24) Using 17 workers of 17 for marking
[2024-08-28T13:03:54.955+0000][info][gc,marking  ] GC(24) Concurrent Mark From Roots 26.017ms
[2024-08-28T13:03:54.955+0000][info][gc,marking  ] GC(24) Concurrent Preclean
[2024-08-28T13:03:54.956+0000][info][gc,marking  ] GC(24) Concurrent Preclean 0.993ms
[2024-08-28T13:03:54.957+0000][info][gc,start    ] GC(24) Pause Remark
[2024-08-28T13:03:54.958+0000][info][gc          ] GC(24) Pause Remark 864M->864M(1024M) 1.215ms
[2024-08-28T13:03:54.958+0000][info][gc,cpu      ] GC(24) User=0.01s Sys=0.00s Real=0.01s
[2024-08-28T13:03:54.958+0000][info][gc,marking  ] GC(24) Concurrent Mark 28.835ms
[2024-08-28T13:03:54.958+0000][info][gc,marking  ] GC(24) Concurrent Rebuild Remembered Sets
[2024-08-28T13:03:54.971+0000][info][gc,start    ] GC(25) Pause Young (Normal) (G1 Evacuation Pause)
[2024-08-28T13:03:54.971+0000][info][gc,task     ] GC(25) Using 24 workers of 68 for evacuation
[2024-08-28T13:03:54.982+0000][info][gc,phases   ] GC(25)   Pre Evacuate Collection Set: 0.2ms
[2024-08-28T13:03:54.982+0000][info][gc,phases   ] GC(25)   Merge Heap Roots: 0.4ms
[2024-08-28T13:03:54.982+0000][info][gc,phases   ] GC(25)   Evacuate Collection Set: 9.6ms
[2024-08-28T13:03:54.982+0000][info][gc,phases   ] GC(25)   Post Evacuate Collection Set: 0.5ms
[2024-08-28T13:03:54.982+0000][info][gc,phases   ] GC(25)   Other: 0.3ms
[2024-08-28T13:03:54.982+0000][info][gc,heap     ] GC(25) Eden regions: 44->0(44)
[2024-08-28T13:03:54.982+0000][info][gc,heap     ] GC(25) Survivor regions: 7->7(7)
[2024-08-28T13:03:54.982+0000][info][gc,heap     ] GC(25) Old regions: 823->870
[2024-08-28T13:03:54.982+0000][info][gc,heap     ] GC(25) Archive regions: 2->2
[2024-08-28T13:03:54.982+0000][info][gc,heap     ] GC(25) Humongous regions: 5->5
[2024-08-28T13:03:54.982+0000][info][gc,metaspace] GC(25) Metaspace: 100K(320K)->100K(320K) NonClass: 96K(192K)->96K(192K) Class: 4K(128K)->4K(128K)
[2024-08-28T13:03:54.983+0000][info][gc          ] GC(25) Pause Young (Normal) (G1 Evacuation Pause) 879M->882M(1024M) 11.056ms
[2024-08-28T13:03:54.983+0000][info][gc,cpu      ] GC(25) User=0.23s Sys=0.01s Real=0.01s
[2024-08-28T13:03:55.026+0000][info][gc,start    ] GC(26) Pause Young (Normal) (G1 Evacuation Pause)
[2024-08-28T13:03:55.026+0000][info][gc,task     ] GC(26) Using 24 workers of 68 for evacuation
[2024-08-28T13:03:55.037+0000][info][gc,phases   ] GC(26)   Pre Evacuate Collection Set: 0.2ms
[2024-08-28T13:03:55.037+0000][info][gc,phases   ] GC(26)   Merge Heap Roots: 0.3ms
[2024-08-28T13:03:55.037+0000][info][gc,phases   ] GC(26)   Evacuate Collection Set: 9.8ms
[2024-08-28T13:03:55.037+0000][info][gc,phases   ] GC(26)   Post Evacuate Collection Set: 0.4ms
[2024-08-28T13:03:55.037+0000][info][gc,phases   ] GC(26)   Other: 0.3ms
[2024-08-28T13:03:55.037+0000][info][gc,heap     ] GC(26) Eden regions: 44->0(44)
[2024-08-28T13:03:55.037+0000][info][gc,heap     ] GC(26) Survivor regions: 7->7(7)
[2024-08-28T13:03:55.037+0000][info][gc,heap     ] GC(26) Old regions: 870->917
[2024-08-28T13:03:55.037+0000][info][gc,heap     ] GC(26) Archive regions: 2->2
[2024-08-28T13:03:55.037+0000][info][gc,heap     ] GC(26) Humongous regions: 5->5
[2024-08-28T13:03:55.037+0000][info][gc,metaspace] GC(26) Metaspace: 100K(320K)->100K(320K) NonClass: 96K(192K)->96K(192K) Class: 4K(128K)->4K(128K)
[2024-08-28T13:03:55.037+0000][info][gc          ] GC(26) Pause Young (Normal) (G1 Evacuation Pause) 926M->929M(1024M) 11.100ms
[2024-08-28T13:03:55.037+0000][info][gc,cpu      ] GC(26) User=0.23s Sys=0.01s Real=0.01s
[2024-08-28T13:03:55.042+0000][info][gc,marking  ] GC(24) Concurrent Rebuild Remembered Sets 84.311ms
[2024-08-28T13:03:55.043+0000][info][gc,start    ] GC(24) Pause Cleanup
[2024-08-28T13:03:55.044+0000][info][gc          ] GC(24) Pause Cleanup 934M->934M(1024M) 1.476ms
[2024-08-28T13:03:55.044+0000][info][gc,cpu      ] GC(24) User=0.01s Sys=0.00s Real=0.00s
[2024-08-28T13:03:55.044+0000][info][gc,marking  ] GC(24) Concurrent Cleanup for Next Mark
[2024-08-28T13:03:55.045+0000][info][gc,marking  ] GC(24) Concurrent Cleanup for Next Mark 0.795ms
[2024-08-28T13:03:55.045+0000][info][gc          ] GC(24) Concurrent Mark Cycle 117.623ms
[2024-08-28T13:03:55.069+0000][info][gc,start    ] GC(27) Pause Young (Prepare Mixed) (G1 Preventive Collection)
[2024-08-28T13:03:55.069+0000][info][gc,task     ] GC(27) Using 24 workers of 68 for evacuation
[2024-08-28T13:03:55.079+0000][info][gc,phases   ] GC(27)   Pre Evacuate Collection Set: 0.2ms
[2024-08-28T13:03:55.079+0000][info][gc,phases   ] GC(27)   Merge Heap Roots: 0.4ms
[2024-08-28T13:03:55.079+0000][info][gc,phases   ] GC(27)   Evacuate Collection Set: 9.7ms
[2024-08-28T13:03:55.079+0000][info][gc,phases   ] GC(27)   Post Evacuate Collection Set: 0.3ms
[2024-08-28T13:03:55.079+0000][info][gc,phases   ] GC(27)   Other: 0.2ms
[2024-08-28T13:03:55.080+0000][info][gc,heap     ] GC(27) Eden regions: 41->0(44)
[2024-08-28T13:03:55.080+0000][info][gc,heap     ] GC(27) Survivor regions: 7->7(7)
[2024-08-28T13:03:55.080+0000][info][gc,heap     ] GC(27) Old regions: 917->960
[2024-08-28T13:03:55.080+0000][info][gc,heap     ] GC(27) Archive regions: 2->2
[2024-08-28T13:03:55.080+0000][info][gc,heap     ] GC(27) Humongous regions: 5->5
[2024-08-28T13:03:55.080+0000][info][gc,metaspace] GC(27) Metaspace: 100K(320K)->100K(320K) NonClass: 96K(192K)->96K(192K) Class: 4K(128K)->4K(128K)
[2024-08-28T13:03:55.080+0000][info][gc          ] GC(27) Pause Young (Prepare Mixed) (G1 Preventive Collection) 970M->972M(1024M) 10.840ms
[2024-08-28T13:03:55.080+0000][info][gc,cpu      ] GC(27) User=0.24s Sys=0.00s Real=0.02s
[2024-08-28T13:03:55.091+0000][info][gc,start    ] GC(28) Pause Young (Mixed) (G1 Preventive Collection)
[2024-08-28T13:03:55.091+0000][info][gc,task     ] GC(28) Using 24 workers of 68 for evacuation
[2024-08-28T13:03:55.099+0000][info][gc          ] GC(28) To-space exhausted
[2024-08-28T13:03:55.099+0000][info][gc,phases   ] GC(28)   Pre Evacuate Collection Set: 0.2ms
[2024-08-28T13:03:55.099+0000][info][gc,phases   ] GC(28)   Merge Heap Roots: 0.3ms
[2024-08-28T13:03:55.099+0000][info][gc,phases   ] GC(28)   Evacuate Collection Set: 6.9ms
[2024-08-28T13:03:55.099+0000][info][gc,phases   ] GC(28)   Post Evacuate Collection Set: 0.7ms
[2024-08-28T13:03:55.099+0000][info][gc,phases   ] GC(28)   Other: 0.2ms
[2024-08-28T13:03:55.099+0000][info][gc,heap     ] GC(28) Eden regions: 20->0(44)
[2024-08-28T13:03:55.099+0000][info][gc,heap     ] GC(28) Survivor regions: 7->7(7)
[2024-08-28T13:03:55.099+0000][info][gc,heap     ] GC(28) Old regions: 960->918
[2024-08-28T13:03:55.099+0000][info][gc,heap     ] GC(28) Archive regions: 2->2
[2024-08-28T13:03:55.099+0000][info][gc,heap     ] GC(28) Humongous regions: 5->5
[2024-08-28T13:03:55.099+0000][info][gc,metaspace] GC(28) Metaspace: 100K(320K)->100K(320K) NonClass: 96K(192K)->96K(192K) Class: 4K(128K)->4K(128K)
[2024-08-28T13:03:55.099+0000][info][gc          ] GC(28) Pause Young (Mixed) (G1 Preventive Collection) 992M->930M(1024M) 8.426ms
[2024-08-28T13:03:55.099+0000][info][gc,cpu      ] GC(28) User=0.18s Sys=0.00s Real=0.01s
[2024-08-28T13:03:55.122+0000][info][gc,start    ] GC(29) Pause Young (Mixed) (G1 Preventive Collection)
[2024-08-28T13:03:55.122+0000][info][gc,task     ] GC(29) Using 24 workers of 68 for evacuation
[2024-08-28T13:03:55.133+0000][info][gc,phases   ] GC(29)   Pre Evacuate Collection Set: 0.2ms
[2024-08-28T13:03:55.133+0000][info][gc,phases   ] GC(29)   Merge Heap Roots: 0.4ms
[2024-08-28T13:03:55.133+0000][info][gc,phases   ] GC(29)   Evacuate Collection Set: 9.6ms
[2024-08-28T13:03:55.133+0000][info][gc,phases   ] GC(29)   Post Evacuate Collection Set: 0.3ms
[2024-08-28T13:03:55.133+0000][info][gc,phases   ] GC(29)   Other: 0.2ms
[2024-08-28T13:03:55.133+0000][info][gc,heap     ] GC(29) Eden regions: 40->0(44)
[2024-08-28T13:03:55.133+0000][info][gc,heap     ] GC(29) Survivor regions: 7->7(7)
[2024-08-28T13:03:55.133+0000][info][gc,heap     ] GC(29) Old regions: 918->856
[2024-08-28T13:03:55.133+0000][info][gc,heap     ] GC(29) Archive regions: 2->2
[2024-08-28T13:03:55.133+0000][info][gc,heap     ] GC(29) Humongous regions: 5->5
[2024-08-28T13:03:55.133+0000][info][gc,metaspace] GC(29) Metaspace: 100K(320K)->100K(320K) NonClass: 96K(192K)->96K(192K) Class: 4K(128K)->4K(128K)
[2024-08-28T13:03:55.133+0000][info][gc          ] GC(29) Pause Young (Mixed) (G1 Preventive Collection) 970M->868M(1024M) 10.764ms
[2024-08-28T13:03:55.133+0000][info][gc,cpu      ] GC(29) User=0.24s Sys=0.00s Real=0.01s
[2024-08-28T13:03:55.157+0000][info][gc,start    ] GC(30) Pause Young (Mixed) (G1 Evacuation Pause)
[2024-08-28T13:03:55.157+0000][info][gc,task     ] GC(30) Using 24 workers of 68 for evacuation
[2024-08-28T13:03:55.169+0000][info][gc,phases   ] GC(30)   Pre Evacuate Collection Set: 0.2ms
[2024-08-28T13:03:55.169+0000][info][gc,phases   ] GC(30)   Merge Heap Roots: 0.4ms
[2024-08-28T13:03:55.169+0000][info][gc,phases   ] GC(30)   Evacuate Collection Set: 10.4ms
[2024-08-28T13:03:55.169+0000][info][gc,phases   ] GC(30)   Post Evacuate Collection Set: 0.4ms
[2024-08-28T13:03:55.169+0000][info][gc,phases   ] GC(30)   Other: 0.2ms
[2024-08-28T13:03:55.169+0000][info][gc,heap     ] GC(30) Eden regions: 44->0(44)
[2024-08-28T13:03:55.169+0000][info][gc,heap     ] GC(30) Survivor regions: 7->7(7)
[2024-08-28T13:03:55.169+0000][info][gc,heap     ] GC(30) Old regions: 856->800
[2024-08-28T13:03:55.169+0000][info][gc,heap     ] GC(30) Archive regions: 2->2
[2024-08-28T13:03:55.169+0000][info][gc,heap     ] GC(30) Humongous regions: 5->5
[2024-08-28T13:03:55.169+0000][info][gc,metaspace] GC(30) Metaspace: 100K(320K)->100K(320K) NonClass: 96K(192K)->96K(192K) Class: 4K(128K)->4K(128K)
[2024-08-28T13:03:55.169+0000][info][gc          ] GC(30) Pause Young (Mixed) (G1 Evacuation Pause) 912M->812M(1024M) 11.684ms
[2024-08-28T13:03:55.169+0000][info][gc,cpu      ] GC(30) User=0.26s Sys=0.00s Real=0.01s
[2024-08-28T13:03:55.206+0000][info][gc,start    ] GC(31) Pause Young (Mixed) (G1 Evacuation Pause)
[2024-08-28T13:03:55.206+0000][info][gc,task     ] GC(31) Using 24 workers of 68 for evacuation
[2024-08-28T13:03:55.219+0000][info][gc,phases   ] GC(31)   Pre Evacuate Collection Set: 0.2ms
[2024-08-28T13:03:55.219+0000][info][gc,phases   ] GC(31)   Merge Heap Roots: 0.4ms
[2024-08-28T13:03:55.219+0000][info][gc,phases   ] GC(31)   Evacuate Collection Set: 12.3ms
[2024-08-28T13:03:55.219+0000][info][gc,phases   ] GC(31)   Post Evacuate Collection Set: 0.3ms
[2024-08-28T13:03:55.219+0000][info][gc,phases   ] GC(31)   Other: 0.2ms
[2024-08-28T13:03:55.219+0000][info][gc,heap     ] GC(31) Eden regions: 44->0(44)
[2024-08-28T13:03:55.220+0000][info][gc,heap     ] GC(31) Survivor regions: 7->7(7)
[2024-08-28T13:03:55.220+0000][info][gc,heap     ] GC(31) Old regions: 800->819
[2024-08-28T13:03:55.220+0000][info][gc,heap     ] GC(31) Archive regions: 2->2
[2024-08-28T13:03:55.220+0000][info][gc,heap     ] GC(31) Humongous regions: 5->5
[2024-08-28T13:03:55.220+0000][info][gc,metaspace] GC(31) Metaspace: 100K(320K)->100K(320K) NonClass: 96K(192K)->96K(192K) Class: 4K(128K)->4K(128K)
[2024-08-28T13:03:55.220+0000][info][gc          ] GC(31) Pause Young (Mixed) (G1 Evacuation Pause) 856M->831M(1024M) 13.458ms
[2024-08-28T13:03:55.220+0000][info][gc,cpu      ] GC(31) User=0.30s Sys=0.00s Real=0.02s
[2024-08-28T13:03:55.251+0000][info][gc,start    ] GC(32) Pause Young (Concurrent Start) (G1 Evacuation Pause)
[2024-08-28T13:03:55.252+0000][info][gc,task     ] GC(32) Using 24 workers of 68 for evacuation
[2024-08-28T13:03:55.263+0000][info][gc,phases   ] GC(32)   Pre Evacuate Collection Set: 0.2ms
[2024-08-28T13:03:55.263+0000][info][gc,phases   ] GC(32)   Merge Heap Roots: 0.4ms
[2024-08-28T13:03:55.263+0000][info][gc,phases   ] GC(32)   Evacuate Collection Set: 10.2ms
[2024-08-28T13:03:55.263+0000][info][gc,phases   ] GC(32)   Post Evacuate Collection Set: 0.3ms
[2024-08-28T13:03:55.263+0000][info][gc,phases   ] GC(32)   Other: 0.8ms
[2024-08-28T13:03:55.263+0000][info][gc,heap     ] GC(32) Eden regions: 44->0(44)
[2024-08-28T13:03:55.263+0000][info][gc,heap     ] GC(32) Survivor regions: 7->7(7)
[2024-08-28T13:03:55.263+0000][info][gc,heap     ] GC(32) Old regions: 819->866
[2024-08-28T13:03:55.263+0000][info][gc,heap     ] GC(32) Archive regions: 2->2
[2024-08-28T13:03:55.263+0000][info][gc,heap     ] GC(32) Humongous regions: 5->5
[2024-08-28T13:03:55.263+0000][info][gc,metaspace] GC(32) Metaspace: 100K(320K)->100K(320K) NonClass: 96K(192K)->96K(192K) Class: 4K(128K)->4K(128K)
[2024-08-28T13:03:55.263+0000][info][gc          ] GC(32) Pause Young (Concurrent Start) (G1 Evacuation Pause) 875M->878M(1024M) 11.990ms
[2024-08-28T13:03:55.264+0000][info][gc,cpu      ] GC(32) User=0.25s Sys=0.00s Real=0.01s
[2024-08-28T13:03:55.264+0000][info][gc          ] GC(33) Concurrent Mark Cycle
[2024-08-28T13:03:55.264+0000][info][gc,marking  ] GC(33) Concurrent Clear Claimed Marks
[2024-08-28T13:03:55.264+0000][info][gc,marking  ] GC(33) Concurrent Clear Claimed Marks 0.014ms
[2024-08-28T13:03:55.264+0000][info][gc,marking  ] GC(33) Concurrent Scan Root Regions
[2024-08-28T13:03:55.265+0000][info][gc,marking  ] GC(33) Concurrent Scan Root Regions 1.702ms
[2024-08-28T13:03:55.265+0000][info][gc,marking  ] GC(33) Concurrent Mark
[2024-08-28T13:03:55.265+0000][info][gc,marking  ] GC(33) Concurrent Mark From Roots
[2024-08-28T13:03:55.265+0000][info][gc,task     ] GC(33) Using 17 workers of 17 for marking
[2024-08-28T13:03:55.294+0000][info][gc,marking  ] GC(33) Concurrent Mark From Roots 28.571ms
[2024-08-28T13:03:55.294+0000][info][gc,marking  ] GC(33) Concurrent Preclean
[2024-08-28T13:03:55.295+0000][info][gc,marking  ] GC(33) Concurrent Preclean 1.125ms
[2024-08-28T13:03:55.295+0000][info][gc,start    ] GC(33) Pause Remark
[2024-08-28T13:03:55.297+0000][info][gc          ] GC(33) Pause Remark 909M->892M(1024M) 1.638ms
[2024-08-28T13:03:55.297+0000][info][gc,cpu      ] GC(33) User=0.01s Sys=0.01s Real=0.00s
[2024-08-28T13:03:55.297+0000][info][gc,marking  ] GC(33) Concurrent Mark 31.862ms
[2024-08-28T13:03:55.297+0000][info][gc,marking  ] GC(33) Concurrent Rebuild Remembered Sets
[2024-08-28T13:03:55.308+0000][info][gc,start    ] GC(34) Pause Young (Normal) (G1 Evacuation Pause)
[2024-08-28T13:03:55.308+0000][info][gc,task     ] GC(34) Using 24 workers of 68 for evacuation
[2024-08-28T13:03:55.319+0000][info][gc,phases   ] GC(34)   Pre Evacuate Collection Set: 0.2ms
[2024-08-28T13:03:55.319+0000][info][gc,phases   ] GC(34)   Merge Heap Roots: 0.4ms
[2024-08-28T13:03:55.319+0000][info][gc,phases   ] GC(34)   Evacuate Collection Set: 9.9ms
[2024-08-28T13:03:55.319+0000][info][gc,phases   ] GC(34)   Post Evacuate Collection Set: 0.4ms
[2024-08-28T13:03:55.319+0000][info][gc,phases   ] GC(34)   Other: 0.3ms
[2024-08-28T13:03:55.319+0000][info][gc,heap     ] GC(34) Eden regions: 44->0(44)
[2024-08-28T13:03:55.319+0000][info][gc,heap     ] GC(34) Survivor regions: 7->7(7)
[2024-08-28T13:03:55.319+0000][info][gc,heap     ] GC(34) Old regions: 849->895
[2024-08-28T13:03:55.319+0000][info][gc,heap     ] GC(34) Archive regions: 2->2
[2024-08-28T13:03:55.319+0000][info][gc,heap     ] GC(34) Humongous regions: 5->5
[2024-08-28T13:03:55.319+0000][info][gc,metaspace] GC(34) Metaspace: 100K(320K)->100K(320K) NonClass: 96K(192K)->96K(192K) Class: 4K(128K)->4K(128K)
[2024-08-28T13:03:55.319+0000][info][gc          ] GC(34) Pause Young (Normal) (G1 Evacuation Pause) 905M->907M(1024M) 11.221ms
[2024-08-28T13:03:55.319+0000][info][gc,cpu      ] GC(34) User=0.25s Sys=0.00s Real=0.02s
[2024-08-28T13:03:55.364+0000][info][gc,start    ] GC(35) Pause Young (Normal) (G1 Evacuation Pause)
[2024-08-28T13:03:55.364+0000][info][gc,task     ] GC(35) Using 24 workers of 68 for evacuation
[2024-08-28T13:03:55.375+0000][info][gc,phases   ] GC(35)   Pre Evacuate Collection Set: 0.2ms
[2024-08-28T13:03:55.375+0000][info][gc,phases   ] GC(35)   Merge Heap Roots: 0.4ms
[2024-08-28T13:03:55.375+0000][info][gc,phases   ] GC(35)   Evacuate Collection Set: 10.5ms
[2024-08-28T13:03:55.375+0000][info][gc,phases   ] GC(35)   Post Evacuate Collection Set: 0.4ms
[2024-08-28T13:03:55.375+0000][info][gc,phases   ] GC(35)   Other: 0.3ms
[2024-08-28T13:03:55.375+0000][info][gc,heap     ] GC(35) Eden regions: 44->0(44)
[2024-08-28T13:03:55.375+0000][info][gc,heap     ] GC(35) Survivor regions: 7->7(7)
[2024-08-28T13:03:55.375+0000][info][gc,heap     ] GC(35) Old regions: 895->942
[2024-08-28T13:03:55.375+0000][info][gc,heap     ] GC(35) Archive regions: 2->2
[2024-08-28T13:03:55.375+0000][info][gc,heap     ] GC(35) Humongous regions: 5->5
[2024-08-28T13:03:55.375+0000][info][gc,metaspace] GC(35) Metaspace: 100K(320K)->100K(320K) NonClass: 96K(192K)->96K(192K) Class: 4K(128K)->4K(128K)
[2024-08-28T13:03:55.375+0000][info][gc          ] GC(35) Pause Young (Normal) (G1 Evacuation Pause) 951M->954M(1024M) 11.855ms
[2024-08-28T13:03:55.375+0000][info][gc,cpu      ] GC(35) User=0.26s Sys=0.00s Real=0.01s
[2024-08-28T13:03:55.382+0000][info][gc,marking  ] GC(33) Concurrent Rebuild Remembered Sets 84.849ms
[2024-08-28T13:03:55.382+0000][info][gc,start    ] GC(33) Pause Cleanup
[2024-08-28T13:03:55.384+0000][info][gc          ] GC(33) Pause Cleanup 960M->960M(1024M) 1.524ms
[2024-08-28T13:03:55.384+0000][info][gc,cpu      ] GC(33) User=0.00s Sys=0.00s Real=0.00s
[2024-08-28T13:03:55.384+0000][info][gc,marking  ] GC(33) Concurrent Cleanup for Next Mark
[2024-08-28T13:03:55.385+0000][info][gc,marking  ] GC(33) Concurrent Cleanup for Next Mark 0.825ms
[2024-08-28T13:03:55.385+0000][info][gc          ] GC(33) Concurrent Mark Cycle 121.214ms
[2024-08-28T13:03:55.400+0000][info][gc,start    ] GC(36) Pause Young (Prepare Mixed) (G1 Preventive Collection)
[2024-08-28T13:03:55.400+0000][info][gc,task     ] GC(36) Using 24 workers of 68 for evacuation
[2024-08-28T13:03:55.410+0000][info][gc,phases   ] GC(36)   Pre Evacuate Collection Set: 0.1ms
[2024-08-28T13:03:55.410+0000][info][gc,phases   ] GC(36)   Merge Heap Roots: 0.3ms
[2024-08-28T13:03:55.410+0000][info][gc,phases   ] GC(36)   Evacuate Collection Set: 9.0ms
[2024-08-28T13:03:55.410+0000][info][gc,phases   ] GC(36)   Post Evacuate Collection Set: 0.3ms
[2024-08-28T13:03:55.410+0000][info][gc,phases   ] GC(36)   Other: 0.2ms
[2024-08-28T13:03:55.410+0000][info][gc,heap     ] GC(36) Eden regions: 29->0(44)
[2024-08-28T13:03:55.410+0000][info][gc,heap     ] GC(36) Survivor regions: 7->7(7)
[2024-08-28T13:03:55.410+0000][info][gc,heap     ] GC(36) Old regions: 942->974
[2024-08-28T13:03:55.410+0000][info][gc,heap     ] GC(36) Archive regions: 2->2
[2024-08-28T13:03:55.410+0000][info][gc,heap     ] GC(36) Humongous regions: 5->5
[2024-08-28T13:03:55.410+0000][info][gc,metaspace] GC(36) Metaspace: 100K(320K)->100K(320K) NonClass: 96K(192K)->96K(192K) Class: 4K(128K)->4K(128K)
[2024-08-28T13:03:55.410+0000][info][gc          ] GC(36) Pause Young (Prepare Mixed) (G1 Preventive Collection) 983M->986M(1024M) 10.048ms
[2024-08-28T13:03:55.410+0000][info][gc,cpu      ] GC(36) User=0.17s Sys=0.05s Real=0.01s
[2024-08-28T13:03:55.418+0000][info][gc,start    ] GC(37) Pause Young (Mixed) (G1 Preventive Collection)
[2024-08-28T13:03:55.418+0000][info][gc,task     ] GC(37) Using 24 workers of 68 for evacuation
[2024-08-28T13:03:55.423+0000][info][gc,phases   ] GC(37)   Pre Evacuate Collection Set: 0.2ms
[2024-08-28T13:03:55.423+0000][info][gc,phases   ] GC(37)   Merge Heap Roots: 0.3ms
[2024-08-28T13:03:55.423+0000][info][gc,phases   ] GC(37)   Evacuate Collection Set: 4.8ms
[2024-08-28T13:03:55.423+0000][info][gc,phases   ] GC(37)   Post Evacuate Collection Set: 0.3ms
[2024-08-28T13:03:55.423+0000][info][gc,phases   ] GC(37)   Other: 0.2ms
[2024-08-28T13:03:55.423+0000][info][gc,heap     ] GC(37) Eden regions: 13->0(44)
[2024-08-28T13:03:55.423+0000][info][gc,heap     ] GC(37) Survivor regions: 7->7(7)
[2024-08-28T13:03:55.424+0000][info][gc,heap     ] GC(37) Old regions: 974->887
[2024-08-28T13:03:55.424+0000][info][gc,heap     ] GC(37) Archive regions: 2->2
[2024-08-28T13:03:55.424+0000][info][gc,heap     ] GC(37) Humongous regions: 5->5
[2024-08-28T13:03:55.424+0000][info][gc,metaspace] GC(37) Metaspace: 100K(320K)->100K(320K) NonClass: 96K(192K)->96K(192K) Class: 4K(128K)->4K(128K)
[2024-08-28T13:03:55.424+0000][info][gc          ] GC(37) Pause Young (Mixed) (G1 Preventive Collection) 999M->899M(1024M) 5.811ms
[2024-08-28T13:03:55.424+0000][info][gc,cpu      ] GC(37) User=0.11s Sys=0.01s Real=0.00s
[2024-08-28T13:03:55.448+0000][info][gc,start    ] GC(38) Pause Young (Mixed) (G1 Evacuation Pause)
[2024-08-28T13:03:55.448+0000][info][gc,task     ] GC(38) Using 24 workers of 68 for evacuation
[2024-08-28T13:03:55.458+0000][info][gc,phases   ] GC(38)   Pre Evacuate Collection Set: 0.2ms
[2024-08-28T13:03:55.458+0000][info][gc,phases   ] GC(38)   Merge Heap Roots: 0.3ms
[2024-08-28T13:03:55.459+0000][info][gc,phases   ] GC(38)   Evacuate Collection Set: 9.8ms
[2024-08-28T13:03:55.459+0000][info][gc,phases   ] GC(38)   Post Evacuate Collection Set: 0.4ms
[2024-08-28T13:03:55.459+0000][info][gc,phases   ] GC(38)   Other: 0.2ms
[2024-08-28T13:03:55.459+0000][info][gc,heap     ] GC(38) Eden regions: 44->0(44)
[2024-08-28T13:03:55.459+0000][info][gc,heap     ] GC(38) Survivor regions: 7->7(7)
[2024-08-28T13:03:55.459+0000][info][gc,heap     ] GC(38) Old regions: 887->829
[2024-08-28T13:03:55.459+0000][info][gc,heap     ] GC(38) Archive regions: 2->2
[2024-08-28T13:03:55.459+0000][info][gc,heap     ] GC(38) Humongous regions: 5->5
[2024-08-28T13:03:55.459+0000][info][gc,metaspace] GC(38) Metaspace: 100K(320K)->100K(320K) NonClass: 96K(192K)->96K(192K) Class: 4K(128K)->4K(128K)
[2024-08-28T13:03:55.459+0000][info][gc          ] GC(38) Pause Young (Mixed) (G1 Evacuation Pause) 943M->841M(1024M) 10.967ms
[2024-08-28T13:03:55.459+0000][info][gc,cpu      ] GC(38) User=0.24s Sys=0.00s Real=0.02s
[2024-08-28T13:03:55.482+0000][info][gc,start    ] GC(39) Pause Young (Mixed) (G1 Evacuation Pause)
[2024-08-28T13:03:55.483+0000][info][gc,task     ] GC(39) Using 24 workers of 68 for evacuation
[2024-08-28T13:03:55.494+0000][info][gc,phases   ] GC(39)   Pre Evacuate Collection Set: 0.2ms
[2024-08-28T13:03:55.494+0000][info][gc,phases   ] GC(39)   Merge Heap Roots: 0.4ms
[2024-08-28T13:03:55.494+0000][info][gc,phases   ] GC(39)   Evacuate Collection Set: 10.5ms
[2024-08-28T13:03:55.494+0000][info][gc,phases   ] GC(39)   Post Evacuate Collection Set: 0.3ms
[2024-08-28T13:03:55.494+0000][info][gc,phases   ] GC(39)   Other: 0.3ms
[2024-08-28T13:03:55.494+0000][info][gc,heap     ] GC(39) Eden regions: 44->0(44)
[2024-08-28T13:03:55.494+0000][info][gc,heap     ] GC(39) Survivor regions: 7->7(7)
[2024-08-28T13:03:55.494+0000][info][gc,heap     ] GC(39) Old regions: 829->772
[2024-08-28T13:03:55.494+0000][info][gc,heap     ] GC(39) Archive regions: 2->2
[2024-08-28T13:03:55.494+0000][info][gc,heap     ] GC(39) Humongous regions: 5->5
[2024-08-28T13:03:55.494+0000][info][gc,metaspace] GC(39) Metaspace: 100K(320K)->100K(320K) NonClass: 96K(192K)->96K(192K) Class: 4K(128K)->4K(128K)
[2024-08-28T13:03:55.494+0000][info][gc          ] GC(39) Pause Young (Mixed) (G1 Evacuation Pause) 885M->784M(1024M) 11.768ms
[2024-08-28T13:03:55.494+0000][info][gc,cpu      ] GC(39) User=0.25s Sys=0.01s Real=0.01s
[2024-08-28T13:03:55.518+0000][info][gc,start    ] GC(40) Pause Young (Mixed) (G1 Evacuation Pause)
[2024-08-28T13:03:55.518+0000][info][gc,task     ] GC(40) Using 24 workers of 68 for evacuation
[2024-08-28T13:03:55.530+0000][info][gc,phases   ] GC(40)   Pre Evacuate Collection Set: 0.2ms
[2024-08-28T13:03:55.530+0000][info][gc,phases   ] GC(40)   Merge Heap Roots: 0.3ms
[2024-08-28T13:03:55.530+0000][info][gc,phases   ] GC(40)   Evacuate Collection Set: 10.8ms
[2024-08-28T13:03:55.530+0000][info][gc,phases   ] GC(40)   Post Evacuate Collection Set: 0.4ms
[2024-08-28T13:03:55.530+0000][info][gc,phases   ] GC(40)   Other: 0.2ms
[2024-08-28T13:03:55.530+0000][info][gc,heap     ] GC(40) Eden regions: 44->0(44)
[2024-08-28T13:03:55.530+0000][info][gc,heap     ] GC(40) Survivor regions: 7->7(7)
[2024-08-28T13:03:55.530+0000][info][gc,heap     ] GC(40) Old regions: 772->771
[2024-08-28T13:03:55.530+0000][info][gc,heap     ] GC(40) Archive regions: 2->2
[2024-08-28T13:03:55.530+0000][info][gc,heap     ] GC(40) Humongous regions: 5->5
[2024-08-28T13:03:55.530+0000][info][gc,metaspace] GC(40) Metaspace: 100K(320K)->100K(320K) NonClass: 96K(192K)->96K(192K) Class: 4K(128K)->4K(128K)
[2024-08-28T13:03:55.530+0000][info][gc          ] GC(40) Pause Young (Mixed) (G1 Evacuation Pause) 828M->783M(1024M) 11.952ms
[2024-08-28T13:03:55.530+0000][info][gc,cpu      ] GC(40) User=0.23s Sys=0.03s Real=0.01s
[2024-08-28T13:03:55.554+0000][info][gc,start    ] GC(41) Pause Young (Concurrent Start) (G1 Evacuation Pause)
[2024-08-28T13:03:55.554+0000][info][gc,task     ] GC(41) Using 24 workers of 68 for evacuation
[2024-08-28T13:03:55.565+0000][info][gc,phases   ] GC(41)   Pre Evacuate Collection Set: 0.2ms
[2024-08-28T13:03:55.565+0000][info][gc,phases   ] GC(41)   Merge Heap Roots: 0.3ms
[2024-08-28T13:03:55.566+0000][info][gc,phases   ] GC(41)   Evacuate Collection Set: 10.0ms
[2024-08-28T13:03:55.566+0000][info][gc,phases   ] GC(41)   Post Evacuate Collection Set: 0.3ms
[2024-08-28T13:03:55.566+0000][info][gc,phases   ] GC(41)   Other: 0.7ms
[2024-08-28T13:03:55.566+0000][info][gc,heap     ] GC(41) Eden regions: 44->0(44)
[2024-08-28T13:03:55.566+0000][info][gc,heap     ] GC(41) Survivor regions: 7->7(7)
[2024-08-28T13:03:55.566+0000][info][gc,heap     ] GC(41) Old regions: 771->818
[2024-08-28T13:03:55.566+0000][info][gc,heap     ] GC(41) Archive regions: 2->2
[2024-08-28T13:03:55.566+0000][info][gc,heap     ] GC(41) Humongous regions: 5->5
[2024-08-28T13:03:55.566+0000][info][gc,metaspace] GC(41) Metaspace: 100K(320K)->100K(320K) NonClass: 96K(192K)->96K(192K) Class: 4K(128K)->4K(128K)
[2024-08-28T13:03:55.566+0000][info][gc          ] GC(41) Pause Young (Concurrent Start) (G1 Evacuation Pause) 827M->830M(1024M) 11.557ms
[2024-08-28T13:03:55.566+0000][info][gc,cpu      ] GC(41) User=0.23s Sys=0.01s Real=0.01s
[2024-08-28T13:03:55.566+0000][info][gc          ] GC(42) Concurrent Mark Cycle
[2024-08-28T13:03:55.566+0000][info][gc,marking  ] GC(42) Concurrent Clear Claimed Marks
[2024-08-28T13:03:55.566+0000][info][gc,marking  ] GC(42) Concurrent Clear Claimed Marks 0.012ms
[2024-08-28T13:03:55.566+0000][info][gc,marking  ] GC(42) Concurrent Scan Root Regions
[2024-08-28T13:03:55.568+0000][info][gc,marking  ] GC(42) Concurrent Scan Root Regions 1.775ms
[2024-08-28T13:03:55.568+0000][info][gc,marking  ] GC(42) Concurrent Mark
[2024-08-28T13:03:55.568+0000][info][gc,marking  ] GC(42) Concurrent Mark From Roots
[2024-08-28T13:03:55.568+0000][info][gc,task     ] GC(42) Using 17 workers of 17 for marking
[2024-08-28T13:03:55.593+0000][info][gc,marking  ] GC(42) Concurrent Mark From Roots 25.589ms
[2024-08-28T13:03:55.593+0000][info][gc,marking  ] GC(42) Concurrent Preclean
[2024-08-28T13:03:55.595+0000][info][gc,marking  ] GC(42) Concurrent Preclean 1.344ms
[2024-08-28T13:03:55.595+0000][info][gc,start    ] GC(42) Pause Remark
[2024-08-28T13:03:55.597+0000][info][gc          ] GC(42) Pause Remark 859M->859M(1024M) 1.575ms
[2024-08-28T13:03:55.597+0000][info][gc,cpu      ] GC(42) User=0.01s Sys=0.00s Real=0.00s
[2024-08-28T13:03:55.597+0000][info][gc,marking  ] GC(42) Concurrent Mark 29.097ms
[2024-08-28T13:03:55.597+0000][info][gc,marking  ] GC(42) Concurrent Rebuild Remembered Sets
[2024-08-28T13:03:55.612+0000][info][gc,start    ] GC(43) Pause Young (Normal) (G1 Evacuation Pause)
[2024-08-28T13:03:55.612+0000][info][gc,task     ] GC(43) Using 24 workers of 68 for evacuation
[2024-08-28T13:03:55.623+0000][info][gc,phases   ] GC(43)   Pre Evacuate Collection Set: 0.2ms
[2024-08-28T13:03:55.623+0000][info][gc,phases   ] GC(43)   Merge Heap Roots: 0.4ms
[2024-08-28T13:03:55.623+0000][info][gc,phases   ] GC(43)   Evacuate Collection Set: 10.0ms
[2024-08-28T13:03:55.623+0000][info][gc,phases   ] GC(43)   Post Evacuate Collection Set: 0.4ms
[2024-08-28T13:03:55.623+0000][info][gc,phases   ] GC(43)   Other: 0.2ms
[2024-08-28T13:03:55.623+0000][info][gc,heap     ] GC(43) Eden regions: 44->0(44)
[2024-08-28T13:03:55.623+0000][info][gc,heap     ] GC(43) Survivor regions: 7->7(7)
[2024-08-28T13:03:55.623+0000][info][gc,heap     ] GC(43) Old regions: 818->864
[2024-08-28T13:03:55.623+0000][info][gc,heap     ] GC(43) Archive regions: 2->2
[2024-08-28T13:03:55.623+0000][info][gc,heap     ] GC(43) Humongous regions: 5->5
[2024-08-28T13:03:55.623+0000][info][gc,metaspace] GC(43) Metaspace: 100K(320K)->100K(320K) NonClass: 96K(192K)->96K(192K) Class: 4K(128K)->4K(128K)
[2024-08-28T13:03:55.623+0000][info][gc          ] GC(43) Pause Young (Normal) (G1 Evacuation Pause) 874M->876M(1024M) 11.203ms
[2024-08-28T13:03:55.623+0000][info][gc,cpu      ] GC(43) User=0.24s Sys=0.01s Real=0.01s
[2024-08-28T13:03:55.667+0000][info][gc,marking  ] GC(42) Concurrent Rebuild Remembered Sets 70.717ms
[2024-08-28T13:03:55.668+0000][info][gc,start    ] GC(44) Pause Young (Normal) (G1 Evacuation Pause)
[2024-08-28T13:03:55.668+0000][info][gc,task     ] GC(44) Using 24 workers of 68 for evacuation
[2024-08-28T13:03:55.681+0000][info][gc,phases   ] GC(44)   Pre Evacuate Collection Set: 0.2ms
[2024-08-28T13:03:55.681+0000][info][gc,phases   ] GC(44)   Merge Heap Roots: 0.3ms
[2024-08-28T13:03:55.681+0000][info][gc,phases   ] GC(44)   Evacuate Collection Set: 11.7ms
[2024-08-28T13:03:55.681+0000][info][gc,phases   ] GC(44)   Post Evacuate Collection Set: 0.4ms
[2024-08-28T13:03:55.681+0000][info][gc,phases   ] GC(44)   Other: 0.2ms
[2024-08-28T13:03:55.681+0000][info][gc,heap     ] GC(44) Eden regions: 44->0(44)
[2024-08-28T13:03:55.681+0000][info][gc,heap     ] GC(44) Survivor regions: 7->7(7)
[2024-08-28T13:03:55.681+0000][info][gc,heap     ] GC(44) Old regions: 864->910
[2024-08-28T13:03:55.681+0000][info][gc,heap     ] GC(44) Archive regions: 2->2
[2024-08-28T13:03:55.681+0000][info][gc,heap     ] GC(44) Humongous regions: 5->5
[2024-08-28T13:03:55.681+0000][info][gc,metaspace] GC(44) Metaspace: 100K(320K)->100K(320K) NonClass: 96K(192K)->96K(192K) Class: 4K(128K)->4K(128K)
[2024-08-28T13:03:55.681+0000][info][gc          ] GC(44) Pause Young (Normal) (G1 Evacuation Pause) 920M->922M(1024M) 12.944ms
[2024-08-28T13:03:55.681+0000][info][gc,cpu      ] GC(44) User=0.29s Sys=0.00s Real=0.02s
[2024-08-28T13:03:55.681+0000][info][gc,start    ] GC(42) Pause Cleanup
[2024-08-28T13:03:55.683+0000][info][gc          ] GC(42) Pause Cleanup 922M->922M(1024M) 1.579ms
[2024-08-28T13:03:55.683+0000][info][gc,cpu      ] GC(42) User=0.01s Sys=0.00s Real=0.00s
[2024-08-28T13:03:55.683+0000][info][gc,marking  ] GC(42) Concurrent Cleanup for Next Mark
[2024-08-28T13:03:55.684+0000][info][gc,marking  ] GC(42) Concurrent Cleanup for Next Mark 0.890ms
[2024-08-28T13:03:55.684+0000][info][gc          ] GC(42) Concurrent Mark Cycle 117.836ms
[2024-08-28T13:03:55.712+0000][info][gc,start    ] GC(45) Pause Young (Prepare Mixed) (G1 Preventive Collection)
[2024-08-28T13:03:55.712+0000][info][gc,task     ] GC(45) Using 24 workers of 68 for evacuation
[2024-08-28T13:03:55.724+0000][info][gc,phases   ] GC(45)   Pre Evacuate Collection Set: 0.2ms
[2024-08-28T13:03:55.724+0000][info][gc,phases   ] GC(45)   Merge Heap Roots: 0.4ms
[2024-08-28T13:03:55.724+0000][info][gc,phases   ] GC(45)   Evacuate Collection Set: 11.2ms
[2024-08-28T13:03:55.724+0000][info][gc,phases   ] GC(45)   Post Evacuate Collection Set: 0.3ms
[2024-08-28T13:03:55.724+0000][info][gc,phases   ] GC(45)   Other: 0.2ms
[2024-08-28T13:03:55.724+0000][info][gc,heap     ] GC(45) Eden regions: 44->0(44)
[2024-08-28T13:03:55.724+0000][info][gc,heap     ] GC(45) Survivor regions: 7->7(7)
[2024-08-28T13:03:55.724+0000][info][gc,heap     ] GC(45) Old regions: 910->956
[2024-08-28T13:03:55.724+0000][info][gc,heap     ] GC(45) Archive regions: 2->2
[2024-08-28T13:03:55.724+0000][info][gc,heap     ] GC(45) Humongous regions: 5->5
[2024-08-28T13:03:55.724+0000][info][gc,metaspace] GC(45) Metaspace: 100K(320K)->100K(320K) NonClass: 96K(192K)->96K(192K) Class: 4K(128K)->4K(128K)
[2024-08-28T13:03:55.724+0000][info][gc          ] GC(45) Pause Young (Prepare Mixed) (G1 Preventive Collection) 966M->968M(1024M) 12.465ms
[2024-08-28T13:03:55.724+0000][info][gc,cpu      ] GC(45) User=0.27s Sys=0.01s Real=0.01s
[2024-08-28T13:03:55.736+0000][info][gc,start    ] GC(46) Pause Young (Mixed) (G1 Preventive Collection)
[2024-08-28T13:03:55.736+0000][info][gc,task     ] GC(46) Using 24 workers of 68 for evacuation
[2024-08-28T13:03:55.744+0000][info][gc,phases   ] GC(46)   Pre Evacuate Collection Set: 0.2ms
[2024-08-28T13:03:55.744+0000][info][gc,phases   ] GC(46)   Merge Heap Roots: 0.3ms
[2024-08-28T13:03:55.744+0000][info][gc,phases   ] GC(46)   Evacuate Collection Set: 7.0ms
[2024-08-28T13:03:55.744+0000][info][gc,phases   ] GC(46)   Post Evacuate Collection Set: 0.3ms
[2024-08-28T13:03:55.744+0000][info][gc,phases   ] GC(46)   Other: 0.2ms
[2024-08-28T13:03:55.744+0000][info][gc,heap     ] GC(46) Eden regions: 21->0(44)
[2024-08-28T13:03:55.744+0000][info][gc,heap     ] GC(46) Survivor regions: 7->7(7)
[2024-08-28T13:03:55.744+0000][info][gc,heap     ] GC(46) Old regions: 956->877
[2024-08-28T13:03:55.744+0000][info][gc,heap     ] GC(46) Archive regions: 2->2
[2024-08-28T13:03:55.744+0000][info][gc,heap     ] GC(46) Humongous regions: 5->5
[2024-08-28T13:03:55.744+0000][info][gc,metaspace] GC(46) Metaspace: 100K(320K)->100K(320K) NonClass: 96K(192K)->96K(192K) Class: 4K(128K)->4K(128K)
[2024-08-28T13:03:55.744+0000][info][gc          ] GC(46) Pause Young (Mixed) (G1 Preventive Collection) 989M->889M(1024M) 8.083ms
[2024-08-28T13:03:55.744+0000][info][gc,cpu      ] GC(46) User=0.17s Sys=0.00s Real=0.01s
[2024-08-28T13:03:55.769+0000][info][gc,start    ] GC(47) Pause Young (Mixed) (G1 Evacuation Pause)
[2024-08-28T13:03:55.769+0000][info][gc,task     ] GC(47) Using 24 workers of 68 for evacuation
[2024-08-28T13:03:55.781+0000][info][gc,phases   ] GC(47)   Pre Evacuate Collection Set: 0.2ms
[2024-08-28T13:03:55.781+0000][info][gc,phases   ] GC(47)   Merge Heap Roots: 0.4ms
[2024-08-28T13:03:55.781+0000][info][gc,phases   ] GC(47)   Evacuate Collection Set: 10.6ms
[2024-08-28T13:03:55.781+0000][info][gc,phases   ] GC(47)   Post Evacuate Collection Set: 0.4ms
[2024-08-28T13:03:55.781+0000][info][gc,phases   ] GC(47)   Other: 0.2ms
[2024-08-28T13:03:55.781+0000][info][gc,heap     ] GC(47) Eden regions: 44->0(44)
[2024-08-28T13:03:55.781+0000][info][gc,heap     ] GC(47) Survivor regions: 7->7(7)
[2024-08-28T13:03:55.781+0000][info][gc,heap     ] GC(47) Old regions: 877->819
[2024-08-28T13:03:55.781+0000][info][gc,heap     ] GC(47) Archive regions: 2->2
[2024-08-28T13:03:55.781+0000][info][gc,heap     ] GC(47) Humongous regions: 5->5
[2024-08-28T13:03:55.781+0000][info][gc,metaspace] GC(47) Metaspace: 100K(320K)->100K(320K) NonClass: 96K(192K)->96K(192K) Class: 4K(128K)->4K(128K)
[2024-08-28T13:03:55.781+0000][info][gc          ] GC(47) Pause Young (Mixed) (G1 Evacuation Pause) 933M->831M(1024M) 11.877ms
[2024-08-28T13:03:55.781+0000][info][gc,cpu      ] GC(47) User=0.26s Sys=0.00s Real=0.02s
[2024-08-28T13:03:55.804+0000][info][gc,start    ] GC(48) Pause Young (Mixed) (G1 Evacuation Pause)
[2024-08-28T13:03:55.804+0000][info][gc,task     ] GC(48) Using 24 workers of 68 for evacuation
[2024-08-28T13:03:55.816+0000][info][gc,phases   ] GC(48)   Pre Evacuate Collection Set: 0.2ms
[2024-08-28T13:03:55.816+0000][info][gc,phases   ] GC(48)   Merge Heap Roots: 0.4ms
[2024-08-28T13:03:55.816+0000][info][gc,phases   ] GC(48)   Evacuate Collection Set: 10.8ms
[2024-08-28T13:03:55.816+0000][info][gc,phases   ] GC(48)   Post Evacuate Collection Set: 0.4ms
[2024-08-28T13:03:55.816+0000][info][gc,phases   ] GC(48)   Other: 0.3ms
[2024-08-28T13:03:55.816+0000][info][gc,heap     ] GC(48) Eden regions: 44->0(44)
[2024-08-28T13:03:55.816+0000][info][gc,heap     ] GC(48) Survivor regions: 7->7(7)
[2024-08-28T13:03:55.816+0000][info][gc,heap     ] GC(48) Old regions: 819->763
[2024-08-28T13:03:55.816+0000][info][gc,heap     ] GC(48) Archive regions: 2->2
[2024-08-28T13:03:55.816+0000][info][gc,heap     ] GC(48) Humongous regions: 5->5
[2024-08-28T13:03:55.816+0000][info][gc,metaspace] GC(48) Metaspace: 100K(320K)->100K(320K) NonClass: 96K(192K)->96K(192K) Class: 4K(128K)->4K(128K)
[2024-08-28T13:03:55.816+0000][info][gc          ] GC(48) Pause Young (Mixed) (G1 Evacuation Pause) 875M->775M(1024M) 12.071ms
[2024-08-28T13:03:55.817+0000][info][gc,cpu      ] GC(48) User=0.26s Sys=0.00s Real=0.01s
[2024-08-28T13:03:55.840+0000][info][gc,start    ] GC(49) Pause Young (Mixed) (G1 Evacuation Pause)
[2024-08-28T13:03:55.840+0000][info][gc,task     ] GC(49) Using 24 workers of 68 for evacuation
[2024-08-28T13:03:55.853+0000][info][gc,phases   ] GC(49)   Pre Evacuate Collection Set: 0.2ms
[2024-08-28T13:03:55.853+0000][info][gc,phases   ] GC(49)   Merge Heap Roots: 0.3ms
[2024-08-28T13:03:55.853+0000][info][gc,phases   ] GC(49)   Evacuate Collection Set: 11.6ms
[2024-08-28T13:03:55.853+0000][info][gc,phases   ] GC(49)   Post Evacuate Collection Set: 0.4ms
[2024-08-28T13:03:55.853+0000][info][gc,phases   ] GC(49)   Other: 0.2ms
[2024-08-28T13:03:55.853+0000][info][gc,heap     ] GC(49) Eden regions: 44->0(44)
[2024-08-28T13:03:55.853+0000][info][gc,heap     ] GC(49) Survivor regions: 7->7(7)
[2024-08-28T13:03:55.853+0000][info][gc,heap     ] GC(49) Old regions: 763->790
[2024-08-28T13:03:55.853+0000][info][gc,heap     ] GC(49) Archive regions: 2->2
[2024-08-28T13:03:55.853+0000][info][gc,heap     ] GC(49) Humongous regions: 5->5
[2024-08-28T13:03:55.853+0000][info][gc,metaspace] GC(49) Metaspace: 100K(320K)->100K(320K) NonClass: 96K(192K)->96K(192K) Class: 4K(128K)->4K(128K)
[2024-08-28T13:03:55.853+0000][info][gc          ] GC(49) Pause Young (Mixed) (G1 Evacuation Pause) 819M->802M(1024M) 12.739ms
[2024-08-28T13:03:55.853+0000][info][gc,cpu      ] GC(49) User=0.28s Sys=0.00s Real=0.01s
[2024-08-28T13:03:55.877+0000][info][gc,start    ] GC(50) Pause Young (Concurrent Start) (G1 Evacuation Pause)
[2024-08-28T13:03:55.877+0000][info][gc,task     ] GC(50) Using 24 workers of 68 for evacuation
[2024-08-28T13:03:55.888+0000][info][gc,phases   ] GC(50)   Pre Evacuate Collection Set: 0.2ms
[2024-08-28T13:03:55.889+0000][info][gc,phases   ] GC(50)   Merge Heap Roots: 0.4ms
[2024-08-28T13:03:55.889+0000][info][gc,phases   ] GC(50)   Evacuate Collection Set: 10.4ms
[2024-08-28T13:03:55.889+0000][info][gc,phases   ] GC(50)   Post Evacuate Collection Set: 0.3ms
[2024-08-28T13:03:55.889+0000][info][gc,phases   ] GC(50)   Other: 0.6ms
[2024-08-28T13:03:55.889+0000][info][gc,heap     ] GC(50) Eden regions: 44->0(44)
[2024-08-28T13:03:55.889+0000][info][gc,heap     ] GC(50) Survivor regions: 7->7(7)
[2024-08-28T13:03:55.889+0000][info][gc,heap     ] GC(50) Old regions: 790->836
[2024-08-28T13:03:55.889+0000][info][gc,heap     ] GC(50) Archive regions: 2->2
[2024-08-28T13:03:55.889+0000][info][gc,heap     ] GC(50) Humongous regions: 5->5
[2024-08-28T13:03:55.889+0000][info][gc,metaspace] GC(50) Metaspace: 100K(320K)->100K(320K) NonClass: 96K(192K)->96K(192K) Class: 4K(128K)->4K(128K)
[2024-08-28T13:03:55.889+0000][info][gc          ] GC(50) Pause Young (Concurrent Start) (G1 Evacuation Pause) 846M->848M(1024M) 11.937ms
[2024-08-28T13:03:55.889+0000][info][gc,cpu      ] GC(50) User=0.26s Sys=0.00s Real=0.01s
[2024-08-28T13:03:55.889+0000][info][gc          ] GC(51) Concurrent Mark Cycle
[2024-08-28T13:03:55.889+0000][info][gc,marking  ] GC(51) Concurrent Clear Claimed Marks
[2024-08-28T13:03:55.889+0000][info][gc,marking  ] GC(51) Concurrent Clear Claimed Marks 0.009ms
[2024-08-28T13:03:55.889+0000][info][gc,marking  ] GC(51) Concurrent Scan Root Regions
[2024-08-28T13:03:55.890+0000][info][gc,marking  ] GC(51) Concurrent Scan Root Regions 1.723ms
[2024-08-28T13:03:55.890+0000][info][gc,marking  ] GC(51) Concurrent Mark
[2024-08-28T13:03:55.890+0000][info][gc,marking  ] GC(51) Concurrent Mark From Roots
[2024-08-28T13:03:55.890+0000][info][gc,task     ] GC(51) Using 17 workers of 17 for marking
[2024-08-28T13:03:55.916+0000][info][gc,marking  ] GC(51) Concurrent Mark From Roots 25.897ms
[2024-08-28T13:03:55.916+0000][info][gc,marking  ] GC(51) Concurrent Preclean
[2024-08-28T13:03:55.918+0000][info][gc,marking  ] GC(51) Concurrent Preclean 1.302ms
[2024-08-28T13:03:55.918+0000][info][gc,start    ] GC(51) Pause Remark
[2024-08-28T13:03:55.920+0000][info][gc          ] GC(51) Pause Remark 877M->877M(1024M) 1.585ms
[2024-08-28T13:03:55.920+0000][info][gc,cpu      ] GC(51) User=0.01s Sys=0.00s Real=0.00s
[2024-08-28T13:03:55.920+0000][info][gc,marking  ] GC(51) Concurrent Mark 29.282ms
[2024-08-28T13:03:55.920+0000][info][gc,marking  ] GC(51) Concurrent Rebuild Remembered Sets
[2024-08-28T13:03:55.934+0000][info][gc,start    ] GC(52) Pause Young (Normal) (G1 Evacuation Pause)
[2024-08-28T13:03:55.934+0000][info][gc,task     ] GC(52) Using 24 workers of 68 for evacuation
[2024-08-28T13:03:55.944+0000][info][gc,phases   ] GC(52)   Pre Evacuate Collection Set: 0.2ms
[2024-08-28T13:03:55.944+0000][info][gc,phases   ] GC(52)   Merge Heap Roots: 0.3ms
[2024-08-28T13:03:55.944+0000][info][gc,phases   ] GC(52)   Evacuate Collection Set: 9.8ms
[2024-08-28T13:03:55.944+0000][info][gc,phases   ] GC(52)   Post Evacuate Collection Set: 0.4ms
[2024-08-28T13:03:55.944+0000][info][gc,phases   ] GC(52)   Other: 0.3ms
[2024-08-28T13:03:55.944+0000][info][gc,heap     ] GC(52) Eden regions: 44->0(44)
[2024-08-28T13:03:55.944+0000][info][gc,heap     ] GC(52) Survivor regions: 7->7(7)
[2024-08-28T13:03:55.944+0000][info][gc,heap     ] GC(52) Old regions: 836->883
[2024-08-28T13:03:55.944+0000][info][gc,heap     ] GC(52) Archive regions: 2->2
[2024-08-28T13:03:55.944+0000][info][gc,heap     ] GC(52) Humongous regions: 5->5
[2024-08-28T13:03:55.945+0000][info][gc,metaspace] GC(52) Metaspace: 100K(320K)->100K(320K) NonClass: 96K(192K)->96K(192K) Class: 4K(128K)->4K(128K)
[2024-08-28T13:03:55.945+0000][info][gc          ] GC(52) Pause Young (Normal) (G1 Evacuation Pause) 892M->895M(1024M) 10.995ms
[2024-08-28T13:03:55.945+0000][info][gc,cpu      ] GC(52) User=0.24s Sys=0.00s Real=0.01s
[2024-08-28T13:03:55.988+0000][info][gc,marking  ] GC(51) Concurrent Rebuild Remembered Sets 68.092ms
[2024-08-28T13:03:55.988+0000][info][gc,start    ] GC(51) Pause Cleanup
[2024-08-28T13:03:55.991+0000][info][gc          ] GC(51) Pause Cleanup 939M->939M(1024M) 3.046ms
[2024-08-28T13:03:55.991+0000][info][gc,cpu      ] GC(51) User=0.01s Sys=0.00s Real=0.01s
[2024-08-28T13:03:55.991+0000][info][gc,marking  ] GC(51) Concurrent Cleanup for Next Mark
[2024-08-28T13:03:55.992+0000][info][gc,marking  ] GC(51) Concurrent Cleanup for Next Mark 0.777ms
[2024-08-28T13:03:55.992+0000][info][gc          ] GC(51) Concurrent Mark Cycle 103.641ms
[2024-08-28T13:03:55.993+0000][info][gc,start    ] GC(53) Pause Young (Prepare Mixed) (G1 Evacuation Pause)
[2024-08-28T13:03:55.993+0000][info][gc,task     ] GC(53) Using 24 workers of 68 for evacuation
[2024-08-28T13:03:56.007+0000][info][gc,phases   ] GC(53)   Pre Evacuate Collection Set: 0.2ms
[2024-08-28T13:03:56.007+0000][info][gc,phases   ] GC(53)   Merge Heap Roots: 0.5ms
[2024-08-28T13:03:56.007+0000][info][gc,phases   ] GC(53)   Evacuate Collection Set: 13.2ms
[2024-08-28T13:03:56.007+0000][info][gc,phases   ] GC(53)   Post Evacuate Collection Set: 0.3ms
[2024-08-28T13:03:56.007+0000][info][gc,phases   ] GC(53)   Other: 0.2ms
[2024-08-28T13:03:56.007+0000][info][gc,heap     ] GC(53) Eden regions: 44->0(44)
[2024-08-28T13:03:56.007+0000][info][gc,heap     ] GC(53) Survivor regions: 7->7(7)
[2024-08-28T13:03:56.007+0000][info][gc,heap     ] GC(53) Old regions: 883->929
[2024-08-28T13:03:56.007+0000][info][gc,heap     ] GC(53) Archive regions: 2->2
[2024-08-28T13:03:56.007+0000][info][gc,heap     ] GC(53) Humongous regions: 5->5
[2024-08-28T13:03:56.007+0000][info][gc,metaspace] GC(53) Metaspace: 100K(320K)->100K(320K) NonClass: 96K(192K)->96K(192K) Class: 4K(128K)->4K(128K)
[2024-08-28T13:03:56.007+0000][info][gc          ] GC(53) Pause Young (Prepare Mixed) (G1 Evacuation Pause) 939M->941M(1024M) 14.407ms
[2024-08-28T13:03:56.007+0000][info][gc,cpu      ] GC(53) User=0.32s Sys=0.01s Real=0.01s
[2024-08-28T13:03:56.028+0000][info][gc,start    ] GC(54) Pause Young (Mixed) (G1 Preventive Collection)
[2024-08-28T13:03:56.028+0000][info][gc,task     ] GC(54) Using 24 workers of 68 for evacuation
[2024-08-28T13:03:56.039+0000][info][gc,phases   ] GC(54)   Pre Evacuate Collection Set: 0.2ms
[2024-08-28T13:03:56.039+0000][info][gc,phases   ] GC(54)   Merge Heap Roots: 0.4ms
[2024-08-28T13:03:56.039+0000][info][gc,phases   ] GC(54)   Evacuate Collection Set: 9.5ms
[2024-08-28T13:03:56.039+0000][info][gc,phases   ] GC(54)   Post Evacuate Collection Set: 0.4ms
[2024-08-28T13:03:56.039+0000][info][gc,phases   ] GC(54)   Other: 0.2ms
[2024-08-28T13:03:56.039+0000][info][gc,heap     ] GC(54) Eden regions: 35->0(44)
[2024-08-28T13:03:56.039+0000][info][gc,heap     ] GC(54) Survivor regions: 7->7(7)
[2024-08-28T13:03:56.039+0000][info][gc,heap     ] GC(54) Old regions: 929->865
[2024-08-28T13:03:56.039+0000][info][gc,heap     ] GC(54) Archive regions: 2->2
[2024-08-28T13:03:56.039+0000][info][gc,heap     ] GC(54) Humongous regions: 5->5
[2024-08-28T13:03:56.039+0000][info][gc,metaspace] GC(54) Metaspace: 100K(320K)->100K(320K) NonClass: 96K(192K)->96K(192K) Class: 4K(128K)->4K(128K)
[2024-08-28T13:03:56.039+0000][info][gc          ] GC(54) Pause Young (Mixed) (G1 Preventive Collection) 976M->877M(1024M) 10.790ms
[2024-08-28T13:03:56.039+0000][info][gc,cpu      ] GC(54) User=0.23s Sys=0.00s Real=0.02s
[2024-08-28T13:03:56.064+0000][info][gc,start    ] GC(55) Pause Young (Mixed) (G1 Evacuation Pause)
[2024-08-28T13:03:56.064+0000][info][gc,task     ] GC(55) Using 24 workers of 68 for evacuation
[2024-08-28T13:03:56.077+0000][info][gc,phases   ] GC(55)   Pre Evacuate Collection Set: 0.3ms
[2024-08-28T13:03:56.077+0000][info][gc,phases   ] GC(55)   Merge Heap Roots: 0.4ms
[2024-08-28T13:03:56.077+0000][info][gc,phases   ] GC(55)   Evacuate Collection Set: 11.2ms
[2024-08-28T13:03:56.077+0000][info][gc,phases   ] GC(55)   Post Evacuate Collection Set: 0.4ms
[2024-08-28T13:03:56.077+0000][info][gc,phases   ] GC(55)   Other: 0.4ms
[2024-08-28T13:03:56.077+0000][info][gc,heap     ] GC(55) Eden regions: 44->0(44)
[2024-08-28T13:03:56.077+0000][info][gc,heap     ] GC(55) Survivor regions: 7->7(7)
[2024-08-28T13:03:56.077+0000][info][gc,heap     ] GC(55) Old regions: 865->808
[2024-08-28T13:03:56.077+0000][info][gc,heap     ] GC(55) Archive regions: 2->2
[2024-08-28T13:03:56.077+0000][info][gc,heap     ] GC(55) Humongous regions: 5->5
[2024-08-28T13:03:56.077+0000][info][gc,metaspace] GC(55) Metaspace: 100K(320K)->100K(320K) NonClass: 96K(192K)->96K(192K) Class: 4K(128K)->4K(128K)
[2024-08-28T13:03:56.077+0000][info][gc          ] GC(55) Pause Young (Mixed) (G1 Evacuation Pause) 921M->820M(1024M) 12.815ms
[2024-08-28T13:03:56.077+0000][info][gc,cpu      ] GC(55) User=0.28s Sys=0.00s Real=0.01s
[2024-08-28T13:03:56.103+0000][info][gc,start    ] GC(56) Pause Young (Mixed) (G1 Evacuation Pause)
[2024-08-28T13:03:56.103+0000][info][gc,task     ] GC(56) Using 24 workers of 68 for evacuation
[2024-08-28T13:03:56.115+0000][info][gc,phases   ] GC(56)   Pre Evacuate Collection Set: 0.2ms
[2024-08-28T13:03:56.115+0000][info][gc,phases   ] GC(56)   Merge Heap Roots: 0.4ms
[2024-08-28T13:03:56.115+0000][info][gc,phases   ] GC(56)   Evacuate Collection Set: 11.2ms
[2024-08-28T13:03:56.115+0000][info][gc,phases   ] GC(56)   Post Evacuate Collection Set: 0.4ms
[2024-08-28T13:03:56.115+0000][info][gc,phases   ] GC(56)   Other: 0.2ms
[2024-08-28T13:03:56.115+0000][info][gc,heap     ] GC(56) Eden regions: 44->0(44)
[2024-08-28T13:03:56.115+0000][info][gc,heap     ] GC(56) Survivor regions: 7->7(7)
[2024-08-28T13:03:56.115+0000][info][gc,heap     ] GC(56) Old regions: 808->752
[2024-08-28T13:03:56.115+0000][info][gc,heap     ] GC(56) Archive regions: 2->2
[2024-08-28T13:03:56.115+0000][info][gc,heap     ] GC(56) Humongous regions: 5->5
[2024-08-28T13:03:56.115+0000][info][gc,metaspace] GC(56) Metaspace: 100K(320K)->100K(320K) NonClass: 96K(192K)->96K(192K) Class: 4K(128K)->4K(128K)
[2024-08-28T13:03:56.115+0000][info][gc          ] GC(56) Pause Young (Mixed) (G1 Evacuation Pause) 864M->764M(1024M) 12.407ms
[2024-08-28T13:03:56.115+0000][info][gc,cpu      ] GC(56) User=0.28s Sys=0.00s Real=0.01s
[2024-08-28T13:03:56.140+0000][info][gc,start    ] GC(57) Pause Young (Mixed) (G1 Evacuation Pause)
[2024-08-28T13:03:56.140+0000][info][gc,task     ] GC(57) Using 24 workers of 68 for evacuation
[2024-08-28T13:03:56.151+0000][info][gc,phases   ] GC(57)   Pre Evacuate Collection Set: 0.2ms
[2024-08-28T13:03:56.151+0000][info][gc,phases   ] GC(57)   Merge Heap Roots: 0.3ms
[2024-08-28T13:03:56.151+0000][info][gc,phases   ] GC(57)   Evacuate Collection Set: 10.5ms
[2024-08-28T13:03:56.151+0000][info][gc,phases   ] GC(57)   Post Evacuate Collection Set: 0.3ms
[2024-08-28T13:03:56.151+0000][info][gc,phases   ] GC(57)   Other: 0.2ms
[2024-08-28T13:03:56.151+0000][info][gc,heap     ] GC(57) Eden regions: 44->0(44)
[2024-08-28T13:03:56.151+0000][info][gc,heap     ] GC(57) Survivor regions: 7->7(7)
[2024-08-28T13:03:56.151+0000][info][gc,heap     ] GC(57) Old regions: 752->766
[2024-08-28T13:03:56.151+0000][info][gc,heap     ] GC(57) Archive regions: 2->2
[2024-08-28T13:03:56.151+0000][info][gc,heap     ] GC(57) Humongous regions: 5->5
[2024-08-28T13:03:56.151+0000][info][gc,metaspace] GC(57) Metaspace: 100K(320K)->100K(320K) NonClass: 96K(192K)->96K(192K) Class: 4K(128K)->4K(128K)
[2024-08-28T13:03:56.151+0000][info][gc          ] GC(57) Pause Young (Mixed) (G1 Evacuation Pause) 808M->778M(1024M) 11.558ms
[2024-08-28T13:03:56.151+0000][info][gc,cpu      ] GC(57) User=0.26s Sys=0.00s Real=0.01s
[2024-08-28T13:03:56.176+0000][info][gc,start    ] GC(58) Pause Young (Concurrent Start) (G1 Evacuation Pause)
[2024-08-28T13:03:56.176+0000][info][gc,task     ] GC(58) Using 24 workers of 68 for evacuation
[2024-08-28T13:03:56.188+0000][info][gc,phases   ] GC(58)   Pre Evacuate Collection Set: 0.2ms
[2024-08-28T13:03:56.188+0000][info][gc,phases   ] GC(58)   Merge Heap Roots: 0.4ms
[2024-08-28T13:03:56.188+0000][info][gc,phases   ] GC(58)   Evacuate Collection Set: 10.1ms
[2024-08-28T13:03:56.188+0000][info][gc,phases   ] GC(58)   Post Evacuate Collection Set: 0.3ms
[2024-08-28T13:03:56.188+0000][info][gc,phases   ] GC(58)   Other: 0.4ms
[2024-08-28T13:03:56.188+0000][info][gc,heap     ] GC(58) Eden regions: 44->0(44)
[2024-08-28T13:03:56.188+0000][info][gc,heap     ] GC(58) Survivor regions: 7->7(7)
[2024-08-28T13:03:56.188+0000][info][gc,heap     ] GC(58) Old regions: 766->813
[2024-08-28T13:03:56.188+0000][info][gc,heap     ] GC(58) Archive regions: 2->2
[2024-08-28T13:03:56.188+0000][info][gc,heap     ] GC(58) Humongous regions: 5->5
[2024-08-28T13:03:56.188+0000][info][gc,metaspace] GC(58) Metaspace: 100K(320K)->100K(320K) NonClass: 96K(192K)->96K(192K) Class: 4K(128K)->4K(128K)
[2024-08-28T13:03:56.188+0000][info][gc          ] GC(58) Pause Young (Concurrent Start) (G1 Evacuation Pause) 822M->825M(1024M) 11.388ms
[2024-08-28T13:03:56.188+0000][info][gc,cpu      ] GC(58) User=0.25s Sys=0.00s Real=0.01s
[2024-08-28T13:03:56.188+0000][info][gc          ] GC(59) Concurrent Mark Cycle
[2024-08-28T13:03:56.188+0000][info][gc,marking  ] GC(59) Concurrent Clear Claimed Marks
[2024-08-28T13:03:56.188+0000][info][gc,marking  ] GC(59) Concurrent Clear Claimed Marks 0.014ms
[2024-08-28T13:03:56.188+0000][info][gc,marking  ] GC(59) Concurrent Scan Root Regions
[2024-08-28T13:03:56.190+0000][info][gc,marking  ] GC(59) Concurrent Scan Root Regions 1.692ms
[2024-08-28T13:03:56.190+0000][info][gc,marking  ] GC(59) Concurrent Mark
[2024-08-28T13:03:56.190+0000][info][gc,marking  ] GC(59) Concurrent Mark From Roots
[2024-08-28T13:03:56.190+0000][info][gc,task     ] GC(59) Using 17 workers of 17 for marking
[2024-08-28T13:03:56.214+0000][info][gc,marking  ] GC(59) Concurrent Mark From Roots 24.755ms
[2024-08-28T13:03:56.214+0000][info][gc,marking  ] GC(59) Concurrent Preclean
[2024-08-28T13:03:56.215+0000][info][gc,marking  ] GC(59) Concurrent Preclean 0.947ms
[2024-08-28T13:03:56.216+0000][info][gc,start    ] GC(59) Pause Remark
[2024-08-28T13:03:56.217+0000][info][gc          ] GC(59) Pause Remark 853M->853M(1024M) 1.210ms
[2024-08-28T13:03:56.217+0000][info][gc,cpu      ] GC(59) User=0.01s Sys=0.00s Real=0.00s
[2024-08-28T13:03:56.217+0000][info][gc,marking  ] GC(59) Concurrent Mark 27.496ms
[2024-08-28T13:03:56.217+0000][info][gc,marking  ] GC(59) Concurrent Rebuild Remembered Sets
[2024-08-28T13:03:56.233+0000][info][gc,start    ] GC(60) Pause Young (Normal) (G1 Evacuation Pause)
[2024-08-28T13:03:56.233+0000][info][gc,task     ] GC(60) Using 24 workers of 68 for evacuation
[2024-08-28T13:03:56.244+0000][info][gc,phases   ] GC(60)   Pre Evacuate Collection Set: 0.2ms
[2024-08-28T13:03:56.244+0000][info][gc,phases   ] GC(60)   Merge Heap Roots: 0.3ms
[2024-08-28T13:03:56.244+0000][info][gc,phases   ] GC(60)   Evacuate Collection Set: 10.1ms
[2024-08-28T13:03:56.244+0000][info][gc,phases   ] GC(60)   Post Evacuate Collection Set: 0.5ms
[2024-08-28T13:03:56.244+0000][info][gc,phases   ] GC(60)   Other: 0.3ms
[2024-08-28T13:03:56.244+0000][info][gc,heap     ] GC(60) Eden regions: 44->0(44)
[2024-08-28T13:03:56.244+0000][info][gc,heap     ] GC(60) Survivor regions: 7->7(7)
[2024-08-28T13:03:56.244+0000][info][gc,heap     ] GC(60) Old regions: 813->859
[2024-08-28T13:03:56.244+0000][info][gc,heap     ] GC(60) Archive regions: 2->2
[2024-08-28T13:03:56.244+0000][info][gc,heap     ] GC(60) Humongous regions: 5->5
[2024-08-28T13:03:56.244+0000][info][gc,metaspace] GC(60) Metaspace: 100K(320K)->100K(320K) NonClass: 96K(192K)->96K(192K) Class: 4K(128K)->4K(128K)
[2024-08-28T13:03:56.244+0000][info][gc          ] GC(60) Pause Young (Normal) (G1 Evacuation Pause) 869M->871M(1024M) 11.440ms
[2024-08-28T13:03:56.244+0000][info][gc,cpu      ] GC(60) User=0.25s Sys=0.00s Real=0.01s
[2024-08-28T13:03:56.285+0000][info][gc,start    ] GC(61) Pause Young (Normal) (G1 Evacuation Pause)
[2024-08-28T13:03:56.285+0000][info][gc,task     ] GC(61) Using 24 workers of 68 for evacuation
[2024-08-28T13:03:56.300+0000][info][gc,phases   ] GC(61)   Pre Evacuate Collection Set: 0.2ms
[2024-08-28T13:03:56.300+0000][info][gc,phases   ] GC(61)   Merge Heap Roots: 0.5ms
[2024-08-28T13:03:56.300+0000][info][gc,phases   ] GC(61)   Evacuate Collection Set: 13.6ms
[2024-08-28T13:03:56.300+0000][info][gc,phases   ] GC(61)   Post Evacuate Collection Set: 0.6ms
[2024-08-28T13:03:56.300+0000][info][gc,phases   ] GC(61)   Other: 0.3ms
[2024-08-28T13:03:56.300+0000][info][gc,heap     ] GC(61) Eden regions: 44->0(44)
[2024-08-28T13:03:56.300+0000][info][gc,heap     ] GC(61) Survivor regions: 7->7(7)
[2024-08-28T13:03:56.300+0000][info][gc,heap     ] GC(61) Old regions: 859->906
[2024-08-28T13:03:56.300+0000][info][gc,heap     ] GC(61) Archive regions: 2->2
[2024-08-28T13:03:56.300+0000][info][gc,heap     ] GC(61) Humongous regions: 5->5
[2024-08-28T13:03:56.300+0000][info][gc,metaspace] GC(61) Metaspace: 100K(320K)->100K(320K) NonClass: 96K(192K)->96K(192K) Class: 4K(128K)->4K(128K)
[2024-08-28T13:03:56.300+0000][info][gc          ] GC(61) Pause Young (Normal) (G1 Evacuation Pause) 915M->918M(1024M) 15.280ms
[2024-08-28T13:03:56.301+0000][info][gc,cpu      ] GC(61) User=0.34s Sys=0.01s Real=0.02s
[2024-08-28T13:03:56.301+0000][info][gc,marking  ] GC(59) Concurrent Rebuild Remembered Sets 84.306ms
[2024-08-28T13:03:56.302+0000][info][gc,start    ] GC(59) Pause Cleanup
[2024-08-28T13:03:56.305+0000][info][gc          ] GC(59) Pause Cleanup 919M->919M(1024M) 2.990ms
[2024-08-28T13:03:56.305+0000][info][gc,cpu      ] GC(59) User=0.01s Sys=0.00s Real=0.00s
[2024-08-28T13:03:56.305+0000][info][gc,marking  ] GC(59) Concurrent Cleanup for Next Mark
[2024-08-28T13:03:56.306+0000][info][gc,marking  ] GC(59) Concurrent Cleanup for Next Mark 0.897ms
[2024-08-28T13:03:56.306+0000][info][gc          ] GC(59) Concurrent Mark Cycle 118.174ms
[2024-08-28T13:03:56.334+0000][info][gc,start    ] GC(62) Pause Young (Prepare Mixed) (G1 Evacuation Pause)
[2024-08-28T13:03:56.334+0000][info][gc,task     ] GC(62) Using 24 workers of 68 for evacuation
[2024-08-28T13:03:56.348+0000][info][gc,phases   ] GC(62)   Pre Evacuate Collection Set: 0.2ms
[2024-08-28T13:03:56.348+0000][info][gc,phases   ] GC(62)   Merge Heap Roots: 0.5ms
[2024-08-28T13:03:56.348+0000][info][gc,phases   ] GC(62)   Evacuate Collection Set: 12.9ms
[2024-08-28T13:03:56.348+0000][info][gc,phases   ] GC(62)   Post Evacuate Collection Set: 0.4ms
[2024-08-28T13:03:56.348+0000][info][gc,phases   ] GC(62)   Other: 0.3ms
[2024-08-28T13:03:56.348+0000][info][gc,heap     ] GC(62) Eden regions: 44->0(44)
[2024-08-28T13:03:56.348+0000][info][gc,heap     ] GC(62) Survivor regions: 7->7(7)
[2024-08-28T13:03:56.348+0000][info][gc,heap     ] GC(62) Old regions: 906->953
[2024-08-28T13:03:56.348+0000][info][gc,heap     ] GC(62) Archive regions: 2->2
[2024-08-28T13:03:56.348+0000][info][gc,heap     ] GC(62) Humongous regions: 5->5
[2024-08-28T13:03:56.348+0000][info][gc,metaspace] GC(62) Metaspace: 100K(320K)->100K(320K) NonClass: 96K(192K)->96K(192K) Class: 4K(128K)->4K(128K)
[2024-08-28T13:03:56.348+0000][info][gc          ] GC(62) Pause Young (Prepare Mixed) (G1 Evacuation Pause) 962M->965M(1024M) 14.434ms
[2024-08-28T13:03:56.348+0000][info][gc,cpu      ] GC(62) User=0.32s Sys=0.00s Real=0.01s
[2024-08-28T13:03:56.362+0000][info][gc,start    ] GC(63) Pause Young (Mixed) (G1 Preventive Collection)
[2024-08-28T13:03:56.362+0000][info][gc,task     ] GC(63) Using 24 workers of 68 for evacuation
[2024-08-28T13:03:56.371+0000][info][gc,phases   ] GC(63)   Pre Evacuate Collection Set: 0.2ms
[2024-08-28T13:03:56.371+0000][info][gc,phases   ] GC(63)   Merge Heap Roots: 0.2ms
[2024-08-28T13:03:56.371+0000][info][gc,phases   ] GC(63)   Evacuate Collection Set: 7.7ms
[2024-08-28T13:03:56.371+0000][info][gc,phases   ] GC(63)   Post Evacuate Collection Set: 0.4ms
[2024-08-28T13:03:56.371+0000][info][gc,phases   ] GC(63)   Other: 0.3ms
[2024-08-28T13:03:56.371+0000][info][gc,heap     ] GC(63) Eden regions: 23->0(44)
[2024-08-28T13:03:56.371+0000][info][gc,heap     ] GC(63) Survivor regions: 7->7(7)
[2024-08-28T13:03:56.371+0000][info][gc,heap     ] GC(63) Old regions: 953->877
[2024-08-28T13:03:56.371+0000][info][gc,heap     ] GC(63) Archive regions: 2->2
[2024-08-28T13:03:56.371+0000][info][gc,heap     ] GC(63) Humongous regions: 5->5
[2024-08-28T13:03:56.371+0000][info][gc,metaspace] GC(63) Metaspace: 100K(320K)->100K(320K) NonClass: 96K(192K)->96K(192K) Class: 4K(128K)->4K(128K)
[2024-08-28T13:03:56.371+0000][info][gc          ] GC(63) Pause Young (Mixed) (G1 Preventive Collection) 988M->889M(1024M) 9.081ms
[2024-08-28T13:03:56.371+0000][info][gc,cpu      ] GC(63) User=0.19s Sys=0.00s Real=0.01s
[2024-08-28T13:03:56.395+0000][info][gc,start    ] GC(64) Pause Young (Mixed) (G1 Evacuation Pause)
[2024-08-28T13:03:56.395+0000][info][gc,task     ] GC(64) Using 24 workers of 68 for evacuation
[2024-08-28T13:03:56.407+0000][info][gc,phases   ] GC(64)   Pre Evacuate Collection Set: 0.2ms
[2024-08-28T13:03:56.407+0000][info][gc,phases   ] GC(64)   Merge Heap Roots: 0.4ms
[2024-08-28T13:03:56.407+0000][info][gc,phases   ] GC(64)   Evacuate Collection Set: 10.9ms
[2024-08-28T13:03:56.407+0000][info][gc,phases   ] GC(64)   Post Evacuate Collection Set: 0.5ms
[2024-08-28T13:03:56.407+0000][info][gc,phases   ] GC(64)   Other: 0.3ms
[2024-08-28T13:03:56.407+0000][info][gc,heap     ] GC(64) Eden regions: 44->0(44)
[2024-08-28T13:03:56.407+0000][info][gc,heap     ] GC(64) Survivor regions: 7->7(7)
[2024-08-28T13:03:56.407+0000][info][gc,heap     ] GC(64) Old regions: 877->819
[2024-08-28T13:03:56.407+0000][info][gc,heap     ] GC(64) Archive regions: 2->2
[2024-08-28T13:03:56.407+0000][info][gc,heap     ] GC(64) Humongous regions: 5->5
[2024-08-28T13:03:56.407+0000][info][gc,metaspace] GC(64) Metaspace: 100K(320K)->100K(320K) NonClass: 96K(192K)->96K(192K) Class: 4K(128K)->4K(128K)
[2024-08-28T13:03:56.407+0000][info][gc          ] GC(64) Pause Young (Mixed) (G1 Evacuation Pause) 933M->831M(1024M) 12.499ms
[2024-08-28T13:03:56.407+0000][info][gc,cpu      ] GC(64) User=0.27s Sys=0.00s Real=0.01s
[2024-08-28T13:03:56.431+0000][info][gc,start    ] GC(65) Pause Young (Mixed) (G1 Evacuation Pause)
[2024-08-28T13:03:56.431+0000][info][gc,task     ] GC(65) Using 24 workers of 68 for evacuation
[2024-08-28T13:03:56.443+0000][info][gc,phases   ] GC(65)   Pre Evacuate Collection Set: 0.2ms
[2024-08-28T13:03:56.443+0000][info][gc,phases   ] GC(65)   Merge Heap Roots: 0.3ms
[2024-08-28T13:03:56.443+0000][info][gc,phases   ] GC(65)   Evacuate Collection Set: 10.8ms
[2024-08-28T13:03:56.443+0000][info][gc,phases   ] GC(65)   Post Evacuate Collection Set: 0.4ms
[2024-08-28T13:03:56.443+0000][info][gc,phases   ] GC(65)   Other: 0.3ms
[2024-08-28T13:03:56.443+0000][info][gc,heap     ] GC(65) Eden regions: 44->0(44)
[2024-08-28T13:03:56.443+0000][info][gc,heap     ] GC(65) Survivor regions: 7->7(7)
[2024-08-28T13:03:56.443+0000][info][gc,heap     ] GC(65) Old regions: 819->764
[2024-08-28T13:03:56.443+0000][info][gc,heap     ] GC(65) Archive regions: 2->2
[2024-08-28T13:03:56.443+0000][info][gc,heap     ] GC(65) Humongous regions: 5->5
[2024-08-28T13:03:56.443+0000][info][gc,metaspace] GC(65) Metaspace: 100K(320K)->100K(320K) NonClass: 96K(192K)->96K(192K) Class: 4K(128K)->4K(128K)
[2024-08-28T13:03:56.444+0000][info][gc          ] GC(65) Pause Young (Mixed) (G1 Evacuation Pause) 875M->776M(1024M) 12.256ms
[2024-08-28T13:03:56.444+0000][info][gc,cpu      ] GC(65) User=0.27s Sys=0.00s Real=0.01s
[2024-08-28T13:03:56.468+0000][info][gc,start    ] GC(66) Pause Young (Mixed) (G1 Evacuation Pause)
[2024-08-28T13:03:56.468+0000][info][gc,task     ] GC(66) Using 24 workers of 68 for evacuation
[2024-08-28T13:03:56.479+0000][info][gc,phases   ] GC(66)   Pre Evacuate Collection Set: 0.2ms
[2024-08-28T13:03:56.480+0000][info][gc,phases   ] GC(66)   Merge Heap Roots: 0.3ms
[2024-08-28T13:03:56.480+0000][info][gc,phases   ] GC(66)   Evacuate Collection Set: 10.8ms
[2024-08-28T13:03:56.480+0000][info][gc,phases   ] GC(66)   Post Evacuate Collection Set: 0.4ms
[2024-08-28T13:03:56.480+0000][info][gc,phases   ] GC(66)   Other: 0.3ms
[2024-08-28T13:03:56.480+0000][info][gc,heap     ] GC(66) Eden regions: 44->0(44)
[2024-08-28T13:03:56.480+0000][info][gc,heap     ] GC(66) Survivor regions: 7->7(7)
[2024-08-28T13:03:56.480+0000][info][gc,heap     ] GC(66) Old regions: 764->795
[2024-08-28T13:03:56.480+0000][info][gc,heap     ] GC(66) Archive regions: 2->2
[2024-08-28T13:03:56.480+0000][info][gc,heap     ] GC(66) Humongous regions: 5->5
[2024-08-28T13:03:56.480+0000][info][gc,metaspace] GC(66) Metaspace: 100K(320K)->100K(320K) NonClass: 96K(192K)->96K(192K) Class: 4K(128K)->4K(128K)
[2024-08-28T13:03:56.480+0000][info][gc          ] GC(66) Pause Young (Mixed) (G1 Evacuation Pause) 820M->807M(1024M) 12.125ms
[2024-08-28T13:03:56.480+0000][info][gc,cpu      ] GC(66) User=0.27s Sys=0.00s Real=0.02s
[2024-08-28T13:03:56.503+0000][info][gc,start    ] GC(67) Pause Young (Concurrent Start) (G1 Evacuation Pause)
[2024-08-28T13:03:56.503+0000][info][gc,task     ] GC(67) Using 24 workers of 68 for evacuation
[2024-08-28T13:03:56.515+0000][info][gc,phases   ] GC(67)   Pre Evacuate Collection Set: 0.2ms
[2024-08-28T13:03:56.515+0000][info][gc,phases   ] GC(67)   Merge Heap Roots: 0.4ms
[2024-08-28T13:03:56.515+0000][info][gc,phases   ] GC(67)   Evacuate Collection Set: 10.2ms
[2024-08-28T13:03:56.515+0000][info][gc,phases   ] GC(67)   Post Evacuate Collection Set: 0.4ms
[2024-08-28T13:03:56.515+0000][info][gc,phases   ] GC(67)   Other: 1.0ms
[2024-08-28T13:03:56.515+0000][info][gc,heap     ] GC(67) Eden regions: 44->0(44)
[2024-08-28T13:03:56.515+0000][info][gc,heap     ] GC(67) Survivor regions: 7->7(7)
[2024-08-28T13:03:56.515+0000][info][gc,heap     ] GC(67) Old regions: 795->842
[2024-08-28T13:03:56.516+0000][info][gc,heap     ] GC(67) Archive regions: 2->2
[2024-08-28T13:03:56.516+0000][info][gc,heap     ] GC(67) Humongous regions: 5->5
[2024-08-28T13:03:56.516+0000][info][gc,metaspace] GC(67) Metaspace: 100K(320K)->100K(320K) NonClass: 96K(192K)->96K(192K) Class: 4K(128K)->4K(128K)
[2024-08-28T13:03:56.516+0000][info][gc          ] GC(67) Pause Young (Concurrent Start) (G1 Evacuation Pause) 851M->854M(1024M) 12.292ms
[2024-08-28T13:03:56.516+0000][info][gc,cpu      ] GC(67) User=0.25s Sys=0.00s Real=0.01s
[2024-08-28T13:03:56.516+0000][info][gc          ] GC(68) Concurrent Mark Cycle
[2024-08-28T13:03:56.516+0000][info][gc,marking  ] GC(68) Concurrent Clear Claimed Marks
[2024-08-28T13:03:56.516+0000][info][gc,marking  ] GC(68) Concurrent Clear Claimed Marks 0.020ms
[2024-08-28T13:03:56.516+0000][info][gc,marking  ] GC(68) Concurrent Scan Root Regions
[2024-08-28T13:03:56.518+0000][info][gc,marking  ] GC(68) Concurrent Scan Root Regions 1.904ms
[2024-08-28T13:03:56.518+0000][info][gc,marking  ] GC(68) Concurrent Mark
[2024-08-28T13:03:56.518+0000][info][gc,marking  ] GC(68) Concurrent Mark From Roots
[2024-08-28T13:03:56.518+0000][info][gc,task     ] GC(68) Using 17 workers of 17 for marking
[2024-08-28T13:03:56.543+0000][info][gc,marking  ] GC(68) Concurrent Mark From Roots 25.103ms
[2024-08-28T13:03:56.543+0000][info][gc,marking  ] GC(68) Concurrent Preclean
[2024-08-28T13:03:56.544+0000][info][gc,marking  ] GC(68) Concurrent Preclean 1.344ms
[2024-08-28T13:03:56.545+0000][info][gc,start    ] GC(68) Pause Remark
[2024-08-28T13:03:56.547+0000][info][gc          ] GC(68) Pause Remark 883M->883M(1024M) 1.816ms
[2024-08-28T13:03:56.547+0000][info][gc,cpu      ] GC(68) User=0.01s Sys=0.00s Real=0.00s
[2024-08-28T13:03:56.547+0000][info][gc,marking  ] GC(68) Concurrent Mark 28.855ms
[2024-08-28T13:03:56.547+0000][info][gc,marking  ] GC(68) Concurrent Rebuild Remembered Sets
[2024-08-28T13:03:56.561+0000][info][gc,start    ] GC(69) Pause Young (Normal) (G1 Evacuation Pause)
[2024-08-28T13:03:56.561+0000][info][gc,task     ] GC(69) Using 24 workers of 68 for evacuation
[2024-08-28T13:03:56.572+0000][info][gc,phases   ] GC(69)   Pre Evacuate Collection Set: 0.2ms
[2024-08-28T13:03:56.572+0000][info][gc,phases   ] GC(69)   Merge Heap Roots: 0.4ms
[2024-08-28T13:03:56.572+0000][info][gc,phases   ] GC(69)   Evacuate Collection Set: 9.7ms
[2024-08-28T13:03:56.572+0000][info][gc,phases   ] GC(69)   Post Evacuate Collection Set: 0.4ms
[2024-08-28T13:03:56.572+0000][info][gc,phases   ] GC(69)   Other: 0.3ms
[2024-08-28T13:03:56.572+0000][info][gc,heap     ] GC(69) Eden regions: 44->0(44)
[2024-08-28T13:03:56.572+0000][info][gc,heap     ] GC(69) Survivor regions: 7->7(7)
[2024-08-28T13:03:56.572+0000][info][gc,heap     ] GC(69) Old regions: 842->888
[2024-08-28T13:03:56.572+0000][info][gc,heap     ] GC(69) Archive regions: 2->2
[2024-08-28T13:03:56.572+0000][info][gc,heap     ] GC(69) Humongous regions: 5->5
[2024-08-28T13:03:56.572+0000][info][gc,metaspace] GC(69) Metaspace: 100K(320K)->100K(320K) NonClass: 96K(192K)->96K(192K) Class: 4K(128K)->4K(128K)
[2024-08-28T13:03:56.572+0000][info][gc          ] GC(69) Pause Young (Normal) (G1 Evacuation Pause) 898M->900M(1024M) 11.064ms
[2024-08-28T13:03:56.572+0000][info][gc,cpu      ] GC(69) User=0.23s Sys=0.01s Real=0.01s
[2024-08-28T13:03:56.609+0000][info][gc,start    ] GC(70) Pause Young (Normal) (G1 Evacuation Pause)
[2024-08-28T13:03:56.609+0000][info][gc,task     ] GC(70) Using 24 workers of 68 for evacuation
[2024-08-28T13:03:56.624+0000][info][gc,phases   ] GC(70)   Pre Evacuate Collection Set: 0.2ms
[2024-08-28T13:03:56.624+0000][info][gc,phases   ] GC(70)   Merge Heap Roots: 0.5ms
[2024-08-28T13:03:56.624+0000][info][gc,phases   ] GC(70)   Evacuate Collection Set: 13.7ms
[2024-08-28T13:03:56.624+0000][info][gc,phases   ] GC(70)   Post Evacuate Collection Set: 0.6ms
[2024-08-28T13:03:56.624+0000][info][gc,phases   ] GC(70)   Other: 0.3ms
[2024-08-28T13:03:56.624+0000][info][gc,heap     ] GC(70) Eden regions: 44->0(44)
[2024-08-28T13:03:56.624+0000][info][gc,heap     ] GC(70) Survivor regions: 7->7(7)
[2024-08-28T13:03:56.624+0000][info][gc,heap     ] GC(70) Old regions: 888->935
[2024-08-28T13:03:56.624+0000][info][gc,heap     ] GC(70) Archive regions: 2->2
[2024-08-28T13:03:56.624+0000][info][gc,heap     ] GC(70) Humongous regions: 5->5
[2024-08-28T13:03:56.624+0000][info][gc,metaspace] GC(70) Metaspace: 100K(320K)->100K(320K) NonClass: 96K(192K)->96K(192K) Class: 4K(128K)->4K(128K)
[2024-08-28T13:03:56.624+0000][info][gc          ] GC(70) Pause Young (Normal) (G1 Evacuation Pause) 944M->947M(1024M) 15.315ms
[2024-08-28T13:03:56.624+0000][info][gc,cpu      ] GC(70) User=0.34s Sys=0.00s Real=0.02s
[2024-08-28T13:03:56.629+0000][info][gc,marking  ] GC(68) Concurrent Rebuild Remembered Sets 82.064ms
[2024-08-28T13:03:56.629+0000][info][gc,start    ] GC(68) Pause Cleanup
[2024-08-28T13:03:56.632+0000][info][gc          ] GC(68) Pause Cleanup 952M->952M(1024M) 2.963ms
[2024-08-28T13:03:56.632+0000][info][gc,cpu      ] GC(68) User=0.01s Sys=0.00s Real=0.01s
[2024-08-28T13:03:56.632+0000][info][gc,marking  ] GC(68) Concurrent Cleanup for Next Mark
[2024-08-28T13:03:56.633+0000][info][gc,marking  ] GC(68) Concurrent Cleanup for Next Mark 0.789ms
[2024-08-28T13:03:56.633+0000][info][gc          ] GC(68) Concurrent Mark Cycle 117.413ms
[2024-08-28T13:03:56.651+0000][info][gc,start    ] GC(71) Pause Young (Prepare Mixed) (G1 Preventive Collection)
[2024-08-28T13:03:56.651+0000][info][gc,task     ] GC(71) Using 24 workers of 68 for evacuation
[2024-08-28T13:03:56.669+0000][info][gc,phases   ] GC(71)   Pre Evacuate Collection Set: 0.2ms
[2024-08-28T13:03:56.669+0000][info][gc,phases   ] GC(71)   Merge Heap Roots: 0.3ms
[2024-08-28T13:03:56.669+0000][info][gc,phases   ] GC(71)   Evacuate Collection Set: 16.4ms
[2024-08-28T13:03:56.669+0000][info][gc,phases   ] GC(71)   Post Evacuate Collection Set: 0.3ms
[2024-08-28T13:03:56.669+0000][info][gc,phases   ] GC(71)   Other: 0.3ms
[2024-08-28T13:03:56.669+0000][info][gc,heap     ] GC(71) Eden regions: 32->0(44)
[2024-08-28T13:03:56.669+0000][info][gc,heap     ] GC(71) Survivor regions: 7->7(7)
[2024-08-28T13:03:56.669+0000][info][gc,heap     ] GC(71) Old regions: 935->970
[2024-08-28T13:03:56.669+0000][info][gc,heap     ] GC(71) Archive regions: 2->2
[2024-08-28T13:03:56.669+0000][info][gc,heap     ] GC(71) Humongous regions: 5->5
[2024-08-28T13:03:56.669+0000][info][gc,metaspace] GC(71) Metaspace: 100K(320K)->100K(320K) NonClass: 96K(192K)->96K(192K) Class: 4K(128K)->4K(128K)
[2024-08-28T13:03:56.669+0000][info][gc          ] GC(71) Pause Young (Prepare Mixed) (G1 Preventive Collection) 979M->982M(1024M) 17.659ms
[2024-08-28T13:03:56.669+0000][info][gc,cpu      ] GC(71) User=0.30s Sys=0.01s Real=0.01s
[2024-08-28T13:03:56.684+0000][info][gc,start    ] GC(72) Pause Young (Mixed) (G1 Preventive Collection)
[2024-08-28T13:03:56.684+0000][info][gc,task     ] GC(72) Using 24 workers of 68 for evacuation
[2024-08-28T13:03:56.693+0000][info][gc,phases   ] GC(72)   Pre Evacuate Collection Set: 0.2ms
[2024-08-28T13:03:56.693+0000][info][gc,phases   ] GC(72)   Merge Heap Roots: 0.5ms
[2024-08-28T13:03:56.693+0000][info][gc,phases   ] GC(72)   Evacuate Collection Set: 7.6ms
[2024-08-28T13:03:56.693+0000][info][gc,phases   ] GC(72)   Post Evacuate Collection Set: 0.4ms
[2024-08-28T13:03:56.693+0000][info][gc,phases   ] GC(72)   Other: 0.3ms
[2024-08-28T13:03:56.693+0000][info][gc,heap     ] GC(72) Eden regions: 15->0(44)
[2024-08-28T13:03:56.693+0000][info][gc,heap     ] GC(72) Survivor regions: 7->7(7)
[2024-08-28T13:03:56.693+0000][info][gc,heap     ] GC(72) Old regions: 970->885
[2024-08-28T13:03:56.693+0000][info][gc,heap     ] GC(72) Archive regions: 2->2
[2024-08-28T13:03:56.693+0000][info][gc,heap     ] GC(72) Humongous regions: 5->5
[2024-08-28T13:03:56.693+0000][info][gc,metaspace] GC(72) Metaspace: 100K(320K)->100K(320K) NonClass: 96K(192K)->96K(192K) Class: 4K(128K)->4K(128K)
[2024-08-28T13:03:56.694+0000][info][gc          ] GC(72) Pause Young (Mixed) (G1 Preventive Collection) 997M->897M(1024M) 9.215ms
[2024-08-28T13:03:56.694+0000][info][gc,cpu      ] GC(72) User=0.18s Sys=0.02s Real=0.01s
[2024-08-28T13:03:56.722+0000][info][gc,start    ] GC(73) Pause Young (Mixed) (G1 Evacuation Pause)
[2024-08-28T13:03:56.722+0000][info][gc,task     ] GC(73) Using 24 workers of 68 for evacuation
[2024-08-28T13:03:56.735+0000][info][gc,phases   ] GC(73)   Pre Evacuate Collection Set: 0.3ms
[2024-08-28T13:03:56.735+0000][info][gc,phases   ] GC(73)   Merge Heap Roots: 0.4ms
[2024-08-28T13:03:56.735+0000][info][gc,phases   ] GC(73)   Evacuate Collection Set: 11.3ms
[2024-08-28T13:03:56.735+0000][info][gc,phases   ] GC(73)   Post Evacuate Collection Set: 0.5ms
[2024-08-28T13:03:56.735+0000][info][gc,phases   ] GC(73)   Other: 0.3ms
[2024-08-28T13:03:56.735+0000][info][gc,heap     ] GC(73) Eden regions: 44->0(44)
[2024-08-28T13:03:56.735+0000][info][gc,heap     ] GC(73) Survivor regions: 7->7(7)
[2024-08-28T13:03:56.735+0000][info][gc,heap     ] GC(73) Old regions: 885->827
[2024-08-28T13:03:56.735+0000][info][gc,heap     ] GC(73) Archive regions: 2->2
[2024-08-28T13:03:56.735+0000][info][gc,heap     ] GC(73) Humongous regions: 5->5
[2024-08-28T13:03:56.735+0000][info][gc,metaspace] GC(73) Metaspace: 100K(320K)->100K(320K) NonClass: 96K(192K)->96K(192K) Class: 4K(128K)->4K(128K)
[2024-08-28T13:03:56.735+0000][info][gc          ] GC(73) Pause Young (Mixed) (G1 Evacuation Pause) 941M->839M(1024M) 12.878ms
[2024-08-28T13:03:56.735+0000][info][gc,cpu      ] GC(73) User=0.27s Sys=0.01s Real=0.01s
[2024-08-28T13:03:56.763+0000][info][gc,start    ] GC(74) Pause Young (Mixed) (G1 Evacuation Pause)
[2024-08-28T13:03:56.764+0000][info][gc,task     ] GC(74) Using 24 workers of 68 for evacuation
[2024-08-28T13:03:56.777+0000][info][gc,phases   ] GC(74)   Pre Evacuate Collection Set: 0.2ms
[2024-08-28T13:03:56.777+0000][info][gc,phases   ] GC(74)   Merge Heap Roots: 0.6ms
[2024-08-28T13:03:56.777+0000][info][gc,phases   ] GC(74)   Evacuate Collection Set: 11.6ms
[2024-08-28T13:03:56.777+0000][info][gc,phases   ] GC(74)   Post Evacuate Collection Set: 0.4ms
[2024-08-28T13:03:56.777+0000][info][gc,phases   ] GC(74)   Other: 0.4ms
[2024-08-28T13:03:56.777+0000][info][gc,heap     ] GC(74) Eden regions: 44->0(44)
[2024-08-28T13:03:56.777+0000][info][gc,heap     ] GC(74) Survivor regions: 7->7(7)
[2024-08-28T13:03:56.777+0000][info][gc,heap     ] GC(74) Old regions: 827->770
[2024-08-28T13:03:56.777+0000][info][gc,heap     ] GC(74) Archive regions: 2->2
[2024-08-28T13:03:56.777+0000][info][gc,heap     ] GC(74) Humongous regions: 5->5
[2024-08-28T13:03:56.777+0000][info][gc,metaspace] GC(74) Metaspace: 100K(320K)->100K(320K) NonClass: 96K(192K)->96K(192K) Class: 4K(128K)->4K(128K)
[2024-08-28T13:03:56.777+0000][info][gc          ] GC(74) Pause Young (Mixed) (G1 Evacuation Pause) 883M->782M(1024M) 13.357ms
[2024-08-28T13:03:56.777+0000][info][gc,cpu      ] GC(74) User=0.25s Sys=0.03s Real=0.01s
[2024-08-28T13:03:56.803+0000][info][gc,start    ] GC(75) Pause Young (Mixed) (G1 Evacuation Pause)
[2024-08-28T13:03:56.803+0000][info][gc,task     ] GC(75) Using 24 workers of 68 for evacuation
[2024-08-28T13:03:56.815+0000][info][gc,phases   ] GC(75)   Pre Evacuate Collection Set: 0.2ms
[2024-08-28T13:03:56.815+0000][info][gc,phases   ] GC(75)   Merge Heap Roots: 0.3ms
[2024-08-28T13:03:56.815+0000][info][gc,phases   ] GC(75)   Evacuate Collection Set: 10.8ms
[2024-08-28T13:03:56.815+0000][info][gc,phases   ] GC(75)   Post Evacuate Collection Set: 0.4ms
[2024-08-28T13:03:56.815+0000][info][gc,phases   ] GC(75)   Other: 0.4ms
[2024-08-28T13:03:56.815+0000][info][gc,heap     ] GC(75) Eden regions: 44->0(44)
[2024-08-28T13:03:56.816+0000][info][gc,heap     ] GC(75) Survivor regions: 7->7(7)
[2024-08-28T13:03:56.816+0000][info][gc,heap     ] GC(75) Old regions: 770->776
[2024-08-28T13:03:56.816+0000][info][gc,heap     ] GC(75) Archive regions: 2->2
[2024-08-28T13:03:56.816+0000][info][gc,heap     ] GC(75) Humongous regions: 5->5
[2024-08-28T13:03:56.816+0000][info][gc,metaspace] GC(75) Metaspace: 100K(320K)->100K(320K) NonClass: 96K(192K)->96K(192K) Class: 4K(128K)->4K(128K)
[2024-08-28T13:03:56.816+0000][info][gc          ] GC(75) Pause Young (Mixed) (G1 Evacuation Pause) 826M->788M(1024M) 12.228ms
[2024-08-28T13:03:56.816+0000][info][gc,cpu      ] GC(75) User=0.26s Sys=0.01s Real=0.01s
[2024-08-28T13:03:56.842+0000][info][gc,start    ] GC(76) Pause Young (Concurrent Start) (G1 Evacuation Pause)
[2024-08-28T13:03:56.842+0000][info][gc,task     ] GC(76) Using 24 workers of 68 for evacuation
[2024-08-28T13:03:56.855+0000][info][gc,phases   ] GC(76)   Pre Evacuate Collection Set: 0.2ms
[2024-08-28T13:03:56.855+0000][info][gc,phases   ] GC(76)   Merge Heap Roots: 0.3ms
[2024-08-28T13:03:56.855+0000][info][gc,phases   ] GC(76)   Evacuate Collection Set: 10.7ms
[2024-08-28T13:03:56.855+0000][info][gc,phases   ] GC(76)   Post Evacuate Collection Set: 0.4ms
[2024-08-28T13:03:56.855+0000][info][gc,phases   ] GC(76)   Other: 1.0ms
[2024-08-28T13:03:56.855+0000][info][gc,heap     ] GC(76) Eden regions: 44->0(44)
[2024-08-28T13:03:56.855+0000][info][gc,heap     ] GC(76) Survivor regions: 7->7(7)
[2024-08-28T13:03:56.855+0000][info][gc,heap     ] GC(76) Old regions: 776->822
[2024-08-28T13:03:56.855+0000][info][gc,heap     ] GC(76) Archive regions: 2->2
[2024-08-28T13:03:56.855+0000][info][gc,heap     ] GC(76) Humongous regions: 5->5
[2024-08-28T13:03:56.855+0000][info][gc,metaspace] GC(76) Metaspace: 100K(320K)->100K(320K) NonClass: 96K(192K)->96K(192K) Class: 4K(128K)->4K(128K)
[2024-08-28T13:03:56.855+0000][info][gc          ] GC(76) Pause Young (Concurrent Start) (G1 Evacuation Pause) 832M->834M(1024M) 12.755ms
[2024-08-28T13:03:56.855+0000][info][gc,cpu      ] GC(76) User=0.26s Sys=0.00s Real=0.01s
[2024-08-28T13:03:56.855+0000][info][gc          ] GC(77) Concurrent Mark Cycle
[2024-08-28T13:03:56.855+0000][info][gc,marking  ] GC(77) Concurrent Clear Claimed Marks
[2024-08-28T13:03:56.855+0000][info][gc,marking  ] GC(77) Concurrent Clear Claimed Marks 0.012ms
[2024-08-28T13:03:56.855+0000][info][gc,marking  ] GC(77) Concurrent Scan Root Regions
[2024-08-28T13:03:56.857+0000][info][gc,marking  ] GC(77) Concurrent Scan Root Regions 1.950ms
[2024-08-28T13:03:56.857+0000][info][gc,marking  ] GC(77) Concurrent Mark
[2024-08-28T13:03:56.857+0000][info][gc,marking  ] GC(77) Concurrent Mark From Roots
[2024-08-28T13:03:56.857+0000][info][gc,task     ] GC(77) Using 17 workers of 17 for marking
[2024-08-28T13:03:56.882+0000][info][gc,marking  ] GC(77) Concurrent Mark From Roots 25.323ms
[2024-08-28T13:03:56.882+0000][info][gc,marking  ] GC(77) Concurrent Preclean
[2024-08-28T13:03:56.883+0000][info][gc,marking  ] GC(77) Concurrent Preclean 0.763ms
[2024-08-28T13:03:56.884+0000][info][gc,start    ] GC(77) Pause Remark
[2024-08-28T13:03:56.885+0000][info][gc          ] GC(77) Pause Remark 861M->861M(1024M) 1.891ms
[2024-08-28T13:03:56.885+0000][info][gc,cpu      ] GC(77) User=0.01s Sys=0.01s Real=0.00s
[2024-08-28T13:03:56.886+0000][info][gc,marking  ] GC(77) Concurrent Mark 28.532ms
[2024-08-28T13:03:56.886+0000][info][gc,marking  ] GC(77) Concurrent Rebuild Remembered Sets
[2024-08-28T13:03:56.902+0000][info][gc,start    ] GC(78) Pause Young (Normal) (G1 Evacuation Pause)
[2024-08-28T13:03:56.902+0000][info][gc,task     ] GC(78) Using 24 workers of 68 for evacuation
[2024-08-28T13:03:56.914+0000][info][gc,phases   ] GC(78)   Pre Evacuate Collection Set: 0.2ms
[2024-08-28T13:03:56.914+0000][info][gc,phases   ] GC(78)   Merge Heap Roots: 0.6ms
[2024-08-28T13:03:56.914+0000][info][gc,phases   ] GC(78)   Evacuate Collection Set: 10.8ms
[2024-08-28T13:03:56.914+0000][info][gc,phases   ] GC(78)   Post Evacuate Collection Set: 0.5ms
[2024-08-28T13:03:56.914+0000][info][gc,phases   ] GC(78)   Other: 0.3ms
[2024-08-28T13:03:56.914+0000][info][gc,heap     ] GC(78) Eden regions: 44->0(44)
[2024-08-28T13:03:56.914+0000][info][gc,heap     ] GC(78) Survivor regions: 7->7(7)
[2024-08-28T13:03:56.914+0000][info][gc,heap     ] GC(78) Old regions: 822->869
[2024-08-28T13:03:56.914+0000][info][gc,heap     ] GC(78) Archive regions: 2->2
[2024-08-28T13:03:56.914+0000][info][gc,heap     ] GC(78) Humongous regions: 5->5
[2024-08-28T13:03:56.914+0000][info][gc,metaspace] GC(78) Metaspace: 100K(320K)->100K(320K) NonClass: 96K(192K)->96K(192K) Class: 4K(128K)->4K(128K)
[2024-08-28T13:03:56.914+0000][info][gc          ] GC(78) Pause Young (Normal) (G1 Evacuation Pause) 878M->881M(1024M) 12.490ms
[2024-08-28T13:03:56.914+0000][info][gc,cpu      ] GC(78) User=0.25s Sys=0.03s Real=0.01s
[2024-08-28T13:03:56.953+0000][info][gc,marking  ] GC(77) Concurrent Rebuild Remembered Sets 67.790ms
[2024-08-28T13:03:56.954+0000][info][gc,start    ] GC(77) Pause Cleanup
[2024-08-28T13:03:56.957+0000][info][gc          ] GC(77) Pause Cleanup 922M->922M(1024M) 2.949ms
[2024-08-28T13:03:56.957+0000][info][gc,cpu      ] GC(77) User=0.01s Sys=0.00s Real=0.00s
[2024-08-28T13:03:56.957+0000][info][gc,marking  ] GC(77) Concurrent Cleanup for Next Mark
[2024-08-28T13:03:56.958+0000][info][gc,marking  ] GC(77) Concurrent Cleanup for Next Mark 0.762ms
[2024-08-28T13:03:56.958+0000][info][gc          ] GC(77) Concurrent Mark Cycle 102.756ms
[2024-08-28T13:03:56.960+0000][info][gc,start    ] GC(79) Pause Young (Prepare Mixed) (G1 Evacuation Pause)
[2024-08-28T13:03:56.960+0000][info][gc,task     ] GC(79) Using 24 workers of 68 for evacuation
[2024-08-28T13:03:56.978+0000][info][gc,phases   ] GC(79)   Pre Evacuate Collection Set: 0.2ms
[2024-08-28T13:03:56.978+0000][info][gc,phases   ] GC(79)   Merge Heap Roots: 0.7ms
[2024-08-28T13:03:56.978+0000][info][gc,phases   ] GC(79)   Evacuate Collection Set: 16.5ms
[2024-08-28T13:03:56.978+0000][info][gc,phases   ] GC(79)   Post Evacuate Collection Set: 0.4ms
[2024-08-28T13:03:56.978+0000][info][gc,phases   ] GC(79)   Other: 0.3ms
[2024-08-28T13:03:56.978+0000][info][gc,heap     ] GC(79) Eden regions: 44->0(44)
[2024-08-28T13:03:56.978+0000][info][gc,heap     ] GC(79) Survivor regions: 7->7(7)
[2024-08-28T13:03:56.978+0000][info][gc,heap     ] GC(79) Old regions: 869->916
[2024-08-28T13:03:56.978+0000][info][gc,heap     ] GC(79) Archive regions: 2->2
[2024-08-28T13:03:56.978+0000][info][gc,heap     ] GC(79) Humongous regions: 5->5
[2024-08-28T13:03:56.978+0000][info][gc,metaspace] GC(79) Metaspace: 100K(320K)->100K(320K) NonClass: 96K(192K)->96K(192K) Class: 4K(128K)->4K(128K)
[2024-08-28T13:03:56.978+0000][info][gc          ] GC(79) Pause Young (Prepare Mixed) (G1 Evacuation Pause) 925M->928M(1024M) 18.205ms
[2024-08-28T13:03:56.978+0000][info][gc,cpu      ] GC(79) User=0.40s Sys=0.01s Real=0.02s
[2024-08-28T13:03:57.004+0000][info][gc,start    ] GC(80) Pause Young (Mixed) (G1 Preventive Collection)
[2024-08-28T13:03:57.004+0000][info][gc,task     ] GC(80) Using 24 workers of 68 for evacuation
[2024-08-28T13:03:57.016+0000][info][gc,phases   ] GC(80)   Pre Evacuate Collection Set: 0.2ms
[2024-08-28T13:03:57.016+0000][info][gc,phases   ] GC(80)   Merge Heap Roots: 0.4ms
[2024-08-28T13:03:57.016+0000][info][gc,phases   ] GC(80)   Evacuate Collection Set: 11.5ms
[2024-08-28T13:03:57.016+0000][info][gc,phases   ] GC(80)   Post Evacuate Collection Set: 0.5ms
[2024-08-28T13:03:57.016+0000][info][gc,phases   ] GC(80)   Other: 0.3ms
[2024-08-28T13:03:57.017+0000][info][gc,heap     ] GC(80) Eden regions: 41->0(44)
[2024-08-28T13:03:57.017+0000][info][gc,heap     ] GC(80) Survivor regions: 7->7(7)
[2024-08-28T13:03:57.017+0000][info][gc,heap     ] GC(80) Old regions: 916->856
[2024-08-28T13:03:57.017+0000][info][gc,heap     ] GC(80) Archive regions: 2->2
[2024-08-28T13:03:57.017+0000][info][gc,heap     ] GC(80) Humongous regions: 5->5
[2024-08-28T13:03:57.017+0000][info][gc,metaspace] GC(80) Metaspace: 100K(320K)->100K(320K) NonClass: 96K(192K)->96K(192K) Class: 4K(128K)->4K(128K)
[2024-08-28T13:03:57.017+0000][info][gc          ] GC(80) Pause Young (Mixed) (G1 Preventive Collection) 969M->868M(1024M) 12.982ms
[2024-08-28T13:03:57.017+0000][info][gc,cpu      ] GC(80) User=0.28s Sys=0.00s Real=0.01s
[2024-08-28T13:03:57.042+0000][info][gc,start    ] GC(81) Pause Young (Mixed) (G1 Evacuation Pause)
[2024-08-28T13:03:57.042+0000][info][gc,task     ] GC(81) Using 24 workers of 68 for evacuation
[2024-08-28T13:03:57.055+0000][info][gc,phases   ] GC(81)   Pre Evacuate Collection Set: 0.2ms
[2024-08-28T13:03:57.055+0000][info][gc,phases   ] GC(81)   Merge Heap Roots: 0.6ms
[2024-08-28T13:03:57.055+0000][info][gc,phases   ] GC(81)   Evacuate Collection Set: 11.8ms
[2024-08-28T13:03:57.055+0000][info][gc,phases   ] GC(81)   Post Evacuate Collection Set: 0.4ms
[2024-08-28T13:03:57.055+0000][info][gc,phases   ] GC(81)   Other: 0.3ms
[2024-08-28T13:03:57.055+0000][info][gc,heap     ] GC(81) Eden regions: 44->0(44)
[2024-08-28T13:03:57.055+0000][info][gc,heap     ] GC(81) Survivor regions: 7->7(7)
[2024-08-28T13:03:57.055+0000][info][gc,heap     ] GC(81) Old regions: 856->800
[2024-08-28T13:03:57.055+0000][info][gc,heap     ] GC(81) Archive regions: 2->2
[2024-08-28T13:03:57.055+0000][info][gc,heap     ] GC(81) Humongous regions: 5->5
[2024-08-28T13:03:57.055+0000][info][gc,metaspace] GC(81) Metaspace: 100K(320K)->100K(320K) NonClass: 96K(192K)->96K(192K) Class: 4K(128K)->4K(128K)
[2024-08-28T13:03:57.055+0000][info][gc          ] GC(81) Pause Young (Mixed) (G1 Evacuation Pause) 912M->812M(1024M) 13.598ms
[2024-08-28T13:03:57.056+0000][info][gc,cpu      ] GC(81) User=0.29s Sys=0.01s Real=0.01s
[2024-08-28T13:03:57.081+0000][info][gc,start    ] GC(82) Pause Young (Mixed) (G1 Evacuation Pause)
[2024-08-28T13:03:57.081+0000][info][gc,task     ] GC(82) Using 24 workers of 68 for evacuation
[2024-08-28T13:03:57.094+0000][info][gc,phases   ] GC(82)   Pre Evacuate Collection Set: 0.2ms
[2024-08-28T13:03:57.094+0000][info][gc,phases   ] GC(82)   Merge Heap Roots: 0.3ms
[2024-08-28T13:03:57.094+0000][info][gc,phases   ] GC(82)   Evacuate Collection Set: 12.1ms
[2024-08-28T13:03:57.094+0000][info][gc,phases   ] GC(82)   Post Evacuate Collection Set: 0.4ms
[2024-08-28T13:03:57.094+0000][info][gc,phases   ] GC(82)   Other: 0.3ms
[2024-08-28T13:03:57.094+0000][info][gc,heap     ] GC(82) Eden regions: 44->0(44)
[2024-08-28T13:03:57.094+0000][info][gc,heap     ] GC(82) Survivor regions: 7->7(7)
[2024-08-28T13:03:57.094+0000][info][gc,heap     ] GC(82) Old regions: 800->744
[2024-08-28T13:03:57.094+0000][info][gc,heap     ] GC(82) Archive regions: 2->2
[2024-08-28T13:03:57.094+0000][info][gc,heap     ] GC(82) Humongous regions: 5->5
[2024-08-28T13:03:57.094+0000][info][gc,metaspace] GC(82) Metaspace: 100K(320K)->100K(320K) NonClass: 96K(192K)->96K(192K) Class: 4K(128K)->4K(128K)
[2024-08-28T13:03:57.094+0000][info][gc          ] GC(82) Pause Young (Mixed) (G1 Evacuation Pause) 856M->756M(1024M) 13.586ms
[2024-08-28T13:03:57.094+0000][info][gc,cpu      ] GC(82) User=0.27s Sys=0.03s Real=0.01s
[2024-08-28T13:03:57.119+0000][info][gc,start    ] GC(83) Pause Young (Mixed) (G1 Evacuation Pause)
[2024-08-28T13:03:57.119+0000][info][gc,task     ] GC(83) Using 24 workers of 68 for evacuation
[2024-08-28T13:03:57.133+0000][info][gc,phases   ] GC(83)   Pre Evacuate Collection Set: 0.2ms
[2024-08-28T13:03:57.133+0000][info][gc,phases   ] GC(83)   Merge Heap Roots: 0.5ms
[2024-08-28T13:03:57.133+0000][info][gc,phases   ] GC(83)   Evacuate Collection Set: 12.2ms
[2024-08-28T13:03:57.133+0000][info][gc,phases   ] GC(83)   Post Evacuate Collection Set: 0.4ms
[2024-08-28T13:03:57.133+0000][info][gc,phases   ] GC(83)   Other: 0.3ms
[2024-08-28T13:03:57.133+0000][info][gc,heap     ] GC(83) Eden regions: 44->0(44)
[2024-08-28T13:03:57.133+0000][info][gc,heap     ] GC(83) Survivor regions: 7->7(7)
[2024-08-28T13:03:57.133+0000][info][gc,heap     ] GC(83) Old regions: 744->768
[2024-08-28T13:03:57.133+0000][info][gc,heap     ] GC(83) Archive regions: 2->2
[2024-08-28T13:03:57.133+0000][info][gc,heap     ] GC(83) Humongous regions: 5->5
[2024-08-28T13:03:57.133+0000][info][gc,metaspace] GC(83) Metaspace: 100K(320K)->100K(320K) NonClass: 96K(192K)->96K(192K) Class: 4K(128K)->4K(128K)
[2024-08-28T13:03:57.133+0000][info][gc          ] GC(83) Pause Young (Mixed) (G1 Evacuation Pause) 800M->780M(1024M) 13.709ms
[2024-08-28T13:03:57.133+0000][info][gc,cpu      ] GC(83) User=0.28s Sys=0.02s Real=0.01s
[2024-08-28T13:03:57.158+0000][info][gc,start    ] GC(84) Pause Young (Concurrent Start) (G1 Evacuation Pause)
[2024-08-28T13:03:57.158+0000][info][gc,task     ] GC(84) Using 24 workers of 68 for evacuation
[2024-08-28T13:03:57.171+0000][info][gc,phases   ] GC(84)   Pre Evacuate Collection Set: 0.2ms
[2024-08-28T13:03:57.171+0000][info][gc,phases   ] GC(84)   Merge Heap Roots: 0.5ms
[2024-08-28T13:03:57.171+0000][info][gc,phases   ] GC(84)   Evacuate Collection Set: 10.9ms
[2024-08-28T13:03:57.171+0000][info][gc,phases   ] GC(84)   Post Evacuate Collection Set: 0.4ms
[2024-08-28T13:03:57.171+0000][info][gc,phases   ] GC(84)   Other: 1.0ms
[2024-08-28T13:03:57.171+0000][info][gc,heap     ] GC(84) Eden regions: 44->0(44)
[2024-08-28T13:03:57.171+0000][info][gc,heap     ] GC(84) Survivor regions: 7->7(7)
[2024-08-28T13:03:57.171+0000][info][gc,heap     ] GC(84) Old regions: 768->815
[2024-08-28T13:03:57.171+0000][info][gc,heap     ] GC(84) Archive regions: 2->2
[2024-08-28T13:03:57.171+0000][info][gc,heap     ] GC(84) Humongous regions: 5->5
[2024-08-28T13:03:57.171+0000][info][gc,metaspace] GC(84) Metaspace: 100K(320K)->100K(320K) NonClass: 96K(192K)->96K(192K) Class: 4K(128K)->4K(128K)
[2024-08-28T13:03:57.171+0000][info][gc          ] GC(84) Pause Young (Concurrent Start) (G1 Evacuation Pause) 824M->827M(1024M) 13.153ms
[2024-08-28T13:03:57.171+0000][info][gc,cpu      ] GC(84) User=0.27s Sys=0.00s Real=0.01s
[2024-08-28T13:03:57.171+0000][info][gc          ] GC(85) Concurrent Mark Cycle
[2024-08-28T13:03:57.171+0000][info][gc,marking  ] GC(85) Concurrent Clear Claimed Marks
[2024-08-28T13:03:57.171+0000][info][gc,marking  ] GC(85) Concurrent Clear Claimed Marks 0.012ms
[2024-08-28T13:03:57.171+0000][info][gc,marking  ] GC(85) Concurrent Scan Root Regions
[2024-08-28T13:03:57.173+0000][info][gc,marking  ] GC(85) Concurrent Scan Root Regions 1.864ms
[2024-08-28T13:03:57.173+0000][info][gc,marking  ] GC(85) Concurrent Mark
[2024-08-28T13:03:57.173+0000][info][gc,marking  ] GC(85) Concurrent Mark From Roots
[2024-08-28T13:03:57.173+0000][info][gc,task     ] GC(85) Using 17 workers of 17 for marking
[2024-08-28T13:03:57.198+0000][info][gc,marking  ] GC(85) Concurrent Mark From Roots 25.004ms
[2024-08-28T13:03:57.198+0000][info][gc,marking  ] GC(85) Concurrent Preclean
[2024-08-28T13:03:57.199+0000][info][gc,marking  ] GC(85) Concurrent Preclean 0.501ms
[2024-08-28T13:03:57.199+0000][info][gc,start    ] GC(85) Pause Remark
[2024-08-28T13:03:57.201+0000][info][gc          ] GC(85) Pause Remark 853M->853M(1024M) 1.930ms
[2024-08-28T13:03:57.201+0000][info][gc,cpu      ] GC(85) User=0.00s Sys=0.00s Real=0.00s
[2024-08-28T13:03:57.201+0000][info][gc,marking  ] GC(85) Concurrent Mark 27.929ms
[2024-08-28T13:03:57.201+0000][info][gc,marking  ] GC(85) Concurrent Rebuild Remembered Sets
[2024-08-28T13:03:57.217+0000][info][gc,start    ] GC(86) Pause Young (Normal) (G1 Evacuation Pause)
[2024-08-28T13:03:57.217+0000][info][gc,task     ] GC(86) Using 24 workers of 68 for evacuation
[2024-08-28T13:03:57.228+0000][info][gc,phases   ] GC(86)   Pre Evacuate Collection Set: 0.2ms
[2024-08-28T13:03:57.228+0000][info][gc,phases   ] GC(86)   Merge Heap Roots: 0.5ms
[2024-08-28T13:03:57.228+0000][info][gc,phases   ] GC(86)   Evacuate Collection Set: 10.0ms
[2024-08-28T13:03:57.228+0000][info][gc,phases   ] GC(86)   Post Evacuate Collection Set: 0.5ms
[2024-08-28T13:03:57.228+0000][info][gc,phases   ] GC(86)   Other: 0.3ms
[2024-08-28T13:03:57.228+0000][info][gc,heap     ] GC(86) Eden regions: 44->0(44)
[2024-08-28T13:03:57.228+0000][info][gc,heap     ] GC(86) Survivor regions: 7->7(7)
[2024-08-28T13:03:57.228+0000][info][gc,heap     ] GC(86) Old regions: 815->861
[2024-08-28T13:03:57.228+0000][info][gc,heap     ] GC(86) Archive regions: 2->2
[2024-08-28T13:03:57.228+0000][info][gc,heap     ] GC(86) Humongous regions: 5->5
[2024-08-28T13:03:57.228+0000][info][gc,metaspace] GC(86) Metaspace: 100K(320K)->100K(320K) NonClass: 96K(192K)->96K(192K) Class: 4K(128K)->4K(128K)
[2024-08-28T13:03:57.228+0000][info][gc          ] GC(86) Pause Young (Normal) (G1 Evacuation Pause) 871M->873M(1024M) 11.667ms
[2024-08-28T13:03:57.228+0000][info][gc,cpu      ] GC(86) User=0.25s Sys=0.00s Real=0.01s
[2024-08-28T13:03:57.265+0000][info][gc,marking  ] GC(85) Concurrent Rebuild Remembered Sets 64.298ms
[2024-08-28T13:03:57.266+0000][info][gc,start    ] GC(85) Pause Cleanup
[2024-08-28T13:03:57.269+0000][info][gc          ] GC(85) Pause Cleanup 913M->913M(1024M) 2.805ms
[2024-08-28T13:03:57.269+0000][info][gc,cpu      ] GC(85) User=0.01s Sys=0.00s Real=0.00s
[2024-08-28T13:03:57.269+0000][info][gc,marking  ] GC(85) Concurrent Cleanup for Next Mark
[2024-08-28T13:03:57.270+0000][info][gc,marking  ] GC(85) Concurrent Cleanup for Next Mark 0.740ms
[2024-08-28T13:03:57.270+0000][info][gc          ] GC(85) Concurrent Mark Cycle 98.442ms
[2024-08-28T13:03:57.273+0000][info][gc,start    ] GC(87) Pause Young (Prepare Mixed) (G1 Evacuation Pause)
[2024-08-28T13:03:57.273+0000][info][gc,task     ] GC(87) Using 24 workers of 68 for evacuation
[2024-08-28T13:03:57.289+0000][info][gc,phases   ] GC(87)   Pre Evacuate Collection Set: 0.2ms
[2024-08-28T13:03:57.289+0000][info][gc,phases   ] GC(87)   Merge Heap Roots: 0.5ms
[2024-08-28T13:03:57.289+0000][info][gc,phases   ] GC(87)   Evacuate Collection Set: 15.3ms
[2024-08-28T13:03:57.289+0000][info][gc,phases   ] GC(87)   Post Evacuate Collection Set: 0.3ms
[2024-08-28T13:03:57.289+0000][info][gc,phases   ] GC(87)   Other: 0.3ms
[2024-08-28T13:03:57.289+0000][info][gc,heap     ] GC(87) Eden regions: 44->0(44)
[2024-08-28T13:03:57.289+0000][info][gc,heap     ] GC(87) Survivor regions: 7->7(7)
[2024-08-28T13:03:57.289+0000][info][gc,heap     ] GC(87) Old regions: 861->907
[2024-08-28T13:03:57.289+0000][info][gc,heap     ] GC(87) Archive regions: 2->2
[2024-08-28T13:03:57.289+0000][info][gc,heap     ] GC(87) Humongous regions: 5->5
[2024-08-28T13:03:57.289+0000][info][gc,metaspace] GC(87) Metaspace: 100K(320K)->100K(320K) NonClass: 96K(192K)->96K(192K) Class: 4K(128K)->4K(128K)
[2024-08-28T13:03:57.289+0000][info][gc          ] GC(87) Pause Young (Prepare Mixed) (G1 Evacuation Pause) 917M->919M(1024M) 16.649ms
[2024-08-28T13:03:57.289+0000][info][gc,cpu      ] GC(87) User=0.38s Sys=0.00s Real=0.01s
[2024-08-28T13:03:57.315+0000][info][gc,start    ] GC(88) Pause Young (Mixed) (G1 Evacuation Pause)
[2024-08-28T13:03:57.315+0000][info][gc,task     ] GC(88) Using 24 workers of 68 for evacuation
[2024-08-28T13:03:57.328+0000][info][gc,phases   ] GC(88)   Pre Evacuate Collection Set: 0.2ms
[2024-08-28T13:03:57.328+0000][info][gc,phases   ] GC(88)   Merge Heap Roots: 0.6ms
[2024-08-28T13:03:57.328+0000][info][gc,phases   ] GC(88)   Evacuate Collection Set: 11.4ms
[2024-08-28T13:03:57.328+0000][info][gc,phases   ] GC(88)   Post Evacuate Collection Set: 0.4ms
[2024-08-28T13:03:57.328+0000][info][gc,phases   ] GC(88)   Other: 0.3ms
[2024-08-28T13:03:57.328+0000][info][gc,heap     ] GC(88) Eden regions: 44->0(44)
[2024-08-28T13:03:57.328+0000][info][gc,heap     ] GC(88) Survivor regions: 7->7(7)
[2024-08-28T13:03:57.328+0000][info][gc,heap     ] GC(88) Old regions: 907->851
[2024-08-28T13:03:57.328+0000][info][gc,heap     ] GC(88) Archive regions: 2->2
[2024-08-28T13:03:57.328+0000][info][gc,heap     ] GC(88) Humongous regions: 5->5
[2024-08-28T13:03:57.328+0000][info][gc,metaspace] GC(88) Metaspace: 100K(320K)->100K(320K) NonClass: 96K(192K)->96K(192K) Class: 4K(128K)->4K(128K)
[2024-08-28T13:03:57.328+0000][info][gc          ] GC(88) Pause Young (Mixed) (G1 Evacuation Pause) 963M->863M(1024M) 13.000ms
[2024-08-28T13:03:57.328+0000][info][gc,cpu      ] GC(88) User=0.29s Sys=0.00s Real=0.01s
[2024-08-28T13:03:57.353+0000][info][gc,start    ] GC(89) Pause Young (Mixed) (G1 Evacuation Pause)
[2024-08-28T13:03:57.353+0000][info][gc,task     ] GC(89) Using 24 workers of 68 for evacuation
[2024-08-28T13:03:57.365+0000][info][gc,phases   ] GC(89)   Pre Evacuate Collection Set: 0.2ms
[2024-08-28T13:03:57.365+0000][info][gc,phases   ] GC(89)   Merge Heap Roots: 0.3ms
[2024-08-28T13:03:57.365+0000][info][gc,phases   ] GC(89)   Evacuate Collection Set: 11.5ms
[2024-08-28T13:03:57.365+0000][info][gc,phases   ] GC(89)   Post Evacuate Collection Set: 0.4ms
[2024-08-28T13:03:57.365+0000][info][gc,phases   ] GC(89)   Other: 0.3ms
[2024-08-28T13:03:57.365+0000][info][gc,heap     ] GC(89) Eden regions: 44->0(44)
[2024-08-28T13:03:57.365+0000][info][gc,heap     ] GC(89) Survivor regions: 7->7(7)
[2024-08-28T13:03:57.365+0000][info][gc,heap     ] GC(89) Old regions: 851->795
[2024-08-28T13:03:57.365+0000][info][gc,heap     ] GC(89) Archive regions: 2->2
[2024-08-28T13:03:57.365+0000][info][gc,heap     ] GC(89) Humongous regions: 5->5
[2024-08-28T13:03:57.365+0000][info][gc,metaspace] GC(89) Metaspace: 100K(320K)->100K(320K) NonClass: 96K(192K)->96K(192K) Class: 4K(128K)->4K(128K)
[2024-08-28T13:03:57.365+0000][info][gc          ] GC(89) Pause Young (Mixed) (G1 Evacuation Pause) 907M->807M(1024M) 12.807ms
[2024-08-28T13:03:57.365+0000][info][gc,cpu      ] GC(89) User=0.28s Sys=0.00s Real=0.01s
[2024-08-28T13:03:57.390+0000][info][gc,start    ] GC(90) Pause Young (Mixed) (G1 Evacuation Pause)
[2024-08-28T13:03:57.390+0000][info][gc,task     ] GC(90) Using 24 workers of 68 for evacuation
[2024-08-28T13:03:57.402+0000][info][gc,phases   ] GC(90)   Pre Evacuate Collection Set: 0.2ms
[2024-08-28T13:03:57.402+0000][info][gc,phases   ] GC(90)   Merge Heap Roots: 0.5ms
[2024-08-28T13:03:57.402+0000][info][gc,phases   ] GC(90)   Evacuate Collection Set: 10.8ms
[2024-08-28T13:03:57.402+0000][info][gc,phases   ] GC(90)   Post Evacuate Collection Set: 0.4ms
[2024-08-28T13:03:57.402+0000][info][gc,phases   ] GC(90)   Other: 0.2ms
[2024-08-28T13:03:57.402+0000][info][gc,heap     ] GC(90) Eden regions: 44->0(44)
[2024-08-28T13:03:57.402+0000][info][gc,heap     ] GC(90) Survivor regions: 7->7(7)
[2024-08-28T13:03:57.402+0000][info][gc,heap     ] GC(90) Old regions: 795->739
[2024-08-28T13:03:57.402+0000][info][gc,heap     ] GC(90) Archive regions: 2->2
[2024-08-28T13:03:57.402+0000][info][gc,heap     ] GC(90) Humongous regions: 5->5
[2024-08-28T13:03:57.402+0000][info][gc,metaspace] GC(90) Metaspace: 100K(320K)->100K(320K) NonClass: 96K(192K)->96K(192K) Class: 4K(128K)->4K(128K)
[2024-08-28T13:03:57.402+0000][info][gc          ] GC(90) Pause Young (Mixed) (G1 Evacuation Pause) 851M->751M(1024M) 12.257ms
[2024-08-28T13:03:57.402+0000][info][gc,cpu      ] GC(90) User=0.27s Sys=0.01s Real=0.01s
[2024-08-28T13:03:57.426+0000][info][gc,start    ] GC(91) Pause Young (Mixed) (G1 Evacuation Pause)
[2024-08-28T13:03:57.426+0000][info][gc,task     ] GC(91) Using 24 workers of 68 for evacuation
[2024-08-28T13:03:57.438+0000][info][gc,phases   ] GC(91)   Pre Evacuate Collection Set: 0.2ms
[2024-08-28T13:03:57.438+0000][info][gc,phases   ] GC(91)   Merge Heap Roots: 0.3ms
[2024-08-28T13:03:57.438+0000][info][gc,phases   ] GC(91)   Evacuate Collection Set: 11.2ms
[2024-08-28T13:03:57.438+0000][info][gc,phases   ] GC(91)   Post Evacuate Collection Set: 0.3ms
[2024-08-28T13:03:57.438+0000][info][gc,phases   ] GC(91)   Other: 0.2ms
[2024-08-28T13:03:57.438+0000][info][gc,heap     ] GC(91) Eden regions: 44->0(44)
[2024-08-28T13:03:57.438+0000][info][gc,heap     ] GC(91) Survivor regions: 7->7(7)
[2024-08-28T13:03:57.438+0000][info][gc,heap     ] GC(91) Old regions: 739->772
[2024-08-28T13:03:57.438+0000][info][gc,heap     ] GC(91) Archive regions: 2->2
[2024-08-28T13:03:57.438+0000][info][gc,heap     ] GC(91) Humongous regions: 5->5
[2024-08-28T13:03:57.438+0000][info][gc,metaspace] GC(91) Metaspace: 100K(320K)->100K(320K) NonClass: 96K(192K)->96K(192K) Class: 4K(128K)->4K(128K)
[2024-08-28T13:03:57.438+0000][info][gc          ] GC(91) Pause Young (Mixed) (G1 Evacuation Pause) 795M->784M(1024M) 12.344ms
[2024-08-28T13:03:57.438+0000][info][gc,cpu      ] GC(91) User=0.26s Sys=0.01s Real=0.02s
[2024-08-28T13:03:57.462+0000][info][gc,start    ] GC(92) Pause Young (Concurrent Start) (G1 Evacuation Pause)
[2024-08-28T13:03:57.462+0000][info][gc,task     ] GC(92) Using 24 workers of 68 for evacuation
[2024-08-28T13:03:57.474+0000][info][gc,phases   ] GC(92)   Pre Evacuate Collection Set: 0.2ms
[2024-08-28T13:03:57.474+0000][info][gc,phases   ] GC(92)   Merge Heap Roots: 0.3ms
[2024-08-28T13:03:57.474+0000][info][gc,phases   ] GC(92)   Evacuate Collection Set: 10.6ms
[2024-08-28T13:03:57.474+0000][info][gc,phases   ] GC(92)   Post Evacuate Collection Set: 0.3ms
[2024-08-28T13:03:57.474+0000][info][gc,phases   ] GC(92)   Other: 0.8ms
[2024-08-28T13:03:57.474+0000][info][gc,heap     ] GC(92) Eden regions: 44->0(44)
[2024-08-28T13:03:57.474+0000][info][gc,heap     ] GC(92) Survivor regions: 7->7(7)
[2024-08-28T13:03:57.475+0000][info][gc,heap     ] GC(92) Old regions: 772->819
[2024-08-28T13:03:57.475+0000][info][gc,heap     ] GC(92) Archive regions: 2->2
[2024-08-28T13:03:57.475+0000][info][gc,heap     ] GC(92) Humongous regions: 5->5
[2024-08-28T13:03:57.475+0000][info][gc,metaspace] GC(92) Metaspace: 100K(320K)->100K(320K) NonClass: 96K(192K)->96K(192K) Class: 4K(128K)->4K(128K)
[2024-08-28T13:03:57.475+0000][info][gc          ] GC(92) Pause Young (Concurrent Start) (G1 Evacuation Pause) 828M->831M(1024M) 12.437ms
[2024-08-28T13:03:57.475+0000][info][gc,cpu      ] GC(92) User=0.25s Sys=0.01s Real=0.01s
[2024-08-28T13:03:57.475+0000][info][gc          ] GC(93) Concurrent Mark Cycle
[2024-08-28T13:03:57.475+0000][info][gc,marking  ] GC(93) Concurrent Clear Claimed Marks
[2024-08-28T13:03:57.475+0000][info][gc,marking  ] GC(93) Concurrent Clear Claimed Marks 0.010ms
[2024-08-28T13:03:57.475+0000][info][gc,marking  ] GC(93) Concurrent Scan Root Regions
[2024-08-28T13:03:57.477+0000][info][gc,marking  ] GC(93) Concurrent Scan Root Regions 1.838ms
[2024-08-28T13:03:57.477+0000][info][gc,marking  ] GC(93) Concurrent Mark
[2024-08-28T13:03:57.477+0000][info][gc,marking  ] GC(93) Concurrent Mark From Roots
[2024-08-28T13:03:57.477+0000][info][gc,task     ] GC(93) Using 17 workers of 17 for marking
[2024-08-28T13:03:57.501+0000][info][gc,marking  ] GC(93) Concurrent Mark From Roots 24.824ms
[2024-08-28T13:03:57.502+0000][info][gc,marking  ] GC(93) Concurrent Preclean
[2024-08-28T13:03:57.502+0000][info][gc,marking  ] GC(93) Concurrent Preclean 0.536ms
[2024-08-28T13:03:57.502+0000][info][gc,start    ] GC(93) Pause Remark
[2024-08-28T13:03:57.504+0000][info][gc          ] GC(93) Pause Remark 857M->857M(1024M) 1.844ms
[2024-08-28T13:03:57.504+0000][info][gc,cpu      ] GC(93) User=0.01s Sys=0.00s Real=0.00s
[2024-08-28T13:03:57.504+0000][info][gc,marking  ] GC(93) Concurrent Mark 27.691ms
[2024-08-28T13:03:57.504+0000][info][gc,marking  ] GC(93) Concurrent Rebuild Remembered Sets
[2024-08-28T13:03:57.521+0000][info][gc,start    ] GC(94) Pause Young (Normal) (G1 Evacuation Pause)
[2024-08-28T13:03:57.521+0000][info][gc,task     ] GC(94) Using 24 workers of 68 for evacuation
[2024-08-28T13:03:57.533+0000][info][gc,phases   ] GC(94)   Pre Evacuate Collection Set: 0.2ms
[2024-08-28T13:03:57.533+0000][info][gc,phases   ] GC(94)   Merge Heap Roots: 0.6ms
[2024-08-28T13:03:57.533+0000][info][gc,phases   ] GC(94)   Evacuate Collection Set: 10.1ms
[2024-08-28T13:03:57.533+0000][info][gc,phases   ] GC(94)   Post Evacuate Collection Set: 0.5ms
[2024-08-28T13:03:57.533+0000][info][gc,phases   ] GC(94)   Other: 0.3ms
[2024-08-28T13:03:57.533+0000][info][gc,heap     ] GC(94) Eden regions: 44->0(44)
[2024-08-28T13:03:57.533+0000][info][gc,heap     ] GC(94) Survivor regions: 7->7(7)
[2024-08-28T13:03:57.533+0000][info][gc,heap     ] GC(94) Old regions: 819->865
[2024-08-28T13:03:57.533+0000][info][gc,heap     ] GC(94) Archive regions: 2->2
[2024-08-28T13:03:57.533+0000][info][gc,heap     ] GC(94) Humongous regions: 5->5
[2024-08-28T13:03:57.533+0000][info][gc,metaspace] GC(94) Metaspace: 100K(320K)->100K(320K) NonClass: 96K(192K)->96K(192K) Class: 4K(128K)->4K(128K)
[2024-08-28T13:03:57.533+0000][info][gc          ] GC(94) Pause Young (Normal) (G1 Evacuation Pause) 875M->877M(1024M) 11.912ms
[2024-08-28T13:03:57.533+0000][info][gc,cpu      ] GC(94) User=0.26s Sys=0.01s Real=0.01s
[2024-08-28T13:03:57.571+0000][info][gc,start    ] GC(95) Pause Young (Normal) (G1 Evacuation Pause)
[2024-08-28T13:03:57.571+0000][info][gc,task     ] GC(95) Using 24 workers of 68 for evacuation
[2024-08-28T13:03:57.587+0000][info][gc,phases   ] GC(95)   Pre Evacuate Collection Set: 0.2ms
[2024-08-28T13:03:57.587+0000][info][gc,phases   ] GC(95)   Merge Heap Roots: 0.5ms
[2024-08-28T13:03:57.587+0000][info][gc,phases   ] GC(95)   Evacuate Collection Set: 13.8ms
[2024-08-28T13:03:57.587+0000][info][gc,phases   ] GC(95)   Post Evacuate Collection Set: 0.5ms
[2024-08-28T13:03:57.587+0000][info][gc,phases   ] GC(95)   Other: 0.3ms
[2024-08-28T13:03:57.587+0000][info][gc,heap     ] GC(95) Eden regions: 44->0(44)
[2024-08-28T13:03:57.587+0000][info][gc,heap     ] GC(95) Survivor regions: 7->7(7)
[2024-08-28T13:03:57.587+0000][info][gc,heap     ] GC(95) Old regions: 865->912
[2024-08-28T13:03:57.587+0000][info][gc,heap     ] GC(95) Archive regions: 2->2
[2024-08-28T13:03:57.587+0000][info][gc,heap     ] GC(95) Humongous regions: 5->5
[2024-08-28T13:03:57.587+0000][info][gc,metaspace] GC(95) Metaspace: 100K(320K)->100K(320K) NonClass: 96K(192K)->96K(192K) Class: 4K(128K)->4K(128K)
[2024-08-28T13:03:57.587+0000][info][gc          ] GC(95) Pause Young (Normal) (G1 Evacuation Pause) 921M->924M(1024M) 15.356ms
[2024-08-28T13:03:57.587+0000][info][gc,cpu      ] GC(95) User=0.34s Sys=0.00s Real=0.01s
[2024-08-28T13:03:57.589+0000][info][gc,marking  ] GC(93) Concurrent Rebuild Remembered Sets 84.180ms
[2024-08-28T13:03:57.589+0000][info][gc,start    ] GC(93) Pause Cleanup
[2024-08-28T13:03:57.590+0000][info][gc          ] GC(93) Pause Cleanup 926M->926M(1024M) 1.539ms
[2024-08-28T13:03:57.590+0000][info][gc,cpu      ] GC(93) User=0.01s Sys=0.00s Real=0.01s
[2024-08-28T13:03:57.590+0000][info][gc,marking  ] GC(93) Concurrent Cleanup for Next Mark
[2024-08-28T13:03:57.591+0000][info][gc,marking  ] GC(93) Concurrent Cleanup for Next Mark 0.865ms
[2024-08-28T13:03:57.591+0000][info][gc          ] GC(93) Concurrent Mark Cycle 116.591ms
[2024-08-28T13:03:57.618+0000][info][gc,start    ] GC(96) Pause Young (Prepare Mixed) (G1 Preventive Collection)
[2024-08-28T13:03:57.618+0000][info][gc,task     ] GC(96) Using 24 workers of 68 for evacuation
[2024-08-28T13:03:57.632+0000][info][gc,phases   ] GC(96)   Pre Evacuate Collection Set: 0.1ms
[2024-08-28T13:03:57.632+0000][info][gc,phases   ] GC(96)   Merge Heap Roots: 0.7ms
[2024-08-28T13:03:57.632+0000][info][gc,phases   ] GC(96)   Evacuate Collection Set: 12.2ms
[2024-08-28T13:03:57.632+0000][info][gc,phases   ] GC(96)   Post Evacuate Collection Set: 0.3ms
[2024-08-28T13:03:57.632+0000][info][gc,phases   ] GC(96)   Other: 0.2ms
[2024-08-28T13:03:57.632+0000][info][gc,heap     ] GC(96) Eden regions: 43->0(44)
[2024-08-28T13:03:57.632+0000][info][gc,heap     ] GC(96) Survivor regions: 7->7(7)
[2024-08-28T13:03:57.632+0000][info][gc,heap     ] GC(96) Old regions: 912->957
[2024-08-28T13:03:57.632+0000][info][gc,heap     ] GC(96) Archive regions: 2->2
[2024-08-28T13:03:57.632+0000][info][gc,heap     ] GC(96) Humongous regions: 5->5
[2024-08-28T13:03:57.632+0000][info][gc,metaspace] GC(96) Metaspace: 100K(320K)->100K(320K) NonClass: 96K(192K)->96K(192K) Class: 4K(128K)->4K(128K)
[2024-08-28T13:03:57.632+0000][info][gc          ] GC(96) Pause Young (Prepare Mixed) (G1 Preventive Collection) 967M->969M(1024M) 13.689ms
[2024-08-28T13:03:57.632+0000][info][gc,cpu      ] GC(96) User=0.31s Sys=0.00s Real=0.01s
[2024-08-28T13:03:57.645+0000][info][gc,start    ] GC(97) Pause Young (Mixed) (G1 Preventive Collection)
[2024-08-28T13:03:57.645+0000][info][gc,task     ] GC(97) Using 24 workers of 68 for evacuation
[2024-08-28T13:03:57.653+0000][info][gc,phases   ] GC(97)   Pre Evacuate Collection Set: 0.2ms
[2024-08-28T13:03:57.654+0000][info][gc,phases   ] GC(97)   Merge Heap Roots: 0.5ms
[2024-08-28T13:03:57.654+0000][info][gc,phases   ] GC(97)   Evacuate Collection Set: 7.6ms
[2024-08-28T13:03:57.654+0000][info][gc,phases   ] GC(97)   Post Evacuate Collection Set: 0.4ms
[2024-08-28T13:03:57.654+0000][info][gc,phases   ] GC(97)   Other: 0.3ms
[2024-08-28T13:03:57.654+0000][info][gc,heap     ] GC(97) Eden regions: 21->0(44)
[2024-08-28T13:03:57.654+0000][info][gc,heap     ] GC(97) Survivor regions: 7->7(7)
[2024-08-28T13:03:57.654+0000][info][gc,heap     ] GC(97) Old regions: 957->879
[2024-08-28T13:03:57.654+0000][info][gc,heap     ] GC(97) Archive regions: 2->2
[2024-08-28T13:03:57.654+0000][info][gc,heap     ] GC(97) Humongous regions: 5->5
[2024-08-28T13:03:57.654+0000][info][gc,metaspace] GC(97) Metaspace: 100K(320K)->100K(320K) NonClass: 96K(192K)->96K(192K) Class: 4K(128K)->4K(128K)
[2024-08-28T13:03:57.654+0000][info][gc          ] GC(97) Pause Young (Mixed) (G1 Preventive Collection) 990M->891M(1024M) 9.110ms
[2024-08-28T13:03:57.654+0000][info][gc,cpu      ] GC(97) User=0.20s Sys=0.00s Real=0.01s
[2024-08-28T13:03:57.678+0000][info][gc,start    ] GC(98) Pause Young (Mixed) (G1 Evacuation Pause)
[2024-08-28T13:03:57.678+0000][info][gc,task     ] GC(98) Using 24 workers of 68 for evacuation
[2024-08-28T13:03:57.690+0000][info][gc,phases   ] GC(98)   Pre Evacuate Collection Set: 0.2ms
[2024-08-28T13:03:57.690+0000][info][gc,phases   ] GC(98)   Merge Heap Roots: 0.6ms
[2024-08-28T13:03:57.690+0000][info][gc,phases   ] GC(98)   Evacuate Collection Set: 11.0ms
[2024-08-28T13:03:57.690+0000][info][gc,phases   ] GC(98)   Post Evacuate Collection Set: 0.4ms
[2024-08-28T13:03:57.691+0000][info][gc,phases   ] GC(98)   Other: 0.3ms
[2024-08-28T13:03:57.691+0000][info][gc,heap     ] GC(98) Eden regions: 44->0(44)
[2024-08-28T13:03:57.691+0000][info][gc,heap     ] GC(98) Survivor regions: 7->7(7)
[2024-08-28T13:03:57.691+0000][info][gc,heap     ] GC(98) Old regions: 879->821
[2024-08-28T13:03:57.691+0000][info][gc,heap     ] GC(98) Archive regions: 2->2
[2024-08-28T13:03:57.691+0000][info][gc,heap     ] GC(98) Humongous regions: 5->5
[2024-08-28T13:03:57.691+0000][info][gc,metaspace] GC(98) Metaspace: 100K(320K)->100K(320K) NonClass: 96K(192K)->96K(192K) Class: 4K(128K)->4K(128K)
[2024-08-28T13:03:57.691+0000][info][gc          ] GC(98) Pause Young (Mixed) (G1 Evacuation Pause) 935M->833M(1024M) 12.613ms
[2024-08-28T13:03:57.691+0000][info][gc,cpu      ] GC(98) User=0.28s Sys=0.00s Real=0.01s
[2024-08-28T13:03:57.714+0000][info][gc,start    ] GC(99) Pause Young (Mixed) (G1 Evacuation Pause)
[2024-08-28T13:03:57.714+0000][info][gc,task     ] GC(99) Using 24 workers of 68 for evacuation
[2024-08-28T13:03:57.727+0000][info][gc,phases   ] GC(99)   Pre Evacuate Collection Set: 0.2ms
[2024-08-28T13:03:57.727+0000][info][gc,phases   ] GC(99)   Merge Heap Roots: 0.5ms
[2024-08-28T13:03:57.727+0000][info][gc,phases   ] GC(99)   Evacuate Collection Set: 10.9ms
[2024-08-28T13:03:57.727+0000][info][gc,phases   ] GC(99)   Post Evacuate Collection Set: 0.4ms
[2024-08-28T13:03:57.727+0000][info][gc,phases   ] GC(99)   Other: 0.3ms
[2024-08-28T13:03:57.727+0000][info][gc,heap     ] GC(99) Eden regions: 44->0(44)
[2024-08-28T13:03:57.727+0000][info][gc,heap     ] GC(99) Survivor regions: 7->7(7)
[2024-08-28T13:03:57.727+0000][info][gc,heap     ] GC(99) Old regions: 821->765
[2024-08-28T13:03:57.727+0000][info][gc,heap     ] GC(99) Archive regions: 2->2
[2024-08-28T13:03:57.727+0000][info][gc,heap     ] GC(99) Humongous regions: 5->5
[2024-08-28T13:03:57.727+0000][info][gc,metaspace] GC(99) Metaspace: 100K(320K)->100K(320K) NonClass: 96K(192K)->96K(192K) Class: 4K(128K)->4K(128K)
[2024-08-28T13:03:57.727+0000][info][gc          ] GC(99) Pause Young (Mixed) (G1 Evacuation Pause) 877M->777M(1024M) 12.593ms
[2024-08-28T13:03:57.727+0000][info][gc,cpu      ] GC(99) User=0.27s Sys=0.00s Real=0.01s
[2024-08-28T13:03:57.751+0000][info][gc,start    ] GC(100) Pause Young (Mixed) (G1 Evacuation Pause)
[2024-08-28T13:03:57.751+0000][info][gc,task     ] GC(100) Using 24 workers of 68 for evacuation
[2024-08-28T13:03:57.763+0000][info][gc,phases   ] GC(100)   Pre Evacuate Collection Set: 0.2ms
[2024-08-28T13:03:57.763+0000][info][gc,phases   ] GC(100)   Merge Heap Roots: 0.5ms
[2024-08-28T13:03:57.763+0000][info][gc,phases   ] GC(100)   Evacuate Collection Set: 11.7ms
[2024-08-28T13:03:57.763+0000][info][gc,phases   ] GC(100)   Post Evacuate Collection Set: 0.3ms
[2024-08-28T13:03:57.763+0000][info][gc,phases   ] GC(100)   Other: 0.2ms
[2024-08-28T13:03:57.763+0000][info][gc,heap     ] GC(100) Eden regions: 44->0(44)
[2024-08-28T13:03:57.763+0000][info][gc,heap     ] GC(100) Survivor regions: 7->7(7)
[2024-08-28T13:03:57.763+0000][info][gc,heap     ] GC(100) Old regions: 765->793
[2024-08-28T13:03:57.763+0000][info][gc,heap     ] GC(100) Archive regions: 2->2
[2024-08-28T13:03:57.763+0000][info][gc,heap     ] GC(100) Humongous regions: 5->5
[2024-08-28T13:03:57.763+0000][info][gc,metaspace] GC(100) Metaspace: 100K(320K)->100K(320K) NonClass: 96K(192K)->96K(192K) Class: 4K(128K)->4K(128K)
[2024-08-28T13:03:57.763+0000][info][gc          ] GC(100) Pause Young (Mixed) (G1 Evacuation Pause) 821M->805M(1024M) 12.899ms
[2024-08-28T13:03:57.764+0000][info][gc,cpu      ] GC(100) User=0.29s Sys=0.00s Real=0.01s
[2024-08-28T13:03:57.788+0000][info][gc,start    ] GC(101) Pause Young (Concurrent Start) (G1 Evacuation Pause)
[2024-08-28T13:03:57.788+0000][info][gc,task     ] GC(101) Using 24 workers of 68 for evacuation
[2024-08-28T13:03:57.800+0000][info][gc,phases   ] GC(101)   Pre Evacuate Collection Set: 0.2ms
[2024-08-28T13:03:57.800+0000][info][gc,phases   ] GC(101)   Merge Heap Roots: 0.6ms
[2024-08-28T13:03:57.800+0000][info][gc,phases   ] GC(101)   Evacuate Collection Set: 10.7ms
[2024-08-28T13:03:57.800+0000][info][gc,phases   ] GC(101)   Post Evacuate Collection Set: 0.3ms
[2024-08-28T13:03:57.800+0000][info][gc,phases   ] GC(101)   Other: 0.6ms
[2024-08-28T13:03:57.800+0000][info][gc,heap     ] GC(101) Eden regions: 44->0(44)
[2024-08-28T13:03:57.800+0000][info][gc,heap     ] GC(101) Survivor regions: 7->7(7)
[2024-08-28T13:03:57.800+0000][info][gc,heap     ] GC(101) Old regions: 793->839
[2024-08-28T13:03:57.800+0000][info][gc,heap     ] GC(101) Archive regions: 2->2
[2024-08-28T13:03:57.800+0000][info][gc,heap     ] GC(101) Humongous regions: 5->5
[2024-08-28T13:03:57.800+0000][info][gc,metaspace] GC(101) Metaspace: 100K(320K)->100K(320K) NonClass: 96K(192K)->96K(192K) Class: 4K(128K)->4K(128K)
[2024-08-28T13:03:57.800+0000][info][gc          ] GC(101) Pause Young (Concurrent Start) (G1 Evacuation Pause) 849M->851M(1024M) 12.401ms
[2024-08-28T13:03:57.800+0000][info][gc,cpu      ] GC(101) User=0.27s Sys=0.00s Real=0.02s
[2024-08-28T13:03:57.800+0000][info][gc          ] GC(102) Concurrent Mark Cycle
[2024-08-28T13:03:57.800+0000][info][gc,marking  ] GC(102) Concurrent Clear Claimed Marks
[2024-08-28T13:03:57.800+0000][info][gc,marking  ] GC(102) Concurrent Clear Claimed Marks 0.009ms
[2024-08-28T13:03:57.800+0000][info][gc,marking  ] GC(102) Concurrent Scan Root Regions
[2024-08-28T13:03:57.802+0000][info][gc,marking  ] GC(102) Concurrent Scan Root Regions 1.596ms
[2024-08-28T13:03:57.802+0000][info][gc,marking  ] GC(102) Concurrent Mark
[2024-08-28T13:03:57.802+0000][info][gc,marking  ] GC(102) Concurrent Mark From Roots
[2024-08-28T13:03:57.802+0000][info][gc,task     ] GC(102) Using 17 workers of 17 for marking
[2024-08-28T13:03:57.827+0000][info][gc,marking  ] GC(102) Concurrent Mark From Roots 24.980ms
[2024-08-28T13:03:57.827+0000][info][gc,marking  ] GC(102) Concurrent Preclean
[2024-08-28T13:03:57.828+0000][info][gc,marking  ] GC(102) Concurrent Preclean 0.505ms
[2024-08-28T13:03:57.828+0000][info][gc,start    ] GC(102) Pause Remark
[2024-08-28T13:03:57.829+0000][info][gc          ] GC(102) Pause Remark 877M->877M(1024M) 1.214ms
[2024-08-28T13:03:57.829+0000][info][gc,cpu      ] GC(102) User=0.00s Sys=0.00s Real=0.00s
[2024-08-28T13:03:57.829+0000][info][gc,marking  ] GC(102) Concurrent Mark 27.042ms
[2024-08-28T13:03:57.829+0000][info][gc,marking  ] GC(102) Concurrent Rebuild Remembered Sets
[2024-08-28T13:03:57.847+0000][info][gc,start    ] GC(103) Pause Young (Normal) (G1 Evacuation Pause)
[2024-08-28T13:03:57.847+0000][info][gc,task     ] GC(103) Using 24 workers of 68 for evacuation
[2024-08-28T13:03:57.858+0000][info][gc,phases   ] GC(103)   Pre Evacuate Collection Set: 0.1ms
[2024-08-28T13:03:57.858+0000][info][gc,phases   ] GC(103)   Merge Heap Roots: 0.3ms
[2024-08-28T13:03:57.858+0000][info][gc,phases   ] GC(103)   Evacuate Collection Set: 9.9ms
[2024-08-28T13:03:57.858+0000][info][gc,phases   ] GC(103)   Post Evacuate Collection Set: 0.5ms
[2024-08-28T13:03:57.858+0000][info][gc,phases   ] GC(103)   Other: 0.2ms
[2024-08-28T13:03:57.858+0000][info][gc,heap     ] GC(103) Eden regions: 44->0(44)
[2024-08-28T13:03:57.858+0000][info][gc,heap     ] GC(103) Survivor regions: 7->7(7)
[2024-08-28T13:03:57.858+0000][info][gc,heap     ] GC(103) Old regions: 839->885
[2024-08-28T13:03:57.858+0000][info][gc,heap     ] GC(103) Archive regions: 2->2
[2024-08-28T13:03:57.858+0000][info][gc,heap     ] GC(103) Humongous regions: 5->5
[2024-08-28T13:03:57.858+0000][info][gc,metaspace] GC(103) Metaspace: 100K(320K)->100K(320K) NonClass: 96K(192K)->96K(192K) Class: 4K(128K)->4K(128K)
[2024-08-28T13:03:57.858+0000][info][gc          ] GC(103) Pause Young (Normal) (G1 Evacuation Pause) 895M->897M(1024M) 11.140ms
[2024-08-28T13:03:57.858+0000][info][gc,cpu      ] GC(103) User=0.24s Sys=0.02s Real=0.02s
[2024-08-28T13:03:57.895+0000][info][gc,marking  ] GC(102) Concurrent Rebuild Remembered Sets 65.778ms
[2024-08-28T13:03:57.895+0000][info][gc,start    ] GC(102) Pause Cleanup
[2024-08-28T13:03:57.897+0000][info][gc          ] GC(102) Pause Cleanup 936M->936M(1024M) 1.759ms
[2024-08-28T13:03:57.897+0000][info][gc,cpu      ] GC(102) User=0.00s Sys=0.00s Real=0.00s
[2024-08-28T13:03:57.897+0000][info][gc,marking  ] GC(102) Concurrent Cleanup for Next Mark
[2024-08-28T13:03:57.898+0000][info][gc,marking  ] GC(102) Concurrent Cleanup for Next Mark 0.783ms
[2024-08-28T13:03:57.898+0000][info][gc          ] GC(102) Concurrent Mark Cycle 97.519ms
[2024-08-28T13:03:57.902+0000][info][gc,start    ] GC(104) Pause Young (Prepare Mixed) (G1 Evacuation Pause)
[2024-08-28T13:03:57.902+0000][info][gc,task     ] GC(104) Using 24 workers of 68 for evacuation
[2024-08-28T13:03:57.919+0000][info][gc,phases   ] GC(104)   Pre Evacuate Collection Set: 0.2ms
[2024-08-28T13:03:57.919+0000][info][gc,phases   ] GC(104)   Merge Heap Roots: 0.7ms
[2024-08-28T13:03:57.919+0000][info][gc,phases   ] GC(104)   Evacuate Collection Set: 15.7ms
[2024-08-28T13:03:57.919+0000][info][gc,phases   ] GC(104)   Post Evacuate Collection Set: 0.3ms
[2024-08-28T13:03:57.919+0000][info][gc,phases   ] GC(104)   Other: 0.2ms
[2024-08-28T13:03:57.919+0000][info][gc,heap     ] GC(104) Eden regions: 44->0(44)
[2024-08-28T13:03:57.919+0000][info][gc,heap     ] GC(104) Survivor regions: 7->7(7)
[2024-08-28T13:03:57.919+0000][info][gc,heap     ] GC(104) Old regions: 885->932
[2024-08-28T13:03:57.919+0000][info][gc,heap     ] GC(104) Archive regions: 2->2
[2024-08-28T13:03:57.919+0000][info][gc,heap     ] GC(104) Humongous regions: 5->5
[2024-08-28T13:03:57.919+0000][info][gc,metaspace] GC(104) Metaspace: 100K(320K)->100K(320K) NonClass: 96K(192K)->96K(192K) Class: 4K(128K)->4K(128K)
[2024-08-28T13:03:57.919+0000][info][gc          ] GC(104) Pause Young (Prepare Mixed) (G1 Evacuation Pause) 941M->944M(1024M) 17.119ms
[2024-08-28T13:03:57.919+0000][info][gc,cpu      ] GC(104) User=0.35s Sys=0.02s Real=0.02s
[2024-08-28T13:03:57.942+0000][info][gc,start    ] GC(105) Pause Young (Mixed) (G1 Preventive Collection)
[2024-08-28T13:03:57.942+0000][info][gc,task     ] GC(105) Using 24 workers of 68 for evacuation
[2024-08-28T13:03:57.954+0000][info][gc,phases   ] GC(105)   Pre Evacuate Collection Set: 0.2ms
[2024-08-28T13:03:57.954+0000][info][gc,phases   ] GC(105)   Merge Heap Roots: 0.6ms
[2024-08-28T13:03:57.954+0000][info][gc,phases   ] GC(105)   Evacuate Collection Set: 10.7ms
[2024-08-28T13:03:57.954+0000][info][gc,phases   ] GC(105)   Post Evacuate Collection Set: 0.4ms
[2024-08-28T13:03:57.954+0000][info][gc,phases   ] GC(105)   Other: 0.3ms
[2024-08-28T13:03:57.954+0000][info][gc,heap     ] GC(105) Eden regions: 33->0(44)
[2024-08-28T13:03:57.954+0000][info][gc,heap     ] GC(105) Survivor regions: 7->7(7)
[2024-08-28T13:03:57.954+0000][info][gc,heap     ] GC(105) Old regions: 932->865
[2024-08-28T13:03:57.954+0000][info][gc,heap     ] GC(105) Archive regions: 2->2
[2024-08-28T13:03:57.954+0000][info][gc,heap     ] GC(105) Humongous regions: 5->5
[2024-08-28T13:03:57.954+0000][info][gc,metaspace] GC(105) Metaspace: 100K(320K)->100K(320K) NonClass: 96K(192K)->96K(192K) Class: 4K(128K)->4K(128K)
[2024-08-28T13:03:57.954+0000][info][gc          ] GC(105) Pause Young (Mixed) (G1 Preventive Collection) 977M->877M(1024M) 12.243ms
[2024-08-28T13:03:57.954+0000][info][gc,cpu      ] GC(105) User=0.24s Sys=0.02s Real=0.01s
[2024-08-28T13:03:57.980+0000][info][gc,start    ] GC(106) Pause Young (Mixed) (G1 Evacuation Pause)
[2024-08-28T13:03:57.980+0000][info][gc,task     ] GC(106) Using 24 workers of 68 for evacuation
[2024-08-28T13:03:57.993+0000][info][gc,phases   ] GC(106)   Pre Evacuate Collection Set: 0.2ms
[2024-08-28T13:03:57.993+0000][info][gc,phases   ] GC(106)   Merge Heap Roots: 0.6ms
[2024-08-28T13:03:57.993+0000][info][gc,phases   ] GC(106)   Evacuate Collection Set: 11.7ms
[2024-08-28T13:03:57.993+0000][info][gc,phases   ] GC(106)   Post Evacuate Collection Set: 0.4ms
[2024-08-28T13:03:57.993+0000][info][gc,phases   ] GC(106)   Other: 0.3ms
[2024-08-28T13:03:57.993+0000][info][gc,heap     ] GC(106) Eden regions: 44->0(44)
[2024-08-28T13:03:57.993+0000][info][gc,heap     ] GC(106) Survivor regions: 7->7(7)
[2024-08-28T13:03:57.993+0000][info][gc,heap     ] GC(106) Old regions: 865->808
[2024-08-28T13:03:57.993+0000][info][gc,heap     ] GC(106) Archive regions: 2->2
[2024-08-28T13:03:57.993+0000][info][gc,heap     ] GC(106) Humongous regions: 5->5
[2024-08-28T13:03:57.993+0000][info][gc,metaspace] GC(106) Metaspace: 100K(320K)->100K(320K) NonClass: 96K(192K)->96K(192K) Class: 4K(128K)->4K(128K)
[2024-08-28T13:03:57.994+0000][info][gc          ] GC(106) Pause Young (Mixed) (G1 Evacuation Pause) 921M->820M(1024M) 13.313ms
[2024-08-28T13:03:57.994+0000][info][gc,cpu      ] GC(106) User=0.28s Sys=0.01s Real=0.01s
[2024-08-28T13:03:58.019+0000][info][gc,start    ] GC(107) Pause Young (Mixed) (G1 Evacuation Pause)
[2024-08-28T13:03:58.019+0000][info][gc,task     ] GC(107) Using 24 workers of 68 for evacuation
[2024-08-28T13:03:58.032+0000][info][gc,phases   ] GC(107)   Pre Evacuate Collection Set: 0.2ms
[2024-08-28T13:03:58.032+0000][info][gc,phases   ] GC(107)   Merge Heap Roots: 0.6ms
[2024-08-28T13:03:58.032+0000][info][gc,phases   ] GC(107)   Evacuate Collection Set: 11.8ms
[2024-08-28T13:03:58.032+0000][info][gc,phases   ] GC(107)   Post Evacuate Collection Set: 0.4ms
[2024-08-28T13:03:58.032+0000][info][gc,phases   ] GC(107)   Other: 0.2ms
[2024-08-28T13:03:58.032+0000][info][gc,heap     ] GC(107) Eden regions: 44->0(44)
[2024-08-28T13:03:58.032+0000][info][gc,heap     ] GC(107) Survivor regions: 7->7(7)
[2024-08-28T13:03:58.032+0000][info][gc,heap     ] GC(107) Old regions: 808->752
[2024-08-28T13:03:58.032+0000][info][gc,heap     ] GC(107) Archive regions: 2->2
[2024-08-28T13:03:58.032+0000][info][gc,heap     ] GC(107) Humongous regions: 5->5
[2024-08-28T13:03:58.032+0000][info][gc,metaspace] GC(107) Metaspace: 100K(320K)->100K(320K) NonClass: 96K(192K)->96K(192K) Class: 4K(128K)->4K(128K)
[2024-08-28T13:03:58.032+0000][info][gc          ] GC(107) Pause Young (Mixed) (G1 Evacuation Pause) 864M->764M(1024M) 13.220ms
[2024-08-28T13:03:58.032+0000][info][gc,cpu      ] GC(107) User=0.28s Sys=0.01s Real=0.01s
[2024-08-28T13:03:58.057+0000][info][gc,start    ] GC(108) Pause Young (Mixed) (G1 Evacuation Pause)
[2024-08-28T13:03:58.057+0000][info][gc,task     ] GC(108) Using 24 workers of 68 for evacuation
[2024-08-28T13:03:58.069+0000][info][gc,phases   ] GC(108)   Pre Evacuate Collection Set: 0.2ms
[2024-08-28T13:03:58.069+0000][info][gc,phases   ] GC(108)   Merge Heap Roots: 0.5ms
[2024-08-28T13:03:58.069+0000][info][gc,phases   ] GC(108)   Evacuate Collection Set: 10.8ms
[2024-08-28T13:03:58.069+0000][info][gc,phases   ] GC(108)   Post Evacuate Collection Set: 0.3ms
[2024-08-28T13:03:58.069+0000][info][gc,phases   ] GC(108)   Other: 0.2ms
[2024-08-28T13:03:58.069+0000][info][gc,heap     ] GC(108) Eden regions: 44->0(46)
[2024-08-28T13:03:58.069+0000][info][gc,heap     ] GC(108) Survivor regions: 7->7(7)
[2024-08-28T13:03:58.069+0000][info][gc,heap     ] GC(108) Old regions: 752->759
[2024-08-28T13:03:58.069+0000][info][gc,heap     ] GC(108) Archive regions: 2->2
[2024-08-28T13:03:58.069+0000][info][gc,heap     ] GC(108) Humongous regions: 5->5
[2024-08-28T13:03:58.069+0000][info][gc,metaspace] GC(108) Metaspace: 100K(320K)->100K(320K) NonClass: 96K(192K)->96K(192K) Class: 4K(128K)->4K(128K)
[2024-08-28T13:03:58.069+0000][info][gc          ] GC(108) Pause Young (Mixed) (G1 Evacuation Pause) 808M->771M(1024M) 12.075ms
[2024-08-28T13:03:58.069+0000][info][gc,cpu      ] GC(108) User=0.27s Sys=0.00s Real=0.01s
[2024-08-28T13:03:58.094+0000][info][gc,start    ] GC(109) Pause Young (Concurrent Start) (G1 Evacuation Pause)
[2024-08-28T13:03:58.094+0000][info][gc,task     ] GC(109) Using 24 workers of 68 for evacuation
[2024-08-28T13:03:58.107+0000][info][gc,phases   ] GC(109)   Pre Evacuate Collection Set: 0.1ms
[2024-08-28T13:03:58.107+0000][info][gc,phases   ] GC(109)   Merge Heap Roots: 0.6ms
[2024-08-28T13:03:58.107+0000][info][gc,phases   ] GC(109)   Evacuate Collection Set: 11.3ms
[2024-08-28T13:03:58.107+0000][info][gc,phases   ] GC(109)   Post Evacuate Collection Set: 0.3ms
[2024-08-28T13:03:58.107+0000][info][gc,phases   ] GC(109)   Other: 0.6ms
[2024-08-28T13:03:58.107+0000][info][gc,heap     ] GC(109) Eden regions: 46->0(44)
[2024-08-28T13:03:58.107+0000][info][gc,heap     ] GC(109) Survivor regions: 7->7(7)
[2024-08-28T13:03:58.107+0000][info][gc,heap     ] GC(109) Old regions: 759->808
[2024-08-28T13:03:58.107+0000][info][gc,heap     ] GC(109) Archive regions: 2->2
[2024-08-28T13:03:58.107+0000][info][gc,heap     ] GC(109) Humongous regions: 5->5
[2024-08-28T13:03:58.107+0000][info][gc,metaspace] GC(109) Metaspace: 100K(320K)->100K(320K) NonClass: 96K(192K)->96K(192K) Class: 4K(128K)->4K(128K)
[2024-08-28T13:03:58.107+0000][info][gc          ] GC(109) Pause Young (Concurrent Start) (G1 Evacuation Pause) 817M->820M(1024M) 13.018ms
[2024-08-28T13:03:58.107+0000][info][gc,cpu      ] GC(109) User=0.27s Sys=0.02s Real=0.01s
[2024-08-28T13:03:58.107+0000][info][gc          ] GC(110) Concurrent Mark Cycle
[2024-08-28T13:03:58.108+0000][info][gc,marking  ] GC(110) Concurrent Clear Claimed Marks
[2024-08-28T13:03:58.108+0000][info][gc,marking  ] GC(110) Concurrent Clear Claimed Marks 0.010ms
[2024-08-28T13:03:58.108+0000][info][gc,marking  ] GC(110) Concurrent Scan Root Regions
[2024-08-28T13:03:58.109+0000][info][gc,marking  ] GC(110) Concurrent Scan Root Regions 1.749ms
[2024-08-28T13:03:58.109+0000][info][gc,marking  ] GC(110) Concurrent Mark
[2024-08-28T13:03:58.109+0000][info][gc,marking  ] GC(110) Concurrent Mark From Roots
[2024-08-28T13:03:58.109+0000][info][gc,task     ] GC(110) Using 17 workers of 17 for marking
[2024-08-28T13:03:58.134+0000][info][gc,marking  ] GC(110) Concurrent Mark From Roots 24.748ms
[2024-08-28T13:03:58.134+0000][info][gc,marking  ] GC(110) Concurrent Preclean
[2024-08-28T13:03:58.135+0000][info][gc,marking  ] GC(110) Concurrent Preclean 0.502ms
[2024-08-28T13:03:58.135+0000][info][gc,start    ] GC(110) Pause Remark
[2024-08-28T13:03:58.136+0000][info][gc          ] GC(110) Pause Remark 846M->846M(1024M) 1.255ms
[2024-08-28T13:03:58.136+0000][info][gc,cpu      ] GC(110) User=0.00s Sys=0.00s Real=0.00s
[2024-08-28T13:03:58.136+0000][info][gc,marking  ] GC(110) Concurrent Mark 26.897ms
[2024-08-28T13:03:58.136+0000][info][gc,marking  ] GC(110) Concurrent Rebuild Remembered Sets
[2024-08-28T13:03:58.153+0000][info][gc,start    ] GC(111) Pause Young (Normal) (G1 Evacuation Pause)
[2024-08-28T13:03:58.153+0000][info][gc,task     ] GC(111) Using 24 workers of 68 for evacuation
[2024-08-28T13:03:58.164+0000][info][gc,phases   ] GC(111)   Pre Evacuate Collection Set: 0.2ms
[2024-08-28T13:03:58.164+0000][info][gc,phases   ] GC(111)   Merge Heap Roots: 0.3ms
[2024-08-28T13:03:58.164+0000][info][gc,phases   ] GC(111)   Evacuate Collection Set: 10.5ms
[2024-08-28T13:03:58.164+0000][info][gc,phases   ] GC(111)   Post Evacuate Collection Set: 0.4ms
[2024-08-28T13:03:58.164+0000][info][gc,phases   ] GC(111)   Other: 0.2ms
[2024-08-28T13:03:58.164+0000][info][gc,heap     ] GC(111) Eden regions: 44->0(44)
[2024-08-28T13:03:58.164+0000][info][gc,heap     ] GC(111) Survivor regions: 7->7(7)
[2024-08-28T13:03:58.164+0000][info][gc,heap     ] GC(111) Old regions: 808->854
[2024-08-28T13:03:58.164+0000][info][gc,heap     ] GC(111) Archive regions: 2->2
[2024-08-28T13:03:58.164+0000][info][gc,heap     ] GC(111) Humongous regions: 5->5
[2024-08-28T13:03:58.164+0000][info][gc,metaspace] GC(111) Metaspace: 100K(320K)->100K(320K) NonClass: 96K(192K)->96K(192K) Class: 4K(128K)->4K(128K)
[2024-08-28T13:03:58.164+0000][info][gc          ] GC(111) Pause Young (Normal) (G1 Evacuation Pause) 864M->866M(1024M) 11.686ms
[2024-08-28T13:03:58.164+0000][info][gc,cpu      ] GC(111) User=0.25s Sys=0.01s Real=0.01s
[2024-08-28T13:03:58.205+0000][info][gc,marking  ] GC(110) Concurrent Rebuild Remembered Sets 69.192ms
[2024-08-28T13:03:58.206+0000][info][gc,start    ] GC(110) Pause Cleanup
[2024-08-28T13:03:58.207+0000][info][gc          ] GC(110) Pause Cleanup 910M->910M(1024M) 1.542ms
[2024-08-28T13:03:58.207+0000][info][gc,cpu      ] GC(110) User=0.00s Sys=0.00s Real=0.00s
[2024-08-28T13:03:58.207+0000][info][gc,marking  ] GC(110) Concurrent Cleanup for Next Mark
[2024-08-28T13:03:58.208+0000][info][gc,marking  ] GC(110) Concurrent Cleanup for Next Mark 0.750ms
[2024-08-28T13:03:58.208+0000][info][gc,start    ] GC(112) Pause Young (Prepare Mixed) (G1 Evacuation Pause)
[2024-08-28T13:03:58.208+0000][info][gc,task     ] GC(112) Using 24 workers of 68 for evacuation
[2024-08-28T13:03:58.223+0000][info][gc,phases   ] GC(112)   Pre Evacuate Collection Set: 0.1ms
[2024-08-28T13:03:58.223+0000][info][gc,phases   ] GC(112)   Merge Heap Roots: 0.6ms
[2024-08-28T13:03:58.223+0000][info][gc,phases   ] GC(112)   Evacuate Collection Set: 14.0ms
[2024-08-28T13:03:58.223+0000][info][gc,phases   ] GC(112)   Post Evacuate Collection Set: 0.3ms
[2024-08-28T13:03:58.224+0000][info][gc,phases   ] GC(112)   Other: 0.2ms
[2024-08-28T13:03:58.224+0000][info][gc,heap     ] GC(112) Eden regions: 44->0(44)
[2024-08-28T13:03:58.224+0000][info][gc,heap     ] GC(112) Survivor regions: 7->7(7)
[2024-08-28T13:03:58.224+0000][info][gc,heap     ] GC(112) Old regions: 854->901
[2024-08-28T13:03:58.224+0000][info][gc,heap     ] GC(112) Archive regions: 2->2
[2024-08-28T13:03:58.224+0000][info][gc,heap     ] GC(112) Humongous regions: 5->5
[2024-08-28T13:03:58.224+0000][info][gc,metaspace] GC(112) Metaspace: 100K(320K)->100K(320K) NonClass: 96K(192K)->96K(192K) Class: 4K(128K)->4K(128K)
[2024-08-28T13:03:58.224+0000][info][gc          ] GC(112) Pause Young (Prepare Mixed) (G1 Evacuation Pause) 910M->913M(1024M) 15.374ms
[2024-08-28T13:03:58.224+0000][info][gc,cpu      ] GC(112) User=0.33s Sys=0.02s Real=0.02s
[2024-08-28T13:03:58.224+0000][info][gc          ] GC(110) Concurrent Mark Cycle 116.199ms
[2024-08-28T13:03:58.250+0000][info][gc,start    ] GC(113) Pause Young (Mixed) (G1 Evacuation Pause)
[2024-08-28T13:03:58.250+0000][info][gc,task     ] GC(113) Using 24 workers of 68 for evacuation
[2024-08-28T13:03:58.263+0000][info][gc,phases   ] GC(113)   Pre Evacuate Collection Set: 0.2ms
[2024-08-28T13:03:58.263+0000][info][gc,phases   ] GC(113)   Merge Heap Roots: 0.5ms
[2024-08-28T13:03:58.263+0000][info][gc,phases   ] GC(113)   Evacuate Collection Set: 12.2ms
[2024-08-28T13:03:58.263+0000][info][gc,phases   ] GC(113)   Post Evacuate Collection Set: 0.4ms
[2024-08-28T13:03:58.263+0000][info][gc,phases   ] GC(113)   Other: 0.3ms
[2024-08-28T13:03:58.263+0000][info][gc,heap     ] GC(113) Eden regions: 44->0(44)
[2024-08-28T13:03:58.263+0000][info][gc,heap     ] GC(113) Survivor regions: 7->7(7)
[2024-08-28T13:03:58.263+0000][info][gc,heap     ] GC(113) Old regions: 901->844
[2024-08-28T13:03:58.263+0000][info][gc,heap     ] GC(113) Archive regions: 2->2
[2024-08-28T13:03:58.263+0000][info][gc,heap     ] GC(113) Humongous regions: 5->5
[2024-08-28T13:03:58.263+0000][info][gc,metaspace] GC(113) Metaspace: 100K(320K)->100K(320K) NonClass: 96K(192K)->96K(192K) Class: 4K(128K)->4K(128K)
[2024-08-28T13:03:58.263+0000][info][gc          ] GC(113) Pause Young (Mixed) (G1 Evacuation Pause) 957M->856M(1024M) 13.703ms
[2024-08-28T13:03:58.263+0000][info][gc,cpu      ] GC(113) User=0.29s Sys=0.02s Real=0.01s
[2024-08-28T13:03:58.288+0000][info][gc,start    ] GC(114) Pause Young (Mixed) (G1 Evacuation Pause)
[2024-08-28T13:03:58.288+0000][info][gc,task     ] GC(114) Using 24 workers of 68 for evacuation
[2024-08-28T13:03:58.302+0000][info][gc,phases   ] GC(114)   Pre Evacuate Collection Set: 0.2ms
[2024-08-28T13:03:58.302+0000][info][gc,phases   ] GC(114)   Merge Heap Roots: 0.5ms
[2024-08-28T13:03:58.302+0000][info][gc,phases   ] GC(114)   Evacuate Collection Set: 12.0ms
[2024-08-28T13:03:58.302+0000][info][gc,phases   ] GC(114)   Post Evacuate Collection Set: 0.4ms
[2024-08-28T13:03:58.302+0000][info][gc,phases   ] GC(114)   Other: 0.2ms
[2024-08-28T13:03:58.302+0000][info][gc,heap     ] GC(114) Eden regions: 44->0(44)
[2024-08-28T13:03:58.302+0000][info][gc,heap     ] GC(114) Survivor regions: 7->7(7)
[2024-08-28T13:03:58.302+0000][info][gc,heap     ] GC(114) Old regions: 844->788
[2024-08-28T13:03:58.302+0000][info][gc,heap     ] GC(114) Archive regions: 2->2
[2024-08-28T13:03:58.302+0000][info][gc,heap     ] GC(114) Humongous regions: 5->5
[2024-08-28T13:03:58.302+0000][info][gc,metaspace] GC(114) Metaspace: 100K(320K)->100K(320K) NonClass: 96K(192K)->96K(192K) Class: 4K(128K)->4K(128K)
[2024-08-28T13:03:58.302+0000][info][gc          ] GC(114) Pause Young (Mixed) (G1 Evacuation Pause) 900M->800M(1024M) 13.459ms
[2024-08-28T13:03:58.302+0000][info][gc,cpu      ] GC(114) User=0.28s Sys=0.02s Real=0.02s
[2024-08-28T13:03:58.326+0000][info][gc,start    ] GC(115) Pause Young (Mixed) (G1 Evacuation Pause)
[2024-08-28T13:03:58.326+0000][info][gc,task     ] GC(115) Using 24 workers of 68 for evacuation
[2024-08-28T13:03:58.338+0000][info][gc,phases   ] GC(115)   Pre Evacuate Collection Set: 0.2ms
[2024-08-28T13:03:58.338+0000][info][gc,phases   ] GC(115)   Merge Heap Roots: 0.5ms
[2024-08-28T13:03:58.338+0000][info][gc,phases   ] GC(115)   Evacuate Collection Set: 11.4ms
[2024-08-28T13:03:58.338+0000][info][gc,phases   ] GC(115)   Post Evacuate Collection Set: 0.4ms
[2024-08-28T13:03:58.339+0000][info][gc,phases   ] GC(115)   Other: 0.3ms
[2024-08-28T13:03:58.339+0000][info][gc,heap     ] GC(115) Eden regions: 44->0(44)
[2024-08-28T13:03:58.339+0000][info][gc,heap     ] GC(115) Survivor regions: 7->7(7)
[2024-08-28T13:03:58.339+0000][info][gc,heap     ] GC(115) Old regions: 788->733
[2024-08-28T13:03:58.339+0000][info][gc,heap     ] GC(115) Archive regions: 2->2
[2024-08-28T13:03:58.339+0000][info][gc,heap     ] GC(115) Humongous regions: 5->5
[2024-08-28T13:03:58.339+0000][info][gc,metaspace] GC(115) Metaspace: 100K(320K)->100K(320K) NonClass: 96K(192K)->96K(192K) Class: 4K(128K)->4K(128K)
[2024-08-28T13:03:58.339+0000][info][gc          ] GC(115) Pause Young (Mixed) (G1 Evacuation Pause) 844M->745M(1024M) 12.927ms
[2024-08-28T13:03:58.339+0000][info][gc,cpu      ] GC(115) User=0.28s Sys=0.00s Real=0.02s
[2024-08-28T13:03:58.362+0000][info][gc,start    ] GC(116) Pause Young (Mixed) (G1 Evacuation Pause)
[2024-08-28T13:03:58.362+0000][info][gc,task     ] GC(116) Using 24 workers of 68 for evacuation
[2024-08-28T13:03:58.374+0000][info][gc,phases   ] GC(116)   Pre Evacuate Collection Set: 0.2ms
[2024-08-28T13:03:58.374+0000][info][gc,phases   ] GC(116)   Merge Heap Roots: 0.5ms
[2024-08-28T13:03:58.374+0000][info][gc,phases   ] GC(116)   Evacuate Collection Set: 11.1ms
[2024-08-28T13:03:58.374+0000][info][gc,phases   ] GC(116)   Post Evacuate Collection Set: 0.3ms
[2024-08-28T13:03:58.374+0000][info][gc,phases   ] GC(116)   Other: 0.3ms
[2024-08-28T13:03:58.374+0000][info][gc,heap     ] GC(116) Eden regions: 44->0(44)
[2024-08-28T13:03:58.374+0000][info][gc,heap     ] GC(116) Survivor regions: 7->7(7)
[2024-08-28T13:03:58.374+0000][info][gc,heap     ] GC(116) Old regions: 733->771
[2024-08-28T13:03:58.374+0000][info][gc,heap     ] GC(116) Archive regions: 2->2
[2024-08-28T13:03:58.374+0000][info][gc,heap     ] GC(116) Humongous regions: 5->5
[2024-08-28T13:03:58.374+0000][info][gc,metaspace] GC(116) Metaspace: 100K(320K)->100K(320K) NonClass: 96K(192K)->96K(192K) Class: 4K(128K)->4K(128K)
[2024-08-28T13:03:58.375+0000][info][gc          ] GC(116) Pause Young (Mixed) (G1 Evacuation Pause) 789M->783M(1024M) 12.487ms
[2024-08-28T13:03:58.375+0000][info][gc,cpu      ] GC(116) User=0.26s Sys=0.01s Real=0.01s
[2024-08-28T13:03:58.398+0000][info][gc,start    ] GC(117) Pause Young (Concurrent Start) (G1 Evacuation Pause)
[2024-08-28T13:03:58.398+0000][info][gc,task     ] GC(117) Using 24 workers of 68 for evacuation
[2024-08-28T13:03:58.410+0000][info][gc,phases   ] GC(117)   Pre Evacuate Collection Set: 0.2ms
[2024-08-28T13:03:58.410+0000][info][gc,phases   ] GC(117)   Merge Heap Roots: 0.6ms
[2024-08-28T13:03:58.410+0000][info][gc,phases   ] GC(117)   Evacuate Collection Set: 10.6ms
[2024-08-28T13:03:58.411+0000][info][gc,phases   ] GC(117)   Post Evacuate Collection Set: 0.3ms
[2024-08-28T13:03:58.411+0000][info][gc,phases   ] GC(117)   Other: 1.0ms
[2024-08-28T13:03:58.411+0000][info][gc,heap     ] GC(117) Eden regions: 44->0(44)
[2024-08-28T13:03:58.411+0000][info][gc,heap     ] GC(117) Survivor regions: 7->7(7)
[2024-08-28T13:03:58.411+0000][info][gc,heap     ] GC(117) Old regions: 771->818
[2024-08-28T13:03:58.411+0000][info][gc,heap     ] GC(117) Archive regions: 2->2
[2024-08-28T13:03:58.411+0000][info][gc,heap     ] GC(117) Humongous regions: 5->5
[2024-08-28T13:03:58.411+0000][info][gc,metaspace] GC(117) Metaspace: 100K(320K)->100K(320K) NonClass: 96K(192K)->96K(192K) Class: 4K(128K)->4K(128K)
[2024-08-28T13:03:58.411+0000][info][gc          ] GC(117) Pause Young (Concurrent Start) (G1 Evacuation Pause) 827M->830M(1024M) 12.782ms
[2024-08-28T13:03:58.411+0000][info][gc,cpu      ] GC(117) User=0.26s Sys=0.00s Real=0.01s
[2024-08-28T13:03:58.411+0000][info][gc          ] GC(118) Concurrent Mark Cycle
[2024-08-28T13:03:58.411+0000][info][gc,marking  ] GC(118) Concurrent Clear Claimed Marks
[2024-08-28T13:03:58.411+0000][info][gc,marking  ] GC(118) Concurrent Clear Claimed Marks 0.009ms
[2024-08-28T13:03:58.411+0000][info][gc,marking  ] GC(118) Concurrent Scan Root Regions
[2024-08-28T13:03:58.413+0000][info][gc,marking  ] GC(118) Concurrent Scan Root Regions 1.848ms
[2024-08-28T13:03:58.413+0000][info][gc,marking  ] GC(118) Concurrent Mark
[2024-08-28T13:03:58.413+0000][info][gc,marking  ] GC(118) Concurrent Mark From Roots
[2024-08-28T13:03:58.413+0000][info][gc,task     ] GC(118) Using 17 workers of 17 for marking
[2024-08-28T13:03:58.437+0000][info][gc,marking  ] GC(118) Concurrent Mark From Roots 24.624ms
[2024-08-28T13:03:58.437+0000][info][gc,marking  ] GC(118) Concurrent Preclean
[2024-08-28T13:03:58.438+0000][info][gc,marking  ] GC(118) Concurrent Preclean 0.697ms
[2024-08-28T13:03:58.438+0000][info][gc,start    ] GC(118) Pause Remark
[2024-08-28T13:03:58.440+0000][info][gc          ] GC(118) Pause Remark 857M->857M(1024M) 1.262ms
[2024-08-28T13:03:58.440+0000][info][gc,cpu      ] GC(118) User=0.00s Sys=0.00s Real=0.00s
[2024-08-28T13:03:58.440+0000][info][gc,marking  ] GC(118) Concurrent Mark 26.918ms
[2024-08-28T13:03:58.440+0000][info][gc,marking  ] GC(118) Concurrent Rebuild Remembered Sets
[2024-08-28T13:03:58.458+0000][info][gc,start    ] GC(119) Pause Young (Normal) (G1 Evacuation Pause)
[2024-08-28T13:03:58.458+0000][info][gc,task     ] GC(119) Using 24 workers of 68 for evacuation
[2024-08-28T13:03:58.469+0000][info][gc,phases   ] GC(119)   Pre Evacuate Collection Set: 0.1ms
[2024-08-28T13:03:58.469+0000][info][gc,phases   ] GC(119)   Merge Heap Roots: 0.3ms
[2024-08-28T13:03:58.469+0000][info][gc,phases   ] GC(119)   Evacuate Collection Set: 10.0ms
[2024-08-28T13:03:58.469+0000][info][gc,phases   ] GC(119)   Post Evacuate Collection Set: 0.4ms
[2024-08-28T13:03:58.469+0000][info][gc,phases   ] GC(119)   Other: 0.2ms
[2024-08-28T13:03:58.469+0000][info][gc,heap     ] GC(119) Eden regions: 44->0(44)
[2024-08-28T13:03:58.469+0000][info][gc,heap     ] GC(119) Survivor regions: 7->7(7)
[2024-08-28T13:03:58.469+0000][info][gc,heap     ] GC(119) Old regions: 818->864
[2024-08-28T13:03:58.469+0000][info][gc,heap     ] GC(119) Archive regions: 2->2
[2024-08-28T13:03:58.469+0000][info][gc,heap     ] GC(119) Humongous regions: 5->5
[2024-08-28T13:03:58.469+0000][info][gc,metaspace] GC(119) Metaspace: 100K(320K)->100K(320K) NonClass: 96K(192K)->96K(192K) Class: 4K(128K)->4K(128K)
[2024-08-28T13:03:58.469+0000][info][gc          ] GC(119) Pause Young (Normal) (G1 Evacuation Pause) 874M->876M(1024M) 11.237ms
[2024-08-28T13:03:58.469+0000][info][gc,cpu      ] GC(119) User=0.25s Sys=0.01s Real=0.00s
[2024-08-28T13:03:58.507+0000][info][gc,marking  ] GC(118) Concurrent Rebuild Remembered Sets 66.928ms
[2024-08-28T13:03:58.507+0000][info][gc,start    ] GC(118) Pause Cleanup
[2024-08-28T13:03:58.508+0000][info][gc          ] GC(118) Pause Cleanup 918M->918M(1024M) 1.447ms
[2024-08-28T13:03:58.508+0000][info][gc,cpu      ] GC(118) User=0.01s Sys=0.00s Real=0.00s
[2024-08-28T13:03:58.508+0000][info][gc,marking  ] GC(118) Concurrent Cleanup for Next Mark
[2024-08-28T13:03:58.509+0000][info][gc,marking  ] GC(118) Concurrent Cleanup for Next Mark 0.790ms
[2024-08-28T13:03:58.509+0000][info][gc          ] GC(118) Concurrent Mark Cycle 98.447ms
[2024-08-28T13:03:58.511+0000][info][gc,start    ] GC(120) Pause Young (Prepare Mixed) (G1 Evacuation Pause)
[2024-08-28T13:03:58.511+0000][info][gc,task     ] GC(120) Using 24 workers of 68 for evacuation
[2024-08-28T13:03:58.526+0000][info][gc,phases   ] GC(120)   Pre Evacuate Collection Set: 0.1ms
[2024-08-28T13:03:58.526+0000][info][gc,phases   ] GC(120)   Merge Heap Roots: 0.7ms
[2024-08-28T13:03:58.526+0000][info][gc,phases   ] GC(120)   Evacuate Collection Set: 13.4ms
[2024-08-28T13:03:58.526+0000][info][gc,phases   ] GC(120)   Post Evacuate Collection Set: 0.3ms
[2024-08-28T13:03:58.526+0000][info][gc,phases   ] GC(120)   Other: 0.2ms
[2024-08-28T13:03:58.526+0000][info][gc,heap     ] GC(120) Eden regions: 44->0(44)
[2024-08-28T13:03:58.526+0000][info][gc,heap     ] GC(120) Survivor regions: 7->7(7)
[2024-08-28T13:03:58.526+0000][info][gc,heap     ] GC(120) Old regions: 864->911
[2024-08-28T13:03:58.526+0000][info][gc,heap     ] GC(120) Archive regions: 2->2
[2024-08-28T13:03:58.526+0000][info][gc,heap     ] GC(120) Humongous regions: 5->5
[2024-08-28T13:03:58.526+0000][info][gc,metaspace] GC(120) Metaspace: 100K(320K)->100K(320K) NonClass: 96K(192K)->96K(192K) Class: 4K(128K)->4K(128K)
[2024-08-28T13:03:58.526+0000][info][gc          ] GC(120) Pause Young (Prepare Mixed) (G1 Evacuation Pause) 920M->923M(1024M) 14.827ms
[2024-08-28T13:03:58.526+0000][info][gc,cpu      ] GC(120) User=0.32s Sys=0.01s Real=0.01s
[2024-08-28T13:03:58.551+0000][info][gc,start    ] GC(121) Pause Young (Mixed) (G1 Preventive Collection)
[2024-08-28T13:03:58.551+0000][info][gc,task     ] GC(121) Using 24 workers of 68 for evacuation
[2024-08-28T13:03:58.563+0000][info][gc,phases   ] GC(121)   Pre Evacuate Collection Set: 0.2ms
[2024-08-28T13:03:58.563+0000][info][gc,phases   ] GC(121)   Merge Heap Roots: 0.5ms
[2024-08-28T13:03:58.563+0000][info][gc,phases   ] GC(121)   Evacuate Collection Set: 11.0ms
[2024-08-28T13:03:58.563+0000][info][gc,phases   ] GC(121)   Post Evacuate Collection Set: 0.4ms
[2024-08-28T13:03:58.563+0000][info][gc,phases   ] GC(121)   Other: 0.2ms
[2024-08-28T13:03:58.563+0000][info][gc,heap     ] GC(121) Eden regions: 43->0(44)
[2024-08-28T13:03:58.563+0000][info][gc,heap     ] GC(121) Survivor regions: 7->7(7)
[2024-08-28T13:03:58.563+0000][info][gc,heap     ] GC(121) Old regions: 911->853
[2024-08-28T13:03:58.563+0000][info][gc,heap     ] GC(121) Archive regions: 2->2
[2024-08-28T13:03:58.563+0000][info][gc,heap     ] GC(121) Humongous regions: 5->5
[2024-08-28T13:03:58.563+0000][info][gc,metaspace] GC(121) Metaspace: 100K(320K)->100K(320K) NonClass: 96K(192K)->96K(192K) Class: 4K(128K)->4K(128K)
[2024-08-28T13:03:58.563+0000][info][gc          ] GC(121) Pause Young (Mixed) (G1 Preventive Collection) 966M->865M(1024M) 12.491ms
[2024-08-28T13:03:58.563+0000][info][gc,cpu      ] GC(121) User=0.28s Sys=0.00s Real=0.01s
[2024-08-28T13:03:58.587+0000][info][gc,start    ] GC(122) Pause Young (Mixed) (G1 Evacuation Pause)
[2024-08-28T13:03:58.587+0000][info][gc,task     ] GC(122) Using 24 workers of 68 for evacuation
[2024-08-28T13:03:58.599+0000][info][gc,phases   ] GC(122)   Pre Evacuate Collection Set: 0.2ms
[2024-08-28T13:03:58.600+0000][info][gc,phases   ] GC(122)   Merge Heap Roots: 0.6ms
[2024-08-28T13:03:58.600+0000][info][gc,phases   ] GC(122)   Evacuate Collection Set: 11.2ms
[2024-08-28T13:03:58.600+0000][info][gc,phases   ] GC(122)   Post Evacuate Collection Set: 0.4ms
[2024-08-28T13:03:58.600+0000][info][gc,phases   ] GC(122)   Other: 0.2ms
[2024-08-28T13:03:58.600+0000][info][gc,heap     ] GC(122) Eden regions: 44->0(44)
[2024-08-28T13:03:58.600+0000][info][gc,heap     ] GC(122) Survivor regions: 7->7(7)
[2024-08-28T13:03:58.600+0000][info][gc,heap     ] GC(122) Old regions: 853->797
[2024-08-28T13:03:58.600+0000][info][gc,heap     ] GC(122) Archive regions: 2->2
[2024-08-28T13:03:58.600+0000][info][gc,heap     ] GC(122) Humongous regions: 5->5
[2024-08-28T13:03:58.600+0000][info][gc,metaspace] GC(122) Metaspace: 100K(320K)->100K(320K) NonClass: 96K(192K)->96K(192K) Class: 4K(128K)->4K(128K)
[2024-08-28T13:03:58.600+0000][info][gc          ] GC(122) Pause Young (Mixed) (G1 Evacuation Pause) 909M->809M(1024M) 12.758ms
[2024-08-28T13:03:58.600+0000][info][gc,cpu      ] GC(122) User=0.29s Sys=0.00s Real=0.02s
[2024-08-28T13:03:58.623+0000][info][gc,start    ] GC(123) Pause Young (Mixed) (G1 Evacuation Pause)
[2024-08-28T13:03:58.624+0000][info][gc,task     ] GC(123) Using 24 workers of 68 for evacuation
[2024-08-28T13:03:58.636+0000][info][gc,phases   ] GC(123)   Pre Evacuate Collection Set: 0.2ms
[2024-08-28T13:03:58.636+0000][info][gc,phases   ] GC(123)   Merge Heap Roots: 0.5ms
[2024-08-28T13:03:58.636+0000][info][gc,phases   ] GC(123)   Evacuate Collection Set: 11.2ms
[2024-08-28T13:03:58.636+0000][info][gc,phases   ] GC(123)   Post Evacuate Collection Set: 0.4ms
[2024-08-28T13:03:58.636+0000][info][gc,phases   ] GC(123)   Other: 0.3ms
[2024-08-28T13:03:58.636+0000][info][gc,heap     ] GC(123) Eden regions: 44->0(44)
[2024-08-28T13:03:58.636+0000][info][gc,heap     ] GC(123) Survivor regions: 7->7(7)
[2024-08-28T13:03:58.636+0000][info][gc,heap     ] GC(123) Old regions: 797->742
[2024-08-28T13:03:58.636+0000][info][gc,heap     ] GC(123) Archive regions: 2->2
[2024-08-28T13:03:58.636+0000][info][gc,heap     ] GC(123) Humongous regions: 5->5
[2024-08-28T13:03:58.636+0000][info][gc,metaspace] GC(123) Metaspace: 100K(320K)->100K(320K) NonClass: 96K(192K)->96K(192K) Class: 4K(128K)->4K(128K)
[2024-08-28T13:03:58.636+0000][info][gc          ] GC(123) Pause Young (Mixed) (G1 Evacuation Pause) 853M->754M(1024M) 12.750ms
[2024-08-28T13:03:58.636+0000][info][gc,cpu      ] GC(123) User=0.28s Sys=0.00s Real=0.01s
[2024-08-28T13:03:58.660+0000][info][gc,start    ] GC(124) Pause Young (Mixed) (G1 Evacuation Pause)
[2024-08-28T13:03:58.660+0000][info][gc,task     ] GC(124) Using 24 workers of 68 for evacuation
[2024-08-28T13:03:58.673+0000][info][gc,phases   ] GC(124)   Pre Evacuate Collection Set: 0.1ms
[2024-08-28T13:03:58.673+0000][info][gc,phases   ] GC(124)   Merge Heap Roots: 0.5ms
[2024-08-28T13:03:58.673+0000][info][gc,phases   ] GC(124)   Evacuate Collection Set: 11.1ms
[2024-08-28T13:03:58.673+0000][info][gc,phases   ] GC(124)   Post Evacuate Collection Set: 0.3ms
[2024-08-28T13:03:58.673+0000][info][gc,phases   ] GC(124)   Other: 0.2ms
[2024-08-28T13:03:58.673+0000][info][gc,heap     ] GC(124) Eden regions: 44->0(44)
[2024-08-28T13:03:58.673+0000][info][gc,heap     ] GC(124) Survivor regions: 7->7(7)
[2024-08-28T13:03:58.673+0000][info][gc,heap     ] GC(124) Old regions: 742->772
[2024-08-28T13:03:58.673+0000][info][gc,heap     ] GC(124) Archive regions: 2->2
[2024-08-28T13:03:58.673+0000][info][gc,heap     ] GC(124) Humongous regions: 5->5
[2024-08-28T13:03:58.673+0000][info][gc,metaspace] GC(124) Metaspace: 100K(320K)->100K(320K) NonClass: 96K(192K)->96K(192K) Class: 4K(128K)->4K(128K)
[2024-08-28T13:03:58.673+0000][info][gc          ] GC(124) Pause Young (Mixed) (G1 Evacuation Pause) 798M->784M(1024M) 12.374ms
[2024-08-28T13:03:58.673+0000][info][gc,cpu      ] GC(124) User=0.28s Sys=0.00s Real=0.01s
[2024-08-28T13:03:58.697+0000][info][gc,start    ] GC(125) Pause Young (Concurrent Start) (G1 Evacuation Pause)
[2024-08-28T13:03:58.697+0000][info][gc,task     ] GC(125) Using 24 workers of 68 for evacuation
[2024-08-28T13:03:58.710+0000][info][gc,phases   ] GC(125)   Pre Evacuate Collection Set: 0.2ms
[2024-08-28T13:03:58.710+0000][info][gc,phases   ] GC(125)   Merge Heap Roots: 0.6ms
[2024-08-28T13:03:58.710+0000][info][gc,phases   ] GC(125)   Evacuate Collection Set: 10.6ms
[2024-08-28T13:03:58.710+0000][info][gc,phases   ] GC(125)   Post Evacuate Collection Set: 0.4ms
[2024-08-28T13:03:58.710+0000][info][gc,phases   ] GC(125)   Other: 0.9ms
[2024-08-28T13:03:58.710+0000][info][gc,heap     ] GC(125) Eden regions: 44->0(44)
[2024-08-28T13:03:58.710+0000][info][gc,heap     ] GC(125) Survivor regions: 7->7(7)
[2024-08-28T13:03:58.710+0000][info][gc,heap     ] GC(125) Old regions: 772->819
[2024-08-28T13:03:58.710+0000][info][gc,heap     ] GC(125) Archive regions: 2->2
[2024-08-28T13:03:58.710+0000][info][gc,heap     ] GC(125) Humongous regions: 5->5
[2024-08-28T13:03:58.710+0000][info][gc,metaspace] GC(125) Metaspace: 100K(320K)->100K(320K) NonClass: 96K(192K)->96K(192K) Class: 4K(128K)->4K(128K)
[2024-08-28T13:03:58.710+0000][info][gc          ] GC(125) Pause Young (Concurrent Start) (G1 Evacuation Pause) 828M->831M(1024M) 12.779ms
[2024-08-28T13:03:58.710+0000][info][gc,cpu      ] GC(125) User=0.26s Sys=0.01s Real=0.02s
[2024-08-28T13:03:58.710+0000][info][gc          ] GC(126) Concurrent Mark Cycle
[2024-08-28T13:03:58.710+0000][info][gc,marking  ] GC(126) Concurrent Clear Claimed Marks
[2024-08-28T13:03:58.710+0000][info][gc,marking  ] GC(126) Concurrent Clear Claimed Marks 0.013ms
[2024-08-28T13:03:58.710+0000][info][gc,marking  ] GC(126) Concurrent Scan Root Regions
[2024-08-28T13:03:58.712+0000][info][gc,marking  ] GC(126) Concurrent Scan Root Regions 1.704ms
[2024-08-28T13:03:58.712+0000][info][gc,marking  ] GC(126) Concurrent Mark
[2024-08-28T13:03:58.712+0000][info][gc,marking  ] GC(126) Concurrent Mark From Roots
[2024-08-28T13:03:58.712+0000][info][gc,task     ] GC(126) Using 17 workers of 17 for marking
[2024-08-28T13:03:58.737+0000][info][gc,marking  ] GC(126) Concurrent Mark From Roots 24.599ms
[2024-08-28T13:03:58.737+0000][info][gc,marking  ] GC(126) Concurrent Preclean
[2024-08-28T13:03:58.737+0000][info][gc,marking  ] GC(126) Concurrent Preclean 0.503ms
[2024-08-28T13:03:58.737+0000][info][gc,start    ] GC(126) Pause Remark
[2024-08-28T13:03:58.739+0000][info][gc          ] GC(126) Pause Remark 857M->857M(1024M) 1.236ms
[2024-08-28T13:03:58.739+0000][info][gc,cpu      ] GC(126) User=0.00s Sys=0.01s Real=0.01s
[2024-08-28T13:03:58.739+0000][info][gc,marking  ] GC(126) Concurrent Mark 26.675ms
[2024-08-28T13:03:58.739+0000][info][gc,marking  ] GC(126) Concurrent Rebuild Remembered Sets
[2024-08-28T13:03:58.755+0000][info][gc,start    ] GC(127) Pause Young (Normal) (G1 Evacuation Pause)
[2024-08-28T13:03:58.755+0000][info][gc,task     ] GC(127) Using 24 workers of 68 for evacuation
[2024-08-28T13:03:58.766+0000][info][gc,phases   ] GC(127)   Pre Evacuate Collection Set: 0.1ms
[2024-08-28T13:03:58.766+0000][info][gc,phases   ] GC(127)   Merge Heap Roots: 0.3ms
[2024-08-28T13:03:58.766+0000][info][gc,phases   ] GC(127)   Evacuate Collection Set: 9.9ms
[2024-08-28T13:03:58.766+0000][info][gc,phases   ] GC(127)   Post Evacuate Collection Set: 0.4ms
[2024-08-28T13:03:58.766+0000][info][gc,phases   ] GC(127)   Other: 0.2ms
[2024-08-28T13:03:58.766+0000][info][gc,heap     ] GC(127) Eden regions: 44->0(44)
[2024-08-28T13:03:58.766+0000][info][gc,heap     ] GC(127) Survivor regions: 7->7(7)
[2024-08-28T13:03:58.766+0000][info][gc,heap     ] GC(127) Old regions: 819->865
[2024-08-28T13:03:58.766+0000][info][gc,heap     ] GC(127) Archive regions: 2->2
[2024-08-28T13:03:58.766+0000][info][gc,heap     ] GC(127) Humongous regions: 5->5
[2024-08-28T13:03:58.766+0000][info][gc,metaspace] GC(127) Metaspace: 100K(320K)->100K(320K) NonClass: 96K(192K)->96K(192K) Class: 4K(128K)->4K(128K)
[2024-08-28T13:03:58.766+0000][info][gc          ] GC(127) Pause Young (Normal) (G1 Evacuation Pause) 875M->877M(1024M) 11.034ms
[2024-08-28T13:03:58.766+0000][info][gc,cpu      ] GC(127) User=0.24s Sys=0.02s Real=0.01s
[2024-08-28T13:03:58.804+0000][info][gc,marking  ] GC(126) Concurrent Rebuild Remembered Sets 65.275ms
[2024-08-28T13:03:58.804+0000][info][gc,start    ] GC(126) Pause Cleanup
[2024-08-28T13:03:58.806+0000][info][gc          ] GC(126) Pause Cleanup 917M->917M(1024M) 1.480ms
[2024-08-28T13:03:58.806+0000][info][gc,cpu      ] GC(126) User=0.00s Sys=0.00s Real=0.00s
[2024-08-28T13:03:58.806+0000][info][gc,marking  ] GC(126) Concurrent Cleanup for Next Mark
[2024-08-28T13:03:58.807+0000][info][gc,marking  ] GC(126) Concurrent Cleanup for Next Mark 0.761ms
[2024-08-28T13:03:58.807+0000][info][gc          ] GC(126) Concurrent Mark Cycle 96.354ms
[2024-08-28T13:03:58.809+0000][info][gc,start    ] GC(128) Pause Young (Prepare Mixed) (G1 Evacuation Pause)
[2024-08-28T13:03:58.809+0000][info][gc,task     ] GC(128) Using 24 workers of 68 for evacuation
[2024-08-28T13:03:58.825+0000][info][gc,phases   ] GC(128)   Pre Evacuate Collection Set: 0.1ms
[2024-08-28T13:03:58.825+0000][info][gc,phases   ] GC(128)   Merge Heap Roots: 0.8ms
[2024-08-28T13:03:58.825+0000][info][gc,phases   ] GC(128)   Evacuate Collection Set: 14.5ms
[2024-08-28T13:03:58.825+0000][info][gc,phases   ] GC(128)   Post Evacuate Collection Set: 0.3ms
[2024-08-28T13:03:58.825+0000][info][gc,phases   ] GC(128)   Other: 0.2ms
[2024-08-28T13:03:58.825+0000][info][gc,heap     ] GC(128) Eden regions: 44->0(44)
[2024-08-28T13:03:58.825+0000][info][gc,heap     ] GC(128) Survivor regions: 7->7(7)
[2024-08-28T13:03:58.825+0000][info][gc,heap     ] GC(128) Old regions: 865->912
[2024-08-28T13:03:58.825+0000][info][gc,heap     ] GC(128) Archive regions: 2->2
[2024-08-28T13:03:58.825+0000][info][gc,heap     ] GC(128) Humongous regions: 5->5
[2024-08-28T13:03:58.825+0000][info][gc,metaspace] GC(128) Metaspace: 100K(320K)->100K(320K) NonClass: 96K(192K)->96K(192K) Class: 4K(128K)->4K(128K)
[2024-08-28T13:03:58.825+0000][info][gc          ] GC(128) Pause Young (Prepare Mixed) (G1 Evacuation Pause) 921M->924M(1024M) 16.029ms
[2024-08-28T13:03:58.825+0000][info][gc,cpu      ] GC(128) User=0.35s Sys=0.02s Real=0.02s
[2024-08-28T13:03:58.850+0000][info][gc,start    ] GC(129) Pause Young (Mixed) (G1 Preventive Collection)
[2024-08-28T13:03:58.850+0000][info][gc,task     ] GC(129) Using 24 workers of 68 for evacuation
[2024-08-28T13:03:58.863+0000][info][gc,phases   ] GC(129)   Pre Evacuate Collection Set: 0.2ms
[2024-08-28T13:03:58.863+0000][info][gc,phases   ] GC(129)   Merge Heap Roots: 0.6ms
[2024-08-28T13:03:58.863+0000][info][gc,phases   ] GC(129)   Evacuate Collection Set: 11.7ms
[2024-08-28T13:03:58.863+0000][info][gc,phases   ] GC(129)   Post Evacuate Collection Set: 0.4ms
[2024-08-28T13:03:58.863+0000][info][gc,phases   ] GC(129)   Other: 0.3ms
[2024-08-28T13:03:58.863+0000][info][gc,heap     ] GC(129) Eden regions: 43->0(44)
[2024-08-28T13:03:58.863+0000][info][gc,heap     ] GC(129) Survivor regions: 7->7(7)
[2024-08-28T13:03:58.863+0000][info][gc,heap     ] GC(129) Old regions: 912->855
[2024-08-28T13:03:58.863+0000][info][gc,heap     ] GC(129) Archive regions: 2->2
[2024-08-28T13:03:58.863+0000][info][gc,heap     ] GC(129) Humongous regions: 5->5
[2024-08-28T13:03:58.863+0000][info][gc,metaspace] GC(129) Metaspace: 100K(320K)->100K(320K) NonClass: 96K(192K)->96K(192K) Class: 4K(128K)->4K(128K)
[2024-08-28T13:03:58.863+0000][info][gc          ] GC(129) Pause Young (Mixed) (G1 Preventive Collection) 967M->867M(1024M) 13.201ms
[2024-08-28T13:03:58.863+0000][info][gc,cpu      ] GC(129) User=0.29s Sys=0.01s Real=0.01s
[2024-08-28T13:03:58.888+0000][info][gc,start    ] GC(130) Pause Young (Mixed) (G1 Evacuation Pause)
[2024-08-28T13:03:58.888+0000][info][gc,task     ] GC(130) Using 24 workers of 68 for evacuation
[2024-08-28T13:03:58.901+0000][info][gc,phases   ] GC(130)   Pre Evacuate Collection Set: 0.2ms
[2024-08-28T13:03:58.901+0000][info][gc,phases   ] GC(130)   Merge Heap Roots: 0.6ms
[2024-08-28T13:03:58.901+0000][info][gc,phases   ] GC(130)   Evacuate Collection Set: 11.6ms
[2024-08-28T13:03:58.901+0000][info][gc,phases   ] GC(130)   Post Evacuate Collection Set: 0.5ms
[2024-08-28T13:03:58.901+0000][info][gc,phases   ] GC(130)   Other: 0.2ms
[2024-08-28T13:03:58.901+0000][info][gc,heap     ] GC(130) Eden regions: 44->0(44)
[2024-08-28T13:03:58.901+0000][info][gc,heap     ] GC(130) Survivor regions: 7->7(7)
[2024-08-28T13:03:58.901+0000][info][gc,heap     ] GC(130) Old regions: 855->799
[2024-08-28T13:03:58.901+0000][info][gc,heap     ] GC(130) Archive regions: 2->2
[2024-08-28T13:03:58.901+0000][info][gc,heap     ] GC(130) Humongous regions: 5->5
[2024-08-28T13:03:58.901+0000][info][gc,metaspace] GC(130) Metaspace: 100K(320K)->100K(320K) NonClass: 96K(192K)->96K(192K) Class: 4K(128K)->4K(128K)
[2024-08-28T13:03:58.901+0000][info][gc          ] GC(130) Pause Young (Mixed) (G1 Evacuation Pause) 911M->811M(1024M) 13.172ms
[2024-08-28T13:03:58.901+0000][info][gc,cpu      ] GC(130) User=0.30s Sys=0.00s Real=0.02s
[2024-08-28T13:03:58.925+0000][info][gc,start    ] GC(131) Pause Young (Mixed) (G1 Evacuation Pause)
[2024-08-28T13:03:58.925+0000][info][gc,task     ] GC(131) Using 24 workers of 68 for evacuation
[2024-08-28T13:03:58.937+0000][info][gc,phases   ] GC(131)   Pre Evacuate Collection Set: 0.2ms
[2024-08-28T13:03:58.937+0000][info][gc,phases   ] GC(131)   Merge Heap Roots: 0.6ms
[2024-08-28T13:03:58.937+0000][info][gc,phases   ] GC(131)   Evacuate Collection Set: 11.4ms
[2024-08-28T13:03:58.937+0000][info][gc,phases   ] GC(131)   Post Evacuate Collection Set: 0.3ms
[2024-08-28T13:03:58.937+0000][info][gc,phases   ] GC(131)   Other: 0.3ms
[2024-08-28T13:03:58.937+0000][info][gc,heap     ] GC(131) Eden regions: 44->0(44)
[2024-08-28T13:03:58.937+0000][info][gc,heap     ] GC(131) Survivor regions: 7->7(7)
[2024-08-28T13:03:58.937+0000][info][gc,heap     ] GC(131) Old regions: 799->744
[2024-08-28T13:03:58.937+0000][info][gc,heap     ] GC(131) Archive regions: 2->2
[2024-08-28T13:03:58.937+0000][info][gc,heap     ] GC(131) Humongous regions: 5->5
[2024-08-28T13:03:58.937+0000][info][gc,metaspace] GC(131) Metaspace: 100K(320K)->100K(320K) NonClass: 96K(192K)->96K(192K) Class: 4K(128K)->4K(128K)
[2024-08-28T13:03:58.937+0000][info][gc          ] GC(131) Pause Young (Mixed) (G1 Evacuation Pause) 855M->756M(1024M) 12.859ms
[2024-08-28T13:03:58.937+0000][info][gc,cpu      ] GC(131) User=0.28s Sys=0.00s Real=0.02s
[2024-08-28T13:03:58.961+0000][info][gc,start    ] GC(132) Pause Young (Mixed) (G1 Evacuation Pause)
[2024-08-28T13:03:58.961+0000][info][gc,task     ] GC(132) Using 24 workers of 68 for evacuation
[2024-08-28T13:03:58.974+0000][info][gc,phases   ] GC(132)   Pre Evacuate Collection Set: 0.2ms
[2024-08-28T13:03:58.974+0000][info][gc,phases   ] GC(132)   Merge Heap Roots: 0.4ms
[2024-08-28T13:03:58.974+0000][info][gc,phases   ] GC(132)   Evacuate Collection Set: 11.3ms
[2024-08-28T13:03:58.974+0000][info][gc,phases   ] GC(132)   Post Evacuate Collection Set: 0.3ms
[2024-08-28T13:03:58.974+0000][info][gc,phases   ] GC(132)   Other: 0.2ms
[2024-08-28T13:03:58.974+0000][info][gc,heap     ] GC(132) Eden regions: 44->0(44)
[2024-08-28T13:03:58.974+0000][info][gc,heap     ] GC(132) Survivor regions: 7->7(7)
[2024-08-28T13:03:58.974+0000][info][gc,heap     ] GC(132) Old regions: 744->773
[2024-08-28T13:03:58.974+0000][info][gc,heap     ] GC(132) Archive regions: 2->2
[2024-08-28T13:03:58.974+0000][info][gc,heap     ] GC(132) Humongous regions: 5->5
[2024-08-28T13:03:58.974+0000][info][gc,metaspace] GC(132) Metaspace: 100K(320K)->100K(320K) NonClass: 96K(192K)->96K(192K) Class: 4K(128K)->4K(128K)
[2024-08-28T13:03:58.974+0000][info][gc          ] GC(132) Pause Young (Mixed) (G1 Evacuation Pause) 800M->785M(1024M) 12.554ms
[2024-08-28T13:03:58.974+0000][info][gc,cpu      ] GC(132) User=0.27s Sys=0.01s Real=0.01s
[2024-08-28T13:03:58.997+0000][info][gc,start    ] GC(133) Pause Young (Concurrent Start) (G1 Evacuation Pause)
[2024-08-28T13:03:58.997+0000][info][gc,task     ] GC(133) Using 24 workers of 68 for evacuation
[2024-08-28T13:03:59.009+0000][info][gc,phases   ] GC(133)   Pre Evacuate Collection Set: 0.1ms
[2024-08-28T13:03:59.009+0000][info][gc,phases   ] GC(133)   Merge Heap Roots: 0.5ms
[2024-08-28T13:03:59.009+0000][info][gc,phases   ] GC(133)   Evacuate Collection Set: 10.5ms
[2024-08-28T13:03:59.009+0000][info][gc,phases   ] GC(133)   Post Evacuate Collection Set: 0.3ms
[2024-08-28T13:03:59.009+0000][info][gc,phases   ] GC(133)   Other: 0.7ms
[2024-08-28T13:03:59.009+0000][info][gc,heap     ] GC(133) Eden regions: 44->0(44)
[2024-08-28T13:03:59.009+0000][info][gc,heap     ] GC(133) Survivor regions: 7->7(7)
[2024-08-28T13:03:59.009+0000][info][gc,heap     ] GC(133) Old regions: 773->819
[2024-08-28T13:03:59.009+0000][info][gc,heap     ] GC(133) Archive regions: 2->2
[2024-08-28T13:03:59.009+0000][info][gc,heap     ] GC(133) Humongous regions: 5->5
[2024-08-28T13:03:59.009+0000][info][gc,metaspace] GC(133) Metaspace: 100K(320K)->100K(320K) NonClass: 96K(192K)->96K(192K) Class: 4K(128K)->4K(128K)
[2024-08-28T13:03:59.009+0000][info][gc          ] GC(133) Pause Young (Concurrent Start) (G1 Evacuation Pause) 829M->831M(1024M) 12.273ms
[2024-08-28T13:03:59.009+0000][info][gc,cpu      ] GC(133) User=0.26s Sys=0.00s Real=0.01s
[2024-08-28T13:03:59.009+0000][info][gc          ] GC(134) Concurrent Mark Cycle
[2024-08-28T13:03:59.009+0000][info][gc,marking  ] GC(134) Concurrent Clear Claimed Marks
[2024-08-28T13:03:59.009+0000][info][gc,marking  ] GC(134) Concurrent Clear Claimed Marks 0.009ms
[2024-08-28T13:03:59.009+0000][info][gc,marking  ] GC(134) Concurrent Scan Root Regions
[2024-08-28T13:03:59.011+0000][info][gc,marking  ] GC(134) Concurrent Scan Root Regions 1.653ms
[2024-08-28T13:03:59.011+0000][info][gc,marking  ] GC(134) Concurrent Mark
[2024-08-28T13:03:59.011+0000][info][gc,marking  ] GC(134) Concurrent Mark From Roots
[2024-08-28T13:03:59.011+0000][info][gc,task     ] GC(134) Using 17 workers of 17 for marking
[2024-08-28T13:03:59.036+0000][info][gc,marking  ] GC(134) Concurrent Mark From Roots 24.351ms
[2024-08-28T13:03:59.036+0000][info][gc,marking  ] GC(134) Concurrent Preclean
[2024-08-28T13:03:59.036+0000][info][gc,marking  ] GC(134) Concurrent Preclean 0.505ms
[2024-08-28T13:03:59.036+0000][info][gc,start    ] GC(134) Pause Remark
[2024-08-28T13:03:59.038+0000][info][gc          ] GC(134) Pause Remark 857M->857M(1024M) 1.303ms
[2024-08-28T13:03:59.038+0000][info][gc,cpu      ] GC(134) User=0.00s Sys=0.01s Real=0.01s
[2024-08-28T13:03:59.038+0000][info][gc,marking  ] GC(134) Concurrent Mark 26.486ms
[2024-08-28T13:03:59.038+0000][info][gc,marking  ] GC(134) Concurrent Rebuild Remembered Sets
[2024-08-28T13:03:59.056+0000][info][gc,start    ] GC(135) Pause Young (Normal) (G1 Evacuation Pause)
[2024-08-28T13:03:59.056+0000][info][gc,task     ] GC(135) Using 24 workers of 68 for evacuation
[2024-08-28T13:03:59.067+0000][info][gc,phases   ] GC(135)   Pre Evacuate Collection Set: 0.1ms
[2024-08-28T13:03:59.067+0000][info][gc,phases   ] GC(135)   Merge Heap Roots: 0.3ms
[2024-08-28T13:03:59.067+0000][info][gc,phases   ] GC(135)   Evacuate Collection Set: 9.9ms
[2024-08-28T13:03:59.067+0000][info][gc,phases   ] GC(135)   Post Evacuate Collection Set: 0.4ms
[2024-08-28T13:03:59.067+0000][info][gc,phases   ] GC(135)   Other: 0.2ms
[2024-08-28T13:03:59.067+0000][info][gc,heap     ] GC(135) Eden regions: 44->0(44)
[2024-08-28T13:03:59.067+0000][info][gc,heap     ] GC(135) Survivor regions: 7->7(7)
[2024-08-28T13:03:59.067+0000][info][gc,heap     ] GC(135) Old regions: 819->865
[2024-08-28T13:03:59.067+0000][info][gc,heap     ] GC(135) Archive regions: 2->2
[2024-08-28T13:03:59.067+0000][info][gc,heap     ] GC(135) Humongous regions: 5->5
[2024-08-28T13:03:59.067+0000][info][gc,metaspace] GC(135) Metaspace: 100K(320K)->100K(320K) NonClass: 96K(192K)->96K(192K) Class: 4K(128K)->4K(128K)
[2024-08-28T13:03:59.067+0000][info][gc          ] GC(135) Pause Young (Normal) (G1 Evacuation Pause) 875M->877M(1024M) 11.007ms
[2024-08-28T13:03:59.067+0000][info][gc,cpu      ] GC(135) User=0.25s Sys=0.00s Real=0.01s
[2024-08-28T13:03:59.104+0000][info][gc,marking  ] GC(134) Concurrent Rebuild Remembered Sets 66.213ms
[2024-08-28T13:03:59.104+0000][info][gc,start    ] GC(134) Pause Cleanup
[2024-08-28T13:03:59.106+0000][info][gc          ] GC(134) Pause Cleanup 918M->918M(1024M) 1.525ms
[2024-08-28T13:03:59.106+0000][info][gc,cpu      ] GC(134) User=0.00s Sys=0.00s Real=0.00s
[2024-08-28T13:03:59.106+0000][info][gc,marking  ] GC(134) Concurrent Cleanup for Next Mark
[2024-08-28T13:03:59.107+0000][info][gc,marking  ] GC(134) Concurrent Cleanup for Next Mark 0.813ms
[2024-08-28T13:03:59.107+0000][info][gc          ] GC(134) Concurrent Mark Cycle 97.204ms
[2024-08-28T13:03:59.109+0000][info][gc,start    ] GC(136) Pause Young (Prepare Mixed) (G1 Evacuation Pause)
[2024-08-28T13:03:59.109+0000][info][gc,task     ] GC(136) Using 24 workers of 68 for evacuation
[2024-08-28T13:03:59.124+0000][info][gc,phases   ] GC(136)   Pre Evacuate Collection Set: 0.1ms
[2024-08-28T13:03:59.124+0000][info][gc,phases   ] GC(136)   Merge Heap Roots: 0.7ms
[2024-08-28T13:03:59.124+0000][info][gc,phases   ] GC(136)   Evacuate Collection Set: 13.5ms
[2024-08-28T13:03:59.124+0000][info][gc,phases   ] GC(136)   Post Evacuate Collection Set: 0.3ms
[2024-08-28T13:03:59.124+0000][info][gc,phases   ] GC(136)   Other: 0.2ms
[2024-08-28T13:03:59.124+0000][info][gc,heap     ] GC(136) Eden regions: 44->0(44)
[2024-08-28T13:03:59.124+0000][info][gc,heap     ] GC(136) Survivor regions: 7->7(7)
[2024-08-28T13:03:59.124+0000][info][gc,heap     ] GC(136) Old regions: 865->911
[2024-08-28T13:03:59.124+0000][info][gc,heap     ] GC(136) Archive regions: 2->2
[2024-08-28T13:03:59.124+0000][info][gc,heap     ] GC(136) Humongous regions: 5->5
[2024-08-28T13:03:59.124+0000][info][gc,metaspace] GC(136) Metaspace: 100K(320K)->100K(320K) NonClass: 96K(192K)->96K(192K) Class: 4K(128K)->4K(128K)
[2024-08-28T13:03:59.124+0000][info][gc          ] GC(136) Pause Young (Prepare Mixed) (G1 Evacuation Pause) 921M->923M(1024M) 14.839ms
[2024-08-28T13:03:59.124+0000][info][gc,cpu      ] GC(136) User=0.34s Sys=0.00s Real=0.02s
[2024-08-28T13:03:59.149+0000][info][gc,start    ] GC(137) Pause Young (Mixed) (G1 Preventive Collection)
[2024-08-28T13:03:59.149+0000][info][gc,task     ] GC(137) Using 24 workers of 68 for evacuation
[2024-08-28T13:03:59.162+0000][info][gc,phases   ] GC(137)   Pre Evacuate Collection Set: 0.2ms
[2024-08-28T13:03:59.162+0000][info][gc,phases   ] GC(137)   Merge Heap Roots: 0.6ms
[2024-08-28T13:03:59.162+0000][info][gc,phases   ] GC(137)   Evacuate Collection Set: 11.6ms
[2024-08-28T13:03:59.162+0000][info][gc,phases   ] GC(137)   Post Evacuate Collection Set: 0.4ms
[2024-08-28T13:03:59.162+0000][info][gc,phases   ] GC(137)   Other: 0.3ms
[2024-08-28T13:03:59.162+0000][info][gc,heap     ] GC(137) Eden regions: 43->0(44)
[2024-08-28T13:03:59.162+0000][info][gc,heap     ] GC(137) Survivor regions: 7->7(7)
[2024-08-28T13:03:59.162+0000][info][gc,heap     ] GC(137) Old regions: 911->854
[2024-08-28T13:03:59.162+0000][info][gc,heap     ] GC(137) Archive regions: 2->2
[2024-08-28T13:03:59.162+0000][info][gc,heap     ] GC(137) Humongous regions: 5->5
[2024-08-28T13:03:59.162+0000][info][gc,metaspace] GC(137) Metaspace: 100K(320K)->100K(320K) NonClass: 96K(192K)->96K(192K) Class: 4K(128K)->4K(128K)
[2024-08-28T13:03:59.162+0000][info][gc          ] GC(137) Pause Young (Mixed) (G1 Preventive Collection) 966M->866M(1024M) 13.290ms
[2024-08-28T13:03:59.163+0000][info][gc,cpu      ] GC(137) User=0.29s Sys=0.00s Real=0.02s
[2024-08-28T13:03:59.187+0000][info][gc,start    ] GC(138) Pause Young (Mixed) (G1 Evacuation Pause)
[2024-08-28T13:03:59.187+0000][info][gc,task     ] GC(138) Using 24 workers of 68 for evacuation
[2024-08-28T13:03:59.200+0000][info][gc,phases   ] GC(138)   Pre Evacuate Collection Set: 0.2ms
[2024-08-28T13:03:59.200+0000][info][gc,phases   ] GC(138)   Merge Heap Roots: 0.6ms
[2024-08-28T13:03:59.200+0000][info][gc,phases   ] GC(138)   Evacuate Collection Set: 11.6ms
[2024-08-28T13:03:59.200+0000][info][gc,phases   ] GC(138)   Post Evacuate Collection Set: 0.4ms
[2024-08-28T13:03:59.200+0000][info][gc,phases   ] GC(138)   Other: 0.3ms
[2024-08-28T13:03:59.200+0000][info][gc,heap     ] GC(138) Eden regions: 44->0(44)
[2024-08-28T13:03:59.200+0000][info][gc,heap     ] GC(138) Survivor regions: 7->7(7)
[2024-08-28T13:03:59.200+0000][info][gc,heap     ] GC(138) Old regions: 854->797
[2024-08-28T13:03:59.200+0000][info][gc,heap     ] GC(138) Archive regions: 2->2
[2024-08-28T13:03:59.200+0000][info][gc,heap     ] GC(138) Humongous regions: 5->5
[2024-08-28T13:03:59.200+0000][info][gc,metaspace] GC(138) Metaspace: 100K(320K)->100K(320K) NonClass: 96K(192K)->96K(192K) Class: 4K(128K)->4K(128K)
[2024-08-28T13:03:59.200+0000][info][gc          ] GC(138) Pause Young (Mixed) (G1 Evacuation Pause) 910M->809M(1024M) 13.186ms
[2024-08-28T13:03:59.200+0000][info][gc,cpu      ] GC(138) User=0.29s Sys=0.00s Real=0.02s
[2024-08-28T13:03:59.224+0000][info][gc,start    ] GC(139) Pause Young (Mixed) (G1 Evacuation Pause)
[2024-08-28T13:03:59.224+0000][info][gc,task     ] GC(139) Using 24 workers of 68 for evacuation
[2024-08-28T13:03:59.237+0000][info][gc,phases   ] GC(139)   Pre Evacuate Collection Set: 0.2ms
[2024-08-28T13:03:59.237+0000][info][gc,phases   ] GC(139)   Merge Heap Roots: 0.6ms
[2024-08-28T13:03:59.237+0000][info][gc,phases   ] GC(139)   Evacuate Collection Set: 11.4ms
[2024-08-28T13:03:59.237+0000][info][gc,phases   ] GC(139)   Post Evacuate Collection Set: 0.4ms
[2024-08-28T13:03:59.237+0000][info][gc,phases   ] GC(139)   Other: 0.2ms
[2024-08-28T13:03:59.237+0000][info][gc,heap     ] GC(139) Eden regions: 44->0(44)
[2024-08-28T13:03:59.237+0000][info][gc,heap     ] GC(139) Survivor regions: 7->7(7)
[2024-08-28T13:03:59.237+0000][info][gc,heap     ] GC(139) Old regions: 797->742
[2024-08-28T13:03:59.237+0000][info][gc,heap     ] GC(139) Archive regions: 2->2
[2024-08-28T13:03:59.237+0000][info][gc,heap     ] GC(139) Humongous regions: 5->5
[2024-08-28T13:03:59.237+0000][info][gc,metaspace] GC(139) Metaspace: 100K(320K)->100K(320K) NonClass: 96K(192K)->96K(192K) Class: 4K(128K)->4K(128K)
[2024-08-28T13:03:59.237+0000][info][gc          ] GC(139) Pause Young (Mixed) (G1 Evacuation Pause) 853M->754M(1024M) 12.855ms
[2024-08-28T13:03:59.237+0000][info][gc,cpu      ] GC(139) User=0.29s Sys=0.00s Real=0.01s
[2024-08-28T13:03:59.261+0000][info][gc,start    ] GC(140) Pause Young (Mixed) (G1 Evacuation Pause)
[2024-08-28T13:03:59.261+0000][info][gc,task     ] GC(140) Using 24 workers of 68 for evacuation
[2024-08-28T13:03:59.274+0000][info][gc,phases   ] GC(140)   Pre Evacuate Collection Set: 0.2ms
[2024-08-28T13:03:59.274+0000][info][gc,phases   ] GC(140)   Merge Heap Roots: 0.5ms
[2024-08-28T13:03:59.274+0000][info][gc,phases   ] GC(140)   Evacuate Collection Set: 11.6ms
[2024-08-28T13:03:59.274+0000][info][gc,phases   ] GC(140)   Post Evacuate Collection Set: 0.4ms
[2024-08-28T13:03:59.274+0000][info][gc,phases   ] GC(140)   Other: 0.3ms
[2024-08-28T13:03:59.274+0000][info][gc,heap     ] GC(140) Eden regions: 44->0(44)
[2024-08-28T13:03:59.274+0000][info][gc,heap     ] GC(140) Survivor regions: 7->7(7)
[2024-08-28T13:03:59.274+0000][info][gc,heap     ] GC(140) Old regions: 742->769
[2024-08-28T13:03:59.274+0000][info][gc,heap     ] GC(140) Archive regions: 2->2
[2024-08-28T13:03:59.274+0000][info][gc,heap     ] GC(140) Humongous regions: 5->5
[2024-08-28T13:03:59.274+0000][info][gc,metaspace] GC(140) Metaspace: 100K(320K)->100K(320K) NonClass: 96K(192K)->96K(192K) Class: 4K(128K)->4K(128K)
[2024-08-28T13:03:59.274+0000][info][gc          ] GC(140) Pause Young (Mixed) (G1 Evacuation Pause) 798M->781M(1024M) 13.023ms
[2024-08-28T13:03:59.274+0000][info][gc,cpu      ] GC(140) User=0.28s Sys=0.00s Real=0.01s
[2024-08-28T13:03:59.298+0000][info][gc,start    ] GC(141) Pause Young (Concurrent Start) (G1 Evacuation Pause)
[2024-08-28T13:03:59.298+0000][info][gc,task     ] GC(141) Using 24 workers of 68 for evacuation
[2024-08-28T13:03:59.311+0000][info][gc,phases   ] GC(141)   Pre Evacuate Collection Set: 0.2ms
[2024-08-28T13:03:59.311+0000][info][gc,phases   ] GC(141)   Merge Heap Roots: 0.6ms
[2024-08-28T13:03:59.311+0000][info][gc,phases   ] GC(141)   Evacuate Collection Set: 10.8ms
[2024-08-28T13:03:59.311+0000][info][gc,phases   ] GC(141)   Post Evacuate Collection Set: 0.3ms
[2024-08-28T13:03:59.311+0000][info][gc,phases   ] GC(141)   Other: 0.9ms
[2024-08-28T13:03:59.311+0000][info][gc,heap     ] GC(141) Eden regions: 44->0(44)
[2024-08-28T13:03:59.311+0000][info][gc,heap     ] GC(141) Survivor regions: 7->7(7)
[2024-08-28T13:03:59.311+0000][info][gc,heap     ] GC(141) Old regions: 769->815
[2024-08-28T13:03:59.311+0000][info][gc,heap     ] GC(141) Archive regions: 2->2
[2024-08-28T13:03:59.311+0000][info][gc,heap     ] GC(141) Humongous regions: 5->5
[2024-08-28T13:03:59.311+0000][info][gc,metaspace] GC(141) Metaspace: 100K(320K)->100K(320K) NonClass: 96K(192K)->96K(192K) Class: 4K(128K)->4K(128K)
[2024-08-28T13:03:59.311+0000][info][gc          ] GC(141) Pause Young (Concurrent Start) (G1 Evacuation Pause) 825M->827M(1024M) 12.734ms
[2024-08-28T13:03:59.311+0000][info][gc,cpu      ] GC(141) User=0.27s Sys=0.00s Real=0.01s
[2024-08-28T13:03:59.311+0000][info][gc          ] GC(142) Concurrent Mark Cycle
[2024-08-28T13:03:59.311+0000][info][gc,marking  ] GC(142) Concurrent Clear Claimed Marks
[2024-08-28T13:03:59.311+0000][info][gc,marking  ] GC(142) Concurrent Clear Claimed Marks 0.013ms
[2024-08-28T13:03:59.311+0000][info][gc,marking  ] GC(142) Concurrent Scan Root Regions
[2024-08-28T13:03:59.313+0000][info][gc,marking  ] GC(142) Concurrent Scan Root Regions 1.854ms
[2024-08-28T13:03:59.313+0000][info][gc,marking  ] GC(142) Concurrent Mark
[2024-08-28T13:03:59.313+0000][info][gc,marking  ] GC(142) Concurrent Mark From Roots
[2024-08-28T13:03:59.313+0000][info][gc,task     ] GC(142) Using 17 workers of 17 for marking
[2024-08-28T13:03:59.337+0000][info][gc,marking  ] GC(142) Concurrent Mark From Roots 24.349ms
[2024-08-28T13:03:59.337+0000][info][gc,marking  ] GC(142) Concurrent Preclean
[2024-08-28T13:03:59.338+0000][info][gc,marking  ] GC(142) Concurrent Preclean 0.823ms
[2024-08-28T13:03:59.339+0000][info][gc,start    ] GC(142) Pause Remark
[2024-08-28T13:03:59.340+0000][info][gc          ] GC(142) Pause Remark 854M->854M(1024M) 1.367ms
[2024-08-28T13:03:59.340+0000][info][gc,cpu      ] GC(142) User=0.01s Sys=0.00s Real=0.00s
[2024-08-28T13:03:59.340+0000][info][gc,marking  ] GC(142) Concurrent Mark 26.974ms
[2024-08-28T13:03:59.340+0000][info][gc,marking  ] GC(142) Concurrent Rebuild Remembered Sets
[2024-08-28T13:03:59.358+0000][info][gc,start    ] GC(143) Pause Young (Normal) (G1 Evacuation Pause)
[2024-08-28T13:03:59.358+0000][info][gc,task     ] GC(143) Using 24 workers of 68 for evacuation
[2024-08-28T13:03:59.369+0000][info][gc,phases   ] GC(143)   Pre Evacuate Collection Set: 0.2ms
[2024-08-28T13:03:59.369+0000][info][gc,phases   ] GC(143)   Merge Heap Roots: 0.3ms
[2024-08-28T13:03:59.369+0000][info][gc,phases   ] GC(143)   Evacuate Collection Set: 10.7ms
[2024-08-28T13:03:59.369+0000][info][gc,phases   ] GC(143)   Post Evacuate Collection Set: 0.5ms
[2024-08-28T13:03:59.369+0000][info][gc,phases   ] GC(143)   Other: 0.2ms
[2024-08-28T13:03:59.370+0000][info][gc,heap     ] GC(143) Eden regions: 44->0(44)
[2024-08-28T13:03:59.370+0000][info][gc,heap     ] GC(143) Survivor regions: 7->7(7)
[2024-08-28T13:03:59.370+0000][info][gc,heap     ] GC(143) Old regions: 815->862
[2024-08-28T13:03:59.370+0000][info][gc,heap     ] GC(143) Archive regions: 2->2
[2024-08-28T13:03:59.370+0000][info][gc,heap     ] GC(143) Humongous regions: 5->5
[2024-08-28T13:03:59.370+0000][info][gc,metaspace] GC(143) Metaspace: 100K(320K)->100K(320K) NonClass: 96K(192K)->96K(192K) Class: 4K(128K)->4K(128K)
[2024-08-28T13:03:59.370+0000][info][gc          ] GC(143) Pause Young (Normal) (G1 Evacuation Pause) 871M->874M(1024M) 11.928ms
[2024-08-28T13:03:59.370+0000][info][gc,cpu      ] GC(143) User=0.25s Sys=0.01s Real=0.01s
[2024-08-28T13:03:59.407+0000][info][gc,marking  ] GC(142) Concurrent Rebuild Remembered Sets 67.024ms
[2024-08-28T13:03:59.407+0000][info][gc,start    ] GC(142) Pause Cleanup
[2024-08-28T13:03:59.409+0000][info][gc          ] GC(142) Pause Cleanup 915M->915M(1024M) 1.534ms
[2024-08-28T13:03:59.409+0000][info][gc,cpu      ] GC(142) User=0.00s Sys=0.00s Real=0.00s
[2024-08-28T13:03:59.409+0000][info][gc,marking  ] GC(142) Concurrent Cleanup for Next Mark
[2024-08-28T13:03:59.410+0000][info][gc,marking  ] GC(142) Concurrent Cleanup for Next Mark 0.752ms
[2024-08-28T13:03:59.410+0000][info][gc          ] GC(142) Concurrent Mark Cycle 98.663ms
[2024-08-28T13:03:59.412+0000][info][gc,start    ] GC(144) Pause Young (Prepare Mixed) (G1 Evacuation Pause)
[2024-08-28T13:03:59.412+0000][info][gc,task     ] GC(144) Using 24 workers of 68 for evacuation
[2024-08-28T13:03:59.428+0000][info][gc,phases   ] GC(144)   Pre Evacuate Collection Set: 0.2ms
[2024-08-28T13:03:59.428+0000][info][gc,phases   ] GC(144)   Merge Heap Roots: 0.8ms
[2024-08-28T13:03:59.428+0000][info][gc,phases   ] GC(144)   Evacuate Collection Set: 14.4ms
[2024-08-28T13:03:59.428+0000][info][gc,phases   ] GC(144)   Post Evacuate Collection Set: 0.3ms
[2024-08-28T13:03:59.428+0000][info][gc,phases   ] GC(144)   Other: 0.2ms
[2024-08-28T13:03:59.428+0000][info][gc,heap     ] GC(144) Eden regions: 44->0(44)
[2024-08-28T13:03:59.428+0000][info][gc,heap     ] GC(144) Survivor regions: 7->7(7)
[2024-08-28T13:03:59.428+0000][info][gc,heap     ] GC(144) Old regions: 862->908
[2024-08-28T13:03:59.428+0000][info][gc,heap     ] GC(144) Archive regions: 2->2
[2024-08-28T13:03:59.428+0000][info][gc,heap     ] GC(144) Humongous regions: 5->5
[2024-08-28T13:03:59.428+0000][info][gc,metaspace] GC(144) Metaspace: 100K(320K)->100K(320K) NonClass: 96K(192K)->96K(192K) Class: 4K(128K)->4K(128K)
[2024-08-28T13:03:59.428+0000][info][gc          ] GC(144) Pause Young (Prepare Mixed) (G1 Evacuation Pause) 918M->920M(1024M) 15.858ms
[2024-08-28T13:03:59.428+0000][info][gc,cpu      ] GC(144) User=0.36s Sys=0.00s Real=0.01s
[2024-08-28T13:03:59.454+0000][info][gc,start    ] GC(145) Pause Young (Mixed) (G1 Evacuation Pause)
[2024-08-28T13:03:59.454+0000][info][gc,task     ] GC(145) Using 24 workers of 68 for evacuation
[2024-08-28T13:03:59.466+0000][info][gc,phases   ] GC(145)   Pre Evacuate Collection Set: 0.2ms
[2024-08-28T13:03:59.467+0000][info][gc,phases   ] GC(145)   Merge Heap Roots: 0.5ms
[2024-08-28T13:03:59.467+0000][info][gc,phases   ] GC(145)   Evacuate Collection Set: 11.2ms
[2024-08-28T13:03:59.467+0000][info][gc,phases   ] GC(145)   Post Evacuate Collection Set: 0.4ms
[2024-08-28T13:03:59.467+0000][info][gc,phases   ] GC(145)   Other: 0.3ms
[2024-08-28T13:03:59.467+0000][info][gc,heap     ] GC(145) Eden regions: 44->0(44)
[2024-08-28T13:03:59.467+0000][info][gc,heap     ] GC(145) Survivor regions: 7->7(7)
[2024-08-28T13:03:59.467+0000][info][gc,heap     ] GC(145) Old regions: 908->852
[2024-08-28T13:03:59.467+0000][info][gc,heap     ] GC(145) Archive regions: 2->2
[2024-08-28T13:03:59.467+0000][info][gc,heap     ] GC(145) Humongous regions: 5->5
[2024-08-28T13:03:59.467+0000][info][gc,metaspace] GC(145) Metaspace: 100K(320K)->100K(320K) NonClass: 96K(192K)->96K(192K) Class: 4K(128K)->4K(128K)
[2024-08-28T13:03:59.467+0000][info][gc          ] GC(145) Pause Young (Mixed) (G1 Evacuation Pause) 964M->864M(1024M) 12.718ms
[2024-08-28T13:03:59.467+0000][info][gc,cpu      ] GC(145) User=0.28s Sys=0.00s Real=0.01s
[2024-08-28T13:03:59.491+0000][info][gc,start    ] GC(146) Pause Young (Mixed) (G1 Evacuation Pause)
[2024-08-28T13:03:59.491+0000][info][gc,task     ] GC(146) Using 24 workers of 68 for evacuation
[2024-08-28T13:03:59.504+0000][info][gc,phases   ] GC(146)   Pre Evacuate Collection Set: 0.2ms
[2024-08-28T13:03:59.504+0000][info][gc,phases   ] GC(146)   Merge Heap Roots: 0.6ms
[2024-08-28T13:03:59.504+0000][info][gc,phases   ] GC(146)   Evacuate Collection Set: 11.8ms
[2024-08-28T13:03:59.504+0000][info][gc,phases   ] GC(146)   Post Evacuate Collection Set: 0.4ms
[2024-08-28T13:03:59.504+0000][info][gc,phases   ] GC(146)   Other: 0.2ms
[2024-08-28T13:03:59.504+0000][info][gc,heap     ] GC(146) Eden regions: 44->0(44)
[2024-08-28T13:03:59.504+0000][info][gc,heap     ] GC(146) Survivor regions: 7->7(7)
[2024-08-28T13:03:59.504+0000][info][gc,heap     ] GC(146) Old regions: 852->795
[2024-08-28T13:03:59.504+0000][info][gc,heap     ] GC(146) Archive regions: 2->2
[2024-08-28T13:03:59.504+0000][info][gc,heap     ] GC(146) Humongous regions: 5->5
[2024-08-28T13:03:59.504+0000][info][gc,metaspace] GC(146) Metaspace: 100K(320K)->100K(320K) NonClass: 96K(192K)->96K(192K) Class: 4K(128K)->4K(128K)
[2024-08-28T13:03:59.504+0000][info][gc          ] GC(146) Pause Young (Mixed) (G1 Evacuation Pause) 908M->807M(1024M) 13.345ms
[2024-08-28T13:03:59.504+0000][info][gc,cpu      ] GC(146) User=0.29s Sys=0.00s Real=0.01s
[2024-08-28T13:03:59.528+0000][info][gc,start    ] GC(147) Pause Young (Mixed) (G1 Evacuation Pause)
[2024-08-28T13:03:59.529+0000][info][gc,task     ] GC(147) Using 24 workers of 68 for evacuation
[2024-08-28T13:03:59.541+0000][info][gc,phases   ] GC(147)   Pre Evacuate Collection Set: 0.2ms
[2024-08-28T13:03:59.541+0000][info][gc,phases   ] GC(147)   Merge Heap Roots: 0.6ms
[2024-08-28T13:03:59.541+0000][info][gc,phases   ] GC(147)   Evacuate Collection Set: 11.5ms
[2024-08-28T13:03:59.541+0000][info][gc,phases   ] GC(147)   Post Evacuate Collection Set: 0.4ms
[2024-08-28T13:03:59.541+0000][info][gc,phases   ] GC(147)   Other: 0.3ms
[2024-08-28T13:03:59.541+0000][info][gc,heap     ] GC(147) Eden regions: 44->0(44)
[2024-08-28T13:03:59.541+0000][info][gc,heap     ] GC(147) Survivor regions: 7->7(7)
[2024-08-28T13:03:59.541+0000][info][gc,heap     ] GC(147) Old regions: 795->740
[2024-08-28T13:03:59.542+0000][info][gc,heap     ] GC(147) Archive regions: 2->2
[2024-08-28T13:03:59.542+0000][info][gc,heap     ] GC(147) Humongous regions: 5->5
[2024-08-28T13:03:59.542+0000][info][gc,metaspace] GC(147) Metaspace: 100K(320K)->100K(320K) NonClass: 96K(192K)->96K(192K) Class: 4K(128K)->4K(128K)
[2024-08-28T13:03:59.542+0000][info][gc          ] GC(147) Pause Young (Mixed) (G1 Evacuation Pause) 851M->752M(1024M) 13.124ms
[2024-08-28T13:03:59.542+0000][info][gc,cpu      ] GC(147) User=0.29s Sys=0.00s Real=0.02s
[2024-08-28T13:03:59.566+0000][info][gc,start    ] GC(148) Pause Young (Mixed) (G1 Evacuation Pause)
[2024-08-28T13:03:59.566+0000][info][gc,task     ] GC(148) Using 24 workers of 68 for evacuation
[2024-08-28T13:03:59.584+0000][info][gc,phases   ] GC(148)   Pre Evacuate Collection Set: 0.2ms
[2024-08-28T13:03:59.584+0000][info][gc,phases   ] GC(148)   Merge Heap Roots: 0.5ms
[2024-08-28T13:03:59.584+0000][info][gc,phases   ] GC(148)   Evacuate Collection Set: 16.6ms
[2024-08-28T13:03:59.584+0000][info][gc,phases   ] GC(148)   Post Evacuate Collection Set: 0.3ms
[2024-08-28T13:03:59.584+0000][info][gc,phases   ] GC(148)   Other: 0.3ms
[2024-08-28T13:03:59.584+0000][info][gc,heap     ] GC(148) Eden regions: 44->0(44)
[2024-08-28T13:03:59.584+0000][info][gc,heap     ] GC(148) Survivor regions: 7->7(7)
[2024-08-28T13:03:59.584+0000][info][gc,heap     ] GC(148) Old regions: 740->771
[2024-08-28T13:03:59.584+0000][info][gc,heap     ] GC(148) Archive regions: 2->2
[2024-08-28T13:03:59.584+0000][info][gc,heap     ] GC(148) Humongous regions: 5->5
[2024-08-28T13:03:59.584+0000][info][gc,metaspace] GC(148) Metaspace: 100K(320K)->100K(320K) NonClass: 96K(192K)->96K(192K) Class: 4K(128K)->4K(128K)
[2024-08-28T13:03:59.584+0000][info][gc          ] GC(148) Pause Young (Mixed) (G1 Evacuation Pause) 796M->783M(1024M) 17.949ms
[2024-08-28T13:03:59.584+0000][info][gc,cpu      ] GC(148) User=0.29s Sys=0.02s Real=0.02s
[2024-08-28T13:03:59.624+0000][info][gc,start    ] GC(149) Pause Young (Concurrent Start) (G1 Evacuation Pause)
[2024-08-28T13:03:59.624+0000][info][gc,task     ] GC(149) Using 24 workers of 68 for evacuation
[2024-08-28T13:03:59.638+0000][info][gc,phases   ] GC(149)   Pre Evacuate Collection Set: 0.2ms
[2024-08-28T13:03:59.638+0000][info][gc,phases   ] GC(149)   Merge Heap Roots: 0.5ms
[2024-08-28T13:03:59.638+0000][info][gc,phases   ] GC(149)   Evacuate Collection Set: 11.9ms
[2024-08-28T13:03:59.638+0000][info][gc,phases   ] GC(149)   Post Evacuate Collection Set: 0.3ms
[2024-08-28T13:03:59.638+0000][info][gc,phases   ] GC(149)   Other: 0.8ms
[2024-08-28T13:03:59.638+0000][info][gc,heap     ] GC(149) Eden regions: 44->0(44)
[2024-08-28T13:03:59.638+0000][info][gc,heap     ] GC(149) Survivor regions: 7->7(7)
[2024-08-28T13:03:59.638+0000][info][gc,heap     ] GC(149) Old regions: 771->818
[2024-08-28T13:03:59.638+0000][info][gc,heap     ] GC(149) Archive regions: 2->2
[2024-08-28T13:03:59.638+0000][info][gc,heap     ] GC(149) Humongous regions: 5->5
[2024-08-28T13:03:59.638+0000][info][gc,metaspace] GC(149) Metaspace: 100K(320K)->100K(320K) NonClass: 96K(192K)->96K(192K) Class: 4K(128K)->4K(128K)
[2024-08-28T13:03:59.638+0000][info][gc          ] GC(149) Pause Young (Concurrent Start) (G1 Evacuation Pause) 827M->830M(1024M) 13.915ms
[2024-08-28T13:03:59.638+0000][info][gc,cpu      ] GC(149) User=0.28s Sys=0.01s Real=0.02s
[2024-08-28T13:03:59.638+0000][info][gc          ] GC(150) Concurrent Mark Cycle
[2024-08-28T13:03:59.638+0000][info][gc,marking  ] GC(150) Concurrent Clear Claimed Marks
[2024-08-28T13:03:59.638+0000][info][gc,marking  ] GC(150) Concurrent Clear Claimed Marks 0.011ms
[2024-08-28T13:03:59.638+0000][info][gc,marking  ] GC(150) Concurrent Scan Root Regions
[2024-08-28T13:03:59.640+0000][info][gc,marking  ] GC(150) Concurrent Scan Root Regions 1.676ms
[2024-08-28T13:03:59.640+0000][info][gc,marking  ] GC(150) Concurrent Mark
[2024-08-28T13:03:59.640+0000][info][gc,marking  ] GC(150) Concurrent Mark From Roots
[2024-08-28T13:03:59.640+0000][info][gc,task     ] GC(150) Using 17 workers of 17 for marking
[2024-08-28T13:03:59.669+0000][info][gc,marking  ] GC(150) Concurrent Mark From Roots 28.496ms
[2024-08-28T13:03:59.669+0000][info][gc,marking  ] GC(150) Concurrent Preclean
[2024-08-28T13:03:59.669+0000][info][gc,marking  ] GC(150) Concurrent Preclean 0.637ms
[2024-08-28T13:03:59.670+0000][info][gc,start    ] GC(150) Pause Remark
[2024-08-28T13:03:59.671+0000][info][gc          ] GC(150) Pause Remark 859M->859M(1024M) 1.275ms
[2024-08-28T13:03:59.671+0000][info][gc,cpu      ] GC(150) User=0.00s Sys=0.01s Real=0.00s
[2024-08-28T13:03:59.671+0000][info][gc,marking  ] GC(150) Concurrent Mark 30.765ms
[2024-08-28T13:03:59.671+0000][info][gc,marking  ] GC(150) Concurrent Rebuild Remembered Sets
[2024-08-28T13:03:59.686+0000][info][gc,start    ] GC(151) Pause Young (Normal) (G1 Evacuation Pause)
[2024-08-28T13:03:59.686+0000][info][gc,task     ] GC(151) Using 24 workers of 68 for evacuation
[2024-08-28T13:03:59.697+0000][info][gc,phases   ] GC(151)   Pre Evacuate Collection Set: 0.1ms
[2024-08-28T13:03:59.697+0000][info][gc,phases   ] GC(151)   Merge Heap Roots: 0.3ms
[2024-08-28T13:03:59.697+0000][info][gc,phases   ] GC(151)   Evacuate Collection Set: 9.9ms
[2024-08-28T13:03:59.697+0000][info][gc,phases   ] GC(151)   Post Evacuate Collection Set: 0.5ms
[2024-08-28T13:03:59.697+0000][info][gc,phases   ] GC(151)   Other: 0.2ms
[2024-08-28T13:03:59.697+0000][info][gc,heap     ] GC(151) Eden regions: 44->0(44)
[2024-08-28T13:03:59.697+0000][info][gc,heap     ] GC(151) Survivor regions: 7->7(7)
[2024-08-28T13:03:59.697+0000][info][gc,heap     ] GC(151) Old regions: 818->865
[2024-08-28T13:03:59.697+0000][info][gc,heap     ] GC(151) Archive regions: 2->2
[2024-08-28T13:03:59.697+0000][info][gc,heap     ] GC(151) Humongous regions: 5->5
[2024-08-28T13:03:59.697+0000][info][gc,metaspace] GC(151) Metaspace: 100K(320K)->100K(320K) NonClass: 96K(192K)->96K(192K) Class: 4K(128K)->4K(128K)
[2024-08-28T13:03:59.697+0000][info][gc          ] GC(151) Pause Young (Normal) (G1 Evacuation Pause) 874M->877M(1024M) 11.092ms
[2024-08-28T13:03:59.697+0000][info][gc,cpu      ] GC(151) User=0.24s Sys=0.00s Real=0.01s
[2024-08-28T13:03:59.739+0000][info][gc,start    ] GC(152) Pause Young (Normal) (G1 Evacuation Pause)
[2024-08-28T13:03:59.740+0000][info][gc,task     ] GC(152) Using 24 workers of 68 for evacuation
[2024-08-28T13:03:59.754+0000][info][gc,phases   ] GC(152)   Pre Evacuate Collection Set: 0.1ms
[2024-08-28T13:03:59.754+0000][info][gc,phases   ] GC(152)   Merge Heap Roots: 0.7ms
[2024-08-28T13:03:59.754+0000][info][gc,phases   ] GC(152)   Evacuate Collection Set: 13.5ms
[2024-08-28T13:03:59.754+0000][info][gc,phases   ] GC(152)   Post Evacuate Collection Set: 0.5ms
[2024-08-28T13:03:59.754+0000][info][gc,phases   ] GC(152)   Other: 0.2ms
[2024-08-28T13:03:59.754+0000][info][gc,heap     ] GC(152) Eden regions: 44->0(44)
[2024-08-28T13:03:59.754+0000][info][gc,heap     ] GC(152) Survivor regions: 7->7(7)
[2024-08-28T13:03:59.754+0000][info][gc,heap     ] GC(152) Old regions: 865->911
[2024-08-28T13:03:59.754+0000][info][gc,heap     ] GC(152) Archive regions: 2->2
[2024-08-28T13:03:59.754+0000][info][gc,heap     ] GC(152) Humongous regions: 5->5
[2024-08-28T13:03:59.755+0000][info][gc,metaspace] GC(152) Metaspace: 100K(320K)->100K(320K) NonClass: 96K(192K)->96K(192K) Class: 4K(128K)->4K(128K)
[2024-08-28T13:03:59.755+0000][info][gc          ] GC(152) Pause Young (Normal) (G1 Evacuation Pause) 921M->923M(1024M) 15.068ms
[2024-08-28T13:03:59.755+0000][info][gc,cpu      ] GC(152) User=0.34s Sys=0.00s Real=0.01s
[2024-08-28T13:03:59.757+0000][info][gc,marking  ] GC(150) Concurrent Rebuild Remembered Sets 85.989ms
[2024-08-28T13:03:59.757+0000][info][gc,start    ] GC(150) Pause Cleanup
[2024-08-28T13:03:59.759+0000][info][gc          ] GC(150) Pause Cleanup 925M->925M(1024M) 2.048ms
[2024-08-28T13:03:59.759+0000][info][gc,cpu      ] GC(150) User=0.00s Sys=0.00s Real=0.01s
[2024-08-28T13:03:59.759+0000][info][gc,marking  ] GC(150) Concurrent Cleanup for Next Mark
[2024-08-28T13:03:59.760+0000][info][gc,marking  ] GC(150) Concurrent Cleanup for Next Mark 0.836ms
[2024-08-28T13:03:59.760+0000][info][gc          ] GC(150) Concurrent Mark Cycle 121.803ms
[2024-08-28T13:03:59.787+0000][info][gc,start    ] GC(153) Pause Young (Prepare Mixed) (G1 Preventive Collection)
[2024-08-28T13:03:59.787+0000][info][gc,task     ] GC(153) Using 24 workers of 68 for evacuation
[2024-08-28T13:03:59.802+0000][info][gc,phases   ] GC(153)   Pre Evacuate Collection Set: 0.1ms
[2024-08-28T13:03:59.802+0000][info][gc,phases   ] GC(153)   Merge Heap Roots: 0.8ms
[2024-08-28T13:03:59.802+0000][info][gc,phases   ] GC(153)   Evacuate Collection Set: 13.4ms
[2024-08-28T13:03:59.802+0000][info][gc,phases   ] GC(153)   Post Evacuate Collection Set: 0.3ms
[2024-08-28T13:03:59.802+0000][info][gc,phases   ] GC(153)   Other: 0.3ms
[2024-08-28T13:03:59.802+0000][info][gc,heap     ] GC(153) Eden regions: 44->0(44)
[2024-08-28T13:03:59.802+0000][info][gc,heap     ] GC(153) Survivor regions: 7->7(7)
[2024-08-28T13:03:59.802+0000][info][gc,heap     ] GC(153) Old regions: 911->957
[2024-08-28T13:03:59.802+0000][info][gc,heap     ] GC(153) Archive regions: 2->2
[2024-08-28T13:03:59.802+0000][info][gc,heap     ] GC(153) Humongous regions: 5->5
[2024-08-28T13:03:59.802+0000][info][gc,metaspace] GC(153) Metaspace: 100K(320K)->100K(320K) NonClass: 96K(192K)->96K(192K) Class: 4K(128K)->4K(128K)
[2024-08-28T13:03:59.802+0000][info][gc          ] GC(153) Pause Young (Prepare Mixed) (G1 Preventive Collection) 967M->969M(1024M) 15.052ms
[2024-08-28T13:03:59.802+0000][info][gc,cpu      ] GC(153) User=0.34s Sys=0.01s Real=0.02s
[2024-08-28T13:03:59.817+0000][info][gc,start    ] GC(154) Pause Young (Mixed) (G1 Preventive Collection)
[2024-08-28T13:03:59.817+0000][info][gc,task     ] GC(154) Using 24 workers of 68 for evacuation
[2024-08-28T13:03:59.827+0000][info][gc,phases   ] GC(154)   Pre Evacuate Collection Set: 0.4ms
[2024-08-28T13:03:59.827+0000][info][gc,phases   ] GC(154)   Merge Heap Roots: 0.5ms
[2024-08-28T13:03:59.827+0000][info][gc,phases   ] GC(154)   Evacuate Collection Set: 8.2ms
[2024-08-28T13:03:59.827+0000][info][gc,phases   ] GC(154)   Post Evacuate Collection Set: 0.6ms
[2024-08-28T13:03:59.827+0000][info][gc,phases   ] GC(154)   Other: 0.4ms
[2024-08-28T13:03:59.827+0000][info][gc,heap     ] GC(154) Eden regions: 21->0(44)
[2024-08-28T13:03:59.827+0000][info][gc,heap     ] GC(154) Survivor regions: 7->7(7)
[2024-08-28T13:03:59.827+0000][info][gc,heap     ] GC(154) Old regions: 957->878
[2024-08-28T13:03:59.827+0000][info][gc,heap     ] GC(154) Archive regions: 2->2
[2024-08-28T13:03:59.827+0000][info][gc,heap     ] GC(154) Humongous regions: 5->5
[2024-08-28T13:03:59.827+0000][info][gc,metaspace] GC(154) Metaspace: 100K(320K)->100K(320K) NonClass: 96K(192K)->96K(192K) Class: 4K(128K)->4K(128K)
[2024-08-28T13:03:59.827+0000][info][gc          ] GC(154) Pause Young (Mixed) (G1 Preventive Collection) 990M->890M(1024M) 10.157ms
[2024-08-28T13:03:59.827+0000][info][gc,cpu      ] GC(154) User=0.10s Sys=0.10s Real=0.01s
[2024-08-28T13:03:59.851+0000][info][gc,start    ] GC(155) Pause Young (Mixed) (G1 Evacuation Pause)
[2024-08-28T13:03:59.851+0000][info][gc,task     ] GC(155) Using 24 workers of 68 for evacuation
[2024-08-28T13:03:59.863+0000][info][gc,phases   ] GC(155)   Pre Evacuate Collection Set: 0.2ms
[2024-08-28T13:03:59.863+0000][info][gc,phases   ] GC(155)   Merge Heap Roots: 0.5ms
[2024-08-28T13:03:59.863+0000][info][gc,phases   ] GC(155)   Evacuate Collection Set: 10.8ms
[2024-08-28T13:03:59.863+0000][info][gc,phases   ] GC(155)   Post Evacuate Collection Set: 0.5ms
[2024-08-28T13:03:59.863+0000][info][gc,phases   ] GC(155)   Other: 0.3ms
[2024-08-28T13:03:59.863+0000][info][gc,heap     ] GC(155) Eden regions: 44->0(44)
[2024-08-28T13:03:59.863+0000][info][gc,heap     ] GC(155) Survivor regions: 7->7(7)
[2024-08-28T13:03:59.863+0000][info][gc,heap     ] GC(155) Old regions: 878->820
[2024-08-28T13:03:59.863+0000][info][gc,heap     ] GC(155) Archive regions: 2->2
[2024-08-28T13:03:59.863+0000][info][gc,heap     ] GC(155) Humongous regions: 5->5
[2024-08-28T13:03:59.863+0000][info][gc,metaspace] GC(155) Metaspace: 100K(320K)->100K(320K) NonClass: 96K(192K)->96K(192K) Class: 4K(128K)->4K(128K)
[2024-08-28T13:03:59.863+0000][info][gc          ] GC(155) Pause Young (Mixed) (G1 Evacuation Pause) 934M->832M(1024M) 12.449ms
[2024-08-28T13:03:59.863+0000][info][gc,cpu      ] GC(155) User=0.27s Sys=0.00s Real=0.01s
[2024-08-28T13:03:59.887+0000][info][gc,start    ] GC(156) Pause Young (Mixed) (G1 Evacuation Pause)
[2024-08-28T13:03:59.887+0000][info][gc,task     ] GC(156) Using 24 workers of 68 for evacuation
[2024-08-28T13:03:59.900+0000][info][gc,phases   ] GC(156)   Pre Evacuate Collection Set: 0.2ms
[2024-08-28T13:03:59.900+0000][info][gc,phases   ] GC(156)   Merge Heap Roots: 0.4ms
[2024-08-28T13:03:59.900+0000][info][gc,phases   ] GC(156)   Evacuate Collection Set: 11.0ms
[2024-08-28T13:03:59.900+0000][info][gc,phases   ] GC(156)   Post Evacuate Collection Set: 0.5ms
[2024-08-28T13:03:59.900+0000][info][gc,phases   ] GC(156)   Other: 0.3ms
[2024-08-28T13:03:59.900+0000][info][gc,heap     ] GC(156) Eden regions: 44->0(44)
[2024-08-28T13:03:59.900+0000][info][gc,heap     ] GC(156) Survivor regions: 7->7(7)
[2024-08-28T13:03:59.900+0000][info][gc,heap     ] GC(156) Old regions: 820->766
[2024-08-28T13:03:59.900+0000][info][gc,heap     ] GC(156) Archive regions: 2->2
[2024-08-28T13:03:59.900+0000][info][gc,heap     ] GC(156) Humongous regions: 5->5
[2024-08-28T13:03:59.900+0000][info][gc,metaspace] GC(156) Metaspace: 100K(320K)->100K(320K) NonClass: 96K(192K)->96K(192K) Class: 4K(128K)->4K(128K)
[2024-08-28T13:03:59.900+0000][info][gc          ] GC(156) Pause Young (Mixed) (G1 Evacuation Pause) 876M->778M(1024M) 12.535ms
[2024-08-28T13:03:59.900+0000][info][gc,cpu      ] GC(156) User=0.28s Sys=0.00s Real=0.02s
[2024-08-28T13:03:59.925+0000][info][gc,start    ] GC(157) Pause Young (Mixed) (G1 Evacuation Pause)
[2024-08-28T13:03:59.925+0000][info][gc,task     ] GC(157) Using 24 workers of 68 for evacuation
[2024-08-28T13:03:59.938+0000][info][gc,phases   ] GC(157)   Pre Evacuate Collection Set: 0.2ms
[2024-08-28T13:03:59.938+0000][info][gc,phases   ] GC(157)   Merge Heap Roots: 0.4ms
[2024-08-28T13:03:59.938+0000][info][gc,phases   ] GC(157)   Evacuate Collection Set: 11.6ms
[2024-08-28T13:03:59.938+0000][info][gc,phases   ] GC(157)   Post Evacuate Collection Set: 0.4ms
[2024-08-28T13:03:59.938+0000][info][gc,phases   ] GC(157)   Other: 0.3ms
[2024-08-28T13:03:59.938+0000][info][gc,heap     ] GC(157) Eden regions: 44->0(44)
[2024-08-28T13:03:59.938+0000][info][gc,heap     ] GC(157) Survivor regions: 7->7(7)
[2024-08-28T13:03:59.938+0000][info][gc,heap     ] GC(157) Old regions: 766->795
[2024-08-28T13:03:59.938+0000][info][gc,heap     ] GC(157) Archive regions: 2->2
[2024-08-28T13:03:59.938+0000][info][gc,heap     ] GC(157) Humongous regions: 5->5
[2024-08-28T13:03:59.938+0000][info][gc,metaspace] GC(157) Metaspace: 100K(320K)->100K(320K) NonClass: 96K(192K)->96K(192K) Class: 4K(128K)->4K(128K)
[2024-08-28T13:03:59.938+0000][info][gc          ] GC(157) Pause Young (Mixed) (G1 Evacuation Pause) 822M->807M(1024M) 13.047ms
[2024-08-28T13:03:59.938+0000][info][gc,cpu      ] GC(157) User=0.28s Sys=0.01s Real=0.02s
[2024-08-28T13:03:59.963+0000][info][gc,start    ] GC(158) Pause Young (Concurrent Start) (G1 Evacuation Pause)
[2024-08-28T13:03:59.963+0000][info][gc,task     ] GC(158) Using 24 workers of 68 for evacuation
[2024-08-28T13:03:59.976+0000][info][gc,phases   ] GC(158)   Pre Evacuate Collection Set: 0.2ms
[2024-08-28T13:03:59.976+0000][info][gc,phases   ] GC(158)   Merge Heap Roots: 0.6ms
[2024-08-28T13:03:59.976+0000][info][gc,phases   ] GC(158)   Evacuate Collection Set: 10.5ms
[2024-08-28T13:03:59.976+0000][info][gc,phases   ] GC(158)   Post Evacuate Collection Set: 0.3ms
[2024-08-28T13:03:59.976+0000][info][gc,phases   ] GC(158)   Other: 1.0ms
[2024-08-28T13:03:59.976+0000][info][gc,heap     ] GC(158) Eden regions: 44->0(44)
[2024-08-28T13:03:59.976+0000][info][gc,heap     ] GC(158) Survivor regions: 7->7(7)
[2024-08-28T13:03:59.976+0000][info][gc,heap     ] GC(158) Old regions: 795->842
[2024-08-28T13:03:59.976+0000][info][gc,heap     ] GC(158) Archive regions: 2->2
[2024-08-28T13:03:59.976+0000][info][gc,heap     ] GC(158) Humongous regions: 5->5
[2024-08-28T13:03:59.976+0000][info][gc,metaspace] GC(158) Metaspace: 100K(320K)->100K(320K) NonClass: 96K(192K)->96K(192K) Class: 4K(128K)->4K(128K)
[2024-08-28T13:03:59.976+0000][info][gc          ] GC(158) Pause Young (Concurrent Start) (G1 Evacuation Pause) 851M->854M(1024M) 12.634ms
[2024-08-28T13:03:59.976+0000][info][gc,cpu      ] GC(158) User=0.26s Sys=0.00s Real=0.01s
[2024-08-28T13:03:59.976+0000][info][gc          ] GC(159) Concurrent Mark Cycle
[2024-08-28T13:03:59.976+0000][info][gc,marking  ] GC(159) Concurrent Clear Claimed Marks
[2024-08-28T13:03:59.976+0000][info][gc,marking  ] GC(159) Concurrent Clear Claimed Marks 0.010ms
[2024-08-28T13:03:59.976+0000][info][gc,marking  ] GC(159) Concurrent Scan Root Regions
[2024-08-28T13:03:59.978+0000][info][gc,marking  ] GC(159) Concurrent Scan Root Regions 1.744ms
[2024-08-28T13:03:59.978+0000][info][gc,marking  ] GC(159) Concurrent Mark
[2024-08-28T13:03:59.978+0000][info][gc,marking  ] GC(159) Concurrent Mark From Roots
[2024-08-28T13:03:59.978+0000][info][gc,task     ] GC(159) Using 17 workers of 17 for marking
[2024-08-28T13:04:00.003+0000][info][gc,marking  ] GC(159) Concurrent Mark From Roots 25.377ms
[2024-08-28T13:04:00.003+0000][info][gc,marking  ] GC(159) Concurrent Preclean
[2024-08-28T13:04:00.004+0000][info][gc,marking  ] GC(159) Concurrent Preclean 0.506ms
[2024-08-28T13:04:00.004+0000][info][gc,start    ] GC(159) Pause Remark
[2024-08-28T13:04:00.005+0000][info][gc          ] GC(159) Pause Remark 880M->880M(1024M) 1.400ms
[2024-08-28T13:04:00.006+0000][info][gc,cpu      ] GC(159) User=0.00s Sys=0.00s Real=0.00s
[2024-08-28T13:04:00.006+0000][info][gc,marking  ] GC(159) Concurrent Mark 27.612ms
[2024-08-28T13:04:00.006+0000][info][gc,marking  ] GC(159) Concurrent Rebuild Remembered Sets
[2024-08-28T13:04:00.021+0000][info][gc,start    ] GC(160) Pause Young (Normal) (G1 Evacuation Pause)
[2024-08-28T13:04:00.021+0000][info][gc,task     ] GC(160) Using 24 workers of 68 for evacuation
[2024-08-28T13:04:00.032+0000][info][gc,phases   ] GC(160)   Pre Evacuate Collection Set: 0.1ms
[2024-08-28T13:04:00.032+0000][info][gc,phases   ] GC(160)   Merge Heap Roots: 0.6ms
[2024-08-28T13:04:00.032+0000][info][gc,phases   ] GC(160)   Evacuate Collection Set: 9.9ms
[2024-08-28T13:04:00.032+0000][info][gc,phases   ] GC(160)   Post Evacuate Collection Set: 0.5ms
[2024-08-28T13:04:00.032+0000][info][gc,phases   ] GC(160)   Other: 0.2ms
[2024-08-28T13:04:00.032+0000][info][gc,heap     ] GC(160) Eden regions: 44->0(44)
[2024-08-28T13:04:00.032+0000][info][gc,heap     ] GC(160) Survivor regions: 7->7(7)
[2024-08-28T13:04:00.032+0000][info][gc,heap     ] GC(160) Old regions: 842->889
[2024-08-28T13:04:00.032+0000][info][gc,heap     ] GC(160) Archive regions: 2->2
[2024-08-28T13:04:00.032+0000][info][gc,heap     ] GC(160) Humongous regions: 5->5
[2024-08-28T13:04:00.032+0000][info][gc,metaspace] GC(160) Metaspace: 100K(320K)->100K(320K) NonClass: 96K(192K)->96K(192K) Class: 4K(128K)->4K(128K)
[2024-08-28T13:04:00.032+0000][info][gc          ] GC(160) Pause Young (Normal) (G1 Evacuation Pause) 898M->901M(1024M) 11.455ms
[2024-08-28T13:04:00.032+0000][info][gc,cpu      ] GC(160) User=0.24s Sys=0.01s Real=0.01s
[2024-08-28T13:04:00.071+0000][info][gc,marking  ] GC(159) Concurrent Rebuild Remembered Sets 65.856ms
[2024-08-28T13:04:00.072+0000][info][gc,start    ] GC(159) Pause Cleanup
[2024-08-28T13:04:00.073+0000][info][gc          ] GC(159) Pause Cleanup 944M->944M(1024M) 1.562ms
[2024-08-28T13:04:00.073+0000][info][gc,cpu      ] GC(159) User=0.00s Sys=0.00s Real=0.00s
[2024-08-28T13:04:00.073+0000][info][gc,marking  ] GC(159) Concurrent Cleanup for Next Mark
[2024-08-28T13:04:00.074+0000][info][gc,marking  ] GC(159) Concurrent Cleanup for Next Mark 0.882ms
[2024-08-28T13:04:00.074+0000][info][gc          ] GC(159) Concurrent Mark Cycle 98.094ms
[2024-08-28T13:04:00.075+0000][info][gc,start    ] GC(161) Pause Young (Prepare Mixed) (G1 Evacuation Pause)
[2024-08-28T13:04:00.075+0000][info][gc,task     ] GC(161) Using 24 workers of 68 for evacuation
[2024-08-28T13:04:00.091+0000][info][gc,phases   ] GC(161)   Pre Evacuate Collection Set: 0.1ms
[2024-08-28T13:04:00.091+0000][info][gc,phases   ] GC(161)   Merge Heap Roots: 0.5ms
[2024-08-28T13:04:00.091+0000][info][gc,phases   ] GC(161)   Evacuate Collection Set: 14.8ms
[2024-08-28T13:04:00.091+0000][info][gc,phases   ] GC(161)   Post Evacuate Collection Set: 0.3ms
[2024-08-28T13:04:00.091+0000][info][gc,phases   ] GC(161)   Other: 0.2ms
[2024-08-28T13:04:00.091+0000][info][gc,heap     ] GC(161) Eden regions: 44->0(44)
[2024-08-28T13:04:00.091+0000][info][gc,heap     ] GC(161) Survivor regions: 7->7(7)
[2024-08-28T13:04:00.091+0000][info][gc,heap     ] GC(161) Old regions: 889->936
[2024-08-28T13:04:00.091+0000][info][gc,heap     ] GC(161) Archive regions: 2->2
[2024-08-28T13:04:00.091+0000][info][gc,heap     ] GC(161) Humongous regions: 5->5
[2024-08-28T13:04:00.091+0000][info][gc,metaspace] GC(161) Metaspace: 100K(320K)->100K(320K) NonClass: 96K(192K)->96K(192K) Class: 4K(128K)->4K(128K)
[2024-08-28T13:04:00.091+0000][info][gc          ] GC(161) Pause Young (Prepare Mixed) (G1 Evacuation Pause) 945M->948M(1024M) 15.976ms
[2024-08-28T13:04:00.091+0000][info][gc,cpu      ] GC(161) User=0.37s Sys=0.00s Real=0.02s
[2024-08-28T13:04:00.109+0000][info][gc,start    ] GC(162) Pause Young (Mixed) (G1 Preventive Collection)
[2024-08-28T13:04:00.109+0000][info][gc,task     ] GC(162) Using 24 workers of 68 for evacuation
[2024-08-28T13:04:00.119+0000][info][gc,phases   ] GC(162)   Pre Evacuate Collection Set: 0.2ms
[2024-08-28T13:04:00.119+0000][info][gc,phases   ] GC(162)   Merge Heap Roots: 0.5ms
[2024-08-28T13:04:00.119+0000][info][gc,phases   ] GC(162)   Evacuate Collection Set: 9.1ms
[2024-08-28T13:04:00.119+0000][info][gc,phases   ] GC(162)   Post Evacuate Collection Set: 0.4ms
[2024-08-28T13:04:00.119+0000][info][gc,phases   ] GC(162)   Other: 0.2ms
[2024-08-28T13:04:00.119+0000][info][gc,heap     ] GC(162) Eden regions: 31->0(44)
[2024-08-28T13:04:00.119+0000][info][gc,heap     ] GC(162) Survivor regions: 7->7(7)
[2024-08-28T13:04:00.119+0000][info][gc,heap     ] GC(162) Old regions: 936->867
[2024-08-28T13:04:00.119+0000][info][gc,heap     ] GC(162) Archive regions: 2->2
[2024-08-28T13:04:00.119+0000][info][gc,heap     ] GC(162) Humongous regions: 5->5
[2024-08-28T13:04:00.120+0000][info][gc,metaspace] GC(162) Metaspace: 100K(320K)->100K(320K) NonClass: 96K(192K)->96K(192K) Class: 4K(128K)->4K(128K)
[2024-08-28T13:04:00.120+0000][info][gc          ] GC(162) Pause Young (Mixed) (G1 Preventive Collection) 979M->879M(1024M) 10.523ms
[2024-08-28T13:04:00.120+0000][info][gc,cpu      ] GC(162) User=0.23s Sys=0.00s Real=0.02s
[2024-08-28T13:04:00.144+0000][info][gc,start    ] GC(163) Pause Young (Mixed) (G1 Evacuation Pause)
[2024-08-28T13:04:00.144+0000][info][gc,task     ] GC(163) Using 24 workers of 68 for evacuation
[2024-08-28T13:04:00.156+0000][info][gc,phases   ] GC(163)   Pre Evacuate Collection Set: 0.2ms
[2024-08-28T13:04:00.156+0000][info][gc,phases   ] GC(163)   Merge Heap Roots: 0.4ms
[2024-08-28T13:04:00.156+0000][info][gc,phases   ] GC(163)   Evacuate Collection Set: 11.2ms
[2024-08-28T13:04:00.156+0000][info][gc,phases   ] GC(163)   Post Evacuate Collection Set: 0.4ms
[2024-08-28T13:04:00.156+0000][info][gc,phases   ] GC(163)   Other: 0.2ms
[2024-08-28T13:04:00.156+0000][info][gc,heap     ] GC(163) Eden regions: 44->0(44)
[2024-08-28T13:04:00.156+0000][info][gc,heap     ] GC(163) Survivor regions: 7->7(7)
[2024-08-28T13:04:00.156+0000][info][gc,heap     ] GC(163) Old regions: 867->810
[2024-08-28T13:04:00.156+0000][info][gc,heap     ] GC(163) Archive regions: 2->2
[2024-08-28T13:04:00.156+0000][info][gc,heap     ] GC(163) Humongous regions: 5->5
[2024-08-28T13:04:00.156+0000][info][gc,metaspace] GC(163) Metaspace: 100K(320K)->100K(320K) NonClass: 96K(192K)->96K(192K) Class: 4K(128K)->4K(128K)
[2024-08-28T13:04:00.156+0000][info][gc          ] GC(163) Pause Young (Mixed) (G1 Evacuation Pause) 923M->822M(1024M) 12.583ms
[2024-08-28T13:04:00.156+0000][info][gc,cpu      ] GC(163) User=0.28s Sys=0.01s Real=0.01s
[2024-08-28T13:04:00.181+0000][info][gc,start    ] GC(164) Pause Young (Mixed) (G1 Evacuation Pause)
[2024-08-28T13:04:00.181+0000][info][gc,task     ] GC(164) Using 24 workers of 68 for evacuation
[2024-08-28T13:04:00.194+0000][info][gc,phases   ] GC(164)   Pre Evacuate Collection Set: 0.2ms
[2024-08-28T13:04:00.194+0000][info][gc,phases   ] GC(164)   Merge Heap Roots: 0.6ms
[2024-08-28T13:04:00.194+0000][info][gc,phases   ] GC(164)   Evacuate Collection Set: 11.4ms
[2024-08-28T13:04:00.194+0000][info][gc,phases   ] GC(164)   Post Evacuate Collection Set: 0.4ms
[2024-08-28T13:04:00.194+0000][info][gc,phases   ] GC(164)   Other: 0.2ms
[2024-08-28T13:04:00.194+0000][info][gc,heap     ] GC(164) Eden regions: 44->0(44)
[2024-08-28T13:04:00.194+0000][info][gc,heap     ] GC(164) Survivor regions: 7->7(7)
[2024-08-28T13:04:00.194+0000][info][gc,heap     ] GC(164) Old regions: 810->754
[2024-08-28T13:04:00.194+0000][info][gc,heap     ] GC(164) Archive regions: 2->2
[2024-08-28T13:04:00.194+0000][info][gc,heap     ] GC(164) Humongous regions: 5->5
[2024-08-28T13:04:00.194+0000][info][gc,metaspace] GC(164) Metaspace: 100K(320K)->100K(320K) NonClass: 96K(192K)->96K(192K) Class: 4K(128K)->4K(128K)
[2024-08-28T13:04:00.194+0000][info][gc          ] GC(164) Pause Young (Mixed) (G1 Evacuation Pause) 866M->766M(1024M) 12.936ms
[2024-08-28T13:04:00.194+0000][info][gc,cpu      ] GC(164) User=0.28s Sys=0.00s Real=0.01s
[2024-08-28T13:04:00.218+0000][info][gc,start    ] GC(165) Pause Young (Mixed) (G1 Evacuation Pause)
[2024-08-28T13:04:00.218+0000][info][gc,task     ] GC(165) Using 24 workers of 68 for evacuation
[2024-08-28T13:04:00.230+0000][info][gc,phases   ] GC(165)   Pre Evacuate Collection Set: 0.2ms
[2024-08-28T13:04:00.230+0000][info][gc,phases   ] GC(165)   Merge Heap Roots: 0.3ms
[2024-08-28T13:04:00.230+0000][info][gc,phases   ] GC(165)   Evacuate Collection Set: 10.6ms
[2024-08-28T13:04:00.230+0000][info][gc,phases   ] GC(165)   Post Evacuate Collection Set: 0.4ms
[2024-08-28T13:04:00.230+0000][info][gc,phases   ] GC(165)   Other: 0.3ms
[2024-08-28T13:04:00.230+0000][info][gc,heap     ] GC(165) Eden regions: 44->0(45)
[2024-08-28T13:04:00.230+0000][info][gc,heap     ] GC(165) Survivor regions: 7->7(7)
[2024-08-28T13:04:00.230+0000][info][gc,heap     ] GC(165) Old regions: 754->762
[2024-08-28T13:04:00.230+0000][info][gc,heap     ] GC(165) Archive regions: 2->2
[2024-08-28T13:04:00.230+0000][info][gc,heap     ] GC(165) Humongous regions: 5->5
[2024-08-28T13:04:00.230+0000][info][gc,metaspace] GC(165) Metaspace: 100K(320K)->100K(320K) NonClass: 96K(192K)->96K(192K) Class: 4K(128K)->4K(128K)
[2024-08-28T13:04:00.230+0000][info][gc          ] GC(165) Pause Young (Mixed) (G1 Evacuation Pause) 810M->774M(1024M) 11.906ms
[2024-08-28T13:04:00.230+0000][info][gc,cpu      ] GC(165) User=0.24s Sys=0.02s Real=0.01s
[2024-08-28T13:04:00.255+0000][info][gc,start    ] GC(166) Pause Young (Concurrent Start) (G1 Evacuation Pause)
[2024-08-28T13:04:00.255+0000][info][gc,task     ] GC(166) Using 24 workers of 68 for evacuation
[2024-08-28T13:04:00.268+0000][info][gc,phases   ] GC(166)   Pre Evacuate Collection Set: 0.2ms
[2024-08-28T13:04:00.268+0000][info][gc,phases   ] GC(166)   Merge Heap Roots: 0.3ms
[2024-08-28T13:04:00.268+0000][info][gc,phases   ] GC(166)   Evacuate Collection Set: 11.0ms
[2024-08-28T13:04:00.268+0000][info][gc,phases   ] GC(166)   Post Evacuate Collection Set: 0.4ms
[2024-08-28T13:04:00.268+0000][info][gc,phases   ] GC(166)   Other: 1.0ms
[2024-08-28T13:04:00.268+0000][info][gc,heap     ] GC(166) Eden regions: 45->0(44)
[2024-08-28T13:04:00.268+0000][info][gc,heap     ] GC(166) Survivor regions: 7->7(7)
[2024-08-28T13:04:00.268+0000][info][gc,heap     ] GC(166) Old regions: 762->810
[2024-08-28T13:04:00.268+0000][info][gc,heap     ] GC(166) Archive regions: 2->2
[2024-08-28T13:04:00.268+0000][info][gc,heap     ] GC(166) Humongous regions: 5->5
[2024-08-28T13:04:00.268+0000][info][gc,metaspace] GC(166) Metaspace: 100K(320K)->100K(320K) NonClass: 96K(192K)->96K(192K) Class: 4K(128K)->4K(128K)
[2024-08-28T13:04:00.268+0000][info][gc          ] GC(166) Pause Young (Concurrent Start) (G1 Evacuation Pause) 819M->822M(1024M) 13.040ms
[2024-08-28T13:04:00.268+0000][info][gc,cpu      ] GC(166) User=0.26s Sys=0.00s Real=0.01s
[2024-08-28T13:04:00.269+0000][info][gc          ] GC(167) Concurrent Mark Cycle
[2024-08-28T13:04:00.269+0000][info][gc,marking  ] GC(167) Concurrent Clear Claimed Marks
[2024-08-28T13:04:00.269+0000][info][gc,marking  ] GC(167) Concurrent Clear Claimed Marks 0.010ms
[2024-08-28T13:04:00.269+0000][info][gc,marking  ] GC(167) Concurrent Scan Root Regions
[2024-08-28T13:04:00.270+0000][info][gc,marking  ] GC(167) Concurrent Scan Root Regions 1.637ms
[2024-08-28T13:04:00.270+0000][info][gc,marking  ] GC(167) Concurrent Mark
[2024-08-28T13:04:00.270+0000][info][gc,marking  ] GC(167) Concurrent Mark From Roots
[2024-08-28T13:04:00.270+0000][info][gc,task     ] GC(167) Using 17 workers of 17 for marking
[2024-08-28T13:04:00.295+0000][info][gc,marking  ] GC(167) Concurrent Mark From Roots 24.720ms
[2024-08-28T13:04:00.295+0000][info][gc,marking  ] GC(167) Concurrent Preclean
[2024-08-28T13:04:00.296+0000][info][gc,marking  ] GC(167) Concurrent Preclean 0.836ms
[2024-08-28T13:04:00.296+0000][info][gc,start    ] GC(167) Pause Remark
[2024-08-28T13:04:00.297+0000][info][gc          ] GC(167) Pause Remark 849M->849M(1024M) 1.257ms
[2024-08-28T13:04:00.297+0000][info][gc,cpu      ] GC(167) User=0.01s Sys=0.00s Real=0.00s
[2024-08-28T13:04:00.297+0000][info][gc,marking  ] GC(167) Concurrent Mark 27.236ms
[2024-08-28T13:04:00.298+0000][info][gc,marking  ] GC(167) Concurrent Rebuild Remembered Sets
[2024-08-28T13:04:00.314+0000][info][gc,start    ] GC(168) Pause Young (Normal) (G1 Evacuation Pause)
[2024-08-28T13:04:00.314+0000][info][gc,task     ] GC(168) Using 24 workers of 68 for evacuation
[2024-08-28T13:04:00.326+0000][info][gc,phases   ] GC(168)   Pre Evacuate Collection Set: 0.1ms
[2024-08-28T13:04:00.326+0000][info][gc,phases   ] GC(168)   Merge Heap Roots: 0.5ms
[2024-08-28T13:04:00.326+0000][info][gc,phases   ] GC(168)   Evacuate Collection Set: 10.7ms
[2024-08-28T13:04:00.326+0000][info][gc,phases   ] GC(168)   Post Evacuate Collection Set: 0.5ms
[2024-08-28T13:04:00.326+0000][info][gc,phases   ] GC(168)   Other: 0.2ms
[2024-08-28T13:04:00.326+0000][info][gc,heap     ] GC(168) Eden regions: 44->0(44)
[2024-08-28T13:04:00.326+0000][info][gc,heap     ] GC(168) Survivor regions: 7->7(7)
[2024-08-28T13:04:00.326+0000][info][gc,heap     ] GC(168) Old regions: 810->856
[2024-08-28T13:04:00.326+0000][info][gc,heap     ] GC(168) Archive regions: 2->2
[2024-08-28T13:04:00.326+0000][info][gc,heap     ] GC(168) Humongous regions: 5->5
[2024-08-28T13:04:00.326+0000][info][gc,metaspace] GC(168) Metaspace: 100K(320K)->100K(320K) NonClass: 96K(192K)->96K(192K) Class: 4K(128K)->4K(128K)
[2024-08-28T13:04:00.326+0000][info][gc          ] GC(168) Pause Young (Normal) (G1 Evacuation Pause) 866M->868M(1024M) 12.094ms
[2024-08-28T13:04:00.326+0000][info][gc,cpu      ] GC(168) User=0.24s Sys=0.02s Real=0.01s
[2024-08-28T13:04:00.365+0000][info][gc,marking  ] GC(167) Concurrent Rebuild Remembered Sets 67.560ms
[2024-08-28T13:04:00.365+0000][info][gc,start    ] GC(167) Pause Cleanup
[2024-08-28T13:04:00.367+0000][info][gc          ] GC(167) Pause Cleanup 909M->909M(1024M) 1.591ms
[2024-08-28T13:04:00.367+0000][info][gc,cpu      ] GC(167) User=0.01s Sys=0.00s Real=0.00s
[2024-08-28T13:04:00.367+0000][info][gc,marking  ] GC(167) Concurrent Cleanup for Next Mark
[2024-08-28T13:04:00.368+0000][info][gc,marking  ] GC(167) Concurrent Cleanup for Next Mark 0.930ms
[2024-08-28T13:04:00.368+0000][info][gc          ] GC(167) Concurrent Mark Cycle 99.477ms
[2024-08-28T13:04:00.370+0000][info][gc,start    ] GC(169) Pause Young (Prepare Mixed) (G1 Evacuation Pause)
[2024-08-28T13:04:00.370+0000][info][gc,task     ] GC(169) Using 24 workers of 68 for evacuation
[2024-08-28T13:04:00.385+0000][info][gc,phases   ] GC(169)   Pre Evacuate Collection Set: 0.1ms
[2024-08-28T13:04:00.385+0000][info][gc,phases   ] GC(169)   Merge Heap Roots: 0.8ms
[2024-08-28T13:04:00.385+0000][info][gc,phases   ] GC(169)   Evacuate Collection Set: 14.1ms
[2024-08-28T13:04:00.385+0000][info][gc,phases   ] GC(169)   Post Evacuate Collection Set: 0.3ms
[2024-08-28T13:04:00.385+0000][info][gc,phases   ] GC(169)   Other: 0.2ms
[2024-08-28T13:04:00.385+0000][info][gc,heap     ] GC(169) Eden regions: 44->0(44)
[2024-08-28T13:04:00.385+0000][info][gc,heap     ] GC(169) Survivor regions: 7->7(7)
[2024-08-28T13:04:00.385+0000][info][gc,heap     ] GC(169) Old regions: 856->903
[2024-08-28T13:04:00.385+0000][info][gc,heap     ] GC(169) Archive regions: 2->2
[2024-08-28T13:04:00.385+0000][info][gc,heap     ] GC(169) Humongous regions: 5->5
[2024-08-28T13:04:00.385+0000][info][gc,metaspace] GC(169) Metaspace: 100K(320K)->100K(320K) NonClass: 96K(192K)->96K(192K) Class: 4K(128K)->4K(128K)
[2024-08-28T13:04:00.385+0000][info][gc          ] GC(169) Pause Young (Prepare Mixed) (G1 Evacuation Pause) 912M->915M(1024M) 15.565ms
[2024-08-28T13:04:00.385+0000][info][gc,cpu      ] GC(169) User=0.34s Sys=0.01s Real=0.01s
[2024-08-28T13:04:00.413+0000][info][gc,start    ] GC(170) Pause Young (Mixed) (G1 Evacuation Pause)
[2024-08-28T13:04:00.413+0000][info][gc,task     ] GC(170) Using 24 workers of 68 for evacuation
[2024-08-28T13:04:00.426+0000][info][gc,phases   ] GC(170)   Pre Evacuate Collection Set: 0.2ms
[2024-08-28T13:04:00.426+0000][info][gc,phases   ] GC(170)   Merge Heap Roots: 0.3ms
[2024-08-28T13:04:00.426+0000][info][gc,phases   ] GC(170)   Evacuate Collection Set: 11.4ms
[2024-08-28T13:04:00.426+0000][info][gc,phases   ] GC(170)   Post Evacuate Collection Set: 0.4ms
[2024-08-28T13:04:00.426+0000][info][gc,phases   ] GC(170)   Other: 0.2ms
[2024-08-28T13:04:00.426+0000][info][gc,heap     ] GC(170) Eden regions: 44->0(44)
[2024-08-28T13:04:00.426+0000][info][gc,heap     ] GC(170) Survivor regions: 7->7(7)
[2024-08-28T13:04:00.426+0000][info][gc,heap     ] GC(170) Old regions: 903->847
[2024-08-28T13:04:00.426+0000][info][gc,heap     ] GC(170) Archive regions: 2->2
[2024-08-28T13:04:00.426+0000][info][gc,heap     ] GC(170) Humongous regions: 5->5
[2024-08-28T13:04:00.426+0000][info][gc,metaspace] GC(170) Metaspace: 100K(320K)->100K(320K) NonClass: 96K(192K)->96K(192K) Class: 4K(128K)->4K(128K)
[2024-08-28T13:04:00.426+0000][info][gc          ] GC(170) Pause Young (Mixed) (G1 Evacuation Pause) 959M->859M(1024M) 12.580ms
[2024-08-28T13:04:00.426+0000][info][gc,cpu      ] GC(170) User=0.26s Sys=0.02s Real=0.01s
[2024-08-28T13:04:00.453+0000][info][gc,start    ] GC(171) Pause Young (Mixed) (G1 Evacuation Pause)
[2024-08-28T13:04:00.453+0000][info][gc,task     ] GC(171) Using 24 workers of 68 for evacuation
[2024-08-28T13:04:00.466+0000][info][gc,phases   ] GC(171)   Pre Evacuate Collection Set: 0.2ms
[2024-08-28T13:04:00.466+0000][info][gc,phases   ] GC(171)   Merge Heap Roots: 0.6ms
[2024-08-28T13:04:00.466+0000][info][gc,phases   ] GC(171)   Evacuate Collection Set: 11.4ms
[2024-08-28T13:04:00.466+0000][info][gc,phases   ] GC(171)   Post Evacuate Collection Set: 0.4ms
[2024-08-28T13:04:00.466+0000][info][gc,phases   ] GC(171)   Other: 0.3ms
[2024-08-28T13:04:00.466+0000][info][gc,heap     ] GC(171) Eden regions: 44->0(44)
[2024-08-28T13:04:00.466+0000][info][gc,heap     ] GC(171) Survivor regions: 7->7(7)
[2024-08-28T13:04:00.466+0000][info][gc,heap     ] GC(171) Old regions: 847->791
[2024-08-28T13:04:00.466+0000][info][gc,heap     ] GC(171) Archive regions: 2->2
[2024-08-28T13:04:00.466+0000][info][gc,heap     ] GC(171) Humongous regions: 5->5
[2024-08-28T13:04:00.466+0000][info][gc,metaspace] GC(171) Metaspace: 100K(320K)->100K(320K) NonClass: 96K(192K)->96K(192K) Class: 4K(128K)->4K(128K)
[2024-08-28T13:04:00.466+0000][info][gc          ] GC(171) Pause Young (Mixed) (G1 Evacuation Pause) 903M->803M(1024M) 13.028ms
[2024-08-28T13:04:00.466+0000][info][gc,cpu      ] GC(171) User=0.29s Sys=0.00s Real=0.01s
[2024-08-28T13:04:00.493+0000][info][gc,start    ] GC(172) Pause Young (Mixed) (G1 Evacuation Pause)
[2024-08-28T13:04:00.493+0000][info][gc,task     ] GC(172) Using 24 workers of 68 for evacuation
[2024-08-28T13:04:00.505+0000][info][gc,phases   ] GC(172)   Pre Evacuate Collection Set: 0.2ms
[2024-08-28T13:04:00.505+0000][info][gc,phases   ] GC(172)   Merge Heap Roots: 0.4ms
[2024-08-28T13:04:00.505+0000][info][gc,phases   ] GC(172)   Evacuate Collection Set: 11.5ms
[2024-08-28T13:04:00.505+0000][info][gc,phases   ] GC(172)   Post Evacuate Collection Set: 0.4ms
[2024-08-28T13:04:00.506+0000][info][gc,phases   ] GC(172)   Other: 0.3ms
[2024-08-28T13:04:00.506+0000][info][gc,heap     ] GC(172) Eden regions: 44->0(44)
[2024-08-28T13:04:00.506+0000][info][gc,heap     ] GC(172) Survivor regions: 7->7(7)
[2024-08-28T13:04:00.506+0000][info][gc,heap     ] GC(172) Old regions: 791->735
[2024-08-28T13:04:00.506+0000][info][gc,heap     ] GC(172) Archive regions: 2->2
[2024-08-28T13:04:00.506+0000][info][gc,heap     ] GC(172) Humongous regions: 5->5
[2024-08-28T13:04:00.506+0000][info][gc,metaspace] GC(172) Metaspace: 100K(320K)->100K(320K) NonClass: 96K(192K)->96K(192K) Class: 4K(128K)->4K(128K)
[2024-08-28T13:04:00.506+0000][info][gc          ] GC(172) Pause Young (Mixed) (G1 Evacuation Pause) 847M->747M(1024M) 12.904ms
[2024-08-28T13:04:00.506+0000][info][gc,cpu      ] GC(172) User=0.27s Sys=0.00s Real=0.01s
[2024-08-28T13:04:00.532+0000][info][gc,start    ] GC(173) Pause Young (Mixed) (G1 Evacuation Pause)
[2024-08-28T13:04:00.532+0000][info][gc,task     ] GC(173) Using 24 workers of 68 for evacuation
[2024-08-28T13:04:00.545+0000][info][gc,phases   ] GC(173)   Pre Evacuate Collection Set: 0.1ms
[2024-08-28T13:04:00.545+0000][info][gc,phases   ] GC(173)   Merge Heap Roots: 0.5ms
[2024-08-28T13:04:00.545+0000][info][gc,phases   ] GC(173)   Evacuate Collection Set: 11.0ms
[2024-08-28T13:04:00.545+0000][info][gc,phases   ] GC(173)   Post Evacuate Collection Set: 0.3ms
[2024-08-28T13:04:00.545+0000][info][gc,phases   ] GC(173)   Other: 0.2ms
[2024-08-28T13:04:00.545+0000][info][gc,heap     ] GC(173) Eden regions: 44->0(44)
[2024-08-28T13:04:00.545+0000][info][gc,heap     ] GC(173) Survivor regions: 7->7(7)
[2024-08-28T13:04:00.545+0000][info][gc,heap     ] GC(173) Old regions: 735->770
[2024-08-28T13:04:00.545+0000][info][gc,heap     ] GC(173) Archive regions: 2->2
[2024-08-28T13:04:00.545+0000][info][gc,heap     ] GC(173) Humongous regions: 5->5
[2024-08-28T13:04:00.545+0000][info][gc,metaspace] GC(173) Metaspace: 100K(320K)->100K(320K) NonClass: 96K(192K)->96K(192K) Class: 4K(128K)->4K(128K)
[2024-08-28T13:04:00.545+0000][info][gc          ] GC(173) Pause Young (Mixed) (G1 Evacuation Pause) 791M->782M(1024M) 12.335ms
[2024-08-28T13:04:00.545+0000][info][gc,cpu      ] GC(173) User=0.28s Sys=0.00s Real=0.01s
[2024-08-28T13:04:00.572+0000][info][gc,start    ] GC(174) Pause Young (Concurrent Start) (G1 Evacuation Pause)
[2024-08-28T13:04:00.572+0000][info][gc,task     ] GC(174) Using 24 workers of 68 for evacuation
[2024-08-28T13:04:00.584+0000][info][gc,phases   ] GC(174)   Pre Evacuate Collection Set: 0.1ms
[2024-08-28T13:04:00.584+0000][info][gc,phases   ] GC(174)   Merge Heap Roots: 0.5ms
[2024-08-28T13:04:00.584+0000][info][gc,phases   ] GC(174)   Evacuate Collection Set: 10.6ms
[2024-08-28T13:04:00.584+0000][info][gc,phases   ] GC(174)   Post Evacuate Collection Set: 0.4ms
[2024-08-28T13:04:00.584+0000][info][gc,phases   ] GC(174)   Other: 0.8ms
[2024-08-28T13:04:00.584+0000][info][gc,heap     ] GC(174) Eden regions: 44->0(44)
[2024-08-28T13:04:00.584+0000][info][gc,heap     ] GC(174) Survivor regions: 7->7(7)
[2024-08-28T13:04:00.584+0000][info][gc,heap     ] GC(174) Old regions: 770->816
[2024-08-28T13:04:00.584+0000][info][gc,heap     ] GC(174) Archive regions: 2->2
[2024-08-28T13:04:00.584+0000][info][gc,heap     ] GC(174) Humongous regions: 5->5
[2024-08-28T13:04:00.584+0000][info][gc,metaspace] GC(174) Metaspace: 100K(320K)->100K(320K) NonClass: 96K(192K)->96K(192K) Class: 4K(128K)->4K(128K)
[2024-08-28T13:04:00.584+0000][info][gc          ] GC(174) Pause Young (Concurrent Start) (G1 Evacuation Pause) 826M->828M(1024M) 12.534ms
[2024-08-28T13:04:00.584+0000][info][gc,cpu      ] GC(174) User=0.27s Sys=0.00s Real=0.01s
[2024-08-28T13:04:00.584+0000][info][gc          ] GC(175) Concurrent Mark Cycle
[2024-08-28T13:04:00.584+0000][info][gc,marking  ] GC(175) Concurrent Clear Claimed Marks
[2024-08-28T13:04:00.584+0000][info][gc,marking  ] GC(175) Concurrent Clear Claimed Marks 0.013ms
[2024-08-28T13:04:00.584+0000][info][gc,marking  ] GC(175) Concurrent Scan Root Regions
[2024-08-28T13:04:00.586+0000][info][gc,marking  ] GC(175) Concurrent Scan Root Regions 1.737ms
[2024-08-28T13:04:00.586+0000][info][gc,marking  ] GC(175) Concurrent Mark
[2024-08-28T13:04:00.586+0000][info][gc,marking  ] GC(175) Concurrent Mark From Roots
[2024-08-28T13:04:00.586+0000][info][gc,task     ] GC(175) Using 17 workers of 17 for marking
[2024-08-28T13:04:00.612+0000][info][gc,marking  ] GC(175) Concurrent Mark From Roots 25.639ms
[2024-08-28T13:04:00.612+0000][info][gc,marking  ] GC(175) Concurrent Preclean
[2024-08-28T13:04:00.612+0000][info][gc,marking  ] GC(175) Concurrent Preclean 0.694ms
[2024-08-28T13:04:00.613+0000][info][gc,start    ] GC(175) Pause Remark
[2024-08-28T13:04:00.614+0000][info][gc          ] GC(175) Pause Remark 854M->854M(1024M) 1.292ms
[2024-08-28T13:04:00.614+0000][info][gc,cpu      ] GC(175) User=0.01s Sys=0.00s Real=0.00s
[2024-08-28T13:04:00.614+0000][info][gc,marking  ] GC(175) Concurrent Mark 27.978ms
[2024-08-28T13:04:00.614+0000][info][gc,marking  ] GC(175) Concurrent Rebuild Remembered Sets
[2024-08-28T13:04:00.632+0000][info][gc,start    ] GC(176) Pause Young (Normal) (G1 Evacuation Pause)
[2024-08-28T13:04:00.632+0000][info][gc,task     ] GC(176) Using 24 workers of 68 for evacuation
[2024-08-28T13:04:00.643+0000][info][gc,phases   ] GC(176)   Pre Evacuate Collection Set: 0.2ms
[2024-08-28T13:04:00.643+0000][info][gc,phases   ] GC(176)   Merge Heap Roots: 0.4ms
[2024-08-28T13:04:00.643+0000][info][gc,phases   ] GC(176)   Evacuate Collection Set: 10.1ms
[2024-08-28T13:04:00.643+0000][info][gc,phases   ] GC(176)   Post Evacuate Collection Set: 0.4ms
[2024-08-28T13:04:00.643+0000][info][gc,phases   ] GC(176)   Other: 0.3ms
[2024-08-28T13:04:00.643+0000][info][gc,heap     ] GC(176) Eden regions: 44->0(44)
[2024-08-28T13:04:00.643+0000][info][gc,heap     ] GC(176) Survivor regions: 7->7(7)
[2024-08-28T13:04:00.643+0000][info][gc,heap     ] GC(176) Old regions: 816->862
[2024-08-28T13:04:00.643+0000][info][gc,heap     ] GC(176) Archive regions: 2->2
[2024-08-28T13:04:00.643+0000][info][gc,heap     ] GC(176) Humongous regions: 5->5
[2024-08-28T13:04:00.643+0000][info][gc,metaspace] GC(176) Metaspace: 100K(320K)->100K(320K) NonClass: 96K(192K)->96K(192K) Class: 4K(128K)->4K(128K)
[2024-08-28T13:04:00.643+0000][info][gc          ] GC(176) Pause Young (Normal) (G1 Evacuation Pause) 872M->874M(1024M) 11.421ms
[2024-08-28T13:04:00.643+0000][info][gc,cpu      ] GC(176) User=0.25s Sys=0.00s Real=0.01s
[2024-08-28T13:04:00.680+0000][info][gc,marking  ] GC(175) Concurrent Rebuild Remembered Sets 65.664ms
[2024-08-28T13:04:00.680+0000][info][gc,start    ] GC(175) Pause Cleanup
[2024-08-28T13:04:00.683+0000][info][gc          ] GC(175) Pause Cleanup 911M->911M(1024M) 2.482ms
[2024-08-28T13:04:00.683+0000][info][gc,cpu      ] GC(175) User=0.01s Sys=0.00s Real=0.00s
[2024-08-28T13:04:00.683+0000][info][gc,marking  ] GC(175) Concurrent Cleanup for Next Mark
[2024-08-28T13:04:00.683+0000][info][gc,marking  ] GC(175) Concurrent Cleanup for Next Mark 0.726ms
[2024-08-28T13:04:00.683+0000][info][gc          ] GC(175) Concurrent Mark Cycle 99.338ms
[2024-08-28T13:04:00.689+0000][info][gc,start    ] GC(177) Pause Young (Prepare Mixed) (G1 Evacuation Pause)
[2024-08-28T13:04:00.689+0000][info][gc,task     ] GC(177) Using 24 workers of 68 for evacuation
[2024-08-28T13:04:00.703+0000][info][gc,phases   ] GC(177)   Pre Evacuate Collection Set: 0.2ms
[2024-08-28T13:04:00.703+0000][info][gc,phases   ] GC(177)   Merge Heap Roots: 0.4ms
[2024-08-28T13:04:00.703+0000][info][gc,phases   ] GC(177)   Evacuate Collection Set: 12.8ms
[2024-08-28T13:04:00.703+0000][info][gc,phases   ] GC(177)   Post Evacuate Collection Set: 0.3ms
[2024-08-28T13:04:00.703+0000][info][gc,phases   ] GC(177)   Other: 0.2ms
[2024-08-28T13:04:00.703+0000][info][gc,heap     ] GC(177) Eden regions: 44->0(44)
[2024-08-28T13:04:00.703+0000][info][gc,heap     ] GC(177) Survivor regions: 7->7(7)
[2024-08-28T13:04:00.703+0000][info][gc,heap     ] GC(177) Old regions: 862->909
[2024-08-28T13:04:00.703+0000][info][gc,heap     ] GC(177) Archive regions: 2->2
[2024-08-28T13:04:00.703+0000][info][gc,heap     ] GC(177) Humongous regions: 5->5
[2024-08-28T13:04:00.703+0000][info][gc,metaspace] GC(177) Metaspace: 100K(320K)->100K(320K) NonClass: 96K(192K)->96K(192K) Class: 4K(128K)->4K(128K)
[2024-08-28T13:04:00.703+0000][info][gc          ] GC(177) Pause Young (Prepare Mixed) (G1 Evacuation Pause) 918M->921M(1024M) 13.985ms
[2024-08-28T13:04:00.703+0000][info][gc,cpu      ] GC(177) User=0.32s Sys=0.00s Real=0.02s
[2024-08-28T13:04:00.731+0000][info][gc,start    ] GC(178) Pause Young (Mixed) (G1 Preventive Collection)
[2024-08-28T13:04:00.731+0000][info][gc,task     ] GC(178) Using 24 workers of 68 for evacuation
[2024-08-28T13:04:00.743+0000][info][gc,phases   ] GC(178)   Pre Evacuate Collection Set: 0.3ms
[2024-08-28T13:04:00.743+0000][info][gc,phases   ] GC(178)   Merge Heap Roots: 0.4ms
[2024-08-28T13:04:00.743+0000][info][gc,phases   ] GC(178)   Evacuate Collection Set: 11.0ms
[2024-08-28T13:04:00.743+0000][info][gc,phases   ] GC(178)   Post Evacuate Collection Set: 0.4ms
[2024-08-28T13:04:00.743+0000][info][gc,phases   ] GC(178)   Other: 0.3ms
[2024-08-28T13:04:00.743+0000][info][gc,heap     ] GC(178) Eden regions: 44->0(44)
[2024-08-28T13:04:00.743+0000][info][gc,heap     ] GC(178) Survivor regions: 7->7(7)
[2024-08-28T13:04:00.743+0000][info][gc,heap     ] GC(178) Old regions: 909->851
[2024-08-28T13:04:00.743+0000][info][gc,heap     ] GC(178) Archive regions: 2->2
[2024-08-28T13:04:00.743+0000][info][gc,heap     ] GC(178) Humongous regions: 5->5
[2024-08-28T13:04:00.743+0000][info][gc,metaspace] GC(178) Metaspace: 100K(320K)->100K(320K) NonClass: 96K(192K)->96K(192K) Class: 4K(128K)->4K(128K)
[2024-08-28T13:04:00.743+0000][info][gc          ] GC(178) Pause Young (Mixed) (G1 Preventive Collection) 965M->863M(1024M) 12.417ms
[2024-08-28T13:04:00.743+0000][info][gc,cpu      ] GC(178) User=0.28s Sys=0.00s Real=0.01s
[2024-08-28T13:04:00.770+0000][info][gc,start    ] GC(179) Pause Young (Mixed) (G1 Evacuation Pause)
[2024-08-28T13:04:00.770+0000][info][gc,task     ] GC(179) Using 24 workers of 68 for evacuation
[2024-08-28T13:04:00.783+0000][info][gc,phases   ] GC(179)   Pre Evacuate Collection Set: 0.2ms
[2024-08-28T13:04:00.783+0000][info][gc,phases   ] GC(179)   Merge Heap Roots: 0.3ms
[2024-08-28T13:04:00.783+0000][info][gc,phases   ] GC(179)   Evacuate Collection Set: 11.3ms
[2024-08-28T13:04:00.783+0000][info][gc,phases   ] GC(179)   Post Evacuate Collection Set: 0.4ms
[2024-08-28T13:04:00.783+0000][info][gc,phases   ] GC(179)   Other: 0.3ms
[2024-08-28T13:04:00.783+0000][info][gc,heap     ] GC(179) Eden regions: 44->0(44)
[2024-08-28T13:04:00.783+0000][info][gc,heap     ] GC(179) Survivor regions: 7->7(7)
[2024-08-28T13:04:00.783+0000][info][gc,heap     ] GC(179) Old regions: 851->795
[2024-08-28T13:04:00.783+0000][info][gc,heap     ] GC(179) Archive regions: 2->2
[2024-08-28T13:04:00.783+0000][info][gc,heap     ] GC(179) Humongous regions: 5->5
[2024-08-28T13:04:00.783+0000][info][gc,metaspace] GC(179) Metaspace: 100K(320K)->100K(320K) NonClass: 96K(192K)->96K(192K) Class: 4K(128K)->4K(128K)
[2024-08-28T13:04:00.783+0000][info][gc          ] GC(179) Pause Young (Mixed) (G1 Evacuation Pause) 907M->807M(1024M) 12.537ms
[2024-08-28T13:04:00.783+0000][info][gc,cpu      ] GC(179) User=0.28s Sys=0.00s Real=0.01s
[2024-08-28T13:04:00.808+0000][info][gc,start    ] GC(180) Pause Young (Mixed) (G1 Evacuation Pause)
[2024-08-28T13:04:00.808+0000][info][gc,task     ] GC(180) Using 24 workers of 68 for evacuation
[2024-08-28T13:04:00.820+0000][info][gc,phases   ] GC(180)   Pre Evacuate Collection Set: 0.2ms
[2024-08-28T13:04:00.820+0000][info][gc,phases   ] GC(180)   Merge Heap Roots: 0.4ms
[2024-08-28T13:04:00.820+0000][info][gc,phases   ] GC(180)   Evacuate Collection Set: 11.0ms
[2024-08-28T13:04:00.820+0000][info][gc,phases   ] GC(180)   Post Evacuate Collection Set: 0.4ms
[2024-08-28T13:04:00.820+0000][info][gc,phases   ] GC(180)   Other: 0.2ms
[2024-08-28T13:04:00.820+0000][info][gc,heap     ] GC(180) Eden regions: 44->0(44)
[2024-08-28T13:04:00.821+0000][info][gc,heap     ] GC(180) Survivor regions: 7->7(7)
[2024-08-28T13:04:00.821+0000][info][gc,heap     ] GC(180) Old regions: 795->740
[2024-08-28T13:04:00.821+0000][info][gc,heap     ] GC(180) Archive regions: 2->2
[2024-08-28T13:04:00.821+0000][info][gc,heap     ] GC(180) Humongous regions: 5->5
[2024-08-28T13:04:00.821+0000][info][gc,metaspace] GC(180) Metaspace: 100K(320K)->100K(320K) NonClass: 96K(192K)->96K(192K) Class: 4K(128K)->4K(128K)
[2024-08-28T13:04:00.821+0000][info][gc          ] GC(180) Pause Young (Mixed) (G1 Evacuation Pause) 851M->752M(1024M) 12.207ms
[2024-08-28T13:04:00.821+0000][info][gc,cpu      ] GC(180) User=0.28s Sys=0.00s Real=0.02s
[2024-08-28T13:04:00.846+0000][info][gc,start    ] GC(181) Pause Young (Mixed) (G1 Evacuation Pause)
[2024-08-28T13:04:00.846+0000][info][gc,task     ] GC(181) Using 24 workers of 68 for evacuation
[2024-08-28T13:04:00.858+0000][info][gc,phases   ] GC(181)   Pre Evacuate Collection Set: 0.2ms
[2024-08-28T13:04:00.858+0000][info][gc,phases   ] GC(181)   Merge Heap Roots: 0.3ms
[2024-08-28T13:04:00.858+0000][info][gc,phases   ] GC(181)   Evacuate Collection Set: 11.0ms
[2024-08-28T13:04:00.858+0000][info][gc,phases   ] GC(181)   Post Evacuate Collection Set: 0.3ms
[2024-08-28T13:04:00.858+0000][info][gc,phases   ] GC(181)   Other: 0.2ms
[2024-08-28T13:04:00.858+0000][info][gc,heap     ] GC(181) Eden regions: 44->0(44)
[2024-08-28T13:04:00.858+0000][info][gc,heap     ] GC(181) Survivor regions: 7->7(7)
[2024-08-28T13:04:00.858+0000][info][gc,heap     ] GC(181) Old regions: 740->770
[2024-08-28T13:04:00.858+0000][info][gc,heap     ] GC(181) Archive regions: 2->2
[2024-08-28T13:04:00.858+0000][info][gc,heap     ] GC(181) Humongous regions: 5->5
[2024-08-28T13:04:00.858+0000][info][gc,metaspace] GC(181) Metaspace: 100K(320K)->100K(320K) NonClass: 96K(192K)->96K(192K) Class: 4K(128K)->4K(128K)
[2024-08-28T13:04:00.858+0000][info][gc          ] GC(181) Pause Young (Mixed) (G1 Evacuation Pause) 796M->782M(1024M) 11.991ms
[2024-08-28T13:04:00.858+0000][info][gc,cpu      ] GC(181) User=0.27s Sys=0.00s Real=0.02s
[2024-08-28T13:04:00.884+0000][info][gc,start    ] GC(182) Pause Young (Concurrent Start) (G1 Evacuation Pause)
[2024-08-28T13:04:00.884+0000][info][gc,task     ] GC(182) Using 24 workers of 68 for evacuation
[2024-08-28T13:04:00.895+0000][info][gc,phases   ] GC(182)   Pre Evacuate Collection Set: 0.1ms
[2024-08-28T13:04:00.895+0000][info][gc,phases   ] GC(182)   Merge Heap Roots: 0.3ms
[2024-08-28T13:04:00.895+0000][info][gc,phases   ] GC(182)   Evacuate Collection Set: 10.0ms
[2024-08-28T13:04:00.895+0000][info][gc,phases   ] GC(182)   Post Evacuate Collection Set: 0.3ms
[2024-08-28T13:04:00.895+0000][info][gc,phases   ] GC(182)   Other: 0.6ms
[2024-08-28T13:04:00.895+0000][info][gc,heap     ] GC(182) Eden regions: 44->0(44)
[2024-08-28T13:04:00.895+0000][info][gc,heap     ] GC(182) Survivor regions: 7->7(7)
[2024-08-28T13:04:00.895+0000][info][gc,heap     ] GC(182) Old regions: 770->816
[2024-08-28T13:04:00.895+0000][info][gc,heap     ] GC(182) Archive regions: 2->2
[2024-08-28T13:04:00.895+0000][info][gc,heap     ] GC(182) Humongous regions: 5->5
[2024-08-28T13:04:00.895+0000][info][gc,metaspace] GC(182) Metaspace: 100K(320K)->100K(320K) NonClass: 96K(192K)->96K(192K) Class: 4K(128K)->4K(128K)
[2024-08-28T13:04:00.895+0000][info][gc          ] GC(182) Pause Young (Concurrent Start) (G1 Evacuation Pause) 826M->828M(1024M) 11.490ms
[2024-08-28T13:04:00.895+0000][info][gc,cpu      ] GC(182) User=0.25s Sys=0.00s Real=0.01s
[2024-08-28T13:04:00.895+0000][info][gc          ] GC(183) Concurrent Mark Cycle
[2024-08-28T13:04:00.895+0000][info][gc,marking  ] GC(183) Concurrent Clear Claimed Marks
[2024-08-28T13:04:00.895+0000][info][gc,marking  ] GC(183) Concurrent Clear Claimed Marks 0.009ms
[2024-08-28T13:04:00.895+0000][info][gc,marking  ] GC(183) Concurrent Scan Root Regions
[2024-08-28T13:04:00.897+0000][info][gc,marking  ] GC(183) Concurrent Scan Root Regions 1.758ms
[2024-08-28T13:04:00.897+0000][info][gc,marking  ] GC(183) Concurrent Mark
[2024-08-28T13:04:00.897+0000][info][gc,marking  ] GC(183) Concurrent Mark From Roots
[2024-08-28T13:04:00.897+0000][info][gc,task     ] GC(183) Using 17 workers of 17 for marking
[2024-08-28T13:04:00.923+0000][info][gc,marking  ] GC(183) Concurrent Mark From Roots 25.532ms
[2024-08-28T13:04:00.923+0000][info][gc,marking  ] GC(183) Concurrent Preclean
[2024-08-28T13:04:00.923+0000][info][gc,marking  ] GC(183) Concurrent Preclean 0.503ms
[2024-08-28T13:04:00.923+0000][info][gc,start    ] GC(183) Pause Remark
[2024-08-28T13:04:00.925+0000][info][gc          ] GC(183) Pause Remark 855M->855M(1024M) 1.209ms
[2024-08-28T13:04:00.925+0000][info][gc,cpu      ] GC(183) User=0.01s Sys=0.00s Real=0.00s
[2024-08-28T13:04:00.925+0000][info][gc,marking  ] GC(183) Concurrent Mark 27.643ms
[2024-08-28T13:04:00.925+0000][info][gc,marking  ] GC(183) Concurrent Rebuild Remembered Sets
[2024-08-28T13:04:00.941+0000][info][gc,start    ] GC(184) Pause Young (Normal) (G1 Evacuation Pause)
[2024-08-28T13:04:00.941+0000][info][gc,task     ] GC(184) Using 24 workers of 68 for evacuation
[2024-08-28T13:04:00.952+0000][info][gc,phases   ] GC(184)   Pre Evacuate Collection Set: 0.2ms
[2024-08-28T13:04:00.952+0000][info][gc,phases   ] GC(184)   Merge Heap Roots: 0.4ms
[2024-08-28T13:04:00.952+0000][info][gc,phases   ] GC(184)   Evacuate Collection Set: 10.0ms
[2024-08-28T13:04:00.952+0000][info][gc,phases   ] GC(184)   Post Evacuate Collection Set: 0.4ms
[2024-08-28T13:04:00.952+0000][info][gc,phases   ] GC(184)   Other: 0.2ms
[2024-08-28T13:04:00.952+0000][info][gc,heap     ] GC(184) Eden regions: 44->0(44)
[2024-08-28T13:04:00.952+0000][info][gc,heap     ] GC(184) Survivor regions: 7->7(7)
[2024-08-28T13:04:00.952+0000][info][gc,heap     ] GC(184) Old regions: 816->862
[2024-08-28T13:04:00.952+0000][info][gc,heap     ] GC(184) Archive regions: 2->2
[2024-08-28T13:04:00.952+0000][info][gc,heap     ] GC(184) Humongous regions: 5->5
[2024-08-28T13:04:00.952+0000][info][gc,metaspace] GC(184) Metaspace: 100K(320K)->100K(320K) NonClass: 96K(192K)->96K(192K) Class: 4K(128K)->4K(128K)
[2024-08-28T13:04:00.952+0000][info][gc          ] GC(184) Pause Young (Normal) (G1 Evacuation Pause) 872M->874M(1024M) 11.214ms
[2024-08-28T13:04:00.952+0000][info][gc,cpu      ] GC(184) User=0.25s Sys=0.00s Real=0.01s
[2024-08-28T13:04:00.989+0000][info][gc,marking  ] GC(183) Concurrent Rebuild Remembered Sets 63.894ms
[2024-08-28T13:04:00.989+0000][info][gc,start    ] GC(183) Pause Cleanup
[2024-08-28T13:04:00.991+0000][info][gc          ] GC(183) Pause Cleanup 914M->914M(1024M) 1.597ms
[2024-08-28T13:04:00.991+0000][info][gc,cpu      ] GC(183) User=0.00s Sys=0.01s Real=0.01s
[2024-08-28T13:04:00.991+0000][info][gc,marking  ] GC(183) Concurrent Cleanup for Next Mark
[2024-08-28T13:04:00.991+0000][info][gc,marking  ] GC(183) Concurrent Cleanup for Next Mark 0.788ms
[2024-08-28T13:04:00.991+0000][info][gc          ] GC(183) Concurrent Mark Cycle 96.335ms
[2024-08-28T13:04:00.994+0000][info][gc,start    ] GC(185) Pause Young (Prepare Mixed) (G1 Evacuation Pause)
[2024-08-28T13:04:00.994+0000][info][gc,task     ] GC(185) Using 24 workers of 68 for evacuation
[2024-08-28T13:04:01.009+0000][info][gc,phases   ] GC(185)   Pre Evacuate Collection Set: 0.1ms
[2024-08-28T13:04:01.009+0000][info][gc,phases   ] GC(185)   Merge Heap Roots: 0.5ms
[2024-08-28T13:04:01.009+0000][info][gc,phases   ] GC(185)   Evacuate Collection Set: 13.7ms
[2024-08-28T13:04:01.009+0000][info][gc,phases   ] GC(185)   Post Evacuate Collection Set: 0.3ms
[2024-08-28T13:04:01.009+0000][info][gc,phases   ] GC(185)   Other: 0.2ms
[2024-08-28T13:04:01.009+0000][info][gc,heap     ] GC(185) Eden regions: 44->0(44)
[2024-08-28T13:04:01.009+0000][info][gc,heap     ] GC(185) Survivor regions: 7->7(7)
[2024-08-28T13:04:01.009+0000][info][gc,heap     ] GC(185) Old regions: 862->909
[2024-08-28T13:04:01.009+0000][info][gc,heap     ] GC(185) Archive regions: 2->2
[2024-08-28T13:04:01.009+0000][info][gc,heap     ] GC(185) Humongous regions: 5->5
[2024-08-28T13:04:01.009+0000][info][gc,metaspace] GC(185) Metaspace: 100K(320K)->100K(320K) NonClass: 96K(192K)->96K(192K) Class: 4K(128K)->4K(128K)
[2024-08-28T13:04:01.009+0000][info][gc          ] GC(185) Pause Young (Prepare Mixed) (G1 Evacuation Pause) 918M->921M(1024M) 14.918ms
[2024-08-28T13:04:01.009+0000][info][gc,cpu      ] GC(185) User=0.34s Sys=0.00s Real=0.01s
[2024-08-28T13:04:01.035+0000][info][gc,start    ] GC(186) Pause Young (Mixed) (G1 Preventive Collection)
[2024-08-28T13:04:01.035+0000][info][gc,task     ] GC(186) Using 24 workers of 68 for evacuation
[2024-08-28T13:04:01.047+0000][info][gc,phases   ] GC(186)   Pre Evacuate Collection Set: 0.2ms
[2024-08-28T13:04:01.047+0000][info][gc,phases   ] GC(186)   Merge Heap Roots: 0.3ms
[2024-08-28T13:04:01.047+0000][info][gc,phases   ] GC(186)   Evacuate Collection Set: 10.9ms
[2024-08-28T13:04:01.047+0000][info][gc,phases   ] GC(186)   Post Evacuate Collection Set: 0.4ms
[2024-08-28T13:04:01.047+0000][info][gc,phases   ] GC(186)   Other: 0.2ms
[2024-08-28T13:04:01.047+0000][info][gc,heap     ] GC(186) Eden regions: 44->0(44)
[2024-08-28T13:04:01.047+0000][info][gc,heap     ] GC(186) Survivor regions: 7->7(7)
[2024-08-28T13:04:01.047+0000][info][gc,heap     ] GC(186) Old regions: 909->852
[2024-08-28T13:04:01.047+0000][info][gc,heap     ] GC(186) Archive regions: 2->2
[2024-08-28T13:04:01.047+0000][info][gc,heap     ] GC(186) Humongous regions: 5->5
[2024-08-28T13:04:01.047+0000][info][gc,metaspace] GC(186) Metaspace: 100K(320K)->100K(320K) NonClass: 96K(192K)->96K(192K) Class: 4K(128K)->4K(128K)
[2024-08-28T13:04:01.047+0000][info][gc          ] GC(186) Pause Young (Mixed) (G1 Preventive Collection) 965M->864M(1024M) 12.089ms
[2024-08-28T13:04:01.047+0000][info][gc,cpu      ] GC(186) User=0.27s Sys=0.00s Real=0.01s
[2024-08-28T13:04:01.071+0000][info][gc,start    ] GC(187) Pause Young (Mixed) (G1 Evacuation Pause)
[2024-08-28T13:04:01.071+0000][info][gc,task     ] GC(187) Using 24 workers of 68 for evacuation
[2024-08-28T13:04:01.084+0000][info][gc,phases   ] GC(187)   Pre Evacuate Collection Set: 0.2ms
[2024-08-28T13:04:01.084+0000][info][gc,phases   ] GC(187)   Merge Heap Roots: 0.5ms
[2024-08-28T13:04:01.084+0000][info][gc,phases   ] GC(187)   Evacuate Collection Set: 11.4ms
[2024-08-28T13:04:01.084+0000][info][gc,phases   ] GC(187)   Post Evacuate Collection Set: 0.4ms
[2024-08-28T13:04:01.084+0000][info][gc,phases   ] GC(187)   Other: 0.3ms
[2024-08-28T13:04:01.084+0000][info][gc,heap     ] GC(187) Eden regions: 44->0(44)
[2024-08-28T13:04:01.084+0000][info][gc,heap     ] GC(187) Survivor regions: 7->7(7)
[2024-08-28T13:04:01.084+0000][info][gc,heap     ] GC(187) Old regions: 852->796
[2024-08-28T13:04:01.084+0000][info][gc,heap     ] GC(187) Archive regions: 2->2
[2024-08-28T13:04:01.084+0000][info][gc,heap     ] GC(187) Humongous regions: 5->5
[2024-08-28T13:04:01.084+0000][info][gc,metaspace] GC(187) Metaspace: 100K(320K)->100K(320K) NonClass: 96K(192K)->96K(192K) Class: 4K(128K)->4K(128K)
[2024-08-28T13:04:01.084+0000][info][gc          ] GC(187) Pause Young (Mixed) (G1 Evacuation Pause) 908M->808M(1024M) 12.941ms
[2024-08-28T13:04:01.084+0000][info][gc,cpu      ] GC(187) User=0.29s Sys=0.00s Real=0.01s
[2024-08-28T13:04:01.108+0000][info][gc,start    ] GC(188) Pause Young (Mixed) (G1 Evacuation Pause)
[2024-08-28T13:04:01.108+0000][info][gc,task     ] GC(188) Using 24 workers of 68 for evacuation
[2024-08-28T13:04:01.120+0000][info][gc,phases   ] GC(188)   Pre Evacuate Collection Set: 0.2ms
[2024-08-28T13:04:01.120+0000][info][gc,phases   ] GC(188)   Merge Heap Roots: 0.3ms
[2024-08-28T13:04:01.120+0000][info][gc,phases   ] GC(188)   Evacuate Collection Set: 11.1ms
[2024-08-28T13:04:01.120+0000][info][gc,phases   ] GC(188)   Post Evacuate Collection Set: 0.5ms
[2024-08-28T13:04:01.120+0000][info][gc,phases   ] GC(188)   Other: 0.2ms
[2024-08-28T13:04:01.120+0000][info][gc,heap     ] GC(188) Eden regions: 44->0(44)
[2024-08-28T13:04:01.120+0000][info][gc,heap     ] GC(188) Survivor regions: 7->7(7)
[2024-08-28T13:04:01.120+0000][info][gc,heap     ] GC(188) Old regions: 796->741
[2024-08-28T13:04:01.121+0000][info][gc,heap     ] GC(188) Archive regions: 2->2
[2024-08-28T13:04:01.121+0000][info][gc,heap     ] GC(188) Humongous regions: 5->5
[2024-08-28T13:04:01.121+0000][info][gc,metaspace] GC(188) Metaspace: 100K(320K)->100K(320K) NonClass: 96K(192K)->96K(192K) Class: 4K(128K)->4K(128K)
[2024-08-28T13:04:01.121+0000][info][gc          ] GC(188) Pause Young (Mixed) (G1 Evacuation Pause) 852M->753M(1024M) 12.387ms
[2024-08-28T13:04:01.121+0000][info][gc,cpu      ] GC(188) User=0.27s Sys=0.00s Real=0.02s
[2024-08-28T13:04:01.144+0000][info][gc,start    ] GC(189) Pause Young (Mixed) (G1 Evacuation Pause)
[2024-08-28T13:04:01.145+0000][info][gc,task     ] GC(189) Using 24 workers of 68 for evacuation
[2024-08-28T13:04:01.157+0000][info][gc,phases   ] GC(189)   Pre Evacuate Collection Set: 0.2ms
[2024-08-28T13:04:01.157+0000][info][gc,phases   ] GC(189)   Merge Heap Roots: 0.5ms
[2024-08-28T13:04:01.157+0000][info][gc,phases   ] GC(189)   Evacuate Collection Set: 11.2ms
[2024-08-28T13:04:01.157+0000][info][gc,phases   ] GC(189)   Post Evacuate Collection Set: 0.3ms
[2024-08-28T13:04:01.157+0000][info][gc,phases   ] GC(189)   Other: 0.3ms
[2024-08-28T13:04:01.157+0000][info][gc,heap     ] GC(189) Eden regions: 44->0(44)
[2024-08-28T13:04:01.157+0000][info][gc,heap     ] GC(189) Survivor regions: 7->7(7)
[2024-08-28T13:04:01.157+0000][info][gc,heap     ] GC(189) Old regions: 741->770
[2024-08-28T13:04:01.157+0000][info][gc,heap     ] GC(189) Archive regions: 2->2
[2024-08-28T13:04:01.157+0000][info][gc,heap     ] GC(189) Humongous regions: 5->5
[2024-08-28T13:04:01.157+0000][info][gc,metaspace] GC(189) Metaspace: 100K(320K)->100K(320K) NonClass: 96K(192K)->96K(192K) Class: 4K(128K)->4K(128K)
[2024-08-28T13:04:01.157+0000][info][gc          ] GC(189) Pause Young (Mixed) (G1 Evacuation Pause) 797M->782M(1024M) 12.532ms
[2024-08-28T13:04:01.157+0000][info][gc,cpu      ] GC(189) User=0.28s Sys=0.00s Real=0.01s
[2024-08-28T13:04:01.182+0000][info][gc,start    ] GC(190) Pause Young (Concurrent Start) (G1 Evacuation Pause)
[2024-08-28T13:04:01.182+0000][info][gc,task     ] GC(190) Using 24 workers of 68 for evacuation
[2024-08-28T13:04:01.194+0000][info][gc,phases   ] GC(190)   Pre Evacuate Collection Set: 0.2ms
[2024-08-28T13:04:01.194+0000][info][gc,phases   ] GC(190)   Merge Heap Roots: 0.6ms
[2024-08-28T13:04:01.194+0000][info][gc,phases   ] GC(190)   Evacuate Collection Set: 10.5ms
[2024-08-28T13:04:01.194+0000][info][gc,phases   ] GC(190)   Post Evacuate Collection Set: 0.3ms
[2024-08-28T13:04:01.194+0000][info][gc,phases   ] GC(190)   Other: 0.9ms
[2024-08-28T13:04:01.194+0000][info][gc,heap     ] GC(190) Eden regions: 44->0(44)
[2024-08-28T13:04:01.194+0000][info][gc,heap     ] GC(190) Survivor regions: 7->7(7)
[2024-08-28T13:04:01.194+0000][info][gc,heap     ] GC(190) Old regions: 770->816
[2024-08-28T13:04:01.194+0000][info][gc,heap     ] GC(190) Archive regions: 2->2
[2024-08-28T13:04:01.194+0000][info][gc,heap     ] GC(190) Humongous regions: 5->5
[2024-08-28T13:04:01.194+0000][info][gc,metaspace] GC(190) Metaspace: 100K(320K)->100K(320K) NonClass: 96K(192K)->96K(192K) Class: 4K(128K)->4K(128K)
[2024-08-28T13:04:01.194+0000][info][gc          ] GC(190) Pause Young (Concurrent Start) (G1 Evacuation Pause) 826M->828M(1024M) 12.527ms
[2024-08-28T13:04:01.194+0000][info][gc,cpu      ] GC(190) User=0.26s Sys=0.00s Real=0.01s
[2024-08-28T13:04:01.194+0000][info][gc          ] GC(191) Concurrent Mark Cycle
[2024-08-28T13:04:01.194+0000][info][gc,marking  ] GC(191) Concurrent Clear Claimed Marks
[2024-08-28T13:04:01.194+0000][info][gc,marking  ] GC(191) Concurrent Clear Claimed Marks 0.009ms
[2024-08-28T13:04:01.194+0000][info][gc,marking  ] GC(191) Concurrent Scan Root Regions
[2024-08-28T13:04:01.196+0000][info][gc,marking  ] GC(191) Concurrent Scan Root Regions 1.675ms
[2024-08-28T13:04:01.196+0000][info][gc,marking  ] GC(191) Concurrent Mark
[2024-08-28T13:04:01.196+0000][info][gc,marking  ] GC(191) Concurrent Mark From Roots
[2024-08-28T13:04:01.196+0000][info][gc,task     ] GC(191) Using 17 workers of 17 for marking
[2024-08-28T13:04:01.221+0000][info][gc,marking  ] GC(191) Concurrent Mark From Roots 25.301ms
[2024-08-28T13:04:01.221+0000][info][gc,marking  ] GC(191) Concurrent Preclean
[2024-08-28T13:04:01.223+0000][info][gc,marking  ] GC(191) Concurrent Preclean 1.323ms
[2024-08-28T13:04:01.223+0000][info][gc,start    ] GC(191) Pause Remark
[2024-08-28T13:04:01.225+0000][info][gc          ] GC(191) Pause Remark 856M->856M(1024M) 1.679ms
[2024-08-28T13:04:01.225+0000][info][gc,cpu      ] GC(191) User=0.01s Sys=0.00s Real=0.00s
[2024-08-28T13:04:01.225+0000][info][gc,marking  ] GC(191) Concurrent Mark 28.713ms
[2024-08-28T13:04:01.225+0000][info][gc,marking  ] GC(191) Concurrent Rebuild Remembered Sets
[2024-08-28T13:04:01.241+0000][info][gc,start    ] GC(192) Pause Young (Normal) (G1 Evacuation Pause)
[2024-08-28T13:04:01.241+0000][info][gc,task     ] GC(192) Using 24 workers of 68 for evacuation
[2024-08-28T13:04:01.253+0000][info][gc,phases   ] GC(192)   Pre Evacuate Collection Set: 0.2ms
[2024-08-28T13:04:01.253+0000][info][gc,phases   ] GC(192)   Merge Heap Roots: 0.6ms
[2024-08-28T13:04:01.253+0000][info][gc,phases   ] GC(192)   Evacuate Collection Set: 10.5ms
[2024-08-28T13:04:01.253+0000][info][gc,phases   ] GC(192)   Post Evacuate Collection Set: 0.4ms
[2024-08-28T13:04:01.253+0000][info][gc,phases   ] GC(192)   Other: 0.3ms
[2024-08-28T13:04:01.253+0000][info][gc,heap     ] GC(192) Eden regions: 44->0(44)
[2024-08-28T13:04:01.253+0000][info][gc,heap     ] GC(192) Survivor regions: 7->7(7)
[2024-08-28T13:04:01.253+0000][info][gc,heap     ] GC(192) Old regions: 816->862
[2024-08-28T13:04:01.253+0000][info][gc,heap     ] GC(192) Archive regions: 2->2
[2024-08-28T13:04:01.253+0000][info][gc,heap     ] GC(192) Humongous regions: 5->5
[2024-08-28T13:04:01.253+0000][info][gc,metaspace] GC(192) Metaspace: 100K(320K)->100K(320K) NonClass: 96K(192K)->96K(192K) Class: 4K(128K)->4K(128K)
[2024-08-28T13:04:01.253+0000][info][gc          ] GC(192) Pause Young (Normal) (G1 Evacuation Pause) 872M->874M(1024M) 12.016ms
[2024-08-28T13:04:01.253+0000][info][gc,cpu      ] GC(192) User=0.26s Sys=0.01s Real=0.01s
[2024-08-28T13:04:01.293+0000][info][gc,marking  ] GC(191) Concurrent Rebuild Remembered Sets 68.398ms
[2024-08-28T13:04:01.294+0000][info][gc,start    ] GC(191) Pause Cleanup
[2024-08-28T13:04:01.295+0000][info][gc          ] GC(191) Pause Cleanup 917M->917M(1024M) 1.555ms
[2024-08-28T13:04:01.295+0000][info][gc,cpu      ] GC(191) User=0.00s Sys=0.00s Real=0.00s
[2024-08-28T13:04:01.295+0000][info][gc,marking  ] GC(191) Concurrent Cleanup for Next Mark
[2024-08-28T13:04:01.296+0000][info][gc,marking  ] GC(191) Concurrent Cleanup for Next Mark 0.801ms
[2024-08-28T13:04:01.296+0000][info][gc          ] GC(191) Concurrent Mark Cycle 101.691ms
[2024-08-28T13:04:01.297+0000][info][gc,start    ] GC(193) Pause Young (Prepare Mixed) (G1 Evacuation Pause)
[2024-08-28T13:04:01.297+0000][info][gc,task     ] GC(193) Using 24 workers of 68 for evacuation
[2024-08-28T13:04:01.312+0000][info][gc,phases   ] GC(193)   Pre Evacuate Collection Set: 0.1ms
[2024-08-28T13:04:01.312+0000][info][gc,phases   ] GC(193)   Merge Heap Roots: 0.4ms
[2024-08-28T13:04:01.312+0000][info][gc,phases   ] GC(193)   Evacuate Collection Set: 13.6ms
[2024-08-28T13:04:01.312+0000][info][gc,phases   ] GC(193)   Post Evacuate Collection Set: 0.3ms
[2024-08-28T13:04:01.312+0000][info][gc,phases   ] GC(193)   Other: 0.2ms
[2024-08-28T13:04:01.312+0000][info][gc,heap     ] GC(193) Eden regions: 44->0(44)
[2024-08-28T13:04:01.312+0000][info][gc,heap     ] GC(193) Survivor regions: 7->7(7)
[2024-08-28T13:04:01.312+0000][info][gc,heap     ] GC(193) Old regions: 862->909
[2024-08-28T13:04:01.312+0000][info][gc,heap     ] GC(193) Archive regions: 2->2
[2024-08-28T13:04:01.312+0000][info][gc,heap     ] GC(193) Humongous regions: 5->5
[2024-08-28T13:04:01.312+0000][info][gc,metaspace] GC(193) Metaspace: 100K(320K)->100K(320K) NonClass: 96K(192K)->96K(192K) Class: 4K(128K)->4K(128K)
[2024-08-28T13:04:01.312+0000][info][gc          ] GC(193) Pause Young (Prepare Mixed) (G1 Evacuation Pause) 918M->921M(1024M) 14.649ms
[2024-08-28T13:04:01.312+0000][info][gc,cpu      ] GC(193) User=0.34s Sys=0.00s Real=0.02s
[2024-08-28T13:04:01.337+0000][info][gc,start    ] GC(194) Pause Young (Mixed) (G1 Preventive Collection)
[2024-08-28T13:04:01.337+0000][info][gc,task     ] GC(194) Using 24 workers of 68 for evacuation
[2024-08-28T13:04:01.350+0000][info][gc,phases   ] GC(194)   Pre Evacuate Collection Set: 0.2ms
[2024-08-28T13:04:01.350+0000][info][gc,phases   ] GC(194)   Merge Heap Roots: 0.6ms
[2024-08-28T13:04:01.350+0000][info][gc,phases   ] GC(194)   Evacuate Collection Set: 11.5ms
[2024-08-28T13:04:01.350+0000][info][gc,phases   ] GC(194)   Post Evacuate Collection Set: 0.4ms
[2024-08-28T13:04:01.350+0000][info][gc,phases   ] GC(194)   Other: 0.2ms
[2024-08-28T13:04:01.350+0000][info][gc,heap     ] GC(194) Eden regions: 44->0(44)
[2024-08-28T13:04:01.350+0000][info][gc,heap     ] GC(194) Survivor regions: 7->7(7)
[2024-08-28T13:04:01.350+0000][info][gc,heap     ] GC(194) Old regions: 909->853
[2024-08-28T13:04:01.350+0000][info][gc,heap     ] GC(194) Archive regions: 2->2
[2024-08-28T13:04:01.350+0000][info][gc,heap     ] GC(194) Humongous regions: 5->5
[2024-08-28T13:04:01.350+0000][info][gc,metaspace] GC(194) Metaspace: 100K(320K)->100K(320K) NonClass: 96K(192K)->96K(192K) Class: 4K(128K)->4K(128K)
[2024-08-28T13:04:01.350+0000][info][gc          ] GC(194) Pause Young (Mixed) (G1 Preventive Collection) 965M->865M(1024M) 12.992ms
[2024-08-28T13:04:01.350+0000][info][gc,cpu      ] GC(194) User=0.29s Sys=0.00s Real=0.02s
[2024-08-28T13:04:01.374+0000][info][gc,start    ] GC(195) Pause Young (Mixed) (G1 Evacuation Pause)
[2024-08-28T13:04:01.374+0000][info][gc,task     ] GC(195) Using 24 workers of 68 for evacuation
[2024-08-28T13:04:01.387+0000][info][gc,phases   ] GC(195)   Pre Evacuate Collection Set: 0.2ms
[2024-08-28T13:04:01.387+0000][info][gc,phases   ] GC(195)   Merge Heap Roots: 0.4ms
[2024-08-28T13:04:01.387+0000][info][gc,phases   ] GC(195)   Evacuate Collection Set: 11.4ms
[2024-08-28T13:04:01.387+0000][info][gc,phases   ] GC(195)   Post Evacuate Collection Set: 0.4ms
[2024-08-28T13:04:01.387+0000][info][gc,phases   ] GC(195)   Other: 0.2ms
[2024-08-28T13:04:01.387+0000][info][gc,heap     ] GC(195) Eden regions: 44->0(44)
[2024-08-28T13:04:01.387+0000][info][gc,heap     ] GC(195) Survivor regions: 7->7(7)
[2024-08-28T13:04:01.387+0000][info][gc,heap     ] GC(195) Old regions: 853->797
[2024-08-28T13:04:01.387+0000][info][gc,heap     ] GC(195) Archive regions: 2->2
[2024-08-28T13:04:01.387+0000][info][gc,heap     ] GC(195) Humongous regions: 5->5
[2024-08-28T13:04:01.387+0000][info][gc,metaspace] GC(195) Metaspace: 100K(320K)->100K(320K) NonClass: 96K(192K)->96K(192K) Class: 4K(128K)->4K(128K)
[2024-08-28T13:04:01.387+0000][info][gc          ] GC(195) Pause Young (Mixed) (G1 Evacuation Pause) 909M->809M(1024M) 12.687ms
[2024-08-28T13:04:01.387+0000][info][gc,cpu      ] GC(195) User=0.28s Sys=0.00s Real=0.01s
[2024-08-28T13:04:01.411+0000][info][gc,start    ] GC(196) Pause Young (Mixed) (G1 Evacuation Pause)
[2024-08-28T13:04:01.412+0000][info][gc,task     ] GC(196) Using 24 workers of 68 for evacuation
[2024-08-28T13:04:01.424+0000][info][gc,phases   ] GC(196)   Pre Evacuate Collection Set: 0.2ms
[2024-08-28T13:04:01.424+0000][info][gc,phases   ] GC(196)   Merge Heap Roots: 0.5ms
[2024-08-28T13:04:01.424+0000][info][gc,phases   ] GC(196)   Evacuate Collection Set: 11.1ms
[2024-08-28T13:04:01.424+0000][info][gc,phases   ] GC(196)   Post Evacuate Collection Set: 0.4ms
[2024-08-28T13:04:01.424+0000][info][gc,phases   ] GC(196)   Other: 0.3ms
[2024-08-28T13:04:01.424+0000][info][gc,heap     ] GC(196) Eden regions: 44->0(44)
[2024-08-28T13:04:01.424+0000][info][gc,heap     ] GC(196) Survivor regions: 7->7(7)
[2024-08-28T13:04:01.424+0000][info][gc,heap     ] GC(196) Old regions: 797->742
[2024-08-28T13:04:01.424+0000][info][gc,heap     ] GC(196) Archive regions: 2->2
[2024-08-28T13:04:01.424+0000][info][gc,heap     ] GC(196) Humongous regions: 5->5
[2024-08-28T13:04:01.424+0000][info][gc,metaspace] GC(196) Metaspace: 100K(320K)->100K(320K) NonClass: 96K(192K)->96K(192K) Class: 4K(128K)->4K(128K)
[2024-08-28T13:04:01.424+0000][info][gc          ] GC(196) Pause Young (Mixed) (G1 Evacuation Pause) 853M->754M(1024M) 12.648ms
[2024-08-28T13:04:01.424+0000][info][gc,cpu      ] GC(196) User=0.28s Sys=0.00s Real=0.01s
[2024-08-28T13:04:01.449+0000][info][gc,start    ] GC(197) Pause Young (Mixed) (G1 Evacuation Pause)
[2024-08-28T13:04:01.449+0000][info][gc,task     ] GC(197) Using 24 workers of 68 for evacuation
[2024-08-28T13:04:01.461+0000][info][gc,phases   ] GC(197)   Pre Evacuate Collection Set: 0.2ms
[2024-08-28T13:04:01.461+0000][info][gc,phases   ] GC(197)   Merge Heap Roots: 0.3ms
[2024-08-28T13:04:01.461+0000][info][gc,phases   ] GC(197)   Evacuate Collection Set: 11.7ms
[2024-08-28T13:04:01.461+0000][info][gc,phases   ] GC(197)   Post Evacuate Collection Set: 0.3ms
[2024-08-28T13:04:01.461+0000][info][gc,phases   ] GC(197)   Other: 0.2ms
[2024-08-28T13:04:01.461+0000][info][gc,heap     ] GC(197) Eden regions: 44->0(44)
[2024-08-28T13:04:01.461+0000][info][gc,heap     ] GC(197) Survivor regions: 7->7(7)
[2024-08-28T13:04:01.461+0000][info][gc,heap     ] GC(197) Old regions: 742->772
[2024-08-28T13:04:01.461+0000][info][gc,heap     ] GC(197) Archive regions: 2->2
[2024-08-28T13:04:01.461+0000][info][gc,heap     ] GC(197) Humongous regions: 5->5
[2024-08-28T13:04:01.461+0000][info][gc,metaspace] GC(197) Metaspace: 100K(320K)->100K(320K) NonClass: 96K(192K)->96K(192K) Class: 4K(128K)->4K(128K)
[2024-08-28T13:04:01.461+0000][info][gc          ] GC(197) Pause Young (Mixed) (G1 Evacuation Pause) 798M->784M(1024M) 12.752ms
[2024-08-28T13:04:01.461+0000][info][gc,cpu      ] GC(197) User=0.29s Sys=0.00s Real=0.02s
[2024-08-28T13:04:01.486+0000][info][gc,start    ] GC(198) Pause Young (Concurrent Start) (G1 Evacuation Pause)
[2024-08-28T13:04:01.486+0000][info][gc,task     ] GC(198) Using 24 workers of 68 for evacuation
[2024-08-28T13:04:01.497+0000][info][gc,phases   ] GC(198)   Pre Evacuate Collection Set: 0.2ms
[2024-08-28T13:04:01.497+0000][info][gc,phases   ] GC(198)   Merge Heap Roots: 0.3ms
[2024-08-28T13:04:01.497+0000][info][gc,phases   ] GC(198)   Evacuate Collection Set: 10.1ms
[2024-08-28T13:04:01.497+0000][info][gc,phases   ] GC(198)   Post Evacuate Collection Set: 0.3ms
[2024-08-28T13:04:01.497+0000][info][gc,phases   ] GC(198)   Other: 0.6ms
[2024-08-28T13:04:01.497+0000][info][gc,heap     ] GC(198) Eden regions: 44->0(44)
[2024-08-28T13:04:01.497+0000][info][gc,heap     ] GC(198) Survivor regions: 7->7(7)
[2024-08-28T13:04:01.497+0000][info][gc,heap     ] GC(198) Old regions: 772->819
[2024-08-28T13:04:01.497+0000][info][gc,heap     ] GC(198) Archive regions: 2->2
[2024-08-28T13:04:01.497+0000][info][gc,heap     ] GC(198) Humongous regions: 5->5
[2024-08-28T13:04:01.497+0000][info][gc,metaspace] GC(198) Metaspace: 100K(320K)->100K(320K) NonClass: 96K(192K)->96K(192K) Class: 4K(128K)->4K(128K)
[2024-08-28T13:04:01.497+0000][info][gc          ] GC(198) Pause Young (Concurrent Start) (G1 Evacuation Pause) 828M->831M(1024M) 11.631ms
[2024-08-28T13:04:01.497+0000][info][gc,cpu      ] GC(198) User=0.24s Sys=0.00s Real=0.01s
[2024-08-28T13:04:01.497+0000][info][gc          ] GC(199) Concurrent Mark Cycle
[2024-08-28T13:04:01.497+0000][info][gc,marking  ] GC(199) Concurrent Clear Claimed Marks
[2024-08-28T13:04:01.497+0000][info][gc,marking  ] GC(199) Concurrent Clear Claimed Marks 0.012ms
[2024-08-28T13:04:01.497+0000][info][gc,marking  ] GC(199) Concurrent Scan Root Regions
[2024-08-28T13:04:01.499+0000][info][gc,marking  ] GC(199) Concurrent Scan Root Regions 1.888ms
[2024-08-28T13:04:01.499+0000][info][gc,marking  ] GC(199) Concurrent Mark
[2024-08-28T13:04:01.499+0000][info][gc,marking  ] GC(199) Concurrent Mark From Roots
[2024-08-28T13:04:01.499+0000][info][gc,task     ] GC(199) Using 17 workers of 17 for marking
[2024-08-28T13:04:01.525+0000][info][gc,marking  ] GC(199) Concurrent Mark From Roots 26.156ms
[2024-08-28T13:04:01.526+0000][info][gc,marking  ] GC(199) Concurrent Preclean
[2024-08-28T13:04:01.526+0000][info][gc,marking  ] GC(199) Concurrent Preclean 0.876ms
[2024-08-28T13:04:01.527+0000][info][gc,start    ] GC(199) Pause Remark
[2024-08-28T13:04:01.528+0000][info][gc          ] GC(199) Pause Remark 860M->860M(1024M) 1.586ms
[2024-08-28T13:04:01.529+0000][info][gc,cpu      ] GC(199) User=0.01s Sys=0.00s Real=0.00s
[2024-08-28T13:04:01.529+0000][info][gc,marking  ] GC(199) Concurrent Mark 29.311ms
[2024-08-28T13:04:01.529+0000][info][gc,marking  ] GC(199) Concurrent Rebuild Remembered Sets
[2024-08-28T13:04:01.543+0000][info][gc,start    ] GC(200) Pause Young (Normal) (G1 Evacuation Pause)
[2024-08-28T13:04:01.543+0000][info][gc,task     ] GC(200) Using 24 workers of 68 for evacuation
[2024-08-28T13:04:01.555+0000][info][gc,phases   ] GC(200)   Pre Evacuate Collection Set: 0.2ms
[2024-08-28T13:04:01.555+0000][info][gc,phases   ] GC(200)   Merge Heap Roots: 0.6ms
[2024-08-28T13:04:01.555+0000][info][gc,phases   ] GC(200)   Evacuate Collection Set: 10.2ms
[2024-08-28T13:04:01.555+0000][info][gc,phases   ] GC(200)   Post Evacuate Collection Set: 0.5ms
[2024-08-28T13:04:01.555+0000][info][gc,phases   ] GC(200)   Other: 0.3ms
[2024-08-28T13:04:01.555+0000][info][gc,heap     ] GC(200) Eden regions: 44->0(44)
[2024-08-28T13:04:01.555+0000][info][gc,heap     ] GC(200) Survivor regions: 7->7(7)
[2024-08-28T13:04:01.555+0000][info][gc,heap     ] GC(200) Old regions: 819->865
[2024-08-28T13:04:01.555+0000][info][gc,heap     ] GC(200) Archive regions: 2->2
[2024-08-28T13:04:01.555+0000][info][gc,heap     ] GC(200) Humongous regions: 5->5
[2024-08-28T13:04:01.555+0000][info][gc,metaspace] GC(200) Metaspace: 100K(320K)->100K(320K) NonClass: 96K(192K)->96K(192K) Class: 4K(128K)->4K(128K)
[2024-08-28T13:04:01.555+0000][info][gc          ] GC(200) Pause Young (Normal) (G1 Evacuation Pause) 875M->877M(1024M) 11.707ms
[2024-08-28T13:04:01.555+0000][info][gc,cpu      ] GC(200) User=0.26s Sys=0.00s Real=0.01s
[2024-08-28T13:04:01.594+0000][info][gc,marking  ] GC(199) Concurrent Rebuild Remembered Sets 64.964ms
[2024-08-28T13:04:01.594+0000][info][gc,start    ] GC(199) Pause Cleanup
[2024-08-28T13:04:01.595+0000][info][gc          ] GC(199) Pause Cleanup 920M->920M(1024M) 1.552ms
[2024-08-28T13:04:01.596+0000][info][gc,cpu      ] GC(199) User=0.00s Sys=0.00s Real=0.00s
[2024-08-28T13:04:01.596+0000][info][gc,marking  ] GC(199) Concurrent Cleanup for Next Mark
[2024-08-28T13:04:01.596+0000][info][gc,marking  ] GC(199) Concurrent Cleanup for Next Mark 0.802ms
[2024-08-28T13:04:01.596+0000][info][gc          ] GC(199) Concurrent Mark Cycle 99.149ms
[2024-08-28T13:04:01.598+0000][info][gc,start    ] GC(201) Pause Young (Prepare Mixed) (G1 Evacuation Pause)
[2024-08-28T13:04:01.598+0000][info][gc,task     ] GC(201) Using 24 workers of 68 for evacuation
[2024-08-28T13:04:01.614+0000][info][gc,phases   ] GC(201)   Pre Evacuate Collection Set: 0.2ms
[2024-08-28T13:04:01.614+0000][info][gc,phases   ] GC(201)   Merge Heap Roots: 0.8ms
[2024-08-28T13:04:01.614+0000][info][gc,phases   ] GC(201)   Evacuate Collection Set: 14.7ms
[2024-08-28T13:04:01.614+0000][info][gc,phases   ] GC(201)   Post Evacuate Collection Set: 0.3ms
[2024-08-28T13:04:01.614+0000][info][gc,phases   ] GC(201)   Other: 0.2ms
[2024-08-28T13:04:01.614+0000][info][gc,heap     ] GC(201) Eden regions: 44->0(44)
[2024-08-28T13:04:01.614+0000][info][gc,heap     ] GC(201) Survivor regions: 7->7(7)
[2024-08-28T13:04:01.614+0000][info][gc,heap     ] GC(201) Old regions: 865->912
[2024-08-28T13:04:01.614+0000][info][gc,heap     ] GC(201) Archive regions: 2->2
[2024-08-28T13:04:01.614+0000][info][gc,heap     ] GC(201) Humongous regions: 5->5
[2024-08-28T13:04:01.614+0000][info][gc,metaspace] GC(201) Metaspace: 100K(320K)->100K(320K) NonClass: 96K(192K)->96K(192K) Class: 4K(128K)->4K(128K)
[2024-08-28T13:04:01.614+0000][info][gc          ] GC(201) Pause Young (Prepare Mixed) (G1 Evacuation Pause) 921M->924M(1024M) 16.194ms
[2024-08-28T13:04:01.614+0000][info][gc,cpu      ] GC(201) User=0.36s Sys=0.00s Real=0.01s
[2024-08-28T13:04:01.640+0000][info][gc,start    ] GC(202) Pause Young (Mixed) (G1 Preventive Collection)
[2024-08-28T13:04:01.640+0000][info][gc,task     ] GC(202) Using 24 workers of 68 for evacuation
[2024-08-28T13:04:01.652+0000][info][gc,phases   ] GC(202)   Pre Evacuate Collection Set: 0.2ms
[2024-08-28T13:04:01.652+0000][info][gc,phases   ] GC(202)   Merge Heap Roots: 0.3ms
[2024-08-28T13:04:01.652+0000][info][gc,phases   ] GC(202)   Evacuate Collection Set: 11.1ms
[2024-08-28T13:04:01.652+0000][info][gc,phases   ] GC(202)   Post Evacuate Collection Set: 0.4ms
[2024-08-28T13:04:01.652+0000][info][gc,phases   ] GC(202)   Other: 0.2ms
[2024-08-28T13:04:01.652+0000][info][gc,heap     ] GC(202) Eden regions: 43->0(44)
[2024-08-28T13:04:01.652+0000][info][gc,heap     ] GC(202) Survivor regions: 7->7(7)
[2024-08-28T13:04:01.652+0000][info][gc,heap     ] GC(202) Old regions: 912->855
[2024-08-28T13:04:01.652+0000][info][gc,heap     ] GC(202) Archive regions: 2->2
[2024-08-28T13:04:01.652+0000][info][gc,heap     ] GC(202) Humongous regions: 5->5
[2024-08-28T13:04:01.652+0000][info][gc,metaspace] GC(202) Metaspace: 100K(320K)->100K(320K) NonClass: 96K(192K)->96K(192K) Class: 4K(128K)->4K(128K)
[2024-08-28T13:04:01.652+0000][info][gc          ] GC(202) Pause Young (Mixed) (G1 Preventive Collection) 967M->867M(1024M) 12.387ms
[2024-08-28T13:04:01.652+0000][info][gc,cpu      ] GC(202) User=0.27s Sys=0.00s Real=0.01s
[2024-08-28T13:04:01.676+0000][info][gc,start    ] GC(203) Pause Young (Mixed) (G1 Evacuation Pause)
[2024-08-28T13:04:01.676+0000][info][gc,task     ] GC(203) Using 24 workers of 68 for evacuation
[2024-08-28T13:04:01.689+0000][info][gc,phases   ] GC(203)   Pre Evacuate Collection Set: 0.2ms
[2024-08-28T13:04:01.689+0000][info][gc,phases   ] GC(203)   Merge Heap Roots: 0.6ms
[2024-08-28T13:04:01.689+0000][info][gc,phases   ] GC(203)   Evacuate Collection Set: 11.6ms
[2024-08-28T13:04:01.689+0000][info][gc,phases   ] GC(203)   Post Evacuate Collection Set: 0.4ms
[2024-08-28T13:04:01.689+0000][info][gc,phases   ] GC(203)   Other: 0.3ms
[2024-08-28T13:04:01.689+0000][info][gc,heap     ] GC(203) Eden regions: 44->0(44)
[2024-08-28T13:04:01.689+0000][info][gc,heap     ] GC(203) Survivor regions: 7->7(7)
[2024-08-28T13:04:01.689+0000][info][gc,heap     ] GC(203) Old regions: 855->799
[2024-08-28T13:04:01.689+0000][info][gc,heap     ] GC(203) Archive regions: 2->2
[2024-08-28T13:04:01.689+0000][info][gc,heap     ] GC(203) Humongous regions: 5->5
[2024-08-28T13:04:01.689+0000][info][gc,metaspace] GC(203) Metaspace: 100K(320K)->100K(320K) NonClass: 96K(192K)->96K(192K) Class: 4K(128K)->4K(128K)
[2024-08-28T13:04:01.689+0000][info][gc          ] GC(203) Pause Young (Mixed) (G1 Evacuation Pause) 911M->811M(1024M) 13.204ms
[2024-08-28T13:04:01.689+0000][info][gc,cpu      ] GC(203) User=0.29s Sys=0.00s Real=0.01s
[2024-08-28T13:04:01.714+0000][info][gc,start    ] GC(204) Pause Young (Mixed) (G1 Evacuation Pause)
[2024-08-28T13:04:01.714+0000][info][gc,task     ] GC(204) Using 24 workers of 68 for evacuation
[2024-08-28T13:04:01.726+0000][info][gc,phases   ] GC(204)   Pre Evacuate Collection Set: 0.2ms
[2024-08-28T13:04:01.726+0000][info][gc,phases   ] GC(204)   Merge Heap Roots: 0.3ms
[2024-08-28T13:04:01.726+0000][info][gc,phases   ] GC(204)   Evacuate Collection Set: 11.4ms
[2024-08-28T13:04:01.726+0000][info][gc,phases   ] GC(204)   Post Evacuate Collection Set: 0.4ms
[2024-08-28T13:04:01.726+0000][info][gc,phases   ] GC(204)   Other: 0.3ms
[2024-08-28T13:04:01.726+0000][info][gc,heap     ] GC(204) Eden regions: 44->0(44)
[2024-08-28T13:04:01.726+0000][info][gc,heap     ] GC(204) Survivor regions: 7->7(7)
[2024-08-28T13:04:01.726+0000][info][gc,heap     ] GC(204) Old regions: 799->744
[2024-08-28T13:04:01.726+0000][info][gc,heap     ] GC(204) Archive regions: 2->2
[2024-08-28T13:04:01.726+0000][info][gc,heap     ] GC(204) Humongous regions: 5->5
[2024-08-28T13:04:01.726+0000][info][gc,metaspace] GC(204) Metaspace: 100K(320K)->100K(320K) NonClass: 96K(192K)->96K(192K) Class: 4K(128K)->4K(128K)
[2024-08-28T13:04:01.726+0000][info][gc          ] GC(204) Pause Young (Mixed) (G1 Evacuation Pause) 855M->756M(1024M) 12.605ms
[2024-08-28T13:04:01.726+0000][info][gc,cpu      ] GC(204) User=0.27s Sys=0.01s Real=0.01s
[2024-08-28T13:04:01.750+0000][info][gc,start    ] GC(205) Pause Young (Mixed) (G1 Evacuation Pause)
[2024-08-28T13:04:01.750+0000][info][gc,task     ] GC(205) Using 24 workers of 68 for evacuation
[2024-08-28T13:04:01.763+0000][info][gc,phases   ] GC(205)   Pre Evacuate Collection Set: 0.2ms
[2024-08-28T13:04:01.763+0000][info][gc,phases   ] GC(205)   Merge Heap Roots: 0.5ms
[2024-08-28T13:04:01.763+0000][info][gc,phases   ] GC(205)   Evacuate Collection Set: 11.5ms
[2024-08-28T13:04:01.763+0000][info][gc,phases   ] GC(205)   Post Evacuate Collection Set: 0.3ms
[2024-08-28T13:04:01.763+0000][info][gc,phases   ] GC(205)   Other: 0.2ms
[2024-08-28T13:04:01.763+0000][info][gc,heap     ] GC(205) Eden regions: 44->0(44)
[2024-08-28T13:04:01.763+0000][info][gc,heap     ] GC(205) Survivor regions: 7->7(7)
[2024-08-28T13:04:01.763+0000][info][gc,heap     ] GC(205) Old regions: 744->771
[2024-08-28T13:04:01.763+0000][info][gc,heap     ] GC(205) Archive regions: 2->2
[2024-08-28T13:04:01.763+0000][info][gc,heap     ] GC(205) Humongous regions: 5->5
[2024-08-28T13:04:01.763+0000][info][gc,metaspace] GC(205) Metaspace: 100K(320K)->100K(320K) NonClass: 96K(192K)->96K(192K) Class: 4K(128K)->4K(128K)
[2024-08-28T13:04:01.763+0000][info][gc          ] GC(205) Pause Young (Mixed) (G1 Evacuation Pause) 800M->783M(1024M) 12.696ms
[2024-08-28T13:04:01.763+0000][info][gc,cpu      ] GC(205) User=0.28s Sys=0.00s Real=0.01s
[2024-08-28T13:04:01.787+0000][info][gc,start    ] GC(206) Pause Young (Concurrent Start) (G1 Evacuation Pause)
[2024-08-28T13:04:01.787+0000][info][gc,task     ] GC(206) Using 24 workers of 68 for evacuation
[2024-08-28T13:04:01.799+0000][info][gc,phases   ] GC(206)   Pre Evacuate Collection Set: 0.2ms
[2024-08-28T13:04:01.799+0000][info][gc,phases   ] GC(206)   Merge Heap Roots: 0.6ms
[2024-08-28T13:04:01.799+0000][info][gc,phases   ] GC(206)   Evacuate Collection Set: 10.3ms
[2024-08-28T13:04:01.799+0000][info][gc,phases   ] GC(206)   Post Evacuate Collection Set: 0.3ms
[2024-08-28T13:04:01.799+0000][info][gc,phases   ] GC(206)   Other: 0.6ms
[2024-08-28T13:04:01.799+0000][info][gc,heap     ] GC(206) Eden regions: 44->0(44)
[2024-08-28T13:04:01.799+0000][info][gc,heap     ] GC(206) Survivor regions: 7->7(7)
[2024-08-28T13:04:01.799+0000][info][gc,heap     ] GC(206) Old regions: 771->818
[2024-08-28T13:04:01.799+0000][info][gc,heap     ] GC(206) Archive regions: 2->2
[2024-08-28T13:04:01.799+0000][info][gc,heap     ] GC(206) Humongous regions: 5->5
[2024-08-28T13:04:01.799+0000][info][gc,metaspace] GC(206) Metaspace: 100K(320K)->100K(320K) NonClass: 96K(192K)->96K(192K) Class: 4K(128K)->4K(128K)
[2024-08-28T13:04:01.799+0000][info][gc          ] GC(206) Pause Young (Concurrent Start) (G1 Evacuation Pause) 827M->830M(1024M) 11.940ms
[2024-08-28T13:04:01.799+0000][info][gc,cpu      ] GC(206) User=0.26s Sys=0.00s Real=0.02s
[2024-08-28T13:04:01.799+0000][info][gc          ] GC(207) Concurrent Mark Cycle
[2024-08-28T13:04:01.799+0000][info][gc,marking  ] GC(207) Concurrent Clear Claimed Marks
[2024-08-28T13:04:01.799+0000][info][gc,marking  ] GC(207) Concurrent Clear Claimed Marks 0.010ms
[2024-08-28T13:04:01.799+0000][info][gc,marking  ] GC(207) Concurrent Scan Root Regions
[2024-08-28T13:04:01.801+0000][info][gc,marking  ] GC(207) Concurrent Scan Root Regions 1.724ms
[2024-08-28T13:04:01.801+0000][info][gc,marking  ] GC(207) Concurrent Mark
[2024-08-28T13:04:01.801+0000][info][gc,marking  ] GC(207) Concurrent Mark From Roots
[2024-08-28T13:04:01.801+0000][info][gc,task     ] GC(207) Using 17 workers of 17 for marking
[2024-08-28T13:04:01.827+0000][info][gc,marking  ] GC(207) Concurrent Mark From Roots 25.872ms
[2024-08-28T13:04:01.827+0000][info][gc,marking  ] GC(207) Concurrent Preclean
[2024-08-28T13:04:01.828+0000][info][gc,marking  ] GC(207) Concurrent Preclean 0.710ms
[2024-08-28T13:04:01.828+0000][info][gc,start    ] GC(207) Pause Remark
[2024-08-28T13:04:01.830+0000][info][gc          ] GC(207) Pause Remark 857M->857M(1024M) 1.501ms
[2024-08-28T13:04:01.830+0000][info][gc,cpu      ] GC(207) User=0.00s Sys=0.01s Real=0.01s
[2024-08-28T13:04:01.830+0000][info][gc,marking  ] GC(207) Concurrent Mark 28.569ms
[2024-08-28T13:04:01.830+0000][info][gc,marking  ] GC(207) Concurrent Rebuild Remembered Sets
[2024-08-28T13:04:01.847+0000][info][gc,start    ] GC(208) Pause Young (Normal) (G1 Evacuation Pause)
[2024-08-28T13:04:01.847+0000][info][gc,task     ] GC(208) Using 24 workers of 68 for evacuation
[2024-08-28T13:04:01.859+0000][info][gc,phases   ] GC(208)   Pre Evacuate Collection Set: 0.2ms
[2024-08-28T13:04:01.859+0000][info][gc,phases   ] GC(208)   Merge Heap Roots: 0.6ms
[2024-08-28T13:04:01.859+0000][info][gc,phases   ] GC(208)   Evacuate Collection Set: 10.2ms
[2024-08-28T13:04:01.859+0000][info][gc,phases   ] GC(208)   Post Evacuate Collection Set: 0.4ms
[2024-08-28T13:04:01.859+0000][info][gc,phases   ] GC(208)   Other: 0.2ms
[2024-08-28T13:04:01.859+0000][info][gc,heap     ] GC(208) Eden regions: 44->0(44)
[2024-08-28T13:04:01.859+0000][info][gc,heap     ] GC(208) Survivor regions: 7->7(7)
[2024-08-28T13:04:01.859+0000][info][gc,heap     ] GC(208) Old regions: 818->864
[2024-08-28T13:04:01.859+0000][info][gc,heap     ] GC(208) Archive regions: 2->2
[2024-08-28T13:04:01.859+0000][info][gc,heap     ] GC(208) Humongous regions: 5->5
[2024-08-28T13:04:01.859+0000][info][gc,metaspace] GC(208) Metaspace: 100K(320K)->100K(320K) NonClass: 96K(192K)->96K(192K) Class: 4K(128K)->4K(128K)
[2024-08-28T13:04:01.859+0000][info][gc          ] GC(208) Pause Young (Normal) (G1 Evacuation Pause) 874M->876M(1024M) 11.667ms
[2024-08-28T13:04:01.859+0000][info][gc,cpu      ] GC(208) User=0.26s Sys=0.00s Real=0.02s
[2024-08-28T13:04:01.896+0000][info][gc,marking  ] GC(207) Concurrent Rebuild Remembered Sets 66.025ms
[2024-08-28T13:04:01.896+0000][info][gc,start    ] GC(207) Pause Cleanup
[2024-08-28T13:04:01.899+0000][info][gc          ] GC(207) Pause Cleanup 917M->917M(1024M) 2.565ms
[2024-08-28T13:04:01.899+0000][info][gc,cpu      ] GC(207) User=0.00s Sys=0.01s Real=0.01s
[2024-08-28T13:04:01.899+0000][info][gc,marking  ] GC(207) Concurrent Cleanup for Next Mark
[2024-08-28T13:04:01.900+0000][info][gc,marking  ] GC(207) Concurrent Cleanup for Next Mark 0.831ms
[2024-08-28T13:04:01.900+0000][info][gc          ] GC(207) Concurrent Mark Cycle 100.480ms
[2024-08-28T13:04:01.903+0000][info][gc,start    ] GC(209) Pause Young (Prepare Mixed) (G1 Evacuation Pause)
[2024-08-28T13:04:01.903+0000][info][gc,task     ] GC(209) Using 24 workers of 68 for evacuation
[2024-08-28T13:04:01.917+0000][info][gc,phases   ] GC(209)   Pre Evacuate Collection Set: 0.2ms
[2024-08-28T13:04:01.917+0000][info][gc,phases   ] GC(209)   Merge Heap Roots: 0.4ms
[2024-08-28T13:04:01.917+0000][info][gc,phases   ] GC(209)   Evacuate Collection Set: 13.1ms
[2024-08-28T13:04:01.917+0000][info][gc,phases   ] GC(209)   Post Evacuate Collection Set: 0.3ms
[2024-08-28T13:04:01.917+0000][info][gc,phases   ] GC(209)   Other: 0.2ms
[2024-08-28T13:04:01.917+0000][info][gc,heap     ] GC(209) Eden regions: 44->0(44)
[2024-08-28T13:04:01.917+0000][info][gc,heap     ] GC(209) Survivor regions: 7->7(7)
[2024-08-28T13:04:01.917+0000][info][gc,heap     ] GC(209) Old regions: 864->911
[2024-08-28T13:04:01.917+0000][info][gc,heap     ] GC(209) Archive regions: 2->2
[2024-08-28T13:04:01.917+0000][info][gc,heap     ] GC(209) Humongous regions: 5->5
[2024-08-28T13:04:01.917+0000][info][gc,metaspace] GC(209) Metaspace: 100K(320K)->100K(320K) NonClass: 96K(192K)->96K(192K) Class: 4K(128K)->4K(128K)
[2024-08-28T13:04:01.917+0000][info][gc          ] GC(209) Pause Young (Prepare Mixed) (G1 Evacuation Pause) 920M->923M(1024M) 14.262ms
[2024-08-28T13:04:01.917+0000][info][gc,cpu      ] GC(209) User=0.32s Sys=0.00s Real=0.01s
[2024-08-28T13:04:01.942+0000][info][gc,start    ] GC(210) Pause Young (Mixed) (G1 Preventive Collection)
[2024-08-28T13:04:01.942+0000][info][gc,task     ] GC(210) Using 24 workers of 68 for evacuation
[2024-08-28T13:04:01.954+0000][info][gc,phases   ] GC(210)   Pre Evacuate Collection Set: 0.2ms
[2024-08-28T13:04:01.954+0000][info][gc,phases   ] GC(210)   Merge Heap Roots: 0.6ms
[2024-08-28T13:04:01.954+0000][info][gc,phases   ] GC(210)   Evacuate Collection Set: 11.1ms
[2024-08-28T13:04:01.954+0000][info][gc,phases   ] GC(210)   Post Evacuate Collection Set: 0.4ms
[2024-08-28T13:04:01.954+0000][info][gc,phases   ] GC(210)   Other: 0.2ms
[2024-08-28T13:04:01.954+0000][info][gc,heap     ] GC(210) Eden regions: 43->0(44)
[2024-08-28T13:04:01.954+0000][info][gc,heap     ] GC(210) Survivor regions: 7->7(7)
[2024-08-28T13:04:01.955+0000][info][gc,heap     ] GC(210) Old regions: 911->853
[2024-08-28T13:04:01.955+0000][info][gc,heap     ] GC(210) Archive regions: 2->2
[2024-08-28T13:04:01.955+0000][info][gc,heap     ] GC(210) Humongous regions: 5->5
[2024-08-28T13:04:01.955+0000][info][gc,metaspace] GC(210) Metaspace: 100K(320K)->100K(320K) NonClass: 96K(192K)->96K(192K) Class: 4K(128K)->4K(128K)
[2024-08-28T13:04:01.955+0000][info][gc          ] GC(210) Pause Young (Mixed) (G1 Preventive Collection) 966M->865M(1024M) 12.592ms
[2024-08-28T13:04:01.955+0000][info][gc,cpu      ] GC(210) User=0.29s Sys=0.00s Real=0.01s
[2024-08-28T13:04:01.979+0000][info][gc,start    ] GC(211) Pause Young (Mixed) (G1 Evacuation Pause)
[2024-08-28T13:04:01.979+0000][info][gc,task     ] GC(211) Using 24 workers of 68 for evacuation
[2024-08-28T13:04:01.991+0000][info][gc,phases   ] GC(211)   Pre Evacuate Collection Set: 0.2ms
[2024-08-28T13:04:01.991+0000][info][gc,phases   ] GC(211)   Merge Heap Roots: 0.4ms
[2024-08-28T13:04:01.992+0000][info][gc,phases   ] GC(211)   Evacuate Collection Set: 11.6ms
[2024-08-28T13:04:01.992+0000][info][gc,phases   ] GC(211)   Post Evacuate Collection Set: 0.4ms
[2024-08-28T13:04:01.992+0000][info][gc,phases   ] GC(211)   Other: 0.2ms
[2024-08-28T13:04:01.992+0000][info][gc,heap     ] GC(211) Eden regions: 44->0(44)
[2024-08-28T13:04:01.992+0000][info][gc,heap     ] GC(211) Survivor regions: 7->7(7)
[2024-08-28T13:04:01.992+0000][info][gc,heap     ] GC(211) Old regions: 853->798
[2024-08-28T13:04:01.992+0000][info][gc,heap     ] GC(211) Archive regions: 2->2
[2024-08-28T13:04:01.992+0000][info][gc,heap     ] GC(211) Humongous regions: 5->5
[2024-08-28T13:04:01.992+0000][info][gc,metaspace] GC(211) Metaspace: 100K(320K)->100K(320K) NonClass: 96K(192K)->96K(192K) Class: 4K(128K)->4K(128K)
[2024-08-28T13:04:01.992+0000][info][gc          ] GC(211) Pause Young (Mixed) (G1 Evacuation Pause) 909M->810M(1024M) 12.928ms
[2024-08-28T13:04:01.992+0000][info][gc,cpu      ] GC(211) User=0.29s Sys=0.00s Real=0.01s
[2024-08-28T13:04:02.015+0000][info][gc,start    ] GC(212) Pause Young (Mixed) (G1 Evacuation Pause)
[2024-08-28T13:04:02.015+0000][info][gc,task     ] GC(212) Using 24 workers of 68 for evacuation
[2024-08-28T13:04:02.028+0000][info][gc,phases   ] GC(212)   Pre Evacuate Collection Set: 0.2ms
[2024-08-28T13:04:02.028+0000][info][gc,phases   ] GC(212)   Merge Heap Roots: 0.5ms
[2024-08-28T13:04:02.028+0000][info][gc,phases   ] GC(212)   Evacuate Collection Set: 11.2ms
[2024-08-28T13:04:02.028+0000][info][gc,phases   ] GC(212)   Post Evacuate Collection Set: 0.4ms
[2024-08-28T13:04:02.028+0000][info][gc,phases   ] GC(212)   Other: 0.2ms
[2024-08-28T13:04:02.028+0000][info][gc,heap     ] GC(212) Eden regions: 44->0(44)
[2024-08-28T13:04:02.028+0000][info][gc,heap     ] GC(212) Survivor regions: 7->7(7)
[2024-08-28T13:04:02.028+0000][info][gc,heap     ] GC(212) Old regions: 798->744
[2024-08-28T13:04:02.028+0000][info][gc,heap     ] GC(212) Archive regions: 2->2
[2024-08-28T13:04:02.028+0000][info][gc,heap     ] GC(212) Humongous regions: 5->5
[2024-08-28T13:04:02.028+0000][info][gc,metaspace] GC(212) Metaspace: 100K(320K)->100K(320K) NonClass: 96K(192K)->96K(192K) Class: 4K(128K)->4K(128K)
[2024-08-28T13:04:02.028+0000][info][gc          ] GC(212) Pause Young (Mixed) (G1 Evacuation Pause) 854M->756M(1024M) 12.624ms
[2024-08-28T13:04:02.028+0000][info][gc,cpu      ] GC(212) User=0.28s Sys=0.01s Real=0.01s
[2024-08-28T13:04:02.052+0000][info][gc,start    ] GC(213) Pause Young (Mixed) (G1 Evacuation Pause)
[2024-08-28T13:04:02.052+0000][info][gc,task     ] GC(213) Using 24 workers of 68 for evacuation
[2024-08-28T13:04:02.065+0000][info][gc,phases   ] GC(213)   Pre Evacuate Collection Set: 0.2ms
[2024-08-28T13:04:02.065+0000][info][gc,phases   ] GC(213)   Merge Heap Roots: 0.3ms
[2024-08-28T13:04:02.065+0000][info][gc,phases   ] GC(213)   Evacuate Collection Set: 11.4ms
[2024-08-28T13:04:02.065+0000][info][gc,phases   ] GC(213)   Post Evacuate Collection Set: 0.3ms
[2024-08-28T13:04:02.065+0000][info][gc,phases   ] GC(213)   Other: 0.2ms
[2024-08-28T13:04:02.065+0000][info][gc,heap     ] GC(213) Eden regions: 44->0(44)
[2024-08-28T13:04:02.065+0000][info][gc,heap     ] GC(213) Survivor regions: 7->7(7)
[2024-08-28T13:04:02.065+0000][info][gc,heap     ] GC(213) Old regions: 744->772
[2024-08-28T13:04:02.065+0000][info][gc,heap     ] GC(213) Archive regions: 2->2
[2024-08-28T13:04:02.065+0000][info][gc,heap     ] GC(213) Humongous regions: 5->5
[2024-08-28T13:04:02.065+0000][info][gc,metaspace] GC(213) Metaspace: 100K(320K)->100K(320K) NonClass: 96K(192K)->96K(192K) Class: 4K(128K)->4K(128K)
[2024-08-28T13:04:02.065+0000][info][gc          ] GC(213) Pause Young (Mixed) (G1 Evacuation Pause) 800M->784M(1024M) 12.563ms
[2024-08-28T13:04:02.065+0000][info][gc,cpu      ] GC(213) User=0.28s Sys=0.00s Real=0.01s
[2024-08-28T13:04:02.089+0000][info][gc,start    ] GC(214) Pause Young (Concurrent Start) (G1 Evacuation Pause)
[2024-08-28T13:04:02.089+0000][info][gc,task     ] GC(214) Using 24 workers of 68 for evacuation
[2024-08-28T13:04:02.101+0000][info][gc,phases   ] GC(214)   Pre Evacuate Collection Set: 0.2ms
[2024-08-28T13:04:02.101+0000][info][gc,phases   ] GC(214)   Merge Heap Roots: 0.3ms
[2024-08-28T13:04:02.101+0000][info][gc,phases   ] GC(214)   Evacuate Collection Set: 10.6ms
[2024-08-28T13:04:02.101+0000][info][gc,phases   ] GC(214)   Post Evacuate Collection Set: 0.3ms
[2024-08-28T13:04:02.101+0000][info][gc,phases   ] GC(214)   Other: 0.7ms
[2024-08-28T13:04:02.101+0000][info][gc,heap     ] GC(214) Eden regions: 44->0(44)
[2024-08-28T13:04:02.101+0000][info][gc,heap     ] GC(214) Survivor regions: 7->7(7)
[2024-08-28T13:04:02.101+0000][info][gc,heap     ] GC(214) Old regions: 772->818
[2024-08-28T13:04:02.101+0000][info][gc,heap     ] GC(214) Archive regions: 2->2
[2024-08-28T13:04:02.101+0000][info][gc,heap     ] GC(214) Humongous regions: 5->5
[2024-08-28T13:04:02.101+0000][info][gc,metaspace] GC(214) Metaspace: 100K(320K)->100K(320K) NonClass: 96K(192K)->96K(192K) Class: 4K(128K)->4K(128K)
[2024-08-28T13:04:02.101+0000][info][gc          ] GC(214) Pause Young (Concurrent Start) (G1 Evacuation Pause) 828M->830M(1024M) 12.170ms
[2024-08-28T13:04:02.101+0000][info][gc,cpu      ] GC(214) User=0.26s Sys=0.00s Real=0.02s
[2024-08-28T13:04:02.101+0000][info][gc          ] GC(215) Concurrent Mark Cycle
[2024-08-28T13:04:02.101+0000][info][gc,marking  ] GC(215) Concurrent Clear Claimed Marks
[2024-08-28T13:04:02.101+0000][info][gc,marking  ] GC(215) Concurrent Clear Claimed Marks 0.009ms
[2024-08-28T13:04:02.101+0000][info][gc,marking  ] GC(215) Concurrent Scan Root Regions
[2024-08-28T13:04:02.102+0000][info][gc,marking  ] GC(215) Concurrent Scan Root Regions 1.622ms
[2024-08-28T13:04:02.102+0000][info][gc,marking  ] GC(215) Concurrent Mark
[2024-08-28T13:04:02.102+0000][info][gc,marking  ] GC(215) Concurrent Mark From Roots
[2024-08-28T13:04:02.102+0000][info][gc,task     ] GC(215) Using 17 workers of 17 for marking
[2024-08-28T13:04:02.128+0000][info][gc,marking  ] GC(215) Concurrent Mark From Roots 25.072ms
[2024-08-28T13:04:02.128+0000][info][gc,marking  ] GC(215) Concurrent Preclean
[2024-08-28T13:04:02.128+0000][info][gc,marking  ] GC(215) Concurrent Preclean 0.809ms
[2024-08-28T13:04:02.129+0000][info][gc,start    ] GC(215) Pause Remark
[2024-08-28T13:04:02.130+0000][info][gc          ] GC(215) Pause Remark 857M->857M(1024M) 1.472ms
[2024-08-28T13:04:02.130+0000][info][gc,cpu      ] GC(215) User=0.00s Sys=0.00s Real=0.01s
[2024-08-28T13:04:02.130+0000][info][gc,marking  ] GC(215) Concurrent Mark 27.903ms
[2024-08-28T13:04:02.130+0000][info][gc,marking  ] GC(215) Concurrent Rebuild Remembered Sets
[2024-08-28T13:04:02.147+0000][info][gc,start    ] GC(216) Pause Young (Normal) (G1 Evacuation Pause)
[2024-08-28T13:04:02.147+0000][info][gc,task     ] GC(216) Using 24 workers of 68 for evacuation
[2024-08-28T13:04:02.159+0000][info][gc,phases   ] GC(216)   Pre Evacuate Collection Set: 0.2ms
[2024-08-28T13:04:02.159+0000][info][gc,phases   ] GC(216)   Merge Heap Roots: 0.5ms
[2024-08-28T13:04:02.159+0000][info][gc,phases   ] GC(216)   Evacuate Collection Set: 10.4ms
[2024-08-28T13:04:02.159+0000][info][gc,phases   ] GC(216)   Post Evacuate Collection Set: 0.4ms
[2024-08-28T13:04:02.159+0000][info][gc,phases   ] GC(216)   Other: 0.3ms
[2024-08-28T13:04:02.159+0000][info][gc,heap     ] GC(216) Eden regions: 44->0(44)
[2024-08-28T13:04:02.159+0000][info][gc,heap     ] GC(216) Survivor regions: 7->7(7)
[2024-08-28T13:04:02.159+0000][info][gc,heap     ] GC(216) Old regions: 818->864
[2024-08-28T13:04:02.159+0000][info][gc,heap     ] GC(216) Archive regions: 2->2
[2024-08-28T13:04:02.159+0000][info][gc,heap     ] GC(216) Humongous regions: 5->5
[2024-08-28T13:04:02.159+0000][info][gc,metaspace] GC(216) Metaspace: 100K(320K)->100K(320K) NonClass: 96K(192K)->96K(192K) Class: 4K(128K)->4K(128K)
[2024-08-28T13:04:02.159+0000][info][gc          ] GC(216) Pause Young (Normal) (G1 Evacuation Pause) 874M->876M(1024M) 11.795ms
[2024-08-28T13:04:02.159+0000][info][gc,cpu      ] GC(216) User=0.27s Sys=0.00s Real=0.02s
[2024-08-28T13:04:02.195+0000][info][gc,marking  ] GC(215) Concurrent Rebuild Remembered Sets 64.784ms
[2024-08-28T13:04:02.195+0000][info][gc,start    ] GC(215) Pause Cleanup
[2024-08-28T13:04:02.197+0000][info][gc          ] GC(215) Pause Cleanup 914M->914M(1024M) 1.577ms
[2024-08-28T13:04:02.197+0000][info][gc,cpu      ] GC(215) User=0.00s Sys=0.00s Real=0.00s
[2024-08-28T13:04:02.197+0000][info][gc,marking  ] GC(215) Concurrent Cleanup for Next Mark
[2024-08-28T13:04:02.198+0000][info][gc,marking  ] GC(215) Concurrent Cleanup for Next Mark 0.724ms
[2024-08-28T13:04:02.198+0000][info][gc          ] GC(215) Concurrent Mark Cycle 97.086ms
[2024-08-28T13:04:02.202+0000][info][gc,start    ] GC(217) Pause Young (Prepare Mixed) (G1 Evacuation Pause)
[2024-08-28T13:04:02.202+0000][info][gc,task     ] GC(217) Using 24 workers of 68 for evacuation
[2024-08-28T13:04:02.217+0000][info][gc,phases   ] GC(217)   Pre Evacuate Collection Set: 0.2ms
[2024-08-28T13:04:02.217+0000][info][gc,phases   ] GC(217)   Merge Heap Roots: 0.7ms
[2024-08-28T13:04:02.217+0000][info][gc,phases   ] GC(217)   Evacuate Collection Set: 13.2ms
[2024-08-28T13:04:02.217+0000][info][gc,phases   ] GC(217)   Post Evacuate Collection Set: 0.3ms
[2024-08-28T13:04:02.217+0000][info][gc,phases   ] GC(217)   Other: 0.2ms
[2024-08-28T13:04:02.217+0000][info][gc,heap     ] GC(217) Eden regions: 44->0(44)
[2024-08-28T13:04:02.217+0000][info][gc,heap     ] GC(217) Survivor regions: 7->7(7)
[2024-08-28T13:04:02.217+0000][info][gc,heap     ] GC(217) Old regions: 864->911
[2024-08-28T13:04:02.217+0000][info][gc,heap     ] GC(217) Archive regions: 2->2
[2024-08-28T13:04:02.217+0000][info][gc,heap     ] GC(217) Humongous regions: 5->5
[2024-08-28T13:04:02.217+0000][info][gc,metaspace] GC(217) Metaspace: 100K(320K)->100K(320K) NonClass: 96K(192K)->96K(192K) Class: 4K(128K)->4K(128K)
[2024-08-28T13:04:02.217+0000][info][gc          ] GC(217) Pause Young (Prepare Mixed) (G1 Evacuation Pause) 920M->923M(1024M) 14.705ms
[2024-08-28T13:04:02.217+0000][info][gc,cpu      ] GC(217) User=0.34s Sys=0.00s Real=0.01s
[2024-08-28T13:04:02.242+0000][info][gc,start    ] GC(218) Pause Young (Mixed) (G1 Preventive Collection)
[2024-08-28T13:04:02.242+0000][info][gc,task     ] GC(218) Using 24 workers of 68 for evacuation
[2024-08-28T13:04:02.254+0000][info][gc,phases   ] GC(218)   Pre Evacuate Collection Set: 0.2ms
[2024-08-28T13:04:02.254+0000][info][gc,phases   ] GC(218)   Merge Heap Roots: 0.3ms
[2024-08-28T13:04:02.254+0000][info][gc,phases   ] GC(218)   Evacuate Collection Set: 11.3ms
[2024-08-28T13:04:02.254+0000][info][gc,phases   ] GC(218)   Post Evacuate Collection Set: 0.4ms
[2024-08-28T13:04:02.254+0000][info][gc,phases   ] GC(218)   Other: 0.2ms
[2024-08-28T13:04:02.254+0000][info][gc,heap     ] GC(218) Eden regions: 43->0(44)
[2024-08-28T13:04:02.254+0000][info][gc,heap     ] GC(218) Survivor regions: 7->7(7)
[2024-08-28T13:04:02.254+0000][info][gc,heap     ] GC(218) Old regions: 911->854
[2024-08-28T13:04:02.254+0000][info][gc,heap     ] GC(218) Archive regions: 2->2
[2024-08-28T13:04:02.254+0000][info][gc,heap     ] GC(218) Humongous regions: 5->5
[2024-08-28T13:04:02.254+0000][info][gc,metaspace] GC(218) Metaspace: 100K(320K)->100K(320K) NonClass: 96K(192K)->96K(192K) Class: 4K(128K)->4K(128K)
[2024-08-28T13:04:02.254+0000][info][gc          ] GC(218) Pause Young (Mixed) (G1 Preventive Collection) 966M->866M(1024M) 12.553ms
[2024-08-28T13:04:02.254+0000][info][gc,cpu      ] GC(218) User=0.28s Sys=0.00s Real=0.01s
[2024-08-28T13:04:02.278+0000][info][gc,start    ] GC(219) Pause Young (Mixed) (G1 Evacuation Pause)
[2024-08-28T13:04:02.278+0000][info][gc,task     ] GC(219) Using 24 workers of 68 for evacuation
[2024-08-28T13:04:02.291+0000][info][gc,phases   ] GC(219)   Pre Evacuate Collection Set: 0.2ms
[2024-08-28T13:04:02.291+0000][info][gc,phases   ] GC(219)   Merge Heap Roots: 0.6ms
[2024-08-28T13:04:02.291+0000][info][gc,phases   ] GC(219)   Evacuate Collection Set: 11.5ms
[2024-08-28T13:04:02.291+0000][info][gc,phases   ] GC(219)   Post Evacuate Collection Set: 0.4ms
[2024-08-28T13:04:02.291+0000][info][gc,phases   ] GC(219)   Other: 0.2ms
[2024-08-28T13:04:02.291+0000][info][gc,heap     ] GC(219) Eden regions: 44->0(44)
[2024-08-28T13:04:02.291+0000][info][gc,heap     ] GC(219) Survivor regions: 7->7(7)
[2024-08-28T13:04:02.291+0000][info][gc,heap     ] GC(219) Old regions: 854->798
[2024-08-28T13:04:02.291+0000][info][gc,heap     ] GC(219) Archive regions: 2->2
[2024-08-28T13:04:02.291+0000][info][gc,heap     ] GC(219) Humongous regions: 5->5
[2024-08-28T13:04:02.291+0000][info][gc,metaspace] GC(219) Metaspace: 100K(320K)->100K(320K) NonClass: 96K(192K)->96K(192K) Class: 4K(128K)->4K(128K)
[2024-08-28T13:04:02.291+0000][info][gc          ] GC(219) Pause Young (Mixed) (G1 Evacuation Pause) 910M->810M(1024M) 12.953ms
[2024-08-28T13:04:02.291+0000][info][gc,cpu      ] GC(219) User=0.29s Sys=0.00s Real=0.01s
[2024-08-28T13:04:02.315+0000][info][gc,start    ] GC(220) Pause Young (Mixed) (G1 Evacuation Pause)
[2024-08-28T13:04:02.315+0000][info][gc,task     ] GC(220) Using 24 workers of 68 for evacuation
[2024-08-28T13:04:02.327+0000][info][gc,phases   ] GC(220)   Pre Evacuate Collection Set: 0.2ms
[2024-08-28T13:04:02.327+0000][info][gc,phases   ] GC(220)   Merge Heap Roots: 0.4ms
[2024-08-28T13:04:02.327+0000][info][gc,phases   ] GC(220)   Evacuate Collection Set: 11.1ms
[2024-08-28T13:04:02.328+0000][info][gc,phases   ] GC(220)   Post Evacuate Collection Set: 0.5ms
[2024-08-28T13:04:02.328+0000][info][gc,phases   ] GC(220)   Other: 0.2ms
[2024-08-28T13:04:02.328+0000][info][gc,heap     ] GC(220) Eden regions: 44->0(44)
[2024-08-28T13:04:02.328+0000][info][gc,heap     ] GC(220) Survivor regions: 7->7(7)
[2024-08-28T13:04:02.328+0000][info][gc,heap     ] GC(220) Old regions: 798->744
[2024-08-28T13:04:02.328+0000][info][gc,heap     ] GC(220) Archive regions: 2->2
[2024-08-28T13:04:02.328+0000][info][gc,heap     ] GC(220) Humongous regions: 5->5
[2024-08-28T13:04:02.328+0000][info][gc,metaspace] GC(220) Metaspace: 100K(320K)->100K(320K) NonClass: 96K(192K)->96K(192K) Class: 4K(128K)->4K(128K)
[2024-08-28T13:04:02.328+0000][info][gc          ] GC(220) Pause Young (Mixed) (G1 Evacuation Pause) 854M->756M(1024M) 12.451ms
[2024-08-28T13:04:02.328+0000][info][gc,cpu      ] GC(220) User=0.27s Sys=0.00s Real=0.01s
[2024-08-28T13:04:02.351+0000][info][gc,start    ] GC(221) Pause Young (Mixed) (G1 Evacuation Pause)
[2024-08-28T13:04:02.351+0000][info][gc,task     ] GC(221) Using 24 workers of 68 for evacuation
[2024-08-28T13:04:02.364+0000][info][gc,phases   ] GC(221)   Pre Evacuate Collection Set: 0.2ms
[2024-08-28T13:04:02.364+0000][info][gc,phases   ] GC(221)   Merge Heap Roots: 0.5ms
[2024-08-28T13:04:02.364+0000][info][gc,phases   ] GC(221)   Evacuate Collection Set: 11.8ms
[2024-08-28T13:04:02.364+0000][info][gc,phases   ] GC(221)   Post Evacuate Collection Set: 0.3ms
[2024-08-28T13:04:02.364+0000][info][gc,phases   ] GC(221)   Other: 0.2ms
[2024-08-28T13:04:02.364+0000][info][gc,heap     ] GC(221) Eden regions: 44->0(44)
[2024-08-28T13:04:02.364+0000][info][gc,heap     ] GC(221) Survivor regions: 7->7(7)
[2024-08-28T13:04:02.364+0000][info][gc,heap     ] GC(221) Old regions: 744->771
[2024-08-28T13:04:02.364+0000][info][gc,heap     ] GC(221) Archive regions: 2->2
[2024-08-28T13:04:02.364+0000][info][gc,heap     ] GC(221) Humongous regions: 5->5
[2024-08-28T13:04:02.364+0000][info][gc,metaspace] GC(221) Metaspace: 100K(320K)->100K(320K) NonClass: 96K(192K)->96K(192K) Class: 4K(128K)->4K(128K)
[2024-08-28T13:04:02.364+0000][info][gc          ] GC(221) Pause Young (Mixed) (G1 Evacuation Pause) 800M->783M(1024M) 13.117ms
[2024-08-28T13:04:02.364+0000][info][gc,cpu      ] GC(221) User=0.29s Sys=0.00s Real=0.01s
[2024-08-28T13:04:02.389+0000][info][gc,start    ] GC(222) Pause Young (Concurrent Start) (G1 Evacuation Pause)
[2024-08-28T13:04:02.389+0000][info][gc,task     ] GC(222) Using 24 workers of 68 for evacuation
[2024-08-28T13:04:02.400+0000][info][gc,phases   ] GC(222)   Pre Evacuate Collection Set: 0.1ms
[2024-08-28T13:04:02.400+0000][info][gc,phases   ] GC(222)   Merge Heap Roots: 0.5ms
[2024-08-28T13:04:02.400+0000][info][gc,phases   ] GC(222)   Evacuate Collection Set: 10.2ms
[2024-08-28T13:04:02.400+0000][info][gc,phases   ] GC(222)   Post Evacuate Collection Set: 0.3ms
[2024-08-28T13:04:02.400+0000][info][gc,phases   ] GC(222)   Other: 0.6ms
[2024-08-28T13:04:02.400+0000][info][gc,heap     ] GC(222) Eden regions: 44->0(44)
[2024-08-28T13:04:02.400+0000][info][gc,heap     ] GC(222) Survivor regions: 7->7(7)
[2024-08-28T13:04:02.400+0000][info][gc,heap     ] GC(222) Old regions: 771->818
[2024-08-28T13:04:02.400+0000][info][gc,heap     ] GC(222) Archive regions: 2->2
[2024-08-28T13:04:02.400+0000][info][gc,heap     ] GC(222) Humongous regions: 5->5
[2024-08-28T13:04:02.400+0000][info][gc,metaspace] GC(222) Metaspace: 100K(320K)->100K(320K) NonClass: 96K(192K)->96K(192K) Class: 4K(128K)->4K(128K)
[2024-08-28T13:04:02.400+0000][info][gc          ] GC(222) Pause Young (Concurrent Start) (G1 Evacuation Pause) 827M->830M(1024M) 11.890ms
[2024-08-28T13:04:02.400+0000][info][gc,cpu      ] GC(222) User=0.26s Sys=0.00s Real=0.02s
[2024-08-28T13:04:02.401+0000][info][gc          ] GC(223) Concurrent Mark Cycle
[2024-08-28T13:04:02.401+0000][info][gc,marking  ] GC(223) Concurrent Clear Claimed Marks
[2024-08-28T13:04:02.401+0000][info][gc,marking  ] GC(223) Concurrent Clear Claimed Marks 0.010ms
[2024-08-28T13:04:02.401+0000][info][gc,marking  ] GC(223) Concurrent Scan Root Regions
[2024-08-28T13:04:02.402+0000][info][gc,marking  ] GC(223) Concurrent Scan Root Regions 1.673ms
[2024-08-28T13:04:02.402+0000][info][gc,marking  ] GC(223) Concurrent Mark
[2024-08-28T13:04:02.402+0000][info][gc,marking  ] GC(223) Concurrent Mark From Roots
[2024-08-28T13:04:02.402+0000][info][gc,task     ] GC(223) Using 17 workers of 17 for marking
[2024-08-28T13:04:02.428+0000][info][gc,marking  ] GC(223) Concurrent Mark From Roots 26.066ms
[2024-08-28T13:04:02.428+0000][info][gc,marking  ] GC(223) Concurrent Preclean
[2024-08-28T13:04:02.429+0000][info][gc,marking  ] GC(223) Concurrent Preclean 0.558ms
[2024-08-28T13:04:02.429+0000][info][gc,start    ] GC(223) Pause Remark
[2024-08-28T13:04:02.431+0000][info][gc          ] GC(223) Pause Remark 858M->858M(1024M) 1.302ms
[2024-08-28T13:04:02.431+0000][info][gc,cpu      ] GC(223) User=0.00s Sys=0.01s Real=0.01s
[2024-08-28T13:04:02.431+0000][info][gc,marking  ] GC(223) Concurrent Mark 28.333ms
[2024-08-28T13:04:02.431+0000][info][gc,marking  ] GC(223) Concurrent Rebuild Remembered Sets
[2024-08-28T13:04:02.447+0000][info][gc,start    ] GC(224) Pause Young (Normal) (G1 Evacuation Pause)
[2024-08-28T13:04:02.447+0000][info][gc,task     ] GC(224) Using 24 workers of 68 for evacuation
[2024-08-28T13:04:02.458+0000][info][gc,phases   ] GC(224)   Pre Evacuate Collection Set: 0.2ms
[2024-08-28T13:04:02.458+0000][info][gc,phases   ] GC(224)   Merge Heap Roots: 0.6ms
[2024-08-28T13:04:02.458+0000][info][gc,phases   ] GC(224)   Evacuate Collection Set: 9.9ms
[2024-08-28T13:04:02.458+0000][info][gc,phases   ] GC(224)   Post Evacuate Collection Set: 0.5ms
[2024-08-28T13:04:02.458+0000][info][gc,phases   ] GC(224)   Other: 0.2ms
[2024-08-28T13:04:02.458+0000][info][gc,heap     ] GC(224) Eden regions: 44->0(44)
[2024-08-28T13:04:02.458+0000][info][gc,heap     ] GC(224) Survivor regions: 7->7(7)
[2024-08-28T13:04:02.458+0000][info][gc,heap     ] GC(224) Old regions: 818->865
[2024-08-28T13:04:02.458+0000][info][gc,heap     ] GC(224) Archive regions: 2->2
[2024-08-28T13:04:02.458+0000][info][gc,heap     ] GC(224) Humongous regions: 5->5
[2024-08-28T13:04:02.458+0000][info][gc,metaspace] GC(224) Metaspace: 100K(320K)->100K(320K) NonClass: 96K(192K)->96K(192K) Class: 4K(128K)->4K(128K)
[2024-08-28T13:04:02.458+0000][info][gc          ] GC(224) Pause Young (Normal) (G1 Evacuation Pause) 874M->877M(1024M) 11.461ms
[2024-08-28T13:04:02.458+0000][info][gc,cpu      ] GC(224) User=0.23s Sys=0.03s Real=0.02s
[2024-08-28T13:04:02.496+0000][info][gc,marking  ] GC(223) Concurrent Rebuild Remembered Sets 65.126ms
[2024-08-28T13:04:02.496+0000][info][gc,start    ] GC(223) Pause Cleanup
[2024-08-28T13:04:02.498+0000][info][gc          ] GC(223) Pause Cleanup 919M->919M(1024M) 1.715ms
[2024-08-28T13:04:02.498+0000][info][gc,cpu      ] GC(223) User=0.01s Sys=0.00s Real=0.01s
[2024-08-28T13:04:02.498+0000][info][gc,marking  ] GC(223) Concurrent Cleanup for Next Mark
[2024-08-28T13:04:02.499+0000][info][gc,marking  ] GC(223) Concurrent Cleanup for Next Mark 0.775ms
[2024-08-28T13:04:02.499+0000][info][gc          ] GC(223) Concurrent Mark Cycle 98.191ms
[2024-08-28T13:04:02.500+0000][info][gc,start    ] GC(225) Pause Young (Prepare Mixed) (G1 Evacuation Pause)
[2024-08-28T13:04:02.500+0000][info][gc,task     ] GC(225) Using 24 workers of 68 for evacuation
[2024-08-28T13:04:02.515+0000][info][gc,phases   ] GC(225)   Pre Evacuate Collection Set: 0.2ms
[2024-08-28T13:04:02.515+0000][info][gc,phases   ] GC(225)   Merge Heap Roots: 0.4ms
[2024-08-28T13:04:02.515+0000][info][gc,phases   ] GC(225)   Evacuate Collection Set: 14.0ms
[2024-08-28T13:04:02.515+0000][info][gc,phases   ] GC(225)   Post Evacuate Collection Set: 0.3ms
[2024-08-28T13:04:02.515+0000][info][gc,phases   ] GC(225)   Other: 0.2ms
[2024-08-28T13:04:02.515+0000][info][gc,heap     ] GC(225) Eden regions: 44->0(44)
[2024-08-28T13:04:02.515+0000][info][gc,heap     ] GC(225) Survivor regions: 7->7(7)
[2024-08-28T13:04:02.515+0000][info][gc,heap     ] GC(225) Old regions: 865->910
[2024-08-28T13:04:02.515+0000][info][gc,heap     ] GC(225) Archive regions: 2->2
[2024-08-28T13:04:02.515+0000][info][gc,heap     ] GC(225) Humongous regions: 5->5
[2024-08-28T13:04:02.515+0000][info][gc,metaspace] GC(225) Metaspace: 100K(320K)->100K(320K) NonClass: 96K(192K)->96K(192K) Class: 4K(128K)->4K(128K)
[2024-08-28T13:04:02.515+0000][info][gc          ] GC(225) Pause Young (Prepare Mixed) (G1 Evacuation Pause) 921M->922M(1024M) 15.109ms
[2024-08-28T13:04:02.515+0000][info][gc,cpu      ] GC(225) User=0.34s Sys=0.00s Real=0.01s
[2024-08-28T13:04:02.540+0000][info][gc,start    ] GC(226) Pause Young (Mixed) (G1 Preventive Collection)
[2024-08-28T13:04:02.540+0000][info][gc,task     ] GC(226) Using 24 workers of 68 for evacuation
[2024-08-28T13:04:02.552+0000][info][gc,phases   ] GC(226)   Pre Evacuate Collection Set: 0.2ms
[2024-08-28T13:04:02.553+0000][info][gc,phases   ] GC(226)   Merge Heap Roots: 0.6ms
[2024-08-28T13:04:02.553+0000][info][gc,phases   ] GC(226)   Evacuate Collection Set: 11.3ms
[2024-08-28T13:04:02.553+0000][info][gc,phases   ] GC(226)   Post Evacuate Collection Set: 0.4ms
[2024-08-28T13:04:02.553+0000][info][gc,phases   ] GC(226)   Other: 0.2ms
[2024-08-28T13:04:02.553+0000][info][gc,heap     ] GC(226) Eden regions: 44->0(44)
[2024-08-28T13:04:02.553+0000][info][gc,heap     ] GC(226) Survivor regions: 7->7(7)
[2024-08-28T13:04:02.553+0000][info][gc,heap     ] GC(226) Old regions: 910->854
[2024-08-28T13:04:02.553+0000][info][gc,heap     ] GC(226) Archive regions: 2->2
[2024-08-28T13:04:02.553+0000][info][gc,heap     ] GC(226) Humongous regions: 5->5
[2024-08-28T13:04:02.553+0000][info][gc,metaspace] GC(226) Metaspace: 100K(320K)->100K(320K) NonClass: 96K(192K)->96K(192K) Class: 4K(128K)->4K(128K)
[2024-08-28T13:04:02.553+0000][info][gc          ] GC(226) Pause Young (Mixed) (G1 Preventive Collection) 966M->866M(1024M) 12.705ms
[2024-08-28T13:04:02.553+0000][info][gc,cpu      ] GC(226) User=0.28s Sys=0.00s Real=0.01s
[2024-08-28T13:04:02.576+0000][info][gc,start    ] GC(227) Pause Young (Mixed) (G1 Evacuation Pause)
[2024-08-28T13:04:02.576+0000][info][gc,task     ] GC(227) Using 24 workers of 68 for evacuation
[2024-08-28T13:04:02.589+0000][info][gc,phases   ] GC(227)   Pre Evacuate Collection Set: 0.2ms
[2024-08-28T13:04:02.589+0000][info][gc,phases   ] GC(227)   Merge Heap Roots: 0.4ms
[2024-08-28T13:04:02.589+0000][info][gc,phases   ] GC(227)   Evacuate Collection Set: 11.6ms
[2024-08-28T13:04:02.589+0000][info][gc,phases   ] GC(227)   Post Evacuate Collection Set: 0.4ms
[2024-08-28T13:04:02.589+0000][info][gc,phases   ] GC(227)   Other: 0.2ms
[2024-08-28T13:04:02.589+0000][info][gc,heap     ] GC(227) Eden regions: 44->0(44)
[2024-08-28T13:04:02.589+0000][info][gc,heap     ] GC(227) Survivor regions: 7->7(7)
[2024-08-28T13:04:02.589+0000][info][gc,heap     ] GC(227) Old regions: 854->799
[2024-08-28T13:04:02.589+0000][info][gc,heap     ] GC(227) Archive regions: 2->2
[2024-08-28T13:04:02.589+0000][info][gc,heap     ] GC(227) Humongous regions: 5->5
[2024-08-28T13:04:02.589+0000][info][gc,metaspace] GC(227) Metaspace: 100K(320K)->100K(320K) NonClass: 96K(192K)->96K(192K) Class: 4K(128K)->4K(128K)
[2024-08-28T13:04:02.589+0000][info][gc          ] GC(227) Pause Young (Mixed) (G1 Evacuation Pause) 910M->811M(1024M) 12.907ms
[2024-08-28T13:04:02.589+0000][info][gc,cpu      ] GC(227) User=0.29s Sys=0.00s Real=0.01s
[2024-08-28T13:04:02.613+0000][info][gc,start    ] GC(228) Pause Young (Mixed) (G1 Evacuation Pause)
[2024-08-28T13:04:02.614+0000][info][gc,task     ] GC(228) Using 24 workers of 68 for evacuation
[2024-08-28T13:04:02.626+0000][info][gc,phases   ] GC(228)   Pre Evacuate Collection Set: 0.2ms
[2024-08-28T13:04:02.626+0000][info][gc,phases   ] GC(228)   Merge Heap Roots: 0.6ms
[2024-08-28T13:04:02.626+0000][info][gc,phases   ] GC(228)   Evacuate Collection Set: 11.5ms
[2024-08-28T13:04:02.626+0000][info][gc,phases   ] GC(228)   Post Evacuate Collection Set: 0.4ms
[2024-08-28T13:04:02.626+0000][info][gc,phases   ] GC(228)   Other: 0.2ms
[2024-08-28T13:04:02.626+0000][info][gc,heap     ] GC(228) Eden regions: 44->0(44)
[2024-08-28T13:04:02.626+0000][info][gc,heap     ] GC(228) Survivor regions: 7->7(7)
[2024-08-28T13:04:02.626+0000][info][gc,heap     ] GC(228) Old regions: 799->745
[2024-08-28T13:04:02.626+0000][info][gc,heap     ] GC(228) Archive regions: 2->2
[2024-08-28T13:04:02.626+0000][info][gc,heap     ] GC(228) Humongous regions: 5->5
[2024-08-28T13:04:02.626+0000][info][gc,metaspace] GC(228) Metaspace: 100K(320K)->100K(320K) NonClass: 96K(192K)->96K(192K) Class: 4K(128K)->4K(128K)
[2024-08-28T13:04:02.627+0000][info][gc          ] GC(228) Pause Young (Mixed) (G1 Evacuation Pause) 855M->757M(1024M) 13.024ms
[2024-08-28T13:04:02.627+0000][info][gc,cpu      ] GC(228) User=0.29s Sys=0.00s Real=0.01s
[2024-08-28T13:04:02.650+0000][info][gc,start    ] GC(229) Pause Young (Mixed) (G1 Evacuation Pause)
[2024-08-28T13:04:02.650+0000][info][gc,task     ] GC(229) Using 24 workers of 68 for evacuation
[2024-08-28T13:04:02.663+0000][info][gc,phases   ] GC(229)   Pre Evacuate Collection Set: 0.2ms
[2024-08-28T13:04:02.663+0000][info][gc,phases   ] GC(229)   Merge Heap Roots: 0.3ms
[2024-08-28T13:04:02.663+0000][info][gc,phases   ] GC(229)   Evacuate Collection Set: 11.7ms
[2024-08-28T13:04:02.663+0000][info][gc,phases   ] GC(229)   Post Evacuate Collection Set: 0.3ms
[2024-08-28T13:04:02.663+0000][info][gc,phases   ] GC(229)   Other: 0.2ms
[2024-08-28T13:04:02.663+0000][info][gc,heap     ] GC(229) Eden regions: 44->0(44)
[2024-08-28T13:04:02.663+0000][info][gc,heap     ] GC(229) Survivor regions: 7->7(7)
[2024-08-28T13:04:02.663+0000][info][gc,heap     ] GC(229) Old regions: 745->773
[2024-08-28T13:04:02.663+0000][info][gc,heap     ] GC(229) Archive regions: 2->2
[2024-08-28T13:04:02.663+0000][info][gc,heap     ] GC(229) Humongous regions: 5->5
[2024-08-28T13:04:02.663+0000][info][gc,metaspace] GC(229) Metaspace: 100K(320K)->100K(320K) NonClass: 96K(192K)->96K(192K) Class: 4K(128K)->4K(128K)
[2024-08-28T13:04:02.663+0000][info][gc          ] GC(229) Pause Young (Mixed) (G1 Evacuation Pause) 801M->785M(1024M) 12.882ms
[2024-08-28T13:04:02.663+0000][info][gc,cpu      ] GC(229) User=0.29s Sys=0.00s Real=0.01s
[2024-08-28T13:04:02.687+0000][info][gc,start    ] GC(230) Pause Young (Concurrent Start) (G1 Evacuation Pause)
[2024-08-28T13:04:02.687+0000][info][gc,task     ] GC(230) Using 24 workers of 68 for evacuation
[2024-08-28T13:04:02.699+0000][info][gc,phases   ] GC(230)   Pre Evacuate Collection Set: 0.2ms
[2024-08-28T13:04:02.699+0000][info][gc,phases   ] GC(230)   Merge Heap Roots: 0.3ms
[2024-08-28T13:04:02.699+0000][info][gc,phases   ] GC(230)   Evacuate Collection Set: 10.4ms
[2024-08-28T13:04:02.699+0000][info][gc,phases   ] GC(230)   Post Evacuate Collection Set: 0.3ms
[2024-08-28T13:04:02.699+0000][info][gc,phases   ] GC(230)   Other: 0.7ms
[2024-08-28T13:04:02.699+0000][info][gc,heap     ] GC(230) Eden regions: 44->0(44)
[2024-08-28T13:04:02.699+0000][info][gc,heap     ] GC(230) Survivor regions: 7->7(7)
[2024-08-28T13:04:02.699+0000][info][gc,heap     ] GC(230) Old regions: 773->819
[2024-08-28T13:04:02.699+0000][info][gc,heap     ] GC(230) Archive regions: 2->2
[2024-08-28T13:04:02.699+0000][info][gc,heap     ] GC(230) Humongous regions: 5->5
[2024-08-28T13:04:02.699+0000][info][gc,metaspace] GC(230) Metaspace: 100K(320K)->100K(320K) NonClass: 96K(192K)->96K(192K) Class: 4K(128K)->4K(128K)
[2024-08-28T13:04:02.699+0000][info][gc          ] GC(230) Pause Young (Concurrent Start) (G1 Evacuation Pause) 829M->831M(1024M) 12.093ms
[2024-08-28T13:04:02.699+0000][info][gc,cpu      ] GC(230) User=0.26s Sys=0.00s Real=0.02s
[2024-08-28T13:04:02.699+0000][info][gc          ] GC(231) Concurrent Mark Cycle
[2024-08-28T13:04:02.699+0000][info][gc,marking  ] GC(231) Concurrent Clear Claimed Marks
[2024-08-28T13:04:02.699+0000][info][gc,marking  ] GC(231) Concurrent Clear Claimed Marks 0.013ms
[2024-08-28T13:04:02.699+0000][info][gc,marking  ] GC(231) Concurrent Scan Root Regions
[2024-08-28T13:04:02.701+0000][info][gc,marking  ] GC(231) Concurrent Scan Root Regions 1.770ms
[2024-08-28T13:04:02.701+0000][info][gc,marking  ] GC(231) Concurrent Mark
[2024-08-28T13:04:02.701+0000][info][gc,marking  ] GC(231) Concurrent Mark From Roots
[2024-08-28T13:04:02.701+0000][info][gc,task     ] GC(231) Using 17 workers of 17 for marking
[2024-08-28T13:04:02.727+0000][info][gc,marking  ] GC(231) Concurrent Mark From Roots 25.737ms
[2024-08-28T13:04:02.727+0000][info][gc,marking  ] GC(231) Concurrent Preclean
[2024-08-28T13:04:02.727+0000][info][gc,marking  ] GC(231) Concurrent Preclean 0.503ms
[2024-08-28T13:04:02.728+0000][info][gc,start    ] GC(231) Pause Remark
[2024-08-28T13:04:02.729+0000][info][gc          ] GC(231) Pause Remark 858M->858M(1024M) 1.287ms
[2024-08-28T13:04:02.729+0000][info][gc,cpu      ] GC(231) User=0.00s Sys=0.00s Real=0.00s
[2024-08-28T13:04:02.729+0000][info][gc,marking  ] GC(231) Concurrent Mark 27.857ms
[2024-08-28T13:04:02.729+0000][info][gc,marking  ] GC(231) Concurrent Rebuild Remembered Sets
[2024-08-28T13:04:02.745+0000][info][gc,start    ] GC(232) Pause Young (Normal) (G1 Evacuation Pause)
[2024-08-28T13:04:02.745+0000][info][gc,task     ] GC(232) Using 24 workers of 68 for evacuation
[2024-08-28T13:04:02.757+0000][info][gc,phases   ] GC(232)   Pre Evacuate Collection Set: 0.2ms
[2024-08-28T13:04:02.757+0000][info][gc,phases   ] GC(232)   Merge Heap Roots: 0.6ms
[2024-08-28T13:04:02.757+0000][info][gc,phases   ] GC(232)   Evacuate Collection Set: 10.3ms
[2024-08-28T13:04:02.757+0000][info][gc,phases   ] GC(232)   Post Evacuate Collection Set: 0.5ms
[2024-08-28T13:04:02.757+0000][info][gc,phases   ] GC(232)   Other: 0.2ms
[2024-08-28T13:04:02.757+0000][info][gc,heap     ] GC(232) Eden regions: 44->0(44)
[2024-08-28T13:04:02.757+0000][info][gc,heap     ] GC(232) Survivor regions: 7->7(7)
[2024-08-28T13:04:02.757+0000][info][gc,heap     ] GC(232) Old regions: 819->866
[2024-08-28T13:04:02.757+0000][info][gc,heap     ] GC(232) Archive regions: 2->2
[2024-08-28T13:04:02.757+0000][info][gc,heap     ] GC(232) Humongous regions: 5->5
[2024-08-28T13:04:02.757+0000][info][gc,metaspace] GC(232) Metaspace: 100K(320K)->100K(320K) NonClass: 96K(192K)->96K(192K) Class: 4K(128K)->4K(128K)
[2024-08-28T13:04:02.757+0000][info][gc          ] GC(232) Pause Young (Normal) (G1 Evacuation Pause) 875M->878M(1024M) 11.915ms
[2024-08-28T13:04:02.757+0000][info][gc,cpu      ] GC(232) User=0.26s Sys=0.00s Real=0.01s
[2024-08-28T13:04:02.794+0000][info][gc,marking  ] GC(231) Concurrent Rebuild Remembered Sets 65.259ms
[2024-08-28T13:04:02.795+0000][info][gc,start    ] GC(231) Pause Cleanup
[2024-08-28T13:04:02.797+0000][info][gc          ] GC(231) Pause Cleanup 919M->919M(1024M) 2.710ms
[2024-08-28T13:04:02.797+0000][info][gc,cpu      ] GC(231) User=0.00s Sys=0.00s Real=0.00s
[2024-08-28T13:04:02.798+0000][info][gc,marking  ] GC(231) Concurrent Cleanup for Next Mark
[2024-08-28T13:04:02.798+0000][info][gc,marking  ] GC(231) Concurrent Cleanup for Next Mark 0.814ms
[2024-08-28T13:04:02.798+0000][info][gc          ] GC(231) Concurrent Mark Cycle 99.214ms
[2024-08-28T13:04:02.800+0000][info][gc,start    ] GC(233) Pause Young (Prepare Mixed) (G1 Evacuation Pause)
[2024-08-28T13:04:02.800+0000][info][gc,task     ] GC(233) Using 24 workers of 68 for evacuation
[2024-08-28T13:04:02.815+0000][info][gc,phases   ] GC(233)   Pre Evacuate Collection Set: 0.2ms
[2024-08-28T13:04:02.815+0000][info][gc,phases   ] GC(233)   Merge Heap Roots: 0.7ms
[2024-08-28T13:04:02.815+0000][info][gc,phases   ] GC(233)   Evacuate Collection Set: 13.6ms
[2024-08-28T13:04:02.815+0000][info][gc,phases   ] GC(233)   Post Evacuate Collection Set: 0.3ms
[2024-08-28T13:04:02.815+0000][info][gc,phases   ] GC(233)   Other: 0.2ms
[2024-08-28T13:04:02.815+0000][info][gc,heap     ] GC(233) Eden regions: 44->0(44)
[2024-08-28T13:04:02.815+0000][info][gc,heap     ] GC(233) Survivor regions: 7->7(7)
[2024-08-28T13:04:02.815+0000][info][gc,heap     ] GC(233) Old regions: 866->913
[2024-08-28T13:04:02.815+0000][info][gc,heap     ] GC(233) Archive regions: 2->2
[2024-08-28T13:04:02.815+0000][info][gc,heap     ] GC(233) Humongous regions: 5->5
[2024-08-28T13:04:02.815+0000][info][gc,metaspace] GC(233) Metaspace: 100K(320K)->100K(320K) NonClass: 96K(192K)->96K(192K) Class: 4K(128K)->4K(128K)
[2024-08-28T13:04:02.815+0000][info][gc          ] GC(233) Pause Young (Prepare Mixed) (G1 Evacuation Pause) 922M->925M(1024M) 15.151ms
[2024-08-28T13:04:02.815+0000][info][gc,cpu      ] GC(233) User=0.35s Sys=0.00s Real=0.01s
[2024-08-28T13:04:02.840+0000][info][gc,start    ] GC(234) Pause Young (Mixed) (G1 Preventive Collection)
[2024-08-28T13:04:02.840+0000][info][gc,task     ] GC(234) Using 24 workers of 68 for evacuation
[2024-08-28T13:04:02.852+0000][info][gc,phases   ] GC(234)   Pre Evacuate Collection Set: 0.2ms
[2024-08-28T13:04:02.852+0000][info][gc,phases   ] GC(234)   Merge Heap Roots: 0.3ms
[2024-08-28T13:04:02.852+0000][info][gc,phases   ] GC(234)   Evacuate Collection Set: 10.7ms
[2024-08-28T13:04:02.852+0000][info][gc,phases   ] GC(234)   Post Evacuate Collection Set: 0.4ms
[2024-08-28T13:04:02.852+0000][info][gc,phases   ] GC(234)   Other: 0.2ms
[2024-08-28T13:04:02.852+0000][info][gc,heap     ] GC(234) Eden regions: 42->0(44)
[2024-08-28T13:04:02.852+0000][info][gc,heap     ] GC(234) Survivor regions: 7->7(7)
[2024-08-28T13:04:02.852+0000][info][gc,heap     ] GC(234) Old regions: 913->854
[2024-08-28T13:04:02.852+0000][info][gc,heap     ] GC(234) Archive regions: 2->2
[2024-08-28T13:04:02.852+0000][info][gc,heap     ] GC(234) Humongous regions: 5->5
[2024-08-28T13:04:02.852+0000][info][gc,metaspace] GC(234) Metaspace: 100K(320K)->100K(320K) NonClass: 96K(192K)->96K(192K) Class: 4K(128K)->4K(128K)
[2024-08-28T13:04:02.852+0000][info][gc          ] GC(234) Pause Young (Mixed) (G1 Preventive Collection) 967M->866M(1024M) 11.904ms
[2024-08-28T13:04:02.852+0000][info][gc,cpu      ] GC(234) User=0.27s Sys=0.00s Real=0.01s
[2024-08-28T13:04:02.877+0000][info][gc,start    ] GC(235) Pause Young (Mixed) (G1 Evacuation Pause)
[2024-08-28T13:04:02.877+0000][info][gc,task     ] GC(235) Using 24 workers of 68 for evacuation
[2024-08-28T13:04:02.890+0000][info][gc,phases   ] GC(235)   Pre Evacuate Collection Set: 0.2ms
[2024-08-28T13:04:02.890+0000][info][gc,phases   ] GC(235)   Merge Heap Roots: 0.6ms
[2024-08-28T13:04:02.890+0000][info][gc,phases   ] GC(235)   Evacuate Collection Set: 11.6ms
[2024-08-28T13:04:02.890+0000][info][gc,phases   ] GC(235)   Post Evacuate Collection Set: 0.4ms
[2024-08-28T13:04:02.890+0000][info][gc,phases   ] GC(235)   Other: 0.2ms
[2024-08-28T13:04:02.890+0000][info][gc,heap     ] GC(235) Eden regions: 44->0(44)
[2024-08-28T13:04:02.890+0000][info][gc,heap     ] GC(235) Survivor regions: 7->7(7)
[2024-08-28T13:04:02.890+0000][info][gc,heap     ] GC(235) Old regions: 854->798
[2024-08-28T13:04:02.890+0000][info][gc,heap     ] GC(235) Archive regions: 2->2
[2024-08-28T13:04:02.890+0000][info][gc,heap     ] GC(235) Humongous regions: 5->5
[2024-08-28T13:04:02.890+0000][info][gc,metaspace] GC(235) Metaspace: 100K(320K)->100K(320K) NonClass: 96K(192K)->96K(192K) Class: 4K(128K)->4K(128K)
[2024-08-28T13:04:02.890+0000][info][gc          ] GC(235) Pause Young (Mixed) (G1 Evacuation Pause) 910M->810M(1024M) 13.073ms
[2024-08-28T13:04:02.890+0000][info][gc,cpu      ] GC(235) User=0.29s Sys=0.01s Real=0.02s
[2024-08-28T13:04:02.914+0000][info][gc,start    ] GC(236) Pause Young (Mixed) (G1 Evacuation Pause)
[2024-08-28T13:04:02.914+0000][info][gc,task     ] GC(236) Using 24 workers of 68 for evacuation
[2024-08-28T13:04:02.926+0000][info][gc,phases   ] GC(236)   Pre Evacuate Collection Set: 0.2ms
[2024-08-28T13:04:02.926+0000][info][gc,phases   ] GC(236)   Merge Heap Roots: 0.4ms
[2024-08-28T13:04:02.926+0000][info][gc,phases   ] GC(236)   Evacuate Collection Set: 11.0ms
[2024-08-28T13:04:02.926+0000][info][gc,phases   ] GC(236)   Post Evacuate Collection Set: 0.4ms
[2024-08-28T13:04:02.926+0000][info][gc,phases   ] GC(236)   Other: 0.3ms
[2024-08-28T13:04:02.926+0000][info][gc,heap     ] GC(236) Eden regions: 44->0(44)
[2024-08-28T13:04:02.926+0000][info][gc,heap     ] GC(236) Survivor regions: 7->7(7)
[2024-08-28T13:04:02.926+0000][info][gc,heap     ] GC(236) Old regions: 798->743
[2024-08-28T13:04:02.926+0000][info][gc,heap     ] GC(236) Archive regions: 2->2
[2024-08-28T13:04:02.926+0000][info][gc,heap     ] GC(236) Humongous regions: 5->5
[2024-08-28T13:04:02.926+0000][info][gc,metaspace] GC(236) Metaspace: 100K(320K)->100K(320K) NonClass: 96K(192K)->96K(192K) Class: 4K(128K)->4K(128K)
[2024-08-28T13:04:02.926+0000][info][gc          ] GC(236) Pause Young (Mixed) (G1 Evacuation Pause) 854M->755M(1024M) 12.294ms
[2024-08-28T13:04:02.926+0000][info][gc,cpu      ] GC(236) User=0.27s Sys=0.00s Real=0.01s
[2024-08-28T13:04:02.950+0000][info][gc,start    ] GC(237) Pause Young (Mixed) (G1 Evacuation Pause)
[2024-08-28T13:04:02.950+0000][info][gc,task     ] GC(237) Using 24 workers of 68 for evacuation
[2024-08-28T13:04:02.962+0000][info][gc,phases   ] GC(237)   Pre Evacuate Collection Set: 0.2ms
[2024-08-28T13:04:02.962+0000][info][gc,phases   ] GC(237)   Merge Heap Roots: 0.5ms
[2024-08-28T13:04:02.962+0000][info][gc,phases   ] GC(237)   Evacuate Collection Set: 11.3ms
[2024-08-28T13:04:02.962+0000][info][gc,phases   ] GC(237)   Post Evacuate Collection Set: 0.4ms
[2024-08-28T13:04:02.962+0000][info][gc,phases   ] GC(237)   Other: 0.2ms
[2024-08-28T13:04:02.962+0000][info][gc,heap     ] GC(237) Eden regions: 44->0(44)
[2024-08-28T13:04:02.962+0000][info][gc,heap     ] GC(237) Survivor regions: 7->7(7)
[2024-08-28T13:04:02.962+0000][info][gc,heap     ] GC(237) Old regions: 743->770
[2024-08-28T13:04:02.962+0000][info][gc,heap     ] GC(237) Archive regions: 2->2
[2024-08-28T13:04:02.962+0000][info][gc,heap     ] GC(237) Humongous regions: 5->5
[2024-08-28T13:04:02.962+0000][info][gc,metaspace] GC(237) Metaspace: 100K(320K)->100K(320K) NonClass: 96K(192K)->96K(192K) Class: 4K(128K)->4K(128K)
[2024-08-28T13:04:02.962+0000][info][gc          ] GC(237) Pause Young (Mixed) (G1 Evacuation Pause) 799M->782M(1024M) 12.630ms
[2024-08-28T13:04:02.962+0000][info][gc,cpu      ] GC(237) User=0.28s Sys=0.00s Real=0.01s
[2024-08-28T13:04:02.986+0000][info][gc,start    ] GC(238) Pause Young (Concurrent Start) (G1 Evacuation Pause)
[2024-08-28T13:04:02.986+0000][info][gc,task     ] GC(238) Using 24 workers of 68 for evacuation
[2024-08-28T13:04:02.998+0000][info][gc,phases   ] GC(238)   Pre Evacuate Collection Set: 0.2ms
[2024-08-28T13:04:02.999+0000][info][gc,phases   ] GC(238)   Merge Heap Roots: 0.5ms
[2024-08-28T13:04:02.999+0000][info][gc,phases   ] GC(238)   Evacuate Collection Set: 10.5ms
[2024-08-28T13:04:02.999+0000][info][gc,phases   ] GC(238)   Post Evacuate Collection Set: 0.3ms
[2024-08-28T13:04:02.999+0000][info][gc,phases   ] GC(238)   Other: 0.8ms
[2024-08-28T13:04:02.999+0000][info][gc,heap     ] GC(238) Eden regions: 44->0(44)
[2024-08-28T13:04:02.999+0000][info][gc,heap     ] GC(238) Survivor regions: 7->7(7)
[2024-08-28T13:04:02.999+0000][info][gc,heap     ] GC(238) Old regions: 770->816
[2024-08-28T13:04:02.999+0000][info][gc,heap     ] GC(238) Archive regions: 2->2
[2024-08-28T13:04:02.999+0000][info][gc,heap     ] GC(238) Humongous regions: 5->5
[2024-08-28T13:04:02.999+0000][info][gc,metaspace] GC(238) Metaspace: 100K(320K)->100K(320K) NonClass: 96K(192K)->96K(192K) Class: 4K(128K)->4K(128K)
[2024-08-28T13:04:02.999+0000][info][gc          ] GC(238) Pause Young (Concurrent Start) (G1 Evacuation Pause) 826M->828M(1024M) 12.444ms
[2024-08-28T13:04:02.999+0000][info][gc,cpu      ] GC(238) User=0.25s Sys=0.01s Real=0.02s
[2024-08-28T13:04:02.999+0000][info][gc          ] GC(239) Concurrent Mark Cycle
[2024-08-28T13:04:02.999+0000][info][gc,marking  ] GC(239) Concurrent Clear Claimed Marks
[2024-08-28T13:04:02.999+0000][info][gc,marking  ] GC(239) Concurrent Clear Claimed Marks 0.013ms
[2024-08-28T13:04:02.999+0000][info][gc,marking  ] GC(239) Concurrent Scan Root Regions
[2024-08-28T13:04:03.001+0000][info][gc,marking  ] GC(239) Concurrent Scan Root Regions 1.914ms
[2024-08-28T13:04:03.001+0000][info][gc,marking  ] GC(239) Concurrent Mark
[2024-08-28T13:04:03.001+0000][info][gc,marking  ] GC(239) Concurrent Mark From Roots
[2024-08-28T13:04:03.001+0000][info][gc,task     ] GC(239) Using 17 workers of 17 for marking
[2024-08-28T13:04:03.027+0000][info][gc,marking  ] GC(239) Concurrent Mark From Roots 25.824ms
[2024-08-28T13:04:03.027+0000][info][gc,marking  ] GC(239) Concurrent Preclean
[2024-08-28T13:04:03.027+0000][info][gc,marking  ] GC(239) Concurrent Preclean 0.641ms
[2024-08-28T13:04:03.028+0000][info][gc,start    ] GC(239) Pause Remark
[2024-08-28T13:04:03.029+0000][info][gc          ] GC(239) Pause Remark 856M->856M(1024M) 1.416ms
[2024-08-28T13:04:03.029+0000][info][gc,cpu      ] GC(239) User=0.01s Sys=0.00s Real=0.00s
[2024-08-28T13:04:03.029+0000][info][gc,marking  ] GC(239) Concurrent Mark 28.294ms
[2024-08-28T13:04:03.029+0000][info][gc,marking  ] GC(239) Concurrent Rebuild Remembered Sets
[2024-08-28T13:04:03.045+0000][info][gc,start    ] GC(240) Pause Young (Normal) (G1 Evacuation Pause)
[2024-08-28T13:04:03.045+0000][info][gc,task     ] GC(240) Using 24 workers of 68 for evacuation
[2024-08-28T13:04:03.057+0000][info][gc,phases   ] GC(240)   Pre Evacuate Collection Set: 0.2ms
[2024-08-28T13:04:03.057+0000][info][gc,phases   ] GC(240)   Merge Heap Roots: 0.6ms
[2024-08-28T13:04:03.057+0000][info][gc,phases   ] GC(240)   Evacuate Collection Set: 10.3ms
[2024-08-28T13:04:03.057+0000][info][gc,phases   ] GC(240)   Post Evacuate Collection Set: 0.5ms
[2024-08-28T13:04:03.057+0000][info][gc,phases   ] GC(240)   Other: 0.2ms
[2024-08-28T13:04:03.057+0000][info][gc,heap     ] GC(240) Eden regions: 44->0(44)
[2024-08-28T13:04:03.057+0000][info][gc,heap     ] GC(240) Survivor regions: 7->7(7)
[2024-08-28T13:04:03.057+0000][info][gc,heap     ] GC(240) Old regions: 816->863
[2024-08-28T13:04:03.057+0000][info][gc,heap     ] GC(240) Archive regions: 2->2
[2024-08-28T13:04:03.057+0000][info][gc,heap     ] GC(240) Humongous regions: 5->5
[2024-08-28T13:04:03.057+0000][info][gc,metaspace] GC(240) Metaspace: 100K(320K)->100K(320K) NonClass: 96K(192K)->96K(192K) Class: 4K(128K)->4K(128K)
[2024-08-28T13:04:03.057+0000][info][gc          ] GC(240) Pause Young (Normal) (G1 Evacuation Pause) 872M->875M(1024M) 11.770ms
[2024-08-28T13:04:03.057+0000][info][gc,cpu      ] GC(240) User=0.26s Sys=0.01s Real=0.01s
[2024-08-28T13:04:03.100+0000][info][gc,marking  ] GC(239) Concurrent Rebuild Remembered Sets 71.400ms
[2024-08-28T13:04:03.101+0000][info][gc,start    ] GC(239) Pause Cleanup
[2024-08-28T13:04:03.103+0000][info][gc          ] GC(239) Pause Cleanup 919M->919M(1024M) 1.831ms
[2024-08-28T13:04:03.103+0000][info][gc,cpu      ] GC(239) User=0.00s Sys=0.00s Real=0.00s
[2024-08-28T13:04:03.103+0000][info][gc,marking  ] GC(239) Concurrent Cleanup for Next Mark
[2024-08-28T13:04:03.103+0000][info][gc,start    ] GC(241) Pause Young (Prepare Mixed) (G1 Evacuation Pause)
[2024-08-28T13:04:03.103+0000][info][gc,task     ] GC(241) Using 24 workers of 68 for evacuation
[2024-08-28T13:04:03.117+0000][info][gc,phases   ] GC(241)   Pre Evacuate Collection Set: 0.2ms
[2024-08-28T13:04:03.117+0000][info][gc,phases   ] GC(241)   Merge Heap Roots: 0.4ms
[2024-08-28T13:04:03.117+0000][info][gc,phases   ] GC(241)   Evacuate Collection Set: 12.9ms
[2024-08-28T13:04:03.117+0000][info][gc,phases   ] GC(241)   Post Evacuate Collection Set: 0.3ms
[2024-08-28T13:04:03.117+0000][info][gc,phases   ] GC(241)   Other: 0.2ms
[2024-08-28T13:04:03.117+0000][info][gc,heap     ] GC(241) Eden regions: 44->0(44)
[2024-08-28T13:04:03.117+0000][info][gc,heap     ] GC(241) Survivor regions: 7->7(7)
[2024-08-28T13:04:03.117+0000][info][gc,heap     ] GC(241) Old regions: 863->910
[2024-08-28T13:04:03.117+0000][info][gc,heap     ] GC(241) Archive regions: 2->2
[2024-08-28T13:04:03.117+0000][info][gc,heap     ] GC(241) Humongous regions: 5->5
[2024-08-28T13:04:03.117+0000][info][gc,metaspace] GC(241) Metaspace: 100K(320K)->100K(320K) NonClass: 96K(192K)->96K(192K) Class: 4K(128K)->4K(128K)
[2024-08-28T13:04:03.117+0000][info][gc          ] GC(241) Pause Young (Prepare Mixed) (G1 Evacuation Pause) 919M->922M(1024M) 14.005ms
[2024-08-28T13:04:03.117+0000][info][gc,cpu      ] GC(241) User=0.32s Sys=0.00s Real=0.01s
[2024-08-28T13:04:03.118+0000][info][gc,marking  ] GC(239) Concurrent Cleanup for Next Mark 15.040ms
[2024-08-28T13:04:03.118+0000][info][gc          ] GC(239) Concurrent Mark Cycle 119.087ms
[2024-08-28T13:04:03.144+0000][info][gc,start    ] GC(242) Pause Young (Mixed) (G1 Preventive Collection)
[2024-08-28T13:04:03.144+0000][info][gc,task     ] GC(242) Using 24 workers of 68 for evacuation
[2024-08-28T13:04:03.157+0000][info][gc,phases   ] GC(242)   Pre Evacuate Collection Set: 0.2ms
[2024-08-28T13:04:03.157+0000][info][gc,phases   ] GC(242)   Merge Heap Roots: 0.5ms
[2024-08-28T13:04:03.157+0000][info][gc,phases   ] GC(242)   Evacuate Collection Set: 11.6ms
[2024-08-28T13:04:03.157+0000][info][gc,phases   ] GC(242)   Post Evacuate Collection Set: 0.4ms
[2024-08-28T13:04:03.157+0000][info][gc,phases   ] GC(242)   Other: 0.2ms
[2024-08-28T13:04:03.157+0000][info][gc,heap     ] GC(242) Eden regions: 44->0(44)
[2024-08-28T13:04:03.157+0000][info][gc,heap     ] GC(242) Survivor regions: 7->7(7)
[2024-08-28T13:04:03.157+0000][info][gc,heap     ] GC(242) Old regions: 910->854
[2024-08-28T13:04:03.157+0000][info][gc,heap     ] GC(242) Archive regions: 2->2
[2024-08-28T13:04:03.157+0000][info][gc,heap     ] GC(242) Humongous regions: 5->5
[2024-08-28T13:04:03.157+0000][info][gc,metaspace] GC(242) Metaspace: 100K(320K)->100K(320K) NonClass: 96K(192K)->96K(192K) Class: 4K(128K)->4K(128K)
[2024-08-28T13:04:03.157+0000][info][gc          ] GC(242) Pause Young (Mixed) (G1 Preventive Collection) 966M->866M(1024M) 12.997ms
[2024-08-28T13:04:03.157+0000][info][gc,cpu      ] GC(242) User=0.29s Sys=0.00s Real=0.01s
[2024-08-28T13:04:03.181+0000][info][gc,start    ] GC(243) Pause Young (Mixed) (G1 Evacuation Pause)
[2024-08-28T13:04:03.181+0000][info][gc,task     ] GC(243) Using 24 workers of 68 for evacuation
[2024-08-28T13:04:03.193+0000][info][gc,phases   ] GC(243)   Pre Evacuate Collection Set: 0.2ms
[2024-08-28T13:04:03.193+0000][info][gc,phases   ] GC(243)   Merge Heap Roots: 0.4ms
[2024-08-28T13:04:03.193+0000][info][gc,phases   ] GC(243)   Evacuate Collection Set: 11.4ms
[2024-08-28T13:04:03.193+0000][info][gc,phases   ] GC(243)   Post Evacuate Collection Set: 0.4ms
[2024-08-28T13:04:03.193+0000][info][gc,phases   ] GC(243)   Other: 0.3ms
[2024-08-28T13:04:03.193+0000][info][gc,heap     ] GC(243) Eden regions: 44->0(44)
[2024-08-28T13:04:03.193+0000][info][gc,heap     ] GC(243) Survivor regions: 7->7(7)
[2024-08-28T13:04:03.193+0000][info][gc,heap     ] GC(243) Old regions: 854->799
[2024-08-28T13:04:03.193+0000][info][gc,heap     ] GC(243) Archive regions: 2->2
[2024-08-28T13:04:03.193+0000][info][gc,heap     ] GC(243) Humongous regions: 5->5
[2024-08-28T13:04:03.193+0000][info][gc,metaspace] GC(243) Metaspace: 100K(320K)->100K(320K) NonClass: 96K(192K)->96K(192K) Class: 4K(128K)->4K(128K)
[2024-08-28T13:04:03.193+0000][info][gc          ] GC(243) Pause Young (Mixed) (G1 Evacuation Pause) 910M->811M(1024M) 12.653ms
[2024-08-28T13:04:03.193+0000][info][gc,cpu      ] GC(243) User=0.24s Sys=0.04s Real=0.01s
[2024-08-28T13:04:03.217+0000][info][gc,start    ] GC(244) Pause Young (Mixed) (G1 Evacuation Pause)
[2024-08-28T13:04:03.217+0000][info][gc,task     ] GC(244) Using 24 workers of 68 for evacuation
[2024-08-28T13:04:03.230+0000][info][gc,phases   ] GC(244)   Pre Evacuate Collection Set: 0.2ms
[2024-08-28T13:04:03.230+0000][info][gc,phases   ] GC(244)   Merge Heap Roots: 0.6ms
[2024-08-28T13:04:03.230+0000][info][gc,phases   ] GC(244)   Evacuate Collection Set: 11.6ms
[2024-08-28T13:04:03.230+0000][info][gc,phases   ] GC(244)   Post Evacuate Collection Set: 0.4ms
[2024-08-28T13:04:03.230+0000][info][gc,phases   ] GC(244)   Other: 0.2ms
[2024-08-28T13:04:03.230+0000][info][gc,heap     ] GC(244) Eden regions: 44->0(44)
[2024-08-28T13:04:03.230+0000][info][gc,heap     ] GC(244) Survivor regions: 7->7(7)
[2024-08-28T13:04:03.230+0000][info][gc,heap     ] GC(244) Old regions: 799->746
[2024-08-28T13:04:03.230+0000][info][gc,heap     ] GC(244) Archive regions: 2->2
[2024-08-28T13:04:03.230+0000][info][gc,heap     ] GC(244) Humongous regions: 5->5
[2024-08-28T13:04:03.230+0000][info][gc,metaspace] GC(244) Metaspace: 100K(320K)->100K(320K) NonClass: 96K(192K)->96K(192K) Class: 4K(128K)->4K(128K)
[2024-08-28T13:04:03.231+0000][info][gc          ] GC(244) Pause Young (Mixed) (G1 Evacuation Pause) 855M->758M(1024M) 13.152ms
[2024-08-28T13:04:03.231+0000][info][gc,cpu      ] GC(244) User=0.29s Sys=0.00s Real=0.02s
[2024-08-28T13:04:03.255+0000][info][gc,start    ] GC(245) Pause Young (Mixed) (G1 Evacuation Pause)
[2024-08-28T13:04:03.255+0000][info][gc,task     ] GC(245) Using 24 workers of 68 for evacuation
[2024-08-28T13:04:03.267+0000][info][gc,phases   ] GC(245)   Pre Evacuate Collection Set: 0.2ms
[2024-08-28T13:04:03.267+0000][info][gc,phases   ] GC(245)   Merge Heap Roots: 0.3ms
[2024-08-28T13:04:03.267+0000][info][gc,phases   ] GC(245)   Evacuate Collection Set: 11.5ms
[2024-08-28T13:04:03.267+0000][info][gc,phases   ] GC(245)   Post Evacuate Collection Set: 0.3ms
[2024-08-28T13:04:03.267+0000][info][gc,phases   ] GC(245)   Other: 0.3ms
[2024-08-28T13:04:03.267+0000][info][gc,heap     ] GC(245) Eden regions: 44->0(44)
[2024-08-28T13:04:03.267+0000][info][gc,heap     ] GC(245) Survivor regions: 7->7(7)
[2024-08-28T13:04:03.267+0000][info][gc,heap     ] GC(245) Old regions: 746->774
[2024-08-28T13:04:03.267+0000][info][gc,heap     ] GC(245) Archive regions: 2->2
[2024-08-28T13:04:03.267+0000][info][gc,heap     ] GC(245) Humongous regions: 5->5
[2024-08-28T13:04:03.267+0000][info][gc,metaspace] GC(245) Metaspace: 100K(320K)->100K(320K) NonClass: 96K(192K)->96K(192K) Class: 4K(128K)->4K(128K)
[2024-08-28T13:04:03.267+0000][info][gc          ] GC(245) Pause Young (Mixed) (G1 Evacuation Pause) 802M->786M(1024M) 12.603ms
[2024-08-28T13:04:03.267+0000][info][gc,cpu      ] GC(245) User=0.28s Sys=0.00s Real=0.01s
[2024-08-28T13:04:03.291+0000][info][gc,start    ] GC(246) Pause Young (Concurrent Start) (G1 Evacuation Pause)
[2024-08-28T13:04:03.291+0000][info][gc,task     ] GC(246) Using 24 workers of 68 for evacuation
[2024-08-28T13:04:03.303+0000][info][gc,phases   ] GC(246)   Pre Evacuate Collection Set: 0.2ms
[2024-08-28T13:04:03.303+0000][info][gc,phases   ] GC(246)   Merge Heap Roots: 0.3ms
[2024-08-28T13:04:03.303+0000][info][gc,phases   ] GC(246)   Evacuate Collection Set: 10.3ms
[2024-08-28T13:04:03.303+0000][info][gc,phases   ] GC(246)   Post Evacuate Collection Set: 0.4ms
[2024-08-28T13:04:03.303+0000][info][gc,phases   ] GC(246)   Other: 0.6ms
[2024-08-28T13:04:03.303+0000][info][gc,heap     ] GC(246) Eden regions: 44->0(44)
[2024-08-28T13:04:03.303+0000][info][gc,heap     ] GC(246) Survivor regions: 7->7(7)
[2024-08-28T13:04:03.303+0000][info][gc,heap     ] GC(246) Old regions: 774->820
[2024-08-28T13:04:03.303+0000][info][gc,heap     ] GC(246) Archive regions: 2->2
[2024-08-28T13:04:03.303+0000][info][gc,heap     ] GC(246) Humongous regions: 5->5
[2024-08-28T13:04:03.303+0000][info][gc,metaspace] GC(246) Metaspace: 100K(320K)->100K(320K) NonClass: 96K(192K)->96K(192K) Class: 4K(128K)->4K(128K)
[2024-08-28T13:04:03.303+0000][info][gc          ] GC(246) Pause Young (Concurrent Start) (G1 Evacuation Pause) 830M->832M(1024M) 11.839ms
[2024-08-28T13:04:03.303+0000][info][gc,cpu      ] GC(246) User=0.25s Sys=0.00s Real=0.01s
[2024-08-28T13:04:03.303+0000][info][gc          ] GC(247) Concurrent Mark Cycle
[2024-08-28T13:04:03.303+0000][info][gc,marking  ] GC(247) Concurrent Clear Claimed Marks
[2024-08-28T13:04:03.303+0000][info][gc,marking  ] GC(247) Concurrent Clear Claimed Marks 0.013ms
[2024-08-28T13:04:03.303+0000][info][gc,marking  ] GC(247) Concurrent Scan Root Regions
[2024-08-28T13:04:03.305+0000][info][gc,marking  ] GC(247) Concurrent Scan Root Regions 1.748ms
[2024-08-28T13:04:03.305+0000][info][gc,marking  ] GC(247) Concurrent Mark
[2024-08-28T13:04:03.305+0000][info][gc,marking  ] GC(247) Concurrent Mark From Roots
[2024-08-28T13:04:03.305+0000][info][gc,task     ] GC(247) Using 17 workers of 17 for marking
[2024-08-28T13:04:03.331+0000][info][gc,marking  ] GC(247) Concurrent Mark From Roots 25.937ms
[2024-08-28T13:04:03.331+0000][info][gc,marking  ] GC(247) Concurrent Preclean
[2024-08-28T13:04:03.332+0000][info][gc,marking  ] GC(247) Concurrent Preclean 0.719ms
[2024-08-28T13:04:03.332+0000][info][gc,start    ] GC(247) Pause Remark
[2024-08-28T13:04:03.334+0000][info][gc          ] GC(247) Pause Remark 860M->860M(1024M) 1.463ms
[2024-08-28T13:04:03.334+0000][info][gc,cpu      ] GC(247) User=0.00s Sys=0.00s Real=0.00s
[2024-08-28T13:04:03.334+0000][info][gc,marking  ] GC(247) Concurrent Mark 28.645ms
[2024-08-28T13:04:03.334+0000][info][gc,marking  ] GC(247) Concurrent Rebuild Remembered Sets
[2024-08-28T13:04:03.358+0000][info][gc,start    ] GC(248) Pause Young (Normal) (G1 Evacuation Pause)
[2024-08-28T13:04:03.358+0000][info][gc,task     ] GC(248) Using 24 workers of 68 for evacuation
[2024-08-28T13:04:03.370+0000][info][gc,phases   ] GC(248)   Pre Evacuate Collection Set: 0.2ms
[2024-08-28T13:04:03.370+0000][info][gc,phases   ] GC(248)   Merge Heap Roots: 0.5ms
[2024-08-28T13:04:03.370+0000][info][gc,phases   ] GC(248)   Evacuate Collection Set: 10.8ms
[2024-08-28T13:04:03.370+0000][info][gc,phases   ] GC(248)   Post Evacuate Collection Set: 0.4ms
[2024-08-28T13:04:03.370+0000][info][gc,phases   ] GC(248)   Other: 0.2ms
[2024-08-28T13:04:03.370+0000][info][gc,heap     ] GC(248) Eden regions: 44->0(44)
[2024-08-28T13:04:03.370+0000][info][gc,heap     ] GC(248) Survivor regions: 7->7(7)
[2024-08-28T13:04:03.370+0000][info][gc,heap     ] GC(248) Old regions: 820->868
[2024-08-28T13:04:03.370+0000][info][gc,heap     ] GC(248) Archive regions: 2->2
[2024-08-28T13:04:03.370+0000][info][gc,heap     ] GC(248) Humongous regions: 5->5
[2024-08-28T13:04:03.370+0000][info][gc,metaspace] GC(248) Metaspace: 100K(320K)->100K(320K) NonClass: 96K(192K)->96K(192K) Class: 4K(128K)->4K(128K)
[2024-08-28T13:04:03.370+0000][info][gc          ] GC(248) Pause Young (Normal) (G1 Evacuation Pause) 876M->880M(1024M) 12.214ms
[2024-08-28T13:04:03.370+0000][info][gc,cpu      ] GC(248) User=0.26s Sys=0.02s Real=0.01s
[2024-08-28T13:04:03.399+0000][info][gc,marking  ] GC(247) Concurrent Rebuild Remembered Sets 65.277ms
[2024-08-28T13:04:03.399+0000][info][gc,start    ] GC(247) Pause Cleanup
[2024-08-28T13:04:03.402+0000][info][gc          ] GC(247) Pause Cleanup 909M->909M(1024M) 2.685ms
[2024-08-28T13:04:03.402+0000][info][gc,cpu      ] GC(247) User=0.01s Sys=0.00s Real=0.00s
[2024-08-28T13:04:03.402+0000][info][gc,marking  ] GC(247) Concurrent Cleanup for Next Mark
[2024-08-28T13:04:03.403+0000][info][gc,marking  ] GC(247) Concurrent Cleanup for Next Mark 0.796ms
[2024-08-28T13:04:03.403+0000][info][gc          ] GC(247) Concurrent Mark Cycle 99.941ms
[2024-08-28T13:04:03.413+0000][info][gc,start    ] GC(249) Pause Young (Prepare Mixed) (G1 Evacuation Pause)
[2024-08-28T13:04:03.413+0000][info][gc,task     ] GC(249) Using 24 workers of 68 for evacuation
[2024-08-28T13:04:03.428+0000][info][gc,phases   ] GC(249)   Pre Evacuate Collection Set: 0.2ms
[2024-08-28T13:04:03.428+0000][info][gc,phases   ] GC(249)   Merge Heap Roots: 0.8ms
[2024-08-28T13:04:03.428+0000][info][gc,phases   ] GC(249)   Evacuate Collection Set: 13.9ms
[2024-08-28T13:04:03.428+0000][info][gc,phases   ] GC(249)   Post Evacuate Collection Set: 0.3ms
[2024-08-28T13:04:03.428+0000][info][gc,phases   ] GC(249)   Other: 0.3ms
[2024-08-28T13:04:03.428+0000][info][gc,heap     ] GC(249) Eden regions: 44->0(44)
[2024-08-28T13:04:03.428+0000][info][gc,heap     ] GC(249) Survivor regions: 7->7(7)
[2024-08-28T13:04:03.428+0000][info][gc,heap     ] GC(249) Old regions: 868->913
[2024-08-28T13:04:03.428+0000][info][gc,heap     ] GC(249) Archive regions: 2->2
[2024-08-28T13:04:03.428+0000][info][gc,heap     ] GC(249) Humongous regions: 5->5
[2024-08-28T13:04:03.428+0000][info][gc,metaspace] GC(249) Metaspace: 100K(320K)->100K(320K) NonClass: 96K(192K)->96K(192K) Class: 4K(128K)->4K(128K)
[2024-08-28T13:04:03.428+0000][info][gc          ] GC(249) Pause Young (Prepare Mixed) (G1 Evacuation Pause) 924M->925M(1024M) 15.457ms
[2024-08-28T13:04:03.428+0000][info][gc,cpu      ] GC(249) User=0.35s Sys=0.00s Real=0.01s
[2024-08-28T13:04:03.454+0000][info][gc,start    ] GC(250) Pause Young (Mixed) (G1 Preventive Collection)
[2024-08-28T13:04:03.454+0000][info][gc,task     ] GC(250) Using 24 workers of 68 for evacuation
[2024-08-28T13:04:03.466+0000][info][gc,phases   ] GC(250)   Pre Evacuate Collection Set: 0.2ms
[2024-08-28T13:04:03.466+0000][info][gc,phases   ] GC(250)   Merge Heap Roots: 0.3ms
[2024-08-28T13:04:03.466+0000][info][gc,phases   ] GC(250)   Evacuate Collection Set: 11.0ms
[2024-08-28T13:04:03.466+0000][info][gc,phases   ] GC(250)   Post Evacuate Collection Set: 0.4ms
[2024-08-28T13:04:03.466+0000][info][gc,phases   ] GC(250)   Other: 0.2ms
[2024-08-28T13:04:03.466+0000][info][gc,heap     ] GC(250) Eden regions: 42->0(44)
[2024-08-28T13:04:03.466+0000][info][gc,heap     ] GC(250) Survivor regions: 7->7(7)
[2024-08-28T13:04:03.466+0000][info][gc,heap     ] GC(250) Old regions: 913->855
[2024-08-28T13:04:03.466+0000][info][gc,heap     ] GC(250) Archive regions: 2->2
[2024-08-28T13:04:03.466+0000][info][gc,heap     ] GC(250) Humongous regions: 5->5
[2024-08-28T13:04:03.466+0000][info][gc,metaspace] GC(250) Metaspace: 100K(320K)->100K(320K) NonClass: 96K(192K)->96K(192K) Class: 4K(128K)->4K(128K)
[2024-08-28T13:04:03.466+0000][info][gc          ] GC(250) Pause Young (Mixed) (G1 Preventive Collection) 967M->867M(1024M) 12.245ms
[2024-08-28T13:04:03.466+0000][info][gc,cpu      ] GC(250) User=0.26s Sys=0.01s Real=0.01s
[2024-08-28T13:04:03.491+0000][info][gc,start    ] GC(251) Pause Young (Mixed) (G1 Evacuation Pause)
[2024-08-28T13:04:03.491+0000][info][gc,task     ] GC(251) Using 24 workers of 68 for evacuation
[2024-08-28T13:04:03.504+0000][info][gc,phases   ] GC(251)   Pre Evacuate Collection Set: 0.2ms
[2024-08-28T13:04:03.504+0000][info][gc,phases   ] GC(251)   Merge Heap Roots: 0.6ms
[2024-08-28T13:04:03.504+0000][info][gc,phases   ] GC(251)   Evacuate Collection Set: 11.8ms
[2024-08-28T13:04:03.504+0000][info][gc,phases   ] GC(251)   Post Evacuate Collection Set: 0.4ms
[2024-08-28T13:04:03.504+0000][info][gc,phases   ] GC(251)   Other: 0.2ms
[2024-08-28T13:04:03.504+0000][info][gc,heap     ] GC(251) Eden regions: 44->0(44)
[2024-08-28T13:04:03.504+0000][info][gc,heap     ] GC(251) Survivor regions: 7->7(7)
[2024-08-28T13:04:03.504+0000][info][gc,heap     ] GC(251) Old regions: 855->799
[2024-08-28T13:04:03.504+0000][info][gc,heap     ] GC(251) Archive regions: 2->2
[2024-08-28T13:04:03.504+0000][info][gc,heap     ] GC(251) Humongous regions: 5->5
[2024-08-28T13:04:03.504+0000][info][gc,metaspace] GC(251) Metaspace: 100K(320K)->100K(320K) NonClass: 96K(192K)->96K(192K) Class: 4K(128K)->4K(128K)
[2024-08-28T13:04:03.504+0000][info][gc          ] GC(251) Pause Young (Mixed) (G1 Evacuation Pause) 911M->811M(1024M) 13.250ms
[2024-08-28T13:04:03.504+0000][info][gc,cpu      ] GC(251) User=0.28s Sys=0.01s Real=0.01s
[2024-08-28T13:04:03.528+0000][info][gc,start    ] GC(252) Pause Young (Mixed) (G1 Evacuation Pause)
[2024-08-28T13:04:03.528+0000][info][gc,task     ] GC(252) Using 24 workers of 68 for evacuation
[2024-08-28T13:04:03.541+0000][info][gc,phases   ] GC(252)   Pre Evacuate Collection Set: 0.2ms
[2024-08-28T13:04:03.541+0000][info][gc,phases   ] GC(252)   Merge Heap Roots: 0.4ms
[2024-08-28T13:04:03.541+0000][info][gc,phases   ] GC(252)   Evacuate Collection Set: 11.6ms
[2024-08-28T13:04:03.541+0000][info][gc,phases   ] GC(252)   Post Evacuate Collection Set: 0.4ms
[2024-08-28T13:04:03.541+0000][info][gc,phases   ] GC(252)   Other: 0.2ms
[2024-08-28T13:04:03.541+0000][info][gc,heap     ] GC(252) Eden regions: 44->0(44)
[2024-08-28T13:04:03.541+0000][info][gc,heap     ] GC(252) Survivor regions: 7->7(7)
[2024-08-28T13:04:03.541+0000][info][gc,heap     ] GC(252) Old regions: 799->745
[2024-08-28T13:04:03.541+0000][info][gc,heap     ] GC(252) Archive regions: 2->2
[2024-08-28T13:04:03.541+0000][info][gc,heap     ] GC(252) Humongous regions: 5->5
[2024-08-28T13:04:03.541+0000][info][gc,metaspace] GC(252) Metaspace: 100K(320K)->100K(320K) NonClass: 96K(192K)->96K(192K) Class: 4K(128K)->4K(128K)
[2024-08-28T13:04:03.541+0000][info][gc          ] GC(252) Pause Young (Mixed) (G1 Evacuation Pause) 855M->757M(1024M) 12.910ms
[2024-08-28T13:04:03.541+0000][info][gc,cpu      ] GC(252) User=0.28s Sys=0.01s Real=0.02s
[2024-08-28T13:04:03.566+0000][info][gc,start    ] GC(253) Pause Young (Mixed) (G1 Evacuation Pause)
[2024-08-28T13:04:03.566+0000][info][gc,task     ] GC(253) Using 24 workers of 68 for evacuation
[2024-08-28T13:04:03.579+0000][info][gc,phases   ] GC(253)   Pre Evacuate Collection Set: 0.2ms
[2024-08-28T13:04:03.579+0000][info][gc,phases   ] GC(253)   Merge Heap Roots: 0.5ms
[2024-08-28T13:04:03.579+0000][info][gc,phases   ] GC(253)   Evacuate Collection Set: 11.9ms
[2024-08-28T13:04:03.579+0000][info][gc,phases   ] GC(253)   Post Evacuate Collection Set: 0.3ms
[2024-08-28T13:04:03.579+0000][info][gc,phases   ] GC(253)   Other: 0.2ms
[2024-08-28T13:04:03.579+0000][info][gc,heap     ] GC(253) Eden regions: 44->0(44)
[2024-08-28T13:04:03.579+0000][info][gc,heap     ] GC(253) Survivor regions: 7->7(7)
[2024-08-28T13:04:03.579+0000][info][gc,heap     ] GC(253) Old regions: 745->771
[2024-08-28T13:04:03.579+0000][info][gc,heap     ] GC(253) Archive regions: 2->2
[2024-08-28T13:04:03.579+0000][info][gc,heap     ] GC(253) Humongous regions: 5->5
[2024-08-28T13:04:03.579+0000][info][gc,metaspace] GC(253) Metaspace: 100K(320K)->100K(320K) NonClass: 96K(192K)->96K(192K) Class: 4K(128K)->4K(128K)
[2024-08-28T13:04:03.579+0000][info][gc          ] GC(253) Pause Young (Mixed) (G1 Evacuation Pause) 801M->783M(1024M) 13.130ms
[2024-08-28T13:04:03.579+0000][info][gc,cpu      ] GC(253) User=0.30s Sys=0.00s Real=0.02s
[2024-08-28T13:04:03.604+0000][info][gc,start    ] GC(254) Pause Young (Concurrent Start) (G1 Evacuation Pause)
[2024-08-28T13:04:03.604+0000][info][gc,task     ] GC(254) Using 24 workers of 68 for evacuation
[2024-08-28T13:04:03.616+0000][info][gc,phases   ] GC(254)   Pre Evacuate Collection Set: 0.2ms
[2024-08-28T13:04:03.616+0000][info][gc,phases   ] GC(254)   Merge Heap Roots: 0.5ms
[2024-08-28T13:04:03.616+0000][info][gc,phases   ] GC(254)   Evacuate Collection Set: 10.5ms
[2024-08-28T13:04:03.616+0000][info][gc,phases   ] GC(254)   Post Evacuate Collection Set: 0.3ms
[2024-08-28T13:04:03.616+0000][info][gc,phases   ] GC(254)   Other: 0.6ms
[2024-08-28T13:04:03.616+0000][info][gc,heap     ] GC(254) Eden regions: 44->0(44)
[2024-08-28T13:04:03.616+0000][info][gc,heap     ] GC(254) Survivor regions: 7->7(7)
[2024-08-28T13:04:03.616+0000][info][gc,heap     ] GC(254) Old regions: 771->817
[2024-08-28T13:04:03.616+0000][info][gc,heap     ] GC(254) Archive regions: 2->2
[2024-08-28T13:04:03.616+0000][info][gc,heap     ] GC(254) Humongous regions: 5->5
[2024-08-28T13:04:03.616+0000][info][gc,metaspace] GC(254) Metaspace: 100K(320K)->100K(320K) NonClass: 96K(192K)->96K(192K) Class: 4K(128K)->4K(128K)
[2024-08-28T13:04:03.616+0000][info][gc          ] GC(254) Pause Young (Concurrent Start) (G1 Evacuation Pause) 827M->829M(1024M) 12.241ms
[2024-08-28T13:04:03.616+0000][info][gc,cpu      ] GC(254) User=0.26s Sys=0.00s Real=0.01s
[2024-08-28T13:04:03.616+0000][info][gc          ] GC(255) Concurrent Mark Cycle
[2024-08-28T13:04:03.616+0000][info][gc,marking  ] GC(255) Concurrent Clear Claimed Marks
[2024-08-28T13:04:03.616+0000][info][gc,marking  ] GC(255) Concurrent Clear Claimed Marks 0.013ms
[2024-08-28T13:04:03.616+0000][info][gc,marking  ] GC(255) Concurrent Scan Root Regions
[2024-08-28T13:04:03.618+0000][info][gc,marking  ] GC(255) Concurrent Scan Root Regions 1.913ms
[2024-08-28T13:04:03.618+0000][info][gc,marking  ] GC(255) Concurrent Mark
[2024-08-28T13:04:03.618+0000][info][gc,marking  ] GC(255) Concurrent Mark From Roots
[2024-08-28T13:04:03.618+0000][info][gc,task     ] GC(255) Using 17 workers of 17 for marking
[2024-08-28T13:04:03.644+0000][info][gc,marking  ] GC(255) Concurrent Mark From Roots 26.080ms
[2024-08-28T13:04:03.644+0000][info][gc,marking  ] GC(255) Concurrent Preclean
[2024-08-28T13:04:03.645+0000][info][gc,marking  ] GC(255) Concurrent Preclean 0.505ms
[2024-08-28T13:04:03.645+0000][info][gc,start    ] GC(255) Pause Remark
[2024-08-28T13:04:03.646+0000][info][gc          ] GC(255) Pause Remark 857M->857M(1024M) 1.579ms
[2024-08-28T13:04:03.647+0000][info][gc,cpu      ] GC(255) User=0.00s Sys=0.00s Real=0.00s
[2024-08-28T13:04:03.647+0000][info][gc,marking  ] GC(255) Concurrent Mark 28.619ms
[2024-08-28T13:04:03.647+0000][info][gc,marking  ] GC(255) Concurrent Rebuild Remembered Sets
[2024-08-28T13:04:03.663+0000][info][gc,start    ] GC(256) Pause Young (Normal) (G1 Evacuation Pause)
[2024-08-28T13:04:03.663+0000][info][gc,task     ] GC(256) Using 24 workers of 68 for evacuation
[2024-08-28T13:04:03.675+0000][info][gc,phases   ] GC(256)   Pre Evacuate Collection Set: 0.2ms
[2024-08-28T13:04:03.675+0000][info][gc,phases   ] GC(256)   Merge Heap Roots: 0.6ms
[2024-08-28T13:04:03.675+0000][info][gc,phases   ] GC(256)   Evacuate Collection Set: 10.4ms
[2024-08-28T13:04:03.675+0000][info][gc,phases   ] GC(256)   Post Evacuate Collection Set: 0.5ms
[2024-08-28T13:04:03.675+0000][info][gc,phases   ] GC(256)   Other: 0.3ms
[2024-08-28T13:04:03.675+0000][info][gc,heap     ] GC(256) Eden regions: 44->0(44)
[2024-08-28T13:04:03.675+0000][info][gc,heap     ] GC(256) Survivor regions: 7->7(7)
[2024-08-28T13:04:03.675+0000][info][gc,heap     ] GC(256) Old regions: 817->864
[2024-08-28T13:04:03.675+0000][info][gc,heap     ] GC(256) Archive regions: 2->2
[2024-08-28T13:04:03.675+0000][info][gc,heap     ] GC(256) Humongous regions: 5->5
[2024-08-28T13:04:03.675+0000][info][gc,metaspace] GC(256) Metaspace: 100K(320K)->100K(320K) NonClass: 96K(192K)->96K(192K) Class: 4K(128K)->4K(128K)
[2024-08-28T13:04:03.675+0000][info][gc          ] GC(256) Pause Young (Normal) (G1 Evacuation Pause) 873M->876M(1024M) 12.018ms
[2024-08-28T13:04:03.675+0000][info][gc,cpu      ] GC(256) User=0.27s Sys=0.00s Real=0.01s
[2024-08-28T13:04:03.717+0000][info][gc,marking  ] GC(255) Concurrent Rebuild Remembered Sets 70.350ms
[2024-08-28T13:04:03.717+0000][info][gc,start    ] GC(257) Pause Young (Normal) (G1 Evacuation Pause)
[2024-08-28T13:04:03.717+0000][info][gc,task     ] GC(257) Using 24 workers of 68 for evacuation
[2024-08-28T13:04:03.731+0000][info][gc,phases   ] GC(257)   Pre Evacuate Collection Set: 0.1ms
[2024-08-28T13:04:03.731+0000][info][gc,phases   ] GC(257)   Merge Heap Roots: 0.7ms
[2024-08-28T13:04:03.731+0000][info][gc,phases   ] GC(257)   Evacuate Collection Set: 12.4ms
[2024-08-28T13:04:03.731+0000][info][gc,phases   ] GC(257)   Post Evacuate Collection Set: 0.5ms
[2024-08-28T13:04:03.731+0000][info][gc,phases   ] GC(257)   Other: 0.2ms
[2024-08-28T13:04:03.731+0000][info][gc,heap     ] GC(257) Eden regions: 44->0(44)
[2024-08-28T13:04:03.731+0000][info][gc,heap     ] GC(257) Survivor regions: 7->7(7)
[2024-08-28T13:04:03.731+0000][info][gc,heap     ] GC(257) Old regions: 864->911
[2024-08-28T13:04:03.731+0000][info][gc,heap     ] GC(257) Archive regions: 2->2
[2024-08-28T13:04:03.731+0000][info][gc,heap     ] GC(257) Humongous regions: 5->5
[2024-08-28T13:04:03.731+0000][info][gc,metaspace] GC(257) Metaspace: 100K(320K)->100K(320K) NonClass: 96K(192K)->96K(192K) Class: 4K(128K)->4K(128K)
[2024-08-28T13:04:03.731+0000][info][gc          ] GC(257) Pause Young (Normal) (G1 Evacuation Pause) 920M->923M(1024M) 14.094ms
[2024-08-28T13:04:03.731+0000][info][gc,cpu      ] GC(257) User=0.31s Sys=0.01s Real=0.02s
[2024-08-28T13:04:03.732+0000][info][gc,start    ] GC(255) Pause Cleanup
[2024-08-28T13:04:03.734+0000][info][gc          ] GC(255) Pause Cleanup 924M->924M(1024M) 2.209ms
[2024-08-28T13:04:03.734+0000][info][gc,cpu      ] GC(255) User=0.01s Sys=0.00s Real=0.00s
[2024-08-28T13:04:03.734+0000][info][gc,marking  ] GC(255) Concurrent Cleanup for Next Mark
[2024-08-28T13:04:03.735+0000][info][gc,marking  ] GC(255) Concurrent Cleanup for Next Mark 0.863ms
[2024-08-28T13:04:03.735+0000][info][gc          ] GC(255) Concurrent Mark Cycle 118.920ms
[2024-08-28T13:04:03.763+0000][info][gc,start    ] GC(258) Pause Young (Prepare Mixed) (G1 Preventive Collection)
[2024-08-28T13:04:03.763+0000][info][gc,task     ] GC(258) Using 24 workers of 68 for evacuation
[2024-08-28T13:04:03.776+0000][info][gc,phases   ] GC(258)   Pre Evacuate Collection Set: 0.1ms
[2024-08-28T13:04:03.776+0000][info][gc,phases   ] GC(258)   Merge Heap Roots: 0.4ms
[2024-08-28T13:04:03.776+0000][info][gc,phases   ] GC(258)   Evacuate Collection Set: 12.1ms
[2024-08-28T13:04:03.776+0000][info][gc,phases   ] GC(258)   Post Evacuate Collection Set: 0.3ms
[2024-08-28T13:04:03.776+0000][info][gc,phases   ] GC(258)   Other: 0.2ms
[2024-08-28T13:04:03.776+0000][info][gc,heap     ] GC(258) Eden regions: 44->0(44)
[2024-08-28T13:04:03.776+0000][info][gc,heap     ] GC(258) Survivor regions: 7->7(7)
[2024-08-28T13:04:03.776+0000][info][gc,heap     ] GC(258) Old regions: 911->958
[2024-08-28T13:04:03.776+0000][info][gc,heap     ] GC(258) Archive regions: 2->2
[2024-08-28T13:04:03.776+0000][info][gc,heap     ] GC(258) Humongous regions: 5->5
[2024-08-28T13:04:03.776+0000][info][gc,metaspace] GC(258) Metaspace: 100K(320K)->100K(320K) NonClass: 96K(192K)->96K(192K) Class: 4K(128K)->4K(128K)
[2024-08-28T13:04:03.776+0000][info][gc          ] GC(258) Pause Young (Prepare Mixed) (G1 Preventive Collection) 967M->970M(1024M) 13.367ms
[2024-08-28T13:04:03.777+0000][info][gc,cpu      ] GC(258) User=0.30s Sys=0.00s Real=0.01s
[2024-08-28T13:04:03.789+0000][info][gc,start    ] GC(259) Pause Young (Mixed) (G1 Preventive Collection)
[2024-08-28T13:04:03.789+0000][info][gc,task     ] GC(259) Using 24 workers of 68 for evacuation
[2024-08-28T13:04:03.798+0000][info][gc          ] GC(259) To-space exhausted
[2024-08-28T13:04:03.798+0000][info][gc,phases   ] GC(259)   Pre Evacuate Collection Set: 0.2ms
[2024-08-28T13:04:03.798+0000][info][gc,phases   ] GC(259)   Merge Heap Roots: 0.5ms
[2024-08-28T13:04:03.798+0000][info][gc,phases   ] GC(259)   Evacuate Collection Set: 7.5ms
[2024-08-28T13:04:03.798+0000][info][gc,phases   ] GC(259)   Post Evacuate Collection Set: 0.9ms
[2024-08-28T13:04:03.798+0000][info][gc,phases   ] GC(259)   Other: 0.2ms
[2024-08-28T13:04:03.798+0000][info][gc,heap     ] GC(259) Eden regions: 21->0(44)
[2024-08-28T13:04:03.798+0000][info][gc,heap     ] GC(259) Survivor regions: 7->7(7)
[2024-08-28T13:04:03.798+0000][info][gc,heap     ] GC(259) Old regions: 958->913
[2024-08-28T13:04:03.798+0000][info][gc,heap     ] GC(259) Archive regions: 2->2
[2024-08-28T13:04:03.798+0000][info][gc,heap     ] GC(259) Humongous regions: 5->5
[2024-08-28T13:04:03.798+0000][info][gc,metaspace] GC(259) Metaspace: 100K(320K)->100K(320K) NonClass: 96K(192K)->96K(192K) Class: 4K(128K)->4K(128K)
[2024-08-28T13:04:03.798+0000][info][gc          ] GC(259) Pause Young (Mixed) (G1 Preventive Collection) 991M->925M(1024M) 9.371ms
[2024-08-28T13:04:03.798+0000][info][gc,cpu      ] GC(259) User=0.19s Sys=0.01s Real=0.02s
[2024-08-28T13:04:03.821+0000][info][gc,start    ] GC(260) Pause Young (Mixed) (G1 Preventive Collection)
[2024-08-28T13:04:03.821+0000][info][gc,task     ] GC(260) Using 24 workers of 68 for evacuation
[2024-08-28T13:04:03.833+0000][info][gc,phases   ] GC(260)   Pre Evacuate Collection Set: 0.2ms
[2024-08-28T13:04:03.833+0000][info][gc,phases   ] GC(260)   Merge Heap Roots: 0.6ms
[2024-08-28T13:04:03.833+0000][info][gc,phases   ] GC(260)   Evacuate Collection Set: 10.6ms
[2024-08-28T13:04:03.833+0000][info][gc,phases   ] GC(260)   Post Evacuate Collection Set: 0.4ms
[2024-08-28T13:04:03.833+0000][info][gc,phases   ] GC(260)   Other: 0.3ms
[2024-08-28T13:04:03.833+0000][info][gc,heap     ] GC(260) Eden regions: 42->0(44)
[2024-08-28T13:04:03.833+0000][info][gc,heap     ] GC(260) Survivor regions: 7->7(7)
[2024-08-28T13:04:03.833+0000][info][gc,heap     ] GC(260) Old regions: 913->854
[2024-08-28T13:04:03.833+0000][info][gc,heap     ] GC(260) Archive regions: 2->2
[2024-08-28T13:04:03.833+0000][info][gc,heap     ] GC(260) Humongous regions: 5->5
[2024-08-28T13:04:03.833+0000][info][gc,metaspace] GC(260) Metaspace: 100K(320K)->100K(320K) NonClass: 96K(192K)->96K(192K) Class: 4K(128K)->4K(128K)
[2024-08-28T13:04:03.833+0000][info][gc          ] GC(260) Pause Young (Mixed) (G1 Preventive Collection) 967M->866M(1024M) 12.099ms
[2024-08-28T13:04:03.833+0000][info][gc,cpu      ] GC(260) User=0.27s Sys=0.01s Real=0.01s
[2024-08-28T13:04:03.857+0000][info][gc,start    ] GC(261) Pause Young (Mixed) (G1 Evacuation Pause)
[2024-08-28T13:04:03.857+0000][info][gc,task     ] GC(261) Using 24 workers of 68 for evacuation
[2024-08-28T13:04:03.869+0000][info][gc,phases   ] GC(261)   Pre Evacuate Collection Set: 0.2ms
[2024-08-28T13:04:03.869+0000][info][gc,phases   ] GC(261)   Merge Heap Roots: 0.5ms
[2024-08-28T13:04:03.869+0000][info][gc,phases   ] GC(261)   Evacuate Collection Set: 10.9ms
[2024-08-28T13:04:03.869+0000][info][gc,phases   ] GC(261)   Post Evacuate Collection Set: 0.5ms
[2024-08-28T13:04:03.869+0000][info][gc,phases   ] GC(261)   Other: 0.3ms
[2024-08-28T13:04:03.869+0000][info][gc,heap     ] GC(261) Eden regions: 44->0(44)
[2024-08-28T13:04:03.869+0000][info][gc,heap     ] GC(261) Survivor regions: 7->7(7)
[2024-08-28T13:04:03.869+0000][info][gc,heap     ] GC(261) Old regions: 854->800
[2024-08-28T13:04:03.869+0000][info][gc,heap     ] GC(261) Archive regions: 2->2
[2024-08-28T13:04:03.869+0000][info][gc,heap     ] GC(261) Humongous regions: 5->5
[2024-08-28T13:04:03.869+0000][info][gc,metaspace] GC(261) Metaspace: 100K(320K)->100K(320K) NonClass: 96K(192K)->96K(192K) Class: 4K(128K)->4K(128K)
[2024-08-28T13:04:03.869+0000][info][gc          ] GC(261) Pause Young (Mixed) (G1 Evacuation Pause) 910M->812M(1024M) 12.435ms
[2024-08-28T13:04:03.869+0000][info][gc,cpu      ] GC(261) User=0.27s Sys=0.00s Real=0.01s
[2024-08-28T13:04:03.893+0000][info][gc,start    ] GC(262) Pause Young (Mixed) (G1 Evacuation Pause)
[2024-08-28T13:04:03.893+0000][info][gc,task     ] GC(262) Using 24 workers of 68 for evacuation
[2024-08-28T13:04:03.906+0000][info][gc,phases   ] GC(262)   Pre Evacuate Collection Set: 0.2ms
[2024-08-28T13:04:03.906+0000][info][gc,phases   ] GC(262)   Merge Heap Roots: 0.5ms
[2024-08-28T13:04:03.906+0000][info][gc,phases   ] GC(262)   Evacuate Collection Set: 11.6ms
[2024-08-28T13:04:03.906+0000][info][gc,phases   ] GC(262)   Post Evacuate Collection Set: 0.4ms
[2024-08-28T13:04:03.906+0000][info][gc,phases   ] GC(262)   Other: 0.2ms
[2024-08-28T13:04:03.906+0000][info][gc,heap     ] GC(262) Eden regions: 44->0(44)
[2024-08-28T13:04:03.906+0000][info][gc,heap     ] GC(262) Survivor regions: 7->7(7)
[2024-08-28T13:04:03.906+0000][info][gc,heap     ] GC(262) Old regions: 800->826
[2024-08-28T13:04:03.906+0000][info][gc,heap     ] GC(262) Archive regions: 2->2
[2024-08-28T13:04:03.906+0000][info][gc,heap     ] GC(262) Humongous regions: 5->5
[2024-08-28T13:04:03.906+0000][info][gc,metaspace] GC(262) Metaspace: 100K(320K)->100K(320K) NonClass: 96K(192K)->96K(192K) Class: 4K(128K)->4K(128K)
[2024-08-28T13:04:03.906+0000][info][gc          ] GC(262) Pause Young (Mixed) (G1 Evacuation Pause) 856M->838M(1024M) 12.916ms
[2024-08-28T13:04:03.906+0000][info][gc,cpu      ] GC(262) User=0.28s Sys=0.00s Real=0.01s
[2024-08-28T13:04:03.930+0000][info][gc,start    ] GC(263) Pause Young (Concurrent Start) (G1 Evacuation Pause)
[2024-08-28T13:04:03.930+0000][info][gc,task     ] GC(263) Using 24 workers of 68 for evacuation
[2024-08-28T13:04:03.942+0000][info][gc,phases   ] GC(263)   Pre Evacuate Collection Set: 0.2ms
[2024-08-28T13:04:03.942+0000][info][gc,phases   ] GC(263)   Merge Heap Roots: 0.6ms
[2024-08-28T13:04:03.942+0000][info][gc,phases   ] GC(263)   Evacuate Collection Set: 10.1ms
[2024-08-28T13:04:03.942+0000][info][gc,phases   ] GC(263)   Post Evacuate Collection Set: 0.4ms
[2024-08-28T13:04:03.942+0000][info][gc,phases   ] GC(263)   Other: 0.6ms
[2024-08-28T13:04:03.942+0000][info][gc,heap     ] GC(263) Eden regions: 44->0(44)
[2024-08-28T13:04:03.942+0000][info][gc,heap     ] GC(263) Survivor regions: 7->7(7)
[2024-08-28T13:04:03.942+0000][info][gc,heap     ] GC(263) Old regions: 826->873
[2024-08-28T13:04:03.942+0000][info][gc,heap     ] GC(263) Archive regions: 2->2
[2024-08-28T13:04:03.942+0000][info][gc,heap     ] GC(263) Humongous regions: 5->5
[2024-08-28T13:04:03.942+0000][info][gc,metaspace] GC(263) Metaspace: 100K(320K)->100K(320K) NonClass: 96K(192K)->96K(192K) Class: 4K(128K)->4K(128K)
[2024-08-28T13:04:03.942+0000][info][gc          ] GC(263) Pause Young (Concurrent Start) (G1 Evacuation Pause) 882M->885M(1024M) 11.886ms
[2024-08-28T13:04:03.942+0000][info][gc,cpu      ] GC(263) User=0.24s Sys=0.01s Real=0.01s
[2024-08-28T13:04:03.942+0000][info][gc          ] GC(264) Concurrent Mark Cycle
[2024-08-28T13:04:03.942+0000][info][gc,marking  ] GC(264) Concurrent Clear Claimed Marks
[2024-08-28T13:04:03.942+0000][info][gc,marking  ] GC(264) Concurrent Clear Claimed Marks 0.013ms
[2024-08-28T13:04:03.942+0000][info][gc,marking  ] GC(264) Concurrent Scan Root Regions
[2024-08-28T13:04:03.944+0000][info][gc,marking  ] GC(264) Concurrent Scan Root Regions 1.789ms
[2024-08-28T13:04:03.944+0000][info][gc,marking  ] GC(264) Concurrent Mark
[2024-08-28T13:04:03.944+0000][info][gc,marking  ] GC(264) Concurrent Mark From Roots
[2024-08-28T13:04:03.944+0000][info][gc,task     ] GC(264) Using 17 workers of 17 for marking
[2024-08-28T13:04:03.971+0000][info][gc,marking  ] GC(264) Concurrent Mark From Roots 26.539ms
[2024-08-28T13:04:03.971+0000][info][gc,marking  ] GC(264) Concurrent Preclean
[2024-08-28T13:04:03.971+0000][info][gc,marking  ] GC(264) Concurrent Preclean 0.751ms
[2024-08-28T13:04:03.972+0000][info][gc,start    ] GC(264) Pause Remark
[2024-08-28T13:04:03.973+0000][info][gc          ] GC(264) Pause Remark 914M->904M(1024M) 1.441ms
[2024-08-28T13:04:03.973+0000][info][gc,cpu      ] GC(264) User=0.01s Sys=0.00s Real=0.00s
[2024-08-28T13:04:03.974+0000][info][gc,marking  ] GC(264) Concurrent Mark 29.390ms
[2024-08-28T13:04:03.974+0000][info][gc,marking  ] GC(264) Concurrent Rebuild Remembered Sets
[2024-08-28T13:04:03.989+0000][info][gc,start    ] GC(265) Pause Young (Normal) (G1 Evacuation Pause)
[2024-08-28T13:04:03.989+0000][info][gc,task     ] GC(265) Using 24 workers of 68 for evacuation
[2024-08-28T13:04:04.001+0000][info][gc,phases   ] GC(265)   Pre Evacuate Collection Set: 0.2ms
[2024-08-28T13:04:04.001+0000][info][gc,phases   ] GC(265)   Merge Heap Roots: 0.6ms
[2024-08-28T13:04:04.001+0000][info][gc,phases   ] GC(265)   Evacuate Collection Set: 10.1ms
[2024-08-28T13:04:04.001+0000][info][gc,phases   ] GC(265)   Post Evacuate Collection Set: 0.5ms
[2024-08-28T13:04:04.001+0000][info][gc,phases   ] GC(265)   Other: 0.3ms
[2024-08-28T13:04:04.001+0000][info][gc,heap     ] GC(265) Eden regions: 44->0(44)
[2024-08-28T13:04:04.001+0000][info][gc,heap     ] GC(265) Survivor regions: 7->7(7)
[2024-08-28T13:04:04.001+0000][info][gc,heap     ] GC(265) Old regions: 863->910
[2024-08-28T13:04:04.001+0000][info][gc,heap     ] GC(265) Archive regions: 2->2
[2024-08-28T13:04:04.001+0000][info][gc,heap     ] GC(265) Humongous regions: 5->5
[2024-08-28T13:04:04.001+0000][info][gc,metaspace] GC(265) Metaspace: 100K(320K)->100K(320K) NonClass: 96K(192K)->96K(192K) Class: 4K(128K)->4K(128K)
[2024-08-28T13:04:04.001+0000][info][gc          ] GC(265) Pause Young (Normal) (G1 Evacuation Pause) 919M->922M(1024M) 11.596ms
[2024-08-28T13:04:04.001+0000][info][gc,cpu      ] GC(265) User=0.25s Sys=0.01s Real=0.02s
[2024-08-28T13:04:04.038+0000][info][gc,marking  ] GC(264) Concurrent Rebuild Remembered Sets 64.223ms
[2024-08-28T13:04:04.038+0000][info][gc,start    ] GC(264) Pause Cleanup
[2024-08-28T13:04:04.040+0000][info][gc          ] GC(264) Pause Cleanup 962M->962M(1024M) 1.589ms
[2024-08-28T13:04:04.040+0000][info][gc,cpu      ] GC(264) User=0.01s Sys=0.00s Real=0.00s
[2024-08-28T13:04:04.040+0000][info][gc,marking  ] GC(264) Concurrent Cleanup for Next Mark
[2024-08-28T13:04:04.040+0000][info][gc,marking  ] GC(264) Concurrent Cleanup for Next Mark 0.766ms
[2024-08-28T13:04:04.040+0000][info][gc          ] GC(264) Concurrent Mark Cycle 98.240ms
[2024-08-28T13:04:04.043+0000][info][gc,start    ] GC(266) Pause Young (Prepare Mixed) (G1 Preventive Collection)
[2024-08-28T13:04:04.043+0000][info][gc,task     ] GC(266) Using 24 workers of 68 for evacuation
[2024-08-28T13:04:04.058+0000][info][gc,phases   ] GC(266)   Pre Evacuate Collection Set: 0.2ms
[2024-08-28T13:04:04.058+0000][info][gc,phases   ] GC(266)   Merge Heap Roots: 0.7ms
[2024-08-28T13:04:04.058+0000][info][gc,phases   ] GC(266)   Evacuate Collection Set: 13.8ms
[2024-08-28T13:04:04.058+0000][info][gc,phases   ] GC(266)   Post Evacuate Collection Set: 0.3ms
[2024-08-28T13:04:04.058+0000][info][gc,phases   ] GC(266)   Other: 0.2ms
[2024-08-28T13:04:04.059+0000][info][gc,heap     ] GC(266) Eden regions: 44->0(44)
[2024-08-28T13:04:04.059+0000][info][gc,heap     ] GC(266) Survivor regions: 7->7(7)
[2024-08-28T13:04:04.059+0000][info][gc,heap     ] GC(266) Old regions: 910->956
[2024-08-28T13:04:04.059+0000][info][gc,heap     ] GC(266) Archive regions: 2->2
[2024-08-28T13:04:04.059+0000][info][gc,heap     ] GC(266) Humongous regions: 5->5
[2024-08-28T13:04:04.059+0000][info][gc,metaspace] GC(266) Metaspace: 100K(320K)->100K(320K) NonClass: 96K(192K)->96K(192K) Class: 4K(128K)->4K(128K)
[2024-08-28T13:04:04.059+0000][info][gc          ] GC(266) Pause Young (Prepare Mixed) (G1 Preventive Collection) 966M->968M(1024M) 15.259ms
[2024-08-28T13:04:04.059+0000][info][gc,cpu      ] GC(266) User=0.34s Sys=0.00s Real=0.02s
[2024-08-28T13:04:04.071+0000][info][gc,start    ] GC(267) Pause Young (Mixed) (G1 Preventive Collection)
[2024-08-28T13:04:04.071+0000][info][gc,task     ] GC(267) Using 24 workers of 68 for evacuation
[2024-08-28T13:04:04.080+0000][info][gc,phases   ] GC(267)   Pre Evacuate Collection Set: 0.2ms
[2024-08-28T13:04:04.080+0000][info][gc,phases   ] GC(267)   Merge Heap Roots: 0.5ms
[2024-08-28T13:04:04.080+0000][info][gc,phases   ] GC(267)   Evacuate Collection Set: 7.4ms
[2024-08-28T13:04:04.080+0000][info][gc,phases   ] GC(267)   Post Evacuate Collection Set: 0.4ms
[2024-08-28T13:04:04.080+0000][info][gc,phases   ] GC(267)   Other: 0.2ms
[2024-08-28T13:04:04.080+0000][info][gc,heap     ] GC(267) Eden regions: 21->0(44)
[2024-08-28T13:04:04.080+0000][info][gc,heap     ] GC(267) Survivor regions: 7->7(7)
[2024-08-28T13:04:04.080+0000][info][gc,heap     ] GC(267) Old regions: 956->878
[2024-08-28T13:04:04.080+0000][info][gc,heap     ] GC(267) Archive regions: 2->2
[2024-08-28T13:04:04.080+0000][info][gc,heap     ] GC(267) Humongous regions: 5->5
[2024-08-28T13:04:04.080+0000][info][gc,metaspace] GC(267) Metaspace: 100K(320K)->100K(320K) NonClass: 96K(192K)->96K(192K) Class: 4K(128K)->4K(128K)
[2024-08-28T13:04:04.080+0000][info][gc          ] GC(267) Pause Young (Mixed) (G1 Preventive Collection) 989M->890M(1024M) 8.734ms
[2024-08-28T13:04:04.080+0000][info][gc,cpu      ] GC(267) User=0.19s Sys=0.00s Real=0.01s
[2024-08-28T13:04:04.104+0000][info][gc,start    ] GC(268) Pause Young (Mixed) (G1 Evacuation Pause)
[2024-08-28T13:04:04.104+0000][info][gc,task     ] GC(268) Using 24 workers of 68 for evacuation
[2024-08-28T13:04:04.116+0000][info][gc,phases   ] GC(268)   Pre Evacuate Collection Set: 0.2ms
[2024-08-28T13:04:04.116+0000][info][gc,phases   ] GC(268)   Merge Heap Roots: 0.6ms
[2024-08-28T13:04:04.116+0000][info][gc,phases   ] GC(268)   Evacuate Collection Set: 10.7ms
[2024-08-28T13:04:04.116+0000][info][gc,phases   ] GC(268)   Post Evacuate Collection Set: 0.4ms
[2024-08-28T13:04:04.116+0000][info][gc,phases   ] GC(268)   Other: 0.2ms
[2024-08-28T13:04:04.116+0000][info][gc,heap     ] GC(268) Eden regions: 44->0(44)
[2024-08-28T13:04:04.116+0000][info][gc,heap     ] GC(268) Survivor regions: 7->7(7)
[2024-08-28T13:04:04.116+0000][info][gc,heap     ] GC(268) Old regions: 878->820
[2024-08-28T13:04:04.116+0000][info][gc,heap     ] GC(268) Archive regions: 2->2
[2024-08-28T13:04:04.116+0000][info][gc,heap     ] GC(268) Humongous regions: 5->5
[2024-08-28T13:04:04.116+0000][info][gc,metaspace] GC(268) Metaspace: 100K(320K)->100K(320K) NonClass: 96K(192K)->96K(192K) Class: 4K(128K)->4K(128K)
[2024-08-28T13:04:04.116+0000][info][gc          ] GC(268) Pause Young (Mixed) (G1 Evacuation Pause) 934M->832M(1024M) 12.130ms
[2024-08-28T13:04:04.116+0000][info][gc,cpu      ] GC(268) User=0.27s Sys=0.00s Real=0.01s
[2024-08-28T13:04:04.140+0000][info][gc,start    ] GC(269) Pause Young (Mixed) (G1 Evacuation Pause)
[2024-08-28T13:04:04.140+0000][info][gc,task     ] GC(269) Using 24 workers of 68 for evacuation
[2024-08-28T13:04:04.152+0000][info][gc,phases   ] GC(269)   Pre Evacuate Collection Set: 0.2ms
[2024-08-28T13:04:04.152+0000][info][gc,phases   ] GC(269)   Merge Heap Roots: 0.6ms
[2024-08-28T13:04:04.152+0000][info][gc,phases   ] GC(269)   Evacuate Collection Set: 10.8ms
[2024-08-28T13:04:04.152+0000][info][gc,phases   ] GC(269)   Post Evacuate Collection Set: 0.4ms
[2024-08-28T13:04:04.152+0000][info][gc,phases   ] GC(269)   Other: 0.2ms
[2024-08-28T13:04:04.152+0000][info][gc,heap     ] GC(269) Eden regions: 44->0(44)
[2024-08-28T13:04:04.152+0000][info][gc,heap     ] GC(269) Survivor regions: 7->7(7)
[2024-08-28T13:04:04.152+0000][info][gc,heap     ] GC(269) Old regions: 820->763
[2024-08-28T13:04:04.152+0000][info][gc,heap     ] GC(269) Archive regions: 2->2
[2024-08-28T13:04:04.152+0000][info][gc,heap     ] GC(269) Humongous regions: 5->5
[2024-08-28T13:04:04.152+0000][info][gc,metaspace] GC(269) Metaspace: 100K(320K)->100K(320K) NonClass: 96K(192K)->96K(192K) Class: 4K(128K)->4K(128K)
[2024-08-28T13:04:04.152+0000][info][gc          ] GC(269) Pause Young (Mixed) (G1 Evacuation Pause) 876M->775M(1024M) 12.335ms
[2024-08-28T13:04:04.152+0000][info][gc,cpu      ] GC(269) User=0.27s Sys=0.00s Real=0.01s
[2024-08-28T13:04:04.176+0000][info][gc,start    ] GC(270) Pause Young (Mixed) (G1 Evacuation Pause)
[2024-08-28T13:04:04.176+0000][info][gc,task     ] GC(270) Using 24 workers of 68 for evacuation
[2024-08-28T13:04:04.188+0000][info][gc,phases   ] GC(270)   Pre Evacuate Collection Set: 0.2ms
[2024-08-28T13:04:04.188+0000][info][gc,phases   ] GC(270)   Merge Heap Roots: 0.5ms
[2024-08-28T13:04:04.188+0000][info][gc,phases   ] GC(270)   Evacuate Collection Set: 10.7ms
[2024-08-28T13:04:04.188+0000][info][gc,phases   ] GC(270)   Post Evacuate Collection Set: 0.4ms
[2024-08-28T13:04:04.188+0000][info][gc,phases   ] GC(270)   Other: 0.3ms
[2024-08-28T13:04:04.188+0000][info][gc,heap     ] GC(270) Eden regions: 44->0(49)
[2024-08-28T13:04:04.188+0000][info][gc,heap     ] GC(270) Survivor regions: 7->7(7)
[2024-08-28T13:04:04.188+0000][info][gc,heap     ] GC(270) Old regions: 763->749
[2024-08-28T13:04:04.188+0000][info][gc,heap     ] GC(270) Archive regions: 2->2
[2024-08-28T13:04:04.188+0000][info][gc,heap     ] GC(270) Humongous regions: 5->5
[2024-08-28T13:04:04.188+0000][info][gc,metaspace] GC(270) Metaspace: 100K(320K)->100K(320K) NonClass: 96K(192K)->96K(192K) Class: 4K(128K)->4K(128K)
[2024-08-28T13:04:04.188+0000][info][gc          ] GC(270) Pause Young (Mixed) (G1 Evacuation Pause) 819M->761M(1024M) 12.138ms
[2024-08-28T13:04:04.188+0000][info][gc,cpu      ] GC(270) User=0.27s Sys=0.00s Real=0.01s
[2024-08-28T13:04:04.214+0000][info][gc,start    ] GC(271) Pause Young (Concurrent Start) (G1 Evacuation Pause)
[2024-08-28T13:04:04.214+0000][info][gc,task     ] GC(271) Using 24 workers of 68 for evacuation
[2024-08-28T13:04:04.227+0000][info][gc,phases   ] GC(271)   Pre Evacuate Collection Set: 0.2ms
[2024-08-28T13:04:04.227+0000][info][gc,phases   ] GC(271)   Merge Heap Roots: 0.5ms
[2024-08-28T13:04:04.227+0000][info][gc,phases   ] GC(271)   Evacuate Collection Set: 11.1ms
[2024-08-28T13:04:04.227+0000][info][gc,phases   ] GC(271)   Post Evacuate Collection Set: 0.3ms
[2024-08-28T13:04:04.227+0000][info][gc,phases   ] GC(271)   Other: 0.6ms
[2024-08-28T13:04:04.227+0000][info][gc,heap     ] GC(271) Eden regions: 49->0(44)
[2024-08-28T13:04:04.227+0000][info][gc,heap     ] GC(271) Survivor regions: 7->7(7)
[2024-08-28T13:04:04.227+0000][info][gc,heap     ] GC(271) Old regions: 749->801
[2024-08-28T13:04:04.227+0000][info][gc,heap     ] GC(271) Archive regions: 2->2
[2024-08-28T13:04:04.227+0000][info][gc,heap     ] GC(271) Humongous regions: 5->5
[2024-08-28T13:04:04.227+0000][info][gc,metaspace] GC(271) Metaspace: 100K(320K)->100K(320K) NonClass: 96K(192K)->96K(192K) Class: 4K(128K)->4K(128K)
[2024-08-28T13:04:04.227+0000][info][gc          ] GC(271) Pause Young (Concurrent Start) (G1 Evacuation Pause) 810M->813M(1024M) 12.838ms
[2024-08-28T13:04:04.227+0000][info][gc,cpu      ] GC(271) User=0.28s Sys=0.00s Real=0.01s
[2024-08-28T13:04:04.227+0000][info][gc          ] GC(272) Concurrent Mark Cycle
[2024-08-28T13:04:04.227+0000][info][gc,marking  ] GC(272) Concurrent Clear Claimed Marks
[2024-08-28T13:04:04.227+0000][info][gc,marking  ] GC(272) Concurrent Clear Claimed Marks 0.013ms
[2024-08-28T13:04:04.227+0000][info][gc,marking  ] GC(272) Concurrent Scan Root Regions
[2024-08-28T13:04:04.229+0000][info][gc,marking  ] GC(272) Concurrent Scan Root Regions 1.933ms
[2024-08-28T13:04:04.229+0000][info][gc,marking  ] GC(272) Concurrent Mark
[2024-08-28T13:04:04.229+0000][info][gc,marking  ] GC(272) Concurrent Mark From Roots
[2024-08-28T13:04:04.229+0000][info][gc,task     ] GC(272) Using 17 workers of 17 for marking
[2024-08-28T13:04:04.255+0000][info][gc,marking  ] GC(272) Concurrent Mark From Roots 25.736ms
[2024-08-28T13:04:04.255+0000][info][gc,marking  ] GC(272) Concurrent Preclean
[2024-08-28T13:04:04.256+0000][info][gc,marking  ] GC(272) Concurrent Preclean 0.741ms
[2024-08-28T13:04:04.256+0000][info][gc,start    ] GC(272) Pause Remark
[2024-08-28T13:04:04.257+0000][info][gc          ] GC(272) Pause Remark 841M->841M(1024M) 1.573ms
[2024-08-28T13:04:04.258+0000][info][gc,cpu      ] GC(272) User=0.01s Sys=0.00s Real=0.01s
[2024-08-28T13:04:04.258+0000][info][gc,marking  ] GC(272) Concurrent Mark 28.577ms
[2024-08-28T13:04:04.258+0000][info][gc,marking  ] GC(272) Concurrent Rebuild Remembered Sets
[2024-08-28T13:04:04.273+0000][info][gc,start    ] GC(273) Pause Young (Normal) (G1 Evacuation Pause)
[2024-08-28T13:04:04.273+0000][info][gc,task     ] GC(273) Using 24 workers of 68 for evacuation
[2024-08-28T13:04:04.285+0000][info][gc,phases   ] GC(273)   Pre Evacuate Collection Set: 0.2ms
[2024-08-28T13:04:04.285+0000][info][gc,phases   ] GC(273)   Merge Heap Roots: 0.5ms
[2024-08-28T13:04:04.285+0000][info][gc,phases   ] GC(273)   Evacuate Collection Set: 10.1ms
[2024-08-28T13:04:04.285+0000][info][gc,phases   ] GC(273)   Post Evacuate Collection Set: 0.5ms
[2024-08-28T13:04:04.285+0000][info][gc,phases   ] GC(273)   Other: 0.3ms
[2024-08-28T13:04:04.285+0000][info][gc,heap     ] GC(273) Eden regions: 44->0(44)
[2024-08-28T13:04:04.285+0000][info][gc,heap     ] GC(273) Survivor regions: 7->7(7)
[2024-08-28T13:04:04.285+0000][info][gc,heap     ] GC(273) Old regions: 801->848
[2024-08-28T13:04:04.285+0000][info][gc,heap     ] GC(273) Archive regions: 2->2
[2024-08-28T13:04:04.285+0000][info][gc,heap     ] GC(273) Humongous regions: 5->5
[2024-08-28T13:04:04.285+0000][info][gc,metaspace] GC(273) Metaspace: 100K(320K)->100K(320K) NonClass: 96K(192K)->96K(192K) Class: 4K(128K)->4K(128K)
[2024-08-28T13:04:04.285+0000][info][gc          ] GC(273) Pause Young (Normal) (G1 Evacuation Pause) 857M->860M(1024M) 11.712ms
[2024-08-28T13:04:04.285+0000][info][gc,cpu      ] GC(273) User=0.26s Sys=0.01s Real=0.01s
[2024-08-28T13:04:04.323+0000][info][gc,start    ] GC(274) Pause Young (Normal) (G1 Evacuation Pause)
[2024-08-28T13:04:04.323+0000][info][gc,task     ] GC(274) Using 24 workers of 68 for evacuation
[2024-08-28T13:04:04.338+0000][info][gc,phases   ] GC(274)   Pre Evacuate Collection Set: 0.1ms
[2024-08-28T13:04:04.339+0000][info][gc,phases   ] GC(274)   Merge Heap Roots: 0.7ms
[2024-08-28T13:04:04.339+0000][info][gc,phases   ] GC(274)   Evacuate Collection Set: 13.9ms
[2024-08-28T13:04:04.339+0000][info][gc,phases   ] GC(274)   Post Evacuate Collection Set: 0.5ms
[2024-08-28T13:04:04.339+0000][info][gc,phases   ] GC(274)   Other: 0.2ms
[2024-08-28T13:04:04.339+0000][info][gc,heap     ] GC(274) Eden regions: 44->0(44)
[2024-08-28T13:04:04.339+0000][info][gc,heap     ] GC(274) Survivor regions: 7->7(7)
[2024-08-28T13:04:04.339+0000][info][gc,heap     ] GC(274) Old regions: 848->897
[2024-08-28T13:04:04.339+0000][info][gc,heap     ] GC(274) Archive regions: 2->2
[2024-08-28T13:04:04.339+0000][info][gc,heap     ] GC(274) Humongous regions: 5->5
[2024-08-28T13:04:04.339+0000][info][gc,metaspace] GC(274) Metaspace: 100K(320K)->100K(320K) NonClass: 96K(192K)->96K(192K) Class: 4K(128K)->4K(128K)
[2024-08-28T13:04:04.339+0000][info][gc          ] GC(274) Pause Young (Normal) (G1 Evacuation Pause) 904M->909M(1024M) 15.541ms
[2024-08-28T13:04:04.339+0000][info][gc,cpu      ] GC(274) User=0.35s Sys=0.00s Real=0.02s
[2024-08-28T13:04:04.339+0000][info][gc,marking  ] GC(272) Concurrent Rebuild Remembered Sets 81.132ms
[2024-08-28T13:04:04.339+0000][info][gc,start    ] GC(272) Pause Cleanup
[2024-08-28T13:04:04.340+0000][info][gc          ] GC(272) Pause Cleanup 909M->909M(1024M) 1.529ms
[2024-08-28T13:04:04.341+0000][info][gc,cpu      ] GC(272) User=0.01s Sys=0.00s Real=0.00s
[2024-08-28T13:04:04.341+0000][info][gc,marking  ] GC(272) Concurrent Cleanup for Next Mark
[2024-08-28T13:04:04.341+0000][info][gc,marking  ] GC(272) Concurrent Cleanup for Next Mark 0.834ms
[2024-08-28T13:04:04.341+0000][info][gc          ] GC(272) Concurrent Mark Cycle 114.492ms
[2024-08-28T13:04:04.368+0000][info][gc,start    ] GC(275) Pause Young (Prepare Mixed) (G1 Evacuation Pause)
[2024-08-28T13:04:04.368+0000][info][gc,task     ] GC(275) Using 24 workers of 68 for evacuation
[2024-08-28T13:04:04.382+0000][info][gc,phases   ] GC(275)   Pre Evacuate Collection Set: 0.2ms
[2024-08-28T13:04:04.382+0000][info][gc,phases   ] GC(275)   Merge Heap Roots: 0.7ms
[2024-08-28T13:04:04.382+0000][info][gc,phases   ] GC(275)   Evacuate Collection Set: 12.5ms
[2024-08-28T13:04:04.382+0000][info][gc,phases   ] GC(275)   Post Evacuate Collection Set: 0.3ms
[2024-08-28T13:04:04.382+0000][info][gc,phases   ] GC(275)   Other: 0.2ms
[2024-08-28T13:04:04.382+0000][info][gc,heap     ] GC(275) Eden regions: 44->0(44)
[2024-08-28T13:04:04.382+0000][info][gc,heap     ] GC(275) Survivor regions: 7->7(7)
[2024-08-28T13:04:04.382+0000][info][gc,heap     ] GC(275) Old regions: 897->944
[2024-08-28T13:04:04.382+0000][info][gc,heap     ] GC(275) Archive regions: 2->2
[2024-08-28T13:04:04.382+0000][info][gc,heap     ] GC(275) Humongous regions: 5->5
[2024-08-28T13:04:04.382+0000][info][gc,metaspace] GC(275) Metaspace: 100K(320K)->100K(320K) NonClass: 96K(192K)->96K(192K) Class: 4K(128K)->4K(128K)
[2024-08-28T13:04:04.382+0000][info][gc          ] GC(275) Pause Young (Prepare Mixed) (G1 Evacuation Pause) 953M->956M(1024M) 13.944ms
[2024-08-28T13:04:04.382+0000][info][gc,cpu      ] GC(275) User=0.32s Sys=0.00s Real=0.02s
[2024-08-28T13:04:04.398+0000][info][gc,start    ] GC(276) Pause Young (Mixed) (G1 Preventive Collection)
[2024-08-28T13:04:04.398+0000][info][gc,task     ] GC(276) Using 24 workers of 68 for evacuation
[2024-08-28T13:04:04.408+0000][info][gc,phases   ] GC(276)   Pre Evacuate Collection Set: 0.2ms
[2024-08-28T13:04:04.408+0000][info][gc,phases   ] GC(276)   Merge Heap Roots: 0.5ms
[2024-08-28T13:04:04.408+0000][info][gc,phases   ] GC(276)   Evacuate Collection Set: 8.6ms
[2024-08-28T13:04:04.408+0000][info][gc,phases   ] GC(276)   Post Evacuate Collection Set: 0.4ms
[2024-08-28T13:04:04.408+0000][info][gc,phases   ] GC(276)   Other: 0.2ms
[2024-08-28T13:04:04.408+0000][info][gc,heap     ] GC(276) Eden regions: 27->0(44)
[2024-08-28T13:04:04.408+0000][info][gc,heap     ] GC(276) Survivor regions: 7->7(7)
[2024-08-28T13:04:04.408+0000][info][gc,heap     ] GC(276) Old regions: 944->871
[2024-08-28T13:04:04.408+0000][info][gc,heap     ] GC(276) Archive regions: 2->2
[2024-08-28T13:04:04.408+0000][info][gc,heap     ] GC(276) Humongous regions: 5->5
[2024-08-28T13:04:04.408+0000][info][gc,metaspace] GC(276) Metaspace: 100K(320K)->100K(320K) NonClass: 96K(192K)->96K(192K) Class: 4K(128K)->4K(128K)
[2024-08-28T13:04:04.408+0000][info][gc          ] GC(276) Pause Young (Mixed) (G1 Preventive Collection) 983M->883M(1024M) 9.936ms
[2024-08-28T13:04:04.408+0000][info][gc,cpu      ] GC(276) User=0.21s Sys=0.00s Real=0.00s
[2024-08-28T13:04:04.433+0000][info][gc,start    ] GC(277) Pause Young (Mixed) (G1 Evacuation Pause)
[2024-08-28T13:04:04.433+0000][info][gc,task     ] GC(277) Using 24 workers of 68 for evacuation
[2024-08-28T13:04:04.451+0000][info][gc,phases   ] GC(277)   Pre Evacuate Collection Set: 0.5ms
[2024-08-28T13:04:04.451+0000][info][gc,phases   ] GC(277)   Merge Heap Roots: 0.8ms
[2024-08-28T13:04:04.451+0000][info][gc,phases   ] GC(277)   Evacuate Collection Set: 15.8ms
[2024-08-28T13:04:04.451+0000][info][gc,phases   ] GC(277)   Post Evacuate Collection Set: 0.4ms
[2024-08-28T13:04:04.451+0000][info][gc,phases   ] GC(277)   Other: 0.3ms
[2024-08-28T13:04:04.451+0000][info][gc,heap     ] GC(277) Eden regions: 44->0(44)
[2024-08-28T13:04:04.451+0000][info][gc,heap     ] GC(277) Survivor regions: 7->7(7)
[2024-08-28T13:04:04.451+0000][info][gc,heap     ] GC(277) Old regions: 871->813
[2024-08-28T13:04:04.451+0000][info][gc,heap     ] GC(277) Archive regions: 2->2
[2024-08-28T13:04:04.451+0000][info][gc,heap     ] GC(277) Humongous regions: 5->5
[2024-08-28T13:04:04.451+0000][info][gc,metaspace] GC(277) Metaspace: 100K(320K)->100K(320K) NonClass: 96K(192K)->96K(192K) Class: 4K(128K)->4K(128K)
[2024-08-28T13:04:04.451+0000][info][gc          ] GC(277) Pause Young (Mixed) (G1 Evacuation Pause) 927M->825M(1024M) 17.757ms
[2024-08-28T13:04:04.451+0000][info][gc,cpu      ] GC(277) User=0.23s Sys=0.00s Real=0.02s
[2024-08-28T13:04:04.479+0000][info][gc,start    ] GC(278) Pause Young (Mixed) (G1 Evacuation Pause)
[2024-08-28T13:04:04.479+0000][info][gc,task     ] GC(278) Using 24 workers of 68 for evacuation
[2024-08-28T13:04:04.493+0000][info][gc,phases   ] GC(278)   Pre Evacuate Collection Set: 0.2ms
[2024-08-28T13:04:04.493+0000][info][gc,phases   ] GC(278)   Merge Heap Roots: 0.7ms
[2024-08-28T13:04:04.493+0000][info][gc,phases   ] GC(278)   Evacuate Collection Set: 12.1ms
[2024-08-28T13:04:04.493+0000][info][gc,phases   ] GC(278)   Post Evacuate Collection Set: 0.4ms
[2024-08-28T13:04:04.493+0000][info][gc,phases   ] GC(278)   Other: 0.2ms
[2024-08-28T13:04:04.493+0000][info][gc,heap     ] GC(278) Eden regions: 44->0(44)
[2024-08-28T13:04:04.493+0000][info][gc,heap     ] GC(278) Survivor regions: 7->7(7)
[2024-08-28T13:04:04.493+0000][info][gc,heap     ] GC(278) Old regions: 813->759
[2024-08-28T13:04:04.493+0000][info][gc,heap     ] GC(278) Archive regions: 2->2
[2024-08-28T13:04:04.493+0000][info][gc,heap     ] GC(278) Humongous regions: 5->5
[2024-08-28T13:04:04.493+0000][info][gc,metaspace] GC(278) Metaspace: 100K(320K)->100K(320K) NonClass: 96K(192K)->96K(192K) Class: 4K(128K)->4K(128K)
[2024-08-28T13:04:04.493+0000][info][gc          ] GC(278) Pause Young (Mixed) (G1 Evacuation Pause) 869M->771M(1024M) 13.780ms
[2024-08-28T13:04:04.493+0000][info][gc,cpu      ] GC(278) User=0.31s Sys=0.01s Real=0.01s
[2024-08-28T13:04:04.521+0000][info][gc,start    ] GC(279) Pause Young (Mixed) (G1 Evacuation Pause)
[2024-08-28T13:04:04.521+0000][info][gc,task     ] GC(279) Using 24 workers of 68 for evacuation
[2024-08-28T13:04:04.534+0000][info][gc,phases   ] GC(279)   Pre Evacuate Collection Set: 0.2ms
[2024-08-28T13:04:04.534+0000][info][gc,phases   ] GC(279)   Merge Heap Roots: 0.6ms
[2024-08-28T13:04:04.534+0000][info][gc,phases   ] GC(279)   Evacuate Collection Set: 11.7ms
[2024-08-28T13:04:04.534+0000][info][gc,phases   ] GC(279)   Post Evacuate Collection Set: 0.3ms
[2024-08-28T13:04:04.534+0000][info][gc,phases   ] GC(279)   Other: 0.2ms
[2024-08-28T13:04:04.534+0000][info][gc,heap     ] GC(279) Eden regions: 44->0(44)
[2024-08-28T13:04:04.534+0000][info][gc,heap     ] GC(279) Survivor regions: 7->7(7)
[2024-08-28T13:04:04.534+0000][info][gc,heap     ] GC(279) Old regions: 759->805
[2024-08-28T13:04:04.534+0000][info][gc,heap     ] GC(279) Archive regions: 2->2
[2024-08-28T13:04:04.534+0000][info][gc,heap     ] GC(279) Humongous regions: 5->5
[2024-08-28T13:04:04.534+0000][info][gc,metaspace] GC(279) Metaspace: 100K(320K)->100K(320K) NonClass: 96K(192K)->96K(192K) Class: 4K(128K)->4K(128K)
[2024-08-28T13:04:04.534+0000][info][gc          ] GC(279) Pause Young (Mixed) (G1 Evacuation Pause) 815M->817M(1024M) 13.100ms
[2024-08-28T13:04:04.534+0000][info][gc,cpu      ] GC(279) User=0.29s Sys=0.00s Real=0.01s
[2024-08-28T13:04:04.561+0000][info][gc,start    ] GC(280) Pause Young (Concurrent Start) (G1 Evacuation Pause)
[2024-08-28T13:04:04.561+0000][info][gc,task     ] GC(280) Using 24 workers of 68 for evacuation
[2024-08-28T13:04:04.575+0000][info][gc,phases   ] GC(280)   Pre Evacuate Collection Set: 0.2ms
[2024-08-28T13:04:04.575+0000][info][gc,phases   ] GC(280)   Merge Heap Roots: 0.7ms
[2024-08-28T13:04:04.575+0000][info][gc,phases   ] GC(280)   Evacuate Collection Set: 11.5ms
[2024-08-28T13:04:04.575+0000][info][gc,phases   ] GC(280)   Post Evacuate Collection Set: 0.3ms
[2024-08-28T13:04:04.575+0000][info][gc,phases   ] GC(280)   Other: 0.8ms
[2024-08-28T13:04:04.575+0000][info][gc,heap     ] GC(280) Eden regions: 44->0(44)
[2024-08-28T13:04:04.575+0000][info][gc,heap     ] GC(280) Survivor regions: 7->7(7)
[2024-08-28T13:04:04.575+0000][info][gc,heap     ] GC(280) Old regions: 805->852
[2024-08-28T13:04:04.575+0000][info][gc,heap     ] GC(280) Archive regions: 2->2
[2024-08-28T13:04:04.575+0000][info][gc,heap     ] GC(280) Humongous regions: 5->5
[2024-08-28T13:04:04.575+0000][info][gc,metaspace] GC(280) Metaspace: 100K(320K)->100K(320K) NonClass: 96K(192K)->96K(192K) Class: 4K(128K)->4K(128K)
[2024-08-28T13:04:04.575+0000][info][gc          ] GC(280) Pause Young (Concurrent Start) (G1 Evacuation Pause) 861M->864M(1024M) 13.719ms
[2024-08-28T13:04:04.575+0000][info][gc,cpu      ] GC(280) User=0.29s Sys=0.00s Real=0.01s
[2024-08-28T13:04:04.575+0000][info][gc          ] GC(281) Concurrent Mark Cycle
[2024-08-28T13:04:04.575+0000][info][gc,marking  ] GC(281) Concurrent Clear Claimed Marks
[2024-08-28T13:04:04.575+0000][info][gc,marking  ] GC(281) Concurrent Clear Claimed Marks 0.009ms
[2024-08-28T13:04:04.575+0000][info][gc,marking  ] GC(281) Concurrent Scan Root Regions
[2024-08-28T13:04:04.577+0000][info][gc,marking  ] GC(281) Concurrent Scan Root Regions 1.704ms
[2024-08-28T13:04:04.577+0000][info][gc,marking  ] GC(281) Concurrent Mark
[2024-08-28T13:04:04.577+0000][info][gc,marking  ] GC(281) Concurrent Mark From Roots
[2024-08-28T13:04:04.577+0000][info][gc,task     ] GC(281) Using 17 workers of 17 for marking
[2024-08-28T13:04:04.604+0000][info][gc,marking  ] GC(281) Concurrent Mark From Roots 27.079ms
[2024-08-28T13:04:04.604+0000][info][gc,marking  ] GC(281) Concurrent Preclean
[2024-08-28T13:04:04.605+0000][info][gc,marking  ] GC(281) Concurrent Preclean 1.071ms
[2024-08-28T13:04:04.605+0000][info][gc,start    ] GC(281) Pause Remark
[2024-08-28T13:04:04.607+0000][info][gc          ] GC(281) Pause Remark 901M->901M(1024M) 1.492ms
[2024-08-28T13:04:04.607+0000][info][gc,cpu      ] GC(281) User=0.01s Sys=0.00s Real=0.00s
[2024-08-28T13:04:04.607+0000][info][gc,marking  ] GC(281) Concurrent Mark 30.168ms
[2024-08-28T13:04:04.607+0000][info][gc,marking  ] GC(281) Concurrent Rebuild Remembered Sets
[2024-08-28T13:04:04.612+0000][info][gc,start    ] GC(282) Pause Young (Normal) (G1 Evacuation Pause)
[2024-08-28T13:04:04.612+0000][info][gc,task     ] GC(282) Using 24 workers of 68 for evacuation
[2024-08-28T13:04:04.625+0000][info][gc,phases   ] GC(282)   Pre Evacuate Collection Set: 0.2ms
[2024-08-28T13:04:04.625+0000][info][gc,phases   ] GC(282)   Merge Heap Roots: 0.6ms
[2024-08-28T13:04:04.625+0000][info][gc,phases   ] GC(282)   Evacuate Collection Set: 11.1ms
[2024-08-28T13:04:04.625+0000][info][gc,phases   ] GC(282)   Post Evacuate Collection Set: 0.5ms
[2024-08-28T13:04:04.625+0000][info][gc,phases   ] GC(282)   Other: 0.2ms
[2024-08-28T13:04:04.625+0000][info][gc,heap     ] GC(282) Eden regions: 44->0(44)
[2024-08-28T13:04:04.625+0000][info][gc,heap     ] GC(282) Survivor regions: 7->7(7)
[2024-08-28T13:04:04.625+0000][info][gc,heap     ] GC(282) Old regions: 852->899
[2024-08-28T13:04:04.625+0000][info][gc,heap     ] GC(282) Archive regions: 2->2
[2024-08-28T13:04:04.625+0000][info][gc,heap     ] GC(282) Humongous regions: 5->5
[2024-08-28T13:04:04.625+0000][info][gc,metaspace] GC(282) Metaspace: 100K(320K)->100K(320K) NonClass: 96K(192K)->96K(192K) Class: 4K(128K)->4K(128K)
[2024-08-28T13:04:04.625+0000][info][gc          ] GC(282) Pause Young (Normal) (G1 Evacuation Pause) 908M->911M(1024M) 12.787ms
[2024-08-28T13:04:04.625+0000][info][gc,cpu      ] GC(282) User=0.28s Sys=0.00s Real=0.01s
[2024-08-28T13:04:04.652+0000][info][gc,start    ] GC(283) Pause Young (Normal) (G1 Evacuation Pause)
[2024-08-28T13:04:04.652+0000][info][gc,task     ] GC(283) Using 24 workers of 68 for evacuation
[2024-08-28T13:04:04.669+0000][info][gc,phases   ] GC(283)   Pre Evacuate Collection Set: 0.2ms
[2024-08-28T13:04:04.669+0000][info][gc,phases   ] GC(283)   Merge Heap Roots: 0.9ms
[2024-08-28T13:04:04.669+0000][info][gc,phases   ] GC(283)   Evacuate Collection Set: 14.4ms
[2024-08-28T13:04:04.669+0000][info][gc,phases   ] GC(283)   Post Evacuate Collection Set: 0.6ms
[2024-08-28T13:04:04.669+0000][info][gc,phases   ] GC(283)   Other: 0.3ms
[2024-08-28T13:04:04.669+0000][info][gc,heap     ] GC(283) Eden regions: 44->0(44)
[2024-08-28T13:04:04.669+0000][info][gc,heap     ] GC(283) Survivor regions: 7->7(7)
[2024-08-28T13:04:04.669+0000][info][gc,heap     ] GC(283) Old regions: 899->945
[2024-08-28T13:04:04.669+0000][info][gc,heap     ] GC(283) Archive regions: 2->2
[2024-08-28T13:04:04.669+0000][info][gc,heap     ] GC(283) Humongous regions: 5->5
[2024-08-28T13:04:04.669+0000][info][gc,metaspace] GC(283) Metaspace: 100K(320K)->100K(320K) NonClass: 96K(192K)->96K(192K) Class: 4K(128K)->4K(128K)
[2024-08-28T13:04:04.669+0000][info][gc          ] GC(283) Pause Young (Normal) (G1 Evacuation Pause) 955M->957M(1024M) 16.520ms
[2024-08-28T13:04:04.669+0000][info][gc,cpu      ] GC(283) User=0.36s Sys=0.01s Real=0.01s
[2024-08-28T13:04:04.687+0000][info][gc,start    ] GC(284) Pause Young (Normal) (G1 Preventive Collection)
[2024-08-28T13:04:04.687+0000][info][gc,task     ] GC(284) Using 24 workers of 68 for evacuation
[2024-08-28T13:04:04.699+0000][info][gc,phases   ] GC(284)   Pre Evacuate Collection Set: 0.1ms
[2024-08-28T13:04:04.699+0000][info][gc,phases   ] GC(284)   Merge Heap Roots: 0.8ms
[2024-08-28T13:04:04.699+0000][info][gc,phases   ] GC(284)   Evacuate Collection Set: 10.8ms
[2024-08-28T13:04:04.699+0000][info][gc,phases   ] GC(284)   Post Evacuate Collection Set: 0.6ms
[2024-08-28T13:04:04.699+0000][info][gc,phases   ] GC(284)   Other: 0.2ms
[2024-08-28T13:04:04.699+0000][info][gc,heap     ] GC(284) Eden regions: 27->0(44)
[2024-08-28T13:04:04.699+0000][info][gc,heap     ] GC(284) Survivor regions: 7->7(7)
[2024-08-28T13:04:04.699+0000][info][gc,heap     ] GC(284) Old regions: 945->976
[2024-08-28T13:04:04.699+0000][info][gc,heap     ] GC(284) Archive regions: 2->2
[2024-08-28T13:04:04.699+0000][info][gc,heap     ] GC(284) Humongous regions: 5->5
[2024-08-28T13:04:04.699+0000][info][gc,metaspace] GC(284) Metaspace: 100K(320K)->100K(320K) NonClass: 96K(192K)->96K(192K) Class: 4K(128K)->4K(128K)
[2024-08-28T13:04:04.699+0000][info][gc          ] GC(284) Pause Young (Normal) (G1 Preventive Collection) 984M->988M(1024M) 12.637ms
[2024-08-28T13:04:04.699+0000][info][gc,cpu      ] GC(284) User=0.29s Sys=0.00s Real=0.02s
[2024-08-28T13:04:04.707+0000][info][gc,marking  ] GC(281) Concurrent Rebuild Remembered Sets 99.575ms
[2024-08-28T13:04:04.707+0000][info][gc,start    ] GC(281) Pause Cleanup
[2024-08-28T13:04:04.709+0000][info][gc          ] GC(281) Pause Cleanup 999M->999M(1024M) 2.468ms
[2024-08-28T13:04:04.709+0000][info][gc,cpu      ] GC(281) User=0.01s Sys=0.00s Real=0.00s
[2024-08-28T13:04:04.709+0000][info][gc,marking  ] GC(281) Concurrent Cleanup for Next Mark
[2024-08-28T13:04:04.710+0000][info][gc,start    ] GC(285) Pause Young (Prepare Mixed) (G1 Preventive Collection)
[2024-08-28T13:04:04.710+0000][info][gc,task     ] GC(285) Using 24 workers of 68 for evacuation
[2024-08-28T13:04:04.720+0000][info][gc,phases   ] GC(285)   Pre Evacuate Collection Set: 0.2ms
[2024-08-28T13:04:04.720+0000][info][gc,phases   ] GC(285)   Merge Heap Roots: 1.0ms
[2024-08-28T13:04:04.720+0000][info][gc,phases   ] GC(285)   Evacuate Collection Set: 8.4ms
[2024-08-28T13:04:04.720+0000][info][gc,phases   ] GC(285)   Post Evacuate Collection Set: 0.3ms
[2024-08-28T13:04:04.720+0000][info][gc,phases   ] GC(285)   Other: 0.2ms
[2024-08-28T13:04:04.720+0000][info][gc,heap     ] GC(285) Eden regions: 12->0(44)
[2024-08-28T13:04:04.720+0000][info][gc,heap     ] GC(285) Survivor regions: 7->7(7)
[2024-08-28T13:04:04.720+0000][info][gc,heap     ] GC(285) Old regions: 976->991
[2024-08-28T13:04:04.720+0000][info][gc,heap     ] GC(285) Archive regions: 2->2
[2024-08-28T13:04:04.720+0000][info][gc,heap     ] GC(285) Humongous regions: 5->5
[2024-08-28T13:04:04.720+0000][info][gc,metaspace] GC(285) Metaspace: 100K(320K)->100K(320K) NonClass: 96K(192K)->96K(192K) Class: 4K(128K)->4K(128K)
[2024-08-28T13:04:04.720+0000][info][gc          ] GC(285) Pause Young (Prepare Mixed) (G1 Preventive Collection) 1000M->1003M(1024M) 10.175ms
[2024-08-28T13:04:04.720+0000][info][gc,cpu      ] GC(285) User=0.22s Sys=0.00s Real=0.01s
[2024-08-28T13:04:04.721+0000][info][gc,marking  ] GC(281) Concurrent Cleanup for Next Mark 11.150ms
[2024-08-28T13:04:04.721+0000][info][gc          ] GC(281) Concurrent Mark Cycle 145.639ms
[2024-08-28T13:04:04.724+0000][info][gc,start    ] GC(286) Pause Young (Mixed) (G1 Preventive Collection)
[2024-08-28T13:04:04.724+0000][info][gc,task     ] GC(286) Using 24 workers of 68 for evacuation
[2024-08-28T13:04:04.728+0000][info][gc,phases   ] GC(286)   Pre Evacuate Collection Set: 0.1ms
[2024-08-28T13:04:04.728+0000][info][gc,phases   ] GC(286)   Merge Heap Roots: 0.5ms
[2024-08-28T13:04:04.728+0000][info][gc,phases   ] GC(286)   Evacuate Collection Set: 3.6ms
[2024-08-28T13:04:04.728+0000][info][gc,phases   ] GC(286)   Post Evacuate Collection Set: 0.3ms
[2024-08-28T13:04:04.728+0000][info][gc,phases   ] GC(286)   Other: 0.2ms
[2024-08-28T13:04:04.728+0000][info][gc,heap     ] GC(286) Eden regions: 5->0(45)
[2024-08-28T13:04:04.728+0000][info][gc,heap     ] GC(286) Survivor regions: 7->6(7)
[2024-08-28T13:04:04.728+0000][info][gc,heap     ] GC(286) Old regions: 991->896
[2024-08-28T13:04:04.728+0000][info][gc,heap     ] GC(286) Archive regions: 2->2
[2024-08-28T13:04:04.728+0000][info][gc,heap     ] GC(286) Humongous regions: 5->5
[2024-08-28T13:04:04.728+0000][info][gc,metaspace] GC(286) Metaspace: 100K(320K)->100K(320K) NonClass: 96K(192K)->96K(192K) Class: 4K(128K)->4K(128K)
[2024-08-28T13:04:04.729+0000][info][gc          ] GC(286) Pause Young (Mixed) (G1 Preventive Collection) 1008M->907M(1024M) 4.794ms
[2024-08-28T13:04:04.729+0000][info][gc,cpu      ] GC(286) User=0.09s Sys=0.00s Real=0.00s
[2024-08-28T13:04:04.754+0000][info][gc,start    ] GC(287) Pause Young (Mixed) (G1 Evacuation Pause)
[2024-08-28T13:04:04.754+0000][info][gc,task     ] GC(287) Using 24 workers of 68 for evacuation
[2024-08-28T13:04:04.766+0000][info][gc,phases   ] GC(287)   Pre Evacuate Collection Set: 0.2ms
[2024-08-28T13:04:04.766+0000][info][gc,phases   ] GC(287)   Merge Heap Roots: 0.7ms
[2024-08-28T13:04:04.766+0000][info][gc,phases   ] GC(287)   Evacuate Collection Set: 10.5ms
[2024-08-28T13:04:04.766+0000][info][gc,phases   ] GC(287)   Post Evacuate Collection Set: 0.4ms
[2024-08-28T13:04:04.766+0000][info][gc,phases   ] GC(287)   Other: 0.2ms
[2024-08-28T13:04:04.766+0000][info][gc,heap     ] GC(287) Eden regions: 45->0(44)
[2024-08-28T13:04:04.766+0000][info][gc,heap     ] GC(287) Survivor regions: 6->7(7)
[2024-08-28T13:04:04.766+0000][info][gc,heap     ] GC(287) Old regions: 896->836
[2024-08-28T13:04:04.766+0000][info][gc,heap     ] GC(287) Archive regions: 2->2
[2024-08-28T13:04:04.766+0000][info][gc,heap     ] GC(287) Humongous regions: 5->5
[2024-08-28T13:04:04.766+0000][info][gc,metaspace] GC(287) Metaspace: 100K(320K)->100K(320K) NonClass: 96K(192K)->96K(192K) Class: 4K(128K)->4K(128K)
[2024-08-28T13:04:04.766+0000][info][gc          ] GC(287) Pause Young (Mixed) (G1 Evacuation Pause) 952M->848M(1024M) 12.083ms
[2024-08-28T13:04:04.766+0000][info][gc,cpu      ] GC(287) User=0.26s Sys=0.01s Real=0.01s
[2024-08-28T13:04:04.791+0000][info][gc,start    ] GC(288) Pause Young (Mixed) (G1 Evacuation Pause)
[2024-08-28T13:04:04.791+0000][info][gc,task     ] GC(288) Using 24 workers of 68 for evacuation
[2024-08-28T13:04:04.804+0000][info][gc,phases   ] GC(288)   Pre Evacuate Collection Set: 0.2ms
[2024-08-28T13:04:04.804+0000][info][gc,phases   ] GC(288)   Merge Heap Roots: 0.7ms
[2024-08-28T13:04:04.804+0000][info][gc,phases   ] GC(288)   Evacuate Collection Set: 11.3ms
[2024-08-28T13:04:04.804+0000][info][gc,phases   ] GC(288)   Post Evacuate Collection Set: 0.4ms
[2024-08-28T13:04:04.804+0000][info][gc,phases   ] GC(288)   Other: 0.2ms
[2024-08-28T13:04:04.804+0000][info][gc,heap     ] GC(288) Eden regions: 44->0(44)
[2024-08-28T13:04:04.804+0000][info][gc,heap     ] GC(288) Survivor regions: 7->7(7)
[2024-08-28T13:04:04.804+0000][info][gc,heap     ] GC(288) Old regions: 836->779
[2024-08-28T13:04:04.804+0000][info][gc,heap     ] GC(288) Archive regions: 2->2
[2024-08-28T13:04:04.804+0000][info][gc,heap     ] GC(288) Humongous regions: 5->5
[2024-08-28T13:04:04.804+0000][info][gc,metaspace] GC(288) Metaspace: 100K(320K)->100K(320K) NonClass: 96K(192K)->96K(192K) Class: 4K(128K)->4K(128K)
[2024-08-28T13:04:04.804+0000][info][gc          ] GC(288) Pause Young (Mixed) (G1 Evacuation Pause) 892M->791M(1024M) 12.907ms
[2024-08-28T13:04:04.804+0000][info][gc,cpu      ] GC(288) User=0.29s Sys=0.00s Real=0.01s
[2024-08-28T13:04:04.829+0000][info][gc,start    ] GC(289) Pause Young (Mixed) (G1 Evacuation Pause)
[2024-08-28T13:04:04.829+0000][info][gc,task     ] GC(289) Using 24 workers of 68 for evacuation
[2024-08-28T13:04:04.842+0000][info][gc,phases   ] GC(289)   Pre Evacuate Collection Set: 0.2ms
[2024-08-28T13:04:04.842+0000][info][gc,phases   ] GC(289)   Merge Heap Roots: 0.6ms
[2024-08-28T13:04:04.842+0000][info][gc,phases   ] GC(289)   Evacuate Collection Set: 11.6ms
[2024-08-28T13:04:04.842+0000][info][gc,phases   ] GC(289)   Post Evacuate Collection Set: 0.4ms
[2024-08-28T13:04:04.842+0000][info][gc,phases   ] GC(289)   Other: 0.2ms
[2024-08-28T13:04:04.842+0000][info][gc,heap     ] GC(289) Eden regions: 44->0(44)
[2024-08-28T13:04:04.842+0000][info][gc,heap     ] GC(289) Survivor regions: 7->7(7)
[2024-08-28T13:04:04.842+0000][info][gc,heap     ] GC(289) Old regions: 779->774
[2024-08-28T13:04:04.842+0000][info][gc,heap     ] GC(289) Archive regions: 2->2
[2024-08-28T13:04:04.842+0000][info][gc,heap     ] GC(289) Humongous regions: 5->5
[2024-08-28T13:04:04.842+0000][info][gc,metaspace] GC(289) Metaspace: 100K(320K)->100K(320K) NonClass: 96K(192K)->96K(192K) Class: 4K(128K)->4K(128K)
[2024-08-28T13:04:04.842+0000][info][gc          ] GC(289) Pause Young (Mixed) (G1 Evacuation Pause) 835M->786M(1024M) 13.014ms
[2024-08-28T13:04:04.842+0000][info][gc,cpu      ] GC(289) User=0.28s Sys=0.01s Real=0.02s
[2024-08-28T13:04:04.867+0000][info][gc,start    ] GC(290) Pause Young (Concurrent Start) (G1 Evacuation Pause)
[2024-08-28T13:04:04.867+0000][info][gc,task     ] GC(290) Using 24 workers of 68 for evacuation
[2024-08-28T13:04:04.880+0000][info][gc,phases   ] GC(290)   Pre Evacuate Collection Set: 0.2ms
[2024-08-28T13:04:04.880+0000][info][gc,phases   ] GC(290)   Merge Heap Roots: 0.6ms
[2024-08-28T13:04:04.880+0000][info][gc,phases   ] GC(290)   Evacuate Collection Set: 11.4ms
[2024-08-28T13:04:04.880+0000][info][gc,phases   ] GC(290)   Post Evacuate Collection Set: 0.3ms
[2024-08-28T13:04:04.880+0000][info][gc,phases   ] GC(290)   Other: 0.8ms
[2024-08-28T13:04:04.880+0000][info][gc,heap     ] GC(290) Eden regions: 44->0(44)
[2024-08-28T13:04:04.881+0000][info][gc,heap     ] GC(290) Survivor regions: 7->7(7)
[2024-08-28T13:04:04.881+0000][info][gc,heap     ] GC(290) Old regions: 774->821
[2024-08-28T13:04:04.881+0000][info][gc,heap     ] GC(290) Archive regions: 2->2
[2024-08-28T13:04:04.881+0000][info][gc,heap     ] GC(290) Humongous regions: 5->5
[2024-08-28T13:04:04.881+0000][info][gc,metaspace] GC(290) Metaspace: 100K(320K)->100K(320K) NonClass: 96K(192K)->96K(192K) Class: 4K(128K)->4K(128K)
[2024-08-28T13:04:04.881+0000][info][gc          ] GC(290) Pause Young (Concurrent Start) (G1 Evacuation Pause) 830M->833M(1024M) 13.410ms
[2024-08-28T13:04:04.881+0000][info][gc,cpu      ] GC(290) User=0.29s Sys=0.00s Real=0.02s
[2024-08-28T13:04:04.881+0000][info][gc          ] GC(291) Concurrent Mark Cycle
[2024-08-28T13:04:04.881+0000][info][gc,marking  ] GC(291) Concurrent Clear Claimed Marks
[2024-08-28T13:04:04.881+0000][info][gc,marking  ] GC(291) Concurrent Clear Claimed Marks 0.039ms
[2024-08-28T13:04:04.881+0000][info][gc,marking  ] GC(291) Concurrent Scan Root Regions
[2024-08-28T13:04:04.883+0000][info][gc,marking  ] GC(291) Concurrent Scan Root Regions 1.780ms
[2024-08-28T13:04:04.883+0000][info][gc,marking  ] GC(291) Concurrent Mark
[2024-08-28T13:04:04.883+0000][info][gc,marking  ] GC(291) Concurrent Mark From Roots
[2024-08-28T13:04:04.883+0000][info][gc,task     ] GC(291) Using 17 workers of 17 for marking
[2024-08-28T13:04:04.908+0000][info][gc,marking  ] GC(291) Concurrent Mark From Roots 25.539ms
[2024-08-28T13:04:04.908+0000][info][gc,marking  ] GC(291) Concurrent Preclean
[2024-08-28T13:04:04.909+0000][info][gc,marking  ] GC(291) Concurrent Preclean 1.046ms
[2024-08-28T13:04:04.910+0000][info][gc,start    ] GC(291) Pause Remark
[2024-08-28T13:04:04.911+0000][info][gc          ] GC(291) Pause Remark 869M->869M(1024M) 1.497ms
[2024-08-28T13:04:04.911+0000][info][gc,cpu      ] GC(291) User=0.01s Sys=0.00s Real=0.00s
[2024-08-28T13:04:04.911+0000][info][gc,marking  ] GC(291) Concurrent Mark 28.554ms
[2024-08-28T13:04:04.911+0000][info][gc,marking  ] GC(291) Concurrent Rebuild Remembered Sets
[2024-08-28T13:04:04.916+0000][info][gc,start    ] GC(292) Pause Young (Normal) (G1 Evacuation Pause)
[2024-08-28T13:04:04.916+0000][info][gc,task     ] GC(292) Using 24 workers of 68 for evacuation
[2024-08-28T13:04:04.929+0000][info][gc,phases   ] GC(292)   Pre Evacuate Collection Set: 0.1ms
[2024-08-28T13:04:04.929+0000][info][gc,phases   ] GC(292)   Merge Heap Roots: 0.6ms
[2024-08-28T13:04:04.929+0000][info][gc,phases   ] GC(292)   Evacuate Collection Set: 11.1ms
[2024-08-28T13:04:04.929+0000][info][gc,phases   ] GC(292)   Post Evacuate Collection Set: 0.5ms
[2024-08-28T13:04:04.929+0000][info][gc,phases   ] GC(292)   Other: 0.2ms
[2024-08-28T13:04:04.929+0000][info][gc,heap     ] GC(292) Eden regions: 44->0(44)
[2024-08-28T13:04:04.929+0000][info][gc,heap     ] GC(292) Survivor regions: 7->7(7)
[2024-08-28T13:04:04.929+0000][info][gc,heap     ] GC(292) Old regions: 821->868
[2024-08-28T13:04:04.929+0000][info][gc,heap     ] GC(292) Archive regions: 2->2
[2024-08-28T13:04:04.929+0000][info][gc,heap     ] GC(292) Humongous regions: 5->5
[2024-08-28T13:04:04.929+0000][info][gc,metaspace] GC(292) Metaspace: 100K(320K)->100K(320K) NonClass: 96K(192K)->96K(192K) Class: 4K(128K)->4K(128K)
[2024-08-28T13:04:04.929+0000][info][gc          ] GC(292) Pause Young (Normal) (G1 Evacuation Pause) 877M->880M(1024M) 12.636ms
[2024-08-28T13:04:04.929+0000][info][gc,cpu      ] GC(292) User=0.28s Sys=0.00s Real=0.01s
[2024-08-28T13:04:04.955+0000][info][gc,start    ] GC(293) Pause Young (Normal) (G1 Evacuation Pause)
[2024-08-28T13:04:04.955+0000][info][gc,task     ] GC(293) Using 24 workers of 68 for evacuation
[2024-08-28T13:04:04.972+0000][info][gc,phases   ] GC(293)   Pre Evacuate Collection Set: 0.2ms
[2024-08-28T13:04:04.972+0000][info][gc,phases   ] GC(293)   Merge Heap Roots: 0.9ms
[2024-08-28T13:04:04.972+0000][info][gc,phases   ] GC(293)   Evacuate Collection Set: 14.6ms
[2024-08-28T13:04:04.972+0000][info][gc,phases   ] GC(293)   Post Evacuate Collection Set: 0.6ms
[2024-08-28T13:04:04.972+0000][info][gc,phases   ] GC(293)   Other: 0.2ms
[2024-08-28T13:04:04.972+0000][info][gc,heap     ] GC(293) Eden regions: 44->0(44)
[2024-08-28T13:04:04.972+0000][info][gc,heap     ] GC(293) Survivor regions: 7->7(7)
[2024-08-28T13:04:04.972+0000][info][gc,heap     ] GC(293) Old regions: 868->914
[2024-08-28T13:04:04.972+0000][info][gc,heap     ] GC(293) Archive regions: 2->2
[2024-08-28T13:04:04.972+0000][info][gc,heap     ] GC(293) Humongous regions: 5->5
[2024-08-28T13:04:04.972+0000][info][gc,metaspace] GC(293) Metaspace: 100K(320K)->100K(320K) NonClass: 96K(192K)->96K(192K) Class: 4K(128K)->4K(128K)
[2024-08-28T13:04:04.972+0000][info][gc          ] GC(293) Pause Young (Normal) (G1 Evacuation Pause) 924M->926M(1024M) 16.579ms
[2024-08-28T13:04:04.972+0000][info][gc,cpu      ] GC(293) User=0.37s Sys=0.00s Real=0.02s
[2024-08-28T13:04:05.001+0000][info][gc,start    ] GC(294) Pause Young (Normal) (G1 Preventive Collection)
[2024-08-28T13:04:05.001+0000][info][gc,task     ] GC(294) Using 24 workers of 68 for evacuation
[2024-08-28T13:04:05.016+0000][info][gc,phases   ] GC(294)   Pre Evacuate Collection Set: 0.1ms
[2024-08-28T13:04:05.016+0000][info][gc,phases   ] GC(294)   Merge Heap Roots: 0.9ms
[2024-08-28T13:04:05.016+0000][info][gc,phases   ] GC(294)   Evacuate Collection Set: 13.2ms
[2024-08-28T13:04:05.016+0000][info][gc,phases   ] GC(294)   Post Evacuate Collection Set: 0.7ms
[2024-08-28T13:04:05.016+0000][info][gc,phases   ] GC(294)   Other: 0.2ms
[2024-08-28T13:04:05.016+0000][info][gc,heap     ] GC(294) Eden regions: 42->0(44)
[2024-08-28T13:04:05.016+0000][info][gc,heap     ] GC(294) Survivor regions: 7->7(7)
[2024-08-28T13:04:05.016+0000][info][gc,heap     ] GC(294) Old regions: 914->959
[2024-08-28T13:04:05.016+0000][info][gc,heap     ] GC(294) Archive regions: 2->2
[2024-08-28T13:04:05.016+0000][info][gc,heap     ] GC(294) Humongous regions: 5->5
[2024-08-28T13:04:05.016+0000][info][gc,metaspace] GC(294) Metaspace: 100K(320K)->100K(320K) NonClass: 96K(192K)->96K(192K) Class: 4K(128K)->4K(128K)
[2024-08-28T13:04:05.016+0000][info][gc          ] GC(294) Pause Young (Normal) (G1 Preventive Collection) 968M->971M(1024M) 15.206ms
[2024-08-28T13:04:05.016+0000][info][gc,cpu      ] GC(294) User=0.34s Sys=0.00s Real=0.01s
[2024-08-28T13:04:05.023+0000][info][gc,marking  ] GC(291) Concurrent Rebuild Remembered Sets 111.556ms
[2024-08-28T13:04:05.023+0000][info][gc,start    ] GC(291) Pause Cleanup
[2024-08-28T13:04:05.026+0000][info][gc          ] GC(291) Pause Cleanup 981M->981M(1024M) 2.710ms
[2024-08-28T13:04:05.026+0000][info][gc,cpu      ] GC(291) User=0.01s Sys=0.00s Real=0.00s
[2024-08-28T13:04:05.026+0000][info][gc,marking  ] GC(291) Concurrent Cleanup for Next Mark
[2024-08-28T13:04:05.027+0000][info][gc,marking  ] GC(291) Concurrent Cleanup for Next Mark 0.817ms
[2024-08-28T13:04:05.027+0000][info][gc          ] GC(291) Concurrent Mark Cycle 145.963ms
[2024-08-28T13:04:05.034+0000][info][gc,start    ] GC(295) Pause Young (Prepare Mixed) (G1 Preventive Collection)
[2024-08-28T13:04:05.034+0000][info][gc,task     ] GC(295) Using 24 workers of 68 for evacuation
[2024-08-28T13:04:05.047+0000][info][gc          ] GC(295) To-space exhausted
[2024-08-28T13:04:05.047+0000][info][gc,phases   ] GC(295)   Pre Evacuate Collection Set: 0.2ms
[2024-08-28T13:04:05.047+0000][info][gc,phases   ] GC(295)   Merge Heap Roots: 0.9ms
[2024-08-28T13:04:05.047+0000][info][gc,phases   ] GC(295)   Evacuate Collection Set: 10.8ms
[2024-08-28T13:04:05.047+0000][info][gc,phases   ] GC(295)   Post Evacuate Collection Set: 0.9ms
[2024-08-28T13:04:05.047+0000][info][gc,phases   ] GC(295)   Other: 0.3ms
[2024-08-28T13:04:05.047+0000][info][gc,heap     ] GC(295) Eden regions: 21->0(44)
[2024-08-28T13:04:05.047+0000][info][gc,heap     ] GC(295) Survivor regions: 7->7(7)
[2024-08-28T13:04:05.047+0000][info][gc,heap     ] GC(295) Old regions: 959->1006
[2024-08-28T13:04:05.047+0000][info][gc,heap     ] GC(295) Archive regions: 2->2
[2024-08-28T13:04:05.047+0000][info][gc,heap     ] GC(295) Humongous regions: 5->5
[2024-08-28T13:04:05.047+0000][info][gc,metaspace] GC(295) Metaspace: 100K(320K)->100K(320K) NonClass: 96K(192K)->96K(192K) Class: 4K(128K)->4K(128K)
[2024-08-28T13:04:05.047+0000][info][gc          ] GC(295) Pause Young (Prepare Mixed) (G1 Preventive Collection) 992M->1018M(1024M) 13.135ms
[2024-08-28T13:04:05.047+0000][info][gc,cpu      ] GC(295) User=0.29s Sys=0.00s Real=0.01s
[2024-08-28T13:04:05.048+0000][info][gc,start    ] GC(296) Pause Young (Mixed) (G1 Preventive Collection)
[2024-08-28T13:04:05.048+0000][info][gc,task     ] GC(296) Using 24 workers of 68 for evacuation
[2024-08-28T13:04:05.053+0000][info][gc          ] GC(296) To-space exhausted
[2024-08-28T13:04:05.053+0000][info][gc,phases   ] GC(296)   Pre Evacuate Collection Set: 0.2ms
[2024-08-28T13:04:05.053+0000][info][gc,phases   ] GC(296)   Merge Heap Roots: 0.3ms
[2024-08-28T13:04:05.053+0000][info][gc,phases   ] GC(296)   Evacuate Collection Set: 3.1ms
[2024-08-28T13:04:05.053+0000][info][gc,phases   ] GC(296)   Post Evacuate Collection Set: 1.0ms
[2024-08-28T13:04:05.053+0000][info][gc,phases   ] GC(296)   Other: 0.2ms
[2024-08-28T13:04:05.053+0000][info][gc,heap     ] GC(296) Eden regions: 1->0(50)
[2024-08-28T13:04:05.053+0000][info][gc,heap     ] GC(296) Survivor regions: 7->1(3)
[2024-08-28T13:04:05.053+0000][info][gc,heap     ] GC(296) Old regions: 1006->1016
[2024-08-28T13:04:05.053+0000][info][gc,heap     ] GC(296) Archive regions: 2->2
[2024-08-28T13:04:05.053+0000][info][gc,heap     ] GC(296) Humongous regions: 5->5
[2024-08-28T13:04:05.053+0000][info][gc,metaspace] GC(296) Metaspace: 100K(320K)->100K(320K) NonClass: 96K(192K)->96K(192K) Class: 4K(128K)->4K(128K)
[2024-08-28T13:04:05.053+0000][info][gc          ] GC(296) Pause Young (Mixed) (G1 Preventive Collection) 1019M->1022M(1024M) 4.998ms
[2024-08-28T13:04:05.053+0000][info][gc,cpu      ] GC(296) User=0.09s Sys=0.00s Real=0.01s
[2024-08-28T13:04:05.053+0000][info][gc,ergo     ] Attempting full compaction
[2024-08-28T13:04:05.053+0000][info][gc,task     ] GC(297) Using 24 workers of 68 for full compaction
[2024-08-28T13:04:05.055+0000][info][gc,start    ] GC(297) Pause Full (G1 Compaction Pause)
[2024-08-28T13:04:05.055+0000][info][gc,phases,start] GC(297) Phase 1: Mark live objects
[2024-08-28T13:04:05.073+0000][info][gc,phases      ] GC(297) Phase 1: Mark live objects 18.173ms
[2024-08-28T13:04:05.073+0000][info][gc,phases,start] GC(297) Phase 2: Prepare for compaction
[2024-08-28T13:04:05.083+0000][info][gc,phases      ] GC(297) Phase 2: Prepare for compaction 10.491ms
[2024-08-28T13:04:05.084+0000][info][gc,phases,start] GC(297) Phase 3: Adjust pointers
[2024-08-28T13:04:05.103+0000][info][gc,phases      ] GC(297) Phase 3: Adjust pointers 19.917ms
[2024-08-28T13:04:05.104+0000][info][gc,phases,start] GC(297) Phase 4: Compact heap
[2024-08-28T13:04:05.135+0000][info][gc,phases      ] GC(297) Phase 4: Compact heap 31.758ms
[2024-08-28T13:04:05.137+0000][info][gc,heap        ] GC(297) Eden regions: 0->0(149)
[2024-08-28T13:04:05.137+0000][info][gc,heap        ] GC(297) Survivor regions: 1->0(3)
[2024-08-28T13:04:05.137+0000][info][gc,heap        ] GC(297) Old regions: 1016->445
[2024-08-28T13:04:05.137+0000][info][gc,heap        ] GC(297) Archive regions: 2->2
[2024-08-28T13:04:05.137+0000][info][gc,heap        ] GC(297) Humongous regions: 5->5
[2024-08-28T13:04:05.137+0000][info][gc,metaspace   ] GC(297) Metaspace: 100K(320K)->100K(320K) NonClass: 96K(192K)->96K(192K) Class: 4K(128K)->4K(128K)
[2024-08-28T13:04:05.137+0000][info][gc             ] GC(297) Pause Full (G1 Compaction Pause) 1022M->437M(1024M) 82.456ms
[2024-08-28T13:04:05.138+0000][info][gc,cpu         ] GC(297) User=1.73s Sys=0.00s Real=0.09s
[2024-08-28T13:04:05.227+0000][info][gc,start       ] GC(298) Pause Young (Normal) (G1 Evacuation Pause)
[2024-08-28T13:04:05.227+0000][info][gc,task        ] GC(298) Using 24 workers of 68 for evacuation
[2024-08-28T13:04:05.252+0000][info][gc,phases      ] GC(298)   Pre Evacuate Collection Set: 0.2ms
[2024-08-28T13:04:05.252+0000][info][gc,phases      ] GC(298)   Merge Heap Roots: 0.7ms
[2024-08-28T13:04:05.252+0000][info][gc,phases      ] GC(298)   Evacuate Collection Set: 24.2ms
[2024-08-28T13:04:05.252+0000][info][gc,phases      ] GC(298)   Post Evacuate Collection Set: 0.5ms
[2024-08-28T13:04:05.252+0000][info][gc,phases      ] GC(298)   Other: 0.4ms
[2024-08-28T13:04:05.252+0000][info][gc,heap        ] GC(298) Eden regions: 149->0(102)
[2024-08-28T13:04:05.252+0000][info][gc,heap        ] GC(298) Survivor regions: 0->19(19)
[2024-08-28T13:04:05.253+0000][info][gc,heap        ] GC(298) Old regions: 445->571
[2024-08-28T13:04:05.253+0000][info][gc,heap        ] GC(298) Archive regions: 2->2
[2024-08-28T13:04:05.253+0000][info][gc,heap        ] GC(298) Humongous regions: 5->5
[2024-08-28T13:04:05.253+0000][info][gc,metaspace   ] GC(298) Metaspace: 100K(320K)->100K(320K) NonClass: 96K(192K)->96K(192K) Class: 4K(128K)->4K(128K)
[2024-08-28T13:04:05.253+0000][info][gc             ] GC(298) Pause Young (Normal) (G1 Evacuation Pause) 586M->581M(1024M) 26.053ms
[2024-08-28T13:04:05.253+0000][info][gc,cpu         ] GC(298) User=0.59s Sys=0.00s Real=0.03s
[2024-08-28T13:04:05.311+0000][info][gc,start       ] GC(299) Pause Young (Normal) (G1 Evacuation Pause)
[2024-08-28T13:04:05.311+0000][info][gc,task        ] GC(299) Using 24 workers of 68 for evacuation
[2024-08-28T13:04:05.334+0000][info][gc,phases      ] GC(299)   Pre Evacuate Collection Set: 0.2ms
[2024-08-28T13:04:05.334+0000][info][gc,phases      ] GC(299)   Merge Heap Roots: 0.7ms
[2024-08-28T13:04:05.334+0000][info][gc,phases      ] GC(299)   Evacuate Collection Set: 21.2ms
[2024-08-28T13:04:05.334+0000][info][gc,phases      ] GC(299)   Post Evacuate Collection Set: 0.4ms
[2024-08-28T13:04:05.334+0000][info][gc,phases      ] GC(299)   Other: 0.3ms
[2024-08-28T13:04:05.334+0000][info][gc,heap        ] GC(299) Eden regions: 102->0(70)
[2024-08-28T13:04:05.334+0000][info][gc,heap        ] GC(299) Survivor regions: 19->16(16)
[2024-08-28T13:04:05.334+0000][info][gc,heap        ] GC(299) Old regions: 571->676
[2024-08-28T13:04:05.334+0000][info][gc,heap        ] GC(299) Archive regions: 2->2
[2024-08-28T13:04:05.334+0000][info][gc,heap        ] GC(299) Humongous regions: 5->5
[2024-08-28T13:04:05.334+0000][info][gc,metaspace   ] GC(299) Metaspace: 100K(320K)->100K(320K) NonClass: 96K(192K)->96K(192K) Class: 4K(128K)->4K(128K)
[2024-08-28T13:04:05.335+0000][info][gc             ] GC(299) Pause Young (Normal) (G1 Evacuation Pause) 683M->684M(1024M) 23.085ms
[2024-08-28T13:04:05.335+0000][info][gc,cpu         ] GC(299) User=0.53s Sys=0.00s Real=0.02s
[2024-08-28T13:04:05.375+0000][info][gc,start       ] GC(300) Pause Young (Concurrent Start) (G1 Evacuation Pause)
[2024-08-28T13:04:05.376+0000][info][gc,task        ] GC(300) Using 24 workers of 68 for evacuation
[2024-08-28T13:04:05.395+0000][info][gc,phases      ] GC(300)   Pre Evacuate Collection Set: 0.2ms
[2024-08-28T13:04:05.395+0000][info][gc,phases      ] GC(300)   Merge Heap Roots: 0.7ms
[2024-08-28T13:04:05.395+0000][info][gc,phases      ] GC(300)   Evacuate Collection Set: 17.5ms
[2024-08-28T13:04:05.395+0000][info][gc,phases      ] GC(300)   Post Evacuate Collection Set: 0.4ms
[2024-08-28T13:04:05.395+0000][info][gc,phases      ] GC(300)   Other: 1.0ms
[2024-08-28T13:04:05.395+0000][info][gc,heap        ] GC(300) Eden regions: 70->0(46)
[2024-08-28T13:04:05.395+0000][info][gc,heap        ] GC(300) Survivor regions: 16->11(11)
[2024-08-28T13:04:05.395+0000][info][gc,heap        ] GC(300) Old regions: 676->754
[2024-08-28T13:04:05.395+0000][info][gc,heap        ] GC(300) Archive regions: 2->2
[2024-08-28T13:04:05.395+0000][info][gc,heap        ] GC(300) Humongous regions: 5->5
[2024-08-28T13:04:05.395+0000][info][gc,metaspace   ] GC(300) Metaspace: 100K(320K)->100K(320K) NonClass: 96K(192K)->96K(192K) Class: 4K(128K)->4K(128K)
[2024-08-28T13:04:05.395+0000][info][gc             ] GC(300) Pause Young (Concurrent Start) (G1 Evacuation Pause) 754M->757M(1024M) 19.911ms
[2024-08-28T13:04:05.395+0000][info][gc,cpu         ] GC(300) User=0.43s Sys=0.00s Real=0.02s
[2024-08-28T13:04:05.396+0000][info][gc             ] GC(301) Concurrent Mark Cycle
[2024-08-28T13:04:05.396+0000][info][gc,marking     ] GC(301) Concurrent Clear Claimed Marks
[2024-08-28T13:04:05.396+0000][info][gc,marking     ] GC(301) Concurrent Clear Claimed Marks 0.009ms
[2024-08-28T13:04:05.396+0000][info][gc,marking     ] GC(301) Concurrent Scan Root Regions
[2024-08-28T13:04:05.398+0000][info][gc,marking     ] GC(301) Concurrent Scan Root Regions 2.714ms
[2024-08-28T13:04:05.398+0000][info][gc,marking     ] GC(301) Concurrent Mark
[2024-08-28T13:04:05.398+0000][info][gc,marking     ] GC(301) Concurrent Mark From Roots
[2024-08-28T13:04:05.398+0000][info][gc,task        ] GC(301) Using 17 workers of 17 for marking
[2024-08-28T13:04:05.422+0000][info][gc,marking     ] GC(301) Concurrent Mark From Roots 23.339ms
[2024-08-28T13:04:05.422+0000][info][gc,marking     ] GC(301) Concurrent Preclean
[2024-08-28T13:04:05.422+0000][info][gc,marking     ] GC(301) Concurrent Preclean 0.723ms
[2024-08-28T13:04:05.423+0000][info][gc,start       ] GC(301) Pause Remark
[2024-08-28T13:04:05.425+0000][info][gc             ] GC(301) Pause Remark 791M->791M(1024M) 1.897ms
[2024-08-28T13:04:05.425+0000][info][gc,cpu         ] GC(301) User=0.02s Sys=0.00s Real=0.00s
[2024-08-28T13:04:05.425+0000][info][gc,marking     ] GC(301) Concurrent Mark 26.549ms
[2024-08-28T13:04:05.425+0000][info][gc,marking     ] GC(301) Concurrent Rebuild Remembered Sets
[2024-08-28T13:04:05.433+0000][info][gc,start       ] GC(302) Pause Young (Normal) (G1 Evacuation Pause)
[2024-08-28T13:04:05.433+0000][info][gc,task        ] GC(302) Using 24 workers of 68 for evacuation
[2024-08-28T13:04:05.447+0000][info][gc,phases      ] GC(302)   Pre Evacuate Collection Set: 0.2ms
[2024-08-28T13:04:05.447+0000][info][gc,phases      ] GC(302)   Merge Heap Roots: 0.6ms
[2024-08-28T13:04:05.447+0000][info][gc,phases      ] GC(302)   Evacuate Collection Set: 12.4ms
[2024-08-28T13:04:05.447+0000][info][gc,phases      ] GC(302)   Post Evacuate Collection Set: 0.6ms
[2024-08-28T13:04:05.447+0000][info][gc,phases      ] GC(302)   Other: 0.3ms
[2024-08-28T13:04:05.447+0000][info][gc,heap        ] GC(302) Eden regions: 46->0(43)
[2024-08-28T13:04:05.447+0000][info][gc,heap        ] GC(302) Survivor regions: 11->8(8)
[2024-08-28T13:04:05.447+0000][info][gc,heap        ] GC(302) Old regions: 753->806
[2024-08-28T13:04:05.447+0000][info][gc,heap        ] GC(302) Archive regions: 2->2
[2024-08-28T13:04:05.447+0000][info][gc,heap        ] GC(302) Humongous regions: 5->5
[2024-08-28T13:04:05.447+0000][info][gc,metaspace   ] GC(302) Metaspace: 100K(320K)->100K(320K) NonClass: 96K(192K)->96K(192K) Class: 4K(128K)->4K(128K)
[2024-08-28T13:04:05.447+0000][info][gc             ] GC(302) Pause Young (Normal) (G1 Evacuation Pause) 803M->807M(1024M) 14.208ms
[2024-08-28T13:04:05.447+0000][info][gc,cpu         ] GC(302) User=0.30s Sys=0.02s Real=0.01s
[2024-08-28T13:04:05.472+0000][info][gc,start       ] GC(303) Pause Young (Normal) (G1 Evacuation Pause)
[2024-08-28T13:04:05.472+0000][info][gc,task        ] GC(303) Using 24 workers of 68 for evacuation
[2024-08-28T13:04:05.489+0000][info][gc,phases      ] GC(303)   Pre Evacuate Collection Set: 0.2ms
[2024-08-28T13:04:05.489+0000][info][gc,phases      ] GC(303)   Merge Heap Roots: 0.8ms
[2024-08-28T13:04:05.489+0000][info][gc,phases      ] GC(303)   Evacuate Collection Set: 15.5ms
[2024-08-28T13:04:05.489+0000][info][gc,phases      ] GC(303)   Post Evacuate Collection Set: 0.7ms
[2024-08-28T13:04:05.489+0000][info][gc,phases      ] GC(303)   Other: 0.3ms
[2024-08-28T13:04:05.489+0000][info][gc,heap        ] GC(303) Eden regions: 43->0(44)
[2024-08-28T13:04:05.489+0000][info][gc,heap        ] GC(303) Survivor regions: 8->7(7)
[2024-08-28T13:04:05.490+0000][info][gc,heap        ] GC(303) Old regions: 806->854
[2024-08-28T13:04:05.490+0000][info][gc,heap        ] GC(303) Archive regions: 2->2
[2024-08-28T13:04:05.490+0000][info][gc,heap        ] GC(303) Humongous regions: 5->5
[2024-08-28T13:04:05.490+0000][info][gc,metaspace   ] GC(303) Metaspace: 100K(320K)->100K(320K) NonClass: 96K(192K)->96K(192K) Class: 4K(128K)->4K(128K)
[2024-08-28T13:04:05.490+0000][info][gc             ] GC(303) Pause Young (Normal) (G1 Evacuation Pause) 850M->853M(1024M) 17.673ms
[2024-08-28T13:04:05.490+0000][info][gc,cpu         ] GC(303) User=0.40s Sys=0.00s Real=0.02s
[2024-08-28T13:04:05.519+0000][info][gc,start       ] GC(304) Pause Young (Normal) (G1 Evacuation Pause)
[2024-08-28T13:04:05.519+0000][info][gc,task        ] GC(304) Using 24 workers of 68 for evacuation
[2024-08-28T13:04:05.535+0000][info][gc,phases      ] GC(304)   Pre Evacuate Collection Set: 0.2ms
[2024-08-28T13:04:05.535+0000][info][gc,phases      ] GC(304)   Merge Heap Roots: 0.9ms
[2024-08-28T13:04:05.535+0000][info][gc,phases      ] GC(304)   Evacuate Collection Set: 14.1ms
[2024-08-28T13:04:05.535+0000][info][gc,phases      ] GC(304)   Post Evacuate Collection Set: 0.7ms
[2024-08-28T13:04:05.535+0000][info][gc,phases      ] GC(304)   Other: 0.3ms
[2024-08-28T13:04:05.535+0000][info][gc,heap        ] GC(304) Eden regions: 44->0(44)
[2024-08-28T13:04:05.535+0000][info][gc,heap        ] GC(304) Survivor regions: 7->7(7)
[2024-08-28T13:04:05.535+0000][info][gc,heap        ] GC(304) Old regions: 854->901
[2024-08-28T13:04:05.535+0000][info][gc,heap        ] GC(304) Archive regions: 2->2
[2024-08-28T13:04:05.535+0000][info][gc,heap        ] GC(304) Humongous regions: 5->5
[2024-08-28T13:04:05.535+0000][info][gc,metaspace   ] GC(304) Metaspace: 100K(320K)->100K(320K) NonClass: 96K(192K)->96K(192K) Class: 4K(128K)->4K(128K)
[2024-08-28T13:04:05.535+0000][info][gc             ] GC(304) Pause Young (Normal) (G1 Evacuation Pause) 897M->900M(1024M) 16.258ms
[2024-08-28T13:04:05.535+0000][info][gc,cpu         ] GC(304) User=0.36s Sys=0.01s Real=0.01s
[2024-08-28T13:04:05.559+0000][info][gc,marking     ] GC(301) Concurrent Rebuild Remembered Sets 133.712ms
[2024-08-28T13:04:05.559+0000][info][gc,start       ] GC(301) Pause Cleanup
[2024-08-28T13:04:05.560+0000][info][gc             ] GC(301) Pause Cleanup 931M->931M(1024M) 1.317ms
[2024-08-28T13:04:05.560+0000][info][gc,cpu         ] GC(301) User=0.01s Sys=0.00s Real=0.00s
[2024-08-28T13:04:05.560+0000][info][gc,marking     ] GC(301) Concurrent Cleanup for Next Mark
[2024-08-28T13:04:05.561+0000][info][gc,marking     ] GC(301) Concurrent Cleanup for Next Mark 0.824ms
[2024-08-28T13:04:05.561+0000][info][gc             ] GC(301) Concurrent Mark Cycle 165.647ms
[2024-08-28T13:04:05.570+0000][info][gc,start       ] GC(305) Pause Young (Prepare Mixed) (G1 Evacuation Pause)
[2024-08-28T13:04:05.570+0000][info][gc,task        ] GC(305) Using 24 workers of 68 for evacuation
[2024-08-28T13:04:05.585+0000][info][gc,phases      ] GC(305)   Pre Evacuate Collection Set: 0.1ms
[2024-08-28T13:04:05.585+0000][info][gc,phases      ] GC(305)   Merge Heap Roots: 0.5ms
[2024-08-28T13:04:05.585+0000][info][gc,phases      ] GC(305)   Evacuate Collection Set: 13.4ms
[2024-08-28T13:04:05.585+0000][info][gc,phases      ] GC(305)   Post Evacuate Collection Set: 0.3ms
[2024-08-28T13:04:05.585+0000][info][gc,phases      ] GC(305)   Other: 0.2ms
[2024-08-28T13:04:05.585+0000][info][gc,heap        ] GC(305) Eden regions: 44->0(44)
[2024-08-28T13:04:05.585+0000][info][gc,heap        ] GC(305) Survivor regions: 7->7(7)
[2024-08-28T13:04:05.585+0000][info][gc,heap        ] GC(305) Old regions: 901->948
[2024-08-28T13:04:05.585+0000][info][gc,heap        ] GC(305) Archive regions: 2->2
[2024-08-28T13:04:05.585+0000][info][gc,heap        ] GC(305) Humongous regions: 5->5
[2024-08-28T13:04:05.585+0000][info][gc,metaspace   ] GC(305) Metaspace: 100K(320K)->100K(320K) NonClass: 96K(192K)->96K(192K) Class: 4K(128K)->4K(128K)
[2024-08-28T13:04:05.585+0000][info][gc             ] GC(305) Pause Young (Prepare Mixed) (G1 Evacuation Pause) 944M->947M(1024M) 14.747ms
[2024-08-28T13:04:05.585+0000][info][gc,cpu         ] GC(305) User=0.34s Sys=0.00s Real=0.01s
[2024-08-28T13:04:05.600+0000][info][gc,start       ] GC(306) Pause Young (Mixed) (G1 Preventive Collection)
[2024-08-28T13:04:05.600+0000][info][gc,task        ] GC(306) Using 24 workers of 68 for evacuation
[2024-08-28T13:04:05.611+0000][info][gc,phases      ] GC(306)   Pre Evacuate Collection Set: 0.2ms
[2024-08-28T13:04:05.611+0000][info][gc,phases      ] GC(306)   Merge Heap Roots: 0.6ms
[2024-08-28T13:04:05.611+0000][info][gc,phases      ] GC(306)   Evacuate Collection Set: 9.1ms
[2024-08-28T13:04:05.611+0000][info][gc,phases      ] GC(306)   Post Evacuate Collection Set: 0.4ms
[2024-08-28T13:04:05.611+0000][info][gc,phases      ] GC(306)   Other: 0.2ms
[2024-08-28T13:04:05.611+0000][info][gc,heap        ] GC(306) Eden regions: 25->0(44)
[2024-08-28T13:04:05.611+0000][info][gc,heap        ] GC(306) Survivor regions: 7->7(7)
[2024-08-28T13:04:05.611+0000][info][gc,heap        ] GC(306) Old regions: 948->873
[2024-08-28T13:04:05.611+0000][info][gc,heap        ] GC(306) Archive regions: 2->2
[2024-08-28T13:04:05.611+0000][info][gc,heap        ] GC(306) Humongous regions: 5->5
[2024-08-28T13:04:05.611+0000][info][gc,metaspace   ] GC(306) Metaspace: 100K(320K)->100K(320K) NonClass: 96K(192K)->96K(192K) Class: 4K(128K)->4K(128K)
[2024-08-28T13:04:05.611+0000][info][gc             ] GC(306) Pause Young (Mixed) (G1 Preventive Collection) 972M->883M(1024M) 10.698ms
[2024-08-28T13:04:05.611+0000][info][gc,cpu         ] GC(306) User=0.24s Sys=0.00s Real=0.01s
[2024-08-28T13:04:05.636+0000][info][gc,start       ] GC(307) Pause Young (Mixed) (G1 Evacuation Pause)
[2024-08-28T13:04:05.636+0000][info][gc,task        ] GC(307) Using 24 workers of 68 for evacuation
[2024-08-28T13:04:05.649+0000][info][gc,phases      ] GC(307)   Pre Evacuate Collection Set: 0.2ms
[2024-08-28T13:04:05.649+0000][info][gc,phases      ] GC(307)   Merge Heap Roots: 0.5ms
[2024-08-28T13:04:05.649+0000][info][gc,phases      ] GC(307)   Evacuate Collection Set: 11.7ms
[2024-08-28T13:04:05.649+0000][info][gc,phases      ] GC(307)   Post Evacuate Collection Set: 0.4ms
[2024-08-28T13:04:05.649+0000][info][gc,phases      ] GC(307)   Other: 0.3ms
[2024-08-28T13:04:05.650+0000][info][gc,heap        ] GC(307) Eden regions: 44->0(44)
[2024-08-28T13:04:05.650+0000][info][gc,heap        ] GC(307) Survivor regions: 7->7(7)
[2024-08-28T13:04:05.650+0000][info][gc,heap        ] GC(307) Old regions: 873->816
[2024-08-28T13:04:05.650+0000][info][gc,heap        ] GC(307) Archive regions: 2->2
[2024-08-28T13:04:05.650+0000][info][gc,heap        ] GC(307) Humongous regions: 5->5
[2024-08-28T13:04:05.650+0000][info][gc,metaspace   ] GC(307) Metaspace: 100K(320K)->100K(320K) NonClass: 96K(192K)->96K(192K) Class: 4K(128K)->4K(128K)
[2024-08-28T13:04:05.650+0000][info][gc             ] GC(307) Pause Young (Mixed) (G1 Evacuation Pause) 927M->827M(1024M) 13.277ms
[2024-08-28T13:04:05.650+0000][info][gc,cpu         ] GC(307) User=0.30s Sys=0.00s Real=0.02s
[2024-08-28T13:04:05.675+0000][info][gc,start       ] GC(308) Pause Young (Mixed) (G1 Evacuation Pause)
[2024-08-28T13:04:05.676+0000][info][gc,task        ] GC(308) Using 24 workers of 68 for evacuation
[2024-08-28T13:04:05.688+0000][info][gc,phases      ] GC(308)   Pre Evacuate Collection Set: 0.2ms
[2024-08-28T13:04:05.688+0000][info][gc,phases      ] GC(308)   Merge Heap Roots: 0.6ms
[2024-08-28T13:04:05.688+0000][info][gc,phases      ] GC(308)   Evacuate Collection Set: 11.0ms
[2024-08-28T13:04:05.688+0000][info][gc,phases      ] GC(308)   Post Evacuate Collection Set: 0.4ms
[2024-08-28T13:04:05.688+0000][info][gc,phases      ] GC(308)   Other: 0.3ms
[2024-08-28T13:04:05.688+0000][info][gc,heap        ] GC(308) Eden regions: 44->0(44)
[2024-08-28T13:04:05.688+0000][info][gc,heap        ] GC(308) Survivor regions: 7->7(7)
[2024-08-28T13:04:05.688+0000][info][gc,heap        ] GC(308) Old regions: 816->801
[2024-08-28T13:04:05.688+0000][info][gc,heap        ] GC(308) Archive regions: 2->2
[2024-08-28T13:04:05.688+0000][info][gc,heap        ] GC(308) Humongous regions: 5->5
[2024-08-28T13:04:05.688+0000][info][gc,metaspace   ] GC(308) Metaspace: 100K(320K)->100K(320K) NonClass: 96K(192K)->96K(192K) Class: 4K(128K)->4K(128K)
[2024-08-28T13:04:05.688+0000][info][gc             ] GC(308) Pause Young (Mixed) (G1 Evacuation Pause) 871M->813M(1024M) 12.557ms
[2024-08-28T13:04:05.688+0000][info][gc,cpu         ] GC(308) User=0.28s Sys=0.00s Real=0.01s
[2024-08-28T13:04:05.714+0000][info][gc,start       ] GC(309) Pause Young (Concurrent Start) (G1 Evacuation Pause)
[2024-08-28T13:04:05.714+0000][info][gc,task        ] GC(309) Using 24 workers of 68 for evacuation
[2024-08-28T13:04:05.727+0000][info][gc,phases      ] GC(309)   Pre Evacuate Collection Set: 0.2ms
[2024-08-28T13:04:05.727+0000][info][gc,phases      ] GC(309)   Merge Heap Roots: 0.6ms
[2024-08-28T13:04:05.727+0000][info][gc,phases      ] GC(309)   Evacuate Collection Set: 11.0ms
[2024-08-28T13:04:05.727+0000][info][gc,phases      ] GC(309)   Post Evacuate Collection Set: 0.4ms
[2024-08-28T13:04:05.727+0000][info][gc,phases      ] GC(309)   Other: 1.0ms
[2024-08-28T13:04:05.727+0000][info][gc,heap        ] GC(309) Eden regions: 44->0(44)
[2024-08-28T13:04:05.727+0000][info][gc,heap        ] GC(309) Survivor regions: 7->7(7)
[2024-08-28T13:04:05.727+0000][info][gc,heap        ] GC(309) Old regions: 801->847
[2024-08-28T13:04:05.727+0000][info][gc,heap        ] GC(309) Archive regions: 2->2
[2024-08-28T13:04:05.727+0000][info][gc,heap        ] GC(309) Humongous regions: 5->5
[2024-08-28T13:04:05.727+0000][info][gc,metaspace   ] GC(309) Metaspace: 100K(320K)->100K(320K) NonClass: 96K(192K)->96K(192K) Class: 4K(128K)->4K(128K)
[2024-08-28T13:04:05.727+0000][info][gc             ] GC(309) Pause Young (Concurrent Start) (G1 Evacuation Pause) 857M->859M(1024M) 13.333ms
[2024-08-28T13:04:05.727+0000][info][gc,cpu         ] GC(309) User=0.27s Sys=0.00s Real=0.01s
[2024-08-28T13:04:05.727+0000][info][gc             ] GC(310) Concurrent Mark Cycle
[2024-08-28T13:04:05.727+0000][info][gc,marking     ] GC(310) Concurrent Clear Claimed Marks
[2024-08-28T13:04:05.727+0000][info][gc,marking     ] GC(310) Concurrent Clear Claimed Marks 0.012ms
[2024-08-28T13:04:05.727+0000][info][gc,marking     ] GC(310) Concurrent Scan Root Regions
[2024-08-28T13:04:05.729+0000][info][gc,marking     ] GC(310) Concurrent Scan Root Regions 1.915ms
[2024-08-28T13:04:05.729+0000][info][gc,marking     ] GC(310) Concurrent Mark
[2024-08-28T13:04:05.729+0000][info][gc,marking     ] GC(310) Concurrent Mark From Roots
[2024-08-28T13:04:05.729+0000][info][gc,task        ] GC(310) Using 17 workers of 17 for marking
[2024-08-28T13:04:05.757+0000][info][gc,marking     ] GC(310) Concurrent Mark From Roots 27.379ms
[2024-08-28T13:04:05.757+0000][info][gc,marking     ] GC(310) Concurrent Preclean
[2024-08-28T13:04:05.758+0000][info][gc,marking     ] GC(310) Concurrent Preclean 1.370ms
[2024-08-28T13:04:05.758+0000][info][gc,start       ] GC(310) Pause Remark
[2024-08-28T13:04:05.760+0000][info][gc             ] GC(310) Pause Remark 896M->896M(1024M) 1.439ms
[2024-08-28T13:04:05.760+0000][info][gc,cpu         ] GC(310) User=0.01s Sys=0.00s Real=0.00s
[2024-08-28T13:04:05.760+0000][info][gc,marking     ] GC(310) Concurrent Mark 30.588ms
[2024-08-28T13:04:05.760+0000][info][gc,marking     ] GC(310) Concurrent Rebuild Remembered Sets
[2024-08-28T13:04:05.765+0000][info][gc,start       ] GC(311) Pause Young (Normal) (G1 Evacuation Pause)
[2024-08-28T13:04:05.765+0000][info][gc,task        ] GC(311) Using 24 workers of 68 for evacuation
[2024-08-28T13:04:05.777+0000][info][gc,phases      ] GC(311)   Pre Evacuate Collection Set: 0.2ms
[2024-08-28T13:04:05.777+0000][info][gc,phases      ] GC(311)   Merge Heap Roots: 0.7ms
[2024-08-28T13:04:05.777+0000][info][gc,phases      ] GC(311)   Evacuate Collection Set: 10.8ms
[2024-08-28T13:04:05.777+0000][info][gc,phases      ] GC(311)   Post Evacuate Collection Set: 0.5ms
[2024-08-28T13:04:05.777+0000][info][gc,phases      ] GC(311)   Other: 0.2ms
[2024-08-28T13:04:05.777+0000][info][gc,heap        ] GC(311) Eden regions: 44->0(44)
[2024-08-28T13:04:05.777+0000][info][gc,heap        ] GC(311) Survivor regions: 7->7(7)
[2024-08-28T13:04:05.777+0000][info][gc,heap        ] GC(311) Old regions: 847->894
[2024-08-28T13:04:05.777+0000][info][gc,heap        ] GC(311) Archive regions: 2->2
[2024-08-28T13:04:05.777+0000][info][gc,heap        ] GC(311) Humongous regions: 5->5
[2024-08-28T13:04:05.777+0000][info][gc,metaspace   ] GC(311) Metaspace: 100K(320K)->100K(320K) NonClass: 96K(192K)->96K(192K) Class: 4K(128K)->4K(128K)
[2024-08-28T13:04:05.777+0000][info][gc             ] GC(311) Pause Young (Normal) (G1 Evacuation Pause) 903M->906M(1024M) 12.365ms
[2024-08-28T13:04:05.777+0000][info][gc,cpu         ] GC(311) User=0.28s Sys=0.00s Real=0.01s
[2024-08-28T13:04:05.804+0000][info][gc,start       ] GC(312) Pause Young (Normal) (G1 Evacuation Pause)
[2024-08-28T13:04:05.804+0000][info][gc,task        ] GC(312) Using 24 workers of 68 for evacuation
[2024-08-28T13:04:05.820+0000][info][gc,phases      ] GC(312)   Pre Evacuate Collection Set: 0.2ms
[2024-08-28T13:04:05.820+0000][info][gc,phases      ] GC(312)   Merge Heap Roots: 0.9ms
[2024-08-28T13:04:05.820+0000][info][gc,phases      ] GC(312)   Evacuate Collection Set: 14.5ms
[2024-08-28T13:04:05.820+0000][info][gc,phases      ] GC(312)   Post Evacuate Collection Set: 0.7ms
[2024-08-28T13:04:05.820+0000][info][gc,phases      ] GC(312)   Other: 0.2ms
[2024-08-28T13:04:05.820+0000][info][gc,heap        ] GC(312) Eden regions: 44->0(44)
[2024-08-28T13:04:05.820+0000][info][gc,heap        ] GC(312) Survivor regions: 7->7(7)
[2024-08-28T13:04:05.820+0000][info][gc,heap        ] GC(312) Old regions: 894->940
[2024-08-28T13:04:05.820+0000][info][gc,heap        ] GC(312) Archive regions: 2->2
[2024-08-28T13:04:05.821+0000][info][gc,heap        ] GC(312) Humongous regions: 5->5
[2024-08-28T13:04:05.821+0000][info][gc,metaspace   ] GC(312) Metaspace: 100K(320K)->100K(320K) NonClass: 96K(192K)->96K(192K) Class: 4K(128K)->4K(128K)
[2024-08-28T13:04:05.821+0000][info][gc             ] GC(312) Pause Young (Normal) (G1 Evacuation Pause) 950M->952M(1024M) 16.594ms
[2024-08-28T13:04:05.821+0000][info][gc,cpu         ] GC(312) User=0.38s Sys=0.00s Real=0.02s
[2024-08-28T13:04:05.841+0000][info][gc,start       ] GC(313) Pause Young (Normal) (G1 Preventive Collection)
[2024-08-28T13:04:05.841+0000][info][gc,task        ] GC(313) Using 24 workers of 68 for evacuation
[2024-08-28T13:04:05.856+0000][info][gc             ] GC(313) To-space exhausted
[2024-08-28T13:04:05.856+0000][info][gc,phases      ] GC(313)   Pre Evacuate Collection Set: 0.2ms
[2024-08-28T13:04:05.856+0000][info][gc,phases      ] GC(313)   Merge Heap Roots: 0.9ms
[2024-08-28T13:04:05.856+0000][info][gc,phases      ] GC(313)   Evacuate Collection Set: 12.2ms
[2024-08-28T13:04:05.856+0000][info][gc,phases      ] GC(313)   Post Evacuate Collection Set: 1.1ms
[2024-08-28T13:04:05.856+0000][info][gc,phases      ] GC(313)   Other: 0.3ms
[2024-08-28T13:04:05.856+0000][info][gc,heap        ] GC(313) Eden regions: 30->0(44)
[2024-08-28T13:04:05.856+0000][info][gc,heap        ] GC(313) Survivor regions: 7->7(7)
[2024-08-28T13:04:05.856+0000][info][gc,heap        ] GC(313) Old regions: 940->992
[2024-08-28T13:04:05.856+0000][info][gc,heap        ] GC(313) Archive regions: 2->2
[2024-08-28T13:04:05.856+0000][info][gc,heap        ] GC(313) Humongous regions: 5->5
[2024-08-28T13:04:05.856+0000][info][gc,metaspace   ] GC(313) Metaspace: 100K(320K)->100K(320K) NonClass: 96K(192K)->96K(192K) Class: 4K(128K)->4K(128K)
[2024-08-28T13:04:05.856+0000][info][gc             ] GC(313) Pause Young (Normal) (G1 Preventive Collection) 982M->1004M(1024M) 14.662ms
[2024-08-28T13:04:05.856+0000][info][gc,cpu         ] GC(313) User=0.33s Sys=0.00s Real=0.01s
[2024-08-28T13:04:05.860+0000][info][gc,start       ] GC(314) Pause Young (Normal) (G1 Preventive Collection)
[2024-08-28T13:04:05.860+0000][info][gc,task        ] GC(314) Using 24 workers of 68 for evacuation
[2024-08-28T13:04:05.871+0000][info][gc             ] GC(314) To-space exhausted
[2024-08-28T13:04:05.871+0000][info][gc,phases      ] GC(314)   Pre Evacuate Collection Set: 0.1ms
[2024-08-28T13:04:05.871+0000][info][gc,phases      ] GC(314)   Merge Heap Roots: 0.9ms
[2024-08-28T13:04:05.871+0000][info][gc,phases      ] GC(314)   Evacuate Collection Set: 8.7ms
[2024-08-28T13:04:05.871+0000][info][gc,phases      ] GC(314)   Post Evacuate Collection Set: 1.0ms
[2024-08-28T13:04:05.871+0000][info][gc,phases      ] GC(314)   Other: 0.3ms
[2024-08-28T13:04:05.871+0000][info][gc,heap        ] GC(314) Eden regions: 5->0(47)
[2024-08-28T13:04:05.871+0000][info][gc,heap        ] GC(314) Survivor regions: 7->4(7)
[2024-08-28T13:04:05.871+0000][info][gc,heap        ] GC(314) Old regions: 992->1013
[2024-08-28T13:04:05.871+0000][info][gc,heap        ] GC(314) Archive regions: 2->2
[2024-08-28T13:04:05.871+0000][info][gc,heap        ] GC(314) Humongous regions: 5->5
[2024-08-28T13:04:05.871+0000][info][gc,metaspace   ] GC(314) Metaspace: 100K(320K)->100K(320K) NonClass: 96K(192K)->96K(192K) Class: 4K(128K)->4K(128K)
[2024-08-28T13:04:05.871+0000][info][gc             ] GC(314) Pause Young (Normal) (G1 Preventive Collection) 1009M->1022M(1024M) 11.233ms
[2024-08-28T13:04:05.871+0000][info][gc,cpu         ] GC(314) User=0.24s Sys=0.00s Real=0.01s
[2024-08-28T13:04:05.871+0000][info][gc,ergo        ] Attempting full compaction
[2024-08-28T13:04:05.871+0000][info][gc,task        ] GC(315) Using 24 workers of 68 for full compaction
[2024-08-28T13:04:05.872+0000][info][gc,start       ] GC(315) Pause Full (G1 Compaction Pause)
[2024-08-28T13:04:05.873+0000][info][gc,phases,start] GC(315) Phase 1: Mark live objects
[2024-08-28T13:04:05.890+0000][info][gc,phases      ] GC(315) Phase 1: Mark live objects 16.823ms
[2024-08-28T13:04:05.890+0000][info][gc,phases,start] GC(315) Phase 2: Prepare for compaction
[2024-08-28T13:04:05.900+0000][info][gc,phases      ] GC(315) Phase 2: Prepare for compaction 10.482ms
[2024-08-28T13:04:05.900+0000][info][gc,phases,start] GC(315) Phase 3: Adjust pointers
[2024-08-28T13:04:05.920+0000][info][gc,phases      ] GC(315) Phase 3: Adjust pointers 19.344ms
[2024-08-28T13:04:05.920+0000][info][gc,phases,start] GC(315) Phase 4: Compact heap
[2024-08-28T13:04:05.950+0000][info][gc,phases      ] GC(315) Phase 4: Compact heap 30.431ms
[2024-08-28T13:04:05.952+0000][info][gc,heap        ] GC(315) Eden regions: 0->0(150)
[2024-08-28T13:04:05.952+0000][info][gc,heap        ] GC(315) Survivor regions: 4->0(7)
[2024-08-28T13:04:05.952+0000][info][gc,heap        ] GC(315) Old regions: 1013->443
[2024-08-28T13:04:05.952+0000][info][gc,heap        ] GC(315) Archive regions: 2->2
[2024-08-28T13:04:05.952+0000][info][gc,heap        ] GC(315) Humongous regions: 5->5
[2024-08-28T13:04:05.952+0000][info][gc,metaspace   ] GC(315) Metaspace: 100K(320K)->100K(320K) NonClass: 96K(192K)->96K(192K) Class: 4K(128K)->4K(128K)
[2024-08-28T13:04:05.952+0000][info][gc             ] GC(315) Pause Full (G1 Compaction Pause) 1022M->437M(1024M) 79.788ms
[2024-08-28T13:04:05.952+0000][info][gc,cpu         ] GC(315) User=1.65s Sys=0.04s Real=0.08s
[2024-08-28T13:04:05.952+0000][info][gc,marking     ] GC(310) Concurrent Rebuild Remembered Sets 192.143ms
[2024-08-28T13:04:05.952+0000][info][gc,marking     ] GC(310) Concurrent Mark Abort
[2024-08-28T13:04:05.952+0000][info][gc             ] GC(310) Concurrent Mark Cycle 224.833ms
[2024-08-28T13:04:06.041+0000][info][gc,start       ] GC(316) Pause Young (Normal) (G1 Evacuation Pause)
[2024-08-28T13:04:06.042+0000][info][gc,task        ] GC(316) Using 24 workers of 68 for evacuation
[2024-08-28T13:04:06.067+0000][info][gc,phases      ] GC(316)   Pre Evacuate Collection Set: 0.1ms
[2024-08-28T13:04:06.067+0000][info][gc,phases      ] GC(316)   Merge Heap Roots: 0.7ms
[2024-08-28T13:04:06.067+0000][info][gc,phases      ] GC(316)   Evacuate Collection Set: 24.0ms
[2024-08-28T13:04:06.067+0000][info][gc,phases      ] GC(316)   Post Evacuate Collection Set: 0.4ms
[2024-08-28T13:04:06.067+0000][info][gc,phases      ] GC(316)   Other: 0.2ms
[2024-08-28T13:04:06.067+0000][info][gc,heap        ] GC(316) Eden regions: 150->0(103)
[2024-08-28T13:04:06.067+0000][info][gc,heap        ] GC(316) Survivor regions: 0->19(19)
[2024-08-28T13:04:06.067+0000][info][gc,heap        ] GC(316) Old regions: 443->570
[2024-08-28T13:04:06.067+0000][info][gc,heap        ] GC(316) Archive regions: 2->2
[2024-08-28T13:04:06.067+0000][info][gc,heap        ] GC(316) Humongous regions: 5->5
[2024-08-28T13:04:06.067+0000][info][gc,metaspace   ] GC(316) Metaspace: 100K(320K)->100K(320K) NonClass: 96K(192K)->96K(192K) Class: 4K(128K)->4K(128K)
[2024-08-28T13:04:06.067+0000][info][gc             ] GC(316) Pause Young (Normal) (G1 Evacuation Pause) 587M->582M(1024M) 25.461ms
[2024-08-28T13:04:06.067+0000][info][gc,cpu         ] GC(316) User=0.59s Sys=0.00s Real=0.02s
[2024-08-28T13:04:06.125+0000][info][gc,start       ] GC(317) Pause Young (Normal) (G1 Evacuation Pause)
[2024-08-28T13:04:06.125+0000][info][gc,task        ] GC(317) Using 24 workers of 68 for evacuation
[2024-08-28T13:04:06.148+0000][info][gc,phases      ] GC(317)   Pre Evacuate Collection Set: 0.1ms
[2024-08-28T13:04:06.148+0000][info][gc,phases      ] GC(317)   Merge Heap Roots: 0.6ms
[2024-08-28T13:04:06.148+0000][info][gc,phases      ] GC(317)   Evacuate Collection Set: 21.6ms
[2024-08-28T13:04:06.148+0000][info][gc,phases      ] GC(317)   Post Evacuate Collection Set: 0.3ms
[2024-08-28T13:04:06.148+0000][info][gc,phases      ] GC(317)   Other: 0.2ms
[2024-08-28T13:04:06.148+0000][info][gc,heap        ] GC(317) Eden regions: 103->0(69)
[2024-08-28T13:04:06.148+0000][info][gc,heap        ] GC(317) Survivor regions: 19->16(16)
[2024-08-28T13:04:06.148+0000][info][gc,heap        ] GC(317) Old regions: 570->678
[2024-08-28T13:04:06.148+0000][info][gc,heap        ] GC(317) Archive regions: 2->2
[2024-08-28T13:04:06.148+0000][info][gc,heap        ] GC(317) Humongous regions: 5->5
[2024-08-28T13:04:06.148+0000][info][gc,metaspace   ] GC(317) Metaspace: 100K(320K)->100K(320K) NonClass: 96K(192K)->96K(192K) Class: 4K(128K)->4K(128K)
[2024-08-28T13:04:06.148+0000][info][gc             ] GC(317) Pause Young (Normal) (G1 Evacuation Pause) 685M->687M(1024M) 22.940ms
[2024-08-28T13:04:06.148+0000][info][gc,cpu         ] GC(317) User=0.53s Sys=0.00s Real=0.02s
[2024-08-28T13:04:06.188+0000][info][gc,start       ] GC(318) Pause Young (Concurrent Start) (G1 Evacuation Pause)
[2024-08-28T13:04:06.188+0000][info][gc,task        ] GC(318) Using 24 workers of 68 for evacuation
[2024-08-28T13:04:06.206+0000][info][gc,phases      ] GC(318)   Pre Evacuate Collection Set: 0.1ms
[2024-08-28T13:04:06.206+0000][info][gc,phases      ] GC(318)   Merge Heap Roots: 0.7ms
[2024-08-28T13:04:06.206+0000][info][gc,phases      ] GC(318)   Evacuate Collection Set: 17.2ms
[2024-08-28T13:04:06.206+0000][info][gc,phases      ] GC(318)   Post Evacuate Collection Set: 0.3ms
[2024-08-28T13:04:06.206+0000][info][gc,phases      ] GC(318)   Other: 0.5ms
[2024-08-28T13:04:06.206+0000][info][gc,heap        ] GC(318) Eden regions: 69->0(45)
[2024-08-28T13:04:06.206+0000][info][gc,heap        ] GC(318) Survivor regions: 16->11(11)
[2024-08-28T13:04:06.206+0000][info][gc,heap        ] GC(318) Old regions: 678->757
[2024-08-28T13:04:06.206+0000][info][gc,heap        ] GC(318) Archive regions: 2->2
[2024-08-28T13:04:06.206+0000][info][gc,heap        ] GC(318) Humongous regions: 5->5
[2024-08-28T13:04:06.206+0000][info][gc,metaspace   ] GC(318) Metaspace: 100K(320K)->100K(320K) NonClass: 96K(192K)->96K(192K) Class: 4K(128K)->4K(128K)
[2024-08-28T13:04:06.206+0000][info][gc             ] GC(318) Pause Young (Concurrent Start) (G1 Evacuation Pause) 756M->761M(1024M) 18.813ms
[2024-08-28T13:04:06.206+0000][info][gc,cpu         ] GC(318) User=0.43s Sys=0.00s Real=0.02s
[2024-08-28T13:04:06.207+0000][info][gc             ] GC(319) Concurrent Mark Cycle
[2024-08-28T13:04:06.207+0000][info][gc,marking     ] GC(319) Concurrent Clear Claimed Marks
[2024-08-28T13:04:06.207+0000][info][gc,marking     ] GC(319) Concurrent Clear Claimed Marks 0.011ms
[2024-08-28T13:04:06.207+0000][info][gc,marking     ] GC(319) Concurrent Scan Root Regions
[2024-08-28T13:04:06.209+0000][info][gc,marking     ] GC(319) Concurrent Scan Root Regions 2.651ms
[2024-08-28T13:04:06.209+0000][info][gc,marking     ] GC(319) Concurrent Mark
[2024-08-28T13:04:06.209+0000][info][gc,marking     ] GC(319) Concurrent Mark From Roots
[2024-08-28T13:04:06.209+0000][info][gc,task        ] GC(319) Using 17 workers of 17 for marking
[2024-08-28T13:04:06.234+0000][info][gc,marking     ] GC(319) Concurrent Mark From Roots 24.955ms
[2024-08-28T13:04:06.234+0000][info][gc,marking     ] GC(319) Concurrent Preclean
[2024-08-28T13:04:06.235+0000][info][gc,marking     ] GC(319) Concurrent Preclean 0.714ms
[2024-08-28T13:04:06.235+0000][info][gc,start       ] GC(319) Pause Remark
[2024-08-28T13:04:06.236+0000][info][gc             ] GC(319) Pause Remark 796M->796M(1024M) 1.188ms
[2024-08-28T13:04:06.236+0000][info][gc,cpu         ] GC(319) User=0.01s Sys=0.01s Real=0.00s
[2024-08-28T13:04:06.236+0000][info][gc,marking     ] GC(319) Concurrent Mark 27.188ms
[2024-08-28T13:04:06.236+0000][info][gc,marking     ] GC(319) Concurrent Rebuild Remembered Sets
[2024-08-28T13:04:06.243+0000][info][gc,start       ] GC(320) Pause Young (Normal) (G1 Evacuation Pause)
[2024-08-28T13:04:06.243+0000][info][gc,task        ] GC(320) Using 24 workers of 68 for evacuation
[2024-08-28T13:04:06.256+0000][info][gc,phases      ] GC(320)   Pre Evacuate Collection Set: 0.1ms
[2024-08-28T13:04:06.256+0000][info][gc,phases      ] GC(320)   Merge Heap Roots: 0.6ms
[2024-08-28T13:04:06.256+0000][info][gc,phases      ] GC(320)   Evacuate Collection Set: 12.0ms
[2024-08-28T13:04:06.256+0000][info][gc,phases      ] GC(320)   Post Evacuate Collection Set: 0.5ms
[2024-08-28T13:04:06.256+0000][info][gc,phases      ] GC(320)   Other: 0.1ms
[2024-08-28T13:04:06.256+0000][info][gc,heap        ] GC(320) Eden regions: 45->0(44)
[2024-08-28T13:04:06.256+0000][info][gc,heap        ] GC(320) Survivor regions: 11->7(7)
[2024-08-28T13:04:06.256+0000][info][gc,heap        ] GC(320) Old regions: 757->810
[2024-08-28T13:04:06.256+0000][info][gc,heap        ] GC(320) Archive regions: 2->2
[2024-08-28T13:04:06.256+0000][info][gc,heap        ] GC(320) Humongous regions: 5->5
[2024-08-28T13:04:06.256+0000][info][gc,metaspace   ] GC(320) Metaspace: 100K(320K)->100K(320K) NonClass: 96K(192K)->96K(192K) Class: 4K(128K)->4K(128K)
[2024-08-28T13:04:06.256+0000][info][gc             ] GC(320) Pause Young (Normal) (G1 Evacuation Pause) 806M->811M(1024M) 13.371ms
[2024-08-28T13:04:06.256+0000][info][gc,cpu         ] GC(320) User=0.30s Sys=0.00s Real=0.01s
[2024-08-28T13:04:06.283+0000][info][gc,start       ] GC(321) Pause Young (Normal) (G1 Evacuation Pause)
[2024-08-28T13:04:06.283+0000][info][gc,task        ] GC(321) Using 24 workers of 68 for evacuation
[2024-08-28T13:04:06.300+0000][info][gc,phases      ] GC(321)   Pre Evacuate Collection Set: 0.1ms
[2024-08-28T13:04:06.300+0000][info][gc,phases      ] GC(321)   Merge Heap Roots: 0.8ms
[2024-08-28T13:04:06.300+0000][info][gc,phases      ] GC(321)   Evacuate Collection Set: 15.4ms
[2024-08-28T13:04:06.300+0000][info][gc,phases      ] GC(321)   Post Evacuate Collection Set: 0.6ms
[2024-08-28T13:04:06.300+0000][info][gc,phases      ] GC(321)   Other: 0.2ms
[2024-08-28T13:04:06.300+0000][info][gc,heap        ] GC(321) Eden regions: 44->0(44)
[2024-08-28T13:04:06.300+0000][info][gc,heap        ] GC(321) Survivor regions: 7->7(7)
[2024-08-28T13:04:06.300+0000][info][gc,heap        ] GC(321) Old regions: 810->858
[2024-08-28T13:04:06.300+0000][info][gc,heap        ] GC(321) Archive regions: 2->2
[2024-08-28T13:04:06.300+0000][info][gc,heap        ] GC(321) Humongous regions: 5->5
[2024-08-28T13:04:06.300+0000][info][gc,metaspace   ] GC(321) Metaspace: 100K(320K)->100K(320K) NonClass: 96K(192K)->96K(192K) Class: 4K(128K)->4K(128K)
[2024-08-28T13:04:06.300+0000][info][gc             ] GC(321) Pause Young (Normal) (G1 Evacuation Pause) 855M->858M(1024M) 17.256ms
[2024-08-28T13:04:06.300+0000][info][gc,cpu         ] GC(321) User=0.39s Sys=0.00s Real=0.02s
[2024-08-28T13:04:06.326+0000][info][gc,start       ] GC(322) Pause Young (Normal) (G1 Evacuation Pause)
[2024-08-28T13:04:06.326+0000][info][gc,task        ] GC(322) Using 24 workers of 68 for evacuation
[2024-08-28T13:04:06.342+0000][info][gc,phases      ] GC(322)   Pre Evacuate Collection Set: 0.1ms
[2024-08-28T13:04:06.342+0000][info][gc,phases      ] GC(322)   Merge Heap Roots: 0.9ms
[2024-08-28T13:04:06.342+0000][info][gc,phases      ] GC(322)   Evacuate Collection Set: 14.1ms
[2024-08-28T13:04:06.342+0000][info][gc,phases      ] GC(322)   Post Evacuate Collection Set: 0.7ms
[2024-08-28T13:04:06.342+0000][info][gc,phases      ] GC(322)   Other: 0.2ms
[2024-08-28T13:04:06.342+0000][info][gc,heap        ] GC(322) Eden regions: 44->0(44)
[2024-08-28T13:04:06.342+0000][info][gc,heap        ] GC(322) Survivor regions: 7->7(7)
[2024-08-28T13:04:06.342+0000][info][gc,heap        ] GC(322) Old regions: 858->904
[2024-08-28T13:04:06.342+0000][info][gc,heap        ] GC(322) Archive regions: 2->2
[2024-08-28T13:04:06.342+0000][info][gc,heap        ] GC(322) Humongous regions: 5->5
[2024-08-28T13:04:06.342+0000][info][gc,metaspace   ] GC(322) Metaspace: 100K(320K)->100K(320K) NonClass: 96K(192K)->96K(192K) Class: 4K(128K)->4K(128K)
[2024-08-28T13:04:06.342+0000][info][gc             ] GC(322) Pause Young (Normal) (G1 Evacuation Pause) 902M->904M(1024M) 16.052ms
[2024-08-28T13:04:06.342+0000][info][gc,cpu         ] GC(322) User=0.37s Sys=0.00s Real=0.02s
[2024-08-28T13:04:06.362+0000][info][gc,marking     ] GC(319) Concurrent Rebuild Remembered Sets 125.636ms
[2024-08-28T13:04:06.362+0000][info][gc,start       ] GC(319) Pause Cleanup
[2024-08-28T13:04:06.363+0000][info][gc             ] GC(319) Pause Cleanup 930M->930M(1024M) 0.983ms
[2024-08-28T13:04:06.363+0000][info][gc,cpu         ] GC(319) User=0.01s Sys=0.00s Real=0.00s
[2024-08-28T13:04:06.363+0000][info][gc,marking     ] GC(319) Concurrent Cleanup for Next Mark
[2024-08-28T13:04:06.364+0000][info][gc,marking     ] GC(319) Concurrent Cleanup for Next Mark 0.843ms
[2024-08-28T13:04:06.364+0000][info][gc             ] GC(319) Concurrent Mark Cycle 157.810ms
[2024-08-28T13:04:06.377+0000][info][gc,start       ] GC(323) Pause Young (Prepare Mixed) (G1 Evacuation Pause)
[2024-08-28T13:04:06.377+0000][info][gc,task        ] GC(323) Using 24 workers of 68 for evacuation
[2024-08-28T13:04:06.391+0000][info][gc,phases      ] GC(323)   Pre Evacuate Collection Set: 0.1ms
[2024-08-28T13:04:06.391+0000][info][gc,phases      ] GC(323)   Merge Heap Roots: 0.5ms
[2024-08-28T13:04:06.391+0000][info][gc,phases      ] GC(323)   Evacuate Collection Set: 13.3ms
[2024-08-28T13:04:06.391+0000][info][gc,phases      ] GC(323)   Post Evacuate Collection Set: 0.3ms
[2024-08-28T13:04:06.391+0000][info][gc,phases      ] GC(323)   Other: 0.1ms
[2024-08-28T13:04:06.391+0000][info][gc,heap        ] GC(323) Eden regions: 44->0(44)
[2024-08-28T13:04:06.391+0000][info][gc,heap        ] GC(323) Survivor regions: 7->7(7)
[2024-08-28T13:04:06.391+0000][info][gc,heap        ] GC(323) Old regions: 904->950
[2024-08-28T13:04:06.391+0000][info][gc,heap        ] GC(323) Archive regions: 2->2
[2024-08-28T13:04:06.391+0000][info][gc,heap        ] GC(323) Humongous regions: 5->5
[2024-08-28T13:04:06.391+0000][info][gc,metaspace   ] GC(323) Metaspace: 100K(320K)->100K(320K) NonClass: 96K(192K)->96K(192K) Class: 4K(128K)->4K(128K)
[2024-08-28T13:04:06.391+0000][info][gc             ] GC(323) Pause Young (Prepare Mixed) (G1 Evacuation Pause) 948M->951M(1024M) 14.530ms
[2024-08-28T13:04:06.391+0000][info][gc,cpu         ] GC(323) User=0.33s Sys=0.00s Real=0.02s
[2024-08-28T13:04:06.405+0000][info][gc,start       ] GC(324) Pause Young (Mixed) (G1 Preventive Collection)
[2024-08-28T13:04:06.405+0000][info][gc,task        ] GC(324) Using 24 workers of 68 for evacuation
[2024-08-28T13:04:06.415+0000][info][gc,phases      ] GC(324)   Pre Evacuate Collection Set: 0.2ms
[2024-08-28T13:04:06.415+0000][info][gc,phases      ] GC(324)   Merge Heap Roots: 0.7ms
[2024-08-28T13:04:06.415+0000][info][gc,phases      ] GC(324)   Evacuate Collection Set: 8.5ms
[2024-08-28T13:04:06.415+0000][info][gc,phases      ] GC(324)   Post Evacuate Collection Set: 0.4ms
[2024-08-28T13:04:06.415+0000][info][gc,phases      ] GC(324)   Other: 0.2ms
[2024-08-28T13:04:06.415+0000][info][gc,heap        ] GC(324) Eden regions: 24->0(44)
[2024-08-28T13:04:06.415+0000][info][gc,heap        ] GC(324) Survivor regions: 7->7(7)
[2024-08-28T13:04:06.415+0000][info][gc,heap        ] GC(324) Old regions: 950->875
[2024-08-28T13:04:06.415+0000][info][gc,heap        ] GC(324) Archive regions: 2->2
[2024-08-28T13:04:06.415+0000][info][gc,heap        ] GC(324) Humongous regions: 5->5
[2024-08-28T13:04:06.415+0000][info][gc,metaspace   ] GC(324) Metaspace: 100K(320K)->100K(320K) NonClass: 96K(192K)->96K(192K) Class: 4K(128K)->4K(128K)
[2024-08-28T13:04:06.415+0000][info][gc             ] GC(324) Pause Young (Mixed) (G1 Preventive Collection) 975M->882M(1024M) 9.935ms
[2024-08-28T13:04:06.415+0000][info][gc,cpu         ] GC(324) User=0.22s Sys=0.00s Real=0.01s
[2024-08-28T13:04:06.440+0000][info][gc,start       ] GC(325) Pause Young (Mixed) (G1 Evacuation Pause)
[2024-08-28T13:04:06.440+0000][info][gc,task        ] GC(325) Using 24 workers of 68 for evacuation
[2024-08-28T13:04:06.452+0000][info][gc,phases      ] GC(325)   Pre Evacuate Collection Set: 0.2ms
[2024-08-28T13:04:06.452+0000][info][gc,phases      ] GC(325)   Merge Heap Roots: 0.5ms
[2024-08-28T13:04:06.452+0000][info][gc,phases      ] GC(325)   Evacuate Collection Set: 11.3ms
[2024-08-28T13:04:06.452+0000][info][gc,phases      ] GC(325)   Post Evacuate Collection Set: 0.4ms
[2024-08-28T13:04:06.452+0000][info][gc,phases      ] GC(325)   Other: 0.2ms
[2024-08-28T13:04:06.452+0000][info][gc,heap        ] GC(325) Eden regions: 44->0(44)
[2024-08-28T13:04:06.452+0000][info][gc,heap        ] GC(325) Survivor regions: 7->7(7)
[2024-08-28T13:04:06.452+0000][info][gc,heap        ] GC(325) Old regions: 875->818
[2024-08-28T13:04:06.452+0000][info][gc,heap        ] GC(325) Archive regions: 2->2
[2024-08-28T13:04:06.452+0000][info][gc,heap        ] GC(325) Humongous regions: 5->5
[2024-08-28T13:04:06.452+0000][info][gc,metaspace   ] GC(325) Metaspace: 100K(320K)->100K(320K) NonClass: 96K(192K)->96K(192K) Class: 4K(128K)->4K(128K)
[2024-08-28T13:04:06.453+0000][info][gc             ] GC(325) Pause Young (Mixed) (G1 Evacuation Pause) 926M->826M(1024M) 12.608ms
[2024-08-28T13:04:06.453+0000][info][gc,cpu         ] GC(325) User=0.28s Sys=0.00s Real=0.01s
[2024-08-28T13:04:06.478+0000][info][gc,start       ] GC(326) Pause Young (Mixed) (G1 Evacuation Pause)
[2024-08-28T13:04:06.478+0000][info][gc,task        ] GC(326) Using 24 workers of 68 for evacuation
[2024-08-28T13:04:06.490+0000][info][gc,phases      ] GC(326)   Pre Evacuate Collection Set: 0.2ms
[2024-08-28T13:04:06.490+0000][info][gc,phases      ] GC(326)   Merge Heap Roots: 0.7ms
[2024-08-28T13:04:06.490+0000][info][gc,phases      ] GC(326)   Evacuate Collection Set: 11.4ms
[2024-08-28T13:04:06.490+0000][info][gc,phases      ] GC(326)   Post Evacuate Collection Set: 0.3ms
[2024-08-28T13:04:06.490+0000][info][gc,phases      ] GC(326)   Other: 0.2ms
[2024-08-28T13:04:06.490+0000][info][gc,heap        ] GC(326) Eden regions: 44->0(44)
[2024-08-28T13:04:06.490+0000][info][gc,heap        ] GC(326) Survivor regions: 7->7(7)
[2024-08-28T13:04:06.490+0000][info][gc,heap        ] GC(326) Old regions: 818->802
[2024-08-28T13:04:06.490+0000][info][gc,heap        ] GC(326) Archive regions: 2->2
[2024-08-28T13:04:06.490+0000][info][gc,heap        ] GC(326) Humongous regions: 5->5
[2024-08-28T13:04:06.490+0000][info][gc,metaspace   ] GC(326) Metaspace: 100K(320K)->100K(320K) NonClass: 96K(192K)->96K(192K) Class: 4K(128K)->4K(128K)
[2024-08-28T13:04:06.490+0000][info][gc             ] GC(326) Pause Young (Mixed) (G1 Evacuation Pause) 870M->813M(1024M) 12.742ms
[2024-08-28T13:04:06.490+0000][info][gc,cpu         ] GC(326) User=0.29s Sys=0.00s Real=0.01s
[2024-08-28T13:04:06.515+0000][info][gc,start       ] GC(327) Pause Young (Concurrent Start) (G1 Evacuation Pause)
[2024-08-28T13:04:06.515+0000][info][gc,task        ] GC(327) Using 24 workers of 68 for evacuation
[2024-08-28T13:04:06.527+0000][info][gc,phases      ] GC(327)   Pre Evacuate Collection Set: 0.1ms
[2024-08-28T13:04:06.527+0000][info][gc,phases      ] GC(327)   Merge Heap Roots: 0.6ms
[2024-08-28T13:04:06.528+0000][info][gc,phases      ] GC(327)   Evacuate Collection Set: 11.0ms
[2024-08-28T13:04:06.528+0000][info][gc,phases      ] GC(327)   Post Evacuate Collection Set: 0.3ms
[2024-08-28T13:04:06.528+0000][info][gc,phases      ] GC(327)   Other: 0.5ms
[2024-08-28T13:04:06.528+0000][info][gc,heap        ] GC(327) Eden regions: 44->0(44)
[2024-08-28T13:04:06.528+0000][info][gc,heap        ] GC(327) Survivor regions: 7->7(7)
[2024-08-28T13:04:06.528+0000][info][gc,heap        ] GC(327) Old regions: 802->848
[2024-08-28T13:04:06.528+0000][info][gc,heap        ] GC(327) Archive regions: 2->2
[2024-08-28T13:04:06.528+0000][info][gc,heap        ] GC(327) Humongous regions: 5->5
[2024-08-28T13:04:06.528+0000][info][gc,metaspace   ] GC(327) Metaspace: 100K(320K)->100K(320K) NonClass: 96K(192K)->96K(192K) Class: 4K(128K)->4K(128K)
[2024-08-28T13:04:06.528+0000][info][gc             ] GC(327) Pause Young (Concurrent Start) (G1 Evacuation Pause) 857M->860M(1024M) 12.643ms
[2024-08-28T13:04:06.528+0000][info][gc,cpu         ] GC(327) User=0.28s Sys=0.00s Real=0.01s
[2024-08-28T13:04:06.528+0000][info][gc             ] GC(328) Concurrent Mark Cycle
[2024-08-28T13:04:06.528+0000][info][gc,marking     ] GC(328) Concurrent Clear Claimed Marks
[2024-08-28T13:04:06.528+0000][info][gc,marking     ] GC(328) Concurrent Clear Claimed Marks 0.009ms
[2024-08-28T13:04:06.528+0000][info][gc,marking     ] GC(328) Concurrent Scan Root Regions
[2024-08-28T13:04:06.529+0000][info][gc,marking     ] GC(328) Concurrent Scan Root Regions 1.724ms
[2024-08-28T13:04:06.529+0000][info][gc,marking     ] GC(328) Concurrent Mark
[2024-08-28T13:04:06.529+0000][info][gc,marking     ] GC(328) Concurrent Mark From Roots
[2024-08-28T13:04:06.529+0000][info][gc,task        ] GC(328) Using 17 workers of 17 for marking
[2024-08-28T13:04:06.558+0000][info][gc,marking     ] GC(328) Concurrent Mark From Roots 28.701ms
[2024-08-28T13:04:06.558+0000][info][gc,marking     ] GC(328) Concurrent Preclean
[2024-08-28T13:04:06.559+0000][info][gc,marking     ] GC(328) Concurrent Preclean 0.621ms
[2024-08-28T13:04:06.559+0000][info][gc,start       ] GC(328) Pause Remark
[2024-08-28T13:04:06.560+0000][info][gc             ] GC(328) Pause Remark 896M->896M(1024M) 1.243ms
[2024-08-28T13:04:06.560+0000][info][gc,cpu         ] GC(328) User=0.01s Sys=0.00s Real=0.00s
[2024-08-28T13:04:06.560+0000][info][gc,marking     ] GC(328) Concurrent Mark 30.895ms
[2024-08-28T13:04:06.560+0000][info][gc,marking     ] GC(328) Concurrent Rebuild Remembered Sets
[2024-08-28T13:04:06.567+0000][info][gc,start       ] GC(329) Pause Young (Normal) (G1 Evacuation Pause)
[2024-08-28T13:04:06.567+0000][info][gc,task        ] GC(329) Using 24 workers of 68 for evacuation
[2024-08-28T13:04:06.579+0000][info][gc,phases      ] GC(329)   Pre Evacuate Collection Set: 0.2ms
[2024-08-28T13:04:06.579+0000][info][gc,phases      ] GC(329)   Merge Heap Roots: 0.6ms
[2024-08-28T13:04:06.579+0000][info][gc,phases      ] GC(329)   Evacuate Collection Set: 10.6ms
[2024-08-28T13:04:06.579+0000][info][gc,phases      ] GC(329)   Post Evacuate Collection Set: 0.5ms
[2024-08-28T13:04:06.579+0000][info][gc,phases      ] GC(329)   Other: 0.2ms
[2024-08-28T13:04:06.579+0000][info][gc,heap        ] GC(329) Eden regions: 44->0(44)
[2024-08-28T13:04:06.579+0000][info][gc,heap        ] GC(329) Survivor regions: 7->7(7)
[2024-08-28T13:04:06.579+0000][info][gc,heap        ] GC(329) Old regions: 848->895
[2024-08-28T13:04:06.579+0000][info][gc,heap        ] GC(329) Archive regions: 2->2
[2024-08-28T13:04:06.579+0000][info][gc,heap        ] GC(329) Humongous regions: 5->5
[2024-08-28T13:04:06.579+0000][info][gc,metaspace   ] GC(329) Metaspace: 100K(320K)->100K(320K) NonClass: 96K(192K)->96K(192K) Class: 4K(128K)->4K(128K)
[2024-08-28T13:04:06.579+0000][info][gc             ] GC(329) Pause Young (Normal) (G1 Evacuation Pause) 904M->907M(1024M) 12.057ms
[2024-08-28T13:04:06.579+0000][info][gc,cpu         ] GC(329) User=0.27s Sys=0.00s Real=0.02s
[2024-08-28T13:04:06.606+0000][info][gc,start       ] GC(330) Pause Young (Normal) (G1 Evacuation Pause)
[2024-08-28T13:04:06.607+0000][info][gc,task        ] GC(330) Using 24 workers of 68 for evacuation
[2024-08-28T13:04:06.622+0000][info][gc,phases      ] GC(330)   Pre Evacuate Collection Set: 0.1ms
[2024-08-28T13:04:06.622+0000][info][gc,phases      ] GC(330)   Merge Heap Roots: 0.9ms
[2024-08-28T13:04:06.622+0000][info][gc,phases      ] GC(330)   Evacuate Collection Set: 14.2ms
[2024-08-28T13:04:06.622+0000][info][gc,phases      ] GC(330)   Post Evacuate Collection Set: 0.6ms
[2024-08-28T13:04:06.623+0000][info][gc,phases      ] GC(330)   Other: 0.2ms
[2024-08-28T13:04:06.623+0000][info][gc,heap        ] GC(330) Eden regions: 44->0(44)
[2024-08-28T13:04:06.623+0000][info][gc,heap        ] GC(330) Survivor regions: 7->7(7)
[2024-08-28T13:04:06.623+0000][info][gc,heap        ] GC(330) Old regions: 895->941
[2024-08-28T13:04:06.623+0000][info][gc,heap        ] GC(330) Archive regions: 2->2
[2024-08-28T13:04:06.623+0000][info][gc,heap        ] GC(330) Humongous regions: 5->5
[2024-08-28T13:04:06.623+0000][info][gc,metaspace   ] GC(330) Metaspace: 100K(320K)->100K(320K) NonClass: 96K(192K)->96K(192K) Class: 4K(128K)->4K(128K)
[2024-08-28T13:04:06.623+0000][info][gc             ] GC(330) Pause Young (Normal) (G1 Evacuation Pause) 951M->953M(1024M) 16.098ms
[2024-08-28T13:04:06.623+0000][info][gc,cpu         ] GC(330) User=0.37s Sys=0.00s Real=0.02s
[2024-08-28T13:04:06.642+0000][info][gc,start       ] GC(331) Pause Young (Normal) (G1 Preventive Collection)
[2024-08-28T13:04:06.642+0000][info][gc,task        ] GC(331) Using 24 workers of 68 for evacuation
[2024-08-28T13:04:06.655+0000][info][gc,phases      ] GC(331)   Pre Evacuate Collection Set: 0.1ms
[2024-08-28T13:04:06.655+0000][info][gc,phases      ] GC(331)   Merge Heap Roots: 0.9ms
[2024-08-28T13:04:06.655+0000][info][gc,phases      ] GC(331)   Evacuate Collection Set: 11.7ms
[2024-08-28T13:04:06.655+0000][info][gc,phases      ] GC(331)   Post Evacuate Collection Set: 0.6ms
[2024-08-28T13:04:06.655+0000][info][gc,phases      ] GC(331)   Other: 0.2ms
[2024-08-28T13:04:06.655+0000][info][gc,heap        ] GC(331) Eden regions: 29->0(44)
[2024-08-28T13:04:06.655+0000][info][gc,heap        ] GC(331) Survivor regions: 7->7(7)
[2024-08-28T13:04:06.655+0000][info][gc,heap        ] GC(331) Old regions: 941->974
[2024-08-28T13:04:06.655+0000][info][gc,heap        ] GC(331) Archive regions: 2->2
[2024-08-28T13:04:06.655+0000][info][gc,heap        ] GC(331) Humongous regions: 5->5
[2024-08-28T13:04:06.655+0000][info][gc,metaspace   ] GC(331) Metaspace: 100K(320K)->100K(320K) NonClass: 96K(192K)->96K(192K) Class: 4K(128K)->4K(128K)
[2024-08-28T13:04:06.655+0000][info][gc             ] GC(331) Pause Young (Normal) (G1 Preventive Collection) 982M->985M(1024M) 13.494ms
[2024-08-28T13:04:06.655+0000][info][gc,cpu         ] GC(331) User=0.30s Sys=0.00s Real=0.01s
[2024-08-28T13:04:06.664+0000][info][gc,start       ] GC(332) Pause Young (Normal) (G1 Preventive Collection)
[2024-08-28T13:04:06.664+0000][info][gc,task        ] GC(332) Using 24 workers of 68 for evacuation
[2024-08-28T13:04:06.676+0000][info][gc,phases      ] GC(332)   Pre Evacuate Collection Set: 0.1ms
[2024-08-28T13:04:06.676+0000][info][gc,phases      ] GC(332)   Merge Heap Roots: 1.0ms
[2024-08-28T13:04:06.676+0000][info][gc,phases      ] GC(332)   Evacuate Collection Set: 9.7ms
[2024-08-28T13:04:06.676+0000][info][gc,phases      ] GC(332)   Post Evacuate Collection Set: 0.6ms
[2024-08-28T13:04:06.676+0000][info][gc,phases      ] GC(332)   Other: 0.1ms
[2024-08-28T13:04:06.676+0000][info][gc,heap        ] GC(332) Eden regions: 13->0(44)
[2024-08-28T13:04:06.676+0000][info][gc,heap        ] GC(332) Survivor regions: 7->7(7)
[2024-08-28T13:04:06.676+0000][info][gc,heap        ] GC(332) Old regions: 974->990
[2024-08-28T13:04:06.676+0000][info][gc,heap        ] GC(332) Archive regions: 2->2
[2024-08-28T13:04:06.676+0000][info][gc,heap        ] GC(332) Humongous regions: 5->5
[2024-08-28T13:04:06.676+0000][info][gc,metaspace   ] GC(332) Metaspace: 100K(320K)->100K(320K) NonClass: 96K(192K)->96K(192K) Class: 4K(128K)->4K(128K)
[2024-08-28T13:04:06.676+0000][info][gc             ] GC(332) Pause Young (Normal) (G1 Preventive Collection) 998M->1001M(1024M) 11.660ms
[2024-08-28T13:04:06.676+0000][info][gc,cpu         ] GC(332) User=0.27s Sys=0.00s Real=0.01s
[2024-08-28T13:04:06.679+0000][info][gc,start       ] GC(333) Pause Young (Normal) (G1 Preventive Collection)
[2024-08-28T13:04:06.679+0000][info][gc,task        ] GC(333) Using 24 workers of 68 for evacuation
[2024-08-28T13:04:06.688+0000][info][gc,phases      ] GC(333)   Pre Evacuate Collection Set: 0.2ms
[2024-08-28T13:04:06.688+0000][info][gc,phases      ] GC(333)   Merge Heap Roots: 0.9ms
[2024-08-28T13:04:06.688+0000][info][gc,phases      ] GC(333)   Evacuate Collection Set: 7.1ms
[2024-08-28T13:04:06.688+0000][info][gc,phases      ] GC(333)   Post Evacuate Collection Set: 0.5ms
[2024-08-28T13:04:06.688+0000][info][gc,phases      ] GC(333)   Other: 0.1ms
[2024-08-28T13:04:06.688+0000][info][gc,heap        ] GC(333) Eden regions: 5->0(45)
[2024-08-28T13:04:06.688+0000][info][gc,heap        ] GC(333) Survivor regions: 7->6(7)
[2024-08-28T13:04:06.688+0000][info][gc,heap        ] GC(333) Old regions: 990->999
[2024-08-28T13:04:06.688+0000][info][gc,heap        ] GC(333) Archive regions: 2->2
[2024-08-28T13:04:06.688+0000][info][gc,heap        ] GC(333) Humongous regions: 5->5
[2024-08-28T13:04:06.688+0000][info][gc,metaspace   ] GC(333) Metaspace: 100K(320K)->100K(320K) NonClass: 96K(192K)->96K(192K) Class: 4K(128K)->4K(128K)
[2024-08-28T13:04:06.688+0000][info][gc             ] GC(333) Pause Young (Normal) (G1 Preventive Collection) 1006M->1010M(1024M) 8.839ms
[2024-08-28T13:04:06.688+0000][info][gc,cpu         ] GC(333) User=0.19s Sys=0.00s Real=0.00s
[2024-08-28T13:04:06.690+0000][info][gc,start       ] GC(334) Pause Young (Normal) (G1 Preventive Collection)
[2024-08-28T13:04:06.690+0000][info][gc,task        ] GC(334) Using 24 workers of 68 for evacuation
[2024-08-28T13:04:06.697+0000][info][gc,phases      ] GC(334)   Pre Evacuate Collection Set: 0.1ms
[2024-08-28T13:04:06.697+0000][info][gc,phases      ] GC(334)   Merge Heap Roots: 0.5ms
[2024-08-28T13:04:06.697+0000][info][gc,phases      ] GC(334)   Evacuate Collection Set: 5.8ms
[2024-08-28T13:04:06.697+0000][info][gc,phases      ] GC(334)   Post Evacuate Collection Set: 0.5ms
[2024-08-28T13:04:06.697+0000][info][gc,phases      ] GC(334)   Other: 0.1ms
[2024-08-28T13:04:06.697+0000][info][gc,heap        ] GC(334) Eden regions: 2->0(48)
[2024-08-28T13:04:06.697+0000][info][gc,heap        ] GC(334) Survivor regions: 6->3(7)
[2024-08-28T13:04:06.697+0000][info][gc,heap        ] GC(334) Old regions: 999->1005
[2024-08-28T13:04:06.697+0000][info][gc,heap        ] GC(334) Archive regions: 2->2
[2024-08-28T13:04:06.697+0000][info][gc,heap        ] GC(334) Humongous regions: 5->5
[2024-08-28T13:04:06.697+0000][info][gc,metaspace   ] GC(334) Metaspace: 100K(320K)->100K(320K) NonClass: 96K(192K)->96K(192K) Class: 4K(128K)->4K(128K)
[2024-08-28T13:04:06.697+0000][info][gc             ] GC(334) Pause Young (Normal) (G1 Preventive Collection) 1012M->1013M(1024M) 7.104ms
[2024-08-28T13:04:06.697+0000][info][gc,cpu         ] GC(334) User=0.16s Sys=0.00s Real=0.00s
[2024-08-28T13:04:06.698+0000][info][gc,start       ] GC(335) Pause Young (Normal) (G1 Preventive Collection)
[2024-08-28T13:04:06.698+0000][info][gc,task        ] GC(335) Using 24 workers of 68 for evacuation
[2024-08-28T13:04:06.705+0000][info][gc,phases      ] GC(335)   Pre Evacuate Collection Set: 0.1ms
[2024-08-28T13:04:06.705+0000][info][gc,phases      ] GC(335)   Merge Heap Roots: 0.5ms
[2024-08-28T13:04:06.705+0000][info][gc,phases      ] GC(335)   Evacuate Collection Set: 5.2ms
[2024-08-28T13:04:06.705+0000][info][gc,phases      ] GC(335)   Post Evacuate Collection Set: 0.5ms
[2024-08-28T13:04:06.705+0000][info][gc,phases      ] GC(335)   Other: 0.1ms
[2024-08-28T13:04:06.705+0000][info][gc,heap        ] GC(335) Eden regions: 2->0(46)
[2024-08-28T13:04:06.705+0000][info][gc,heap        ] GC(335) Survivor regions: 3->5(7)
[2024-08-28T13:04:06.705+0000][info][gc,heap        ] GC(335) Old regions: 1005->1005
[2024-08-28T13:04:06.705+0000][info][gc,heap        ] GC(335) Archive regions: 2->2
[2024-08-28T13:04:06.705+0000][info][gc,heap        ] GC(335) Humongous regions: 5->5
[2024-08-28T13:04:06.705+0000][info][gc,metaspace   ] GC(335) Metaspace: 100K(320K)->100K(320K) NonClass: 96K(192K)->96K(192K) Class: 4K(128K)->4K(128K)
[2024-08-28T13:04:06.705+0000][info][gc             ] GC(335) Pause Young (Normal) (G1 Preventive Collection) 1015M->1014M(1024M) 6.456ms
[2024-08-28T13:04:06.705+0000][info][gc,cpu         ] GC(335) User=0.14s Sys=0.00s Real=0.00s
[2024-08-28T13:04:06.706+0000][info][gc,start       ] GC(336) Pause Young (Normal) (G1 Preventive Collection)
[2024-08-28T13:04:06.706+0000][info][gc,task        ] GC(336) Using 24 workers of 68 for evacuation
[2024-08-28T13:04:06.712+0000][info][gc,phases      ] GC(336)   Pre Evacuate Collection Set: 0.1ms
[2024-08-28T13:04:06.712+0000][info][gc,phases      ] GC(336)   Merge Heap Roots: 0.6ms
[2024-08-28T13:04:06.712+0000][info][gc,phases      ] GC(336)   Evacuate Collection Set: 5.2ms
[2024-08-28T13:04:06.712+0000][info][gc,phases      ] GC(336)   Post Evacuate Collection Set: 0.5ms
[2024-08-28T13:04:06.712+0000][info][gc,phases      ] GC(336)   Other: 0.1ms
[2024-08-28T13:04:06.712+0000][info][gc,heap        ] GC(336) Eden regions: 1->0(47)
[2024-08-28T13:04:06.712+0000][info][gc,heap        ] GC(336) Survivor regions: 5->4(6)
[2024-08-28T13:04:06.712+0000][info][gc,heap        ] GC(336) Old regions: 1005->1007
[2024-08-28T13:04:06.712+0000][info][gc,heap        ] GC(336) Archive regions: 2->2
[2024-08-28T13:04:06.712+0000][info][gc,heap        ] GC(336) Humongous regions: 5->5
[2024-08-28T13:04:06.712+0000][info][gc,metaspace   ] GC(336) Metaspace: 100K(320K)->100K(320K) NonClass: 96K(192K)->96K(192K) Class: 4K(128K)->4K(128K)
[2024-08-28T13:04:06.712+0000][info][gc             ] GC(336) Pause Young (Normal) (G1 Preventive Collection) 1015M->1015M(1024M) 6.633ms
[2024-08-28T13:04:06.712+0000][info][gc,cpu         ] GC(336) User=0.14s Sys=0.00s Real=0.01s
[2024-08-28T13:04:06.714+0000][info][gc,start       ] GC(337) Pause Young (Normal) (G1 Preventive Collection)
[2024-08-28T13:04:06.714+0000][info][gc,task        ] GC(337) Using 24 workers of 68 for evacuation
[2024-08-28T13:04:06.720+0000][info][gc,phases      ] GC(337)   Pre Evacuate Collection Set: 0.1ms
[2024-08-28T13:04:06.720+0000][info][gc,phases      ] GC(337)   Merge Heap Roots: 0.5ms
[2024-08-28T13:04:06.720+0000][info][gc,phases      ] GC(337)   Evacuate Collection Set: 5.1ms
[2024-08-28T13:04:06.720+0000][info][gc,phases      ] GC(337)   Post Evacuate Collection Set: 0.5ms
[2024-08-28T13:04:06.720+0000][info][gc,phases      ] GC(337)   Other: 0.1ms
[2024-08-28T13:04:06.720+0000][info][gc,heap        ] GC(337) Eden regions: 1->0(46)
[2024-08-28T13:04:06.720+0000][info][gc,heap        ] GC(337) Survivor regions: 4->5(5)
[2024-08-28T13:04:06.720+0000][info][gc,heap        ] GC(337) Old regions: 1007->1007
[2024-08-28T13:04:06.720+0000][info][gc,heap        ] GC(337) Archive regions: 2->2
[2024-08-28T13:04:06.720+0000][info][gc,heap        ] GC(337) Humongous regions: 5->5
[2024-08-28T13:04:06.720+0000][info][gc,metaspace   ] GC(337) Metaspace: 100K(320K)->100K(320K) NonClass: 96K(192K)->96K(192K) Class: 4K(128K)->4K(128K)
[2024-08-28T13:04:06.720+0000][info][gc             ] GC(337) Pause Young (Normal) (G1 Preventive Collection) 1016M->1016M(1024M) 6.441ms
[2024-08-28T13:04:06.720+0000][info][gc,cpu         ] GC(337) User=0.14s Sys=0.00s Real=0.01s
[2024-08-28T13:04:06.721+0000][info][gc,start       ] GC(338) Pause Young (Normal) (G1 Preventive Collection)
[2024-08-28T13:04:06.721+0000][info][gc,task        ] GC(338) Using 24 workers of 68 for evacuation
[2024-08-28T13:04:06.728+0000][info][gc             ] GC(338) To-space exhausted
[2024-08-28T13:04:06.728+0000][info][gc,phases      ] GC(338)   Pre Evacuate Collection Set: 0.1ms
[2024-08-28T13:04:06.728+0000][info][gc,phases      ] GC(338)   Merge Heap Roots: 0.6ms
[2024-08-28T13:04:06.728+0000][info][gc,phases      ] GC(338)   Evacuate Collection Set: 5.3ms
[2024-08-28T13:04:06.728+0000][info][gc,phases      ] GC(338)   Post Evacuate Collection Set: 0.9ms
[2024-08-28T13:04:06.728+0000][info][gc,phases      ] GC(338)   Other: 0.1ms
[2024-08-28T13:04:06.728+0000][info][gc,heap        ] GC(338) Eden regions: 1->0(49)
[2024-08-28T13:04:06.728+0000][info][gc,heap        ] GC(338) Survivor regions: 5->2(4)
[2024-08-28T13:04:06.728+0000][info][gc,heap        ] GC(338) Old regions: 1007->1015
[2024-08-28T13:04:06.728+0000][info][gc,heap        ] GC(338) Archive regions: 2->2
[2024-08-28T13:04:06.728+0000][info][gc,heap        ] GC(338) Humongous regions: 5->5
[2024-08-28T13:04:06.728+0000][info][gc,metaspace   ] GC(338) Metaspace: 100K(320K)->100K(320K) NonClass: 96K(192K)->96K(192K) Class: 4K(128K)->4K(128K)
[2024-08-28T13:04:06.728+0000][info][gc             ] GC(338) Pause Young (Normal) (G1 Preventive Collection) 1017M->1021M(1024M) 7.008ms
[2024-08-28T13:04:06.728+0000][info][gc,cpu         ] GC(338) User=0.14s Sys=0.00s Real=0.00s
[2024-08-28T13:04:06.728+0000][info][gc,ergo        ] Attempting full compaction
[2024-08-28T13:04:06.728+0000][info][gc,task        ] GC(339) Using 24 workers of 68 for full compaction
[2024-08-28T13:04:06.728+0000][info][gc,start       ] GC(339) Pause Full (G1 Compaction Pause)
[2024-08-28T13:04:06.729+0000][info][gc,phases,start] GC(339) Phase 1: Mark live objects
[2024-08-28T13:04:06.744+0000][info][gc,phases      ] GC(339) Phase 1: Mark live objects 14.877ms
[2024-08-28T13:04:06.744+0000][info][gc,phases,start] GC(339) Phase 2: Prepare for compaction
[2024-08-28T13:04:06.753+0000][info][gc,phases      ] GC(339) Phase 2: Prepare for compaction 9.143ms
[2024-08-28T13:04:06.753+0000][info][gc,phases,start] GC(339) Phase 3: Adjust pointers
[2024-08-28T13:04:06.770+0000][info][gc,phases      ] GC(339) Phase 3: Adjust pointers 16.675ms
[2024-08-28T13:04:06.770+0000][info][gc,phases,start] GC(339) Phase 4: Compact heap
[2024-08-28T13:04:06.800+0000][info][gc,phases      ] GC(339) Phase 4: Compact heap 29.593ms
[2024-08-28T13:04:06.801+0000][info][gc,heap        ] GC(339) Eden regions: 0->0(150)
[2024-08-28T13:04:06.801+0000][info][gc,heap        ] GC(339) Survivor regions: 2->0(4)
[2024-08-28T13:04:06.801+0000][info][gc,heap        ] GC(339) Old regions: 1015->443
[2024-08-28T13:04:06.801+0000][info][gc,heap        ] GC(339) Archive regions: 2->2
[2024-08-28T13:04:06.801+0000][info][gc,heap        ] GC(339) Humongous regions: 5->5
[2024-08-28T13:04:06.801+0000][info][gc,metaspace   ] GC(339) Metaspace: 100K(320K)->100K(320K) NonClass: 96K(192K)->96K(192K) Class: 4K(128K)->4K(128K)
[2024-08-28T13:04:06.801+0000][info][gc             ] GC(339) Pause Full (G1 Compaction Pause) 1021M->436M(1024M) 72.591ms
[2024-08-28T13:04:06.801+0000][info][gc,cpu         ] GC(339) User=1.53s Sys=0.02s Real=0.08s
[2024-08-28T13:04:06.801+0000][info][gc,marking     ] GC(328) Concurrent Rebuild Remembered Sets 241.001ms
[2024-08-28T13:04:06.801+0000][info][gc,marking     ] GC(328) Concurrent Mark Abort
[2024-08-28T13:04:06.801+0000][info][gc             ] GC(328) Concurrent Mark Cycle 273.784ms
[2024-08-28T13:04:06.889+0000][info][gc,start       ] GC(340) Pause Young (Normal) (G1 Evacuation Pause)
[2024-08-28T13:04:06.889+0000][info][gc,task        ] GC(340) Using 24 workers of 68 for evacuation
[2024-08-28T13:04:06.950+0000][info][gc,phases      ] GC(340)   Pre Evacuate Collection Set: 0.2ms
[2024-08-28T13:04:06.950+0000][info][gc,phases      ] GC(340)   Merge Heap Roots: 0.4ms
[2024-08-28T13:04:06.950+0000][info][gc,phases      ] GC(340)   Evacuate Collection Set: 60.6ms
[2024-08-28T13:04:06.950+0000][info][gc,phases      ] GC(340)   Post Evacuate Collection Set: 0.3ms
[2024-08-28T13:04:06.950+0000][info][gc,phases      ] GC(340)   Other: 0.2ms
[2024-08-28T13:04:06.950+0000][info][gc,heap        ] GC(340) Eden regions: 150->0(103)
[2024-08-28T13:04:06.950+0000][info][gc,heap        ] GC(340) Survivor regions: 0->19(19)
[2024-08-28T13:04:06.950+0000][info][gc,heap        ] GC(340) Old regions: 443->569
[2024-08-28T13:04:06.950+0000][info][gc,heap        ] GC(340) Archive regions: 2->2
[2024-08-28T13:04:06.950+0000][info][gc,heap        ] GC(340) Humongous regions: 5->5
[2024-08-28T13:04:06.950+0000][info][gc,metaspace   ] GC(340) Metaspace: 100K(320K)->100K(320K) NonClass: 96K(192K)->96K(192K) Class: 4K(128K)->4K(128K)
[2024-08-28T13:04:06.950+0000][info][gc             ] GC(340) Pause Young (Normal) (G1 Evacuation Pause) 586M->581M(1024M) 61.781ms
[2024-08-28T13:04:06.950+0000][info][gc,cpu         ] GC(340) User=0.47s Sys=0.79s Real=0.07s
[2024-08-28T13:04:07.007+0000][info][gc,start       ] GC(341) Pause Young (Concurrent Start) (G1 Evacuation Pause)
[2024-08-28T13:04:07.007+0000][info][gc,task        ] GC(341) Using 24 workers of 68 for evacuation
[2024-08-28T13:04:07.026+0000][info][gc,phases      ] GC(341)   Pre Evacuate Collection Set: 0.2ms
[2024-08-28T13:04:07.027+0000][info][gc,phases      ] GC(341)   Merge Heap Roots: 0.4ms
[2024-08-28T13:04:07.027+0000][info][gc,phases      ] GC(341)   Evacuate Collection Set: 18.0ms
[2024-08-28T13:04:07.027+0000][info][gc,phases      ] GC(341)   Post Evacuate Collection Set: 0.3ms
[2024-08-28T13:04:07.027+0000][info][gc,phases      ] GC(341)   Other: 0.6ms
[2024-08-28T13:04:07.027+0000][info][gc,heap        ] GC(341) Eden regions: 103->0(71)
[2024-08-28T13:04:07.027+0000][info][gc,heap        ] GC(341) Survivor regions: 19->16(16)
[2024-08-28T13:04:07.027+0000][info][gc,heap        ] GC(341) Old regions: 569->673
[2024-08-28T13:04:07.027+0000][info][gc,heap        ] GC(341) Archive regions: 2->2
[2024-08-28T13:04:07.027+0000][info][gc,heap        ] GC(341) Humongous regions: 5->5
[2024-08-28T13:04:07.027+0000][info][gc,metaspace   ] GC(341) Metaspace: 100K(320K)->100K(320K) NonClass: 96K(192K)->96K(192K) Class: 4K(128K)->4K(128K)
[2024-08-28T13:04:07.027+0000][info][gc             ] GC(341) Pause Young (Concurrent Start) (G1 Evacuation Pause) 684M->682M(1024M) 19.557ms
[2024-08-28T13:04:07.027+0000][info][gc,cpu         ] GC(341) User=0.44s Sys=0.00s Real=0.02s
[2024-08-28T13:04:07.027+0000][info][gc             ] GC(342) Concurrent Mark Cycle
[2024-08-28T13:04:07.027+0000][info][gc,marking     ] GC(342) Concurrent Clear Claimed Marks
[2024-08-28T13:04:07.027+0000][info][gc,marking     ] GC(342) Concurrent Clear Claimed Marks 0.010ms
[2024-08-28T13:04:07.027+0000][info][gc,marking     ] GC(342) Concurrent Scan Root Regions
[2024-08-28T13:04:07.031+0000][info][gc,marking     ] GC(342) Concurrent Scan Root Regions 3.814ms
[2024-08-28T13:04:07.031+0000][info][gc,marking     ] GC(342) Concurrent Mark
[2024-08-28T13:04:07.031+0000][info][gc,marking     ] GC(342) Concurrent Mark From Roots
[2024-08-28T13:04:07.031+0000][info][gc,task        ] GC(342) Using 17 workers of 17 for marking
[2024-08-28T13:04:07.054+0000][info][gc,marking     ] GC(342) Concurrent Mark From Roots 23.165ms
[2024-08-28T13:04:07.054+0000][info][gc,marking     ] GC(342) Concurrent Preclean
[2024-08-28T13:04:07.055+0000][info][gc,marking     ] GC(342) Concurrent Preclean 0.701ms
[2024-08-28T13:04:07.055+0000][info][gc,start       ] GC(342) Pause Remark
[2024-08-28T13:04:07.056+0000][info][gc             ] GC(342) Pause Remark 718M->718M(1024M) 1.125ms
[2024-08-28T13:04:07.056+0000][info][gc,cpu         ] GC(342) User=0.01s Sys=0.00s Real=0.00s
[2024-08-28T13:04:07.056+0000][info][gc,marking     ] GC(342) Concurrent Mark 25.387ms
[2024-08-28T13:04:07.056+0000][info][gc,marking     ] GC(342) Concurrent Rebuild Remembered Sets
[2024-08-28T13:04:07.077+0000][info][gc,start       ] GC(343) Pause Young (Normal) (G1 Evacuation Pause)
[2024-08-28T13:04:07.077+0000][info][gc,task        ] GC(343) Using 24 workers of 68 for evacuation
[2024-08-28T13:04:07.094+0000][info][gc,phases      ] GC(343)   Pre Evacuate Collection Set: 0.2ms
[2024-08-28T13:04:07.094+0000][info][gc,phases      ] GC(343)   Merge Heap Roots: 0.4ms
[2024-08-28T13:04:07.094+0000][info][gc,phases      ] GC(343)   Evacuate Collection Set: 15.4ms
[2024-08-28T13:04:07.094+0000][info][gc,phases      ] GC(343)   Post Evacuate Collection Set: 0.6ms
[2024-08-28T13:04:07.094+0000][info][gc,phases      ] GC(343)   Other: 0.2ms
[2024-08-28T13:04:07.094+0000][info][gc,heap        ] GC(343) Eden regions: 71->0(47)
[2024-08-28T13:04:07.094+0000][info][gc,heap        ] GC(343) Survivor regions: 16->11(11)
[2024-08-28T13:04:07.094+0000][info][gc,heap        ] GC(343) Old regions: 673->752
[2024-08-28T13:04:07.094+0000][info][gc,heap        ] GC(343) Archive regions: 2->2
[2024-08-28T13:04:07.094+0000][info][gc,heap        ] GC(343) Humongous regions: 5->5
[2024-08-28T13:04:07.094+0000][info][gc,metaspace   ] GC(343) Metaspace: 100K(320K)->100K(320K) NonClass: 96K(192K)->96K(192K) Class: 4K(128K)->4K(128K)
[2024-08-28T13:04:07.094+0000][info][gc             ] GC(343) Pause Young (Normal) (G1 Evacuation Pause) 753M->756M(1024M) 16.796ms
[2024-08-28T13:04:07.094+0000][info][gc,cpu         ] GC(343) User=0.37s Sys=0.01s Real=0.02s
[2024-08-28T13:04:07.121+0000][info][gc,marking     ] GC(342) Concurrent Rebuild Remembered Sets 65.262ms
[2024-08-28T13:04:07.122+0000][info][gc,start       ] GC(342) Pause Cleanup
[2024-08-28T13:04:07.123+0000][info][gc             ] GC(342) Pause Cleanup 803M->803M(1024M) 1.317ms
[2024-08-28T13:04:07.123+0000][info][gc,cpu         ] GC(342) User=0.00s Sys=0.00s Real=0.00s
[2024-08-28T13:04:07.123+0000][info][gc,marking     ] GC(342) Concurrent Cleanup for Next Mark
[2024-08-28T13:04:07.123+0000][info][gc,start       ] GC(344) Pause Young (Prepare Mixed) (G1 Evacuation Pause)
[2024-08-28T13:04:07.123+0000][info][gc,task        ] GC(344) Using 24 workers of 68 for evacuation
[2024-08-28T13:04:07.143+0000][info][gc,phases      ] GC(344)   Pre Evacuate Collection Set: 0.1ms
[2024-08-28T13:04:07.143+0000][info][gc,phases      ] GC(344)   Merge Heap Roots: 0.4ms
[2024-08-28T13:04:07.143+0000][info][gc,phases      ] GC(344)   Evacuate Collection Set: 18.4ms
[2024-08-28T13:04:07.143+0000][info][gc,phases      ] GC(344)   Post Evacuate Collection Set: 0.3ms
[2024-08-28T13:04:07.143+0000][info][gc,phases      ] GC(344)   Other: 0.1ms
[2024-08-28T13:04:07.143+0000][info][gc,heap        ] GC(344) Eden regions: 47->0(43)
[2024-08-28T13:04:07.143+0000][info][gc,heap        ] GC(344) Survivor regions: 11->8(8)
[2024-08-28T13:04:07.143+0000][info][gc,heap        ] GC(344) Old regions: 752->807
[2024-08-28T13:04:07.143+0000][info][gc,heap        ] GC(344) Archive regions: 2->2
[2024-08-28T13:04:07.143+0000][info][gc,heap        ] GC(344) Humongous regions: 5->5
[2024-08-28T13:04:07.143+0000][info][gc,metaspace   ] GC(344) Metaspace: 100K(320K)->100K(320K) NonClass: 96K(192K)->96K(192K) Class: 4K(128K)->4K(128K)
[2024-08-28T13:04:07.143+0000][info][gc             ] GC(344) Pause Young (Prepare Mixed) (G1 Evacuation Pause) 803M->808M(1024M) 19.543ms
[2024-08-28T13:04:07.143+0000][info][gc,cpu         ] GC(344) User=0.45s Sys=0.00s Real=0.02s
[2024-08-28T13:04:07.144+0000][info][gc,marking     ] GC(342) Concurrent Cleanup for Next Mark 20.459ms
[2024-08-28T13:04:07.144+0000][info][gc             ] GC(342) Concurrent Mark Cycle 116.874ms
[2024-08-28T13:04:07.169+0000][info][gc,start       ] GC(345) Pause Young (Mixed) (G1 Evacuation Pause)
[2024-08-28T13:04:07.169+0000][info][gc,task        ] GC(345) Using 24 workers of 68 for evacuation
[2024-08-28T13:04:07.181+0000][info][gc,phases      ] GC(345)   Pre Evacuate Collection Set: 0.2ms
[2024-08-28T13:04:07.181+0000][info][gc,phases      ] GC(345)   Merge Heap Roots: 0.4ms
[2024-08-28T13:04:07.181+0000][info][gc,phases      ] GC(345)   Evacuate Collection Set: 11.5ms
[2024-08-28T13:04:07.181+0000][info][gc,phases      ] GC(345)   Post Evacuate Collection Set: 0.4ms
[2024-08-28T13:04:07.181+0000][info][gc,phases      ] GC(345)   Other: 0.2ms
[2024-08-28T13:04:07.181+0000][info][gc,heap        ] GC(345) Eden regions: 43->0(44)
[2024-08-28T13:04:07.181+0000][info][gc,heap        ] GC(345) Survivor regions: 8->7(7)
[2024-08-28T13:04:07.181+0000][info][gc,heap        ] GC(345) Old regions: 807->752
[2024-08-28T13:04:07.181+0000][info][gc,heap        ] GC(345) Archive regions: 2->2
[2024-08-28T13:04:07.181+0000][info][gc,heap        ] GC(345) Humongous regions: 5->5
[2024-08-28T13:04:07.181+0000][info][gc,metaspace   ] GC(345) Metaspace: 100K(320K)->100K(320K) NonClass: 96K(192K)->96K(192K) Class: 4K(128K)->4K(128K)
[2024-08-28T13:04:07.181+0000][info][gc             ] GC(345) Pause Young (Mixed) (G1 Evacuation Pause) 851M->756M(1024M) 12.707ms
[2024-08-28T13:04:07.181+0000][info][gc,cpu         ] GC(345) User=0.28s Sys=0.00s Real=0.02s
[2024-08-28T13:04:07.205+0000][info][gc,start       ] GC(346) Pause Young (Mixed) (G1 Evacuation Pause)
[2024-08-28T13:04:07.205+0000][info][gc,task        ] GC(346) Using 24 workers of 68 for evacuation
[2024-08-28T13:04:07.218+0000][info][gc,phases      ] GC(346)   Pre Evacuate Collection Set: 0.2ms
[2024-08-28T13:04:07.218+0000][info][gc,phases      ] GC(346)   Merge Heap Roots: 0.3ms
[2024-08-28T13:04:07.218+0000][info][gc,phases      ] GC(346)   Evacuate Collection Set: 11.6ms
[2024-08-28T13:04:07.218+0000][info][gc,phases      ] GC(346)   Post Evacuate Collection Set: 0.4ms
[2024-08-28T13:04:07.218+0000][info][gc,phases      ] GC(346)   Other: 0.3ms
[2024-08-28T13:04:07.218+0000][info][gc,heap        ] GC(346) Eden regions: 44->0(63)
[2024-08-28T13:04:07.218+0000][info][gc,heap        ] GC(346) Survivor regions: 7->7(7)
[2024-08-28T13:04:07.218+0000][info][gc,heap        ] GC(346) Old regions: 752->706
[2024-08-28T13:04:07.218+0000][info][gc,heap        ] GC(346) Archive regions: 2->2
[2024-08-28T13:04:07.218+0000][info][gc,heap        ] GC(346) Humongous regions: 5->5
[2024-08-28T13:04:07.218+0000][info][gc,metaspace   ] GC(346) Metaspace: 100K(320K)->100K(320K) NonClass: 96K(192K)->96K(192K) Class: 4K(128K)->4K(128K)
[2024-08-28T13:04:07.218+0000][info][gc             ] GC(346) Pause Young (Mixed) (G1 Evacuation Pause) 800M->714M(1024M) 12.849ms
[2024-08-28T13:04:07.218+0000][info][gc,cpu         ] GC(346) User=0.29s Sys=0.00s Real=0.02s
[2024-08-28T13:04:07.251+0000][info][gc,start       ] GC(347) Pause Young (Concurrent Start) (G1 Evacuation Pause)
[2024-08-28T13:04:07.251+0000][info][gc,task        ] GC(347) Using 24 workers of 68 for evacuation
[2024-08-28T13:04:07.265+0000][info][gc,phases      ] GC(347)   Pre Evacuate Collection Set: 0.2ms
[2024-08-28T13:04:07.265+0000][info][gc,phases      ] GC(347)   Merge Heap Roots: 0.2ms
[2024-08-28T13:04:07.265+0000][info][gc,phases      ] GC(347)   Evacuate Collection Set: 12.5ms
[2024-08-28T13:04:07.265+0000][info][gc,phases      ] GC(347)   Post Evacuate Collection Set: 0.3ms
[2024-08-28T13:04:07.265+0000][info][gc,phases      ] GC(347)   Other: 0.6ms
[2024-08-28T13:04:07.265+0000][info][gc,heap        ] GC(347) Eden regions: 63->0(42)
[2024-08-28T13:04:07.265+0000][info][gc,heap        ] GC(347) Survivor regions: 7->9(9)
[2024-08-28T13:04:07.265+0000][info][gc,heap        ] GC(347) Old regions: 706->770
[2024-08-28T13:04:07.265+0000][info][gc,heap        ] GC(347) Archive regions: 2->2
[2024-08-28T13:04:07.265+0000][info][gc,heap        ] GC(347) Humongous regions: 5->5
[2024-08-28T13:04:07.265+0000][info][gc,metaspace   ] GC(347) Metaspace: 100K(320K)->100K(320K) NonClass: 96K(192K)->96K(192K) Class: 4K(128K)->4K(128K)
[2024-08-28T13:04:07.265+0000][info][gc             ] GC(347) Pause Young (Concurrent Start) (G1 Evacuation Pause) 777M->780M(1024M) 13.807ms
[2024-08-28T13:04:07.265+0000][info][gc,cpu         ] GC(347) User=0.30s Sys=0.00s Real=0.01s
[2024-08-28T13:04:07.265+0000][info][gc             ] GC(348) Concurrent Mark Cycle
[2024-08-28T13:04:07.265+0000][info][gc,marking     ] GC(348) Concurrent Clear Claimed Marks
[2024-08-28T13:04:07.265+0000][info][gc,marking     ] GC(348) Concurrent Clear Claimed Marks 0.011ms
[2024-08-28T13:04:07.265+0000][info][gc,marking     ] GC(348) Concurrent Scan Root Regions
[2024-08-28T13:04:07.267+0000][info][gc,marking     ] GC(348) Concurrent Scan Root Regions 2.420ms
[2024-08-28T13:04:07.267+0000][info][gc,marking     ] GC(348) Concurrent Mark
[2024-08-28T13:04:07.267+0000][info][gc,marking     ] GC(348) Concurrent Mark From Roots
[2024-08-28T13:04:07.267+0000][info][gc,task        ] GC(348) Using 17 workers of 17 for marking
[2024-08-28T13:04:07.293+0000][info][gc,marking     ] GC(348) Concurrent Mark From Roots 26.245ms
[2024-08-28T13:04:07.294+0000][info][gc,marking     ] GC(348) Concurrent Preclean
[2024-08-28T13:04:07.295+0000][info][gc,marking     ] GC(348) Concurrent Preclean 0.999ms
[2024-08-28T13:04:07.295+0000][info][gc,start       ] GC(348) Pause Remark
[2024-08-28T13:04:07.296+0000][info][gc             ] GC(348) Pause Remark 820M->820M(1024M) 1.488ms
[2024-08-28T13:04:07.296+0000][info][gc,cpu         ] GC(348) User=0.01s Sys=0.01s Real=0.00s
[2024-08-28T13:04:07.297+0000][info][gc,marking     ] GC(348) Concurrent Mark 29.272ms
[2024-08-28T13:04:07.297+0000][info][gc,marking     ] GC(348) Concurrent Rebuild Remembered Sets
[2024-08-28T13:04:07.298+0000][info][gc,start       ] GC(349) Pause Young (Normal) (G1 Evacuation Pause)
[2024-08-28T13:04:07.298+0000][info][gc,task        ] GC(349) Using 24 workers of 68 for evacuation
[2024-08-28T13:04:07.309+0000][info][gc,phases      ] GC(349)   Pre Evacuate Collection Set: 0.2ms
[2024-08-28T13:04:07.309+0000][info][gc,phases      ] GC(349)   Merge Heap Roots: 0.4ms
[2024-08-28T13:04:07.309+0000][info][gc,phases      ] GC(349)   Evacuate Collection Set: 9.6ms
[2024-08-28T13:04:07.309+0000][info][gc,phases      ] GC(349)   Post Evacuate Collection Set: 0.4ms
[2024-08-28T13:04:07.309+0000][info][gc,phases      ] GC(349)   Other: 0.2ms
[2024-08-28T13:04:07.309+0000][info][gc,heap        ] GC(349) Eden regions: 42->0(44)
[2024-08-28T13:04:07.309+0000][info][gc,heap        ] GC(349) Survivor regions: 9->7(7)
[2024-08-28T13:04:07.309+0000][info][gc,heap        ] GC(349) Old regions: 770->818
[2024-08-28T13:04:07.309+0000][info][gc,heap        ] GC(349) Archive regions: 2->2
[2024-08-28T13:04:07.309+0000][info][gc,heap        ] GC(349) Humongous regions: 5->5
[2024-08-28T13:04:07.309+0000][info][gc,metaspace   ] GC(349) Metaspace: 100K(320K)->100K(320K) NonClass: 96K(192K)->96K(192K) Class: 4K(128K)->4K(128K)
[2024-08-28T13:04:07.309+0000][info][gc             ] GC(349) Pause Young (Normal) (G1 Evacuation Pause) 822M->826M(1024M) 10.725ms
[2024-08-28T13:04:07.309+0000][info][gc,cpu         ] GC(349) User=0.24s Sys=0.00s Real=0.00s
[2024-08-28T13:04:07.334+0000][info][gc,start       ] GC(350) Pause Young (Normal) (G1 Evacuation Pause)
[2024-08-28T13:04:07.334+0000][info][gc,task        ] GC(350) Using 24 workers of 68 for evacuation
[2024-08-28T13:04:07.350+0000][info][gc,phases      ] GC(350)   Pre Evacuate Collection Set: 0.2ms
[2024-08-28T13:04:07.350+0000][info][gc,phases      ] GC(350)   Merge Heap Roots: 0.3ms
[2024-08-28T13:04:07.350+0000][info][gc,phases      ] GC(350)   Evacuate Collection Set: 14.0ms
[2024-08-28T13:04:07.350+0000][info][gc,phases      ] GC(350)   Post Evacuate Collection Set: 0.5ms
[2024-08-28T13:04:07.350+0000][info][gc,phases      ] GC(350)   Other: 0.3ms
[2024-08-28T13:04:07.350+0000][info][gc,heap        ] GC(350) Eden regions: 44->0(44)
[2024-08-28T13:04:07.350+0000][info][gc,heap        ] GC(350) Survivor regions: 7->7(7)
[2024-08-28T13:04:07.350+0000][info][gc,heap        ] GC(350) Old regions: 818->865
[2024-08-28T13:04:07.350+0000][info][gc,heap        ] GC(350) Archive regions: 2->2
[2024-08-28T13:04:07.350+0000][info][gc,heap        ] GC(350) Humongous regions: 5->5
[2024-08-28T13:04:07.350+0000][info][gc,metaspace   ] GC(350) Metaspace: 100K(320K)->100K(320K) NonClass: 96K(192K)->96K(192K) Class: 4K(128K)->4K(128K)
[2024-08-28T13:04:07.350+0000][info][gc             ] GC(350) Pause Young (Normal) (G1 Evacuation Pause) 870M->873M(1024M) 15.294ms
[2024-08-28T13:04:07.350+0000][info][gc,cpu         ] GC(350) User=0.34s Sys=0.00s Real=0.02s
[2024-08-28T13:04:07.376+0000][info][gc,start       ] GC(351) Pause Young (Normal) (G1 Evacuation Pause)
[2024-08-28T13:04:07.376+0000][info][gc,task        ] GC(351) Using 24 workers of 68 for evacuation
[2024-08-28T13:04:07.393+0000][info][gc,phases      ] GC(351)   Pre Evacuate Collection Set: 0.2ms
[2024-08-28T13:04:07.393+0000][info][gc,phases      ] GC(351)   Merge Heap Roots: 0.5ms
[2024-08-28T13:04:07.393+0000][info][gc,phases      ] GC(351)   Evacuate Collection Set: 15.2ms
[2024-08-28T13:04:07.393+0000][info][gc,phases      ] GC(351)   Post Evacuate Collection Set: 0.6ms
[2024-08-28T13:04:07.393+0000][info][gc,phases      ] GC(351)   Other: 0.3ms
[2024-08-28T13:04:07.393+0000][info][gc,heap        ] GC(351) Eden regions: 44->0(44)
[2024-08-28T13:04:07.393+0000][info][gc,heap        ] GC(351) Survivor regions: 7->7(7)
[2024-08-28T13:04:07.393+0000][info][gc,heap        ] GC(351) Old regions: 865->912
[2024-08-28T13:04:07.393+0000][info][gc,heap        ] GC(351) Archive regions: 2->2
[2024-08-28T13:04:07.393+0000][info][gc,heap        ] GC(351) Humongous regions: 5->5
[2024-08-28T13:04:07.393+0000][info][gc,metaspace   ] GC(351) Metaspace: 100K(320K)->100K(320K) NonClass: 96K(192K)->96K(192K) Class: 4K(128K)->4K(128K)
[2024-08-28T13:04:07.393+0000][info][gc             ] GC(351) Pause Young (Normal) (G1 Evacuation Pause) 917M->920M(1024M) 16.831ms
[2024-08-28T13:04:07.393+0000][info][gc,cpu         ] GC(351) User=0.38s Sys=0.00s Real=0.02s
[2024-08-28T13:04:07.395+0000][info][gc,marking     ] GC(348) Concurrent Rebuild Remembered Sets 98.874ms
[2024-08-28T13:04:07.396+0000][info][gc,start       ] GC(348) Pause Cleanup
[2024-08-28T13:04:07.397+0000][info][gc             ] GC(348) Pause Cleanup 924M->924M(1024M) 1.497ms
[2024-08-28T13:04:07.397+0000][info][gc,cpu         ] GC(348) User=0.00s Sys=0.00s Real=0.00s
[2024-08-28T13:04:07.397+0000][info][gc,marking     ] GC(348) Concurrent Cleanup for Next Mark
[2024-08-28T13:04:07.398+0000][info][gc,marking     ] GC(348) Concurrent Cleanup for Next Mark 0.878ms
[2024-08-28T13:04:07.398+0000][info][gc             ] GC(348) Concurrent Mark Cycle 133.411ms
[2024-08-28T13:04:07.422+0000][info][gc,start       ] GC(352) Pause Young (Prepare Mixed) (G1 Preventive Collection)
[2024-08-28T13:04:07.422+0000][info][gc,task        ] GC(352) Using 24 workers of 68 for evacuation
[2024-08-28T13:04:07.435+0000][info][gc,phases      ] GC(352)   Pre Evacuate Collection Set: 0.2ms
[2024-08-28T13:04:07.435+0000][info][gc,phases      ] GC(352)   Merge Heap Roots: 0.5ms
[2024-08-28T13:04:07.435+0000][info][gc,phases      ] GC(352)   Evacuate Collection Set: 12.3ms
[2024-08-28T13:04:07.435+0000][info][gc,phases      ] GC(352)   Post Evacuate Collection Set: 0.3ms
[2024-08-28T13:04:07.435+0000][info][gc,phases      ] GC(352)   Other: 0.2ms
[2024-08-28T13:04:07.435+0000][info][gc,heap        ] GC(352) Eden regions: 43->0(44)
[2024-08-28T13:04:07.435+0000][info][gc,heap        ] GC(352) Survivor regions: 7->7(7)
[2024-08-28T13:04:07.435+0000][info][gc,heap        ] GC(352) Old regions: 912->957
[2024-08-28T13:04:07.435+0000][info][gc,heap        ] GC(352) Archive regions: 2->2
[2024-08-28T13:04:07.435+0000][info][gc,heap        ] GC(352) Humongous regions: 5->5
[2024-08-28T13:04:07.435+0000][info][gc,metaspace   ] GC(352) Metaspace: 100K(320K)->100K(320K) NonClass: 96K(192K)->96K(192K) Class: 4K(128K)->4K(128K)
[2024-08-28T13:04:07.435+0000][info][gc             ] GC(352) Pause Young (Prepare Mixed) (G1 Preventive Collection) 963M->965M(1024M) 13.604ms
[2024-08-28T13:04:07.435+0000][info][gc,cpu         ] GC(352) User=0.31s Sys=0.00s Real=0.01s
[2024-08-28T13:04:07.447+0000][info][gc,start       ] GC(353) Pause Young (Mixed) (G1 Preventive Collection)
[2024-08-28T13:04:07.447+0000][info][gc,task        ] GC(353) Using 24 workers of 68 for evacuation
[2024-08-28T13:04:07.455+0000][info][gc,phases      ] GC(353)   Pre Evacuate Collection Set: 0.2ms
[2024-08-28T13:04:07.455+0000][info][gc,phases      ] GC(353)   Merge Heap Roots: 0.2ms
[2024-08-28T13:04:07.456+0000][info][gc,phases      ] GC(353)   Evacuate Collection Set: 7.3ms
[2024-08-28T13:04:07.456+0000][info][gc,phases      ] GC(353)   Post Evacuate Collection Set: 0.4ms
[2024-08-28T13:04:07.456+0000][info][gc,phases      ] GC(353)   Other: 0.2ms
[2024-08-28T13:04:07.456+0000][info][gc,heap        ] GC(353) Eden regions: 21->0(44)
[2024-08-28T13:04:07.456+0000][info][gc,heap        ] GC(353) Survivor regions: 7->7(7)
[2024-08-28T13:04:07.456+0000][info][gc,heap        ] GC(353) Old regions: 957->878
[2024-08-28T13:04:07.456+0000][info][gc,heap        ] GC(353) Archive regions: 2->2
[2024-08-28T13:04:07.456+0000][info][gc,heap        ] GC(353) Humongous regions: 5->5
[2024-08-28T13:04:07.456+0000][info][gc,metaspace   ] GC(353) Metaspace: 100K(320K)->100K(320K) NonClass: 96K(192K)->96K(192K) Class: 4K(128K)->4K(128K)
[2024-08-28T13:04:07.456+0000][info][gc             ] GC(353) Pause Young (Mixed) (G1 Preventive Collection) 986M->890M(1024M) 8.364ms
[2024-08-28T13:04:07.456+0000][info][gc,cpu         ] GC(353) User=0.19s Sys=0.00s Real=0.01s
[2024-08-28T13:04:07.478+0000][info][gc,start       ] GC(354) Pause Young (Mixed) (G1 Evacuation Pause)
[2024-08-28T13:04:07.478+0000][info][gc,task        ] GC(354) Using 24 workers of 68 for evacuation
[2024-08-28T13:04:07.490+0000][info][gc,phases      ] GC(354)   Pre Evacuate Collection Set: 0.2ms
[2024-08-28T13:04:07.490+0000][info][gc,phases      ] GC(354)   Merge Heap Roots: 0.4ms
[2024-08-28T13:04:07.490+0000][info][gc,phases      ] GC(354)   Evacuate Collection Set: 10.6ms
[2024-08-28T13:04:07.490+0000][info][gc,phases      ] GC(354)   Post Evacuate Collection Set: 0.5ms
[2024-08-28T13:04:07.490+0000][info][gc,phases      ] GC(354)   Other: 0.2ms
[2024-08-28T13:04:07.490+0000][info][gc,heap        ] GC(354) Eden regions: 44->0(44)
[2024-08-28T13:04:07.490+0000][info][gc,heap        ] GC(354) Survivor regions: 7->7(7)
[2024-08-28T13:04:07.490+0000][info][gc,heap        ] GC(354) Old regions: 878->821
[2024-08-28T13:04:07.490+0000][info][gc,heap        ] GC(354) Archive regions: 2->2
[2024-08-28T13:04:07.490+0000][info][gc,heap        ] GC(354) Humongous regions: 5->5
[2024-08-28T13:04:07.490+0000][info][gc,metaspace   ] GC(354) Metaspace: 100K(320K)->100K(320K) NonClass: 96K(192K)->96K(192K) Class: 4K(128K)->4K(128K)
[2024-08-28T13:04:07.490+0000][info][gc             ] GC(354) Pause Young (Mixed) (G1 Evacuation Pause) 934M->833M(1024M) 12.088ms
[2024-08-28T13:04:07.490+0000][info][gc,cpu         ] GC(354) User=0.26s Sys=0.00s Real=0.01s
[2024-08-28T13:04:07.512+0000][info][gc,start       ] GC(355) Pause Young (Mixed) (G1 Evacuation Pause)
[2024-08-28T13:04:07.512+0000][info][gc,task        ] GC(355) Using 24 workers of 68 for evacuation
[2024-08-28T13:04:07.527+0000][info][gc,phases      ] GC(355)   Pre Evacuate Collection Set: 0.2ms
[2024-08-28T13:04:07.527+0000][info][gc,phases      ] GC(355)   Merge Heap Roots: 0.4ms
[2024-08-28T13:04:07.527+0000][info][gc,phases      ] GC(355)   Evacuate Collection Set: 14.0ms
[2024-08-28T13:04:07.527+0000][info][gc,phases      ] GC(355)   Post Evacuate Collection Set: 0.4ms
[2024-08-28T13:04:07.527+0000][info][gc,phases      ] GC(355)   Other: 0.3ms
[2024-08-28T13:04:07.527+0000][info][gc,heap        ] GC(355) Eden regions: 44->0(44)
[2024-08-28T13:04:07.527+0000][info][gc,heap        ] GC(355) Survivor regions: 7->7(7)
[2024-08-28T13:04:07.527+0000][info][gc,heap        ] GC(355) Old regions: 821->791
[2024-08-28T13:04:07.527+0000][info][gc,heap        ] GC(355) Archive regions: 2->2
[2024-08-28T13:04:07.527+0000][info][gc,heap        ] GC(355) Humongous regions: 5->5
[2024-08-28T13:04:07.527+0000][info][gc,metaspace   ] GC(355) Metaspace: 100K(320K)->100K(320K) NonClass: 96K(192K)->96K(192K) Class: 4K(128K)->4K(128K)
[2024-08-28T13:04:07.527+0000][info][gc             ] GC(355) Pause Young (Mixed) (G1 Evacuation Pause) 877M->803M(1024M) 15.307ms
[2024-08-28T13:04:07.527+0000][info][gc,cpu         ] GC(355) User=0.35s Sys=0.00s Real=0.01s
[2024-08-28T13:04:07.550+0000][info][gc,start       ] GC(356) Pause Young (Concurrent Start) (G1 Evacuation Pause)
[2024-08-28T13:04:07.550+0000][info][gc,task        ] GC(356) Using 24 workers of 68 for evacuation
[2024-08-28T13:04:07.563+0000][info][gc,phases      ] GC(356)   Pre Evacuate Collection Set: 0.2ms
[2024-08-28T13:04:07.563+0000][info][gc,phases      ] GC(356)   Merge Heap Roots: 0.4ms
[2024-08-28T13:04:07.563+0000][info][gc,phases      ] GC(356)   Evacuate Collection Set: 10.8ms
[2024-08-28T13:04:07.563+0000][info][gc,phases      ] GC(356)   Post Evacuate Collection Set: 0.3ms
[2024-08-28T13:04:07.563+0000][info][gc,phases      ] GC(356)   Other: 0.6ms
[2024-08-28T13:04:07.563+0000][info][gc,heap        ] GC(356) Eden regions: 44->0(44)
[2024-08-28T13:04:07.563+0000][info][gc,heap        ] GC(356) Survivor regions: 7->7(7)
[2024-08-28T13:04:07.563+0000][info][gc,heap        ] GC(356) Old regions: 791->838
[2024-08-28T13:04:07.563+0000][info][gc,heap        ] GC(356) Archive regions: 2->2
[2024-08-28T13:04:07.563+0000][info][gc,heap        ] GC(356) Humongous regions: 5->5
[2024-08-28T13:04:07.563+0000][info][gc,metaspace   ] GC(356) Metaspace: 100K(320K)->100K(320K) NonClass: 96K(192K)->96K(192K) Class: 4K(128K)->4K(128K)
[2024-08-28T13:04:07.563+0000][info][gc             ] GC(356) Pause Young (Concurrent Start) (G1 Evacuation Pause) 847M->850M(1024M) 12.569ms
[2024-08-28T13:04:07.563+0000][info][gc,cpu         ] GC(356) User=0.25s Sys=0.00s Real=0.01s
[2024-08-28T13:04:07.563+0000][info][gc             ] GC(357) Concurrent Mark Cycle
[2024-08-28T13:04:07.563+0000][info][gc,marking     ] GC(357) Concurrent Clear Claimed Marks
[2024-08-28T13:04:07.563+0000][info][gc,marking     ] GC(357) Concurrent Clear Claimed Marks 0.009ms
[2024-08-28T13:04:07.563+0000][info][gc,marking     ] GC(357) Concurrent Scan Root Regions
[2024-08-28T13:04:07.565+0000][info][gc,marking     ] GC(357) Concurrent Scan Root Regions 1.872ms
[2024-08-28T13:04:07.565+0000][info][gc,marking     ] GC(357) Concurrent Mark
[2024-08-28T13:04:07.565+0000][info][gc,marking     ] GC(357) Concurrent Mark From Roots
[2024-08-28T13:04:07.565+0000][info][gc,task        ] GC(357) Using 17 workers of 17 for marking
[2024-08-28T13:04:07.593+0000][info][gc,marking     ] GC(357) Concurrent Mark From Roots 28.363ms
[2024-08-28T13:04:07.593+0000][info][gc,marking     ] GC(357) Concurrent Preclean
[2024-08-28T13:04:07.594+0000][info][gc,marking     ] GC(357) Concurrent Preclean 0.590ms
[2024-08-28T13:04:07.594+0000][info][gc,start       ] GC(357) Pause Remark
[2024-08-28T13:04:07.596+0000][info][gc             ] GC(357) Pause Remark 888M->888M(1024M) 1.310ms
[2024-08-28T13:04:07.596+0000][info][gc,cpu         ] GC(357) User=0.01s Sys=0.00s Real=0.00s
[2024-08-28T13:04:07.596+0000][info][gc,marking     ] GC(357) Concurrent Mark 30.610ms
[2024-08-28T13:04:07.596+0000][info][gc,marking     ] GC(357) Concurrent Rebuild Remembered Sets
[2024-08-28T13:04:07.600+0000][info][gc,start       ] GC(358) Pause Young (Normal) (G1 Evacuation Pause)
[2024-08-28T13:04:07.600+0000][info][gc,task        ] GC(358) Using 24 workers of 68 for evacuation
[2024-08-28T13:04:07.612+0000][info][gc,phases      ] GC(358)   Pre Evacuate Collection Set: 0.1ms
[2024-08-28T13:04:07.612+0000][info][gc,phases      ] GC(358)   Merge Heap Roots: 0.4ms
[2024-08-28T13:04:07.612+0000][info][gc,phases      ] GC(358)   Evacuate Collection Set: 10.8ms
[2024-08-28T13:04:07.612+0000][info][gc,phases      ] GC(358)   Post Evacuate Collection Set: 0.4ms
[2024-08-28T13:04:07.612+0000][info][gc,phases      ] GC(358)   Other: 0.2ms
[2024-08-28T13:04:07.612+0000][info][gc,heap        ] GC(358) Eden regions: 44->0(44)
[2024-08-28T13:04:07.612+0000][info][gc,heap        ] GC(358) Survivor regions: 7->7(7)
[2024-08-28T13:04:07.612+0000][info][gc,heap        ] GC(358) Old regions: 838->884
[2024-08-28T13:04:07.612+0000][info][gc,heap        ] GC(358) Archive regions: 2->2
[2024-08-28T13:04:07.612+0000][info][gc,heap        ] GC(358) Humongous regions: 5->5
[2024-08-28T13:04:07.612+0000][info][gc,metaspace   ] GC(358) Metaspace: 100K(320K)->100K(320K) NonClass: 96K(192K)->96K(192K) Class: 4K(128K)->4K(128K)
[2024-08-28T13:04:07.612+0000][info][gc             ] GC(358) Pause Young (Normal) (G1 Evacuation Pause) 894M->896M(1024M) 11.983ms
[2024-08-28T13:04:07.612+0000][info][gc,cpu         ] GC(358) User=0.20s Sys=0.08s Real=0.01s
[2024-08-28T13:04:07.639+0000][info][gc,start       ] GC(359) Pause Young (Normal) (G1 Evacuation Pause)
[2024-08-28T13:04:07.639+0000][info][gc,task        ] GC(359) Using 24 workers of 68 for evacuation
[2024-08-28T13:04:07.654+0000][info][gc,phases      ] GC(359)   Pre Evacuate Collection Set: 0.2ms
[2024-08-28T13:04:07.654+0000][info][gc,phases      ] GC(359)   Merge Heap Roots: 0.4ms
[2024-08-28T13:04:07.654+0000][info][gc,phases      ] GC(359)   Evacuate Collection Set: 14.0ms
[2024-08-28T13:04:07.654+0000][info][gc,phases      ] GC(359)   Post Evacuate Collection Set: 0.5ms
[2024-08-28T13:04:07.654+0000][info][gc,phases      ] GC(359)   Other: 0.3ms
[2024-08-28T13:04:07.654+0000][info][gc,heap        ] GC(359) Eden regions: 44->0(44)
[2024-08-28T13:04:07.654+0000][info][gc,heap        ] GC(359) Survivor regions: 7->7(7)
[2024-08-28T13:04:07.654+0000][info][gc,heap        ] GC(359) Old regions: 884->930
[2024-08-28T13:04:07.654+0000][info][gc,heap        ] GC(359) Archive regions: 2->2
[2024-08-28T13:04:07.654+0000][info][gc,heap        ] GC(359) Humongous regions: 5->5
[2024-08-28T13:04:07.654+0000][info][gc,metaspace   ] GC(359) Metaspace: 100K(320K)->100K(320K) NonClass: 96K(192K)->96K(192K) Class: 4K(128K)->4K(128K)
[2024-08-28T13:04:07.654+0000][info][gc             ] GC(359) Pause Young (Normal) (G1 Evacuation Pause) 940M->942M(1024M) 15.324ms
[2024-08-28T13:04:07.654+0000][info][gc,cpu         ] GC(359) User=0.33s Sys=0.03s Real=0.01s
[2024-08-28T13:04:07.676+0000][info][gc,start       ] GC(360) Pause Young (Normal) (G1 Preventive Collection)
[2024-08-28T13:04:07.677+0000][info][gc,task        ] GC(360) Using 24 workers of 68 for evacuation
[2024-08-28T13:04:07.690+0000][info][gc,phases      ] GC(360)   Pre Evacuate Collection Set: 0.1ms
[2024-08-28T13:04:07.690+0000][info][gc,phases      ] GC(360)   Merge Heap Roots: 0.5ms
[2024-08-28T13:04:07.690+0000][info][gc,phases      ] GC(360)   Evacuate Collection Set: 12.1ms
[2024-08-28T13:04:07.690+0000][info][gc,phases      ] GC(360)   Post Evacuate Collection Set: 0.6ms
[2024-08-28T13:04:07.690+0000][info][gc,phases      ] GC(360)   Other: 0.2ms
[2024-08-28T13:04:07.690+0000][info][gc,heap        ] GC(360) Eden regions: 35->0(44)
[2024-08-28T13:04:07.690+0000][info][gc,heap        ] GC(360) Survivor regions: 7->7(7)
[2024-08-28T13:04:07.690+0000][info][gc,heap        ] GC(360) Old regions: 930->967
[2024-08-28T13:04:07.690+0000][info][gc,heap        ] GC(360) Archive regions: 2->2
[2024-08-28T13:04:07.690+0000][info][gc,heap        ] GC(360) Humongous regions: 5->5
[2024-08-28T13:04:07.690+0000][info][gc,metaspace   ] GC(360) Metaspace: 100K(320K)->100K(320K) NonClass: 96K(192K)->96K(192K) Class: 4K(128K)->4K(128K)
[2024-08-28T13:04:07.690+0000][info][gc             ] GC(360) Pause Young (Normal) (G1 Preventive Collection) 977M->979M(1024M) 13.702ms
[2024-08-28T13:04:07.690+0000][info][gc,cpu         ] GC(360) User=0.30s Sys=0.00s Real=0.02s
[2024-08-28T13:04:07.700+0000][info][gc,marking     ] GC(357) Concurrent Rebuild Remembered Sets 104.587ms
[2024-08-28T13:04:07.701+0000][info][gc,start       ] GC(357) Pause Cleanup
[2024-08-28T13:04:07.703+0000][info][gc             ] GC(357) Pause Cleanup 996M->996M(1024M) 2.636ms
[2024-08-28T13:04:07.703+0000][info][gc,cpu         ] GC(357) User=0.01s Sys=0.00s Real=0.00s
[2024-08-28T13:04:07.703+0000][info][gc,marking     ] GC(357) Concurrent Cleanup for Next Mark
[2024-08-28T13:04:07.704+0000][info][gc,start       ] GC(361) Pause Young (Prepare Mixed) (G1 Preventive Collection)
[2024-08-28T13:04:07.704+0000][info][gc,task        ] GC(361) Using 24 workers of 68 for evacuation
[2024-08-28T13:04:07.715+0000][info][gc             ] GC(361) To-space exhausted
[2024-08-28T13:04:07.715+0000][info][gc,phases      ] GC(361)   Pre Evacuate Collection Set: 0.1ms
[2024-08-28T13:04:07.715+0000][info][gc,phases      ] GC(361)   Merge Heap Roots: 0.5ms
[2024-08-28T13:04:07.715+0000][info][gc,phases      ] GC(361)   Evacuate Collection Set: 9.8ms
[2024-08-28T13:04:07.715+0000][info][gc,phases      ] GC(361)   Post Evacuate Collection Set: 0.6ms
[2024-08-28T13:04:07.715+0000][info][gc,phases      ] GC(361)   Other: 0.2ms
[2024-08-28T13:04:07.715+0000][info][gc,heap        ] GC(361) Eden regions: 17->0(44)
[2024-08-28T13:04:07.715+0000][info][gc,heap        ] GC(361) Survivor regions: 7->7(7)
[2024-08-28T13:04:07.715+0000][info][gc,heap        ] GC(361) Old regions: 967->1006
[2024-08-28T13:04:07.715+0000][info][gc,heap        ] GC(361) Archive regions: 2->2
[2024-08-28T13:04:07.715+0000][info][gc,heap        ] GC(361) Humongous regions: 5->5
[2024-08-28T13:04:07.715+0000][info][gc,metaspace   ] GC(361) Metaspace: 100K(320K)->100K(320K) NonClass: 96K(192K)->96K(192K) Class: 4K(128K)->4K(128K)
[2024-08-28T13:04:07.715+0000][info][gc             ] GC(361) Pause Young (Prepare Mixed) (G1 Preventive Collection) 996M->1018M(1024M) 11.461ms
[2024-08-28T13:04:07.715+0000][info][gc,cpu         ] GC(361) User=0.26s Sys=0.00s Real=0.01s
[2024-08-28T13:04:07.716+0000][info][gc,marking     ] GC(357) Concurrent Cleanup for Next Mark 12.549ms
[2024-08-28T13:04:07.716+0000][info][gc             ] GC(357) Concurrent Mark Cycle 152.981ms
[2024-08-28T13:04:07.716+0000][info][gc,start       ] GC(362) Pause Young (Mixed) (G1 Preventive Collection)
[2024-08-28T13:04:07.716+0000][info][gc,task        ] GC(362) Using 24 workers of 68 for evacuation
[2024-08-28T13:04:07.721+0000][info][gc             ] GC(362) To-space exhausted
[2024-08-28T13:04:07.721+0000][info][gc,phases      ] GC(362)   Pre Evacuate Collection Set: 0.2ms
[2024-08-28T13:04:07.721+0000][info][gc,phases      ] GC(362)   Merge Heap Roots: 0.3ms
[2024-08-28T13:04:07.721+0000][info][gc,phases      ] GC(362)   Evacuate Collection Set: 2.7ms
[2024-08-28T13:04:07.721+0000][info][gc,phases      ] GC(362)   Post Evacuate Collection Set: 0.9ms
[2024-08-28T13:04:07.721+0000][info][gc,phases      ] GC(362)   Other: 0.2ms
[2024-08-28T13:04:07.721+0000][info][gc,heap        ] GC(362) Eden regions: 1->0(50)
[2024-08-28T13:04:07.721+0000][info][gc,heap        ] GC(362) Survivor regions: 7->1(3)
[2024-08-28T13:04:07.721+0000][info][gc,heap        ] GC(362) Old regions: 1006->1016
[2024-08-28T13:04:07.721+0000][info][gc,heap        ] GC(362) Archive regions: 2->2
[2024-08-28T13:04:07.721+0000][info][gc,heap        ] GC(362) Humongous regions: 5->5
[2024-08-28T13:04:07.721+0000][info][gc,metaspace   ] GC(362) Metaspace: 100K(320K)->100K(320K) NonClass: 96K(192K)->96K(192K) Class: 4K(128K)->4K(128K)
[2024-08-28T13:04:07.721+0000][info][gc             ] GC(362) Pause Young (Mixed) (G1 Preventive Collection) 1019M->1022M(1024M) 4.360ms
[2024-08-28T13:04:07.721+0000][info][gc,cpu         ] GC(362) User=0.07s Sys=0.00s Real=0.01s
[2024-08-28T13:04:07.721+0000][info][gc,ergo        ] Attempting full compaction
[2024-08-28T13:04:07.721+0000][info][gc,task        ] GC(363) Using 24 workers of 68 for full compaction
[2024-08-28T13:04:07.721+0000][info][gc,start       ] GC(363) Pause Full (G1 Compaction Pause)
[2024-08-28T13:04:07.721+0000][info][gc,phases,start] GC(363) Phase 1: Mark live objects
[2024-08-28T13:04:07.736+0000][info][gc,phases      ] GC(363) Phase 1: Mark live objects 14.900ms
[2024-08-28T13:04:07.736+0000][info][gc,phases,start] GC(363) Phase 2: Prepare for compaction
[2024-08-28T13:04:07.745+0000][info][gc,phases      ] GC(363) Phase 2: Prepare for compaction 8.881ms
[2024-08-28T13:04:07.745+0000][info][gc,phases,start] GC(363) Phase 3: Adjust pointers
[2024-08-28T13:04:07.762+0000][info][gc,phases      ] GC(363) Phase 3: Adjust pointers 17.333ms
[2024-08-28T13:04:07.763+0000][info][gc,phases,start] GC(363) Phase 4: Compact heap
[2024-08-28T13:04:07.793+0000][info][gc,phases      ] GC(363) Phase 4: Compact heap 30.660ms
[2024-08-28T13:04:07.795+0000][info][gc,heap        ] GC(363) Eden regions: 0->0(150)
[2024-08-28T13:04:07.795+0000][info][gc,heap        ] GC(363) Survivor regions: 1->0(3)
[2024-08-28T13:04:07.795+0000][info][gc,heap        ] GC(363) Old regions: 1016->443
[2024-08-28T13:04:07.795+0000][info][gc,heap        ] GC(363) Archive regions: 2->2
[2024-08-28T13:04:07.795+0000][info][gc,heap        ] GC(363) Humongous regions: 5->5
[2024-08-28T13:04:07.795+0000][info][gc,metaspace   ] GC(363) Metaspace: 100K(320K)->100K(320K) NonClass: 96K(192K)->96K(192K) Class: 4K(128K)->4K(128K)
[2024-08-28T13:04:07.795+0000][info][gc             ] GC(363) Pause Full (G1 Compaction Pause) 1022M->436M(1024M) 73.574ms
[2024-08-28T13:04:07.795+0000][info][gc,cpu         ] GC(363) User=1.47s Sys=0.07s Real=0.07s
[2024-08-28T13:04:07.877+0000][info][gc,start       ] GC(364) Pause Young (Normal) (G1 Evacuation Pause)
[2024-08-28T13:04:07.877+0000][info][gc,task        ] GC(364) Using 24 workers of 68 for evacuation
[2024-08-28T13:04:07.900+0000][info][gc,phases      ] GC(364)   Pre Evacuate Collection Set: 0.2ms
[2024-08-28T13:04:07.901+0000][info][gc,phases      ] GC(364)   Merge Heap Roots: 0.4ms
[2024-08-28T13:04:07.901+0000][info][gc,phases      ] GC(364)   Evacuate Collection Set: 22.5ms
[2024-08-28T13:04:07.901+0000][info][gc,phases      ] GC(364)   Post Evacuate Collection Set: 0.4ms
[2024-08-28T13:04:07.901+0000][info][gc,phases      ] GC(364)   Other: 0.3ms
[2024-08-28T13:04:07.901+0000][info][gc,heap        ] GC(364) Eden regions: 150->0(103)
[2024-08-28T13:04:07.901+0000][info][gc,heap        ] GC(364) Survivor regions: 0->19(19)
[2024-08-28T13:04:07.901+0000][info][gc,heap        ] GC(364) Old regions: 443->570
[2024-08-28T13:04:07.901+0000][info][gc,heap        ] GC(364) Archive regions: 2->2
[2024-08-28T13:04:07.901+0000][info][gc,heap        ] GC(364) Humongous regions: 5->5
[2024-08-28T13:04:07.901+0000][info][gc,metaspace   ] GC(364) Metaspace: 100K(320K)->100K(320K) NonClass: 96K(192K)->96K(192K) Class: 4K(128K)->4K(128K)
[2024-08-28T13:04:07.901+0000][info][gc             ] GC(364) Pause Young (Normal) (G1 Evacuation Pause) 586M->581M(1024M) 23.986ms
[2024-08-28T13:04:07.901+0000][info][gc,cpu         ] GC(364) User=0.45s Sys=0.10s Real=0.03s
[2024-08-28T13:04:07.954+0000][info][gc,start       ] GC(365) Pause Young (Normal) (G1 Evacuation Pause)
[2024-08-28T13:04:07.954+0000][info][gc,task        ] GC(365) Using 24 workers of 68 for evacuation
[2024-08-28T13:04:07.974+0000][info][gc,phases      ] GC(365)   Pre Evacuate Collection Set: 0.2ms
[2024-08-28T13:04:07.974+0000][info][gc,phases      ] GC(365)   Merge Heap Roots: 0.4ms
[2024-08-28T13:04:07.974+0000][info][gc,phases      ] GC(365)   Evacuate Collection Set: 19.1ms
[2024-08-28T13:04:07.974+0000][info][gc,phases      ] GC(365)   Post Evacuate Collection Set: 0.4ms
[2024-08-28T13:04:07.974+0000][info][gc,phases      ] GC(365)   Other: 0.3ms
[2024-08-28T13:04:07.974+0000][info][gc,heap        ] GC(365) Eden regions: 103->0(70)
[2024-08-28T13:04:07.974+0000][info][gc,heap        ] GC(365) Survivor regions: 19->16(16)
[2024-08-28T13:04:07.974+0000][info][gc,heap        ] GC(365) Old regions: 570->677
[2024-08-28T13:04:07.974+0000][info][gc,heap        ] GC(365) Archive regions: 2->2
[2024-08-28T13:04:07.974+0000][info][gc,heap        ] GC(365) Humongous regions: 5->5
[2024-08-28T13:04:07.974+0000][info][gc,metaspace   ] GC(365) Metaspace: 100K(320K)->100K(320K) NonClass: 96K(192K)->96K(192K) Class: 4K(128K)->4K(128K)
[2024-08-28T13:04:07.974+0000][info][gc             ] GC(365) Pause Young (Normal) (G1 Evacuation Pause) 684M->685M(1024M) 20.539ms
[2024-08-28T13:04:07.974+0000][info][gc,cpu         ] GC(365) User=0.46s Sys=0.00s Real=0.02s
[2024-08-28T13:04:08.013+0000][info][gc,start       ] GC(366) Pause Young (Concurrent Start) (G1 Evacuation Pause)
[2024-08-28T13:04:08.013+0000][info][gc,task        ] GC(366) Using 24 workers of 68 for evacuation
[2024-08-28T13:04:08.031+0000][info][gc,phases      ] GC(366)   Pre Evacuate Collection Set: 0.2ms
[2024-08-28T13:04:08.031+0000][info][gc,phases      ] GC(366)   Merge Heap Roots: 0.4ms
[2024-08-28T13:04:08.031+0000][info][gc,phases      ] GC(366)   Evacuate Collection Set: 16.3ms
[2024-08-28T13:04:08.031+0000][info][gc,phases      ] GC(366)   Post Evacuate Collection Set: 0.4ms
[2024-08-28T13:04:08.031+0000][info][gc,phases      ] GC(366)   Other: 1.1ms
[2024-08-28T13:04:08.031+0000][info][gc,heap        ] GC(366) Eden regions: 70->0(46)
[2024-08-28T13:04:08.031+0000][info][gc,heap        ] GC(366) Survivor regions: 16->11(11)
[2024-08-28T13:04:08.031+0000][info][gc,heap        ] GC(366) Old regions: 677->755
[2024-08-28T13:04:08.031+0000][info][gc,heap        ] GC(366) Archive regions: 2->2
[2024-08-28T13:04:08.031+0000][info][gc,heap        ] GC(366) Humongous regions: 5->5
[2024-08-28T13:04:08.031+0000][info][gc,metaspace   ] GC(366) Metaspace: 100K(320K)->100K(320K) NonClass: 96K(192K)->96K(192K) Class: 4K(128K)->4K(128K)
[2024-08-28T13:04:08.031+0000][info][gc             ] GC(366) Pause Young (Concurrent Start) (G1 Evacuation Pause) 755M->759M(1024M) 18.476ms
[2024-08-28T13:04:08.031+0000][info][gc,cpu         ] GC(366) User=0.40s Sys=0.00s Real=0.02s
[2024-08-28T13:04:08.031+0000][info][gc             ] GC(367) Concurrent Mark Cycle
[2024-08-28T13:04:08.031+0000][info][gc,marking     ] GC(367) Concurrent Clear Claimed Marks
[2024-08-28T13:04:08.031+0000][info][gc,marking     ] GC(367) Concurrent Clear Claimed Marks 0.009ms
[2024-08-28T13:04:08.031+0000][info][gc,marking     ] GC(367) Concurrent Scan Root Regions
[2024-08-28T13:04:08.034+0000][info][gc,marking     ] GC(367) Concurrent Scan Root Regions 2.756ms
[2024-08-28T13:04:08.034+0000][info][gc,marking     ] GC(367) Concurrent Mark
[2024-08-28T13:04:08.034+0000][info][gc,marking     ] GC(367) Concurrent Mark From Roots
[2024-08-28T13:04:08.034+0000][info][gc,task        ] GC(367) Using 17 workers of 17 for marking
[2024-08-28T13:04:08.060+0000][info][gc,marking     ] GC(367) Concurrent Mark From Roots 25.364ms
[2024-08-28T13:04:08.060+0000][info][gc,marking     ] GC(367) Concurrent Preclean
[2024-08-28T13:04:08.060+0000][info][gc,marking     ] GC(367) Concurrent Preclean 0.504ms
[2024-08-28T13:04:08.061+0000][info][gc,start       ] GC(367) Pause Remark
[2024-08-28T13:04:08.062+0000][info][gc             ] GC(367) Pause Remark 795M->795M(1024M) 1.648ms
[2024-08-28T13:04:08.062+0000][info][gc,cpu         ] GC(367) User=0.01s Sys=0.00s Real=0.00s
[2024-08-28T13:04:08.062+0000][info][gc,marking     ] GC(367) Concurrent Mark 28.020ms
[2024-08-28T13:04:08.062+0000][info][gc,marking     ] GC(367) Concurrent Rebuild Remembered Sets
[2024-08-28T13:04:08.068+0000][info][gc,start       ] GC(368) Pause Young (Normal) (G1 Evacuation Pause)
[2024-08-28T13:04:08.068+0000][info][gc,task        ] GC(368) Using 24 workers of 68 for evacuation
[2024-08-28T13:04:08.081+0000][info][gc,phases      ] GC(368)   Pre Evacuate Collection Set: 0.2ms
[2024-08-28T13:04:08.081+0000][info][gc,phases      ] GC(368)   Merge Heap Roots: 0.4ms
[2024-08-28T13:04:08.081+0000][info][gc,phases      ] GC(368)   Evacuate Collection Set: 11.2ms
[2024-08-28T13:04:08.081+0000][info][gc,phases      ] GC(368)   Post Evacuate Collection Set: 0.5ms
[2024-08-28T13:04:08.081+0000][info][gc,phases      ] GC(368)   Other: 0.3ms
[2024-08-28T13:04:08.081+0000][info][gc,heap        ] GC(368) Eden regions: 46->0(43)
[2024-08-28T13:04:08.081+0000][info][gc,heap        ] GC(368) Survivor regions: 11->8(8)
[2024-08-28T13:04:08.081+0000][info][gc,heap        ] GC(368) Old regions: 755->809
[2024-08-28T13:04:08.081+0000][info][gc,heap        ] GC(368) Archive regions: 2->2
[2024-08-28T13:04:08.081+0000][info][gc,heap        ] GC(368) Humongous regions: 5->5
[2024-08-28T13:04:08.081+0000][info][gc,metaspace   ] GC(368) Metaspace: 100K(320K)->100K(320K) NonClass: 96K(192K)->96K(192K) Class: 4K(128K)->4K(128K)
[2024-08-28T13:04:08.081+0000][info][gc             ] GC(368) Pause Young (Normal) (G1 Evacuation Pause) 805M->809M(1024M) 12.605ms
[2024-08-28T13:04:08.081+0000][info][gc,cpu         ] GC(368) User=0.27s Sys=0.00s Real=0.02s
[2024-08-28T13:04:08.107+0000][info][gc,start       ] GC(369) Pause Young (Normal) (G1 Evacuation Pause)
[2024-08-28T13:04:08.107+0000][info][gc,task        ] GC(369) Using 24 workers of 68 for evacuation
[2024-08-28T13:04:08.124+0000][info][gc,phases      ] GC(369)   Pre Evacuate Collection Set: 0.2ms
[2024-08-28T13:04:08.124+0000][info][gc,phases      ] GC(369)   Merge Heap Roots: 0.5ms
[2024-08-28T13:04:08.124+0000][info][gc,phases      ] GC(369)   Evacuate Collection Set: 15.1ms
[2024-08-28T13:04:08.124+0000][info][gc,phases      ] GC(369)   Post Evacuate Collection Set: 0.6ms
[2024-08-28T13:04:08.124+0000][info][gc,phases      ] GC(369)   Other: 0.3ms
[2024-08-28T13:04:08.124+0000][info][gc,heap        ] GC(369) Eden regions: 43->0(44)
[2024-08-28T13:04:08.124+0000][info][gc,heap        ] GC(369) Survivor regions: 8->7(7)
[2024-08-28T13:04:08.124+0000][info][gc,heap        ] GC(369) Old regions: 809->856
[2024-08-28T13:04:08.124+0000][info][gc,heap        ] GC(369) Archive regions: 2->2
[2024-08-28T13:04:08.124+0000][info][gc,heap        ] GC(369) Humongous regions: 5->5
[2024-08-28T13:04:08.124+0000][info][gc,metaspace   ] GC(369) Metaspace: 100K(320K)->100K(320K) NonClass: 96K(192K)->96K(192K) Class: 4K(128K)->4K(128K)
[2024-08-28T13:04:08.124+0000][info][gc             ] GC(369) Pause Young (Normal) (G1 Evacuation Pause) 852M->856M(1024M) 16.819ms
[2024-08-28T13:04:08.124+0000][info][gc,cpu         ] GC(369) User=0.38s Sys=0.00s Real=0.02s
[2024-08-28T13:04:08.150+0000][info][gc,start       ] GC(370) Pause Young (Normal) (G1 Evacuation Pause)
[2024-08-28T13:04:08.150+0000][info][gc,task        ] GC(370) Using 24 workers of 68 for evacuation
[2024-08-28T13:04:08.165+0000][info][gc,phases      ] GC(370)   Pre Evacuate Collection Set: 0.2ms
[2024-08-28T13:04:08.165+0000][info][gc,phases      ] GC(370)   Merge Heap Roots: 0.5ms
[2024-08-28T13:04:08.165+0000][info][gc,phases      ] GC(370)   Evacuate Collection Set: 13.7ms
[2024-08-28T13:04:08.165+0000][info][gc,phases      ] GC(370)   Post Evacuate Collection Set: 0.6ms
[2024-08-28T13:04:08.165+0000][info][gc,phases      ] GC(370)   Other: 0.3ms
[2024-08-28T13:04:08.165+0000][info][gc,heap        ] GC(370) Eden regions: 44->0(44)
[2024-08-28T13:04:08.165+0000][info][gc,heap        ] GC(370) Survivor regions: 7->7(7)
[2024-08-28T13:04:08.165+0000][info][gc,heap        ] GC(370) Old regions: 856->903
[2024-08-28T13:04:08.165+0000][info][gc,heap        ] GC(370) Archive regions: 2->2
[2024-08-28T13:04:08.165+0000][info][gc,heap        ] GC(370) Humongous regions: 5->5
[2024-08-28T13:04:08.165+0000][info][gc,metaspace   ] GC(370) Metaspace: 100K(320K)->100K(320K) NonClass: 96K(192K)->96K(192K) Class: 4K(128K)->4K(128K)
[2024-08-28T13:04:08.165+0000][info][gc             ] GC(370) Pause Young (Normal) (G1 Evacuation Pause) 900M->903M(1024M) 15.520ms
[2024-08-28T13:04:08.165+0000][info][gc,cpu         ] GC(370) User=0.34s Sys=0.00s Real=0.01s
[2024-08-28T13:04:08.171+0000][info][gc,marking     ] GC(367) Concurrent Rebuild Remembered Sets 108.471ms
[2024-08-28T13:04:08.171+0000][info][gc,start       ] GC(367) Pause Cleanup
[2024-08-28T13:04:08.173+0000][info][gc             ] GC(367) Pause Cleanup 911M->911M(1024M) 1.489ms
[2024-08-28T13:04:08.173+0000][info][gc,cpu         ] GC(367) User=0.00s Sys=0.00s Real=0.00s
[2024-08-28T13:04:08.173+0000][info][gc,marking     ] GC(367) Concurrent Cleanup for Next Mark
[2024-08-28T13:04:08.174+0000][info][gc,marking     ] GC(367) Concurrent Cleanup for Next Mark 0.924ms
[2024-08-28T13:04:08.174+0000][info][gc             ] GC(367) Concurrent Mark Cycle 142.166ms
[2024-08-28T13:04:08.196+0000][info][gc,start       ] GC(371) Pause Young (Prepare Mixed) (G1 Evacuation Pause)
[2024-08-28T13:04:08.196+0000][info][gc,task        ] GC(371) Using 24 workers of 68 for evacuation
[2024-08-28T13:04:08.209+0000][info][gc,phases      ] GC(371)   Pre Evacuate Collection Set: 0.2ms
[2024-08-28T13:04:08.209+0000][info][gc,phases      ] GC(371)   Merge Heap Roots: 0.4ms
[2024-08-28T13:04:08.209+0000][info][gc,phases      ] GC(371)   Evacuate Collection Set: 12.1ms
[2024-08-28T13:04:08.209+0000][info][gc,phases      ] GC(371)   Post Evacuate Collection Set: 0.4ms
[2024-08-28T13:04:08.209+0000][info][gc,phases      ] GC(371)   Other: 0.3ms
[2024-08-28T13:04:08.209+0000][info][gc,heap        ] GC(371) Eden regions: 44->0(44)
[2024-08-28T13:04:08.209+0000][info][gc,heap        ] GC(371) Survivor regions: 7->7(7)
[2024-08-28T13:04:08.209+0000][info][gc,heap        ] GC(371) Old regions: 903->950
[2024-08-28T13:04:08.209+0000][info][gc,heap        ] GC(371) Archive regions: 2->2
[2024-08-28T13:04:08.209+0000][info][gc,heap        ] GC(371) Humongous regions: 5->5
[2024-08-28T13:04:08.209+0000][info][gc,metaspace   ] GC(371) Metaspace: 100K(320K)->100K(320K) NonClass: 96K(192K)->96K(192K) Class: 4K(128K)->4K(128K)
[2024-08-28T13:04:08.209+0000][info][gc             ] GC(371) Pause Young (Prepare Mixed) (G1 Evacuation Pause) 947M->949M(1024M) 13.329ms
[2024-08-28T13:04:08.209+0000][info][gc,cpu         ] GC(371) User=0.29s Sys=0.00s Real=0.01s
[2024-08-28T13:04:08.223+0000][info][gc,start       ] GC(372) Pause Young (Mixed) (G1 Preventive Collection)
[2024-08-28T13:04:08.223+0000][info][gc,task        ] GC(372) Using 24 workers of 68 for evacuation
[2024-08-28T13:04:08.232+0000][info][gc,phases      ] GC(372)   Pre Evacuate Collection Set: 0.2ms
[2024-08-28T13:04:08.232+0000][info][gc,phases      ] GC(372)   Merge Heap Roots: 0.4ms
[2024-08-28T13:04:08.232+0000][info][gc,phases      ] GC(372)   Evacuate Collection Set: 7.6ms
[2024-08-28T13:04:08.232+0000][info][gc,phases      ] GC(372)   Post Evacuate Collection Set: 0.4ms
[2024-08-28T13:04:08.232+0000][info][gc,phases      ] GC(372)   Other: 0.3ms
[2024-08-28T13:04:08.232+0000][info][gc,heap        ] GC(372) Eden regions: 24->0(44)
[2024-08-28T13:04:08.232+0000][info][gc,heap        ] GC(372) Survivor regions: 7->7(7)
[2024-08-28T13:04:08.232+0000][info][gc,heap        ] GC(372) Old regions: 950->874
[2024-08-28T13:04:08.232+0000][info][gc,heap        ] GC(372) Archive regions: 2->2
[2024-08-28T13:04:08.232+0000][info][gc,heap        ] GC(372) Humongous regions: 5->5
[2024-08-28T13:04:08.232+0000][info][gc,metaspace   ] GC(372) Metaspace: 100K(320K)->100K(320K) NonClass: 96K(192K)->96K(192K) Class: 4K(128K)->4K(128K)
[2024-08-28T13:04:08.232+0000][info][gc             ] GC(372) Pause Young (Mixed) (G1 Preventive Collection) 973M->876M(1024M) 9.052ms
[2024-08-28T13:04:08.232+0000][info][gc,cpu         ] GC(372) User=0.19s Sys=0.00s Real=0.01s
[2024-08-28T13:04:08.256+0000][info][gc,start       ] GC(373) Pause Young (Mixed) (G1 Evacuation Pause)
[2024-08-28T13:04:08.256+0000][info][gc,task        ] GC(373) Using 24 workers of 68 for evacuation
[2024-08-28T13:04:08.268+0000][info][gc,phases      ] GC(373)   Pre Evacuate Collection Set: 0.2ms
[2024-08-28T13:04:08.268+0000][info][gc,phases      ] GC(373)   Merge Heap Roots: 0.4ms
[2024-08-28T13:04:08.268+0000][info][gc,phases      ] GC(373)   Evacuate Collection Set: 10.5ms
[2024-08-28T13:04:08.268+0000][info][gc,phases      ] GC(373)   Post Evacuate Collection Set: 0.5ms
[2024-08-28T13:04:08.268+0000][info][gc,phases      ] GC(373)   Other: 0.3ms
[2024-08-28T13:04:08.268+0000][info][gc,heap        ] GC(373) Eden regions: 44->0(44)
[2024-08-28T13:04:08.268+0000][info][gc,heap        ] GC(373) Survivor regions: 7->7(7)
[2024-08-28T13:04:08.268+0000][info][gc,heap        ] GC(373) Old regions: 874->817
[2024-08-28T13:04:08.268+0000][info][gc,heap        ] GC(373) Archive regions: 2->2
[2024-08-28T13:04:08.268+0000][info][gc,heap        ] GC(373) Humongous regions: 5->5
[2024-08-28T13:04:08.268+0000][info][gc,metaspace   ] GC(373) Metaspace: 100K(320K)->100K(320K) NonClass: 96K(192K)->96K(192K) Class: 4K(128K)->4K(128K)
[2024-08-28T13:04:08.268+0000][info][gc             ] GC(373) Pause Young (Mixed) (G1 Evacuation Pause) 920M->821M(1024M) 12.058ms
[2024-08-28T13:04:08.268+0000][info][gc,cpu         ] GC(373) User=0.27s Sys=0.00s Real=0.01s
[2024-08-28T13:04:08.292+0000][info][gc,start       ] GC(374) Pause Young (Mixed) (G1 Evacuation Pause)
[2024-08-28T13:04:08.292+0000][info][gc,task        ] GC(374) Using 24 workers of 68 for evacuation
[2024-08-28T13:04:08.304+0000][info][gc,phases      ] GC(374)   Pre Evacuate Collection Set: 0.2ms
[2024-08-28T13:04:08.304+0000][info][gc,phases      ] GC(374)   Merge Heap Roots: 0.4ms
[2024-08-28T13:04:08.304+0000][info][gc,phases      ] GC(374)   Evacuate Collection Set: 10.4ms
[2024-08-28T13:04:08.304+0000][info][gc,phases      ] GC(374)   Post Evacuate Collection Set: 0.4ms
[2024-08-28T13:04:08.304+0000][info][gc,phases      ] GC(374)   Other: 0.3ms
[2024-08-28T13:04:08.304+0000][info][gc,heap        ] GC(374) Eden regions: 44->0(44)
[2024-08-28T13:04:08.304+0000][info][gc,heap        ] GC(374) Survivor regions: 7->7(7)
[2024-08-28T13:04:08.304+0000][info][gc,heap        ] GC(374) Old regions: 817->799
[2024-08-28T13:04:08.304+0000][info][gc,heap        ] GC(374) Archive regions: 2->2
[2024-08-28T13:04:08.304+0000][info][gc,heap        ] GC(374) Humongous regions: 5->5
[2024-08-28T13:04:08.304+0000][info][gc,metaspace   ] GC(374) Metaspace: 100K(320K)->100K(320K) NonClass: 96K(192K)->96K(192K) Class: 4K(128K)->4K(128K)
[2024-08-28T13:04:08.304+0000][info][gc             ] GC(374) Pause Young (Mixed) (G1 Evacuation Pause) 865M->805M(1024M) 11.955ms
[2024-08-28T13:04:08.304+0000][info][gc,cpu         ] GC(374) User=0.26s Sys=0.00s Real=0.01s
[2024-08-28T13:04:08.328+0000][info][gc,start       ] GC(375) Pause Young (Concurrent Start) (G1 Evacuation Pause)
[2024-08-28T13:04:08.328+0000][info][gc,task        ] GC(375) Using 24 workers of 68 for evacuation
[2024-08-28T13:04:08.340+0000][info][gc,phases      ] GC(375)   Pre Evacuate Collection Set: 0.2ms
[2024-08-28T13:04:08.340+0000][info][gc,phases      ] GC(375)   Merge Heap Roots: 0.4ms
[2024-08-28T13:04:08.340+0000][info][gc,phases      ] GC(375)   Evacuate Collection Set: 10.0ms
[2024-08-28T13:04:08.340+0000][info][gc,phases      ] GC(375)   Post Evacuate Collection Set: 0.4ms
[2024-08-28T13:04:08.340+0000][info][gc,phases      ] GC(375)   Other: 1.0ms
[2024-08-28T13:04:08.340+0000][info][gc,heap        ] GC(375) Eden regions: 44->0(44)
[2024-08-28T13:04:08.340+0000][info][gc,heap        ] GC(375) Survivor regions: 7->7(7)
[2024-08-28T13:04:08.340+0000][info][gc,heap        ] GC(375) Old regions: 799->846
[2024-08-28T13:04:08.340+0000][info][gc,heap        ] GC(375) Archive regions: 2->2
[2024-08-28T13:04:08.340+0000][info][gc,heap        ] GC(375) Humongous regions: 5->5
[2024-08-28T13:04:08.340+0000][info][gc,metaspace   ] GC(375) Metaspace: 100K(320K)->100K(320K) NonClass: 96K(192K)->96K(192K) Class: 4K(128K)->4K(128K)
[2024-08-28T13:04:08.340+0000][info][gc             ] GC(375) Pause Young (Concurrent Start) (G1 Evacuation Pause) 849M->852M(1024M) 12.160ms
[2024-08-28T13:04:08.340+0000][info][gc,cpu         ] GC(375) User=0.25s Sys=0.00s Real=0.02s
[2024-08-28T13:04:08.340+0000][info][gc             ] GC(376) Concurrent Mark Cycle
[2024-08-28T13:04:08.340+0000][info][gc,marking     ] GC(376) Concurrent Clear Claimed Marks
[2024-08-28T13:04:08.340+0000][info][gc,marking     ] GC(376) Concurrent Clear Claimed Marks 0.012ms
[2024-08-28T13:04:08.340+0000][info][gc,marking     ] GC(376) Concurrent Scan Root Regions
[2024-08-28T13:04:08.342+0000][info][gc,marking     ] GC(376) Concurrent Scan Root Regions 1.807ms
[2024-08-28T13:04:08.342+0000][info][gc,marking     ] GC(376) Concurrent Mark
[2024-08-28T13:04:08.342+0000][info][gc,marking     ] GC(376) Concurrent Mark From Roots
[2024-08-28T13:04:08.342+0000][info][gc,task        ] GC(376) Using 17 workers of 17 for marking
[2024-08-28T13:04:08.370+0000][info][gc,marking     ] GC(376) Concurrent Mark From Roots 27.698ms
[2024-08-28T13:04:08.370+0000][info][gc,marking     ] GC(376) Concurrent Preclean
[2024-08-28T13:04:08.371+0000][info][gc,marking     ] GC(376) Concurrent Preclean 0.503ms
[2024-08-28T13:04:08.371+0000][info][gc,start       ] GC(376) Pause Remark
[2024-08-28T13:04:08.373+0000][info][gc             ] GC(376) Pause Remark 891M->891M(1024M) 1.894ms
[2024-08-28T13:04:08.373+0000][info][gc,cpu         ] GC(376) User=0.01s Sys=0.00s Real=0.00s
[2024-08-28T13:04:08.373+0000][info][gc,marking     ] GC(376) Concurrent Mark 30.603ms
[2024-08-28T13:04:08.373+0000][info][gc,marking     ] GC(376) Concurrent Rebuild Remembered Sets
[2024-08-28T13:04:08.376+0000][info][gc,start       ] GC(377) Pause Young (Normal) (G1 Evacuation Pause)
[2024-08-28T13:04:08.376+0000][info][gc,task        ] GC(377) Using 24 workers of 68 for evacuation
[2024-08-28T13:04:08.387+0000][info][gc,phases      ] GC(377)   Pre Evacuate Collection Set: 0.2ms
[2024-08-28T13:04:08.387+0000][info][gc,phases      ] GC(377)   Merge Heap Roots: 0.4ms
[2024-08-28T13:04:08.387+0000][info][gc,phases      ] GC(377)   Evacuate Collection Set: 9.6ms
[2024-08-28T13:04:08.387+0000][info][gc,phases      ] GC(377)   Post Evacuate Collection Set: 0.5ms
[2024-08-28T13:04:08.387+0000][info][gc,phases      ] GC(377)   Other: 0.3ms
[2024-08-28T13:04:08.387+0000][info][gc,heap        ] GC(377) Eden regions: 44->0(44)
[2024-08-28T13:04:08.387+0000][info][gc,heap        ] GC(377) Survivor regions: 7->7(7)
[2024-08-28T13:04:08.387+0000][info][gc,heap        ] GC(377) Old regions: 846->893
[2024-08-28T13:04:08.387+0000][info][gc,heap        ] GC(377) Archive regions: 2->2
[2024-08-28T13:04:08.387+0000][info][gc,heap        ] GC(377) Humongous regions: 5->5
[2024-08-28T13:04:08.387+0000][info][gc,metaspace   ] GC(377) Metaspace: 100K(320K)->100K(320K) NonClass: 96K(192K)->96K(192K) Class: 4K(128K)->4K(128K)
[2024-08-28T13:04:08.387+0000][info][gc             ] GC(377) Pause Young (Normal) (G1 Evacuation Pause) 896M->899M(1024M) 11.004ms
[2024-08-28T13:04:08.387+0000][info][gc,cpu         ] GC(377) User=0.24s Sys=0.00s Real=0.01s
[2024-08-28T13:04:08.413+0000][info][gc,start       ] GC(378) Pause Young (Normal) (G1 Evacuation Pause)
[2024-08-28T13:04:08.413+0000][info][gc,task        ] GC(378) Using 24 workers of 68 for evacuation
[2024-08-28T13:04:08.428+0000][info][gc,phases      ] GC(378)   Pre Evacuate Collection Set: 0.2ms
[2024-08-28T13:04:08.428+0000][info][gc,phases      ] GC(378)   Merge Heap Roots: 0.5ms
[2024-08-28T13:04:08.428+0000][info][gc,phases      ] GC(378)   Evacuate Collection Set: 13.7ms
[2024-08-28T13:04:08.428+0000][info][gc,phases      ] GC(378)   Post Evacuate Collection Set: 0.6ms
[2024-08-28T13:04:08.428+0000][info][gc,phases      ] GC(378)   Other: 0.3ms
[2024-08-28T13:04:08.428+0000][info][gc,heap        ] GC(378) Eden regions: 44->0(44)
[2024-08-28T13:04:08.429+0000][info][gc,heap        ] GC(378) Survivor regions: 7->7(7)
[2024-08-28T13:04:08.429+0000][info][gc,heap        ] GC(378) Old regions: 893->940
[2024-08-28T13:04:08.429+0000][info][gc,heap        ] GC(378) Archive regions: 2->2
[2024-08-28T13:04:08.429+0000][info][gc,heap        ] GC(378) Humongous regions: 5->5
[2024-08-28T13:04:08.429+0000][info][gc,metaspace   ] GC(378) Metaspace: 100K(320K)->100K(320K) NonClass: 96K(192K)->96K(192K) Class: 4K(128K)->4K(128K)
[2024-08-28T13:04:08.429+0000][info][gc             ] GC(378) Pause Young (Normal) (G1 Evacuation Pause) 943M->945M(1024M) 15.397ms
[2024-08-28T13:04:08.429+0000][info][gc,cpu         ] GC(378) User=0.34s Sys=0.00s Real=0.01s
[2024-08-28T13:04:08.447+0000][info][gc,start       ] GC(379) Pause Young (Normal) (G1 Preventive Collection)
[2024-08-28T13:04:08.447+0000][info][gc,task        ] GC(379) Using 24 workers of 68 for evacuation
[2024-08-28T13:04:08.460+0000][info][gc,phases      ] GC(379)   Pre Evacuate Collection Set: 0.2ms
[2024-08-28T13:04:08.460+0000][info][gc,phases      ] GC(379)   Merge Heap Roots: 0.5ms
[2024-08-28T13:04:08.460+0000][info][gc,phases      ] GC(379)   Evacuate Collection Set: 11.4ms
[2024-08-28T13:04:08.460+0000][info][gc,phases      ] GC(379)   Post Evacuate Collection Set: 0.6ms
[2024-08-28T13:04:08.460+0000][info][gc,phases      ] GC(379)   Other: 0.3ms
[2024-08-28T13:04:08.460+0000][info][gc,heap        ] GC(379) Eden regions: 30->0(44)
[2024-08-28T13:04:08.460+0000][info][gc,heap        ] GC(379) Survivor regions: 7->7(7)
[2024-08-28T13:04:08.460+0000][info][gc,heap        ] GC(379) Old regions: 940->973
[2024-08-28T13:04:08.460+0000][info][gc,heap        ] GC(379) Archive regions: 2->2
[2024-08-28T13:04:08.460+0000][info][gc,heap        ] GC(379) Humongous regions: 5->5
[2024-08-28T13:04:08.460+0000][info][gc,metaspace   ] GC(379) Metaspace: 100K(320K)->100K(320K) NonClass: 96K(192K)->96K(192K) Class: 4K(128K)->4K(128K)
[2024-08-28T13:04:08.460+0000][info][gc             ] GC(379) Pause Young (Normal) (G1 Preventive Collection) 975M->978M(1024M) 13.127ms
[2024-08-28T13:04:08.460+0000][info][gc,cpu         ] GC(379) User=0.29s Sys=0.00s Real=0.02s
[2024-08-28T13:04:08.469+0000][info][gc,start       ] GC(380) Pause Young (Normal) (G1 Preventive Collection)
[2024-08-28T13:04:08.469+0000][info][gc,task        ] GC(380) Using 24 workers of 68 for evacuation
[2024-08-28T13:04:08.480+0000][info][gc,phases      ] GC(380)   Pre Evacuate Collection Set: 0.2ms
[2024-08-28T13:04:08.480+0000][info][gc,phases      ] GC(380)   Merge Heap Roots: 0.5ms
[2024-08-28T13:04:08.480+0000][info][gc,phases      ] GC(380)   Evacuate Collection Set: 9.2ms
[2024-08-28T13:04:08.480+0000][info][gc,phases      ] GC(380)   Post Evacuate Collection Set: 0.6ms
[2024-08-28T13:04:08.480+0000][info][gc,phases      ] GC(380)   Other: 0.3ms
[2024-08-28T13:04:08.480+0000][info][gc,heap        ] GC(380) Eden regions: 14->0(44)
[2024-08-28T13:04:08.480+0000][info][gc,heap        ] GC(380) Survivor regions: 7->7(7)
[2024-08-28T13:04:08.480+0000][info][gc,heap        ] GC(380) Old regions: 973->989
[2024-08-28T13:04:08.480+0000][info][gc,heap        ] GC(380) Archive regions: 2->2
[2024-08-28T13:04:08.480+0000][info][gc,heap        ] GC(380) Humongous regions: 5->5
[2024-08-28T13:04:08.480+0000][info][gc,metaspace   ] GC(380) Metaspace: 100K(320K)->100K(320K) NonClass: 96K(192K)->96K(192K) Class: 4K(128K)->4K(128K)
[2024-08-28T13:04:08.480+0000][info][gc             ] GC(380) Pause Young (Normal) (G1 Preventive Collection) 992M->995M(1024M) 10.949ms
[2024-08-28T13:04:08.480+0000][info][gc,cpu         ] GC(380) User=0.24s Sys=0.00s Real=0.02s
[2024-08-28T13:04:08.484+0000][info][gc,start       ] GC(381) Pause Young (Normal) (G1 Preventive Collection)
[2024-08-28T13:04:08.484+0000][info][gc,task        ] GC(381) Using 24 workers of 68 for evacuation
[2024-08-28T13:04:08.493+0000][info][gc,phases      ] GC(381)   Pre Evacuate Collection Set: 0.2ms
[2024-08-28T13:04:08.493+0000][info][gc,phases      ] GC(381)   Merge Heap Roots: 0.5ms
[2024-08-28T13:04:08.493+0000][info][gc,phases      ] GC(381)   Evacuate Collection Set: 7.2ms
[2024-08-28T13:04:08.493+0000][info][gc,phases      ] GC(381)   Post Evacuate Collection Set: 0.6ms
[2024-08-28T13:04:08.493+0000][info][gc,phases      ] GC(381)   Other: 0.3ms
[2024-08-28T13:04:08.493+0000][info][gc,heap        ] GC(381) Eden regions: 6->0(45)
[2024-08-28T13:04:08.493+0000][info][gc,heap        ] GC(381) Survivor regions: 7->6(7)
[2024-08-28T13:04:08.493+0000][info][gc,heap        ] GC(381) Old regions: 989->998
[2024-08-28T13:04:08.493+0000][info][gc,heap        ] GC(381) Archive regions: 2->2
[2024-08-28T13:04:08.493+0000][info][gc,heap        ] GC(381) Humongous regions: 5->5
[2024-08-28T13:04:08.493+0000][info][gc,metaspace   ] GC(381) Metaspace: 100K(320K)->100K(320K) NonClass: 96K(192K)->96K(192K) Class: 4K(128K)->4K(128K)
[2024-08-28T13:04:08.493+0000][info][gc             ] GC(381) Pause Young (Normal) (G1 Preventive Collection) 1001M->1003M(1024M) 8.933ms
[2024-08-28T13:04:08.493+0000][info][gc,cpu         ] GC(381) User=0.19s Sys=0.00s Real=0.01s
[2024-08-28T13:04:08.495+0000][info][gc,start       ] GC(382) Pause Young (Normal) (G1 Preventive Collection)
[2024-08-28T13:04:08.495+0000][info][gc,task        ] GC(382) Using 24 workers of 68 for evacuation
[2024-08-28T13:04:08.503+0000][info][gc             ] GC(382) To-space exhausted
[2024-08-28T13:04:08.503+0000][info][gc,phases      ] GC(382)   Pre Evacuate Collection Set: 0.2ms
[2024-08-28T13:04:08.503+0000][info][gc,phases      ] GC(382)   Merge Heap Roots: 0.6ms
[2024-08-28T13:04:08.503+0000][info][gc,phases      ] GC(382)   Evacuate Collection Set: 6.4ms
[2024-08-28T13:04:08.503+0000][info][gc,phases      ] GC(382)   Post Evacuate Collection Set: 0.8ms
[2024-08-28T13:04:08.503+0000][info][gc,phases      ] GC(382)   Other: 0.3ms
[2024-08-28T13:04:08.504+0000][info][gc,heap        ] GC(382) Eden regions: 3->0(47)
[2024-08-28T13:04:08.504+0000][info][gc,heap        ] GC(382) Survivor regions: 6->4(7)
[2024-08-28T13:04:08.504+0000][info][gc,heap        ] GC(382) Old regions: 998->1010
[2024-08-28T13:04:08.504+0000][info][gc,heap        ] GC(382) Archive regions: 2->2
[2024-08-28T13:04:08.504+0000][info][gc,heap        ] GC(382) Humongous regions: 5->5
[2024-08-28T13:04:08.504+0000][info][gc,metaspace   ] GC(382) Metaspace: 100K(320K)->100K(320K) NonClass: 96K(192K)->96K(192K) Class: 4K(128K)->4K(128K)
[2024-08-28T13:04:08.504+0000][info][gc             ] GC(382) Pause Young (Normal) (G1 Preventive Collection) 1006M->1013M(1024M) 8.249ms
[2024-08-28T13:04:08.504+0000][info][gc,cpu         ] GC(382) User=0.17s Sys=0.00s Real=0.01s
[2024-08-28T13:04:08.505+0000][info][gc,start       ] GC(383) Pause Young (Normal) (G1 Preventive Collection)
[2024-08-28T13:04:08.505+0000][info][gc,task        ] GC(383) Using 24 workers of 68 for evacuation
[2024-08-28T13:04:08.512+0000][info][gc             ] GC(383) To-space exhausted
[2024-08-28T13:04:08.512+0000][info][gc,phases      ] GC(383)   Pre Evacuate Collection Set: 0.2ms
[2024-08-28T13:04:08.512+0000][info][gc,phases      ] GC(383)   Merge Heap Roots: 0.6ms
[2024-08-28T13:04:08.512+0000][info][gc,phases      ] GC(383)   Evacuate Collection Set: 5.6ms
[2024-08-28T13:04:08.512+0000][info][gc,phases      ] GC(383)   Post Evacuate Collection Set: 0.9ms
[2024-08-28T13:04:08.512+0000][info][gc,phases      ] GC(383)   Other: 0.2ms
[2024-08-28T13:04:08.512+0000][info][gc,heap        ] GC(383) Eden regions: 1->0(49)
[2024-08-28T13:04:08.512+0000][info][gc,heap        ] GC(383) Survivor regions: 4->2(2)
[2024-08-28T13:04:08.512+0000][info][gc,heap        ] GC(383) Old regions: 1010->1015
[2024-08-28T13:04:08.512+0000][info][gc,heap        ] GC(383) Archive regions: 2->2
[2024-08-28T13:04:08.512+0000][info][gc,heap        ] GC(383) Humongous regions: 5->5
[2024-08-28T13:04:08.512+0000][info][gc,metaspace   ] GC(383) Metaspace: 100K(320K)->100K(320K) NonClass: 96K(192K)->96K(192K) Class: 4K(128K)->4K(128K)
[2024-08-28T13:04:08.512+0000][info][gc             ] GC(383) Pause Young (Normal) (G1 Preventive Collection) 1014M->1016M(1024M) 7.588ms
[2024-08-28T13:04:08.512+0000][info][gc,cpu         ] GC(383) User=0.15s Sys=0.01s Real=0.01s
[2024-08-28T13:04:08.512+0000][info][gc,ergo        ] Attempting full compaction
[2024-08-28T13:04:08.512+0000][info][gc,task        ] GC(384) Using 24 workers of 68 for full compaction
[2024-08-28T13:04:08.513+0000][info][gc,start       ] GC(384) Pause Full (G1 Compaction Pause)
[2024-08-28T13:04:08.513+0000][info][gc,phases,start] GC(384) Phase 1: Mark live objects
[2024-08-28T13:04:08.528+0000][info][gc,phases      ] GC(384) Phase 1: Mark live objects 14.656ms
[2024-08-28T13:04:08.528+0000][info][gc,phases,start] GC(384) Phase 2: Prepare for compaction
[2024-08-28T13:04:08.537+0000][info][gc,phases      ] GC(384) Phase 2: Prepare for compaction 8.863ms
[2024-08-28T13:04:08.537+0000][info][gc,phases,start] GC(384) Phase 3: Adjust pointers
[2024-08-28T13:04:08.554+0000][info][gc,phases      ] GC(384) Phase 3: Adjust pointers 16.716ms
[2024-08-28T13:04:08.554+0000][info][gc,phases,start] GC(384) Phase 4: Compact heap
[2024-08-28T13:04:08.582+0000][info][gc,phases      ] GC(384) Phase 4: Compact heap 28.152ms
[2024-08-28T13:04:08.584+0000][info][gc,heap        ] GC(384) Eden regions: 0->0(150)
[2024-08-28T13:04:08.584+0000][info][gc,heap        ] GC(384) Survivor regions: 2->0(2)
[2024-08-28T13:04:08.584+0000][info][gc,heap        ] GC(384) Old regions: 1015->443
[2024-08-28T13:04:08.584+0000][info][gc,heap        ] GC(384) Archive regions: 2->2
[2024-08-28T13:04:08.584+0000][info][gc,heap        ] GC(384) Humongous regions: 5->5
[2024-08-28T13:04:08.584+0000][info][gc,metaspace   ] GC(384) Metaspace: 100K(320K)->100K(320K) NonClass: 96K(192K)->96K(192K) Class: 4K(128K)->4K(128K)
[2024-08-28T13:04:08.584+0000][info][gc             ] GC(384) Pause Full (G1 Compaction Pause) 1016M->436M(1024M) 71.221ms
[2024-08-28T13:04:08.584+0000][info][gc,cpu         ] GC(384) User=1.50s Sys=0.00s Real=0.07s
[2024-08-28T13:04:08.584+0000][info][gc,marking     ] GC(376) Concurrent Rebuild Remembered Sets 211.352ms
[2024-08-28T13:04:08.584+0000][info][gc,marking     ] GC(376) Concurrent Mark Abort
[2024-08-28T13:04:08.584+0000][info][gc             ] GC(376) Concurrent Mark Cycle 243.936ms
[2024-08-28T13:04:08.672+0000][info][gc,start       ] GC(385) Pause Young (Normal) (G1 Evacuation Pause)
[2024-08-28T13:04:08.672+0000][info][gc,task        ] GC(385) Using 24 workers of 68 for evacuation
[2024-08-28T13:04:08.695+0000][info][gc,phases      ] GC(385)   Pre Evacuate Collection Set: 0.2ms
[2024-08-28T13:04:08.695+0000][info][gc,phases      ] GC(385)   Merge Heap Roots: 0.4ms
[2024-08-28T13:04:08.695+0000][info][gc,phases      ] GC(385)   Evacuate Collection Set: 22.0ms
[2024-08-28T13:04:08.695+0000][info][gc,phases      ] GC(385)   Post Evacuate Collection Set: 0.4ms
[2024-08-28T13:04:08.695+0000][info][gc,phases      ] GC(385)   Other: 0.3ms
[2024-08-28T13:04:08.695+0000][info][gc,heap        ] GC(385) Eden regions: 150->0(102)
[2024-08-28T13:04:08.695+0000][info][gc,heap        ] GC(385) Survivor regions: 0->19(19)
[2024-08-28T13:04:08.695+0000][info][gc,heap        ] GC(385) Old regions: 443->572
[2024-08-28T13:04:08.695+0000][info][gc,heap        ] GC(385) Archive regions: 2->2
[2024-08-28T13:04:08.695+0000][info][gc,heap        ] GC(385) Humongous regions: 5->5
[2024-08-28T13:04:08.695+0000][info][gc,metaspace   ] GC(385) Metaspace: 100K(320K)->100K(320K) NonClass: 96K(192K)->96K(192K) Class: 4K(128K)->4K(128K)
[2024-08-28T13:04:08.695+0000][info][gc             ] GC(385) Pause Young (Normal) (G1 Evacuation Pause) 586M->584M(1024M) 23.498ms
[2024-08-28T13:04:08.695+0000][info][gc,cpu         ] GC(385) User=0.52s Sys=0.02s Real=0.02s
[2024-08-28T13:04:08.751+0000][info][gc,start       ] GC(386) Pause Young (Concurrent Start) (G1 Evacuation Pause)
[2024-08-28T13:04:08.751+0000][info][gc,task        ] GC(386) Using 24 workers of 68 for evacuation
[2024-08-28T13:04:08.771+0000][info][gc,phases      ] GC(386)   Pre Evacuate Collection Set: 0.2ms
[2024-08-28T13:04:08.771+0000][info][gc,phases      ] GC(386)   Merge Heap Roots: 0.4ms
[2024-08-28T13:04:08.771+0000][info][gc,phases      ] GC(386)   Evacuate Collection Set: 18.0ms
[2024-08-28T13:04:08.771+0000][info][gc,phases      ] GC(386)   Post Evacuate Collection Set: 0.4ms
[2024-08-28T13:04:08.771+0000][info][gc,phases      ] GC(386)   Other: 1.0ms
[2024-08-28T13:04:08.771+0000][info][gc,heap        ] GC(386) Eden regions: 102->0(69)
[2024-08-28T13:04:08.771+0000][info][gc,heap        ] GC(386) Survivor regions: 19->16(16)
[2024-08-28T13:04:08.771+0000][info][gc,heap        ] GC(386) Old regions: 572->678
[2024-08-28T13:04:08.771+0000][info][gc,heap        ] GC(386) Archive regions: 2->2
[2024-08-28T13:04:08.771+0000][info][gc,heap        ] GC(386) Humongous regions: 5->5
[2024-08-28T13:04:08.771+0000][info][gc,metaspace   ] GC(386) Metaspace: 100K(320K)->100K(320K) NonClass: 96K(192K)->96K(192K) Class: 4K(128K)->4K(128K)
[2024-08-28T13:04:08.771+0000][info][gc             ] GC(386) Pause Young (Concurrent Start) (G1 Evacuation Pause) 686M->687M(1024M) 20.205ms
[2024-08-28T13:04:08.771+0000][info][gc,cpu         ] GC(386) User=0.44s Sys=0.00s Real=0.02s
[2024-08-28T13:04:08.771+0000][info][gc             ] GC(387) Concurrent Mark Cycle
[2024-08-28T13:04:08.772+0000][info][gc,marking     ] GC(387) Concurrent Clear Claimed Marks
[2024-08-28T13:04:08.772+0000][info][gc,marking     ] GC(387) Concurrent Clear Claimed Marks 0.009ms
[2024-08-28T13:04:08.772+0000][info][gc,marking     ] GC(387) Concurrent Scan Root Regions
[2024-08-28T13:04:08.775+0000][info][gc,marking     ] GC(387) Concurrent Scan Root Regions 3.565ms
[2024-08-28T13:04:08.775+0000][info][gc,marking     ] GC(387) Concurrent Mark
[2024-08-28T13:04:08.775+0000][info][gc,marking     ] GC(387) Concurrent Mark From Roots
[2024-08-28T13:04:08.775+0000][info][gc,task        ] GC(387) Using 17 workers of 17 for marking
[2024-08-28T13:04:08.796+0000][info][gc,marking     ] GC(387) Concurrent Mark From Roots 21.229ms
[2024-08-28T13:04:08.796+0000][info][gc,marking     ] GC(387) Concurrent Preclean
[2024-08-28T13:04:08.797+0000][info][gc,marking     ] GC(387) Concurrent Preclean 0.649ms
[2024-08-28T13:04:08.797+0000][info][gc,start       ] GC(387) Pause Remark
[2024-08-28T13:04:08.799+0000][info][gc             ] GC(387) Pause Remark 720M->720M(1024M) 1.594ms
[2024-08-28T13:04:08.799+0000][info][gc,cpu         ] GC(387) User=0.00s Sys=0.01s Real=0.01s
[2024-08-28T13:04:08.799+0000][info][gc,marking     ] GC(387) Concurrent Mark 23.953ms
[2024-08-28T13:04:08.799+0000][info][gc,marking     ] GC(387) Concurrent Rebuild Remembered Sets
[2024-08-28T13:04:08.820+0000][info][gc,start       ] GC(388) Pause Young (Normal) (G1 Evacuation Pause)
[2024-08-28T13:04:08.820+0000][info][gc,task        ] GC(388) Using 24 workers of 68 for evacuation
[2024-08-28T13:04:08.837+0000][info][gc,phases      ] GC(388)   Pre Evacuate Collection Set: 0.2ms
[2024-08-28T13:04:08.837+0000][info][gc,phases      ] GC(388)   Merge Heap Roots: 0.4ms
[2024-08-28T13:04:08.837+0000][info][gc,phases      ] GC(388)   Evacuate Collection Set: 15.2ms
[2024-08-28T13:04:08.837+0000][info][gc,phases      ] GC(388)   Post Evacuate Collection Set: 0.6ms
[2024-08-28T13:04:08.837+0000][info][gc,phases      ] GC(388)   Other: 0.3ms
[2024-08-28T13:04:08.837+0000][info][gc,heap        ] GC(388) Eden regions: 69->0(46)
[2024-08-28T13:04:08.837+0000][info][gc,heap        ] GC(388) Survivor regions: 16->11(11)
[2024-08-28T13:04:08.837+0000][info][gc,heap        ] GC(388) Old regions: 678->755
[2024-08-28T13:04:08.837+0000][info][gc,heap        ] GC(388) Archive regions: 2->2
[2024-08-28T13:04:08.837+0000][info][gc,heap        ] GC(388) Humongous regions: 5->5
[2024-08-28T13:04:08.837+0000][info][gc,metaspace   ] GC(388) Metaspace: 100K(320K)->100K(320K) NonClass: 96K(192K)->96K(192K) Class: 4K(128K)->4K(128K)
[2024-08-28T13:04:08.837+0000][info][gc             ] GC(388) Pause Young (Normal) (G1 Evacuation Pause) 756M->759M(1024M) 16.813ms
[2024-08-28T13:04:08.837+0000][info][gc,cpu         ] GC(388) User=0.38s Sys=0.00s Real=0.01s
[2024-08-28T13:04:08.863+0000][info][gc,start       ] GC(389) Pause Young (Normal) (G1 Evacuation Pause)
[2024-08-28T13:04:08.863+0000][info][gc,task        ] GC(389) Using 24 workers of 68 for evacuation
[2024-08-28T13:04:08.883+0000][info][gc,phases      ] GC(389)   Pre Evacuate Collection Set: 0.2ms
[2024-08-28T13:04:08.883+0000][info][gc,phases      ] GC(389)   Merge Heap Roots: 0.5ms
[2024-08-28T13:04:08.883+0000][info][gc,phases      ] GC(389)   Evacuate Collection Set: 18.5ms
[2024-08-28T13:04:08.883+0000][info][gc,phases      ] GC(389)   Post Evacuate Collection Set: 0.7ms
[2024-08-28T13:04:08.883+0000][info][gc,phases      ] GC(389)   Other: 0.3ms
[2024-08-28T13:04:08.883+0000][info][gc,heap        ] GC(389) Eden regions: 46->0(43)
[2024-08-28T13:04:08.883+0000][info][gc,heap        ] GC(389) Survivor regions: 11->8(8)
[2024-08-28T13:04:08.883+0000][info][gc,heap        ] GC(389) Old regions: 755->810
[2024-08-28T13:04:08.883+0000][info][gc,heap        ] GC(389) Archive regions: 2->2
[2024-08-28T13:04:08.883+0000][info][gc,heap        ] GC(389) Humongous regions: 5->5
[2024-08-28T13:04:08.883+0000][info][gc,metaspace   ] GC(389) Metaspace: 100K(320K)->100K(320K) NonClass: 96K(192K)->96K(192K) Class: 4K(128K)->4K(128K)
[2024-08-28T13:04:08.884+0000][info][gc             ] GC(389) Pause Young (Normal) (G1 Evacuation Pause) 805M->811M(1024M) 20.246ms
[2024-08-28T13:04:08.884+0000][info][gc,cpu         ] GC(389) User=0.46s Sys=0.00s Real=0.02s
[2024-08-28T13:04:08.903+0000][info][gc,marking     ] GC(387) Concurrent Rebuild Remembered Sets 103.463ms
[2024-08-28T13:04:08.903+0000][info][gc,start       ] GC(387) Pause Cleanup
[2024-08-28T13:04:08.905+0000][info][gc             ] GC(387) Pause Cleanup 844M->844M(1024M) 2.342ms
[2024-08-28T13:04:08.905+0000][info][gc,cpu         ] GC(387) User=0.01s Sys=0.00s Real=0.00s
[2024-08-28T13:04:08.905+0000][info][gc,marking     ] GC(387) Concurrent Cleanup for Next Mark
[2024-08-28T13:04:08.906+0000][info][gc,marking     ] GC(387) Concurrent Cleanup for Next Mark 0.758ms
[2024-08-28T13:04:08.906+0000][info][gc             ] GC(387) Concurrent Mark Cycle 134.781ms
[2024-08-28T13:04:08.913+0000][info][gc,start       ] GC(390) Pause Young (Prepare Mixed) (G1 Evacuation Pause)
[2024-08-28T13:04:08.913+0000][info][gc,task        ] GC(390) Using 24 workers of 68 for evacuation
[2024-08-28T13:04:08.928+0000][info][gc,phases      ] GC(390)   Pre Evacuate Collection Set: 0.2ms
[2024-08-28T13:04:08.928+0000][info][gc,phases      ] GC(390)   Merge Heap Roots: 0.4ms
[2024-08-28T13:04:08.928+0000][info][gc,phases      ] GC(390)   Evacuate Collection Set: 14.1ms
[2024-08-28T13:04:08.928+0000][info][gc,phases      ] GC(390)   Post Evacuate Collection Set: 0.4ms
[2024-08-28T13:04:08.928+0000][info][gc,phases      ] GC(390)   Other: 0.3ms
[2024-08-28T13:04:08.928+0000][info][gc,heap        ] GC(390) Eden regions: 43->0(44)
[2024-08-28T13:04:08.928+0000][info][gc,heap        ] GC(390) Survivor regions: 8->7(7)
[2024-08-28T13:04:08.928+0000][info][gc,heap        ] GC(390) Old regions: 810->858
[2024-08-28T13:04:08.928+0000][info][gc,heap        ] GC(390) Archive regions: 2->2
[2024-08-28T13:04:08.928+0000][info][gc,heap        ] GC(390) Humongous regions: 5->5
[2024-08-28T13:04:08.928+0000][info][gc,metaspace   ] GC(390) Metaspace: 100K(320K)->100K(320K) NonClass: 96K(192K)->96K(192K) Class: 4K(128K)->4K(128K)
[2024-08-28T13:04:08.928+0000][info][gc             ] GC(390) Pause Young (Prepare Mixed) (G1 Evacuation Pause) 854M->858M(1024M) 15.480ms
[2024-08-28T13:04:08.928+0000][info][gc,cpu         ] GC(390) User=0.34s Sys=0.00s Real=0.01s
[2024-08-28T13:04:08.953+0000][info][gc,start       ] GC(391) Pause Young (Mixed) (G1 Evacuation Pause)
[2024-08-28T13:04:08.953+0000][info][gc,task        ] GC(391) Using 24 workers of 68 for evacuation
[2024-08-28T13:04:08.966+0000][info][gc,phases      ] GC(391)   Pre Evacuate Collection Set: 0.2ms
[2024-08-28T13:04:08.966+0000][info][gc,phases      ] GC(391)   Merge Heap Roots: 0.4ms
[2024-08-28T13:04:08.966+0000][info][gc,phases      ] GC(391)   Evacuate Collection Set: 11.6ms
[2024-08-28T13:04:08.966+0000][info][gc,phases      ] GC(391)   Post Evacuate Collection Set: 0.4ms
[2024-08-28T13:04:08.966+0000][info][gc,phases      ] GC(391)   Other: 0.3ms
[2024-08-28T13:04:08.966+0000][info][gc,heap        ] GC(391) Eden regions: 44->0(44)
[2024-08-28T13:04:08.966+0000][info][gc,heap        ] GC(391) Survivor regions: 7->7(7)
[2024-08-28T13:04:08.966+0000][info][gc,heap        ] GC(391) Old regions: 858->801
[2024-08-28T13:04:08.966+0000][info][gc,heap        ] GC(391) Archive regions: 2->2
[2024-08-28T13:04:08.966+0000][info][gc,heap        ] GC(391) Humongous regions: 5->5
[2024-08-28T13:04:08.966+0000][info][gc,metaspace   ] GC(391) Metaspace: 100K(320K)->100K(320K) NonClass: 96K(192K)->96K(192K) Class: 4K(128K)->4K(128K)
[2024-08-28T13:04:08.966+0000][info][gc             ] GC(391) Pause Young (Mixed) (G1 Evacuation Pause) 902M->802M(1024M) 13.191ms
[2024-08-28T13:04:08.967+0000][info][gc,cpu         ] GC(391) User=0.29s Sys=0.00s Real=0.01s
[2024-08-28T13:04:08.991+0000][info][gc,start       ] GC(392) Pause Young (Mixed) (G1 Evacuation Pause)
[2024-08-28T13:04:08.991+0000][info][gc,task        ] GC(392) Using 24 workers of 68 for evacuation
[2024-08-28T13:04:09.004+0000][info][gc,phases      ] GC(392)   Pre Evacuate Collection Set: 0.3ms
[2024-08-28T13:04:09.004+0000][info][gc,phases      ] GC(392)   Merge Heap Roots: 0.3ms
[2024-08-28T13:04:09.004+0000][info][gc,phases      ] GC(392)   Evacuate Collection Set: 11.6ms
[2024-08-28T13:04:09.004+0000][info][gc,phases      ] GC(392)   Post Evacuate Collection Set: 0.4ms
[2024-08-28T13:04:09.004+0000][info][gc,phases      ] GC(392)   Other: 0.3ms
[2024-08-28T13:04:09.004+0000][info][gc,heap        ] GC(392) Eden regions: 44->0(47)
[2024-08-28T13:04:09.004+0000][info][gc,heap        ] GC(392) Survivor regions: 7->7(7)
[2024-08-28T13:04:09.004+0000][info][gc,heap        ] GC(392) Old regions: 801->756
[2024-08-28T13:04:09.004+0000][info][gc,heap        ] GC(392) Archive regions: 2->2
[2024-08-28T13:04:09.004+0000][info][gc,heap        ] GC(392) Humongous regions: 5->5
[2024-08-28T13:04:09.004+0000][info][gc,metaspace   ] GC(392) Metaspace: 100K(320K)->100K(320K) NonClass: 96K(192K)->96K(192K) Class: 4K(128K)->4K(128K)
[2024-08-28T13:04:09.004+0000][info][gc             ] GC(392) Pause Young (Mixed) (G1 Evacuation Pause) 846M->764M(1024M) 13.095ms
[2024-08-28T13:04:09.004+0000][info][gc,cpu         ] GC(392) User=0.29s Sys=0.00s Real=0.01s
[2024-08-28T13:04:09.030+0000][info][gc,start       ] GC(393) Pause Young (Concurrent Start) (G1 Evacuation Pause)
[2024-08-28T13:04:09.030+0000][info][gc,task        ] GC(393) Using 24 workers of 68 for evacuation
[2024-08-28T13:04:09.042+0000][info][gc,phases      ] GC(393)   Pre Evacuate Collection Set: 0.2ms
[2024-08-28T13:04:09.042+0000][info][gc,phases      ] GC(393)   Merge Heap Roots: 0.3ms
[2024-08-28T13:04:09.042+0000][info][gc,phases      ] GC(393)   Evacuate Collection Set: 10.7ms
[2024-08-28T13:04:09.042+0000][info][gc,phases      ] GC(393)   Post Evacuate Collection Set: 0.4ms
[2024-08-28T13:04:09.042+0000][info][gc,phases      ] GC(393)   Other: 1.0ms
[2024-08-28T13:04:09.042+0000][info][gc,heap        ] GC(393) Eden regions: 47->0(44)
[2024-08-28T13:04:09.042+0000][info][gc,heap        ] GC(393) Survivor regions: 7->7(7)
[2024-08-28T13:04:09.042+0000][info][gc,heap        ] GC(393) Old regions: 756->806
[2024-08-28T13:04:09.042+0000][info][gc,heap        ] GC(393) Archive regions: 2->2
[2024-08-28T13:04:09.042+0000][info][gc,heap        ] GC(393) Humongous regions: 5->5
[2024-08-28T13:04:09.042+0000][info][gc,metaspace   ] GC(393) Metaspace: 100K(320K)->100K(320K) NonClass: 96K(192K)->96K(192K) Class: 4K(128K)->4K(128K)
[2024-08-28T13:04:09.042+0000][info][gc             ] GC(393) Pause Young (Concurrent Start) (G1 Evacuation Pause) 811M->814M(1024M) 12.686ms
[2024-08-28T13:04:09.042+0000][info][gc,cpu         ] GC(393) User=0.25s Sys=0.02s Real=0.01s
[2024-08-28T13:04:09.042+0000][info][gc             ] GC(394) Concurrent Mark Cycle
[2024-08-28T13:04:09.042+0000][info][gc,marking     ] GC(394) Concurrent Clear Claimed Marks
[2024-08-28T13:04:09.043+0000][info][gc,marking     ] GC(394) Concurrent Clear Claimed Marks 0.010ms
[2024-08-28T13:04:09.043+0000][info][gc,marking     ] GC(394) Concurrent Scan Root Regions
[2024-08-28T13:04:09.044+0000][info][gc,marking     ] GC(394) Concurrent Scan Root Regions 1.712ms
[2024-08-28T13:04:09.044+0000][info][gc,marking     ] GC(394) Concurrent Mark
[2024-08-28T13:04:09.044+0000][info][gc,marking     ] GC(394) Concurrent Mark From Roots
[2024-08-28T13:04:09.044+0000][info][gc,task        ] GC(394) Using 17 workers of 17 for marking
[2024-08-28T13:04:09.069+0000][info][gc,marking     ] GC(394) Concurrent Mark From Roots 25.085ms
[2024-08-28T13:04:09.069+0000][info][gc,marking     ] GC(394) Concurrent Preclean
[2024-08-28T13:04:09.070+0000][info][gc,marking     ] GC(394) Concurrent Preclean 0.512ms
[2024-08-28T13:04:09.070+0000][info][gc,start       ] GC(394) Pause Remark
[2024-08-28T13:04:09.072+0000][info][gc             ] GC(394) Pause Remark 849M->849M(1024M) 1.890ms
[2024-08-28T13:04:09.072+0000][info][gc,cpu         ] GC(394) User=0.01s Sys=0.00s Real=0.00s
[2024-08-28T13:04:09.072+0000][info][gc,marking     ] GC(394) Concurrent Mark 27.957ms
[2024-08-28T13:04:09.072+0000][info][gc,marking     ] GC(394) Concurrent Rebuild Remembered Sets
[2024-08-28T13:04:09.079+0000][info][gc,start       ] GC(395) Pause Young (Normal) (G1 Evacuation Pause)
[2024-08-28T13:04:09.079+0000][info][gc,task        ] GC(395) Using 24 workers of 68 for evacuation
[2024-08-28T13:04:09.089+0000][info][gc,phases      ] GC(395)   Pre Evacuate Collection Set: 0.2ms
[2024-08-28T13:04:09.089+0000][info][gc,phases      ] GC(395)   Merge Heap Roots: 0.4ms
[2024-08-28T13:04:09.089+0000][info][gc,phases      ] GC(395)   Evacuate Collection Set: 9.6ms
[2024-08-28T13:04:09.089+0000][info][gc,phases      ] GC(395)   Post Evacuate Collection Set: 0.5ms
[2024-08-28T13:04:09.089+0000][info][gc,phases      ] GC(395)   Other: 0.3ms
[2024-08-28T13:04:09.089+0000][info][gc,heap        ] GC(395) Eden regions: 44->0(44)
[2024-08-28T13:04:09.089+0000][info][gc,heap        ] GC(395) Survivor regions: 7->7(7)
[2024-08-28T13:04:09.089+0000][info][gc,heap        ] GC(395) Old regions: 806->853
[2024-08-28T13:04:09.089+0000][info][gc,heap        ] GC(395) Archive regions: 2->2
[2024-08-28T13:04:09.089+0000][info][gc,heap        ] GC(395) Humongous regions: 5->5
[2024-08-28T13:04:09.089+0000][info][gc,metaspace   ] GC(395) Metaspace: 100K(320K)->100K(320K) NonClass: 96K(192K)->96K(192K) Class: 4K(128K)->4K(128K)
[2024-08-28T13:04:09.090+0000][info][gc             ] GC(395) Pause Young (Normal) (G1 Evacuation Pause) 858M->861M(1024M) 11.010ms
[2024-08-28T13:04:09.090+0000][info][gc,cpu         ] GC(395) User=0.24s Sys=0.00s Real=0.01s
[2024-08-28T13:04:09.115+0000][info][gc,start       ] GC(396) Pause Young (Normal) (G1 Evacuation Pause)
[2024-08-28T13:04:09.115+0000][info][gc,task        ] GC(396) Using 24 workers of 68 for evacuation
[2024-08-28T13:04:09.135+0000][info][gc,phases      ] GC(396)   Pre Evacuate Collection Set: 0.2ms
[2024-08-28T13:04:09.135+0000][info][gc,phases      ] GC(396)   Merge Heap Roots: 0.4ms
[2024-08-28T13:04:09.135+0000][info][gc,phases      ] GC(396)   Evacuate Collection Set: 18.5ms
[2024-08-28T13:04:09.135+0000][info][gc,phases      ] GC(396)   Post Evacuate Collection Set: 0.6ms
[2024-08-28T13:04:09.135+0000][info][gc,phases      ] GC(396)   Other: 0.3ms
[2024-08-28T13:04:09.135+0000][info][gc,heap        ] GC(396) Eden regions: 44->0(44)
[2024-08-28T13:04:09.135+0000][info][gc,heap        ] GC(396) Survivor regions: 7->7(7)
[2024-08-28T13:04:09.135+0000][info][gc,heap        ] GC(396) Old regions: 853->899
[2024-08-28T13:04:09.135+0000][info][gc,heap        ] GC(396) Archive regions: 2->2
[2024-08-28T13:04:09.135+0000][info][gc,heap        ] GC(396) Humongous regions: 5->5
[2024-08-28T13:04:09.135+0000][info][gc,metaspace   ] GC(396) Metaspace: 100K(320K)->100K(320K) NonClass: 96K(192K)->96K(192K) Class: 4K(128K)->4K(128K)
[2024-08-28T13:04:09.135+0000][info][gc             ] GC(396) Pause Young (Normal) (G1 Evacuation Pause) 905M->906M(1024M) 20.056ms
[2024-08-28T13:04:09.135+0000][info][gc,cpu         ] GC(396) User=0.33s Sys=0.01s Real=0.02s
[2024-08-28T13:04:09.173+0000][info][gc,start       ] GC(397) Pause Young (Normal) (G1 Evacuation Pause)
[2024-08-28T13:04:09.173+0000][info][gc,task        ] GC(397) Using 24 workers of 68 for evacuation
[2024-08-28T13:04:09.188+0000][info][gc,phases      ] GC(397)   Pre Evacuate Collection Set: 0.2ms
[2024-08-28T13:04:09.188+0000][info][gc,phases      ] GC(397)   Merge Heap Roots: 0.5ms
[2024-08-28T13:04:09.188+0000][info][gc,phases      ] GC(397)   Evacuate Collection Set: 13.1ms
[2024-08-28T13:04:09.188+0000][info][gc,phases      ] GC(397)   Post Evacuate Collection Set: 0.7ms
[2024-08-28T13:04:09.188+0000][info][gc,phases      ] GC(397)   Other: 0.3ms
[2024-08-28T13:04:09.188+0000][info][gc,heap        ] GC(397) Eden regions: 44->0(44)
[2024-08-28T13:04:09.188+0000][info][gc,heap        ] GC(397) Survivor regions: 7->7(7)
[2024-08-28T13:04:09.188+0000][info][gc,heap        ] GC(397) Old regions: 899->945
[2024-08-28T13:04:09.188+0000][info][gc,heap        ] GC(397) Archive regions: 2->2
[2024-08-28T13:04:09.188+0000][info][gc,heap        ] GC(397) Humongous regions: 5->5
[2024-08-28T13:04:09.188+0000][info][gc,metaspace   ] GC(397) Metaspace: 100K(320K)->100K(320K) NonClass: 96K(192K)->96K(192K) Class: 4K(128K)->4K(128K)
[2024-08-28T13:04:09.188+0000][info][gc             ] GC(397) Pause Young (Normal) (G1 Evacuation Pause) 950M->953M(1024M) 14.845ms
[2024-08-28T13:04:09.188+0000][info][gc,cpu         ] GC(397) User=0.32s Sys=0.02s Real=0.01s
[2024-08-28T13:04:09.197+0000][info][gc,marking     ] GC(394) Concurrent Rebuild Remembered Sets 124.423ms
[2024-08-28T13:04:09.197+0000][info][gc,start       ] GC(394) Pause Cleanup
[2024-08-28T13:04:09.200+0000][info][gc             ] GC(394) Pause Cleanup 966M->966M(1024M) 3.253ms
[2024-08-28T13:04:09.200+0000][info][gc,cpu         ] GC(394) User=0.00s Sys=0.00s Real=0.01s
[2024-08-28T13:04:09.200+0000][info][gc,marking     ] GC(394) Concurrent Cleanup for Next Mark
[2024-08-28T13:04:09.201+0000][info][gc,marking     ] GC(394) Concurrent Cleanup for Next Mark 0.824ms
[2024-08-28T13:04:09.201+0000][info][gc             ] GC(394) Concurrent Mark Cycle 158.819ms
[2024-08-28T13:04:09.212+0000][info][gc,start       ] GC(398) Pause Young (Prepare Mixed) (G1 Preventive Collection)
[2024-08-28T13:04:09.212+0000][info][gc,task        ] GC(398) Using 24 workers of 68 for evacuation
[2024-08-28T13:04:09.223+0000][info][gc,phases      ] GC(398)   Pre Evacuate Collection Set: 0.2ms
[2024-08-28T13:04:09.223+0000][info][gc,phases      ] GC(398)   Merge Heap Roots: 0.5ms
[2024-08-28T13:04:09.224+0000][info][gc,phases      ] GC(398)   Evacuate Collection Set: 10.6ms
[2024-08-28T13:04:09.224+0000][info][gc,phases      ] GC(398)   Post Evacuate Collection Set: 0.4ms
[2024-08-28T13:04:09.224+0000][info][gc,phases      ] GC(398)   Other: 0.3ms
[2024-08-28T13:04:09.224+0000][info][gc,heap        ] GC(398) Eden regions: 27->0(44)
[2024-08-28T13:04:09.224+0000][info][gc,heap        ] GC(398) Survivor regions: 7->7(7)
[2024-08-28T13:04:09.224+0000][info][gc,heap        ] GC(398) Old regions: 945->975
[2024-08-28T13:04:09.224+0000][info][gc,heap        ] GC(398) Archive regions: 2->2
[2024-08-28T13:04:09.224+0000][info][gc,heap        ] GC(398) Humongous regions: 5->5
[2024-08-28T13:04:09.224+0000][info][gc,metaspace   ] GC(398) Metaspace: 100K(320K)->100K(320K) NonClass: 96K(192K)->96K(192K) Class: 4K(128K)->4K(128K)
[2024-08-28T13:04:09.224+0000][info][gc             ] GC(398) Pause Young (Prepare Mixed) (G1 Preventive Collection) 980M->983M(1024M) 12.112ms
[2024-08-28T13:04:09.224+0000][info][gc,cpu         ] GC(398) User=0.27s Sys=0.00s Real=0.01s
[2024-08-28T13:04:09.231+0000][info][gc,start       ] GC(399) Pause Young (Mixed) (G1 Preventive Collection)
[2024-08-28T13:04:09.232+0000][info][gc,task        ] GC(399) Using 24 workers of 68 for evacuation
[2024-08-28T13:04:09.238+0000][info][gc,phases      ] GC(399)   Pre Evacuate Collection Set: 0.2ms
[2024-08-28T13:04:09.238+0000][info][gc,phases      ] GC(399)   Merge Heap Roots: 0.2ms
[2024-08-28T13:04:09.238+0000][info][gc,phases      ] GC(399)   Evacuate Collection Set: 5.1ms
[2024-08-28T13:04:09.238+0000][info][gc,phases      ] GC(399)   Post Evacuate Collection Set: 0.4ms
[2024-08-28T13:04:09.238+0000][info][gc,phases      ] GC(399)   Other: 0.3ms
[2024-08-28T13:04:09.238+0000][info][gc,heap        ] GC(399) Eden regions: 12->0(44)
[2024-08-28T13:04:09.238+0000][info][gc,heap        ] GC(399) Survivor regions: 7->7(7)
[2024-08-28T13:04:09.238+0000][info][gc,heap        ] GC(399) Old regions: 975->887
[2024-08-28T13:04:09.238+0000][info][gc,heap        ] GC(399) Archive regions: 2->2
[2024-08-28T13:04:09.238+0000][info][gc,heap        ] GC(399) Humongous regions: 5->5
[2024-08-28T13:04:09.238+0000][info][gc,metaspace   ] GC(399) Metaspace: 100K(320K)->100K(320K) NonClass: 96K(192K)->96K(192K) Class: 4K(128K)->4K(128K)
[2024-08-28T13:04:09.238+0000][info][gc             ] GC(399) Pause Young (Mixed) (G1 Preventive Collection) 995M->898M(1024M) 6.447ms
[2024-08-28T13:04:09.238+0000][info][gc,cpu         ] GC(399) User=0.12s Sys=0.01s Real=0.01s
[2024-08-28T13:04:09.263+0000][info][gc,start       ] GC(400) Pause Young (Mixed) (G1 Evacuation Pause)
[2024-08-28T13:04:09.263+0000][info][gc,task        ] GC(400) Using 24 workers of 68 for evacuation
[2024-08-28T13:04:09.275+0000][info][gc,phases      ] GC(400)   Pre Evacuate Collection Set: 0.2ms
[2024-08-28T13:04:09.275+0000][info][gc,phases      ] GC(400)   Merge Heap Roots: 0.5ms
[2024-08-28T13:04:09.275+0000][info][gc,phases      ] GC(400)   Evacuate Collection Set: 9.9ms
[2024-08-28T13:04:09.275+0000][info][gc,phases      ] GC(400)   Post Evacuate Collection Set: 0.5ms
[2024-08-28T13:04:09.275+0000][info][gc,phases      ] GC(400)   Other: 0.3ms
[2024-08-28T13:04:09.275+0000][info][gc,heap        ] GC(400) Eden regions: 44->0(44)
[2024-08-28T13:04:09.275+0000][info][gc,heap        ] GC(400) Survivor regions: 7->7(7)
[2024-08-28T13:04:09.275+0000][info][gc,heap        ] GC(400) Old regions: 887->829
[2024-08-28T13:04:09.275+0000][info][gc,heap        ] GC(400) Archive regions: 2->2
[2024-08-28T13:04:09.275+0000][info][gc,heap        ] GC(400) Humongous regions: 5->5
[2024-08-28T13:04:09.275+0000][info][gc,metaspace   ] GC(400) Metaspace: 100K(320K)->100K(320K) NonClass: 96K(192K)->96K(192K) Class: 4K(128K)->4K(128K)
[2024-08-28T13:04:09.275+0000][info][gc             ] GC(400) Pause Young (Mixed) (G1 Evacuation Pause) 942M->841M(1024M) 11.498ms
[2024-08-28T13:04:09.275+0000][info][gc,cpu         ] GC(400) User=0.25s Sys=0.00s Real=0.01s
[2024-08-28T13:04:09.300+0000][info][gc,start       ] GC(401) Pause Young (Mixed) (G1 Evacuation Pause)
[2024-08-28T13:04:09.300+0000][info][gc,task        ] GC(401) Using 24 workers of 68 for evacuation
[2024-08-28T13:04:09.314+0000][info][gc,phases      ] GC(401)   Pre Evacuate Collection Set: 0.2ms
[2024-08-28T13:04:09.314+0000][info][gc,phases      ] GC(401)   Merge Heap Roots: 0.4ms
[2024-08-28T13:04:09.314+0000][info][gc,phases      ] GC(401)   Evacuate Collection Set: 12.7ms
[2024-08-28T13:04:09.314+0000][info][gc,phases      ] GC(401)   Post Evacuate Collection Set: 0.4ms
[2024-08-28T13:04:09.314+0000][info][gc,phases      ] GC(401)   Other: 0.2ms
[2024-08-28T13:04:09.314+0000][info][gc,heap        ] GC(401) Eden regions: 44->0(44)
[2024-08-28T13:04:09.314+0000][info][gc,heap        ] GC(401) Survivor regions: 7->7(7)
[2024-08-28T13:04:09.314+0000][info][gc,heap        ] GC(401) Old regions: 829->791
[2024-08-28T13:04:09.314+0000][info][gc,heap        ] GC(401) Archive regions: 2->2
[2024-08-28T13:04:09.314+0000][info][gc,heap        ] GC(401) Humongous regions: 5->5
[2024-08-28T13:04:09.314+0000][info][gc,metaspace   ] GC(401) Metaspace: 100K(320K)->100K(320K) NonClass: 96K(192K)->96K(192K) Class: 4K(128K)->4K(128K)
[2024-08-28T13:04:09.314+0000][info][gc             ] GC(401) Pause Young (Mixed) (G1 Evacuation Pause) 885M->803M(1024M) 13.948ms
[2024-08-28T13:04:09.314+0000][info][gc,cpu         ] GC(401) User=0.31s Sys=0.01s Real=0.01s
[2024-08-28T13:04:09.338+0000][info][gc,start       ] GC(402) Pause Young (Mixed) (G1 Evacuation Pause)
[2024-08-28T13:04:09.338+0000][info][gc,task        ] GC(402) Using 24 workers of 68 for evacuation
[2024-08-28T13:04:09.357+0000][info][gc,phases      ] GC(402)   Pre Evacuate Collection Set: 0.2ms
[2024-08-28T13:04:09.357+0000][info][gc,phases      ] GC(402)   Merge Heap Roots: 0.4ms
[2024-08-28T13:04:09.357+0000][info][gc,phases      ] GC(402)   Evacuate Collection Set: 17.8ms
[2024-08-28T13:04:09.357+0000][info][gc,phases      ] GC(402)   Post Evacuate Collection Set: 0.3ms
[2024-08-28T13:04:09.357+0000][info][gc,phases      ] GC(402)   Other: 0.3ms
[2024-08-28T13:04:09.357+0000][info][gc,heap        ] GC(402) Eden regions: 44->0(44)
[2024-08-28T13:04:09.357+0000][info][gc,heap        ] GC(402) Survivor regions: 7->7(7)
[2024-08-28T13:04:09.357+0000][info][gc,heap        ] GC(402) Old regions: 791->811
[2024-08-28T13:04:09.357+0000][info][gc,heap        ] GC(402) Archive regions: 2->2
[2024-08-28T13:04:09.357+0000][info][gc,heap        ] GC(402) Humongous regions: 5->5
[2024-08-28T13:04:09.357+0000][info][gc,metaspace   ] GC(402) Metaspace: 100K(320K)->100K(320K) NonClass: 96K(192K)->96K(192K) Class: 4K(128K)->4K(128K)
[2024-08-28T13:04:09.357+0000][info][gc             ] GC(402) Pause Young (Mixed) (G1 Evacuation Pause) 847M->823M(1024M) 19.048ms
[2024-08-28T13:04:09.357+0000][info][gc,cpu         ] GC(402) User=0.31s Sys=0.00s Real=0.01s
[2024-08-28T13:04:09.402+0000][info][gc,start       ] GC(403) Pause Young (Concurrent Start) (G1 Evacuation Pause)
[2024-08-28T13:04:09.402+0000][info][gc,task        ] GC(403) Using 24 workers of 68 for evacuation
[2024-08-28T13:04:09.414+0000][info][gc,phases      ] GC(403)   Pre Evacuate Collection Set: 0.2ms
[2024-08-28T13:04:09.414+0000][info][gc,phases      ] GC(403)   Merge Heap Roots: 0.4ms
[2024-08-28T13:04:09.414+0000][info][gc,phases      ] GC(403)   Evacuate Collection Set: 10.5ms
[2024-08-28T13:04:09.414+0000][info][gc,phases      ] GC(403)   Post Evacuate Collection Set: 0.4ms
[2024-08-28T13:04:09.414+0000][info][gc,phases      ] GC(403)   Other: 0.9ms
[2024-08-28T13:04:09.414+0000][info][gc,heap        ] GC(403) Eden regions: 44->0(44)
[2024-08-28T13:04:09.414+0000][info][gc,heap        ] GC(403) Survivor regions: 7->7(7)
[2024-08-28T13:04:09.414+0000][info][gc,heap        ] GC(403) Old regions: 811->859
[2024-08-28T13:04:09.414+0000][info][gc,heap        ] GC(403) Archive regions: 2->2
[2024-08-28T13:04:09.414+0000][info][gc,heap        ] GC(403) Humongous regions: 5->5
[2024-08-28T13:04:09.414+0000][info][gc,metaspace   ] GC(403) Metaspace: 100K(320K)->100K(320K) NonClass: 96K(192K)->96K(192K) Class: 4K(128K)->4K(128K)
[2024-08-28T13:04:09.414+0000][info][gc             ] GC(403) Pause Young (Concurrent Start) (G1 Evacuation Pause) 867M->871M(1024M) 12.513ms
[2024-08-28T13:04:09.414+0000][info][gc,cpu         ] GC(403) User=0.24s Sys=0.01s Real=0.01s
[2024-08-28T13:04:09.414+0000][info][gc             ] GC(404) Concurrent Mark Cycle
[2024-08-28T13:04:09.414+0000][info][gc,marking     ] GC(404) Concurrent Clear Claimed Marks
[2024-08-28T13:04:09.414+0000][info][gc,marking     ] GC(404) Concurrent Clear Claimed Marks 0.010ms
[2024-08-28T13:04:09.414+0000][info][gc,marking     ] GC(404) Concurrent Scan Root Regions
[2024-08-28T13:04:09.416+0000][info][gc,marking     ] GC(404) Concurrent Scan Root Regions 1.600ms
[2024-08-28T13:04:09.416+0000][info][gc,marking     ] GC(404) Concurrent Mark
[2024-08-28T13:04:09.416+0000][info][gc,marking     ] GC(404) Concurrent Mark From Roots
[2024-08-28T13:04:09.416+0000][info][gc,task        ] GC(404) Using 17 workers of 17 for marking
[2024-08-28T13:04:09.443+0000][info][gc,marking     ] GC(404) Concurrent Mark From Roots 26.781ms
[2024-08-28T13:04:09.443+0000][info][gc,marking     ] GC(404) Concurrent Preclean
[2024-08-28T13:04:09.443+0000][info][gc,marking     ] GC(404) Concurrent Preclean 0.500ms
[2024-08-28T13:04:09.444+0000][info][gc,start       ] GC(404) Pause Remark
[2024-08-28T13:04:09.446+0000][info][gc             ] GC(404) Pause Remark 907M->907M(1024M) 2.014ms
[2024-08-28T13:04:09.446+0000][info][gc,cpu         ] GC(404) User=0.00s Sys=0.00s Real=0.00s
[2024-08-28T13:04:09.446+0000][info][gc,marking     ] GC(404) Concurrent Mark 29.792ms
[2024-08-28T13:04:09.446+0000][info][gc,marking     ] GC(404) Concurrent Rebuild Remembered Sets
[2024-08-28T13:04:09.451+0000][info][gc,start       ] GC(405) Pause Young (Normal) (G1 Evacuation Pause)
[2024-08-28T13:04:09.451+0000][info][gc,task        ] GC(405) Using 24 workers of 68 for evacuation
[2024-08-28T13:04:09.462+0000][info][gc,phases      ] GC(405)   Pre Evacuate Collection Set: 0.2ms
[2024-08-28T13:04:09.462+0000][info][gc,phases      ] GC(405)   Merge Heap Roots: 0.4ms
[2024-08-28T13:04:09.462+0000][info][gc,phases      ] GC(405)   Evacuate Collection Set: 9.9ms
[2024-08-28T13:04:09.462+0000][info][gc,phases      ] GC(405)   Post Evacuate Collection Set: 0.5ms
[2024-08-28T13:04:09.462+0000][info][gc,phases      ] GC(405)   Other: 0.3ms
[2024-08-28T13:04:09.462+0000][info][gc,heap        ] GC(405) Eden regions: 44->0(44)
[2024-08-28T13:04:09.462+0000][info][gc,heap        ] GC(405) Survivor regions: 7->7(7)
[2024-08-28T13:04:09.462+0000][info][gc,heap        ] GC(405) Old regions: 859->906
[2024-08-28T13:04:09.462+0000][info][gc,heap        ] GC(405) Archive regions: 2->2
[2024-08-28T13:04:09.462+0000][info][gc,heap        ] GC(405) Humongous regions: 5->5
[2024-08-28T13:04:09.462+0000][info][gc,metaspace   ] GC(405) Metaspace: 100K(320K)->100K(320K) NonClass: 96K(192K)->96K(192K) Class: 4K(128K)->4K(128K)
[2024-08-28T13:04:09.462+0000][info][gc             ] GC(405) Pause Young (Normal) (G1 Evacuation Pause) 915M->918M(1024M) 11.357ms
[2024-08-28T13:04:09.463+0000][info][gc,cpu         ] GC(405) User=0.20s Sys=0.04s Real=0.01s
[2024-08-28T13:04:09.489+0000][info][gc,start       ] GC(406) Pause Young (Normal) (G1 Evacuation Pause)
[2024-08-28T13:04:09.489+0000][info][gc,task        ] GC(406) Using 24 workers of 68 for evacuation
[2024-08-28T13:04:09.504+0000][info][gc,phases      ] GC(406)   Pre Evacuate Collection Set: 0.2ms
[2024-08-28T13:04:09.504+0000][info][gc,phases      ] GC(406)   Merge Heap Roots: 0.5ms
[2024-08-28T13:04:09.504+0000][info][gc,phases      ] GC(406)   Evacuate Collection Set: 13.6ms
[2024-08-28T13:04:09.504+0000][info][gc,phases      ] GC(406)   Post Evacuate Collection Set: 0.6ms
[2024-08-28T13:04:09.504+0000][info][gc,phases      ] GC(406)   Other: 0.3ms
[2024-08-28T13:04:09.504+0000][info][gc,heap        ] GC(406) Eden regions: 44->0(44)
[2024-08-28T13:04:09.504+0000][info][gc,heap        ] GC(406) Survivor regions: 7->7(7)
[2024-08-28T13:04:09.504+0000][info][gc,heap        ] GC(406) Old regions: 906->953
[2024-08-28T13:04:09.504+0000][info][gc,heap        ] GC(406) Archive regions: 2->2
[2024-08-28T13:04:09.504+0000][info][gc,heap        ] GC(406) Humongous regions: 5->5
[2024-08-28T13:04:09.504+0000][info][gc,metaspace   ] GC(406) Metaspace: 100K(320K)->100K(320K) NonClass: 96K(192K)->96K(192K) Class: 4K(128K)->4K(128K)
[2024-08-28T13:04:09.504+0000][info][gc             ] GC(406) Pause Young (Normal) (G1 Evacuation Pause) 962M->965M(1024M) 15.293ms
[2024-08-28T13:04:09.504+0000][info][gc,cpu         ] GC(406) User=0.34s Sys=0.00s Real=0.02s
[2024-08-28T13:04:09.518+0000][info][gc,start       ] GC(407) Pause Young (Normal) (G1 Preventive Collection)
[2024-08-28T13:04:09.518+0000][info][gc,task        ] GC(407) Using 24 workers of 68 for evacuation
[2024-08-28T13:04:09.531+0000][info][gc,phases      ] GC(407)   Pre Evacuate Collection Set: 0.1ms
[2024-08-28T13:04:09.531+0000][info][gc,phases      ] GC(407)   Merge Heap Roots: 0.6ms
[2024-08-28T13:04:09.531+0000][info][gc,phases      ] GC(407)   Evacuate Collection Set: 11.8ms
[2024-08-28T13:04:09.531+0000][info][gc,phases      ] GC(407)   Post Evacuate Collection Set: 0.6ms
[2024-08-28T13:04:09.531+0000][info][gc,phases      ] GC(407)   Other: 0.2ms
[2024-08-28T13:04:09.531+0000][info][gc,heap        ] GC(407) Eden regions: 23->0(44)
[2024-08-28T13:04:09.531+0000][info][gc,heap        ] GC(407) Survivor regions: 7->7(7)
[2024-08-28T13:04:09.531+0000][info][gc,heap        ] GC(407) Old regions: 953->979
[2024-08-28T13:04:09.531+0000][info][gc,heap        ] GC(407) Archive regions: 2->2
[2024-08-28T13:04:09.531+0000][info][gc,heap        ] GC(407) Humongous regions: 5->5
[2024-08-28T13:04:09.531+0000][info][gc,metaspace   ] GC(407) Metaspace: 100K(320K)->100K(320K) NonClass: 96K(192K)->96K(192K) Class: 4K(128K)->4K(128K)
[2024-08-28T13:04:09.531+0000][info][gc             ] GC(407) Pause Young (Normal) (G1 Preventive Collection) 988M->991M(1024M) 13.400ms
[2024-08-28T13:04:09.532+0000][info][gc,cpu         ] GC(407) User=0.31s Sys=0.00s Real=0.01s
[2024-08-28T13:04:09.539+0000][info][gc,start       ] GC(408) Pause Young (Normal) (G1 Preventive Collection)
[2024-08-28T13:04:09.539+0000][info][gc,task        ] GC(408) Using 24 workers of 68 for evacuation
[2024-08-28T13:04:09.549+0000][info][gc             ] GC(408) To-space exhausted
[2024-08-28T13:04:09.549+0000][info][gc,phases      ] GC(408)   Pre Evacuate Collection Set: 0.1ms
[2024-08-28T13:04:09.549+0000][info][gc,phases      ] GC(408)   Merge Heap Roots: 0.5ms
[2024-08-28T13:04:09.549+0000][info][gc,phases      ] GC(408)   Evacuate Collection Set: 8.6ms
[2024-08-28T13:04:09.549+0000][info][gc,phases      ] GC(408)   Post Evacuate Collection Set: 0.8ms
[2024-08-28T13:04:09.549+0000][info][gc,phases      ] GC(408)   Other: 0.2ms
[2024-08-28T13:04:09.549+0000][info][gc,heap        ] GC(408) Eden regions: 11->0(44)
[2024-08-28T13:04:09.549+0000][info][gc,heap        ] GC(408) Survivor regions: 7->7(7)
[2024-08-28T13:04:09.549+0000][info][gc,heap        ] GC(408) Old regions: 979->1003
[2024-08-28T13:04:09.549+0000][info][gc,heap        ] GC(408) Archive regions: 2->2
[2024-08-28T13:04:09.549+0000][info][gc,heap        ] GC(408) Humongous regions: 5->5
[2024-08-28T13:04:09.549+0000][info][gc,metaspace   ] GC(408) Metaspace: 100K(320K)->100K(320K) NonClass: 96K(192K)->96K(192K) Class: 4K(128K)->4K(128K)
[2024-08-28T13:04:09.549+0000][info][gc             ] GC(408) Pause Young (Normal) (G1 Preventive Collection) 1002M->1015M(1024M) 10.292ms
[2024-08-28T13:04:09.549+0000][info][gc,cpu         ] GC(408) User=0.23s Sys=0.01s Real=0.00s
[2024-08-28T13:04:09.550+0000][info][gc,start       ] GC(409) Pause Young (Normal) (G1 Preventive Collection)
[2024-08-28T13:04:09.550+0000][info][gc,task        ] GC(409) Using 24 workers of 68 for evacuation
[2024-08-28T13:04:09.559+0000][info][gc             ] GC(409) To-space exhausted
[2024-08-28T13:04:09.559+0000][info][gc,phases      ] GC(409)   Pre Evacuate Collection Set: 0.1ms
[2024-08-28T13:04:09.559+0000][info][gc,phases      ] GC(409)   Merge Heap Roots: 0.6ms
[2024-08-28T13:04:09.559+0000][info][gc,phases      ] GC(409)   Evacuate Collection Set: 6.9ms
[2024-08-28T13:04:09.559+0000][info][gc,phases      ] GC(409)   Post Evacuate Collection Set: 1.0ms
[2024-08-28T13:04:09.559+0000][info][gc,phases      ] GC(409)   Other: 0.1ms
[2024-08-28T13:04:09.559+0000][info][gc,heap        ] GC(409) Eden regions: 1->0(50)
[2024-08-28T13:04:09.559+0000][info][gc,heap        ] GC(409) Survivor regions: 7->1(6)
[2024-08-28T13:04:09.559+0000][info][gc,heap        ] GC(409) Old regions: 1003->1016
[2024-08-28T13:04:09.559+0000][info][gc,heap        ] GC(409) Archive regions: 2->2
[2024-08-28T13:04:09.559+0000][info][gc,heap        ] GC(409) Humongous regions: 5->5
[2024-08-28T13:04:09.559+0000][info][gc,metaspace   ] GC(409) Metaspace: 100K(320K)->100K(320K) NonClass: 96K(192K)->96K(192K) Class: 4K(128K)->4K(128K)
[2024-08-28T13:04:09.559+0000][info][gc             ] GC(409) Pause Young (Normal) (G1 Preventive Collection) 1016M->1022M(1024M) 8.783ms
[2024-08-28T13:04:09.559+0000][info][gc,cpu         ] GC(409) User=0.19s Sys=0.01s Real=0.01s
[2024-08-28T13:04:09.559+0000][info][gc,ergo        ] Attempting full compaction
[2024-08-28T13:04:09.559+0000][info][gc,task        ] GC(410) Using 24 workers of 68 for full compaction
[2024-08-28T13:04:09.560+0000][info][gc,start       ] GC(410) Pause Full (G1 Compaction Pause)
[2024-08-28T13:04:09.560+0000][info][gc,phases,start] GC(410) Phase 1: Mark live objects
[2024-08-28T13:04:09.577+0000][info][gc,phases      ] GC(410) Phase 1: Mark live objects 16.875ms
[2024-08-28T13:04:09.577+0000][info][gc,phases,start] GC(410) Phase 2: Prepare for compaction
[2024-08-28T13:04:09.586+0000][info][gc,phases      ] GC(410) Phase 2: Prepare for compaction 9.203ms
[2024-08-28T13:04:09.587+0000][info][gc,phases,start] GC(410) Phase 3: Adjust pointers
[2024-08-28T13:04:09.604+0000][info][gc,phases      ] GC(410) Phase 3: Adjust pointers 17.656ms
[2024-08-28T13:04:09.604+0000][info][gc,phases,start] GC(410) Phase 4: Compact heap
[2024-08-28T13:04:09.636+0000][info][gc,phases      ] GC(410) Phase 4: Compact heap 31.866ms
[2024-08-28T13:04:09.638+0000][info][gc,heap        ] GC(410) Eden regions: 0->0(150)
[2024-08-28T13:04:09.638+0000][info][gc,heap        ] GC(410) Survivor regions: 1->0(6)
[2024-08-28T13:04:09.638+0000][info][gc,heap        ] GC(410) Old regions: 1016->442
[2024-08-28T13:04:09.638+0000][info][gc,heap        ] GC(410) Archive regions: 2->2
[2024-08-28T13:04:09.638+0000][info][gc,heap        ] GC(410) Humongous regions: 5->5
[2024-08-28T13:04:09.638+0000][info][gc,metaspace   ] GC(410) Metaspace: 100K(320K)->100K(320K) NonClass: 96K(192K)->96K(192K) Class: 4K(128K)->4K(128K)
[2024-08-28T13:04:09.638+0000][info][gc             ] GC(410) Pause Full (G1 Compaction Pause) 1022M->435M(1024M) 77.982ms
[2024-08-28T13:04:09.638+0000][info][gc,cpu         ] GC(410) User=1.62s Sys=0.00s Real=0.08s
[2024-08-28T13:04:09.638+0000][info][gc,marking     ] GC(404) Concurrent Rebuild Remembered Sets 192.119ms
[2024-08-28T13:04:09.638+0000][info][gc,marking     ] GC(404) Concurrent Mark Abort
[2024-08-28T13:04:09.638+0000][info][gc             ] GC(404) Concurrent Mark Cycle 223.698ms
[2024-08-28T13:04:09.728+0000][info][gc,start       ] GC(411) Pause Young (Normal) (G1 Evacuation Pause)
[2024-08-28T13:04:09.728+0000][info][gc,task        ] GC(411) Using 24 workers of 68 for evacuation
[2024-08-28T13:04:09.751+0000][info][gc,phases      ] GC(411)   Pre Evacuate Collection Set: 0.2ms
[2024-08-28T13:04:09.751+0000][info][gc,phases      ] GC(411)   Merge Heap Roots: 0.4ms
[2024-08-28T13:04:09.751+0000][info][gc,phases      ] GC(411)   Evacuate Collection Set: 21.7ms
[2024-08-28T13:04:09.751+0000][info][gc,phases      ] GC(411)   Post Evacuate Collection Set: 0.3ms
[2024-08-28T13:04:09.751+0000][info][gc,phases      ] GC(411)   Other: 0.3ms
[2024-08-28T13:04:09.751+0000][info][gc,heap        ] GC(411) Eden regions: 150->0(103)
[2024-08-28T13:04:09.751+0000][info][gc,heap        ] GC(411) Survivor regions: 0->19(19)
[2024-08-28T13:04:09.751+0000][info][gc,heap        ] GC(411) Old regions: 442->569
[2024-08-28T13:04:09.751+0000][info][gc,heap        ] GC(411) Archive regions: 2->2
[2024-08-28T13:04:09.751+0000][info][gc,heap        ] GC(411) Humongous regions: 5->5
[2024-08-28T13:04:09.751+0000][info][gc,metaspace   ] GC(411) Metaspace: 100K(320K)->100K(320K) NonClass: 96K(192K)->96K(192K) Class: 4K(128K)->4K(128K)
[2024-08-28T13:04:09.751+0000][info][gc             ] GC(411) Pause Young (Normal) (G1 Evacuation Pause) 585M->581M(1024M) 22.966ms
[2024-08-28T13:04:09.751+0000][info][gc,cpu         ] GC(411) User=0.52s Sys=0.01s Real=0.03s
[2024-08-28T13:04:09.807+0000][info][gc,start       ] GC(412) Pause Young (Concurrent Start) (G1 Evacuation Pause)
[2024-08-28T13:04:09.807+0000][info][gc,task        ] GC(412) Using 24 workers of 68 for evacuation
[2024-08-28T13:04:09.828+0000][info][gc,phases      ] GC(412)   Pre Evacuate Collection Set: 0.2ms
[2024-08-28T13:04:09.828+0000][info][gc,phases      ] GC(412)   Merge Heap Roots: 0.4ms
[2024-08-28T13:04:09.828+0000][info][gc,phases      ] GC(412)   Evacuate Collection Set: 18.9ms
[2024-08-28T13:04:09.828+0000][info][gc,phases      ] GC(412)   Post Evacuate Collection Set: 0.4ms
[2024-08-28T13:04:09.828+0000][info][gc,phases      ] GC(412)   Other: 0.6ms
[2024-08-28T13:04:09.828+0000][info][gc,heap        ] GC(412) Eden regions: 103->0(70)
[2024-08-28T13:04:09.828+0000][info][gc,heap        ] GC(412) Survivor regions: 19->16(16)
[2024-08-28T13:04:09.828+0000][info][gc,heap        ] GC(412) Old regions: 569->677
[2024-08-28T13:04:09.828+0000][info][gc,heap        ] GC(412) Archive regions: 2->2
[2024-08-28T13:04:09.828+0000][info][gc,heap        ] GC(412) Humongous regions: 5->5
[2024-08-28T13:04:09.828+0000][info][gc,metaspace   ] GC(412) Metaspace: 100K(320K)->100K(320K) NonClass: 96K(192K)->96K(192K) Class: 4K(128K)->4K(128K)
[2024-08-28T13:04:09.828+0000][info][gc             ] GC(412) Pause Young (Concurrent Start) (G1 Evacuation Pause) 684M->686M(1024M) 20.501ms
[2024-08-28T13:04:09.828+0000][info][gc,cpu         ] GC(412) User=0.45s Sys=0.01s Real=0.02s
[2024-08-28T13:04:09.828+0000][info][gc             ] GC(413) Concurrent Mark Cycle
[2024-08-28T13:04:09.828+0000][info][gc,marking     ] GC(413) Concurrent Clear Claimed Marks
[2024-08-28T13:04:09.828+0000][info][gc,marking     ] GC(413) Concurrent Clear Claimed Marks 0.010ms
[2024-08-28T13:04:09.828+0000][info][gc,marking     ] GC(413) Concurrent Scan Root Regions
[2024-08-28T13:04:09.832+0000][info][gc,marking     ] GC(413) Concurrent Scan Root Regions 3.597ms
[2024-08-28T13:04:09.832+0000][info][gc,marking     ] GC(413) Concurrent Mark
[2024-08-28T13:04:09.832+0000][info][gc,marking     ] GC(413) Concurrent Mark From Roots
[2024-08-28T13:04:09.832+0000][info][gc,task        ] GC(413) Using 17 workers of 17 for marking
[2024-08-28T13:04:09.854+0000][info][gc,marking     ] GC(413) Concurrent Mark From Roots 21.946ms
[2024-08-28T13:04:09.854+0000][info][gc,marking     ] GC(413) Concurrent Preclean
[2024-08-28T13:04:09.854+0000][info][gc,marking     ] GC(413) Concurrent Preclean 0.500ms
[2024-08-28T13:04:09.854+0000][info][gc,start       ] GC(413) Pause Remark
[2024-08-28T13:04:09.856+0000][info][gc             ] GC(413) Pause Remark 719M->719M(1024M) 1.201ms
[2024-08-28T13:04:09.856+0000][info][gc,cpu         ] GC(413) User=0.00s Sys=0.00s Real=0.00s
[2024-08-28T13:04:09.856+0000][info][gc,marking     ] GC(413) Concurrent Mark 24.054ms
[2024-08-28T13:04:09.856+0000][info][gc,marking     ] GC(413) Concurrent Rebuild Remembered Sets
[2024-08-28T13:04:09.878+0000][info][gc,start       ] GC(414) Pause Young (Normal) (G1 Evacuation Pause)
[2024-08-28T13:04:09.878+0000][info][gc,task        ] GC(414) Using 24 workers of 68 for evacuation
[2024-08-28T13:04:09.894+0000][info][gc,phases      ] GC(414)   Pre Evacuate Collection Set: 0.2ms
[2024-08-28T13:04:09.894+0000][info][gc,phases      ] GC(414)   Merge Heap Roots: 0.4ms
[2024-08-28T13:04:09.894+0000][info][gc,phases      ] GC(414)   Evacuate Collection Set: 15.4ms
[2024-08-28T13:04:09.894+0000][info][gc,phases      ] GC(414)   Post Evacuate Collection Set: 0.5ms
[2024-08-28T13:04:09.894+0000][info][gc,phases      ] GC(414)   Other: 0.2ms
[2024-08-28T13:04:09.894+0000][info][gc,heap        ] GC(414) Eden regions: 70->0(46)
[2024-08-28T13:04:09.894+0000][info][gc,heap        ] GC(414) Survivor regions: 16->11(11)
[2024-08-28T13:04:09.894+0000][info][gc,heap        ] GC(414) Old regions: 677->756
[2024-08-28T13:04:09.894+0000][info][gc,heap        ] GC(414) Archive regions: 2->2
[2024-08-28T13:04:09.894+0000][info][gc,heap        ] GC(414) Humongous regions: 5->5
[2024-08-28T13:04:09.894+0000][info][gc,metaspace   ] GC(414) Metaspace: 100K(320K)->100K(320K) NonClass: 96K(192K)->96K(192K) Class: 4K(128K)->4K(128K)
[2024-08-28T13:04:09.894+0000][info][gc             ] GC(414) Pause Young (Normal) (G1 Evacuation Pause) 756M->760M(1024M) 16.806ms
[2024-08-28T13:04:09.894+0000][info][gc,cpu         ] GC(414) User=0.38s Sys=0.00s Real=0.01s
[2024-08-28T13:04:09.921+0000][info][gc,start       ] GC(415) Pause Young (Normal) (G1 Evacuation Pause)
[2024-08-28T13:04:09.921+0000][info][gc,task        ] GC(415) Using 24 workers of 68 for evacuation
[2024-08-28T13:04:09.941+0000][info][gc,phases      ] GC(415)   Pre Evacuate Collection Set: 0.2ms
[2024-08-28T13:04:09.941+0000][info][gc,phases      ] GC(415)   Merge Heap Roots: 0.5ms
[2024-08-28T13:04:09.941+0000][info][gc,phases      ] GC(415)   Evacuate Collection Set: 18.6ms
[2024-08-28T13:04:09.941+0000][info][gc,phases      ] GC(415)   Post Evacuate Collection Set: 0.6ms
[2024-08-28T13:04:09.941+0000][info][gc,phases      ] GC(415)   Other: 0.3ms
[2024-08-28T13:04:09.941+0000][info][gc,heap        ] GC(415) Eden regions: 46->0(43)
[2024-08-28T13:04:09.941+0000][info][gc,heap        ] GC(415) Survivor regions: 11->8(8)
[2024-08-28T13:04:09.941+0000][info][gc,heap        ] GC(415) Old regions: 756->811
[2024-08-28T13:04:09.941+0000][info][gc,heap        ] GC(415) Archive regions: 2->2
[2024-08-28T13:04:09.941+0000][info][gc,heap        ] GC(415) Humongous regions: 5->5
[2024-08-28T13:04:09.941+0000][info][gc,metaspace   ] GC(415) Metaspace: 100K(320K)->100K(320K) NonClass: 96K(192K)->96K(192K) Class: 4K(128K)->4K(128K)
[2024-08-28T13:04:09.941+0000][info][gc             ] GC(415) Pause Young (Normal) (G1 Evacuation Pause) 806M->812M(1024M) 20.274ms
[2024-08-28T13:04:09.941+0000][info][gc,cpu         ] GC(415) User=0.46s Sys=0.01s Real=0.02s
[2024-08-28T13:04:09.968+0000][info][gc,start       ] GC(416) Pause Young (Normal) (G1 Evacuation Pause)
[2024-08-28T13:04:09.968+0000][info][gc,task        ] GC(416) Using 24 workers of 68 for evacuation
[2024-08-28T13:04:09.984+0000][info][gc,phases      ] GC(416)   Pre Evacuate Collection Set: 0.1ms
[2024-08-28T13:04:09.984+0000][info][gc,phases      ] GC(416)   Merge Heap Roots: 0.5ms
[2024-08-28T13:04:09.984+0000][info][gc,phases      ] GC(416)   Evacuate Collection Set: 14.2ms
[2024-08-28T13:04:09.984+0000][info][gc,phases      ] GC(416)   Post Evacuate Collection Set: 0.6ms
[2024-08-28T13:04:09.984+0000][info][gc,phases      ] GC(416)   Other: 0.2ms
[2024-08-28T13:04:09.984+0000][info][gc,heap        ] GC(416) Eden regions: 43->0(44)
[2024-08-28T13:04:09.984+0000][info][gc,heap        ] GC(416) Survivor regions: 8->7(7)
[2024-08-28T13:04:09.984+0000][info][gc,heap        ] GC(416) Old regions: 811->859
[2024-08-28T13:04:09.984+0000][info][gc,heap        ] GC(416) Archive regions: 2->2
[2024-08-28T13:04:09.984+0000][info][gc,heap        ] GC(416) Humongous regions: 5->5
[2024-08-28T13:04:09.984+0000][info][gc,metaspace   ] GC(416) Metaspace: 100K(320K)->100K(320K) NonClass: 96K(192K)->96K(192K) Class: 4K(128K)->4K(128K)
[2024-08-28T13:04:09.984+0000][info][gc             ] GC(416) Pause Young (Normal) (G1 Evacuation Pause) 855M->859M(1024M) 15.721ms
[2024-08-28T13:04:09.984+0000][info][gc,cpu         ] GC(416) User=0.35s Sys=0.01s Real=0.02s
[2024-08-28T13:04:09.986+0000][info][gc,marking     ] GC(413) Concurrent Rebuild Remembered Sets 129.934ms
[2024-08-28T13:04:09.986+0000][info][gc,start       ] GC(413) Pause Cleanup
[2024-08-28T13:04:09.987+0000][info][gc             ] GC(413) Pause Cleanup 861M->861M(1024M) 1.180ms
[2024-08-28T13:04:09.987+0000][info][gc,cpu         ] GC(413) User=0.01s Sys=0.00s Real=0.00s
[2024-08-28T13:04:09.987+0000][info][gc,marking     ] GC(413) Concurrent Cleanup for Next Mark
[2024-08-28T13:04:09.988+0000][info][gc,marking     ] GC(413) Concurrent Cleanup for Next Mark 0.947ms
[2024-08-28T13:04:09.988+0000][info][gc             ] GC(413) Concurrent Mark Cycle 160.157ms
[2024-08-28T13:04:10.015+0000][info][gc,start       ] GC(417) Pause Young (Prepare Mixed) (G1 Evacuation Pause)
[2024-08-28T13:04:10.015+0000][info][gc,task        ] GC(417) Using 24 workers of 68 for evacuation
[2024-08-28T13:04:10.028+0000][info][gc,phases      ] GC(417)   Pre Evacuate Collection Set: 0.1ms
[2024-08-28T13:04:10.028+0000][info][gc,phases      ] GC(417)   Merge Heap Roots: 0.4ms
[2024-08-28T13:04:10.028+0000][info][gc,phases      ] GC(417)   Evacuate Collection Set: 11.8ms
[2024-08-28T13:04:10.028+0000][info][gc,phases      ] GC(417)   Post Evacuate Collection Set: 0.3ms
[2024-08-28T13:04:10.028+0000][info][gc,phases      ] GC(417)   Other: 0.2ms
[2024-08-28T13:04:10.028+0000][info][gc,heap        ] GC(417) Eden regions: 44->0(44)
[2024-08-28T13:04:10.028+0000][info][gc,heap        ] GC(417) Survivor regions: 7->7(7)
[2024-08-28T13:04:10.028+0000][info][gc,heap        ] GC(417) Old regions: 859->905
[2024-08-28T13:04:10.028+0000][info][gc,heap        ] GC(417) Archive regions: 2->2
[2024-08-28T13:04:10.028+0000][info][gc,heap        ] GC(417) Humongous regions: 5->5
[2024-08-28T13:04:10.028+0000][info][gc,metaspace   ] GC(417) Metaspace: 100K(320K)->100K(320K) NonClass: 96K(192K)->96K(192K) Class: 4K(128K)->4K(128K)
[2024-08-28T13:04:10.028+0000][info][gc             ] GC(417) Pause Young (Prepare Mixed) (G1 Evacuation Pause) 903M->905M(1024M) 12.967ms
[2024-08-28T13:04:10.028+0000][info][gc,cpu         ] GC(417) User=0.29s Sys=0.00s Real=0.01s
[2024-08-28T13:04:10.053+0000][info][gc,start       ] GC(418) Pause Young (Mixed) (G1 Evacuation Pause)
[2024-08-28T13:04:10.053+0000][info][gc,task        ] GC(418) Using 24 workers of 68 for evacuation
[2024-08-28T13:04:10.066+0000][info][gc,phases      ] GC(418)   Pre Evacuate Collection Set: 0.2ms
[2024-08-28T13:04:10.066+0000][info][gc,phases      ] GC(418)   Merge Heap Roots: 0.5ms
[2024-08-28T13:04:10.066+0000][info][gc,phases      ] GC(418)   Evacuate Collection Set: 11.0ms
[2024-08-28T13:04:10.066+0000][info][gc,phases      ] GC(418)   Post Evacuate Collection Set: 0.4ms
[2024-08-28T13:04:10.066+0000][info][gc,phases      ] GC(418)   Other: 0.3ms
[2024-08-28T13:04:10.066+0000][info][gc,heap        ] GC(418) Eden regions: 44->0(44)
[2024-08-28T13:04:10.066+0000][info][gc,heap        ] GC(418) Survivor regions: 7->7(7)
[2024-08-28T13:04:10.066+0000][info][gc,heap        ] GC(418) Old regions: 905->849
[2024-08-28T13:04:10.066+0000][info][gc,heap        ] GC(418) Archive regions: 2->2
[2024-08-28T13:04:10.066+0000][info][gc,heap        ] GC(418) Humongous regions: 5->5
[2024-08-28T13:04:10.066+0000][info][gc,metaspace   ] GC(418) Metaspace: 100K(320K)->100K(320K) NonClass: 96K(192K)->96K(192K) Class: 4K(128K)->4K(128K)
[2024-08-28T13:04:10.066+0000][info][gc             ] GC(418) Pause Young (Mixed) (G1 Evacuation Pause) 949M->855M(1024M) 12.549ms
[2024-08-28T13:04:10.066+0000][info][gc,cpu         ] GC(418) User=0.27s Sys=0.01s Real=0.01s
[2024-08-28T13:04:10.091+0000][info][gc,start       ] GC(419) Pause Young (Mixed) (G1 Evacuation Pause)
[2024-08-28T13:04:10.091+0000][info][gc,task        ] GC(419) Using 24 workers of 68 for evacuation
[2024-08-28T13:04:10.104+0000][info][gc,phases      ] GC(419)   Pre Evacuate Collection Set: 0.2ms
[2024-08-28T13:04:10.104+0000][info][gc,phases      ] GC(419)   Merge Heap Roots: 0.4ms
[2024-08-28T13:04:10.104+0000][info][gc,phases      ] GC(419)   Evacuate Collection Set: 11.6ms
[2024-08-28T13:04:10.104+0000][info][gc,phases      ] GC(419)   Post Evacuate Collection Set: 0.4ms
[2024-08-28T13:04:10.104+0000][info][gc,phases      ] GC(419)   Other: 0.3ms
[2024-08-28T13:04:10.104+0000][info][gc,heap        ] GC(419) Eden regions: 44->0(44)
[2024-08-28T13:04:10.104+0000][info][gc,heap        ] GC(419) Survivor regions: 7->7(7)
[2024-08-28T13:04:10.104+0000][info][gc,heap        ] GC(419) Old regions: 849->804
[2024-08-28T13:04:10.104+0000][info][gc,heap        ] GC(419) Archive regions: 2->2
[2024-08-28T13:04:10.104+0000][info][gc,heap        ] GC(419) Humongous regions: 5->5
[2024-08-28T13:04:10.104+0000][info][gc,metaspace   ] GC(419) Metaspace: 100K(320K)->100K(320K) NonClass: 96K(192K)->96K(192K) Class: 4K(128K)->4K(128K)
[2024-08-28T13:04:10.104+0000][info][gc             ] GC(419) Pause Young (Mixed) (G1 Evacuation Pause) 899M->814M(1024M) 13.116ms
[2024-08-28T13:04:10.104+0000][info][gc,cpu         ] GC(419) User=0.28s Sys=0.01s Real=0.01s
[2024-08-28T13:04:10.128+0000][info][gc,start       ] GC(420) Pause Young (Concurrent Start) (G1 Evacuation Pause)
[2024-08-28T13:04:10.128+0000][info][gc,task        ] GC(420) Using 24 workers of 68 for evacuation
[2024-08-28T13:04:10.139+0000][info][gc,phases      ] GC(420)   Pre Evacuate Collection Set: 0.2ms
[2024-08-28T13:04:10.139+0000][info][gc,phases      ] GC(420)   Merge Heap Roots: 0.3ms
[2024-08-28T13:04:10.139+0000][info][gc,phases      ] GC(420)   Evacuate Collection Set: 9.9ms
[2024-08-28T13:04:10.139+0000][info][gc,phases      ] GC(420)   Post Evacuate Collection Set: 0.3ms
[2024-08-28T13:04:10.139+0000][info][gc,phases      ] GC(420)   Other: 1.0ms
[2024-08-28T13:04:10.140+0000][info][gc,heap        ] GC(420) Eden regions: 44->0(44)
[2024-08-28T13:04:10.140+0000][info][gc,heap        ] GC(420) Survivor regions: 7->7(7)
[2024-08-28T13:04:10.140+0000][info][gc,heap        ] GC(420) Old regions: 804->850
[2024-08-28T13:04:10.140+0000][info][gc,heap        ] GC(420) Archive regions: 2->2
[2024-08-28T13:04:10.140+0000][info][gc,heap        ] GC(420) Humongous regions: 5->5
[2024-08-28T13:04:10.140+0000][info][gc,metaspace   ] GC(420) Metaspace: 100K(320K)->100K(320K) NonClass: 96K(192K)->96K(192K) Class: 4K(128K)->4K(128K)
[2024-08-28T13:04:10.140+0000][info][gc             ] GC(420) Pause Young (Concurrent Start) (G1 Evacuation Pause) 858M->860M(1024M) 11.829ms
[2024-08-28T13:04:10.140+0000][info][gc,cpu         ] GC(420) User=0.24s Sys=0.00s Real=0.02s
[2024-08-28T13:04:10.140+0000][info][gc             ] GC(421) Concurrent Mark Cycle
[2024-08-28T13:04:10.140+0000][info][gc,marking     ] GC(421) Concurrent Clear Claimed Marks
[2024-08-28T13:04:10.140+0000][info][gc,marking     ] GC(421) Concurrent Clear Claimed Marks 0.012ms
[2024-08-28T13:04:10.140+0000][info][gc,marking     ] GC(421) Concurrent Scan Root Regions
[2024-08-28T13:04:10.142+0000][info][gc,marking     ] GC(421) Concurrent Scan Root Regions 1.950ms
[2024-08-28T13:04:10.142+0000][info][gc,marking     ] GC(421) Concurrent Mark
[2024-08-28T13:04:10.142+0000][info][gc,marking     ] GC(421) Concurrent Mark From Roots
[2024-08-28T13:04:10.142+0000][info][gc,task        ] GC(421) Using 17 workers of 17 for marking
[2024-08-28T13:04:10.167+0000][info][gc,marking     ] GC(421) Concurrent Mark From Roots 25.360ms
[2024-08-28T13:04:10.167+0000][info][gc,marking     ] GC(421) Concurrent Preclean
[2024-08-28T13:04:10.168+0000][info][gc,marking     ] GC(421) Concurrent Preclean 0.501ms
[2024-08-28T13:04:10.168+0000][info][gc,start       ] GC(421) Pause Remark
[2024-08-28T13:04:10.169+0000][info][gc             ] GC(421) Pause Remark 896M->896M(1024M) 1.268ms
[2024-08-28T13:04:10.169+0000][info][gc,cpu         ] GC(421) User=0.00s Sys=0.00s Real=0.00s
[2024-08-28T13:04:10.169+0000][info][gc,marking     ] GC(421) Concurrent Mark 27.479ms
[2024-08-28T13:04:10.169+0000][info][gc,marking     ] GC(421) Concurrent Rebuild Remembered Sets
[2024-08-28T13:04:10.175+0000][info][gc,start       ] GC(422) Pause Young (Normal) (G1 Evacuation Pause)
[2024-08-28T13:04:10.175+0000][info][gc,task        ] GC(422) Using 24 workers of 68 for evacuation
[2024-08-28T13:04:10.186+0000][info][gc,phases      ] GC(422)   Pre Evacuate Collection Set: 0.2ms
[2024-08-28T13:04:10.186+0000][info][gc,phases      ] GC(422)   Merge Heap Roots: 0.4ms
[2024-08-28T13:04:10.186+0000][info][gc,phases      ] GC(422)   Evacuate Collection Set: 9.7ms
[2024-08-28T13:04:10.186+0000][info][gc,phases      ] GC(422)   Post Evacuate Collection Set: 0.4ms
[2024-08-28T13:04:10.186+0000][info][gc,phases      ] GC(422)   Other: 0.2ms
[2024-08-28T13:04:10.186+0000][info][gc,heap        ] GC(422) Eden regions: 44->0(44)
[2024-08-28T13:04:10.186+0000][info][gc,heap        ] GC(422) Survivor regions: 7->7(7)
[2024-08-28T13:04:10.186+0000][info][gc,heap        ] GC(422) Old regions: 850->897
[2024-08-28T13:04:10.186+0000][info][gc,heap        ] GC(422) Archive regions: 2->2
[2024-08-28T13:04:10.186+0000][info][gc,heap        ] GC(422) Humongous regions: 5->5
[2024-08-28T13:04:10.186+0000][info][gc,metaspace   ] GC(422) Metaspace: 100K(320K)->100K(320K) NonClass: 96K(192K)->96K(192K) Class: 4K(128K)->4K(128K)
[2024-08-28T13:04:10.186+0000][info][gc             ] GC(422) Pause Young (Normal) (G1 Evacuation Pause) 904M->907M(1024M) 10.971ms
[2024-08-28T13:04:10.186+0000][info][gc,cpu         ] GC(422) User=0.24s Sys=0.00s Real=0.01s
[2024-08-28T13:04:10.212+0000][info][gc,start       ] GC(423) Pause Young (Normal) (G1 Evacuation Pause)
[2024-08-28T13:04:10.212+0000][info][gc,task        ] GC(423) Using 24 workers of 68 for evacuation
[2024-08-28T13:04:10.226+0000][info][gc,phases      ] GC(423)   Pre Evacuate Collection Set: 0.2ms
[2024-08-28T13:04:10.226+0000][info][gc,phases      ] GC(423)   Merge Heap Roots: 0.4ms
[2024-08-28T13:04:10.226+0000][info][gc,phases      ] GC(423)   Evacuate Collection Set: 13.1ms
[2024-08-28T13:04:10.226+0000][info][gc,phases      ] GC(423)   Post Evacuate Collection Set: 0.5ms
[2024-08-28T13:04:10.226+0000][info][gc,phases      ] GC(423)   Other: 0.3ms
[2024-08-28T13:04:10.226+0000][info][gc,heap        ] GC(423) Eden regions: 44->0(44)
[2024-08-28T13:04:10.226+0000][info][gc,heap        ] GC(423) Survivor regions: 7->7(7)
[2024-08-28T13:04:10.226+0000][info][gc,heap        ] GC(423) Old regions: 897->943
[2024-08-28T13:04:10.226+0000][info][gc,heap        ] GC(423) Archive regions: 2->2
[2024-08-28T13:04:10.226+0000][info][gc,heap        ] GC(423) Humongous regions: 5->5
[2024-08-28T13:04:10.226+0000][info][gc,metaspace   ] GC(423) Metaspace: 100K(320K)->100K(320K) NonClass: 96K(192K)->96K(192K) Class: 4K(128K)->4K(128K)
[2024-08-28T13:04:10.226+0000][info][gc             ] GC(423) Pause Young (Normal) (G1 Evacuation Pause) 951M->953M(1024M) 14.434ms
[2024-08-28T13:04:10.226+0000][info][gc,cpu         ] GC(423) User=0.32s Sys=0.00s Real=0.01s
[2024-08-28T13:04:10.243+0000][info][gc,start       ] GC(424) Pause Young (Normal) (G1 Preventive Collection)
[2024-08-28T13:04:10.243+0000][info][gc,task        ] GC(424) Using 24 workers of 68 for evacuation
[2024-08-28T13:04:10.256+0000][info][gc,phases      ] GC(424)   Pre Evacuate Collection Set: 0.1ms
[2024-08-28T13:04:10.256+0000][info][gc,phases      ] GC(424)   Merge Heap Roots: 0.5ms
[2024-08-28T13:04:10.256+0000][info][gc,phases      ] GC(424)   Evacuate Collection Set: 11.2ms
[2024-08-28T13:04:10.256+0000][info][gc,phases      ] GC(424)   Post Evacuate Collection Set: 0.5ms
[2024-08-28T13:04:10.256+0000][info][gc,phases      ] GC(424)   Other: 0.2ms
[2024-08-28T13:04:10.256+0000][info][gc,heap        ] GC(424) Eden regions: 28->0(44)
[2024-08-28T13:04:10.256+0000][info][gc,heap        ] GC(424) Survivor regions: 7->7(7)
[2024-08-28T13:04:10.256+0000][info][gc,heap        ] GC(424) Old regions: 943->974
[2024-08-28T13:04:10.256+0000][info][gc,heap        ] GC(424) Archive regions: 2->2
[2024-08-28T13:04:10.256+0000][info][gc,heap        ] GC(424) Humongous regions: 5->5
[2024-08-28T13:04:10.256+0000][info][gc,metaspace   ] GC(424) Metaspace: 100K(320K)->100K(320K) NonClass: 96K(192K)->96K(192K) Class: 4K(128K)->4K(128K)
[2024-08-28T13:04:10.256+0000][info][gc             ] GC(424) Pause Young (Normal) (G1 Preventive Collection) 981M->984M(1024M) 12.696ms
[2024-08-28T13:04:10.256+0000][info][gc,cpu         ] GC(424) User=0.28s Sys=0.00s Real=0.01s
[2024-08-28T13:04:10.265+0000][info][gc,start       ] GC(425) Pause Young (Normal) (G1 Preventive Collection)
[2024-08-28T13:04:10.265+0000][info][gc,task        ] GC(425) Using 24 workers of 68 for evacuation
[2024-08-28T13:04:10.275+0000][info][gc,phases      ] GC(425)   Pre Evacuate Collection Set: 0.1ms
[2024-08-28T13:04:10.275+0000][info][gc,phases      ] GC(425)   Merge Heap Roots: 0.4ms
[2024-08-28T13:04:10.275+0000][info][gc,phases      ] GC(425)   Evacuate Collection Set: 8.9ms
[2024-08-28T13:04:10.275+0000][info][gc,phases      ] GC(425)   Post Evacuate Collection Set: 0.6ms
[2024-08-28T13:04:10.275+0000][info][gc,phases      ] GC(425)   Other: 0.2ms
[2024-08-28T13:04:10.275+0000][info][gc,heap        ] GC(425) Eden regions: 13->0(44)
[2024-08-28T13:04:10.275+0000][info][gc,heap        ] GC(425) Survivor regions: 7->7(7)
[2024-08-28T13:04:10.275+0000][info][gc,heap        ] GC(425) Old regions: 974->990
[2024-08-28T13:04:10.275+0000][info][gc,heap        ] GC(425) Archive regions: 2->2
[2024-08-28T13:04:10.275+0000][info][gc,heap        ] GC(425) Humongous regions: 5->5
[2024-08-28T13:04:10.275+0000][info][gc,metaspace   ] GC(425) Metaspace: 100K(320K)->100K(320K) NonClass: 96K(192K)->96K(192K) Class: 4K(128K)->4K(128K)
[2024-08-28T13:04:10.275+0000][info][gc             ] GC(425) Pause Young (Normal) (G1 Preventive Collection) 997M->1000M(1024M) 10.329ms
[2024-08-28T13:04:10.275+0000][info][gc,cpu         ] GC(425) User=0.23s Sys=0.00s Real=0.01s
[2024-08-28T13:04:10.278+0000][info][gc,start       ] GC(426) Pause Young (Normal) (G1 Preventive Collection)
[2024-08-28T13:04:10.278+0000][info][gc,task        ] GC(426) Using 24 workers of 68 for evacuation
[2024-08-28T13:04:10.287+0000][info][gc,phases      ] GC(426)   Pre Evacuate Collection Set: 0.1ms
[2024-08-28T13:04:10.287+0000][info][gc,phases      ] GC(426)   Merge Heap Roots: 0.6ms
[2024-08-28T13:04:10.287+0000][info][gc,phases      ] GC(426)   Evacuate Collection Set: 7.0ms
[2024-08-28T13:04:10.287+0000][info][gc,phases      ] GC(426)   Post Evacuate Collection Set: 0.5ms
[2024-08-28T13:04:10.287+0000][info][gc,phases      ] GC(426)   Other: 0.1ms
[2024-08-28T13:04:10.287+0000][info][gc,heap        ] GC(426) Eden regions: 5->0(45)
[2024-08-28T13:04:10.287+0000][info][gc,heap        ] GC(426) Survivor regions: 7->6(7)
[2024-08-28T13:04:10.287+0000][info][gc,heap        ] GC(426) Old regions: 990->999
[2024-08-28T13:04:10.287+0000][info][gc,heap        ] GC(426) Archive regions: 2->2
[2024-08-28T13:04:10.287+0000][info][gc,heap        ] GC(426) Humongous regions: 5->5
[2024-08-28T13:04:10.287+0000][info][gc,metaspace   ] GC(426) Metaspace: 100K(320K)->100K(320K) NonClass: 96K(192K)->96K(192K) Class: 4K(128K)->4K(128K)
[2024-08-28T13:04:10.287+0000][info][gc             ] GC(426) Pause Young (Normal) (G1 Preventive Collection) 1005M->1008M(1024M) 8.434ms
[2024-08-28T13:04:10.287+0000][info][gc,cpu         ] GC(426) User=0.19s Sys=0.00s Real=0.00s
[2024-08-28T13:04:10.289+0000][info][gc,start       ] GC(427) Pause Young (Normal) (G1 Preventive Collection)
[2024-08-28T13:04:10.289+0000][info][gc,task        ] GC(427) Using 24 workers of 68 for evacuation
[2024-08-28T13:04:10.296+0000][info][gc,phases      ] GC(427)   Pre Evacuate Collection Set: 0.1ms
[2024-08-28T13:04:10.296+0000][info][gc,phases      ] GC(427)   Merge Heap Roots: 0.4ms
[2024-08-28T13:04:10.296+0000][info][gc,phases      ] GC(427)   Evacuate Collection Set: 6.0ms
[2024-08-28T13:04:10.296+0000][info][gc,phases      ] GC(427)   Post Evacuate Collection Set: 0.5ms
[2024-08-28T13:04:10.296+0000][info][gc,phases      ] GC(427)   Other: 0.2ms
[2024-08-28T13:04:10.296+0000][info][gc,heap        ] GC(427) Eden regions: 2->0(48)
[2024-08-28T13:04:10.296+0000][info][gc,heap        ] GC(427) Survivor regions: 6->3(7)
[2024-08-28T13:04:10.296+0000][info][gc,heap        ] GC(427) Old regions: 999->1005
[2024-08-28T13:04:10.296+0000][info][gc,heap        ] GC(427) Archive regions: 2->2
[2024-08-28T13:04:10.296+0000][info][gc,heap        ] GC(427) Humongous regions: 5->5
[2024-08-28T13:04:10.296+0000][info][gc,metaspace   ] GC(427) Metaspace: 100K(320K)->100K(320K) NonClass: 96K(192K)->96K(192K) Class: 4K(128K)->4K(128K)
[2024-08-28T13:04:10.296+0000][info][gc             ] GC(427) Pause Young (Normal) (G1 Preventive Collection) 1010M->1011M(1024M) 7.378ms
[2024-08-28T13:04:10.296+0000][info][gc,cpu         ] GC(427) User=0.17s Sys=0.00s Real=0.01s
[2024-08-28T13:04:10.298+0000][info][gc,start       ] GC(428) Pause Young (Normal) (G1 Preventive Collection)
[2024-08-28T13:04:10.298+0000][info][gc,task        ] GC(428) Using 24 workers of 68 for evacuation
[2024-08-28T13:04:10.305+0000][info][gc,phases      ] GC(428)   Pre Evacuate Collection Set: 0.1ms
[2024-08-28T13:04:10.305+0000][info][gc,phases      ] GC(428)   Merge Heap Roots: 0.6ms
[2024-08-28T13:04:10.305+0000][info][gc,phases      ] GC(428)   Evacuate Collection Set: 5.8ms
[2024-08-28T13:04:10.305+0000][info][gc,phases      ] GC(428)   Post Evacuate Collection Set: 0.5ms
[2024-08-28T13:04:10.305+0000][info][gc,phases      ] GC(428)   Other: 0.1ms
[2024-08-28T13:04:10.305+0000][info][gc,heap        ] GC(428) Eden regions: 3->0(45)
[2024-08-28T13:04:10.305+0000][info][gc,heap        ] GC(428) Survivor regions: 3->6(6)
[2024-08-28T13:04:10.305+0000][info][gc,heap        ] GC(428) Old regions: 1005->1005
[2024-08-28T13:04:10.305+0000][info][gc,heap        ] GC(428) Archive regions: 2->2
[2024-08-28T13:04:10.305+0000][info][gc,heap        ] GC(428) Humongous regions: 5->5
[2024-08-28T13:04:10.305+0000][info][gc,metaspace   ] GC(428) Metaspace: 100K(320K)->100K(320K) NonClass: 96K(192K)->96K(192K) Class: 4K(128K)->4K(128K)
[2024-08-28T13:04:10.305+0000][info][gc             ] GC(428) Pause Young (Normal) (G1 Preventive Collection) 1014M->1013M(1024M) 7.273ms
[2024-08-28T13:04:10.305+0000][info][gc,cpu         ] GC(428) User=0.16s Sys=0.00s Real=0.00s
[2024-08-28T13:04:10.306+0000][info][gc,start       ] GC(429) Pause Young (Normal) (G1 Preventive Collection)
[2024-08-28T13:04:10.306+0000][info][gc,task        ] GC(429) Using 24 workers of 68 for evacuation
[2024-08-28T13:04:10.314+0000][info][gc             ] GC(429) To-space exhausted
[2024-08-28T13:04:10.314+0000][info][gc,phases      ] GC(429)   Pre Evacuate Collection Set: 0.1ms
[2024-08-28T13:04:10.314+0000][info][gc,phases      ] GC(429)   Merge Heap Roots: 0.4ms
[2024-08-28T13:04:10.314+0000][info][gc,phases      ] GC(429)   Evacuate Collection Set: 5.8ms
[2024-08-28T13:04:10.314+0000][info][gc,phases      ] GC(429)   Post Evacuate Collection Set: 0.8ms
[2024-08-28T13:04:10.314+0000][info][gc,phases      ] GC(429)   Other: 0.1ms
[2024-08-28T13:04:10.314+0000][info][gc,heap        ] GC(429) Eden regions: 1->0(48)
[2024-08-28T13:04:10.314+0000][info][gc,heap        ] GC(429) Survivor regions: 6->3(5)
[2024-08-28T13:04:10.314+0000][info][gc,heap        ] GC(429) Old regions: 1005->1014
[2024-08-28T13:04:10.314+0000][info][gc,heap        ] GC(429) Archive regions: 2->2
[2024-08-28T13:04:10.314+0000][info][gc,heap        ] GC(429) Humongous regions: 5->5
[2024-08-28T13:04:10.314+0000][info][gc,metaspace   ] GC(429) Metaspace: 100K(320K)->100K(320K) NonClass: 96K(192K)->96K(192K) Class: 4K(128K)->4K(128K)
[2024-08-28T13:04:10.314+0000][info][gc             ] GC(429) Pause Young (Normal) (G1 Preventive Collection) 1014M->1020M(1024M) 7.348ms
[2024-08-28T13:04:10.314+0000][info][gc,cpu         ] GC(429) User=0.14s Sys=0.02s Real=0.01s
[2024-08-28T13:04:10.314+0000][info][gc,ergo        ] Attempting full compaction
[2024-08-28T13:04:10.314+0000][info][gc,task        ] GC(430) Using 24 workers of 68 for full compaction
[2024-08-28T13:04:10.314+0000][info][gc,start       ] GC(430) Pause Full (G1 Compaction Pause)
[2024-08-28T13:04:10.315+0000][info][gc,phases,start] GC(430) Phase 1: Mark live objects
[2024-08-28T13:04:10.331+0000][info][gc,phases      ] GC(430) Phase 1: Mark live objects 16.083ms
[2024-08-28T13:04:10.331+0000][info][gc,phases,start] GC(430) Phase 2: Prepare for compaction
[2024-08-28T13:04:10.340+0000][info][gc,phases      ] GC(430) Phase 2: Prepare for compaction 9.040ms
[2024-08-28T13:04:10.340+0000][info][gc,phases,start] GC(430) Phase 3: Adjust pointers
[2024-08-28T13:04:10.355+0000][info][gc,phases      ] GC(430) Phase 3: Adjust pointers 15.237ms
[2024-08-28T13:04:10.355+0000][info][gc,phases,start] GC(430) Phase 4: Compact heap
[2024-08-28T13:04:10.386+0000][info][gc,phases      ] GC(430) Phase 4: Compact heap 30.529ms
[2024-08-28T13:04:10.387+0000][info][gc,heap        ] GC(430) Eden regions: 0->0(150)
[2024-08-28T13:04:10.387+0000][info][gc,heap        ] GC(430) Survivor regions: 3->0(5)
[2024-08-28T13:04:10.387+0000][info][gc,heap        ] GC(430) Old regions: 1014->442
[2024-08-28T13:04:10.387+0000][info][gc,heap        ] GC(430) Archive regions: 2->2
[2024-08-28T13:04:10.387+0000][info][gc,heap        ] GC(430) Humongous regions: 5->5
[2024-08-28T13:04:10.387+0000][info][gc,metaspace   ] GC(430) Metaspace: 100K(320K)->100K(320K) NonClass: 96K(192K)->96K(192K) Class: 4K(128K)->4K(128K)
[2024-08-28T13:04:10.387+0000][info][gc             ] GC(430) Pause Full (G1 Compaction Pause) 1020M->436M(1024M) 73.167ms
[2024-08-28T13:04:10.387+0000][info][gc,cpu         ] GC(430) User=1.59s Sys=0.00s Real=0.07s
[2024-08-28T13:04:10.387+0000][info][gc,marking     ] GC(421) Concurrent Rebuild Remembered Sets 218.101ms
[2024-08-28T13:04:10.387+0000][info][gc,marking     ] GC(421) Concurrent Mark Abort
[2024-08-28T13:04:10.387+0000][info][gc             ] GC(421) Concurrent Mark Cycle 247.700ms
[2024-08-28T13:04:10.475+0000][info][gc,start       ] GC(431) Pause Young (Normal) (G1 Evacuation Pause)
[2024-08-28T13:04:10.475+0000][info][gc,task        ] GC(431) Using 24 workers of 68 for evacuation
[2024-08-28T13:04:10.498+0000][info][gc,phases      ] GC(431)   Pre Evacuate Collection Set: 0.1ms
[2024-08-28T13:04:10.498+0000][info][gc,phases      ] GC(431)   Merge Heap Roots: 0.4ms
[2024-08-28T13:04:10.498+0000][info][gc,phases      ] GC(431)   Evacuate Collection Set: 22.0ms
[2024-08-28T13:04:10.498+0000][info][gc,phases      ] GC(431)   Post Evacuate Collection Set: 0.4ms
[2024-08-28T13:04:10.498+0000][info][gc,phases      ] GC(431)   Other: 0.2ms
[2024-08-28T13:04:10.498+0000][info][gc,heap        ] GC(431) Eden regions: 150->0(103)
[2024-08-28T13:04:10.498+0000][info][gc,heap        ] GC(431) Survivor regions: 0->19(19)
[2024-08-28T13:04:10.498+0000][info][gc,heap        ] GC(431) Old regions: 442->569
[2024-08-28T13:04:10.498+0000][info][gc,heap        ] GC(431) Archive regions: 2->2
[2024-08-28T13:04:10.498+0000][info][gc,heap        ] GC(431) Humongous regions: 5->5
[2024-08-28T13:04:10.498+0000][info][gc,metaspace   ] GC(431) Metaspace: 100K(320K)->100K(320K) NonClass: 96K(192K)->96K(192K) Class: 4K(128K)->4K(128K)
[2024-08-28T13:04:10.498+0000][info][gc             ] GC(431) Pause Young (Normal) (G1 Evacuation Pause) 586M->582M(1024M) 23.184ms
[2024-08-28T13:04:10.498+0000][info][gc,cpu         ] GC(431) User=0.53s Sys=0.01s Real=0.03s
[2024-08-28T13:04:10.555+0000][info][gc,start       ] GC(432) Pause Young (Concurrent Start) (G1 Evacuation Pause)
[2024-08-28T13:04:10.556+0000][info][gc,task        ] GC(432) Using 24 workers of 68 for evacuation
[2024-08-28T13:04:10.575+0000][info][gc,phases      ] GC(432)   Pre Evacuate Collection Set: 0.2ms
[2024-08-28T13:04:10.575+0000][info][gc,phases      ] GC(432)   Merge Heap Roots: 0.4ms
[2024-08-28T13:04:10.575+0000][info][gc,phases      ] GC(432)   Evacuate Collection Set: 18.4ms
[2024-08-28T13:04:10.575+0000][info][gc,phases      ] GC(432)   Post Evacuate Collection Set: 0.3ms
[2024-08-28T13:04:10.575+0000][info][gc,phases      ] GC(432)   Other: 0.6ms
[2024-08-28T13:04:10.575+0000][info][gc,heap        ] GC(432) Eden regions: 103->0(70)
[2024-08-28T13:04:10.575+0000][info][gc,heap        ] GC(432) Survivor regions: 19->16(16)
[2024-08-28T13:04:10.575+0000][info][gc,heap        ] GC(432) Old regions: 569->675
[2024-08-28T13:04:10.575+0000][info][gc,heap        ] GC(432) Archive regions: 2->2
[2024-08-28T13:04:10.575+0000][info][gc,heap        ] GC(432) Humongous regions: 5->5
[2024-08-28T13:04:10.575+0000][info][gc,metaspace   ] GC(432) Metaspace: 100K(320K)->100K(320K) NonClass: 96K(192K)->96K(192K) Class: 4K(128K)->4K(128K)
[2024-08-28T13:04:10.575+0000][info][gc             ] GC(432) Pause Young (Concurrent Start) (G1 Evacuation Pause) 685M->685M(1024M) 19.909ms
[2024-08-28T13:04:10.575+0000][info][gc,cpu         ] GC(432) User=0.44s Sys=0.00s Real=0.02s
[2024-08-28T13:04:10.575+0000][info][gc             ] GC(433) Concurrent Mark Cycle
[2024-08-28T13:04:10.575+0000][info][gc,marking     ] GC(433) Concurrent Clear Claimed Marks
[2024-08-28T13:04:10.575+0000][info][gc,marking     ] GC(433) Concurrent Clear Claimed Marks 0.009ms
[2024-08-28T13:04:10.575+0000][info][gc,marking     ] GC(433) Concurrent Scan Root Regions
[2024-08-28T13:04:10.580+0000][info][gc,marking     ] GC(433) Concurrent Scan Root Regions 4.047ms
[2024-08-28T13:04:10.580+0000][info][gc,marking     ] GC(433) Concurrent Mark
[2024-08-28T13:04:10.580+0000][info][gc,marking     ] GC(433) Concurrent Mark From Roots
[2024-08-28T13:04:10.580+0000][info][gc,task        ] GC(433) Using 17 workers of 17 for marking
[2024-08-28T13:04:10.602+0000][info][gc,marking     ] GC(433) Concurrent Mark From Roots 22.341ms
[2024-08-28T13:04:10.602+0000][info][gc,marking     ] GC(433) Concurrent Preclean
[2024-08-28T13:04:10.602+0000][info][gc,marking     ] GC(433) Concurrent Preclean 0.499ms
[2024-08-28T13:04:10.603+0000][info][gc,start       ] GC(433) Pause Remark
[2024-08-28T13:04:10.604+0000][info][gc             ] GC(433) Pause Remark 720M->720M(1024M) 1.166ms
[2024-08-28T13:04:10.604+0000][info][gc,cpu         ] GC(433) User=0.01s Sys=0.00s Real=0.00s
[2024-08-28T13:04:10.604+0000][info][gc,marking     ] GC(433) Concurrent Mark 24.350ms
[2024-08-28T13:04:10.604+0000][info][gc,marking     ] GC(433) Concurrent Rebuild Remembered Sets
[2024-08-28T13:04:10.625+0000][info][gc,start       ] GC(434) Pause Young (Normal) (G1 Evacuation Pause)
[2024-08-28T13:04:10.625+0000][info][gc,task        ] GC(434) Using 24 workers of 68 for evacuation
[2024-08-28T13:04:10.641+0000][info][gc,phases      ] GC(434)   Pre Evacuate Collection Set: 0.2ms
[2024-08-28T13:04:10.641+0000][info][gc,phases      ] GC(434)   Merge Heap Roots: 0.4ms
[2024-08-28T13:04:10.642+0000][info][gc,phases      ] GC(434)   Evacuate Collection Set: 15.7ms
[2024-08-28T13:04:10.642+0000][info][gc,phases      ] GC(434)   Post Evacuate Collection Set: 0.5ms
[2024-08-28T13:04:10.642+0000][info][gc,phases      ] GC(434)   Other: 0.2ms
[2024-08-28T13:04:10.642+0000][info][gc,heap        ] GC(434) Eden regions: 70->0(46)
[2024-08-28T13:04:10.642+0000][info][gc,heap        ] GC(434) Survivor regions: 16->11(11)
[2024-08-28T13:04:10.642+0000][info][gc,heap        ] GC(434) Old regions: 675->754
[2024-08-28T13:04:10.642+0000][info][gc,heap        ] GC(434) Archive regions: 2->2
[2024-08-28T13:04:10.642+0000][info][gc,heap        ] GC(434) Humongous regions: 5->5
[2024-08-28T13:04:10.642+0000][info][gc,metaspace   ] GC(434) Metaspace: 100K(320K)->100K(320K) NonClass: 96K(192K)->96K(192K) Class: 4K(128K)->4K(128K)
[2024-08-28T13:04:10.642+0000][info][gc             ] GC(434) Pause Young (Normal) (G1 Evacuation Pause) 755M->759M(1024M) 17.025ms
[2024-08-28T13:04:10.642+0000][info][gc,cpu         ] GC(434) User=0.39s Sys=0.00s Real=0.02s
[2024-08-28T13:04:10.668+0000][info][gc,start       ] GC(435) Pause Young (Normal) (G1 Evacuation Pause)
[2024-08-28T13:04:10.668+0000][info][gc,task        ] GC(435) Using 24 workers of 68 for evacuation
[2024-08-28T13:04:10.688+0000][info][gc,phases      ] GC(435)   Pre Evacuate Collection Set: 0.1ms
[2024-08-28T13:04:10.688+0000][info][gc,phases      ] GC(435)   Merge Heap Roots: 0.4ms
[2024-08-28T13:04:10.688+0000][info][gc,phases      ] GC(435)   Evacuate Collection Set: 18.6ms
[2024-08-28T13:04:10.688+0000][info][gc,phases      ] GC(435)   Post Evacuate Collection Set: 0.6ms
[2024-08-28T13:04:10.688+0000][info][gc,phases      ] GC(435)   Other: 0.2ms
[2024-08-28T13:04:10.688+0000][info][gc,heap        ] GC(435) Eden regions: 46->0(43)
[2024-08-28T13:04:10.688+0000][info][gc,heap        ] GC(435) Survivor regions: 11->8(8)
[2024-08-28T13:04:10.688+0000][info][gc,heap        ] GC(435) Old regions: 754->806
[2024-08-28T13:04:10.688+0000][info][gc,heap        ] GC(435) Archive regions: 2->2
[2024-08-28T13:04:10.688+0000][info][gc,heap        ] GC(435) Humongous regions: 5->5
[2024-08-28T13:04:10.688+0000][info][gc,metaspace   ] GC(435) Metaspace: 100K(320K)->100K(320K) NonClass: 96K(192K)->96K(192K) Class: 4K(128K)->4K(128K)
[2024-08-28T13:04:10.688+0000][info][gc             ] GC(435) Pause Young (Normal) (G1 Evacuation Pause) 805M->808M(1024M) 20.001ms
[2024-08-28T13:04:10.688+0000][info][gc,cpu         ] GC(435) User=0.47s Sys=0.00s Real=0.02s
[2024-08-28T13:04:10.709+0000][info][gc,marking     ] GC(433) Concurrent Rebuild Remembered Sets 105.493ms
[2024-08-28T13:04:10.710+0000][info][gc,start       ] GC(433) Pause Cleanup
[2024-08-28T13:04:10.711+0000][info][gc             ] GC(433) Pause Cleanup 843M->843M(1024M) 1.263ms
[2024-08-28T13:04:10.711+0000][info][gc,cpu         ] GC(433) User=0.00s Sys=0.00s Real=0.00s
[2024-08-28T13:04:10.711+0000][info][gc,marking     ] GC(433) Concurrent Cleanup for Next Mark
[2024-08-28T13:04:10.712+0000][info][gc,marking     ] GC(433) Concurrent Cleanup for Next Mark 0.806ms
[2024-08-28T13:04:10.712+0000][info][gc             ] GC(433) Concurrent Mark Cycle 136.490ms
[2024-08-28T13:04:10.717+0000][info][gc,start       ] GC(436) Pause Young (Prepare Mixed) (G1 Evacuation Pause)
[2024-08-28T13:04:10.717+0000][info][gc,task        ] GC(436) Using 24 workers of 68 for evacuation
[2024-08-28T13:04:10.734+0000][info][gc,phases      ] GC(436)   Pre Evacuate Collection Set: 0.2ms
[2024-08-28T13:04:10.734+0000][info][gc,phases      ] GC(436)   Merge Heap Roots: 0.6ms
[2024-08-28T13:04:10.734+0000][info][gc,phases      ] GC(436)   Evacuate Collection Set: 16.0ms
[2024-08-28T13:04:10.734+0000][info][gc,phases      ] GC(436)   Post Evacuate Collection Set: 0.3ms
[2024-08-28T13:04:10.735+0000][info][gc,phases      ] GC(436)   Other: 0.2ms
[2024-08-28T13:04:10.735+0000][info][gc,heap        ] GC(436) Eden regions: 43->0(44)
[2024-08-28T13:04:10.735+0000][info][gc,heap        ] GC(436) Survivor regions: 8->7(7)
[2024-08-28T13:04:10.735+0000][info][gc,heap        ] GC(436) Old regions: 806->853
[2024-08-28T13:04:10.735+0000][info][gc,heap        ] GC(436) Archive regions: 2->2
[2024-08-28T13:04:10.735+0000][info][gc,heap        ] GC(436) Humongous regions: 5->5
[2024-08-28T13:04:10.735+0000][info][gc,metaspace   ] GC(436) Metaspace: 100K(320K)->100K(320K) NonClass: 96K(192K)->96K(192K) Class: 4K(128K)->4K(128K)
[2024-08-28T13:04:10.735+0000][info][gc             ] GC(436) Pause Young (Prepare Mixed) (G1 Evacuation Pause) 851M->854M(1024M) 17.289ms
[2024-08-28T13:04:10.735+0000][info][gc,cpu         ] GC(436) User=0.39s Sys=0.00s Real=0.02s
[2024-08-28T13:04:10.759+0000][info][gc,start       ] GC(437) Pause Young (Mixed) (G1 Evacuation Pause)
[2024-08-28T13:04:10.759+0000][info][gc,task        ] GC(437) Using 24 workers of 68 for evacuation
[2024-08-28T13:04:10.772+0000][info][gc,phases      ] GC(437)   Pre Evacuate Collection Set: 0.2ms
[2024-08-28T13:04:10.772+0000][info][gc,phases      ] GC(437)   Merge Heap Roots: 0.4ms
[2024-08-28T13:04:10.772+0000][info][gc,phases      ] GC(437)   Evacuate Collection Set: 11.6ms
[2024-08-28T13:04:10.772+0000][info][gc,phases      ] GC(437)   Post Evacuate Collection Set: 0.3ms
[2024-08-28T13:04:10.772+0000][info][gc,phases      ] GC(437)   Other: 0.3ms
[2024-08-28T13:04:10.772+0000][info][gc,heap        ] GC(437) Eden regions: 44->0(44)
[2024-08-28T13:04:10.772+0000][info][gc,heap        ] GC(437) Survivor regions: 7->7(7)
[2024-08-28T13:04:10.772+0000][info][gc,heap        ] GC(437) Old regions: 853->797
[2024-08-28T13:04:10.772+0000][info][gc,heap        ] GC(437) Archive regions: 2->2
[2024-08-28T13:04:10.772+0000][info][gc,heap        ] GC(437) Humongous regions: 5->5
[2024-08-28T13:04:10.772+0000][info][gc,metaspace   ] GC(437) Metaspace: 100K(320K)->100K(320K) NonClass: 96K(192K)->96K(192K) Class: 4K(128K)->4K(128K)
[2024-08-28T13:04:10.772+0000][info][gc             ] GC(437) Pause Young (Mixed) (G1 Evacuation Pause) 898M->799M(1024M) 12.951ms
[2024-08-28T13:04:10.772+0000][info][gc,cpu         ] GC(437) User=0.29s Sys=0.00s Real=0.01s
[2024-08-28T13:04:10.797+0000][info][gc,start       ] GC(438) Pause Young (Mixed) (G1 Evacuation Pause)
[2024-08-28T13:04:10.797+0000][info][gc,task        ] GC(438) Using 24 workers of 68 for evacuation
[2024-08-28T13:04:10.809+0000][info][gc,phases      ] GC(438)   Pre Evacuate Collection Set: 0.2ms
[2024-08-28T13:04:10.809+0000][info][gc,phases      ] GC(438)   Merge Heap Roots: 0.4ms
[2024-08-28T13:04:10.809+0000][info][gc,phases      ] GC(438)   Evacuate Collection Set: 11.0ms
[2024-08-28T13:04:10.809+0000][info][gc,phases      ] GC(438)   Post Evacuate Collection Set: 0.4ms
[2024-08-28T13:04:10.809+0000][info][gc,phases      ] GC(438)   Other: 0.2ms
[2024-08-28T13:04:10.809+0000][info][gc,heap        ] GC(438) Eden regions: 44->0(48)
[2024-08-28T13:04:10.809+0000][info][gc,heap        ] GC(438) Survivor regions: 7->7(7)
[2024-08-28T13:04:10.809+0000][info][gc,heap        ] GC(438) Old regions: 797->753
[2024-08-28T13:04:10.809+0000][info][gc,heap        ] GC(438) Archive regions: 2->2
[2024-08-28T13:04:10.809+0000][info][gc,heap        ] GC(438) Humongous regions: 5->5
[2024-08-28T13:04:10.809+0000][info][gc,metaspace   ] GC(438) Metaspace: 100K(320K)->100K(320K) NonClass: 96K(192K)->96K(192K) Class: 4K(128K)->4K(128K)
[2024-08-28T13:04:10.809+0000][info][gc             ] GC(438) Pause Young (Mixed) (G1 Evacuation Pause) 843M->757M(1024M) 12.340ms
[2024-08-28T13:04:10.809+0000][info][gc,cpu         ] GC(438) User=0.27s Sys=0.00s Real=0.01s
[2024-08-28T13:04:10.835+0000][info][gc,start       ] GC(439) Pause Young (Concurrent Start) (G1 Evacuation Pause)
[2024-08-28T13:04:10.835+0000][info][gc,task        ] GC(439) Using 24 workers of 68 for evacuation
[2024-08-28T13:04:10.847+0000][info][gc,phases      ] GC(439)   Pre Evacuate Collection Set: 0.2ms
[2024-08-28T13:04:10.847+0000][info][gc,phases      ] GC(439)   Merge Heap Roots: 0.3ms
[2024-08-28T13:04:10.847+0000][info][gc,phases      ] GC(439)   Evacuate Collection Set: 10.6ms
[2024-08-28T13:04:10.847+0000][info][gc,phases      ] GC(439)   Post Evacuate Collection Set: 0.5ms
[2024-08-28T13:04:10.847+0000][info][gc,phases      ] GC(439)   Other: 0.6ms
[2024-08-28T13:04:10.847+0000][info][gc,heap        ] GC(439) Eden regions: 48->0(44)
[2024-08-28T13:04:10.847+0000][info][gc,heap        ] GC(439) Survivor regions: 7->7(7)
[2024-08-28T13:04:10.847+0000][info][gc,heap        ] GC(439) Old regions: 753->804
[2024-08-28T13:04:10.847+0000][info][gc,heap        ] GC(439) Archive regions: 2->2
[2024-08-28T13:04:10.847+0000][info][gc,heap        ] GC(439) Humongous regions: 5->5
[2024-08-28T13:04:10.847+0000][info][gc,metaspace   ] GC(439) Metaspace: 100K(320K)->100K(320K) NonClass: 96K(192K)->96K(192K) Class: 4K(128K)->4K(128K)
[2024-08-28T13:04:10.847+0000][info][gc             ] GC(439) Pause Young (Concurrent Start) (G1 Evacuation Pause) 805M->808M(1024M) 12.342ms
[2024-08-28T13:04:10.847+0000][info][gc,cpu         ] GC(439) User=0.24s Sys=0.02s Real=0.01s
[2024-08-28T13:04:10.847+0000][info][gc             ] GC(440) Concurrent Mark Cycle
[2024-08-28T13:04:10.847+0000][info][gc,marking     ] GC(440) Concurrent Clear Claimed Marks
[2024-08-28T13:04:10.847+0000][info][gc,marking     ] GC(440) Concurrent Clear Claimed Marks 0.017ms
[2024-08-28T13:04:10.847+0000][info][gc,marking     ] GC(440) Concurrent Scan Root Regions
[2024-08-28T13:04:10.849+0000][info][gc,marking     ] GC(440) Concurrent Scan Root Regions 2.036ms
[2024-08-28T13:04:10.849+0000][info][gc,marking     ] GC(440) Concurrent Mark
[2024-08-28T13:04:10.849+0000][info][gc,marking     ] GC(440) Concurrent Mark From Roots
[2024-08-28T13:04:10.849+0000][info][gc,task        ] GC(440) Using 17 workers of 17 for marking
[2024-08-28T13:04:10.875+0000][info][gc,marking     ] GC(440) Concurrent Mark From Roots 25.473ms
[2024-08-28T13:04:10.875+0000][info][gc,marking     ] GC(440) Concurrent Preclean
[2024-08-28T13:04:10.875+0000][info][gc,marking     ] GC(440) Concurrent Preclean 0.504ms
[2024-08-28T13:04:10.875+0000][info][gc,start       ] GC(440) Pause Remark
[2024-08-28T13:04:10.878+0000][info][gc             ] GC(440) Pause Remark 843M->843M(1024M) 2.106ms
[2024-08-28T13:04:10.878+0000][info][gc,cpu         ] GC(440) User=0.01s Sys=0.00s Real=0.01s
[2024-08-28T13:04:10.878+0000][info][gc,marking     ] GC(440) Concurrent Mark 28.514ms
[2024-08-28T13:04:10.878+0000][info][gc,marking     ] GC(440) Concurrent Rebuild Remembered Sets
[2024-08-28T13:04:10.883+0000][info][gc,start       ] GC(441) Pause Young (Normal) (G1 Evacuation Pause)
[2024-08-28T13:04:10.883+0000][info][gc,task        ] GC(441) Using 24 workers of 68 for evacuation
[2024-08-28T13:04:10.894+0000][info][gc,phases      ] GC(441)   Pre Evacuate Collection Set: 0.2ms
[2024-08-28T13:04:10.894+0000][info][gc,phases      ] GC(441)   Merge Heap Roots: 0.3ms
[2024-08-28T13:04:10.894+0000][info][gc,phases      ] GC(441)   Evacuate Collection Set: 9.6ms
[2024-08-28T13:04:10.894+0000][info][gc,phases      ] GC(441)   Post Evacuate Collection Set: 0.4ms
[2024-08-28T13:04:10.894+0000][info][gc,phases      ] GC(441)   Other: 0.2ms
[2024-08-28T13:04:10.894+0000][info][gc,heap        ] GC(441) Eden regions: 44->0(44)
[2024-08-28T13:04:10.894+0000][info][gc,heap        ] GC(441) Survivor regions: 7->7(7)
[2024-08-28T13:04:10.894+0000][info][gc,heap        ] GC(441) Old regions: 804->851
[2024-08-28T13:04:10.894+0000][info][gc,heap        ] GC(441) Archive regions: 2->2
[2024-08-28T13:04:10.894+0000][info][gc,heap        ] GC(441) Humongous regions: 5->5
[2024-08-28T13:04:10.894+0000][info][gc,metaspace   ] GC(441) Metaspace: 100K(320K)->100K(320K) NonClass: 96K(192K)->96K(192K) Class: 4K(128K)->4K(128K)
[2024-08-28T13:04:10.894+0000][info][gc             ] GC(441) Pause Young (Normal) (G1 Evacuation Pause) 852M->855M(1024M) 10.753ms
[2024-08-28T13:04:10.894+0000][info][gc,cpu         ] GC(441) User=0.23s Sys=0.01s Real=0.01s
[2024-08-28T13:04:10.919+0000][info][gc,start       ] GC(442) Pause Young (Normal) (G1 Evacuation Pause)
[2024-08-28T13:04:10.919+0000][info][gc,task        ] GC(442) Using 24 workers of 68 for evacuation
[2024-08-28T13:04:10.933+0000][info][gc,phases      ] GC(442)   Pre Evacuate Collection Set: 0.1ms
[2024-08-28T13:04:10.933+0000][info][gc,phases      ] GC(442)   Merge Heap Roots: 0.4ms
[2024-08-28T13:04:10.933+0000][info][gc,phases      ] GC(442)   Evacuate Collection Set: 13.1ms
[2024-08-28T13:04:10.933+0000][info][gc,phases      ] GC(442)   Post Evacuate Collection Set: 0.5ms
[2024-08-28T13:04:10.933+0000][info][gc,phases      ] GC(442)   Other: 0.3ms
[2024-08-28T13:04:10.933+0000][info][gc,heap        ] GC(442) Eden regions: 44->0(44)
[2024-08-28T13:04:10.933+0000][info][gc,heap        ] GC(442) Survivor regions: 7->7(7)
[2024-08-28T13:04:10.933+0000][info][gc,heap        ] GC(442) Old regions: 851->897
[2024-08-28T13:04:10.933+0000][info][gc,heap        ] GC(442) Archive regions: 2->2
[2024-08-28T13:04:10.933+0000][info][gc,heap        ] GC(442) Humongous regions: 5->5
[2024-08-28T13:04:10.933+0000][info][gc,metaspace   ] GC(442) Metaspace: 100K(320K)->100K(320K) NonClass: 96K(192K)->96K(192K) Class: 4K(128K)->4K(128K)
[2024-08-28T13:04:10.933+0000][info][gc             ] GC(442) Pause Young (Normal) (G1 Evacuation Pause) 899M->900M(1024M) 14.568ms
[2024-08-28T13:04:10.934+0000][info][gc,cpu         ] GC(442) User=0.32s Sys=0.01s Real=0.01s
[2024-08-28T13:04:10.959+0000][info][gc,start       ] GC(443) Pause Young (Normal) (G1 Evacuation Pause)
[2024-08-28T13:04:10.960+0000][info][gc,task        ] GC(443) Using 24 workers of 68 for evacuation
[2024-08-28T13:04:10.976+0000][info][gc,phases      ] GC(443)   Pre Evacuate Collection Set: 0.1ms
[2024-08-28T13:04:10.976+0000][info][gc,phases      ] GC(443)   Merge Heap Roots: 0.4ms
[2024-08-28T13:04:10.976+0000][info][gc,phases      ] GC(443)   Evacuate Collection Set: 14.8ms
[2024-08-28T13:04:10.976+0000][info][gc,phases      ] GC(443)   Post Evacuate Collection Set: 0.7ms
[2024-08-28T13:04:10.976+0000][info][gc,phases      ] GC(443)   Other: 0.2ms
[2024-08-28T13:04:10.976+0000][info][gc,heap        ] GC(443) Eden regions: 44->0(44)
[2024-08-28T13:04:10.976+0000][info][gc,heap        ] GC(443) Survivor regions: 7->7(7)
[2024-08-28T13:04:10.976+0000][info][gc,heap        ] GC(443) Old regions: 897->943
[2024-08-28T13:04:10.976+0000][info][gc,heap        ] GC(443) Archive regions: 2->2
[2024-08-28T13:04:10.976+0000][info][gc,heap        ] GC(443) Humongous regions: 5->5
[2024-08-28T13:04:10.976+0000][info][gc,metaspace   ] GC(443) Metaspace: 100K(320K)->100K(320K) NonClass: 96K(192K)->96K(192K) Class: 4K(128K)->4K(128K)
[2024-08-28T13:04:10.976+0000][info][gc             ] GC(443) Pause Young (Normal) (G1 Evacuation Pause) 944M->947M(1024M) 16.341ms
[2024-08-28T13:04:10.976+0000][info][gc,cpu         ] GC(443) User=0.37s Sys=0.00s Real=0.01s
[2024-08-28T13:04:10.986+0000][info][gc,marking     ] GC(440) Concurrent Rebuild Remembered Sets 108.357ms
[2024-08-28T13:04:10.986+0000][info][gc,start       ] GC(440) Pause Cleanup
[2024-08-28T13:04:10.988+0000][info][gc             ] GC(440) Pause Cleanup 964M->964M(1024M) 1.680ms
[2024-08-28T13:04:10.988+0000][info][gc,cpu         ] GC(440) User=0.00s Sys=0.00s Real=0.00s
[2024-08-28T13:04:10.988+0000][info][gc,marking     ] GC(440) Concurrent Cleanup for Next Mark
[2024-08-28T13:04:10.989+0000][info][gc,marking     ] GC(440) Concurrent Cleanup for Next Mark 1.276ms
[2024-08-28T13:04:10.989+0000][info][gc             ] GC(440) Concurrent Mark Cycle 142.450ms
[2024-08-28T13:04:10.997+0000][info][gc,start       ] GC(444) Pause Young (Prepare Mixed) (G1 Preventive Collection)
[2024-08-28T13:04:10.997+0000][info][gc,task        ] GC(444) Using 24 workers of 68 for evacuation
[2024-08-28T13:04:11.008+0000][info][gc,phases      ] GC(444)   Pre Evacuate Collection Set: 0.1ms
[2024-08-28T13:04:11.008+0000][info][gc,phases      ] GC(444)   Merge Heap Roots: 0.6ms
[2024-08-28T13:04:11.008+0000][info][gc,phases      ] GC(444)   Evacuate Collection Set: 10.6ms
[2024-08-28T13:04:11.008+0000][info][gc,phases      ] GC(444)   Post Evacuate Collection Set: 0.3ms
[2024-08-28T13:04:11.008+0000][info][gc,phases      ] GC(444)   Other: 0.2ms
[2024-08-28T13:04:11.008+0000][info][gc,heap        ] GC(444) Eden regions: 28->0(44)
[2024-08-28T13:04:11.008+0000][info][gc,heap        ] GC(444) Survivor regions: 7->7(7)
[2024-08-28T13:04:11.008+0000][info][gc,heap        ] GC(444) Old regions: 943->975
[2024-08-28T13:04:11.008+0000][info][gc,heap        ] GC(444) Archive regions: 2->2
[2024-08-28T13:04:11.008+0000][info][gc,heap        ] GC(444) Humongous regions: 5->5
[2024-08-28T13:04:11.008+0000][info][gc,metaspace   ] GC(444) Metaspace: 100K(320K)->100K(320K) NonClass: 96K(192K)->96K(192K) Class: 4K(128K)->4K(128K)
[2024-08-28T13:04:11.008+0000][info][gc             ] GC(444) Pause Young (Prepare Mixed) (G1 Preventive Collection) 975M->978M(1024M) 11.769ms
[2024-08-28T13:04:11.008+0000][info][gc,cpu         ] GC(444) User=0.27s Sys=0.00s Real=0.01s
[2024-08-28T13:04:11.015+0000][info][gc,start       ] GC(445) Pause Young (Mixed) (G1 Preventive Collection)
[2024-08-28T13:04:11.015+0000][info][gc,task        ] GC(445) Using 24 workers of 68 for evacuation
[2024-08-28T13:04:11.021+0000][info][gc,phases      ] GC(445)   Pre Evacuate Collection Set: 0.1ms
[2024-08-28T13:04:11.021+0000][info][gc,phases      ] GC(445)   Merge Heap Roots: 0.3ms
[2024-08-28T13:04:11.021+0000][info][gc,phases      ] GC(445)   Evacuate Collection Set: 4.9ms
[2024-08-28T13:04:11.021+0000][info][gc,phases      ] GC(445)   Post Evacuate Collection Set: 0.3ms
[2024-08-28T13:04:11.021+0000][info][gc,phases      ] GC(445)   Other: 0.1ms
[2024-08-28T13:04:11.021+0000][info][gc,heap        ] GC(445) Eden regions: 12->0(44)
[2024-08-28T13:04:11.021+0000][info][gc,heap        ] GC(445) Survivor regions: 7->7(7)
[2024-08-28T13:04:11.021+0000][info][gc,heap        ] GC(445) Old regions: 975->886
[2024-08-28T13:04:11.021+0000][info][gc,heap        ] GC(445) Archive regions: 2->2
[2024-08-28T13:04:11.021+0000][info][gc,heap        ] GC(445) Humongous regions: 5->5
[2024-08-28T13:04:11.021+0000][info][gc,metaspace   ] GC(445) Metaspace: 100K(320K)->100K(320K) NonClass: 96K(192K)->96K(192K) Class: 4K(128K)->4K(128K)
[2024-08-28T13:04:11.021+0000][info][gc             ] GC(445) Pause Young (Mixed) (G1 Preventive Collection) 990M->896M(1024M) 5.840ms
[2024-08-28T13:04:11.021+0000][info][gc,cpu         ] GC(445) User=0.13s Sys=0.00s Real=0.01s
[2024-08-28T13:04:11.043+0000][info][gc,start       ] GC(446) Pause Young (Mixed) (G1 Evacuation Pause)
[2024-08-28T13:04:11.043+0000][info][gc,task        ] GC(446) Using 24 workers of 68 for evacuation
[2024-08-28T13:04:11.054+0000][info][gc,phases      ] GC(446)   Pre Evacuate Collection Set: 0.2ms
[2024-08-28T13:04:11.055+0000][info][gc,phases      ] GC(446)   Merge Heap Roots: 0.4ms
[2024-08-28T13:04:11.055+0000][info][gc,phases      ] GC(446)   Evacuate Collection Set: 9.9ms
[2024-08-28T13:04:11.055+0000][info][gc,phases      ] GC(446)   Post Evacuate Collection Set: 0.4ms
[2024-08-28T13:04:11.055+0000][info][gc,phases      ] GC(446)   Other: 0.2ms
[2024-08-28T13:04:11.055+0000][info][gc,heap        ] GC(446) Eden regions: 44->0(44)
[2024-08-28T13:04:11.055+0000][info][gc,heap        ] GC(446) Survivor regions: 7->7(7)
[2024-08-28T13:04:11.055+0000][info][gc,heap        ] GC(446) Old regions: 886->828
[2024-08-28T13:04:11.055+0000][info][gc,heap        ] GC(446) Archive regions: 2->2
[2024-08-28T13:04:11.055+0000][info][gc,heap        ] GC(446) Humongous regions: 5->5
[2024-08-28T13:04:11.055+0000][info][gc,metaspace   ] GC(446) Metaspace: 100K(320K)->100K(320K) NonClass: 96K(192K)->96K(192K) Class: 4K(128K)->4K(128K)
[2024-08-28T13:04:11.055+0000][info][gc             ] GC(446) Pause Young (Mixed) (G1 Evacuation Pause) 940M->839M(1024M) 11.211ms
[2024-08-28T13:04:11.055+0000][info][gc,cpu         ] GC(446) User=0.25s Sys=0.00s Real=0.01s
[2024-08-28T13:04:11.078+0000][info][gc,start       ] GC(447) Pause Young (Mixed) (G1 Evacuation Pause)
[2024-08-28T13:04:11.078+0000][info][gc,task        ] GC(447) Using 24 workers of 68 for evacuation
[2024-08-28T13:04:11.091+0000][info][gc,phases      ] GC(447)   Pre Evacuate Collection Set: 0.2ms
[2024-08-28T13:04:11.091+0000][info][gc,phases      ] GC(447)   Merge Heap Roots: 0.5ms
[2024-08-28T13:04:11.091+0000][info][gc,phases      ] GC(447)   Evacuate Collection Set: 12.3ms
[2024-08-28T13:04:11.091+0000][info][gc,phases      ] GC(447)   Post Evacuate Collection Set: 0.4ms
[2024-08-28T13:04:11.091+0000][info][gc,phases      ] GC(447)   Other: 0.3ms
[2024-08-28T13:04:11.091+0000][info][gc,heap        ] GC(447) Eden regions: 44->0(44)
[2024-08-28T13:04:11.091+0000][info][gc,heap        ] GC(447) Survivor regions: 7->7(7)
[2024-08-28T13:04:11.091+0000][info][gc,heap        ] GC(447) Old regions: 828->787
[2024-08-28T13:04:11.091+0000][info][gc,heap        ] GC(447) Archive regions: 2->2
[2024-08-28T13:04:11.091+0000][info][gc,heap        ] GC(447) Humongous regions: 5->5
[2024-08-28T13:04:11.091+0000][info][gc,metaspace   ] GC(447) Metaspace: 100K(320K)->100K(320K) NonClass: 96K(192K)->96K(192K) Class: 4K(128K)->4K(128K)
[2024-08-28T13:04:11.091+0000][info][gc             ] GC(447) Pause Young (Mixed) (G1 Evacuation Pause) 883M->799M(1024M) 13.620ms
[2024-08-28T13:04:11.091+0000][info][gc,cpu         ] GC(447) User=0.30s Sys=0.00s Real=0.01s
[2024-08-28T13:04:11.115+0000][info][gc,start       ] GC(448) Pause Young (Mixed) (G1 Evacuation Pause)
[2024-08-28T13:04:11.115+0000][info][gc,task        ] GC(448) Using 24 workers of 68 for evacuation
[2024-08-28T13:04:11.128+0000][info][gc,phases      ] GC(448)   Pre Evacuate Collection Set: 0.2ms
[2024-08-28T13:04:11.129+0000][info][gc,phases      ] GC(448)   Merge Heap Roots: 0.4ms
[2024-08-28T13:04:11.129+0000][info][gc,phases      ] GC(448)   Evacuate Collection Set: 12.4ms
[2024-08-28T13:04:11.129+0000][info][gc,phases      ] GC(448)   Post Evacuate Collection Set: 0.3ms
[2024-08-28T13:04:11.129+0000][info][gc,phases      ] GC(448)   Other: 0.2ms
[2024-08-28T13:04:11.129+0000][info][gc,heap        ] GC(448) Eden regions: 44->0(44)
[2024-08-28T13:04:11.129+0000][info][gc,heap        ] GC(448) Survivor regions: 7->7(7)
[2024-08-28T13:04:11.129+0000][info][gc,heap        ] GC(448) Old regions: 787->810
[2024-08-28T13:04:11.129+0000][info][gc,heap        ] GC(448) Archive regions: 2->2
[2024-08-28T13:04:11.129+0000][info][gc,heap        ] GC(448) Humongous regions: 5->5
[2024-08-28T13:04:11.129+0000][info][gc,metaspace   ] GC(448) Metaspace: 100K(320K)->100K(320K) NonClass: 96K(192K)->96K(192K) Class: 4K(128K)->4K(128K)
[2024-08-28T13:04:11.129+0000][info][gc             ] GC(448) Pause Young (Mixed) (G1 Evacuation Pause) 843M->822M(1024M) 13.556ms
[2024-08-28T13:04:11.129+0000][info][gc,cpu         ] GC(448) User=0.30s Sys=0.00s Real=0.01s
[2024-08-28T13:04:11.152+0000][info][gc,start       ] GC(449) Pause Young (Concurrent Start) (G1 Evacuation Pause)
[2024-08-28T13:04:11.152+0000][info][gc,task        ] GC(449) Using 24 workers of 68 for evacuation
[2024-08-28T13:04:11.164+0000][info][gc,phases      ] GC(449)   Pre Evacuate Collection Set: 0.2ms
[2024-08-28T13:04:11.164+0000][info][gc,phases      ] GC(449)   Merge Heap Roots: 0.4ms
[2024-08-28T13:04:11.164+0000][info][gc,phases      ] GC(449)   Evacuate Collection Set: 10.2ms
[2024-08-28T13:04:11.164+0000][info][gc,phases      ] GC(449)   Post Evacuate Collection Set: 0.3ms
[2024-08-28T13:04:11.164+0000][info][gc,phases      ] GC(449)   Other: 0.6ms
[2024-08-28T13:04:11.164+0000][info][gc,heap        ] GC(449) Eden regions: 44->0(44)
[2024-08-28T13:04:11.164+0000][info][gc,heap        ] GC(449) Survivor regions: 7->7(7)
[2024-08-28T13:04:11.164+0000][info][gc,heap        ] GC(449) Old regions: 810->858
[2024-08-28T13:04:11.164+0000][info][gc,heap        ] GC(449) Archive regions: 2->2
[2024-08-28T13:04:11.164+0000][info][gc,heap        ] GC(449) Humongous regions: 5->5
[2024-08-28T13:04:11.164+0000][info][gc,metaspace   ] GC(449) Metaspace: 100K(320K)->100K(320K) NonClass: 96K(192K)->96K(192K) Class: 4K(128K)->4K(128K)
[2024-08-28T13:04:11.164+0000][info][gc             ] GC(449) Pause Young (Concurrent Start) (G1 Evacuation Pause) 866M->870M(1024M) 11.764ms
[2024-08-28T13:04:11.164+0000][info][gc,cpu         ] GC(449) User=0.25s Sys=0.00s Real=0.01s
[2024-08-28T13:04:11.164+0000][info][gc             ] GC(450) Concurrent Mark Cycle
[2024-08-28T13:04:11.164+0000][info][gc,marking     ] GC(450) Concurrent Clear Claimed Marks
[2024-08-28T13:04:11.164+0000][info][gc,marking     ] GC(450) Concurrent Clear Claimed Marks 0.013ms
[2024-08-28T13:04:11.164+0000][info][gc,marking     ] GC(450) Concurrent Scan Root Regions
[2024-08-28T13:04:11.166+0000][info][gc,marking     ] GC(450) Concurrent Scan Root Regions 1.780ms
[2024-08-28T13:04:11.166+0000][info][gc,marking     ] GC(450) Concurrent Mark
[2024-08-28T13:04:11.166+0000][info][gc,marking     ] GC(450) Concurrent Mark From Roots
[2024-08-28T13:04:11.166+0000][info][gc,task        ] GC(450) Using 17 workers of 17 for marking
[2024-08-28T13:04:11.192+0000][info][gc,marking     ] GC(450) Concurrent Mark From Roots 25.927ms
[2024-08-28T13:04:11.192+0000][info][gc,marking     ] GC(450) Concurrent Preclean
[2024-08-28T13:04:11.192+0000][info][gc,marking     ] GC(450) Concurrent Preclean 0.499ms
[2024-08-28T13:04:11.193+0000][info][gc,start       ] GC(450) Pause Remark
[2024-08-28T13:04:11.194+0000][info][gc             ] GC(450) Pause Remark 907M->907M(1024M) 1.446ms
[2024-08-28T13:04:11.194+0000][info][gc,cpu         ] GC(450) User=0.01s Sys=0.00s Real=0.00s
[2024-08-28T13:04:11.194+0000][info][gc,marking     ] GC(450) Concurrent Mark 28.190ms
[2024-08-28T13:04:11.194+0000][info][gc,marking     ] GC(450) Concurrent Rebuild Remembered Sets
[2024-08-28T13:04:11.200+0000][info][gc,start       ] GC(451) Pause Young (Normal) (G1 Evacuation Pause)
[2024-08-28T13:04:11.200+0000][info][gc,task        ] GC(451) Using 24 workers of 68 for evacuation
[2024-08-28T13:04:11.210+0000][info][gc,phases      ] GC(451)   Pre Evacuate Collection Set: 0.2ms
[2024-08-28T13:04:11.210+0000][info][gc,phases      ] GC(451)   Merge Heap Roots: 0.3ms
[2024-08-28T13:04:11.210+0000][info][gc,phases      ] GC(451)   Evacuate Collection Set: 9.5ms
[2024-08-28T13:04:11.210+0000][info][gc,phases      ] GC(451)   Post Evacuate Collection Set: 0.4ms
[2024-08-28T13:04:11.210+0000][info][gc,phases      ] GC(451)   Other: 0.2ms
[2024-08-28T13:04:11.210+0000][info][gc,heap        ] GC(451) Eden regions: 44->0(44)
[2024-08-28T13:04:11.210+0000][info][gc,heap        ] GC(451) Survivor regions: 7->7(7)
[2024-08-28T13:04:11.210+0000][info][gc,heap        ] GC(451) Old regions: 858->905
[2024-08-28T13:04:11.210+0000][info][gc,heap        ] GC(451) Archive regions: 2->2
[2024-08-28T13:04:11.210+0000][info][gc,heap        ] GC(451) Humongous regions: 5->5
[2024-08-28T13:04:11.210+0000][info][gc,metaspace   ] GC(451) Metaspace: 100K(320K)->100K(320K) NonClass: 96K(192K)->96K(192K) Class: 4K(128K)->4K(128K)
[2024-08-28T13:04:11.211+0000][info][gc             ] GC(451) Pause Young (Normal) (G1 Evacuation Pause) 914M->917M(1024M) 10.663ms
[2024-08-28T13:04:11.211+0000][info][gc,cpu         ] GC(451) User=0.23s Sys=0.00s Real=0.01s
[2024-08-28T13:04:11.236+0000][info][gc,start       ] GC(452) Pause Young (Normal) (G1 Evacuation Pause)
[2024-08-28T13:04:11.236+0000][info][gc,task        ] GC(452) Using 24 workers of 68 for evacuation
[2024-08-28T13:04:11.251+0000][info][gc,phases      ] GC(452)   Pre Evacuate Collection Set: 0.2ms
[2024-08-28T13:04:11.251+0000][info][gc,phases      ] GC(452)   Merge Heap Roots: 0.5ms
[2024-08-28T13:04:11.251+0000][info][gc,phases      ] GC(452)   Evacuate Collection Set: 13.6ms
[2024-08-28T13:04:11.251+0000][info][gc,phases      ] GC(452)   Post Evacuate Collection Set: 0.5ms
[2024-08-28T13:04:11.251+0000][info][gc,phases      ] GC(452)   Other: 0.2ms
[2024-08-28T13:04:11.251+0000][info][gc,heap        ] GC(452) Eden regions: 44->0(44)
[2024-08-28T13:04:11.251+0000][info][gc,heap        ] GC(452) Survivor regions: 7->7(7)
[2024-08-28T13:04:11.251+0000][info][gc,heap        ] GC(452) Old regions: 905->951
[2024-08-28T13:04:11.251+0000][info][gc,heap        ] GC(452) Archive regions: 2->2
[2024-08-28T13:04:11.251+0000][info][gc,heap        ] GC(452) Humongous regions: 5->5
[2024-08-28T13:04:11.251+0000][info][gc,metaspace   ] GC(452) Metaspace: 100K(320K)->100K(320K) NonClass: 96K(192K)->96K(192K) Class: 4K(128K)->4K(128K)
[2024-08-28T13:04:11.251+0000][info][gc             ] GC(452) Pause Young (Normal) (G1 Evacuation Pause) 961M->963M(1024M) 15.071ms
[2024-08-28T13:04:11.251+0000][info][gc,cpu         ] GC(452) User=0.34s Sys=0.00s Real=0.02s
[2024-08-28T13:04:11.266+0000][info][gc,start       ] GC(453) Pause Young (Normal) (G1 Preventive Collection)
[2024-08-28T13:04:11.266+0000][info][gc,task        ] GC(453) Using 24 workers of 68 for evacuation
[2024-08-28T13:04:11.279+0000][info][gc,phases      ] GC(453)   Pre Evacuate Collection Set: 0.2ms
[2024-08-28T13:04:11.279+0000][info][gc,phases      ] GC(453)   Merge Heap Roots: 0.4ms
[2024-08-28T13:04:11.279+0000][info][gc,phases      ] GC(453)   Evacuate Collection Set: 11.6ms
[2024-08-28T13:04:11.279+0000][info][gc,phases      ] GC(453)   Post Evacuate Collection Set: 0.6ms
[2024-08-28T13:04:11.279+0000][info][gc,phases      ] GC(453)   Other: 0.2ms
[2024-08-28T13:04:11.279+0000][info][gc,heap        ] GC(453) Eden regions: 24->0(44)
[2024-08-28T13:04:11.279+0000][info][gc,heap        ] GC(453) Survivor regions: 7->7(7)
[2024-08-28T13:04:11.279+0000][info][gc,heap        ] GC(453) Old regions: 951->979
[2024-08-28T13:04:11.279+0000][info][gc,heap        ] GC(453) Archive regions: 2->2
[2024-08-28T13:04:11.279+0000][info][gc,heap        ] GC(453) Humongous regions: 5->5
[2024-08-28T13:04:11.279+0000][info][gc,metaspace   ] GC(453) Metaspace: 100K(320K)->100K(320K) NonClass: 96K(192K)->96K(192K) Class: 4K(128K)->4K(128K)
[2024-08-28T13:04:11.279+0000][info][gc             ] GC(453) Pause Young (Normal) (G1 Preventive Collection) 987M->991M(1024M) 13.021ms
[2024-08-28T13:04:11.279+0000][info][gc,cpu         ] GC(453) User=0.29s Sys=0.00s Real=0.02s
[2024-08-28T13:04:11.286+0000][info][gc,start       ] GC(454) Pause Young (Normal) (G1 Preventive Collection)
[2024-08-28T13:04:11.286+0000][info][gc,task        ] GC(454) Using 24 workers of 68 for evacuation
[2024-08-28T13:04:11.296+0000][info][gc,phases      ] GC(454)   Pre Evacuate Collection Set: 0.2ms
[2024-08-28T13:04:11.296+0000][info][gc,phases      ] GC(454)   Merge Heap Roots: 0.6ms
[2024-08-28T13:04:11.296+0000][info][gc,phases      ] GC(454)   Evacuate Collection Set: 8.3ms
[2024-08-28T13:04:11.296+0000][info][gc,phases      ] GC(454)   Post Evacuate Collection Set: 0.5ms
[2024-08-28T13:04:11.296+0000][info][gc,phases      ] GC(454)   Other: 0.2ms
[2024-08-28T13:04:11.296+0000][info][gc,heap        ] GC(454) Eden regions: 11->0(44)
[2024-08-28T13:04:11.296+0000][info][gc,heap        ] GC(454) Survivor regions: 7->7(7)
[2024-08-28T13:04:11.296+0000][info][gc,heap        ] GC(454) Old regions: 979->992
[2024-08-28T13:04:11.296+0000][info][gc,heap        ] GC(454) Archive regions: 2->2
[2024-08-28T13:04:11.296+0000][info][gc,heap        ] GC(454) Humongous regions: 5->5
[2024-08-28T13:04:11.296+0000][info][gc,metaspace   ] GC(454) Metaspace: 100K(320K)->100K(320K) NonClass: 96K(192K)->96K(192K) Class: 4K(128K)->4K(128K)
[2024-08-28T13:04:11.296+0000][info][gc             ] GC(454) Pause Young (Normal) (G1 Preventive Collection) 1002M->1004M(1024M) 9.823ms
[2024-08-28T13:04:11.296+0000][info][gc,cpu         ] GC(454) User=0.22s Sys=0.00s Real=0.01s
[2024-08-28T13:04:11.299+0000][info][gc,start       ] GC(455) Pause Young (Normal) (G1 Preventive Collection)
[2024-08-28T13:04:11.299+0000][info][gc,task        ] GC(455) Using 24 workers of 68 for evacuation
[2024-08-28T13:04:11.307+0000][info][gc             ] GC(455) To-space exhausted
[2024-08-28T13:04:11.308+0000][info][gc,phases      ] GC(455)   Pre Evacuate Collection Set: 0.1ms
[2024-08-28T13:04:11.308+0000][info][gc,phases      ] GC(455)   Merge Heap Roots: 0.4ms
[2024-08-28T13:04:11.308+0000][info][gc,phases      ] GC(455)   Evacuate Collection Set: 6.9ms
[2024-08-28T13:04:11.308+0000][info][gc,phases      ] GC(455)   Post Evacuate Collection Set: 0.8ms
[2024-08-28T13:04:11.308+0000][info][gc,phases      ] GC(455)   Other: 0.2ms
[2024-08-28T13:04:11.308+0000][info][gc,heap        ] GC(455) Eden regions: 5->0(46)
[2024-08-28T13:04:11.308+0000][info][gc,heap        ] GC(455) Survivor regions: 7->5(7)
[2024-08-28T13:04:11.308+0000][info][gc,heap        ] GC(455) Old regions: 992->1011
[2024-08-28T13:04:11.308+0000][info][gc,heap        ] GC(455) Archive regions: 2->2
[2024-08-28T13:04:11.308+0000][info][gc,heap        ] GC(455) Humongous regions: 5->5
[2024-08-28T13:04:11.308+0000][info][gc,metaspace   ] GC(455) Metaspace: 100K(320K)->100K(320K) NonClass: 96K(192K)->96K(192K) Class: 4K(128K)->4K(128K)
[2024-08-28T13:04:11.308+0000][info][gc             ] GC(455) Pause Young (Normal) (G1 Preventive Collection) 1009M->1021M(1024M) 8.383ms
[2024-08-28T13:04:11.308+0000][info][gc,cpu         ] GC(455) User=0.19s Sys=0.00s Real=0.00s
[2024-08-28T13:04:11.309+0000][info][gc,start       ] GC(456) Pause Young (Normal) (G1 Evacuation Pause)
[2024-08-28T13:04:11.309+0000][info][gc,task        ] GC(456) Using 24 workers of 68 for evacuation
[2024-08-28T13:04:11.316+0000][info][gc             ] GC(456) To-space exhausted
[2024-08-28T13:04:11.316+0000][info][gc,phases      ] GC(456)   Pre Evacuate Collection Set: 0.1ms
[2024-08-28T13:04:11.316+0000][info][gc,phases      ] GC(456)   Merge Heap Roots: 0.6ms
[2024-08-28T13:04:11.316+0000][info][gc,phases      ] GC(456)   Evacuate Collection Set: 5.6ms
[2024-08-28T13:04:11.316+0000][info][gc,phases      ] GC(456)   Post Evacuate Collection Set: 0.8ms
[2024-08-28T13:04:11.316+0000][info][gc,phases      ] GC(456)   Other: 0.1ms
[2024-08-28T13:04:11.316+0000][info][gc,heap        ] GC(456) Eden regions: 1->0(51)
[2024-08-28T13:04:11.316+0000][info][gc,heap        ] GC(456) Survivor regions: 5->0(0)
[2024-08-28T13:04:11.316+0000][info][gc,heap        ] GC(456) Old regions: 1011->1017
[2024-08-28T13:04:11.316+0000][info][gc,heap        ] GC(456) Archive regions: 2->2
[2024-08-28T13:04:11.316+0000][info][gc,heap        ] GC(456) Humongous regions: 5->5
[2024-08-28T13:04:11.316+0000][info][gc,metaspace   ] GC(456) Metaspace: 100K(320K)->100K(320K) NonClass: 96K(192K)->96K(192K) Class: 4K(128K)->4K(128K)
[2024-08-28T13:04:11.316+0000][info][gc             ] GC(456) Pause Young (Normal) (G1 Evacuation Pause) 1022M->1022M(1024M) 7.335ms
[2024-08-28T13:04:11.316+0000][info][gc,cpu         ] GC(456) User=0.16s Sys=0.00s Real=0.01s
[2024-08-28T13:04:11.316+0000][info][gc,ergo        ] Attempting full compaction
[2024-08-28T13:04:11.316+0000][info][gc,task        ] GC(457) Using 24 workers of 68 for full compaction
[2024-08-28T13:04:11.317+0000][info][gc,start       ] GC(457) Pause Full (G1 Compaction Pause)
[2024-08-28T13:04:11.317+0000][info][gc,phases,start] GC(457) Phase 1: Mark live objects
[2024-08-28T13:04:11.333+0000][info][gc,phases      ] GC(457) Phase 1: Mark live objects 15.330ms
[2024-08-28T13:04:11.333+0000][info][gc,phases,start] GC(457) Phase 2: Prepare for compaction
[2024-08-28T13:04:11.342+0000][info][gc,phases      ] GC(457) Phase 2: Prepare for compaction 9.142ms
[2024-08-28T13:04:11.342+0000][info][gc,phases,start] GC(457) Phase 3: Adjust pointers
[2024-08-28T13:04:11.360+0000][info][gc,phases      ] GC(457) Phase 3: Adjust pointers 17.935ms
[2024-08-28T13:04:11.360+0000][info][gc,phases,start] GC(457) Phase 4: Compact heap
[2024-08-28T13:04:11.390+0000][info][gc,phases      ] GC(457) Phase 4: Compact heap 30.194ms
[2024-08-28T13:04:11.392+0000][info][gc,heap        ] GC(457) Eden regions: 0->0(150)
[2024-08-28T13:04:11.392+0000][info][gc,heap        ] GC(457) Survivor regions: 0->0(0)
[2024-08-28T13:04:11.392+0000][info][gc,heap        ] GC(457) Old regions: 1017->442
[2024-08-28T13:04:11.392+0000][info][gc,heap        ] GC(457) Archive regions: 2->2
[2024-08-28T13:04:11.392+0000][info][gc,heap        ] GC(457) Humongous regions: 5->5
[2024-08-28T13:04:11.392+0000][info][gc,metaspace   ] GC(457) Metaspace: 100K(320K)->100K(320K) NonClass: 96K(192K)->96K(192K) Class: 4K(128K)->4K(128K)
[2024-08-28T13:04:11.392+0000][info][gc             ] GC(457) Pause Full (G1 Compaction Pause) 1022M->436M(1024M) 75.088ms
[2024-08-28T13:04:11.392+0000][info][gc,cpu         ] GC(457) User=1.51s Sys=0.04s Real=0.08s
[2024-08-28T13:04:11.392+0000][info][gc,marking     ] GC(450) Concurrent Rebuild Remembered Sets 197.733ms
[2024-08-28T13:04:11.392+0000][info][gc,marking     ] GC(450) Concurrent Mark Abort
[2024-08-28T13:04:11.392+0000][info][gc             ] GC(450) Concurrent Mark Cycle 227.884ms
[2024-08-28T13:04:11.479+0000][info][gc,start       ] GC(458) Pause Young (Normal) (G1 Evacuation Pause)
[2024-08-28T13:04:11.479+0000][info][gc,task        ] GC(458) Using 24 workers of 68 for evacuation
[2024-08-28T13:04:11.502+0000][info][gc,phases      ] GC(458)   Pre Evacuate Collection Set: 0.2ms
[2024-08-28T13:04:11.502+0000][info][gc,phases      ] GC(458)   Merge Heap Roots: 0.4ms
[2024-08-28T13:04:11.502+0000][info][gc,phases      ] GC(458)   Evacuate Collection Set: 21.9ms
[2024-08-28T13:04:11.502+0000][info][gc,phases      ] GC(458)   Post Evacuate Collection Set: 0.3ms
[2024-08-28T13:04:11.502+0000][info][gc,phases      ] GC(458)   Other: 0.2ms
[2024-08-28T13:04:11.502+0000][info][gc,heap        ] GC(458) Eden regions: 150->0(103)
[2024-08-28T13:04:11.502+0000][info][gc,heap        ] GC(458) Survivor regions: 0->19(19)
[2024-08-28T13:04:11.502+0000][info][gc,heap        ] GC(458) Old regions: 442->570
[2024-08-28T13:04:11.502+0000][info][gc,heap        ] GC(458) Archive regions: 2->2
[2024-08-28T13:04:11.502+0000][info][gc,heap        ] GC(458) Humongous regions: 5->5
[2024-08-28T13:04:11.502+0000][info][gc,metaspace   ] GC(458) Metaspace: 100K(320K)->100K(320K) NonClass: 96K(192K)->96K(192K) Class: 4K(128K)->4K(128K)
[2024-08-28T13:04:11.502+0000][info][gc             ] GC(458) Pause Young (Normal) (G1 Evacuation Pause) 586M->583M(1024M) 23.106ms
[2024-08-28T13:04:11.502+0000][info][gc,cpu         ] GC(458) User=0.54s Sys=0.00s Real=0.02s
[2024-08-28T13:04:11.559+0000][info][gc,start       ] GC(459) Pause Young (Concurrent Start) (G1 Evacuation Pause)
[2024-08-28T13:04:11.559+0000][info][gc,task        ] GC(459) Using 24 workers of 68 for evacuation
[2024-08-28T13:04:11.579+0000][info][gc,phases      ] GC(459)   Pre Evacuate Collection Set: 0.2ms
[2024-08-28T13:04:11.579+0000][info][gc,phases      ] GC(459)   Merge Heap Roots: 0.4ms
[2024-08-28T13:04:11.579+0000][info][gc,phases      ] GC(459)   Evacuate Collection Set: 18.2ms
[2024-08-28T13:04:11.579+0000][info][gc,phases      ] GC(459)   Post Evacuate Collection Set: 0.3ms
[2024-08-28T13:04:11.579+0000][info][gc,phases      ] GC(459)   Other: 0.6ms
[2024-08-28T13:04:11.579+0000][info][gc,heap        ] GC(459) Eden regions: 103->0(70)
[2024-08-28T13:04:11.579+0000][info][gc,heap        ] GC(459) Survivor regions: 19->16(16)
[2024-08-28T13:04:11.579+0000][info][gc,heap        ] GC(459) Old regions: 570->677
[2024-08-28T13:04:11.579+0000][info][gc,heap        ] GC(459) Archive regions: 2->2
[2024-08-28T13:04:11.579+0000][info][gc,heap        ] GC(459) Humongous regions: 5->5
[2024-08-28T13:04:11.579+0000][info][gc,metaspace   ] GC(459) Metaspace: 100K(320K)->100K(320K) NonClass: 96K(192K)->96K(192K) Class: 4K(128K)->4K(128K)
[2024-08-28T13:04:11.579+0000][info][gc             ] GC(459) Pause Young (Concurrent Start) (G1 Evacuation Pause) 686M->687M(1024M) 19.789ms
[2024-08-28T13:04:11.579+0000][info][gc,cpu         ] GC(459) User=0.44s Sys=0.00s Real=0.02s
[2024-08-28T13:04:11.579+0000][info][gc             ] GC(460) Concurrent Mark Cycle
[2024-08-28T13:04:11.579+0000][info][gc,marking     ] GC(460) Concurrent Clear Claimed Marks
[2024-08-28T13:04:11.579+0000][info][gc,marking     ] GC(460) Concurrent Clear Claimed Marks 0.010ms
[2024-08-28T13:04:11.579+0000][info][gc,marking     ] GC(460) Concurrent Scan Root Regions
[2024-08-28T13:04:11.583+0000][info][gc,marking     ] GC(460) Concurrent Scan Root Regions 3.739ms
[2024-08-28T13:04:11.583+0000][info][gc,marking     ] GC(460) Concurrent Mark
[2024-08-28T13:04:11.583+0000][info][gc,marking     ] GC(460) Concurrent Mark From Roots
[2024-08-28T13:04:11.583+0000][info][gc,task        ] GC(460) Using 17 workers of 17 for marking
[2024-08-28T13:04:11.604+0000][info][gc,marking     ] GC(460) Concurrent Mark From Roots 21.642ms
[2024-08-28T13:04:11.604+0000][info][gc,marking     ] GC(460) Concurrent Preclean
[2024-08-28T13:04:11.605+0000][info][gc,marking     ] GC(460) Concurrent Preclean 0.670ms
[2024-08-28T13:04:11.605+0000][info][gc,start       ] GC(460) Pause Remark
[2024-08-28T13:04:11.607+0000][info][gc             ] GC(460) Pause Remark 720M->720M(1024M) 1.242ms
[2024-08-28T13:04:11.607+0000][info][gc,cpu         ] GC(460) User=0.00s Sys=0.00s Real=0.00s
[2024-08-28T13:04:11.607+0000][info][gc,marking     ] GC(460) Concurrent Mark 23.948ms
[2024-08-28T13:04:11.607+0000][info][gc,marking     ] GC(460) Concurrent Rebuild Remembered Sets
[2024-08-28T13:04:11.629+0000][info][gc,start       ] GC(461) Pause Young (Normal) (G1 Evacuation Pause)
[2024-08-28T13:04:11.629+0000][info][gc,task        ] GC(461) Using 24 workers of 68 for evacuation
[2024-08-28T13:04:11.646+0000][info][gc,phases      ] GC(461)   Pre Evacuate Collection Set: 0.3ms
[2024-08-28T13:04:11.647+0000][info][gc,phases      ] GC(461)   Merge Heap Roots: 0.4ms
[2024-08-28T13:04:11.647+0000][info][gc,phases      ] GC(461)   Evacuate Collection Set: 15.9ms
[2024-08-28T13:04:11.647+0000][info][gc,phases      ] GC(461)   Post Evacuate Collection Set: 0.5ms
[2024-08-28T13:04:11.647+0000][info][gc,phases      ] GC(461)   Other: 0.2ms
[2024-08-28T13:04:11.647+0000][info][gc,heap        ] GC(461) Eden regions: 70->0(45)
[2024-08-28T13:04:11.647+0000][info][gc,heap        ] GC(461) Survivor regions: 16->11(11)
[2024-08-28T13:04:11.647+0000][info][gc,heap        ] GC(461) Old regions: 677->757
[2024-08-28T13:04:11.647+0000][info][gc,heap        ] GC(461) Archive regions: 2->2
[2024-08-28T13:04:11.647+0000][info][gc,heap        ] GC(461) Humongous regions: 5->5
[2024-08-28T13:04:11.647+0000][info][gc,metaspace   ] GC(461) Metaspace: 100K(320K)->100K(320K) NonClass: 96K(192K)->96K(192K) Class: 4K(128K)->4K(128K)
[2024-08-28T13:04:11.647+0000][info][gc             ] GC(461) Pause Young (Normal) (G1 Evacuation Pause) 757M->761M(1024M) 17.319ms
[2024-08-28T13:04:11.647+0000][info][gc,cpu         ] GC(461) User=0.38s Sys=0.00s Real=0.02s
[2024-08-28T13:04:11.673+0000][info][gc,start       ] GC(462) Pause Young (Normal) (G1 Evacuation Pause)
[2024-08-28T13:04:11.673+0000][info][gc,task        ] GC(462) Using 24 workers of 68 for evacuation
[2024-08-28T13:04:11.693+0000][info][gc,phases      ] GC(462)   Pre Evacuate Collection Set: 0.2ms
[2024-08-28T13:04:11.693+0000][info][gc,phases      ] GC(462)   Merge Heap Roots: 0.5ms
[2024-08-28T13:04:11.693+0000][info][gc,phases      ] GC(462)   Evacuate Collection Set: 18.3ms
[2024-08-28T13:04:11.693+0000][info][gc,phases      ] GC(462)   Post Evacuate Collection Set: 0.6ms
[2024-08-28T13:04:11.693+0000][info][gc,phases      ] GC(462)   Other: 0.2ms
[2024-08-28T13:04:11.693+0000][info][gc,heap        ] GC(462) Eden regions: 45->0(44)
[2024-08-28T13:04:11.693+0000][info][gc,heap        ] GC(462) Survivor regions: 11->7(7)
[2024-08-28T13:04:11.693+0000][info][gc,heap        ] GC(462) Old regions: 757->810
[2024-08-28T13:04:11.693+0000][info][gc,heap        ] GC(462) Archive regions: 2->2
[2024-08-28T13:04:11.693+0000][info][gc,heap        ] GC(462) Humongous regions: 5->5
[2024-08-28T13:04:11.693+0000][info][gc,metaspace   ] GC(462) Metaspace: 100K(320K)->100K(320K) NonClass: 96K(192K)->96K(192K) Class: 4K(128K)->4K(128K)
[2024-08-28T13:04:11.693+0000][info][gc             ] GC(462) Pause Young (Normal) (G1 Evacuation Pause) 806M->811M(1024M) 19.883ms
[2024-08-28T13:04:11.693+0000][info][gc,cpu         ] GC(462) User=0.45s Sys=0.00s Real=0.02s
[2024-08-28T13:04:11.710+0000][info][gc,marking     ] GC(460) Concurrent Rebuild Remembered Sets 103.240ms
[2024-08-28T13:04:11.710+0000][info][gc,start       ] GC(460) Pause Cleanup
[2024-08-28T13:04:11.711+0000][info][gc             ] GC(460) Pause Cleanup 840M->840M(1024M) 1.136ms
[2024-08-28T13:04:11.711+0000][info][gc,cpu         ] GC(460) User=0.00s Sys=0.00s Real=0.00s
[2024-08-28T13:04:11.711+0000][info][gc,marking     ] GC(460) Concurrent Cleanup for Next Mark
[2024-08-28T13:04:11.712+0000][info][gc,marking     ] GC(460) Concurrent Cleanup for Next Mark 0.810ms
[2024-08-28T13:04:11.712+0000][info][gc             ] GC(460) Concurrent Mark Cycle 133.379ms
[2024-08-28T13:04:11.722+0000][info][gc,start       ] GC(463) Pause Young (Prepare Mixed) (G1 Evacuation Pause)
[2024-08-28T13:04:11.722+0000][info][gc,task        ] GC(463) Using 24 workers of 68 for evacuation
[2024-08-28T13:04:11.737+0000][info][gc,phases      ] GC(463)   Pre Evacuate Collection Set: 0.1ms
[2024-08-28T13:04:11.737+0000][info][gc,phases      ] GC(463)   Merge Heap Roots: 0.5ms
[2024-08-28T13:04:11.737+0000][info][gc,phases      ] GC(463)   Evacuate Collection Set: 13.7ms
[2024-08-28T13:04:11.737+0000][info][gc,phases      ] GC(463)   Post Evacuate Collection Set: 0.3ms
[2024-08-28T13:04:11.737+0000][info][gc,phases      ] GC(463)   Other: 0.2ms
[2024-08-28T13:04:11.737+0000][info][gc,heap        ] GC(463) Eden regions: 44->0(44)
[2024-08-28T13:04:11.737+0000][info][gc,heap        ] GC(463) Survivor regions: 7->7(7)
[2024-08-28T13:04:11.737+0000][info][gc,heap        ] GC(463) Old regions: 810->858
[2024-08-28T13:04:11.737+0000][info][gc,heap        ] GC(463) Archive regions: 2->2
[2024-08-28T13:04:11.737+0000][info][gc,heap        ] GC(463) Humongous regions: 5->5
[2024-08-28T13:04:11.737+0000][info][gc,metaspace   ] GC(463) Metaspace: 100K(320K)->100K(320K) NonClass: 96K(192K)->96K(192K) Class: 4K(128K)->4K(128K)
[2024-08-28T13:04:11.737+0000][info][gc             ] GC(463) Pause Young (Prepare Mixed) (G1 Evacuation Pause) 855M->858M(1024M) 14.946ms
[2024-08-28T13:04:11.737+0000][info][gc,cpu         ] GC(463) User=0.34s Sys=0.00s Real=0.01s
[2024-08-28T13:04:11.762+0000][info][gc,start       ] GC(464) Pause Young (Mixed) (G1 Evacuation Pause)
[2024-08-28T13:04:11.762+0000][info][gc,task        ] GC(464) Using 24 workers of 68 for evacuation
[2024-08-28T13:04:11.774+0000][info][gc,phases      ] GC(464)   Pre Evacuate Collection Set: 0.2ms
[2024-08-28T13:04:11.774+0000][info][gc,phases      ] GC(464)   Merge Heap Roots: 0.4ms
[2024-08-28T13:04:11.774+0000][info][gc,phases      ] GC(464)   Evacuate Collection Set: 11.1ms
[2024-08-28T13:04:11.774+0000][info][gc,phases      ] GC(464)   Post Evacuate Collection Set: 0.4ms
[2024-08-28T13:04:11.774+0000][info][gc,phases      ] GC(464)   Other: 0.2ms
[2024-08-28T13:04:11.774+0000][info][gc,heap        ] GC(464) Eden regions: 44->0(44)
[2024-08-28T13:04:11.774+0000][info][gc,heap        ] GC(464) Survivor regions: 7->7(7)
[2024-08-28T13:04:11.774+0000][info][gc,heap        ] GC(464) Old regions: 858->803
[2024-08-28T13:04:11.774+0000][info][gc,heap        ] GC(464) Archive regions: 2->2
[2024-08-28T13:04:11.774+0000][info][gc,heap        ] GC(464) Humongous regions: 5->5
[2024-08-28T13:04:11.774+0000][info][gc,metaspace   ] GC(464) Metaspace: 100K(320K)->100K(320K) NonClass: 96K(192K)->96K(192K) Class: 4K(128K)->4K(128K)
[2024-08-28T13:04:11.774+0000][info][gc             ] GC(464) Pause Young (Mixed) (G1 Evacuation Pause) 902M->808M(1024M) 12.427ms
[2024-08-28T13:04:11.774+0000][info][gc,cpu         ] GC(464) User=0.23s Sys=0.05s Real=0.01s
[2024-08-28T13:04:11.798+0000][info][gc,start       ] GC(465) Pause Young (Mixed) (G1 Evacuation Pause)
[2024-08-28T13:04:11.798+0000][info][gc,task        ] GC(465) Using 24 workers of 68 for evacuation
[2024-08-28T13:04:11.811+0000][info][gc,phases      ] GC(465)   Pre Evacuate Collection Set: 0.2ms
[2024-08-28T13:04:11.811+0000][info][gc,phases      ] GC(465)   Merge Heap Roots: 0.5ms
[2024-08-28T13:04:11.811+0000][info][gc,phases      ] GC(465)   Evacuate Collection Set: 11.6ms
[2024-08-28T13:04:11.811+0000][info][gc,phases      ] GC(465)   Post Evacuate Collection Set: 0.3ms
[2024-08-28T13:04:11.811+0000][info][gc,phases      ] GC(465)   Other: 0.2ms
[2024-08-28T13:04:11.811+0000][info][gc,heap        ] GC(465) Eden regions: 44->0(46)
[2024-08-28T13:04:11.811+0000][info][gc,heap        ] GC(465) Survivor regions: 7->7(7)
[2024-08-28T13:04:11.811+0000][info][gc,heap        ] GC(465) Old regions: 803->758
[2024-08-28T13:04:11.811+0000][info][gc,heap        ] GC(465) Archive regions: 2->2
[2024-08-28T13:04:11.811+0000][info][gc,heap        ] GC(465) Humongous regions: 5->5
[2024-08-28T13:04:11.811+0000][info][gc,metaspace   ] GC(465) Metaspace: 100K(320K)->100K(320K) NonClass: 96K(192K)->96K(192K) Class: 4K(128K)->4K(128K)
[2024-08-28T13:04:11.811+0000][info][gc             ] GC(465) Pause Young (Mixed) (G1 Evacuation Pause) 852M->767M(1024M) 12.917ms
[2024-08-28T13:04:11.811+0000][info][gc,cpu         ] GC(465) User=0.29s Sys=0.00s Real=0.01s
[2024-08-28T13:04:11.835+0000][info][gc,start       ] GC(466) Pause Young (Concurrent Start) (G1 Evacuation Pause)
[2024-08-28T13:04:11.836+0000][info][gc,task        ] GC(466) Using 24 workers of 68 for evacuation
[2024-08-28T13:04:11.847+0000][info][gc,phases      ] GC(466)   Pre Evacuate Collection Set: 0.2ms
[2024-08-28T13:04:11.847+0000][info][gc,phases      ] GC(466)   Merge Heap Roots: 0.4ms
[2024-08-28T13:04:11.847+0000][info][gc,phases      ] GC(466)   Evacuate Collection Set: 10.3ms
[2024-08-28T13:04:11.847+0000][info][gc,phases      ] GC(466)   Post Evacuate Collection Set: 0.3ms
[2024-08-28T13:04:11.847+0000][info][gc,phases      ] GC(466)   Other: 0.6ms
[2024-08-28T13:04:11.847+0000][info][gc,heap        ] GC(466) Eden regions: 46->0(44)
[2024-08-28T13:04:11.847+0000][info][gc,heap        ] GC(466) Survivor regions: 7->7(7)
[2024-08-28T13:04:11.847+0000][info][gc,heap        ] GC(466) Old regions: 758->807
[2024-08-28T13:04:11.847+0000][info][gc,heap        ] GC(466) Archive regions: 2->2
[2024-08-28T13:04:11.847+0000][info][gc,heap        ] GC(466) Humongous regions: 5->5
[2024-08-28T13:04:11.847+0000][info][gc,metaspace   ] GC(466) Metaspace: 100K(320K)->100K(320K) NonClass: 96K(192K)->96K(192K) Class: 4K(128K)->4K(128K)
[2024-08-28T13:04:11.847+0000][info][gc             ] GC(466) Pause Young (Concurrent Start) (G1 Evacuation Pause) 813M->816M(1024M) 11.863ms
[2024-08-28T13:04:11.847+0000][info][gc,cpu         ] GC(466) User=0.25s Sys=0.00s Real=0.01s
[2024-08-28T13:04:11.847+0000][info][gc             ] GC(467) Concurrent Mark Cycle
[2024-08-28T13:04:11.847+0000][info][gc,marking     ] GC(467) Concurrent Clear Claimed Marks
[2024-08-28T13:04:11.847+0000][info][gc,marking     ] GC(467) Concurrent Clear Claimed Marks 0.009ms
[2024-08-28T13:04:11.847+0000][info][gc,marking     ] GC(467) Concurrent Scan Root Regions
[2024-08-28T13:04:11.849+0000][info][gc,marking     ] GC(467) Concurrent Scan Root Regions 1.716ms
[2024-08-28T13:04:11.849+0000][info][gc,marking     ] GC(467) Concurrent Mark
[2024-08-28T13:04:11.849+0000][info][gc,marking     ] GC(467) Concurrent Mark From Roots
[2024-08-28T13:04:11.849+0000][info][gc,task        ] GC(467) Using 17 workers of 17 for marking
[2024-08-28T13:04:11.874+0000][info][gc,marking     ] GC(467) Concurrent Mark From Roots 25.135ms
[2024-08-28T13:04:11.874+0000][info][gc,marking     ] GC(467) Concurrent Preclean
[2024-08-28T13:04:11.875+0000][info][gc,marking     ] GC(467) Concurrent Preclean 0.857ms
[2024-08-28T13:04:11.876+0000][info][gc,start       ] GC(467) Pause Remark
[2024-08-28T13:04:11.877+0000][info][gc             ] GC(467) Pause Remark 852M->852M(1024M) 1.222ms
[2024-08-28T13:04:11.877+0000][info][gc,cpu         ] GC(467) User=0.01s Sys=0.00s Real=0.00s
[2024-08-28T13:04:11.877+0000][info][gc,marking     ] GC(467) Concurrent Mark 27.736ms
[2024-08-28T13:04:11.877+0000][info][gc,marking     ] GC(467) Concurrent Rebuild Remembered Sets
[2024-08-28T13:04:11.883+0000][info][gc,start       ] GC(468) Pause Young (Normal) (G1 Evacuation Pause)
[2024-08-28T13:04:11.883+0000][info][gc,task        ] GC(468) Using 24 workers of 68 for evacuation
[2024-08-28T13:04:11.893+0000][info][gc,phases      ] GC(468)   Pre Evacuate Collection Set: 0.2ms
[2024-08-28T13:04:11.893+0000][info][gc,phases      ] GC(468)   Merge Heap Roots: 0.4ms
[2024-08-28T13:04:11.893+0000][info][gc,phases      ] GC(468)   Evacuate Collection Set: 9.7ms
[2024-08-28T13:04:11.893+0000][info][gc,phases      ] GC(468)   Post Evacuate Collection Set: 0.4ms
[2024-08-28T13:04:11.893+0000][info][gc,phases      ] GC(468)   Other: 0.2ms
[2024-08-28T13:04:11.893+0000][info][gc,heap        ] GC(468) Eden regions: 44->0(44)
[2024-08-28T13:04:11.893+0000][info][gc,heap        ] GC(468) Survivor regions: 7->7(7)
[2024-08-28T13:04:11.894+0000][info][gc,heap        ] GC(468) Old regions: 807->853
[2024-08-28T13:04:11.894+0000][info][gc,heap        ] GC(468) Archive regions: 2->2
[2024-08-28T13:04:11.894+0000][info][gc,heap        ] GC(468) Humongous regions: 5->5
[2024-08-28T13:04:11.894+0000][info][gc,metaspace   ] GC(468) Metaspace: 100K(320K)->100K(320K) NonClass: 96K(192K)->96K(192K) Class: 4K(128K)->4K(128K)
[2024-08-28T13:04:11.894+0000][info][gc             ] GC(468) Pause Young (Normal) (G1 Evacuation Pause) 860M->862M(1024M) 10.957ms
[2024-08-28T13:04:11.894+0000][info][gc,cpu         ] GC(468) User=0.24s Sys=0.00s Real=0.01s
[2024-08-28T13:04:11.919+0000][info][gc,start       ] GC(469) Pause Young (Normal) (G1 Evacuation Pause)
[2024-08-28T13:04:11.919+0000][info][gc,task        ] GC(469) Using 24 workers of 68 for evacuation
[2024-08-28T13:04:11.934+0000][info][gc,phases      ] GC(469)   Pre Evacuate Collection Set: 0.2ms
[2024-08-28T13:04:11.934+0000][info][gc,phases      ] GC(469)   Merge Heap Roots: 0.5ms
[2024-08-28T13:04:11.934+0000][info][gc,phases      ] GC(469)   Evacuate Collection Set: 13.5ms
[2024-08-28T13:04:11.934+0000][info][gc,phases      ] GC(469)   Post Evacuate Collection Set: 0.6ms
[2024-08-28T13:04:11.934+0000][info][gc,phases      ] GC(469)   Other: 0.3ms
[2024-08-28T13:04:11.934+0000][info][gc,heap        ] GC(469) Eden regions: 44->0(44)
[2024-08-28T13:04:11.934+0000][info][gc,heap        ] GC(469) Survivor regions: 7->7(7)
[2024-08-28T13:04:11.934+0000][info][gc,heap        ] GC(469) Old regions: 853->900
[2024-08-28T13:04:11.934+0000][info][gc,heap        ] GC(469) Archive regions: 2->2
[2024-08-28T13:04:11.934+0000][info][gc,heap        ] GC(469) Humongous regions: 5->5
[2024-08-28T13:04:11.934+0000][info][gc,metaspace   ] GC(469) Metaspace: 100K(320K)->100K(320K) NonClass: 96K(192K)->96K(192K) Class: 4K(128K)->4K(128K)
[2024-08-28T13:04:11.934+0000][info][gc             ] GC(469) Pause Young (Normal) (G1 Evacuation Pause) 906M->908M(1024M) 15.057ms
[2024-08-28T13:04:11.934+0000][info][gc,cpu         ] GC(469) User=0.34s Sys=0.00s Real=0.01s
[2024-08-28T13:04:11.959+0000][info][gc,start       ] GC(470) Pause Young (Normal) (G1 Evacuation Pause)
[2024-08-28T13:04:11.960+0000][info][gc,task        ] GC(470) Using 24 workers of 68 for evacuation
[2024-08-28T13:04:11.974+0000][info][gc,phases      ] GC(470)   Pre Evacuate Collection Set: 0.2ms
[2024-08-28T13:04:11.974+0000][info][gc,phases      ] GC(470)   Merge Heap Roots: 0.5ms
[2024-08-28T13:04:11.974+0000][info][gc,phases      ] GC(470)   Evacuate Collection Set: 13.1ms
[2024-08-28T13:04:11.974+0000][info][gc,phases      ] GC(470)   Post Evacuate Collection Set: 0.6ms
[2024-08-28T13:04:11.974+0000][info][gc,phases      ] GC(470)   Other: 0.3ms
[2024-08-28T13:04:11.974+0000][info][gc,heap        ] GC(470) Eden regions: 44->0(44)
[2024-08-28T13:04:11.974+0000][info][gc,heap        ] GC(470) Survivor regions: 7->7(7)
[2024-08-28T13:04:11.974+0000][info][gc,heap        ] GC(470) Old regions: 900->947
[2024-08-28T13:04:11.974+0000][info][gc,heap        ] GC(470) Archive regions: 2->2
[2024-08-28T13:04:11.974+0000][info][gc,heap        ] GC(470) Humongous regions: 5->5
[2024-08-28T13:04:11.974+0000][info][gc,metaspace   ] GC(470) Metaspace: 100K(320K)->100K(320K) NonClass: 96K(192K)->96K(192K) Class: 4K(128K)->4K(128K)
[2024-08-28T13:04:11.974+0000][info][gc             ] GC(470) Pause Young (Normal) (G1 Evacuation Pause) 952M->955M(1024M) 14.737ms
[2024-08-28T13:04:11.974+0000][info][gc,cpu         ] GC(470) User=0.33s Sys=0.00s Real=0.01s
[2024-08-28T13:04:11.987+0000][info][gc,marking     ] GC(467) Concurrent Rebuild Remembered Sets 110.514ms
[2024-08-28T13:04:11.988+0000][info][gc,start       ] GC(467) Pause Cleanup
[2024-08-28T13:04:11.990+0000][info][gc             ] GC(467) Pause Cleanup 977M->977M(1024M) 2.489ms
[2024-08-28T13:04:11.990+0000][info][gc,cpu         ] GC(467) User=0.01s Sys=0.00s Real=0.01s
[2024-08-28T13:04:11.990+0000][info][gc,marking     ] GC(467) Concurrent Cleanup for Next Mark
[2024-08-28T13:04:11.991+0000][info][gc,marking     ] GC(467) Concurrent Cleanup for Next Mark 0.749ms
[2024-08-28T13:04:11.991+0000][info][gc             ] GC(467) Concurrent Mark Cycle 143.617ms
[2024-08-28T13:04:11.994+0000][info][gc,start       ] GC(471) Pause Young (Prepare Mixed) (G1 Preventive Collection)
[2024-08-28T13:04:11.994+0000][info][gc,task        ] GC(471) Using 24 workers of 68 for evacuation
[2024-08-28T13:04:12.005+0000][info][gc,phases      ] GC(471)   Pre Evacuate Collection Set: 0.2ms
[2024-08-28T13:04:12.005+0000][info][gc,phases      ] GC(471)   Merge Heap Roots: 0.6ms
[2024-08-28T13:04:12.005+0000][info][gc,phases      ] GC(471)   Evacuate Collection Set: 10.6ms
[2024-08-28T13:04:12.005+0000][info][gc,phases      ] GC(471)   Post Evacuate Collection Set: 0.3ms
[2024-08-28T13:04:12.005+0000][info][gc,phases      ] GC(471)   Other: 0.2ms
[2024-08-28T13:04:12.005+0000][info][gc,heap        ] GC(471) Eden regions: 26->0(44)
[2024-08-28T13:04:12.005+0000][info][gc,heap        ] GC(471) Survivor regions: 7->7(7)
[2024-08-28T13:04:12.005+0000][info][gc,heap        ] GC(471) Old regions: 947->977
[2024-08-28T13:04:12.005+0000][info][gc,heap        ] GC(471) Archive regions: 2->2
[2024-08-28T13:04:12.005+0000][info][gc,heap        ] GC(471) Humongous regions: 5->5
[2024-08-28T13:04:12.005+0000][info][gc,metaspace   ] GC(471) Metaspace: 100K(320K)->100K(320K) NonClass: 96K(192K)->96K(192K) Class: 4K(128K)->4K(128K)
[2024-08-28T13:04:12.005+0000][info][gc             ] GC(471) Pause Young (Prepare Mixed) (G1 Preventive Collection) 981M->985M(1024M) 11.890ms
[2024-08-28T13:04:12.005+0000][info][gc,cpu         ] GC(471) User=0.26s Sys=0.00s Real=0.01s
[2024-08-28T13:04:12.012+0000][info][gc,start       ] GC(472) Pause Young (Mixed) (G1 Preventive Collection)
[2024-08-28T13:04:12.012+0000][info][gc,task        ] GC(472) Using 24 workers of 68 for evacuation
[2024-08-28T13:04:12.017+0000][info][gc,phases      ] GC(472)   Pre Evacuate Collection Set: 0.2ms
[2024-08-28T13:04:12.017+0000][info][gc,phases      ] GC(472)   Merge Heap Roots: 0.3ms
[2024-08-28T13:04:12.017+0000][info][gc,phases      ] GC(472)   Evacuate Collection Set: 4.7ms
[2024-08-28T13:04:12.017+0000][info][gc,phases      ] GC(472)   Post Evacuate Collection Set: 0.3ms
[2024-08-28T13:04:12.017+0000][info][gc,phases      ] GC(472)   Other: 0.2ms
[2024-08-28T13:04:12.017+0000][info][gc,heap        ] GC(472) Eden regions: 11->0(44)
[2024-08-28T13:04:12.017+0000][info][gc,heap        ] GC(472) Survivor regions: 7->7(7)
[2024-08-28T13:04:12.017+0000][info][gc,heap        ] GC(472) Old regions: 977->887
[2024-08-28T13:04:12.017+0000][info][gc,heap        ] GC(472) Archive regions: 2->2
[2024-08-28T13:04:12.017+0000][info][gc,heap        ] GC(472) Humongous regions: 5->5
[2024-08-28T13:04:12.017+0000][info][gc,metaspace   ] GC(472) Metaspace: 100K(320K)->100K(320K) NonClass: 96K(192K)->96K(192K) Class: 4K(128K)->4K(128K)
[2024-08-28T13:04:12.018+0000][info][gc             ] GC(472) Pause Young (Mixed) (G1 Preventive Collection) 996M->898M(1024M) 5.741ms
[2024-08-28T13:04:12.018+0000][info][gc,cpu         ] GC(472) User=0.11s Sys=0.00s Real=0.01s
[2024-08-28T13:04:12.040+0000][info][gc,start       ] GC(473) Pause Young (Mixed) (G1 Evacuation Pause)
[2024-08-28T13:04:12.040+0000][info][gc,task        ] GC(473) Using 24 workers of 68 for evacuation
[2024-08-28T13:04:12.051+0000][info][gc,phases      ] GC(473)   Pre Evacuate Collection Set: 0.2ms
[2024-08-28T13:04:12.051+0000][info][gc,phases      ] GC(473)   Merge Heap Roots: 0.4ms
[2024-08-28T13:04:12.051+0000][info][gc,phases      ] GC(473)   Evacuate Collection Set: 9.6ms
[2024-08-28T13:04:12.051+0000][info][gc,phases      ] GC(473)   Post Evacuate Collection Set: 0.4ms
[2024-08-28T13:04:12.051+0000][info][gc,phases      ] GC(473)   Other: 0.3ms
[2024-08-28T13:04:12.051+0000][info][gc,heap        ] GC(473) Eden regions: 44->0(44)
[2024-08-28T13:04:12.051+0000][info][gc,heap        ] GC(473) Survivor regions: 7->7(7)
[2024-08-28T13:04:12.051+0000][info][gc,heap        ] GC(473) Old regions: 887->829
[2024-08-28T13:04:12.051+0000][info][gc,heap        ] GC(473) Archive regions: 2->2
[2024-08-28T13:04:12.051+0000][info][gc,heap        ] GC(473) Humongous regions: 5->5
[2024-08-28T13:04:12.051+0000][info][gc,metaspace   ] GC(473) Metaspace: 100K(320K)->100K(320K) NonClass: 96K(192K)->96K(192K) Class: 4K(128K)->4K(128K)
[2024-08-28T13:04:12.051+0000][info][gc             ] GC(473) Pause Young (Mixed) (G1 Evacuation Pause) 942M->840M(1024M) 10.927ms
[2024-08-28T13:04:12.051+0000][info][gc,cpu         ] GC(473) User=0.24s Sys=0.00s Real=0.01s
[2024-08-28T13:04:12.074+0000][info][gc,start       ] GC(474) Pause Young (Mixed) (G1 Evacuation Pause)
[2024-08-28T13:04:12.074+0000][info][gc,task        ] GC(474) Using 24 workers of 68 for evacuation
[2024-08-28T13:04:12.087+0000][info][gc,phases      ] GC(474)   Pre Evacuate Collection Set: 0.2ms
[2024-08-28T13:04:12.087+0000][info][gc,phases      ] GC(474)   Merge Heap Roots: 0.4ms
[2024-08-28T13:04:12.087+0000][info][gc,phases      ] GC(474)   Evacuate Collection Set: 12.3ms
[2024-08-28T13:04:12.087+0000][info][gc,phases      ] GC(474)   Post Evacuate Collection Set: 0.4ms
[2024-08-28T13:04:12.087+0000][info][gc,phases      ] GC(474)   Other: 0.2ms
[2024-08-28T13:04:12.087+0000][info][gc,heap        ] GC(474) Eden regions: 44->0(44)
[2024-08-28T13:04:12.087+0000][info][gc,heap        ] GC(474) Survivor regions: 7->7(7)
[2024-08-28T13:04:12.087+0000][info][gc,heap        ] GC(474) Old regions: 829->789
[2024-08-28T13:04:12.087+0000][info][gc,heap        ] GC(474) Archive regions: 2->2
[2024-08-28T13:04:12.087+0000][info][gc,heap        ] GC(474) Humongous regions: 5->5
[2024-08-28T13:04:12.087+0000][info][gc,metaspace   ] GC(474) Metaspace: 100K(320K)->100K(320K) NonClass: 96K(192K)->96K(192K) Class: 4K(128K)->4K(128K)
[2024-08-28T13:04:12.087+0000][info][gc             ] GC(474) Pause Young (Mixed) (G1 Evacuation Pause) 884M->801M(1024M) 13.668ms
[2024-08-28T13:04:12.087+0000][info][gc,cpu         ] GC(474) User=0.31s Sys=0.00s Real=0.01s
[2024-08-28T13:04:12.111+0000][info][gc,start       ] GC(475) Pause Young (Mixed) (G1 Evacuation Pause)
[2024-08-28T13:04:12.111+0000][info][gc,task        ] GC(475) Using 24 workers of 68 for evacuation
[2024-08-28T13:04:12.125+0000][info][gc,phases      ] GC(475)   Pre Evacuate Collection Set: 0.2ms
[2024-08-28T13:04:12.125+0000][info][gc,phases      ] GC(475)   Merge Heap Roots: 0.4ms
[2024-08-28T13:04:12.125+0000][info][gc,phases      ] GC(475)   Evacuate Collection Set: 12.4ms
[2024-08-28T13:04:12.125+0000][info][gc,phases      ] GC(475)   Post Evacuate Collection Set: 0.3ms
[2024-08-28T13:04:12.125+0000][info][gc,phases      ] GC(475)   Other: 0.2ms
[2024-08-28T13:04:12.125+0000][info][gc,heap        ] GC(475) Eden regions: 44->0(44)
[2024-08-28T13:04:12.125+0000][info][gc,heap        ] GC(475) Survivor regions: 7->7(7)
[2024-08-28T13:04:12.125+0000][info][gc,heap        ] GC(475) Old regions: 789->810
[2024-08-28T13:04:12.125+0000][info][gc,heap        ] GC(475) Archive regions: 2->2
[2024-08-28T13:04:12.125+0000][info][gc,heap        ] GC(475) Humongous regions: 5->5
[2024-08-28T13:04:12.125+0000][info][gc,metaspace   ] GC(475) Metaspace: 100K(320K)->100K(320K) NonClass: 96K(192K)->96K(192K) Class: 4K(128K)->4K(128K)
[2024-08-28T13:04:12.125+0000][info][gc             ] GC(475) Pause Young (Mixed) (G1 Evacuation Pause) 845M->822M(1024M) 13.537ms
[2024-08-28T13:04:12.125+0000][info][gc,cpu         ] GC(475) User=0.31s Sys=0.00s Real=0.01s
[2024-08-28T13:04:12.149+0000][info][gc,start       ] GC(476) Pause Young (Concurrent Start) (G1 Evacuation Pause)
[2024-08-28T13:04:12.149+0000][info][gc,task        ] GC(476) Using 24 workers of 68 for evacuation
[2024-08-28T13:04:12.160+0000][info][gc,phases      ] GC(476)   Pre Evacuate Collection Set: 0.2ms
[2024-08-28T13:04:12.160+0000][info][gc,phases      ] GC(476)   Merge Heap Roots: 0.4ms
[2024-08-28T13:04:12.160+0000][info][gc,phases      ] GC(476)   Evacuate Collection Set: 10.1ms
[2024-08-28T13:04:12.160+0000][info][gc,phases      ] GC(476)   Post Evacuate Collection Set: 0.3ms
[2024-08-28T13:04:12.160+0000][info][gc,phases      ] GC(476)   Other: 0.6ms
[2024-08-28T13:04:12.160+0000][info][gc,heap        ] GC(476) Eden regions: 44->0(44)
[2024-08-28T13:04:12.160+0000][info][gc,heap        ] GC(476) Survivor regions: 7->7(7)
[2024-08-28T13:04:12.160+0000][info][gc,heap        ] GC(476) Old regions: 810->858
[2024-08-28T13:04:12.160+0000][info][gc,heap        ] GC(476) Archive regions: 2->2
[2024-08-28T13:04:12.160+0000][info][gc,heap        ] GC(476) Humongous regions: 5->5
[2024-08-28T13:04:12.160+0000][info][gc,metaspace   ] GC(476) Metaspace: 100K(320K)->100K(320K) NonClass: 96K(192K)->96K(192K) Class: 4K(128K)->4K(128K)
[2024-08-28T13:04:12.160+0000][info][gc             ] GC(476) Pause Young (Concurrent Start) (G1 Evacuation Pause) 866M->870M(1024M) 11.586ms
[2024-08-28T13:04:12.160+0000][info][gc,cpu         ] GC(476) User=0.25s Sys=0.00s Real=0.02s
[2024-08-28T13:04:12.160+0000][info][gc             ] GC(477) Concurrent Mark Cycle
[2024-08-28T13:04:12.160+0000][info][gc,marking     ] GC(477) Concurrent Clear Claimed Marks
[2024-08-28T13:04:12.160+0000][info][gc,marking     ] GC(477) Concurrent Clear Claimed Marks 0.011ms
[2024-08-28T13:04:12.160+0000][info][gc,marking     ] GC(477) Concurrent Scan Root Regions
[2024-08-28T13:04:12.162+0000][info][gc,marking     ] GC(477) Concurrent Scan Root Regions 1.662ms
[2024-08-28T13:04:12.162+0000][info][gc,marking     ] GC(477) Concurrent Mark
[2024-08-28T13:04:12.162+0000][info][gc,marking     ] GC(477) Concurrent Mark From Roots
[2024-08-28T13:04:12.162+0000][info][gc,task        ] GC(477) Using 17 workers of 17 for marking
[2024-08-28T13:04:12.188+0000][info][gc,marking     ] GC(477) Concurrent Mark From Roots 25.605ms
[2024-08-28T13:04:12.188+0000][info][gc,marking     ] GC(477) Concurrent Preclean
[2024-08-28T13:04:12.188+0000][info][gc,marking     ] GC(477) Concurrent Preclean 0.498ms
[2024-08-28T13:04:12.188+0000][info][gc,start       ] GC(477) Pause Remark
[2024-08-28T13:04:12.190+0000][info][gc             ] GC(477) Pause Remark 906M->906M(1024M) 1.352ms
[2024-08-28T13:04:12.190+0000][info][gc,cpu         ] GC(477) User=0.01s Sys=0.00s Real=0.01s
[2024-08-28T13:04:12.190+0000][info][gc,marking     ] GC(477) Concurrent Mark 27.876ms
[2024-08-28T13:04:12.190+0000][info][gc,marking     ] GC(477) Concurrent Rebuild Remembered Sets
[2024-08-28T13:04:12.195+0000][info][gc,start       ] GC(478) Pause Young (Normal) (G1 Evacuation Pause)
[2024-08-28T13:04:12.195+0000][info][gc,task        ] GC(478) Using 24 workers of 68 for evacuation
[2024-08-28T13:04:12.206+0000][info][gc,phases      ] GC(478)   Pre Evacuate Collection Set: 0.2ms
[2024-08-28T13:04:12.206+0000][info][gc,phases      ] GC(478)   Merge Heap Roots: 0.4ms
[2024-08-28T13:04:12.206+0000][info][gc,phases      ] GC(478)   Evacuate Collection Set: 9.8ms
[2024-08-28T13:04:12.206+0000][info][gc,phases      ] GC(478)   Post Evacuate Collection Set: 0.4ms
[2024-08-28T13:04:12.206+0000][info][gc,phases      ] GC(478)   Other: 0.2ms
[2024-08-28T13:04:12.206+0000][info][gc,heap        ] GC(478) Eden regions: 44->0(44)
[2024-08-28T13:04:12.206+0000][info][gc,heap        ] GC(478) Survivor regions: 7->7(7)
[2024-08-28T13:04:12.206+0000][info][gc,heap        ] GC(478) Old regions: 858->904
[2024-08-28T13:04:12.206+0000][info][gc,heap        ] GC(478) Archive regions: 2->2
[2024-08-28T13:04:12.206+0000][info][gc,heap        ] GC(478) Humongous regions: 5->5
[2024-08-28T13:04:12.206+0000][info][gc,metaspace   ] GC(478) Metaspace: 100K(320K)->100K(320K) NonClass: 96K(192K)->96K(192K) Class: 4K(128K)->4K(128K)
[2024-08-28T13:04:12.206+0000][info][gc             ] GC(478) Pause Young (Normal) (G1 Evacuation Pause) 914M->916M(1024M) 11.063ms
[2024-08-28T13:04:12.206+0000][info][gc,cpu         ] GC(478) User=0.25s Sys=0.00s Real=0.01s
[2024-08-28T13:04:12.231+0000][info][gc,start       ] GC(479) Pause Young (Normal) (G1 Evacuation Pause)
[2024-08-28T13:04:12.231+0000][info][gc,task        ] GC(479) Using 24 workers of 68 for evacuation
[2024-08-28T13:04:12.246+0000][info][gc,phases      ] GC(479)   Pre Evacuate Collection Set: 0.2ms
[2024-08-28T13:04:12.246+0000][info][gc,phases      ] GC(479)   Merge Heap Roots: 0.5ms
[2024-08-28T13:04:12.246+0000][info][gc,phases      ] GC(479)   Evacuate Collection Set: 13.8ms
[2024-08-28T13:04:12.246+0000][info][gc,phases      ] GC(479)   Post Evacuate Collection Set: 0.6ms
[2024-08-28T13:04:12.246+0000][info][gc,phases      ] GC(479)   Other: 0.2ms
[2024-08-28T13:04:12.246+0000][info][gc,heap        ] GC(479) Eden regions: 44->0(44)
[2024-08-28T13:04:12.246+0000][info][gc,heap        ] GC(479) Survivor regions: 7->7(7)
[2024-08-28T13:04:12.246+0000][info][gc,heap        ] GC(479) Old regions: 904->951
[2024-08-28T13:04:12.246+0000][info][gc,heap        ] GC(479) Archive regions: 2->2
[2024-08-28T13:04:12.246+0000][info][gc,heap        ] GC(479) Humongous regions: 5->5
[2024-08-28T13:04:12.246+0000][info][gc,metaspace   ] GC(479) Metaspace: 100K(320K)->100K(320K) NonClass: 96K(192K)->96K(192K) Class: 4K(128K)->4K(128K)
[2024-08-28T13:04:12.246+0000][info][gc             ] GC(479) Pause Young (Normal) (G1 Evacuation Pause) 960M->963M(1024M) 15.266ms
[2024-08-28T13:04:12.246+0000][info][gc,cpu         ] GC(479) User=0.34s Sys=0.01s Real=0.01s
[2024-08-28T13:04:12.261+0000][info][gc,start       ] GC(480) Pause Young (Normal) (G1 Preventive Collection)
[2024-08-28T13:04:12.261+0000][info][gc,task        ] GC(480) Using 24 workers of 68 for evacuation
[2024-08-28T13:04:12.273+0000][info][gc,phases      ] GC(480)   Pre Evacuate Collection Set: 0.1ms
[2024-08-28T13:04:12.273+0000][info][gc,phases      ] GC(480)   Merge Heap Roots: 0.5ms
[2024-08-28T13:04:12.273+0000][info][gc,phases      ] GC(480)   Evacuate Collection Set: 11.4ms
[2024-08-28T13:04:12.273+0000][info][gc,phases      ] GC(480)   Post Evacuate Collection Set: 0.6ms
[2024-08-28T13:04:12.273+0000][info][gc,phases      ] GC(480)   Other: 0.2ms
[2024-08-28T13:04:12.273+0000][info][gc,heap        ] GC(480) Eden regions: 24->0(44)
[2024-08-28T13:04:12.273+0000][info][gc,heap        ] GC(480) Survivor regions: 7->7(7)
[2024-08-28T13:04:12.273+0000][info][gc,heap        ] GC(480) Old regions: 951->978
[2024-08-28T13:04:12.273+0000][info][gc,heap        ] GC(480) Archive regions: 2->2
[2024-08-28T13:04:12.273+0000][info][gc,heap        ] GC(480) Humongous regions: 5->5
[2024-08-28T13:04:12.273+0000][info][gc,metaspace   ] GC(480) Metaspace: 100K(320K)->100K(320K) NonClass: 96K(192K)->96K(192K) Class: 4K(128K)->4K(128K)
[2024-08-28T13:04:12.273+0000][info][gc             ] GC(480) Pause Young (Normal) (G1 Preventive Collection) 987M->990M(1024M) 12.822ms
[2024-08-28T13:04:12.273+0000][info][gc,cpu         ] GC(480) User=0.29s Sys=0.00s Real=0.01s
[2024-08-28T13:04:12.280+0000][info][gc,start       ] GC(481) Pause Young (Normal) (G1 Preventive Collection)
[2024-08-28T13:04:12.280+0000][info][gc,task        ] GC(481) Using 24 workers of 68 for evacuation
[2024-08-28T13:04:12.291+0000][info][gc,phases      ] GC(481)   Pre Evacuate Collection Set: 0.1ms
[2024-08-28T13:04:12.291+0000][info][gc,phases      ] GC(481)   Merge Heap Roots: 0.5ms
[2024-08-28T13:04:12.291+0000][info][gc,phases      ] GC(481)   Evacuate Collection Set: 8.8ms
[2024-08-28T13:04:12.291+0000][info][gc,phases      ] GC(481)   Post Evacuate Collection Set: 0.6ms
[2024-08-28T13:04:12.291+0000][info][gc,phases      ] GC(481)   Other: 0.2ms
[2024-08-28T13:04:12.291+0000][info][gc,heap        ] GC(481) Eden regions: 11->0(44)
[2024-08-28T13:04:12.291+0000][info][gc,heap        ] GC(481) Survivor regions: 7->7(7)
[2024-08-28T13:04:12.291+0000][info][gc,heap        ] GC(481) Old regions: 978->992
[2024-08-28T13:04:12.291+0000][info][gc,heap        ] GC(481) Archive regions: 2->2
[2024-08-28T13:04:12.291+0000][info][gc,heap        ] GC(481) Humongous regions: 5->5
[2024-08-28T13:04:12.291+0000][info][gc,metaspace   ] GC(481) Metaspace: 100K(320K)->100K(320K) NonClass: 96K(192K)->96K(192K) Class: 4K(128K)->4K(128K)
[2024-08-28T13:04:12.291+0000][info][gc             ] GC(481) Pause Young (Normal) (G1 Preventive Collection) 1001M->1004M(1024M) 10.249ms
[2024-08-28T13:04:12.291+0000][info][gc,cpu         ] GC(481) User=0.23s Sys=0.00s Real=0.01s
[2024-08-28T13:04:12.294+0000][info][gc,start       ] GC(482) Pause Young (Normal) (G1 Preventive Collection)
[2024-08-28T13:04:12.294+0000][info][gc,task        ] GC(482) Using 24 workers of 68 for evacuation
[2024-08-28T13:04:12.303+0000][info][gc             ] GC(482) To-space exhausted
[2024-08-28T13:04:12.303+0000][info][gc,phases      ] GC(482)   Pre Evacuate Collection Set: 0.1ms
[2024-08-28T13:04:12.303+0000][info][gc,phases      ] GC(482)   Merge Heap Roots: 0.6ms
[2024-08-28T13:04:12.303+0000][info][gc,phases      ] GC(482)   Evacuate Collection Set: 7.5ms
[2024-08-28T13:04:12.303+0000][info][gc,phases      ] GC(482)   Post Evacuate Collection Set: 0.8ms
[2024-08-28T13:04:12.303+0000][info][gc,phases      ] GC(482)   Other: 0.1ms
[2024-08-28T13:04:12.303+0000][info][gc,heap        ] GC(482) Eden regions: 5->0(46)
[2024-08-28T13:04:12.303+0000][info][gc,heap        ] GC(482) Survivor regions: 7->5(7)
[2024-08-28T13:04:12.303+0000][info][gc,heap        ] GC(482) Old regions: 992->1011
[2024-08-28T13:04:12.303+0000][info][gc,heap        ] GC(482) Archive regions: 2->2
[2024-08-28T13:04:12.303+0000][info][gc,heap        ] GC(482) Humongous regions: 5->5
[2024-08-28T13:04:12.303+0000][info][gc,metaspace   ] GC(482) Metaspace: 100K(320K)->100K(320K) NonClass: 96K(192K)->96K(192K) Class: 4K(128K)->4K(128K)
[2024-08-28T13:04:12.303+0000][info][gc             ] GC(482) Pause Young (Normal) (G1 Preventive Collection) 1009M->1021M(1024M) 9.127ms
[2024-08-28T13:04:12.303+0000][info][gc,cpu         ] GC(482) User=0.20s Sys=0.00s Real=0.01s
[2024-08-28T13:04:12.304+0000][info][gc,start       ] GC(483) Pause Young (Normal) (G1 Evacuation Pause)
[2024-08-28T13:04:12.304+0000][info][gc,task        ] GC(483) Using 24 workers of 68 for evacuation
[2024-08-28T13:04:12.312+0000][info][gc             ] GC(483) To-space exhausted
[2024-08-28T13:04:12.312+0000][info][gc,phases      ] GC(483)   Pre Evacuate Collection Set: 0.1ms
[2024-08-28T13:04:12.312+0000][info][gc,phases      ] GC(483)   Merge Heap Roots: 0.4ms
[2024-08-28T13:04:12.312+0000][info][gc,phases      ] GC(483)   Evacuate Collection Set: 5.9ms
[2024-08-28T13:04:12.312+0000][info][gc,phases      ] GC(483)   Post Evacuate Collection Set: 0.9ms
[2024-08-28T13:04:12.312+0000][info][gc,phases      ] GC(483)   Other: 0.1ms
[2024-08-28T13:04:12.312+0000][info][gc,heap        ] GC(483) Eden regions: 1->0(51)
[2024-08-28T13:04:12.312+0000][info][gc,heap        ] GC(483) Survivor regions: 5->0(0)
[2024-08-28T13:04:12.312+0000][info][gc,heap        ] GC(483) Old regions: 1011->1017
[2024-08-28T13:04:12.312+0000][info][gc,heap        ] GC(483) Archive regions: 2->2
[2024-08-28T13:04:12.312+0000][info][gc,heap        ] GC(483) Humongous regions: 5->5
[2024-08-28T13:04:12.312+0000][info][gc,metaspace   ] GC(483) Metaspace: 100K(320K)->100K(320K) NonClass: 96K(192K)->96K(192K) Class: 4K(128K)->4K(128K)
[2024-08-28T13:04:12.312+0000][info][gc             ] GC(483) Pause Young (Normal) (G1 Evacuation Pause) 1022M->1022M(1024M) 7.582ms
[2024-08-28T13:04:12.312+0000][info][gc,cpu         ] GC(483) User=0.16s Sys=0.00s Real=0.01s
[2024-08-28T13:04:12.312+0000][info][gc,ergo        ] Attempting full compaction
[2024-08-28T13:04:12.312+0000][info][gc,task        ] GC(484) Using 24 workers of 68 for full compaction
[2024-08-28T13:04:12.312+0000][info][gc,start       ] GC(484) Pause Full (G1 Compaction Pause)
[2024-08-28T13:04:12.313+0000][info][gc,phases,start] GC(484) Phase 1: Mark live objects
[2024-08-28T13:04:12.329+0000][info][gc,phases      ] GC(484) Phase 1: Mark live objects 15.963ms
[2024-08-28T13:04:12.329+0000][info][gc,phases,start] GC(484) Phase 2: Prepare for compaction
[2024-08-28T13:04:12.338+0000][info][gc,phases      ] GC(484) Phase 2: Prepare for compaction 9.069ms
[2024-08-28T13:04:12.338+0000][info][gc,phases,start] GC(484) Phase 3: Adjust pointers
[2024-08-28T13:04:12.356+0000][info][gc,phases      ] GC(484) Phase 3: Adjust pointers 17.890ms
[2024-08-28T13:04:12.356+0000][info][gc,phases,start] GC(484) Phase 4: Compact heap
[2024-08-28T13:04:12.387+0000][info][gc,phases      ] GC(484) Phase 4: Compact heap 31.750ms
[2024-08-28T13:04:12.389+0000][info][gc,heap        ] GC(484) Eden regions: 0->0(150)
[2024-08-28T13:04:12.389+0000][info][gc,heap        ] GC(484) Survivor regions: 0->0(0)
[2024-08-28T13:04:12.389+0000][info][gc,heap        ] GC(484) Old regions: 1017->444
[2024-08-28T13:04:12.389+0000][info][gc,heap        ] GC(484) Archive regions: 2->2
[2024-08-28T13:04:12.389+0000][info][gc,heap        ] GC(484) Humongous regions: 5->5
[2024-08-28T13:04:12.389+0000][info][gc,metaspace   ] GC(484) Metaspace: 100K(320K)->100K(320K) NonClass: 96K(192K)->96K(192K) Class: 4K(128K)->4K(128K)
[2024-08-28T13:04:12.389+0000][info][gc             ] GC(484) Pause Full (G1 Compaction Pause) 1022M->436M(1024M) 76.994ms
[2024-08-28T13:04:12.389+0000][info][gc,cpu         ] GC(484) User=1.62s Sys=0.00s Real=0.07s
[2024-08-28T13:04:12.389+0000][info][gc,marking     ] GC(477) Concurrent Rebuild Remembered Sets 199.352ms
[2024-08-28T13:04:12.389+0000][info][gc,marking     ] GC(477) Concurrent Mark Abort
[2024-08-28T13:04:12.389+0000][info][gc             ] GC(477) Concurrent Mark Cycle 229.039ms
[2024-08-28T13:04:12.476+0000][info][gc,start       ] GC(485) Pause Young (Normal) (G1 Evacuation Pause)
[2024-08-28T13:04:12.476+0000][info][gc,task        ] GC(485) Using 24 workers of 68 for evacuation
[2024-08-28T13:04:12.499+0000][info][gc,phases      ] GC(485)   Pre Evacuate Collection Set: 0.1ms
[2024-08-28T13:04:12.499+0000][info][gc,phases      ] GC(485)   Merge Heap Roots: 0.4ms
[2024-08-28T13:04:12.499+0000][info][gc,phases      ] GC(485)   Evacuate Collection Set: 21.9ms
[2024-08-28T13:04:12.499+0000][info][gc,phases      ] GC(485)   Post Evacuate Collection Set: 0.3ms
[2024-08-28T13:04:12.499+0000][info][gc,phases      ] GC(485)   Other: 0.2ms
[2024-08-28T13:04:12.499+0000][info][gc,heap        ] GC(485) Eden regions: 150->0(102)
[2024-08-28T13:04:12.499+0000][info][gc,heap        ] GC(485) Survivor regions: 0->19(19)
[2024-08-28T13:04:12.499+0000][info][gc,heap        ] GC(485) Old regions: 444->573
[2024-08-28T13:04:12.499+0000][info][gc,heap        ] GC(485) Archive regions: 2->2
[2024-08-28T13:04:12.499+0000][info][gc,heap        ] GC(485) Humongous regions: 5->5
[2024-08-28T13:04:12.499+0000][info][gc,metaspace   ] GC(485) Metaspace: 100K(320K)->100K(320K) NonClass: 96K(192K)->96K(192K) Class: 4K(128K)->4K(128K)
[2024-08-28T13:04:12.499+0000][info][gc             ] GC(485) Pause Young (Normal) (G1 Evacuation Pause) 586M->583M(1024M) 23.078ms
[2024-08-28T13:04:12.500+0000][info][gc,cpu         ] GC(485) User=0.53s Sys=0.00s Real=0.03s
[2024-08-28T13:04:12.555+0000][info][gc,start       ] GC(486) Pause Young (Concurrent Start) (G1 Evacuation Pause)
[2024-08-28T13:04:12.555+0000][info][gc,task        ] GC(486) Using 24 workers of 68 for evacuation
[2024-08-28T13:04:12.575+0000][info][gc,phases      ] GC(486)   Pre Evacuate Collection Set: 0.2ms
[2024-08-28T13:04:12.575+0000][info][gc,phases      ] GC(486)   Merge Heap Roots: 0.3ms
[2024-08-28T13:04:12.575+0000][info][gc,phases      ] GC(486)   Evacuate Collection Set: 18.2ms
[2024-08-28T13:04:12.575+0000][info][gc,phases      ] GC(486)   Post Evacuate Collection Set: 0.3ms
[2024-08-28T13:04:12.575+0000][info][gc,phases      ] GC(486)   Other: 0.6ms
[2024-08-28T13:04:12.575+0000][info][gc,heap        ] GC(486) Eden regions: 102->0(69)
[2024-08-28T13:04:12.575+0000][info][gc,heap        ] GC(486) Survivor regions: 19->16(16)
[2024-08-28T13:04:12.575+0000][info][gc,heap        ] GC(486) Old regions: 573->678
[2024-08-28T13:04:12.575+0000][info][gc,heap        ] GC(486) Archive regions: 2->2
[2024-08-28T13:04:12.575+0000][info][gc,heap        ] GC(486) Humongous regions: 5->5
[2024-08-28T13:04:12.575+0000][info][gc,metaspace   ] GC(486) Metaspace: 100K(320K)->100K(320K) NonClass: 96K(192K)->96K(192K) Class: 4K(128K)->4K(128K)
[2024-08-28T13:04:12.575+0000][info][gc             ] GC(486) Pause Young (Concurrent Start) (G1 Evacuation Pause) 685M->686M(1024M) 19.620ms
[2024-08-28T13:04:12.575+0000][info][gc,cpu         ] GC(486) User=0.44s Sys=0.00s Real=0.02s
[2024-08-28T13:04:12.575+0000][info][gc             ] GC(487) Concurrent Mark Cycle
[2024-08-28T13:04:12.575+0000][info][gc,marking     ] GC(487) Concurrent Clear Claimed Marks
[2024-08-28T13:04:12.575+0000][info][gc,marking     ] GC(487) Concurrent Clear Claimed Marks 0.011ms
[2024-08-28T13:04:12.575+0000][info][gc,marking     ] GC(487) Concurrent Scan Root Regions
[2024-08-28T13:04:12.579+0000][info][gc,marking     ] GC(487) Concurrent Scan Root Regions 3.625ms
[2024-08-28T13:04:12.579+0000][info][gc,marking     ] GC(487) Concurrent Mark
[2024-08-28T13:04:12.579+0000][info][gc,marking     ] GC(487) Concurrent Mark From Roots
[2024-08-28T13:04:12.579+0000][info][gc,task        ] GC(487) Using 17 workers of 17 for marking
[2024-08-28T13:04:12.601+0000][info][gc,marking     ] GC(487) Concurrent Mark From Roots 21.997ms
[2024-08-28T13:04:12.601+0000][info][gc,marking     ] GC(487) Concurrent Preclean
[2024-08-28T13:04:12.601+0000][info][gc,marking     ] GC(487) Concurrent Preclean 0.500ms
[2024-08-28T13:04:12.602+0000][info][gc,start       ] GC(487) Pause Remark
[2024-08-28T13:04:12.603+0000][info][gc             ] GC(487) Pause Remark 719M->719M(1024M) 1.200ms
[2024-08-28T13:04:12.603+0000][info][gc,cpu         ] GC(487) User=0.01s Sys=0.00s Real=0.00s
[2024-08-28T13:04:12.603+0000][info][gc,marking     ] GC(487) Concurrent Mark 24.150ms
[2024-08-28T13:04:12.603+0000][info][gc,marking     ] GC(487) Concurrent Rebuild Remembered Sets
[2024-08-28T13:04:12.625+0000][info][gc,start       ] GC(488) Pause Young (Normal) (G1 Evacuation Pause)
[2024-08-28T13:04:12.625+0000][info][gc,task        ] GC(488) Using 24 workers of 68 for evacuation
[2024-08-28T13:04:12.642+0000][info][gc,phases      ] GC(488)   Pre Evacuate Collection Set: 0.1ms
[2024-08-28T13:04:12.642+0000][info][gc,phases      ] GC(488)   Merge Heap Roots: 0.4ms
[2024-08-28T13:04:12.642+0000][info][gc,phases      ] GC(488)   Evacuate Collection Set: 15.4ms
[2024-08-28T13:04:12.642+0000][info][gc,phases      ] GC(488)   Post Evacuate Collection Set: 0.5ms
[2024-08-28T13:04:12.642+0000][info][gc,phases      ] GC(488)   Other: 0.3ms
[2024-08-28T13:04:12.642+0000][info][gc,heap        ] GC(488) Eden regions: 69->0(46)
[2024-08-28T13:04:12.642+0000][info][gc,heap        ] GC(488) Survivor regions: 16->11(11)
[2024-08-28T13:04:12.642+0000][info][gc,heap        ] GC(488) Old regions: 678->756
[2024-08-28T13:04:12.642+0000][info][gc,heap        ] GC(488) Archive regions: 2->2
[2024-08-28T13:04:12.642+0000][info][gc,heap        ] GC(488) Humongous regions: 5->5
[2024-08-28T13:04:12.642+0000][info][gc,metaspace   ] GC(488) Metaspace: 100K(320K)->100K(320K) NonClass: 96K(192K)->96K(192K) Class: 4K(128K)->4K(128K)
[2024-08-28T13:04:12.642+0000][info][gc             ] GC(488) Pause Young (Normal) (G1 Evacuation Pause) 755M->758M(1024M) 16.731ms
[2024-08-28T13:04:12.642+0000][info][gc,cpu         ] GC(488) User=0.38s Sys=0.01s Real=0.02s
[2024-08-28T13:04:12.668+0000][info][gc,start       ] GC(489) Pause Young (Normal) (G1 Evacuation Pause)
[2024-08-28T13:04:12.668+0000][info][gc,task        ] GC(489) Using 24 workers of 68 for evacuation
[2024-08-28T13:04:12.688+0000][info][gc,phases      ] GC(489)   Pre Evacuate Collection Set: 0.1ms
[2024-08-28T13:04:12.688+0000][info][gc,phases      ] GC(489)   Merge Heap Roots: 0.4ms
[2024-08-28T13:04:12.688+0000][info][gc,phases      ] GC(489)   Evacuate Collection Set: 18.8ms
[2024-08-28T13:04:12.688+0000][info][gc,phases      ] GC(489)   Post Evacuate Collection Set: 0.6ms
[2024-08-28T13:04:12.688+0000][info][gc,phases      ] GC(489)   Other: 0.2ms
[2024-08-28T13:04:12.688+0000][info][gc,heap        ] GC(489) Eden regions: 46->0(43)
[2024-08-28T13:04:12.688+0000][info][gc,heap        ] GC(489) Survivor regions: 11->8(8)
[2024-08-28T13:04:12.688+0000][info][gc,heap        ] GC(489) Old regions: 756->808
[2024-08-28T13:04:12.688+0000][info][gc,heap        ] GC(489) Archive regions: 2->2
[2024-08-28T13:04:12.688+0000][info][gc,heap        ] GC(489) Humongous regions: 5->5
[2024-08-28T13:04:12.688+0000][info][gc,metaspace   ] GC(489) Metaspace: 100K(320K)->100K(320K) NonClass: 96K(192K)->96K(192K) Class: 4K(128K)->4K(128K)
[2024-08-28T13:04:12.688+0000][info][gc             ] GC(489) Pause Young (Normal) (G1 Evacuation Pause) 804M->808M(1024M) 20.182ms
[2024-08-28T13:04:12.688+0000][info][gc,cpu         ] GC(489) User=0.46s Sys=0.00s Real=0.02s
[2024-08-28T13:04:12.704+0000][info][gc,marking     ] GC(487) Concurrent Rebuild Remembered Sets 101.415ms
[2024-08-28T13:04:12.705+0000][info][gc,start       ] GC(487) Pause Cleanup
[2024-08-28T13:04:12.706+0000][info][gc             ] GC(487) Pause Cleanup 836M->836M(1024M) 1.111ms
[2024-08-28T13:04:12.706+0000][info][gc,cpu         ] GC(487) User=0.00s Sys=0.00s Real=0.00s
[2024-08-28T13:04:12.706+0000][info][gc,marking     ] GC(487) Concurrent Cleanup for Next Mark
[2024-08-28T13:04:12.707+0000][info][gc,marking     ] GC(487) Concurrent Cleanup for Next Mark 0.782ms
[2024-08-28T13:04:12.707+0000][info][gc             ] GC(487) Concurrent Mark Cycle 131.516ms
[2024-08-28T13:04:12.716+0000][info][gc,start       ] GC(490) Pause Young (Prepare Mixed) (G1 Evacuation Pause)
[2024-08-28T13:04:12.716+0000][info][gc,task        ] GC(490) Using 24 workers of 68 for evacuation
[2024-08-28T13:04:12.732+0000][info][gc,phases      ] GC(490)   Pre Evacuate Collection Set: 0.1ms
[2024-08-28T13:04:12.732+0000][info][gc,phases      ] GC(490)   Merge Heap Roots: 0.5ms
[2024-08-28T13:04:12.732+0000][info][gc,phases      ] GC(490)   Evacuate Collection Set: 14.9ms
[2024-08-28T13:04:12.732+0000][info][gc,phases      ] GC(490)   Post Evacuate Collection Set: 0.3ms
[2024-08-28T13:04:12.732+0000][info][gc,phases      ] GC(490)   Other: 0.2ms
[2024-08-28T13:04:12.732+0000][info][gc,heap        ] GC(490) Eden regions: 43->0(44)
[2024-08-28T13:04:12.732+0000][info][gc,heap        ] GC(490) Survivor regions: 8->7(7)
[2024-08-28T13:04:12.732+0000][info][gc,heap        ] GC(490) Old regions: 808->855
[2024-08-28T13:04:12.732+0000][info][gc,heap        ] GC(490) Archive regions: 2->2
[2024-08-28T13:04:12.732+0000][info][gc,heap        ] GC(490) Humongous regions: 5->5
[2024-08-28T13:04:12.732+0000][info][gc,metaspace   ] GC(490) Metaspace: 100K(320K)->100K(320K) NonClass: 96K(192K)->96K(192K) Class: 4K(128K)->4K(128K)
[2024-08-28T13:04:12.732+0000][info][gc             ] GC(490) Pause Young (Prepare Mixed) (G1 Evacuation Pause) 851M->853M(1024M) 16.088ms
[2024-08-28T13:04:12.732+0000][info][gc,cpu         ] GC(490) User=0.37s Sys=0.00s Real=0.02s
[2024-08-28T13:04:12.756+0000][info][gc,start       ] GC(491) Pause Young (Mixed) (G1 Evacuation Pause)
[2024-08-28T13:04:12.756+0000][info][gc,task        ] GC(491) Using 24 workers of 68 for evacuation
[2024-08-28T13:04:12.769+0000][info][gc,phases      ] GC(491)   Pre Evacuate Collection Set: 0.2ms
[2024-08-28T13:04:12.769+0000][info][gc,phases      ] GC(491)   Merge Heap Roots: 0.4ms
[2024-08-28T13:04:12.769+0000][info][gc,phases      ] GC(491)   Evacuate Collection Set: 11.2ms
[2024-08-28T13:04:12.769+0000][info][gc,phases      ] GC(491)   Post Evacuate Collection Set: 0.3ms
[2024-08-28T13:04:12.769+0000][info][gc,phases      ] GC(491)   Other: 0.3ms
[2024-08-28T13:04:12.769+0000][info][gc,heap        ] GC(491) Eden regions: 44->0(44)
[2024-08-28T13:04:12.769+0000][info][gc,heap        ] GC(491) Survivor regions: 7->7(7)
[2024-08-28T13:04:12.769+0000][info][gc,heap        ] GC(491) Old regions: 855->798
[2024-08-28T13:04:12.769+0000][info][gc,heap        ] GC(491) Archive regions: 2->2
[2024-08-28T13:04:12.769+0000][info][gc,heap        ] GC(491) Humongous regions: 5->5
[2024-08-28T13:04:12.769+0000][info][gc,metaspace   ] GC(491) Metaspace: 100K(320K)->100K(320K) NonClass: 96K(192K)->96K(192K) Class: 4K(128K)->4K(128K)
[2024-08-28T13:04:12.769+0000][info][gc             ] GC(491) Pause Young (Mixed) (G1 Evacuation Pause) 897M->800M(1024M) 12.473ms
[2024-08-28T13:04:12.769+0000][info][gc,cpu         ] GC(491) User=0.28s Sys=0.00s Real=0.01s
[2024-08-28T13:04:12.793+0000][info][gc,start       ] GC(492) Pause Young (Mixed) (G1 Evacuation Pause)
[2024-08-28T13:04:12.793+0000][info][gc,task        ] GC(492) Using 24 workers of 68 for evacuation
[2024-08-28T13:04:12.806+0000][info][gc,phases      ] GC(492)   Pre Evacuate Collection Set: 0.2ms
[2024-08-28T13:04:12.806+0000][info][gc,phases      ] GC(492)   Merge Heap Roots: 0.5ms
[2024-08-28T13:04:12.806+0000][info][gc,phases      ] GC(492)   Evacuate Collection Set: 11.5ms
[2024-08-28T13:04:12.806+0000][info][gc,phases      ] GC(492)   Post Evacuate Collection Set: 0.4ms
[2024-08-28T13:04:12.806+0000][info][gc,phases      ] GC(492)   Other: 0.2ms
[2024-08-28T13:04:12.806+0000][info][gc,heap        ] GC(492) Eden regions: 44->0(48)
[2024-08-28T13:04:12.806+0000][info][gc,heap        ] GC(492) Survivor regions: 7->7(7)
[2024-08-28T13:04:12.806+0000][info][gc,heap        ] GC(492) Old regions: 798->754
[2024-08-28T13:04:12.806+0000][info][gc,heap        ] GC(492) Archive regions: 2->2
[2024-08-28T13:04:12.806+0000][info][gc,heap        ] GC(492) Humongous regions: 5->5
[2024-08-28T13:04:12.806+0000][info][gc,metaspace   ] GC(492) Metaspace: 100K(320K)->100K(320K) NonClass: 96K(192K)->96K(192K) Class: 4K(128K)->4K(128K)
[2024-08-28T13:04:12.806+0000][info][gc             ] GC(492) Pause Young (Mixed) (G1 Evacuation Pause) 844M->760M(1024M) 12.772ms
[2024-08-28T13:04:12.806+0000][info][gc,cpu         ] GC(492) User=0.27s Sys=0.01s Real=0.01s
[2024-08-28T13:04:12.831+0000][info][gc,start       ] GC(493) Pause Young (Concurrent Start) (G1 Evacuation Pause)
[2024-08-28T13:04:12.831+0000][info][gc,task        ] GC(493) Using 24 workers of 68 for evacuation
[2024-08-28T13:04:12.843+0000][info][gc,phases      ] GC(493)   Pre Evacuate Collection Set: 0.2ms
[2024-08-28T13:04:12.843+0000][info][gc,phases      ] GC(493)   Merge Heap Roots: 0.4ms
[2024-08-28T13:04:12.843+0000][info][gc,phases      ] GC(493)   Evacuate Collection Set: 10.6ms
[2024-08-28T13:04:12.843+0000][info][gc,phases      ] GC(493)   Post Evacuate Collection Set: 0.4ms
[2024-08-28T13:04:12.843+0000][info][gc,phases      ] GC(493)   Other: 0.6ms
[2024-08-28T13:04:12.843+0000][info][gc,heap        ] GC(493) Eden regions: 48->0(44)
[2024-08-28T13:04:12.843+0000][info][gc,heap        ] GC(493) Survivor regions: 7->7(7)
[2024-08-28T13:04:12.843+0000][info][gc,heap        ] GC(493) Old regions: 754->804
[2024-08-28T13:04:12.843+0000][info][gc,heap        ] GC(493) Archive regions: 2->2
[2024-08-28T13:04:12.843+0000][info][gc,heap        ] GC(493) Humongous regions: 5->5
[2024-08-28T13:04:12.843+0000][info][gc,metaspace   ] GC(493) Metaspace: 100K(320K)->100K(320K) NonClass: 96K(192K)->96K(192K) Class: 4K(128K)->4K(128K)
[2024-08-28T13:04:12.843+0000][info][gc             ] GC(493) Pause Young (Concurrent Start) (G1 Evacuation Pause) 808M->810M(1024M) 12.156ms
[2024-08-28T13:04:12.843+0000][info][gc,cpu         ] GC(493) User=0.26s Sys=0.00s Real=0.01s
[2024-08-28T13:04:12.844+0000][info][gc             ] GC(494) Concurrent Mark Cycle
[2024-08-28T13:04:12.844+0000][info][gc,marking     ] GC(494) Concurrent Clear Claimed Marks
[2024-08-28T13:04:12.844+0000][info][gc,marking     ] GC(494) Concurrent Clear Claimed Marks 0.012ms
[2024-08-28T13:04:12.844+0000][info][gc,marking     ] GC(494) Concurrent Scan Root Regions
[2024-08-28T13:04:12.845+0000][info][gc,marking     ] GC(494) Concurrent Scan Root Regions 1.840ms
[2024-08-28T13:04:12.845+0000][info][gc,marking     ] GC(494) Concurrent Mark
[2024-08-28T13:04:12.845+0000][info][gc,marking     ] GC(494) Concurrent Mark From Roots
[2024-08-28T13:04:12.845+0000][info][gc,task        ] GC(494) Using 17 workers of 17 for marking
[2024-08-28T13:04:12.871+0000][info][gc,marking     ] GC(494) Concurrent Mark From Roots 25.425ms
[2024-08-28T13:04:12.871+0000][info][gc,marking     ] GC(494) Concurrent Preclean
[2024-08-28T13:04:12.872+0000][info][gc,marking     ] GC(494) Concurrent Preclean 0.671ms
[2024-08-28T13:04:12.872+0000][info][gc,start       ] GC(494) Pause Remark
[2024-08-28T13:04:12.873+0000][info][gc             ] GC(494) Pause Remark 846M->846M(1024M) 1.297ms
[2024-08-28T13:04:12.873+0000][info][gc,cpu         ] GC(494) User=0.00s Sys=0.00s Real=0.00s
[2024-08-28T13:04:12.873+0000][info][gc,marking     ] GC(494) Concurrent Mark 27.791ms
[2024-08-28T13:04:12.873+0000][info][gc,marking     ] GC(494) Concurrent Rebuild Remembered Sets
[2024-08-28T13:04:12.878+0000][info][gc,start       ] GC(495) Pause Young (Normal) (G1 Evacuation Pause)
[2024-08-28T13:04:12.878+0000][info][gc,task        ] GC(495) Using 24 workers of 68 for evacuation
[2024-08-28T13:04:12.889+0000][info][gc,phases      ] GC(495)   Pre Evacuate Collection Set: 0.2ms
[2024-08-28T13:04:12.889+0000][info][gc,phases      ] GC(495)   Merge Heap Roots: 0.3ms
[2024-08-28T13:04:12.889+0000][info][gc,phases      ] GC(495)   Evacuate Collection Set: 9.6ms
[2024-08-28T13:04:12.889+0000][info][gc,phases      ] GC(495)   Post Evacuate Collection Set: 0.4ms
[2024-08-28T13:04:12.889+0000][info][gc,phases      ] GC(495)   Other: 0.2ms
[2024-08-28T13:04:12.889+0000][info][gc,heap        ] GC(495) Eden regions: 44->0(44)
[2024-08-28T13:04:12.889+0000][info][gc,heap        ] GC(495) Survivor regions: 7->7(7)
[2024-08-28T13:04:12.889+0000][info][gc,heap        ] GC(495) Old regions: 804->850
[2024-08-28T13:04:12.889+0000][info][gc,heap        ] GC(495) Archive regions: 2->2
[2024-08-28T13:04:12.889+0000][info][gc,heap        ] GC(495) Humongous regions: 5->5
[2024-08-28T13:04:12.889+0000][info][gc,metaspace   ] GC(495) Metaspace: 100K(320K)->100K(320K) NonClass: 96K(192K)->96K(192K) Class: 4K(128K)->4K(128K)
[2024-08-28T13:04:12.889+0000][info][gc             ] GC(495) Pause Young (Normal) (G1 Evacuation Pause) 854M->856M(1024M) 10.800ms
[2024-08-28T13:04:12.889+0000][info][gc,cpu         ] GC(495) User=0.24s Sys=0.00s Real=0.00s
[2024-08-28T13:04:12.915+0000][info][gc,start       ] GC(496) Pause Young (Normal) (G1 Evacuation Pause)
[2024-08-28T13:04:12.915+0000][info][gc,task        ] GC(496) Using 24 workers of 68 for evacuation
[2024-08-28T13:04:12.929+0000][info][gc,phases      ] GC(496)   Pre Evacuate Collection Set: 0.2ms
[2024-08-28T13:04:12.929+0000][info][gc,phases      ] GC(496)   Merge Heap Roots: 0.5ms
[2024-08-28T13:04:12.929+0000][info][gc,phases      ] GC(496)   Evacuate Collection Set: 13.4ms
[2024-08-28T13:04:12.929+0000][info][gc,phases      ] GC(496)   Post Evacuate Collection Set: 0.5ms
[2024-08-28T13:04:12.929+0000][info][gc,phases      ] GC(496)   Other: 0.3ms
[2024-08-28T13:04:12.929+0000][info][gc,heap        ] GC(496) Eden regions: 44->0(44)
[2024-08-28T13:04:12.929+0000][info][gc,heap        ] GC(496) Survivor regions: 7->7(7)
[2024-08-28T13:04:12.929+0000][info][gc,heap        ] GC(496) Old regions: 850->897
[2024-08-28T13:04:12.929+0000][info][gc,heap        ] GC(496) Archive regions: 2->2
[2024-08-28T13:04:12.929+0000][info][gc,heap        ] GC(496) Humongous regions: 5->5
[2024-08-28T13:04:12.929+0000][info][gc,metaspace   ] GC(496) Metaspace: 100K(320K)->100K(320K) NonClass: 96K(192K)->96K(192K) Class: 4K(128K)->4K(128K)
[2024-08-28T13:04:12.930+0000][info][gc             ] GC(496) Pause Young (Normal) (G1 Evacuation Pause) 900M->903M(1024M) 14.844ms
[2024-08-28T13:04:12.930+0000][info][gc,cpu         ] GC(496) User=0.34s Sys=0.00s Real=0.02s
[2024-08-28T13:04:12.954+0000][info][gc,start       ] GC(497) Pause Young (Normal) (G1 Evacuation Pause)
[2024-08-28T13:04:12.954+0000][info][gc,task        ] GC(497) Using 24 workers of 68 for evacuation
[2024-08-28T13:04:12.970+0000][info][gc,phases      ] GC(497)   Pre Evacuate Collection Set: 0.2ms
[2024-08-28T13:04:12.970+0000][info][gc,phases      ] GC(497)   Merge Heap Roots: 0.4ms
[2024-08-28T13:04:12.970+0000][info][gc,phases      ] GC(497)   Evacuate Collection Set: 14.2ms
[2024-08-28T13:04:12.970+0000][info][gc,phases      ] GC(497)   Post Evacuate Collection Set: 0.7ms
[2024-08-28T13:04:12.970+0000][info][gc,phases      ] GC(497)   Other: 0.2ms
[2024-08-28T13:04:12.970+0000][info][gc,heap        ] GC(497) Eden regions: 44->0(44)
[2024-08-28T13:04:12.970+0000][info][gc,heap        ] GC(497) Survivor regions: 7->7(7)
[2024-08-28T13:04:12.970+0000][info][gc,heap        ] GC(497) Old regions: 897->943
[2024-08-28T13:04:12.970+0000][info][gc,heap        ] GC(497) Archive regions: 2->2
[2024-08-28T13:04:12.970+0000][info][gc,heap        ] GC(497) Humongous regions: 5->5
[2024-08-28T13:04:12.970+0000][info][gc,metaspace   ] GC(497) Metaspace: 100K(320K)->100K(320K) NonClass: 96K(192K)->96K(192K) Class: 4K(128K)->4K(128K)
[2024-08-28T13:04:12.970+0000][info][gc             ] GC(497) Pause Young (Normal) (G1 Evacuation Pause) 947M->950M(1024M) 15.669ms
[2024-08-28T13:04:12.970+0000][info][gc,cpu         ] GC(497) User=0.36s Sys=0.00s Real=0.02s
[2024-08-28T13:04:12.983+0000][info][gc,marking     ] GC(494) Concurrent Rebuild Remembered Sets 110.024ms
[2024-08-28T13:04:12.984+0000][info][gc,start       ] GC(494) Pause Cleanup
[2024-08-28T13:04:12.985+0000][info][gc             ] GC(494) Pause Cleanup 972M->972M(1024M) 1.534ms
[2024-08-28T13:04:12.985+0000][info][gc,cpu         ] GC(494) User=0.01s Sys=0.00s Real=0.00s
[2024-08-28T13:04:12.985+0000][info][gc,marking     ] GC(494) Concurrent Cleanup for Next Mark
[2024-08-28T13:04:12.986+0000][info][gc,marking     ] GC(494) Concurrent Cleanup for Next Mark 0.796ms
[2024-08-28T13:04:12.986+0000][info][gc             ] GC(494) Concurrent Mark Cycle 142.506ms
[2024-08-28T13:04:12.990+0000][info][gc,start       ] GC(498) Pause Young (Prepare Mixed) (G1 Preventive Collection)
[2024-08-28T13:04:12.990+0000][info][gc,task        ] GC(498) Using 24 workers of 68 for evacuation
[2024-08-28T13:04:13.001+0000][info][gc,phases      ] GC(498)   Pre Evacuate Collection Set: 0.1ms
[2024-08-28T13:04:13.001+0000][info][gc,phases      ] GC(498)   Merge Heap Roots: 0.5ms
[2024-08-28T13:04:13.001+0000][info][gc,phases      ] GC(498)   Evacuate Collection Set: 10.2ms
[2024-08-28T13:04:13.001+0000][info][gc,phases      ] GC(498)   Post Evacuate Collection Set: 0.3ms
[2024-08-28T13:04:13.001+0000][info][gc,phases      ] GC(498)   Other: 0.2ms
[2024-08-28T13:04:13.001+0000][info][gc,heap        ] GC(498) Eden regions: 28->0(44)
[2024-08-28T13:04:13.001+0000][info][gc,heap        ] GC(498) Survivor regions: 7->7(7)
[2024-08-28T13:04:13.001+0000][info][gc,heap        ] GC(498) Old regions: 943->975
[2024-08-28T13:04:13.001+0000][info][gc,heap        ] GC(498) Archive regions: 2->2
[2024-08-28T13:04:13.001+0000][info][gc,heap        ] GC(498) Humongous regions: 5->5
[2024-08-28T13:04:13.001+0000][info][gc,metaspace   ] GC(498) Metaspace: 100K(320K)->100K(320K) NonClass: 96K(192K)->96K(192K) Class: 4K(128K)->4K(128K)
[2024-08-28T13:04:13.001+0000][info][gc             ] GC(498) Pause Young (Prepare Mixed) (G1 Preventive Collection) 978M->981M(1024M) 11.341ms
[2024-08-28T13:04:13.001+0000][info][gc,cpu         ] GC(498) User=0.26s Sys=0.01s Real=0.01s
[2024-08-28T13:04:13.009+0000][info][gc,start       ] GC(499) Pause Young (Mixed) (G1 Preventive Collection)
[2024-08-28T13:04:13.009+0000][info][gc,task        ] GC(499) Using 24 workers of 68 for evacuation
[2024-08-28T13:04:13.014+0000][info][gc,phases      ] GC(499)   Pre Evacuate Collection Set: 0.2ms
[2024-08-28T13:04:13.014+0000][info][gc,phases      ] GC(499)   Merge Heap Roots: 0.3ms
[2024-08-28T13:04:13.014+0000][info][gc,phases      ] GC(499)   Evacuate Collection Set: 4.8ms
[2024-08-28T13:04:13.014+0000][info][gc,phases      ] GC(499)   Post Evacuate Collection Set: 0.3ms
[2024-08-28T13:04:13.014+0000][info][gc,phases      ] GC(499)   Other: 0.2ms
[2024-08-28T13:04:13.014+0000][info][gc,heap        ] GC(499) Eden regions: 12->0(44)
[2024-08-28T13:04:13.014+0000][info][gc,heap        ] GC(499) Survivor regions: 7->7(7)
[2024-08-28T13:04:13.014+0000][info][gc,heap        ] GC(499) Old regions: 975->886
[2024-08-28T13:04:13.014+0000][info][gc,heap        ] GC(499) Archive regions: 2->2
[2024-08-28T13:04:13.014+0000][info][gc,heap        ] GC(499) Humongous regions: 5->5
[2024-08-28T13:04:13.014+0000][info][gc,metaspace   ] GC(499) Metaspace: 100K(320K)->100K(320K) NonClass: 96K(192K)->96K(192K) Class: 4K(128K)->4K(128K)
[2024-08-28T13:04:13.014+0000][info][gc             ] GC(499) Pause Young (Mixed) (G1 Preventive Collection) 993M->896M(1024M) 5.860ms
[2024-08-28T13:04:13.014+0000][info][gc,cpu         ] GC(499) User=0.13s Sys=0.00s Real=0.01s
[2024-08-28T13:04:13.037+0000][info][gc,start       ] GC(500) Pause Young (Mixed) (G1 Evacuation Pause)
[2024-08-28T13:04:13.037+0000][info][gc,task        ] GC(500) Using 24 workers of 68 for evacuation
[2024-08-28T13:04:13.048+0000][info][gc,phases      ] GC(500)   Pre Evacuate Collection Set: 0.2ms
[2024-08-28T13:04:13.048+0000][info][gc,phases      ] GC(500)   Merge Heap Roots: 0.4ms
[2024-08-28T13:04:13.048+0000][info][gc,phases      ] GC(500)   Evacuate Collection Set: 9.5ms
[2024-08-28T13:04:13.048+0000][info][gc,phases      ] GC(500)   Post Evacuate Collection Set: 0.4ms
[2024-08-28T13:04:13.048+0000][info][gc,phases      ] GC(500)   Other: 0.2ms
[2024-08-28T13:04:13.048+0000][info][gc,heap        ] GC(500) Eden regions: 44->0(44)
[2024-08-28T13:04:13.048+0000][info][gc,heap        ] GC(500) Survivor regions: 7->7(7)
[2024-08-28T13:04:13.048+0000][info][gc,heap        ] GC(500) Old regions: 886->827
[2024-08-28T13:04:13.048+0000][info][gc,heap        ] GC(500) Archive regions: 2->2
[2024-08-28T13:04:13.048+0000][info][gc,heap        ] GC(500) Humongous regions: 5->5
[2024-08-28T13:04:13.048+0000][info][gc,metaspace   ] GC(500) Metaspace: 100K(320K)->100K(320K) NonClass: 96K(192K)->96K(192K) Class: 4K(128K)->4K(128K)
[2024-08-28T13:04:13.048+0000][info][gc             ] GC(500) Pause Young (Mixed) (G1 Evacuation Pause) 940M->839M(1024M) 10.824ms
[2024-08-28T13:04:13.048+0000][info][gc,cpu         ] GC(500) User=0.23s Sys=0.00s Real=0.01s
[2024-08-28T13:04:13.071+0000][info][gc,start       ] GC(501) Pause Young (Mixed) (G1 Evacuation Pause)
[2024-08-28T13:04:13.071+0000][info][gc,task        ] GC(501) Using 24 workers of 68 for evacuation
[2024-08-28T13:04:13.085+0000][info][gc,phases      ] GC(501)   Pre Evacuate Collection Set: 0.2ms
[2024-08-28T13:04:13.085+0000][info][gc,phases      ] GC(501)   Merge Heap Roots: 0.4ms
[2024-08-28T13:04:13.085+0000][info][gc,phases      ] GC(501)   Evacuate Collection Set: 12.5ms
[2024-08-28T13:04:13.085+0000][info][gc,phases      ] GC(501)   Post Evacuate Collection Set: 0.4ms
[2024-08-28T13:04:13.085+0000][info][gc,phases      ] GC(501)   Other: 0.2ms
[2024-08-28T13:04:13.085+0000][info][gc,heap        ] GC(501) Eden regions: 44->0(44)
[2024-08-28T13:04:13.085+0000][info][gc,heap        ] GC(501) Survivor regions: 7->7(7)
[2024-08-28T13:04:13.085+0000][info][gc,heap        ] GC(501) Old regions: 827->787
[2024-08-28T13:04:13.085+0000][info][gc,heap        ] GC(501) Archive regions: 2->2
[2024-08-28T13:04:13.085+0000][info][gc,heap        ] GC(501) Humongous regions: 5->5
[2024-08-28T13:04:13.085+0000][info][gc,metaspace   ] GC(501) Metaspace: 100K(320K)->100K(320K) NonClass: 96K(192K)->96K(192K) Class: 4K(128K)->4K(128K)
[2024-08-28T13:04:13.085+0000][info][gc             ] GC(501) Pause Young (Mixed) (G1 Evacuation Pause) 883M->799M(1024M) 13.802ms
[2024-08-28T13:04:13.085+0000][info][gc,cpu         ] GC(501) User=0.31s Sys=0.00s Real=0.01s
[2024-08-28T13:04:13.109+0000][info][gc,start       ] GC(502) Pause Young (Mixed) (G1 Evacuation Pause)
[2024-08-28T13:04:13.109+0000][info][gc,task        ] GC(502) Using 24 workers of 68 for evacuation
[2024-08-28T13:04:13.122+0000][info][gc,phases      ] GC(502)   Pre Evacuate Collection Set: 0.2ms
[2024-08-28T13:04:13.123+0000][info][gc,phases      ] GC(502)   Merge Heap Roots: 0.4ms
[2024-08-28T13:04:13.123+0000][info][gc,phases      ] GC(502)   Evacuate Collection Set: 12.5ms
[2024-08-28T13:04:13.123+0000][info][gc,phases      ] GC(502)   Post Evacuate Collection Set: 0.3ms
[2024-08-28T13:04:13.123+0000][info][gc,phases      ] GC(502)   Other: 0.2ms
[2024-08-28T13:04:13.123+0000][info][gc,heap        ] GC(502) Eden regions: 44->0(44)
[2024-08-28T13:04:13.123+0000][info][gc,heap        ] GC(502) Survivor regions: 7->7(7)
[2024-08-28T13:04:13.123+0000][info][gc,heap        ] GC(502) Old regions: 787->810
[2024-08-28T13:04:13.123+0000][info][gc,heap        ] GC(502) Archive regions: 2->2
[2024-08-28T13:04:13.123+0000][info][gc,heap        ] GC(502) Humongous regions: 5->5
[2024-08-28T13:04:13.123+0000][info][gc,metaspace   ] GC(502) Metaspace: 100K(320K)->100K(320K) NonClass: 96K(192K)->96K(192K) Class: 4K(128K)->4K(128K)
[2024-08-28T13:04:13.123+0000][info][gc             ] GC(502) Pause Young (Mixed) (G1 Evacuation Pause) 843M->822M(1024M) 13.657ms
[2024-08-28T13:04:13.123+0000][info][gc,cpu         ] GC(502) User=0.31s Sys=0.00s Real=0.02s
[2024-08-28T13:04:13.147+0000][info][gc,start       ] GC(503) Pause Young (Concurrent Start) (G1 Evacuation Pause)
[2024-08-28T13:04:13.147+0000][info][gc,task        ] GC(503) Using 24 workers of 68 for evacuation
[2024-08-28T13:04:13.158+0000][info][gc,phases      ] GC(503)   Pre Evacuate Collection Set: 0.2ms
[2024-08-28T13:04:13.158+0000][info][gc,phases      ] GC(503)   Merge Heap Roots: 0.4ms
[2024-08-28T13:04:13.158+0000][info][gc,phases      ] GC(503)   Evacuate Collection Set: 10.0ms
[2024-08-28T13:04:13.158+0000][info][gc,phases      ] GC(503)   Post Evacuate Collection Set: 0.4ms
[2024-08-28T13:04:13.158+0000][info][gc,phases      ] GC(503)   Other: 0.6ms
[2024-08-28T13:04:13.158+0000][info][gc,heap        ] GC(503) Eden regions: 44->0(44)
[2024-08-28T13:04:13.158+0000][info][gc,heap        ] GC(503) Survivor regions: 7->7(7)
[2024-08-28T13:04:13.158+0000][info][gc,heap        ] GC(503) Old regions: 810->857
[2024-08-28T13:04:13.158+0000][info][gc,heap        ] GC(503) Archive regions: 2->2
[2024-08-28T13:04:13.158+0000][info][gc,heap        ] GC(503) Humongous regions: 5->5
[2024-08-28T13:04:13.158+0000][info][gc,metaspace   ] GC(503) Metaspace: 100K(320K)->100K(320K) NonClass: 96K(192K)->96K(192K) Class: 4K(128K)->4K(128K)
[2024-08-28T13:04:13.158+0000][info][gc             ] GC(503) Pause Young (Concurrent Start) (G1 Evacuation Pause) 866M->869M(1024M) 11.598ms
[2024-08-28T13:04:13.158+0000][info][gc,cpu         ] GC(503) User=0.18s Sys=0.07s Real=0.02s
[2024-08-28T13:04:13.158+0000][info][gc             ] GC(504) Concurrent Mark Cycle
[2024-08-28T13:04:13.158+0000][info][gc,marking     ] GC(504) Concurrent Clear Claimed Marks
[2024-08-28T13:04:13.158+0000][info][gc,marking     ] GC(504) Concurrent Clear Claimed Marks 0.013ms
[2024-08-28T13:04:13.158+0000][info][gc,marking     ] GC(504) Concurrent Scan Root Regions
[2024-08-28T13:04:13.160+0000][info][gc,marking     ] GC(504) Concurrent Scan Root Regions 1.823ms
[2024-08-28T13:04:13.160+0000][info][gc,marking     ] GC(504) Concurrent Mark
[2024-08-28T13:04:13.160+0000][info][gc,marking     ] GC(504) Concurrent Mark From Roots
[2024-08-28T13:04:13.160+0000][info][gc,task        ] GC(504) Using 17 workers of 17 for marking
[2024-08-28T13:04:13.186+0000][info][gc,marking     ] GC(504) Concurrent Mark From Roots 25.655ms
[2024-08-28T13:04:13.186+0000][info][gc,marking     ] GC(504) Concurrent Preclean
[2024-08-28T13:04:13.187+0000][info][gc,marking     ] GC(504) Concurrent Preclean 0.855ms
[2024-08-28T13:04:13.187+0000][info][gc,start       ] GC(504) Pause Remark
[2024-08-28T13:04:13.189+0000][info][gc             ] GC(504) Pause Remark 906M->906M(1024M) 1.771ms
[2024-08-28T13:04:13.189+0000][info][gc,cpu         ] GC(504) User=0.01s Sys=0.00s Real=0.00s
[2024-08-28T13:04:13.189+0000][info][gc,marking     ] GC(504) Concurrent Mark 28.793ms
[2024-08-28T13:04:13.189+0000][info][gc,marking     ] GC(504) Concurrent Rebuild Remembered Sets
[2024-08-28T13:04:13.194+0000][info][gc,start       ] GC(505) Pause Young (Normal) (G1 Evacuation Pause)
[2024-08-28T13:04:13.194+0000][info][gc,task        ] GC(505) Using 24 workers of 68 for evacuation
[2024-08-28T13:04:13.205+0000][info][gc,phases      ] GC(505)   Pre Evacuate Collection Set: 0.2ms
[2024-08-28T13:04:13.205+0000][info][gc,phases      ] GC(505)   Merge Heap Roots: 0.3ms
[2024-08-28T13:04:13.205+0000][info][gc,phases      ] GC(505)   Evacuate Collection Set: 10.1ms
[2024-08-28T13:04:13.205+0000][info][gc,phases      ] GC(505)   Post Evacuate Collection Set: 0.4ms
[2024-08-28T13:04:13.205+0000][info][gc,phases      ] GC(505)   Other: 0.2ms
[2024-08-28T13:04:13.205+0000][info][gc,heap        ] GC(505) Eden regions: 44->0(44)
[2024-08-28T13:04:13.205+0000][info][gc,heap        ] GC(505) Survivor regions: 7->7(7)
[2024-08-28T13:04:13.205+0000][info][gc,heap        ] GC(505) Old regions: 857->904
[2024-08-28T13:04:13.205+0000][info][gc,heap        ] GC(505) Archive regions: 2->2
[2024-08-28T13:04:13.205+0000][info][gc,heap        ] GC(505) Humongous regions: 5->5
[2024-08-28T13:04:13.205+0000][info][gc,metaspace   ] GC(505) Metaspace: 100K(320K)->100K(320K) NonClass: 96K(192K)->96K(192K) Class: 4K(128K)->4K(128K)
[2024-08-28T13:04:13.205+0000][info][gc             ] GC(505) Pause Young (Normal) (G1 Evacuation Pause) 913M->916M(1024M) 11.185ms
[2024-08-28T13:04:13.205+0000][info][gc,cpu         ] GC(505) User=0.25s Sys=0.00s Real=0.01s
[2024-08-28T13:04:13.230+0000][info][gc,start       ] GC(506) Pause Young (Normal) (G1 Evacuation Pause)
[2024-08-28T13:04:13.230+0000][info][gc,task        ] GC(506) Using 24 workers of 68 for evacuation
[2024-08-28T13:04:13.245+0000][info][gc,phases      ] GC(506)   Pre Evacuate Collection Set: 0.2ms
[2024-08-28T13:04:13.245+0000][info][gc,phases      ] GC(506)   Merge Heap Roots: 0.5ms
[2024-08-28T13:04:13.245+0000][info][gc,phases      ] GC(506)   Evacuate Collection Set: 13.3ms
[2024-08-28T13:04:13.245+0000][info][gc,phases      ] GC(506)   Post Evacuate Collection Set: 0.5ms
[2024-08-28T13:04:13.245+0000][info][gc,phases      ] GC(506)   Other: 0.3ms
[2024-08-28T13:04:13.245+0000][info][gc,heap        ] GC(506) Eden regions: 44->0(44)
[2024-08-28T13:04:13.245+0000][info][gc,heap        ] GC(506) Survivor regions: 7->7(7)
[2024-08-28T13:04:13.245+0000][info][gc,heap        ] GC(506) Old regions: 904->951
[2024-08-28T13:04:13.245+0000][info][gc,heap        ] GC(506) Archive regions: 2->2
[2024-08-28T13:04:13.245+0000][info][gc,heap        ] GC(506) Humongous regions: 5->5
[2024-08-28T13:04:13.245+0000][info][gc,metaspace   ] GC(506) Metaspace: 100K(320K)->100K(320K) NonClass: 96K(192K)->96K(192K) Class: 4K(128K)->4K(128K)
[2024-08-28T13:04:13.245+0000][info][gc             ] GC(506) Pause Young (Normal) (G1 Evacuation Pause) 960M->963M(1024M) 14.744ms
[2024-08-28T13:04:13.245+0000][info][gc,cpu         ] GC(506) User=0.33s Sys=0.00s Real=0.01s
[2024-08-28T13:04:13.259+0000][info][gc,start       ] GC(507) Pause Young (Normal) (G1 Preventive Collection)
[2024-08-28T13:04:13.259+0000][info][gc,task        ] GC(507) Using 24 workers of 68 for evacuation
[2024-08-28T13:04:13.272+0000][info][gc,phases      ] GC(507)   Pre Evacuate Collection Set: 0.2ms
[2024-08-28T13:04:13.272+0000][info][gc,phases      ] GC(507)   Merge Heap Roots: 0.3ms
[2024-08-28T13:04:13.272+0000][info][gc,phases      ] GC(507)   Evacuate Collection Set: 11.0ms
[2024-08-28T13:04:13.272+0000][info][gc,phases      ] GC(507)   Post Evacuate Collection Set: 0.6ms
[2024-08-28T13:04:13.272+0000][info][gc,phases      ] GC(507)   Other: 0.3ms
[2024-08-28T13:04:13.272+0000][info][gc,heap        ] GC(507) Eden regions: 24->0(44)
[2024-08-28T13:04:13.272+0000][info][gc,heap        ] GC(507) Survivor regions: 7->7(7)
[2024-08-28T13:04:13.272+0000][info][gc,heap        ] GC(507) Old regions: 951->978
[2024-08-28T13:04:13.272+0000][info][gc,heap        ] GC(507) Archive regions: 2->2
[2024-08-28T13:04:13.272+0000][info][gc,heap        ] GC(507) Humongous regions: 5->5
[2024-08-28T13:04:13.272+0000][info][gc,metaspace   ] GC(507) Metaspace: 100K(320K)->100K(320K) NonClass: 96K(192K)->96K(192K) Class: 4K(128K)->4K(128K)
[2024-08-28T13:04:13.272+0000][info][gc             ] GC(507) Pause Young (Normal) (G1 Preventive Collection) 987M->990M(1024M) 12.424ms
[2024-08-28T13:04:13.272+0000][info][gc,cpu         ] GC(507) User=0.28s Sys=0.00s Real=0.01s
[2024-08-28T13:04:13.279+0000][info][gc,start       ] GC(508) Pause Young (Normal) (G1 Preventive Collection)
[2024-08-28T13:04:13.279+0000][info][gc,task        ] GC(508) Using 24 workers of 68 for evacuation
[2024-08-28T13:04:13.289+0000][info][gc,phases      ] GC(508)   Pre Evacuate Collection Set: 0.1ms
[2024-08-28T13:04:13.289+0000][info][gc,phases      ] GC(508)   Merge Heap Roots: 0.6ms
[2024-08-28T13:04:13.289+0000][info][gc,phases      ] GC(508)   Evacuate Collection Set: 8.7ms
[2024-08-28T13:04:13.289+0000][info][gc,phases      ] GC(508)   Post Evacuate Collection Set: 0.5ms
[2024-08-28T13:04:13.289+0000][info][gc,phases      ] GC(508)   Other: 0.2ms
[2024-08-28T13:04:13.289+0000][info][gc,heap        ] GC(508) Eden regions: 11->0(44)
[2024-08-28T13:04:13.289+0000][info][gc,heap        ] GC(508) Survivor regions: 7->7(7)
[2024-08-28T13:04:13.289+0000][info][gc,heap        ] GC(508) Old regions: 978->991
[2024-08-28T13:04:13.289+0000][info][gc,heap        ] GC(508) Archive regions: 2->2
[2024-08-28T13:04:13.289+0000][info][gc,heap        ] GC(508) Humongous regions: 5->5
[2024-08-28T13:04:13.289+0000][info][gc,metaspace   ] GC(508) Metaspace: 100K(320K)->100K(320K) NonClass: 96K(192K)->96K(192K) Class: 4K(128K)->4K(128K)
[2024-08-28T13:04:13.289+0000][info][gc             ] GC(508) Pause Young (Normal) (G1 Preventive Collection) 1001M->1003M(1024M) 10.142ms
[2024-08-28T13:04:13.289+0000][info][gc,cpu         ] GC(508) User=0.23s Sys=0.00s Real=0.00s
[2024-08-28T13:04:13.292+0000][info][gc,start       ] GC(509) Pause Young (Normal) (G1 Preventive Collection)
[2024-08-28T13:04:13.292+0000][info][gc,task        ] GC(509) Using 24 workers of 68 for evacuation
[2024-08-28T13:04:13.301+0000][info][gc             ] GC(509) To-space exhausted
[2024-08-28T13:04:13.301+0000][info][gc,phases      ] GC(509)   Pre Evacuate Collection Set: 0.1ms
[2024-08-28T13:04:13.301+0000][info][gc,phases      ] GC(509)   Merge Heap Roots: 0.4ms
[2024-08-28T13:04:13.301+0000][info][gc,phases      ] GC(509)   Evacuate Collection Set: 7.1ms
[2024-08-28T13:04:13.301+0000][info][gc,phases      ] GC(509)   Post Evacuate Collection Set: 0.7ms
[2024-08-28T13:04:13.301+0000][info][gc,phases      ] GC(509)   Other: 0.1ms
[2024-08-28T13:04:13.301+0000][info][gc,heap        ] GC(509) Eden regions: 5->0(46)
[2024-08-28T13:04:13.301+0000][info][gc,heap        ] GC(509) Survivor regions: 7->5(7)
[2024-08-28T13:04:13.301+0000][info][gc,heap        ] GC(509) Old regions: 991->1005
[2024-08-28T13:04:13.301+0000][info][gc,heap        ] GC(509) Archive regions: 2->2
[2024-08-28T13:04:13.301+0000][info][gc,heap        ] GC(509) Humongous regions: 5->5
[2024-08-28T13:04:13.301+0000][info][gc,metaspace   ] GC(509) Metaspace: 100K(320K)->100K(320K) NonClass: 96K(192K)->96K(192K) Class: 4K(128K)->4K(128K)
[2024-08-28T13:04:13.301+0000][info][gc             ] GC(509) Pause Young (Normal) (G1 Preventive Collection) 1008M->1015M(1024M) 8.537ms
[2024-08-28T13:04:13.301+0000][info][gc,cpu         ] GC(509) User=0.18s Sys=0.00s Real=0.01s
[2024-08-28T13:04:13.302+0000][info][gc,start       ] GC(510) Pause Young (Normal) (G1 Preventive Collection)
[2024-08-28T13:04:13.302+0000][info][gc,task        ] GC(510) Using 24 workers of 68 for evacuation
[2024-08-28T13:04:13.310+0000][info][gc             ] GC(510) To-space exhausted
[2024-08-28T13:04:13.310+0000][info][gc,phases      ] GC(510)   Pre Evacuate Collection Set: 0.1ms
[2024-08-28T13:04:13.310+0000][info][gc,phases      ] GC(510)   Merge Heap Roots: 0.6ms
[2024-08-28T13:04:13.310+0000][info][gc,phases      ] GC(510)   Evacuate Collection Set: 6.3ms
[2024-08-28T13:04:13.310+0000][info][gc,phases      ] GC(510)   Post Evacuate Collection Set: 0.7ms
[2024-08-28T13:04:13.310+0000][info][gc,phases      ] GC(510)   Other: 0.2ms
[2024-08-28T13:04:13.310+0000][info][gc,heap        ] GC(510) Eden regions: 1->0(50)
[2024-08-28T13:04:13.310+0000][info][gc,heap        ] GC(510) Survivor regions: 5->1(6)
[2024-08-28T13:04:13.310+0000][info][gc,heap        ] GC(510) Old regions: 1005->1016
[2024-08-28T13:04:13.310+0000][info][gc,heap        ] GC(510) Archive regions: 2->2
[2024-08-28T13:04:13.310+0000][info][gc,heap        ] GC(510) Humongous regions: 5->5
[2024-08-28T13:04:13.310+0000][info][gc,metaspace   ] GC(510) Metaspace: 100K(320K)->100K(320K) NonClass: 96K(192K)->96K(192K) Class: 4K(128K)->4K(128K)
[2024-08-28T13:04:13.310+0000][info][gc             ] GC(510) Pause Young (Normal) (G1 Preventive Collection) 1016M->1022M(1024M) 7.947ms
[2024-08-28T13:04:13.310+0000][info][gc,cpu         ] GC(510) User=0.17s Sys=0.00s Real=0.01s
[2024-08-28T13:04:13.310+0000][info][gc,ergo        ] Attempting full compaction
[2024-08-28T13:04:13.310+0000][info][gc,task        ] GC(511) Using 24 workers of 68 for full compaction
[2024-08-28T13:04:13.310+0000][info][gc,start       ] GC(511) Pause Full (G1 Compaction Pause)
[2024-08-28T13:04:13.311+0000][info][gc,phases,start] GC(511) Phase 1: Mark live objects
[2024-08-28T13:04:13.326+0000][info][gc,phases      ] GC(511) Phase 1: Mark live objects 15.241ms
[2024-08-28T13:04:13.326+0000][info][gc,phases,start] GC(511) Phase 2: Prepare for compaction
[2024-08-28T13:04:13.335+0000][info][gc,phases      ] GC(511) Phase 2: Prepare for compaction 9.120ms
[2024-08-28T13:04:13.335+0000][info][gc,phases,start] GC(511) Phase 3: Adjust pointers
[2024-08-28T13:04:13.353+0000][info][gc,phases      ] GC(511) Phase 3: Adjust pointers 17.699ms
[2024-08-28T13:04:13.353+0000][info][gc,phases,start] GC(511) Phase 4: Compact heap
[2024-08-28T13:04:13.385+0000][info][gc,phases      ] GC(511) Phase 4: Compact heap 31.818ms
[2024-08-28T13:04:13.386+0000][info][gc,heap        ] GC(511) Eden regions: 0->0(150)
[2024-08-28T13:04:13.386+0000][info][gc,heap        ] GC(511) Survivor regions: 1->0(6)
[2024-08-28T13:04:13.386+0000][info][gc,heap        ] GC(511) Old regions: 1016->442
[2024-08-28T13:04:13.386+0000][info][gc,heap        ] GC(511) Archive regions: 2->2
[2024-08-28T13:04:13.386+0000][info][gc,heap        ] GC(511) Humongous regions: 5->5
[2024-08-28T13:04:13.386+0000][info][gc,metaspace   ] GC(511) Metaspace: 100K(320K)->100K(320K) NonClass: 96K(192K)->96K(192K) Class: 4K(128K)->4K(128K)
[2024-08-28T13:04:13.386+0000][info][gc             ] GC(511) Pause Full (G1 Compaction Pause) 1022M->436M(1024M) 76.240ms
[2024-08-28T13:04:13.386+0000][info][gc,cpu         ] GC(511) User=1.59s Sys=0.00s Real=0.07s
[2024-08-28T13:04:13.387+0000][info][gc,marking     ] GC(504) Concurrent Rebuild Remembered Sets 197.505ms
[2024-08-28T13:04:13.387+0000][info][gc,marking     ] GC(504) Concurrent Mark Abort
[2024-08-28T13:04:13.387+0000][info][gc             ] GC(504) Concurrent Mark Cycle 228.285ms
[2024-08-28T13:04:13.473+0000][info][gc,start       ] GC(512) Pause Young (Normal) (G1 Evacuation Pause)
[2024-08-28T13:04:13.473+0000][info][gc,task        ] GC(512) Using 24 workers of 68 for evacuation
[2024-08-28T13:04:13.496+0000][info][gc,phases      ] GC(512)   Pre Evacuate Collection Set: 0.2ms
[2024-08-28T13:04:13.496+0000][info][gc,phases      ] GC(512)   Merge Heap Roots: 0.4ms
[2024-08-28T13:04:13.496+0000][info][gc,phases      ] GC(512)   Evacuate Collection Set: 21.8ms
[2024-08-28T13:04:13.496+0000][info][gc,phases      ] GC(512)   Post Evacuate Collection Set: 0.3ms
[2024-08-28T13:04:13.496+0000][info][gc,phases      ] GC(512)   Other: 0.3ms
[2024-08-28T13:04:13.496+0000][info][gc,heap        ] GC(512) Eden regions: 150->0(103)
[2024-08-28T13:04:13.496+0000][info][gc,heap        ] GC(512) Survivor regions: 0->19(19)
[2024-08-28T13:04:13.496+0000][info][gc,heap        ] GC(512) Old regions: 442->570
[2024-08-28T13:04:13.496+0000][info][gc,heap        ] GC(512) Archive regions: 2->2
[2024-08-28T13:04:13.496+0000][info][gc,heap        ] GC(512) Humongous regions: 5->5
[2024-08-28T13:04:13.496+0000][info][gc,metaspace   ] GC(512) Metaspace: 100K(320K)->100K(320K) NonClass: 96K(192K)->96K(192K) Class: 4K(128K)->4K(128K)
[2024-08-28T13:04:13.496+0000][info][gc             ] GC(512) Pause Young (Normal) (G1 Evacuation Pause) 586M->582M(1024M) 23.103ms
[2024-08-28T13:04:13.496+0000][info][gc,cpu         ] GC(512) User=0.53s Sys=0.00s Real=0.02s
[2024-08-28T13:04:13.553+0000][info][gc,start       ] GC(513) Pause Young (Concurrent Start) (G1 Evacuation Pause)
[2024-08-28T13:04:13.554+0000][info][gc,task        ] GC(513) Using 24 workers of 68 for evacuation
[2024-08-28T13:04:13.574+0000][info][gc,phases      ] GC(513)   Pre Evacuate Collection Set: 0.2ms
[2024-08-28T13:04:13.574+0000][info][gc,phases      ] GC(513)   Merge Heap Roots: 0.4ms
[2024-08-28T13:04:13.574+0000][info][gc,phases      ] GC(513)   Evacuate Collection Set: 18.9ms
[2024-08-28T13:04:13.574+0000][info][gc,phases      ] GC(513)   Post Evacuate Collection Set: 0.3ms
[2024-08-28T13:04:13.574+0000][info][gc,phases      ] GC(513)   Other: 0.6ms
[2024-08-28T13:04:13.574+0000][info][gc,heap        ] GC(513) Eden regions: 103->0(70)
[2024-08-28T13:04:13.574+0000][info][gc,heap        ] GC(513) Survivor regions: 19->16(16)
[2024-08-28T13:04:13.574+0000][info][gc,heap        ] GC(513) Old regions: 570->677
[2024-08-28T13:04:13.574+0000][info][gc,heap        ] GC(513) Archive regions: 2->2
[2024-08-28T13:04:13.574+0000][info][gc,heap        ] GC(513) Humongous regions: 5->5
[2024-08-28T13:04:13.574+0000][info][gc,metaspace   ] GC(513) Metaspace: 100K(320K)->100K(320K) NonClass: 96K(192K)->96K(192K) Class: 4K(128K)->4K(128K)
[2024-08-28T13:04:13.574+0000][info][gc             ] GC(513) Pause Young (Concurrent Start) (G1 Evacuation Pause) 685M->686M(1024M) 20.471ms
[2024-08-28T13:04:13.574+0000][info][gc,cpu         ] GC(513) User=0.45s Sys=0.01s Real=0.02s
[2024-08-28T13:04:13.574+0000][info][gc             ] GC(514) Concurrent Mark Cycle
[2024-08-28T13:04:13.574+0000][info][gc,marking     ] GC(514) Concurrent Clear Claimed Marks
[2024-08-28T13:04:13.574+0000][info][gc,marking     ] GC(514) Concurrent Clear Claimed Marks 0.010ms
[2024-08-28T13:04:13.574+0000][info][gc,marking     ] GC(514) Concurrent Scan Root Regions
[2024-08-28T13:04:13.578+0000][info][gc,marking     ] GC(514) Concurrent Scan Root Regions 3.653ms
[2024-08-28T13:04:13.578+0000][info][gc,marking     ] GC(514) Concurrent Mark
[2024-08-28T13:04:13.578+0000][info][gc,marking     ] GC(514) Concurrent Mark From Roots
[2024-08-28T13:04:13.578+0000][info][gc,task        ] GC(514) Using 17 workers of 17 for marking
[2024-08-28T13:04:13.600+0000][info][gc,marking     ] GC(514) Concurrent Mark From Roots 22.482ms
[2024-08-28T13:04:13.600+0000][info][gc,marking     ] GC(514) Concurrent Preclean
[2024-08-28T13:04:13.601+0000][info][gc,marking     ] GC(514) Concurrent Preclean 0.497ms
[2024-08-28T13:04:13.601+0000][info][gc,start       ] GC(514) Pause Remark
[2024-08-28T13:04:13.602+0000][info][gc             ] GC(514) Pause Remark 720M->720M(1024M) 1.189ms
[2024-08-28T13:04:13.602+0000][info][gc,cpu         ] GC(514) User=0.01s Sys=0.00s Real=0.00s
[2024-08-28T13:04:13.602+0000][info][gc,marking     ] GC(514) Concurrent Mark 24.439ms
[2024-08-28T13:04:13.602+0000][info][gc,marking     ] GC(514) Concurrent Rebuild Remembered Sets
[2024-08-28T13:04:13.623+0000][info][gc,start       ] GC(515) Pause Young (Normal) (G1 Evacuation Pause)
[2024-08-28T13:04:13.623+0000][info][gc,task        ] GC(515) Using 24 workers of 68 for evacuation
[2024-08-28T13:04:13.640+0000][info][gc,phases      ] GC(515)   Pre Evacuate Collection Set: 0.1ms
[2024-08-28T13:04:13.640+0000][info][gc,phases      ] GC(515)   Merge Heap Roots: 0.4ms
[2024-08-28T13:04:13.640+0000][info][gc,phases      ] GC(515)   Evacuate Collection Set: 15.9ms
[2024-08-28T13:04:13.640+0000][info][gc,phases      ] GC(515)   Post Evacuate Collection Set: 0.5ms
[2024-08-28T13:04:13.640+0000][info][gc,phases      ] GC(515)   Other: 0.2ms
[2024-08-28T13:04:13.640+0000][info][gc,heap        ] GC(515) Eden regions: 70->0(46)
[2024-08-28T13:04:13.640+0000][info][gc,heap        ] GC(515) Survivor regions: 16->11(11)
[2024-08-28T13:04:13.640+0000][info][gc,heap        ] GC(515) Old regions: 677->755
[2024-08-28T13:04:13.640+0000][info][gc,heap        ] GC(515) Archive regions: 2->2
[2024-08-28T13:04:13.640+0000][info][gc,heap        ] GC(515) Humongous regions: 5->5
[2024-08-28T13:04:13.640+0000][info][gc,metaspace   ] GC(515) Metaspace: 100K(320K)->100K(320K) NonClass: 96K(192K)->96K(192K) Class: 4K(128K)->4K(128K)
[2024-08-28T13:04:13.640+0000][info][gc             ] GC(515) Pause Young (Normal) (G1 Evacuation Pause) 756M->760M(1024M) 17.146ms
[2024-08-28T13:04:13.640+0000][info][gc,cpu         ] GC(515) User=0.39s Sys=0.00s Real=0.02s
[2024-08-28T13:04:13.666+0000][info][gc,start       ] GC(516) Pause Young (Normal) (G1 Evacuation Pause)
[2024-08-28T13:04:13.666+0000][info][gc,task        ] GC(516) Using 24 workers of 68 for evacuation
[2024-08-28T13:04:13.689+0000][info][gc,phases      ] GC(516)   Pre Evacuate Collection Set: 0.1ms
[2024-08-28T13:04:13.689+0000][info][gc,phases      ] GC(516)   Merge Heap Roots: 0.5ms
[2024-08-28T13:04:13.689+0000][info][gc,phases      ] GC(516)   Evacuate Collection Set: 21.1ms
[2024-08-28T13:04:13.689+0000][info][gc,phases      ] GC(516)   Post Evacuate Collection Set: 0.6ms
[2024-08-28T13:04:13.689+0000][info][gc,phases      ] GC(516)   Other: 0.2ms
[2024-08-28T13:04:13.689+0000][info][gc,heap        ] GC(516) Eden regions: 46->0(43)
[2024-08-28T13:04:13.689+0000][info][gc,heap        ] GC(516) Survivor regions: 11->8(8)
[2024-08-28T13:04:13.689+0000][info][gc,heap        ] GC(516) Old regions: 755->809
[2024-08-28T13:04:13.689+0000][info][gc,heap        ] GC(516) Archive regions: 2->2
[2024-08-28T13:04:13.689+0000][info][gc,heap        ] GC(516) Humongous regions: 5->5
[2024-08-28T13:04:13.689+0000][info][gc,metaspace   ] GC(516) Metaspace: 100K(320K)->100K(320K) NonClass: 96K(192K)->96K(192K) Class: 4K(128K)->4K(128K)
[2024-08-28T13:04:13.689+0000][info][gc             ] GC(516) Pause Young (Normal) (G1 Evacuation Pause) 806M->811M(1024M) 22.616ms
[2024-08-28T13:04:13.689+0000][info][gc,cpu         ] GC(516) User=0.46s Sys=0.01s Real=0.02s
[2024-08-28T13:04:13.708+0000][info][gc,marking     ] GC(514) Concurrent Rebuild Remembered Sets 105.368ms
[2024-08-28T13:04:13.708+0000][info][gc,start       ] GC(514) Pause Cleanup
[2024-08-28T13:04:13.709+0000][info][gc             ] GC(514) Pause Cleanup 836M->836M(1024M) 1.118ms
[2024-08-28T13:04:13.709+0000][info][gc,cpu         ] GC(514) User=0.01s Sys=0.00s Real=0.00s
[2024-08-28T13:04:13.709+0000][info][gc,marking     ] GC(514) Concurrent Cleanup for Next Mark
[2024-08-28T13:04:13.710+0000][info][gc,marking     ] GC(514) Concurrent Cleanup for Next Mark 0.781ms
[2024-08-28T13:04:13.710+0000][info][gc             ] GC(514) Concurrent Mark Cycle 135.796ms
[2024-08-28T13:04:13.722+0000][info][gc,start       ] GC(517) Pause Young (Prepare Mixed) (G1 Evacuation Pause)
[2024-08-28T13:04:13.722+0000][info][gc,task        ] GC(517) Using 24 workers of 68 for evacuation
[2024-08-28T13:04:13.739+0000][info][gc,phases      ] GC(517)   Pre Evacuate Collection Set: 0.1ms
[2024-08-28T13:04:13.739+0000][info][gc,phases      ] GC(517)   Merge Heap Roots: 0.5ms
[2024-08-28T13:04:13.739+0000][info][gc,phases      ] GC(517)   Evacuate Collection Set: 15.3ms
[2024-08-28T13:04:13.739+0000][info][gc,phases      ] GC(517)   Post Evacuate Collection Set: 0.3ms
[2024-08-28T13:04:13.739+0000][info][gc,phases      ] GC(517)   Other: 0.2ms
[2024-08-28T13:04:13.739+0000][info][gc,heap        ] GC(517) Eden regions: 43->0(44)
[2024-08-28T13:04:13.739+0000][info][gc,heap        ] GC(517) Survivor regions: 8->7(7)
[2024-08-28T13:04:13.739+0000][info][gc,heap        ] GC(517) Old regions: 809->857
[2024-08-28T13:04:13.739+0000][info][gc,heap        ] GC(517) Archive regions: 2->2
[2024-08-28T13:04:13.739+0000][info][gc,heap        ] GC(517) Humongous regions: 5->5
[2024-08-28T13:04:13.739+0000][info][gc,metaspace   ] GC(517) Metaspace: 100K(320K)->100K(320K) NonClass: 96K(192K)->96K(192K) Class: 4K(128K)->4K(128K)
[2024-08-28T13:04:13.739+0000][info][gc             ] GC(517) Pause Young (Prepare Mixed) (G1 Evacuation Pause) 854M->857M(1024M) 16.462ms
[2024-08-28T13:04:13.739+0000][info][gc,cpu         ] GC(517) User=0.37s Sys=0.01s Real=0.02s
[2024-08-28T13:04:13.766+0000][info][gc,start       ] GC(518) Pause Young (Mixed) (G1 Evacuation Pause)
[2024-08-28T13:04:13.766+0000][info][gc,task        ] GC(518) Using 24 workers of 68 for evacuation
[2024-08-28T13:04:13.778+0000][info][gc,phases      ] GC(518)   Pre Evacuate Collection Set: 0.2ms
[2024-08-28T13:04:13.778+0000][info][gc,phases      ] GC(518)   Merge Heap Roots: 0.4ms
[2024-08-28T13:04:13.778+0000][info][gc,phases      ] GC(518)   Evacuate Collection Set: 11.5ms
[2024-08-28T13:04:13.778+0000][info][gc,phases      ] GC(518)   Post Evacuate Collection Set: 0.3ms
[2024-08-28T13:04:13.778+0000][info][gc,phases      ] GC(518)   Other: 0.3ms
[2024-08-28T13:04:13.778+0000][info][gc,heap        ] GC(518) Eden regions: 44->0(44)
[2024-08-28T13:04:13.778+0000][info][gc,heap        ] GC(518) Survivor regions: 7->7(7)
[2024-08-28T13:04:13.778+0000][info][gc,heap        ] GC(518) Old regions: 857->800
[2024-08-28T13:04:13.778+0000][info][gc,heap        ] GC(518) Archive regions: 2->2
[2024-08-28T13:04:13.778+0000][info][gc,heap        ] GC(518) Humongous regions: 5->5
[2024-08-28T13:04:13.778+0000][info][gc,metaspace   ] GC(518) Metaspace: 100K(320K)->100K(320K) NonClass: 96K(192K)->96K(192K) Class: 4K(128K)->4K(128K)
[2024-08-28T13:04:13.778+0000][info][gc             ] GC(518) Pause Young (Mixed) (G1 Evacuation Pause) 901M->804M(1024M) 12.800ms
[2024-08-28T13:04:13.778+0000][info][gc,cpu         ] GC(518) User=0.28s Sys=0.01s Real=0.02s
[2024-08-28T13:04:13.803+0000][info][gc,start       ] GC(519) Pause Young (Mixed) (G1 Evacuation Pause)
[2024-08-28T13:04:13.804+0000][info][gc,task        ] GC(519) Using 24 workers of 68 for evacuation
[2024-08-28T13:04:13.816+0000][info][gc,phases      ] GC(519)   Pre Evacuate Collection Set: 0.2ms
[2024-08-28T13:04:13.816+0000][info][gc,phases      ] GC(519)   Merge Heap Roots: 0.4ms
[2024-08-28T13:04:13.816+0000][info][gc,phases      ] GC(519)   Evacuate Collection Set: 11.6ms
[2024-08-28T13:04:13.816+0000][info][gc,phases      ] GC(519)   Post Evacuate Collection Set: 0.4ms
[2024-08-28T13:04:13.816+0000][info][gc,phases      ] GC(519)   Other: 0.2ms
[2024-08-28T13:04:13.816+0000][info][gc,heap        ] GC(519) Eden regions: 44->0(47)
[2024-08-28T13:04:13.816+0000][info][gc,heap        ] GC(519) Survivor regions: 7->7(7)
[2024-08-28T13:04:13.816+0000][info][gc,heap        ] GC(519) Old regions: 800->756
[2024-08-28T13:04:13.816+0000][info][gc,heap        ] GC(519) Archive regions: 2->2
[2024-08-28T13:04:13.816+0000][info][gc,heap        ] GC(519) Humongous regions: 5->5
[2024-08-28T13:04:13.816+0000][info][gc,metaspace   ] GC(519) Metaspace: 100K(320K)->100K(320K) NonClass: 96K(192K)->96K(192K) Class: 4K(128K)->4K(128K)
[2024-08-28T13:04:13.816+0000][info][gc             ] GC(519) Pause Young (Mixed) (G1 Evacuation Pause) 848M->764M(1024M) 12.940ms
[2024-08-28T13:04:13.816+0000][info][gc,cpu         ] GC(519) User=0.28s Sys=0.01s Real=0.01s
[2024-08-28T13:04:13.842+0000][info][gc,start       ] GC(520) Pause Young (Concurrent Start) (G1 Evacuation Pause)
[2024-08-28T13:04:13.842+0000][info][gc,task        ] GC(520) Using 24 workers of 68 for evacuation
[2024-08-28T13:04:13.854+0000][info][gc,phases      ] GC(520)   Pre Evacuate Collection Set: 0.2ms
[2024-08-28T13:04:13.854+0000][info][gc,phases      ] GC(520)   Merge Heap Roots: 0.4ms
[2024-08-28T13:04:13.854+0000][info][gc,phases      ] GC(520)   Evacuate Collection Set: 10.7ms
[2024-08-28T13:04:13.854+0000][info][gc,phases      ] GC(520)   Post Evacuate Collection Set: 0.3ms
[2024-08-28T13:04:13.854+0000][info][gc,phases      ] GC(520)   Other: 0.6ms
[2024-08-28T13:04:13.854+0000][info][gc,heap        ] GC(520) Eden regions: 47->0(44)
[2024-08-28T13:04:13.854+0000][info][gc,heap        ] GC(520) Survivor regions: 7->7(7)
[2024-08-28T13:04:13.854+0000][info][gc,heap        ] GC(520) Old regions: 756->805
[2024-08-28T13:04:13.854+0000][info][gc,heap        ] GC(520) Archive regions: 2->2
[2024-08-28T13:04:13.854+0000][info][gc,heap        ] GC(520) Humongous regions: 5->5
[2024-08-28T13:04:13.854+0000][info][gc,metaspace   ] GC(520) Metaspace: 100K(320K)->100K(320K) NonClass: 96K(192K)->96K(192K) Class: 4K(128K)->4K(128K)
[2024-08-28T13:04:13.854+0000][info][gc             ] GC(520) Pause Young (Concurrent Start) (G1 Evacuation Pause) 811M->813M(1024M) 12.175ms
[2024-08-28T13:04:13.854+0000][info][gc,cpu         ] GC(520) User=0.25s Sys=0.02s Real=0.01s
[2024-08-28T13:04:13.854+0000][info][gc             ] GC(521) Concurrent Mark Cycle
[2024-08-28T13:04:13.854+0000][info][gc,marking     ] GC(521) Concurrent Clear Claimed Marks
[2024-08-28T13:04:13.854+0000][info][gc,marking     ] GC(521) Concurrent Clear Claimed Marks 0.015ms
[2024-08-28T13:04:13.854+0000][info][gc,marking     ] GC(521) Concurrent Scan Root Regions
[2024-08-28T13:04:13.856+0000][info][gc,marking     ] GC(521) Concurrent Scan Root Regions 1.753ms
[2024-08-28T13:04:13.856+0000][info][gc,marking     ] GC(521) Concurrent Mark
[2024-08-28T13:04:13.856+0000][info][gc,marking     ] GC(521) Concurrent Mark From Roots
[2024-08-28T13:04:13.856+0000][info][gc,task        ] GC(521) Using 17 workers of 17 for marking
[2024-08-28T13:04:13.881+0000][info][gc,marking     ] GC(521) Concurrent Mark From Roots 24.754ms
[2024-08-28T13:04:13.881+0000][info][gc,marking     ] GC(521) Concurrent Preclean
[2024-08-28T13:04:13.882+0000][info][gc,marking     ] GC(521) Concurrent Preclean 0.693ms
[2024-08-28T13:04:13.882+0000][info][gc,start       ] GC(521) Pause Remark
[2024-08-28T13:04:13.883+0000][info][gc             ] GC(521) Pause Remark 847M->847M(1024M) 1.239ms
[2024-08-28T13:04:13.883+0000][info][gc,cpu         ] GC(521) User=0.01s Sys=0.00s Real=0.00s
[2024-08-28T13:04:13.883+0000][info][gc,marking     ] GC(521) Concurrent Mark 27.003ms
[2024-08-28T13:04:13.883+0000][info][gc,marking     ] GC(521) Concurrent Rebuild Remembered Sets
[2024-08-28T13:04:13.891+0000][info][gc,start       ] GC(522) Pause Young (Normal) (G1 Evacuation Pause)
[2024-08-28T13:04:13.891+0000][info][gc,task        ] GC(522) Using 24 workers of 68 for evacuation
[2024-08-28T13:04:13.902+0000][info][gc,phases      ] GC(522)   Pre Evacuate Collection Set: 0.1ms
[2024-08-28T13:04:13.902+0000][info][gc,phases      ] GC(522)   Merge Heap Roots: 0.4ms
[2024-08-28T13:04:13.902+0000][info][gc,phases      ] GC(522)   Evacuate Collection Set: 9.8ms
[2024-08-28T13:04:13.902+0000][info][gc,phases      ] GC(522)   Post Evacuate Collection Set: 0.4ms
[2024-08-28T13:04:13.902+0000][info][gc,phases      ] GC(522)   Other: 0.2ms
[2024-08-28T13:04:13.902+0000][info][gc,heap        ] GC(522) Eden regions: 44->0(44)
[2024-08-28T13:04:13.902+0000][info][gc,heap        ] GC(522) Survivor regions: 7->7(7)
[2024-08-28T13:04:13.902+0000][info][gc,heap        ] GC(522) Old regions: 805->851
[2024-08-28T13:04:13.902+0000][info][gc,heap        ] GC(522) Archive regions: 2->2
[2024-08-28T13:04:13.902+0000][info][gc,heap        ] GC(522) Humongous regions: 5->5
[2024-08-28T13:04:13.902+0000][info][gc,metaspace   ] GC(522) Metaspace: 100K(320K)->100K(320K) NonClass: 96K(192K)->96K(192K) Class: 4K(128K)->4K(128K)
[2024-08-28T13:04:13.902+0000][info][gc             ] GC(522) Pause Young (Normal) (G1 Evacuation Pause) 857M->859M(1024M) 11.023ms
[2024-08-28T13:04:13.902+0000][info][gc,cpu         ] GC(522) User=0.22s Sys=0.03s Real=0.01s
[2024-08-28T13:04:13.927+0000][info][gc,start       ] GC(523) Pause Young (Normal) (G1 Evacuation Pause)
[2024-08-28T13:04:13.927+0000][info][gc,task        ] GC(523) Using 24 workers of 68 for evacuation
[2024-08-28T13:04:13.948+0000][info][gc,phases      ] GC(523)   Pre Evacuate Collection Set: 0.1ms
[2024-08-28T13:04:13.948+0000][info][gc,phases      ] GC(523)   Merge Heap Roots: 0.4ms
[2024-08-28T13:04:13.948+0000][info][gc,phases      ] GC(523)   Evacuate Collection Set: 13.7ms
[2024-08-28T13:04:13.948+0000][info][gc,phases      ] GC(523)   Post Evacuate Collection Set: 6.7ms
[2024-08-28T13:04:13.948+0000][info][gc,phases      ] GC(523)   Other: 0.2ms
[2024-08-28T13:04:13.948+0000][info][gc,heap        ] GC(523) Eden regions: 44->0(44)
[2024-08-28T13:04:13.948+0000][info][gc,heap        ] GC(523) Survivor regions: 7->7(7)
[2024-08-28T13:04:13.948+0000][info][gc,heap        ] GC(523) Old regions: 851->898
[2024-08-28T13:04:13.948+0000][info][gc,heap        ] GC(523) Archive regions: 2->2
[2024-08-28T13:04:13.948+0000][info][gc,heap        ] GC(523) Humongous regions: 5->5
[2024-08-28T13:04:13.948+0000][info][gc,metaspace   ] GC(523) Metaspace: 100K(320K)->100K(320K) NonClass: 96K(192K)->96K(192K) Class: 4K(128K)->4K(128K)
[2024-08-28T13:04:13.948+0000][info][gc             ] GC(523) Pause Young (Normal) (G1 Evacuation Pause) 903M->906M(1024M) 21.264ms
[2024-08-28T13:04:13.948+0000][info][gc,cpu         ] GC(523) User=0.34s Sys=0.01s Real=0.02s
[2024-08-28T13:04:13.978+0000][info][gc,start       ] GC(524) Pause Young (Normal) (G1 Evacuation Pause)
[2024-08-28T13:04:13.979+0000][info][gc,task        ] GC(524) Using 24 workers of 68 for evacuation
[2024-08-28T13:04:13.996+0000][info][gc,phases      ] GC(524)   Pre Evacuate Collection Set: 0.1ms
[2024-08-28T13:04:13.996+0000][info][gc,phases      ] GC(524)   Merge Heap Roots: 0.5ms
[2024-08-28T13:04:13.996+0000][info][gc,phases      ] GC(524)   Evacuate Collection Set: 16.1ms
[2024-08-28T13:04:13.996+0000][info][gc,phases      ] GC(524)   Post Evacuate Collection Set: 0.6ms
[2024-08-28T13:04:13.996+0000][info][gc,phases      ] GC(524)   Other: 0.2ms
[2024-08-28T13:04:13.996+0000][info][gc,heap        ] GC(524) Eden regions: 44->0(44)
[2024-08-28T13:04:13.996+0000][info][gc,heap        ] GC(524) Survivor regions: 7->7(7)
[2024-08-28T13:04:13.996+0000][info][gc,heap        ] GC(524) Old regions: 898->944
[2024-08-28T13:04:13.996+0000][info][gc,heap        ] GC(524) Archive regions: 2->2
[2024-08-28T13:04:13.996+0000][info][gc,heap        ] GC(524) Humongous regions: 5->5
[2024-08-28T13:04:13.996+0000][info][gc,metaspace   ] GC(524) Metaspace: 100K(320K)->100K(320K) NonClass: 96K(192K)->96K(192K) Class: 4K(128K)->4K(128K)
[2024-08-28T13:04:13.996+0000][info][gc             ] GC(524) Pause Young (Normal) (G1 Evacuation Pause) 950M->952M(1024M) 17.600ms
[2024-08-28T13:04:13.996+0000][info][gc,cpu         ] GC(524) User=0.30s Sys=0.11s Real=0.01s
[2024-08-28T13:04:14.003+0000][info][gc,marking     ] GC(521) Concurrent Rebuild Remembered Sets 119.874ms
[2024-08-28T13:04:14.003+0000][info][gc,start       ] GC(521) Pause Cleanup
[2024-08-28T13:04:14.005+0000][info][gc             ] GC(521) Pause Cleanup 962M->962M(1024M) 1.532ms
[2024-08-28T13:04:14.005+0000][info][gc,cpu         ] GC(521) User=0.00s Sys=0.00s Real=0.00s
[2024-08-28T13:04:14.005+0000][info][gc,marking     ] GC(521) Concurrent Cleanup for Next Mark
[2024-08-28T13:04:14.006+0000][info][gc,marking     ] GC(521) Concurrent Cleanup for Next Mark 0.830ms
[2024-08-28T13:04:14.006+0000][info][gc             ] GC(521) Concurrent Mark Cycle 151.439ms
[2024-08-28T13:04:14.018+0000][info][gc,start       ] GC(525) Pause Young (Prepare Mixed) (G1 Preventive Collection)
[2024-08-28T13:04:14.018+0000][info][gc,task        ] GC(525) Using 24 workers of 68 for evacuation
[2024-08-28T13:04:14.030+0000][info][gc             ] GC(525) To-space exhausted
[2024-08-28T13:04:14.030+0000][info][gc,phases      ] GC(525)   Pre Evacuate Collection Set: 0.1ms
[2024-08-28T13:04:14.030+0000][info][gc,phases      ] GC(525)   Merge Heap Roots: 0.5ms
[2024-08-28T13:04:14.030+0000][info][gc,phases      ] GC(525)   Evacuate Collection Set: 10.6ms
[2024-08-28T13:04:14.030+0000][info][gc,phases      ] GC(525)   Post Evacuate Collection Set: 0.6ms
[2024-08-28T13:04:14.030+0000][info][gc,phases      ] GC(525)   Other: 0.2ms
[2024-08-28T13:04:14.030+0000][info][gc,heap        ] GC(525) Eden regions: 28->0(44)
[2024-08-28T13:04:14.030+0000][info][gc,heap        ] GC(525) Survivor regions: 7->7(7)
[2024-08-28T13:04:14.030+0000][info][gc,heap        ] GC(525) Old regions: 944->991
[2024-08-28T13:04:14.030+0000][info][gc,heap        ] GC(525) Archive regions: 2->2
[2024-08-28T13:04:14.030+0000][info][gc,heap        ] GC(525) Humongous regions: 5->5
[2024-08-28T13:04:14.030+0000][info][gc,metaspace   ] GC(525) Metaspace: 100K(320K)->100K(320K) NonClass: 96K(192K)->96K(192K) Class: 4K(128K)->4K(128K)
[2024-08-28T13:04:14.030+0000][info][gc             ] GC(525) Pause Young (Prepare Mixed) (G1 Preventive Collection) 980M->999M(1024M) 12.051ms
[2024-08-28T13:04:14.030+0000][info][gc,cpu         ] GC(525) User=0.27s Sys=0.00s Real=0.01s
[2024-08-28T13:04:14.033+0000][info][gc,start       ] GC(526) Pause Young (Mixed) (G1 Preventive Collection)
[2024-08-28T13:04:14.033+0000][info][gc,task        ] GC(526) Using 24 workers of 68 for evacuation
[2024-08-28T13:04:14.038+0000][info][gc             ] GC(526) To-space exhausted
[2024-08-28T13:04:14.038+0000][info][gc,phases      ] GC(526)   Pre Evacuate Collection Set: 0.2ms
[2024-08-28T13:04:14.038+0000][info][gc,phases      ] GC(526)   Merge Heap Roots: 0.3ms
[2024-08-28T13:04:14.038+0000][info][gc,phases      ] GC(526)   Evacuate Collection Set: 3.9ms
[2024-08-28T13:04:14.038+0000][info][gc,phases      ] GC(526)   Post Evacuate Collection Set: 0.6ms
[2024-08-28T13:04:14.038+0000][info][gc,phases      ] GC(526)   Other: 0.2ms
[2024-08-28T13:04:14.038+0000][info][gc,heap        ] GC(526) Eden regions: 5->0(46)
[2024-08-28T13:04:14.038+0000][info][gc,heap        ] GC(526) Survivor regions: 7->5(7)
[2024-08-28T13:04:14.038+0000][info][gc,heap        ] GC(526) Old regions: 991->964
[2024-08-28T13:04:14.038+0000][info][gc,heap        ] GC(526) Archive regions: 2->2
[2024-08-28T13:04:14.038+0000][info][gc,heap        ] GC(526) Humongous regions: 5->5
[2024-08-28T13:04:14.038+0000][info][gc,metaspace   ] GC(526) Metaspace: 100K(320K)->100K(320K) NonClass: 96K(192K)->96K(192K) Class: 4K(128K)->4K(128K)
[2024-08-28T13:04:14.038+0000][info][gc             ] GC(526) Pause Young (Mixed) (G1 Preventive Collection) 1004M->971M(1024M) 5.157ms
[2024-08-28T13:04:14.038+0000][info][gc,cpu         ] GC(526) User=0.10s Sys=0.00s Real=0.01s
[2024-08-28T13:04:14.054+0000][info][gc,start       ] GC(527) Pause Young (Mixed) (G1 Preventive Collection)
[2024-08-28T13:04:14.054+0000][info][gc,task        ] GC(527) Using 24 workers of 68 for evacuation
[2024-08-28T13:04:14.061+0000][info][gc,phases      ] GC(527)   Pre Evacuate Collection Set: 0.2ms
[2024-08-28T13:04:14.061+0000][info][gc,phases      ] GC(527)   Merge Heap Roots: 0.4ms
[2024-08-28T13:04:14.061+0000][info][gc,phases      ] GC(527)   Evacuate Collection Set: 5.9ms
[2024-08-28T13:04:14.061+0000][info][gc,phases      ] GC(527)   Post Evacuate Collection Set: 0.4ms
[2024-08-28T13:04:14.061+0000][info][gc,phases      ] GC(527)   Other: 0.2ms
[2024-08-28T13:04:14.061+0000][info][gc,heap        ] GC(527) Eden regions: 20->0(44)
[2024-08-28T13:04:14.061+0000][info][gc,heap        ] GC(527) Survivor regions: 5->7(7)
[2024-08-28T13:04:14.061+0000][info][gc,heap        ] GC(527) Old regions: 964->880
[2024-08-28T13:04:14.061+0000][info][gc,heap        ] GC(527) Archive regions: 2->2
[2024-08-28T13:04:14.061+0000][info][gc,heap        ] GC(527) Humongous regions: 5->5
[2024-08-28T13:04:14.061+0000][info][gc,metaspace   ] GC(527) Metaspace: 100K(320K)->100K(320K) NonClass: 96K(192K)->96K(192K) Class: 4K(128K)->4K(128K)
[2024-08-28T13:04:14.061+0000][info][gc             ] GC(527) Pause Young (Mixed) (G1 Preventive Collection) 991M->890M(1024M) 7.103ms
[2024-08-28T13:04:14.061+0000][info][gc,cpu         ] GC(527) User=0.15s Sys=0.01s Real=0.01s
[2024-08-28T13:04:14.085+0000][info][gc,start       ] GC(528) Pause Young (Mixed) (G1 Evacuation Pause)
[2024-08-28T13:04:14.085+0000][info][gc,task        ] GC(528) Using 24 workers of 68 for evacuation
[2024-08-28T13:04:14.099+0000][info][gc,phases      ] GC(528)   Pre Evacuate Collection Set: 0.2ms
[2024-08-28T13:04:14.099+0000][info][gc,phases      ] GC(528)   Merge Heap Roots: 0.5ms
[2024-08-28T13:04:14.099+0000][info][gc,phases      ] GC(528)   Evacuate Collection Set: 12.9ms
[2024-08-28T13:04:14.099+0000][info][gc,phases      ] GC(528)   Post Evacuate Collection Set: 0.4ms
[2024-08-28T13:04:14.099+0000][info][gc,phases      ] GC(528)   Other: 0.3ms
[2024-08-28T13:04:14.099+0000][info][gc,heap        ] GC(528) Eden regions: 44->0(44)
[2024-08-28T13:04:14.099+0000][info][gc,heap        ] GC(528) Survivor regions: 7->7(7)
[2024-08-28T13:04:14.099+0000][info][gc,heap        ] GC(528) Old regions: 880->838
[2024-08-28T13:04:14.099+0000][info][gc,heap        ] GC(528) Archive regions: 2->2
[2024-08-28T13:04:14.099+0000][info][gc,heap        ] GC(528) Humongous regions: 5->5
[2024-08-28T13:04:14.099+0000][info][gc,metaspace   ] GC(528) Metaspace: 100K(320K)->100K(320K) NonClass: 96K(192K)->96K(192K) Class: 4K(128K)->4K(128K)
[2024-08-28T13:04:14.099+0000][info][gc             ] GC(528) Pause Young (Mixed) (G1 Evacuation Pause) 934M->848M(1024M) 14.243ms
[2024-08-28T13:04:14.099+0000][info][gc,cpu         ] GC(528) User=0.26s Sys=0.06s Real=0.02s
[2024-08-28T13:04:14.123+0000][info][gc,start       ] GC(529) Pause Young (Mixed) (G1 Evacuation Pause)
[2024-08-28T13:04:14.123+0000][info][gc,task        ] GC(529) Using 24 workers of 68 for evacuation
[2024-08-28T13:04:14.136+0000][info][gc,phases      ] GC(529)   Pre Evacuate Collection Set: 0.2ms
[2024-08-28T13:04:14.136+0000][info][gc,phases      ] GC(529)   Merge Heap Roots: 0.4ms
[2024-08-28T13:04:14.136+0000][info][gc,phases      ] GC(529)   Evacuate Collection Set: 12.1ms
[2024-08-28T13:04:14.136+0000][info][gc,phases      ] GC(529)   Post Evacuate Collection Set: 0.3ms
[2024-08-28T13:04:14.136+0000][info][gc,phases      ] GC(529)   Other: 0.2ms
[2024-08-28T13:04:14.136+0000][info][gc,heap        ] GC(529) Eden regions: 44->0(44)
[2024-08-28T13:04:14.136+0000][info][gc,heap        ] GC(529) Survivor regions: 7->7(7)
[2024-08-28T13:04:14.136+0000][info][gc,heap        ] GC(529) Old regions: 838->860
[2024-08-28T13:04:14.136+0000][info][gc,heap        ] GC(529) Archive regions: 2->2
[2024-08-28T13:04:14.136+0000][info][gc,heap        ] GC(529) Humongous regions: 5->5
[2024-08-28T13:04:14.136+0000][info][gc,metaspace   ] GC(529) Metaspace: 100K(320K)->100K(320K) NonClass: 96K(192K)->96K(192K) Class: 4K(128K)->4K(128K)
[2024-08-28T13:04:14.136+0000][info][gc             ] GC(529) Pause Young (Mixed) (G1 Evacuation Pause) 892M->870M(1024M) 13.298ms
[2024-08-28T13:04:14.136+0000][info][gc,cpu         ] GC(529) User=0.30s Sys=0.01s Real=0.01s
[2024-08-28T13:04:14.160+0000][info][gc,start       ] GC(530) Pause Young (Concurrent Start) (G1 Evacuation Pause)
[2024-08-28T13:04:14.160+0000][info][gc,task        ] GC(530) Using 24 workers of 68 for evacuation
[2024-08-28T13:04:14.172+0000][info][gc,phases      ] GC(530)   Pre Evacuate Collection Set: 0.2ms
[2024-08-28T13:04:14.172+0000][info][gc,phases      ] GC(530)   Merge Heap Roots: 0.4ms
[2024-08-28T13:04:14.172+0000][info][gc,phases      ] GC(530)   Evacuate Collection Set: 10.2ms
[2024-08-28T13:04:14.172+0000][info][gc,phases      ] GC(530)   Post Evacuate Collection Set: 0.3ms
[2024-08-28T13:04:14.172+0000][info][gc,phases      ] GC(530)   Other: 0.6ms
[2024-08-28T13:04:14.172+0000][info][gc,heap        ] GC(530) Eden regions: 44->0(44)
[2024-08-28T13:04:14.172+0000][info][gc,heap        ] GC(530) Survivor regions: 7->7(7)
[2024-08-28T13:04:14.172+0000][info][gc,heap        ] GC(530) Old regions: 860->909
[2024-08-28T13:04:14.172+0000][info][gc,heap        ] GC(530) Archive regions: 2->2
[2024-08-28T13:04:14.172+0000][info][gc,heap        ] GC(530) Humongous regions: 5->5
[2024-08-28T13:04:14.172+0000][info][gc,metaspace   ] GC(530) Metaspace: 100K(320K)->100K(320K) NonClass: 96K(192K)->96K(192K) Class: 4K(128K)->4K(128K)
[2024-08-28T13:04:14.172+0000][info][gc             ] GC(530) Pause Young (Concurrent Start) (G1 Evacuation Pause) 914M->919M(1024M) 11.752ms
[2024-08-28T13:04:14.172+0000][info][gc,cpu         ] GC(530) User=0.25s Sys=0.01s Real=0.01s
[2024-08-28T13:04:14.172+0000][info][gc             ] GC(531) Concurrent Mark Cycle
[2024-08-28T13:04:14.172+0000][info][gc,marking     ] GC(531) Concurrent Clear Claimed Marks
[2024-08-28T13:04:14.172+0000][info][gc,marking     ] GC(531) Concurrent Clear Claimed Marks 0.009ms
[2024-08-28T13:04:14.172+0000][info][gc,marking     ] GC(531) Concurrent Scan Root Regions
[2024-08-28T13:04:14.174+0000][info][gc,marking     ] GC(531) Concurrent Scan Root Regions 1.608ms
[2024-08-28T13:04:14.174+0000][info][gc,marking     ] GC(531) Concurrent Mark
[2024-08-28T13:04:14.174+0000][info][gc,marking     ] GC(531) Concurrent Mark From Roots
[2024-08-28T13:04:14.174+0000][info][gc,task        ] GC(531) Using 17 workers of 17 for marking
[2024-08-28T13:04:14.201+0000][info][gc,marking     ] GC(531) Concurrent Mark From Roots 27.006ms
[2024-08-28T13:04:14.201+0000][info][gc,marking     ] GC(531) Concurrent Preclean
[2024-08-28T13:04:14.201+0000][info][gc,marking     ] GC(531) Concurrent Preclean 0.507ms
[2024-08-28T13:04:14.201+0000][info][gc,start       ] GC(531) Pause Remark
[2024-08-28T13:04:14.203+0000][info][gc             ] GC(531) Pause Remark 956M->922M(1024M) 1.276ms
[2024-08-28T13:04:14.203+0000][info][gc,cpu         ] GC(531) User=0.00s Sys=0.01s Real=0.00s
[2024-08-28T13:04:14.203+0000][info][gc,marking     ] GC(531) Concurrent Mark 29.122ms
[2024-08-28T13:04:14.203+0000][info][gc,marking     ] GC(531) Concurrent Rebuild Remembered Sets
[2024-08-28T13:04:14.209+0000][info][gc,start       ] GC(532) Pause Young (Normal) (G1 Evacuation Pause)
[2024-08-28T13:04:14.209+0000][info][gc,task        ] GC(532) Using 24 workers of 68 for evacuation
[2024-08-28T13:04:14.221+0000][info][gc,phases      ] GC(532)   Pre Evacuate Collection Set: 0.1ms
[2024-08-28T13:04:14.221+0000][info][gc,phases      ] GC(532)   Merge Heap Roots: 0.4ms
[2024-08-28T13:04:14.221+0000][info][gc,phases      ] GC(532)   Evacuate Collection Set: 10.4ms
[2024-08-28T13:04:14.221+0000][info][gc,phases      ] GC(532)   Post Evacuate Collection Set: 0.4ms
[2024-08-28T13:04:14.221+0000][info][gc,phases      ] GC(532)   Other: 0.2ms
[2024-08-28T13:04:14.221+0000][info][gc,heap        ] GC(532) Eden regions: 44->0(44)
[2024-08-28T13:04:14.221+0000][info][gc,heap        ] GC(532) Survivor regions: 7->7(7)
[2024-08-28T13:04:14.221+0000][info][gc,heap        ] GC(532) Old regions: 875->921
[2024-08-28T13:04:14.221+0000][info][gc,heap        ] GC(532) Archive regions: 2->2
[2024-08-28T13:04:14.221+0000][info][gc,heap        ] GC(532) Humongous regions: 5->5
[2024-08-28T13:04:14.221+0000][info][gc,metaspace   ] GC(532) Metaspace: 100K(320K)->100K(320K) NonClass: 96K(192K)->96K(192K) Class: 4K(128K)->4K(128K)
[2024-08-28T13:04:14.221+0000][info][gc             ] GC(532) Pause Young (Normal) (G1 Evacuation Pause) 929M->931M(1024M) 11.540ms
[2024-08-28T13:04:14.221+0000][info][gc,cpu         ] GC(532) User=0.24s Sys=0.02s Real=0.02s
[2024-08-28T13:04:14.245+0000][info][gc,start       ] GC(533) Pause Young (Normal) (G1 Preventive Collection)
[2024-08-28T13:04:14.245+0000][info][gc,task        ] GC(533) Using 24 workers of 68 for evacuation
[2024-08-28T13:04:14.259+0000][info][gc,phases      ] GC(533)   Pre Evacuate Collection Set: 0.1ms
[2024-08-28T13:04:14.259+0000][info][gc,phases      ] GC(533)   Merge Heap Roots: 0.4ms
[2024-08-28T13:04:14.259+0000][info][gc,phases      ] GC(533)   Evacuate Collection Set: 13.4ms
[2024-08-28T13:04:14.259+0000][info][gc,phases      ] GC(533)   Post Evacuate Collection Set: 0.5ms
[2024-08-28T13:04:14.259+0000][info][gc,phases      ] GC(533)   Other: 0.2ms
[2024-08-28T13:04:14.259+0000][info][gc,heap        ] GC(533) Eden regions: 39->0(44)
[2024-08-28T13:04:14.259+0000][info][gc,heap        ] GC(533) Survivor regions: 7->7(7)
[2024-08-28T13:04:14.259+0000][info][gc,heap        ] GC(533) Old regions: 921->962
[2024-08-28T13:04:14.259+0000][info][gc,heap        ] GC(533) Archive regions: 2->2
[2024-08-28T13:04:14.259+0000][info][gc,heap        ] GC(533) Humongous regions: 5->5
[2024-08-28T13:04:14.259+0000][info][gc,metaspace   ] GC(533) Metaspace: 100K(320K)->100K(320K) NonClass: 96K(192K)->96K(192K) Class: 4K(128K)->4K(128K)
[2024-08-28T13:04:14.259+0000][info][gc             ] GC(533) Pause Young (Normal) (G1 Preventive Collection) 970M->972M(1024M) 14.788ms
[2024-08-28T13:04:14.259+0000][info][gc,cpu         ] GC(533) User=0.33s Sys=0.01s Real=0.02s
[2024-08-28T13:04:14.271+0000][info][gc,start       ] GC(534) Pause Young (Normal) (G1 Preventive Collection)
[2024-08-28T13:04:14.271+0000][info][gc,task        ] GC(534) Using 24 workers of 68 for evacuation
[2024-08-28T13:04:14.282+0000][info][gc,phases      ] GC(534)   Pre Evacuate Collection Set: 0.1ms
[2024-08-28T13:04:14.282+0000][info][gc,phases      ] GC(534)   Merge Heap Roots: 0.5ms
[2024-08-28T13:04:14.282+0000][info][gc,phases      ] GC(534)   Evacuate Collection Set: 9.9ms
[2024-08-28T13:04:14.282+0000][info][gc,phases      ] GC(534)   Post Evacuate Collection Set: 0.5ms
[2024-08-28T13:04:14.282+0000][info][gc,phases      ] GC(534)   Other: 0.2ms
[2024-08-28T13:04:14.282+0000][info][gc,heap        ] GC(534) Eden regions: 19->0(44)
[2024-08-28T13:04:14.282+0000][info][gc,heap        ] GC(534) Survivor regions: 7->7(7)
[2024-08-28T13:04:14.282+0000][info][gc,heap        ] GC(534) Old regions: 962->984
[2024-08-28T13:04:14.282+0000][info][gc,heap        ] GC(534) Archive regions: 2->2
[2024-08-28T13:04:14.282+0000][info][gc,heap        ] GC(534) Humongous regions: 5->5
[2024-08-28T13:04:14.282+0000][info][gc,metaspace   ] GC(534) Metaspace: 100K(320K)->100K(320K) NonClass: 96K(192K)->96K(192K) Class: 4K(128K)->4K(128K)
[2024-08-28T13:04:14.282+0000][info][gc             ] GC(534) Pause Young (Normal) (G1 Preventive Collection) 991M->994M(1024M) 11.309ms
[2024-08-28T13:04:14.282+0000][info][gc,cpu         ] GC(534) User=0.25s Sys=0.01s Real=0.01s
[2024-08-28T13:04:14.287+0000][info][gc,start       ] GC(535) Pause Young (Normal) (G1 Preventive Collection)
[2024-08-28T13:04:14.287+0000][info][gc,task        ] GC(535) Using 24 workers of 68 for evacuation
[2024-08-28T13:04:14.296+0000][info][gc,phases      ] GC(535)   Pre Evacuate Collection Set: 0.1ms
[2024-08-28T13:04:14.296+0000][info][gc,phases      ] GC(535)   Merge Heap Roots: 0.5ms
[2024-08-28T13:04:14.296+0000][info][gc,phases      ] GC(535)   Evacuate Collection Set: 7.7ms
[2024-08-28T13:04:14.296+0000][info][gc,phases      ] GC(535)   Post Evacuate Collection Set: 0.5ms
[2024-08-28T13:04:14.296+0000][info][gc,phases      ] GC(535)   Other: 0.1ms
[2024-08-28T13:04:14.296+0000][info][gc,heap        ] GC(535) Eden regions: 8->0(44)
[2024-08-28T13:04:14.296+0000][info][gc,heap        ] GC(535) Survivor regions: 7->7(7)
[2024-08-28T13:04:14.296+0000][info][gc,heap        ] GC(535) Old regions: 984->995
[2024-08-28T13:04:14.296+0000][info][gc,heap        ] GC(535) Archive regions: 2->2
[2024-08-28T13:04:14.296+0000][info][gc,heap        ] GC(535) Humongous regions: 5->5
[2024-08-28T13:04:14.296+0000][info][gc,metaspace   ] GC(535) Metaspace: 100K(320K)->100K(320K) NonClass: 96K(192K)->96K(192K) Class: 4K(128K)->4K(128K)
[2024-08-28T13:04:14.296+0000][info][gc             ] GC(535) Pause Young (Normal) (G1 Preventive Collection) 1002M->1005M(1024M) 9.030ms
[2024-08-28T13:04:14.296+0000][info][gc,cpu         ] GC(535) User=0.21s Sys=0.00s Real=0.01s
[2024-08-28T13:04:14.299+0000][info][gc,start       ] GC(536) Pause Young (Normal) (G1 Preventive Collection)
[2024-08-28T13:04:14.299+0000][info][gc,task        ] GC(536) Using 24 workers of 68 for evacuation
[2024-08-28T13:04:14.306+0000][info][gc             ] GC(536) To-space exhausted
[2024-08-28T13:04:14.306+0000][info][gc,phases      ] GC(536)   Pre Evacuate Collection Set: 0.1ms
[2024-08-28T13:04:14.306+0000][info][gc,phases      ] GC(536)   Merge Heap Roots: 0.6ms
[2024-08-28T13:04:14.306+0000][info][gc,phases      ] GC(536)   Evacuate Collection Set: 6.4ms
[2024-08-28T13:04:14.306+0000][info][gc,phases      ] GC(536)   Post Evacuate Collection Set: 0.6ms
[2024-08-28T13:04:14.306+0000][info][gc,phases      ] GC(536)   Other: 0.2ms
[2024-08-28T13:04:14.306+0000][info][gc,heap        ] GC(536) Eden regions: 3->0(47)
[2024-08-28T13:04:14.307+0000][info][gc,heap        ] GC(536) Survivor regions: 7->4(7)
[2024-08-28T13:04:14.307+0000][info][gc,heap        ] GC(536) Old regions: 995->1010
[2024-08-28T13:04:14.307+0000][info][gc,heap        ] GC(536) Archive regions: 2->2
[2024-08-28T13:04:14.307+0000][info][gc,heap        ] GC(536) Humongous regions: 5->5
[2024-08-28T13:04:14.307+0000][info][gc,metaspace   ] GC(536) Metaspace: 100K(320K)->100K(320K) NonClass: 96K(192K)->96K(192K) Class: 4K(128K)->4K(128K)
[2024-08-28T13:04:14.307+0000][info][gc             ] GC(536) Pause Young (Normal) (G1 Preventive Collection) 1008M->1017M(1024M) 7.998ms
[2024-08-28T13:04:14.307+0000][info][gc,cpu         ] GC(536) User=0.18s Sys=0.00s Real=0.00s
[2024-08-28T13:04:14.308+0000][info][gc,start       ] GC(537) Pause Young (Normal) (G1 Preventive Collection)
[2024-08-28T13:04:14.308+0000][info][gc,task        ] GC(537) Using 24 workers of 68 for evacuation
[2024-08-28T13:04:14.314+0000][info][gc             ] GC(537) To-space exhausted
[2024-08-28T13:04:14.314+0000][info][gc,phases      ] GC(537)   Pre Evacuate Collection Set: 0.1ms
[2024-08-28T13:04:14.314+0000][info][gc,phases      ] GC(537)   Merge Heap Roots: 0.4ms
[2024-08-28T13:04:14.314+0000][info][gc,phases      ] GC(537)   Evacuate Collection Set: 5.4ms
[2024-08-28T13:04:14.314+0000][info][gc,phases      ] GC(537)   Post Evacuate Collection Set: 0.8ms
[2024-08-28T13:04:14.314+0000][info][gc,phases      ] GC(537)   Other: 0.1ms
[2024-08-28T13:04:14.314+0000][info][gc,heap        ] GC(537) Eden regions: 1->0(49)
[2024-08-28T13:04:14.314+0000][info][gc,heap        ] GC(537) Survivor regions: 4->2(2)
[2024-08-28T13:04:14.314+0000][info][gc,heap        ] GC(537) Old regions: 1010->1015
[2024-08-28T13:04:14.314+0000][info][gc,heap        ] GC(537) Archive regions: 2->2
[2024-08-28T13:04:14.314+0000][info][gc,heap        ] GC(537) Humongous regions: 5->5
[2024-08-28T13:04:14.314+0000][info][gc,metaspace   ] GC(537) Metaspace: 100K(320K)->100K(320K) NonClass: 96K(192K)->96K(192K) Class: 4K(128K)->4K(128K)
[2024-08-28T13:04:14.314+0000][info][gc             ] GC(537) Pause Young (Normal) (G1 Preventive Collection) 1018M->1020M(1024M) 6.968ms
[2024-08-28T13:04:14.315+0000][info][gc,cpu         ] GC(537) User=0.14s Sys=0.01s Real=0.01s
[2024-08-28T13:04:14.315+0000][info][gc,ergo        ] Attempting full compaction
[2024-08-28T13:04:14.315+0000][info][gc,task        ] GC(538) Using 24 workers of 68 for full compaction
[2024-08-28T13:04:14.315+0000][info][gc,start       ] GC(538) Pause Full (G1 Compaction Pause)
[2024-08-28T13:04:14.315+0000][info][gc,phases,start] GC(538) Phase 1: Mark live objects
[2024-08-28T13:04:14.331+0000][info][gc,phases      ] GC(538) Phase 1: Mark live objects 15.098ms
[2024-08-28T13:04:14.331+0000][info][gc,phases,start] GC(538) Phase 2: Prepare for compaction
[2024-08-28T13:04:14.340+0000][info][gc,phases      ] GC(538) Phase 2: Prepare for compaction 9.201ms
[2024-08-28T13:04:14.340+0000][info][gc,phases,start] GC(538) Phase 3: Adjust pointers
[2024-08-28T13:04:14.358+0000][info][gc,phases      ] GC(538) Phase 3: Adjust pointers 17.810ms
[2024-08-28T13:04:14.358+0000][info][gc,phases,start] GC(538) Phase 4: Compact heap
[2024-08-28T13:04:14.390+0000][info][gc,phases      ] GC(538) Phase 4: Compact heap 32.322ms
[2024-08-28T13:04:14.391+0000][info][gc,heap        ] GC(538) Eden regions: 0->0(150)
[2024-08-28T13:04:14.391+0000][info][gc,heap        ] GC(538) Survivor regions: 2->0(2)
[2024-08-28T13:04:14.391+0000][info][gc,heap        ] GC(538) Old regions: 1015->443
[2024-08-28T13:04:14.391+0000][info][gc,heap        ] GC(538) Archive regions: 2->2
[2024-08-28T13:04:14.391+0000][info][gc,heap        ] GC(538) Humongous regions: 5->5
[2024-08-28T13:04:14.391+0000][info][gc,metaspace   ] GC(538) Metaspace: 100K(320K)->100K(320K) NonClass: 96K(192K)->96K(192K) Class: 4K(128K)->4K(128K)
[2024-08-28T13:04:14.391+0000][info][gc             ] GC(538) Pause Full (G1 Compaction Pause) 1020M->435M(1024M) 76.747ms
[2024-08-28T13:04:14.392+0000][info][gc,cpu         ] GC(538) User=1.60s Sys=0.01s Real=0.08s
[2024-08-28T13:04:14.392+0000][info][gc,marking     ] GC(531) Concurrent Rebuild Remembered Sets 189.004ms
[2024-08-28T13:04:14.392+0000][info][gc,marking     ] GC(531) Concurrent Mark Abort
[2024-08-28T13:04:14.392+0000][info][gc             ] GC(531) Concurrent Mark Cycle 219.879ms
[2024-08-28T13:04:14.480+0000][info][gc,start       ] GC(539) Pause Young (Normal) (G1 Evacuation Pause)
[2024-08-28T13:04:14.480+0000][info][gc,task        ] GC(539) Using 24 workers of 68 for evacuation
[2024-08-28T13:04:14.504+0000][info][gc,phases      ] GC(539)   Pre Evacuate Collection Set: 0.2ms
[2024-08-28T13:04:14.504+0000][info][gc,phases      ] GC(539)   Merge Heap Roots: 0.4ms
[2024-08-28T13:04:14.504+0000][info][gc,phases      ] GC(539)   Evacuate Collection Set: 22.7ms
[2024-08-28T13:04:14.504+0000][info][gc,phases      ] GC(539)   Post Evacuate Collection Set: 0.4ms
[2024-08-28T13:04:14.504+0000][info][gc,phases      ] GC(539)   Other: 0.2ms
[2024-08-28T13:04:14.504+0000][info][gc,heap        ] GC(539) Eden regions: 150->0(102)
[2024-08-28T13:04:14.504+0000][info][gc,heap        ] GC(539) Survivor regions: 0->19(19)
[2024-08-28T13:04:14.504+0000][info][gc,heap        ] GC(539) Old regions: 443->572
[2024-08-28T13:04:14.504+0000][info][gc,heap        ] GC(539) Archive regions: 2->2
[2024-08-28T13:04:14.504+0000][info][gc,heap        ] GC(539) Humongous regions: 5->5
[2024-08-28T13:04:14.504+0000][info][gc,metaspace   ] GC(539) Metaspace: 100K(320K)->100K(320K) NonClass: 96K(192K)->96K(192K) Class: 4K(128K)->4K(128K)
[2024-08-28T13:04:14.504+0000][info][gc             ] GC(539) Pause Young (Normal) (G1 Evacuation Pause) 585M->583M(1024M) 23.932ms
[2024-08-28T13:04:14.504+0000][info][gc,cpu         ] GC(539) User=0.52s Sys=0.03s Real=0.02s
[2024-08-28T13:04:14.562+0000][info][gc,start       ] GC(540) Pause Young (Concurrent Start) (G1 Evacuation Pause)
[2024-08-28T13:04:14.562+0000][info][gc,task        ] GC(540) Using 24 workers of 68 for evacuation
[2024-08-28T13:04:14.582+0000][info][gc,phases      ] GC(540)   Pre Evacuate Collection Set: 0.2ms
[2024-08-28T13:04:14.582+0000][info][gc,phases      ] GC(540)   Merge Heap Roots: 0.4ms
[2024-08-28T13:04:14.582+0000][info][gc,phases      ] GC(540)   Evacuate Collection Set: 19.4ms
[2024-08-28T13:04:14.582+0000][info][gc,phases      ] GC(540)   Post Evacuate Collection Set: 0.3ms
[2024-08-28T13:04:14.582+0000][info][gc,phases      ] GC(540)   Other: 0.6ms
[2024-08-28T13:04:14.582+0000][info][gc,heap        ] GC(540) Eden regions: 102->0(69)
[2024-08-28T13:04:14.582+0000][info][gc,heap        ] GC(540) Survivor regions: 19->16(16)
[2024-08-28T13:04:14.582+0000][info][gc,heap        ] GC(540) Old regions: 572->678
[2024-08-28T13:04:14.582+0000][info][gc,heap        ] GC(540) Archive regions: 2->2
[2024-08-28T13:04:14.582+0000][info][gc,heap        ] GC(540) Humongous regions: 5->5
[2024-08-28T13:04:14.582+0000][info][gc,metaspace   ] GC(540) Metaspace: 100K(320K)->100K(320K) NonClass: 96K(192K)->96K(192K) Class: 4K(128K)->4K(128K)
[2024-08-28T13:04:14.583+0000][info][gc             ] GC(540) Pause Young (Concurrent Start) (G1 Evacuation Pause) 685M->686M(1024M) 20.857ms
[2024-08-28T13:04:14.583+0000][info][gc,cpu         ] GC(540) User=0.41s Sys=0.06s Real=0.02s
[2024-08-28T13:04:14.583+0000][info][gc             ] GC(541) Concurrent Mark Cycle
[2024-08-28T13:04:14.583+0000][info][gc,marking     ] GC(541) Concurrent Clear Claimed Marks
[2024-08-28T13:04:14.583+0000][info][gc,marking     ] GC(541) Concurrent Clear Claimed Marks 0.009ms
[2024-08-28T13:04:14.583+0000][info][gc,marking     ] GC(541) Concurrent Scan Root Regions
[2024-08-28T13:04:14.586+0000][info][gc,marking     ] GC(541) Concurrent Scan Root Regions 3.730ms
[2024-08-28T13:04:14.586+0000][info][gc,marking     ] GC(541) Concurrent Mark
[2024-08-28T13:04:14.586+0000][info][gc,marking     ] GC(541) Concurrent Mark From Roots
[2024-08-28T13:04:14.586+0000][info][gc,task        ] GC(541) Using 17 workers of 17 for marking
[2024-08-28T13:04:14.609+0000][info][gc,marking     ] GC(541) Concurrent Mark From Roots 22.373ms
[2024-08-28T13:04:14.609+0000][info][gc,marking     ] GC(541) Concurrent Preclean
[2024-08-28T13:04:14.609+0000][info][gc,marking     ] GC(541) Concurrent Preclean 0.499ms
[2024-08-28T13:04:14.610+0000][info][gc,start       ] GC(541) Pause Remark
[2024-08-28T13:04:14.611+0000][info][gc             ] GC(541) Pause Remark 719M->719M(1024M) 1.165ms
[2024-08-28T13:04:14.611+0000][info][gc,cpu         ] GC(541) User=0.01s Sys=0.00s Real=0.00s
[2024-08-28T13:04:14.611+0000][info][gc,marking     ] GC(541) Concurrent Mark 24.387ms
[2024-08-28T13:04:14.611+0000][info][gc,marking     ] GC(541) Concurrent Rebuild Remembered Sets
[2024-08-28T13:04:14.633+0000][info][gc,start       ] GC(542) Pause Young (Normal) (G1 Evacuation Pause)
[2024-08-28T13:04:14.633+0000][info][gc,task        ] GC(542) Using 24 workers of 68 for evacuation
[2024-08-28T13:04:14.650+0000][info][gc,phases      ] GC(542)   Pre Evacuate Collection Set: 0.1ms
[2024-08-28T13:04:14.650+0000][info][gc,phases      ] GC(542)   Merge Heap Roots: 0.4ms
[2024-08-28T13:04:14.650+0000][info][gc,phases      ] GC(542)   Evacuate Collection Set: 16.0ms
[2024-08-28T13:04:14.650+0000][info][gc,phases      ] GC(542)   Post Evacuate Collection Set: 0.5ms
[2024-08-28T13:04:14.650+0000][info][gc,phases      ] GC(542)   Other: 0.2ms
[2024-08-28T13:04:14.650+0000][info][gc,heap        ] GC(542) Eden regions: 69->0(46)
[2024-08-28T13:04:14.650+0000][info][gc,heap        ] GC(542) Survivor regions: 16->11(11)
[2024-08-28T13:04:14.650+0000][info][gc,heap        ] GC(542) Old regions: 678->755
[2024-08-28T13:04:14.650+0000][info][gc,heap        ] GC(542) Archive regions: 2->2
[2024-08-28T13:04:14.650+0000][info][gc,heap        ] GC(542) Humongous regions: 5->5
[2024-08-28T13:04:14.650+0000][info][gc,metaspace   ] GC(542) Metaspace: 100K(320K)->100K(320K) NonClass: 96K(192K)->96K(192K) Class: 4K(128K)->4K(128K)
[2024-08-28T13:04:14.650+0000][info][gc             ] GC(542) Pause Young (Normal) (G1 Evacuation Pause) 755M->758M(1024M) 17.265ms
[2024-08-28T13:04:14.650+0000][info][gc,cpu         ] GC(542) User=0.37s Sys=0.02s Real=0.02s
[2024-08-28T13:04:14.677+0000][info][gc,start       ] GC(543) Pause Young (Normal) (G1 Evacuation Pause)
[2024-08-28T13:04:14.677+0000][info][gc,task        ] GC(543) Using 24 workers of 68 for evacuation
[2024-08-28T13:04:14.698+0000][info][gc,phases      ] GC(543)   Pre Evacuate Collection Set: 0.2ms
[2024-08-28T13:04:14.698+0000][info][gc,phases      ] GC(543)   Merge Heap Roots: 0.4ms
[2024-08-28T13:04:14.698+0000][info][gc,phases      ] GC(543)   Evacuate Collection Set: 19.0ms
[2024-08-28T13:04:14.698+0000][info][gc,phases      ] GC(543)   Post Evacuate Collection Set: 0.6ms
[2024-08-28T13:04:14.698+0000][info][gc,phases      ] GC(543)   Other: 0.2ms
[2024-08-28T13:04:14.698+0000][info][gc,heap        ] GC(543) Eden regions: 46->0(43)
[2024-08-28T13:04:14.698+0000][info][gc,heap        ] GC(543) Survivor regions: 11->8(8)
[2024-08-28T13:04:14.698+0000][info][gc,heap        ] GC(543) Old regions: 755->809
[2024-08-28T13:04:14.698+0000][info][gc,heap        ] GC(543) Archive regions: 2->2
[2024-08-28T13:04:14.698+0000][info][gc,heap        ] GC(543) Humongous regions: 5->5
[2024-08-28T13:04:14.698+0000][info][gc,metaspace   ] GC(543) Metaspace: 100K(320K)->100K(320K) NonClass: 96K(192K)->96K(192K) Class: 4K(128K)->4K(128K)
[2024-08-28T13:04:14.698+0000][info][gc             ] GC(543) Pause Young (Normal) (G1 Evacuation Pause) 804M->809M(1024M) 20.406ms
[2024-08-28T13:04:14.698+0000][info][gc,cpu         ] GC(543) User=0.43s Sys=0.05s Real=0.03s
[2024-08-28T13:04:14.712+0000][info][gc,marking     ] GC(541) Concurrent Rebuild Remembered Sets 101.111ms
[2024-08-28T13:04:14.712+0000][info][gc,start       ] GC(541) Pause Cleanup
[2024-08-28T13:04:14.713+0000][info][gc             ] GC(541) Pause Cleanup 833M->833M(1024M) 1.093ms
[2024-08-28T13:04:14.713+0000][info][gc,cpu         ] GC(541) User=0.01s Sys=0.00s Real=0.00s
[2024-08-28T13:04:14.713+0000][info][gc,marking     ] GC(541) Concurrent Cleanup for Next Mark
[2024-08-28T13:04:14.714+0000][info][gc,marking     ] GC(541) Concurrent Cleanup for Next Mark 0.766ms
[2024-08-28T13:04:14.714+0000][info][gc             ] GC(541) Concurrent Mark Cycle 131.534ms
[2024-08-28T13:04:14.726+0000][info][gc,start       ] GC(544) Pause Young (Prepare Mixed) (G1 Evacuation Pause)
[2024-08-28T13:04:14.726+0000][info][gc,task        ] GC(544) Using 24 workers of 68 for evacuation
[2024-08-28T13:04:14.741+0000][info][gc,phases      ] GC(544)   Pre Evacuate Collection Set: 0.1ms
[2024-08-28T13:04:14.741+0000][info][gc,phases      ] GC(544)   Merge Heap Roots: 0.6ms
[2024-08-28T13:04:14.741+0000][info][gc,phases      ] GC(544)   Evacuate Collection Set: 13.7ms
[2024-08-28T13:04:14.741+0000][info][gc,phases      ] GC(544)   Post Evacuate Collection Set: 0.3ms
[2024-08-28T13:04:14.741+0000][info][gc,phases      ] GC(544)   Other: 0.2ms
[2024-08-28T13:04:14.741+0000][info][gc,heap        ] GC(544) Eden regions: 43->0(44)
[2024-08-28T13:04:14.741+0000][info][gc,heap        ] GC(544) Survivor regions: 8->7(7)
[2024-08-28T13:04:14.741+0000][info][gc,heap        ] GC(544) Old regions: 809->857
[2024-08-28T13:04:14.741+0000][info][gc,heap        ] GC(544) Archive regions: 2->2
[2024-08-28T13:04:14.741+0000][info][gc,heap        ] GC(544) Humongous regions: 5->5
[2024-08-28T13:04:14.741+0000][info][gc,metaspace   ] GC(544) Metaspace: 100K(320K)->100K(320K) NonClass: 96K(192K)->96K(192K) Class: 4K(128K)->4K(128K)
[2024-08-28T13:04:14.741+0000][info][gc             ] GC(544) Pause Young (Prepare Mixed) (G1 Evacuation Pause) 852M->856M(1024M) 14.955ms
[2024-08-28T13:04:14.741+0000][info][gc,cpu         ] GC(544) User=0.34s Sys=0.00s Real=0.02s
[2024-08-28T13:04:14.766+0000][info][gc,start       ] GC(545) Pause Young (Mixed) (G1 Evacuation Pause)
[2024-08-28T13:04:14.766+0000][info][gc,task        ] GC(545) Using 24 workers of 68 for evacuation
[2024-08-28T13:04:14.778+0000][info][gc,phases      ] GC(545)   Pre Evacuate Collection Set: 0.2ms
[2024-08-28T13:04:14.778+0000][info][gc,phases      ] GC(545)   Merge Heap Roots: 0.4ms
[2024-08-28T13:04:14.778+0000][info][gc,phases      ] GC(545)   Evacuate Collection Set: 11.2ms
[2024-08-28T13:04:14.778+0000][info][gc,phases      ] GC(545)   Post Evacuate Collection Set: 0.4ms
[2024-08-28T13:04:14.778+0000][info][gc,phases      ] GC(545)   Other: 0.2ms
[2024-08-28T13:04:14.778+0000][info][gc,heap        ] GC(545) Eden regions: 44->0(44)
[2024-08-28T13:04:14.779+0000][info][gc,heap        ] GC(545) Survivor regions: 7->7(7)
[2024-08-28T13:04:14.779+0000][info][gc,heap        ] GC(545) Old regions: 857->800
[2024-08-28T13:04:14.779+0000][info][gc,heap        ] GC(545) Archive regions: 2->2
[2024-08-28T13:04:14.779+0000][info][gc,heap        ] GC(545) Humongous regions: 5->5
[2024-08-28T13:04:14.779+0000][info][gc,metaspace   ] GC(545) Metaspace: 100K(320K)->100K(320K) NonClass: 96K(192K)->96K(192K) Class: 4K(128K)->4K(128K)
[2024-08-28T13:04:14.779+0000][info][gc             ] GC(545) Pause Young (Mixed) (G1 Evacuation Pause) 900M->810M(1024M) 12.490ms
[2024-08-28T13:04:14.779+0000][info][gc,cpu         ] GC(545) User=0.27s Sys=0.00s Real=0.02s
[2024-08-28T13:04:14.802+0000][info][gc,start       ] GC(546) Pause Young (Mixed) (G1 Evacuation Pause)
[2024-08-28T13:04:14.802+0000][info][gc,task        ] GC(546) Using 24 workers of 68 for evacuation
[2024-08-28T13:04:14.815+0000][info][gc,phases      ] GC(546)   Pre Evacuate Collection Set: 0.2ms
[2024-08-28T13:04:14.815+0000][info][gc,phases      ] GC(546)   Merge Heap Roots: 0.5ms
[2024-08-28T13:04:14.815+0000][info][gc,phases      ] GC(546)   Evacuate Collection Set: 11.6ms
[2024-08-28T13:04:14.815+0000][info][gc,phases      ] GC(546)   Post Evacuate Collection Set: 0.3ms
[2024-08-28T13:04:14.815+0000][info][gc,phases      ] GC(546)   Other: 0.2ms
[2024-08-28T13:04:14.815+0000][info][gc,heap        ] GC(546) Eden regions: 44->0(47)
[2024-08-28T13:04:14.815+0000][info][gc,heap        ] GC(546) Survivor regions: 7->7(7)
[2024-08-28T13:04:14.815+0000][info][gc,heap        ] GC(546) Old regions: 800->757
[2024-08-28T13:04:14.815+0000][info][gc,heap        ] GC(546) Archive regions: 2->2
[2024-08-28T13:04:14.815+0000][info][gc,heap        ] GC(546) Humongous regions: 5->5
[2024-08-28T13:04:14.815+0000][info][gc,metaspace   ] GC(546) Metaspace: 100K(320K)->100K(320K) NonClass: 96K(192K)->96K(192K) Class: 4K(128K)->4K(128K)
[2024-08-28T13:04:14.815+0000][info][gc             ] GC(546) Pause Young (Mixed) (G1 Evacuation Pause) 854M->768M(1024M) 12.865ms
[2024-08-28T13:04:14.815+0000][info][gc,cpu         ] GC(546) User=0.29s Sys=0.00s Real=0.01s
[2024-08-28T13:04:14.840+0000][info][gc,start       ] GC(547) Pause Young (Concurrent Start) (G1 Evacuation Pause)
[2024-08-28T13:04:14.840+0000][info][gc,task        ] GC(547) Using 24 workers of 68 for evacuation
[2024-08-28T13:04:14.852+0000][info][gc,phases      ] GC(547)   Pre Evacuate Collection Set: 0.2ms
[2024-08-28T13:04:14.852+0000][info][gc,phases      ] GC(547)   Merge Heap Roots: 0.4ms
[2024-08-28T13:04:14.852+0000][info][gc,phases      ] GC(547)   Evacuate Collection Set: 10.3ms
[2024-08-28T13:04:14.852+0000][info][gc,phases      ] GC(547)   Post Evacuate Collection Set: 0.4ms
[2024-08-28T13:04:14.852+0000][info][gc,phases      ] GC(547)   Other: 0.7ms
[2024-08-28T13:04:14.852+0000][info][gc,heap        ] GC(547) Eden regions: 47->0(44)
[2024-08-28T13:04:14.852+0000][info][gc,heap        ] GC(547) Survivor regions: 7->7(7)
[2024-08-28T13:04:14.852+0000][info][gc,heap        ] GC(547) Old regions: 757->807
[2024-08-28T13:04:14.852+0000][info][gc,heap        ] GC(547) Archive regions: 2->2
[2024-08-28T13:04:14.852+0000][info][gc,heap        ] GC(547) Humongous regions: 5->5
[2024-08-28T13:04:14.852+0000][info][gc,metaspace   ] GC(547) Metaspace: 100K(320K)->100K(320K) NonClass: 96K(192K)->96K(192K) Class: 4K(128K)->4K(128K)
[2024-08-28T13:04:14.852+0000][info][gc             ] GC(547) Pause Young (Concurrent Start) (G1 Evacuation Pause) 815M->817M(1024M) 11.915ms
[2024-08-28T13:04:14.852+0000][info][gc,cpu         ] GC(547) User=0.26s Sys=0.00s Real=0.01s
[2024-08-28T13:04:14.852+0000][info][gc             ] GC(548) Concurrent Mark Cycle
[2024-08-28T13:04:14.852+0000][info][gc,marking     ] GC(548) Concurrent Clear Claimed Marks
[2024-08-28T13:04:14.852+0000][info][gc,marking     ] GC(548) Concurrent Clear Claimed Marks 0.010ms
[2024-08-28T13:04:14.852+0000][info][gc,marking     ] GC(548) Concurrent Scan Root Regions
[2024-08-28T13:04:14.854+0000][info][gc,marking     ] GC(548) Concurrent Scan Root Regions 1.735ms
[2024-08-28T13:04:14.854+0000][info][gc,marking     ] GC(548) Concurrent Mark
[2024-08-28T13:04:14.854+0000][info][gc,marking     ] GC(548) Concurrent Mark From Roots
[2024-08-28T13:04:14.854+0000][info][gc,task        ] GC(548) Using 17 workers of 17 for marking
[2024-08-28T13:04:14.880+0000][info][gc,marking     ] GC(548) Concurrent Mark From Roots 25.912ms
[2024-08-28T13:04:14.880+0000][info][gc,marking     ] GC(548) Concurrent Preclean
[2024-08-28T13:04:14.881+0000][info][gc,marking     ] GC(548) Concurrent Preclean 0.697ms
[2024-08-28T13:04:14.881+0000][info][gc,start       ] GC(548) Pause Remark
[2024-08-28T13:04:14.882+0000][info][gc             ] GC(548) Pause Remark 853M->853M(1024M) 1.308ms
[2024-08-28T13:04:14.882+0000][info][gc,cpu         ] GC(548) User=0.01s Sys=0.01s Real=0.00s
[2024-08-28T13:04:14.882+0000][info][gc,marking     ] GC(548) Concurrent Mark 28.253ms
[2024-08-28T13:04:14.882+0000][info][gc,marking     ] GC(548) Concurrent Rebuild Remembered Sets
[2024-08-28T13:04:14.889+0000][info][gc,start       ] GC(549) Pause Young (Normal) (G1 Evacuation Pause)
[2024-08-28T13:04:14.889+0000][info][gc,task        ] GC(549) Using 24 workers of 68 for evacuation
[2024-08-28T13:04:14.899+0000][info][gc,phases      ] GC(549)   Pre Evacuate Collection Set: 0.1ms
[2024-08-28T13:04:14.900+0000][info][gc,phases      ] GC(549)   Merge Heap Roots: 0.3ms
[2024-08-28T13:04:14.900+0000][info][gc,phases      ] GC(549)   Evacuate Collection Set: 9.6ms
[2024-08-28T13:04:14.900+0000][info][gc,phases      ] GC(549)   Post Evacuate Collection Set: 0.4ms
[2024-08-28T13:04:14.900+0000][info][gc,phases      ] GC(549)   Other: 0.2ms
[2024-08-28T13:04:14.900+0000][info][gc,heap        ] GC(549) Eden regions: 44->0(44)
[2024-08-28T13:04:14.900+0000][info][gc,heap        ] GC(549) Survivor regions: 7->7(7)
[2024-08-28T13:04:14.900+0000][info][gc,heap        ] GC(549) Old regions: 807->853
[2024-08-28T13:04:14.900+0000][info][gc,heap        ] GC(549) Archive regions: 2->2
[2024-08-28T13:04:14.900+0000][info][gc,heap        ] GC(549) Humongous regions: 5->5
[2024-08-28T13:04:14.900+0000][info][gc,metaspace   ] GC(549) Metaspace: 100K(320K)->100K(320K) NonClass: 96K(192K)->96K(192K) Class: 4K(128K)->4K(128K)
[2024-08-28T13:04:14.900+0000][info][gc             ] GC(549) Pause Young (Normal) (G1 Evacuation Pause) 861M->864M(1024M) 10.660ms
[2024-08-28T13:04:14.900+0000][info][gc,cpu         ] GC(549) User=0.23s Sys=0.00s Real=0.02s
[2024-08-28T13:04:14.926+0000][info][gc,start       ] GC(550) Pause Young (Normal) (G1 Evacuation Pause)
[2024-08-28T13:04:14.926+0000][info][gc,task        ] GC(550) Using 24 workers of 68 for evacuation
[2024-08-28T13:04:14.940+0000][info][gc,phases      ] GC(550)   Pre Evacuate Collection Set: 0.1ms
[2024-08-28T13:04:14.941+0000][info][gc,phases      ] GC(550)   Merge Heap Roots: 0.5ms
[2024-08-28T13:04:14.941+0000][info][gc,phases      ] GC(550)   Evacuate Collection Set: 13.6ms
[2024-08-28T13:04:14.941+0000][info][gc,phases      ] GC(550)   Post Evacuate Collection Set: 0.5ms
[2024-08-28T13:04:14.941+0000][info][gc,phases      ] GC(550)   Other: 0.2ms
[2024-08-28T13:04:14.941+0000][info][gc,heap        ] GC(550) Eden regions: 44->0(44)
[2024-08-28T13:04:14.941+0000][info][gc,heap        ] GC(550) Survivor regions: 7->7(7)
[2024-08-28T13:04:14.941+0000][info][gc,heap        ] GC(550) Old regions: 853->900
[2024-08-28T13:04:14.941+0000][info][gc,heap        ] GC(550) Archive regions: 2->2
[2024-08-28T13:04:14.941+0000][info][gc,heap        ] GC(550) Humongous regions: 5->5
[2024-08-28T13:04:14.941+0000][info][gc,metaspace   ] GC(550) Metaspace: 100K(320K)->100K(320K) NonClass: 96K(192K)->96K(192K) Class: 4K(128K)->4K(128K)
[2024-08-28T13:04:14.941+0000][info][gc             ] GC(550) Pause Young (Normal) (G1 Evacuation Pause) 908M->910M(1024M) 14.972ms
[2024-08-28T13:04:14.941+0000][info][gc,cpu         ] GC(550) User=0.34s Sys=0.00s Real=0.02s
[2024-08-28T13:04:14.966+0000][info][gc,start       ] GC(551) Pause Young (Normal) (G1 Evacuation Pause)
[2024-08-28T13:04:14.966+0000][info][gc,task        ] GC(551) Using 24 workers of 68 for evacuation
[2024-08-28T13:04:14.981+0000][info][gc,phases      ] GC(551)   Pre Evacuate Collection Set: 0.1ms
[2024-08-28T13:04:14.981+0000][info][gc,phases      ] GC(551)   Merge Heap Roots: 0.4ms
[2024-08-28T13:04:14.981+0000][info][gc,phases      ] GC(551)   Evacuate Collection Set: 13.3ms
[2024-08-28T13:04:14.981+0000][info][gc,phases      ] GC(551)   Post Evacuate Collection Set: 0.6ms
[2024-08-28T13:04:14.981+0000][info][gc,phases      ] GC(551)   Other: 0.2ms
[2024-08-28T13:04:14.981+0000][info][gc,heap        ] GC(551) Eden regions: 44->0(44)
[2024-08-28T13:04:14.981+0000][info][gc,heap        ] GC(551) Survivor regions: 7->7(7)
[2024-08-28T13:04:14.981+0000][info][gc,heap        ] GC(551) Old regions: 900->946
[2024-08-28T13:04:14.981+0000][info][gc,heap        ] GC(551) Archive regions: 2->2
[2024-08-28T13:04:14.981+0000][info][gc,heap        ] GC(551) Humongous regions: 5->5
[2024-08-28T13:04:14.981+0000][info][gc,metaspace   ] GC(551) Metaspace: 100K(320K)->100K(320K) NonClass: 96K(192K)->96K(192K) Class: 4K(128K)->4K(128K)
[2024-08-28T13:04:14.981+0000][info][gc             ] GC(551) Pause Young (Normal) (G1 Evacuation Pause) 954M->956M(1024M) 14.639ms
[2024-08-28T13:04:14.981+0000][info][gc,cpu         ] GC(551) User=0.33s Sys=0.00s Real=0.02s
[2024-08-28T13:04:14.993+0000][info][gc,marking     ] GC(548) Concurrent Rebuild Remembered Sets 110.437ms
[2024-08-28T13:04:14.993+0000][info][gc,start       ] GC(548) Pause Cleanup
[2024-08-28T13:04:14.995+0000][info][gc             ] GC(548) Pause Cleanup 975M->975M(1024M) 1.577ms
[2024-08-28T13:04:14.995+0000][info][gc,cpu         ] GC(548) User=0.01s Sys=0.00s Real=0.00s
[2024-08-28T13:04:14.995+0000][info][gc,marking     ] GC(548) Concurrent Cleanup for Next Mark
[2024-08-28T13:04:14.996+0000][info][gc,marking     ] GC(548) Concurrent Cleanup for Next Mark 0.852ms
[2024-08-28T13:04:14.996+0000][info][gc             ] GC(548) Concurrent Mark Cycle 143.311ms
[2024-08-28T13:04:15.001+0000][info][gc,start       ] GC(552) Pause Young (Prepare Mixed) (G1 Preventive Collection)
[2024-08-28T13:04:15.001+0000][info][gc,task        ] GC(552) Using 24 workers of 68 for evacuation
[2024-08-28T13:04:15.012+0000][info][gc,phases      ] GC(552)   Pre Evacuate Collection Set: 0.1ms
[2024-08-28T13:04:15.012+0000][info][gc,phases      ] GC(552)   Merge Heap Roots: 0.5ms
[2024-08-28T13:04:15.012+0000][info][gc,phases      ] GC(552)   Evacuate Collection Set: 9.7ms
[2024-08-28T13:04:15.012+0000][info][gc,phases      ] GC(552)   Post Evacuate Collection Set: 0.3ms
[2024-08-28T13:04:15.012+0000][info][gc,phases      ] GC(552)   Other: 0.2ms
[2024-08-28T13:04:15.012+0000][info][gc,heap        ] GC(552) Eden regions: 27->0(44)
[2024-08-28T13:04:15.012+0000][info][gc,heap        ] GC(552) Survivor regions: 7->7(7)
[2024-08-28T13:04:15.012+0000][info][gc,heap        ] GC(552) Old regions: 946->976
[2024-08-28T13:04:15.012+0000][info][gc,heap        ] GC(552) Archive regions: 2->2
[2024-08-28T13:04:15.012+0000][info][gc,heap        ] GC(552) Humongous regions: 5->5
[2024-08-28T13:04:15.012+0000][info][gc,metaspace   ] GC(552) Metaspace: 100K(320K)->100K(320K) NonClass: 96K(192K)->96K(192K) Class: 4K(128K)->4K(128K)
[2024-08-28T13:04:15.012+0000][info][gc             ] GC(552) Pause Young (Prepare Mixed) (G1 Preventive Collection) 983M->987M(1024M) 10.842ms
[2024-08-28T13:04:15.012+0000][info][gc,cpu         ] GC(552) User=0.24s Sys=0.00s Real=0.01s
[2024-08-28T13:04:15.019+0000][info][gc,start       ] GC(553) Pause Young (Mixed) (G1 Preventive Collection)
[2024-08-28T13:04:15.019+0000][info][gc,task        ] GC(553) Using 24 workers of 68 for evacuation
[2024-08-28T13:04:15.025+0000][info][gc,phases      ] GC(553)   Pre Evacuate Collection Set: 0.2ms
[2024-08-28T13:04:15.025+0000][info][gc,phases      ] GC(553)   Merge Heap Roots: 0.3ms
[2024-08-28T13:04:15.025+0000][info][gc,phases      ] GC(553)   Evacuate Collection Set: 4.9ms
[2024-08-28T13:04:15.025+0000][info][gc,phases      ] GC(553)   Post Evacuate Collection Set: 0.3ms
[2024-08-28T13:04:15.025+0000][info][gc,phases      ] GC(553)   Other: 0.2ms
[2024-08-28T13:04:15.025+0000][info][gc,heap        ] GC(553) Eden regions: 12->0(44)
[2024-08-28T13:04:15.025+0000][info][gc,heap        ] GC(553) Survivor regions: 7->7(7)
[2024-08-28T13:04:15.025+0000][info][gc,heap        ] GC(553) Old regions: 976->888
[2024-08-28T13:04:15.025+0000][info][gc,heap        ] GC(553) Archive regions: 2->2
[2024-08-28T13:04:15.025+0000][info][gc,heap        ] GC(553) Humongous regions: 5->5
[2024-08-28T13:04:15.025+0000][info][gc,metaspace   ] GC(553) Metaspace: 100K(320K)->100K(320K) NonClass: 96K(192K)->96K(192K) Class: 4K(128K)->4K(128K)
[2024-08-28T13:04:15.025+0000][info][gc             ] GC(553) Pause Young (Mixed) (G1 Preventive Collection) 999M->900M(1024M) 5.918ms
[2024-08-28T13:04:15.025+0000][info][gc,cpu         ] GC(553) User=0.12s Sys=0.00s Real=0.00s
[2024-08-28T13:04:15.048+0000][info][gc,start       ] GC(554) Pause Young (Mixed) (G1 Evacuation Pause)
[2024-08-28T13:04:15.048+0000][info][gc,task        ] GC(554) Using 24 workers of 68 for evacuation
[2024-08-28T13:04:15.059+0000][info][gc,phases      ] GC(554)   Pre Evacuate Collection Set: 0.2ms
[2024-08-28T13:04:15.059+0000][info][gc,phases      ] GC(554)   Merge Heap Roots: 0.4ms
[2024-08-28T13:04:15.059+0000][info][gc,phases      ] GC(554)   Evacuate Collection Set: 9.8ms
[2024-08-28T13:04:15.059+0000][info][gc,phases      ] GC(554)   Post Evacuate Collection Set: 0.4ms
[2024-08-28T13:04:15.059+0000][info][gc,phases      ] GC(554)   Other: 0.2ms
[2024-08-28T13:04:15.059+0000][info][gc,heap        ] GC(554) Eden regions: 44->0(44)
[2024-08-28T13:04:15.059+0000][info][gc,heap        ] GC(554) Survivor regions: 7->7(7)
[2024-08-28T13:04:15.059+0000][info][gc,heap        ] GC(554) Old regions: 888->830
[2024-08-28T13:04:15.059+0000][info][gc,heap        ] GC(554) Archive regions: 2->2
[2024-08-28T13:04:15.059+0000][info][gc,heap        ] GC(554) Humongous regions: 5->5
[2024-08-28T13:04:15.059+0000][info][gc,metaspace   ] GC(554) Metaspace: 100K(320K)->100K(320K) NonClass: 96K(192K)->96K(192K) Class: 4K(128K)->4K(128K)
[2024-08-28T13:04:15.059+0000][info][gc             ] GC(554) Pause Young (Mixed) (G1 Evacuation Pause) 944M->842M(1024M) 11.168ms
[2024-08-28T13:04:15.059+0000][info][gc,cpu         ] GC(554) User=0.24s Sys=0.00s Real=0.02s
[2024-08-28T13:04:15.082+0000][info][gc,start       ] GC(555) Pause Young (Mixed) (G1 Evacuation Pause)
[2024-08-28T13:04:15.082+0000][info][gc,task        ] GC(555) Using 24 workers of 68 for evacuation
[2024-08-28T13:04:15.096+0000][info][gc,phases      ] GC(555)   Pre Evacuate Collection Set: 0.2ms
[2024-08-28T13:04:15.096+0000][info][gc,phases      ] GC(555)   Merge Heap Roots: 0.5ms
[2024-08-28T13:04:15.096+0000][info][gc,phases      ] GC(555)   Evacuate Collection Set: 12.2ms
[2024-08-28T13:04:15.096+0000][info][gc,phases      ] GC(555)   Post Evacuate Collection Set: 0.4ms
[2024-08-28T13:04:15.096+0000][info][gc,phases      ] GC(555)   Other: 0.3ms
[2024-08-28T13:04:15.096+0000][info][gc,heap        ] GC(555) Eden regions: 44->0(44)
[2024-08-28T13:04:15.096+0000][info][gc,heap        ] GC(555) Survivor regions: 7->7(7)
[2024-08-28T13:04:15.096+0000][info][gc,heap        ] GC(555) Old regions: 830->791
[2024-08-28T13:04:15.096+0000][info][gc,heap        ] GC(555) Archive regions: 2->2
[2024-08-28T13:04:15.096+0000][info][gc,heap        ] GC(555) Humongous regions: 5->5
[2024-08-28T13:04:15.096+0000][info][gc,metaspace   ] GC(555) Metaspace: 100K(320K)->100K(320K) NonClass: 96K(192K)->96K(192K) Class: 4K(128K)->4K(128K)
[2024-08-28T13:04:15.096+0000][info][gc             ] GC(555) Pause Young (Mixed) (G1 Evacuation Pause) 886M->803M(1024M) 13.556ms
[2024-08-28T13:04:15.096+0000][info][gc,cpu         ] GC(555) User=0.30s Sys=0.00s Real=0.01s
[2024-08-28T13:04:15.119+0000][info][gc,start       ] GC(556) Pause Young (Mixed) (G1 Evacuation Pause)
[2024-08-28T13:04:15.119+0000][info][gc,task        ] GC(556) Using 24 workers of 68 for evacuation
[2024-08-28T13:04:15.133+0000][info][gc,phases      ] GC(556)   Pre Evacuate Collection Set: 0.2ms
[2024-08-28T13:04:15.133+0000][info][gc,phases      ] GC(556)   Merge Heap Roots: 0.4ms
[2024-08-28T13:04:15.133+0000][info][gc,phases      ] GC(556)   Evacuate Collection Set: 12.8ms
[2024-08-28T13:04:15.133+0000][info][gc,phases      ] GC(556)   Post Evacuate Collection Set: 0.4ms
[2024-08-28T13:04:15.133+0000][info][gc,phases      ] GC(556)   Other: 0.2ms
[2024-08-28T13:04:15.133+0000][info][gc,heap        ] GC(556) Eden regions: 44->0(44)
[2024-08-28T13:04:15.133+0000][info][gc,heap        ] GC(556) Survivor regions: 7->7(7)
[2024-08-28T13:04:15.133+0000][info][gc,heap        ] GC(556) Old regions: 791->808
[2024-08-28T13:04:15.133+0000][info][gc,heap        ] GC(556) Archive regions: 2->2
[2024-08-28T13:04:15.133+0000][info][gc,heap        ] GC(556) Humongous regions: 5->5
[2024-08-28T13:04:15.133+0000][info][gc,metaspace   ] GC(556) Metaspace: 100K(320K)->100K(320K) NonClass: 96K(192K)->96K(192K) Class: 4K(128K)->4K(128K)
[2024-08-28T13:04:15.133+0000][info][gc             ] GC(556) Pause Young (Mixed) (G1 Evacuation Pause) 847M->820M(1024M) 13.996ms
[2024-08-28T13:04:15.133+0000][info][gc,cpu         ] GC(556) User=0.31s Sys=0.00s Real=0.01s
[2024-08-28T13:04:15.156+0000][info][gc,start       ] GC(557) Pause Young (Concurrent Start) (G1 Evacuation Pause)
[2024-08-28T13:04:15.156+0000][info][gc,task        ] GC(557) Using 24 workers of 68 for evacuation
[2024-08-28T13:04:15.168+0000][info][gc,phases      ] GC(557)   Pre Evacuate Collection Set: 0.2ms
[2024-08-28T13:04:15.168+0000][info][gc,phases      ] GC(557)   Merge Heap Roots: 0.4ms
[2024-08-28T13:04:15.168+0000][info][gc,phases      ] GC(557)   Evacuate Collection Set: 10.1ms
[2024-08-28T13:04:15.168+0000][info][gc,phases      ] GC(557)   Post Evacuate Collection Set: 0.3ms
[2024-08-28T13:04:15.168+0000][info][gc,phases      ] GC(557)   Other: 0.6ms
[2024-08-28T13:04:15.168+0000][info][gc,heap        ] GC(557) Eden regions: 44->0(44)
[2024-08-28T13:04:15.168+0000][info][gc,heap        ] GC(557) Survivor regions: 7->7(7)
[2024-08-28T13:04:15.168+0000][info][gc,heap        ] GC(557) Old regions: 808->857
[2024-08-28T13:04:15.168+0000][info][gc,heap        ] GC(557) Archive regions: 2->2
[2024-08-28T13:04:15.168+0000][info][gc,heap        ] GC(557) Humongous regions: 5->5
[2024-08-28T13:04:15.168+0000][info][gc,metaspace   ] GC(557) Metaspace: 100K(320K)->100K(320K) NonClass: 96K(192K)->96K(192K) Class: 4K(128K)->4K(128K)
[2024-08-28T13:04:15.168+0000][info][gc             ] GC(557) Pause Young (Concurrent Start) (G1 Evacuation Pause) 864M->869M(1024M) 11.619ms
[2024-08-28T13:04:15.168+0000][info][gc,cpu         ] GC(557) User=0.25s Sys=0.00s Real=0.01s
[2024-08-28T13:04:15.168+0000][info][gc             ] GC(558) Concurrent Mark Cycle
[2024-08-28T13:04:15.168+0000][info][gc,marking     ] GC(558) Concurrent Clear Claimed Marks
[2024-08-28T13:04:15.168+0000][info][gc,marking     ] GC(558) Concurrent Clear Claimed Marks 0.013ms
[2024-08-28T13:04:15.168+0000][info][gc,marking     ] GC(558) Concurrent Scan Root Regions
[2024-08-28T13:04:15.170+0000][info][gc,marking     ] GC(558) Concurrent Scan Root Regions 1.745ms
[2024-08-28T13:04:15.170+0000][info][gc,marking     ] GC(558) Concurrent Mark
[2024-08-28T13:04:15.170+0000][info][gc,marking     ] GC(558) Concurrent Mark From Roots
[2024-08-28T13:04:15.170+0000][info][gc,task        ] GC(558) Using 17 workers of 17 for marking
[2024-08-28T13:04:15.197+0000][info][gc,marking     ] GC(558) Concurrent Mark From Roots 27.111ms
[2024-08-28T13:04:15.197+0000][info][gc,marking     ] GC(558) Concurrent Preclean
[2024-08-28T13:04:15.198+0000][info][gc,marking     ] GC(558) Concurrent Preclean 0.511ms
[2024-08-28T13:04:15.198+0000][info][gc,start       ] GC(558) Pause Remark
[2024-08-28T13:04:15.199+0000][info][gc             ] GC(558) Pause Remark 907M->907M(1024M) 1.314ms
[2024-08-28T13:04:15.199+0000][info][gc,cpu         ] GC(558) User=0.01s Sys=0.01s Real=0.00s
[2024-08-28T13:04:15.199+0000][info][gc,marking     ] GC(558) Concurrent Mark 29.274ms
[2024-08-28T13:04:15.199+0000][info][gc,marking     ] GC(558) Concurrent Rebuild Remembered Sets
[2024-08-28T13:04:15.203+0000][info][gc,start       ] GC(559) Pause Young (Normal) (G1 Evacuation Pause)
[2024-08-28T13:04:15.203+0000][info][gc,task        ] GC(559) Using 24 workers of 68 for evacuation
[2024-08-28T13:04:15.213+0000][info][gc,phases      ] GC(559)   Pre Evacuate Collection Set: 0.1ms
[2024-08-28T13:04:15.213+0000][info][gc,phases      ] GC(559)   Merge Heap Roots: 0.3ms
[2024-08-28T13:04:15.213+0000][info][gc,phases      ] GC(559)   Evacuate Collection Set: 9.7ms
[2024-08-28T13:04:15.213+0000][info][gc,phases      ] GC(559)   Post Evacuate Collection Set: 0.4ms
[2024-08-28T13:04:15.213+0000][info][gc,phases      ] GC(559)   Other: 0.1ms
[2024-08-28T13:04:15.213+0000][info][gc,heap        ] GC(559) Eden regions: 44->0(44)
[2024-08-28T13:04:15.213+0000][info][gc,heap        ] GC(559) Survivor regions: 7->7(7)
[2024-08-28T13:04:15.213+0000][info][gc,heap        ] GC(559) Old regions: 857->904
[2024-08-28T13:04:15.213+0000][info][gc,heap        ] GC(559) Archive regions: 2->2
[2024-08-28T13:04:15.213+0000][info][gc,heap        ] GC(559) Humongous regions: 5->5
[2024-08-28T13:04:15.213+0000][info][gc,metaspace   ] GC(559) Metaspace: 100K(320K)->100K(320K) NonClass: 96K(192K)->96K(192K) Class: 4K(128K)->4K(128K)
[2024-08-28T13:04:15.214+0000][info][gc             ] GC(559) Pause Young (Normal) (G1 Evacuation Pause) 913M->916M(1024M) 10.773ms
[2024-08-28T13:04:15.214+0000][info][gc,cpu         ] GC(559) User=0.24s Sys=0.00s Real=0.01s
[2024-08-28T13:04:15.239+0000][info][gc,start       ] GC(560) Pause Young (Normal) (G1 Evacuation Pause)
[2024-08-28T13:04:15.239+0000][info][gc,task        ] GC(560) Using 24 workers of 68 for evacuation
[2024-08-28T13:04:15.254+0000][info][gc,phases      ] GC(560)   Pre Evacuate Collection Set: 0.1ms
[2024-08-28T13:04:15.254+0000][info][gc,phases      ] GC(560)   Merge Heap Roots: 0.5ms
[2024-08-28T13:04:15.254+0000][info][gc,phases      ] GC(560)   Evacuate Collection Set: 13.1ms
[2024-08-28T13:04:15.254+0000][info][gc,phases      ] GC(560)   Post Evacuate Collection Set: 0.5ms
[2024-08-28T13:04:15.254+0000][info][gc,phases      ] GC(560)   Other: 0.2ms
[2024-08-28T13:04:15.254+0000][info][gc,heap        ] GC(560) Eden regions: 44->0(44)
[2024-08-28T13:04:15.254+0000][info][gc,heap        ] GC(560) Survivor regions: 7->7(7)
[2024-08-28T13:04:15.254+0000][info][gc,heap        ] GC(560) Old regions: 904->950
[2024-08-28T13:04:15.254+0000][info][gc,heap        ] GC(560) Archive regions: 2->2
[2024-08-28T13:04:15.254+0000][info][gc,heap        ] GC(560) Humongous regions: 5->5
[2024-08-28T13:04:15.254+0000][info][gc,metaspace   ] GC(560) Metaspace: 100K(320K)->100K(320K) NonClass: 96K(192K)->96K(192K) Class: 4K(128K)->4K(128K)
[2024-08-28T13:04:15.254+0000][info][gc             ] GC(560) Pause Young (Normal) (G1 Evacuation Pause) 960M->962M(1024M) 14.546ms
[2024-08-28T13:04:15.254+0000][info][gc,cpu         ] GC(560) User=0.31s Sys=0.01s Real=0.01s
[2024-08-28T13:04:15.268+0000][info][gc,start       ] GC(561) Pause Young (Normal) (G1 Preventive Collection)
[2024-08-28T13:04:15.268+0000][info][gc,task        ] GC(561) Using 24 workers of 68 for evacuation
[2024-08-28T13:04:15.281+0000][info][gc,phases      ] GC(561)   Pre Evacuate Collection Set: 0.1ms
[2024-08-28T13:04:15.281+0000][info][gc,phases      ] GC(561)   Merge Heap Roots: 0.4ms
[2024-08-28T13:04:15.281+0000][info][gc,phases      ] GC(561)   Evacuate Collection Set: 11.1ms
[2024-08-28T13:04:15.281+0000][info][gc,phases      ] GC(561)   Post Evacuate Collection Set: 0.6ms
[2024-08-28T13:04:15.281+0000][info][gc,phases      ] GC(561)   Other: 0.2ms
[2024-08-28T13:04:15.281+0000][info][gc,heap        ] GC(561) Eden regions: 25->0(44)
[2024-08-28T13:04:15.281+0000][info][gc,heap        ] GC(561) Survivor regions: 7->7(7)
[2024-08-28T13:04:15.281+0000][info][gc,heap        ] GC(561) Old regions: 950->978
[2024-08-28T13:04:15.281+0000][info][gc,heap        ] GC(561) Archive regions: 2->2
[2024-08-28T13:04:15.281+0000][info][gc,heap        ] GC(561) Humongous regions: 5->5
[2024-08-28T13:04:15.281+0000][info][gc,metaspace   ] GC(561) Metaspace: 100K(320K)->100K(320K) NonClass: 96K(192K)->96K(192K) Class: 4K(128K)->4K(128K)
[2024-08-28T13:04:15.281+0000][info][gc             ] GC(561) Pause Young (Normal) (G1 Preventive Collection) 987M->990M(1024M) 12.432ms
[2024-08-28T13:04:15.281+0000][info][gc,cpu         ] GC(561) User=0.28s Sys=0.00s Real=0.02s
[2024-08-28T13:04:15.288+0000][info][gc,start       ] GC(562) Pause Young (Normal) (G1 Preventive Collection)
[2024-08-28T13:04:15.288+0000][info][gc,task        ] GC(562) Using 24 workers of 68 for evacuation
[2024-08-28T13:04:15.297+0000][info][gc,phases      ] GC(562)   Pre Evacuate Collection Set: 0.1ms
[2024-08-28T13:04:15.297+0000][info][gc,phases      ] GC(562)   Merge Heap Roots: 0.6ms
[2024-08-28T13:04:15.297+0000][info][gc,phases      ] GC(562)   Evacuate Collection Set: 8.5ms
[2024-08-28T13:04:15.297+0000][info][gc,phases      ] GC(562)   Post Evacuate Collection Set: 0.5ms
[2024-08-28T13:04:15.297+0000][info][gc,phases      ] GC(562)   Other: 0.1ms
[2024-08-28T13:04:15.297+0000][info][gc,heap        ] GC(562) Eden regions: 11->0(44)
[2024-08-28T13:04:15.297+0000][info][gc,heap        ] GC(562) Survivor regions: 7->7(7)
[2024-08-28T13:04:15.297+0000][info][gc,heap        ] GC(562) Old regions: 978->991
[2024-08-28T13:04:15.297+0000][info][gc,heap        ] GC(562) Archive regions: 2->2
[2024-08-28T13:04:15.297+0000][info][gc,heap        ] GC(562) Humongous regions: 5->5
[2024-08-28T13:04:15.297+0000][info][gc,metaspace   ] GC(562) Metaspace: 100K(320K)->100K(320K) NonClass: 96K(192K)->96K(192K) Class: 4K(128K)->4K(128K)
[2024-08-28T13:04:15.297+0000][info][gc             ] GC(562) Pause Young (Normal) (G1 Preventive Collection) 1001M->1003M(1024M) 9.954ms
[2024-08-28T13:04:15.297+0000][info][gc,cpu         ] GC(562) User=0.22s Sys=0.00s Real=0.02s
[2024-08-28T13:04:15.301+0000][info][gc,start       ] GC(563) Pause Young (Normal) (G1 Preventive Collection)
[2024-08-28T13:04:15.301+0000][info][gc,task        ] GC(563) Using 24 workers of 68 for evacuation
[2024-08-28T13:04:15.309+0000][info][gc             ] GC(563) To-space exhausted
[2024-08-28T13:04:15.309+0000][info][gc,phases      ] GC(563)   Pre Evacuate Collection Set: 0.1ms
[2024-08-28T13:04:15.309+0000][info][gc,phases      ] GC(563)   Merge Heap Roots: 0.4ms
[2024-08-28T13:04:15.309+0000][info][gc,phases      ] GC(563)   Evacuate Collection Set: 6.9ms
[2024-08-28T13:04:15.309+0000][info][gc,phases      ] GC(563)   Post Evacuate Collection Set: 0.8ms
[2024-08-28T13:04:15.309+0000][info][gc,phases      ] GC(563)   Other: 0.1ms
[2024-08-28T13:04:15.309+0000][info][gc,heap        ] GC(563) Eden regions: 5->0(46)
[2024-08-28T13:04:15.309+0000][info][gc,heap        ] GC(563) Survivor regions: 7->5(7)
[2024-08-28T13:04:15.309+0000][info][gc,heap        ] GC(563) Old regions: 991->1012
[2024-08-28T13:04:15.309+0000][info][gc,heap        ] GC(563) Archive regions: 2->2
[2024-08-28T13:04:15.309+0000][info][gc,heap        ] GC(563) Humongous regions: 5->5
[2024-08-28T13:04:15.309+0000][info][gc,metaspace   ] GC(563) Metaspace: 100K(320K)->100K(320K) NonClass: 96K(192K)->96K(192K) Class: 4K(128K)->4K(128K)
[2024-08-28T13:04:15.309+0000][info][gc             ] GC(563) Pause Young (Normal) (G1 Preventive Collection) 1008M->1022M(1024M) 8.418ms
[2024-08-28T13:04:15.309+0000][info][gc,cpu         ] GC(563) User=0.18s Sys=0.00s Real=0.00s
[2024-08-28T13:04:15.309+0000][info][gc,ergo        ] Attempting full compaction
[2024-08-28T13:04:15.309+0000][info][gc,task        ] GC(564) Using 24 workers of 68 for full compaction
[2024-08-28T13:04:15.309+0000][info][gc,start       ] GC(564) Pause Full (G1 Compaction Pause)
[2024-08-28T13:04:15.310+0000][info][gc,phases,start] GC(564) Phase 1: Mark live objects
[2024-08-28T13:04:15.325+0000][info][gc,phases      ] GC(564) Phase 1: Mark live objects 15.103ms
[2024-08-28T13:04:15.325+0000][info][gc,phases,start] GC(564) Phase 2: Prepare for compaction
[2024-08-28T13:04:15.334+0000][info][gc,phases      ] GC(564) Phase 2: Prepare for compaction 9.117ms
[2024-08-28T13:04:15.334+0000][info][gc,phases,start] GC(564) Phase 3: Adjust pointers
[2024-08-28T13:04:15.352+0000][info][gc,phases      ] GC(564) Phase 3: Adjust pointers 17.292ms
[2024-08-28T13:04:15.352+0000][info][gc,phases,start] GC(564) Phase 4: Compact heap
[2024-08-28T13:04:15.384+0000][info][gc,phases      ] GC(564) Phase 4: Compact heap 32.304ms
[2024-08-28T13:04:15.385+0000][info][gc,heap        ] GC(564) Eden regions: 0->0(151)
[2024-08-28T13:04:15.385+0000][info][gc,heap        ] GC(564) Survivor regions: 5->0(7)
[2024-08-28T13:04:15.385+0000][info][gc,heap        ] GC(564) Old regions: 1012->440
[2024-08-28T13:04:15.385+0000][info][gc,heap        ] GC(564) Archive regions: 2->2
[2024-08-28T13:04:15.385+0000][info][gc,heap        ] GC(564) Humongous regions: 5->5
[2024-08-28T13:04:15.385+0000][info][gc,metaspace   ] GC(564) Metaspace: 100K(320K)->100K(320K) NonClass: 96K(192K)->96K(192K) Class: 4K(128K)->4K(128K)
[2024-08-28T13:04:15.385+0000][info][gc             ] GC(564) Pause Full (G1 Compaction Pause) 1022M->435M(1024M) 75.979ms
[2024-08-28T13:04:15.385+0000][info][gc,cpu         ] GC(564) User=1.59s Sys=0.00s Real=0.08s
[2024-08-28T13:04:15.386+0000][info][gc,marking     ] GC(558) Concurrent Rebuild Remembered Sets 186.377ms
[2024-08-28T13:04:15.386+0000][info][gc,marking     ] GC(558) Concurrent Mark Abort
[2024-08-28T13:04:15.386+0000][info][gc             ] GC(558) Concurrent Mark Cycle 217.586ms
[2024-08-28T13:04:15.474+0000][info][gc,start       ] GC(565) Pause Young (Normal) (G1 Evacuation Pause)
[2024-08-28T13:04:15.474+0000][info][gc,task        ] GC(565) Using 24 workers of 68 for evacuation
[2024-08-28T13:04:15.497+0000][info][gc,phases      ] GC(565)   Pre Evacuate Collection Set: 0.2ms
[2024-08-28T13:04:15.497+0000][info][gc,phases      ] GC(565)   Merge Heap Roots: 0.4ms
[2024-08-28T13:04:15.497+0000][info][gc,phases      ] GC(565)   Evacuate Collection Set: 21.6ms
[2024-08-28T13:04:15.497+0000][info][gc,phases      ] GC(565)   Post Evacuate Collection Set: 0.3ms
[2024-08-28T13:04:15.497+0000][info][gc,phases      ] GC(565)   Other: 0.2ms
[2024-08-28T13:04:15.497+0000][info][gc,heap        ] GC(565) Eden regions: 151->0(104)
[2024-08-28T13:04:15.497+0000][info][gc,heap        ] GC(565) Survivor regions: 0->19(19)
[2024-08-28T13:04:15.497+0000][info][gc,heap        ] GC(565) Old regions: 440->568
[2024-08-28T13:04:15.497+0000][info][gc,heap        ] GC(565) Archive regions: 2->2
[2024-08-28T13:04:15.497+0000][info][gc,heap        ] GC(565) Humongous regions: 5->5
[2024-08-28T13:04:15.497+0000][info][gc,metaspace   ] GC(565) Metaspace: 100K(320K)->100K(320K) NonClass: 96K(192K)->96K(192K) Class: 4K(128K)->4K(128K)
[2024-08-28T13:04:15.497+0000][info][gc             ] GC(565) Pause Young (Normal) (G1 Evacuation Pause) 586M->582M(1024M) 22.833ms
[2024-08-28T13:04:15.497+0000][info][gc,cpu         ] GC(565) User=0.52s Sys=0.00s Real=0.02s
[2024-08-28T13:04:15.556+0000][info][gc,start       ] GC(566) Pause Young (Concurrent Start) (G1 Evacuation Pause)
[2024-08-28T13:04:15.556+0000][info][gc,task        ] GC(566) Using 24 workers of 68 for evacuation
[2024-08-28T13:04:15.576+0000][info][gc,phases      ] GC(566)   Pre Evacuate Collection Set: 0.2ms
[2024-08-28T13:04:15.576+0000][info][gc,phases      ] GC(566)   Merge Heap Roots: 0.3ms
[2024-08-28T13:04:15.576+0000][info][gc,phases      ] GC(566)   Evacuate Collection Set: 19.1ms
[2024-08-28T13:04:15.577+0000][info][gc,phases      ] GC(566)   Post Evacuate Collection Set: 0.3ms
[2024-08-28T13:04:15.577+0000][info][gc,phases      ] GC(566)   Other: 0.6ms
[2024-08-28T13:04:15.577+0000][info][gc,heap        ] GC(566) Eden regions: 104->0(70)
[2024-08-28T13:04:15.577+0000][info][gc,heap        ] GC(566) Survivor regions: 19->16(16)
[2024-08-28T13:04:15.577+0000][info][gc,heap        ] GC(566) Old regions: 568->676
[2024-08-28T13:04:15.577+0000][info][gc,heap        ] GC(566) Archive regions: 2->2
[2024-08-28T13:04:15.577+0000][info][gc,heap        ] GC(566) Humongous regions: 5->5
[2024-08-28T13:04:15.577+0000][info][gc,metaspace   ] GC(566) Metaspace: 100K(320K)->100K(320K) NonClass: 96K(192K)->96K(192K) Class: 4K(128K)->4K(128K)
[2024-08-28T13:04:15.577+0000][info][gc             ] GC(566) Pause Young (Concurrent Start) (G1 Evacuation Pause) 686M->687M(1024M) 20.593ms
[2024-08-28T13:04:15.577+0000][info][gc,cpu         ] GC(566) User=0.47s Sys=0.00s Real=0.02s
[2024-08-28T13:04:15.577+0000][info][gc             ] GC(567) Concurrent Mark Cycle
[2024-08-28T13:04:15.577+0000][info][gc,marking     ] GC(567) Concurrent Clear Claimed Marks
[2024-08-28T13:04:15.577+0000][info][gc,marking     ] GC(567) Concurrent Clear Claimed Marks 0.010ms
[2024-08-28T13:04:15.577+0000][info][gc,marking     ] GC(567) Concurrent Scan Root Regions
[2024-08-28T13:04:15.580+0000][info][gc,marking     ] GC(567) Concurrent Scan Root Regions 3.751ms
[2024-08-28T13:04:15.580+0000][info][gc,marking     ] GC(567) Concurrent Mark
[2024-08-28T13:04:15.580+0000][info][gc,marking     ] GC(567) Concurrent Mark From Roots
[2024-08-28T13:04:15.580+0000][info][gc,task        ] GC(567) Using 17 workers of 17 for marking
[2024-08-28T13:04:15.604+0000][info][gc,marking     ] GC(567) Concurrent Mark From Roots 23.878ms
[2024-08-28T13:04:15.604+0000][info][gc,marking     ] GC(567) Concurrent Preclean
[2024-08-28T13:04:15.605+0000][info][gc,marking     ] GC(567) Concurrent Preclean 0.501ms
[2024-08-28T13:04:15.605+0000][info][gc,start       ] GC(567) Pause Remark
[2024-08-28T13:04:15.606+0000][info][gc             ] GC(567) Pause Remark 723M->723M(1024M) 1.173ms
[2024-08-28T13:04:15.606+0000][info][gc,cpu         ] GC(567) User=0.00s Sys=0.00s Real=0.00s
[2024-08-28T13:04:15.606+0000][info][gc,marking     ] GC(567) Concurrent Mark 25.904ms
[2024-08-28T13:04:15.606+0000][info][gc,marking     ] GC(567) Concurrent Rebuild Remembered Sets
[2024-08-28T13:04:15.627+0000][info][gc,start       ] GC(568) Pause Young (Normal) (G1 Evacuation Pause)
[2024-08-28T13:04:15.627+0000][info][gc,task        ] GC(568) Using 24 workers of 68 for evacuation
[2024-08-28T13:04:15.643+0000][info][gc,phases      ] GC(568)   Pre Evacuate Collection Set: 0.1ms
[2024-08-28T13:04:15.643+0000][info][gc,phases      ] GC(568)   Merge Heap Roots: 0.4ms
[2024-08-28T13:04:15.643+0000][info][gc,phases      ] GC(568)   Evacuate Collection Set: 15.5ms
[2024-08-28T13:04:15.643+0000][info][gc,phases      ] GC(568)   Post Evacuate Collection Set: 0.5ms
[2024-08-28T13:04:15.643+0000][info][gc,phases      ] GC(568)   Other: 0.2ms
[2024-08-28T13:04:15.643+0000][info][gc,heap        ] GC(568) Eden regions: 70->0(46)
[2024-08-28T13:04:15.643+0000][info][gc,heap        ] GC(568) Survivor regions: 16->11(11)
[2024-08-28T13:04:15.643+0000][info][gc,heap        ] GC(568) Old regions: 676->756
[2024-08-28T13:04:15.643+0000][info][gc,heap        ] GC(568) Archive regions: 2->2
[2024-08-28T13:04:15.643+0000][info][gc,heap        ] GC(568) Humongous regions: 5->5
[2024-08-28T13:04:15.643+0000][info][gc,metaspace   ] GC(568) Metaspace: 100K(320K)->100K(320K) NonClass: 96K(192K)->96K(192K) Class: 4K(128K)->4K(128K)
[2024-08-28T13:04:15.643+0000][info][gc             ] GC(568) Pause Young (Normal) (G1 Evacuation Pause) 757M->762M(1024M) 16.817ms
[2024-08-28T13:04:15.643+0000][info][gc,cpu         ] GC(568) User=0.39s Sys=0.00s Real=0.02s
[2024-08-28T13:04:15.670+0000][info][gc,start       ] GC(569) Pause Young (Normal) (G1 Evacuation Pause)
[2024-08-28T13:04:15.670+0000][info][gc,task        ] GC(569) Using 24 workers of 68 for evacuation
[2024-08-28T13:04:15.691+0000][info][gc,phases      ] GC(569)   Pre Evacuate Collection Set: 0.1ms
[2024-08-28T13:04:15.691+0000][info][gc,phases      ] GC(569)   Merge Heap Roots: 0.4ms
[2024-08-28T13:04:15.691+0000][info][gc,phases      ] GC(569)   Evacuate Collection Set: 19.4ms
[2024-08-28T13:04:15.691+0000][info][gc,phases      ] GC(569)   Post Evacuate Collection Set: 0.6ms
[2024-08-28T13:04:15.691+0000][info][gc,phases      ] GC(569)   Other: 0.2ms
[2024-08-28T13:04:15.691+0000][info][gc,heap        ] GC(569) Eden regions: 46->0(43)
[2024-08-28T13:04:15.691+0000][info][gc,heap        ] GC(569) Survivor regions: 11->8(8)
[2024-08-28T13:04:15.691+0000][info][gc,heap        ] GC(569) Old regions: 756->809
[2024-08-28T13:04:15.691+0000][info][gc,heap        ] GC(569) Archive regions: 2->2
[2024-08-28T13:04:15.691+0000][info][gc,heap        ] GC(569) Humongous regions: 5->5
[2024-08-28T13:04:15.691+0000][info][gc,metaspace   ] GC(569) Metaspace: 100K(320K)->100K(320K) NonClass: 96K(192K)->96K(192K) Class: 4K(128K)->4K(128K)
[2024-08-28T13:04:15.691+0000][info][gc             ] GC(569) Pause Young (Normal) (G1 Evacuation Pause) 808M->812M(1024M) 20.764ms
[2024-08-28T13:04:15.691+0000][info][gc,cpu         ] GC(569) User=0.46s Sys=0.02s Real=0.02s
[2024-08-28T13:04:15.705+0000][info][gc,marking     ] GC(567) Concurrent Rebuild Remembered Sets 98.568ms
[2024-08-28T13:04:15.705+0000][info][gc,start       ] GC(567) Pause Cleanup
[2024-08-28T13:04:15.706+0000][info][gc             ] GC(567) Pause Cleanup 830M->830M(1024M) 1.119ms
[2024-08-28T13:04:15.706+0000][info][gc,cpu         ] GC(567) User=0.00s Sys=0.00s Real=0.00s
[2024-08-28T13:04:15.706+0000][info][gc,marking     ] GC(567) Concurrent Cleanup for Next Mark
[2024-08-28T13:04:15.707+0000][info][gc,marking     ] GC(567) Concurrent Cleanup for Next Mark 0.797ms
[2024-08-28T13:04:15.707+0000][info][gc             ] GC(567) Concurrent Mark Cycle 130.608ms
[2024-08-28T13:04:15.727+0000][info][gc,start       ] GC(570) Pause Young (Prepare Mixed) (G1 Evacuation Pause)
[2024-08-28T13:04:15.727+0000][info][gc,task        ] GC(570) Using 24 workers of 68 for evacuation
[2024-08-28T13:04:15.743+0000][info][gc,phases      ] GC(570)   Pre Evacuate Collection Set: 0.1ms
[2024-08-28T13:04:15.743+0000][info][gc,phases      ] GC(570)   Merge Heap Roots: 0.5ms
[2024-08-28T13:04:15.743+0000][info][gc,phases      ] GC(570)   Evacuate Collection Set: 14.6ms
[2024-08-28T13:04:15.743+0000][info][gc,phases      ] GC(570)   Post Evacuate Collection Set: 0.3ms
[2024-08-28T13:04:15.743+0000][info][gc,phases      ] GC(570)   Other: 0.2ms
[2024-08-28T13:04:15.743+0000][info][gc,heap        ] GC(570) Eden regions: 43->0(44)
[2024-08-28T13:04:15.743+0000][info][gc,heap        ] GC(570) Survivor regions: 8->7(7)
[2024-08-28T13:04:15.743+0000][info][gc,heap        ] GC(570) Old regions: 809->856
[2024-08-28T13:04:15.743+0000][info][gc,heap        ] GC(570) Archive regions: 2->2
[2024-08-28T13:04:15.743+0000][info][gc,heap        ] GC(570) Humongous regions: 5->5
[2024-08-28T13:04:15.743+0000][info][gc,metaspace   ] GC(570) Metaspace: 100K(320K)->100K(320K) NonClass: 96K(192K)->96K(192K) Class: 4K(128K)->4K(128K)
[2024-08-28T13:04:15.743+0000][info][gc             ] GC(570) Pause Young (Prepare Mixed) (G1 Evacuation Pause) 855M->858M(1024M) 15.785ms
[2024-08-28T13:04:15.743+0000][info][gc,cpu         ] GC(570) User=0.22s Sys=0.13s Real=0.02s
[2024-08-28T13:04:15.769+0000][info][gc,start       ] GC(571) Pause Young (Mixed) (G1 Evacuation Pause)
[2024-08-28T13:04:15.769+0000][info][gc,task        ] GC(571) Using 24 workers of 68 for evacuation
[2024-08-28T13:04:15.782+0000][info][gc,phases      ] GC(571)   Pre Evacuate Collection Set: 0.2ms
[2024-08-28T13:04:15.782+0000][info][gc,phases      ] GC(571)   Merge Heap Roots: 0.4ms
[2024-08-28T13:04:15.782+0000][info][gc,phases      ] GC(571)   Evacuate Collection Set: 11.6ms
[2024-08-28T13:04:15.782+0000][info][gc,phases      ] GC(571)   Post Evacuate Collection Set: 0.4ms
[2024-08-28T13:04:15.782+0000][info][gc,phases      ] GC(571)   Other: 0.2ms
[2024-08-28T13:04:15.782+0000][info][gc,heap        ] GC(571) Eden regions: 44->0(44)
[2024-08-28T13:04:15.782+0000][info][gc,heap        ] GC(571) Survivor regions: 7->7(7)
[2024-08-28T13:04:15.782+0000][info][gc,heap        ] GC(571) Old regions: 856->800
[2024-08-28T13:04:15.782+0000][info][gc,heap        ] GC(571) Archive regions: 2->2
[2024-08-28T13:04:15.782+0000][info][gc,heap        ] GC(571) Humongous regions: 5->5
[2024-08-28T13:04:15.782+0000][info][gc,metaspace   ] GC(571) Metaspace: 100K(320K)->100K(320K) NonClass: 96K(192K)->96K(192K) Class: 4K(128K)->4K(128K)
[2024-08-28T13:04:15.782+0000][info][gc             ] GC(571) Pause Young (Mixed) (G1 Evacuation Pause) 902M->807M(1024M) 12.900ms
[2024-08-28T13:04:15.782+0000][info][gc,cpu         ] GC(571) User=0.26s Sys=0.03s Real=0.02s
[2024-08-28T13:04:15.807+0000][info][gc,start       ] GC(572) Pause Young (Mixed) (G1 Evacuation Pause)
[2024-08-28T13:04:15.807+0000][info][gc,task        ] GC(572) Using 24 workers of 68 for evacuation
[2024-08-28T13:04:15.819+0000][info][gc,phases      ] GC(572)   Pre Evacuate Collection Set: 0.2ms
[2024-08-28T13:04:15.819+0000][info][gc,phases      ] GC(572)   Merge Heap Roots: 0.5ms
[2024-08-28T13:04:15.819+0000][info][gc,phases      ] GC(572)   Evacuate Collection Set: 11.1ms
[2024-08-28T13:04:15.819+0000][info][gc,phases      ] GC(572)   Post Evacuate Collection Set: 0.4ms
[2024-08-28T13:04:15.819+0000][info][gc,phases      ] GC(572)   Other: 0.2ms
[2024-08-28T13:04:15.819+0000][info][gc,heap        ] GC(572) Eden regions: 44->0(47)
[2024-08-28T13:04:15.819+0000][info][gc,heap        ] GC(572) Survivor regions: 7->7(7)
[2024-08-28T13:04:15.819+0000][info][gc,heap        ] GC(572) Old regions: 800->755
[2024-08-28T13:04:15.819+0000][info][gc,heap        ] GC(572) Archive regions: 2->2
[2024-08-28T13:04:15.819+0000][info][gc,heap        ] GC(572) Humongous regions: 5->5
[2024-08-28T13:04:15.819+0000][info][gc,metaspace   ] GC(572) Metaspace: 100K(320K)->100K(320K) NonClass: 96K(192K)->96K(192K) Class: 4K(128K)->4K(128K)
[2024-08-28T13:04:15.819+0000][info][gc             ] GC(572) Pause Young (Mixed) (G1 Evacuation Pause) 851M->763M(1024M) 12.488ms
[2024-08-28T13:04:15.819+0000][info][gc,cpu         ] GC(572) User=0.28s Sys=0.00s Real=0.02s
[2024-08-28T13:04:15.845+0000][info][gc,start       ] GC(573) Pause Young (Concurrent Start) (G1 Evacuation Pause)
[2024-08-28T13:04:15.845+0000][info][gc,task        ] GC(573) Using 24 workers of 68 for evacuation
[2024-08-28T13:04:15.856+0000][info][gc,phases      ] GC(573)   Pre Evacuate Collection Set: 0.2ms
[2024-08-28T13:04:15.856+0000][info][gc,phases      ] GC(573)   Merge Heap Roots: 0.4ms
[2024-08-28T13:04:15.856+0000][info][gc,phases      ] GC(573)   Evacuate Collection Set: 10.2ms
[2024-08-28T13:04:15.856+0000][info][gc,phases      ] GC(573)   Post Evacuate Collection Set: 0.3ms
[2024-08-28T13:04:15.856+0000][info][gc,phases      ] GC(573)   Other: 0.6ms
[2024-08-28T13:04:15.856+0000][info][gc,heap        ] GC(573) Eden regions: 47->0(44)
[2024-08-28T13:04:15.856+0000][info][gc,heap        ] GC(573) Survivor regions: 7->7(7)
[2024-08-28T13:04:15.856+0000][info][gc,heap        ] GC(573) Old regions: 755->805
[2024-08-28T13:04:15.856+0000][info][gc,heap        ] GC(573) Archive regions: 2->2
[2024-08-28T13:04:15.856+0000][info][gc,heap        ] GC(573) Humongous regions: 5->5
[2024-08-28T13:04:15.856+0000][info][gc,metaspace   ] GC(573) Metaspace: 100K(320K)->100K(320K) NonClass: 96K(192K)->96K(192K) Class: 4K(128K)->4K(128K)
[2024-08-28T13:04:15.856+0000][info][gc             ] GC(573) Pause Young (Concurrent Start) (G1 Evacuation Pause) 810M->813M(1024M) 11.721ms
[2024-08-28T13:04:15.856+0000][info][gc,cpu         ] GC(573) User=0.26s Sys=0.00s Real=0.01s
[2024-08-28T13:04:15.857+0000][info][gc             ] GC(574) Concurrent Mark Cycle
[2024-08-28T13:04:15.857+0000][info][gc,marking     ] GC(574) Concurrent Clear Claimed Marks
[2024-08-28T13:04:15.857+0000][info][gc,marking     ] GC(574) Concurrent Clear Claimed Marks 0.009ms
[2024-08-28T13:04:15.857+0000][info][gc,marking     ] GC(574) Concurrent Scan Root Regions
[2024-08-28T13:04:15.858+0000][info][gc,marking     ] GC(574) Concurrent Scan Root Regions 1.750ms
[2024-08-28T13:04:15.858+0000][info][gc,marking     ] GC(574) Concurrent Mark
[2024-08-28T13:04:15.858+0000][info][gc,marking     ] GC(574) Concurrent Mark From Roots
[2024-08-28T13:04:15.858+0000][info][gc,task        ] GC(574) Using 17 workers of 17 for marking
[2024-08-28T13:04:15.886+0000][info][gc,marking     ] GC(574) Concurrent Mark From Roots 27.398ms
[2024-08-28T13:04:15.886+0000][info][gc,marking     ] GC(574) Concurrent Preclean
[2024-08-28T13:04:15.886+0000][info][gc,marking     ] GC(574) Concurrent Preclean 0.501ms
[2024-08-28T13:04:15.887+0000][info][gc,start       ] GC(574) Pause Remark
[2024-08-28T13:04:15.888+0000][info][gc             ] GC(574) Pause Remark 851M->851M(1024M) 1.257ms
[2024-08-28T13:04:15.888+0000][info][gc,cpu         ] GC(574) User=0.01s Sys=0.00s Real=0.00s
[2024-08-28T13:04:15.888+0000][info][gc,marking     ] GC(574) Concurrent Mark 29.505ms
[2024-08-28T13:04:15.888+0000][info][gc,marking     ] GC(574) Concurrent Rebuild Remembered Sets
[2024-08-28T13:04:15.892+0000][info][gc,start       ] GC(575) Pause Young (Normal) (G1 Evacuation Pause)
[2024-08-28T13:04:15.892+0000][info][gc,task        ] GC(575) Using 24 workers of 68 for evacuation
[2024-08-28T13:04:15.902+0000][info][gc,phases      ] GC(575)   Pre Evacuate Collection Set: 0.1ms
[2024-08-28T13:04:15.902+0000][info][gc,phases      ] GC(575)   Merge Heap Roots: 0.3ms
[2024-08-28T13:04:15.902+0000][info][gc,phases      ] GC(575)   Evacuate Collection Set: 9.6ms
[2024-08-28T13:04:15.902+0000][info][gc,phases      ] GC(575)   Post Evacuate Collection Set: 0.4ms
[2024-08-28T13:04:15.902+0000][info][gc,phases      ] GC(575)   Other: 0.1ms
[2024-08-28T13:04:15.902+0000][info][gc,heap        ] GC(575) Eden regions: 44->0(44)
[2024-08-28T13:04:15.902+0000][info][gc,heap        ] GC(575) Survivor regions: 7->7(7)
[2024-08-28T13:04:15.902+0000][info][gc,heap        ] GC(575) Old regions: 805->851
[2024-08-28T13:04:15.902+0000][info][gc,heap        ] GC(575) Archive regions: 2->2
[2024-08-28T13:04:15.902+0000][info][gc,heap        ] GC(575) Humongous regions: 5->5
[2024-08-28T13:04:15.902+0000][info][gc,metaspace   ] GC(575) Metaspace: 100K(320K)->100K(320K) NonClass: 96K(192K)->96K(192K) Class: 4K(128K)->4K(128K)
[2024-08-28T13:04:15.902+0000][info][gc             ] GC(575) Pause Young (Normal) (G1 Evacuation Pause) 857M->859M(1024M) 10.580ms
[2024-08-28T13:04:15.902+0000][info][gc,cpu         ] GC(575) User=0.23s Sys=0.00s Real=0.01s
[2024-08-28T13:04:15.929+0000][info][gc,start       ] GC(576) Pause Young (Normal) (G1 Evacuation Pause)
[2024-08-28T13:04:15.929+0000][info][gc,task        ] GC(576) Using 24 workers of 68 for evacuation
[2024-08-28T13:04:15.943+0000][info][gc,phases      ] GC(576)   Pre Evacuate Collection Set: 0.1ms
[2024-08-28T13:04:15.943+0000][info][gc,phases      ] GC(576)   Merge Heap Roots: 0.4ms
[2024-08-28T13:04:15.943+0000][info][gc,phases      ] GC(576)   Evacuate Collection Set: 13.0ms
[2024-08-28T13:04:15.943+0000][info][gc,phases      ] GC(576)   Post Evacuate Collection Set: 0.5ms
[2024-08-28T13:04:15.943+0000][info][gc,phases      ] GC(576)   Other: 0.2ms
[2024-08-28T13:04:15.943+0000][info][gc,heap        ] GC(576) Eden regions: 44->0(44)
[2024-08-28T13:04:15.943+0000][info][gc,heap        ] GC(576) Survivor regions: 7->7(7)
[2024-08-28T13:04:15.943+0000][info][gc,heap        ] GC(576) Old regions: 851->897
[2024-08-28T13:04:15.943+0000][info][gc,heap        ] GC(576) Archive regions: 2->2
[2024-08-28T13:04:15.943+0000][info][gc,heap        ] GC(576) Humongous regions: 5->5
[2024-08-28T13:04:15.943+0000][info][gc,metaspace   ] GC(576) Metaspace: 100K(320K)->100K(320K) NonClass: 96K(192K)->96K(192K) Class: 4K(128K)->4K(128K)
[2024-08-28T13:04:15.943+0000][info][gc             ] GC(576) Pause Young (Normal) (G1 Evacuation Pause) 903M->906M(1024M) 14.375ms
[2024-08-28T13:04:15.943+0000][info][gc,cpu         ] GC(576) User=0.32s Sys=0.00s Real=0.02s
[2024-08-28T13:04:15.968+0000][info][gc,start       ] GC(577) Pause Young (Normal) (G1 Evacuation Pause)
[2024-08-28T13:04:15.968+0000][info][gc,task        ] GC(577) Using 24 workers of 68 for evacuation
[2024-08-28T13:04:15.983+0000][info][gc,phases      ] GC(577)   Pre Evacuate Collection Set: 0.1ms
[2024-08-28T13:04:15.983+0000][info][gc,phases      ] GC(577)   Merge Heap Roots: 0.4ms
[2024-08-28T13:04:15.983+0000][info][gc,phases      ] GC(577)   Evacuate Collection Set: 13.5ms
[2024-08-28T13:04:15.983+0000][info][gc,phases      ] GC(577)   Post Evacuate Collection Set: 0.6ms
[2024-08-28T13:04:15.983+0000][info][gc,phases      ] GC(577)   Other: 0.2ms
[2024-08-28T13:04:15.983+0000][info][gc,heap        ] GC(577) Eden regions: 44->0(44)
[2024-08-28T13:04:15.983+0000][info][gc,heap        ] GC(577) Survivor regions: 7->7(7)
[2024-08-28T13:04:15.983+0000][info][gc,heap        ] GC(577) Old regions: 897->944
[2024-08-28T13:04:15.983+0000][info][gc,heap        ] GC(577) Archive regions: 2->2
[2024-08-28T13:04:15.983+0000][info][gc,heap        ] GC(577) Humongous regions: 5->5
[2024-08-28T13:04:15.983+0000][info][gc,metaspace   ] GC(577) Metaspace: 100K(320K)->100K(320K) NonClass: 96K(192K)->96K(192K) Class: 4K(128K)->4K(128K)
[2024-08-28T13:04:15.983+0000][info][gc             ] GC(577) Pause Young (Normal) (G1 Evacuation Pause) 950M->952M(1024M) 14.873ms
[2024-08-28T13:04:15.983+0000][info][gc,cpu         ] GC(577) User=0.32s Sys=0.02s Real=0.02s
[2024-08-28T13:04:15.992+0000][info][gc,marking     ] GC(574) Concurrent Rebuild Remembered Sets 104.226ms
[2024-08-28T13:04:15.992+0000][info][gc,start       ] GC(574) Pause Cleanup
[2024-08-28T13:04:15.994+0000][info][gc             ] GC(574) Pause Cleanup 967M->967M(1024M) 1.513ms
[2024-08-28T13:04:15.994+0000][info][gc,cpu         ] GC(574) User=0.01s Sys=0.00s Real=0.00s
[2024-08-28T13:04:15.994+0000][info][gc,marking     ] GC(574) Concurrent Cleanup for Next Mark
[2024-08-28T13:04:15.995+0000][info][gc,marking     ] GC(574) Concurrent Cleanup for Next Mark 0.901ms
[2024-08-28T13:04:15.995+0000][info][gc             ] GC(574) Concurrent Mark Cycle 138.327ms
[2024-08-28T13:04:16.003+0000][info][gc,start       ] GC(578) Pause Young (Prepare Mixed) (G1 Preventive Collection)
[2024-08-28T13:04:16.003+0000][info][gc,task        ] GC(578) Using 24 workers of 68 for evacuation
[2024-08-28T13:04:16.017+0000][info][gc,phases      ] GC(578)   Pre Evacuate Collection Set: 0.1ms
[2024-08-28T13:04:16.017+0000][info][gc,phases      ] GC(578)   Merge Heap Roots: 0.5ms
[2024-08-28T13:04:16.017+0000][info][gc,phases      ] GC(578)   Evacuate Collection Set: 12.4ms
[2024-08-28T13:04:16.017+0000][info][gc,phases      ] GC(578)   Post Evacuate Collection Set: 0.7ms
[2024-08-28T13:04:16.017+0000][info][gc,phases      ] GC(578)   Other: 0.2ms
[2024-08-28T13:04:16.017+0000][info][gc,heap        ] GC(578) Eden regions: 28->0(44)
[2024-08-28T13:04:16.017+0000][info][gc,heap        ] GC(578) Survivor regions: 7->7(7)
[2024-08-28T13:04:16.017+0000][info][gc,heap        ] GC(578) Old regions: 944->975
[2024-08-28T13:04:16.017+0000][info][gc,heap        ] GC(578) Archive regions: 2->2
[2024-08-28T13:04:16.017+0000][info][gc,heap        ] GC(578) Humongous regions: 5->5
[2024-08-28T13:04:16.017+0000][info][gc,metaspace   ] GC(578) Metaspace: 100K(320K)->100K(320K) NonClass: 96K(192K)->96K(192K) Class: 4K(128K)->4K(128K)
[2024-08-28T13:04:16.017+0000][info][gc             ] GC(578) Pause Young (Prepare Mixed) (G1 Preventive Collection) 980M->983M(1024M) 14.036ms
[2024-08-28T13:04:16.017+0000][info][gc,cpu         ] GC(578) User=0.29s Sys=0.00s Real=0.01s
[2024-08-28T13:04:16.024+0000][info][gc,start       ] GC(579) Pause Young (Mixed) (G1 Preventive Collection)
[2024-08-28T13:04:16.024+0000][info][gc,task        ] GC(579) Using 24 workers of 68 for evacuation
[2024-08-28T13:04:16.030+0000][info][gc,phases      ] GC(579)   Pre Evacuate Collection Set: 0.2ms
[2024-08-28T13:04:16.030+0000][info][gc,phases      ] GC(579)   Merge Heap Roots: 0.3ms
[2024-08-28T13:04:16.030+0000][info][gc,phases      ] GC(579)   Evacuate Collection Set: 5.0ms
[2024-08-28T13:04:16.030+0000][info][gc,phases      ] GC(579)   Post Evacuate Collection Set: 0.4ms
[2024-08-28T13:04:16.030+0000][info][gc,phases      ] GC(579)   Other: 0.2ms
[2024-08-28T13:04:16.030+0000][info][gc,heap        ] GC(579) Eden regions: 12->0(44)
[2024-08-28T13:04:16.030+0000][info][gc,heap        ] GC(579) Survivor regions: 7->7(7)
[2024-08-28T13:04:16.030+0000][info][gc,heap        ] GC(579) Old regions: 975->887
[2024-08-28T13:04:16.030+0000][info][gc,heap        ] GC(579) Archive regions: 2->2
[2024-08-28T13:04:16.030+0000][info][gc,heap        ] GC(579) Humongous regions: 5->5
[2024-08-28T13:04:16.030+0000][info][gc,metaspace   ] GC(579) Metaspace: 100K(320K)->100K(320K) NonClass: 96K(192K)->96K(192K) Class: 4K(128K)->4K(128K)
[2024-08-28T13:04:16.030+0000][info][gc             ] GC(579) Pause Young (Mixed) (G1 Preventive Collection) 995M->898M(1024M) 6.304ms
[2024-08-28T13:04:16.030+0000][info][gc,cpu         ] GC(579) User=0.13s Sys=0.00s Real=0.01s
[2024-08-28T13:04:16.054+0000][info][gc,start       ] GC(580) Pause Young (Mixed) (G1 Evacuation Pause)
[2024-08-28T13:04:16.054+0000][info][gc,task        ] GC(580) Using 24 workers of 68 for evacuation
[2024-08-28T13:04:16.065+0000][info][gc,phases      ] GC(580)   Pre Evacuate Collection Set: 0.2ms
[2024-08-28T13:04:16.065+0000][info][gc,phases      ] GC(580)   Merge Heap Roots: 0.5ms
[2024-08-28T13:04:16.065+0000][info][gc,phases      ] GC(580)   Evacuate Collection Set: 10.0ms
[2024-08-28T13:04:16.065+0000][info][gc,phases      ] GC(580)   Post Evacuate Collection Set: 0.4ms
[2024-08-28T13:04:16.065+0000][info][gc,phases      ] GC(580)   Other: 0.3ms
[2024-08-28T13:04:16.065+0000][info][gc,heap        ] GC(580) Eden regions: 44->0(44)
[2024-08-28T13:04:16.065+0000][info][gc,heap        ] GC(580) Survivor regions: 7->7(7)
[2024-08-28T13:04:16.065+0000][info][gc,heap        ] GC(580) Old regions: 887->828
[2024-08-28T13:04:16.065+0000][info][gc,heap        ] GC(580) Archive regions: 2->2
[2024-08-28T13:04:16.065+0000][info][gc,heap        ] GC(580) Humongous regions: 5->5
[2024-08-28T13:04:16.065+0000][info][gc,metaspace   ] GC(580) Metaspace: 100K(320K)->100K(320K) NonClass: 96K(192K)->96K(192K) Class: 4K(128K)->4K(128K)
[2024-08-28T13:04:16.065+0000][info][gc             ] GC(580) Pause Young (Mixed) (G1 Evacuation Pause) 942M->840M(1024M) 11.520ms
[2024-08-28T13:04:16.065+0000][info][gc,cpu         ] GC(580) User=0.25s Sys=0.00s Real=0.01s
[2024-08-28T13:04:16.089+0000][info][gc,start       ] GC(581) Pause Young (Mixed) (G1 Evacuation Pause)
[2024-08-28T13:04:16.089+0000][info][gc,task        ] GC(581) Using 24 workers of 68 for evacuation
[2024-08-28T13:04:16.103+0000][info][gc,phases      ] GC(581)   Pre Evacuate Collection Set: 0.2ms
[2024-08-28T13:04:16.103+0000][info][gc,phases      ] GC(581)   Merge Heap Roots: 0.5ms
[2024-08-28T13:04:16.103+0000][info][gc,phases      ] GC(581)   Evacuate Collection Set: 12.2ms
[2024-08-28T13:04:16.103+0000][info][gc,phases      ] GC(581)   Post Evacuate Collection Set: 0.4ms
[2024-08-28T13:04:16.103+0000][info][gc,phases      ] GC(581)   Other: 0.3ms
[2024-08-28T13:04:16.103+0000][info][gc,heap        ] GC(581) Eden regions: 44->0(44)
[2024-08-28T13:04:16.103+0000][info][gc,heap        ] GC(581) Survivor regions: 7->7(7)
[2024-08-28T13:04:16.103+0000][info][gc,heap        ] GC(581) Old regions: 828->788
[2024-08-28T13:04:16.103+0000][info][gc,heap        ] GC(581) Archive regions: 2->2
[2024-08-28T13:04:16.103+0000][info][gc,heap        ] GC(581) Humongous regions: 5->5
[2024-08-28T13:04:16.103+0000][info][gc,metaspace   ] GC(581) Metaspace: 100K(320K)->100K(320K) NonClass: 96K(192K)->96K(192K) Class: 4K(128K)->4K(128K)
[2024-08-28T13:04:16.103+0000][info][gc             ] GC(581) Pause Young (Mixed) (G1 Evacuation Pause) 884M->800M(1024M) 13.613ms
[2024-08-28T13:04:16.103+0000][info][gc,cpu         ] GC(581) User=0.31s Sys=0.00s Real=0.02s
[2024-08-28T13:04:16.128+0000][info][gc,start       ] GC(582) Pause Young (Mixed) (G1 Evacuation Pause)
[2024-08-28T13:04:16.128+0000][info][gc,task        ] GC(582) Using 24 workers of 68 for evacuation
[2024-08-28T13:04:16.141+0000][info][gc,phases      ] GC(582)   Pre Evacuate Collection Set: 0.2ms
[2024-08-28T13:04:16.141+0000][info][gc,phases      ] GC(582)   Merge Heap Roots: 0.4ms
[2024-08-28T13:04:16.141+0000][info][gc,phases      ] GC(582)   Evacuate Collection Set: 11.9ms
[2024-08-28T13:04:16.141+0000][info][gc,phases      ] GC(582)   Post Evacuate Collection Set: 0.3ms
[2024-08-28T13:04:16.141+0000][info][gc,phases      ] GC(582)   Other: 0.2ms
[2024-08-28T13:04:16.141+0000][info][gc,heap        ] GC(582) Eden regions: 44->0(44)
[2024-08-28T13:04:16.141+0000][info][gc,heap        ] GC(582) Survivor regions: 7->7(7)
[2024-08-28T13:04:16.141+0000][info][gc,heap        ] GC(582) Old regions: 788->814
[2024-08-28T13:04:16.141+0000][info][gc,heap        ] GC(582) Archive regions: 2->2
[2024-08-28T13:04:16.141+0000][info][gc,heap        ] GC(582) Humongous regions: 5->5
[2024-08-28T13:04:16.141+0000][info][gc,metaspace   ] GC(582) Metaspace: 100K(320K)->100K(320K) NonClass: 96K(192K)->96K(192K) Class: 4K(128K)->4K(128K)
[2024-08-28T13:04:16.141+0000][info][gc             ] GC(582) Pause Young (Mixed) (G1 Evacuation Pause) 844M->826M(1024M) 13.070ms
[2024-08-28T13:04:16.141+0000][info][gc,cpu         ] GC(582) User=0.30s Sys=0.00s Real=0.02s
[2024-08-28T13:04:16.165+0000][info][gc,start       ] GC(583) Pause Young (Concurrent Start) (G1 Evacuation Pause)
[2024-08-28T13:04:16.165+0000][info][gc,task        ] GC(583) Using 24 workers of 68 for evacuation
[2024-08-28T13:04:16.176+0000][info][gc,phases      ] GC(583)   Pre Evacuate Collection Set: 0.2ms
[2024-08-28T13:04:16.176+0000][info][gc,phases      ] GC(583)   Merge Heap Roots: 0.4ms
[2024-08-28T13:04:16.176+0000][info][gc,phases      ] GC(583)   Evacuate Collection Set: 9.9ms
[2024-08-28T13:04:16.176+0000][info][gc,phases      ] GC(583)   Post Evacuate Collection Set: 0.4ms
[2024-08-28T13:04:16.176+0000][info][gc,phases      ] GC(583)   Other: 0.6ms
[2024-08-28T13:04:16.176+0000][info][gc,heap        ] GC(583) Eden regions: 44->0(44)
[2024-08-28T13:04:16.176+0000][info][gc,heap        ] GC(583) Survivor regions: 7->7(7)
[2024-08-28T13:04:16.176+0000][info][gc,heap        ] GC(583) Old regions: 814->862
[2024-08-28T13:04:16.176+0000][info][gc,heap        ] GC(583) Archive regions: 2->2
[2024-08-28T13:04:16.176+0000][info][gc,heap        ] GC(583) Humongous regions: 5->5
[2024-08-28T13:04:16.176+0000][info][gc,metaspace   ] GC(583) Metaspace: 100K(320K)->100K(320K) NonClass: 96K(192K)->96K(192K) Class: 4K(128K)->4K(128K)
[2024-08-28T13:04:16.176+0000][info][gc             ] GC(583) Pause Young (Concurrent Start) (G1 Evacuation Pause) 870M->874M(1024M) 11.472ms
[2024-08-28T13:04:16.176+0000][info][gc,cpu         ] GC(583) User=0.25s Sys=0.00s Real=0.01s
[2024-08-28T13:04:16.176+0000][info][gc             ] GC(584) Concurrent Mark Cycle
[2024-08-28T13:04:16.176+0000][info][gc,marking     ] GC(584) Concurrent Clear Claimed Marks
[2024-08-28T13:04:16.176+0000][info][gc,marking     ] GC(584) Concurrent Clear Claimed Marks 0.013ms
[2024-08-28T13:04:16.176+0000][info][gc,marking     ] GC(584) Concurrent Scan Root Regions
[2024-08-28T13:04:16.178+0000][info][gc,marking     ] GC(584) Concurrent Scan Root Regions 1.820ms
[2024-08-28T13:04:16.178+0000][info][gc,marking     ] GC(584) Concurrent Mark
[2024-08-28T13:04:16.178+0000][info][gc,marking     ] GC(584) Concurrent Mark From Roots
[2024-08-28T13:04:16.178+0000][info][gc,task        ] GC(584) Using 17 workers of 17 for marking
[2024-08-28T13:04:16.205+0000][info][gc,marking     ] GC(584) Concurrent Mark From Roots 27.236ms
[2024-08-28T13:04:16.205+0000][info][gc,marking     ] GC(584) Concurrent Preclean
[2024-08-28T13:04:16.206+0000][info][gc,marking     ] GC(584) Concurrent Preclean 0.509ms
[2024-08-28T13:04:16.206+0000][info][gc,start       ] GC(584) Pause Remark
[2024-08-28T13:04:16.207+0000][info][gc             ] GC(584) Pause Remark 913M->913M(1024M) 1.289ms
[2024-08-28T13:04:16.207+0000][info][gc,cpu         ] GC(584) User=0.01s Sys=0.00s Real=0.00s
[2024-08-28T13:04:16.207+0000][info][gc,marking     ] GC(584) Concurrent Mark 29.374ms
[2024-08-28T13:04:16.207+0000][info][gc,marking     ] GC(584) Concurrent Rebuild Remembered Sets
[2024-08-28T13:04:16.211+0000][info][gc,start       ] GC(585) Pause Young (Normal) (G1 Evacuation Pause)
[2024-08-28T13:04:16.211+0000][info][gc,task        ] GC(585) Using 24 workers of 68 for evacuation
[2024-08-28T13:04:16.222+0000][info][gc,phases      ] GC(585)   Pre Evacuate Collection Set: 0.1ms
[2024-08-28T13:04:16.222+0000][info][gc,phases      ] GC(585)   Merge Heap Roots: 0.3ms
[2024-08-28T13:04:16.222+0000][info][gc,phases      ] GC(585)   Evacuate Collection Set: 9.7ms
[2024-08-28T13:04:16.222+0000][info][gc,phases      ] GC(585)   Post Evacuate Collection Set: 0.4ms
[2024-08-28T13:04:16.222+0000][info][gc,phases      ] GC(585)   Other: 0.2ms
[2024-08-28T13:04:16.222+0000][info][gc,heap        ] GC(585) Eden regions: 44->0(44)
[2024-08-28T13:04:16.222+0000][info][gc,heap        ] GC(585) Survivor regions: 7->7(7)
[2024-08-28T13:04:16.222+0000][info][gc,heap        ] GC(585) Old regions: 862->909
[2024-08-28T13:04:16.222+0000][info][gc,heap        ] GC(585) Archive regions: 2->2
[2024-08-28T13:04:16.222+0000][info][gc,heap        ] GC(585) Humongous regions: 5->5
[2024-08-28T13:04:16.222+0000][info][gc,metaspace   ] GC(585) Metaspace: 100K(320K)->100K(320K) NonClass: 96K(192K)->96K(192K) Class: 4K(128K)->4K(128K)
[2024-08-28T13:04:16.222+0000][info][gc             ] GC(585) Pause Young (Normal) (G1 Evacuation Pause) 918M->921M(1024M) 10.741ms
[2024-08-28T13:04:16.222+0000][info][gc,cpu         ] GC(585) User=0.24s Sys=0.00s Real=0.01s
[2024-08-28T13:04:16.249+0000][info][gc,start       ] GC(586) Pause Young (Normal) (G1 Evacuation Pause)
[2024-08-28T13:04:16.249+0000][info][gc,task        ] GC(586) Using 24 workers of 68 for evacuation
[2024-08-28T13:04:16.263+0000][info][gc,phases      ] GC(586)   Pre Evacuate Collection Set: 0.1ms
[2024-08-28T13:04:16.263+0000][info][gc,phases      ] GC(586)   Merge Heap Roots: 0.5ms
[2024-08-28T13:04:16.263+0000][info][gc,phases      ] GC(586)   Evacuate Collection Set: 13.5ms
[2024-08-28T13:04:16.263+0000][info][gc,phases      ] GC(586)   Post Evacuate Collection Set: 0.5ms
[2024-08-28T13:04:16.263+0000][info][gc,phases      ] GC(586)   Other: 0.3ms
[2024-08-28T13:04:16.263+0000][info][gc,heap        ] GC(586) Eden regions: 44->0(44)
[2024-08-28T13:04:16.263+0000][info][gc,heap        ] GC(586) Survivor regions: 7->7(7)
[2024-08-28T13:04:16.263+0000][info][gc,heap        ] GC(586) Old regions: 909->956
[2024-08-28T13:04:16.263+0000][info][gc,heap        ] GC(586) Archive regions: 2->2
[2024-08-28T13:04:16.263+0000][info][gc,heap        ] GC(586) Humongous regions: 5->5
[2024-08-28T13:04:16.263+0000][info][gc,metaspace   ] GC(586) Metaspace: 100K(320K)->100K(320K) NonClass: 96K(192K)->96K(192K) Class: 4K(128K)->4K(128K)
[2024-08-28T13:04:16.263+0000][info][gc             ] GC(586) Pause Young (Normal) (G1 Evacuation Pause) 965M->968M(1024M) 14.911ms
[2024-08-28T13:04:16.264+0000][info][gc,cpu         ] GC(586) User=0.34s Sys=0.00s Real=0.02s
[2024-08-28T13:04:16.277+0000][info][gc,start       ] GC(587) Pause Young (Normal) (G1 Preventive Collection)
[2024-08-28T13:04:16.277+0000][info][gc,task        ] GC(587) Using 24 workers of 68 for evacuation
[2024-08-28T13:04:16.290+0000][info][gc,phases      ] GC(587)   Pre Evacuate Collection Set: 0.2ms
[2024-08-28T13:04:16.290+0000][info][gc,phases      ] GC(587)   Merge Heap Roots: 0.4ms
[2024-08-28T13:04:16.290+0000][info][gc,phases      ] GC(587)   Evacuate Collection Set: 11.5ms
[2024-08-28T13:04:16.290+0000][info][gc,phases      ] GC(587)   Post Evacuate Collection Set: 0.6ms
[2024-08-28T13:04:16.290+0000][info][gc,phases      ] GC(587)   Other: 0.2ms
[2024-08-28T13:04:16.290+0000][info][gc,heap        ] GC(587) Eden regions: 22->0(44)
[2024-08-28T13:04:16.290+0000][info][gc,heap        ] GC(587) Survivor regions: 7->7(7)
[2024-08-28T13:04:16.290+0000][info][gc,heap        ] GC(587) Old regions: 956->981
[2024-08-28T13:04:16.290+0000][info][gc,heap        ] GC(587) Archive regions: 2->2
[2024-08-28T13:04:16.290+0000][info][gc,heap        ] GC(587) Humongous regions: 5->5
[2024-08-28T13:04:16.290+0000][info][gc,metaspace   ] GC(587) Metaspace: 100K(320K)->100K(320K) NonClass: 96K(192K)->96K(192K) Class: 4K(128K)->4K(128K)
[2024-08-28T13:04:16.290+0000][info][gc             ] GC(587) Pause Young (Normal) (G1 Preventive Collection) 990M->993M(1024M) 12.967ms
[2024-08-28T13:04:16.290+0000][info][gc,cpu         ] GC(587) User=0.29s Sys=0.00s Real=0.02s
[2024-08-28T13:04:16.297+0000][info][gc,start       ] GC(588) Pause Young (Normal) (G1 Preventive Collection)
[2024-08-28T13:04:16.297+0000][info][gc,task        ] GC(588) Using 24 workers of 68 for evacuation
[2024-08-28T13:04:16.306+0000][info][gc             ] GC(588) To-space exhausted
[2024-08-28T13:04:16.307+0000][info][gc,phases      ] GC(588)   Pre Evacuate Collection Set: 0.1ms
[2024-08-28T13:04:16.307+0000][info][gc,phases      ] GC(588)   Merge Heap Roots: 0.6ms
[2024-08-28T13:04:16.307+0000][info][gc,phases      ] GC(588)   Evacuate Collection Set: 8.2ms
[2024-08-28T13:04:16.307+0000][info][gc,phases      ] GC(588)   Post Evacuate Collection Set: 0.8ms
[2024-08-28T13:04:16.307+0000][info][gc,phases      ] GC(588)   Other: 0.2ms
[2024-08-28T13:04:16.307+0000][info][gc,heap        ] GC(588) Eden regions: 10->0(44)
[2024-08-28T13:04:16.307+0000][info][gc,heap        ] GC(588) Survivor regions: 7->7(7)
[2024-08-28T13:04:16.307+0000][info][gc,heap        ] GC(588) Old regions: 981->1009
[2024-08-28T13:04:16.307+0000][info][gc,heap        ] GC(588) Archive regions: 2->2
[2024-08-28T13:04:16.307+0000][info][gc,heap        ] GC(588) Humongous regions: 5->5
[2024-08-28T13:04:16.307+0000][info][gc,metaspace   ] GC(588) Metaspace: 100K(320K)->100K(320K) NonClass: 96K(192K)->96K(192K) Class: 4K(128K)->4K(128K)
[2024-08-28T13:04:16.307+0000][info][gc             ] GC(588) Pause Young (Normal) (G1 Preventive Collection) 1003M->1021M(1024M) 9.920ms
[2024-08-28T13:04:16.307+0000][info][gc,cpu         ] GC(588) User=0.21s Sys=0.01s Real=0.01s
[2024-08-28T13:04:16.308+0000][info][gc,start       ] GC(589) Pause Young (Normal) (G1 Evacuation Pause)
[2024-08-28T13:04:16.308+0000][info][gc,task        ] GC(589) Using 24 workers of 68 for evacuation
[2024-08-28T13:04:16.315+0000][info][gc             ] GC(589) To-space exhausted
[2024-08-28T13:04:16.315+0000][info][gc,phases      ] GC(589)   Pre Evacuate Collection Set: 0.1ms
[2024-08-28T13:04:16.315+0000][info][gc,phases      ] GC(589)   Merge Heap Roots: 0.6ms
[2024-08-28T13:04:16.315+0000][info][gc,phases      ] GC(589)   Evacuate Collection Set: 6.0ms
[2024-08-28T13:04:16.315+0000][info][gc,phases      ] GC(589)   Post Evacuate Collection Set: 1.0ms
[2024-08-28T13:04:16.315+0000][info][gc,phases      ] GC(589)   Other: 0.1ms
[2024-08-28T13:04:16.315+0000][info][gc,heap        ] GC(589) Eden regions: 1->0(51)
[2024-08-28T13:04:16.316+0000][info][gc,heap        ] GC(589) Survivor regions: 7->0(0)
[2024-08-28T13:04:16.316+0000][info][gc,heap        ] GC(589) Old regions: 1009->1017
[2024-08-28T13:04:16.316+0000][info][gc,heap        ] GC(589) Archive regions: 2->2
[2024-08-28T13:04:16.316+0000][info][gc,heap        ] GC(589) Humongous regions: 5->5
[2024-08-28T13:04:16.316+0000][info][gc,metaspace   ] GC(589) Metaspace: 100K(320K)->100K(320K) NonClass: 96K(192K)->96K(192K) Class: 4K(128K)->4K(128K)
[2024-08-28T13:04:16.316+0000][info][gc             ] GC(589) Pause Young (Normal) (G1 Evacuation Pause) 1022M->1022M(1024M) 7.843ms
[2024-08-28T13:04:16.316+0000][info][gc,cpu         ] GC(589) User=0.16s Sys=0.00s Real=0.01s
[2024-08-28T13:04:16.316+0000][info][gc,ergo        ] Attempting full compaction
[2024-08-28T13:04:16.316+0000][info][gc,task        ] GC(590) Using 24 workers of 68 for full compaction
[2024-08-28T13:04:16.316+0000][info][gc,start       ] GC(590) Pause Full (G1 Compaction Pause)
[2024-08-28T13:04:16.317+0000][info][gc,phases,start] GC(590) Phase 1: Mark live objects
[2024-08-28T13:04:16.331+0000][info][gc,phases      ] GC(590) Phase 1: Mark live objects 14.589ms
[2024-08-28T13:04:16.331+0000][info][gc,phases,start] GC(590) Phase 2: Prepare for compaction
[2024-08-28T13:04:16.340+0000][info][gc,phases      ] GC(590) Phase 2: Prepare for compaction 9.008ms
[2024-08-28T13:04:16.340+0000][info][gc,phases,start] GC(590) Phase 3: Adjust pointers
[2024-08-28T13:04:16.358+0000][info][gc,phases      ] GC(590) Phase 3: Adjust pointers 17.305ms
[2024-08-28T13:04:16.358+0000][info][gc,phases,start] GC(590) Phase 4: Compact heap
[2024-08-28T13:04:16.390+0000][info][gc,phases      ] GC(590) Phase 4: Compact heap 32.087ms
[2024-08-28T13:04:16.391+0000][info][gc,heap        ] GC(590) Eden regions: 0->0(151)
[2024-08-28T13:04:16.391+0000][info][gc,heap        ] GC(590) Survivor regions: 0->0(0)
[2024-08-28T13:04:16.391+0000][info][gc,heap        ] GC(590) Old regions: 1017->440
[2024-08-28T13:04:16.391+0000][info][gc,heap        ] GC(590) Archive regions: 2->2
[2024-08-28T13:04:16.391+0000][info][gc,heap        ] GC(590) Humongous regions: 5->5
[2024-08-28T13:04:16.391+0000][info][gc,metaspace   ] GC(590) Metaspace: 100K(320K)->100K(320K) NonClass: 96K(192K)->96K(192K) Class: 4K(128K)->4K(128K)
[2024-08-28T13:04:16.391+0000][info][gc             ] GC(590) Pause Full (G1 Compaction Pause) 1022M->435M(1024M) 75.201ms
[2024-08-28T13:04:16.391+0000][info][gc,cpu         ] GC(590) User=1.57s Sys=0.00s Real=0.08s
[2024-08-28T13:04:16.391+0000][info][gc,marking     ] GC(584) Concurrent Rebuild Remembered Sets 183.982ms
[2024-08-28T13:04:16.392+0000][info][gc,marking     ] GC(584) Concurrent Mark Abort
[2024-08-28T13:04:16.392+0000][info][gc             ] GC(584) Concurrent Mark Cycle 215.343ms
[2024-08-28T13:04:16.481+0000][info][gc,start       ] GC(591) Pause Young (Normal) (G1 Evacuation Pause)
[2024-08-28T13:04:16.481+0000][info][gc,task        ] GC(591) Using 24 workers of 68 for evacuation
[2024-08-28T13:04:16.505+0000][info][gc,phases      ] GC(591)   Pre Evacuate Collection Set: 0.2ms
[2024-08-28T13:04:16.505+0000][info][gc,phases      ] GC(591)   Merge Heap Roots: 0.4ms
[2024-08-28T13:04:16.505+0000][info][gc,phases      ] GC(591)   Evacuate Collection Set: 22.4ms
[2024-08-28T13:04:16.505+0000][info][gc,phases      ] GC(591)   Post Evacuate Collection Set: 0.8ms
[2024-08-28T13:04:16.505+0000][info][gc,phases      ] GC(591)   Other: 0.3ms
[2024-08-28T13:04:16.505+0000][info][gc,heap        ] GC(591) Eden regions: 151->0(104)
[2024-08-28T13:04:16.505+0000][info][gc,heap        ] GC(591) Survivor regions: 0->19(19)
[2024-08-28T13:04:16.505+0000][info][gc,heap        ] GC(591) Old regions: 440->568
[2024-08-28T13:04:16.505+0000][info][gc,heap        ] GC(591) Archive regions: 2->2
[2024-08-28T13:04:16.505+0000][info][gc,heap        ] GC(591) Humongous regions: 5->5
[2024-08-28T13:04:16.505+0000][info][gc,metaspace   ] GC(591) Metaspace: 100K(320K)->100K(320K) NonClass: 96K(192K)->96K(192K) Class: 4K(128K)->4K(128K)
[2024-08-28T13:04:16.505+0000][info][gc             ] GC(591) Pause Young (Normal) (G1 Evacuation Pause) 586M->581M(1024M) 24.125ms
[2024-08-28T13:04:16.505+0000][info][gc,cpu         ] GC(591) User=0.55s Sys=0.00s Real=0.02s
[2024-08-28T13:04:16.563+0000][info][gc,start       ] GC(592) Pause Young (Concurrent Start) (G1 Evacuation Pause)
[2024-08-28T13:04:16.563+0000][info][gc,task        ] GC(592) Using 24 workers of 68 for evacuation
[2024-08-28T13:04:16.584+0000][info][gc,phases      ] GC(592)   Pre Evacuate Collection Set: 0.2ms
[2024-08-28T13:04:16.584+0000][info][gc,phases      ] GC(592)   Merge Heap Roots: 0.4ms
[2024-08-28T13:04:16.584+0000][info][gc,phases      ] GC(592)   Evacuate Collection Set: 18.9ms
[2024-08-28T13:04:16.584+0000][info][gc,phases      ] GC(592)   Post Evacuate Collection Set: 0.4ms
[2024-08-28T13:04:16.584+0000][info][gc,phases      ] GC(592)   Other: 0.9ms
[2024-08-28T13:04:16.584+0000][info][gc,heap        ] GC(592) Eden regions: 104->0(70)
[2024-08-28T13:04:16.584+0000][info][gc,heap        ] GC(592) Survivor regions: 19->16(16)
[2024-08-28T13:04:16.584+0000][info][gc,heap        ] GC(592) Old regions: 568->676
[2024-08-28T13:04:16.584+0000][info][gc,heap        ] GC(592) Archive regions: 2->2
[2024-08-28T13:04:16.584+0000][info][gc,heap        ] GC(592) Humongous regions: 5->5
[2024-08-28T13:04:16.584+0000][info][gc,metaspace   ] GC(592) Metaspace: 100K(320K)->100K(320K) NonClass: 96K(192K)->96K(192K) Class: 4K(128K)->4K(128K)
[2024-08-28T13:04:16.584+0000][info][gc             ] GC(592) Pause Young (Concurrent Start) (G1 Evacuation Pause) 685M->687M(1024M) 20.868ms
[2024-08-28T13:04:16.584+0000][info][gc,cpu         ] GC(592) User=0.46s Sys=0.00s Real=0.02s
[2024-08-28T13:04:16.584+0000][info][gc             ] GC(593) Concurrent Mark Cycle
[2024-08-28T13:04:16.584+0000][info][gc,marking     ] GC(593) Concurrent Clear Claimed Marks
[2024-08-28T13:04:16.584+0000][info][gc,marking     ] GC(593) Concurrent Clear Claimed Marks 0.009ms
[2024-08-28T13:04:16.584+0000][info][gc,marking     ] GC(593) Concurrent Scan Root Regions
[2024-08-28T13:04:16.588+0000][info][gc,marking     ] GC(593) Concurrent Scan Root Regions 3.904ms
[2024-08-28T13:04:16.588+0000][info][gc,marking     ] GC(593) Concurrent Mark
[2024-08-28T13:04:16.588+0000][info][gc,marking     ] GC(593) Concurrent Mark From Roots
[2024-08-28T13:04:16.588+0000][info][gc,task        ] GC(593) Using 17 workers of 17 for marking
[2024-08-28T13:04:16.610+0000][info][gc,marking     ] GC(593) Concurrent Mark From Roots 22.168ms
[2024-08-28T13:04:16.610+0000][info][gc,marking     ] GC(593) Concurrent Preclean
[2024-08-28T13:04:16.611+0000][info][gc,marking     ] GC(593) Concurrent Preclean 0.503ms
[2024-08-28T13:04:16.611+0000][info][gc,start       ] GC(593) Pause Remark
[2024-08-28T13:04:16.612+0000][info][gc             ] GC(593) Pause Remark 721M->721M(1024M) 1.402ms
[2024-08-28T13:04:16.612+0000][info][gc,cpu         ] GC(593) User=0.01s Sys=0.00s Real=0.00s
[2024-08-28T13:04:16.612+0000][info][gc,marking     ] GC(593) Concurrent Mark 24.530ms
[2024-08-28T13:04:16.612+0000][info][gc,marking     ] GC(593) Concurrent Rebuild Remembered Sets
[2024-08-28T13:04:16.634+0000][info][gc,start       ] GC(594) Pause Young (Normal) (G1 Evacuation Pause)
[2024-08-28T13:04:16.634+0000][info][gc,task        ] GC(594) Using 24 workers of 68 for evacuation
[2024-08-28T13:04:16.651+0000][info][gc,phases      ] GC(594)   Pre Evacuate Collection Set: 0.2ms
[2024-08-28T13:04:16.651+0000][info][gc,phases      ] GC(594)   Merge Heap Roots: 0.3ms
[2024-08-28T13:04:16.651+0000][info][gc,phases      ] GC(594)   Evacuate Collection Set: 15.9ms
[2024-08-28T13:04:16.651+0000][info][gc,phases      ] GC(594)   Post Evacuate Collection Set: 0.5ms
[2024-08-28T13:04:16.651+0000][info][gc,phases      ] GC(594)   Other: 0.2ms
[2024-08-28T13:04:16.651+0000][info][gc,heap        ] GC(594) Eden regions: 70->0(46)
[2024-08-28T13:04:16.651+0000][info][gc,heap        ] GC(594) Survivor regions: 16->11(11)
[2024-08-28T13:04:16.651+0000][info][gc,heap        ] GC(594) Old regions: 676->754
[2024-08-28T13:04:16.651+0000][info][gc,heap        ] GC(594) Archive regions: 2->2
[2024-08-28T13:04:16.651+0000][info][gc,heap        ] GC(594) Humongous regions: 5->5
[2024-08-28T13:04:16.651+0000][info][gc,metaspace   ] GC(594) Metaspace: 100K(320K)->100K(320K) NonClass: 96K(192K)->96K(192K) Class: 4K(128K)->4K(128K)
[2024-08-28T13:04:16.651+0000][info][gc             ] GC(594) Pause Young (Normal) (G1 Evacuation Pause) 757M->760M(1024M) 17.147ms
[2024-08-28T13:04:16.651+0000][info][gc,cpu         ] GC(594) User=0.40s Sys=0.00s Real=0.02s
[2024-08-28T13:04:16.677+0000][info][gc,start       ] GC(595) Pause Young (Normal) (G1 Evacuation Pause)
[2024-08-28T13:04:16.677+0000][info][gc,task        ] GC(595) Using 24 workers of 68 for evacuation
[2024-08-28T13:04:16.697+0000][info][gc,phases      ] GC(595)   Pre Evacuate Collection Set: 0.2ms
[2024-08-28T13:04:16.697+0000][info][gc,phases      ] GC(595)   Merge Heap Roots: 0.5ms
[2024-08-28T13:04:16.697+0000][info][gc,phases      ] GC(595)   Evacuate Collection Set: 18.3ms
[2024-08-28T13:04:16.697+0000][info][gc,phases      ] GC(595)   Post Evacuate Collection Set: 0.6ms
[2024-08-28T13:04:16.697+0000][info][gc,phases      ] GC(595)   Other: 0.2ms
[2024-08-28T13:04:16.697+0000][info][gc,heap        ] GC(595) Eden regions: 46->0(43)
[2024-08-28T13:04:16.697+0000][info][gc,heap        ] GC(595) Survivor regions: 11->8(8)
[2024-08-28T13:04:16.697+0000][info][gc,heap        ] GC(595) Old regions: 754->808
[2024-08-28T13:04:16.697+0000][info][gc,heap        ] GC(595) Archive regions: 2->2
[2024-08-28T13:04:16.697+0000][info][gc,heap        ] GC(595) Humongous regions: 5->5
[2024-08-28T13:04:16.697+0000][info][gc,metaspace   ] GC(595) Metaspace: 100K(320K)->100K(320K) NonClass: 96K(192K)->96K(192K) Class: 4K(128K)->4K(128K)
[2024-08-28T13:04:16.697+0000][info][gc             ] GC(595) Pause Young (Normal) (G1 Evacuation Pause) 806M->811M(1024M) 19.989ms
[2024-08-28T13:04:16.697+0000][info][gc,cpu         ] GC(595) User=0.46s Sys=0.01s Real=0.02s
[2024-08-28T13:04:16.714+0000][info][gc,marking     ] GC(593) Concurrent Rebuild Remembered Sets 101.841ms
[2024-08-28T13:04:16.714+0000][info][gc,start       ] GC(593) Pause Cleanup
[2024-08-28T13:04:16.716+0000][info][gc             ] GC(593) Pause Cleanup 839M->839M(1024M) 1.173ms
[2024-08-28T13:04:16.716+0000][info][gc,cpu         ] GC(593) User=0.01s Sys=0.00s Real=0.00s
[2024-08-28T13:04:16.716+0000][info][gc,marking     ] GC(593) Concurrent Cleanup for Next Mark
[2024-08-28T13:04:16.717+0000][info][gc,marking     ] GC(593) Concurrent Cleanup for Next Mark 1.293ms
[2024-08-28T13:04:16.717+0000][info][gc             ] GC(593) Concurrent Mark Cycle 133.224ms
[2024-08-28T13:04:16.726+0000][info][gc,start       ] GC(596) Pause Young (Prepare Mixed) (G1 Evacuation Pause)
[2024-08-28T13:04:16.726+0000][info][gc,task        ] GC(596) Using 24 workers of 68 for evacuation
[2024-08-28T13:04:16.740+0000][info][gc,phases      ] GC(596)   Pre Evacuate Collection Set: 0.1ms
[2024-08-28T13:04:16.740+0000][info][gc,phases      ] GC(596)   Merge Heap Roots: 0.5ms
[2024-08-28T13:04:16.740+0000][info][gc,phases      ] GC(596)   Evacuate Collection Set: 13.0ms
[2024-08-28T13:04:16.740+0000][info][gc,phases      ] GC(596)   Post Evacuate Collection Set: 0.3ms
[2024-08-28T13:04:16.740+0000][info][gc,phases      ] GC(596)   Other: 0.2ms
[2024-08-28T13:04:16.740+0000][info][gc,heap        ] GC(596) Eden regions: 43->0(44)
[2024-08-28T13:04:16.740+0000][info][gc,heap        ] GC(596) Survivor regions: 8->7(7)
[2024-08-28T13:04:16.740+0000][info][gc,heap        ] GC(596) Old regions: 808->856
[2024-08-28T13:04:16.740+0000][info][gc,heap        ] GC(596) Archive regions: 2->2
[2024-08-28T13:04:16.740+0000][info][gc,heap        ] GC(596) Humongous regions: 5->5
[2024-08-28T13:04:16.740+0000][info][gc,metaspace   ] GC(596) Metaspace: 100K(320K)->100K(320K) NonClass: 96K(192K)->96K(192K) Class: 4K(128K)->4K(128K)
[2024-08-28T13:04:16.740+0000][info][gc             ] GC(596) Pause Young (Prepare Mixed) (G1 Evacuation Pause) 854M->858M(1024M) 14.227ms
[2024-08-28T13:04:16.740+0000][info][gc,cpu         ] GC(596) User=0.33s Sys=0.00s Real=0.02s
[2024-08-28T13:04:16.764+0000][info][gc,start       ] GC(597) Pause Young (Mixed) (G1 Evacuation Pause)
[2024-08-28T13:04:16.764+0000][info][gc,task        ] GC(597) Using 24 workers of 68 for evacuation
[2024-08-28T13:04:16.776+0000][info][gc,phases      ] GC(597)   Pre Evacuate Collection Set: 0.2ms
[2024-08-28T13:04:16.776+0000][info][gc,phases      ] GC(597)   Merge Heap Roots: 0.3ms
[2024-08-28T13:04:16.776+0000][info][gc,phases      ] GC(597)   Evacuate Collection Set: 10.9ms
[2024-08-28T13:04:16.776+0000][info][gc,phases      ] GC(597)   Post Evacuate Collection Set: 0.4ms
[2024-08-28T13:04:16.776+0000][info][gc,phases      ] GC(597)   Other: 0.3ms
[2024-08-28T13:04:16.776+0000][info][gc,heap        ] GC(597) Eden regions: 44->0(44)
[2024-08-28T13:04:16.776+0000][info][gc,heap        ] GC(597) Survivor regions: 7->7(7)
[2024-08-28T13:04:16.776+0000][info][gc,heap        ] GC(597) Old regions: 856->800
[2024-08-28T13:04:16.776+0000][info][gc,heap        ] GC(597) Archive regions: 2->2
[2024-08-28T13:04:16.776+0000][info][gc,heap        ] GC(597) Humongous regions: 5->5
[2024-08-28T13:04:16.776+0000][info][gc,metaspace   ] GC(597) Metaspace: 100K(320K)->100K(320K) NonClass: 96K(192K)->96K(192K) Class: 4K(128K)->4K(128K)
[2024-08-28T13:04:16.776+0000][info][gc             ] GC(597) Pause Young (Mixed) (G1 Evacuation Pause) 902M->808M(1024M) 12.102ms
[2024-08-28T13:04:16.776+0000][info][gc,cpu         ] GC(597) User=0.27s Sys=0.00s Real=0.01s
[2024-08-28T13:04:16.800+0000][info][gc,start       ] GC(598) Pause Young (Mixed) (G1 Evacuation Pause)
[2024-08-28T13:04:16.800+0000][info][gc,task        ] GC(598) Using 24 workers of 68 for evacuation
[2024-08-28T13:04:16.813+0000][info][gc,phases      ] GC(598)   Pre Evacuate Collection Set: 0.2ms
[2024-08-28T13:04:16.813+0000][info][gc,phases      ] GC(598)   Merge Heap Roots: 0.5ms
[2024-08-28T13:04:16.813+0000][info][gc,phases      ] GC(598)   Evacuate Collection Set: 11.0ms
[2024-08-28T13:04:16.813+0000][info][gc,phases      ] GC(598)   Post Evacuate Collection Set: 0.3ms
[2024-08-28T13:04:16.813+0000][info][gc,phases      ] GC(598)   Other: 0.2ms
[2024-08-28T13:04:16.813+0000][info][gc,heap        ] GC(598) Eden regions: 44->0(47)
[2024-08-28T13:04:16.813+0000][info][gc,heap        ] GC(598) Survivor regions: 7->7(7)
[2024-08-28T13:04:16.813+0000][info][gc,heap        ] GC(598) Old regions: 800->756
[2024-08-28T13:04:16.813+0000][info][gc,heap        ] GC(598) Archive regions: 2->2
[2024-08-28T13:04:16.813+0000][info][gc,heap        ] GC(598) Humongous regions: 5->5
[2024-08-28T13:04:16.813+0000][info][gc,metaspace   ] GC(598) Metaspace: 100K(320K)->100K(320K) NonClass: 96K(192K)->96K(192K) Class: 4K(128K)->4K(128K)
[2024-08-28T13:04:16.813+0000][info][gc             ] GC(598) Pause Young (Mixed) (G1 Evacuation Pause) 852M->766M(1024M) 12.276ms
[2024-08-28T13:04:16.813+0000][info][gc,cpu         ] GC(598) User=0.27s Sys=0.00s Real=0.01s
[2024-08-28T13:04:16.838+0000][info][gc,start       ] GC(599) Pause Young (Concurrent Start) (G1 Evacuation Pause)
[2024-08-28T13:04:16.838+0000][info][gc,task        ] GC(599) Using 24 workers of 68 for evacuation
[2024-08-28T13:04:16.850+0000][info][gc,phases      ] GC(599)   Pre Evacuate Collection Set: 0.2ms
[2024-08-28T13:04:16.850+0000][info][gc,phases      ] GC(599)   Merge Heap Roots: 0.4ms
[2024-08-28T13:04:16.850+0000][info][gc,phases      ] GC(599)   Evacuate Collection Set: 10.2ms
[2024-08-28T13:04:16.850+0000][info][gc,phases      ] GC(599)   Post Evacuate Collection Set: 0.4ms
[2024-08-28T13:04:16.850+0000][info][gc,phases      ] GC(599)   Other: 0.6ms
[2024-08-28T13:04:16.850+0000][info][gc,heap        ] GC(599) Eden regions: 47->0(44)
[2024-08-28T13:04:16.850+0000][info][gc,heap        ] GC(599) Survivor regions: 7->7(7)
[2024-08-28T13:04:16.850+0000][info][gc,heap        ] GC(599) Old regions: 756->805
[2024-08-28T13:04:16.850+0000][info][gc,heap        ] GC(599) Archive regions: 2->2
[2024-08-28T13:04:16.850+0000][info][gc,heap        ] GC(599) Humongous regions: 5->5
[2024-08-28T13:04:16.850+0000][info][gc,metaspace   ] GC(599) Metaspace: 100K(320K)->100K(320K) NonClass: 96K(192K)->96K(192K) Class: 4K(128K)->4K(128K)
[2024-08-28T13:04:16.850+0000][info][gc             ] GC(599) Pause Young (Concurrent Start) (G1 Evacuation Pause) 813M->815M(1024M) 11.808ms
[2024-08-28T13:04:16.850+0000][info][gc,cpu         ] GC(599) User=0.25s Sys=0.00s Real=0.01s
[2024-08-28T13:04:16.850+0000][info][gc             ] GC(600) Concurrent Mark Cycle
[2024-08-28T13:04:16.850+0000][info][gc,marking     ] GC(600) Concurrent Clear Claimed Marks
[2024-08-28T13:04:16.850+0000][info][gc,marking     ] GC(600) Concurrent Clear Claimed Marks 0.012ms
[2024-08-28T13:04:16.850+0000][info][gc,marking     ] GC(600) Concurrent Scan Root Regions
[2024-08-28T13:04:16.852+0000][info][gc,marking     ] GC(600) Concurrent Scan Root Regions 1.836ms
[2024-08-28T13:04:16.852+0000][info][gc,marking     ] GC(600) Concurrent Mark
[2024-08-28T13:04:16.852+0000][info][gc,marking     ] GC(600) Concurrent Mark From Roots
[2024-08-28T13:04:16.852+0000][info][gc,task        ] GC(600) Using 17 workers of 17 for marking
[2024-08-28T13:04:16.878+0000][info][gc,marking     ] GC(600) Concurrent Mark From Roots 25.696ms
[2024-08-28T13:04:16.878+0000][info][gc,marking     ] GC(600) Concurrent Preclean
[2024-08-28T13:04:16.878+0000][info][gc,marking     ] GC(600) Concurrent Preclean 0.686ms
[2024-08-28T13:04:16.879+0000][info][gc,start       ] GC(600) Pause Remark
[2024-08-28T13:04:16.880+0000][info][gc             ] GC(600) Pause Remark 851M->851M(1024M) 1.255ms
[2024-08-28T13:04:16.880+0000][info][gc,cpu         ] GC(600) User=0.01s Sys=0.00s Real=0.00s
[2024-08-28T13:04:16.880+0000][info][gc,marking     ] GC(600) Concurrent Mark 27.955ms
[2024-08-28T13:04:16.880+0000][info][gc,marking     ] GC(600) Concurrent Rebuild Remembered Sets
[2024-08-28T13:04:16.886+0000][info][gc,start       ] GC(601) Pause Young (Normal) (G1 Evacuation Pause)
[2024-08-28T13:04:16.886+0000][info][gc,task        ] GC(601) Using 24 workers of 68 for evacuation
[2024-08-28T13:04:16.896+0000][info][gc,phases      ] GC(601)   Pre Evacuate Collection Set: 0.1ms
[2024-08-28T13:04:16.896+0000][info][gc,phases      ] GC(601)   Merge Heap Roots: 0.4ms
[2024-08-28T13:04:16.896+0000][info][gc,phases      ] GC(601)   Evacuate Collection Set: 9.6ms
[2024-08-28T13:04:16.896+0000][info][gc,phases      ] GC(601)   Post Evacuate Collection Set: 0.4ms
[2024-08-28T13:04:16.896+0000][info][gc,phases      ] GC(601)   Other: 0.2ms
[2024-08-28T13:04:16.896+0000][info][gc,heap        ] GC(601) Eden regions: 44->0(44)
[2024-08-28T13:04:16.896+0000][info][gc,heap        ] GC(601) Survivor regions: 7->7(7)
[2024-08-28T13:04:16.896+0000][info][gc,heap        ] GC(601) Old regions: 805->852
[2024-08-28T13:04:16.896+0000][info][gc,heap        ] GC(601) Archive regions: 2->2
[2024-08-28T13:04:16.896+0000][info][gc,heap        ] GC(601) Humongous regions: 5->5
[2024-08-28T13:04:16.896+0000][info][gc,metaspace   ] GC(601) Metaspace: 100K(320K)->100K(320K) NonClass: 96K(192K)->96K(192K) Class: 4K(128K)->4K(128K)
[2024-08-28T13:04:16.896+0000][info][gc             ] GC(601) Pause Young (Normal) (G1 Evacuation Pause) 859M->862M(1024M) 10.866ms
[2024-08-28T13:04:16.896+0000][info][gc,cpu         ] GC(601) User=0.24s Sys=0.00s Real=0.01s
[2024-08-28T13:04:16.922+0000][info][gc,start       ] GC(602) Pause Young (Normal) (G1 Evacuation Pause)
[2024-08-28T13:04:16.922+0000][info][gc,task        ] GC(602) Using 24 workers of 68 for evacuation
[2024-08-28T13:04:16.937+0000][info][gc,phases      ] GC(602)   Pre Evacuate Collection Set: 0.2ms
[2024-08-28T13:04:16.937+0000][info][gc,phases      ] GC(602)   Merge Heap Roots: 0.4ms
[2024-08-28T13:04:16.937+0000][info][gc,phases      ] GC(602)   Evacuate Collection Set: 13.3ms
[2024-08-28T13:04:16.937+0000][info][gc,phases      ] GC(602)   Post Evacuate Collection Set: 0.6ms
[2024-08-28T13:04:16.937+0000][info][gc,phases      ] GC(602)   Other: 0.3ms
[2024-08-28T13:04:16.937+0000][info][gc,heap        ] GC(602) Eden regions: 44->0(44)
[2024-08-28T13:04:16.937+0000][info][gc,heap        ] GC(602) Survivor regions: 7->7(7)
[2024-08-28T13:04:16.937+0000][info][gc,heap        ] GC(602) Old regions: 852->898
[2024-08-28T13:04:16.937+0000][info][gc,heap        ] GC(602) Archive regions: 2->2
[2024-08-28T13:04:16.937+0000][info][gc,heap        ] GC(602) Humongous regions: 5->5
[2024-08-28T13:04:16.937+0000][info][gc,metaspace   ] GC(602) Metaspace: 100K(320K)->100K(320K) NonClass: 96K(192K)->96K(192K) Class: 4K(128K)->4K(128K)
[2024-08-28T13:04:16.937+0000][info][gc             ] GC(602) Pause Young (Normal) (G1 Evacuation Pause) 906M->908M(1024M) 14.846ms
[2024-08-28T13:04:16.937+0000][info][gc,cpu         ] GC(602) User=0.33s Sys=0.00s Real=0.01s
[2024-08-28T13:04:16.963+0000][info][gc,start       ] GC(603) Pause Young (Normal) (G1 Evacuation Pause)
[2024-08-28T13:04:16.963+0000][info][gc,task        ] GC(603) Using 24 workers of 68 for evacuation
[2024-08-28T13:04:16.979+0000][info][gc,phases      ] GC(603)   Pre Evacuate Collection Set: 0.2ms
[2024-08-28T13:04:16.979+0000][info][gc,phases      ] GC(603)   Merge Heap Roots: 0.6ms
[2024-08-28T13:04:16.979+0000][info][gc,phases      ] GC(603)   Evacuate Collection Set: 14.8ms
[2024-08-28T13:04:16.979+0000][info][gc,phases      ] GC(603)   Post Evacuate Collection Set: 0.7ms
[2024-08-28T13:04:16.979+0000][info][gc,phases      ] GC(603)   Other: 0.3ms
[2024-08-28T13:04:16.979+0000][info][gc,heap        ] GC(603) Eden regions: 44->0(44)
[2024-08-28T13:04:16.979+0000][info][gc,heap        ] GC(603) Survivor regions: 7->7(7)
[2024-08-28T13:04:16.979+0000][info][gc,heap        ] GC(603) Old regions: 898->945
[2024-08-28T13:04:16.979+0000][info][gc,heap        ] GC(603) Archive regions: 2->2
[2024-08-28T13:04:16.980+0000][info][gc,heap        ] GC(603) Humongous regions: 5->5
[2024-08-28T13:04:16.980+0000][info][gc,metaspace   ] GC(603) Metaspace: 100K(320K)->100K(320K) NonClass: 96K(192K)->96K(192K) Class: 4K(128K)->4K(128K)
[2024-08-28T13:04:16.980+0000][info][gc             ] GC(603) Pause Young (Normal) (G1 Evacuation Pause) 952M->955M(1024M) 16.622ms
[2024-08-28T13:04:16.980+0000][info][gc,cpu         ] GC(603) User=0.38s Sys=0.00s Real=0.02s
[2024-08-28T13:04:16.993+0000][info][gc,marking     ] GC(600) Concurrent Rebuild Remembered Sets 113.002ms
[2024-08-28T13:04:16.993+0000][info][gc,start       ] GC(600) Pause Cleanup
[2024-08-28T13:04:16.995+0000][info][gc             ] GC(600) Pause Cleanup 976M->976M(1024M) 1.521ms
[2024-08-28T13:04:16.995+0000][info][gc,cpu         ] GC(600) User=0.00s Sys=0.00s Real=0.00s
[2024-08-28T13:04:16.995+0000][info][gc,marking     ] GC(600) Concurrent Cleanup for Next Mark
[2024-08-28T13:04:16.996+0000][info][gc,marking     ] GC(600) Concurrent Cleanup for Next Mark 1.115ms
[2024-08-28T13:04:16.996+0000][info][gc             ] GC(600) Concurrent Mark Cycle 145.896ms
[2024-08-28T13:04:16.999+0000][info][gc,start       ] GC(604) Pause Young (Prepare Mixed) (G1 Preventive Collection)
[2024-08-28T13:04:17.000+0000][info][gc,task        ] GC(604) Using 24 workers of 68 for evacuation
[2024-08-28T13:04:17.011+0000][info][gc,phases      ] GC(604)   Pre Evacuate Collection Set: 0.1ms
[2024-08-28T13:04:17.011+0000][info][gc,phases      ] GC(604)   Merge Heap Roots: 0.4ms
[2024-08-28T13:04:17.011+0000][info][gc,phases      ] GC(604)   Evacuate Collection Set: 10.8ms
[2024-08-28T13:04:17.011+0000][info][gc,phases      ] GC(604)   Post Evacuate Collection Set: 0.3ms
[2024-08-28T13:04:17.011+0000][info][gc,phases      ] GC(604)   Other: 0.2ms
[2024-08-28T13:04:17.011+0000][info][gc,heap        ] GC(604) Eden regions: 27->0(44)
[2024-08-28T13:04:17.011+0000][info][gc,heap        ] GC(604) Survivor regions: 7->7(7)
[2024-08-28T13:04:17.011+0000][info][gc,heap        ] GC(604) Old regions: 945->975
[2024-08-28T13:04:17.011+0000][info][gc,heap        ] GC(604) Archive regions: 2->2
[2024-08-28T13:04:17.011+0000][info][gc,heap        ] GC(604) Humongous regions: 5->5
[2024-08-28T13:04:17.011+0000][info][gc,metaspace   ] GC(604) Metaspace: 100K(320K)->100K(320K) NonClass: 96K(192K)->96K(192K) Class: 4K(128K)->4K(128K)
[2024-08-28T13:04:17.011+0000][info][gc             ] GC(604) Pause Young (Prepare Mixed) (G1 Preventive Collection) 982M->984M(1024M) 11.872ms
[2024-08-28T13:04:17.011+0000][info][gc,cpu         ] GC(604) User=0.26s Sys=0.00s Real=0.01s
[2024-08-28T13:04:17.018+0000][info][gc,start       ] GC(605) Pause Young (Mixed) (G1 Preventive Collection)
[2024-08-28T13:04:17.018+0000][info][gc,task        ] GC(605) Using 24 workers of 68 for evacuation
[2024-08-28T13:04:17.024+0000][info][gc,phases      ] GC(605)   Pre Evacuate Collection Set: 0.2ms
[2024-08-28T13:04:17.024+0000][info][gc,phases      ] GC(605)   Merge Heap Roots: 0.3ms
[2024-08-28T13:04:17.024+0000][info][gc,phases      ] GC(605)   Evacuate Collection Set: 4.9ms
[2024-08-28T13:04:17.024+0000][info][gc,phases      ] GC(605)   Post Evacuate Collection Set: 0.3ms
[2024-08-28T13:04:17.024+0000][info][gc,phases      ] GC(605)   Other: 0.2ms
[2024-08-28T13:04:17.024+0000][info][gc,heap        ] GC(605) Eden regions: 12->0(44)
[2024-08-28T13:04:17.024+0000][info][gc,heap        ] GC(605) Survivor regions: 7->7(7)
[2024-08-28T13:04:17.024+0000][info][gc,heap        ] GC(605) Old regions: 975->886
[2024-08-28T13:04:17.024+0000][info][gc,heap        ] GC(605) Archive regions: 2->2
[2024-08-28T13:04:17.024+0000][info][gc,heap        ] GC(605) Humongous regions: 5->5
[2024-08-28T13:04:17.024+0000][info][gc,metaspace   ] GC(605) Metaspace: 100K(320K)->100K(320K) NonClass: 96K(192K)->96K(192K) Class: 4K(128K)->4K(128K)
[2024-08-28T13:04:17.025+0000][info][gc             ] GC(605) Pause Young (Mixed) (G1 Preventive Collection) 996M->897M(1024M) 6.050ms
[2024-08-28T13:04:17.025+0000][info][gc,cpu         ] GC(605) User=0.13s Sys=0.00s Real=0.00s
[2024-08-28T13:04:17.048+0000][info][gc,start       ] GC(606) Pause Young (Mixed) (G1 Evacuation Pause)
[2024-08-28T13:04:17.048+0000][info][gc,task        ] GC(606) Using 24 workers of 68 for evacuation
[2024-08-28T13:04:17.059+0000][info][gc,phases      ] GC(606)   Pre Evacuate Collection Set: 0.2ms
[2024-08-28T13:04:17.059+0000][info][gc,phases      ] GC(606)   Merge Heap Roots: 0.3ms
[2024-08-28T13:04:17.059+0000][info][gc,phases      ] GC(606)   Evacuate Collection Set: 9.8ms
[2024-08-28T13:04:17.059+0000][info][gc,phases      ] GC(606)   Post Evacuate Collection Set: 0.5ms
[2024-08-28T13:04:17.059+0000][info][gc,phases      ] GC(606)   Other: 0.3ms
[2024-08-28T13:04:17.059+0000][info][gc,heap        ] GC(606) Eden regions: 44->0(44)
[2024-08-28T13:04:17.059+0000][info][gc,heap        ] GC(606) Survivor regions: 7->7(7)
[2024-08-28T13:04:17.059+0000][info][gc,heap        ] GC(606) Old regions: 886->828
[2024-08-28T13:04:17.059+0000][info][gc,heap        ] GC(606) Archive regions: 2->2
[2024-08-28T13:04:17.059+0000][info][gc,heap        ] GC(606) Humongous regions: 5->5
[2024-08-28T13:04:17.059+0000][info][gc,metaspace   ] GC(606) Metaspace: 100K(320K)->100K(320K) NonClass: 96K(192K)->96K(192K) Class: 4K(128K)->4K(128K)
[2024-08-28T13:04:17.059+0000][info][gc             ] GC(606) Pause Young (Mixed) (G1 Evacuation Pause) 941M->840M(1024M) 11.123ms
[2024-08-28T13:04:17.059+0000][info][gc,cpu         ] GC(606) User=0.24s Sys=0.00s Real=0.02s
[2024-08-28T13:04:17.083+0000][info][gc,start       ] GC(607) Pause Young (Mixed) (G1 Evacuation Pause)
[2024-08-28T13:04:17.083+0000][info][gc,task        ] GC(607) Using 24 workers of 68 for evacuation
[2024-08-28T13:04:17.096+0000][info][gc,phases      ] GC(607)   Pre Evacuate Collection Set: 0.2ms
[2024-08-28T13:04:17.096+0000][info][gc,phases      ] GC(607)   Merge Heap Roots: 0.5ms
[2024-08-28T13:04:17.096+0000][info][gc,phases      ] GC(607)   Evacuate Collection Set: 12.4ms
[2024-08-28T13:04:17.096+0000][info][gc,phases      ] GC(607)   Post Evacuate Collection Set: 0.4ms
[2024-08-28T13:04:17.096+0000][info][gc,phases      ] GC(607)   Other: 0.3ms
[2024-08-28T13:04:17.096+0000][info][gc,heap        ] GC(607) Eden regions: 44->0(44)
[2024-08-28T13:04:17.096+0000][info][gc,heap        ] GC(607) Survivor regions: 7->7(7)
[2024-08-28T13:04:17.096+0000][info][gc,heap        ] GC(607) Old regions: 828->788
[2024-08-28T13:04:17.096+0000][info][gc,heap        ] GC(607) Archive regions: 2->2
[2024-08-28T13:04:17.096+0000][info][gc,heap        ] GC(607) Humongous regions: 5->5
[2024-08-28T13:04:17.096+0000][info][gc,metaspace   ] GC(607) Metaspace: 100K(320K)->100K(320K) NonClass: 96K(192K)->96K(192K) Class: 4K(128K)->4K(128K)
[2024-08-28T13:04:17.096+0000][info][gc             ] GC(607) Pause Young (Mixed) (G1 Evacuation Pause) 884M->800M(1024M) 13.743ms
[2024-08-28T13:04:17.096+0000][info][gc,cpu         ] GC(607) User=0.30s Sys=0.00s Real=0.01s
[2024-08-28T13:04:17.121+0000][info][gc,start       ] GC(608) Pause Young (Mixed) (G1 Evacuation Pause)
[2024-08-28T13:04:17.121+0000][info][gc,task        ] GC(608) Using 24 workers of 68 for evacuation
[2024-08-28T13:04:17.134+0000][info][gc,phases      ] GC(608)   Pre Evacuate Collection Set: 0.2ms
[2024-08-28T13:04:17.134+0000][info][gc,phases      ] GC(608)   Merge Heap Roots: 0.3ms
[2024-08-28T13:04:17.134+0000][info][gc,phases      ] GC(608)   Evacuate Collection Set: 12.5ms
[2024-08-28T13:04:17.134+0000][info][gc,phases      ] GC(608)   Post Evacuate Collection Set: 0.3ms
[2024-08-28T13:04:17.134+0000][info][gc,phases      ] GC(608)   Other: 0.2ms
[2024-08-28T13:04:17.134+0000][info][gc,heap        ] GC(608) Eden regions: 44->0(44)
[2024-08-28T13:04:17.134+0000][info][gc,heap        ] GC(608) Survivor regions: 7->7(7)
[2024-08-28T13:04:17.134+0000][info][gc,heap        ] GC(608) Old regions: 788->809
[2024-08-28T13:04:17.134+0000][info][gc,heap        ] GC(608) Archive regions: 2->2
[2024-08-28T13:04:17.134+0000][info][gc,heap        ] GC(608) Humongous regions: 5->5
[2024-08-28T13:04:17.134+0000][info][gc,metaspace   ] GC(608) Metaspace: 100K(320K)->100K(320K) NonClass: 96K(192K)->96K(192K) Class: 4K(128K)->4K(128K)
[2024-08-28T13:04:17.134+0000][info][gc             ] GC(608) Pause Young (Mixed) (G1 Evacuation Pause) 844M->821M(1024M) 13.582ms
[2024-08-28T13:04:17.134+0000][info][gc,cpu         ] GC(608) User=0.30s Sys=0.00s Real=0.01s
[2024-08-28T13:04:17.157+0000][info][gc,start       ] GC(609) Pause Young (Concurrent Start) (G1 Evacuation Pause)
[2024-08-28T13:04:17.157+0000][info][gc,task        ] GC(609) Using 24 workers of 68 for evacuation
[2024-08-28T13:04:17.169+0000][info][gc,phases      ] GC(609)   Pre Evacuate Collection Set: 0.2ms
[2024-08-28T13:04:17.169+0000][info][gc,phases      ] GC(609)   Merge Heap Roots: 0.3ms
[2024-08-28T13:04:17.169+0000][info][gc,phases      ] GC(609)   Evacuate Collection Set: 10.2ms
[2024-08-28T13:04:17.169+0000][info][gc,phases      ] GC(609)   Post Evacuate Collection Set: 0.3ms
[2024-08-28T13:04:17.169+0000][info][gc,phases      ] GC(609)   Other: 0.8ms
[2024-08-28T13:04:17.169+0000][info][gc,heap        ] GC(609) Eden regions: 44->0(44)
[2024-08-28T13:04:17.169+0000][info][gc,heap        ] GC(609) Survivor regions: 7->7(7)
[2024-08-28T13:04:17.169+0000][info][gc,heap        ] GC(609) Old regions: 809->857
[2024-08-28T13:04:17.169+0000][info][gc,heap        ] GC(609) Archive regions: 2->2
[2024-08-28T13:04:17.169+0000][info][gc,heap        ] GC(609) Humongous regions: 5->5
[2024-08-28T13:04:17.169+0000][info][gc,metaspace   ] GC(609) Metaspace: 100K(320K)->100K(320K) NonClass: 96K(192K)->96K(192K) Class: 4K(128K)->4K(128K)
[2024-08-28T13:04:17.169+0000][info][gc             ] GC(609) Pause Young (Concurrent Start) (G1 Evacuation Pause) 865M->869M(1024M) 11.812ms
[2024-08-28T13:04:17.169+0000][info][gc,cpu         ] GC(609) User=0.25s Sys=0.00s Real=0.01s
[2024-08-28T13:04:17.169+0000][info][gc             ] GC(610) Concurrent Mark Cycle
[2024-08-28T13:04:17.169+0000][info][gc,marking     ] GC(610) Concurrent Clear Claimed Marks
[2024-08-28T13:04:17.169+0000][info][gc,marking     ] GC(610) Concurrent Clear Claimed Marks 0.012ms
[2024-08-28T13:04:17.169+0000][info][gc,marking     ] GC(610) Concurrent Scan Root Regions
[2024-08-28T13:04:17.171+0000][info][gc,marking     ] GC(610) Concurrent Scan Root Regions 1.796ms
[2024-08-28T13:04:17.171+0000][info][gc,marking     ] GC(610) Concurrent Mark
[2024-08-28T13:04:17.171+0000][info][gc,marking     ] GC(610) Concurrent Mark From Roots
[2024-08-28T13:04:17.171+0000][info][gc,task        ] GC(610) Using 17 workers of 17 for marking
[2024-08-28T13:04:17.197+0000][info][gc,marking     ] GC(610) Concurrent Mark From Roots 25.773ms
[2024-08-28T13:04:17.197+0000][info][gc,marking     ] GC(610) Concurrent Preclean
[2024-08-28T13:04:17.197+0000][info][gc,marking     ] GC(610) Concurrent Preclean 0.500ms
[2024-08-28T13:04:17.198+0000][info][gc,start       ] GC(610) Pause Remark
[2024-08-28T13:04:17.199+0000][info][gc             ] GC(610) Pause Remark 906M->906M(1024M) 1.600ms
[2024-08-28T13:04:17.199+0000][info][gc,cpu         ] GC(610) User=0.01s Sys=0.00s Real=0.00s
[2024-08-28T13:04:17.199+0000][info][gc,marking     ] GC(610) Concurrent Mark 28.281ms
[2024-08-28T13:04:17.199+0000][info][gc,marking     ] GC(610) Concurrent Rebuild Remembered Sets
[2024-08-28T13:04:17.204+0000][info][gc,start       ] GC(611) Pause Young (Normal) (G1 Evacuation Pause)
[2024-08-28T13:04:17.204+0000][info][gc,task        ] GC(611) Using 24 workers of 68 for evacuation
[2024-08-28T13:04:17.215+0000][info][gc,phases      ] GC(611)   Pre Evacuate Collection Set: 0.2ms
[2024-08-28T13:04:17.215+0000][info][gc,phases      ] GC(611)   Merge Heap Roots: 0.4ms
[2024-08-28T13:04:17.215+0000][info][gc,phases      ] GC(611)   Evacuate Collection Set: 9.7ms
[2024-08-28T13:04:17.215+0000][info][gc,phases      ] GC(611)   Post Evacuate Collection Set: 0.4ms
[2024-08-28T13:04:17.215+0000][info][gc,phases      ] GC(611)   Other: 0.2ms
[2024-08-28T13:04:17.215+0000][info][gc,heap        ] GC(611) Eden regions: 44->0(44)
[2024-08-28T13:04:17.215+0000][info][gc,heap        ] GC(611) Survivor regions: 7->7(7)
[2024-08-28T13:04:17.215+0000][info][gc,heap        ] GC(611) Old regions: 857->904
[2024-08-28T13:04:17.215+0000][info][gc,heap        ] GC(611) Archive regions: 2->2
[2024-08-28T13:04:17.215+0000][info][gc,heap        ] GC(611) Humongous regions: 5->5
[2024-08-28T13:04:17.215+0000][info][gc,metaspace   ] GC(611) Metaspace: 100K(320K)->100K(320K) NonClass: 96K(192K)->96K(192K) Class: 4K(128K)->4K(128K)
[2024-08-28T13:04:17.215+0000][info][gc             ] GC(611) Pause Young (Normal) (G1 Evacuation Pause) 913M->916M(1024M) 10.964ms
[2024-08-28T13:04:17.215+0000][info][gc,cpu         ] GC(611) User=0.24s Sys=0.00s Real=0.01s
[2024-08-28T13:04:17.241+0000][info][gc,start       ] GC(612) Pause Young (Normal) (G1 Evacuation Pause)
[2024-08-28T13:04:17.241+0000][info][gc,task        ] GC(612) Using 24 workers of 68 for evacuation
[2024-08-28T13:04:17.255+0000][info][gc,phases      ] GC(612)   Pre Evacuate Collection Set: 0.2ms
[2024-08-28T13:04:17.255+0000][info][gc,phases      ] GC(612)   Merge Heap Roots: 0.3ms
[2024-08-28T13:04:17.255+0000][info][gc,phases      ] GC(612)   Evacuate Collection Set: 13.1ms
[2024-08-28T13:04:17.255+0000][info][gc,phases      ] GC(612)   Post Evacuate Collection Set: 0.6ms
[2024-08-28T13:04:17.255+0000][info][gc,phases      ] GC(612)   Other: 0.3ms
[2024-08-28T13:04:17.255+0000][info][gc,heap        ] GC(612) Eden regions: 44->0(44)
[2024-08-28T13:04:17.255+0000][info][gc,heap        ] GC(612) Survivor regions: 7->7(7)
[2024-08-28T13:04:17.255+0000][info][gc,heap        ] GC(612) Old regions: 904->951
[2024-08-28T13:04:17.255+0000][info][gc,heap        ] GC(612) Archive regions: 2->2
[2024-08-28T13:04:17.255+0000][info][gc,heap        ] GC(612) Humongous regions: 5->5
[2024-08-28T13:04:17.255+0000][info][gc,metaspace   ] GC(612) Metaspace: 100K(320K)->100K(320K) NonClass: 96K(192K)->96K(192K) Class: 4K(128K)->4K(128K)
[2024-08-28T13:04:17.255+0000][info][gc             ] GC(612) Pause Young (Normal) (G1 Evacuation Pause) 960M->963M(1024M) 14.535ms
[2024-08-28T13:04:17.255+0000][info][gc,cpu         ] GC(612) User=0.33s Sys=0.00s Real=0.01s
[2024-08-28T13:04:17.270+0000][info][gc,start       ] GC(613) Pause Young (Normal) (G1 Preventive Collection)
[2024-08-28T13:04:17.270+0000][info][gc,task        ] GC(613) Using 24 workers of 68 for evacuation
[2024-08-28T13:04:17.283+0000][info][gc,phases      ] GC(613)   Pre Evacuate Collection Set: 0.2ms
[2024-08-28T13:04:17.283+0000][info][gc,phases      ] GC(613)   Merge Heap Roots: 0.5ms
[2024-08-28T13:04:17.283+0000][info][gc,phases      ] GC(613)   Evacuate Collection Set: 12.1ms
[2024-08-28T13:04:17.283+0000][info][gc,phases      ] GC(613)   Post Evacuate Collection Set: 0.6ms
[2024-08-28T13:04:17.283+0000][info][gc,phases      ] GC(613)   Other: 0.3ms
[2024-08-28T13:04:17.283+0000][info][gc,heap        ] GC(613) Eden regions: 24->0(44)
[2024-08-28T13:04:17.283+0000][info][gc,heap        ] GC(613) Survivor regions: 7->7(7)
[2024-08-28T13:04:17.283+0000][info][gc,heap        ] GC(613) Old regions: 951->978
[2024-08-28T13:04:17.283+0000][info][gc,heap        ] GC(613) Archive regions: 2->2
[2024-08-28T13:04:17.283+0000][info][gc,heap        ] GC(613) Humongous regions: 5->5
[2024-08-28T13:04:17.283+0000][info][gc,metaspace   ] GC(613) Metaspace: 100K(320K)->100K(320K) NonClass: 96K(192K)->96K(192K) Class: 4K(128K)->4K(128K)
[2024-08-28T13:04:17.283+0000][info][gc             ] GC(613) Pause Young (Normal) (G1 Preventive Collection) 987M->990M(1024M) 13.800ms
[2024-08-28T13:04:17.283+0000][info][gc,cpu         ] GC(613) User=0.31s Sys=0.00s Real=0.01s
[2024-08-28T13:04:17.290+0000][info][gc,start       ] GC(614) Pause Young (Normal) (G1 Preventive Collection)
[2024-08-28T13:04:17.290+0000][info][gc,task        ] GC(614) Using 24 workers of 68 for evacuation
[2024-08-28T13:04:17.300+0000][info][gc,phases      ] GC(614)   Pre Evacuate Collection Set: 0.1ms
[2024-08-28T13:04:17.300+0000][info][gc,phases      ] GC(614)   Merge Heap Roots: 0.4ms
[2024-08-28T13:04:17.300+0000][info][gc,phases      ] GC(614)   Evacuate Collection Set: 8.8ms
[2024-08-28T13:04:17.300+0000][info][gc,phases      ] GC(614)   Post Evacuate Collection Set: 0.5ms
[2024-08-28T13:04:17.300+0000][info][gc,phases      ] GC(614)   Other: 0.2ms
[2024-08-28T13:04:17.300+0000][info][gc,heap        ] GC(614) Eden regions: 11->0(44)
[2024-08-28T13:04:17.300+0000][info][gc,heap        ] GC(614) Survivor regions: 7->7(7)
[2024-08-28T13:04:17.300+0000][info][gc,heap        ] GC(614) Old regions: 978->991
[2024-08-28T13:04:17.300+0000][info][gc,heap        ] GC(614) Archive regions: 2->2
[2024-08-28T13:04:17.300+0000][info][gc,heap        ] GC(614) Humongous regions: 5->5
[2024-08-28T13:04:17.300+0000][info][gc,metaspace   ] GC(614) Metaspace: 100K(320K)->100K(320K) NonClass: 96K(192K)->96K(192K) Class: 4K(128K)->4K(128K)
[2024-08-28T13:04:17.300+0000][info][gc             ] GC(614) Pause Young (Normal) (G1 Preventive Collection) 1001M->1003M(1024M) 10.023ms
[2024-08-28T13:04:17.300+0000][info][gc,cpu         ] GC(614) User=0.22s Sys=0.00s Real=0.01s
[2024-08-28T13:04:17.304+0000][info][gc,start       ] GC(615) Pause Young (Normal) (G1 Preventive Collection)
[2024-08-28T13:04:17.304+0000][info][gc,task        ] GC(615) Using 24 workers of 68 for evacuation
[2024-08-28T13:04:17.313+0000][info][gc             ] GC(615) To-space exhausted
[2024-08-28T13:04:17.313+0000][info][gc,phases      ] GC(615)   Pre Evacuate Collection Set: 0.1ms
[2024-08-28T13:04:17.313+0000][info][gc,phases      ] GC(615)   Merge Heap Roots: 0.5ms
[2024-08-28T13:04:17.313+0000][info][gc,phases      ] GC(615)   Evacuate Collection Set: 7.2ms
[2024-08-28T13:04:17.313+0000][info][gc,phases      ] GC(615)   Post Evacuate Collection Set: 0.8ms
[2024-08-28T13:04:17.313+0000][info][gc,phases      ] GC(615)   Other: 0.2ms
[2024-08-28T13:04:17.313+0000][info][gc,heap        ] GC(615) Eden regions: 5->0(46)
[2024-08-28T13:04:17.313+0000][info][gc,heap        ] GC(615) Survivor regions: 7->5(7)
[2024-08-28T13:04:17.313+0000][info][gc,heap        ] GC(615) Old regions: 991->1010
[2024-08-28T13:04:17.313+0000][info][gc,heap        ] GC(615) Archive regions: 2->2
[2024-08-28T13:04:17.313+0000][info][gc,heap        ] GC(615) Humongous regions: 5->5
[2024-08-28T13:04:17.313+0000][info][gc,metaspace   ] GC(615) Metaspace: 100K(320K)->100K(320K) NonClass: 96K(192K)->96K(192K) Class: 4K(128K)->4K(128K)
[2024-08-28T13:04:17.313+0000][info][gc             ] GC(615) Pause Young (Normal) (G1 Preventive Collection) 1008M->1020M(1024M) 8.900ms
[2024-08-28T13:04:17.313+0000][info][gc,cpu         ] GC(615) User=0.19s Sys=0.00s Real=0.01s
[2024-08-28T13:04:17.314+0000][info][gc,start       ] GC(616) Pause Young (Normal) (G1 Preventive Collection)
[2024-08-28T13:04:17.314+0000][info][gc,task        ] GC(616) Using 24 workers of 68 for evacuation
[2024-08-28T13:04:17.321+0000][info][gc             ] GC(616) To-space exhausted
[2024-08-28T13:04:17.321+0000][info][gc,phases      ] GC(616)   Pre Evacuate Collection Set: 0.1ms
[2024-08-28T13:04:17.322+0000][info][gc,phases      ] GC(616)   Merge Heap Roots: 0.6ms
[2024-08-28T13:04:17.322+0000][info][gc,phases      ] GC(616)   Evacuate Collection Set: 5.9ms
[2024-08-28T13:04:17.322+0000][info][gc,phases      ] GC(616)   Post Evacuate Collection Set: 0.9ms
[2024-08-28T13:04:17.322+0000][info][gc,phases      ] GC(616)   Other: 0.2ms
[2024-08-28T13:04:17.322+0000][info][gc,heap        ] GC(616) Eden regions: 1->0(51)
[2024-08-28T13:04:17.322+0000][info][gc,heap        ] GC(616) Survivor regions: 5->0(1)
[2024-08-28T13:04:17.322+0000][info][gc,heap        ] GC(616) Old regions: 1010->1017
[2024-08-28T13:04:17.322+0000][info][gc,heap        ] GC(616) Archive regions: 2->2
[2024-08-28T13:04:17.322+0000][info][gc,heap        ] GC(616) Humongous regions: 5->5
[2024-08-28T13:04:17.322+0000][info][gc,metaspace   ] GC(616) Metaspace: 100K(320K)->100K(320K) NonClass: 96K(192K)->96K(192K) Class: 4K(128K)->4K(128K)
[2024-08-28T13:04:17.322+0000][info][gc             ] GC(616) Pause Young (Normal) (G1 Preventive Collection) 1021M->1022M(1024M) 7.788ms
[2024-08-28T13:04:17.322+0000][info][gc,cpu         ] GC(616) User=0.16s Sys=0.01s Real=0.01s
[2024-08-28T13:04:17.322+0000][info][gc,ergo        ] Attempting full compaction
[2024-08-28T13:04:17.322+0000][info][gc,task        ] GC(617) Using 24 workers of 68 for full compaction
[2024-08-28T13:04:17.322+0000][info][gc,start       ] GC(617) Pause Full (G1 Compaction Pause)
[2024-08-28T13:04:17.323+0000][info][gc,phases,start] GC(617) Phase 1: Mark live objects
[2024-08-28T13:04:17.338+0000][info][gc,phases      ] GC(617) Phase 1: Mark live objects 15.561ms
[2024-08-28T13:04:17.338+0000][info][gc,phases,start] GC(617) Phase 2: Prepare for compaction
[2024-08-28T13:04:17.348+0000][info][gc,phases      ] GC(617) Phase 2: Prepare for compaction 9.342ms
[2024-08-28T13:04:17.348+0000][info][gc,phases,start] GC(617) Phase 3: Adjust pointers
[2024-08-28T13:04:17.366+0000][info][gc,phases      ] GC(617) Phase 3: Adjust pointers 17.847ms
[2024-08-28T13:04:17.366+0000][info][gc,phases,start] GC(617) Phase 4: Compact heap
[2024-08-28T13:04:17.398+0000][info][gc,phases      ] GC(617) Phase 4: Compact heap 32.561ms
[2024-08-28T13:04:17.400+0000][info][gc,heap        ] GC(617) Eden regions: 0->0(150)
[2024-08-28T13:04:17.400+0000][info][gc,heap        ] GC(617) Survivor regions: 0->0(1)
[2024-08-28T13:04:17.400+0000][info][gc,heap        ] GC(617) Old regions: 1017->443
[2024-08-28T13:04:17.400+0000][info][gc,heap        ] GC(617) Archive regions: 2->2
[2024-08-28T13:04:17.400+0000][info][gc,heap        ] GC(617) Humongous regions: 5->5
[2024-08-28T13:04:17.400+0000][info][gc,metaspace   ] GC(617) Metaspace: 100K(320K)->100K(320K) NonClass: 96K(192K)->96K(192K) Class: 4K(128K)->4K(128K)
[2024-08-28T13:04:17.400+0000][info][gc             ] GC(617) Pause Full (G1 Compaction Pause) 1022M->435M(1024M) 77.845ms
[2024-08-28T13:04:17.400+0000][info][gc,cpu         ] GC(617) User=1.63s Sys=0.00s Real=0.08s
[2024-08-28T13:04:17.400+0000][info][gc,marking     ] GC(610) Concurrent Rebuild Remembered Sets 200.948ms
[2024-08-28T13:04:17.400+0000][info][gc,marking     ] GC(610) Concurrent Mark Abort
[2024-08-28T13:04:17.400+0000][info][gc             ] GC(610) Concurrent Mark Cycle 231.196ms
[2024-08-28T13:04:17.488+0000][info][gc,start       ] GC(618) Pause Young (Normal) (G1 Evacuation Pause)
[2024-08-28T13:04:17.488+0000][info][gc,task        ] GC(618) Using 24 workers of 68 for evacuation
[2024-08-28T13:04:17.512+0000][info][gc,phases      ] GC(618)   Pre Evacuate Collection Set: 0.2ms
[2024-08-28T13:04:17.512+0000][info][gc,phases      ] GC(618)   Merge Heap Roots: 0.4ms
[2024-08-28T13:04:17.512+0000][info][gc,phases      ] GC(618)   Evacuate Collection Set: 22.2ms
[2024-08-28T13:04:17.512+0000][info][gc,phases      ] GC(618)   Post Evacuate Collection Set: 0.4ms
[2024-08-28T13:04:17.512+0000][info][gc,phases      ] GC(618)   Other: 0.3ms
[2024-08-28T13:04:17.512+0000][info][gc,heap        ] GC(618) Eden regions: 150->0(102)
[2024-08-28T13:04:17.512+0000][info][gc,heap        ] GC(618) Survivor regions: 0->19(19)
[2024-08-28T13:04:17.512+0000][info][gc,heap        ] GC(618) Old regions: 443->572
[2024-08-28T13:04:17.512+0000][info][gc,heap        ] GC(618) Archive regions: 2->2
[2024-08-28T13:04:17.512+0000][info][gc,heap        ] GC(618) Humongous regions: 5->5
[2024-08-28T13:04:17.512+0000][info][gc,metaspace   ] GC(618) Metaspace: 100K(320K)->100K(320K) NonClass: 96K(192K)->96K(192K) Class: 4K(128K)->4K(128K)
[2024-08-28T13:04:17.512+0000][info][gc             ] GC(618) Pause Young (Normal) (G1 Evacuation Pause) 585M->583M(1024M) 23.646ms
[2024-08-28T13:04:17.512+0000][info][gc,cpu         ] GC(618) User=0.53s Sys=0.00s Real=0.03s
[2024-08-28T13:04:17.569+0000][info][gc,start       ] GC(619) Pause Young (Concurrent Start) (G1 Evacuation Pause)
[2024-08-28T13:04:17.569+0000][info][gc,task        ] GC(619) Using 24 workers of 68 for evacuation
[2024-08-28T13:04:17.589+0000][info][gc,phases      ] GC(619)   Pre Evacuate Collection Set: 0.2ms
[2024-08-28T13:04:17.589+0000][info][gc,phases      ] GC(619)   Merge Heap Roots: 0.4ms
[2024-08-28T13:04:17.589+0000][info][gc,phases      ] GC(619)   Evacuate Collection Set: 18.5ms
[2024-08-28T13:04:17.590+0000][info][gc,phases      ] GC(619)   Post Evacuate Collection Set: 0.4ms
[2024-08-28T13:04:17.590+0000][info][gc,phases      ] GC(619)   Other: 1.0ms
[2024-08-28T13:04:17.590+0000][info][gc,heap        ] GC(619) Eden regions: 102->0(70)
[2024-08-28T13:04:17.590+0000][info][gc,heap        ] GC(619) Survivor regions: 19->16(16)
[2024-08-28T13:04:17.590+0000][info][gc,heap        ] GC(619) Old regions: 572->677
[2024-08-28T13:04:17.590+0000][info][gc,heap        ] GC(619) Archive regions: 2->2
[2024-08-28T13:04:17.590+0000][info][gc,heap        ] GC(619) Humongous regions: 5->5
[2024-08-28T13:04:17.590+0000][info][gc,metaspace   ] GC(619) Metaspace: 100K(320K)->100K(320K) NonClass: 96K(192K)->96K(192K) Class: 4K(128K)->4K(128K)
[2024-08-28T13:04:17.590+0000][info][gc             ] GC(619) Pause Young (Concurrent Start) (G1 Evacuation Pause) 685M->685M(1024M) 20.630ms
[2024-08-28T13:04:17.590+0000][info][gc,cpu         ] GC(619) User=0.45s Sys=0.00s Real=0.03s
[2024-08-28T13:04:17.590+0000][info][gc             ] GC(620) Concurrent Mark Cycle
[2024-08-28T13:04:17.590+0000][info][gc,marking     ] GC(620) Concurrent Clear Claimed Marks
[2024-08-28T13:04:17.590+0000][info][gc,marking     ] GC(620) Concurrent Clear Claimed Marks 0.010ms
[2024-08-28T13:04:17.590+0000][info][gc,marking     ] GC(620) Concurrent Scan Root Regions
[2024-08-28T13:04:17.593+0000][info][gc,marking     ] GC(620) Concurrent Scan Root Regions 3.483ms
[2024-08-28T13:04:17.593+0000][info][gc,marking     ] GC(620) Concurrent Mark
[2024-08-28T13:04:17.593+0000][info][gc,marking     ] GC(620) Concurrent Mark From Roots
[2024-08-28T13:04:17.593+0000][info][gc,task        ] GC(620) Using 17 workers of 17 for marking
[2024-08-28T13:04:17.615+0000][info][gc,marking     ] GC(620) Concurrent Mark From Roots 21.434ms
[2024-08-28T13:04:17.615+0000][info][gc,marking     ] GC(620) Concurrent Preclean
[2024-08-28T13:04:17.615+0000][info][gc,marking     ] GC(620) Concurrent Preclean 0.499ms
[2024-08-28T13:04:17.616+0000][info][gc,start       ] GC(620) Pause Remark
[2024-08-28T13:04:17.617+0000][info][gc             ] GC(620) Pause Remark 718M->718M(1024M) 1.519ms
[2024-08-28T13:04:17.617+0000][info][gc,cpu         ] GC(620) User=0.01s Sys=0.00s Real=0.00s
[2024-08-28T13:04:17.617+0000][info][gc,marking     ] GC(620) Concurrent Mark 23.881ms
[2024-08-28T13:04:17.617+0000][info][gc,marking     ] GC(620) Concurrent Rebuild Remembered Sets
[2024-08-28T13:04:17.639+0000][info][gc,start       ] GC(621) Pause Young (Normal) (G1 Evacuation Pause)
[2024-08-28T13:04:17.639+0000][info][gc,task        ] GC(621) Using 24 workers of 68 for evacuation
[2024-08-28T13:04:17.656+0000][info][gc,phases      ] GC(621)   Pre Evacuate Collection Set: 0.2ms
[2024-08-28T13:04:17.656+0000][info][gc,phases      ] GC(621)   Merge Heap Roots: 0.3ms
[2024-08-28T13:04:17.656+0000][info][gc,phases      ] GC(621)   Evacuate Collection Set: 16.3ms
[2024-08-28T13:04:17.656+0000][info][gc,phases      ] GC(621)   Post Evacuate Collection Set: 0.5ms
[2024-08-28T13:04:17.656+0000][info][gc,phases      ] GC(621)   Other: 0.3ms
[2024-08-28T13:04:17.656+0000][info][gc,heap        ] GC(621) Eden regions: 70->0(46)
[2024-08-28T13:04:17.657+0000][info][gc,heap        ] GC(621) Survivor regions: 16->11(11)
[2024-08-28T13:04:17.657+0000][info][gc,heap        ] GC(621) Old regions: 677->754
[2024-08-28T13:04:17.657+0000][info][gc,heap        ] GC(621) Archive regions: 2->2
[2024-08-28T13:04:17.657+0000][info][gc,heap        ] GC(621) Humongous regions: 5->5
[2024-08-28T13:04:17.657+0000][info][gc,metaspace   ] GC(621) Metaspace: 100K(320K)->100K(320K) NonClass: 96K(192K)->96K(192K) Class: 4K(128K)->4K(128K)
[2024-08-28T13:04:17.657+0000][info][gc             ] GC(621) Pause Young (Normal) (G1 Evacuation Pause) 755M->757M(1024M) 17.716ms
[2024-08-28T13:04:17.657+0000][info][gc,cpu         ] GC(621) User=0.40s Sys=0.00s Real=0.01s
[2024-08-28T13:04:17.683+0000][info][gc,start       ] GC(622) Pause Young (Normal) (G1 Evacuation Pause)
[2024-08-28T13:04:17.683+0000][info][gc,task        ] GC(622) Using 24 workers of 68 for evacuation
[2024-08-28T13:04:17.704+0000][info][gc,phases      ] GC(622)   Pre Evacuate Collection Set: 0.2ms
[2024-08-28T13:04:17.704+0000][info][gc,phases      ] GC(622)   Merge Heap Roots: 0.5ms
[2024-08-28T13:04:17.704+0000][info][gc,phases      ] GC(622)   Evacuate Collection Set: 19.2ms
[2024-08-28T13:04:17.704+0000][info][gc,phases      ] GC(622)   Post Evacuate Collection Set: 0.6ms
[2024-08-28T13:04:17.704+0000][info][gc,phases      ] GC(622)   Other: 0.3ms
[2024-08-28T13:04:17.704+0000][info][gc,heap        ] GC(622) Eden regions: 46->0(43)
[2024-08-28T13:04:17.704+0000][info][gc,heap        ] GC(622) Survivor regions: 11->8(8)
[2024-08-28T13:04:17.704+0000][info][gc,heap        ] GC(622) Old regions: 754->808
[2024-08-28T13:04:17.704+0000][info][gc,heap        ] GC(622) Archive regions: 2->2
[2024-08-28T13:04:17.704+0000][info][gc,heap        ] GC(622) Humongous regions: 5->5
[2024-08-28T13:04:17.704+0000][info][gc,metaspace   ] GC(622) Metaspace: 100K(320K)->100K(320K) NonClass: 96K(192K)->96K(192K) Class: 4K(128K)->4K(128K)
[2024-08-28T13:04:17.704+0000][info][gc             ] GC(622) Pause Young (Normal) (G1 Evacuation Pause) 803M->808M(1024M) 20.881ms
[2024-08-28T13:04:17.704+0000][info][gc,cpu         ] GC(622) User=0.48s Sys=0.00s Real=0.02s
[2024-08-28T13:04:17.725+0000][info][gc,marking     ] GC(620) Concurrent Rebuild Remembered Sets 108.062ms
[2024-08-28T13:04:17.726+0000][info][gc,start       ] GC(620) Pause Cleanup
[2024-08-28T13:04:17.728+0000][info][gc             ] GC(620) Pause Cleanup 845M->845M(1024M) 1.983ms
[2024-08-28T13:04:17.728+0000][info][gc,cpu         ] GC(620) User=0.00s Sys=0.00s Real=0.00s
[2024-08-28T13:04:17.728+0000][info][gc,marking     ] GC(620) Concurrent Cleanup for Next Mark
[2024-08-28T13:04:17.729+0000][info][gc,marking     ] GC(620) Concurrent Cleanup for Next Mark 1.030ms
[2024-08-28T13:04:17.729+0000][info][gc             ] GC(620) Concurrent Mark Cycle 139.008ms
[2024-08-28T13:04:17.733+0000][info][gc,start       ] GC(623) Pause Young (Prepare Mixed) (G1 Evacuation Pause)
[2024-08-28T13:04:17.733+0000][info][gc,task        ] GC(623) Using 24 workers of 68 for evacuation
[2024-08-28T13:04:17.749+0000][info][gc,phases      ] GC(623)   Pre Evacuate Collection Set: 0.1ms
[2024-08-28T13:04:17.749+0000][info][gc,phases      ] GC(623)   Merge Heap Roots: 0.5ms
[2024-08-28T13:04:17.749+0000][info][gc,phases      ] GC(623)   Evacuate Collection Set: 14.8ms
[2024-08-28T13:04:17.749+0000][info][gc,phases      ] GC(623)   Post Evacuate Collection Set: 0.3ms
[2024-08-28T13:04:17.749+0000][info][gc,phases      ] GC(623)   Other: 0.2ms
[2024-08-28T13:04:17.749+0000][info][gc,heap        ] GC(623) Eden regions: 43->0(44)
[2024-08-28T13:04:17.749+0000][info][gc,heap        ] GC(623) Survivor regions: 8->7(7)
[2024-08-28T13:04:17.749+0000][info][gc,heap        ] GC(623) Old regions: 808->856
[2024-08-28T13:04:17.749+0000][info][gc,heap        ] GC(623) Archive regions: 2->2
[2024-08-28T13:04:17.749+0000][info][gc,heap        ] GC(623) Humongous regions: 5->5
[2024-08-28T13:04:17.749+0000][info][gc,metaspace   ] GC(623) Metaspace: 100K(320K)->100K(320K) NonClass: 96K(192K)->96K(192K) Class: 4K(128K)->4K(128K)
[2024-08-28T13:04:17.749+0000][info][gc             ] GC(623) Pause Young (Prepare Mixed) (G1 Evacuation Pause) 851M->855M(1024M) 16.061ms
[2024-08-28T13:04:17.749+0000][info][gc,cpu         ] GC(623) User=0.37s Sys=0.00s Real=0.01s
[2024-08-28T13:04:17.776+0000][info][gc,start       ] GC(624) Pause Young (Mixed) (G1 Evacuation Pause)
[2024-08-28T13:04:17.776+0000][info][gc,task        ] GC(624) Using 24 workers of 68 for evacuation
[2024-08-28T13:04:17.789+0000][info][gc,phases      ] GC(624)   Pre Evacuate Collection Set: 0.2ms
[2024-08-28T13:04:17.789+0000][info][gc,phases      ] GC(624)   Merge Heap Roots: 0.3ms
[2024-08-28T13:04:17.789+0000][info][gc,phases      ] GC(624)   Evacuate Collection Set: 11.6ms
[2024-08-28T13:04:17.789+0000][info][gc,phases      ] GC(624)   Post Evacuate Collection Set: 0.5ms
[2024-08-28T13:04:17.789+0000][info][gc,phases      ] GC(624)   Other: 0.3ms
[2024-08-28T13:04:17.789+0000][info][gc,heap        ] GC(624) Eden regions: 44->0(44)
[2024-08-28T13:04:17.789+0000][info][gc,heap        ] GC(624) Survivor regions: 7->7(7)
[2024-08-28T13:04:17.789+0000][info][gc,heap        ] GC(624) Old regions: 856->800
[2024-08-28T13:04:17.789+0000][info][gc,heap        ] GC(624) Archive regions: 2->2
[2024-08-28T13:04:17.789+0000][info][gc,heap        ] GC(624) Humongous regions: 5->5
[2024-08-28T13:04:17.789+0000][info][gc,metaspace   ] GC(624) Metaspace: 100K(320K)->100K(320K) NonClass: 96K(192K)->96K(192K) Class: 4K(128K)->4K(128K)
[2024-08-28T13:04:17.789+0000][info][gc             ] GC(624) Pause Young (Mixed) (G1 Evacuation Pause) 899M->803M(1024M) 12.929ms
[2024-08-28T13:04:17.789+0000][info][gc,cpu         ] GC(624) User=0.28s Sys=0.00s Real=0.01s
[2024-08-28T13:04:17.814+0000][info][gc,start       ] GC(625) Pause Young (Mixed) (G1 Evacuation Pause)
[2024-08-28T13:04:17.815+0000][info][gc,task        ] GC(625) Using 24 workers of 68 for evacuation
[2024-08-28T13:04:17.828+0000][info][gc,phases      ] GC(625)   Pre Evacuate Collection Set: 0.2ms
[2024-08-28T13:04:17.828+0000][info][gc,phases      ] GC(625)   Merge Heap Roots: 0.5ms
[2024-08-28T13:04:17.828+0000][info][gc,phases      ] GC(625)   Evacuate Collection Set: 12.0ms
[2024-08-28T13:04:17.828+0000][info][gc,phases      ] GC(625)   Post Evacuate Collection Set: 0.4ms
[2024-08-28T13:04:17.828+0000][info][gc,phases      ] GC(625)   Other: 0.3ms
[2024-08-28T13:04:17.828+0000][info][gc,heap        ] GC(625) Eden regions: 44->0(47)
[2024-08-28T13:04:17.828+0000][info][gc,heap        ] GC(625) Survivor regions: 7->7(7)
[2024-08-28T13:04:17.828+0000][info][gc,heap        ] GC(625) Old regions: 800->755
[2024-08-28T13:04:17.828+0000][info][gc,heap        ] GC(625) Archive regions: 2->2
[2024-08-28T13:04:17.828+0000][info][gc,heap        ] GC(625) Humongous regions: 5->5
[2024-08-28T13:04:17.828+0000][info][gc,metaspace   ] GC(625) Metaspace: 100K(320K)->100K(320K) NonClass: 96K(192K)->96K(192K) Class: 4K(128K)->4K(128K)
[2024-08-28T13:04:17.828+0000][info][gc             ] GC(625) Pause Young (Mixed) (G1 Evacuation Pause) 847M->761M(1024M) 13.474ms
[2024-08-28T13:04:17.828+0000][info][gc,cpu         ] GC(625) User=0.30s Sys=0.00s Real=0.01s
[2024-08-28T13:04:17.855+0000][info][gc,start       ] GC(626) Pause Young (Concurrent Start) (G1 Evacuation Pause)
[2024-08-28T13:04:17.855+0000][info][gc,task        ] GC(626) Using 24 workers of 68 for evacuation
[2024-08-28T13:04:17.867+0000][info][gc,phases      ] GC(626)   Pre Evacuate Collection Set: 0.2ms
[2024-08-28T13:04:17.867+0000][info][gc,phases      ] GC(626)   Merge Heap Roots: 0.4ms
[2024-08-28T13:04:17.867+0000][info][gc,phases      ] GC(626)   Evacuate Collection Set: 10.5ms
[2024-08-28T13:04:17.867+0000][info][gc,phases      ] GC(626)   Post Evacuate Collection Set: 0.4ms
[2024-08-28T13:04:17.867+0000][info][gc,phases      ] GC(626)   Other: 0.9ms
[2024-08-28T13:04:17.867+0000][info][gc,heap        ] GC(626) Eden regions: 47->0(44)
[2024-08-28T13:04:17.867+0000][info][gc,heap        ] GC(626) Survivor regions: 7->7(7)
[2024-08-28T13:04:17.867+0000][info][gc,heap        ] GC(626) Old regions: 755->804
[2024-08-28T13:04:17.867+0000][info][gc,heap        ] GC(626) Archive regions: 2->2
[2024-08-28T13:04:17.867+0000][info][gc,heap        ] GC(626) Humongous regions: 5->5
[2024-08-28T13:04:17.867+0000][info][gc,metaspace   ] GC(626) Metaspace: 100K(320K)->100K(320K) NonClass: 96K(192K)->96K(192K) Class: 4K(128K)->4K(128K)
[2024-08-28T13:04:17.867+0000][info][gc             ] GC(626) Pause Young (Concurrent Start) (G1 Evacuation Pause) 808M->810M(1024M) 12.558ms
[2024-08-28T13:04:17.867+0000][info][gc,cpu         ] GC(626) User=0.26s Sys=0.00s Real=0.01s
[2024-08-28T13:04:17.867+0000][info][gc             ] GC(627) Concurrent Mark Cycle
[2024-08-28T13:04:17.867+0000][info][gc,marking     ] GC(627) Concurrent Clear Claimed Marks
[2024-08-28T13:04:17.867+0000][info][gc,marking     ] GC(627) Concurrent Clear Claimed Marks 0.012ms
[2024-08-28T13:04:17.867+0000][info][gc,marking     ] GC(627) Concurrent Scan Root Regions
[2024-08-28T13:04:17.869+0000][info][gc,marking     ] GC(627) Concurrent Scan Root Regions 1.938ms
[2024-08-28T13:04:17.869+0000][info][gc,marking     ] GC(627) Concurrent Mark
[2024-08-28T13:04:17.869+0000][info][gc,marking     ] GC(627) Concurrent Mark From Roots
[2024-08-28T13:04:17.869+0000][info][gc,task        ] GC(627) Using 17 workers of 17 for marking
[2024-08-28T13:04:17.896+0000][info][gc,marking     ] GC(627) Concurrent Mark From Roots 26.328ms
[2024-08-28T13:04:17.896+0000][info][gc,marking     ] GC(627) Concurrent Preclean
[2024-08-28T13:04:17.897+0000][info][gc,marking     ] GC(627) Concurrent Preclean 0.898ms
[2024-08-28T13:04:17.897+0000][info][gc,start       ] GC(627) Pause Remark
[2024-08-28T13:04:17.899+0000][info][gc             ] GC(627) Pause Remark 845M->845M(1024M) 1.770ms
[2024-08-28T13:04:17.899+0000][info][gc,cpu         ] GC(627) User=0.00s Sys=0.01s Real=0.01s
[2024-08-28T13:04:17.899+0000][info][gc,marking     ] GC(627) Concurrent Mark 29.530ms
[2024-08-28T13:04:17.899+0000][info][gc,marking     ] GC(627) Concurrent Rebuild Remembered Sets
[2024-08-28T13:04:17.905+0000][info][gc,start       ] GC(628) Pause Young (Normal) (G1 Evacuation Pause)
[2024-08-28T13:04:17.905+0000][info][gc,task        ] GC(628) Using 24 workers of 68 for evacuation
[2024-08-28T13:04:17.916+0000][info][gc,phases      ] GC(628)   Pre Evacuate Collection Set: 0.2ms
[2024-08-28T13:04:17.916+0000][info][gc,phases      ] GC(628)   Merge Heap Roots: 0.4ms
[2024-08-28T13:04:17.916+0000][info][gc,phases      ] GC(628)   Evacuate Collection Set: 10.0ms
[2024-08-28T13:04:17.916+0000][info][gc,phases      ] GC(628)   Post Evacuate Collection Set: 0.5ms
[2024-08-28T13:04:17.916+0000][info][gc,phases      ] GC(628)   Other: 0.3ms
[2024-08-28T13:04:17.916+0000][info][gc,heap        ] GC(628) Eden regions: 44->0(44)
[2024-08-28T13:04:17.916+0000][info][gc,heap        ] GC(628) Survivor regions: 7->7(7)
[2024-08-28T13:04:17.916+0000][info][gc,heap        ] GC(628) Old regions: 804->851
[2024-08-28T13:04:17.916+0000][info][gc,heap        ] GC(628) Archive regions: 2->2
[2024-08-28T13:04:17.916+0000][info][gc,heap        ] GC(628) Humongous regions: 5->5
[2024-08-28T13:04:17.916+0000][info][gc,metaspace   ] GC(628) Metaspace: 100K(320K)->100K(320K) NonClass: 96K(192K)->96K(192K) Class: 4K(128K)->4K(128K)
[2024-08-28T13:04:17.917+0000][info][gc             ] GC(628) Pause Young (Normal) (G1 Evacuation Pause) 854M->856M(1024M) 11.403ms
[2024-08-28T13:04:17.917+0000][info][gc,cpu         ] GC(628) User=0.25s Sys=0.00s Real=0.01s
[2024-08-28T13:04:17.944+0000][info][gc,start       ] GC(629) Pause Young (Normal) (G1 Evacuation Pause)
[2024-08-28T13:04:17.944+0000][info][gc,task        ] GC(629) Using 24 workers of 68 for evacuation
[2024-08-28T13:04:17.959+0000][info][gc,phases      ] GC(629)   Pre Evacuate Collection Set: 0.2ms
[2024-08-28T13:04:17.959+0000][info][gc,phases      ] GC(629)   Merge Heap Roots: 0.5ms
[2024-08-28T13:04:17.959+0000][info][gc,phases      ] GC(629)   Evacuate Collection Set: 13.7ms
[2024-08-28T13:04:17.959+0000][info][gc,phases      ] GC(629)   Post Evacuate Collection Set: 0.6ms
[2024-08-28T13:04:17.959+0000][info][gc,phases      ] GC(629)   Other: 0.3ms
[2024-08-28T13:04:17.959+0000][info][gc,heap        ] GC(629) Eden regions: 44->0(44)
[2024-08-28T13:04:17.959+0000][info][gc,heap        ] GC(629) Survivor regions: 7->7(7)
[2024-08-28T13:04:17.959+0000][info][gc,heap        ] GC(629) Old regions: 851->897
[2024-08-28T13:04:17.959+0000][info][gc,heap        ] GC(629) Archive regions: 2->2
[2024-08-28T13:04:17.959+0000][info][gc,heap        ] GC(629) Humongous regions: 5->5
[2024-08-28T13:04:17.959+0000][info][gc,metaspace   ] GC(629) Metaspace: 100K(320K)->100K(320K) NonClass: 96K(192K)->96K(192K) Class: 4K(128K)->4K(128K)
[2024-08-28T13:04:17.959+0000][info][gc             ] GC(629) Pause Young (Normal) (G1 Evacuation Pause) 900M->903M(1024M) 15.278ms
[2024-08-28T13:04:17.959+0000][info][gc,cpu         ] GC(629) User=0.35s Sys=0.00s Real=0.02s
[2024-08-28T13:04:17.986+0000][info][gc,start       ] GC(630) Pause Young (Normal) (G1 Evacuation Pause)
[2024-08-28T13:04:17.986+0000][info][gc,task        ] GC(630) Using 24 workers of 68 for evacuation
[2024-08-28T13:04:18.001+0000][info][gc,phases      ] GC(630)   Pre Evacuate Collection Set: 0.2ms
[2024-08-28T13:04:18.001+0000][info][gc,phases      ] GC(630)   Merge Heap Roots: 0.5ms
[2024-08-28T13:04:18.001+0000][info][gc,phases      ] GC(630)   Evacuate Collection Set: 13.5ms
[2024-08-28T13:04:18.001+0000][info][gc,phases      ] GC(630)   Post Evacuate Collection Set: 0.6ms
[2024-08-28T13:04:18.001+0000][info][gc,phases      ] GC(630)   Other: 0.3ms
[2024-08-28T13:04:18.001+0000][info][gc,heap        ] GC(630) Eden regions: 44->0(44)
[2024-08-28T13:04:18.001+0000][info][gc,heap        ] GC(630) Survivor regions: 7->7(7)
[2024-08-28T13:04:18.001+0000][info][gc,heap        ] GC(630) Old regions: 897->944
[2024-08-28T13:04:18.001+0000][info][gc,heap        ] GC(630) Archive regions: 2->2
[2024-08-28T13:04:18.001+0000][info][gc,heap        ] GC(630) Humongous regions: 5->5
[2024-08-28T13:04:18.001+0000][info][gc,metaspace   ] GC(630) Metaspace: 100K(320K)->100K(320K) NonClass: 96K(192K)->96K(192K) Class: 4K(128K)->4K(128K)
[2024-08-28T13:04:18.001+0000][info][gc             ] GC(630) Pause Young (Normal) (G1 Evacuation Pause) 947M->950M(1024M) 15.186ms
[2024-08-28T13:04:18.001+0000][info][gc,cpu         ] GC(630) User=0.34s Sys=0.00s Real=0.02s
[2024-08-28T13:04:18.013+0000][info][gc,marking     ] GC(627) Concurrent Rebuild Remembered Sets 114.507ms
[2024-08-28T13:04:18.014+0000][info][gc,start       ] GC(627) Pause Cleanup
[2024-08-28T13:04:18.015+0000][info][gc             ] GC(627) Pause Cleanup 967M->967M(1024M) 1.532ms
[2024-08-28T13:04:18.015+0000][info][gc,cpu         ] GC(627) User=0.00s Sys=0.00s Real=0.00s
[2024-08-28T13:04:18.015+0000][info][gc,marking     ] GC(627) Concurrent Cleanup for Next Mark
[2024-08-28T13:04:18.016+0000][info][gc,marking     ] GC(627) Concurrent Cleanup for Next Mark 0.845ms
[2024-08-28T13:04:18.016+0000][info][gc             ] GC(627) Concurrent Mark Cycle 148.812ms
[2024-08-28T13:04:18.023+0000][info][gc,start       ] GC(631) Pause Young (Prepare Mixed) (G1 Preventive Collection)
[2024-08-28T13:04:18.024+0000][info][gc,task        ] GC(631) Using 24 workers of 68 for evacuation
[2024-08-28T13:04:18.034+0000][info][gc,phases      ] GC(631)   Pre Evacuate Collection Set: 0.1ms
[2024-08-28T13:04:18.034+0000][info][gc,phases      ] GC(631)   Merge Heap Roots: 0.3ms
[2024-08-28T13:04:18.034+0000][info][gc,phases      ] GC(631)   Evacuate Collection Set: 10.0ms
[2024-08-28T13:04:18.034+0000][info][gc,phases      ] GC(631)   Post Evacuate Collection Set: 0.3ms
[2024-08-28T13:04:18.034+0000][info][gc,phases      ] GC(631)   Other: 0.2ms
[2024-08-28T13:04:18.034+0000][info][gc,heap        ] GC(631) Eden regions: 28->0(44)
[2024-08-28T13:04:18.034+0000][info][gc,heap        ] GC(631) Survivor regions: 7->7(7)
[2024-08-28T13:04:18.034+0000][info][gc,heap        ] GC(631) Old regions: 944->975
[2024-08-28T13:04:18.034+0000][info][gc,heap        ] GC(631) Archive regions: 2->2
[2024-08-28T13:04:18.034+0000][info][gc,heap        ] GC(631) Humongous regions: 5->5
[2024-08-28T13:04:18.034+0000][info][gc,metaspace   ] GC(631) Metaspace: 100K(320K)->100K(320K) NonClass: 96K(192K)->96K(192K) Class: 4K(128K)->4K(128K)
[2024-08-28T13:04:18.034+0000][info][gc             ] GC(631) Pause Young (Prepare Mixed) (G1 Preventive Collection) 978M->981M(1024M) 11.008ms
[2024-08-28T13:04:18.035+0000][info][gc,cpu         ] GC(631) User=0.25s Sys=0.00s Real=0.01s
[2024-08-28T13:04:18.041+0000][info][gc,start       ] GC(632) Pause Young (Mixed) (G1 Preventive Collection)
[2024-08-28T13:04:18.041+0000][info][gc,task        ] GC(632) Using 24 workers of 68 for evacuation
[2024-08-28T13:04:18.047+0000][info][gc,phases      ] GC(632)   Pre Evacuate Collection Set: 0.2ms
[2024-08-28T13:04:18.047+0000][info][gc,phases      ] GC(632)   Merge Heap Roots: 0.3ms
[2024-08-28T13:04:18.047+0000][info][gc,phases      ] GC(632)   Evacuate Collection Set: 4.8ms
[2024-08-28T13:04:18.047+0000][info][gc,phases      ] GC(632)   Post Evacuate Collection Set: 0.3ms
[2024-08-28T13:04:18.047+0000][info][gc,phases      ] GC(632)   Other: 0.2ms
[2024-08-28T13:04:18.047+0000][info][gc,heap        ] GC(632) Eden regions: 12->0(44)
[2024-08-28T13:04:18.047+0000][info][gc,heap        ] GC(632) Survivor regions: 7->7(7)
[2024-08-28T13:04:18.047+0000][info][gc,heap        ] GC(632) Old regions: 975->887
[2024-08-28T13:04:18.047+0000][info][gc,heap        ] GC(632) Archive regions: 2->2
[2024-08-28T13:04:18.047+0000][info][gc,heap        ] GC(632) Humongous regions: 5->5
[2024-08-28T13:04:18.047+0000][info][gc,metaspace   ] GC(632) Metaspace: 100K(320K)->100K(320K) NonClass: 96K(192K)->96K(192K) Class: 4K(128K)->4K(128K)
[2024-08-28T13:04:18.047+0000][info][gc             ] GC(632) Pause Young (Mixed) (G1 Preventive Collection) 993M->897M(1024M) 5.976ms
[2024-08-28T13:04:18.047+0000][info][gc,cpu         ] GC(632) User=0.12s Sys=0.00s Real=0.00s
[2024-08-28T13:04:18.070+0000][info][gc,start       ] GC(633) Pause Young (Mixed) (G1 Evacuation Pause)
[2024-08-28T13:04:18.070+0000][info][gc,task        ] GC(633) Using 24 workers of 68 for evacuation
[2024-08-28T13:04:18.081+0000][info][gc,phases      ] GC(633)   Pre Evacuate Collection Set: 0.2ms
[2024-08-28T13:04:18.081+0000][info][gc,phases      ] GC(633)   Merge Heap Roots: 0.3ms
[2024-08-28T13:04:18.081+0000][info][gc,phases      ] GC(633)   Evacuate Collection Set: 9.8ms
[2024-08-28T13:04:18.082+0000][info][gc,phases      ] GC(633)   Post Evacuate Collection Set: 0.4ms
[2024-08-28T13:04:18.082+0000][info][gc,phases      ] GC(633)   Other: 0.3ms
[2024-08-28T13:04:18.082+0000][info][gc,heap        ] GC(633) Eden regions: 44->0(44)
[2024-08-28T13:04:18.082+0000][info][gc,heap        ] GC(633) Survivor regions: 7->7(7)
[2024-08-28T13:04:18.082+0000][info][gc,heap        ] GC(633) Old regions: 887->829
[2024-08-28T13:04:18.082+0000][info][gc,heap        ] GC(633) Archive regions: 2->2
[2024-08-28T13:04:18.082+0000][info][gc,heap        ] GC(633) Humongous regions: 5->5
[2024-08-28T13:04:18.082+0000][info][gc,metaspace   ] GC(633) Metaspace: 100K(320K)->100K(320K) NonClass: 96K(192K)->96K(192K) Class: 4K(128K)->4K(128K)
[2024-08-28T13:04:18.082+0000][info][gc             ] GC(633) Pause Young (Mixed) (G1 Evacuation Pause) 941M->841M(1024M) 11.217ms
[2024-08-28T13:04:18.082+0000][info][gc,cpu         ] GC(633) User=0.24s Sys=0.01s Real=0.01s
[2024-08-28T13:04:18.103+0000][info][gc,start       ] GC(634) Pause Young (Mixed) (G1 Evacuation Pause)
[2024-08-28T13:04:18.103+0000][info][gc,task        ] GC(634) Using 24 workers of 68 for evacuation
[2024-08-28T13:04:18.117+0000][info][gc,phases      ] GC(634)   Pre Evacuate Collection Set: 0.2ms
[2024-08-28T13:04:18.117+0000][info][gc,phases      ] GC(634)   Merge Heap Roots: 0.5ms
[2024-08-28T13:04:18.117+0000][info][gc,phases      ] GC(634)   Evacuate Collection Set: 12.3ms
[2024-08-28T13:04:18.117+0000][info][gc,phases      ] GC(634)   Post Evacuate Collection Set: 0.4ms
[2024-08-28T13:04:18.117+0000][info][gc,phases      ] GC(634)   Other: 0.3ms
[2024-08-28T13:04:18.117+0000][info][gc,heap        ] GC(634) Eden regions: 44->0(44)
[2024-08-28T13:04:18.117+0000][info][gc,heap        ] GC(634) Survivor regions: 7->7(7)
[2024-08-28T13:04:18.117+0000][info][gc,heap        ] GC(634) Old regions: 829->789
[2024-08-28T13:04:18.117+0000][info][gc,heap        ] GC(634) Archive regions: 2->2
[2024-08-28T13:04:18.117+0000][info][gc,heap        ] GC(634) Humongous regions: 5->5
[2024-08-28T13:04:18.117+0000][info][gc,metaspace   ] GC(634) Metaspace: 100K(320K)->100K(320K) NonClass: 96K(192K)->96K(192K) Class: 4K(128K)->4K(128K)
[2024-08-28T13:04:18.117+0000][info][gc             ] GC(634) Pause Young (Mixed) (G1 Evacuation Pause) 885M->801M(1024M) 13.836ms
[2024-08-28T13:04:18.117+0000][info][gc,cpu         ] GC(634) User=0.30s Sys=0.00s Real=0.01s
[2024-08-28T13:04:18.139+0000][info][gc,start       ] GC(635) Pause Young (Mixed) (G1 Evacuation Pause)
[2024-08-28T13:04:18.139+0000][info][gc,task        ] GC(635) Using 24 workers of 68 for evacuation
[2024-08-28T13:04:18.152+0000][info][gc,phases      ] GC(635)   Pre Evacuate Collection Set: 0.2ms
[2024-08-28T13:04:18.152+0000][info][gc,phases      ] GC(635)   Merge Heap Roots: 0.3ms
[2024-08-28T13:04:18.152+0000][info][gc,phases      ] GC(635)   Evacuate Collection Set: 12.4ms
[2024-08-28T13:04:18.152+0000][info][gc,phases      ] GC(635)   Post Evacuate Collection Set: 0.4ms
[2024-08-28T13:04:18.152+0000][info][gc,phases      ] GC(635)   Other: 0.3ms
[2024-08-28T13:04:18.152+0000][info][gc,heap        ] GC(635) Eden regions: 44->0(44)
[2024-08-28T13:04:18.152+0000][info][gc,heap        ] GC(635) Survivor regions: 7->7(7)
[2024-08-28T13:04:18.152+0000][info][gc,heap        ] GC(635) Old regions: 789->810
[2024-08-28T13:04:18.152+0000][info][gc,heap        ] GC(635) Archive regions: 2->2
[2024-08-28T13:04:18.152+0000][info][gc,heap        ] GC(635) Humongous regions: 5->5
[2024-08-28T13:04:18.152+0000][info][gc,metaspace   ] GC(635) Metaspace: 100K(320K)->100K(320K) NonClass: 96K(192K)->96K(192K) Class: 4K(128K)->4K(128K)
[2024-08-28T13:04:18.153+0000][info][gc             ] GC(635) Pause Young (Mixed) (G1 Evacuation Pause) 845M->822M(1024M) 13.627ms
[2024-08-28T13:04:18.153+0000][info][gc,cpu         ] GC(635) User=0.30s Sys=0.00s Real=0.01s
[2024-08-28T13:04:18.175+0000][info][gc,start       ] GC(636) Pause Young (Concurrent Start) (G1 Evacuation Pause)
[2024-08-28T13:04:18.175+0000][info][gc,task        ] GC(636) Using 24 workers of 68 for evacuation
[2024-08-28T13:04:18.186+0000][info][gc,phases      ] GC(636)   Pre Evacuate Collection Set: 0.2ms
[2024-08-28T13:04:18.186+0000][info][gc,phases      ] GC(636)   Merge Heap Roots: 0.3ms
[2024-08-28T13:04:18.186+0000][info][gc,phases      ] GC(636)   Evacuate Collection Set: 9.7ms
[2024-08-28T13:04:18.186+0000][info][gc,phases      ] GC(636)   Post Evacuate Collection Set: 0.4ms
[2024-08-28T13:04:18.186+0000][info][gc,phases      ] GC(636)   Other: 0.9ms
[2024-08-28T13:04:18.186+0000][info][gc,heap        ] GC(636) Eden regions: 44->0(44)
[2024-08-28T13:04:18.186+0000][info][gc,heap        ] GC(636) Survivor regions: 7->7(7)
[2024-08-28T13:04:18.186+0000][info][gc,heap        ] GC(636) Old regions: 810->858
[2024-08-28T13:04:18.186+0000][info][gc,heap        ] GC(636) Archive regions: 2->2
[2024-08-28T13:04:18.186+0000][info][gc,heap        ] GC(636) Humongous regions: 5->5
[2024-08-28T13:04:18.186+0000][info][gc,metaspace   ] GC(636) Metaspace: 100K(320K)->100K(320K) NonClass: 96K(192K)->96K(192K) Class: 4K(128K)->4K(128K)
[2024-08-28T13:04:18.186+0000][info][gc             ] GC(636) Pause Young (Concurrent Start) (G1 Evacuation Pause) 866M->870M(1024M) 11.504ms
[2024-08-28T13:04:18.186+0000][info][gc,cpu         ] GC(636) User=0.24s Sys=0.00s Real=0.01s
[2024-08-28T13:04:18.186+0000][info][gc             ] GC(637) Concurrent Mark Cycle
[2024-08-28T13:04:18.186+0000][info][gc,marking     ] GC(637) Concurrent Clear Claimed Marks
[2024-08-28T13:04:18.186+0000][info][gc,marking     ] GC(637) Concurrent Clear Claimed Marks 0.013ms
[2024-08-28T13:04:18.186+0000][info][gc,marking     ] GC(637) Concurrent Scan Root Regions
[2024-08-28T13:04:18.188+0000][info][gc,marking     ] GC(637) Concurrent Scan Root Regions 1.644ms
[2024-08-28T13:04:18.188+0000][info][gc,marking     ] GC(637) Concurrent Mark
[2024-08-28T13:04:18.188+0000][info][gc,marking     ] GC(637) Concurrent Mark From Roots
[2024-08-28T13:04:18.188+0000][info][gc,task        ] GC(637) Using 17 workers of 17 for marking
[2024-08-28T13:04:18.211+0000][info][gc,marking     ] GC(637) Concurrent Mark From Roots 23.147ms
[2024-08-28T13:04:18.211+0000][info][gc,marking     ] GC(637) Concurrent Preclean
[2024-08-28T13:04:18.212+0000][info][gc,marking     ] GC(637) Concurrent Preclean 0.500ms
[2024-08-28T13:04:18.212+0000][info][gc,start       ] GC(637) Pause Remark
[2024-08-28T13:04:18.214+0000][info][gc             ] GC(637) Pause Remark 906M->906M(1024M) 2.022ms
[2024-08-28T13:04:18.214+0000][info][gc,cpu         ] GC(637) User=0.01s Sys=0.00s Real=0.00s
[2024-08-28T13:04:18.214+0000][info][gc,marking     ] GC(637) Concurrent Mark 26.126ms
[2024-08-28T13:04:18.214+0000][info][gc,marking     ] GC(637) Concurrent Rebuild Remembered Sets
[2024-08-28T13:04:18.219+0000][info][gc,start       ] GC(638) Pause Young (Normal) (G1 Evacuation Pause)
[2024-08-28T13:04:18.219+0000][info][gc,task        ] GC(638) Using 24 workers of 68 for evacuation
[2024-08-28T13:04:18.230+0000][info][gc,phases      ] GC(638)   Pre Evacuate Collection Set: 0.2ms
[2024-08-28T13:04:18.230+0000][info][gc,phases      ] GC(638)   Merge Heap Roots: 0.4ms
[2024-08-28T13:04:18.230+0000][info][gc,phases      ] GC(638)   Evacuate Collection Set: 9.9ms
[2024-08-28T13:04:18.230+0000][info][gc,phases      ] GC(638)   Post Evacuate Collection Set: 0.4ms
[2024-08-28T13:04:18.230+0000][info][gc,phases      ] GC(638)   Other: 0.3ms
[2024-08-28T13:04:18.230+0000][info][gc,heap        ] GC(638) Eden regions: 44->0(44)
[2024-08-28T13:04:18.230+0000][info][gc,heap        ] GC(638) Survivor regions: 7->7(7)
[2024-08-28T13:04:18.230+0000][info][gc,heap        ] GC(638) Old regions: 858->905
[2024-08-28T13:04:18.230+0000][info][gc,heap        ] GC(638) Archive regions: 2->2
[2024-08-28T13:04:18.230+0000][info][gc,heap        ] GC(638) Humongous regions: 5->5
[2024-08-28T13:04:18.230+0000][info][gc,metaspace   ] GC(638) Metaspace: 100K(320K)->100K(320K) NonClass: 96K(192K)->96K(192K) Class: 4K(128K)->4K(128K)
[2024-08-28T13:04:18.230+0000][info][gc             ] GC(638) Pause Young (Normal) (G1 Evacuation Pause) 914M->917M(1024M) 11.240ms
[2024-08-28T13:04:18.230+0000][info][gc,cpu         ] GC(638) User=0.24s Sys=0.01s Real=0.01s
[2024-08-28T13:04:18.254+0000][info][gc,start       ] GC(639) Pause Young (Normal) (G1 Evacuation Pause)
[2024-08-28T13:04:18.254+0000][info][gc,task        ] GC(639) Using 24 workers of 68 for evacuation
[2024-08-28T13:04:18.268+0000][info][gc,phases      ] GC(639)   Pre Evacuate Collection Set: 0.1ms
[2024-08-28T13:04:18.268+0000][info][gc,phases      ] GC(639)   Merge Heap Roots: 0.4ms
[2024-08-28T13:04:18.268+0000][info][gc,phases      ] GC(639)   Evacuate Collection Set: 13.4ms
[2024-08-28T13:04:18.268+0000][info][gc,phases      ] GC(639)   Post Evacuate Collection Set: 0.5ms
[2024-08-28T13:04:18.268+0000][info][gc,phases      ] GC(639)   Other: 0.2ms
[2024-08-28T13:04:18.268+0000][info][gc,heap        ] GC(639) Eden regions: 44->0(44)
[2024-08-28T13:04:18.268+0000][info][gc,heap        ] GC(639) Survivor regions: 7->7(7)
[2024-08-28T13:04:18.268+0000][info][gc,heap        ] GC(639) Old regions: 905->951
[2024-08-28T13:04:18.268+0000][info][gc,heap        ] GC(639) Archive regions: 2->2
[2024-08-28T13:04:18.268+0000][info][gc,heap        ] GC(639) Humongous regions: 5->5
[2024-08-28T13:04:18.268+0000][info][gc,metaspace   ] GC(639) Metaspace: 100K(320K)->100K(320K) NonClass: 96K(192K)->96K(192K) Class: 4K(128K)->4K(128K)
[2024-08-28T13:04:18.269+0000][info][gc             ] GC(639) Pause Young (Normal) (G1 Evacuation Pause) 961M->963M(1024M) 14.652ms
[2024-08-28T13:04:18.269+0000][info][gc,cpu         ] GC(639) User=0.33s Sys=0.00s Real=0.01s
[2024-08-28T13:04:18.282+0000][info][gc,start       ] GC(640) Pause Young (Normal) (G1 Preventive Collection)
[2024-08-28T13:04:18.282+0000][info][gc,task        ] GC(640) Using 24 workers of 68 for evacuation
[2024-08-28T13:04:18.294+0000][info][gc,phases      ] GC(640)   Pre Evacuate Collection Set: 0.1ms
[2024-08-28T13:04:18.294+0000][info][gc,phases      ] GC(640)   Merge Heap Roots: 0.5ms
[2024-08-28T13:04:18.294+0000][info][gc,phases      ] GC(640)   Evacuate Collection Set: 10.5ms
[2024-08-28T13:04:18.294+0000][info][gc,phases      ] GC(640)   Post Evacuate Collection Set: 0.6ms
[2024-08-28T13:04:18.294+0000][info][gc,phases      ] GC(640)   Other: 0.2ms
[2024-08-28T13:04:18.294+0000][info][gc,heap        ] GC(640) Eden regions: 24->0(44)
[2024-08-28T13:04:18.294+0000][info][gc,heap        ] GC(640) Survivor regions: 7->7(7)
[2024-08-28T13:04:18.294+0000][info][gc,heap        ] GC(640) Old regions: 951->979
[2024-08-28T13:04:18.294+0000][info][gc,heap        ] GC(640) Archive regions: 2->2
[2024-08-28T13:04:18.294+0000][info][gc,heap        ] GC(640) Humongous regions: 5->5
[2024-08-28T13:04:18.294+0000][info][gc,metaspace   ] GC(640) Metaspace: 100K(320K)->100K(320K) NonClass: 96K(192K)->96K(192K) Class: 4K(128K)->4K(128K)
[2024-08-28T13:04:18.294+0000][info][gc             ] GC(640) Pause Young (Normal) (G1 Preventive Collection) 987M->991M(1024M) 12.032ms
[2024-08-28T13:04:18.294+0000][info][gc,cpu         ] GC(640) User=0.27s Sys=0.00s Real=0.01s
[2024-08-28T13:04:18.301+0000][info][gc,start       ] GC(641) Pause Young (Normal) (G1 Preventive Collection)
[2024-08-28T13:04:18.301+0000][info][gc,task        ] GC(641) Using 24 workers of 68 for evacuation
[2024-08-28T13:04:18.310+0000][info][gc             ] GC(641) To-space exhausted
[2024-08-28T13:04:18.310+0000][info][gc,phases      ] GC(641)   Pre Evacuate Collection Set: 0.1ms
[2024-08-28T13:04:18.310+0000][info][gc,phases      ] GC(641)   Merge Heap Roots: 0.4ms
[2024-08-28T13:04:18.310+0000][info][gc,phases      ] GC(641)   Evacuate Collection Set: 8.2ms
[2024-08-28T13:04:18.310+0000][info][gc,phases      ] GC(641)   Post Evacuate Collection Set: 0.8ms
[2024-08-28T13:04:18.310+0000][info][gc,phases      ] GC(641)   Other: 0.2ms
[2024-08-28T13:04:18.311+0000][info][gc,heap        ] GC(641) Eden regions: 11->0(44)
[2024-08-28T13:04:18.311+0000][info][gc,heap        ] GC(641) Survivor regions: 7->7(7)
[2024-08-28T13:04:18.311+0000][info][gc,heap        ] GC(641) Old regions: 979->1004
[2024-08-28T13:04:18.311+0000][info][gc,heap        ] GC(641) Archive regions: 2->2
[2024-08-28T13:04:18.311+0000][info][gc,heap        ] GC(641) Humongous regions: 5->5
[2024-08-28T13:04:18.311+0000][info][gc,metaspace   ] GC(641) Metaspace: 100K(320K)->100K(320K) NonClass: 96K(192K)->96K(192K) Class: 4K(128K)->4K(128K)
[2024-08-28T13:04:18.311+0000][info][gc             ] GC(641) Pause Young (Normal) (G1 Preventive Collection) 1002M->1016M(1024M) 9.918ms
[2024-08-28T13:04:18.311+0000][info][gc,cpu         ] GC(641) User=0.21s Sys=0.00s Real=0.01s
[2024-08-28T13:04:18.312+0000][info][gc,start       ] GC(642) Pause Young (Normal) (G1 Preventive Collection)
[2024-08-28T13:04:18.312+0000][info][gc,task        ] GC(642) Using 24 workers of 68 for evacuation
[2024-08-28T13:04:18.319+0000][info][gc             ] GC(642) To-space exhausted
[2024-08-28T13:04:18.319+0000][info][gc,phases      ] GC(642)   Pre Evacuate Collection Set: 0.1ms
[2024-08-28T13:04:18.319+0000][info][gc,phases      ] GC(642)   Merge Heap Roots: 0.6ms
[2024-08-28T13:04:18.319+0000][info][gc,phases      ] GC(642)   Evacuate Collection Set: 6.1ms
[2024-08-28T13:04:18.319+0000][info][gc,phases      ] GC(642)   Post Evacuate Collection Set: 0.8ms
[2024-08-28T13:04:18.319+0000][info][gc,phases      ] GC(642)   Other: 0.2ms
[2024-08-28T13:04:18.319+0000][info][gc,heap        ] GC(642) Eden regions: 1->0(50)
[2024-08-28T13:04:18.319+0000][info][gc,heap        ] GC(642) Survivor regions: 7->1(5)
[2024-08-28T13:04:18.319+0000][info][gc,heap        ] GC(642) Old regions: 1004->1016
[2024-08-28T13:04:18.319+0000][info][gc,heap        ] GC(642) Archive regions: 2->2
[2024-08-28T13:04:18.319+0000][info][gc,heap        ] GC(642) Humongous regions: 5->5
[2024-08-28T13:04:18.319+0000][info][gc,metaspace   ] GC(642) Metaspace: 100K(320K)->100K(320K) NonClass: 96K(192K)->96K(192K) Class: 4K(128K)->4K(128K)
[2024-08-28T13:04:18.320+0000][info][gc             ] GC(642) Pause Young (Normal) (G1 Preventive Collection) 1017M->1022M(1024M) 7.788ms
[2024-08-28T13:04:18.320+0000][info][gc,cpu         ] GC(642) User=0.16s Sys=0.00s Real=0.01s
[2024-08-28T13:04:18.320+0000][info][gc,ergo        ] Attempting full compaction
[2024-08-28T13:04:18.320+0000][info][gc,task        ] GC(643) Using 24 workers of 68 for full compaction
[2024-08-28T13:04:18.320+0000][info][gc,start       ] GC(643) Pause Full (G1 Compaction Pause)
[2024-08-28T13:04:18.321+0000][info][gc,phases,start] GC(643) Phase 1: Mark live objects
[2024-08-28T13:04:18.336+0000][info][gc,phases      ] GC(643) Phase 1: Mark live objects 15.731ms
[2024-08-28T13:04:18.336+0000][info][gc,phases,start] GC(643) Phase 2: Prepare for compaction
[2024-08-28T13:04:18.346+0000][info][gc,phases      ] GC(643) Phase 2: Prepare for compaction 9.362ms
[2024-08-28T13:04:18.346+0000][info][gc,phases,start] GC(643) Phase 3: Adjust pointers
[2024-08-28T13:04:18.363+0000][info][gc,phases      ] GC(643) Phase 3: Adjust pointers 17.619ms
[2024-08-28T13:04:18.363+0000][info][gc,phases,start] GC(643) Phase 4: Compact heap
[2024-08-28T13:04:18.397+0000][info][gc,phases      ] GC(643) Phase 4: Compact heap 33.150ms
[2024-08-28T13:04:18.398+0000][info][gc,heap        ] GC(643) Eden regions: 0->0(150)
[2024-08-28T13:04:18.398+0000][info][gc,heap        ] GC(643) Survivor regions: 1->0(5)
[2024-08-28T13:04:18.398+0000][info][gc,heap        ] GC(643) Old regions: 1016->442
[2024-08-28T13:04:18.398+0000][info][gc,heap        ] GC(643) Archive regions: 2->2
[2024-08-28T13:04:18.398+0000][info][gc,heap        ] GC(643) Humongous regions: 5->5
[2024-08-28T13:04:18.398+0000][info][gc,metaspace   ] GC(643) Metaspace: 100K(320K)->100K(320K) NonClass: 96K(192K)->96K(192K) Class: 4K(128K)->4K(128K)
[2024-08-28T13:04:18.398+0000][info][gc             ] GC(643) Pause Full (G1 Compaction Pause) 1022M->435M(1024M) 78.666ms
[2024-08-28T13:04:18.399+0000][info][gc,cpu         ] GC(643) User=1.65s Sys=0.00s Real=0.08s
[2024-08-28T13:04:18.399+0000][info][gc,marking     ] GC(637) Concurrent Rebuild Remembered Sets 184.952ms
[2024-08-28T13:04:18.399+0000][info][gc,marking     ] GC(637) Concurrent Mark Abort
[2024-08-28T13:04:18.399+0000][info][gc             ] GC(637) Concurrent Mark Cycle 212.912ms
[2024-08-28T13:04:18.487+0000][info][gc,start       ] GC(644) Pause Young (Normal) (G1 Evacuation Pause)
[2024-08-28T13:04:18.487+0000][info][gc,task        ] GC(644) Using 24 workers of 68 for evacuation
[2024-08-28T13:04:18.510+0000][info][gc,phases      ] GC(644)   Pre Evacuate Collection Set: 0.2ms
[2024-08-28T13:04:18.510+0000][info][gc,phases      ] GC(644)   Merge Heap Roots: 0.4ms
[2024-08-28T13:04:18.510+0000][info][gc,phases      ] GC(644)   Evacuate Collection Set: 22.0ms
[2024-08-28T13:04:18.510+0000][info][gc,phases      ] GC(644)   Post Evacuate Collection Set: 0.4ms
[2024-08-28T13:04:18.510+0000][info][gc,phases      ] GC(644)   Other: 0.3ms
[2024-08-28T13:04:18.510+0000][info][gc,heap        ] GC(644) Eden regions: 150->0(103)
[2024-08-28T13:04:18.510+0000][info][gc,heap        ] GC(644) Survivor regions: 0->19(19)
[2024-08-28T13:04:18.510+0000][info][gc,heap        ] GC(644) Old regions: 442->569
[2024-08-28T13:04:18.510+0000][info][gc,heap        ] GC(644) Archive regions: 2->2
[2024-08-28T13:04:18.510+0000][info][gc,heap        ] GC(644) Humongous regions: 5->5
[2024-08-28T13:04:18.510+0000][info][gc,metaspace   ] GC(644) Metaspace: 100K(320K)->100K(320K) NonClass: 96K(192K)->96K(192K) Class: 4K(128K)->4K(128K)
[2024-08-28T13:04:18.510+0000][info][gc             ] GC(644) Pause Young (Normal) (G1 Evacuation Pause) 585M->580M(1024M) 23.440ms
[2024-08-28T13:04:18.510+0000][info][gc,cpu         ] GC(644) User=0.53s Sys=0.00s Real=0.03s
[2024-08-28T13:04:18.568+0000][info][gc,start       ] GC(645) Pause Young (Concurrent Start) (G1 Evacuation Pause)
[2024-08-28T13:04:18.568+0000][info][gc,task        ] GC(645) Using 24 workers of 68 for evacuation
[2024-08-28T13:04:18.589+0000][info][gc,phases      ] GC(645)   Pre Evacuate Collection Set: 0.2ms
[2024-08-28T13:04:18.589+0000][info][gc,phases      ] GC(645)   Merge Heap Roots: 0.4ms
[2024-08-28T13:04:18.589+0000][info][gc,phases      ] GC(645)   Evacuate Collection Set: 19.2ms
[2024-08-28T13:04:18.589+0000][info][gc,phases      ] GC(645)   Post Evacuate Collection Set: 0.4ms
[2024-08-28T13:04:18.589+0000][info][gc,phases      ] GC(645)   Other: 1.0ms
[2024-08-28T13:04:18.589+0000][info][gc,heap        ] GC(645) Eden regions: 103->0(70)
[2024-08-28T13:04:18.589+0000][info][gc,heap        ] GC(645) Survivor regions: 19->16(16)
[2024-08-28T13:04:18.589+0000][info][gc,heap        ] GC(645) Old regions: 569->676
[2024-08-28T13:04:18.589+0000][info][gc,heap        ] GC(645) Archive regions: 2->2
[2024-08-28T13:04:18.589+0000][info][gc,heap        ] GC(645) Humongous regions: 5->5
[2024-08-28T13:04:18.589+0000][info][gc,metaspace   ] GC(645) Metaspace: 100K(320K)->100K(320K) NonClass: 96K(192K)->96K(192K) Class: 4K(128K)->4K(128K)
[2024-08-28T13:04:18.589+0000][info][gc             ] GC(645) Pause Young (Concurrent Start) (G1 Evacuation Pause) 683M->685M(1024M) 21.430ms
[2024-08-28T13:04:18.589+0000][info][gc,cpu         ] GC(645) User=0.47s Sys=0.00s Real=0.02s
[2024-08-28T13:04:18.589+0000][info][gc             ] GC(646) Concurrent Mark Cycle
[2024-08-28T13:04:18.589+0000][info][gc,marking     ] GC(646) Concurrent Clear Claimed Marks
[2024-08-28T13:04:18.589+0000][info][gc,marking     ] GC(646) Concurrent Clear Claimed Marks 0.009ms
[2024-08-28T13:04:18.589+0000][info][gc,marking     ] GC(646) Concurrent Scan Root Regions
[2024-08-28T13:04:18.593+0000][info][gc,marking     ] GC(646) Concurrent Scan Root Regions 3.528ms
[2024-08-28T13:04:18.593+0000][info][gc,marking     ] GC(646) Concurrent Mark
[2024-08-28T13:04:18.593+0000][info][gc,marking     ] GC(646) Concurrent Mark From Roots
[2024-08-28T13:04:18.593+0000][info][gc,task        ] GC(646) Using 17 workers of 17 for marking
[2024-08-28T13:04:18.614+0000][info][gc,marking     ] GC(646) Concurrent Mark From Roots 21.050ms
[2024-08-28T13:04:18.614+0000][info][gc,marking     ] GC(646) Concurrent Preclean
[2024-08-28T13:04:18.614+0000][info][gc,marking     ] GC(646) Concurrent Preclean 0.498ms
[2024-08-28T13:04:18.615+0000][info][gc,start       ] GC(646) Pause Remark
[2024-08-28T13:04:18.616+0000][info][gc             ] GC(646) Pause Remark 718M->718M(1024M) 1.569ms
[2024-08-28T13:04:18.616+0000][info][gc,cpu         ] GC(646) User=0.00s Sys=0.00s Real=0.00s
[2024-08-28T13:04:18.616+0000][info][gc,marking     ] GC(646) Concurrent Mark 23.580ms
[2024-08-28T13:04:18.616+0000][info][gc,marking     ] GC(646) Concurrent Rebuild Remembered Sets
[2024-08-28T13:04:18.637+0000][info][gc,start       ] GC(647) Pause Young (Normal) (G1 Evacuation Pause)
[2024-08-28T13:04:18.637+0000][info][gc,task        ] GC(647) Using 24 workers of 68 for evacuation
[2024-08-28T13:04:18.654+0000][info][gc,phases      ] GC(647)   Pre Evacuate Collection Set: 0.2ms
[2024-08-28T13:04:18.654+0000][info][gc,phases      ] GC(647)   Merge Heap Roots: 0.4ms
[2024-08-28T13:04:18.654+0000][info][gc,phases      ] GC(647)   Evacuate Collection Set: 16.2ms
[2024-08-28T13:04:18.654+0000][info][gc,phases      ] GC(647)   Post Evacuate Collection Set: 0.6ms
[2024-08-28T13:04:18.654+0000][info][gc,phases      ] GC(647)   Other: 0.3ms
[2024-08-28T13:04:18.654+0000][info][gc,heap        ] GC(647) Eden regions: 70->0(46)
[2024-08-28T13:04:18.654+0000][info][gc,heap        ] GC(647) Survivor regions: 16->11(11)
[2024-08-28T13:04:18.654+0000][info][gc,heap        ] GC(647) Old regions: 676->754
[2024-08-28T13:04:18.654+0000][info][gc,heap        ] GC(647) Archive regions: 2->2
[2024-08-28T13:04:18.654+0000][info][gc,heap        ] GC(647) Humongous regions: 5->5
[2024-08-28T13:04:18.654+0000][info][gc,metaspace   ] GC(647) Metaspace: 100K(320K)->100K(320K) NonClass: 96K(192K)->96K(192K) Class: 4K(128K)->4K(128K)
[2024-08-28T13:04:18.654+0000][info][gc             ] GC(647) Pause Young (Normal) (G1 Evacuation Pause) 755M->758M(1024M) 17.739ms
[2024-08-28T13:04:18.654+0000][info][gc,cpu         ] GC(647) User=0.40s Sys=0.00s Real=0.02s
[2024-08-28T13:04:18.679+0000][info][gc,start       ] GC(648) Pause Young (Normal) (G1 Evacuation Pause)
[2024-08-28T13:04:18.679+0000][info][gc,task        ] GC(648) Using 24 workers of 68 for evacuation
[2024-08-28T13:04:18.699+0000][info][gc,phases      ] GC(648)   Pre Evacuate Collection Set: 0.2ms
[2024-08-28T13:04:18.699+0000][info][gc,phases      ] GC(648)   Merge Heap Roots: 0.5ms
[2024-08-28T13:04:18.699+0000][info][gc,phases      ] GC(648)   Evacuate Collection Set: 18.5ms
[2024-08-28T13:04:18.699+0000][info][gc,phases      ] GC(648)   Post Evacuate Collection Set: 0.7ms
[2024-08-28T13:04:18.699+0000][info][gc,phases      ] GC(648)   Other: 0.3ms
[2024-08-28T13:04:18.699+0000][info][gc,heap        ] GC(648) Eden regions: 46->0(43)
[2024-08-28T13:04:18.699+0000][info][gc,heap        ] GC(648) Survivor regions: 11->8(8)
[2024-08-28T13:04:18.699+0000][info][gc,heap        ] GC(648) Old regions: 754->807
[2024-08-28T13:04:18.699+0000][info][gc,heap        ] GC(648) Archive regions: 2->2
[2024-08-28T13:04:18.699+0000][info][gc,heap        ] GC(648) Humongous regions: 5->5
[2024-08-28T13:04:18.699+0000][info][gc,metaspace   ] GC(648) Metaspace: 100K(320K)->100K(320K) NonClass: 96K(192K)->96K(192K) Class: 4K(128K)->4K(128K)
[2024-08-28T13:04:18.700+0000][info][gc             ] GC(648) Pause Young (Normal) (G1 Evacuation Pause) 804M->808M(1024M) 20.281ms
[2024-08-28T13:04:18.700+0000][info][gc,cpu         ] GC(648) User=0.46s Sys=0.00s Real=0.02s
[2024-08-28T13:04:18.724+0000][info][gc,start       ] GC(649) Pause Young (Normal) (G1 Evacuation Pause)
[2024-08-28T13:04:18.725+0000][info][gc,task        ] GC(649) Using 24 workers of 68 for evacuation
[2024-08-28T13:04:18.740+0000][info][gc,phases      ] GC(649)   Pre Evacuate Collection Set: 0.1ms
[2024-08-28T13:04:18.740+0000][info][gc,phases      ] GC(649)   Merge Heap Roots: 0.5ms
[2024-08-28T13:04:18.741+0000][info][gc,phases      ] GC(649)   Evacuate Collection Set: 14.5ms
[2024-08-28T13:04:18.741+0000][info][gc,phases      ] GC(649)   Post Evacuate Collection Set: 0.7ms
[2024-08-28T13:04:18.741+0000][info][gc,phases      ] GC(649)   Other: 0.2ms
[2024-08-28T13:04:18.741+0000][info][gc,heap        ] GC(649) Eden regions: 43->0(44)
[2024-08-28T13:04:18.741+0000][info][gc,heap        ] GC(649) Survivor regions: 8->7(7)
[2024-08-28T13:04:18.741+0000][info][gc,heap        ] GC(649) Old regions: 807->855
[2024-08-28T13:04:18.741+0000][info][gc,heap        ] GC(649) Archive regions: 2->2
[2024-08-28T13:04:18.741+0000][info][gc,heap        ] GC(649) Humongous regions: 5->5
[2024-08-28T13:04:18.741+0000][info][gc,metaspace   ] GC(649) Metaspace: 100K(320K)->100K(320K) NonClass: 96K(192K)->96K(192K) Class: 4K(128K)->4K(128K)
[2024-08-28T13:04:18.741+0000][info][gc             ] GC(649) Pause Young (Normal) (G1 Evacuation Pause) 851M->855M(1024M) 16.192ms
[2024-08-28T13:04:18.741+0000][info][gc,cpu         ] GC(649) User=0.36s Sys=0.00s Real=0.02s
[2024-08-28T13:04:18.741+0000][info][gc,marking     ] GC(646) Concurrent Rebuild Remembered Sets 125.052ms
[2024-08-28T13:04:18.742+0000][info][gc,start       ] GC(646) Pause Cleanup
[2024-08-28T13:04:18.743+0000][info][gc             ] GC(646) Pause Cleanup 857M->857M(1024M) 1.220ms
[2024-08-28T13:04:18.743+0000][info][gc,cpu         ] GC(646) User=0.00s Sys=0.00s Real=0.00s
[2024-08-28T13:04:18.743+0000][info][gc,marking     ] GC(646) Concurrent Cleanup for Next Mark
[2024-08-28T13:04:18.744+0000][info][gc,marking     ] GC(646) Concurrent Cleanup for Next Mark 0.774ms
[2024-08-28T13:04:18.744+0000][info][gc             ] GC(646) Concurrent Mark Cycle 154.852ms
[2024-08-28T13:04:18.770+0000][info][gc,start       ] GC(650) Pause Young (Prepare Mixed) (G1 Evacuation Pause)
[2024-08-28T13:04:18.770+0000][info][gc,task        ] GC(650) Using 24 workers of 68 for evacuation
[2024-08-28T13:04:18.782+0000][info][gc,phases      ] GC(650)   Pre Evacuate Collection Set: 0.1ms
[2024-08-28T13:04:18.782+0000][info][gc,phases      ] GC(650)   Merge Heap Roots: 0.5ms
[2024-08-28T13:04:18.782+0000][info][gc,phases      ] GC(650)   Evacuate Collection Set: 11.3ms
[2024-08-28T13:04:18.782+0000][info][gc,phases      ] GC(650)   Post Evacuate Collection Set: 0.3ms
[2024-08-28T13:04:18.782+0000][info][gc,phases      ] GC(650)   Other: 0.2ms
[2024-08-28T13:04:18.782+0000][info][gc,heap        ] GC(650) Eden regions: 44->0(44)
[2024-08-28T13:04:18.782+0000][info][gc,heap        ] GC(650) Survivor regions: 7->7(7)
[2024-08-28T13:04:18.782+0000][info][gc,heap        ] GC(650) Old regions: 855->901
[2024-08-28T13:04:18.782+0000][info][gc,heap        ] GC(650) Archive regions: 2->2
[2024-08-28T13:04:18.782+0000][info][gc,heap        ] GC(650) Humongous regions: 5->5
[2024-08-28T13:04:18.782+0000][info][gc,metaspace   ] GC(650) Metaspace: 100K(320K)->100K(320K) NonClass: 96K(192K)->96K(192K) Class: 4K(128K)->4K(128K)
[2024-08-28T13:04:18.782+0000][info][gc             ] GC(650) Pause Young (Prepare Mixed) (G1 Evacuation Pause) 899M->901M(1024M) 12.437ms
[2024-08-28T13:04:18.783+0000][info][gc,cpu         ] GC(650) User=0.28s Sys=0.00s Real=0.01s
[2024-08-28T13:04:18.806+0000][info][gc,start       ] GC(651) Pause Young (Mixed) (G1 Evacuation Pause)
[2024-08-28T13:04:18.806+0000][info][gc,task        ] GC(651) Using 24 workers of 68 for evacuation
[2024-08-28T13:04:18.818+0000][info][gc,phases      ] GC(651)   Pre Evacuate Collection Set: 0.2ms
[2024-08-28T13:04:18.818+0000][info][gc,phases      ] GC(651)   Merge Heap Roots: 0.4ms
[2024-08-28T13:04:18.818+0000][info][gc,phases      ] GC(651)   Evacuate Collection Set: 11.1ms
[2024-08-28T13:04:18.818+0000][info][gc,phases      ] GC(651)   Post Evacuate Collection Set: 0.4ms
[2024-08-28T13:04:18.818+0000][info][gc,phases      ] GC(651)   Other: 0.2ms
[2024-08-28T13:04:18.818+0000][info][gc,heap        ] GC(651) Eden regions: 44->0(44)
[2024-08-28T13:04:18.818+0000][info][gc,heap        ] GC(651) Survivor regions: 7->7(7)
[2024-08-28T13:04:18.818+0000][info][gc,heap        ] GC(651) Old regions: 901->845
[2024-08-28T13:04:18.818+0000][info][gc,heap        ] GC(651) Archive regions: 2->2
[2024-08-28T13:04:18.818+0000][info][gc,heap        ] GC(651) Humongous regions: 5->5
[2024-08-28T13:04:18.818+0000][info][gc,metaspace   ] GC(651) Metaspace: 100K(320K)->100K(320K) NonClass: 96K(192K)->96K(192K) Class: 4K(128K)->4K(128K)
[2024-08-28T13:04:18.818+0000][info][gc             ] GC(651) Pause Young (Mixed) (G1 Evacuation Pause) 945M->849M(1024M) 12.426ms
[2024-08-28T13:04:18.818+0000][info][gc,cpu         ] GC(651) User=0.27s Sys=0.00s Real=0.02s
[2024-08-28T13:04:18.842+0000][info][gc,start       ] GC(652) Pause Young (Mixed) (G1 Evacuation Pause)
[2024-08-28T13:04:18.842+0000][info][gc,task        ] GC(652) Using 24 workers of 68 for evacuation
[2024-08-28T13:04:18.854+0000][info][gc,phases      ] GC(652)   Pre Evacuate Collection Set: 0.2ms
[2024-08-28T13:04:18.854+0000][info][gc,phases      ] GC(652)   Merge Heap Roots: 0.5ms
[2024-08-28T13:04:18.854+0000][info][gc,phases      ] GC(652)   Evacuate Collection Set: 11.6ms
[2024-08-28T13:04:18.854+0000][info][gc,phases      ] GC(652)   Post Evacuate Collection Set: 0.4ms
[2024-08-28T13:04:18.854+0000][info][gc,phases      ] GC(652)   Other: 0.2ms
[2024-08-28T13:04:18.855+0000][info][gc,heap        ] GC(652) Eden regions: 44->0(44)
[2024-08-28T13:04:18.855+0000][info][gc,heap        ] GC(652) Survivor regions: 7->7(7)
[2024-08-28T13:04:18.855+0000][info][gc,heap        ] GC(652) Old regions: 845->802
[2024-08-28T13:04:18.855+0000][info][gc,heap        ] GC(652) Archive regions: 2->2
[2024-08-28T13:04:18.855+0000][info][gc,heap        ] GC(652) Humongous regions: 5->5
[2024-08-28T13:04:18.855+0000][info][gc,metaspace   ] GC(652) Metaspace: 100K(320K)->100K(320K) NonClass: 96K(192K)->96K(192K) Class: 4K(128K)->4K(128K)
[2024-08-28T13:04:18.855+0000][info][gc             ] GC(652) Pause Young (Mixed) (G1 Evacuation Pause) 893M->810M(1024M) 12.991ms
[2024-08-28T13:04:18.855+0000][info][gc,cpu         ] GC(652) User=0.29s Sys=0.00s Real=0.01s
[2024-08-28T13:04:18.878+0000][info][gc,start       ] GC(653) Pause Young (Concurrent Start) (G1 Evacuation Pause)
[2024-08-28T13:04:18.878+0000][info][gc,task        ] GC(653) Using 24 workers of 68 for evacuation
[2024-08-28T13:04:18.889+0000][info][gc,phases      ] GC(653)   Pre Evacuate Collection Set: 0.2ms
[2024-08-28T13:04:18.889+0000][info][gc,phases      ] GC(653)   Merge Heap Roots: 0.4ms
[2024-08-28T13:04:18.889+0000][info][gc,phases      ] GC(653)   Evacuate Collection Set: 9.8ms
[2024-08-28T13:04:18.889+0000][info][gc,phases      ] GC(653)   Post Evacuate Collection Set: 0.4ms
[2024-08-28T13:04:18.890+0000][info][gc,phases      ] GC(653)   Other: 0.6ms
[2024-08-28T13:04:18.890+0000][info][gc,heap        ] GC(653) Eden regions: 44->0(44)
[2024-08-28T13:04:18.890+0000][info][gc,heap        ] GC(653) Survivor regions: 7->7(7)
[2024-08-28T13:04:18.890+0000][info][gc,heap        ] GC(653) Old regions: 802->848
[2024-08-28T13:04:18.890+0000][info][gc,heap        ] GC(653) Archive regions: 2->2
[2024-08-28T13:04:18.890+0000][info][gc,heap        ] GC(653) Humongous regions: 5->5
[2024-08-28T13:04:18.890+0000][info][gc,metaspace   ] GC(653) Metaspace: 100K(320K)->100K(320K) NonClass: 96K(192K)->96K(192K) Class: 4K(128K)->4K(128K)
[2024-08-28T13:04:18.890+0000][info][gc             ] GC(653) Pause Young (Concurrent Start) (G1 Evacuation Pause) 854M->856M(1024M) 11.347ms
[2024-08-28T13:04:18.890+0000][info][gc,cpu         ] GC(653) User=0.24s Sys=0.01s Real=0.01s
[2024-08-28T13:04:18.890+0000][info][gc             ] GC(654) Concurrent Mark Cycle
[2024-08-28T13:04:18.890+0000][info][gc,marking     ] GC(654) Concurrent Clear Claimed Marks
[2024-08-28T13:04:18.890+0000][info][gc,marking     ] GC(654) Concurrent Clear Claimed Marks 0.012ms
[2024-08-28T13:04:18.890+0000][info][gc,marking     ] GC(654) Concurrent Scan Root Regions
[2024-08-28T13:04:18.891+0000][info][gc,marking     ] GC(654) Concurrent Scan Root Regions 1.643ms
[2024-08-28T13:04:18.891+0000][info][gc,marking     ] GC(654) Concurrent Mark
[2024-08-28T13:04:18.891+0000][info][gc,marking     ] GC(654) Concurrent Mark From Roots
[2024-08-28T13:04:18.891+0000][info][gc,task        ] GC(654) Using 17 workers of 17 for marking
[2024-08-28T13:04:18.915+0000][info][gc,marking     ] GC(654) Concurrent Mark From Roots 23.715ms
[2024-08-28T13:04:18.915+0000][info][gc,marking     ] GC(654) Concurrent Preclean
[2024-08-28T13:04:18.916+0000][info][gc,marking     ] GC(654) Concurrent Preclean 0.672ms
[2024-08-28T13:04:18.916+0000][info][gc,start       ] GC(654) Pause Remark
[2024-08-28T13:04:18.918+0000][info][gc             ] GC(654) Pause Remark 892M->892M(1024M) 1.550ms
[2024-08-28T13:04:18.918+0000][info][gc,cpu         ] GC(654) User=0.01s Sys=0.00s Real=0.01s
[2024-08-28T13:04:18.918+0000][info][gc,marking     ] GC(654) Concurrent Mark 26.428ms
[2024-08-28T13:04:18.918+0000][info][gc,marking     ] GC(654) Concurrent Rebuild Remembered Sets
[2024-08-28T13:04:18.923+0000][info][gc,start       ] GC(655) Pause Young (Normal) (G1 Evacuation Pause)
[2024-08-28T13:04:18.923+0000][info][gc,task        ] GC(655) Using 24 workers of 68 for evacuation
[2024-08-28T13:04:18.934+0000][info][gc,phases      ] GC(655)   Pre Evacuate Collection Set: 0.2ms
[2024-08-28T13:04:18.934+0000][info][gc,phases      ] GC(655)   Merge Heap Roots: 0.4ms
[2024-08-28T13:04:18.934+0000][info][gc,phases      ] GC(655)   Evacuate Collection Set: 9.5ms
[2024-08-28T13:04:18.934+0000][info][gc,phases      ] GC(655)   Post Evacuate Collection Set: 0.4ms
[2024-08-28T13:04:18.934+0000][info][gc,phases      ] GC(655)   Other: 0.2ms
[2024-08-28T13:04:18.934+0000][info][gc,heap        ] GC(655) Eden regions: 44->0(44)
[2024-08-28T13:04:18.934+0000][info][gc,heap        ] GC(655) Survivor regions: 7->7(7)
[2024-08-28T13:04:18.934+0000][info][gc,heap        ] GC(655) Old regions: 848->894
[2024-08-28T13:04:18.934+0000][info][gc,heap        ] GC(655) Archive regions: 2->2
[2024-08-28T13:04:18.934+0000][info][gc,heap        ] GC(655) Humongous regions: 5->5
[2024-08-28T13:04:18.934+0000][info][gc,metaspace   ] GC(655) Metaspace: 100K(320K)->100K(320K) NonClass: 96K(192K)->96K(192K) Class: 4K(128K)->4K(128K)
[2024-08-28T13:04:18.934+0000][info][gc             ] GC(655) Pause Young (Normal) (G1 Evacuation Pause) 900M->903M(1024M) 10.760ms
[2024-08-28T13:04:18.934+0000][info][gc,cpu         ] GC(655) User=0.24s Sys=0.00s Real=0.01s
[2024-08-28T13:04:18.958+0000][info][gc,start       ] GC(656) Pause Young (Normal) (G1 Evacuation Pause)
[2024-08-28T13:04:18.958+0000][info][gc,task        ] GC(656) Using 24 workers of 68 for evacuation
[2024-08-28T13:04:18.972+0000][info][gc,phases      ] GC(656)   Pre Evacuate Collection Set: 0.2ms
[2024-08-28T13:04:18.972+0000][info][gc,phases      ] GC(656)   Merge Heap Roots: 0.5ms
[2024-08-28T13:04:18.972+0000][info][gc,phases      ] GC(656)   Evacuate Collection Set: 13.3ms
[2024-08-28T13:04:18.972+0000][info][gc,phases      ] GC(656)   Post Evacuate Collection Set: 0.5ms
[2024-08-28T13:04:18.972+0000][info][gc,phases      ] GC(656)   Other: 0.3ms
[2024-08-28T13:04:18.972+0000][info][gc,heap        ] GC(656) Eden regions: 44->0(44)
[2024-08-28T13:04:18.972+0000][info][gc,heap        ] GC(656) Survivor regions: 7->7(7)
[2024-08-28T13:04:18.972+0000][info][gc,heap        ] GC(656) Old regions: 894->941
[2024-08-28T13:04:18.972+0000][info][gc,heap        ] GC(656) Archive regions: 2->2
[2024-08-28T13:04:18.972+0000][info][gc,heap        ] GC(656) Humongous regions: 5->5
[2024-08-28T13:04:18.972+0000][info][gc,metaspace   ] GC(656) Metaspace: 100K(320K)->100K(320K) NonClass: 96K(192K)->96K(192K) Class: 4K(128K)->4K(128K)
[2024-08-28T13:04:18.972+0000][info][gc             ] GC(656) Pause Young (Normal) (G1 Evacuation Pause) 947M->949M(1024M) 14.758ms
[2024-08-28T13:04:18.972+0000][info][gc,cpu         ] GC(656) User=0.33s Sys=0.00s Real=0.01s
[2024-08-28T13:04:18.989+0000][info][gc,start       ] GC(657) Pause Young (Normal) (G1 Preventive Collection)
[2024-08-28T13:04:18.989+0000][info][gc,task        ] GC(657) Using 24 workers of 68 for evacuation
[2024-08-28T13:04:19.002+0000][info][gc,phases      ] GC(657)   Pre Evacuate Collection Set: 0.2ms
[2024-08-28T13:04:19.002+0000][info][gc,phases      ] GC(657)   Merge Heap Roots: 0.5ms
[2024-08-28T13:04:19.002+0000][info][gc,phases      ] GC(657)   Evacuate Collection Set: 11.6ms
[2024-08-28T13:04:19.002+0000][info][gc,phases      ] GC(657)   Post Evacuate Collection Set: 0.6ms
[2024-08-28T13:04:19.002+0000][info][gc,phases      ] GC(657)   Other: 0.2ms
[2024-08-28T13:04:19.002+0000][info][gc,heap        ] GC(657) Eden regions: 29->0(44)
[2024-08-28T13:04:19.002+0000][info][gc,heap        ] GC(657) Survivor regions: 7->7(7)
[2024-08-28T13:04:19.002+0000][info][gc,heap        ] GC(657) Old regions: 941->974
[2024-08-28T13:04:19.002+0000][info][gc,heap        ] GC(657) Archive regions: 2->2
[2024-08-28T13:04:19.002+0000][info][gc,heap        ] GC(657) Humongous regions: 5->5
[2024-08-28T13:04:19.002+0000][info][gc,metaspace   ] GC(657) Metaspace: 100K(320K)->100K(320K) NonClass: 96K(192K)->96K(192K) Class: 4K(128K)->4K(128K)
[2024-08-28T13:04:19.002+0000][info][gc             ] GC(657) Pause Young (Normal) (G1 Preventive Collection) 978M->983M(1024M) 13.135ms
[2024-08-28T13:04:19.002+0000][info][gc,cpu         ] GC(657) User=0.27s Sys=0.02s Real=0.02s
[2024-08-28T13:04:19.010+0000][info][gc,start       ] GC(658) Pause Young (Normal) (G1 Preventive Collection)
[2024-08-28T13:04:19.010+0000][info][gc,task        ] GC(658) Using 24 workers of 68 for evacuation
[2024-08-28T13:04:19.020+0000][info][gc,phases      ] GC(658)   Pre Evacuate Collection Set: 0.2ms
[2024-08-28T13:04:19.020+0000][info][gc,phases      ] GC(658)   Merge Heap Roots: 0.5ms
[2024-08-28T13:04:19.020+0000][info][gc,phases      ] GC(658)   Evacuate Collection Set: 8.9ms
[2024-08-28T13:04:19.020+0000][info][gc,phases      ] GC(658)   Post Evacuate Collection Set: 0.5ms
[2024-08-28T13:04:19.020+0000][info][gc,phases      ] GC(658)   Other: 0.2ms
[2024-08-28T13:04:19.020+0000][info][gc,heap        ] GC(658) Eden regions: 13->0(44)
[2024-08-28T13:04:19.020+0000][info][gc,heap        ] GC(658) Survivor regions: 7->7(7)
[2024-08-28T13:04:19.020+0000][info][gc,heap        ] GC(658) Old regions: 974->990
[2024-08-28T13:04:19.020+0000][info][gc,heap        ] GC(658) Archive regions: 2->2
[2024-08-28T13:04:19.020+0000][info][gc,heap        ] GC(658) Humongous regions: 5->5
[2024-08-28T13:04:19.020+0000][info][gc,metaspace   ] GC(658) Metaspace: 100K(320K)->100K(320K) NonClass: 96K(192K)->96K(192K) Class: 4K(128K)->4K(128K)
[2024-08-28T13:04:19.020+0000][info][gc             ] GC(658) Pause Young (Normal) (G1 Preventive Collection) 996M->998M(1024M) 10.351ms
[2024-08-28T13:04:19.020+0000][info][gc,cpu         ] GC(658) User=0.23s Sys=0.00s Real=0.01s
[2024-08-28T13:04:19.023+0000][info][gc,start       ] GC(659) Pause Young (Normal) (G1 Preventive Collection)
[2024-08-28T13:04:19.023+0000][info][gc,task        ] GC(659) Using 24 workers of 68 for evacuation
[2024-08-28T13:04:19.032+0000][info][gc             ] GC(659) To-space exhausted
[2024-08-28T13:04:19.032+0000][info][gc,phases      ] GC(659)   Pre Evacuate Collection Set: 0.1ms
[2024-08-28T13:04:19.032+0000][info][gc,phases      ] GC(659)   Merge Heap Roots: 0.6ms
[2024-08-28T13:04:19.032+0000][info][gc,phases      ] GC(659)   Evacuate Collection Set: 7.3ms
[2024-08-28T13:04:19.032+0000][info][gc,phases      ] GC(659)   Post Evacuate Collection Set: 0.6ms
[2024-08-28T13:04:19.032+0000][info][gc,phases      ] GC(659)   Other: 0.2ms
[2024-08-28T13:04:19.032+0000][info][gc,heap        ] GC(659) Eden regions: 5->0(45)
[2024-08-28T13:04:19.032+0000][info][gc,heap        ] GC(659) Survivor regions: 7->6(7)
[2024-08-28T13:04:19.032+0000][info][gc,heap        ] GC(659) Old regions: 990->1005
[2024-08-28T13:04:19.032+0000][info][gc,heap        ] GC(659) Archive regions: 2->2
[2024-08-28T13:04:19.032+0000][info][gc,heap        ] GC(659) Humongous regions: 5->5
[2024-08-28T13:04:19.032+0000][info][gc,metaspace   ] GC(659) Metaspace: 100K(320K)->100K(320K) NonClass: 96K(192K)->96K(192K) Class: 4K(128K)->4K(128K)
[2024-08-28T13:04:19.032+0000][info][gc             ] GC(659) Pause Young (Normal) (G1 Preventive Collection) 1003M->1012M(1024M) 8.790ms
[2024-08-28T13:04:19.032+0000][info][gc,cpu         ] GC(659) User=0.20s Sys=0.00s Real=0.01s
[2024-08-28T13:04:19.033+0000][info][gc,start       ] GC(660) Pause Young (Normal) (G1 Preventive Collection)
[2024-08-28T13:04:19.033+0000][info][gc,task        ] GC(660) Using 24 workers of 68 for evacuation
[2024-08-28T13:04:19.040+0000][info][gc             ] GC(660) To-space exhausted
[2024-08-28T13:04:19.040+0000][info][gc,phases      ] GC(660)   Pre Evacuate Collection Set: 0.1ms
[2024-08-28T13:04:19.040+0000][info][gc,phases      ] GC(660)   Merge Heap Roots: 0.4ms
[2024-08-28T13:04:19.040+0000][info][gc,phases      ] GC(660)   Evacuate Collection Set: 5.9ms
[2024-08-28T13:04:19.040+0000][info][gc,phases      ] GC(660)   Post Evacuate Collection Set: 0.7ms
[2024-08-28T13:04:19.040+0000][info][gc,phases      ] GC(660)   Other: 0.1ms
[2024-08-28T13:04:19.040+0000][info][gc,heap        ] GC(660) Eden regions: 1->0(50)
[2024-08-28T13:04:19.040+0000][info][gc,heap        ] GC(660) Survivor regions: 6->1(5)
[2024-08-28T13:04:19.040+0000][info][gc,heap        ] GC(660) Old regions: 1005->1016
[2024-08-28T13:04:19.040+0000][info][gc,heap        ] GC(660) Archive regions: 2->2
[2024-08-28T13:04:19.040+0000][info][gc,heap        ] GC(660) Humongous regions: 5->5
[2024-08-28T13:04:19.040+0000][info][gc,metaspace   ] GC(660) Metaspace: 100K(320K)->100K(320K) NonClass: 96K(192K)->96K(192K) Class: 4K(128K)->4K(128K)
[2024-08-28T13:04:19.040+0000][info][gc             ] GC(660) Pause Young (Normal) (G1 Preventive Collection) 1013M->1018M(1024M) 7.367ms
[2024-08-28T13:04:19.040+0000][info][gc,cpu         ] GC(660) User=0.16s Sys=0.00s Real=0.01s
[2024-08-28T13:04:19.040+0000][info][gc,ergo        ] Attempting full compaction
[2024-08-28T13:04:19.040+0000][info][gc,task        ] GC(661) Using 24 workers of 68 for full compaction
[2024-08-28T13:04:19.041+0000][info][gc,start       ] GC(661) Pause Full (G1 Compaction Pause)
[2024-08-28T13:04:19.041+0000][info][gc,phases,start] GC(661) Phase 1: Mark live objects
[2024-08-28T13:04:19.057+0000][info][gc,phases      ] GC(661) Phase 1: Mark live objects 15.561ms
[2024-08-28T13:04:19.057+0000][info][gc,phases,start] GC(661) Phase 2: Prepare for compaction
[2024-08-28T13:04:19.065+0000][info][gc,phases      ] GC(661) Phase 2: Prepare for compaction 8.348ms
[2024-08-28T13:04:19.065+0000][info][gc,phases,start] GC(661) Phase 3: Adjust pointers
[2024-08-28T13:04:19.081+0000][info][gc,phases      ] GC(661) Phase 3: Adjust pointers 15.533ms
[2024-08-28T13:04:19.081+0000][info][gc,phases,start] GC(661) Phase 4: Compact heap
[2024-08-28T13:04:19.109+0000][info][gc,phases      ] GC(661) Phase 4: Compact heap 28.556ms
[2024-08-28T13:04:19.111+0000][info][gc,heap        ] GC(661) Eden regions: 0->0(149)
[2024-08-28T13:04:19.111+0000][info][gc,heap        ] GC(661) Survivor regions: 1->0(5)
[2024-08-28T13:04:19.111+0000][info][gc,heap        ] GC(661) Old regions: 1016->444
[2024-08-28T13:04:19.111+0000][info][gc,heap        ] GC(661) Archive regions: 2->2
[2024-08-28T13:04:19.111+0000][info][gc,heap        ] GC(661) Humongous regions: 5->5
[2024-08-28T13:04:19.111+0000][info][gc,metaspace   ] GC(661) Metaspace: 100K(320K)->100K(320K) NonClass: 96K(192K)->96K(192K) Class: 4K(128K)->4K(128K)
[2024-08-28T13:04:19.111+0000][info][gc             ] GC(661) Pause Full (G1 Compaction Pause) 1018M->437M(1024M) 70.270ms
[2024-08-28T13:04:19.111+0000][info][gc,cpu         ] GC(661) User=1.49s Sys=0.03s Real=0.07s
[2024-08-28T13:04:19.111+0000][info][gc,marking     ] GC(654) Concurrent Rebuild Remembered Sets 193.266ms
[2024-08-28T13:04:19.111+0000][info][gc,marking     ] GC(654) Concurrent Mark Abort
[2024-08-28T13:04:19.111+0000][info][gc             ] GC(654) Concurrent Mark Cycle 221.501ms
[2024-08-28T13:04:19.202+0000][info][gc,start       ] GC(662) Pause Young (Normal) (G1 Evacuation Pause)
[2024-08-28T13:04:19.202+0000][info][gc,task        ] GC(662) Using 24 workers of 68 for evacuation
[2024-08-28T13:04:19.225+0000][info][gc,phases      ] GC(662)   Pre Evacuate Collection Set: 0.2ms
[2024-08-28T13:04:19.225+0000][info][gc,phases      ] GC(662)   Merge Heap Roots: 0.4ms
[2024-08-28T13:04:19.225+0000][info][gc,phases      ] GC(662)   Evacuate Collection Set: 21.9ms
[2024-08-28T13:04:19.225+0000][info][gc,phases      ] GC(662)   Post Evacuate Collection Set: 0.3ms
[2024-08-28T13:04:19.225+0000][info][gc,phases      ] GC(662)   Other: 0.2ms
[2024-08-28T13:04:19.225+0000][info][gc,heap        ] GC(662) Eden regions: 149->0(103)
[2024-08-28T13:04:19.225+0000][info][gc,heap        ] GC(662) Survivor regions: 0->19(19)
[2024-08-28T13:04:19.225+0000][info][gc,heap        ] GC(662) Old regions: 444->570
[2024-08-28T13:04:19.225+0000][info][gc,heap        ] GC(662) Archive regions: 2->2
[2024-08-28T13:04:19.225+0000][info][gc,heap        ] GC(662) Humongous regions: 5->5
[2024-08-28T13:04:19.225+0000][info][gc,metaspace   ] GC(662) Metaspace: 100K(320K)->100K(320K) NonClass: 96K(192K)->96K(192K) Class: 4K(128K)->4K(128K)
[2024-08-28T13:04:19.225+0000][info][gc             ] GC(662) Pause Young (Normal) (G1 Evacuation Pause) 586M->581M(1024M) 23.120ms
[2024-08-28T13:04:19.226+0000][info][gc,cpu         ] GC(662) User=0.54s Sys=0.00s Real=0.02s
[2024-08-28T13:04:19.283+0000][info][gc,start       ] GC(663) Pause Young (Concurrent Start) (G1 Evacuation Pause)
[2024-08-28T13:04:19.283+0000][info][gc,task        ] GC(663) Using 24 workers of 68 for evacuation
[2024-08-28T13:04:19.303+0000][info][gc,phases      ] GC(663)   Pre Evacuate Collection Set: 0.2ms
[2024-08-28T13:04:19.303+0000][info][gc,phases      ] GC(663)   Merge Heap Roots: 0.3ms
[2024-08-28T13:04:19.303+0000][info][gc,phases      ] GC(663)   Evacuate Collection Set: 18.9ms
[2024-08-28T13:04:19.303+0000][info][gc,phases      ] GC(663)   Post Evacuate Collection Set: 0.4ms
[2024-08-28T13:04:19.303+0000][info][gc,phases      ] GC(663)   Other: 0.7ms
[2024-08-28T13:04:19.303+0000][info][gc,heap        ] GC(663) Eden regions: 103->0(69)
[2024-08-28T13:04:19.303+0000][info][gc,heap        ] GC(663) Survivor regions: 19->16(16)
[2024-08-28T13:04:19.303+0000][info][gc,heap        ] GC(663) Old regions: 570->678
[2024-08-28T13:04:19.303+0000][info][gc,heap        ] GC(663) Archive regions: 2->2
[2024-08-28T13:04:19.303+0000][info][gc,heap        ] GC(663) Humongous regions: 5->5
[2024-08-28T13:04:19.303+0000][info][gc,metaspace   ] GC(663) Metaspace: 100K(320K)->100K(320K) NonClass: 96K(192K)->96K(192K) Class: 4K(128K)->4K(128K)
[2024-08-28T13:04:19.303+0000][info][gc             ] GC(663) Pause Young (Concurrent Start) (G1 Evacuation Pause) 684M->686M(1024M) 20.500ms
[2024-08-28T13:04:19.303+0000][info][gc,cpu         ] GC(663) User=0.47s Sys=0.00s Real=0.02s
[2024-08-28T13:04:19.303+0000][info][gc             ] GC(664) Concurrent Mark Cycle
[2024-08-28T13:04:19.303+0000][info][gc,marking     ] GC(664) Concurrent Clear Claimed Marks
[2024-08-28T13:04:19.303+0000][info][gc,marking     ] GC(664) Concurrent Clear Claimed Marks 0.009ms
[2024-08-28T13:04:19.303+0000][info][gc,marking     ] GC(664) Concurrent Scan Root Regions
[2024-08-28T13:04:19.307+0000][info][gc,marking     ] GC(664) Concurrent Scan Root Regions 3.647ms
[2024-08-28T13:04:19.307+0000][info][gc,marking     ] GC(664) Concurrent Mark
[2024-08-28T13:04:19.307+0000][info][gc,marking     ] GC(664) Concurrent Mark From Roots
[2024-08-28T13:04:19.307+0000][info][gc,task        ] GC(664) Using 17 workers of 17 for marking
[2024-08-28T13:04:19.327+0000][info][gc,marking     ] GC(664) Concurrent Mark From Roots 20.350ms
[2024-08-28T13:04:19.327+0000][info][gc,marking     ] GC(664) Concurrent Preclean
[2024-08-28T13:04:19.328+0000][info][gc,marking     ] GC(664) Concurrent Preclean 0.498ms
[2024-08-28T13:04:19.328+0000][info][gc,start       ] GC(664) Pause Remark
[2024-08-28T13:04:19.329+0000][info][gc             ] GC(664) Pause Remark 719M->719M(1024M) 1.064ms
[2024-08-28T13:04:19.329+0000][info][gc,cpu         ] GC(664) User=0.00s Sys=0.00s Real=0.00s
[2024-08-28T13:04:19.329+0000][info][gc,marking     ] GC(664) Concurrent Mark 22.294ms
[2024-08-28T13:04:19.329+0000][info][gc,marking     ] GC(664) Concurrent Rebuild Remembered Sets
[2024-08-28T13:04:19.349+0000][info][gc,start       ] GC(665) Pause Young (Normal) (G1 Evacuation Pause)
[2024-08-28T13:04:19.349+0000][info][gc,task        ] GC(665) Using 24 workers of 68 for evacuation
[2024-08-28T13:04:19.366+0000][info][gc,phases      ] GC(665)   Pre Evacuate Collection Set: 0.1ms
[2024-08-28T13:04:19.366+0000][info][gc,phases      ] GC(665)   Merge Heap Roots: 0.4ms
[2024-08-28T13:04:19.366+0000][info][gc,phases      ] GC(665)   Evacuate Collection Set: 16.1ms
[2024-08-28T13:04:19.366+0000][info][gc,phases      ] GC(665)   Post Evacuate Collection Set: 0.5ms
[2024-08-28T13:04:19.366+0000][info][gc,phases      ] GC(665)   Other: 0.2ms
[2024-08-28T13:04:19.366+0000][info][gc,heap        ] GC(665) Eden regions: 69->0(46)
[2024-08-28T13:04:19.366+0000][info][gc,heap        ] GC(665) Survivor regions: 16->11(11)
[2024-08-28T13:04:19.366+0000][info][gc,heap        ] GC(665) Old regions: 678->754
[2024-08-28T13:04:19.366+0000][info][gc,heap        ] GC(665) Archive regions: 2->2
[2024-08-28T13:04:19.366+0000][info][gc,heap        ] GC(665) Humongous regions: 5->5
[2024-08-28T13:04:19.366+0000][info][gc,metaspace   ] GC(665) Metaspace: 100K(320K)->100K(320K) NonClass: 96K(192K)->96K(192K) Class: 4K(128K)->4K(128K)
[2024-08-28T13:04:19.366+0000][info][gc             ] GC(665) Pause Young (Normal) (G1 Evacuation Pause) 755M->757M(1024M) 17.367ms
[2024-08-28T13:04:19.366+0000][info][gc,cpu         ] GC(665) User=0.39s Sys=0.01s Real=0.02s
[2024-08-28T13:04:19.391+0000][info][gc,start       ] GC(666) Pause Young (Normal) (G1 Evacuation Pause)
[2024-08-28T13:04:19.391+0000][info][gc,task        ] GC(666) Using 24 workers of 68 for evacuation
[2024-08-28T13:04:19.411+0000][info][gc,phases      ] GC(666)   Pre Evacuate Collection Set: 0.1ms
[2024-08-28T13:04:19.411+0000][info][gc,phases      ] GC(666)   Merge Heap Roots: 0.4ms
[2024-08-28T13:04:19.411+0000][info][gc,phases      ] GC(666)   Evacuate Collection Set: 19.1ms
[2024-08-28T13:04:19.411+0000][info][gc,phases      ] GC(666)   Post Evacuate Collection Set: 0.6ms
[2024-08-28T13:04:19.411+0000][info][gc,phases      ] GC(666)   Other: 0.2ms
[2024-08-28T13:04:19.411+0000][info][gc,heap        ] GC(666) Eden regions: 46->0(43)
[2024-08-28T13:04:19.411+0000][info][gc,heap        ] GC(666) Survivor regions: 11->8(8)
[2024-08-28T13:04:19.411+0000][info][gc,heap        ] GC(666) Old regions: 754->807
[2024-08-28T13:04:19.411+0000][info][gc,heap        ] GC(666) Archive regions: 2->2
[2024-08-28T13:04:19.411+0000][info][gc,heap        ] GC(666) Humongous regions: 5->5
[2024-08-28T13:04:19.411+0000][info][gc,metaspace   ] GC(666) Metaspace: 100K(320K)->100K(320K) NonClass: 96K(192K)->96K(192K) Class: 4K(128K)->4K(128K)
[2024-08-28T13:04:19.411+0000][info][gc             ] GC(666) Pause Young (Normal) (G1 Evacuation Pause) 803M->808M(1024M) 20.511ms
[2024-08-28T13:04:19.411+0000][info][gc,cpu         ] GC(666) User=0.48s Sys=0.00s Real=0.02s
[2024-08-28T13:04:19.434+0000][info][gc,marking     ] GC(664) Concurrent Rebuild Remembered Sets 104.659ms
[2024-08-28T13:04:19.434+0000][info][gc,start       ] GC(664) Pause Cleanup
[2024-08-28T13:04:19.436+0000][info][gc             ] GC(664) Pause Cleanup 849M->849M(1024M) 1.533ms
[2024-08-28T13:04:19.436+0000][info][gc,cpu         ] GC(664) User=0.00s Sys=0.00s Real=0.00s
[2024-08-28T13:04:19.436+0000][info][gc,marking     ] GC(664) Concurrent Cleanup for Next Mark
[2024-08-28T13:04:19.437+0000][info][gc,marking     ] GC(664) Concurrent Cleanup for Next Mark 0.743ms
[2024-08-28T13:04:19.437+0000][info][gc             ] GC(664) Concurrent Mark Cycle 133.306ms
[2024-08-28T13:04:19.438+0000][info][gc,start       ] GC(667) Pause Young (Prepare Mixed) (G1 Evacuation Pause)
[2024-08-28T13:04:19.438+0000][info][gc,task        ] GC(667) Using 24 workers of 68 for evacuation
[2024-08-28T13:04:19.454+0000][info][gc,phases      ] GC(667)   Pre Evacuate Collection Set: 0.2ms
[2024-08-28T13:04:19.454+0000][info][gc,phases      ] GC(667)   Merge Heap Roots: 0.5ms
[2024-08-28T13:04:19.454+0000][info][gc,phases      ] GC(667)   Evacuate Collection Set: 14.7ms
[2024-08-28T13:04:19.454+0000][info][gc,phases      ] GC(667)   Post Evacuate Collection Set: 0.4ms
[2024-08-28T13:04:19.454+0000][info][gc,phases      ] GC(667)   Other: 0.2ms
[2024-08-28T13:04:19.454+0000][info][gc,heap        ] GC(667) Eden regions: 43->0(44)
[2024-08-28T13:04:19.454+0000][info][gc,heap        ] GC(667) Survivor regions: 8->7(7)
[2024-08-28T13:04:19.454+0000][info][gc,heap        ] GC(667) Old regions: 807->855
[2024-08-28T13:04:19.454+0000][info][gc,heap        ] GC(667) Archive regions: 2->2
[2024-08-28T13:04:19.454+0000][info][gc,heap        ] GC(667) Humongous regions: 5->5
[2024-08-28T13:04:19.454+0000][info][gc,metaspace   ] GC(667) Metaspace: 100K(320K)->100K(320K) NonClass: 96K(192K)->96K(192K) Class: 4K(128K)->4K(128K)
[2024-08-28T13:04:19.454+0000][info][gc             ] GC(667) Pause Young (Prepare Mixed) (G1 Evacuation Pause) 851M->854M(1024M) 16.058ms
[2024-08-28T13:04:19.454+0000][info][gc,cpu         ] GC(667) User=0.36s Sys=0.00s Real=0.01s
[2024-08-28T13:04:19.479+0000][info][gc,start       ] GC(668) Pause Young (Mixed) (G1 Evacuation Pause)
[2024-08-28T13:04:19.479+0000][info][gc,task        ] GC(668) Using 24 workers of 68 for evacuation
[2024-08-28T13:04:19.491+0000][info][gc,phases      ] GC(668)   Pre Evacuate Collection Set: 0.2ms
[2024-08-28T13:04:19.491+0000][info][gc,phases      ] GC(668)   Merge Heap Roots: 0.4ms
[2024-08-28T13:04:19.491+0000][info][gc,phases      ] GC(668)   Evacuate Collection Set: 10.8ms
[2024-08-28T13:04:19.491+0000][info][gc,phases      ] GC(668)   Post Evacuate Collection Set: 0.3ms
[2024-08-28T13:04:19.491+0000][info][gc,phases      ] GC(668)   Other: 0.2ms
[2024-08-28T13:04:19.491+0000][info][gc,heap        ] GC(668) Eden regions: 44->0(44)
[2024-08-28T13:04:19.491+0000][info][gc,heap        ] GC(668) Survivor regions: 7->7(7)
[2024-08-28T13:04:19.491+0000][info][gc,heap        ] GC(668) Old regions: 855->799
[2024-08-28T13:04:19.491+0000][info][gc,heap        ] GC(668) Archive regions: 2->2
[2024-08-28T13:04:19.491+0000][info][gc,heap        ] GC(668) Humongous regions: 5->5
[2024-08-28T13:04:19.491+0000][info][gc,metaspace   ] GC(668) Metaspace: 100K(320K)->100K(320K) NonClass: 96K(192K)->96K(192K) Class: 4K(128K)->4K(128K)
[2024-08-28T13:04:19.491+0000][info][gc             ] GC(668) Pause Young (Mixed) (G1 Evacuation Pause) 898M->800M(1024M) 12.041ms
[2024-08-28T13:04:19.491+0000][info][gc,cpu         ] GC(668) User=0.27s Sys=0.00s Real=0.01s
[2024-08-28T13:04:19.515+0000][info][gc,start       ] GC(669) Pause Young (Mixed) (G1 Evacuation Pause)
[2024-08-28T13:04:19.515+0000][info][gc,task        ] GC(669) Using 24 workers of 68 for evacuation
[2024-08-28T13:04:19.527+0000][info][gc,phases      ] GC(669)   Pre Evacuate Collection Set: 0.2ms
[2024-08-28T13:04:19.527+0000][info][gc,phases      ] GC(669)   Merge Heap Roots: 0.4ms
[2024-08-28T13:04:19.527+0000][info][gc,phases      ] GC(669)   Evacuate Collection Set: 10.8ms
[2024-08-28T13:04:19.527+0000][info][gc,phases      ] GC(669)   Post Evacuate Collection Set: 0.3ms
[2024-08-28T13:04:19.527+0000][info][gc,phases      ] GC(669)   Other: 0.2ms
[2024-08-28T13:04:19.527+0000][info][gc,heap        ] GC(669) Eden regions: 44->0(48)
[2024-08-28T13:04:19.527+0000][info][gc,heap        ] GC(669) Survivor regions: 7->7(7)
[2024-08-28T13:04:19.527+0000][info][gc,heap        ] GC(669) Old regions: 799->753
[2024-08-28T13:04:19.527+0000][info][gc,heap        ] GC(669) Archive regions: 2->2
[2024-08-28T13:04:19.527+0000][info][gc,heap        ] GC(669) Humongous regions: 5->5
[2024-08-28T13:04:19.527+0000][info][gc,metaspace   ] GC(669) Metaspace: 100K(320K)->100K(320K) NonClass: 96K(192K)->96K(192K) Class: 4K(128K)->4K(128K)
[2024-08-28T13:04:19.527+0000][info][gc             ] GC(669) Pause Young (Mixed) (G1 Evacuation Pause) 844M->758M(1024M) 12.065ms
[2024-08-28T13:04:19.527+0000][info][gc,cpu         ] GC(669) User=0.27s Sys=0.00s Real=0.01s
[2024-08-28T13:04:19.553+0000][info][gc,start       ] GC(670) Pause Young (Concurrent Start) (G1 Evacuation Pause)
[2024-08-28T13:04:19.553+0000][info][gc,task        ] GC(670) Using 24 workers of 68 for evacuation
[2024-08-28T13:04:19.564+0000][info][gc,phases      ] GC(670)   Pre Evacuate Collection Set: 0.2ms
[2024-08-28T13:04:19.565+0000][info][gc,phases      ] GC(670)   Merge Heap Roots: 0.4ms
[2024-08-28T13:04:19.565+0000][info][gc,phases      ] GC(670)   Evacuate Collection Set: 10.5ms
[2024-08-28T13:04:19.565+0000][info][gc,phases      ] GC(670)   Post Evacuate Collection Set: 0.3ms
[2024-08-28T13:04:19.565+0000][info][gc,phases      ] GC(670)   Other: 0.6ms
[2024-08-28T13:04:19.565+0000][info][gc,heap        ] GC(670) Eden regions: 48->0(44)
[2024-08-28T13:04:19.565+0000][info][gc,heap        ] GC(670) Survivor regions: 7->7(7)
[2024-08-28T13:04:19.565+0000][info][gc,heap        ] GC(670) Old regions: 753->803
[2024-08-28T13:04:19.565+0000][info][gc,heap        ] GC(670) Archive regions: 2->2
[2024-08-28T13:04:19.565+0000][info][gc,heap        ] GC(670) Humongous regions: 5->5
[2024-08-28T13:04:19.565+0000][info][gc,metaspace   ] GC(670) Metaspace: 100K(320K)->100K(320K) NonClass: 96K(192K)->96K(192K) Class: 4K(128K)->4K(128K)
[2024-08-28T13:04:19.565+0000][info][gc             ] GC(670) Pause Young (Concurrent Start) (G1 Evacuation Pause) 806M->808M(1024M) 11.971ms
[2024-08-28T13:04:19.565+0000][info][gc,cpu         ] GC(670) User=0.26s Sys=0.00s Real=0.01s
[2024-08-28T13:04:19.565+0000][info][gc             ] GC(671) Concurrent Mark Cycle
[2024-08-28T13:04:19.565+0000][info][gc,marking     ] GC(671) Concurrent Clear Claimed Marks
[2024-08-28T13:04:19.565+0000][info][gc,marking     ] GC(671) Concurrent Clear Claimed Marks 0.009ms
[2024-08-28T13:04:19.565+0000][info][gc,marking     ] GC(671) Concurrent Scan Root Regions
[2024-08-28T13:04:19.567+0000][info][gc,marking     ] GC(671) Concurrent Scan Root Regions 1.805ms
[2024-08-28T13:04:19.567+0000][info][gc,marking     ] GC(671) Concurrent Mark
[2024-08-28T13:04:19.567+0000][info][gc,marking     ] GC(671) Concurrent Mark From Roots
[2024-08-28T13:04:19.567+0000][info][gc,task        ] GC(671) Using 17 workers of 17 for marking
[2024-08-28T13:04:19.589+0000][info][gc,marking     ] GC(671) Concurrent Mark From Roots 22.451ms
[2024-08-28T13:04:19.589+0000][info][gc,marking     ] GC(671) Concurrent Preclean
[2024-08-28T13:04:19.590+0000][info][gc,marking     ] GC(671) Concurrent Preclean 0.545ms
[2024-08-28T13:04:19.590+0000][info][gc,start       ] GC(671) Pause Remark
[2024-08-28T13:04:19.591+0000][info][gc             ] GC(671) Pause Remark 841M->841M(1024M) 1.209ms
[2024-08-28T13:04:19.591+0000][info][gc,cpu         ] GC(671) User=0.00s Sys=0.00s Real=0.00s
[2024-08-28T13:04:19.591+0000][info][gc,marking     ] GC(671) Concurrent Mark 24.592ms
[2024-08-28T13:04:19.591+0000][info][gc,marking     ] GC(671) Concurrent Rebuild Remembered Sets
[2024-08-28T13:04:19.598+0000][info][gc,start       ] GC(672) Pause Young (Normal) (G1 Evacuation Pause)
[2024-08-28T13:04:19.598+0000][info][gc,task        ] GC(672) Using 24 workers of 68 for evacuation
[2024-08-28T13:04:19.608+0000][info][gc,phases      ] GC(672)   Pre Evacuate Collection Set: 0.2ms
[2024-08-28T13:04:19.609+0000][info][gc,phases      ] GC(672)   Merge Heap Roots: 0.3ms
[2024-08-28T13:04:19.609+0000][info][gc,phases      ] GC(672)   Evacuate Collection Set: 9.6ms
[2024-08-28T13:04:19.609+0000][info][gc,phases      ] GC(672)   Post Evacuate Collection Set: 0.4ms
[2024-08-28T13:04:19.609+0000][info][gc,phases      ] GC(672)   Other: 0.2ms
[2024-08-28T13:04:19.609+0000][info][gc,heap        ] GC(672) Eden regions: 44->0(44)
[2024-08-28T13:04:19.609+0000][info][gc,heap        ] GC(672) Survivor regions: 7->7(7)
[2024-08-28T13:04:19.609+0000][info][gc,heap        ] GC(672) Old regions: 803->850
[2024-08-28T13:04:19.609+0000][info][gc,heap        ] GC(672) Archive regions: 2->2
[2024-08-28T13:04:19.609+0000][info][gc,heap        ] GC(672) Humongous regions: 5->5
[2024-08-28T13:04:19.609+0000][info][gc,metaspace   ] GC(672) Metaspace: 100K(320K)->100K(320K) NonClass: 96K(192K)->96K(192K) Class: 4K(128K)->4K(128K)
[2024-08-28T13:04:19.609+0000][info][gc             ] GC(672) Pause Young (Normal) (G1 Evacuation Pause) 852M->855M(1024M) 10.780ms
[2024-08-28T13:04:19.609+0000][info][gc,cpu         ] GC(672) User=0.23s Sys=0.00s Real=0.00s
[2024-08-28T13:04:19.632+0000][info][gc,start       ] GC(673) Pause Young (Normal) (G1 Evacuation Pause)
[2024-08-28T13:04:19.632+0000][info][gc,task        ] GC(673) Using 24 workers of 68 for evacuation
[2024-08-28T13:04:19.647+0000][info][gc,phases      ] GC(673)   Pre Evacuate Collection Set: 0.2ms
[2024-08-28T13:04:19.647+0000][info][gc,phases      ] GC(673)   Merge Heap Roots: 0.4ms
[2024-08-28T13:04:19.647+0000][info][gc,phases      ] GC(673)   Evacuate Collection Set: 13.8ms
[2024-08-28T13:04:19.647+0000][info][gc,phases      ] GC(673)   Post Evacuate Collection Set: 0.5ms
[2024-08-28T13:04:19.647+0000][info][gc,phases      ] GC(673)   Other: 0.3ms
[2024-08-28T13:04:19.647+0000][info][gc,heap        ] GC(673) Eden regions: 44->0(44)
[2024-08-28T13:04:19.647+0000][info][gc,heap        ] GC(673) Survivor regions: 7->7(7)
[2024-08-28T13:04:19.647+0000][info][gc,heap        ] GC(673) Old regions: 850->897
[2024-08-28T13:04:19.647+0000][info][gc,heap        ] GC(673) Archive regions: 2->2
[2024-08-28T13:04:19.647+0000][info][gc,heap        ] GC(673) Humongous regions: 5->5
[2024-08-28T13:04:19.647+0000][info][gc,metaspace   ] GC(673) Metaspace: 100K(320K)->100K(320K) NonClass: 96K(192K)->96K(192K) Class: 4K(128K)->4K(128K)
[2024-08-28T13:04:19.647+0000][info][gc             ] GC(673) Pause Young (Normal) (G1 Evacuation Pause) 899M->901M(1024M) 15.175ms
[2024-08-28T13:04:19.647+0000][info][gc,cpu         ] GC(673) User=0.35s Sys=0.00s Real=0.01s
[2024-08-28T13:04:19.672+0000][info][gc,start       ] GC(674) Pause Young (Normal) (G1 Evacuation Pause)
[2024-08-28T13:04:19.672+0000][info][gc,task        ] GC(674) Using 24 workers of 68 for evacuation
[2024-08-28T13:04:19.687+0000][info][gc,phases      ] GC(674)   Pre Evacuate Collection Set: 0.1ms
[2024-08-28T13:04:19.687+0000][info][gc,phases      ] GC(674)   Merge Heap Roots: 0.4ms
[2024-08-28T13:04:19.687+0000][info][gc,phases      ] GC(674)   Evacuate Collection Set: 13.5ms
[2024-08-28T13:04:19.687+0000][info][gc,phases      ] GC(674)   Post Evacuate Collection Set: 0.6ms
[2024-08-28T13:04:19.687+0000][info][gc,phases      ] GC(674)   Other: 0.2ms
[2024-08-28T13:04:19.687+0000][info][gc,heap        ] GC(674) Eden regions: 44->0(44)
[2024-08-28T13:04:19.687+0000][info][gc,heap        ] GC(674) Survivor regions: 7->7(7)
[2024-08-28T13:04:19.687+0000][info][gc,heap        ] GC(674) Old regions: 897->943
[2024-08-28T13:04:19.687+0000][info][gc,heap        ] GC(674) Archive regions: 2->2
[2024-08-28T13:04:19.687+0000][info][gc,heap        ] GC(674) Humongous regions: 5->5
[2024-08-28T13:04:19.687+0000][info][gc,metaspace   ] GC(674) Metaspace: 100K(320K)->100K(320K) NonClass: 96K(192K)->96K(192K) Class: 4K(128K)->4K(128K)
[2024-08-28T13:04:19.687+0000][info][gc             ] GC(674) Pause Young (Normal) (G1 Evacuation Pause) 945M->947M(1024M) 14.911ms
[2024-08-28T13:04:19.687+0000][info][gc,cpu         ] GC(674) User=0.34s Sys=0.00s Real=0.01s
[2024-08-28T13:04:19.704+0000][info][gc,marking     ] GC(671) Concurrent Rebuild Remembered Sets 112.589ms
[2024-08-28T13:04:19.704+0000][info][gc,start       ] GC(675) Pause Young (Normal) (G1 Preventive Collection)
[2024-08-28T13:04:19.704+0000][info][gc,task        ] GC(675) Using 24 workers of 68 for evacuation
[2024-08-28T13:04:19.716+0000][info][gc,phases      ] GC(675)   Pre Evacuate Collection Set: 0.2ms
[2024-08-28T13:04:19.716+0000][info][gc,phases      ] GC(675)   Merge Heap Roots: 0.5ms
[2024-08-28T13:04:19.716+0000][info][gc,phases      ] GC(675)   Evacuate Collection Set: 10.4ms
[2024-08-28T13:04:19.716+0000][info][gc,phases      ] GC(675)   Post Evacuate Collection Set: 0.6ms
[2024-08-28T13:04:19.716+0000][info][gc,phases      ] GC(675)   Other: 0.3ms
[2024-08-28T13:04:19.716+0000][info][gc,heap        ] GC(675) Eden regions: 28->0(44)
[2024-08-28T13:04:19.716+0000][info][gc,heap        ] GC(675) Survivor regions: 7->7(7)
[2024-08-28T13:04:19.716+0000][info][gc,heap        ] GC(675) Old regions: 943->975
[2024-08-28T13:04:19.716+0000][info][gc,heap        ] GC(675) Archive regions: 2->2
[2024-08-28T13:04:19.716+0000][info][gc,heap        ] GC(675) Humongous regions: 5->5
[2024-08-28T13:04:19.716+0000][info][gc,metaspace   ] GC(675) Metaspace: 100K(320K)->100K(320K) NonClass: 96K(192K)->96K(192K) Class: 4K(128K)->4K(128K)
[2024-08-28T13:04:19.716+0000][info][gc             ] GC(675) Pause Young (Normal) (G1 Preventive Collection) 975M->979M(1024M) 11.961ms
[2024-08-28T13:04:19.716+0000][info][gc,cpu         ] GC(675) User=0.27s Sys=0.00s Real=0.01s
[2024-08-28T13:04:19.716+0000][info][gc,start       ] GC(671) Pause Cleanup
[2024-08-28T13:04:19.718+0000][info][gc             ] GC(671) Pause Cleanup 980M->980M(1024M) 1.934ms
[2024-08-28T13:04:19.718+0000][info][gc,cpu         ] GC(671) User=0.00s Sys=0.00s Real=0.01s
[2024-08-28T13:04:19.718+0000][info][gc,marking     ] GC(671) Concurrent Cleanup for Next Mark
[2024-08-28T13:04:19.719+0000][info][gc,marking     ] GC(671) Concurrent Cleanup for Next Mark 0.699ms
[2024-08-28T13:04:19.719+0000][info][gc             ] GC(671) Concurrent Mark Cycle 154.364ms
[2024-08-28T13:04:19.727+0000][info][gc,start       ] GC(676) Pause Young (Prepare Mixed) (G1 Preventive Collection)
[2024-08-28T13:04:19.727+0000][info][gc,task        ] GC(676) Using 24 workers of 68 for evacuation
[2024-08-28T13:04:19.736+0000][info][gc             ] GC(676) To-space exhausted
[2024-08-28T13:04:19.736+0000][info][gc,phases      ] GC(676)   Pre Evacuate Collection Set: 0.1ms
[2024-08-28T13:04:19.736+0000][info][gc,phases      ] GC(676)   Merge Heap Roots: 0.5ms
[2024-08-28T13:04:19.736+0000][info][gc,phases      ] GC(676)   Evacuate Collection Set: 7.7ms
[2024-08-28T13:04:19.736+0000][info][gc,phases      ] GC(676)   Post Evacuate Collection Set: 0.6ms
[2024-08-28T13:04:19.736+0000][info][gc,phases      ] GC(676)   Other: 0.2ms
[2024-08-28T13:04:19.736+0000][info][gc,heap        ] GC(676) Eden regions: 13->0(44)
[2024-08-28T13:04:19.736+0000][info][gc,heap        ] GC(676) Survivor regions: 7->7(7)
[2024-08-28T13:04:19.736+0000][info][gc,heap        ] GC(676) Old regions: 975->1008
[2024-08-28T13:04:19.736+0000][info][gc,heap        ] GC(676) Archive regions: 2->2
[2024-08-28T13:04:19.736+0000][info][gc,heap        ] GC(676) Humongous regions: 5->5
[2024-08-28T13:04:19.736+0000][info][gc,metaspace   ] GC(676) Metaspace: 100K(320K)->100K(320K) NonClass: 96K(192K)->96K(192K) Class: 4K(128K)->4K(128K)
[2024-08-28T13:04:19.736+0000][info][gc             ] GC(676) Pause Young (Prepare Mixed) (G1 Preventive Collection) 992M->1013M(1024M) 9.163ms
[2024-08-28T13:04:19.736+0000][info][gc,cpu         ] GC(676) User=0.20s Sys=0.00s Real=0.01s
[2024-08-28T13:04:19.737+0000][info][gc,start       ] GC(677) Pause Young (Mixed) (G1 Preventive Collection)
[2024-08-28T13:04:19.737+0000][info][gc,task        ] GC(677) Using 24 workers of 68 for evacuation
[2024-08-28T13:04:19.741+0000][info][gc             ] GC(677) To-space exhausted
[2024-08-28T13:04:19.741+0000][info][gc,phases      ] GC(677)   Pre Evacuate Collection Set: 0.2ms
[2024-08-28T13:04:19.741+0000][info][gc,phases      ] GC(677)   Merge Heap Roots: 0.3ms
[2024-08-28T13:04:19.741+0000][info][gc,phases      ] GC(677)   Evacuate Collection Set: 2.3ms
[2024-08-28T13:04:19.741+0000][info][gc,phases      ] GC(677)   Post Evacuate Collection Set: 0.9ms
[2024-08-28T13:04:19.741+0000][info][gc,phases      ] GC(677)   Other: 0.2ms
[2024-08-28T13:04:19.741+0000][info][gc,heap        ] GC(677) Eden regions: 1->0(51)
[2024-08-28T13:04:19.741+0000][info][gc,heap        ] GC(677) Survivor regions: 7->0(1)
[2024-08-28T13:04:19.741+0000][info][gc,heap        ] GC(677) Old regions: 1008->1017
[2024-08-28T13:04:19.741+0000][info][gc,heap        ] GC(677) Archive regions: 2->2
[2024-08-28T13:04:19.741+0000][info][gc,heap        ] GC(677) Humongous regions: 5->5
[2024-08-28T13:04:19.741+0000][info][gc,metaspace   ] GC(677) Metaspace: 100K(320K)->100K(320K) NonClass: 96K(192K)->96K(192K) Class: 4K(128K)->4K(128K)
[2024-08-28T13:04:19.741+0000][info][gc             ] GC(677) Pause Young (Mixed) (G1 Preventive Collection) 1014M->1015M(1024M) 3.840ms
[2024-08-28T13:04:19.741+0000][info][gc,cpu         ] GC(677) User=0.06s Sys=0.00s Real=0.01s
[2024-08-28T13:04:19.741+0000][info][gc,ergo        ] Attempting full compaction
[2024-08-28T13:04:19.741+0000][info][gc,task        ] GC(678) Using 24 workers of 68 for full compaction
[2024-08-28T13:04:19.741+0000][info][gc,start       ] GC(678) Pause Full (G1 Compaction Pause)
[2024-08-28T13:04:19.741+0000][info][gc,phases,start] GC(678) Phase 1: Mark live objects
[2024-08-28T13:04:19.757+0000][info][gc,phases      ] GC(678) Phase 1: Mark live objects 15.914ms
[2024-08-28T13:04:19.757+0000][info][gc,phases,start] GC(678) Phase 2: Prepare for compaction
[2024-08-28T13:04:19.765+0000][info][gc,phases      ] GC(678) Phase 2: Prepare for compaction 7.783ms
[2024-08-28T13:04:19.765+0000][info][gc,phases,start] GC(678) Phase 3: Adjust pointers
[2024-08-28T13:04:19.780+0000][info][gc,phases      ] GC(678) Phase 3: Adjust pointers 15.323ms
[2024-08-28T13:04:19.780+0000][info][gc,phases,start] GC(678) Phase 4: Compact heap
[2024-08-28T13:04:19.808+0000][info][gc,phases      ] GC(678) Phase 4: Compact heap 27.289ms
[2024-08-28T13:04:19.809+0000][info][gc,heap        ] GC(678) Eden regions: 0->0(150)
[2024-08-28T13:04:19.809+0000][info][gc,heap        ] GC(678) Survivor regions: 0->0(1)
[2024-08-28T13:04:19.809+0000][info][gc,heap        ] GC(678) Old regions: 1017->443
[2024-08-28T13:04:19.809+0000][info][gc,heap        ] GC(678) Archive regions: 2->2
[2024-08-28T13:04:19.809+0000][info][gc,heap        ] GC(678) Humongous regions: 5->5
[2024-08-28T13:04:19.809+0000][info][gc,metaspace   ] GC(678) Metaspace: 100K(320K)->100K(320K) NonClass: 96K(192K)->96K(192K) Class: 4K(128K)->4K(128K)
[2024-08-28T13:04:19.809+0000][info][gc             ] GC(678) Pause Full (G1 Compaction Pause) 1015M->437M(1024M) 67.719ms
[2024-08-28T13:04:19.809+0000][info][gc,cpu         ] GC(678) User=1.48s Sys=0.00s Real=0.06s
[2024-08-28T13:04:19.897+0000][info][gc,start       ] GC(679) Pause Young (Normal) (G1 Evacuation Pause)
[2024-08-28T13:04:19.897+0000][info][gc,task        ] GC(679) Using 24 workers of 68 for evacuation
[2024-08-28T13:04:19.921+0000][info][gc,phases      ] GC(679)   Pre Evacuate Collection Set: 0.2ms
[2024-08-28T13:04:19.921+0000][info][gc,phases      ] GC(679)   Merge Heap Roots: 0.4ms
[2024-08-28T13:04:19.921+0000][info][gc,phases      ] GC(679)   Evacuate Collection Set: 22.0ms
[2024-08-28T13:04:19.921+0000][info][gc,phases      ] GC(679)   Post Evacuate Collection Set: 0.3ms
[2024-08-28T13:04:19.921+0000][info][gc,phases      ] GC(679)   Other: 0.3ms
[2024-08-28T13:04:19.921+0000][info][gc,heap        ] GC(679) Eden regions: 150->0(103)
[2024-08-28T13:04:19.921+0000][info][gc,heap        ] GC(679) Survivor regions: 0->19(19)
[2024-08-28T13:04:19.921+0000][info][gc,heap        ] GC(679) Old regions: 443->570
[2024-08-28T13:04:19.921+0000][info][gc,heap        ] GC(679) Archive regions: 2->2
[2024-08-28T13:04:19.921+0000][info][gc,heap        ] GC(679) Humongous regions: 5->5
[2024-08-28T13:04:19.921+0000][info][gc,metaspace   ] GC(679) Metaspace: 100K(320K)->100K(320K) NonClass: 96K(192K)->96K(192K) Class: 4K(128K)->4K(128K)
[2024-08-28T13:04:19.921+0000][info][gc             ] GC(679) Pause Young (Normal) (G1 Evacuation Pause) 587M->583M(1024M) 23.271ms
[2024-08-28T13:04:19.921+0000][info][gc,cpu         ] GC(679) User=0.53s Sys=0.00s Real=0.03s
[2024-08-28T13:04:19.978+0000][info][gc,start       ] GC(680) Pause Young (Concurrent Start) (G1 Evacuation Pause)
[2024-08-28T13:04:19.978+0000][info][gc,task        ] GC(680) Using 24 workers of 68 for evacuation
[2024-08-28T13:04:19.998+0000][info][gc,phases      ] GC(680)   Pre Evacuate Collection Set: 0.2ms
[2024-08-28T13:04:19.998+0000][info][gc,phases      ] GC(680)   Merge Heap Roots: 0.4ms
[2024-08-28T13:04:19.998+0000][info][gc,phases      ] GC(680)   Evacuate Collection Set: 18.9ms
[2024-08-28T13:04:19.998+0000][info][gc,phases      ] GC(680)   Post Evacuate Collection Set: 0.3ms
[2024-08-28T13:04:19.998+0000][info][gc,phases      ] GC(680)   Other: 0.6ms
[2024-08-28T13:04:19.998+0000][info][gc,heap        ] GC(680) Eden regions: 103->0(70)
[2024-08-28T13:04:19.998+0000][info][gc,heap        ] GC(680) Survivor regions: 19->16(16)
[2024-08-28T13:04:19.998+0000][info][gc,heap        ] GC(680) Old regions: 570->676
[2024-08-28T13:04:19.998+0000][info][gc,heap        ] GC(680) Archive regions: 2->2
[2024-08-28T13:04:19.998+0000][info][gc,heap        ] GC(680) Humongous regions: 5->5
[2024-08-28T13:04:19.998+0000][info][gc,metaspace   ] GC(680) Metaspace: 100K(320K)->100K(320K) NonClass: 96K(192K)->96K(192K) Class: 4K(128K)->4K(128K)
[2024-08-28T13:04:19.998+0000][info][gc             ] GC(680) Pause Young (Concurrent Start) (G1 Evacuation Pause) 686M->686M(1024M) 20.463ms
[2024-08-28T13:04:19.998+0000][info][gc,cpu         ] GC(680) User=0.45s Sys=0.01s Real=0.02s
[2024-08-28T13:04:19.998+0000][info][gc             ] GC(681) Concurrent Mark Cycle
[2024-08-28T13:04:19.998+0000][info][gc,marking     ] GC(681) Concurrent Clear Claimed Marks
[2024-08-28T13:04:19.998+0000][info][gc,marking     ] GC(681) Concurrent Clear Claimed Marks 0.009ms
[2024-08-28T13:04:19.998+0000][info][gc,marking     ] GC(681) Concurrent Scan Root Regions
[2024-08-28T13:04:20.002+0000][info][gc,marking     ] GC(681) Concurrent Scan Root Regions 3.645ms
[2024-08-28T13:04:20.002+0000][info][gc,marking     ] GC(681) Concurrent Mark
[2024-08-28T13:04:20.002+0000][info][gc,marking     ] GC(681) Concurrent Mark From Roots
[2024-08-28T13:04:20.002+0000][info][gc,task        ] GC(681) Using 17 workers of 17 for marking
[2024-08-28T13:04:20.022+0000][info][gc,marking     ] GC(681) Concurrent Mark From Roots 20.204ms
[2024-08-28T13:04:20.022+0000][info][gc,marking     ] GC(681) Concurrent Preclean
[2024-08-28T13:04:20.023+0000][info][gc,marking     ] GC(681) Concurrent Preclean 0.497ms
[2024-08-28T13:04:20.023+0000][info][gc,start       ] GC(681) Pause Remark
[2024-08-28T13:04:20.024+0000][info][gc             ] GC(681) Pause Remark 719M->719M(1024M) 1.080ms
[2024-08-28T13:04:20.024+0000][info][gc,cpu         ] GC(681) User=0.00s Sys=0.00s Real=0.00s
[2024-08-28T13:04:20.024+0000][info][gc,marking     ] GC(681) Concurrent Mark 22.159ms
[2024-08-28T13:04:20.024+0000][info][gc,marking     ] GC(681) Concurrent Rebuild Remembered Sets
[2024-08-28T13:04:20.044+0000][info][gc,start       ] GC(682) Pause Young (Normal) (G1 Evacuation Pause)
[2024-08-28T13:04:20.044+0000][info][gc,task        ] GC(682) Using 24 workers of 68 for evacuation
[2024-08-28T13:04:20.061+0000][info][gc,phases      ] GC(682)   Pre Evacuate Collection Set: 0.2ms
[2024-08-28T13:04:20.061+0000][info][gc,phases      ] GC(682)   Merge Heap Roots: 0.4ms
[2024-08-28T13:04:20.061+0000][info][gc,phases      ] GC(682)   Evacuate Collection Set: 15.4ms
[2024-08-28T13:04:20.061+0000][info][gc,phases      ] GC(682)   Post Evacuate Collection Set: 0.5ms
[2024-08-28T13:04:20.061+0000][info][gc,phases      ] GC(682)   Other: 0.2ms
[2024-08-28T13:04:20.061+0000][info][gc,heap        ] GC(682) Eden regions: 70->0(46)
[2024-08-28T13:04:20.061+0000][info][gc,heap        ] GC(682) Survivor regions: 16->11(11)
[2024-08-28T13:04:20.061+0000][info][gc,heap        ] GC(682) Old regions: 676->754
[2024-08-28T13:04:20.061+0000][info][gc,heap        ] GC(682) Archive regions: 2->2
[2024-08-28T13:04:20.061+0000][info][gc,heap        ] GC(682) Humongous regions: 5->5
[2024-08-28T13:04:20.061+0000][info][gc,metaspace   ] GC(682) Metaspace: 100K(320K)->100K(320K) NonClass: 96K(192K)->96K(192K) Class: 4K(128K)->4K(128K)
[2024-08-28T13:04:20.061+0000][info][gc             ] GC(682) Pause Young (Normal) (G1 Evacuation Pause) 756M->759M(1024M) 16.747ms
[2024-08-28T13:04:20.061+0000][info][gc,cpu         ] GC(682) User=0.38s Sys=0.00s Real=0.02s
[2024-08-28T13:04:20.086+0000][info][gc,start       ] GC(683) Pause Young (Normal) (G1 Evacuation Pause)
[2024-08-28T13:04:20.086+0000][info][gc,task        ] GC(683) Using 24 workers of 68 for evacuation
[2024-08-28T13:04:20.105+0000][info][gc,phases      ] GC(683)   Pre Evacuate Collection Set: 0.2ms
[2024-08-28T13:04:20.105+0000][info][gc,phases      ] GC(683)   Merge Heap Roots: 0.5ms
[2024-08-28T13:04:20.105+0000][info][gc,phases      ] GC(683)   Evacuate Collection Set: 18.0ms
[2024-08-28T13:04:20.105+0000][info][gc,phases      ] GC(683)   Post Evacuate Collection Set: 0.6ms
[2024-08-28T13:04:20.105+0000][info][gc,phases      ] GC(683)   Other: 0.3ms
[2024-08-28T13:04:20.105+0000][info][gc,heap        ] GC(683) Eden regions: 46->0(43)
[2024-08-28T13:04:20.105+0000][info][gc,heap        ] GC(683) Survivor regions: 11->8(8)
[2024-08-28T13:04:20.105+0000][info][gc,heap        ] GC(683) Old regions: 754->808
[2024-08-28T13:04:20.105+0000][info][gc,heap        ] GC(683) Archive regions: 2->2
[2024-08-28T13:04:20.105+0000][info][gc,heap        ] GC(683) Humongous regions: 5->5
[2024-08-28T13:04:20.105+0000][info][gc,metaspace   ] GC(683) Metaspace: 100K(320K)->100K(320K) NonClass: 96K(192K)->96K(192K) Class: 4K(128K)->4K(128K)
[2024-08-28T13:04:20.105+0000][info][gc             ] GC(683) Pause Young (Normal) (G1 Evacuation Pause) 805M->810M(1024M) 19.532ms
[2024-08-28T13:04:20.105+0000][info][gc,cpu         ] GC(683) User=0.44s Sys=0.00s Real=0.02s
[2024-08-28T13:04:20.129+0000][info][gc,marking     ] GC(681) Concurrent Rebuild Remembered Sets 105.170ms
[2024-08-28T13:04:20.130+0000][info][gc,start       ] GC(681) Pause Cleanup
[2024-08-28T13:04:20.131+0000][info][gc             ] GC(681) Pause Cleanup 851M->851M(1024M) 1.551ms
[2024-08-28T13:04:20.131+0000][info][gc,cpu         ] GC(681) User=0.00s Sys=0.00s Real=0.00s
[2024-08-28T13:04:20.131+0000][info][gc,marking     ] GC(681) Concurrent Cleanup for Next Mark
[2024-08-28T13:04:20.132+0000][info][gc,marking     ] GC(681) Concurrent Cleanup for Next Mark 0.732ms
[2024-08-28T13:04:20.132+0000][info][gc             ] GC(681) Concurrent Mark Cycle 133.820ms
[2024-08-28T13:04:20.133+0000][info][gc,start       ] GC(684) Pause Young (Prepare Mixed) (G1 Evacuation Pause)
[2024-08-28T13:04:20.133+0000][info][gc,task        ] GC(684) Using 24 workers of 68 for evacuation
[2024-08-28T13:04:20.147+0000][info][gc,phases      ] GC(684)   Pre Evacuate Collection Set: 0.2ms
[2024-08-28T13:04:20.147+0000][info][gc,phases      ] GC(684)   Merge Heap Roots: 0.4ms
[2024-08-28T13:04:20.147+0000][info][gc,phases      ] GC(684)   Evacuate Collection Set: 12.7ms
[2024-08-28T13:04:20.147+0000][info][gc,phases      ] GC(684)   Post Evacuate Collection Set: 0.3ms
[2024-08-28T13:04:20.147+0000][info][gc,phases      ] GC(684)   Other: 0.2ms
[2024-08-28T13:04:20.147+0000][info][gc,heap        ] GC(684) Eden regions: 43->0(44)
[2024-08-28T13:04:20.147+0000][info][gc,heap        ] GC(684) Survivor regions: 8->7(7)
[2024-08-28T13:04:20.147+0000][info][gc,heap        ] GC(684) Old regions: 808->856
[2024-08-28T13:04:20.147+0000][info][gc,heap        ] GC(684) Archive regions: 2->2
[2024-08-28T13:04:20.147+0000][info][gc,heap        ] GC(684) Humongous regions: 5->5
[2024-08-28T13:04:20.147+0000][info][gc,metaspace   ] GC(684) Metaspace: 100K(320K)->100K(320K) NonClass: 96K(192K)->96K(192K) Class: 4K(128K)->4K(128K)
[2024-08-28T13:04:20.147+0000][info][gc             ] GC(684) Pause Young (Prepare Mixed) (G1 Evacuation Pause) 853M->857M(1024M) 13.749ms
[2024-08-28T13:04:20.147+0000][info][gc,cpu         ] GC(684) User=0.31s Sys=0.00s Real=0.01s
[2024-08-28T13:04:20.171+0000][info][gc,start       ] GC(685) Pause Young (Mixed) (G1 Evacuation Pause)
[2024-08-28T13:04:20.171+0000][info][gc,task        ] GC(685) Using 24 workers of 68 for evacuation
[2024-08-28T13:04:20.184+0000][info][gc,phases      ] GC(685)   Pre Evacuate Collection Set: 0.2ms
[2024-08-28T13:04:20.184+0000][info][gc,phases      ] GC(685)   Merge Heap Roots: 0.4ms
[2024-08-28T13:04:20.184+0000][info][gc,phases      ] GC(685)   Evacuate Collection Set: 11.1ms
[2024-08-28T13:04:20.184+0000][info][gc,phases      ] GC(685)   Post Evacuate Collection Set: 0.4ms
[2024-08-28T13:04:20.184+0000][info][gc,phases      ] GC(685)   Other: 0.2ms
[2024-08-28T13:04:20.184+0000][info][gc,heap        ] GC(685) Eden regions: 44->0(44)
[2024-08-28T13:04:20.184+0000][info][gc,heap        ] GC(685) Survivor regions: 7->7(7)
[2024-08-28T13:04:20.184+0000][info][gc,heap        ] GC(685) Old regions: 856->801
[2024-08-28T13:04:20.184+0000][info][gc,heap        ] GC(685) Archive regions: 2->2
[2024-08-28T13:04:20.184+0000][info][gc,heap        ] GC(685) Humongous regions: 5->5
[2024-08-28T13:04:20.184+0000][info][gc,metaspace   ] GC(685) Metaspace: 100K(320K)->100K(320K) NonClass: 96K(192K)->96K(192K) Class: 4K(128K)->4K(128K)
[2024-08-28T13:04:20.184+0000][info][gc             ] GC(685) Pause Young (Mixed) (G1 Evacuation Pause) 901M->802M(1024M) 12.408ms
[2024-08-28T13:04:20.184+0000][info][gc,cpu         ] GC(685) User=0.28s Sys=0.00s Real=0.01s
[2024-08-28T13:04:20.209+0000][info][gc,start       ] GC(686) Pause Young (Mixed) (G1 Evacuation Pause)
[2024-08-28T13:04:20.209+0000][info][gc,task        ] GC(686) Using 24 workers of 68 for evacuation
[2024-08-28T13:04:20.221+0000][info][gc,phases      ] GC(686)   Pre Evacuate Collection Set: 0.2ms
[2024-08-28T13:04:20.221+0000][info][gc,phases      ] GC(686)   Merge Heap Roots: 0.3ms
[2024-08-28T13:04:20.221+0000][info][gc,phases      ] GC(686)   Evacuate Collection Set: 11.3ms
[2024-08-28T13:04:20.221+0000][info][gc,phases      ] GC(686)   Post Evacuate Collection Set: 0.4ms
[2024-08-28T13:04:20.221+0000][info][gc,phases      ] GC(686)   Other: 0.3ms
[2024-08-28T13:04:20.221+0000][info][gc,heap        ] GC(686) Eden regions: 44->0(47)
[2024-08-28T13:04:20.221+0000][info][gc,heap        ] GC(686) Survivor regions: 7->7(7)
[2024-08-28T13:04:20.221+0000][info][gc,heap        ] GC(686) Old regions: 801->756
[2024-08-28T13:04:20.221+0000][info][gc,heap        ] GC(686) Archive regions: 2->2
[2024-08-28T13:04:20.221+0000][info][gc,heap        ] GC(686) Humongous regions: 5->5
[2024-08-28T13:04:20.221+0000][info][gc,metaspace   ] GC(686) Metaspace: 100K(320K)->100K(320K) NonClass: 96K(192K)->96K(192K) Class: 4K(128K)->4K(128K)
[2024-08-28T13:04:20.221+0000][info][gc             ] GC(686) Pause Young (Mixed) (G1 Evacuation Pause) 846M->760M(1024M) 12.547ms
[2024-08-28T13:04:20.221+0000][info][gc,cpu         ] GC(686) User=0.28s Sys=0.00s Real=0.02s
[2024-08-28T13:04:20.247+0000][info][gc,start       ] GC(687) Pause Young (Concurrent Start) (G1 Evacuation Pause)
[2024-08-28T13:04:20.247+0000][info][gc,task        ] GC(687) Using 24 workers of 68 for evacuation
[2024-08-28T13:04:20.258+0000][info][gc,phases      ] GC(687)   Pre Evacuate Collection Set: 0.1ms
[2024-08-28T13:04:20.258+0000][info][gc,phases      ] GC(687)   Merge Heap Roots: 0.3ms
[2024-08-28T13:04:20.258+0000][info][gc,phases      ] GC(687)   Evacuate Collection Set: 10.3ms
[2024-08-28T13:04:20.258+0000][info][gc,phases      ] GC(687)   Post Evacuate Collection Set: 0.3ms
[2024-08-28T13:04:20.258+0000][info][gc,phases      ] GC(687)   Other: 0.6ms
[2024-08-28T13:04:20.258+0000][info][gc,heap        ] GC(687) Eden regions: 47->0(44)
[2024-08-28T13:04:20.258+0000][info][gc,heap        ] GC(687) Survivor regions: 7->7(7)
[2024-08-28T13:04:20.258+0000][info][gc,heap        ] GC(687) Old regions: 756->805
[2024-08-28T13:04:20.258+0000][info][gc,heap        ] GC(687) Archive regions: 2->2
[2024-08-28T13:04:20.258+0000][info][gc,heap        ] GC(687) Humongous regions: 5->5
[2024-08-28T13:04:20.258+0000][info][gc,metaspace   ] GC(687) Metaspace: 100K(320K)->100K(320K) NonClass: 96K(192K)->96K(192K) Class: 4K(128K)->4K(128K)
[2024-08-28T13:04:20.258+0000][info][gc             ] GC(687) Pause Young (Concurrent Start) (G1 Evacuation Pause) 807M->810M(1024M) 11.715ms
[2024-08-28T13:04:20.258+0000][info][gc,cpu         ] GC(687) User=0.25s Sys=0.00s Real=0.02s
[2024-08-28T13:04:20.258+0000][info][gc             ] GC(688) Concurrent Mark Cycle
[2024-08-28T13:04:20.258+0000][info][gc,marking     ] GC(688) Concurrent Clear Claimed Marks
[2024-08-28T13:04:20.258+0000][info][gc,marking     ] GC(688) Concurrent Clear Claimed Marks 0.012ms
[2024-08-28T13:04:20.258+0000][info][gc,marking     ] GC(688) Concurrent Scan Root Regions
[2024-08-28T13:04:20.260+0000][info][gc,marking     ] GC(688) Concurrent Scan Root Regions 1.840ms
[2024-08-28T13:04:20.260+0000][info][gc,marking     ] GC(688) Concurrent Mark
[2024-08-28T13:04:20.260+0000][info][gc,marking     ] GC(688) Concurrent Mark From Roots
[2024-08-28T13:04:20.260+0000][info][gc,task        ] GC(688) Using 17 workers of 17 for marking
[2024-08-28T13:04:20.284+0000][info][gc,marking     ] GC(688) Concurrent Mark From Roots 23.971ms
[2024-08-28T13:04:20.284+0000][info][gc,marking     ] GC(688) Concurrent Preclean
[2024-08-28T13:04:20.285+0000][info][gc,marking     ] GC(688) Concurrent Preclean 0.499ms
[2024-08-28T13:04:20.285+0000][info][gc,start       ] GC(688) Pause Remark
[2024-08-28T13:04:20.287+0000][info][gc             ] GC(688) Pause Remark 845M->845M(1024M) 1.519ms
[2024-08-28T13:04:20.287+0000][info][gc,cpu         ] GC(688) User=0.01s Sys=0.00s Real=0.00s
[2024-08-28T13:04:20.287+0000][info][gc,marking     ] GC(688) Concurrent Mark 26.430ms
[2024-08-28T13:04:20.287+0000][info][gc,marking     ] GC(688) Concurrent Rebuild Remembered Sets
[2024-08-28T13:04:20.293+0000][info][gc,start       ] GC(689) Pause Young (Normal) (G1 Evacuation Pause)
[2024-08-28T13:04:20.293+0000][info][gc,task        ] GC(689) Using 24 workers of 68 for evacuation
[2024-08-28T13:04:20.303+0000][info][gc,phases      ] GC(689)   Pre Evacuate Collection Set: 0.1ms
[2024-08-28T13:04:20.303+0000][info][gc,phases      ] GC(689)   Merge Heap Roots: 0.4ms
[2024-08-28T13:04:20.303+0000][info][gc,phases      ] GC(689)   Evacuate Collection Set: 9.3ms
[2024-08-28T13:04:20.303+0000][info][gc,phases      ] GC(689)   Post Evacuate Collection Set: 0.4ms
[2024-08-28T13:04:20.303+0000][info][gc,phases      ] GC(689)   Other: 0.2ms
[2024-08-28T13:04:20.303+0000][info][gc,heap        ] GC(689) Eden regions: 44->0(44)
[2024-08-28T13:04:20.303+0000][info][gc,heap        ] GC(689) Survivor regions: 7->7(7)
[2024-08-28T13:04:20.303+0000][info][gc,heap        ] GC(689) Old regions: 805->852
[2024-08-28T13:04:20.303+0000][info][gc,heap        ] GC(689) Archive regions: 2->2
[2024-08-28T13:04:20.303+0000][info][gc,heap        ] GC(689) Humongous regions: 5->5
[2024-08-28T13:04:20.303+0000][info][gc,metaspace   ] GC(689) Metaspace: 100K(320K)->100K(320K) NonClass: 96K(192K)->96K(192K) Class: 4K(128K)->4K(128K)
[2024-08-28T13:04:20.303+0000][info][gc             ] GC(689) Pause Young (Normal) (G1 Evacuation Pause) 854M->857M(1024M) 10.521ms
[2024-08-28T13:04:20.303+0000][info][gc,cpu         ] GC(689) User=0.24s Sys=0.00s Real=0.01s
[2024-08-28T13:04:20.327+0000][info][gc,start       ] GC(690) Pause Young (Normal) (G1 Evacuation Pause)
[2024-08-28T13:04:20.327+0000][info][gc,task        ] GC(690) Using 24 workers of 68 for evacuation
[2024-08-28T13:04:20.341+0000][info][gc,phases      ] GC(690)   Pre Evacuate Collection Set: 0.2ms
[2024-08-28T13:04:20.341+0000][info][gc,phases      ] GC(690)   Merge Heap Roots: 0.3ms
[2024-08-28T13:04:20.341+0000][info][gc,phases      ] GC(690)   Evacuate Collection Set: 13.3ms
[2024-08-28T13:04:20.341+0000][info][gc,phases      ] GC(690)   Post Evacuate Collection Set: 0.5ms
[2024-08-28T13:04:20.341+0000][info][gc,phases      ] GC(690)   Other: 0.3ms
[2024-08-28T13:04:20.341+0000][info][gc,heap        ] GC(690) Eden regions: 44->0(44)
[2024-08-28T13:04:20.341+0000][info][gc,heap        ] GC(690) Survivor regions: 7->7(7)
[2024-08-28T13:04:20.341+0000][info][gc,heap        ] GC(690) Old regions: 852->899
[2024-08-28T13:04:20.341+0000][info][gc,heap        ] GC(690) Archive regions: 2->2
[2024-08-28T13:04:20.341+0000][info][gc,heap        ] GC(690) Humongous regions: 5->5
[2024-08-28T13:04:20.341+0000][info][gc,metaspace   ] GC(690) Metaspace: 100K(320K)->100K(320K) NonClass: 96K(192K)->96K(192K) Class: 4K(128K)->4K(128K)
[2024-08-28T13:04:20.341+0000][info][gc             ] GC(690) Pause Young (Normal) (G1 Evacuation Pause) 901M->903M(1024M) 14.602ms
[2024-08-28T13:04:20.341+0000][info][gc,cpu         ] GC(690) User=0.33s Sys=0.00s Real=0.02s
[2024-08-28T13:04:20.366+0000][info][gc,start       ] GC(691) Pause Young (Normal) (G1 Evacuation Pause)
[2024-08-28T13:04:20.366+0000][info][gc,task        ] GC(691) Using 24 workers of 68 for evacuation
[2024-08-28T13:04:20.381+0000][info][gc,phases      ] GC(691)   Pre Evacuate Collection Set: 0.1ms
[2024-08-28T13:04:20.381+0000][info][gc,phases      ] GC(691)   Merge Heap Roots: 0.5ms
[2024-08-28T13:04:20.381+0000][info][gc,phases      ] GC(691)   Evacuate Collection Set: 13.1ms
[2024-08-28T13:04:20.381+0000][info][gc,phases      ] GC(691)   Post Evacuate Collection Set: 0.6ms
[2024-08-28T13:04:20.381+0000][info][gc,phases      ] GC(691)   Other: 0.2ms
[2024-08-28T13:04:20.381+0000][info][gc,heap        ] GC(691) Eden regions: 44->0(44)
[2024-08-28T13:04:20.381+0000][info][gc,heap        ] GC(691) Survivor regions: 7->7(7)
[2024-08-28T13:04:20.381+0000][info][gc,heap        ] GC(691) Old regions: 899->944
[2024-08-28T13:04:20.381+0000][info][gc,heap        ] GC(691) Archive regions: 2->2
[2024-08-28T13:04:20.381+0000][info][gc,heap        ] GC(691) Humongous regions: 5->5
[2024-08-28T13:04:20.381+0000][info][gc,metaspace   ] GC(691) Metaspace: 100K(320K)->100K(320K) NonClass: 96K(192K)->96K(192K) Class: 4K(128K)->4K(128K)
[2024-08-28T13:04:20.381+0000][info][gc             ] GC(691) Pause Young (Normal) (G1 Evacuation Pause) 947M->949M(1024M) 14.659ms
[2024-08-28T13:04:20.381+0000][info][gc,cpu         ] GC(691) User=0.34s Sys=0.00s Real=0.02s
[2024-08-28T13:04:20.397+0000][info][gc,start       ] GC(692) Pause Young (Normal) (G1 Preventive Collection)
[2024-08-28T13:04:20.397+0000][info][gc,task        ] GC(692) Using 24 workers of 68 for evacuation
[2024-08-28T13:04:20.410+0000][info][gc,phases      ] GC(692)   Pre Evacuate Collection Set: 0.1ms
[2024-08-28T13:04:20.410+0000][info][gc,phases      ] GC(692)   Merge Heap Roots: 0.4ms
[2024-08-28T13:04:20.410+0000][info][gc,phases      ] GC(692)   Evacuate Collection Set: 11.3ms
[2024-08-28T13:04:20.410+0000][info][gc,phases      ] GC(692)   Post Evacuate Collection Set: 0.6ms
[2024-08-28T13:04:20.410+0000][info][gc,phases      ] GC(692)   Other: 0.2ms
[2024-08-28T13:04:20.410+0000][info][gc,heap        ] GC(692) Eden regions: 28->0(44)
[2024-08-28T13:04:20.410+0000][info][gc,heap        ] GC(692) Survivor regions: 7->7(7)
[2024-08-28T13:04:20.410+0000][info][gc,heap        ] GC(692) Old regions: 944->975
[2024-08-28T13:04:20.410+0000][info][gc,heap        ] GC(692) Archive regions: 2->2
[2024-08-28T13:04:20.410+0000][info][gc,heap        ] GC(692) Humongous regions: 5->5
[2024-08-28T13:04:20.410+0000][info][gc,metaspace   ] GC(692) Metaspace: 100K(320K)->100K(320K) NonClass: 96K(192K)->96K(192K) Class: 4K(128K)->4K(128K)
[2024-08-28T13:04:20.410+0000][info][gc             ] GC(692) Pause Young (Normal) (G1 Preventive Collection) 977M->980M(1024M) 12.693ms
[2024-08-28T13:04:20.410+0000][info][gc,cpu         ] GC(692) User=0.29s Sys=0.01s Real=0.02s
[2024-08-28T13:04:20.413+0000][info][gc,marking     ] GC(688) Concurrent Rebuild Remembered Sets 125.965ms
[2024-08-28T13:04:20.413+0000][info][gc,start       ] GC(688) Pause Cleanup
[2024-08-28T13:04:20.414+0000][info][gc             ] GC(688) Pause Cleanup 986M->986M(1024M) 1.563ms
[2024-08-28T13:04:20.414+0000][info][gc,cpu         ] GC(688) User=0.00s Sys=0.00s Real=0.00s
[2024-08-28T13:04:20.415+0000][info][gc,marking     ] GC(688) Concurrent Cleanup for Next Mark
[2024-08-28T13:04:20.415+0000][info][gc,marking     ] GC(688) Concurrent Cleanup for Next Mark 0.740ms
[2024-08-28T13:04:20.415+0000][info][gc             ] GC(688) Concurrent Mark Cycle 156.963ms
[2024-08-28T13:04:20.421+0000][info][gc,start       ] GC(693) Pause Young (Prepare Mixed) (G1 Preventive Collection)
[2024-08-28T13:04:20.421+0000][info][gc,task        ] GC(693) Using 24 workers of 68 for evacuation
[2024-08-28T13:04:20.431+0000][info][gc             ] GC(693) To-space exhausted
[2024-08-28T13:04:20.431+0000][info][gc,phases      ] GC(693)   Pre Evacuate Collection Set: 0.2ms
[2024-08-28T13:04:20.431+0000][info][gc,phases      ] GC(693)   Merge Heap Roots: 0.5ms
[2024-08-28T13:04:20.431+0000][info][gc,phases      ] GC(693)   Evacuate Collection Set: 8.5ms
[2024-08-28T13:04:20.431+0000][info][gc,phases      ] GC(693)   Post Evacuate Collection Set: 0.6ms
[2024-08-28T13:04:20.431+0000][info][gc,phases      ] GC(693)   Other: 0.2ms
[2024-08-28T13:04:20.431+0000][info][gc,heap        ] GC(693) Eden regions: 13->0(44)
[2024-08-28T13:04:20.431+0000][info][gc,heap        ] GC(693) Survivor regions: 7->7(7)
[2024-08-28T13:04:20.431+0000][info][gc,heap        ] GC(693) Old regions: 975->1008
[2024-08-28T13:04:20.431+0000][info][gc,heap        ] GC(693) Archive regions: 2->2
[2024-08-28T13:04:20.431+0000][info][gc,heap        ] GC(693) Humongous regions: 5->5
[2024-08-28T13:04:20.431+0000][info][gc,metaspace   ] GC(693) Metaspace: 100K(320K)->100K(320K) NonClass: 96K(192K)->96K(192K) Class: 4K(128K)->4K(128K)
[2024-08-28T13:04:20.431+0000][info][gc             ] GC(693) Pause Young (Prepare Mixed) (G1 Preventive Collection) 993M->1013M(1024M) 10.183ms
[2024-08-28T13:04:20.431+0000][info][gc,cpu         ] GC(693) User=0.23s Sys=0.00s Real=0.01s
[2024-08-28T13:04:20.431+0000][info][gc,start       ] GC(694) Pause Young (Mixed) (G1 Preventive Collection)
[2024-08-28T13:04:20.432+0000][info][gc,task        ] GC(694) Using 24 workers of 68 for evacuation
[2024-08-28T13:04:20.435+0000][info][gc             ] GC(694) To-space exhausted
[2024-08-28T13:04:20.435+0000][info][gc,phases      ] GC(694)   Pre Evacuate Collection Set: 0.2ms
[2024-08-28T13:04:20.435+0000][info][gc,phases      ] GC(694)   Merge Heap Roots: 0.3ms
[2024-08-28T13:04:20.435+0000][info][gc,phases      ] GC(694)   Evacuate Collection Set: 2.3ms
[2024-08-28T13:04:20.435+0000][info][gc,phases      ] GC(694)   Post Evacuate Collection Set: 0.8ms
[2024-08-28T13:04:20.435+0000][info][gc,phases      ] GC(694)   Other: 0.2ms
[2024-08-28T13:04:20.435+0000][info][gc,heap        ] GC(694) Eden regions: 1->0(51)
[2024-08-28T13:04:20.435+0000][info][gc,heap        ] GC(694) Survivor regions: 7->0(1)
[2024-08-28T13:04:20.435+0000][info][gc,heap        ] GC(694) Old regions: 1008->1017
[2024-08-28T13:04:20.435+0000][info][gc,heap        ] GC(694) Archive regions: 2->2
[2024-08-28T13:04:20.435+0000][info][gc,heap        ] GC(694) Humongous regions: 5->5
[2024-08-28T13:04:20.435+0000][info][gc,metaspace   ] GC(694) Metaspace: 100K(320K)->100K(320K) NonClass: 96K(192K)->96K(192K) Class: 4K(128K)->4K(128K)
[2024-08-28T13:04:20.435+0000][info][gc             ] GC(694) Pause Young (Mixed) (G1 Preventive Collection) 1014M->1015M(1024M) 3.800ms
[2024-08-28T13:04:20.435+0000][info][gc,cpu         ] GC(694) User=0.07s Sys=0.00s Real=0.00s
[2024-08-28T13:04:20.435+0000][info][gc,ergo        ] Attempting full compaction
[2024-08-28T13:04:20.435+0000][info][gc,task        ] GC(695) Using 24 workers of 68 for full compaction
[2024-08-28T13:04:20.436+0000][info][gc,start       ] GC(695) Pause Full (G1 Compaction Pause)
[2024-08-28T13:04:20.436+0000][info][gc,phases,start] GC(695) Phase 1: Mark live objects
[2024-08-28T13:04:20.451+0000][info][gc,phases      ] GC(695) Phase 1: Mark live objects 15.478ms
[2024-08-28T13:04:20.451+0000][info][gc,phases,start] GC(695) Phase 2: Prepare for compaction
[2024-08-28T13:04:20.459+0000][info][gc,phases      ] GC(695) Phase 2: Prepare for compaction 7.780ms
[2024-08-28T13:04:20.459+0000][info][gc,phases,start] GC(695) Phase 3: Adjust pointers
[2024-08-28T13:04:20.474+0000][info][gc,phases      ] GC(695) Phase 3: Adjust pointers 14.998ms
[2024-08-28T13:04:20.474+0000][info][gc,phases,start] GC(695) Phase 4: Compact heap
[2024-08-28T13:04:20.500+0000][info][gc,phases      ] GC(695) Phase 4: Compact heap 26.088ms
[2024-08-28T13:04:20.501+0000][info][gc,heap        ] GC(695) Eden regions: 0->0(149)
[2024-08-28T13:04:20.501+0000][info][gc,heap        ] GC(695) Survivor regions: 0->0(1)
[2024-08-28T13:04:20.501+0000][info][gc,heap        ] GC(695) Old regions: 1017->447
[2024-08-28T13:04:20.501+0000][info][gc,heap        ] GC(695) Archive regions: 2->2
[2024-08-28T13:04:20.501+0000][info][gc,heap        ] GC(695) Humongous regions: 5->5
[2024-08-28T13:04:20.501+0000][info][gc,metaspace   ] GC(695) Metaspace: 100K(320K)->100K(320K) NonClass: 96K(192K)->96K(192K) Class: 4K(128K)->4K(128K)
[2024-08-28T13:04:20.501+0000][info][gc             ] GC(695) Pause Full (G1 Compaction Pause) 1015M->438M(1024M) 65.788ms
[2024-08-28T13:04:20.501+0000][info][gc,cpu         ] GC(695) User=1.44s Sys=0.00s Real=0.07s
[2024-08-28T13:04:20.590+0000][info][gc,start       ] GC(696) Pause Young (Normal) (G1 Evacuation Pause)
[2024-08-28T13:04:20.590+0000][info][gc,task        ] GC(696) Using 24 workers of 68 for evacuation
[2024-08-28T13:04:20.613+0000][info][gc,phases      ] GC(696)   Pre Evacuate Collection Set: 0.2ms
[2024-08-28T13:04:20.613+0000][info][gc,phases      ] GC(696)   Merge Heap Roots: 0.5ms
[2024-08-28T13:04:20.613+0000][info][gc,phases      ] GC(696)   Evacuate Collection Set: 22.0ms
[2024-08-28T13:04:20.613+0000][info][gc,phases      ] GC(696)   Post Evacuate Collection Set: 0.4ms
[2024-08-28T13:04:20.613+0000][info][gc,phases      ] GC(696)   Other: 0.3ms
[2024-08-28T13:04:20.613+0000][info][gc,heap        ] GC(696) Eden regions: 149->0(102)
[2024-08-28T13:04:20.613+0000][info][gc,heap        ] GC(696) Survivor regions: 0->19(19)
[2024-08-28T13:04:20.613+0000][info][gc,heap        ] GC(696) Old regions: 447->573
[2024-08-28T13:04:20.613+0000][info][gc,heap        ] GC(696) Archive regions: 2->2
[2024-08-28T13:04:20.613+0000][info][gc,heap        ] GC(696) Humongous regions: 5->5
[2024-08-28T13:04:20.613+0000][info][gc,metaspace   ] GC(696) Metaspace: 100K(320K)->100K(320K) NonClass: 96K(192K)->96K(192K) Class: 4K(128K)->4K(128K)
[2024-08-28T13:04:20.613+0000][info][gc             ] GC(696) Pause Young (Normal) (G1 Evacuation Pause) 587M->582M(1024M) 23.298ms
[2024-08-28T13:04:20.613+0000][info][gc,cpu         ] GC(696) User=0.53s Sys=0.00s Real=0.02s
[2024-08-28T13:04:20.670+0000][info][gc,start       ] GC(697) Pause Young (Concurrent Start) (G1 Evacuation Pause)
[2024-08-28T13:04:20.670+0000][info][gc,task        ] GC(697) Using 24 workers of 68 for evacuation
[2024-08-28T13:04:20.690+0000][info][gc,phases      ] GC(697)   Pre Evacuate Collection Set: 0.2ms
[2024-08-28T13:04:20.690+0000][info][gc,phases      ] GC(697)   Merge Heap Roots: 0.3ms
[2024-08-28T13:04:20.690+0000][info][gc,phases      ] GC(697)   Evacuate Collection Set: 18.8ms
[2024-08-28T13:04:20.690+0000][info][gc,phases      ] GC(697)   Post Evacuate Collection Set: 0.3ms
[2024-08-28T13:04:20.691+0000][info][gc,phases      ] GC(697)   Other: 0.7ms
[2024-08-28T13:04:20.691+0000][info][gc,heap        ] GC(697) Eden regions: 102->0(69)
[2024-08-28T13:04:20.691+0000][info][gc,heap        ] GC(697) Survivor regions: 19->16(16)
[2024-08-28T13:04:20.691+0000][info][gc,heap        ] GC(697) Old regions: 573->680
[2024-08-28T13:04:20.691+0000][info][gc,heap        ] GC(697) Archive regions: 2->2
[2024-08-28T13:04:20.691+0000][info][gc,heap        ] GC(697) Humongous regions: 5->5
[2024-08-28T13:04:20.691+0000][info][gc,metaspace   ] GC(697) Metaspace: 100K(320K)->100K(320K) NonClass: 96K(192K)->96K(192K) Class: 4K(128K)->4K(128K)
[2024-08-28T13:04:20.691+0000][info][gc             ] GC(697) Pause Young (Concurrent Start) (G1 Evacuation Pause) 684M->686M(1024M) 20.463ms
[2024-08-28T13:04:20.691+0000][info][gc,cpu         ] GC(697) User=0.46s Sys=0.00s Real=0.02s
[2024-08-28T13:04:20.691+0000][info][gc             ] GC(698) Concurrent Mark Cycle
[2024-08-28T13:04:20.691+0000][info][gc,marking     ] GC(698) Concurrent Clear Claimed Marks
[2024-08-28T13:04:20.691+0000][info][gc,marking     ] GC(698) Concurrent Clear Claimed Marks 0.009ms
[2024-08-28T13:04:20.691+0000][info][gc,marking     ] GC(698) Concurrent Scan Root Regions
[2024-08-28T13:04:20.694+0000][info][gc,marking     ] GC(698) Concurrent Scan Root Regions 3.649ms
[2024-08-28T13:04:20.694+0000][info][gc,marking     ] GC(698) Concurrent Mark
[2024-08-28T13:04:20.694+0000][info][gc,marking     ] GC(698) Concurrent Mark From Roots
[2024-08-28T13:04:20.694+0000][info][gc,task        ] GC(698) Using 17 workers of 17 for marking
[2024-08-28T13:04:20.715+0000][info][gc,marking     ] GC(698) Concurrent Mark From Roots 20.410ms
[2024-08-28T13:04:20.715+0000][info][gc,marking     ] GC(698) Concurrent Preclean
[2024-08-28T13:04:20.715+0000][info][gc,marking     ] GC(698) Concurrent Preclean 0.497ms
[2024-08-28T13:04:20.716+0000][info][gc,start       ] GC(698) Pause Remark
[2024-08-28T13:04:20.717+0000][info][gc             ] GC(698) Pause Remark 719M->719M(1024M) 1.094ms
[2024-08-28T13:04:20.717+0000][info][gc,cpu         ] GC(698) User=0.00s Sys=0.00s Real=0.00s
[2024-08-28T13:04:20.717+0000][info][gc,marking     ] GC(698) Concurrent Mark 22.366ms
[2024-08-28T13:04:20.717+0000][info][gc,marking     ] GC(698) Concurrent Rebuild Remembered Sets
[2024-08-28T13:04:20.736+0000][info][gc,start       ] GC(699) Pause Young (Normal) (G1 Evacuation Pause)
[2024-08-28T13:04:20.736+0000][info][gc,task        ] GC(699) Using 24 workers of 68 for evacuation
[2024-08-28T13:04:20.752+0000][info][gc,phases      ] GC(699)   Pre Evacuate Collection Set: 0.2ms
[2024-08-28T13:04:20.753+0000][info][gc,phases      ] GC(699)   Merge Heap Roots: 0.4ms
[2024-08-28T13:04:20.753+0000][info][gc,phases      ] GC(699)   Evacuate Collection Set: 14.9ms
[2024-08-28T13:04:20.753+0000][info][gc,phases      ] GC(699)   Post Evacuate Collection Set: 0.5ms
[2024-08-28T13:04:20.753+0000][info][gc,phases      ] GC(699)   Other: 0.2ms
[2024-08-28T13:04:20.753+0000][info][gc,heap        ] GC(699) Eden regions: 69->0(45)
[2024-08-28T13:04:20.753+0000][info][gc,heap        ] GC(699) Survivor regions: 16->11(11)
[2024-08-28T13:04:20.753+0000][info][gc,heap        ] GC(699) Old regions: 680->757
[2024-08-28T13:04:20.753+0000][info][gc,heap        ] GC(699) Archive regions: 2->2
[2024-08-28T13:04:20.753+0000][info][gc,heap        ] GC(699) Humongous regions: 5->5
[2024-08-28T13:04:20.753+0000][info][gc,metaspace   ] GC(699) Metaspace: 100K(320K)->100K(320K) NonClass: 96K(192K)->96K(192K) Class: 4K(128K)->4K(128K)
[2024-08-28T13:04:20.753+0000][info][gc             ] GC(699) Pause Young (Normal) (G1 Evacuation Pause) 755M->758M(1024M) 16.194ms
[2024-08-28T13:04:20.753+0000][info][gc,cpu         ] GC(699) User=0.37s Sys=0.00s Real=0.02s
[2024-08-28T13:04:20.776+0000][info][gc,start       ] GC(700) Pause Young (Normal) (G1 Evacuation Pause)
[2024-08-28T13:04:20.776+0000][info][gc,task        ] GC(700) Using 24 workers of 68 for evacuation
[2024-08-28T13:04:20.795+0000][info][gc,phases      ] GC(700)   Pre Evacuate Collection Set: 0.2ms
[2024-08-28T13:04:20.795+0000][info][gc,phases      ] GC(700)   Merge Heap Roots: 0.3ms
[2024-08-28T13:04:20.795+0000][info][gc,phases      ] GC(700)   Evacuate Collection Set: 17.7ms
[2024-08-28T13:04:20.795+0000][info][gc,phases      ] GC(700)   Post Evacuate Collection Set: 0.6ms
[2024-08-28T13:04:20.795+0000][info][gc,phases      ] GC(700)   Other: 0.2ms
[2024-08-28T13:04:20.795+0000][info][gc,heap        ] GC(700) Eden regions: 45->0(44)
[2024-08-28T13:04:20.795+0000][info][gc,heap        ] GC(700) Survivor regions: 11->7(7)
[2024-08-28T13:04:20.795+0000][info][gc,heap        ] GC(700) Old regions: 757->811
[2024-08-28T13:04:20.795+0000][info][gc,heap        ] GC(700) Archive regions: 2->2
[2024-08-28T13:04:20.795+0000][info][gc,heap        ] GC(700) Humongous regions: 5->5
[2024-08-28T13:04:20.795+0000][info][gc,metaspace   ] GC(700) Metaspace: 100K(320K)->100K(320K) NonClass: 96K(192K)->96K(192K) Class: 4K(128K)->4K(128K)
[2024-08-28T13:04:20.795+0000][info][gc             ] GC(700) Pause Young (Normal) (G1 Evacuation Pause) 803M->808M(1024M) 19.021ms
[2024-08-28T13:04:20.796+0000][info][gc,cpu         ] GC(700) User=0.44s Sys=0.00s Real=0.02s
[2024-08-28T13:04:20.817+0000][info][gc,marking     ] GC(698) Concurrent Rebuild Remembered Sets 100.458ms
[2024-08-28T13:04:20.818+0000][info][gc,start       ] GC(698) Pause Cleanup
[2024-08-28T13:04:20.819+0000][info][gc             ] GC(698) Pause Cleanup 847M->847M(1024M) 1.503ms
[2024-08-28T13:04:20.819+0000][info][gc,cpu         ] GC(698) User=0.00s Sys=0.00s Real=0.00s
[2024-08-28T13:04:20.819+0000][info][gc,marking     ] GC(698) Concurrent Cleanup for Next Mark
[2024-08-28T13:04:20.820+0000][info][gc,marking     ] GC(698) Concurrent Cleanup for Next Mark 0.757ms
[2024-08-28T13:04:20.820+0000][info][gc             ] GC(698) Concurrent Mark Cycle 129.260ms
[2024-08-28T13:04:20.823+0000][info][gc,start       ] GC(701) Pause Young (Prepare Mixed) (G1 Evacuation Pause)
[2024-08-28T13:04:20.823+0000][info][gc,task        ] GC(701) Using 24 workers of 68 for evacuation
[2024-08-28T13:04:20.839+0000][info][gc,phases      ] GC(701)   Pre Evacuate Collection Set: 0.2ms
[2024-08-28T13:04:20.839+0000][info][gc,phases      ] GC(701)   Merge Heap Roots: 0.5ms
[2024-08-28T13:04:20.839+0000][info][gc,phases      ] GC(701)   Evacuate Collection Set: 14.3ms
[2024-08-28T13:04:20.839+0000][info][gc,phases      ] GC(701)   Post Evacuate Collection Set: 0.3ms
[2024-08-28T13:04:20.839+0000][info][gc,phases      ] GC(701)   Other: 0.2ms
[2024-08-28T13:04:20.839+0000][info][gc,heap        ] GC(701) Eden regions: 44->0(44)
[2024-08-28T13:04:20.839+0000][info][gc,heap        ] GC(701) Survivor regions: 7->7(7)
[2024-08-28T13:04:20.839+0000][info][gc,heap        ] GC(701) Old regions: 811->859
[2024-08-28T13:04:20.839+0000][info][gc,heap        ] GC(701) Archive regions: 2->2
[2024-08-28T13:04:20.839+0000][info][gc,heap        ] GC(701) Humongous regions: 5->5
[2024-08-28T13:04:20.839+0000][info][gc,metaspace   ] GC(701) Metaspace: 100K(320K)->100K(320K) NonClass: 96K(192K)->96K(192K) Class: 4K(128K)->4K(128K)
[2024-08-28T13:04:20.839+0000][info][gc             ] GC(701) Pause Young (Prepare Mixed) (G1 Evacuation Pause) 852M->856M(1024M) 15.518ms
[2024-08-28T13:04:20.839+0000][info][gc,cpu         ] GC(701) User=0.36s Sys=0.00s Real=0.02s
[2024-08-28T13:04:20.864+0000][info][gc,start       ] GC(702) Pause Young (Mixed) (G1 Evacuation Pause)
[2024-08-28T13:04:20.864+0000][info][gc,task        ] GC(702) Using 24 workers of 68 for evacuation
[2024-08-28T13:04:20.876+0000][info][gc,phases      ] GC(702)   Pre Evacuate Collection Set: 0.2ms
[2024-08-28T13:04:20.876+0000][info][gc,phases      ] GC(702)   Merge Heap Roots: 0.4ms
[2024-08-28T13:04:20.876+0000][info][gc,phases      ] GC(702)   Evacuate Collection Set: 10.9ms
[2024-08-28T13:04:20.876+0000][info][gc,phases      ] GC(702)   Post Evacuate Collection Set: 0.4ms
[2024-08-28T13:04:20.876+0000][info][gc,phases      ] GC(702)   Other: 0.2ms
[2024-08-28T13:04:20.876+0000][info][gc,heap        ] GC(702) Eden regions: 44->0(44)
[2024-08-28T13:04:20.876+0000][info][gc,heap        ] GC(702) Survivor regions: 7->7(7)
[2024-08-28T13:04:20.876+0000][info][gc,heap        ] GC(702) Old regions: 859->803
[2024-08-28T13:04:20.876+0000][info][gc,heap        ] GC(702) Archive regions: 2->2
[2024-08-28T13:04:20.876+0000][info][gc,heap        ] GC(702) Humongous regions: 5->5
[2024-08-28T13:04:20.876+0000][info][gc,metaspace   ] GC(702) Metaspace: 100K(320K)->100K(320K) NonClass: 96K(192K)->96K(192K) Class: 4K(128K)->4K(128K)
[2024-08-28T13:04:20.876+0000][info][gc             ] GC(702) Pause Young (Mixed) (G1 Evacuation Pause) 900M->803M(1024M) 12.157ms
[2024-08-28T13:04:20.876+0000][info][gc,cpu         ] GC(702) User=0.28s Sys=0.00s Real=0.01s
[2024-08-28T13:04:20.901+0000][info][gc,start       ] GC(703) Pause Young (Mixed) (G1 Evacuation Pause)
[2024-08-28T13:04:20.901+0000][info][gc,task        ] GC(703) Using 24 workers of 68 for evacuation
[2024-08-28T13:04:20.913+0000][info][gc,phases      ] GC(703)   Pre Evacuate Collection Set: 0.2ms
[2024-08-28T13:04:20.913+0000][info][gc,phases      ] GC(703)   Merge Heap Roots: 0.4ms
[2024-08-28T13:04:20.913+0000][info][gc,phases      ] GC(703)   Evacuate Collection Set: 10.8ms
[2024-08-28T13:04:20.913+0000][info][gc,phases      ] GC(703)   Post Evacuate Collection Set: 0.4ms
[2024-08-28T13:04:20.913+0000][info][gc,phases      ] GC(703)   Other: 0.2ms
[2024-08-28T13:04:20.913+0000][info][gc,heap        ] GC(703) Eden regions: 44->0(47)
[2024-08-28T13:04:20.913+0000][info][gc,heap        ] GC(703) Survivor regions: 7->7(7)
[2024-08-28T13:04:20.913+0000][info][gc,heap        ] GC(703) Old regions: 803->755
[2024-08-28T13:04:20.913+0000][info][gc,heap        ] GC(703) Archive regions: 2->2
[2024-08-28T13:04:20.913+0000][info][gc,heap        ] GC(703) Humongous regions: 5->5
[2024-08-28T13:04:20.913+0000][info][gc,metaspace   ] GC(703) Metaspace: 100K(320K)->100K(320K) NonClass: 96K(192K)->96K(192K) Class: 4K(128K)->4K(128K)
[2024-08-28T13:04:20.913+0000][info][gc             ] GC(703) Pause Young (Mixed) (G1 Evacuation Pause) 847M->762M(1024M) 12.173ms
[2024-08-28T13:04:20.913+0000][info][gc,cpu         ] GC(703) User=0.27s Sys=0.00s Real=0.01s
[2024-08-28T13:04:20.939+0000][info][gc,start       ] GC(704) Pause Young (Concurrent Start) (G1 Evacuation Pause)
[2024-08-28T13:04:20.939+0000][info][gc,task        ] GC(704) Using 24 workers of 68 for evacuation
[2024-08-28T13:04:20.950+0000][info][gc,phases      ] GC(704)   Pre Evacuate Collection Set: 0.2ms
[2024-08-28T13:04:20.950+0000][info][gc,phases      ] GC(704)   Merge Heap Roots: 0.4ms
[2024-08-28T13:04:20.950+0000][info][gc,phases      ] GC(704)   Evacuate Collection Set: 10.2ms
[2024-08-28T13:04:20.950+0000][info][gc,phases      ] GC(704)   Post Evacuate Collection Set: 0.3ms
[2024-08-28T13:04:20.950+0000][info][gc,phases      ] GC(704)   Other: 0.6ms
[2024-08-28T13:04:20.950+0000][info][gc,heap        ] GC(704) Eden regions: 47->0(44)
[2024-08-28T13:04:20.950+0000][info][gc,heap        ] GC(704) Survivor regions: 7->7(7)
[2024-08-28T13:04:20.950+0000][info][gc,heap        ] GC(704) Old regions: 755->805
[2024-08-28T13:04:20.950+0000][info][gc,heap        ] GC(704) Archive regions: 2->2
[2024-08-28T13:04:20.950+0000][info][gc,heap        ] GC(704) Humongous regions: 5->5
[2024-08-28T13:04:20.950+0000][info][gc,metaspace   ] GC(704) Metaspace: 100K(320K)->100K(320K) NonClass: 96K(192K)->96K(192K) Class: 4K(128K)->4K(128K)
[2024-08-28T13:04:20.950+0000][info][gc             ] GC(704) Pause Young (Concurrent Start) (G1 Evacuation Pause) 809M->812M(1024M) 11.733ms
[2024-08-28T13:04:20.950+0000][info][gc,cpu         ] GC(704) User=0.25s Sys=0.00s Real=0.01s
[2024-08-28T13:04:20.950+0000][info][gc             ] GC(705) Concurrent Mark Cycle
[2024-08-28T13:04:20.950+0000][info][gc,marking     ] GC(705) Concurrent Clear Claimed Marks
[2024-08-28T13:04:20.950+0000][info][gc,marking     ] GC(705) Concurrent Clear Claimed Marks 0.012ms
[2024-08-28T13:04:20.950+0000][info][gc,marking     ] GC(705) Concurrent Scan Root Regions
[2024-08-28T13:04:20.952+0000][info][gc,marking     ] GC(705) Concurrent Scan Root Regions 1.750ms
[2024-08-28T13:04:20.952+0000][info][gc,marking     ] GC(705) Concurrent Mark
[2024-08-28T13:04:20.952+0000][info][gc,marking     ] GC(705) Concurrent Mark From Roots
[2024-08-28T13:04:20.952+0000][info][gc,task        ] GC(705) Using 17 workers of 17 for marking
[2024-08-28T13:04:20.975+0000][info][gc,marking     ] GC(705) Concurrent Mark From Roots 22.983ms
[2024-08-28T13:04:20.975+0000][info][gc,marking     ] GC(705) Concurrent Preclean
[2024-08-28T13:04:20.976+0000][info][gc,marking     ] GC(705) Concurrent Preclean 0.499ms
[2024-08-28T13:04:20.976+0000][info][gc,start       ] GC(705) Pause Remark
[2024-08-28T13:04:20.978+0000][info][gc             ] GC(705) Pause Remark 846M->846M(1024M) 1.471ms
[2024-08-28T13:04:20.978+0000][info][gc,cpu         ] GC(705) User=0.00s Sys=0.01s Real=0.01s
[2024-08-28T13:04:20.978+0000][info][gc,marking     ] GC(705) Concurrent Mark 25.400ms
[2024-08-28T13:04:20.978+0000][info][gc,marking     ] GC(705) Concurrent Rebuild Remembered Sets
[2024-08-28T13:04:20.985+0000][info][gc,start       ] GC(706) Pause Young (Normal) (G1 Evacuation Pause)
[2024-08-28T13:04:20.985+0000][info][gc,task        ] GC(706) Using 24 workers of 68 for evacuation
[2024-08-28T13:04:20.996+0000][info][gc,phases      ] GC(706)   Pre Evacuate Collection Set: 0.2ms
[2024-08-28T13:04:20.996+0000][info][gc,phases      ] GC(706)   Merge Heap Roots: 0.3ms
[2024-08-28T13:04:20.996+0000][info][gc,phases      ] GC(706)   Evacuate Collection Set: 9.7ms
[2024-08-28T13:04:20.996+0000][info][gc,phases      ] GC(706)   Post Evacuate Collection Set: 0.5ms
[2024-08-28T13:04:20.996+0000][info][gc,phases      ] GC(706)   Other: 0.3ms
[2024-08-28T13:04:20.996+0000][info][gc,heap        ] GC(706) Eden regions: 44->0(44)
[2024-08-28T13:04:20.996+0000][info][gc,heap        ] GC(706) Survivor regions: 7->7(7)
[2024-08-28T13:04:20.996+0000][info][gc,heap        ] GC(706) Old regions: 805->852
[2024-08-28T13:04:20.996+0000][info][gc,heap        ] GC(706) Archive regions: 2->2
[2024-08-28T13:04:20.996+0000][info][gc,heap        ] GC(706) Humongous regions: 5->5
[2024-08-28T13:04:20.996+0000][info][gc,metaspace   ] GC(706) Metaspace: 100K(320K)->100K(320K) NonClass: 96K(192K)->96K(192K) Class: 4K(128K)->4K(128K)
[2024-08-28T13:04:20.996+0000][info][gc             ] GC(706) Pause Young (Normal) (G1 Evacuation Pause) 856M->859M(1024M) 11.023ms
[2024-08-28T13:04:20.996+0000][info][gc,cpu         ] GC(706) User=0.24s Sys=0.00s Real=0.01s
[2024-08-28T13:04:21.020+0000][info][gc,start       ] GC(707) Pause Young (Normal) (G1 Evacuation Pause)
[2024-08-28T13:04:21.020+0000][info][gc,task        ] GC(707) Using 24 workers of 68 for evacuation
[2024-08-28T13:04:21.034+0000][info][gc,phases      ] GC(707)   Pre Evacuate Collection Set: 0.1ms
[2024-08-28T13:04:21.034+0000][info][gc,phases      ] GC(707)   Merge Heap Roots: 0.4ms
[2024-08-28T13:04:21.034+0000][info][gc,phases      ] GC(707)   Evacuate Collection Set: 13.2ms
[2024-08-28T13:04:21.034+0000][info][gc,phases      ] GC(707)   Post Evacuate Collection Set: 0.6ms
[2024-08-28T13:04:21.034+0000][info][gc,phases      ] GC(707)   Other: 0.2ms
[2024-08-28T13:04:21.034+0000][info][gc,heap        ] GC(707) Eden regions: 44->0(44)
[2024-08-28T13:04:21.034+0000][info][gc,heap        ] GC(707) Survivor regions: 7->7(7)
[2024-08-28T13:04:21.034+0000][info][gc,heap        ] GC(707) Old regions: 852->899
[2024-08-28T13:04:21.034+0000][info][gc,heap        ] GC(707) Archive regions: 2->2
[2024-08-28T13:04:21.034+0000][info][gc,heap        ] GC(707) Humongous regions: 5->5
[2024-08-28T13:04:21.034+0000][info][gc,metaspace   ] GC(707) Metaspace: 100K(320K)->100K(320K) NonClass: 96K(192K)->96K(192K) Class: 4K(128K)->4K(128K)
[2024-08-28T13:04:21.034+0000][info][gc             ] GC(707) Pause Young (Normal) (G1 Evacuation Pause) 903M->905M(1024M) 14.558ms
[2024-08-28T13:04:21.034+0000][info][gc,cpu         ] GC(707) User=0.33s Sys=0.00s Real=0.01s
[2024-08-28T13:04:21.059+0000][info][gc,start       ] GC(708) Pause Young (Normal) (G1 Evacuation Pause)
[2024-08-28T13:04:21.059+0000][info][gc,task        ] GC(708) Using 24 workers of 68 for evacuation
[2024-08-28T13:04:21.073+0000][info][gc,phases      ] GC(708)   Pre Evacuate Collection Set: 0.1ms
[2024-08-28T13:04:21.073+0000][info][gc,phases      ] GC(708)   Merge Heap Roots: 0.4ms
[2024-08-28T13:04:21.073+0000][info][gc,phases      ] GC(708)   Evacuate Collection Set: 12.9ms
[2024-08-28T13:04:21.073+0000][info][gc,phases      ] GC(708)   Post Evacuate Collection Set: 0.6ms
[2024-08-28T13:04:21.073+0000][info][gc,phases      ] GC(708)   Other: 0.2ms
[2024-08-28T13:04:21.073+0000][info][gc,heap        ] GC(708) Eden regions: 44->0(44)
[2024-08-28T13:04:21.073+0000][info][gc,heap        ] GC(708) Survivor regions: 7->7(7)
[2024-08-28T13:04:21.073+0000][info][gc,heap        ] GC(708) Old regions: 899->945
[2024-08-28T13:04:21.073+0000][info][gc,heap        ] GC(708) Archive regions: 2->2
[2024-08-28T13:04:21.073+0000][info][gc,heap        ] GC(708) Humongous regions: 5->5
[2024-08-28T13:04:21.073+0000][info][gc,metaspace   ] GC(708) Metaspace: 100K(320K)->100K(320K) NonClass: 96K(192K)->96K(192K) Class: 4K(128K)->4K(128K)
[2024-08-28T13:04:21.073+0000][info][gc             ] GC(708) Pause Young (Normal) (G1 Evacuation Pause) 949M->952M(1024M) 14.261ms
[2024-08-28T13:04:21.073+0000][info][gc,cpu         ] GC(708) User=0.32s Sys=0.00s Real=0.01s
[2024-08-28T13:04:21.088+0000][info][gc,marking     ] GC(705) Concurrent Rebuild Remembered Sets 110.432ms
[2024-08-28T13:04:21.088+0000][info][gc,start       ] GC(705) Pause Cleanup
[2024-08-28T13:04:21.090+0000][info][gc             ] GC(705) Pause Cleanup 978M->978M(1024M) 1.654ms
[2024-08-28T13:04:21.090+0000][info][gc,cpu         ] GC(705) User=0.01s Sys=0.00s Real=0.01s
[2024-08-28T13:04:21.090+0000][info][gc,marking     ] GC(705) Concurrent Cleanup for Next Mark
[2024-08-28T13:04:21.091+0000][info][gc,marking     ] GC(705) Concurrent Cleanup for Next Mark 0.776ms
[2024-08-28T13:04:21.091+0000][info][gc             ] GC(705) Concurrent Mark Cycle 140.596ms
[2024-08-28T13:04:21.091+0000][info][gc,start       ] GC(709) Pause Young (Prepare Mixed) (G1 Preventive Collection)
[2024-08-28T13:04:21.091+0000][info][gc,task        ] GC(709) Using 24 workers of 68 for evacuation
[2024-08-28T13:04:21.103+0000][info][gc,phases      ] GC(709)   Pre Evacuate Collection Set: 0.1ms
[2024-08-28T13:04:21.103+0000][info][gc,phases      ] GC(709)   Merge Heap Roots: 0.5ms
[2024-08-28T13:04:21.103+0000][info][gc,phases      ] GC(709)   Evacuate Collection Set: 10.7ms
[2024-08-28T13:04:21.103+0000][info][gc,phases      ] GC(709)   Post Evacuate Collection Set: 0.3ms
[2024-08-28T13:04:21.103+0000][info][gc,phases      ] GC(709)   Other: 0.2ms
[2024-08-28T13:04:21.103+0000][info][gc,heap        ] GC(709) Eden regions: 27->0(44)
[2024-08-28T13:04:21.103+0000][info][gc,heap        ] GC(709) Survivor regions: 7->7(7)
[2024-08-28T13:04:21.103+0000][info][gc,heap        ] GC(709) Old regions: 945->975
[2024-08-28T13:04:21.103+0000][info][gc,heap        ] GC(709) Archive regions: 2->2
[2024-08-28T13:04:21.103+0000][info][gc,heap        ] GC(709) Humongous regions: 5->5
[2024-08-28T13:04:21.103+0000][info][gc,metaspace   ] GC(709) Metaspace: 100K(320K)->100K(320K) NonClass: 96K(192K)->96K(192K) Class: 4K(128K)->4K(128K)
[2024-08-28T13:04:21.103+0000][info][gc             ] GC(709) Pause Young (Prepare Mixed) (G1 Preventive Collection) 979M->982M(1024M) 11.913ms
[2024-08-28T13:04:21.103+0000][info][gc,cpu         ] GC(709) User=0.27s Sys=0.00s Real=0.01s
[2024-08-28T13:04:21.110+0000][info][gc,start       ] GC(710) Pause Young (Mixed) (G1 Preventive Collection)
[2024-08-28T13:04:21.110+0000][info][gc,task        ] GC(710) Using 24 workers of 68 for evacuation
[2024-08-28T13:04:21.116+0000][info][gc,phases      ] GC(710)   Pre Evacuate Collection Set: 0.2ms
[2024-08-28T13:04:21.116+0000][info][gc,phases      ] GC(710)   Merge Heap Roots: 0.3ms
[2024-08-28T13:04:21.116+0000][info][gc,phases      ] GC(710)   Evacuate Collection Set: 5.1ms
[2024-08-28T13:04:21.116+0000][info][gc,phases      ] GC(710)   Post Evacuate Collection Set: 0.3ms
[2024-08-28T13:04:21.116+0000][info][gc,phases      ] GC(710)   Other: 0.2ms
[2024-08-28T13:04:21.116+0000][info][gc,heap        ] GC(710) Eden regions: 12->0(44)
[2024-08-28T13:04:21.116+0000][info][gc,heap        ] GC(710) Survivor regions: 7->7(7)
[2024-08-28T13:04:21.116+0000][info][gc,heap        ] GC(710) Old regions: 975->887
[2024-08-28T13:04:21.116+0000][info][gc,heap        ] GC(710) Archive regions: 2->2
[2024-08-28T13:04:21.116+0000][info][gc,heap        ] GC(710) Humongous regions: 5->5
[2024-08-28T13:04:21.116+0000][info][gc,metaspace   ] GC(710) Metaspace: 100K(320K)->100K(320K) NonClass: 96K(192K)->96K(192K) Class: 4K(128K)->4K(128K)
[2024-08-28T13:04:21.116+0000][info][gc             ] GC(710) Pause Young (Mixed) (G1 Preventive Collection) 994M->898M(1024M) 6.104ms
[2024-08-28T13:04:21.116+0000][info][gc,cpu         ] GC(710) User=0.13s Sys=0.00s Real=0.00s
[2024-08-28T13:04:21.140+0000][info][gc,start       ] GC(711) Pause Young (Mixed) (G1 Evacuation Pause)
[2024-08-28T13:04:21.140+0000][info][gc,task        ] GC(711) Using 24 workers of 68 for evacuation
[2024-08-28T13:04:21.151+0000][info][gc,phases      ] GC(711)   Pre Evacuate Collection Set: 0.2ms
[2024-08-28T13:04:21.151+0000][info][gc,phases      ] GC(711)   Merge Heap Roots: 0.4ms
[2024-08-28T13:04:21.151+0000][info][gc,phases      ] GC(711)   Evacuate Collection Set: 9.8ms
[2024-08-28T13:04:21.151+0000][info][gc,phases      ] GC(711)   Post Evacuate Collection Set: 0.4ms
[2024-08-28T13:04:21.151+0000][info][gc,phases      ] GC(711)   Other: 0.2ms
[2024-08-28T13:04:21.151+0000][info][gc,heap        ] GC(711) Eden regions: 44->0(44)
[2024-08-28T13:04:21.151+0000][info][gc,heap        ] GC(711) Survivor regions: 7->7(7)
[2024-08-28T13:04:21.151+0000][info][gc,heap        ] GC(711) Old regions: 887->829
[2024-08-28T13:04:21.151+0000][info][gc,heap        ] GC(711) Archive regions: 2->2
[2024-08-28T13:04:21.151+0000][info][gc,heap        ] GC(711) Humongous regions: 5->5
[2024-08-28T13:04:21.151+0000][info][gc,metaspace   ] GC(711) Metaspace: 100K(320K)->100K(320K) NonClass: 96K(192K)->96K(192K) Class: 4K(128K)->4K(128K)
[2024-08-28T13:04:21.151+0000][info][gc             ] GC(711) Pause Young (Mixed) (G1 Evacuation Pause) 942M->841M(1024M) 11.169ms
[2024-08-28T13:04:21.151+0000][info][gc,cpu         ] GC(711) User=0.24s Sys=0.00s Real=0.01s
[2024-08-28T13:04:21.174+0000][info][gc,start       ] GC(712) Pause Young (Mixed) (G1 Evacuation Pause)
[2024-08-28T13:04:21.174+0000][info][gc,task        ] GC(712) Using 24 workers of 68 for evacuation
[2024-08-28T13:04:21.188+0000][info][gc,phases      ] GC(712)   Pre Evacuate Collection Set: 0.2ms
[2024-08-28T13:04:21.188+0000][info][gc,phases      ] GC(712)   Merge Heap Roots: 0.5ms
[2024-08-28T13:04:21.188+0000][info][gc,phases      ] GC(712)   Evacuate Collection Set: 12.2ms
[2024-08-28T13:04:21.188+0000][info][gc,phases      ] GC(712)   Post Evacuate Collection Set: 0.4ms
[2024-08-28T13:04:21.188+0000][info][gc,phases      ] GC(712)   Other: 0.3ms
[2024-08-28T13:04:21.188+0000][info][gc,heap        ] GC(712) Eden regions: 44->0(44)
[2024-08-28T13:04:21.188+0000][info][gc,heap        ] GC(712) Survivor regions: 7->7(7)
[2024-08-28T13:04:21.188+0000][info][gc,heap        ] GC(712) Old regions: 829->789
[2024-08-28T13:04:21.188+0000][info][gc,heap        ] GC(712) Archive regions: 2->2
[2024-08-28T13:04:21.188+0000][info][gc,heap        ] GC(712) Humongous regions: 5->5
[2024-08-28T13:04:21.188+0000][info][gc,metaspace   ] GC(712) Metaspace: 100K(320K)->100K(320K) NonClass: 96K(192K)->96K(192K) Class: 4K(128K)->4K(128K)
[2024-08-28T13:04:21.188+0000][info][gc             ] GC(712) Pause Young (Mixed) (G1 Evacuation Pause) 885M->801M(1024M) 13.547ms
[2024-08-28T13:04:21.188+0000][info][gc,cpu         ] GC(712) User=0.30s Sys=0.00s Real=0.01s
[2024-08-28T13:04:21.212+0000][info][gc,start       ] GC(713) Pause Young (Mixed) (G1 Evacuation Pause)
[2024-08-28T13:04:21.212+0000][info][gc,task        ] GC(713) Using 24 workers of 68 for evacuation
[2024-08-28T13:04:21.225+0000][info][gc,phases      ] GC(713)   Pre Evacuate Collection Set: 0.2ms
[2024-08-28T13:04:21.225+0000][info][gc,phases      ] GC(713)   Merge Heap Roots: 0.4ms
[2024-08-28T13:04:21.225+0000][info][gc,phases      ] GC(713)   Evacuate Collection Set: 12.6ms
[2024-08-28T13:04:21.225+0000][info][gc,phases      ] GC(713)   Post Evacuate Collection Set: 0.3ms
[2024-08-28T13:04:21.225+0000][info][gc,phases      ] GC(713)   Other: 0.3ms
[2024-08-28T13:04:21.225+0000][info][gc,heap        ] GC(713) Eden regions: 44->0(44)
[2024-08-28T13:04:21.225+0000][info][gc,heap        ] GC(713) Survivor regions: 7->7(7)
[2024-08-28T13:04:21.226+0000][info][gc,heap        ] GC(713) Old regions: 789->812
[2024-08-28T13:04:21.226+0000][info][gc,heap        ] GC(713) Archive regions: 2->2
[2024-08-28T13:04:21.226+0000][info][gc,heap        ] GC(713) Humongous regions: 5->5
[2024-08-28T13:04:21.226+0000][info][gc,metaspace   ] GC(713) Metaspace: 100K(320K)->100K(320K) NonClass: 96K(192K)->96K(192K) Class: 4K(128K)->4K(128K)
[2024-08-28T13:04:21.226+0000][info][gc             ] GC(713) Pause Young (Mixed) (G1 Evacuation Pause) 845M->824M(1024M) 13.866ms
[2024-08-28T13:04:21.226+0000][info][gc,cpu         ] GC(713) User=0.31s Sys=0.00s Real=0.01s
[2024-08-28T13:04:21.250+0000][info][gc,start       ] GC(714) Pause Young (Concurrent Start) (G1 Evacuation Pause)
[2024-08-28T13:04:21.250+0000][info][gc,task        ] GC(714) Using 24 workers of 68 for evacuation
[2024-08-28T13:04:21.261+0000][info][gc,phases      ] GC(714)   Pre Evacuate Collection Set: 0.2ms
[2024-08-28T13:04:21.261+0000][info][gc,phases      ] GC(714)   Merge Heap Roots: 0.4ms
[2024-08-28T13:04:21.261+0000][info][gc,phases      ] GC(714)   Evacuate Collection Set: 9.8ms
[2024-08-28T13:04:21.261+0000][info][gc,phases      ] GC(714)   Post Evacuate Collection Set: 0.3ms
[2024-08-28T13:04:21.261+0000][info][gc,phases      ] GC(714)   Other: 0.6ms
[2024-08-28T13:04:21.261+0000][info][gc,heap        ] GC(714) Eden regions: 44->0(44)
[2024-08-28T13:04:21.261+0000][info][gc,heap        ] GC(714) Survivor regions: 7->7(7)
[2024-08-28T13:04:21.261+0000][info][gc,heap        ] GC(714) Old regions: 812->859
[2024-08-28T13:04:21.261+0000][info][gc,heap        ] GC(714) Archive regions: 2->2
[2024-08-28T13:04:21.261+0000][info][gc,heap        ] GC(714) Humongous regions: 5->5
[2024-08-28T13:04:21.261+0000][info][gc,metaspace   ] GC(714) Metaspace: 100K(320K)->100K(320K) NonClass: 96K(192K)->96K(192K) Class: 4K(128K)->4K(128K)
[2024-08-28T13:04:21.261+0000][info][gc             ] GC(714) Pause Young (Concurrent Start) (G1 Evacuation Pause) 868M->871M(1024M) 11.472ms
[2024-08-28T13:04:21.261+0000][info][gc,cpu         ] GC(714) User=0.25s Sys=0.00s Real=0.01s
[2024-08-28T13:04:21.261+0000][info][gc             ] GC(715) Concurrent Mark Cycle
[2024-08-28T13:04:21.261+0000][info][gc,marking     ] GC(715) Concurrent Clear Claimed Marks
[2024-08-28T13:04:21.261+0000][info][gc,marking     ] GC(715) Concurrent Clear Claimed Marks 0.013ms
[2024-08-28T13:04:21.261+0000][info][gc,marking     ] GC(715) Concurrent Scan Root Regions
[2024-08-28T13:04:21.263+0000][info][gc,marking     ] GC(715) Concurrent Scan Root Regions 1.700ms
[2024-08-28T13:04:21.263+0000][info][gc,marking     ] GC(715) Concurrent Mark
[2024-08-28T13:04:21.263+0000][info][gc,marking     ] GC(715) Concurrent Mark From Roots
[2024-08-28T13:04:21.263+0000][info][gc,task        ] GC(715) Using 17 workers of 17 for marking
[2024-08-28T13:04:21.287+0000][info][gc,marking     ] GC(715) Concurrent Mark From Roots 23.435ms
[2024-08-28T13:04:21.287+0000][info][gc,marking     ] GC(715) Concurrent Preclean
[2024-08-28T13:04:21.287+0000][info][gc,marking     ] GC(715) Concurrent Preclean 0.499ms
[2024-08-28T13:04:21.287+0000][info][gc,start       ] GC(715) Pause Remark
[2024-08-28T13:04:21.289+0000][info][gc             ] GC(715) Pause Remark 906M->906M(1024M) 1.468ms
[2024-08-28T13:04:21.289+0000][info][gc,cpu         ] GC(715) User=0.01s Sys=0.00s Real=0.00s
[2024-08-28T13:04:21.289+0000][info][gc,marking     ] GC(715) Concurrent Mark 25.829ms
[2024-08-28T13:04:21.289+0000][info][gc,marking     ] GC(715) Concurrent Rebuild Remembered Sets
[2024-08-28T13:04:21.295+0000][info][gc,start       ] GC(716) Pause Young (Normal) (G1 Evacuation Pause)
[2024-08-28T13:04:21.295+0000][info][gc,task        ] GC(716) Using 24 workers of 68 for evacuation
[2024-08-28T13:04:21.306+0000][info][gc,phases      ] GC(716)   Pre Evacuate Collection Set: 0.2ms
[2024-08-28T13:04:21.306+0000][info][gc,phases      ] GC(716)   Merge Heap Roots: 0.3ms
[2024-08-28T13:04:21.306+0000][info][gc,phases      ] GC(716)   Evacuate Collection Set: 9.8ms
[2024-08-28T13:04:21.306+0000][info][gc,phases      ] GC(716)   Post Evacuate Collection Set: 0.4ms
[2024-08-28T13:04:21.306+0000][info][gc,phases      ] GC(716)   Other: 0.2ms
[2024-08-28T13:04:21.306+0000][info][gc,heap        ] GC(716) Eden regions: 44->0(44)
[2024-08-28T13:04:21.306+0000][info][gc,heap        ] GC(716) Survivor regions: 7->7(7)
[2024-08-28T13:04:21.306+0000][info][gc,heap        ] GC(716) Old regions: 859->906
[2024-08-28T13:04:21.306+0000][info][gc,heap        ] GC(716) Archive regions: 2->2
[2024-08-28T13:04:21.306+0000][info][gc,heap        ] GC(716) Humongous regions: 5->5
[2024-08-28T13:04:21.306+0000][info][gc,metaspace   ] GC(716) Metaspace: 100K(320K)->100K(320K) NonClass: 96K(192K)->96K(192K) Class: 4K(128K)->4K(128K)
[2024-08-28T13:04:21.306+0000][info][gc             ] GC(716) Pause Young (Normal) (G1 Evacuation Pause) 915M->918M(1024M) 10.879ms
[2024-08-28T13:04:21.306+0000][info][gc,cpu         ] GC(716) User=0.24s Sys=0.00s Real=0.01s
[2024-08-28T13:04:21.330+0000][info][gc,start       ] GC(717) Pause Young (Normal) (G1 Evacuation Pause)
[2024-08-28T13:04:21.330+0000][info][gc,task        ] GC(717) Using 24 workers of 68 for evacuation
[2024-08-28T13:04:21.344+0000][info][gc,phases      ] GC(717)   Pre Evacuate Collection Set: 0.2ms
[2024-08-28T13:04:21.344+0000][info][gc,phases      ] GC(717)   Merge Heap Roots: 0.5ms
[2024-08-28T13:04:21.344+0000][info][gc,phases      ] GC(717)   Evacuate Collection Set: 13.0ms
[2024-08-28T13:04:21.344+0000][info][gc,phases      ] GC(717)   Post Evacuate Collection Set: 0.5ms
[2024-08-28T13:04:21.344+0000][info][gc,phases      ] GC(717)   Other: 0.3ms
[2024-08-28T13:04:21.344+0000][info][gc,heap        ] GC(717) Eden regions: 44->0(44)
[2024-08-28T13:04:21.344+0000][info][gc,heap        ] GC(717) Survivor regions: 7->7(7)
[2024-08-28T13:04:21.344+0000][info][gc,heap        ] GC(717) Old regions: 906->952
[2024-08-28T13:04:21.344+0000][info][gc,heap        ] GC(717) Archive regions: 2->2
[2024-08-28T13:04:21.344+0000][info][gc,heap        ] GC(717) Humongous regions: 5->5
[2024-08-28T13:04:21.344+0000][info][gc,metaspace   ] GC(717) Metaspace: 100K(320K)->100K(320K) NonClass: 96K(192K)->96K(192K) Class: 4K(128K)->4K(128K)
[2024-08-28T13:04:21.344+0000][info][gc             ] GC(717) Pause Young (Normal) (G1 Evacuation Pause) 962M->964M(1024M) 14.494ms
[2024-08-28T13:04:21.344+0000][info][gc,cpu         ] GC(717) User=0.33s Sys=0.00s Real=0.01s
[2024-08-28T13:04:21.358+0000][info][gc,start       ] GC(718) Pause Young (Normal) (G1 Preventive Collection)
[2024-08-28T13:04:21.358+0000][info][gc,task        ] GC(718) Using 24 workers of 68 for evacuation
[2024-08-28T13:04:21.372+0000][info][gc,phases      ] GC(718)   Pre Evacuate Collection Set: 0.1ms
[2024-08-28T13:04:21.372+0000][info][gc,phases      ] GC(718)   Merge Heap Roots: 0.4ms
[2024-08-28T13:04:21.372+0000][info][gc,phases      ] GC(718)   Evacuate Collection Set: 12.6ms
[2024-08-28T13:04:21.372+0000][info][gc,phases      ] GC(718)   Post Evacuate Collection Set: 0.6ms
[2024-08-28T13:04:21.372+0000][info][gc,phases      ] GC(718)   Other: 0.2ms
[2024-08-28T13:04:21.372+0000][info][gc,heap        ] GC(718) Eden regions: 24->0(44)
[2024-08-28T13:04:21.372+0000][info][gc,heap        ] GC(718) Survivor regions: 7->7(7)
[2024-08-28T13:04:21.372+0000][info][gc,heap        ] GC(718) Old regions: 952->979
[2024-08-28T13:04:21.372+0000][info][gc,heap        ] GC(718) Archive regions: 2->2
[2024-08-28T13:04:21.372+0000][info][gc,heap        ] GC(718) Humongous regions: 5->5
[2024-08-28T13:04:21.372+0000][info][gc,metaspace   ] GC(718) Metaspace: 100K(320K)->100K(320K) NonClass: 96K(192K)->96K(192K) Class: 4K(128K)->4K(128K)
[2024-08-28T13:04:21.372+0000][info][gc             ] GC(718) Pause Young (Normal) (G1 Preventive Collection) 988M->991M(1024M) 13.956ms
[2024-08-28T13:04:21.372+0000][info][gc,cpu         ] GC(718) User=0.32s Sys=0.00s Real=0.01s
[2024-08-28T13:04:21.379+0000][info][gc,start       ] GC(719) Pause Young (Normal) (G1 Preventive Collection)
[2024-08-28T13:04:21.379+0000][info][gc,task        ] GC(719) Using 24 workers of 68 for evacuation
[2024-08-28T13:04:21.389+0000][info][gc             ] GC(719) To-space exhausted
[2024-08-28T13:04:21.389+0000][info][gc,phases      ] GC(719)   Pre Evacuate Collection Set: 0.1ms
[2024-08-28T13:04:21.389+0000][info][gc,phases      ] GC(719)   Merge Heap Roots: 0.5ms
[2024-08-28T13:04:21.389+0000][info][gc,phases      ] GC(719)   Evacuate Collection Set: 8.7ms
[2024-08-28T13:04:21.389+0000][info][gc,phases      ] GC(719)   Post Evacuate Collection Set: 0.9ms
[2024-08-28T13:04:21.389+0000][info][gc,phases      ] GC(719)   Other: 0.2ms
[2024-08-28T13:04:21.389+0000][info][gc,heap        ] GC(719) Eden regions: 11->0(44)
[2024-08-28T13:04:21.389+0000][info][gc,heap        ] GC(719) Survivor regions: 7->7(7)
[2024-08-28T13:04:21.389+0000][info][gc,heap        ] GC(719) Old regions: 979->1008
[2024-08-28T13:04:21.389+0000][info][gc,heap        ] GC(719) Archive regions: 2->2
[2024-08-28T13:04:21.389+0000][info][gc,heap        ] GC(719) Humongous regions: 5->5
[2024-08-28T13:04:21.389+0000][info][gc,metaspace   ] GC(719) Metaspace: 100K(320K)->100K(320K) NonClass: 96K(192K)->96K(192K) Class: 4K(128K)->4K(128K)
[2024-08-28T13:04:21.389+0000][info][gc             ] GC(719) Pause Young (Normal) (G1 Preventive Collection) 1002M->1020M(1024M) 10.527ms
[2024-08-28T13:04:21.389+0000][info][gc,cpu         ] GC(719) User=0.23s Sys=0.00s Real=0.00s
[2024-08-28T13:04:21.390+0000][info][gc,start       ] GC(720) Pause Young (Normal) (G1 Preventive Collection)
[2024-08-28T13:04:21.390+0000][info][gc,task        ] GC(720) Using 24 workers of 68 for evacuation
[2024-08-28T13:04:21.398+0000][info][gc             ] GC(720) To-space exhausted
[2024-08-28T13:04:21.398+0000][info][gc,phases      ] GC(720)   Pre Evacuate Collection Set: 0.1ms
[2024-08-28T13:04:21.398+0000][info][gc,phases      ] GC(720)   Merge Heap Roots: 0.6ms
[2024-08-28T13:04:21.398+0000][info][gc,phases      ] GC(720)   Evacuate Collection Set: 6.3ms
[2024-08-28T13:04:21.398+0000][info][gc,phases      ] GC(720)   Post Evacuate Collection Set: 0.9ms
[2024-08-28T13:04:21.398+0000][info][gc,phases      ] GC(720)   Other: 0.2ms
[2024-08-28T13:04:21.398+0000][info][gc,heap        ] GC(720) Eden regions: 1->0(51)
[2024-08-28T13:04:21.398+0000][info][gc,heap        ] GC(720) Survivor regions: 7->0(1)
[2024-08-28T13:04:21.398+0000][info][gc,heap        ] GC(720) Old regions: 1008->1017
[2024-08-28T13:04:21.398+0000][info][gc,heap        ] GC(720) Archive regions: 2->2
[2024-08-28T13:04:21.398+0000][info][gc,heap        ] GC(720) Humongous regions: 5->5
[2024-08-28T13:04:21.398+0000][info][gc,metaspace   ] GC(720) Metaspace: 100K(320K)->100K(320K) NonClass: 96K(192K)->96K(192K) Class: 4K(128K)->4K(128K)
[2024-08-28T13:04:21.399+0000][info][gc             ] GC(720) Pause Young (Normal) (G1 Preventive Collection) 1021M->1022M(1024M) 8.128ms
[2024-08-28T13:04:21.399+0000][info][gc,cpu         ] GC(720) User=0.16s Sys=0.01s Real=0.01s
[2024-08-28T13:04:21.399+0000][info][gc,ergo        ] Attempting full compaction
[2024-08-28T13:04:21.399+0000][info][gc,task        ] GC(721) Using 24 workers of 68 for full compaction
[2024-08-28T13:04:21.399+0000][info][gc,start       ] GC(721) Pause Full (G1 Compaction Pause)
[2024-08-28T13:04:21.399+0000][info][gc,phases,start] GC(721) Phase 1: Mark live objects
[2024-08-28T13:04:21.415+0000][info][gc,phases      ] GC(721) Phase 1: Mark live objects 15.554ms
[2024-08-28T13:04:21.415+0000][info][gc,phases,start] GC(721) Phase 2: Prepare for compaction
[2024-08-28T13:04:21.424+0000][info][gc,phases      ] GC(721) Phase 2: Prepare for compaction 9.232ms
[2024-08-28T13:04:21.424+0000][info][gc,phases,start] GC(721) Phase 3: Adjust pointers
[2024-08-28T13:04:21.442+0000][info][gc,phases      ] GC(721) Phase 3: Adjust pointers 17.936ms
[2024-08-28T13:04:21.442+0000][info][gc,phases,start] GC(721) Phase 4: Compact heap
[2024-08-28T13:04:21.475+0000][info][gc,phases      ] GC(721) Phase 4: Compact heap 32.251ms
[2024-08-28T13:04:21.476+0000][info][gc,heap        ] GC(721) Eden regions: 0->0(151)
[2024-08-28T13:04:21.476+0000][info][gc,heap        ] GC(721) Survivor regions: 0->0(1)
[2024-08-28T13:04:21.476+0000][info][gc,heap        ] GC(721) Old regions: 1017->440
[2024-08-28T13:04:21.476+0000][info][gc,heap        ] GC(721) Archive regions: 2->2
[2024-08-28T13:04:21.476+0000][info][gc,heap        ] GC(721) Humongous regions: 5->5
[2024-08-28T13:04:21.476+0000][info][gc,metaspace   ] GC(721) Metaspace: 100K(320K)->100K(320K) NonClass: 96K(192K)->96K(192K) Class: 4K(128K)->4K(128K)
[2024-08-28T13:04:21.476+0000][info][gc             ] GC(721) Pause Full (G1 Compaction Pause) 1022M->435M(1024M) 77.269ms
[2024-08-28T13:04:21.476+0000][info][gc,cpu         ] GC(721) User=1.63s Sys=0.00s Real=0.07s
[2024-08-28T13:04:21.476+0000][info][gc,marking     ] GC(715) Concurrent Rebuild Remembered Sets 187.293ms
[2024-08-28T13:04:21.476+0000][info][gc,marking     ] GC(715) Concurrent Mark Abort
[2024-08-28T13:04:21.476+0000][info][gc             ] GC(715) Concurrent Mark Cycle 214.990ms
[2024-08-28T13:04:21.566+0000][info][gc,start       ] GC(722) Pause Young (Normal) (G1 Evacuation Pause)
[2024-08-28T13:04:21.566+0000][info][gc,task        ] GC(722) Using 24 workers of 68 for evacuation
[2024-08-28T13:04:21.589+0000][info][gc,phases      ] GC(722)   Pre Evacuate Collection Set: 0.2ms
[2024-08-28T13:04:21.589+0000][info][gc,phases      ] GC(722)   Merge Heap Roots: 0.4ms
[2024-08-28T13:04:21.589+0000][info][gc,phases      ] GC(722)   Evacuate Collection Set: 22.2ms
[2024-08-28T13:04:21.589+0000][info][gc,phases      ] GC(722)   Post Evacuate Collection Set: 0.4ms
[2024-08-28T13:04:21.589+0000][info][gc,phases      ] GC(722)   Other: 0.3ms
[2024-08-28T13:04:21.589+0000][info][gc,heap        ] GC(722) Eden regions: 151->0(104)
[2024-08-28T13:04:21.589+0000][info][gc,heap        ] GC(722) Survivor regions: 0->19(19)
[2024-08-28T13:04:21.589+0000][info][gc,heap        ] GC(722) Old regions: 440->568
[2024-08-28T13:04:21.589+0000][info][gc,heap        ] GC(722) Archive regions: 2->2
[2024-08-28T13:04:21.589+0000][info][gc,heap        ] GC(722) Humongous regions: 5->5
[2024-08-28T13:04:21.589+0000][info][gc,metaspace   ] GC(722) Metaspace: 100K(320K)->100K(320K) NonClass: 96K(192K)->96K(192K) Class: 4K(128K)->4K(128K)
[2024-08-28T13:04:21.589+0000][info][gc             ] GC(722) Pause Young (Normal) (G1 Evacuation Pause) 586M->582M(1024M) 23.464ms
[2024-08-28T13:04:21.589+0000][info][gc,cpu         ] GC(722) User=0.52s Sys=0.01s Real=0.02s
[2024-08-28T13:04:21.647+0000][info][gc,start       ] GC(723) Pause Young (Concurrent Start) (G1 Evacuation Pause)
[2024-08-28T13:04:21.647+0000][info][gc,task        ] GC(723) Using 24 workers of 68 for evacuation
[2024-08-28T13:04:21.667+0000][info][gc,phases      ] GC(723)   Pre Evacuate Collection Set: 0.2ms
[2024-08-28T13:04:21.667+0000][info][gc,phases      ] GC(723)   Merge Heap Roots: 0.4ms
[2024-08-28T13:04:21.667+0000][info][gc,phases      ] GC(723)   Evacuate Collection Set: 18.9ms
[2024-08-28T13:04:21.667+0000][info][gc,phases      ] GC(723)   Post Evacuate Collection Set: 0.4ms
[2024-08-28T13:04:21.667+0000][info][gc,phases      ] GC(723)   Other: 0.7ms
[2024-08-28T13:04:21.667+0000][info][gc,heap        ] GC(723) Eden regions: 104->0(70)
[2024-08-28T13:04:21.667+0000][info][gc,heap        ] GC(723) Survivor regions: 19->16(16)
[2024-08-28T13:04:21.667+0000][info][gc,heap        ] GC(723) Old regions: 568->677
[2024-08-28T13:04:21.667+0000][info][gc,heap        ] GC(723) Archive regions: 2->2
[2024-08-28T13:04:21.667+0000][info][gc,heap        ] GC(723) Humongous regions: 5->5
[2024-08-28T13:04:21.667+0000][info][gc,metaspace   ] GC(723) Metaspace: 100K(320K)->100K(320K) NonClass: 96K(192K)->96K(192K) Class: 4K(128K)->4K(128K)
[2024-08-28T13:04:21.667+0000][info][gc             ] GC(723) Pause Young (Concurrent Start) (G1 Evacuation Pause) 686M->688M(1024M) 20.672ms
[2024-08-28T13:04:21.667+0000][info][gc,cpu         ] GC(723) User=0.46s Sys=0.00s Real=0.02s
[2024-08-28T13:04:21.667+0000][info][gc             ] GC(724) Concurrent Mark Cycle
[2024-08-28T13:04:21.667+0000][info][gc,marking     ] GC(724) Concurrent Clear Claimed Marks
[2024-08-28T13:04:21.667+0000][info][gc,marking     ] GC(724) Concurrent Clear Claimed Marks 0.009ms
[2024-08-28T13:04:21.667+0000][info][gc,marking     ] GC(724) Concurrent Scan Root Regions
[2024-08-28T13:04:21.671+0000][info][gc,marking     ] GC(724) Concurrent Scan Root Regions 3.758ms
[2024-08-28T13:04:21.671+0000][info][gc,marking     ] GC(724) Concurrent Mark
[2024-08-28T13:04:21.671+0000][info][gc,marking     ] GC(724) Concurrent Mark From Roots
[2024-08-28T13:04:21.671+0000][info][gc,task        ] GC(724) Using 17 workers of 17 for marking
[2024-08-28T13:04:21.691+0000][info][gc,marking     ] GC(724) Concurrent Mark From Roots 20.337ms
[2024-08-28T13:04:21.692+0000][info][gc,marking     ] GC(724) Concurrent Preclean
[2024-08-28T13:04:21.692+0000][info][gc,marking     ] GC(724) Concurrent Preclean 0.498ms
[2024-08-28T13:04:21.692+0000][info][gc,start       ] GC(724) Pause Remark
[2024-08-28T13:04:21.693+0000][info][gc             ] GC(724) Pause Remark 720M->720M(1024M) 1.099ms
[2024-08-28T13:04:21.693+0000][info][gc,cpu         ] GC(724) User=0.01s Sys=0.00s Real=0.00s
[2024-08-28T13:04:21.693+0000][info][gc,marking     ] GC(724) Concurrent Mark 22.259ms
[2024-08-28T13:04:21.693+0000][info][gc,marking     ] GC(724) Concurrent Rebuild Remembered Sets
[2024-08-28T13:04:21.714+0000][info][gc,start       ] GC(725) Pause Young (Normal) (G1 Evacuation Pause)
[2024-08-28T13:04:21.714+0000][info][gc,task        ] GC(725) Using 24 workers of 68 for evacuation
[2024-08-28T13:04:21.731+0000][info][gc,phases      ] GC(725)   Pre Evacuate Collection Set: 0.2ms
[2024-08-28T13:04:21.731+0000][info][gc,phases      ] GC(725)   Merge Heap Roots: 0.3ms
[2024-08-28T13:04:21.731+0000][info][gc,phases      ] GC(725)   Evacuate Collection Set: 15.8ms
[2024-08-28T13:04:21.731+0000][info][gc,phases      ] GC(725)   Post Evacuate Collection Set: 0.5ms
[2024-08-28T13:04:21.731+0000][info][gc,phases      ] GC(725)   Other: 0.2ms
[2024-08-28T13:04:21.731+0000][info][gc,heap        ] GC(725) Eden regions: 70->0(46)
[2024-08-28T13:04:21.731+0000][info][gc,heap        ] GC(725) Survivor regions: 16->11(11)
[2024-08-28T13:04:21.731+0000][info][gc,heap        ] GC(725) Old regions: 677->755
[2024-08-28T13:04:21.731+0000][info][gc,heap        ] GC(725) Archive regions: 2->2
[2024-08-28T13:04:21.731+0000][info][gc,heap        ] GC(725) Humongous regions: 5->5
[2024-08-28T13:04:21.731+0000][info][gc,metaspace   ] GC(725) Metaspace: 100K(320K)->100K(320K) NonClass: 96K(192K)->96K(192K) Class: 4K(128K)->4K(128K)
[2024-08-28T13:04:21.731+0000][info][gc             ] GC(725) Pause Young (Normal) (G1 Evacuation Pause) 758M->761M(1024M) 17.154ms
[2024-08-28T13:04:21.731+0000][info][gc,cpu         ] GC(725) User=0.39s Sys=0.00s Real=0.02s
[2024-08-28T13:04:21.756+0000][info][gc,start       ] GC(726) Pause Young (Normal) (G1 Evacuation Pause)
[2024-08-28T13:04:21.756+0000][info][gc,task        ] GC(726) Using 24 workers of 68 for evacuation
[2024-08-28T13:04:21.776+0000][info][gc,phases      ] GC(726)   Pre Evacuate Collection Set: 0.2ms
[2024-08-28T13:04:21.776+0000][info][gc,phases      ] GC(726)   Merge Heap Roots: 0.5ms
[2024-08-28T13:04:21.776+0000][info][gc,phases      ] GC(726)   Evacuate Collection Set: 18.8ms
[2024-08-28T13:04:21.776+0000][info][gc,phases      ] GC(726)   Post Evacuate Collection Set: 0.7ms
[2024-08-28T13:04:21.776+0000][info][gc,phases      ] GC(726)   Other: 0.3ms
[2024-08-28T13:04:21.776+0000][info][gc,heap        ] GC(726) Eden regions: 46->0(43)
[2024-08-28T13:04:21.776+0000][info][gc,heap        ] GC(726) Survivor regions: 11->8(8)
[2024-08-28T13:04:21.776+0000][info][gc,heap        ] GC(726) Old regions: 755->810
[2024-08-28T13:04:21.776+0000][info][gc,heap        ] GC(726) Archive regions: 2->2
[2024-08-28T13:04:21.776+0000][info][gc,heap        ] GC(726) Humongous regions: 5->5
[2024-08-28T13:04:21.776+0000][info][gc,metaspace   ] GC(726) Metaspace: 100K(320K)->100K(320K) NonClass: 96K(192K)->96K(192K) Class: 4K(128K)->4K(128K)
[2024-08-28T13:04:21.776+0000][info][gc             ] GC(726) Pause Young (Normal) (G1 Evacuation Pause) 807M->813M(1024M) 20.561ms
[2024-08-28T13:04:21.776+0000][info][gc,cpu         ] GC(726) User=0.47s Sys=0.00s Real=0.02s
[2024-08-28T13:04:21.797+0000][info][gc,marking     ] GC(724) Concurrent Rebuild Remembered Sets 103.833ms
[2024-08-28T13:04:21.798+0000][info][gc,start       ] GC(724) Pause Cleanup
[2024-08-28T13:04:21.799+0000][info][gc             ] GC(724) Pause Cleanup 849M->849M(1024M) 1.202ms
[2024-08-28T13:04:21.799+0000][info][gc,cpu         ] GC(724) User=0.00s Sys=0.00s Real=0.00s
[2024-08-28T13:04:21.799+0000][info][gc,marking     ] GC(724) Concurrent Cleanup for Next Mark
[2024-08-28T13:04:21.800+0000][info][gc,marking     ] GC(724) Concurrent Cleanup for Next Mark 0.757ms
[2024-08-28T13:04:21.800+0000][info][gc             ] GC(724) Concurrent Mark Cycle 132.344ms
[2024-08-28T13:04:21.804+0000][info][gc,start       ] GC(727) Pause Young (Prepare Mixed) (G1 Evacuation Pause)
[2024-08-28T13:04:21.804+0000][info][gc,task        ] GC(727) Using 24 workers of 68 for evacuation
[2024-08-28T13:04:21.819+0000][info][gc,phases      ] GC(727)   Pre Evacuate Collection Set: 0.1ms
[2024-08-28T13:04:21.819+0000][info][gc,phases      ] GC(727)   Merge Heap Roots: 0.5ms
[2024-08-28T13:04:21.819+0000][info][gc,phases      ] GC(727)   Evacuate Collection Set: 13.7ms
[2024-08-28T13:04:21.819+0000][info][gc,phases      ] GC(727)   Post Evacuate Collection Set: 0.3ms
[2024-08-28T13:04:21.819+0000][info][gc,phases      ] GC(727)   Other: 0.2ms
[2024-08-28T13:04:21.819+0000][info][gc,heap        ] GC(727) Eden regions: 43->0(44)
[2024-08-28T13:04:21.819+0000][info][gc,heap        ] GC(727) Survivor regions: 8->7(7)
[2024-08-28T13:04:21.819+0000][info][gc,heap        ] GC(727) Old regions: 810->858
[2024-08-28T13:04:21.819+0000][info][gc,heap        ] GC(727) Archive regions: 2->2
[2024-08-28T13:04:21.819+0000][info][gc,heap        ] GC(727) Humongous regions: 5->5
[2024-08-28T13:04:21.819+0000][info][gc,metaspace   ] GC(727) Metaspace: 100K(320K)->100K(320K) NonClass: 96K(192K)->96K(192K) Class: 4K(128K)->4K(128K)
[2024-08-28T13:04:21.819+0000][info][gc             ] GC(727) Pause Young (Prepare Mixed) (G1 Evacuation Pause) 856M->860M(1024M) 14.823ms
[2024-08-28T13:04:21.819+0000][info][gc,cpu         ] GC(727) User=0.34s Sys=0.00s Real=0.02s
[2024-08-28T13:04:21.844+0000][info][gc,start       ] GC(728) Pause Young (Mixed) (G1 Evacuation Pause)
[2024-08-28T13:04:21.844+0000][info][gc,task        ] GC(728) Using 24 workers of 68 for evacuation
[2024-08-28T13:04:21.856+0000][info][gc,phases      ] GC(728)   Pre Evacuate Collection Set: 0.2ms
[2024-08-28T13:04:21.856+0000][info][gc,phases      ] GC(728)   Merge Heap Roots: 0.3ms
[2024-08-28T13:04:21.856+0000][info][gc,phases      ] GC(728)   Evacuate Collection Set: 11.0ms
[2024-08-28T13:04:21.856+0000][info][gc,phases      ] GC(728)   Post Evacuate Collection Set: 0.4ms
[2024-08-28T13:04:21.856+0000][info][gc,phases      ] GC(728)   Other: 0.2ms
[2024-08-28T13:04:21.856+0000][info][gc,heap        ] GC(728) Eden regions: 44->0(44)
[2024-08-28T13:04:21.856+0000][info][gc,heap        ] GC(728) Survivor regions: 7->7(7)
[2024-08-28T13:04:21.856+0000][info][gc,heap        ] GC(728) Old regions: 858->802
[2024-08-28T13:04:21.856+0000][info][gc,heap        ] GC(728) Archive regions: 2->2
[2024-08-28T13:04:21.856+0000][info][gc,heap        ] GC(728) Humongous regions: 5->5
[2024-08-28T13:04:21.856+0000][info][gc,metaspace   ] GC(728) Metaspace: 100K(320K)->100K(320K) NonClass: 96K(192K)->96K(192K) Class: 4K(128K)->4K(128K)
[2024-08-28T13:04:21.856+0000][info][gc             ] GC(728) Pause Young (Mixed) (G1 Evacuation Pause) 904M->809M(1024M) 12.239ms
[2024-08-28T13:04:21.856+0000][info][gc,cpu         ] GC(728) User=0.28s Sys=0.00s Real=0.01s
[2024-08-28T13:04:21.881+0000][info][gc,start       ] GC(729) Pause Young (Mixed) (G1 Evacuation Pause)
[2024-08-28T13:04:21.881+0000][info][gc,task        ] GC(729) Using 24 workers of 68 for evacuation
[2024-08-28T13:04:21.894+0000][info][gc,phases      ] GC(729)   Pre Evacuate Collection Set: 0.2ms
[2024-08-28T13:04:21.894+0000][info][gc,phases      ] GC(729)   Merge Heap Roots: 0.5ms
[2024-08-28T13:04:21.894+0000][info][gc,phases      ] GC(729)   Evacuate Collection Set: 11.9ms
[2024-08-28T13:04:21.894+0000][info][gc,phases      ] GC(729)   Post Evacuate Collection Set: 0.4ms
[2024-08-28T13:04:21.894+0000][info][gc,phases      ] GC(729)   Other: 0.2ms
[2024-08-28T13:04:21.894+0000][info][gc,heap        ] GC(729) Eden regions: 44->0(47)
[2024-08-28T13:04:21.894+0000][info][gc,heap        ] GC(729) Survivor regions: 7->7(7)
[2024-08-28T13:04:21.894+0000][info][gc,heap        ] GC(729) Old regions: 802->756
[2024-08-28T13:04:21.894+0000][info][gc,heap        ] GC(729) Archive regions: 2->2
[2024-08-28T13:04:21.894+0000][info][gc,heap        ] GC(729) Humongous regions: 5->5
[2024-08-28T13:04:21.894+0000][info][gc,metaspace   ] GC(729) Metaspace: 100K(320K)->100K(320K) NonClass: 96K(192K)->96K(192K) Class: 4K(128K)->4K(128K)
[2024-08-28T13:04:21.894+0000][info][gc             ] GC(729) Pause Young (Mixed) (G1 Evacuation Pause) 853M->766M(1024M) 13.255ms
[2024-08-28T13:04:21.894+0000][info][gc,cpu         ] GC(729) User=0.29s Sys=0.01s Real=0.01s
[2024-08-28T13:04:21.919+0000][info][gc,start       ] GC(730) Pause Young (Concurrent Start) (G1 Evacuation Pause)
[2024-08-28T13:04:21.919+0000][info][gc,task        ] GC(730) Using 24 workers of 68 for evacuation
[2024-08-28T13:04:21.931+0000][info][gc,phases      ] GC(730)   Pre Evacuate Collection Set: 0.2ms
[2024-08-28T13:04:21.931+0000][info][gc,phases      ] GC(730)   Merge Heap Roots: 0.3ms
[2024-08-28T13:04:21.931+0000][info][gc,phases      ] GC(730)   Evacuate Collection Set: 10.1ms
[2024-08-28T13:04:21.931+0000][info][gc,phases      ] GC(730)   Post Evacuate Collection Set: 0.3ms
[2024-08-28T13:04:21.931+0000][info][gc,phases      ] GC(730)   Other: 0.6ms
[2024-08-28T13:04:21.931+0000][info][gc,heap        ] GC(730) Eden regions: 47->0(44)
[2024-08-28T13:04:21.931+0000][info][gc,heap        ] GC(730) Survivor regions: 7->7(7)
[2024-08-28T13:04:21.931+0000][info][gc,heap        ] GC(730) Old regions: 756->806
[2024-08-28T13:04:21.931+0000][info][gc,heap        ] GC(730) Archive regions: 2->2
[2024-08-28T13:04:21.931+0000][info][gc,heap        ] GC(730) Humongous regions: 5->5
[2024-08-28T13:04:21.931+0000][info][gc,metaspace   ] GC(730) Metaspace: 100K(320K)->100K(320K) NonClass: 96K(192K)->96K(192K) Class: 4K(128K)->4K(128K)
[2024-08-28T13:04:21.931+0000][info][gc             ] GC(730) Pause Young (Concurrent Start) (G1 Evacuation Pause) 813M->815M(1024M) 11.607ms
[2024-08-28T13:04:21.931+0000][info][gc,cpu         ] GC(730) User=0.25s Sys=0.00s Real=0.01s
[2024-08-28T13:04:21.931+0000][info][gc             ] GC(731) Concurrent Mark Cycle
[2024-08-28T13:04:21.931+0000][info][gc,marking     ] GC(731) Concurrent Clear Claimed Marks
[2024-08-28T13:04:21.931+0000][info][gc,marking     ] GC(731) Concurrent Clear Claimed Marks 0.012ms
[2024-08-28T13:04:21.931+0000][info][gc,marking     ] GC(731) Concurrent Scan Root Regions
[2024-08-28T13:04:21.933+0000][info][gc,marking     ] GC(731) Concurrent Scan Root Regions 1.798ms
[2024-08-28T13:04:21.933+0000][info][gc,marking     ] GC(731) Concurrent Mark
[2024-08-28T13:04:21.933+0000][info][gc,marking     ] GC(731) Concurrent Mark From Roots
[2024-08-28T13:04:21.933+0000][info][gc,task        ] GC(731) Using 17 workers of 17 for marking
[2024-08-28T13:04:21.956+0000][info][gc,marking     ] GC(731) Concurrent Mark From Roots 23.143ms
[2024-08-28T13:04:21.956+0000][info][gc,marking     ] GC(731) Concurrent Preclean
[2024-08-28T13:04:21.957+0000][info][gc,marking     ] GC(731) Concurrent Preclean 0.499ms
[2024-08-28T13:04:21.957+0000][info][gc,start       ] GC(731) Pause Remark
[2024-08-28T13:04:21.958+0000][info][gc             ] GC(731) Pause Remark 850M->850M(1024M) 1.352ms
[2024-08-28T13:04:21.958+0000][info][gc,cpu         ] GC(731) User=0.00s Sys=0.00s Real=0.01s
[2024-08-28T13:04:21.958+0000][info][gc,marking     ] GC(731) Concurrent Mark 25.405ms
[2024-08-28T13:04:21.958+0000][info][gc,marking     ] GC(731) Concurrent Rebuild Remembered Sets
[2024-08-28T13:04:21.964+0000][info][gc,start       ] GC(732) Pause Young (Normal) (G1 Evacuation Pause)
[2024-08-28T13:04:21.964+0000][info][gc,task        ] GC(732) Using 24 workers of 68 for evacuation
[2024-08-28T13:04:21.974+0000][info][gc,phases      ] GC(732)   Pre Evacuate Collection Set: 0.1ms
[2024-08-28T13:04:21.974+0000][info][gc,phases      ] GC(732)   Merge Heap Roots: 0.4ms
[2024-08-28T13:04:21.974+0000][info][gc,phases      ] GC(732)   Evacuate Collection Set: 9.4ms
[2024-08-28T13:04:21.974+0000][info][gc,phases      ] GC(732)   Post Evacuate Collection Set: 0.4ms
[2024-08-28T13:04:21.974+0000][info][gc,phases      ] GC(732)   Other: 0.2ms
[2024-08-28T13:04:21.974+0000][info][gc,heap        ] GC(732) Eden regions: 44->0(44)
[2024-08-28T13:04:21.974+0000][info][gc,heap        ] GC(732) Survivor regions: 7->7(7)
[2024-08-28T13:04:21.974+0000][info][gc,heap        ] GC(732) Old regions: 806->852
[2024-08-28T13:04:21.974+0000][info][gc,heap        ] GC(732) Archive regions: 2->2
[2024-08-28T13:04:21.974+0000][info][gc,heap        ] GC(732) Humongous regions: 5->5
[2024-08-28T13:04:21.974+0000][info][gc,metaspace   ] GC(732) Metaspace: 100K(320K)->100K(320K) NonClass: 96K(192K)->96K(192K) Class: 4K(128K)->4K(128K)
[2024-08-28T13:04:21.974+0000][info][gc             ] GC(732) Pause Young (Normal) (G1 Evacuation Pause) 859M->862M(1024M) 10.703ms
[2024-08-28T13:04:21.975+0000][info][gc,cpu         ] GC(732) User=0.24s Sys=0.00s Real=0.01s
[2024-08-28T13:04:21.998+0000][info][gc,start       ] GC(733) Pause Young (Normal) (G1 Evacuation Pause)
[2024-08-28T13:04:21.998+0000][info][gc,task        ] GC(733) Using 24 workers of 68 for evacuation
[2024-08-28T13:04:22.012+0000][info][gc,phases      ] GC(733)   Pre Evacuate Collection Set: 0.1ms
[2024-08-28T13:04:22.012+0000][info][gc,phases      ] GC(733)   Merge Heap Roots: 0.4ms
[2024-08-28T13:04:22.012+0000][info][gc,phases      ] GC(733)   Evacuate Collection Set: 13.4ms
[2024-08-28T13:04:22.012+0000][info][gc,phases      ] GC(733)   Post Evacuate Collection Set: 0.5ms
[2024-08-28T13:04:22.012+0000][info][gc,phases      ] GC(733)   Other: 0.2ms
[2024-08-28T13:04:22.013+0000][info][gc,heap        ] GC(733) Eden regions: 44->0(44)
[2024-08-28T13:04:22.013+0000][info][gc,heap        ] GC(733) Survivor regions: 7->7(7)
[2024-08-28T13:04:22.013+0000][info][gc,heap        ] GC(733) Old regions: 852->899
[2024-08-28T13:04:22.013+0000][info][gc,heap        ] GC(733) Archive regions: 2->2
[2024-08-28T13:04:22.013+0000][info][gc,heap        ] GC(733) Humongous regions: 5->5
[2024-08-28T13:04:22.013+0000][info][gc,metaspace   ] GC(733) Metaspace: 100K(320K)->100K(320K) NonClass: 96K(192K)->96K(192K) Class: 4K(128K)->4K(128K)
[2024-08-28T13:04:22.013+0000][info][gc             ] GC(733) Pause Young (Normal) (G1 Evacuation Pause) 906M->909M(1024M) 14.787ms
[2024-08-28T13:04:22.013+0000][info][gc,cpu         ] GC(733) User=0.33s Sys=0.00s Real=0.01s
[2024-08-28T13:04:22.038+0000][info][gc,start       ] GC(734) Pause Young (Normal) (G1 Evacuation Pause)
[2024-08-28T13:04:22.038+0000][info][gc,task        ] GC(734) Using 24 workers of 68 for evacuation
[2024-08-28T13:04:22.052+0000][info][gc,phases      ] GC(734)   Pre Evacuate Collection Set: 0.2ms
[2024-08-28T13:04:22.052+0000][info][gc,phases      ] GC(734)   Merge Heap Roots: 0.5ms
[2024-08-28T13:04:22.052+0000][info][gc,phases      ] GC(734)   Evacuate Collection Set: 12.7ms
[2024-08-28T13:04:22.052+0000][info][gc,phases      ] GC(734)   Post Evacuate Collection Set: 0.6ms
[2024-08-28T13:04:22.052+0000][info][gc,phases      ] GC(734)   Other: 0.3ms
[2024-08-28T13:04:22.052+0000][info][gc,heap        ] GC(734) Eden regions: 44->0(44)
[2024-08-28T13:04:22.052+0000][info][gc,heap        ] GC(734) Survivor regions: 7->7(7)
[2024-08-28T13:04:22.052+0000][info][gc,heap        ] GC(734) Old regions: 899->946
[2024-08-28T13:04:22.052+0000][info][gc,heap        ] GC(734) Archive regions: 2->2
[2024-08-28T13:04:22.052+0000][info][gc,heap        ] GC(734) Humongous regions: 5->5
[2024-08-28T13:04:22.052+0000][info][gc,metaspace   ] GC(734) Metaspace: 100K(320K)->100K(320K) NonClass: 96K(192K)->96K(192K) Class: 4K(128K)->4K(128K)
[2024-08-28T13:04:22.052+0000][info][gc             ] GC(734) Pause Young (Normal) (G1 Evacuation Pause) 953M->955M(1024M) 14.253ms
[2024-08-28T13:04:22.052+0000][info][gc,cpu         ] GC(734) User=0.32s Sys=0.00s Real=0.01s
[2024-08-28T13:04:22.067+0000][info][gc,marking     ] GC(731) Concurrent Rebuild Remembered Sets 108.844ms
[2024-08-28T13:04:22.067+0000][info][gc,start       ] GC(731) Pause Cleanup
[2024-08-28T13:04:22.069+0000][info][gc             ] GC(731) Pause Cleanup 981M->981M(1024M) 1.642ms
[2024-08-28T13:04:22.069+0000][info][gc,cpu         ] GC(731) User=0.01s Sys=0.00s Real=0.00s
[2024-08-28T13:04:22.069+0000][info][gc,marking     ] GC(731) Concurrent Cleanup for Next Mark
[2024-08-28T13:04:22.070+0000][info][gc,marking     ] GC(731) Concurrent Cleanup for Next Mark 0.714ms
[2024-08-28T13:04:22.070+0000][info][gc             ] GC(731) Concurrent Mark Cycle 138.892ms
[2024-08-28T13:04:22.071+0000][info][gc,start       ] GC(735) Pause Young (Prepare Mixed) (G1 Preventive Collection)
[2024-08-28T13:04:22.071+0000][info][gc,task        ] GC(735) Using 24 workers of 68 for evacuation
[2024-08-28T13:04:22.088+0000][info][gc             ] GC(735) To-space exhausted
[2024-08-28T13:04:22.088+0000][info][gc,phases      ] GC(735)   Pre Evacuate Collection Set: 0.2ms
[2024-08-28T13:04:22.088+0000][info][gc,phases      ] GC(735)   Merge Heap Roots: 0.4ms
[2024-08-28T13:04:22.088+0000][info][gc,phases      ] GC(735)   Evacuate Collection Set: 15.8ms
[2024-08-28T13:04:22.088+0000][info][gc,phases      ] GC(735)   Post Evacuate Collection Set: 0.5ms
[2024-08-28T13:04:22.088+0000][info][gc,phases      ] GC(735)   Other: 0.2ms
[2024-08-28T13:04:22.088+0000][info][gc,heap        ] GC(735) Eden regions: 27->0(44)
[2024-08-28T13:04:22.088+0000][info][gc,heap        ] GC(735) Survivor regions: 7->7(7)
[2024-08-28T13:04:22.088+0000][info][gc,heap        ] GC(735) Old regions: 946->979
[2024-08-28T13:04:22.088+0000][info][gc,heap        ] GC(735) Archive regions: 2->2
[2024-08-28T13:04:22.088+0000][info][gc,heap        ] GC(735) Humongous regions: 5->5
[2024-08-28T13:04:22.088+0000][info][gc,metaspace   ] GC(735) Metaspace: 100K(320K)->100K(320K) NonClass: 96K(192K)->96K(192K) Class: 4K(128K)->4K(128K)
[2024-08-28T13:04:22.088+0000][info][gc             ] GC(735) Pause Young (Prepare Mixed) (G1 Preventive Collection) 982M->989M(1024M) 17.057ms
[2024-08-28T13:04:22.088+0000][info][gc,cpu         ] GC(735) User=0.27s Sys=0.00s Real=0.01s
[2024-08-28T13:04:22.096+0000][info][gc,start       ] GC(736) Pause Young (Mixed) (G1 Preventive Collection)
[2024-08-28T13:04:22.096+0000][info][gc,task        ] GC(736) Using 24 workers of 68 for evacuation
[2024-08-28T13:04:22.102+0000][info][gc,phases      ] GC(736)   Pre Evacuate Collection Set: 0.2ms
[2024-08-28T13:04:22.102+0000][info][gc,phases      ] GC(736)   Merge Heap Roots: 0.3ms
[2024-08-28T13:04:22.102+0000][info][gc,phases      ] GC(736)   Evacuate Collection Set: 5.4ms
[2024-08-28T13:04:22.102+0000][info][gc,phases      ] GC(736)   Post Evacuate Collection Set: 0.4ms
[2024-08-28T13:04:22.102+0000][info][gc,phases      ] GC(736)   Other: 0.2ms
[2024-08-28T13:04:22.102+0000][info][gc,heap        ] GC(736) Eden regions: 10->0(44)
[2024-08-28T13:04:22.102+0000][info][gc,heap        ] GC(736) Survivor regions: 7->7(7)
[2024-08-28T13:04:22.102+0000][info][gc,heap        ] GC(736) Old regions: 979->889
[2024-08-28T13:04:22.102+0000][info][gc,heap        ] GC(736) Archive regions: 2->2
[2024-08-28T13:04:22.102+0000][info][gc,heap        ] GC(736) Humongous regions: 5->5
[2024-08-28T13:04:22.102+0000][info][gc,metaspace   ] GC(736) Metaspace: 100K(320K)->100K(320K) NonClass: 96K(192K)->96K(192K) Class: 4K(128K)->4K(128K)
[2024-08-28T13:04:22.102+0000][info][gc             ] GC(736) Pause Young (Mixed) (G1 Preventive Collection) 999M->899M(1024M) 6.504ms
[2024-08-28T13:04:22.102+0000][info][gc,cpu         ] GC(736) User=0.13s Sys=0.00s Real=0.01s
[2024-08-28T13:04:22.128+0000][info][gc,start       ] GC(737) Pause Young (Mixed) (G1 Evacuation Pause)
[2024-08-28T13:04:22.128+0000][info][gc,task        ] GC(737) Using 24 workers of 68 for evacuation
[2024-08-28T13:04:22.140+0000][info][gc,phases      ] GC(737)   Pre Evacuate Collection Set: 0.2ms
[2024-08-28T13:04:22.140+0000][info][gc,phases      ] GC(737)   Merge Heap Roots: 0.3ms
[2024-08-28T13:04:22.140+0000][info][gc,phases      ] GC(737)   Evacuate Collection Set: 10.7ms
[2024-08-28T13:04:22.140+0000][info][gc,phases      ] GC(737)   Post Evacuate Collection Set: 0.4ms
[2024-08-28T13:04:22.140+0000][info][gc,phases      ] GC(737)   Other: 0.3ms
[2024-08-28T13:04:22.140+0000][info][gc,heap        ] GC(737) Eden regions: 44->0(44)
[2024-08-28T13:04:22.140+0000][info][gc,heap        ] GC(737) Survivor regions: 7->7(7)
[2024-08-28T13:04:22.140+0000][info][gc,heap        ] GC(737) Old regions: 889->830
[2024-08-28T13:04:22.140+0000][info][gc,heap        ] GC(737) Archive regions: 2->2
[2024-08-28T13:04:22.140+0000][info][gc,heap        ] GC(737) Humongous regions: 5->5
[2024-08-28T13:04:22.140+0000][info][gc,metaspace   ] GC(737) Metaspace: 100K(320K)->100K(320K) NonClass: 96K(192K)->96K(192K) Class: 4K(128K)->4K(128K)
[2024-08-28T13:04:22.140+0000][info][gc             ] GC(737) Pause Young (Mixed) (G1 Evacuation Pause) 943M->842M(1024M) 12.007ms
[2024-08-28T13:04:22.140+0000][info][gc,cpu         ] GC(737) User=0.25s Sys=0.01s Real=0.02s
[2024-08-28T13:04:22.166+0000][info][gc,start       ] GC(738) Pause Young (Mixed) (G1 Evacuation Pause)
[2024-08-28T13:04:22.166+0000][info][gc,task        ] GC(738) Using 24 workers of 68 for evacuation
[2024-08-28T13:04:22.179+0000][info][gc,phases      ] GC(738)   Pre Evacuate Collection Set: 0.2ms
[2024-08-28T13:04:22.180+0000][info][gc,phases      ] GC(738)   Merge Heap Roots: 0.4ms
[2024-08-28T13:04:22.180+0000][info][gc,phases      ] GC(738)   Evacuate Collection Set: 12.8ms
[2024-08-28T13:04:22.180+0000][info][gc,phases      ] GC(738)   Post Evacuate Collection Set: 0.4ms
[2024-08-28T13:04:22.180+0000][info][gc,phases      ] GC(738)   Other: 0.2ms
[2024-08-28T13:04:22.180+0000][info][gc,heap        ] GC(738) Eden regions: 44->0(44)
[2024-08-28T13:04:22.180+0000][info][gc,heap        ] GC(738) Survivor regions: 7->7(7)
[2024-08-28T13:04:22.180+0000][info][gc,heap        ] GC(738) Old regions: 830->791
[2024-08-28T13:04:22.180+0000][info][gc,heap        ] GC(738) Archive regions: 2->2
[2024-08-28T13:04:22.180+0000][info][gc,heap        ] GC(738) Humongous regions: 5->5
[2024-08-28T13:04:22.180+0000][info][gc,metaspace   ] GC(738) Metaspace: 100K(320K)->100K(320K) NonClass: 96K(192K)->96K(192K) Class: 4K(128K)->4K(128K)
[2024-08-28T13:04:22.180+0000][info][gc             ] GC(738) Pause Young (Mixed) (G1 Evacuation Pause) 886M->803M(1024M) 14.095ms
[2024-08-28T13:04:22.180+0000][info][gc,cpu         ] GC(738) User=0.31s Sys=0.01s Real=0.02s
[2024-08-28T13:04:22.205+0000][info][gc,start       ] GC(739) Pause Young (Mixed) (G1 Evacuation Pause)
[2024-08-28T13:04:22.205+0000][info][gc,task        ] GC(739) Using 24 workers of 68 for evacuation
[2024-08-28T13:04:22.219+0000][info][gc,phases      ] GC(739)   Pre Evacuate Collection Set: 0.2ms
[2024-08-28T13:04:22.219+0000][info][gc,phases      ] GC(739)   Merge Heap Roots: 0.3ms
[2024-08-28T13:04:22.219+0000][info][gc,phases      ] GC(739)   Evacuate Collection Set: 12.8ms
[2024-08-28T13:04:22.219+0000][info][gc,phases      ] GC(739)   Post Evacuate Collection Set: 0.3ms
[2024-08-28T13:04:22.219+0000][info][gc,phases      ] GC(739)   Other: 0.2ms
[2024-08-28T13:04:22.219+0000][info][gc,heap        ] GC(739) Eden regions: 44->0(44)
[2024-08-28T13:04:22.219+0000][info][gc,heap        ] GC(739) Survivor regions: 7->7(7)
[2024-08-28T13:04:22.219+0000][info][gc,heap        ] GC(739) Old regions: 791->811
[2024-08-28T13:04:22.219+0000][info][gc,heap        ] GC(739) Archive regions: 2->2
[2024-08-28T13:04:22.219+0000][info][gc,heap        ] GC(739) Humongous regions: 5->5
[2024-08-28T13:04:22.219+0000][info][gc,metaspace   ] GC(739) Metaspace: 100K(320K)->100K(320K) NonClass: 96K(192K)->96K(192K) Class: 4K(128K)->4K(128K)
[2024-08-28T13:04:22.219+0000][info][gc             ] GC(739) Pause Young (Mixed) (G1 Evacuation Pause) 847M->823M(1024M) 13.883ms
[2024-08-28T13:04:22.219+0000][info][gc,cpu         ] GC(739) User=0.31s Sys=0.01s Real=0.02s
[2024-08-28T13:04:22.246+0000][info][gc,start       ] GC(740) Pause Young (Concurrent Start) (G1 Evacuation Pause)
[2024-08-28T13:04:22.246+0000][info][gc,task        ] GC(740) Using 24 workers of 68 for evacuation
[2024-08-28T13:04:22.257+0000][info][gc,phases      ] GC(740)   Pre Evacuate Collection Set: 0.2ms
[2024-08-28T13:04:22.257+0000][info][gc,phases      ] GC(740)   Merge Heap Roots: 0.3ms
[2024-08-28T13:04:22.257+0000][info][gc,phases      ] GC(740)   Evacuate Collection Set: 10.6ms
[2024-08-28T13:04:22.257+0000][info][gc,phases      ] GC(740)   Post Evacuate Collection Set: 0.3ms
[2024-08-28T13:04:22.258+0000][info][gc,phases      ] GC(740)   Other: 0.6ms
[2024-08-28T13:04:22.258+0000][info][gc,heap        ] GC(740) Eden regions: 44->0(44)
[2024-08-28T13:04:22.258+0000][info][gc,heap        ] GC(740) Survivor regions: 7->7(7)
[2024-08-28T13:04:22.258+0000][info][gc,heap        ] GC(740) Old regions: 811->859
[2024-08-28T13:04:22.258+0000][info][gc,heap        ] GC(740) Archive regions: 2->2
[2024-08-28T13:04:22.258+0000][info][gc,heap        ] GC(740) Humongous regions: 5->5
[2024-08-28T13:04:22.258+0000][info][gc,metaspace   ] GC(740) Metaspace: 100K(320K)->100K(320K) NonClass: 96K(192K)->96K(192K) Class: 4K(128K)->4K(128K)
[2024-08-28T13:04:22.258+0000][info][gc             ] GC(740) Pause Young (Concurrent Start) (G1 Evacuation Pause) 867M->871M(1024M) 12.050ms
[2024-08-28T13:04:22.258+0000][info][gc,cpu         ] GC(740) User=0.25s Sys=0.01s Real=0.02s
[2024-08-28T13:04:22.258+0000][info][gc             ] GC(741) Concurrent Mark Cycle
[2024-08-28T13:04:22.258+0000][info][gc,marking     ] GC(741) Concurrent Clear Claimed Marks
[2024-08-28T13:04:22.258+0000][info][gc,marking     ] GC(741) Concurrent Clear Claimed Marks 0.013ms
[2024-08-28T13:04:22.258+0000][info][gc,marking     ] GC(741) Concurrent Scan Root Regions
[2024-08-28T13:04:22.260+0000][info][gc,marking     ] GC(741) Concurrent Scan Root Regions 1.746ms
[2024-08-28T13:04:22.260+0000][info][gc,marking     ] GC(741) Concurrent Mark
[2024-08-28T13:04:22.260+0000][info][gc,marking     ] GC(741) Concurrent Mark From Roots
[2024-08-28T13:04:22.260+0000][info][gc,task        ] GC(741) Using 17 workers of 17 for marking
[2024-08-28T13:04:22.285+0000][info][gc,marking     ] GC(741) Concurrent Mark From Roots 25.323ms
[2024-08-28T13:04:22.285+0000][info][gc,marking     ] GC(741) Concurrent Preclean
[2024-08-28T13:04:22.285+0000][info][gc,marking     ] GC(741) Concurrent Preclean 0.499ms
[2024-08-28T13:04:22.286+0000][info][gc,start       ] GC(741) Pause Remark
[2024-08-28T13:04:22.287+0000][info][gc             ] GC(741) Pause Remark 908M->908M(1024M) 1.498ms
[2024-08-28T13:04:22.287+0000][info][gc,cpu         ] GC(741) User=0.01s Sys=0.00s Real=0.00s
[2024-08-28T13:04:22.287+0000][info][gc,marking     ] GC(741) Concurrent Mark 27.741ms
[2024-08-28T13:04:22.287+0000][info][gc,marking     ] GC(741) Concurrent Rebuild Remembered Sets
[2024-08-28T13:04:22.292+0000][info][gc,start       ] GC(742) Pause Young (Normal) (G1 Evacuation Pause)
[2024-08-28T13:04:22.292+0000][info][gc,task        ] GC(742) Using 24 workers of 68 for evacuation
[2024-08-28T13:04:22.302+0000][info][gc,phases      ] GC(742)   Pre Evacuate Collection Set: 0.1ms
[2024-08-28T13:04:22.302+0000][info][gc,phases      ] GC(742)   Merge Heap Roots: 0.3ms
[2024-08-28T13:04:22.302+0000][info][gc,phases      ] GC(742)   Evacuate Collection Set: 9.8ms
[2024-08-28T13:04:22.302+0000][info][gc,phases      ] GC(742)   Post Evacuate Collection Set: 0.4ms
[2024-08-28T13:04:22.302+0000][info][gc,phases      ] GC(742)   Other: 0.2ms
[2024-08-28T13:04:22.302+0000][info][gc,heap        ] GC(742) Eden regions: 44->0(44)
[2024-08-28T13:04:22.302+0000][info][gc,heap        ] GC(742) Survivor regions: 7->7(7)
[2024-08-28T13:04:22.302+0000][info][gc,heap        ] GC(742) Old regions: 859->906
[2024-08-28T13:04:22.302+0000][info][gc,heap        ] GC(742) Archive regions: 2->2
[2024-08-28T13:04:22.303+0000][info][gc,heap        ] GC(742) Humongous regions: 5->5
[2024-08-28T13:04:22.303+0000][info][gc,metaspace   ] GC(742) Metaspace: 100K(320K)->100K(320K) NonClass: 96K(192K)->96K(192K) Class: 4K(128K)->4K(128K)
[2024-08-28T13:04:22.303+0000][info][gc             ] GC(742) Pause Young (Normal) (G1 Evacuation Pause) 915M->918M(1024M) 11.040ms
[2024-08-28T13:04:22.303+0000][info][gc,cpu         ] GC(742) User=0.24s Sys=0.00s Real=0.01s
[2024-08-28T13:04:22.327+0000][info][gc,start       ] GC(743) Pause Young (Normal) (G1 Evacuation Pause)
[2024-08-28T13:04:22.327+0000][info][gc,task        ] GC(743) Using 24 workers of 68 for evacuation
[2024-08-28T13:04:22.341+0000][info][gc,phases      ] GC(743)   Pre Evacuate Collection Set: 0.2ms
[2024-08-28T13:04:22.341+0000][info][gc,phases      ] GC(743)   Merge Heap Roots: 0.4ms
[2024-08-28T13:04:22.341+0000][info][gc,phases      ] GC(743)   Evacuate Collection Set: 13.4ms
[2024-08-28T13:04:22.341+0000][info][gc,phases      ] GC(743)   Post Evacuate Collection Set: 0.5ms
[2024-08-28T13:04:22.341+0000][info][gc,phases      ] GC(743)   Other: 0.3ms
[2024-08-28T13:04:22.341+0000][info][gc,heap        ] GC(743) Eden regions: 44->0(44)
[2024-08-28T13:04:22.342+0000][info][gc,heap        ] GC(743) Survivor regions: 7->7(7)
[2024-08-28T13:04:22.342+0000][info][gc,heap        ] GC(743) Old regions: 906->953
[2024-08-28T13:04:22.342+0000][info][gc,heap        ] GC(743) Archive regions: 2->2
[2024-08-28T13:04:22.342+0000][info][gc,heap        ] GC(743) Humongous regions: 5->5
[2024-08-28T13:04:22.342+0000][info][gc,metaspace   ] GC(743) Metaspace: 100K(320K)->100K(320K) NonClass: 96K(192K)->96K(192K) Class: 4K(128K)->4K(128K)
[2024-08-28T13:04:22.342+0000][info][gc             ] GC(743) Pause Young (Normal) (G1 Evacuation Pause) 962M->965M(1024M) 14.768ms
[2024-08-28T13:04:22.342+0000][info][gc,cpu         ] GC(743) User=0.33s Sys=0.00s Real=0.02s
[2024-08-28T13:04:22.354+0000][info][gc,start       ] GC(744) Pause Young (Normal) (G1 Preventive Collection)
[2024-08-28T13:04:22.354+0000][info][gc,task        ] GC(744) Using 24 workers of 68 for evacuation
[2024-08-28T13:04:22.366+0000][info][gc,phases      ] GC(744)   Pre Evacuate Collection Set: 0.1ms
[2024-08-28T13:04:22.366+0000][info][gc,phases      ] GC(744)   Merge Heap Roots: 0.5ms
[2024-08-28T13:04:22.366+0000][info][gc,phases      ] GC(744)   Evacuate Collection Set: 10.8ms
[2024-08-28T13:04:22.366+0000][info][gc,phases      ] GC(744)   Post Evacuate Collection Set: 0.6ms
[2024-08-28T13:04:22.366+0000][info][gc,phases      ] GC(744)   Other: 0.2ms
[2024-08-28T13:04:22.366+0000][info][gc,heap        ] GC(744) Eden regions: 23->0(44)
[2024-08-28T13:04:22.366+0000][info][gc,heap        ] GC(744) Survivor regions: 7->7(7)
[2024-08-28T13:04:22.366+0000][info][gc,heap        ] GC(744) Old regions: 953->980
[2024-08-28T13:04:22.367+0000][info][gc,heap        ] GC(744) Archive regions: 2->2
[2024-08-28T13:04:22.367+0000][info][gc,heap        ] GC(744) Humongous regions: 5->5
[2024-08-28T13:04:22.367+0000][info][gc,metaspace   ] GC(744) Metaspace: 100K(320K)->100K(320K) NonClass: 96K(192K)->96K(192K) Class: 4K(128K)->4K(128K)
[2024-08-28T13:04:22.367+0000][info][gc             ] GC(744) Pause Young (Normal) (G1 Preventive Collection) 988M->992M(1024M) 12.248ms
[2024-08-28T13:04:22.367+0000][info][gc,cpu         ] GC(744) User=0.27s Sys=0.00s Real=0.01s
[2024-08-28T13:04:22.373+0000][info][gc,start       ] GC(745) Pause Young (Normal) (G1 Preventive Collection)
[2024-08-28T13:04:22.373+0000][info][gc,task        ] GC(745) Using 24 workers of 68 for evacuation
[2024-08-28T13:04:22.382+0000][info][gc,phases      ] GC(745)   Pre Evacuate Collection Set: 0.1ms
[2024-08-28T13:04:22.382+0000][info][gc,phases      ] GC(745)   Merge Heap Roots: 0.4ms
[2024-08-28T13:04:22.383+0000][info][gc,phases      ] GC(745)   Evacuate Collection Set: 8.6ms
[2024-08-28T13:04:22.383+0000][info][gc,phases      ] GC(745)   Post Evacuate Collection Set: 0.6ms
[2024-08-28T13:04:22.383+0000][info][gc,phases      ] GC(745)   Other: 0.1ms
[2024-08-28T13:04:22.383+0000][info][gc,heap        ] GC(745) Eden regions: 10->0(44)
[2024-08-28T13:04:22.383+0000][info][gc,heap        ] GC(745) Survivor regions: 7->7(7)
[2024-08-28T13:04:22.383+0000][info][gc,heap        ] GC(745) Old regions: 980->992
[2024-08-28T13:04:22.383+0000][info][gc,heap        ] GC(745) Archive regions: 2->2
[2024-08-28T13:04:22.383+0000][info][gc,heap        ] GC(745) Humongous regions: 5->5
[2024-08-28T13:04:22.383+0000][info][gc,metaspace   ] GC(745) Metaspace: 100K(320K)->100K(320K) NonClass: 96K(192K)->96K(192K) Class: 4K(128K)->4K(128K)
[2024-08-28T13:04:22.383+0000][info][gc             ] GC(745) Pause Young (Normal) (G1 Preventive Collection) 1002M->1004M(1024M) 9.969ms
[2024-08-28T13:04:22.383+0000][info][gc,cpu         ] GC(745) User=0.22s Sys=0.00s Real=0.01s
[2024-08-28T13:04:22.386+0000][info][gc,start       ] GC(746) Pause Young (Normal) (G1 Preventive Collection)
[2024-08-28T13:04:22.386+0000][info][gc,task        ] GC(746) Using 24 workers of 68 for evacuation
[2024-08-28T13:04:22.394+0000][info][gc             ] GC(746) To-space exhausted
[2024-08-28T13:04:22.394+0000][info][gc,phases      ] GC(746)   Pre Evacuate Collection Set: 0.1ms
[2024-08-28T13:04:22.394+0000][info][gc,phases      ] GC(746)   Merge Heap Roots: 0.5ms
[2024-08-28T13:04:22.394+0000][info][gc,phases      ] GC(746)   Evacuate Collection Set: 7.0ms
[2024-08-28T13:04:22.394+0000][info][gc,phases      ] GC(746)   Post Evacuate Collection Set: 0.8ms
[2024-08-28T13:04:22.394+0000][info][gc,phases      ] GC(746)   Other: 0.2ms
[2024-08-28T13:04:22.394+0000][info][gc,heap        ] GC(746) Eden regions: 5->0(46)
[2024-08-28T13:04:22.394+0000][info][gc,heap        ] GC(746) Survivor regions: 7->5(7)
[2024-08-28T13:04:22.394+0000][info][gc,heap        ] GC(746) Old regions: 992->1011
[2024-08-28T13:04:22.394+0000][info][gc,heap        ] GC(746) Archive regions: 2->2
[2024-08-28T13:04:22.394+0000][info][gc,heap        ] GC(746) Humongous regions: 5->5
[2024-08-28T13:04:22.394+0000][info][gc,metaspace   ] GC(746) Metaspace: 100K(320K)->100K(320K) NonClass: 96K(192K)->96K(192K) Class: 4K(128K)->4K(128K)
[2024-08-28T13:04:22.394+0000][info][gc             ] GC(746) Pause Young (Normal) (G1 Preventive Collection) 1009M->1021M(1024M) 8.661ms
[2024-08-28T13:04:22.394+0000][info][gc,cpu         ] GC(746) User=0.18s Sys=0.01s Real=0.01s
[2024-08-28T13:04:22.395+0000][info][gc,start       ] GC(747) Pause Young (Normal) (G1 Evacuation Pause)
[2024-08-28T13:04:22.395+0000][info][gc,task        ] GC(747) Using 24 workers of 68 for evacuation
[2024-08-28T13:04:22.403+0000][info][gc             ] GC(747) To-space exhausted
[2024-08-28T13:04:22.403+0000][info][gc,phases      ] GC(747)   Pre Evacuate Collection Set: 0.1ms
[2024-08-28T13:04:22.403+0000][info][gc,phases      ] GC(747)   Merge Heap Roots: 0.6ms
[2024-08-28T13:04:22.403+0000][info][gc,phases      ] GC(747)   Evacuate Collection Set: 5.7ms
[2024-08-28T13:04:22.403+0000][info][gc,phases      ] GC(747)   Post Evacuate Collection Set: 0.9ms
[2024-08-28T13:04:22.403+0000][info][gc,phases      ] GC(747)   Other: 0.1ms
[2024-08-28T13:04:22.403+0000][info][gc,heap        ] GC(747) Eden regions: 1->0(51)
[2024-08-28T13:04:22.403+0000][info][gc,heap        ] GC(747) Survivor regions: 5->0(0)
[2024-08-28T13:04:22.403+0000][info][gc,heap        ] GC(747) Old regions: 1011->1017
[2024-08-28T13:04:22.403+0000][info][gc,heap        ] GC(747) Archive regions: 2->2
[2024-08-28T13:04:22.403+0000][info][gc,heap        ] GC(747) Humongous regions: 5->5
[2024-08-28T13:04:22.403+0000][info][gc,metaspace   ] GC(747) Metaspace: 100K(320K)->100K(320K) NonClass: 96K(192K)->96K(192K) Class: 4K(128K)->4K(128K)
[2024-08-28T13:04:22.403+0000][info][gc             ] GC(747) Pause Young (Normal) (G1 Evacuation Pause) 1022M->1022M(1024M) 7.527ms
[2024-08-28T13:04:22.403+0000][info][gc,cpu         ] GC(747) User=0.16s Sys=0.00s Real=0.01s
[2024-08-28T13:04:22.403+0000][info][gc,ergo        ] Attempting full compaction
[2024-08-28T13:04:22.403+0000][info][gc,task        ] GC(748) Using 24 workers of 68 for full compaction
[2024-08-28T13:04:22.403+0000][info][gc,start       ] GC(748) Pause Full (G1 Compaction Pause)
[2024-08-28T13:04:22.404+0000][info][gc,phases,start] GC(748) Phase 1: Mark live objects
[2024-08-28T13:04:22.420+0000][info][gc,phases      ] GC(748) Phase 1: Mark live objects 15.648ms
[2024-08-28T13:04:22.420+0000][info][gc,phases,start] GC(748) Phase 2: Prepare for compaction
[2024-08-28T13:04:22.429+0000][info][gc,phases      ] GC(748) Phase 2: Prepare for compaction 9.365ms
[2024-08-28T13:04:22.429+0000][info][gc,phases,start] GC(748) Phase 3: Adjust pointers
[2024-08-28T13:04:22.447+0000][info][gc,phases      ] GC(748) Phase 3: Adjust pointers 17.880ms
[2024-08-28T13:04:22.447+0000][info][gc,phases,start] GC(748) Phase 4: Compact heap
[2024-08-28T13:04:22.480+0000][info][gc,phases      ] GC(748) Phase 4: Compact heap 33.137ms
[2024-08-28T13:04:22.481+0000][info][gc,heap        ] GC(748) Eden regions: 0->0(149)
[2024-08-28T13:04:22.482+0000][info][gc,heap        ] GC(748) Survivor regions: 0->0(0)
[2024-08-28T13:04:22.482+0000][info][gc,heap        ] GC(748) Old regions: 1017->444
[2024-08-28T13:04:22.482+0000][info][gc,heap        ] GC(748) Archive regions: 2->2
[2024-08-28T13:04:22.482+0000][info][gc,heap        ] GC(748) Humongous regions: 5->5
[2024-08-28T13:04:22.482+0000][info][gc,metaspace   ] GC(748) Metaspace: 100K(320K)->100K(320K) NonClass: 96K(192K)->96K(192K) Class: 4K(128K)->4K(128K)
[2024-08-28T13:04:22.482+0000][info][gc             ] GC(748) Pause Full (G1 Compaction Pause) 1022M->435M(1024M) 78.362ms
[2024-08-28T13:04:22.482+0000][info][gc,cpu         ] GC(748) User=1.63s Sys=0.01s Real=0.08s
[2024-08-28T13:04:22.482+0000][info][gc,marking     ] GC(741) Concurrent Rebuild Remembered Sets 194.578ms
[2024-08-28T13:04:22.482+0000][info][gc,marking     ] GC(741) Concurrent Mark Abort
[2024-08-28T13:04:22.482+0000][info][gc             ] GC(741) Concurrent Mark Cycle 224.239ms
[2024-08-28T13:04:22.570+0000][info][gc,start       ] GC(749) Pause Young (Normal) (G1 Evacuation Pause)
[2024-08-28T13:04:22.570+0000][info][gc,task        ] GC(749) Using 24 workers of 68 for evacuation
[2024-08-28T13:04:22.593+0000][info][gc,phases      ] GC(749)   Pre Evacuate Collection Set: 0.2ms
[2024-08-28T13:04:22.593+0000][info][gc,phases      ] GC(749)   Merge Heap Roots: 0.4ms
[2024-08-28T13:04:22.593+0000][info][gc,phases      ] GC(749)   Evacuate Collection Set: 22.0ms
[2024-08-28T13:04:22.593+0000][info][gc,phases      ] GC(749)   Post Evacuate Collection Set: 0.4ms
[2024-08-28T13:04:22.593+0000][info][gc,phases      ] GC(749)   Other: 0.3ms
[2024-08-28T13:04:22.593+0000][info][gc,heap        ] GC(749) Eden regions: 149->0(102)
[2024-08-28T13:04:22.593+0000][info][gc,heap        ] GC(749) Survivor regions: 0->19(19)
[2024-08-28T13:04:22.593+0000][info][gc,heap        ] GC(749) Old regions: 444->574
[2024-08-28T13:04:22.593+0000][info][gc,heap        ] GC(749) Archive regions: 2->2
[2024-08-28T13:04:22.593+0000][info][gc,heap        ] GC(749) Humongous regions: 5->5
[2024-08-28T13:04:22.593+0000][info][gc,metaspace   ] GC(749) Metaspace: 100K(320K)->100K(320K) NonClass: 96K(192K)->96K(192K) Class: 4K(128K)->4K(128K)
[2024-08-28T13:04:22.593+0000][info][gc             ] GC(749) Pause Young (Normal) (G1 Evacuation Pause) 584M->584M(1024M) 23.212ms
[2024-08-28T13:04:22.593+0000][info][gc,cpu         ] GC(749) User=0.53s Sys=0.00s Real=0.02s
[2024-08-28T13:04:22.649+0000][info][gc,start       ] GC(750) Pause Young (Concurrent Start) (G1 Evacuation Pause)
[2024-08-28T13:04:22.649+0000][info][gc,task        ] GC(750) Using 24 workers of 68 for evacuation
[2024-08-28T13:04:22.668+0000][info][gc,phases      ] GC(750)   Pre Evacuate Collection Set: 0.2ms
[2024-08-28T13:04:22.668+0000][info][gc,phases      ] GC(750)   Merge Heap Roots: 0.4ms
[2024-08-28T13:04:22.668+0000][info][gc,phases      ] GC(750)   Evacuate Collection Set: 17.9ms
[2024-08-28T13:04:22.668+0000][info][gc,phases      ] GC(750)   Post Evacuate Collection Set: 0.3ms
[2024-08-28T13:04:22.668+0000][info][gc,phases      ] GC(750)   Other: 0.6ms
[2024-08-28T13:04:22.668+0000][info][gc,heap        ] GC(750) Eden regions: 102->0(69)
[2024-08-28T13:04:22.668+0000][info][gc,heap        ] GC(750) Survivor regions: 19->16(16)
[2024-08-28T13:04:22.668+0000][info][gc,heap        ] GC(750) Old regions: 574->679
[2024-08-28T13:04:22.668+0000][info][gc,heap        ] GC(750) Archive regions: 2->2
[2024-08-28T13:04:22.668+0000][info][gc,heap        ] GC(750) Humongous regions: 5->5
[2024-08-28T13:04:22.668+0000][info][gc,metaspace   ] GC(750) Metaspace: 100K(320K)->100K(320K) NonClass: 96K(192K)->96K(192K) Class: 4K(128K)->4K(128K)
[2024-08-28T13:04:22.668+0000][info][gc             ] GC(750) Pause Young (Concurrent Start) (G1 Evacuation Pause) 686M->686M(1024M) 19.547ms
[2024-08-28T13:04:22.668+0000][info][gc,cpu         ] GC(750) User=0.44s Sys=0.00s Real=0.02s
[2024-08-28T13:04:22.668+0000][info][gc             ] GC(751) Concurrent Mark Cycle
[2024-08-28T13:04:22.668+0000][info][gc,marking     ] GC(751) Concurrent Clear Claimed Marks
[2024-08-28T13:04:22.668+0000][info][gc,marking     ] GC(751) Concurrent Clear Claimed Marks 0.023ms
[2024-08-28T13:04:22.668+0000][info][gc,marking     ] GC(751) Concurrent Scan Root Regions
[2024-08-28T13:04:22.672+0000][info][gc,marking     ] GC(751) Concurrent Scan Root Regions 3.479ms
[2024-08-28T13:04:22.672+0000][info][gc,marking     ] GC(751) Concurrent Mark
[2024-08-28T13:04:22.672+0000][info][gc,marking     ] GC(751) Concurrent Mark From Roots
[2024-08-28T13:04:22.672+0000][info][gc,task        ] GC(751) Using 17 workers of 17 for marking
[2024-08-28T13:04:22.692+0000][info][gc,marking     ] GC(751) Concurrent Mark From Roots 20.588ms
[2024-08-28T13:04:22.693+0000][info][gc,marking     ] GC(751) Concurrent Preclean
[2024-08-28T13:04:22.693+0000][info][gc,marking     ] GC(751) Concurrent Preclean 0.498ms
[2024-08-28T13:04:22.693+0000][info][gc,start       ] GC(751) Pause Remark
[2024-08-28T13:04:22.695+0000][info][gc             ] GC(751) Pause Remark 718M->718M(1024M) 1.285ms
[2024-08-28T13:04:22.695+0000][info][gc,cpu         ] GC(751) User=0.00s Sys=0.00s Real=0.00s
[2024-08-28T13:04:22.695+0000][info][gc,marking     ] GC(751) Concurrent Mark 22.751ms
[2024-08-28T13:04:22.695+0000][info][gc,marking     ] GC(751) Concurrent Rebuild Remembered Sets
[2024-08-28T13:04:22.715+0000][info][gc,start       ] GC(752) Pause Young (Normal) (G1 Evacuation Pause)
[2024-08-28T13:04:22.715+0000][info][gc,task        ] GC(752) Using 24 workers of 68 for evacuation
[2024-08-28T13:04:22.731+0000][info][gc,phases      ] GC(752)   Pre Evacuate Collection Set: 0.2ms
[2024-08-28T13:04:22.731+0000][info][gc,phases      ] GC(752)   Merge Heap Roots: 0.3ms
[2024-08-28T13:04:22.731+0000][info][gc,phases      ] GC(752)   Evacuate Collection Set: 15.5ms
[2024-08-28T13:04:22.731+0000][info][gc,phases      ] GC(752)   Post Evacuate Collection Set: 0.5ms
[2024-08-28T13:04:22.731+0000][info][gc,phases      ] GC(752)   Other: 0.2ms
[2024-08-28T13:04:22.731+0000][info][gc,heap        ] GC(752) Eden regions: 69->0(46)
[2024-08-28T13:04:22.731+0000][info][gc,heap        ] GC(752) Survivor regions: 16->11(11)
[2024-08-28T13:04:22.731+0000][info][gc,heap        ] GC(752) Old regions: 679->756
[2024-08-28T13:04:22.731+0000][info][gc,heap        ] GC(752) Archive regions: 2->2
[2024-08-28T13:04:22.731+0000][info][gc,heap        ] GC(752) Humongous regions: 5->5
[2024-08-28T13:04:22.731+0000][info][gc,metaspace   ] GC(752) Metaspace: 100K(320K)->100K(320K) NonClass: 96K(192K)->96K(192K) Class: 4K(128K)->4K(128K)
[2024-08-28T13:04:22.732+0000][info][gc             ] GC(752) Pause Young (Normal) (G1 Evacuation Pause) 755M->758M(1024M) 16.768ms
[2024-08-28T13:04:22.732+0000][info][gc,cpu         ] GC(752) User=0.38s Sys=0.00s Real=0.02s
[2024-08-28T13:04:22.756+0000][info][gc,start       ] GC(753) Pause Young (Normal) (G1 Evacuation Pause)
[2024-08-28T13:04:22.756+0000][info][gc,task        ] GC(753) Using 24 workers of 68 for evacuation
[2024-08-28T13:04:22.776+0000][info][gc,phases      ] GC(753)   Pre Evacuate Collection Set: 0.2ms
[2024-08-28T13:04:22.776+0000][info][gc,phases      ] GC(753)   Merge Heap Roots: 0.5ms
[2024-08-28T13:04:22.776+0000][info][gc,phases      ] GC(753)   Evacuate Collection Set: 18.4ms
[2024-08-28T13:04:22.776+0000][info][gc,phases      ] GC(753)   Post Evacuate Collection Set: 0.6ms
[2024-08-28T13:04:22.776+0000][info][gc,phases      ] GC(753)   Other: 0.3ms
[2024-08-28T13:04:22.776+0000][info][gc,heap        ] GC(753) Eden regions: 46->0(43)
[2024-08-28T13:04:22.776+0000][info][gc,heap        ] GC(753) Survivor regions: 11->8(8)
[2024-08-28T13:04:22.776+0000][info][gc,heap        ] GC(753) Old regions: 756->810
[2024-08-28T13:04:22.776+0000][info][gc,heap        ] GC(753) Archive regions: 2->2
[2024-08-28T13:04:22.776+0000][info][gc,heap        ] GC(753) Humongous regions: 5->5
[2024-08-28T13:04:22.776+0000][info][gc,metaspace   ] GC(753) Metaspace: 100K(320K)->100K(320K) NonClass: 96K(192K)->96K(192K) Class: 4K(128K)->4K(128K)
[2024-08-28T13:04:22.776+0000][info][gc             ] GC(753) Pause Young (Normal) (G1 Evacuation Pause) 804M->809M(1024M) 19.976ms
[2024-08-28T13:04:22.776+0000][info][gc,cpu         ] GC(753) User=0.46s Sys=0.00s Real=0.02s
[2024-08-28T13:04:22.801+0000][info][gc,start       ] GC(754) Pause Young (Normal) (G1 Evacuation Pause)
[2024-08-28T13:04:22.801+0000][info][gc,task        ] GC(754) Using 24 workers of 68 for evacuation
[2024-08-28T13:04:22.819+0000][info][gc,phases      ] GC(754)   Pre Evacuate Collection Set: 0.2ms
[2024-08-28T13:04:22.819+0000][info][gc,phases      ] GC(754)   Merge Heap Roots: 0.4ms
[2024-08-28T13:04:22.819+0000][info][gc,phases      ] GC(754)   Evacuate Collection Set: 16.9ms
[2024-08-28T13:04:22.819+0000][info][gc,phases      ] GC(754)   Post Evacuate Collection Set: 0.7ms
[2024-08-28T13:04:22.819+0000][info][gc,phases      ] GC(754)   Other: 0.2ms
[2024-08-28T13:04:22.819+0000][info][gc,heap        ] GC(754) Eden regions: 43->0(44)
[2024-08-28T13:04:22.819+0000][info][gc,heap        ] GC(754) Survivor regions: 8->7(7)
[2024-08-28T13:04:22.819+0000][info][gc,heap        ] GC(754) Old regions: 810->857
[2024-08-28T13:04:22.819+0000][info][gc,heap        ] GC(754) Archive regions: 2->2
[2024-08-28T13:04:22.819+0000][info][gc,heap        ] GC(754) Humongous regions: 5->5
[2024-08-28T13:04:22.819+0000][info][gc,metaspace   ] GC(754) Metaspace: 100K(320K)->100K(320K) NonClass: 96K(192K)->96K(192K) Class: 4K(128K)->4K(128K)
[2024-08-28T13:04:22.819+0000][info][gc             ] GC(754) Pause Young (Normal) (G1 Evacuation Pause) 852M->855M(1024M) 18.483ms
[2024-08-28T13:04:22.819+0000][info][gc,cpu         ] GC(754) User=0.39s Sys=0.03s Real=0.02s
[2024-08-28T13:04:22.820+0000][info][gc,marking     ] GC(751) Concurrent Rebuild Remembered Sets 125.859ms
[2024-08-28T13:04:22.821+0000][info][gc,start       ] GC(751) Pause Cleanup
[2024-08-28T13:04:22.822+0000][info][gc             ] GC(751) Pause Cleanup 857M->857M(1024M) 1.085ms
[2024-08-28T13:04:22.822+0000][info][gc,cpu         ] GC(751) User=0.01s Sys=0.00s Real=0.00s
[2024-08-28T13:04:22.822+0000][info][gc,marking     ] GC(751) Concurrent Cleanup for Next Mark
[2024-08-28T13:04:22.823+0000][info][gc,marking     ] GC(751) Concurrent Cleanup for Next Mark 0.797ms
[2024-08-28T13:04:22.823+0000][info][gc             ] GC(751) Concurrent Mark Cycle 154.413ms
[2024-08-28T13:04:22.853+0000][info][gc,start       ] GC(755) Pause Young (Prepare Mixed) (G1 Evacuation Pause)
[2024-08-28T13:04:22.853+0000][info][gc,task        ] GC(755) Using 24 workers of 68 for evacuation
[2024-08-28T13:04:22.868+0000][info][gc,phases      ] GC(755)   Pre Evacuate Collection Set: 0.1ms
[2024-08-28T13:04:22.868+0000][info][gc,phases      ] GC(755)   Merge Heap Roots: 0.5ms
[2024-08-28T13:04:22.868+0000][info][gc,phases      ] GC(755)   Evacuate Collection Set: 13.4ms
[2024-08-28T13:04:22.868+0000][info][gc,phases      ] GC(755)   Post Evacuate Collection Set: 0.3ms
[2024-08-28T13:04:22.868+0000][info][gc,phases      ] GC(755)   Other: 0.2ms
[2024-08-28T13:04:22.868+0000][info][gc,heap        ] GC(755) Eden regions: 44->0(44)
[2024-08-28T13:04:22.868+0000][info][gc,heap        ] GC(755) Survivor regions: 7->7(7)
[2024-08-28T13:04:22.868+0000][info][gc,heap        ] GC(755) Old regions: 857->904
[2024-08-28T13:04:22.868+0000][info][gc,heap        ] GC(755) Archive regions: 2->2
[2024-08-28T13:04:22.868+0000][info][gc,heap        ] GC(755) Humongous regions: 5->5
[2024-08-28T13:04:22.868+0000][info][gc,metaspace   ] GC(755) Metaspace: 100K(320K)->100K(320K) NonClass: 96K(192K)->96K(192K) Class: 4K(128K)->4K(128K)
[2024-08-28T13:04:22.868+0000][info][gc             ] GC(755) Pause Young (Prepare Mixed) (G1 Evacuation Pause) 899M->902M(1024M) 14.620ms
[2024-08-28T13:04:22.868+0000][info][gc,cpu         ] GC(755) User=0.29s Sys=0.05s Real=0.01s
[2024-08-28T13:04:22.898+0000][info][gc,start       ] GC(756) Pause Young (Mixed) (G1 Evacuation Pause)
[2024-08-28T13:04:22.898+0000][info][gc,task        ] GC(756) Using 24 workers of 68 for evacuation
[2024-08-28T13:04:22.910+0000][info][gc,phases      ] GC(756)   Pre Evacuate Collection Set: 0.2ms
[2024-08-28T13:04:22.910+0000][info][gc,phases      ] GC(756)   Merge Heap Roots: 0.4ms
[2024-08-28T13:04:22.910+0000][info][gc,phases      ] GC(756)   Evacuate Collection Set: 11.2ms
[2024-08-28T13:04:22.910+0000][info][gc,phases      ] GC(756)   Post Evacuate Collection Set: 0.4ms
[2024-08-28T13:04:22.910+0000][info][gc,phases      ] GC(756)   Other: 0.2ms
[2024-08-28T13:04:22.910+0000][info][gc,heap        ] GC(756) Eden regions: 44->0(44)
[2024-08-28T13:04:22.910+0000][info][gc,heap        ] GC(756) Survivor regions: 7->7(7)
[2024-08-28T13:04:22.910+0000][info][gc,heap        ] GC(756) Old regions: 904->848
[2024-08-28T13:04:22.910+0000][info][gc,heap        ] GC(756) Archive regions: 2->2
[2024-08-28T13:04:22.910+0000][info][gc,heap        ] GC(756) Humongous regions: 5->5
[2024-08-28T13:04:22.910+0000][info][gc,metaspace   ] GC(756) Metaspace: 100K(320K)->100K(320K) NonClass: 96K(192K)->96K(192K) Class: 4K(128K)->4K(128K)
[2024-08-28T13:04:22.910+0000][info][gc             ] GC(756) Pause Young (Mixed) (G1 Evacuation Pause) 946M->854M(1024M) 12.581ms
[2024-08-28T13:04:22.910+0000][info][gc,cpu         ] GC(756) User=0.23s Sys=0.05s Real=0.01s
[2024-08-28T13:04:22.938+0000][info][gc,start       ] GC(757) Pause Young (Mixed) (G1 Evacuation Pause)
[2024-08-28T13:04:22.938+0000][info][gc,task        ] GC(757) Using 24 workers of 68 for evacuation
[2024-08-28T13:04:22.951+0000][info][gc,phases      ] GC(757)   Pre Evacuate Collection Set: 0.2ms
[2024-08-28T13:04:22.951+0000][info][gc,phases      ] GC(757)   Merge Heap Roots: 0.5ms
[2024-08-28T13:04:22.951+0000][info][gc,phases      ] GC(757)   Evacuate Collection Set: 11.6ms
[2024-08-28T13:04:22.951+0000][info][gc,phases      ] GC(757)   Post Evacuate Collection Set: 0.4ms
[2024-08-28T13:04:22.951+0000][info][gc,phases      ] GC(757)   Other: 0.3ms
[2024-08-28T13:04:22.951+0000][info][gc,heap        ] GC(757) Eden regions: 44->0(44)
[2024-08-28T13:04:22.951+0000][info][gc,heap        ] GC(757) Survivor regions: 7->7(7)
[2024-08-28T13:04:22.951+0000][info][gc,heap        ] GC(757) Old regions: 848->805
[2024-08-28T13:04:22.951+0000][info][gc,heap        ] GC(757) Archive regions: 2->2
[2024-08-28T13:04:22.951+0000][info][gc,heap        ] GC(757) Humongous regions: 5->5
[2024-08-28T13:04:22.951+0000][info][gc,metaspace   ] GC(757) Metaspace: 100K(320K)->100K(320K) NonClass: 96K(192K)->96K(192K) Class: 4K(128K)->4K(128K)
[2024-08-28T13:04:22.951+0000][info][gc             ] GC(757) Pause Young (Mixed) (G1 Evacuation Pause) 898M->814M(1024M) 13.061ms
[2024-08-28T13:04:22.951+0000][info][gc,cpu         ] GC(757) User=0.29s Sys=0.00s Real=0.01s
[2024-08-28T13:04:22.977+0000][info][gc,start       ] GC(758) Pause Young (Concurrent Start) (G1 Evacuation Pause)
[2024-08-28T13:04:22.977+0000][info][gc,task        ] GC(758) Using 24 workers of 68 for evacuation
[2024-08-28T13:04:22.989+0000][info][gc,phases      ] GC(758)   Pre Evacuate Collection Set: 0.2ms
[2024-08-28T13:04:22.989+0000][info][gc,phases      ] GC(758)   Merge Heap Roots: 0.4ms
[2024-08-28T13:04:22.989+0000][info][gc,phases      ] GC(758)   Evacuate Collection Set: 10.1ms
[2024-08-28T13:04:22.989+0000][info][gc,phases      ] GC(758)   Post Evacuate Collection Set: 0.4ms
[2024-08-28T13:04:22.989+0000][info][gc,phases      ] GC(758)   Other: 0.8ms
[2024-08-28T13:04:22.989+0000][info][gc,heap        ] GC(758) Eden regions: 44->0(44)
[2024-08-28T13:04:22.989+0000][info][gc,heap        ] GC(758) Survivor regions: 7->7(7)
[2024-08-28T13:04:22.989+0000][info][gc,heap        ] GC(758) Old regions: 805->853
[2024-08-28T13:04:22.989+0000][info][gc,heap        ] GC(758) Archive regions: 2->2
[2024-08-28T13:04:22.989+0000][info][gc,heap        ] GC(758) Humongous regions: 5->5
[2024-08-28T13:04:22.989+0000][info][gc,metaspace   ] GC(758) Metaspace: 100K(320K)->100K(320K) NonClass: 96K(192K)->96K(192K) Class: 4K(128K)->4K(128K)
[2024-08-28T13:04:22.989+0000][info][gc             ] GC(758) Pause Young (Concurrent Start) (G1 Evacuation Pause) 858M->862M(1024M) 11.900ms
[2024-08-28T13:04:22.989+0000][info][gc,cpu         ] GC(758) User=0.25s Sys=0.00s Real=0.01s
[2024-08-28T13:04:22.989+0000][info][gc             ] GC(759) Concurrent Mark Cycle
[2024-08-28T13:04:22.989+0000][info][gc,marking     ] GC(759) Concurrent Clear Claimed Marks
[2024-08-28T13:04:22.989+0000][info][gc,marking     ] GC(759) Concurrent Clear Claimed Marks 0.010ms
[2024-08-28T13:04:22.989+0000][info][gc,marking     ] GC(759) Concurrent Scan Root Regions
[2024-08-28T13:04:22.991+0000][info][gc,marking     ] GC(759) Concurrent Scan Root Regions 1.579ms
[2024-08-28T13:04:22.991+0000][info][gc,marking     ] GC(759) Concurrent Mark
[2024-08-28T13:04:22.991+0000][info][gc,marking     ] GC(759) Concurrent Mark From Roots
[2024-08-28T13:04:22.991+0000][info][gc,task        ] GC(759) Using 17 workers of 17 for marking
[2024-08-28T13:04:23.014+0000][info][gc,marking     ] GC(759) Concurrent Mark From Roots 23.157ms
[2024-08-28T13:04:23.014+0000][info][gc,marking     ] GC(759) Concurrent Preclean
[2024-08-28T13:04:23.015+0000][info][gc,marking     ] GC(759) Concurrent Preclean 0.498ms
[2024-08-28T13:04:23.015+0000][info][gc,start       ] GC(759) Pause Remark
[2024-08-28T13:04:23.016+0000][info][gc             ] GC(759) Pause Remark 896M->896M(1024M) 1.301ms
[2024-08-28T13:04:23.016+0000][info][gc,cpu         ] GC(759) User=0.00s Sys=0.00s Real=0.00s
[2024-08-28T13:04:23.016+0000][info][gc,marking     ] GC(759) Concurrent Mark 25.319ms
[2024-08-28T13:04:23.016+0000][info][gc,marking     ] GC(759) Concurrent Rebuild Remembered Sets
[2024-08-28T13:04:23.023+0000][info][gc,start       ] GC(760) Pause Young (Normal) (G1 Evacuation Pause)
[2024-08-28T13:04:23.023+0000][info][gc,task        ] GC(760) Using 24 workers of 68 for evacuation
[2024-08-28T13:04:23.033+0000][info][gc,phases      ] GC(760)   Pre Evacuate Collection Set: 0.1ms
[2024-08-28T13:04:23.033+0000][info][gc,phases      ] GC(760)   Merge Heap Roots: 0.3ms
[2024-08-28T13:04:23.033+0000][info][gc,phases      ] GC(760)   Evacuate Collection Set: 9.7ms
[2024-08-28T13:04:23.033+0000][info][gc,phases      ] GC(760)   Post Evacuate Collection Set: 0.4ms
[2024-08-28T13:04:23.033+0000][info][gc,phases      ] GC(760)   Other: 0.2ms
[2024-08-28T13:04:23.033+0000][info][gc,heap        ] GC(760) Eden regions: 44->0(44)
[2024-08-28T13:04:23.033+0000][info][gc,heap        ] GC(760) Survivor regions: 7->7(7)
[2024-08-28T13:04:23.033+0000][info][gc,heap        ] GC(760) Old regions: 853->898
[2024-08-28T13:04:23.033+0000][info][gc,heap        ] GC(760) Archive regions: 2->2
[2024-08-28T13:04:23.033+0000][info][gc,heap        ] GC(760) Humongous regions: 5->5
[2024-08-28T13:04:23.033+0000][info][gc,metaspace   ] GC(760) Metaspace: 100K(320K)->100K(320K) NonClass: 96K(192K)->96K(192K) Class: 4K(128K)->4K(128K)
[2024-08-28T13:04:23.034+0000][info][gc             ] GC(760) Pause Young (Normal) (G1 Evacuation Pause) 906M->907M(1024M) 10.822ms
[2024-08-28T13:04:23.034+0000][info][gc,cpu         ] GC(760) User=0.24s Sys=0.00s Real=0.01s
[2024-08-28T13:04:23.057+0000][info][gc,start       ] GC(761) Pause Young (Normal) (G1 Evacuation Pause)
[2024-08-28T13:04:23.057+0000][info][gc,task        ] GC(761) Using 24 workers of 68 for evacuation
[2024-08-28T13:04:23.072+0000][info][gc,phases      ] GC(761)   Pre Evacuate Collection Set: 0.2ms
[2024-08-28T13:04:23.072+0000][info][gc,phases      ] GC(761)   Merge Heap Roots: 0.5ms
[2024-08-28T13:04:23.072+0000][info][gc,phases      ] GC(761)   Evacuate Collection Set: 13.1ms
[2024-08-28T13:04:23.072+0000][info][gc,phases      ] GC(761)   Post Evacuate Collection Set: 0.5ms
[2024-08-28T13:04:23.072+0000][info][gc,phases      ] GC(761)   Other: 0.2ms
[2024-08-28T13:04:23.072+0000][info][gc,heap        ] GC(761) Eden regions: 44->0(44)
[2024-08-28T13:04:23.072+0000][info][gc,heap        ] GC(761) Survivor regions: 7->7(7)
[2024-08-28T13:04:23.072+0000][info][gc,heap        ] GC(761) Old regions: 898->945
[2024-08-28T13:04:23.072+0000][info][gc,heap        ] GC(761) Archive regions: 2->2
[2024-08-28T13:04:23.072+0000][info][gc,heap        ] GC(761) Humongous regions: 5->5
[2024-08-28T13:04:23.072+0000][info][gc,metaspace   ] GC(761) Metaspace: 100K(320K)->100K(320K) NonClass: 96K(192K)->96K(192K) Class: 4K(128K)->4K(128K)
[2024-08-28T13:04:23.072+0000][info][gc             ] GC(761) Pause Young (Normal) (G1 Evacuation Pause) 951M->954M(1024M) 14.608ms
[2024-08-28T13:04:23.072+0000][info][gc,cpu         ] GC(761) User=0.31s Sys=0.02s Real=0.02s
[2024-08-28T13:04:23.087+0000][info][gc,start       ] GC(762) Pause Young (Normal) (G1 Preventive Collection)
[2024-08-28T13:04:23.087+0000][info][gc,task        ] GC(762) Using 24 workers of 68 for evacuation
[2024-08-28T13:04:23.100+0000][info][gc,phases      ] GC(762)   Pre Evacuate Collection Set: 0.1ms
[2024-08-28T13:04:23.100+0000][info][gc,phases      ] GC(762)   Merge Heap Roots: 0.4ms
[2024-08-28T13:04:23.100+0000][info][gc,phases      ] GC(762)   Evacuate Collection Set: 11.7ms
[2024-08-28T13:04:23.100+0000][info][gc,phases      ] GC(762)   Post Evacuate Collection Set: 0.6ms
[2024-08-28T13:04:23.100+0000][info][gc,phases      ] GC(762)   Other: 0.2ms
[2024-08-28T13:04:23.100+0000][info][gc,heap        ] GC(762) Eden regions: 27->0(44)
[2024-08-28T13:04:23.100+0000][info][gc,heap        ] GC(762) Survivor regions: 7->7(7)
[2024-08-28T13:04:23.100+0000][info][gc,heap        ] GC(762) Old regions: 945->974
[2024-08-28T13:04:23.100+0000][info][gc,heap        ] GC(762) Archive regions: 2->2
[2024-08-28T13:04:23.100+0000][info][gc,heap        ] GC(762) Humongous regions: 5->5
[2024-08-28T13:04:23.100+0000][info][gc,metaspace   ] GC(762) Metaspace: 100K(320K)->100K(320K) NonClass: 96K(192K)->96K(192K) Class: 4K(128K)->4K(128K)
[2024-08-28T13:04:23.100+0000][info][gc             ] GC(762) Pause Young (Normal) (G1 Preventive Collection) 981M->983M(1024M) 13.091ms
[2024-08-28T13:04:23.100+0000][info][gc,cpu         ] GC(762) User=0.29s Sys=0.00s Real=0.02s
[2024-08-28T13:04:23.108+0000][info][gc,start       ] GC(763) Pause Young (Normal) (G1 Preventive Collection)
[2024-08-28T13:04:23.108+0000][info][gc,task        ] GC(763) Using 24 workers of 68 for evacuation
[2024-08-28T13:04:23.119+0000][info][gc             ] GC(763) To-space exhausted
[2024-08-28T13:04:23.119+0000][info][gc,phases      ] GC(763)   Pre Evacuate Collection Set: 0.1ms
[2024-08-28T13:04:23.119+0000][info][gc,phases      ] GC(763)   Merge Heap Roots: 0.5ms
[2024-08-28T13:04:23.119+0000][info][gc,phases      ] GC(763)   Evacuate Collection Set: 9.5ms
[2024-08-28T13:04:23.119+0000][info][gc,phases      ] GC(763)   Post Evacuate Collection Set: 0.9ms
[2024-08-28T13:04:23.119+0000][info][gc,phases      ] GC(763)   Other: 0.2ms
[2024-08-28T13:04:23.119+0000][info][gc,heap        ] GC(763) Eden regions: 13->0(44)
[2024-08-28T13:04:23.119+0000][info][gc,heap        ] GC(763) Survivor regions: 7->7(7)
[2024-08-28T13:04:23.119+0000][info][gc,heap        ] GC(763) Old regions: 974->1003
[2024-08-28T13:04:23.119+0000][info][gc,heap        ] GC(763) Archive regions: 2->2
[2024-08-28T13:04:23.119+0000][info][gc,heap        ] GC(763) Humongous regions: 5->5
[2024-08-28T13:04:23.119+0000][info][gc,metaspace   ] GC(763) Metaspace: 100K(320K)->100K(320K) NonClass: 96K(192K)->96K(192K) Class: 4K(128K)->4K(128K)
[2024-08-28T13:04:23.119+0000][info][gc             ] GC(763) Pause Young (Normal) (G1 Preventive Collection) 996M->1012M(1024M) 11.218ms
[2024-08-28T13:04:23.119+0000][info][gc,cpu         ] GC(763) User=0.25s Sys=0.00s Real=0.02s
[2024-08-28T13:04:23.120+0000][info][gc,start       ] GC(764) Pause Young (Normal) (G1 Preventive Collection)
[2024-08-28T13:04:23.120+0000][info][gc,task        ] GC(764) Using 24 workers of 68 for evacuation
[2024-08-28T13:04:23.129+0000][info][gc             ] GC(764) To-space exhausted
[2024-08-28T13:04:23.129+0000][info][gc,phases      ] GC(764)   Pre Evacuate Collection Set: 0.1ms
[2024-08-28T13:04:23.129+0000][info][gc,phases      ] GC(764)   Merge Heap Roots: 0.6ms
[2024-08-28T13:04:23.129+0000][info][gc,phases      ] GC(764)   Evacuate Collection Set: 6.9ms
[2024-08-28T13:04:23.129+0000][info][gc,phases      ] GC(764)   Post Evacuate Collection Set: 0.8ms
[2024-08-28T13:04:23.129+0000][info][gc,phases      ] GC(764)   Other: 0.1ms
[2024-08-28T13:04:23.129+0000][info][gc,heap        ] GC(764) Eden regions: 1->0(50)
[2024-08-28T13:04:23.129+0000][info][gc,heap        ] GC(764) Survivor regions: 7->1(6)
[2024-08-28T13:04:23.129+0000][info][gc,heap        ] GC(764) Old regions: 1003->1016
[2024-08-28T13:04:23.129+0000][info][gc,heap        ] GC(764) Archive regions: 2->2
[2024-08-28T13:04:23.129+0000][info][gc,heap        ] GC(764) Humongous regions: 5->5
[2024-08-28T13:04:23.129+0000][info][gc,metaspace   ] GC(764) Metaspace: 100K(320K)->100K(320K) NonClass: 96K(192K)->96K(192K) Class: 4K(128K)->4K(128K)
[2024-08-28T13:04:23.129+0000][info][gc             ] GC(764) Pause Young (Normal) (G1 Preventive Collection) 1013M->1019M(1024M) 8.661ms
[2024-08-28T13:04:23.129+0000][info][gc,cpu         ] GC(764) User=0.19s Sys=0.00s Real=0.00s
[2024-08-28T13:04:23.129+0000][info][gc,ergo        ] Attempting full compaction
[2024-08-28T13:04:23.129+0000][info][gc,task        ] GC(765) Using 24 workers of 68 for full compaction
[2024-08-28T13:04:23.129+0000][info][gc,start       ] GC(765) Pause Full (G1 Compaction Pause)
[2024-08-28T13:04:23.130+0000][info][gc,phases,start] GC(765) Phase 1: Mark live objects
[2024-08-28T13:04:23.145+0000][info][gc,phases      ] GC(765) Phase 1: Mark live objects 15.222ms
[2024-08-28T13:04:23.145+0000][info][gc,phases,start] GC(765) Phase 2: Prepare for compaction
[2024-08-28T13:04:23.154+0000][info][gc,phases      ] GC(765) Phase 2: Prepare for compaction 8.627ms
[2024-08-28T13:04:23.154+0000][info][gc,phases,start] GC(765) Phase 3: Adjust pointers
[2024-08-28T13:04:23.169+0000][info][gc,phases      ] GC(765) Phase 3: Adjust pointers 15.344ms
[2024-08-28T13:04:23.169+0000][info][gc,phases,start] GC(765) Phase 4: Compact heap
[2024-08-28T13:04:23.199+0000][info][gc,phases      ] GC(765) Phase 4: Compact heap 29.777ms
[2024-08-28T13:04:23.200+0000][info][gc,heap        ] GC(765) Eden regions: 0->0(150)
[2024-08-28T13:04:23.200+0000][info][gc,heap        ] GC(765) Survivor regions: 1->0(6)
[2024-08-28T13:04:23.200+0000][info][gc,heap        ] GC(765) Old regions: 1016->442
[2024-08-28T13:04:23.200+0000][info][gc,heap        ] GC(765) Archive regions: 2->2
[2024-08-28T13:04:23.200+0000][info][gc,heap        ] GC(765) Humongous regions: 5->5
[2024-08-28T13:04:23.200+0000][info][gc,metaspace   ] GC(765) Metaspace: 100K(320K)->100K(320K) NonClass: 96K(192K)->96K(192K) Class: 4K(128K)->4K(128K)
[2024-08-28T13:04:23.200+0000][info][gc             ] GC(765) Pause Full (G1 Compaction Pause) 1019M->436M(1024M) 71.113ms
[2024-08-28T13:04:23.200+0000][info][gc,cpu         ] GC(765) User=1.55s Sys=0.01s Real=0.08s
[2024-08-28T13:04:23.200+0000][info][gc,marking     ] GC(759) Concurrent Rebuild Remembered Sets 184.215ms
[2024-08-28T13:04:23.200+0000][info][gc,marking     ] GC(759) Concurrent Mark Abort
[2024-08-28T13:04:23.200+0000][info][gc             ] GC(759) Concurrent Mark Cycle 211.261ms
[2024-08-28T13:04:23.289+0000][info][gc,start       ] GC(766) Pause Young (Normal) (G1 Evacuation Pause)
[2024-08-28T13:04:23.289+0000][info][gc,task        ] GC(766) Using 24 workers of 68 for evacuation
[2024-08-28T13:04:23.312+0000][info][gc,phases      ] GC(766)   Pre Evacuate Collection Set: 0.2ms
[2024-08-28T13:04:23.312+0000][info][gc,phases      ] GC(766)   Merge Heap Roots: 0.4ms
[2024-08-28T13:04:23.312+0000][info][gc,phases      ] GC(766)   Evacuate Collection Set: 21.8ms
[2024-08-28T13:04:23.312+0000][info][gc,phases      ] GC(766)   Post Evacuate Collection Set: 0.4ms
[2024-08-28T13:04:23.312+0000][info][gc,phases      ] GC(766)   Other: 0.3ms
[2024-08-28T13:04:23.312+0000][info][gc,heap        ] GC(766) Eden regions: 150->0(104)
[2024-08-28T13:04:23.312+0000][info][gc,heap        ] GC(766) Survivor regions: 0->19(19)
[2024-08-28T13:04:23.312+0000][info][gc,heap        ] GC(766) Old regions: 442->568
[2024-08-28T13:04:23.312+0000][info][gc,heap        ] GC(766) Archive regions: 2->2
[2024-08-28T13:04:23.312+0000][info][gc,heap        ] GC(766) Humongous regions: 5->5
[2024-08-28T13:04:23.312+0000][info][gc,metaspace   ] GC(766) Metaspace: 100K(320K)->100K(320K) NonClass: 96K(192K)->96K(192K) Class: 4K(128K)->4K(128K)
[2024-08-28T13:04:23.312+0000][info][gc             ] GC(766) Pause Young (Normal) (G1 Evacuation Pause) 586M->581M(1024M) 23.062ms
[2024-08-28T13:04:23.312+0000][info][gc,cpu         ] GC(766) User=0.53s Sys=0.00s Real=0.03s
[2024-08-28T13:04:23.369+0000][info][gc,start       ] GC(767) Pause Young (Concurrent Start) (G1 Evacuation Pause)
[2024-08-28T13:04:23.369+0000][info][gc,task        ] GC(767) Using 24 workers of 68 for evacuation
[2024-08-28T13:04:23.390+0000][info][gc,phases      ] GC(767)   Pre Evacuate Collection Set: 0.2ms
[2024-08-28T13:04:23.390+0000][info][gc,phases      ] GC(767)   Merge Heap Roots: 0.4ms
[2024-08-28T13:04:23.390+0000][info][gc,phases      ] GC(767)   Evacuate Collection Set: 19.1ms
[2024-08-28T13:04:23.390+0000][info][gc,phases      ] GC(767)   Post Evacuate Collection Set: 0.4ms
[2024-08-28T13:04:23.390+0000][info][gc,phases      ] GC(767)   Other: 0.6ms
[2024-08-28T13:04:23.390+0000][info][gc,heap        ] GC(767) Eden regions: 104->0(70)
[2024-08-28T13:04:23.390+0000][info][gc,heap        ] GC(767) Survivor regions: 19->16(16)
[2024-08-28T13:04:23.390+0000][info][gc,heap        ] GC(767) Old regions: 568->676
[2024-08-28T13:04:23.390+0000][info][gc,heap        ] GC(767) Archive regions: 2->2
[2024-08-28T13:04:23.390+0000][info][gc,heap        ] GC(767) Humongous regions: 5->5
[2024-08-28T13:04:23.390+0000][info][gc,metaspace   ] GC(767) Metaspace: 100K(320K)->100K(320K) NonClass: 96K(192K)->96K(192K) Class: 4K(128K)->4K(128K)
[2024-08-28T13:04:23.390+0000][info][gc             ] GC(767) Pause Young (Concurrent Start) (G1 Evacuation Pause) 685M->686M(1024M) 20.757ms
[2024-08-28T13:04:23.390+0000][info][gc,cpu         ] GC(767) User=0.46s Sys=0.01s Real=0.03s
[2024-08-28T13:04:23.390+0000][info][gc             ] GC(768) Concurrent Mark Cycle
[2024-08-28T13:04:23.390+0000][info][gc,marking     ] GC(768) Concurrent Clear Claimed Marks
[2024-08-28T13:04:23.390+0000][info][gc,marking     ] GC(768) Concurrent Clear Claimed Marks 0.010ms
[2024-08-28T13:04:23.390+0000][info][gc,marking     ] GC(768) Concurrent Scan Root Regions
[2024-08-28T13:04:23.394+0000][info][gc,marking     ] GC(768) Concurrent Scan Root Regions 3.611ms
[2024-08-28T13:04:23.394+0000][info][gc,marking     ] GC(768) Concurrent Mark
[2024-08-28T13:04:23.394+0000][info][gc,marking     ] GC(768) Concurrent Mark From Roots
[2024-08-28T13:04:23.394+0000][info][gc,task        ] GC(768) Using 17 workers of 17 for marking
[2024-08-28T13:04:23.414+0000][info][gc,marking     ] GC(768) Concurrent Mark From Roots 20.319ms
[2024-08-28T13:04:23.414+0000][info][gc,marking     ] GC(768) Concurrent Preclean
[2024-08-28T13:04:23.414+0000][info][gc,marking     ] GC(768) Concurrent Preclean 0.498ms
[2024-08-28T13:04:23.415+0000][info][gc,start       ] GC(768) Pause Remark
[2024-08-28T13:04:23.416+0000][info][gc             ] GC(768) Pause Remark 718M->718M(1024M) 1.130ms
[2024-08-28T13:04:23.416+0000][info][gc,cpu         ] GC(768) User=0.00s Sys=0.00s Real=0.00s
[2024-08-28T13:04:23.416+0000][info][gc,marking     ] GC(768) Concurrent Mark 22.313ms
[2024-08-28T13:04:23.416+0000][info][gc,marking     ] GC(768) Concurrent Rebuild Remembered Sets
[2024-08-28T13:04:23.436+0000][info][gc,start       ] GC(769) Pause Young (Normal) (G1 Evacuation Pause)
[2024-08-28T13:04:23.436+0000][info][gc,task        ] GC(769) Using 24 workers of 68 for evacuation
[2024-08-28T13:04:23.452+0000][info][gc,phases      ] GC(769)   Pre Evacuate Collection Set: 0.2ms
[2024-08-28T13:04:23.452+0000][info][gc,phases      ] GC(769)   Merge Heap Roots: 0.3ms
[2024-08-28T13:04:23.452+0000][info][gc,phases      ] GC(769)   Evacuate Collection Set: 15.7ms
[2024-08-28T13:04:23.452+0000][info][gc,phases      ] GC(769)   Post Evacuate Collection Set: 0.5ms
[2024-08-28T13:04:23.453+0000][info][gc,phases      ] GC(769)   Other: 0.2ms
[2024-08-28T13:04:23.453+0000][info][gc,heap        ] GC(769) Eden regions: 70->0(47)
[2024-08-28T13:04:23.453+0000][info][gc,heap        ] GC(769) Survivor regions: 16->11(11)
[2024-08-28T13:04:23.453+0000][info][gc,heap        ] GC(769) Old regions: 676->753
[2024-08-28T13:04:23.453+0000][info][gc,heap        ] GC(769) Archive regions: 2->2
[2024-08-28T13:04:23.453+0000][info][gc,heap        ] GC(769) Humongous regions: 5->5
[2024-08-28T13:04:23.453+0000][info][gc,metaspace   ] GC(769) Metaspace: 100K(320K)->100K(320K) NonClass: 96K(192K)->96K(192K) Class: 4K(128K)->4K(128K)
[2024-08-28T13:04:23.453+0000][info][gc             ] GC(769) Pause Young (Normal) (G1 Evacuation Pause) 756M->758M(1024M) 16.950ms
[2024-08-28T13:04:23.453+0000][info][gc,cpu         ] GC(769) User=0.38s Sys=0.00s Real=0.02s
[2024-08-28T13:04:23.478+0000][info][gc,start       ] GC(770) Pause Young (Normal) (G1 Evacuation Pause)
[2024-08-28T13:04:23.478+0000][info][gc,task        ] GC(770) Using 24 workers of 68 for evacuation
[2024-08-28T13:04:23.498+0000][info][gc,phases      ] GC(770)   Pre Evacuate Collection Set: 0.1ms
[2024-08-28T13:04:23.498+0000][info][gc,phases      ] GC(770)   Merge Heap Roots: 0.5ms
[2024-08-28T13:04:23.498+0000][info][gc,phases      ] GC(770)   Evacuate Collection Set: 18.6ms
[2024-08-28T13:04:23.498+0000][info][gc,phases      ] GC(770)   Post Evacuate Collection Set: 0.6ms
[2024-08-28T13:04:23.498+0000][info][gc,phases      ] GC(770)   Other: 0.3ms
[2024-08-28T13:04:23.498+0000][info][gc,heap        ] GC(770) Eden regions: 47->0(43)
[2024-08-28T13:04:23.498+0000][info][gc,heap        ] GC(770) Survivor regions: 11->8(8)
[2024-08-28T13:04:23.498+0000][info][gc,heap        ] GC(770) Old regions: 753->808
[2024-08-28T13:04:23.498+0000][info][gc,heap        ] GC(770) Archive regions: 2->2
[2024-08-28T13:04:23.498+0000][info][gc,heap        ] GC(770) Humongous regions: 5->5
[2024-08-28T13:04:23.498+0000][info][gc,metaspace   ] GC(770) Metaspace: 100K(320K)->100K(320K) NonClass: 96K(192K)->96K(192K) Class: 4K(128K)->4K(128K)
[2024-08-28T13:04:23.498+0000][info][gc             ] GC(770) Pause Young (Normal) (G1 Evacuation Pause) 805M->810M(1024M) 20.140ms
[2024-08-28T13:04:23.498+0000][info][gc,cpu         ] GC(770) User=0.46s Sys=0.01s Real=0.02s
[2024-08-28T13:04:23.521+0000][info][gc,marking     ] GC(768) Concurrent Rebuild Remembered Sets 104.990ms
[2024-08-28T13:04:23.521+0000][info][gc,start       ] GC(768) Pause Cleanup
[2024-08-28T13:04:23.522+0000][info][gc             ] GC(768) Pause Cleanup 851M->851M(1024M) 1.188ms
[2024-08-28T13:04:23.522+0000][info][gc,cpu         ] GC(768) User=0.00s Sys=0.00s Real=0.00s
[2024-08-28T13:04:23.522+0000][info][gc,marking     ] GC(768) Concurrent Cleanup for Next Mark
[2024-08-28T13:04:23.523+0000][info][gc,marking     ] GC(768) Concurrent Cleanup for Next Mark 0.749ms
[2024-08-28T13:04:23.523+0000][info][gc             ] GC(768) Concurrent Mark Cycle 133.237ms
[2024-08-28T13:04:23.524+0000][info][gc,start       ] GC(771) Pause Young (Prepare Mixed) (G1 Evacuation Pause)
[2024-08-28T13:04:23.524+0000][info][gc,task        ] GC(771) Using 24 workers of 68 for evacuation
[2024-08-28T13:04:23.541+0000][info][gc,phases      ] GC(771)   Pre Evacuate Collection Set: 0.1ms
[2024-08-28T13:04:23.541+0000][info][gc,phases      ] GC(771)   Merge Heap Roots: 0.5ms
[2024-08-28T13:04:23.541+0000][info][gc,phases      ] GC(771)   Evacuate Collection Set: 15.7ms
[2024-08-28T13:04:23.541+0000][info][gc,phases      ] GC(771)   Post Evacuate Collection Set: 0.3ms
[2024-08-28T13:04:23.541+0000][info][gc,phases      ] GC(771)   Other: 0.2ms
[2024-08-28T13:04:23.541+0000][info][gc,heap        ] GC(771) Eden regions: 43->0(44)
[2024-08-28T13:04:23.541+0000][info][gc,heap        ] GC(771) Survivor regions: 8->7(7)
[2024-08-28T13:04:23.541+0000][info][gc,heap        ] GC(771) Old regions: 808->856
[2024-08-28T13:04:23.541+0000][info][gc,heap        ] GC(771) Archive regions: 2->2
[2024-08-28T13:04:23.541+0000][info][gc,heap        ] GC(771) Humongous regions: 5->5
[2024-08-28T13:04:23.541+0000][info][gc,metaspace   ] GC(771) Metaspace: 100K(320K)->100K(320K) NonClass: 96K(192K)->96K(192K) Class: 4K(128K)->4K(128K)
[2024-08-28T13:04:23.541+0000][info][gc             ] GC(771) Pause Young (Prepare Mixed) (G1 Evacuation Pause) 853M->857M(1024M) 16.868ms
[2024-08-28T13:04:23.541+0000][info][gc,cpu         ] GC(771) User=0.39s Sys=0.00s Real=0.02s
[2024-08-28T13:04:23.566+0000][info][gc,start       ] GC(772) Pause Young (Mixed) (G1 Evacuation Pause)
[2024-08-28T13:04:23.566+0000][info][gc,task        ] GC(772) Using 24 workers of 68 for evacuation
[2024-08-28T13:04:23.578+0000][info][gc,phases      ] GC(772)   Pre Evacuate Collection Set: 0.2ms
[2024-08-28T13:04:23.578+0000][info][gc,phases      ] GC(772)   Merge Heap Roots: 0.3ms
[2024-08-28T13:04:23.578+0000][info][gc,phases      ] GC(772)   Evacuate Collection Set: 10.7ms
[2024-08-28T13:04:23.578+0000][info][gc,phases      ] GC(772)   Post Evacuate Collection Set: 0.4ms
[2024-08-28T13:04:23.578+0000][info][gc,phases      ] GC(772)   Other: 0.2ms
[2024-08-28T13:04:23.578+0000][info][gc,heap        ] GC(772) Eden regions: 44->0(44)
[2024-08-28T13:04:23.578+0000][info][gc,heap        ] GC(772) Survivor regions: 7->7(7)
[2024-08-28T13:04:23.578+0000][info][gc,heap        ] GC(772) Old regions: 856->800
[2024-08-28T13:04:23.578+0000][info][gc,heap        ] GC(772) Archive regions: 2->2
[2024-08-28T13:04:23.578+0000][info][gc,heap        ] GC(772) Humongous regions: 5->5
[2024-08-28T13:04:23.578+0000][info][gc,metaspace   ] GC(772) Metaspace: 100K(320K)->100K(320K) NonClass: 96K(192K)->96K(192K) Class: 4K(128K)->4K(128K)
[2024-08-28T13:04:23.578+0000][info][gc             ] GC(772) Pause Young (Mixed) (G1 Evacuation Pause) 901M->802M(1024M) 11.848ms
[2024-08-28T13:04:23.578+0000][info][gc,cpu         ] GC(772) User=0.26s Sys=0.00s Real=0.02s
[2024-08-28T13:04:23.602+0000][info][gc,start       ] GC(773) Pause Young (Mixed) (G1 Evacuation Pause)
[2024-08-28T13:04:23.602+0000][info][gc,task        ] GC(773) Using 24 workers of 68 for evacuation
[2024-08-28T13:04:23.614+0000][info][gc,phases      ] GC(773)   Pre Evacuate Collection Set: 0.2ms
[2024-08-28T13:04:23.614+0000][info][gc,phases      ] GC(773)   Merge Heap Roots: 0.4ms
[2024-08-28T13:04:23.614+0000][info][gc,phases      ] GC(773)   Evacuate Collection Set: 10.6ms
[2024-08-28T13:04:23.614+0000][info][gc,phases      ] GC(773)   Post Evacuate Collection Set: 0.3ms
[2024-08-28T13:04:23.614+0000][info][gc,phases      ] GC(773)   Other: 0.3ms
[2024-08-28T13:04:23.614+0000][info][gc,heap        ] GC(773) Eden regions: 44->0(47)
[2024-08-28T13:04:23.614+0000][info][gc,heap        ] GC(773) Survivor regions: 7->7(7)
[2024-08-28T13:04:23.614+0000][info][gc,heap        ] GC(773) Old regions: 800->756
[2024-08-28T13:04:23.614+0000][info][gc,heap        ] GC(773) Archive regions: 2->2
[2024-08-28T13:04:23.614+0000][info][gc,heap        ] GC(773) Humongous regions: 5->5
[2024-08-28T13:04:23.614+0000][info][gc,metaspace   ] GC(773) Metaspace: 100K(320K)->100K(320K) NonClass: 96K(192K)->96K(192K) Class: 4K(128K)->4K(128K)
[2024-08-28T13:04:23.614+0000][info][gc             ] GC(773) Pause Young (Mixed) (G1 Evacuation Pause) 846M->759M(1024M) 11.864ms
[2024-08-28T13:04:23.614+0000][info][gc,cpu         ] GC(773) User=0.19s Sys=0.07s Real=0.01s
[2024-08-28T13:04:23.639+0000][info][gc,start       ] GC(774) Pause Young (Concurrent Start) (G1 Evacuation Pause)
[2024-08-28T13:04:23.639+0000][info][gc,task        ] GC(774) Using 24 workers of 68 for evacuation
[2024-08-28T13:04:23.651+0000][info][gc,phases      ] GC(774)   Pre Evacuate Collection Set: 0.2ms
[2024-08-28T13:04:23.651+0000][info][gc,phases      ] GC(774)   Merge Heap Roots: 0.4ms
[2024-08-28T13:04:23.651+0000][info][gc,phases      ] GC(774)   Evacuate Collection Set: 10.4ms
[2024-08-28T13:04:23.651+0000][info][gc,phases      ] GC(774)   Post Evacuate Collection Set: 0.3ms
[2024-08-28T13:04:23.651+0000][info][gc,phases      ] GC(774)   Other: 0.6ms
[2024-08-28T13:04:23.651+0000][info][gc,heap        ] GC(774) Eden regions: 47->0(44)
[2024-08-28T13:04:23.651+0000][info][gc,heap        ] GC(774) Survivor regions: 7->7(7)
[2024-08-28T13:04:23.651+0000][info][gc,heap        ] GC(774) Old regions: 756->805
[2024-08-28T13:04:23.651+0000][info][gc,heap        ] GC(774) Archive regions: 2->2
[2024-08-28T13:04:23.651+0000][info][gc,heap        ] GC(774) Humongous regions: 5->5
[2024-08-28T13:04:23.651+0000][info][gc,metaspace   ] GC(774) Metaspace: 100K(320K)->100K(320K) NonClass: 96K(192K)->96K(192K) Class: 4K(128K)->4K(128K)
[2024-08-28T13:04:23.651+0000][info][gc             ] GC(774) Pause Young (Concurrent Start) (G1 Evacuation Pause) 806M->808M(1024M) 11.868ms
[2024-08-28T13:04:23.651+0000][info][gc,cpu         ] GC(774) User=0.25s Sys=0.00s Real=0.01s
[2024-08-28T13:04:23.651+0000][info][gc             ] GC(775) Concurrent Mark Cycle
[2024-08-28T13:04:23.651+0000][info][gc,marking     ] GC(775) Concurrent Clear Claimed Marks
[2024-08-28T13:04:23.651+0000][info][gc,marking     ] GC(775) Concurrent Clear Claimed Marks 0.011ms
[2024-08-28T13:04:23.651+0000][info][gc,marking     ] GC(775) Concurrent Scan Root Regions
[2024-08-28T13:04:23.653+0000][info][gc,marking     ] GC(775) Concurrent Scan Root Regions 1.748ms
[2024-08-28T13:04:23.653+0000][info][gc,marking     ] GC(775) Concurrent Mark
[2024-08-28T13:04:23.653+0000][info][gc,marking     ] GC(775) Concurrent Mark From Roots
[2024-08-28T13:04:23.653+0000][info][gc,task        ] GC(775) Using 17 workers of 17 for marking
[2024-08-28T13:04:23.677+0000][info][gc,marking     ] GC(775) Concurrent Mark From Roots 23.591ms
[2024-08-28T13:04:23.677+0000][info][gc,marking     ] GC(775) Concurrent Preclean
[2024-08-28T13:04:23.677+0000][info][gc,marking     ] GC(775) Concurrent Preclean 0.499ms
[2024-08-28T13:04:23.678+0000][info][gc,start       ] GC(775) Pause Remark
[2024-08-28T13:04:23.679+0000][info][gc             ] GC(775) Pause Remark 843M->843M(1024M) 1.572ms
[2024-08-28T13:04:23.679+0000][info][gc,cpu         ] GC(775) User=0.01s Sys=0.00s Real=0.00s
[2024-08-28T13:04:23.679+0000][info][gc,marking     ] GC(775) Concurrent Mark 26.122ms
[2024-08-28T13:04:23.679+0000][info][gc,marking     ] GC(775) Concurrent Rebuild Remembered Sets
[2024-08-28T13:04:23.686+0000][info][gc,start       ] GC(776) Pause Young (Normal) (G1 Evacuation Pause)
[2024-08-28T13:04:23.686+0000][info][gc,task        ] GC(776) Using 24 workers of 68 for evacuation
[2024-08-28T13:04:23.696+0000][info][gc,phases      ] GC(776)   Pre Evacuate Collection Set: 0.2ms
[2024-08-28T13:04:23.696+0000][info][gc,phases      ] GC(776)   Merge Heap Roots: 0.4ms
[2024-08-28T13:04:23.696+0000][info][gc,phases      ] GC(776)   Evacuate Collection Set: 9.5ms
[2024-08-28T13:04:23.696+0000][info][gc,phases      ] GC(776)   Post Evacuate Collection Set: 0.4ms
[2024-08-28T13:04:23.696+0000][info][gc,phases      ] GC(776)   Other: 0.2ms
[2024-08-28T13:04:23.697+0000][info][gc,heap        ] GC(776) Eden regions: 44->0(44)
[2024-08-28T13:04:23.697+0000][info][gc,heap        ] GC(776) Survivor regions: 7->7(7)
[2024-08-28T13:04:23.697+0000][info][gc,heap        ] GC(776) Old regions: 805->851
[2024-08-28T13:04:23.697+0000][info][gc,heap        ] GC(776) Archive regions: 2->2
[2024-08-28T13:04:23.697+0000][info][gc,heap        ] GC(776) Humongous regions: 5->5
[2024-08-28T13:04:23.697+0000][info][gc,metaspace   ] GC(776) Metaspace: 100K(320K)->100K(320K) NonClass: 96K(192K)->96K(192K) Class: 4K(128K)->4K(128K)
[2024-08-28T13:04:23.697+0000][info][gc             ] GC(776) Pause Young (Normal) (G1 Evacuation Pause) 852M->854M(1024M) 10.734ms
[2024-08-28T13:04:23.697+0000][info][gc,cpu         ] GC(776) User=0.24s Sys=0.00s Real=0.01s
[2024-08-28T13:04:23.719+0000][info][gc,start       ] GC(777) Pause Young (Normal) (G1 Evacuation Pause)
[2024-08-28T13:04:23.720+0000][info][gc,task        ] GC(777) Using 24 workers of 68 for evacuation
[2024-08-28T13:04:23.735+0000][info][gc,phases      ] GC(777)   Pre Evacuate Collection Set: 0.1ms
[2024-08-28T13:04:23.735+0000][info][gc,phases      ] GC(777)   Merge Heap Roots: 0.5ms
[2024-08-28T13:04:23.735+0000][info][gc,phases      ] GC(777)   Evacuate Collection Set: 14.5ms
[2024-08-28T13:04:23.735+0000][info][gc,phases      ] GC(777)   Post Evacuate Collection Set: 0.5ms
[2024-08-28T13:04:23.735+0000][info][gc,phases      ] GC(777)   Other: 0.2ms
[2024-08-28T13:04:23.735+0000][info][gc,heap        ] GC(777) Eden regions: 44->0(44)
[2024-08-28T13:04:23.735+0000][info][gc,heap        ] GC(777) Survivor regions: 7->7(7)
[2024-08-28T13:04:23.735+0000][info][gc,heap        ] GC(777) Old regions: 851->897
[2024-08-28T13:04:23.735+0000][info][gc,heap        ] GC(777) Archive regions: 2->2
[2024-08-28T13:04:23.735+0000][info][gc,heap        ] GC(777) Humongous regions: 5->5
[2024-08-28T13:04:23.735+0000][info][gc,metaspace   ] GC(777) Metaspace: 100K(320K)->100K(320K) NonClass: 96K(192K)->96K(192K) Class: 4K(128K)->4K(128K)
[2024-08-28T13:04:23.735+0000][info][gc             ] GC(777) Pause Young (Normal) (G1 Evacuation Pause) 898M->900M(1024M) 15.921ms
[2024-08-28T13:04:23.735+0000][info][gc,cpu         ] GC(777) User=0.33s Sys=0.03s Real=0.01s
[2024-08-28T13:04:23.769+0000][info][gc,start       ] GC(778) Pause Young (Normal) (G1 Evacuation Pause)
[2024-08-28T13:04:23.769+0000][info][gc,task        ] GC(778) Using 24 workers of 68 for evacuation
[2024-08-28T13:04:23.784+0000][info][gc,phases      ] GC(778)   Pre Evacuate Collection Set: 0.1ms
[2024-08-28T13:04:23.784+0000][info][gc,phases      ] GC(778)   Merge Heap Roots: 0.5ms
[2024-08-28T13:04:23.784+0000][info][gc,phases      ] GC(778)   Evacuate Collection Set: 13.6ms
[2024-08-28T13:04:23.784+0000][info][gc,phases      ] GC(778)   Post Evacuate Collection Set: 0.6ms
[2024-08-28T13:04:23.784+0000][info][gc,phases      ] GC(778)   Other: 0.2ms
[2024-08-28T13:04:23.784+0000][info][gc,heap        ] GC(778) Eden regions: 44->0(44)
[2024-08-28T13:04:23.784+0000][info][gc,heap        ] GC(778) Survivor regions: 7->7(7)
[2024-08-28T13:04:23.784+0000][info][gc,heap        ] GC(778) Old regions: 897->943
[2024-08-28T13:04:23.784+0000][info][gc,heap        ] GC(778) Archive regions: 2->2
[2024-08-28T13:04:23.784+0000][info][gc,heap        ] GC(778) Humongous regions: 5->5
[2024-08-28T13:04:23.784+0000][info][gc,metaspace   ] GC(778) Metaspace: 100K(320K)->100K(320K) NonClass: 96K(192K)->96K(192K) Class: 4K(128K)->4K(128K)
[2024-08-28T13:04:23.784+0000][info][gc             ] GC(778) Pause Young (Normal) (G1 Evacuation Pause) 944M->946M(1024M) 15.075ms
[2024-08-28T13:04:23.784+0000][info][gc,cpu         ] GC(778) User=0.34s Sys=0.00s Real=0.02s
[2024-08-28T13:04:23.797+0000][info][gc,marking     ] GC(775) Concurrent Rebuild Remembered Sets 117.378ms
[2024-08-28T13:04:23.797+0000][info][gc,start       ] GC(775) Pause Cleanup
[2024-08-28T13:04:23.798+0000][info][gc             ] GC(775) Pause Cleanup 964M->964M(1024M) 1.522ms
[2024-08-28T13:04:23.799+0000][info][gc,cpu         ] GC(775) User=0.00s Sys=0.00s Real=0.01s
[2024-08-28T13:04:23.799+0000][info][gc,marking     ] GC(775) Concurrent Cleanup for Next Mark
[2024-08-28T13:04:23.799+0000][info][gc,marking     ] GC(775) Concurrent Cleanup for Next Mark 0.787ms
[2024-08-28T13:04:23.799+0000][info][gc             ] GC(775) Concurrent Mark Cycle 148.063ms
[2024-08-28T13:04:23.806+0000][info][gc,start       ] GC(779) Pause Young (Prepare Mixed) (G1 Preventive Collection)
[2024-08-28T13:04:23.806+0000][info][gc,task        ] GC(779) Using 24 workers of 68 for evacuation
[2024-08-28T13:04:23.817+0000][info][gc,phases      ] GC(779)   Pre Evacuate Collection Set: 0.1ms
[2024-08-28T13:04:23.817+0000][info][gc,phases      ] GC(779)   Merge Heap Roots: 0.3ms
[2024-08-28T13:04:23.817+0000][info][gc,phases      ] GC(779)   Evacuate Collection Set: 10.0ms
[2024-08-28T13:04:23.817+0000][info][gc,phases      ] GC(779)   Post Evacuate Collection Set: 0.3ms
[2024-08-28T13:04:23.817+0000][info][gc,phases      ] GC(779)   Other: 0.2ms
[2024-08-28T13:04:23.817+0000][info][gc,heap        ] GC(779) Eden regions: 28->0(44)
[2024-08-28T13:04:23.817+0000][info][gc,heap        ] GC(779) Survivor regions: 7->7(7)
[2024-08-28T13:04:23.817+0000][info][gc,heap        ] GC(779) Old regions: 943->975
[2024-08-28T13:04:23.817+0000][info][gc,heap        ] GC(779) Archive regions: 2->2
[2024-08-28T13:04:23.817+0000][info][gc,heap        ] GC(779) Humongous regions: 5->5
[2024-08-28T13:04:23.817+0000][info][gc,metaspace   ] GC(779) Metaspace: 100K(320K)->100K(320K) NonClass: 96K(192K)->96K(192K) Class: 4K(128K)->4K(128K)
[2024-08-28T13:04:23.817+0000][info][gc             ] GC(779) Pause Young (Prepare Mixed) (G1 Preventive Collection) 974M->978M(1024M) 10.973ms
[2024-08-28T13:04:23.817+0000][info][gc,cpu         ] GC(779) User=0.25s Sys=0.01s Real=0.01s
[2024-08-28T13:04:23.825+0000][info][gc,start       ] GC(780) Pause Young (Mixed) (G1 Preventive Collection)
[2024-08-28T13:04:23.825+0000][info][gc,task        ] GC(780) Using 24 workers of 68 for evacuation
[2024-08-28T13:04:23.830+0000][info][gc,phases      ] GC(780)   Pre Evacuate Collection Set: 0.2ms
[2024-08-28T13:04:23.830+0000][info][gc,phases      ] GC(780)   Merge Heap Roots: 0.3ms
[2024-08-28T13:04:23.830+0000][info][gc,phases      ] GC(780)   Evacuate Collection Set: 4.8ms
[2024-08-28T13:04:23.830+0000][info][gc,phases      ] GC(780)   Post Evacuate Collection Set: 0.3ms
[2024-08-28T13:04:23.830+0000][info][gc,phases      ] GC(780)   Other: 0.2ms
[2024-08-28T13:04:23.830+0000][info][gc,heap        ] GC(780) Eden regions: 12->0(44)
[2024-08-28T13:04:23.830+0000][info][gc,heap        ] GC(780) Survivor regions: 7->7(7)
[2024-08-28T13:04:23.830+0000][info][gc,heap        ] GC(780) Old regions: 975->887
[2024-08-28T13:04:23.830+0000][info][gc,heap        ] GC(780) Archive regions: 2->2
[2024-08-28T13:04:23.830+0000][info][gc,heap        ] GC(780) Humongous regions: 5->5
[2024-08-28T13:04:23.830+0000][info][gc,metaspace   ] GC(780) Metaspace: 100K(320K)->100K(320K) NonClass: 96K(192K)->96K(192K) Class: 4K(128K)->4K(128K)
[2024-08-28T13:04:23.830+0000][info][gc             ] GC(780) Pause Young (Mixed) (G1 Preventive Collection) 990M->897M(1024M) 5.901ms
[2024-08-28T13:04:23.830+0000][info][gc,cpu         ] GC(780) User=0.12s Sys=0.00s Real=0.01s
[2024-08-28T13:04:23.855+0000][info][gc,start       ] GC(781) Pause Young (Mixed) (G1 Evacuation Pause)
[2024-08-28T13:04:23.855+0000][info][gc,task        ] GC(781) Using 24 workers of 68 for evacuation
[2024-08-28T13:04:23.866+0000][info][gc,phases      ] GC(781)   Pre Evacuate Collection Set: 0.2ms
[2024-08-28T13:04:23.866+0000][info][gc,phases      ] GC(781)   Merge Heap Roots: 0.3ms
[2024-08-28T13:04:23.866+0000][info][gc,phases      ] GC(781)   Evacuate Collection Set: 9.8ms
[2024-08-28T13:04:23.866+0000][info][gc,phases      ] GC(781)   Post Evacuate Collection Set: 0.4ms
[2024-08-28T13:04:23.866+0000][info][gc,phases      ] GC(781)   Other: 0.2ms
[2024-08-28T13:04:23.866+0000][info][gc,heap        ] GC(781) Eden regions: 44->0(44)
[2024-08-28T13:04:23.866+0000][info][gc,heap        ] GC(781) Survivor regions: 7->7(7)
[2024-08-28T13:04:23.866+0000][info][gc,heap        ] GC(781) Old regions: 887->828
[2024-08-28T13:04:23.866+0000][info][gc,heap        ] GC(781) Archive regions: 2->2
[2024-08-28T13:04:23.866+0000][info][gc,heap        ] GC(781) Humongous regions: 5->5
[2024-08-28T13:04:23.866+0000][info][gc,metaspace   ] GC(781) Metaspace: 100K(320K)->100K(320K) NonClass: 96K(192K)->96K(192K) Class: 4K(128K)->4K(128K)
[2024-08-28T13:04:23.866+0000][info][gc             ] GC(781) Pause Young (Mixed) (G1 Evacuation Pause) 941M->839M(1024M) 11.000ms
[2024-08-28T13:04:23.866+0000][info][gc,cpu         ] GC(781) User=0.24s Sys=0.00s Real=0.01s
[2024-08-28T13:04:23.891+0000][info][gc,start       ] GC(782) Pause Young (Mixed) (G1 Evacuation Pause)
[2024-08-28T13:04:23.891+0000][info][gc,task        ] GC(782) Using 24 workers of 68 for evacuation
[2024-08-28T13:04:23.905+0000][info][gc,phases      ] GC(782)   Pre Evacuate Collection Set: 0.2ms
[2024-08-28T13:04:23.905+0000][info][gc,phases      ] GC(782)   Merge Heap Roots: 0.4ms
[2024-08-28T13:04:23.905+0000][info][gc,phases      ] GC(782)   Evacuate Collection Set: 12.2ms
[2024-08-28T13:04:23.905+0000][info][gc,phases      ] GC(782)   Post Evacuate Collection Set: 0.4ms
[2024-08-28T13:04:23.905+0000][info][gc,phases      ] GC(782)   Other: 0.2ms
[2024-08-28T13:04:23.905+0000][info][gc,heap        ] GC(782) Eden regions: 44->0(44)
[2024-08-28T13:04:23.905+0000][info][gc,heap        ] GC(782) Survivor regions: 7->7(7)
[2024-08-28T13:04:23.905+0000][info][gc,heap        ] GC(782) Old regions: 828->788
[2024-08-28T13:04:23.905+0000][info][gc,heap        ] GC(782) Archive regions: 2->2
[2024-08-28T13:04:23.905+0000][info][gc,heap        ] GC(782) Humongous regions: 5->5
[2024-08-28T13:04:23.905+0000][info][gc,metaspace   ] GC(782) Metaspace: 100K(320K)->100K(320K) NonClass: 96K(192K)->96K(192K) Class: 4K(128K)->4K(128K)
[2024-08-28T13:04:23.905+0000][info][gc             ] GC(782) Pause Young (Mixed) (G1 Evacuation Pause) 883M->800M(1024M) 13.605ms
[2024-08-28T13:04:23.905+0000][info][gc,cpu         ] GC(782) User=0.31s Sys=0.00s Real=0.01s
[2024-08-28T13:04:23.929+0000][info][gc,start       ] GC(783) Pause Young (Mixed) (G1 Evacuation Pause)
[2024-08-28T13:04:23.929+0000][info][gc,task        ] GC(783) Using 24 workers of 68 for evacuation
[2024-08-28T13:04:23.942+0000][info][gc,phases      ] GC(783)   Pre Evacuate Collection Set: 0.2ms
[2024-08-28T13:04:23.942+0000][info][gc,phases      ] GC(783)   Merge Heap Roots: 0.3ms
[2024-08-28T13:04:23.943+0000][info][gc,phases      ] GC(783)   Evacuate Collection Set: 12.4ms
[2024-08-28T13:04:23.943+0000][info][gc,phases      ] GC(783)   Post Evacuate Collection Set: 0.3ms
[2024-08-28T13:04:23.943+0000][info][gc,phases      ] GC(783)   Other: 0.2ms
[2024-08-28T13:04:23.943+0000][info][gc,heap        ] GC(783) Eden regions: 44->0(44)
[2024-08-28T13:04:23.943+0000][info][gc,heap        ] GC(783) Survivor regions: 7->7(7)
[2024-08-28T13:04:23.943+0000][info][gc,heap        ] GC(783) Old regions: 788->809
[2024-08-28T13:04:23.943+0000][info][gc,heap        ] GC(783) Archive regions: 2->2
[2024-08-28T13:04:23.943+0000][info][gc,heap        ] GC(783) Humongous regions: 5->5
[2024-08-28T13:04:23.943+0000][info][gc,metaspace   ] GC(783) Metaspace: 100K(320K)->100K(320K) NonClass: 96K(192K)->96K(192K) Class: 4K(128K)->4K(128K)
[2024-08-28T13:04:23.943+0000][info][gc             ] GC(783) Pause Young (Mixed) (G1 Evacuation Pause) 844M->821M(1024M) 13.444ms
[2024-08-28T13:04:23.943+0000][info][gc,cpu         ] GC(783) User=0.30s Sys=0.00s Real=0.02s
[2024-08-28T13:04:23.967+0000][info][gc,start       ] GC(784) Pause Young (Concurrent Start) (G1 Evacuation Pause)
[2024-08-28T13:04:23.967+0000][info][gc,task        ] GC(784) Using 24 workers of 68 for evacuation
[2024-08-28T13:04:23.978+0000][info][gc,phases      ] GC(784)   Pre Evacuate Collection Set: 0.2ms
[2024-08-28T13:04:23.978+0000][info][gc,phases      ] GC(784)   Merge Heap Roots: 0.3ms
[2024-08-28T13:04:23.978+0000][info][gc,phases      ] GC(784)   Evacuate Collection Set: 9.9ms
[2024-08-28T13:04:23.978+0000][info][gc,phases      ] GC(784)   Post Evacuate Collection Set: 0.4ms
[2024-08-28T13:04:23.978+0000][info][gc,phases      ] GC(784)   Other: 0.6ms
[2024-08-28T13:04:23.978+0000][info][gc,heap        ] GC(784) Eden regions: 44->0(44)
[2024-08-28T13:04:23.978+0000][info][gc,heap        ] GC(784) Survivor regions: 7->7(7)
[2024-08-28T13:04:23.978+0000][info][gc,heap        ] GC(784) Old regions: 809->857
[2024-08-28T13:04:23.978+0000][info][gc,heap        ] GC(784) Archive regions: 2->2
[2024-08-28T13:04:23.978+0000][info][gc,heap        ] GC(784) Humongous regions: 5->5
[2024-08-28T13:04:23.978+0000][info][gc,metaspace   ] GC(784) Metaspace: 100K(320K)->100K(320K) NonClass: 96K(192K)->96K(192K) Class: 4K(128K)->4K(128K)
[2024-08-28T13:04:23.978+0000][info][gc             ] GC(784) Pause Young (Concurrent Start) (G1 Evacuation Pause) 865M->869M(1024M) 11.308ms
[2024-08-28T13:04:23.978+0000][info][gc,cpu         ] GC(784) User=0.23s Sys=0.02s Real=0.02s
[2024-08-28T13:04:23.978+0000][info][gc             ] GC(785) Concurrent Mark Cycle
[2024-08-28T13:04:23.978+0000][info][gc,marking     ] GC(785) Concurrent Clear Claimed Marks
[2024-08-28T13:04:23.978+0000][info][gc,marking     ] GC(785) Concurrent Clear Claimed Marks 0.010ms
[2024-08-28T13:04:23.978+0000][info][gc,marking     ] GC(785) Concurrent Scan Root Regions
[2024-08-28T13:04:23.980+0000][info][gc,marking     ] GC(785) Concurrent Scan Root Regions 1.581ms
[2024-08-28T13:04:23.980+0000][info][gc,marking     ] GC(785) Concurrent Mark
[2024-08-28T13:04:23.980+0000][info][gc,marking     ] GC(785) Concurrent Mark From Roots
[2024-08-28T13:04:23.980+0000][info][gc,task        ] GC(785) Using 17 workers of 17 for marking
[2024-08-28T13:04:24.003+0000][info][gc,marking     ] GC(785) Concurrent Mark From Roots 23.546ms
[2024-08-28T13:04:24.003+0000][info][gc,marking     ] GC(785) Concurrent Preclean
[2024-08-28T13:04:24.004+0000][info][gc,marking     ] GC(785) Concurrent Preclean 0.500ms
[2024-08-28T13:04:24.004+0000][info][gc,start       ] GC(785) Pause Remark
[2024-08-28T13:04:24.005+0000][info][gc             ] GC(785) Pause Remark 904M->904M(1024M) 1.300ms
[2024-08-28T13:04:24.005+0000][info][gc,cpu         ] GC(785) User=0.01s Sys=0.00s Real=0.00s
[2024-08-28T13:04:24.005+0000][info][gc,marking     ] GC(785) Concurrent Mark 25.719ms
[2024-08-28T13:04:24.005+0000][info][gc,marking     ] GC(785) Concurrent Rebuild Remembered Sets
[2024-08-28T13:04:24.011+0000][info][gc,start       ] GC(786) Pause Young (Normal) (G1 Evacuation Pause)
[2024-08-28T13:04:24.011+0000][info][gc,task        ] GC(786) Using 24 workers of 68 for evacuation
[2024-08-28T13:04:24.021+0000][info][gc,phases      ] GC(786)   Pre Evacuate Collection Set: 0.1ms
[2024-08-28T13:04:24.021+0000][info][gc,phases      ] GC(786)   Merge Heap Roots: 0.4ms
[2024-08-28T13:04:24.021+0000][info][gc,phases      ] GC(786)   Evacuate Collection Set: 9.5ms
[2024-08-28T13:04:24.021+0000][info][gc,phases      ] GC(786)   Post Evacuate Collection Set: 0.4ms
[2024-08-28T13:04:24.021+0000][info][gc,phases      ] GC(786)   Other: 0.2ms
[2024-08-28T13:04:24.021+0000][info][gc,heap        ] GC(786) Eden regions: 44->0(44)
[2024-08-28T13:04:24.021+0000][info][gc,heap        ] GC(786) Survivor regions: 7->7(7)
[2024-08-28T13:04:24.021+0000][info][gc,heap        ] GC(786) Old regions: 857->904
[2024-08-28T13:04:24.021+0000][info][gc,heap        ] GC(786) Archive regions: 2->2
[2024-08-28T13:04:24.021+0000][info][gc,heap        ] GC(786) Humongous regions: 5->5
[2024-08-28T13:04:24.021+0000][info][gc,metaspace   ] GC(786) Metaspace: 100K(320K)->100K(320K) NonClass: 96K(192K)->96K(192K) Class: 4K(128K)->4K(128K)
[2024-08-28T13:04:24.021+0000][info][gc             ] GC(786) Pause Young (Normal) (G1 Evacuation Pause) 913M->916M(1024M) 10.718ms
[2024-08-28T13:04:24.021+0000][info][gc,cpu         ] GC(786) User=0.24s Sys=0.00s Real=0.01s
[2024-08-28T13:04:24.046+0000][info][gc,start       ] GC(787) Pause Young (Normal) (G1 Evacuation Pause)
[2024-08-28T13:04:24.046+0000][info][gc,task        ] GC(787) Using 24 workers of 68 for evacuation
[2024-08-28T13:04:24.060+0000][info][gc,phases      ] GC(787)   Pre Evacuate Collection Set: 0.2ms
[2024-08-28T13:04:24.060+0000][info][gc,phases      ] GC(787)   Merge Heap Roots: 0.3ms
[2024-08-28T13:04:24.060+0000][info][gc,phases      ] GC(787)   Evacuate Collection Set: 12.8ms
[2024-08-28T13:04:24.060+0000][info][gc,phases      ] GC(787)   Post Evacuate Collection Set: 0.6ms
[2024-08-28T13:04:24.060+0000][info][gc,phases      ] GC(787)   Other: 0.2ms
[2024-08-28T13:04:24.060+0000][info][gc,heap        ] GC(787) Eden regions: 44->0(44)
[2024-08-28T13:04:24.060+0000][info][gc,heap        ] GC(787) Survivor regions: 7->7(7)
[2024-08-28T13:04:24.060+0000][info][gc,heap        ] GC(787) Old regions: 904->950
[2024-08-28T13:04:24.060+0000][info][gc,heap        ] GC(787) Archive regions: 2->2
[2024-08-28T13:04:24.060+0000][info][gc,heap        ] GC(787) Humongous regions: 5->5
[2024-08-28T13:04:24.060+0000][info][gc,metaspace   ] GC(787) Metaspace: 100K(320K)->100K(320K) NonClass: 96K(192K)->96K(192K) Class: 4K(128K)->4K(128K)
[2024-08-28T13:04:24.060+0000][info][gc             ] GC(787) Pause Young (Normal) (G1 Evacuation Pause) 960M->962M(1024M) 14.202ms
[2024-08-28T13:04:24.060+0000][info][gc,cpu         ] GC(787) User=0.32s Sys=0.00s Real=0.02s
[2024-08-28T13:04:24.078+0000][info][gc,start       ] GC(788) Pause Young (Normal) (G1 Preventive Collection)
[2024-08-28T13:04:24.078+0000][info][gc,task        ] GC(788) Using 24 workers of 68 for evacuation
[2024-08-28T13:04:24.092+0000][info][gc             ] GC(788) To-space exhausted
[2024-08-28T13:04:24.092+0000][info][gc,phases      ] GC(788)   Pre Evacuate Collection Set: 0.1ms
[2024-08-28T13:04:24.092+0000][info][gc,phases      ] GC(788)   Merge Heap Roots: 0.5ms
[2024-08-28T13:04:24.092+0000][info][gc,phases      ] GC(788)   Evacuate Collection Set: 13.0ms
[2024-08-28T13:04:24.092+0000][info][gc,phases      ] GC(788)   Post Evacuate Collection Set: 0.8ms
[2024-08-28T13:04:24.092+0000][info][gc,phases      ] GC(788)   Other: 0.2ms
[2024-08-28T13:04:24.092+0000][info][gc,heap        ] GC(788) Eden regions: 25->0(44)
[2024-08-28T13:04:24.092+0000][info][gc,heap        ] GC(788) Survivor regions: 7->7(7)
[2024-08-28T13:04:24.092+0000][info][gc,heap        ] GC(788) Old regions: 950->979
[2024-08-28T13:04:24.092+0000][info][gc,heap        ] GC(788) Archive regions: 2->2
[2024-08-28T13:04:24.092+0000][info][gc,heap        ] GC(788) Humongous regions: 5->5
[2024-08-28T13:04:24.092+0000][info][gc,metaspace   ] GC(788) Metaspace: 100K(320K)->100K(320K) NonClass: 96K(192K)->96K(192K) Class: 4K(128K)->4K(128K)
[2024-08-28T13:04:24.092+0000][info][gc             ] GC(788) Pause Young (Normal) (G1 Preventive Collection) 987M->991M(1024M) 14.724ms
[2024-08-28T13:04:24.092+0000][info][gc,cpu         ] GC(788) User=0.30s Sys=0.03s Real=0.01s
[2024-08-28T13:04:24.101+0000][info][gc,start       ] GC(789) Pause Young (Normal) (G1 Preventive Collection)
[2024-08-28T13:04:24.101+0000][info][gc,task        ] GC(789) Using 24 workers of 68 for evacuation
[2024-08-28T13:04:24.110+0000][info][gc             ] GC(789) To-space exhausted
[2024-08-28T13:04:24.110+0000][info][gc,phases      ] GC(789)   Pre Evacuate Collection Set: 0.1ms
[2024-08-28T13:04:24.110+0000][info][gc,phases      ] GC(789)   Merge Heap Roots: 0.5ms
[2024-08-28T13:04:24.110+0000][info][gc,phases      ] GC(789)   Evacuate Collection Set: 8.0ms
[2024-08-28T13:04:24.110+0000][info][gc,phases      ] GC(789)   Post Evacuate Collection Set: 0.8ms
[2024-08-28T13:04:24.110+0000][info][gc,phases      ] GC(789)   Other: 0.2ms
[2024-08-28T13:04:24.110+0000][info][gc,heap        ] GC(789) Eden regions: 11->0(44)
[2024-08-28T13:04:24.110+0000][info][gc,heap        ] GC(789) Survivor regions: 7->7(7)
[2024-08-28T13:04:24.110+0000][info][gc,heap        ] GC(789) Old regions: 979->1010
[2024-08-28T13:04:24.110+0000][info][gc,heap        ] GC(789) Archive regions: 2->2
[2024-08-28T13:04:24.110+0000][info][gc,heap        ] GC(789) Humongous regions: 5->5
[2024-08-28T13:04:24.110+0000][info][gc,metaspace   ] GC(789) Metaspace: 100K(320K)->100K(320K) NonClass: 96K(192K)->96K(192K) Class: 4K(128K)->4K(128K)
[2024-08-28T13:04:24.110+0000][info][gc             ] GC(789) Pause Young (Normal) (G1 Preventive Collection) 1002M->1022M(1024M) 9.654ms
[2024-08-28T13:04:24.110+0000][info][gc,cpu         ] GC(789) User=0.22s Sys=0.00s Real=0.01s
[2024-08-28T13:04:24.110+0000][info][gc,ergo        ] Attempting full compaction
[2024-08-28T13:04:24.110+0000][info][gc,task        ] GC(790) Using 24 workers of 68 for full compaction
[2024-08-28T13:04:24.111+0000][info][gc,start       ] GC(790) Pause Full (G1 Compaction Pause)
[2024-08-28T13:04:24.111+0000][info][gc,phases,start] GC(790) Phase 1: Mark live objects
[2024-08-28T13:04:24.128+0000][info][gc,phases      ] GC(790) Phase 1: Mark live objects 16.649ms
[2024-08-28T13:04:24.128+0000][info][gc,phases,start] GC(790) Phase 2: Prepare for compaction
[2024-08-28T13:04:24.137+0000][info][gc,phases      ] GC(790) Phase 2: Prepare for compaction 9.229ms
[2024-08-28T13:04:24.137+0000][info][gc,phases,start] GC(790) Phase 3: Adjust pointers
[2024-08-28T13:04:24.155+0000][info][gc,phases      ] GC(790) Phase 3: Adjust pointers 17.874ms
[2024-08-28T13:04:24.155+0000][info][gc,phases,start] GC(790) Phase 4: Compact heap
[2024-08-28T13:04:24.185+0000][info][gc,phases      ] GC(790) Phase 4: Compact heap 30.037ms
[2024-08-28T13:04:24.187+0000][info][gc,heap        ] GC(790) Eden regions: 0->0(150)
[2024-08-28T13:04:24.187+0000][info][gc,heap        ] GC(790) Survivor regions: 7->0(7)
[2024-08-28T13:04:24.187+0000][info][gc,heap        ] GC(790) Old regions: 1010->443
[2024-08-28T13:04:24.187+0000][info][gc,heap        ] GC(790) Archive regions: 2->2
[2024-08-28T13:04:24.187+0000][info][gc,heap        ] GC(790) Humongous regions: 5->5
[2024-08-28T13:04:24.187+0000][info][gc,metaspace   ] GC(790) Metaspace: 100K(320K)->100K(320K) NonClass: 96K(192K)->96K(192K) Class: 4K(128K)->4K(128K)
[2024-08-28T13:04:24.187+0000][info][gc             ] GC(790) Pause Full (G1 Compaction Pause) 1022M->435M(1024M) 76.059ms
[2024-08-28T13:04:24.187+0000][info][gc,cpu         ] GC(790) User=1.56s Sys=0.03s Real=0.07s
[2024-08-28T13:04:24.187+0000][info][gc,marking     ] GC(785) Concurrent Rebuild Remembered Sets 181.632ms
[2024-08-28T13:04:24.187+0000][info][gc,marking     ] GC(785) Concurrent Mark Abort
[2024-08-28T13:04:24.187+0000][info][gc             ] GC(785) Concurrent Mark Cycle 209.105ms
[2024-08-28T13:04:24.280+0000][info][gc,start       ] GC(791) Pause Young (Normal) (G1 Evacuation Pause)
[2024-08-28T13:04:24.280+0000][info][gc,task        ] GC(791) Using 24 workers of 68 for evacuation
[2024-08-28T13:04:24.303+0000][info][gc,phases      ] GC(791)   Pre Evacuate Collection Set: 0.2ms
[2024-08-28T13:04:24.303+0000][info][gc,phases      ] GC(791)   Merge Heap Roots: 0.4ms
[2024-08-28T13:04:24.303+0000][info][gc,phases      ] GC(791)   Evacuate Collection Set: 21.8ms
[2024-08-28T13:04:24.303+0000][info][gc,phases      ] GC(791)   Post Evacuate Collection Set: 0.4ms
[2024-08-28T13:04:24.303+0000][info][gc,phases      ] GC(791)   Other: 0.2ms
[2024-08-28T13:04:24.303+0000][info][gc,heap        ] GC(791) Eden regions: 150->0(103)
[2024-08-28T13:04:24.303+0000][info][gc,heap        ] GC(791) Survivor regions: 0->19(19)
[2024-08-28T13:04:24.303+0000][info][gc,heap        ] GC(791) Old regions: 443->570
[2024-08-28T13:04:24.303+0000][info][gc,heap        ] GC(791) Archive regions: 2->2
[2024-08-28T13:04:24.303+0000][info][gc,heap        ] GC(791) Humongous regions: 5->5
[2024-08-28T13:04:24.303+0000][info][gc,metaspace   ] GC(791) Metaspace: 100K(320K)->100K(320K) NonClass: 96K(192K)->96K(192K) Class: 4K(128K)->4K(128K)
[2024-08-28T13:04:24.303+0000][info][gc             ] GC(791) Pause Young (Normal) (G1 Evacuation Pause) 585M->581M(1024M) 23.014ms
[2024-08-28T13:04:24.303+0000][info][gc,cpu         ] GC(791) User=0.52s Sys=0.00s Real=0.02s
[2024-08-28T13:04:24.360+0000][info][gc,start       ] GC(792) Pause Young (Concurrent Start) (G1 Evacuation Pause)
[2024-08-28T13:04:24.360+0000][info][gc,task        ] GC(792) Using 24 workers of 68 for evacuation
[2024-08-28T13:04:24.382+0000][info][gc,phases      ] GC(792)   Pre Evacuate Collection Set: 0.2ms
[2024-08-28T13:04:24.382+0000][info][gc,phases      ] GC(792)   Merge Heap Roots: 0.4ms
[2024-08-28T13:04:24.382+0000][info][gc,phases      ] GC(792)   Evacuate Collection Set: 19.7ms
[2024-08-28T13:04:24.382+0000][info][gc,phases      ] GC(792)   Post Evacuate Collection Set: 0.4ms
[2024-08-28T13:04:24.382+0000][info][gc,phases      ] GC(792)   Other: 0.6ms
[2024-08-28T13:04:24.382+0000][info][gc,heap        ] GC(792) Eden regions: 103->0(70)
[2024-08-28T13:04:24.382+0000][info][gc,heap        ] GC(792) Survivor regions: 19->16(16)
[2024-08-28T13:04:24.382+0000][info][gc,heap        ] GC(792) Old regions: 570->677
[2024-08-28T13:04:24.382+0000][info][gc,heap        ] GC(792) Archive regions: 2->2
[2024-08-28T13:04:24.382+0000][info][gc,heap        ] GC(792) Humongous regions: 5->5
[2024-08-28T13:04:24.382+0000][info][gc,metaspace   ] GC(792) Metaspace: 100K(320K)->100K(320K) NonClass: 96K(192K)->96K(192K) Class: 4K(128K)->4K(128K)
[2024-08-28T13:04:24.382+0000][info][gc             ] GC(792) Pause Young (Concurrent Start) (G1 Evacuation Pause) 684M->685M(1024M) 21.373ms
[2024-08-28T13:04:24.382+0000][info][gc,cpu         ] GC(792) User=0.47s Sys=0.02s Real=0.02s
[2024-08-28T13:04:24.382+0000][info][gc             ] GC(793) Concurrent Mark Cycle
[2024-08-28T13:04:24.382+0000][info][gc,marking     ] GC(793) Concurrent Clear Claimed Marks
[2024-08-28T13:04:24.382+0000][info][gc,marking     ] GC(793) Concurrent Clear Claimed Marks 0.010ms
[2024-08-28T13:04:24.382+0000][info][gc,marking     ] GC(793) Concurrent Scan Root Regions
[2024-08-28T13:04:24.385+0000][info][gc,marking     ] GC(793) Concurrent Scan Root Regions 3.501ms
[2024-08-28T13:04:24.385+0000][info][gc,marking     ] GC(793) Concurrent Mark
[2024-08-28T13:04:24.385+0000][info][gc,marking     ] GC(793) Concurrent Mark From Roots
[2024-08-28T13:04:24.385+0000][info][gc,task        ] GC(793) Using 17 workers of 17 for marking
[2024-08-28T13:04:24.405+0000][info][gc,marking     ] GC(793) Concurrent Mark From Roots 19.559ms
[2024-08-28T13:04:24.405+0000][info][gc,marking     ] GC(793) Concurrent Preclean
[2024-08-28T13:04:24.407+0000][info][gc,marking     ] GC(793) Concurrent Preclean 1.559ms
[2024-08-28T13:04:24.407+0000][info][gc,start       ] GC(793) Pause Remark
[2024-08-28T13:04:24.408+0000][info][gc             ] GC(793) Pause Remark 718M->718M(1024M) 1.175ms
[2024-08-28T13:04:24.408+0000][info][gc,cpu         ] GC(793) User=0.01s Sys=0.00s Real=0.00s
[2024-08-28T13:04:24.408+0000][info][gc,marking     ] GC(793) Concurrent Mark 22.754ms
[2024-08-28T13:04:24.408+0000][info][gc,marking     ] GC(793) Concurrent Rebuild Remembered Sets
[2024-08-28T13:04:24.428+0000][info][gc,start       ] GC(794) Pause Young (Normal) (G1 Evacuation Pause)
[2024-08-28T13:04:24.428+0000][info][gc,task        ] GC(794) Using 24 workers of 68 for evacuation
[2024-08-28T13:04:24.445+0000][info][gc,phases      ] GC(794)   Pre Evacuate Collection Set: 0.1ms
[2024-08-28T13:04:24.445+0000][info][gc,phases      ] GC(794)   Merge Heap Roots: 0.3ms
[2024-08-28T13:04:24.445+0000][info][gc,phases      ] GC(794)   Evacuate Collection Set: 15.8ms
[2024-08-28T13:04:24.445+0000][info][gc,phases      ] GC(794)   Post Evacuate Collection Set: 0.5ms
[2024-08-28T13:04:24.445+0000][info][gc,phases      ] GC(794)   Other: 0.2ms
[2024-08-28T13:04:24.445+0000][info][gc,heap        ] GC(794) Eden regions: 70->0(46)
[2024-08-28T13:04:24.445+0000][info][gc,heap        ] GC(794) Survivor regions: 16->11(11)
[2024-08-28T13:04:24.445+0000][info][gc,heap        ] GC(794) Old regions: 677->756
[2024-08-28T13:04:24.445+0000][info][gc,heap        ] GC(794) Archive regions: 2->2
[2024-08-28T13:04:24.445+0000][info][gc,heap        ] GC(794) Humongous regions: 5->5
[2024-08-28T13:04:24.445+0000][info][gc,metaspace   ] GC(794) Metaspace: 100K(320K)->100K(320K) NonClass: 96K(192K)->96K(192K) Class: 4K(128K)->4K(128K)
[2024-08-28T13:04:24.445+0000][info][gc             ] GC(794) Pause Young (Normal) (G1 Evacuation Pause) 755M->759M(1024M) 17.023ms
[2024-08-28T13:04:24.445+0000][info][gc,cpu         ] GC(794) User=0.39s Sys=0.00s Real=0.02s
[2024-08-28T13:04:24.470+0000][info][gc,start       ] GC(795) Pause Young (Normal) (G1 Evacuation Pause)
[2024-08-28T13:04:24.470+0000][info][gc,task        ] GC(795) Using 24 workers of 68 for evacuation
[2024-08-28T13:04:24.489+0000][info][gc,phases      ] GC(795)   Pre Evacuate Collection Set: 0.1ms
[2024-08-28T13:04:24.489+0000][info][gc,phases      ] GC(795)   Merge Heap Roots: 0.5ms
[2024-08-28T13:04:24.489+0000][info][gc,phases      ] GC(795)   Evacuate Collection Set: 17.1ms
[2024-08-28T13:04:24.489+0000][info][gc,phases      ] GC(795)   Post Evacuate Collection Set: 0.6ms
[2024-08-28T13:04:24.489+0000][info][gc,phases      ] GC(795)   Other: 0.2ms
[2024-08-28T13:04:24.489+0000][info][gc,heap        ] GC(795) Eden regions: 46->0(43)
[2024-08-28T13:04:24.489+0000][info][gc,heap        ] GC(795) Survivor regions: 11->8(8)
[2024-08-28T13:04:24.489+0000][info][gc,heap        ] GC(795) Old regions: 756->810
[2024-08-28T13:04:24.489+0000][info][gc,heap        ] GC(795) Archive regions: 2->2
[2024-08-28T13:04:24.489+0000][info][gc,heap        ] GC(795) Humongous regions: 5->5
[2024-08-28T13:04:24.489+0000][info][gc,metaspace   ] GC(795) Metaspace: 100K(320K)->100K(320K) NonClass: 96K(192K)->96K(192K) Class: 4K(128K)->4K(128K)
[2024-08-28T13:04:24.489+0000][info][gc             ] GC(795) Pause Young (Normal) (G1 Evacuation Pause) 805M->810M(1024M) 18.559ms
[2024-08-28T13:04:24.489+0000][info][gc,cpu         ] GC(795) User=0.41s Sys=0.02s Real=0.01s
[2024-08-28T13:04:24.516+0000][info][gc,marking     ] GC(793) Concurrent Rebuild Remembered Sets 107.782ms
[2024-08-28T13:04:24.516+0000][info][gc,start       ] GC(793) Pause Cleanup
[2024-08-28T13:04:24.517+0000][info][gc             ] GC(793) Pause Cleanup 853M->853M(1024M) 1.138ms
[2024-08-28T13:04:24.517+0000][info][gc,cpu         ] GC(793) User=0.00s Sys=0.00s Real=0.00s
[2024-08-28T13:04:24.517+0000][info][gc,marking     ] GC(793) Concurrent Cleanup for Next Mark
[2024-08-28T13:04:24.518+0000][info][gc,start       ] GC(796) Pause Young (Prepare Mixed) (G1 Evacuation Pause)
[2024-08-28T13:04:24.518+0000][info][gc,task        ] GC(796) Using 24 workers of 68 for evacuation
[2024-08-28T13:04:24.532+0000][info][gc,phases      ] GC(796)   Pre Evacuate Collection Set: 0.1ms
[2024-08-28T13:04:24.532+0000][info][gc,phases      ] GC(796)   Merge Heap Roots: 0.5ms
[2024-08-28T13:04:24.532+0000][info][gc,phases      ] GC(796)   Evacuate Collection Set: 13.1ms
[2024-08-28T13:04:24.532+0000][info][gc,phases      ] GC(796)   Post Evacuate Collection Set: 0.3ms
[2024-08-28T13:04:24.532+0000][info][gc,phases      ] GC(796)   Other: 0.1ms
[2024-08-28T13:04:24.532+0000][info][gc,heap        ] GC(796) Eden regions: 43->0(44)
[2024-08-28T13:04:24.532+0000][info][gc,heap        ] GC(796) Survivor regions: 8->7(7)
[2024-08-28T13:04:24.532+0000][info][gc,heap        ] GC(796) Old regions: 810->858
[2024-08-28T13:04:24.532+0000][info][gc,heap        ] GC(796) Archive regions: 2->2
[2024-08-28T13:04:24.532+0000][info][gc,heap        ] GC(796) Humongous regions: 5->5
[2024-08-28T13:04:24.532+0000][info][gc,metaspace   ] GC(796) Metaspace: 100K(320K)->100K(320K) NonClass: 96K(192K)->96K(192K) Class: 4K(128K)->4K(128K)
[2024-08-28T13:04:24.532+0000][info][gc             ] GC(796) Pause Young (Prepare Mixed) (G1 Evacuation Pause) 853M->857M(1024M) 14.234ms
[2024-08-28T13:04:24.532+0000][info][gc,cpu         ] GC(796) User=0.32s Sys=0.01s Real=0.01s
[2024-08-28T13:04:24.533+0000][info][gc,marking     ] GC(793) Concurrent Cleanup for Next Mark 15.127ms
[2024-08-28T13:04:24.533+0000][info][gc             ] GC(793) Concurrent Mark Cycle 150.790ms
[2024-08-28T13:04:24.558+0000][info][gc,start       ] GC(797) Pause Young (Mixed) (G1 Evacuation Pause)
[2024-08-28T13:04:24.559+0000][info][gc,task        ] GC(797) Using 24 workers of 68 for evacuation
[2024-08-28T13:04:24.571+0000][info][gc,phases      ] GC(797)   Pre Evacuate Collection Set: 0.2ms
[2024-08-28T13:04:24.571+0000][info][gc,phases      ] GC(797)   Merge Heap Roots: 0.3ms
[2024-08-28T13:04:24.571+0000][info][gc,phases      ] GC(797)   Evacuate Collection Set: 11.4ms
[2024-08-28T13:04:24.571+0000][info][gc,phases      ] GC(797)   Post Evacuate Collection Set: 0.8ms
[2024-08-28T13:04:24.571+0000][info][gc,phases      ] GC(797)   Other: 0.2ms
[2024-08-28T13:04:24.571+0000][info][gc,heap        ] GC(797) Eden regions: 44->0(44)
[2024-08-28T13:04:24.571+0000][info][gc,heap        ] GC(797) Survivor regions: 7->7(7)
[2024-08-28T13:04:24.571+0000][info][gc,heap        ] GC(797) Old regions: 858->802
[2024-08-28T13:04:24.571+0000][info][gc,heap        ] GC(797) Archive regions: 2->2
[2024-08-28T13:04:24.571+0000][info][gc,heap        ] GC(797) Humongous regions: 5->5
[2024-08-28T13:04:24.571+0000][info][gc,metaspace   ] GC(797) Metaspace: 100K(320K)->100K(320K) NonClass: 96K(192K)->96K(192K) Class: 4K(128K)->4K(128K)
[2024-08-28T13:04:24.571+0000][info][gc             ] GC(797) Pause Young (Mixed) (G1 Evacuation Pause) 901M->809M(1024M) 13.012ms
[2024-08-28T13:04:24.572+0000][info][gc,cpu         ] GC(797) User=0.28s Sys=0.00s Real=0.01s
[2024-08-28T13:04:24.596+0000][info][gc,start       ] GC(798) Pause Young (Mixed) (G1 Evacuation Pause)
[2024-08-28T13:04:24.596+0000][info][gc,task        ] GC(798) Using 24 workers of 68 for evacuation
[2024-08-28T13:04:24.608+0000][info][gc,phases      ] GC(798)   Pre Evacuate Collection Set: 0.3ms
[2024-08-28T13:04:24.609+0000][info][gc,phases      ] GC(798)   Merge Heap Roots: 0.5ms
[2024-08-28T13:04:24.609+0000][info][gc,phases      ] GC(798)   Evacuate Collection Set: 10.9ms
[2024-08-28T13:04:24.609+0000][info][gc,phases      ] GC(798)   Post Evacuate Collection Set: 0.4ms
[2024-08-28T13:04:24.609+0000][info][gc,phases      ] GC(798)   Other: 0.3ms
[2024-08-28T13:04:24.609+0000][info][gc,heap        ] GC(798) Eden regions: 44->0(47)
[2024-08-28T13:04:24.609+0000][info][gc,heap        ] GC(798) Survivor regions: 7->7(7)
[2024-08-28T13:04:24.609+0000][info][gc,heap        ] GC(798) Old regions: 802->755
[2024-08-28T13:04:24.609+0000][info][gc,heap        ] GC(798) Archive regions: 2->2
[2024-08-28T13:04:24.609+0000][info][gc,heap        ] GC(798) Humongous regions: 5->5
[2024-08-28T13:04:24.609+0000][info][gc,metaspace   ] GC(798) Metaspace: 100K(320K)->100K(320K) NonClass: 96K(192K)->96K(192K) Class: 4K(128K)->4K(128K)
[2024-08-28T13:04:24.609+0000][info][gc             ] GC(798) Pause Young (Mixed) (G1 Evacuation Pause) 853M->765M(1024M) 12.367ms
[2024-08-28T13:04:24.609+0000][info][gc,cpu         ] GC(798) User=0.27s Sys=0.00s Real=0.01s
[2024-08-28T13:04:24.634+0000][info][gc,start       ] GC(799) Pause Young (Concurrent Start) (G1 Evacuation Pause)
[2024-08-28T13:04:24.634+0000][info][gc,task        ] GC(799) Using 24 workers of 68 for evacuation
[2024-08-28T13:04:24.645+0000][info][gc,phases      ] GC(799)   Pre Evacuate Collection Set: 0.2ms
[2024-08-28T13:04:24.645+0000][info][gc,phases      ] GC(799)   Merge Heap Roots: 0.4ms
[2024-08-28T13:04:24.645+0000][info][gc,phases      ] GC(799)   Evacuate Collection Set: 10.1ms
[2024-08-28T13:04:24.645+0000][info][gc,phases      ] GC(799)   Post Evacuate Collection Set: 0.4ms
[2024-08-28T13:04:24.645+0000][info][gc,phases      ] GC(799)   Other: 0.7ms
[2024-08-28T13:04:24.646+0000][info][gc,heap        ] GC(799) Eden regions: 47->0(44)
[2024-08-28T13:04:24.646+0000][info][gc,heap        ] GC(799) Survivor regions: 7->7(7)
[2024-08-28T13:04:24.646+0000][info][gc,heap        ] GC(799) Old regions: 755->806
[2024-08-28T13:04:24.646+0000][info][gc,heap        ] GC(799) Archive regions: 2->2
[2024-08-28T13:04:24.646+0000][info][gc,heap        ] GC(799) Humongous regions: 5->5
[2024-08-28T13:04:24.646+0000][info][gc,metaspace   ] GC(799) Metaspace: 100K(320K)->100K(320K) NonClass: 96K(192K)->96K(192K) Class: 4K(128K)->4K(128K)
[2024-08-28T13:04:24.646+0000][info][gc             ] GC(799) Pause Young (Concurrent Start) (G1 Evacuation Pause) 812M->815M(1024M) 11.765ms
[2024-08-28T13:04:24.646+0000][info][gc,cpu         ] GC(799) User=0.24s Sys=0.00s Real=0.01s
[2024-08-28T13:04:24.646+0000][info][gc             ] GC(800) Concurrent Mark Cycle
[2024-08-28T13:04:24.646+0000][info][gc,marking     ] GC(800) Concurrent Clear Claimed Marks
[2024-08-28T13:04:24.646+0000][info][gc,marking     ] GC(800) Concurrent Clear Claimed Marks 0.012ms
[2024-08-28T13:04:24.646+0000][info][gc,marking     ] GC(800) Concurrent Scan Root Regions
[2024-08-28T13:04:24.648+0000][info][gc,marking     ] GC(800) Concurrent Scan Root Regions 1.830ms
[2024-08-28T13:04:24.648+0000][info][gc,marking     ] GC(800) Concurrent Mark
[2024-08-28T13:04:24.648+0000][info][gc,marking     ] GC(800) Concurrent Mark From Roots
[2024-08-28T13:04:24.648+0000][info][gc,task        ] GC(800) Using 17 workers of 17 for marking
[2024-08-28T13:04:24.671+0000][info][gc,marking     ] GC(800) Concurrent Mark From Roots 23.230ms
[2024-08-28T13:04:24.671+0000][info][gc,marking     ] GC(800) Concurrent Preclean
[2024-08-28T13:04:24.671+0000][info][gc,marking     ] GC(800) Concurrent Preclean 0.499ms
[2024-08-28T13:04:24.672+0000][info][gc,start       ] GC(800) Pause Remark
[2024-08-28T13:04:24.673+0000][info][gc             ] GC(800) Pause Remark 850M->850M(1024M) 1.505ms
[2024-08-28T13:04:24.673+0000][info][gc,cpu         ] GC(800) User=0.01s Sys=0.00s Real=0.00s
[2024-08-28T13:04:24.673+0000][info][gc,marking     ] GC(800) Concurrent Mark 25.599ms
[2024-08-28T13:04:24.673+0000][info][gc,marking     ] GC(800) Concurrent Rebuild Remembered Sets
[2024-08-28T13:04:24.679+0000][info][gc,start       ] GC(801) Pause Young (Normal) (G1 Evacuation Pause)
[2024-08-28T13:04:24.679+0000][info][gc,task        ] GC(801) Using 24 workers of 68 for evacuation
[2024-08-28T13:04:24.690+0000][info][gc,phases      ] GC(801)   Pre Evacuate Collection Set: 0.2ms
[2024-08-28T13:04:24.690+0000][info][gc,phases      ] GC(801)   Merge Heap Roots: 0.4ms
[2024-08-28T13:04:24.690+0000][info][gc,phases      ] GC(801)   Evacuate Collection Set: 9.5ms
[2024-08-28T13:04:24.690+0000][info][gc,phases      ] GC(801)   Post Evacuate Collection Set: 0.5ms
[2024-08-28T13:04:24.690+0000][info][gc,phases      ] GC(801)   Other: 0.2ms
[2024-08-28T13:04:24.690+0000][info][gc,heap        ] GC(801) Eden regions: 44->0(44)
[2024-08-28T13:04:24.690+0000][info][gc,heap        ] GC(801) Survivor regions: 7->7(7)
[2024-08-28T13:04:24.690+0000][info][gc,heap        ] GC(801) Old regions: 806->852
[2024-08-28T13:04:24.690+0000][info][gc,heap        ] GC(801) Archive regions: 2->2
[2024-08-28T13:04:24.690+0000][info][gc,heap        ] GC(801) Humongous regions: 5->5
[2024-08-28T13:04:24.690+0000][info][gc,metaspace   ] GC(801) Metaspace: 100K(320K)->100K(320K) NonClass: 96K(192K)->96K(192K) Class: 4K(128K)->4K(128K)
[2024-08-28T13:04:24.690+0000][info][gc             ] GC(801) Pause Young (Normal) (G1 Evacuation Pause) 859M->861M(1024M) 10.861ms
[2024-08-28T13:04:24.690+0000][info][gc,cpu         ] GC(801) User=0.23s Sys=0.01s Real=0.01s
[2024-08-28T13:04:24.714+0000][info][gc,start       ] GC(802) Pause Young (Normal) (G1 Evacuation Pause)
[2024-08-28T13:04:24.714+0000][info][gc,task        ] GC(802) Using 24 workers of 68 for evacuation
[2024-08-28T13:04:24.729+0000][info][gc,phases      ] GC(802)   Pre Evacuate Collection Set: 0.2ms
[2024-08-28T13:04:24.729+0000][info][gc,phases      ] GC(802)   Merge Heap Roots: 0.5ms
[2024-08-28T13:04:24.729+0000][info][gc,phases      ] GC(802)   Evacuate Collection Set: 13.6ms
[2024-08-28T13:04:24.729+0000][info][gc,phases      ] GC(802)   Post Evacuate Collection Set: 0.5ms
[2024-08-28T13:04:24.729+0000][info][gc,phases      ] GC(802)   Other: 0.3ms
[2024-08-28T13:04:24.729+0000][info][gc,heap        ] GC(802) Eden regions: 44->0(44)
[2024-08-28T13:04:24.729+0000][info][gc,heap        ] GC(802) Survivor regions: 7->7(7)
[2024-08-28T13:04:24.729+0000][info][gc,heap        ] GC(802) Old regions: 852->899
[2024-08-28T13:04:24.729+0000][info][gc,heap        ] GC(802) Archive regions: 2->2
[2024-08-28T13:04:24.729+0000][info][gc,heap        ] GC(802) Humongous regions: 5->5
[2024-08-28T13:04:24.729+0000][info][gc,metaspace   ] GC(802) Metaspace: 100K(320K)->100K(320K) NonClass: 96K(192K)->96K(192K) Class: 4K(128K)->4K(128K)
[2024-08-28T13:04:24.729+0000][info][gc             ] GC(802) Pause Young (Normal) (G1 Evacuation Pause) 905M->909M(1024M) 15.043ms
[2024-08-28T13:04:24.729+0000][info][gc,cpu         ] GC(802) User=0.34s Sys=0.00s Real=0.01s
[2024-08-28T13:04:24.754+0000][info][gc,start       ] GC(803) Pause Young (Normal) (G1 Evacuation Pause)
[2024-08-28T13:04:24.754+0000][info][gc,task        ] GC(803) Using 24 workers of 68 for evacuation
[2024-08-28T13:04:24.768+0000][info][gc,phases      ] GC(803)   Pre Evacuate Collection Set: 0.1ms
[2024-08-28T13:04:24.768+0000][info][gc,phases      ] GC(803)   Merge Heap Roots: 0.5ms
[2024-08-28T13:04:24.768+0000][info][gc,phases      ] GC(803)   Evacuate Collection Set: 12.1ms
[2024-08-28T13:04:24.768+0000][info][gc,phases      ] GC(803)   Post Evacuate Collection Set: 0.6ms
[2024-08-28T13:04:24.768+0000][info][gc,phases      ] GC(803)   Other: 0.2ms
[2024-08-28T13:04:24.768+0000][info][gc,heap        ] GC(803) Eden regions: 44->0(44)
[2024-08-28T13:04:24.768+0000][info][gc,heap        ] GC(803) Survivor regions: 7->7(7)
[2024-08-28T13:04:24.768+0000][info][gc,heap        ] GC(803) Old regions: 899->946
[2024-08-28T13:04:24.768+0000][info][gc,heap        ] GC(803) Archive regions: 2->2
[2024-08-28T13:04:24.768+0000][info][gc,heap        ] GC(803) Humongous regions: 5->5
[2024-08-28T13:04:24.768+0000][info][gc,metaspace   ] GC(803) Metaspace: 100K(320K)->100K(320K) NonClass: 96K(192K)->96K(192K) Class: 4K(128K)->4K(128K)
[2024-08-28T13:04:24.768+0000][info][gc             ] GC(803) Pause Young (Normal) (G1 Evacuation Pause) 953M->956M(1024M) 13.660ms
[2024-08-28T13:04:24.768+0000][info][gc,cpu         ] GC(803) User=0.31s Sys=0.00s Real=0.01s
[2024-08-28T13:04:24.783+0000][info][gc,marking     ] GC(800) Concurrent Rebuild Remembered Sets 109.732ms
[2024-08-28T13:04:24.783+0000][info][gc,start       ] GC(800) Pause Cleanup
[2024-08-28T13:04:24.785+0000][info][gc             ] GC(800) Pause Cleanup 983M->983M(1024M) 1.562ms
[2024-08-28T13:04:24.785+0000][info][gc,cpu         ] GC(800) User=0.01s Sys=0.00s Real=0.00s
[2024-08-28T13:04:24.785+0000][info][gc,marking     ] GC(800) Concurrent Cleanup for Next Mark
[2024-08-28T13:04:24.785+0000][info][gc,start       ] GC(804) Pause Young (Prepare Mixed) (G1 Preventive Collection)
[2024-08-28T13:04:24.785+0000][info][gc,task        ] GC(804) Using 24 workers of 68 for evacuation
[2024-08-28T13:04:24.797+0000][info][gc             ] GC(804) To-space exhausted
[2024-08-28T13:04:24.797+0000][info][gc,phases      ] GC(804)   Pre Evacuate Collection Set: 0.1ms
[2024-08-28T13:04:24.797+0000][info][gc,phases      ] GC(804)   Merge Heap Roots: 0.4ms
[2024-08-28T13:04:24.797+0000][info][gc,phases      ] GC(804)   Evacuate Collection Set: 10.6ms
[2024-08-28T13:04:24.797+0000][info][gc,phases      ] GC(804)   Post Evacuate Collection Set: 0.7ms
[2024-08-28T13:04:24.797+0000][info][gc,phases      ] GC(804)   Other: 0.2ms
[2024-08-28T13:04:24.797+0000][info][gc,heap        ] GC(804) Eden regions: 27->0(44)
[2024-08-28T13:04:24.797+0000][info][gc,heap        ] GC(804) Survivor regions: 7->7(7)
[2024-08-28T13:04:24.797+0000][info][gc,heap        ] GC(804) Old regions: 946->1000
[2024-08-28T13:04:24.797+0000][info][gc,heap        ] GC(804) Archive regions: 2->2
[2024-08-28T13:04:24.797+0000][info][gc,heap        ] GC(804) Humongous regions: 5->5
[2024-08-28T13:04:24.797+0000][info][gc,metaspace   ] GC(804) Metaspace: 100K(320K)->100K(320K) NonClass: 96K(192K)->96K(192K) Class: 4K(128K)->4K(128K)
[2024-08-28T13:04:24.797+0000][info][gc             ] GC(804) Pause Young (Prepare Mixed) (G1 Preventive Collection) 983M->1010M(1024M) 12.023ms
[2024-08-28T13:04:24.797+0000][info][gc,cpu         ] GC(804) User=0.27s Sys=0.01s Real=0.01s
[2024-08-28T13:04:24.798+0000][info][gc,marking     ] GC(800) Concurrent Cleanup for Next Mark 12.956ms
[2024-08-28T13:04:24.798+0000][info][gc             ] GC(800) Concurrent Mark Cycle 152.170ms
[2024-08-28T13:04:24.798+0000][info][gc,start       ] GC(805) Pause Young (Mixed) (G1 Preventive Collection)
[2024-08-28T13:04:24.798+0000][info][gc,task        ] GC(805) Using 24 workers of 68 for evacuation
[2024-08-28T13:04:24.803+0000][info][gc             ] GC(805) To-space exhausted
[2024-08-28T13:04:24.803+0000][info][gc,phases      ] GC(805)   Pre Evacuate Collection Set: 0.1ms
[2024-08-28T13:04:24.803+0000][info][gc,phases      ] GC(805)   Merge Heap Roots: 0.3ms
[2024-08-28T13:04:24.803+0000][info][gc,phases      ] GC(805)   Evacuate Collection Set: 3.2ms
[2024-08-28T13:04:24.803+0000][info][gc,phases      ] GC(805)   Post Evacuate Collection Set: 0.6ms
[2024-08-28T13:04:24.803+0000][info][gc,phases      ] GC(805)   Other: 0.1ms
[2024-08-28T13:04:24.803+0000][info][gc,heap        ] GC(805) Eden regions: 1->0(49)
[2024-08-28T13:04:24.803+0000][info][gc,heap        ] GC(805) Survivor regions: 7->2(7)
[2024-08-28T13:04:24.803+0000][info][gc,heap        ] GC(805) Old regions: 1000->1004
[2024-08-28T13:04:24.803+0000][info][gc,heap        ] GC(805) Archive regions: 2->2
[2024-08-28T13:04:24.803+0000][info][gc,heap        ] GC(805) Humongous regions: 5->5
[2024-08-28T13:04:24.803+0000][info][gc,metaspace   ] GC(805) Metaspace: 100K(320K)->100K(320K) NonClass: 96K(192K)->96K(192K) Class: 4K(128K)->4K(128K)
[2024-08-28T13:04:24.803+0000][info][gc             ] GC(805) Pause Young (Mixed) (G1 Preventive Collection) 1011M->1008M(1024M) 4.446ms
[2024-08-28T13:04:24.803+0000][info][gc,cpu         ] GC(805) User=0.09s Sys=0.00s Real=0.00s
[2024-08-28T13:04:24.804+0000][info][gc,start       ] GC(806) Pause Young (Mixed) (G1 Preventive Collection)
[2024-08-28T13:04:24.804+0000][info][gc,task        ] GC(806) Using 24 workers of 68 for evacuation
[2024-08-28T13:04:24.808+0000][info][gc,phases      ] GC(806)   Pre Evacuate Collection Set: 0.2ms
[2024-08-28T13:04:24.808+0000][info][gc,phases      ] GC(806)   Merge Heap Roots: 0.3ms
[2024-08-28T13:04:24.808+0000][info][gc,phases      ] GC(806)   Evacuate Collection Set: 2.3ms
[2024-08-28T13:04:24.808+0000][info][gc,phases      ] GC(806)   Post Evacuate Collection Set: 0.3ms
[2024-08-28T13:04:24.808+0000][info][gc,phases      ] GC(806)   Other: 0.1ms
[2024-08-28T13:04:24.808+0000][info][gc,heap        ] GC(806) Eden regions: 3->0(46)
[2024-08-28T13:04:24.808+0000][info][gc,heap        ] GC(806) Survivor regions: 2->5(7)
[2024-08-28T13:04:24.808+0000][info][gc,heap        ] GC(806) Old regions: 1004->904
[2024-08-28T13:04:24.808+0000][info][gc,heap        ] GC(806) Archive regions: 2->2
[2024-08-28T13:04:24.808+0000][info][gc,heap        ] GC(806) Humongous regions: 5->5
[2024-08-28T13:04:24.808+0000][info][gc,metaspace   ] GC(806) Metaspace: 100K(320K)->100K(320K) NonClass: 96K(192K)->96K(192K) Class: 4K(128K)->4K(128K)
[2024-08-28T13:04:24.808+0000][info][gc             ] GC(806) Pause Young (Mixed) (G1 Preventive Collection) 1011M->912M(1024M) 3.259ms
[2024-08-28T13:04:24.808+0000][info][gc,cpu         ] GC(806) User=0.06s Sys=0.00s Real=0.00s
[2024-08-28T13:04:24.831+0000][info][gc,start       ] GC(807) Pause Young (Mixed) (G1 Evacuation Pause)
[2024-08-28T13:04:24.831+0000][info][gc,task        ] GC(807) Using 24 workers of 68 for evacuation
[2024-08-28T13:04:24.846+0000][info][gc             ] GC(807) To-space exhausted
[2024-08-28T13:04:24.846+0000][info][gc,phases      ] GC(807)   Pre Evacuate Collection Set: 0.2ms
[2024-08-28T13:04:24.846+0000][info][gc,phases      ] GC(807)   Merge Heap Roots: 0.4ms
[2024-08-28T13:04:24.846+0000][info][gc,phases      ] GC(807)   Evacuate Collection Set: 11.4ms
[2024-08-28T13:04:24.846+0000][info][gc,phases      ] GC(807)   Post Evacuate Collection Set: 2.2ms
[2024-08-28T13:04:24.846+0000][info][gc,phases      ] GC(807)   Other: 0.2ms
[2024-08-28T13:04:24.846+0000][info][gc,heap        ] GC(807) Eden regions: 46->0(44)
[2024-08-28T13:04:24.846+0000][info][gc,heap        ] GC(807) Survivor regions: 5->7(7)
[2024-08-28T13:04:24.846+0000][info][gc,heap        ] GC(807) Old regions: 904->1010
[2024-08-28T13:04:24.846+0000][info][gc,heap        ] GC(807) Archive regions: 2->2
[2024-08-28T13:04:24.846+0000][info][gc,heap        ] GC(807) Humongous regions: 5->5
[2024-08-28T13:04:24.846+0000][info][gc,metaspace   ] GC(807) Metaspace: 100K(320K)->100K(320K) NonClass: 96K(192K)->96K(192K) Class: 4K(128K)->4K(128K)
[2024-08-28T13:04:24.846+0000][info][gc             ] GC(807) Pause Young (Mixed) (G1 Evacuation Pause) 958M->1021M(1024M) 14.513ms
[2024-08-28T13:04:24.846+0000][info][gc,cpu         ] GC(807) User=0.25s Sys=0.07s Real=0.01s
[2024-08-28T13:04:24.846+0000][info][gc,ergo        ] Attempting full compaction
[2024-08-28T13:04:24.846+0000][info][gc,task        ] GC(808) Using 24 workers of 68 for full compaction
[2024-08-28T13:04:24.846+0000][info][gc,start       ] GC(808) Pause Full (G1 Compaction Pause)
[2024-08-28T13:04:24.846+0000][info][gc,phases,start] GC(808) Phase 1: Mark live objects
[2024-08-28T13:04:24.863+0000][info][gc,phases      ] GC(808) Phase 1: Mark live objects 16.202ms
[2024-08-28T13:04:24.863+0000][info][gc,phases,start] GC(808) Phase 2: Prepare for compaction
[2024-08-28T13:04:24.871+0000][info][gc,phases      ] GC(808) Phase 2: Prepare for compaction 8.741ms
[2024-08-28T13:04:24.871+0000][info][gc,phases,start] GC(808) Phase 3: Adjust pointers
[2024-08-28T13:04:24.888+0000][info][gc,phases      ] GC(808) Phase 3: Adjust pointers 16.220ms
[2024-08-28T13:04:24.888+0000][info][gc,phases,start] GC(808) Phase 4: Compact heap
[2024-08-28T13:04:24.916+0000][info][gc,phases      ] GC(808) Phase 4: Compact heap 28.259ms
[2024-08-28T13:04:24.918+0000][info][gc,heap        ] GC(808) Eden regions: 0->0(149)
[2024-08-28T13:04:24.918+0000][info][gc,heap        ] GC(808) Survivor regions: 7->0(7)
[2024-08-28T13:04:24.918+0000][info][gc,heap        ] GC(808) Old regions: 1010->444
[2024-08-28T13:04:24.918+0000][info][gc,heap        ] GC(808) Archive regions: 2->2
[2024-08-28T13:04:24.918+0000][info][gc,heap        ] GC(808) Humongous regions: 5->5
[2024-08-28T13:04:24.918+0000][info][gc,metaspace   ] GC(808) Metaspace: 100K(320K)->100K(320K) NonClass: 96K(192K)->96K(192K) Class: 4K(128K)->4K(128K)
[2024-08-28T13:04:24.918+0000][info][gc             ] GC(808) Pause Full (G1 Compaction Pause) 1021M->438M(1024M) 71.447ms
[2024-08-28T13:04:24.918+0000][info][gc,cpu         ] GC(808) User=1.54s Sys=0.00s Real=0.08s
[2024-08-28T13:04:25.005+0000][info][gc,start       ] GC(809) Pause Young (Normal) (G1 Evacuation Pause)
[2024-08-28T13:04:25.005+0000][info][gc,task        ] GC(809) Using 24 workers of 68 for evacuation
[2024-08-28T13:04:25.028+0000][info][gc,phases      ] GC(809)   Pre Evacuate Collection Set: 0.2ms
[2024-08-28T13:04:25.028+0000][info][gc,phases      ] GC(809)   Merge Heap Roots: 0.4ms
[2024-08-28T13:04:25.028+0000][info][gc,phases      ] GC(809)   Evacuate Collection Set: 21.5ms
[2024-08-28T13:04:25.028+0000][info][gc,phases      ] GC(809)   Post Evacuate Collection Set: 0.3ms
[2024-08-28T13:04:25.028+0000][info][gc,phases      ] GC(809)   Other: 0.2ms
[2024-08-28T13:04:25.028+0000][info][gc,heap        ] GC(809) Eden regions: 149->0(102)
[2024-08-28T13:04:25.028+0000][info][gc,heap        ] GC(809) Survivor regions: 0->19(19)
[2024-08-28T13:04:25.028+0000][info][gc,heap        ] GC(809) Old regions: 444->573
[2024-08-28T13:04:25.028+0000][info][gc,heap        ] GC(809) Archive regions: 2->2
[2024-08-28T13:04:25.028+0000][info][gc,heap        ] GC(809) Humongous regions: 5->5
[2024-08-28T13:04:25.028+0000][info][gc,metaspace   ] GC(809) Metaspace: 100K(320K)->100K(320K) NonClass: 96K(192K)->96K(192K) Class: 4K(128K)->4K(128K)
[2024-08-28T13:04:25.028+0000][info][gc             ] GC(809) Pause Young (Normal) (G1 Evacuation Pause) 587M->585M(1024M) 22.823ms
[2024-08-28T13:04:25.028+0000][info][gc,cpu         ] GC(809) User=0.52s Sys=0.01s Real=0.02s
[2024-08-28T13:04:25.084+0000][info][gc,start       ] GC(810) Pause Young (Normal) (G1 Evacuation Pause)
[2024-08-28T13:04:25.084+0000][info][gc,task        ] GC(810) Using 24 workers of 68 for evacuation
[2024-08-28T13:04:25.106+0000][info][gc,phases      ] GC(810)   Pre Evacuate Collection Set: 0.2ms
[2024-08-28T13:04:25.106+0000][info][gc,phases      ] GC(810)   Merge Heap Roots: 0.4ms
[2024-08-28T13:04:25.106+0000][info][gc,phases      ] GC(810)   Evacuate Collection Set: 20.4ms
[2024-08-28T13:04:25.106+0000][info][gc,phases      ] GC(810)   Post Evacuate Collection Set: 0.3ms
[2024-08-28T13:04:25.106+0000][info][gc,phases      ] GC(810)   Other: 0.3ms
[2024-08-28T13:04:25.106+0000][info][gc,heap        ] GC(810) Eden regions: 102->0(69)
[2024-08-28T13:04:25.106+0000][info][gc,heap        ] GC(810) Survivor regions: 19->16(16)
[2024-08-28T13:04:25.106+0000][info][gc,heap        ] GC(810) Old regions: 573->680
[2024-08-28T13:04:25.106+0000][info][gc,heap        ] GC(810) Archive regions: 2->2
[2024-08-28T13:04:25.106+0000][info][gc,heap        ] GC(810) Humongous regions: 5->5
[2024-08-28T13:04:25.106+0000][info][gc,metaspace   ] GC(810) Metaspace: 100K(320K)->100K(320K) NonClass: 96K(192K)->96K(192K) Class: 4K(128K)->4K(128K)
[2024-08-28T13:04:25.106+0000][info][gc             ] GC(810) Pause Young (Normal) (G1 Evacuation Pause) 687M->689M(1024M) 21.539ms
[2024-08-28T13:04:25.106+0000][info][gc,cpu         ] GC(810) User=0.49s Sys=0.01s Real=0.02s
[2024-08-28T13:04:25.144+0000][info][gc,start       ] GC(811) Pause Young (Concurrent Start) (G1 Evacuation Pause)
[2024-08-28T13:04:25.144+0000][info][gc,task        ] GC(811) Using 24 workers of 68 for evacuation
[2024-08-28T13:04:25.161+0000][info][gc,phases      ] GC(811)   Pre Evacuate Collection Set: 0.2ms
[2024-08-28T13:04:25.161+0000][info][gc,phases      ] GC(811)   Merge Heap Roots: 0.4ms
[2024-08-28T13:04:25.161+0000][info][gc,phases      ] GC(811)   Evacuate Collection Set: 15.5ms
[2024-08-28T13:04:25.161+0000][info][gc,phases      ] GC(811)   Post Evacuate Collection Set: 0.3ms
[2024-08-28T13:04:25.161+0000][info][gc,phases      ] GC(811)   Other: 0.9ms
[2024-08-28T13:04:25.161+0000][info][gc,heap        ] GC(811) Eden regions: 69->0(46)
[2024-08-28T13:04:25.161+0000][info][gc,heap        ] GC(811) Survivor regions: 16->11(11)
[2024-08-28T13:04:25.161+0000][info][gc,heap        ] GC(811) Old regions: 680->757
[2024-08-28T13:04:25.161+0000][info][gc,heap        ] GC(811) Archive regions: 2->2
[2024-08-28T13:04:25.161+0000][info][gc,heap        ] GC(811) Humongous regions: 5->5
[2024-08-28T13:04:25.161+0000][info][gc,metaspace   ] GC(811) Metaspace: 100K(320K)->100K(320K) NonClass: 96K(192K)->96K(192K) Class: 4K(128K)->4K(128K)
[2024-08-28T13:04:25.161+0000][info][gc             ] GC(811) Pause Young (Concurrent Start) (G1 Evacuation Pause) 758M->762M(1024M) 17.345ms
[2024-08-28T13:04:25.161+0000][info][gc,cpu         ] GC(811) User=0.38s Sys=0.00s Real=0.02s
[2024-08-28T13:04:25.161+0000][info][gc             ] GC(812) Concurrent Mark Cycle
[2024-08-28T13:04:25.161+0000][info][gc,marking     ] GC(812) Concurrent Clear Claimed Marks
[2024-08-28T13:04:25.161+0000][info][gc,marking     ] GC(812) Concurrent Clear Claimed Marks 0.010ms
[2024-08-28T13:04:25.161+0000][info][gc,marking     ] GC(812) Concurrent Scan Root Regions
[2024-08-28T13:04:25.164+0000][info][gc,marking     ] GC(812) Concurrent Scan Root Regions 2.477ms
[2024-08-28T13:04:25.164+0000][info][gc,marking     ] GC(812) Concurrent Mark
[2024-08-28T13:04:25.164+0000][info][gc,marking     ] GC(812) Concurrent Mark From Roots
[2024-08-28T13:04:25.164+0000][info][gc,task        ] GC(812) Using 17 workers of 17 for marking
[2024-08-28T13:04:25.185+0000][info][gc,marking     ] GC(812) Concurrent Mark From Roots 21.563ms
[2024-08-28T13:04:25.186+0000][info][gc,marking     ] GC(812) Concurrent Preclean
[2024-08-28T13:04:25.186+0000][info][gc,marking     ] GC(812) Concurrent Preclean 0.504ms
[2024-08-28T13:04:25.186+0000][info][gc,start       ] GC(812) Pause Remark
[2024-08-28T13:04:25.188+0000][info][gc             ] GC(812) Pause Remark 794M->794M(1024M) 1.325ms
[2024-08-28T13:04:25.188+0000][info][gc,cpu         ] GC(812) User=0.00s Sys=0.00s Real=0.00s
[2024-08-28T13:04:25.188+0000][info][gc,marking     ] GC(812) Concurrent Mark 23.771ms
[2024-08-28T13:04:25.188+0000][info][gc,marking     ] GC(812) Concurrent Rebuild Remembered Sets
[2024-08-28T13:04:25.195+0000][info][gc,start       ] GC(813) Pause Young (Normal) (G1 Evacuation Pause)
[2024-08-28T13:04:25.195+0000][info][gc,task        ] GC(813) Using 24 workers of 68 for evacuation
[2024-08-28T13:04:25.207+0000][info][gc,phases      ] GC(813)   Pre Evacuate Collection Set: 0.2ms
[2024-08-28T13:04:25.207+0000][info][gc,phases      ] GC(813)   Merge Heap Roots: 0.4ms
[2024-08-28T13:04:25.207+0000][info][gc,phases      ] GC(813)   Evacuate Collection Set: 11.0ms
[2024-08-28T13:04:25.207+0000][info][gc,phases      ] GC(813)   Post Evacuate Collection Set: 0.5ms
[2024-08-28T13:04:25.207+0000][info][gc,phases      ] GC(813)   Other: 0.2ms
[2024-08-28T13:04:25.207+0000][info][gc,heap        ] GC(813) Eden regions: 46->0(43)
[2024-08-28T13:04:25.207+0000][info][gc,heap        ] GC(813) Survivor regions: 11->8(8)
[2024-08-28T13:04:25.207+0000][info][gc,heap        ] GC(813) Old regions: 757->811
[2024-08-28T13:04:25.207+0000][info][gc,heap        ] GC(813) Archive regions: 2->2
[2024-08-28T13:04:25.207+0000][info][gc,heap        ] GC(813) Humongous regions: 5->5
[2024-08-28T13:04:25.207+0000][info][gc,metaspace   ] GC(813) Metaspace: 100K(320K)->100K(320K) NonClass: 96K(192K)->96K(192K) Class: 4K(128K)->4K(128K)
[2024-08-28T13:04:25.207+0000][info][gc             ] GC(813) Pause Young (Normal) (G1 Evacuation Pause) 808M->812M(1024M) 12.356ms
[2024-08-28T13:04:25.207+0000][info][gc,cpu         ] GC(813) User=0.27s Sys=0.00s Real=0.01s
[2024-08-28T13:04:25.231+0000][info][gc,start       ] GC(814) Pause Young (Normal) (G1 Evacuation Pause)
[2024-08-28T13:04:25.231+0000][info][gc,task        ] GC(814) Using 24 workers of 68 for evacuation
[2024-08-28T13:04:25.247+0000][info][gc,phases      ] GC(814)   Pre Evacuate Collection Set: 0.2ms
[2024-08-28T13:04:25.247+0000][info][gc,phases      ] GC(814)   Merge Heap Roots: 0.5ms
[2024-08-28T13:04:25.247+0000][info][gc,phases      ] GC(814)   Evacuate Collection Set: 14.6ms
[2024-08-28T13:04:25.247+0000][info][gc,phases      ] GC(814)   Post Evacuate Collection Set: 0.6ms
[2024-08-28T13:04:25.247+0000][info][gc,phases      ] GC(814)   Other: 0.3ms
[2024-08-28T13:04:25.247+0000][info][gc,heap        ] GC(814) Eden regions: 43->0(44)
[2024-08-28T13:04:25.247+0000][info][gc,heap        ] GC(814) Survivor regions: 8->7(7)
[2024-08-28T13:04:25.247+0000][info][gc,heap        ] GC(814) Old regions: 811->858
[2024-08-28T13:04:25.247+0000][info][gc,heap        ] GC(814) Archive regions: 2->2
[2024-08-28T13:04:25.247+0000][info][gc,heap        ] GC(814) Humongous regions: 5->5
[2024-08-28T13:04:25.247+0000][info][gc,metaspace   ] GC(814) Metaspace: 100K(320K)->100K(320K) NonClass: 96K(192K)->96K(192K) Class: 4K(128K)->4K(128K)
[2024-08-28T13:04:25.247+0000][info][gc             ] GC(814) Pause Young (Normal) (G1 Evacuation Pause) 855M->859M(1024M) 16.104ms
[2024-08-28T13:04:25.247+0000][info][gc,cpu         ] GC(814) User=0.37s Sys=0.00s Real=0.01s
[2024-08-28T13:04:25.271+0000][info][gc,start       ] GC(815) Pause Young (Normal) (G1 Evacuation Pause)
[2024-08-28T13:04:25.271+0000][info][gc,task        ] GC(815) Using 24 workers of 68 for evacuation
[2024-08-28T13:04:25.285+0000][info][gc,phases      ] GC(815)   Pre Evacuate Collection Set: 0.1ms
[2024-08-28T13:04:25.285+0000][info][gc,phases      ] GC(815)   Merge Heap Roots: 0.5ms
[2024-08-28T13:04:25.285+0000][info][gc,phases      ] GC(815)   Evacuate Collection Set: 12.0ms
[2024-08-28T13:04:25.285+0000][info][gc,phases      ] GC(815)   Post Evacuate Collection Set: 0.6ms
[2024-08-28T13:04:25.285+0000][info][gc,phases      ] GC(815)   Other: 0.2ms
[2024-08-28T13:04:25.285+0000][info][gc,heap        ] GC(815) Eden regions: 44->0(44)
[2024-08-28T13:04:25.285+0000][info][gc,heap        ] GC(815) Survivor regions: 7->7(7)
[2024-08-28T13:04:25.285+0000][info][gc,heap        ] GC(815) Old regions: 858->904
[2024-08-28T13:04:25.285+0000][info][gc,heap        ] GC(815) Archive regions: 2->2
[2024-08-28T13:04:25.285+0000][info][gc,heap        ] GC(815) Humongous regions: 5->5
[2024-08-28T13:04:25.285+0000][info][gc,metaspace   ] GC(815) Metaspace: 100K(320K)->100K(320K) NonClass: 96K(192K)->96K(192K) Class: 4K(128K)->4K(128K)
[2024-08-28T13:04:25.285+0000][info][gc             ] GC(815) Pause Young (Normal) (G1 Evacuation Pause) 903M->905M(1024M) 13.529ms
[2024-08-28T13:04:25.285+0000][info][gc,cpu         ] GC(815) User=0.31s Sys=0.00s Real=0.01s
[2024-08-28T13:04:25.300+0000][info][gc,marking     ] GC(812) Concurrent Rebuild Remembered Sets 111.987ms
[2024-08-28T13:04:25.300+0000][info][gc,start       ] GC(812) Pause Cleanup
[2024-08-28T13:04:25.301+0000][info][gc             ] GC(812) Pause Cleanup 931M->931M(1024M) 1.320ms
[2024-08-28T13:04:25.301+0000][info][gc,cpu         ] GC(812) User=0.00s Sys=0.00s Real=0.00s
[2024-08-28T13:04:25.301+0000][info][gc,marking     ] GC(812) Concurrent Cleanup for Next Mark
[2024-08-28T13:04:25.302+0000][info][gc,marking     ] GC(812) Concurrent Cleanup for Next Mark 0.803ms
[2024-08-28T13:04:25.302+0000][info][gc             ] GC(812) Concurrent Mark Cycle 140.811ms
[2024-08-28T13:04:25.313+0000][info][gc,start       ] GC(816) Pause Young (Prepare Mixed) (G1 Evacuation Pause)
[2024-08-28T13:04:25.313+0000][info][gc,task        ] GC(816) Using 24 workers of 68 for evacuation
[2024-08-28T13:04:25.327+0000][info][gc,phases      ] GC(816)   Pre Evacuate Collection Set: 0.1ms
[2024-08-28T13:04:25.327+0000][info][gc,phases      ] GC(816)   Merge Heap Roots: 0.4ms
[2024-08-28T13:04:25.327+0000][info][gc,phases      ] GC(816)   Evacuate Collection Set: 12.7ms
[2024-08-28T13:04:25.327+0000][info][gc,phases      ] GC(816)   Post Evacuate Collection Set: 0.3ms
[2024-08-28T13:04:25.327+0000][info][gc,phases      ] GC(816)   Other: 0.2ms
[2024-08-28T13:04:25.327+0000][info][gc,heap        ] GC(816) Eden regions: 44->0(44)
[2024-08-28T13:04:25.327+0000][info][gc,heap        ] GC(816) Survivor regions: 7->7(7)
[2024-08-28T13:04:25.327+0000][info][gc,heap        ] GC(816) Old regions: 904->951
[2024-08-28T13:04:25.327+0000][info][gc,heap        ] GC(816) Archive regions: 2->2
[2024-08-28T13:04:25.327+0000][info][gc,heap        ] GC(816) Humongous regions: 5->5
[2024-08-28T13:04:25.327+0000][info][gc,metaspace   ] GC(816) Metaspace: 100K(320K)->100K(320K) NonClass: 96K(192K)->96K(192K) Class: 4K(128K)->4K(128K)
[2024-08-28T13:04:25.327+0000][info][gc             ] GC(816) Pause Young (Prepare Mixed) (G1 Evacuation Pause) 949M->951M(1024M) 13.737ms
[2024-08-28T13:04:25.327+0000][info][gc,cpu         ] GC(816) User=0.31s Sys=0.00s Real=0.01s
[2024-08-28T13:04:25.340+0000][info][gc,start       ] GC(817) Pause Young (Mixed) (G1 Preventive Collection)
[2024-08-28T13:04:25.340+0000][info][gc,task        ] GC(817) Using 24 workers of 68 for evacuation
[2024-08-28T13:04:25.349+0000][info][gc,phases      ] GC(817)   Pre Evacuate Collection Set: 0.2ms
[2024-08-28T13:04:25.349+0000][info][gc,phases      ] GC(817)   Merge Heap Roots: 0.4ms
[2024-08-28T13:04:25.349+0000][info][gc,phases      ] GC(817)   Evacuate Collection Set: 7.7ms
[2024-08-28T13:04:25.349+0000][info][gc,phases      ] GC(817)   Post Evacuate Collection Set: 0.4ms
[2024-08-28T13:04:25.349+0000][info][gc,phases      ] GC(817)   Other: 0.2ms
[2024-08-28T13:04:25.349+0000][info][gc,heap        ] GC(817) Eden regions: 24->0(44)
[2024-08-28T13:04:25.349+0000][info][gc,heap        ] GC(817) Survivor regions: 7->7(7)
[2024-08-28T13:04:25.349+0000][info][gc,heap        ] GC(817) Old regions: 951->875
[2024-08-28T13:04:25.349+0000][info][gc,heap        ] GC(817) Archive regions: 2->2
[2024-08-28T13:04:25.349+0000][info][gc,heap        ] GC(817) Humongous regions: 5->5
[2024-08-28T13:04:25.349+0000][info][gc,metaspace   ] GC(817) Metaspace: 100K(320K)->100K(320K) NonClass: 96K(192K)->96K(192K) Class: 4K(128K)->4K(128K)
[2024-08-28T13:04:25.349+0000][info][gc             ] GC(817) Pause Young (Mixed) (G1 Preventive Collection) 975M->875M(1024M) 8.836ms
[2024-08-28T13:04:25.349+0000][info][gc,cpu         ] GC(817) User=0.19s Sys=0.00s Real=0.00s
[2024-08-28T13:04:25.374+0000][info][gc,start       ] GC(818) Pause Young (Mixed) (G1 Evacuation Pause)
[2024-08-28T13:04:25.374+0000][info][gc,task        ] GC(818) Using 24 workers of 68 for evacuation
[2024-08-28T13:04:25.385+0000][info][gc,phases      ] GC(818)   Pre Evacuate Collection Set: 0.2ms
[2024-08-28T13:04:25.385+0000][info][gc,phases      ] GC(818)   Merge Heap Roots: 0.3ms
[2024-08-28T13:04:25.385+0000][info][gc,phases      ] GC(818)   Evacuate Collection Set: 10.5ms
[2024-08-28T13:04:25.385+0000][info][gc,phases      ] GC(818)   Post Evacuate Collection Set: 0.4ms
[2024-08-28T13:04:25.385+0000][info][gc,phases      ] GC(818)   Other: 0.2ms
[2024-08-28T13:04:25.385+0000][info][gc,heap        ] GC(818) Eden regions: 44->0(44)
[2024-08-28T13:04:25.385+0000][info][gc,heap        ] GC(818) Survivor regions: 7->7(7)
[2024-08-28T13:04:25.385+0000][info][gc,heap        ] GC(818) Old regions: 875->817
[2024-08-28T13:04:25.385+0000][info][gc,heap        ] GC(818) Archive regions: 2->2
[2024-08-28T13:04:25.385+0000][info][gc,heap        ] GC(818) Humongous regions: 5->5
[2024-08-28T13:04:25.386+0000][info][gc,metaspace   ] GC(818) Metaspace: 100K(320K)->100K(320K) NonClass: 96K(192K)->96K(192K) Class: 4K(128K)->4K(128K)
[2024-08-28T13:04:25.386+0000][info][gc             ] GC(818) Pause Young (Mixed) (G1 Evacuation Pause) 919M->819M(1024M) 11.659ms
[2024-08-28T13:04:25.386+0000][info][gc,cpu         ] GC(818) User=0.25s Sys=0.00s Real=0.01s
[2024-08-28T13:04:25.409+0000][info][gc,start       ] GC(819) Pause Young (Mixed) (G1 Evacuation Pause)
[2024-08-28T13:04:25.409+0000][info][gc,task        ] GC(819) Using 24 workers of 68 for evacuation
[2024-08-28T13:04:25.422+0000][info][gc,phases      ] GC(819)   Pre Evacuate Collection Set: 0.2ms
[2024-08-28T13:04:25.422+0000][info][gc,phases      ] GC(819)   Merge Heap Roots: 0.5ms
[2024-08-28T13:04:25.422+0000][info][gc,phases      ] GC(819)   Evacuate Collection Set: 11.6ms
[2024-08-28T13:04:25.422+0000][info][gc,phases      ] GC(819)   Post Evacuate Collection Set: 0.3ms
[2024-08-28T13:04:25.422+0000][info][gc,phases      ] GC(819)   Other: 0.3ms
[2024-08-28T13:04:25.422+0000][info][gc,heap        ] GC(819) Eden regions: 44->0(44)
[2024-08-28T13:04:25.422+0000][info][gc,heap        ] GC(819) Survivor regions: 7->7(7)
[2024-08-28T13:04:25.422+0000][info][gc,heap        ] GC(819) Old regions: 817->797
[2024-08-28T13:04:25.422+0000][info][gc,heap        ] GC(819) Archive regions: 2->2
[2024-08-28T13:04:25.422+0000][info][gc,heap        ] GC(819) Humongous regions: 5->5
[2024-08-28T13:04:25.422+0000][info][gc,metaspace   ] GC(819) Metaspace: 100K(320K)->100K(320K) NonClass: 96K(192K)->96K(192K) Class: 4K(128K)->4K(128K)
[2024-08-28T13:04:25.422+0000][info][gc             ] GC(819) Pause Young (Mixed) (G1 Evacuation Pause) 863M->803M(1024M) 12.968ms
[2024-08-28T13:04:25.422+0000][info][gc,cpu         ] GC(819) User=0.29s Sys=0.00s Real=0.02s
[2024-08-28T13:04:25.446+0000][info][gc,start       ] GC(820) Pause Young (Concurrent Start) (G1 Evacuation Pause)
[2024-08-28T13:04:25.446+0000][info][gc,task        ] GC(820) Using 24 workers of 68 for evacuation
[2024-08-28T13:04:25.457+0000][info][gc,phases      ] GC(820)   Pre Evacuate Collection Set: 0.2ms
[2024-08-28T13:04:25.457+0000][info][gc,phases      ] GC(820)   Merge Heap Roots: 0.4ms
[2024-08-28T13:04:25.457+0000][info][gc,phases      ] GC(820)   Evacuate Collection Set: 9.9ms
[2024-08-28T13:04:25.457+0000][info][gc,phases      ] GC(820)   Post Evacuate Collection Set: 0.4ms
[2024-08-28T13:04:25.457+0000][info][gc,phases      ] GC(820)   Other: 0.6ms
[2024-08-28T13:04:25.457+0000][info][gc,heap        ] GC(820) Eden regions: 44->0(44)
[2024-08-28T13:04:25.457+0000][info][gc,heap        ] GC(820) Survivor regions: 7->7(7)
[2024-08-28T13:04:25.457+0000][info][gc,heap        ] GC(820) Old regions: 797->844
[2024-08-28T13:04:25.457+0000][info][gc,heap        ] GC(820) Archive regions: 2->2
[2024-08-28T13:04:25.458+0000][info][gc,heap        ] GC(820) Humongous regions: 5->5
[2024-08-28T13:04:25.458+0000][info][gc,metaspace   ] GC(820) Metaspace: 100K(320K)->100K(320K) NonClass: 96K(192K)->96K(192K) Class: 4K(128K)->4K(128K)
[2024-08-28T13:04:25.458+0000][info][gc             ] GC(820) Pause Young (Concurrent Start) (G1 Evacuation Pause) 847M->850M(1024M) 11.527ms
[2024-08-28T13:04:25.458+0000][info][gc,cpu         ] GC(820) User=0.25s Sys=0.01s Real=0.02s
[2024-08-28T13:04:25.458+0000][info][gc             ] GC(821) Concurrent Mark Cycle
[2024-08-28T13:04:25.458+0000][info][gc,marking     ] GC(821) Concurrent Clear Claimed Marks
[2024-08-28T13:04:25.458+0000][info][gc,marking     ] GC(821) Concurrent Clear Claimed Marks 0.015ms
[2024-08-28T13:04:25.458+0000][info][gc,marking     ] GC(821) Concurrent Scan Root Regions
[2024-08-28T13:04:25.460+0000][info][gc,marking     ] GC(821) Concurrent Scan Root Regions 1.885ms
[2024-08-28T13:04:25.460+0000][info][gc,marking     ] GC(821) Concurrent Mark
[2024-08-28T13:04:25.460+0000][info][gc,marking     ] GC(821) Concurrent Mark From Roots
[2024-08-28T13:04:25.460+0000][info][gc,task        ] GC(821) Using 17 workers of 17 for marking
[2024-08-28T13:04:25.484+0000][info][gc,marking     ] GC(821) Concurrent Mark From Roots 24.403ms
[2024-08-28T13:04:25.484+0000][info][gc,marking     ] GC(821) Concurrent Preclean
[2024-08-28T13:04:25.485+0000][info][gc,marking     ] GC(821) Concurrent Preclean 0.703ms
[2024-08-28T13:04:25.485+0000][info][gc,start       ] GC(821) Pause Remark
[2024-08-28T13:04:25.486+0000][info][gc             ] GC(821) Pause Remark 886M->886M(1024M) 1.363ms
[2024-08-28T13:04:25.487+0000][info][gc,cpu         ] GC(821) User=0.00s Sys=0.01s Real=0.00s
[2024-08-28T13:04:25.487+0000][info][gc,marking     ] GC(821) Concurrent Mark 26.922ms
[2024-08-28T13:04:25.487+0000][info][gc,marking     ] GC(821) Concurrent Rebuild Remembered Sets
[2024-08-28T13:04:25.491+0000][info][gc,start       ] GC(822) Pause Young (Normal) (G1 Evacuation Pause)
[2024-08-28T13:04:25.492+0000][info][gc,task        ] GC(822) Using 24 workers of 68 for evacuation
[2024-08-28T13:04:25.502+0000][info][gc,phases      ] GC(822)   Pre Evacuate Collection Set: 0.2ms
[2024-08-28T13:04:25.502+0000][info][gc,phases      ] GC(822)   Merge Heap Roots: 0.4ms
[2024-08-28T13:04:25.502+0000][info][gc,phases      ] GC(822)   Evacuate Collection Set: 9.6ms
[2024-08-28T13:04:25.502+0000][info][gc,phases      ] GC(822)   Post Evacuate Collection Set: 0.4ms
[2024-08-28T13:04:25.502+0000][info][gc,phases      ] GC(822)   Other: 0.2ms
[2024-08-28T13:04:25.502+0000][info][gc,heap        ] GC(822) Eden regions: 44->0(44)
[2024-08-28T13:04:25.502+0000][info][gc,heap        ] GC(822) Survivor regions: 7->7(7)
[2024-08-28T13:04:25.502+0000][info][gc,heap        ] GC(822) Old regions: 844->891
[2024-08-28T13:04:25.502+0000][info][gc,heap        ] GC(822) Archive regions: 2->2
[2024-08-28T13:04:25.502+0000][info][gc,heap        ] GC(822) Humongous regions: 5->5
[2024-08-28T13:04:25.502+0000][info][gc,metaspace   ] GC(822) Metaspace: 100K(320K)->100K(320K) NonClass: 96K(192K)->96K(192K) Class: 4K(128K)->4K(128K)
[2024-08-28T13:04:25.502+0000][info][gc             ] GC(822) Pause Young (Normal) (G1 Evacuation Pause) 894M->897M(1024M) 10.787ms
[2024-08-28T13:04:25.502+0000][info][gc,cpu         ] GC(822) User=0.24s Sys=0.00s Real=0.01s
[2024-08-28T13:04:25.526+0000][info][gc,start       ] GC(823) Pause Young (Normal) (G1 Evacuation Pause)
[2024-08-28T13:04:25.526+0000][info][gc,task        ] GC(823) Using 24 workers of 68 for evacuation
[2024-08-28T13:04:25.542+0000][info][gc,phases      ] GC(823)   Pre Evacuate Collection Set: 0.2ms
[2024-08-28T13:04:25.542+0000][info][gc,phases      ] GC(823)   Merge Heap Roots: 0.5ms
[2024-08-28T13:04:25.542+0000][info][gc,phases      ] GC(823)   Evacuate Collection Set: 14.4ms
[2024-08-28T13:04:25.542+0000][info][gc,phases      ] GC(823)   Post Evacuate Collection Set: 0.6ms
[2024-08-28T13:04:25.542+0000][info][gc,phases      ] GC(823)   Other: 0.2ms
[2024-08-28T13:04:25.542+0000][info][gc,heap        ] GC(823) Eden regions: 44->0(44)
[2024-08-28T13:04:25.542+0000][info][gc,heap        ] GC(823) Survivor regions: 7->7(7)
[2024-08-28T13:04:25.542+0000][info][gc,heap        ] GC(823) Old regions: 891->937
[2024-08-28T13:04:25.542+0000][info][gc,heap        ] GC(823) Archive regions: 2->2
[2024-08-28T13:04:25.542+0000][info][gc,heap        ] GC(823) Humongous regions: 5->5
[2024-08-28T13:04:25.542+0000][info][gc,metaspace   ] GC(823) Metaspace: 100K(320K)->100K(320K) NonClass: 96K(192K)->96K(192K) Class: 4K(128K)->4K(128K)
[2024-08-28T13:04:25.542+0000][info][gc             ] GC(823) Pause Young (Normal) (G1 Evacuation Pause) 941M->943M(1024M) 15.909ms
[2024-08-28T13:04:25.542+0000][info][gc,cpu         ] GC(823) User=0.35s Sys=0.01s Real=0.02s
[2024-08-28T13:04:25.560+0000][info][gc,start       ] GC(824) Pause Young (Normal) (G1 Preventive Collection)
[2024-08-28T13:04:25.560+0000][info][gc,task        ] GC(824) Using 24 workers of 68 for evacuation
[2024-08-28T13:04:25.573+0000][info][gc,phases      ] GC(824)   Pre Evacuate Collection Set: 0.1ms
[2024-08-28T13:04:25.573+0000][info][gc,phases      ] GC(824)   Merge Heap Roots: 0.5ms
[2024-08-28T13:04:25.573+0000][info][gc,phases      ] GC(824)   Evacuate Collection Set: 11.9ms
[2024-08-28T13:04:25.573+0000][info][gc,phases      ] GC(824)   Post Evacuate Collection Set: 0.6ms
[2024-08-28T13:04:25.573+0000][info][gc,phases      ] GC(824)   Other: 0.2ms
[2024-08-28T13:04:25.573+0000][info][gc,heap        ] GC(824) Eden regions: 31->0(44)
[2024-08-28T13:04:25.573+0000][info][gc,heap        ] GC(824) Survivor regions: 7->7(7)
[2024-08-28T13:04:25.573+0000][info][gc,heap        ] GC(824) Old regions: 937->972
[2024-08-28T13:04:25.573+0000][info][gc,heap        ] GC(824) Archive regions: 2->2
[2024-08-28T13:04:25.573+0000][info][gc,heap        ] GC(824) Humongous regions: 5->5
[2024-08-28T13:04:25.573+0000][info][gc,metaspace   ] GC(824) Metaspace: 100K(320K)->100K(320K) NonClass: 96K(192K)->96K(192K) Class: 4K(128K)->4K(128K)
[2024-08-28T13:04:25.573+0000][info][gc             ] GC(824) Pause Young (Normal) (G1 Preventive Collection) 974M->978M(1024M) 13.382ms
[2024-08-28T13:04:25.573+0000][info][gc,cpu         ] GC(824) User=0.30s Sys=0.00s Real=0.01s
[2024-08-28T13:04:25.582+0000][info][gc,start       ] GC(825) Pause Young (Normal) (G1 Preventive Collection)
[2024-08-28T13:04:25.582+0000][info][gc,task        ] GC(825) Using 24 workers of 68 for evacuation
[2024-08-28T13:04:25.592+0000][info][gc,phases      ] GC(825)   Pre Evacuate Collection Set: 0.1ms
[2024-08-28T13:04:25.592+0000][info][gc,phases      ] GC(825)   Merge Heap Roots: 0.5ms
[2024-08-28T13:04:25.593+0000][info][gc,phases      ] GC(825)   Evacuate Collection Set: 9.3ms
[2024-08-28T13:04:25.593+0000][info][gc,phases      ] GC(825)   Post Evacuate Collection Set: 0.6ms
[2024-08-28T13:04:25.593+0000][info][gc,phases      ] GC(825)   Other: 0.2ms
[2024-08-28T13:04:25.593+0000][info][gc,heap        ] GC(825) Eden regions: 14->0(44)
[2024-08-28T13:04:25.593+0000][info][gc,heap        ] GC(825) Survivor regions: 7->7(7)
[2024-08-28T13:04:25.593+0000][info][gc,heap        ] GC(825) Old regions: 972->989
[2024-08-28T13:04:25.593+0000][info][gc,heap        ] GC(825) Archive regions: 2->2
[2024-08-28T13:04:25.593+0000][info][gc,heap        ] GC(825) Humongous regions: 5->5
[2024-08-28T13:04:25.593+0000][info][gc,metaspace   ] GC(825) Metaspace: 100K(320K)->100K(320K) NonClass: 96K(192K)->96K(192K) Class: 4K(128K)->4K(128K)
[2024-08-28T13:04:25.593+0000][info][gc             ] GC(825) Pause Young (Normal) (G1 Preventive Collection) 992M->995M(1024M) 10.747ms
[2024-08-28T13:04:25.593+0000][info][gc,cpu         ] GC(825) User=0.24s Sys=0.00s Real=0.01s
[2024-08-28T13:04:25.596+0000][info][gc,start       ] GC(826) Pause Young (Normal) (G1 Preventive Collection)
[2024-08-28T13:04:25.596+0000][info][gc,task        ] GC(826) Using 24 workers of 68 for evacuation
[2024-08-28T13:04:25.605+0000][info][gc             ] GC(826) To-space exhausted
[2024-08-28T13:04:25.605+0000][info][gc,phases      ] GC(826)   Pre Evacuate Collection Set: 0.1ms
[2024-08-28T13:04:25.605+0000][info][gc,phases      ] GC(826)   Merge Heap Roots: 0.6ms
[2024-08-28T13:04:25.605+0000][info][gc,phases      ] GC(826)   Evacuate Collection Set: 7.3ms
[2024-08-28T13:04:25.605+0000][info][gc,phases      ] GC(826)   Post Evacuate Collection Set: 0.6ms
[2024-08-28T13:04:25.605+0000][info][gc,phases      ] GC(826)   Other: 0.2ms
[2024-08-28T13:04:25.605+0000][info][gc,heap        ] GC(826) Eden regions: 6->0(44)
[2024-08-28T13:04:25.605+0000][info][gc,heap        ] GC(826) Survivor regions: 7->7(7)
[2024-08-28T13:04:25.605+0000][info][gc,heap        ] GC(826) Old regions: 989->1000
[2024-08-28T13:04:25.605+0000][info][gc,heap        ] GC(826) Archive regions: 2->2
[2024-08-28T13:04:25.605+0000][info][gc,heap        ] GC(826) Humongous regions: 5->5
[2024-08-28T13:04:25.605+0000][info][gc,metaspace   ] GC(826) Metaspace: 100K(320K)->100K(320K) NonClass: 96K(192K)->96K(192K) Class: 4K(128K)->4K(128K)
[2024-08-28T13:04:25.605+0000][info][gc             ] GC(826) Pause Young (Normal) (G1 Preventive Collection) 1001M->1006M(1024M) 8.821ms
[2024-08-28T13:04:25.605+0000][info][gc,cpu         ] GC(826) User=0.19s Sys=0.00s Real=0.01s
[2024-08-28T13:04:25.606+0000][info][gc,start       ] GC(827) Pause Young (Normal) (G1 Preventive Collection)
[2024-08-28T13:04:25.606+0000][info][gc,task        ] GC(827) Using 24 workers of 68 for evacuation
[2024-08-28T13:04:25.614+0000][info][gc,phases      ] GC(827)   Pre Evacuate Collection Set: 0.1ms
[2024-08-28T13:04:25.614+0000][info][gc,phases      ] GC(827)   Merge Heap Roots: 0.5ms
[2024-08-28T13:04:25.614+0000][info][gc,phases      ] GC(827)   Evacuate Collection Set: 6.2ms
[2024-08-28T13:04:25.614+0000][info][gc,phases      ] GC(827)   Post Evacuate Collection Set: 0.5ms
[2024-08-28T13:04:25.614+0000][info][gc,phases      ] GC(827)   Other: 0.1ms
[2024-08-28T13:04:25.614+0000][info][gc,heap        ] GC(827) Eden regions: 1->0(49)
[2024-08-28T13:04:25.614+0000][info][gc,heap        ] GC(827) Survivor regions: 7->2(7)
[2024-08-28T13:04:25.614+0000][info][gc,heap        ] GC(827) Old regions: 1000->1007
[2024-08-28T13:04:25.614+0000][info][gc,heap        ] GC(827) Archive regions: 2->2
[2024-08-28T13:04:25.614+0000][info][gc,heap        ] GC(827) Humongous regions: 5->5
[2024-08-28T13:04:25.614+0000][info][gc,metaspace   ] GC(827) Metaspace: 100K(320K)->100K(320K) NonClass: 96K(192K)->96K(192K) Class: 4K(128K)->4K(128K)
[2024-08-28T13:04:25.614+0000][info][gc             ] GC(827) Pause Young (Normal) (G1 Preventive Collection) 1007M->1008M(1024M) 7.595ms
[2024-08-28T13:04:25.614+0000][info][gc,cpu         ] GC(827) User=0.16s Sys=0.00s Real=0.01s
[2024-08-28T13:04:25.615+0000][info][gc,start       ] GC(828) Pause Young (Normal) (G1 Preventive Collection)
[2024-08-28T13:04:25.615+0000][info][gc,task        ] GC(828) Using 24 workers of 68 for evacuation
[2024-08-28T13:04:25.622+0000][info][gc,phases      ] GC(828)   Pre Evacuate Collection Set: 0.2ms
[2024-08-28T13:04:25.622+0000][info][gc,phases      ] GC(828)   Merge Heap Roots: 0.5ms
[2024-08-28T13:04:25.622+0000][info][gc,phases      ] GC(828)   Evacuate Collection Set: 5.8ms
[2024-08-28T13:04:25.622+0000][info][gc,phases      ] GC(828)   Post Evacuate Collection Set: 0.5ms
[2024-08-28T13:04:25.622+0000][info][gc,phases      ] GC(828)   Other: 0.1ms
[2024-08-28T13:04:25.622+0000][info][gc,heap        ] GC(828) Eden regions: 2->0(47)
[2024-08-28T13:04:25.622+0000][info][gc,heap        ] GC(828) Survivor regions: 2->4(6)
[2024-08-28T13:04:25.622+0000][info][gc,heap        ] GC(828) Old regions: 1007->1007
[2024-08-28T13:04:25.622+0000][info][gc,heap        ] GC(828) Archive regions: 2->2
[2024-08-28T13:04:25.622+0000][info][gc,heap        ] GC(828) Humongous regions: 5->5
[2024-08-28T13:04:25.622+0000][info][gc,metaspace   ] GC(828) Metaspace: 100K(320K)->100K(320K) NonClass: 96K(192K)->96K(192K) Class: 4K(128K)->4K(128K)
[2024-08-28T13:04:25.622+0000][info][gc             ] GC(828) Pause Young (Normal) (G1 Preventive Collection) 1010M->1010M(1024M) 7.125ms
[2024-08-28T13:04:25.622+0000][info][gc,cpu         ] GC(828) User=0.15s Sys=0.00s Real=0.01s
[2024-08-28T13:04:25.623+0000][info][gc,start       ] GC(829) Pause Young (Normal) (G1 Preventive Collection)
[2024-08-28T13:04:25.623+0000][info][gc,task        ] GC(829) Using 24 workers of 68 for evacuation
[2024-08-28T13:04:25.630+0000][info][gc,phases      ] GC(829)   Pre Evacuate Collection Set: 0.1ms
[2024-08-28T13:04:25.630+0000][info][gc,phases      ] GC(829)   Merge Heap Roots: 0.4ms
[2024-08-28T13:04:25.630+0000][info][gc,phases      ] GC(829)   Evacuate Collection Set: 5.7ms
[2024-08-28T13:04:25.630+0000][info][gc,phases      ] GC(829)   Post Evacuate Collection Set: 0.5ms
[2024-08-28T13:04:25.630+0000][info][gc,phases      ] GC(829)   Other: 0.1ms
[2024-08-28T13:04:25.630+0000][info][gc,heap        ] GC(829) Eden regions: 1->0(46)
[2024-08-28T13:04:25.630+0000][info][gc,heap        ] GC(829) Survivor regions: 4->5(5)
[2024-08-28T13:04:25.630+0000][info][gc,heap        ] GC(829) Old regions: 1007->1007
[2024-08-28T13:04:25.630+0000][info][gc,heap        ] GC(829) Archive regions: 2->2
[2024-08-28T13:04:25.630+0000][info][gc,heap        ] GC(829) Humongous regions: 5->5
[2024-08-28T13:04:25.630+0000][info][gc,metaspace   ] GC(829) Metaspace: 100K(320K)->100K(320K) NonClass: 96K(192K)->96K(192K) Class: 4K(128K)->4K(128K)
[2024-08-28T13:04:25.630+0000][info][gc             ] GC(829) Pause Young (Normal) (G1 Preventive Collection) 1011M->1011M(1024M) 6.928ms
[2024-08-28T13:04:25.630+0000][info][gc,cpu         ] GC(829) User=0.16s Sys=0.00s Real=0.01s
[2024-08-28T13:04:25.631+0000][info][gc,start       ] GC(830) Pause Young (Normal) (G1 Preventive Collection)
[2024-08-28T13:04:25.631+0000][info][gc,task        ] GC(830) Using 24 workers of 68 for evacuation
[2024-08-28T13:04:25.639+0000][info][gc             ] GC(830) To-space exhausted
[2024-08-28T13:04:25.639+0000][info][gc,phases      ] GC(830)   Pre Evacuate Collection Set: 0.1ms
[2024-08-28T13:04:25.639+0000][info][gc,phases      ] GC(830)   Merge Heap Roots: 0.6ms
[2024-08-28T13:04:25.639+0000][info][gc,phases      ] GC(830)   Evacuate Collection Set: 5.9ms
[2024-08-28T13:04:25.639+0000][info][gc,phases      ] GC(830)   Post Evacuate Collection Set: 0.8ms
[2024-08-28T13:04:25.639+0000][info][gc,phases      ] GC(830)   Other: 0.2ms
[2024-08-28T13:04:25.639+0000][info][gc,heap        ] GC(830) Eden regions: 1->0(48)
[2024-08-28T13:04:25.639+0000][info][gc,heap        ] GC(830) Survivor regions: 5->3(4)
[2024-08-28T13:04:25.639+0000][info][gc,heap        ] GC(830) Old regions: 1007->1012
[2024-08-28T13:04:25.639+0000][info][gc,heap        ] GC(830) Archive regions: 2->2
[2024-08-28T13:04:25.639+0000][info][gc,heap        ] GC(830) Humongous regions: 5->5
[2024-08-28T13:04:25.639+0000][info][gc,metaspace   ] GC(830) Metaspace: 100K(320K)->100K(320K) NonClass: 96K(192K)->96K(192K) Class: 4K(128K)->4K(128K)
[2024-08-28T13:04:25.639+0000][info][gc             ] GC(830) Pause Young (Normal) (G1 Preventive Collection) 1012M->1014M(1024M) 7.669ms
[2024-08-28T13:04:25.639+0000][info][gc,cpu         ] GC(830) User=0.16s Sys=0.00s Real=0.01s
[2024-08-28T13:04:25.640+0000][info][gc,start       ] GC(831) Pause Young (Normal) (G1 Preventive Collection)
[2024-08-28T13:04:25.640+0000][info][gc,task        ] GC(831) Using 24 workers of 68 for evacuation
[2024-08-28T13:04:25.647+0000][info][gc             ] GC(831) To-space exhausted
[2024-08-28T13:04:25.647+0000][info][gc,phases      ] GC(831)   Pre Evacuate Collection Set: 0.1ms
[2024-08-28T13:04:25.647+0000][info][gc,phases      ] GC(831)   Merge Heap Roots: 0.6ms
[2024-08-28T13:04:25.647+0000][info][gc,phases      ] GC(831)   Evacuate Collection Set: 5.5ms
[2024-08-28T13:04:25.647+0000][info][gc,phases      ] GC(831)   Post Evacuate Collection Set: 0.9ms
[2024-08-28T13:04:25.647+0000][info][gc,phases      ] GC(831)   Other: 0.1ms
[2024-08-28T13:04:25.647+0000][info][gc,heap        ] GC(831) Eden regions: 1->0(50)
[2024-08-28T13:04:25.647+0000][info][gc,heap        ] GC(831) Survivor regions: 3->1(1)
[2024-08-28T13:04:25.647+0000][info][gc,heap        ] GC(831) Old regions: 1012->1016
[2024-08-28T13:04:25.647+0000][info][gc,heap        ] GC(831) Archive regions: 2->2
[2024-08-28T13:04:25.647+0000][info][gc,heap        ] GC(831) Humongous regions: 5->5
[2024-08-28T13:04:25.647+0000][info][gc,metaspace   ] GC(831) Metaspace: 100K(320K)->100K(320K) NonClass: 96K(192K)->96K(192K) Class: 4K(128K)->4K(128K)
[2024-08-28T13:04:25.647+0000][info][gc             ] GC(831) Pause Young (Normal) (G1 Preventive Collection) 1015M->1016M(1024M) 7.251ms
[2024-08-28T13:04:25.647+0000][info][gc,cpu         ] GC(831) User=0.16s Sys=0.00s Real=0.00s
[2024-08-28T13:04:25.647+0000][info][gc,ergo        ] Attempting full compaction
[2024-08-28T13:04:25.647+0000][info][gc,task        ] GC(832) Using 24 workers of 68 for full compaction
[2024-08-28T13:04:25.647+0000][info][gc,start       ] GC(832) Pause Full (G1 Compaction Pause)
[2024-08-28T13:04:25.648+0000][info][gc,phases,start] GC(832) Phase 1: Mark live objects
[2024-08-28T13:04:25.663+0000][info][gc,phases      ] GC(832) Phase 1: Mark live objects 14.921ms
[2024-08-28T13:04:25.663+0000][info][gc,phases,start] GC(832) Phase 2: Prepare for compaction
[2024-08-28T13:04:25.672+0000][info][gc,phases      ] GC(832) Phase 2: Prepare for compaction 8.747ms
[2024-08-28T13:04:25.672+0000][info][gc,phases,start] GC(832) Phase 3: Adjust pointers
[2024-08-28T13:04:25.688+0000][info][gc,phases      ] GC(832) Phase 3: Adjust pointers 16.437ms
[2024-08-28T13:04:25.688+0000][info][gc,phases,start] GC(832) Phase 4: Compact heap
[2024-08-28T13:04:25.717+0000][info][gc,phases      ] GC(832) Phase 4: Compact heap 29.132ms
[2024-08-28T13:04:25.719+0000][info][gc,heap        ] GC(832) Eden regions: 0->0(150)
[2024-08-28T13:04:25.719+0000][info][gc,heap        ] GC(832) Survivor regions: 1->0(1)
[2024-08-28T13:04:25.719+0000][info][gc,heap        ] GC(832) Old regions: 1016->441
[2024-08-28T13:04:25.719+0000][info][gc,heap        ] GC(832) Archive regions: 2->2
[2024-08-28T13:04:25.719+0000][info][gc,heap        ] GC(832) Humongous regions: 5->5
[2024-08-28T13:04:25.719+0000][info][gc,metaspace   ] GC(832) Metaspace: 100K(320K)->100K(320K) NonClass: 96K(192K)->96K(192K) Class: 4K(128K)->4K(128K)
[2024-08-28T13:04:25.719+0000][info][gc             ] GC(832) Pause Full (G1 Compaction Pause) 1016M->436M(1024M) 71.565ms
[2024-08-28T13:04:25.719+0000][info][gc,cpu         ] GC(832) User=1.52s Sys=0.00s Real=0.08s
[2024-08-28T13:04:25.719+0000][info][gc,marking     ] GC(821) Concurrent Rebuild Remembered Sets 232.619ms
[2024-08-28T13:04:25.719+0000][info][gc,marking     ] GC(821) Concurrent Mark Abort
[2024-08-28T13:04:25.719+0000][info][gc             ] GC(821) Concurrent Mark Cycle 261.630ms
[2024-08-28T13:04:25.807+0000][info][gc,start       ] GC(833) Pause Young (Normal) (G1 Evacuation Pause)
[2024-08-28T13:04:25.807+0000][info][gc,task        ] GC(833) Using 24 workers of 68 for evacuation
[2024-08-28T13:04:25.881+0000][info][gc,phases      ] GC(833)   Pre Evacuate Collection Set: 0.1ms
[2024-08-28T13:04:25.881+0000][info][gc,phases      ] GC(833)   Merge Heap Roots: 0.4ms
[2024-08-28T13:04:25.882+0000][info][gc,phases      ] GC(833)   Evacuate Collection Set: 73.4ms
[2024-08-28T13:04:25.882+0000][info][gc,phases      ] GC(833)   Post Evacuate Collection Set: 0.3ms
[2024-08-28T13:04:25.882+0000][info][gc,phases      ] GC(833)   Other: 0.2ms
[2024-08-28T13:04:25.882+0000][info][gc,heap        ] GC(833) Eden regions: 150->0(104)
[2024-08-28T13:04:25.882+0000][info][gc,heap        ] GC(833) Survivor regions: 0->19(19)
[2024-08-28T13:04:25.882+0000][info][gc,heap        ] GC(833) Old regions: 441->567
[2024-08-28T13:04:25.882+0000][info][gc,heap        ] GC(833) Archive regions: 2->2
[2024-08-28T13:04:25.882+0000][info][gc,heap        ] GC(833) Humongous regions: 5->5
[2024-08-28T13:04:25.882+0000][info][gc,metaspace   ] GC(833) Metaspace: 100K(320K)->100K(320K) NonClass: 96K(192K)->96K(192K) Class: 4K(128K)->4K(128K)
[2024-08-28T13:04:25.882+0000][info][gc             ] GC(833) Pause Young (Normal) (G1 Evacuation Pause) 586M->580M(1024M) 74.629ms
[2024-08-28T13:04:25.882+0000][info][gc,cpu         ] GC(833) User=0.49s Sys=1.05s Real=0.08s
[2024-08-28T13:04:25.941+0000][info][gc,start       ] GC(834) Pause Young (Concurrent Start) (G1 Evacuation Pause)
[2024-08-28T13:04:25.941+0000][info][gc,task        ] GC(834) Using 24 workers of 68 for evacuation
[2024-08-28T13:04:25.961+0000][info][gc,phases      ] GC(834)   Pre Evacuate Collection Set: 0.2ms
[2024-08-28T13:04:25.961+0000][info][gc,phases      ] GC(834)   Merge Heap Roots: 0.5ms
[2024-08-28T13:04:25.961+0000][info][gc,phases      ] GC(834)   Evacuate Collection Set: 18.4ms
[2024-08-28T13:04:25.961+0000][info][gc,phases      ] GC(834)   Post Evacuate Collection Set: 0.3ms
[2024-08-28T13:04:25.961+0000][info][gc,phases      ] GC(834)   Other: 0.6ms
[2024-08-28T13:04:25.961+0000][info][gc,heap        ] GC(834) Eden regions: 104->0(72)
[2024-08-28T13:04:25.961+0000][info][gc,heap        ] GC(834) Survivor regions: 19->16(16)
[2024-08-28T13:04:25.961+0000][info][gc,heap        ] GC(834) Old regions: 567->670
[2024-08-28T13:04:25.961+0000][info][gc,heap        ] GC(834) Archive regions: 2->2
[2024-08-28T13:04:25.961+0000][info][gc,heap        ] GC(834) Humongous regions: 5->5
[2024-08-28T13:04:25.961+0000][info][gc,metaspace   ] GC(834) Metaspace: 100K(320K)->100K(320K) NonClass: 96K(192K)->96K(192K) Class: 4K(128K)->4K(128K)
[2024-08-28T13:04:25.961+0000][info][gc             ] GC(834) Pause Young (Concurrent Start) (G1 Evacuation Pause) 684M->681M(1024M) 19.986ms
[2024-08-28T13:04:25.961+0000][info][gc,cpu         ] GC(834) User=0.44s Sys=0.01s Real=0.02s
[2024-08-28T13:04:25.961+0000][info][gc             ] GC(835) Concurrent Mark Cycle
[2024-08-28T13:04:25.961+0000][info][gc,marking     ] GC(835) Concurrent Clear Claimed Marks
[2024-08-28T13:04:25.961+0000][info][gc,marking     ] GC(835) Concurrent Clear Claimed Marks 0.027ms
[2024-08-28T13:04:25.961+0000][info][gc,marking     ] GC(835) Concurrent Scan Root Regions
[2024-08-28T13:04:25.965+0000][info][gc,marking     ] GC(835) Concurrent Scan Root Regions 4.426ms
[2024-08-28T13:04:25.965+0000][info][gc,marking     ] GC(835) Concurrent Mark
[2024-08-28T13:04:25.965+0000][info][gc,marking     ] GC(835) Concurrent Mark From Roots
[2024-08-28T13:04:25.965+0000][info][gc,task        ] GC(835) Using 17 workers of 17 for marking
[2024-08-28T13:04:25.988+0000][info][gc,marking     ] GC(835) Concurrent Mark From Roots 22.486ms
[2024-08-28T13:04:25.988+0000][info][gc,marking     ] GC(835) Concurrent Preclean
[2024-08-28T13:04:25.989+0000][info][gc,marking     ] GC(835) Concurrent Preclean 0.874ms
[2024-08-28T13:04:25.989+0000][info][gc,start       ] GC(835) Pause Remark
[2024-08-28T13:04:25.991+0000][info][gc             ] GC(835) Pause Remark 718M->718M(1024M) 1.327ms
[2024-08-28T13:04:25.991+0000][info][gc,cpu         ] GC(835) User=0.00s Sys=0.00s Real=0.01s
[2024-08-28T13:04:25.991+0000][info][gc,marking     ] GC(835) Concurrent Mark 25.239ms
[2024-08-28T13:04:25.991+0000][info][gc,marking     ] GC(835) Concurrent Rebuild Remembered Sets
[2024-08-28T13:04:26.010+0000][info][gc,start       ] GC(836) Pause Young (Normal) (G1 Evacuation Pause)
[2024-08-28T13:04:26.010+0000][info][gc,task        ] GC(836) Using 24 workers of 68 for evacuation
[2024-08-28T13:04:26.026+0000][info][gc,phases      ] GC(836)   Pre Evacuate Collection Set: 0.2ms
[2024-08-28T13:04:26.026+0000][info][gc,phases      ] GC(836)   Merge Heap Roots: 0.4ms
[2024-08-28T13:04:26.026+0000][info][gc,phases      ] GC(836)   Evacuate Collection Set: 14.6ms
[2024-08-28T13:04:26.026+0000][info][gc,phases      ] GC(836)   Post Evacuate Collection Set: 0.5ms
[2024-08-28T13:04:26.026+0000][info][gc,phases      ] GC(836)   Other: 0.2ms
[2024-08-28T13:04:26.026+0000][info][gc,heap        ] GC(836) Eden regions: 72->0(48)
[2024-08-28T13:04:26.026+0000][info][gc,heap        ] GC(836) Survivor regions: 16->11(11)
[2024-08-28T13:04:26.026+0000][info][gc,heap        ] GC(836) Old regions: 670->750
[2024-08-28T13:04:26.026+0000][info][gc,heap        ] GC(836) Archive regions: 2->2
[2024-08-28T13:04:26.026+0000][info][gc,heap        ] GC(836) Humongous regions: 5->5
[2024-08-28T13:04:26.026+0000][info][gc,metaspace   ] GC(836) Metaspace: 100K(320K)->100K(320K) NonClass: 96K(192K)->96K(192K) Class: 4K(128K)->4K(128K)
[2024-08-28T13:04:26.026+0000][info][gc             ] GC(836) Pause Young (Normal) (G1 Evacuation Pause) 753M->756M(1024M) 15.958ms
[2024-08-28T13:04:26.026+0000][info][gc,cpu         ] GC(836) User=0.35s Sys=0.01s Real=0.01s
[2024-08-28T13:04:26.052+0000][info][gc,marking     ] GC(835) Concurrent Rebuild Remembered Sets 61.248ms
[2024-08-28T13:04:26.052+0000][info][gc,start       ] GC(835) Pause Cleanup
[2024-08-28T13:04:26.053+0000][info][gc             ] GC(835) Pause Cleanup 803M->803M(1024M) 1.105ms
[2024-08-28T13:04:26.053+0000][info][gc,cpu         ] GC(835) User=0.00s Sys=0.00s Real=0.00s
[2024-08-28T13:04:26.053+0000][info][gc,marking     ] GC(835) Concurrent Cleanup for Next Mark
[2024-08-28T13:04:26.054+0000][info][gc,marking     ] GC(835) Concurrent Cleanup for Next Mark 0.770ms
[2024-08-28T13:04:26.054+0000][info][gc             ] GC(835) Concurrent Mark Cycle 93.375ms
[2024-08-28T13:04:26.054+0000][info][gc,start       ] GC(837) Pause Young (Prepare Mixed) (G1 Evacuation Pause)
[2024-08-28T13:04:26.055+0000][info][gc,task        ] GC(837) Using 24 workers of 68 for evacuation
[2024-08-28T13:04:26.075+0000][info][gc,phases      ] GC(837)   Pre Evacuate Collection Set: 0.1ms
[2024-08-28T13:04:26.075+0000][info][gc,phases      ] GC(837)   Merge Heap Roots: 0.5ms
[2024-08-28T13:04:26.075+0000][info][gc,phases      ] GC(837)   Evacuate Collection Set: 19.0ms
[2024-08-28T13:04:26.075+0000][info][gc,phases      ] GC(837)   Post Evacuate Collection Set: 0.3ms
[2024-08-28T13:04:26.075+0000][info][gc,phases      ] GC(837)   Other: 0.2ms
[2024-08-28T13:04:26.075+0000][info][gc,heap        ] GC(837) Eden regions: 48->0(43)
[2024-08-28T13:04:26.075+0000][info][gc,heap        ] GC(837) Survivor regions: 11->8(8)
[2024-08-28T13:04:26.075+0000][info][gc,heap        ] GC(837) Old regions: 750->806
[2024-08-28T13:04:26.075+0000][info][gc,heap        ] GC(837) Archive regions: 2->2
[2024-08-28T13:04:26.075+0000][info][gc,heap        ] GC(837) Humongous regions: 5->5
[2024-08-28T13:04:26.075+0000][info][gc,metaspace   ] GC(837) Metaspace: 100K(320K)->100K(320K) NonClass: 96K(192K)->96K(192K) Class: 4K(128K)->4K(128K)
[2024-08-28T13:04:26.075+0000][info][gc             ] GC(837) Pause Young (Prepare Mixed) (G1 Evacuation Pause) 804M->809M(1024M) 20.208ms
[2024-08-28T13:04:26.075+0000][info][gc,cpu         ] GC(837) User=0.47s Sys=0.00s Real=0.02s
[2024-08-28T13:04:26.099+0000][info][gc,start       ] GC(838) Pause Young (Mixed) (G1 Evacuation Pause)
[2024-08-28T13:04:26.099+0000][info][gc,task        ] GC(838) Using 24 workers of 68 for evacuation
[2024-08-28T13:04:26.112+0000][info][gc,phases      ] GC(838)   Pre Evacuate Collection Set: 0.2ms
[2024-08-28T13:04:26.112+0000][info][gc,phases      ] GC(838)   Merge Heap Roots: 0.4ms
[2024-08-28T13:04:26.112+0000][info][gc,phases      ] GC(838)   Evacuate Collection Set: 11.4ms
[2024-08-28T13:04:26.112+0000][info][gc,phases      ] GC(838)   Post Evacuate Collection Set: 0.4ms
[2024-08-28T13:04:26.112+0000][info][gc,phases      ] GC(838)   Other: 0.2ms
[2024-08-28T13:04:26.112+0000][info][gc,heap        ] GC(838) Eden regions: 43->0(44)
[2024-08-28T13:04:26.112+0000][info][gc,heap        ] GC(838) Survivor regions: 8->7(7)
[2024-08-28T13:04:26.112+0000][info][gc,heap        ] GC(838) Old regions: 806->752
[2024-08-28T13:04:26.112+0000][info][gc,heap        ] GC(838) Archive regions: 2->2
[2024-08-28T13:04:26.112+0000][info][gc,heap        ] GC(838) Humongous regions: 5->5
[2024-08-28T13:04:26.112+0000][info][gc,metaspace   ] GC(838) Metaspace: 100K(320K)->100K(320K) NonClass: 96K(192K)->96K(192K) Class: 4K(128K)->4K(128K)
[2024-08-28T13:04:26.112+0000][info][gc             ] GC(838) Pause Young (Mixed) (G1 Evacuation Pause) 852M->757M(1024M) 12.710ms
[2024-08-28T13:04:26.112+0000][info][gc,cpu         ] GC(838) User=0.28s Sys=0.00s Real=0.01s
[2024-08-28T13:04:26.136+0000][info][gc,start       ] GC(839) Pause Young (Mixed) (G1 Evacuation Pause)
[2024-08-28T13:04:26.136+0000][info][gc,task        ] GC(839) Using 24 workers of 68 for evacuation
[2024-08-28T13:04:26.149+0000][info][gc,phases      ] GC(839)   Pre Evacuate Collection Set: 0.2ms
[2024-08-28T13:04:26.149+0000][info][gc,phases      ] GC(839)   Merge Heap Roots: 0.4ms
[2024-08-28T13:04:26.149+0000][info][gc,phases      ] GC(839)   Evacuate Collection Set: 11.7ms
[2024-08-28T13:04:26.149+0000][info][gc,phases      ] GC(839)   Post Evacuate Collection Set: 0.4ms
[2024-08-28T13:04:26.149+0000][info][gc,phases      ] GC(839)   Other: 0.2ms
[2024-08-28T13:04:26.149+0000][info][gc,heap        ] GC(839) Eden regions: 44->0(62)
[2024-08-28T13:04:26.149+0000][info][gc,heap        ] GC(839) Survivor regions: 7->7(7)
[2024-08-28T13:04:26.149+0000][info][gc,heap        ] GC(839) Old regions: 752->710
[2024-08-28T13:04:26.149+0000][info][gc,heap        ] GC(839) Archive regions: 2->2
[2024-08-28T13:04:26.149+0000][info][gc,heap        ] GC(839) Humongous regions: 5->5
[2024-08-28T13:04:26.149+0000][info][gc,metaspace   ] GC(839) Metaspace: 100K(320K)->100K(320K) NonClass: 96K(192K)->96K(192K) Class: 4K(128K)->4K(128K)
[2024-08-28T13:04:26.149+0000][info][gc             ] GC(839) Pause Young (Mixed) (G1 Evacuation Pause) 801M->717M(1024M) 13.030ms
[2024-08-28T13:04:26.149+0000][info][gc,cpu         ] GC(839) User=0.29s Sys=0.00s Real=0.01s
[2024-08-28T13:04:26.181+0000][info][gc,start       ] GC(840) Pause Young (Concurrent Start) (G1 Evacuation Pause)
[2024-08-28T13:04:26.181+0000][info][gc,task        ] GC(840) Using 24 workers of 68 for evacuation
[2024-08-28T13:04:26.195+0000][info][gc,phases      ] GC(840)   Pre Evacuate Collection Set: 0.2ms
[2024-08-28T13:04:26.195+0000][info][gc,phases      ] GC(840)   Merge Heap Roots: 0.3ms
[2024-08-28T13:04:26.195+0000][info][gc,phases      ] GC(840)   Evacuate Collection Set: 12.1ms
[2024-08-28T13:04:26.195+0000][info][gc,phases      ] GC(840)   Post Evacuate Collection Set: 0.3ms
[2024-08-28T13:04:26.195+0000][info][gc,phases      ] GC(840)   Other: 0.6ms
[2024-08-28T13:04:26.195+0000][info][gc,heap        ] GC(840) Eden regions: 62->0(42)
[2024-08-28T13:04:26.195+0000][info][gc,heap        ] GC(840) Survivor regions: 7->9(9)
[2024-08-28T13:04:26.195+0000][info][gc,heap        ] GC(840) Old regions: 710->772
[2024-08-28T13:04:26.195+0000][info][gc,heap        ] GC(840) Archive regions: 2->2
[2024-08-28T13:04:26.195+0000][info][gc,heap        ] GC(840) Humongous regions: 5->5
[2024-08-28T13:04:26.195+0000][info][gc,metaspace   ] GC(840) Metaspace: 100K(320K)->100K(320K) NonClass: 96K(192K)->96K(192K) Class: 4K(128K)->4K(128K)
[2024-08-28T13:04:26.195+0000][info][gc             ] GC(840) Pause Young (Concurrent Start) (G1 Evacuation Pause) 779M->781M(1024M) 13.730ms
[2024-08-28T13:04:26.195+0000][info][gc,cpu         ] GC(840) User=0.30s Sys=0.00s Real=0.01s
[2024-08-28T13:04:26.195+0000][info][gc             ] GC(841) Concurrent Mark Cycle
[2024-08-28T13:04:26.195+0000][info][gc,marking     ] GC(841) Concurrent Clear Claimed Marks
[2024-08-28T13:04:26.195+0000][info][gc,marking     ] GC(841) Concurrent Clear Claimed Marks 0.011ms
[2024-08-28T13:04:26.195+0000][info][gc,marking     ] GC(841) Concurrent Scan Root Regions
[2024-08-28T13:04:26.198+0000][info][gc,marking     ] GC(841) Concurrent Scan Root Regions 2.311ms
[2024-08-28T13:04:26.198+0000][info][gc,marking     ] GC(841) Concurrent Mark
[2024-08-28T13:04:26.198+0000][info][gc,marking     ] GC(841) Concurrent Mark From Roots
[2024-08-28T13:04:26.198+0000][info][gc,task        ] GC(841) Using 17 workers of 17 for marking
[2024-08-28T13:04:26.221+0000][info][gc,marking     ] GC(841) Concurrent Mark From Roots 23.594ms
[2024-08-28T13:04:26.221+0000][info][gc,marking     ] GC(841) Concurrent Preclean
[2024-08-28T13:04:26.222+0000][info][gc,marking     ] GC(841) Concurrent Preclean 0.825ms
[2024-08-28T13:04:26.222+0000][info][gc,start       ] GC(841) Pause Remark
[2024-08-28T13:04:26.224+0000][info][gc             ] GC(841) Pause Remark 818M->818M(1024M) 1.516ms
[2024-08-28T13:04:26.224+0000][info][gc,cpu         ] GC(841) User=0.01s Sys=0.00s Real=0.00s
[2024-08-28T13:04:26.224+0000][info][gc,marking     ] GC(841) Concurrent Mark 26.471ms
[2024-08-28T13:04:26.224+0000][info][gc,marking     ] GC(841) Concurrent Rebuild Remembered Sets
[2024-08-28T13:04:26.228+0000][info][gc,start       ] GC(842) Pause Young (Normal) (G1 Evacuation Pause)
[2024-08-28T13:04:26.228+0000][info][gc,task        ] GC(842) Using 24 workers of 68 for evacuation
[2024-08-28T13:04:26.238+0000][info][gc,phases      ] GC(842)   Pre Evacuate Collection Set: 0.2ms
[2024-08-28T13:04:26.238+0000][info][gc,phases      ] GC(842)   Merge Heap Roots: 0.3ms
[2024-08-28T13:04:26.238+0000][info][gc,phases      ] GC(842)   Evacuate Collection Set: 9.4ms
[2024-08-28T13:04:26.238+0000][info][gc,phases      ] GC(842)   Post Evacuate Collection Set: 0.4ms
[2024-08-28T13:04:26.238+0000][info][gc,phases      ] GC(842)   Other: 0.2ms
[2024-08-28T13:04:26.238+0000][info][gc,heap        ] GC(842) Eden regions: 42->0(44)
[2024-08-28T13:04:26.238+0000][info][gc,heap        ] GC(842) Survivor regions: 9->7(7)
[2024-08-28T13:04:26.238+0000][info][gc,heap        ] GC(842) Old regions: 772->819
[2024-08-28T13:04:26.238+0000][info][gc,heap        ] GC(842) Archive regions: 2->2
[2024-08-28T13:04:26.238+0000][info][gc,heap        ] GC(842) Humongous regions: 5->5
[2024-08-28T13:04:26.238+0000][info][gc,metaspace   ] GC(842) Metaspace: 100K(320K)->100K(320K) NonClass: 96K(192K)->96K(192K) Class: 4K(128K)->4K(128K)
[2024-08-28T13:04:26.238+0000][info][gc             ] GC(842) Pause Young (Normal) (G1 Evacuation Pause) 823M->826M(1024M) 10.465ms
[2024-08-28T13:04:26.238+0000][info][gc,cpu         ] GC(842) User=0.22s Sys=0.02s Real=0.02s
[2024-08-28T13:04:26.262+0000][info][gc,start       ] GC(843) Pause Young (Normal) (G1 Evacuation Pause)
[2024-08-28T13:04:26.262+0000][info][gc,task        ] GC(843) Using 24 workers of 68 for evacuation
[2024-08-28T13:04:26.276+0000][info][gc,phases      ] GC(843)   Pre Evacuate Collection Set: 0.2ms
[2024-08-28T13:04:26.276+0000][info][gc,phases      ] GC(843)   Merge Heap Roots: 0.4ms
[2024-08-28T13:04:26.276+0000][info][gc,phases      ] GC(843)   Evacuate Collection Set: 13.1ms
[2024-08-28T13:04:26.276+0000][info][gc,phases      ] GC(843)   Post Evacuate Collection Set: 0.5ms
[2024-08-28T13:04:26.276+0000][info][gc,phases      ] GC(843)   Other: 0.2ms
[2024-08-28T13:04:26.276+0000][info][gc,heap        ] GC(843) Eden regions: 44->0(44)
[2024-08-28T13:04:26.276+0000][info][gc,heap        ] GC(843) Survivor regions: 7->7(7)
[2024-08-28T13:04:26.276+0000][info][gc,heap        ] GC(843) Old regions: 819->865
[2024-08-28T13:04:26.276+0000][info][gc,heap        ] GC(843) Archive regions: 2->2
[2024-08-28T13:04:26.276+0000][info][gc,heap        ] GC(843) Humongous regions: 5->5
[2024-08-28T13:04:26.276+0000][info][gc,metaspace   ] GC(843) Metaspace: 100K(320K)->100K(320K) NonClass: 96K(192K)->96K(192K) Class: 4K(128K)->4K(128K)
[2024-08-28T13:04:26.276+0000][info][gc             ] GC(843) Pause Young (Normal) (G1 Evacuation Pause) 870M->872M(1024M) 14.439ms
[2024-08-28T13:04:26.276+0000][info][gc,cpu         ] GC(843) User=0.32s Sys=0.01s Real=0.01s
[2024-08-28T13:04:26.300+0000][info][gc,start       ] GC(844) Pause Young (Normal) (G1 Evacuation Pause)
[2024-08-28T13:04:26.300+0000][info][gc,task        ] GC(844) Using 24 workers of 68 for evacuation
[2024-08-28T13:04:26.315+0000][info][gc,phases      ] GC(844)   Pre Evacuate Collection Set: 0.2ms
[2024-08-28T13:04:26.315+0000][info][gc,phases      ] GC(844)   Merge Heap Roots: 0.5ms
[2024-08-28T13:04:26.315+0000][info][gc,phases      ] GC(844)   Evacuate Collection Set: 13.9ms
[2024-08-28T13:04:26.315+0000][info][gc,phases      ] GC(844)   Post Evacuate Collection Set: 0.6ms
[2024-08-28T13:04:26.315+0000][info][gc,phases      ] GC(844)   Other: 0.3ms
[2024-08-28T13:04:26.315+0000][info][gc,heap        ] GC(844) Eden regions: 44->0(44)
[2024-08-28T13:04:26.315+0000][info][gc,heap        ] GC(844) Survivor regions: 7->7(7)
[2024-08-28T13:04:26.315+0000][info][gc,heap        ] GC(844) Old regions: 865->912
[2024-08-28T13:04:26.315+0000][info][gc,heap        ] GC(844) Archive regions: 2->2
[2024-08-28T13:04:26.315+0000][info][gc,heap        ] GC(844) Humongous regions: 5->5
[2024-08-28T13:04:26.315+0000][info][gc,metaspace   ] GC(844) Metaspace: 100K(320K)->100K(320K) NonClass: 96K(192K)->96K(192K) Class: 4K(128K)->4K(128K)
[2024-08-28T13:04:26.315+0000][info][gc             ] GC(844) Pause Young (Normal) (G1 Evacuation Pause) 916M->919M(1024M) 15.468ms
[2024-08-28T13:04:26.315+0000][info][gc,cpu         ] GC(844) User=0.35s Sys=0.00s Real=0.01s
[2024-08-28T13:04:26.318+0000][info][gc,marking     ] GC(841) Concurrent Rebuild Remembered Sets 93.618ms
[2024-08-28T13:04:26.318+0000][info][gc,start       ] GC(841) Pause Cleanup
[2024-08-28T13:04:26.319+0000][info][gc             ] GC(841) Pause Cleanup 923M->923M(1024M) 1.494ms
[2024-08-28T13:04:26.319+0000][info][gc,cpu         ] GC(841) User=0.00s Sys=0.00s Real=0.00s
[2024-08-28T13:04:26.319+0000][info][gc,marking     ] GC(841) Concurrent Cleanup for Next Mark
[2024-08-28T13:04:26.320+0000][info][gc,marking     ] GC(841) Concurrent Cleanup for Next Mark 0.668ms
[2024-08-28T13:04:26.320+0000][info][gc             ] GC(841) Concurrent Mark Cycle 124.936ms
[2024-08-28T13:04:26.344+0000][info][gc,start       ] GC(845) Pause Young (Prepare Mixed) (G1 Preventive Collection)
[2024-08-28T13:04:26.344+0000][info][gc,task        ] GC(845) Using 24 workers of 68 for evacuation
[2024-08-28T13:04:26.359+0000][info][gc,phases      ] GC(845)   Pre Evacuate Collection Set: 0.1ms
[2024-08-28T13:04:26.359+0000][info][gc,phases      ] GC(845)   Merge Heap Roots: 0.6ms
[2024-08-28T13:04:26.359+0000][info][gc,phases      ] GC(845)   Evacuate Collection Set: 13.9ms
[2024-08-28T13:04:26.359+0000][info][gc,phases      ] GC(845)   Post Evacuate Collection Set: 0.3ms
[2024-08-28T13:04:26.359+0000][info][gc,phases      ] GC(845)   Other: 0.2ms
[2024-08-28T13:04:26.359+0000][info][gc,heap        ] GC(845) Eden regions: 43->0(44)
[2024-08-28T13:04:26.359+0000][info][gc,heap        ] GC(845) Survivor regions: 7->7(7)
[2024-08-28T13:04:26.359+0000][info][gc,heap        ] GC(845) Old regions: 912->957
[2024-08-28T13:04:26.359+0000][info][gc,heap        ] GC(845) Archive regions: 2->2
[2024-08-28T13:04:26.359+0000][info][gc,heap        ] GC(845) Humongous regions: 5->5
[2024-08-28T13:04:26.359+0000][info][gc,metaspace   ] GC(845) Metaspace: 100K(320K)->100K(320K) NonClass: 96K(192K)->96K(192K) Class: 4K(128K)->4K(128K)
[2024-08-28T13:04:26.359+0000][info][gc             ] GC(845) Pause Young (Prepare Mixed) (G1 Preventive Collection) 962M->964M(1024M) 15.219ms
[2024-08-28T13:04:26.359+0000][info][gc,cpu         ] GC(845) User=0.34s Sys=0.00s Real=0.02s
[2024-08-28T13:04:26.371+0000][info][gc,start       ] GC(846) Pause Young (Mixed) (G1 Preventive Collection)
[2024-08-28T13:04:26.371+0000][info][gc,task        ] GC(846) Using 24 workers of 68 for evacuation
[2024-08-28T13:04:26.380+0000][info][gc,phases      ] GC(846)   Pre Evacuate Collection Set: 0.2ms
[2024-08-28T13:04:26.380+0000][info][gc,phases      ] GC(846)   Merge Heap Roots: 0.4ms
[2024-08-28T13:04:26.380+0000][info][gc,phases      ] GC(846)   Evacuate Collection Set: 7.3ms
[2024-08-28T13:04:26.380+0000][info][gc,phases      ] GC(846)   Post Evacuate Collection Set: 0.4ms
[2024-08-28T13:04:26.380+0000][info][gc,phases      ] GC(846)   Other: 0.2ms
[2024-08-28T13:04:26.380+0000][info][gc,heap        ] GC(846) Eden regions: 21->0(44)
[2024-08-28T13:04:26.380+0000][info][gc,heap        ] GC(846) Survivor regions: 7->7(7)
[2024-08-28T13:04:26.380+0000][info][gc,heap        ] GC(846) Old regions: 957->878
[2024-08-28T13:04:26.380+0000][info][gc,heap        ] GC(846) Archive regions: 2->2
[2024-08-28T13:04:26.380+0000][info][gc,heap        ] GC(846) Humongous regions: 5->5
[2024-08-28T13:04:26.380+0000][info][gc,metaspace   ] GC(846) Metaspace: 100K(320K)->100K(320K) NonClass: 96K(192K)->96K(192K) Class: 4K(128K)->4K(128K)
[2024-08-28T13:04:26.380+0000][info][gc             ] GC(846) Pause Young (Mixed) (G1 Preventive Collection) 985M->888M(1024M) 8.479ms
[2024-08-28T13:04:26.380+0000][info][gc,cpu         ] GC(846) User=0.18s Sys=0.00s Real=0.01s
[2024-08-28T13:04:26.403+0000][info][gc,start       ] GC(847) Pause Young (Mixed) (G1 Evacuation Pause)
[2024-08-28T13:04:26.403+0000][info][gc,task        ] GC(847) Using 24 workers of 68 for evacuation
[2024-08-28T13:04:26.415+0000][info][gc,phases      ] GC(847)   Pre Evacuate Collection Set: 0.2ms
[2024-08-28T13:04:26.415+0000][info][gc,phases      ] GC(847)   Merge Heap Roots: 0.4ms
[2024-08-28T13:04:26.415+0000][info][gc,phases      ] GC(847)   Evacuate Collection Set: 10.6ms
[2024-08-28T13:04:26.415+0000][info][gc,phases      ] GC(847)   Post Evacuate Collection Set: 0.4ms
[2024-08-28T13:04:26.415+0000][info][gc,phases      ] GC(847)   Other: 0.3ms
[2024-08-28T13:04:26.415+0000][info][gc,heap        ] GC(847) Eden regions: 44->0(44)
[2024-08-28T13:04:26.415+0000][info][gc,heap        ] GC(847) Survivor regions: 7->7(7)
[2024-08-28T13:04:26.415+0000][info][gc,heap        ] GC(847) Old regions: 878->821
[2024-08-28T13:04:26.415+0000][info][gc,heap        ] GC(847) Archive regions: 2->2
[2024-08-28T13:04:26.415+0000][info][gc,heap        ] GC(847) Humongous regions: 5->5
[2024-08-28T13:04:26.415+0000][info][gc,metaspace   ] GC(847) Metaspace: 100K(320K)->100K(320K) NonClass: 96K(192K)->96K(192K) Class: 4K(128K)->4K(128K)
[2024-08-28T13:04:26.415+0000][info][gc             ] GC(847) Pause Young (Mixed) (G1 Evacuation Pause) 932M->832M(1024M) 11.954ms
[2024-08-28T13:04:26.415+0000][info][gc,cpu         ] GC(847) User=0.26s Sys=0.00s Real=0.01s
[2024-08-28T13:04:26.439+0000][info][gc,start       ] GC(848) Pause Young (Mixed) (G1 Evacuation Pause)
[2024-08-28T13:04:26.439+0000][info][gc,task        ] GC(848) Using 24 workers of 68 for evacuation
[2024-08-28T13:04:26.454+0000][info][gc,phases      ] GC(848)   Pre Evacuate Collection Set: 0.2ms
[2024-08-28T13:04:26.454+0000][info][gc,phases      ] GC(848)   Merge Heap Roots: 0.4ms
[2024-08-28T13:04:26.454+0000][info][gc,phases      ] GC(848)   Evacuate Collection Set: 14.0ms
[2024-08-28T13:04:26.454+0000][info][gc,phases      ] GC(848)   Post Evacuate Collection Set: 0.4ms
[2024-08-28T13:04:26.454+0000][info][gc,phases      ] GC(848)   Other: 0.2ms
[2024-08-28T13:04:26.454+0000][info][gc,heap        ] GC(848) Eden regions: 44->0(44)
[2024-08-28T13:04:26.454+0000][info][gc,heap        ] GC(848) Survivor regions: 7->7(7)
[2024-08-28T13:04:26.454+0000][info][gc,heap        ] GC(848) Old regions: 821->790
[2024-08-28T13:04:26.454+0000][info][gc,heap        ] GC(848) Archive regions: 2->2
[2024-08-28T13:04:26.454+0000][info][gc,heap        ] GC(848) Humongous regions: 5->5
[2024-08-28T13:04:26.454+0000][info][gc,metaspace   ] GC(848) Metaspace: 100K(320K)->100K(320K) NonClass: 96K(192K)->96K(192K) Class: 4K(128K)->4K(128K)
[2024-08-28T13:04:26.454+0000][info][gc             ] GC(848) Pause Young (Mixed) (G1 Evacuation Pause) 876M->802M(1024M) 15.303ms
[2024-08-28T13:04:26.454+0000][info][gc,cpu         ] GC(848) User=0.33s Sys=0.01s Real=0.01s
[2024-08-28T13:04:26.478+0000][info][gc,start       ] GC(849) Pause Young (Concurrent Start) (G1 Evacuation Pause)
[2024-08-28T13:04:26.478+0000][info][gc,task        ] GC(849) Using 24 workers of 68 for evacuation
[2024-08-28T13:04:26.490+0000][info][gc,phases      ] GC(849)   Pre Evacuate Collection Set: 0.1ms
[2024-08-28T13:04:26.490+0000][info][gc,phases      ] GC(849)   Merge Heap Roots: 0.4ms
[2024-08-28T13:04:26.490+0000][info][gc,phases      ] GC(849)   Evacuate Collection Set: 10.2ms
[2024-08-28T13:04:26.490+0000][info][gc,phases      ] GC(849)   Post Evacuate Collection Set: 0.4ms
[2024-08-28T13:04:26.490+0000][info][gc,phases      ] GC(849)   Other: 0.6ms
[2024-08-28T13:04:26.490+0000][info][gc,heap        ] GC(849) Eden regions: 44->0(44)
[2024-08-28T13:04:26.490+0000][info][gc,heap        ] GC(849) Survivor regions: 7->7(7)
[2024-08-28T13:04:26.490+0000][info][gc,heap        ] GC(849) Old regions: 790->840
[2024-08-28T13:04:26.490+0000][info][gc,heap        ] GC(849) Archive regions: 2->2
[2024-08-28T13:04:26.490+0000][info][gc,heap        ] GC(849) Humongous regions: 5->5
[2024-08-28T13:04:26.490+0000][info][gc,metaspace   ] GC(849) Metaspace: 100K(320K)->100K(320K) NonClass: 96K(192K)->96K(192K) Class: 4K(128K)->4K(128K)
[2024-08-28T13:04:26.490+0000][info][gc             ] GC(849) Pause Young (Concurrent Start) (G1 Evacuation Pause) 846M->852M(1024M) 11.723ms
[2024-08-28T13:04:26.490+0000][info][gc,cpu         ] GC(849) User=0.25s Sys=0.00s Real=0.01s
[2024-08-28T13:04:26.490+0000][info][gc             ] GC(850) Concurrent Mark Cycle
[2024-08-28T13:04:26.490+0000][info][gc,marking     ] GC(850) Concurrent Clear Claimed Marks
[2024-08-28T13:04:26.490+0000][info][gc,marking     ] GC(850) Concurrent Clear Claimed Marks 0.013ms
[2024-08-28T13:04:26.490+0000][info][gc,marking     ] GC(850) Concurrent Scan Root Regions
[2024-08-28T13:04:26.491+0000][info][gc,marking     ] GC(850) Concurrent Scan Root Regions 1.646ms
[2024-08-28T13:04:26.492+0000][info][gc,marking     ] GC(850) Concurrent Mark
[2024-08-28T13:04:26.492+0000][info][gc,marking     ] GC(850) Concurrent Mark From Roots
[2024-08-28T13:04:26.492+0000][info][gc,task        ] GC(850) Using 17 workers of 17 for marking
[2024-08-28T13:04:26.517+0000][info][gc,marking     ] GC(850) Concurrent Mark From Roots 25.182ms
[2024-08-28T13:04:26.517+0000][info][gc,marking     ] GC(850) Concurrent Preclean
[2024-08-28T13:04:26.517+0000][info][gc,marking     ] GC(850) Concurrent Preclean 0.557ms
[2024-08-28T13:04:26.518+0000][info][gc,start       ] GC(850) Pause Remark
[2024-08-28T13:04:26.519+0000][info][gc             ] GC(850) Pause Remark 889M->889M(1024M) 1.502ms
[2024-08-28T13:04:26.519+0000][info][gc,cpu         ] GC(850) User=0.01s Sys=0.00s Real=0.00s
[2024-08-28T13:04:26.519+0000][info][gc,marking     ] GC(850) Concurrent Mark 27.706ms
[2024-08-28T13:04:26.519+0000][info][gc,marking     ] GC(850) Concurrent Rebuild Remembered Sets
[2024-08-28T13:04:26.524+0000][info][gc,start       ] GC(851) Pause Young (Normal) (G1 Evacuation Pause)
[2024-08-28T13:04:26.524+0000][info][gc,task        ] GC(851) Using 24 workers of 68 for evacuation
[2024-08-28T13:04:26.535+0000][info][gc,phases      ] GC(851)   Pre Evacuate Collection Set: 0.2ms
[2024-08-28T13:04:26.535+0000][info][gc,phases      ] GC(851)   Merge Heap Roots: 0.4ms
[2024-08-28T13:04:26.535+0000][info][gc,phases      ] GC(851)   Evacuate Collection Set: 10.0ms
[2024-08-28T13:04:26.535+0000][info][gc,phases      ] GC(851)   Post Evacuate Collection Set: 0.4ms
[2024-08-28T13:04:26.535+0000][info][gc,phases      ] GC(851)   Other: 0.2ms
[2024-08-28T13:04:26.535+0000][info][gc,heap        ] GC(851) Eden regions: 44->0(44)
[2024-08-28T13:04:26.535+0000][info][gc,heap        ] GC(851) Survivor regions: 7->7(7)
[2024-08-28T13:04:26.535+0000][info][gc,heap        ] GC(851) Old regions: 840->887
[2024-08-28T13:04:26.535+0000][info][gc,heap        ] GC(851) Archive regions: 2->2
[2024-08-28T13:04:26.535+0000][info][gc,heap        ] GC(851) Humongous regions: 5->5
[2024-08-28T13:04:26.535+0000][info][gc,metaspace   ] GC(851) Metaspace: 100K(320K)->100K(320K) NonClass: 96K(192K)->96K(192K) Class: 4K(128K)->4K(128K)
[2024-08-28T13:04:26.535+0000][info][gc             ] GC(851) Pause Young (Normal) (G1 Evacuation Pause) 896M->899M(1024M) 11.323ms
[2024-08-28T13:04:26.535+0000][info][gc,cpu         ] GC(851) User=0.25s Sys=0.00s Real=0.01s
[2024-08-28T13:04:26.560+0000][info][gc,start       ] GC(852) Pause Young (Normal) (G1 Evacuation Pause)
[2024-08-28T13:04:26.560+0000][info][gc,task        ] GC(852) Using 24 workers of 68 for evacuation
[2024-08-28T13:04:26.574+0000][info][gc,phases      ] GC(852)   Pre Evacuate Collection Set: 0.2ms
[2024-08-28T13:04:26.574+0000][info][gc,phases      ] GC(852)   Merge Heap Roots: 0.5ms
[2024-08-28T13:04:26.574+0000][info][gc,phases      ] GC(852)   Evacuate Collection Set: 13.3ms
[2024-08-28T13:04:26.574+0000][info][gc,phases      ] GC(852)   Post Evacuate Collection Set: 0.5ms
[2024-08-28T13:04:26.574+0000][info][gc,phases      ] GC(852)   Other: 0.2ms
[2024-08-28T13:04:26.574+0000][info][gc,heap        ] GC(852) Eden regions: 44->0(44)
[2024-08-28T13:04:26.574+0000][info][gc,heap        ] GC(852) Survivor regions: 7->7(7)
[2024-08-28T13:04:26.574+0000][info][gc,heap        ] GC(852) Old regions: 887->934
[2024-08-28T13:04:26.574+0000][info][gc,heap        ] GC(852) Archive regions: 2->2
[2024-08-28T13:04:26.574+0000][info][gc,heap        ] GC(852) Humongous regions: 5->5
[2024-08-28T13:04:26.574+0000][info][gc,metaspace   ] GC(852) Metaspace: 100K(320K)->100K(320K) NonClass: 96K(192K)->96K(192K) Class: 4K(128K)->4K(128K)
[2024-08-28T13:04:26.574+0000][info][gc             ] GC(852) Pause Young (Normal) (G1 Evacuation Pause) 943M->946M(1024M) 14.703ms
[2024-08-28T13:04:26.574+0000][info][gc,cpu         ] GC(852) User=0.34s Sys=0.00s Real=0.01s
[2024-08-28T13:04:26.593+0000][info][gc,start       ] GC(853) Pause Young (Normal) (G1 Preventive Collection)
[2024-08-28T13:04:26.593+0000][info][gc,task        ] GC(853) Using 24 workers of 68 for evacuation
[2024-08-28T13:04:26.606+0000][info][gc,phases      ] GC(853)   Pre Evacuate Collection Set: 0.2ms
[2024-08-28T13:04:26.606+0000][info][gc,phases      ] GC(853)   Merge Heap Roots: 0.5ms
[2024-08-28T13:04:26.606+0000][info][gc,phases      ] GC(853)   Evacuate Collection Set: 12.2ms
[2024-08-28T13:04:26.606+0000][info][gc,phases      ] GC(853)   Post Evacuate Collection Set: 0.6ms
[2024-08-28T13:04:26.606+0000][info][gc,phases      ] GC(853)   Other: 0.3ms
[2024-08-28T13:04:26.606+0000][info][gc,heap        ] GC(853) Eden regions: 33->0(44)
[2024-08-28T13:04:26.606+0000][info][gc,heap        ] GC(853) Survivor regions: 7->7(7)
[2024-08-28T13:04:26.606+0000][info][gc,heap        ] GC(853) Old regions: 934->969
[2024-08-28T13:04:26.607+0000][info][gc,heap        ] GC(853) Archive regions: 2->2
[2024-08-28T13:04:26.607+0000][info][gc,heap        ] GC(853) Humongous regions: 5->5
[2024-08-28T13:04:26.607+0000][info][gc,metaspace   ] GC(853) Metaspace: 100K(320K)->100K(320K) NonClass: 96K(192K)->96K(192K) Class: 4K(128K)->4K(128K)
[2024-08-28T13:04:26.607+0000][info][gc             ] GC(853) Pause Young (Normal) (G1 Preventive Collection) 979M->981M(1024M) 13.989ms
[2024-08-28T13:04:26.607+0000][info][gc,cpu         ] GC(853) User=0.26s Sys=0.05s Real=0.01s
[2024-08-28T13:04:26.616+0000][info][gc,start       ] GC(854) Pause Young (Normal) (G1 Preventive Collection)
[2024-08-28T13:04:26.616+0000][info][gc,task        ] GC(854) Using 24 workers of 68 for evacuation
[2024-08-28T13:04:26.628+0000][info][gc             ] GC(854) To-space exhausted
[2024-08-28T13:04:26.628+0000][info][gc,phases      ] GC(854)   Pre Evacuate Collection Set: 0.2ms
[2024-08-28T13:04:26.628+0000][info][gc,phases      ] GC(854)   Merge Heap Roots: 0.6ms
[2024-08-28T13:04:26.628+0000][info][gc,phases      ] GC(854)   Evacuate Collection Set: 10.0ms
[2024-08-28T13:04:26.628+0000][info][gc,phases      ] GC(854)   Post Evacuate Collection Set: 1.0ms
[2024-08-28T13:04:26.628+0000][info][gc,phases      ] GC(854)   Other: 0.3ms
[2024-08-28T13:04:26.628+0000][info][gc,heap        ] GC(854) Eden regions: 16->0(44)
[2024-08-28T13:04:26.628+0000][info][gc,heap        ] GC(854) Survivor regions: 7->7(7)
[2024-08-28T13:04:26.628+0000][info][gc,heap        ] GC(854) Old regions: 969->1010
[2024-08-28T13:04:26.628+0000][info][gc,heap        ] GC(854) Archive regions: 2->2
[2024-08-28T13:04:26.628+0000][info][gc,heap        ] GC(854) Humongous regions: 5->5
[2024-08-28T13:04:26.628+0000][info][gc,metaspace   ] GC(854) Metaspace: 100K(320K)->100K(320K) NonClass: 96K(192K)->96K(192K) Class: 4K(128K)->4K(128K)
[2024-08-28T13:04:26.628+0000][info][gc             ] GC(854) Pause Young (Normal) (G1 Preventive Collection) 997M->1022M(1024M) 12.164ms
[2024-08-28T13:04:26.629+0000][info][gc,cpu         ] GC(854) User=0.26s Sys=0.00s Real=0.01s
[2024-08-28T13:04:26.629+0000][info][gc,ergo        ] Attempting full compaction
[2024-08-28T13:04:26.629+0000][info][gc,task        ] GC(855) Using 24 workers of 68 for full compaction
[2024-08-28T13:04:26.629+0000][info][gc,start       ] GC(855) Pause Full (G1 Compaction Pause)
[2024-08-28T13:04:26.630+0000][info][gc,phases,start] GC(855) Phase 1: Mark live objects
[2024-08-28T13:04:26.646+0000][info][gc,phases      ] GC(855) Phase 1: Mark live objects 15.740ms
[2024-08-28T13:04:26.646+0000][info][gc,phases,start] GC(855) Phase 2: Prepare for compaction
[2024-08-28T13:04:26.654+0000][info][gc,phases      ] GC(855) Phase 2: Prepare for compaction 8.762ms
[2024-08-28T13:04:26.655+0000][info][gc,phases,start] GC(855) Phase 3: Adjust pointers
[2024-08-28T13:04:26.672+0000][info][gc,phases      ] GC(855) Phase 3: Adjust pointers 17.968ms
[2024-08-28T13:04:26.673+0000][info][gc,phases,start] GC(855) Phase 4: Compact heap
[2024-08-28T13:04:26.702+0000][info][gc,phases      ] GC(855) Phase 4: Compact heap 29.228ms
[2024-08-28T13:04:26.703+0000][info][gc,heap        ] GC(855) Eden regions: 0->0(149)
[2024-08-28T13:04:26.704+0000][info][gc,heap        ] GC(855) Survivor regions: 7->0(7)
[2024-08-28T13:04:26.704+0000][info][gc,heap        ] GC(855) Old regions: 1010->444
[2024-08-28T13:04:26.704+0000][info][gc,heap        ] GC(855) Archive regions: 2->2
[2024-08-28T13:04:26.704+0000][info][gc,heap        ] GC(855) Humongous regions: 5->5
[2024-08-28T13:04:26.704+0000][info][gc,metaspace   ] GC(855) Metaspace: 100K(320K)->100K(320K) NonClass: 96K(192K)->96K(192K) Class: 4K(128K)->4K(128K)
[2024-08-28T13:04:26.704+0000][info][gc             ] GC(855) Pause Full (G1 Compaction Pause) 1022M->436M(1024M) 74.537ms
[2024-08-28T13:04:26.704+0000][info][gc,cpu         ] GC(855) User=1.52s Sys=0.02s Real=0.08s
[2024-08-28T13:04:26.704+0000][info][gc,marking     ] GC(850) Concurrent Rebuild Remembered Sets 184.974ms
[2024-08-28T13:04:26.704+0000][info][gc,marking     ] GC(850) Concurrent Mark Abort
[2024-08-28T13:04:26.704+0000][info][gc             ] GC(850) Concurrent Mark Cycle 214.508ms
[2024-08-28T13:04:26.792+0000][info][gc,start       ] GC(856) Pause Young (Normal) (G1 Evacuation Pause)
[2024-08-28T13:04:26.792+0000][info][gc,task        ] GC(856) Using 24 workers of 68 for evacuation
[2024-08-28T13:04:26.815+0000][info][gc,phases      ] GC(856)   Pre Evacuate Collection Set: 0.2ms
[2024-08-28T13:04:26.815+0000][info][gc,phases      ] GC(856)   Merge Heap Roots: 0.4ms
[2024-08-28T13:04:26.815+0000][info][gc,phases      ] GC(856)   Evacuate Collection Set: 21.6ms
[2024-08-28T13:04:26.815+0000][info][gc,phases      ] GC(856)   Post Evacuate Collection Set: 0.4ms
[2024-08-28T13:04:26.815+0000][info][gc,phases      ] GC(856)   Other: 0.3ms
[2024-08-28T13:04:26.815+0000][info][gc,heap        ] GC(856) Eden regions: 149->0(103)
[2024-08-28T13:04:26.815+0000][info][gc,heap        ] GC(856) Survivor regions: 0->19(19)
[2024-08-28T13:04:26.815+0000][info][gc,heap        ] GC(856) Old regions: 444->570
[2024-08-28T13:04:26.815+0000][info][gc,heap        ] GC(856) Archive regions: 2->2
[2024-08-28T13:04:26.815+0000][info][gc,heap        ] GC(856) Humongous regions: 5->5
[2024-08-28T13:04:26.815+0000][info][gc,metaspace   ] GC(856) Metaspace: 100K(320K)->100K(320K) NonClass: 96K(192K)->96K(192K) Class: 4K(128K)->4K(128K)
[2024-08-28T13:04:26.815+0000][info][gc             ] GC(856) Pause Young (Normal) (G1 Evacuation Pause) 585M->581M(1024M) 23.028ms
[2024-08-28T13:04:26.815+0000][info][gc,cpu         ] GC(856) User=0.53s Sys=0.00s Real=0.02s
[2024-08-28T13:04:26.872+0000][info][gc,start       ] GC(857) Pause Young (Concurrent Start) (G1 Evacuation Pause)
[2024-08-28T13:04:26.872+0000][info][gc,task        ] GC(857) Using 24 workers of 68 for evacuation
[2024-08-28T13:04:26.894+0000][info][gc,phases      ] GC(857)   Pre Evacuate Collection Set: 0.2ms
[2024-08-28T13:04:26.894+0000][info][gc,phases      ] GC(857)   Merge Heap Roots: 0.4ms
[2024-08-28T13:04:26.894+0000][info][gc,phases      ] GC(857)   Evacuate Collection Set: 20.0ms
[2024-08-28T13:04:26.894+0000][info][gc,phases      ] GC(857)   Post Evacuate Collection Set: 0.4ms
[2024-08-28T13:04:26.894+0000][info][gc,phases      ] GC(857)   Other: 1.0ms
[2024-08-28T13:04:26.894+0000][info][gc,heap        ] GC(857) Eden regions: 103->0(69)
[2024-08-28T13:04:26.894+0000][info][gc,heap        ] GC(857) Survivor regions: 19->16(16)
[2024-08-28T13:04:26.894+0000][info][gc,heap        ] GC(857) Old regions: 570->678
[2024-08-28T13:04:26.894+0000][info][gc,heap        ] GC(857) Archive regions: 2->2
[2024-08-28T13:04:26.894+0000][info][gc,heap        ] GC(857) Humongous regions: 5->5
[2024-08-28T13:04:26.894+0000][info][gc,metaspace   ] GC(857) Metaspace: 100K(320K)->100K(320K) NonClass: 96K(192K)->96K(192K) Class: 4K(128K)->4K(128K)
[2024-08-28T13:04:26.894+0000][info][gc             ] GC(857) Pause Young (Concurrent Start) (G1 Evacuation Pause) 684M->686M(1024M) 22.228ms
[2024-08-28T13:04:26.894+0000][info][gc,cpu         ] GC(857) User=0.49s Sys=0.01s Real=0.02s
[2024-08-28T13:04:26.894+0000][info][gc             ] GC(858) Concurrent Mark Cycle
[2024-08-28T13:04:26.894+0000][info][gc,marking     ] GC(858) Concurrent Clear Claimed Marks
[2024-08-28T13:04:26.894+0000][info][gc,marking     ] GC(858) Concurrent Clear Claimed Marks 0.010ms
[2024-08-28T13:04:26.894+0000][info][gc,marking     ] GC(858) Concurrent Scan Root Regions
[2024-08-28T13:04:26.898+0000][info][gc,marking     ] GC(858) Concurrent Scan Root Regions 3.678ms
[2024-08-28T13:04:26.898+0000][info][gc,marking     ] GC(858) Concurrent Mark
[2024-08-28T13:04:26.898+0000][info][gc,marking     ] GC(858) Concurrent Mark From Roots
[2024-08-28T13:04:26.898+0000][info][gc,task        ] GC(858) Using 17 workers of 17 for marking
[2024-08-28T13:04:26.920+0000][info][gc,marking     ] GC(858) Concurrent Mark From Roots 21.863ms
[2024-08-28T13:04:26.920+0000][info][gc,marking     ] GC(858) Concurrent Preclean
[2024-08-28T13:04:26.921+0000][info][gc,marking     ] GC(858) Concurrent Preclean 0.954ms
[2024-08-28T13:04:26.921+0000][info][gc,start       ] GC(858) Pause Remark
[2024-08-28T13:04:26.923+0000][info][gc             ] GC(858) Pause Remark 721M->721M(1024M) 1.658ms
[2024-08-28T13:04:26.923+0000][info][gc,cpu         ] GC(858) User=0.01s Sys=0.00s Real=0.00s
[2024-08-28T13:04:26.923+0000][info][gc,marking     ] GC(858) Concurrent Mark 25.157ms
[2024-08-28T13:04:26.923+0000][info][gc,marking     ] GC(858) Concurrent Rebuild Remembered Sets
[2024-08-28T13:04:26.942+0000][info][gc,start       ] GC(859) Pause Young (Normal) (G1 Evacuation Pause)
[2024-08-28T13:04:26.942+0000][info][gc,task        ] GC(859) Using 24 workers of 68 for evacuation
[2024-08-28T13:04:26.960+0000][info][gc,phases      ] GC(859)   Pre Evacuate Collection Set: 0.2ms
[2024-08-28T13:04:26.960+0000][info][gc,phases      ] GC(859)   Merge Heap Roots: 0.3ms
[2024-08-28T13:04:26.960+0000][info][gc,phases      ] GC(859)   Evacuate Collection Set: 16.3ms
[2024-08-28T13:04:26.960+0000][info][gc,phases      ] GC(859)   Post Evacuate Collection Set: 0.6ms
[2024-08-28T13:04:26.960+0000][info][gc,phases      ] GC(859)   Other: 0.3ms
[2024-08-28T13:04:26.960+0000][info][gc,heap        ] GC(859) Eden regions: 69->0(46)
[2024-08-28T13:04:26.960+0000][info][gc,heap        ] GC(859) Survivor regions: 16->11(11)
[2024-08-28T13:04:26.960+0000][info][gc,heap        ] GC(859) Old regions: 678->757
[2024-08-28T13:04:26.960+0000][info][gc,heap        ] GC(859) Archive regions: 2->2
[2024-08-28T13:04:26.960+0000][info][gc,heap        ] GC(859) Humongous regions: 5->5
[2024-08-28T13:04:26.960+0000][info][gc,metaspace   ] GC(859) Metaspace: 100K(320K)->100K(320K) NonClass: 96K(192K)->96K(192K) Class: 4K(128K)->4K(128K)
[2024-08-28T13:04:26.960+0000][info][gc             ] GC(859) Pause Young (Normal) (G1 Evacuation Pause) 755M->759M(1024M) 17.817ms
[2024-08-28T13:04:26.960+0000][info][gc,cpu         ] GC(859) User=0.40s Sys=0.01s Real=0.02s
[2024-08-28T13:04:26.985+0000][info][gc,start       ] GC(860) Pause Young (Normal) (G1 Evacuation Pause)
[2024-08-28T13:04:26.985+0000][info][gc,task        ] GC(860) Using 24 workers of 68 for evacuation
[2024-08-28T13:04:27.006+0000][info][gc,phases      ] GC(860)   Pre Evacuate Collection Set: 0.2ms
[2024-08-28T13:04:27.006+0000][info][gc,phases      ] GC(860)   Merge Heap Roots: 0.5ms
[2024-08-28T13:04:27.006+0000][info][gc,phases      ] GC(860)   Evacuate Collection Set: 18.8ms
[2024-08-28T13:04:27.006+0000][info][gc,phases      ] GC(860)   Post Evacuate Collection Set: 0.7ms
[2024-08-28T13:04:27.006+0000][info][gc,phases      ] GC(860)   Other: 0.3ms
[2024-08-28T13:04:27.006+0000][info][gc,heap        ] GC(860) Eden regions: 46->0(43)
[2024-08-28T13:04:27.006+0000][info][gc,heap        ] GC(860) Survivor regions: 11->8(8)
[2024-08-28T13:04:27.006+0000][info][gc,heap        ] GC(860) Old regions: 757->811
[2024-08-28T13:04:27.006+0000][info][gc,heap        ] GC(860) Archive regions: 2->2
[2024-08-28T13:04:27.006+0000][info][gc,heap        ] GC(860) Humongous regions: 5->5
[2024-08-28T13:04:27.006+0000][info][gc,metaspace   ] GC(860) Metaspace: 100K(320K)->100K(320K) NonClass: 96K(192K)->96K(192K) Class: 4K(128K)->4K(128K)
[2024-08-28T13:04:27.006+0000][info][gc             ] GC(860) Pause Young (Normal) (G1 Evacuation Pause) 805M->810M(1024M) 20.647ms
[2024-08-28T13:04:27.006+0000][info][gc,cpu         ] GC(860) User=0.46s Sys=0.00s Real=0.02s
[2024-08-28T13:04:27.025+0000][info][gc,marking     ] GC(858) Concurrent Rebuild Remembered Sets 102.339ms
[2024-08-28T13:04:27.026+0000][info][gc,start       ] GC(858) Pause Cleanup
[2024-08-28T13:04:27.028+0000][info][gc             ] GC(858) Pause Cleanup 845M->845M(1024M) 2.335ms
[2024-08-28T13:04:27.028+0000][info][gc,cpu         ] GC(858) User=0.01s Sys=0.00s Real=0.00s
[2024-08-28T13:04:27.028+0000][info][gc,marking     ] GC(858) Concurrent Cleanup for Next Mark
[2024-08-28T13:04:27.029+0000][info][gc,marking     ] GC(858) Concurrent Cleanup for Next Mark 0.911ms
[2024-08-28T13:04:27.029+0000][info][gc             ] GC(858) Concurrent Mark Cycle 135.140ms
[2024-08-28T13:04:27.034+0000][info][gc,start       ] GC(861) Pause Young (Prepare Mixed) (G1 Evacuation Pause)
[2024-08-28T13:04:27.034+0000][info][gc,task        ] GC(861) Using 24 workers of 68 for evacuation
[2024-08-28T13:04:27.049+0000][info][gc,phases      ] GC(861)   Pre Evacuate Collection Set: 0.2ms
[2024-08-28T13:04:27.049+0000][info][gc,phases      ] GC(861)   Merge Heap Roots: 0.5ms
[2024-08-28T13:04:27.049+0000][info][gc,phases      ] GC(861)   Evacuate Collection Set: 13.2ms
[2024-08-28T13:04:27.049+0000][info][gc,phases      ] GC(861)   Post Evacuate Collection Set: 0.3ms
[2024-08-28T13:04:27.049+0000][info][gc,phases      ] GC(861)   Other: 0.3ms
[2024-08-28T13:04:27.049+0000][info][gc,heap        ] GC(861) Eden regions: 43->0(44)
[2024-08-28T13:04:27.049+0000][info][gc,heap        ] GC(861) Survivor regions: 8->7(7)
[2024-08-28T13:04:27.049+0000][info][gc,heap        ] GC(861) Old regions: 811->859
[2024-08-28T13:04:27.049+0000][info][gc,heap        ] GC(861) Archive regions: 2->2
[2024-08-28T13:04:27.049+0000][info][gc,heap        ] GC(861) Humongous regions: 5->5
[2024-08-28T13:04:27.049+0000][info][gc,metaspace   ] GC(861) Metaspace: 100K(320K)->100K(320K) NonClass: 96K(192K)->96K(192K) Class: 4K(128K)->4K(128K)
[2024-08-28T13:04:27.049+0000][info][gc             ] GC(861) Pause Young (Prepare Mixed) (G1 Evacuation Pause) 853M->858M(1024M) 14.524ms
[2024-08-28T13:04:27.049+0000][info][gc,cpu         ] GC(861) User=0.32s Sys=0.00s Real=0.01s
[2024-08-28T13:04:27.074+0000][info][gc,start       ] GC(862) Pause Young (Mixed) (G1 Evacuation Pause)
[2024-08-28T13:04:27.074+0000][info][gc,task        ] GC(862) Using 24 workers of 68 for evacuation
[2024-08-28T13:04:27.086+0000][info][gc,phases      ] GC(862)   Pre Evacuate Collection Set: 0.2ms
[2024-08-28T13:04:27.086+0000][info][gc,phases      ] GC(862)   Merge Heap Roots: 0.3ms
[2024-08-28T13:04:27.086+0000][info][gc,phases      ] GC(862)   Evacuate Collection Set: 11.4ms
[2024-08-28T13:04:27.086+0000][info][gc,phases      ] GC(862)   Post Evacuate Collection Set: 0.5ms
[2024-08-28T13:04:27.086+0000][info][gc,phases      ] GC(862)   Other: 0.3ms
[2024-08-28T13:04:27.086+0000][info][gc,heap        ] GC(862) Eden regions: 44->0(44)
[2024-08-28T13:04:27.086+0000][info][gc,heap        ] GC(862) Survivor regions: 7->7(7)
[2024-08-28T13:04:27.086+0000][info][gc,heap        ] GC(862) Old regions: 859->803
[2024-08-28T13:04:27.086+0000][info][gc,heap        ] GC(862) Archive regions: 2->2
[2024-08-28T13:04:27.086+0000][info][gc,heap        ] GC(862) Humongous regions: 5->5
[2024-08-28T13:04:27.086+0000][info][gc,metaspace   ] GC(862) Metaspace: 100K(320K)->100K(320K) NonClass: 96K(192K)->96K(192K) Class: 4K(128K)->4K(128K)
[2024-08-28T13:04:27.086+0000][info][gc             ] GC(862) Pause Young (Mixed) (G1 Evacuation Pause) 902M->809M(1024M) 12.803ms
[2024-08-28T13:04:27.086+0000][info][gc,cpu         ] GC(862) User=0.26s Sys=0.02s Real=0.01s
[2024-08-28T13:04:27.111+0000][info][gc,start       ] GC(863) Pause Young (Mixed) (G1 Evacuation Pause)
[2024-08-28T13:04:27.111+0000][info][gc,task        ] GC(863) Using 24 workers of 68 for evacuation
[2024-08-28T13:04:27.125+0000][info][gc,phases      ] GC(863)   Pre Evacuate Collection Set: 0.2ms
[2024-08-28T13:04:27.125+0000][info][gc,phases      ] GC(863)   Merge Heap Roots: 0.5ms
[2024-08-28T13:04:27.125+0000][info][gc,phases      ] GC(863)   Evacuate Collection Set: 12.2ms
[2024-08-28T13:04:27.125+0000][info][gc,phases      ] GC(863)   Post Evacuate Collection Set: 0.4ms
[2024-08-28T13:04:27.125+0000][info][gc,phases      ] GC(863)   Other: 0.3ms
[2024-08-28T13:04:27.125+0000][info][gc,heap        ] GC(863) Eden regions: 44->0(47)
[2024-08-28T13:04:27.125+0000][info][gc,heap        ] GC(863) Survivor regions: 7->7(7)
[2024-08-28T13:04:27.125+0000][info][gc,heap        ] GC(863) Old regions: 803->756
[2024-08-28T13:04:27.125+0000][info][gc,heap        ] GC(863) Archive regions: 2->2
[2024-08-28T13:04:27.125+0000][info][gc,heap        ] GC(863) Humongous regions: 5->5
[2024-08-28T13:04:27.125+0000][info][gc,metaspace   ] GC(863) Metaspace: 100K(320K)->100K(320K) NonClass: 96K(192K)->96K(192K) Class: 4K(128K)->4K(128K)
[2024-08-28T13:04:27.125+0000][info][gc             ] GC(863) Pause Young (Mixed) (G1 Evacuation Pause) 853M->765M(1024M) 13.790ms
[2024-08-28T13:04:27.125+0000][info][gc,cpu         ] GC(863) User=0.30s Sys=0.00s Real=0.01s
[2024-08-28T13:04:27.151+0000][info][gc,start       ] GC(864) Pause Young (Concurrent Start) (G1 Evacuation Pause)
[2024-08-28T13:04:27.151+0000][info][gc,task        ] GC(864) Using 24 workers of 68 for evacuation
[2024-08-28T13:04:27.163+0000][info][gc,phases      ] GC(864)   Pre Evacuate Collection Set: 0.2ms
[2024-08-28T13:04:27.163+0000][info][gc,phases      ] GC(864)   Merge Heap Roots: 0.4ms
[2024-08-28T13:04:27.163+0000][info][gc,phases      ] GC(864)   Evacuate Collection Set: 10.5ms
[2024-08-28T13:04:27.163+0000][info][gc,phases      ] GC(864)   Post Evacuate Collection Set: 0.3ms
[2024-08-28T13:04:27.163+0000][info][gc,phases      ] GC(864)   Other: 1.0ms
[2024-08-28T13:04:27.163+0000][info][gc,heap        ] GC(864) Eden regions: 47->0(44)
[2024-08-28T13:04:27.163+0000][info][gc,heap        ] GC(864) Survivor regions: 7->7(7)
[2024-08-28T13:04:27.163+0000][info][gc,heap        ] GC(864) Old regions: 756->806
[2024-08-28T13:04:27.163+0000][info][gc,heap        ] GC(864) Archive regions: 2->2
[2024-08-28T13:04:27.163+0000][info][gc,heap        ] GC(864) Humongous regions: 5->5
[2024-08-28T13:04:27.163+0000][info][gc,metaspace   ] GC(864) Metaspace: 100K(320K)->100K(320K) NonClass: 96K(192K)->96K(192K) Class: 4K(128K)->4K(128K)
[2024-08-28T13:04:27.163+0000][info][gc             ] GC(864) Pause Young (Concurrent Start) (G1 Evacuation Pause) 812M->815M(1024M) 12.578ms
[2024-08-28T13:04:27.163+0000][info][gc,cpu         ] GC(864) User=0.26s Sys=0.00s Real=0.01s
[2024-08-28T13:04:27.163+0000][info][gc             ] GC(865) Concurrent Mark Cycle
[2024-08-28T13:04:27.164+0000][info][gc,marking     ] GC(865) Concurrent Clear Claimed Marks
[2024-08-28T13:04:27.164+0000][info][gc,marking     ] GC(865) Concurrent Clear Claimed Marks 0.010ms
[2024-08-28T13:04:27.164+0000][info][gc,marking     ] GC(865) Concurrent Scan Root Regions
[2024-08-28T13:04:27.165+0000][info][gc,marking     ] GC(865) Concurrent Scan Root Regions 1.842ms
[2024-08-28T13:04:27.165+0000][info][gc,marking     ] GC(865) Concurrent Mark
[2024-08-28T13:04:27.165+0000][info][gc,marking     ] GC(865) Concurrent Mark From Roots
[2024-08-28T13:04:27.165+0000][info][gc,task        ] GC(865) Using 17 workers of 17 for marking
[2024-08-28T13:04:27.191+0000][info][gc,marking     ] GC(865) Concurrent Mark From Roots 25.380ms
[2024-08-28T13:04:27.191+0000][info][gc,marking     ] GC(865) Concurrent Preclean
[2024-08-28T13:04:27.192+0000][info][gc,marking     ] GC(865) Concurrent Preclean 0.774ms
[2024-08-28T13:04:27.192+0000][info][gc,start       ] GC(865) Pause Remark
[2024-08-28T13:04:27.194+0000][info][gc             ] GC(865) Pause Remark 853M->853M(1024M) 1.781ms
[2024-08-28T13:04:27.194+0000][info][gc,cpu         ] GC(865) User=0.01s Sys=0.00s Real=0.00s
[2024-08-28T13:04:27.194+0000][info][gc,marking     ] GC(865) Concurrent Mark 28.516ms
[2024-08-28T13:04:27.194+0000][info][gc,marking     ] GC(865) Concurrent Rebuild Remembered Sets
[2024-08-28T13:04:27.198+0000][info][gc,start       ] GC(866) Pause Young (Normal) (G1 Evacuation Pause)
[2024-08-28T13:04:27.198+0000][info][gc,task        ] GC(866) Using 24 workers of 68 for evacuation
[2024-08-28T13:04:27.209+0000][info][gc,phases      ] GC(866)   Pre Evacuate Collection Set: 0.2ms
[2024-08-28T13:04:27.209+0000][info][gc,phases      ] GC(866)   Merge Heap Roots: 0.4ms
[2024-08-28T13:04:27.209+0000][info][gc,phases      ] GC(866)   Evacuate Collection Set: 10.0ms
[2024-08-28T13:04:27.210+0000][info][gc,phases      ] GC(866)   Post Evacuate Collection Set: 0.5ms
[2024-08-28T13:04:27.210+0000][info][gc,phases      ] GC(866)   Other: 0.3ms
[2024-08-28T13:04:27.210+0000][info][gc,heap        ] GC(866) Eden regions: 44->0(44)
[2024-08-28T13:04:27.210+0000][info][gc,heap        ] GC(866) Survivor regions: 7->7(7)
[2024-08-28T13:04:27.210+0000][info][gc,heap        ] GC(866) Old regions: 806->852
[2024-08-28T13:04:27.210+0000][info][gc,heap        ] GC(866) Archive regions: 2->2
[2024-08-28T13:04:27.210+0000][info][gc,heap        ] GC(866) Humongous regions: 5->5
[2024-08-28T13:04:27.210+0000][info][gc,metaspace   ] GC(866) Metaspace: 100K(320K)->100K(320K) NonClass: 96K(192K)->96K(192K) Class: 4K(128K)->4K(128K)
[2024-08-28T13:04:27.210+0000][info][gc             ] GC(866) Pause Young (Normal) (G1 Evacuation Pause) 859M->862M(1024M) 11.435ms
[2024-08-28T13:04:27.210+0000][info][gc,cpu         ] GC(866) User=0.25s Sys=0.01s Real=0.01s
[2024-08-28T13:04:27.234+0000][info][gc,start       ] GC(867) Pause Young (Normal) (G1 Evacuation Pause)
[2024-08-28T13:04:27.234+0000][info][gc,task        ] GC(867) Using 24 workers of 68 for evacuation
[2024-08-28T13:04:27.249+0000][info][gc,phases      ] GC(867)   Pre Evacuate Collection Set: 0.1ms
[2024-08-28T13:04:27.249+0000][info][gc,phases      ] GC(867)   Merge Heap Roots: 0.5ms
[2024-08-28T13:04:27.249+0000][info][gc,phases      ] GC(867)   Evacuate Collection Set: 13.2ms
[2024-08-28T13:04:27.249+0000][info][gc,phases      ] GC(867)   Post Evacuate Collection Set: 0.5ms
[2024-08-28T13:04:27.249+0000][info][gc,phases      ] GC(867)   Other: 0.2ms
[2024-08-28T13:04:27.249+0000][info][gc,heap        ] GC(867) Eden regions: 44->0(44)
[2024-08-28T13:04:27.249+0000][info][gc,heap        ] GC(867) Survivor regions: 7->7(7)
[2024-08-28T13:04:27.249+0000][info][gc,heap        ] GC(867) Old regions: 852->898
[2024-08-28T13:04:27.249+0000][info][gc,heap        ] GC(867) Archive regions: 2->2
[2024-08-28T13:04:27.249+0000][info][gc,heap        ] GC(867) Humongous regions: 5->5
[2024-08-28T13:04:27.249+0000][info][gc,metaspace   ] GC(867) Metaspace: 100K(320K)->100K(320K) NonClass: 96K(192K)->96K(192K) Class: 4K(128K)->4K(128K)
[2024-08-28T13:04:27.249+0000][info][gc             ] GC(867) Pause Young (Normal) (G1 Evacuation Pause) 906M->908M(1024M) 14.667ms
[2024-08-28T13:04:27.249+0000][info][gc,cpu         ] GC(867) User=0.33s Sys=0.00s Real=0.01s
[2024-08-28T13:04:27.273+0000][info][gc,start       ] GC(868) Pause Young (Normal) (G1 Evacuation Pause)
[2024-08-28T13:04:27.273+0000][info][gc,task        ] GC(868) Using 24 workers of 68 for evacuation
[2024-08-28T13:04:27.289+0000][info][gc,phases      ] GC(868)   Pre Evacuate Collection Set: 0.2ms
[2024-08-28T13:04:27.289+0000][info][gc,phases      ] GC(868)   Merge Heap Roots: 0.6ms
[2024-08-28T13:04:27.289+0000][info][gc,phases      ] GC(868)   Evacuate Collection Set: 14.9ms
[2024-08-28T13:04:27.289+0000][info][gc,phases      ] GC(868)   Post Evacuate Collection Set: 0.7ms
[2024-08-28T13:04:27.289+0000][info][gc,phases      ] GC(868)   Other: 0.3ms
[2024-08-28T13:04:27.289+0000][info][gc,heap        ] GC(868) Eden regions: 44->0(44)
[2024-08-28T13:04:27.289+0000][info][gc,heap        ] GC(868) Survivor regions: 7->7(7)
[2024-08-28T13:04:27.289+0000][info][gc,heap        ] GC(868) Old regions: 898->945
[2024-08-28T13:04:27.289+0000][info][gc,heap        ] GC(868) Archive regions: 2->2
[2024-08-28T13:04:27.289+0000][info][gc,heap        ] GC(868) Humongous regions: 5->5
[2024-08-28T13:04:27.290+0000][info][gc,metaspace   ] GC(868) Metaspace: 100K(320K)->100K(320K) NonClass: 96K(192K)->96K(192K) Class: 4K(128K)->4K(128K)
[2024-08-28T13:04:27.290+0000][info][gc             ] GC(868) Pause Young (Normal) (G1 Evacuation Pause) 952M->955M(1024M) 16.648ms
[2024-08-28T13:04:27.290+0000][info][gc,cpu         ] GC(868) User=0.37s Sys=0.00s Real=0.02s
[2024-08-28T13:04:27.303+0000][info][gc,marking     ] GC(865) Concurrent Rebuild Remembered Sets 108.747ms
[2024-08-28T13:04:27.303+0000][info][gc,start       ] GC(865) Pause Cleanup
[2024-08-28T13:04:27.305+0000][info][gc             ] GC(865) Pause Cleanup 978M->978M(1024M) 2.351ms
[2024-08-28T13:04:27.305+0000][info][gc,cpu         ] GC(865) User=0.00s Sys=0.00s Real=0.00s
[2024-08-28T13:04:27.305+0000][info][gc,marking     ] GC(865) Concurrent Cleanup for Next Mark
[2024-08-28T13:04:27.306+0000][info][gc,marking     ] GC(865) Concurrent Cleanup for Next Mark 0.745ms
[2024-08-28T13:04:27.306+0000][info][gc             ] GC(865) Concurrent Mark Cycle 142.772ms
[2024-08-28T13:04:27.309+0000][info][gc,start       ] GC(869) Pause Young (Prepare Mixed) (G1 Preventive Collection)
[2024-08-28T13:04:27.309+0000][info][gc,task        ] GC(869) Using 24 workers of 68 for evacuation
[2024-08-28T13:04:27.321+0000][info][gc,phases      ] GC(869)   Pre Evacuate Collection Set: 0.1ms
[2024-08-28T13:04:27.321+0000][info][gc,phases      ] GC(869)   Merge Heap Roots: 0.4ms
[2024-08-28T13:04:27.321+0000][info][gc,phases      ] GC(869)   Evacuate Collection Set: 10.8ms
[2024-08-28T13:04:27.321+0000][info][gc,phases      ] GC(869)   Post Evacuate Collection Set: 0.3ms
[2024-08-28T13:04:27.321+0000][info][gc,phases      ] GC(869)   Other: 0.2ms
[2024-08-28T13:04:27.321+0000][info][gc,heap        ] GC(869) Eden regions: 27->0(44)
[2024-08-28T13:04:27.321+0000][info][gc,heap        ] GC(869) Survivor regions: 7->7(7)
[2024-08-28T13:04:27.321+0000][info][gc,heap        ] GC(869) Old regions: 945->975
[2024-08-28T13:04:27.321+0000][info][gc,heap        ] GC(869) Archive regions: 2->2
[2024-08-28T13:04:27.321+0000][info][gc,heap        ] GC(869) Humongous regions: 5->5
[2024-08-28T13:04:27.321+0000][info][gc,metaspace   ] GC(869) Metaspace: 100K(320K)->100K(320K) NonClass: 96K(192K)->96K(192K) Class: 4K(128K)->4K(128K)
[2024-08-28T13:04:27.321+0000][info][gc             ] GC(869) Pause Young (Prepare Mixed) (G1 Preventive Collection) 982M->985M(1024M) 11.808ms
[2024-08-28T13:04:27.321+0000][info][gc,cpu         ] GC(869) User=0.26s Sys=0.00s Real=0.02s
[2024-08-28T13:04:27.328+0000][info][gc,start       ] GC(870) Pause Young (Mixed) (G1 Preventive Collection)
[2024-08-28T13:04:27.328+0000][info][gc,task        ] GC(870) Using 24 workers of 68 for evacuation
[2024-08-28T13:04:27.334+0000][info][gc,phases      ] GC(870)   Pre Evacuate Collection Set: 0.2ms
[2024-08-28T13:04:27.334+0000][info][gc,phases      ] GC(870)   Merge Heap Roots: 0.3ms
[2024-08-28T13:04:27.334+0000][info][gc,phases      ] GC(870)   Evacuate Collection Set: 4.9ms
[2024-08-28T13:04:27.334+0000][info][gc,phases      ] GC(870)   Post Evacuate Collection Set: 0.4ms
[2024-08-28T13:04:27.334+0000][info][gc,phases      ] GC(870)   Other: 0.3ms
[2024-08-28T13:04:27.334+0000][info][gc,heap        ] GC(870) Eden regions: 12->0(44)
[2024-08-28T13:04:27.334+0000][info][gc,heap        ] GC(870) Survivor regions: 7->7(7)
[2024-08-28T13:04:27.334+0000][info][gc,heap        ] GC(870) Old regions: 975->887
[2024-08-28T13:04:27.334+0000][info][gc,heap        ] GC(870) Archive regions: 2->2
[2024-08-28T13:04:27.334+0000][info][gc,heap        ] GC(870) Humongous regions: 5->5
[2024-08-28T13:04:27.334+0000][info][gc,metaspace   ] GC(870) Metaspace: 100K(320K)->100K(320K) NonClass: 96K(192K)->96K(192K) Class: 4K(128K)->4K(128K)
[2024-08-28T13:04:27.334+0000][info][gc             ] GC(870) Pause Young (Mixed) (G1 Preventive Collection) 997M->897M(1024M) 6.124ms
[2024-08-28T13:04:27.334+0000][info][gc,cpu         ] GC(870) User=0.12s Sys=0.01s Real=0.01s
[2024-08-28T13:04:27.357+0000][info][gc,start       ] GC(871) Pause Young (Mixed) (G1 Evacuation Pause)
[2024-08-28T13:04:27.357+0000][info][gc,task        ] GC(871) Using 24 workers of 68 for evacuation
[2024-08-28T13:04:27.368+0000][info][gc,phases      ] GC(871)   Pre Evacuate Collection Set: 0.2ms
[2024-08-28T13:04:27.368+0000][info][gc,phases      ] GC(871)   Merge Heap Roots: 0.3ms
[2024-08-28T13:04:27.368+0000][info][gc,phases      ] GC(871)   Evacuate Collection Set: 9.9ms
[2024-08-28T13:04:27.368+0000][info][gc,phases      ] GC(871)   Post Evacuate Collection Set: 0.4ms
[2024-08-28T13:04:27.368+0000][info][gc,phases      ] GC(871)   Other: 0.3ms
[2024-08-28T13:04:27.368+0000][info][gc,heap        ] GC(871) Eden regions: 44->0(44)
[2024-08-28T13:04:27.368+0000][info][gc,heap        ] GC(871) Survivor regions: 7->7(7)
[2024-08-28T13:04:27.368+0000][info][gc,heap        ] GC(871) Old regions: 887->829
[2024-08-28T13:04:27.368+0000][info][gc,heap        ] GC(871) Archive regions: 2->2
[2024-08-28T13:04:27.368+0000][info][gc,heap        ] GC(871) Humongous regions: 5->5
[2024-08-28T13:04:27.368+0000][info][gc,metaspace   ] GC(871) Metaspace: 100K(320K)->100K(320K) NonClass: 96K(192K)->96K(192K) Class: 4K(128K)->4K(128K)
[2024-08-28T13:04:27.368+0000][info][gc             ] GC(871) Pause Young (Mixed) (G1 Evacuation Pause) 941M->839M(1024M) 11.305ms
[2024-08-28T13:04:27.368+0000][info][gc,cpu         ] GC(871) User=0.24s Sys=0.00s Real=0.01s
[2024-08-28T13:04:27.391+0000][info][gc,start       ] GC(872) Pause Young (Mixed) (G1 Evacuation Pause)
[2024-08-28T13:04:27.391+0000][info][gc,task        ] GC(872) Using 24 workers of 68 for evacuation
[2024-08-28T13:04:27.405+0000][info][gc,phases      ] GC(872)   Pre Evacuate Collection Set: 0.2ms
[2024-08-28T13:04:27.405+0000][info][gc,phases      ] GC(872)   Merge Heap Roots: 0.4ms
[2024-08-28T13:04:27.405+0000][info][gc,phases      ] GC(872)   Evacuate Collection Set: 12.4ms
[2024-08-28T13:04:27.405+0000][info][gc,phases      ] GC(872)   Post Evacuate Collection Set: 0.4ms
[2024-08-28T13:04:27.405+0000][info][gc,phases      ] GC(872)   Other: 0.3ms
[2024-08-28T13:04:27.405+0000][info][gc,heap        ] GC(872) Eden regions: 44->0(44)
[2024-08-28T13:04:27.405+0000][info][gc,heap        ] GC(872) Survivor regions: 7->7(7)
[2024-08-28T13:04:27.405+0000][info][gc,heap        ] GC(872) Old regions: 829->788
[2024-08-28T13:04:27.405+0000][info][gc,heap        ] GC(872) Archive regions: 2->2
[2024-08-28T13:04:27.405+0000][info][gc,heap        ] GC(872) Humongous regions: 5->5
[2024-08-28T13:04:27.405+0000][info][gc,metaspace   ] GC(872) Metaspace: 100K(320K)->100K(320K) NonClass: 96K(192K)->96K(192K) Class: 4K(128K)->4K(128K)
[2024-08-28T13:04:27.405+0000][info][gc             ] GC(872) Pause Young (Mixed) (G1 Evacuation Pause) 883M->800M(1024M) 13.997ms
[2024-08-28T13:04:27.405+0000][info][gc,cpu         ] GC(872) User=0.30s Sys=0.00s Real=0.01s
[2024-08-28T13:04:27.430+0000][info][gc,start       ] GC(873) Pause Young (Mixed) (G1 Evacuation Pause)
[2024-08-28T13:04:27.430+0000][info][gc,task        ] GC(873) Using 24 workers of 68 for evacuation
[2024-08-28T13:04:27.443+0000][info][gc,phases      ] GC(873)   Pre Evacuate Collection Set: 0.2ms
[2024-08-28T13:04:27.443+0000][info][gc,phases      ] GC(873)   Merge Heap Roots: 0.3ms
[2024-08-28T13:04:27.443+0000][info][gc,phases      ] GC(873)   Evacuate Collection Set: 12.2ms
[2024-08-28T13:04:27.443+0000][info][gc,phases      ] GC(873)   Post Evacuate Collection Set: 0.4ms
[2024-08-28T13:04:27.443+0000][info][gc,phases      ] GC(873)   Other: 0.3ms
[2024-08-28T13:04:27.443+0000][info][gc,heap        ] GC(873) Eden regions: 44->0(44)
[2024-08-28T13:04:27.443+0000][info][gc,heap        ] GC(873) Survivor regions: 7->7(7)
[2024-08-28T13:04:27.443+0000][info][gc,heap        ] GC(873) Old regions: 788->811
[2024-08-28T13:04:27.443+0000][info][gc,heap        ] GC(873) Archive regions: 2->2
[2024-08-28T13:04:27.443+0000][info][gc,heap        ] GC(873) Humongous regions: 5->5
[2024-08-28T13:04:27.443+0000][info][gc,metaspace   ] GC(873) Metaspace: 100K(320K)->100K(320K) NonClass: 96K(192K)->96K(192K) Class: 4K(128K)->4K(128K)
[2024-08-28T13:04:27.443+0000][info][gc             ] GC(873) Pause Young (Mixed) (G1 Evacuation Pause) 844M->823M(1024M) 13.595ms
[2024-08-28T13:04:27.443+0000][info][gc,cpu         ] GC(873) User=0.30s Sys=0.00s Real=0.01s
[2024-08-28T13:04:27.468+0000][info][gc,start       ] GC(874) Pause Young (Concurrent Start) (G1 Evacuation Pause)
[2024-08-28T13:04:27.468+0000][info][gc,task        ] GC(874) Using 24 workers of 68 for evacuation
[2024-08-28T13:04:27.480+0000][info][gc,phases      ] GC(874)   Pre Evacuate Collection Set: 0.2ms
[2024-08-28T13:04:27.480+0000][info][gc,phases      ] GC(874)   Merge Heap Roots: 0.3ms
[2024-08-28T13:04:27.480+0000][info][gc,phases      ] GC(874)   Evacuate Collection Set: 10.4ms
[2024-08-28T13:04:27.481+0000][info][gc,phases      ] GC(874)   Post Evacuate Collection Set: 0.4ms
[2024-08-28T13:04:27.481+0000][info][gc,phases      ] GC(874)   Other: 1.0ms
[2024-08-28T13:04:27.481+0000][info][gc,heap        ] GC(874) Eden regions: 44->0(44)
[2024-08-28T13:04:27.481+0000][info][gc,heap        ] GC(874) Survivor regions: 7->7(7)
[2024-08-28T13:04:27.481+0000][info][gc,heap        ] GC(874) Old regions: 811->858
[2024-08-28T13:04:27.481+0000][info][gc,heap        ] GC(874) Archive regions: 2->2
[2024-08-28T13:04:27.481+0000][info][gc,heap        ] GC(874) Humongous regions: 5->5
[2024-08-28T13:04:27.481+0000][info][gc,metaspace   ] GC(874) Metaspace: 100K(320K)->100K(320K) NonClass: 96K(192K)->96K(192K) Class: 4K(128K)->4K(128K)
[2024-08-28T13:04:27.481+0000][info][gc             ] GC(874) Pause Young (Concurrent Start) (G1 Evacuation Pause) 867M->870M(1024M) 12.337ms
[2024-08-28T13:04:27.481+0000][info][gc,cpu         ] GC(874) User=0.25s Sys=0.00s Real=0.02s
[2024-08-28T13:04:27.481+0000][info][gc             ] GC(875) Concurrent Mark Cycle
[2024-08-28T13:04:27.481+0000][info][gc,marking     ] GC(875) Concurrent Clear Claimed Marks
[2024-08-28T13:04:27.481+0000][info][gc,marking     ] GC(875) Concurrent Clear Claimed Marks 0.011ms
[2024-08-28T13:04:27.481+0000][info][gc,marking     ] GC(875) Concurrent Scan Root Regions
[2024-08-28T13:04:27.483+0000][info][gc,marking     ] GC(875) Concurrent Scan Root Regions 1.788ms
[2024-08-28T13:04:27.483+0000][info][gc,marking     ] GC(875) Concurrent Mark
[2024-08-28T13:04:27.483+0000][info][gc,marking     ] GC(875) Concurrent Mark From Roots
[2024-08-28T13:04:27.483+0000][info][gc,task        ] GC(875) Using 17 workers of 17 for marking
[2024-08-28T13:04:27.508+0000][info][gc,marking     ] GC(875) Concurrent Mark From Roots 25.444ms
[2024-08-28T13:04:27.508+0000][info][gc,marking     ] GC(875) Concurrent Preclean
[2024-08-28T13:04:27.509+0000][info][gc,marking     ] GC(875) Concurrent Preclean 0.827ms
[2024-08-28T13:04:27.509+0000][info][gc,start       ] GC(875) Pause Remark
[2024-08-28T13:04:27.511+0000][info][gc             ] GC(875) Pause Remark 908M->908M(1024M) 1.664ms
[2024-08-28T13:04:27.511+0000][info][gc,cpu         ] GC(875) User=0.00s Sys=0.01s Real=0.01s
[2024-08-28T13:04:27.511+0000][info][gc,marking     ] GC(875) Concurrent Mark 28.435ms
[2024-08-28T13:04:27.511+0000][info][gc,marking     ] GC(875) Concurrent Rebuild Remembered Sets
[2024-08-28T13:04:27.516+0000][info][gc,start       ] GC(876) Pause Young (Normal) (G1 Evacuation Pause)
[2024-08-28T13:04:27.516+0000][info][gc,task        ] GC(876) Using 24 workers of 68 for evacuation
[2024-08-28T13:04:27.526+0000][info][gc,phases      ] GC(876)   Pre Evacuate Collection Set: 0.2ms
[2024-08-28T13:04:27.527+0000][info][gc,phases      ] GC(876)   Merge Heap Roots: 0.4ms
[2024-08-28T13:04:27.527+0000][info][gc,phases      ] GC(876)   Evacuate Collection Set: 9.8ms
[2024-08-28T13:04:27.527+0000][info][gc,phases      ] GC(876)   Post Evacuate Collection Set: 0.5ms
[2024-08-28T13:04:27.527+0000][info][gc,phases      ] GC(876)   Other: 0.2ms
[2024-08-28T13:04:27.527+0000][info][gc,heap        ] GC(876) Eden regions: 44->0(44)
[2024-08-28T13:04:27.527+0000][info][gc,heap        ] GC(876) Survivor regions: 7->7(7)
[2024-08-28T13:04:27.527+0000][info][gc,heap        ] GC(876) Old regions: 858->906
[2024-08-28T13:04:27.527+0000][info][gc,heap        ] GC(876) Archive regions: 2->2
[2024-08-28T13:04:27.527+0000][info][gc,heap        ] GC(876) Humongous regions: 5->5
[2024-08-28T13:04:27.527+0000][info][gc,metaspace   ] GC(876) Metaspace: 100K(320K)->100K(320K) NonClass: 96K(192K)->96K(192K) Class: 4K(128K)->4K(128K)
[2024-08-28T13:04:27.527+0000][info][gc             ] GC(876) Pause Young (Normal) (G1 Evacuation Pause) 914M->918M(1024M) 11.154ms
[2024-08-28T13:04:27.527+0000][info][gc,cpu         ] GC(876) User=0.25s Sys=0.00s Real=0.01s
[2024-08-28T13:04:27.551+0000][info][gc,start       ] GC(877) Pause Young (Normal) (G1 Evacuation Pause)
[2024-08-28T13:04:27.551+0000][info][gc,task        ] GC(877) Using 24 workers of 68 for evacuation
[2024-08-28T13:04:27.566+0000][info][gc,phases      ] GC(877)   Pre Evacuate Collection Set: 0.2ms
[2024-08-28T13:04:27.566+0000][info][gc,phases      ] GC(877)   Merge Heap Roots: 0.4ms
[2024-08-28T13:04:27.566+0000][info][gc,phases      ] GC(877)   Evacuate Collection Set: 13.7ms
[2024-08-28T13:04:27.566+0000][info][gc,phases      ] GC(877)   Post Evacuate Collection Set: 0.6ms
[2024-08-28T13:04:27.566+0000][info][gc,phases      ] GC(877)   Other: 0.3ms
[2024-08-28T13:04:27.566+0000][info][gc,heap        ] GC(877) Eden regions: 44->0(44)
[2024-08-28T13:04:27.566+0000][info][gc,heap        ] GC(877) Survivor regions: 7->7(7)
[2024-08-28T13:04:27.566+0000][info][gc,heap        ] GC(877) Old regions: 906->952
[2024-08-28T13:04:27.567+0000][info][gc,heap        ] GC(877) Archive regions: 2->2
[2024-08-28T13:04:27.567+0000][info][gc,heap        ] GC(877) Humongous regions: 5->5
[2024-08-28T13:04:27.567+0000][info][gc,metaspace   ] GC(877) Metaspace: 100K(320K)->100K(320K) NonClass: 96K(192K)->96K(192K) Class: 4K(128K)->4K(128K)
[2024-08-28T13:04:27.567+0000][info][gc             ] GC(877) Pause Young (Normal) (G1 Evacuation Pause) 962M->964M(1024M) 15.236ms
[2024-08-28T13:04:27.567+0000][info][gc,cpu         ] GC(877) User=0.34s Sys=0.00s Real=0.01s
[2024-08-28T13:04:27.580+0000][info][gc,start       ] GC(878) Pause Young (Normal) (G1 Preventive Collection)
[2024-08-28T13:04:27.580+0000][info][gc,task        ] GC(878) Using 24 workers of 68 for evacuation
[2024-08-28T13:04:27.594+0000][info][gc             ] GC(878) To-space exhausted
[2024-08-28T13:04:27.594+0000][info][gc,phases      ] GC(878)   Pre Evacuate Collection Set: 0.1ms
[2024-08-28T13:04:27.594+0000][info][gc,phases      ] GC(878)   Merge Heap Roots: 0.5ms
[2024-08-28T13:04:27.594+0000][info][gc,phases      ] GC(878)   Evacuate Collection Set: 11.8ms
[2024-08-28T13:04:27.594+0000][info][gc,phases      ] GC(878)   Post Evacuate Collection Set: 1.0ms
[2024-08-28T13:04:27.594+0000][info][gc,phases      ] GC(878)   Other: 0.3ms
[2024-08-28T13:04:27.594+0000][info][gc,heap        ] GC(878) Eden regions: 24->0(44)
[2024-08-28T13:04:27.594+0000][info][gc,heap        ] GC(878) Survivor regions: 7->7(7)
[2024-08-28T13:04:27.594+0000][info][gc,heap        ] GC(878) Old regions: 952->1000
[2024-08-28T13:04:27.594+0000][info][gc,heap        ] GC(878) Archive regions: 2->2
[2024-08-28T13:04:27.594+0000][info][gc,heap        ] GC(878) Humongous regions: 5->5
[2024-08-28T13:04:27.594+0000][info][gc,metaspace   ] GC(878) Metaspace: 100K(320K)->100K(320K) NonClass: 96K(192K)->96K(192K) Class: 4K(128K)->4K(128K)
[2024-08-28T13:04:27.594+0000][info][gc             ] GC(878) Pause Young (Normal) (G1 Preventive Collection) 988M->1012M(1024M) 13.879ms
[2024-08-28T13:04:27.594+0000][info][gc,cpu         ] GC(878) User=0.30s Sys=0.00s Real=0.01s
[2024-08-28T13:04:27.595+0000][info][gc,start       ] GC(879) Pause Young (Normal) (G1 Preventive Collection)
[2024-08-28T13:04:27.595+0000][info][gc,task        ] GC(879) Using 24 workers of 68 for evacuation
[2024-08-28T13:04:27.605+0000][info][gc             ] GC(879) To-space exhausted
[2024-08-28T13:04:27.605+0000][info][gc,phases      ] GC(879)   Pre Evacuate Collection Set: 0.1ms
[2024-08-28T13:04:27.605+0000][info][gc,phases      ] GC(879)   Merge Heap Roots: 0.5ms
[2024-08-28T13:04:27.605+0000][info][gc,phases      ] GC(879)   Evacuate Collection Set: 8.2ms
[2024-08-28T13:04:27.605+0000][info][gc,phases      ] GC(879)   Post Evacuate Collection Set: 0.8ms
[2024-08-28T13:04:27.605+0000][info][gc,phases      ] GC(879)   Other: 0.2ms
[2024-08-28T13:04:27.605+0000][info][gc,heap        ] GC(879) Eden regions: 1->0(50)
[2024-08-28T13:04:27.605+0000][info][gc,heap        ] GC(879) Survivor regions: 7->1(7)
[2024-08-28T13:04:27.605+0000][info][gc,heap        ] GC(879) Old regions: 1000->1016
[2024-08-28T13:04:27.605+0000][info][gc,heap        ] GC(879) Archive regions: 2->2
[2024-08-28T13:04:27.605+0000][info][gc,heap        ] GC(879) Humongous regions: 5->5
[2024-08-28T13:04:27.605+0000][info][gc,metaspace   ] GC(879) Metaspace: 100K(320K)->100K(320K) NonClass: 96K(192K)->96K(192K) Class: 4K(128K)->4K(128K)
[2024-08-28T13:04:27.605+0000][info][gc             ] GC(879) Pause Young (Normal) (G1 Preventive Collection) 1013M->1022M(1024M) 9.862ms
[2024-08-28T13:04:27.605+0000][info][gc,cpu         ] GC(879) User=0.22s Sys=0.00s Real=0.01s
[2024-08-28T13:04:27.605+0000][info][gc,ergo        ] Attempting full compaction
[2024-08-28T13:04:27.605+0000][info][gc,task        ] GC(880) Using 24 workers of 68 for full compaction
[2024-08-28T13:04:27.605+0000][info][gc,start       ] GC(880) Pause Full (G1 Compaction Pause)
[2024-08-28T13:04:27.606+0000][info][gc,phases,start] GC(880) Phase 1: Mark live objects
[2024-08-28T13:04:27.622+0000][info][gc,phases      ] GC(880) Phase 1: Mark live objects 15.498ms
[2024-08-28T13:04:27.622+0000][info][gc,phases,start] GC(880) Phase 2: Prepare for compaction
[2024-08-28T13:04:27.631+0000][info][gc,phases      ] GC(880) Phase 2: Prepare for compaction 9.151ms
[2024-08-28T13:04:27.631+0000][info][gc,phases,start] GC(880) Phase 3: Adjust pointers
[2024-08-28T13:04:27.649+0000][info][gc,phases      ] GC(880) Phase 3: Adjust pointers 18.029ms
[2024-08-28T13:04:27.649+0000][info][gc,phases,start] GC(880) Phase 4: Compact heap
[2024-08-28T13:04:27.681+0000][info][gc,phases      ] GC(880) Phase 4: Compact heap 31.761ms
[2024-08-28T13:04:27.682+0000][info][gc,heap        ] GC(880) Eden regions: 0->0(150)
[2024-08-28T13:04:27.682+0000][info][gc,heap        ] GC(880) Survivor regions: 1->0(7)
[2024-08-28T13:04:27.682+0000][info][gc,heap        ] GC(880) Old regions: 1016->443
[2024-08-28T13:04:27.682+0000][info][gc,heap        ] GC(880) Archive regions: 2->2
[2024-08-28T13:04:27.682+0000][info][gc,heap        ] GC(880) Humongous regions: 5->5
[2024-08-28T13:04:27.682+0000][info][gc,metaspace   ] GC(880) Metaspace: 100K(320K)->100K(320K) NonClass: 96K(192K)->96K(192K) Class: 4K(128K)->4K(128K)
[2024-08-28T13:04:27.682+0000][info][gc             ] GC(880) Pause Full (G1 Compaction Pause) 1022M->435M(1024M) 76.952ms
[2024-08-28T13:04:27.682+0000][info][gc,cpu         ] GC(880) User=1.60s Sys=0.00s Real=0.08s
[2024-08-28T13:04:27.683+0000][info][gc,marking     ] GC(875) Concurrent Rebuild Remembered Sets 171.585ms
[2024-08-28T13:04:27.683+0000][info][gc,marking     ] GC(875) Concurrent Mark Abort
[2024-08-28T13:04:27.683+0000][info][gc             ] GC(875) Concurrent Mark Cycle 201.973ms
[2024-08-28T13:04:27.771+0000][info][gc,start       ] GC(881) Pause Young (Normal) (G1 Evacuation Pause)
[2024-08-28T13:04:27.771+0000][info][gc,task        ] GC(881) Using 24 workers of 68 for evacuation
[2024-08-28T13:04:27.794+0000][info][gc,phases      ] GC(881)   Pre Evacuate Collection Set: 0.2ms
[2024-08-28T13:04:27.795+0000][info][gc,phases      ] GC(881)   Merge Heap Roots: 0.4ms
[2024-08-28T13:04:27.795+0000][info][gc,phases      ] GC(881)   Evacuate Collection Set: 21.9ms
[2024-08-28T13:04:27.795+0000][info][gc,phases      ] GC(881)   Post Evacuate Collection Set: 0.4ms
[2024-08-28T13:04:27.795+0000][info][gc,phases      ] GC(881)   Other: 0.3ms
[2024-08-28T13:04:27.795+0000][info][gc,heap        ] GC(881) Eden regions: 150->0(103)
[2024-08-28T13:04:27.795+0000][info][gc,heap        ] GC(881) Survivor regions: 0->19(19)
[2024-08-28T13:04:27.795+0000][info][gc,heap        ] GC(881) Old regions: 443->570
[2024-08-28T13:04:27.795+0000][info][gc,heap        ] GC(881) Archive regions: 2->2
[2024-08-28T13:04:27.795+0000][info][gc,heap        ] GC(881) Humongous regions: 5->5
[2024-08-28T13:04:27.795+0000][info][gc,metaspace   ] GC(881) Metaspace: 100K(320K)->100K(320K) NonClass: 96K(192K)->96K(192K) Class: 4K(128K)->4K(128K)
[2024-08-28T13:04:27.795+0000][info][gc             ] GC(881) Pause Young (Normal) (G1 Evacuation Pause) 585M->581M(1024M) 23.301ms
[2024-08-28T13:04:27.795+0000][info][gc,cpu         ] GC(881) User=0.54s Sys=0.00s Real=0.02s
[2024-08-28T13:04:27.852+0000][info][gc,start       ] GC(882) Pause Young (Concurrent Start) (G1 Evacuation Pause)
[2024-08-28T13:04:27.852+0000][info][gc,task        ] GC(882) Using 24 workers of 68 for evacuation
[2024-08-28T13:04:27.874+0000][info][gc,phases      ] GC(882)   Pre Evacuate Collection Set: 0.2ms
[2024-08-28T13:04:27.874+0000][info][gc,phases      ] GC(882)   Merge Heap Roots: 0.5ms
[2024-08-28T13:04:27.874+0000][info][gc,phases      ] GC(882)   Evacuate Collection Set: 19.4ms
[2024-08-28T13:04:27.874+0000][info][gc,phases      ] GC(882)   Post Evacuate Collection Set: 0.4ms
[2024-08-28T13:04:27.874+0000][info][gc,phases      ] GC(882)   Other: 1.0ms
[2024-08-28T13:04:27.874+0000][info][gc,heap        ] GC(882) Eden regions: 103->0(70)
[2024-08-28T13:04:27.874+0000][info][gc,heap        ] GC(882) Survivor regions: 19->16(16)
[2024-08-28T13:04:27.874+0000][info][gc,heap        ] GC(882) Old regions: 570->676
[2024-08-28T13:04:27.874+0000][info][gc,heap        ] GC(882) Archive regions: 2->2
[2024-08-28T13:04:27.874+0000][info][gc,heap        ] GC(882) Humongous regions: 5->5
[2024-08-28T13:04:27.874+0000][info][gc,metaspace   ] GC(882) Metaspace: 100K(320K)->100K(320K) NonClass: 96K(192K)->96K(192K) Class: 4K(128K)->4K(128K)
[2024-08-28T13:04:27.874+0000][info][gc             ] GC(882) Pause Young (Concurrent Start) (G1 Evacuation Pause) 684M->684M(1024M) 21.661ms
[2024-08-28T13:04:27.874+0000][info][gc,cpu         ] GC(882) User=0.46s Sys=0.02s Real=0.02s
[2024-08-28T13:04:27.874+0000][info][gc             ] GC(883) Concurrent Mark Cycle
[2024-08-28T13:04:27.874+0000][info][gc,marking     ] GC(883) Concurrent Clear Claimed Marks
[2024-08-28T13:04:27.874+0000][info][gc,marking     ] GC(883) Concurrent Clear Claimed Marks 0.016ms
[2024-08-28T13:04:27.874+0000][info][gc,marking     ] GC(883) Concurrent Scan Root Regions
[2024-08-28T13:04:27.878+0000][info][gc,marking     ] GC(883) Concurrent Scan Root Regions 3.978ms
[2024-08-28T13:04:27.878+0000][info][gc,marking     ] GC(883) Concurrent Mark
[2024-08-28T13:04:27.878+0000][info][gc,marking     ] GC(883) Concurrent Mark From Roots
[2024-08-28T13:04:27.878+0000][info][gc,task        ] GC(883) Using 17 workers of 17 for marking
[2024-08-28T13:04:27.899+0000][info][gc,marking     ] GC(883) Concurrent Mark From Roots 21.076ms
[2024-08-28T13:04:27.899+0000][info][gc,marking     ] GC(883) Concurrent Preclean
[2024-08-28T13:04:27.900+0000][info][gc,marking     ] GC(883) Concurrent Preclean 0.976ms
[2024-08-28T13:04:27.901+0000][info][gc,start       ] GC(883) Pause Remark
[2024-08-28T13:04:27.902+0000][info][gc             ] GC(883) Pause Remark 718M->718M(1024M) 1.562ms
[2024-08-28T13:04:27.902+0000][info][gc,cpu         ] GC(883) User=0.01s Sys=0.00s Real=0.00s
[2024-08-28T13:04:27.902+0000][info][gc,marking     ] GC(883) Concurrent Mark 24.204ms
[2024-08-28T13:04:27.902+0000][info][gc,marking     ] GC(883) Concurrent Rebuild Remembered Sets
[2024-08-28T13:04:27.923+0000][info][gc,start       ] GC(884) Pause Young (Normal) (G1 Evacuation Pause)
[2024-08-28T13:04:27.923+0000][info][gc,task        ] GC(884) Using 24 workers of 68 for evacuation
[2024-08-28T13:04:27.941+0000][info][gc,phases      ] GC(884)   Pre Evacuate Collection Set: 0.2ms
[2024-08-28T13:04:27.941+0000][info][gc,phases      ] GC(884)   Merge Heap Roots: 0.3ms
[2024-08-28T13:04:27.941+0000][info][gc,phases      ] GC(884)   Evacuate Collection Set: 16.4ms
[2024-08-28T13:04:27.941+0000][info][gc,phases      ] GC(884)   Post Evacuate Collection Set: 0.6ms
[2024-08-28T13:04:27.941+0000][info][gc,phases      ] GC(884)   Other: 0.3ms
[2024-08-28T13:04:27.941+0000][info][gc,heap        ] GC(884) Eden regions: 70->0(47)
[2024-08-28T13:04:27.941+0000][info][gc,heap        ] GC(884) Survivor regions: 16->11(11)
[2024-08-28T13:04:27.941+0000][info][gc,heap        ] GC(884) Old regions: 676->753
[2024-08-28T13:04:27.941+0000][info][gc,heap        ] GC(884) Archive regions: 2->2
[2024-08-28T13:04:27.941+0000][info][gc,heap        ] GC(884) Humongous regions: 5->5
[2024-08-28T13:04:27.941+0000][info][gc,metaspace   ] GC(884) Metaspace: 100K(320K)->100K(320K) NonClass: 96K(192K)->96K(192K) Class: 4K(128K)->4K(128K)
[2024-08-28T13:04:27.941+0000][info][gc             ] GC(884) Pause Young (Normal) (G1 Evacuation Pause) 754M->756M(1024M) 17.949ms
[2024-08-28T13:04:27.941+0000][info][gc,cpu         ] GC(884) User=0.40s Sys=0.00s Real=0.02s
[2024-08-28T13:04:27.968+0000][info][gc,start       ] GC(885) Pause Young (Normal) (G1 Evacuation Pause)
[2024-08-28T13:04:27.968+0000][info][gc,task        ] GC(885) Using 24 workers of 68 for evacuation
[2024-08-28T13:04:27.988+0000][info][gc,phases      ] GC(885)   Pre Evacuate Collection Set: 0.2ms
[2024-08-28T13:04:27.988+0000][info][gc,phases      ] GC(885)   Merge Heap Roots: 0.5ms
[2024-08-28T13:04:27.988+0000][info][gc,phases      ] GC(885)   Evacuate Collection Set: 18.5ms
[2024-08-28T13:04:27.988+0000][info][gc,phases      ] GC(885)   Post Evacuate Collection Set: 0.7ms
[2024-08-28T13:04:27.988+0000][info][gc,phases      ] GC(885)   Other: 0.3ms
[2024-08-28T13:04:27.988+0000][info][gc,heap        ] GC(885) Eden regions: 47->0(43)
[2024-08-28T13:04:27.988+0000][info][gc,heap        ] GC(885) Survivor regions: 11->8(8)
[2024-08-28T13:04:27.988+0000][info][gc,heap        ] GC(885) Old regions: 753->806
[2024-08-28T13:04:27.988+0000][info][gc,heap        ] GC(885) Archive regions: 2->2
[2024-08-28T13:04:27.988+0000][info][gc,heap        ] GC(885) Humongous regions: 5->5
[2024-08-28T13:04:27.988+0000][info][gc,metaspace   ] GC(885) Metaspace: 100K(320K)->100K(320K) NonClass: 96K(192K)->96K(192K) Class: 4K(128K)->4K(128K)
[2024-08-28T13:04:27.988+0000][info][gc             ] GC(885) Pause Young (Normal) (G1 Evacuation Pause) 803M->806M(1024M) 20.252ms
[2024-08-28T13:04:27.988+0000][info][gc,cpu         ] GC(885) User=0.46s Sys=0.00s Real=0.02s
[2024-08-28T13:04:28.008+0000][info][gc,marking     ] GC(883) Concurrent Rebuild Remembered Sets 105.450ms
[2024-08-28T13:04:28.008+0000][info][gc,start       ] GC(883) Pause Cleanup
[2024-08-28T13:04:28.009+0000][info][gc             ] GC(883) Pause Cleanup 840M->840M(1024M) 1.046ms
[2024-08-28T13:04:28.009+0000][info][gc,cpu         ] GC(883) User=0.00s Sys=0.00s Real=0.00s
[2024-08-28T13:04:28.009+0000][info][gc,marking     ] GC(883) Concurrent Cleanup for Next Mark
[2024-08-28T13:04:28.010+0000][info][gc,marking     ] GC(883) Concurrent Cleanup for Next Mark 0.748ms
[2024-08-28T13:04:28.010+0000][info][gc             ] GC(883) Concurrent Mark Cycle 135.976ms
[2024-08-28T13:04:28.016+0000][info][gc,start       ] GC(886) Pause Young (Prepare Mixed) (G1 Evacuation Pause)
[2024-08-28T13:04:28.016+0000][info][gc,task        ] GC(886) Using 24 workers of 68 for evacuation
[2024-08-28T13:04:28.030+0000][info][gc,phases      ] GC(886)   Pre Evacuate Collection Set: 0.2ms
[2024-08-28T13:04:28.030+0000][info][gc,phases      ] GC(886)   Merge Heap Roots: 0.5ms
[2024-08-28T13:04:28.030+0000][info][gc,phases      ] GC(886)   Evacuate Collection Set: 12.9ms
[2024-08-28T13:04:28.030+0000][info][gc,phases      ] GC(886)   Post Evacuate Collection Set: 0.3ms
[2024-08-28T13:04:28.030+0000][info][gc,phases      ] GC(886)   Other: 0.2ms
[2024-08-28T13:04:28.030+0000][info][gc,heap        ] GC(886) Eden regions: 43->0(44)
[2024-08-28T13:04:28.030+0000][info][gc,heap        ] GC(886) Survivor regions: 8->7(7)
[2024-08-28T13:04:28.030+0000][info][gc,heap        ] GC(886) Old regions: 806->855
[2024-08-28T13:04:28.030+0000][info][gc,heap        ] GC(886) Archive regions: 2->2
[2024-08-28T13:04:28.030+0000][info][gc,heap        ] GC(886) Humongous regions: 5->5
[2024-08-28T13:04:28.030+0000][info][gc,metaspace   ] GC(886) Metaspace: 100K(320K)->100K(320K) NonClass: 96K(192K)->96K(192K) Class: 4K(128K)->4K(128K)
[2024-08-28T13:04:28.030+0000][info][gc             ] GC(886) Pause Young (Prepare Mixed) (G1 Evacuation Pause) 849M->854M(1024M) 14.132ms
[2024-08-28T13:04:28.030+0000][info][gc,cpu         ] GC(886) User=0.31s Sys=0.01s Real=0.02s
[2024-08-28T13:04:28.055+0000][info][gc,start       ] GC(887) Pause Young (Mixed) (G1 Evacuation Pause)
[2024-08-28T13:04:28.055+0000][info][gc,task        ] GC(887) Using 24 workers of 68 for evacuation
[2024-08-28T13:04:28.067+0000][info][gc,phases      ] GC(887)   Pre Evacuate Collection Set: 0.2ms
[2024-08-28T13:04:28.067+0000][info][gc,phases      ] GC(887)   Merge Heap Roots: 0.3ms
[2024-08-28T13:04:28.067+0000][info][gc,phases      ] GC(887)   Evacuate Collection Set: 11.4ms
[2024-08-28T13:04:28.067+0000][info][gc,phases      ] GC(887)   Post Evacuate Collection Set: 0.4ms
[2024-08-28T13:04:28.067+0000][info][gc,phases      ] GC(887)   Other: 0.2ms
[2024-08-28T13:04:28.067+0000][info][gc,heap        ] GC(887) Eden regions: 44->0(44)
[2024-08-28T13:04:28.067+0000][info][gc,heap        ] GC(887) Survivor regions: 7->7(7)
[2024-08-28T13:04:28.067+0000][info][gc,heap        ] GC(887) Old regions: 855->799
[2024-08-28T13:04:28.067+0000][info][gc,heap        ] GC(887) Archive regions: 2->2
[2024-08-28T13:04:28.067+0000][info][gc,heap        ] GC(887) Humongous regions: 5->5
[2024-08-28T13:04:28.067+0000][info][gc,metaspace   ] GC(887) Metaspace: 100K(320K)->100K(320K) NonClass: 96K(192K)->96K(192K) Class: 4K(128K)->4K(128K)
[2024-08-28T13:04:28.067+0000][info][gc             ] GC(887) Pause Young (Mixed) (G1 Evacuation Pause) 898M->809M(1024M) 12.562ms
[2024-08-28T13:04:28.067+0000][info][gc,cpu         ] GC(887) User=0.28s Sys=0.00s Real=0.01s
[2024-08-28T13:04:28.091+0000][info][gc,start       ] GC(888) Pause Young (Mixed) (G1 Evacuation Pause)
[2024-08-28T13:04:28.091+0000][info][gc,task        ] GC(888) Using 24 workers of 68 for evacuation
[2024-08-28T13:04:28.103+0000][info][gc,phases      ] GC(888)   Pre Evacuate Collection Set: 0.2ms
[2024-08-28T13:04:28.103+0000][info][gc,phases      ] GC(888)   Merge Heap Roots: 0.5ms
[2024-08-28T13:04:28.103+0000][info][gc,phases      ] GC(888)   Evacuate Collection Set: 11.5ms
[2024-08-28T13:04:28.103+0000][info][gc,phases      ] GC(888)   Post Evacuate Collection Set: 0.4ms
[2024-08-28T13:04:28.103+0000][info][gc,phases      ] GC(888)   Other: 0.3ms
[2024-08-28T13:04:28.103+0000][info][gc,heap        ] GC(888) Eden regions: 44->0(48)
[2024-08-28T13:04:28.103+0000][info][gc,heap        ] GC(888) Survivor regions: 7->7(7)
[2024-08-28T13:04:28.103+0000][info][gc,heap        ] GC(888) Old regions: 799->754
[2024-08-28T13:04:28.103+0000][info][gc,heap        ] GC(888) Archive regions: 2->2
[2024-08-28T13:04:28.103+0000][info][gc,heap        ] GC(888) Humongous regions: 5->5
[2024-08-28T13:04:28.103+0000][info][gc,metaspace   ] GC(888) Metaspace: 100K(320K)->100K(320K) NonClass: 96K(192K)->96K(192K) Class: 4K(128K)->4K(128K)
[2024-08-28T13:04:28.104+0000][info][gc             ] GC(888) Pause Young (Mixed) (G1 Evacuation Pause) 853M->764M(1024M) 12.889ms
[2024-08-28T13:04:28.104+0000][info][gc,cpu         ] GC(888) User=0.29s Sys=0.00s Real=0.01s
[2024-08-28T13:04:28.129+0000][info][gc,start       ] GC(889) Pause Young (Concurrent Start) (G1 Evacuation Pause)
[2024-08-28T13:04:28.129+0000][info][gc,task        ] GC(889) Using 24 workers of 68 for evacuation
[2024-08-28T13:04:28.141+0000][info][gc,phases      ] GC(889)   Pre Evacuate Collection Set: 0.1ms
[2024-08-28T13:04:28.141+0000][info][gc,phases      ] GC(889)   Merge Heap Roots: 0.4ms
[2024-08-28T13:04:28.141+0000][info][gc,phases      ] GC(889)   Evacuate Collection Set: 10.8ms
[2024-08-28T13:04:28.141+0000][info][gc,phases      ] GC(889)   Post Evacuate Collection Set: 0.3ms
[2024-08-28T13:04:28.142+0000][info][gc,phases      ] GC(889)   Other: 0.7ms
[2024-08-28T13:04:28.142+0000][info][gc,heap        ] GC(889) Eden regions: 48->0(44)
[2024-08-28T13:04:28.142+0000][info][gc,heap        ] GC(889) Survivor regions: 7->7(7)
[2024-08-28T13:04:28.142+0000][info][gc,heap        ] GC(889) Old regions: 754->804
[2024-08-28T13:04:28.142+0000][info][gc,heap        ] GC(889) Archive regions: 2->2
[2024-08-28T13:04:28.142+0000][info][gc,heap        ] GC(889) Humongous regions: 5->5
[2024-08-28T13:04:28.142+0000][info][gc,metaspace   ] GC(889) Metaspace: 100K(320K)->100K(320K) NonClass: 96K(192K)->96K(192K) Class: 4K(128K)->4K(128K)
[2024-08-28T13:04:28.142+0000][info][gc             ] GC(889) Pause Young (Concurrent Start) (G1 Evacuation Pause) 812M->815M(1024M) 12.510ms
[2024-08-28T13:04:28.142+0000][info][gc,cpu         ] GC(889) User=0.26s Sys=0.00s Real=0.02s
[2024-08-28T13:04:28.142+0000][info][gc             ] GC(890) Concurrent Mark Cycle
[2024-08-28T13:04:28.142+0000][info][gc,marking     ] GC(890) Concurrent Clear Claimed Marks
[2024-08-28T13:04:28.142+0000][info][gc,marking     ] GC(890) Concurrent Clear Claimed Marks 0.036ms
[2024-08-28T13:04:28.142+0000][info][gc,marking     ] GC(890) Concurrent Scan Root Regions
[2024-08-28T13:04:28.144+0000][info][gc,marking     ] GC(890) Concurrent Scan Root Regions 1.920ms
[2024-08-28T13:04:28.144+0000][info][gc,marking     ] GC(890) Concurrent Mark
[2024-08-28T13:04:28.144+0000][info][gc,marking     ] GC(890) Concurrent Mark From Roots
[2024-08-28T13:04:28.144+0000][info][gc,task        ] GC(890) Using 17 workers of 17 for marking
[2024-08-28T13:04:28.169+0000][info][gc,marking     ] GC(890) Concurrent Mark From Roots 25.246ms
[2024-08-28T13:04:28.169+0000][info][gc,marking     ] GC(890) Concurrent Preclean
[2024-08-28T13:04:28.170+0000][info][gc,marking     ] GC(890) Concurrent Preclean 0.519ms
[2024-08-28T13:04:28.170+0000][info][gc,start       ] GC(890) Pause Remark
[2024-08-28T13:04:28.171+0000][info][gc             ] GC(890) Pause Remark 851M->851M(1024M) 1.542ms
[2024-08-28T13:04:28.171+0000][info][gc,cpu         ] GC(890) User=0.00s Sys=0.00s Real=0.00s
[2024-08-28T13:04:28.171+0000][info][gc,marking     ] GC(890) Concurrent Mark 27.660ms
[2024-08-28T13:04:28.171+0000][info][gc,marking     ] GC(890) Concurrent Rebuild Remembered Sets
[2024-08-28T13:04:28.177+0000][info][gc,start       ] GC(891) Pause Young (Normal) (G1 Evacuation Pause)
[2024-08-28T13:04:28.177+0000][info][gc,task        ] GC(891) Using 24 workers of 68 for evacuation
[2024-08-28T13:04:28.188+0000][info][gc,phases      ] GC(891)   Pre Evacuate Collection Set: 0.2ms
[2024-08-28T13:04:28.188+0000][info][gc,phases      ] GC(891)   Merge Heap Roots: 0.4ms
[2024-08-28T13:04:28.188+0000][info][gc,phases      ] GC(891)   Evacuate Collection Set: 9.6ms
[2024-08-28T13:04:28.188+0000][info][gc,phases      ] GC(891)   Post Evacuate Collection Set: 0.5ms
[2024-08-28T13:04:28.188+0000][info][gc,phases      ] GC(891)   Other: 0.3ms
[2024-08-28T13:04:28.188+0000][info][gc,heap        ] GC(891) Eden regions: 44->0(44)
[2024-08-28T13:04:28.188+0000][info][gc,heap        ] GC(891) Survivor regions: 7->7(7)
[2024-08-28T13:04:28.188+0000][info][gc,heap        ] GC(891) Old regions: 804->850
[2024-08-28T13:04:28.188+0000][info][gc,heap        ] GC(891) Archive regions: 2->2
[2024-08-28T13:04:28.188+0000][info][gc,heap        ] GC(891) Humongous regions: 5->5
[2024-08-28T13:04:28.188+0000][info][gc,metaspace   ] GC(891) Metaspace: 100K(320K)->100K(320K) NonClass: 96K(192K)->96K(192K) Class: 4K(128K)->4K(128K)
[2024-08-28T13:04:28.188+0000][info][gc             ] GC(891) Pause Young (Normal) (G1 Evacuation Pause) 859M->861M(1024M) 11.046ms
[2024-08-28T13:04:28.188+0000][info][gc,cpu         ] GC(891) User=0.24s Sys=0.01s Real=0.01s
[2024-08-28T13:04:28.213+0000][info][gc,start       ] GC(892) Pause Young (Normal) (G1 Evacuation Pause)
[2024-08-28T13:04:28.213+0000][info][gc,task        ] GC(892) Using 24 workers of 68 for evacuation
[2024-08-28T13:04:28.228+0000][info][gc,phases      ] GC(892)   Pre Evacuate Collection Set: 0.2ms
[2024-08-28T13:04:28.228+0000][info][gc,phases      ] GC(892)   Merge Heap Roots: 0.5ms
[2024-08-28T13:04:28.228+0000][info][gc,phases      ] GC(892)   Evacuate Collection Set: 13.8ms
[2024-08-28T13:04:28.228+0000][info][gc,phases      ] GC(892)   Post Evacuate Collection Set: 0.6ms
[2024-08-28T13:04:28.228+0000][info][gc,phases      ] GC(892)   Other: 0.3ms
[2024-08-28T13:04:28.228+0000][info][gc,heap        ] GC(892) Eden regions: 44->0(44)
[2024-08-28T13:04:28.228+0000][info][gc,heap        ] GC(892) Survivor regions: 7->7(7)
[2024-08-28T13:04:28.228+0000][info][gc,heap        ] GC(892) Old regions: 850->896
[2024-08-28T13:04:28.228+0000][info][gc,heap        ] GC(892) Archive regions: 2->2
[2024-08-28T13:04:28.228+0000][info][gc,heap        ] GC(892) Humongous regions: 5->5
[2024-08-28T13:04:28.228+0000][info][gc,metaspace   ] GC(892) Metaspace: 100K(320K)->100K(320K) NonClass: 96K(192K)->96K(192K) Class: 4K(128K)->4K(128K)
[2024-08-28T13:04:28.228+0000][info][gc             ] GC(892) Pause Young (Normal) (G1 Evacuation Pause) 905M->907M(1024M) 15.441ms
[2024-08-28T13:04:28.228+0000][info][gc,cpu         ] GC(892) User=0.34s Sys=0.00s Real=0.01s
[2024-08-28T13:04:28.253+0000][info][gc,start       ] GC(893) Pause Young (Normal) (G1 Evacuation Pause)
[2024-08-28T13:04:28.253+0000][info][gc,task        ] GC(893) Using 24 workers of 68 for evacuation
[2024-08-28T13:04:28.267+0000][info][gc,phases      ] GC(893)   Pre Evacuate Collection Set: 0.2ms
[2024-08-28T13:04:28.268+0000][info][gc,phases      ] GC(893)   Merge Heap Roots: 0.5ms
[2024-08-28T13:04:28.268+0000][info][gc,phases      ] GC(893)   Evacuate Collection Set: 13.0ms
[2024-08-28T13:04:28.268+0000][info][gc,phases      ] GC(893)   Post Evacuate Collection Set: 0.6ms
[2024-08-28T13:04:28.268+0000][info][gc,phases      ] GC(893)   Other: 0.3ms
[2024-08-28T13:04:28.268+0000][info][gc,heap        ] GC(893) Eden regions: 44->0(44)
[2024-08-28T13:04:28.268+0000][info][gc,heap        ] GC(893) Survivor regions: 7->7(7)
[2024-08-28T13:04:28.268+0000][info][gc,heap        ] GC(893) Old regions: 896->943
[2024-08-28T13:04:28.268+0000][info][gc,heap        ] GC(893) Archive regions: 2->2
[2024-08-28T13:04:28.268+0000][info][gc,heap        ] GC(893) Humongous regions: 5->5
[2024-08-28T13:04:28.268+0000][info][gc,metaspace   ] GC(893) Metaspace: 100K(320K)->100K(320K) NonClass: 96K(192K)->96K(192K) Class: 4K(128K)->4K(128K)
[2024-08-28T13:04:28.268+0000][info][gc             ] GC(893) Pause Young (Normal) (G1 Evacuation Pause) 951M->953M(1024M) 14.734ms
[2024-08-28T13:04:28.268+0000][info][gc,cpu         ] GC(893) User=0.33s Sys=0.00s Real=0.01s
[2024-08-28T13:04:28.281+0000][info][gc,marking     ] GC(890) Concurrent Rebuild Remembered Sets 109.610ms
[2024-08-28T13:04:28.281+0000][info][gc,start       ] GC(890) Pause Cleanup
[2024-08-28T13:04:28.284+0000][info][gc             ] GC(890) Pause Cleanup 977M->977M(1024M) 2.624ms
[2024-08-28T13:04:28.284+0000][info][gc,cpu         ] GC(890) User=0.01s Sys=0.00s Real=0.00s
[2024-08-28T13:04:28.284+0000][info][gc,marking     ] GC(890) Concurrent Cleanup for Next Mark
[2024-08-28T13:04:28.285+0000][info][gc,marking     ] GC(890) Concurrent Cleanup for Next Mark 0.743ms
[2024-08-28T13:04:28.285+0000][info][gc             ] GC(890) Concurrent Mark Cycle 143.193ms
[2024-08-28T13:04:28.288+0000][info][gc,start       ] GC(894) Pause Young (Prepare Mixed) (G1 Preventive Collection)
[2024-08-28T13:04:28.288+0000][info][gc,task        ] GC(894) Using 24 workers of 68 for evacuation
[2024-08-28T13:04:28.299+0000][info][gc,phases      ] GC(894)   Pre Evacuate Collection Set: 0.2ms
[2024-08-28T13:04:28.300+0000][info][gc,phases      ] GC(894)   Merge Heap Roots: 0.4ms
[2024-08-28T13:04:28.300+0000][info][gc,phases      ] GC(894)   Evacuate Collection Set: 10.6ms
[2024-08-28T13:04:28.300+0000][info][gc,phases      ] GC(894)   Post Evacuate Collection Set: 0.3ms
[2024-08-28T13:04:28.300+0000][info][gc,phases      ] GC(894)   Other: 0.2ms
[2024-08-28T13:04:28.300+0000][info][gc,heap        ] GC(894) Eden regions: 28->0(44)
[2024-08-28T13:04:28.300+0000][info][gc,heap        ] GC(894) Survivor regions: 7->7(7)
[2024-08-28T13:04:28.300+0000][info][gc,heap        ] GC(894) Old regions: 943->975
[2024-08-28T13:04:28.300+0000][info][gc,heap        ] GC(894) Archive regions: 2->2
[2024-08-28T13:04:28.300+0000][info][gc,heap        ] GC(894) Humongous regions: 5->5
[2024-08-28T13:04:28.300+0000][info][gc,metaspace   ] GC(894) Metaspace: 100K(320K)->100K(320K) NonClass: 96K(192K)->96K(192K) Class: 4K(128K)->4K(128K)
[2024-08-28T13:04:28.300+0000][info][gc             ] GC(894) Pause Young (Prepare Mixed) (G1 Preventive Collection) 981M->985M(1024M) 11.828ms
[2024-08-28T13:04:28.300+0000][info][gc,cpu         ] GC(894) User=0.26s Sys=0.00s Real=0.02s
[2024-08-28T13:04:28.307+0000][info][gc,start       ] GC(895) Pause Young (Mixed) (G1 Preventive Collection)
[2024-08-28T13:04:28.307+0000][info][gc,task        ] GC(895) Using 24 workers of 68 for evacuation
[2024-08-28T13:04:28.313+0000][info][gc,phases      ] GC(895)   Pre Evacuate Collection Set: 0.2ms
[2024-08-28T13:04:28.313+0000][info][gc,phases      ] GC(895)   Merge Heap Roots: 0.3ms
[2024-08-28T13:04:28.313+0000][info][gc,phases      ] GC(895)   Evacuate Collection Set: 5.0ms
[2024-08-28T13:04:28.313+0000][info][gc,phases      ] GC(895)   Post Evacuate Collection Set: 0.4ms
[2024-08-28T13:04:28.313+0000][info][gc,phases      ] GC(895)   Other: 0.3ms
[2024-08-28T13:04:28.313+0000][info][gc,heap        ] GC(895) Eden regions: 12->0(44)
[2024-08-28T13:04:28.313+0000][info][gc,heap        ] GC(895) Survivor regions: 7->7(7)
[2024-08-28T13:04:28.313+0000][info][gc,heap        ] GC(895) Old regions: 975->886
[2024-08-28T13:04:28.313+0000][info][gc,heap        ] GC(895) Archive regions: 2->2
[2024-08-28T13:04:28.313+0000][info][gc,heap        ] GC(895) Humongous regions: 5->5
[2024-08-28T13:04:28.313+0000][info][gc,metaspace   ] GC(895) Metaspace: 100K(320K)->100K(320K) NonClass: 96K(192K)->96K(192K) Class: 4K(128K)->4K(128K)
[2024-08-28T13:04:28.313+0000][info][gc             ] GC(895) Pause Young (Mixed) (G1 Preventive Collection) 997M->897M(1024M) 6.332ms
[2024-08-28T13:04:28.313+0000][info][gc,cpu         ] GC(895) User=0.13s Sys=0.00s Real=0.01s
[2024-08-28T13:04:28.336+0000][info][gc,start       ] GC(896) Pause Young (Mixed) (G1 Evacuation Pause)
[2024-08-28T13:04:28.336+0000][info][gc,task        ] GC(896) Using 24 workers of 68 for evacuation
[2024-08-28T13:04:28.347+0000][info][gc,phases      ] GC(896)   Pre Evacuate Collection Set: 0.2ms
[2024-08-28T13:04:28.348+0000][info][gc,phases      ] GC(896)   Merge Heap Roots: 0.3ms
[2024-08-28T13:04:28.348+0000][info][gc,phases      ] GC(896)   Evacuate Collection Set: 9.9ms
[2024-08-28T13:04:28.348+0000][info][gc,phases      ] GC(896)   Post Evacuate Collection Set: 0.5ms
[2024-08-28T13:04:28.348+0000][info][gc,phases      ] GC(896)   Other: 0.3ms
[2024-08-28T13:04:28.348+0000][info][gc,heap        ] GC(896) Eden regions: 44->0(44)
[2024-08-28T13:04:28.348+0000][info][gc,heap        ] GC(896) Survivor regions: 7->7(7)
[2024-08-28T13:04:28.348+0000][info][gc,heap        ] GC(896) Old regions: 886->827
[2024-08-28T13:04:28.348+0000][info][gc,heap        ] GC(896) Archive regions: 2->2
[2024-08-28T13:04:28.348+0000][info][gc,heap        ] GC(896) Humongous regions: 5->5
[2024-08-28T13:04:28.348+0000][info][gc,metaspace   ] GC(896) Metaspace: 100K(320K)->100K(320K) NonClass: 96K(192K)->96K(192K) Class: 4K(128K)->4K(128K)
[2024-08-28T13:04:28.348+0000][info][gc             ] GC(896) Pause Young (Mixed) (G1 Evacuation Pause) 941M->839M(1024M) 11.419ms
[2024-08-28T13:04:28.348+0000][info][gc,cpu         ] GC(896) User=0.25s Sys=0.00s Real=0.01s
[2024-08-28T13:04:28.371+0000][info][gc,start       ] GC(897) Pause Young (Mixed) (G1 Evacuation Pause)
[2024-08-28T13:04:28.371+0000][info][gc,task        ] GC(897) Using 24 workers of 68 for evacuation
[2024-08-28T13:04:28.385+0000][info][gc,phases      ] GC(897)   Pre Evacuate Collection Set: 0.2ms
[2024-08-28T13:04:28.385+0000][info][gc,phases      ] GC(897)   Merge Heap Roots: 0.5ms
[2024-08-28T13:04:28.385+0000][info][gc,phases      ] GC(897)   Evacuate Collection Set: 12.4ms
[2024-08-28T13:04:28.385+0000][info][gc,phases      ] GC(897)   Post Evacuate Collection Set: 0.4ms
[2024-08-28T13:04:28.385+0000][info][gc,phases      ] GC(897)   Other: 0.3ms
[2024-08-28T13:04:28.385+0000][info][gc,heap        ] GC(897) Eden regions: 44->0(44)
[2024-08-28T13:04:28.385+0000][info][gc,heap        ] GC(897) Survivor regions: 7->7(7)
[2024-08-28T13:04:28.385+0000][info][gc,heap        ] GC(897) Old regions: 827->789
[2024-08-28T13:04:28.385+0000][info][gc,heap        ] GC(897) Archive regions: 2->2
[2024-08-28T13:04:28.385+0000][info][gc,heap        ] GC(897) Humongous regions: 5->5
[2024-08-28T13:04:28.385+0000][info][gc,metaspace   ] GC(897) Metaspace: 100K(320K)->100K(320K) NonClass: 96K(192K)->96K(192K) Class: 4K(128K)->4K(128K)
[2024-08-28T13:04:28.385+0000][info][gc             ] GC(897) Pause Young (Mixed) (G1 Evacuation Pause) 883M->801M(1024M) 14.040ms
[2024-08-28T13:04:28.385+0000][info][gc,cpu         ] GC(897) User=0.31s Sys=0.00s Real=0.01s
[2024-08-28T13:04:28.409+0000][info][gc,start       ] GC(898) Pause Young (Mixed) (G1 Evacuation Pause)
[2024-08-28T13:04:28.410+0000][info][gc,task        ] GC(898) Using 24 workers of 68 for evacuation
[2024-08-28T13:04:28.423+0000][info][gc,phases      ] GC(898)   Pre Evacuate Collection Set: 0.2ms
[2024-08-28T13:04:28.423+0000][info][gc,phases      ] GC(898)   Merge Heap Roots: 0.3ms
[2024-08-28T13:04:28.423+0000][info][gc,phases      ] GC(898)   Evacuate Collection Set: 12.1ms
[2024-08-28T13:04:28.423+0000][info][gc,phases      ] GC(898)   Post Evacuate Collection Set: 0.4ms
[2024-08-28T13:04:28.423+0000][info][gc,phases      ] GC(898)   Other: 0.3ms
[2024-08-28T13:04:28.423+0000][info][gc,heap        ] GC(898) Eden regions: 44->0(44)
[2024-08-28T13:04:28.423+0000][info][gc,heap        ] GC(898) Survivor regions: 7->7(7)
[2024-08-28T13:04:28.423+0000][info][gc,heap        ] GC(898) Old regions: 789->814
[2024-08-28T13:04:28.423+0000][info][gc,heap        ] GC(898) Archive regions: 2->2
[2024-08-28T13:04:28.423+0000][info][gc,heap        ] GC(898) Humongous regions: 5->5
[2024-08-28T13:04:28.423+0000][info][gc,metaspace   ] GC(898) Metaspace: 100K(320K)->100K(320K) NonClass: 96K(192K)->96K(192K) Class: 4K(128K)->4K(128K)
[2024-08-28T13:04:28.423+0000][info][gc             ] GC(898) Pause Young (Mixed) (G1 Evacuation Pause) 845M->826M(1024M) 13.416ms
[2024-08-28T13:04:28.423+0000][info][gc,cpu         ] GC(898) User=0.30s Sys=0.01s Real=0.02s
[2024-08-28T13:04:28.447+0000][info][gc,start       ] GC(899) Pause Young (Concurrent Start) (G1 Evacuation Pause)
[2024-08-28T13:04:28.447+0000][info][gc,task        ] GC(899) Using 24 workers of 68 for evacuation
[2024-08-28T13:04:28.459+0000][info][gc,phases      ] GC(899)   Pre Evacuate Collection Set: 0.2ms
[2024-08-28T13:04:28.459+0000][info][gc,phases      ] GC(899)   Merge Heap Roots: 0.3ms
[2024-08-28T13:04:28.459+0000][info][gc,phases      ] GC(899)   Evacuate Collection Set: 10.3ms
[2024-08-28T13:04:28.459+0000][info][gc,phases      ] GC(899)   Post Evacuate Collection Set: 0.4ms
[2024-08-28T13:04:28.459+0000][info][gc,phases      ] GC(899)   Other: 1.0ms
[2024-08-28T13:04:28.459+0000][info][gc,heap        ] GC(899) Eden regions: 44->0(44)
[2024-08-28T13:04:28.459+0000][info][gc,heap        ] GC(899) Survivor regions: 7->7(7)
[2024-08-28T13:04:28.459+0000][info][gc,heap        ] GC(899) Old regions: 814->861
[2024-08-28T13:04:28.459+0000][info][gc,heap        ] GC(899) Archive regions: 2->2
[2024-08-28T13:04:28.459+0000][info][gc,heap        ] GC(899) Humongous regions: 5->5
[2024-08-28T13:04:28.459+0000][info][gc,metaspace   ] GC(899) Metaspace: 100K(320K)->100K(320K) NonClass: 96K(192K)->96K(192K) Class: 4K(128K)->4K(128K)
[2024-08-28T13:04:28.459+0000][info][gc             ] GC(899) Pause Young (Concurrent Start) (G1 Evacuation Pause) 870M->873M(1024M) 12.219ms
[2024-08-28T13:04:28.459+0000][info][gc,cpu         ] GC(899) User=0.25s Sys=0.00s Real=0.02s
[2024-08-28T13:04:28.460+0000][info][gc             ] GC(900) Concurrent Mark Cycle
[2024-08-28T13:04:28.460+0000][info][gc,marking     ] GC(900) Concurrent Clear Claimed Marks
[2024-08-28T13:04:28.460+0000][info][gc,marking     ] GC(900) Concurrent Clear Claimed Marks 0.014ms
[2024-08-28T13:04:28.460+0000][info][gc,marking     ] GC(900) Concurrent Scan Root Regions
[2024-08-28T13:04:28.461+0000][info][gc,marking     ] GC(900) Concurrent Scan Root Regions 1.890ms
[2024-08-28T13:04:28.462+0000][info][gc,marking     ] GC(900) Concurrent Mark
[2024-08-28T13:04:28.462+0000][info][gc,marking     ] GC(900) Concurrent Mark From Roots
[2024-08-28T13:04:28.462+0000][info][gc,task        ] GC(900) Using 17 workers of 17 for marking
[2024-08-28T13:04:28.487+0000][info][gc,marking     ] GC(900) Concurrent Mark From Roots 25.777ms
[2024-08-28T13:04:28.487+0000][info][gc,marking     ] GC(900) Concurrent Preclean
[2024-08-28T13:04:28.488+0000][info][gc,marking     ] GC(900) Concurrent Preclean 0.878ms
[2024-08-28T13:04:28.489+0000][info][gc,start       ] GC(900) Pause Remark
[2024-08-28T13:04:28.491+0000][info][gc             ] GC(900) Pause Remark 911M->911M(1024M) 1.872ms
[2024-08-28T13:04:28.491+0000][info][gc,cpu         ] GC(900) User=0.01s Sys=0.00s Real=0.01s
[2024-08-28T13:04:28.491+0000][info][gc,marking     ] GC(900) Concurrent Mark 29.085ms
[2024-08-28T13:04:28.491+0000][info][gc,marking     ] GC(900) Concurrent Rebuild Remembered Sets
[2024-08-28T13:04:28.494+0000][info][gc,start       ] GC(901) Pause Young (Normal) (G1 Evacuation Pause)
[2024-08-28T13:04:28.494+0000][info][gc,task        ] GC(901) Using 24 workers of 68 for evacuation
[2024-08-28T13:04:28.506+0000][info][gc,phases      ] GC(901)   Pre Evacuate Collection Set: 0.2ms
[2024-08-28T13:04:28.506+0000][info][gc,phases      ] GC(901)   Merge Heap Roots: 0.4ms
[2024-08-28T13:04:28.506+0000][info][gc,phases      ] GC(901)   Evacuate Collection Set: 10.0ms
[2024-08-28T13:04:28.506+0000][info][gc,phases      ] GC(901)   Post Evacuate Collection Set: 0.5ms
[2024-08-28T13:04:28.506+0000][info][gc,phases      ] GC(901)   Other: 0.2ms
[2024-08-28T13:04:28.506+0000][info][gc,heap        ] GC(901) Eden regions: 44->0(44)
[2024-08-28T13:04:28.506+0000][info][gc,heap        ] GC(901) Survivor regions: 7->7(7)
[2024-08-28T13:04:28.506+0000][info][gc,heap        ] GC(901) Old regions: 861->906
[2024-08-28T13:04:28.506+0000][info][gc,heap        ] GC(901) Archive regions: 2->2
[2024-08-28T13:04:28.506+0000][info][gc,heap        ] GC(901) Humongous regions: 5->5
[2024-08-28T13:04:28.506+0000][info][gc,metaspace   ] GC(901) Metaspace: 100K(320K)->100K(320K) NonClass: 96K(192K)->96K(192K) Class: 4K(128K)->4K(128K)
[2024-08-28T13:04:28.506+0000][info][gc             ] GC(901) Pause Young (Normal) (G1 Evacuation Pause) 917M->918M(1024M) 11.384ms
[2024-08-28T13:04:28.506+0000][info][gc,cpu         ] GC(901) User=0.24s Sys=0.01s Real=0.01s
[2024-08-28T13:04:28.532+0000][info][gc,start       ] GC(902) Pause Young (Normal) (G1 Evacuation Pause)
[2024-08-28T13:04:28.532+0000][info][gc,task        ] GC(902) Using 24 workers of 68 for evacuation
[2024-08-28T13:04:28.547+0000][info][gc,phases      ] GC(902)   Pre Evacuate Collection Set: 0.2ms
[2024-08-28T13:04:28.547+0000][info][gc,phases      ] GC(902)   Merge Heap Roots: 0.4ms
[2024-08-28T13:04:28.547+0000][info][gc,phases      ] GC(902)   Evacuate Collection Set: 13.9ms
[2024-08-28T13:04:28.547+0000][info][gc,phases      ] GC(902)   Post Evacuate Collection Set: 0.6ms
[2024-08-28T13:04:28.547+0000][info][gc,phases      ] GC(902)   Other: 0.3ms
[2024-08-28T13:04:28.547+0000][info][gc,heap        ] GC(902) Eden regions: 44->0(44)
[2024-08-28T13:04:28.547+0000][info][gc,heap        ] GC(902) Survivor regions: 7->7(7)
[2024-08-28T13:04:28.547+0000][info][gc,heap        ] GC(902) Old regions: 906->953
[2024-08-28T13:04:28.547+0000][info][gc,heap        ] GC(902) Archive regions: 2->2
[2024-08-28T13:04:28.547+0000][info][gc,heap        ] GC(902) Humongous regions: 5->5
[2024-08-28T13:04:28.547+0000][info][gc,metaspace   ] GC(902) Metaspace: 100K(320K)->100K(320K) NonClass: 96K(192K)->96K(192K) Class: 4K(128K)->4K(128K)
[2024-08-28T13:04:28.547+0000][info][gc             ] GC(902) Pause Young (Normal) (G1 Evacuation Pause) 962M->965M(1024M) 15.428ms
[2024-08-28T13:04:28.548+0000][info][gc,cpu         ] GC(902) User=0.35s Sys=0.00s Real=0.01s
[2024-08-28T13:04:28.561+0000][info][gc,start       ] GC(903) Pause Young (Normal) (G1 Preventive Collection)
[2024-08-28T13:04:28.561+0000][info][gc,task        ] GC(903) Using 24 workers of 68 for evacuation
[2024-08-28T13:04:28.574+0000][info][gc,phases      ] GC(903)   Pre Evacuate Collection Set: 0.2ms
[2024-08-28T13:04:28.574+0000][info][gc,phases      ] GC(903)   Merge Heap Roots: 0.5ms
[2024-08-28T13:04:28.574+0000][info][gc,phases      ] GC(903)   Evacuate Collection Set: 11.3ms
[2024-08-28T13:04:28.574+0000][info][gc,phases      ] GC(903)   Post Evacuate Collection Set: 0.6ms
[2024-08-28T13:04:28.574+0000][info][gc,phases      ] GC(903)   Other: 0.3ms
[2024-08-28T13:04:28.574+0000][info][gc,heap        ] GC(903) Eden regions: 23->0(44)
[2024-08-28T13:04:28.574+0000][info][gc,heap        ] GC(903) Survivor regions: 7->7(7)
[2024-08-28T13:04:28.574+0000][info][gc,heap        ] GC(903) Old regions: 953->979
[2024-08-28T13:04:28.574+0000][info][gc,heap        ] GC(903) Archive regions: 2->2
[2024-08-28T13:04:28.574+0000][info][gc,heap        ] GC(903) Humongous regions: 5->5
[2024-08-28T13:04:28.574+0000][info][gc,metaspace   ] GC(903) Metaspace: 100K(320K)->100K(320K) NonClass: 96K(192K)->96K(192K) Class: 4K(128K)->4K(128K)
[2024-08-28T13:04:28.574+0000][info][gc             ] GC(903) Pause Young (Normal) (G1 Preventive Collection) 988M->991M(1024M) 13.089ms
[2024-08-28T13:04:28.574+0000][info][gc,cpu         ] GC(903) User=0.28s Sys=0.00s Real=0.01s
[2024-08-28T13:04:28.581+0000][info][gc,start       ] GC(904) Pause Young (Normal) (G1 Preventive Collection)
[2024-08-28T13:04:28.581+0000][info][gc,task        ] GC(904) Using 24 workers of 68 for evacuation
[2024-08-28T13:04:28.591+0000][info][gc,phases      ] GC(904)   Pre Evacuate Collection Set: 0.2ms
[2024-08-28T13:04:28.591+0000][info][gc,phases      ] GC(904)   Merge Heap Roots: 0.5ms
[2024-08-28T13:04:28.591+0000][info][gc,phases      ] GC(904)   Evacuate Collection Set: 8.8ms
[2024-08-28T13:04:28.591+0000][info][gc,phases      ] GC(904)   Post Evacuate Collection Set: 0.6ms
[2024-08-28T13:04:28.591+0000][info][gc,phases      ] GC(904)   Other: 0.3ms
[2024-08-28T13:04:28.591+0000][info][gc,heap        ] GC(904) Eden regions: 11->0(44)
[2024-08-28T13:04:28.591+0000][info][gc,heap        ] GC(904) Survivor regions: 7->7(7)
[2024-08-28T13:04:28.591+0000][info][gc,heap        ] GC(904) Old regions: 979->992
[2024-08-28T13:04:28.591+0000][info][gc,heap        ] GC(904) Archive regions: 2->2
[2024-08-28T13:04:28.591+0000][info][gc,heap        ] GC(904) Humongous regions: 5->5
[2024-08-28T13:04:28.591+0000][info][gc,metaspace   ] GC(904) Metaspace: 100K(320K)->100K(320K) NonClass: 96K(192K)->96K(192K) Class: 4K(128K)->4K(128K)
[2024-08-28T13:04:28.592+0000][info][gc             ] GC(904) Pause Young (Normal) (G1 Preventive Collection) 1002M->1004M(1024M) 10.377ms
[2024-08-28T13:04:28.592+0000][info][gc,cpu         ] GC(904) User=0.22s Sys=0.01s Real=0.01s
[2024-08-28T13:04:28.595+0000][info][gc,start       ] GC(905) Pause Young (Normal) (G1 Preventive Collection)
[2024-08-28T13:04:28.595+0000][info][gc,task        ] GC(905) Using 24 workers of 68 for evacuation
[2024-08-28T13:04:28.604+0000][info][gc             ] GC(905) To-space exhausted
[2024-08-28T13:04:28.604+0000][info][gc,phases      ] GC(905)   Pre Evacuate Collection Set: 0.2ms
[2024-08-28T13:04:28.604+0000][info][gc,phases      ] GC(905)   Merge Heap Roots: 0.6ms
[2024-08-28T13:04:28.604+0000][info][gc,phases      ] GC(905)   Evacuate Collection Set: 7.5ms
[2024-08-28T13:04:28.604+0000][info][gc,phases      ] GC(905)   Post Evacuate Collection Set: 0.9ms
[2024-08-28T13:04:28.604+0000][info][gc,phases      ] GC(905)   Other: 0.3ms
[2024-08-28T13:04:28.604+0000][info][gc,heap        ] GC(905) Eden regions: 5->0(46)
[2024-08-28T13:04:28.604+0000][info][gc,heap        ] GC(905) Survivor regions: 7->5(7)
[2024-08-28T13:04:28.604+0000][info][gc,heap        ] GC(905) Old regions: 992->1011
[2024-08-28T13:04:28.604+0000][info][gc,heap        ] GC(905) Archive regions: 2->2
[2024-08-28T13:04:28.604+0000][info][gc,heap        ] GC(905) Humongous regions: 5->5
[2024-08-28T13:04:28.604+0000][info][gc,metaspace   ] GC(905) Metaspace: 100K(320K)->100K(320K) NonClass: 96K(192K)->96K(192K) Class: 4K(128K)->4K(128K)
[2024-08-28T13:04:28.604+0000][info][gc             ] GC(905) Pause Young (Normal) (G1 Preventive Collection) 1009M->1021M(1024M) 9.471ms
[2024-08-28T13:04:28.604+0000][info][gc,cpu         ] GC(905) User=0.20s Sys=0.00s Real=0.01s
[2024-08-28T13:04:28.605+0000][info][gc,start       ] GC(906) Pause Young (Normal) (G1 Evacuation Pause)
[2024-08-28T13:04:28.605+0000][info][gc,task        ] GC(906) Using 24 workers of 68 for evacuation
[2024-08-28T13:04:28.613+0000][info][gc             ] GC(906) To-space exhausted
[2024-08-28T13:04:28.613+0000][info][gc,phases      ] GC(906)   Pre Evacuate Collection Set: 0.2ms
[2024-08-28T13:04:28.613+0000][info][gc,phases      ] GC(906)   Merge Heap Roots: 0.6ms
[2024-08-28T13:04:28.613+0000][info][gc,phases      ] GC(906)   Evacuate Collection Set: 6.0ms
[2024-08-28T13:04:28.613+0000][info][gc,phases      ] GC(906)   Post Evacuate Collection Set: 1.0ms
[2024-08-28T13:04:28.613+0000][info][gc,phases      ] GC(906)   Other: 0.3ms
[2024-08-28T13:04:28.613+0000][info][gc,heap        ] GC(906) Eden regions: 1->0(51)
[2024-08-28T13:04:28.613+0000][info][gc,heap        ] GC(906) Survivor regions: 5->0(0)
[2024-08-28T13:04:28.613+0000][info][gc,heap        ] GC(906) Old regions: 1011->1017
[2024-08-28T13:04:28.613+0000][info][gc,heap        ] GC(906) Archive regions: 2->2
[2024-08-28T13:04:28.613+0000][info][gc,heap        ] GC(906) Humongous regions: 5->5
[2024-08-28T13:04:28.613+0000][info][gc,metaspace   ] GC(906) Metaspace: 100K(320K)->100K(320K) NonClass: 96K(192K)->96K(192K) Class: 4K(128K)->4K(128K)
[2024-08-28T13:04:28.614+0000][info][gc             ] GC(906) Pause Young (Normal) (G1 Evacuation Pause) 1022M->1022M(1024M) 8.109ms
[2024-08-28T13:04:28.614+0000][info][gc,cpu         ] GC(906) User=0.15s Sys=0.01s Real=0.01s
[2024-08-28T13:04:28.614+0000][info][gc,ergo        ] Attempting full compaction
[2024-08-28T13:04:28.614+0000][info][gc,task        ] GC(907) Using 24 workers of 68 for full compaction
[2024-08-28T13:04:28.614+0000][info][gc,start       ] GC(907) Pause Full (G1 Compaction Pause)
[2024-08-28T13:04:28.615+0000][info][gc,phases,start] GC(907) Phase 1: Mark live objects
[2024-08-28T13:04:28.630+0000][info][gc,phases      ] GC(907) Phase 1: Mark live objects 15.558ms
[2024-08-28T13:04:28.630+0000][info][gc,phases,start] GC(907) Phase 2: Prepare for compaction
[2024-08-28T13:04:28.640+0000][info][gc,phases      ] GC(907) Phase 2: Prepare for compaction 9.314ms
[2024-08-28T13:04:28.640+0000][info][gc,phases,start] GC(907) Phase 3: Adjust pointers
[2024-08-28T13:04:28.657+0000][info][gc,phases      ] GC(907) Phase 3: Adjust pointers 17.441ms
[2024-08-28T13:04:28.657+0000][info][gc,phases,start] GC(907) Phase 4: Compact heap
[2024-08-28T13:04:28.689+0000][info][gc,phases      ] GC(907) Phase 4: Compact heap 32.189ms
[2024-08-28T13:04:28.691+0000][info][gc,heap        ] GC(907) Eden regions: 0->0(150)
[2024-08-28T13:04:28.691+0000][info][gc,heap        ] GC(907) Survivor regions: 0->0(0)
[2024-08-28T13:04:28.691+0000][info][gc,heap        ] GC(907) Old regions: 1017->442
[2024-08-28T13:04:28.691+0000][info][gc,heap        ] GC(907) Archive regions: 2->2
[2024-08-28T13:04:28.691+0000][info][gc,heap        ] GC(907) Humongous regions: 5->5
[2024-08-28T13:04:28.691+0000][info][gc,metaspace   ] GC(907) Metaspace: 100K(320K)->100K(320K) NonClass: 96K(192K)->96K(192K) Class: 4K(128K)->4K(128K)
[2024-08-28T13:04:28.691+0000][info][gc             ] GC(907) Pause Full (G1 Compaction Pause) 1022M->436M(1024M) 76.973ms
[2024-08-28T13:04:28.691+0000][info][gc,cpu         ] GC(907) User=1.61s Sys=0.01s Real=0.08s
[2024-08-28T13:04:28.691+0000][info][gc,marking     ] GC(900) Concurrent Rebuild Remembered Sets 200.586ms
[2024-08-28T13:04:28.691+0000][info][gc,marking     ] GC(900) Concurrent Mark Abort
[2024-08-28T13:04:28.691+0000][info][gc             ] GC(900) Concurrent Mark Cycle 231.792ms
[2024-08-28T13:04:28.779+0000][info][gc,start       ] GC(908) Pause Young (Normal) (G1 Evacuation Pause)
[2024-08-28T13:04:28.779+0000][info][gc,task        ] GC(908) Using 24 workers of 68 for evacuation
[2024-08-28T13:04:28.802+0000][info][gc,phases      ] GC(908)   Pre Evacuate Collection Set: 0.2ms
[2024-08-28T13:04:28.802+0000][info][gc,phases      ] GC(908)   Merge Heap Roots: 0.4ms
[2024-08-28T13:04:28.802+0000][info][gc,phases      ] GC(908)   Evacuate Collection Set: 22.0ms
[2024-08-28T13:04:28.802+0000][info][gc,phases      ] GC(908)   Post Evacuate Collection Set: 0.4ms
[2024-08-28T13:04:28.802+0000][info][gc,phases      ] GC(908)   Other: 0.3ms
[2024-08-28T13:04:28.802+0000][info][gc,heap        ] GC(908) Eden regions: 150->0(103)
[2024-08-28T13:04:28.802+0000][info][gc,heap        ] GC(908) Survivor regions: 0->19(19)
[2024-08-28T13:04:28.802+0000][info][gc,heap        ] GC(908) Old regions: 442->570
[2024-08-28T13:04:28.802+0000][info][gc,heap        ] GC(908) Archive regions: 2->2
[2024-08-28T13:04:28.802+0000][info][gc,heap        ] GC(908) Humongous regions: 5->5
[2024-08-28T13:04:28.802+0000][info][gc,metaspace   ] GC(908) Metaspace: 100K(320K)->100K(320K) NonClass: 96K(192K)->96K(192K) Class: 4K(128K)->4K(128K)
[2024-08-28T13:04:28.802+0000][info][gc             ] GC(908) Pause Young (Normal) (G1 Evacuation Pause) 586M->582M(1024M) 23.364ms
[2024-08-28T13:04:28.802+0000][info][gc,cpu         ] GC(908) User=0.52s Sys=0.02s Real=0.02s
[2024-08-28T13:04:28.858+0000][info][gc,start       ] GC(909) Pause Young (Concurrent Start) (G1 Evacuation Pause)
[2024-08-28T13:04:28.858+0000][info][gc,task        ] GC(909) Using 24 workers of 68 for evacuation
[2024-08-28T13:04:28.878+0000][info][gc,phases      ] GC(909)   Pre Evacuate Collection Set: 0.2ms
[2024-08-28T13:04:28.878+0000][info][gc,phases      ] GC(909)   Merge Heap Roots: 0.4ms
[2024-08-28T13:04:28.878+0000][info][gc,phases      ] GC(909)   Evacuate Collection Set: 18.4ms
[2024-08-28T13:04:28.878+0000][info][gc,phases      ] GC(909)   Post Evacuate Collection Set: 0.4ms
[2024-08-28T13:04:28.878+0000][info][gc,phases      ] GC(909)   Other: 1.0ms
[2024-08-28T13:04:28.878+0000][info][gc,heap        ] GC(909) Eden regions: 103->0(70)
[2024-08-28T13:04:28.878+0000][info][gc,heap        ] GC(909) Survivor regions: 19->16(16)
[2024-08-28T13:04:28.879+0000][info][gc,heap        ] GC(909) Old regions: 570->676
[2024-08-28T13:04:28.879+0000][info][gc,heap        ] GC(909) Archive regions: 2->2
[2024-08-28T13:04:28.879+0000][info][gc,heap        ] GC(909) Humongous regions: 5->5
[2024-08-28T13:04:28.879+0000][info][gc,metaspace   ] GC(909) Metaspace: 100K(320K)->100K(320K) NonClass: 96K(192K)->96K(192K) Class: 4K(128K)->4K(128K)
[2024-08-28T13:04:28.879+0000][info][gc             ] GC(909) Pause Young (Concurrent Start) (G1 Evacuation Pause) 685M->686M(1024M) 20.542ms
[2024-08-28T13:04:28.879+0000][info][gc,cpu         ] GC(909) User=0.45s Sys=0.00s Real=0.02s
[2024-08-28T13:04:28.879+0000][info][gc             ] GC(910) Concurrent Mark Cycle
[2024-08-28T13:04:28.879+0000][info][gc,marking     ] GC(910) Concurrent Clear Claimed Marks
[2024-08-28T13:04:28.879+0000][info][gc,marking     ] GC(910) Concurrent Clear Claimed Marks 0.009ms
[2024-08-28T13:04:28.879+0000][info][gc,marking     ] GC(910) Concurrent Scan Root Regions
[2024-08-28T13:04:28.882+0000][info][gc,marking     ] GC(910) Concurrent Scan Root Regions 3.681ms
[2024-08-28T13:04:28.882+0000][info][gc,marking     ] GC(910) Concurrent Mark
[2024-08-28T13:04:28.882+0000][info][gc,marking     ] GC(910) Concurrent Mark From Roots
[2024-08-28T13:04:28.882+0000][info][gc,task        ] GC(910) Using 17 workers of 17 for marking
[2024-08-28T13:04:28.904+0000][info][gc,marking     ] GC(910) Concurrent Mark From Roots 22.002ms
[2024-08-28T13:04:28.905+0000][info][gc,marking     ] GC(910) Concurrent Preclean
[2024-08-28T13:04:28.905+0000][info][gc,marking     ] GC(910) Concurrent Preclean 0.504ms
[2024-08-28T13:04:28.905+0000][info][gc,start       ] GC(910) Pause Remark
[2024-08-28T13:04:28.907+0000][info][gc             ] GC(910) Pause Remark 720M->720M(1024M) 1.572ms
[2024-08-28T13:04:28.907+0000][info][gc,cpu         ] GC(910) User=0.01s Sys=0.00s Real=0.00s
[2024-08-28T13:04:28.907+0000][info][gc,marking     ] GC(910) Concurrent Mark 24.501ms
[2024-08-28T13:04:28.907+0000][info][gc,marking     ] GC(910) Concurrent Rebuild Remembered Sets
[2024-08-28T13:04:28.927+0000][info][gc,start       ] GC(911) Pause Young (Normal) (G1 Evacuation Pause)
[2024-08-28T13:04:28.927+0000][info][gc,task        ] GC(911) Using 24 workers of 68 for evacuation
[2024-08-28T13:04:28.945+0000][info][gc,phases      ] GC(911)   Pre Evacuate Collection Set: 0.2ms
[2024-08-28T13:04:28.945+0000][info][gc,phases      ] GC(911)   Merge Heap Roots: 0.3ms
[2024-08-28T13:04:28.945+0000][info][gc,phases      ] GC(911)   Evacuate Collection Set: 16.2ms
[2024-08-28T13:04:28.945+0000][info][gc,phases      ] GC(911)   Post Evacuate Collection Set: 0.6ms
[2024-08-28T13:04:28.945+0000][info][gc,phases      ] GC(911)   Other: 0.3ms
[2024-08-28T13:04:28.945+0000][info][gc,heap        ] GC(911) Eden regions: 70->0(47)
[2024-08-28T13:04:28.945+0000][info][gc,heap        ] GC(911) Survivor regions: 16->11(11)
[2024-08-28T13:04:28.945+0000][info][gc,heap        ] GC(911) Old regions: 675->753
[2024-08-28T13:04:28.945+0000][info][gc,heap        ] GC(911) Archive regions: 2->2
[2024-08-28T13:04:28.945+0000][info][gc,heap        ] GC(911) Humongous regions: 5->5
[2024-08-28T13:04:28.945+0000][info][gc,metaspace   ] GC(911) Metaspace: 100K(320K)->100K(320K) NonClass: 96K(192K)->96K(192K) Class: 4K(128K)->4K(128K)
[2024-08-28T13:04:28.945+0000][info][gc             ] GC(911) Pause Young (Normal) (G1 Evacuation Pause) 756M->759M(1024M) 17.761ms
[2024-08-28T13:04:28.945+0000][info][gc,cpu         ] GC(911) User=0.40s Sys=0.01s Real=0.02s
[2024-08-28T13:04:28.971+0000][info][gc,start       ] GC(912) Pause Young (Normal) (G1 Evacuation Pause)
[2024-08-28T13:04:28.971+0000][info][gc,task        ] GC(912) Using 24 workers of 68 for evacuation
[2024-08-28T13:04:28.991+0000][info][gc,phases      ] GC(912)   Pre Evacuate Collection Set: 0.2ms
[2024-08-28T13:04:28.991+0000][info][gc,phases      ] GC(912)   Merge Heap Roots: 0.5ms
[2024-08-28T13:04:28.991+0000][info][gc,phases      ] GC(912)   Evacuate Collection Set: 18.5ms
[2024-08-28T13:04:28.991+0000][info][gc,phases      ] GC(912)   Post Evacuate Collection Set: 0.6ms
[2024-08-28T13:04:28.991+0000][info][gc,phases      ] GC(912)   Other: 0.3ms
[2024-08-28T13:04:28.991+0000][info][gc,heap        ] GC(912) Eden regions: 47->0(43)
[2024-08-28T13:04:28.991+0000][info][gc,heap        ] GC(912) Survivor regions: 11->8(8)
[2024-08-28T13:04:28.991+0000][info][gc,heap        ] GC(912) Old regions: 753->808
[2024-08-28T13:04:28.991+0000][info][gc,heap        ] GC(912) Archive regions: 2->2
[2024-08-28T13:04:28.991+0000][info][gc,heap        ] GC(912) Humongous regions: 5->5
[2024-08-28T13:04:28.991+0000][info][gc,metaspace   ] GC(912) Metaspace: 100K(320K)->100K(320K) NonClass: 96K(192K)->96K(192K) Class: 4K(128K)->4K(128K)
[2024-08-28T13:04:28.991+0000][info][gc             ] GC(912) Pause Young (Normal) (G1 Evacuation Pause) 806M->811M(1024M) 20.236ms
[2024-08-28T13:04:28.991+0000][info][gc,cpu         ] GC(912) User=0.46s Sys=0.00s Real=0.02s
[2024-08-28T13:04:29.008+0000][info][gc,marking     ] GC(910) Concurrent Rebuild Remembered Sets 101.003ms
[2024-08-28T13:04:29.008+0000][info][gc,start       ] GC(910) Pause Cleanup
[2024-08-28T13:04:29.010+0000][info][gc             ] GC(910) Pause Cleanup 841M->841M(1024M) 1.532ms
[2024-08-28T13:04:29.010+0000][info][gc,cpu         ] GC(910) User=0.01s Sys=0.00s Real=0.01s
[2024-08-28T13:04:29.010+0000][info][gc,marking     ] GC(910) Concurrent Cleanup for Next Mark
[2024-08-28T13:04:29.011+0000][info][gc,marking     ] GC(910) Concurrent Cleanup for Next Mark 0.779ms
[2024-08-28T13:04:29.011+0000][info][gc             ] GC(910) Concurrent Mark Cycle 132.060ms
[2024-08-28T13:04:29.019+0000][info][gc,start       ] GC(913) Pause Young (Prepare Mixed) (G1 Evacuation Pause)
[2024-08-28T13:04:29.019+0000][info][gc,task        ] GC(913) Using 24 workers of 68 for evacuation
[2024-08-28T13:04:29.035+0000][info][gc,phases      ] GC(913)   Pre Evacuate Collection Set: 0.1ms
[2024-08-28T13:04:29.035+0000][info][gc,phases      ] GC(913)   Merge Heap Roots: 0.6ms
[2024-08-28T13:04:29.035+0000][info][gc,phases      ] GC(913)   Evacuate Collection Set: 15.0ms
[2024-08-28T13:04:29.035+0000][info][gc,phases      ] GC(913)   Post Evacuate Collection Set: 0.3ms
[2024-08-28T13:04:29.035+0000][info][gc,phases      ] GC(913)   Other: 0.2ms
[2024-08-28T13:04:29.035+0000][info][gc,heap        ] GC(913) Eden regions: 43->0(44)
[2024-08-28T13:04:29.035+0000][info][gc,heap        ] GC(913) Survivor regions: 8->7(7)
[2024-08-28T13:04:29.035+0000][info][gc,heap        ] GC(913) Old regions: 808->856
[2024-08-28T13:04:29.035+0000][info][gc,heap        ] GC(913) Archive regions: 2->2
[2024-08-28T13:04:29.035+0000][info][gc,heap        ] GC(913) Humongous regions: 5->5
[2024-08-28T13:04:29.035+0000][info][gc,metaspace   ] GC(913) Metaspace: 100K(320K)->100K(320K) NonClass: 96K(192K)->96K(192K) Class: 4K(128K)->4K(128K)
[2024-08-28T13:04:29.035+0000][info][gc             ] GC(913) Pause Young (Prepare Mixed) (G1 Evacuation Pause) 854M->858M(1024M) 16.389ms
[2024-08-28T13:04:29.035+0000][info][gc,cpu         ] GC(913) User=0.37s Sys=0.00s Real=0.01s
[2024-08-28T13:04:29.060+0000][info][gc,start       ] GC(914) Pause Young (Mixed) (G1 Evacuation Pause)
[2024-08-28T13:04:29.060+0000][info][gc,task        ] GC(914) Using 24 workers of 68 for evacuation
[2024-08-28T13:04:29.073+0000][info][gc,phases      ] GC(914)   Pre Evacuate Collection Set: 0.2ms
[2024-08-28T13:04:29.073+0000][info][gc,phases      ] GC(914)   Merge Heap Roots: 0.3ms
[2024-08-28T13:04:29.073+0000][info][gc,phases      ] GC(914)   Evacuate Collection Set: 11.3ms
[2024-08-28T13:04:29.073+0000][info][gc,phases      ] GC(914)   Post Evacuate Collection Set: 0.4ms
[2024-08-28T13:04:29.073+0000][info][gc,phases      ] GC(914)   Other: 0.3ms
[2024-08-28T13:04:29.073+0000][info][gc,heap        ] GC(914) Eden regions: 44->0(44)
[2024-08-28T13:04:29.073+0000][info][gc,heap        ] GC(914) Survivor regions: 7->7(7)
[2024-08-28T13:04:29.073+0000][info][gc,heap        ] GC(914) Old regions: 856->800
[2024-08-28T13:04:29.073+0000][info][gc,heap        ] GC(914) Archive regions: 2->2
[2024-08-28T13:04:29.073+0000][info][gc,heap        ] GC(914) Humongous regions: 5->5
[2024-08-28T13:04:29.073+0000][info][gc,metaspace   ] GC(914) Metaspace: 100K(320K)->100K(320K) NonClass: 96K(192K)->96K(192K) Class: 4K(128K)->4K(128K)
[2024-08-28T13:04:29.073+0000][info][gc             ] GC(914) Pause Young (Mixed) (G1 Evacuation Pause) 902M->805M(1024M) 12.715ms
[2024-08-28T13:04:29.073+0000][info][gc,cpu         ] GC(914) User=0.28s Sys=0.00s Real=0.01s
[2024-08-28T13:04:29.097+0000][info][gc,start       ] GC(915) Pause Young (Mixed) (G1 Evacuation Pause)
[2024-08-28T13:04:29.097+0000][info][gc,task        ] GC(915) Using 24 workers of 68 for evacuation
[2024-08-28T13:04:29.110+0000][info][gc,phases      ] GC(915)   Pre Evacuate Collection Set: 0.2ms
[2024-08-28T13:04:29.110+0000][info][gc,phases      ] GC(915)   Merge Heap Roots: 0.5ms
[2024-08-28T13:04:29.110+0000][info][gc,phases      ] GC(915)   Evacuate Collection Set: 11.1ms
[2024-08-28T13:04:29.110+0000][info][gc,phases      ] GC(915)   Post Evacuate Collection Set: 0.4ms
[2024-08-28T13:04:29.110+0000][info][gc,phases      ] GC(915)   Other: 0.3ms
[2024-08-28T13:04:29.110+0000][info][gc,heap        ] GC(915) Eden regions: 44->0(46)
[2024-08-28T13:04:29.110+0000][info][gc,heap        ] GC(915) Survivor regions: 7->7(7)
[2024-08-28T13:04:29.110+0000][info][gc,heap        ] GC(915) Old regions: 800->758
[2024-08-28T13:04:29.110+0000][info][gc,heap        ] GC(915) Archive regions: 2->2
[2024-08-28T13:04:29.110+0000][info][gc,heap        ] GC(915) Humongous regions: 5->5
[2024-08-28T13:04:29.110+0000][info][gc,metaspace   ] GC(915) Metaspace: 100K(320K)->100K(320K) NonClass: 96K(192K)->96K(192K) Class: 4K(128K)->4K(128K)
[2024-08-28T13:04:29.110+0000][info][gc             ] GC(915) Pause Young (Mixed) (G1 Evacuation Pause) 849M->767M(1024M) 12.750ms
[2024-08-28T13:04:29.110+0000][info][gc,cpu         ] GC(915) User=0.28s Sys=0.00s Real=0.02s
[2024-08-28T13:04:29.135+0000][info][gc,start       ] GC(916) Pause Young (Concurrent Start) (G1 Evacuation Pause)
[2024-08-28T13:04:29.135+0000][info][gc,task        ] GC(916) Using 24 workers of 68 for evacuation
[2024-08-28T13:04:29.147+0000][info][gc,phases      ] GC(916)   Pre Evacuate Collection Set: 0.2ms
[2024-08-28T13:04:29.147+0000][info][gc,phases      ] GC(916)   Merge Heap Roots: 0.4ms
[2024-08-28T13:04:29.147+0000][info][gc,phases      ] GC(916)   Evacuate Collection Set: 10.3ms
[2024-08-28T13:04:29.147+0000][info][gc,phases      ] GC(916)   Post Evacuate Collection Set: 0.4ms
[2024-08-28T13:04:29.147+0000][info][gc,phases      ] GC(916)   Other: 1.0ms
[2024-08-28T13:04:29.147+0000][info][gc,heap        ] GC(916) Eden regions: 46->0(44)
[2024-08-28T13:04:29.147+0000][info][gc,heap        ] GC(916) Survivor regions: 7->7(7)
[2024-08-28T13:04:29.147+0000][info][gc,heap        ] GC(916) Old regions: 758->807
[2024-08-28T13:04:29.147+0000][info][gc,heap        ] GC(916) Archive regions: 2->2
[2024-08-28T13:04:29.147+0000][info][gc,heap        ] GC(916) Humongous regions: 5->5
[2024-08-28T13:04:29.147+0000][info][gc,metaspace   ] GC(916) Metaspace: 100K(320K)->100K(320K) NonClass: 96K(192K)->96K(192K) Class: 4K(128K)->4K(128K)
[2024-08-28T13:04:29.147+0000][info][gc             ] GC(916) Pause Young (Concurrent Start) (G1 Evacuation Pause) 813M->816M(1024M) 12.455ms
[2024-08-28T13:04:29.147+0000][info][gc,cpu         ] GC(916) User=0.25s Sys=0.00s Real=0.01s
[2024-08-28T13:04:29.147+0000][info][gc             ] GC(917) Concurrent Mark Cycle
[2024-08-28T13:04:29.147+0000][info][gc,marking     ] GC(917) Concurrent Clear Claimed Marks
[2024-08-28T13:04:29.147+0000][info][gc,marking     ] GC(917) Concurrent Clear Claimed Marks 0.012ms
[2024-08-28T13:04:29.147+0000][info][gc,marking     ] GC(917) Concurrent Scan Root Regions
[2024-08-28T13:04:29.149+0000][info][gc,marking     ] GC(917) Concurrent Scan Root Regions 1.926ms
[2024-08-28T13:04:29.149+0000][info][gc,marking     ] GC(917) Concurrent Mark
[2024-08-28T13:04:29.149+0000][info][gc,marking     ] GC(917) Concurrent Mark From Roots
[2024-08-28T13:04:29.149+0000][info][gc,task        ] GC(917) Using 17 workers of 17 for marking
[2024-08-28T13:04:29.174+0000][info][gc,marking     ] GC(917) Concurrent Mark From Roots 24.484ms
[2024-08-28T13:04:29.174+0000][info][gc,marking     ] GC(917) Concurrent Preclean
[2024-08-28T13:04:29.175+0000][info][gc,marking     ] GC(917) Concurrent Preclean 0.685ms
[2024-08-28T13:04:29.175+0000][info][gc,start       ] GC(917) Pause Remark
[2024-08-28T13:04:29.177+0000][info][gc             ] GC(917) Pause Remark 852M->852M(1024M) 2.006ms
[2024-08-28T13:04:29.177+0000][info][gc,cpu         ] GC(917) User=0.01s Sys=0.00s Real=0.00s
[2024-08-28T13:04:29.177+0000][info][gc,marking     ] GC(917) Concurrent Mark 27.662ms
[2024-08-28T13:04:29.177+0000][info][gc,marking     ] GC(917) Concurrent Rebuild Remembered Sets
[2024-08-28T13:04:29.183+0000][info][gc,start       ] GC(918) Pause Young (Normal) (G1 Evacuation Pause)
[2024-08-28T13:04:29.183+0000][info][gc,task        ] GC(918) Using 24 workers of 68 for evacuation
[2024-08-28T13:04:29.194+0000][info][gc,phases      ] GC(918)   Pre Evacuate Collection Set: 0.2ms
[2024-08-28T13:04:29.194+0000][info][gc,phases      ] GC(918)   Merge Heap Roots: 0.4ms
[2024-08-28T13:04:29.194+0000][info][gc,phases      ] GC(918)   Evacuate Collection Set: 9.9ms
[2024-08-28T13:04:29.194+0000][info][gc,phases      ] GC(918)   Post Evacuate Collection Set: 0.5ms
[2024-08-28T13:04:29.194+0000][info][gc,phases      ] GC(918)   Other: 0.3ms
[2024-08-28T13:04:29.194+0000][info][gc,heap        ] GC(918) Eden regions: 44->0(44)
[2024-08-28T13:04:29.194+0000][info][gc,heap        ] GC(918) Survivor regions: 7->7(7)
[2024-08-28T13:04:29.194+0000][info][gc,heap        ] GC(918) Old regions: 807->853
[2024-08-28T13:04:29.194+0000][info][gc,heap        ] GC(918) Archive regions: 2->2
[2024-08-28T13:04:29.194+0000][info][gc,heap        ] GC(918) Humongous regions: 5->5
[2024-08-28T13:04:29.194+0000][info][gc,metaspace   ] GC(918) Metaspace: 100K(320K)->100K(320K) NonClass: 96K(192K)->96K(192K) Class: 4K(128K)->4K(128K)
[2024-08-28T13:04:29.194+0000][info][gc             ] GC(918) Pause Young (Normal) (G1 Evacuation Pause) 860M->862M(1024M) 11.281ms
[2024-08-28T13:04:29.194+0000][info][gc,cpu         ] GC(918) User=0.24s Sys=0.00s Real=0.01s
[2024-08-28T13:04:29.218+0000][info][gc,start       ] GC(919) Pause Young (Normal) (G1 Evacuation Pause)
[2024-08-28T13:04:29.219+0000][info][gc,task        ] GC(919) Using 24 workers of 68 for evacuation
[2024-08-28T13:04:29.233+0000][info][gc,phases      ] GC(919)   Pre Evacuate Collection Set: 0.2ms
[2024-08-28T13:04:29.234+0000][info][gc,phases      ] GC(919)   Merge Heap Roots: 0.5ms
[2024-08-28T13:04:29.234+0000][info][gc,phases      ] GC(919)   Evacuate Collection Set: 13.5ms
[2024-08-28T13:04:29.234+0000][info][gc,phases      ] GC(919)   Post Evacuate Collection Set: 0.6ms
[2024-08-28T13:04:29.234+0000][info][gc,phases      ] GC(919)   Other: 0.3ms
[2024-08-28T13:04:29.234+0000][info][gc,heap        ] GC(919) Eden regions: 44->0(44)
[2024-08-28T13:04:29.234+0000][info][gc,heap        ] GC(919) Survivor regions: 7->7(7)
[2024-08-28T13:04:29.234+0000][info][gc,heap        ] GC(919) Old regions: 853->900
[2024-08-28T13:04:29.234+0000][info][gc,heap        ] GC(919) Archive regions: 2->2
[2024-08-28T13:04:29.234+0000][info][gc,heap        ] GC(919) Humongous regions: 5->5
[2024-08-28T13:04:29.234+0000][info][gc,metaspace   ] GC(919) Metaspace: 100K(320K)->100K(320K) NonClass: 96K(192K)->96K(192K) Class: 4K(128K)->4K(128K)
[2024-08-28T13:04:29.234+0000][info][gc             ] GC(919) Pause Young (Normal) (G1 Evacuation Pause) 906M->909M(1024M) 15.259ms
[2024-08-28T13:04:29.234+0000][info][gc,cpu         ] GC(919) User=0.33s Sys=0.00s Real=0.01s
[2024-08-28T13:04:29.258+0000][info][gc,start       ] GC(920) Pause Young (Normal) (G1 Evacuation Pause)
[2024-08-28T13:04:29.258+0000][info][gc,task        ] GC(920) Using 24 workers of 68 for evacuation
[2024-08-28T13:04:29.274+0000][info][gc,phases      ] GC(920)   Pre Evacuate Collection Set: 0.2ms
[2024-08-28T13:04:29.274+0000][info][gc,phases      ] GC(920)   Merge Heap Roots: 0.5ms
[2024-08-28T13:04:29.274+0000][info][gc,phases      ] GC(920)   Evacuate Collection Set: 14.0ms
[2024-08-28T13:04:29.274+0000][info][gc,phases      ] GC(920)   Post Evacuate Collection Set: 0.7ms
[2024-08-28T13:04:29.274+0000][info][gc,phases      ] GC(920)   Other: 0.3ms
[2024-08-28T13:04:29.274+0000][info][gc,heap        ] GC(920) Eden regions: 44->0(44)
[2024-08-28T13:04:29.274+0000][info][gc,heap        ] GC(920) Survivor regions: 7->7(7)
[2024-08-28T13:04:29.274+0000][info][gc,heap        ] GC(920) Old regions: 900->946
[2024-08-28T13:04:29.274+0000][info][gc,heap        ] GC(920) Archive regions: 2->2
[2024-08-28T13:04:29.274+0000][info][gc,heap        ] GC(920) Humongous regions: 5->5
[2024-08-28T13:04:29.274+0000][info][gc,metaspace   ] GC(920) Metaspace: 100K(320K)->100K(320K) NonClass: 96K(192K)->96K(192K) Class: 4K(128K)->4K(128K)
[2024-08-28T13:04:29.274+0000][info][gc             ] GC(920) Pause Young (Normal) (G1 Evacuation Pause) 953M->955M(1024M) 15.844ms
[2024-08-28T13:04:29.274+0000][info][gc,cpu         ] GC(920) User=0.35s Sys=0.00s Real=0.01s
[2024-08-28T13:04:29.289+0000][info][gc,marking     ] GC(917) Concurrent Rebuild Remembered Sets 112.085ms
[2024-08-28T13:04:29.289+0000][info][gc,start       ] GC(917) Pause Cleanup
[2024-08-28T13:04:29.291+0000][info][gc             ] GC(917) Pause Cleanup 981M->981M(1024M) 1.509ms
[2024-08-28T13:04:29.291+0000][info][gc,cpu         ] GC(917) User=0.01s Sys=0.00s Real=0.00s
[2024-08-28T13:04:29.291+0000][info][gc,marking     ] GC(917) Concurrent Cleanup for Next Mark
[2024-08-28T13:04:29.292+0000][info][gc,marking     ] GC(917) Concurrent Cleanup for Next Mark 0.822ms
[2024-08-28T13:04:29.292+0000][info][gc             ] GC(917) Concurrent Mark Cycle 144.526ms
[2024-08-28T13:04:29.293+0000][info][gc,start       ] GC(921) Pause Young (Prepare Mixed) (G1 Preventive Collection)
[2024-08-28T13:04:29.293+0000][info][gc,task        ] GC(921) Using 24 workers of 68 for evacuation
[2024-08-28T13:04:29.304+0000][info][gc,phases      ] GC(921)   Pre Evacuate Collection Set: 0.1ms
[2024-08-28T13:04:29.304+0000][info][gc,phases      ] GC(921)   Merge Heap Roots: 0.4ms
[2024-08-28T13:04:29.304+0000][info][gc,phases      ] GC(921)   Evacuate Collection Set: 10.8ms
[2024-08-28T13:04:29.304+0000][info][gc,phases      ] GC(921)   Post Evacuate Collection Set: 0.3ms
[2024-08-28T13:04:29.304+0000][info][gc,phases      ] GC(921)   Other: 0.1ms
[2024-08-28T13:04:29.304+0000][info][gc,heap        ] GC(921) Eden regions: 27->0(44)
[2024-08-28T13:04:29.304+0000][info][gc,heap        ] GC(921) Survivor regions: 7->7(7)
[2024-08-28T13:04:29.304+0000][info][gc,heap        ] GC(921) Old regions: 946->976
[2024-08-28T13:04:29.304+0000][info][gc,heap        ] GC(921) Archive regions: 2->2
[2024-08-28T13:04:29.304+0000][info][gc,heap        ] GC(921) Humongous regions: 5->5
[2024-08-28T13:04:29.304+0000][info][gc,metaspace   ] GC(921) Metaspace: 100K(320K)->100K(320K) NonClass: 96K(192K)->96K(192K) Class: 4K(128K)->4K(128K)
[2024-08-28T13:04:29.304+0000][info][gc             ] GC(921) Pause Young (Prepare Mixed) (G1 Preventive Collection) 982M->985M(1024M) 11.751ms
[2024-08-28T13:04:29.304+0000][info][gc,cpu         ] GC(921) User=0.27s Sys=0.00s Real=0.01s
[2024-08-28T13:04:29.311+0000][info][gc,start       ] GC(922) Pause Young (Mixed) (G1 Preventive Collection)
[2024-08-28T13:04:29.311+0000][info][gc,task        ] GC(922) Using 24 workers of 68 for evacuation
[2024-08-28T13:04:29.317+0000][info][gc,phases      ] GC(922)   Pre Evacuate Collection Set: 0.2ms
[2024-08-28T13:04:29.317+0000][info][gc,phases      ] GC(922)   Merge Heap Roots: 0.3ms
[2024-08-28T13:04:29.317+0000][info][gc,phases      ] GC(922)   Evacuate Collection Set: 4.9ms
[2024-08-28T13:04:29.317+0000][info][gc,phases      ] GC(922)   Post Evacuate Collection Set: 0.3ms
[2024-08-28T13:04:29.317+0000][info][gc,phases      ] GC(922)   Other: 0.1ms
[2024-08-28T13:04:29.317+0000][info][gc,heap        ] GC(922) Eden regions: 12->0(44)
[2024-08-28T13:04:29.317+0000][info][gc,heap        ] GC(922) Survivor regions: 7->7(7)
[2024-08-28T13:04:29.317+0000][info][gc,heap        ] GC(922) Old regions: 976->888
[2024-08-28T13:04:29.317+0000][info][gc,heap        ] GC(922) Archive regions: 2->2
[2024-08-28T13:04:29.317+0000][info][gc,heap        ] GC(922) Humongous regions: 5->5
[2024-08-28T13:04:29.317+0000][info][gc,metaspace   ] GC(922) Metaspace: 100K(320K)->100K(320K) NonClass: 96K(192K)->96K(192K) Class: 4K(128K)->4K(128K)
[2024-08-28T13:04:29.317+0000][info][gc             ] GC(922) Pause Young (Mixed) (G1 Preventive Collection) 997M->899M(1024M) 5.901ms
[2024-08-28T13:04:29.317+0000][info][gc,cpu         ] GC(922) User=0.13s Sys=0.00s Real=0.00s
[2024-08-28T13:04:29.340+0000][info][gc,start       ] GC(923) Pause Young (Mixed) (G1 Evacuation Pause)
[2024-08-28T13:04:29.340+0000][info][gc,task        ] GC(923) Using 24 workers of 68 for evacuation
[2024-08-28T13:04:29.351+0000][info][gc,phases      ] GC(923)   Pre Evacuate Collection Set: 0.2ms
[2024-08-28T13:04:29.351+0000][info][gc,phases      ] GC(923)   Merge Heap Roots: 0.3ms
[2024-08-28T13:04:29.351+0000][info][gc,phases      ] GC(923)   Evacuate Collection Set: 9.8ms
[2024-08-28T13:04:29.351+0000][info][gc,phases      ] GC(923)   Post Evacuate Collection Set: 0.4ms
[2024-08-28T13:04:29.351+0000][info][gc,phases      ] GC(923)   Other: 0.2ms
[2024-08-28T13:04:29.351+0000][info][gc,heap        ] GC(923) Eden regions: 44->0(44)
[2024-08-28T13:04:29.351+0000][info][gc,heap        ] GC(923) Survivor regions: 7->7(7)
[2024-08-28T13:04:29.351+0000][info][gc,heap        ] GC(923) Old regions: 888->829
[2024-08-28T13:04:29.351+0000][info][gc,heap        ] GC(923) Archive regions: 2->2
[2024-08-28T13:04:29.351+0000][info][gc,heap        ] GC(923) Humongous regions: 5->5
[2024-08-28T13:04:29.351+0000][info][gc,metaspace   ] GC(923) Metaspace: 100K(320K)->100K(320K) NonClass: 96K(192K)->96K(192K) Class: 4K(128K)->4K(128K)
[2024-08-28T13:04:29.351+0000][info][gc             ] GC(923) Pause Young (Mixed) (G1 Evacuation Pause) 943M->841M(1024M) 11.002ms
[2024-08-28T13:04:29.351+0000][info][gc,cpu         ] GC(923) User=0.25s Sys=0.00s Real=0.01s
[2024-08-28T13:04:29.375+0000][info][gc,start       ] GC(924) Pause Young (Mixed) (G1 Evacuation Pause)
[2024-08-28T13:04:29.375+0000][info][gc,task        ] GC(924) Using 24 workers of 68 for evacuation
[2024-08-28T13:04:29.388+0000][info][gc,phases      ] GC(924)   Pre Evacuate Collection Set: 0.2ms
[2024-08-28T13:04:29.388+0000][info][gc,phases      ] GC(924)   Merge Heap Roots: 0.4ms
[2024-08-28T13:04:29.388+0000][info][gc,phases      ] GC(924)   Evacuate Collection Set: 11.9ms
[2024-08-28T13:04:29.388+0000][info][gc,phases      ] GC(924)   Post Evacuate Collection Set: 0.4ms
[2024-08-28T13:04:29.388+0000][info][gc,phases      ] GC(924)   Other: 0.3ms
[2024-08-28T13:04:29.388+0000][info][gc,heap        ] GC(924) Eden regions: 44->0(44)
[2024-08-28T13:04:29.388+0000][info][gc,heap        ] GC(924) Survivor regions: 7->7(7)
[2024-08-28T13:04:29.388+0000][info][gc,heap        ] GC(924) Old regions: 829->787
[2024-08-28T13:04:29.388+0000][info][gc,heap        ] GC(924) Archive regions: 2->2
[2024-08-28T13:04:29.388+0000][info][gc,heap        ] GC(924) Humongous regions: 5->5
[2024-08-28T13:04:29.388+0000][info][gc,metaspace   ] GC(924) Metaspace: 100K(320K)->100K(320K) NonClass: 96K(192K)->96K(192K) Class: 4K(128K)->4K(128K)
[2024-08-28T13:04:29.388+0000][info][gc             ] GC(924) Pause Young (Mixed) (G1 Evacuation Pause) 885M->799M(1024M) 13.357ms
[2024-08-28T13:04:29.388+0000][info][gc,cpu         ] GC(924) User=0.30s Sys=0.00s Real=0.01s
[2024-08-28T13:04:29.412+0000][info][gc,start       ] GC(925) Pause Young (Mixed) (G1 Evacuation Pause)
[2024-08-28T13:04:29.412+0000][info][gc,task        ] GC(925) Using 24 workers of 68 for evacuation
[2024-08-28T13:04:29.425+0000][info][gc,phases      ] GC(925)   Pre Evacuate Collection Set: 0.2ms
[2024-08-28T13:04:29.425+0000][info][gc,phases      ] GC(925)   Merge Heap Roots: 0.3ms
[2024-08-28T13:04:29.425+0000][info][gc,phases      ] GC(925)   Evacuate Collection Set: 12.1ms
[2024-08-28T13:04:29.425+0000][info][gc,phases      ] GC(925)   Post Evacuate Collection Set: 0.3ms
[2024-08-28T13:04:29.425+0000][info][gc,phases      ] GC(925)   Other: 0.2ms
[2024-08-28T13:04:29.425+0000][info][gc,heap        ] GC(925) Eden regions: 44->0(44)
[2024-08-28T13:04:29.425+0000][info][gc,heap        ] GC(925) Survivor regions: 7->7(7)
[2024-08-28T13:04:29.425+0000][info][gc,heap        ] GC(925) Old regions: 787->810
[2024-08-28T13:04:29.425+0000][info][gc,heap        ] GC(925) Archive regions: 2->2
[2024-08-28T13:04:29.425+0000][info][gc,heap        ] GC(925) Humongous regions: 5->5
[2024-08-28T13:04:29.425+0000][info][gc,metaspace   ] GC(925) Metaspace: 100K(320K)->100K(320K) NonClass: 96K(192K)->96K(192K) Class: 4K(128K)->4K(128K)
[2024-08-28T13:04:29.425+0000][info][gc             ] GC(925) Pause Young (Mixed) (G1 Evacuation Pause) 843M->822M(1024M) 13.200ms
[2024-08-28T13:04:29.425+0000][info][gc,cpu         ] GC(925) User=0.29s Sys=0.00s Real=0.01s
[2024-08-28T13:04:29.449+0000][info][gc,start       ] GC(926) Pause Young (Concurrent Start) (G1 Evacuation Pause)
[2024-08-28T13:04:29.449+0000][info][gc,task        ] GC(926) Using 24 workers of 68 for evacuation
[2024-08-28T13:04:29.460+0000][info][gc,phases      ] GC(926)   Pre Evacuate Collection Set: 0.2ms
[2024-08-28T13:04:29.461+0000][info][gc,phases      ] GC(926)   Merge Heap Roots: 0.3ms
[2024-08-28T13:04:29.461+0000][info][gc,phases      ] GC(926)   Evacuate Collection Set: 10.2ms
[2024-08-28T13:04:29.461+0000][info][gc,phases      ] GC(926)   Post Evacuate Collection Set: 0.3ms
[2024-08-28T13:04:29.461+0000][info][gc,phases      ] GC(926)   Other: 0.7ms
[2024-08-28T13:04:29.461+0000][info][gc,heap        ] GC(926) Eden regions: 44->0(44)
[2024-08-28T13:04:29.461+0000][info][gc,heap        ] GC(926) Survivor regions: 7->7(7)
[2024-08-28T13:04:29.461+0000][info][gc,heap        ] GC(926) Old regions: 810->857
[2024-08-28T13:04:29.461+0000][info][gc,heap        ] GC(926) Archive regions: 2->2
[2024-08-28T13:04:29.461+0000][info][gc,heap        ] GC(926) Humongous regions: 5->5
[2024-08-28T13:04:29.461+0000][info][gc,metaspace   ] GC(926) Metaspace: 100K(320K)->100K(320K) NonClass: 96K(192K)->96K(192K) Class: 4K(128K)->4K(128K)
[2024-08-28T13:04:29.461+0000][info][gc             ] GC(926) Pause Young (Concurrent Start) (G1 Evacuation Pause) 866M->869M(1024M) 11.700ms
[2024-08-28T13:04:29.461+0000][info][gc,cpu         ] GC(926) User=0.25s Sys=0.00s Real=0.02s
[2024-08-28T13:04:29.461+0000][info][gc             ] GC(927) Concurrent Mark Cycle
[2024-08-28T13:04:29.461+0000][info][gc,marking     ] GC(927) Concurrent Clear Claimed Marks
[2024-08-28T13:04:29.461+0000][info][gc,marking     ] GC(927) Concurrent Clear Claimed Marks 0.010ms
[2024-08-28T13:04:29.461+0000][info][gc,marking     ] GC(927) Concurrent Scan Root Regions
[2024-08-28T13:04:29.462+0000][info][gc,marking     ] GC(927) Concurrent Scan Root Regions 1.698ms
[2024-08-28T13:04:29.462+0000][info][gc,marking     ] GC(927) Concurrent Mark
[2024-08-28T13:04:29.462+0000][info][gc,marking     ] GC(927) Concurrent Mark From Roots
[2024-08-28T13:04:29.462+0000][info][gc,task        ] GC(927) Using 17 workers of 17 for marking
[2024-08-28T13:04:29.489+0000][info][gc,marking     ] GC(927) Concurrent Mark From Roots 26.231ms
[2024-08-28T13:04:29.489+0000][info][gc,marking     ] GC(927) Concurrent Preclean
[2024-08-28T13:04:29.489+0000][info][gc,marking     ] GC(927) Concurrent Preclean 0.504ms
[2024-08-28T13:04:29.490+0000][info][gc,start       ] GC(927) Pause Remark
[2024-08-28T13:04:29.491+0000][info][gc             ] GC(927) Pause Remark 907M->907M(1024M) 1.345ms
[2024-08-28T13:04:29.491+0000][info][gc,cpu         ] GC(927) User=0.01s Sys=0.00s Real=0.00s
[2024-08-28T13:04:29.491+0000][info][gc,marking     ] GC(927) Concurrent Mark 28.415ms
[2024-08-28T13:04:29.491+0000][info][gc,marking     ] GC(927) Concurrent Rebuild Remembered Sets
[2024-08-28T13:04:29.495+0000][info][gc,start       ] GC(928) Pause Young (Normal) (G1 Evacuation Pause)
[2024-08-28T13:04:29.495+0000][info][gc,task        ] GC(928) Using 24 workers of 68 for evacuation
[2024-08-28T13:04:29.506+0000][info][gc,phases      ] GC(928)   Pre Evacuate Collection Set: 0.1ms
[2024-08-28T13:04:29.506+0000][info][gc,phases      ] GC(928)   Merge Heap Roots: 0.4ms
[2024-08-28T13:04:29.506+0000][info][gc,phases      ] GC(928)   Evacuate Collection Set: 10.0ms
[2024-08-28T13:04:29.506+0000][info][gc,phases      ] GC(928)   Post Evacuate Collection Set: 0.4ms
[2024-08-28T13:04:29.506+0000][info][gc,phases      ] GC(928)   Other: 0.2ms
[2024-08-28T13:04:29.506+0000][info][gc,heap        ] GC(928) Eden regions: 44->0(44)
[2024-08-28T13:04:29.506+0000][info][gc,heap        ] GC(928) Survivor regions: 7->7(7)
[2024-08-28T13:04:29.506+0000][info][gc,heap        ] GC(928) Old regions: 857->904
[2024-08-28T13:04:29.506+0000][info][gc,heap        ] GC(928) Archive regions: 2->2
[2024-08-28T13:04:29.506+0000][info][gc,heap        ] GC(928) Humongous regions: 5->5
[2024-08-28T13:04:29.506+0000][info][gc,metaspace   ] GC(928) Metaspace: 100K(320K)->100K(320K) NonClass: 96K(192K)->96K(192K) Class: 4K(128K)->4K(128K)
[2024-08-28T13:04:29.506+0000][info][gc             ] GC(928) Pause Young (Normal) (G1 Evacuation Pause) 913M->916M(1024M) 11.182ms
[2024-08-28T13:04:29.506+0000][info][gc,cpu         ] GC(928) User=0.24s Sys=0.00s Real=0.01s
[2024-08-28T13:04:29.531+0000][info][gc,start       ] GC(929) Pause Young (Normal) (G1 Evacuation Pause)
[2024-08-28T13:04:29.531+0000][info][gc,task        ] GC(929) Using 24 workers of 68 for evacuation
[2024-08-28T13:04:29.545+0000][info][gc,phases      ] GC(929)   Pre Evacuate Collection Set: 0.1ms
[2024-08-28T13:04:29.545+0000][info][gc,phases      ] GC(929)   Merge Heap Roots: 0.3ms
[2024-08-28T13:04:29.545+0000][info][gc,phases      ] GC(929)   Evacuate Collection Set: 13.5ms
[2024-08-28T13:04:29.545+0000][info][gc,phases      ] GC(929)   Post Evacuate Collection Set: 0.5ms
[2024-08-28T13:04:29.545+0000][info][gc,phases      ] GC(929)   Other: 0.2ms
[2024-08-28T13:04:29.545+0000][info][gc,heap        ] GC(929) Eden regions: 44->0(44)
[2024-08-28T13:04:29.545+0000][info][gc,heap        ] GC(929) Survivor regions: 7->7(7)
[2024-08-28T13:04:29.545+0000][info][gc,heap        ] GC(929) Old regions: 904->950
[2024-08-28T13:04:29.545+0000][info][gc,heap        ] GC(929) Archive regions: 2->2
[2024-08-28T13:04:29.545+0000][info][gc,heap        ] GC(929) Humongous regions: 5->5
[2024-08-28T13:04:29.545+0000][info][gc,metaspace   ] GC(929) Metaspace: 100K(320K)->100K(320K) NonClass: 96K(192K)->96K(192K) Class: 4K(128K)->4K(128K)
[2024-08-28T13:04:29.545+0000][info][gc             ] GC(929) Pause Young (Normal) (G1 Evacuation Pause) 960M->962M(1024M) 14.823ms
[2024-08-28T13:04:29.545+0000][info][gc,cpu         ] GC(929) User=0.33s Sys=0.00s Real=0.01s
[2024-08-28T13:04:29.559+0000][info][gc,start       ] GC(930) Pause Young (Normal) (G1 Preventive Collection)
[2024-08-28T13:04:29.559+0000][info][gc,task        ] GC(930) Using 24 workers of 68 for evacuation
[2024-08-28T13:04:29.573+0000][info][gc             ] GC(930) To-space exhausted
[2024-08-28T13:04:29.573+0000][info][gc,phases      ] GC(930)   Pre Evacuate Collection Set: 0.1ms
[2024-08-28T13:04:29.573+0000][info][gc,phases      ] GC(930)   Merge Heap Roots: 0.5ms
[2024-08-28T13:04:29.573+0000][info][gc,phases      ] GC(930)   Evacuate Collection Set: 11.7ms
[2024-08-28T13:04:29.573+0000][info][gc,phases      ] GC(930)   Post Evacuate Collection Set: 0.8ms
[2024-08-28T13:04:29.573+0000][info][gc,phases      ] GC(930)   Other: 0.2ms
[2024-08-28T13:04:29.573+0000][info][gc,heap        ] GC(930) Eden regions: 25->0(44)
[2024-08-28T13:04:29.573+0000][info][gc,heap        ] GC(930) Survivor regions: 7->7(7)
[2024-08-28T13:04:29.573+0000][info][gc,heap        ] GC(930) Old regions: 950->988
[2024-08-28T13:04:29.573+0000][info][gc,heap        ] GC(930) Archive regions: 2->2
[2024-08-28T13:04:29.573+0000][info][gc,heap        ] GC(930) Humongous regions: 5->5
[2024-08-28T13:04:29.573+0000][info][gc,metaspace   ] GC(930) Metaspace: 100K(320K)->100K(320K) NonClass: 96K(192K)->96K(192K) Class: 4K(128K)->4K(128K)
[2024-08-28T13:04:29.573+0000][info][gc             ] GC(930) Pause Young (Normal) (G1 Preventive Collection) 987M->1000M(1024M) 13.448ms
[2024-08-28T13:04:29.573+0000][info][gc,cpu         ] GC(930) User=0.30s Sys=0.00s Real=0.01s
[2024-08-28T13:04:29.577+0000][info][gc,start       ] GC(931) Pause Young (Normal) (G1 Preventive Collection)
[2024-08-28T13:04:29.577+0000][info][gc,task        ] GC(931) Using 24 workers of 68 for evacuation
[2024-08-28T13:04:29.587+0000][info][gc             ] GC(931) To-space exhausted
[2024-08-28T13:04:29.587+0000][info][gc,phases      ] GC(931)   Pre Evacuate Collection Set: 0.1ms
[2024-08-28T13:04:29.587+0000][info][gc,phases      ] GC(931)   Merge Heap Roots: 0.5ms
[2024-08-28T13:04:29.587+0000][info][gc,phases      ] GC(931)   Evacuate Collection Set: 7.7ms
[2024-08-28T13:04:29.587+0000][info][gc,phases      ] GC(931)   Post Evacuate Collection Set: 0.7ms
[2024-08-28T13:04:29.587+0000][info][gc,phases      ] GC(931)   Other: 0.2ms
[2024-08-28T13:04:29.587+0000][info][gc,heap        ] GC(931) Eden regions: 6->0(45)
[2024-08-28T13:04:29.587+0000][info][gc,heap        ] GC(931) Survivor regions: 7->6(7)
[2024-08-28T13:04:29.587+0000][info][gc,heap        ] GC(931) Old regions: 988->1005
[2024-08-28T13:04:29.587+0000][info][gc,heap        ] GC(931) Archive regions: 2->2
[2024-08-28T13:04:29.587+0000][info][gc,heap        ] GC(931) Humongous regions: 5->5
[2024-08-28T13:04:29.587+0000][info][gc,metaspace   ] GC(931) Metaspace: 100K(320K)->100K(320K) NonClass: 96K(192K)->96K(192K) Class: 4K(128K)->4K(128K)
[2024-08-28T13:04:29.587+0000][info][gc             ] GC(931) Pause Young (Normal) (G1 Preventive Collection) 1006M->1016M(1024M) 9.299ms
[2024-08-28T13:04:29.587+0000][info][gc,cpu         ] GC(931) User=0.20s Sys=0.01s Real=0.01s
[2024-08-28T13:04:29.588+0000][info][gc,start       ] GC(932) Pause Young (Normal) (G1 Preventive Collection)
[2024-08-28T13:04:29.588+0000][info][gc,task        ] GC(932) Using 24 workers of 68 for evacuation
[2024-08-28T13:04:29.595+0000][info][gc             ] GC(932) To-space exhausted
[2024-08-28T13:04:29.595+0000][info][gc,phases      ] GC(932)   Pre Evacuate Collection Set: 0.1ms
[2024-08-28T13:04:29.595+0000][info][gc,phases      ] GC(932)   Merge Heap Roots: 0.4ms
[2024-08-28T13:04:29.595+0000][info][gc,phases      ] GC(932)   Evacuate Collection Set: 5.7ms
[2024-08-28T13:04:29.595+0000][info][gc,phases      ] GC(932)   Post Evacuate Collection Set: 0.8ms
[2024-08-28T13:04:29.595+0000][info][gc,phases      ] GC(932)   Other: 0.1ms
[2024-08-28T13:04:29.595+0000][info][gc,heap        ] GC(932) Eden regions: 1->0(50)
[2024-08-28T13:04:29.595+0000][info][gc,heap        ] GC(932) Survivor regions: 6->1(5)
[2024-08-28T13:04:29.595+0000][info][gc,heap        ] GC(932) Old regions: 1005->1016
[2024-08-28T13:04:29.595+0000][info][gc,heap        ] GC(932) Archive regions: 2->2
[2024-08-28T13:04:29.595+0000][info][gc,heap        ] GC(932) Humongous regions: 5->5
[2024-08-28T13:04:29.595+0000][info][gc,metaspace   ] GC(932) Metaspace: 100K(320K)->100K(320K) NonClass: 96K(192K)->96K(192K) Class: 4K(128K)->4K(128K)
[2024-08-28T13:04:29.595+0000][info][gc             ] GC(932) Pause Young (Normal) (G1 Preventive Collection) 1017M->1022M(1024M) 7.284ms
[2024-08-28T13:04:29.595+0000][info][gc,cpu         ] GC(932) User=0.16s Sys=0.00s Real=0.01s
[2024-08-28T13:04:29.595+0000][info][gc,ergo        ] Attempting full compaction
[2024-08-28T13:04:29.595+0000][info][gc,task        ] GC(933) Using 24 workers of 68 for full compaction
[2024-08-28T13:04:29.595+0000][info][gc,start       ] GC(933) Pause Full (G1 Compaction Pause)
[2024-08-28T13:04:29.596+0000][info][gc,phases,start] GC(933) Phase 1: Mark live objects
[2024-08-28T13:04:29.611+0000][info][gc,phases      ] GC(933) Phase 1: Mark live objects 15.247ms
[2024-08-28T13:04:29.611+0000][info][gc,phases,start] GC(933) Phase 2: Prepare for compaction
[2024-08-28T13:04:29.621+0000][info][gc,phases      ] GC(933) Phase 2: Prepare for compaction 9.305ms
[2024-08-28T13:04:29.621+0000][info][gc,phases,start] GC(933) Phase 3: Adjust pointers
[2024-08-28T13:04:29.638+0000][info][gc,phases      ] GC(933) Phase 3: Adjust pointers 17.651ms
[2024-08-28T13:04:29.638+0000][info][gc,phases,start] GC(933) Phase 4: Compact heap
[2024-08-28T13:04:29.671+0000][info][gc,phases      ] GC(933) Phase 4: Compact heap 32.488ms
[2024-08-28T13:04:29.672+0000][info][gc,heap        ] GC(933) Eden regions: 0->0(150)
[2024-08-28T13:04:29.672+0000][info][gc,heap        ] GC(933) Survivor regions: 1->0(5)
[2024-08-28T13:04:29.672+0000][info][gc,heap        ] GC(933) Old regions: 1016->441
[2024-08-28T13:04:29.672+0000][info][gc,heap        ] GC(933) Archive regions: 2->2
[2024-08-28T13:04:29.672+0000][info][gc,heap        ] GC(933) Humongous regions: 5->5
[2024-08-28T13:04:29.672+0000][info][gc,metaspace   ] GC(933) Metaspace: 100K(320K)->100K(320K) NonClass: 96K(192K)->96K(192K) Class: 4K(128K)->4K(128K)
[2024-08-28T13:04:29.672+0000][info][gc             ] GC(933) Pause Full (G1 Compaction Pause) 1022M->435M(1024M) 76.990ms
[2024-08-28T13:04:29.672+0000][info][gc,cpu         ] GC(933) User=1.62s Sys=0.00s Real=0.08s
[2024-08-28T13:04:29.673+0000][info][gc,marking     ] GC(927) Concurrent Rebuild Remembered Sets 181.628ms
[2024-08-28T13:04:29.673+0000][info][gc,marking     ] GC(927) Concurrent Mark Abort
[2024-08-28T13:04:29.673+0000][info][gc             ] GC(927) Concurrent Mark Cycle 211.915ms
[2024-08-28T13:04:29.760+0000][info][gc,start       ] GC(934) Pause Young (Normal) (G1 Evacuation Pause)
[2024-08-28T13:04:29.760+0000][info][gc,task        ] GC(934) Using 24 workers of 68 for evacuation
[2024-08-28T13:04:29.783+0000][info][gc,phases      ] GC(934)   Pre Evacuate Collection Set: 0.2ms
[2024-08-28T13:04:29.783+0000][info][gc,phases      ] GC(934)   Merge Heap Roots: 0.4ms
[2024-08-28T13:04:29.783+0000][info][gc,phases      ] GC(934)   Evacuate Collection Set: 21.7ms
[2024-08-28T13:04:29.783+0000][info][gc,phases      ] GC(934)   Post Evacuate Collection Set: 0.4ms
[2024-08-28T13:04:29.783+0000][info][gc,phases      ] GC(934)   Other: 0.2ms
[2024-08-28T13:04:29.783+0000][info][gc,heap        ] GC(934) Eden regions: 150->0(104)
[2024-08-28T13:04:29.783+0000][info][gc,heap        ] GC(934) Survivor regions: 0->19(19)
[2024-08-28T13:04:29.783+0000][info][gc,heap        ] GC(934) Old regions: 441->568
[2024-08-28T13:04:29.783+0000][info][gc,heap        ] GC(934) Archive regions: 2->2
[2024-08-28T13:04:29.783+0000][info][gc,heap        ] GC(934) Humongous regions: 5->5
[2024-08-28T13:04:29.783+0000][info][gc,metaspace   ] GC(934) Metaspace: 100K(320K)->100K(320K) NonClass: 96K(192K)->96K(192K) Class: 4K(128K)->4K(128K)
[2024-08-28T13:04:29.783+0000][info][gc             ] GC(934) Pause Young (Normal) (G1 Evacuation Pause) 585M->581M(1024M) 22.923ms
[2024-08-28T13:04:29.783+0000][info][gc,cpu         ] GC(934) User=0.53s Sys=0.00s Real=0.02s
[2024-08-28T13:04:29.840+0000][info][gc,start       ] GC(935) Pause Young (Concurrent Start) (G1 Evacuation Pause)
[2024-08-28T13:04:29.840+0000][info][gc,task        ] GC(935) Using 24 workers of 68 for evacuation
[2024-08-28T13:04:29.860+0000][info][gc,phases      ] GC(935)   Pre Evacuate Collection Set: 0.2ms
[2024-08-28T13:04:29.860+0000][info][gc,phases      ] GC(935)   Merge Heap Roots: 0.4ms
[2024-08-28T13:04:29.860+0000][info][gc,phases      ] GC(935)   Evacuate Collection Set: 18.9ms
[2024-08-28T13:04:29.860+0000][info][gc,phases      ] GC(935)   Post Evacuate Collection Set: 0.3ms
[2024-08-28T13:04:29.860+0000][info][gc,phases      ] GC(935)   Other: 0.6ms
[2024-08-28T13:04:29.860+0000][info][gc,heap        ] GC(935) Eden regions: 104->0(70)
[2024-08-28T13:04:29.860+0000][info][gc,heap        ] GC(935) Survivor regions: 19->16(16)
[2024-08-28T13:04:29.860+0000][info][gc,heap        ] GC(935) Old regions: 568->675
[2024-08-28T13:04:29.860+0000][info][gc,heap        ] GC(935) Archive regions: 2->2
[2024-08-28T13:04:29.860+0000][info][gc,heap        ] GC(935) Humongous regions: 5->5
[2024-08-28T13:04:29.860+0000][info][gc,metaspace   ] GC(935) Metaspace: 100K(320K)->100K(320K) NonClass: 96K(192K)->96K(192K) Class: 4K(128K)->4K(128K)
[2024-08-28T13:04:29.860+0000][info][gc             ] GC(935) Pause Young (Concurrent Start) (G1 Evacuation Pause) 685M->685M(1024M) 20.447ms
[2024-08-28T13:04:29.860+0000][info][gc,cpu         ] GC(935) User=0.46s Sys=0.00s Real=0.02s
[2024-08-28T13:04:29.860+0000][info][gc             ] GC(936) Concurrent Mark Cycle
[2024-08-28T13:04:29.860+0000][info][gc,marking     ] GC(936) Concurrent Clear Claimed Marks
[2024-08-28T13:04:29.860+0000][info][gc,marking     ] GC(936) Concurrent Clear Claimed Marks 0.010ms
[2024-08-28T13:04:29.860+0000][info][gc,marking     ] GC(936) Concurrent Scan Root Regions
[2024-08-28T13:04:29.864+0000][info][gc,marking     ] GC(936) Concurrent Scan Root Regions 3.809ms
[2024-08-28T13:04:29.864+0000][info][gc,marking     ] GC(936) Concurrent Mark
[2024-08-28T13:04:29.864+0000][info][gc,marking     ] GC(936) Concurrent Mark From Roots
[2024-08-28T13:04:29.864+0000][info][gc,task        ] GC(936) Using 17 workers of 17 for marking
[2024-08-28T13:04:29.886+0000][info][gc,marking     ] GC(936) Concurrent Mark From Roots 22.166ms
[2024-08-28T13:04:29.886+0000][info][gc,marking     ] GC(936) Concurrent Preclean
[2024-08-28T13:04:29.887+0000][info][gc,marking     ] GC(936) Concurrent Preclean 0.700ms
[2024-08-28T13:04:29.887+0000][info][gc,start       ] GC(936) Pause Remark
[2024-08-28T13:04:29.889+0000][info][gc             ] GC(936) Pause Remark 720M->720M(1024M) 1.122ms
[2024-08-28T13:04:29.889+0000][info][gc,cpu         ] GC(936) User=0.01s Sys=0.00s Real=0.00s
[2024-08-28T13:04:29.889+0000][info][gc,marking     ] GC(936) Concurrent Mark 24.412ms
[2024-08-28T13:04:29.889+0000][info][gc,marking     ] GC(936) Concurrent Rebuild Remembered Sets
[2024-08-28T13:04:29.908+0000][info][gc,start       ] GC(937) Pause Young (Normal) (G1 Evacuation Pause)
[2024-08-28T13:04:29.908+0000][info][gc,task        ] GC(937) Using 24 workers of 68 for evacuation
[2024-08-28T13:04:29.925+0000][info][gc,phases      ] GC(937)   Pre Evacuate Collection Set: 0.2ms
[2024-08-28T13:04:29.925+0000][info][gc,phases      ] GC(937)   Merge Heap Roots: 0.4ms
[2024-08-28T13:04:29.925+0000][info][gc,phases      ] GC(937)   Evacuate Collection Set: 15.8ms
[2024-08-28T13:04:29.925+0000][info][gc,phases      ] GC(937)   Post Evacuate Collection Set: 0.5ms
[2024-08-28T13:04:29.925+0000][info][gc,phases      ] GC(937)   Other: 0.2ms
[2024-08-28T13:04:29.925+0000][info][gc,heap        ] GC(937) Eden regions: 70->0(47)
[2024-08-28T13:04:29.925+0000][info][gc,heap        ] GC(937) Survivor regions: 16->11(11)
[2024-08-28T13:04:29.925+0000][info][gc,heap        ] GC(937) Old regions: 674->753
[2024-08-28T13:04:29.925+0000][info][gc,heap        ] GC(937) Archive regions: 2->2
[2024-08-28T13:04:29.925+0000][info][gc,heap        ] GC(937) Humongous regions: 5->5
[2024-08-28T13:04:29.925+0000][info][gc,metaspace   ] GC(937) Metaspace: 100K(320K)->100K(320K) NonClass: 96K(192K)->96K(192K) Class: 4K(128K)->4K(128K)
[2024-08-28T13:04:29.925+0000][info][gc             ] GC(937) Pause Young (Normal) (G1 Evacuation Pause) 755M->759M(1024M) 17.139ms
[2024-08-28T13:04:29.925+0000][info][gc,cpu         ] GC(937) User=0.39s Sys=0.00s Real=0.02s
[2024-08-28T13:04:29.951+0000][info][gc,start       ] GC(938) Pause Young (Normal) (G1 Evacuation Pause)
[2024-08-28T13:04:29.951+0000][info][gc,task        ] GC(938) Using 24 workers of 68 for evacuation
[2024-08-28T13:04:29.970+0000][info][gc,phases      ] GC(938)   Pre Evacuate Collection Set: 0.2ms
[2024-08-28T13:04:29.970+0000][info][gc,phases      ] GC(938)   Merge Heap Roots: 0.4ms
[2024-08-28T13:04:29.970+0000][info][gc,phases      ] GC(938)   Evacuate Collection Set: 17.9ms
[2024-08-28T13:04:29.970+0000][info][gc,phases      ] GC(938)   Post Evacuate Collection Set: 0.6ms
[2024-08-28T13:04:29.970+0000][info][gc,phases      ] GC(938)   Other: 0.2ms
[2024-08-28T13:04:29.970+0000][info][gc,heap        ] GC(938) Eden regions: 47->0(43)
[2024-08-28T13:04:29.970+0000][info][gc,heap        ] GC(938) Survivor regions: 11->8(8)
[2024-08-28T13:04:29.970+0000][info][gc,heap        ] GC(938) Old regions: 753->808
[2024-08-28T13:04:29.970+0000][info][gc,heap        ] GC(938) Archive regions: 2->2
[2024-08-28T13:04:29.970+0000][info][gc,heap        ] GC(938) Humongous regions: 5->5
[2024-08-28T13:04:29.970+0000][info][gc,metaspace   ] GC(938) Metaspace: 100K(320K)->100K(320K) NonClass: 96K(192K)->96K(192K) Class: 4K(128K)->4K(128K)
[2024-08-28T13:04:29.970+0000][info][gc             ] GC(938) Pause Young (Normal) (G1 Evacuation Pause) 806M->811M(1024M) 19.347ms
[2024-08-28T13:04:29.970+0000][info][gc,cpu         ] GC(938) User=0.45s Sys=0.00s Real=0.02s
[2024-08-28T13:04:29.992+0000][info][gc,marking     ] GC(936) Concurrent Rebuild Remembered Sets 103.356ms
[2024-08-28T13:04:29.992+0000][info][gc,start       ] GC(936) Pause Cleanup
[2024-08-28T13:04:29.994+0000][info][gc             ] GC(936) Pause Cleanup 850M->850M(1024M) 1.440ms
[2024-08-28T13:04:29.994+0000][info][gc,cpu         ] GC(936) User=0.01s Sys=0.00s Real=0.00s
[2024-08-28T13:04:29.994+0000][info][gc,marking     ] GC(936) Concurrent Cleanup for Next Mark
[2024-08-28T13:04:29.995+0000][info][gc,marking     ] GC(936) Concurrent Cleanup for Next Mark 0.790ms
[2024-08-28T13:04:29.995+0000][info][gc             ] GC(936) Concurrent Mark Cycle 134.326ms
[2024-08-28T13:04:29.997+0000][info][gc,start       ] GC(939) Pause Young (Prepare Mixed) (G1 Evacuation Pause)
[2024-08-28T13:04:29.998+0000][info][gc,task        ] GC(939) Using 24 workers of 68 for evacuation
[2024-08-28T13:04:30.010+0000][info][gc,phases      ] GC(939)   Pre Evacuate Collection Set: 0.2ms
[2024-08-28T13:04:30.011+0000][info][gc,phases      ] GC(939)   Merge Heap Roots: 0.5ms
[2024-08-28T13:04:30.011+0000][info][gc,phases      ] GC(939)   Evacuate Collection Set: 11.9ms
[2024-08-28T13:04:30.011+0000][info][gc,phases      ] GC(939)   Post Evacuate Collection Set: 0.3ms
[2024-08-28T13:04:30.011+0000][info][gc,phases      ] GC(939)   Other: 0.2ms
[2024-08-28T13:04:30.011+0000][info][gc,heap        ] GC(939) Eden regions: 43->0(44)
[2024-08-28T13:04:30.011+0000][info][gc,heap        ] GC(939) Survivor regions: 8->7(7)
[2024-08-28T13:04:30.011+0000][info][gc,heap        ] GC(939) Old regions: 808->855
[2024-08-28T13:04:30.011+0000][info][gc,heap        ] GC(939) Archive regions: 2->2
[2024-08-28T13:04:30.011+0000][info][gc,heap        ] GC(939) Humongous regions: 5->5
[2024-08-28T13:04:30.011+0000][info][gc,metaspace   ] GC(939) Metaspace: 100K(320K)->100K(320K) NonClass: 96K(192K)->96K(192K) Class: 4K(128K)->4K(128K)
[2024-08-28T13:04:30.011+0000][info][gc             ] GC(939) Pause Young (Prepare Mixed) (G1 Evacuation Pause) 854M->857M(1024M) 13.176ms
[2024-08-28T13:04:30.011+0000][info][gc,cpu         ] GC(939) User=0.30s Sys=0.00s Real=0.02s
[2024-08-28T13:04:30.036+0000][info][gc,start       ] GC(940) Pause Young (Mixed) (G1 Evacuation Pause)
[2024-08-28T13:04:30.036+0000][info][gc,task        ] GC(940) Using 24 workers of 68 for evacuation
[2024-08-28T13:04:30.048+0000][info][gc,phases      ] GC(940)   Pre Evacuate Collection Set: 0.2ms
[2024-08-28T13:04:30.048+0000][info][gc,phases      ] GC(940)   Merge Heap Roots: 0.4ms
[2024-08-28T13:04:30.048+0000][info][gc,phases      ] GC(940)   Evacuate Collection Set: 11.3ms
[2024-08-28T13:04:30.048+0000][info][gc,phases      ] GC(940)   Post Evacuate Collection Set: 0.3ms
[2024-08-28T13:04:30.048+0000][info][gc,phases      ] GC(940)   Other: 0.2ms
[2024-08-28T13:04:30.048+0000][info][gc,heap        ] GC(940) Eden regions: 44->0(44)
[2024-08-28T13:04:30.048+0000][info][gc,heap        ] GC(940) Survivor regions: 7->7(7)
[2024-08-28T13:04:30.048+0000][info][gc,heap        ] GC(940) Old regions: 855->800
[2024-08-28T13:04:30.048+0000][info][gc,heap        ] GC(940) Archive regions: 2->2
[2024-08-28T13:04:30.048+0000][info][gc,heap        ] GC(940) Humongous regions: 5->5
[2024-08-28T13:04:30.048+0000][info][gc,metaspace   ] GC(940) Metaspace: 100K(320K)->100K(320K) NonClass: 96K(192K)->96K(192K) Class: 4K(128K)->4K(128K)
[2024-08-28T13:04:30.048+0000][info][gc             ] GC(940) Pause Young (Mixed) (G1 Evacuation Pause) 901M->807M(1024M) 12.529ms
[2024-08-28T13:04:30.048+0000][info][gc,cpu         ] GC(940) User=0.28s Sys=0.00s Real=0.01s
[2024-08-28T13:04:30.073+0000][info][gc,start       ] GC(941) Pause Young (Mixed) (G1 Evacuation Pause)
[2024-08-28T13:04:30.073+0000][info][gc,task        ] GC(941) Using 24 workers of 68 for evacuation
[2024-08-28T13:04:30.086+0000][info][gc,phases      ] GC(941)   Pre Evacuate Collection Set: 0.2ms
[2024-08-28T13:04:30.086+0000][info][gc,phases      ] GC(941)   Merge Heap Roots: 0.4ms
[2024-08-28T13:04:30.086+0000][info][gc,phases      ] GC(941)   Evacuate Collection Set: 11.5ms
[2024-08-28T13:04:30.086+0000][info][gc,phases      ] GC(941)   Post Evacuate Collection Set: 0.4ms
[2024-08-28T13:04:30.086+0000][info][gc,phases      ] GC(941)   Other: 0.3ms
[2024-08-28T13:04:30.086+0000][info][gc,heap        ] GC(941) Eden regions: 44->0(47)
[2024-08-28T13:04:30.086+0000][info][gc,heap        ] GC(941) Survivor regions: 7->7(7)
[2024-08-28T13:04:30.086+0000][info][gc,heap        ] GC(941) Old regions: 800->756
[2024-08-28T13:04:30.086+0000][info][gc,heap        ] GC(941) Archive regions: 2->2
[2024-08-28T13:04:30.086+0000][info][gc,heap        ] GC(941) Humongous regions: 5->5
[2024-08-28T13:04:30.086+0000][info][gc,metaspace   ] GC(941) Metaspace: 100K(320K)->100K(320K) NonClass: 96K(192K)->96K(192K) Class: 4K(128K)->4K(128K)
[2024-08-28T13:04:30.086+0000][info][gc             ] GC(941) Pause Young (Mixed) (G1 Evacuation Pause) 851M->768M(1024M) 12.878ms
[2024-08-28T13:04:30.086+0000][info][gc,cpu         ] GC(941) User=0.28s Sys=0.00s Real=0.01s
[2024-08-28T13:04:30.111+0000][info][gc,start       ] GC(942) Pause Young (Concurrent Start) (G1 Evacuation Pause)
[2024-08-28T13:04:30.111+0000][info][gc,task        ] GC(942) Using 24 workers of 68 for evacuation
[2024-08-28T13:04:30.122+0000][info][gc,phases      ] GC(942)   Pre Evacuate Collection Set: 0.2ms
[2024-08-28T13:04:30.122+0000][info][gc,phases      ] GC(942)   Merge Heap Roots: 0.4ms
[2024-08-28T13:04:30.122+0000][info][gc,phases      ] GC(942)   Evacuate Collection Set: 10.2ms
[2024-08-28T13:04:30.122+0000][info][gc,phases      ] GC(942)   Post Evacuate Collection Set: 0.3ms
[2024-08-28T13:04:30.122+0000][info][gc,phases      ] GC(942)   Other: 0.6ms
[2024-08-28T13:04:30.122+0000][info][gc,heap        ] GC(942) Eden regions: 47->0(44)
[2024-08-28T13:04:30.122+0000][info][gc,heap        ] GC(942) Survivor regions: 7->7(7)
[2024-08-28T13:04:30.122+0000][info][gc,heap        ] GC(942) Old regions: 756->806
[2024-08-28T13:04:30.122+0000][info][gc,heap        ] GC(942) Archive regions: 2->2
[2024-08-28T13:04:30.122+0000][info][gc,heap        ] GC(942) Humongous regions: 5->5
[2024-08-28T13:04:30.122+0000][info][gc,metaspace   ] GC(942) Metaspace: 100K(320K)->100K(320K) NonClass: 96K(192K)->96K(192K) Class: 4K(128K)->4K(128K)
[2024-08-28T13:04:30.123+0000][info][gc             ] GC(942) Pause Young (Concurrent Start) (G1 Evacuation Pause) 815M->817M(1024M) 11.723ms
[2024-08-28T13:04:30.123+0000][info][gc,cpu         ] GC(942) User=0.25s Sys=0.00s Real=0.01s
[2024-08-28T13:04:30.123+0000][info][gc             ] GC(943) Concurrent Mark Cycle
[2024-08-28T13:04:30.123+0000][info][gc,marking     ] GC(943) Concurrent Clear Claimed Marks
[2024-08-28T13:04:30.123+0000][info][gc,marking     ] GC(943) Concurrent Clear Claimed Marks 0.012ms
[2024-08-28T13:04:30.123+0000][info][gc,marking     ] GC(943) Concurrent Scan Root Regions
[2024-08-28T13:04:30.125+0000][info][gc,marking     ] GC(943) Concurrent Scan Root Regions 2.041ms
[2024-08-28T13:04:30.125+0000][info][gc,marking     ] GC(943) Concurrent Mark
[2024-08-28T13:04:30.125+0000][info][gc,marking     ] GC(943) Concurrent Mark From Roots
[2024-08-28T13:04:30.125+0000][info][gc,task        ] GC(943) Using 17 workers of 17 for marking
[2024-08-28T13:04:30.150+0000][info][gc,marking     ] GC(943) Concurrent Mark From Roots 25.126ms
[2024-08-28T13:04:30.150+0000][info][gc,marking     ] GC(943) Concurrent Preclean
[2024-08-28T13:04:30.151+0000][info][gc,marking     ] GC(943) Concurrent Preclean 0.916ms
[2024-08-28T13:04:30.151+0000][info][gc,start       ] GC(943) Pause Remark
[2024-08-28T13:04:30.153+0000][info][gc             ] GC(943) Pause Remark 855M->855M(1024M) 1.415ms
[2024-08-28T13:04:30.153+0000][info][gc,cpu         ] GC(943) User=0.01s Sys=0.00s Real=0.00s
[2024-08-28T13:04:30.153+0000][info][gc,marking     ] GC(943) Concurrent Mark 28.032ms
[2024-08-28T13:04:30.153+0000][info][gc,marking     ] GC(943) Concurrent Rebuild Remembered Sets
[2024-08-28T13:04:30.157+0000][info][gc,start       ] GC(944) Pause Young (Normal) (G1 Evacuation Pause)
[2024-08-28T13:04:30.157+0000][info][gc,task        ] GC(944) Using 24 workers of 68 for evacuation
[2024-08-28T13:04:30.167+0000][info][gc,phases      ] GC(944)   Pre Evacuate Collection Set: 0.2ms
[2024-08-28T13:04:30.167+0000][info][gc,phases      ] GC(944)   Merge Heap Roots: 0.3ms
[2024-08-28T13:04:30.167+0000][info][gc,phases      ] GC(944)   Evacuate Collection Set: 9.5ms
[2024-08-28T13:04:30.167+0000][info][gc,phases      ] GC(944)   Post Evacuate Collection Set: 0.4ms
[2024-08-28T13:04:30.167+0000][info][gc,phases      ] GC(944)   Other: 0.2ms
[2024-08-28T13:04:30.167+0000][info][gc,heap        ] GC(944) Eden regions: 44->0(44)
[2024-08-28T13:04:30.167+0000][info][gc,heap        ] GC(944) Survivor regions: 7->7(7)
[2024-08-28T13:04:30.167+0000][info][gc,heap        ] GC(944) Old regions: 806->852
[2024-08-28T13:04:30.167+0000][info][gc,heap        ] GC(944) Archive regions: 2->2
[2024-08-28T13:04:30.167+0000][info][gc,heap        ] GC(944) Humongous regions: 5->5
[2024-08-28T13:04:30.167+0000][info][gc,metaspace   ] GC(944) Metaspace: 100K(320K)->100K(320K) NonClass: 96K(192K)->96K(192K) Class: 4K(128K)->4K(128K)
[2024-08-28T13:04:30.167+0000][info][gc             ] GC(944) Pause Young (Normal) (G1 Evacuation Pause) 861M->864M(1024M) 10.722ms
[2024-08-28T13:04:30.167+0000][info][gc,cpu         ] GC(944) User=0.23s Sys=0.00s Real=0.01s
[2024-08-28T13:04:30.192+0000][info][gc,start       ] GC(945) Pause Young (Normal) (G1 Evacuation Pause)
[2024-08-28T13:04:30.192+0000][info][gc,task        ] GC(945) Using 24 workers of 68 for evacuation
[2024-08-28T13:04:30.207+0000][info][gc,phases      ] GC(945)   Pre Evacuate Collection Set: 0.1ms
[2024-08-28T13:04:30.207+0000][info][gc,phases      ] GC(945)   Merge Heap Roots: 0.5ms
[2024-08-28T13:04:30.207+0000][info][gc,phases      ] GC(945)   Evacuate Collection Set: 13.7ms
[2024-08-28T13:04:30.207+0000][info][gc,phases      ] GC(945)   Post Evacuate Collection Set: 0.5ms
[2024-08-28T13:04:30.207+0000][info][gc,phases      ] GC(945)   Other: 0.2ms
[2024-08-28T13:04:30.207+0000][info][gc,heap        ] GC(945) Eden regions: 44->0(44)
[2024-08-28T13:04:30.207+0000][info][gc,heap        ] GC(945) Survivor regions: 7->7(7)
[2024-08-28T13:04:30.207+0000][info][gc,heap        ] GC(945) Old regions: 852->899
[2024-08-28T13:04:30.207+0000][info][gc,heap        ] GC(945) Archive regions: 2->2
[2024-08-28T13:04:30.207+0000][info][gc,heap        ] GC(945) Humongous regions: 5->5
[2024-08-28T13:04:30.207+0000][info][gc,metaspace   ] GC(945) Metaspace: 100K(320K)->100K(320K) NonClass: 96K(192K)->96K(192K) Class: 4K(128K)->4K(128K)
[2024-08-28T13:04:30.207+0000][info][gc             ] GC(945) Pause Young (Normal) (G1 Evacuation Pause) 908M->910M(1024M) 15.083ms
[2024-08-28T13:04:30.207+0000][info][gc,cpu         ] GC(945) User=0.34s Sys=0.00s Real=0.01s
[2024-08-28T13:04:30.231+0000][info][gc,start       ] GC(946) Pause Young (Normal) (G1 Evacuation Pause)
[2024-08-28T13:04:30.231+0000][info][gc,task        ] GC(946) Using 24 workers of 68 for evacuation
[2024-08-28T13:04:30.245+0000][info][gc,phases      ] GC(946)   Pre Evacuate Collection Set: 0.2ms
[2024-08-28T13:04:30.245+0000][info][gc,phases      ] GC(946)   Merge Heap Roots: 0.4ms
[2024-08-28T13:04:30.245+0000][info][gc,phases      ] GC(946)   Evacuate Collection Set: 12.8ms
[2024-08-28T13:04:30.245+0000][info][gc,phases      ] GC(946)   Post Evacuate Collection Set: 0.6ms
[2024-08-28T13:04:30.245+0000][info][gc,phases      ] GC(946)   Other: 0.2ms
[2024-08-28T13:04:30.245+0000][info][gc,heap        ] GC(946) Eden regions: 44->0(44)
[2024-08-28T13:04:30.245+0000][info][gc,heap        ] GC(946) Survivor regions: 7->7(7)
[2024-08-28T13:04:30.245+0000][info][gc,heap        ] GC(946) Old regions: 899->945
[2024-08-28T13:04:30.245+0000][info][gc,heap        ] GC(946) Archive regions: 2->2
[2024-08-28T13:04:30.245+0000][info][gc,heap        ] GC(946) Humongous regions: 5->5
[2024-08-28T13:04:30.245+0000][info][gc,metaspace   ] GC(946) Metaspace: 100K(320K)->100K(320K) NonClass: 96K(192K)->96K(192K) Class: 4K(128K)->4K(128K)
[2024-08-28T13:04:30.245+0000][info][gc             ] GC(946) Pause Young (Normal) (G1 Evacuation Pause) 954M->956M(1024M) 14.200ms
[2024-08-28T13:04:30.245+0000][info][gc,cpu         ] GC(946) User=0.32s Sys=0.00s Real=0.01s
[2024-08-28T13:04:30.257+0000][info][gc,marking     ] GC(943) Concurrent Rebuild Remembered Sets 104.687ms
[2024-08-28T13:04:30.258+0000][info][gc,start       ] GC(943) Pause Cleanup
[2024-08-28T13:04:30.259+0000][info][gc             ] GC(943) Pause Cleanup 978M->978M(1024M) 1.573ms
[2024-08-28T13:04:30.259+0000][info][gc,cpu         ] GC(943) User=0.00s Sys=0.00s Real=0.00s
[2024-08-28T13:04:30.259+0000][info][gc,marking     ] GC(943) Concurrent Cleanup for Next Mark
[2024-08-28T13:04:30.260+0000][info][gc,marking     ] GC(943) Concurrent Cleanup for Next Mark 0.798ms
[2024-08-28T13:04:30.260+0000][info][gc             ] GC(943) Concurrent Mark Cycle 137.710ms
[2024-08-28T13:04:30.264+0000][info][gc,start       ] GC(947) Pause Young (Prepare Mixed) (G1 Preventive Collection)
[2024-08-28T13:04:30.264+0000][info][gc,task        ] GC(947) Using 24 workers of 68 for evacuation
[2024-08-28T13:04:30.275+0000][info][gc,phases      ] GC(947)   Pre Evacuate Collection Set: 0.1ms
[2024-08-28T13:04:30.275+0000][info][gc,phases      ] GC(947)   Merge Heap Roots: 0.5ms
[2024-08-28T13:04:30.275+0000][info][gc,phases      ] GC(947)   Evacuate Collection Set: 10.0ms
[2024-08-28T13:04:30.275+0000][info][gc,phases      ] GC(947)   Post Evacuate Collection Set: 0.3ms
[2024-08-28T13:04:30.275+0000][info][gc,phases      ] GC(947)   Other: 0.2ms
[2024-08-28T13:04:30.275+0000][info][gc,heap        ] GC(947) Eden regions: 27->0(44)
[2024-08-28T13:04:30.275+0000][info][gc,heap        ] GC(947) Survivor regions: 7->7(7)
[2024-08-28T13:04:30.275+0000][info][gc,heap        ] GC(947) Old regions: 945->976
[2024-08-28T13:04:30.275+0000][info][gc,heap        ] GC(947) Archive regions: 2->2
[2024-08-28T13:04:30.275+0000][info][gc,heap        ] GC(947) Humongous regions: 5->5
[2024-08-28T13:04:30.275+0000][info][gc,metaspace   ] GC(947) Metaspace: 100K(320K)->100K(320K) NonClass: 96K(192K)->96K(192K) Class: 4K(128K)->4K(128K)
[2024-08-28T13:04:30.275+0000][info][gc             ] GC(947) Pause Young (Prepare Mixed) (G1 Preventive Collection) 983M->987M(1024M) 11.250ms
[2024-08-28T13:04:30.275+0000][info][gc,cpu         ] GC(947) User=0.25s Sys=0.00s Real=0.01s
[2024-08-28T13:04:30.282+0000][info][gc,start       ] GC(948) Pause Young (Mixed) (G1 Preventive Collection)
[2024-08-28T13:04:30.282+0000][info][gc,task        ] GC(948) Using 24 workers of 68 for evacuation
[2024-08-28T13:04:30.288+0000][info][gc,phases      ] GC(948)   Pre Evacuate Collection Set: 0.2ms
[2024-08-28T13:04:30.288+0000][info][gc,phases      ] GC(948)   Merge Heap Roots: 0.3ms
[2024-08-28T13:04:30.288+0000][info][gc,phases      ] GC(948)   Evacuate Collection Set: 4.8ms
[2024-08-28T13:04:30.288+0000][info][gc,phases      ] GC(948)   Post Evacuate Collection Set: 0.3ms
[2024-08-28T13:04:30.288+0000][info][gc,phases      ] GC(948)   Other: 0.2ms
[2024-08-28T13:04:30.288+0000][info][gc,heap        ] GC(948) Eden regions: 12->0(44)
[2024-08-28T13:04:30.288+0000][info][gc,heap        ] GC(948) Survivor regions: 7->7(7)
[2024-08-28T13:04:30.288+0000][info][gc,heap        ] GC(948) Old regions: 976->888
[2024-08-28T13:04:30.288+0000][info][gc,heap        ] GC(948) Archive regions: 2->2
[2024-08-28T13:04:30.288+0000][info][gc,heap        ] GC(948) Humongous regions: 5->5
[2024-08-28T13:04:30.288+0000][info][gc,metaspace   ] GC(948) Metaspace: 100K(320K)->100K(320K) NonClass: 96K(192K)->96K(192K) Class: 4K(128K)->4K(128K)
[2024-08-28T13:04:30.288+0000][info][gc             ] GC(948) Pause Young (Mixed) (G1 Preventive Collection) 999M->900M(1024M) 5.790ms
[2024-08-28T13:04:30.288+0000][info][gc,cpu         ] GC(948) User=0.13s Sys=0.00s Real=0.00s
[2024-08-28T13:04:30.311+0000][info][gc,start       ] GC(949) Pause Young (Mixed) (G1 Evacuation Pause)
[2024-08-28T13:04:30.311+0000][info][gc,task        ] GC(949) Using 24 workers of 68 for evacuation
[2024-08-28T13:04:30.322+0000][info][gc,phases      ] GC(949)   Pre Evacuate Collection Set: 0.2ms
[2024-08-28T13:04:30.322+0000][info][gc,phases      ] GC(949)   Merge Heap Roots: 0.4ms
[2024-08-28T13:04:30.322+0000][info][gc,phases      ] GC(949)   Evacuate Collection Set: 9.7ms
[2024-08-28T13:04:30.322+0000][info][gc,phases      ] GC(949)   Post Evacuate Collection Set: 0.4ms
[2024-08-28T13:04:30.322+0000][info][gc,phases      ] GC(949)   Other: 0.2ms
[2024-08-28T13:04:30.322+0000][info][gc,heap        ] GC(949) Eden regions: 44->0(44)
[2024-08-28T13:04:30.322+0000][info][gc,heap        ] GC(949) Survivor regions: 7->7(7)
[2024-08-28T13:04:30.322+0000][info][gc,heap        ] GC(949) Old regions: 888->830
[2024-08-28T13:04:30.322+0000][info][gc,heap        ] GC(949) Archive regions: 2->2
[2024-08-28T13:04:30.322+0000][info][gc,heap        ] GC(949) Humongous regions: 5->5
[2024-08-28T13:04:30.322+0000][info][gc,metaspace   ] GC(949) Metaspace: 100K(320K)->100K(320K) NonClass: 96K(192K)->96K(192K) Class: 4K(128K)->4K(128K)
[2024-08-28T13:04:30.322+0000][info][gc             ] GC(949) Pause Young (Mixed) (G1 Evacuation Pause) 944M->842M(1024M) 11.089ms
[2024-08-28T13:04:30.322+0000][info][gc,cpu         ] GC(949) User=0.24s Sys=0.01s Real=0.01s
[2024-08-28T13:04:30.346+0000][info][gc,start       ] GC(950) Pause Young (Mixed) (G1 Evacuation Pause)
[2024-08-28T13:04:30.346+0000][info][gc,task        ] GC(950) Using 24 workers of 68 for evacuation
[2024-08-28T13:04:30.359+0000][info][gc,phases      ] GC(950)   Pre Evacuate Collection Set: 0.2ms
[2024-08-28T13:04:30.359+0000][info][gc,phases      ] GC(950)   Merge Heap Roots: 0.5ms
[2024-08-28T13:04:30.359+0000][info][gc,phases      ] GC(950)   Evacuate Collection Set: 12.1ms
[2024-08-28T13:04:30.359+0000][info][gc,phases      ] GC(950)   Post Evacuate Collection Set: 0.4ms
[2024-08-28T13:04:30.359+0000][info][gc,phases      ] GC(950)   Other: 0.2ms
[2024-08-28T13:04:30.359+0000][info][gc,heap        ] GC(950) Eden regions: 44->0(44)
[2024-08-28T13:04:30.359+0000][info][gc,heap        ] GC(950) Survivor regions: 7->7(7)
[2024-08-28T13:04:30.359+0000][info][gc,heap        ] GC(950) Old regions: 830->789
[2024-08-28T13:04:30.359+0000][info][gc,heap        ] GC(950) Archive regions: 2->2
[2024-08-28T13:04:30.359+0000][info][gc,heap        ] GC(950) Humongous regions: 5->5
[2024-08-28T13:04:30.359+0000][info][gc,metaspace   ] GC(950) Metaspace: 100K(320K)->100K(320K) NonClass: 96K(192K)->96K(192K) Class: 4K(128K)->4K(128K)
[2024-08-28T13:04:30.359+0000][info][gc             ] GC(950) Pause Young (Mixed) (G1 Evacuation Pause) 886M->801M(1024M) 13.563ms
[2024-08-28T13:04:30.359+0000][info][gc,cpu         ] GC(950) User=0.31s Sys=0.00s Real=0.02s
[2024-08-28T13:04:30.383+0000][info][gc,start       ] GC(951) Pause Young (Mixed) (G1 Evacuation Pause)
[2024-08-28T13:04:30.383+0000][info][gc,task        ] GC(951) Using 24 workers of 68 for evacuation
[2024-08-28T13:04:30.396+0000][info][gc,phases      ] GC(951)   Pre Evacuate Collection Set: 0.2ms
[2024-08-28T13:04:30.396+0000][info][gc,phases      ] GC(951)   Merge Heap Roots: 0.4ms
[2024-08-28T13:04:30.396+0000][info][gc,phases      ] GC(951)   Evacuate Collection Set: 12.0ms
[2024-08-28T13:04:30.396+0000][info][gc,phases      ] GC(951)   Post Evacuate Collection Set: 0.3ms
[2024-08-28T13:04:30.396+0000][info][gc,phases      ] GC(951)   Other: 0.3ms
[2024-08-28T13:04:30.396+0000][info][gc,heap        ] GC(951) Eden regions: 44->0(44)
[2024-08-28T13:04:30.396+0000][info][gc,heap        ] GC(951) Survivor regions: 7->7(7)
[2024-08-28T13:04:30.396+0000][info][gc,heap        ] GC(951) Old regions: 789->811
[2024-08-28T13:04:30.396+0000][info][gc,heap        ] GC(951) Archive regions: 2->2
[2024-08-28T13:04:30.396+0000][info][gc,heap        ] GC(951) Humongous regions: 5->5
[2024-08-28T13:04:30.396+0000][info][gc,metaspace   ] GC(951) Metaspace: 100K(320K)->100K(320K) NonClass: 96K(192K)->96K(192K) Class: 4K(128K)->4K(128K)
[2024-08-28T13:04:30.396+0000][info][gc             ] GC(951) Pause Young (Mixed) (G1 Evacuation Pause) 845M->823M(1024M) 13.276ms
[2024-08-28T13:04:30.396+0000][info][gc,cpu         ] GC(951) User=0.30s Sys=0.00s Real=0.01s
[2024-08-28T13:04:30.420+0000][info][gc,start       ] GC(952) Pause Young (Concurrent Start) (G1 Evacuation Pause)
[2024-08-28T13:04:30.420+0000][info][gc,task        ] GC(952) Using 24 workers of 68 for evacuation
[2024-08-28T13:04:30.432+0000][info][gc,phases      ] GC(952)   Pre Evacuate Collection Set: 0.1ms
[2024-08-28T13:04:30.432+0000][info][gc,phases      ] GC(952)   Merge Heap Roots: 0.4ms
[2024-08-28T13:04:30.432+0000][info][gc,phases      ] GC(952)   Evacuate Collection Set: 10.0ms
[2024-08-28T13:04:30.432+0000][info][gc,phases      ] GC(952)   Post Evacuate Collection Set: 0.3ms
[2024-08-28T13:04:30.432+0000][info][gc,phases      ] GC(952)   Other: 0.6ms
[2024-08-28T13:04:30.432+0000][info][gc,heap        ] GC(952) Eden regions: 44->0(44)
[2024-08-28T13:04:30.432+0000][info][gc,heap        ] GC(952) Survivor regions: 7->7(7)
[2024-08-28T13:04:30.432+0000][info][gc,heap        ] GC(952) Old regions: 811->857
[2024-08-28T13:04:30.432+0000][info][gc,heap        ] GC(952) Archive regions: 2->2
[2024-08-28T13:04:30.432+0000][info][gc,heap        ] GC(952) Humongous regions: 5->5
[2024-08-28T13:04:30.432+0000][info][gc,metaspace   ] GC(952) Metaspace: 100K(320K)->100K(320K) NonClass: 96K(192K)->96K(192K) Class: 4K(128K)->4K(128K)
[2024-08-28T13:04:30.432+0000][info][gc             ] GC(952) Pause Young (Concurrent Start) (G1 Evacuation Pause) 867M->869M(1024M) 11.448ms
[2024-08-28T13:04:30.432+0000][info][gc,cpu         ] GC(952) User=0.24s Sys=0.00s Real=0.01s
[2024-08-28T13:04:30.432+0000][info][gc             ] GC(953) Concurrent Mark Cycle
[2024-08-28T13:04:30.432+0000][info][gc,marking     ] GC(953) Concurrent Clear Claimed Marks
[2024-08-28T13:04:30.432+0000][info][gc,marking     ] GC(953) Concurrent Clear Claimed Marks 0.013ms
[2024-08-28T13:04:30.432+0000][info][gc,marking     ] GC(953) Concurrent Scan Root Regions
[2024-08-28T13:04:30.434+0000][info][gc,marking     ] GC(953) Concurrent Scan Root Regions 1.770ms
[2024-08-28T13:04:30.434+0000][info][gc,marking     ] GC(953) Concurrent Mark
[2024-08-28T13:04:30.434+0000][info][gc,marking     ] GC(953) Concurrent Mark From Roots
[2024-08-28T13:04:30.434+0000][info][gc,task        ] GC(953) Using 17 workers of 17 for marking
[2024-08-28T13:04:30.460+0000][info][gc,marking     ] GC(953) Concurrent Mark From Roots 25.664ms
[2024-08-28T13:04:30.460+0000][info][gc,marking     ] GC(953) Concurrent Preclean
[2024-08-28T13:04:30.460+0000][info][gc,marking     ] GC(953) Concurrent Preclean 0.503ms
[2024-08-28T13:04:30.460+0000][info][gc,start       ] GC(953) Pause Remark
[2024-08-28T13:04:30.462+0000][info][gc             ] GC(953) Pause Remark 907M->907M(1024M) 1.267ms
[2024-08-28T13:04:30.462+0000][info][gc,cpu         ] GC(953) User=0.01s Sys=0.00s Real=0.00s
[2024-08-28T13:04:30.462+0000][info][gc,marking     ] GC(953) Concurrent Mark 27.783ms
[2024-08-28T13:04:30.462+0000][info][gc,marking     ] GC(953) Concurrent Rebuild Remembered Sets
[2024-08-28T13:04:30.465+0000][info][gc,start       ] GC(954) Pause Young (Normal) (G1 Evacuation Pause)
[2024-08-28T13:04:30.465+0000][info][gc,task        ] GC(954) Using 24 workers of 68 for evacuation
[2024-08-28T13:04:30.477+0000][info][gc,phases      ] GC(954)   Pre Evacuate Collection Set: 0.1ms
[2024-08-28T13:04:30.477+0000][info][gc,phases      ] GC(954)   Merge Heap Roots: 0.3ms
[2024-08-28T13:04:30.477+0000][info][gc,phases      ] GC(954)   Evacuate Collection Set: 10.3ms
[2024-08-28T13:04:30.477+0000][info][gc,phases      ] GC(954)   Post Evacuate Collection Set: 0.4ms
[2024-08-28T13:04:30.477+0000][info][gc,phases      ] GC(954)   Other: 0.2ms
[2024-08-28T13:04:30.477+0000][info][gc,heap        ] GC(954) Eden regions: 44->0(44)
[2024-08-28T13:04:30.477+0000][info][gc,heap        ] GC(954) Survivor regions: 7->7(7)
[2024-08-28T13:04:30.477+0000][info][gc,heap        ] GC(954) Old regions: 857->903
[2024-08-28T13:04:30.477+0000][info][gc,heap        ] GC(954) Archive regions: 2->2
[2024-08-28T13:04:30.477+0000][info][gc,heap        ] GC(954) Humongous regions: 5->5
[2024-08-28T13:04:30.477+0000][info][gc,metaspace   ] GC(954) Metaspace: 100K(320K)->100K(320K) NonClass: 96K(192K)->96K(192K) Class: 4K(128K)->4K(128K)
[2024-08-28T13:04:30.477+0000][info][gc             ] GC(954) Pause Young (Normal) (G1 Evacuation Pause) 913M->915M(1024M) 11.397ms
[2024-08-28T13:04:30.477+0000][info][gc,cpu         ] GC(954) User=0.24s Sys=0.00s Real=0.01s
[2024-08-28T13:04:30.503+0000][info][gc,start       ] GC(955) Pause Young (Normal) (G1 Evacuation Pause)
[2024-08-28T13:04:30.503+0000][info][gc,task        ] GC(955) Using 24 workers of 68 for evacuation
[2024-08-28T13:04:30.518+0000][info][gc,phases      ] GC(955)   Pre Evacuate Collection Set: 0.2ms
[2024-08-28T13:04:30.518+0000][info][gc,phases      ] GC(955)   Merge Heap Roots: 0.5ms
[2024-08-28T13:04:30.518+0000][info][gc,phases      ] GC(955)   Evacuate Collection Set: 13.6ms
[2024-08-28T13:04:30.518+0000][info][gc,phases      ] GC(955)   Post Evacuate Collection Set: 0.6ms
[2024-08-28T13:04:30.518+0000][info][gc,phases      ] GC(955)   Other: 0.3ms
[2024-08-28T13:04:30.518+0000][info][gc,heap        ] GC(955) Eden regions: 44->0(44)
[2024-08-28T13:04:30.518+0000][info][gc,heap        ] GC(955) Survivor regions: 7->7(7)
[2024-08-28T13:04:30.518+0000][info][gc,heap        ] GC(955) Old regions: 903->951
[2024-08-28T13:04:30.518+0000][info][gc,heap        ] GC(955) Archive regions: 2->2
[2024-08-28T13:04:30.518+0000][info][gc,heap        ] GC(955) Humongous regions: 5->5
[2024-08-28T13:04:30.518+0000][info][gc,metaspace   ] GC(955) Metaspace: 100K(320K)->100K(320K) NonClass: 96K(192K)->96K(192K) Class: 4K(128K)->4K(128K)
[2024-08-28T13:04:30.518+0000][info][gc             ] GC(955) Pause Young (Normal) (G1 Evacuation Pause) 959M->963M(1024M) 15.283ms
[2024-08-28T13:04:30.519+0000][info][gc,cpu         ] GC(955) User=0.33s Sys=0.01s Real=0.02s
[2024-08-28T13:04:30.532+0000][info][gc,start       ] GC(956) Pause Young (Normal) (G1 Preventive Collection)
[2024-08-28T13:04:30.532+0000][info][gc,task        ] GC(956) Using 24 workers of 68 for evacuation
[2024-08-28T13:04:30.546+0000][info][gc,phases      ] GC(956)   Pre Evacuate Collection Set: 0.1ms
[2024-08-28T13:04:30.546+0000][info][gc,phases      ] GC(956)   Merge Heap Roots: 0.4ms
[2024-08-28T13:04:30.546+0000][info][gc,phases      ] GC(956)   Evacuate Collection Set: 12.8ms
[2024-08-28T13:04:30.546+0000][info][gc,phases      ] GC(956)   Post Evacuate Collection Set: 0.6ms
[2024-08-28T13:04:30.546+0000][info][gc,phases      ] GC(956)   Other: 0.2ms
[2024-08-28T13:04:30.546+0000][info][gc,heap        ] GC(956) Eden regions: 24->0(44)
[2024-08-28T13:04:30.546+0000][info][gc,heap        ] GC(956) Survivor regions: 7->7(7)
[2024-08-28T13:04:30.546+0000][info][gc,heap        ] GC(956) Old regions: 951->978
[2024-08-28T13:04:30.547+0000][info][gc,heap        ] GC(956) Archive regions: 2->2
[2024-08-28T13:04:30.547+0000][info][gc,heap        ] GC(956) Humongous regions: 5->5
[2024-08-28T13:04:30.547+0000][info][gc,metaspace   ] GC(956) Metaspace: 100K(320K)->100K(320K) NonClass: 96K(192K)->96K(192K) Class: 4K(128K)->4K(128K)
[2024-08-28T13:04:30.547+0000][info][gc             ] GC(956) Pause Young (Normal) (G1 Preventive Collection) 987M->990M(1024M) 14.273ms
[2024-08-28T13:04:30.547+0000][info][gc,cpu         ] GC(956) User=0.32s Sys=0.00s Real=0.01s
[2024-08-28T13:04:30.553+0000][info][gc,start       ] GC(957) Pause Young (Normal) (G1 Preventive Collection)
[2024-08-28T13:04:30.554+0000][info][gc,task        ] GC(957) Using 24 workers of 68 for evacuation
[2024-08-28T13:04:30.563+0000][info][gc,phases      ] GC(957)   Pre Evacuate Collection Set: 0.1ms
[2024-08-28T13:04:30.563+0000][info][gc,phases      ] GC(957)   Merge Heap Roots: 0.5ms
[2024-08-28T13:04:30.563+0000][info][gc,phases      ] GC(957)   Evacuate Collection Set: 8.5ms
[2024-08-28T13:04:30.563+0000][info][gc,phases      ] GC(957)   Post Evacuate Collection Set: 0.5ms
[2024-08-28T13:04:30.563+0000][info][gc,phases      ] GC(957)   Other: 0.2ms
[2024-08-28T13:04:30.563+0000][info][gc,heap        ] GC(957) Eden regions: 11->0(44)
[2024-08-28T13:04:30.563+0000][info][gc,heap        ] GC(957) Survivor regions: 7->7(7)
[2024-08-28T13:04:30.563+0000][info][gc,heap        ] GC(957) Old regions: 978->992
[2024-08-28T13:04:30.563+0000][info][gc,heap        ] GC(957) Archive regions: 2->2
[2024-08-28T13:04:30.563+0000][info][gc,heap        ] GC(957) Humongous regions: 5->5
[2024-08-28T13:04:30.563+0000][info][gc,metaspace   ] GC(957) Metaspace: 100K(320K)->100K(320K) NonClass: 96K(192K)->96K(192K) Class: 4K(128K)->4K(128K)
[2024-08-28T13:04:30.563+0000][info][gc             ] GC(957) Pause Young (Normal) (G1 Preventive Collection) 1001M->1004M(1024M) 9.873ms
[2024-08-28T13:04:30.563+0000][info][gc,cpu         ] GC(957) User=0.22s Sys=0.00s Real=0.01s
[2024-08-28T13:04:30.567+0000][info][gc,start       ] GC(958) Pause Young (Normal) (G1 Preventive Collection)
[2024-08-28T13:04:30.567+0000][info][gc,task        ] GC(958) Using 24 workers of 68 for evacuation
[2024-08-28T13:04:30.575+0000][info][gc             ] GC(958) To-space exhausted
[2024-08-28T13:04:30.575+0000][info][gc,phases      ] GC(958)   Pre Evacuate Collection Set: 0.1ms
[2024-08-28T13:04:30.575+0000][info][gc,phases      ] GC(958)   Merge Heap Roots: 0.4ms
[2024-08-28T13:04:30.575+0000][info][gc,phases      ] GC(958)   Evacuate Collection Set: 6.9ms
[2024-08-28T13:04:30.575+0000][info][gc,phases      ] GC(958)   Post Evacuate Collection Set: 0.7ms
[2024-08-28T13:04:30.575+0000][info][gc,phases      ] GC(958)   Other: 0.2ms
[2024-08-28T13:04:30.575+0000][info][gc,heap        ] GC(958) Eden regions: 5->0(46)
[2024-08-28T13:04:30.575+0000][info][gc,heap        ] GC(958) Survivor regions: 7->5(7)
[2024-08-28T13:04:30.575+0000][info][gc,heap        ] GC(958) Old regions: 992->1011
[2024-08-28T13:04:30.575+0000][info][gc,heap        ] GC(958) Archive regions: 2->2
[2024-08-28T13:04:30.575+0000][info][gc,heap        ] GC(958) Humongous regions: 5->5
[2024-08-28T13:04:30.575+0000][info][gc,metaspace   ] GC(958) Metaspace: 100K(320K)->100K(320K) NonClass: 96K(192K)->96K(192K) Class: 4K(128K)->4K(128K)
[2024-08-28T13:04:30.575+0000][info][gc             ] GC(958) Pause Young (Normal) (G1 Preventive Collection) 1009M->1021M(1024M) 8.334ms
[2024-08-28T13:04:30.575+0000][info][gc,cpu         ] GC(958) User=0.18s Sys=0.00s Real=0.01s
[2024-08-28T13:04:30.576+0000][info][gc,start       ] GC(959) Pause Young (Normal) (G1 Evacuation Pause)
[2024-08-28T13:04:30.576+0000][info][gc,task        ] GC(959) Using 24 workers of 68 for evacuation
[2024-08-28T13:04:30.583+0000][info][gc             ] GC(959) To-space exhausted
[2024-08-28T13:04:30.583+0000][info][gc,phases      ] GC(959)   Pre Evacuate Collection Set: 0.1ms
[2024-08-28T13:04:30.583+0000][info][gc,phases      ] GC(959)   Merge Heap Roots: 0.5ms
[2024-08-28T13:04:30.583+0000][info][gc,phases      ] GC(959)   Evacuate Collection Set: 5.5ms
[2024-08-28T13:04:30.583+0000][info][gc,phases      ] GC(959)   Post Evacuate Collection Set: 0.9ms
[2024-08-28T13:04:30.583+0000][info][gc,phases      ] GC(959)   Other: 0.1ms
[2024-08-28T13:04:30.583+0000][info][gc,heap        ] GC(959) Eden regions: 1->0(51)
[2024-08-28T13:04:30.583+0000][info][gc,heap        ] GC(959) Survivor regions: 5->0(0)
[2024-08-28T13:04:30.583+0000][info][gc,heap        ] GC(959) Old regions: 1011->1017
[2024-08-28T13:04:30.583+0000][info][gc,heap        ] GC(959) Archive regions: 2->2
[2024-08-28T13:04:30.583+0000][info][gc,heap        ] GC(959) Humongous regions: 5->5
[2024-08-28T13:04:30.583+0000][info][gc,metaspace   ] GC(959) Metaspace: 100K(320K)->100K(320K) NonClass: 96K(192K)->96K(192K) Class: 4K(128K)->4K(128K)
[2024-08-28T13:04:30.583+0000][info][gc             ] GC(959) Pause Young (Normal) (G1 Evacuation Pause) 1022M->1022M(1024M) 7.159ms
[2024-08-28T13:04:30.583+0000][info][gc,cpu         ] GC(959) User=0.15s Sys=0.00s Real=0.01s
[2024-08-28T13:04:30.583+0000][info][gc,ergo        ] Attempting full compaction
[2024-08-28T13:04:30.583+0000][info][gc,task        ] GC(960) Using 24 workers of 68 for full compaction
[2024-08-28T13:04:30.584+0000][info][gc,start       ] GC(960) Pause Full (G1 Compaction Pause)
[2024-08-28T13:04:30.584+0000][info][gc,phases,start] GC(960) Phase 1: Mark live objects
[2024-08-28T13:04:30.600+0000][info][gc,phases      ] GC(960) Phase 1: Mark live objects 15.820ms
[2024-08-28T13:04:30.600+0000][info][gc,phases,start] GC(960) Phase 2: Prepare for compaction
[2024-08-28T13:04:30.610+0000][info][gc,phases      ] GC(960) Phase 2: Prepare for compaction 9.398ms
[2024-08-28T13:04:30.610+0000][info][gc,phases,start] GC(960) Phase 3: Adjust pointers
[2024-08-28T13:04:30.628+0000][info][gc,phases      ] GC(960) Phase 3: Adjust pointers 18.383ms
[2024-08-28T13:04:30.628+0000][info][gc,phases,start] GC(960) Phase 4: Compact heap
[2024-08-28T13:04:30.661+0000][info][gc,phases      ] GC(960) Phase 4: Compact heap 32.540ms
[2024-08-28T13:04:30.662+0000][info][gc,heap        ] GC(960) Eden regions: 0->0(150)
[2024-08-28T13:04:30.662+0000][info][gc,heap        ] GC(960) Survivor regions: 0->0(0)
[2024-08-28T13:04:30.662+0000][info][gc,heap        ] GC(960) Old regions: 1017->443
[2024-08-28T13:04:30.662+0000][info][gc,heap        ] GC(960) Archive regions: 2->2
[2024-08-28T13:04:30.662+0000][info][gc,heap        ] GC(960) Humongous regions: 5->5
[2024-08-28T13:04:30.662+0000][info][gc,metaspace   ] GC(960) Metaspace: 100K(320K)->100K(320K) NonClass: 96K(192K)->96K(192K) Class: 4K(128K)->4K(128K)
[2024-08-28T13:04:30.662+0000][info][gc             ] GC(960) Pause Full (G1 Compaction Pause) 1022M->435M(1024M) 78.459ms
[2024-08-28T13:04:30.662+0000][info][gc,cpu         ] GC(960) User=1.64s Sys=0.00s Real=0.08s
[2024-08-28T13:04:30.662+0000][info][gc,marking     ] GC(953) Concurrent Rebuild Remembered Sets 200.716ms
[2024-08-28T13:04:30.662+0000][info][gc,marking     ] GC(953) Concurrent Mark Abort
[2024-08-28T13:04:30.662+0000][info][gc             ] GC(953) Concurrent Mark Cycle 230.482ms
[2024-08-28T13:04:30.750+0000][info][gc,start       ] GC(961) Pause Young (Normal) (G1 Evacuation Pause)
[2024-08-28T13:04:30.750+0000][info][gc,task        ] GC(961) Using 24 workers of 68 for evacuation
[2024-08-28T13:04:30.774+0000][info][gc,phases      ] GC(961)   Pre Evacuate Collection Set: 0.2ms
[2024-08-28T13:04:30.774+0000][info][gc,phases      ] GC(961)   Merge Heap Roots: 0.4ms
[2024-08-28T13:04:30.774+0000][info][gc,phases      ] GC(961)   Evacuate Collection Set: 22.1ms
[2024-08-28T13:04:30.774+0000][info][gc,phases      ] GC(961)   Post Evacuate Collection Set: 0.4ms
[2024-08-28T13:04:30.774+0000][info][gc,phases      ] GC(961)   Other: 0.2ms
[2024-08-28T13:04:30.774+0000][info][gc,heap        ] GC(961) Eden regions: 150->0(102)
[2024-08-28T13:04:30.774+0000][info][gc,heap        ] GC(961) Survivor regions: 0->19(19)
[2024-08-28T13:04:30.774+0000][info][gc,heap        ] GC(961) Old regions: 443->572
[2024-08-28T13:04:30.774+0000][info][gc,heap        ] GC(961) Archive regions: 2->2
[2024-08-28T13:04:30.774+0000][info][gc,heap        ] GC(961) Humongous regions: 5->5
[2024-08-28T13:04:30.774+0000][info][gc,metaspace   ] GC(961) Metaspace: 100K(320K)->100K(320K) NonClass: 96K(192K)->96K(192K) Class: 4K(128K)->4K(128K)
[2024-08-28T13:04:30.774+0000][info][gc             ] GC(961) Pause Young (Normal) (G1 Evacuation Pause) 585M->583M(1024M) 23.389ms
[2024-08-28T13:04:30.774+0000][info][gc,cpu         ] GC(961) User=0.53s Sys=0.01s Real=0.02s
[2024-08-28T13:04:30.830+0000][info][gc,start       ] GC(962) Pause Young (Concurrent Start) (G1 Evacuation Pause)
[2024-08-28T13:04:30.830+0000][info][gc,task        ] GC(962) Using 24 workers of 68 for evacuation
[2024-08-28T13:04:30.849+0000][info][gc,phases      ] GC(962)   Pre Evacuate Collection Set: 0.2ms
[2024-08-28T13:04:30.849+0000][info][gc,phases      ] GC(962)   Merge Heap Roots: 0.4ms
[2024-08-28T13:04:30.849+0000][info][gc,phases      ] GC(962)   Evacuate Collection Set: 18.0ms
[2024-08-28T13:04:30.849+0000][info][gc,phases      ] GC(962)   Post Evacuate Collection Set: 0.3ms
[2024-08-28T13:04:30.849+0000][info][gc,phases      ] GC(962)   Other: 0.6ms
[2024-08-28T13:04:30.849+0000][info][gc,heap        ] GC(962) Eden regions: 102->0(70)
[2024-08-28T13:04:30.849+0000][info][gc,heap        ] GC(962) Survivor regions: 19->16(16)
[2024-08-28T13:04:30.849+0000][info][gc,heap        ] GC(962) Old regions: 572->677
[2024-08-28T13:04:30.849+0000][info][gc,heap        ] GC(962) Archive regions: 2->2
[2024-08-28T13:04:30.849+0000][info][gc,heap        ] GC(962) Humongous regions: 5->5
[2024-08-28T13:04:30.849+0000][info][gc,metaspace   ] GC(962) Metaspace: 100K(320K)->100K(320K) NonClass: 96K(192K)->96K(192K) Class: 4K(128K)->4K(128K)
[2024-08-28T13:04:30.849+0000][info][gc             ] GC(962) Pause Young (Concurrent Start) (G1 Evacuation Pause) 685M->685M(1024M) 19.524ms
[2024-08-28T13:04:30.849+0000][info][gc,cpu         ] GC(962) User=0.43s Sys=0.00s Real=0.01s
[2024-08-28T13:04:30.849+0000][info][gc             ] GC(963) Concurrent Mark Cycle
[2024-08-28T13:04:30.849+0000][info][gc,marking     ] GC(963) Concurrent Clear Claimed Marks
[2024-08-28T13:04:30.849+0000][info][gc,marking     ] GC(963) Concurrent Clear Claimed Marks 0.010ms
[2024-08-28T13:04:30.849+0000][info][gc,marking     ] GC(963) Concurrent Scan Root Regions
[2024-08-28T13:04:30.853+0000][info][gc,marking     ] GC(963) Concurrent Scan Root Regions 3.644ms
[2024-08-28T13:04:30.853+0000][info][gc,marking     ] GC(963) Concurrent Mark
[2024-08-28T13:04:30.853+0000][info][gc,marking     ] GC(963) Concurrent Mark From Roots
[2024-08-28T13:04:30.853+0000][info][gc,task        ] GC(963) Using 17 workers of 17 for marking
[2024-08-28T13:04:30.875+0000][info][gc,marking     ] GC(963) Concurrent Mark From Roots 21.638ms
[2024-08-28T13:04:30.875+0000][info][gc,marking     ] GC(963) Concurrent Preclean
[2024-08-28T13:04:30.875+0000][info][gc,marking     ] GC(963) Concurrent Preclean 0.504ms
[2024-08-28T13:04:30.876+0000][info][gc,start       ] GC(963) Pause Remark
[2024-08-28T13:04:30.877+0000][info][gc             ] GC(963) Pause Remark 719M->719M(1024M) 1.143ms
[2024-08-28T13:04:30.877+0000][info][gc,cpu         ] GC(963) User=0.01s Sys=0.00s Real=0.00s
[2024-08-28T13:04:30.877+0000][info][gc,marking     ] GC(963) Concurrent Mark 23.746ms
[2024-08-28T13:04:30.877+0000][info][gc,marking     ] GC(963) Concurrent Rebuild Remembered Sets
[2024-08-28T13:04:30.897+0000][info][gc,start       ] GC(964) Pause Young (Normal) (G1 Evacuation Pause)
[2024-08-28T13:04:30.897+0000][info][gc,task        ] GC(964) Using 24 workers of 68 for evacuation
[2024-08-28T13:04:30.914+0000][info][gc,phases      ] GC(964)   Pre Evacuate Collection Set: 0.2ms
[2024-08-28T13:04:30.915+0000][info][gc,phases      ] GC(964)   Merge Heap Roots: 0.4ms
[2024-08-28T13:04:30.915+0000][info][gc,phases      ] GC(964)   Evacuate Collection Set: 15.9ms
[2024-08-28T13:04:30.915+0000][info][gc,phases      ] GC(964)   Post Evacuate Collection Set: 0.5ms
[2024-08-28T13:04:30.915+0000][info][gc,phases      ] GC(964)   Other: 0.2ms
[2024-08-28T13:04:30.915+0000][info][gc,heap        ] GC(964) Eden regions: 70->0(46)
[2024-08-28T13:04:30.915+0000][info][gc,heap        ] GC(964) Survivor regions: 16->11(11)
[2024-08-28T13:04:30.915+0000][info][gc,heap        ] GC(964) Old regions: 677->756
[2024-08-28T13:04:30.915+0000][info][gc,heap        ] GC(964) Archive regions: 2->2
[2024-08-28T13:04:30.915+0000][info][gc,heap        ] GC(964) Humongous regions: 5->5
[2024-08-28T13:04:30.915+0000][info][gc,metaspace   ] GC(964) Metaspace: 100K(320K)->100K(320K) NonClass: 96K(192K)->96K(192K) Class: 4K(128K)->4K(128K)
[2024-08-28T13:04:30.915+0000][info][gc             ] GC(964) Pause Young (Normal) (G1 Evacuation Pause) 755M->759M(1024M) 17.267ms
[2024-08-28T13:04:30.915+0000][info][gc,cpu         ] GC(964) User=0.39s Sys=0.00s Real=0.02s
[2024-08-28T13:04:30.940+0000][info][gc,start       ] GC(965) Pause Young (Normal) (G1 Evacuation Pause)
[2024-08-28T13:04:30.940+0000][info][gc,task        ] GC(965) Using 24 workers of 68 for evacuation
[2024-08-28T13:04:30.960+0000][info][gc,phases      ] GC(965)   Pre Evacuate Collection Set: 0.2ms
[2024-08-28T13:04:30.960+0000][info][gc,phases      ] GC(965)   Merge Heap Roots: 0.5ms
[2024-08-28T13:04:30.960+0000][info][gc,phases      ] GC(965)   Evacuate Collection Set: 18.8ms
[2024-08-28T13:04:30.960+0000][info][gc,phases      ] GC(965)   Post Evacuate Collection Set: 0.6ms
[2024-08-28T13:04:30.960+0000][info][gc,phases      ] GC(965)   Other: 0.3ms
[2024-08-28T13:04:30.960+0000][info][gc,heap        ] GC(965) Eden regions: 46->0(43)
[2024-08-28T13:04:30.960+0000][info][gc,heap        ] GC(965) Survivor regions: 11->8(8)
[2024-08-28T13:04:30.960+0000][info][gc,heap        ] GC(965) Old regions: 756->809
[2024-08-28T13:04:30.960+0000][info][gc,heap        ] GC(965) Archive regions: 2->2
[2024-08-28T13:04:30.960+0000][info][gc,heap        ] GC(965) Humongous regions: 5->5
[2024-08-28T13:04:30.960+0000][info][gc,metaspace   ] GC(965) Metaspace: 100K(320K)->100K(320K) NonClass: 96K(192K)->96K(192K) Class: 4K(128K)->4K(128K)
[2024-08-28T13:04:30.960+0000][info][gc             ] GC(965) Pause Young (Normal) (G1 Evacuation Pause) 805M->809M(1024M) 20.375ms
[2024-08-28T13:04:30.960+0000][info][gc,cpu         ] GC(965) User=0.47s Sys=0.00s Real=0.02s
[2024-08-28T13:04:30.978+0000][info][gc,marking     ] GC(963) Concurrent Rebuild Remembered Sets 100.934ms
[2024-08-28T13:04:30.978+0000][info][gc,start       ] GC(963) Pause Cleanup
[2024-08-28T13:04:30.979+0000][info][gc             ] GC(963) Pause Cleanup 841M->841M(1024M) 1.112ms
[2024-08-28T13:04:30.979+0000][info][gc,cpu         ] GC(963) User=0.00s Sys=0.00s Real=0.00s
[2024-08-28T13:04:30.979+0000][info][gc,marking     ] GC(963) Concurrent Cleanup for Next Mark
[2024-08-28T13:04:30.980+0000][info][gc,marking     ] GC(963) Concurrent Cleanup for Next Mark 0.831ms
[2024-08-28T13:04:30.980+0000][info][gc             ] GC(963) Concurrent Mark Cycle 130.902ms
[2024-08-28T13:04:30.987+0000][info][gc,start       ] GC(966) Pause Young (Prepare Mixed) (G1 Evacuation Pause)
[2024-08-28T13:04:30.987+0000][info][gc,task        ] GC(966) Using 24 workers of 68 for evacuation
[2024-08-28T13:04:31.002+0000][info][gc,phases      ] GC(966)   Pre Evacuate Collection Set: 0.2ms
[2024-08-28T13:04:31.002+0000][info][gc,phases      ] GC(966)   Merge Heap Roots: 0.5ms
[2024-08-28T13:04:31.002+0000][info][gc,phases      ] GC(966)   Evacuate Collection Set: 13.0ms
[2024-08-28T13:04:31.002+0000][info][gc,phases      ] GC(966)   Post Evacuate Collection Set: 0.3ms
[2024-08-28T13:04:31.002+0000][info][gc,phases      ] GC(966)   Other: 0.2ms
[2024-08-28T13:04:31.002+0000][info][gc,heap        ] GC(966) Eden regions: 43->0(44)
[2024-08-28T13:04:31.002+0000][info][gc,heap        ] GC(966) Survivor regions: 8->7(7)
[2024-08-28T13:04:31.002+0000][info][gc,heap        ] GC(966) Old regions: 809->857
[2024-08-28T13:04:31.002+0000][info][gc,heap        ] GC(966) Archive regions: 2->2
[2024-08-28T13:04:31.002+0000][info][gc,heap        ] GC(966) Humongous regions: 5->5
[2024-08-28T13:04:31.002+0000][info][gc,metaspace   ] GC(966) Metaspace: 100K(320K)->100K(320K) NonClass: 96K(192K)->96K(192K) Class: 4K(128K)->4K(128K)
[2024-08-28T13:04:31.002+0000][info][gc             ] GC(966) Pause Young (Prepare Mixed) (G1 Evacuation Pause) 852M->856M(1024M) 14.252ms
[2024-08-28T13:04:31.002+0000][info][gc,cpu         ] GC(966) User=0.31s Sys=0.01s Real=0.02s
[2024-08-28T13:04:31.026+0000][info][gc,start       ] GC(967) Pause Young (Mixed) (G1 Evacuation Pause)
[2024-08-28T13:04:31.027+0000][info][gc,task        ] GC(967) Using 24 workers of 68 for evacuation
[2024-08-28T13:04:31.039+0000][info][gc,phases      ] GC(967)   Pre Evacuate Collection Set: 0.2ms
[2024-08-28T13:04:31.039+0000][info][gc,phases      ] GC(967)   Merge Heap Roots: 0.4ms
[2024-08-28T13:04:31.039+0000][info][gc,phases      ] GC(967)   Evacuate Collection Set: 11.2ms
[2024-08-28T13:04:31.039+0000][info][gc,phases      ] GC(967)   Post Evacuate Collection Set: 0.4ms
[2024-08-28T13:04:31.039+0000][info][gc,phases      ] GC(967)   Other: 0.3ms
[2024-08-28T13:04:31.039+0000][info][gc,heap        ] GC(967) Eden regions: 44->0(44)
[2024-08-28T13:04:31.039+0000][info][gc,heap        ] GC(967) Survivor regions: 7->7(7)
[2024-08-28T13:04:31.039+0000][info][gc,heap        ] GC(967) Old regions: 857->802
[2024-08-28T13:04:31.039+0000][info][gc,heap        ] GC(967) Archive regions: 2->2
[2024-08-28T13:04:31.039+0000][info][gc,heap        ] GC(967) Humongous regions: 5->5
[2024-08-28T13:04:31.039+0000][info][gc,metaspace   ] GC(967) Metaspace: 100K(320K)->100K(320K) NonClass: 96K(192K)->96K(192K) Class: 4K(128K)->4K(128K)
[2024-08-28T13:04:31.039+0000][info][gc             ] GC(967) Pause Young (Mixed) (G1 Evacuation Pause) 900M->808M(1024M) 12.466ms
[2024-08-28T13:04:31.039+0000][info][gc,cpu         ] GC(967) User=0.27s Sys=0.00s Real=0.02s
[2024-08-28T13:04:31.062+0000][info][gc,start       ] GC(968) Pause Young (Mixed) (G1 Evacuation Pause)
[2024-08-28T13:04:31.062+0000][info][gc,task        ] GC(968) Using 24 workers of 68 for evacuation
[2024-08-28T13:04:31.075+0000][info][gc,phases      ] GC(968)   Pre Evacuate Collection Set: 0.2ms
[2024-08-28T13:04:31.075+0000][info][gc,phases      ] GC(968)   Merge Heap Roots: 0.5ms
[2024-08-28T13:04:31.075+0000][info][gc,phases      ] GC(968)   Evacuate Collection Set: 11.5ms
[2024-08-28T13:04:31.075+0000][info][gc,phases      ] GC(968)   Post Evacuate Collection Set: 0.3ms
[2024-08-28T13:04:31.075+0000][info][gc,phases      ] GC(968)   Other: 0.3ms
[2024-08-28T13:04:31.075+0000][info][gc,heap        ] GC(968) Eden regions: 44->0(46)
[2024-08-28T13:04:31.075+0000][info][gc,heap        ] GC(968) Survivor regions: 7->7(7)
[2024-08-28T13:04:31.075+0000][info][gc,heap        ] GC(968) Old regions: 802->758
[2024-08-28T13:04:31.075+0000][info][gc,heap        ] GC(968) Archive regions: 2->2
[2024-08-28T13:04:31.075+0000][info][gc,heap        ] GC(968) Humongous regions: 5->5
[2024-08-28T13:04:31.075+0000][info][gc,metaspace   ] GC(968) Metaspace: 100K(320K)->100K(320K) NonClass: 96K(192K)->96K(192K) Class: 4K(128K)->4K(128K)
[2024-08-28T13:04:31.075+0000][info][gc             ] GC(968) Pause Young (Mixed) (G1 Evacuation Pause) 852M->767M(1024M) 12.836ms
[2024-08-28T13:04:31.075+0000][info][gc,cpu         ] GC(968) User=0.29s Sys=0.00s Real=0.01s
[2024-08-28T13:04:31.099+0000][info][gc,start       ] GC(969) Pause Young (Concurrent Start) (G1 Evacuation Pause)
[2024-08-28T13:04:31.099+0000][info][gc,task        ] GC(969) Using 24 workers of 68 for evacuation
[2024-08-28T13:04:31.111+0000][info][gc,phases      ] GC(969)   Pre Evacuate Collection Set: 0.1ms
[2024-08-28T13:04:31.111+0000][info][gc,phases      ] GC(969)   Merge Heap Roots: 0.4ms
[2024-08-28T13:04:31.111+0000][info][gc,phases      ] GC(969)   Evacuate Collection Set: 10.2ms
[2024-08-28T13:04:31.111+0000][info][gc,phases      ] GC(969)   Post Evacuate Collection Set: 0.3ms
[2024-08-28T13:04:31.111+0000][info][gc,phases      ] GC(969)   Other: 0.6ms
[2024-08-28T13:04:31.111+0000][info][gc,heap        ] GC(969) Eden regions: 46->0(44)
[2024-08-28T13:04:31.111+0000][info][gc,heap        ] GC(969) Survivor regions: 7->7(7)
[2024-08-28T13:04:31.111+0000][info][gc,heap        ] GC(969) Old regions: 758->806
[2024-08-28T13:04:31.111+0000][info][gc,heap        ] GC(969) Archive regions: 2->2
[2024-08-28T13:04:31.111+0000][info][gc,heap        ] GC(969) Humongous regions: 5->5
[2024-08-28T13:04:31.111+0000][info][gc,metaspace   ] GC(969) Metaspace: 100K(320K)->100K(320K) NonClass: 96K(192K)->96K(192K) Class: 4K(128K)->4K(128K)
[2024-08-28T13:04:31.111+0000][info][gc             ] GC(969) Pause Young (Concurrent Start) (G1 Evacuation Pause) 813M->815M(1024M) 11.717ms
[2024-08-28T13:04:31.111+0000][info][gc,cpu         ] GC(969) User=0.25s Sys=0.00s Real=0.01s
[2024-08-28T13:04:31.111+0000][info][gc             ] GC(970) Concurrent Mark Cycle
[2024-08-28T13:04:31.111+0000][info][gc,marking     ] GC(970) Concurrent Clear Claimed Marks
[2024-08-28T13:04:31.111+0000][info][gc,marking     ] GC(970) Concurrent Clear Claimed Marks 0.015ms
[2024-08-28T13:04:31.111+0000][info][gc,marking     ] GC(970) Concurrent Scan Root Regions
[2024-08-28T13:04:31.113+0000][info][gc,marking     ] GC(970) Concurrent Scan Root Regions 1.801ms
[2024-08-28T13:04:31.113+0000][info][gc,marking     ] GC(970) Concurrent Mark
[2024-08-28T13:04:31.113+0000][info][gc,marking     ] GC(970) Concurrent Mark From Roots
[2024-08-28T13:04:31.113+0000][info][gc,task        ] GC(970) Using 17 workers of 17 for marking
[2024-08-28T13:04:31.138+0000][info][gc,marking     ] GC(970) Concurrent Mark From Roots 25.507ms
[2024-08-28T13:04:31.138+0000][info][gc,marking     ] GC(970) Concurrent Preclean
[2024-08-28T13:04:31.139+0000][info][gc,marking     ] GC(970) Concurrent Preclean 0.809ms
[2024-08-28T13:04:31.140+0000][info][gc,start       ] GC(970) Pause Remark
[2024-08-28T13:04:31.141+0000][info][gc             ] GC(970) Pause Remark 853M->853M(1024M) 1.272ms
[2024-08-28T13:04:31.141+0000][info][gc,cpu         ] GC(970) User=0.01s Sys=0.00s Real=0.00s
[2024-08-28T13:04:31.141+0000][info][gc,marking     ] GC(970) Concurrent Mark 28.188ms
[2024-08-28T13:04:31.141+0000][info][gc,marking     ] GC(970) Concurrent Rebuild Remembered Sets
[2024-08-28T13:04:31.145+0000][info][gc,start       ] GC(971) Pause Young (Normal) (G1 Evacuation Pause)
[2024-08-28T13:04:31.145+0000][info][gc,task        ] GC(971) Using 24 workers of 68 for evacuation
[2024-08-28T13:04:31.156+0000][info][gc,phases      ] GC(971)   Pre Evacuate Collection Set: 0.1ms
[2024-08-28T13:04:31.156+0000][info][gc,phases      ] GC(971)   Merge Heap Roots: 0.4ms
[2024-08-28T13:04:31.156+0000][info][gc,phases      ] GC(971)   Evacuate Collection Set: 9.6ms
[2024-08-28T13:04:31.156+0000][info][gc,phases      ] GC(971)   Post Evacuate Collection Set: 0.4ms
[2024-08-28T13:04:31.156+0000][info][gc,phases      ] GC(971)   Other: 0.2ms
[2024-08-28T13:04:31.156+0000][info][gc,heap        ] GC(971) Eden regions: 44->0(44)
[2024-08-28T13:04:31.156+0000][info][gc,heap        ] GC(971) Survivor regions: 7->7(7)
[2024-08-28T13:04:31.156+0000][info][gc,heap        ] GC(971) Old regions: 806->852
[2024-08-28T13:04:31.156+0000][info][gc,heap        ] GC(971) Archive regions: 2->2
[2024-08-28T13:04:31.156+0000][info][gc,heap        ] GC(971) Humongous regions: 5->5
[2024-08-28T13:04:31.156+0000][info][gc,metaspace   ] GC(971) Metaspace: 100K(320K)->100K(320K) NonClass: 96K(192K)->96K(192K) Class: 4K(128K)->4K(128K)
[2024-08-28T13:04:31.156+0000][info][gc             ] GC(971) Pause Young (Normal) (G1 Evacuation Pause) 859M->862M(1024M) 10.826ms
[2024-08-28T13:04:31.156+0000][info][gc,cpu         ] GC(971) User=0.25s Sys=0.00s Real=0.01s
[2024-08-28T13:04:31.180+0000][info][gc,start       ] GC(972) Pause Young (Normal) (G1 Evacuation Pause)
[2024-08-28T13:04:31.180+0000][info][gc,task        ] GC(972) Using 24 workers of 68 for evacuation
[2024-08-28T13:04:31.195+0000][info][gc,phases      ] GC(972)   Pre Evacuate Collection Set: 0.2ms
[2024-08-28T13:04:31.195+0000][info][gc,phases      ] GC(972)   Merge Heap Roots: 0.5ms
[2024-08-28T13:04:31.195+0000][info][gc,phases      ] GC(972)   Evacuate Collection Set: 13.4ms
[2024-08-28T13:04:31.195+0000][info][gc,phases      ] GC(972)   Post Evacuate Collection Set: 0.5ms
[2024-08-28T13:04:31.195+0000][info][gc,phases      ] GC(972)   Other: 0.2ms
[2024-08-28T13:04:31.195+0000][info][gc,heap        ] GC(972) Eden regions: 44->0(44)
[2024-08-28T13:04:31.195+0000][info][gc,heap        ] GC(972) Survivor regions: 7->7(7)
[2024-08-28T13:04:31.195+0000][info][gc,heap        ] GC(972) Old regions: 852->899
[2024-08-28T13:04:31.195+0000][info][gc,heap        ] GC(972) Archive regions: 2->2
[2024-08-28T13:04:31.195+0000][info][gc,heap        ] GC(972) Humongous regions: 5->5
[2024-08-28T13:04:31.195+0000][info][gc,metaspace   ] GC(972) Metaspace: 100K(320K)->100K(320K) NonClass: 96K(192K)->96K(192K) Class: 4K(128K)->4K(128K)
[2024-08-28T13:04:31.195+0000][info][gc             ] GC(972) Pause Young (Normal) (G1 Evacuation Pause) 906M->908M(1024M) 14.815ms
[2024-08-28T13:04:31.195+0000][info][gc,cpu         ] GC(972) User=0.34s Sys=0.00s Real=0.01s
[2024-08-28T13:04:31.219+0000][info][gc,start       ] GC(973) Pause Young (Normal) (G1 Evacuation Pause)
[2024-08-28T13:04:31.219+0000][info][gc,task        ] GC(973) Using 24 workers of 68 for evacuation
[2024-08-28T13:04:31.235+0000][info][gc,phases      ] GC(973)   Pre Evacuate Collection Set: 0.2ms
[2024-08-28T13:04:31.235+0000][info][gc,phases      ] GC(973)   Merge Heap Roots: 0.5ms
[2024-08-28T13:04:31.235+0000][info][gc,phases      ] GC(973)   Evacuate Collection Set: 14.5ms
[2024-08-28T13:04:31.235+0000][info][gc,phases      ] GC(973)   Post Evacuate Collection Set: 0.6ms
[2024-08-28T13:04:31.235+0000][info][gc,phases      ] GC(973)   Other: 0.2ms
[2024-08-28T13:04:31.235+0000][info][gc,heap        ] GC(973) Eden regions: 44->0(44)
[2024-08-28T13:04:31.235+0000][info][gc,heap        ] GC(973) Survivor regions: 7->7(7)
[2024-08-28T13:04:31.235+0000][info][gc,heap        ] GC(973) Old regions: 899->946
[2024-08-28T13:04:31.235+0000][info][gc,heap        ] GC(973) Archive regions: 2->2
[2024-08-28T13:04:31.235+0000][info][gc,heap        ] GC(973) Humongous regions: 5->5
[2024-08-28T13:04:31.235+0000][info][gc,metaspace   ] GC(973) Metaspace: 100K(320K)->100K(320K) NonClass: 96K(192K)->96K(192K) Class: 4K(128K)->4K(128K)
[2024-08-28T13:04:31.235+0000][info][gc             ] GC(973) Pause Young (Normal) (G1 Evacuation Pause) 952M->955M(1024M) 16.090ms
[2024-08-28T13:04:31.235+0000][info][gc,cpu         ] GC(973) User=0.36s Sys=0.00s Real=0.01s
[2024-08-28T13:04:31.252+0000][info][gc,start       ] GC(974) Pause Young (Normal) (G1 Preventive Collection)
[2024-08-28T13:04:31.252+0000][info][gc,task        ] GC(974) Using 24 workers of 68 for evacuation
[2024-08-28T13:04:31.264+0000][info][gc             ] GC(974) To-space exhausted
[2024-08-28T13:04:31.264+0000][info][gc,phases      ] GC(974)   Pre Evacuate Collection Set: 0.1ms
[2024-08-28T13:04:31.264+0000][info][gc,phases      ] GC(974)   Merge Heap Roots: 0.5ms
[2024-08-28T13:04:31.264+0000][info][gc,phases      ] GC(974)   Evacuate Collection Set: 10.8ms
[2024-08-28T13:04:31.264+0000][info][gc,phases      ] GC(974)   Post Evacuate Collection Set: 0.8ms
[2024-08-28T13:04:31.264+0000][info][gc,phases      ] GC(974)   Other: 0.2ms
[2024-08-28T13:04:31.264+0000][info][gc,heap        ] GC(974) Eden regions: 27->0(44)
[2024-08-28T13:04:31.264+0000][info][gc,heap        ] GC(974) Survivor regions: 7->7(7)
[2024-08-28T13:04:31.264+0000][info][gc,heap        ] GC(974) Old regions: 946->981
[2024-08-28T13:04:31.264+0000][info][gc,heap        ] GC(974) Archive regions: 2->2
[2024-08-28T13:04:31.264+0000][info][gc,heap        ] GC(974) Humongous regions: 5->5
[2024-08-28T13:04:31.264+0000][info][gc,metaspace   ] GC(974) Metaspace: 100K(320K)->100K(320K) NonClass: 96K(192K)->96K(192K) Class: 4K(128K)->4K(128K)
[2024-08-28T13:04:31.264+0000][info][gc             ] GC(974) Pause Young (Normal) (G1 Preventive Collection) 982M->991M(1024M) 12.494ms
[2024-08-28T13:04:31.264+0000][info][gc,cpu         ] GC(974) User=0.28s Sys=0.00s Real=0.01s
[2024-08-28T13:04:31.265+0000][info][gc,marking     ] GC(970) Concurrent Rebuild Remembered Sets 124.033ms
[2024-08-28T13:04:31.265+0000][info][gc,start       ] GC(970) Pause Cleanup
[2024-08-28T13:04:31.267+0000][info][gc             ] GC(970) Pause Cleanup 993M->993M(1024M) 1.535ms
[2024-08-28T13:04:31.267+0000][info][gc,cpu         ] GC(970) User=0.00s Sys=0.00s Real=0.00s
[2024-08-28T13:04:31.267+0000][info][gc,marking     ] GC(970) Concurrent Cleanup for Next Mark
[2024-08-28T13:04:31.268+0000][info][gc,marking     ] GC(970) Concurrent Cleanup for Next Mark 0.740ms
[2024-08-28T13:04:31.268+0000][info][gc             ] GC(970) Concurrent Mark Cycle 156.731ms
[2024-08-28T13:04:31.273+0000][info][gc,start       ] GC(975) Pause Young (Prepare Mixed) (G1 Preventive Collection)
[2024-08-28T13:04:31.273+0000][info][gc,task        ] GC(975) Using 24 workers of 68 for evacuation
[2024-08-28T13:04:31.282+0000][info][gc             ] GC(975) To-space exhausted
[2024-08-28T13:04:31.282+0000][info][gc,phases      ] GC(975)   Pre Evacuate Collection Set: 0.1ms
[2024-08-28T13:04:31.282+0000][info][gc,phases      ] GC(975)   Merge Heap Roots: 0.5ms
[2024-08-28T13:04:31.282+0000][info][gc,phases      ] GC(975)   Evacuate Collection Set: 7.6ms
[2024-08-28T13:04:31.282+0000][info][gc,phases      ] GC(975)   Post Evacuate Collection Set: 0.6ms
[2024-08-28T13:04:31.282+0000][info][gc,phases      ] GC(975)   Other: 0.2ms
[2024-08-28T13:04:31.282+0000][info][gc,heap        ] GC(975) Eden regions: 10->0(44)
[2024-08-28T13:04:31.282+0000][info][gc,heap        ] GC(975) Survivor regions: 7->7(7)
[2024-08-28T13:04:31.282+0000][info][gc,heap        ] GC(975) Old regions: 981->1010
[2024-08-28T13:04:31.282+0000][info][gc,heap        ] GC(975) Archive regions: 2->2
[2024-08-28T13:04:31.282+0000][info][gc,heap        ] GC(975) Humongous regions: 5->5
[2024-08-28T13:04:31.282+0000][info][gc,metaspace   ] GC(975) Metaspace: 100K(320K)->100K(320K) NonClass: 96K(192K)->96K(192K) Class: 4K(128K)->4K(128K)
[2024-08-28T13:04:31.282+0000][info][gc             ] GC(975) Pause Young (Prepare Mixed) (G1 Preventive Collection) 1001M->1020M(1024M) 9.060ms
[2024-08-28T13:04:31.282+0000][info][gc,cpu         ] GC(975) User=0.19s Sys=0.00s Real=0.01s
[2024-08-28T13:04:31.282+0000][info][gc,ergo        ] Attempting full compaction
[2024-08-28T13:04:31.282+0000][info][gc,task        ] GC(976) Using 24 workers of 68 for full compaction
[2024-08-28T13:04:31.283+0000][info][gc,start       ] GC(976) Pause Full (G1 Compaction Pause)
[2024-08-28T13:04:31.283+0000][info][gc,phases,start] GC(976) Phase 1: Mark live objects
[2024-08-28T13:04:31.298+0000][info][gc,phases      ] GC(976) Phase 1: Mark live objects 14.979ms
[2024-08-28T13:04:31.298+0000][info][gc,phases,start] GC(976) Phase 2: Prepare for compaction
[2024-08-28T13:04:31.306+0000][info][gc,phases      ] GC(976) Phase 2: Prepare for compaction 8.117ms
[2024-08-28T13:04:31.306+0000][info][gc,phases,start] GC(976) Phase 3: Adjust pointers
[2024-08-28T13:04:31.321+0000][info][gc,phases      ] GC(976) Phase 3: Adjust pointers 14.988ms
[2024-08-28T13:04:31.321+0000][info][gc,phases,start] GC(976) Phase 4: Compact heap
[2024-08-28T13:04:31.348+0000][info][gc,phases      ] GC(976) Phase 4: Compact heap 26.892ms
[2024-08-28T13:04:31.349+0000][info][gc,heap        ] GC(976) Eden regions: 0->0(150)
[2024-08-28T13:04:31.349+0000][info][gc,heap        ] GC(976) Survivor regions: 7->0(7)
[2024-08-28T13:04:31.349+0000][info][gc,heap        ] GC(976) Old regions: 1010->442
[2024-08-28T13:04:31.349+0000][info][gc,heap        ] GC(976) Archive regions: 2->2
[2024-08-28T13:04:31.349+0000][info][gc,heap        ] GC(976) Humongous regions: 5->5
[2024-08-28T13:04:31.349+0000][info][gc,metaspace   ] GC(976) Metaspace: 100K(320K)->100K(320K) NonClass: 96K(192K)->96K(192K) Class: 4K(128K)->4K(128K)
[2024-08-28T13:04:31.349+0000][info][gc             ] GC(976) Pause Full (G1 Compaction Pause) 1020M->437M(1024M) 66.397ms
[2024-08-28T13:04:31.349+0000][info][gc,cpu         ] GC(976) User=1.44s Sys=0.01s Real=0.06s
[2024-08-28T13:04:31.438+0000][info][gc,start       ] GC(977) Pause Young (Normal) (G1 Evacuation Pause)
[2024-08-28T13:04:31.438+0000][info][gc,task        ] GC(977) Using 24 workers of 68 for evacuation
[2024-08-28T13:04:31.461+0000][info][gc,phases      ] GC(977)   Pre Evacuate Collection Set: 0.2ms
[2024-08-28T13:04:31.461+0000][info][gc,phases      ] GC(977)   Merge Heap Roots: 0.4ms
[2024-08-28T13:04:31.461+0000][info][gc,phases      ] GC(977)   Evacuate Collection Set: 21.9ms
[2024-08-28T13:04:31.461+0000][info][gc,phases      ] GC(977)   Post Evacuate Collection Set: 0.3ms
[2024-08-28T13:04:31.461+0000][info][gc,phases      ] GC(977)   Other: 0.2ms
[2024-08-28T13:04:31.461+0000][info][gc,heap        ] GC(977) Eden regions: 150->0(103)
[2024-08-28T13:04:31.461+0000][info][gc,heap        ] GC(977) Survivor regions: 0->19(19)
[2024-08-28T13:04:31.461+0000][info][gc,heap        ] GC(977) Old regions: 442->569
[2024-08-28T13:04:31.461+0000][info][gc,heap        ] GC(977) Archive regions: 2->2
[2024-08-28T13:04:31.461+0000][info][gc,heap        ] GC(977) Humongous regions: 5->5
[2024-08-28T13:04:31.461+0000][info][gc,metaspace   ] GC(977) Metaspace: 100K(320K)->100K(320K) NonClass: 96K(192K)->96K(192K) Class: 4K(128K)->4K(128K)
[2024-08-28T13:04:31.461+0000][info][gc             ] GC(977) Pause Young (Normal) (G1 Evacuation Pause) 587M->583M(1024M) 23.113ms
[2024-08-28T13:04:31.461+0000][info][gc,cpu         ] GC(977) User=0.53s Sys=0.00s Real=0.02s
[2024-08-28T13:04:31.519+0000][info][gc,start       ] GC(978) Pause Young (Normal) (G1 Evacuation Pause)
[2024-08-28T13:04:31.519+0000][info][gc,task        ] GC(978) Using 24 workers of 68 for evacuation
[2024-08-28T13:04:31.540+0000][info][gc,phases      ] GC(978)   Pre Evacuate Collection Set: 0.2ms
[2024-08-28T13:04:31.540+0000][info][gc,phases      ] GC(978)   Merge Heap Roots: 0.4ms
[2024-08-28T13:04:31.540+0000][info][gc,phases      ] GC(978)   Evacuate Collection Set: 19.7ms
[2024-08-28T13:04:31.540+0000][info][gc,phases      ] GC(978)   Post Evacuate Collection Set: 0.3ms
[2024-08-28T13:04:31.540+0000][info][gc,phases      ] GC(978)   Other: 0.2ms
[2024-08-28T13:04:31.540+0000][info][gc,heap        ] GC(978) Eden regions: 103->0(70)
[2024-08-28T13:04:31.540+0000][info][gc,heap        ] GC(978) Survivor regions: 19->16(16)
[2024-08-28T13:04:31.540+0000][info][gc,heap        ] GC(978) Old regions: 569->676
[2024-08-28T13:04:31.540+0000][info][gc,heap        ] GC(978) Archive regions: 2->2
[2024-08-28T13:04:31.540+0000][info][gc,heap        ] GC(978) Humongous regions: 5->5
[2024-08-28T13:04:31.540+0000][info][gc,metaspace   ] GC(978) Metaspace: 100K(320K)->100K(320K) NonClass: 96K(192K)->96K(192K) Class: 4K(128K)->4K(128K)
[2024-08-28T13:04:31.540+0000][info][gc             ] GC(978) Pause Young (Normal) (G1 Evacuation Pause) 686M->687M(1024M) 20.936ms
[2024-08-28T13:04:31.540+0000][info][gc,cpu         ] GC(978) User=0.48s Sys=0.01s Real=0.02s
[2024-08-28T13:04:31.578+0000][info][gc,start       ] GC(979) Pause Young (Concurrent Start) (G1 Evacuation Pause)
[2024-08-28T13:04:31.579+0000][info][gc,task        ] GC(979) Using 24 workers of 68 for evacuation
[2024-08-28T13:04:31.596+0000][info][gc,phases      ] GC(979)   Pre Evacuate Collection Set: 0.2ms
[2024-08-28T13:04:31.596+0000][info][gc,phases      ] GC(979)   Merge Heap Roots: 0.4ms
[2024-08-28T13:04:31.596+0000][info][gc,phases      ] GC(979)   Evacuate Collection Set: 15.6ms
[2024-08-28T13:04:31.596+0000][info][gc,phases      ] GC(979)   Post Evacuate Collection Set: 0.3ms
[2024-08-28T13:04:31.596+0000][info][gc,phases      ] GC(979)   Other: 0.7ms
[2024-08-28T13:04:31.596+0000][info][gc,heap        ] GC(979) Eden regions: 70->0(46)
[2024-08-28T13:04:31.596+0000][info][gc,heap        ] GC(979) Survivor regions: 16->11(11)
[2024-08-28T13:04:31.596+0000][info][gc,heap        ] GC(979) Old regions: 676->754
[2024-08-28T13:04:31.596+0000][info][gc,heap        ] GC(979) Archive regions: 2->2
[2024-08-28T13:04:31.596+0000][info][gc,heap        ] GC(979) Humongous regions: 5->5
[2024-08-28T13:04:31.596+0000][info][gc,metaspace   ] GC(979) Metaspace: 100K(320K)->100K(320K) NonClass: 96K(192K)->96K(192K) Class: 4K(128K)->4K(128K)
[2024-08-28T13:04:31.596+0000][info][gc             ] GC(979) Pause Young (Concurrent Start) (G1 Evacuation Pause) 757M->760M(1024M) 17.267ms
[2024-08-28T13:04:31.596+0000][info][gc,cpu         ] GC(979) User=0.38s Sys=0.00s Real=0.01s
[2024-08-28T13:04:31.596+0000][info][gc             ] GC(980) Concurrent Mark Cycle
[2024-08-28T13:04:31.596+0000][info][gc,marking     ] GC(980) Concurrent Clear Claimed Marks
[2024-08-28T13:04:31.596+0000][info][gc,marking     ] GC(980) Concurrent Clear Claimed Marks 0.009ms
[2024-08-28T13:04:31.596+0000][info][gc,marking     ] GC(980) Concurrent Scan Root Regions
[2024-08-28T13:04:31.599+0000][info][gc,marking     ] GC(980) Concurrent Scan Root Regions 2.725ms
[2024-08-28T13:04:31.599+0000][info][gc,marking     ] GC(980) Concurrent Mark
[2024-08-28T13:04:31.599+0000][info][gc,marking     ] GC(980) Concurrent Mark From Roots
[2024-08-28T13:04:31.599+0000][info][gc,task        ] GC(980) Using 17 workers of 17 for marking
[2024-08-28T13:04:31.622+0000][info][gc,marking     ] GC(980) Concurrent Mark From Roots 23.060ms
[2024-08-28T13:04:31.622+0000][info][gc,marking     ] GC(980) Concurrent Preclean
[2024-08-28T13:04:31.622+0000][info][gc,marking     ] GC(980) Concurrent Preclean 0.534ms
[2024-08-28T13:04:31.623+0000][info][gc,start       ] GC(980) Pause Remark
[2024-08-28T13:04:31.624+0000][info][gc             ] GC(980) Pause Remark 795M->795M(1024M) 1.384ms
[2024-08-28T13:04:31.624+0000][info][gc,cpu         ] GC(980) User=0.01s Sys=0.00s Real=0.00s
[2024-08-28T13:04:31.624+0000][info][gc,marking     ] GC(980) Concurrent Mark 25.423ms
[2024-08-28T13:04:31.624+0000][info][gc,marking     ] GC(980) Concurrent Rebuild Remembered Sets
[2024-08-28T13:04:31.631+0000][info][gc,start       ] GC(981) Pause Young (Normal) (G1 Evacuation Pause)
[2024-08-28T13:04:31.631+0000][info][gc,task        ] GC(981) Using 24 workers of 68 for evacuation
[2024-08-28T13:04:31.643+0000][info][gc,phases      ] GC(981)   Pre Evacuate Collection Set: 0.1ms
[2024-08-28T13:04:31.643+0000][info][gc,phases      ] GC(981)   Merge Heap Roots: 0.4ms
[2024-08-28T13:04:31.643+0000][info][gc,phases      ] GC(981)   Evacuate Collection Set: 11.2ms
[2024-08-28T13:04:31.643+0000][info][gc,phases      ] GC(981)   Post Evacuate Collection Set: 0.5ms
[2024-08-28T13:04:31.643+0000][info][gc,phases      ] GC(981)   Other: 0.2ms
[2024-08-28T13:04:31.643+0000][info][gc,heap        ] GC(981) Eden regions: 46->0(43)
[2024-08-28T13:04:31.643+0000][info][gc,heap        ] GC(981) Survivor regions: 11->8(8)
[2024-08-28T13:04:31.643+0000][info][gc,heap        ] GC(981) Old regions: 754->807
[2024-08-28T13:04:31.643+0000][info][gc,heap        ] GC(981) Archive regions: 2->2
[2024-08-28T13:04:31.643+0000][info][gc,heap        ] GC(981) Humongous regions: 5->5
[2024-08-28T13:04:31.643+0000][info][gc,metaspace   ] GC(981) Metaspace: 100K(320K)->100K(320K) NonClass: 96K(192K)->96K(192K) Class: 4K(128K)->4K(128K)
[2024-08-28T13:04:31.643+0000][info][gc             ] GC(981) Pause Young (Normal) (G1 Evacuation Pause) 806M->809M(1024M) 12.452ms
[2024-08-28T13:04:31.643+0000][info][gc,cpu         ] GC(981) User=0.28s Sys=0.00s Real=0.01s
[2024-08-28T13:04:31.667+0000][info][gc,start       ] GC(982) Pause Young (Normal) (G1 Evacuation Pause)
[2024-08-28T13:04:31.667+0000][info][gc,task        ] GC(982) Using 24 workers of 68 for evacuation
[2024-08-28T13:04:31.683+0000][info][gc,phases      ] GC(982)   Pre Evacuate Collection Set: 0.2ms
[2024-08-28T13:04:31.683+0000][info][gc,phases      ] GC(982)   Merge Heap Roots: 0.4ms
[2024-08-28T13:04:31.683+0000][info][gc,phases      ] GC(982)   Evacuate Collection Set: 14.7ms
[2024-08-28T13:04:31.683+0000][info][gc,phases      ] GC(982)   Post Evacuate Collection Set: 0.5ms
[2024-08-28T13:04:31.683+0000][info][gc,phases      ] GC(982)   Other: 0.3ms
[2024-08-28T13:04:31.683+0000][info][gc,heap        ] GC(982) Eden regions: 43->0(44)
[2024-08-28T13:04:31.683+0000][info][gc,heap        ] GC(982) Survivor regions: 8->7(7)
[2024-08-28T13:04:31.683+0000][info][gc,heap        ] GC(982) Old regions: 807->854
[2024-08-28T13:04:31.683+0000][info][gc,heap        ] GC(982) Archive regions: 2->2
[2024-08-28T13:04:31.683+0000][info][gc,heap        ] GC(982) Humongous regions: 5->5
[2024-08-28T13:04:31.683+0000][info][gc,metaspace   ] GC(982) Metaspace: 100K(320K)->100K(320K) NonClass: 96K(192K)->96K(192K) Class: 4K(128K)->4K(128K)
[2024-08-28T13:04:31.683+0000][info][gc             ] GC(982) Pause Young (Normal) (G1 Evacuation Pause) 852M->856M(1024M) 16.182ms
[2024-08-28T13:04:31.683+0000][info][gc,cpu         ] GC(982) User=0.36s Sys=0.00s Real=0.02s
[2024-08-28T13:04:31.707+0000][info][gc,start       ] GC(983) Pause Young (Normal) (G1 Evacuation Pause)
[2024-08-28T13:04:31.707+0000][info][gc,task        ] GC(983) Using 24 workers of 68 for evacuation
[2024-08-28T13:04:31.722+0000][info][gc,phases      ] GC(983)   Pre Evacuate Collection Set: 0.1ms
[2024-08-28T13:04:31.722+0000][info][gc,phases      ] GC(983)   Merge Heap Roots: 0.5ms
[2024-08-28T13:04:31.722+0000][info][gc,phases      ] GC(983)   Evacuate Collection Set: 13.4ms
[2024-08-28T13:04:31.722+0000][info][gc,phases      ] GC(983)   Post Evacuate Collection Set: 0.7ms
[2024-08-28T13:04:31.722+0000][info][gc,phases      ] GC(983)   Other: 0.2ms
[2024-08-28T13:04:31.722+0000][info][gc,heap        ] GC(983) Eden regions: 44->0(44)
[2024-08-28T13:04:31.722+0000][info][gc,heap        ] GC(983) Survivor regions: 7->7(7)
[2024-08-28T13:04:31.722+0000][info][gc,heap        ] GC(983) Old regions: 854->901
[2024-08-28T13:04:31.722+0000][info][gc,heap        ] GC(983) Archive regions: 2->2
[2024-08-28T13:04:31.722+0000][info][gc,heap        ] GC(983) Humongous regions: 5->5
[2024-08-28T13:04:31.722+0000][info][gc,metaspace   ] GC(983) Metaspace: 100K(320K)->100K(320K) NonClass: 96K(192K)->96K(192K) Class: 4K(128K)->4K(128K)
[2024-08-28T13:04:31.722+0000][info][gc             ] GC(983) Pause Young (Normal) (G1 Evacuation Pause) 900M->903M(1024M) 15.001ms
[2024-08-28T13:04:31.722+0000][info][gc,cpu         ] GC(983) User=0.33s Sys=0.01s Real=0.02s
[2024-08-28T13:04:31.734+0000][info][gc,marking     ] GC(980) Concurrent Rebuild Remembered Sets 110.139ms
[2024-08-28T13:04:31.734+0000][info][gc,start       ] GC(980) Pause Cleanup
[2024-08-28T13:04:31.736+0000][info][gc             ] GC(980) Pause Cleanup 922M->922M(1024M) 1.224ms
[2024-08-28T13:04:31.736+0000][info][gc,cpu         ] GC(980) User=0.01s Sys=0.00s Real=0.00s
[2024-08-28T13:04:31.736+0000][info][gc,marking     ] GC(980) Concurrent Cleanup for Next Mark
[2024-08-28T13:04:31.737+0000][info][gc,marking     ] GC(980) Concurrent Cleanup for Next Mark 0.791ms
[2024-08-28T13:04:31.737+0000][info][gc             ] GC(980) Concurrent Mark Cycle 140.784ms
[2024-08-28T13:04:31.752+0000][info][gc,start       ] GC(984) Pause Young (Prepare Mixed) (G1 Evacuation Pause)
[2024-08-28T13:04:31.752+0000][info][gc,task        ] GC(984) Using 24 workers of 68 for evacuation
[2024-08-28T13:04:31.765+0000][info][gc,phases      ] GC(984)   Pre Evacuate Collection Set: 0.1ms
[2024-08-28T13:04:31.765+0000][info][gc,phases      ] GC(984)   Merge Heap Roots: 0.5ms
[2024-08-28T13:04:31.765+0000][info][gc,phases      ] GC(984)   Evacuate Collection Set: 11.9ms
[2024-08-28T13:04:31.765+0000][info][gc,phases      ] GC(984)   Post Evacuate Collection Set: 0.3ms
[2024-08-28T13:04:31.765+0000][info][gc,phases      ] GC(984)   Other: 0.2ms
[2024-08-28T13:04:31.765+0000][info][gc,heap        ] GC(984) Eden regions: 44->0(44)
[2024-08-28T13:04:31.765+0000][info][gc,heap        ] GC(984) Survivor regions: 7->7(7)
[2024-08-28T13:04:31.765+0000][info][gc,heap        ] GC(984) Old regions: 901->947
[2024-08-28T13:04:31.765+0000][info][gc,heap        ] GC(984) Archive regions: 2->2
[2024-08-28T13:04:31.765+0000][info][gc,heap        ] GC(984) Humongous regions: 5->5
[2024-08-28T13:04:31.765+0000][info][gc,metaspace   ] GC(984) Metaspace: 100K(320K)->100K(320K) NonClass: 96K(192K)->96K(192K) Class: 4K(128K)->4K(128K)
[2024-08-28T13:04:31.765+0000][info][gc             ] GC(984) Pause Young (Prepare Mixed) (G1 Evacuation Pause) 947M->949M(1024M) 13.129ms
[2024-08-28T13:04:31.765+0000][info][gc,cpu         ] GC(984) User=0.29s Sys=0.00s Real=0.01s
[2024-08-28T13:04:31.780+0000][info][gc,start       ] GC(985) Pause Young (Mixed) (G1 Preventive Collection)
[2024-08-28T13:04:31.780+0000][info][gc,task        ] GC(985) Using 24 workers of 68 for evacuation
[2024-08-28T13:04:31.789+0000][info][gc,phases      ] GC(985)   Pre Evacuate Collection Set: 0.2ms
[2024-08-28T13:04:31.789+0000][info][gc,phases      ] GC(985)   Merge Heap Roots: 0.4ms
[2024-08-28T13:04:31.789+0000][info][gc,phases      ] GC(985)   Evacuate Collection Set: 8.0ms
[2024-08-28T13:04:31.789+0000][info][gc,phases      ] GC(985)   Post Evacuate Collection Set: 0.4ms
[2024-08-28T13:04:31.789+0000][info][gc,phases      ] GC(985)   Other: 0.2ms
[2024-08-28T13:04:31.789+0000][info][gc,heap        ] GC(985) Eden regions: 26->0(44)
[2024-08-28T13:04:31.789+0000][info][gc,heap        ] GC(985) Survivor regions: 7->7(7)
[2024-08-28T13:04:31.789+0000][info][gc,heap        ] GC(985) Old regions: 947->873
[2024-08-28T13:04:31.789+0000][info][gc,heap        ] GC(985) Archive regions: 2->2
[2024-08-28T13:04:31.789+0000][info][gc,heap        ] GC(985) Humongous regions: 5->5
[2024-08-28T13:04:31.789+0000][info][gc,metaspace   ] GC(985) Metaspace: 100K(320K)->100K(320K) NonClass: 96K(192K)->96K(192K) Class: 4K(128K)->4K(128K)
[2024-08-28T13:04:31.789+0000][info][gc             ] GC(985) Pause Young (Mixed) (G1 Preventive Collection) 975M->875M(1024M) 9.235ms
[2024-08-28T13:04:31.789+0000][info][gc,cpu         ] GC(985) User=0.20s Sys=0.00s Real=0.00s
[2024-08-28T13:04:31.813+0000][info][gc,start       ] GC(986) Pause Young (Mixed) (G1 Evacuation Pause)
[2024-08-28T13:04:31.813+0000][info][gc,task        ] GC(986) Using 24 workers of 68 for evacuation
[2024-08-28T13:04:31.825+0000][info][gc,phases      ] GC(986)   Pre Evacuate Collection Set: 0.2ms
[2024-08-28T13:04:31.825+0000][info][gc,phases      ] GC(986)   Merge Heap Roots: 0.5ms
[2024-08-28T13:04:31.825+0000][info][gc,phases      ] GC(986)   Evacuate Collection Set: 10.5ms
[2024-08-28T13:04:31.825+0000][info][gc,phases      ] GC(986)   Post Evacuate Collection Set: 0.4ms
[2024-08-28T13:04:31.825+0000][info][gc,phases      ] GC(986)   Other: 0.3ms
[2024-08-28T13:04:31.825+0000][info][gc,heap        ] GC(986) Eden regions: 44->0(44)
[2024-08-28T13:04:31.825+0000][info][gc,heap        ] GC(986) Survivor regions: 7->7(7)
[2024-08-28T13:04:31.825+0000][info][gc,heap        ] GC(986) Old regions: 873->815
[2024-08-28T13:04:31.825+0000][info][gc,heap        ] GC(986) Archive regions: 2->2
[2024-08-28T13:04:31.825+0000][info][gc,heap        ] GC(986) Humongous regions: 5->5
[2024-08-28T13:04:31.825+0000][info][gc,metaspace   ] GC(986) Metaspace: 100K(320K)->100K(320K) NonClass: 96K(192K)->96K(192K) Class: 4K(128K)->4K(128K)
[2024-08-28T13:04:31.825+0000][info][gc             ] GC(986) Pause Young (Mixed) (G1 Evacuation Pause) 919M->818M(1024M) 11.919ms
[2024-08-28T13:04:31.825+0000][info][gc,cpu         ] GC(986) User=0.26s Sys=0.00s Real=0.01s
[2024-08-28T13:04:31.848+0000][info][gc,start       ] GC(987) Pause Young (Mixed) (G1 Evacuation Pause)
[2024-08-28T13:04:31.848+0000][info][gc,task        ] GC(987) Using 24 workers of 68 for evacuation
[2024-08-28T13:04:31.860+0000][info][gc,phases      ] GC(987)   Pre Evacuate Collection Set: 0.2ms
[2024-08-28T13:04:31.860+0000][info][gc,phases      ] GC(987)   Merge Heap Roots: 0.4ms
[2024-08-28T13:04:31.860+0000][info][gc,phases      ] GC(987)   Evacuate Collection Set: 10.9ms
[2024-08-28T13:04:31.860+0000][info][gc,phases      ] GC(987)   Post Evacuate Collection Set: 0.4ms
[2024-08-28T13:04:31.860+0000][info][gc,phases      ] GC(987)   Other: 0.2ms
[2024-08-28T13:04:31.860+0000][info][gc,heap        ] GC(987) Eden regions: 44->0(44)
[2024-08-28T13:04:31.860+0000][info][gc,heap        ] GC(987) Survivor regions: 7->7(7)
[2024-08-28T13:04:31.860+0000][info][gc,heap        ] GC(987) Old regions: 815->798
[2024-08-28T13:04:31.860+0000][info][gc,heap        ] GC(987) Archive regions: 2->2
[2024-08-28T13:04:31.860+0000][info][gc,heap        ] GC(987) Humongous regions: 5->5
[2024-08-28T13:04:31.860+0000][info][gc,metaspace   ] GC(987) Metaspace: 100K(320K)->100K(320K) NonClass: 96K(192K)->96K(192K) Class: 4K(128K)->4K(128K)
[2024-08-28T13:04:31.860+0000][info][gc             ] GC(987) Pause Young (Mixed) (G1 Evacuation Pause) 862M->803M(1024M) 12.080ms
[2024-08-28T13:04:31.860+0000][info][gc,cpu         ] GC(987) User=0.26s Sys=0.00s Real=0.02s
[2024-08-28T13:04:31.884+0000][info][gc,start       ] GC(988) Pause Young (Concurrent Start) (G1 Evacuation Pause)
[2024-08-28T13:04:31.884+0000][info][gc,task        ] GC(988) Using 24 workers of 68 for evacuation
[2024-08-28T13:04:31.895+0000][info][gc,phases      ] GC(988)   Pre Evacuate Collection Set: 0.2ms
[2024-08-28T13:04:31.895+0000][info][gc,phases      ] GC(988)   Merge Heap Roots: 0.4ms
[2024-08-28T13:04:31.895+0000][info][gc,phases      ] GC(988)   Evacuate Collection Set: 9.8ms
[2024-08-28T13:04:31.895+0000][info][gc,phases      ] GC(988)   Post Evacuate Collection Set: 0.4ms
[2024-08-28T13:04:31.895+0000][info][gc,phases      ] GC(988)   Other: 0.6ms
[2024-08-28T13:04:31.895+0000][info][gc,heap        ] GC(988) Eden regions: 44->0(44)
[2024-08-28T13:04:31.895+0000][info][gc,heap        ] GC(988) Survivor regions: 7->7(7)
[2024-08-28T13:04:31.895+0000][info][gc,heap        ] GC(988) Old regions: 798->845
[2024-08-28T13:04:31.895+0000][info][gc,heap        ] GC(988) Archive regions: 2->2
[2024-08-28T13:04:31.895+0000][info][gc,heap        ] GC(988) Humongous regions: 5->5
[2024-08-28T13:04:31.895+0000][info][gc,metaspace   ] GC(988) Metaspace: 100K(320K)->100K(320K) NonClass: 96K(192K)->96K(192K) Class: 4K(128K)->4K(128K)
[2024-08-28T13:04:31.895+0000][info][gc             ] GC(988) Pause Young (Concurrent Start) (G1 Evacuation Pause) 847M->850M(1024M) 11.306ms
[2024-08-28T13:04:31.895+0000][info][gc,cpu         ] GC(988) User=0.24s Sys=0.00s Real=0.01s
[2024-08-28T13:04:31.895+0000][info][gc             ] GC(989) Concurrent Mark Cycle
[2024-08-28T13:04:31.895+0000][info][gc,marking     ] GC(989) Concurrent Clear Claimed Marks
[2024-08-28T13:04:31.895+0000][info][gc,marking     ] GC(989) Concurrent Clear Claimed Marks 0.009ms
[2024-08-28T13:04:31.895+0000][info][gc,marking     ] GC(989) Concurrent Scan Root Regions
[2024-08-28T13:04:31.897+0000][info][gc,marking     ] GC(989) Concurrent Scan Root Regions 1.825ms
[2024-08-28T13:04:31.897+0000][info][gc,marking     ] GC(989) Concurrent Mark
[2024-08-28T13:04:31.897+0000][info][gc,marking     ] GC(989) Concurrent Mark From Roots
[2024-08-28T13:04:31.897+0000][info][gc,task        ] GC(989) Using 17 workers of 17 for marking
[2024-08-28T13:04:31.922+0000][info][gc,marking     ] GC(989) Concurrent Mark From Roots 24.358ms
[2024-08-28T13:04:31.922+0000][info][gc,marking     ] GC(989) Concurrent Preclean
[2024-08-28T13:04:31.922+0000][info][gc,marking     ] GC(989) Concurrent Preclean 0.503ms
[2024-08-28T13:04:31.923+0000][info][gc,start       ] GC(989) Pause Remark
[2024-08-28T13:04:31.924+0000][info][gc             ] GC(989) Pause Remark 887M->887M(1024M) 1.568ms
[2024-08-28T13:04:31.924+0000][info][gc,cpu         ] GC(989) User=0.01s Sys=0.00s Real=0.00s
[2024-08-28T13:04:31.924+0000][info][gc,marking     ] GC(989) Concurrent Mark 26.860ms
[2024-08-28T13:04:31.924+0000][info][gc,marking     ] GC(989) Concurrent Rebuild Remembered Sets
[2024-08-28T13:04:31.930+0000][info][gc,start       ] GC(990) Pause Young (Normal) (G1 Evacuation Pause)
[2024-08-28T13:04:31.930+0000][info][gc,task        ] GC(990) Using 24 workers of 68 for evacuation
[2024-08-28T13:04:31.941+0000][info][gc,phases      ] GC(990)   Pre Evacuate Collection Set: 0.2ms
[2024-08-28T13:04:31.941+0000][info][gc,phases      ] GC(990)   Merge Heap Roots: 0.4ms
[2024-08-28T13:04:31.941+0000][info][gc,phases      ] GC(990)   Evacuate Collection Set: 9.6ms
[2024-08-28T13:04:31.941+0000][info][gc,phases      ] GC(990)   Post Evacuate Collection Set: 0.4ms
[2024-08-28T13:04:31.941+0000][info][gc,phases      ] GC(990)   Other: 0.2ms
[2024-08-28T13:04:31.941+0000][info][gc,heap        ] GC(990) Eden regions: 44->0(44)
[2024-08-28T13:04:31.941+0000][info][gc,heap        ] GC(990) Survivor regions: 7->7(7)
[2024-08-28T13:04:31.941+0000][info][gc,heap        ] GC(990) Old regions: 845->891
[2024-08-28T13:04:31.941+0000][info][gc,heap        ] GC(990) Archive regions: 2->2
[2024-08-28T13:04:31.941+0000][info][gc,heap        ] GC(990) Humongous regions: 5->5
[2024-08-28T13:04:31.941+0000][info][gc,metaspace   ] GC(990) Metaspace: 100K(320K)->100K(320K) NonClass: 96K(192K)->96K(192K) Class: 4K(128K)->4K(128K)
[2024-08-28T13:04:31.941+0000][info][gc             ] GC(990) Pause Young (Normal) (G1 Evacuation Pause) 894M->896M(1024M) 10.894ms
[2024-08-28T13:04:31.941+0000][info][gc,cpu         ] GC(990) User=0.24s Sys=0.00s Real=0.01s
[2024-08-28T13:04:31.966+0000][info][gc,start       ] GC(991) Pause Young (Normal) (G1 Evacuation Pause)
[2024-08-28T13:04:31.966+0000][info][gc,task        ] GC(991) Using 24 workers of 68 for evacuation
[2024-08-28T13:04:31.980+0000][info][gc,phases      ] GC(991)   Pre Evacuate Collection Set: 0.2ms
[2024-08-28T13:04:31.980+0000][info][gc,phases      ] GC(991)   Merge Heap Roots: 0.5ms
[2024-08-28T13:04:31.980+0000][info][gc,phases      ] GC(991)   Evacuate Collection Set: 13.5ms
[2024-08-28T13:04:31.980+0000][info][gc,phases      ] GC(991)   Post Evacuate Collection Set: 0.6ms
[2024-08-28T13:04:31.981+0000][info][gc,phases      ] GC(991)   Other: 0.3ms
[2024-08-28T13:04:31.981+0000][info][gc,heap        ] GC(991) Eden regions: 44->0(44)
[2024-08-28T13:04:31.981+0000][info][gc,heap        ] GC(991) Survivor regions: 7->7(7)
[2024-08-28T13:04:31.981+0000][info][gc,heap        ] GC(991) Old regions: 891->938
[2024-08-28T13:04:31.981+0000][info][gc,heap        ] GC(991) Archive regions: 2->2
[2024-08-28T13:04:31.981+0000][info][gc,heap        ] GC(991) Humongous regions: 5->5
[2024-08-28T13:04:31.981+0000][info][gc,metaspace   ] GC(991) Metaspace: 100K(320K)->100K(320K) NonClass: 96K(192K)->96K(192K) Class: 4K(128K)->4K(128K)
[2024-08-28T13:04:31.981+0000][info][gc             ] GC(991) Pause Young (Normal) (G1 Evacuation Pause) 940M->943M(1024M) 15.042ms
[2024-08-28T13:04:31.981+0000][info][gc,cpu         ] GC(991) User=0.34s Sys=0.00s Real=0.02s
[2024-08-28T13:04:31.998+0000][info][gc,start       ] GC(992) Pause Young (Normal) (G1 Preventive Collection)
[2024-08-28T13:04:31.998+0000][info][gc,task        ] GC(992) Using 24 workers of 68 for evacuation
[2024-08-28T13:04:32.011+0000][info][gc,phases      ] GC(992)   Pre Evacuate Collection Set: 0.2ms
[2024-08-28T13:04:32.011+0000][info][gc,phases      ] GC(992)   Merge Heap Roots: 0.5ms
[2024-08-28T13:04:32.011+0000][info][gc,phases      ] GC(992)   Evacuate Collection Set: 11.6ms
[2024-08-28T13:04:32.011+0000][info][gc,phases      ] GC(992)   Post Evacuate Collection Set: 0.6ms
[2024-08-28T13:04:32.011+0000][info][gc,phases      ] GC(992)   Other: 0.3ms
[2024-08-28T13:04:32.011+0000][info][gc,heap        ] GC(992) Eden regions: 31->0(44)
[2024-08-28T13:04:32.011+0000][info][gc,heap        ] GC(992) Survivor regions: 7->7(7)
[2024-08-28T13:04:32.011+0000][info][gc,heap        ] GC(992) Old regions: 938->972
[2024-08-28T13:04:32.011+0000][info][gc,heap        ] GC(992) Archive regions: 2->2
[2024-08-28T13:04:32.011+0000][info][gc,heap        ] GC(992) Humongous regions: 5->5
[2024-08-28T13:04:32.011+0000][info][gc,metaspace   ] GC(992) Metaspace: 100K(320K)->100K(320K) NonClass: 96K(192K)->96K(192K) Class: 4K(128K)->4K(128K)
[2024-08-28T13:04:32.011+0000][info][gc             ] GC(992) Pause Young (Normal) (G1 Preventive Collection) 974M->977M(1024M) 13.228ms
[2024-08-28T13:04:32.011+0000][info][gc,cpu         ] GC(992) User=0.29s Sys=0.00s Real=0.01s
[2024-08-28T13:04:32.020+0000][info][gc,start       ] GC(993) Pause Young (Normal) (G1 Preventive Collection)
[2024-08-28T13:04:32.020+0000][info][gc,task        ] GC(993) Using 24 workers of 68 for evacuation
[2024-08-28T13:04:32.030+0000][info][gc,phases      ] GC(993)   Pre Evacuate Collection Set: 0.2ms
[2024-08-28T13:04:32.031+0000][info][gc,phases      ] GC(993)   Merge Heap Roots: 0.5ms
[2024-08-28T13:04:32.031+0000][info][gc,phases      ] GC(993)   Evacuate Collection Set: 9.3ms
[2024-08-28T13:04:32.031+0000][info][gc,phases      ] GC(993)   Post Evacuate Collection Set: 0.6ms
[2024-08-28T13:04:32.031+0000][info][gc,phases      ] GC(993)   Other: 0.2ms
[2024-08-28T13:04:32.031+0000][info][gc,heap        ] GC(993) Eden regions: 14->0(44)
[2024-08-28T13:04:32.031+0000][info][gc,heap        ] GC(993) Survivor regions: 7->7(7)
[2024-08-28T13:04:32.031+0000][info][gc,heap        ] GC(993) Old regions: 972->989
[2024-08-28T13:04:32.031+0000][info][gc,heap        ] GC(993) Archive regions: 2->2
[2024-08-28T13:04:32.031+0000][info][gc,heap        ] GC(993) Humongous regions: 5->5
[2024-08-28T13:04:32.031+0000][info][gc,metaspace   ] GC(993) Metaspace: 100K(320K)->100K(320K) NonClass: 96K(192K)->96K(192K) Class: 4K(128K)->4K(128K)
[2024-08-28T13:04:32.031+0000][info][gc             ] GC(993) Pause Young (Normal) (G1 Preventive Collection) 991M->994M(1024M) 10.968ms
[2024-08-28T13:04:32.031+0000][info][gc,cpu         ] GC(993) User=0.25s Sys=0.00s Real=0.01s
[2024-08-28T13:04:32.035+0000][info][gc,start       ] GC(994) Pause Young (Normal) (G1 Preventive Collection)
[2024-08-28T13:04:32.035+0000][info][gc,task        ] GC(994) Using 24 workers of 68 for evacuation
[2024-08-28T13:04:32.044+0000][info][gc             ] GC(994) To-space exhausted
[2024-08-28T13:04:32.044+0000][info][gc,phases      ] GC(994)   Pre Evacuate Collection Set: 0.1ms
[2024-08-28T13:04:32.044+0000][info][gc,phases      ] GC(994)   Merge Heap Roots: 0.6ms
[2024-08-28T13:04:32.044+0000][info][gc,phases      ] GC(994)   Evacuate Collection Set: 7.4ms
[2024-08-28T13:04:32.044+0000][info][gc,phases      ] GC(994)   Post Evacuate Collection Set: 0.7ms
[2024-08-28T13:04:32.044+0000][info][gc,phases      ] GC(994)   Other: 0.2ms
[2024-08-28T13:04:32.044+0000][info][gc,heap        ] GC(994) Eden regions: 6->0(45)
[2024-08-28T13:04:32.044+0000][info][gc,heap        ] GC(994) Survivor regions: 7->6(7)
[2024-08-28T13:04:32.044+0000][info][gc,heap        ] GC(994) Old regions: 989->1005
[2024-08-28T13:04:32.044+0000][info][gc,heap        ] GC(994) Archive regions: 2->2
[2024-08-28T13:04:32.044+0000][info][gc,heap        ] GC(994) Humongous regions: 5->5
[2024-08-28T13:04:32.044+0000][info][gc,metaspace   ] GC(994) Metaspace: 100K(320K)->100K(320K) NonClass: 96K(192K)->96K(192K) Class: 4K(128K)->4K(128K)
[2024-08-28T13:04:32.044+0000][info][gc             ] GC(994) Pause Young (Normal) (G1 Preventive Collection) 1000M->1009M(1024M) 9.069ms
[2024-08-28T13:04:32.044+0000][info][gc,cpu         ] GC(994) User=0.20s Sys=0.00s Real=0.01s
[2024-08-28T13:04:32.045+0000][info][gc,start       ] GC(995) Pause Young (Normal) (G1 Preventive Collection)
[2024-08-28T13:04:32.045+0000][info][gc,task        ] GC(995) Using 24 workers of 68 for evacuation
[2024-08-28T13:04:32.052+0000][info][gc             ] GC(995) To-space exhausted
[2024-08-28T13:04:32.053+0000][info][gc,phases      ] GC(995)   Pre Evacuate Collection Set: 0.1ms
[2024-08-28T13:04:32.053+0000][info][gc,phases      ] GC(995)   Merge Heap Roots: 0.6ms
[2024-08-28T13:04:32.053+0000][info][gc,phases      ] GC(995)   Evacuate Collection Set: 6.2ms
[2024-08-28T13:04:32.053+0000][info][gc,phases      ] GC(995)   Post Evacuate Collection Set: 0.9ms
[2024-08-28T13:04:32.053+0000][info][gc,phases      ] GC(995)   Other: 0.1ms
[2024-08-28T13:04:32.053+0000][info][gc,heap        ] GC(995) Eden regions: 1->0(50)
[2024-08-28T13:04:32.053+0000][info][gc,heap        ] GC(995) Survivor regions: 6->1(5)
[2024-08-28T13:04:32.053+0000][info][gc,heap        ] GC(995) Old regions: 1005->1016
[2024-08-28T13:04:32.053+0000][info][gc,heap        ] GC(995) Archive regions: 2->2
[2024-08-28T13:04:32.053+0000][info][gc,heap        ] GC(995) Humongous regions: 5->5
[2024-08-28T13:04:32.053+0000][info][gc,metaspace   ] GC(995) Metaspace: 100K(320K)->100K(320K) NonClass: 96K(192K)->96K(192K) Class: 4K(128K)->4K(128K)
[2024-08-28T13:04:32.053+0000][info][gc             ] GC(995) Pause Young (Normal) (G1 Preventive Collection) 1010M->1015M(1024M) 7.932ms
[2024-08-28T13:04:32.053+0000][info][gc,cpu         ] GC(995) User=0.17s Sys=0.00s Real=0.01s
[2024-08-28T13:04:32.053+0000][info][gc,ergo        ] Attempting full compaction
[2024-08-28T13:04:32.053+0000][info][gc,task        ] GC(996) Using 24 workers of 68 for full compaction
[2024-08-28T13:04:32.053+0000][info][gc,start       ] GC(996) Pause Full (G1 Compaction Pause)
[2024-08-28T13:04:32.054+0000][info][gc,phases,start] GC(996) Phase 1: Mark live objects
[2024-08-28T13:04:32.069+0000][info][gc,phases      ] GC(996) Phase 1: Mark live objects 15.367ms
[2024-08-28T13:04:32.069+0000][info][gc,phases,start] GC(996) Phase 2: Prepare for compaction
[2024-08-28T13:04:32.078+0000][info][gc,phases      ] GC(996) Phase 2: Prepare for compaction 8.616ms
[2024-08-28T13:04:32.078+0000][info][gc,phases,start] GC(996) Phase 3: Adjust pointers
[2024-08-28T13:04:32.093+0000][info][gc,phases      ] GC(996) Phase 3: Adjust pointers 15.541ms
[2024-08-28T13:04:32.093+0000][info][gc,phases,start] GC(996) Phase 4: Compact heap
[2024-08-28T13:04:32.121+0000][info][gc,phases      ] GC(996) Phase 4: Compact heap 27.810ms
[2024-08-28T13:04:32.122+0000][info][gc,heap        ] GC(996) Eden regions: 0->0(149)
[2024-08-28T13:04:32.122+0000][info][gc,heap        ] GC(996) Survivor regions: 1->0(5)
[2024-08-28T13:04:32.122+0000][info][gc,heap        ] GC(996) Old regions: 1016->445
[2024-08-28T13:04:32.122+0000][info][gc,heap        ] GC(996) Archive regions: 2->2
[2024-08-28T13:04:32.122+0000][info][gc,heap        ] GC(996) Humongous regions: 5->5
[2024-08-28T13:04:32.122+0000][info][gc,metaspace   ] GC(996) Metaspace: 100K(320K)->100K(320K) NonClass: 96K(192K)->96K(192K) Class: 4K(128K)->4K(128K)
[2024-08-28T13:04:32.122+0000][info][gc             ] GC(996) Pause Full (G1 Compaction Pause) 1015M->437M(1024M) 69.654ms
[2024-08-28T13:04:32.123+0000][info][gc,cpu         ] GC(996) User=1.51s Sys=0.01s Real=0.07s
[2024-08-28T13:04:32.123+0000][info][gc,marking     ] GC(989) Concurrent Rebuild Remembered Sets 198.600ms
[2024-08-28T13:04:32.123+0000][info][gc,marking     ] GC(989) Concurrent Mark Abort
[2024-08-28T13:04:32.123+0000][info][gc             ] GC(989) Concurrent Mark Cycle 227.469ms
[2024-08-28T13:04:32.210+0000][info][gc,start       ] GC(997) Pause Young (Normal) (G1 Evacuation Pause)
[2024-08-28T13:04:32.210+0000][info][gc,task        ] GC(997) Using 24 workers of 68 for evacuation
[2024-08-28T13:04:32.233+0000][info][gc,phases      ] GC(997)   Pre Evacuate Collection Set: 0.2ms
[2024-08-28T13:04:32.233+0000][info][gc,phases      ] GC(997)   Merge Heap Roots: 0.4ms
[2024-08-28T13:04:32.233+0000][info][gc,phases      ] GC(997)   Evacuate Collection Set: 21.7ms
[2024-08-28T13:04:32.233+0000][info][gc,phases      ] GC(997)   Post Evacuate Collection Set: 0.3ms
[2024-08-28T13:04:32.233+0000][info][gc,phases      ] GC(997)   Other: 0.2ms
[2024-08-28T13:04:32.233+0000][info][gc,heap        ] GC(997) Eden regions: 149->0(103)
[2024-08-28T13:04:32.233+0000][info][gc,heap        ] GC(997) Survivor regions: 0->19(19)
[2024-08-28T13:04:32.233+0000][info][gc,heap        ] GC(997) Old regions: 445->571
[2024-08-28T13:04:32.233+0000][info][gc,heap        ] GC(997) Archive regions: 2->2
[2024-08-28T13:04:32.233+0000][info][gc,heap        ] GC(997) Humongous regions: 5->5
[2024-08-28T13:04:32.233+0000][info][gc,metaspace   ] GC(997) Metaspace: 100K(320K)->100K(320K) NonClass: 96K(192K)->96K(192K) Class: 4K(128K)->4K(128K)
[2024-08-28T13:04:32.233+0000][info][gc             ] GC(997) Pause Young (Normal) (G1 Evacuation Pause) 586M->581M(1024M) 23.005ms
[2024-08-28T13:04:32.233+0000][info][gc,cpu         ] GC(997) User=0.53s Sys=0.00s Real=0.02s
[2024-08-28T13:04:32.290+0000][info][gc,start       ] GC(998) Pause Young (Concurrent Start) (G1 Evacuation Pause)
[2024-08-28T13:04:32.290+0000][info][gc,task        ] GC(998) Using 24 workers of 68 for evacuation
[2024-08-28T13:04:32.311+0000][info][gc,phases      ] GC(998)   Pre Evacuate Collection Set: 0.2ms
[2024-08-28T13:04:32.311+0000][info][gc,phases      ] GC(998)   Merge Heap Roots: 0.4ms
[2024-08-28T13:04:32.311+0000][info][gc,phases      ] GC(998)   Evacuate Collection Set: 18.9ms
[2024-08-28T13:04:32.311+0000][info][gc,phases      ] GC(998)   Post Evacuate Collection Set: 0.3ms
[2024-08-28T13:04:32.311+0000][info][gc,phases      ] GC(998)   Other: 0.6ms
[2024-08-28T13:04:32.311+0000][info][gc,heap        ] GC(998) Eden regions: 103->0(69)
[2024-08-28T13:04:32.311+0000][info][gc,heap        ] GC(998) Survivor regions: 19->16(16)
[2024-08-28T13:04:32.311+0000][info][gc,heap        ] GC(998) Old regions: 571->679
[2024-08-28T13:04:32.311+0000][info][gc,heap        ] GC(998) Archive regions: 2->2
[2024-08-28T13:04:32.311+0000][info][gc,heap        ] GC(998) Humongous regions: 5->5
[2024-08-28T13:04:32.311+0000][info][gc,metaspace   ] GC(998) Metaspace: 100K(320K)->100K(320K) NonClass: 96K(192K)->96K(192K) Class: 4K(128K)->4K(128K)
[2024-08-28T13:04:32.311+0000][info][gc             ] GC(998) Pause Young (Concurrent Start) (G1 Evacuation Pause) 684M->686M(1024M) 20.426ms
[2024-08-28T13:04:32.311+0000][info][gc,cpu         ] GC(998) User=0.46s Sys=0.00s Real=0.02s
[2024-08-28T13:04:32.311+0000][info][gc             ] GC(999) Concurrent Mark Cycle
[2024-08-28T13:04:32.311+0000][info][gc,marking     ] GC(999) Concurrent Clear Claimed Marks
[2024-08-28T13:04:32.311+0000][info][gc,marking     ] GC(999) Concurrent Clear Claimed Marks 0.009ms
[2024-08-28T13:04:32.311+0000][info][gc,marking     ] GC(999) Concurrent Scan Root Regions
[2024-08-28T13:04:32.314+0000][info][gc,marking     ] GC(999) Concurrent Scan Root Regions 3.514ms
[2024-08-28T13:04:32.314+0000][info][gc,marking     ] GC(999) Concurrent Mark
[2024-08-28T13:04:32.314+0000][info][gc,marking     ] GC(999) Concurrent Mark From Roots
[2024-08-28T13:04:32.314+0000][info][gc,task        ] GC(999) Using 17 workers of 17 for marking
[2024-08-28T13:04:32.335+0000][info][gc,marking     ] GC(999) Concurrent Mark From Roots 20.876ms
[2024-08-28T13:04:32.335+0000][info][gc,marking     ] GC(999) Concurrent Preclean
[2024-08-28T13:04:32.336+0000][info][gc,marking     ] GC(999) Concurrent Preclean 0.503ms
[2024-08-28T13:04:32.336+0000][info][gc,start       ] GC(999) Pause Remark
[2024-08-28T13:04:32.337+0000][info][gc             ] GC(999) Pause Remark 719M->719M(1024M) 1.184ms
[2024-08-28T13:04:32.337+0000][info][gc,cpu         ] GC(999) User=0.01s Sys=0.00s Real=0.00s
[2024-08-28T13:04:32.337+0000][info][gc,marking     ] GC(999) Concurrent Mark 22.907ms
[2024-08-28T13:04:32.337+0000][info][gc,marking     ] GC(999) Concurrent Rebuild Remembered Sets
[2024-08-28T13:04:32.358+0000][info][gc,start       ] GC(1000) Pause Young (Normal) (G1 Evacuation Pause)
[2024-08-28T13:04:32.358+0000][info][gc,task        ] GC(1000) Using 24 workers of 68 for evacuation
[2024-08-28T13:04:32.374+0000][info][gc,phases      ] GC(1000)   Pre Evacuate Collection Set: 0.2ms
[2024-08-28T13:04:32.374+0000][info][gc,phases      ] GC(1000)   Merge Heap Roots: 0.4ms
[2024-08-28T13:04:32.374+0000][info][gc,phases      ] GC(1000)   Evacuate Collection Set: 15.1ms
[2024-08-28T13:04:32.374+0000][info][gc,phases      ] GC(1000)   Post Evacuate Collection Set: 0.5ms
[2024-08-28T13:04:32.374+0000][info][gc,phases      ] GC(1000)   Other: 0.2ms
[2024-08-28T13:04:32.374+0000][info][gc,heap        ] GC(1000) Eden regions: 69->0(46)
[2024-08-28T13:04:32.374+0000][info][gc,heap        ] GC(1000) Survivor regions: 16->11(11)
[2024-08-28T13:04:32.374+0000][info][gc,heap        ] GC(1000) Old regions: 679->756
[2024-08-28T13:04:32.374+0000][info][gc,heap        ] GC(1000) Archive regions: 2->2
[2024-08-28T13:04:32.374+0000][info][gc,heap        ] GC(1000) Humongous regions: 5->5
[2024-08-28T13:04:32.374+0000][info][gc,metaspace   ] GC(1000) Metaspace: 100K(320K)->100K(320K) NonClass: 96K(192K)->96K(192K) Class: 4K(128K)->4K(128K)
[2024-08-28T13:04:32.374+0000][info][gc             ] GC(1000) Pause Young (Normal) (G1 Evacuation Pause) 755M->758M(1024M) 16.485ms
[2024-08-28T13:04:32.374+0000][info][gc,cpu         ] GC(1000) User=0.37s Sys=0.01s Real=0.01s
[2024-08-28T13:04:32.399+0000][info][gc,start       ] GC(1001) Pause Young (Normal) (G1 Evacuation Pause)
[2024-08-28T13:04:32.399+0000][info][gc,task        ] GC(1001) Using 24 workers of 68 for evacuation
[2024-08-28T13:04:32.419+0000][info][gc,phases      ] GC(1001)   Pre Evacuate Collection Set: 0.2ms
[2024-08-28T13:04:32.419+0000][info][gc,phases      ] GC(1001)   Merge Heap Roots: 0.5ms
[2024-08-28T13:04:32.419+0000][info][gc,phases      ] GC(1001)   Evacuate Collection Set: 18.4ms
[2024-08-28T13:04:32.419+0000][info][gc,phases      ] GC(1001)   Post Evacuate Collection Set: 0.6ms
[2024-08-28T13:04:32.419+0000][info][gc,phases      ] GC(1001)   Other: 0.3ms
[2024-08-28T13:04:32.419+0000][info][gc,heap        ] GC(1001) Eden regions: 46->0(43)
[2024-08-28T13:04:32.419+0000][info][gc,heap        ] GC(1001) Survivor regions: 11->8(8)
[2024-08-28T13:04:32.419+0000][info][gc,heap        ] GC(1001) Old regions: 756->809
[2024-08-28T13:04:32.419+0000][info][gc,heap        ] GC(1001) Archive regions: 2->2
[2024-08-28T13:04:32.419+0000][info][gc,heap        ] GC(1001) Humongous regions: 5->5
[2024-08-28T13:04:32.419+0000][info][gc,metaspace   ] GC(1001) Metaspace: 100K(320K)->100K(320K) NonClass: 96K(192K)->96K(192K) Class: 4K(128K)->4K(128K)
[2024-08-28T13:04:32.419+0000][info][gc             ] GC(1001) Pause Young (Normal) (G1 Evacuation Pause) 804M->809M(1024M) 19.980ms
[2024-08-28T13:04:32.419+0000][info][gc,cpu         ] GC(1001) User=0.46s Sys=0.00s Real=0.02s
[2024-08-28T13:04:32.439+0000][info][gc,marking     ] GC(999) Concurrent Rebuild Remembered Sets 101.959ms
[2024-08-28T13:04:32.440+0000][info][gc,start       ] GC(999) Pause Cleanup
[2024-08-28T13:04:32.441+0000][info][gc             ] GC(999) Pause Cleanup 846M->846M(1024M) 1.164ms
[2024-08-28T13:04:32.441+0000][info][gc,cpu         ] GC(999) User=0.00s Sys=0.00s Real=0.00s
[2024-08-28T13:04:32.441+0000][info][gc,marking     ] GC(999) Concurrent Cleanup for Next Mark
[2024-08-28T13:04:32.442+0000][info][gc,marking     ] GC(999) Concurrent Cleanup for Next Mark 0.734ms
[2024-08-28T13:04:32.442+0000][info][gc             ] GC(999) Concurrent Mark Cycle 130.766ms
[2024-08-28T13:04:32.446+0000][info][gc,start       ] GC(1002) Pause Young (Prepare Mixed) (G1 Evacuation Pause)
[2024-08-28T13:04:32.446+0000][info][gc,task        ] GC(1002) Using 24 workers of 68 for evacuation
[2024-08-28T13:04:32.461+0000][info][gc,phases      ] GC(1002)   Pre Evacuate Collection Set: 0.1ms
[2024-08-28T13:04:32.461+0000][info][gc,phases      ] GC(1002)   Merge Heap Roots: 0.5ms
[2024-08-28T13:04:32.461+0000][info][gc,phases      ] GC(1002)   Evacuate Collection Set: 13.9ms
[2024-08-28T13:04:32.461+0000][info][gc,phases      ] GC(1002)   Post Evacuate Collection Set: 0.3ms
[2024-08-28T13:04:32.461+0000][info][gc,phases      ] GC(1002)   Other: 0.2ms
[2024-08-28T13:04:32.461+0000][info][gc,heap        ] GC(1002) Eden regions: 43->0(44)
[2024-08-28T13:04:32.461+0000][info][gc,heap        ] GC(1002) Survivor regions: 8->7(7)
[2024-08-28T13:04:32.461+0000][info][gc,heap        ] GC(1002) Old regions: 809->856
[2024-08-28T13:04:32.461+0000][info][gc,heap        ] GC(1002) Archive regions: 2->2
[2024-08-28T13:04:32.461+0000][info][gc,heap        ] GC(1002) Humongous regions: 5->5
[2024-08-28T13:04:32.461+0000][info][gc,metaspace   ] GC(1002) Metaspace: 100K(320K)->100K(320K) NonClass: 96K(192K)->96K(192K) Class: 4K(128K)->4K(128K)
[2024-08-28T13:04:32.461+0000][info][gc             ] GC(1002) Pause Young (Prepare Mixed) (G1 Evacuation Pause) 852M->854M(1024M) 15.062ms
[2024-08-28T13:04:32.461+0000][info][gc,cpu         ] GC(1002) User=0.34s Sys=0.01s Real=0.02s
[2024-08-28T13:04:32.485+0000][info][gc,start       ] GC(1003) Pause Young (Mixed) (G1 Evacuation Pause)
[2024-08-28T13:04:32.485+0000][info][gc,task        ] GC(1003) Using 24 workers of 68 for evacuation
[2024-08-28T13:04:32.497+0000][info][gc,phases      ] GC(1003)   Pre Evacuate Collection Set: 0.2ms
[2024-08-28T13:04:32.498+0000][info][gc,phases      ] GC(1003)   Merge Heap Roots: 0.4ms
[2024-08-28T13:04:32.498+0000][info][gc,phases      ] GC(1003)   Evacuate Collection Set: 10.9ms
[2024-08-28T13:04:32.498+0000][info][gc,phases      ] GC(1003)   Post Evacuate Collection Set: 0.4ms
[2024-08-28T13:04:32.498+0000][info][gc,phases      ] GC(1003)   Other: 0.2ms
[2024-08-28T13:04:32.498+0000][info][gc,heap        ] GC(1003) Eden regions: 44->0(44)
[2024-08-28T13:04:32.498+0000][info][gc,heap        ] GC(1003) Survivor regions: 7->7(7)
[2024-08-28T13:04:32.498+0000][info][gc,heap        ] GC(1003) Old regions: 856->799
[2024-08-28T13:04:32.498+0000][info][gc,heap        ] GC(1003) Archive regions: 2->2
[2024-08-28T13:04:32.498+0000][info][gc,heap        ] GC(1003) Humongous regions: 5->5
[2024-08-28T13:04:32.498+0000][info][gc,metaspace   ] GC(1003) Metaspace: 100K(320K)->100K(320K) NonClass: 96K(192K)->96K(192K) Class: 4K(128K)->4K(128K)
[2024-08-28T13:04:32.498+0000][info][gc             ] GC(1003) Pause Young (Mixed) (G1 Evacuation Pause) 898M->803M(1024M) 12.264ms
[2024-08-28T13:04:32.498+0000][info][gc,cpu         ] GC(1003) User=0.27s Sys=0.00s Real=0.02s
[2024-08-28T13:04:32.522+0000][info][gc,start       ] GC(1004) Pause Young (Mixed) (G1 Evacuation Pause)
[2024-08-28T13:04:32.522+0000][info][gc,task        ] GC(1004) Using 24 workers of 68 for evacuation
[2024-08-28T13:04:32.535+0000][info][gc,phases      ] GC(1004)   Pre Evacuate Collection Set: 0.2ms
[2024-08-28T13:04:32.535+0000][info][gc,phases      ] GC(1004)   Merge Heap Roots: 0.5ms
[2024-08-28T13:04:32.535+0000][info][gc,phases      ] GC(1004)   Evacuate Collection Set: 11.4ms
[2024-08-28T13:04:32.535+0000][info][gc,phases      ] GC(1004)   Post Evacuate Collection Set: 0.4ms
[2024-08-28T13:04:32.535+0000][info][gc,phases      ] GC(1004)   Other: 0.2ms
[2024-08-28T13:04:32.535+0000][info][gc,heap        ] GC(1004) Eden regions: 44->0(49)
[2024-08-28T13:04:32.535+0000][info][gc,heap        ] GC(1004) Survivor regions: 7->7(7)
[2024-08-28T13:04:32.535+0000][info][gc,heap        ] GC(1004) Old regions: 799->751
[2024-08-28T13:04:32.535+0000][info][gc,heap        ] GC(1004) Archive regions: 2->2
[2024-08-28T13:04:32.535+0000][info][gc,heap        ] GC(1004) Humongous regions: 5->5
[2024-08-28T13:04:32.535+0000][info][gc,metaspace   ] GC(1004) Metaspace: 100K(320K)->100K(320K) NonClass: 96K(192K)->96K(192K) Class: 4K(128K)->4K(128K)
[2024-08-28T13:04:32.535+0000][info][gc             ] GC(1004) Pause Young (Mixed) (G1 Evacuation Pause) 847M->759M(1024M) 12.794ms
[2024-08-28T13:04:32.535+0000][info][gc,cpu         ] GC(1004) User=0.29s Sys=0.00s Real=0.01s
[2024-08-28T13:04:32.562+0000][info][gc,start       ] GC(1005) Pause Young (Concurrent Start) (G1 Evacuation Pause)
[2024-08-28T13:04:32.562+0000][info][gc,task        ] GC(1005) Using 24 workers of 68 for evacuation
[2024-08-28T13:04:32.574+0000][info][gc,phases      ] GC(1005)   Pre Evacuate Collection Set: 0.2ms
[2024-08-28T13:04:32.574+0000][info][gc,phases      ] GC(1005)   Merge Heap Roots: 0.4ms
[2024-08-28T13:04:32.574+0000][info][gc,phases      ] GC(1005)   Evacuate Collection Set: 10.6ms
[2024-08-28T13:04:32.574+0000][info][gc,phases      ] GC(1005)   Post Evacuate Collection Set: 0.3ms
[2024-08-28T13:04:32.574+0000][info][gc,phases      ] GC(1005)   Other: 0.7ms
[2024-08-28T13:04:32.574+0000][info][gc,heap        ] GC(1005) Eden regions: 49->0(44)
[2024-08-28T13:04:32.574+0000][info][gc,heap        ] GC(1005) Survivor regions: 7->7(7)
[2024-08-28T13:04:32.574+0000][info][gc,heap        ] GC(1005) Old regions: 751->802
[2024-08-28T13:04:32.574+0000][info][gc,heap        ] GC(1005) Archive regions: 2->2
[2024-08-28T13:04:32.574+0000][info][gc,heap        ] GC(1005) Humongous regions: 5->5
[2024-08-28T13:04:32.574+0000][info][gc,metaspace   ] GC(1005) Metaspace: 100K(320K)->100K(320K) NonClass: 96K(192K)->96K(192K) Class: 4K(128K)->4K(128K)
[2024-08-28T13:04:32.574+0000][info][gc             ] GC(1005) Pause Young (Concurrent Start) (G1 Evacuation Pause) 808M->810M(1024M) 12.368ms
[2024-08-28T13:04:32.574+0000][info][gc,cpu         ] GC(1005) User=0.26s Sys=0.01s Real=0.01s
[2024-08-28T13:04:32.574+0000][info][gc             ] GC(1006) Concurrent Mark Cycle
[2024-08-28T13:04:32.574+0000][info][gc,marking     ] GC(1006) Concurrent Clear Claimed Marks
[2024-08-28T13:04:32.574+0000][info][gc,marking     ] GC(1006) Concurrent Clear Claimed Marks 0.014ms
[2024-08-28T13:04:32.574+0000][info][gc,marking     ] GC(1006) Concurrent Scan Root Regions
[2024-08-28T13:04:32.576+0000][info][gc,marking     ] GC(1006) Concurrent Scan Root Regions 1.994ms
[2024-08-28T13:04:32.576+0000][info][gc,marking     ] GC(1006) Concurrent Mark
[2024-08-28T13:04:32.576+0000][info][gc,marking     ] GC(1006) Concurrent Mark From Roots
[2024-08-28T13:04:32.576+0000][info][gc,task        ] GC(1006) Using 17 workers of 17 for marking
[2024-08-28T13:04:32.600+0000][info][gc,marking     ] GC(1006) Concurrent Mark From Roots 24.103ms
[2024-08-28T13:04:32.600+0000][info][gc,marking     ] GC(1006) Concurrent Preclean
[2024-08-28T13:04:32.601+0000][info][gc,marking     ] GC(1006) Concurrent Preclean 0.856ms
[2024-08-28T13:04:32.602+0000][info][gc,start       ] GC(1006) Pause Remark
[2024-08-28T13:04:32.603+0000][info][gc             ] GC(1006) Pause Remark 846M->846M(1024M) 1.486ms
[2024-08-28T13:04:32.603+0000][info][gc,cpu         ] GC(1006) User=0.00s Sys=0.00s Real=0.00s
[2024-08-28T13:04:32.603+0000][info][gc,marking     ] GC(1006) Concurrent Mark 27.043ms
[2024-08-28T13:04:32.603+0000][info][gc,marking     ] GC(1006) Concurrent Rebuild Remembered Sets
[2024-08-28T13:04:32.609+0000][info][gc,start       ] GC(1007) Pause Young (Normal) (G1 Evacuation Pause)
[2024-08-28T13:04:32.609+0000][info][gc,task        ] GC(1007) Using 24 workers of 68 for evacuation
[2024-08-28T13:04:32.620+0000][info][gc,phases      ] GC(1007)   Pre Evacuate Collection Set: 0.1ms
[2024-08-28T13:04:32.620+0000][info][gc,phases      ] GC(1007)   Merge Heap Roots: 0.4ms
[2024-08-28T13:04:32.620+0000][info][gc,phases      ] GC(1007)   Evacuate Collection Set: 9.5ms
[2024-08-28T13:04:32.620+0000][info][gc,phases      ] GC(1007)   Post Evacuate Collection Set: 0.4ms
[2024-08-28T13:04:32.620+0000][info][gc,phases      ] GC(1007)   Other: 0.2ms
[2024-08-28T13:04:32.620+0000][info][gc,heap        ] GC(1007) Eden regions: 44->0(44)
[2024-08-28T13:04:32.620+0000][info][gc,heap        ] GC(1007) Survivor regions: 7->7(7)
[2024-08-28T13:04:32.620+0000][info][gc,heap        ] GC(1007) Old regions: 802->849
[2024-08-28T13:04:32.620+0000][info][gc,heap        ] GC(1007) Archive regions: 2->2
[2024-08-28T13:04:32.620+0000][info][gc,heap        ] GC(1007) Humongous regions: 5->5
[2024-08-28T13:04:32.620+0000][info][gc,metaspace   ] GC(1007) Metaspace: 100K(320K)->100K(320K) NonClass: 96K(192K)->96K(192K) Class: 4K(128K)->4K(128K)
[2024-08-28T13:04:32.620+0000][info][gc             ] GC(1007) Pause Young (Normal) (G1 Evacuation Pause) 854M->856M(1024M) 10.709ms
[2024-08-28T13:04:32.620+0000][info][gc,cpu         ] GC(1007) User=0.24s Sys=0.00s Real=0.02s
[2024-08-28T13:04:32.644+0000][info][gc,start       ] GC(1008) Pause Young (Normal) (G1 Evacuation Pause)
[2024-08-28T13:04:32.644+0000][info][gc,task        ] GC(1008) Using 24 workers of 68 for evacuation
[2024-08-28T13:04:32.658+0000][info][gc,phases      ] GC(1008)   Pre Evacuate Collection Set: 0.2ms
[2024-08-28T13:04:32.658+0000][info][gc,phases      ] GC(1008)   Merge Heap Roots: 0.4ms
[2024-08-28T13:04:32.658+0000][info][gc,phases      ] GC(1008)   Evacuate Collection Set: 13.0ms
[2024-08-28T13:04:32.658+0000][info][gc,phases      ] GC(1008)   Post Evacuate Collection Set: 0.5ms
[2024-08-28T13:04:32.659+0000][info][gc,phases      ] GC(1008)   Other: 0.2ms
[2024-08-28T13:04:32.659+0000][info][gc,heap        ] GC(1008) Eden regions: 44->0(44)
[2024-08-28T13:04:32.659+0000][info][gc,heap        ] GC(1008) Survivor regions: 7->7(7)
[2024-08-28T13:04:32.659+0000][info][gc,heap        ] GC(1008) Old regions: 849->895
[2024-08-28T13:04:32.659+0000][info][gc,heap        ] GC(1008) Archive regions: 2->2
[2024-08-28T13:04:32.659+0000][info][gc,heap        ] GC(1008) Humongous regions: 5->5
[2024-08-28T13:04:32.659+0000][info][gc,metaspace   ] GC(1008) Metaspace: 100K(320K)->100K(320K) NonClass: 96K(192K)->96K(192K) Class: 4K(128K)->4K(128K)
[2024-08-28T13:04:32.659+0000][info][gc             ] GC(1008) Pause Young (Normal) (G1 Evacuation Pause) 900M->903M(1024M) 14.460ms
[2024-08-28T13:04:32.659+0000][info][gc,cpu         ] GC(1008) User=0.33s Sys=0.00s Real=0.02s
[2024-08-28T13:04:32.683+0000][info][gc,start       ] GC(1009) Pause Young (Normal) (G1 Evacuation Pause)
[2024-08-28T13:04:32.683+0000][info][gc,task        ] GC(1009) Using 24 workers of 68 for evacuation
[2024-08-28T13:04:32.699+0000][info][gc,phases      ] GC(1009)   Pre Evacuate Collection Set: 0.2ms
[2024-08-28T13:04:32.699+0000][info][gc,phases      ] GC(1009)   Merge Heap Roots: 0.5ms
[2024-08-28T13:04:32.699+0000][info][gc,phases      ] GC(1009)   Evacuate Collection Set: 14.3ms
[2024-08-28T13:04:32.699+0000][info][gc,phases      ] GC(1009)   Post Evacuate Collection Set: 0.6ms
[2024-08-28T13:04:32.699+0000][info][gc,phases      ] GC(1009)   Other: 0.3ms
[2024-08-28T13:04:32.699+0000][info][gc,heap        ] GC(1009) Eden regions: 44->0(44)
[2024-08-28T13:04:32.699+0000][info][gc,heap        ] GC(1009) Survivor regions: 7->7(7)
[2024-08-28T13:04:32.699+0000][info][gc,heap        ] GC(1009) Old regions: 895->941
[2024-08-28T13:04:32.699+0000][info][gc,heap        ] GC(1009) Archive regions: 2->2
[2024-08-28T13:04:32.699+0000][info][gc,heap        ] GC(1009) Humongous regions: 5->5
[2024-08-28T13:04:32.699+0000][info][gc,metaspace   ] GC(1009) Metaspace: 100K(320K)->100K(320K) NonClass: 96K(192K)->96K(192K) Class: 4K(128K)->4K(128K)
[2024-08-28T13:04:32.699+0000][info][gc             ] GC(1009) Pause Young (Normal) (G1 Evacuation Pause) 947M->948M(1024M) 15.914ms
[2024-08-28T13:04:32.699+0000][info][gc,cpu         ] GC(1009) User=0.36s Sys=0.00s Real=0.02s
[2024-08-28T13:04:32.713+0000][info][gc,marking     ] GC(1006) Concurrent Rebuild Remembered Sets 110.111ms
[2024-08-28T13:04:32.714+0000][info][gc,start       ] GC(1006) Pause Cleanup
[2024-08-28T13:04:32.715+0000][info][gc             ] GC(1006) Pause Cleanup 972M->972M(1024M) 1.528ms
[2024-08-28T13:04:32.715+0000][info][gc,cpu         ] GC(1006) User=0.00s Sys=0.00s Real=0.00s
[2024-08-28T13:04:32.715+0000][info][gc,marking     ] GC(1006) Concurrent Cleanup for Next Mark
[2024-08-28T13:04:32.716+0000][info][gc,marking     ] GC(1006) Concurrent Cleanup for Next Mark 0.770ms
[2024-08-28T13:04:32.716+0000][info][gc             ] GC(1006) Concurrent Mark Cycle 141.967ms
[2024-08-28T13:04:32.720+0000][info][gc,start       ] GC(1010) Pause Young (Prepare Mixed) (G1 Preventive Collection)
[2024-08-28T13:04:32.720+0000][info][gc,task        ] GC(1010) Using 24 workers of 68 for evacuation
[2024-08-28T13:04:32.731+0000][info][gc,phases      ] GC(1010)   Pre Evacuate Collection Set: 0.1ms
[2024-08-28T13:04:32.731+0000][info][gc,phases      ] GC(1010)   Merge Heap Roots: 0.5ms
[2024-08-28T13:04:32.731+0000][info][gc,phases      ] GC(1010)   Evacuate Collection Set: 10.2ms
[2024-08-28T13:04:32.731+0000][info][gc,phases      ] GC(1010)   Post Evacuate Collection Set: 0.3ms
[2024-08-28T13:04:32.731+0000][info][gc,phases      ] GC(1010)   Other: 0.2ms
[2024-08-28T13:04:32.731+0000][info][gc,heap        ] GC(1010) Eden regions: 29->0(44)
[2024-08-28T13:04:32.731+0000][info][gc,heap        ] GC(1010) Survivor regions: 7->7(7)
[2024-08-28T13:04:32.731+0000][info][gc,heap        ] GC(1010) Old regions: 941->972
[2024-08-28T13:04:32.731+0000][info][gc,heap        ] GC(1010) Archive regions: 2->2
[2024-08-28T13:04:32.731+0000][info][gc,heap        ] GC(1010) Humongous regions: 5->5
[2024-08-28T13:04:32.731+0000][info][gc,metaspace   ] GC(1010) Metaspace: 100K(320K)->100K(320K) NonClass: 96K(192K)->96K(192K) Class: 4K(128K)->4K(128K)
[2024-08-28T13:04:32.731+0000][info][gc             ] GC(1010) Pause Young (Prepare Mixed) (G1 Preventive Collection) 977M->980M(1024M) 11.428ms
[2024-08-28T13:04:32.731+0000][info][gc,cpu         ] GC(1010) User=0.26s Sys=0.00s Real=0.01s
[2024-08-28T13:04:32.739+0000][info][gc,start       ] GC(1011) Pause Young (Mixed) (G1 Preventive Collection)
[2024-08-28T13:04:32.739+0000][info][gc,task        ] GC(1011) Using 24 workers of 68 for evacuation
[2024-08-28T13:04:32.745+0000][info][gc,phases      ] GC(1011)   Pre Evacuate Collection Set: 0.2ms
[2024-08-28T13:04:32.745+0000][info][gc,phases      ] GC(1011)   Merge Heap Roots: 0.3ms
[2024-08-28T13:04:32.745+0000][info][gc,phases      ] GC(1011)   Evacuate Collection Set: 5.2ms
[2024-08-28T13:04:32.745+0000][info][gc,phases      ] GC(1011)   Post Evacuate Collection Set: 0.3ms
[2024-08-28T13:04:32.745+0000][info][gc,phases      ] GC(1011)   Other: 0.2ms
[2024-08-28T13:04:32.745+0000][info][gc,heap        ] GC(1011) Eden regions: 14->0(44)
[2024-08-28T13:04:32.745+0000][info][gc,heap        ] GC(1011) Survivor regions: 7->7(7)
[2024-08-28T13:04:32.745+0000][info][gc,heap        ] GC(1011) Old regions: 972->886
[2024-08-28T13:04:32.745+0000][info][gc,heap        ] GC(1011) Archive regions: 2->2
[2024-08-28T13:04:32.745+0000][info][gc,heap        ] GC(1011) Humongous regions: 5->5
[2024-08-28T13:04:32.745+0000][info][gc,metaspace   ] GC(1011) Metaspace: 100K(320K)->100K(320K) NonClass: 96K(192K)->96K(192K) Class: 4K(128K)->4K(128K)
[2024-08-28T13:04:32.745+0000][info][gc             ] GC(1011) Pause Young (Mixed) (G1 Preventive Collection) 994M->896M(1024M) 6.198ms
[2024-08-28T13:04:32.745+0000][info][gc,cpu         ] GC(1011) User=0.13s Sys=0.00s Real=0.00s
[2024-08-28T13:04:32.768+0000][info][gc,start       ] GC(1012) Pause Young (Mixed) (G1 Evacuation Pause)
[2024-08-28T13:04:32.768+0000][info][gc,task        ] GC(1012) Using 24 workers of 68 for evacuation
[2024-08-28T13:04:32.779+0000][info][gc,phases      ] GC(1012)   Pre Evacuate Collection Set: 0.2ms
[2024-08-28T13:04:32.779+0000][info][gc,phases      ] GC(1012)   Merge Heap Roots: 0.4ms
[2024-08-28T13:04:32.779+0000][info][gc,phases      ] GC(1012)   Evacuate Collection Set: 9.7ms
[2024-08-28T13:04:32.779+0000][info][gc,phases      ] GC(1012)   Post Evacuate Collection Set: 0.4ms
[2024-08-28T13:04:32.779+0000][info][gc,phases      ] GC(1012)   Other: 0.2ms
[2024-08-28T13:04:32.779+0000][info][gc,heap        ] GC(1012) Eden regions: 44->0(44)
[2024-08-28T13:04:32.779+0000][info][gc,heap        ] GC(1012) Survivor regions: 7->7(7)
[2024-08-28T13:04:32.779+0000][info][gc,heap        ] GC(1012) Old regions: 886->827
[2024-08-28T13:04:32.779+0000][info][gc,heap        ] GC(1012) Archive regions: 2->2
[2024-08-28T13:04:32.779+0000][info][gc,heap        ] GC(1012) Humongous regions: 5->5
[2024-08-28T13:04:32.779+0000][info][gc,metaspace   ] GC(1012) Metaspace: 100K(320K)->100K(320K) NonClass: 96K(192K)->96K(192K) Class: 4K(128K)->4K(128K)
[2024-08-28T13:04:32.779+0000][info][gc             ] GC(1012) Pause Young (Mixed) (G1 Evacuation Pause) 940M->839M(1024M) 11.012ms
[2024-08-28T13:04:32.779+0000][info][gc,cpu         ] GC(1012) User=0.24s Sys=0.00s Real=0.02s
[2024-08-28T13:04:32.802+0000][info][gc,start       ] GC(1013) Pause Young (Mixed) (G1 Evacuation Pause)
[2024-08-28T13:04:32.802+0000][info][gc,task        ] GC(1013) Using 24 workers of 68 for evacuation
[2024-08-28T13:04:32.816+0000][info][gc,phases      ] GC(1013)   Pre Evacuate Collection Set: 0.2ms
[2024-08-28T13:04:32.816+0000][info][gc,phases      ] GC(1013)   Merge Heap Roots: 0.5ms
[2024-08-28T13:04:32.816+0000][info][gc,phases      ] GC(1013)   Evacuate Collection Set: 12.4ms
[2024-08-28T13:04:32.816+0000][info][gc,phases      ] GC(1013)   Post Evacuate Collection Set: 0.4ms
[2024-08-28T13:04:32.816+0000][info][gc,phases      ] GC(1013)   Other: 0.2ms
[2024-08-28T13:04:32.816+0000][info][gc,heap        ] GC(1013) Eden regions: 44->0(44)
[2024-08-28T13:04:32.816+0000][info][gc,heap        ] GC(1013) Survivor regions: 7->7(7)
[2024-08-28T13:04:32.816+0000][info][gc,heap        ] GC(1013) Old regions: 827->789
[2024-08-28T13:04:32.816+0000][info][gc,heap        ] GC(1013) Archive regions: 2->2
[2024-08-28T13:04:32.816+0000][info][gc,heap        ] GC(1013) Humongous regions: 5->5
[2024-08-28T13:04:32.816+0000][info][gc,metaspace   ] GC(1013) Metaspace: 100K(320K)->100K(320K) NonClass: 96K(192K)->96K(192K) Class: 4K(128K)->4K(128K)
[2024-08-28T13:04:32.816+0000][info][gc             ] GC(1013) Pause Young (Mixed) (G1 Evacuation Pause) 883M->801M(1024M) 13.740ms
[2024-08-28T13:04:32.816+0000][info][gc,cpu         ] GC(1013) User=0.31s Sys=0.00s Real=0.01s
[2024-08-28T13:04:32.839+0000][info][gc,start       ] GC(1014) Pause Young (Mixed) (G1 Evacuation Pause)
[2024-08-28T13:04:32.839+0000][info][gc,task        ] GC(1014) Using 24 workers of 68 for evacuation
[2024-08-28T13:04:32.853+0000][info][gc,phases      ] GC(1014)   Pre Evacuate Collection Set: 0.2ms
[2024-08-28T13:04:32.853+0000][info][gc,phases      ] GC(1014)   Merge Heap Roots: 0.4ms
[2024-08-28T13:04:32.853+0000][info][gc,phases      ] GC(1014)   Evacuate Collection Set: 12.1ms
[2024-08-28T13:04:32.853+0000][info][gc,phases      ] GC(1014)   Post Evacuate Collection Set: 0.3ms
[2024-08-28T13:04:32.853+0000][info][gc,phases      ] GC(1014)   Other: 0.3ms
[2024-08-28T13:04:32.853+0000][info][gc,heap        ] GC(1014) Eden regions: 44->0(44)
[2024-08-28T13:04:32.853+0000][info][gc,heap        ] GC(1014) Survivor regions: 7->7(7)
[2024-08-28T13:04:32.853+0000][info][gc,heap        ] GC(1014) Old regions: 789->811
[2024-08-28T13:04:32.853+0000][info][gc,heap        ] GC(1014) Archive regions: 2->2
[2024-08-28T13:04:32.853+0000][info][gc,heap        ] GC(1014) Humongous regions: 5->5
[2024-08-28T13:04:32.853+0000][info][gc,metaspace   ] GC(1014) Metaspace: 100K(320K)->100K(320K) NonClass: 96K(192K)->96K(192K) Class: 4K(128K)->4K(128K)
[2024-08-28T13:04:32.853+0000][info][gc             ] GC(1014) Pause Young (Mixed) (G1 Evacuation Pause) 845M->823M(1024M) 13.363ms
[2024-08-28T13:04:32.853+0000][info][gc,cpu         ] GC(1014) User=0.30s Sys=0.00s Real=0.01s
[2024-08-28T13:04:32.876+0000][info][gc,start       ] GC(1015) Pause Young (Concurrent Start) (G1 Evacuation Pause)
[2024-08-28T13:04:32.876+0000][info][gc,task        ] GC(1015) Using 24 workers of 68 for evacuation
[2024-08-28T13:04:32.888+0000][info][gc,phases      ] GC(1015)   Pre Evacuate Collection Set: 0.2ms
[2024-08-28T13:04:32.888+0000][info][gc,phases      ] GC(1015)   Merge Heap Roots: 0.4ms
[2024-08-28T13:04:32.888+0000][info][gc,phases      ] GC(1015)   Evacuate Collection Set: 10.4ms
[2024-08-28T13:04:32.888+0000][info][gc,phases      ] GC(1015)   Post Evacuate Collection Set: 0.3ms
[2024-08-28T13:04:32.888+0000][info][gc,phases      ] GC(1015)   Other: 0.6ms
[2024-08-28T13:04:32.888+0000][info][gc,heap        ] GC(1015) Eden regions: 44->0(44)
[2024-08-28T13:04:32.888+0000][info][gc,heap        ] GC(1015) Survivor regions: 7->7(7)
[2024-08-28T13:04:32.888+0000][info][gc,heap        ] GC(1015) Old regions: 811->860
[2024-08-28T13:04:32.888+0000][info][gc,heap        ] GC(1015) Archive regions: 2->2
[2024-08-28T13:04:32.888+0000][info][gc,heap        ] GC(1015) Humongous regions: 5->5
[2024-08-28T13:04:32.888+0000][info][gc,metaspace   ] GC(1015) Metaspace: 100K(320K)->100K(320K) NonClass: 96K(192K)->96K(192K) Class: 4K(128K)->4K(128K)
[2024-08-28T13:04:32.888+0000][info][gc             ] GC(1015) Pause Young (Concurrent Start) (G1 Evacuation Pause) 867M->872M(1024M) 11.893ms
[2024-08-28T13:04:32.888+0000][info][gc,cpu         ] GC(1015) User=0.26s Sys=0.00s Real=0.01s
[2024-08-28T13:04:32.888+0000][info][gc             ] GC(1016) Concurrent Mark Cycle
[2024-08-28T13:04:32.888+0000][info][gc,marking     ] GC(1016) Concurrent Clear Claimed Marks
[2024-08-28T13:04:32.888+0000][info][gc,marking     ] GC(1016) Concurrent Clear Claimed Marks 0.009ms
[2024-08-28T13:04:32.888+0000][info][gc,marking     ] GC(1016) Concurrent Scan Root Regions
[2024-08-28T13:04:32.890+0000][info][gc,marking     ] GC(1016) Concurrent Scan Root Regions 1.616ms
[2024-08-28T13:04:32.890+0000][info][gc,marking     ] GC(1016) Concurrent Mark
[2024-08-28T13:04:32.890+0000][info][gc,marking     ] GC(1016) Concurrent Mark From Roots
[2024-08-28T13:04:32.890+0000][info][gc,task        ] GC(1016) Using 17 workers of 17 for marking
[2024-08-28T13:04:32.915+0000][info][gc,marking     ] GC(1016) Concurrent Mark From Roots 24.778ms
[2024-08-28T13:04:32.915+0000][info][gc,marking     ] GC(1016) Concurrent Preclean
[2024-08-28T13:04:32.915+0000][info][gc,marking     ] GC(1016) Concurrent Preclean 0.504ms
[2024-08-28T13:04:32.916+0000][info][gc,start       ] GC(1016) Pause Remark
[2024-08-28T13:04:32.917+0000][info][gc             ] GC(1016) Pause Remark 908M->908M(1024M) 1.219ms
[2024-08-28T13:04:32.917+0000][info][gc,cpu         ] GC(1016) User=0.01s Sys=0.00s Real=0.00s
[2024-08-28T13:04:32.917+0000][info][gc,marking     ] GC(1016) Concurrent Mark 26.862ms
[2024-08-28T13:04:32.917+0000][info][gc,marking     ] GC(1016) Concurrent Rebuild Remembered Sets
[2024-08-28T13:04:32.922+0000][info][gc,start       ] GC(1017) Pause Young (Normal) (G1 Evacuation Pause)
[2024-08-28T13:04:32.922+0000][info][gc,task        ] GC(1017) Using 24 workers of 68 for evacuation
[2024-08-28T13:04:32.932+0000][info][gc,phases      ] GC(1017)   Pre Evacuate Collection Set: 0.1ms
[2024-08-28T13:04:32.932+0000][info][gc,phases      ] GC(1017)   Merge Heap Roots: 0.4ms
[2024-08-28T13:04:32.932+0000][info][gc,phases      ] GC(1017)   Evacuate Collection Set: 9.5ms
[2024-08-28T13:04:32.932+0000][info][gc,phases      ] GC(1017)   Post Evacuate Collection Set: 0.4ms
[2024-08-28T13:04:32.932+0000][info][gc,phases      ] GC(1017)   Other: 0.2ms
[2024-08-28T13:04:32.932+0000][info][gc,heap        ] GC(1017) Eden regions: 44->0(44)
[2024-08-28T13:04:32.932+0000][info][gc,heap        ] GC(1017) Survivor regions: 7->7(7)
[2024-08-28T13:04:32.932+0000][info][gc,heap        ] GC(1017) Old regions: 860->906
[2024-08-28T13:04:32.932+0000][info][gc,heap        ] GC(1017) Archive regions: 2->2
[2024-08-28T13:04:32.932+0000][info][gc,heap        ] GC(1017) Humongous regions: 5->5
[2024-08-28T13:04:32.932+0000][info][gc,metaspace   ] GC(1017) Metaspace: 100K(320K)->100K(320K) NonClass: 96K(192K)->96K(192K) Class: 4K(128K)->4K(128K)
[2024-08-28T13:04:32.932+0000][info][gc             ] GC(1017) Pause Young (Normal) (G1 Evacuation Pause) 916M->918M(1024M) 10.624ms
[2024-08-28T13:04:32.932+0000][info][gc,cpu         ] GC(1017) User=0.23s Sys=0.00s Real=0.01s
[2024-08-28T13:04:32.957+0000][info][gc,start       ] GC(1018) Pause Young (Normal) (G1 Evacuation Pause)
[2024-08-28T13:04:32.957+0000][info][gc,task        ] GC(1018) Using 24 workers of 68 for evacuation
[2024-08-28T13:04:32.971+0000][info][gc,phases      ] GC(1018)   Pre Evacuate Collection Set: 0.2ms
[2024-08-28T13:04:32.971+0000][info][gc,phases      ] GC(1018)   Merge Heap Roots: 0.5ms
[2024-08-28T13:04:32.971+0000][info][gc,phases      ] GC(1018)   Evacuate Collection Set: 13.5ms
[2024-08-28T13:04:32.971+0000][info][gc,phases      ] GC(1018)   Post Evacuate Collection Set: 0.5ms
[2024-08-28T13:04:32.971+0000][info][gc,phases      ] GC(1018)   Other: 0.2ms
[2024-08-28T13:04:32.971+0000][info][gc,heap        ] GC(1018) Eden regions: 44->0(44)
[2024-08-28T13:04:32.971+0000][info][gc,heap        ] GC(1018) Survivor regions: 7->7(7)
[2024-08-28T13:04:32.971+0000][info][gc,heap        ] GC(1018) Old regions: 906->953
[2024-08-28T13:04:32.971+0000][info][gc,heap        ] GC(1018) Archive regions: 2->2
[2024-08-28T13:04:32.971+0000][info][gc,heap        ] GC(1018) Humongous regions: 5->5
[2024-08-28T13:04:32.971+0000][info][gc,metaspace   ] GC(1018) Metaspace: 100K(320K)->100K(320K) NonClass: 96K(192K)->96K(192K) Class: 4K(128K)->4K(128K)
[2024-08-28T13:04:32.971+0000][info][gc             ] GC(1018) Pause Young (Normal) (G1 Evacuation Pause) 962M->965M(1024M) 14.980ms
[2024-08-28T13:04:32.972+0000][info][gc,cpu         ] GC(1018) User=0.34s Sys=0.00s Real=0.02s
[2024-08-28T13:04:32.984+0000][info][gc,start       ] GC(1019) Pause Young (Normal) (G1 Preventive Collection)
[2024-08-28T13:04:32.984+0000][info][gc,task        ] GC(1019) Using 24 workers of 68 for evacuation
[2024-08-28T13:04:32.996+0000][info][gc,phases      ] GC(1019)   Pre Evacuate Collection Set: 0.1ms
[2024-08-28T13:04:32.996+0000][info][gc,phases      ] GC(1019)   Merge Heap Roots: 0.5ms
[2024-08-28T13:04:32.996+0000][info][gc,phases      ] GC(1019)   Evacuate Collection Set: 10.7ms
[2024-08-28T13:04:32.996+0000][info][gc,phases      ] GC(1019)   Post Evacuate Collection Set: 0.6ms
[2024-08-28T13:04:32.996+0000][info][gc,phases      ] GC(1019)   Other: 0.2ms
[2024-08-28T13:04:32.996+0000][info][gc,heap        ] GC(1019) Eden regions: 23->0(44)
[2024-08-28T13:04:32.996+0000][info][gc,heap        ] GC(1019) Survivor regions: 7->7(7)
[2024-08-28T13:04:32.997+0000][info][gc,heap        ] GC(1019) Old regions: 953->979
[2024-08-28T13:04:32.997+0000][info][gc,heap        ] GC(1019) Archive regions: 2->2
[2024-08-28T13:04:32.997+0000][info][gc,heap        ] GC(1019) Humongous regions: 5->5
[2024-08-28T13:04:32.997+0000][info][gc,metaspace   ] GC(1019) Metaspace: 100K(320K)->100K(320K) NonClass: 96K(192K)->96K(192K) Class: 4K(128K)->4K(128K)
[2024-08-28T13:04:32.997+0000][info][gc             ] GC(1019) Pause Young (Normal) (G1 Preventive Collection) 988M->991M(1024M) 12.164ms
[2024-08-28T13:04:32.997+0000][info][gc,cpu         ] GC(1019) User=0.28s Sys=0.00s Real=0.01s
[2024-08-28T13:04:33.003+0000][info][gc,start       ] GC(1020) Pause Young (Normal) (G1 Preventive Collection)
[2024-08-28T13:04:33.003+0000][info][gc,task        ] GC(1020) Using 24 workers of 68 for evacuation
[2024-08-28T13:04:33.013+0000][info][gc             ] GC(1020) To-space exhausted
[2024-08-28T13:04:33.013+0000][info][gc,phases      ] GC(1020)   Pre Evacuate Collection Set: 0.1ms
[2024-08-28T13:04:33.013+0000][info][gc,phases      ] GC(1020)   Merge Heap Roots: 0.6ms
[2024-08-28T13:04:33.013+0000][info][gc,phases      ] GC(1020)   Evacuate Collection Set: 8.5ms
[2024-08-28T13:04:33.013+0000][info][gc,phases      ] GC(1020)   Post Evacuate Collection Set: 0.8ms
[2024-08-28T13:04:33.013+0000][info][gc,phases      ] GC(1020)   Other: 0.2ms
[2024-08-28T13:04:33.013+0000][info][gc,heap        ] GC(1020) Eden regions: 11->0(44)
[2024-08-28T13:04:33.013+0000][info][gc,heap        ] GC(1020) Survivor regions: 7->7(7)
[2024-08-28T13:04:33.013+0000][info][gc,heap        ] GC(1020) Old regions: 979->1005
[2024-08-28T13:04:33.013+0000][info][gc,heap        ] GC(1020) Archive regions: 2->2
[2024-08-28T13:04:33.013+0000][info][gc,heap        ] GC(1020) Humongous regions: 5->5
[2024-08-28T13:04:33.013+0000][info][gc,metaspace   ] GC(1020) Metaspace: 100K(320K)->100K(320K) NonClass: 96K(192K)->96K(192K) Class: 4K(128K)->4K(128K)
[2024-08-28T13:04:33.013+0000][info][gc             ] GC(1020) Pause Young (Normal) (G1 Preventive Collection) 1002M->1017M(1024M) 10.225ms
[2024-08-28T13:04:33.013+0000][info][gc,cpu         ] GC(1020) User=0.23s Sys=0.01s Real=0.01s
[2024-08-28T13:04:33.014+0000][info][gc,start       ] GC(1021) Pause Young (Normal) (G1 Preventive Collection)
[2024-08-28T13:04:33.014+0000][info][gc,task        ] GC(1021) Using 24 workers of 68 for evacuation
[2024-08-28T13:04:33.022+0000][info][gc             ] GC(1021) To-space exhausted
[2024-08-28T13:04:33.022+0000][info][gc,phases      ] GC(1021)   Pre Evacuate Collection Set: 0.1ms
[2024-08-28T13:04:33.022+0000][info][gc,phases      ] GC(1021)   Merge Heap Roots: 0.5ms
[2024-08-28T13:04:33.022+0000][info][gc,phases      ] GC(1021)   Evacuate Collection Set: 6.3ms
[2024-08-28T13:04:33.022+0000][info][gc,phases      ] GC(1021)   Post Evacuate Collection Set: 0.8ms
[2024-08-28T13:04:33.022+0000][info][gc,phases      ] GC(1021)   Other: 0.1ms
[2024-08-28T13:04:33.022+0000][info][gc,heap        ] GC(1021) Eden regions: 1->0(50)
[2024-08-28T13:04:33.022+0000][info][gc,heap        ] GC(1021) Survivor regions: 7->1(4)
[2024-08-28T13:04:33.022+0000][info][gc,heap        ] GC(1021) Old regions: 1005->1016
[2024-08-28T13:04:33.022+0000][info][gc,heap        ] GC(1021) Archive regions: 2->2
[2024-08-28T13:04:33.022+0000][info][gc,heap        ] GC(1021) Humongous regions: 5->5
[2024-08-28T13:04:33.022+0000][info][gc,metaspace   ] GC(1021) Metaspace: 100K(320K)->100K(320K) NonClass: 96K(192K)->96K(192K) Class: 4K(128K)->4K(128K)
[2024-08-28T13:04:33.022+0000][info][gc             ] GC(1021) Pause Young (Normal) (G1 Preventive Collection) 1018M->1022M(1024M) 8.027ms
[2024-08-28T13:04:33.022+0000][info][gc,cpu         ] GC(1021) User=0.17s Sys=0.00s Real=0.01s
[2024-08-28T13:04:33.022+0000][info][gc,ergo        ] Attempting full compaction
[2024-08-28T13:04:33.022+0000][info][gc,task        ] GC(1022) Using 24 workers of 68 for full compaction
[2024-08-28T13:04:33.022+0000][info][gc,start       ] GC(1022) Pause Full (G1 Compaction Pause)
[2024-08-28T13:04:33.023+0000][info][gc,phases,start] GC(1022) Phase 1: Mark live objects
[2024-08-28T13:04:33.039+0000][info][gc,phases      ] GC(1022) Phase 1: Mark live objects 15.421ms
[2024-08-28T13:04:33.039+0000][info][gc,phases,start] GC(1022) Phase 2: Prepare for compaction
[2024-08-28T13:04:33.048+0000][info][gc,phases      ] GC(1022) Phase 2: Prepare for compaction 9.278ms
[2024-08-28T13:04:33.048+0000][info][gc,phases,start] GC(1022) Phase 3: Adjust pointers
[2024-08-28T13:04:33.066+0000][info][gc,phases      ] GC(1022) Phase 3: Adjust pointers 17.587ms
[2024-08-28T13:04:33.066+0000][info][gc,phases,start] GC(1022) Phase 4: Compact heap
[2024-08-28T13:04:33.097+0000][info][gc,phases      ] GC(1022) Phase 4: Compact heap 31.371ms
[2024-08-28T13:04:33.098+0000][info][gc,heap        ] GC(1022) Eden regions: 0->0(149)
[2024-08-28T13:04:33.098+0000][info][gc,heap        ] GC(1022) Survivor regions: 1->0(4)
[2024-08-28T13:04:33.098+0000][info][gc,heap        ] GC(1022) Old regions: 1016->444
[2024-08-28T13:04:33.098+0000][info][gc,heap        ] GC(1022) Archive regions: 2->2
[2024-08-28T13:04:33.098+0000][info][gc,heap        ] GC(1022) Humongous regions: 5->5
[2024-08-28T13:04:33.098+0000][info][gc,metaspace   ] GC(1022) Metaspace: 100K(320K)->100K(320K) NonClass: 96K(192K)->96K(192K) Class: 4K(128K)->4K(128K)
[2024-08-28T13:04:33.098+0000][info][gc             ] GC(1022) Pause Full (G1 Compaction Pause) 1022M->435M(1024M) 75.974ms
[2024-08-28T13:04:33.099+0000][info][gc,cpu         ] GC(1022) User=1.60s Sys=0.00s Real=0.08s
[2024-08-28T13:04:33.099+0000][info][gc,marking     ] GC(1016) Concurrent Rebuild Remembered Sets 181.837ms
[2024-08-28T13:04:33.099+0000][info][gc,marking     ] GC(1016) Concurrent Mark Abort
[2024-08-28T13:04:33.099+0000][info][gc             ] GC(1016) Concurrent Mark Cycle 210.424ms
[2024-08-28T13:04:33.186+0000][info][gc,start       ] GC(1023) Pause Young (Normal) (G1 Evacuation Pause)
[2024-08-28T13:04:33.186+0000][info][gc,task        ] GC(1023) Using 24 workers of 68 for evacuation
[2024-08-28T13:04:33.209+0000][info][gc,phases      ] GC(1023)   Pre Evacuate Collection Set: 0.2ms
[2024-08-28T13:04:33.209+0000][info][gc,phases      ] GC(1023)   Merge Heap Roots: 0.4ms
[2024-08-28T13:04:33.209+0000][info][gc,phases      ] GC(1023)   Evacuate Collection Set: 21.7ms
[2024-08-28T13:04:33.209+0000][info][gc,phases      ] GC(1023)   Post Evacuate Collection Set: 0.4ms
[2024-08-28T13:04:33.209+0000][info][gc,phases      ] GC(1023)   Other: 0.3ms
[2024-08-28T13:04:33.209+0000][info][gc,heap        ] GC(1023) Eden regions: 149->0(103)
[2024-08-28T13:04:33.209+0000][info][gc,heap        ] GC(1023) Survivor regions: 0->19(19)
[2024-08-28T13:04:33.209+0000][info][gc,heap        ] GC(1023) Old regions: 444->570
[2024-08-28T13:04:33.209+0000][info][gc,heap        ] GC(1023) Archive regions: 2->2
[2024-08-28T13:04:33.209+0000][info][gc,heap        ] GC(1023) Humongous regions: 5->5
[2024-08-28T13:04:33.209+0000][info][gc,metaspace   ] GC(1023) Metaspace: 100K(320K)->100K(320K) NonClass: 96K(192K)->96K(192K) Class: 4K(128K)->4K(128K)
[2024-08-28T13:04:33.209+0000][info][gc             ] GC(1023) Pause Young (Normal) (G1 Evacuation Pause) 584M->580M(1024M) 22.969ms
[2024-08-28T13:04:33.209+0000][info][gc,cpu         ] GC(1023) User=0.52s Sys=0.00s Real=0.02s
[2024-08-28T13:04:33.266+0000][info][gc,start       ] GC(1024) Pause Young (Concurrent Start) (G1 Evacuation Pause)
[2024-08-28T13:04:33.266+0000][info][gc,task        ] GC(1024) Using 24 workers of 68 for evacuation
[2024-08-28T13:04:33.286+0000][info][gc,phases      ] GC(1024)   Pre Evacuate Collection Set: 0.2ms
[2024-08-28T13:04:33.286+0000][info][gc,phases      ] GC(1024)   Merge Heap Roots: 0.4ms
[2024-08-28T13:04:33.286+0000][info][gc,phases      ] GC(1024)   Evacuate Collection Set: 18.7ms
[2024-08-28T13:04:33.286+0000][info][gc,phases      ] GC(1024)   Post Evacuate Collection Set: 0.3ms
[2024-08-28T13:04:33.286+0000][info][gc,phases      ] GC(1024)   Other: 0.8ms
[2024-08-28T13:04:33.286+0000][info][gc,heap        ] GC(1024) Eden regions: 103->0(70)
[2024-08-28T13:04:33.286+0000][info][gc,heap        ] GC(1024) Survivor regions: 19->16(16)
[2024-08-28T13:04:33.286+0000][info][gc,heap        ] GC(1024) Old regions: 570->677
[2024-08-28T13:04:33.286+0000][info][gc,heap        ] GC(1024) Archive regions: 2->2
[2024-08-28T13:04:33.286+0000][info][gc,heap        ] GC(1024) Humongous regions: 5->5
[2024-08-28T13:04:33.286+0000][info][gc,metaspace   ] GC(1024) Metaspace: 100K(320K)->100K(320K) NonClass: 96K(192K)->96K(192K) Class: 4K(128K)->4K(128K)
[2024-08-28T13:04:33.286+0000][info][gc             ] GC(1024) Pause Young (Concurrent Start) (G1 Evacuation Pause) 683M->684M(1024M) 20.449ms
[2024-08-28T13:04:33.286+0000][info][gc,cpu         ] GC(1024) User=0.46s Sys=0.00s Real=0.02s
[2024-08-28T13:04:33.286+0000][info][gc             ] GC(1025) Concurrent Mark Cycle
[2024-08-28T13:04:33.286+0000][info][gc,marking     ] GC(1025) Concurrent Clear Claimed Marks
[2024-08-28T13:04:33.286+0000][info][gc,marking     ] GC(1025) Concurrent Clear Claimed Marks 0.010ms
[2024-08-28T13:04:33.286+0000][info][gc,marking     ] GC(1025) Concurrent Scan Root Regions
[2024-08-28T13:04:33.290+0000][info][gc,marking     ] GC(1025) Concurrent Scan Root Regions 3.719ms
[2024-08-28T13:04:33.290+0000][info][gc,marking     ] GC(1025) Concurrent Mark
[2024-08-28T13:04:33.290+0000][info][gc,marking     ] GC(1025) Concurrent Mark From Roots
[2024-08-28T13:04:33.290+0000][info][gc,task        ] GC(1025) Using 17 workers of 17 for marking
[2024-08-28T13:04:33.311+0000][info][gc,marking     ] GC(1025) Concurrent Mark From Roots 20.771ms
[2024-08-28T13:04:33.311+0000][info][gc,marking     ] GC(1025) Concurrent Preclean
[2024-08-28T13:04:33.311+0000][info][gc,marking     ] GC(1025) Concurrent Preclean 0.503ms
[2024-08-28T13:04:33.312+0000][info][gc,start       ] GC(1025) Pause Remark
[2024-08-28T13:04:33.313+0000][info][gc             ] GC(1025) Pause Remark 716M->716M(1024M) 1.235ms
[2024-08-28T13:04:33.313+0000][info][gc,cpu         ] GC(1025) User=0.01s Sys=0.00s Real=0.00s
[2024-08-28T13:04:33.313+0000][info][gc,marking     ] GC(1025) Concurrent Mark 22.861ms
[2024-08-28T13:04:33.313+0000][info][gc,marking     ] GC(1025) Concurrent Rebuild Remembered Sets
[2024-08-28T13:04:33.335+0000][info][gc,start       ] GC(1026) Pause Young (Normal) (G1 Evacuation Pause)
[2024-08-28T13:04:33.335+0000][info][gc,task        ] GC(1026) Using 24 workers of 68 for evacuation
[2024-08-28T13:04:33.352+0000][info][gc,phases      ] GC(1026)   Pre Evacuate Collection Set: 0.1ms
[2024-08-28T13:04:33.352+0000][info][gc,phases      ] GC(1026)   Merge Heap Roots: 0.4ms
[2024-08-28T13:04:33.352+0000][info][gc,phases      ] GC(1026)   Evacuate Collection Set: 16.1ms
[2024-08-28T13:04:33.352+0000][info][gc,phases      ] GC(1026)   Post Evacuate Collection Set: 0.5ms
[2024-08-28T13:04:33.352+0000][info][gc,phases      ] GC(1026)   Other: 0.3ms
[2024-08-28T13:04:33.352+0000][info][gc,heap        ] GC(1026) Eden regions: 70->0(46)
[2024-08-28T13:04:33.352+0000][info][gc,heap        ] GC(1026) Survivor regions: 16->11(11)
[2024-08-28T13:04:33.352+0000][info][gc,heap        ] GC(1026) Old regions: 677->754
[2024-08-28T13:04:33.352+0000][info][gc,heap        ] GC(1026) Archive regions: 2->2
[2024-08-28T13:04:33.352+0000][info][gc,heap        ] GC(1026) Humongous regions: 5->5
[2024-08-28T13:04:33.352+0000][info][gc,metaspace   ] GC(1026) Metaspace: 100K(320K)->100K(320K) NonClass: 96K(192K)->96K(192K) Class: 4K(128K)->4K(128K)
[2024-08-28T13:04:33.352+0000][info][gc             ] GC(1026) Pause Young (Normal) (G1 Evacuation Pause) 754M->756M(1024M) 17.458ms
[2024-08-28T13:04:33.352+0000][info][gc,cpu         ] GC(1026) User=0.40s Sys=0.00s Real=0.02s
[2024-08-28T13:04:33.377+0000][info][gc,start       ] GC(1027) Pause Young (Normal) (G1 Evacuation Pause)
[2024-08-28T13:04:33.377+0000][info][gc,task        ] GC(1027) Using 24 workers of 68 for evacuation
[2024-08-28T13:04:33.397+0000][info][gc,phases      ] GC(1027)   Pre Evacuate Collection Set: 0.1ms
[2024-08-28T13:04:33.397+0000][info][gc,phases      ] GC(1027)   Merge Heap Roots: 0.5ms
[2024-08-28T13:04:33.397+0000][info][gc,phases      ] GC(1027)   Evacuate Collection Set: 18.1ms
[2024-08-28T13:04:33.397+0000][info][gc,phases      ] GC(1027)   Post Evacuate Collection Set: 0.6ms
[2024-08-28T13:04:33.397+0000][info][gc,phases      ] GC(1027)   Other: 0.3ms
[2024-08-28T13:04:33.397+0000][info][gc,heap        ] GC(1027) Eden regions: 46->0(43)
[2024-08-28T13:04:33.397+0000][info][gc,heap        ] GC(1027) Survivor regions: 11->8(8)
[2024-08-28T13:04:33.397+0000][info][gc,heap        ] GC(1027) Old regions: 754->808
[2024-08-28T13:04:33.397+0000][info][gc,heap        ] GC(1027) Archive regions: 2->2
[2024-08-28T13:04:33.397+0000][info][gc,heap        ] GC(1027) Humongous regions: 5->5
[2024-08-28T13:04:33.397+0000][info][gc,metaspace   ] GC(1027) Metaspace: 100K(320K)->100K(320K) NonClass: 96K(192K)->96K(192K) Class: 4K(128K)->4K(128K)
[2024-08-28T13:04:33.397+0000][info][gc             ] GC(1027) Pause Young (Normal) (G1 Evacuation Pause) 802M->807M(1024M) 19.725ms
[2024-08-28T13:04:33.397+0000][info][gc,cpu         ] GC(1027) User=0.45s Sys=0.00s Real=0.02s
[2024-08-28T13:04:33.418+0000][info][gc,marking     ] GC(1025) Concurrent Rebuild Remembered Sets 104.816ms
[2024-08-28T13:04:33.418+0000][info][gc,start       ] GC(1025) Pause Cleanup
[2024-08-28T13:04:33.419+0000][info][gc             ] GC(1025) Pause Cleanup 845M->845M(1024M) 1.139ms
[2024-08-28T13:04:33.419+0000][info][gc,cpu         ] GC(1025) User=0.00s Sys=0.00s Real=0.00s
[2024-08-28T13:04:33.419+0000][info][gc,marking     ] GC(1025) Concurrent Cleanup for Next Mark
[2024-08-28T13:04:33.420+0000][info][gc,marking     ] GC(1025) Concurrent Cleanup for Next Mark 0.769ms
[2024-08-28T13:04:33.420+0000][info][gc             ] GC(1025) Concurrent Mark Cycle 133.767ms
[2024-08-28T13:04:33.424+0000][info][gc,start       ] GC(1028) Pause Young (Prepare Mixed) (G1 Evacuation Pause)
[2024-08-28T13:04:33.424+0000][info][gc,task        ] GC(1028) Using 24 workers of 68 for evacuation
[2024-08-28T13:04:33.438+0000][info][gc,phases      ] GC(1028)   Pre Evacuate Collection Set: 0.1ms
[2024-08-28T13:04:33.439+0000][info][gc,phases      ] GC(1028)   Merge Heap Roots: 0.5ms
[2024-08-28T13:04:33.439+0000][info][gc,phases      ] GC(1028)   Evacuate Collection Set: 13.8ms
[2024-08-28T13:04:33.439+0000][info][gc,phases      ] GC(1028)   Post Evacuate Collection Set: 0.3ms
[2024-08-28T13:04:33.439+0000][info][gc,phases      ] GC(1028)   Other: 0.2ms
[2024-08-28T13:04:33.439+0000][info][gc,heap        ] GC(1028) Eden regions: 43->0(44)
[2024-08-28T13:04:33.439+0000][info][gc,heap        ] GC(1028) Survivor regions: 8->7(7)
[2024-08-28T13:04:33.439+0000][info][gc,heap        ] GC(1028) Old regions: 808->855
[2024-08-28T13:04:33.439+0000][info][gc,heap        ] GC(1028) Archive regions: 2->2
[2024-08-28T13:04:33.439+0000][info][gc,heap        ] GC(1028) Humongous regions: 5->5
[2024-08-28T13:04:33.439+0000][info][gc,metaspace   ] GC(1028) Metaspace: 100K(320K)->100K(320K) NonClass: 96K(192K)->96K(192K) Class: 4K(128K)->4K(128K)
[2024-08-28T13:04:33.439+0000][info][gc             ] GC(1028) Pause Young (Prepare Mixed) (G1 Evacuation Pause) 850M->853M(1024M) 14.977ms
[2024-08-28T13:04:33.439+0000][info][gc,cpu         ] GC(1028) User=0.35s Sys=0.00s Real=0.02s
[2024-08-28T13:04:33.463+0000][info][gc,start       ] GC(1029) Pause Young (Mixed) (G1 Evacuation Pause)
[2024-08-28T13:04:33.464+0000][info][gc,task        ] GC(1029) Using 24 workers of 68 for evacuation
[2024-08-28T13:04:33.476+0000][info][gc,phases      ] GC(1029)   Pre Evacuate Collection Set: 0.2ms
[2024-08-28T13:04:33.476+0000][info][gc,phases      ] GC(1029)   Merge Heap Roots: 0.4ms
[2024-08-28T13:04:33.476+0000][info][gc,phases      ] GC(1029)   Evacuate Collection Set: 11.0ms
[2024-08-28T13:04:33.476+0000][info][gc,phases      ] GC(1029)   Post Evacuate Collection Set: 0.3ms
[2024-08-28T13:04:33.476+0000][info][gc,phases      ] GC(1029)   Other: 0.2ms
[2024-08-28T13:04:33.476+0000][info][gc,heap        ] GC(1029) Eden regions: 44->0(44)
[2024-08-28T13:04:33.476+0000][info][gc,heap        ] GC(1029) Survivor regions: 7->7(7)
[2024-08-28T13:04:33.476+0000][info][gc,heap        ] GC(1029) Old regions: 855->799
[2024-08-28T13:04:33.476+0000][info][gc,heap        ] GC(1029) Archive regions: 2->2
[2024-08-28T13:04:33.476+0000][info][gc,heap        ] GC(1029) Humongous regions: 5->5
[2024-08-28T13:04:33.476+0000][info][gc,metaspace   ] GC(1029) Metaspace: 100K(320K)->100K(320K) NonClass: 96K(192K)->96K(192K) Class: 4K(128K)->4K(128K)
[2024-08-28T13:04:33.476+0000][info][gc             ] GC(1029) Pause Young (Mixed) (G1 Evacuation Pause) 897M->806M(1024M) 12.237ms
[2024-08-28T13:04:33.476+0000][info][gc,cpu         ] GC(1029) User=0.28s Sys=0.00s Real=0.01s
[2024-08-28T13:04:33.500+0000][info][gc,start       ] GC(1030) Pause Young (Mixed) (G1 Evacuation Pause)
[2024-08-28T13:04:33.500+0000][info][gc,task        ] GC(1030) Using 24 workers of 68 for evacuation
[2024-08-28T13:04:33.513+0000][info][gc,phases      ] GC(1030)   Pre Evacuate Collection Set: 0.2ms
[2024-08-28T13:04:33.513+0000][info][gc,phases      ] GC(1030)   Merge Heap Roots: 0.5ms
[2024-08-28T13:04:33.513+0000][info][gc,phases      ] GC(1030)   Evacuate Collection Set: 11.6ms
[2024-08-28T13:04:33.513+0000][info][gc,phases      ] GC(1030)   Post Evacuate Collection Set: 0.4ms
[2024-08-28T13:04:33.513+0000][info][gc,phases      ] GC(1030)   Other: 0.2ms
[2024-08-28T13:04:33.513+0000][info][gc,heap        ] GC(1030) Eden regions: 44->0(48)
[2024-08-28T13:04:33.513+0000][info][gc,heap        ] GC(1030) Survivor regions: 7->7(7)
[2024-08-28T13:04:33.513+0000][info][gc,heap        ] GC(1030) Old regions: 799->753
[2024-08-28T13:04:33.513+0000][info][gc,heap        ] GC(1030) Archive regions: 2->2
[2024-08-28T13:04:33.513+0000][info][gc,heap        ] GC(1030) Humongous regions: 5->5
[2024-08-28T13:04:33.513+0000][info][gc,metaspace   ] GC(1030) Metaspace: 100K(320K)->100K(320K) NonClass: 96K(192K)->96K(192K) Class: 4K(128K)->4K(128K)
[2024-08-28T13:04:33.513+0000][info][gc             ] GC(1030) Pause Young (Mixed) (G1 Evacuation Pause) 850M->762M(1024M) 12.908ms
[2024-08-28T13:04:33.513+0000][info][gc,cpu         ] GC(1030) User=0.29s Sys=0.00s Real=0.01s
[2024-08-28T13:04:33.539+0000][info][gc,start       ] GC(1031) Pause Young (Concurrent Start) (G1 Evacuation Pause)
[2024-08-28T13:04:33.539+0000][info][gc,task        ] GC(1031) Using 24 workers of 68 for evacuation
[2024-08-28T13:04:33.551+0000][info][gc,phases      ] GC(1031)   Pre Evacuate Collection Set: 0.2ms
[2024-08-28T13:04:33.551+0000][info][gc,phases      ] GC(1031)   Merge Heap Roots: 0.5ms
[2024-08-28T13:04:33.551+0000][info][gc,phases      ] GC(1031)   Evacuate Collection Set: 10.7ms
[2024-08-28T13:04:33.551+0000][info][gc,phases      ] GC(1031)   Post Evacuate Collection Set: 0.4ms
[2024-08-28T13:04:33.551+0000][info][gc,phases      ] GC(1031)   Other: 0.6ms
[2024-08-28T13:04:33.551+0000][info][gc,heap        ] GC(1031) Eden regions: 48->0(44)
[2024-08-28T13:04:33.551+0000][info][gc,heap        ] GC(1031) Survivor regions: 7->7(7)
[2024-08-28T13:04:33.551+0000][info][gc,heap        ] GC(1031) Old regions: 753->803
[2024-08-28T13:04:33.551+0000][info][gc,heap        ] GC(1031) Archive regions: 2->2
[2024-08-28T13:04:33.551+0000][info][gc,heap        ] GC(1031) Humongous regions: 5->5
[2024-08-28T13:04:33.551+0000][info][gc,metaspace   ] GC(1031) Metaspace: 100K(320K)->100K(320K) NonClass: 96K(192K)->96K(192K) Class: 4K(128K)->4K(128K)
[2024-08-28T13:04:33.551+0000][info][gc             ] GC(1031) Pause Young (Concurrent Start) (G1 Evacuation Pause) 810M->812M(1024M) 12.450ms
[2024-08-28T13:04:33.552+0000][info][gc,cpu         ] GC(1031) User=0.27s Sys=0.00s Real=0.01s
[2024-08-28T13:04:33.552+0000][info][gc             ] GC(1032) Concurrent Mark Cycle
[2024-08-28T13:04:33.552+0000][info][gc,marking     ] GC(1032) Concurrent Clear Claimed Marks
[2024-08-28T13:04:33.552+0000][info][gc,marking     ] GC(1032) Concurrent Clear Claimed Marks 0.012ms
[2024-08-28T13:04:33.552+0000][info][gc,marking     ] GC(1032) Concurrent Scan Root Regions
[2024-08-28T13:04:33.553+0000][info][gc,marking     ] GC(1032) Concurrent Scan Root Regions 1.834ms
[2024-08-28T13:04:33.553+0000][info][gc,marking     ] GC(1032) Concurrent Mark
[2024-08-28T13:04:33.553+0000][info][gc,marking     ] GC(1032) Concurrent Mark From Roots
[2024-08-28T13:04:33.553+0000][info][gc,task        ] GC(1032) Using 17 workers of 17 for marking
[2024-08-28T13:04:33.578+0000][info][gc,marking     ] GC(1032) Concurrent Mark From Roots 24.370ms
[2024-08-28T13:04:33.578+0000][info][gc,marking     ] GC(1032) Concurrent Preclean
[2024-08-28T13:04:33.578+0000][info][gc,marking     ] GC(1032) Concurrent Preclean 0.506ms
[2024-08-28T13:04:33.579+0000][info][gc,start       ] GC(1032) Pause Remark
[2024-08-28T13:04:33.580+0000][info][gc             ] GC(1032) Pause Remark 846M->846M(1024M) 1.438ms
[2024-08-28T13:04:33.580+0000][info][gc,cpu         ] GC(1032) User=0.01s Sys=0.00s Real=0.00s
[2024-08-28T13:04:33.580+0000][info][gc,marking     ] GC(1032) Concurrent Mark 26.679ms
[2024-08-28T13:04:33.580+0000][info][gc,marking     ] GC(1032) Concurrent Rebuild Remembered Sets
[2024-08-28T13:04:33.586+0000][info][gc,start       ] GC(1033) Pause Young (Normal) (G1 Evacuation Pause)
[2024-08-28T13:04:33.586+0000][info][gc,task        ] GC(1033) Using 24 workers of 68 for evacuation
[2024-08-28T13:04:33.597+0000][info][gc,phases      ] GC(1033)   Pre Evacuate Collection Set: 0.2ms
[2024-08-28T13:04:33.597+0000][info][gc,phases      ] GC(1033)   Merge Heap Roots: 0.4ms
[2024-08-28T13:04:33.597+0000][info][gc,phases      ] GC(1033)   Evacuate Collection Set: 9.7ms
[2024-08-28T13:04:33.597+0000][info][gc,phases      ] GC(1033)   Post Evacuate Collection Set: 0.5ms
[2024-08-28T13:04:33.597+0000][info][gc,phases      ] GC(1033)   Other: 0.2ms
[2024-08-28T13:04:33.597+0000][info][gc,heap        ] GC(1033) Eden regions: 44->0(44)
[2024-08-28T13:04:33.597+0000][info][gc,heap        ] GC(1033) Survivor regions: 7->7(7)
[2024-08-28T13:04:33.597+0000][info][gc,heap        ] GC(1033) Old regions: 803->849
[2024-08-28T13:04:33.597+0000][info][gc,heap        ] GC(1033) Archive regions: 2->2
[2024-08-28T13:04:33.597+0000][info][gc,heap        ] GC(1033) Humongous regions: 5->5
[2024-08-28T13:04:33.597+0000][info][gc,metaspace   ] GC(1033) Metaspace: 100K(320K)->100K(320K) NonClass: 96K(192K)->96K(192K) Class: 4K(128K)->4K(128K)
[2024-08-28T13:04:33.597+0000][info][gc             ] GC(1033) Pause Young (Normal) (G1 Evacuation Pause) 856M->858M(1024M) 11.008ms
[2024-08-28T13:04:33.597+0000][info][gc,cpu         ] GC(1033) User=0.25s Sys=0.00s Real=0.01s
[2024-08-28T13:04:33.620+0000][info][gc,start       ] GC(1034) Pause Young (Normal) (G1 Evacuation Pause)
[2024-08-28T13:04:33.620+0000][info][gc,task        ] GC(1034) Using 24 workers of 68 for evacuation
[2024-08-28T13:04:33.635+0000][info][gc,phases      ] GC(1034)   Pre Evacuate Collection Set: 0.2ms
[2024-08-28T13:04:33.635+0000][info][gc,phases      ] GC(1034)   Merge Heap Roots: 0.5ms
[2024-08-28T13:04:33.635+0000][info][gc,phases      ] GC(1034)   Evacuate Collection Set: 13.5ms
[2024-08-28T13:04:33.635+0000][info][gc,phases      ] GC(1034)   Post Evacuate Collection Set: 0.5ms
[2024-08-28T13:04:33.635+0000][info][gc,phases      ] GC(1034)   Other: 0.2ms
[2024-08-28T13:04:33.635+0000][info][gc,heap        ] GC(1034) Eden regions: 44->0(44)
[2024-08-28T13:04:33.635+0000][info][gc,heap        ] GC(1034) Survivor regions: 7->7(7)
[2024-08-28T13:04:33.635+0000][info][gc,heap        ] GC(1034) Old regions: 849->895
[2024-08-28T13:04:33.635+0000][info][gc,heap        ] GC(1034) Archive regions: 2->2
[2024-08-28T13:04:33.635+0000][info][gc,heap        ] GC(1034) Humongous regions: 5->5
[2024-08-28T13:04:33.635+0000][info][gc,metaspace   ] GC(1034) Metaspace: 100K(320K)->100K(320K) NonClass: 96K(192K)->96K(192K) Class: 4K(128K)->4K(128K)
[2024-08-28T13:04:33.635+0000][info][gc             ] GC(1034) Pause Young (Normal) (G1 Evacuation Pause) 902M->904M(1024M) 15.011ms
[2024-08-28T13:04:33.635+0000][info][gc,cpu         ] GC(1034) User=0.34s Sys=0.00s Real=0.01s
[2024-08-28T13:04:33.660+0000][info][gc,start       ] GC(1035) Pause Young (Normal) (G1 Evacuation Pause)
[2024-08-28T13:04:33.660+0000][info][gc,task        ] GC(1035) Using 24 workers of 68 for evacuation
[2024-08-28T13:04:33.674+0000][info][gc,phases      ] GC(1035)   Pre Evacuate Collection Set: 0.2ms
[2024-08-28T13:04:33.674+0000][info][gc,phases      ] GC(1035)   Merge Heap Roots: 0.5ms
[2024-08-28T13:04:33.674+0000][info][gc,phases      ] GC(1035)   Evacuate Collection Set: 13.2ms
[2024-08-28T13:04:33.674+0000][info][gc,phases      ] GC(1035)   Post Evacuate Collection Set: 0.6ms
[2024-08-28T13:04:33.674+0000][info][gc,phases      ] GC(1035)   Other: 0.2ms
[2024-08-28T13:04:33.674+0000][info][gc,heap        ] GC(1035) Eden regions: 44->0(44)
[2024-08-28T13:04:33.675+0000][info][gc,heap        ] GC(1035) Survivor regions: 7->7(7)
[2024-08-28T13:04:33.675+0000][info][gc,heap        ] GC(1035) Old regions: 895->942
[2024-08-28T13:04:33.675+0000][info][gc,heap        ] GC(1035) Archive regions: 2->2
[2024-08-28T13:04:33.675+0000][info][gc,heap        ] GC(1035) Humongous regions: 5->5
[2024-08-28T13:04:33.675+0000][info][gc,metaspace   ] GC(1035) Metaspace: 100K(320K)->100K(320K) NonClass: 96K(192K)->96K(192K) Class: 4K(128K)->4K(128K)
[2024-08-28T13:04:33.675+0000][info][gc             ] GC(1035) Pause Young (Normal) (G1 Evacuation Pause) 948M->951M(1024M) 14.816ms
[2024-08-28T13:04:33.675+0000][info][gc,cpu         ] GC(1035) User=0.34s Sys=0.00s Real=0.01s
[2024-08-28T13:04:33.692+0000][info][gc,marking     ] GC(1032) Concurrent Rebuild Remembered Sets 112.136ms
[2024-08-28T13:04:33.693+0000][info][gc,start       ] GC(1032) Pause Cleanup
[2024-08-28T13:04:33.694+0000][info][gc             ] GC(1032) Pause Cleanup 978M->978M(1024M) 1.581ms
[2024-08-28T13:04:33.694+0000][info][gc,cpu         ] GC(1032) User=0.00s Sys=0.00s Real=0.00s
[2024-08-28T13:04:33.694+0000][info][gc,marking     ] GC(1032) Concurrent Cleanup for Next Mark
[2024-08-28T13:04:33.695+0000][info][gc,marking     ] GC(1032) Concurrent Cleanup for Next Mark 0.783ms
[2024-08-28T13:04:33.695+0000][info][gc             ] GC(1032) Concurrent Mark Cycle 143.457ms
[2024-08-28T13:04:33.696+0000][info][gc,start       ] GC(1036) Pause Young (Prepare Mixed) (G1 Preventive Collection)
[2024-08-28T13:04:33.696+0000][info][gc,task        ] GC(1036) Using 24 workers of 68 for evacuation
[2024-08-28T13:04:33.708+0000][info][gc,phases      ] GC(1036)   Pre Evacuate Collection Set: 0.1ms
[2024-08-28T13:04:33.708+0000][info][gc,phases      ] GC(1036)   Merge Heap Roots: 0.5ms
[2024-08-28T13:04:33.708+0000][info][gc,phases      ] GC(1036)   Evacuate Collection Set: 10.1ms
[2024-08-28T13:04:33.708+0000][info][gc,phases      ] GC(1036)   Post Evacuate Collection Set: 0.3ms
[2024-08-28T13:04:33.708+0000][info][gc,phases      ] GC(1036)   Other: 0.2ms
[2024-08-28T13:04:33.708+0000][info][gc,heap        ] GC(1036) Eden regions: 29->0(44)
[2024-08-28T13:04:33.708+0000][info][gc,heap        ] GC(1036) Survivor regions: 7->7(7)
[2024-08-28T13:04:33.708+0000][info][gc,heap        ] GC(1036) Old regions: 942->973
[2024-08-28T13:04:33.708+0000][info][gc,heap        ] GC(1036) Archive regions: 2->2
[2024-08-28T13:04:33.708+0000][info][gc,heap        ] GC(1036) Humongous regions: 5->5
[2024-08-28T13:04:33.708+0000][info][gc,metaspace   ] GC(1036) Metaspace: 100K(320K)->100K(320K) NonClass: 96K(192K)->96K(192K) Class: 4K(128K)->4K(128K)
[2024-08-28T13:04:33.708+0000][info][gc             ] GC(1036) Pause Young (Prepare Mixed) (G1 Preventive Collection) 980M->982M(1024M) 11.268ms
[2024-08-28T13:04:33.708+0000][info][gc,cpu         ] GC(1036) User=0.25s Sys=0.00s Real=0.01s
[2024-08-28T13:04:33.715+0000][info][gc,start       ] GC(1037) Pause Young (Mixed) (G1 Preventive Collection)
[2024-08-28T13:04:33.715+0000][info][gc,task        ] GC(1037) Using 24 workers of 68 for evacuation
[2024-08-28T13:04:33.721+0000][info][gc,phases      ] GC(1037)   Pre Evacuate Collection Set: 0.2ms
[2024-08-28T13:04:33.721+0000][info][gc,phases      ] GC(1037)   Merge Heap Roots: 0.3ms
[2024-08-28T13:04:33.721+0000][info][gc,phases      ] GC(1037)   Evacuate Collection Set: 5.2ms
[2024-08-28T13:04:33.722+0000][info][gc,phases      ] GC(1037)   Post Evacuate Collection Set: 0.3ms
[2024-08-28T13:04:33.722+0000][info][gc,phases      ] GC(1037)   Other: 0.2ms
[2024-08-28T13:04:33.722+0000][info][gc,heap        ] GC(1037) Eden regions: 13->0(44)
[2024-08-28T13:04:33.722+0000][info][gc,heap        ] GC(1037) Survivor regions: 7->7(7)
[2024-08-28T13:04:33.722+0000][info][gc,heap        ] GC(1037) Old regions: 973->886
[2024-08-28T13:04:33.722+0000][info][gc,heap        ] GC(1037) Archive regions: 2->2
[2024-08-28T13:04:33.722+0000][info][gc,heap        ] GC(1037) Humongous regions: 5->5
[2024-08-28T13:04:33.722+0000][info][gc,metaspace   ] GC(1037) Metaspace: 100K(320K)->100K(320K) NonClass: 96K(192K)->96K(192K) Class: 4K(128K)->4K(128K)
[2024-08-28T13:04:33.722+0000][info][gc             ] GC(1037) Pause Young (Mixed) (G1 Preventive Collection) 995M->896M(1024M) 6.209ms
[2024-08-28T13:04:33.722+0000][info][gc,cpu         ] GC(1037) User=0.13s Sys=0.00s Real=0.01s
[2024-08-28T13:04:33.745+0000][info][gc,start       ] GC(1038) Pause Young (Mixed) (G1 Evacuation Pause)
[2024-08-28T13:04:33.745+0000][info][gc,task        ] GC(1038) Using 24 workers of 68 for evacuation
[2024-08-28T13:04:33.756+0000][info][gc,phases      ] GC(1038)   Pre Evacuate Collection Set: 0.2ms
[2024-08-28T13:04:33.756+0000][info][gc,phases      ] GC(1038)   Merge Heap Roots: 0.4ms
[2024-08-28T13:04:33.756+0000][info][gc,phases      ] GC(1038)   Evacuate Collection Set: 9.8ms
[2024-08-28T13:04:33.756+0000][info][gc,phases      ] GC(1038)   Post Evacuate Collection Set: 0.4ms
[2024-08-28T13:04:33.756+0000][info][gc,phases      ] GC(1038)   Other: 0.2ms
[2024-08-28T13:04:33.756+0000][info][gc,heap        ] GC(1038) Eden regions: 44->0(44)
[2024-08-28T13:04:33.756+0000][info][gc,heap        ] GC(1038) Survivor regions: 7->7(7)
[2024-08-28T13:04:33.756+0000][info][gc,heap        ] GC(1038) Old regions: 886->828
[2024-08-28T13:04:33.756+0000][info][gc,heap        ] GC(1038) Archive regions: 2->2
[2024-08-28T13:04:33.756+0000][info][gc,heap        ] GC(1038) Humongous regions: 5->5
[2024-08-28T13:04:33.756+0000][info][gc,metaspace   ] GC(1038) Metaspace: 100K(320K)->100K(320K) NonClass: 96K(192K)->96K(192K) Class: 4K(128K)->4K(128K)
[2024-08-28T13:04:33.756+0000][info][gc             ] GC(1038) Pause Young (Mixed) (G1 Evacuation Pause) 940M->839M(1024M) 11.186ms
[2024-08-28T13:04:33.756+0000][info][gc,cpu         ] GC(1038) User=0.24s Sys=0.01s Real=0.01s
[2024-08-28T13:04:33.779+0000][info][gc,start       ] GC(1039) Pause Young (Mixed) (G1 Evacuation Pause)
[2024-08-28T13:04:33.780+0000][info][gc,task        ] GC(1039) Using 24 workers of 68 for evacuation
[2024-08-28T13:04:33.793+0000][info][gc,phases      ] GC(1039)   Pre Evacuate Collection Set: 0.2ms
[2024-08-28T13:04:33.793+0000][info][gc,phases      ] GC(1039)   Merge Heap Roots: 0.4ms
[2024-08-28T13:04:33.794+0000][info][gc,phases      ] GC(1039)   Evacuate Collection Set: 12.6ms
[2024-08-28T13:04:33.794+0000][info][gc,phases      ] GC(1039)   Post Evacuate Collection Set: 0.5ms
[2024-08-28T13:04:33.794+0000][info][gc,phases      ] GC(1039)   Other: 0.3ms
[2024-08-28T13:04:33.794+0000][info][gc,heap        ] GC(1039) Eden regions: 44->0(44)
[2024-08-28T13:04:33.794+0000][info][gc,heap        ] GC(1039) Survivor regions: 7->7(7)
[2024-08-28T13:04:33.794+0000][info][gc,heap        ] GC(1039) Old regions: 828->789
[2024-08-28T13:04:33.794+0000][info][gc,heap        ] GC(1039) Archive regions: 2->2
[2024-08-28T13:04:33.794+0000][info][gc,heap        ] GC(1039) Humongous regions: 5->5
[2024-08-28T13:04:33.794+0000][info][gc,metaspace   ] GC(1039) Metaspace: 100K(320K)->100K(320K) NonClass: 96K(192K)->96K(192K) Class: 4K(128K)->4K(128K)
[2024-08-28T13:04:33.794+0000][info][gc             ] GC(1039) Pause Young (Mixed) (G1 Evacuation Pause) 883M->801M(1024M) 14.138ms
[2024-08-28T13:04:33.794+0000][info][gc,cpu         ] GC(1039) User=0.31s Sys=0.00s Real=0.01s
[2024-08-28T13:04:33.818+0000][info][gc,start       ] GC(1040) Pause Young (Mixed) (G1 Evacuation Pause)
[2024-08-28T13:04:33.818+0000][info][gc,task        ] GC(1040) Using 24 workers of 68 for evacuation
[2024-08-28T13:04:33.831+0000][info][gc,phases      ] GC(1040)   Pre Evacuate Collection Set: 0.2ms
[2024-08-28T13:04:33.831+0000][info][gc,phases      ] GC(1040)   Merge Heap Roots: 0.4ms
[2024-08-28T13:04:33.831+0000][info][gc,phases      ] GC(1040)   Evacuate Collection Set: 12.3ms
[2024-08-28T13:04:33.831+0000][info][gc,phases      ] GC(1040)   Post Evacuate Collection Set: 0.3ms
[2024-08-28T13:04:33.831+0000][info][gc,phases      ] GC(1040)   Other: 0.2ms
[2024-08-28T13:04:33.831+0000][info][gc,heap        ] GC(1040) Eden regions: 44->0(44)
[2024-08-28T13:04:33.831+0000][info][gc,heap        ] GC(1040) Survivor regions: 7->7(7)
[2024-08-28T13:04:33.831+0000][info][gc,heap        ] GC(1040) Old regions: 789->812
[2024-08-28T13:04:33.831+0000][info][gc,heap        ] GC(1040) Archive regions: 2->2
[2024-08-28T13:04:33.831+0000][info][gc,heap        ] GC(1040) Humongous regions: 5->5
[2024-08-28T13:04:33.832+0000][info][gc,metaspace   ] GC(1040) Metaspace: 100K(320K)->100K(320K) NonClass: 96K(192K)->96K(192K) Class: 4K(128K)->4K(128K)
[2024-08-28T13:04:33.832+0000][info][gc             ] GC(1040) Pause Young (Mixed) (G1 Evacuation Pause) 845M->824M(1024M) 13.452ms
[2024-08-28T13:04:33.832+0000][info][gc,cpu         ] GC(1040) User=0.31s Sys=0.00s Real=0.01s
[2024-08-28T13:04:33.856+0000][info][gc,start       ] GC(1041) Pause Young (Concurrent Start) (G1 Evacuation Pause)
[2024-08-28T13:04:33.856+0000][info][gc,task        ] GC(1041) Using 24 workers of 68 for evacuation
[2024-08-28T13:04:33.867+0000][info][gc,phases      ] GC(1041)   Pre Evacuate Collection Set: 0.2ms
[2024-08-28T13:04:33.867+0000][info][gc,phases      ] GC(1041)   Merge Heap Roots: 0.4ms
[2024-08-28T13:04:33.867+0000][info][gc,phases      ] GC(1041)   Evacuate Collection Set: 10.1ms
[2024-08-28T13:04:33.867+0000][info][gc,phases      ] GC(1041)   Post Evacuate Collection Set: 0.3ms
[2024-08-28T13:04:33.867+0000][info][gc,phases      ] GC(1041)   Other: 0.6ms
[2024-08-28T13:04:33.867+0000][info][gc,heap        ] GC(1041) Eden regions: 44->0(44)
[2024-08-28T13:04:33.867+0000][info][gc,heap        ] GC(1041) Survivor regions: 7->7(7)
[2024-08-28T13:04:33.867+0000][info][gc,heap        ] GC(1041) Old regions: 812->860
[2024-08-28T13:04:33.867+0000][info][gc,heap        ] GC(1041) Archive regions: 2->2
[2024-08-28T13:04:33.867+0000][info][gc,heap        ] GC(1041) Humongous regions: 5->5
[2024-08-28T13:04:33.867+0000][info][gc,metaspace   ] GC(1041) Metaspace: 100K(320K)->100K(320K) NonClass: 96K(192K)->96K(192K) Class: 4K(128K)->4K(128K)
[2024-08-28T13:04:33.867+0000][info][gc             ] GC(1041) Pause Young (Concurrent Start) (G1 Evacuation Pause) 868M->872M(1024M) 11.578ms
[2024-08-28T13:04:33.867+0000][info][gc,cpu         ] GC(1041) User=0.25s Sys=0.00s Real=0.01s
[2024-08-28T13:04:33.867+0000][info][gc             ] GC(1042) Concurrent Mark Cycle
[2024-08-28T13:04:33.867+0000][info][gc,marking     ] GC(1042) Concurrent Clear Claimed Marks
[2024-08-28T13:04:33.867+0000][info][gc,marking     ] GC(1042) Concurrent Clear Claimed Marks 0.026ms
[2024-08-28T13:04:33.867+0000][info][gc,marking     ] GC(1042) Concurrent Scan Root Regions
[2024-08-28T13:04:33.869+0000][info][gc,marking     ] GC(1042) Concurrent Scan Root Regions 1.582ms
[2024-08-28T13:04:33.869+0000][info][gc,marking     ] GC(1042) Concurrent Mark
[2024-08-28T13:04:33.869+0000][info][gc,marking     ] GC(1042) Concurrent Mark From Roots
[2024-08-28T13:04:33.869+0000][info][gc,task        ] GC(1042) Using 17 workers of 17 for marking
[2024-08-28T13:04:33.894+0000][info][gc,marking     ] GC(1042) Concurrent Mark From Roots 25.028ms
[2024-08-28T13:04:33.894+0000][info][gc,marking     ] GC(1042) Concurrent Preclean
[2024-08-28T13:04:33.895+0000][info][gc,marking     ] GC(1042) Concurrent Preclean 0.674ms
[2024-08-28T13:04:33.895+0000][info][gc,start       ] GC(1042) Pause Remark
[2024-08-28T13:04:33.896+0000][info][gc             ] GC(1042) Pause Remark 909M->909M(1024M) 1.465ms
[2024-08-28T13:04:33.896+0000][info][gc,cpu         ] GC(1042) User=0.00s Sys=0.00s Real=0.00s
[2024-08-28T13:04:33.896+0000][info][gc,marking     ] GC(1042) Concurrent Mark 27.542ms
[2024-08-28T13:04:33.896+0000][info][gc,marking     ] GC(1042) Concurrent Rebuild Remembered Sets
[2024-08-28T13:04:33.901+0000][info][gc,start       ] GC(1043) Pause Young (Normal) (G1 Evacuation Pause)
[2024-08-28T13:04:33.901+0000][info][gc,task        ] GC(1043) Using 24 workers of 68 for evacuation
[2024-08-28T13:04:33.912+0000][info][gc,phases      ] GC(1043)   Pre Evacuate Collection Set: 0.2ms
[2024-08-28T13:04:33.912+0000][info][gc,phases      ] GC(1043)   Merge Heap Roots: 0.4ms
[2024-08-28T13:04:33.912+0000][info][gc,phases      ] GC(1043)   Evacuate Collection Set: 9.5ms
[2024-08-28T13:04:33.912+0000][info][gc,phases      ] GC(1043)   Post Evacuate Collection Set: 0.4ms
[2024-08-28T13:04:33.912+0000][info][gc,phases      ] GC(1043)   Other: 0.2ms
[2024-08-28T13:04:33.912+0000][info][gc,heap        ] GC(1043) Eden regions: 44->0(44)
[2024-08-28T13:04:33.912+0000][info][gc,heap        ] GC(1043) Survivor regions: 7->7(7)
[2024-08-28T13:04:33.912+0000][info][gc,heap        ] GC(1043) Old regions: 860->906
[2024-08-28T13:04:33.912+0000][info][gc,heap        ] GC(1043) Archive regions: 2->2
[2024-08-28T13:04:33.912+0000][info][gc,heap        ] GC(1043) Humongous regions: 5->5
[2024-08-28T13:04:33.912+0000][info][gc,metaspace   ] GC(1043) Metaspace: 100K(320K)->100K(320K) NonClass: 96K(192K)->96K(192K) Class: 4K(128K)->4K(128K)
[2024-08-28T13:04:33.912+0000][info][gc             ] GC(1043) Pause Young (Normal) (G1 Evacuation Pause) 916M->918M(1024M) 10.733ms
[2024-08-28T13:04:33.912+0000][info][gc,cpu         ] GC(1043) User=0.24s Sys=0.00s Real=0.01s
[2024-08-28T13:04:33.935+0000][info][gc,start       ] GC(1044) Pause Young (Normal) (G1 Evacuation Pause)
[2024-08-28T13:04:33.935+0000][info][gc,task        ] GC(1044) Using 24 workers of 68 for evacuation
[2024-08-28T13:04:33.950+0000][info][gc,phases      ] GC(1044)   Pre Evacuate Collection Set: 0.2ms
[2024-08-28T13:04:33.950+0000][info][gc,phases      ] GC(1044)   Merge Heap Roots: 0.5ms
[2024-08-28T13:04:33.950+0000][info][gc,phases      ] GC(1044)   Evacuate Collection Set: 13.6ms
[2024-08-28T13:04:33.950+0000][info][gc,phases      ] GC(1044)   Post Evacuate Collection Set: 0.5ms
[2024-08-28T13:04:33.950+0000][info][gc,phases      ] GC(1044)   Other: 0.2ms
[2024-08-28T13:04:33.950+0000][info][gc,heap        ] GC(1044) Eden regions: 44->0(44)
[2024-08-28T13:04:33.950+0000][info][gc,heap        ] GC(1044) Survivor regions: 7->7(7)
[2024-08-28T13:04:33.950+0000][info][gc,heap        ] GC(1044) Old regions: 906->953
[2024-08-28T13:04:33.950+0000][info][gc,heap        ] GC(1044) Archive regions: 2->2
[2024-08-28T13:04:33.950+0000][info][gc,heap        ] GC(1044) Humongous regions: 5->5
[2024-08-28T13:04:33.950+0000][info][gc,metaspace   ] GC(1044) Metaspace: 100K(320K)->100K(320K) NonClass: 96K(192K)->96K(192K) Class: 4K(128K)->4K(128K)
[2024-08-28T13:04:33.951+0000][info][gc             ] GC(1044) Pause Young (Normal) (G1 Evacuation Pause) 962M->965M(1024M) 15.054ms
[2024-08-28T13:04:33.951+0000][info][gc,cpu         ] GC(1044) User=0.34s Sys=0.00s Real=0.02s
[2024-08-28T13:04:33.963+0000][info][gc,start       ] GC(1045) Pause Young (Normal) (G1 Preventive Collection)
[2024-08-28T13:04:33.963+0000][info][gc,task        ] GC(1045) Using 24 workers of 68 for evacuation
[2024-08-28T13:04:33.975+0000][info][gc,phases      ] GC(1045)   Pre Evacuate Collection Set: 0.2ms
[2024-08-28T13:04:33.975+0000][info][gc,phases      ] GC(1045)   Merge Heap Roots: 0.5ms
[2024-08-28T13:04:33.975+0000][info][gc,phases      ] GC(1045)   Evacuate Collection Set: 10.5ms
[2024-08-28T13:04:33.975+0000][info][gc,phases      ] GC(1045)   Post Evacuate Collection Set: 0.5ms
[2024-08-28T13:04:33.975+0000][info][gc,phases      ] GC(1045)   Other: 0.2ms
[2024-08-28T13:04:33.975+0000][info][gc,heap        ] GC(1045) Eden regions: 23->0(44)
[2024-08-28T13:04:33.975+0000][info][gc,heap        ] GC(1045) Survivor regions: 7->7(7)
[2024-08-28T13:04:33.975+0000][info][gc,heap        ] GC(1045) Old regions: 953->980
[2024-08-28T13:04:33.975+0000][info][gc,heap        ] GC(1045) Archive regions: 2->2
[2024-08-28T13:04:33.975+0000][info][gc,heap        ] GC(1045) Humongous regions: 5->5
[2024-08-28T13:04:33.975+0000][info][gc,metaspace   ] GC(1045) Metaspace: 100K(320K)->100K(320K) NonClass: 96K(192K)->96K(192K) Class: 4K(128K)->4K(128K)
[2024-08-28T13:04:33.975+0000][info][gc             ] GC(1045) Pause Young (Normal) (G1 Preventive Collection) 988M->992M(1024M) 11.977ms
[2024-08-28T13:04:33.975+0000][info][gc,cpu         ] GC(1045) User=0.27s Sys=0.00s Real=0.01s
[2024-08-28T13:04:33.981+0000][info][gc,start       ] GC(1046) Pause Young (Normal) (G1 Preventive Collection)
[2024-08-28T13:04:33.981+0000][info][gc,task        ] GC(1046) Using 24 workers of 68 for evacuation
[2024-08-28T13:04:33.991+0000][info][gc,phases      ] GC(1046)   Pre Evacuate Collection Set: 0.2ms
[2024-08-28T13:04:33.991+0000][info][gc,phases      ] GC(1046)   Merge Heap Roots: 0.5ms
[2024-08-28T13:04:33.991+0000][info][gc,phases      ] GC(1046)   Evacuate Collection Set: 8.4ms
[2024-08-28T13:04:33.991+0000][info][gc,phases      ] GC(1046)   Post Evacuate Collection Set: 0.5ms
[2024-08-28T13:04:33.991+0000][info][gc,phases      ] GC(1046)   Other: 0.1ms
[2024-08-28T13:04:33.991+0000][info][gc,heap        ] GC(1046) Eden regions: 10->0(44)
[2024-08-28T13:04:33.991+0000][info][gc,heap        ] GC(1046) Survivor regions: 7->7(7)
[2024-08-28T13:04:33.991+0000][info][gc,heap        ] GC(1046) Old regions: 980->992
[2024-08-28T13:04:33.991+0000][info][gc,heap        ] GC(1046) Archive regions: 2->2
[2024-08-28T13:04:33.991+0000][info][gc,heap        ] GC(1046) Humongous regions: 5->5
[2024-08-28T13:04:33.991+0000][info][gc,metaspace   ] GC(1046) Metaspace: 100K(320K)->100K(320K) NonClass: 96K(192K)->96K(192K) Class: 4K(128K)->4K(128K)
[2024-08-28T13:04:33.991+0000][info][gc             ] GC(1046) Pause Young (Normal) (G1 Preventive Collection) 1002M->1004M(1024M) 9.785ms
[2024-08-28T13:04:33.991+0000][info][gc,cpu         ] GC(1046) User=0.21s Sys=0.00s Real=0.01s
[2024-08-28T13:04:33.994+0000][info][gc,start       ] GC(1047) Pause Young (Normal) (G1 Preventive Collection)
[2024-08-28T13:04:33.995+0000][info][gc,task        ] GC(1047) Using 24 workers of 68 for evacuation
[2024-08-28T13:04:34.003+0000][info][gc             ] GC(1047) To-space exhausted
[2024-08-28T13:04:34.003+0000][info][gc,phases      ] GC(1047)   Pre Evacuate Collection Set: 0.1ms
[2024-08-28T13:04:34.003+0000][info][gc,phases      ] GC(1047)   Merge Heap Roots: 0.5ms
[2024-08-28T13:04:34.003+0000][info][gc,phases      ] GC(1047)   Evacuate Collection Set: 6.9ms
[2024-08-28T13:04:34.003+0000][info][gc,phases      ] GC(1047)   Post Evacuate Collection Set: 0.8ms
[2024-08-28T13:04:34.003+0000][info][gc,phases      ] GC(1047)   Other: 0.2ms
[2024-08-28T13:04:34.003+0000][info][gc,heap        ] GC(1047) Eden regions: 5->0(46)
[2024-08-28T13:04:34.003+0000][info][gc,heap        ] GC(1047) Survivor regions: 7->5(7)
[2024-08-28T13:04:34.003+0000][info][gc,heap        ] GC(1047) Old regions: 992->1012
[2024-08-28T13:04:34.003+0000][info][gc,heap        ] GC(1047) Archive regions: 2->2
[2024-08-28T13:04:34.003+0000][info][gc,heap        ] GC(1047) Humongous regions: 5->5
[2024-08-28T13:04:34.003+0000][info][gc,metaspace   ] GC(1047) Metaspace: 100K(320K)->100K(320K) NonClass: 96K(192K)->96K(192K) Class: 4K(128K)->4K(128K)
[2024-08-28T13:04:34.003+0000][info][gc             ] GC(1047) Pause Young (Normal) (G1 Preventive Collection) 1009M->1022M(1024M) 8.482ms
[2024-08-28T13:04:34.003+0000][info][gc,cpu         ] GC(1047) User=0.19s Sys=0.00s Real=0.01s
[2024-08-28T13:04:34.003+0000][info][gc,ergo        ] Attempting full compaction
[2024-08-28T13:04:34.003+0000][info][gc,task        ] GC(1048) Using 24 workers of 68 for full compaction
[2024-08-28T13:04:34.003+0000][info][gc,start       ] GC(1048) Pause Full (G1 Compaction Pause)
[2024-08-28T13:04:34.004+0000][info][gc,phases,start] GC(1048) Phase 1: Mark live objects
[2024-08-28T13:04:34.020+0000][info][gc,phases      ] GC(1048) Phase 1: Mark live objects 15.838ms
[2024-08-28T13:04:34.020+0000][info][gc,phases,start] GC(1048) Phase 2: Prepare for compaction
[2024-08-28T13:04:34.029+0000][info][gc,phases      ] GC(1048) Phase 2: Prepare for compaction 9.287ms
[2024-08-28T13:04:34.029+0000][info][gc,phases,start] GC(1048) Phase 3: Adjust pointers
[2024-08-28T13:04:34.047+0000][info][gc,phases      ] GC(1048) Phase 3: Adjust pointers 17.817ms
[2024-08-28T13:04:34.047+0000][info][gc,phases,start] GC(1048) Phase 4: Compact heap
[2024-08-28T13:04:34.079+0000][info][gc,phases      ] GC(1048) Phase 4: Compact heap 31.538ms
[2024-08-28T13:04:34.080+0000][info][gc,heap        ] GC(1048) Eden regions: 0->0(150)
[2024-08-28T13:04:34.080+0000][info][gc,heap        ] GC(1048) Survivor regions: 5->0(7)
[2024-08-28T13:04:34.080+0000][info][gc,heap        ] GC(1048) Old regions: 1012->441
[2024-08-28T13:04:34.080+0000][info][gc,heap        ] GC(1048) Archive regions: 2->2
[2024-08-28T13:04:34.080+0000][info][gc,heap        ] GC(1048) Humongous regions: 5->5
[2024-08-28T13:04:34.080+0000][info][gc,metaspace   ] GC(1048) Metaspace: 100K(320K)->100K(320K) NonClass: 96K(192K)->96K(192K) Class: 4K(128K)->4K(128K)
[2024-08-28T13:04:34.080+0000][info][gc             ] GC(1048) Pause Full (G1 Compaction Pause) 1022M->436M(1024M) 76.788ms
[2024-08-28T13:04:34.080+0000][info][gc,cpu         ] GC(1048) User=1.61s Sys=0.00s Real=0.08s
[2024-08-28T13:04:34.080+0000][info][gc,marking     ] GC(1042) Concurrent Rebuild Remembered Sets 183.877ms
[2024-08-28T13:04:34.080+0000][info][gc,marking     ] GC(1042) Concurrent Mark Abort
[2024-08-28T13:04:34.080+0000][info][gc             ] GC(1042) Concurrent Mark Cycle 213.112ms
[2024-08-28T13:04:34.168+0000][info][gc,start       ] GC(1049) Pause Young (Normal) (G1 Evacuation Pause)
[2024-08-28T13:04:34.168+0000][info][gc,task        ] GC(1049) Using 24 workers of 68 for evacuation
[2024-08-28T13:04:34.190+0000][info][gc,phases      ] GC(1049)   Pre Evacuate Collection Set: 0.2ms
[2024-08-28T13:04:34.190+0000][info][gc,phases      ] GC(1049)   Merge Heap Roots: 0.4ms
[2024-08-28T13:04:34.191+0000][info][gc,phases      ] GC(1049)   Evacuate Collection Set: 21.8ms
[2024-08-28T13:04:34.191+0000][info][gc,phases      ] GC(1049)   Post Evacuate Collection Set: 0.3ms
[2024-08-28T13:04:34.191+0000][info][gc,phases      ] GC(1049)   Other: 0.2ms
[2024-08-28T13:04:34.191+0000][info][gc,heap        ] GC(1049) Eden regions: 150->0(104)
[2024-08-28T13:04:34.191+0000][info][gc,heap        ] GC(1049) Survivor regions: 0->19(19)
[2024-08-28T13:04:34.191+0000][info][gc,heap        ] GC(1049) Old regions: 441->568
[2024-08-28T13:04:34.191+0000][info][gc,heap        ] GC(1049) Archive regions: 2->2
[2024-08-28T13:04:34.191+0000][info][gc,heap        ] GC(1049) Humongous regions: 5->5
[2024-08-28T13:04:34.191+0000][info][gc,metaspace   ] GC(1049) Metaspace: 100K(320K)->100K(320K) NonClass: 96K(192K)->96K(192K) Class: 4K(128K)->4K(128K)
[2024-08-28T13:04:34.191+0000][info][gc             ] GC(1049) Pause Young (Normal) (G1 Evacuation Pause) 586M->581M(1024M) 23.023ms
[2024-08-28T13:04:34.191+0000][info][gc,cpu         ] GC(1049) User=0.53s Sys=0.00s Real=0.03s
[2024-08-28T13:04:34.248+0000][info][gc,start       ] GC(1050) Pause Young (Concurrent Start) (G1 Evacuation Pause)
[2024-08-28T13:04:34.248+0000][info][gc,task        ] GC(1050) Using 24 workers of 68 for evacuation
[2024-08-28T13:04:34.268+0000][info][gc,phases      ] GC(1050)   Pre Evacuate Collection Set: 0.2ms
[2024-08-28T13:04:34.268+0000][info][gc,phases      ] GC(1050)   Merge Heap Roots: 0.4ms
[2024-08-28T13:04:34.268+0000][info][gc,phases      ] GC(1050)   Evacuate Collection Set: 19.2ms
[2024-08-28T13:04:34.268+0000][info][gc,phases      ] GC(1050)   Post Evacuate Collection Set: 0.3ms
[2024-08-28T13:04:34.268+0000][info][gc,phases      ] GC(1050)   Other: 0.6ms
[2024-08-28T13:04:34.268+0000][info][gc,heap        ] GC(1050) Eden regions: 104->0(70)
[2024-08-28T13:04:34.268+0000][info][gc,heap        ] GC(1050) Survivor regions: 19->16(16)
[2024-08-28T13:04:34.268+0000][info][gc,heap        ] GC(1050) Old regions: 568->676
[2024-08-28T13:04:34.268+0000][info][gc,heap        ] GC(1050) Archive regions: 2->2
[2024-08-28T13:04:34.268+0000][info][gc,heap        ] GC(1050) Humongous regions: 5->5
[2024-08-28T13:04:34.268+0000][info][gc,metaspace   ] GC(1050) Metaspace: 100K(320K)->100K(320K) NonClass: 96K(192K)->96K(192K) Class: 4K(128K)->4K(128K)
[2024-08-28T13:04:34.268+0000][info][gc             ] GC(1050) Pause Young (Concurrent Start) (G1 Evacuation Pause) 685M->687M(1024M) 20.677ms
[2024-08-28T13:04:34.268+0000][info][gc,cpu         ] GC(1050) User=0.47s Sys=0.00s Real=0.02s
[2024-08-28T13:04:34.269+0000][info][gc             ] GC(1051) Concurrent Mark Cycle
[2024-08-28T13:04:34.269+0000][info][gc,marking     ] GC(1051) Concurrent Clear Claimed Marks
[2024-08-28T13:04:34.269+0000][info][gc,marking     ] GC(1051) Concurrent Clear Claimed Marks 0.010ms
[2024-08-28T13:04:34.269+0000][info][gc,marking     ] GC(1051) Concurrent Scan Root Regions
[2024-08-28T13:04:34.272+0000][info][gc,marking     ] GC(1051) Concurrent Scan Root Regions 3.722ms
[2024-08-28T13:04:34.272+0000][info][gc,marking     ] GC(1051) Concurrent Mark
[2024-08-28T13:04:34.272+0000][info][gc,marking     ] GC(1051) Concurrent Mark From Roots
[2024-08-28T13:04:34.272+0000][info][gc,task        ] GC(1051) Using 17 workers of 17 for marking
[2024-08-28T13:04:34.293+0000][info][gc,marking     ] GC(1051) Concurrent Mark From Roots 20.923ms
[2024-08-28T13:04:34.293+0000][info][gc,marking     ] GC(1051) Concurrent Preclean
[2024-08-28T13:04:34.294+0000][info][gc,marking     ] GC(1051) Concurrent Preclean 0.522ms
[2024-08-28T13:04:34.294+0000][info][gc,start       ] GC(1051) Pause Remark
[2024-08-28T13:04:34.295+0000][info][gc             ] GC(1051) Pause Remark 719M->719M(1024M) 1.292ms
[2024-08-28T13:04:34.295+0000][info][gc,cpu         ] GC(1051) User=0.00s Sys=0.00s Real=0.00s
[2024-08-28T13:04:34.295+0000][info][gc,marking     ] GC(1051) Concurrent Mark 23.106ms
[2024-08-28T13:04:34.295+0000][info][gc,marking     ] GC(1051) Concurrent Rebuild Remembered Sets
[2024-08-28T13:04:34.316+0000][info][gc,start       ] GC(1052) Pause Young (Normal) (G1 Evacuation Pause)
[2024-08-28T13:04:34.316+0000][info][gc,task        ] GC(1052) Using 24 workers of 68 for evacuation
[2024-08-28T13:04:34.333+0000][info][gc,phases      ] GC(1052)   Pre Evacuate Collection Set: 0.2ms
[2024-08-28T13:04:34.333+0000][info][gc,phases      ] GC(1052)   Merge Heap Roots: 0.4ms
[2024-08-28T13:04:34.333+0000][info][gc,phases      ] GC(1052)   Evacuate Collection Set: 15.8ms
[2024-08-28T13:04:34.333+0000][info][gc,phases      ] GC(1052)   Post Evacuate Collection Set: 0.5ms
[2024-08-28T13:04:34.333+0000][info][gc,phases      ] GC(1052)   Other: 0.3ms
[2024-08-28T13:04:34.333+0000][info][gc,heap        ] GC(1052) Eden regions: 70->0(46)
[2024-08-28T13:04:34.333+0000][info][gc,heap        ] GC(1052) Survivor regions: 16->11(11)
[2024-08-28T13:04:34.333+0000][info][gc,heap        ] GC(1052) Old regions: 676->754
[2024-08-28T13:04:34.334+0000][info][gc,heap        ] GC(1052) Archive regions: 2->2
[2024-08-28T13:04:34.334+0000][info][gc,heap        ] GC(1052) Humongous regions: 5->5
[2024-08-28T13:04:34.334+0000][info][gc,metaspace   ] GC(1052) Metaspace: 100K(320K)->100K(320K) NonClass: 96K(192K)->96K(192K) Class: 4K(128K)->4K(128K)
[2024-08-28T13:04:34.334+0000][info][gc             ] GC(1052) Pause Young (Normal) (G1 Evacuation Pause) 757M->760M(1024M) 17.291ms
[2024-08-28T13:04:34.334+0000][info][gc,cpu         ] GC(1052) User=0.40s Sys=0.00s Real=0.02s
[2024-08-28T13:04:34.359+0000][info][gc,start       ] GC(1053) Pause Young (Normal) (G1 Evacuation Pause)
[2024-08-28T13:04:34.359+0000][info][gc,task        ] GC(1053) Using 24 workers of 68 for evacuation
[2024-08-28T13:04:34.379+0000][info][gc,phases      ] GC(1053)   Pre Evacuate Collection Set: 0.1ms
[2024-08-28T13:04:34.379+0000][info][gc,phases      ] GC(1053)   Merge Heap Roots: 0.5ms
[2024-08-28T13:04:34.379+0000][info][gc,phases      ] GC(1053)   Evacuate Collection Set: 18.6ms
[2024-08-28T13:04:34.379+0000][info][gc,phases      ] GC(1053)   Post Evacuate Collection Set: 0.6ms
[2024-08-28T13:04:34.379+0000][info][gc,phases      ] GC(1053)   Other: 0.2ms
[2024-08-28T13:04:34.379+0000][info][gc,heap        ] GC(1053) Eden regions: 46->0(43)
[2024-08-28T13:04:34.379+0000][info][gc,heap        ] GC(1053) Survivor regions: 11->8(8)
[2024-08-28T13:04:34.379+0000][info][gc,heap        ] GC(1053) Old regions: 754->807
[2024-08-28T13:04:34.379+0000][info][gc,heap        ] GC(1053) Archive regions: 2->2
[2024-08-28T13:04:34.379+0000][info][gc,heap        ] GC(1053) Humongous regions: 5->5
[2024-08-28T13:04:34.379+0000][info][gc,metaspace   ] GC(1053) Metaspace: 100K(320K)->100K(320K) NonClass: 96K(192K)->96K(192K) Class: 4K(128K)->4K(128K)
[2024-08-28T13:04:34.379+0000][info][gc             ] GC(1053) Pause Young (Normal) (G1 Evacuation Pause) 806M->810M(1024M) 20.102ms
[2024-08-28T13:04:34.379+0000][info][gc,cpu         ] GC(1053) User=0.47s Sys=0.00s Real=0.02s
[2024-08-28T13:04:34.401+0000][info][gc,marking     ] GC(1051) Concurrent Rebuild Remembered Sets 105.977ms
[2024-08-28T13:04:34.402+0000][info][gc,start       ] GC(1051) Pause Cleanup
[2024-08-28T13:04:34.403+0000][info][gc             ] GC(1051) Pause Cleanup 850M->850M(1024M) 1.309ms
[2024-08-28T13:04:34.403+0000][info][gc,cpu         ] GC(1051) User=0.00s Sys=0.01s Real=0.00s
[2024-08-28T13:04:34.403+0000][info][gc,marking     ] GC(1051) Concurrent Cleanup for Next Mark
[2024-08-28T13:04:34.404+0000][info][gc,marking     ] GC(1051) Concurrent Cleanup for Next Mark 0.777ms
[2024-08-28T13:04:34.404+0000][info][gc             ] GC(1051) Concurrent Mark Cycle 135.318ms
[2024-08-28T13:04:34.406+0000][info][gc,start       ] GC(1054) Pause Young (Prepare Mixed) (G1 Evacuation Pause)
[2024-08-28T13:04:34.406+0000][info][gc,task        ] GC(1054) Using 24 workers of 68 for evacuation
[2024-08-28T13:04:34.420+0000][info][gc,phases      ] GC(1054)   Pre Evacuate Collection Set: 0.2ms
[2024-08-28T13:04:34.420+0000][info][gc,phases      ] GC(1054)   Merge Heap Roots: 0.5ms
[2024-08-28T13:04:34.420+0000][info][gc,phases      ] GC(1054)   Evacuate Collection Set: 13.3ms
[2024-08-28T13:04:34.420+0000][info][gc,phases      ] GC(1054)   Post Evacuate Collection Set: 0.3ms
[2024-08-28T13:04:34.420+0000][info][gc,phases      ] GC(1054)   Other: 0.2ms
[2024-08-28T13:04:34.420+0000][info][gc,heap        ] GC(1054) Eden regions: 43->0(44)
[2024-08-28T13:04:34.420+0000][info][gc,heap        ] GC(1054) Survivor regions: 8->7(7)
[2024-08-28T13:04:34.420+0000][info][gc,heap        ] GC(1054) Old regions: 807->855
[2024-08-28T13:04:34.420+0000][info][gc,heap        ] GC(1054) Archive regions: 2->2
[2024-08-28T13:04:34.420+0000][info][gc,heap        ] GC(1054) Humongous regions: 5->5
[2024-08-28T13:04:34.420+0000][info][gc,metaspace   ] GC(1054) Metaspace: 100K(320K)->100K(320K) NonClass: 96K(192K)->96K(192K) Class: 4K(128K)->4K(128K)
[2024-08-28T13:04:34.420+0000][info][gc             ] GC(1054) Pause Young (Prepare Mixed) (G1 Evacuation Pause) 853M->857M(1024M) 14.514ms
[2024-08-28T13:04:34.420+0000][info][gc,cpu         ] GC(1054) User=0.33s Sys=0.00s Real=0.02s
[2024-08-28T13:04:34.445+0000][info][gc,start       ] GC(1055) Pause Young (Mixed) (G1 Evacuation Pause)
[2024-08-28T13:04:34.445+0000][info][gc,task        ] GC(1055) Using 24 workers of 68 for evacuation
[2024-08-28T13:04:34.457+0000][info][gc,phases      ] GC(1055)   Pre Evacuate Collection Set: 0.2ms
[2024-08-28T13:04:34.457+0000][info][gc,phases      ] GC(1055)   Merge Heap Roots: 0.4ms
[2024-08-28T13:04:34.457+0000][info][gc,phases      ] GC(1055)   Evacuate Collection Set: 11.0ms
[2024-08-28T13:04:34.457+0000][info][gc,phases      ] GC(1055)   Post Evacuate Collection Set: 0.4ms
[2024-08-28T13:04:34.457+0000][info][gc,phases      ] GC(1055)   Other: 0.3ms
[2024-08-28T13:04:34.457+0000][info][gc,heap        ] GC(1055) Eden regions: 44->0(44)
[2024-08-28T13:04:34.457+0000][info][gc,heap        ] GC(1055) Survivor regions: 7->7(7)
[2024-08-28T13:04:34.457+0000][info][gc,heap        ] GC(1055) Old regions: 855->799
[2024-08-28T13:04:34.457+0000][info][gc,heap        ] GC(1055) Archive regions: 2->2
[2024-08-28T13:04:34.457+0000][info][gc,heap        ] GC(1055) Humongous regions: 5->5
[2024-08-28T13:04:34.457+0000][info][gc,metaspace   ] GC(1055) Metaspace: 100K(320K)->100K(320K) NonClass: 96K(192K)->96K(192K) Class: 4K(128K)->4K(128K)
[2024-08-28T13:04:34.457+0000][info][gc             ] GC(1055) Pause Young (Mixed) (G1 Evacuation Pause) 901M->806M(1024M) 12.310ms
[2024-08-28T13:04:34.457+0000][info][gc,cpu         ] GC(1055) User=0.27s Sys=0.00s Real=0.01s
[2024-08-28T13:04:34.482+0000][info][gc,start       ] GC(1056) Pause Young (Mixed) (G1 Evacuation Pause)
[2024-08-28T13:04:34.482+0000][info][gc,task        ] GC(1056) Using 24 workers of 68 for evacuation
[2024-08-28T13:04:34.494+0000][info][gc,phases      ] GC(1056)   Pre Evacuate Collection Set: 0.2ms
[2024-08-28T13:04:34.494+0000][info][gc,phases      ] GC(1056)   Merge Heap Roots: 0.5ms
[2024-08-28T13:04:34.494+0000][info][gc,phases      ] GC(1056)   Evacuate Collection Set: 11.3ms
[2024-08-28T13:04:34.494+0000][info][gc,phases      ] GC(1056)   Post Evacuate Collection Set: 0.3ms
[2024-08-28T13:04:34.494+0000][info][gc,phases      ] GC(1056)   Other: 0.2ms
[2024-08-28T13:04:34.494+0000][info][gc,heap        ] GC(1056) Eden regions: 44->0(47)
[2024-08-28T13:04:34.494+0000][info][gc,heap        ] GC(1056) Survivor regions: 7->7(7)
[2024-08-28T13:04:34.494+0000][info][gc,heap        ] GC(1056) Old regions: 799->755
[2024-08-28T13:04:34.494+0000][info][gc,heap        ] GC(1056) Archive regions: 2->2
[2024-08-28T13:04:34.494+0000][info][gc,heap        ] GC(1056) Humongous regions: 5->5
[2024-08-28T13:04:34.494+0000][info][gc,metaspace   ] GC(1056) Metaspace: 100K(320K)->100K(320K) NonClass: 96K(192K)->96K(192K) Class: 4K(128K)->4K(128K)
[2024-08-28T13:04:34.494+0000][info][gc             ] GC(1056) Pause Young (Mixed) (G1 Evacuation Pause) 850M->763M(1024M) 12.588ms
[2024-08-28T13:04:34.494+0000][info][gc,cpu         ] GC(1056) User=0.29s Sys=0.00s Real=0.01s
[2024-08-28T13:04:34.519+0000][info][gc,start       ] GC(1057) Pause Young (Concurrent Start) (G1 Evacuation Pause)
[2024-08-28T13:04:34.519+0000][info][gc,task        ] GC(1057) Using 24 workers of 68 for evacuation
[2024-08-28T13:04:34.531+0000][info][gc,phases      ] GC(1057)   Pre Evacuate Collection Set: 0.2ms
[2024-08-28T13:04:34.531+0000][info][gc,phases      ] GC(1057)   Merge Heap Roots: 0.4ms
[2024-08-28T13:04:34.531+0000][info][gc,phases      ] GC(1057)   Evacuate Collection Set: 10.4ms
[2024-08-28T13:04:34.531+0000][info][gc,phases      ] GC(1057)   Post Evacuate Collection Set: 0.3ms
[2024-08-28T13:04:34.531+0000][info][gc,phases      ] GC(1057)   Other: 0.6ms
[2024-08-28T13:04:34.531+0000][info][gc,heap        ] GC(1057) Eden regions: 47->0(44)
[2024-08-28T13:04:34.531+0000][info][gc,heap        ] GC(1057) Survivor regions: 7->7(7)
[2024-08-28T13:04:34.531+0000][info][gc,heap        ] GC(1057) Old regions: 755->805
[2024-08-28T13:04:34.531+0000][info][gc,heap        ] GC(1057) Archive regions: 2->2
[2024-08-28T13:04:34.531+0000][info][gc,heap        ] GC(1057) Humongous regions: 5->5
[2024-08-28T13:04:34.531+0000][info][gc,metaspace   ] GC(1057) Metaspace: 100K(320K)->100K(320K) NonClass: 96K(192K)->96K(192K) Class: 4K(128K)->4K(128K)
[2024-08-28T13:04:34.531+0000][info][gc             ] GC(1057) Pause Young (Concurrent Start) (G1 Evacuation Pause) 810M->813M(1024M) 11.949ms
[2024-08-28T13:04:34.531+0000][info][gc,cpu         ] GC(1057) User=0.26s Sys=0.00s Real=0.01s
[2024-08-28T13:04:34.531+0000][info][gc             ] GC(1058) Concurrent Mark Cycle
[2024-08-28T13:04:34.531+0000][info][gc,marking     ] GC(1058) Concurrent Clear Claimed Marks
[2024-08-28T13:04:34.531+0000][info][gc,marking     ] GC(1058) Concurrent Clear Claimed Marks 0.012ms
[2024-08-28T13:04:34.531+0000][info][gc,marking     ] GC(1058) Concurrent Scan Root Regions
[2024-08-28T13:04:34.533+0000][info][gc,marking     ] GC(1058) Concurrent Scan Root Regions 1.762ms
[2024-08-28T13:04:34.533+0000][info][gc,marking     ] GC(1058) Concurrent Mark
[2024-08-28T13:04:34.533+0000][info][gc,marking     ] GC(1058) Concurrent Mark From Roots
[2024-08-28T13:04:34.533+0000][info][gc,task        ] GC(1058) Using 17 workers of 17 for marking
[2024-08-28T13:04:34.557+0000][info][gc,marking     ] GC(1058) Concurrent Mark From Roots 24.512ms
[2024-08-28T13:04:34.557+0000][info][gc,marking     ] GC(1058) Concurrent Preclean
[2024-08-28T13:04:34.558+0000][info][gc,marking     ] GC(1058) Concurrent Preclean 0.527ms
[2024-08-28T13:04:34.558+0000][info][gc,start       ] GC(1058) Pause Remark
[2024-08-28T13:04:34.560+0000][info][gc             ] GC(1058) Pause Remark 849M->849M(1024M) 1.507ms
[2024-08-28T13:04:34.560+0000][info][gc,cpu         ] GC(1058) User=0.01s Sys=0.00s Real=0.00s
[2024-08-28T13:04:34.560+0000][info][gc,marking     ] GC(1058) Concurrent Mark 26.957ms
[2024-08-28T13:04:34.560+0000][info][gc,marking     ] GC(1058) Concurrent Rebuild Remembered Sets
[2024-08-28T13:04:34.565+0000][info][gc,start       ] GC(1059) Pause Young (Normal) (G1 Evacuation Pause)
[2024-08-28T13:04:34.565+0000][info][gc,task        ] GC(1059) Using 24 workers of 68 for evacuation
[2024-08-28T13:04:34.576+0000][info][gc,phases      ] GC(1059)   Pre Evacuate Collection Set: 0.2ms
[2024-08-28T13:04:34.576+0000][info][gc,phases      ] GC(1059)   Merge Heap Roots: 0.4ms
[2024-08-28T13:04:34.576+0000][info][gc,phases      ] GC(1059)   Evacuate Collection Set: 9.6ms
[2024-08-28T13:04:34.576+0000][info][gc,phases      ] GC(1059)   Post Evacuate Collection Set: 0.4ms
[2024-08-28T13:04:34.576+0000][info][gc,phases      ] GC(1059)   Other: 0.2ms
[2024-08-28T13:04:34.576+0000][info][gc,heap        ] GC(1059) Eden regions: 44->0(44)
[2024-08-28T13:04:34.576+0000][info][gc,heap        ] GC(1059) Survivor regions: 7->7(7)
[2024-08-28T13:04:34.576+0000][info][gc,heap        ] GC(1059) Old regions: 805->851
[2024-08-28T13:04:34.576+0000][info][gc,heap        ] GC(1059) Archive regions: 2->2
[2024-08-28T13:04:34.576+0000][info][gc,heap        ] GC(1059) Humongous regions: 5->5
[2024-08-28T13:04:34.576+0000][info][gc,metaspace   ] GC(1059) Metaspace: 100K(320K)->100K(320K) NonClass: 96K(192K)->96K(192K) Class: 4K(128K)->4K(128K)
[2024-08-28T13:04:34.576+0000][info][gc             ] GC(1059) Pause Young (Normal) (G1 Evacuation Pause) 857M->859M(1024M) 10.794ms
[2024-08-28T13:04:34.576+0000][info][gc,cpu         ] GC(1059) User=0.24s Sys=0.00s Real=0.01s
[2024-08-28T13:04:34.600+0000][info][gc,start       ] GC(1060) Pause Young (Normal) (G1 Evacuation Pause)
[2024-08-28T13:04:34.600+0000][info][gc,task        ] GC(1060) Using 24 workers of 68 for evacuation
[2024-08-28T13:04:34.614+0000][info][gc,phases      ] GC(1060)   Pre Evacuate Collection Set: 0.2ms
[2024-08-28T13:04:34.615+0000][info][gc,phases      ] GC(1060)   Merge Heap Roots: 0.5ms
[2024-08-28T13:04:34.615+0000][info][gc,phases      ] GC(1060)   Evacuate Collection Set: 13.2ms
[2024-08-28T13:04:34.615+0000][info][gc,phases      ] GC(1060)   Post Evacuate Collection Set: 0.5ms
[2024-08-28T13:04:34.615+0000][info][gc,phases      ] GC(1060)   Other: 0.3ms
[2024-08-28T13:04:34.615+0000][info][gc,heap        ] GC(1060) Eden regions: 44->0(44)
[2024-08-28T13:04:34.615+0000][info][gc,heap        ] GC(1060) Survivor regions: 7->7(7)
[2024-08-28T13:04:34.615+0000][info][gc,heap        ] GC(1060) Old regions: 851->898
[2024-08-28T13:04:34.615+0000][info][gc,heap        ] GC(1060) Archive regions: 2->2
[2024-08-28T13:04:34.615+0000][info][gc,heap        ] GC(1060) Humongous regions: 5->5
[2024-08-28T13:04:34.615+0000][info][gc,metaspace   ] GC(1060) Metaspace: 100K(320K)->100K(320K) NonClass: 96K(192K)->96K(192K) Class: 4K(128K)->4K(128K)
[2024-08-28T13:04:34.615+0000][info][gc             ] GC(1060) Pause Young (Normal) (G1 Evacuation Pause) 903M->906M(1024M) 14.684ms
[2024-08-28T13:04:34.615+0000][info][gc,cpu         ] GC(1060) User=0.33s Sys=0.00s Real=0.01s
[2024-08-28T13:04:34.639+0000][info][gc,start       ] GC(1061) Pause Young (Normal) (G1 Evacuation Pause)
[2024-08-28T13:04:34.639+0000][info][gc,task        ] GC(1061) Using 24 workers of 68 for evacuation
[2024-08-28T13:04:34.652+0000][info][gc,phases      ] GC(1061)   Pre Evacuate Collection Set: 0.2ms
[2024-08-28T13:04:34.652+0000][info][gc,phases      ] GC(1061)   Merge Heap Roots: 0.5ms
[2024-08-28T13:04:34.652+0000][info][gc,phases      ] GC(1061)   Evacuate Collection Set: 12.2ms
[2024-08-28T13:04:34.652+0000][info][gc,phases      ] GC(1061)   Post Evacuate Collection Set: 0.6ms
[2024-08-28T13:04:34.652+0000][info][gc,phases      ] GC(1061)   Other: 0.3ms
[2024-08-28T13:04:34.652+0000][info][gc,heap        ] GC(1061) Eden regions: 44->0(44)
[2024-08-28T13:04:34.652+0000][info][gc,heap        ] GC(1061) Survivor regions: 7->7(7)
[2024-08-28T13:04:34.652+0000][info][gc,heap        ] GC(1061) Old regions: 898->945
[2024-08-28T13:04:34.652+0000][info][gc,heap        ] GC(1061) Archive regions: 2->2
[2024-08-28T13:04:34.652+0000][info][gc,heap        ] GC(1061) Humongous regions: 5->5
[2024-08-28T13:04:34.652+0000][info][gc,metaspace   ] GC(1061) Metaspace: 100K(320K)->100K(320K) NonClass: 96K(192K)->96K(192K) Class: 4K(128K)->4K(128K)
[2024-08-28T13:04:34.652+0000][info][gc             ] GC(1061) Pause Young (Normal) (G1 Evacuation Pause) 950M->953M(1024M) 13.793ms
[2024-08-28T13:04:34.652+0000][info][gc,cpu         ] GC(1061) User=0.31s Sys=0.00s Real=0.01s
[2024-08-28T13:04:34.667+0000][info][gc,marking     ] GC(1058) Concurrent Rebuild Remembered Sets 107.645ms
[2024-08-28T13:04:34.668+0000][info][gc,start       ] GC(1058) Pause Cleanup
[2024-08-28T13:04:34.669+0000][info][gc             ] GC(1058) Pause Cleanup 980M->980M(1024M) 1.634ms
[2024-08-28T13:04:34.670+0000][info][gc,cpu         ] GC(1058) User=0.01s Sys=0.00s Real=0.01s
[2024-08-28T13:04:34.670+0000][info][gc,marking     ] GC(1058) Concurrent Cleanup for Next Mark
[2024-08-28T13:04:34.670+0000][info][gc,start       ] GC(1062) Pause Young (Prepare Mixed) (G1 Preventive Collection)
[2024-08-28T13:04:34.670+0000][info][gc,task        ] GC(1062) Using 24 workers of 68 for evacuation
[2024-08-28T13:04:34.681+0000][info][gc,phases      ] GC(1062)   Pre Evacuate Collection Set: 0.1ms
[2024-08-28T13:04:34.681+0000][info][gc,phases      ] GC(1062)   Merge Heap Roots: 0.5ms
[2024-08-28T13:04:34.681+0000][info][gc,phases      ] GC(1062)   Evacuate Collection Set: 10.3ms
[2024-08-28T13:04:34.681+0000][info][gc,phases      ] GC(1062)   Post Evacuate Collection Set: 0.3ms
[2024-08-28T13:04:34.681+0000][info][gc,phases      ] GC(1062)   Other: 0.1ms
[2024-08-28T13:04:34.681+0000][info][gc,heap        ] GC(1062) Eden regions: 27->0(44)
[2024-08-28T13:04:34.681+0000][info][gc,heap        ] GC(1062) Survivor regions: 7->7(7)
[2024-08-28T13:04:34.681+0000][info][gc,heap        ] GC(1062) Old regions: 945->976
[2024-08-28T13:04:34.681+0000][info][gc,heap        ] GC(1062) Archive regions: 2->2
[2024-08-28T13:04:34.681+0000][info][gc,heap        ] GC(1062) Humongous regions: 5->5
[2024-08-28T13:04:34.681+0000][info][gc,metaspace   ] GC(1062) Metaspace: 100K(320K)->100K(320K) NonClass: 96K(192K)->96K(192K) Class: 4K(128K)->4K(128K)
[2024-08-28T13:04:34.681+0000][info][gc             ] GC(1062) Pause Young (Prepare Mixed) (G1 Preventive Collection) 980M->984M(1024M) 11.562ms
[2024-08-28T13:04:34.681+0000][info][gc,cpu         ] GC(1062) User=0.26s Sys=0.01s Real=0.01s
[2024-08-28T13:04:34.682+0000][info][gc,marking     ] GC(1058) Concurrent Cleanup for Next Mark 12.436ms
[2024-08-28T13:04:34.682+0000][info][gc             ] GC(1058) Concurrent Mark Cycle 150.992ms
[2024-08-28T13:04:34.689+0000][info][gc,start       ] GC(1063) Pause Young (Mixed) (G1 Preventive Collection)
[2024-08-28T13:04:34.689+0000][info][gc,task        ] GC(1063) Using 24 workers of 68 for evacuation
[2024-08-28T13:04:34.695+0000][info][gc,phases      ] GC(1063)   Pre Evacuate Collection Set: 0.2ms
[2024-08-28T13:04:34.695+0000][info][gc,phases      ] GC(1063)   Merge Heap Roots: 0.3ms
[2024-08-28T13:04:34.695+0000][info][gc,phases      ] GC(1063)   Evacuate Collection Set: 5.0ms
[2024-08-28T13:04:34.695+0000][info][gc,phases      ] GC(1063)   Post Evacuate Collection Set: 0.3ms
[2024-08-28T13:04:34.695+0000][info][gc,phases      ] GC(1063)   Other: 0.2ms
[2024-08-28T13:04:34.695+0000][info][gc,heap        ] GC(1063) Eden regions: 12->0(44)
[2024-08-28T13:04:34.695+0000][info][gc,heap        ] GC(1063) Survivor regions: 7->7(7)
[2024-08-28T13:04:34.695+0000][info][gc,heap        ] GC(1063) Old regions: 976->887
[2024-08-28T13:04:34.695+0000][info][gc,heap        ] GC(1063) Archive regions: 2->2
[2024-08-28T13:04:34.695+0000][info][gc,heap        ] GC(1063) Humongous regions: 5->5
[2024-08-28T13:04:34.695+0000][info][gc,metaspace   ] GC(1063) Metaspace: 100K(320K)->100K(320K) NonClass: 96K(192K)->96K(192K) Class: 4K(128K)->4K(128K)
[2024-08-28T13:04:34.695+0000][info][gc             ] GC(1063) Pause Young (Mixed) (G1 Preventive Collection) 996M->897M(1024M) 6.084ms
[2024-08-28T13:04:34.695+0000][info][gc,cpu         ] GC(1063) User=0.12s Sys=0.00s Real=0.01s
[2024-08-28T13:04:34.718+0000][info][gc,start       ] GC(1064) Pause Young (Mixed) (G1 Evacuation Pause)
[2024-08-28T13:04:34.718+0000][info][gc,task        ] GC(1064) Using 24 workers of 68 for evacuation
[2024-08-28T13:04:34.729+0000][info][gc,phases      ] GC(1064)   Pre Evacuate Collection Set: 0.3ms
[2024-08-28T13:04:34.729+0000][info][gc,phases      ] GC(1064)   Merge Heap Roots: 0.4ms
[2024-08-28T13:04:34.729+0000][info][gc,phases      ] GC(1064)   Evacuate Collection Set: 9.9ms
[2024-08-28T13:04:34.729+0000][info][gc,phases      ] GC(1064)   Post Evacuate Collection Set: 0.4ms
[2024-08-28T13:04:34.729+0000][info][gc,phases      ] GC(1064)   Other: 0.3ms
[2024-08-28T13:04:34.729+0000][info][gc,heap        ] GC(1064) Eden regions: 44->0(44)
[2024-08-28T13:04:34.729+0000][info][gc,heap        ] GC(1064) Survivor regions: 7->7(7)
[2024-08-28T13:04:34.729+0000][info][gc,heap        ] GC(1064) Old regions: 887->828
[2024-08-28T13:04:34.729+0000][info][gc,heap        ] GC(1064) Archive regions: 2->2
[2024-08-28T13:04:34.729+0000][info][gc,heap        ] GC(1064) Humongous regions: 5->5
[2024-08-28T13:04:34.729+0000][info][gc,metaspace   ] GC(1064) Metaspace: 100K(320K)->100K(320K) NonClass: 96K(192K)->96K(192K) Class: 4K(128K)->4K(128K)
[2024-08-28T13:04:34.729+0000][info][gc             ] GC(1064) Pause Young (Mixed) (G1 Evacuation Pause) 941M->840M(1024M) 11.263ms
[2024-08-28T13:04:34.729+0000][info][gc,cpu         ] GC(1064) User=0.24s Sys=0.01s Real=0.00s
[2024-08-28T13:04:34.753+0000][info][gc,start       ] GC(1065) Pause Young (Mixed) (G1 Evacuation Pause)
[2024-08-28T13:04:34.753+0000][info][gc,task        ] GC(1065) Using 24 workers of 68 for evacuation
[2024-08-28T13:04:34.766+0000][info][gc,phases      ] GC(1065)   Pre Evacuate Collection Set: 0.2ms
[2024-08-28T13:04:34.766+0000][info][gc,phases      ] GC(1065)   Merge Heap Roots: 0.4ms
[2024-08-28T13:04:34.766+0000][info][gc,phases      ] GC(1065)   Evacuate Collection Set: 12.6ms
[2024-08-28T13:04:34.766+0000][info][gc,phases      ] GC(1065)   Post Evacuate Collection Set: 0.4ms
[2024-08-28T13:04:34.766+0000][info][gc,phases      ] GC(1065)   Other: 0.2ms
[2024-08-28T13:04:34.766+0000][info][gc,heap        ] GC(1065) Eden regions: 44->0(44)
[2024-08-28T13:04:34.766+0000][info][gc,heap        ] GC(1065) Survivor regions: 7->7(7)
[2024-08-28T13:04:34.766+0000][info][gc,heap        ] GC(1065) Old regions: 828->788
[2024-08-28T13:04:34.766+0000][info][gc,heap        ] GC(1065) Archive regions: 2->2
[2024-08-28T13:04:34.766+0000][info][gc,heap        ] GC(1065) Humongous regions: 5->5
[2024-08-28T13:04:34.766+0000][info][gc,metaspace   ] GC(1065) Metaspace: 100K(320K)->100K(320K) NonClass: 96K(192K)->96K(192K) Class: 4K(128K)->4K(128K)
[2024-08-28T13:04:34.766+0000][info][gc             ] GC(1065) Pause Young (Mixed) (G1 Evacuation Pause) 884M->800M(1024M) 13.850ms
[2024-08-28T13:04:34.766+0000][info][gc,cpu         ] GC(1065) User=0.31s Sys=0.00s Real=0.01s
[2024-08-28T13:04:34.790+0000][info][gc,start       ] GC(1066) Pause Young (Mixed) (G1 Evacuation Pause)
[2024-08-28T13:04:34.790+0000][info][gc,task        ] GC(1066) Using 24 workers of 68 for evacuation
[2024-08-28T13:04:34.803+0000][info][gc,phases      ] GC(1066)   Pre Evacuate Collection Set: 0.2ms
[2024-08-28T13:04:34.803+0000][info][gc,phases      ] GC(1066)   Merge Heap Roots: 0.4ms
[2024-08-28T13:04:34.803+0000][info][gc,phases      ] GC(1066)   Evacuate Collection Set: 12.4ms
[2024-08-28T13:04:34.803+0000][info][gc,phases      ] GC(1066)   Post Evacuate Collection Set: 0.4ms
[2024-08-28T13:04:34.803+0000][info][gc,phases      ] GC(1066)   Other: 0.2ms
[2024-08-28T13:04:34.803+0000][info][gc,heap        ] GC(1066) Eden regions: 44->0(44)
[2024-08-28T13:04:34.803+0000][info][gc,heap        ] GC(1066) Survivor regions: 7->7(7)
[2024-08-28T13:04:34.803+0000][info][gc,heap        ] GC(1066) Old regions: 788->811
[2024-08-28T13:04:34.803+0000][info][gc,heap        ] GC(1066) Archive regions: 2->2
[2024-08-28T13:04:34.803+0000][info][gc,heap        ] GC(1066) Humongous regions: 5->5
[2024-08-28T13:04:34.803+0000][info][gc,metaspace   ] GC(1066) Metaspace: 100K(320K)->100K(320K) NonClass: 96K(192K)->96K(192K) Class: 4K(128K)->4K(128K)
[2024-08-28T13:04:34.803+0000][info][gc             ] GC(1066) Pause Young (Mixed) (G1 Evacuation Pause) 844M->823M(1024M) 13.607ms
[2024-08-28T13:04:34.803+0000][info][gc,cpu         ] GC(1066) User=0.31s Sys=0.00s Real=0.01s
[2024-08-28T13:04:34.827+0000][info][gc,start       ] GC(1067) Pause Young (Concurrent Start) (G1 Evacuation Pause)
[2024-08-28T13:04:34.827+0000][info][gc,task        ] GC(1067) Using 24 workers of 68 for evacuation
[2024-08-28T13:04:34.839+0000][info][gc,phases      ] GC(1067)   Pre Evacuate Collection Set: 0.2ms
[2024-08-28T13:04:34.839+0000][info][gc,phases      ] GC(1067)   Merge Heap Roots: 0.4ms
[2024-08-28T13:04:34.839+0000][info][gc,phases      ] GC(1067)   Evacuate Collection Set: 10.1ms
[2024-08-28T13:04:34.839+0000][info][gc,phases      ] GC(1067)   Post Evacuate Collection Set: 0.3ms
[2024-08-28T13:04:34.839+0000][info][gc,phases      ] GC(1067)   Other: 0.7ms
[2024-08-28T13:04:34.839+0000][info][gc,heap        ] GC(1067) Eden regions: 44->0(44)
[2024-08-28T13:04:34.839+0000][info][gc,heap        ] GC(1067) Survivor regions: 7->7(7)
[2024-08-28T13:04:34.839+0000][info][gc,heap        ] GC(1067) Old regions: 811->858
[2024-08-28T13:04:34.839+0000][info][gc,heap        ] GC(1067) Archive regions: 2->2
[2024-08-28T13:04:34.839+0000][info][gc,heap        ] GC(1067) Humongous regions: 5->5
[2024-08-28T13:04:34.839+0000][info][gc,metaspace   ] GC(1067) Metaspace: 100K(320K)->100K(320K) NonClass: 96K(192K)->96K(192K) Class: 4K(128K)->4K(128K)
[2024-08-28T13:04:34.839+0000][info][gc             ] GC(1067) Pause Young (Concurrent Start) (G1 Evacuation Pause) 867M->870M(1024M) 11.782ms
[2024-08-28T13:04:34.839+0000][info][gc,cpu         ] GC(1067) User=0.25s Sys=0.00s Real=0.02s
[2024-08-28T13:04:34.839+0000][info][gc             ] GC(1068) Concurrent Mark Cycle
[2024-08-28T13:04:34.839+0000][info][gc,marking     ] GC(1068) Concurrent Clear Claimed Marks
[2024-08-28T13:04:34.839+0000][info][gc,marking     ] GC(1068) Concurrent Clear Claimed Marks 0.014ms
[2024-08-28T13:04:34.839+0000][info][gc,marking     ] GC(1068) Concurrent Scan Root Regions
[2024-08-28T13:04:34.841+0000][info][gc,marking     ] GC(1068) Concurrent Scan Root Regions 1.954ms
[2024-08-28T13:04:34.841+0000][info][gc,marking     ] GC(1068) Concurrent Mark
[2024-08-28T13:04:34.841+0000][info][gc,marking     ] GC(1068) Concurrent Mark From Roots
[2024-08-28T13:04:34.841+0000][info][gc,task        ] GC(1068) Using 17 workers of 17 for marking
[2024-08-28T13:04:34.865+0000][info][gc,marking     ] GC(1068) Concurrent Mark From Roots 24.402ms
[2024-08-28T13:04:34.866+0000][info][gc,marking     ] GC(1068) Concurrent Preclean
[2024-08-28T13:04:34.866+0000][info][gc,marking     ] GC(1068) Concurrent Preclean 0.859ms
[2024-08-28T13:04:34.867+0000][info][gc,start       ] GC(1068) Pause Remark
[2024-08-28T13:04:34.868+0000][info][gc             ] GC(1068) Pause Remark 907M->907M(1024M) 1.541ms
[2024-08-28T13:04:34.868+0000][info][gc,cpu         ] GC(1068) User=0.01s Sys=0.00s Real=0.00s
[2024-08-28T13:04:34.868+0000][info][gc,marking     ] GC(1068) Concurrent Mark 27.392ms
[2024-08-28T13:04:34.868+0000][info][gc,marking     ] GC(1068) Concurrent Rebuild Remembered Sets
[2024-08-28T13:04:34.873+0000][info][gc,start       ] GC(1069) Pause Young (Normal) (G1 Evacuation Pause)
[2024-08-28T13:04:34.873+0000][info][gc,task        ] GC(1069) Using 24 workers of 68 for evacuation
[2024-08-28T13:04:34.884+0000][info][gc,phases      ] GC(1069)   Pre Evacuate Collection Set: 0.2ms
[2024-08-28T13:04:34.884+0000][info][gc,phases      ] GC(1069)   Merge Heap Roots: 0.4ms
[2024-08-28T13:04:34.884+0000][info][gc,phases      ] GC(1069)   Evacuate Collection Set: 9.6ms
[2024-08-28T13:04:34.884+0000][info][gc,phases      ] GC(1069)   Post Evacuate Collection Set: 0.4ms
[2024-08-28T13:04:34.884+0000][info][gc,phases      ] GC(1069)   Other: 0.2ms
[2024-08-28T13:04:34.884+0000][info][gc,heap        ] GC(1069) Eden regions: 44->0(44)
[2024-08-28T13:04:34.884+0000][info][gc,heap        ] GC(1069) Survivor regions: 7->7(7)
[2024-08-28T13:04:34.884+0000][info][gc,heap        ] GC(1069) Old regions: 858->905
[2024-08-28T13:04:34.884+0000][info][gc,heap        ] GC(1069) Archive regions: 2->2
[2024-08-28T13:04:34.884+0000][info][gc,heap        ] GC(1069) Humongous regions: 5->5
[2024-08-28T13:04:34.884+0000][info][gc,metaspace   ] GC(1069) Metaspace: 100K(320K)->100K(320K) NonClass: 96K(192K)->96K(192K) Class: 4K(128K)->4K(128K)
[2024-08-28T13:04:34.884+0000][info][gc             ] GC(1069) Pause Young (Normal) (G1 Evacuation Pause) 914M->917M(1024M) 10.832ms
[2024-08-28T13:04:34.884+0000][info][gc,cpu         ] GC(1069) User=0.24s Sys=0.01s Real=0.01s
[2024-08-28T13:04:34.907+0000][info][gc,start       ] GC(1070) Pause Young (Normal) (G1 Evacuation Pause)
[2024-08-28T13:04:34.907+0000][info][gc,task        ] GC(1070) Using 24 workers of 68 for evacuation
[2024-08-28T13:04:34.922+0000][info][gc,phases      ] GC(1070)   Pre Evacuate Collection Set: 0.2ms
[2024-08-28T13:04:34.922+0000][info][gc,phases      ] GC(1070)   Merge Heap Roots: 0.5ms
[2024-08-28T13:04:34.923+0000][info][gc,phases      ] GC(1070)   Evacuate Collection Set: 13.7ms
[2024-08-28T13:04:34.923+0000][info][gc,phases      ] GC(1070)   Post Evacuate Collection Set: 0.5ms
[2024-08-28T13:04:34.923+0000][info][gc,phases      ] GC(1070)   Other: 0.3ms
[2024-08-28T13:04:34.923+0000][info][gc,heap        ] GC(1070) Eden regions: 44->0(44)
[2024-08-28T13:04:34.923+0000][info][gc,heap        ] GC(1070) Survivor regions: 7->7(7)
[2024-08-28T13:04:34.923+0000][info][gc,heap        ] GC(1070) Old regions: 905->952
[2024-08-28T13:04:34.923+0000][info][gc,heap        ] GC(1070) Archive regions: 2->2
[2024-08-28T13:04:34.923+0000][info][gc,heap        ] GC(1070) Humongous regions: 5->5
[2024-08-28T13:04:34.923+0000][info][gc,metaspace   ] GC(1070) Metaspace: 100K(320K)->100K(320K) NonClass: 96K(192K)->96K(192K) Class: 4K(128K)->4K(128K)
[2024-08-28T13:04:34.923+0000][info][gc             ] GC(1070) Pause Young (Normal) (G1 Evacuation Pause) 961M->964M(1024M) 15.175ms
[2024-08-28T13:04:34.923+0000][info][gc,cpu         ] GC(1070) User=0.35s Sys=0.00s Real=0.02s
[2024-08-28T13:04:34.936+0000][info][gc,start       ] GC(1071) Pause Young (Normal) (G1 Preventive Collection)
[2024-08-28T13:04:34.936+0000][info][gc,task        ] GC(1071) Using 24 workers of 68 for evacuation
[2024-08-28T13:04:34.949+0000][info][gc             ] GC(1071) To-space exhausted
[2024-08-28T13:04:34.949+0000][info][gc,phases      ] GC(1071)   Pre Evacuate Collection Set: 0.1ms
[2024-08-28T13:04:34.949+0000][info][gc,phases      ] GC(1071)   Merge Heap Roots: 0.5ms
[2024-08-28T13:04:34.949+0000][info][gc,phases      ] GC(1071)   Evacuate Collection Set: 11.0ms
[2024-08-28T13:04:34.949+0000][info][gc,phases      ] GC(1071)   Post Evacuate Collection Set: 1.0ms
[2024-08-28T13:04:34.949+0000][info][gc,phases      ] GC(1071)   Other: 0.2ms
[2024-08-28T13:04:34.949+0000][info][gc,heap        ] GC(1071) Eden regions: 24->0(44)
[2024-08-28T13:04:34.949+0000][info][gc,heap        ] GC(1071) Survivor regions: 7->7(7)
[2024-08-28T13:04:34.949+0000][info][gc,heap        ] GC(1071) Old regions: 952->1003
[2024-08-28T13:04:34.949+0000][info][gc,heap        ] GC(1071) Archive regions: 2->2
[2024-08-28T13:04:34.949+0000][info][gc,heap        ] GC(1071) Humongous regions: 5->5
[2024-08-28T13:04:34.949+0000][info][gc,metaspace   ] GC(1071) Metaspace: 100K(320K)->100K(320K) NonClass: 96K(192K)->96K(192K) Class: 4K(128K)->4K(128K)
[2024-08-28T13:04:34.949+0000][info][gc             ] GC(1071) Pause Young (Normal) (G1 Preventive Collection) 988M->1015M(1024M) 12.851ms
[2024-08-28T13:04:34.949+0000][info][gc,cpu         ] GC(1071) User=0.29s Sys=0.00s Real=0.01s
[2024-08-28T13:04:34.950+0000][info][gc,start       ] GC(1072) Pause Young (Normal) (G1 Preventive Collection)
[2024-08-28T13:04:34.950+0000][info][gc,task        ] GC(1072) Using 24 workers of 68 for evacuation
[2024-08-28T13:04:34.959+0000][info][gc             ] GC(1072) To-space exhausted
[2024-08-28T13:04:34.959+0000][info][gc,phases      ] GC(1072)   Pre Evacuate Collection Set: 0.1ms
[2024-08-28T13:04:34.959+0000][info][gc,phases      ] GC(1072)   Merge Heap Roots: 0.6ms
[2024-08-28T13:04:34.959+0000][info][gc,phases      ] GC(1072)   Evacuate Collection Set: 7.5ms
[2024-08-28T13:04:34.959+0000][info][gc,phases      ] GC(1072)   Post Evacuate Collection Set: 0.8ms
[2024-08-28T13:04:34.959+0000][info][gc,phases      ] GC(1072)   Other: 0.1ms
[2024-08-28T13:04:34.959+0000][info][gc,heap        ] GC(1072) Eden regions: 1->0(51)
[2024-08-28T13:04:34.959+0000][info][gc,heap        ] GC(1072) Survivor regions: 7->0(6)
[2024-08-28T13:04:34.959+0000][info][gc,heap        ] GC(1072) Old regions: 1003->1017
[2024-08-28T13:04:34.959+0000][info][gc,heap        ] GC(1072) Archive regions: 2->2
[2024-08-28T13:04:34.959+0000][info][gc,heap        ] GC(1072) Humongous regions: 5->5
[2024-08-28T13:04:34.959+0000][info][gc,metaspace   ] GC(1072) Metaspace: 100K(320K)->100K(320K) NonClass: 96K(192K)->96K(192K) Class: 4K(128K)->4K(128K)
[2024-08-28T13:04:34.959+0000][info][gc             ] GC(1072) Pause Young (Normal) (G1 Preventive Collection) 1016M->1022M(1024M) 9.221ms
[2024-08-28T13:04:34.959+0000][info][gc,cpu         ] GC(1072) User=0.20s Sys=0.00s Real=0.01s
[2024-08-28T13:04:34.959+0000][info][gc,ergo        ] Attempting full compaction
[2024-08-28T13:04:34.959+0000][info][gc,task        ] GC(1073) Using 24 workers of 68 for full compaction
[2024-08-28T13:04:34.959+0000][info][gc,start       ] GC(1073) Pause Full (G1 Compaction Pause)
[2024-08-28T13:04:34.960+0000][info][gc,phases,start] GC(1073) Phase 1: Mark live objects
[2024-08-28T13:04:34.976+0000][info][gc,phases      ] GC(1073) Phase 1: Mark live objects 15.558ms
[2024-08-28T13:04:34.976+0000][info][gc,phases,start] GC(1073) Phase 2: Prepare for compaction
[2024-08-28T13:04:34.985+0000][info][gc,phases      ] GC(1073) Phase 2: Prepare for compaction 9.393ms
[2024-08-28T13:04:34.985+0000][info][gc,phases,start] GC(1073) Phase 3: Adjust pointers
[2024-08-28T13:04:35.003+0000][info][gc,phases      ] GC(1073) Phase 3: Adjust pointers 17.560ms
[2024-08-28T13:04:35.003+0000][info][gc,phases,start] GC(1073) Phase 4: Compact heap
[2024-08-28T13:04:35.035+0000][info][gc,phases      ] GC(1073) Phase 4: Compact heap 32.601ms
[2024-08-28T13:04:35.037+0000][info][gc,heap        ] GC(1073) Eden regions: 0->0(150)
[2024-08-28T13:04:35.037+0000][info][gc,heap        ] GC(1073) Survivor regions: 0->0(6)
[2024-08-28T13:04:35.037+0000][info][gc,heap        ] GC(1073) Old regions: 1017->443
[2024-08-28T13:04:35.037+0000][info][gc,heap        ] GC(1073) Archive regions: 2->2
[2024-08-28T13:04:35.037+0000][info][gc,heap        ] GC(1073) Humongous regions: 5->5
[2024-08-28T13:04:35.037+0000][info][gc,metaspace   ] GC(1073) Metaspace: 100K(320K)->100K(320K) NonClass: 96K(192K)->96K(192K) Class: 4K(128K)->4K(128K)
[2024-08-28T13:04:35.037+0000][info][gc             ] GC(1073) Pause Full (G1 Compaction Pause) 1022M->435M(1024M) 77.454ms
[2024-08-28T13:04:35.037+0000][info][gc,cpu         ] GC(1073) User=1.63s Sys=0.00s Real=0.07s
[2024-08-28T13:04:35.037+0000][info][gc,marking     ] GC(1068) Concurrent Rebuild Remembered Sets 168.627ms
[2024-08-28T13:04:35.037+0000][info][gc,marking     ] GC(1068) Concurrent Mark Abort
[2024-08-28T13:04:35.037+0000][info][gc             ] GC(1068) Concurrent Mark Cycle 198.138ms
[2024-08-28T13:04:35.125+0000][info][gc,start       ] GC(1074) Pause Young (Normal) (G1 Evacuation Pause)
[2024-08-28T13:04:35.125+0000][info][gc,task        ] GC(1074) Using 24 workers of 68 for evacuation
[2024-08-28T13:04:35.148+0000][info][gc,phases      ] GC(1074)   Pre Evacuate Collection Set: 0.2ms
[2024-08-28T13:04:35.148+0000][info][gc,phases      ] GC(1074)   Merge Heap Roots: 0.5ms
[2024-08-28T13:04:35.148+0000][info][gc,phases      ] GC(1074)   Evacuate Collection Set: 21.8ms
[2024-08-28T13:04:35.148+0000][info][gc,phases      ] GC(1074)   Post Evacuate Collection Set: 0.4ms
[2024-08-28T13:04:35.148+0000][info][gc,phases      ] GC(1074)   Other: 0.3ms
[2024-08-28T13:04:35.148+0000][info][gc,heap        ] GC(1074) Eden regions: 150->0(103)
[2024-08-28T13:04:35.148+0000][info][gc,heap        ] GC(1074) Survivor regions: 0->19(19)
[2024-08-28T13:04:35.148+0000][info][gc,heap        ] GC(1074) Old regions: 443->570
[2024-08-28T13:04:35.148+0000][info][gc,heap        ] GC(1074) Archive regions: 2->2
[2024-08-28T13:04:35.148+0000][info][gc,heap        ] GC(1074) Humongous regions: 5->5
[2024-08-28T13:04:35.148+0000][info][gc,metaspace   ] GC(1074) Metaspace: 100K(320K)->100K(320K) NonClass: 96K(192K)->96K(192K) Class: 4K(128K)->4K(128K)
[2024-08-28T13:04:35.148+0000][info][gc             ] GC(1074) Pause Young (Normal) (G1 Evacuation Pause) 585M->580M(1024M) 23.083ms
[2024-08-28T13:04:35.148+0000][info][gc,cpu         ] GC(1074) User=0.53s Sys=0.00s Real=0.02s
[2024-08-28T13:04:35.204+0000][info][gc,start       ] GC(1075) Pause Young (Concurrent Start) (G1 Evacuation Pause)
[2024-08-28T13:04:35.204+0000][info][gc,task        ] GC(1075) Using 24 workers of 68 for evacuation
[2024-08-28T13:04:35.225+0000][info][gc,phases      ] GC(1075)   Pre Evacuate Collection Set: 0.2ms
[2024-08-28T13:04:35.225+0000][info][gc,phases      ] GC(1075)   Merge Heap Roots: 0.5ms
[2024-08-28T13:04:35.225+0000][info][gc,phases      ] GC(1075)   Evacuate Collection Set: 19.4ms
[2024-08-28T13:04:35.226+0000][info][gc,phases      ] GC(1075)   Post Evacuate Collection Set: 0.4ms
[2024-08-28T13:04:35.226+0000][info][gc,phases      ] GC(1075)   Other: 0.7ms
[2024-08-28T13:04:35.226+0000][info][gc,heap        ] GC(1075) Eden regions: 103->0(70)
[2024-08-28T13:04:35.226+0000][info][gc,heap        ] GC(1075) Survivor regions: 19->16(16)
[2024-08-28T13:04:35.226+0000][info][gc,heap        ] GC(1075) Old regions: 570->677
[2024-08-28T13:04:35.226+0000][info][gc,heap        ] GC(1075) Archive regions: 2->2
[2024-08-28T13:04:35.226+0000][info][gc,heap        ] GC(1075) Humongous regions: 5->5
[2024-08-28T13:04:35.226+0000][info][gc,metaspace   ] GC(1075) Metaspace: 100K(320K)->100K(320K) NonClass: 96K(192K)->96K(192K) Class: 4K(128K)->4K(128K)
[2024-08-28T13:04:35.226+0000][info][gc             ] GC(1075) Pause Young (Concurrent Start) (G1 Evacuation Pause) 683M->685M(1024M) 21.166ms
[2024-08-28T13:04:35.226+0000][info][gc,cpu         ] GC(1075) User=0.47s Sys=0.01s Real=0.02s
[2024-08-28T13:04:35.226+0000][info][gc             ] GC(1076) Concurrent Mark Cycle
[2024-08-28T13:04:35.226+0000][info][gc,marking     ] GC(1076) Concurrent Clear Claimed Marks
[2024-08-28T13:04:35.226+0000][info][gc,marking     ] GC(1076) Concurrent Clear Claimed Marks 0.010ms
[2024-08-28T13:04:35.226+0000][info][gc,marking     ] GC(1076) Concurrent Scan Root Regions
[2024-08-28T13:04:35.229+0000][info][gc,marking     ] GC(1076) Concurrent Scan Root Regions 3.731ms
[2024-08-28T13:04:35.229+0000][info][gc,marking     ] GC(1076) Concurrent Mark
[2024-08-28T13:04:35.229+0000][info][gc,marking     ] GC(1076) Concurrent Mark From Roots
[2024-08-28T13:04:35.229+0000][info][gc,task        ] GC(1076) Using 17 workers of 17 for marking
[2024-08-28T13:04:35.250+0000][info][gc,marking     ] GC(1076) Concurrent Mark From Roots 20.365ms
[2024-08-28T13:04:35.250+0000][info][gc,marking     ] GC(1076) Concurrent Preclean
[2024-08-28T13:04:35.250+0000][info][gc,marking     ] GC(1076) Concurrent Preclean 0.503ms
[2024-08-28T13:04:35.251+0000][info][gc,start       ] GC(1076) Pause Remark
[2024-08-28T13:04:35.252+0000][info][gc             ] GC(1076) Pause Remark 717M->717M(1024M) 1.044ms
[2024-08-28T13:04:35.252+0000][info][gc,cpu         ] GC(1076) User=0.00s Sys=0.00s Real=0.00s
[2024-08-28T13:04:35.252+0000][info][gc,marking     ] GC(1076) Concurrent Mark 22.262ms
[2024-08-28T13:04:35.252+0000][info][gc,marking     ] GC(1076) Concurrent Rebuild Remembered Sets
[2024-08-28T13:04:35.273+0000][info][gc,start       ] GC(1077) Pause Young (Normal) (G1 Evacuation Pause)
[2024-08-28T13:04:35.273+0000][info][gc,task        ] GC(1077) Using 24 workers of 68 for evacuation
[2024-08-28T13:04:35.291+0000][info][gc,phases      ] GC(1077)   Pre Evacuate Collection Set: 0.2ms
[2024-08-28T13:04:35.291+0000][info][gc,phases      ] GC(1077)   Merge Heap Roots: 0.4ms
[2024-08-28T13:04:35.291+0000][info][gc,phases      ] GC(1077)   Evacuate Collection Set: 16.1ms
[2024-08-28T13:04:35.291+0000][info][gc,phases      ] GC(1077)   Post Evacuate Collection Set: 0.5ms
[2024-08-28T13:04:35.291+0000][info][gc,phases      ] GC(1077)   Other: 0.2ms
[2024-08-28T13:04:35.291+0000][info][gc,heap        ] GC(1077) Eden regions: 70->0(46)
[2024-08-28T13:04:35.291+0000][info][gc,heap        ] GC(1077) Survivor regions: 16->11(11)
[2024-08-28T13:04:35.291+0000][info][gc,heap        ] GC(1077) Old regions: 677->755
[2024-08-28T13:04:35.291+0000][info][gc,heap        ] GC(1077) Archive regions: 2->2
[2024-08-28T13:04:35.291+0000][info][gc,heap        ] GC(1077) Humongous regions: 5->5
[2024-08-28T13:04:35.291+0000][info][gc,metaspace   ] GC(1077) Metaspace: 100K(320K)->100K(320K) NonClass: 96K(192K)->96K(192K) Class: 4K(128K)->4K(128K)
[2024-08-28T13:04:35.291+0000][info][gc             ] GC(1077) Pause Young (Normal) (G1 Evacuation Pause) 755M->758M(1024M) 17.488ms
[2024-08-28T13:04:35.291+0000][info][gc,cpu         ] GC(1077) User=0.40s Sys=0.00s Real=0.02s
[2024-08-28T13:04:35.316+0000][info][gc,start       ] GC(1078) Pause Young (Normal) (G1 Evacuation Pause)
[2024-08-28T13:04:35.316+0000][info][gc,task        ] GC(1078) Using 24 workers of 68 for evacuation
[2024-08-28T13:04:35.335+0000][info][gc,phases      ] GC(1078)   Pre Evacuate Collection Set: 0.2ms
[2024-08-28T13:04:35.336+0000][info][gc,phases      ] GC(1078)   Merge Heap Roots: 0.5ms
[2024-08-28T13:04:35.336+0000][info][gc,phases      ] GC(1078)   Evacuate Collection Set: 18.4ms
[2024-08-28T13:04:35.336+0000][info][gc,phases      ] GC(1078)   Post Evacuate Collection Set: 0.6ms
[2024-08-28T13:04:35.336+0000][info][gc,phases      ] GC(1078)   Other: 0.2ms
[2024-08-28T13:04:35.336+0000][info][gc,heap        ] GC(1078) Eden regions: 46->0(43)
[2024-08-28T13:04:35.336+0000][info][gc,heap        ] GC(1078) Survivor regions: 11->8(8)
[2024-08-28T13:04:35.336+0000][info][gc,heap        ] GC(1078) Old regions: 755->808
[2024-08-28T13:04:35.336+0000][info][gc,heap        ] GC(1078) Archive regions: 2->2
[2024-08-28T13:04:35.336+0000][info][gc,heap        ] GC(1078) Humongous regions: 5->5
[2024-08-28T13:04:35.336+0000][info][gc,metaspace   ] GC(1078) Metaspace: 100K(320K)->100K(320K) NonClass: 96K(192K)->96K(192K) Class: 4K(128K)->4K(128K)
[2024-08-28T13:04:35.336+0000][info][gc             ] GC(1078) Pause Young (Normal) (G1 Evacuation Pause) 804M->808M(1024M) 19.978ms
[2024-08-28T13:04:35.336+0000][info][gc,cpu         ] GC(1078) User=0.46s Sys=0.00s Real=0.02s
[2024-08-28T13:04:35.359+0000][info][gc,marking     ] GC(1076) Concurrent Rebuild Remembered Sets 106.866ms
[2024-08-28T13:04:35.359+0000][info][gc,start       ] GC(1076) Pause Cleanup
[2024-08-28T13:04:35.360+0000][info][gc             ] GC(1076) Pause Cleanup 847M->847M(1024M) 1.171ms
[2024-08-28T13:04:35.360+0000][info][gc,cpu         ] GC(1076) User=0.00s Sys=0.00s Real=0.00s
[2024-08-28T13:04:35.360+0000][info][gc,marking     ] GC(1076) Concurrent Cleanup for Next Mark
[2024-08-28T13:04:35.361+0000][info][gc,marking     ] GC(1076) Concurrent Cleanup for Next Mark 0.767ms
[2024-08-28T13:04:35.361+0000][info][gc             ] GC(1076) Concurrent Mark Cycle 135.310ms
[2024-08-28T13:04:35.364+0000][info][gc,start       ] GC(1079) Pause Young (Prepare Mixed) (G1 Evacuation Pause)
[2024-08-28T13:04:35.364+0000][info][gc,task        ] GC(1079) Using 24 workers of 68 for evacuation
[2024-08-28T13:04:35.377+0000][info][gc,phases      ] GC(1079)   Pre Evacuate Collection Set: 0.1ms
[2024-08-28T13:04:35.377+0000][info][gc,phases      ] GC(1079)   Merge Heap Roots: 0.5ms
[2024-08-28T13:04:35.377+0000][info][gc,phases      ] GC(1079)   Evacuate Collection Set: 12.4ms
[2024-08-28T13:04:35.377+0000][info][gc,phases      ] GC(1079)   Post Evacuate Collection Set: 0.3ms
[2024-08-28T13:04:35.377+0000][info][gc,phases      ] GC(1079)   Other: 0.2ms
[2024-08-28T13:04:35.377+0000][info][gc,heap        ] GC(1079) Eden regions: 43->0(44)
[2024-08-28T13:04:35.377+0000][info][gc,heap        ] GC(1079) Survivor regions: 8->7(7)
[2024-08-28T13:04:35.377+0000][info][gc,heap        ] GC(1079) Old regions: 808->856
[2024-08-28T13:04:35.377+0000][info][gc,heap        ] GC(1079) Archive regions: 2->2
[2024-08-28T13:04:35.377+0000][info][gc,heap        ] GC(1079) Humongous regions: 5->5
[2024-08-28T13:04:35.377+0000][info][gc,metaspace   ] GC(1079) Metaspace: 100K(320K)->100K(320K) NonClass: 96K(192K)->96K(192K) Class: 4K(128K)->4K(128K)
[2024-08-28T13:04:35.377+0000][info][gc             ] GC(1079) Pause Young (Prepare Mixed) (G1 Evacuation Pause) 851M->854M(1024M) 13.584ms
[2024-08-28T13:04:35.377+0000][info][gc,cpu         ] GC(1079) User=0.31s Sys=0.00s Real=0.01s
[2024-08-28T13:04:35.402+0000][info][gc,start       ] GC(1080) Pause Young (Mixed) (G1 Evacuation Pause)
[2024-08-28T13:04:35.402+0000][info][gc,task        ] GC(1080) Using 24 workers of 68 for evacuation
[2024-08-28T13:04:35.414+0000][info][gc,phases      ] GC(1080)   Pre Evacuate Collection Set: 0.2ms
[2024-08-28T13:04:35.414+0000][info][gc,phases      ] GC(1080)   Merge Heap Roots: 0.4ms
[2024-08-28T13:04:35.414+0000][info][gc,phases      ] GC(1080)   Evacuate Collection Set: 11.0ms
[2024-08-28T13:04:35.414+0000][info][gc,phases      ] GC(1080)   Post Evacuate Collection Set: 0.4ms
[2024-08-28T13:04:35.414+0000][info][gc,phases      ] GC(1080)   Other: 0.3ms
[2024-08-28T13:04:35.414+0000][info][gc,heap        ] GC(1080) Eden regions: 44->0(44)
[2024-08-28T13:04:35.414+0000][info][gc,heap        ] GC(1080) Survivor regions: 7->7(7)
[2024-08-28T13:04:35.414+0000][info][gc,heap        ] GC(1080) Old regions: 856->800
[2024-08-28T13:04:35.414+0000][info][gc,heap        ] GC(1080) Archive regions: 2->2
[2024-08-28T13:04:35.414+0000][info][gc,heap        ] GC(1080) Humongous regions: 5->5
[2024-08-28T13:04:35.414+0000][info][gc,metaspace   ] GC(1080) Metaspace: 100K(320K)->100K(320K) NonClass: 96K(192K)->96K(192K) Class: 4K(128K)->4K(128K)
[2024-08-28T13:04:35.414+0000][info][gc             ] GC(1080) Pause Young (Mixed) (G1 Evacuation Pause) 898M->807M(1024M) 12.303ms
[2024-08-28T13:04:35.414+0000][info][gc,cpu         ] GC(1080) User=0.26s Sys=0.02s Real=0.01s
[2024-08-28T13:04:35.437+0000][info][gc,start       ] GC(1081) Pause Young (Mixed) (G1 Evacuation Pause)
[2024-08-28T13:04:35.437+0000][info][gc,task        ] GC(1081) Using 24 workers of 68 for evacuation
[2024-08-28T13:04:35.450+0000][info][gc,phases      ] GC(1081)   Pre Evacuate Collection Set: 0.3ms
[2024-08-28T13:04:35.450+0000][info][gc,phases      ] GC(1081)   Merge Heap Roots: 0.5ms
[2024-08-28T13:04:35.450+0000][info][gc,phases      ] GC(1081)   Evacuate Collection Set: 11.5ms
[2024-08-28T13:04:35.450+0000][info][gc,phases      ] GC(1081)   Post Evacuate Collection Set: 0.4ms
[2024-08-28T13:04:35.450+0000][info][gc,phases      ] GC(1081)   Other: 0.2ms
[2024-08-28T13:04:35.450+0000][info][gc,heap        ] GC(1081) Eden regions: 44->0(48)
[2024-08-28T13:04:35.450+0000][info][gc,heap        ] GC(1081) Survivor regions: 7->7(7)
[2024-08-28T13:04:35.450+0000][info][gc,heap        ] GC(1081) Old regions: 800->753
[2024-08-28T13:04:35.450+0000][info][gc,heap        ] GC(1081) Archive regions: 2->2
[2024-08-28T13:04:35.450+0000][info][gc,heap        ] GC(1081) Humongous regions: 5->5
[2024-08-28T13:04:35.450+0000][info][gc,metaspace   ] GC(1081) Metaspace: 100K(320K)->100K(320K) NonClass: 96K(192K)->96K(192K) Class: 4K(128K)->4K(128K)
[2024-08-28T13:04:35.450+0000][info][gc             ] GC(1081) Pause Young (Mixed) (G1 Evacuation Pause) 851M->763M(1024M) 12.915ms
[2024-08-28T13:04:35.450+0000][info][gc,cpu         ] GC(1081) User=0.27s Sys=0.02s Real=0.02s
[2024-08-28T13:04:35.476+0000][info][gc,start       ] GC(1082) Pause Young (Concurrent Start) (G1 Evacuation Pause)
[2024-08-28T13:04:35.476+0000][info][gc,task        ] GC(1082) Using 24 workers of 68 for evacuation
[2024-08-28T13:04:35.488+0000][info][gc,phases      ] GC(1082)   Pre Evacuate Collection Set: 0.2ms
[2024-08-28T13:04:35.488+0000][info][gc,phases      ] GC(1082)   Merge Heap Roots: 0.4ms
[2024-08-28T13:04:35.488+0000][info][gc,phases      ] GC(1082)   Evacuate Collection Set: 10.7ms
[2024-08-28T13:04:35.488+0000][info][gc,phases      ] GC(1082)   Post Evacuate Collection Set: 0.4ms
[2024-08-28T13:04:35.488+0000][info][gc,phases      ] GC(1082)   Other: 0.6ms
[2024-08-28T13:04:35.488+0000][info][gc,heap        ] GC(1082) Eden regions: 48->0(44)
[2024-08-28T13:04:35.488+0000][info][gc,heap        ] GC(1082) Survivor regions: 7->7(7)
[2024-08-28T13:04:35.488+0000][info][gc,heap        ] GC(1082) Old regions: 753->804
[2024-08-28T13:04:35.488+0000][info][gc,heap        ] GC(1082) Archive regions: 2->2
[2024-08-28T13:04:35.488+0000][info][gc,heap        ] GC(1082) Humongous regions: 5->5
[2024-08-28T13:04:35.488+0000][info][gc,metaspace   ] GC(1082) Metaspace: 100K(320K)->100K(320K) NonClass: 96K(192K)->96K(192K) Class: 4K(128K)->4K(128K)
[2024-08-28T13:04:35.488+0000][info][gc             ] GC(1082) Pause Young (Concurrent Start) (G1 Evacuation Pause) 811M->813M(1024M) 12.268ms
[2024-08-28T13:04:35.488+0000][info][gc,cpu         ] GC(1082) User=0.26s Sys=0.00s Real=0.01s
[2024-08-28T13:04:35.488+0000][info][gc             ] GC(1083) Concurrent Mark Cycle
[2024-08-28T13:04:35.488+0000][info][gc,marking     ] GC(1083) Concurrent Clear Claimed Marks
[2024-08-28T13:04:35.488+0000][info][gc,marking     ] GC(1083) Concurrent Clear Claimed Marks 0.011ms
[2024-08-28T13:04:35.488+0000][info][gc,marking     ] GC(1083) Concurrent Scan Root Regions
[2024-08-28T13:04:35.490+0000][info][gc,marking     ] GC(1083) Concurrent Scan Root Regions 1.959ms
[2024-08-28T13:04:35.490+0000][info][gc,marking     ] GC(1083) Concurrent Mark
[2024-08-28T13:04:35.490+0000][info][gc,marking     ] GC(1083) Concurrent Mark From Roots
[2024-08-28T13:04:35.490+0000][info][gc,task        ] GC(1083) Using 17 workers of 17 for marking
[2024-08-28T13:04:35.514+0000][info][gc,marking     ] GC(1083) Concurrent Mark From Roots 24.004ms
[2024-08-28T13:04:35.514+0000][info][gc,marking     ] GC(1083) Concurrent Preclean
[2024-08-28T13:04:35.515+0000][info][gc,marking     ] GC(1083) Concurrent Preclean 0.832ms
[2024-08-28T13:04:35.515+0000][info][gc,start       ] GC(1083) Pause Remark
[2024-08-28T13:04:35.517+0000][info][gc             ] GC(1083) Pause Remark 849M->849M(1024M) 1.499ms
[2024-08-28T13:04:35.517+0000][info][gc,cpu         ] GC(1083) User=0.01s Sys=0.00s Real=0.00s
[2024-08-28T13:04:35.517+0000][info][gc,marking     ] GC(1083) Concurrent Mark 26.802ms
[2024-08-28T13:04:35.517+0000][info][gc,marking     ] GC(1083) Concurrent Rebuild Remembered Sets
[2024-08-28T13:04:35.522+0000][info][gc,start       ] GC(1084) Pause Young (Normal) (G1 Evacuation Pause)
[2024-08-28T13:04:35.522+0000][info][gc,task        ] GC(1084) Using 24 workers of 68 for evacuation
[2024-08-28T13:04:35.533+0000][info][gc,phases      ] GC(1084)   Pre Evacuate Collection Set: 0.2ms
[2024-08-28T13:04:35.533+0000][info][gc,phases      ] GC(1084)   Merge Heap Roots: 0.4ms
[2024-08-28T13:04:35.533+0000][info][gc,phases      ] GC(1084)   Evacuate Collection Set: 9.8ms
[2024-08-28T13:04:35.533+0000][info][gc,phases      ] GC(1084)   Post Evacuate Collection Set: 0.4ms
[2024-08-28T13:04:35.533+0000][info][gc,phases      ] GC(1084)   Other: 0.2ms
[2024-08-28T13:04:35.533+0000][info][gc,heap        ] GC(1084) Eden regions: 44->0(44)
[2024-08-28T13:04:35.533+0000][info][gc,heap        ] GC(1084) Survivor regions: 7->7(7)
[2024-08-28T13:04:35.533+0000][info][gc,heap        ] GC(1084) Old regions: 804->851
[2024-08-28T13:04:35.533+0000][info][gc,heap        ] GC(1084) Archive regions: 2->2
[2024-08-28T13:04:35.533+0000][info][gc,heap        ] GC(1084) Humongous regions: 5->5
[2024-08-28T13:04:35.533+0000][info][gc,metaspace   ] GC(1084) Metaspace: 100K(320K)->100K(320K) NonClass: 96K(192K)->96K(192K) Class: 4K(128K)->4K(128K)
[2024-08-28T13:04:35.533+0000][info][gc             ] GC(1084) Pause Young (Normal) (G1 Evacuation Pause) 857M->860M(1024M) 10.968ms
[2024-08-28T13:04:35.533+0000][info][gc,cpu         ] GC(1084) User=0.24s Sys=0.00s Real=0.01s
[2024-08-28T13:04:35.558+0000][info][gc,start       ] GC(1085) Pause Young (Normal) (G1 Evacuation Pause)
[2024-08-28T13:04:35.558+0000][info][gc,task        ] GC(1085) Using 24 workers of 68 for evacuation
[2024-08-28T13:04:35.573+0000][info][gc,phases      ] GC(1085)   Pre Evacuate Collection Set: 0.1ms
[2024-08-28T13:04:35.573+0000][info][gc,phases      ] GC(1085)   Merge Heap Roots: 0.5ms
[2024-08-28T13:04:35.573+0000][info][gc,phases      ] GC(1085)   Evacuate Collection Set: 13.9ms
[2024-08-28T13:04:35.573+0000][info][gc,phases      ] GC(1085)   Post Evacuate Collection Set: 0.5ms
[2024-08-28T13:04:35.573+0000][info][gc,phases      ] GC(1085)   Other: 0.2ms
[2024-08-28T13:04:35.573+0000][info][gc,heap        ] GC(1085) Eden regions: 44->0(44)
[2024-08-28T13:04:35.573+0000][info][gc,heap        ] GC(1085) Survivor regions: 7->7(7)
[2024-08-28T13:04:35.573+0000][info][gc,heap        ] GC(1085) Old regions: 851->897
[2024-08-28T13:04:35.573+0000][info][gc,heap        ] GC(1085) Archive regions: 2->2
[2024-08-28T13:04:35.573+0000][info][gc,heap        ] GC(1085) Humongous regions: 5->5
[2024-08-28T13:04:35.573+0000][info][gc,metaspace   ] GC(1085) Metaspace: 100K(320K)->100K(320K) NonClass: 96K(192K)->96K(192K) Class: 4K(128K)->4K(128K)
[2024-08-28T13:04:35.573+0000][info][gc             ] GC(1085) Pause Young (Normal) (G1 Evacuation Pause) 904M->907M(1024M) 15.257ms
[2024-08-28T13:04:35.573+0000][info][gc,cpu         ] GC(1085) User=0.34s Sys=0.00s Real=0.01s
[2024-08-28T13:04:35.597+0000][info][gc,start       ] GC(1086) Pause Young (Normal) (G1 Evacuation Pause)
[2024-08-28T13:04:35.597+0000][info][gc,task        ] GC(1086) Using 24 workers of 68 for evacuation
[2024-08-28T13:04:35.612+0000][info][gc,phases      ] GC(1086)   Pre Evacuate Collection Set: 0.1ms
[2024-08-28T13:04:35.612+0000][info][gc,phases      ] GC(1086)   Merge Heap Roots: 0.5ms
[2024-08-28T13:04:35.612+0000][info][gc,phases      ] GC(1086)   Evacuate Collection Set: 13.2ms
[2024-08-28T13:04:35.612+0000][info][gc,phases      ] GC(1086)   Post Evacuate Collection Set: 0.6ms
[2024-08-28T13:04:35.612+0000][info][gc,phases      ] GC(1086)   Other: 0.2ms
[2024-08-28T13:04:35.612+0000][info][gc,heap        ] GC(1086) Eden regions: 44->0(44)
[2024-08-28T13:04:35.612+0000][info][gc,heap        ] GC(1086) Survivor regions: 7->7(7)
[2024-08-28T13:04:35.612+0000][info][gc,heap        ] GC(1086) Old regions: 897->944
[2024-08-28T13:04:35.612+0000][info][gc,heap        ] GC(1086) Archive regions: 2->2
[2024-08-28T13:04:35.612+0000][info][gc,heap        ] GC(1086) Humongous regions: 5->5
[2024-08-28T13:04:35.612+0000][info][gc,metaspace   ] GC(1086) Metaspace: 100K(320K)->100K(320K) NonClass: 96K(192K)->96K(192K) Class: 4K(128K)->4K(128K)
[2024-08-28T13:04:35.612+0000][info][gc             ] GC(1086) Pause Young (Normal) (G1 Evacuation Pause) 951M->953M(1024M) 14.773ms
[2024-08-28T13:04:35.612+0000][info][gc,cpu         ] GC(1086) User=0.34s Sys=0.00s Real=0.02s
[2024-08-28T13:04:35.627+0000][info][gc,marking     ] GC(1083) Concurrent Rebuild Remembered Sets 110.446ms
[2024-08-28T13:04:35.628+0000][info][gc,start       ] GC(1083) Pause Cleanup
[2024-08-28T13:04:35.629+0000][info][gc             ] GC(1083) Pause Cleanup 978M->978M(1024M) 1.559ms
[2024-08-28T13:04:35.629+0000][info][gc,cpu         ] GC(1083) User=0.01s Sys=0.00s Real=0.00s
[2024-08-28T13:04:35.629+0000][info][gc,marking     ] GC(1083) Concurrent Cleanup for Next Mark
[2024-08-28T13:04:35.630+0000][info][gc,marking     ] GC(1083) Concurrent Cleanup for Next Mark 0.697ms
[2024-08-28T13:04:35.630+0000][info][gc             ] GC(1083) Concurrent Mark Cycle 141.915ms
[2024-08-28T13:04:35.632+0000][info][gc,start       ] GC(1087) Pause Young (Prepare Mixed) (G1 Preventive Collection)
[2024-08-28T13:04:35.632+0000][info][gc,task        ] GC(1087) Using 24 workers of 68 for evacuation
[2024-08-28T13:04:35.644+0000][info][gc             ] GC(1087) To-space exhausted
[2024-08-28T13:04:35.644+0000][info][gc,phases      ] GC(1087)   Pre Evacuate Collection Set: 0.1ms
[2024-08-28T13:04:35.644+0000][info][gc,phases      ] GC(1087)   Merge Heap Roots: 0.5ms
[2024-08-28T13:04:35.644+0000][info][gc,phases      ] GC(1087)   Evacuate Collection Set: 10.1ms
[2024-08-28T13:04:35.644+0000][info][gc,phases      ] GC(1087)   Post Evacuate Collection Set: 0.6ms
[2024-08-28T13:04:35.644+0000][info][gc,phases      ] GC(1087)   Other: 0.2ms
[2024-08-28T13:04:35.644+0000][info][gc,heap        ] GC(1087) Eden regions: 28->0(44)
[2024-08-28T13:04:35.644+0000][info][gc,heap        ] GC(1087) Survivor regions: 7->7(7)
[2024-08-28T13:04:35.644+0000][info][gc,heap        ] GC(1087) Old regions: 944->986
[2024-08-28T13:04:35.644+0000][info][gc,heap        ] GC(1087) Archive regions: 2->2
[2024-08-28T13:04:35.644+0000][info][gc,heap        ] GC(1087) Humongous regions: 5->5
[2024-08-28T13:04:35.644+0000][info][gc,metaspace   ] GC(1087) Metaspace: 100K(320K)->100K(320K) NonClass: 96K(192K)->96K(192K) Class: 4K(128K)->4K(128K)
[2024-08-28T13:04:35.644+0000][info][gc             ] GC(1087) Pause Young (Prepare Mixed) (G1 Preventive Collection) 981M->996M(1024M) 11.523ms
[2024-08-28T13:04:35.644+0000][info][gc,cpu         ] GC(1087) User=0.26s Sys=0.00s Real=0.01s
[2024-08-28T13:04:35.648+0000][info][gc,start       ] GC(1088) Pause Young (Mixed) (G1 Preventive Collection)
[2024-08-28T13:04:35.648+0000][info][gc,task        ] GC(1088) Using 24 workers of 68 for evacuation
[2024-08-28T13:04:35.653+0000][info][gc             ] GC(1088) To-space exhausted
[2024-08-28T13:04:35.653+0000][info][gc,phases      ] GC(1088)   Pre Evacuate Collection Set: 0.2ms
[2024-08-28T13:04:35.653+0000][info][gc,phases      ] GC(1088)   Merge Heap Roots: 0.2ms
[2024-08-28T13:04:35.653+0000][info][gc,phases      ] GC(1088)   Evacuate Collection Set: 4.1ms
[2024-08-28T13:04:35.653+0000][info][gc,phases      ] GC(1088)   Post Evacuate Collection Set: 0.5ms
[2024-08-28T13:04:35.653+0000][info][gc,phases      ] GC(1088)   Other: 0.2ms
[2024-08-28T13:04:35.653+0000][info][gc,heap        ] GC(1088) Eden regions: 7->0(44)
[2024-08-28T13:04:35.653+0000][info][gc,heap        ] GC(1088) Survivor regions: 7->7(7)
[2024-08-28T13:04:35.653+0000][info][gc,heap        ] GC(1088) Old regions: 986->902
[2024-08-28T13:04:35.653+0000][info][gc,heap        ] GC(1088) Archive regions: 2->2
[2024-08-28T13:04:35.653+0000][info][gc,heap        ] GC(1088) Humongous regions: 5->5
[2024-08-28T13:04:35.653+0000][info][gc,metaspace   ] GC(1088) Metaspace: 100K(320K)->100K(320K) NonClass: 96K(192K)->96K(192K) Class: 4K(128K)->4K(128K)
[2024-08-28T13:04:35.653+0000][info][gc             ] GC(1088) Pause Young (Mixed) (G1 Preventive Collection) 1003M->914M(1024M) 5.136ms
[2024-08-28T13:04:35.653+0000][info][gc,cpu         ] GC(1088) User=0.11s Sys=0.00s Real=0.01s
[2024-08-28T13:04:35.676+0000][info][gc,start       ] GC(1089) Pause Young (Mixed) (G1 Evacuation Pause)
[2024-08-28T13:04:35.676+0000][info][gc,task        ] GC(1089) Using 24 workers of 68 for evacuation
[2024-08-28T13:04:35.686+0000][info][gc,phases      ] GC(1089)   Pre Evacuate Collection Set: 0.2ms
[2024-08-28T13:04:35.687+0000][info][gc,phases      ] GC(1089)   Merge Heap Roots: 0.4ms
[2024-08-28T13:04:35.687+0000][info][gc,phases      ] GC(1089)   Evacuate Collection Set: 9.7ms
[2024-08-28T13:04:35.687+0000][info][gc,phases      ] GC(1089)   Post Evacuate Collection Set: 0.4ms
[2024-08-28T13:04:35.687+0000][info][gc,phases      ] GC(1089)   Other: 0.2ms
[2024-08-28T13:04:35.687+0000][info][gc,heap        ] GC(1089) Eden regions: 44->0(44)
[2024-08-28T13:04:35.687+0000][info][gc,heap        ] GC(1089) Survivor regions: 7->7(7)
[2024-08-28T13:04:35.687+0000][info][gc,heap        ] GC(1089) Old regions: 902->843
[2024-08-28T13:04:35.687+0000][info][gc,heap        ] GC(1089) Archive regions: 2->2
[2024-08-28T13:04:35.687+0000][info][gc,heap        ] GC(1089) Humongous regions: 5->5
[2024-08-28T13:04:35.687+0000][info][gc,metaspace   ] GC(1089) Metaspace: 100K(320K)->100K(320K) NonClass: 96K(192K)->96K(192K) Class: 4K(128K)->4K(128K)
[2024-08-28T13:04:35.687+0000][info][gc             ] GC(1089) Pause Young (Mixed) (G1 Evacuation Pause) 958M->855M(1024M) 10.983ms
[2024-08-28T13:04:35.687+0000][info][gc,cpu         ] GC(1089) User=0.24s Sys=0.00s Real=0.01s
[2024-08-28T13:04:35.710+0000][info][gc,start       ] GC(1090) Pause Young (Mixed) (G1 Evacuation Pause)
[2024-08-28T13:04:35.711+0000][info][gc,task        ] GC(1090) Using 24 workers of 68 for evacuation
[2024-08-28T13:04:35.724+0000][info][gc,phases      ] GC(1090)   Pre Evacuate Collection Set: 0.2ms
[2024-08-28T13:04:35.724+0000][info][gc,phases      ] GC(1090)   Merge Heap Roots: 0.4ms
[2024-08-28T13:04:35.724+0000][info][gc,phases      ] GC(1090)   Evacuate Collection Set: 12.3ms
[2024-08-28T13:04:35.724+0000][info][gc,phases      ] GC(1090)   Post Evacuate Collection Set: 0.4ms
[2024-08-28T13:04:35.724+0000][info][gc,phases      ] GC(1090)   Other: 0.2ms
[2024-08-28T13:04:35.724+0000][info][gc,heap        ] GC(1090) Eden regions: 44->0(44)
[2024-08-28T13:04:35.724+0000][info][gc,heap        ] GC(1090) Survivor regions: 7->7(7)
[2024-08-28T13:04:35.724+0000][info][gc,heap        ] GC(1090) Old regions: 843->804
[2024-08-28T13:04:35.724+0000][info][gc,heap        ] GC(1090) Archive regions: 2->2
[2024-08-28T13:04:35.724+0000][info][gc,heap        ] GC(1090) Humongous regions: 5->5
[2024-08-28T13:04:35.724+0000][info][gc,metaspace   ] GC(1090) Metaspace: 100K(320K)->100K(320K) NonClass: 96K(192K)->96K(192K) Class: 4K(128K)->4K(128K)
[2024-08-28T13:04:35.724+0000][info][gc             ] GC(1090) Pause Young (Mixed) (G1 Evacuation Pause) 899M->816M(1024M) 13.532ms
[2024-08-28T13:04:35.724+0000][info][gc,cpu         ] GC(1090) User=0.31s Sys=0.00s Real=0.01s
[2024-08-28T13:04:35.747+0000][info][gc,start       ] GC(1091) Pause Young (Mixed) (G1 Evacuation Pause)
[2024-08-28T13:04:35.748+0000][info][gc,task        ] GC(1091) Using 24 workers of 68 for evacuation
[2024-08-28T13:04:35.761+0000][info][gc,phases      ] GC(1091)   Pre Evacuate Collection Set: 0.2ms
[2024-08-28T13:04:35.761+0000][info][gc,phases      ] GC(1091)   Merge Heap Roots: 0.4ms
[2024-08-28T13:04:35.761+0000][info][gc,phases      ] GC(1091)   Evacuate Collection Set: 12.6ms
[2024-08-28T13:04:35.761+0000][info][gc,phases      ] GC(1091)   Post Evacuate Collection Set: 0.4ms
[2024-08-28T13:04:35.761+0000][info][gc,phases      ] GC(1091)   Other: 0.2ms
[2024-08-28T13:04:35.761+0000][info][gc,heap        ] GC(1091) Eden regions: 44->0(44)
[2024-08-28T13:04:35.761+0000][info][gc,heap        ] GC(1091) Survivor regions: 7->7(7)
[2024-08-28T13:04:35.761+0000][info][gc,heap        ] GC(1091) Old regions: 804->827
[2024-08-28T13:04:35.761+0000][info][gc,heap        ] GC(1091) Archive regions: 2->2
[2024-08-28T13:04:35.761+0000][info][gc,heap        ] GC(1091) Humongous regions: 5->5
[2024-08-28T13:04:35.761+0000][info][gc,metaspace   ] GC(1091) Metaspace: 100K(320K)->100K(320K) NonClass: 96K(192K)->96K(192K) Class: 4K(128K)->4K(128K)
[2024-08-28T13:04:35.761+0000][info][gc             ] GC(1091) Pause Young (Mixed) (G1 Evacuation Pause) 860M->839M(1024M) 13.825ms
[2024-08-28T13:04:35.761+0000][info][gc,cpu         ] GC(1091) User=0.31s Sys=0.00s Real=0.02s
[2024-08-28T13:04:35.785+0000][info][gc,start       ] GC(1092) Pause Young (Concurrent Start) (G1 Evacuation Pause)
[2024-08-28T13:04:35.785+0000][info][gc,task        ] GC(1092) Using 24 workers of 68 for evacuation
[2024-08-28T13:04:35.796+0000][info][gc,phases      ] GC(1092)   Pre Evacuate Collection Set: 0.2ms
[2024-08-28T13:04:35.796+0000][info][gc,phases      ] GC(1092)   Merge Heap Roots: 0.4ms
[2024-08-28T13:04:35.796+0000][info][gc,phases      ] GC(1092)   Evacuate Collection Set: 10.3ms
[2024-08-28T13:04:35.796+0000][info][gc,phases      ] GC(1092)   Post Evacuate Collection Set: 0.4ms
[2024-08-28T13:04:35.796+0000][info][gc,phases      ] GC(1092)   Other: 0.6ms
[2024-08-28T13:04:35.797+0000][info][gc,heap        ] GC(1092) Eden regions: 44->0(44)
[2024-08-28T13:04:35.797+0000][info][gc,heap        ] GC(1092) Survivor regions: 7->7(7)
[2024-08-28T13:04:35.797+0000][info][gc,heap        ] GC(1092) Old regions: 827->875
[2024-08-28T13:04:35.797+0000][info][gc,heap        ] GC(1092) Archive regions: 2->2
[2024-08-28T13:04:35.797+0000][info][gc,heap        ] GC(1092) Humongous regions: 5->5
[2024-08-28T13:04:35.797+0000][info][gc,metaspace   ] GC(1092) Metaspace: 100K(320K)->100K(320K) NonClass: 96K(192K)->96K(192K) Class: 4K(128K)->4K(128K)
[2024-08-28T13:04:35.797+0000][info][gc             ] GC(1092) Pause Young (Concurrent Start) (G1 Evacuation Pause) 883M->887M(1024M) 11.859ms
[2024-08-28T13:04:35.797+0000][info][gc,cpu         ] GC(1092) User=0.25s Sys=0.00s Real=0.01s
[2024-08-28T13:04:35.797+0000][info][gc             ] GC(1093) Concurrent Mark Cycle
[2024-08-28T13:04:35.797+0000][info][gc,marking     ] GC(1093) Concurrent Clear Claimed Marks
[2024-08-28T13:04:35.797+0000][info][gc,marking     ] GC(1093) Concurrent Clear Claimed Marks 0.009ms
[2024-08-28T13:04:35.797+0000][info][gc,marking     ] GC(1093) Concurrent Scan Root Regions
[2024-08-28T13:04:35.798+0000][info][gc,marking     ] GC(1093) Concurrent Scan Root Regions 1.570ms
[2024-08-28T13:04:35.798+0000][info][gc,marking     ] GC(1093) Concurrent Mark
[2024-08-28T13:04:35.798+0000][info][gc,marking     ] GC(1093) Concurrent Mark From Roots
[2024-08-28T13:04:35.798+0000][info][gc,task        ] GC(1093) Using 17 workers of 17 for marking
[2024-08-28T13:04:35.823+0000][info][gc,marking     ] GC(1093) Concurrent Mark From Roots 24.916ms
[2024-08-28T13:04:35.823+0000][info][gc,marking     ] GC(1093) Concurrent Preclean
[2024-08-28T13:04:35.824+0000][info][gc,marking     ] GC(1093) Concurrent Preclean 0.684ms
[2024-08-28T13:04:35.824+0000][info][gc,start       ] GC(1093) Pause Remark
[2024-08-28T13:04:35.826+0000][info][gc             ] GC(1093) Pause Remark 923M->922M(1024M) 1.463ms
[2024-08-28T13:04:35.826+0000][info][gc,cpu         ] GC(1093) User=0.00s Sys=0.00s Real=0.00s
[2024-08-28T13:04:35.826+0000][info][gc,marking     ] GC(1093) Concurrent Mark 27.428ms
[2024-08-28T13:04:35.826+0000][info][gc,marking     ] GC(1093) Concurrent Rebuild Remembered Sets
[2024-08-28T13:04:35.830+0000][info][gc,start       ] GC(1094) Pause Young (Normal) (G1 Evacuation Pause)
[2024-08-28T13:04:35.830+0000][info][gc,task        ] GC(1094) Using 24 workers of 68 for evacuation
[2024-08-28T13:04:35.841+0000][info][gc,phases      ] GC(1094)   Pre Evacuate Collection Set: 0.2ms
[2024-08-28T13:04:35.841+0000][info][gc,phases      ] GC(1094)   Merge Heap Roots: 0.4ms
[2024-08-28T13:04:35.841+0000][info][gc,phases      ] GC(1094)   Evacuate Collection Set: 9.6ms
[2024-08-28T13:04:35.841+0000][info][gc,phases      ] GC(1094)   Post Evacuate Collection Set: 0.4ms
[2024-08-28T13:04:35.841+0000][info][gc,phases      ] GC(1094)   Other: 0.2ms
[2024-08-28T13:04:35.841+0000][info][gc,heap        ] GC(1094) Eden regions: 44->0(44)
[2024-08-28T13:04:35.841+0000][info][gc,heap        ] GC(1094) Survivor regions: 7->7(7)
[2024-08-28T13:04:35.841+0000][info][gc,heap        ] GC(1094) Old regions: 874->920
[2024-08-28T13:04:35.841+0000][info][gc,heap        ] GC(1094) Archive regions: 2->2
[2024-08-28T13:04:35.841+0000][info][gc,heap        ] GC(1094) Humongous regions: 5->5
[2024-08-28T13:04:35.841+0000][info][gc,metaspace   ] GC(1094) Metaspace: 100K(320K)->100K(320K) NonClass: 96K(192K)->96K(192K) Class: 4K(128K)->4K(128K)
[2024-08-28T13:04:35.841+0000][info][gc             ] GC(1094) Pause Young (Normal) (G1 Evacuation Pause) 930M->932M(1024M) 10.750ms
[2024-08-28T13:04:35.841+0000][info][gc,cpu         ] GC(1094) User=0.24s Sys=0.00s Real=0.01s
[2024-08-28T13:04:35.863+0000][info][gc,start       ] GC(1095) Pause Young (Normal) (G1 Preventive Collection)
[2024-08-28T13:04:35.863+0000][info][gc,task        ] GC(1095) Using 24 workers of 68 for evacuation
[2024-08-28T13:04:35.877+0000][info][gc,phases      ] GC(1095)   Pre Evacuate Collection Set: 0.2ms
[2024-08-28T13:04:35.877+0000][info][gc,phases      ] GC(1095)   Merge Heap Roots: 0.5ms
[2024-08-28T13:04:35.877+0000][info][gc,phases      ] GC(1095)   Evacuate Collection Set: 12.5ms
[2024-08-28T13:04:35.877+0000][info][gc,phases      ] GC(1095)   Post Evacuate Collection Set: 0.5ms
[2024-08-28T13:04:35.877+0000][info][gc,phases      ] GC(1095)   Other: 0.3ms
[2024-08-28T13:04:35.877+0000][info][gc,heap        ] GC(1095) Eden regions: 39->0(44)
[2024-08-28T13:04:35.877+0000][info][gc,heap        ] GC(1095) Survivor regions: 7->7(7)
[2024-08-28T13:04:35.877+0000][info][gc,heap        ] GC(1095) Old regions: 920->961
[2024-08-28T13:04:35.877+0000][info][gc,heap        ] GC(1095) Archive regions: 2->2
[2024-08-28T13:04:35.877+0000][info][gc,heap        ] GC(1095) Humongous regions: 5->5
[2024-08-28T13:04:35.877+0000][info][gc,metaspace   ] GC(1095) Metaspace: 100K(320K)->100K(320K) NonClass: 96K(192K)->96K(192K) Class: 4K(128K)->4K(128K)
[2024-08-28T13:04:35.877+0000][info][gc             ] GC(1095) Pause Young (Normal) (G1 Preventive Collection) 971M->973M(1024M) 14.009ms
[2024-08-28T13:04:35.877+0000][info][gc,cpu         ] GC(1095) User=0.32s Sys=0.00s Real=0.01s
[2024-08-28T13:04:35.888+0000][info][gc,start       ] GC(1096) Pause Young (Normal) (G1 Preventive Collection)
[2024-08-28T13:04:35.888+0000][info][gc,task        ] GC(1096) Using 24 workers of 68 for evacuation
[2024-08-28T13:04:35.900+0000][info][gc             ] GC(1096) To-space exhausted
[2024-08-28T13:04:35.900+0000][info][gc,phases      ] GC(1096)   Pre Evacuate Collection Set: 0.2ms
[2024-08-28T13:04:35.900+0000][info][gc,phases      ] GC(1096)   Merge Heap Roots: 0.5ms
[2024-08-28T13:04:35.900+0000][info][gc,phases      ] GC(1096)   Evacuate Collection Set: 10.1ms
[2024-08-28T13:04:35.900+0000][info][gc,phases      ] GC(1096)   Post Evacuate Collection Set: 1.0ms
[2024-08-28T13:04:35.900+0000][info][gc,phases      ] GC(1096)   Other: 0.3ms
[2024-08-28T13:04:35.900+0000][info][gc,heap        ] GC(1096) Eden regions: 20->0(44)
[2024-08-28T13:04:35.900+0000][info][gc,heap        ] GC(1096) Survivor regions: 7->7(7)
[2024-08-28T13:04:35.900+0000][info][gc,heap        ] GC(1096) Old regions: 961->1006
[2024-08-28T13:04:35.900+0000][info][gc,heap        ] GC(1096) Archive regions: 2->2
[2024-08-28T13:04:35.900+0000][info][gc,heap        ] GC(1096) Humongous regions: 5->5
[2024-08-28T13:04:35.900+0000][info][gc,metaspace   ] GC(1096) Metaspace: 100K(320K)->100K(320K) NonClass: 96K(192K)->96K(192K) Class: 4K(128K)->4K(128K)
[2024-08-28T13:04:35.900+0000][info][gc             ] GC(1096) Pause Young (Normal) (G1 Preventive Collection) 993M->1018M(1024M) 12.105ms
[2024-08-28T13:04:35.900+0000][info][gc,cpu         ] GC(1096) User=0.27s Sys=0.00s Real=0.02s
[2024-08-28T13:04:35.901+0000][info][gc,start       ] GC(1097) Pause Young (Normal) (G1 Preventive Collection)
[2024-08-28T13:04:35.901+0000][info][gc,task        ] GC(1097) Using 24 workers of 68 for evacuation
[2024-08-28T13:04:35.910+0000][info][gc             ] GC(1097) To-space exhausted
[2024-08-28T13:04:35.910+0000][info][gc,phases      ] GC(1097)   Pre Evacuate Collection Set: 0.1ms
[2024-08-28T13:04:35.910+0000][info][gc,phases      ] GC(1097)   Merge Heap Roots: 0.5ms
[2024-08-28T13:04:35.910+0000][info][gc,phases      ] GC(1097)   Evacuate Collection Set: 6.8ms
[2024-08-28T13:04:35.910+0000][info][gc,phases      ] GC(1097)   Post Evacuate Collection Set: 0.8ms
[2024-08-28T13:04:35.910+0000][info][gc,phases      ] GC(1097)   Other: 0.2ms
[2024-08-28T13:04:35.910+0000][info][gc,heap        ] GC(1097) Eden regions: 1->0(50)
[2024-08-28T13:04:35.910+0000][info][gc,heap        ] GC(1097) Survivor regions: 7->1(3)
[2024-08-28T13:04:35.910+0000][info][gc,heap        ] GC(1097) Old regions: 1006->1016
[2024-08-28T13:04:35.910+0000][info][gc,heap        ] GC(1097) Archive regions: 2->2
[2024-08-28T13:04:35.910+0000][info][gc,heap        ] GC(1097) Humongous regions: 5->5
[2024-08-28T13:04:35.910+0000][info][gc,metaspace   ] GC(1097) Metaspace: 100K(320K)->100K(320K) NonClass: 96K(192K)->96K(192K) Class: 4K(128K)->4K(128K)
[2024-08-28T13:04:35.910+0000][info][gc             ] GC(1097) Pause Young (Normal) (G1 Preventive Collection) 1019M->1022M(1024M) 8.426ms
[2024-08-28T13:04:35.910+0000][info][gc,cpu         ] GC(1097) User=0.18s Sys=0.00s Real=0.01s
[2024-08-28T13:04:35.910+0000][info][gc,ergo        ] Attempting full compaction
[2024-08-28T13:04:35.910+0000][info][gc,task        ] GC(1098) Using 24 workers of 68 for full compaction
[2024-08-28T13:04:35.910+0000][info][gc,start       ] GC(1098) Pause Full (G1 Compaction Pause)
[2024-08-28T13:04:35.911+0000][info][gc,phases,start] GC(1098) Phase 1: Mark live objects
[2024-08-28T13:04:35.926+0000][info][gc,phases      ] GC(1098) Phase 1: Mark live objects 15.221ms
[2024-08-28T13:04:35.926+0000][info][gc,phases,start] GC(1098) Phase 2: Prepare for compaction
[2024-08-28T13:04:35.936+0000][info][gc,phases      ] GC(1098) Phase 2: Prepare for compaction 9.688ms
[2024-08-28T13:04:35.936+0000][info][gc,phases,start] GC(1098) Phase 3: Adjust pointers
[2024-08-28T13:04:35.954+0000][info][gc,phases      ] GC(1098) Phase 3: Adjust pointers 17.956ms
[2024-08-28T13:04:35.954+0000][info][gc,phases,start] GC(1098) Phase 4: Compact heap
[2024-08-28T13:04:35.987+0000][info][gc,phases      ] GC(1098) Phase 4: Compact heap 33.414ms
[2024-08-28T13:04:35.989+0000][info][gc,heap        ] GC(1098) Eden regions: 0->0(150)
[2024-08-28T13:04:35.989+0000][info][gc,heap        ] GC(1098) Survivor regions: 1->0(3)
[2024-08-28T13:04:35.989+0000][info][gc,heap        ] GC(1098) Old regions: 1016->441
[2024-08-28T13:04:35.989+0000][info][gc,heap        ] GC(1098) Archive regions: 2->2
[2024-08-28T13:04:35.989+0000][info][gc,heap        ] GC(1098) Humongous regions: 5->5
[2024-08-28T13:04:35.989+0000][info][gc,metaspace   ] GC(1098) Metaspace: 100K(320K)->100K(320K) NonClass: 96K(192K)->96K(192K) Class: 4K(128K)->4K(128K)
[2024-08-28T13:04:35.989+0000][info][gc             ] GC(1098) Pause Full (G1 Compaction Pause) 1022M->435M(1024M) 78.704ms
[2024-08-28T13:04:35.989+0000][info][gc,cpu         ] GC(1098) User=1.66s Sys=0.00s Real=0.07s
[2024-08-28T13:04:35.989+0000][info][gc,marking     ] GC(1093) Concurrent Rebuild Remembered Sets 163.425ms
[2024-08-28T13:04:35.989+0000][info][gc,marking     ] GC(1093) Concurrent Mark Abort
[2024-08-28T13:04:35.989+0000][info][gc             ] GC(1093) Concurrent Mark Cycle 192.521ms
[2024-08-28T13:04:36.082+0000][info][gc,start       ] GC(1099) Pause Young (Normal) (G1 Evacuation Pause)
[2024-08-28T13:04:36.082+0000][info][gc,task        ] GC(1099) Using 24 workers of 68 for evacuation
[2024-08-28T13:04:36.107+0000][info][gc,phases      ] GC(1099)   Pre Evacuate Collection Set: 0.2ms
[2024-08-28T13:04:36.107+0000][info][gc,phases      ] GC(1099)   Merge Heap Roots: 0.4ms
[2024-08-28T13:04:36.107+0000][info][gc,phases      ] GC(1099)   Evacuate Collection Set: 24.2ms
[2024-08-28T13:04:36.107+0000][info][gc,phases      ] GC(1099)   Post Evacuate Collection Set: 0.4ms
[2024-08-28T13:04:36.107+0000][info][gc,phases      ] GC(1099)   Other: 0.3ms
[2024-08-28T13:04:36.107+0000][info][gc,heap        ] GC(1099) Eden regions: 150->0(104)
[2024-08-28T13:04:36.107+0000][info][gc,heap        ] GC(1099) Survivor regions: 0->19(19)
[2024-08-28T13:04:36.107+0000][info][gc,heap        ] GC(1099) Old regions: 441->568
[2024-08-28T13:04:36.107+0000][info][gc,heap        ] GC(1099) Archive regions: 2->2
[2024-08-28T13:04:36.107+0000][info][gc,heap        ] GC(1099) Humongous regions: 5->5
[2024-08-28T13:04:36.107+0000][info][gc,metaspace   ] GC(1099) Metaspace: 100K(320K)->100K(320K) NonClass: 96K(192K)->96K(192K) Class: 4K(128K)->4K(128K)
[2024-08-28T13:04:36.107+0000][info][gc             ] GC(1099) Pause Young (Normal) (G1 Evacuation Pause) 585M->580M(1024M) 25.498ms
[2024-08-28T13:04:36.107+0000][info][gc,cpu         ] GC(1099) User=0.49s Sys=0.11s Real=0.02s
[2024-08-28T13:04:36.186+0000][info][gc,start       ] GC(1100) Pause Young (Concurrent Start) (G1 Evacuation Pause)
[2024-08-28T13:04:36.186+0000][info][gc,task        ] GC(1100) Using 24 workers of 68 for evacuation
[2024-08-28T13:04:36.207+0000][info][gc,phases      ] GC(1100)   Pre Evacuate Collection Set: 0.2ms
[2024-08-28T13:04:36.207+0000][info][gc,phases      ] GC(1100)   Merge Heap Roots: 0.4ms
[2024-08-28T13:04:36.207+0000][info][gc,phases      ] GC(1100)   Evacuate Collection Set: 19.7ms
[2024-08-28T13:04:36.207+0000][info][gc,phases      ] GC(1100)   Post Evacuate Collection Set: 0.3ms
[2024-08-28T13:04:36.207+0000][info][gc,phases      ] GC(1100)   Other: 0.7ms
[2024-08-28T13:04:36.207+0000][info][gc,heap        ] GC(1100) Eden regions: 104->0(70)
[2024-08-28T13:04:36.207+0000][info][gc,heap        ] GC(1100) Survivor regions: 19->16(16)
[2024-08-28T13:04:36.207+0000][info][gc,heap        ] GC(1100) Old regions: 568->675
[2024-08-28T13:04:36.207+0000][info][gc,heap        ] GC(1100) Archive regions: 2->2
[2024-08-28T13:04:36.207+0000][info][gc,heap        ] GC(1100) Humongous regions: 5->5
[2024-08-28T13:04:36.207+0000][info][gc,metaspace   ] GC(1100) Metaspace: 100K(320K)->100K(320K) NonClass: 96K(192K)->96K(192K) Class: 4K(128K)->4K(128K)
[2024-08-28T13:04:36.207+0000][info][gc             ] GC(1100) Pause Young (Concurrent Start) (G1 Evacuation Pause) 684M->684M(1024M) 21.346ms
[2024-08-28T13:04:36.207+0000][info][gc,cpu         ] GC(1100) User=0.48s Sys=0.01s Real=0.02s
[2024-08-28T13:04:36.207+0000][info][gc             ] GC(1101) Concurrent Mark Cycle
[2024-08-28T13:04:36.207+0000][info][gc,marking     ] GC(1101) Concurrent Clear Claimed Marks
[2024-08-28T13:04:36.207+0000][info][gc,marking     ] GC(1101) Concurrent Clear Claimed Marks 0.010ms
[2024-08-28T13:04:36.207+0000][info][gc,marking     ] GC(1101) Concurrent Scan Root Regions
[2024-08-28T13:04:36.211+0000][info][gc,marking     ] GC(1101) Concurrent Scan Root Regions 3.832ms
[2024-08-28T13:04:36.211+0000][info][gc,marking     ] GC(1101) Concurrent Mark
[2024-08-28T13:04:36.211+0000][info][gc,marking     ] GC(1101) Concurrent Mark From Roots
[2024-08-28T13:04:36.211+0000][info][gc,task        ] GC(1101) Using 17 workers of 17 for marking
[2024-08-28T13:04:36.234+0000][info][gc,marking     ] GC(1101) Concurrent Mark From Roots 23.176ms
[2024-08-28T13:04:36.234+0000][info][gc,marking     ] GC(1101) Concurrent Preclean
[2024-08-28T13:04:36.235+0000][info][gc,marking     ] GC(1101) Concurrent Preclean 0.503ms
[2024-08-28T13:04:36.235+0000][info][gc,start       ] GC(1101) Pause Remark
[2024-08-28T13:04:36.236+0000][info][gc             ] GC(1101) Pause Remark 716M->716M(1024M) 1.259ms
[2024-08-28T13:04:36.236+0000][info][gc,cpu         ] GC(1101) User=0.01s Sys=0.00s Real=0.00s
[2024-08-28T13:04:36.236+0000][info][gc,marking     ] GC(1101) Concurrent Mark 25.317ms
[2024-08-28T13:04:36.236+0000][info][gc,marking     ] GC(1101) Concurrent Rebuild Remembered Sets
[2024-08-28T13:04:36.260+0000][info][gc,start       ] GC(1102) Pause Young (Normal) (G1 Evacuation Pause)
[2024-08-28T13:04:36.260+0000][info][gc,task        ] GC(1102) Using 24 workers of 68 for evacuation
[2024-08-28T13:04:36.277+0000][info][gc,phases      ] GC(1102)   Pre Evacuate Collection Set: 0.1ms
[2024-08-28T13:04:36.277+0000][info][gc,phases      ] GC(1102)   Merge Heap Roots: 0.4ms
[2024-08-28T13:04:36.277+0000][info][gc,phases      ] GC(1102)   Evacuate Collection Set: 15.8ms
[2024-08-28T13:04:36.277+0000][info][gc,phases      ] GC(1102)   Post Evacuate Collection Set: 0.5ms
[2024-08-28T13:04:36.277+0000][info][gc,phases      ] GC(1102)   Other: 0.3ms
[2024-08-28T13:04:36.277+0000][info][gc,heap        ] GC(1102) Eden regions: 70->0(47)
[2024-08-28T13:04:36.277+0000][info][gc,heap        ] GC(1102) Survivor regions: 16->11(11)
[2024-08-28T13:04:36.277+0000][info][gc,heap        ] GC(1102) Old regions: 675->753
[2024-08-28T13:04:36.277+0000][info][gc,heap        ] GC(1102) Archive regions: 2->2
[2024-08-28T13:04:36.277+0000][info][gc,heap        ] GC(1102) Humongous regions: 5->5
[2024-08-28T13:04:36.277+0000][info][gc,metaspace   ] GC(1102) Metaspace: 100K(320K)->100K(320K) NonClass: 96K(192K)->96K(192K) Class: 4K(128K)->4K(128K)
[2024-08-28T13:04:36.277+0000][info][gc             ] GC(1102) Pause Young (Normal) (G1 Evacuation Pause) 754M->757M(1024M) 17.118ms
[2024-08-28T13:04:36.277+0000][info][gc,cpu         ] GC(1102) User=0.39s Sys=0.00s Real=0.01s
[2024-08-28T13:04:36.305+0000][info][gc,start       ] GC(1103) Pause Young (Normal) (G1 Evacuation Pause)
[2024-08-28T13:04:36.305+0000][info][gc,task        ] GC(1103) Using 24 workers of 68 for evacuation
[2024-08-28T13:04:36.325+0000][info][gc,phases      ] GC(1103)   Pre Evacuate Collection Set: 0.2ms
[2024-08-28T13:04:36.325+0000][info][gc,phases      ] GC(1103)   Merge Heap Roots: 0.5ms
[2024-08-28T13:04:36.325+0000][info][gc,phases      ] GC(1103)   Evacuate Collection Set: 18.7ms
[2024-08-28T13:04:36.325+0000][info][gc,phases      ] GC(1103)   Post Evacuate Collection Set: 0.6ms
[2024-08-28T13:04:36.325+0000][info][gc,phases      ] GC(1103)   Other: 0.3ms
[2024-08-28T13:04:36.325+0000][info][gc,heap        ] GC(1103) Eden regions: 47->0(43)
[2024-08-28T13:04:36.325+0000][info][gc,heap        ] GC(1103) Survivor regions: 11->8(8)
[2024-08-28T13:04:36.325+0000][info][gc,heap        ] GC(1103) Old regions: 753->808
[2024-08-28T13:04:36.325+0000][info][gc,heap        ] GC(1103) Archive regions: 2->2
[2024-08-28T13:04:36.325+0000][info][gc,heap        ] GC(1103) Humongous regions: 5->5
[2024-08-28T13:04:36.325+0000][info][gc,metaspace   ] GC(1103) Metaspace: 100K(320K)->100K(320K) NonClass: 96K(192K)->96K(192K) Class: 4K(128K)->4K(128K)
[2024-08-28T13:04:36.325+0000][info][gc             ] GC(1103) Pause Young (Normal) (G1 Evacuation Pause) 804M->809M(1024M) 20.349ms
[2024-08-28T13:04:36.325+0000][info][gc,cpu         ] GC(1103) User=0.46s Sys=0.01s Real=0.02s
[2024-08-28T13:04:36.340+0000][info][gc,marking     ] GC(1101) Concurrent Rebuild Remembered Sets 103.860ms
[2024-08-28T13:04:36.340+0000][info][gc,start       ] GC(1101) Pause Cleanup
[2024-08-28T13:04:36.342+0000][info][gc             ] GC(1101) Pause Cleanup 834M->834M(1024M) 1.202ms
[2024-08-28T13:04:36.342+0000][info][gc,cpu         ] GC(1101) User=0.00s Sys=0.00s Real=0.00s
[2024-08-28T13:04:36.342+0000][info][gc,marking     ] GC(1101) Concurrent Cleanup for Next Mark
[2024-08-28T13:04:36.342+0000][info][gc,marking     ] GC(1101) Concurrent Cleanup for Next Mark 0.804ms
[2024-08-28T13:04:36.342+0000][info][gc             ] GC(1101) Concurrent Mark Cycle 135.528ms
[2024-08-28T13:04:36.355+0000][info][gc,start       ] GC(1104) Pause Young (Prepare Mixed) (G1 Evacuation Pause)
[2024-08-28T13:04:36.355+0000][info][gc,task        ] GC(1104) Using 24 workers of 68 for evacuation
[2024-08-28T13:04:36.370+0000][info][gc,phases      ] GC(1104)   Pre Evacuate Collection Set: 0.1ms
[2024-08-28T13:04:36.370+0000][info][gc,phases      ] GC(1104)   Merge Heap Roots: 0.4ms
[2024-08-28T13:04:36.370+0000][info][gc,phases      ] GC(1104)   Evacuate Collection Set: 13.9ms
[2024-08-28T13:04:36.370+0000][info][gc,phases      ] GC(1104)   Post Evacuate Collection Set: 0.3ms
[2024-08-28T13:04:36.370+0000][info][gc,phases      ] GC(1104)   Other: 0.2ms
[2024-08-28T13:04:36.370+0000][info][gc,heap        ] GC(1104) Eden regions: 43->0(44)
[2024-08-28T13:04:36.370+0000][info][gc,heap        ] GC(1104) Survivor regions: 8->7(7)
[2024-08-28T13:04:36.370+0000][info][gc,heap        ] GC(1104) Old regions: 808->856
[2024-08-28T13:04:36.370+0000][info][gc,heap        ] GC(1104) Archive regions: 2->2
[2024-08-28T13:04:36.370+0000][info][gc,heap        ] GC(1104) Humongous regions: 5->5
[2024-08-28T13:04:36.370+0000][info][gc,metaspace   ] GC(1104) Metaspace: 100K(320K)->100K(320K) NonClass: 96K(192K)->96K(192K) Class: 4K(128K)->4K(128K)
[2024-08-28T13:04:36.370+0000][info][gc             ] GC(1104) Pause Young (Prepare Mixed) (G1 Evacuation Pause) 852M->857M(1024M) 15.042ms
[2024-08-28T13:04:36.370+0000][info][gc,cpu         ] GC(1104) User=0.34s Sys=0.01s Real=0.02s
[2024-08-28T13:04:36.396+0000][info][gc,start       ] GC(1105) Pause Young (Mixed) (G1 Evacuation Pause)
[2024-08-28T13:04:36.396+0000][info][gc,task        ] GC(1105) Using 24 workers of 68 for evacuation
[2024-08-28T13:04:36.408+0000][info][gc,phases      ] GC(1105)   Pre Evacuate Collection Set: 0.2ms
[2024-08-28T13:04:36.408+0000][info][gc,phases      ] GC(1105)   Merge Heap Roots: 0.4ms
[2024-08-28T13:04:36.408+0000][info][gc,phases      ] GC(1105)   Evacuate Collection Set: 10.9ms
[2024-08-28T13:04:36.408+0000][info][gc,phases      ] GC(1105)   Post Evacuate Collection Set: 0.4ms
[2024-08-28T13:04:36.408+0000][info][gc,phases      ] GC(1105)   Other: 0.2ms
[2024-08-28T13:04:36.408+0000][info][gc,heap        ] GC(1105) Eden regions: 44->0(44)
[2024-08-28T13:04:36.408+0000][info][gc,heap        ] GC(1105) Survivor regions: 7->7(7)
[2024-08-28T13:04:36.408+0000][info][gc,heap        ] GC(1105) Old regions: 856->800
[2024-08-28T13:04:36.408+0000][info][gc,heap        ] GC(1105) Archive regions: 2->2
[2024-08-28T13:04:36.408+0000][info][gc,heap        ] GC(1105) Humongous regions: 5->5
[2024-08-28T13:04:36.408+0000][info][gc,metaspace   ] GC(1105) Metaspace: 100K(320K)->100K(320K) NonClass: 96K(192K)->96K(192K) Class: 4K(128K)->4K(128K)
[2024-08-28T13:04:36.408+0000][info][gc             ] GC(1105) Pause Young (Mixed) (G1 Evacuation Pause) 901M->811M(1024M) 12.245ms
[2024-08-28T13:04:36.408+0000][info][gc,cpu         ] GC(1105) User=0.27s Sys=0.00s Real=0.01s
[2024-08-28T13:04:36.433+0000][info][gc,start       ] GC(1106) Pause Young (Mixed) (G1 Evacuation Pause)
[2024-08-28T13:04:36.433+0000][info][gc,task        ] GC(1106) Using 24 workers of 68 for evacuation
[2024-08-28T13:04:36.446+0000][info][gc,phases      ] GC(1106)   Pre Evacuate Collection Set: 0.2ms
[2024-08-28T13:04:36.446+0000][info][gc,phases      ] GC(1106)   Merge Heap Roots: 0.4ms
[2024-08-28T13:04:36.446+0000][info][gc,phases      ] GC(1106)   Evacuate Collection Set: 11.7ms
[2024-08-28T13:04:36.446+0000][info][gc,phases      ] GC(1106)   Post Evacuate Collection Set: 0.4ms
[2024-08-28T13:04:36.446+0000][info][gc,phases      ] GC(1106)   Other: 0.3ms
[2024-08-28T13:04:36.446+0000][info][gc,heap        ] GC(1106) Eden regions: 44->0(47)
[2024-08-28T13:04:36.446+0000][info][gc,heap        ] GC(1106) Survivor regions: 7->7(7)
[2024-08-28T13:04:36.446+0000][info][gc,heap        ] GC(1106) Old regions: 800->755
[2024-08-28T13:04:36.446+0000][info][gc,heap        ] GC(1106) Archive regions: 2->2
[2024-08-28T13:04:36.446+0000][info][gc,heap        ] GC(1106) Humongous regions: 5->5
[2024-08-28T13:04:36.446+0000][info][gc,metaspace   ] GC(1106) Metaspace: 100K(320K)->100K(320K) NonClass: 96K(192K)->96K(192K) Class: 4K(128K)->4K(128K)
[2024-08-28T13:04:36.446+0000][info][gc             ] GC(1106) Pause Young (Mixed) (G1 Evacuation Pause) 855M->767M(1024M) 13.052ms
[2024-08-28T13:04:36.446+0000][info][gc,cpu         ] GC(1106) User=0.28s Sys=0.01s Real=0.01s
[2024-08-28T13:04:36.472+0000][info][gc,start       ] GC(1107) Pause Young (Concurrent Start) (G1 Evacuation Pause)
[2024-08-28T13:04:36.472+0000][info][gc,task        ] GC(1107) Using 24 workers of 68 for evacuation
[2024-08-28T13:04:36.484+0000][info][gc,phases      ] GC(1107)   Pre Evacuate Collection Set: 0.2ms
[2024-08-28T13:04:36.484+0000][info][gc,phases      ] GC(1107)   Merge Heap Roots: 0.3ms
[2024-08-28T13:04:36.484+0000][info][gc,phases      ] GC(1107)   Evacuate Collection Set: 10.6ms
[2024-08-28T13:04:36.484+0000][info][gc,phases      ] GC(1107)   Post Evacuate Collection Set: 0.4ms
[2024-08-28T13:04:36.484+0000][info][gc,phases      ] GC(1107)   Other: 0.8ms
[2024-08-28T13:04:36.484+0000][info][gc,heap        ] GC(1107) Eden regions: 47->0(44)
[2024-08-28T13:04:36.484+0000][info][gc,heap        ] GC(1107) Survivor regions: 7->7(7)
[2024-08-28T13:04:36.484+0000][info][gc,heap        ] GC(1107) Old regions: 755->803
[2024-08-28T13:04:36.484+0000][info][gc,heap        ] GC(1107) Archive regions: 2->2
[2024-08-28T13:04:36.484+0000][info][gc,heap        ] GC(1107) Humongous regions: 5->5
[2024-08-28T13:04:36.484+0000][info][gc,metaspace   ] GC(1107) Metaspace: 100K(320K)->100K(320K) NonClass: 96K(192K)->96K(192K) Class: 4K(128K)->4K(128K)
[2024-08-28T13:04:36.484+0000][info][gc             ] GC(1107) Pause Young (Concurrent Start) (G1 Evacuation Pause) 814M->815M(1024M) 12.291ms
[2024-08-28T13:04:36.484+0000][info][gc,cpu         ] GC(1107) User=0.25s Sys=0.00s Real=0.01s
[2024-08-28T13:04:36.485+0000][info][gc             ] GC(1108) Concurrent Mark Cycle
[2024-08-28T13:04:36.485+0000][info][gc,marking     ] GC(1108) Concurrent Clear Claimed Marks
[2024-08-28T13:04:36.485+0000][info][gc,marking     ] GC(1108) Concurrent Clear Claimed Marks 0.010ms
[2024-08-28T13:04:36.485+0000][info][gc,marking     ] GC(1108) Concurrent Scan Root Regions
[2024-08-28T13:04:36.486+0000][info][gc,marking     ] GC(1108) Concurrent Scan Root Regions 1.808ms
[2024-08-28T13:04:36.486+0000][info][gc,marking     ] GC(1108) Concurrent Mark
[2024-08-28T13:04:36.486+0000][info][gc,marking     ] GC(1108) Concurrent Mark From Roots
[2024-08-28T13:04:36.486+0000][info][gc,task        ] GC(1108) Using 17 workers of 17 for marking
[2024-08-28T13:04:36.512+0000][info][gc,marking     ] GC(1108) Concurrent Mark From Roots 25.948ms
[2024-08-28T13:04:36.512+0000][info][gc,marking     ] GC(1108) Concurrent Preclean
[2024-08-28T13:04:36.513+0000][info][gc,marking     ] GC(1108) Concurrent Preclean 0.696ms
[2024-08-28T13:04:36.513+0000][info][gc,start       ] GC(1108) Pause Remark
[2024-08-28T13:04:36.515+0000][info][gc             ] GC(1108) Pause Remark 850M->850M(1024M) 1.294ms
[2024-08-28T13:04:36.515+0000][info][gc,cpu         ] GC(1108) User=0.00s Sys=0.01s Real=0.00s
[2024-08-28T13:04:36.515+0000][info][gc,marking     ] GC(1108) Concurrent Mark 28.303ms
[2024-08-28T13:04:36.515+0000][info][gc,marking     ] GC(1108) Concurrent Rebuild Remembered Sets
[2024-08-28T13:04:36.521+0000][info][gc,start       ] GC(1109) Pause Young (Normal) (G1 Evacuation Pause)
[2024-08-28T13:04:36.521+0000][info][gc,task        ] GC(1109) Using 24 workers of 68 for evacuation
[2024-08-28T13:04:36.533+0000][info][gc,phases      ] GC(1109)   Pre Evacuate Collection Set: 0.2ms
[2024-08-28T13:04:36.533+0000][info][gc,phases      ] GC(1109)   Merge Heap Roots: 0.4ms
[2024-08-28T13:04:36.533+0000][info][gc,phases      ] GC(1109)   Evacuate Collection Set: 10.1ms
[2024-08-28T13:04:36.533+0000][info][gc,phases      ] GC(1109)   Post Evacuate Collection Set: 0.4ms
[2024-08-28T13:04:36.533+0000][info][gc,phases      ] GC(1109)   Other: 0.2ms
[2024-08-28T13:04:36.533+0000][info][gc,heap        ] GC(1109) Eden regions: 44->0(44)
[2024-08-28T13:04:36.533+0000][info][gc,heap        ] GC(1109) Survivor regions: 7->7(7)
[2024-08-28T13:04:36.533+0000][info][gc,heap        ] GC(1109) Old regions: 803->849
[2024-08-28T13:04:36.533+0000][info][gc,heap        ] GC(1109) Archive regions: 2->2
[2024-08-28T13:04:36.533+0000][info][gc,heap        ] GC(1109) Humongous regions: 5->5
[2024-08-28T13:04:36.533+0000][info][gc,metaspace   ] GC(1109) Metaspace: 100K(320K)->100K(320K) NonClass: 96K(192K)->96K(192K) Class: 4K(128K)->4K(128K)
[2024-08-28T13:04:36.533+0000][info][gc             ] GC(1109) Pause Young (Normal) (G1 Evacuation Pause) 859M->861M(1024M) 11.358ms
[2024-08-28T13:04:36.533+0000][info][gc,cpu         ] GC(1109) User=0.25s Sys=0.01s Real=0.01s
[2024-08-28T13:04:36.560+0000][info][gc,start       ] GC(1110) Pause Young (Normal) (G1 Evacuation Pause)
[2024-08-28T13:04:36.560+0000][info][gc,task        ] GC(1110) Using 24 workers of 68 for evacuation
[2024-08-28T13:04:36.574+0000][info][gc,phases      ] GC(1110)   Pre Evacuate Collection Set: 0.2ms
[2024-08-28T13:04:36.575+0000][info][gc,phases      ] GC(1110)   Merge Heap Roots: 0.3ms
[2024-08-28T13:04:36.575+0000][info][gc,phases      ] GC(1110)   Evacuate Collection Set: 13.7ms
[2024-08-28T13:04:36.575+0000][info][gc,phases      ] GC(1110)   Post Evacuate Collection Set: 0.5ms
[2024-08-28T13:04:36.575+0000][info][gc,phases      ] GC(1110)   Other: 0.2ms
[2024-08-28T13:04:36.575+0000][info][gc,heap        ] GC(1110) Eden regions: 44->0(44)
[2024-08-28T13:04:36.575+0000][info][gc,heap        ] GC(1110) Survivor regions: 7->7(7)
[2024-08-28T13:04:36.575+0000][info][gc,heap        ] GC(1110) Old regions: 849->896
[2024-08-28T13:04:36.575+0000][info][gc,heap        ] GC(1110) Archive regions: 2->2
[2024-08-28T13:04:36.575+0000][info][gc,heap        ] GC(1110) Humongous regions: 5->5
[2024-08-28T13:04:36.575+0000][info][gc,metaspace   ] GC(1110) Metaspace: 100K(320K)->100K(320K) NonClass: 96K(192K)->96K(192K) Class: 4K(128K)->4K(128K)
[2024-08-28T13:04:36.575+0000][info][gc             ] GC(1110) Pause Young (Normal) (G1 Evacuation Pause) 905M->908M(1024M) 15.091ms
[2024-08-28T13:04:36.575+0000][info][gc,cpu         ] GC(1110) User=0.34s Sys=0.00s Real=0.01s
[2024-08-28T13:04:36.601+0000][info][gc,start       ] GC(1111) Pause Young (Normal) (G1 Evacuation Pause)
[2024-08-28T13:04:36.602+0000][info][gc,task        ] GC(1111) Using 24 workers of 68 for evacuation
[2024-08-28T13:04:36.618+0000][info][gc,phases      ] GC(1111)   Pre Evacuate Collection Set: 0.2ms
[2024-08-28T13:04:36.618+0000][info][gc,phases      ] GC(1111)   Merge Heap Roots: 0.5ms
[2024-08-28T13:04:36.618+0000][info][gc,phases      ] GC(1111)   Evacuate Collection Set: 15.2ms
[2024-08-28T13:04:36.618+0000][info][gc,phases      ] GC(1111)   Post Evacuate Collection Set: 0.6ms
[2024-08-28T13:04:36.618+0000][info][gc,phases      ] GC(1111)   Other: 0.2ms
[2024-08-28T13:04:36.618+0000][info][gc,heap        ] GC(1111) Eden regions: 44->0(44)
[2024-08-28T13:04:36.618+0000][info][gc,heap        ] GC(1111) Survivor regions: 7->7(7)
[2024-08-28T13:04:36.618+0000][info][gc,heap        ] GC(1111) Old regions: 896->942
[2024-08-28T13:04:36.618+0000][info][gc,heap        ] GC(1111) Archive regions: 2->2
[2024-08-28T13:04:36.618+0000][info][gc,heap        ] GC(1111) Humongous regions: 5->5
[2024-08-28T13:04:36.618+0000][info][gc,metaspace   ] GC(1111) Metaspace: 100K(320K)->100K(320K) NonClass: 96K(192K)->96K(192K) Class: 4K(128K)->4K(128K)
[2024-08-28T13:04:36.618+0000][info][gc             ] GC(1111) Pause Young (Normal) (G1 Evacuation Pause) 952M->954M(1024M) 16.707ms
[2024-08-28T13:04:36.618+0000][info][gc,cpu         ] GC(1111) User=0.34s Sys=0.04s Real=0.02s
[2024-08-28T13:04:36.625+0000][info][gc,marking     ] GC(1108) Concurrent Rebuild Remembered Sets 110.639ms
[2024-08-28T13:04:36.626+0000][info][gc,start       ] GC(1108) Pause Cleanup
[2024-08-28T13:04:36.627+0000][info][gc             ] GC(1108) Pause Cleanup 962M->962M(1024M) 1.560ms
[2024-08-28T13:04:36.627+0000][info][gc,cpu         ] GC(1108) User=0.00s Sys=0.00s Real=0.00s
[2024-08-28T13:04:36.627+0000][info][gc,marking     ] GC(1108) Concurrent Cleanup for Next Mark
[2024-08-28T13:04:36.628+0000][info][gc,marking     ] GC(1108) Concurrent Cleanup for Next Mark 0.835ms
[2024-08-28T13:04:36.628+0000][info][gc             ] GC(1108) Concurrent Mark Cycle 143.666ms
[2024-08-28T13:04:36.644+0000][info][gc,start       ] GC(1112) Pause Young (Prepare Mixed) (G1 Preventive Collection)
[2024-08-28T13:04:36.644+0000][info][gc,task        ] GC(1112) Using 24 workers of 68 for evacuation
[2024-08-28T13:04:36.655+0000][info][gc,phases      ] GC(1112)   Pre Evacuate Collection Set: 0.2ms
[2024-08-28T13:04:36.655+0000][info][gc,phases      ] GC(1112)   Merge Heap Roots: 0.5ms
[2024-08-28T13:04:36.655+0000][info][gc,phases      ] GC(1112)   Evacuate Collection Set: 10.2ms
[2024-08-28T13:04:36.655+0000][info][gc,phases      ] GC(1112)   Post Evacuate Collection Set: 0.3ms
[2024-08-28T13:04:36.655+0000][info][gc,phases      ] GC(1112)   Other: 0.2ms
[2024-08-28T13:04:36.655+0000][info][gc,heap        ] GC(1112) Eden regions: 29->0(44)
[2024-08-28T13:04:36.655+0000][info][gc,heap        ] GC(1112) Survivor regions: 7->7(7)
[2024-08-28T13:04:36.655+0000][info][gc,heap        ] GC(1112) Old regions: 942->974
[2024-08-28T13:04:36.655+0000][info][gc,heap        ] GC(1112) Archive regions: 2->2
[2024-08-28T13:04:36.655+0000][info][gc,heap        ] GC(1112) Humongous regions: 5->5
[2024-08-28T13:04:36.655+0000][info][gc,metaspace   ] GC(1112) Metaspace: 100K(320K)->100K(320K) NonClass: 96K(192K)->96K(192K) Class: 4K(128K)->4K(128K)
[2024-08-28T13:04:36.655+0000][info][gc             ] GC(1112) Pause Young (Prepare Mixed) (G1 Preventive Collection) 983M->986M(1024M) 11.395ms
[2024-08-28T13:04:36.655+0000][info][gc,cpu         ] GC(1112) User=0.24s Sys=0.02s Real=0.01s
[2024-08-28T13:04:36.664+0000][info][gc,start       ] GC(1113) Pause Young (Mixed) (G1 Preventive Collection)
[2024-08-28T13:04:36.664+0000][info][gc,task        ] GC(1113) Using 24 workers of 68 for evacuation
[2024-08-28T13:04:36.670+0000][info][gc,phases      ] GC(1113)   Pre Evacuate Collection Set: 0.2ms
[2024-08-28T13:04:36.670+0000][info][gc,phases      ] GC(1113)   Merge Heap Roots: 0.2ms
[2024-08-28T13:04:36.670+0000][info][gc,phases      ] GC(1113)   Evacuate Collection Set: 5.4ms
[2024-08-28T13:04:36.670+0000][info][gc,phases      ] GC(1113)   Post Evacuate Collection Set: 0.3ms
[2024-08-28T13:04:36.670+0000][info][gc,phases      ] GC(1113)   Other: 0.2ms
[2024-08-28T13:04:36.670+0000][info][gc,heap        ] GC(1113) Eden regions: 13->0(44)
[2024-08-28T13:04:36.670+0000][info][gc,heap        ] GC(1113) Survivor regions: 7->7(7)
[2024-08-28T13:04:36.670+0000][info][gc,heap        ] GC(1113) Old regions: 974->887
[2024-08-28T13:04:36.670+0000][info][gc,heap        ] GC(1113) Archive regions: 2->2
[2024-08-28T13:04:36.670+0000][info][gc,heap        ] GC(1113) Humongous regions: 5->5
[2024-08-28T13:04:36.670+0000][info][gc,metaspace   ] GC(1113) Metaspace: 100K(320K)->100K(320K) NonClass: 96K(192K)->96K(192K) Class: 4K(128K)->4K(128K)
[2024-08-28T13:04:36.670+0000][info][gc             ] GC(1113) Pause Young (Mixed) (G1 Preventive Collection) 999M->899M(1024M) 6.356ms
[2024-08-28T13:04:36.670+0000][info][gc,cpu         ] GC(1113) User=0.13s Sys=0.00s Real=0.01s
[2024-08-28T13:04:36.701+0000][info][gc,start       ] GC(1114) Pause Young (Mixed) (G1 Evacuation Pause)
[2024-08-28T13:04:36.701+0000][info][gc,task        ] GC(1114) Using 24 workers of 68 for evacuation
[2024-08-28T13:04:36.713+0000][info][gc,phases      ] GC(1114)   Pre Evacuate Collection Set: 0.3ms
[2024-08-28T13:04:36.713+0000][info][gc,phases      ] GC(1114)   Merge Heap Roots: 0.5ms
[2024-08-28T13:04:36.713+0000][info][gc,phases      ] GC(1114)   Evacuate Collection Set: 10.4ms
[2024-08-28T13:04:36.713+0000][info][gc,phases      ] GC(1114)   Post Evacuate Collection Set: 0.4ms
[2024-08-28T13:04:36.713+0000][info][gc,phases      ] GC(1114)   Other: 0.3ms
[2024-08-28T13:04:36.713+0000][info][gc,heap        ] GC(1114) Eden regions: 44->0(44)
[2024-08-28T13:04:36.713+0000][info][gc,heap        ] GC(1114) Survivor regions: 7->7(7)
[2024-08-28T13:04:36.713+0000][info][gc,heap        ] GC(1114) Old regions: 887->829
[2024-08-28T13:04:36.713+0000][info][gc,heap        ] GC(1114) Archive regions: 2->2
[2024-08-28T13:04:36.713+0000][info][gc,heap        ] GC(1114) Humongous regions: 5->5
[2024-08-28T13:04:36.713+0000][info][gc,metaspace   ] GC(1114) Metaspace: 100K(320K)->100K(320K) NonClass: 96K(192K)->96K(192K) Class: 4K(128K)->4K(128K)
[2024-08-28T13:04:36.713+0000][info][gc             ] GC(1114) Pause Young (Mixed) (G1 Evacuation Pause) 943M->841M(1024M) 11.949ms
[2024-08-28T13:04:36.713+0000][info][gc,cpu         ] GC(1114) User=0.25s Sys=0.01s Real=0.01s
[2024-08-28T13:04:36.739+0000][info][gc,start       ] GC(1115) Pause Young (Mixed) (G1 Evacuation Pause)
[2024-08-28T13:04:36.740+0000][info][gc,task        ] GC(1115) Using 24 workers of 68 for evacuation
[2024-08-28T13:04:36.754+0000][info][gc,phases      ] GC(1115)   Pre Evacuate Collection Set: 0.2ms
[2024-08-28T13:04:36.754+0000][info][gc,phases      ] GC(1115)   Merge Heap Roots: 0.4ms
[2024-08-28T13:04:36.754+0000][info][gc,phases      ] GC(1115)   Evacuate Collection Set: 13.2ms
[2024-08-28T13:04:36.754+0000][info][gc,phases      ] GC(1115)   Post Evacuate Collection Set: 0.4ms
[2024-08-28T13:04:36.754+0000][info][gc,phases      ] GC(1115)   Other: 0.2ms
[2024-08-28T13:04:36.754+0000][info][gc,heap        ] GC(1115) Eden regions: 44->0(44)
[2024-08-28T13:04:36.754+0000][info][gc,heap        ] GC(1115) Survivor regions: 7->7(7)
[2024-08-28T13:04:36.754+0000][info][gc,heap        ] GC(1115) Old regions: 829->791
[2024-08-28T13:04:36.754+0000][info][gc,heap        ] GC(1115) Archive regions: 2->2
[2024-08-28T13:04:36.754+0000][info][gc,heap        ] GC(1115) Humongous regions: 5->5
[2024-08-28T13:04:36.754+0000][info][gc,metaspace   ] GC(1115) Metaspace: 100K(320K)->100K(320K) NonClass: 96K(192K)->96K(192K) Class: 4K(128K)->4K(128K)
[2024-08-28T13:04:36.754+0000][info][gc             ] GC(1115) Pause Young (Mixed) (G1 Evacuation Pause) 885M->803M(1024M) 14.410ms
[2024-08-28T13:04:36.754+0000][info][gc,cpu         ] GC(1115) User=0.30s Sys=0.02s Real=0.01s
[2024-08-28T13:04:36.779+0000][info][gc,start       ] GC(1116) Pause Young (Mixed) (G1 Evacuation Pause)
[2024-08-28T13:04:36.779+0000][info][gc,task        ] GC(1116) Using 24 workers of 68 for evacuation
[2024-08-28T13:04:36.793+0000][info][gc,phases      ] GC(1116)   Pre Evacuate Collection Set: 0.2ms
[2024-08-28T13:04:36.793+0000][info][gc,phases      ] GC(1116)   Merge Heap Roots: 0.4ms
[2024-08-28T13:04:36.793+0000][info][gc,phases      ] GC(1116)   Evacuate Collection Set: 12.9ms
[2024-08-28T13:04:36.793+0000][info][gc,phases      ] GC(1116)   Post Evacuate Collection Set: 0.4ms
[2024-08-28T13:04:36.793+0000][info][gc,phases      ] GC(1116)   Other: 0.3ms
[2024-08-28T13:04:36.793+0000][info][gc,heap        ] GC(1116) Eden regions: 44->0(44)
[2024-08-28T13:04:36.793+0000][info][gc,heap        ] GC(1116) Survivor regions: 7->7(7)
[2024-08-28T13:04:36.793+0000][info][gc,heap        ] GC(1116) Old regions: 791->813
[2024-08-28T13:04:36.793+0000][info][gc,heap        ] GC(1116) Archive regions: 2->2
[2024-08-28T13:04:36.793+0000][info][gc,heap        ] GC(1116) Humongous regions: 5->5
[2024-08-28T13:04:36.793+0000][info][gc,metaspace   ] GC(1116) Metaspace: 100K(320K)->100K(320K) NonClass: 96K(192K)->96K(192K) Class: 4K(128K)->4K(128K)
[2024-08-28T13:04:36.793+0000][info][gc             ] GC(1116) Pause Young (Mixed) (G1 Evacuation Pause) 847M->825M(1024M) 14.240ms
[2024-08-28T13:04:36.793+0000][info][gc,cpu         ] GC(1116) User=0.31s Sys=0.01s Real=0.01s
[2024-08-28T13:04:36.818+0000][info][gc,start       ] GC(1117) Pause Young (Concurrent Start) (G1 Evacuation Pause)
[2024-08-28T13:04:36.818+0000][info][gc,task        ] GC(1117) Using 24 workers of 68 for evacuation
[2024-08-28T13:04:36.830+0000][info][gc,phases      ] GC(1117)   Pre Evacuate Collection Set: 0.1ms
[2024-08-28T13:04:36.830+0000][info][gc,phases      ] GC(1117)   Merge Heap Roots: 0.4ms
[2024-08-28T13:04:36.830+0000][info][gc,phases      ] GC(1117)   Evacuate Collection Set: 10.4ms
[2024-08-28T13:04:36.830+0000][info][gc,phases      ] GC(1117)   Post Evacuate Collection Set: 0.3ms
[2024-08-28T13:04:36.830+0000][info][gc,phases      ] GC(1117)   Other: 0.6ms
[2024-08-28T13:04:36.830+0000][info][gc,heap        ] GC(1117) Eden regions: 44->0(44)
[2024-08-28T13:04:36.830+0000][info][gc,heap        ] GC(1117) Survivor regions: 7->7(7)
[2024-08-28T13:04:36.830+0000][info][gc,heap        ] GC(1117) Old regions: 813->861
[2024-08-28T13:04:36.830+0000][info][gc,heap        ] GC(1117) Archive regions: 2->2
[2024-08-28T13:04:36.830+0000][info][gc,heap        ] GC(1117) Humongous regions: 5->5
[2024-08-28T13:04:36.830+0000][info][gc,metaspace   ] GC(1117) Metaspace: 100K(320K)->100K(320K) NonClass: 96K(192K)->96K(192K) Class: 4K(128K)->4K(128K)
[2024-08-28T13:04:36.830+0000][info][gc             ] GC(1117) Pause Young (Concurrent Start) (G1 Evacuation Pause) 869M->873M(1024M) 11.975ms
[2024-08-28T13:04:36.830+0000][info][gc,cpu         ] GC(1117) User=0.25s Sys=0.01s Real=0.01s
[2024-08-28T13:04:36.830+0000][info][gc             ] GC(1118) Concurrent Mark Cycle
[2024-08-28T13:04:36.830+0000][info][gc,marking     ] GC(1118) Concurrent Clear Claimed Marks
[2024-08-28T13:04:36.830+0000][info][gc,marking     ] GC(1118) Concurrent Clear Claimed Marks 0.012ms
[2024-08-28T13:04:36.830+0000][info][gc,marking     ] GC(1118) Concurrent Scan Root Regions
[2024-08-28T13:04:36.832+0000][info][gc,marking     ] GC(1118) Concurrent Scan Root Regions 1.786ms
[2024-08-28T13:04:36.832+0000][info][gc,marking     ] GC(1118) Concurrent Mark
[2024-08-28T13:04:36.832+0000][info][gc,marking     ] GC(1118) Concurrent Mark From Roots
[2024-08-28T13:04:36.832+0000][info][gc,task        ] GC(1118) Using 17 workers of 17 for marking
[2024-08-28T13:04:36.857+0000][info][gc,marking     ] GC(1118) Concurrent Mark From Roots 25.109ms
[2024-08-28T13:04:36.857+0000][info][gc,marking     ] GC(1118) Concurrent Preclean
[2024-08-28T13:04:36.858+0000][info][gc,marking     ] GC(1118) Concurrent Preclean 0.854ms
[2024-08-28T13:04:36.858+0000][info][gc,start       ] GC(1118) Pause Remark
[2024-08-28T13:04:36.860+0000][info][gc             ] GC(1118) Pause Remark 909M->909M(1024M) 1.913ms
[2024-08-28T13:04:36.860+0000][info][gc,cpu         ] GC(1118) User=0.01s Sys=0.00s Real=0.00s
[2024-08-28T13:04:36.860+0000][info][gc,marking     ] GC(1118) Concurrent Mark 28.412ms
[2024-08-28T13:04:36.860+0000][info][gc,marking     ] GC(1118) Concurrent Rebuild Remembered Sets
[2024-08-28T13:04:36.866+0000][info][gc,start       ] GC(1119) Pause Young (Normal) (G1 Evacuation Pause)
[2024-08-28T13:04:36.866+0000][info][gc,task        ] GC(1119) Using 24 workers of 68 for evacuation
[2024-08-28T13:04:36.877+0000][info][gc,phases      ] GC(1119)   Pre Evacuate Collection Set: 0.2ms
[2024-08-28T13:04:36.877+0000][info][gc,phases      ] GC(1119)   Merge Heap Roots: 0.4ms
[2024-08-28T13:04:36.877+0000][info][gc,phases      ] GC(1119)   Evacuate Collection Set: 10.0ms
[2024-08-28T13:04:36.877+0000][info][gc,phases      ] GC(1119)   Post Evacuate Collection Set: 0.4ms
[2024-08-28T13:04:36.877+0000][info][gc,phases      ] GC(1119)   Other: 0.2ms
[2024-08-28T13:04:36.877+0000][info][gc,heap        ] GC(1119) Eden regions: 44->0(44)
[2024-08-28T13:04:36.877+0000][info][gc,heap        ] GC(1119) Survivor regions: 7->7(7)
[2024-08-28T13:04:36.877+0000][info][gc,heap        ] GC(1119) Old regions: 861->906
[2024-08-28T13:04:36.877+0000][info][gc,heap        ] GC(1119) Archive regions: 2->2
[2024-08-28T13:04:36.877+0000][info][gc,heap        ] GC(1119) Humongous regions: 5->5
[2024-08-28T13:04:36.877+0000][info][gc,metaspace   ] GC(1119) Metaspace: 100K(320K)->100K(320K) NonClass: 96K(192K)->96K(192K) Class: 4K(128K)->4K(128K)
[2024-08-28T13:04:36.877+0000][info][gc             ] GC(1119) Pause Young (Normal) (G1 Evacuation Pause) 917M->918M(1024M) 11.286ms
[2024-08-28T13:04:36.877+0000][info][gc,cpu         ] GC(1119) User=0.23s Sys=0.01s Real=0.01s
[2024-08-28T13:04:36.903+0000][info][gc,start       ] GC(1120) Pause Young (Normal) (G1 Evacuation Pause)
[2024-08-28T13:04:36.903+0000][info][gc,task        ] GC(1120) Using 24 workers of 68 for evacuation
[2024-08-28T13:04:36.918+0000][info][gc,phases      ] GC(1120)   Pre Evacuate Collection Set: 0.2ms
[2024-08-28T13:04:36.918+0000][info][gc,phases      ] GC(1120)   Merge Heap Roots: 0.5ms
[2024-08-28T13:04:36.918+0000][info][gc,phases      ] GC(1120)   Evacuate Collection Set: 13.7ms
[2024-08-28T13:04:36.918+0000][info][gc,phases      ] GC(1120)   Post Evacuate Collection Set: 0.6ms
[2024-08-28T13:04:36.918+0000][info][gc,phases      ] GC(1120)   Other: 0.3ms
[2024-08-28T13:04:36.918+0000][info][gc,heap        ] GC(1120) Eden regions: 44->0(44)
[2024-08-28T13:04:36.918+0000][info][gc,heap        ] GC(1120) Survivor regions: 7->7(7)
[2024-08-28T13:04:36.918+0000][info][gc,heap        ] GC(1120) Old regions: 906->953
[2024-08-28T13:04:36.918+0000][info][gc,heap        ] GC(1120) Archive regions: 2->2
[2024-08-28T13:04:36.918+0000][info][gc,heap        ] GC(1120) Humongous regions: 5->5
[2024-08-28T13:04:36.918+0000][info][gc,metaspace   ] GC(1120) Metaspace: 100K(320K)->100K(320K) NonClass: 96K(192K)->96K(192K) Class: 4K(128K)->4K(128K)
[2024-08-28T13:04:36.918+0000][info][gc             ] GC(1120) Pause Young (Normal) (G1 Evacuation Pause) 962M->965M(1024M) 15.200ms
[2024-08-28T13:04:36.918+0000][info][gc,cpu         ] GC(1120) User=0.34s Sys=0.00s Real=0.02s
[2024-08-28T13:04:36.933+0000][info][gc,start       ] GC(1121) Pause Young (Normal) (G1 Preventive Collection)
[2024-08-28T13:04:36.933+0000][info][gc,task        ] GC(1121) Using 24 workers of 68 for evacuation
[2024-08-28T13:04:36.944+0000][info][gc,phases      ] GC(1121)   Pre Evacuate Collection Set: 0.1ms
[2024-08-28T13:04:36.944+0000][info][gc,phases      ] GC(1121)   Merge Heap Roots: 0.5ms
[2024-08-28T13:04:36.944+0000][info][gc,phases      ] GC(1121)   Evacuate Collection Set: 9.9ms
[2024-08-28T13:04:36.944+0000][info][gc,phases      ] GC(1121)   Post Evacuate Collection Set: 0.5ms
[2024-08-28T13:04:36.944+0000][info][gc,phases      ] GC(1121)   Other: 0.2ms
[2024-08-28T13:04:36.944+0000][info][gc,heap        ] GC(1121) Eden regions: 23->0(44)
[2024-08-28T13:04:36.944+0000][info][gc,heap        ] GC(1121) Survivor regions: 7->7(7)
[2024-08-28T13:04:36.944+0000][info][gc,heap        ] GC(1121) Old regions: 953->980
[2024-08-28T13:04:36.944+0000][info][gc,heap        ] GC(1121) Archive regions: 2->2
[2024-08-28T13:04:36.944+0000][info][gc,heap        ] GC(1121) Humongous regions: 5->5
[2024-08-28T13:04:36.944+0000][info][gc,metaspace   ] GC(1121) Metaspace: 100K(320K)->100K(320K) NonClass: 96K(192K)->96K(192K) Class: 4K(128K)->4K(128K)
[2024-08-28T13:04:36.944+0000][info][gc             ] GC(1121) Pause Young (Normal) (G1 Preventive Collection) 988M->992M(1024M) 11.246ms
[2024-08-28T13:04:36.944+0000][info][gc,cpu         ] GC(1121) User=0.25s Sys=0.00s Real=0.01s
[2024-08-28T13:04:36.951+0000][info][gc,start       ] GC(1122) Pause Young (Normal) (G1 Preventive Collection)
[2024-08-28T13:04:36.951+0000][info][gc,task        ] GC(1122) Using 24 workers of 68 for evacuation
[2024-08-28T13:04:36.959+0000][info][gc,phases      ] GC(1122)   Pre Evacuate Collection Set: 0.2ms
[2024-08-28T13:04:36.959+0000][info][gc,phases      ] GC(1122)   Merge Heap Roots: 0.5ms
[2024-08-28T13:04:36.959+0000][info][gc,phases      ] GC(1122)   Evacuate Collection Set: 7.4ms
[2024-08-28T13:04:36.959+0000][info][gc,phases      ] GC(1122)   Post Evacuate Collection Set: 0.5ms
[2024-08-28T13:04:36.959+0000][info][gc,phases      ] GC(1122)   Other: 0.2ms
[2024-08-28T13:04:36.959+0000][info][gc,heap        ] GC(1122) Eden regions: 10->0(44)
[2024-08-28T13:04:36.959+0000][info][gc,heap        ] GC(1122) Survivor regions: 7->7(7)
[2024-08-28T13:04:36.959+0000][info][gc,heap        ] GC(1122) Old regions: 980->993
[2024-08-28T13:04:36.959+0000][info][gc,heap        ] GC(1122) Archive regions: 2->2
[2024-08-28T13:04:36.959+0000][info][gc,heap        ] GC(1122) Humongous regions: 5->5
[2024-08-28T13:04:36.959+0000][info][gc,metaspace   ] GC(1122) Metaspace: 100K(320K)->100K(320K) NonClass: 96K(192K)->96K(192K) Class: 4K(128K)->4K(128K)
[2024-08-28T13:04:36.959+0000][info][gc             ] GC(1122) Pause Young (Normal) (G1 Preventive Collection) 1002M->1005M(1024M) 8.794ms
[2024-08-28T13:04:36.959+0000][info][gc,cpu         ] GC(1122) User=0.19s Sys=0.00s Real=0.01s
[2024-08-28T13:04:36.962+0000][info][gc,start       ] GC(1123) Pause Young (Normal) (G1 Preventive Collection)
[2024-08-28T13:04:36.962+0000][info][gc,task        ] GC(1123) Using 24 workers of 68 for evacuation
[2024-08-28T13:04:36.970+0000][info][gc             ] GC(1123) To-space exhausted
[2024-08-28T13:04:36.970+0000][info][gc,phases      ] GC(1123)   Pre Evacuate Collection Set: 0.1ms
[2024-08-28T13:04:36.970+0000][info][gc,phases      ] GC(1123)   Merge Heap Roots: 0.5ms
[2024-08-28T13:04:36.970+0000][info][gc,phases      ] GC(1123)   Evacuate Collection Set: 6.3ms
[2024-08-28T13:04:36.970+0000][info][gc,phases      ] GC(1123)   Post Evacuate Collection Set: 0.6ms
[2024-08-28T13:04:36.970+0000][info][gc,phases      ] GC(1123)   Other: 0.2ms
[2024-08-28T13:04:36.970+0000][info][gc,heap        ] GC(1123) Eden regions: 4->0(46)
[2024-08-28T13:04:36.970+0000][info][gc,heap        ] GC(1123) Survivor regions: 7->5(7)
[2024-08-28T13:04:36.970+0000][info][gc,heap        ] GC(1123) Old regions: 993->1008
[2024-08-28T13:04:36.970+0000][info][gc,heap        ] GC(1123) Archive regions: 2->2
[2024-08-28T13:04:36.970+0000][info][gc,heap        ] GC(1123) Humongous regions: 5->5
[2024-08-28T13:04:36.970+0000][info][gc,metaspace   ] GC(1123) Metaspace: 100K(320K)->100K(320K) NonClass: 96K(192K)->96K(192K) Class: 4K(128K)->4K(128K)
[2024-08-28T13:04:36.970+0000][info][gc             ] GC(1123) Pause Young (Normal) (G1 Preventive Collection) 1009M->1018M(1024M) 7.729ms
[2024-08-28T13:04:36.970+0000][info][gc,cpu         ] GC(1123) User=0.17s Sys=0.00s Real=0.01s
[2024-08-28T13:04:36.971+0000][info][gc,start       ] GC(1124) Pause Young (Normal) (G1 Preventive Collection)
[2024-08-28T13:04:36.971+0000][info][gc,task        ] GC(1124) Using 24 workers of 68 for evacuation
[2024-08-28T13:04:36.977+0000][info][gc             ] GC(1124) To-space exhausted
[2024-08-28T13:04:36.977+0000][info][gc,phases      ] GC(1124)   Pre Evacuate Collection Set: 0.1ms
[2024-08-28T13:04:36.977+0000][info][gc,phases      ] GC(1124)   Merge Heap Roots: 0.5ms
[2024-08-28T13:04:36.977+0000][info][gc,phases      ] GC(1124)   Evacuate Collection Set: 5.1ms
[2024-08-28T13:04:36.977+0000][info][gc,phases      ] GC(1124)   Post Evacuate Collection Set: 0.7ms
[2024-08-28T13:04:36.977+0000][info][gc,phases      ] GC(1124)   Other: 0.1ms
[2024-08-28T13:04:36.977+0000][info][gc,heap        ] GC(1124) Eden regions: 1->0(50)
[2024-08-28T13:04:36.977+0000][info][gc,heap        ] GC(1124) Survivor regions: 5->1(3)
[2024-08-28T13:04:36.977+0000][info][gc,heap        ] GC(1124) Old regions: 1008->1016
[2024-08-28T13:04:36.977+0000][info][gc,heap        ] GC(1124) Archive regions: 2->2
[2024-08-28T13:04:36.977+0000][info][gc,heap        ] GC(1124) Humongous regions: 5->5
[2024-08-28T13:04:36.977+0000][info][gc,metaspace   ] GC(1124) Metaspace: 100K(320K)->100K(320K) NonClass: 96K(192K)->96K(192K) Class: 4K(128K)->4K(128K)
[2024-08-28T13:04:36.977+0000][info][gc             ] GC(1124) Pause Young (Normal) (G1 Preventive Collection) 1019M->1022M(1024M) 6.637ms
[2024-08-28T13:04:36.977+0000][info][gc,cpu         ] GC(1124) User=0.14s Sys=0.00s Real=0.00s
[2024-08-28T13:04:36.977+0000][info][gc,ergo        ] Attempting full compaction
[2024-08-28T13:04:36.977+0000][info][gc,task        ] GC(1125) Using 24 workers of 68 for full compaction
[2024-08-28T13:04:36.978+0000][info][gc,start       ] GC(1125) Pause Full (G1 Compaction Pause)
[2024-08-28T13:04:36.978+0000][info][gc,phases,start] GC(1125) Phase 1: Mark live objects
[2024-08-28T13:04:36.994+0000][info][gc,phases      ] GC(1125) Phase 1: Mark live objects 15.662ms
[2024-08-28T13:04:36.994+0000][info][gc,phases,start] GC(1125) Phase 2: Prepare for compaction
[2024-08-28T13:04:37.003+0000][info][gc,phases      ] GC(1125) Phase 2: Prepare for compaction 9.383ms
[2024-08-28T13:04:37.003+0000][info][gc,phases,start] GC(1125) Phase 3: Adjust pointers
[2024-08-28T13:04:37.022+0000][info][gc,phases      ] GC(1125) Phase 3: Adjust pointers 18.576ms
[2024-08-28T13:04:37.022+0000][info][gc,phases,start] GC(1125) Phase 4: Compact heap
[2024-08-28T13:04:37.055+0000][info][gc,phases      ] GC(1125) Phase 4: Compact heap 32.985ms
[2024-08-28T13:04:37.057+0000][info][gc,heap        ] GC(1125) Eden regions: 0->0(150)
[2024-08-28T13:04:37.057+0000][info][gc,heap        ] GC(1125) Survivor regions: 1->0(3)
[2024-08-28T13:04:37.057+0000][info][gc,heap        ] GC(1125) Old regions: 1016->441
[2024-08-28T13:04:37.057+0000][info][gc,heap        ] GC(1125) Archive regions: 2->2
[2024-08-28T13:04:37.057+0000][info][gc,heap        ] GC(1125) Humongous regions: 5->5
[2024-08-28T13:04:37.057+0000][info][gc,metaspace   ] GC(1125) Metaspace: 100K(320K)->100K(320K) NonClass: 96K(192K)->96K(192K) Class: 4K(128K)->4K(128K)
[2024-08-28T13:04:37.057+0000][info][gc             ] GC(1125) Pause Full (G1 Compaction Pause) 1022M->436M(1024M) 79.083ms
[2024-08-28T13:04:37.057+0000][info][gc,cpu         ] GC(1125) User=1.64s Sys=0.02s Real=0.08s
[2024-08-28T13:04:37.057+0000][info][gc,marking     ] GC(1118) Concurrent Rebuild Remembered Sets 196.560ms
[2024-08-28T13:04:37.057+0000][info][gc,marking     ] GC(1118) Concurrent Mark Abort
[2024-08-28T13:04:37.057+0000][info][gc             ] GC(1118) Concurrent Mark Cycle 226.939ms
[2024-08-28T13:04:37.150+0000][info][gc,start       ] GC(1126) Pause Young (Normal) (G1 Evacuation Pause)
[2024-08-28T13:04:37.150+0000][info][gc,task        ] GC(1126) Using 24 workers of 68 for evacuation
[2024-08-28T13:04:37.174+0000][info][gc,phases      ] GC(1126)   Pre Evacuate Collection Set: 0.2ms
[2024-08-28T13:04:37.174+0000][info][gc,phases      ] GC(1126)   Merge Heap Roots: 0.4ms
[2024-08-28T13:04:37.174+0000][info][gc,phases      ] GC(1126)   Evacuate Collection Set: 22.9ms
[2024-08-28T13:04:37.174+0000][info][gc,phases      ] GC(1126)   Post Evacuate Collection Set: 0.4ms
[2024-08-28T13:04:37.174+0000][info][gc,phases      ] GC(1126)   Other: 0.2ms
[2024-08-28T13:04:37.174+0000][info][gc,heap        ] GC(1126) Eden regions: 150->0(103)
[2024-08-28T13:04:37.174+0000][info][gc,heap        ] GC(1126) Survivor regions: 0->19(19)
[2024-08-28T13:04:37.174+0000][info][gc,heap        ] GC(1126) Old regions: 441->570
[2024-08-28T13:04:37.174+0000][info][gc,heap        ] GC(1126) Archive regions: 2->2
[2024-08-28T13:04:37.174+0000][info][gc,heap        ] GC(1126) Humongous regions: 5->5
[2024-08-28T13:04:37.174+0000][info][gc,metaspace   ] GC(1126) Metaspace: 100K(320K)->100K(320K) NonClass: 96K(192K)->96K(192K) Class: 4K(128K)->4K(128K)
[2024-08-28T13:04:37.174+0000][info][gc             ] GC(1126) Pause Young (Normal) (G1 Evacuation Pause) 586M->583M(1024M) 24.145ms
[2024-08-28T13:04:37.174+0000][info][gc,cpu         ] GC(1126) User=0.54s Sys=0.01s Real=0.02s
[2024-08-28T13:04:37.241+0000][info][gc,start       ] GC(1127) Pause Young (Concurrent Start) (G1 Evacuation Pause)
[2024-08-28T13:04:37.241+0000][info][gc,task        ] GC(1127) Using 24 workers of 68 for evacuation
[2024-08-28T13:04:37.263+0000][info][gc,phases      ] GC(1127)   Pre Evacuate Collection Set: 0.2ms
[2024-08-28T13:04:37.263+0000][info][gc,phases      ] GC(1127)   Merge Heap Roots: 0.5ms
[2024-08-28T13:04:37.263+0000][info][gc,phases      ] GC(1127)   Evacuate Collection Set: 20.8ms
[2024-08-28T13:04:37.263+0000][info][gc,phases      ] GC(1127)   Post Evacuate Collection Set: 0.4ms
[2024-08-28T13:04:37.263+0000][info][gc,phases      ] GC(1127)   Other: 0.8ms
[2024-08-28T13:04:37.263+0000][info][gc,heap        ] GC(1127) Eden regions: 103->0(70)
[2024-08-28T13:04:37.263+0000][info][gc,heap        ] GC(1127) Survivor regions: 19->16(16)
[2024-08-28T13:04:37.263+0000][info][gc,heap        ] GC(1127) Old regions: 570->676
[2024-08-28T13:04:37.263+0000][info][gc,heap        ] GC(1127) Archive regions: 2->2
[2024-08-28T13:04:37.263+0000][info][gc,heap        ] GC(1127) Humongous regions: 5->5
[2024-08-28T13:04:37.263+0000][info][gc,metaspace   ] GC(1127) Metaspace: 100K(320K)->100K(320K) NonClass: 96K(192K)->96K(192K) Class: 4K(128K)->4K(128K)
[2024-08-28T13:04:37.263+0000][info][gc             ] GC(1127) Pause Young (Concurrent Start) (G1 Evacuation Pause) 686M->686M(1024M) 22.726ms
[2024-08-28T13:04:37.263+0000][info][gc,cpu         ] GC(1127) User=0.45s Sys=0.06s Real=0.02s
[2024-08-28T13:04:37.264+0000][info][gc             ] GC(1128) Concurrent Mark Cycle
[2024-08-28T13:04:37.264+0000][info][gc,marking     ] GC(1128) Concurrent Clear Claimed Marks
[2024-08-28T13:04:37.264+0000][info][gc,marking     ] GC(1128) Concurrent Clear Claimed Marks 0.011ms
[2024-08-28T13:04:37.264+0000][info][gc,marking     ] GC(1128) Concurrent Scan Root Regions
[2024-08-28T13:04:37.267+0000][info][gc,marking     ] GC(1128) Concurrent Scan Root Regions 3.844ms
[2024-08-28T13:04:37.267+0000][info][gc,marking     ] GC(1128) Concurrent Mark
[2024-08-28T13:04:37.267+0000][info][gc,marking     ] GC(1128) Concurrent Mark From Roots
[2024-08-28T13:04:37.267+0000][info][gc,task        ] GC(1128) Using 17 workers of 17 for marking
[2024-08-28T13:04:37.291+0000][info][gc,marking     ] GC(1128) Concurrent Mark From Roots 23.260ms
[2024-08-28T13:04:37.291+0000][info][gc,marking     ] GC(1128) Concurrent Preclean
[2024-08-28T13:04:37.291+0000][info][gc,marking     ] GC(1128) Concurrent Preclean 0.503ms
[2024-08-28T13:04:37.292+0000][info][gc,start       ] GC(1128) Pause Remark
[2024-08-28T13:04:37.293+0000][info][gc             ] GC(1128) Pause Remark 719M->719M(1024M) 1.379ms
[2024-08-28T13:04:37.293+0000][info][gc,cpu         ] GC(1128) User=0.00s Sys=0.00s Real=0.00s
[2024-08-28T13:04:37.293+0000][info][gc,marking     ] GC(1128) Concurrent Mark 25.520ms
[2024-08-28T13:04:37.293+0000][info][gc,marking     ] GC(1128) Concurrent Rebuild Remembered Sets
[2024-08-28T13:04:37.316+0000][info][gc,start       ] GC(1129) Pause Young (Normal) (G1 Evacuation Pause)
[2024-08-28T13:04:37.316+0000][info][gc,task        ] GC(1129) Using 24 workers of 68 for evacuation
[2024-08-28T13:04:37.334+0000][info][gc,phases      ] GC(1129)   Pre Evacuate Collection Set: 0.2ms
[2024-08-28T13:04:37.334+0000][info][gc,phases      ] GC(1129)   Merge Heap Roots: 0.4ms
[2024-08-28T13:04:37.334+0000][info][gc,phases      ] GC(1129)   Evacuate Collection Set: 16.8ms
[2024-08-28T13:04:37.334+0000][info][gc,phases      ] GC(1129)   Post Evacuate Collection Set: 0.6ms
[2024-08-28T13:04:37.334+0000][info][gc,phases      ] GC(1129)   Other: 0.3ms
[2024-08-28T13:04:37.334+0000][info][gc,heap        ] GC(1129) Eden regions: 70->0(47)
[2024-08-28T13:04:37.334+0000][info][gc,heap        ] GC(1129) Survivor regions: 16->11(11)
[2024-08-28T13:04:37.334+0000][info][gc,heap        ] GC(1129) Old regions: 676->753
[2024-08-28T13:04:37.334+0000][info][gc,heap        ] GC(1129) Archive regions: 2->2
[2024-08-28T13:04:37.334+0000][info][gc,heap        ] GC(1129) Humongous regions: 5->5
[2024-08-28T13:04:37.334+0000][info][gc,metaspace   ] GC(1129) Metaspace: 100K(320K)->100K(320K) NonClass: 96K(192K)->96K(192K) Class: 4K(128K)->4K(128K)
[2024-08-28T13:04:37.334+0000][info][gc             ] GC(1129) Pause Young (Normal) (G1 Evacuation Pause) 756M->758M(1024M) 18.331ms
[2024-08-28T13:04:37.334+0000][info][gc,cpu         ] GC(1129) User=0.40s Sys=0.02s Real=0.02s
[2024-08-28T13:04:37.362+0000][info][gc,start       ] GC(1130) Pause Young (Normal) (G1 Evacuation Pause)
[2024-08-28T13:04:37.362+0000][info][gc,task        ] GC(1130) Using 24 workers of 68 for evacuation
[2024-08-28T13:04:37.382+0000][info][gc,phases      ] GC(1130)   Pre Evacuate Collection Set: 0.2ms
[2024-08-28T13:04:37.382+0000][info][gc,phases      ] GC(1130)   Merge Heap Roots: 0.5ms
[2024-08-28T13:04:37.382+0000][info][gc,phases      ] GC(1130)   Evacuate Collection Set: 18.6ms
[2024-08-28T13:04:37.382+0000][info][gc,phases      ] GC(1130)   Post Evacuate Collection Set: 0.6ms
[2024-08-28T13:04:37.382+0000][info][gc,phases      ] GC(1130)   Other: 0.2ms
[2024-08-28T13:04:37.382+0000][info][gc,heap        ] GC(1130) Eden regions: 47->0(43)
[2024-08-28T13:04:37.382+0000][info][gc,heap        ] GC(1130) Survivor regions: 11->8(8)
[2024-08-28T13:04:37.382+0000][info][gc,heap        ] GC(1130) Old regions: 753->807
[2024-08-28T13:04:37.382+0000][info][gc,heap        ] GC(1130) Archive regions: 2->2
[2024-08-28T13:04:37.382+0000][info][gc,heap        ] GC(1130) Humongous regions: 5->5
[2024-08-28T13:04:37.382+0000][info][gc,metaspace   ] GC(1130) Metaspace: 100K(320K)->100K(320K) NonClass: 96K(192K)->96K(192K) Class: 4K(128K)->4K(128K)
[2024-08-28T13:04:37.383+0000][info][gc             ] GC(1130) Pause Young (Normal) (G1 Evacuation Pause) 805M->809M(1024M) 20.290ms
[2024-08-28T13:04:37.383+0000][info][gc,cpu         ] GC(1130) User=0.45s Sys=0.01s Real=0.02s
[2024-08-28T13:04:37.401+0000][info][gc,marking     ] GC(1128) Concurrent Rebuild Remembered Sets 108.051ms
[2024-08-28T13:04:37.401+0000][info][gc,start       ] GC(1128) Pause Cleanup
[2024-08-28T13:04:37.402+0000][info][gc             ] GC(1128) Pause Cleanup 840M->840M(1024M) 1.110ms
[2024-08-28T13:04:37.402+0000][info][gc,cpu         ] GC(1128) User=0.00s Sys=0.00s Real=0.00s
[2024-08-28T13:04:37.403+0000][info][gc,marking     ] GC(1128) Concurrent Cleanup for Next Mark
[2024-08-28T13:04:37.403+0000][info][gc,marking     ] GC(1128) Concurrent Cleanup for Next Mark 0.814ms
[2024-08-28T13:04:37.403+0000][info][gc             ] GC(1128) Concurrent Mark Cycle 139.837ms
[2024-08-28T13:04:37.412+0000][info][gc,start       ] GC(1131) Pause Young (Prepare Mixed) (G1 Evacuation Pause)
[2024-08-28T13:04:37.412+0000][info][gc,task        ] GC(1131) Using 24 workers of 68 for evacuation
[2024-08-28T13:04:37.426+0000][info][gc,phases      ] GC(1131)   Pre Evacuate Collection Set: 0.1ms
[2024-08-28T13:04:37.426+0000][info][gc,phases      ] GC(1131)   Merge Heap Roots: 0.4ms
[2024-08-28T13:04:37.426+0000][info][gc,phases      ] GC(1131)   Evacuate Collection Set: 12.8ms
[2024-08-28T13:04:37.426+0000][info][gc,phases      ] GC(1131)   Post Evacuate Collection Set: 0.3ms
[2024-08-28T13:04:37.426+0000][info][gc,phases      ] GC(1131)   Other: 0.2ms
[2024-08-28T13:04:37.426+0000][info][gc,heap        ] GC(1131) Eden regions: 43->0(44)
[2024-08-28T13:04:37.426+0000][info][gc,heap        ] GC(1131) Survivor regions: 8->7(7)
[2024-08-28T13:04:37.426+0000][info][gc,heap        ] GC(1131) Old regions: 807->856
[2024-08-28T13:04:37.426+0000][info][gc,heap        ] GC(1131) Archive regions: 2->2
[2024-08-28T13:04:37.426+0000][info][gc,heap        ] GC(1131) Humongous regions: 5->5
[2024-08-28T13:04:37.426+0000][info][gc,metaspace   ] GC(1131) Metaspace: 100K(320K)->100K(320K) NonClass: 96K(192K)->96K(192K) Class: 4K(128K)->4K(128K)
[2024-08-28T13:04:37.426+0000][info][gc             ] GC(1131) Pause Young (Prepare Mixed) (G1 Evacuation Pause) 852M->857M(1024M) 13.966ms
[2024-08-28T13:04:37.426+0000][info][gc,cpu         ] GC(1131) User=0.30s Sys=0.01s Real=0.01s
[2024-08-28T13:04:37.452+0000][info][gc,start       ] GC(1132) Pause Young (Mixed) (G1 Evacuation Pause)
[2024-08-28T13:04:37.452+0000][info][gc,task        ] GC(1132) Using 24 workers of 68 for evacuation
[2024-08-28T13:04:37.465+0000][info][gc,phases      ] GC(1132)   Pre Evacuate Collection Set: 0.2ms
[2024-08-28T13:04:37.465+0000][info][gc,phases      ] GC(1132)   Merge Heap Roots: 0.4ms
[2024-08-28T13:04:37.465+0000][info][gc,phases      ] GC(1132)   Evacuate Collection Set: 11.6ms
[2024-08-28T13:04:37.465+0000][info][gc,phases      ] GC(1132)   Post Evacuate Collection Set: 0.4ms
[2024-08-28T13:04:37.465+0000][info][gc,phases      ] GC(1132)   Other: 0.3ms
[2024-08-28T13:04:37.465+0000][info][gc,heap        ] GC(1132) Eden regions: 44->0(44)
[2024-08-28T13:04:37.465+0000][info][gc,heap        ] GC(1132) Survivor regions: 7->7(7)
[2024-08-28T13:04:37.465+0000][info][gc,heap        ] GC(1132) Old regions: 856->799
[2024-08-28T13:04:37.465+0000][info][gc,heap        ] GC(1132) Archive regions: 2->2
[2024-08-28T13:04:37.465+0000][info][gc,heap        ] GC(1132) Humongous regions: 5->5
[2024-08-28T13:04:37.465+0000][info][gc,metaspace   ] GC(1132) Metaspace: 100K(320K)->100K(320K) NonClass: 96K(192K)->96K(192K) Class: 4K(128K)->4K(128K)
[2024-08-28T13:04:37.465+0000][info][gc             ] GC(1132) Pause Young (Mixed) (G1 Evacuation Pause) 901M->803M(1024M) 13.065ms
[2024-08-28T13:04:37.465+0000][info][gc,cpu         ] GC(1132) User=0.29s Sys=0.00s Real=0.01s
[2024-08-28T13:04:37.492+0000][info][gc,start       ] GC(1133) Pause Young (Mixed) (G1 Evacuation Pause)
[2024-08-28T13:04:37.492+0000][info][gc,task        ] GC(1133) Using 24 workers of 68 for evacuation
[2024-08-28T13:04:37.505+0000][info][gc,phases      ] GC(1133)   Pre Evacuate Collection Set: 0.2ms
[2024-08-28T13:04:37.505+0000][info][gc,phases      ] GC(1133)   Merge Heap Roots: 0.4ms
[2024-08-28T13:04:37.505+0000][info][gc,phases      ] GC(1133)   Evacuate Collection Set: 11.8ms
[2024-08-28T13:04:37.505+0000][info][gc,phases      ] GC(1133)   Post Evacuate Collection Set: 0.4ms
[2024-08-28T13:04:37.505+0000][info][gc,phases      ] GC(1133)   Other: 0.2ms
[2024-08-28T13:04:37.505+0000][info][gc,heap        ] GC(1133) Eden regions: 44->0(47)
[2024-08-28T13:04:37.505+0000][info][gc,heap        ] GC(1133) Survivor regions: 7->7(7)
[2024-08-28T13:04:37.505+0000][info][gc,heap        ] GC(1133) Old regions: 799->756
[2024-08-28T13:04:37.505+0000][info][gc,heap        ] GC(1133) Archive regions: 2->2
[2024-08-28T13:04:37.505+0000][info][gc,heap        ] GC(1133) Humongous regions: 5->5
[2024-08-28T13:04:37.505+0000][info][gc,metaspace   ] GC(1133) Metaspace: 100K(320K)->100K(320K) NonClass: 96K(192K)->96K(192K) Class: 4K(128K)->4K(128K)
[2024-08-28T13:04:37.505+0000][info][gc             ] GC(1133) Pause Young (Mixed) (G1 Evacuation Pause) 847M->764M(1024M) 13.121ms
[2024-08-28T13:04:37.505+0000][info][gc,cpu         ] GC(1133) User=0.29s Sys=0.00s Real=0.01s
[2024-08-28T13:04:37.532+0000][info][gc,start       ] GC(1134) Pause Young (Concurrent Start) (G1 Evacuation Pause)
[2024-08-28T13:04:37.532+0000][info][gc,task        ] GC(1134) Using 24 workers of 68 for evacuation
[2024-08-28T13:04:37.544+0000][info][gc,phases      ] GC(1134)   Pre Evacuate Collection Set: 0.2ms
[2024-08-28T13:04:37.544+0000][info][gc,phases      ] GC(1134)   Merge Heap Roots: 0.3ms
[2024-08-28T13:04:37.544+0000][info][gc,phases      ] GC(1134)   Evacuate Collection Set: 10.7ms
[2024-08-28T13:04:37.544+0000][info][gc,phases      ] GC(1134)   Post Evacuate Collection Set: 0.3ms
[2024-08-28T13:04:37.544+0000][info][gc,phases      ] GC(1134)   Other: 0.8ms
[2024-08-28T13:04:37.544+0000][info][gc,heap        ] GC(1134) Eden regions: 47->0(44)
[2024-08-28T13:04:37.544+0000][info][gc,heap        ] GC(1134) Survivor regions: 7->7(7)
[2024-08-28T13:04:37.544+0000][info][gc,heap        ] GC(1134) Old regions: 756->806
[2024-08-28T13:04:37.544+0000][info][gc,heap        ] GC(1134) Archive regions: 2->2
[2024-08-28T13:04:37.544+0000][info][gc,heap        ] GC(1134) Humongous regions: 5->5
[2024-08-28T13:04:37.544+0000][info][gc,metaspace   ] GC(1134) Metaspace: 100K(320K)->100K(320K) NonClass: 96K(192K)->96K(192K) Class: 4K(128K)->4K(128K)
[2024-08-28T13:04:37.544+0000][info][gc             ] GC(1134) Pause Young (Concurrent Start) (G1 Evacuation Pause) 811M->813M(1024M) 12.260ms
[2024-08-28T13:04:37.544+0000][info][gc,cpu         ] GC(1134) User=0.26s Sys=0.01s Real=0.01s
[2024-08-28T13:04:37.544+0000][info][gc             ] GC(1135) Concurrent Mark Cycle
[2024-08-28T13:04:37.544+0000][info][gc,marking     ] GC(1135) Concurrent Clear Claimed Marks
[2024-08-28T13:04:37.544+0000][info][gc,marking     ] GC(1135) Concurrent Clear Claimed Marks 0.009ms
[2024-08-28T13:04:37.544+0000][info][gc,marking     ] GC(1135) Concurrent Scan Root Regions
[2024-08-28T13:04:37.546+0000][info][gc,marking     ] GC(1135) Concurrent Scan Root Regions 1.940ms
[2024-08-28T13:04:37.546+0000][info][gc,marking     ] GC(1135) Concurrent Mark
[2024-08-28T13:04:37.546+0000][info][gc,marking     ] GC(1135) Concurrent Mark From Roots
[2024-08-28T13:04:37.546+0000][info][gc,task        ] GC(1135) Using 17 workers of 17 for marking
[2024-08-28T13:04:37.571+0000][info][gc,marking     ] GC(1135) Concurrent Mark From Roots 25.064ms
[2024-08-28T13:04:37.571+0000][info][gc,marking     ] GC(1135) Concurrent Preclean
[2024-08-28T13:04:37.572+0000][info][gc,marking     ] GC(1135) Concurrent Preclean 0.708ms
[2024-08-28T13:04:37.572+0000][info][gc,start       ] GC(1135) Pause Remark
[2024-08-28T13:04:37.574+0000][info][gc             ] GC(1135) Pause Remark 847M->847M(1024M) 1.617ms
[2024-08-28T13:04:37.574+0000][info][gc,cpu         ] GC(1135) User=0.00s Sys=0.01s Real=0.00s
[2024-08-28T13:04:37.574+0000][info][gc,marking     ] GC(1135) Concurrent Mark 27.832ms
[2024-08-28T13:04:37.574+0000][info][gc,marking     ] GC(1135) Concurrent Rebuild Remembered Sets
[2024-08-28T13:04:37.580+0000][info][gc,start       ] GC(1136) Pause Young (Normal) (G1 Evacuation Pause)
[2024-08-28T13:04:37.580+0000][info][gc,task        ] GC(1136) Using 24 workers of 68 for evacuation
[2024-08-28T13:04:37.591+0000][info][gc,phases      ] GC(1136)   Pre Evacuate Collection Set: 0.2ms
[2024-08-28T13:04:37.591+0000][info][gc,phases      ] GC(1136)   Merge Heap Roots: 0.4ms
[2024-08-28T13:04:37.591+0000][info][gc,phases      ] GC(1136)   Evacuate Collection Set: 9.6ms
[2024-08-28T13:04:37.591+0000][info][gc,phases      ] GC(1136)   Post Evacuate Collection Set: 0.4ms
[2024-08-28T13:04:37.591+0000][info][gc,phases      ] GC(1136)   Other: 0.2ms
[2024-08-28T13:04:37.591+0000][info][gc,heap        ] GC(1136) Eden regions: 44->0(44)
[2024-08-28T13:04:37.591+0000][info][gc,heap        ] GC(1136) Survivor regions: 7->7(7)
[2024-08-28T13:04:37.591+0000][info][gc,heap        ] GC(1136) Old regions: 806->852
[2024-08-28T13:04:37.591+0000][info][gc,heap        ] GC(1136) Archive regions: 2->2
[2024-08-28T13:04:37.591+0000][info][gc,heap        ] GC(1136) Humongous regions: 5->5
[2024-08-28T13:04:37.591+0000][info][gc,metaspace   ] GC(1136) Metaspace: 100K(320K)->100K(320K) NonClass: 96K(192K)->96K(192K) Class: 4K(128K)->4K(128K)
[2024-08-28T13:04:37.591+0000][info][gc             ] GC(1136) Pause Young (Normal) (G1 Evacuation Pause) 857M->860M(1024M) 10.841ms
[2024-08-28T13:04:37.591+0000][info][gc,cpu         ] GC(1136) User=0.25s Sys=0.00s Real=0.01s
[2024-08-28T13:04:37.618+0000][info][gc,start       ] GC(1137) Pause Young (Normal) (G1 Evacuation Pause)
[2024-08-28T13:04:37.618+0000][info][gc,task        ] GC(1137) Using 24 workers of 68 for evacuation
[2024-08-28T13:04:37.633+0000][info][gc,phases      ] GC(1137)   Pre Evacuate Collection Set: 0.2ms
[2024-08-28T13:04:37.633+0000][info][gc,phases      ] GC(1137)   Merge Heap Roots: 0.4ms
[2024-08-28T13:04:37.633+0000][info][gc,phases      ] GC(1137)   Evacuate Collection Set: 13.6ms
[2024-08-28T13:04:37.633+0000][info][gc,phases      ] GC(1137)   Post Evacuate Collection Set: 0.6ms
[2024-08-28T13:04:37.633+0000][info][gc,phases      ] GC(1137)   Other: 0.3ms
[2024-08-28T13:04:37.633+0000][info][gc,heap        ] GC(1137) Eden regions: 44->0(44)
[2024-08-28T13:04:37.633+0000][info][gc,heap        ] GC(1137) Survivor regions: 7->7(7)
[2024-08-28T13:04:37.633+0000][info][gc,heap        ] GC(1137) Old regions: 852->898
[2024-08-28T13:04:37.633+0000][info][gc,heap        ] GC(1137) Archive regions: 2->2
[2024-08-28T13:04:37.633+0000][info][gc,heap        ] GC(1137) Humongous regions: 5->5
[2024-08-28T13:04:37.633+0000][info][gc,metaspace   ] GC(1137) Metaspace: 100K(320K)->100K(320K) NonClass: 96K(192K)->96K(192K) Class: 4K(128K)->4K(128K)
[2024-08-28T13:04:37.633+0000][info][gc             ] GC(1137) Pause Young (Normal) (G1 Evacuation Pause) 904M->906M(1024M) 15.075ms
[2024-08-28T13:04:37.633+0000][info][gc,cpu         ] GC(1137) User=0.34s Sys=0.00s Real=0.01s
[2024-08-28T13:04:37.659+0000][info][gc,start       ] GC(1138) Pause Young (Normal) (G1 Evacuation Pause)
[2024-08-28T13:04:37.659+0000][info][gc,task        ] GC(1138) Using 24 workers of 68 for evacuation
[2024-08-28T13:04:37.674+0000][info][gc,phases      ] GC(1138)   Pre Evacuate Collection Set: 0.1ms
[2024-08-28T13:04:37.674+0000][info][gc,phases      ] GC(1138)   Merge Heap Roots: 0.5ms
[2024-08-28T13:04:37.674+0000][info][gc,phases      ] GC(1138)   Evacuate Collection Set: 13.6ms
[2024-08-28T13:04:37.674+0000][info][gc,phases      ] GC(1138)   Post Evacuate Collection Set: 0.7ms
[2024-08-28T13:04:37.674+0000][info][gc,phases      ] GC(1138)   Other: 0.2ms
[2024-08-28T13:04:37.674+0000][info][gc,heap        ] GC(1138) Eden regions: 44->0(44)
[2024-08-28T13:04:37.674+0000][info][gc,heap        ] GC(1138) Survivor regions: 7->7(7)
[2024-08-28T13:04:37.674+0000][info][gc,heap        ] GC(1138) Old regions: 898->945
[2024-08-28T13:04:37.674+0000][info][gc,heap        ] GC(1138) Archive regions: 2->2
[2024-08-28T13:04:37.674+0000][info][gc,heap        ] GC(1138) Humongous regions: 5->5
[2024-08-28T13:04:37.674+0000][info][gc,metaspace   ] GC(1138) Metaspace: 100K(320K)->100K(320K) NonClass: 96K(192K)->96K(192K) Class: 4K(128K)->4K(128K)
[2024-08-28T13:04:37.674+0000][info][gc             ] GC(1138) Pause Young (Normal) (G1 Evacuation Pause) 950M->953M(1024M) 15.351ms
[2024-08-28T13:04:37.674+0000][info][gc,cpu         ] GC(1138) User=0.34s Sys=0.00s Real=0.01s
[2024-08-28T13:04:37.684+0000][info][gc,marking     ] GC(1135) Concurrent Rebuild Remembered Sets 109.843ms
[2024-08-28T13:04:37.684+0000][info][gc,start       ] GC(1135) Pause Cleanup
[2024-08-28T13:04:37.686+0000][info][gc             ] GC(1135) Pause Cleanup 966M->966M(1024M) 2.308ms
[2024-08-28T13:04:37.686+0000][info][gc,cpu         ] GC(1135) User=0.01s Sys=0.00s Real=0.00s
[2024-08-28T13:04:37.686+0000][info][gc,marking     ] GC(1135) Concurrent Cleanup for Next Mark
[2024-08-28T13:04:37.687+0000][info][gc,marking     ] GC(1135) Concurrent Cleanup for Next Mark 0.827ms
[2024-08-28T13:04:37.687+0000][info][gc             ] GC(1135) Concurrent Mark Cycle 143.296ms
[2024-08-28T13:04:37.697+0000][info][gc,start       ] GC(1139) Pause Young (Prepare Mixed) (G1 Preventive Collection)
[2024-08-28T13:04:37.697+0000][info][gc,task        ] GC(1139) Using 24 workers of 68 for evacuation
[2024-08-28T13:04:37.708+0000][info][gc,phases      ] GC(1139)   Pre Evacuate Collection Set: 0.1ms
[2024-08-28T13:04:37.708+0000][info][gc,phases      ] GC(1139)   Merge Heap Roots: 0.5ms
[2024-08-28T13:04:37.708+0000][info][gc,phases      ] GC(1139)   Evacuate Collection Set: 10.0ms
[2024-08-28T13:04:37.708+0000][info][gc,phases      ] GC(1139)   Post Evacuate Collection Set: 0.3ms
[2024-08-28T13:04:37.708+0000][info][gc,phases      ] GC(1139)   Other: 0.2ms
[2024-08-28T13:04:37.708+0000][info][gc,heap        ] GC(1139) Eden regions: 27->0(44)
[2024-08-28T13:04:37.708+0000][info][gc,heap        ] GC(1139) Survivor regions: 7->7(7)
[2024-08-28T13:04:37.708+0000][info][gc,heap        ] GC(1139) Old regions: 945->975
[2024-08-28T13:04:37.708+0000][info][gc,heap        ] GC(1139) Archive regions: 2->2
[2024-08-28T13:04:37.708+0000][info][gc,heap        ] GC(1139) Humongous regions: 5->5
[2024-08-28T13:04:37.708+0000][info][gc,metaspace   ] GC(1139) Metaspace: 100K(320K)->100K(320K) NonClass: 96K(192K)->96K(192K) Class: 4K(128K)->4K(128K)
[2024-08-28T13:04:37.708+0000][info][gc             ] GC(1139) Pause Young (Prepare Mixed) (G1 Preventive Collection) 980M->983M(1024M) 11.256ms
[2024-08-28T13:04:37.708+0000][info][gc,cpu         ] GC(1139) User=0.25s Sys=0.00s Real=0.01s
[2024-08-28T13:04:37.715+0000][info][gc,start       ] GC(1140) Pause Young (Mixed) (G1 Preventive Collection)
[2024-08-28T13:04:37.715+0000][info][gc,task        ] GC(1140) Using 24 workers of 68 for evacuation
[2024-08-28T13:04:37.721+0000][info][gc,phases      ] GC(1140)   Pre Evacuate Collection Set: 0.1ms
[2024-08-28T13:04:37.721+0000][info][gc,phases      ] GC(1140)   Merge Heap Roots: 0.2ms
[2024-08-28T13:04:37.721+0000][info][gc,phases      ] GC(1140)   Evacuate Collection Set: 5.0ms
[2024-08-28T13:04:37.721+0000][info][gc,phases      ] GC(1140)   Post Evacuate Collection Set: 0.3ms
[2024-08-28T13:04:37.721+0000][info][gc,phases      ] GC(1140)   Other: 0.2ms
[2024-08-28T13:04:37.721+0000][info][gc,heap        ] GC(1140) Eden regions: 12->0(44)
[2024-08-28T13:04:37.721+0000][info][gc,heap        ] GC(1140) Survivor regions: 7->7(7)
[2024-08-28T13:04:37.721+0000][info][gc,heap        ] GC(1140) Old regions: 975->887
[2024-08-28T13:04:37.721+0000][info][gc,heap        ] GC(1140) Archive regions: 2->2
[2024-08-28T13:04:37.721+0000][info][gc,heap        ] GC(1140) Humongous regions: 5->5
[2024-08-28T13:04:37.721+0000][info][gc,metaspace   ] GC(1140) Metaspace: 100K(320K)->100K(320K) NonClass: 96K(192K)->96K(192K) Class: 4K(128K)->4K(128K)
[2024-08-28T13:04:37.721+0000][info][gc             ] GC(1140) Pause Young (Mixed) (G1 Preventive Collection) 995M->897M(1024M) 5.993ms
[2024-08-28T13:04:37.721+0000][info][gc,cpu         ] GC(1140) User=0.12s Sys=0.00s Real=0.01s
[2024-08-28T13:04:37.746+0000][info][gc,start       ] GC(1141) Pause Young (Mixed) (G1 Evacuation Pause)
[2024-08-28T13:04:37.746+0000][info][gc,task        ] GC(1141) Using 24 workers of 68 for evacuation
[2024-08-28T13:04:37.757+0000][info][gc,phases      ] GC(1141)   Pre Evacuate Collection Set: 0.2ms
[2024-08-28T13:04:37.757+0000][info][gc,phases      ] GC(1141)   Merge Heap Roots: 0.4ms
[2024-08-28T13:04:37.757+0000][info][gc,phases      ] GC(1141)   Evacuate Collection Set: 10.0ms
[2024-08-28T13:04:37.757+0000][info][gc,phases      ] GC(1141)   Post Evacuate Collection Set: 0.4ms
[2024-08-28T13:04:37.757+0000][info][gc,phases      ] GC(1141)   Other: 0.3ms
[2024-08-28T13:04:37.757+0000][info][gc,heap        ] GC(1141) Eden regions: 44->0(44)
[2024-08-28T13:04:37.757+0000][info][gc,heap        ] GC(1141) Survivor regions: 7->7(7)
[2024-08-28T13:04:37.757+0000][info][gc,heap        ] GC(1141) Old regions: 887->828
[2024-08-28T13:04:37.757+0000][info][gc,heap        ] GC(1141) Archive regions: 2->2
[2024-08-28T13:04:37.757+0000][info][gc,heap        ] GC(1141) Humongous regions: 5->5
[2024-08-28T13:04:37.757+0000][info][gc,metaspace   ] GC(1141) Metaspace: 100K(320K)->100K(320K) NonClass: 96K(192K)->96K(192K) Class: 4K(128K)->4K(128K)
[2024-08-28T13:04:37.757+0000][info][gc             ] GC(1141) Pause Young (Mixed) (G1 Evacuation Pause) 941M->840M(1024M) 11.373ms
[2024-08-28T13:04:37.757+0000][info][gc,cpu         ] GC(1141) User=0.25s Sys=0.00s Real=0.01s
[2024-08-28T13:04:37.781+0000][info][gc,start       ] GC(1142) Pause Young (Mixed) (G1 Evacuation Pause)
[2024-08-28T13:04:37.782+0000][info][gc,task        ] GC(1142) Using 24 workers of 68 for evacuation
[2024-08-28T13:04:37.795+0000][info][gc,phases      ] GC(1142)   Pre Evacuate Collection Set: 0.2ms
[2024-08-28T13:04:37.796+0000][info][gc,phases      ] GC(1142)   Merge Heap Roots: 0.4ms
[2024-08-28T13:04:37.796+0000][info][gc,phases      ] GC(1142)   Evacuate Collection Set: 12.8ms
[2024-08-28T13:04:37.796+0000][info][gc,phases      ] GC(1142)   Post Evacuate Collection Set: 0.4ms
[2024-08-28T13:04:37.796+0000][info][gc,phases      ] GC(1142)   Other: 0.3ms
[2024-08-28T13:04:37.796+0000][info][gc,heap        ] GC(1142) Eden regions: 44->0(44)
[2024-08-28T13:04:37.796+0000][info][gc,heap        ] GC(1142) Survivor regions: 7->7(7)
[2024-08-28T13:04:37.796+0000][info][gc,heap        ] GC(1142) Old regions: 828->789
[2024-08-28T13:04:37.796+0000][info][gc,heap        ] GC(1142) Archive regions: 2->2
[2024-08-28T13:04:37.796+0000][info][gc,heap        ] GC(1142) Humongous regions: 5->5
[2024-08-28T13:04:37.796+0000][info][gc,metaspace   ] GC(1142) Metaspace: 100K(320K)->100K(320K) NonClass: 96K(192K)->96K(192K) Class: 4K(128K)->4K(128K)
[2024-08-28T13:04:37.796+0000][info][gc             ] GC(1142) Pause Young (Mixed) (G1 Evacuation Pause) 884M->801M(1024M) 14.153ms
[2024-08-28T13:04:37.796+0000][info][gc,cpu         ] GC(1142) User=0.31s Sys=0.00s Real=0.01s
[2024-08-28T13:04:37.821+0000][info][gc,start       ] GC(1143) Pause Young (Mixed) (G1 Evacuation Pause)
[2024-08-28T13:04:37.822+0000][info][gc,task        ] GC(1143) Using 24 workers of 68 for evacuation
[2024-08-28T13:04:37.835+0000][info][gc,phases      ] GC(1143)   Pre Evacuate Collection Set: 0.2ms
[2024-08-28T13:04:37.835+0000][info][gc,phases      ] GC(1143)   Merge Heap Roots: 0.4ms
[2024-08-28T13:04:37.835+0000][info][gc,phases      ] GC(1143)   Evacuate Collection Set: 12.7ms
[2024-08-28T13:04:37.835+0000][info][gc,phases      ] GC(1143)   Post Evacuate Collection Set: 0.3ms
[2024-08-28T13:04:37.835+0000][info][gc,phases      ] GC(1143)   Other: 0.2ms
[2024-08-28T13:04:37.835+0000][info][gc,heap        ] GC(1143) Eden regions: 44->0(44)
[2024-08-28T13:04:37.835+0000][info][gc,heap        ] GC(1143) Survivor regions: 7->7(7)
[2024-08-28T13:04:37.835+0000][info][gc,heap        ] GC(1143) Old regions: 789->809
[2024-08-28T13:04:37.835+0000][info][gc,heap        ] GC(1143) Archive regions: 2->2
[2024-08-28T13:04:37.835+0000][info][gc,heap        ] GC(1143) Humongous regions: 5->5
[2024-08-28T13:04:37.835+0000][info][gc,metaspace   ] GC(1143) Metaspace: 100K(320K)->100K(320K) NonClass: 96K(192K)->96K(192K) Class: 4K(128K)->4K(128K)
[2024-08-28T13:04:37.835+0000][info][gc             ] GC(1143) Pause Young (Mixed) (G1 Evacuation Pause) 845M->821M(1024M) 13.962ms
[2024-08-28T13:04:37.835+0000][info][gc,cpu         ] GC(1143) User=0.31s Sys=0.01s Real=0.01s
[2024-08-28T13:04:37.861+0000][info][gc,start       ] GC(1144) Pause Young (Concurrent Start) (G1 Evacuation Pause)
[2024-08-28T13:04:37.861+0000][info][gc,task        ] GC(1144) Using 24 workers of 68 for evacuation
[2024-08-28T13:04:37.873+0000][info][gc,phases      ] GC(1144)   Pre Evacuate Collection Set: 0.2ms
[2024-08-28T13:04:37.873+0000][info][gc,phases      ] GC(1144)   Merge Heap Roots: 0.4ms
[2024-08-28T13:04:37.873+0000][info][gc,phases      ] GC(1144)   Evacuate Collection Set: 10.8ms
[2024-08-28T13:04:37.873+0000][info][gc,phases      ] GC(1144)   Post Evacuate Collection Set: 0.3ms
[2024-08-28T13:04:37.873+0000][info][gc,phases      ] GC(1144)   Other: 0.8ms
[2024-08-28T13:04:37.873+0000][info][gc,heap        ] GC(1144) Eden regions: 44->0(44)
[2024-08-28T13:04:37.873+0000][info][gc,heap        ] GC(1144) Survivor regions: 7->7(7)
[2024-08-28T13:04:37.873+0000][info][gc,heap        ] GC(1144) Old regions: 809->857
[2024-08-28T13:04:37.873+0000][info][gc,heap        ] GC(1144) Archive regions: 2->2
[2024-08-28T13:04:37.873+0000][info][gc,heap        ] GC(1144) Humongous regions: 5->5
[2024-08-28T13:04:37.873+0000][info][gc,metaspace   ] GC(1144) Metaspace: 100K(320K)->100K(320K) NonClass: 96K(192K)->96K(192K) Class: 4K(128K)->4K(128K)
[2024-08-28T13:04:37.873+0000][info][gc             ] GC(1144) Pause Young (Concurrent Start) (G1 Evacuation Pause) 865M->869M(1024M) 12.456ms
[2024-08-28T13:04:37.873+0000][info][gc,cpu         ] GC(1144) User=0.26s Sys=0.00s Real=0.01s
[2024-08-28T13:04:37.873+0000][info][gc             ] GC(1145) Concurrent Mark Cycle
[2024-08-28T13:04:37.873+0000][info][gc,marking     ] GC(1145) Concurrent Clear Claimed Marks
[2024-08-28T13:04:37.873+0000][info][gc,marking     ] GC(1145) Concurrent Clear Claimed Marks 0.010ms
[2024-08-28T13:04:37.873+0000][info][gc,marking     ] GC(1145) Concurrent Scan Root Regions
[2024-08-28T13:04:37.875+0000][info][gc,marking     ] GC(1145) Concurrent Scan Root Regions 1.687ms
[2024-08-28T13:04:37.875+0000][info][gc,marking     ] GC(1145) Concurrent Mark
[2024-08-28T13:04:37.875+0000][info][gc,marking     ] GC(1145) Concurrent Mark From Roots
[2024-08-28T13:04:37.875+0000][info][gc,task        ] GC(1145) Using 17 workers of 17 for marking
[2024-08-28T13:04:37.900+0000][info][gc,marking     ] GC(1145) Concurrent Mark From Roots 24.999ms
[2024-08-28T13:04:37.900+0000][info][gc,marking     ] GC(1145) Concurrent Preclean
[2024-08-28T13:04:37.900+0000][info][gc,marking     ] GC(1145) Concurrent Preclean 0.501ms
[2024-08-28T13:04:37.901+0000][info][gc,start       ] GC(1145) Pause Remark
[2024-08-28T13:04:37.902+0000][info][gc             ] GC(1145) Pause Remark 903M->903M(1024M) 1.598ms
[2024-08-28T13:04:37.902+0000][info][gc,cpu         ] GC(1145) User=0.01s Sys=0.00s Real=0.00s
[2024-08-28T13:04:37.902+0000][info][gc,marking     ] GC(1145) Concurrent Mark 27.491ms
[2024-08-28T13:04:37.902+0000][info][gc,marking     ] GC(1145) Concurrent Rebuild Remembered Sets
[2024-08-28T13:04:37.909+0000][info][gc,start       ] GC(1146) Pause Young (Normal) (G1 Evacuation Pause)
[2024-08-28T13:04:37.909+0000][info][gc,task        ] GC(1146) Using 24 workers of 68 for evacuation
[2024-08-28T13:04:37.920+0000][info][gc,phases      ] GC(1146)   Pre Evacuate Collection Set: 0.2ms
[2024-08-28T13:04:37.920+0000][info][gc,phases      ] GC(1146)   Merge Heap Roots: 0.4ms
[2024-08-28T13:04:37.920+0000][info][gc,phases      ] GC(1146)   Evacuate Collection Set: 10.2ms
[2024-08-28T13:04:37.920+0000][info][gc,phases      ] GC(1146)   Post Evacuate Collection Set: 0.4ms
[2024-08-28T13:04:37.920+0000][info][gc,phases      ] GC(1146)   Other: 0.2ms
[2024-08-28T13:04:37.920+0000][info][gc,heap        ] GC(1146) Eden regions: 44->0(44)
[2024-08-28T13:04:37.920+0000][info][gc,heap        ] GC(1146) Survivor regions: 7->7(7)
[2024-08-28T13:04:37.921+0000][info][gc,heap        ] GC(1146) Old regions: 857->904
[2024-08-28T13:04:37.921+0000][info][gc,heap        ] GC(1146) Archive regions: 2->2
[2024-08-28T13:04:37.921+0000][info][gc,heap        ] GC(1146) Humongous regions: 5->5
[2024-08-28T13:04:37.921+0000][info][gc,metaspace   ] GC(1146) Metaspace: 100K(320K)->100K(320K) NonClass: 96K(192K)->96K(192K) Class: 4K(128K)->4K(128K)
[2024-08-28T13:04:37.921+0000][info][gc             ] GC(1146) Pause Young (Normal) (G1 Evacuation Pause) 913M->916M(1024M) 11.476ms
[2024-08-28T13:04:37.921+0000][info][gc,cpu         ] GC(1146) User=0.26s Sys=0.00s Real=0.02s
[2024-08-28T13:04:37.947+0000][info][gc,start       ] GC(1147) Pause Young (Normal) (G1 Evacuation Pause)
[2024-08-28T13:04:37.947+0000][info][gc,task        ] GC(1147) Using 24 workers of 68 for evacuation
[2024-08-28T13:04:37.962+0000][info][gc,phases      ] GC(1147)   Pre Evacuate Collection Set: 0.2ms
[2024-08-28T13:04:37.962+0000][info][gc,phases      ] GC(1147)   Merge Heap Roots: 0.5ms
[2024-08-28T13:04:37.962+0000][info][gc,phases      ] GC(1147)   Evacuate Collection Set: 14.0ms
[2024-08-28T13:04:37.962+0000][info][gc,phases      ] GC(1147)   Post Evacuate Collection Set: 0.5ms
[2024-08-28T13:04:37.962+0000][info][gc,phases      ] GC(1147)   Other: 0.3ms
[2024-08-28T13:04:37.962+0000][info][gc,heap        ] GC(1147) Eden regions: 44->0(44)
[2024-08-28T13:04:37.962+0000][info][gc,heap        ] GC(1147) Survivor regions: 7->7(7)
[2024-08-28T13:04:37.962+0000][info][gc,heap        ] GC(1147) Old regions: 904->950
[2024-08-28T13:04:37.962+0000][info][gc,heap        ] GC(1147) Archive regions: 2->2
[2024-08-28T13:04:37.962+0000][info][gc,heap        ] GC(1147) Humongous regions: 5->5
[2024-08-28T13:04:37.962+0000][info][gc,metaspace   ] GC(1147) Metaspace: 100K(320K)->100K(320K) NonClass: 96K(192K)->96K(192K) Class: 4K(128K)->4K(128K)
[2024-08-28T13:04:37.962+0000][info][gc             ] GC(1147) Pause Young (Normal) (G1 Evacuation Pause) 960M->962M(1024M) 15.596ms
[2024-08-28T13:04:37.962+0000][info][gc,cpu         ] GC(1147) User=0.35s Sys=0.00s Real=0.02s
[2024-08-28T13:04:37.977+0000][info][gc,start       ] GC(1148) Pause Young (Normal) (G1 Preventive Collection)
[2024-08-28T13:04:37.977+0000][info][gc,task        ] GC(1148) Using 24 workers of 68 for evacuation
[2024-08-28T13:04:37.990+0000][info][gc,phases      ] GC(1148)   Pre Evacuate Collection Set: 0.1ms
[2024-08-28T13:04:37.990+0000][info][gc,phases      ] GC(1148)   Merge Heap Roots: 0.5ms
[2024-08-28T13:04:37.990+0000][info][gc,phases      ] GC(1148)   Evacuate Collection Set: 11.0ms
[2024-08-28T13:04:37.990+0000][info][gc,phases      ] GC(1148)   Post Evacuate Collection Set: 0.6ms
[2024-08-28T13:04:37.990+0000][info][gc,phases      ] GC(1148)   Other: 0.2ms
[2024-08-28T13:04:37.990+0000][info][gc,heap        ] GC(1148) Eden regions: 25->0(44)
[2024-08-28T13:04:37.990+0000][info][gc,heap        ] GC(1148) Survivor regions: 7->7(7)
[2024-08-28T13:04:37.990+0000][info][gc,heap        ] GC(1148) Old regions: 950->978
[2024-08-28T13:04:37.990+0000][info][gc,heap        ] GC(1148) Archive regions: 2->2
[2024-08-28T13:04:37.990+0000][info][gc,heap        ] GC(1148) Humongous regions: 5->5
[2024-08-28T13:04:37.990+0000][info][gc,metaspace   ] GC(1148) Metaspace: 100K(320K)->100K(320K) NonClass: 96K(192K)->96K(192K) Class: 4K(128K)->4K(128K)
[2024-08-28T13:04:37.990+0000][info][gc             ] GC(1148) Pause Young (Normal) (G1 Preventive Collection) 987M->990M(1024M) 12.604ms
[2024-08-28T13:04:37.990+0000][info][gc,cpu         ] GC(1148) User=0.28s Sys=0.00s Real=0.02s
[2024-08-28T13:04:37.997+0000][info][gc,start       ] GC(1149) Pause Young (Normal) (G1 Preventive Collection)
[2024-08-28T13:04:37.997+0000][info][gc,task        ] GC(1149) Using 24 workers of 68 for evacuation
[2024-08-28T13:04:38.007+0000][info][gc,phases      ] GC(1149)   Pre Evacuate Collection Set: 0.1ms
[2024-08-28T13:04:38.007+0000][info][gc,phases      ] GC(1149)   Merge Heap Roots: 0.5ms
[2024-08-28T13:04:38.007+0000][info][gc,phases      ] GC(1149)   Evacuate Collection Set: 8.4ms
[2024-08-28T13:04:38.007+0000][info][gc,phases      ] GC(1149)   Post Evacuate Collection Set: 0.6ms
[2024-08-28T13:04:38.007+0000][info][gc,phases      ] GC(1149)   Other: 0.2ms
[2024-08-28T13:04:38.007+0000][info][gc,heap        ] GC(1149) Eden regions: 11->0(44)
[2024-08-28T13:04:38.007+0000][info][gc,heap        ] GC(1149) Survivor regions: 7->7(7)
[2024-08-28T13:04:38.007+0000][info][gc,heap        ] GC(1149) Old regions: 978->992
[2024-08-28T13:04:38.007+0000][info][gc,heap        ] GC(1149) Archive regions: 2->2
[2024-08-28T13:04:38.007+0000][info][gc,heap        ] GC(1149) Humongous regions: 5->5
[2024-08-28T13:04:38.007+0000][info][gc,metaspace   ] GC(1149) Metaspace: 100K(320K)->100K(320K) NonClass: 96K(192K)->96K(192K) Class: 4K(128K)->4K(128K)
[2024-08-28T13:04:38.007+0000][info][gc             ] GC(1149) Pause Young (Normal) (G1 Preventive Collection) 1001M->1004M(1024M) 9.967ms
[2024-08-28T13:04:38.007+0000][info][gc,cpu         ] GC(1149) User=0.22s Sys=0.00s Real=0.01s
[2024-08-28T13:04:38.010+0000][info][gc,start       ] GC(1150) Pause Young (Normal) (G1 Preventive Collection)
[2024-08-28T13:04:38.010+0000][info][gc,task        ] GC(1150) Using 24 workers of 68 for evacuation
[2024-08-28T13:04:38.019+0000][info][gc             ] GC(1150) To-space exhausted
[2024-08-28T13:04:38.019+0000][info][gc,phases      ] GC(1150)   Pre Evacuate Collection Set: 0.1ms
[2024-08-28T13:04:38.019+0000][info][gc,phases      ] GC(1150)   Merge Heap Roots: 0.6ms
[2024-08-28T13:04:38.019+0000][info][gc,phases      ] GC(1150)   Evacuate Collection Set: 7.2ms
[2024-08-28T13:04:38.019+0000][info][gc,phases      ] GC(1150)   Post Evacuate Collection Set: 0.8ms
[2024-08-28T13:04:38.019+0000][info][gc,phases      ] GC(1150)   Other: 0.2ms
[2024-08-28T13:04:38.019+0000][info][gc,heap        ] GC(1150) Eden regions: 5->0(46)
[2024-08-28T13:04:38.019+0000][info][gc,heap        ] GC(1150) Survivor regions: 7->5(7)
[2024-08-28T13:04:38.019+0000][info][gc,heap        ] GC(1150) Old regions: 992->1012
[2024-08-28T13:04:38.019+0000][info][gc,heap        ] GC(1150) Archive regions: 2->2
[2024-08-28T13:04:38.019+0000][info][gc,heap        ] GC(1150) Humongous regions: 5->5
[2024-08-28T13:04:38.019+0000][info][gc,metaspace   ] GC(1150) Metaspace: 100K(320K)->100K(320K) NonClass: 96K(192K)->96K(192K) Class: 4K(128K)->4K(128K)
[2024-08-28T13:04:38.019+0000][info][gc             ] GC(1150) Pause Young (Normal) (G1 Preventive Collection) 1009M->1022M(1024M) 8.933ms
[2024-08-28T13:04:38.019+0000][info][gc,cpu         ] GC(1150) User=0.19s Sys=0.00s Real=0.01s
[2024-08-28T13:04:38.019+0000][info][gc,ergo        ] Attempting full compaction
[2024-08-28T13:04:38.019+0000][info][gc,task        ] GC(1151) Using 24 workers of 68 for full compaction
[2024-08-28T13:04:38.020+0000][info][gc,start       ] GC(1151) Pause Full (G1 Compaction Pause)
[2024-08-28T13:04:38.021+0000][info][gc,phases,start] GC(1151) Phase 1: Mark live objects
[2024-08-28T13:04:38.037+0000][info][gc,phases      ] GC(1151) Phase 1: Mark live objects 16.041ms
[2024-08-28T13:04:38.037+0000][info][gc,phases,start] GC(1151) Phase 2: Prepare for compaction
[2024-08-28T13:04:38.046+0000][info][gc,phases      ] GC(1151) Phase 2: Prepare for compaction 9.569ms
[2024-08-28T13:04:38.046+0000][info][gc,phases,start] GC(1151) Phase 3: Adjust pointers
[2024-08-28T13:04:38.064+0000][info][gc,phases      ] GC(1151) Phase 3: Adjust pointers 18.162ms
[2024-08-28T13:04:38.065+0000][info][gc,phases,start] GC(1151) Phase 4: Compact heap
[2024-08-28T13:04:38.098+0000][info][gc,phases      ] GC(1151) Phase 4: Compact heap 33.832ms
[2024-08-28T13:04:38.100+0000][info][gc,heap        ] GC(1151) Eden regions: 0->0(150)
[2024-08-28T13:04:38.100+0000][info][gc,heap        ] GC(1151) Survivor regions: 5->0(7)
[2024-08-28T13:04:38.100+0000][info][gc,heap        ] GC(1151) Old regions: 1012->443
[2024-08-28T13:04:38.100+0000][info][gc,heap        ] GC(1151) Archive regions: 2->2
[2024-08-28T13:04:38.100+0000][info][gc,heap        ] GC(1151) Humongous regions: 5->5
[2024-08-28T13:04:38.100+0000][info][gc,metaspace   ] GC(1151) Metaspace: 100K(320K)->100K(320K) NonClass: 96K(192K)->96K(192K) Class: 4K(128K)->4K(128K)
[2024-08-28T13:04:38.100+0000][info][gc             ] GC(1151) Pause Full (G1 Compaction Pause) 1022M->435M(1024M) 80.516ms
[2024-08-28T13:04:38.100+0000][info][gc,cpu         ] GC(1151) User=1.68s Sys=0.00s Real=0.08s
[2024-08-28T13:04:38.101+0000][info][gc,marking     ] GC(1145) Concurrent Rebuild Remembered Sets 198.320ms
[2024-08-28T13:04:38.101+0000][info][gc,marking     ] GC(1145) Concurrent Mark Abort
[2024-08-28T13:04:38.101+0000][info][gc             ] GC(1145) Concurrent Mark Cycle 227.648ms
[2024-08-28T13:04:38.194+0000][info][gc,start       ] GC(1152) Pause Young (Normal) (G1 Evacuation Pause)
[2024-08-28T13:04:38.194+0000][info][gc,task        ] GC(1152) Using 24 workers of 68 for evacuation
[2024-08-28T13:04:38.218+0000][info][gc,phases      ] GC(1152)   Pre Evacuate Collection Set: 0.2ms
[2024-08-28T13:04:38.218+0000][info][gc,phases      ] GC(1152)   Merge Heap Roots: 0.5ms
[2024-08-28T13:04:38.218+0000][info][gc,phases      ] GC(1152)   Evacuate Collection Set: 22.2ms
[2024-08-28T13:04:38.218+0000][info][gc,phases      ] GC(1152)   Post Evacuate Collection Set: 0.5ms
[2024-08-28T13:04:38.218+0000][info][gc,phases      ] GC(1152)   Other: 0.3ms
[2024-08-28T13:04:38.218+0000][info][gc,heap        ] GC(1152) Eden regions: 150->0(103)
[2024-08-28T13:04:38.218+0000][info][gc,heap        ] GC(1152) Survivor regions: 0->19(19)
[2024-08-28T13:04:38.218+0000][info][gc,heap        ] GC(1152) Old regions: 443->570
[2024-08-28T13:04:38.218+0000][info][gc,heap        ] GC(1152) Archive regions: 2->2
[2024-08-28T13:04:38.218+0000][info][gc,heap        ] GC(1152) Humongous regions: 5->5
[2024-08-28T13:04:38.218+0000][info][gc,metaspace   ] GC(1152) Metaspace: 100K(320K)->100K(320K) NonClass: 96K(192K)->96K(192K) Class: 4K(128K)->4K(128K)
[2024-08-28T13:04:38.218+0000][info][gc             ] GC(1152) Pause Young (Normal) (G1 Evacuation Pause) 585M->581M(1024M) 23.749ms
[2024-08-28T13:04:38.218+0000][info][gc,cpu         ] GC(1152) User=0.54s Sys=0.00s Real=0.03s
[2024-08-28T13:04:38.278+0000][info][gc,start       ] GC(1153) Pause Young (Concurrent Start) (G1 Evacuation Pause)
[2024-08-28T13:04:38.278+0000][info][gc,task        ] GC(1153) Using 24 workers of 68 for evacuation
[2024-08-28T13:04:38.299+0000][info][gc,phases      ] GC(1153)   Pre Evacuate Collection Set: 0.2ms
[2024-08-28T13:04:38.299+0000][info][gc,phases      ] GC(1153)   Merge Heap Roots: 0.5ms
[2024-08-28T13:04:38.299+0000][info][gc,phases      ] GC(1153)   Evacuate Collection Set: 19.6ms
[2024-08-28T13:04:38.299+0000][info][gc,phases      ] GC(1153)   Post Evacuate Collection Set: 0.4ms
[2024-08-28T13:04:38.299+0000][info][gc,phases      ] GC(1153)   Other: 1.0ms
[2024-08-28T13:04:38.299+0000][info][gc,heap        ] GC(1153) Eden regions: 103->0(69)
[2024-08-28T13:04:38.299+0000][info][gc,heap        ] GC(1153) Survivor regions: 19->16(16)
[2024-08-28T13:04:38.299+0000][info][gc,heap        ] GC(1153) Old regions: 570->678
[2024-08-28T13:04:38.299+0000][info][gc,heap        ] GC(1153) Archive regions: 2->2
[2024-08-28T13:04:38.299+0000][info][gc,heap        ] GC(1153) Humongous regions: 5->5
[2024-08-28T13:04:38.299+0000][info][gc,metaspace   ] GC(1153) Metaspace: 100K(320K)->100K(320K) NonClass: 96K(192K)->96K(192K) Class: 4K(128K)->4K(128K)
[2024-08-28T13:04:38.299+0000][info][gc             ] GC(1153) Pause Young (Concurrent Start) (G1 Evacuation Pause) 684M->686M(1024M) 21.822ms
[2024-08-28T13:04:38.300+0000][info][gc,cpu         ] GC(1153) User=0.48s Sys=0.00s Real=0.02s
[2024-08-28T13:04:38.300+0000][info][gc             ] GC(1154) Concurrent Mark Cycle
[2024-08-28T13:04:38.300+0000][info][gc,marking     ] GC(1154) Concurrent Clear Claimed Marks
[2024-08-28T13:04:38.300+0000][info][gc,marking     ] GC(1154) Concurrent Clear Claimed Marks 0.010ms
[2024-08-28T13:04:38.300+0000][info][gc,marking     ] GC(1154) Concurrent Scan Root Regions
[2024-08-28T13:04:38.303+0000][info][gc,marking     ] GC(1154) Concurrent Scan Root Regions 3.716ms
[2024-08-28T13:04:38.303+0000][info][gc,marking     ] GC(1154) Concurrent Mark
[2024-08-28T13:04:38.303+0000][info][gc,marking     ] GC(1154) Concurrent Mark From Roots
[2024-08-28T13:04:38.303+0000][info][gc,task        ] GC(1154) Using 17 workers of 17 for marking
[2024-08-28T13:04:38.325+0000][info][gc,marking     ] GC(1154) Concurrent Mark From Roots 21.781ms
[2024-08-28T13:04:38.325+0000][info][gc,marking     ] GC(1154) Concurrent Preclean
[2024-08-28T13:04:38.326+0000][info][gc,marking     ] GC(1154) Concurrent Preclean 0.512ms
[2024-08-28T13:04:38.326+0000][info][gc,start       ] GC(1154) Pause Remark
[2024-08-28T13:04:38.328+0000][info][gc             ] GC(1154) Pause Remark 718M->718M(1024M) 1.609ms
[2024-08-28T13:04:38.328+0000][info][gc,cpu         ] GC(1154) User=0.00s Sys=0.00s Real=0.00s
[2024-08-28T13:04:38.328+0000][info][gc,marking     ] GC(1154) Concurrent Mark 24.363ms
[2024-08-28T13:04:38.328+0000][info][gc,marking     ] GC(1154) Concurrent Rebuild Remembered Sets
[2024-08-28T13:04:38.351+0000][info][gc,start       ] GC(1155) Pause Young (Normal) (G1 Evacuation Pause)
[2024-08-28T13:04:38.351+0000][info][gc,task        ] GC(1155) Using 24 workers of 68 for evacuation
[2024-08-28T13:04:38.368+0000][info][gc,phases      ] GC(1155)   Pre Evacuate Collection Set: 0.2ms
[2024-08-28T13:04:38.368+0000][info][gc,phases      ] GC(1155)   Merge Heap Roots: 0.4ms
[2024-08-28T13:04:38.368+0000][info][gc,phases      ] GC(1155)   Evacuate Collection Set: 16.1ms
[2024-08-28T13:04:38.368+0000][info][gc,phases      ] GC(1155)   Post Evacuate Collection Set: 0.6ms
[2024-08-28T13:04:38.368+0000][info][gc,phases      ] GC(1155)   Other: 0.3ms
[2024-08-28T13:04:38.368+0000][info][gc,heap        ] GC(1155) Eden regions: 69->0(46)
[2024-08-28T13:04:38.368+0000][info][gc,heap        ] GC(1155) Survivor regions: 16->11(11)
[2024-08-28T13:04:38.368+0000][info][gc,heap        ] GC(1155) Old regions: 678->756
[2024-08-28T13:04:38.368+0000][info][gc,heap        ] GC(1155) Archive regions: 2->2
[2024-08-28T13:04:38.368+0000][info][gc,heap        ] GC(1155) Humongous regions: 5->5
[2024-08-28T13:04:38.368+0000][info][gc,metaspace   ] GC(1155) Metaspace: 100K(320K)->100K(320K) NonClass: 96K(192K)->96K(192K) Class: 4K(128K)->4K(128K)
[2024-08-28T13:04:38.368+0000][info][gc             ] GC(1155) Pause Young (Normal) (G1 Evacuation Pause) 755M->759M(1024M) 17.703ms
[2024-08-28T13:04:38.368+0000][info][gc,cpu         ] GC(1155) User=0.40s Sys=0.00s Real=0.01s
[2024-08-28T13:04:38.395+0000][info][gc,start       ] GC(1156) Pause Young (Normal) (G1 Evacuation Pause)
[2024-08-28T13:04:38.396+0000][info][gc,task        ] GC(1156) Using 24 workers of 68 for evacuation
[2024-08-28T13:04:38.416+0000][info][gc,phases      ] GC(1156)   Pre Evacuate Collection Set: 0.2ms
[2024-08-28T13:04:38.416+0000][info][gc,phases      ] GC(1156)   Merge Heap Roots: 0.5ms
[2024-08-28T13:04:38.416+0000][info][gc,phases      ] GC(1156)   Evacuate Collection Set: 18.5ms
[2024-08-28T13:04:38.416+0000][info][gc,phases      ] GC(1156)   Post Evacuate Collection Set: 0.7ms
[2024-08-28T13:04:38.416+0000][info][gc,phases      ] GC(1156)   Other: 0.3ms
[2024-08-28T13:04:38.416+0000][info][gc,heap        ] GC(1156) Eden regions: 46->0(43)
[2024-08-28T13:04:38.416+0000][info][gc,heap        ] GC(1156) Survivor regions: 11->8(8)
[2024-08-28T13:04:38.416+0000][info][gc,heap        ] GC(1156) Old regions: 756->809
[2024-08-28T13:04:38.416+0000][info][gc,heap        ] GC(1156) Archive regions: 2->2
[2024-08-28T13:04:38.416+0000][info][gc,heap        ] GC(1156) Humongous regions: 5->5
[2024-08-28T13:04:38.416+0000][info][gc,metaspace   ] GC(1156) Metaspace: 100K(320K)->100K(320K) NonClass: 96K(192K)->96K(192K) Class: 4K(128K)->4K(128K)
[2024-08-28T13:04:38.416+0000][info][gc             ] GC(1156) Pause Young (Normal) (G1 Evacuation Pause) 805M->809M(1024M) 20.391ms
[2024-08-28T13:04:38.416+0000][info][gc,cpu         ] GC(1156) User=0.46s Sys=0.00s Real=0.02s
[2024-08-28T13:04:38.432+0000][info][gc,marking     ] GC(1154) Concurrent Rebuild Remembered Sets 104.725ms
[2024-08-28T13:04:38.433+0000][info][gc,start       ] GC(1154) Pause Cleanup
[2024-08-28T13:04:38.434+0000][info][gc             ] GC(1154) Pause Cleanup 837M->837M(1024M) 1.104ms
[2024-08-28T13:04:38.434+0000][info][gc,cpu         ] GC(1154) User=0.00s Sys=0.00s Real=0.00s
[2024-08-28T13:04:38.434+0000][info][gc,marking     ] GC(1154) Concurrent Cleanup for Next Mark
[2024-08-28T13:04:38.435+0000][info][gc,marking     ] GC(1154) Concurrent Cleanup for Next Mark 0.843ms
[2024-08-28T13:04:38.435+0000][info][gc             ] GC(1154) Concurrent Mark Cycle 135.214ms
[2024-08-28T13:04:38.445+0000][info][gc,start       ] GC(1157) Pause Young (Prepare Mixed) (G1 Evacuation Pause)
[2024-08-28T13:04:38.445+0000][info][gc,task        ] GC(1157) Using 24 workers of 68 for evacuation
[2024-08-28T13:04:38.460+0000][info][gc,phases      ] GC(1157)   Pre Evacuate Collection Set: 0.1ms
[2024-08-28T13:04:38.460+0000][info][gc,phases      ] GC(1157)   Merge Heap Roots: 0.4ms
[2024-08-28T13:04:38.460+0000][info][gc,phases      ] GC(1157)   Evacuate Collection Set: 14.0ms
[2024-08-28T13:04:38.460+0000][info][gc,phases      ] GC(1157)   Post Evacuate Collection Set: 0.3ms
[2024-08-28T13:04:38.460+0000][info][gc,phases      ] GC(1157)   Other: 0.3ms
[2024-08-28T13:04:38.460+0000][info][gc,heap        ] GC(1157) Eden regions: 43->0(44)
[2024-08-28T13:04:38.460+0000][info][gc,heap        ] GC(1157) Survivor regions: 8->7(7)
[2024-08-28T13:04:38.460+0000][info][gc,heap        ] GC(1157) Old regions: 809->856
[2024-08-28T13:04:38.460+0000][info][gc,heap        ] GC(1157) Archive regions: 2->2
[2024-08-28T13:04:38.460+0000][info][gc,heap        ] GC(1157) Humongous regions: 5->5
[2024-08-28T13:04:38.460+0000][info][gc,metaspace   ] GC(1157) Metaspace: 100K(320K)->100K(320K) NonClass: 96K(192K)->96K(192K) Class: 4K(128K)->4K(128K)
[2024-08-28T13:04:38.460+0000][info][gc             ] GC(1157) Pause Young (Prepare Mixed) (G1 Evacuation Pause) 852M->855M(1024M) 15.196ms
[2024-08-28T13:04:38.460+0000][info][gc,cpu         ] GC(1157) User=0.34s Sys=0.00s Real=0.02s
[2024-08-28T13:04:38.486+0000][info][gc,start       ] GC(1158) Pause Young (Mixed) (G1 Evacuation Pause)
[2024-08-28T13:04:38.486+0000][info][gc,task        ] GC(1158) Using 24 workers of 68 for evacuation
[2024-08-28T13:04:38.498+0000][info][gc,phases      ] GC(1158)   Pre Evacuate Collection Set: 0.2ms
[2024-08-28T13:04:38.498+0000][info][gc,phases      ] GC(1158)   Merge Heap Roots: 0.4ms
[2024-08-28T13:04:38.498+0000][info][gc,phases      ] GC(1158)   Evacuate Collection Set: 11.2ms
[2024-08-28T13:04:38.498+0000][info][gc,phases      ] GC(1158)   Post Evacuate Collection Set: 0.4ms
[2024-08-28T13:04:38.498+0000][info][gc,phases      ] GC(1158)   Other: 0.3ms
[2024-08-28T13:04:38.498+0000][info][gc,heap        ] GC(1158) Eden regions: 44->0(44)
[2024-08-28T13:04:38.498+0000][info][gc,heap        ] GC(1158) Survivor regions: 7->7(7)
[2024-08-28T13:04:38.498+0000][info][gc,heap        ] GC(1158) Old regions: 856->799
[2024-08-28T13:04:38.498+0000][info][gc,heap        ] GC(1158) Archive regions: 2->2
[2024-08-28T13:04:38.498+0000][info][gc,heap        ] GC(1158) Humongous regions: 5->5
[2024-08-28T13:04:38.498+0000][info][gc,metaspace   ] GC(1158) Metaspace: 100K(320K)->100K(320K) NonClass: 96K(192K)->96K(192K) Class: 4K(128K)->4K(128K)
[2024-08-28T13:04:38.498+0000][info][gc             ] GC(1158) Pause Young (Mixed) (G1 Evacuation Pause) 899M->805M(1024M) 12.541ms
[2024-08-28T13:04:38.498+0000][info][gc,cpu         ] GC(1158) User=0.28s Sys=0.00s Real=0.02s
[2024-08-28T13:04:38.524+0000][info][gc,start       ] GC(1159) Pause Young (Mixed) (G1 Evacuation Pause)
[2024-08-28T13:04:38.524+0000][info][gc,task        ] GC(1159) Using 24 workers of 68 for evacuation
[2024-08-28T13:04:38.536+0000][info][gc,phases      ] GC(1159)   Pre Evacuate Collection Set: 0.2ms
[2024-08-28T13:04:38.537+0000][info][gc,phases      ] GC(1159)   Merge Heap Roots: 0.4ms
[2024-08-28T13:04:38.537+0000][info][gc,phases      ] GC(1159)   Evacuate Collection Set: 11.8ms
[2024-08-28T13:04:38.537+0000][info][gc,phases      ] GC(1159)   Post Evacuate Collection Set: 0.4ms
[2024-08-28T13:04:38.537+0000][info][gc,phases      ] GC(1159)   Other: 0.2ms
[2024-08-28T13:04:38.537+0000][info][gc,heap        ] GC(1159) Eden regions: 44->0(48)
[2024-08-28T13:04:38.537+0000][info][gc,heap        ] GC(1159) Survivor regions: 7->7(7)
[2024-08-28T13:04:38.537+0000][info][gc,heap        ] GC(1159) Old regions: 799->754
[2024-08-28T13:04:38.537+0000][info][gc,heap        ] GC(1159) Archive regions: 2->2
[2024-08-28T13:04:38.537+0000][info][gc,heap        ] GC(1159) Humongous regions: 5->5
[2024-08-28T13:04:38.537+0000][info][gc,metaspace   ] GC(1159) Metaspace: 100K(320K)->100K(320K) NonClass: 96K(192K)->96K(192K) Class: 4K(128K)->4K(128K)
[2024-08-28T13:04:38.537+0000][info][gc             ] GC(1159) Pause Young (Mixed) (G1 Evacuation Pause) 849M->763M(1024M) 13.033ms
[2024-08-28T13:04:38.537+0000][info][gc,cpu         ] GC(1159) User=0.29s Sys=0.00s Real=0.01s
[2024-08-28T13:04:38.563+0000][info][gc,start       ] GC(1160) Pause Young (Concurrent Start) (G1 Evacuation Pause)
[2024-08-28T13:04:38.563+0000][info][gc,task        ] GC(1160) Using 24 workers of 68 for evacuation
[2024-08-28T13:04:38.576+0000][info][gc,phases      ] GC(1160)   Pre Evacuate Collection Set: 0.2ms
[2024-08-28T13:04:38.576+0000][info][gc,phases      ] GC(1160)   Merge Heap Roots: 0.3ms
[2024-08-28T13:04:38.576+0000][info][gc,phases      ] GC(1160)   Evacuate Collection Set: 10.7ms
[2024-08-28T13:04:38.576+0000][info][gc,phases      ] GC(1160)   Post Evacuate Collection Set: 0.3ms
[2024-08-28T13:04:38.576+0000][info][gc,phases      ] GC(1160)   Other: 0.8ms
[2024-08-28T13:04:38.576+0000][info][gc,heap        ] GC(1160) Eden regions: 48->0(44)
[2024-08-28T13:04:38.576+0000][info][gc,heap        ] GC(1160) Survivor regions: 7->7(7)
[2024-08-28T13:04:38.576+0000][info][gc,heap        ] GC(1160) Old regions: 754->804
[2024-08-28T13:04:38.576+0000][info][gc,heap        ] GC(1160) Archive regions: 2->2
[2024-08-28T13:04:38.576+0000][info][gc,heap        ] GC(1160) Humongous regions: 5->5
[2024-08-28T13:04:38.576+0000][info][gc,metaspace   ] GC(1160) Metaspace: 100K(320K)->100K(320K) NonClass: 96K(192K)->96K(192K) Class: 4K(128K)->4K(128K)
[2024-08-28T13:04:38.576+0000][info][gc             ] GC(1160) Pause Young (Concurrent Start) (G1 Evacuation Pause) 811M->813M(1024M) 12.419ms
[2024-08-28T13:04:38.576+0000][info][gc,cpu         ] GC(1160) User=0.27s Sys=0.00s Real=0.01s
[2024-08-28T13:04:38.576+0000][info][gc             ] GC(1161) Concurrent Mark Cycle
[2024-08-28T13:04:38.576+0000][info][gc,marking     ] GC(1161) Concurrent Clear Claimed Marks
[2024-08-28T13:04:38.576+0000][info][gc,marking     ] GC(1161) Concurrent Clear Claimed Marks 0.010ms
[2024-08-28T13:04:38.576+0000][info][gc,marking     ] GC(1161) Concurrent Scan Root Regions
[2024-08-28T13:04:38.578+0000][info][gc,marking     ] GC(1161) Concurrent Scan Root Regions 1.935ms
[2024-08-28T13:04:38.578+0000][info][gc,marking     ] GC(1161) Concurrent Mark
[2024-08-28T13:04:38.578+0000][info][gc,marking     ] GC(1161) Concurrent Mark From Roots
[2024-08-28T13:04:38.578+0000][info][gc,task        ] GC(1161) Using 17 workers of 17 for marking
[2024-08-28T13:04:38.603+0000][info][gc,marking     ] GC(1161) Concurrent Mark From Roots 25.009ms
[2024-08-28T13:04:38.603+0000][info][gc,marking     ] GC(1161) Concurrent Preclean
[2024-08-28T13:04:38.603+0000][info][gc,marking     ] GC(1161) Concurrent Preclean 0.502ms
[2024-08-28T13:04:38.604+0000][info][gc,start       ] GC(1161) Pause Remark
[2024-08-28T13:04:38.605+0000][info][gc             ] GC(1161) Pause Remark 847M->847M(1024M) 1.658ms
[2024-08-28T13:04:38.605+0000][info][gc,cpu         ] GC(1161) User=0.00s Sys=0.00s Real=0.00s
[2024-08-28T13:04:38.605+0000][info][gc,marking     ] GC(1161) Concurrent Mark 27.590ms
[2024-08-28T13:04:38.605+0000][info][gc,marking     ] GC(1161) Concurrent Rebuild Remembered Sets
[2024-08-28T13:04:38.612+0000][info][gc,start       ] GC(1162) Pause Young (Normal) (G1 Evacuation Pause)
[2024-08-28T13:04:38.612+0000][info][gc,task        ] GC(1162) Using 24 workers of 68 for evacuation
[2024-08-28T13:04:38.623+0000][info][gc,phases      ] GC(1162)   Pre Evacuate Collection Set: 0.1ms
[2024-08-28T13:04:38.623+0000][info][gc,phases      ] GC(1162)   Merge Heap Roots: 0.4ms
[2024-08-28T13:04:38.623+0000][info][gc,phases      ] GC(1162)   Evacuate Collection Set: 9.9ms
[2024-08-28T13:04:38.623+0000][info][gc,phases      ] GC(1162)   Post Evacuate Collection Set: 0.4ms
[2024-08-28T13:04:38.623+0000][info][gc,phases      ] GC(1162)   Other: 0.2ms
[2024-08-28T13:04:38.623+0000][info][gc,heap        ] GC(1162) Eden regions: 44->0(44)
[2024-08-28T13:04:38.623+0000][info][gc,heap        ] GC(1162) Survivor regions: 7->7(7)
[2024-08-28T13:04:38.623+0000][info][gc,heap        ] GC(1162) Old regions: 804->851
[2024-08-28T13:04:38.623+0000][info][gc,heap        ] GC(1162) Archive regions: 2->2
[2024-08-28T13:04:38.623+0000][info][gc,heap        ] GC(1162) Humongous regions: 5->5
[2024-08-28T13:04:38.623+0000][info][gc,metaspace   ] GC(1162) Metaspace: 100K(320K)->100K(320K) NonClass: 96K(192K)->96K(192K) Class: 4K(128K)->4K(128K)
[2024-08-28T13:04:38.623+0000][info][gc             ] GC(1162) Pause Young (Normal) (G1 Evacuation Pause) 857M->860M(1024M) 11.131ms
[2024-08-28T13:04:38.623+0000][info][gc,cpu         ] GC(1162) User=0.25s Sys=0.00s Real=0.01s
[2024-08-28T13:04:38.649+0000][info][gc,start       ] GC(1163) Pause Young (Normal) (G1 Evacuation Pause)
[2024-08-28T13:04:38.649+0000][info][gc,task        ] GC(1163) Using 24 workers of 68 for evacuation
[2024-08-28T13:04:38.664+0000][info][gc,phases      ] GC(1163)   Pre Evacuate Collection Set: 0.2ms
[2024-08-28T13:04:38.664+0000][info][gc,phases      ] GC(1163)   Merge Heap Roots: 0.4ms
[2024-08-28T13:04:38.664+0000][info][gc,phases      ] GC(1163)   Evacuate Collection Set: 13.7ms
[2024-08-28T13:04:38.664+0000][info][gc,phases      ] GC(1163)   Post Evacuate Collection Set: 0.6ms
[2024-08-28T13:04:38.664+0000][info][gc,phases      ] GC(1163)   Other: 0.3ms
[2024-08-28T13:04:38.664+0000][info][gc,heap        ] GC(1163) Eden regions: 44->0(44)
[2024-08-28T13:04:38.664+0000][info][gc,heap        ] GC(1163) Survivor regions: 7->7(7)
[2024-08-28T13:04:38.664+0000][info][gc,heap        ] GC(1163) Old regions: 851->897
[2024-08-28T13:04:38.664+0000][info][gc,heap        ] GC(1163) Archive regions: 2->2
[2024-08-28T13:04:38.664+0000][info][gc,heap        ] GC(1163) Humongous regions: 5->5
[2024-08-28T13:04:38.664+0000][info][gc,metaspace   ] GC(1163) Metaspace: 100K(320K)->100K(320K) NonClass: 96K(192K)->96K(192K) Class: 4K(128K)->4K(128K)
[2024-08-28T13:04:38.664+0000][info][gc             ] GC(1163) Pause Young (Normal) (G1 Evacuation Pause) 904M->906M(1024M) 15.150ms
[2024-08-28T13:04:38.664+0000][info][gc,cpu         ] GC(1163) User=0.34s Sys=0.00s Real=0.02s
[2024-08-28T13:04:38.691+0000][info][gc,start       ] GC(1164) Pause Young (Normal) (G1 Evacuation Pause)
[2024-08-28T13:04:38.691+0000][info][gc,task        ] GC(1164) Using 24 workers of 68 for evacuation
[2024-08-28T13:04:38.705+0000][info][gc,phases      ] GC(1164)   Pre Evacuate Collection Set: 0.1ms
[2024-08-28T13:04:38.705+0000][info][gc,phases      ] GC(1164)   Merge Heap Roots: 0.5ms
[2024-08-28T13:04:38.705+0000][info][gc,phases      ] GC(1164)   Evacuate Collection Set: 13.1ms
[2024-08-28T13:04:38.705+0000][info][gc,phases      ] GC(1164)   Post Evacuate Collection Set: 0.6ms
[2024-08-28T13:04:38.705+0000][info][gc,phases      ] GC(1164)   Other: 0.2ms
[2024-08-28T13:04:38.705+0000][info][gc,heap        ] GC(1164) Eden regions: 44->0(44)
[2024-08-28T13:04:38.705+0000][info][gc,heap        ] GC(1164) Survivor regions: 7->7(7)
[2024-08-28T13:04:38.705+0000][info][gc,heap        ] GC(1164) Old regions: 897->945
[2024-08-28T13:04:38.705+0000][info][gc,heap        ] GC(1164) Archive regions: 2->2
[2024-08-28T13:04:38.705+0000][info][gc,heap        ] GC(1164) Humongous regions: 5->5
[2024-08-28T13:04:38.705+0000][info][gc,metaspace   ] GC(1164) Metaspace: 100K(320K)->100K(320K) NonClass: 96K(192K)->96K(192K) Class: 4K(128K)->4K(128K)
[2024-08-28T13:04:38.705+0000][info][gc             ] GC(1164) Pause Young (Normal) (G1 Evacuation Pause) 950M->954M(1024M) 14.573ms
[2024-08-28T13:04:38.705+0000][info][gc,cpu         ] GC(1164) User=0.33s Sys=0.00s Real=0.01s
[2024-08-28T13:04:38.712+0000][info][gc,marking     ] GC(1161) Concurrent Rebuild Remembered Sets 106.846ms
[2024-08-28T13:04:38.713+0000][info][gc,start       ] GC(1161) Pause Cleanup
[2024-08-28T13:04:38.715+0000][info][gc             ] GC(1161) Pause Cleanup 965M->965M(1024M) 2.284ms
[2024-08-28T13:04:38.715+0000][info][gc,cpu         ] GC(1161) User=0.01s Sys=0.00s Real=0.00s
[2024-08-28T13:04:38.715+0000][info][gc,marking     ] GC(1161) Concurrent Cleanup for Next Mark
[2024-08-28T13:04:38.716+0000][info][gc,marking     ] GC(1161) Concurrent Cleanup for Next Mark 0.837ms
[2024-08-28T13:04:38.716+0000][info][gc             ] GC(1161) Concurrent Mark Cycle 139.971ms
[2024-08-28T13:04:38.727+0000][info][gc,start       ] GC(1165) Pause Young (Prepare Mixed) (G1 Preventive Collection)
[2024-08-28T13:04:38.727+0000][info][gc,task        ] GC(1165) Using 24 workers of 68 for evacuation
[2024-08-28T13:04:38.739+0000][info][gc,phases      ] GC(1165)   Pre Evacuate Collection Set: 0.1ms
[2024-08-28T13:04:38.739+0000][info][gc,phases      ] GC(1165)   Merge Heap Roots: 0.5ms
[2024-08-28T13:04:38.739+0000][info][gc,phases      ] GC(1165)   Evacuate Collection Set: 10.5ms
[2024-08-28T13:04:38.739+0000][info][gc,phases      ] GC(1165)   Post Evacuate Collection Set: 0.3ms
[2024-08-28T13:04:38.739+0000][info][gc,phases      ] GC(1165)   Other: 0.2ms
[2024-08-28T13:04:38.739+0000][info][gc,heap        ] GC(1165) Eden regions: 27->0(44)
[2024-08-28T13:04:38.739+0000][info][gc,heap        ] GC(1165) Survivor regions: 7->7(7)
[2024-08-28T13:04:38.739+0000][info][gc,heap        ] GC(1165) Old regions: 945->975
[2024-08-28T13:04:38.739+0000][info][gc,heap        ] GC(1165) Archive regions: 2->2
[2024-08-28T13:04:38.739+0000][info][gc,heap        ] GC(1165) Humongous regions: 5->5
[2024-08-28T13:04:38.739+0000][info][gc,metaspace   ] GC(1165) Metaspace: 100K(320K)->100K(320K) NonClass: 96K(192K)->96K(192K) Class: 4K(128K)->4K(128K)
[2024-08-28T13:04:38.739+0000][info][gc             ] GC(1165) Pause Young (Prepare Mixed) (G1 Preventive Collection) 981M->984M(1024M) 11.861ms
[2024-08-28T13:04:38.739+0000][info][gc,cpu         ] GC(1165) User=0.27s Sys=0.00s Real=0.02s
[2024-08-28T13:04:38.746+0000][info][gc,start       ] GC(1166) Pause Young (Mixed) (G1 Preventive Collection)
[2024-08-28T13:04:38.746+0000][info][gc,task        ] GC(1166) Using 24 workers of 68 for evacuation
[2024-08-28T13:04:38.752+0000][info][gc,phases      ] GC(1166)   Pre Evacuate Collection Set: 0.2ms
[2024-08-28T13:04:38.752+0000][info][gc,phases      ] GC(1166)   Merge Heap Roots: 0.2ms
[2024-08-28T13:04:38.752+0000][info][gc,phases      ] GC(1166)   Evacuate Collection Set: 5.1ms
[2024-08-28T13:04:38.752+0000][info][gc,phases      ] GC(1166)   Post Evacuate Collection Set: 0.3ms
[2024-08-28T13:04:38.752+0000][info][gc,phases      ] GC(1166)   Other: 0.2ms
[2024-08-28T13:04:38.752+0000][info][gc,heap        ] GC(1166) Eden regions: 12->0(44)
[2024-08-28T13:04:38.752+0000][info][gc,heap        ] GC(1166) Survivor regions: 7->7(7)
[2024-08-28T13:04:38.752+0000][info][gc,heap        ] GC(1166) Old regions: 975->886
[2024-08-28T13:04:38.752+0000][info][gc,heap        ] GC(1166) Archive regions: 2->2
[2024-08-28T13:04:38.752+0000][info][gc,heap        ] GC(1166) Humongous regions: 5->5
[2024-08-28T13:04:38.752+0000][info][gc,metaspace   ] GC(1166) Metaspace: 100K(320K)->100K(320K) NonClass: 96K(192K)->96K(192K) Class: 4K(128K)->4K(128K)
[2024-08-28T13:04:38.752+0000][info][gc             ] GC(1166) Pause Young (Mixed) (G1 Preventive Collection) 996M->897M(1024M) 6.058ms
[2024-08-28T13:04:38.752+0000][info][gc,cpu         ] GC(1166) User=0.13s Sys=0.00s Real=0.01s
[2024-08-28T13:04:38.777+0000][info][gc,start       ] GC(1167) Pause Young (Mixed) (G1 Evacuation Pause)
[2024-08-28T13:04:38.777+0000][info][gc,task        ] GC(1167) Using 24 workers of 68 for evacuation
[2024-08-28T13:04:38.788+0000][info][gc,phases      ] GC(1167)   Pre Evacuate Collection Set: 0.2ms
[2024-08-28T13:04:38.788+0000][info][gc,phases      ] GC(1167)   Merge Heap Roots: 0.5ms
[2024-08-28T13:04:38.788+0000][info][gc,phases      ] GC(1167)   Evacuate Collection Set: 9.9ms
[2024-08-28T13:04:38.788+0000][info][gc,phases      ] GC(1167)   Post Evacuate Collection Set: 0.4ms
[2024-08-28T13:04:38.788+0000][info][gc,phases      ] GC(1167)   Other: 0.2ms
[2024-08-28T13:04:38.788+0000][info][gc,heap        ] GC(1167) Eden regions: 44->0(44)
[2024-08-28T13:04:38.788+0000][info][gc,heap        ] GC(1167) Survivor regions: 7->7(7)
[2024-08-28T13:04:38.788+0000][info][gc,heap        ] GC(1167) Old regions: 886->828
[2024-08-28T13:04:38.788+0000][info][gc,heap        ] GC(1167) Archive regions: 2->2
[2024-08-28T13:04:38.788+0000][info][gc,heap        ] GC(1167) Humongous regions: 5->5
[2024-08-28T13:04:38.788+0000][info][gc,metaspace   ] GC(1167) Metaspace: 100K(320K)->100K(320K) NonClass: 96K(192K)->96K(192K) Class: 4K(128K)->4K(128K)
[2024-08-28T13:04:38.788+0000][info][gc             ] GC(1167) Pause Young (Mixed) (G1 Evacuation Pause) 941M->839M(1024M) 11.428ms
[2024-08-28T13:04:38.788+0000][info][gc,cpu         ] GC(1167) User=0.24s Sys=0.00s Real=0.01s
[2024-08-28T13:04:38.812+0000][info][gc,start       ] GC(1168) Pause Young (Mixed) (G1 Evacuation Pause)
[2024-08-28T13:04:38.812+0000][info][gc,task        ] GC(1168) Using 24 workers of 68 for evacuation
[2024-08-28T13:04:38.826+0000][info][gc,phases      ] GC(1168)   Pre Evacuate Collection Set: 0.2ms
[2024-08-28T13:04:38.826+0000][info][gc,phases      ] GC(1168)   Merge Heap Roots: 0.3ms
[2024-08-28T13:04:38.826+0000][info][gc,phases      ] GC(1168)   Evacuate Collection Set: 12.8ms
[2024-08-28T13:04:38.826+0000][info][gc,phases      ] GC(1168)   Post Evacuate Collection Set: 0.5ms
[2024-08-28T13:04:38.826+0000][info][gc,phases      ] GC(1168)   Other: 0.3ms
[2024-08-28T13:04:38.826+0000][info][gc,heap        ] GC(1168) Eden regions: 44->0(44)
[2024-08-28T13:04:38.826+0000][info][gc,heap        ] GC(1168) Survivor regions: 7->7(7)
[2024-08-28T13:04:38.826+0000][info][gc,heap        ] GC(1168) Old regions: 828->788
[2024-08-28T13:04:38.826+0000][info][gc,heap        ] GC(1168) Archive regions: 2->2
[2024-08-28T13:04:38.826+0000][info][gc,heap        ] GC(1168) Humongous regions: 5->5
[2024-08-28T13:04:38.826+0000][info][gc,metaspace   ] GC(1168) Metaspace: 100K(320K)->100K(320K) NonClass: 96K(192K)->96K(192K) Class: 4K(128K)->4K(128K)
[2024-08-28T13:04:38.827+0000][info][gc             ] GC(1168) Pause Young (Mixed) (G1 Evacuation Pause) 883M->800M(1024M) 14.164ms
[2024-08-28T13:04:38.827+0000][info][gc,cpu         ] GC(1168) User=0.31s Sys=0.00s Real=0.01s
[2024-08-28T13:04:38.851+0000][info][gc,start       ] GC(1169) Pause Young (Mixed) (G1 Evacuation Pause)
[2024-08-28T13:04:38.851+0000][info][gc,task        ] GC(1169) Using 24 workers of 68 for evacuation
[2024-08-28T13:04:38.865+0000][info][gc,phases      ] GC(1169)   Pre Evacuate Collection Set: 0.2ms
[2024-08-28T13:04:38.865+0000][info][gc,phases      ] GC(1169)   Merge Heap Roots: 0.4ms
[2024-08-28T13:04:38.865+0000][info][gc,phases      ] GC(1169)   Evacuate Collection Set: 12.6ms
[2024-08-28T13:04:38.865+0000][info][gc,phases      ] GC(1169)   Post Evacuate Collection Set: 0.4ms
[2024-08-28T13:04:38.865+0000][info][gc,phases      ] GC(1169)   Other: 0.3ms
[2024-08-28T13:04:38.865+0000][info][gc,heap        ] GC(1169) Eden regions: 44->0(44)
[2024-08-28T13:04:38.865+0000][info][gc,heap        ] GC(1169) Survivor regions: 7->7(7)
[2024-08-28T13:04:38.865+0000][info][gc,heap        ] GC(1169) Old regions: 788->810
[2024-08-28T13:04:38.865+0000][info][gc,heap        ] GC(1169) Archive regions: 2->2
[2024-08-28T13:04:38.865+0000][info][gc,heap        ] GC(1169) Humongous regions: 5->5
[2024-08-28T13:04:38.865+0000][info][gc,metaspace   ] GC(1169) Metaspace: 100K(320K)->100K(320K) NonClass: 96K(192K)->96K(192K) Class: 4K(128K)->4K(128K)
[2024-08-28T13:04:38.866+0000][info][gc             ] GC(1169) Pause Young (Mixed) (G1 Evacuation Pause) 844M->822M(1024M) 14.082ms
[2024-08-28T13:04:38.866+0000][info][gc,cpu         ] GC(1169) User=0.31s Sys=0.00s Real=0.01s
[2024-08-28T13:04:38.891+0000][info][gc,start       ] GC(1170) Pause Young (Concurrent Start) (G1 Evacuation Pause)
[2024-08-28T13:04:38.891+0000][info][gc,task        ] GC(1170) Using 24 workers of 68 for evacuation
[2024-08-28T13:04:38.903+0000][info][gc,phases      ] GC(1170)   Pre Evacuate Collection Set: 0.2ms
[2024-08-28T13:04:38.903+0000][info][gc,phases      ] GC(1170)   Merge Heap Roots: 0.4ms
[2024-08-28T13:04:38.903+0000][info][gc,phases      ] GC(1170)   Evacuate Collection Set: 10.6ms
[2024-08-28T13:04:38.903+0000][info][gc,phases      ] GC(1170)   Post Evacuate Collection Set: 0.4ms
[2024-08-28T13:04:38.903+0000][info][gc,phases      ] GC(1170)   Other: 1.0ms
[2024-08-28T13:04:38.903+0000][info][gc,heap        ] GC(1170) Eden regions: 44->0(44)
[2024-08-28T13:04:38.903+0000][info][gc,heap        ] GC(1170) Survivor regions: 7->7(7)
[2024-08-28T13:04:38.903+0000][info][gc,heap        ] GC(1170) Old regions: 810->857
[2024-08-28T13:04:38.903+0000][info][gc,heap        ] GC(1170) Archive regions: 2->2
[2024-08-28T13:04:38.904+0000][info][gc,heap        ] GC(1170) Humongous regions: 5->5
[2024-08-28T13:04:38.904+0000][info][gc,metaspace   ] GC(1170) Metaspace: 100K(320K)->100K(320K) NonClass: 96K(192K)->96K(192K) Class: 4K(128K)->4K(128K)
[2024-08-28T13:04:38.904+0000][info][gc             ] GC(1170) Pause Young (Concurrent Start) (G1 Evacuation Pause) 866M->869M(1024M) 12.570ms
[2024-08-28T13:04:38.904+0000][info][gc,cpu         ] GC(1170) User=0.25s Sys=0.01s Real=0.01s
[2024-08-28T13:04:38.904+0000][info][gc             ] GC(1171) Concurrent Mark Cycle
[2024-08-28T13:04:38.904+0000][info][gc,marking     ] GC(1171) Concurrent Clear Claimed Marks
[2024-08-28T13:04:38.904+0000][info][gc,marking     ] GC(1171) Concurrent Clear Claimed Marks 0.012ms
[2024-08-28T13:04:38.904+0000][info][gc,marking     ] GC(1171) Concurrent Scan Root Regions
[2024-08-28T13:04:38.906+0000][info][gc,marking     ] GC(1171) Concurrent Scan Root Regions 1.764ms
[2024-08-28T13:04:38.906+0000][info][gc,marking     ] GC(1171) Concurrent Mark
[2024-08-28T13:04:38.906+0000][info][gc,marking     ] GC(1171) Concurrent Mark From Roots
[2024-08-28T13:04:38.906+0000][info][gc,task        ] GC(1171) Using 17 workers of 17 for marking
[2024-08-28T13:04:38.932+0000][info][gc,marking     ] GC(1171) Concurrent Mark From Roots 25.963ms
[2024-08-28T13:04:38.932+0000][info][gc,marking     ] GC(1171) Concurrent Preclean
[2024-08-28T13:04:38.932+0000][info][gc,marking     ] GC(1171) Concurrent Preclean 0.502ms
[2024-08-28T13:04:38.932+0000][info][gc,start       ] GC(1171) Pause Remark
[2024-08-28T13:04:38.934+0000][info][gc             ] GC(1171) Pause Remark 904M->904M(1024M) 1.892ms
[2024-08-28T13:04:38.934+0000][info][gc,cpu         ] GC(1171) User=0.00s Sys=0.00s Real=0.00s
[2024-08-28T13:04:38.934+0000][info][gc,marking     ] GC(1171) Concurrent Mark 28.825ms
[2024-08-28T13:04:38.934+0000][info][gc,marking     ] GC(1171) Concurrent Rebuild Remembered Sets
[2024-08-28T13:04:38.940+0000][info][gc,start       ] GC(1172) Pause Young (Normal) (G1 Evacuation Pause)
[2024-08-28T13:04:38.940+0000][info][gc,task        ] GC(1172) Using 24 workers of 68 for evacuation
[2024-08-28T13:04:38.952+0000][info][gc,phases      ] GC(1172)   Pre Evacuate Collection Set: 0.2ms
[2024-08-28T13:04:38.952+0000][info][gc,phases      ] GC(1172)   Merge Heap Roots: 0.4ms
[2024-08-28T13:04:38.952+0000][info][gc,phases      ] GC(1172)   Evacuate Collection Set: 10.1ms
[2024-08-28T13:04:38.952+0000][info][gc,phases      ] GC(1172)   Post Evacuate Collection Set: 0.5ms
[2024-08-28T13:04:38.952+0000][info][gc,phases      ] GC(1172)   Other: 0.3ms
[2024-08-28T13:04:38.952+0000][info][gc,heap        ] GC(1172) Eden regions: 44->0(44)
[2024-08-28T13:04:38.952+0000][info][gc,heap        ] GC(1172) Survivor regions: 7->7(7)
[2024-08-28T13:04:38.952+0000][info][gc,heap        ] GC(1172) Old regions: 857->903
[2024-08-28T13:04:38.952+0000][info][gc,heap        ] GC(1172) Archive regions: 2->2
[2024-08-28T13:04:38.952+0000][info][gc,heap        ] GC(1172) Humongous regions: 5->5
[2024-08-28T13:04:38.952+0000][info][gc,metaspace   ] GC(1172) Metaspace: 100K(320K)->100K(320K) NonClass: 96K(192K)->96K(192K) Class: 4K(128K)->4K(128K)
[2024-08-28T13:04:38.952+0000][info][gc             ] GC(1172) Pause Young (Normal) (G1 Evacuation Pause) 913M->915M(1024M) 11.562ms
[2024-08-28T13:04:38.952+0000][info][gc,cpu         ] GC(1172) User=0.25s Sys=0.00s Real=0.01s
[2024-08-28T13:04:38.979+0000][info][gc,start       ] GC(1173) Pause Young (Normal) (G1 Evacuation Pause)
[2024-08-28T13:04:38.979+0000][info][gc,task        ] GC(1173) Using 24 workers of 68 for evacuation
[2024-08-28T13:04:38.994+0000][info][gc,phases      ] GC(1173)   Pre Evacuate Collection Set: 0.2ms
[2024-08-28T13:04:38.994+0000][info][gc,phases      ] GC(1173)   Merge Heap Roots: 0.5ms
[2024-08-28T13:04:38.994+0000][info][gc,phases      ] GC(1173)   Evacuate Collection Set: 13.6ms
[2024-08-28T13:04:38.994+0000][info][gc,phases      ] GC(1173)   Post Evacuate Collection Set: 0.6ms
[2024-08-28T13:04:38.994+0000][info][gc,phases      ] GC(1173)   Other: 0.3ms
[2024-08-28T13:04:38.994+0000][info][gc,heap        ] GC(1173) Eden regions: 44->0(44)
[2024-08-28T13:04:38.994+0000][info][gc,heap        ] GC(1173) Survivor regions: 7->7(7)
[2024-08-28T13:04:38.994+0000][info][gc,heap        ] GC(1173) Old regions: 903->949
[2024-08-28T13:04:38.994+0000][info][gc,heap        ] GC(1173) Archive regions: 2->2
[2024-08-28T13:04:38.994+0000][info][gc,heap        ] GC(1173) Humongous regions: 5->5
[2024-08-28T13:04:38.994+0000][info][gc,metaspace   ] GC(1173) Metaspace: 100K(320K)->100K(320K) NonClass: 96K(192K)->96K(192K) Class: 4K(128K)->4K(128K)
[2024-08-28T13:04:38.994+0000][info][gc             ] GC(1173) Pause Young (Normal) (G1 Evacuation Pause) 959M->961M(1024M) 15.338ms
[2024-08-28T13:04:38.994+0000][info][gc,cpu         ] GC(1173) User=0.34s Sys=0.00s Real=0.01s
[2024-08-28T13:04:39.009+0000][info][gc,start       ] GC(1174) Pause Young (Normal) (G1 Preventive Collection)
[2024-08-28T13:04:39.009+0000][info][gc,task        ] GC(1174) Using 24 workers of 68 for evacuation
[2024-08-28T13:04:39.022+0000][info][gc,phases      ] GC(1174)   Pre Evacuate Collection Set: 0.1ms
[2024-08-28T13:04:39.022+0000][info][gc,phases      ] GC(1174)   Merge Heap Roots: 0.5ms
[2024-08-28T13:04:39.022+0000][info][gc,phases      ] GC(1174)   Evacuate Collection Set: 11.4ms
[2024-08-28T13:04:39.022+0000][info][gc,phases      ] GC(1174)   Post Evacuate Collection Set: 0.6ms
[2024-08-28T13:04:39.022+0000][info][gc,phases      ] GC(1174)   Other: 0.2ms
[2024-08-28T13:04:39.022+0000][info][gc,heap        ] GC(1174) Eden regions: 25->0(44)
[2024-08-28T13:04:39.022+0000][info][gc,heap        ] GC(1174) Survivor regions: 7->7(7)
[2024-08-28T13:04:39.022+0000][info][gc,heap        ] GC(1174) Old regions: 949->978
[2024-08-28T13:04:39.022+0000][info][gc,heap        ] GC(1174) Archive regions: 2->2
[2024-08-28T13:04:39.022+0000][info][gc,heap        ] GC(1174) Humongous regions: 5->5
[2024-08-28T13:04:39.022+0000][info][gc,metaspace   ] GC(1174) Metaspace: 100K(320K)->100K(320K) NonClass: 96K(192K)->96K(192K) Class: 4K(128K)->4K(128K)
[2024-08-28T13:04:39.022+0000][info][gc             ] GC(1174) Pause Young (Normal) (G1 Preventive Collection) 986M->990M(1024M) 12.932ms
[2024-08-28T13:04:39.022+0000][info][gc,cpu         ] GC(1174) User=0.28s Sys=0.01s Real=0.02s
[2024-08-28T13:04:39.030+0000][info][gc,start       ] GC(1175) Pause Young (Normal) (G1 Preventive Collection)
[2024-08-28T13:04:39.030+0000][info][gc,task        ] GC(1175) Using 24 workers of 68 for evacuation
[2024-08-28T13:04:39.040+0000][info][gc,phases      ] GC(1175)   Pre Evacuate Collection Set: 0.1ms
[2024-08-28T13:04:39.040+0000][info][gc,phases      ] GC(1175)   Merge Heap Roots: 0.5ms
[2024-08-28T13:04:39.040+0000][info][gc,phases      ] GC(1175)   Evacuate Collection Set: 8.8ms
[2024-08-28T13:04:39.040+0000][info][gc,phases      ] GC(1175)   Post Evacuate Collection Set: 0.6ms
[2024-08-28T13:04:39.040+0000][info][gc,phases      ] GC(1175)   Other: 0.2ms
[2024-08-28T13:04:39.040+0000][info][gc,heap        ] GC(1175) Eden regions: 11->0(44)
[2024-08-28T13:04:39.040+0000][info][gc,heap        ] GC(1175) Survivor regions: 7->7(7)
[2024-08-28T13:04:39.040+0000][info][gc,heap        ] GC(1175) Old regions: 978->992
[2024-08-28T13:04:39.040+0000][info][gc,heap        ] GC(1175) Archive regions: 2->2
[2024-08-28T13:04:39.040+0000][info][gc,heap        ] GC(1175) Humongous regions: 5->5
[2024-08-28T13:04:39.040+0000][info][gc,metaspace   ] GC(1175) Metaspace: 100K(320K)->100K(320K) NonClass: 96K(192K)->96K(192K) Class: 4K(128K)->4K(128K)
[2024-08-28T13:04:39.040+0000][info][gc             ] GC(1175) Pause Young (Normal) (G1 Preventive Collection) 1001M->1004M(1024M) 10.300ms
[2024-08-28T13:04:39.040+0000][info][gc,cpu         ] GC(1175) User=0.23s Sys=0.00s Real=0.01s
[2024-08-28T13:04:39.043+0000][info][gc,start       ] GC(1176) Pause Young (Normal) (G1 Preventive Collection)
[2024-08-28T13:04:39.043+0000][info][gc,task        ] GC(1176) Using 24 workers of 68 for evacuation
[2024-08-28T13:04:39.052+0000][info][gc             ] GC(1176) To-space exhausted
[2024-08-28T13:04:39.052+0000][info][gc,phases      ] GC(1176)   Pre Evacuate Collection Set: 0.1ms
[2024-08-28T13:04:39.052+0000][info][gc,phases      ] GC(1176)   Merge Heap Roots: 0.6ms
[2024-08-28T13:04:39.052+0000][info][gc,phases      ] GC(1176)   Evacuate Collection Set: 7.3ms
[2024-08-28T13:04:39.052+0000][info][gc,phases      ] GC(1176)   Post Evacuate Collection Set: 0.8ms
[2024-08-28T13:04:39.052+0000][info][gc,phases      ] GC(1176)   Other: 0.2ms
[2024-08-28T13:04:39.052+0000][info][gc,heap        ] GC(1176) Eden regions: 5->0(46)
[2024-08-28T13:04:39.053+0000][info][gc,heap        ] GC(1176) Survivor regions: 7->5(7)
[2024-08-28T13:04:39.053+0000][info][gc,heap        ] GC(1176) Old regions: 992->1012
[2024-08-28T13:04:39.053+0000][info][gc,heap        ] GC(1176) Archive regions: 2->2
[2024-08-28T13:04:39.053+0000][info][gc,heap        ] GC(1176) Humongous regions: 5->5
[2024-08-28T13:04:39.053+0000][info][gc,metaspace   ] GC(1176) Metaspace: 100K(320K)->100K(320K) NonClass: 96K(192K)->96K(192K) Class: 4K(128K)->4K(128K)
[2024-08-28T13:04:39.053+0000][info][gc             ] GC(1176) Pause Young (Normal) (G1 Preventive Collection) 1009M->1022M(1024M) 9.119ms
[2024-08-28T13:04:39.053+0000][info][gc,cpu         ] GC(1176) User=0.20s Sys=0.00s Real=0.01s
[2024-08-28T13:04:39.053+0000][info][gc,ergo        ] Attempting full compaction
[2024-08-28T13:04:39.053+0000][info][gc,task        ] GC(1177) Using 24 workers of 68 for full compaction
[2024-08-28T13:04:39.053+0000][info][gc,start       ] GC(1177) Pause Full (G1 Compaction Pause)
[2024-08-28T13:04:39.054+0000][info][gc,phases,start] GC(1177) Phase 1: Mark live objects
[2024-08-28T13:04:39.069+0000][info][gc,phases      ] GC(1177) Phase 1: Mark live objects 15.767ms
[2024-08-28T13:04:39.070+0000][info][gc,phases,start] GC(1177) Phase 2: Prepare for compaction
[2024-08-28T13:04:39.079+0000][info][gc,phases      ] GC(1177) Phase 2: Prepare for compaction 9.813ms
[2024-08-28T13:04:39.079+0000][info][gc,phases,start] GC(1177) Phase 3: Adjust pointers
[2024-08-28T13:04:39.098+0000][info][gc,phases      ] GC(1177) Phase 3: Adjust pointers 18.300ms
[2024-08-28T13:04:39.098+0000][info][gc,phases,start] GC(1177) Phase 4: Compact heap
[2024-08-28T13:04:39.132+0000][info][gc,phases      ] GC(1177) Phase 4: Compact heap 34.082ms
[2024-08-28T13:04:39.134+0000][info][gc,heap        ] GC(1177) Eden regions: 0->0(151)
[2024-08-28T13:04:39.134+0000][info][gc,heap        ] GC(1177) Survivor regions: 5->0(7)
[2024-08-28T13:04:39.134+0000][info][gc,heap        ] GC(1177) Old regions: 1012->438
[2024-08-28T13:04:39.134+0000][info][gc,heap        ] GC(1177) Archive regions: 2->2
[2024-08-28T13:04:39.134+0000][info][gc,heap        ] GC(1177) Humongous regions: 5->5
[2024-08-28T13:04:39.134+0000][info][gc,metaspace   ] GC(1177) Metaspace: 100K(320K)->100K(320K) NonClass: 96K(192K)->96K(192K) Class: 4K(128K)->4K(128K)
[2024-08-28T13:04:39.134+0000][info][gc             ] GC(1177) Pause Full (G1 Compaction Pause) 1022M->435M(1024M) 80.788ms
[2024-08-28T13:04:39.134+0000][info][gc,cpu         ] GC(1177) User=1.68s Sys=0.01s Real=0.08s
[2024-08-28T13:04:39.134+0000][info][gc,marking     ] GC(1171) Concurrent Rebuild Remembered Sets 199.762ms
[2024-08-28T13:04:39.134+0000][info][gc,marking     ] GC(1171) Concurrent Mark Abort
[2024-08-28T13:04:39.134+0000][info][gc             ] GC(1171) Concurrent Mark Cycle 230.535ms
[2024-08-28T13:04:39.228+0000][info][gc,start       ] GC(1178) Pause Young (Normal) (G1 Evacuation Pause)
[2024-08-28T13:04:39.228+0000][info][gc,task        ] GC(1178) Using 24 workers of 68 for evacuation
[2024-08-28T13:04:39.252+0000][info][gc,phases      ] GC(1178)   Pre Evacuate Collection Set: 0.2ms
[2024-08-28T13:04:39.252+0000][info][gc,phases      ] GC(1178)   Merge Heap Roots: 0.4ms
[2024-08-28T13:04:39.252+0000][info][gc,phases      ] GC(1178)   Evacuate Collection Set: 22.2ms
[2024-08-28T13:04:39.252+0000][info][gc,phases      ] GC(1178)   Post Evacuate Collection Set: 0.4ms
[2024-08-28T13:04:39.252+0000][info][gc,phases      ] GC(1178)   Other: 0.3ms
[2024-08-28T13:04:39.252+0000][info][gc,heap        ] GC(1178) Eden regions: 151->0(104)
[2024-08-28T13:04:39.252+0000][info][gc,heap        ] GC(1178) Survivor regions: 0->19(19)
[2024-08-28T13:04:39.252+0000][info][gc,heap        ] GC(1178) Old regions: 438->566
[2024-08-28T13:04:39.252+0000][info][gc,heap        ] GC(1178) Archive regions: 2->2
[2024-08-28T13:04:39.252+0000][info][gc,heap        ] GC(1178) Humongous regions: 5->5
[2024-08-28T13:04:39.252+0000][info][gc,metaspace   ] GC(1178) Metaspace: 100K(320K)->100K(320K) NonClass: 96K(192K)->96K(192K) Class: 4K(128K)->4K(128K)
[2024-08-28T13:04:39.252+0000][info][gc             ] GC(1178) Pause Young (Normal) (G1 Evacuation Pause) 586M->582M(1024M) 23.585ms
[2024-08-28T13:04:39.252+0000][info][gc,cpu         ] GC(1178) User=0.54s Sys=0.00s Real=0.03s
[2024-08-28T13:04:39.313+0000][info][gc,start       ] GC(1179) Pause Young (Concurrent Start) (G1 Evacuation Pause)
[2024-08-28T13:04:39.314+0000][info][gc,task        ] GC(1179) Using 24 workers of 68 for evacuation
[2024-08-28T13:04:39.339+0000][info][gc,phases      ] GC(1179)   Pre Evacuate Collection Set: 0.2ms
[2024-08-28T13:04:39.339+0000][info][gc,phases      ] GC(1179)   Merge Heap Roots: 0.4ms
[2024-08-28T13:04:39.339+0000][info][gc,phases      ] GC(1179)   Evacuate Collection Set: 23.8ms
[2024-08-28T13:04:39.339+0000][info][gc,phases      ] GC(1179)   Post Evacuate Collection Set: 0.4ms
[2024-08-28T13:04:39.339+0000][info][gc,phases      ] GC(1179)   Other: 0.9ms
[2024-08-28T13:04:39.339+0000][info][gc,heap        ] GC(1179) Eden regions: 104->0(71)
[2024-08-28T13:04:39.339+0000][info][gc,heap        ] GC(1179) Survivor regions: 19->16(16)
[2024-08-28T13:04:39.339+0000][info][gc,heap        ] GC(1179) Old regions: 566->674
[2024-08-28T13:04:39.339+0000][info][gc,heap        ] GC(1179) Archive regions: 2->2
[2024-08-28T13:04:39.339+0000][info][gc,heap        ] GC(1179) Humongous regions: 5->5
[2024-08-28T13:04:39.339+0000][info][gc,metaspace   ] GC(1179) Metaspace: 100K(320K)->100K(320K) NonClass: 96K(192K)->96K(192K) Class: 4K(128K)->4K(128K)
[2024-08-28T13:04:39.339+0000][info][gc             ] GC(1179) Pause Young (Concurrent Start) (G1 Evacuation Pause) 686M->687M(1024M) 25.852ms
[2024-08-28T13:04:39.339+0000][info][gc,cpu         ] GC(1179) User=0.49s Sys=0.00s Real=0.03s
[2024-08-28T13:04:39.339+0000][info][gc             ] GC(1180) Concurrent Mark Cycle
[2024-08-28T13:04:39.339+0000][info][gc,marking     ] GC(1180) Concurrent Clear Claimed Marks
[2024-08-28T13:04:39.339+0000][info][gc,marking     ] GC(1180) Concurrent Clear Claimed Marks 0.010ms
[2024-08-28T13:04:39.339+0000][info][gc,marking     ] GC(1180) Concurrent Scan Root Regions
[2024-08-28T13:04:39.343+0000][info][gc,marking     ] GC(1180) Concurrent Scan Root Regions 3.951ms
[2024-08-28T13:04:39.343+0000][info][gc,marking     ] GC(1180) Concurrent Mark
[2024-08-28T13:04:39.343+0000][info][gc,marking     ] GC(1180) Concurrent Mark From Roots
[2024-08-28T13:04:39.343+0000][info][gc,task        ] GC(1180) Using 17 workers of 17 for marking
[2024-08-28T13:04:39.365+0000][info][gc,marking     ] GC(1180) Concurrent Mark From Roots 21.951ms
[2024-08-28T13:04:39.365+0000][info][gc,marking     ] GC(1180) Concurrent Preclean
[2024-08-28T13:04:39.366+0000][info][gc,marking     ] GC(1180) Concurrent Preclean 0.520ms
[2024-08-28T13:04:39.366+0000][info][gc,start       ] GC(1180) Pause Remark
[2024-08-28T13:04:39.368+0000][info][gc             ] GC(1180) Pause Remark 710M->710M(1024M) 1.536ms
[2024-08-28T13:04:39.368+0000][info][gc,cpu         ] GC(1180) User=0.00s Sys=0.00s Real=0.00s
[2024-08-28T13:04:39.368+0000][info][gc,marking     ] GC(1180) Concurrent Mark 24.449ms
[2024-08-28T13:04:39.368+0000][info][gc,marking     ] GC(1180) Concurrent Rebuild Remembered Sets
[2024-08-28T13:04:39.408+0000][info][gc,start       ] GC(1181) Pause Young (Normal) (G1 Evacuation Pause)
[2024-08-28T13:04:39.408+0000][info][gc,task        ] GC(1181) Using 24 workers of 68 for evacuation
[2024-08-28T13:04:39.426+0000][info][gc,phases      ] GC(1181)   Pre Evacuate Collection Set: 0.2ms
[2024-08-28T13:04:39.426+0000][info][gc,phases      ] GC(1181)   Merge Heap Roots: 0.4ms
[2024-08-28T13:04:39.426+0000][info][gc,phases      ] GC(1181)   Evacuate Collection Set: 16.6ms
[2024-08-28T13:04:39.426+0000][info][gc,phases      ] GC(1181)   Post Evacuate Collection Set: 0.6ms
[2024-08-28T13:04:39.426+0000][info][gc,phases      ] GC(1181)   Other: 0.3ms
[2024-08-28T13:04:39.426+0000][info][gc,heap        ] GC(1181) Eden regions: 71->0(46)
[2024-08-28T13:04:39.426+0000][info][gc,heap        ] GC(1181) Survivor regions: 16->11(11)
[2024-08-28T13:04:39.426+0000][info][gc,heap        ] GC(1181) Old regions: 674->754
[2024-08-28T13:04:39.426+0000][info][gc,heap        ] GC(1181) Archive regions: 2->2
[2024-08-28T13:04:39.426+0000][info][gc,heap        ] GC(1181) Humongous regions: 5->5
[2024-08-28T13:04:39.426+0000][info][gc,metaspace   ] GC(1181) Metaspace: 100K(320K)->100K(320K) NonClass: 96K(192K)->96K(192K) Class: 4K(128K)->4K(128K)
[2024-08-28T13:04:39.426+0000][info][gc             ] GC(1181) Pause Young (Normal) (G1 Evacuation Pause) 758M->762M(1024M) 18.218ms
[2024-08-28T13:04:39.427+0000][info][gc,cpu         ] GC(1181) User=0.37s Sys=0.04s Real=0.02s
[2024-08-28T13:04:39.453+0000][info][gc,marking     ] GC(1180) Concurrent Rebuild Remembered Sets 85.129ms
[2024-08-28T13:04:39.453+0000][info][gc,start       ] GC(1180) Pause Cleanup
[2024-08-28T13:04:39.456+0000][info][gc             ] GC(1180) Pause Cleanup 805M->805M(1024M) 2.109ms
[2024-08-28T13:04:39.456+0000][info][gc,cpu         ] GC(1180) User=0.00s Sys=0.01s Real=0.00s
[2024-08-28T13:04:39.456+0000][info][gc,marking     ] GC(1180) Concurrent Cleanup for Next Mark
[2024-08-28T13:04:39.456+0000][info][gc,marking     ] GC(1180) Concurrent Cleanup for Next Mark 0.759ms
[2024-08-28T13:04:39.456+0000][info][gc             ] GC(1180) Concurrent Mark Cycle 116.996ms
[2024-08-28T13:04:39.458+0000][info][gc,start       ] GC(1182) Pause Young (Prepare Mixed) (G1 Evacuation Pause)
[2024-08-28T13:04:39.459+0000][info][gc,task        ] GC(1182) Using 24 workers of 68 for evacuation
[2024-08-28T13:04:39.478+0000][info][gc,phases      ] GC(1182)   Pre Evacuate Collection Set: 0.2ms
[2024-08-28T13:04:39.478+0000][info][gc,phases      ] GC(1182)   Merge Heap Roots: 0.4ms
[2024-08-28T13:04:39.478+0000][info][gc,phases      ] GC(1182)   Evacuate Collection Set: 18.4ms
[2024-08-28T13:04:39.478+0000][info][gc,phases      ] GC(1182)   Post Evacuate Collection Set: 0.4ms
[2024-08-28T13:04:39.478+0000][info][gc,phases      ] GC(1182)   Other: 0.3ms
[2024-08-28T13:04:39.478+0000][info][gc,heap        ] GC(1182) Eden regions: 46->0(43)
[2024-08-28T13:04:39.478+0000][info][gc,heap        ] GC(1182) Survivor regions: 11->8(8)
[2024-08-28T13:04:39.478+0000][info][gc,heap        ] GC(1182) Old regions: 754->807
[2024-08-28T13:04:39.478+0000][info][gc,heap        ] GC(1182) Archive regions: 2->2
[2024-08-28T13:04:39.478+0000][info][gc,heap        ] GC(1182) Humongous regions: 5->5
[2024-08-28T13:04:39.478+0000][info][gc,metaspace   ] GC(1182) Metaspace: 100K(320K)->100K(320K) NonClass: 96K(192K)->96K(192K) Class: 4K(128K)->4K(128K)
[2024-08-28T13:04:39.478+0000][info][gc             ] GC(1182) Pause Young (Prepare Mixed) (G1 Evacuation Pause) 808M->812M(1024M) 19.825ms
[2024-08-28T13:04:39.478+0000][info][gc,cpu         ] GC(1182) User=0.43s Sys=0.02s Real=0.02s
[2024-08-28T13:04:39.505+0000][info][gc,start       ] GC(1183) Pause Young (Mixed) (G1 Evacuation Pause)
[2024-08-28T13:04:39.505+0000][info][gc,task        ] GC(1183) Using 24 workers of 68 for evacuation
[2024-08-28T13:04:39.518+0000][info][gc,phases      ] GC(1183)   Pre Evacuate Collection Set: 0.2ms
[2024-08-28T13:04:39.518+0000][info][gc,phases      ] GC(1183)   Merge Heap Roots: 0.4ms
[2024-08-28T13:04:39.518+0000][info][gc,phases      ] GC(1183)   Evacuate Collection Set: 12.2ms
[2024-08-28T13:04:39.518+0000][info][gc,phases      ] GC(1183)   Post Evacuate Collection Set: 0.4ms
[2024-08-28T13:04:39.518+0000][info][gc,phases      ] GC(1183)   Other: 0.3ms
[2024-08-28T13:04:39.518+0000][info][gc,heap        ] GC(1183) Eden regions: 43->0(44)
[2024-08-28T13:04:39.518+0000][info][gc,heap        ] GC(1183) Survivor regions: 8->7(7)
[2024-08-28T13:04:39.518+0000][info][gc,heap        ] GC(1183) Old regions: 807->752
[2024-08-28T13:04:39.518+0000][info][gc,heap        ] GC(1183) Archive regions: 2->2
[2024-08-28T13:04:39.518+0000][info][gc,heap        ] GC(1183) Humongous regions: 5->5
[2024-08-28T13:04:39.519+0000][info][gc,metaspace   ] GC(1183) Metaspace: 100K(320K)->100K(320K) NonClass: 96K(192K)->96K(192K) Class: 4K(128K)->4K(128K)
[2024-08-28T13:04:39.519+0000][info][gc             ] GC(1183) Pause Young (Mixed) (G1 Evacuation Pause) 855M->761M(1024M) 13.673ms
[2024-08-28T13:04:39.519+0000][info][gc,cpu         ] GC(1183) User=0.29s Sys=0.01s Real=0.02s
[2024-08-28T13:04:39.544+0000][info][gc,start       ] GC(1184) Pause Young (Mixed) (G1 Evacuation Pause)
[2024-08-28T13:04:39.545+0000][info][gc,task        ] GC(1184) Using 24 workers of 68 for evacuation
[2024-08-28T13:04:39.557+0000][info][gc,phases      ] GC(1184)   Pre Evacuate Collection Set: 0.3ms
[2024-08-28T13:04:39.557+0000][info][gc,phases      ] GC(1184)   Merge Heap Roots: 0.4ms
[2024-08-28T13:04:39.557+0000][info][gc,phases      ] GC(1184)   Evacuate Collection Set: 11.6ms
[2024-08-28T13:04:39.557+0000][info][gc,phases      ] GC(1184)   Post Evacuate Collection Set: 0.4ms
[2024-08-28T13:04:39.557+0000][info][gc,phases      ] GC(1184)   Other: 0.3ms
[2024-08-28T13:04:39.557+0000][info][gc,heap        ] GC(1184) Eden regions: 44->0(62)
[2024-08-28T13:04:39.557+0000][info][gc,heap        ] GC(1184) Survivor regions: 7->7(7)
[2024-08-28T13:04:39.557+0000][info][gc,heap        ] GC(1184) Old regions: 752->710
[2024-08-28T13:04:39.557+0000][info][gc,heap        ] GC(1184) Archive regions: 2->2
[2024-08-28T13:04:39.557+0000][info][gc,heap        ] GC(1184) Humongous regions: 5->5
[2024-08-28T13:04:39.557+0000][info][gc,metaspace   ] GC(1184) Metaspace: 100K(320K)->100K(320K) NonClass: 96K(192K)->96K(192K) Class: 4K(128K)->4K(128K)
[2024-08-28T13:04:39.558+0000][info][gc             ] GC(1184) Pause Young (Mixed) (G1 Evacuation Pause) 805M->720M(1024M) 13.064ms
[2024-08-28T13:04:39.558+0000][info][gc,cpu         ] GC(1184) User=0.28s Sys=0.00s Real=0.02s
[2024-08-28T13:04:39.593+0000][info][gc,start       ] GC(1185) Pause Young (Concurrent Start) (G1 Evacuation Pause)
[2024-08-28T13:04:39.594+0000][info][gc,task        ] GC(1185) Using 24 workers of 68 for evacuation
[2024-08-28T13:04:39.608+0000][info][gc,phases      ] GC(1185)   Pre Evacuate Collection Set: 0.2ms
[2024-08-28T13:04:39.608+0000][info][gc,phases      ] GC(1185)   Merge Heap Roots: 0.3ms
[2024-08-28T13:04:39.608+0000][info][gc,phases      ] GC(1185)   Evacuate Collection Set: 12.8ms
[2024-08-28T13:04:39.608+0000][info][gc,phases      ] GC(1185)   Post Evacuate Collection Set: 0.4ms
[2024-08-28T13:04:39.608+0000][info][gc,phases      ] GC(1185)   Other: 0.9ms
[2024-08-28T13:04:39.608+0000][info][gc,heap        ] GC(1185) Eden regions: 62->0(42)
[2024-08-28T13:04:39.608+0000][info][gc,heap        ] GC(1185) Survivor regions: 7->9(9)
[2024-08-28T13:04:39.608+0000][info][gc,heap        ] GC(1185) Old regions: 710->773
[2024-08-28T13:04:39.608+0000][info][gc,heap        ] GC(1185) Archive regions: 2->2
[2024-08-28T13:04:39.608+0000][info][gc,heap        ] GC(1185) Humongous regions: 5->5
[2024-08-28T13:04:39.608+0000][info][gc,metaspace   ] GC(1185) Metaspace: 100K(320K)->100K(320K) NonClass: 96K(192K)->96K(192K) Class: 4K(128K)->4K(128K)
[2024-08-28T13:04:39.608+0000][info][gc             ] GC(1185) Pause Young (Concurrent Start) (G1 Evacuation Pause) 782M->785M(1024M) 14.837ms
[2024-08-28T13:04:39.608+0000][info][gc,cpu         ] GC(1185) User=0.31s Sys=0.01s Real=0.01s
[2024-08-28T13:04:39.608+0000][info][gc             ] GC(1186) Concurrent Mark Cycle
[2024-08-28T13:04:39.608+0000][info][gc,marking     ] GC(1186) Concurrent Clear Claimed Marks
[2024-08-28T13:04:39.608+0000][info][gc,marking     ] GC(1186) Concurrent Clear Claimed Marks 0.013ms
[2024-08-28T13:04:39.608+0000][info][gc,marking     ] GC(1186) Concurrent Scan Root Regions
[2024-08-28T13:04:39.611+0000][info][gc,marking     ] GC(1186) Concurrent Scan Root Regions 2.247ms
[2024-08-28T13:04:39.611+0000][info][gc,marking     ] GC(1186) Concurrent Mark
[2024-08-28T13:04:39.611+0000][info][gc,marking     ] GC(1186) Concurrent Mark From Roots
[2024-08-28T13:04:39.611+0000][info][gc,task        ] GC(1186) Using 17 workers of 17 for marking
[2024-08-28T13:04:39.635+0000][info][gc,marking     ] GC(1186) Concurrent Mark From Roots 24.635ms
[2024-08-28T13:04:39.635+0000][info][gc,marking     ] GC(1186) Concurrent Preclean
[2024-08-28T13:04:39.636+0000][info][gc,marking     ] GC(1186) Concurrent Preclean 0.502ms
[2024-08-28T13:04:39.636+0000][info][gc,start       ] GC(1186) Pause Remark
[2024-08-28T13:04:39.638+0000][info][gc             ] GC(1186) Pause Remark 818M->818M(1024M) 1.961ms
[2024-08-28T13:04:39.638+0000][info][gc,cpu         ] GC(1186) User=0.01s Sys=0.00s Real=0.01s
[2024-08-28T13:04:39.638+0000][info][gc,marking     ] GC(1186) Concurrent Mark 27.591ms
[2024-08-28T13:04:39.638+0000][info][gc,marking     ] GC(1186) Concurrent Rebuild Remembered Sets
[2024-08-28T13:04:39.658+0000][info][gc,start       ] GC(1187) Pause Young (Normal) (G1 Evacuation Pause)
[2024-08-28T13:04:39.658+0000][info][gc,task        ] GC(1187) Using 24 workers of 68 for evacuation
[2024-08-28T13:04:39.669+0000][info][gc,phases      ] GC(1187)   Pre Evacuate Collection Set: 0.1ms
[2024-08-28T13:04:39.669+0000][info][gc,phases      ] GC(1187)   Merge Heap Roots: 0.4ms
[2024-08-28T13:04:39.669+0000][info][gc,phases      ] GC(1187)   Evacuate Collection Set: 9.8ms
[2024-08-28T13:04:39.669+0000][info][gc,phases      ] GC(1187)   Post Evacuate Collection Set: 0.4ms
[2024-08-28T13:04:39.669+0000][info][gc,phases      ] GC(1187)   Other: 0.2ms
[2024-08-28T13:04:39.669+0000][info][gc,heap        ] GC(1187) Eden regions: 42->0(44)
[2024-08-28T13:04:39.669+0000][info][gc,heap        ] GC(1187) Survivor regions: 9->7(7)
[2024-08-28T13:04:39.669+0000][info][gc,heap        ] GC(1187) Old regions: 773->821
[2024-08-28T13:04:39.669+0000][info][gc,heap        ] GC(1187) Archive regions: 2->2
[2024-08-28T13:04:39.669+0000][info][gc,heap        ] GC(1187) Humongous regions: 5->5
[2024-08-28T13:04:39.669+0000][info][gc,metaspace   ] GC(1187) Metaspace: 100K(320K)->100K(320K) NonClass: 96K(192K)->96K(192K) Class: 4K(128K)->4K(128K)
[2024-08-28T13:04:39.669+0000][info][gc             ] GC(1187) Pause Young (Normal) (G1 Evacuation Pause) 827M->831M(1024M) 11.006ms
[2024-08-28T13:04:39.669+0000][info][gc,cpu         ] GC(1187) User=0.24s Sys=0.00s Real=0.00s
[2024-08-28T13:04:39.694+0000][info][gc,start       ] GC(1188) Pause Young (Normal) (G1 Evacuation Pause)
[2024-08-28T13:04:39.694+0000][info][gc,task        ] GC(1188) Using 24 workers of 68 for evacuation
[2024-08-28T13:04:39.710+0000][info][gc,phases      ] GC(1188)   Pre Evacuate Collection Set: 0.1ms
[2024-08-28T13:04:39.710+0000][info][gc,phases      ] GC(1188)   Merge Heap Roots: 0.3ms
[2024-08-28T13:04:39.710+0000][info][gc,phases      ] GC(1188)   Evacuate Collection Set: 14.1ms
[2024-08-28T13:04:39.710+0000][info][gc,phases      ] GC(1188)   Post Evacuate Collection Set: 0.5ms
[2024-08-28T13:04:39.710+0000][info][gc,phases      ] GC(1188)   Other: 0.2ms
[2024-08-28T13:04:39.710+0000][info][gc,heap        ] GC(1188) Eden regions: 44->0(44)
[2024-08-28T13:04:39.710+0000][info][gc,heap        ] GC(1188) Survivor regions: 7->7(7)
[2024-08-28T13:04:39.710+0000][info][gc,heap        ] GC(1188) Old regions: 821->868
[2024-08-28T13:04:39.710+0000][info][gc,heap        ] GC(1188) Archive regions: 2->2
[2024-08-28T13:04:39.710+0000][info][gc,heap        ] GC(1188) Humongous regions: 5->5
[2024-08-28T13:04:39.710+0000][info][gc,metaspace   ] GC(1188) Metaspace: 100K(320K)->100K(320K) NonClass: 96K(192K)->96K(192K) Class: 4K(128K)->4K(128K)
[2024-08-28T13:04:39.710+0000][info][gc             ] GC(1188) Pause Young (Normal) (G1 Evacuation Pause) 875M->878M(1024M) 15.394ms
[2024-08-28T13:04:39.710+0000][info][gc,cpu         ] GC(1188) User=0.35s Sys=0.00s Real=0.02s
[2024-08-28T13:04:39.730+0000][info][gc,marking     ] GC(1186) Concurrent Rebuild Remembered Sets 91.567ms
[2024-08-28T13:04:39.730+0000][info][gc,start       ] GC(1186) Pause Cleanup
[2024-08-28T13:04:39.732+0000][info][gc             ] GC(1186) Pause Cleanup 915M->915M(1024M) 1.526ms
[2024-08-28T13:04:39.732+0000][info][gc,cpu         ] GC(1186) User=0.00s Sys=0.00s Real=0.00s
[2024-08-28T13:04:39.732+0000][info][gc,marking     ] GC(1186) Concurrent Cleanup for Next Mark
[2024-08-28T13:04:39.733+0000][info][gc,marking     ] GC(1186) Concurrent Cleanup for Next Mark 0.840ms
[2024-08-28T13:04:39.733+0000][info][gc             ] GC(1186) Concurrent Mark Cycle 124.301ms
[2024-08-28T13:04:39.737+0000][info][gc,start       ] GC(1189) Pause Young (Prepare Mixed) (G1 Evacuation Pause)
[2024-08-28T13:04:39.737+0000][info][gc,task        ] GC(1189) Using 24 workers of 68 for evacuation
[2024-08-28T13:04:39.752+0000][info][gc,phases      ] GC(1189)   Pre Evacuate Collection Set: 0.2ms
[2024-08-28T13:04:39.752+0000][info][gc,phases      ] GC(1189)   Merge Heap Roots: 0.5ms
[2024-08-28T13:04:39.752+0000][info][gc,phases      ] GC(1189)   Evacuate Collection Set: 13.5ms
[2024-08-28T13:04:39.752+0000][info][gc,phases      ] GC(1189)   Post Evacuate Collection Set: 0.3ms
[2024-08-28T13:04:39.752+0000][info][gc,phases      ] GC(1189)   Other: 0.2ms
[2024-08-28T13:04:39.752+0000][info][gc,heap        ] GC(1189) Eden regions: 44->0(44)
[2024-08-28T13:04:39.752+0000][info][gc,heap        ] GC(1189) Survivor regions: 7->7(7)
[2024-08-28T13:04:39.752+0000][info][gc,heap        ] GC(1189) Old regions: 868->914
[2024-08-28T13:04:39.752+0000][info][gc,heap        ] GC(1189) Archive regions: 2->2
[2024-08-28T13:04:39.752+0000][info][gc,heap        ] GC(1189) Humongous regions: 5->5
[2024-08-28T13:04:39.752+0000][info][gc,metaspace   ] GC(1189) Metaspace: 100K(320K)->100K(320K) NonClass: 96K(192K)->96K(192K) Class: 4K(128K)->4K(128K)
[2024-08-28T13:04:39.752+0000][info][gc             ] GC(1189) Pause Young (Prepare Mixed) (G1 Evacuation Pause) 922M->924M(1024M) 14.736ms
[2024-08-28T13:04:39.752+0000][info][gc,cpu         ] GC(1189) User=0.33s Sys=0.00s Real=0.02s
[2024-08-28T13:04:39.775+0000][info][gc,start       ] GC(1190) Pause Young (Mixed) (G1 Preventive Collection)
[2024-08-28T13:04:39.775+0000][info][gc,task        ] GC(1190) Using 24 workers of 68 for evacuation
[2024-08-28T13:04:39.787+0000][info][gc,phases      ] GC(1190)   Pre Evacuate Collection Set: 0.2ms
[2024-08-28T13:04:39.787+0000][info][gc,phases      ] GC(1190)   Merge Heap Roots: 0.4ms
[2024-08-28T13:04:39.787+0000][info][gc,phases      ] GC(1190)   Evacuate Collection Set: 10.6ms
[2024-08-28T13:04:39.787+0000][info][gc,phases      ] GC(1190)   Post Evacuate Collection Set: 0.4ms
[2024-08-28T13:04:39.787+0000][info][gc,phases      ] GC(1190)   Other: 0.2ms
[2024-08-28T13:04:39.787+0000][info][gc,heap        ] GC(1190) Eden regions: 42->0(44)
[2024-08-28T13:04:39.787+0000][info][gc,heap        ] GC(1190) Survivor regions: 7->7(7)
[2024-08-28T13:04:39.787+0000][info][gc,heap        ] GC(1190) Old regions: 914->855
[2024-08-28T13:04:39.787+0000][info][gc,heap        ] GC(1190) Archive regions: 2->2
[2024-08-28T13:04:39.787+0000][info][gc,heap        ] GC(1190) Humongous regions: 5->5
[2024-08-28T13:04:39.787+0000][info][gc,metaspace   ] GC(1190) Metaspace: 100K(320K)->100K(320K) NonClass: 96K(192K)->96K(192K) Class: 4K(128K)->4K(128K)
[2024-08-28T13:04:39.787+0000][info][gc             ] GC(1190) Pause Young (Mixed) (G1 Preventive Collection) 966M->866M(1024M) 11.948ms
[2024-08-28T13:04:39.787+0000][info][gc,cpu         ] GC(1190) User=0.25s Sys=0.01s Real=0.01s
[2024-08-28T13:04:39.808+0000][info][gc,start       ] GC(1191) Pause Young (Mixed) (G1 Evacuation Pause)
[2024-08-28T13:04:39.808+0000][info][gc,task        ] GC(1191) Using 24 workers of 68 for evacuation
[2024-08-28T13:04:39.821+0000][info][gc,phases      ] GC(1191)   Pre Evacuate Collection Set: 0.2ms
[2024-08-28T13:04:39.821+0000][info][gc,phases      ] GC(1191)   Merge Heap Roots: 0.4ms
[2024-08-28T13:04:39.821+0000][info][gc,phases      ] GC(1191)   Evacuate Collection Set: 10.9ms
[2024-08-28T13:04:39.821+0000][info][gc,phases      ] GC(1191)   Post Evacuate Collection Set: 0.4ms
[2024-08-28T13:04:39.821+0000][info][gc,phases      ] GC(1191)   Other: 0.2ms
[2024-08-28T13:04:39.821+0000][info][gc,heap        ] GC(1191) Eden regions: 44->0(44)
[2024-08-28T13:04:39.821+0000][info][gc,heap        ] GC(1191) Survivor regions: 7->7(7)
[2024-08-28T13:04:39.821+0000][info][gc,heap        ] GC(1191) Old regions: 855->798
[2024-08-28T13:04:39.821+0000][info][gc,heap        ] GC(1191) Archive regions: 2->2
[2024-08-28T13:04:39.821+0000][info][gc,heap        ] GC(1191) Humongous regions: 5->5
[2024-08-28T13:04:39.821+0000][info][gc,metaspace   ] GC(1191) Metaspace: 100K(320K)->100K(320K) NonClass: 96K(192K)->96K(192K) Class: 4K(128K)->4K(128K)
[2024-08-28T13:04:39.821+0000][info][gc             ] GC(1191) Pause Young (Mixed) (G1 Evacuation Pause) 910M->810M(1024M) 12.197ms
[2024-08-28T13:04:39.821+0000][info][gc,cpu         ] GC(1191) User=0.27s Sys=0.00s Real=0.02s
[2024-08-28T13:04:39.842+0000][info][gc,start       ] GC(1192) Pause Young (Mixed) (G1 Evacuation Pause)
[2024-08-28T13:04:39.842+0000][info][gc,task        ] GC(1192) Using 24 workers of 68 for evacuation
[2024-08-28T13:04:39.857+0000][info][gc,phases      ] GC(1192)   Pre Evacuate Collection Set: 0.2ms
[2024-08-28T13:04:39.857+0000][info][gc,phases      ] GC(1192)   Merge Heap Roots: 0.4ms
[2024-08-28T13:04:39.857+0000][info][gc,phases      ] GC(1192)   Evacuate Collection Set: 13.7ms
[2024-08-28T13:04:39.857+0000][info][gc,phases      ] GC(1192)   Post Evacuate Collection Set: 0.4ms
[2024-08-28T13:04:39.857+0000][info][gc,phases      ] GC(1192)   Other: 0.2ms
[2024-08-28T13:04:39.857+0000][info][gc,heap        ] GC(1192) Eden regions: 44->0(44)
[2024-08-28T13:04:39.857+0000][info][gc,heap        ] GC(1192) Survivor regions: 7->7(7)
[2024-08-28T13:04:39.857+0000][info][gc,heap        ] GC(1192) Old regions: 798->766
[2024-08-28T13:04:39.857+0000][info][gc,heap        ] GC(1192) Archive regions: 2->2
[2024-08-28T13:04:39.857+0000][info][gc,heap        ] GC(1192) Humongous regions: 5->5
[2024-08-28T13:04:39.857+0000][info][gc,metaspace   ] GC(1192) Metaspace: 100K(320K)->100K(320K) NonClass: 96K(192K)->96K(192K) Class: 4K(128K)->4K(128K)
[2024-08-28T13:04:39.857+0000][info][gc             ] GC(1192) Pause Young (Mixed) (G1 Evacuation Pause) 854M->778M(1024M) 15.002ms
[2024-08-28T13:04:39.857+0000][info][gc,cpu         ] GC(1192) User=0.34s Sys=0.00s Real=0.01s
[2024-08-28T13:04:39.880+0000][info][gc,start       ] GC(1193) Pause Young (Mixed) (G1 Evacuation Pause)
[2024-08-28T13:04:39.880+0000][info][gc,task        ] GC(1193) Using 24 workers of 68 for evacuation
[2024-08-28T13:04:39.891+0000][info][gc,phases      ] GC(1193)   Pre Evacuate Collection Set: 0.2ms
[2024-08-28T13:04:39.891+0000][info][gc,phases      ] GC(1193)   Merge Heap Roots: 0.3ms
[2024-08-28T13:04:39.891+0000][info][gc,phases      ] GC(1193)   Evacuate Collection Set: 10.8ms
[2024-08-28T13:04:39.891+0000][info][gc,phases      ] GC(1193)   Post Evacuate Collection Set: 0.3ms
[2024-08-28T13:04:39.891+0000][info][gc,phases      ] GC(1193)   Other: 0.2ms
[2024-08-28T13:04:39.891+0000][info][gc,heap        ] GC(1193) Eden regions: 44->0(44)
[2024-08-28T13:04:39.891+0000][info][gc,heap        ] GC(1193) Survivor regions: 7->7(7)
[2024-08-28T13:04:39.891+0000][info][gc,heap        ] GC(1193) Old regions: 766->813
[2024-08-28T13:04:39.891+0000][info][gc,heap        ] GC(1193) Archive regions: 2->2
[2024-08-28T13:04:39.891+0000][info][gc,heap        ] GC(1193) Humongous regions: 5->5
[2024-08-28T13:04:39.892+0000][info][gc,metaspace   ] GC(1193) Metaspace: 100K(320K)->100K(320K) NonClass: 96K(192K)->96K(192K) Class: 4K(128K)->4K(128K)
[2024-08-28T13:04:39.892+0000][info][gc             ] GC(1193) Pause Young (Mixed) (G1 Evacuation Pause) 822M->825M(1024M) 11.892ms
[2024-08-28T13:04:39.892+0000][info][gc,cpu         ] GC(1193) User=0.26s Sys=0.00s Real=0.01s
[2024-08-28T13:04:39.914+0000][info][gc,start       ] GC(1194) Pause Young (Concurrent Start) (G1 Evacuation Pause)
[2024-08-28T13:04:39.914+0000][info][gc,task        ] GC(1194) Using 24 workers of 68 for evacuation
[2024-08-28T13:04:39.925+0000][info][gc,phases      ] GC(1194)   Pre Evacuate Collection Set: 0.1ms
[2024-08-28T13:04:39.925+0000][info][gc,phases      ] GC(1194)   Merge Heap Roots: 0.4ms
[2024-08-28T13:04:39.925+0000][info][gc,phases      ] GC(1194)   Evacuate Collection Set: 10.2ms
[2024-08-28T13:04:39.925+0000][info][gc,phases      ] GC(1194)   Post Evacuate Collection Set: 0.3ms
[2024-08-28T13:04:39.925+0000][info][gc,phases      ] GC(1194)   Other: 0.6ms
[2024-08-28T13:04:39.925+0000][info][gc,heap        ] GC(1194) Eden regions: 44->0(44)
[2024-08-28T13:04:39.925+0000][info][gc,heap        ] GC(1194) Survivor regions: 7->7(7)
[2024-08-28T13:04:39.925+0000][info][gc,heap        ] GC(1194) Old regions: 813->860
[2024-08-28T13:04:39.925+0000][info][gc,heap        ] GC(1194) Archive regions: 2->2
[2024-08-28T13:04:39.925+0000][info][gc,heap        ] GC(1194) Humongous regions: 5->5
[2024-08-28T13:04:39.925+0000][info][gc,metaspace   ] GC(1194) Metaspace: 100K(320K)->100K(320K) NonClass: 96K(192K)->96K(192K) Class: 4K(128K)->4K(128K)
[2024-08-28T13:04:39.926+0000][info][gc             ] GC(1194) Pause Young (Concurrent Start) (G1 Evacuation Pause) 869M->872M(1024M) 11.619ms
[2024-08-28T13:04:39.926+0000][info][gc,cpu         ] GC(1194) User=0.24s Sys=0.01s Real=0.01s
[2024-08-28T13:04:39.926+0000][info][gc             ] GC(1195) Concurrent Mark Cycle
[2024-08-28T13:04:39.926+0000][info][gc,marking     ] GC(1195) Concurrent Clear Claimed Marks
[2024-08-28T13:04:39.926+0000][info][gc,marking     ] GC(1195) Concurrent Clear Claimed Marks 0.012ms
[2024-08-28T13:04:39.926+0000][info][gc,marking     ] GC(1195) Concurrent Scan Root Regions
[2024-08-28T13:04:39.927+0000][info][gc,marking     ] GC(1195) Concurrent Scan Root Regions 1.701ms
[2024-08-28T13:04:39.927+0000][info][gc,marking     ] GC(1195) Concurrent Mark
[2024-08-28T13:04:39.927+0000][info][gc,marking     ] GC(1195) Concurrent Mark From Roots
[2024-08-28T13:04:39.927+0000][info][gc,task        ] GC(1195) Using 17 workers of 17 for marking
[2024-08-28T13:04:39.951+0000][info][gc,marking     ] GC(1195) Concurrent Mark From Roots 23.696ms
[2024-08-28T13:04:39.951+0000][info][gc,marking     ] GC(1195) Concurrent Preclean
[2024-08-28T13:04:39.952+0000][info][gc,marking     ] GC(1195) Concurrent Preclean 0.665ms
[2024-08-28T13:04:39.952+0000][info][gc,start       ] GC(1195) Pause Remark
[2024-08-28T13:04:39.953+0000][info][gc             ] GC(1195) Pause Remark 910M->910M(1024M) 1.200ms
[2024-08-28T13:04:39.953+0000][info][gc,cpu         ] GC(1195) User=0.00s Sys=0.00s Real=0.00s
[2024-08-28T13:04:39.953+0000][info][gc,marking     ] GC(1195) Concurrent Mark 25.896ms
[2024-08-28T13:04:39.953+0000][info][gc,marking     ] GC(1195) Concurrent Rebuild Remembered Sets
[2024-08-28T13:04:39.957+0000][info][gc,start       ] GC(1196) Pause Young (Normal) (G1 Evacuation Pause)
[2024-08-28T13:04:39.957+0000][info][gc,task        ] GC(1196) Using 24 workers of 68 for evacuation
[2024-08-28T13:04:39.967+0000][info][gc,phases      ] GC(1196)   Pre Evacuate Collection Set: 0.1ms
[2024-08-28T13:04:39.967+0000][info][gc,phases      ] GC(1196)   Merge Heap Roots: 0.3ms
[2024-08-28T13:04:39.967+0000][info][gc,phases      ] GC(1196)   Evacuate Collection Set: 9.6ms
[2024-08-28T13:04:39.967+0000][info][gc,phases      ] GC(1196)   Post Evacuate Collection Set: 0.4ms
[2024-08-28T13:04:39.967+0000][info][gc,phases      ] GC(1196)   Other: 0.2ms
[2024-08-28T13:04:39.967+0000][info][gc,heap        ] GC(1196) Eden regions: 44->0(44)
[2024-08-28T13:04:39.967+0000][info][gc,heap        ] GC(1196) Survivor regions: 7->7(7)
[2024-08-28T13:04:39.967+0000][info][gc,heap        ] GC(1196) Old regions: 860->907
[2024-08-28T13:04:39.968+0000][info][gc,heap        ] GC(1196) Archive regions: 2->2
[2024-08-28T13:04:39.968+0000][info][gc,heap        ] GC(1196) Humongous regions: 5->5
[2024-08-28T13:04:39.968+0000][info][gc,metaspace   ] GC(1196) Metaspace: 100K(320K)->100K(320K) NonClass: 96K(192K)->96K(192K) Class: 4K(128K)->4K(128K)
[2024-08-28T13:04:39.968+0000][info][gc             ] GC(1196) Pause Young (Normal) (G1 Evacuation Pause) 916M->919M(1024M) 10.637ms
[2024-08-28T13:04:39.968+0000][info][gc,cpu         ] GC(1196) User=0.24s Sys=0.00s Real=0.01s
[2024-08-28T13:04:39.990+0000][info][gc,start       ] GC(1197) Pause Young (Normal) (G1 Evacuation Pause)
[2024-08-28T13:04:39.990+0000][info][gc,task        ] GC(1197) Using 24 workers of 68 for evacuation
[2024-08-28T13:04:40.004+0000][info][gc,phases      ] GC(1197)   Pre Evacuate Collection Set: 0.1ms
[2024-08-28T13:04:40.004+0000][info][gc,phases      ] GC(1197)   Merge Heap Roots: 0.4ms
[2024-08-28T13:04:40.004+0000][info][gc,phases      ] GC(1197)   Evacuate Collection Set: 13.2ms
[2024-08-28T13:04:40.004+0000][info][gc,phases      ] GC(1197)   Post Evacuate Collection Set: 0.5ms
[2024-08-28T13:04:40.004+0000][info][gc,phases      ] GC(1197)   Other: 0.2ms
[2024-08-28T13:04:40.004+0000][info][gc,heap        ] GC(1197) Eden regions: 44->0(44)
[2024-08-28T13:04:40.004+0000][info][gc,heap        ] GC(1197) Survivor regions: 7->7(7)
[2024-08-28T13:04:40.004+0000][info][gc,heap        ] GC(1197) Old regions: 907->954
[2024-08-28T13:04:40.004+0000][info][gc,heap        ] GC(1197) Archive regions: 2->2
[2024-08-28T13:04:40.004+0000][info][gc,heap        ] GC(1197) Humongous regions: 5->5
[2024-08-28T13:04:40.004+0000][info][gc,metaspace   ] GC(1197) Metaspace: 100K(320K)->100K(320K) NonClass: 96K(192K)->96K(192K) Class: 4K(128K)->4K(128K)
[2024-08-28T13:04:40.004+0000][info][gc             ] GC(1197) Pause Young (Normal) (G1 Evacuation Pause) 963M->966M(1024M) 14.517ms
[2024-08-28T13:04:40.004+0000][info][gc,cpu         ] GC(1197) User=0.33s Sys=0.00s Real=0.01s
[2024-08-28T13:04:40.016+0000][info][gc,start       ] GC(1198) Pause Young (Normal) (G1 Preventive Collection)
[2024-08-28T13:04:40.016+0000][info][gc,task        ] GC(1198) Using 24 workers of 68 for evacuation
[2024-08-28T13:04:40.029+0000][info][gc             ] GC(1198) To-space exhausted
[2024-08-28T13:04:40.029+0000][info][gc,phases      ] GC(1198)   Pre Evacuate Collection Set: 0.1ms
[2024-08-28T13:04:40.029+0000][info][gc,phases      ] GC(1198)   Merge Heap Roots: 0.4ms
[2024-08-28T13:04:40.029+0000][info][gc,phases      ] GC(1198)   Evacuate Collection Set: 11.6ms
[2024-08-28T13:04:40.029+0000][info][gc,phases      ] GC(1198)   Post Evacuate Collection Set: 0.9ms
[2024-08-28T13:04:40.029+0000][info][gc,phases      ] GC(1198)   Other: 0.2ms
[2024-08-28T13:04:40.029+0000][info][gc,heap        ] GC(1198) Eden regions: 23->0(44)
[2024-08-28T13:04:40.029+0000][info][gc,heap        ] GC(1198) Survivor regions: 7->7(7)
[2024-08-28T13:04:40.029+0000][info][gc,heap        ] GC(1198) Old regions: 954->1003
[2024-08-28T13:04:40.029+0000][info][gc,heap        ] GC(1198) Archive regions: 2->2
[2024-08-28T13:04:40.029+0000][info][gc,heap        ] GC(1198) Humongous regions: 5->5
[2024-08-28T13:04:40.029+0000][info][gc,metaspace   ] GC(1198) Metaspace: 100K(320K)->100K(320K) NonClass: 96K(192K)->96K(192K) Class: 4K(128K)->4K(128K)
[2024-08-28T13:04:40.029+0000][info][gc             ] GC(1198) Pause Young (Normal) (G1 Preventive Collection) 989M->1015M(1024M) 13.303ms
[2024-08-28T13:04:40.029+0000][info][gc,cpu         ] GC(1198) User=0.30s Sys=0.00s Real=0.01s
[2024-08-28T13:04:40.030+0000][info][gc,start       ] GC(1199) Pause Young (Normal) (G1 Preventive Collection)
[2024-08-28T13:04:40.030+0000][info][gc,task        ] GC(1199) Using 24 workers of 68 for evacuation
[2024-08-28T13:04:40.040+0000][info][gc             ] GC(1199) To-space exhausted
[2024-08-28T13:04:40.040+0000][info][gc,phases      ] GC(1199)   Pre Evacuate Collection Set: 0.1ms
[2024-08-28T13:04:40.040+0000][info][gc,phases      ] GC(1199)   Merge Heap Roots: 0.5ms
[2024-08-28T13:04:40.040+0000][info][gc,phases      ] GC(1199)   Evacuate Collection Set: 7.6ms
[2024-08-28T13:04:40.040+0000][info][gc,phases      ] GC(1199)   Post Evacuate Collection Set: 0.9ms
[2024-08-28T13:04:40.040+0000][info][gc,phases      ] GC(1199)   Other: 0.1ms
[2024-08-28T13:04:40.040+0000][info][gc,heap        ] GC(1199) Eden regions: 1->0(51)
[2024-08-28T13:04:40.040+0000][info][gc,heap        ] GC(1199) Survivor regions: 7->0(6)
[2024-08-28T13:04:40.040+0000][info][gc,heap        ] GC(1199) Old regions: 1003->1017
[2024-08-28T13:04:40.040+0000][info][gc,heap        ] GC(1199) Archive regions: 2->2
[2024-08-28T13:04:40.040+0000][info][gc,heap        ] GC(1199) Humongous regions: 5->5
[2024-08-28T13:04:40.040+0000][info][gc,metaspace   ] GC(1199) Metaspace: 100K(320K)->100K(320K) NonClass: 96K(192K)->96K(192K) Class: 4K(128K)->4K(128K)
[2024-08-28T13:04:40.040+0000][info][gc             ] GC(1199) Pause Young (Normal) (G1 Preventive Collection) 1016M->1022M(1024M) 9.313ms
[2024-08-28T13:04:40.040+0000][info][gc,cpu         ] GC(1199) User=0.20s Sys=0.00s Real=0.01s
[2024-08-28T13:04:40.040+0000][info][gc,ergo        ] Attempting full compaction
[2024-08-28T13:04:40.040+0000][info][gc,task        ] GC(1200) Using 24 workers of 68 for full compaction
[2024-08-28T13:04:40.040+0000][info][gc,start       ] GC(1200) Pause Full (G1 Compaction Pause)
[2024-08-28T13:04:40.041+0000][info][gc,phases,start] GC(1200) Phase 1: Mark live objects
[2024-08-28T13:04:40.056+0000][info][gc,phases      ] GC(1200) Phase 1: Mark live objects 15.666ms
[2024-08-28T13:04:40.056+0000][info][gc,phases,start] GC(1200) Phase 2: Prepare for compaction
[2024-08-28T13:04:40.065+0000][info][gc,phases      ] GC(1200) Phase 2: Prepare for compaction 9.170ms
[2024-08-28T13:04:40.065+0000][info][gc,phases,start] GC(1200) Phase 3: Adjust pointers
[2024-08-28T13:04:40.083+0000][info][gc,phases      ] GC(1200) Phase 3: Adjust pointers 17.605ms
[2024-08-28T13:04:40.083+0000][info][gc,phases,start] GC(1200) Phase 4: Compact heap
[2024-08-28T13:04:40.114+0000][info][gc,phases      ] GC(1200) Phase 4: Compact heap 30.633ms
[2024-08-28T13:04:40.116+0000][info][gc,heap        ] GC(1200) Eden regions: 0->0(150)
[2024-08-28T13:04:40.116+0000][info][gc,heap        ] GC(1200) Survivor regions: 0->0(6)
[2024-08-28T13:04:40.116+0000][info][gc,heap        ] GC(1200) Old regions: 1017->442
[2024-08-28T13:04:40.116+0000][info][gc,heap        ] GC(1200) Archive regions: 2->2
[2024-08-28T13:04:40.116+0000][info][gc,heap        ] GC(1200) Humongous regions: 5->5
[2024-08-28T13:04:40.116+0000][info][gc,metaspace   ] GC(1200) Metaspace: 100K(320K)->100K(320K) NonClass: 96K(192K)->96K(192K) Class: 4K(128K)->4K(128K)
[2024-08-28T13:04:40.116+0000][info][gc             ] GC(1200) Pause Full (G1 Compaction Pause) 1022M->436M(1024M) 76.163ms
[2024-08-28T13:04:40.116+0000][info][gc,cpu         ] GC(1200) User=1.56s Sys=0.01s Real=0.07s
[2024-08-28T13:04:40.117+0000][info][gc,marking     ] GC(1195) Concurrent Rebuild Remembered Sets 163.248ms
[2024-08-28T13:04:40.117+0000][info][gc,marking     ] GC(1195) Concurrent Mark Abort
[2024-08-28T13:04:40.117+0000][info][gc             ] GC(1195) Concurrent Mark Cycle 190.996ms
[2024-08-28T13:04:40.206+0000][info][gc,start       ] GC(1201) Pause Young (Normal) (G1 Evacuation Pause)
[2024-08-28T13:04:40.206+0000][info][gc,task        ] GC(1201) Using 24 workers of 68 for evacuation
[2024-08-28T13:04:40.229+0000][info][gc,phases      ] GC(1201)   Pre Evacuate Collection Set: 0.2ms
[2024-08-28T13:04:40.229+0000][info][gc,phases      ] GC(1201)   Merge Heap Roots: 0.4ms
[2024-08-28T13:04:40.229+0000][info][gc,phases      ] GC(1201)   Evacuate Collection Set: 22.0ms
[2024-08-28T13:04:40.229+0000][info][gc,phases      ] GC(1201)   Post Evacuate Collection Set: 0.4ms
[2024-08-28T13:04:40.229+0000][info][gc,phases      ] GC(1201)   Other: 0.3ms
[2024-08-28T13:04:40.229+0000][info][gc,heap        ] GC(1201) Eden regions: 150->0(103)
[2024-08-28T13:04:40.229+0000][info][gc,heap        ] GC(1201) Survivor regions: 0->19(19)
[2024-08-28T13:04:40.229+0000][info][gc,heap        ] GC(1201) Old regions: 442->569
[2024-08-28T13:04:40.229+0000][info][gc,heap        ] GC(1201) Archive regions: 2->2
[2024-08-28T13:04:40.229+0000][info][gc,heap        ] GC(1201) Humongous regions: 5->5
[2024-08-28T13:04:40.229+0000][info][gc,metaspace   ] GC(1201) Metaspace: 100K(320K)->100K(320K) NonClass: 96K(192K)->96K(192K) Class: 4K(128K)->4K(128K)
[2024-08-28T13:04:40.229+0000][info][gc             ] GC(1201) Pause Young (Normal) (G1 Evacuation Pause) 586M->581M(1024M) 23.258ms
[2024-08-28T13:04:40.229+0000][info][gc,cpu         ] GC(1201) User=0.53s Sys=0.00s Real=0.02s
[2024-08-28T13:04:40.286+0000][info][gc,start       ] GC(1202) Pause Young (Concurrent Start) (G1 Evacuation Pause)
[2024-08-28T13:04:40.286+0000][info][gc,task        ] GC(1202) Using 24 workers of 68 for evacuation
[2024-08-28T13:04:40.307+0000][info][gc,phases      ] GC(1202)   Pre Evacuate Collection Set: 0.2ms
[2024-08-28T13:04:40.307+0000][info][gc,phases      ] GC(1202)   Merge Heap Roots: 0.4ms
[2024-08-28T13:04:40.307+0000][info][gc,phases      ] GC(1202)   Evacuate Collection Set: 19.3ms
[2024-08-28T13:04:40.307+0000][info][gc,phases      ] GC(1202)   Post Evacuate Collection Set: 0.3ms
[2024-08-28T13:04:40.307+0000][info][gc,phases      ] GC(1202)   Other: 0.6ms
[2024-08-28T13:04:40.307+0000][info][gc,heap        ] GC(1202) Eden regions: 103->0(70)
[2024-08-28T13:04:40.307+0000][info][gc,heap        ] GC(1202) Survivor regions: 19->16(16)
[2024-08-28T13:04:40.307+0000][info][gc,heap        ] GC(1202) Old regions: 569->676
[2024-08-28T13:04:40.307+0000][info][gc,heap        ] GC(1202) Archive regions: 2->2
[2024-08-28T13:04:40.307+0000][info][gc,heap        ] GC(1202) Humongous regions: 5->5
[2024-08-28T13:04:40.307+0000][info][gc,metaspace   ] GC(1202) Metaspace: 100K(320K)->100K(320K) NonClass: 96K(192K)->96K(192K) Class: 4K(128K)->4K(128K)
[2024-08-28T13:04:40.307+0000][info][gc             ] GC(1202) Pause Young (Concurrent Start) (G1 Evacuation Pause) 684M->685M(1024M) 20.919ms
[2024-08-28T13:04:40.307+0000][info][gc,cpu         ] GC(1202) User=0.47s Sys=0.00s Real=0.02s
[2024-08-28T13:04:40.307+0000][info][gc             ] GC(1203) Concurrent Mark Cycle
[2024-08-28T13:04:40.307+0000][info][gc,marking     ] GC(1203) Concurrent Clear Claimed Marks
[2024-08-28T13:04:40.307+0000][info][gc,marking     ] GC(1203) Concurrent Clear Claimed Marks 0.009ms
[2024-08-28T13:04:40.307+0000][info][gc,marking     ] GC(1203) Concurrent Scan Root Regions
[2024-08-28T13:04:40.311+0000][info][gc,marking     ] GC(1203) Concurrent Scan Root Regions 3.695ms
[2024-08-28T13:04:40.311+0000][info][gc,marking     ] GC(1203) Concurrent Mark
[2024-08-28T13:04:40.311+0000][info][gc,marking     ] GC(1203) Concurrent Mark From Roots
[2024-08-28T13:04:40.311+0000][info][gc,task        ] GC(1203) Using 17 workers of 17 for marking
[2024-08-28T13:04:40.332+0000][info][gc,marking     ] GC(1203) Concurrent Mark From Roots 20.912ms
[2024-08-28T13:04:40.332+0000][info][gc,marking     ] GC(1203) Concurrent Preclean
[2024-08-28T13:04:40.332+0000][info][gc,marking     ] GC(1203) Concurrent Preclean 0.502ms
[2024-08-28T13:04:40.333+0000][info][gc,start       ] GC(1203) Pause Remark
[2024-08-28T13:04:40.334+0000][info][gc             ] GC(1203) Pause Remark 719M->719M(1024M) 1.136ms
[2024-08-28T13:04:40.334+0000][info][gc,cpu         ] GC(1203) User=0.00s Sys=0.00s Real=0.00s
[2024-08-28T13:04:40.334+0000][info][gc,marking     ] GC(1203) Concurrent Mark 22.876ms
[2024-08-28T13:04:40.334+0000][info][gc,marking     ] GC(1203) Concurrent Rebuild Remembered Sets
[2024-08-28T13:04:40.353+0000][info][gc,start       ] GC(1204) Pause Young (Normal) (G1 Evacuation Pause)
[2024-08-28T13:04:40.353+0000][info][gc,task        ] GC(1204) Using 24 workers of 68 for evacuation
[2024-08-28T13:04:40.370+0000][info][gc,phases      ] GC(1204)   Pre Evacuate Collection Set: 0.1ms
[2024-08-28T13:04:40.370+0000][info][gc,phases      ] GC(1204)   Merge Heap Roots: 0.4ms
[2024-08-28T13:04:40.370+0000][info][gc,phases      ] GC(1204)   Evacuate Collection Set: 15.8ms
[2024-08-28T13:04:40.370+0000][info][gc,phases      ] GC(1204)   Post Evacuate Collection Set: 0.5ms
[2024-08-28T13:04:40.370+0000][info][gc,phases      ] GC(1204)   Other: 0.2ms
[2024-08-28T13:04:40.370+0000][info][gc,heap        ] GC(1204) Eden regions: 70->0(46)
[2024-08-28T13:04:40.370+0000][info][gc,heap        ] GC(1204) Survivor regions: 16->11(11)
[2024-08-28T13:04:40.370+0000][info][gc,heap        ] GC(1204) Old regions: 676->754
[2024-08-28T13:04:40.370+0000][info][gc,heap        ] GC(1204) Archive regions: 2->2
[2024-08-28T13:04:40.370+0000][info][gc,heap        ] GC(1204) Humongous regions: 5->5
[2024-08-28T13:04:40.370+0000][info][gc,metaspace   ] GC(1204) Metaspace: 100K(320K)->100K(320K) NonClass: 96K(192K)->96K(192K) Class: 4K(128K)->4K(128K)
[2024-08-28T13:04:40.370+0000][info][gc             ] GC(1204) Pause Young (Normal) (G1 Evacuation Pause) 755M->758M(1024M) 17.120ms
[2024-08-28T13:04:40.370+0000][info][gc,cpu         ] GC(1204) User=0.39s Sys=0.00s Real=0.02s
[2024-08-28T13:04:40.394+0000][info][gc,start       ] GC(1205) Pause Young (Normal) (G1 Evacuation Pause)
[2024-08-28T13:04:40.394+0000][info][gc,task        ] GC(1205) Using 24 workers of 68 for evacuation
[2024-08-28T13:04:40.414+0000][info][gc,phases      ] GC(1205)   Pre Evacuate Collection Set: 0.1ms
[2024-08-28T13:04:40.414+0000][info][gc,phases      ] GC(1205)   Merge Heap Roots: 0.5ms
[2024-08-28T13:04:40.414+0000][info][gc,phases      ] GC(1205)   Evacuate Collection Set: 18.1ms
[2024-08-28T13:04:40.414+0000][info][gc,phases      ] GC(1205)   Post Evacuate Collection Set: 0.7ms
[2024-08-28T13:04:40.414+0000][info][gc,phases      ] GC(1205)   Other: 0.2ms
[2024-08-28T13:04:40.414+0000][info][gc,heap        ] GC(1205) Eden regions: 46->0(43)
[2024-08-28T13:04:40.414+0000][info][gc,heap        ] GC(1205) Survivor regions: 11->8(8)
[2024-08-28T13:04:40.414+0000][info][gc,heap        ] GC(1205) Old regions: 754->808
[2024-08-28T13:04:40.414+0000][info][gc,heap        ] GC(1205) Archive regions: 2->2
[2024-08-28T13:04:40.414+0000][info][gc,heap        ] GC(1205) Humongous regions: 5->5
[2024-08-28T13:04:40.414+0000][info][gc,metaspace   ] GC(1205) Metaspace: 100K(320K)->100K(320K) NonClass: 96K(192K)->96K(192K) Class: 4K(128K)->4K(128K)
[2024-08-28T13:04:40.414+0000][info][gc             ] GC(1205) Pause Young (Normal) (G1 Evacuation Pause) 804M->810M(1024M) 19.796ms
[2024-08-28T13:04:40.414+0000][info][gc,cpu         ] GC(1205) User=0.44s Sys=0.01s Real=0.02s
[2024-08-28T13:04:40.438+0000][info][gc,marking     ] GC(1203) Concurrent Rebuild Remembered Sets 104.512ms
[2024-08-28T13:04:40.438+0000][info][gc,start       ] GC(1206) Pause Young (Normal) (G1 Evacuation Pause)
[2024-08-28T13:04:40.438+0000][info][gc,task        ] GC(1206) Using 24 workers of 68 for evacuation
[2024-08-28T13:04:40.453+0000][info][gc,phases      ] GC(1206)   Pre Evacuate Collection Set: 0.1ms
[2024-08-28T13:04:40.453+0000][info][gc,phases      ] GC(1206)   Merge Heap Roots: 0.5ms
[2024-08-28T13:04:40.453+0000][info][gc,phases      ] GC(1206)   Evacuate Collection Set: 13.6ms
[2024-08-28T13:04:40.453+0000][info][gc,phases      ] GC(1206)   Post Evacuate Collection Set: 0.6ms
[2024-08-28T13:04:40.453+0000][info][gc,phases      ] GC(1206)   Other: 0.2ms
[2024-08-28T13:04:40.453+0000][info][gc,heap        ] GC(1206) Eden regions: 43->0(44)
[2024-08-28T13:04:40.453+0000][info][gc,heap        ] GC(1206) Survivor regions: 8->7(7)
[2024-08-28T13:04:40.453+0000][info][gc,heap        ] GC(1206) Old regions: 808->857
[2024-08-28T13:04:40.453+0000][info][gc,heap        ] GC(1206) Archive regions: 2->2
[2024-08-28T13:04:40.453+0000][info][gc,heap        ] GC(1206) Humongous regions: 5->5
[2024-08-28T13:04:40.453+0000][info][gc,metaspace   ] GC(1206) Metaspace: 100K(320K)->100K(320K) NonClass: 96K(192K)->96K(192K) Class: 4K(128K)->4K(128K)
[2024-08-28T13:04:40.453+0000][info][gc             ] GC(1206) Pause Young (Normal) (G1 Evacuation Pause) 853M->857M(1024M) 15.055ms
[2024-08-28T13:04:40.453+0000][info][gc,cpu         ] GC(1206) User=0.34s Sys=0.00s Real=0.01s
[2024-08-28T13:04:40.454+0000][info][gc,start       ] GC(1203) Pause Cleanup
[2024-08-28T13:04:40.455+0000][info][gc             ] GC(1203) Pause Cleanup 858M->858M(1024M) 1.219ms
[2024-08-28T13:04:40.455+0000][info][gc,cpu         ] GC(1203) User=0.01s Sys=0.00s Real=0.00s
[2024-08-28T13:04:40.455+0000][info][gc,marking     ] GC(1203) Concurrent Cleanup for Next Mark
[2024-08-28T13:04:40.456+0000][info][gc,marking     ] GC(1203) Concurrent Cleanup for Next Mark 1.403ms
[2024-08-28T13:04:40.456+0000][info][gc             ] GC(1203) Concurrent Mark Cycle 149.320ms
[2024-08-28T13:04:40.482+0000][info][gc,start       ] GC(1207) Pause Young (Prepare Mixed) (G1 Evacuation Pause)
[2024-08-28T13:04:40.482+0000][info][gc,task        ] GC(1207) Using 24 workers of 68 for evacuation
[2024-08-28T13:04:40.495+0000][info][gc,phases      ] GC(1207)   Pre Evacuate Collection Set: 0.2ms
[2024-08-28T13:04:40.495+0000][info][gc,phases      ] GC(1207)   Merge Heap Roots: 0.4ms
[2024-08-28T13:04:40.495+0000][info][gc,phases      ] GC(1207)   Evacuate Collection Set: 11.2ms
[2024-08-28T13:04:40.495+0000][info][gc,phases      ] GC(1207)   Post Evacuate Collection Set: 0.3ms
[2024-08-28T13:04:40.495+0000][info][gc,phases      ] GC(1207)   Other: 0.2ms
[2024-08-28T13:04:40.495+0000][info][gc,heap        ] GC(1207) Eden regions: 44->0(44)
[2024-08-28T13:04:40.495+0000][info][gc,heap        ] GC(1207) Survivor regions: 7->7(7)
[2024-08-28T13:04:40.495+0000][info][gc,heap        ] GC(1207) Old regions: 857->903
[2024-08-28T13:04:40.495+0000][info][gc,heap        ] GC(1207) Archive regions: 2->2
[2024-08-28T13:04:40.495+0000][info][gc,heap        ] GC(1207) Humongous regions: 5->5
[2024-08-28T13:04:40.495+0000][info][gc,metaspace   ] GC(1207) Metaspace: 100K(320K)->100K(320K) NonClass: 96K(192K)->96K(192K) Class: 4K(128K)->4K(128K)
[2024-08-28T13:04:40.495+0000][info][gc             ] GC(1207) Pause Young (Prepare Mixed) (G1 Evacuation Pause) 901M->904M(1024M) 12.455ms
[2024-08-28T13:04:40.495+0000][info][gc,cpu         ] GC(1207) User=0.28s Sys=0.00s Real=0.01s
[2024-08-28T13:04:40.519+0000][info][gc,start       ] GC(1208) Pause Young (Mixed) (G1 Evacuation Pause)
[2024-08-28T13:04:40.519+0000][info][gc,task        ] GC(1208) Using 24 workers of 68 for evacuation
[2024-08-28T13:04:40.531+0000][info][gc,phases      ] GC(1208)   Pre Evacuate Collection Set: 0.2ms
[2024-08-28T13:04:40.531+0000][info][gc,phases      ] GC(1208)   Merge Heap Roots: 0.4ms
[2024-08-28T13:04:40.531+0000][info][gc,phases      ] GC(1208)   Evacuate Collection Set: 11.1ms
[2024-08-28T13:04:40.531+0000][info][gc,phases      ] GC(1208)   Post Evacuate Collection Set: 0.4ms
[2024-08-28T13:04:40.531+0000][info][gc,phases      ] GC(1208)   Other: 0.2ms
[2024-08-28T13:04:40.531+0000][info][gc,heap        ] GC(1208) Eden regions: 44->0(44)
[2024-08-28T13:04:40.531+0000][info][gc,heap        ] GC(1208) Survivor regions: 7->7(7)
[2024-08-28T13:04:40.531+0000][info][gc,heap        ] GC(1208) Old regions: 903->846
[2024-08-28T13:04:40.531+0000][info][gc,heap        ] GC(1208) Archive regions: 2->2
[2024-08-28T13:04:40.531+0000][info][gc,heap        ] GC(1208) Humongous regions: 5->5
[2024-08-28T13:04:40.531+0000][info][gc,metaspace   ] GC(1208) Metaspace: 100K(320K)->100K(320K) NonClass: 96K(192K)->96K(192K) Class: 4K(128K)->4K(128K)
[2024-08-28T13:04:40.531+0000][info][gc             ] GC(1208) Pause Young (Mixed) (G1 Evacuation Pause) 948M->847M(1024M) 12.408ms
[2024-08-28T13:04:40.532+0000][info][gc,cpu         ] GC(1208) User=0.28s Sys=0.00s Real=0.01s
[2024-08-28T13:04:40.556+0000][info][gc,start       ] GC(1209) Pause Young (Mixed) (G1 Evacuation Pause)
[2024-08-28T13:04:40.556+0000][info][gc,task        ] GC(1209) Using 24 workers of 68 for evacuation
[2024-08-28T13:04:40.570+0000][info][gc,phases      ] GC(1209)   Pre Evacuate Collection Set: 0.2ms
[2024-08-28T13:04:40.570+0000][info][gc,phases      ] GC(1209)   Merge Heap Roots: 0.5ms
[2024-08-28T13:04:40.570+0000][info][gc,phases      ] GC(1209)   Evacuate Collection Set: 12.0ms
[2024-08-28T13:04:40.570+0000][info][gc,phases      ] GC(1209)   Post Evacuate Collection Set: 0.4ms
[2024-08-28T13:04:40.570+0000][info][gc,phases      ] GC(1209)   Other: 0.2ms
[2024-08-28T13:04:40.570+0000][info][gc,heap        ] GC(1209) Eden regions: 44->0(44)
[2024-08-28T13:04:40.570+0000][info][gc,heap        ] GC(1209) Survivor regions: 7->7(7)
[2024-08-28T13:04:40.570+0000][info][gc,heap        ] GC(1209) Old regions: 846->801
[2024-08-28T13:04:40.570+0000][info][gc,heap        ] GC(1209) Archive regions: 2->2
[2024-08-28T13:04:40.570+0000][info][gc,heap        ] GC(1209) Humongous regions: 5->5
[2024-08-28T13:04:40.570+0000][info][gc,metaspace   ] GC(1209) Metaspace: 100K(320K)->100K(320K) NonClass: 96K(192K)->96K(192K) Class: 4K(128K)->4K(128K)
[2024-08-28T13:04:40.570+0000][info][gc             ] GC(1209) Pause Young (Mixed) (G1 Evacuation Pause) 891M->808M(1024M) 13.403ms
[2024-08-28T13:04:40.570+0000][info][gc,cpu         ] GC(1209) User=0.30s Sys=0.00s Real=0.02s
[2024-08-28T13:04:40.594+0000][info][gc,start       ] GC(1210) Pause Young (Concurrent Start) (G1 Evacuation Pause)
[2024-08-28T13:04:40.594+0000][info][gc,task        ] GC(1210) Using 24 workers of 68 for evacuation
[2024-08-28T13:04:40.606+0000][info][gc,phases      ] GC(1210)   Pre Evacuate Collection Set: 0.2ms
[2024-08-28T13:04:40.606+0000][info][gc,phases      ] GC(1210)   Merge Heap Roots: 0.4ms
[2024-08-28T13:04:40.606+0000][info][gc,phases      ] GC(1210)   Evacuate Collection Set: 10.0ms
[2024-08-28T13:04:40.606+0000][info][gc,phases      ] GC(1210)   Post Evacuate Collection Set: 0.4ms
[2024-08-28T13:04:40.606+0000][info][gc,phases      ] GC(1210)   Other: 0.9ms
[2024-08-28T13:04:40.606+0000][info][gc,heap        ] GC(1210) Eden regions: 44->0(44)
[2024-08-28T13:04:40.606+0000][info][gc,heap        ] GC(1210) Survivor regions: 7->7(7)
[2024-08-28T13:04:40.606+0000][info][gc,heap        ] GC(1210) Old regions: 801->848
[2024-08-28T13:04:40.606+0000][info][gc,heap        ] GC(1210) Archive regions: 2->2
[2024-08-28T13:04:40.606+0000][info][gc,heap        ] GC(1210) Humongous regions: 5->5
[2024-08-28T13:04:40.606+0000][info][gc,metaspace   ] GC(1210) Metaspace: 100K(320K)->100K(320K) NonClass: 96K(192K)->96K(192K) Class: 4K(128K)->4K(128K)
[2024-08-28T13:04:40.606+0000][info][gc             ] GC(1210) Pause Young (Concurrent Start) (G1 Evacuation Pause) 852M->855M(1024M) 11.942ms
[2024-08-28T13:04:40.606+0000][info][gc,cpu         ] GC(1210) User=0.23s Sys=0.02s Real=0.01s
[2024-08-28T13:04:40.606+0000][info][gc             ] GC(1211) Concurrent Mark Cycle
[2024-08-28T13:04:40.606+0000][info][gc,marking     ] GC(1211) Concurrent Clear Claimed Marks
[2024-08-28T13:04:40.606+0000][info][gc,marking     ] GC(1211) Concurrent Clear Claimed Marks 0.010ms
[2024-08-28T13:04:40.606+0000][info][gc,marking     ] GC(1211) Concurrent Scan Root Regions
[2024-08-28T13:04:40.608+0000][info][gc,marking     ] GC(1211) Concurrent Scan Root Regions 1.743ms
[2024-08-28T13:04:40.608+0000][info][gc,marking     ] GC(1211) Concurrent Mark
[2024-08-28T13:04:40.608+0000][info][gc,marking     ] GC(1211) Concurrent Mark From Roots
[2024-08-28T13:04:40.608+0000][info][gc,task        ] GC(1211) Using 17 workers of 17 for marking
[2024-08-28T13:04:40.632+0000][info][gc,marking     ] GC(1211) Concurrent Mark From Roots 23.995ms
[2024-08-28T13:04:40.632+0000][info][gc,marking     ] GC(1211) Concurrent Preclean
[2024-08-28T13:04:40.633+0000][info][gc,marking     ] GC(1211) Concurrent Preclean 0.505ms
[2024-08-28T13:04:40.633+0000][info][gc,start       ] GC(1211) Pause Remark
[2024-08-28T13:04:40.634+0000][info][gc             ] GC(1211) Pause Remark 891M->891M(1024M) 1.436ms
[2024-08-28T13:04:40.634+0000][info][gc,cpu         ] GC(1211) User=0.01s Sys=0.00s Real=0.00s
[2024-08-28T13:04:40.634+0000][info][gc,marking     ] GC(1211) Concurrent Mark 26.282ms
[2024-08-28T13:04:40.634+0000][info][gc,marking     ] GC(1211) Concurrent Rebuild Remembered Sets
[2024-08-28T13:04:40.640+0000][info][gc,start       ] GC(1212) Pause Young (Normal) (G1 Evacuation Pause)
[2024-08-28T13:04:40.640+0000][info][gc,task        ] GC(1212) Using 24 workers of 68 for evacuation
[2024-08-28T13:04:40.651+0000][info][gc,phases      ] GC(1212)   Pre Evacuate Collection Set: 0.1ms
[2024-08-28T13:04:40.651+0000][info][gc,phases      ] GC(1212)   Merge Heap Roots: 0.4ms
[2024-08-28T13:04:40.651+0000][info][gc,phases      ] GC(1212)   Evacuate Collection Set: 9.4ms
[2024-08-28T13:04:40.651+0000][info][gc,phases      ] GC(1212)   Post Evacuate Collection Set: 0.4ms
[2024-08-28T13:04:40.651+0000][info][gc,phases      ] GC(1212)   Other: 0.2ms
[2024-08-28T13:04:40.651+0000][info][gc,heap        ] GC(1212) Eden regions: 44->0(44)
[2024-08-28T13:04:40.651+0000][info][gc,heap        ] GC(1212) Survivor regions: 7->7(7)
[2024-08-28T13:04:40.651+0000][info][gc,heap        ] GC(1212) Old regions: 848->894
[2024-08-28T13:04:40.651+0000][info][gc,heap        ] GC(1212) Archive regions: 2->2
[2024-08-28T13:04:40.651+0000][info][gc,heap        ] GC(1212) Humongous regions: 5->5
[2024-08-28T13:04:40.651+0000][info][gc,metaspace   ] GC(1212) Metaspace: 100K(320K)->100K(320K) NonClass: 96K(192K)->96K(192K) Class: 4K(128K)->4K(128K)
[2024-08-28T13:04:40.651+0000][info][gc             ] GC(1212) Pause Young (Normal) (G1 Evacuation Pause) 899M->901M(1024M) 10.583ms
[2024-08-28T13:04:40.651+0000][info][gc,cpu         ] GC(1212) User=0.24s Sys=0.00s Real=0.01s
[2024-08-28T13:04:40.674+0000][info][gc,start       ] GC(1213) Pause Young (Normal) (G1 Evacuation Pause)
[2024-08-28T13:04:40.674+0000][info][gc,task        ] GC(1213) Using 24 workers of 68 for evacuation
[2024-08-28T13:04:40.689+0000][info][gc,phases      ] GC(1213)   Pre Evacuate Collection Set: 0.1ms
[2024-08-28T13:04:40.689+0000][info][gc,phases      ] GC(1213)   Merge Heap Roots: 0.5ms
[2024-08-28T13:04:40.689+0000][info][gc,phases      ] GC(1213)   Evacuate Collection Set: 13.6ms
[2024-08-28T13:04:40.689+0000][info][gc,phases      ] GC(1213)   Post Evacuate Collection Set: 0.5ms
[2024-08-28T13:04:40.689+0000][info][gc,phases      ] GC(1213)   Other: 0.2ms
[2024-08-28T13:04:40.689+0000][info][gc,heap        ] GC(1213) Eden regions: 44->0(44)
[2024-08-28T13:04:40.689+0000][info][gc,heap        ] GC(1213) Survivor regions: 7->7(7)
[2024-08-28T13:04:40.689+0000][info][gc,heap        ] GC(1213) Old regions: 894->942
[2024-08-28T13:04:40.689+0000][info][gc,heap        ] GC(1213) Archive regions: 2->2
[2024-08-28T13:04:40.689+0000][info][gc,heap        ] GC(1213) Humongous regions: 5->5
[2024-08-28T13:04:40.689+0000][info][gc,metaspace   ] GC(1213) Metaspace: 100K(320K)->100K(320K) NonClass: 96K(192K)->96K(192K) Class: 4K(128K)->4K(128K)
[2024-08-28T13:04:40.689+0000][info][gc             ] GC(1213) Pause Young (Normal) (G1 Evacuation Pause) 945M->949M(1024M) 15.022ms
[2024-08-28T13:04:40.689+0000][info][gc,cpu         ] GC(1213) User=0.34s Sys=0.00s Real=0.01s
[2024-08-28T13:04:40.705+0000][info][gc,start       ] GC(1214) Pause Young (Normal) (G1 Preventive Collection)
[2024-08-28T13:04:40.705+0000][info][gc,task        ] GC(1214) Using 24 workers of 68 for evacuation
[2024-08-28T13:04:40.717+0000][info][gc,phases      ] GC(1214)   Pre Evacuate Collection Set: 0.2ms
[2024-08-28T13:04:40.717+0000][info][gc,phases      ] GC(1214)   Merge Heap Roots: 0.5ms
[2024-08-28T13:04:40.717+0000][info][gc,phases      ] GC(1214)   Evacuate Collection Set: 10.6ms
[2024-08-28T13:04:40.717+0000][info][gc,phases      ] GC(1214)   Post Evacuate Collection Set: 0.5ms
[2024-08-28T13:04:40.717+0000][info][gc,phases      ] GC(1214)   Other: 0.2ms
[2024-08-28T13:04:40.717+0000][info][gc,heap        ] GC(1214) Eden regions: 29->0(44)
[2024-08-28T13:04:40.717+0000][info][gc,heap        ] GC(1214) Survivor regions: 7->7(7)
[2024-08-28T13:04:40.717+0000][info][gc,heap        ] GC(1214) Old regions: 942->974
[2024-08-28T13:04:40.717+0000][info][gc,heap        ] GC(1214) Archive regions: 2->2
[2024-08-28T13:04:40.717+0000][info][gc,heap        ] GC(1214) Humongous regions: 5->5
[2024-08-28T13:04:40.717+0000][info][gc,metaspace   ] GC(1214) Metaspace: 100K(320K)->100K(320K) NonClass: 96K(192K)->96K(192K) Class: 4K(128K)->4K(128K)
[2024-08-28T13:04:40.717+0000][info][gc             ] GC(1214) Pause Young (Normal) (G1 Preventive Collection) 978M->981M(1024M) 11.979ms
[2024-08-28T13:04:40.717+0000][info][gc,cpu         ] GC(1214) User=0.27s Sys=0.00s Real=0.01s
[2024-08-28T13:04:40.725+0000][info][gc,start       ] GC(1215) Pause Young (Normal) (G1 Preventive Collection)
[2024-08-28T13:04:40.725+0000][info][gc,task        ] GC(1215) Using 24 workers of 68 for evacuation
[2024-08-28T13:04:40.734+0000][info][gc,phases      ] GC(1215)   Pre Evacuate Collection Set: 0.1ms
[2024-08-28T13:04:40.734+0000][info][gc,phases      ] GC(1215)   Merge Heap Roots: 0.5ms
[2024-08-28T13:04:40.734+0000][info][gc,phases      ] GC(1215)   Evacuate Collection Set: 8.2ms
[2024-08-28T13:04:40.735+0000][info][gc,phases      ] GC(1215)   Post Evacuate Collection Set: 0.5ms
[2024-08-28T13:04:40.735+0000][info][gc,phases      ] GC(1215)   Other: 0.1ms
[2024-08-28T13:04:40.735+0000][info][gc,heap        ] GC(1215) Eden regions: 13->0(44)
[2024-08-28T13:04:40.735+0000][info][gc,heap        ] GC(1215) Survivor regions: 7->7(7)
[2024-08-28T13:04:40.735+0000][info][gc,heap        ] GC(1215) Old regions: 974->989
[2024-08-28T13:04:40.735+0000][info][gc,heap        ] GC(1215) Archive regions: 2->2
[2024-08-28T13:04:40.735+0000][info][gc,heap        ] GC(1215) Humongous regions: 5->5
[2024-08-28T13:04:40.735+0000][info][gc,metaspace   ] GC(1215) Metaspace: 100K(320K)->100K(320K) NonClass: 96K(192K)->96K(192K) Class: 4K(128K)->4K(128K)
[2024-08-28T13:04:40.735+0000][info][gc             ] GC(1215) Pause Young (Normal) (G1 Preventive Collection) 994M->996M(1024M) 9.561ms
[2024-08-28T13:04:40.735+0000][info][gc,cpu         ] GC(1215) User=0.21s Sys=0.00s Real=0.01s
[2024-08-28T13:04:40.738+0000][info][gc,start       ] GC(1216) Pause Young (Normal) (G1 Preventive Collection)
[2024-08-28T13:04:40.738+0000][info][gc,task        ] GC(1216) Using 24 workers of 68 for evacuation
[2024-08-28T13:04:40.746+0000][info][gc             ] GC(1216) To-space exhausted
[2024-08-28T13:04:40.746+0000][info][gc,phases      ] GC(1216)   Pre Evacuate Collection Set: 0.1ms
[2024-08-28T13:04:40.746+0000][info][gc,phases      ] GC(1216)   Merge Heap Roots: 0.5ms
[2024-08-28T13:04:40.746+0000][info][gc,phases      ] GC(1216)   Evacuate Collection Set: 6.4ms
[2024-08-28T13:04:40.746+0000][info][gc,phases      ] GC(1216)   Post Evacuate Collection Set: 0.8ms
[2024-08-28T13:04:40.746+0000][info][gc,phases      ] GC(1216)   Other: 0.1ms
[2024-08-28T13:04:40.746+0000][info][gc,heap        ] GC(1216) Eden regions: 6->0(45)
[2024-08-28T13:04:40.746+0000][info][gc,heap        ] GC(1216) Survivor regions: 7->6(7)
[2024-08-28T13:04:40.746+0000][info][gc,heap        ] GC(1216) Old regions: 989->1011
[2024-08-28T13:04:40.746+0000][info][gc,heap        ] GC(1216) Archive regions: 2->2
[2024-08-28T13:04:40.746+0000][info][gc,heap        ] GC(1216) Humongous regions: 5->5
[2024-08-28T13:04:40.746+0000][info][gc,metaspace   ] GC(1216) Metaspace: 100K(320K)->100K(320K) NonClass: 96K(192K)->96K(192K) Class: 4K(128K)->4K(128K)
[2024-08-28T13:04:40.746+0000][info][gc             ] GC(1216) Pause Young (Normal) (G1 Preventive Collection) 1002M->1017M(1024M) 8.018ms
[2024-08-28T13:04:40.746+0000][info][gc,cpu         ] GC(1216) User=0.16s Sys=0.01s Real=0.00s
[2024-08-28T13:04:40.746+0000][info][gc,ergo        ] Attempting full compaction
[2024-08-28T13:04:40.746+0000][info][gc,task        ] GC(1217) Using 24 workers of 68 for full compaction
[2024-08-28T13:04:40.747+0000][info][gc,start       ] GC(1217) Pause Full (G1 Compaction Pause)
[2024-08-28T13:04:40.748+0000][info][gc,phases,start] GC(1217) Phase 1: Mark live objects
[2024-08-28T13:04:40.763+0000][info][gc,phases      ] GC(1217) Phase 1: Mark live objects 15.343ms
[2024-08-28T13:04:40.763+0000][info][gc,phases,start] GC(1217) Phase 2: Prepare for compaction
[2024-08-28T13:04:40.772+0000][info][gc,phases      ] GC(1217) Phase 2: Prepare for compaction 8.529ms
[2024-08-28T13:04:40.772+0000][info][gc,phases,start] GC(1217) Phase 3: Adjust pointers
[2024-08-28T13:04:40.787+0000][info][gc,phases      ] GC(1217) Phase 3: Adjust pointers 15.532ms
[2024-08-28T13:04:40.787+0000][info][gc,phases,start] GC(1217) Phase 4: Compact heap
[2024-08-28T13:04:40.816+0000][info][gc,phases      ] GC(1217) Phase 4: Compact heap 28.361ms
[2024-08-28T13:04:40.817+0000][info][gc,heap        ] GC(1217) Eden regions: 0->0(149)
[2024-08-28T13:04:40.817+0000][info][gc,heap        ] GC(1217) Survivor regions: 6->0(7)
[2024-08-28T13:04:40.817+0000][info][gc,heap        ] GC(1217) Old regions: 1011->445
[2024-08-28T13:04:40.817+0000][info][gc,heap        ] GC(1217) Archive regions: 2->2
[2024-08-28T13:04:40.817+0000][info][gc,heap        ] GC(1217) Humongous regions: 5->5
[2024-08-28T13:04:40.817+0000][info][gc,metaspace   ] GC(1217) Metaspace: 100K(320K)->100K(320K) NonClass: 96K(192K)->96K(192K) Class: 4K(128K)->4K(128K)
[2024-08-28T13:04:40.817+0000][info][gc             ] GC(1217) Pause Full (G1 Compaction Pause) 1017M->437M(1024M) 70.202ms
[2024-08-28T13:04:40.817+0000][info][gc,cpu         ] GC(1217) User=1.52s Sys=0.01s Real=0.07s
[2024-08-28T13:04:40.817+0000][info][gc,marking     ] GC(1211) Concurrent Rebuild Remembered Sets 182.860ms
[2024-08-28T13:04:40.817+0000][info][gc,marking     ] GC(1211) Concurrent Mark Abort
[2024-08-28T13:04:40.817+0000][info][gc             ] GC(1211) Concurrent Mark Cycle 211.043ms
[2024-08-28T13:04:40.905+0000][info][gc,start       ] GC(1218) Pause Young (Normal) (G1 Evacuation Pause)
[2024-08-28T13:04:40.905+0000][info][gc,task        ] GC(1218) Using 24 workers of 68 for evacuation
[2024-08-28T13:04:40.927+0000][info][gc,phases      ] GC(1218)   Pre Evacuate Collection Set: 0.2ms
[2024-08-28T13:04:40.927+0000][info][gc,phases      ] GC(1218)   Merge Heap Roots: 0.4ms
[2024-08-28T13:04:40.927+0000][info][gc,phases      ] GC(1218)   Evacuate Collection Set: 21.7ms
[2024-08-28T13:04:40.927+0000][info][gc,phases      ] GC(1218)   Post Evacuate Collection Set: 0.4ms
[2024-08-28T13:04:40.927+0000][info][gc,phases      ] GC(1218)   Other: 0.3ms
[2024-08-28T13:04:40.927+0000][info][gc,heap        ] GC(1218) Eden regions: 149->0(103)
[2024-08-28T13:04:40.927+0000][info][gc,heap        ] GC(1218) Survivor regions: 0->19(19)
[2024-08-28T13:04:40.927+0000][info][gc,heap        ] GC(1218) Old regions: 445->571
[2024-08-28T13:04:40.927+0000][info][gc,heap        ] GC(1218) Archive regions: 2->2
[2024-08-28T13:04:40.927+0000][info][gc,heap        ] GC(1218) Humongous regions: 5->5
[2024-08-28T13:04:40.927+0000][info][gc,metaspace   ] GC(1218) Metaspace: 100K(320K)->100K(320K) NonClass: 96K(192K)->96K(192K) Class: 4K(128K)->4K(128K)
[2024-08-28T13:04:40.928+0000][info][gc             ] GC(1218) Pause Young (Normal) (G1 Evacuation Pause) 586M->581M(1024M) 22.877ms
[2024-08-28T13:04:40.928+0000][info][gc,cpu         ] GC(1218) User=0.53s Sys=0.00s Real=0.02s
[2024-08-28T13:04:40.984+0000][info][gc,start       ] GC(1219) Pause Young (Concurrent Start) (G1 Evacuation Pause)
[2024-08-28T13:04:40.984+0000][info][gc,task        ] GC(1219) Using 24 workers of 68 for evacuation
[2024-08-28T13:04:41.005+0000][info][gc,phases      ] GC(1219)   Pre Evacuate Collection Set: 0.2ms
[2024-08-28T13:04:41.005+0000][info][gc,phases      ] GC(1219)   Merge Heap Roots: 0.4ms
[2024-08-28T13:04:41.005+0000][info][gc,phases      ] GC(1219)   Evacuate Collection Set: 19.2ms
[2024-08-28T13:04:41.005+0000][info][gc,phases      ] GC(1219)   Post Evacuate Collection Set: 0.3ms
[2024-08-28T13:04:41.005+0000][info][gc,phases      ] GC(1219)   Other: 0.6ms
[2024-08-28T13:04:41.005+0000][info][gc,heap        ] GC(1219) Eden regions: 103->0(69)
[2024-08-28T13:04:41.005+0000][info][gc,heap        ] GC(1219) Survivor regions: 19->16(16)
[2024-08-28T13:04:41.005+0000][info][gc,heap        ] GC(1219) Old regions: 571->678
[2024-08-28T13:04:41.005+0000][info][gc,heap        ] GC(1219) Archive regions: 2->2
[2024-08-28T13:04:41.005+0000][info][gc,heap        ] GC(1219) Humongous regions: 5->5
[2024-08-28T13:04:41.005+0000][info][gc,metaspace   ] GC(1219) Metaspace: 100K(320K)->100K(320K) NonClass: 96K(192K)->96K(192K) Class: 4K(128K)->4K(128K)
[2024-08-28T13:04:41.005+0000][info][gc             ] GC(1219) Pause Young (Concurrent Start) (G1 Evacuation Pause) 684M->685M(1024M) 20.792ms
[2024-08-28T13:04:41.005+0000][info][gc,cpu         ] GC(1219) User=0.47s Sys=0.00s Real=0.02s
[2024-08-28T13:04:41.005+0000][info][gc             ] GC(1220) Concurrent Mark Cycle
[2024-08-28T13:04:41.005+0000][info][gc,marking     ] GC(1220) Concurrent Clear Claimed Marks
[2024-08-28T13:04:41.005+0000][info][gc,marking     ] GC(1220) Concurrent Clear Claimed Marks 0.009ms
[2024-08-28T13:04:41.005+0000][info][gc,marking     ] GC(1220) Concurrent Scan Root Regions
[2024-08-28T13:04:41.009+0000][info][gc,marking     ] GC(1220) Concurrent Scan Root Regions 3.592ms
[2024-08-28T13:04:41.009+0000][info][gc,marking     ] GC(1220) Concurrent Mark
[2024-08-28T13:04:41.009+0000][info][gc,marking     ] GC(1220) Concurrent Mark From Roots
[2024-08-28T13:04:41.009+0000][info][gc,task        ] GC(1220) Using 17 workers of 17 for marking
[2024-08-28T13:04:41.030+0000][info][gc,marking     ] GC(1220) Concurrent Mark From Roots 21.178ms
[2024-08-28T13:04:41.030+0000][info][gc,marking     ] GC(1220) Concurrent Preclean
[2024-08-28T13:04:41.031+0000][info][gc,marking     ] GC(1220) Concurrent Preclean 0.501ms
[2024-08-28T13:04:41.031+0000][info][gc,start       ] GC(1220) Pause Remark
[2024-08-28T13:04:41.032+0000][info][gc             ] GC(1220) Pause Remark 719M->719M(1024M) 1.145ms
[2024-08-28T13:04:41.032+0000][info][gc,cpu         ] GC(1220) User=0.01s Sys=0.00s Real=0.00s
[2024-08-28T13:04:41.032+0000][info][gc,marking     ] GC(1220) Concurrent Mark 23.151ms
[2024-08-28T13:04:41.032+0000][info][gc,marking     ] GC(1220) Concurrent Rebuild Remembered Sets
[2024-08-28T13:04:41.051+0000][info][gc,start       ] GC(1221) Pause Young (Normal) (G1 Evacuation Pause)
[2024-08-28T13:04:41.051+0000][info][gc,task        ] GC(1221) Using 24 workers of 68 for evacuation
[2024-08-28T13:04:41.067+0000][info][gc,phases      ] GC(1221)   Pre Evacuate Collection Set: 0.1ms
[2024-08-28T13:04:41.067+0000][info][gc,phases      ] GC(1221)   Merge Heap Roots: 0.3ms
[2024-08-28T13:04:41.067+0000][info][gc,phases      ] GC(1221)   Evacuate Collection Set: 15.7ms
[2024-08-28T13:04:41.067+0000][info][gc,phases      ] GC(1221)   Post Evacuate Collection Set: 0.5ms
[2024-08-28T13:04:41.067+0000][info][gc,phases      ] GC(1221)   Other: 0.2ms
[2024-08-28T13:04:41.067+0000][info][gc,heap        ] GC(1221) Eden regions: 69->0(46)
[2024-08-28T13:04:41.067+0000][info][gc,heap        ] GC(1221) Survivor regions: 16->11(11)
[2024-08-28T13:04:41.067+0000][info][gc,heap        ] GC(1221) Old regions: 678->755
[2024-08-28T13:04:41.067+0000][info][gc,heap        ] GC(1221) Archive regions: 2->2
[2024-08-28T13:04:41.067+0000][info][gc,heap        ] GC(1221) Humongous regions: 5->5
[2024-08-28T13:04:41.067+0000][info][gc,metaspace   ] GC(1221) Metaspace: 100K(320K)->100K(320K) NonClass: 96K(192K)->96K(192K) Class: 4K(128K)->4K(128K)
[2024-08-28T13:04:41.068+0000][info][gc             ] GC(1221) Pause Young (Normal) (G1 Evacuation Pause) 754M->757M(1024M) 16.946ms
[2024-08-28T13:04:41.068+0000][info][gc,cpu         ] GC(1221) User=0.39s Sys=0.00s Real=0.01s
[2024-08-28T13:04:41.092+0000][info][gc,start       ] GC(1222) Pause Young (Normal) (G1 Evacuation Pause)
[2024-08-28T13:04:41.092+0000][info][gc,task        ] GC(1222) Using 24 workers of 68 for evacuation
[2024-08-28T13:04:41.111+0000][info][gc,phases      ] GC(1222)   Pre Evacuate Collection Set: 0.1ms
[2024-08-28T13:04:41.111+0000][info][gc,phases      ] GC(1222)   Merge Heap Roots: 0.5ms
[2024-08-28T13:04:41.111+0000][info][gc,phases      ] GC(1222)   Evacuate Collection Set: 18.1ms
[2024-08-28T13:04:41.111+0000][info][gc,phases      ] GC(1222)   Post Evacuate Collection Set: 0.6ms
[2024-08-28T13:04:41.111+0000][info][gc,phases      ] GC(1222)   Other: 0.2ms
[2024-08-28T13:04:41.111+0000][info][gc,heap        ] GC(1222) Eden regions: 46->0(43)
[2024-08-28T13:04:41.111+0000][info][gc,heap        ] GC(1222) Survivor regions: 11->8(8)
[2024-08-28T13:04:41.111+0000][info][gc,heap        ] GC(1222) Old regions: 755->809
[2024-08-28T13:04:41.111+0000][info][gc,heap        ] GC(1222) Archive regions: 2->2
[2024-08-28T13:04:41.111+0000][info][gc,heap        ] GC(1222) Humongous regions: 5->5
[2024-08-28T13:04:41.111+0000][info][gc,metaspace   ] GC(1222) Metaspace: 100K(320K)->100K(320K) NonClass: 96K(192K)->96K(192K) Class: 4K(128K)->4K(128K)
[2024-08-28T13:04:41.111+0000][info][gc             ] GC(1222) Pause Young (Normal) (G1 Evacuation Pause) 803M->808M(1024M) 19.591ms
[2024-08-28T13:04:41.111+0000][info][gc,cpu         ] GC(1222) User=0.45s Sys=0.00s Real=0.02s
[2024-08-28T13:04:41.135+0000][info][gc,marking     ] GC(1220) Concurrent Rebuild Remembered Sets 102.999ms
[2024-08-28T13:04:41.135+0000][info][gc,start       ] GC(1220) Pause Cleanup
[2024-08-28T13:04:41.136+0000][info][gc             ] GC(1220) Pause Cleanup 851M->851M(1024M) 1.178ms
[2024-08-28T13:04:41.136+0000][info][gc,cpu         ] GC(1220) User=0.00s Sys=0.00s Real=0.00s
[2024-08-28T13:04:41.136+0000][info][gc,marking     ] GC(1220) Concurrent Cleanup for Next Mark
[2024-08-28T13:04:41.137+0000][info][gc,start       ] GC(1223) Pause Young (Prepare Mixed) (G1 Evacuation Pause)
[2024-08-28T13:04:41.137+0000][info][gc,task        ] GC(1223) Using 24 workers of 68 for evacuation
[2024-08-28T13:04:41.151+0000][info][gc,phases      ] GC(1223)   Pre Evacuate Collection Set: 0.1ms
[2024-08-28T13:04:41.151+0000][info][gc,phases      ] GC(1223)   Merge Heap Roots: 0.5ms
[2024-08-28T13:04:41.151+0000][info][gc,phases      ] GC(1223)   Evacuate Collection Set: 13.3ms
[2024-08-28T13:04:41.151+0000][info][gc,phases      ] GC(1223)   Post Evacuate Collection Set: 0.3ms
[2024-08-28T13:04:41.151+0000][info][gc,phases      ] GC(1223)   Other: 0.1ms
[2024-08-28T13:04:41.151+0000][info][gc,heap        ] GC(1223) Eden regions: 43->0(44)
[2024-08-28T13:04:41.151+0000][info][gc,heap        ] GC(1223) Survivor regions: 8->7(7)
[2024-08-28T13:04:41.151+0000][info][gc,heap        ] GC(1223) Old regions: 809->856
[2024-08-28T13:04:41.151+0000][info][gc,heap        ] GC(1223) Archive regions: 2->2
[2024-08-28T13:04:41.151+0000][info][gc,heap        ] GC(1223) Humongous regions: 5->5
[2024-08-28T13:04:41.152+0000][info][gc,metaspace   ] GC(1223) Metaspace: 100K(320K)->100K(320K) NonClass: 96K(192K)->96K(192K) Class: 4K(128K)->4K(128K)
[2024-08-28T13:04:41.152+0000][info][gc             ] GC(1223) Pause Young (Prepare Mixed) (G1 Evacuation Pause) 851M->855M(1024M) 14.458ms
[2024-08-28T13:04:41.152+0000][info][gc,cpu         ] GC(1223) User=0.33s Sys=0.00s Real=0.02s
[2024-08-28T13:04:41.152+0000][info][gc,marking     ] GC(1220) Concurrent Cleanup for Next Mark 15.336ms
[2024-08-28T13:04:41.152+0000][info][gc             ] GC(1220) Concurrent Mark Cycle 146.722ms
[2024-08-28T13:04:41.177+0000][info][gc,start       ] GC(1224) Pause Young (Mixed) (G1 Evacuation Pause)
[2024-08-28T13:04:41.177+0000][info][gc,task        ] GC(1224) Using 24 workers of 68 for evacuation
[2024-08-28T13:04:41.189+0000][info][gc,phases      ] GC(1224)   Pre Evacuate Collection Set: 0.2ms
[2024-08-28T13:04:41.189+0000][info][gc,phases      ] GC(1224)   Merge Heap Roots: 0.3ms
[2024-08-28T13:04:41.189+0000][info][gc,phases      ] GC(1224)   Evacuate Collection Set: 10.9ms
[2024-08-28T13:04:41.189+0000][info][gc,phases      ] GC(1224)   Post Evacuate Collection Set: 0.4ms
[2024-08-28T13:04:41.189+0000][info][gc,phases      ] GC(1224)   Other: 0.2ms
[2024-08-28T13:04:41.189+0000][info][gc,heap        ] GC(1224) Eden regions: 44->0(44)
[2024-08-28T13:04:41.189+0000][info][gc,heap        ] GC(1224) Survivor regions: 7->7(7)
[2024-08-28T13:04:41.189+0000][info][gc,heap        ] GC(1224) Old regions: 856->800
[2024-08-28T13:04:41.189+0000][info][gc,heap        ] GC(1224) Archive regions: 2->2
[2024-08-28T13:04:41.189+0000][info][gc,heap        ] GC(1224) Humongous regions: 5->5
[2024-08-28T13:04:41.189+0000][info][gc,metaspace   ] GC(1224) Metaspace: 100K(320K)->100K(320K) NonClass: 96K(192K)->96K(192K) Class: 4K(128K)->4K(128K)
[2024-08-28T13:04:41.189+0000][info][gc             ] GC(1224) Pause Young (Mixed) (G1 Evacuation Pause) 899M->801M(1024M) 12.067ms
[2024-08-28T13:04:41.189+0000][info][gc,cpu         ] GC(1224) User=0.27s Sys=0.00s Real=0.01s
[2024-08-28T13:04:41.213+0000][info][gc,start       ] GC(1225) Pause Young (Mixed) (G1 Evacuation Pause)
[2024-08-28T13:04:41.213+0000][info][gc,task        ] GC(1225) Using 24 workers of 68 for evacuation
[2024-08-28T13:04:41.226+0000][info][gc,phases      ] GC(1225)   Pre Evacuate Collection Set: 0.2ms
[2024-08-28T13:04:41.226+0000][info][gc,phases      ] GC(1225)   Merge Heap Roots: 0.5ms
[2024-08-28T13:04:41.226+0000][info][gc,phases      ] GC(1225)   Evacuate Collection Set: 11.2ms
[2024-08-28T13:04:41.226+0000][info][gc,phases      ] GC(1225)   Post Evacuate Collection Set: 0.3ms
[2024-08-28T13:04:41.226+0000][info][gc,phases      ] GC(1225)   Other: 0.2ms
[2024-08-28T13:04:41.226+0000][info][gc,heap        ] GC(1225) Eden regions: 44->0(48)
[2024-08-28T13:04:41.226+0000][info][gc,heap        ] GC(1225) Survivor regions: 7->7(7)
[2024-08-28T13:04:41.226+0000][info][gc,heap        ] GC(1225) Old regions: 800->753
[2024-08-28T13:04:41.226+0000][info][gc,heap        ] GC(1225) Archive regions: 2->2
[2024-08-28T13:04:41.226+0000][info][gc,heap        ] GC(1225) Humongous regions: 5->5
[2024-08-28T13:04:41.226+0000][info][gc,metaspace   ] GC(1225) Metaspace: 100K(320K)->100K(320K) NonClass: 96K(192K)->96K(192K) Class: 4K(128K)->4K(128K)
[2024-08-28T13:04:41.226+0000][info][gc             ] GC(1225) Pause Young (Mixed) (G1 Evacuation Pause) 845M->757M(1024M) 12.538ms
[2024-08-28T13:04:41.226+0000][info][gc,cpu         ] GC(1225) User=0.27s Sys=0.01s Real=0.01s
[2024-08-28T13:04:41.252+0000][info][gc,start       ] GC(1226) Pause Young (Concurrent Start) (G1 Evacuation Pause)
[2024-08-28T13:04:41.252+0000][info][gc,task        ] GC(1226) Using 24 workers of 68 for evacuation
[2024-08-28T13:04:41.264+0000][info][gc,phases      ] GC(1226)   Pre Evacuate Collection Set: 0.2ms
[2024-08-28T13:04:41.264+0000][info][gc,phases      ] GC(1226)   Merge Heap Roots: 0.4ms
[2024-08-28T13:04:41.264+0000][info][gc,phases      ] GC(1226)   Evacuate Collection Set: 10.5ms
[2024-08-28T13:04:41.264+0000][info][gc,phases      ] GC(1226)   Post Evacuate Collection Set: 0.4ms
[2024-08-28T13:04:41.264+0000][info][gc,phases      ] GC(1226)   Other: 0.6ms
[2024-08-28T13:04:41.264+0000][info][gc,heap        ] GC(1226) Eden regions: 48->0(44)
[2024-08-28T13:04:41.264+0000][info][gc,heap        ] GC(1226) Survivor regions: 7->7(7)
[2024-08-28T13:04:41.264+0000][info][gc,heap        ] GC(1226) Old regions: 753->803
[2024-08-28T13:04:41.264+0000][info][gc,heap        ] GC(1226) Archive regions: 2->2
[2024-08-28T13:04:41.264+0000][info][gc,heap        ] GC(1226) Humongous regions: 5->5
[2024-08-28T13:04:41.264+0000][info][gc,metaspace   ] GC(1226) Metaspace: 100K(320K)->100K(320K) NonClass: 96K(192K)->96K(192K) Class: 4K(128K)->4K(128K)
[2024-08-28T13:04:41.264+0000][info][gc             ] GC(1226) Pause Young (Concurrent Start) (G1 Evacuation Pause) 805M->807M(1024M) 12.146ms
[2024-08-28T13:04:41.264+0000][info][gc,cpu         ] GC(1226) User=0.26s Sys=0.00s Real=0.01s
[2024-08-28T13:04:41.264+0000][info][gc             ] GC(1227) Concurrent Mark Cycle
[2024-08-28T13:04:41.264+0000][info][gc,marking     ] GC(1227) Concurrent Clear Claimed Marks
[2024-08-28T13:04:41.264+0000][info][gc,marking     ] GC(1227) Concurrent Clear Claimed Marks 0.010ms
[2024-08-28T13:04:41.264+0000][info][gc,marking     ] GC(1227) Concurrent Scan Root Regions
[2024-08-28T13:04:41.266+0000][info][gc,marking     ] GC(1227) Concurrent Scan Root Regions 1.775ms
[2024-08-28T13:04:41.266+0000][info][gc,marking     ] GC(1227) Concurrent Mark
[2024-08-28T13:04:41.266+0000][info][gc,marking     ] GC(1227) Concurrent Mark From Roots
[2024-08-28T13:04:41.266+0000][info][gc,task        ] GC(1227) Using 17 workers of 17 for marking
[2024-08-28T13:04:41.289+0000][info][gc,marking     ] GC(1227) Concurrent Mark From Roots 23.426ms
[2024-08-28T13:04:41.289+0000][info][gc,marking     ] GC(1227) Concurrent Preclean
[2024-08-28T13:04:41.290+0000][info][gc,marking     ] GC(1227) Concurrent Preclean 0.515ms
[2024-08-28T13:04:41.290+0000][info][gc,start       ] GC(1227) Pause Remark
[2024-08-28T13:04:41.291+0000][info][gc             ] GC(1227) Pause Remark 842M->842M(1024M) 1.303ms
[2024-08-28T13:04:41.291+0000][info][gc,cpu         ] GC(1227) User=0.01s Sys=0.00s Real=0.00s
[2024-08-28T13:04:41.291+0000][info][gc,marking     ] GC(1227) Concurrent Mark 25.595ms
[2024-08-28T13:04:41.291+0000][info][gc,marking     ] GC(1227) Concurrent Rebuild Remembered Sets
[2024-08-28T13:04:41.296+0000][info][gc,start       ] GC(1228) Pause Young (Normal) (G1 Evacuation Pause)
[2024-08-28T13:04:41.296+0000][info][gc,task        ] GC(1228) Using 24 workers of 68 for evacuation
[2024-08-28T13:04:41.307+0000][info][gc,phases      ] GC(1228)   Pre Evacuate Collection Set: 0.1ms
[2024-08-28T13:04:41.307+0000][info][gc,phases      ] GC(1228)   Merge Heap Roots: 0.4ms
[2024-08-28T13:04:41.307+0000][info][gc,phases      ] GC(1228)   Evacuate Collection Set: 9.4ms
[2024-08-28T13:04:41.307+0000][info][gc,phases      ] GC(1228)   Post Evacuate Collection Set: 0.4ms
[2024-08-28T13:04:41.307+0000][info][gc,phases      ] GC(1228)   Other: 0.1ms
[2024-08-28T13:04:41.307+0000][info][gc,heap        ] GC(1228) Eden regions: 44->0(44)
[2024-08-28T13:04:41.307+0000][info][gc,heap        ] GC(1228) Survivor regions: 7->7(7)
[2024-08-28T13:04:41.307+0000][info][gc,heap        ] GC(1228) Old regions: 803->850
[2024-08-28T13:04:41.307+0000][info][gc,heap        ] GC(1228) Archive regions: 2->2
[2024-08-28T13:04:41.307+0000][info][gc,heap        ] GC(1228) Humongous regions: 5->5
[2024-08-28T13:04:41.307+0000][info][gc,metaspace   ] GC(1228) Metaspace: 100K(320K)->100K(320K) NonClass: 96K(192K)->96K(192K) Class: 4K(128K)->4K(128K)
[2024-08-28T13:04:41.307+0000][info][gc             ] GC(1228) Pause Young (Normal) (G1 Evacuation Pause) 851M->854M(1024M) 10.543ms
[2024-08-28T13:04:41.307+0000][info][gc,cpu         ] GC(1228) User=0.24s Sys=0.00s Real=0.01s
[2024-08-28T13:04:41.330+0000][info][gc,start       ] GC(1229) Pause Young (Normal) (G1 Evacuation Pause)
[2024-08-28T13:04:41.330+0000][info][gc,task        ] GC(1229) Using 24 workers of 68 for evacuation
[2024-08-28T13:04:41.345+0000][info][gc,phases      ] GC(1229)   Pre Evacuate Collection Set: 0.1ms
[2024-08-28T13:04:41.345+0000][info][gc,phases      ] GC(1229)   Merge Heap Roots: 0.4ms
[2024-08-28T13:04:41.345+0000][info][gc,phases      ] GC(1229)   Evacuate Collection Set: 13.1ms
[2024-08-28T13:04:41.345+0000][info][gc,phases      ] GC(1229)   Post Evacuate Collection Set: 0.5ms
[2024-08-28T13:04:41.345+0000][info][gc,phases      ] GC(1229)   Other: 0.2ms
[2024-08-28T13:04:41.345+0000][info][gc,heap        ] GC(1229) Eden regions: 44->0(44)
[2024-08-28T13:04:41.345+0000][info][gc,heap        ] GC(1229) Survivor regions: 7->7(7)
[2024-08-28T13:04:41.345+0000][info][gc,heap        ] GC(1229) Old regions: 850->896
[2024-08-28T13:04:41.345+0000][info][gc,heap        ] GC(1229) Archive regions: 2->2
[2024-08-28T13:04:41.345+0000][info][gc,heap        ] GC(1229) Humongous regions: 5->5
[2024-08-28T13:04:41.345+0000][info][gc,metaspace   ] GC(1229) Metaspace: 100K(320K)->100K(320K) NonClass: 96K(192K)->96K(192K) Class: 4K(128K)->4K(128K)
[2024-08-28T13:04:41.345+0000][info][gc             ] GC(1229) Pause Young (Normal) (G1 Evacuation Pause) 898M->900M(1024M) 14.526ms
[2024-08-28T13:04:41.345+0000][info][gc,cpu         ] GC(1229) User=0.32s Sys=0.00s Real=0.01s
[2024-08-28T13:04:41.369+0000][info][gc,start       ] GC(1230) Pause Young (Normal) (G1 Evacuation Pause)
[2024-08-28T13:04:41.369+0000][info][gc,task        ] GC(1230) Using 24 workers of 68 for evacuation
[2024-08-28T13:04:41.382+0000][info][gc,phases      ] GC(1230)   Pre Evacuate Collection Set: 0.1ms
[2024-08-28T13:04:41.382+0000][info][gc,phases      ] GC(1230)   Merge Heap Roots: 0.5ms
[2024-08-28T13:04:41.382+0000][info][gc,phases      ] GC(1230)   Evacuate Collection Set: 12.0ms
[2024-08-28T13:04:41.382+0000][info][gc,phases      ] GC(1230)   Post Evacuate Collection Set: 0.5ms
[2024-08-28T13:04:41.382+0000][info][gc,phases      ] GC(1230)   Other: 0.2ms
[2024-08-28T13:04:41.382+0000][info][gc,heap        ] GC(1230) Eden regions: 44->0(44)
[2024-08-28T13:04:41.382+0000][info][gc,heap        ] GC(1230) Survivor regions: 7->7(7)
[2024-08-28T13:04:41.382+0000][info][gc,heap        ] GC(1230) Old regions: 896->942
[2024-08-28T13:04:41.382+0000][info][gc,heap        ] GC(1230) Archive regions: 2->2
[2024-08-28T13:04:41.382+0000][info][gc,heap        ] GC(1230) Humongous regions: 5->5
[2024-08-28T13:04:41.382+0000][info][gc,metaspace   ] GC(1230) Metaspace: 100K(320K)->100K(320K) NonClass: 96K(192K)->96K(192K) Class: 4K(128K)->4K(128K)
[2024-08-28T13:04:41.382+0000][info][gc             ] GC(1230) Pause Young (Normal) (G1 Evacuation Pause) 944M->946M(1024M) 13.413ms
[2024-08-28T13:04:41.382+0000][info][gc,cpu         ] GC(1230) User=0.31s Sys=0.00s Real=0.02s
[2024-08-28T13:04:41.398+0000][info][gc,start       ] GC(1231) Pause Young (Normal) (G1 Preventive Collection)
[2024-08-28T13:04:41.398+0000][info][gc,task        ] GC(1231) Using 24 workers of 68 for evacuation
[2024-08-28T13:04:41.410+0000][info][gc,phases      ] GC(1231)   Pre Evacuate Collection Set: 0.1ms
[2024-08-28T13:04:41.410+0000][info][gc,phases      ] GC(1231)   Merge Heap Roots: 0.5ms
[2024-08-28T13:04:41.410+0000][info][gc,phases      ] GC(1231)   Evacuate Collection Set: 10.1ms
[2024-08-28T13:04:41.410+0000][info][gc,phases      ] GC(1231)   Post Evacuate Collection Set: 0.6ms
[2024-08-28T13:04:41.410+0000][info][gc,phases      ] GC(1231)   Other: 0.2ms
[2024-08-28T13:04:41.410+0000][info][gc,heap        ] GC(1231) Eden regions: 29->0(44)
[2024-08-28T13:04:41.410+0000][info][gc,heap        ] GC(1231) Survivor regions: 7->7(7)
[2024-08-28T13:04:41.410+0000][info][gc,heap        ] GC(1231) Old regions: 942->974
[2024-08-28T13:04:41.410+0000][info][gc,heap        ] GC(1231) Archive regions: 2->2
[2024-08-28T13:04:41.410+0000][info][gc,heap        ] GC(1231) Humongous regions: 5->5
[2024-08-28T13:04:41.410+0000][info][gc,metaspace   ] GC(1231) Metaspace: 100K(320K)->100K(320K) NonClass: 96K(192K)->96K(192K) Class: 4K(128K)->4K(128K)
[2024-08-28T13:04:41.410+0000][info][gc             ] GC(1231) Pause Young (Normal) (G1 Preventive Collection) 975M->978M(1024M) 11.553ms
[2024-08-28T13:04:41.410+0000][info][gc,cpu         ] GC(1231) User=0.26s Sys=0.00s Real=0.01s
[2024-08-28T13:04:41.410+0000][info][gc,marking     ] GC(1227) Concurrent Rebuild Remembered Sets 118.803ms
[2024-08-28T13:04:41.410+0000][info][gc,start       ] GC(1227) Pause Cleanup
[2024-08-28T13:04:41.412+0000][info][gc             ] GC(1227) Pause Cleanup 979M->979M(1024M) 1.566ms
[2024-08-28T13:04:41.412+0000][info][gc,cpu         ] GC(1227) User=0.01s Sys=0.00s Real=0.00s
[2024-08-28T13:04:41.412+0000][info][gc,marking     ] GC(1227) Concurrent Cleanup for Next Mark
[2024-08-28T13:04:41.413+0000][info][gc,marking     ] GC(1227) Concurrent Cleanup for Next Mark 0.712ms
[2024-08-28T13:04:41.413+0000][info][gc             ] GC(1227) Concurrent Mark Cycle 148.907ms
[2024-08-28T13:04:41.421+0000][info][gc,start       ] GC(1232) Pause Young (Prepare Mixed) (G1 Preventive Collection)
[2024-08-28T13:04:41.421+0000][info][gc,task        ] GC(1232) Using 24 workers of 68 for evacuation
[2024-08-28T13:04:41.429+0000][info][gc,phases      ] GC(1232)   Pre Evacuate Collection Set: 0.2ms
[2024-08-28T13:04:41.429+0000][info][gc,phases      ] GC(1232)   Merge Heap Roots: 0.4ms
[2024-08-28T13:04:41.429+0000][info][gc,phases      ] GC(1232)   Evacuate Collection Set: 7.5ms
[2024-08-28T13:04:41.429+0000][info][gc,phases      ] GC(1232)   Post Evacuate Collection Set: 0.3ms
[2024-08-28T13:04:41.429+0000][info][gc,phases      ] GC(1232)   Other: 0.2ms
[2024-08-28T13:04:41.429+0000][info][gc,heap        ] GC(1232) Eden regions: 13->0(44)
[2024-08-28T13:04:41.429+0000][info][gc,heap        ] GC(1232) Survivor regions: 7->7(7)
[2024-08-28T13:04:41.429+0000][info][gc,heap        ] GC(1232) Old regions: 974->990
[2024-08-28T13:04:41.429+0000][info][gc,heap        ] GC(1232) Archive regions: 2->2
[2024-08-28T13:04:41.429+0000][info][gc,heap        ] GC(1232) Humongous regions: 5->5
[2024-08-28T13:04:41.429+0000][info][gc,metaspace   ] GC(1232) Metaspace: 100K(320K)->100K(320K) NonClass: 96K(192K)->96K(192K) Class: 4K(128K)->4K(128K)
[2024-08-28T13:04:41.429+0000][info][gc             ] GC(1232) Pause Young (Prepare Mixed) (G1 Preventive Collection) 991M->994M(1024M) 8.518ms
[2024-08-28T13:04:41.429+0000][info][gc,cpu         ] GC(1232) User=0.19s Sys=0.00s Real=0.00s
[2024-08-28T13:04:41.432+0000][info][gc,start       ] GC(1233) Pause Young (Mixed) (G1 Preventive Collection)
[2024-08-28T13:04:41.432+0000][info][gc,task        ] GC(1233) Using 24 workers of 68 for evacuation
[2024-08-28T13:04:41.436+0000][info][gc,phases      ] GC(1233)   Pre Evacuate Collection Set: 0.2ms
[2024-08-28T13:04:41.436+0000][info][gc,phases      ] GC(1233)   Merge Heap Roots: 0.3ms
[2024-08-28T13:04:41.436+0000][info][gc,phases      ] GC(1233)   Evacuate Collection Set: 3.2ms
[2024-08-28T13:04:41.436+0000][info][gc,phases      ] GC(1233)   Post Evacuate Collection Set: 0.3ms
[2024-08-28T13:04:41.436+0000][info][gc,phases      ] GC(1233)   Other: 0.2ms
[2024-08-28T13:04:41.436+0000][info][gc,heap        ] GC(1233) Eden regions: 5->0(45)
[2024-08-28T13:04:41.436+0000][info][gc,heap        ] GC(1233) Survivor regions: 7->6(7)
[2024-08-28T13:04:41.436+0000][info][gc,heap        ] GC(1233) Old regions: 990->896
[2024-08-28T13:04:41.436+0000][info][gc,heap        ] GC(1233) Archive regions: 2->2
[2024-08-28T13:04:41.436+0000][info][gc,heap        ] GC(1233) Humongous regions: 5->5
[2024-08-28T13:04:41.436+0000][info][gc,metaspace   ] GC(1233) Metaspace: 100K(320K)->100K(320K) NonClass: 96K(192K)->96K(192K) Class: 4K(128K)->4K(128K)
[2024-08-28T13:04:41.436+0000][info][gc             ] GC(1233) Pause Young (Mixed) (G1 Preventive Collection) 999M->904M(1024M) 4.220ms
[2024-08-28T13:04:41.436+0000][info][gc,cpu         ] GC(1233) User=0.08s Sys=0.00s Real=0.00s
[2024-08-28T13:04:41.459+0000][info][gc,start       ] GC(1234) Pause Young (Mixed) (G1 Evacuation Pause)
[2024-08-28T13:04:41.459+0000][info][gc,task        ] GC(1234) Using 24 workers of 68 for evacuation
[2024-08-28T13:04:41.469+0000][info][gc,phases      ] GC(1234)   Pre Evacuate Collection Set: 0.2ms
[2024-08-28T13:04:41.469+0000][info][gc,phases      ] GC(1234)   Merge Heap Roots: 0.3ms
[2024-08-28T13:04:41.469+0000][info][gc,phases      ] GC(1234)   Evacuate Collection Set: 9.1ms
[2024-08-28T13:04:41.469+0000][info][gc,phases      ] GC(1234)   Post Evacuate Collection Set: 0.4ms
[2024-08-28T13:04:41.469+0000][info][gc,phases      ] GC(1234)   Other: 0.2ms
[2024-08-28T13:04:41.469+0000][info][gc,heap        ] GC(1234) Eden regions: 45->0(44)
[2024-08-28T13:04:41.469+0000][info][gc,heap        ] GC(1234) Survivor regions: 6->7(7)
[2024-08-28T13:04:41.469+0000][info][gc,heap        ] GC(1234) Old regions: 896->836
[2024-08-28T13:04:41.469+0000][info][gc,heap        ] GC(1234) Archive regions: 2->2
[2024-08-28T13:04:41.469+0000][info][gc,heap        ] GC(1234) Humongous regions: 5->5
[2024-08-28T13:04:41.469+0000][info][gc,metaspace   ] GC(1234) Metaspace: 100K(320K)->100K(320K) NonClass: 96K(192K)->96K(192K) Class: 4K(128K)->4K(128K)
[2024-08-28T13:04:41.469+0000][info][gc             ] GC(1234) Pause Young (Mixed) (G1 Evacuation Pause) 949M->848M(1024M) 10.287ms
[2024-08-28T13:04:41.469+0000][info][gc,cpu         ] GC(1234) User=0.23s Sys=0.00s Real=0.00s
[2024-08-28T13:04:41.492+0000][info][gc,start       ] GC(1235) Pause Young (Mixed) (G1 Evacuation Pause)
[2024-08-28T13:04:41.492+0000][info][gc,task        ] GC(1235) Using 24 workers of 68 for evacuation
[2024-08-28T13:04:41.506+0000][info][gc,phases      ] GC(1235)   Pre Evacuate Collection Set: 0.2ms
[2024-08-28T13:04:41.506+0000][info][gc,phases      ] GC(1235)   Merge Heap Roots: 0.5ms
[2024-08-28T13:04:41.506+0000][info][gc,phases      ] GC(1235)   Evacuate Collection Set: 12.1ms
[2024-08-28T13:04:41.506+0000][info][gc,phases      ] GC(1235)   Post Evacuate Collection Set: 0.5ms
[2024-08-28T13:04:41.506+0000][info][gc,phases      ] GC(1235)   Other: 0.2ms
[2024-08-28T13:04:41.506+0000][info][gc,heap        ] GC(1235) Eden regions: 44->0(44)
[2024-08-28T13:04:41.506+0000][info][gc,heap        ] GC(1235) Survivor regions: 7->7(7)
[2024-08-28T13:04:41.506+0000][info][gc,heap        ] GC(1235) Old regions: 836->795
[2024-08-28T13:04:41.506+0000][info][gc,heap        ] GC(1235) Archive regions: 2->2
[2024-08-28T13:04:41.506+0000][info][gc,heap        ] GC(1235) Humongous regions: 5->5
[2024-08-28T13:04:41.506+0000][info][gc,metaspace   ] GC(1235) Metaspace: 100K(320K)->100K(320K) NonClass: 96K(192K)->96K(192K) Class: 4K(128K)->4K(128K)
[2024-08-28T13:04:41.506+0000][info][gc             ] GC(1235) Pause Young (Mixed) (G1 Evacuation Pause) 892M->807M(1024M) 13.530ms
[2024-08-28T13:04:41.506+0000][info][gc,cpu         ] GC(1235) User=0.30s Sys=0.00s Real=0.01s
[2024-08-28T13:04:41.530+0000][info][gc,start       ] GC(1236) Pause Young (Mixed) (G1 Evacuation Pause)
[2024-08-28T13:04:41.530+0000][info][gc,task        ] GC(1236) Using 24 workers of 68 for evacuation
[2024-08-28T13:04:41.543+0000][info][gc,phases      ] GC(1236)   Pre Evacuate Collection Set: 0.2ms
[2024-08-28T13:04:41.543+0000][info][gc,phases      ] GC(1236)   Merge Heap Roots: 0.3ms
[2024-08-28T13:04:41.543+0000][info][gc,phases      ] GC(1236)   Evacuate Collection Set: 12.2ms
[2024-08-28T13:04:41.543+0000][info][gc,phases      ] GC(1236)   Post Evacuate Collection Set: 0.3ms
[2024-08-28T13:04:41.543+0000][info][gc,phases      ] GC(1236)   Other: 0.2ms
[2024-08-28T13:04:41.543+0000][info][gc,heap        ] GC(1236) Eden regions: 44->0(44)
[2024-08-28T13:04:41.543+0000][info][gc,heap        ] GC(1236) Survivor regions: 7->7(7)
[2024-08-28T13:04:41.543+0000][info][gc,heap        ] GC(1236) Old regions: 795->818
[2024-08-28T13:04:41.543+0000][info][gc,heap        ] GC(1236) Archive regions: 2->2
[2024-08-28T13:04:41.543+0000][info][gc,heap        ] GC(1236) Humongous regions: 5->5
[2024-08-28T13:04:41.543+0000][info][gc,metaspace   ] GC(1236) Metaspace: 100K(320K)->100K(320K) NonClass: 96K(192K)->96K(192K) Class: 4K(128K)->4K(128K)
[2024-08-28T13:04:41.543+0000][info][gc             ] GC(1236) Pause Young (Mixed) (G1 Evacuation Pause) 851M->830M(1024M) 13.363ms
[2024-08-28T13:04:41.543+0000][info][gc,cpu         ] GC(1236) User=0.30s Sys=0.00s Real=0.01s
[2024-08-28T13:04:41.567+0000][info][gc,start       ] GC(1237) Pause Young (Concurrent Start) (G1 Evacuation Pause)
[2024-08-28T13:04:41.567+0000][info][gc,task        ] GC(1237) Using 24 workers of 68 for evacuation
[2024-08-28T13:04:41.578+0000][info][gc,phases      ] GC(1237)   Pre Evacuate Collection Set: 0.2ms
[2024-08-28T13:04:41.578+0000][info][gc,phases      ] GC(1237)   Merge Heap Roots: 0.3ms
[2024-08-28T13:04:41.578+0000][info][gc,phases      ] GC(1237)   Evacuate Collection Set: 10.3ms
[2024-08-28T13:04:41.578+0000][info][gc,phases      ] GC(1237)   Post Evacuate Collection Set: 0.3ms
[2024-08-28T13:04:41.578+0000][info][gc,phases      ] GC(1237)   Other: 0.6ms
[2024-08-28T13:04:41.578+0000][info][gc,heap        ] GC(1237) Eden regions: 44->0(44)
[2024-08-28T13:04:41.578+0000][info][gc,heap        ] GC(1237) Survivor regions: 7->7(7)
[2024-08-28T13:04:41.578+0000][info][gc,heap        ] GC(1237) Old regions: 818->867
[2024-08-28T13:04:41.578+0000][info][gc,heap        ] GC(1237) Archive regions: 2->2
[2024-08-28T13:04:41.578+0000][info][gc,heap        ] GC(1237) Humongous regions: 5->5
[2024-08-28T13:04:41.578+0000][info][gc,metaspace   ] GC(1237) Metaspace: 100K(320K)->100K(320K) NonClass: 96K(192K)->96K(192K) Class: 4K(128K)->4K(128K)
[2024-08-28T13:04:41.578+0000][info][gc             ] GC(1237) Pause Young (Concurrent Start) (G1 Evacuation Pause) 874M->879M(1024M) 11.740ms
[2024-08-28T13:04:41.578+0000][info][gc,cpu         ] GC(1237) User=0.25s Sys=0.00s Real=0.02s
[2024-08-28T13:04:41.579+0000][info][gc             ] GC(1238) Concurrent Mark Cycle
[2024-08-28T13:04:41.579+0000][info][gc,marking     ] GC(1238) Concurrent Clear Claimed Marks
[2024-08-28T13:04:41.579+0000][info][gc,marking     ] GC(1238) Concurrent Clear Claimed Marks 0.012ms
[2024-08-28T13:04:41.579+0000][info][gc,marking     ] GC(1238) Concurrent Scan Root Regions
[2024-08-28T13:04:41.580+0000][info][gc,marking     ] GC(1238) Concurrent Scan Root Regions 1.757ms
[2024-08-28T13:04:41.580+0000][info][gc,marking     ] GC(1238) Concurrent Mark
[2024-08-28T13:04:41.580+0000][info][gc,marking     ] GC(1238) Concurrent Mark From Roots
[2024-08-28T13:04:41.580+0000][info][gc,task        ] GC(1238) Using 17 workers of 17 for marking
[2024-08-28T13:04:41.604+0000][info][gc,marking     ] GC(1238) Concurrent Mark From Roots 23.969ms
[2024-08-28T13:04:41.604+0000][info][gc,marking     ] GC(1238) Concurrent Preclean
[2024-08-28T13:04:41.605+0000][info][gc,marking     ] GC(1238) Concurrent Preclean 0.502ms
[2024-08-28T13:04:41.605+0000][info][gc,start       ] GC(1238) Pause Remark
[2024-08-28T13:04:41.607+0000][info][gc             ] GC(1238) Pause Remark 915M->915M(1024M) 1.400ms
[2024-08-28T13:04:41.607+0000][info][gc,cpu         ] GC(1238) User=0.00s Sys=0.00s Real=0.00s
[2024-08-28T13:04:41.607+0000][info][gc,marking     ] GC(1238) Concurrent Mark 26.214ms
[2024-08-28T13:04:41.607+0000][info][gc,marking     ] GC(1238) Concurrent Rebuild Remembered Sets
[2024-08-28T13:04:41.611+0000][info][gc,start       ] GC(1239) Pause Young (Normal) (G1 Evacuation Pause)
[2024-08-28T13:04:41.611+0000][info][gc,task        ] GC(1239) Using 24 workers of 68 for evacuation
[2024-08-28T13:04:41.622+0000][info][gc,phases      ] GC(1239)   Pre Evacuate Collection Set: 0.2ms
[2024-08-28T13:04:41.622+0000][info][gc,phases      ] GC(1239)   Merge Heap Roots: 0.4ms
[2024-08-28T13:04:41.622+0000][info][gc,phases      ] GC(1239)   Evacuate Collection Set: 9.6ms
[2024-08-28T13:04:41.622+0000][info][gc,phases      ] GC(1239)   Post Evacuate Collection Set: 0.4ms
[2024-08-28T13:04:41.622+0000][info][gc,phases      ] GC(1239)   Other: 0.2ms
[2024-08-28T13:04:41.622+0000][info][gc,heap        ] GC(1239) Eden regions: 44->0(44)
[2024-08-28T13:04:41.622+0000][info][gc,heap        ] GC(1239) Survivor regions: 7->7(7)
[2024-08-28T13:04:41.622+0000][info][gc,heap        ] GC(1239) Old regions: 867->914
[2024-08-28T13:04:41.622+0000][info][gc,heap        ] GC(1239) Archive regions: 2->2
[2024-08-28T13:04:41.622+0000][info][gc,heap        ] GC(1239) Humongous regions: 5->5
[2024-08-28T13:04:41.622+0000][info][gc,metaspace   ] GC(1239) Metaspace: 100K(320K)->100K(320K) NonClass: 96K(192K)->96K(192K) Class: 4K(128K)->4K(128K)
[2024-08-28T13:04:41.622+0000][info][gc             ] GC(1239) Pause Young (Normal) (G1 Evacuation Pause) 923M->926M(1024M) 10.815ms
[2024-08-28T13:04:41.622+0000][info][gc,cpu         ] GC(1239) User=0.24s Sys=0.00s Real=0.01s
[2024-08-28T13:04:41.644+0000][info][gc,start       ] GC(1240) Pause Young (Normal) (G1 Preventive Collection)
[2024-08-28T13:04:41.644+0000][info][gc,task        ] GC(1240) Using 24 workers of 68 for evacuation
[2024-08-28T13:04:41.658+0000][info][gc,phases      ] GC(1240)   Pre Evacuate Collection Set: 0.2ms
[2024-08-28T13:04:41.658+0000][info][gc,phases      ] GC(1240)   Merge Heap Roots: 0.3ms
[2024-08-28T13:04:41.658+0000][info][gc,phases      ] GC(1240)   Evacuate Collection Set: 13.2ms
[2024-08-28T13:04:41.658+0000][info][gc,phases      ] GC(1240)   Post Evacuate Collection Set: 0.5ms
[2024-08-28T13:04:41.658+0000][info][gc,phases      ] GC(1240)   Other: 0.2ms
[2024-08-28T13:04:41.658+0000][info][gc,heap        ] GC(1240) Eden regions: 42->0(44)
[2024-08-28T13:04:41.658+0000][info][gc,heap        ] GC(1240) Survivor regions: 7->7(7)
[2024-08-28T13:04:41.658+0000][info][gc,heap        ] GC(1240) Old regions: 914->959
[2024-08-28T13:04:41.658+0000][info][gc,heap        ] GC(1240) Archive regions: 2->2
[2024-08-28T13:04:41.658+0000][info][gc,heap        ] GC(1240) Humongous regions: 5->5
[2024-08-28T13:04:41.658+0000][info][gc,metaspace   ] GC(1240) Metaspace: 100K(320K)->100K(320K) NonClass: 96K(192K)->96K(192K) Class: 4K(128K)->4K(128K)
[2024-08-28T13:04:41.658+0000][info][gc             ] GC(1240) Pause Young (Normal) (G1 Preventive Collection) 968M->971M(1024M) 14.498ms
[2024-08-28T13:04:41.658+0000][info][gc,cpu         ] GC(1240) User=0.32s Sys=0.00s Real=0.02s
[2024-08-28T13:04:41.669+0000][info][gc,start       ] GC(1241) Pause Young (Normal) (G1 Preventive Collection)
[2024-08-28T13:04:41.669+0000][info][gc,task        ] GC(1241) Using 24 workers of 68 for evacuation
[2024-08-28T13:04:41.682+0000][info][gc             ] GC(1241) To-space exhausted
[2024-08-28T13:04:41.682+0000][info][gc,phases      ] GC(1241)   Pre Evacuate Collection Set: 0.2ms
[2024-08-28T13:04:41.682+0000][info][gc,phases      ] GC(1241)   Merge Heap Roots: 0.6ms
[2024-08-28T13:04:41.682+0000][info][gc,phases      ] GC(1241)   Evacuate Collection Set: 10.7ms
[2024-08-28T13:04:41.682+0000][info][gc,phases      ] GC(1241)   Post Evacuate Collection Set: 0.9ms
[2024-08-28T13:04:41.682+0000][info][gc,phases      ] GC(1241)   Other: 0.2ms
[2024-08-28T13:04:41.682+0000][info][gc,heap        ] GC(1241) Eden regions: 21->0(44)
[2024-08-28T13:04:41.682+0000][info][gc,heap        ] GC(1241) Survivor regions: 7->7(7)
[2024-08-28T13:04:41.682+0000][info][gc,heap        ] GC(1241) Old regions: 959->1004
[2024-08-28T13:04:41.682+0000][info][gc,heap        ] GC(1241) Archive regions: 2->2
[2024-08-28T13:04:41.682+0000][info][gc,heap        ] GC(1241) Humongous regions: 5->5
[2024-08-28T13:04:41.682+0000][info][gc,metaspace   ] GC(1241) Metaspace: 100K(320K)->100K(320K) NonClass: 96K(192K)->96K(192K) Class: 4K(128K)->4K(128K)
[2024-08-28T13:04:41.682+0000][info][gc             ] GC(1241) Pause Young (Normal) (G1 Preventive Collection) 992M->1016M(1024M) 12.513ms
[2024-08-28T13:04:41.682+0000][info][gc,cpu         ] GC(1241) User=0.28s Sys=0.00s Real=0.02s
[2024-08-28T13:04:41.683+0000][info][gc,start       ] GC(1242) Pause Young (Normal) (G1 Preventive Collection)
[2024-08-28T13:04:41.683+0000][info][gc,task        ] GC(1242) Using 24 workers of 68 for evacuation
[2024-08-28T13:04:41.692+0000][info][gc             ] GC(1242) To-space exhausted
[2024-08-28T13:04:41.692+0000][info][gc,phases      ] GC(1242)   Pre Evacuate Collection Set: 0.1ms
[2024-08-28T13:04:41.692+0000][info][gc,phases      ] GC(1242)   Merge Heap Roots: 0.5ms
[2024-08-28T13:04:41.692+0000][info][gc,phases      ] GC(1242)   Evacuate Collection Set: 7.2ms
[2024-08-28T13:04:41.692+0000][info][gc,phases      ] GC(1242)   Post Evacuate Collection Set: 0.9ms
[2024-08-28T13:04:41.692+0000][info][gc,phases      ] GC(1242)   Other: 0.1ms
[2024-08-28T13:04:41.692+0000][info][gc,heap        ] GC(1242) Eden regions: 1->0(51)
[2024-08-28T13:04:41.692+0000][info][gc,heap        ] GC(1242) Survivor regions: 7->0(5)
[2024-08-28T13:04:41.692+0000][info][gc,heap        ] GC(1242) Old regions: 1004->1017
[2024-08-28T13:04:41.692+0000][info][gc,heap        ] GC(1242) Archive regions: 2->2
[2024-08-28T13:04:41.692+0000][info][gc,heap        ] GC(1242) Humongous regions: 5->5
[2024-08-28T13:04:41.692+0000][info][gc,metaspace   ] GC(1242) Metaspace: 100K(320K)->100K(320K) NonClass: 96K(192K)->96K(192K) Class: 4K(128K)->4K(128K)
[2024-08-28T13:04:41.692+0000][info][gc             ] GC(1242) Pause Young (Normal) (G1 Preventive Collection) 1017M->1022M(1024M) 8.886ms
[2024-08-28T13:04:41.692+0000][info][gc,cpu         ] GC(1242) User=0.20s Sys=0.00s Real=0.01s
[2024-08-28T13:04:41.692+0000][info][gc,ergo        ] Attempting full compaction
[2024-08-28T13:04:41.692+0000][info][gc,task        ] GC(1243) Using 24 workers of 68 for full compaction
[2024-08-28T13:04:41.692+0000][info][gc,start       ] GC(1243) Pause Full (G1 Compaction Pause)
[2024-08-28T13:04:41.693+0000][info][gc,phases,start] GC(1243) Phase 1: Mark live objects
[2024-08-28T13:04:41.708+0000][info][gc,phases      ] GC(1243) Phase 1: Mark live objects 15.299ms
[2024-08-28T13:04:41.708+0000][info][gc,phases,start] GC(1243) Phase 2: Prepare for compaction
[2024-08-28T13:04:41.717+0000][info][gc,phases      ] GC(1243) Phase 2: Prepare for compaction 9.256ms
[2024-08-28T13:04:41.717+0000][info][gc,phases,start] GC(1243) Phase 3: Adjust pointers
[2024-08-28T13:04:41.735+0000][info][gc,phases      ] GC(1243) Phase 3: Adjust pointers 17.708ms
[2024-08-28T13:04:41.735+0000][info][gc,phases,start] GC(1243) Phase 4: Compact heap
[2024-08-28T13:04:41.766+0000][info][gc,phases      ] GC(1243) Phase 4: Compact heap 30.802ms
[2024-08-28T13:04:41.767+0000][info][gc,heap        ] GC(1243) Eden regions: 0->0(150)
[2024-08-28T13:04:41.767+0000][info][gc,heap        ] GC(1243) Survivor regions: 0->0(5)
[2024-08-28T13:04:41.767+0000][info][gc,heap        ] GC(1243) Old regions: 1017->441
[2024-08-28T13:04:41.767+0000][info][gc,heap        ] GC(1243) Archive regions: 2->2
[2024-08-28T13:04:41.767+0000][info][gc,heap        ] GC(1243) Humongous regions: 5->5
[2024-08-28T13:04:41.767+0000][info][gc,metaspace   ] GC(1243) Metaspace: 100K(320K)->100K(320K) NonClass: 96K(192K)->96K(192K) Class: 4K(128K)->4K(128K)
[2024-08-28T13:04:41.767+0000][info][gc             ] GC(1243) Pause Full (G1 Compaction Pause) 1022M->435M(1024M) 75.300ms
[2024-08-28T13:04:41.767+0000][info][gc,cpu         ] GC(1243) User=1.57s Sys=0.00s Real=0.07s
[2024-08-28T13:04:41.768+0000][info][gc,marking     ] GC(1238) Concurrent Rebuild Remembered Sets 161.083ms
[2024-08-28T13:04:41.768+0000][info][gc,marking     ] GC(1238) Concurrent Mark Abort
[2024-08-28T13:04:41.768+0000][info][gc             ] GC(1238) Concurrent Mark Cycle 189.236ms
[2024-08-28T13:04:41.855+0000][info][gc,start       ] GC(1244) Pause Young (Normal) (G1 Evacuation Pause)
[2024-08-28T13:04:41.856+0000][info][gc,task        ] GC(1244) Using 24 workers of 68 for evacuation
[2024-08-28T13:04:41.878+0000][info][gc,phases      ] GC(1244)   Pre Evacuate Collection Set: 0.2ms
[2024-08-28T13:04:41.878+0000][info][gc,phases      ] GC(1244)   Merge Heap Roots: 0.4ms
[2024-08-28T13:04:41.878+0000][info][gc,phases      ] GC(1244)   Evacuate Collection Set: 21.8ms
[2024-08-28T13:04:41.878+0000][info][gc,phases      ] GC(1244)   Post Evacuate Collection Set: 0.3ms
[2024-08-28T13:04:41.878+0000][info][gc,phases      ] GC(1244)   Other: 0.2ms
[2024-08-28T13:04:41.878+0000][info][gc,heap        ] GC(1244) Eden regions: 150->0(104)
[2024-08-28T13:04:41.878+0000][info][gc,heap        ] GC(1244) Survivor regions: 0->19(19)
[2024-08-28T13:04:41.878+0000][info][gc,heap        ] GC(1244) Old regions: 441->568
[2024-08-28T13:04:41.878+0000][info][gc,heap        ] GC(1244) Archive regions: 2->2
[2024-08-28T13:04:41.878+0000][info][gc,heap        ] GC(1244) Humongous regions: 5->5
[2024-08-28T13:04:41.878+0000][info][gc,metaspace   ] GC(1244) Metaspace: 100K(320K)->100K(320K) NonClass: 96K(192K)->96K(192K) Class: 4K(128K)->4K(128K)
[2024-08-28T13:04:41.878+0000][info][gc             ] GC(1244) Pause Young (Normal) (G1 Evacuation Pause) 585M->580M(1024M) 22.976ms
[2024-08-28T13:04:41.879+0000][info][gc,cpu         ] GC(1244) User=0.53s Sys=0.00s Real=0.03s
[2024-08-28T13:04:41.936+0000][info][gc,start       ] GC(1245) Pause Young (Concurrent Start) (G1 Evacuation Pause)
[2024-08-28T13:04:41.936+0000][info][gc,task        ] GC(1245) Using 24 workers of 68 for evacuation
[2024-08-28T13:04:41.956+0000][info][gc,phases      ] GC(1245)   Pre Evacuate Collection Set: 0.2ms
[2024-08-28T13:04:41.956+0000][info][gc,phases      ] GC(1245)   Merge Heap Roots: 0.4ms
[2024-08-28T13:04:41.956+0000][info][gc,phases      ] GC(1245)   Evacuate Collection Set: 19.3ms
[2024-08-28T13:04:41.956+0000][info][gc,phases      ] GC(1245)   Post Evacuate Collection Set: 0.3ms
[2024-08-28T13:04:41.956+0000][info][gc,phases      ] GC(1245)   Other: 0.6ms
[2024-08-28T13:04:41.956+0000][info][gc,heap        ] GC(1245) Eden regions: 104->0(70)
[2024-08-28T13:04:41.956+0000][info][gc,heap        ] GC(1245) Survivor regions: 19->16(16)
[2024-08-28T13:04:41.956+0000][info][gc,heap        ] GC(1245) Old regions: 568->676
[2024-08-28T13:04:41.956+0000][info][gc,heap        ] GC(1245) Archive regions: 2->2
[2024-08-28T13:04:41.956+0000][info][gc,heap        ] GC(1245) Humongous regions: 5->5
[2024-08-28T13:04:41.956+0000][info][gc,metaspace   ] GC(1245) Metaspace: 100K(320K)->100K(320K) NonClass: 96K(192K)->96K(192K) Class: 4K(128K)->4K(128K)
[2024-08-28T13:04:41.956+0000][info][gc             ] GC(1245) Pause Young (Concurrent Start) (G1 Evacuation Pause) 684M->686M(1024M) 20.777ms
[2024-08-28T13:04:41.956+0000][info][gc,cpu         ] GC(1245) User=0.47s Sys=0.00s Real=0.02s
[2024-08-28T13:04:41.956+0000][info][gc             ] GC(1246) Concurrent Mark Cycle
[2024-08-28T13:04:41.957+0000][info][gc,marking     ] GC(1246) Concurrent Clear Claimed Marks
[2024-08-28T13:04:41.957+0000][info][gc,marking     ] GC(1246) Concurrent Clear Claimed Marks 0.009ms
[2024-08-28T13:04:41.957+0000][info][gc,marking     ] GC(1246) Concurrent Scan Root Regions
[2024-08-28T13:04:41.960+0000][info][gc,marking     ] GC(1246) Concurrent Scan Root Regions 3.539ms
[2024-08-28T13:04:41.960+0000][info][gc,marking     ] GC(1246) Concurrent Mark
[2024-08-28T13:04:41.960+0000][info][gc,marking     ] GC(1246) Concurrent Mark From Roots
[2024-08-28T13:04:41.960+0000][info][gc,task        ] GC(1246) Using 17 workers of 17 for marking
[2024-08-28T13:04:41.981+0000][info][gc,marking     ] GC(1246) Concurrent Mark From Roots 20.834ms
[2024-08-28T13:04:41.981+0000][info][gc,marking     ] GC(1246) Concurrent Preclean
[2024-08-28T13:04:41.982+0000][info][gc,marking     ] GC(1246) Concurrent Preclean 0.524ms
[2024-08-28T13:04:41.982+0000][info][gc,start       ] GC(1246) Pause Remark
[2024-08-28T13:04:41.983+0000][info][gc             ] GC(1246) Pause Remark 719M->719M(1024M) 1.125ms
[2024-08-28T13:04:41.983+0000][info][gc,cpu         ] GC(1246) User=0.01s Sys=0.00s Real=0.00s
[2024-08-28T13:04:41.983+0000][info][gc,marking     ] GC(1246) Concurrent Mark 22.795ms
[2024-08-28T13:04:41.983+0000][info][gc,marking     ] GC(1246) Concurrent Rebuild Remembered Sets
[2024-08-28T13:04:42.003+0000][info][gc,start       ] GC(1247) Pause Young (Normal) (G1 Evacuation Pause)
[2024-08-28T13:04:42.003+0000][info][gc,task        ] GC(1247) Using 24 workers of 68 for evacuation
[2024-08-28T13:04:42.020+0000][info][gc,phases      ] GC(1247)   Pre Evacuate Collection Set: 0.1ms
[2024-08-28T13:04:42.020+0000][info][gc,phases      ] GC(1247)   Merge Heap Roots: 0.3ms
[2024-08-28T13:04:42.020+0000][info][gc,phases      ] GC(1247)   Evacuate Collection Set: 15.7ms
[2024-08-28T13:04:42.020+0000][info][gc,phases      ] GC(1247)   Post Evacuate Collection Set: 0.5ms
[2024-08-28T13:04:42.020+0000][info][gc,phases      ] GC(1247)   Other: 0.2ms
[2024-08-28T13:04:42.020+0000][info][gc,heap        ] GC(1247) Eden regions: 70->0(47)
[2024-08-28T13:04:42.020+0000][info][gc,heap        ] GC(1247) Survivor regions: 16->11(11)
[2024-08-28T13:04:42.020+0000][info][gc,heap        ] GC(1247) Old regions: 676->753
[2024-08-28T13:04:42.020+0000][info][gc,heap        ] GC(1247) Archive regions: 2->2
[2024-08-28T13:04:42.020+0000][info][gc,heap        ] GC(1247) Humongous regions: 5->5
[2024-08-28T13:04:42.020+0000][info][gc,metaspace   ] GC(1247) Metaspace: 100K(320K)->100K(320K) NonClass: 96K(192K)->96K(192K) Class: 4K(128K)->4K(128K)
[2024-08-28T13:04:42.020+0000][info][gc             ] GC(1247) Pause Young (Normal) (G1 Evacuation Pause) 756M->758M(1024M) 16.907ms
[2024-08-28T13:04:42.020+0000][info][gc,cpu         ] GC(1247) User=0.39s Sys=0.00s Real=0.02s
[2024-08-28T13:04:42.045+0000][info][gc,start       ] GC(1248) Pause Young (Normal) (G1 Evacuation Pause)
[2024-08-28T13:04:42.045+0000][info][gc,task        ] GC(1248) Using 24 workers of 68 for evacuation
[2024-08-28T13:04:42.065+0000][info][gc,phases      ] GC(1248)   Pre Evacuate Collection Set: 0.1ms
[2024-08-28T13:04:42.065+0000][info][gc,phases      ] GC(1248)   Merge Heap Roots: 0.5ms
[2024-08-28T13:04:42.065+0000][info][gc,phases      ] GC(1248)   Evacuate Collection Set: 18.4ms
[2024-08-28T13:04:42.065+0000][info][gc,phases      ] GC(1248)   Post Evacuate Collection Set: 0.6ms
[2024-08-28T13:04:42.065+0000][info][gc,phases      ] GC(1248)   Other: 0.2ms
[2024-08-28T13:04:42.065+0000][info][gc,heap        ] GC(1248) Eden regions: 47->0(43)
[2024-08-28T13:04:42.065+0000][info][gc,heap        ] GC(1248) Survivor regions: 11->8(8)
[2024-08-28T13:04:42.065+0000][info][gc,heap        ] GC(1248) Old regions: 753->808
[2024-08-28T13:04:42.065+0000][info][gc,heap        ] GC(1248) Archive regions: 2->2
[2024-08-28T13:04:42.065+0000][info][gc,heap        ] GC(1248) Humongous regions: 5->5
[2024-08-28T13:04:42.065+0000][info][gc,metaspace   ] GC(1248) Metaspace: 100K(320K)->100K(320K) NonClass: 96K(192K)->96K(192K) Class: 4K(128K)->4K(128K)
[2024-08-28T13:04:42.065+0000][info][gc             ] GC(1248) Pause Young (Normal) (G1 Evacuation Pause) 805M->810M(1024M) 19.948ms
[2024-08-28T13:04:42.065+0000][info][gc,cpu         ] GC(1248) User=0.46s Sys=0.00s Real=0.02s
[2024-08-28T13:04:42.087+0000][info][gc,marking     ] GC(1246) Concurrent Rebuild Remembered Sets 104.186ms
[2024-08-28T13:04:42.087+0000][info][gc,start       ] GC(1246) Pause Cleanup
[2024-08-28T13:04:42.088+0000][info][gc             ] GC(1246) Pause Cleanup 851M->851M(1024M) 1.114ms
[2024-08-28T13:04:42.089+0000][info][gc,cpu         ] GC(1246) User=0.01s Sys=0.00s Real=0.00s
[2024-08-28T13:04:42.089+0000][info][gc,marking     ] GC(1246) Concurrent Cleanup for Next Mark
[2024-08-28T13:04:42.089+0000][info][gc,marking     ] GC(1246) Concurrent Cleanup for Next Mark 0.743ms
[2024-08-28T13:04:42.089+0000][info][gc             ] GC(1246) Concurrent Mark Cycle 132.824ms
[2024-08-28T13:04:42.091+0000][info][gc,start       ] GC(1249) Pause Young (Prepare Mixed) (G1 Evacuation Pause)
[2024-08-28T13:04:42.091+0000][info][gc,task        ] GC(1249) Using 24 workers of 68 for evacuation
[2024-08-28T13:04:42.105+0000][info][gc,phases      ] GC(1249)   Pre Evacuate Collection Set: 0.1ms
[2024-08-28T13:04:42.105+0000][info][gc,phases      ] GC(1249)   Merge Heap Roots: 0.5ms
[2024-08-28T13:04:42.105+0000][info][gc,phases      ] GC(1249)   Evacuate Collection Set: 13.4ms
[2024-08-28T13:04:42.105+0000][info][gc,phases      ] GC(1249)   Post Evacuate Collection Set: 0.3ms
[2024-08-28T13:04:42.105+0000][info][gc,phases      ] GC(1249)   Other: 0.2ms
[2024-08-28T13:04:42.105+0000][info][gc,heap        ] GC(1249) Eden regions: 43->0(44)
[2024-08-28T13:04:42.105+0000][info][gc,heap        ] GC(1249) Survivor regions: 8->7(7)
[2024-08-28T13:04:42.105+0000][info][gc,heap        ] GC(1249) Old regions: 808->856
[2024-08-28T13:04:42.105+0000][info][gc,heap        ] GC(1249) Archive regions: 2->2
[2024-08-28T13:04:42.105+0000][info][gc,heap        ] GC(1249) Humongous regions: 5->5
[2024-08-28T13:04:42.105+0000][info][gc,metaspace   ] GC(1249) Metaspace: 100K(320K)->100K(320K) NonClass: 96K(192K)->96K(192K) Class: 4K(128K)->4K(128K)
[2024-08-28T13:04:42.105+0000][info][gc             ] GC(1249) Pause Young (Prepare Mixed) (G1 Evacuation Pause) 853M->857M(1024M) 14.565ms
[2024-08-28T13:04:42.105+0000][info][gc,cpu         ] GC(1249) User=0.33s Sys=0.00s Real=0.01s
[2024-08-28T13:04:42.130+0000][info][gc,start       ] GC(1250) Pause Young (Mixed) (G1 Evacuation Pause)
[2024-08-28T13:04:42.131+0000][info][gc,task        ] GC(1250) Using 24 workers of 68 for evacuation
[2024-08-28T13:04:42.142+0000][info][gc,phases      ] GC(1250)   Pre Evacuate Collection Set: 0.2ms
[2024-08-28T13:04:42.142+0000][info][gc,phases      ] GC(1250)   Merge Heap Roots: 0.3ms
[2024-08-28T13:04:42.142+0000][info][gc,phases      ] GC(1250)   Evacuate Collection Set: 10.8ms
[2024-08-28T13:04:42.142+0000][info][gc,phases      ] GC(1250)   Post Evacuate Collection Set: 0.4ms
[2024-08-28T13:04:42.142+0000][info][gc,phases      ] GC(1250)   Other: 0.2ms
[2024-08-28T13:04:42.142+0000][info][gc,heap        ] GC(1250) Eden regions: 44->0(44)
[2024-08-28T13:04:42.142+0000][info][gc,heap        ] GC(1250) Survivor regions: 7->7(7)
[2024-08-28T13:04:42.142+0000][info][gc,heap        ] GC(1250) Old regions: 856->800
[2024-08-28T13:04:42.142+0000][info][gc,heap        ] GC(1250) Archive regions: 2->2
[2024-08-28T13:04:42.142+0000][info][gc,heap        ] GC(1250) Humongous regions: 5->5
[2024-08-28T13:04:42.142+0000][info][gc,metaspace   ] GC(1250) Metaspace: 100K(320K)->100K(320K) NonClass: 96K(192K)->96K(192K) Class: 4K(128K)->4K(128K)
[2024-08-28T13:04:42.142+0000][info][gc             ] GC(1250) Pause Young (Mixed) (G1 Evacuation Pause) 901M->808M(1024M) 11.961ms
[2024-08-28T13:04:42.142+0000][info][gc,cpu         ] GC(1250) User=0.27s Sys=0.00s Real=0.01s
[2024-08-28T13:04:42.166+0000][info][gc,start       ] GC(1251) Pause Young (Mixed) (G1 Evacuation Pause)
[2024-08-28T13:04:42.166+0000][info][gc,task        ] GC(1251) Using 24 workers of 68 for evacuation
[2024-08-28T13:04:42.179+0000][info][gc,phases      ] GC(1251)   Pre Evacuate Collection Set: 0.2ms
[2024-08-28T13:04:42.179+0000][info][gc,phases      ] GC(1251)   Merge Heap Roots: 0.5ms
[2024-08-28T13:04:42.179+0000][info][gc,phases      ] GC(1251)   Evacuate Collection Set: 11.5ms
[2024-08-28T13:04:42.179+0000][info][gc,phases      ] GC(1251)   Post Evacuate Collection Set: 0.4ms
[2024-08-28T13:04:42.179+0000][info][gc,phases      ] GC(1251)   Other: 0.3ms
[2024-08-28T13:04:42.179+0000][info][gc,heap        ] GC(1251) Eden regions: 44->0(48)
[2024-08-28T13:04:42.179+0000][info][gc,heap        ] GC(1251) Survivor regions: 7->7(7)
[2024-08-28T13:04:42.179+0000][info][gc,heap        ] GC(1251) Old regions: 800->754
[2024-08-28T13:04:42.179+0000][info][gc,heap        ] GC(1251) Archive regions: 2->2
[2024-08-28T13:04:42.179+0000][info][gc,heap        ] GC(1251) Humongous regions: 5->5
[2024-08-28T13:04:42.179+0000][info][gc,metaspace   ] GC(1251) Metaspace: 100K(320K)->100K(320K) NonClass: 96K(192K)->96K(192K) Class: 4K(128K)->4K(128K)
[2024-08-28T13:04:42.179+0000][info][gc             ] GC(1251) Pause Young (Mixed) (G1 Evacuation Pause) 852M->765M(1024M) 12.892ms
[2024-08-28T13:04:42.179+0000][info][gc,cpu         ] GC(1251) User=0.29s Sys=0.00s Real=0.02s
[2024-08-28T13:04:42.204+0000][info][gc,start       ] GC(1252) Pause Young (Concurrent Start) (G1 Evacuation Pause)
[2024-08-28T13:04:42.205+0000][info][gc,task        ] GC(1252) Using 24 workers of 68 for evacuation
[2024-08-28T13:04:42.216+0000][info][gc,phases      ] GC(1252)   Pre Evacuate Collection Set: 0.2ms
[2024-08-28T13:04:42.216+0000][info][gc,phases      ] GC(1252)   Merge Heap Roots: 0.4ms
[2024-08-28T13:04:42.216+0000][info][gc,phases      ] GC(1252)   Evacuate Collection Set: 10.6ms
[2024-08-28T13:04:42.216+0000][info][gc,phases      ] GC(1252)   Post Evacuate Collection Set: 0.3ms
[2024-08-28T13:04:42.216+0000][info][gc,phases      ] GC(1252)   Other: 0.6ms
[2024-08-28T13:04:42.216+0000][info][gc,heap        ] GC(1252) Eden regions: 48->0(44)
[2024-08-28T13:04:42.217+0000][info][gc,heap        ] GC(1252) Survivor regions: 7->7(7)
[2024-08-28T13:04:42.217+0000][info][gc,heap        ] GC(1252) Old regions: 754->804
[2024-08-28T13:04:42.217+0000][info][gc,heap        ] GC(1252) Archive regions: 2->2
[2024-08-28T13:04:42.217+0000][info][gc,heap        ] GC(1252) Humongous regions: 5->5
[2024-08-28T13:04:42.217+0000][info][gc,metaspace   ] GC(1252) Metaspace: 100K(320K)->100K(320K) NonClass: 96K(192K)->96K(192K) Class: 4K(128K)->4K(128K)
[2024-08-28T13:04:42.217+0000][info][gc             ] GC(1252) Pause Young (Concurrent Start) (G1 Evacuation Pause) 813M->815M(1024M) 12.111ms
[2024-08-28T13:04:42.217+0000][info][gc,cpu         ] GC(1252) User=0.25s Sys=0.01s Real=0.01s
[2024-08-28T13:04:42.217+0000][info][gc             ] GC(1253) Concurrent Mark Cycle
[2024-08-28T13:04:42.217+0000][info][gc,marking     ] GC(1253) Concurrent Clear Claimed Marks
[2024-08-28T13:04:42.217+0000][info][gc,marking     ] GC(1253) Concurrent Clear Claimed Marks 0.009ms
[2024-08-28T13:04:42.217+0000][info][gc,marking     ] GC(1253) Concurrent Scan Root Regions
[2024-08-28T13:04:42.219+0000][info][gc,marking     ] GC(1253) Concurrent Scan Root Regions 1.821ms
[2024-08-28T13:04:42.219+0000][info][gc,marking     ] GC(1253) Concurrent Mark
[2024-08-28T13:04:42.219+0000][info][gc,marking     ] GC(1253) Concurrent Mark From Roots
[2024-08-28T13:04:42.219+0000][info][gc,task        ] GC(1253) Using 17 workers of 17 for marking
[2024-08-28T13:04:42.242+0000][info][gc,marking     ] GC(1253) Concurrent Mark From Roots 23.610ms
[2024-08-28T13:04:42.242+0000][info][gc,marking     ] GC(1253) Concurrent Preclean
[2024-08-28T13:04:42.243+0000][info][gc,marking     ] GC(1253) Concurrent Preclean 0.502ms
[2024-08-28T13:04:42.243+0000][info][gc,start       ] GC(1253) Pause Remark
[2024-08-28T13:04:42.244+0000][info][gc             ] GC(1253) Pause Remark 851M->851M(1024M) 1.391ms
[2024-08-28T13:04:42.244+0000][info][gc,cpu         ] GC(1253) User=0.01s Sys=0.00s Real=0.00s
[2024-08-28T13:04:42.244+0000][info][gc,marking     ] GC(1253) Concurrent Mark 25.828ms
[2024-08-28T13:04:42.244+0000][info][gc,marking     ] GC(1253) Concurrent Rebuild Remembered Sets
[2024-08-28T13:04:42.249+0000][info][gc,start       ] GC(1254) Pause Young (Normal) (G1 Evacuation Pause)
[2024-08-28T13:04:42.249+0000][info][gc,task        ] GC(1254) Using 24 workers of 68 for evacuation
[2024-08-28T13:04:42.260+0000][info][gc,phases      ] GC(1254)   Pre Evacuate Collection Set: 0.2ms
[2024-08-28T13:04:42.260+0000][info][gc,phases      ] GC(1254)   Merge Heap Roots: 0.4ms
[2024-08-28T13:04:42.260+0000][info][gc,phases      ] GC(1254)   Evacuate Collection Set: 9.6ms
[2024-08-28T13:04:42.260+0000][info][gc,phases      ] GC(1254)   Post Evacuate Collection Set: 0.4ms
[2024-08-28T13:04:42.260+0000][info][gc,phases      ] GC(1254)   Other: 0.2ms
[2024-08-28T13:04:42.260+0000][info][gc,heap        ] GC(1254) Eden regions: 44->0(44)
[2024-08-28T13:04:42.260+0000][info][gc,heap        ] GC(1254) Survivor regions: 7->7(7)
[2024-08-28T13:04:42.260+0000][info][gc,heap        ] GC(1254) Old regions: 804->851
[2024-08-28T13:04:42.260+0000][info][gc,heap        ] GC(1254) Archive regions: 2->2
[2024-08-28T13:04:42.260+0000][info][gc,heap        ] GC(1254) Humongous regions: 5->5
[2024-08-28T13:04:42.260+0000][info][gc,metaspace   ] GC(1254) Metaspace: 100K(320K)->100K(320K) NonClass: 96K(192K)->96K(192K) Class: 4K(128K)->4K(128K)
[2024-08-28T13:04:42.260+0000][info][gc             ] GC(1254) Pause Young (Normal) (G1 Evacuation Pause) 859M->862M(1024M) 10.805ms
[2024-08-28T13:04:42.260+0000][info][gc,cpu         ] GC(1254) User=0.24s Sys=0.00s Real=0.02s
[2024-08-28T13:04:42.283+0000][info][gc,start       ] GC(1255) Pause Young (Normal) (G1 Evacuation Pause)
[2024-08-28T13:04:42.283+0000][info][gc,task        ] GC(1255) Using 24 workers of 68 for evacuation
[2024-08-28T13:04:42.298+0000][info][gc,phases      ] GC(1255)   Pre Evacuate Collection Set: 0.1ms
[2024-08-28T13:04:42.298+0000][info][gc,phases      ] GC(1255)   Merge Heap Roots: 0.4ms
[2024-08-28T13:04:42.298+0000][info][gc,phases      ] GC(1255)   Evacuate Collection Set: 13.3ms
[2024-08-28T13:04:42.298+0000][info][gc,phases      ] GC(1255)   Post Evacuate Collection Set: 0.5ms
[2024-08-28T13:04:42.298+0000][info][gc,phases      ] GC(1255)   Other: 0.2ms
[2024-08-28T13:04:42.298+0000][info][gc,heap        ] GC(1255) Eden regions: 44->0(44)
[2024-08-28T13:04:42.298+0000][info][gc,heap        ] GC(1255) Survivor regions: 7->7(7)
[2024-08-28T13:04:42.298+0000][info][gc,heap        ] GC(1255) Old regions: 851->898
[2024-08-28T13:04:42.298+0000][info][gc,heap        ] GC(1255) Archive regions: 2->2
[2024-08-28T13:04:42.298+0000][info][gc,heap        ] GC(1255) Humongous regions: 5->5
[2024-08-28T13:04:42.298+0000][info][gc,metaspace   ] GC(1255) Metaspace: 100K(320K)->100K(320K) NonClass: 96K(192K)->96K(192K) Class: 4K(128K)->4K(128K)
[2024-08-28T13:04:42.298+0000][info][gc             ] GC(1255) Pause Young (Normal) (G1 Evacuation Pause) 906M->908M(1024M) 14.736ms
[2024-08-28T13:04:42.298+0000][info][gc,cpu         ] GC(1255) User=0.34s Sys=0.00s Real=0.02s
[2024-08-28T13:04:42.322+0000][info][gc,start       ] GC(1256) Pause Young (Normal) (G1 Evacuation Pause)
[2024-08-28T13:04:42.322+0000][info][gc,task        ] GC(1256) Using 24 workers of 68 for evacuation
[2024-08-28T13:04:42.335+0000][info][gc,phases      ] GC(1256)   Pre Evacuate Collection Set: 0.1ms
[2024-08-28T13:04:42.335+0000][info][gc,phases      ] GC(1256)   Merge Heap Roots: 0.5ms
[2024-08-28T13:04:42.335+0000][info][gc,phases      ] GC(1256)   Evacuate Collection Set: 12.3ms
[2024-08-28T13:04:42.335+0000][info][gc,phases      ] GC(1256)   Post Evacuate Collection Set: 0.5ms
[2024-08-28T13:04:42.335+0000][info][gc,phases      ] GC(1256)   Other: 0.2ms
[2024-08-28T13:04:42.335+0000][info][gc,heap        ] GC(1256) Eden regions: 44->0(44)
[2024-08-28T13:04:42.335+0000][info][gc,heap        ] GC(1256) Survivor regions: 7->7(7)
[2024-08-28T13:04:42.335+0000][info][gc,heap        ] GC(1256) Old regions: 898->944
[2024-08-28T13:04:42.335+0000][info][gc,heap        ] GC(1256) Archive regions: 2->2
[2024-08-28T13:04:42.335+0000][info][gc,heap        ] GC(1256) Humongous regions: 5->5
[2024-08-28T13:04:42.335+0000][info][gc,metaspace   ] GC(1256) Metaspace: 100K(320K)->100K(320K) NonClass: 96K(192K)->96K(192K) Class: 4K(128K)->4K(128K)
[2024-08-28T13:04:42.335+0000][info][gc             ] GC(1256) Pause Young (Normal) (G1 Evacuation Pause) 952M->954M(1024M) 13.772ms
[2024-08-28T13:04:42.335+0000][info][gc,cpu         ] GC(1256) User=0.31s Sys=0.00s Real=0.01s
[2024-08-28T13:04:42.351+0000][info][gc,start       ] GC(1257) Pause Young (Normal) (G1 Preventive Collection)
[2024-08-28T13:04:42.351+0000][info][gc,task        ] GC(1257) Using 24 workers of 68 for evacuation
[2024-08-28T13:04:42.363+0000][info][gc,phases      ] GC(1257)   Pre Evacuate Collection Set: 0.1ms
[2024-08-28T13:04:42.363+0000][info][gc,phases      ] GC(1257)   Merge Heap Roots: 0.5ms
[2024-08-28T13:04:42.363+0000][info][gc,phases      ] GC(1257)   Evacuate Collection Set: 10.6ms
[2024-08-28T13:04:42.363+0000][info][gc,phases      ] GC(1257)   Post Evacuate Collection Set: 0.6ms
[2024-08-28T13:04:42.363+0000][info][gc,phases      ] GC(1257)   Other: 0.2ms
[2024-08-28T13:04:42.363+0000][info][gc,heap        ] GC(1257) Eden regions: 28->0(44)
[2024-08-28T13:04:42.363+0000][info][gc,heap        ] GC(1257) Survivor regions: 7->7(7)
[2024-08-28T13:04:42.363+0000][info][gc,heap        ] GC(1257) Old regions: 944->975
[2024-08-28T13:04:42.363+0000][info][gc,heap        ] GC(1257) Archive regions: 2->2
[2024-08-28T13:04:42.363+0000][info][gc,heap        ] GC(1257) Humongous regions: 5->5
[2024-08-28T13:04:42.363+0000][info][gc,metaspace   ] GC(1257) Metaspace: 100K(320K)->100K(320K) NonClass: 96K(192K)->96K(192K) Class: 4K(128K)->4K(128K)
[2024-08-28T13:04:42.363+0000][info][gc             ] GC(1257) Pause Young (Normal) (G1 Preventive Collection) 982M->986M(1024M) 12.063ms
[2024-08-28T13:04:42.363+0000][info][gc,cpu         ] GC(1257) User=0.27s Sys=0.00s Real=0.01s
[2024-08-28T13:04:42.364+0000][info][gc,marking     ] GC(1253) Concurrent Rebuild Remembered Sets 119.126ms
[2024-08-28T13:04:42.364+0000][info][gc,start       ] GC(1253) Pause Cleanup
[2024-08-28T13:04:42.365+0000][info][gc             ] GC(1253) Pause Cleanup 988M->988M(1024M) 1.575ms
[2024-08-28T13:04:42.365+0000][info][gc,cpu         ] GC(1253) User=0.00s Sys=0.00s Real=0.00s
[2024-08-28T13:04:42.365+0000][info][gc,marking     ] GC(1253) Concurrent Cleanup for Next Mark
[2024-08-28T13:04:42.366+0000][info][gc,marking     ] GC(1253) Concurrent Cleanup for Next Mark 0.685ms
[2024-08-28T13:04:42.366+0000][info][gc             ] GC(1253) Concurrent Mark Cycle 149.438ms
[2024-08-28T13:04:42.374+0000][info][gc,start       ] GC(1258) Pause Young (Prepare Mixed) (G1 Preventive Collection)
[2024-08-28T13:04:42.374+0000][info][gc,task        ] GC(1258) Using 24 workers of 68 for evacuation
[2024-08-28T13:04:42.382+0000][info][gc             ] GC(1258) To-space exhausted
[2024-08-28T13:04:42.382+0000][info][gc,phases      ] GC(1258)   Pre Evacuate Collection Set: 0.1ms
[2024-08-28T13:04:42.382+0000][info][gc,phases      ] GC(1258)   Merge Heap Roots: 0.4ms
[2024-08-28T13:04:42.382+0000][info][gc,phases      ] GC(1258)   Evacuate Collection Set: 7.5ms
[2024-08-28T13:04:42.382+0000][info][gc,phases      ] GC(1258)   Post Evacuate Collection Set: 0.6ms
[2024-08-28T13:04:42.382+0000][info][gc,phases      ] GC(1258)   Other: 0.2ms
[2024-08-28T13:04:42.382+0000][info][gc,heap        ] GC(1258) Eden regions: 13->0(44)
[2024-08-28T13:04:42.382+0000][info][gc,heap        ] GC(1258) Survivor regions: 7->7(7)
[2024-08-28T13:04:42.382+0000][info][gc,heap        ] GC(1258) Old regions: 975->1006
[2024-08-28T13:04:42.382+0000][info][gc,heap        ] GC(1258) Archive regions: 2->2
[2024-08-28T13:04:42.382+0000][info][gc,heap        ] GC(1258) Humongous regions: 5->5
[2024-08-28T13:04:42.382+0000][info][gc,metaspace   ] GC(1258) Metaspace: 100K(320K)->100K(320K) NonClass: 96K(192K)->96K(192K) Class: 4K(128K)->4K(128K)
[2024-08-28T13:04:42.382+0000][info][gc             ] GC(1258) Pause Young (Prepare Mixed) (G1 Preventive Collection) 999M->1017M(1024M) 8.791ms
[2024-08-28T13:04:42.383+0000][info][gc,cpu         ] GC(1258) User=0.19s Sys=0.00s Real=0.01s
[2024-08-28T13:04:42.383+0000][info][gc,start       ] GC(1259) Pause Young (Mixed) (G1 Preventive Collection)
[2024-08-28T13:04:42.383+0000][info][gc,task        ] GC(1259) Using 24 workers of 68 for evacuation
[2024-08-28T13:04:42.387+0000][info][gc             ] GC(1259) To-space exhausted
[2024-08-28T13:04:42.387+0000][info][gc,phases      ] GC(1259)   Pre Evacuate Collection Set: 0.1ms
[2024-08-28T13:04:42.387+0000][info][gc,phases      ] GC(1259)   Merge Heap Roots: 0.3ms
[2024-08-28T13:04:42.387+0000][info][gc,phases      ] GC(1259)   Evacuate Collection Set: 2.4ms
[2024-08-28T13:04:42.387+0000][info][gc,phases      ] GC(1259)   Post Evacuate Collection Set: 0.7ms
[2024-08-28T13:04:42.387+0000][info][gc,phases      ] GC(1259)   Other: 0.1ms
[2024-08-28T13:04:42.387+0000][info][gc,heap        ] GC(1259) Eden regions: 1->0(50)
[2024-08-28T13:04:42.387+0000][info][gc,heap        ] GC(1259) Survivor regions: 7->1(3)
[2024-08-28T13:04:42.387+0000][info][gc,heap        ] GC(1259) Old regions: 1006->1016
[2024-08-28T13:04:42.387+0000][info][gc,heap        ] GC(1259) Archive regions: 2->2
[2024-08-28T13:04:42.387+0000][info][gc,heap        ] GC(1259) Humongous regions: 5->5
[2024-08-28T13:04:42.387+0000][info][gc,metaspace   ] GC(1259) Metaspace: 100K(320K)->100K(320K) NonClass: 96K(192K)->96K(192K) Class: 4K(128K)->4K(128K)
[2024-08-28T13:04:42.387+0000][info][gc             ] GC(1259) Pause Young (Mixed) (G1 Preventive Collection) 1018M->1021M(1024M) 3.756ms
[2024-08-28T13:04:42.387+0000][info][gc,cpu         ] GC(1259) User=0.07s Sys=0.00s Real=0.00s
[2024-08-28T13:04:42.387+0000][info][gc,ergo        ] Attempting full compaction
[2024-08-28T13:04:42.387+0000][info][gc,task        ] GC(1260) Using 24 workers of 68 for full compaction
[2024-08-28T13:04:42.387+0000][info][gc,start       ] GC(1260) Pause Full (G1 Compaction Pause)
[2024-08-28T13:04:42.387+0000][info][gc,phases,start] GC(1260) Phase 1: Mark live objects
[2024-08-28T13:04:42.403+0000][info][gc,phases      ] GC(1260) Phase 1: Mark live objects 15.351ms
[2024-08-28T13:04:42.403+0000][info][gc,phases,start] GC(1260) Phase 2: Prepare for compaction
[2024-08-28T13:04:42.411+0000][info][gc,phases      ] GC(1260) Phase 2: Prepare for compaction 8.189ms
[2024-08-28T13:04:42.411+0000][info][gc,phases,start] GC(1260) Phase 3: Adjust pointers
[2024-08-28T13:04:42.426+0000][info][gc,phases      ] GC(1260) Phase 3: Adjust pointers 14.992ms
[2024-08-28T13:04:42.426+0000][info][gc,phases,start] GC(1260) Phase 4: Compact heap
[2024-08-28T13:04:42.454+0000][info][gc,phases      ] GC(1260) Phase 4: Compact heap 28.343ms
[2024-08-28T13:04:42.455+0000][info][gc,heap        ] GC(1260) Eden regions: 0->0(149)
[2024-08-28T13:04:42.455+0000][info][gc,heap        ] GC(1260) Survivor regions: 1->0(3)
[2024-08-28T13:04:42.455+0000][info][gc,heap        ] GC(1260) Old regions: 1016->444
[2024-08-28T13:04:42.455+0000][info][gc,heap        ] GC(1260) Archive regions: 2->2
[2024-08-28T13:04:42.455+0000][info][gc,heap        ] GC(1260) Humongous regions: 5->5
[2024-08-28T13:04:42.455+0000][info][gc,metaspace   ] GC(1260) Metaspace: 100K(320K)->100K(320K) NonClass: 96K(192K)->96K(192K) Class: 4K(128K)->4K(128K)
[2024-08-28T13:04:42.455+0000][info][gc             ] GC(1260) Pause Full (G1 Compaction Pause) 1021M->437M(1024M) 68.259ms
[2024-08-28T13:04:42.456+0000][info][gc,cpu         ] GC(1260) User=1.51s Sys=0.00s Real=0.07s
[2024-08-28T13:04:42.543+0000][info][gc,start       ] GC(1261) Pause Young (Normal) (G1 Evacuation Pause)
[2024-08-28T13:04:42.543+0000][info][gc,task        ] GC(1261) Using 24 workers of 68 for evacuation
[2024-08-28T13:04:42.566+0000][info][gc,phases      ] GC(1261)   Pre Evacuate Collection Set: 0.2ms
[2024-08-28T13:04:42.566+0000][info][gc,phases      ] GC(1261)   Merge Heap Roots: 0.4ms
[2024-08-28T13:04:42.566+0000][info][gc,phases      ] GC(1261)   Evacuate Collection Set: 21.7ms
[2024-08-28T13:04:42.566+0000][info][gc,phases      ] GC(1261)   Post Evacuate Collection Set: 0.3ms
[2024-08-28T13:04:42.566+0000][info][gc,phases      ] GC(1261)   Other: 0.2ms
[2024-08-28T13:04:42.566+0000][info][gc,heap        ] GC(1261) Eden regions: 149->0(103)
[2024-08-28T13:04:42.566+0000][info][gc,heap        ] GC(1261) Survivor regions: 0->19(19)
[2024-08-28T13:04:42.566+0000][info][gc,heap        ] GC(1261) Old regions: 444->570
[2024-08-28T13:04:42.566+0000][info][gc,heap        ] GC(1261) Archive regions: 2->2
[2024-08-28T13:04:42.566+0000][info][gc,heap        ] GC(1261) Humongous regions: 5->5
[2024-08-28T13:04:42.566+0000][info][gc,metaspace   ] GC(1261) Metaspace: 100K(320K)->100K(320K) NonClass: 96K(192K)->96K(192K) Class: 4K(128K)->4K(128K)
[2024-08-28T13:04:42.566+0000][info][gc             ] GC(1261) Pause Young (Normal) (G1 Evacuation Pause) 586M->581M(1024M) 22.951ms
[2024-08-28T13:04:42.566+0000][info][gc,cpu         ] GC(1261) User=0.53s Sys=0.00s Real=0.02s
[2024-08-28T13:04:42.623+0000][info][gc,start       ] GC(1262) Pause Young (Concurrent Start) (G1 Evacuation Pause)
[2024-08-28T13:04:42.623+0000][info][gc,task        ] GC(1262) Using 24 workers of 68 for evacuation
[2024-08-28T13:04:42.643+0000][info][gc,phases      ] GC(1262)   Pre Evacuate Collection Set: 0.2ms
[2024-08-28T13:04:42.643+0000][info][gc,phases      ] GC(1262)   Merge Heap Roots: 0.4ms
[2024-08-28T13:04:42.643+0000][info][gc,phases      ] GC(1262)   Evacuate Collection Set: 18.7ms
[2024-08-28T13:04:42.643+0000][info][gc,phases      ] GC(1262)   Post Evacuate Collection Set: 0.3ms
[2024-08-28T13:04:42.643+0000][info][gc,phases      ] GC(1262)   Other: 0.6ms
[2024-08-28T13:04:42.643+0000][info][gc,heap        ] GC(1262) Eden regions: 103->0(70)
[2024-08-28T13:04:42.643+0000][info][gc,heap        ] GC(1262) Survivor regions: 19->16(16)
[2024-08-28T13:04:42.643+0000][info][gc,heap        ] GC(1262) Old regions: 570->675
[2024-08-28T13:04:42.643+0000][info][gc,heap        ] GC(1262) Archive regions: 2->2
[2024-08-28T13:04:42.643+0000][info][gc,heap        ] GC(1262) Humongous regions: 5->5
[2024-08-28T13:04:42.643+0000][info][gc,metaspace   ] GC(1262) Metaspace: 100K(320K)->100K(320K) NonClass: 96K(192K)->96K(192K) Class: 4K(128K)->4K(128K)
[2024-08-28T13:04:42.643+0000][info][gc             ] GC(1262) Pause Young (Concurrent Start) (G1 Evacuation Pause) 684M->684M(1024M) 20.319ms
[2024-08-28T13:04:42.643+0000][info][gc,cpu         ] GC(1262) User=0.46s Sys=0.00s Real=0.02s
[2024-08-28T13:04:42.643+0000][info][gc             ] GC(1263) Concurrent Mark Cycle
[2024-08-28T13:04:42.643+0000][info][gc,marking     ] GC(1263) Concurrent Clear Claimed Marks
[2024-08-28T13:04:42.643+0000][info][gc,marking     ] GC(1263) Concurrent Clear Claimed Marks 0.009ms
[2024-08-28T13:04:42.643+0000][info][gc,marking     ] GC(1263) Concurrent Scan Root Regions
[2024-08-28T13:04:42.647+0000][info][gc,marking     ] GC(1263) Concurrent Scan Root Regions 3.763ms
[2024-08-28T13:04:42.647+0000][info][gc,marking     ] GC(1263) Concurrent Mark
[2024-08-28T13:04:42.647+0000][info][gc,marking     ] GC(1263) Concurrent Mark From Roots
[2024-08-28T13:04:42.647+0000][info][gc,task        ] GC(1263) Using 17 workers of 17 for marking
[2024-08-28T13:04:42.668+0000][info][gc,marking     ] GC(1263) Concurrent Mark From Roots 20.733ms
[2024-08-28T13:04:42.668+0000][info][gc,marking     ] GC(1263) Concurrent Preclean
[2024-08-28T13:04:42.669+0000][info][gc,marking     ] GC(1263) Concurrent Preclean 0.500ms
[2024-08-28T13:04:42.669+0000][info][gc,start       ] GC(1263) Pause Remark
[2024-08-28T13:04:42.670+0000][info][gc             ] GC(1263) Pause Remark 718M->718M(1024M) 1.120ms
[2024-08-28T13:04:42.670+0000][info][gc,cpu         ] GC(1263) User=0.01s Sys=0.00s Real=0.01s
[2024-08-28T13:04:42.670+0000][info][gc,marking     ] GC(1263) Concurrent Mark 22.680ms
[2024-08-28T13:04:42.670+0000][info][gc,marking     ] GC(1263) Concurrent Rebuild Remembered Sets
[2024-08-28T13:04:42.689+0000][info][gc,start       ] GC(1264) Pause Young (Normal) (G1 Evacuation Pause)
[2024-08-28T13:04:42.689+0000][info][gc,task        ] GC(1264) Using 24 workers of 68 for evacuation
[2024-08-28T13:04:42.706+0000][info][gc,phases      ] GC(1264)   Pre Evacuate Collection Set: 0.1ms
[2024-08-28T13:04:42.706+0000][info][gc,phases      ] GC(1264)   Merge Heap Roots: 0.4ms
[2024-08-28T13:04:42.706+0000][info][gc,phases      ] GC(1264)   Evacuate Collection Set: 15.7ms
[2024-08-28T13:04:42.706+0000][info][gc,phases      ] GC(1264)   Post Evacuate Collection Set: 0.5ms
[2024-08-28T13:04:42.706+0000][info][gc,phases      ] GC(1264)   Other: 0.2ms
[2024-08-28T13:04:42.706+0000][info][gc,heap        ] GC(1264) Eden regions: 70->0(47)
[2024-08-28T13:04:42.706+0000][info][gc,heap        ] GC(1264) Survivor regions: 16->11(11)
[2024-08-28T13:04:42.706+0000][info][gc,heap        ] GC(1264) Old regions: 675->753
[2024-08-28T13:04:42.706+0000][info][gc,heap        ] GC(1264) Archive regions: 2->2
[2024-08-28T13:04:42.706+0000][info][gc,heap        ] GC(1264) Humongous regions: 5->5
[2024-08-28T13:04:42.706+0000][info][gc,metaspace   ] GC(1264) Metaspace: 100K(320K)->100K(320K) NonClass: 96K(192K)->96K(192K) Class: 4K(128K)->4K(128K)
[2024-08-28T13:04:42.706+0000][info][gc             ] GC(1264) Pause Young (Normal) (G1 Evacuation Pause) 754M->756M(1024M) 17.014ms
[2024-08-28T13:04:42.706+0000][info][gc,cpu         ] GC(1264) User=0.39s Sys=0.00s Real=0.02s
[2024-08-28T13:04:42.731+0000][info][gc,start       ] GC(1265) Pause Young (Normal) (G1 Evacuation Pause)
[2024-08-28T13:04:42.731+0000][info][gc,task        ] GC(1265) Using 24 workers of 68 for evacuation
[2024-08-28T13:04:42.750+0000][info][gc,phases      ] GC(1265)   Pre Evacuate Collection Set: 0.1ms
[2024-08-28T13:04:42.750+0000][info][gc,phases      ] GC(1265)   Merge Heap Roots: 0.5ms
[2024-08-28T13:04:42.750+0000][info][gc,phases      ] GC(1265)   Evacuate Collection Set: 17.9ms
[2024-08-28T13:04:42.750+0000][info][gc,phases      ] GC(1265)   Post Evacuate Collection Set: 0.6ms
[2024-08-28T13:04:42.750+0000][info][gc,phases      ] GC(1265)   Other: 0.2ms
[2024-08-28T13:04:42.750+0000][info][gc,heap        ] GC(1265) Eden regions: 47->0(43)
[2024-08-28T13:04:42.750+0000][info][gc,heap        ] GC(1265) Survivor regions: 11->8(8)
[2024-08-28T13:04:42.750+0000][info][gc,heap        ] GC(1265) Old regions: 753->807
[2024-08-28T13:04:42.750+0000][info][gc,heap        ] GC(1265) Archive regions: 2->2
[2024-08-28T13:04:42.750+0000][info][gc,heap        ] GC(1265) Humongous regions: 5->5
[2024-08-28T13:04:42.750+0000][info][gc,metaspace   ] GC(1265) Metaspace: 100K(320K)->100K(320K) NonClass: 96K(192K)->96K(192K) Class: 4K(128K)->4K(128K)
[2024-08-28T13:04:42.750+0000][info][gc             ] GC(1265) Pause Young (Normal) (G1 Evacuation Pause) 803M->807M(1024M) 19.392ms
[2024-08-28T13:04:42.750+0000][info][gc,cpu         ] GC(1265) User=0.44s Sys=0.01s Real=0.02s
[2024-08-28T13:04:42.774+0000][info][gc,marking     ] GC(1263) Concurrent Rebuild Remembered Sets 103.772ms
[2024-08-28T13:04:42.774+0000][info][gc,start       ] GC(1263) Pause Cleanup
[2024-08-28T13:04:42.775+0000][info][gc             ] GC(1263) Pause Cleanup 850M->850M(1024M) 1.164ms
[2024-08-28T13:04:42.775+0000][info][gc,cpu         ] GC(1263) User=0.00s Sys=0.00s Real=0.00s
[2024-08-28T13:04:42.775+0000][info][gc,marking     ] GC(1263) Concurrent Cleanup for Next Mark
[2024-08-28T13:04:42.776+0000][info][gc,start       ] GC(1266) Pause Young (Prepare Mixed) (G1 Evacuation Pause)
[2024-08-28T13:04:42.776+0000][info][gc,task        ] GC(1266) Using 24 workers of 68 for evacuation
[2024-08-28T13:04:42.790+0000][info][gc,phases      ] GC(1266)   Pre Evacuate Collection Set: 0.1ms
[2024-08-28T13:04:42.790+0000][info][gc,phases      ] GC(1266)   Merge Heap Roots: 0.5ms
[2024-08-28T13:04:42.790+0000][info][gc,phases      ] GC(1266)   Evacuate Collection Set: 13.5ms
[2024-08-28T13:04:42.790+0000][info][gc,phases      ] GC(1266)   Post Evacuate Collection Set: 0.3ms
[2024-08-28T13:04:42.790+0000][info][gc,phases      ] GC(1266)   Other: 0.1ms
[2024-08-28T13:04:42.790+0000][info][gc,heap        ] GC(1266) Eden regions: 43->0(44)
[2024-08-28T13:04:42.790+0000][info][gc,heap        ] GC(1266) Survivor regions: 8->7(7)
[2024-08-28T13:04:42.790+0000][info][gc,heap        ] GC(1266) Old regions: 807->855
[2024-08-28T13:04:42.790+0000][info][gc,heap        ] GC(1266) Archive regions: 2->2
[2024-08-28T13:04:42.790+0000][info][gc,heap        ] GC(1266) Humongous regions: 5->5
[2024-08-28T13:04:42.790+0000][info][gc,metaspace   ] GC(1266) Metaspace: 100K(320K)->100K(320K) NonClass: 96K(192K)->96K(192K) Class: 4K(128K)->4K(128K)
[2024-08-28T13:04:42.790+0000][info][gc             ] GC(1266) Pause Young (Prepare Mixed) (G1 Evacuation Pause) 850M->855M(1024M) 14.677ms
[2024-08-28T13:04:42.790+0000][info][gc,cpu         ] GC(1266) User=0.34s Sys=0.00s Real=0.02s
[2024-08-28T13:04:42.791+0000][info][gc,marking     ] GC(1263) Concurrent Cleanup for Next Mark 15.634ms
[2024-08-28T13:04:42.791+0000][info][gc             ] GC(1263) Concurrent Mark Cycle 147.471ms
[2024-08-28T13:04:42.815+0000][info][gc,start       ] GC(1267) Pause Young (Mixed) (G1 Evacuation Pause)
[2024-08-28T13:04:42.816+0000][info][gc,task        ] GC(1267) Using 24 workers of 68 for evacuation
[2024-08-28T13:04:42.828+0000][info][gc,phases      ] GC(1267)   Pre Evacuate Collection Set: 0.2ms
[2024-08-28T13:04:42.828+0000][info][gc,phases      ] GC(1267)   Merge Heap Roots: 0.4ms
[2024-08-28T13:04:42.828+0000][info][gc,phases      ] GC(1267)   Evacuate Collection Set: 11.0ms
[2024-08-28T13:04:42.828+0000][info][gc,phases      ] GC(1267)   Post Evacuate Collection Set: 0.4ms
[2024-08-28T13:04:42.828+0000][info][gc,phases      ] GC(1267)   Other: 0.2ms
[2024-08-28T13:04:42.828+0000][info][gc,heap        ] GC(1267) Eden regions: 44->0(44)
[2024-08-28T13:04:42.828+0000][info][gc,heap        ] GC(1267) Survivor regions: 7->7(7)
[2024-08-28T13:04:42.828+0000][info][gc,heap        ] GC(1267) Old regions: 855->800
[2024-08-28T13:04:42.828+0000][info][gc,heap        ] GC(1267) Archive regions: 2->2
[2024-08-28T13:04:42.828+0000][info][gc,heap        ] GC(1267) Humongous regions: 5->5
[2024-08-28T13:04:42.828+0000][info][gc,metaspace   ] GC(1267) Metaspace: 100K(320K)->100K(320K) NonClass: 96K(192K)->96K(192K) Class: 4K(128K)->4K(128K)
[2024-08-28T13:04:42.828+0000][info][gc             ] GC(1267) Pause Young (Mixed) (G1 Evacuation Pause) 899M->799M(1024M) 12.271ms
[2024-08-28T13:04:42.828+0000][info][gc,cpu         ] GC(1267) User=0.27s Sys=0.00s Real=0.01s
[2024-08-28T13:04:42.852+0000][info][gc,start       ] GC(1268) Pause Young (Mixed) (G1 Evacuation Pause)
[2024-08-28T13:04:42.852+0000][info][gc,task        ] GC(1268) Using 24 workers of 68 for evacuation
[2024-08-28T13:04:42.864+0000][info][gc,phases      ] GC(1268)   Pre Evacuate Collection Set: 0.2ms
[2024-08-28T13:04:42.864+0000][info][gc,phases      ] GC(1268)   Merge Heap Roots: 0.4ms
[2024-08-28T13:04:42.864+0000][info][gc,phases      ] GC(1268)   Evacuate Collection Set: 11.1ms
[2024-08-28T13:04:42.864+0000][info][gc,phases      ] GC(1268)   Post Evacuate Collection Set: 0.3ms
[2024-08-28T13:04:42.864+0000][info][gc,phases      ] GC(1268)   Other: 0.2ms
[2024-08-28T13:04:42.864+0000][info][gc,heap        ] GC(1268) Eden regions: 44->0(48)
[2024-08-28T13:04:42.864+0000][info][gc,heap        ] GC(1268) Survivor regions: 7->7(7)
[2024-08-28T13:04:42.864+0000][info][gc,heap        ] GC(1268) Old regions: 800->754
[2024-08-28T13:04:42.864+0000][info][gc,heap        ] GC(1268) Archive regions: 2->2
[2024-08-28T13:04:42.864+0000][info][gc,heap        ] GC(1268) Humongous regions: 5->5
[2024-08-28T13:04:42.864+0000][info][gc,metaspace   ] GC(1268) Metaspace: 100K(320K)->100K(320K) NonClass: 96K(192K)->96K(192K) Class: 4K(128K)->4K(128K)
[2024-08-28T13:04:42.864+0000][info][gc             ] GC(1268) Pause Young (Mixed) (G1 Evacuation Pause) 843M->757M(1024M) 12.376ms
[2024-08-28T13:04:42.864+0000][info][gc,cpu         ] GC(1268) User=0.28s Sys=0.00s Real=0.01s
[2024-08-28T13:04:42.890+0000][info][gc,start       ] GC(1269) Pause Young (Concurrent Start) (G1 Evacuation Pause)
[2024-08-28T13:04:42.890+0000][info][gc,task        ] GC(1269) Using 24 workers of 68 for evacuation
[2024-08-28T13:04:42.902+0000][info][gc,phases      ] GC(1269)   Pre Evacuate Collection Set: 0.2ms
[2024-08-28T13:04:42.902+0000][info][gc,phases      ] GC(1269)   Merge Heap Roots: 0.4ms
[2024-08-28T13:04:42.902+0000][info][gc,phases      ] GC(1269)   Evacuate Collection Set: 10.5ms
[2024-08-28T13:04:42.902+0000][info][gc,phases      ] GC(1269)   Post Evacuate Collection Set: 0.3ms
[2024-08-28T13:04:42.902+0000][info][gc,phases      ] GC(1269)   Other: 0.6ms
[2024-08-28T13:04:42.902+0000][info][gc,heap        ] GC(1269) Eden regions: 48->0(44)
[2024-08-28T13:04:42.902+0000][info][gc,heap        ] GC(1269) Survivor regions: 7->7(7)
[2024-08-28T13:04:42.902+0000][info][gc,heap        ] GC(1269) Old regions: 754->804
[2024-08-28T13:04:42.902+0000][info][gc,heap        ] GC(1269) Archive regions: 2->2
[2024-08-28T13:04:42.902+0000][info][gc,heap        ] GC(1269) Humongous regions: 5->5
[2024-08-28T13:04:42.902+0000][info][gc,metaspace   ] GC(1269) Metaspace: 100K(320K)->100K(320K) NonClass: 96K(192K)->96K(192K) Class: 4K(128K)->4K(128K)
[2024-08-28T13:04:42.902+0000][info][gc             ] GC(1269) Pause Young (Concurrent Start) (G1 Evacuation Pause) 805M->807M(1024M) 11.986ms
[2024-08-28T13:04:42.902+0000][info][gc,cpu         ] GC(1269) User=0.25s Sys=0.00s Real=0.01s
[2024-08-28T13:04:42.902+0000][info][gc             ] GC(1270) Concurrent Mark Cycle
[2024-08-28T13:04:42.902+0000][info][gc,marking     ] GC(1270) Concurrent Clear Claimed Marks
[2024-08-28T13:04:42.902+0000][info][gc,marking     ] GC(1270) Concurrent Clear Claimed Marks 0.013ms
[2024-08-28T13:04:42.902+0000][info][gc,marking     ] GC(1270) Concurrent Scan Root Regions
[2024-08-28T13:04:42.904+0000][info][gc,marking     ] GC(1270) Concurrent Scan Root Regions 1.790ms
[2024-08-28T13:04:42.904+0000][info][gc,marking     ] GC(1270) Concurrent Mark
[2024-08-28T13:04:42.904+0000][info][gc,marking     ] GC(1270) Concurrent Mark From Roots
[2024-08-28T13:04:42.904+0000][info][gc,task        ] GC(1270) Using 17 workers of 17 for marking
[2024-08-28T13:04:42.928+0000][info][gc,marking     ] GC(1270) Concurrent Mark From Roots 24.414ms
[2024-08-28T13:04:42.928+0000][info][gc,marking     ] GC(1270) Concurrent Preclean
[2024-08-28T13:04:42.929+0000][info][gc,marking     ] GC(1270) Concurrent Preclean 0.520ms
[2024-08-28T13:04:42.929+0000][info][gc,start       ] GC(1270) Pause Remark
[2024-08-28T13:04:42.930+0000][info][gc             ] GC(1270) Pause Remark 844M->844M(1024M) 1.163ms
[2024-08-28T13:04:42.930+0000][info][gc,cpu         ] GC(1270) User=0.00s Sys=0.00s Real=0.01s
[2024-08-28T13:04:42.930+0000][info][gc,marking     ] GC(1270) Concurrent Mark 26.434ms
[2024-08-28T13:04:42.930+0000][info][gc,marking     ] GC(1270) Concurrent Rebuild Remembered Sets
[2024-08-28T13:04:42.934+0000][info][gc,start       ] GC(1271) Pause Young (Normal) (G1 Evacuation Pause)
[2024-08-28T13:04:42.934+0000][info][gc,task        ] GC(1271) Using 24 workers of 68 for evacuation
[2024-08-28T13:04:42.945+0000][info][gc,phases      ] GC(1271)   Pre Evacuate Collection Set: 0.1ms
[2024-08-28T13:04:42.945+0000][info][gc,phases      ] GC(1271)   Merge Heap Roots: 0.4ms
[2024-08-28T13:04:42.945+0000][info][gc,phases      ] GC(1271)   Evacuate Collection Set: 9.6ms
[2024-08-28T13:04:42.945+0000][info][gc,phases      ] GC(1271)   Post Evacuate Collection Set: 0.4ms
[2024-08-28T13:04:42.945+0000][info][gc,phases      ] GC(1271)   Other: 0.1ms
[2024-08-28T13:04:42.945+0000][info][gc,heap        ] GC(1271) Eden regions: 44->0(44)
[2024-08-28T13:04:42.945+0000][info][gc,heap        ] GC(1271) Survivor regions: 7->7(7)
[2024-08-28T13:04:42.945+0000][info][gc,heap        ] GC(1271) Old regions: 804->851
[2024-08-28T13:04:42.945+0000][info][gc,heap        ] GC(1271) Archive regions: 2->2
[2024-08-28T13:04:42.945+0000][info][gc,heap        ] GC(1271) Humongous regions: 5->5
[2024-08-28T13:04:42.945+0000][info][gc,metaspace   ] GC(1271) Metaspace: 100K(320K)->100K(320K) NonClass: 96K(192K)->96K(192K) Class: 4K(128K)->4K(128K)
[2024-08-28T13:04:42.945+0000][info][gc             ] GC(1271) Pause Young (Normal) (G1 Evacuation Pause) 851M->854M(1024M) 10.745ms
[2024-08-28T13:04:42.945+0000][info][gc,cpu         ] GC(1271) User=0.24s Sys=0.00s Real=0.01s
[2024-08-28T13:04:42.969+0000][info][gc,start       ] GC(1272) Pause Young (Normal) (G1 Evacuation Pause)
[2024-08-28T13:04:42.969+0000][info][gc,task        ] GC(1272) Using 24 workers of 68 for evacuation
[2024-08-28T13:04:42.983+0000][info][gc,phases      ] GC(1272)   Pre Evacuate Collection Set: 0.1ms
[2024-08-28T13:04:42.984+0000][info][gc,phases      ] GC(1272)   Merge Heap Roots: 0.5ms
[2024-08-28T13:04:42.984+0000][info][gc,phases      ] GC(1272)   Evacuate Collection Set: 13.5ms
[2024-08-28T13:04:42.984+0000][info][gc,phases      ] GC(1272)   Post Evacuate Collection Set: 0.5ms
[2024-08-28T13:04:42.984+0000][info][gc,phases      ] GC(1272)   Other: 0.2ms
[2024-08-28T13:04:42.984+0000][info][gc,heap        ] GC(1272) Eden regions: 44->0(44)
[2024-08-28T13:04:42.984+0000][info][gc,heap        ] GC(1272) Survivor regions: 7->7(7)
[2024-08-28T13:04:42.984+0000][info][gc,heap        ] GC(1272) Old regions: 851->897
[2024-08-28T13:04:42.984+0000][info][gc,heap        ] GC(1272) Archive regions: 2->2
[2024-08-28T13:04:42.984+0000][info][gc,heap        ] GC(1272) Humongous regions: 5->5
[2024-08-28T13:04:42.984+0000][info][gc,metaspace   ] GC(1272) Metaspace: 100K(320K)->100K(320K) NonClass: 96K(192K)->96K(192K) Class: 4K(128K)->4K(128K)
[2024-08-28T13:04:42.984+0000][info][gc             ] GC(1272) Pause Young (Normal) (G1 Evacuation Pause) 898M->900M(1024M) 14.864ms
[2024-08-28T13:04:42.984+0000][info][gc,cpu         ] GC(1272) User=0.34s Sys=0.00s Real=0.02s
[2024-08-28T13:04:43.007+0000][info][gc,start       ] GC(1273) Pause Young (Normal) (G1 Evacuation Pause)
[2024-08-28T13:04:43.007+0000][info][gc,task        ] GC(1273) Using 24 workers of 68 for evacuation
[2024-08-28T13:04:43.021+0000][info][gc,phases      ] GC(1273)   Pre Evacuate Collection Set: 0.1ms
[2024-08-28T13:04:43.021+0000][info][gc,phases      ] GC(1273)   Merge Heap Roots: 0.5ms
[2024-08-28T13:04:43.021+0000][info][gc,phases      ] GC(1273)   Evacuate Collection Set: 12.0ms
[2024-08-28T13:04:43.021+0000][info][gc,phases      ] GC(1273)   Post Evacuate Collection Set: 0.5ms
[2024-08-28T13:04:43.021+0000][info][gc,phases      ] GC(1273)   Other: 0.2ms
[2024-08-28T13:04:43.021+0000][info][gc,heap        ] GC(1273) Eden regions: 44->0(44)
[2024-08-28T13:04:43.021+0000][info][gc,heap        ] GC(1273) Survivor regions: 7->7(7)
[2024-08-28T13:04:43.021+0000][info][gc,heap        ] GC(1273) Old regions: 897->943
[2024-08-28T13:04:43.021+0000][info][gc,heap        ] GC(1273) Archive regions: 2->2
[2024-08-28T13:04:43.021+0000][info][gc,heap        ] GC(1273) Humongous regions: 5->5
[2024-08-28T13:04:43.021+0000][info][gc,metaspace   ] GC(1273) Metaspace: 100K(320K)->100K(320K) NonClass: 96K(192K)->96K(192K) Class: 4K(128K)->4K(128K)
[2024-08-28T13:04:43.021+0000][info][gc             ] GC(1273) Pause Young (Normal) (G1 Evacuation Pause) 944M->946M(1024M) 13.427ms
[2024-08-28T13:04:43.021+0000][info][gc,cpu         ] GC(1273) User=0.30s Sys=0.00s Real=0.02s
[2024-08-28T13:04:43.036+0000][info][gc,start       ] GC(1274) Pause Young (Normal) (G1 Preventive Collection)
[2024-08-28T13:04:43.036+0000][info][gc,task        ] GC(1274) Using 24 workers of 68 for evacuation
[2024-08-28T13:04:43.048+0000][info][gc,phases      ] GC(1274)   Pre Evacuate Collection Set: 0.1ms
[2024-08-28T13:04:43.048+0000][info][gc,phases      ] GC(1274)   Merge Heap Roots: 0.5ms
[2024-08-28T13:04:43.048+0000][info][gc,phases      ] GC(1274)   Evacuate Collection Set: 10.6ms
[2024-08-28T13:04:43.048+0000][info][gc,phases      ] GC(1274)   Post Evacuate Collection Set: 0.6ms
[2024-08-28T13:04:43.048+0000][info][gc,phases      ] GC(1274)   Other: 0.2ms
[2024-08-28T13:04:43.048+0000][info][gc,heap        ] GC(1274) Eden regions: 28->0(44)
[2024-08-28T13:04:43.048+0000][info][gc,heap        ] GC(1274) Survivor regions: 7->7(7)
[2024-08-28T13:04:43.048+0000][info][gc,heap        ] GC(1274) Old regions: 943->974
[2024-08-28T13:04:43.048+0000][info][gc,heap        ] GC(1274) Archive regions: 2->2
[2024-08-28T13:04:43.048+0000][info][gc,heap        ] GC(1274) Humongous regions: 5->5
[2024-08-28T13:04:43.048+0000][info][gc,metaspace   ] GC(1274) Metaspace: 100K(320K)->100K(320K) NonClass: 96K(192K)->96K(192K) Class: 4K(128K)->4K(128K)
[2024-08-28T13:04:43.048+0000][info][gc             ] GC(1274) Pause Young (Normal) (G1 Preventive Collection) 974M->976M(1024M) 12.028ms
[2024-08-28T13:04:43.048+0000][info][gc,cpu         ] GC(1274) User=0.27s Sys=0.00s Real=0.01s
[2024-08-28T13:04:43.049+0000][info][gc,marking     ] GC(1270) Concurrent Rebuild Remembered Sets 118.518ms
[2024-08-28T13:04:43.049+0000][info][gc,start       ] GC(1270) Pause Cleanup
[2024-08-28T13:04:43.050+0000][info][gc             ] GC(1270) Pause Cleanup 977M->977M(1024M) 1.540ms
[2024-08-28T13:04:43.050+0000][info][gc,cpu         ] GC(1270) User=0.01s Sys=0.00s Real=0.01s
[2024-08-28T13:04:43.050+0000][info][gc,marking     ] GC(1270) Concurrent Cleanup for Next Mark
[2024-08-28T13:04:43.051+0000][info][gc,marking     ] GC(1270) Concurrent Cleanup for Next Mark 0.767ms
[2024-08-28T13:04:43.051+0000][info][gc             ] GC(1270) Concurrent Mark Cycle 149.457ms
[2024-08-28T13:04:43.059+0000][info][gc,start       ] GC(1275) Pause Young (Prepare Mixed) (G1 Preventive Collection)
[2024-08-28T13:04:43.059+0000][info][gc,task        ] GC(1275) Using 24 workers of 68 for evacuation
[2024-08-28T13:04:43.068+0000][info][gc,phases      ] GC(1275)   Pre Evacuate Collection Set: 0.1ms
[2024-08-28T13:04:43.068+0000][info][gc,phases      ] GC(1275)   Merge Heap Roots: 0.5ms
[2024-08-28T13:04:43.068+0000][info][gc,phases      ] GC(1275)   Evacuate Collection Set: 7.4ms
[2024-08-28T13:04:43.068+0000][info][gc,phases      ] GC(1275)   Post Evacuate Collection Set: 0.3ms
[2024-08-28T13:04:43.068+0000][info][gc,phases      ] GC(1275)   Other: 0.2ms
[2024-08-28T13:04:43.068+0000][info][gc,heap        ] GC(1275) Eden regions: 13->0(44)
[2024-08-28T13:04:43.068+0000][info][gc,heap        ] GC(1275) Survivor regions: 7->7(7)
[2024-08-28T13:04:43.068+0000][info][gc,heap        ] GC(1275) Old regions: 974->990
[2024-08-28T13:04:43.068+0000][info][gc,heap        ] GC(1275) Archive regions: 2->2
[2024-08-28T13:04:43.068+0000][info][gc,heap        ] GC(1275) Humongous regions: 5->5
[2024-08-28T13:04:43.068+0000][info][gc,metaspace   ] GC(1275) Metaspace: 100K(320K)->100K(320K) NonClass: 96K(192K)->96K(192K) Class: 4K(128K)->4K(128K)
[2024-08-28T13:04:43.068+0000][info][gc             ] GC(1275) Pause Young (Prepare Mixed) (G1 Preventive Collection) 989M->992M(1024M) 8.560ms
[2024-08-28T13:04:43.068+0000][info][gc,cpu         ] GC(1275) User=0.19s Sys=0.00s Real=0.00s
[2024-08-28T13:04:43.070+0000][info][gc,start       ] GC(1276) Pause Young (Mixed) (G1 Preventive Collection)
[2024-08-28T13:04:43.071+0000][info][gc,task        ] GC(1276) Using 24 workers of 68 for evacuation
[2024-08-28T13:04:43.075+0000][info][gc,phases      ] GC(1276)   Pre Evacuate Collection Set: 0.2ms
[2024-08-28T13:04:43.075+0000][info][gc,phases      ] GC(1276)   Merge Heap Roots: 0.3ms
[2024-08-28T13:04:43.075+0000][info][gc,phases      ] GC(1276)   Evacuate Collection Set: 3.2ms
[2024-08-28T13:04:43.075+0000][info][gc,phases      ] GC(1276)   Post Evacuate Collection Set: 0.3ms
[2024-08-28T13:04:43.075+0000][info][gc,phases      ] GC(1276)   Other: 0.1ms
[2024-08-28T13:04:43.075+0000][info][gc,heap        ] GC(1276) Eden regions: 5->0(45)
[2024-08-28T13:04:43.075+0000][info][gc,heap        ] GC(1276) Survivor regions: 7->6(7)
[2024-08-28T13:04:43.075+0000][info][gc,heap        ] GC(1276) Old regions: 990->895
[2024-08-28T13:04:43.075+0000][info][gc,heap        ] GC(1276) Archive regions: 2->2
[2024-08-28T13:04:43.075+0000][info][gc,heap        ] GC(1276) Humongous regions: 5->5
[2024-08-28T13:04:43.075+0000][info][gc,metaspace   ] GC(1276) Metaspace: 100K(320K)->100K(320K) NonClass: 96K(192K)->96K(192K) Class: 4K(128K)->4K(128K)
[2024-08-28T13:04:43.075+0000][info][gc             ] GC(1276) Pause Young (Mixed) (G1 Preventive Collection) 997M->903M(1024M) 4.146ms
[2024-08-28T13:04:43.075+0000][info][gc,cpu         ] GC(1276) User=0.09s Sys=0.00s Real=0.00s
[2024-08-28T13:04:43.098+0000][info][gc,start       ] GC(1277) Pause Young (Mixed) (G1 Evacuation Pause)
[2024-08-28T13:04:43.098+0000][info][gc,task        ] GC(1277) Using 24 workers of 68 for evacuation
[2024-08-28T13:04:43.108+0000][info][gc,phases      ] GC(1277)   Pre Evacuate Collection Set: 0.2ms
[2024-08-28T13:04:43.108+0000][info][gc,phases      ] GC(1277)   Merge Heap Roots: 0.4ms
[2024-08-28T13:04:43.108+0000][info][gc,phases      ] GC(1277)   Evacuate Collection Set: 9.3ms
[2024-08-28T13:04:43.108+0000][info][gc,phases      ] GC(1277)   Post Evacuate Collection Set: 0.4ms
[2024-08-28T13:04:43.108+0000][info][gc,phases      ] GC(1277)   Other: 0.2ms
[2024-08-28T13:04:43.108+0000][info][gc,heap        ] GC(1277) Eden regions: 45->0(44)
[2024-08-28T13:04:43.108+0000][info][gc,heap        ] GC(1277) Survivor regions: 6->7(7)
[2024-08-28T13:04:43.108+0000][info][gc,heap        ] GC(1277) Old regions: 895->835
[2024-08-28T13:04:43.108+0000][info][gc,heap        ] GC(1277) Archive regions: 2->2
[2024-08-28T13:04:43.108+0000][info][gc,heap        ] GC(1277) Humongous regions: 5->5
[2024-08-28T13:04:43.108+0000][info][gc,metaspace   ] GC(1277) Metaspace: 100K(320K)->100K(320K) NonClass: 96K(192K)->96K(192K) Class: 4K(128K)->4K(128K)
[2024-08-28T13:04:43.108+0000][info][gc             ] GC(1277) Pause Young (Mixed) (G1 Evacuation Pause) 948M->847M(1024M) 10.645ms
[2024-08-28T13:04:43.108+0000][info][gc,cpu         ] GC(1277) User=0.23s Sys=0.00s Real=0.00s
[2024-08-28T13:04:43.131+0000][info][gc,start       ] GC(1278) Pause Young (Mixed) (G1 Evacuation Pause)
[2024-08-28T13:04:43.131+0000][info][gc,task        ] GC(1278) Using 24 workers of 68 for evacuation
[2024-08-28T13:04:43.145+0000][info][gc,phases      ] GC(1278)   Pre Evacuate Collection Set: 0.2ms
[2024-08-28T13:04:43.145+0000][info][gc,phases      ] GC(1278)   Merge Heap Roots: 0.4ms
[2024-08-28T13:04:43.145+0000][info][gc,phases      ] GC(1278)   Evacuate Collection Set: 12.2ms
[2024-08-28T13:04:43.145+0000][info][gc,phases      ] GC(1278)   Post Evacuate Collection Set: 0.4ms
[2024-08-28T13:04:43.145+0000][info][gc,phases      ] GC(1278)   Other: 0.2ms
[2024-08-28T13:04:43.145+0000][info][gc,heap        ] GC(1278) Eden regions: 44->0(44)
[2024-08-28T13:04:43.145+0000][info][gc,heap        ] GC(1278) Survivor regions: 7->7(7)
[2024-08-28T13:04:43.145+0000][info][gc,heap        ] GC(1278) Old regions: 835->795
[2024-08-28T13:04:43.145+0000][info][gc,heap        ] GC(1278) Archive regions: 2->2
[2024-08-28T13:04:43.145+0000][info][gc,heap        ] GC(1278) Humongous regions: 5->5
[2024-08-28T13:04:43.145+0000][info][gc,metaspace   ] GC(1278) Metaspace: 100K(320K)->100K(320K) NonClass: 96K(192K)->96K(192K) Class: 4K(128K)->4K(128K)
[2024-08-28T13:04:43.145+0000][info][gc             ] GC(1278) Pause Young (Mixed) (G1 Evacuation Pause) 891M->807M(1024M) 13.500ms
[2024-08-28T13:04:43.145+0000][info][gc,cpu         ] GC(1278) User=0.30s Sys=0.00s Real=0.01s
[2024-08-28T13:04:43.168+0000][info][gc,start       ] GC(1279) Pause Young (Mixed) (G1 Evacuation Pause)
[2024-08-28T13:04:43.168+0000][info][gc,task        ] GC(1279) Using 24 workers of 68 for evacuation
[2024-08-28T13:04:43.181+0000][info][gc,phases      ] GC(1279)   Pre Evacuate Collection Set: 0.2ms
[2024-08-28T13:04:43.181+0000][info][gc,phases      ] GC(1279)   Merge Heap Roots: 0.4ms
[2024-08-28T13:04:43.181+0000][info][gc,phases      ] GC(1279)   Evacuate Collection Set: 12.0ms
[2024-08-28T13:04:43.181+0000][info][gc,phases      ] GC(1279)   Post Evacuate Collection Set: 0.3ms
[2024-08-28T13:04:43.181+0000][info][gc,phases      ] GC(1279)   Other: 0.2ms
[2024-08-28T13:04:43.181+0000][info][gc,heap        ] GC(1279) Eden regions: 44->0(44)
[2024-08-28T13:04:43.181+0000][info][gc,heap        ] GC(1279) Survivor regions: 7->7(7)
[2024-08-28T13:04:43.181+0000][info][gc,heap        ] GC(1279) Old regions: 795->817
[2024-08-28T13:04:43.181+0000][info][gc,heap        ] GC(1279) Archive regions: 2->2
[2024-08-28T13:04:43.181+0000][info][gc,heap        ] GC(1279) Humongous regions: 5->5
[2024-08-28T13:04:43.181+0000][info][gc,metaspace   ] GC(1279) Metaspace: 100K(320K)->100K(320K) NonClass: 96K(192K)->96K(192K) Class: 4K(128K)->4K(128K)
[2024-08-28T13:04:43.181+0000][info][gc             ] GC(1279) Pause Young (Mixed) (G1 Evacuation Pause) 851M->829M(1024M) 13.132ms
[2024-08-28T13:04:43.181+0000][info][gc,cpu         ] GC(1279) User=0.30s Sys=0.00s Real=0.02s
[2024-08-28T13:04:43.205+0000][info][gc,start       ] GC(1280) Pause Young (Concurrent Start) (G1 Evacuation Pause)
[2024-08-28T13:04:43.205+0000][info][gc,task        ] GC(1280) Using 24 workers of 68 for evacuation
[2024-08-28T13:04:43.217+0000][info][gc,phases      ] GC(1280)   Pre Evacuate Collection Set: 0.2ms
[2024-08-28T13:04:43.217+0000][info][gc,phases      ] GC(1280)   Merge Heap Roots: 0.4ms
[2024-08-28T13:04:43.217+0000][info][gc,phases      ] GC(1280)   Evacuate Collection Set: 10.0ms
[2024-08-28T13:04:43.217+0000][info][gc,phases      ] GC(1280)   Post Evacuate Collection Set: 0.4ms
[2024-08-28T13:04:43.217+0000][info][gc,phases      ] GC(1280)   Other: 0.6ms
[2024-08-28T13:04:43.217+0000][info][gc,heap        ] GC(1280) Eden regions: 44->0(44)
[2024-08-28T13:04:43.217+0000][info][gc,heap        ] GC(1280) Survivor regions: 7->7(7)
[2024-08-28T13:04:43.217+0000][info][gc,heap        ] GC(1280) Old regions: 817->866
[2024-08-28T13:04:43.217+0000][info][gc,heap        ] GC(1280) Archive regions: 2->2
[2024-08-28T13:04:43.217+0000][info][gc,heap        ] GC(1280) Humongous regions: 5->5
[2024-08-28T13:04:43.217+0000][info][gc,metaspace   ] GC(1280) Metaspace: 100K(320K)->100K(320K) NonClass: 96K(192K)->96K(192K) Class: 4K(128K)->4K(128K)
[2024-08-28T13:04:43.217+0000][info][gc             ] GC(1280) Pause Young (Concurrent Start) (G1 Evacuation Pause) 873M->878M(1024M) 11.613ms
[2024-08-28T13:04:43.217+0000][info][gc,cpu         ] GC(1280) User=0.24s Sys=0.01s Real=0.01s
[2024-08-28T13:04:43.217+0000][info][gc             ] GC(1281) Concurrent Mark Cycle
[2024-08-28T13:04:43.217+0000][info][gc,marking     ] GC(1281) Concurrent Clear Claimed Marks
[2024-08-28T13:04:43.217+0000][info][gc,marking     ] GC(1281) Concurrent Clear Claimed Marks 0.009ms
[2024-08-28T13:04:43.217+0000][info][gc,marking     ] GC(1281) Concurrent Scan Root Regions
[2024-08-28T13:04:43.219+0000][info][gc,marking     ] GC(1281) Concurrent Scan Root Regions 1.551ms
[2024-08-28T13:04:43.219+0000][info][gc,marking     ] GC(1281) Concurrent Mark
[2024-08-28T13:04:43.219+0000][info][gc,marking     ] GC(1281) Concurrent Mark From Roots
[2024-08-28T13:04:43.219+0000][info][gc,task        ] GC(1281) Using 17 workers of 17 for marking
[2024-08-28T13:04:43.243+0000][info][gc,marking     ] GC(1281) Concurrent Mark From Roots 24.341ms
[2024-08-28T13:04:43.243+0000][info][gc,marking     ] GC(1281) Concurrent Preclean
[2024-08-28T13:04:43.244+0000][info][gc,marking     ] GC(1281) Concurrent Preclean 0.673ms
[2024-08-28T13:04:43.244+0000][info][gc,start       ] GC(1281) Pause Remark
[2024-08-28T13:04:43.245+0000][info][gc             ] GC(1281) Pause Remark 915M->915M(1024M) 1.248ms
[2024-08-28T13:04:43.245+0000][info][gc,cpu         ] GC(1281) User=0.01s Sys=0.00s Real=0.00s
[2024-08-28T13:04:43.245+0000][info][gc,marking     ] GC(1281) Concurrent Mark 26.597ms
[2024-08-28T13:04:43.245+0000][info][gc,marking     ] GC(1281) Concurrent Rebuild Remembered Sets
[2024-08-28T13:04:43.250+0000][info][gc,start       ] GC(1282) Pause Young (Normal) (G1 Evacuation Pause)
[2024-08-28T13:04:43.250+0000][info][gc,task        ] GC(1282) Using 24 workers of 68 for evacuation
[2024-08-28T13:04:43.260+0000][info][gc,phases      ] GC(1282)   Pre Evacuate Collection Set: 0.1ms
[2024-08-28T13:04:43.260+0000][info][gc,phases      ] GC(1282)   Merge Heap Roots: 0.4ms
[2024-08-28T13:04:43.260+0000][info][gc,phases      ] GC(1282)   Evacuate Collection Set: 9.5ms
[2024-08-28T13:04:43.260+0000][info][gc,phases      ] GC(1282)   Post Evacuate Collection Set: 0.4ms
[2024-08-28T13:04:43.260+0000][info][gc,phases      ] GC(1282)   Other: 0.2ms
[2024-08-28T13:04:43.261+0000][info][gc,heap        ] GC(1282) Eden regions: 44->0(44)
[2024-08-28T13:04:43.261+0000][info][gc,heap        ] GC(1282) Survivor regions: 7->7(7)
[2024-08-28T13:04:43.261+0000][info][gc,heap        ] GC(1282) Old regions: 866->913
[2024-08-28T13:04:43.261+0000][info][gc,heap        ] GC(1282) Archive regions: 2->2
[2024-08-28T13:04:43.261+0000][info][gc,heap        ] GC(1282) Humongous regions: 5->5
[2024-08-28T13:04:43.261+0000][info][gc,metaspace   ] GC(1282) Metaspace: 100K(320K)->100K(320K) NonClass: 96K(192K)->96K(192K) Class: 4K(128K)->4K(128K)
[2024-08-28T13:04:43.261+0000][info][gc             ] GC(1282) Pause Young (Normal) (G1 Evacuation Pause) 922M->925M(1024M) 10.672ms
[2024-08-28T13:04:43.261+0000][info][gc,cpu         ] GC(1282) User=0.24s Sys=0.00s Real=0.01s
[2024-08-28T13:04:43.283+0000][info][gc,start       ] GC(1283) Pause Young (Normal) (G1 Preventive Collection)
[2024-08-28T13:04:43.283+0000][info][gc,task        ] GC(1283) Using 24 workers of 68 for evacuation
[2024-08-28T13:04:43.297+0000][info][gc,phases      ] GC(1283)   Pre Evacuate Collection Set: 0.2ms
[2024-08-28T13:04:43.297+0000][info][gc,phases      ] GC(1283)   Merge Heap Roots: 0.5ms
[2024-08-28T13:04:43.297+0000][info][gc,phases      ] GC(1283)   Evacuate Collection Set: 13.0ms
[2024-08-28T13:04:43.297+0000][info][gc,phases      ] GC(1283)   Post Evacuate Collection Set: 0.6ms
[2024-08-28T13:04:43.297+0000][info][gc,phases      ] GC(1283)   Other: 0.2ms
[2024-08-28T13:04:43.298+0000][info][gc,heap        ] GC(1283) Eden regions: 43->0(44)
[2024-08-28T13:04:43.298+0000][info][gc,heap        ] GC(1283) Survivor regions: 7->7(7)
[2024-08-28T13:04:43.298+0000][info][gc,heap        ] GC(1283) Old regions: 913->959
[2024-08-28T13:04:43.298+0000][info][gc,heap        ] GC(1283) Archive regions: 2->2
[2024-08-28T13:04:43.298+0000][info][gc,heap        ] GC(1283) Humongous regions: 5->5
[2024-08-28T13:04:43.298+0000][info][gc,metaspace   ] GC(1283) Metaspace: 100K(320K)->100K(320K) NonClass: 96K(192K)->96K(192K) Class: 4K(128K)->4K(128K)
[2024-08-28T13:04:43.298+0000][info][gc             ] GC(1283) Pause Young (Normal) (G1 Preventive Collection) 968M->971M(1024M) 14.473ms
[2024-08-28T13:04:43.298+0000][info][gc,cpu         ] GC(1283) User=0.32s Sys=0.00s Real=0.02s
[2024-08-28T13:04:43.309+0000][info][gc,start       ] GC(1284) Pause Young (Normal) (G1 Preventive Collection)
[2024-08-28T13:04:43.309+0000][info][gc,task        ] GC(1284) Using 24 workers of 68 for evacuation
[2024-08-28T13:04:43.322+0000][info][gc             ] GC(1284) To-space exhausted
[2024-08-28T13:04:43.322+0000][info][gc,phases      ] GC(1284)   Pre Evacuate Collection Set: 0.1ms
[2024-08-28T13:04:43.322+0000][info][gc,phases      ] GC(1284)   Merge Heap Roots: 0.6ms
[2024-08-28T13:04:43.322+0000][info][gc,phases      ] GC(1284)   Evacuate Collection Set: 11.2ms
[2024-08-28T13:04:43.322+0000][info][gc,phases      ] GC(1284)   Post Evacuate Collection Set: 0.9ms
[2024-08-28T13:04:43.322+0000][info][gc,phases      ] GC(1284)   Other: 0.2ms
[2024-08-28T13:04:43.322+0000][info][gc,heap        ] GC(1284) Eden regions: 21->0(44)
[2024-08-28T13:04:43.322+0000][info][gc,heap        ] GC(1284) Survivor regions: 7->7(7)
[2024-08-28T13:04:43.322+0000][info][gc,heap        ] GC(1284) Old regions: 959->1004
[2024-08-28T13:04:43.322+0000][info][gc,heap        ] GC(1284) Archive regions: 2->2
[2024-08-28T13:04:43.322+0000][info][gc,heap        ] GC(1284) Humongous regions: 5->5
[2024-08-28T13:04:43.322+0000][info][gc,metaspace   ] GC(1284) Metaspace: 100K(320K)->100K(320K) NonClass: 96K(192K)->96K(192K) Class: 4K(128K)->4K(128K)
[2024-08-28T13:04:43.322+0000][info][gc             ] GC(1284) Pause Young (Normal) (G1 Preventive Collection) 992M->1016M(1024M) 13.066ms
[2024-08-28T13:04:43.322+0000][info][gc,cpu         ] GC(1284) User=0.30s Sys=0.00s Real=0.02s
[2024-08-28T13:04:43.323+0000][info][gc,start       ] GC(1285) Pause Young (Normal) (G1 Preventive Collection)
[2024-08-28T13:04:43.323+0000][info][gc,task        ] GC(1285) Using 24 workers of 68 for evacuation
[2024-08-28T13:04:43.332+0000][info][gc             ] GC(1285) To-space exhausted
[2024-08-28T13:04:43.332+0000][info][gc,phases      ] GC(1285)   Pre Evacuate Collection Set: 0.1ms
[2024-08-28T13:04:43.332+0000][info][gc,phases      ] GC(1285)   Merge Heap Roots: 0.6ms
[2024-08-28T13:04:43.332+0000][info][gc,phases      ] GC(1285)   Evacuate Collection Set: 7.5ms
[2024-08-28T13:04:43.332+0000][info][gc,phases      ] GC(1285)   Post Evacuate Collection Set: 0.8ms
[2024-08-28T13:04:43.332+0000][info][gc,phases      ] GC(1285)   Other: 0.1ms
[2024-08-28T13:04:43.332+0000][info][gc,heap        ] GC(1285) Eden regions: 1->0(50)
[2024-08-28T13:04:43.332+0000][info][gc,heap        ] GC(1285) Survivor regions: 7->1(5)
[2024-08-28T13:04:43.332+0000][info][gc,heap        ] GC(1285) Old regions: 1004->1016
[2024-08-28T13:04:43.332+0000][info][gc,heap        ] GC(1285) Archive regions: 2->2
[2024-08-28T13:04:43.332+0000][info][gc,heap        ] GC(1285) Humongous regions: 5->5
[2024-08-28T13:04:43.332+0000][info][gc,metaspace   ] GC(1285) Metaspace: 100K(320K)->100K(320K) NonClass: 96K(192K)->96K(192K) Class: 4K(128K)->4K(128K)
[2024-08-28T13:04:43.332+0000][info][gc             ] GC(1285) Pause Young (Normal) (G1 Preventive Collection) 1017M->1022M(1024M) 9.107ms
[2024-08-28T13:04:43.332+0000][info][gc,cpu         ] GC(1285) User=0.20s Sys=0.00s Real=0.01s
[2024-08-28T13:04:43.332+0000][info][gc,ergo        ] Attempting full compaction
[2024-08-28T13:04:43.332+0000][info][gc,task        ] GC(1286) Using 24 workers of 68 for full compaction
[2024-08-28T13:04:43.332+0000][info][gc,start       ] GC(1286) Pause Full (G1 Compaction Pause)
[2024-08-28T13:04:43.333+0000][info][gc,phases,start] GC(1286) Phase 1: Mark live objects
[2024-08-28T13:04:43.348+0000][info][gc,phases      ] GC(1286) Phase 1: Mark live objects 14.639ms
[2024-08-28T13:04:43.348+0000][info][gc,phases,start] GC(1286) Phase 2: Prepare for compaction
[2024-08-28T13:04:43.357+0000][info][gc,phases      ] GC(1286) Phase 2: Prepare for compaction 9.448ms
[2024-08-28T13:04:43.357+0000][info][gc,phases,start] GC(1286) Phase 3: Adjust pointers
[2024-08-28T13:04:43.375+0000][info][gc,phases      ] GC(1286) Phase 3: Adjust pointers 17.914ms
[2024-08-28T13:04:43.375+0000][info][gc,phases,start] GC(1286) Phase 4: Compact heap
[2024-08-28T13:04:43.408+0000][info][gc,phases      ] GC(1286) Phase 4: Compact heap 32.896ms
[2024-08-28T13:04:43.410+0000][info][gc,heap        ] GC(1286) Eden regions: 0->0(150)
[2024-08-28T13:04:43.410+0000][info][gc,heap        ] GC(1286) Survivor regions: 1->0(5)
[2024-08-28T13:04:43.410+0000][info][gc,heap        ] GC(1286) Old regions: 1016->441
[2024-08-28T13:04:43.410+0000][info][gc,heap        ] GC(1286) Archive regions: 2->2
[2024-08-28T13:04:43.410+0000][info][gc,heap        ] GC(1286) Humongous regions: 5->5
[2024-08-28T13:04:43.410+0000][info][gc,metaspace   ] GC(1286) Metaspace: 100K(320K)->100K(320K) NonClass: 96K(192K)->96K(192K) Class: 4K(128K)->4K(128K)
[2024-08-28T13:04:43.410+0000][info][gc             ] GC(1286) Pause Full (G1 Compaction Pause) 1022M->435M(1024M) 77.199ms
[2024-08-28T13:04:43.410+0000][info][gc,cpu         ] GC(1286) User=1.58s Sys=0.03s Real=0.08s
[2024-08-28T13:04:43.410+0000][info][gc,marking     ] GC(1281) Concurrent Rebuild Remembered Sets 164.730ms
[2024-08-28T13:04:43.410+0000][info][gc,marking     ] GC(1281) Concurrent Mark Abort
[2024-08-28T13:04:43.410+0000][info][gc             ] GC(1281) Concurrent Mark Cycle 193.049ms
[2024-08-28T13:04:43.498+0000][info][gc,start       ] GC(1287) Pause Young (Normal) (G1 Evacuation Pause)
[2024-08-28T13:04:43.498+0000][info][gc,task        ] GC(1287) Using 24 workers of 68 for evacuation
[2024-08-28T13:04:43.521+0000][info][gc,phases      ] GC(1287)   Pre Evacuate Collection Set: 0.2ms
[2024-08-28T13:04:43.521+0000][info][gc,phases      ] GC(1287)   Merge Heap Roots: 0.5ms
[2024-08-28T13:04:43.521+0000][info][gc,phases      ] GC(1287)   Evacuate Collection Set: 21.7ms
[2024-08-28T13:04:43.521+0000][info][gc,phases      ] GC(1287)   Post Evacuate Collection Set: 0.4ms
[2024-08-28T13:04:43.521+0000][info][gc,phases      ] GC(1287)   Other: 0.2ms
[2024-08-28T13:04:43.521+0000][info][gc,heap        ] GC(1287) Eden regions: 150->0(104)
[2024-08-28T13:04:43.521+0000][info][gc,heap        ] GC(1287) Survivor regions: 0->19(19)
[2024-08-28T13:04:43.521+0000][info][gc,heap        ] GC(1287) Old regions: 441->568
[2024-08-28T13:04:43.521+0000][info][gc,heap        ] GC(1287) Archive regions: 2->2
[2024-08-28T13:04:43.521+0000][info][gc,heap        ] GC(1287) Humongous regions: 5->5
[2024-08-28T13:04:43.521+0000][info][gc,metaspace   ] GC(1287) Metaspace: 100K(320K)->100K(320K) NonClass: 96K(192K)->96K(192K) Class: 4K(128K)->4K(128K)
[2024-08-28T13:04:43.521+0000][info][gc             ] GC(1287) Pause Young (Normal) (G1 Evacuation Pause) 585M->580M(1024M) 22.960ms
[2024-08-28T13:04:43.521+0000][info][gc,cpu         ] GC(1287) User=0.53s Sys=0.00s Real=0.02s
[2024-08-28T13:04:43.579+0000][info][gc,start       ] GC(1288) Pause Young (Concurrent Start) (G1 Evacuation Pause)
[2024-08-28T13:04:43.579+0000][info][gc,task        ] GC(1288) Using 24 workers of 68 for evacuation
[2024-08-28T13:04:43.600+0000][info][gc,phases      ] GC(1288)   Pre Evacuate Collection Set: 0.2ms
[2024-08-28T13:04:43.600+0000][info][gc,phases      ] GC(1288)   Merge Heap Roots: 0.4ms
[2024-08-28T13:04:43.600+0000][info][gc,phases      ] GC(1288)   Evacuate Collection Set: 19.1ms
[2024-08-28T13:04:43.600+0000][info][gc,phases      ] GC(1288)   Post Evacuate Collection Set: 0.3ms
[2024-08-28T13:04:43.600+0000][info][gc,phases      ] GC(1288)   Other: 0.6ms
[2024-08-28T13:04:43.600+0000][info][gc,heap        ] GC(1288) Eden regions: 104->0(70)
[2024-08-28T13:04:43.600+0000][info][gc,heap        ] GC(1288) Survivor regions: 19->16(16)
[2024-08-28T13:04:43.600+0000][info][gc,heap        ] GC(1288) Old regions: 568->676
[2024-08-28T13:04:43.600+0000][info][gc,heap        ] GC(1288) Archive regions: 2->2
[2024-08-28T13:04:43.600+0000][info][gc,heap        ] GC(1288) Humongous regions: 5->5
[2024-08-28T13:04:43.600+0000][info][gc,metaspace   ] GC(1288) Metaspace: 100K(320K)->100K(320K) NonClass: 96K(192K)->96K(192K) Class: 4K(128K)->4K(128K)
[2024-08-28T13:04:43.600+0000][info][gc             ] GC(1288) Pause Young (Concurrent Start) (G1 Evacuation Pause) 684M->686M(1024M) 20.695ms
[2024-08-28T13:04:43.600+0000][info][gc,cpu         ] GC(1288) User=0.47s Sys=0.00s Real=0.02s
[2024-08-28T13:04:43.600+0000][info][gc             ] GC(1289) Concurrent Mark Cycle
[2024-08-28T13:04:43.600+0000][info][gc,marking     ] GC(1289) Concurrent Clear Claimed Marks
[2024-08-28T13:04:43.600+0000][info][gc,marking     ] GC(1289) Concurrent Clear Claimed Marks 0.009ms
[2024-08-28T13:04:43.600+0000][info][gc,marking     ] GC(1289) Concurrent Scan Root Regions
[2024-08-28T13:04:43.604+0000][info][gc,marking     ] GC(1289) Concurrent Scan Root Regions 3.671ms
[2024-08-28T13:04:43.604+0000][info][gc,marking     ] GC(1289) Concurrent Mark
[2024-08-28T13:04:43.604+0000][info][gc,marking     ] GC(1289) Concurrent Mark From Roots
[2024-08-28T13:04:43.604+0000][info][gc,task        ] GC(1289) Using 17 workers of 17 for marking
[2024-08-28T13:04:43.624+0000][info][gc,marking     ] GC(1289) Concurrent Mark From Roots 20.707ms
