[2024-08-28T13:09:08.030+0000][info][gc] Using G1
[2024-08-28T13:09:08.061+0000][info][gc,init] Version: 17.0.7+7-Ubuntu-0ubuntu118.04 (release)
[2024-08-28T13:09:08.061+0000][info][gc,init] CPUs: 104 total, 104 available
[2024-08-28T13:09:08.061+0000][info][gc,init] Memory: 251G
[2024-08-28T13:09:08.061+0000][info][gc,init] Large Page Support: Disabled
[2024-08-28T13:09:08.061+0000][info][gc,init] NUMA Support: Disabled
[2024-08-28T13:09:08.061+0000][info][gc,init] Compressed Oops: Enabled (32-bit)
[2024-08-28T13:09:08.061+0000][info][gc,init] Heap Region Size: 1M
[2024-08-28T13:09:08.061+0000][info][gc,init] Heap Min Capacity: 8M
[2024-08-28T13:09:08.061+0000][info][gc,init] Heap Initial Capacity: 2G
[2024-08-28T13:09:08.061+0000][info][gc,init] Heap Max Capacity: 2G
[2024-08-28T13:09:08.061+0000][info][gc,init] Pre-touch: Disabled
[2024-08-28T13:09:08.061+0000][info][gc,init] Parallel Workers: 68
[2024-08-28T13:09:08.061+0000][info][gc,init] Concurrent Workers: 17
[2024-08-28T13:09:08.061+0000][info][gc,init] Concurrent Refinement Workers: 68
[2024-08-28T13:09:08.061+0000][info][gc,init] Periodic GC: Disabled
[2024-08-28T13:09:08.061+0000][info][gc,metaspace] CDS archive(s) mapped at: [0x0000000800000000-0x0000000800be2000-0x0000000800be2000), size 12460032, SharedBaseAddress: 0x0000000800000000, ArchiveRelocationMode: 0.
[2024-08-28T13:09:08.061+0000][info][gc,metaspace] Compressed class space mapped at: 0x0000000801000000-0x0000000841000000, reserved size: 1073741824
[2024-08-28T13:09:08.061+0000][info][gc,metaspace] Narrow klass base: 0x0000000800000000, Narrow klass shift: 0, Narrow klass range: 0x100000000
[2024-08-28T13:09:08.192+0000][info][gc,start    ] GC(0) Pause Young (Normal) (G1 Evacuation Pause)
[2024-08-28T13:09:08.200+0000][info][gc,task     ] GC(0) Using 49 workers of 68 for evacuation
[2024-08-28T13:09:08.220+0000][info][gc,phases   ] GC(0)   Pre Evacuate Collection Set: 0.6ms
[2024-08-28T13:09:08.220+0000][info][gc,phases   ] GC(0)   Merge Heap Roots: 0.4ms
[2024-08-28T13:09:08.220+0000][info][gc,phases   ] GC(0)   Evacuate Collection Set: 17.9ms
[2024-08-28T13:09:08.220+0000][info][gc,phases   ] GC(0)   Post Evacuate Collection Set: 0.9ms
[2024-08-28T13:09:08.220+0000][info][gc,phases   ] GC(0)   Other: 8.8ms
[2024-08-28T13:09:08.221+0000][info][gc,heap     ] GC(0) Eden regions: 102->0(89)
[2024-08-28T13:09:08.221+0000][info][gc,heap     ] GC(0) Survivor regions: 0->13(13)
[2024-08-28T13:09:08.221+0000][info][gc,heap     ] GC(0) Old regions: 0->91
[2024-08-28T13:09:08.221+0000][info][gc,heap     ] GC(0) Archive regions: 2->2
[2024-08-28T13:09:08.221+0000][info][gc,heap     ] GC(0) Humongous regions: 1->1
[2024-08-28T13:09:08.221+0000][info][gc,metaspace] GC(0) Metaspace: 97K(320K)->97K(320K) NonClass: 93K(192K)->93K(192K) Class: 4K(128K)->4K(128K)
[2024-08-28T13:09:08.221+0000][info][gc          ] GC(0) Pause Young (Normal) (G1 Evacuation Pause) 103M->105M(2048M) 28.671ms
[2024-08-28T13:09:08.221+0000][info][gc,cpu      ] GC(0) User=0.23s Sys=0.63s Real=0.03s
[2024-08-28T13:09:08.254+0000][info][gc,start    ] GC(1) Pause Young (Normal) (G1 Evacuation Pause)
[2024-08-28T13:09:08.254+0000][info][gc,task     ] GC(1) Using 49 workers of 68 for evacuation
[2024-08-28T13:09:08.269+0000][info][gc,phases   ] GC(1)   Pre Evacuate Collection Set: 0.3ms
[2024-08-28T13:09:08.269+0000][info][gc,phases   ] GC(1)   Merge Heap Roots: 0.8ms
[2024-08-28T13:09:08.269+0000][info][gc,phases   ] GC(1)   Evacuate Collection Set: 13.4ms
[2024-08-28T13:09:08.269+0000][info][gc,phases   ] GC(1)   Post Evacuate Collection Set: 0.5ms
[2024-08-28T13:09:08.269+0000][info][gc,phases   ] GC(1)   Other: 0.2ms
[2024-08-28T13:09:08.269+0000][info][gc,heap     ] GC(1) Eden regions: 89->0(89)
[2024-08-28T13:09:08.269+0000][info][gc,heap     ] GC(1) Survivor regions: 13->13(13)
[2024-08-28T13:09:08.269+0000][info][gc,heap     ] GC(1) Old regions: 91->185
[2024-08-28T13:09:08.269+0000][info][gc,heap     ] GC(1) Archive regions: 2->2
[2024-08-28T13:09:08.269+0000][info][gc,heap     ] GC(1) Humongous regions: 3->3
[2024-08-28T13:09:08.269+0000][info][gc,metaspace] GC(1) Metaspace: 97K(320K)->97K(320K) NonClass: 93K(192K)->93K(192K) Class: 4K(128K)->4K(128K)
[2024-08-28T13:09:08.269+0000][info][gc          ] GC(1) Pause Young (Normal) (G1 Evacuation Pause) 196M->201M(2048M) 15.361ms
[2024-08-28T13:09:08.269+0000][info][gc,cpu      ] GC(1) User=0.32s Sys=0.33s Real=0.01s
[2024-08-28T13:09:08.309+0000][info][gc,start    ] GC(2) Pause Young (Normal) (G1 Evacuation Pause)
[2024-08-28T13:09:08.309+0000][info][gc,task     ] GC(2) Using 49 workers of 68 for evacuation
[2024-08-28T13:09:08.323+0000][info][gc,phases   ] GC(2)   Pre Evacuate Collection Set: 0.3ms
[2024-08-28T13:09:08.323+0000][info][gc,phases   ] GC(2)   Merge Heap Roots: 0.2ms
[2024-08-28T13:09:08.323+0000][info][gc,phases   ] GC(2)   Evacuate Collection Set: 13.2ms
[2024-08-28T13:09:08.323+0000][info][gc,phases   ] GC(2)   Post Evacuate Collection Set: 0.5ms
[2024-08-28T13:09:08.323+0000][info][gc,phases   ] GC(2)   Other: 0.2ms
[2024-08-28T13:09:08.323+0000][info][gc,heap     ] GC(2) Eden regions: 89->0(89)
[2024-08-28T13:09:08.323+0000][info][gc,heap     ] GC(2) Survivor regions: 13->13(13)
[2024-08-28T13:09:08.323+0000][info][gc,heap     ] GC(2) Old regions: 185->279
[2024-08-28T13:09:08.323+0000][info][gc,heap     ] GC(2) Archive regions: 2->2
[2024-08-28T13:09:08.323+0000][info][gc,heap     ] GC(2) Humongous regions: 6->6
[2024-08-28T13:09:08.323+0000][info][gc,metaspace] GC(2) Metaspace: 97K(320K)->97K(320K) NonClass: 93K(192K)->93K(192K) Class: 4K(128K)->4K(128K)
[2024-08-28T13:09:08.323+0000][info][gc          ] GC(2) Pause Young (Normal) (G1 Evacuation Pause) 293M->298M(2048M) 14.472ms
[2024-08-28T13:09:08.323+0000][info][gc,cpu      ] GC(2) User=0.44s Sys=0.21s Real=0.02s
[2024-08-28T13:09:08.355+0000][info][gc,start    ] GC(3) Pause Young (Normal) (G1 Evacuation Pause)
[2024-08-28T13:09:08.355+0000][info][gc,task     ] GC(3) Using 49 workers of 68 for evacuation
[2024-08-28T13:09:08.370+0000][info][gc,phases   ] GC(3)   Pre Evacuate Collection Set: 0.3ms
[2024-08-28T13:09:08.370+0000][info][gc,phases   ] GC(3)   Merge Heap Roots: 0.2ms
[2024-08-28T13:09:08.370+0000][info][gc,phases   ] GC(3)   Evacuate Collection Set: 13.2ms
[2024-08-28T13:09:08.370+0000][info][gc,phases   ] GC(3)   Post Evacuate Collection Set: 0.5ms
[2024-08-28T13:09:08.370+0000][info][gc,phases   ] GC(3)   Other: 0.2ms
[2024-08-28T13:09:08.370+0000][info][gc,heap     ] GC(3) Eden regions: 89->0(89)
[2024-08-28T13:09:08.370+0000][info][gc,heap     ] GC(3) Survivor regions: 13->13(13)
[2024-08-28T13:09:08.370+0000][info][gc,heap     ] GC(3) Old regions: 279->375
[2024-08-28T13:09:08.370+0000][info][gc,heap     ] GC(3) Archive regions: 2->2
[2024-08-28T13:09:08.370+0000][info][gc,heap     ] GC(3) Humongous regions: 6->6
[2024-08-28T13:09:08.370+0000][info][gc,metaspace] GC(3) Metaspace: 97K(320K)->97K(320K) NonClass: 93K(192K)->93K(192K) Class: 4K(128K)->4K(128K)
[2024-08-28T13:09:08.370+0000][info][gc          ] GC(3) Pause Young (Normal) (G1 Evacuation Pause) 387M->394M(2048M) 14.562ms
[2024-08-28T13:09:08.370+0000][info][gc,cpu      ] GC(3) User=0.34s Sys=0.31s Real=0.02s
[2024-08-28T13:09:08.441+0000][info][gc,start    ] GC(4) Pause Young (Normal) (G1 Evacuation Pause)
[2024-08-28T13:09:08.441+0000][info][gc,task     ] GC(4) Using 49 workers of 68 for evacuation
[2024-08-28T13:09:08.456+0000][info][gc,phases   ] GC(4)   Pre Evacuate Collection Set: 0.3ms
[2024-08-28T13:09:08.456+0000][info][gc,phases   ] GC(4)   Merge Heap Roots: 0.3ms
[2024-08-28T13:09:08.456+0000][info][gc,phases   ] GC(4)   Evacuate Collection Set: 13.4ms
[2024-08-28T13:09:08.456+0000][info][gc,phases   ] GC(4)   Post Evacuate Collection Set: 0.5ms
[2024-08-28T13:09:08.456+0000][info][gc,phases   ] GC(4)   Other: 0.2ms
[2024-08-28T13:09:08.456+0000][info][gc,heap     ] GC(4) Eden regions: 89->0(89)
[2024-08-28T13:09:08.456+0000][info][gc,heap     ] GC(4) Survivor regions: 13->13(13)
[2024-08-28T13:09:08.456+0000][info][gc,heap     ] GC(4) Old regions: 375->470
[2024-08-28T13:09:08.456+0000][info][gc,heap     ] GC(4) Archive regions: 2->2
[2024-08-28T13:09:08.456+0000][info][gc,heap     ] GC(4) Humongous regions: 11->11
[2024-08-28T13:09:08.456+0000][info][gc,metaspace] GC(4) Metaspace: 100K(320K)->100K(320K) NonClass: 96K(192K)->96K(192K) Class: 4K(128K)->4K(128K)
[2024-08-28T13:09:08.456+0000][info][gc          ] GC(4) Pause Young (Normal) (G1 Evacuation Pause) 488M->494M(2048M) 14.753ms
[2024-08-28T13:09:08.456+0000][info][gc,cpu      ] GC(4) User=0.32s Sys=0.34s Real=0.01s
[2024-08-28T13:09:08.535+0000][info][gc,start    ] GC(5) Pause Young (Normal) (G1 Evacuation Pause)
[2024-08-28T13:09:08.535+0000][info][gc,task     ] GC(5) Using 49 workers of 68 for evacuation
[2024-08-28T13:09:08.550+0000][info][gc,phases   ] GC(5)   Pre Evacuate Collection Set: 0.3ms
[2024-08-28T13:09:08.550+0000][info][gc,phases   ] GC(5)   Merge Heap Roots: 0.4ms
[2024-08-28T13:09:08.550+0000][info][gc,phases   ] GC(5)   Evacuate Collection Set: 13.0ms
[2024-08-28T13:09:08.550+0000][info][gc,phases   ] GC(5)   Post Evacuate Collection Set: 0.5ms
[2024-08-28T13:09:08.550+0000][info][gc,phases   ] GC(5)   Other: 0.2ms
[2024-08-28T13:09:08.550+0000][info][gc,heap     ] GC(5) Eden regions: 89->0(89)
[2024-08-28T13:09:08.550+0000][info][gc,heap     ] GC(5) Survivor regions: 13->13(13)
[2024-08-28T13:09:08.550+0000][info][gc,heap     ] GC(5) Old regions: 470->564
[2024-08-28T13:09:08.550+0000][info][gc,heap     ] GC(5) Archive regions: 2->2
[2024-08-28T13:09:08.550+0000][info][gc,heap     ] GC(5) Humongous regions: 11->11
[2024-08-28T13:09:08.550+0000][info][gc,metaspace] GC(5) Metaspace: 100K(320K)->100K(320K) NonClass: 96K(192K)->96K(192K) Class: 4K(128K)->4K(128K)
[2024-08-28T13:09:08.550+0000][info][gc          ] GC(5) Pause Young (Normal) (G1 Evacuation Pause) 583M->588M(2048M) 14.594ms
[2024-08-28T13:09:08.550+0000][info][gc,cpu      ] GC(5) User=0.33s Sys=0.33s Real=0.02s
[2024-08-28T13:09:08.617+0000][info][gc,start    ] GC(6) Pause Young (Normal) (G1 Evacuation Pause)
[2024-08-28T13:09:08.617+0000][info][gc,task     ] GC(6) Using 49 workers of 68 for evacuation
[2024-08-28T13:09:08.631+0000][info][gc,phases   ] GC(6)   Pre Evacuate Collection Set: 0.3ms
[2024-08-28T13:09:08.631+0000][info][gc,phases   ] GC(6)   Merge Heap Roots: 0.3ms
[2024-08-28T13:09:08.631+0000][info][gc,phases   ] GC(6)   Evacuate Collection Set: 13.1ms
[2024-08-28T13:09:08.631+0000][info][gc,phases   ] GC(6)   Post Evacuate Collection Set: 0.5ms
[2024-08-28T13:09:08.631+0000][info][gc,phases   ] GC(6)   Other: 0.2ms
[2024-08-28T13:09:08.631+0000][info][gc,heap     ] GC(6) Eden regions: 89->0(89)
[2024-08-28T13:09:08.631+0000][info][gc,heap     ] GC(6) Survivor regions: 13->13(13)
[2024-08-28T13:09:08.631+0000][info][gc,heap     ] GC(6) Old regions: 564->658
[2024-08-28T13:09:08.631+0000][info][gc,heap     ] GC(6) Archive regions: 2->2
[2024-08-28T13:09:08.631+0000][info][gc,heap     ] GC(6) Humongous regions: 11->11
[2024-08-28T13:09:08.631+0000][info][gc,metaspace] GC(6) Metaspace: 100K(320K)->100K(320K) NonClass: 96K(192K)->96K(192K) Class: 4K(128K)->4K(128K)
[2024-08-28T13:09:08.631+0000][info][gc          ] GC(6) Pause Young (Normal) (G1 Evacuation Pause) 677M->682M(2048M) 14.562ms
[2024-08-28T13:09:08.631+0000][info][gc,cpu      ] GC(6) User=0.45s Sys=0.20s Real=0.02s
[2024-08-28T13:09:08.706+0000][info][gc,start    ] GC(7) Pause Young (Normal) (G1 Evacuation Pause)
[2024-08-28T13:09:08.706+0000][info][gc,task     ] GC(7) Using 49 workers of 68 for evacuation
[2024-08-28T13:09:08.721+0000][info][gc,phases   ] GC(7)   Pre Evacuate Collection Set: 0.4ms
[2024-08-28T13:09:08.721+0000][info][gc,phases   ] GC(7)   Merge Heap Roots: 0.5ms
[2024-08-28T13:09:08.721+0000][info][gc,phases   ] GC(7)   Evacuate Collection Set: 13.8ms
[2024-08-28T13:09:08.721+0000][info][gc,phases   ] GC(7)   Post Evacuate Collection Set: 0.5ms
[2024-08-28T13:09:08.721+0000][info][gc,phases   ] GC(7)   Other: 0.2ms
[2024-08-28T13:09:08.721+0000][info][gc,heap     ] GC(7) Eden regions: 89->0(89)
[2024-08-28T13:09:08.721+0000][info][gc,heap     ] GC(7) Survivor regions: 13->13(13)
[2024-08-28T13:09:08.721+0000][info][gc,heap     ] GC(7) Old regions: 658->751
[2024-08-28T13:09:08.721+0000][info][gc,heap     ] GC(7) Archive regions: 2->2
[2024-08-28T13:09:08.721+0000][info][gc,heap     ] GC(7) Humongous regions: 11->11
[2024-08-28T13:09:08.721+0000][info][gc,metaspace] GC(7) Metaspace: 100K(320K)->100K(320K) NonClass: 96K(192K)->96K(192K) Class: 4K(128K)->4K(128K)
[2024-08-28T13:09:08.721+0000][info][gc          ] GC(7) Pause Young (Normal) (G1 Evacuation Pause) 771M->775M(2048M) 15.458ms
[2024-08-28T13:09:08.721+0000][info][gc,cpu      ] GC(7) User=0.25s Sys=0.44s Real=0.02s
[2024-08-28T13:09:08.777+0000][info][gc,start    ] GC(8) Pause Young (Normal) (G1 Evacuation Pause)
[2024-08-28T13:09:08.777+0000][info][gc,task     ] GC(8) Using 49 workers of 68 for evacuation
[2024-08-28T13:09:08.792+0000][info][gc,phases   ] GC(8)   Pre Evacuate Collection Set: 0.4ms
[2024-08-28T13:09:08.792+0000][info][gc,phases   ] GC(8)   Merge Heap Roots: 0.3ms
[2024-08-28T13:09:08.792+0000][info][gc,phases   ] GC(8)   Evacuate Collection Set: 13.4ms
[2024-08-28T13:09:08.792+0000][info][gc,phases   ] GC(8)   Post Evacuate Collection Set: 0.5ms
[2024-08-28T13:09:08.792+0000][info][gc,phases   ] GC(8)   Other: 0.2ms
[2024-08-28T13:09:08.792+0000][info][gc,heap     ] GC(8) Eden regions: 89->0(89)
[2024-08-28T13:09:08.792+0000][info][gc,heap     ] GC(8) Survivor regions: 13->13(13)
[2024-08-28T13:09:08.792+0000][info][gc,heap     ] GC(8) Old regions: 751->844
[2024-08-28T13:09:08.792+0000][info][gc,heap     ] GC(8) Archive regions: 2->2
[2024-08-28T13:09:08.792+0000][info][gc,heap     ] GC(8) Humongous regions: 11->11
[2024-08-28T13:09:08.792+0000][info][gc,metaspace] GC(8) Metaspace: 100K(320K)->100K(320K) NonClass: 96K(192K)->96K(192K) Class: 4K(128K)->4K(128K)
[2024-08-28T13:09:08.792+0000][info][gc          ] GC(8) Pause Young (Normal) (G1 Evacuation Pause) 864M->868M(2048M) 14.898ms
[2024-08-28T13:09:08.792+0000][info][gc,cpu      ] GC(8) User=0.34s Sys=0.33s Real=0.02s
[2024-08-28T13:09:08.844+0000][info][gc,start    ] GC(9) Pause Young (Normal) (G1 Evacuation Pause)
[2024-08-28T13:09:08.844+0000][info][gc,task     ] GC(9) Using 49 workers of 68 for evacuation
[2024-08-28T13:09:08.858+0000][info][gc,phases   ] GC(9)   Pre Evacuate Collection Set: 0.3ms
[2024-08-28T13:09:08.859+0000][info][gc,phases   ] GC(9)   Merge Heap Roots: 0.5ms
[2024-08-28T13:09:08.859+0000][info][gc,phases   ] GC(9)   Evacuate Collection Set: 13.5ms
[2024-08-28T13:09:08.859+0000][info][gc,phases   ] GC(9)   Post Evacuate Collection Set: 0.5ms
[2024-08-28T13:09:08.859+0000][info][gc,phases   ] GC(9)   Other: 0.2ms
[2024-08-28T13:09:08.859+0000][info][gc,heap     ] GC(9) Eden regions: 89->0(120)
[2024-08-28T13:09:08.859+0000][info][gc,heap     ] GC(9) Survivor regions: 13->13(13)
[2024-08-28T13:09:08.859+0000][info][gc,heap     ] GC(9) Old regions: 844->938
[2024-08-28T13:09:08.859+0000][info][gc,heap     ] GC(9) Archive regions: 2->2
[2024-08-28T13:09:08.859+0000][info][gc,heap     ] GC(9) Humongous regions: 11->11
[2024-08-28T13:09:08.859+0000][info][gc,metaspace] GC(9) Metaspace: 100K(320K)->100K(320K) NonClass: 96K(192K)->96K(192K) Class: 4K(128K)->4K(128K)
[2024-08-28T13:09:08.859+0000][info][gc          ] GC(9) Pause Young (Normal) (G1 Evacuation Pause) 957M->962M(2048M) 15.058ms
[2024-08-28T13:09:08.859+0000][info][gc,cpu      ] GC(9) User=0.41s Sys=0.26s Real=0.02s
[2024-08-28T13:09:08.936+0000][info][gc,start    ] GC(10) Pause Young (Concurrent Start) (G1 Evacuation Pause)
[2024-08-28T13:09:08.936+0000][info][gc,task     ] GC(10) Using 49 workers of 68 for evacuation
[2024-08-28T13:09:08.956+0000][info][gc,phases   ] GC(10)   Pre Evacuate Collection Set: 0.3ms
[2024-08-28T13:09:08.956+0000][info][gc,phases   ] GC(10)   Merge Heap Roots: 0.5ms
[2024-08-28T13:09:08.956+0000][info][gc,phases   ] GC(10)   Evacuate Collection Set: 17.3ms
[2024-08-28T13:09:08.956+0000][info][gc,phases   ] GC(10)   Post Evacuate Collection Set: 0.5ms
[2024-08-28T13:09:08.956+0000][info][gc,phases   ] GC(10)   Other: 1.4ms
[2024-08-28T13:09:08.956+0000][info][gc,heap     ] GC(10) Eden regions: 120->0(139)
[2024-08-28T13:09:08.956+0000][info][gc,heap     ] GC(10) Survivor regions: 13->17(17)
[2024-08-28T13:09:08.956+0000][info][gc,heap     ] GC(10) Old regions: 938->1057
[2024-08-28T13:09:08.956+0000][info][gc,heap     ] GC(10) Archive regions: 2->2
[2024-08-28T13:09:08.956+0000][info][gc,heap     ] GC(10) Humongous regions: 11->11
[2024-08-28T13:09:08.956+0000][info][gc,metaspace] GC(10) Metaspace: 100K(320K)->100K(320K) NonClass: 96K(192K)->96K(192K) Class: 4K(128K)->4K(128K)
[2024-08-28T13:09:08.956+0000][info][gc          ] GC(10) Pause Young (Concurrent Start) (G1 Evacuation Pause) 1082M->1085M(2048M) 20.078ms
[2024-08-28T13:09:08.956+0000][info][gc,cpu      ] GC(10) User=0.44s Sys=0.42s Real=0.02s
[2024-08-28T13:09:08.956+0000][info][gc          ] GC(11) Concurrent Mark Cycle
[2024-08-28T13:09:08.956+0000][info][gc,marking  ] GC(11) Concurrent Clear Claimed Marks
[2024-08-28T13:09:08.956+0000][info][gc,marking  ] GC(11) Concurrent Clear Claimed Marks 0.011ms
[2024-08-28T13:09:08.956+0000][info][gc,marking  ] GC(11) Concurrent Scan Root Regions
[2024-08-28T13:09:08.964+0000][info][gc,marking  ] GC(11) Concurrent Scan Root Regions 8.018ms
[2024-08-28T13:09:08.964+0000][info][gc,marking  ] GC(11) Concurrent Mark
[2024-08-28T13:09:08.964+0000][info][gc,marking  ] GC(11) Concurrent Mark From Roots
[2024-08-28T13:09:08.964+0000][info][gc,task     ] GC(11) Using 17 workers of 17 for marking
[2024-08-28T13:09:08.986+0000][info][gc,marking  ] GC(11) Concurrent Mark From Roots 22.324ms
[2024-08-28T13:09:08.986+0000][info][gc,marking  ] GC(11) Concurrent Preclean
[2024-08-28T13:09:08.987+0000][info][gc,marking  ] GC(11) Concurrent Preclean 0.712ms
[2024-08-28T13:09:08.987+0000][info][gc,start    ] GC(11) Pause Remark
[2024-08-28T13:09:08.989+0000][info][gc          ] GC(11) Pause Remark 1119M->1111M(2048M) 1.509ms
[2024-08-28T13:09:08.989+0000][info][gc,cpu      ] GC(11) User=0.01s Sys=0.01s Real=0.00s
[2024-08-28T13:09:08.989+0000][info][gc,marking  ] GC(11) Concurrent Mark 25.067ms
[2024-08-28T13:09:08.989+0000][info][gc,marking  ] GC(11) Concurrent Rebuild Remembered Sets
[2024-08-28T13:09:09.035+0000][info][gc,marking  ] GC(11) Concurrent Rebuild Remembered Sets 46.208ms
[2024-08-28T13:09:09.036+0000][info][gc,start    ] GC(11) Pause Cleanup
[2024-08-28T13:09:09.038+0000][info][gc          ] GC(11) Pause Cleanup 1165M->1165M(2048M) 2.687ms
[2024-08-28T13:09:09.039+0000][info][gc,cpu      ] GC(11) User=0.01s Sys=0.00s Real=0.01s
[2024-08-28T13:09:09.039+0000][info][gc,marking  ] GC(11) Concurrent Cleanup for Next Mark
[2024-08-28T13:09:09.042+0000][info][gc,marking  ] GC(11) Concurrent Cleanup for Next Mark 2.974ms
[2024-08-28T13:09:09.042+0000][info][gc          ] GC(11) Concurrent Mark Cycle 85.745ms
[2024-08-28T13:09:09.090+0000][info][gc,start    ] GC(12) Pause Young (Prepare Mixed) (G1 Evacuation Pause)
[2024-08-28T13:09:09.090+0000][info][gc,task     ] GC(12) Using 49 workers of 68 for evacuation
[2024-08-28T13:09:09.111+0000][info][gc,phases   ] GC(12)   Pre Evacuate Collection Set: 0.4ms
[2024-08-28T13:09:09.111+0000][info][gc,phases   ] GC(12)   Merge Heap Roots: 0.5ms
[2024-08-28T13:09:09.111+0000][info][gc,phases   ] GC(12)   Evacuate Collection Set: 19.6ms
[2024-08-28T13:09:09.111+0000][info][gc,phases   ] GC(12)   Post Evacuate Collection Set: 0.6ms
[2024-08-28T13:09:09.111+0000][info][gc,phases   ] GC(12)   Other: 0.2ms
[2024-08-28T13:09:09.111+0000][info][gc,heap     ] GC(12) Eden regions: 139->0(82)
[2024-08-28T13:09:09.111+0000][info][gc,heap     ] GC(12) Survivor regions: 17->20(20)
[2024-08-28T13:09:09.111+0000][info][gc,heap     ] GC(12) Old regions: 1055->1194
[2024-08-28T13:09:09.111+0000][info][gc,heap     ] GC(12) Archive regions: 2->2
[2024-08-28T13:09:09.111+0000][info][gc,heap     ] GC(12) Humongous regions: 5->5
[2024-08-28T13:09:09.111+0000][info][gc,metaspace] GC(12) Metaspace: 100K(320K)->100K(320K) NonClass: 96K(192K)->96K(192K) Class: 4K(128K)->4K(128K)
[2024-08-28T13:09:09.111+0000][info][gc          ] GC(12) Pause Young (Prepare Mixed) (G1 Evacuation Pause) 1216M->1219M(2048M) 21.349ms
[2024-08-28T13:09:09.112+0000][info][gc,cpu      ] GC(12) User=0.40s Sys=0.57s Real=0.02s
[2024-08-28T13:09:09.186+0000][info][gc,start    ] GC(13) Pause Young (Mixed) (G1 Evacuation Pause)
[2024-08-28T13:09:09.186+0000][info][gc,task     ] GC(13) Using 49 workers of 68 for evacuation
[2024-08-28T13:09:09.204+0000][info][gc,phases   ] GC(13)   Pre Evacuate Collection Set: 0.4ms
[2024-08-28T13:09:09.204+0000][info][gc,phases   ] GC(13)   Merge Heap Roots: 0.6ms
[2024-08-28T13:09:09.204+0000][info][gc,phases   ] GC(13)   Evacuate Collection Set: 13.9ms
[2024-08-28T13:09:09.204+0000][info][gc,phases   ] GC(13)   Merge Optional Heap Roots: 0.2ms
[2024-08-28T13:09:09.204+0000][info][gc,phases   ] GC(13)   Evacuate Optional Collection Set: 1.1ms
[2024-08-28T13:09:09.204+0000][info][gc,phases   ] GC(13)   Post Evacuate Collection Set: 0.8ms
[2024-08-28T13:09:09.204+0000][info][gc,phases   ] GC(13)   Other: 0.3ms
[2024-08-28T13:09:09.204+0000][info][gc,heap     ] GC(13) Eden regions: 82->0(89)
[2024-08-28T13:09:09.204+0000][info][gc,heap     ] GC(13) Survivor regions: 20->13(13)
[2024-08-28T13:09:09.204+0000][info][gc,heap     ] GC(13) Old regions: 1194->1135
[2024-08-28T13:09:09.204+0000][info][gc,heap     ] GC(13) Archive regions: 2->2
[2024-08-28T13:09:09.204+0000][info][gc,heap     ] GC(13) Humongous regions: 5->5
[2024-08-28T13:09:09.204+0000][info][gc,metaspace] GC(13) Metaspace: 100K(320K)->100K(320K) NonClass: 96K(192K)->96K(192K) Class: 4K(128K)->4K(128K)
[2024-08-28T13:09:09.204+0000][info][gc          ] GC(13) Pause Young (Mixed) (G1 Evacuation Pause) 1301M->1153M(2048M) 17.327ms
[2024-08-28T13:09:09.204+0000][info][gc,cpu      ] GC(13) User=0.44s Sys=0.29s Real=0.02s
[2024-08-28T13:09:09.293+0000][info][gc,start    ] GC(14) Pause Young (Mixed) (G1 Evacuation Pause)
[2024-08-28T13:09:09.293+0000][info][gc,task     ] GC(14) Using 49 workers of 68 for evacuation
[2024-08-28T13:09:09.311+0000][info][gc,phases   ] GC(14)   Pre Evacuate Collection Set: 0.4ms
[2024-08-28T13:09:09.311+0000][info][gc,phases   ] GC(14)   Merge Heap Roots: 0.7ms
[2024-08-28T13:09:09.311+0000][info][gc,phases   ] GC(14)   Evacuate Collection Set: 15.9ms
[2024-08-28T13:09:09.311+0000][info][gc,phases   ] GC(14)   Post Evacuate Collection Set: 0.7ms
[2024-08-28T13:09:09.311+0000][info][gc,phases   ] GC(14)   Other: 0.2ms
[2024-08-28T13:09:09.311+0000][info][gc,heap     ] GC(14) Eden regions: 89->0(89)
[2024-08-28T13:09:09.311+0000][info][gc,heap     ] GC(14) Survivor regions: 13->13(13)
[2024-08-28T13:09:09.311+0000][info][gc,heap     ] GC(14) Old regions: 1135->1025
[2024-08-28T13:09:09.311+0000][info][gc,heap     ] GC(14) Archive regions: 2->2
[2024-08-28T13:09:09.311+0000][info][gc,heap     ] GC(14) Humongous regions: 5->5
[2024-08-28T13:09:09.311+0000][info][gc,metaspace] GC(14) Metaspace: 100K(320K)->100K(320K) NonClass: 96K(192K)->96K(192K) Class: 4K(128K)->4K(128K)
[2024-08-28T13:09:09.311+0000][info][gc          ] GC(14) Pause Young (Mixed) (G1 Evacuation Pause) 1242M->1043M(2048M) 17.913ms
[2024-08-28T13:09:09.311+0000][info][gc,cpu      ] GC(14) User=0.65s Sys=0.16s Real=0.02s
[2024-08-28T13:09:09.404+0000][info][gc,start    ] GC(15) Pause Young (Mixed) (G1 Evacuation Pause)
[2024-08-28T13:09:09.404+0000][info][gc,task     ] GC(15) Using 49 workers of 68 for evacuation
[2024-08-28T13:09:09.421+0000][info][gc,phases   ] GC(15)   Pre Evacuate Collection Set: 0.4ms
[2024-08-28T13:09:09.422+0000][info][gc,phases   ] GC(15)   Merge Heap Roots: 0.6ms
[2024-08-28T13:09:09.422+0000][info][gc,phases   ] GC(15)   Evacuate Collection Set: 15.7ms
[2024-08-28T13:09:09.422+0000][info][gc,phases   ] GC(15)   Post Evacuate Collection Set: 0.6ms
[2024-08-28T13:09:09.422+0000][info][gc,phases   ] GC(15)   Other: 0.3ms
[2024-08-28T13:09:09.422+0000][info][gc,heap     ] GC(15) Eden regions: 89->0(239)
[2024-08-28T13:09:09.422+0000][info][gc,heap     ] GC(15) Survivor regions: 13->13(13)
[2024-08-28T13:09:09.422+0000][info][gc,heap     ] GC(15) Old regions: 1025->1062
[2024-08-28T13:09:09.422+0000][info][gc,heap     ] GC(15) Archive regions: 2->2
[2024-08-28T13:09:09.422+0000][info][gc,heap     ] GC(15) Humongous regions: 5->5
[2024-08-28T13:09:09.422+0000][info][gc,metaspace] GC(15) Metaspace: 100K(320K)->100K(320K) NonClass: 96K(192K)->96K(192K) Class: 4K(128K)->4K(128K)
[2024-08-28T13:09:09.422+0000][info][gc          ] GC(15) Pause Young (Mixed) (G1 Evacuation Pause) 1132M->1080M(2048M) 17.576ms
[2024-08-28T13:09:09.422+0000][info][gc,cpu      ] GC(15) User=0.60s Sys=0.19s Real=0.02s
[2024-08-28T13:09:09.671+0000][info][gc,start    ] GC(16) Pause Young (Concurrent Start) (G1 Evacuation Pause)
[2024-08-28T13:09:09.671+0000][info][gc,task     ] GC(16) Using 49 workers of 68 for evacuation
[2024-08-28T13:09:09.705+0000][info][gc,phases   ] GC(16)   Pre Evacuate Collection Set: 0.4ms
[2024-08-28T13:09:09.705+0000][info][gc,phases   ] GC(16)   Merge Heap Roots: 0.9ms
[2024-08-28T13:09:09.705+0000][info][gc,phases   ] GC(16)   Evacuate Collection Set: 30.3ms
[2024-08-28T13:09:09.705+0000][info][gc,phases   ] GC(16)   Post Evacuate Collection Set: 0.9ms
[2024-08-28T13:09:09.705+0000][info][gc,phases   ] GC(16)   Other: 1.0ms
[2024-08-28T13:09:09.705+0000][info][gc,heap     ] GC(16) Eden regions: 239->0(166)
[2024-08-28T13:09:09.705+0000][info][gc,heap     ] GC(16) Survivor regions: 13->32(32)
[2024-08-28T13:09:09.705+0000][info][gc,heap     ] GC(16) Old regions: 1062->1278
[2024-08-28T13:09:09.705+0000][info][gc,heap     ] GC(16) Archive regions: 2->2
[2024-08-28T13:09:09.705+0000][info][gc,heap     ] GC(16) Humongous regions: 5->5
[2024-08-28T13:09:09.705+0000][info][gc,metaspace] GC(16) Metaspace: 100K(320K)->100K(320K) NonClass: 96K(192K)->96K(192K) Class: 4K(128K)->4K(128K)
[2024-08-28T13:09:09.705+0000][info][gc          ] GC(16) Pause Young (Concurrent Start) (G1 Evacuation Pause) 1319M->1315M(2048M) 33.524ms
[2024-08-28T13:09:09.705+0000][info][gc,cpu      ] GC(16) User=1.11s Sys=0.41s Real=0.03s
[2024-08-28T13:09:09.705+0000][info][gc          ] GC(17) Concurrent Mark Cycle
[2024-08-28T13:09:09.705+0000][info][gc,marking  ] GC(17) Concurrent Clear Claimed Marks
[2024-08-28T13:09:09.705+0000][info][gc,marking  ] GC(17) Concurrent Clear Claimed Marks 0.010ms
[2024-08-28T13:09:09.705+0000][info][gc,marking  ] GC(17) Concurrent Scan Root Regions
[2024-08-28T13:09:09.712+0000][info][gc,marking  ] GC(17) Concurrent Scan Root Regions 7.179ms
[2024-08-28T13:09:09.712+0000][info][gc,marking  ] GC(17) Concurrent Mark
[2024-08-28T13:09:09.712+0000][info][gc,marking  ] GC(17) Concurrent Mark From Roots
[2024-08-28T13:09:09.712+0000][info][gc,task     ] GC(17) Using 17 workers of 17 for marking
[2024-08-28T13:09:09.729+0000][info][gc,marking  ] GC(17) Concurrent Mark From Roots 16.976ms
[2024-08-28T13:09:09.729+0000][info][gc,marking  ] GC(17) Concurrent Preclean
[2024-08-28T13:09:09.730+0000][info][gc,marking  ] GC(17) Concurrent Preclean 0.516ms
[2024-08-28T13:09:09.730+0000][info][gc,start    ] GC(17) Pause Remark
[2024-08-28T13:09:09.732+0000][info][gc          ] GC(17) Pause Remark 1334M->1287M(2048M) 1.686ms
[2024-08-28T13:09:09.732+0000][info][gc,cpu      ] GC(17) User=0.01s Sys=0.01s Real=0.00s
[2024-08-28T13:09:09.732+0000][info][gc,marking  ] GC(17) Concurrent Mark 19.584ms
[2024-08-28T13:09:09.732+0000][info][gc,marking  ] GC(17) Concurrent Rebuild Remembered Sets
[2024-08-28T13:09:09.793+0000][info][gc,marking  ] GC(17) Concurrent Rebuild Remembered Sets 61.517ms
[2024-08-28T13:09:09.794+0000][info][gc,start    ] GC(17) Pause Cleanup
[2024-08-28T13:09:09.796+0000][info][gc          ] GC(17) Pause Cleanup 1355M->1355M(2048M) 2.742ms
[2024-08-28T13:09:09.796+0000][info][gc,cpu      ] GC(17) User=0.01s Sys=0.00s Real=0.00s
[2024-08-28T13:09:09.796+0000][info][gc,marking  ] GC(17) Concurrent Cleanup for Next Mark
[2024-08-28T13:09:09.800+0000][info][gc,marking  ] GC(17) Concurrent Cleanup for Next Mark 3.144ms
[2024-08-28T13:09:09.800+0000][info][gc          ] GC(17) Concurrent Mark Cycle 94.813ms
[2024-08-28T13:09:09.863+0000][info][gc,start    ] GC(18) Pause Young (Prepare Mixed) (G1 Evacuation Pause)
[2024-08-28T13:09:09.863+0000][info][gc,task     ] GC(18) Using 49 workers of 68 for evacuation
[2024-08-28T13:09:09.890+0000][info][gc,phases   ] GC(18)   Pre Evacuate Collection Set: 0.5ms
[2024-08-28T13:09:09.890+0000][info][gc,phases   ] GC(18)   Merge Heap Roots: 1.0ms
[2024-08-28T13:09:09.890+0000][info][gc,phases   ] GC(18)   Evacuate Collection Set: 24.4ms
[2024-08-28T13:09:09.890+0000][info][gc,phases   ] GC(18)   Post Evacuate Collection Set: 0.6ms
[2024-08-28T13:09:09.890+0000][info][gc,phases   ] GC(18)   Other: 0.3ms
[2024-08-28T13:09:09.890+0000][info][gc,heap     ] GC(18) Eden regions: 166->0(77)
[2024-08-28T13:09:09.890+0000][info][gc,heap     ] GC(18) Survivor regions: 32->25(25)
[2024-08-28T13:09:09.890+0000][info][gc,heap     ] GC(18) Old regions: 1231->1406
[2024-08-28T13:09:09.890+0000][info][gc,heap     ] GC(18) Archive regions: 2->2
[2024-08-28T13:09:09.890+0000][info][gc,heap     ] GC(18) Humongous regions: 5->5
[2024-08-28T13:09:09.890+0000][info][gc,metaspace] GC(18) Metaspace: 100K(320K)->100K(320K) NonClass: 96K(192K)->96K(192K) Class: 4K(128K)->4K(128K)
[2024-08-28T13:09:09.890+0000][info][gc          ] GC(18) Pause Young (Prepare Mixed) (G1 Evacuation Pause) 1434M->1436M(2048M) 26.708ms
[2024-08-28T13:09:09.890+0000][info][gc,cpu      ] GC(18) User=0.98s Sys=0.25s Real=0.03s
[2024-08-28T13:09:09.955+0000][info][gc,start    ] GC(19) Pause Young (Mixed) (G1 Evacuation Pause)
[2024-08-28T13:09:09.955+0000][info][gc,task     ] GC(19) Using 49 workers of 68 for evacuation
[2024-08-28T13:09:09.973+0000][info][gc,phases   ] GC(19)   Pre Evacuate Collection Set: 0.3ms
[2024-08-28T13:09:09.973+0000][info][gc,phases   ] GC(19)   Merge Heap Roots: 0.5ms
[2024-08-28T13:09:09.973+0000][info][gc,phases   ] GC(19)   Evacuate Collection Set: 16.2ms
[2024-08-28T13:09:09.973+0000][info][gc,phases   ] GC(19)   Post Evacuate Collection Set: 0.6ms
[2024-08-28T13:09:09.973+0000][info][gc,phases   ] GC(19)   Other: 0.3ms
[2024-08-28T13:09:09.973+0000][info][gc,heap     ] GC(19) Eden regions: 77->0(89)
[2024-08-28T13:09:09.973+0000][info][gc,heap     ] GC(19) Survivor regions: 25->13(13)
[2024-08-28T13:09:09.973+0000][info][gc,heap     ] GC(19) Old regions: 1406->1299
[2024-08-28T13:09:09.973+0000][info][gc,heap     ] GC(19) Archive regions: 2->2
[2024-08-28T13:09:09.973+0000][info][gc,heap     ] GC(19) Humongous regions: 5->5
[2024-08-28T13:09:09.973+0000][info][gc,metaspace] GC(19) Metaspace: 100K(320K)->100K(320K) NonClass: 96K(192K)->96K(192K) Class: 4K(128K)->4K(128K)
[2024-08-28T13:09:09.973+0000][info][gc          ] GC(19) Pause Young (Mixed) (G1 Evacuation Pause) 1513M->1317M(2048M) 17.920ms
[2024-08-28T13:09:09.973+0000][info][gc,cpu      ] GC(19) User=0.49s Sys=0.31s Real=0.02s
[2024-08-28T13:09:10.045+0000][info][gc,start    ] GC(20) Pause Young (Mixed) (G1 Evacuation Pause)
[2024-08-28T13:09:10.045+0000][info][gc,task     ] GC(20) Using 49 workers of 68 for evacuation
[2024-08-28T13:09:10.062+0000][info][gc,phases   ] GC(20)   Pre Evacuate Collection Set: 0.3ms
[2024-08-28T13:09:10.063+0000][info][gc,phases   ] GC(20)   Merge Heap Roots: 0.7ms
[2024-08-28T13:09:10.063+0000][info][gc,phases   ] GC(20)   Evacuate Collection Set: 15.3ms
[2024-08-28T13:09:10.063+0000][info][gc,phases   ] GC(20)   Post Evacuate Collection Set: 0.7ms
[2024-08-28T13:09:10.063+0000][info][gc,phases   ] GC(20)   Other: 0.2ms
[2024-08-28T13:09:10.063+0000][info][gc,heap     ] GC(20) Eden regions: 89->0(89)
[2024-08-28T13:09:10.063+0000][info][gc,heap     ] GC(20) Survivor regions: 13->13(13)
[2024-08-28T13:09:10.063+0000][info][gc,heap     ] GC(20) Old regions: 1299->1190
[2024-08-28T13:09:10.063+0000][info][gc,heap     ] GC(20) Archive regions: 2->2
[2024-08-28T13:09:10.063+0000][info][gc,heap     ] GC(20) Humongous regions: 5->5
[2024-08-28T13:09:10.063+0000][info][gc,metaspace] GC(20) Metaspace: 100K(320K)->100K(320K) NonClass: 96K(192K)->96K(192K) Class: 4K(128K)->4K(128K)
[2024-08-28T13:09:10.063+0000][info][gc          ] GC(20) Pause Young (Mixed) (G1 Evacuation Pause) 1406M->1208M(2048M) 17.254ms
[2024-08-28T13:09:10.063+0000][info][gc,cpu      ] GC(20) User=0.70s Sys=0.07s Real=0.02s
[2024-08-28T13:09:10.133+0000][info][gc,start    ] GC(21) Pause Young (Mixed) (G1 Evacuation Pause)
[2024-08-28T13:09:10.133+0000][info][gc,task     ] GC(21) Using 49 workers of 68 for evacuation
[2024-08-28T13:09:10.151+0000][info][gc,phases   ] GC(21)   Pre Evacuate Collection Set: 0.3ms
[2024-08-28T13:09:10.151+0000][info][gc,phases   ] GC(21)   Merge Heap Roots: 0.6ms
[2024-08-28T13:09:10.151+0000][info][gc,phases   ] GC(21)   Evacuate Collection Set: 15.9ms
[2024-08-28T13:09:10.151+0000][info][gc,phases   ] GC(21)   Post Evacuate Collection Set: 0.6ms
[2024-08-28T13:09:10.151+0000][info][gc,phases   ] GC(21)   Other: 0.2ms
[2024-08-28T13:09:10.151+0000][info][gc,heap     ] GC(21) Eden regions: 89->0(233)
[2024-08-28T13:09:10.151+0000][info][gc,heap     ] GC(21) Survivor regions: 13->13(13)
[2024-08-28T13:09:10.151+0000][info][gc,heap     ] GC(21) Old regions: 1190->1081
[2024-08-28T13:09:10.151+0000][info][gc,heap     ] GC(21) Archive regions: 2->2
[2024-08-28T13:09:10.151+0000][info][gc,heap     ] GC(21) Humongous regions: 5->5
[2024-08-28T13:09:10.151+0000][info][gc,metaspace] GC(21) Metaspace: 100K(320K)->100K(320K) NonClass: 96K(192K)->96K(192K) Class: 4K(128K)->4K(128K)
[2024-08-28T13:09:10.151+0000][info][gc          ] GC(21) Pause Young (Mixed) (G1 Evacuation Pause) 1297M->1099M(2048M) 17.716ms
[2024-08-28T13:09:10.151+0000][info][gc,cpu      ] GC(21) User=0.79s Sys=0.02s Real=0.02s
[2024-08-28T13:09:10.329+0000][info][gc,start    ] GC(22) Pause Young (Concurrent Start) (G1 Evacuation Pause)
[2024-08-28T13:09:10.329+0000][info][gc,task     ] GC(22) Using 49 workers of 68 for evacuation
[2024-08-28T13:09:10.359+0000][info][gc,phases   ] GC(22)   Pre Evacuate Collection Set: 0.3ms
[2024-08-28T13:09:10.359+0000][info][gc,phases   ] GC(22)   Merge Heap Roots: 0.7ms
[2024-08-28T13:09:10.359+0000][info][gc,phases   ] GC(22)   Evacuate Collection Set: 27.9ms
[2024-08-28T13:09:10.359+0000][info][gc,phases   ] GC(22)   Post Evacuate Collection Set: 0.8ms
[2024-08-28T13:09:10.359+0000][info][gc,phases   ] GC(22)   Other: 0.6ms
[2024-08-28T13:09:10.359+0000][info][gc,heap     ] GC(22) Eden regions: 233->0(162)
[2024-08-28T13:09:10.359+0000][info][gc,heap     ] GC(22) Survivor regions: 13->31(31)
[2024-08-28T13:09:10.359+0000][info][gc,heap     ] GC(22) Old regions: 1081->1293
[2024-08-28T13:09:10.359+0000][info][gc,heap     ] GC(22) Archive regions: 2->2
[2024-08-28T13:09:10.359+0000][info][gc,heap     ] GC(22) Humongous regions: 5->5
[2024-08-28T13:09:10.359+0000][info][gc,metaspace] GC(22) Metaspace: 100K(320K)->100K(320K) NonClass: 96K(192K)->96K(192K) Class: 4K(128K)->4K(128K)
[2024-08-28T13:09:10.359+0000][info][gc          ] GC(22) Pause Young (Concurrent Start) (G1 Evacuation Pause) 1332M->1329M(2048M) 30.300ms
[2024-08-28T13:09:10.359+0000][info][gc,cpu      ] GC(22) User=1.35s Sys=0.03s Real=0.04s
[2024-08-28T13:09:10.359+0000][info][gc          ] GC(23) Concurrent Mark Cycle
[2024-08-28T13:09:10.359+0000][info][gc,marking  ] GC(23) Concurrent Clear Claimed Marks
[2024-08-28T13:09:10.359+0000][info][gc,marking  ] GC(23) Concurrent Clear Claimed Marks 0.009ms
[2024-08-28T13:09:10.359+0000][info][gc,marking  ] GC(23) Concurrent Scan Root Regions
[2024-08-28T13:09:10.366+0000][info][gc,marking  ] GC(23) Concurrent Scan Root Regions 6.852ms
[2024-08-28T13:09:10.366+0000][info][gc,marking  ] GC(23) Concurrent Mark
[2024-08-28T13:09:10.366+0000][info][gc,marking  ] GC(23) Concurrent Mark From Roots
[2024-08-28T13:09:10.366+0000][info][gc,task     ] GC(23) Using 17 workers of 17 for marking
[2024-08-28T13:09:10.383+0000][info][gc,marking  ] GC(23) Concurrent Mark From Roots 17.452ms
[2024-08-28T13:09:10.383+0000][info][gc,marking  ] GC(23) Concurrent Preclean
[2024-08-28T13:09:10.385+0000][info][gc,marking  ] GC(23) Concurrent Preclean 1.412ms
[2024-08-28T13:09:10.385+0000][info][gc,start    ] GC(23) Pause Remark
[2024-08-28T13:09:10.387+0000][info][gc          ] GC(23) Pause Remark 1350M->1295M(2048M) 1.608ms
[2024-08-28T13:09:10.387+0000][info][gc,cpu      ] GC(23) User=0.01s Sys=0.01s Real=0.00s
[2024-08-28T13:09:10.387+0000][info][gc,marking  ] GC(23) Concurrent Mark 20.915ms
[2024-08-28T13:09:10.387+0000][info][gc,marking  ] GC(23) Concurrent Rebuild Remembered Sets
[2024-08-28T13:09:10.459+0000][info][gc,marking  ] GC(23) Concurrent Rebuild Remembered Sets 72.254ms
[2024-08-28T13:09:10.460+0000][info][gc,start    ] GC(23) Pause Cleanup
[2024-08-28T13:09:10.462+0000][info][gc          ] GC(23) Pause Cleanup 1369M->1369M(2048M) 2.691ms
[2024-08-28T13:09:10.462+0000][info][gc,cpu      ] GC(23) User=0.02s Sys=0.01s Real=0.00s
[2024-08-28T13:09:10.462+0000][info][gc,marking  ] GC(23) Concurrent Cleanup for Next Mark
[2024-08-28T13:09:10.464+0000][info][gc,marking  ] GC(23) Concurrent Cleanup for Next Mark 1.921ms
[2024-08-28T13:09:10.464+0000][info][gc          ] GC(23) Concurrent Mark Cycle 105.488ms
[2024-08-28T13:09:10.584+0000][info][gc,start    ] GC(24) Pause Young (Prepare Mixed) (G1 Evacuation Pause)
[2024-08-28T13:09:10.584+0000][info][gc,task     ] GC(24) Using 49 workers of 68 for evacuation
[2024-08-28T13:09:10.612+0000][info][gc,phases   ] GC(24)   Pre Evacuate Collection Set: 0.3ms
[2024-08-28T13:09:10.612+0000][info][gc,phases   ] GC(24)   Merge Heap Roots: 1.0ms
[2024-08-28T13:09:10.612+0000][info][gc,phases   ] GC(24)   Evacuate Collection Set: 25.9ms
[2024-08-28T13:09:10.612+0000][info][gc,phases   ] GC(24)   Post Evacuate Collection Set: 0.7ms
[2024-08-28T13:09:10.612+0000][info][gc,phases   ] GC(24)   Other: 0.2ms
[2024-08-28T13:09:10.612+0000][info][gc,heap     ] GC(24) Eden regions: 162->0(77)
[2024-08-28T13:09:10.612+0000][info][gc,heap     ] GC(24) Survivor regions: 31->25(25)
[2024-08-28T13:09:10.612+0000][info][gc,heap     ] GC(24) Old regions: 1238->1409
[2024-08-28T13:09:10.612+0000][info][gc,heap     ] GC(24) Archive regions: 2->2
[2024-08-28T13:09:10.612+0000][info][gc,heap     ] GC(24) Humongous regions: 5->5
[2024-08-28T13:09:10.612+0000][info][gc,metaspace] GC(24) Metaspace: 100K(320K)->100K(320K) NonClass: 96K(192K)->96K(192K) Class: 4K(128K)->4K(128K)
[2024-08-28T13:09:10.612+0000][info][gc          ] GC(24) Pause Young (Prepare Mixed) (G1 Evacuation Pause) 1436M->1439M(2048M) 28.166ms
[2024-08-28T13:09:10.612+0000][info][gc,cpu      ] GC(24) User=1.20s Sys=0.10s Real=0.03s
[2024-08-28T13:09:10.672+0000][info][gc,start    ] GC(25) Pause Young (Mixed) (G1 Evacuation Pause)
[2024-08-28T13:09:10.672+0000][info][gc,task     ] GC(25) Using 49 workers of 68 for evacuation
[2024-08-28T13:09:10.700+0000][info][gc,phases   ] GC(25)   Pre Evacuate Collection Set: 0.4ms
[2024-08-28T13:09:10.700+0000][info][gc,phases   ] GC(25)   Merge Heap Roots: 0.5ms
[2024-08-28T13:09:10.700+0000][info][gc,phases   ] GC(25)   Evacuate Collection Set: 26.0ms
[2024-08-28T13:09:10.700+0000][info][gc,phases   ] GC(25)   Post Evacuate Collection Set: 0.7ms
[2024-08-28T13:09:10.700+0000][info][gc,phases   ] GC(25)   Other: 0.3ms
[2024-08-28T13:09:10.700+0000][info][gc,heap     ] GC(25) Eden regions: 77->0(89)
[2024-08-28T13:09:10.700+0000][info][gc,heap     ] GC(25) Survivor regions: 25->13(13)
[2024-08-28T13:09:10.700+0000][info][gc,heap     ] GC(25) Old regions: 1409->1303
[2024-08-28T13:09:10.700+0000][info][gc,heap     ] GC(25) Archive regions: 2->2
[2024-08-28T13:09:10.700+0000][info][gc,heap     ] GC(25) Humongous regions: 5->5
[2024-08-28T13:09:10.700+0000][info][gc,metaspace] GC(25) Metaspace: 100K(320K)->100K(320K) NonClass: 96K(192K)->96K(192K) Class: 4K(128K)->4K(128K)
[2024-08-28T13:09:10.700+0000][info][gc          ] GC(25) Pause Young (Mixed) (G1 Evacuation Pause) 1516M->1321M(2048M) 27.880ms
[2024-08-28T13:09:10.700+0000][info][gc,cpu      ] GC(25) User=0.94s Sys=0.02s Real=0.03s
[2024-08-28T13:09:10.828+0000][info][gc,start    ] GC(26) Pause Young (Mixed) (G1 Evacuation Pause)
[2024-08-28T13:09:10.828+0000][info][gc,task     ] GC(26) Using 49 workers of 68 for evacuation
[2024-08-28T13:09:10.860+0000][info][gc,phases   ] GC(26)   Pre Evacuate Collection Set: 0.4ms
[2024-08-28T13:09:10.860+0000][info][gc,phases   ] GC(26)   Merge Heap Roots: 7.8ms
[2024-08-28T13:09:10.860+0000][info][gc,phases   ] GC(26)   Evacuate Collection Set: 23.1ms
[2024-08-28T13:09:10.860+0000][info][gc,phases   ] GC(26)   Post Evacuate Collection Set: 0.7ms
[2024-08-28T13:09:10.860+0000][info][gc,phases   ] GC(26)   Other: 0.3ms
[2024-08-28T13:09:10.860+0000][info][gc,heap     ] GC(26) Eden regions: 89->0(89)
[2024-08-28T13:09:10.860+0000][info][gc,heap     ] GC(26) Survivor regions: 13->13(13)
[2024-08-28T13:09:10.860+0000][info][gc,heap     ] GC(26) Old regions: 1303->1193
[2024-08-28T13:09:10.860+0000][info][gc,heap     ] GC(26) Archive regions: 2->2
[2024-08-28T13:09:10.861+0000][info][gc,heap     ] GC(26) Humongous regions: 5->5
[2024-08-28T13:09:10.861+0000][info][gc,metaspace] GC(26) Metaspace: 100K(320K)->100K(320K) NonClass: 96K(192K)->96K(192K) Class: 4K(128K)->4K(128K)
[2024-08-28T13:09:10.861+0000][info][gc          ] GC(26) Pause Young (Mixed) (G1 Evacuation Pause) 1410M->1211M(2048M) 32.311ms
[2024-08-28T13:09:10.861+0000][info][gc,cpu      ] GC(26) User=0.84s Sys=0.33s Real=0.04s
[2024-08-28T13:09:11.016+0000][info][gc,start    ] GC(27) Pause Young (Mixed) (G1 Evacuation Pause)
[2024-08-28T13:09:11.016+0000][info][gc,task     ] GC(27) Using 49 workers of 68 for evacuation
[2024-08-28T13:09:11.041+0000][info][gc,phases   ] GC(27)   Pre Evacuate Collection Set: 0.4ms
[2024-08-28T13:09:11.041+0000][info][gc,phases   ] GC(27)   Merge Heap Roots: 0.6ms
[2024-08-28T13:09:11.041+0000][info][gc,phases   ] GC(27)   Evacuate Collection Set: 22.9ms
[2024-08-28T13:09:11.041+0000][info][gc,phases   ] GC(27)   Post Evacuate Collection Set: 0.7ms
[2024-08-28T13:09:11.041+0000][info][gc,phases   ] GC(27)   Other: 0.3ms
[2024-08-28T13:09:11.041+0000][info][gc,heap     ] GC(27) Eden regions: 89->0(89)
[2024-08-28T13:09:11.041+0000][info][gc,heap     ] GC(27) Survivor regions: 13->13(13)
[2024-08-28T13:09:11.041+0000][info][gc,heap     ] GC(27) Old regions: 1193->1083
[2024-08-28T13:09:11.041+0000][info][gc,heap     ] GC(27) Archive regions: 2->2
[2024-08-28T13:09:11.041+0000][info][gc,heap     ] GC(27) Humongous regions: 5->5
[2024-08-28T13:09:11.041+0000][info][gc,metaspace] GC(27) Metaspace: 100K(320K)->100K(320K) NonClass: 96K(192K)->96K(192K) Class: 4K(128K)->4K(128K)
[2024-08-28T13:09:11.041+0000][info][gc          ] GC(27) Pause Young (Mixed) (G1 Evacuation Pause) 1300M->1101M(2048M) 24.894ms
[2024-08-28T13:09:11.041+0000][info][gc,cpu      ] GC(27) User=0.76s Sys=0.26s Real=0.03s
[2024-08-28T13:09:11.188+0000][info][gc,start    ] GC(28) Pause Young (Mixed) (G1 Evacuation Pause)
[2024-08-28T13:09:11.188+0000][info][gc,task     ] GC(28) Using 49 workers of 68 for evacuation
[2024-08-28T13:09:11.207+0000][info][gc,phases   ] GC(28)   Pre Evacuate Collection Set: 0.3ms
[2024-08-28T13:09:11.207+0000][info][gc,phases   ] GC(28)   Merge Heap Roots: 0.7ms
[2024-08-28T13:09:11.207+0000][info][gc,phases   ] GC(28)   Evacuate Collection Set: 17.1ms
[2024-08-28T13:09:11.207+0000][info][gc,phases   ] GC(28)   Post Evacuate Collection Set: 0.5ms
[2024-08-28T13:09:11.207+0000][info][gc,phases   ] GC(28)   Other: 0.3ms
[2024-08-28T13:09:11.207+0000][info][gc,heap     ] GC(28) Eden regions: 89->0(206)
[2024-08-28T13:09:11.207+0000][info][gc,heap     ] GC(28) Survivor regions: 13->13(13)
[2024-08-28T13:09:11.207+0000][info][gc,heap     ] GC(28) Old regions: 1083->1173
[2024-08-28T13:09:11.207+0000][info][gc,heap     ] GC(28) Archive regions: 2->2
[2024-08-28T13:09:11.207+0000][info][gc,heap     ] GC(28) Humongous regions: 5->5
[2024-08-28T13:09:11.207+0000][info][gc,metaspace] GC(28) Metaspace: 100K(320K)->100K(320K) NonClass: 96K(192K)->96K(192K) Class: 4K(128K)->4K(128K)
[2024-08-28T13:09:11.207+0000][info][gc          ] GC(28) Pause Young (Mixed) (G1 Evacuation Pause) 1190M->1191M(2048M) 18.962ms
[2024-08-28T13:09:11.207+0000][info][gc,cpu      ] GC(28) User=0.79s Sys=0.08s Real=0.02s
[2024-08-28T13:09:11.487+0000][info][gc,start    ] GC(29) Pause Young (Normal) (G1 Evacuation Pause)
[2024-08-28T13:09:11.487+0000][info][gc,task     ] GC(29) Using 49 workers of 68 for evacuation
[2024-08-28T13:09:11.520+0000][info][gc,phases   ] GC(29)   Pre Evacuate Collection Set: 0.3ms
[2024-08-28T13:09:11.520+0000][info][gc,phases   ] GC(29)   Merge Heap Roots: 0.9ms
[2024-08-28T13:09:11.521+0000][info][gc,phases   ] GC(29)   Evacuate Collection Set: 31.2ms
[2024-08-28T13:09:11.521+0000][info][gc,phases   ] GC(29)   Post Evacuate Collection Set: 0.8ms
[2024-08-28T13:09:11.521+0000][info][gc,phases   ] GC(29)   Other: 0.2ms
[2024-08-28T13:09:11.521+0000][info][gc,heap     ] GC(29) Eden regions: 206->0(142)
[2024-08-28T13:09:11.521+0000][info][gc,heap     ] GC(29) Survivor regions: 13->28(28)
[2024-08-28T13:09:11.521+0000][info][gc,heap     ] GC(29) Old regions: 1173->1362
[2024-08-28T13:09:11.521+0000][info][gc,heap     ] GC(29) Archive regions: 2->2
[2024-08-28T13:09:11.521+0000][info][gc,heap     ] GC(29) Humongous regions: 5->5
[2024-08-28T13:09:11.521+0000][info][gc,metaspace] GC(29) Metaspace: 100K(320K)->100K(320K) NonClass: 96K(192K)->96K(192K) Class: 4K(128K)->4K(128K)
[2024-08-28T13:09:11.521+0000][info][gc          ] GC(29) Pause Young (Normal) (G1 Evacuation Pause) 1397M->1395M(2048M) 33.508ms
[2024-08-28T13:09:11.521+0000][info][gc,cpu      ] GC(29) User=1.00s Sys=0.56s Real=0.04s
[2024-08-28T13:09:11.618+0000][info][gc,start    ] GC(30) Pause Young (Concurrent Start) (G1 Evacuation Pause)
[2024-08-28T13:09:11.618+0000][info][gc,task     ] GC(30) Using 49 workers of 68 for evacuation
[2024-08-28T13:09:11.648+0000][info][gc,phases   ] GC(30)   Pre Evacuate Collection Set: 0.3ms
[2024-08-28T13:09:11.648+0000][info][gc,phases   ] GC(30)   Merge Heap Roots: 0.7ms
[2024-08-28T13:09:11.648+0000][info][gc,phases   ] GC(30)   Evacuate Collection Set: 27.8ms
[2024-08-28T13:09:11.648+0000][info][gc,phases   ] GC(30)   Post Evacuate Collection Set: 0.6ms
[2024-08-28T13:09:11.648+0000][info][gc,phases   ] GC(30)   Other: 0.7ms
[2024-08-28T13:09:11.648+0000][info][gc,heap     ] GC(30) Eden regions: 142->0(94)
[2024-08-28T13:09:11.648+0000][info][gc,heap     ] GC(30) Survivor regions: 28->22(22)
[2024-08-28T13:09:11.648+0000][info][gc,heap     ] GC(30) Old regions: 1362->1516
[2024-08-28T13:09:11.648+0000][info][gc,heap     ] GC(30) Archive regions: 2->2
[2024-08-28T13:09:11.648+0000][info][gc,heap     ] GC(30) Humongous regions: 5->5
[2024-08-28T13:09:11.648+0000][info][gc,metaspace] GC(30) Metaspace: 100K(320K)->100K(320K) NonClass: 96K(192K)->96K(192K) Class: 4K(128K)->4K(128K)
[2024-08-28T13:09:11.648+0000][info][gc          ] GC(30) Pause Young (Concurrent Start) (G1 Evacuation Pause) 1537M->1543M(2048M) 30.258ms
[2024-08-28T13:09:11.648+0000][info][gc,cpu      ] GC(30) User=0.96s Sys=0.43s Real=0.02s
[2024-08-28T13:09:11.648+0000][info][gc          ] GC(31) Concurrent Mark Cycle
[2024-08-28T13:09:11.648+0000][info][gc,marking  ] GC(31) Concurrent Clear Claimed Marks
[2024-08-28T13:09:11.648+0000][info][gc,marking  ] GC(31) Concurrent Clear Claimed Marks 0.010ms
[2024-08-28T13:09:11.648+0000][info][gc,marking  ] GC(31) Concurrent Scan Root Regions
[2024-08-28T13:09:11.653+0000][info][gc,marking  ] GC(31) Concurrent Scan Root Regions 4.795ms
[2024-08-28T13:09:11.653+0000][info][gc,marking  ] GC(31) Concurrent Mark
[2024-08-28T13:09:11.653+0000][info][gc,marking  ] GC(31) Concurrent Mark From Roots
[2024-08-28T13:09:11.653+0000][info][gc,task     ] GC(31) Using 17 workers of 17 for marking
[2024-08-28T13:09:11.675+0000][info][gc,marking  ] GC(31) Concurrent Mark From Roots 22.269ms
[2024-08-28T13:09:11.676+0000][info][gc,marking  ] GC(31) Concurrent Preclean
[2024-08-28T13:09:11.676+0000][info][gc,marking  ] GC(31) Concurrent Preclean 0.505ms
[2024-08-28T13:09:11.676+0000][info][gc,start    ] GC(31) Pause Remark
[2024-08-28T13:09:11.678+0000][info][gc          ] GC(31) Pause Remark 1569M->1382M(2048M) 2.002ms
[2024-08-28T13:09:11.678+0000][info][gc,cpu      ] GC(31) User=0.02s Sys=0.00s Real=0.01s
[2024-08-28T13:09:11.678+0000][info][gc,marking  ] GC(31) Concurrent Mark 25.263ms
[2024-08-28T13:09:11.678+0000][info][gc,marking  ] GC(31) Concurrent Rebuild Remembered Sets
[2024-08-28T13:09:11.732+0000][info][gc,start    ] GC(32) Pause Young (Normal) (G1 Evacuation Pause)
[2024-08-28T13:09:11.732+0000][info][gc,task     ] GC(32) Using 49 workers of 68 for evacuation
[2024-08-28T13:09:11.754+0000][info][gc,phases   ] GC(32)   Pre Evacuate Collection Set: 0.3ms
[2024-08-28T13:09:11.754+0000][info][gc,phases   ] GC(32)   Merge Heap Roots: 1.0ms
[2024-08-28T13:09:11.754+0000][info][gc,phases   ] GC(32)   Evacuate Collection Set: 19.7ms
[2024-08-28T13:09:11.754+0000][info][gc,phases   ] GC(32)   Post Evacuate Collection Set: 0.9ms
[2024-08-28T13:09:11.754+0000][info][gc,phases   ] GC(32)   Other: 0.3ms
[2024-08-28T13:09:11.754+0000][info][gc,heap     ] GC(32) Eden regions: 94->0(122)
[2024-08-28T13:09:11.754+0000][info][gc,heap     ] GC(32) Survivor regions: 22->15(15)
[2024-08-28T13:09:11.754+0000][info][gc,heap     ] GC(32) Old regions: 1329->1439
[2024-08-28T13:09:11.754+0000][info][gc,heap     ] GC(32) Archive regions: 2->2
[2024-08-28T13:09:11.754+0000][info][gc,heap     ] GC(32) Humongous regions: 5->5
[2024-08-28T13:09:11.754+0000][info][gc,metaspace] GC(32) Metaspace: 100K(320K)->100K(320K) NonClass: 96K(192K)->96K(192K) Class: 4K(128K)->4K(128K)
[2024-08-28T13:09:11.754+0000][info][gc          ] GC(32) Pause Young (Normal) (G1 Evacuation Pause) 1450M->1459M(2048M) 22.221ms
[2024-08-28T13:09:11.754+0000][info][gc,cpu      ] GC(32) User=0.78s Sys=0.24s Real=0.02s
[2024-08-28T13:09:11.775+0000][info][gc,marking  ] GC(31) Concurrent Rebuild Remembered Sets 96.397ms
[2024-08-28T13:09:11.775+0000][info][gc,start    ] GC(31) Pause Cleanup
[2024-08-28T13:09:11.778+0000][info][gc          ] GC(31) Pause Cleanup 1487M->1487M(2048M) 3.169ms
[2024-08-28T13:09:11.778+0000][info][gc,cpu      ] GC(31) User=0.01s Sys=0.01s Real=0.01s
[2024-08-28T13:09:11.778+0000][info][gc,marking  ] GC(31) Concurrent Cleanup for Next Mark
[2024-08-28T13:09:11.780+0000][info][gc,marking  ] GC(31) Concurrent Cleanup for Next Mark 1.955ms
[2024-08-28T13:09:11.780+0000][info][gc          ] GC(31) Concurrent Mark Cycle 132.186ms
[2024-08-28T13:09:11.845+0000][info][gc,start    ] GC(33) Pause Young (Prepare Mixed) (G1 Evacuation Pause)
[2024-08-28T13:09:11.845+0000][info][gc,task     ] GC(33) Using 49 workers of 68 for evacuation
[2024-08-28T13:09:11.872+0000][info][gc,phases   ] GC(33)   Pre Evacuate Collection Set: 0.3ms
[2024-08-28T13:09:11.872+0000][info][gc,phases   ] GC(33)   Merge Heap Roots: 0.6ms
[2024-08-28T13:09:11.872+0000][info][gc,phases   ] GC(33)   Evacuate Collection Set: 25.3ms
[2024-08-28T13:09:11.872+0000][info][gc,phases   ] GC(33)   Post Evacuate Collection Set: 0.6ms
[2024-08-28T13:09:11.872+0000][info][gc,phases   ] GC(33)   Other: 0.2ms
[2024-08-28T13:09:11.872+0000][info][gc,heap     ] GC(33) Eden regions: 122->0(84)
[2024-08-28T13:09:11.872+0000][info][gc,heap     ] GC(33) Survivor regions: 15->18(18)
[2024-08-28T13:09:11.872+0000][info][gc,heap     ] GC(33) Old regions: 1439->1562
[2024-08-28T13:09:11.872+0000][info][gc,heap     ] GC(33) Archive regions: 2->2
[2024-08-28T13:09:11.872+0000][info][gc,heap     ] GC(33) Humongous regions: 5->5
[2024-08-28T13:09:11.872+0000][info][gc,metaspace] GC(33) Metaspace: 100K(320K)->100K(320K) NonClass: 96K(192K)->96K(192K) Class: 4K(128K)->4K(128K)
[2024-08-28T13:09:11.872+0000][info][gc          ] GC(33) Pause Young (Prepare Mixed) (G1 Evacuation Pause) 1581M->1585M(2048M) 27.052ms
[2024-08-28T13:09:11.872+0000][info][gc,cpu      ] GC(33) User=0.66s Sys=0.60s Real=0.03s
[2024-08-28T13:09:11.930+0000][info][gc,start    ] GC(34) Pause Young (Mixed) (G1 Evacuation Pause)
[2024-08-28T13:09:11.931+0000][info][gc,task     ] GC(34) Using 49 workers of 68 for evacuation
[2024-08-28T13:09:11.959+0000][info][gc,phases   ] GC(34)   Pre Evacuate Collection Set: 0.4ms
[2024-08-28T13:09:11.959+0000][info][gc,phases   ] GC(34)   Merge Heap Roots: 0.5ms
[2024-08-28T13:09:11.959+0000][info][gc,phases   ] GC(34)   Evacuate Collection Set: 26.8ms
[2024-08-28T13:09:11.959+0000][info][gc,phases   ] GC(34)   Post Evacuate Collection Set: 0.6ms
[2024-08-28T13:09:11.959+0000][info][gc,phases   ] GC(34)   Other: 0.2ms
[2024-08-28T13:09:11.959+0000][info][gc,heap     ] GC(34) Eden regions: 84->0(89)
[2024-08-28T13:09:11.959+0000][info][gc,heap     ] GC(34) Survivor regions: 18->13(13)
[2024-08-28T13:09:11.959+0000][info][gc,heap     ] GC(34) Old regions: 1562->1453
[2024-08-28T13:09:11.959+0000][info][gc,heap     ] GC(34) Archive regions: 2->2
[2024-08-28T13:09:11.959+0000][info][gc,heap     ] GC(34) Humongous regions: 5->5
[2024-08-28T13:09:11.959+0000][info][gc,metaspace] GC(34) Metaspace: 100K(320K)->100K(320K) NonClass: 96K(192K)->96K(192K) Class: 4K(128K)->4K(128K)
[2024-08-28T13:09:11.959+0000][info][gc          ] GC(34) Pause Young (Mixed) (G1 Evacuation Pause) 1669M->1471M(2048M) 28.662ms
[2024-08-28T13:09:11.959+0000][info][gc,cpu      ] GC(34) User=0.67s Sys=0.66s Real=0.03s
[2024-08-28T13:09:12.029+0000][info][gc,start    ] GC(35) Pause Young (Mixed) (G1 Evacuation Pause)
[2024-08-28T13:09:12.029+0000][info][gc,task     ] GC(35) Using 49 workers of 68 for evacuation
[2024-08-28T13:09:12.048+0000][info][gc,phases   ] GC(35)   Pre Evacuate Collection Set: 0.4ms
[2024-08-28T13:09:12.048+0000][info][gc,phases   ] GC(35)   Merge Heap Roots: 0.6ms
[2024-08-28T13:09:12.048+0000][info][gc,phases   ] GC(35)   Evacuate Collection Set: 17.9ms
[2024-08-28T13:09:12.048+0000][info][gc,phases   ] GC(35)   Post Evacuate Collection Set: 0.7ms
[2024-08-28T13:09:12.048+0000][info][gc,phases   ] GC(35)   Other: 0.3ms
[2024-08-28T13:09:12.048+0000][info][gc,heap     ] GC(35) Eden regions: 89->0(89)
[2024-08-28T13:09:12.048+0000][info][gc,heap     ] GC(35) Survivor regions: 13->13(13)
[2024-08-28T13:09:12.048+0000][info][gc,heap     ] GC(35) Old regions: 1453->1341
[2024-08-28T13:09:12.048+0000][info][gc,heap     ] GC(35) Archive regions: 2->2
[2024-08-28T13:09:12.048+0000][info][gc,heap     ] GC(35) Humongous regions: 5->5
[2024-08-28T13:09:12.048+0000][info][gc,metaspace] GC(35) Metaspace: 100K(320K)->100K(320K) NonClass: 96K(192K)->96K(192K) Class: 4K(128K)->4K(128K)
[2024-08-28T13:09:12.049+0000][info][gc          ] GC(35) Pause Young (Mixed) (G1 Evacuation Pause) 1560M->1359M(2048M) 19.864ms
[2024-08-28T13:09:12.049+0000][info][gc,cpu      ] GC(35) User=0.76s Sys=0.13s Real=0.02s
[2024-08-28T13:09:12.109+0000][info][gc,start    ] GC(36) Pause Young (Mixed) (G1 Evacuation Pause)
[2024-08-28T13:09:12.109+0000][info][gc,task     ] GC(36) Using 49 workers of 68 for evacuation
[2024-08-28T13:09:12.127+0000][info][gc,phases   ] GC(36)   Pre Evacuate Collection Set: 0.4ms
[2024-08-28T13:09:12.127+0000][info][gc,phases   ] GC(36)   Merge Heap Roots: 0.6ms
[2024-08-28T13:09:12.127+0000][info][gc,phases   ] GC(36)   Evacuate Collection Set: 15.9ms
[2024-08-28T13:09:12.127+0000][info][gc,phases   ] GC(36)   Post Evacuate Collection Set: 0.7ms
[2024-08-28T13:09:12.127+0000][info][gc,phases   ] GC(36)   Other: 0.3ms
[2024-08-28T13:09:12.127+0000][info][gc,heap     ] GC(36) Eden regions: 89->0(89)
[2024-08-28T13:09:12.127+0000][info][gc,heap     ] GC(36) Survivor regions: 13->13(13)
[2024-08-28T13:09:12.127+0000][info][gc,heap     ] GC(36) Old regions: 1341->1231
[2024-08-28T13:09:12.127+0000][info][gc,heap     ] GC(36) Archive regions: 2->2
[2024-08-28T13:09:12.127+0000][info][gc,heap     ] GC(36) Humongous regions: 5->5
[2024-08-28T13:09:12.127+0000][info][gc,metaspace] GC(36) Metaspace: 100K(320K)->100K(320K) NonClass: 96K(192K)->96K(192K) Class: 4K(128K)->4K(128K)
[2024-08-28T13:09:12.127+0000][info][gc          ] GC(36) Pause Young (Mixed) (G1 Evacuation Pause) 1448M->1249M(2048M) 17.927ms
[2024-08-28T13:09:12.127+0000][info][gc,cpu      ] GC(36) User=0.75s Sys=0.05s Real=0.02s
[2024-08-28T13:09:12.187+0000][info][gc,start    ] GC(37) Pause Young (Mixed) (G1 Evacuation Pause)
[2024-08-28T13:09:12.187+0000][info][gc,task     ] GC(37) Using 49 workers of 68 for evacuation
[2024-08-28T13:09:12.202+0000][info][gc,phases   ] GC(37)   Pre Evacuate Collection Set: 0.3ms
[2024-08-28T13:09:12.202+0000][info][gc,phases   ] GC(37)   Merge Heap Roots: 0.6ms
[2024-08-28T13:09:12.202+0000][info][gc,phases   ] GC(37)   Evacuate Collection Set: 13.6ms
[2024-08-28T13:09:12.202+0000][info][gc,phases   ] GC(37)   Post Evacuate Collection Set: 0.6ms
[2024-08-28T13:09:12.202+0000][info][gc,phases   ] GC(37)   Other: 0.2ms
[2024-08-28T13:09:12.202+0000][info][gc,heap     ] GC(37) Eden regions: 89->0(186)
[2024-08-28T13:09:12.202+0000][info][gc,heap     ] GC(37) Survivor regions: 13->13(13)
[2024-08-28T13:09:12.202+0000][info][gc,heap     ] GC(37) Old regions: 1231->1244
[2024-08-28T13:09:12.202+0000][info][gc,heap     ] GC(37) Archive regions: 2->2
[2024-08-28T13:09:12.202+0000][info][gc,heap     ] GC(37) Humongous regions: 5->5
[2024-08-28T13:09:12.202+0000][info][gc,metaspace] GC(37) Metaspace: 100K(320K)->100K(320K) NonClass: 96K(192K)->96K(192K) Class: 4K(128K)->4K(128K)
[2024-08-28T13:09:12.202+0000][info][gc          ] GC(37) Pause Young (Mixed) (G1 Evacuation Pause) 1338M->1262M(2048M) 15.403ms
[2024-08-28T13:09:12.202+0000][info][gc,cpu      ] GC(37) User=0.64s Sys=0.04s Real=0.02s
[2024-08-28T13:09:12.389+0000][info][gc,start    ] GC(38) Pause Young (Normal) (G1 Evacuation Pause)
[2024-08-28T13:09:12.389+0000][info][gc,task     ] GC(38) Using 49 workers of 68 for evacuation
[2024-08-28T13:09:12.440+0000][info][gc,phases   ] GC(38)   Pre Evacuate Collection Set: 0.3ms
[2024-08-28T13:09:12.440+0000][info][gc,phases   ] GC(38)   Merge Heap Roots: 0.7ms
[2024-08-28T13:09:12.440+0000][info][gc,phases   ] GC(38)   Evacuate Collection Set: 48.4ms
[2024-08-28T13:09:12.440+0000][info][gc,phases   ] GC(38)   Post Evacuate Collection Set: 0.8ms
[2024-08-28T13:09:12.440+0000][info][gc,phases   ] GC(38)   Other: 0.2ms
[2024-08-28T13:09:12.440+0000][info][gc,heap     ] GC(38) Eden regions: 186->0(125)
[2024-08-28T13:09:12.440+0000][info][gc,heap     ] GC(38) Survivor regions: 13->25(25)
[2024-08-28T13:09:12.440+0000][info][gc,heap     ] GC(38) Old regions: 1244->1418
[2024-08-28T13:09:12.440+0000][info][gc,heap     ] GC(38) Archive regions: 2->2
[2024-08-28T13:09:12.440+0000][info][gc,heap     ] GC(38) Humongous regions: 5->5
[2024-08-28T13:09:12.440+0000][info][gc,metaspace] GC(38) Metaspace: 100K(320K)->100K(320K) NonClass: 96K(192K)->96K(192K) Class: 4K(128K)->4K(128K)
[2024-08-28T13:09:12.440+0000][info][gc          ] GC(38) Pause Young (Normal) (G1 Evacuation Pause) 1448M->1448M(2048M) 50.545ms
[2024-08-28T13:09:12.440+0000][info][gc,cpu      ] GC(38) User=0.84s Sys=1.53s Real=0.06s
[2024-08-28T13:09:12.517+0000][info][gc,start    ] GC(39) Pause Young (Concurrent Start) (G1 Evacuation Pause)
[2024-08-28T13:09:12.517+0000][info][gc,task     ] GC(39) Using 49 workers of 68 for evacuation
[2024-08-28T13:09:12.539+0000][info][gc,phases   ] GC(39)   Pre Evacuate Collection Set: 0.3ms
[2024-08-28T13:09:12.539+0000][info][gc,phases   ] GC(39)   Merge Heap Roots: 1.0ms
[2024-08-28T13:09:12.539+0000][info][gc,phases   ] GC(39)   Evacuate Collection Set: 19.1ms
[2024-08-28T13:09:12.539+0000][info][gc,phases   ] GC(39)   Post Evacuate Collection Set: 0.6ms
[2024-08-28T13:09:12.539+0000][info][gc,phases   ] GC(39)   Other: 0.8ms
[2024-08-28T13:09:12.539+0000][info][gc,heap     ] GC(39) Eden regions: 125->0(83)
[2024-08-28T13:09:12.539+0000][info][gc,heap     ] GC(39) Survivor regions: 25->19(19)
[2024-08-28T13:09:12.539+0000][info][gc,heap     ] GC(39) Old regions: 1418->1555
[2024-08-28T13:09:12.539+0000][info][gc,heap     ] GC(39) Archive regions: 2->2
[2024-08-28T13:09:12.539+0000][info][gc,heap     ] GC(39) Humongous regions: 5->5
[2024-08-28T13:09:12.539+0000][info][gc,metaspace] GC(39) Metaspace: 100K(320K)->100K(320K) NonClass: 96K(192K)->96K(192K) Class: 4K(128K)->4K(128K)
[2024-08-28T13:09:12.539+0000][info][gc          ] GC(39) Pause Young (Concurrent Start) (G1 Evacuation Pause) 1573M->1579M(2048M) 21.941ms
[2024-08-28T13:09:12.539+0000][info][gc,cpu      ] GC(39) User=0.97s Sys=0.00s Real=0.03s
[2024-08-28T13:09:12.539+0000][info][gc          ] GC(40) Concurrent Mark Cycle
[2024-08-28T13:09:12.539+0000][info][gc,marking  ] GC(40) Concurrent Clear Claimed Marks
[2024-08-28T13:09:12.539+0000][info][gc,marking  ] GC(40) Concurrent Clear Claimed Marks 0.010ms
[2024-08-28T13:09:12.539+0000][info][gc,marking  ] GC(40) Concurrent Scan Root Regions
[2024-08-28T13:09:12.543+0000][info][gc,marking  ] GC(40) Concurrent Scan Root Regions 3.987ms
[2024-08-28T13:09:12.543+0000][info][gc,marking  ] GC(40) Concurrent Mark
[2024-08-28T13:09:12.543+0000][info][gc,marking  ] GC(40) Concurrent Mark From Roots
[2024-08-28T13:09:12.543+0000][info][gc,task     ] GC(40) Using 17 workers of 17 for marking
[2024-08-28T13:09:12.563+0000][info][gc,marking  ] GC(40) Concurrent Mark From Roots 20.076ms
[2024-08-28T13:09:12.563+0000][info][gc,marking  ] GC(40) Concurrent Preclean
[2024-08-28T13:09:12.564+0000][info][gc,marking  ] GC(40) Concurrent Preclean 0.504ms
[2024-08-28T13:09:12.564+0000][info][gc,start    ] GC(40) Pause Remark
[2024-08-28T13:09:12.566+0000][info][gc          ] GC(40) Pause Remark 1599M->1393M(2048M) 2.110ms
[2024-08-28T13:09:12.566+0000][info][gc,cpu      ] GC(40) User=0.02s Sys=0.00s Real=0.00s
[2024-08-28T13:09:12.566+0000][info][gc,marking  ] GC(40) Concurrent Mark 23.126ms
[2024-08-28T13:09:12.566+0000][info][gc,marking  ] GC(40) Concurrent Rebuild Remembered Sets
[2024-08-28T13:09:12.611+0000][info][gc,start    ] GC(41) Pause Young (Normal) (G1 Evacuation Pause)
[2024-08-28T13:09:12.611+0000][info][gc,task     ] GC(41) Using 49 workers of 68 for evacuation
[2024-08-28T13:09:12.629+0000][info][gc,phases   ] GC(41)   Pre Evacuate Collection Set: 0.4ms
[2024-08-28T13:09:12.629+0000][info][gc,phases   ] GC(41)   Merge Heap Roots: 0.4ms
[2024-08-28T13:09:12.629+0000][info][gc,phases   ] GC(41)   Evacuate Collection Set: 15.2ms
[2024-08-28T13:09:12.629+0000][info][gc,phases   ] GC(41)   Post Evacuate Collection Set: 1.3ms
[2024-08-28T13:09:12.629+0000][info][gc,phases   ] GC(41)   Other: 0.3ms
[2024-08-28T13:09:12.629+0000][info][gc,heap     ] GC(41) Eden regions: 83->0(119)
[2024-08-28T13:09:12.629+0000][info][gc,heap     ] GC(41) Survivor regions: 19->13(13)
[2024-08-28T13:09:12.629+0000][info][gc,heap     ] GC(41) Old regions: 1349->1448
[2024-08-28T13:09:12.629+0000][info][gc,heap     ] GC(41) Archive regions: 2->2
[2024-08-28T13:09:12.629+0000][info][gc,heap     ] GC(41) Humongous regions: 5->5
[2024-08-28T13:09:12.629+0000][info][gc,metaspace] GC(41) Metaspace: 100K(320K)->100K(320K) NonClass: 96K(192K)->96K(192K) Class: 4K(128K)->4K(128K)
[2024-08-28T13:09:12.629+0000][info][gc          ] GC(41) Pause Young (Normal) (G1 Evacuation Pause) 1456M->1466M(2048M) 17.667ms
[2024-08-28T13:09:12.629+0000][info][gc,cpu      ] GC(41) User=0.72s Sys=0.07s Real=0.01s
[2024-08-28T13:09:12.636+0000][info][gc,marking  ] GC(40) Concurrent Rebuild Remembered Sets 70.001ms
[2024-08-28T13:09:12.637+0000][info][gc,start    ] GC(40) Pause Cleanup
[2024-08-28T13:09:12.641+0000][info][gc          ] GC(40) Pause Cleanup 1477M->1477M(2048M) 4.081ms
[2024-08-28T13:09:12.641+0000][info][gc,cpu      ] GC(40) User=0.01s Sys=0.01s Real=0.01s
[2024-08-28T13:09:12.641+0000][info][gc,marking  ] GC(40) Concurrent Cleanup for Next Mark
[2024-08-28T13:09:12.643+0000][info][gc,marking  ] GC(40) Concurrent Cleanup for Next Mark 1.678ms
[2024-08-28T13:09:12.643+0000][info][gc          ] GC(40) Concurrent Mark Cycle 103.587ms
[2024-08-28T13:09:12.712+0000][info][gc,start    ] GC(42) Pause Young (Prepare Mixed) (G1 Evacuation Pause)
[2024-08-28T13:09:12.712+0000][info][gc,task     ] GC(42) Using 49 workers of 68 for evacuation
[2024-08-28T13:09:12.731+0000][info][gc,phases   ] GC(42)   Pre Evacuate Collection Set: 0.4ms
[2024-08-28T13:09:12.731+0000][info][gc,phases   ] GC(42)   Merge Heap Roots: 0.6ms
[2024-08-28T13:09:12.731+0000][info][gc,phases   ] GC(42)   Evacuate Collection Set: 17.1ms
[2024-08-28T13:09:12.731+0000][info][gc,phases   ] GC(42)   Post Evacuate Collection Set: 0.5ms
[2024-08-28T13:09:12.731+0000][info][gc,phases   ] GC(42)   Other: 0.4ms
[2024-08-28T13:09:12.731+0000][info][gc,heap     ] GC(42) Eden regions: 119->0(85)
[2024-08-28T13:09:12.731+0000][info][gc,heap     ] GC(42) Survivor regions: 13->17(17)
[2024-08-28T13:09:12.731+0000][info][gc,heap     ] GC(42) Old regions: 1448->1567
[2024-08-28T13:09:12.731+0000][info][gc,heap     ] GC(42) Archive regions: 2->2
[2024-08-28T13:09:12.731+0000][info][gc,heap     ] GC(42) Humongous regions: 5->5
[2024-08-28T13:09:12.731+0000][info][gc,metaspace] GC(42) Metaspace: 100K(320K)->100K(320K) NonClass: 96K(192K)->96K(192K) Class: 4K(128K)->4K(128K)
[2024-08-28T13:09:12.731+0000][info][gc          ] GC(42) Pause Young (Prepare Mixed) (G1 Evacuation Pause) 1585M->1589M(2048M) 19.057ms
[2024-08-28T13:09:12.731+0000][info][gc,cpu      ] GC(42) User=0.86s Sys=0.00s Real=0.02s
[2024-08-28T13:09:12.785+0000][info][gc,start    ] GC(43) Pause Young (Mixed) (G1 Evacuation Pause)
[2024-08-28T13:09:12.785+0000][info][gc,task     ] GC(43) Using 49 workers of 68 for evacuation
[2024-08-28T13:09:12.808+0000][info][gc,phases   ] GC(43)   Pre Evacuate Collection Set: 0.4ms
[2024-08-28T13:09:12.808+0000][info][gc,phases   ] GC(43)   Merge Heap Roots: 0.8ms
[2024-08-28T13:09:12.808+0000][info][gc,phases   ] GC(43)   Evacuate Collection Set: 20.5ms
[2024-08-28T13:09:12.808+0000][info][gc,phases   ] GC(43)   Post Evacuate Collection Set: 1.1ms
[2024-08-28T13:09:12.808+0000][info][gc,phases   ] GC(43)   Other: 0.3ms
[2024-08-28T13:09:12.808+0000][info][gc,heap     ] GC(43) Eden regions: 85->0(89)
[2024-08-28T13:09:12.808+0000][info][gc,heap     ] GC(43) Survivor regions: 17->13(13)
[2024-08-28T13:09:12.808+0000][info][gc,heap     ] GC(43) Old regions: 1567->1457
[2024-08-28T13:09:12.808+0000][info][gc,heap     ] GC(43) Archive regions: 2->2
[2024-08-28T13:09:12.808+0000][info][gc,heap     ] GC(43) Humongous regions: 5->5
[2024-08-28T13:09:12.808+0000][info][gc,metaspace] GC(43) Metaspace: 100K(320K)->100K(320K) NonClass: 96K(192K)->96K(192K) Class: 4K(128K)->4K(128K)
[2024-08-28T13:09:12.808+0000][info][gc          ] GC(43) Pause Young (Mixed) (G1 Evacuation Pause) 1674M->1475M(2048M) 23.201ms
[2024-08-28T13:09:12.808+0000][info][gc,cpu      ] GC(43) User=0.71s Sys=0.33s Real=0.02s
[2024-08-28T13:09:12.866+0000][info][gc,start    ] GC(44) Pause Young (Mixed) (G1 Evacuation Pause)
[2024-08-28T13:09:12.866+0000][info][gc,task     ] GC(44) Using 49 workers of 68 for evacuation
[2024-08-28T13:09:12.885+0000][info][gc,phases   ] GC(44)   Pre Evacuate Collection Set: 0.4ms
[2024-08-28T13:09:12.885+0000][info][gc,phases   ] GC(44)   Merge Heap Roots: 0.6ms
[2024-08-28T13:09:12.885+0000][info][gc,phases   ] GC(44)   Evacuate Collection Set: 16.4ms
[2024-08-28T13:09:12.885+0000][info][gc,phases   ] GC(44)   Post Evacuate Collection Set: 0.7ms
[2024-08-28T13:09:12.885+0000][info][gc,phases   ] GC(44)   Other: 0.2ms
[2024-08-28T13:09:12.885+0000][info][gc,heap     ] GC(44) Eden regions: 89->0(89)
[2024-08-28T13:09:12.885+0000][info][gc,heap     ] GC(44) Survivor regions: 13->13(13)
[2024-08-28T13:09:12.885+0000][info][gc,heap     ] GC(44) Old regions: 1457->1346
[2024-08-28T13:09:12.885+0000][info][gc,heap     ] GC(44) Archive regions: 2->2
[2024-08-28T13:09:12.885+0000][info][gc,heap     ] GC(44) Humongous regions: 5->5
[2024-08-28T13:09:12.885+0000][info][gc,metaspace] GC(44) Metaspace: 100K(320K)->100K(320K) NonClass: 96K(192K)->96K(192K) Class: 4K(128K)->4K(128K)
[2024-08-28T13:09:12.885+0000][info][gc          ] GC(44) Pause Young (Mixed) (G1 Evacuation Pause) 1564M->1364M(2048M) 18.346ms
[2024-08-28T13:09:12.885+0000][info][gc,cpu      ] GC(44) User=0.80s Sys=0.04s Real=0.02s
[2024-08-28T13:09:12.942+0000][info][gc,start    ] GC(45) Pause Young (Mixed) (G1 Evacuation Pause)
[2024-08-28T13:09:12.942+0000][info][gc,task     ] GC(45) Using 49 workers of 68 for evacuation
[2024-08-28T13:09:12.959+0000][info][gc,phases   ] GC(45)   Pre Evacuate Collection Set: 0.4ms
[2024-08-28T13:09:12.960+0000][info][gc,phases   ] GC(45)   Merge Heap Roots: 0.8ms
[2024-08-28T13:09:12.960+0000][info][gc,phases   ] GC(45)   Evacuate Collection Set: 15.3ms
[2024-08-28T13:09:12.960+0000][info][gc,phases   ] GC(45)   Post Evacuate Collection Set: 1.0ms
[2024-08-28T13:09:12.960+0000][info][gc,phases   ] GC(45)   Other: 0.2ms
[2024-08-28T13:09:12.960+0000][info][gc,heap     ] GC(45) Eden regions: 89->0(89)
[2024-08-28T13:09:12.960+0000][info][gc,heap     ] GC(45) Survivor regions: 13->13(13)
[2024-08-28T13:09:12.960+0000][info][gc,heap     ] GC(45) Old regions: 1346->1237
[2024-08-28T13:09:12.960+0000][info][gc,heap     ] GC(45) Archive regions: 2->2
[2024-08-28T13:09:12.960+0000][info][gc,heap     ] GC(45) Humongous regions: 5->5
[2024-08-28T13:09:12.960+0000][info][gc,metaspace] GC(45) Metaspace: 100K(320K)->100K(320K) NonClass: 96K(192K)->96K(192K) Class: 4K(128K)->4K(128K)
[2024-08-28T13:09:12.960+0000][info][gc          ] GC(45) Pause Young (Mixed) (G1 Evacuation Pause) 1453M->1255M(2048M) 17.800ms
[2024-08-28T13:09:12.960+0000][info][gc,cpu      ] GC(45) User=0.80s Sys=0.00s Real=0.02s
[2024-08-28T13:09:13.026+0000][info][gc,start    ] GC(46) Pause Young (Mixed) (G1 Evacuation Pause)
[2024-08-28T13:09:13.026+0000][info][gc,task     ] GC(46) Using 49 workers of 68 for evacuation
[2024-08-28T13:09:13.043+0000][info][gc,phases   ] GC(46)   Pre Evacuate Collection Set: 0.4ms
[2024-08-28T13:09:13.043+0000][info][gc,phases   ] GC(46)   Merge Heap Roots: 0.6ms
[2024-08-28T13:09:13.043+0000][info][gc,phases   ] GC(46)   Evacuate Collection Set: 15.7ms
[2024-08-28T13:09:13.043+0000][info][gc,phases   ] GC(46)   Post Evacuate Collection Set: 0.7ms
[2024-08-28T13:09:13.043+0000][info][gc,phases   ] GC(46)   Other: 0.2ms
[2024-08-28T13:09:13.043+0000][info][gc,heap     ] GC(46) Eden regions: 89->0(190)
[2024-08-28T13:09:13.043+0000][info][gc,heap     ] GC(46) Survivor regions: 13->13(13)
[2024-08-28T13:09:13.043+0000][info][gc,heap     ] GC(46) Old regions: 1237->1231
[2024-08-28T13:09:13.043+0000][info][gc,heap     ] GC(46) Archive regions: 2->2
[2024-08-28T13:09:13.043+0000][info][gc,heap     ] GC(46) Humongous regions: 5->5
[2024-08-28T13:09:13.043+0000][info][gc,metaspace] GC(46) Metaspace: 100K(320K)->100K(320K) NonClass: 96K(192K)->96K(192K) Class: 4K(128K)->4K(128K)
[2024-08-28T13:09:13.043+0000][info][gc          ] GC(46) Pause Young (Mixed) (G1 Evacuation Pause) 1344M->1249M(2048M) 17.585ms
[2024-08-28T13:09:13.043+0000][info][gc,cpu      ] GC(46) User=0.80s Sys=0.01s Real=0.02s
[2024-08-28T13:09:13.161+0000][info][gc,start    ] GC(47) Pause Young (Normal) (G1 Evacuation Pause)
[2024-08-28T13:09:13.161+0000][info][gc,task     ] GC(47) Using 49 workers of 68 for evacuation
[2024-08-28T13:09:13.194+0000][info][gc,phases   ] GC(47)   Pre Evacuate Collection Set: 0.3ms
[2024-08-28T13:09:13.194+0000][info][gc,phases   ] GC(47)   Merge Heap Roots: 0.7ms
[2024-08-28T13:09:13.194+0000][info][gc,phases   ] GC(47)   Evacuate Collection Set: 30.8ms
[2024-08-28T13:09:13.194+0000][info][gc,phases   ] GC(47)   Post Evacuate Collection Set: 0.7ms
[2024-08-28T13:09:13.194+0000][info][gc,phases   ] GC(47)   Other: 0.2ms
[2024-08-28T13:09:13.194+0000][info][gc,heap     ] GC(47) Eden regions: 190->0(128)
[2024-08-28T13:09:13.194+0000][info][gc,heap     ] GC(47) Survivor regions: 13->26(26)
[2024-08-28T13:09:13.194+0000][info][gc,heap     ] GC(47) Old regions: 1231->1407
[2024-08-28T13:09:13.194+0000][info][gc,heap     ] GC(47) Archive regions: 2->2
[2024-08-28T13:09:13.194+0000][info][gc,heap     ] GC(47) Humongous regions: 5->5
[2024-08-28T13:09:13.194+0000][info][gc,metaspace] GC(47) Metaspace: 100K(320K)->100K(320K) NonClass: 96K(192K)->96K(192K) Class: 4K(128K)->4K(128K)
[2024-08-28T13:09:13.194+0000][info][gc          ] GC(47) Pause Young (Normal) (G1 Evacuation Pause) 1439M->1438M(2048M) 32.683ms
[2024-08-28T13:09:13.194+0000][info][gc,cpu      ] GC(47) User=1.06s Sys=0.46s Real=0.03s
[2024-08-28T13:09:13.276+0000][info][gc,start    ] GC(48) Pause Young (Concurrent Start) (G1 Evacuation Pause)
[2024-08-28T13:09:13.276+0000][info][gc,task     ] GC(48) Using 49 workers of 68 for evacuation
[2024-08-28T13:09:13.302+0000][info][gc,phases   ] GC(48)   Pre Evacuate Collection Set: 0.3ms
[2024-08-28T13:09:13.302+0000][info][gc,phases   ] GC(48)   Merge Heap Roots: 0.6ms
[2024-08-28T13:09:13.302+0000][info][gc,phases   ] GC(48)   Evacuate Collection Set: 23.6ms
[2024-08-28T13:09:13.302+0000][info][gc,phases   ] GC(48)   Post Evacuate Collection Set: 0.6ms
[2024-08-28T13:09:13.302+0000][info][gc,phases   ] GC(48)   Other: 1.1ms
[2024-08-28T13:09:13.302+0000][info][gc,heap     ] GC(48) Eden regions: 128->0(84)
[2024-08-28T13:09:13.302+0000][info][gc,heap     ] GC(48) Survivor regions: 26->20(20)
[2024-08-28T13:09:13.302+0000][info][gc,heap     ] GC(48) Old regions: 1407->1549
[2024-08-28T13:09:13.302+0000][info][gc,heap     ] GC(48) Archive regions: 2->2
[2024-08-28T13:09:13.302+0000][info][gc,heap     ] GC(48) Humongous regions: 5->5
[2024-08-28T13:09:13.302+0000][info][gc,metaspace] GC(48) Metaspace: 100K(320K)->100K(320K) NonClass: 96K(192K)->96K(192K) Class: 4K(128K)->4K(128K)
[2024-08-28T13:09:13.302+0000][info][gc          ] GC(48) Pause Young (Concurrent Start) (G1 Evacuation Pause) 1566M->1574M(2048M) 26.244ms
[2024-08-28T13:09:13.302+0000][info][gc,cpu      ] GC(48) User=1.03s Sys=0.15s Real=0.03s
[2024-08-28T13:09:13.302+0000][info][gc          ] GC(49) Concurrent Mark Cycle
[2024-08-28T13:09:13.302+0000][info][gc,marking  ] GC(49) Concurrent Clear Claimed Marks
[2024-08-28T13:09:13.302+0000][info][gc,marking  ] GC(49) Concurrent Clear Claimed Marks 0.011ms
[2024-08-28T13:09:13.302+0000][info][gc,marking  ] GC(49) Concurrent Scan Root Regions
[2024-08-28T13:09:13.307+0000][info][gc,marking  ] GC(49) Concurrent Scan Root Regions 4.828ms
[2024-08-28T13:09:13.307+0000][info][gc,marking  ] GC(49) Concurrent Mark
[2024-08-28T13:09:13.307+0000][info][gc,marking  ] GC(49) Concurrent Mark From Roots
[2024-08-28T13:09:13.307+0000][info][gc,task     ] GC(49) Using 17 workers of 17 for marking
[2024-08-28T13:09:13.329+0000][info][gc,marking  ] GC(49) Concurrent Mark From Roots 22.346ms
[2024-08-28T13:09:13.329+0000][info][gc,marking  ] GC(49) Concurrent Preclean
[2024-08-28T13:09:13.330+0000][info][gc,marking  ] GC(49) Concurrent Preclean 0.647ms
[2024-08-28T13:09:13.330+0000][info][gc,start    ] GC(49) Pause Remark
[2024-08-28T13:09:13.333+0000][info][gc          ] GC(49) Pause Remark 1597M->1367M(2048M) 2.469ms
[2024-08-28T13:09:13.333+0000][info][gc,cpu      ] GC(49) User=0.02s Sys=0.00s Real=0.00s
[2024-08-28T13:09:13.333+0000][info][gc,marking  ] GC(49) Concurrent Mark 25.949ms
[2024-08-28T13:09:13.333+0000][info][gc,marking  ] GC(49) Concurrent Rebuild Remembered Sets
[2024-08-28T13:09:13.380+0000][info][gc,start    ] GC(50) Pause Young (Normal) (G1 Evacuation Pause)
[2024-08-28T13:09:13.380+0000][info][gc,task     ] GC(50) Using 49 workers of 68 for evacuation
[2024-08-28T13:09:13.403+0000][info][gc,phases   ] GC(50)   Pre Evacuate Collection Set: 0.5ms
[2024-08-28T13:09:13.403+0000][info][gc,phases   ] GC(50)   Merge Heap Roots: 0.5ms
[2024-08-28T13:09:13.403+0000][info][gc,phases   ] GC(50)   Evacuate Collection Set: 20.0ms
[2024-08-28T13:09:13.403+0000][info][gc,phases   ] GC(50)   Post Evacuate Collection Set: 1.0ms
[2024-08-28T13:09:13.403+0000][info][gc,phases   ] GC(50)   Other: 0.3ms
[2024-08-28T13:09:13.403+0000][info][gc,heap     ] GC(50) Eden regions: 84->0(129)
[2024-08-28T13:09:13.403+0000][info][gc,heap     ] GC(50) Survivor regions: 20->13(13)
[2024-08-28T13:09:13.403+0000][info][gc,heap     ] GC(50) Old regions: 1319->1417
[2024-08-28T13:09:13.403+0000][info][gc,heap     ] GC(50) Archive regions: 2->2
[2024-08-28T13:09:13.403+0000][info][gc,heap     ] GC(50) Humongous regions: 5->5
[2024-08-28T13:09:13.403+0000][info][gc,metaspace] GC(50) Metaspace: 100K(320K)->100K(320K) NonClass: 96K(192K)->96K(192K) Class: 4K(128K)->4K(128K)
[2024-08-28T13:09:13.403+0000][info][gc          ] GC(50) Pause Young (Normal) (G1 Evacuation Pause) 1428M->1435M(2048M) 22.318ms
[2024-08-28T13:09:13.403+0000][info][gc,cpu      ] GC(50) User=0.79s Sys=0.00s Real=0.02s
[2024-08-28T13:09:13.422+0000][info][gc,marking  ] GC(49) Concurrent Rebuild Remembered Sets 89.610ms
[2024-08-28T13:09:13.423+0000][info][gc,start    ] GC(49) Pause Cleanup
[2024-08-28T13:09:13.426+0000][info][gc          ] GC(49) Pause Cleanup 1460M->1460M(2048M) 3.306ms
[2024-08-28T13:09:13.426+0000][info][gc,cpu      ] GC(49) User=0.02s Sys=0.00s Real=0.00s
[2024-08-28T13:09:13.426+0000][info][gc,marking  ] GC(49) Concurrent Cleanup for Next Mark
[2024-08-28T13:09:13.430+0000][info][gc,marking  ] GC(49) Concurrent Cleanup for Next Mark 3.437ms
[2024-08-28T13:09:13.430+0000][info][gc          ] GC(49) Concurrent Mark Cycle 127.936ms
[2024-08-28T13:09:13.498+0000][info][gc,start    ] GC(51) Pause Young (Prepare Mixed) (G1 Evacuation Pause)
[2024-08-28T13:09:13.498+0000][info][gc,task     ] GC(51) Using 49 workers of 68 for evacuation
[2024-08-28T13:09:13.518+0000][info][gc,phases   ] GC(51)   Pre Evacuate Collection Set: 0.4ms
[2024-08-28T13:09:13.518+0000][info][gc,phases   ] GC(51)   Merge Heap Roots: 1.1ms
[2024-08-28T13:09:13.518+0000][info][gc,phases   ] GC(51)   Evacuate Collection Set: 18.0ms
[2024-08-28T13:09:13.518+0000][info][gc,phases   ] GC(51)   Post Evacuate Collection Set: 0.6ms
[2024-08-28T13:09:13.518+0000][info][gc,phases   ] GC(51)   Other: 0.3ms
[2024-08-28T13:09:13.518+0000][info][gc,heap     ] GC(51) Eden regions: 129->0(84)
[2024-08-28T13:09:13.518+0000][info][gc,heap     ] GC(51) Survivor regions: 13->18(18)
[2024-08-28T13:09:13.518+0000][info][gc,heap     ] GC(51) Old regions: 1417->1544
[2024-08-28T13:09:13.518+0000][info][gc,heap     ] GC(51) Archive regions: 2->2
[2024-08-28T13:09:13.518+0000][info][gc,heap     ] GC(51) Humongous regions: 5->5
[2024-08-28T13:09:13.518+0000][info][gc,metaspace] GC(51) Metaspace: 100K(320K)->100K(320K) NonClass: 96K(192K)->96K(192K) Class: 4K(128K)->4K(128K)
[2024-08-28T13:09:13.518+0000][info][gc          ] GC(51) Pause Young (Prepare Mixed) (G1 Evacuation Pause) 1564M->1567M(2048M) 20.350ms
[2024-08-28T13:09:13.518+0000][info][gc,cpu      ] GC(51) User=0.89s Sys=0.04s Real=0.02s
[2024-08-28T13:09:13.574+0000][info][gc,start    ] GC(52) Pause Young (Mixed) (G1 Evacuation Pause)
[2024-08-28T13:09:13.575+0000][info][gc,task     ] GC(52) Using 49 workers of 68 for evacuation
[2024-08-28T13:09:13.592+0000][info][gc,phases   ] GC(52)   Pre Evacuate Collection Set: 0.5ms
[2024-08-28T13:09:13.592+0000][info][gc,phases   ] GC(52)   Merge Heap Roots: 0.5ms
[2024-08-28T13:09:13.592+0000][info][gc,phases   ] GC(52)   Evacuate Collection Set: 15.7ms
[2024-08-28T13:09:13.592+0000][info][gc,phases   ] GC(52)   Post Evacuate Collection Set: 0.6ms
[2024-08-28T13:09:13.592+0000][info][gc,phases   ] GC(52)   Other: 0.3ms
[2024-08-28T13:09:13.592+0000][info][gc,heap     ] GC(52) Eden regions: 84->0(89)
[2024-08-28T13:09:13.592+0000][info][gc,heap     ] GC(52) Survivor regions: 18->13(13)
[2024-08-28T13:09:13.592+0000][info][gc,heap     ] GC(52) Old regions: 1544->1436
[2024-08-28T13:09:13.592+0000][info][gc,heap     ] GC(52) Archive regions: 2->2
[2024-08-28T13:09:13.592+0000][info][gc,heap     ] GC(52) Humongous regions: 5->5
[2024-08-28T13:09:13.592+0000][info][gc,metaspace] GC(52) Metaspace: 100K(320K)->100K(320K) NonClass: 96K(192K)->96K(192K) Class: 4K(128K)->4K(128K)
[2024-08-28T13:09:13.592+0000][info][gc          ] GC(52) Pause Young (Mixed) (G1 Evacuation Pause) 1651M->1454M(2048M) 17.614ms
[2024-08-28T13:09:13.592+0000][info][gc,cpu      ] GC(52) User=0.78s Sys=0.01s Real=0.02s
[2024-08-28T13:09:13.651+0000][info][gc,start    ] GC(53) Pause Young (Mixed) (G1 Evacuation Pause)
[2024-08-28T13:09:13.652+0000][info][gc,task     ] GC(53) Using 49 workers of 68 for evacuation
[2024-08-28T13:09:13.668+0000][info][gc,phases   ] GC(53)   Pre Evacuate Collection Set: 0.4ms
[2024-08-28T13:09:13.668+0000][info][gc,phases   ] GC(53)   Merge Heap Roots: 0.7ms
[2024-08-28T13:09:13.668+0000][info][gc,phases   ] GC(53)   Evacuate Collection Set: 14.2ms
[2024-08-28T13:09:13.668+0000][info][gc,phases   ] GC(53)   Post Evacuate Collection Set: 0.6ms
[2024-08-28T13:09:13.668+0000][info][gc,phases   ] GC(53)   Other: 0.3ms
[2024-08-28T13:09:13.668+0000][info][gc,heap     ] GC(53) Eden regions: 89->0(89)
[2024-08-28T13:09:13.668+0000][info][gc,heap     ] GC(53) Survivor regions: 13->13(13)
[2024-08-28T13:09:13.668+0000][info][gc,heap     ] GC(53) Old regions: 1436->1325
[2024-08-28T13:09:13.668+0000][info][gc,heap     ] GC(53) Archive regions: 2->2
[2024-08-28T13:09:13.668+0000][info][gc,heap     ] GC(53) Humongous regions: 5->5
[2024-08-28T13:09:13.668+0000][info][gc,metaspace] GC(53) Metaspace: 100K(320K)->100K(320K) NonClass: 96K(192K)->96K(192K) Class: 4K(128K)->4K(128K)
[2024-08-28T13:09:13.668+0000][info][gc          ] GC(53) Pause Young (Mixed) (G1 Evacuation Pause) 1543M->1343M(2048M) 16.327ms
[2024-08-28T13:09:13.668+0000][info][gc,cpu      ] GC(53) User=0.72s Sys=0.00s Real=0.01s
[2024-08-28T13:09:13.726+0000][info][gc,start    ] GC(54) Pause Young (Mixed) (G1 Evacuation Pause)
[2024-08-28T13:09:13.727+0000][info][gc,task     ] GC(54) Using 49 workers of 68 for evacuation
[2024-08-28T13:09:13.743+0000][info][gc,phases   ] GC(54)   Pre Evacuate Collection Set: 0.4ms
[2024-08-28T13:09:13.743+0000][info][gc,phases   ] GC(54)   Merge Heap Roots: 0.6ms
[2024-08-28T13:09:13.743+0000][info][gc,phases   ] GC(54)   Evacuate Collection Set: 14.3ms
[2024-08-28T13:09:13.743+0000][info][gc,phases   ] GC(54)   Post Evacuate Collection Set: 0.7ms
[2024-08-28T13:09:13.743+0000][info][gc,phases   ] GC(54)   Other: 0.3ms
[2024-08-28T13:09:13.743+0000][info][gc,heap     ] GC(54) Eden regions: 89->0(89)
[2024-08-28T13:09:13.743+0000][info][gc,heap     ] GC(54) Survivor regions: 13->13(13)
[2024-08-28T13:09:13.743+0000][info][gc,heap     ] GC(54) Old regions: 1325->1214
[2024-08-28T13:09:13.743+0000][info][gc,heap     ] GC(54) Archive regions: 2->2
[2024-08-28T13:09:13.743+0000][info][gc,heap     ] GC(54) Humongous regions: 5->5
[2024-08-28T13:09:13.743+0000][info][gc,metaspace] GC(54) Metaspace: 100K(320K)->100K(320K) NonClass: 96K(192K)->96K(192K) Class: 4K(128K)->4K(128K)
[2024-08-28T13:09:13.743+0000][info][gc          ] GC(54) Pause Young (Mixed) (G1 Evacuation Pause) 1432M->1232M(2048M) 16.245ms
[2024-08-28T13:09:13.743+0000][info][gc,cpu      ] GC(54) User=0.73s Sys=0.00s Real=0.02s
[2024-08-28T13:09:13.802+0000][info][gc,start    ] GC(55) Pause Young (Mixed) (G1 Evacuation Pause)
[2024-08-28T13:09:13.802+0000][info][gc,task     ] GC(55) Using 49 workers of 68 for evacuation
[2024-08-28T13:09:13.819+0000][info][gc,phases   ] GC(55)   Pre Evacuate Collection Set: 0.3ms
[2024-08-28T13:09:13.819+0000][info][gc,phases   ] GC(55)   Merge Heap Roots: 0.8ms
[2024-08-28T13:09:13.819+0000][info][gc,phases   ] GC(55)   Evacuate Collection Set: 15.8ms
[2024-08-28T13:09:13.819+0000][info][gc,phases   ] GC(55)   Post Evacuate Collection Set: 0.5ms
[2024-08-28T13:09:13.819+0000][info][gc,phases   ] GC(55)   Other: 0.2ms
[2024-08-28T13:09:13.819+0000][info][gc,heap     ] GC(55) Eden regions: 89->0(187)
[2024-08-28T13:09:13.819+0000][info][gc,heap     ] GC(55) Survivor regions: 13->13(13)
[2024-08-28T13:09:13.819+0000][info][gc,heap     ] GC(55) Old regions: 1214->1239
[2024-08-28T13:09:13.819+0000][info][gc,heap     ] GC(55) Archive regions: 2->2
[2024-08-28T13:09:13.819+0000][info][gc,heap     ] GC(55) Humongous regions: 5->5
[2024-08-28T13:09:13.819+0000][info][gc,metaspace] GC(55) Metaspace: 100K(320K)->100K(320K) NonClass: 96K(192K)->96K(192K) Class: 4K(128K)->4K(128K)
[2024-08-28T13:09:13.819+0000][info][gc          ] GC(55) Pause Young (Mixed) (G1 Evacuation Pause) 1321M->1257M(2048M) 17.804ms
[2024-08-28T13:09:13.820+0000][info][gc,cpu      ] GC(55) User=0.80s Sys=0.00s Real=0.02s
[2024-08-28T13:09:13.936+0000][info][gc,start    ] GC(56) Pause Young (Normal) (G1 Evacuation Pause)
[2024-08-28T13:09:13.936+0000][info][gc,task     ] GC(56) Using 49 workers of 68 for evacuation
[2024-08-28T13:09:13.962+0000][info][gc,phases   ] GC(56)   Pre Evacuate Collection Set: 0.3ms
[2024-08-28T13:09:13.962+0000][info][gc,phases   ] GC(56)   Merge Heap Roots: 0.9ms
[2024-08-28T13:09:13.962+0000][info][gc,phases   ] GC(56)   Evacuate Collection Set: 23.6ms
[2024-08-28T13:09:13.962+0000][info][gc,phases   ] GC(56)   Post Evacuate Collection Set: 0.6ms
[2024-08-28T13:09:13.962+0000][info][gc,phases   ] GC(56)   Other: 0.3ms
[2024-08-28T13:09:13.962+0000][info][gc,heap     ] GC(56) Eden regions: 187->0(126)
[2024-08-28T13:09:13.962+0000][info][gc,heap     ] GC(56) Survivor regions: 13->25(25)
[2024-08-28T13:09:13.962+0000][info][gc,heap     ] GC(56) Old regions: 1239->1414
[2024-08-28T13:09:13.962+0000][info][gc,heap     ] GC(56) Archive regions: 2->2
[2024-08-28T13:09:13.962+0000][info][gc,heap     ] GC(56) Humongous regions: 5->5
[2024-08-28T13:09:13.962+0000][info][gc,metaspace] GC(56) Metaspace: 100K(320K)->100K(320K) NonClass: 96K(192K)->96K(192K) Class: 4K(128K)->4K(128K)
[2024-08-28T13:09:13.962+0000][info][gc          ] GC(56) Pause Young (Normal) (G1 Evacuation Pause) 1444M->1444M(2048M) 25.812ms
[2024-08-28T13:09:13.962+0000][info][gc,cpu      ] GC(56) User=1.16s Sys=0.03s Real=0.03s
[2024-08-28T13:09:14.039+0000][info][gc,start    ] GC(57) Pause Young (Concurrent Start) (G1 Evacuation Pause)
[2024-08-28T13:09:14.039+0000][info][gc,task     ] GC(57) Using 49 workers of 68 for evacuation
[2024-08-28T13:09:14.060+0000][info][gc,phases   ] GC(57)   Pre Evacuate Collection Set: 0.3ms
[2024-08-28T13:09:14.060+0000][info][gc,phases   ] GC(57)   Merge Heap Roots: 0.6ms
[2024-08-28T13:09:14.060+0000][info][gc,phases   ] GC(57)   Evacuate Collection Set: 18.5ms
[2024-08-28T13:09:14.060+0000][info][gc,phases   ] GC(57)   Post Evacuate Collection Set: 0.5ms
[2024-08-28T13:09:14.060+0000][info][gc,phases   ] GC(57)   Other: 0.9ms
[2024-08-28T13:09:14.060+0000][info][gc,heap     ] GC(57) Eden regions: 126->0(84)
[2024-08-28T13:09:14.060+0000][info][gc,heap     ] GC(57) Survivor regions: 25->19(19)
[2024-08-28T13:09:14.060+0000][info][gc,heap     ] GC(57) Old regions: 1414->1551
[2024-08-28T13:09:14.060+0000][info][gc,heap     ] GC(57) Archive regions: 2->2
[2024-08-28T13:09:14.060+0000][info][gc,heap     ] GC(57) Humongous regions: 5->5
[2024-08-28T13:09:14.060+0000][info][gc,metaspace] GC(57) Metaspace: 100K(320K)->100K(320K) NonClass: 96K(192K)->96K(192K) Class: 4K(128K)->4K(128K)
[2024-08-28T13:09:14.060+0000][info][gc          ] GC(57) Pause Young (Concurrent Start) (G1 Evacuation Pause) 1570M->1575M(2048M) 20.896ms
[2024-08-28T13:09:14.060+0000][info][gc,cpu      ] GC(57) User=0.92s Sys=0.00s Real=0.02s
[2024-08-28T13:09:14.060+0000][info][gc          ] GC(58) Concurrent Mark Cycle
[2024-08-28T13:09:14.060+0000][info][gc,marking  ] GC(58) Concurrent Clear Claimed Marks
[2024-08-28T13:09:14.060+0000][info][gc,marking  ] GC(58) Concurrent Clear Claimed Marks 0.010ms
[2024-08-28T13:09:14.060+0000][info][gc,marking  ] GC(58) Concurrent Scan Root Regions
[2024-08-28T13:09:14.064+0000][info][gc,marking  ] GC(58) Concurrent Scan Root Regions 3.898ms
[2024-08-28T13:09:14.064+0000][info][gc,marking  ] GC(58) Concurrent Mark
[2024-08-28T13:09:14.064+0000][info][gc,marking  ] GC(58) Concurrent Mark From Roots
[2024-08-28T13:09:14.064+0000][info][gc,task     ] GC(58) Using 17 workers of 17 for marking
[2024-08-28T13:09:14.086+0000][info][gc,marking  ] GC(58) Concurrent Mark From Roots 21.835ms
[2024-08-28T13:09:14.086+0000][info][gc,marking  ] GC(58) Concurrent Preclean
[2024-08-28T13:09:14.086+0000][info][gc,marking  ] GC(58) Concurrent Preclean 0.503ms
[2024-08-28T13:09:14.086+0000][info][gc,start    ] GC(58) Pause Remark
[2024-08-28T13:09:14.089+0000][info][gc          ] GC(58) Pause Remark 1601M->1366M(2048M) 2.242ms
[2024-08-28T13:09:14.089+0000][info][gc,cpu      ] GC(58) User=0.02s Sys=0.01s Real=0.00s
[2024-08-28T13:09:14.089+0000][info][gc,marking  ] GC(58) Concurrent Mark 24.958ms
[2024-08-28T13:09:14.089+0000][info][gc,marking  ] GC(58) Concurrent Rebuild Remembered Sets
[2024-08-28T13:09:14.135+0000][info][gc,start    ] GC(59) Pause Young (Normal) (G1 Evacuation Pause)
[2024-08-28T13:09:14.135+0000][info][gc,task     ] GC(59) Using 49 workers of 68 for evacuation
[2024-08-28T13:09:14.153+0000][info][gc,phases   ] GC(59)   Pre Evacuate Collection Set: 0.4ms
[2024-08-28T13:09:14.153+0000][info][gc,phases   ] GC(59)   Merge Heap Roots: 0.9ms
[2024-08-28T13:09:14.153+0000][info][gc,phases   ] GC(59)   Evacuate Collection Set: 15.0ms
[2024-08-28T13:09:14.153+0000][info][gc,phases   ] GC(59)   Post Evacuate Collection Set: 0.8ms
[2024-08-28T13:09:14.153+0000][info][gc,phases   ] GC(59)   Other: 0.3ms
[2024-08-28T13:09:14.153+0000][info][gc,heap     ] GC(59) Eden regions: 84->0(131)
[2024-08-28T13:09:14.153+0000][info][gc,heap     ] GC(59) Survivor regions: 19->13(13)
[2024-08-28T13:09:14.153+0000][info][gc,heap     ] GC(59) Old regions: 1316->1413
[2024-08-28T13:09:14.153+0000][info][gc,heap     ] GC(59) Archive regions: 2->2
[2024-08-28T13:09:14.153+0000][info][gc,heap     ] GC(59) Humongous regions: 5->5
[2024-08-28T13:09:14.153+0000][info][gc,metaspace] GC(59) Metaspace: 100K(320K)->100K(320K) NonClass: 96K(192K)->96K(192K) Class: 4K(128K)->4K(128K)
[2024-08-28T13:09:14.153+0000][info][gc          ] GC(59) Pause Young (Normal) (G1 Evacuation Pause) 1424M->1431M(2048M) 17.508ms
[2024-08-28T13:09:14.153+0000][info][gc,cpu      ] GC(59) User=0.76s Sys=0.01s Real=0.02s
[2024-08-28T13:09:14.157+0000][info][gc,marking  ] GC(58) Concurrent Rebuild Remembered Sets 68.414ms
[2024-08-28T13:09:14.158+0000][info][gc,start    ] GC(58) Pause Cleanup
[2024-08-28T13:09:14.161+0000][info][gc          ] GC(58) Pause Cleanup 1436M->1436M(2048M) 3.289ms
[2024-08-28T13:09:14.161+0000][info][gc,cpu      ] GC(58) User=0.01s Sys=0.00s Real=0.00s
[2024-08-28T13:09:14.161+0000][info][gc,marking  ] GC(58) Concurrent Cleanup for Next Mark
[2024-08-28T13:09:14.163+0000][info][gc,marking  ] GC(58) Concurrent Cleanup for Next Mark 2.148ms
[2024-08-28T13:09:14.163+0000][info][gc          ] GC(58) Concurrent Mark Cycle 103.344ms
[2024-08-28T13:09:14.243+0000][info][gc,start    ] GC(60) Pause Young (Prepare Mixed) (G1 Evacuation Pause)
[2024-08-28T13:09:14.243+0000][info][gc,task     ] GC(60) Using 49 workers of 68 for evacuation
[2024-08-28T13:09:14.264+0000][info][gc,phases   ] GC(60)   Pre Evacuate Collection Set: 0.3ms
[2024-08-28T13:09:14.264+0000][info][gc,phases   ] GC(60)   Merge Heap Roots: 0.7ms
[2024-08-28T13:09:14.264+0000][info][gc,phases   ] GC(60)   Evacuate Collection Set: 19.9ms
[2024-08-28T13:09:14.264+0000][info][gc,phases   ] GC(60)   Post Evacuate Collection Set: 0.5ms
[2024-08-28T13:09:14.265+0000][info][gc,phases   ] GC(60)   Other: 0.2ms
[2024-08-28T13:09:14.265+0000][info][gc,heap     ] GC(60) Eden regions: 131->0(84)
[2024-08-28T13:09:14.265+0000][info][gc,heap     ] GC(60) Survivor regions: 13->18(18)
[2024-08-28T13:09:14.265+0000][info][gc,heap     ] GC(60) Old regions: 1413->1542
[2024-08-28T13:09:14.265+0000][info][gc,heap     ] GC(60) Archive regions: 2->2
[2024-08-28T13:09:14.265+0000][info][gc,heap     ] GC(60) Humongous regions: 5->5
[2024-08-28T13:09:14.265+0000][info][gc,metaspace] GC(60) Metaspace: 100K(320K)->100K(320K) NonClass: 96K(192K)->96K(192K) Class: 4K(128K)->4K(128K)
[2024-08-28T13:09:14.265+0000][info][gc          ] GC(60) Pause Young (Prepare Mixed) (G1 Evacuation Pause) 1562M->1565M(2048M) 21.814ms
[2024-08-28T13:09:14.265+0000][info][gc,cpu      ] GC(60) User=1.00s Sys=0.01s Real=0.02s
[2024-08-28T13:09:14.318+0000][info][gc,start    ] GC(61) Pause Young (Mixed) (G1 Evacuation Pause)
[2024-08-28T13:09:14.318+0000][info][gc,task     ] GC(61) Using 49 workers of 68 for evacuation
[2024-08-28T13:09:14.335+0000][info][gc,phases   ] GC(61)   Pre Evacuate Collection Set: 0.4ms
[2024-08-28T13:09:14.335+0000][info][gc,phases   ] GC(61)   Merge Heap Roots: 0.5ms
[2024-08-28T13:09:14.335+0000][info][gc,phases   ] GC(61)   Evacuate Collection Set: 15.4ms
[2024-08-28T13:09:14.335+0000][info][gc,phases   ] GC(61)   Post Evacuate Collection Set: 0.6ms
[2024-08-28T13:09:14.335+0000][info][gc,phases   ] GC(61)   Other: 0.3ms
[2024-08-28T13:09:14.335+0000][info][gc,heap     ] GC(61) Eden regions: 84->0(89)
[2024-08-28T13:09:14.335+0000][info][gc,heap     ] GC(61) Survivor regions: 18->13(13)
[2024-08-28T13:09:14.335+0000][info][gc,heap     ] GC(61) Old regions: 1542->1432
[2024-08-28T13:09:14.335+0000][info][gc,heap     ] GC(61) Archive regions: 2->2
[2024-08-28T13:09:14.335+0000][info][gc,heap     ] GC(61) Humongous regions: 5->5
[2024-08-28T13:09:14.335+0000][info][gc,metaspace] GC(61) Metaspace: 100K(320K)->100K(320K) NonClass: 96K(192K)->96K(192K) Class: 4K(128K)->4K(128K)
[2024-08-28T13:09:14.335+0000][info][gc          ] GC(61) Pause Young (Mixed) (G1 Evacuation Pause) 1649M->1450M(2048M) 17.330ms
[2024-08-28T13:09:14.335+0000][info][gc,cpu      ] GC(61) User=0.78s Sys=0.00s Real=0.01s
[2024-08-28T13:09:14.392+0000][info][gc,start    ] GC(62) Pause Young (Mixed) (G1 Evacuation Pause)
[2024-08-28T13:09:14.392+0000][info][gc,task     ] GC(62) Using 49 workers of 68 for evacuation
[2024-08-28T13:09:14.408+0000][info][gc,phases   ] GC(62)   Pre Evacuate Collection Set: 0.4ms
[2024-08-28T13:09:14.408+0000][info][gc,phases   ] GC(62)   Merge Heap Roots: 0.5ms
[2024-08-28T13:09:14.408+0000][info][gc,phases   ] GC(62)   Evacuate Collection Set: 14.8ms
[2024-08-28T13:09:14.408+0000][info][gc,phases   ] GC(62)   Post Evacuate Collection Set: 0.6ms
[2024-08-28T13:09:14.408+0000][info][gc,phases   ] GC(62)   Other: 0.3ms
[2024-08-28T13:09:14.408+0000][info][gc,heap     ] GC(62) Eden regions: 89->0(89)
[2024-08-28T13:09:14.408+0000][info][gc,heap     ] GC(62) Survivor regions: 13->13(13)
[2024-08-28T13:09:14.408+0000][info][gc,heap     ] GC(62) Old regions: 1432->1322
[2024-08-28T13:09:14.408+0000][info][gc,heap     ] GC(62) Archive regions: 2->2
[2024-08-28T13:09:14.408+0000][info][gc,heap     ] GC(62) Humongous regions: 5->5
[2024-08-28T13:09:14.408+0000][info][gc,metaspace] GC(62) Metaspace: 100K(320K)->100K(320K) NonClass: 96K(192K)->96K(192K) Class: 4K(128K)->4K(128K)
[2024-08-28T13:09:14.408+0000][info][gc          ] GC(62) Pause Young (Mixed) (G1 Evacuation Pause) 1539M->1340M(2048M) 16.707ms
[2024-08-28T13:09:14.408+0000][info][gc,cpu      ] GC(62) User=0.75s Sys=0.00s Real=0.01s
[2024-08-28T13:09:14.465+0000][info][gc,start    ] GC(63) Pause Young (Mixed) (G1 Evacuation Pause)
[2024-08-28T13:09:14.466+0000][info][gc,task     ] GC(63) Using 49 workers of 68 for evacuation
[2024-08-28T13:09:14.482+0000][info][gc,phases   ] GC(63)   Pre Evacuate Collection Set: 0.4ms
[2024-08-28T13:09:14.482+0000][info][gc,phases   ] GC(63)   Merge Heap Roots: 0.5ms
[2024-08-28T13:09:14.482+0000][info][gc,phases   ] GC(63)   Evacuate Collection Set: 14.6ms
[2024-08-28T13:09:14.482+0000][info][gc,phases   ] GC(63)   Post Evacuate Collection Set: 0.6ms
[2024-08-28T13:09:14.482+0000][info][gc,phases   ] GC(63)   Other: 0.3ms
[2024-08-28T13:09:14.482+0000][info][gc,heap     ] GC(63) Eden regions: 89->0(89)
[2024-08-28T13:09:14.482+0000][info][gc,heap     ] GC(63) Survivor regions: 13->13(13)
[2024-08-28T13:09:14.482+0000][info][gc,heap     ] GC(63) Old regions: 1322->1211
[2024-08-28T13:09:14.482+0000][info][gc,heap     ] GC(63) Archive regions: 2->2
[2024-08-28T13:09:14.482+0000][info][gc,heap     ] GC(63) Humongous regions: 5->5
[2024-08-28T13:09:14.482+0000][info][gc,metaspace] GC(63) Metaspace: 100K(320K)->100K(320K) NonClass: 96K(192K)->96K(192K) Class: 4K(128K)->4K(128K)
[2024-08-28T13:09:14.482+0000][info][gc          ] GC(63) Pause Young (Mixed) (G1 Evacuation Pause) 1429M->1229M(2048M) 16.437ms
[2024-08-28T13:09:14.482+0000][info][gc,cpu      ] GC(63) User=0.71s Sys=0.01s Real=0.02s
[2024-08-28T13:09:14.541+0000][info][gc,start    ] GC(64) Pause Young (Mixed) (G1 Evacuation Pause)
[2024-08-28T13:09:14.541+0000][info][gc,task     ] GC(64) Using 49 workers of 68 for evacuation
[2024-08-28T13:09:14.557+0000][info][gc,phases   ] GC(64)   Pre Evacuate Collection Set: 0.3ms
[2024-08-28T13:09:14.557+0000][info][gc,phases   ] GC(64)   Merge Heap Roots: 0.5ms
[2024-08-28T13:09:14.557+0000][info][gc,phases   ] GC(64)   Evacuate Collection Set: 14.3ms
[2024-08-28T13:09:14.557+0000][info][gc,phases   ] GC(64)   Post Evacuate Collection Set: 0.5ms
[2024-08-28T13:09:14.557+0000][info][gc,phases   ] GC(64)   Other: 0.2ms
[2024-08-28T13:09:14.557+0000][info][gc,heap     ] GC(64) Eden regions: 89->0(188)
[2024-08-28T13:09:14.557+0000][info][gc,heap     ] GC(64) Survivor regions: 13->13(13)
[2024-08-28T13:09:14.557+0000][info][gc,heap     ] GC(64) Old regions: 1211->1237
[2024-08-28T13:09:14.557+0000][info][gc,heap     ] GC(64) Archive regions: 2->2
[2024-08-28T13:09:14.557+0000][info][gc,heap     ] GC(64) Humongous regions: 5->5
[2024-08-28T13:09:14.557+0000][info][gc,metaspace] GC(64) Metaspace: 100K(320K)->100K(320K) NonClass: 96K(192K)->96K(192K) Class: 4K(128K)->4K(128K)
[2024-08-28T13:09:14.557+0000][info][gc          ] GC(64) Pause Young (Mixed) (G1 Evacuation Pause) 1318M->1255M(2048M) 15.986ms
[2024-08-28T13:09:14.557+0000][info][gc,cpu      ] GC(64) User=0.72s Sys=0.00s Real=0.01s
[2024-08-28T13:09:14.671+0000][info][gc,start    ] GC(65) Pause Young (Normal) (G1 Evacuation Pause)
[2024-08-28T13:09:14.671+0000][info][gc,task     ] GC(65) Using 49 workers of 68 for evacuation
[2024-08-28T13:09:14.697+0000][info][gc,phases   ] GC(65)   Pre Evacuate Collection Set: 0.3ms
[2024-08-28T13:09:14.697+0000][info][gc,phases   ] GC(65)   Merge Heap Roots: 0.7ms
[2024-08-28T13:09:14.697+0000][info][gc,phases   ] GC(65)   Evacuate Collection Set: 24.3ms
[2024-08-28T13:09:14.697+0000][info][gc,phases   ] GC(65)   Post Evacuate Collection Set: 0.6ms
[2024-08-28T13:09:14.697+0000][info][gc,phases   ] GC(65)   Other: 0.3ms
[2024-08-28T13:09:14.697+0000][info][gc,heap     ] GC(65) Eden regions: 188->0(127)
[2024-08-28T13:09:14.697+0000][info][gc,heap     ] GC(65) Survivor regions: 13->26(26)
[2024-08-28T13:09:14.697+0000][info][gc,heap     ] GC(65) Old regions: 1237->1412
[2024-08-28T13:09:14.697+0000][info][gc,heap     ] GC(65) Archive regions: 2->2
[2024-08-28T13:09:14.697+0000][info][gc,heap     ] GC(65) Humongous regions: 5->5
[2024-08-28T13:09:14.697+0000][info][gc,metaspace] GC(65) Metaspace: 100K(320K)->100K(320K) NonClass: 96K(192K)->96K(192K) Class: 4K(128K)->4K(128K)
[2024-08-28T13:09:14.697+0000][info][gc          ] GC(65) Pause Young (Normal) (G1 Evacuation Pause) 1443M->1443M(2048M) 26.142ms
[2024-08-28T13:09:14.697+0000][info][gc,cpu      ] GC(65) User=1.20s Sys=0.00s Real=0.02s
[2024-08-28T13:09:14.777+0000][info][gc,start    ] GC(66) Pause Young (Concurrent Start) (G1 Evacuation Pause)
[2024-08-28T13:09:14.777+0000][info][gc,task     ] GC(66) Using 49 workers of 68 for evacuation
[2024-08-28T13:09:14.802+0000][info][gc,phases   ] GC(66)   Pre Evacuate Collection Set: 0.3ms
[2024-08-28T13:09:14.802+0000][info][gc,phases   ] GC(66)   Merge Heap Roots: 1.0ms
[2024-08-28T13:09:14.802+0000][info][gc,phases   ] GC(66)   Evacuate Collection Set: 22.3ms
[2024-08-28T13:09:14.802+0000][info][gc,phases   ] GC(66)   Post Evacuate Collection Set: 0.6ms
[2024-08-28T13:09:14.802+0000][info][gc,phases   ] GC(66)   Other: 0.7ms
[2024-08-28T13:09:14.802+0000][info][gc,heap     ] GC(66) Eden regions: 127->0(84)
[2024-08-28T13:09:14.802+0000][info][gc,heap     ] GC(66) Survivor regions: 26->20(20)
[2024-08-28T13:09:14.802+0000][info][gc,heap     ] GC(66) Old regions: 1412->1551
[2024-08-28T13:09:14.802+0000][info][gc,heap     ] GC(66) Archive regions: 2->2
[2024-08-28T13:09:14.802+0000][info][gc,heap     ] GC(66) Humongous regions: 5->5
[2024-08-28T13:09:14.802+0000][info][gc,metaspace] GC(66) Metaspace: 100K(320K)->100K(320K) NonClass: 96K(192K)->96K(192K) Class: 4K(128K)->4K(128K)
[2024-08-28T13:09:14.802+0000][info][gc          ] GC(66) Pause Young (Concurrent Start) (G1 Evacuation Pause) 1570M->1576M(2048M) 25.007ms
[2024-08-28T13:09:14.802+0000][info][gc,cpu      ] GC(66) User=1.09s Sys=0.05s Real=0.03s
[2024-08-28T13:09:14.802+0000][info][gc          ] GC(67) Concurrent Mark Cycle
[2024-08-28T13:09:14.802+0000][info][gc,marking  ] GC(67) Concurrent Clear Claimed Marks
[2024-08-28T13:09:14.802+0000][info][gc,marking  ] GC(67) Concurrent Clear Claimed Marks 0.009ms
[2024-08-28T13:09:14.802+0000][info][gc,marking  ] GC(67) Concurrent Scan Root Regions
[2024-08-28T13:09:14.807+0000][info][gc,marking  ] GC(67) Concurrent Scan Root Regions 4.216ms
[2024-08-28T13:09:14.807+0000][info][gc,marking  ] GC(67) Concurrent Mark
[2024-08-28T13:09:14.807+0000][info][gc,marking  ] GC(67) Concurrent Mark From Roots
[2024-08-28T13:09:14.807+0000][info][gc,task     ] GC(67) Using 17 workers of 17 for marking
[2024-08-28T13:09:14.828+0000][info][gc,marking  ] GC(67) Concurrent Mark From Roots 21.623ms
[2024-08-28T13:09:14.828+0000][info][gc,marking  ] GC(67) Concurrent Preclean
[2024-08-28T13:09:14.829+0000][info][gc,marking  ] GC(67) Concurrent Preclean 0.503ms
[2024-08-28T13:09:14.829+0000][info][gc,start    ] GC(67) Pause Remark
[2024-08-28T13:09:14.831+0000][info][gc          ] GC(67) Pause Remark 1602M->1375M(2048M) 2.251ms
[2024-08-28T13:09:14.831+0000][info][gc,cpu      ] GC(67) User=0.01s Sys=0.01s Real=0.01s
[2024-08-28T13:09:14.832+0000][info][gc,marking  ] GC(67) Concurrent Mark 24.821ms
[2024-08-28T13:09:14.832+0000][info][gc,marking  ] GC(67) Concurrent Rebuild Remembered Sets
[2024-08-28T13:09:14.875+0000][info][gc,start    ] GC(68) Pause Young (Normal) (G1 Evacuation Pause)
[2024-08-28T13:09:14.875+0000][info][gc,task     ] GC(68) Using 49 workers of 68 for evacuation
[2024-08-28T13:09:14.894+0000][info][gc,phases   ] GC(68)   Pre Evacuate Collection Set: 0.4ms
[2024-08-28T13:09:14.894+0000][info][gc,phases   ] GC(68)   Merge Heap Roots: 0.5ms
[2024-08-28T13:09:14.894+0000][info][gc,phases   ] GC(68)   Evacuate Collection Set: 17.2ms
[2024-08-28T13:09:14.894+0000][info][gc,phases   ] GC(68)   Post Evacuate Collection Set: 0.8ms
[2024-08-28T13:09:14.894+0000][info][gc,phases   ] GC(68)   Other: 0.3ms
[2024-08-28T13:09:14.894+0000][info][gc,heap     ] GC(68) Eden regions: 84->0(127)
[2024-08-28T13:09:14.894+0000][info][gc,heap     ] GC(68) Survivor regions: 20->13(13)
[2024-08-28T13:09:14.894+0000][info][gc,heap     ] GC(68) Old regions: 1324->1424
[2024-08-28T13:09:14.894+0000][info][gc,heap     ] GC(68) Archive regions: 2->2
[2024-08-28T13:09:14.894+0000][info][gc,heap     ] GC(68) Humongous regions: 5->5
[2024-08-28T13:09:14.894+0000][info][gc,metaspace] GC(68) Metaspace: 100K(320K)->100K(320K) NonClass: 96K(192K)->96K(192K) Class: 4K(128K)->4K(128K)
[2024-08-28T13:09:14.894+0000][info][gc          ] GC(68) Pause Young (Normal) (G1 Evacuation Pause) 1433M->1442M(2048M) 19.236ms
[2024-08-28T13:09:14.894+0000][info][gc,cpu      ] GC(68) User=0.85s Sys=0.02s Real=0.02s
[2024-08-28T13:09:14.917+0000][info][gc,marking  ] GC(67) Concurrent Rebuild Remembered Sets 85.555ms
[2024-08-28T13:09:14.917+0000][info][gc,start    ] GC(67) Pause Cleanup
[2024-08-28T13:09:14.921+0000][info][gc          ] GC(67) Pause Cleanup 1474M->1474M(2048M) 3.848ms
[2024-08-28T13:09:14.921+0000][info][gc,cpu      ] GC(67) User=0.02s Sys=0.00s Real=0.01s
[2024-08-28T13:09:14.921+0000][info][gc,marking  ] GC(67) Concurrent Cleanup for Next Mark
[2024-08-28T13:09:14.923+0000][info][gc,marking  ] GC(67) Concurrent Cleanup for Next Mark 1.797ms
[2024-08-28T13:09:14.923+0000][info][gc          ] GC(67) Concurrent Mark Cycle 120.862ms
[2024-08-28T13:09:14.983+0000][info][gc,start    ] GC(69) Pause Young (Prepare Mixed) (G1 Evacuation Pause)
[2024-08-28T13:09:14.983+0000][info][gc,task     ] GC(69) Using 49 workers of 68 for evacuation
[2024-08-28T13:09:15.006+0000][info][gc,phases   ] GC(69)   Pre Evacuate Collection Set: 0.3ms
[2024-08-28T13:09:15.006+0000][info][gc,phases   ] GC(69)   Merge Heap Roots: 0.8ms
[2024-08-28T13:09:15.006+0000][info][gc,phases   ] GC(69)   Evacuate Collection Set: 20.7ms
[2024-08-28T13:09:15.006+0000][info][gc,phases   ] GC(69)   Post Evacuate Collection Set: 0.6ms
[2024-08-28T13:09:15.006+0000][info][gc,phases   ] GC(69)   Other: 0.2ms
[2024-08-28T13:09:15.006+0000][info][gc,heap     ] GC(69) Eden regions: 127->0(84)
[2024-08-28T13:09:15.006+0000][info][gc,heap     ] GC(69) Survivor regions: 13->18(18)
[2024-08-28T13:09:15.006+0000][info][gc,heap     ] GC(69) Old regions: 1424->1549
[2024-08-28T13:09:15.006+0000][info][gc,heap     ] GC(69) Archive regions: 2->2
[2024-08-28T13:09:15.006+0000][info][gc,heap     ] GC(69) Humongous regions: 5->5
[2024-08-28T13:09:15.006+0000][info][gc,metaspace] GC(69) Metaspace: 100K(320K)->100K(320K) NonClass: 96K(192K)->96K(192K) Class: 4K(128K)->4K(128K)
[2024-08-28T13:09:15.006+0000][info][gc          ] GC(69) Pause Young (Prepare Mixed) (G1 Evacuation Pause) 1569M->1572M(2048M) 22.790ms
[2024-08-28T13:09:15.006+0000][info][gc,cpu      ] GC(69) User=1.03s Sys=0.02s Real=0.02s
[2024-08-28T13:09:15.062+0000][info][gc,start    ] GC(70) Pause Young (Mixed) (G1 Evacuation Pause)
[2024-08-28T13:09:15.063+0000][info][gc,task     ] GC(70) Using 49 workers of 68 for evacuation
[2024-08-28T13:09:15.081+0000][info][gc,phases   ] GC(70)   Pre Evacuate Collection Set: 0.4ms
[2024-08-28T13:09:15.081+0000][info][gc,phases   ] GC(70)   Merge Heap Roots: 0.8ms
[2024-08-28T13:09:15.081+0000][info][gc,phases   ] GC(70)   Evacuate Collection Set: 16.4ms
[2024-08-28T13:09:15.081+0000][info][gc,phases   ] GC(70)   Post Evacuate Collection Set: 0.6ms
[2024-08-28T13:09:15.081+0000][info][gc,phases   ] GC(70)   Other: 0.3ms
[2024-08-28T13:09:15.081+0000][info][gc,heap     ] GC(70) Eden regions: 84->0(89)
[2024-08-28T13:09:15.081+0000][info][gc,heap     ] GC(70) Survivor regions: 18->13(13)
[2024-08-28T13:09:15.081+0000][info][gc,heap     ] GC(70) Old regions: 1549->1440
[2024-08-28T13:09:15.081+0000][info][gc,heap     ] GC(70) Archive regions: 2->2
[2024-08-28T13:09:15.081+0000][info][gc,heap     ] GC(70) Humongous regions: 5->5
[2024-08-28T13:09:15.081+0000][info][gc,metaspace] GC(70) Metaspace: 100K(320K)->100K(320K) NonClass: 96K(192K)->96K(192K) Class: 4K(128K)->4K(128K)
[2024-08-28T13:09:15.081+0000][info][gc          ] GC(70) Pause Young (Mixed) (G1 Evacuation Pause) 1656M->1458M(2048M) 18.630ms
[2024-08-28T13:09:15.081+0000][info][gc,cpu      ] GC(70) User=0.82s Sys=0.01s Real=0.02s
[2024-08-28T13:09:15.141+0000][info][gc,start    ] GC(71) Pause Young (Mixed) (G1 Evacuation Pause)
[2024-08-28T13:09:15.141+0000][info][gc,task     ] GC(71) Using 49 workers of 68 for evacuation
[2024-08-28T13:09:15.164+0000][info][gc,phases   ] GC(71)   Pre Evacuate Collection Set: 0.4ms
[2024-08-28T13:09:15.164+0000][info][gc,phases   ] GC(71)   Merge Heap Roots: 0.6ms
[2024-08-28T13:09:15.164+0000][info][gc,phases   ] GC(71)   Evacuate Collection Set: 21.3ms
[2024-08-28T13:09:15.164+0000][info][gc,phases   ] GC(71)   Post Evacuate Collection Set: 0.6ms
[2024-08-28T13:09:15.164+0000][info][gc,phases   ] GC(71)   Other: 0.3ms
[2024-08-28T13:09:15.164+0000][info][gc,heap     ] GC(71) Eden regions: 89->0(89)
[2024-08-28T13:09:15.164+0000][info][gc,heap     ] GC(71) Survivor regions: 13->13(13)
[2024-08-28T13:09:15.164+0000][info][gc,heap     ] GC(71) Old regions: 1440->1329
[2024-08-28T13:09:15.164+0000][info][gc,heap     ] GC(71) Archive regions: 2->2
[2024-08-28T13:09:15.164+0000][info][gc,heap     ] GC(71) Humongous regions: 5->5
[2024-08-28T13:09:15.164+0000][info][gc,metaspace] GC(71) Metaspace: 100K(320K)->100K(320K) NonClass: 96K(192K)->96K(192K) Class: 4K(128K)->4K(128K)
[2024-08-28T13:09:15.164+0000][info][gc          ] GC(71) Pause Young (Mixed) (G1 Evacuation Pause) 1547M->1347M(2048M) 23.278ms
[2024-08-28T13:09:15.164+0000][info][gc,cpu      ] GC(71) User=0.82s Sys=0.04s Real=0.02s
[2024-08-28T13:09:15.234+0000][info][gc,start    ] GC(72) Pause Young (Mixed) (G1 Evacuation Pause)
[2024-08-28T13:09:15.234+0000][info][gc,task     ] GC(72) Using 49 workers of 68 for evacuation
[2024-08-28T13:09:15.256+0000][info][gc,phases   ] GC(72)   Pre Evacuate Collection Set: 0.4ms
[2024-08-28T13:09:15.256+0000][info][gc,phases   ] GC(72)   Merge Heap Roots: 0.9ms
[2024-08-28T13:09:15.256+0000][info][gc,phases   ] GC(72)   Evacuate Collection Set: 19.5ms
[2024-08-28T13:09:15.256+0000][info][gc,phases   ] GC(72)   Post Evacuate Collection Set: 0.6ms
[2024-08-28T13:09:15.256+0000][info][gc,phases   ] GC(72)   Other: 0.3ms
[2024-08-28T13:09:15.256+0000][info][gc,heap     ] GC(72) Eden regions: 89->0(89)
[2024-08-28T13:09:15.256+0000][info][gc,heap     ] GC(72) Survivor regions: 13->13(13)
[2024-08-28T13:09:15.256+0000][info][gc,heap     ] GC(72) Old regions: 1329->1219
[2024-08-28T13:09:15.256+0000][info][gc,heap     ] GC(72) Archive regions: 2->2
[2024-08-28T13:09:15.256+0000][info][gc,heap     ] GC(72) Humongous regions: 5->5
[2024-08-28T13:09:15.256+0000][info][gc,metaspace] GC(72) Metaspace: 100K(320K)->100K(320K) NonClass: 96K(192K)->96K(192K) Class: 4K(128K)->4K(128K)
[2024-08-28T13:09:15.256+0000][info][gc          ] GC(72) Pause Young (Mixed) (G1 Evacuation Pause) 1436M->1237M(2048M) 21.834ms
[2024-08-28T13:09:15.256+0000][info][gc,cpu      ] GC(72) User=0.70s Sys=0.29s Real=0.02s
[2024-08-28T13:09:15.323+0000][info][gc,start    ] GC(73) Pause Young (Mixed) (G1 Evacuation Pause)
[2024-08-28T13:09:15.323+0000][info][gc,task     ] GC(73) Using 49 workers of 68 for evacuation
[2024-08-28T13:09:15.345+0000][info][gc,phases   ] GC(73)   Pre Evacuate Collection Set: 0.4ms
[2024-08-28T13:09:15.345+0000][info][gc,phases   ] GC(73)   Merge Heap Roots: 0.6ms
[2024-08-28T13:09:15.345+0000][info][gc,phases   ] GC(73)   Evacuate Collection Set: 20.4ms
[2024-08-28T13:09:15.345+0000][info][gc,phases   ] GC(73)   Post Evacuate Collection Set: 0.6ms
[2024-08-28T13:09:15.346+0000][info][gc,phases   ] GC(73)   Other: 0.3ms
[2024-08-28T13:09:15.346+0000][info][gc,heap     ] GC(73) Eden regions: 89->0(188)
[2024-08-28T13:09:15.346+0000][info][gc,heap     ] GC(73) Survivor regions: 13->13(13)
[2024-08-28T13:09:15.346+0000][info][gc,heap     ] GC(73) Old regions: 1219->1238
[2024-08-28T13:09:15.346+0000][info][gc,heap     ] GC(73) Archive regions: 2->2
[2024-08-28T13:09:15.346+0000][info][gc,heap     ] GC(73) Humongous regions: 5->5
[2024-08-28T13:09:15.346+0000][info][gc,metaspace] GC(73) Metaspace: 100K(320K)->100K(320K) NonClass: 96K(192K)->96K(192K) Class: 4K(128K)->4K(128K)
[2024-08-28T13:09:15.346+0000][info][gc          ] GC(73) Pause Young (Mixed) (G1 Evacuation Pause) 1326M->1256M(2048M) 22.313ms
[2024-08-28T13:09:15.346+0000][info][gc,cpu      ] GC(73) User=0.75s Sys=0.19s Real=0.02s
[2024-08-28T13:09:15.466+0000][info][gc,start    ] GC(74) Pause Young (Normal) (G1 Evacuation Pause)
[2024-08-28T13:09:15.466+0000][info][gc,task     ] GC(74) Using 49 workers of 68 for evacuation
[2024-08-28T13:09:15.497+0000][info][gc,phases   ] GC(74)   Pre Evacuate Collection Set: 0.3ms
[2024-08-28T13:09:15.497+0000][info][gc,phases   ] GC(74)   Merge Heap Roots: 0.7ms
[2024-08-28T13:09:15.497+0000][info][gc,phases   ] GC(74)   Evacuate Collection Set: 29.4ms
[2024-08-28T13:09:15.497+0000][info][gc,phases   ] GC(74)   Post Evacuate Collection Set: 0.6ms
[2024-08-28T13:09:15.497+0000][info][gc,phases   ] GC(74)   Other: 0.3ms
[2024-08-28T13:09:15.497+0000][info][gc,heap     ] GC(74) Eden regions: 188->0(127)
[2024-08-28T13:09:15.497+0000][info][gc,heap     ] GC(74) Survivor regions: 13->26(26)
[2024-08-28T13:09:15.497+0000][info][gc,heap     ] GC(74) Old regions: 1238->1412
[2024-08-28T13:09:15.497+0000][info][gc,heap     ] GC(74) Archive regions: 2->2
[2024-08-28T13:09:15.497+0000][info][gc,heap     ] GC(74) Humongous regions: 5->5
[2024-08-28T13:09:15.497+0000][info][gc,metaspace] GC(74) Metaspace: 100K(320K)->100K(320K) NonClass: 96K(192K)->96K(192K) Class: 4K(128K)->4K(128K)
[2024-08-28T13:09:15.497+0000][info][gc          ] GC(74) Pause Young (Normal) (G1 Evacuation Pause) 1444M->1443M(2048M) 31.284ms
[2024-08-28T13:09:15.497+0000][info][gc,cpu      ] GC(74) User=0.95s Sys=0.36s Real=0.03s
[2024-08-28T13:09:15.585+0000][info][gc,start    ] GC(75) Pause Young (Concurrent Start) (G1 Evacuation Pause)
[2024-08-28T13:09:15.585+0000][info][gc,task     ] GC(75) Using 49 workers of 68 for evacuation
[2024-08-28T13:09:15.613+0000][info][gc,phases   ] GC(75)   Pre Evacuate Collection Set: 0.4ms
[2024-08-28T13:09:15.613+0000][info][gc,phases   ] GC(75)   Merge Heap Roots: 0.6ms
[2024-08-28T13:09:15.613+0000][info][gc,phases   ] GC(75)   Evacuate Collection Set: 25.1ms
[2024-08-28T13:09:15.613+0000][info][gc,phases   ] GC(75)   Post Evacuate Collection Set: 0.6ms
[2024-08-28T13:09:15.613+0000][info][gc,phases   ] GC(75)   Other: 0.8ms
[2024-08-28T13:09:15.613+0000][info][gc,heap     ] GC(75) Eden regions: 127->0(83)
[2024-08-28T13:09:15.613+0000][info][gc,heap     ] GC(75) Survivor regions: 26->20(20)
[2024-08-28T13:09:15.613+0000][info][gc,heap     ] GC(75) Old regions: 1412->1552
[2024-08-28T13:09:15.613+0000][info][gc,heap     ] GC(75) Archive regions: 2->2
[2024-08-28T13:09:15.613+0000][info][gc,heap     ] GC(75) Humongous regions: 5->5
[2024-08-28T13:09:15.613+0000][info][gc,metaspace] GC(75) Metaspace: 100K(320K)->100K(320K) NonClass: 96K(192K)->96K(192K) Class: 4K(128K)->4K(128K)
[2024-08-28T13:09:15.613+0000][info][gc          ] GC(75) Pause Young (Concurrent Start) (G1 Evacuation Pause) 1570M->1577M(2048M) 27.526ms
[2024-08-28T13:09:15.613+0000][info][gc,cpu      ] GC(75) User=0.94s Sys=0.20s Real=0.03s
[2024-08-28T13:09:15.613+0000][info][gc          ] GC(76) Concurrent Mark Cycle
[2024-08-28T13:09:15.613+0000][info][gc,marking  ] GC(76) Concurrent Clear Claimed Marks
[2024-08-28T13:09:15.613+0000][info][gc,marking  ] GC(76) Concurrent Clear Claimed Marks 0.011ms
[2024-08-28T13:09:15.613+0000][info][gc,marking  ] GC(76) Concurrent Scan Root Regions
[2024-08-28T13:09:15.620+0000][info][gc,marking  ] GC(76) Concurrent Scan Root Regions 7.259ms
[2024-08-28T13:09:15.620+0000][info][gc,marking  ] GC(76) Concurrent Mark
[2024-08-28T13:09:15.620+0000][info][gc,marking  ] GC(76) Concurrent Mark From Roots
[2024-08-28T13:09:15.620+0000][info][gc,task     ] GC(76) Using 17 workers of 17 for marking
[2024-08-28T13:09:15.643+0000][info][gc,marking  ] GC(76) Concurrent Mark From Roots 22.999ms
[2024-08-28T13:09:15.643+0000][info][gc,marking  ] GC(76) Concurrent Preclean
[2024-08-28T13:09:15.644+0000][info][gc,marking  ] GC(76) Concurrent Preclean 0.504ms
[2024-08-28T13:09:15.644+0000][info][gc,start    ] GC(76) Pause Remark
[2024-08-28T13:09:15.646+0000][info][gc          ] GC(76) Pause Remark 1603M->1379M(2048M) 2.170ms
[2024-08-28T13:09:15.646+0000][info][gc,cpu      ] GC(76) User=0.01s Sys=0.00s Real=0.00s
[2024-08-28T13:09:15.646+0000][info][gc,marking  ] GC(76) Concurrent Mark 26.208ms
[2024-08-28T13:09:15.646+0000][info][gc,marking  ] GC(76) Concurrent Rebuild Remembered Sets
[2024-08-28T13:09:15.693+0000][info][gc,start    ] GC(77) Pause Young (Normal) (G1 Evacuation Pause)
[2024-08-28T13:09:15.693+0000][info][gc,task     ] GC(77) Using 49 workers of 68 for evacuation
[2024-08-28T13:09:15.713+0000][info][gc,phases   ] GC(77)   Pre Evacuate Collection Set: 0.5ms
[2024-08-28T13:09:15.713+0000][info][gc,phases   ] GC(77)   Merge Heap Roots: 0.5ms
[2024-08-28T13:09:15.713+0000][info][gc,phases   ] GC(77)   Evacuate Collection Set: 17.7ms
[2024-08-28T13:09:15.713+0000][info][gc,phases   ] GC(77)   Post Evacuate Collection Set: 0.8ms
[2024-08-28T13:09:15.713+0000][info][gc,phases   ] GC(77)   Other: 0.3ms
[2024-08-28T13:09:15.713+0000][info][gc,heap     ] GC(77) Eden regions: 83->0(127)
[2024-08-28T13:09:15.713+0000][info][gc,heap     ] GC(77) Survivor regions: 20->13(13)
[2024-08-28T13:09:15.713+0000][info][gc,heap     ] GC(77) Old regions: 1328->1425
[2024-08-28T13:09:15.713+0000][info][gc,heap     ] GC(77) Archive regions: 2->2
[2024-08-28T13:09:15.713+0000][info][gc,heap     ] GC(77) Humongous regions: 5->5
[2024-08-28T13:09:15.713+0000][info][gc,metaspace] GC(77) Metaspace: 100K(320K)->100K(320K) NonClass: 96K(192K)->96K(192K) Class: 4K(128K)->4K(128K)
[2024-08-28T13:09:15.713+0000][info][gc          ] GC(77) Pause Young (Normal) (G1 Evacuation Pause) 1436M->1443M(2048M) 19.798ms
[2024-08-28T13:09:15.713+0000][info][gc,cpu      ] GC(77) User=0.72s Sys=0.14s Real=0.02s
[2024-08-28T13:09:15.733+0000][info][gc,marking  ] GC(76) Concurrent Rebuild Remembered Sets 86.778ms
[2024-08-28T13:09:15.733+0000][info][gc,start    ] GC(76) Pause Cleanup
[2024-08-28T13:09:15.736+0000][info][gc          ] GC(76) Pause Cleanup 1472M->1472M(2048M) 2.663ms
[2024-08-28T13:09:15.736+0000][info][gc,cpu      ] GC(76) User=0.01s Sys=0.00s Real=0.00s
[2024-08-28T13:09:15.736+0000][info][gc,marking  ] GC(76) Concurrent Cleanup for Next Mark
[2024-08-28T13:09:15.738+0000][info][gc,marking  ] GC(76) Concurrent Cleanup for Next Mark 1.695ms
[2024-08-28T13:09:15.738+0000][info][gc          ] GC(76) Concurrent Mark Cycle 125.139ms
[2024-08-28T13:09:15.797+0000][info][gc,start    ] GC(78) Pause Young (Prepare Mixed) (G1 Evacuation Pause)
[2024-08-28T13:09:15.797+0000][info][gc,task     ] GC(78) Using 49 workers of 68 for evacuation
[2024-08-28T13:09:15.821+0000][info][gc,phases   ] GC(78)   Pre Evacuate Collection Set: 0.2ms
[2024-08-28T13:09:15.821+0000][info][gc,phases   ] GC(78)   Merge Heap Roots: 1.3ms
[2024-08-28T13:09:15.821+0000][info][gc,phases   ] GC(78)   Evacuate Collection Set: 22.0ms
[2024-08-28T13:09:15.821+0000][info][gc,phases   ] GC(78)   Post Evacuate Collection Set: 0.5ms
[2024-08-28T13:09:15.821+0000][info][gc,phases   ] GC(78)   Other: 0.2ms
[2024-08-28T13:09:15.822+0000][info][gc,heap     ] GC(78) Eden regions: 127->0(84)
[2024-08-28T13:09:15.822+0000][info][gc,heap     ] GC(78) Survivor regions: 13->18(18)
[2024-08-28T13:09:15.822+0000][info][gc,heap     ] GC(78) Old regions: 1425->1551
[2024-08-28T13:09:15.822+0000][info][gc,heap     ] GC(78) Archive regions: 2->2
[2024-08-28T13:09:15.822+0000][info][gc,heap     ] GC(78) Humongous regions: 5->5
[2024-08-28T13:09:15.822+0000][info][gc,metaspace] GC(78) Metaspace: 100K(320K)->100K(320K) NonClass: 96K(192K)->96K(192K) Class: 4K(128K)->4K(128K)
[2024-08-28T13:09:15.822+0000][info][gc          ] GC(78) Pause Young (Prepare Mixed) (G1 Evacuation Pause) 1570M->1574M(2048M) 24.324ms
[2024-08-28T13:09:15.822+0000][info][gc,cpu      ] GC(78) User=1.08s Sys=0.06s Real=0.03s
[2024-08-28T13:09:15.872+0000][info][gc,start    ] GC(79) Pause Young (Mixed) (G1 Evacuation Pause)
[2024-08-28T13:09:15.872+0000][info][gc,task     ] GC(79) Using 49 workers of 68 for evacuation
[2024-08-28T13:09:15.890+0000][info][gc,phases   ] GC(79)   Pre Evacuate Collection Set: 0.3ms
[2024-08-28T13:09:15.890+0000][info][gc,phases   ] GC(79)   Merge Heap Roots: 0.5ms
[2024-08-28T13:09:15.890+0000][info][gc,phases   ] GC(79)   Evacuate Collection Set: 15.8ms
[2024-08-28T13:09:15.890+0000][info][gc,phases   ] GC(79)   Post Evacuate Collection Set: 0.7ms
[2024-08-28T13:09:15.890+0000][info][gc,phases   ] GC(79)   Other: 0.2ms
[2024-08-28T13:09:15.890+0000][info][gc,heap     ] GC(79) Eden regions: 84->0(89)
[2024-08-28T13:09:15.890+0000][info][gc,heap     ] GC(79) Survivor regions: 18->13(13)
[2024-08-28T13:09:15.890+0000][info][gc,heap     ] GC(79) Old regions: 1551->1442
[2024-08-28T13:09:15.890+0000][info][gc,heap     ] GC(79) Archive regions: 2->2
[2024-08-28T13:09:15.890+0000][info][gc,heap     ] GC(79) Humongous regions: 5->5
[2024-08-28T13:09:15.890+0000][info][gc,metaspace] GC(79) Metaspace: 100K(320K)->100K(320K) NonClass: 96K(192K)->96K(192K) Class: 4K(128K)->4K(128K)
[2024-08-28T13:09:15.890+0000][info][gc          ] GC(79) Pause Young (Mixed) (G1 Evacuation Pause) 1658M->1460M(2048M) 17.518ms
[2024-08-28T13:09:15.890+0000][info][gc,cpu      ] GC(79) User=0.79s Sys=0.01s Real=0.02s
[2024-08-28T13:09:15.943+0000][info][gc,start    ] GC(80) Pause Young (Mixed) (G1 Evacuation Pause)
[2024-08-28T13:09:15.943+0000][info][gc,task     ] GC(80) Using 49 workers of 68 for evacuation
[2024-08-28T13:09:15.961+0000][info][gc,phases   ] GC(80)   Pre Evacuate Collection Set: 0.3ms
[2024-08-28T13:09:15.961+0000][info][gc,phases   ] GC(80)   Merge Heap Roots: 0.7ms
[2024-08-28T13:09:15.961+0000][info][gc,phases   ] GC(80)   Evacuate Collection Set: 16.2ms
[2024-08-28T13:09:15.961+0000][info][gc,phases   ] GC(80)   Post Evacuate Collection Set: 0.7ms
[2024-08-28T13:09:15.961+0000][info][gc,phases   ] GC(80)   Other: 0.2ms
[2024-08-28T13:09:15.961+0000][info][gc,heap     ] GC(80) Eden regions: 89->0(89)
[2024-08-28T13:09:15.962+0000][info][gc,heap     ] GC(80) Survivor regions: 13->13(13)
[2024-08-28T13:09:15.962+0000][info][gc,heap     ] GC(80) Old regions: 1442->1331
[2024-08-28T13:09:15.962+0000][info][gc,heap     ] GC(80) Archive regions: 2->2
[2024-08-28T13:09:15.962+0000][info][gc,heap     ] GC(80) Humongous regions: 5->5
[2024-08-28T13:09:15.962+0000][info][gc,metaspace] GC(80) Metaspace: 100K(320K)->100K(320K) NonClass: 96K(192K)->96K(192K) Class: 4K(128K)->4K(128K)
[2024-08-28T13:09:15.962+0000][info][gc          ] GC(80) Pause Young (Mixed) (G1 Evacuation Pause) 1549M->1349M(2048M) 18.150ms
[2024-08-28T13:09:15.962+0000][info][gc,cpu      ] GC(80) User=0.60s Sys=0.23s Real=0.02s
[2024-08-28T13:09:16.015+0000][info][gc,start    ] GC(81) Pause Young (Mixed) (G1 Evacuation Pause)
[2024-08-28T13:09:16.015+0000][info][gc,task     ] GC(81) Using 49 workers of 68 for evacuation
[2024-08-28T13:09:16.032+0000][info][gc,phases   ] GC(81)   Pre Evacuate Collection Set: 0.3ms
[2024-08-28T13:09:16.032+0000][info][gc,phases   ] GC(81)   Merge Heap Roots: 0.6ms
[2024-08-28T13:09:16.032+0000][info][gc,phases   ] GC(81)   Evacuate Collection Set: 14.6ms
[2024-08-28T13:09:16.032+0000][info][gc,phases   ] GC(81)   Post Evacuate Collection Set: 0.6ms
[2024-08-28T13:09:16.032+0000][info][gc,phases   ] GC(81)   Other: 0.2ms
[2024-08-28T13:09:16.032+0000][info][gc,heap     ] GC(81) Eden regions: 89->0(89)
[2024-08-28T13:09:16.032+0000][info][gc,heap     ] GC(81) Survivor regions: 13->13(13)
[2024-08-28T13:09:16.032+0000][info][gc,heap     ] GC(81) Old regions: 1331->1221
[2024-08-28T13:09:16.032+0000][info][gc,heap     ] GC(81) Archive regions: 2->2
[2024-08-28T13:09:16.032+0000][info][gc,heap     ] GC(81) Humongous regions: 5->5
[2024-08-28T13:09:16.032+0000][info][gc,metaspace] GC(81) Metaspace: 100K(320K)->100K(320K) NonClass: 96K(192K)->96K(192K) Class: 4K(128K)->4K(128K)
[2024-08-28T13:09:16.032+0000][info][gc          ] GC(81) Pause Young (Mixed) (G1 Evacuation Pause) 1438M->1239M(2048M) 16.359ms
[2024-08-28T13:09:16.032+0000][info][gc,cpu      ] GC(81) User=0.65s Sys=0.10s Real=0.02s
[2024-08-28T13:09:16.086+0000][info][gc,start    ] GC(82) Pause Young (Mixed) (G1 Evacuation Pause)
[2024-08-28T13:09:16.086+0000][info][gc,task     ] GC(82) Using 49 workers of 68 for evacuation
[2024-08-28T13:09:16.103+0000][info][gc,phases   ] GC(82)   Pre Evacuate Collection Set: 0.3ms
[2024-08-28T13:09:16.103+0000][info][gc,phases   ] GC(82)   Merge Heap Roots: 0.8ms
[2024-08-28T13:09:16.103+0000][info][gc,phases   ] GC(82)   Evacuate Collection Set: 15.7ms
[2024-08-28T13:09:16.103+0000][info][gc,phases   ] GC(82)   Post Evacuate Collection Set: 0.6ms
[2024-08-28T13:09:16.103+0000][info][gc,phases   ] GC(82)   Other: 0.2ms
[2024-08-28T13:09:16.103+0000][info][gc,heap     ] GC(82) Eden regions: 89->0(188)
[2024-08-28T13:09:16.103+0000][info][gc,heap     ] GC(82) Survivor regions: 13->13(13)
[2024-08-28T13:09:16.103+0000][info][gc,heap     ] GC(82) Old regions: 1221->1236
[2024-08-28T13:09:16.103+0000][info][gc,heap     ] GC(82) Archive regions: 2->2
[2024-08-28T13:09:16.103+0000][info][gc,heap     ] GC(82) Humongous regions: 5->5
[2024-08-28T13:09:16.104+0000][info][gc,metaspace] GC(82) Metaspace: 100K(320K)->100K(320K) NonClass: 96K(192K)->96K(192K) Class: 4K(128K)->4K(128K)
[2024-08-28T13:09:16.104+0000][info][gc          ] GC(82) Pause Young (Mixed) (G1 Evacuation Pause) 1328M->1254M(2048M) 17.667ms
[2024-08-28T13:09:16.104+0000][info][gc,cpu      ] GC(82) User=0.77s Sys=0.03s Real=0.02s
[2024-08-28T13:09:16.218+0000][info][gc,start    ] GC(83) Pause Young (Normal) (G1 Evacuation Pause)
[2024-08-28T13:09:16.218+0000][info][gc,task     ] GC(83) Using 49 workers of 68 for evacuation
[2024-08-28T13:09:16.245+0000][info][gc,phases   ] GC(83)   Pre Evacuate Collection Set: 0.3ms
[2024-08-28T13:09:16.245+0000][info][gc,phases   ] GC(83)   Merge Heap Roots: 1.0ms
[2024-08-28T13:09:16.245+0000][info][gc,phases   ] GC(83)   Evacuate Collection Set: 24.6ms
[2024-08-28T13:09:16.245+0000][info][gc,phases   ] GC(83)   Post Evacuate Collection Set: 0.6ms
[2024-08-28T13:09:16.245+0000][info][gc,phases   ] GC(83)   Other: 0.2ms
[2024-08-28T13:09:16.245+0000][info][gc,heap     ] GC(83) Eden regions: 188->0(128)
[2024-08-28T13:09:16.245+0000][info][gc,heap     ] GC(83) Survivor regions: 13->26(26)
[2024-08-28T13:09:16.245+0000][info][gc,heap     ] GC(83) Old regions: 1236->1409
[2024-08-28T13:09:16.245+0000][info][gc,heap     ] GC(83) Archive regions: 2->2
[2024-08-28T13:09:16.245+0000][info][gc,heap     ] GC(83) Humongous regions: 5->5
[2024-08-28T13:09:16.245+0000][info][gc,metaspace] GC(83) Metaspace: 100K(320K)->100K(320K) NonClass: 96K(192K)->96K(192K) Class: 4K(128K)->4K(128K)
[2024-08-28T13:09:16.245+0000][info][gc          ] GC(83) Pause Young (Normal) (G1 Evacuation Pause) 1442M->1440M(2048M) 26.784ms
[2024-08-28T13:09:16.245+0000][info][gc,cpu      ] GC(83) User=1.16s Sys=0.06s Real=0.02s
[2024-08-28T13:09:16.324+0000][info][gc,start    ] GC(84) Pause Young (Concurrent Start) (G1 Evacuation Pause)
[2024-08-28T13:09:16.324+0000][info][gc,task     ] GC(84) Using 49 workers of 68 for evacuation
[2024-08-28T13:09:16.348+0000][info][gc,phases   ] GC(84)   Pre Evacuate Collection Set: 0.3ms
[2024-08-28T13:09:16.348+0000][info][gc,phases   ] GC(84)   Merge Heap Roots: 0.6ms
[2024-08-28T13:09:16.348+0000][info][gc,phases   ] GC(84)   Evacuate Collection Set: 21.8ms
[2024-08-28T13:09:16.348+0000][info][gc,phases   ] GC(84)   Post Evacuate Collection Set: 0.5ms
[2024-08-28T13:09:16.348+0000][info][gc,phases   ] GC(84)   Other: 0.8ms
[2024-08-28T13:09:16.348+0000][info][gc,heap     ] GC(84) Eden regions: 128->0(84)
[2024-08-28T13:09:16.348+0000][info][gc,heap     ] GC(84) Survivor regions: 26->20(20)
[2024-08-28T13:09:16.348+0000][info][gc,heap     ] GC(84) Old regions: 1409->1550
[2024-08-28T13:09:16.348+0000][info][gc,heap     ] GC(84) Archive regions: 2->2
[2024-08-28T13:09:16.348+0000][info][gc,heap     ] GC(84) Humongous regions: 5->5
[2024-08-28T13:09:16.348+0000][info][gc,metaspace] GC(84) Metaspace: 100K(320K)->100K(320K) NonClass: 96K(192K)->96K(192K) Class: 4K(128K)->4K(128K)
[2024-08-28T13:09:16.348+0000][info][gc          ] GC(84) Pause Young (Concurrent Start) (G1 Evacuation Pause) 1568M->1575M(2048M) 24.183ms
[2024-08-28T13:09:16.348+0000][info][gc,cpu      ] GC(84) User=1.09s Sys=0.00s Real=0.02s
[2024-08-28T13:09:16.348+0000][info][gc          ] GC(85) Concurrent Mark Cycle
[2024-08-28T13:09:16.348+0000][info][gc,marking  ] GC(85) Concurrent Clear Claimed Marks
[2024-08-28T13:09:16.348+0000][info][gc,marking  ] GC(85) Concurrent Clear Claimed Marks 0.007ms
[2024-08-28T13:09:16.348+0000][info][gc,marking  ] GC(85) Concurrent Scan Root Regions
[2024-08-28T13:09:16.353+0000][info][gc,marking  ] GC(85) Concurrent Scan Root Regions 4.378ms
[2024-08-28T13:09:16.353+0000][info][gc,marking  ] GC(85) Concurrent Mark
[2024-08-28T13:09:16.353+0000][info][gc,marking  ] GC(85) Concurrent Mark From Roots
[2024-08-28T13:09:16.353+0000][info][gc,task     ] GC(85) Using 17 workers of 17 for marking
[2024-08-28T13:09:16.374+0000][info][gc,marking  ] GC(85) Concurrent Mark From Roots 21.008ms
[2024-08-28T13:09:16.374+0000][info][gc,marking  ] GC(85) Concurrent Preclean
[2024-08-28T13:09:16.374+0000][info][gc,marking  ] GC(85) Concurrent Preclean 0.589ms
[2024-08-28T13:09:16.375+0000][info][gc,start    ] GC(85) Pause Remark
[2024-08-28T13:09:16.377+0000][info][gc          ] GC(85) Pause Remark 1602M->1387M(2048M) 2.076ms
[2024-08-28T13:09:16.377+0000][info][gc,cpu      ] GC(85) User=0.01s Sys=0.00s Real=0.00s
[2024-08-28T13:09:16.377+0000][info][gc,marking  ] GC(85) Concurrent Mark 24.080ms
[2024-08-28T13:09:16.377+0000][info][gc,marking  ] GC(85) Concurrent Rebuild Remembered Sets
[2024-08-28T13:09:16.419+0000][info][gc,start    ] GC(86) Pause Young (Normal) (G1 Evacuation Pause)
[2024-08-28T13:09:16.419+0000][info][gc,task     ] GC(86) Using 49 workers of 68 for evacuation
[2024-08-28T13:09:16.438+0000][info][gc,phases   ] GC(86)   Pre Evacuate Collection Set: 0.4ms
[2024-08-28T13:09:16.438+0000][info][gc,phases   ] GC(86)   Merge Heap Roots: 0.9ms
[2024-08-28T13:09:16.438+0000][info][gc,phases   ] GC(86)   Evacuate Collection Set: 16.6ms
[2024-08-28T13:09:16.438+0000][info][gc,phases   ] GC(86)   Post Evacuate Collection Set: 0.8ms
[2024-08-28T13:09:16.438+0000][info][gc,phases   ] GC(86)   Other: 0.3ms
[2024-08-28T13:09:16.438+0000][info][gc,heap     ] GC(86) Eden regions: 84->0(124)
[2024-08-28T13:09:16.438+0000][info][gc,heap     ] GC(86) Survivor regions: 20->13(13)
[2024-08-28T13:09:16.438+0000][info][gc,heap     ] GC(86) Old regions: 1335->1434
[2024-08-28T13:09:16.438+0000][info][gc,heap     ] GC(86) Archive regions: 2->2
[2024-08-28T13:09:16.438+0000][info][gc,heap     ] GC(86) Humongous regions: 5->5
[2024-08-28T13:09:16.438+0000][info][gc,metaspace] GC(86) Metaspace: 100K(320K)->100K(320K) NonClass: 96K(192K)->96K(192K) Class: 4K(128K)->4K(128K)
[2024-08-28T13:09:16.438+0000][info][gc          ] GC(86) Pause Young (Normal) (G1 Evacuation Pause) 1444M->1452M(2048M) 19.068ms
[2024-08-28T13:09:16.438+0000][info][gc,cpu      ] GC(86) User=0.85s Sys=0.02s Real=0.02s
[2024-08-28T13:09:16.469+0000][info][gc,marking  ] GC(85) Concurrent Rebuild Remembered Sets 92.302ms
[2024-08-28T13:09:16.470+0000][info][gc,start    ] GC(85) Pause Cleanup
[2024-08-28T13:09:16.474+0000][info][gc          ] GC(85) Pause Cleanup 1496M->1496M(2048M) 4.462ms
[2024-08-28T13:09:16.474+0000][info][gc,cpu      ] GC(85) User=0.01s Sys=0.00s Real=0.00s
[2024-08-28T13:09:16.474+0000][info][gc,marking  ] GC(85) Concurrent Cleanup for Next Mark
[2024-08-28T13:09:16.476+0000][info][gc,marking  ] GC(85) Concurrent Cleanup for Next Mark 1.857ms
[2024-08-28T13:09:16.476+0000][info][gc          ] GC(85) Concurrent Mark Cycle 127.854ms
[2024-08-28T13:09:16.526+0000][info][gc,start    ] GC(87) Pause Young (Prepare Mixed) (G1 Evacuation Pause)
[2024-08-28T13:09:16.526+0000][info][gc,task     ] GC(87) Using 49 workers of 68 for evacuation
[2024-08-28T13:09:16.550+0000][info][gc,phases   ] GC(87)   Pre Evacuate Collection Set: 0.4ms
[2024-08-28T13:09:16.551+0000][info][gc,phases   ] GC(87)   Merge Heap Roots: 0.8ms
[2024-08-28T13:09:16.551+0000][info][gc,phases   ] GC(87)   Evacuate Collection Set: 22.4ms
[2024-08-28T13:09:16.551+0000][info][gc,phases   ] GC(87)   Post Evacuate Collection Set: 0.6ms
[2024-08-28T13:09:16.551+0000][info][gc,phases   ] GC(87)   Other: 0.3ms
[2024-08-28T13:09:16.551+0000][info][gc,heap     ] GC(87) Eden regions: 124->0(84)
[2024-08-28T13:09:16.551+0000][info][gc,heap     ] GC(87) Survivor regions: 13->18(18)
[2024-08-28T13:09:16.551+0000][info][gc,heap     ] GC(87) Old regions: 1434->1557
[2024-08-28T13:09:16.551+0000][info][gc,heap     ] GC(87) Archive regions: 2->2
[2024-08-28T13:09:16.551+0000][info][gc,heap     ] GC(87) Humongous regions: 5->5
[2024-08-28T13:09:16.551+0000][info][gc,metaspace] GC(87) Metaspace: 100K(320K)->100K(320K) NonClass: 96K(192K)->96K(192K) Class: 4K(128K)->4K(128K)
[2024-08-28T13:09:16.551+0000][info][gc          ] GC(87) Pause Young (Prepare Mixed) (G1 Evacuation Pause) 1576M->1580M(2048M) 24.515ms
[2024-08-28T13:09:16.551+0000][info][gc,cpu      ] GC(87) User=1.12s Sys=0.01s Real=0.03s
[2024-08-28T13:09:16.606+0000][info][gc,start    ] GC(88) Pause Young (Mixed) (G1 Evacuation Pause)
[2024-08-28T13:09:16.606+0000][info][gc,task     ] GC(88) Using 49 workers of 68 for evacuation
[2024-08-28T13:09:16.624+0000][info][gc,phases   ] GC(88)   Pre Evacuate Collection Set: 0.4ms
[2024-08-28T13:09:16.624+0000][info][gc,phases   ] GC(88)   Merge Heap Roots: 0.5ms
[2024-08-28T13:09:16.624+0000][info][gc,phases   ] GC(88)   Evacuate Collection Set: 15.9ms
[2024-08-28T13:09:16.624+0000][info][gc,phases   ] GC(88)   Post Evacuate Collection Set: 0.6ms
[2024-08-28T13:09:16.624+0000][info][gc,phases   ] GC(88)   Other: 0.2ms
[2024-08-28T13:09:16.624+0000][info][gc,heap     ] GC(88) Eden regions: 84->0(89)
[2024-08-28T13:09:16.624+0000][info][gc,heap     ] GC(88) Survivor regions: 18->13(13)
[2024-08-28T13:09:16.624+0000][info][gc,heap     ] GC(88) Old regions: 1557->1449
[2024-08-28T13:09:16.624+0000][info][gc,heap     ] GC(88) Archive regions: 2->2
[2024-08-28T13:09:16.624+0000][info][gc,heap     ] GC(88) Humongous regions: 5->5
[2024-08-28T13:09:16.624+0000][info][gc,metaspace] GC(88) Metaspace: 100K(320K)->100K(320K) NonClass: 96K(192K)->96K(192K) Class: 4K(128K)->4K(128K)
[2024-08-28T13:09:16.624+0000][info][gc          ] GC(88) Pause Young (Mixed) (G1 Evacuation Pause) 1664M->1467M(2048M) 17.754ms
[2024-08-28T13:09:16.624+0000][info][gc,cpu      ] GC(88) User=0.80s Sys=0.01s Real=0.02s
[2024-08-28T13:09:16.684+0000][info][gc,start    ] GC(89) Pause Young (Mixed) (G1 Evacuation Pause)
[2024-08-28T13:09:16.684+0000][info][gc,task     ] GC(89) Using 49 workers of 68 for evacuation
[2024-08-28T13:09:16.702+0000][info][gc,phases   ] GC(89)   Pre Evacuate Collection Set: 0.4ms
[2024-08-28T13:09:16.702+0000][info][gc,phases   ] GC(89)   Merge Heap Roots: 0.6ms
[2024-08-28T13:09:16.702+0000][info][gc,phases   ] GC(89)   Evacuate Collection Set: 16.0ms
[2024-08-28T13:09:16.702+0000][info][gc,phases   ] GC(89)   Post Evacuate Collection Set: 0.6ms
[2024-08-28T13:09:16.702+0000][info][gc,phases   ] GC(89)   Other: 0.2ms
[2024-08-28T13:09:16.702+0000][info][gc,heap     ] GC(89) Eden regions: 89->0(89)
[2024-08-28T13:09:16.702+0000][info][gc,heap     ] GC(89) Survivor regions: 13->13(13)
[2024-08-28T13:09:16.702+0000][info][gc,heap     ] GC(89) Old regions: 1449->1337
[2024-08-28T13:09:16.702+0000][info][gc,heap     ] GC(89) Archive regions: 2->2
[2024-08-28T13:09:16.702+0000][info][gc,heap     ] GC(89) Humongous regions: 5->5
[2024-08-28T13:09:16.702+0000][info][gc,metaspace] GC(89) Metaspace: 100K(320K)->100K(320K) NonClass: 96K(192K)->96K(192K) Class: 4K(128K)->4K(128K)
[2024-08-28T13:09:16.702+0000][info][gc          ] GC(89) Pause Young (Mixed) (G1 Evacuation Pause) 1556M->1355M(2048M) 17.927ms
[2024-08-28T13:09:16.702+0000][info][gc,cpu      ] GC(89) User=0.79s Sys=0.01s Real=0.02s
[2024-08-28T13:09:16.761+0000][info][gc,start    ] GC(90) Pause Young (Mixed) (G1 Evacuation Pause)
[2024-08-28T13:09:16.761+0000][info][gc,task     ] GC(90) Using 49 workers of 68 for evacuation
[2024-08-28T13:09:16.778+0000][info][gc,phases   ] GC(90)   Pre Evacuate Collection Set: 0.4ms
[2024-08-28T13:09:16.778+0000][info][gc,phases   ] GC(90)   Merge Heap Roots: 0.6ms
[2024-08-28T13:09:16.778+0000][info][gc,phases   ] GC(90)   Evacuate Collection Set: 15.6ms
[2024-08-28T13:09:16.778+0000][info][gc,phases   ] GC(90)   Post Evacuate Collection Set: 0.7ms
[2024-08-28T13:09:16.778+0000][info][gc,phases   ] GC(90)   Other: 0.2ms
[2024-08-28T13:09:16.778+0000][info][gc,heap     ] GC(90) Eden regions: 89->0(89)
[2024-08-28T13:09:16.778+0000][info][gc,heap     ] GC(90) Survivor regions: 13->13(13)
[2024-08-28T13:09:16.778+0000][info][gc,heap     ] GC(90) Old regions: 1337->1225
[2024-08-28T13:09:16.778+0000][info][gc,heap     ] GC(90) Archive regions: 2->2
[2024-08-28T13:09:16.778+0000][info][gc,heap     ] GC(90) Humongous regions: 5->5
[2024-08-28T13:09:16.778+0000][info][gc,metaspace] GC(90) Metaspace: 100K(320K)->100K(320K) NonClass: 96K(192K)->96K(192K) Class: 4K(128K)->4K(128K)
[2024-08-28T13:09:16.778+0000][info][gc          ] GC(90) Pause Young (Mixed) (G1 Evacuation Pause) 1444M->1243M(2048M) 17.563ms
[2024-08-28T13:09:16.778+0000][info][gc,cpu      ] GC(90) User=0.75s Sys=0.04s Real=0.02s
[2024-08-28T13:09:16.838+0000][info][gc,start    ] GC(91) Pause Young (Mixed) (G1 Evacuation Pause)
[2024-08-28T13:09:16.838+0000][info][gc,task     ] GC(91) Using 49 workers of 68 for evacuation
[2024-08-28T13:09:16.856+0000][info][gc,phases   ] GC(91)   Pre Evacuate Collection Set: 0.4ms
[2024-08-28T13:09:16.856+0000][info][gc,phases   ] GC(91)   Merge Heap Roots: 0.5ms
[2024-08-28T13:09:16.856+0000][info][gc,phases   ] GC(91)   Evacuate Collection Set: 15.7ms
[2024-08-28T13:09:16.856+0000][info][gc,phases   ] GC(91)   Post Evacuate Collection Set: 0.6ms
[2024-08-28T13:09:16.856+0000][info][gc,phases   ] GC(91)   Other: 0.3ms
[2024-08-28T13:09:16.856+0000][info][gc,heap     ] GC(91) Eden regions: 89->0(189)
[2024-08-28T13:09:16.856+0000][info][gc,heap     ] GC(91) Survivor regions: 13->13(13)
[2024-08-28T13:09:16.856+0000][info][gc,heap     ] GC(91) Old regions: 1225->1235
[2024-08-28T13:09:16.856+0000][info][gc,heap     ] GC(91) Archive regions: 2->2
[2024-08-28T13:09:16.856+0000][info][gc,heap     ] GC(91) Humongous regions: 5->5
[2024-08-28T13:09:16.856+0000][info][gc,metaspace] GC(91) Metaspace: 100K(320K)->100K(320K) NonClass: 96K(192K)->96K(192K) Class: 4K(128K)->4K(128K)
[2024-08-28T13:09:16.856+0000][info][gc          ] GC(91) Pause Young (Mixed) (G1 Evacuation Pause) 1332M->1253M(2048M) 17.516ms
[2024-08-28T13:09:16.856+0000][info][gc,cpu      ] GC(91) User=0.77s Sys=0.02s Real=0.01s
[2024-08-28T13:09:16.973+0000][info][gc,start    ] GC(92) Pause Young (Normal) (G1 Evacuation Pause)
[2024-08-28T13:09:16.973+0000][info][gc,task     ] GC(92) Using 49 workers of 68 for evacuation
[2024-08-28T13:09:17.004+0000][info][gc,phases   ] GC(92)   Pre Evacuate Collection Set: 0.3ms
[2024-08-28T13:09:17.004+0000][info][gc,phases   ] GC(92)   Merge Heap Roots: 8.0ms
[2024-08-28T13:09:17.004+0000][info][gc,phases   ] GC(92)   Evacuate Collection Set: 22.5ms
[2024-08-28T13:09:17.004+0000][info][gc,phases   ] GC(92)   Post Evacuate Collection Set: 0.6ms
[2024-08-28T13:09:17.004+0000][info][gc,phases   ] GC(92)   Other: 0.2ms
[2024-08-28T13:09:17.004+0000][info][gc,heap     ] GC(92) Eden regions: 189->0(128)
[2024-08-28T13:09:17.004+0000][info][gc,heap     ] GC(92) Survivor regions: 13->26(26)
[2024-08-28T13:09:17.004+0000][info][gc,heap     ] GC(92) Old regions: 1235->1409
[2024-08-28T13:09:17.004+0000][info][gc,heap     ] GC(92) Archive regions: 2->2
[2024-08-28T13:09:17.004+0000][info][gc,heap     ] GC(92) Humongous regions: 5->5
[2024-08-28T13:09:17.004+0000][info][gc,metaspace] GC(92) Metaspace: 100K(320K)->100K(320K) NonClass: 96K(192K)->96K(192K) Class: 4K(128K)->4K(128K)
[2024-08-28T13:09:17.004+0000][info][gc          ] GC(92) Pause Young (Normal) (G1 Evacuation Pause) 1442M->1440M(2048M) 31.682ms
[2024-08-28T13:09:17.004+0000][info][gc,cpu      ] GC(92) User=1.12s Sys=0.00s Real=0.03s
[2024-08-28T13:09:17.086+0000][info][gc,start    ] GC(93) Pause Young (Concurrent Start) (G1 Evacuation Pause)
[2024-08-28T13:09:17.086+0000][info][gc,task     ] GC(93) Using 49 workers of 68 for evacuation
[2024-08-28T13:09:17.111+0000][info][gc,phases   ] GC(93)   Pre Evacuate Collection Set: 0.4ms
[2024-08-28T13:09:17.111+0000][info][gc,phases   ] GC(93)   Merge Heap Roots: 1.0ms
[2024-08-28T13:09:17.111+0000][info][gc,phases   ] GC(93)   Evacuate Collection Set: 22.0ms
[2024-08-28T13:09:17.111+0000][info][gc,phases   ] GC(93)   Post Evacuate Collection Set: 0.6ms
[2024-08-28T13:09:17.111+0000][info][gc,phases   ] GC(93)   Other: 0.9ms
[2024-08-28T13:09:17.111+0000][info][gc,heap     ] GC(93) Eden regions: 128->0(84)
[2024-08-28T13:09:17.111+0000][info][gc,heap     ] GC(93) Survivor regions: 26->20(20)
[2024-08-28T13:09:17.111+0000][info][gc,heap     ] GC(93) Old regions: 1409->1550
[2024-08-28T13:09:17.111+0000][info][gc,heap     ] GC(93) Archive regions: 2->2
[2024-08-28T13:09:17.111+0000][info][gc,heap     ] GC(93) Humongous regions: 5->5
[2024-08-28T13:09:17.111+0000][info][gc,metaspace] GC(93) Metaspace: 100K(320K)->100K(320K) NonClass: 96K(192K)->96K(192K) Class: 4K(128K)->4K(128K)
[2024-08-28T13:09:17.111+0000][info][gc          ] GC(93) Pause Young (Concurrent Start) (G1 Evacuation Pause) 1568M->1575M(2048M) 24.841ms
[2024-08-28T13:09:17.111+0000][info][gc,cpu      ] GC(93) User=0.71s Sys=0.36s Real=0.03s
[2024-08-28T13:09:17.111+0000][info][gc          ] GC(94) Concurrent Mark Cycle
[2024-08-28T13:09:17.111+0000][info][gc,marking  ] GC(94) Concurrent Clear Claimed Marks
[2024-08-28T13:09:17.111+0000][info][gc,marking  ] GC(94) Concurrent Clear Claimed Marks 0.012ms
[2024-08-28T13:09:17.111+0000][info][gc,marking  ] GC(94) Concurrent Scan Root Regions
[2024-08-28T13:09:17.115+0000][info][gc,marking  ] GC(94) Concurrent Scan Root Regions 3.885ms
[2024-08-28T13:09:17.115+0000][info][gc,marking  ] GC(94) Concurrent Mark
[2024-08-28T13:09:17.115+0000][info][gc,marking  ] GC(94) Concurrent Mark From Roots
[2024-08-28T13:09:17.115+0000][info][gc,task     ] GC(94) Using 17 workers of 17 for marking
[2024-08-28T13:09:17.137+0000][info][gc,marking  ] GC(94) Concurrent Mark From Roots 21.686ms
[2024-08-28T13:09:17.137+0000][info][gc,marking  ] GC(94) Concurrent Preclean
[2024-08-28T13:09:17.137+0000][info][gc,marking  ] GC(94) Concurrent Preclean 0.704ms
[2024-08-28T13:09:17.138+0000][info][gc,start    ] GC(94) Pause Remark
[2024-08-28T13:09:17.140+0000][info][gc          ] GC(94) Pause Remark 1598M->1373M(2048M) 2.376ms
[2024-08-28T13:09:17.140+0000][info][gc,cpu      ] GC(94) User=0.01s Sys=0.00s Real=0.00s
[2024-08-28T13:09:17.140+0000][info][gc,marking  ] GC(94) Concurrent Mark 25.258ms
[2024-08-28T13:09:17.140+0000][info][gc,marking  ] GC(94) Concurrent Rebuild Remembered Sets
[2024-08-28T13:09:17.184+0000][info][gc,start    ] GC(95) Pause Young (Normal) (G1 Evacuation Pause)
[2024-08-28T13:09:17.184+0000][info][gc,task     ] GC(95) Using 49 workers of 68 for evacuation
[2024-08-28T13:09:17.201+0000][info][gc,phases   ] GC(95)   Pre Evacuate Collection Set: 0.3ms
[2024-08-28T13:09:17.201+0000][info][gc,phases   ] GC(95)   Merge Heap Roots: 0.5ms
[2024-08-28T13:09:17.201+0000][info][gc,phases   ] GC(95)   Evacuate Collection Set: 15.6ms
[2024-08-28T13:09:17.201+0000][info][gc,phases   ] GC(95)   Post Evacuate Collection Set: 0.8ms
[2024-08-28T13:09:17.201+0000][info][gc,phases   ] GC(95)   Other: 0.3ms
[2024-08-28T13:09:17.201+0000][info][gc,heap     ] GC(95) Eden regions: 84->0(127)
[2024-08-28T13:09:17.201+0000][info][gc,heap     ] GC(95) Survivor regions: 20->13(13)
[2024-08-28T13:09:17.202+0000][info][gc,heap     ] GC(95) Old regions: 1325->1425
[2024-08-28T13:09:17.202+0000][info][gc,heap     ] GC(95) Archive regions: 2->2
[2024-08-28T13:09:17.202+0000][info][gc,heap     ] GC(95) Humongous regions: 5->5
[2024-08-28T13:09:17.202+0000][info][gc,metaspace] GC(95) Metaspace: 100K(320K)->100K(320K) NonClass: 96K(192K)->96K(192K) Class: 4K(128K)->4K(128K)
[2024-08-28T13:09:17.202+0000][info][gc          ] GC(95) Pause Young (Normal) (G1 Evacuation Pause) 1434M->1443M(2048M) 17.672ms
[2024-08-28T13:09:17.202+0000][info][gc,cpu      ] GC(95) User=0.78s Sys=0.00s Real=0.02s
[2024-08-28T13:09:17.229+0000][info][gc,marking  ] GC(94) Concurrent Rebuild Remembered Sets 88.871ms
[2024-08-28T13:09:17.229+0000][info][gc,start    ] GC(94) Pause Cleanup
[2024-08-28T13:09:17.233+0000][info][gc          ] GC(94) Pause Cleanup 1483M->1483M(2048M) 3.760ms
[2024-08-28T13:09:17.233+0000][info][gc,cpu      ] GC(94) User=0.01s Sys=0.01s Real=0.00s
[2024-08-28T13:09:17.233+0000][info][gc,marking  ] GC(94) Concurrent Cleanup for Next Mark
[2024-08-28T13:09:17.235+0000][info][gc,marking  ] GC(94) Concurrent Cleanup for Next Mark 1.536ms
[2024-08-28T13:09:17.235+0000][info][gc          ] GC(94) Concurrent Mark Cycle 124.069ms
[2024-08-28T13:09:17.302+0000][info][gc,start    ] GC(96) Pause Young (Prepare Mixed) (G1 Evacuation Pause)
[2024-08-28T13:09:17.302+0000][info][gc,task     ] GC(96) Using 49 workers of 68 for evacuation
[2024-08-28T13:09:17.327+0000][info][gc,phases   ] GC(96)   Pre Evacuate Collection Set: 0.3ms
[2024-08-28T13:09:17.327+0000][info][gc,phases   ] GC(96)   Merge Heap Roots: 0.8ms
[2024-08-28T13:09:17.327+0000][info][gc,phases   ] GC(96)   Evacuate Collection Set: 23.1ms
[2024-08-28T13:09:17.327+0000][info][gc,phases   ] GC(96)   Post Evacuate Collection Set: 0.5ms
[2024-08-28T13:09:17.327+0000][info][gc,phases   ] GC(96)   Other: 0.2ms
[2024-08-28T13:09:17.327+0000][info][gc,heap     ] GC(96) Eden regions: 127->0(84)
[2024-08-28T13:09:17.327+0000][info][gc,heap     ] GC(96) Survivor regions: 13->18(18)
[2024-08-28T13:09:17.327+0000][info][gc,heap     ] GC(96) Old regions: 1425->1551
[2024-08-28T13:09:17.327+0000][info][gc,heap     ] GC(96) Archive regions: 2->2
[2024-08-28T13:09:17.327+0000][info][gc,heap     ] GC(96) Humongous regions: 5->5
[2024-08-28T13:09:17.327+0000][info][gc,metaspace] GC(96) Metaspace: 100K(320K)->100K(320K) NonClass: 96K(192K)->96K(192K) Class: 4K(128K)->4K(128K)
[2024-08-28T13:09:17.327+0000][info][gc          ] GC(96) Pause Young (Prepare Mixed) (G1 Evacuation Pause) 1570M->1574M(2048M) 25.074ms
[2024-08-28T13:09:17.327+0000][info][gc,cpu      ] GC(96) User=1.09s Sys=0.07s Real=0.02s
[2024-08-28T13:09:17.384+0000][info][gc,start    ] GC(97) Pause Young (Mixed) (G1 Evacuation Pause)
[2024-08-28T13:09:17.384+0000][info][gc,task     ] GC(97) Using 49 workers of 68 for evacuation
[2024-08-28T13:09:17.404+0000][info][gc,phases   ] GC(97)   Pre Evacuate Collection Set: 0.4ms
[2024-08-28T13:09:17.404+0000][info][gc,phases   ] GC(97)   Merge Heap Roots: 0.8ms
[2024-08-28T13:09:17.404+0000][info][gc,phases   ] GC(97)   Evacuate Collection Set: 17.9ms
[2024-08-28T13:09:17.404+0000][info][gc,phases   ] GC(97)   Post Evacuate Collection Set: 0.6ms
[2024-08-28T13:09:17.404+0000][info][gc,phases   ] GC(97)   Other: 0.2ms
[2024-08-28T13:09:17.404+0000][info][gc,heap     ] GC(97) Eden regions: 84->0(89)
[2024-08-28T13:09:17.404+0000][info][gc,heap     ] GC(97) Survivor regions: 18->13(13)
[2024-08-28T13:09:17.404+0000][info][gc,heap     ] GC(97) Old regions: 1551->1443
[2024-08-28T13:09:17.404+0000][info][gc,heap     ] GC(97) Archive regions: 2->2
[2024-08-28T13:09:17.404+0000][info][gc,heap     ] GC(97) Humongous regions: 5->5
[2024-08-28T13:09:17.404+0000][info][gc,metaspace] GC(97) Metaspace: 100K(320K)->100K(320K) NonClass: 96K(192K)->96K(192K) Class: 4K(128K)->4K(128K)
[2024-08-28T13:09:17.404+0000][info][gc          ] GC(97) Pause Young (Mixed) (G1 Evacuation Pause) 1658M->1461M(2048M) 20.142ms
[2024-08-28T13:09:17.404+0000][info][gc,cpu      ] GC(97) User=0.67s Sys=0.25s Real=0.02s
[2024-08-28T13:09:17.462+0000][info][gc,start    ] GC(98) Pause Young (Mixed) (G1 Evacuation Pause)
[2024-08-28T13:09:17.462+0000][info][gc,task     ] GC(98) Using 49 workers of 68 for evacuation
[2024-08-28T13:09:17.479+0000][info][gc,phases   ] GC(98)   Pre Evacuate Collection Set: 0.4ms
[2024-08-28T13:09:17.479+0000][info][gc,phases   ] GC(98)   Merge Heap Roots: 0.6ms
[2024-08-28T13:09:17.479+0000][info][gc,phases   ] GC(98)   Evacuate Collection Set: 14.9ms
[2024-08-28T13:09:17.479+0000][info][gc,phases   ] GC(98)   Post Evacuate Collection Set: 0.7ms
[2024-08-28T13:09:17.479+0000][info][gc,phases   ] GC(98)   Other: 0.2ms
[2024-08-28T13:09:17.479+0000][info][gc,heap     ] GC(98) Eden regions: 89->0(89)
[2024-08-28T13:09:17.479+0000][info][gc,heap     ] GC(98) Survivor regions: 13->13(13)
[2024-08-28T13:09:17.479+0000][info][gc,heap     ] GC(98) Old regions: 1443->1331
[2024-08-28T13:09:17.479+0000][info][gc,heap     ] GC(98) Archive regions: 2->2
[2024-08-28T13:09:17.479+0000][info][gc,heap     ] GC(98) Humongous regions: 5->5
[2024-08-28T13:09:17.479+0000][info][gc,metaspace] GC(98) Metaspace: 100K(320K)->100K(320K) NonClass: 96K(192K)->96K(192K) Class: 4K(128K)->4K(128K)
[2024-08-28T13:09:17.479+0000][info][gc          ] GC(98) Pause Young (Mixed) (G1 Evacuation Pause) 1550M->1349M(2048M) 16.863ms
[2024-08-28T13:09:17.479+0000][info][gc,cpu      ] GC(98) User=0.64s Sys=0.11s Real=0.02s
[2024-08-28T13:09:17.535+0000][info][gc,start    ] GC(99) Pause Young (Mixed) (G1 Evacuation Pause)
[2024-08-28T13:09:17.535+0000][info][gc,task     ] GC(99) Using 49 workers of 68 for evacuation
[2024-08-28T13:09:17.551+0000][info][gc,phases   ] GC(99)   Pre Evacuate Collection Set: 0.4ms
[2024-08-28T13:09:17.551+0000][info][gc,phases   ] GC(99)   Merge Heap Roots: 0.9ms
[2024-08-28T13:09:17.551+0000][info][gc,phases   ] GC(99)   Evacuate Collection Set: 13.5ms
[2024-08-28T13:09:17.551+0000][info][gc,phases   ] GC(99)   Post Evacuate Collection Set: 0.6ms
[2024-08-28T13:09:17.551+0000][info][gc,phases   ] GC(99)   Other: 0.2ms
[2024-08-28T13:09:17.551+0000][info][gc,heap     ] GC(99) Eden regions: 89->0(89)
[2024-08-28T13:09:17.551+0000][info][gc,heap     ] GC(99) Survivor regions: 13->13(13)
[2024-08-28T13:09:17.551+0000][info][gc,heap     ] GC(99) Old regions: 1331->1220
[2024-08-28T13:09:17.551+0000][info][gc,heap     ] GC(99) Archive regions: 2->2
[2024-08-28T13:09:17.551+0000][info][gc,heap     ] GC(99) Humongous regions: 5->5
[2024-08-28T13:09:17.551+0000][info][gc,metaspace] GC(99) Metaspace: 100K(320K)->100K(320K) NonClass: 96K(192K)->96K(192K) Class: 4K(128K)->4K(128K)
[2024-08-28T13:09:17.551+0000][info][gc          ] GC(99) Pause Young (Mixed) (G1 Evacuation Pause) 1438M->1238M(2048M) 15.752ms
[2024-08-28T13:09:17.551+0000][info][gc,cpu      ] GC(99) User=0.70s Sys=0.00s Real=0.02s
[2024-08-28T13:09:17.608+0000][info][gc,start    ] GC(100) Pause Young (Mixed) (G1 Evacuation Pause)
[2024-08-28T13:09:17.608+0000][info][gc,task     ] GC(100) Using 49 workers of 68 for evacuation
[2024-08-28T13:09:17.625+0000][info][gc,phases   ] GC(100)   Pre Evacuate Collection Set: 0.3ms
[2024-08-28T13:09:17.625+0000][info][gc,phases   ] GC(100)   Merge Heap Roots: 0.5ms
[2024-08-28T13:09:17.625+0000][info][gc,phases   ] GC(100)   Evacuate Collection Set: 15.8ms
[2024-08-28T13:09:17.625+0000][info][gc,phases   ] GC(100)   Post Evacuate Collection Set: 0.5ms
[2024-08-28T13:09:17.625+0000][info][gc,phases   ] GC(100)   Other: 0.2ms
[2024-08-28T13:09:17.625+0000][info][gc,heap     ] GC(100) Eden regions: 89->0(187)
[2024-08-28T13:09:17.625+0000][info][gc,heap     ] GC(100) Survivor regions: 13->13(13)
[2024-08-28T13:09:17.625+0000][info][gc,heap     ] GC(100) Old regions: 1220->1239
[2024-08-28T13:09:17.625+0000][info][gc,heap     ] GC(100) Archive regions: 2->2
[2024-08-28T13:09:17.625+0000][info][gc,heap     ] GC(100) Humongous regions: 5->5
[2024-08-28T13:09:17.625+0000][info][gc,metaspace] GC(100) Metaspace: 100K(320K)->100K(320K) NonClass: 96K(192K)->96K(192K) Class: 4K(128K)->4K(128K)
[2024-08-28T13:09:17.625+0000][info][gc          ] GC(100) Pause Young (Mixed) (G1 Evacuation Pause) 1327M->1257M(2048M) 17.531ms
[2024-08-28T13:09:17.625+0000][info][gc,cpu      ] GC(100) User=0.78s Sys=0.01s Real=0.02s
[2024-08-28T13:09:17.738+0000][info][gc,start    ] GC(101) Pause Young (Normal) (G1 Evacuation Pause)
[2024-08-28T13:09:17.738+0000][info][gc,task     ] GC(101) Using 49 workers of 68 for evacuation
[2024-08-28T13:09:17.764+0000][info][gc,phases   ] GC(101)   Pre Evacuate Collection Set: 0.3ms
[2024-08-28T13:09:17.764+0000][info][gc,phases   ] GC(101)   Merge Heap Roots: 0.7ms
[2024-08-28T13:09:17.764+0000][info][gc,phases   ] GC(101)   Evacuate Collection Set: 24.2ms
[2024-08-28T13:09:17.764+0000][info][gc,phases   ] GC(101)   Post Evacuate Collection Set: 0.6ms
[2024-08-28T13:09:17.764+0000][info][gc,phases   ] GC(101)   Other: 0.2ms
[2024-08-28T13:09:17.764+0000][info][gc,heap     ] GC(101) Eden regions: 187->0(127)
[2024-08-28T13:09:17.764+0000][info][gc,heap     ] GC(101) Survivor regions: 13->25(25)
[2024-08-28T13:09:17.764+0000][info][gc,heap     ] GC(101) Old regions: 1239->1413
[2024-08-28T13:09:17.764+0000][info][gc,heap     ] GC(101) Archive regions: 2->2
[2024-08-28T13:09:17.764+0000][info][gc,heap     ] GC(101) Humongous regions: 5->5
[2024-08-28T13:09:17.764+0000][info][gc,metaspace] GC(101) Metaspace: 100K(320K)->100K(320K) NonClass: 96K(192K)->96K(192K) Class: 4K(128K)->4K(128K)
[2024-08-28T13:09:17.764+0000][info][gc          ] GC(101) Pause Young (Normal) (G1 Evacuation Pause) 1444M->1443M(2048M) 26.165ms
[2024-08-28T13:09:17.764+0000][info][gc,cpu      ] GC(101) User=1.07s Sys=0.14s Real=0.02s
[2024-08-28T13:09:17.842+0000][info][gc,start    ] GC(102) Pause Young (Concurrent Start) (G1 Evacuation Pause)
[2024-08-28T13:09:17.842+0000][info][gc,task     ] GC(102) Using 49 workers of 68 for evacuation
[2024-08-28T13:09:17.869+0000][info][gc,phases   ] GC(102)   Pre Evacuate Collection Set: 0.3ms
[2024-08-28T13:09:17.869+0000][info][gc,phases   ] GC(102)   Merge Heap Roots: 0.6ms
[2024-08-28T13:09:17.869+0000][info][gc,phases   ] GC(102)   Evacuate Collection Set: 25.2ms
[2024-08-28T13:09:17.869+0000][info][gc,phases   ] GC(102)   Post Evacuate Collection Set: 0.6ms
[2024-08-28T13:09:17.869+0000][info][gc,phases   ] GC(102)   Other: 0.7ms
[2024-08-28T13:09:17.869+0000][info][gc,heap     ] GC(102) Eden regions: 127->0(84)
[2024-08-28T13:09:17.869+0000][info][gc,heap     ] GC(102) Survivor regions: 25->19(19)
[2024-08-28T13:09:17.869+0000][info][gc,heap     ] GC(102) Old regions: 1413->1550
[2024-08-28T13:09:17.869+0000][info][gc,heap     ] GC(102) Archive regions: 2->2
[2024-08-28T13:09:17.869+0000][info][gc,heap     ] GC(102) Humongous regions: 5->5
[2024-08-28T13:09:17.869+0000][info][gc,metaspace] GC(102) Metaspace: 100K(320K)->100K(320K) NonClass: 96K(192K)->96K(192K) Class: 4K(128K)->4K(128K)
[2024-08-28T13:09:17.869+0000][info][gc          ] GC(102) Pause Young (Concurrent Start) (G1 Evacuation Pause) 1570M->1574M(2048M) 27.433ms
[2024-08-28T13:09:17.869+0000][info][gc,cpu      ] GC(102) User=0.91s Sys=0.35s Real=0.02s
[2024-08-28T13:09:17.869+0000][info][gc          ] GC(103) Concurrent Mark Cycle
[2024-08-28T13:09:17.869+0000][info][gc,marking  ] GC(103) Concurrent Clear Claimed Marks
[2024-08-28T13:09:17.869+0000][info][gc,marking  ] GC(103) Concurrent Clear Claimed Marks 0.007ms
[2024-08-28T13:09:17.869+0000][info][gc,marking  ] GC(103) Concurrent Scan Root Regions
[2024-08-28T13:09:17.873+0000][info][gc,marking  ] GC(103) Concurrent Scan Root Regions 4.179ms
[2024-08-28T13:09:17.873+0000][info][gc,marking  ] GC(103) Concurrent Mark
[2024-08-28T13:09:17.873+0000][info][gc,marking  ] GC(103) Concurrent Mark From Roots
[2024-08-28T13:09:17.873+0000][info][gc,task     ] GC(103) Using 17 workers of 17 for marking
[2024-08-28T13:09:17.894+0000][info][gc,marking  ] GC(103) Concurrent Mark From Roots 20.814ms
[2024-08-28T13:09:17.894+0000][info][gc,marking  ] GC(103) Concurrent Preclean
[2024-08-28T13:09:17.895+0000][info][gc,marking  ] GC(103) Concurrent Preclean 0.610ms
[2024-08-28T13:09:17.895+0000][info][gc,start    ] GC(103) Pause Remark
[2024-08-28T13:09:17.897+0000][info][gc          ] GC(103) Pause Remark 1599M->1368M(2048M) 2.189ms
[2024-08-28T13:09:17.897+0000][info][gc,cpu      ] GC(103) User=0.01s Sys=0.00s Real=0.00s
[2024-08-28T13:09:17.897+0000][info][gc,marking  ] GC(103) Concurrent Mark 24.139ms
[2024-08-28T13:09:17.898+0000][info][gc,marking  ] GC(103) Concurrent Rebuild Remembered Sets
[2024-08-28T13:09:17.941+0000][info][gc,start    ] GC(104) Pause Young (Normal) (G1 Evacuation Pause)
[2024-08-28T13:09:17.941+0000][info][gc,task     ] GC(104) Using 49 workers of 68 for evacuation
[2024-08-28T13:09:17.960+0000][info][gc,phases   ] GC(104)   Pre Evacuate Collection Set: 0.4ms
[2024-08-28T13:09:17.960+0000][info][gc,phases   ] GC(104)   Merge Heap Roots: 0.5ms
[2024-08-28T13:09:17.960+0000][info][gc,phases   ] GC(104)   Evacuate Collection Set: 17.6ms
[2024-08-28T13:09:17.960+0000][info][gc,phases   ] GC(104)   Post Evacuate Collection Set: 0.8ms
[2024-08-28T13:09:17.960+0000][info][gc,phases   ] GC(104)   Other: 0.3ms
[2024-08-28T13:09:17.960+0000][info][gc,heap     ] GC(104) Eden regions: 84->0(129)
[2024-08-28T13:09:17.960+0000][info][gc,heap     ] GC(104) Survivor regions: 19->13(13)
[2024-08-28T13:09:17.960+0000][info][gc,heap     ] GC(104) Old regions: 1319->1417
[2024-08-28T13:09:17.960+0000][info][gc,heap     ] GC(104) Archive regions: 2->2
[2024-08-28T13:09:17.960+0000][info][gc,heap     ] GC(104) Humongous regions: 5->5
[2024-08-28T13:09:17.960+0000][info][gc,metaspace] GC(104) Metaspace: 100K(320K)->100K(320K) NonClass: 96K(192K)->96K(192K) Class: 4K(128K)->4K(128K)
[2024-08-28T13:09:17.960+0000][info][gc          ] GC(104) Pause Young (Normal) (G1 Evacuation Pause) 1427M->1435M(2048M) 19.640ms
[2024-08-28T13:09:17.960+0000][info][gc,cpu      ] GC(104) User=0.89s Sys=0.00s Real=0.02s
[2024-08-28T13:09:17.992+0000][info][gc,marking  ] GC(103) Concurrent Rebuild Remembered Sets 94.113ms
[2024-08-28T13:09:17.992+0000][info][gc,start    ] GC(103) Pause Cleanup
[2024-08-28T13:09:17.995+0000][info][gc          ] GC(103) Pause Cleanup 1479M->1479M(2048M) 3.378ms
[2024-08-28T13:09:17.995+0000][info][gc,cpu      ] GC(103) User=0.01s Sys=0.00s Real=0.00s
[2024-08-28T13:09:17.996+0000][info][gc,marking  ] GC(103) Concurrent Cleanup for Next Mark
[2024-08-28T13:09:17.997+0000][info][gc,marking  ] GC(103) Concurrent Cleanup for Next Mark 1.777ms
[2024-08-28T13:09:17.997+0000][info][gc          ] GC(103) Concurrent Mark Cycle 128.314ms
[2024-08-28T13:09:18.051+0000][info][gc,start    ] GC(105) Pause Young (Prepare Mixed) (G1 Evacuation Pause)
[2024-08-28T13:09:18.051+0000][info][gc,task     ] GC(105) Using 49 workers of 68 for evacuation
[2024-08-28T13:09:18.076+0000][info][gc,phases   ] GC(105)   Pre Evacuate Collection Set: 0.3ms
[2024-08-28T13:09:18.076+0000][info][gc,phases   ] GC(105)   Merge Heap Roots: 1.3ms
[2024-08-28T13:09:18.076+0000][info][gc,phases   ] GC(105)   Evacuate Collection Set: 22.6ms
[2024-08-28T13:09:18.076+0000][info][gc,phases   ] GC(105)   Post Evacuate Collection Set: 0.6ms
[2024-08-28T13:09:18.076+0000][info][gc,phases   ] GC(105)   Other: 0.3ms
[2024-08-28T13:09:18.076+0000][info][gc,heap     ] GC(105) Eden regions: 129->0(84)
[2024-08-28T13:09:18.076+0000][info][gc,heap     ] GC(105) Survivor regions: 13->18(18)
[2024-08-28T13:09:18.076+0000][info][gc,heap     ] GC(105) Old regions: 1417->1544
[2024-08-28T13:09:18.076+0000][info][gc,heap     ] GC(105) Archive regions: 2->2
[2024-08-28T13:09:18.076+0000][info][gc,heap     ] GC(105) Humongous regions: 5->5
[2024-08-28T13:09:18.076+0000][info][gc,metaspace] GC(105) Metaspace: 100K(320K)->100K(320K) NonClass: 96K(192K)->96K(192K) Class: 4K(128K)->4K(128K)
[2024-08-28T13:09:18.076+0000][info][gc          ] GC(105) Pause Young (Prepare Mixed) (G1 Evacuation Pause) 1564M->1567M(2048M) 25.158ms
[2024-08-28T13:09:18.076+0000][info][gc,cpu      ] GC(105) User=1.16s Sys=0.01s Real=0.02s
[2024-08-28T13:09:18.132+0000][info][gc,start    ] GC(106) Pause Young (Mixed) (G1 Evacuation Pause)
[2024-08-28T13:09:18.132+0000][info][gc,task     ] GC(106) Using 49 workers of 68 for evacuation
[2024-08-28T13:09:18.152+0000][info][gc,phases   ] GC(106)   Pre Evacuate Collection Set: 0.4ms
[2024-08-28T13:09:18.152+0000][info][gc,phases   ] GC(106)   Merge Heap Roots: 0.6ms
[2024-08-28T13:09:18.152+0000][info][gc,phases   ] GC(106)   Evacuate Collection Set: 19.1ms
[2024-08-28T13:09:18.152+0000][info][gc,phases   ] GC(106)   Post Evacuate Collection Set: 0.6ms
[2024-08-28T13:09:18.152+0000][info][gc,phases   ] GC(106)   Other: 0.3ms
[2024-08-28T13:09:18.152+0000][info][gc,heap     ] GC(106) Eden regions: 84->0(89)
[2024-08-28T13:09:18.152+0000][info][gc,heap     ] GC(106) Survivor regions: 18->13(13)
[2024-08-28T13:09:18.153+0000][info][gc,heap     ] GC(106) Old regions: 1544->1436
[2024-08-28T13:09:18.153+0000][info][gc,heap     ] GC(106) Archive regions: 2->2
[2024-08-28T13:09:18.153+0000][info][gc,heap     ] GC(106) Humongous regions: 5->5
[2024-08-28T13:09:18.153+0000][info][gc,metaspace] GC(106) Metaspace: 100K(320K)->100K(320K) NonClass: 96K(192K)->96K(192K) Class: 4K(128K)->4K(128K)
[2024-08-28T13:09:18.153+0000][info][gc          ] GC(106) Pause Young (Mixed) (G1 Evacuation Pause) 1651M->1454M(2048M) 20.965ms
[2024-08-28T13:09:18.153+0000][info][gc,cpu      ] GC(106) User=0.71s Sys=0.24s Real=0.02s
[2024-08-28T13:09:18.212+0000][info][gc,start    ] GC(107) Pause Young (Mixed) (G1 Evacuation Pause)
[2024-08-28T13:09:18.212+0000][info][gc,task     ] GC(107) Using 49 workers of 68 for evacuation
[2024-08-28T13:09:18.229+0000][info][gc,phases   ] GC(107)   Pre Evacuate Collection Set: 0.4ms
[2024-08-28T13:09:18.229+0000][info][gc,phases   ] GC(107)   Merge Heap Roots: 0.8ms
[2024-08-28T13:09:18.229+0000][info][gc,phases   ] GC(107)   Evacuate Collection Set: 15.1ms
[2024-08-28T13:09:18.229+0000][info][gc,phases   ] GC(107)   Post Evacuate Collection Set: 0.6ms
[2024-08-28T13:09:18.229+0000][info][gc,phases   ] GC(107)   Other: 0.3ms
[2024-08-28T13:09:18.229+0000][info][gc,heap     ] GC(107) Eden regions: 89->0(89)
[2024-08-28T13:09:18.229+0000][info][gc,heap     ] GC(107) Survivor regions: 13->13(13)
[2024-08-28T13:09:18.229+0000][info][gc,heap     ] GC(107) Old regions: 1436->1325
[2024-08-28T13:09:18.229+0000][info][gc,heap     ] GC(107) Archive regions: 2->2
[2024-08-28T13:09:18.229+0000][info][gc,heap     ] GC(107) Humongous regions: 5->5
[2024-08-28T13:09:18.229+0000][info][gc,metaspace] GC(107) Metaspace: 100K(320K)->100K(320K) NonClass: 96K(192K)->96K(192K) Class: 4K(128K)->4K(128K)
[2024-08-28T13:09:18.229+0000][info][gc          ] GC(107) Pause Young (Mixed) (G1 Evacuation Pause) 1543M->1343M(2048M) 17.316ms
[2024-08-28T13:09:18.229+0000][info][gc,cpu      ] GC(107) User=0.78s Sys=0.00s Real=0.02s
[2024-08-28T13:09:18.289+0000][info][gc,start    ] GC(108) Pause Young (Mixed) (G1 Evacuation Pause)
[2024-08-28T13:09:18.289+0000][info][gc,task     ] GC(108) Using 49 workers of 68 for evacuation
[2024-08-28T13:09:18.305+0000][info][gc,phases   ] GC(108)   Pre Evacuate Collection Set: 0.4ms
[2024-08-28T13:09:18.305+0000][info][gc,phases   ] GC(108)   Merge Heap Roots: 0.6ms
[2024-08-28T13:09:18.305+0000][info][gc,phases   ] GC(108)   Evacuate Collection Set: 14.7ms
[2024-08-28T13:09:18.305+0000][info][gc,phases   ] GC(108)   Post Evacuate Collection Set: 0.7ms
[2024-08-28T13:09:18.305+0000][info][gc,phases   ] GC(108)   Other: 0.2ms
[2024-08-28T13:09:18.305+0000][info][gc,heap     ] GC(108) Eden regions: 89->0(89)
[2024-08-28T13:09:18.305+0000][info][gc,heap     ] GC(108) Survivor regions: 13->13(13)
[2024-08-28T13:09:18.305+0000][info][gc,heap     ] GC(108) Old regions: 1325->1214
[2024-08-28T13:09:18.305+0000][info][gc,heap     ] GC(108) Archive regions: 2->2
[2024-08-28T13:09:18.305+0000][info][gc,heap     ] GC(108) Humongous regions: 5->5
[2024-08-28T13:09:18.305+0000][info][gc,metaspace] GC(108) Metaspace: 100K(320K)->100K(320K) NonClass: 96K(192K)->96K(192K) Class: 4K(128K)->4K(128K)
[2024-08-28T13:09:18.305+0000][info][gc          ] GC(108) Pause Young (Mixed) (G1 Evacuation Pause) 1432M->1232M(2048M) 16.715ms
[2024-08-28T13:09:18.306+0000][info][gc,cpu      ] GC(108) User=0.75s Sys=0.00s Real=0.02s
[2024-08-28T13:09:18.364+0000][info][gc,start    ] GC(109) Pause Young (Mixed) (G1 Evacuation Pause)
[2024-08-28T13:09:18.364+0000][info][gc,task     ] GC(109) Using 49 workers of 68 for evacuation
[2024-08-28T13:09:18.381+0000][info][gc,phases   ] GC(109)   Pre Evacuate Collection Set: 0.4ms
[2024-08-28T13:09:18.381+0000][info][gc,phases   ] GC(109)   Merge Heap Roots: 0.8ms
[2024-08-28T13:09:18.381+0000][info][gc,phases   ] GC(109)   Evacuate Collection Set: 15.2ms
[2024-08-28T13:09:18.381+0000][info][gc,phases   ] GC(109)   Post Evacuate Collection Set: 0.5ms
[2024-08-28T13:09:18.381+0000][info][gc,phases   ] GC(109)   Other: 0.3ms
[2024-08-28T13:09:18.381+0000][info][gc,heap     ] GC(109) Eden regions: 89->0(188)
[2024-08-28T13:09:18.381+0000][info][gc,heap     ] GC(109) Survivor regions: 13->13(13)
[2024-08-28T13:09:18.381+0000][info][gc,heap     ] GC(109) Old regions: 1214->1238
[2024-08-28T13:09:18.381+0000][info][gc,heap     ] GC(109) Archive regions: 2->2
[2024-08-28T13:09:18.381+0000][info][gc,heap     ] GC(109) Humongous regions: 5->5
[2024-08-28T13:09:18.381+0000][info][gc,metaspace] GC(109) Metaspace: 100K(320K)->100K(320K) NonClass: 96K(192K)->96K(192K) Class: 4K(128K)->4K(128K)
[2024-08-28T13:09:18.381+0000][info][gc          ] GC(109) Pause Young (Mixed) (G1 Evacuation Pause) 1321M->1256M(2048M) 17.235ms
[2024-08-28T13:09:18.381+0000][info][gc,cpu      ] GC(109) User=0.77s Sys=0.00s Real=0.02s
[2024-08-28T13:09:18.496+0000][info][gc,start    ] GC(110) Pause Young (Normal) (G1 Evacuation Pause)
[2024-08-28T13:09:18.496+0000][info][gc,task     ] GC(110) Using 49 workers of 68 for evacuation
[2024-08-28T13:09:18.521+0000][info][gc,phases   ] GC(110)   Pre Evacuate Collection Set: 0.3ms
[2024-08-28T13:09:18.521+0000][info][gc,phases   ] GC(110)   Merge Heap Roots: 1.1ms
[2024-08-28T13:09:18.521+0000][info][gc,phases   ] GC(110)   Evacuate Collection Set: 22.6ms
[2024-08-28T13:09:18.521+0000][info][gc,phases   ] GC(110)   Post Evacuate Collection Set: 0.6ms
[2024-08-28T13:09:18.521+0000][info][gc,phases   ] GC(110)   Other: 0.3ms
[2024-08-28T13:09:18.521+0000][info][gc,heap     ] GC(110) Eden regions: 188->0(127)
[2024-08-28T13:09:18.521+0000][info][gc,heap     ] GC(110) Survivor regions: 13->26(26)
[2024-08-28T13:09:18.521+0000][info][gc,heap     ] GC(110) Old regions: 1238->1411
[2024-08-28T13:09:18.521+0000][info][gc,heap     ] GC(110) Archive regions: 2->2
[2024-08-28T13:09:18.521+0000][info][gc,heap     ] GC(110) Humongous regions: 5->5
[2024-08-28T13:09:18.521+0000][info][gc,metaspace] GC(110) Metaspace: 100K(320K)->100K(320K) NonClass: 96K(192K)->96K(192K) Class: 4K(128K)->4K(128K)
[2024-08-28T13:09:18.521+0000][info][gc          ] GC(110) Pause Young (Normal) (G1 Evacuation Pause) 1444M->1442M(2048M) 24.869ms
[2024-08-28T13:09:18.521+0000][info][gc,cpu      ] GC(110) User=1.14s Sys=0.00s Real=0.03s
[2024-08-28T13:09:18.599+0000][info][gc,start    ] GC(111) Pause Young (Concurrent Start) (G1 Evacuation Pause)
[2024-08-28T13:09:18.600+0000][info][gc,task     ] GC(111) Using 49 workers of 68 for evacuation
[2024-08-28T13:09:18.620+0000][info][gc,phases   ] GC(111)   Pre Evacuate Collection Set: 0.4ms
[2024-08-28T13:09:18.620+0000][info][gc,phases   ] GC(111)   Merge Heap Roots: 0.6ms
[2024-08-28T13:09:18.620+0000][info][gc,phases   ] GC(111)   Evacuate Collection Set: 18.1ms
[2024-08-28T13:09:18.620+0000][info][gc,phases   ] GC(111)   Post Evacuate Collection Set: 0.6ms
[2024-08-28T13:09:18.620+0000][info][gc,phases   ] GC(111)   Other: 0.7ms
[2024-08-28T13:09:18.620+0000][info][gc,heap     ] GC(111) Eden regions: 127->0(84)
[2024-08-28T13:09:18.620+0000][info][gc,heap     ] GC(111) Survivor regions: 26->20(20)
[2024-08-28T13:09:18.620+0000][info][gc,heap     ] GC(111) Old regions: 1411->1551
[2024-08-28T13:09:18.620+0000][info][gc,heap     ] GC(111) Archive regions: 2->2
[2024-08-28T13:09:18.620+0000][info][gc,heap     ] GC(111) Humongous regions: 5->5
[2024-08-28T13:09:18.620+0000][info][gc,metaspace] GC(111) Metaspace: 100K(320K)->100K(320K) NonClass: 96K(192K)->96K(192K) Class: 4K(128K)->4K(128K)
[2024-08-28T13:09:18.620+0000][info][gc          ] GC(111) Pause Young (Concurrent Start) (G1 Evacuation Pause) 1569M->1576M(2048M) 20.451ms
[2024-08-28T13:09:18.620+0000][info][gc,cpu      ] GC(111) User=0.92s Sys=0.00s Real=0.02s
[2024-08-28T13:09:18.620+0000][info][gc          ] GC(112) Concurrent Mark Cycle
[2024-08-28T13:09:18.620+0000][info][gc,marking  ] GC(112) Concurrent Clear Claimed Marks
[2024-08-28T13:09:18.620+0000][info][gc,marking  ] GC(112) Concurrent Clear Claimed Marks 0.007ms
[2024-08-28T13:09:18.620+0000][info][gc,marking  ] GC(112) Concurrent Scan Root Regions
[2024-08-28T13:09:18.624+0000][info][gc,marking  ] GC(112) Concurrent Scan Root Regions 3.672ms
[2024-08-28T13:09:18.624+0000][info][gc,marking  ] GC(112) Concurrent Mark
[2024-08-28T13:09:18.624+0000][info][gc,marking  ] GC(112) Concurrent Mark From Roots
[2024-08-28T13:09:18.624+0000][info][gc,task     ] GC(112) Using 17 workers of 17 for marking
[2024-08-28T13:09:18.645+0000][info][gc,marking  ] GC(112) Concurrent Mark From Roots 21.394ms
[2024-08-28T13:09:18.645+0000][info][gc,marking  ] GC(112) Concurrent Preclean
[2024-08-28T13:09:18.646+0000][info][gc,marking  ] GC(112) Concurrent Preclean 0.509ms
[2024-08-28T13:09:18.646+0000][info][gc,start    ] GC(112) Pause Remark
[2024-08-28T13:09:18.648+0000][info][gc          ] GC(112) Pause Remark 1603M->1410M(2048M) 2.078ms
[2024-08-28T13:09:18.648+0000][info][gc,cpu      ] GC(112) User=0.02s Sys=0.00s Real=0.00s
[2024-08-28T13:09:18.648+0000][info][gc,marking  ] GC(112) Concurrent Mark 24.518ms
[2024-08-28T13:09:18.648+0000][info][gc,marking  ] GC(112) Concurrent Rebuild Remembered Sets
[2024-08-28T13:09:18.690+0000][info][gc,start    ] GC(113) Pause Young (Normal) (G1 Evacuation Pause)
[2024-08-28T13:09:18.690+0000][info][gc,task     ] GC(113) Using 49 workers of 68 for evacuation
[2024-08-28T13:09:18.708+0000][info][gc,phases   ] GC(113)   Pre Evacuate Collection Set: 0.4ms
[2024-08-28T13:09:18.708+0000][info][gc,phases   ] GC(113)   Merge Heap Roots: 0.9ms
[2024-08-28T13:09:18.708+0000][info][gc,phases   ] GC(113)   Evacuate Collection Set: 16.2ms
[2024-08-28T13:09:18.708+0000][info][gc,phases   ] GC(113)   Post Evacuate Collection Set: 0.8ms
[2024-08-28T13:09:18.708+0000][info][gc,phases   ] GC(113)   Other: 0.3ms
[2024-08-28T13:09:18.708+0000][info][gc,heap     ] GC(113) Eden regions: 84->0(116)
[2024-08-28T13:09:18.708+0000][info][gc,heap     ] GC(113) Survivor regions: 20->13(13)
[2024-08-28T13:09:18.708+0000][info][gc,heap     ] GC(113) Old regions: 1358->1458
[2024-08-28T13:09:18.708+0000][info][gc,heap     ] GC(113) Archive regions: 2->2
[2024-08-28T13:09:18.708+0000][info][gc,heap     ] GC(113) Humongous regions: 5->5
[2024-08-28T13:09:18.708+0000][info][gc,metaspace] GC(113) Metaspace: 100K(320K)->100K(320K) NonClass: 96K(192K)->96K(192K) Class: 4K(128K)->4K(128K)
[2024-08-28T13:09:18.708+0000][info][gc          ] GC(113) Pause Young (Normal) (G1 Evacuation Pause) 1467M->1476M(2048M) 18.631ms
[2024-08-28T13:09:18.708+0000][info][gc,cpu      ] GC(113) User=0.84s Sys=0.01s Real=0.01s
[2024-08-28T13:09:18.742+0000][info][gc,marking  ] GC(112) Concurrent Rebuild Remembered Sets 94.025ms
[2024-08-28T13:09:18.743+0000][info][gc,start    ] GC(112) Pause Cleanup
[2024-08-28T13:09:18.746+0000][info][gc          ] GC(112) Pause Cleanup 1526M->1526M(2048M) 3.365ms
[2024-08-28T13:09:18.746+0000][info][gc,cpu      ] GC(112) User=0.01s Sys=0.00s Real=0.00s
[2024-08-28T13:09:18.746+0000][info][gc,marking  ] GC(112) Concurrent Cleanup for Next Mark
[2024-08-28T13:09:18.748+0000][info][gc,marking  ] GC(112) Concurrent Cleanup for Next Mark 1.880ms
[2024-08-28T13:09:18.748+0000][info][gc          ] GC(112) Concurrent Mark Cycle 128.118ms
[2024-08-28T13:09:18.790+0000][info][gc,start    ] GC(114) Pause Young (Prepare Mixed) (G1 Evacuation Pause)
[2024-08-28T13:09:18.790+0000][info][gc,task     ] GC(114) Using 49 workers of 68 for evacuation
[2024-08-28T13:09:18.812+0000][info][gc,phases   ] GC(114)   Pre Evacuate Collection Set: 0.3ms
[2024-08-28T13:09:18.812+0000][info][gc,phases   ] GC(114)   Merge Heap Roots: 0.9ms
[2024-08-28T13:09:18.812+0000][info][gc,phases   ] GC(114)   Evacuate Collection Set: 20.1ms
[2024-08-28T13:09:18.812+0000][info][gc,phases   ] GC(114)   Post Evacuate Collection Set: 0.6ms
[2024-08-28T13:09:18.812+0000][info][gc,phases   ] GC(114)   Other: 0.2ms
[2024-08-28T13:09:18.812+0000][info][gc,heap     ] GC(114) Eden regions: 116->0(85)
[2024-08-28T13:09:18.812+0000][info][gc,heap     ] GC(114) Survivor regions: 13->17(17)
[2024-08-28T13:09:18.812+0000][info][gc,heap     ] GC(114) Old regions: 1458->1574
[2024-08-28T13:09:18.812+0000][info][gc,heap     ] GC(114) Archive regions: 2->2
[2024-08-28T13:09:18.812+0000][info][gc,heap     ] GC(114) Humongous regions: 5->5
[2024-08-28T13:09:18.812+0000][info][gc,metaspace] GC(114) Metaspace: 100K(320K)->100K(320K) NonClass: 96K(192K)->96K(192K) Class: 4K(128K)->4K(128K)
[2024-08-28T13:09:18.812+0000][info][gc          ] GC(114) Pause Young (Prepare Mixed) (G1 Evacuation Pause) 1592M->1596M(2048M) 22.185ms
[2024-08-28T13:09:18.812+0000][info][gc,cpu      ] GC(114) User=1.01s Sys=0.01s Real=0.02s
[2024-08-28T13:09:18.866+0000][info][gc,start    ] GC(115) Pause Young (Mixed) (G1 Evacuation Pause)
[2024-08-28T13:09:18.866+0000][info][gc,task     ] GC(115) Using 49 workers of 68 for evacuation
[2024-08-28T13:09:18.885+0000][info][gc,phases   ] GC(115)   Pre Evacuate Collection Set: 0.4ms
[2024-08-28T13:09:18.885+0000][info][gc,phases   ] GC(115)   Merge Heap Roots: 0.5ms
[2024-08-28T13:09:18.885+0000][info][gc,phases   ] GC(115)   Evacuate Collection Set: 16.6ms
[2024-08-28T13:09:18.885+0000][info][gc,phases   ] GC(115)   Post Evacuate Collection Set: 0.7ms
[2024-08-28T13:09:18.885+0000][info][gc,phases   ] GC(115)   Other: 0.3ms
[2024-08-28T13:09:18.885+0000][info][gc,heap     ] GC(115) Eden regions: 85->0(89)
[2024-08-28T13:09:18.885+0000][info][gc,heap     ] GC(115) Survivor regions: 17->13(13)
[2024-08-28T13:09:18.885+0000][info][gc,heap     ] GC(115) Old regions: 1574->1465
[2024-08-28T13:09:18.885+0000][info][gc,heap     ] GC(115) Archive regions: 2->2
[2024-08-28T13:09:18.885+0000][info][gc,heap     ] GC(115) Humongous regions: 5->5
[2024-08-28T13:09:18.885+0000][info][gc,metaspace] GC(115) Metaspace: 100K(320K)->100K(320K) NonClass: 96K(192K)->96K(192K) Class: 4K(128K)->4K(128K)
[2024-08-28T13:09:18.885+0000][info][gc          ] GC(115) Pause Young (Mixed) (G1 Evacuation Pause) 1681M->1483M(2048M) 18.423ms
[2024-08-28T13:09:18.885+0000][info][gc,cpu      ] GC(115) User=0.67s Sys=0.16s Real=0.02s
[2024-08-28T13:09:18.941+0000][info][gc,start    ] GC(116) Pause Young (Mixed) (G1 Evacuation Pause)
[2024-08-28T13:09:18.941+0000][info][gc,task     ] GC(116) Using 49 workers of 68 for evacuation
[2024-08-28T13:09:18.959+0000][info][gc,phases   ] GC(116)   Pre Evacuate Collection Set: 0.4ms
[2024-08-28T13:09:18.959+0000][info][gc,phases   ] GC(116)   Merge Heap Roots: 0.5ms
[2024-08-28T13:09:18.959+0000][info][gc,phases   ] GC(116)   Evacuate Collection Set: 15.8ms
[2024-08-28T13:09:18.959+0000][info][gc,phases   ] GC(116)   Post Evacuate Collection Set: 0.6ms
[2024-08-28T13:09:18.959+0000][info][gc,phases   ] GC(116)   Other: 0.2ms
[2024-08-28T13:09:18.959+0000][info][gc,heap     ] GC(116) Eden regions: 89->0(89)
[2024-08-28T13:09:18.959+0000][info][gc,heap     ] GC(116) Survivor regions: 13->13(13)
[2024-08-28T13:09:18.959+0000][info][gc,heap     ] GC(116) Old regions: 1465->1353
[2024-08-28T13:09:18.959+0000][info][gc,heap     ] GC(116) Archive regions: 2->2
[2024-08-28T13:09:18.959+0000][info][gc,heap     ] GC(116) Humongous regions: 5->5
[2024-08-28T13:09:18.959+0000][info][gc,metaspace] GC(116) Metaspace: 100K(320K)->100K(320K) NonClass: 96K(192K)->96K(192K) Class: 4K(128K)->4K(128K)
[2024-08-28T13:09:18.959+0000][info][gc          ] GC(116) Pause Young (Mixed) (G1 Evacuation Pause) 1572M->1371M(2048M) 17.633ms
[2024-08-28T13:09:18.959+0000][info][gc,cpu      ] GC(116) User=0.79s Sys=0.00s Real=0.02s
[2024-08-28T13:09:19.016+0000][info][gc,start    ] GC(117) Pause Young (Mixed) (G1 Evacuation Pause)
[2024-08-28T13:09:19.016+0000][info][gc,task     ] GC(117) Using 49 workers of 68 for evacuation
[2024-08-28T13:09:19.032+0000][info][gc,phases   ] GC(117)   Pre Evacuate Collection Set: 0.4ms
[2024-08-28T13:09:19.032+0000][info][gc,phases   ] GC(117)   Merge Heap Roots: 0.5ms
[2024-08-28T13:09:19.032+0000][info][gc,phases   ] GC(117)   Evacuate Collection Set: 14.4ms
[2024-08-28T13:09:19.032+0000][info][gc,phases   ] GC(117)   Post Evacuate Collection Set: 0.7ms
[2024-08-28T13:09:19.032+0000][info][gc,phases   ] GC(117)   Other: 0.3ms
[2024-08-28T13:09:19.032+0000][info][gc,heap     ] GC(117) Eden regions: 89->0(89)
[2024-08-28T13:09:19.032+0000][info][gc,heap     ] GC(117) Survivor regions: 13->13(13)
[2024-08-28T13:09:19.032+0000][info][gc,heap     ] GC(117) Old regions: 1353->1242
[2024-08-28T13:09:19.032+0000][info][gc,heap     ] GC(117) Archive regions: 2->2
[2024-08-28T13:09:19.032+0000][info][gc,heap     ] GC(117) Humongous regions: 5->5
[2024-08-28T13:09:19.032+0000][info][gc,metaspace] GC(117) Metaspace: 100K(320K)->100K(320K) NonClass: 96K(192K)->96K(192K) Class: 4K(128K)->4K(128K)
[2024-08-28T13:09:19.032+0000][info][gc          ] GC(117) Pause Young (Mixed) (G1 Evacuation Pause) 1460M->1260M(2048M) 16.338ms
[2024-08-28T13:09:19.032+0000][info][gc,cpu      ] GC(117) User=0.73s Sys=0.00s Real=0.02s
[2024-08-28T13:09:19.090+0000][info][gc,start    ] GC(118) Pause Young (Mixed) (G1 Evacuation Pause)
[2024-08-28T13:09:19.090+0000][info][gc,task     ] GC(118) Using 49 workers of 68 for evacuation
[2024-08-28T13:09:19.108+0000][info][gc,phases   ] GC(118)   Pre Evacuate Collection Set: 0.4ms
[2024-08-28T13:09:19.108+0000][info][gc,phases   ] GC(118)   Merge Heap Roots: 0.6ms
[2024-08-28T13:09:19.108+0000][info][gc,phases   ] GC(118)   Evacuate Collection Set: 16.2ms
[2024-08-28T13:09:19.108+0000][info][gc,phases   ] GC(118)   Post Evacuate Collection Set: 0.6ms
[2024-08-28T13:09:19.108+0000][info][gc,phases   ] GC(118)   Other: 0.3ms
[2024-08-28T13:09:19.108+0000][info][gc,heap     ] GC(118) Eden regions: 89->0(192)
[2024-08-28T13:09:19.108+0000][info][gc,heap     ] GC(118) Survivor regions: 13->13(13)
[2024-08-28T13:09:19.108+0000][info][gc,heap     ] GC(118) Old regions: 1242->1226
[2024-08-28T13:09:19.108+0000][info][gc,heap     ] GC(118) Archive regions: 2->2
[2024-08-28T13:09:19.108+0000][info][gc,heap     ] GC(118) Humongous regions: 5->5
[2024-08-28T13:09:19.108+0000][info][gc,metaspace] GC(118) Metaspace: 100K(320K)->100K(320K) NonClass: 96K(192K)->96K(192K) Class: 4K(128K)->4K(128K)
[2024-08-28T13:09:19.108+0000][info][gc          ] GC(118) Pause Young (Mixed) (G1 Evacuation Pause) 1349M->1244M(2048M) 18.121ms
[2024-08-28T13:09:19.108+0000][info][gc,cpu      ] GC(118) User=0.82s Sys=0.00s Real=0.01s
[2024-08-28T13:09:19.225+0000][info][gc,start    ] GC(119) Pause Young (Normal) (G1 Evacuation Pause)
[2024-08-28T13:09:19.225+0000][info][gc,task     ] GC(119) Using 49 workers of 68 for evacuation
[2024-08-28T13:09:19.256+0000][info][gc,phases   ] GC(119)   Pre Evacuate Collection Set: 0.5ms
[2024-08-28T13:09:19.256+0000][info][gc,phases   ] GC(119)   Merge Heap Roots: 0.8ms
[2024-08-28T13:09:19.256+0000][info][gc,phases   ] GC(119)   Evacuate Collection Set: 29.3ms
[2024-08-28T13:09:19.256+0000][info][gc,phases   ] GC(119)   Post Evacuate Collection Set: 0.6ms
[2024-08-28T13:09:19.256+0000][info][gc,phases   ] GC(119)   Other: 0.3ms
[2024-08-28T13:09:19.256+0000][info][gc,heap     ] GC(119) Eden regions: 192->0(129)
[2024-08-28T13:09:19.256+0000][info][gc,heap     ] GC(119) Survivor regions: 13->26(26)
[2024-08-28T13:09:19.256+0000][info][gc,heap     ] GC(119) Old regions: 1226->1404
[2024-08-28T13:09:19.256+0000][info][gc,heap     ] GC(119) Archive regions: 2->2
[2024-08-28T13:09:19.256+0000][info][gc,heap     ] GC(119) Humongous regions: 5->5
[2024-08-28T13:09:19.256+0000][info][gc,metaspace] GC(119) Metaspace: 100K(320K)->100K(320K) NonClass: 96K(192K)->96K(192K) Class: 4K(128K)->4K(128K)
[2024-08-28T13:09:19.256+0000][info][gc          ] GC(119) Pause Young (Normal) (G1 Evacuation Pause) 1436M->1435M(2048M) 31.556ms
[2024-08-28T13:09:19.256+0000][info][gc,cpu      ] GC(119) User=1.01s Sys=0.26s Real=0.03s
[2024-08-28T13:09:19.371+0000][info][gc,start    ] GC(120) Pause Young (Concurrent Start) (G1 Evacuation Pause)
[2024-08-28T13:09:19.371+0000][info][gc,task     ] GC(120) Using 49 workers of 68 for evacuation
[2024-08-28T13:09:19.399+0000][info][gc,phases   ] GC(120)   Pre Evacuate Collection Set: 0.3ms
[2024-08-28T13:09:19.399+0000][info][gc,phases   ] GC(120)   Merge Heap Roots: 1.0ms
[2024-08-28T13:09:19.399+0000][info][gc,phases   ] GC(120)   Evacuate Collection Set: 25.2ms
[2024-08-28T13:09:19.399+0000][info][gc,phases   ] GC(120)   Post Evacuate Collection Set: 0.9ms
[2024-08-28T13:09:19.399+0000][info][gc,phases   ] GC(120)   Other: 0.7ms
[2024-08-28T13:09:19.399+0000][info][gc,heap     ] GC(120) Eden regions: 129->0(86)
[2024-08-28T13:09:19.399+0000][info][gc,heap     ] GC(120) Survivor regions: 26->20(20)
[2024-08-28T13:09:19.399+0000][info][gc,heap     ] GC(120) Old regions: 1404->1545
[2024-08-28T13:09:19.399+0000][info][gc,heap     ] GC(120) Archive regions: 2->2
[2024-08-28T13:09:19.399+0000][info][gc,heap     ] GC(120) Humongous regions: 5->5
[2024-08-28T13:09:19.399+0000][info][gc,metaspace] GC(120) Metaspace: 100K(320K)->100K(320K) NonClass: 96K(192K)->96K(192K) Class: 4K(128K)->4K(128K)
[2024-08-28T13:09:19.399+0000][info][gc          ] GC(120) Pause Young (Concurrent Start) (G1 Evacuation Pause) 1564M->1570M(2048M) 28.272ms
[2024-08-28T13:09:19.399+0000][info][gc,cpu      ] GC(120) User=1.12s Sys=0.16s Real=0.03s
[2024-08-28T13:09:19.399+0000][info][gc          ] GC(121) Concurrent Mark Cycle
[2024-08-28T13:09:19.399+0000][info][gc,marking  ] GC(121) Concurrent Clear Claimed Marks
[2024-08-28T13:09:19.399+0000][info][gc,marking  ] GC(121) Concurrent Clear Claimed Marks 0.010ms
[2024-08-28T13:09:19.399+0000][info][gc,marking  ] GC(121) Concurrent Scan Root Regions
[2024-08-28T13:09:19.404+0000][info][gc,marking  ] GC(121) Concurrent Scan Root Regions 4.680ms
[2024-08-28T13:09:19.404+0000][info][gc,marking  ] GC(121) Concurrent Mark
[2024-08-28T13:09:19.404+0000][info][gc,marking  ] GC(121) Concurrent Mark From Roots
[2024-08-28T13:09:19.404+0000][info][gc,task     ] GC(121) Using 17 workers of 17 for marking
[2024-08-28T13:09:19.426+0000][info][gc,marking  ] GC(121) Concurrent Mark From Roots 21.619ms
[2024-08-28T13:09:19.426+0000][info][gc,marking  ] GC(121) Concurrent Preclean
[2024-08-28T13:09:19.426+0000][info][gc,marking  ] GC(121) Concurrent Preclean 0.513ms
[2024-08-28T13:09:19.427+0000][info][gc,start    ] GC(121) Pause Remark
[2024-08-28T13:09:19.430+0000][info][gc          ] GC(121) Pause Remark 1596M->1387M(2048M) 2.828ms
[2024-08-28T13:09:19.430+0000][info][gc,cpu      ] GC(121) User=0.02s Sys=0.01s Real=0.01s
[2024-08-28T13:09:19.430+0000][info][gc,marking  ] GC(121) Concurrent Mark 25.470ms
[2024-08-28T13:09:19.430+0000][info][gc,marking  ] GC(121) Concurrent Rebuild Remembered Sets
[2024-08-28T13:09:19.474+0000][info][gc,start    ] GC(122) Pause Young (Normal) (G1 Evacuation Pause)
[2024-08-28T13:09:19.474+0000][info][gc,task     ] GC(122) Using 49 workers of 68 for evacuation
[2024-08-28T13:09:19.494+0000][info][gc,phases   ] GC(122)   Pre Evacuate Collection Set: 0.4ms
[2024-08-28T13:09:19.494+0000][info][gc,phases   ] GC(122)   Merge Heap Roots: 0.5ms
[2024-08-28T13:09:19.494+0000][info][gc,phases   ] GC(122)   Evacuate Collection Set: 17.3ms
[2024-08-28T13:09:19.494+0000][info][gc,phases   ] GC(122)   Post Evacuate Collection Set: 0.9ms
[2024-08-28T13:09:19.494+0000][info][gc,phases   ] GC(122)   Other: 0.4ms
[2024-08-28T13:09:19.494+0000][info][gc,heap     ] GC(122) Eden regions: 86->0(123)
[2024-08-28T13:09:19.494+0000][info][gc,heap     ] GC(122) Survivor regions: 20->14(14)
[2024-08-28T13:09:19.494+0000][info][gc,heap     ] GC(122) Old regions: 1336->1437
[2024-08-28T13:09:19.494+0000][info][gc,heap     ] GC(122) Archive regions: 2->2
[2024-08-28T13:09:19.494+0000][info][gc,heap     ] GC(122) Humongous regions: 5->5
[2024-08-28T13:09:19.494+0000][info][gc,metaspace] GC(122) Metaspace: 100K(320K)->100K(320K) NonClass: 96K(192K)->96K(192K) Class: 4K(128K)->4K(128K)
[2024-08-28T13:09:19.494+0000][info][gc          ] GC(122) Pause Young (Normal) (G1 Evacuation Pause) 1447M->1456M(2048M) 19.668ms
[2024-08-28T13:09:19.494+0000][info][gc,cpu      ] GC(122) User=0.86s Sys=0.03s Real=0.02s
[2024-08-28T13:09:19.518+0000][info][gc,marking  ] GC(121) Concurrent Rebuild Remembered Sets 88.490ms
[2024-08-28T13:09:19.519+0000][info][gc,start    ] GC(121) Pause Cleanup
[2024-08-28T13:09:19.522+0000][info][gc          ] GC(121) Pause Cleanup 1490M->1490M(2048M) 3.373ms
[2024-08-28T13:09:19.522+0000][info][gc,cpu      ] GC(121) User=0.01s Sys=0.00s Real=0.00s
[2024-08-28T13:09:19.522+0000][info][gc,marking  ] GC(121) Concurrent Cleanup for Next Mark
[2024-08-28T13:09:19.525+0000][info][gc,marking  ] GC(121) Concurrent Cleanup for Next Mark 3.356ms
[2024-08-28T13:09:19.526+0000][info][gc          ] GC(121) Concurrent Mark Cycle 126.090ms
[2024-08-28T13:09:19.580+0000][info][gc,start    ] GC(123) Pause Young (Prepare Mixed) (G1 Evacuation Pause)
[2024-08-28T13:09:19.580+0000][info][gc,task     ] GC(123) Using 49 workers of 68 for evacuation
[2024-08-28T13:09:19.606+0000][info][gc,phases   ] GC(123)   Pre Evacuate Collection Set: 0.4ms
[2024-08-28T13:09:19.606+0000][info][gc,phases   ] GC(123)   Merge Heap Roots: 0.9ms
[2024-08-28T13:09:19.606+0000][info][gc,phases   ] GC(123)   Evacuate Collection Set: 23.8ms
[2024-08-28T13:09:19.606+0000][info][gc,phases   ] GC(123)   Post Evacuate Collection Set: 0.7ms
[2024-08-28T13:09:19.606+0000][info][gc,phases   ] GC(123)   Other: 0.3ms
[2024-08-28T13:09:19.606+0000][info][gc,heap     ] GC(123) Eden regions: 123->0(84)
[2024-08-28T13:09:19.606+0000][info][gc,heap     ] GC(123) Survivor regions: 14->18(18)
[2024-08-28T13:09:19.606+0000][info][gc,heap     ] GC(123) Old regions: 1437->1559
[2024-08-28T13:09:19.606+0000][info][gc,heap     ] GC(123) Archive regions: 2->2
[2024-08-28T13:09:19.606+0000][info][gc,heap     ] GC(123) Humongous regions: 5->5
[2024-08-28T13:09:19.606+0000][info][gc,metaspace] GC(123) Metaspace: 100K(320K)->100K(320K) NonClass: 96K(192K)->96K(192K) Class: 4K(128K)->4K(128K)
[2024-08-28T13:09:19.606+0000][info][gc          ] GC(123) Pause Young (Prepare Mixed) (G1 Evacuation Pause) 1579M->1582M(2048M) 26.053ms
[2024-08-28T13:09:19.606+0000][info][gc,cpu      ] GC(123) User=1.11s Sys=0.08s Real=0.02s
[2024-08-28T13:09:19.662+0000][info][gc,start    ] GC(124) Pause Young (Mixed) (G1 Evacuation Pause)
[2024-08-28T13:09:19.662+0000][info][gc,task     ] GC(124) Using 49 workers of 68 for evacuation
[2024-08-28T13:09:19.679+0000][info][gc,phases   ] GC(124)   Pre Evacuate Collection Set: 0.4ms
[2024-08-28T13:09:19.679+0000][info][gc,phases   ] GC(124)   Merge Heap Roots: 0.8ms
[2024-08-28T13:09:19.679+0000][info][gc,phases   ] GC(124)   Evacuate Collection Set: 15.7ms
[2024-08-28T13:09:19.679+0000][info][gc,phases   ] GC(124)   Post Evacuate Collection Set: 0.7ms
[2024-08-28T13:09:19.679+0000][info][gc,phases   ] GC(124)   Other: 0.3ms
[2024-08-28T13:09:19.680+0000][info][gc,heap     ] GC(124) Eden regions: 84->0(89)
[2024-08-28T13:09:19.680+0000][info][gc,heap     ] GC(124) Survivor regions: 18->13(13)
[2024-08-28T13:09:19.680+0000][info][gc,heap     ] GC(124) Old regions: 1559->1450
[2024-08-28T13:09:19.680+0000][info][gc,heap     ] GC(124) Archive regions: 2->2
[2024-08-28T13:09:19.680+0000][info][gc,heap     ] GC(124) Humongous regions: 5->5
[2024-08-28T13:09:19.680+0000][info][gc,metaspace] GC(124) Metaspace: 100K(320K)->100K(320K) NonClass: 96K(192K)->96K(192K) Class: 4K(128K)->4K(128K)
[2024-08-28T13:09:19.680+0000][info][gc          ] GC(124) Pause Young (Mixed) (G1 Evacuation Pause) 1666M->1468M(2048M) 18.002ms
[2024-08-28T13:09:19.680+0000][info][gc,cpu      ] GC(124) User=0.79s Sys=0.02s Real=0.02s
[2024-08-28T13:09:19.739+0000][info][gc,start    ] GC(125) Pause Young (Mixed) (G1 Evacuation Pause)
[2024-08-28T13:09:19.739+0000][info][gc,task     ] GC(125) Using 49 workers of 68 for evacuation
[2024-08-28T13:09:19.756+0000][info][gc,phases   ] GC(125)   Pre Evacuate Collection Set: 0.4ms
[2024-08-28T13:09:19.756+0000][info][gc,phases   ] GC(125)   Merge Heap Roots: 0.6ms
[2024-08-28T13:09:19.756+0000][info][gc,phases   ] GC(125)   Evacuate Collection Set: 14.9ms
[2024-08-28T13:09:19.756+0000][info][gc,phases   ] GC(125)   Post Evacuate Collection Set: 0.7ms
[2024-08-28T13:09:19.756+0000][info][gc,phases   ] GC(125)   Other: 0.3ms
[2024-08-28T13:09:19.756+0000][info][gc,heap     ] GC(125) Eden regions: 89->0(89)
[2024-08-28T13:09:19.756+0000][info][gc,heap     ] GC(125) Survivor regions: 13->13(13)
[2024-08-28T13:09:19.756+0000][info][gc,heap     ] GC(125) Old regions: 1450->1339
[2024-08-28T13:09:19.756+0000][info][gc,heap     ] GC(125) Archive regions: 2->2
[2024-08-28T13:09:19.756+0000][info][gc,heap     ] GC(125) Humongous regions: 5->5
[2024-08-28T13:09:19.756+0000][info][gc,metaspace] GC(125) Metaspace: 100K(320K)->100K(320K) NonClass: 96K(192K)->96K(192K) Class: 4K(128K)->4K(128K)
[2024-08-28T13:09:19.756+0000][info][gc          ] GC(125) Pause Young (Mixed) (G1 Evacuation Pause) 1557M->1357M(2048M) 16.882ms
[2024-08-28T13:09:19.756+0000][info][gc,cpu      ] GC(125) User=0.76s Sys=0.00s Real=0.01s
[2024-08-28T13:09:19.815+0000][info][gc,start    ] GC(126) Pause Young (Mixed) (G1 Evacuation Pause)
[2024-08-28T13:09:19.815+0000][info][gc,task     ] GC(126) Using 49 workers of 68 for evacuation
[2024-08-28T13:09:19.831+0000][info][gc,phases   ] GC(126)   Pre Evacuate Collection Set: 0.4ms
[2024-08-28T13:09:19.831+0000][info][gc,phases   ] GC(126)   Merge Heap Roots: 0.8ms
[2024-08-28T13:09:19.831+0000][info][gc,phases   ] GC(126)   Evacuate Collection Set: 13.5ms
[2024-08-28T13:09:19.831+0000][info][gc,phases   ] GC(126)   Post Evacuate Collection Set: 0.7ms
[2024-08-28T13:09:19.831+0000][info][gc,phases   ] GC(126)   Other: 0.2ms
[2024-08-28T13:09:19.831+0000][info][gc,heap     ] GC(126) Eden regions: 89->0(89)
[2024-08-28T13:09:19.831+0000][info][gc,heap     ] GC(126) Survivor regions: 13->13(13)
[2024-08-28T13:09:19.831+0000][info][gc,heap     ] GC(126) Old regions: 1339->1229
[2024-08-28T13:09:19.831+0000][info][gc,heap     ] GC(126) Archive regions: 2->2
[2024-08-28T13:09:19.831+0000][info][gc,heap     ] GC(126) Humongous regions: 5->5
[2024-08-28T13:09:19.831+0000][info][gc,metaspace] GC(126) Metaspace: 100K(320K)->100K(320K) NonClass: 96K(192K)->96K(192K) Class: 4K(128K)->4K(128K)
[2024-08-28T13:09:19.831+0000][info][gc          ] GC(126) Pause Young (Mixed) (G1 Evacuation Pause) 1446M->1247M(2048M) 15.716ms
[2024-08-28T13:09:19.831+0000][info][gc,cpu      ] GC(126) User=0.70s Sys=0.00s Real=0.02s
[2024-08-28T13:09:19.888+0000][info][gc,start    ] GC(127) Pause Young (Mixed) (G1 Evacuation Pause)
[2024-08-28T13:09:19.888+0000][info][gc,task     ] GC(127) Using 49 workers of 68 for evacuation
[2024-08-28T13:09:19.906+0000][info][gc,phases   ] GC(127)   Pre Evacuate Collection Set: 0.3ms
[2024-08-28T13:09:19.906+0000][info][gc,phases   ] GC(127)   Merge Heap Roots: 0.6ms
[2024-08-28T13:09:19.906+0000][info][gc,phases   ] GC(127)   Evacuate Collection Set: 15.6ms
[2024-08-28T13:09:19.906+0000][info][gc,phases   ] GC(127)   Post Evacuate Collection Set: 0.6ms
[2024-08-28T13:09:19.906+0000][info][gc,phases   ] GC(127)   Other: 0.2ms
[2024-08-28T13:09:19.906+0000][info][gc,heap     ] GC(127) Eden regions: 89->0(189)
[2024-08-28T13:09:19.906+0000][info][gc,heap     ] GC(127) Survivor regions: 13->13(13)
[2024-08-28T13:09:19.906+0000][info][gc,heap     ] GC(127) Old regions: 1229->1234
[2024-08-28T13:09:19.906+0000][info][gc,heap     ] GC(127) Archive regions: 2->2
[2024-08-28T13:09:19.906+0000][info][gc,heap     ] GC(127) Humongous regions: 5->5
[2024-08-28T13:09:19.906+0000][info][gc,metaspace] GC(127) Metaspace: 100K(320K)->100K(320K) NonClass: 96K(192K)->96K(192K) Class: 4K(128K)->4K(128K)
[2024-08-28T13:09:19.906+0000][info][gc          ] GC(127) Pause Young (Mixed) (G1 Evacuation Pause) 1336M->1252M(2048M) 17.320ms
[2024-08-28T13:09:19.906+0000][info][gc,cpu      ] GC(127) User=0.76s Sys=0.02s Real=0.02s
[2024-08-28T13:09:20.034+0000][info][gc,start    ] GC(128) Pause Young (Normal) (G1 Evacuation Pause)
[2024-08-28T13:09:20.034+0000][info][gc,task     ] GC(128) Using 49 workers of 68 for evacuation
[2024-08-28T13:09:20.059+0000][info][gc,phases   ] GC(128)   Pre Evacuate Collection Set: 0.3ms
[2024-08-28T13:09:20.059+0000][info][gc,phases   ] GC(128)   Merge Heap Roots: 0.7ms
[2024-08-28T13:09:20.059+0000][info][gc,phases   ] GC(128)   Evacuate Collection Set: 22.9ms
[2024-08-28T13:09:20.059+0000][info][gc,phases   ] GC(128)   Post Evacuate Collection Set: 0.6ms
[2024-08-28T13:09:20.059+0000][info][gc,phases   ] GC(128)   Other: 0.2ms
[2024-08-28T13:09:20.059+0000][info][gc,heap     ] GC(128) Eden regions: 189->0(128)
[2024-08-28T13:09:20.059+0000][info][gc,heap     ] GC(128) Survivor regions: 13->26(26)
[2024-08-28T13:09:20.059+0000][info][gc,heap     ] GC(128) Old regions: 1234->1409
[2024-08-28T13:09:20.059+0000][info][gc,heap     ] GC(128) Archive regions: 2->2
[2024-08-28T13:09:20.059+0000][info][gc,heap     ] GC(128) Humongous regions: 5->5
[2024-08-28T13:09:20.059+0000][info][gc,metaspace] GC(128) Metaspace: 100K(320K)->100K(320K) NonClass: 96K(192K)->96K(192K) Class: 4K(128K)->4K(128K)
[2024-08-28T13:09:20.059+0000][info][gc          ] GC(128) Pause Young (Normal) (G1 Evacuation Pause) 1441M->1440M(2048M) 24.889ms
[2024-08-28T13:09:20.059+0000][info][gc,cpu      ] GC(128) User=1.14s Sys=0.00s Real=0.03s
[2024-08-28T13:09:20.139+0000][info][gc,start    ] GC(129) Pause Young (Concurrent Start) (G1 Evacuation Pause)
[2024-08-28T13:09:20.139+0000][info][gc,task     ] GC(129) Using 49 workers of 68 for evacuation
[2024-08-28T13:09:20.160+0000][info][gc,phases   ] GC(129)   Pre Evacuate Collection Set: 0.4ms
[2024-08-28T13:09:20.160+0000][info][gc,phases   ] GC(129)   Merge Heap Roots: 0.7ms
[2024-08-28T13:09:20.160+0000][info][gc,phases   ] GC(129)   Evacuate Collection Set: 18.1ms
[2024-08-28T13:09:20.160+0000][info][gc,phases   ] GC(129)   Post Evacuate Collection Set: 0.5ms
[2024-08-28T13:09:20.160+0000][info][gc,phases   ] GC(129)   Other: 1.3ms
[2024-08-28T13:09:20.160+0000][info][gc,heap     ] GC(129) Eden regions: 128->0(84)
[2024-08-28T13:09:20.160+0000][info][gc,heap     ] GC(129) Survivor regions: 26->20(20)
[2024-08-28T13:09:20.160+0000][info][gc,heap     ] GC(129) Old regions: 1409->1550
[2024-08-28T13:09:20.160+0000][info][gc,heap     ] GC(129) Archive regions: 2->2
[2024-08-28T13:09:20.160+0000][info][gc,heap     ] GC(129) Humongous regions: 5->5
[2024-08-28T13:09:20.160+0000][info][gc,metaspace] GC(129) Metaspace: 100K(320K)->100K(320K) NonClass: 96K(192K)->96K(192K) Class: 4K(128K)->4K(128K)
[2024-08-28T13:09:20.160+0000][info][gc          ] GC(129) Pause Young (Concurrent Start) (G1 Evacuation Pause) 1568M->1575M(2048M) 21.000ms
[2024-08-28T13:09:20.160+0000][info][gc,cpu      ] GC(129) User=0.91s Sys=0.00s Real=0.02s
[2024-08-28T13:09:20.160+0000][info][gc          ] GC(130) Concurrent Mark Cycle
[2024-08-28T13:09:20.160+0000][info][gc,marking  ] GC(130) Concurrent Clear Claimed Marks
[2024-08-28T13:09:20.160+0000][info][gc,marking  ] GC(130) Concurrent Clear Claimed Marks 0.010ms
[2024-08-28T13:09:20.160+0000][info][gc,marking  ] GC(130) Concurrent Scan Root Regions
[2024-08-28T13:09:20.164+0000][info][gc,marking  ] GC(130) Concurrent Scan Root Regions 3.589ms
[2024-08-28T13:09:20.164+0000][info][gc,marking  ] GC(130) Concurrent Mark
[2024-08-28T13:09:20.164+0000][info][gc,marking  ] GC(130) Concurrent Mark From Roots
[2024-08-28T13:09:20.164+0000][info][gc,task     ] GC(130) Using 17 workers of 17 for marking
[2024-08-28T13:09:20.186+0000][info][gc,marking  ] GC(130) Concurrent Mark From Roots 21.952ms
[2024-08-28T13:09:20.186+0000][info][gc,marking  ] GC(130) Concurrent Preclean
[2024-08-28T13:09:20.186+0000][info][gc,marking  ] GC(130) Concurrent Preclean 0.505ms
[2024-08-28T13:09:20.187+0000][info][gc,start    ] GC(130) Pause Remark
[2024-08-28T13:09:20.189+0000][info][gc          ] GC(130) Pause Remark 1602M->1383M(2048M) 2.355ms
[2024-08-28T13:09:20.189+0000][info][gc,cpu      ] GC(130) User=0.03s Sys=0.01s Real=0.00s
[2024-08-28T13:09:20.189+0000][info][gc,marking  ] GC(130) Concurrent Mark 25.369ms
[2024-08-28T13:09:20.189+0000][info][gc,marking  ] GC(130) Concurrent Rebuild Remembered Sets
[2024-08-28T13:09:20.233+0000][info][gc,start    ] GC(131) Pause Young (Normal) (G1 Evacuation Pause)
[2024-08-28T13:09:20.233+0000][info][gc,task     ] GC(131) Using 49 workers of 68 for evacuation
[2024-08-28T13:09:20.252+0000][info][gc,phases   ] GC(131)   Pre Evacuate Collection Set: 0.3ms
[2024-08-28T13:09:20.252+0000][info][gc,phases   ] GC(131)   Merge Heap Roots: 0.5ms
[2024-08-28T13:09:20.252+0000][info][gc,phases   ] GC(131)   Evacuate Collection Set: 17.0ms
[2024-08-28T13:09:20.252+0000][info][gc,phases   ] GC(131)   Post Evacuate Collection Set: 0.9ms
[2024-08-28T13:09:20.252+0000][info][gc,phases   ] GC(131)   Other: 0.2ms
[2024-08-28T13:09:20.252+0000][info][gc,heap     ] GC(131) Eden regions: 84->0(126)
[2024-08-28T13:09:20.252+0000][info][gc,heap     ] GC(131) Survivor regions: 20->13(13)
[2024-08-28T13:09:20.252+0000][info][gc,heap     ] GC(131) Old regions: 1331->1429
[2024-08-28T13:09:20.252+0000][info][gc,heap     ] GC(131) Archive regions: 2->2
[2024-08-28T13:09:20.252+0000][info][gc,heap     ] GC(131) Humongous regions: 5->5
[2024-08-28T13:09:20.252+0000][info][gc,metaspace] GC(131) Metaspace: 100K(320K)->100K(320K) NonClass: 96K(192K)->96K(192K) Class: 4K(128K)->4K(128K)
[2024-08-28T13:09:20.252+0000][info][gc          ] GC(131) Pause Young (Normal) (G1 Evacuation Pause) 1440M->1447M(2048M) 18.927ms
[2024-08-28T13:09:20.252+0000][info][gc,cpu      ] GC(131) User=0.86s Sys=0.00s Real=0.02s
[2024-08-28T13:09:20.294+0000][info][gc,marking  ] GC(130) Concurrent Rebuild Remembered Sets 104.683ms
[2024-08-28T13:09:20.294+0000][info][gc,start    ] GC(130) Pause Cleanup
[2024-08-28T13:09:20.298+0000][info][gc          ] GC(130) Pause Cleanup 1501M->1501M(2048M) 3.741ms
[2024-08-28T13:09:20.298+0000][info][gc,cpu      ] GC(130) User=0.01s Sys=0.00s Real=0.01s
[2024-08-28T13:09:20.298+0000][info][gc,marking  ] GC(130) Concurrent Cleanup for Next Mark
[2024-08-28T13:09:20.303+0000][info][gc,marking  ] GC(130) Concurrent Cleanup for Next Mark 4.409ms
[2024-08-28T13:09:20.303+0000][info][gc          ] GC(130) Concurrent Mark Cycle 142.530ms
[2024-08-28T13:09:20.346+0000][info][gc,start    ] GC(132) Pause Young (Prepare Mixed) (G1 Evacuation Pause)
[2024-08-28T13:09:20.346+0000][info][gc,task     ] GC(132) Using 49 workers of 68 for evacuation
[2024-08-28T13:09:20.370+0000][info][gc,phases   ] GC(132)   Pre Evacuate Collection Set: 0.3ms
[2024-08-28T13:09:20.370+0000][info][gc,phases   ] GC(132)   Merge Heap Roots: 1.3ms
[2024-08-28T13:09:20.370+0000][info][gc,phases   ] GC(132)   Evacuate Collection Set: 22.1ms
[2024-08-28T13:09:20.370+0000][info][gc,phases   ] GC(132)   Post Evacuate Collection Set: 0.6ms
[2024-08-28T13:09:20.370+0000][info][gc,phases   ] GC(132)   Other: 0.3ms
[2024-08-28T13:09:20.370+0000][info][gc,heap     ] GC(132) Eden regions: 126->0(84)
[2024-08-28T13:09:20.370+0000][info][gc,heap     ] GC(132) Survivor regions: 13->18(18)
[2024-08-28T13:09:20.370+0000][info][gc,heap     ] GC(132) Old regions: 1429->1553
[2024-08-28T13:09:20.370+0000][info][gc,heap     ] GC(132) Archive regions: 2->2
[2024-08-28T13:09:20.370+0000][info][gc,heap     ] GC(132) Humongous regions: 5->5
[2024-08-28T13:09:20.370+0000][info][gc,metaspace] GC(132) Metaspace: 100K(320K)->100K(320K) NonClass: 96K(192K)->96K(192K) Class: 4K(128K)->4K(128K)
[2024-08-28T13:09:20.370+0000][info][gc          ] GC(132) Pause Young (Prepare Mixed) (G1 Evacuation Pause) 1573M->1576M(2048M) 24.600ms
[2024-08-28T13:09:20.370+0000][info][gc,cpu      ] GC(132) User=1.11s Sys=0.01s Real=0.03s
[2024-08-28T13:09:20.423+0000][info][gc,start    ] GC(133) Pause Young (Mixed) (G1 Evacuation Pause)
[2024-08-28T13:09:20.423+0000][info][gc,task     ] GC(133) Using 49 workers of 68 for evacuation
[2024-08-28T13:09:20.441+0000][info][gc,phases   ] GC(133)   Pre Evacuate Collection Set: 0.4ms
[2024-08-28T13:09:20.441+0000][info][gc,phases   ] GC(133)   Merge Heap Roots: 0.5ms
[2024-08-28T13:09:20.441+0000][info][gc,phases   ] GC(133)   Evacuate Collection Set: 16.0ms
[2024-08-28T13:09:20.441+0000][info][gc,phases   ] GC(133)   Post Evacuate Collection Set: 0.6ms
[2024-08-28T13:09:20.441+0000][info][gc,phases   ] GC(133)   Other: 0.3ms
[2024-08-28T13:09:20.441+0000][info][gc,heap     ] GC(133) Eden regions: 84->0(89)
[2024-08-28T13:09:20.441+0000][info][gc,heap     ] GC(133) Survivor regions: 18->13(13)
[2024-08-28T13:09:20.441+0000][info][gc,heap     ] GC(133) Old regions: 1553->1443
[2024-08-28T13:09:20.441+0000][info][gc,heap     ] GC(133) Archive regions: 2->2
[2024-08-28T13:09:20.441+0000][info][gc,heap     ] GC(133) Humongous regions: 5->5
[2024-08-28T13:09:20.441+0000][info][gc,metaspace] GC(133) Metaspace: 100K(320K)->100K(320K) NonClass: 96K(192K)->96K(192K) Class: 4K(128K)->4K(128K)
[2024-08-28T13:09:20.441+0000][info][gc          ] GC(133) Pause Young (Mixed) (G1 Evacuation Pause) 1660M->1461M(2048M) 17.926ms
[2024-08-28T13:09:20.441+0000][info][gc,cpu      ] GC(133) User=0.78s Sys=0.02s Real=0.02s
[2024-08-28T13:09:20.498+0000][info][gc,start    ] GC(134) Pause Young (Mixed) (G1 Evacuation Pause)
[2024-08-28T13:09:20.498+0000][info][gc,task     ] GC(134) Using 49 workers of 68 for evacuation
[2024-08-28T13:09:20.521+0000][info][gc,phases   ] GC(134)   Pre Evacuate Collection Set: 0.4ms
[2024-08-28T13:09:20.521+0000][info][gc,phases   ] GC(134)   Merge Heap Roots: 0.7ms
[2024-08-28T13:09:20.521+0000][info][gc,phases   ] GC(134)   Evacuate Collection Set: 21.1ms
[2024-08-28T13:09:20.521+0000][info][gc,phases   ] GC(134)   Post Evacuate Collection Set: 0.6ms
[2024-08-28T13:09:20.521+0000][info][gc,phases   ] GC(134)   Other: 0.3ms
[2024-08-28T13:09:20.521+0000][info][gc,heap     ] GC(134) Eden regions: 89->0(89)
[2024-08-28T13:09:20.521+0000][info][gc,heap     ] GC(134) Survivor regions: 13->13(13)
[2024-08-28T13:09:20.521+0000][info][gc,heap     ] GC(134) Old regions: 1443->1333
[2024-08-28T13:09:20.521+0000][info][gc,heap     ] GC(134) Archive regions: 2->2
[2024-08-28T13:09:20.521+0000][info][gc,heap     ] GC(134) Humongous regions: 5->5
[2024-08-28T13:09:20.521+0000][info][gc,metaspace] GC(134) Metaspace: 100K(320K)->100K(320K) NonClass: 96K(192K)->96K(192K) Class: 4K(128K)->4K(128K)
[2024-08-28T13:09:20.521+0000][info][gc          ] GC(134) Pause Young (Mixed) (G1 Evacuation Pause) 1550M->1351M(2048M) 23.162ms
[2024-08-28T13:09:20.521+0000][info][gc,cpu      ] GC(134) User=0.81s Sys=0.01s Real=0.02s
[2024-08-28T13:09:20.596+0000][info][gc,start    ] GC(135) Pause Young (Mixed) (G1 Evacuation Pause)
[2024-08-28T13:09:20.596+0000][info][gc,task     ] GC(135) Using 49 workers of 68 for evacuation
[2024-08-28T13:09:20.614+0000][info][gc,phases   ] GC(135)   Pre Evacuate Collection Set: 0.4ms
[2024-08-28T13:09:20.614+0000][info][gc,phases   ] GC(135)   Merge Heap Roots: 0.6ms
[2024-08-28T13:09:20.614+0000][info][gc,phases   ] GC(135)   Evacuate Collection Set: 16.1ms
[2024-08-28T13:09:20.614+0000][info][gc,phases   ] GC(135)   Post Evacuate Collection Set: 0.6ms
[2024-08-28T13:09:20.614+0000][info][gc,phases   ] GC(135)   Other: 0.2ms
[2024-08-28T13:09:20.614+0000][info][gc,heap     ] GC(135) Eden regions: 89->0(89)
[2024-08-28T13:09:20.614+0000][info][gc,heap     ] GC(135) Survivor regions: 13->13(13)
[2024-08-28T13:09:20.614+0000][info][gc,heap     ] GC(135) Old regions: 1333->1222
[2024-08-28T13:09:20.614+0000][info][gc,heap     ] GC(135) Archive regions: 2->2
[2024-08-28T13:09:20.614+0000][info][gc,heap     ] GC(135) Humongous regions: 5->5
[2024-08-28T13:09:20.614+0000][info][gc,metaspace] GC(135) Metaspace: 100K(320K)->100K(320K) NonClass: 96K(192K)->96K(192K) Class: 4K(128K)->4K(128K)
[2024-08-28T13:09:20.614+0000][info][gc          ] GC(135) Pause Young (Mixed) (G1 Evacuation Pause) 1440M->1240M(2048M) 18.007ms
[2024-08-28T13:09:20.614+0000][info][gc,cpu      ] GC(135) User=0.69s Sys=0.12s Real=0.02s
[2024-08-28T13:09:20.688+0000][info][gc,start    ] GC(136) Pause Young (Mixed) (G1 Evacuation Pause)
[2024-08-28T13:09:20.688+0000][info][gc,task     ] GC(136) Using 49 workers of 68 for evacuation
[2024-08-28T13:09:20.710+0000][info][gc,phases   ] GC(136)   Pre Evacuate Collection Set: 0.3ms
[2024-08-28T13:09:20.710+0000][info][gc,phases   ] GC(136)   Merge Heap Roots: 0.8ms
[2024-08-28T13:09:20.710+0000][info][gc,phases   ] GC(136)   Evacuate Collection Set: 19.9ms
[2024-08-28T13:09:20.710+0000][info][gc,phases   ] GC(136)   Post Evacuate Collection Set: 0.6ms
[2024-08-28T13:09:20.710+0000][info][gc,phases   ] GC(136)   Other: 0.2ms
[2024-08-28T13:09:20.710+0000][info][gc,heap     ] GC(136) Eden regions: 89->0(189)
[2024-08-28T13:09:20.710+0000][info][gc,heap     ] GC(136) Survivor regions: 13->13(13)
[2024-08-28T13:09:20.710+0000][info][gc,heap     ] GC(136) Old regions: 1222->1235
[2024-08-28T13:09:20.710+0000][info][gc,heap     ] GC(136) Archive regions: 2->2
[2024-08-28T13:09:20.710+0000][info][gc,heap     ] GC(136) Humongous regions: 5->5
[2024-08-28T13:09:20.710+0000][info][gc,metaspace] GC(136) Metaspace: 100K(320K)->100K(320K) NonClass: 96K(192K)->96K(192K) Class: 4K(128K)->4K(128K)
[2024-08-28T13:09:20.710+0000][info][gc          ] GC(136) Pause Young (Mixed) (G1 Evacuation Pause) 1329M->1253M(2048M) 21.914ms
[2024-08-28T13:09:20.710+0000][info][gc,cpu      ] GC(136) User=0.72s Sys=0.26s Real=0.03s
[2024-08-28T13:09:20.858+0000][info][gc,start    ] GC(137) Pause Young (Normal) (G1 Evacuation Pause)
[2024-08-28T13:09:20.858+0000][info][gc,task     ] GC(137) Using 49 workers of 68 for evacuation
[2024-08-28T13:09:20.889+0000][info][gc,phases   ] GC(137)   Pre Evacuate Collection Set: 0.3ms
[2024-08-28T13:09:20.889+0000][info][gc,phases   ] GC(137)   Merge Heap Roots: 1.0ms
[2024-08-28T13:09:20.889+0000][info][gc,phases   ] GC(137)   Evacuate Collection Set: 29.0ms
[2024-08-28T13:09:20.889+0000][info][gc,phases   ] GC(137)   Post Evacuate Collection Set: 0.6ms
[2024-08-28T13:09:20.889+0000][info][gc,phases   ] GC(137)   Other: 0.2ms
[2024-08-28T13:09:20.889+0000][info][gc,heap     ] GC(137) Eden regions: 189->0(127)
[2024-08-28T13:09:20.889+0000][info][gc,heap     ] GC(137) Survivor regions: 13->26(26)
[2024-08-28T13:09:20.889+0000][info][gc,heap     ] GC(137) Old regions: 1235->1410
[2024-08-28T13:09:20.889+0000][info][gc,heap     ] GC(137) Archive regions: 2->2
[2024-08-28T13:09:20.889+0000][info][gc,heap     ] GC(137) Humongous regions: 5->5
[2024-08-28T13:09:20.889+0000][info][gc,metaspace] GC(137) Metaspace: 100K(320K)->100K(320K) NonClass: 96K(192K)->96K(192K) Class: 4K(128K)->4K(128K)
[2024-08-28T13:09:20.889+0000][info][gc          ] GC(137) Pause Young (Normal) (G1 Evacuation Pause) 1442M->1441M(2048M) 31.227ms
[2024-08-28T13:09:20.889+0000][info][gc,cpu      ] GC(137) User=1.04s Sys=0.42s Real=0.02s
[2024-08-28T13:09:20.995+0000][info][gc,start    ] GC(138) Pause Young (Concurrent Start) (G1 Evacuation Pause)
[2024-08-28T13:09:20.995+0000][info][gc,task     ] GC(138) Using 49 workers of 68 for evacuation
[2024-08-28T13:09:21.032+0000][info][gc,phases   ] GC(138)   Pre Evacuate Collection Set: 0.5ms
[2024-08-28T13:09:21.032+0000][info][gc,phases   ] GC(138)   Merge Heap Roots: 0.6ms
[2024-08-28T13:09:21.032+0000][info][gc,phases   ] GC(138)   Evacuate Collection Set: 35.3ms
[2024-08-28T13:09:21.032+0000][info][gc,phases   ] GC(138)   Post Evacuate Collection Set: 0.6ms
[2024-08-28T13:09:21.032+0000][info][gc,phases   ] GC(138)   Other: 0.7ms
[2024-08-28T13:09:21.032+0000][info][gc,heap     ] GC(138) Eden regions: 127->0(84)
[2024-08-28T13:09:21.032+0000][info][gc,heap     ] GC(138) Survivor regions: 26->20(20)
[2024-08-28T13:09:21.032+0000][info][gc,heap     ] GC(138) Old regions: 1410->1550
[2024-08-28T13:09:21.032+0000][info][gc,heap     ] GC(138) Archive regions: 2->2
[2024-08-28T13:09:21.032+0000][info][gc,heap     ] GC(138) Humongous regions: 5->5
[2024-08-28T13:09:21.033+0000][info][gc,metaspace] GC(138) Metaspace: 100K(320K)->100K(320K) NonClass: 96K(192K)->96K(192K) Class: 4K(128K)->4K(128K)
[2024-08-28T13:09:21.033+0000][info][gc          ] GC(138) Pause Young (Concurrent Start) (G1 Evacuation Pause) 1568M->1575M(2048M) 37.818ms
[2024-08-28T13:09:21.033+0000][info][gc,cpu      ] GC(138) User=1.01s Sys=0.61s Real=0.04s
[2024-08-28T13:09:21.033+0000][info][gc          ] GC(139) Concurrent Mark Cycle
[2024-08-28T13:09:21.033+0000][info][gc,marking  ] GC(139) Concurrent Clear Claimed Marks
[2024-08-28T13:09:21.033+0000][info][gc,marking  ] GC(139) Concurrent Clear Claimed Marks 0.010ms
[2024-08-28T13:09:21.033+0000][info][gc,marking  ] GC(139) Concurrent Scan Root Regions
[2024-08-28T13:09:21.038+0000][info][gc,marking  ] GC(139) Concurrent Scan Root Regions 5.159ms
[2024-08-28T13:09:21.038+0000][info][gc,marking  ] GC(139) Concurrent Mark
[2024-08-28T13:09:21.038+0000][info][gc,marking  ] GC(139) Concurrent Mark From Roots
[2024-08-28T13:09:21.038+0000][info][gc,task     ] GC(139) Using 17 workers of 17 for marking
[2024-08-28T13:09:21.071+0000][info][gc,marking  ] GC(139) Concurrent Mark From Roots 32.808ms
[2024-08-28T13:09:21.071+0000][info][gc,marking  ] GC(139) Concurrent Preclean
[2024-08-28T13:09:21.071+0000][info][gc,marking  ] GC(139) Concurrent Preclean 0.506ms
[2024-08-28T13:09:21.072+0000][info][gc,start    ] GC(139) Pause Remark
[2024-08-28T13:09:21.074+0000][info][gc          ] GC(139) Pause Remark 1600M->1381M(2048M) 2.284ms
[2024-08-28T13:09:21.074+0000][info][gc,cpu      ] GC(139) User=0.01s Sys=0.00s Real=0.00s
[2024-08-28T13:09:21.074+0000][info][gc,marking  ] GC(139) Concurrent Mark 36.061ms
[2024-08-28T13:09:21.074+0000][info][gc,marking  ] GC(139) Concurrent Rebuild Remembered Sets
[2024-08-28T13:09:21.123+0000][info][gc,start    ] GC(140) Pause Young (Normal) (G1 Evacuation Pause)
[2024-08-28T13:09:21.123+0000][info][gc,task     ] GC(140) Using 49 workers of 68 for evacuation
[2024-08-28T13:09:21.144+0000][info][gc,phases   ] GC(140)   Pre Evacuate Collection Set: 0.3ms
[2024-08-28T13:09:21.144+0000][info][gc,phases   ] GC(140)   Merge Heap Roots: 0.9ms
[2024-08-28T13:09:21.144+0000][info][gc,phases   ] GC(140)   Evacuate Collection Set: 18.4ms
[2024-08-28T13:09:21.144+0000][info][gc,phases   ] GC(140)   Post Evacuate Collection Set: 0.9ms
[2024-08-28T13:09:21.144+0000][info][gc,phases   ] GC(140)   Other: 0.2ms
[2024-08-28T13:09:21.144+0000][info][gc,heap     ] GC(140) Eden regions: 84->0(125)
[2024-08-28T13:09:21.144+0000][info][gc,heap     ] GC(140) Survivor regions: 20->13(13)
[2024-08-28T13:09:21.144+0000][info][gc,heap     ] GC(140) Old regions: 1331->1431
[2024-08-28T13:09:21.144+0000][info][gc,heap     ] GC(140) Archive regions: 2->2
[2024-08-28T13:09:21.144+0000][info][gc,heap     ] GC(140) Humongous regions: 5->5
[2024-08-28T13:09:21.144+0000][info][gc,metaspace] GC(140) Metaspace: 100K(320K)->100K(320K) NonClass: 96K(192K)->96K(192K) Class: 4K(128K)->4K(128K)
[2024-08-28T13:09:21.144+0000][info][gc          ] GC(140) Pause Young (Normal) (G1 Evacuation Pause) 1440M->1449M(2048M) 20.801ms
[2024-08-28T13:09:21.144+0000][info][gc,cpu      ] GC(140) User=0.79s Sys=0.17s Real=0.02s
[2024-08-28T13:09:21.172+0000][info][gc,marking  ] GC(139) Concurrent Rebuild Remembered Sets 98.128ms
[2024-08-28T13:09:21.172+0000][info][gc,start    ] GC(139) Pause Cleanup
[2024-08-28T13:09:21.175+0000][info][gc          ] GC(139) Pause Cleanup 1481M->1481M(2048M) 3.052ms
[2024-08-28T13:09:21.176+0000][info][gc,cpu      ] GC(139) User=0.02s Sys=0.00s Real=0.00s
[2024-08-28T13:09:21.176+0000][info][gc,marking  ] GC(139) Concurrent Cleanup for Next Mark
[2024-08-28T13:09:21.178+0000][info][gc,marking  ] GC(139) Concurrent Cleanup for Next Mark 1.899ms
[2024-08-28T13:09:21.178+0000][info][gc          ] GC(139) Concurrent Mark Cycle 144.941ms
[2024-08-28T13:09:21.241+0000][info][gc,start    ] GC(141) Pause Young (Prepare Mixed) (G1 Evacuation Pause)
[2024-08-28T13:09:21.241+0000][info][gc,task     ] GC(141) Using 49 workers of 68 for evacuation
[2024-08-28T13:09:21.277+0000][info][gc,phases   ] GC(141)   Pre Evacuate Collection Set: 0.3ms
[2024-08-28T13:09:21.277+0000][info][gc,phases   ] GC(141)   Merge Heap Roots: 0.8ms
[2024-08-28T13:09:21.277+0000][info][gc,phases   ] GC(141)   Evacuate Collection Set: 34.3ms
[2024-08-28T13:09:21.277+0000][info][gc,phases   ] GC(141)   Post Evacuate Collection Set: 0.6ms
[2024-08-28T13:09:21.277+0000][info][gc,phases   ] GC(141)   Other: 0.2ms
[2024-08-28T13:09:21.277+0000][info][gc,heap     ] GC(141) Eden regions: 125->0(84)
[2024-08-28T13:09:21.277+0000][info][gc,heap     ] GC(141) Survivor regions: 13->18(18)
[2024-08-28T13:09:21.277+0000][info][gc,heap     ] GC(141) Old regions: 1431->1554
[2024-08-28T13:09:21.277+0000][info][gc,heap     ] GC(141) Archive regions: 2->2
[2024-08-28T13:09:21.277+0000][info][gc,heap     ] GC(141) Humongous regions: 5->5
[2024-08-28T13:09:21.277+0000][info][gc,metaspace] GC(141) Metaspace: 100K(320K)->100K(320K) NonClass: 96K(192K)->96K(192K) Class: 4K(128K)->4K(128K)
[2024-08-28T13:09:21.277+0000][info][gc          ] GC(141) Pause Young (Prepare Mixed) (G1 Evacuation Pause) 1574M->1577M(2048M) 36.297ms
[2024-08-28T13:09:21.277+0000][info][gc,cpu      ] GC(141) User=1.17s Sys=0.42s Real=0.03s
[2024-08-28T13:09:21.340+0000][info][gc,start    ] GC(142) Pause Young (Mixed) (G1 Evacuation Pause)
[2024-08-28T13:09:21.340+0000][info][gc,task     ] GC(142) Using 49 workers of 68 for evacuation
[2024-08-28T13:09:21.357+0000][info][gc,phases   ] GC(142)   Pre Evacuate Collection Set: 0.5ms
[2024-08-28T13:09:21.357+0000][info][gc,phases   ] GC(142)   Merge Heap Roots: 0.5ms
[2024-08-28T13:09:21.357+0000][info][gc,phases   ] GC(142)   Evacuate Collection Set: 15.3ms
[2024-08-28T13:09:21.357+0000][info][gc,phases   ] GC(142)   Post Evacuate Collection Set: 0.6ms
[2024-08-28T13:09:21.357+0000][info][gc,phases   ] GC(142)   Other: 0.2ms
[2024-08-28T13:09:21.357+0000][info][gc,heap     ] GC(142) Eden regions: 84->0(89)
[2024-08-28T13:09:21.357+0000][info][gc,heap     ] GC(142) Survivor regions: 18->13(13)
[2024-08-28T13:09:21.357+0000][info][gc,heap     ] GC(142) Old regions: 1554->1445
[2024-08-28T13:09:21.357+0000][info][gc,heap     ] GC(142) Archive regions: 2->2
[2024-08-28T13:09:21.357+0000][info][gc,heap     ] GC(142) Humongous regions: 5->5
[2024-08-28T13:09:21.357+0000][info][gc,metaspace] GC(142) Metaspace: 100K(320K)->100K(320K) NonClass: 96K(192K)->96K(192K) Class: 4K(128K)->4K(128K)
[2024-08-28T13:09:21.357+0000][info][gc          ] GC(142) Pause Young (Mixed) (G1 Evacuation Pause) 1661M->1463M(2048M) 17.157ms
[2024-08-28T13:09:21.357+0000][info][gc,cpu      ] GC(142) User=0.77s Sys=0.00s Real=0.01s
[2024-08-28T13:09:21.421+0000][info][gc,start    ] GC(143) Pause Young (Mixed) (G1 Evacuation Pause)
[2024-08-28T13:09:21.421+0000][info][gc,task     ] GC(143) Using 49 workers of 68 for evacuation
[2024-08-28T13:09:21.441+0000][info][gc,phases   ] GC(143)   Pre Evacuate Collection Set: 0.4ms
[2024-08-28T13:09:21.441+0000][info][gc,phases   ] GC(143)   Merge Heap Roots: 0.6ms
[2024-08-28T13:09:21.441+0000][info][gc,phases   ] GC(143)   Evacuate Collection Set: 18.4ms
[2024-08-28T13:09:21.441+0000][info][gc,phases   ] GC(143)   Post Evacuate Collection Set: 0.7ms
[2024-08-28T13:09:21.441+0000][info][gc,phases   ] GC(143)   Other: 0.3ms
[2024-08-28T13:09:21.441+0000][info][gc,heap     ] GC(143) Eden regions: 89->0(89)
[2024-08-28T13:09:21.441+0000][info][gc,heap     ] GC(143) Survivor regions: 13->13(13)
[2024-08-28T13:09:21.441+0000][info][gc,heap     ] GC(143) Old regions: 1445->1334
[2024-08-28T13:09:21.441+0000][info][gc,heap     ] GC(143) Archive regions: 2->2
[2024-08-28T13:09:21.441+0000][info][gc,heap     ] GC(143) Humongous regions: 5->5
[2024-08-28T13:09:21.441+0000][info][gc,metaspace] GC(143) Metaspace: 100K(320K)->100K(320K) NonClass: 96K(192K)->96K(192K) Class: 4K(128K)->4K(128K)
[2024-08-28T13:09:21.441+0000][info][gc          ] GC(143) Pause Young (Mixed) (G1 Evacuation Pause) 1552M->1352M(2048M) 20.398ms
[2024-08-28T13:09:21.441+0000][info][gc,cpu      ] GC(143) User=0.68s Sys=0.24s Real=0.02s
[2024-08-28T13:09:21.506+0000][info][gc,start    ] GC(144) Pause Young (Mixed) (G1 Evacuation Pause)
[2024-08-28T13:09:21.506+0000][info][gc,task     ] GC(144) Using 49 workers of 68 for evacuation
[2024-08-28T13:09:21.530+0000][info][gc,phases   ] GC(144)   Pre Evacuate Collection Set: 0.5ms
[2024-08-28T13:09:21.530+0000][info][gc,phases   ] GC(144)   Merge Heap Roots: 0.5ms
[2024-08-28T13:09:21.530+0000][info][gc,phases   ] GC(144)   Evacuate Collection Set: 22.0ms
[2024-08-28T13:09:21.530+0000][info][gc,phases   ] GC(144)   Post Evacuate Collection Set: 0.7ms
[2024-08-28T13:09:21.530+0000][info][gc,phases   ] GC(144)   Other: 0.3ms
[2024-08-28T13:09:21.530+0000][info][gc,heap     ] GC(144) Eden regions: 89->0(89)
[2024-08-28T13:09:21.530+0000][info][gc,heap     ] GC(144) Survivor regions: 13->13(13)
[2024-08-28T13:09:21.530+0000][info][gc,heap     ] GC(144) Old regions: 1334->1222
[2024-08-28T13:09:21.530+0000][info][gc,heap     ] GC(144) Archive regions: 2->2
[2024-08-28T13:09:21.530+0000][info][gc,heap     ] GC(144) Humongous regions: 5->5
[2024-08-28T13:09:21.530+0000][info][gc,metaspace] GC(144) Metaspace: 100K(320K)->100K(320K) NonClass: 96K(192K)->96K(192K) Class: 4K(128K)->4K(128K)
[2024-08-28T13:09:21.530+0000][info][gc          ] GC(144) Pause Young (Mixed) (G1 Evacuation Pause) 1441M->1240M(2048M) 24.042ms
[2024-08-28T13:09:21.530+0000][info][gc,cpu      ] GC(144) User=0.65s Sys=0.37s Real=0.03s
[2024-08-28T13:09:21.598+0000][info][gc,start    ] GC(145) Pause Young (Mixed) (G1 Evacuation Pause)
[2024-08-28T13:09:21.598+0000][info][gc,task     ] GC(145) Using 49 workers of 68 for evacuation
[2024-08-28T13:09:21.615+0000][info][gc,phases   ] GC(145)   Pre Evacuate Collection Set: 0.4ms
[2024-08-28T13:09:21.615+0000][info][gc,phases   ] GC(145)   Merge Heap Roots: 0.5ms
[2024-08-28T13:09:21.615+0000][info][gc,phases   ] GC(145)   Evacuate Collection Set: 15.6ms
[2024-08-28T13:09:21.615+0000][info][gc,phases   ] GC(145)   Post Evacuate Collection Set: 0.5ms
[2024-08-28T13:09:21.615+0000][info][gc,phases   ] GC(145)   Other: 0.3ms
[2024-08-28T13:09:21.615+0000][info][gc,heap     ] GC(145) Eden regions: 89->0(189)
[2024-08-28T13:09:21.615+0000][info][gc,heap     ] GC(145) Survivor regions: 13->13(13)
[2024-08-28T13:09:21.615+0000][info][gc,heap     ] GC(145) Old regions: 1222->1234
[2024-08-28T13:09:21.615+0000][info][gc,heap     ] GC(145) Archive regions: 2->2
[2024-08-28T13:09:21.615+0000][info][gc,heap     ] GC(145) Humongous regions: 5->5
[2024-08-28T13:09:21.615+0000][info][gc,metaspace] GC(145) Metaspace: 100K(320K)->100K(320K) NonClass: 96K(192K)->96K(192K) Class: 4K(128K)->4K(128K)
[2024-08-28T13:09:21.615+0000][info][gc          ] GC(145) Pause Young (Mixed) (G1 Evacuation Pause) 1329M->1252M(2048M) 17.373ms
[2024-08-28T13:09:21.615+0000][info][gc,cpu      ] GC(145) User=0.74s Sys=0.05s Real=0.01s
[2024-08-28T13:09:21.755+0000][info][gc,start    ] GC(146) Pause Young (Normal) (G1 Evacuation Pause)
[2024-08-28T13:09:21.755+0000][info][gc,task     ] GC(146) Using 49 workers of 68 for evacuation
[2024-08-28T13:09:21.796+0000][info][gc,phases   ] GC(146)   Pre Evacuate Collection Set: 0.4ms
[2024-08-28T13:09:21.796+0000][info][gc,phases   ] GC(146)   Merge Heap Roots: 0.7ms
[2024-08-28T13:09:21.796+0000][info][gc,phases   ] GC(146)   Evacuate Collection Set: 39.5ms
[2024-08-28T13:09:21.796+0000][info][gc,phases   ] GC(146)   Post Evacuate Collection Set: 0.6ms
[2024-08-28T13:09:21.796+0000][info][gc,phases   ] GC(146)   Other: 0.3ms
[2024-08-28T13:09:21.796+0000][info][gc,heap     ] GC(146) Eden regions: 189->0(128)
[2024-08-28T13:09:21.796+0000][info][gc,heap     ] GC(146) Survivor regions: 13->26(26)
[2024-08-28T13:09:21.796+0000][info][gc,heap     ] GC(146) Old regions: 1234->1409
[2024-08-28T13:09:21.796+0000][info][gc,heap     ] GC(146) Archive regions: 2->2
[2024-08-28T13:09:21.796+0000][info][gc,heap     ] GC(146) Humongous regions: 5->5
[2024-08-28T13:09:21.796+0000][info][gc,metaspace] GC(146) Metaspace: 100K(320K)->100K(320K) NonClass: 96K(192K)->96K(192K) Class: 4K(128K)->4K(128K)
[2024-08-28T13:09:21.796+0000][info][gc          ] GC(146) Pause Young (Normal) (G1 Evacuation Pause) 1441M->1440M(2048M) 41.444ms
[2024-08-28T13:09:21.796+0000][info][gc,cpu      ] GC(146) User=0.85s Sys=1.11s Real=0.04s
[2024-08-28T13:09:21.889+0000][info][gc,start    ] GC(147) Pause Young (Concurrent Start) (G1 Evacuation Pause)
[2024-08-28T13:09:21.889+0000][info][gc,task     ] GC(147) Using 49 workers of 68 for evacuation
[2024-08-28T13:09:21.923+0000][info][gc,phases   ] GC(147)   Pre Evacuate Collection Set: 0.4ms
[2024-08-28T13:09:21.923+0000][info][gc,phases   ] GC(147)   Merge Heap Roots: 1.0ms
[2024-08-28T13:09:21.923+0000][info][gc,phases   ] GC(147)   Evacuate Collection Set: 31.4ms
[2024-08-28T13:09:21.923+0000][info][gc,phases   ] GC(147)   Post Evacuate Collection Set: 0.6ms
[2024-08-28T13:09:21.923+0000][info][gc,phases   ] GC(147)   Other: 0.8ms
[2024-08-28T13:09:21.923+0000][info][gc,heap     ] GC(147) Eden regions: 128->0(84)
[2024-08-28T13:09:21.923+0000][info][gc,heap     ] GC(147) Survivor regions: 26->20(20)
[2024-08-28T13:09:21.923+0000][info][gc,heap     ] GC(147) Old regions: 1409->1550
[2024-08-28T13:09:21.923+0000][info][gc,heap     ] GC(147) Archive regions: 2->2
[2024-08-28T13:09:21.923+0000][info][gc,heap     ] GC(147) Humongous regions: 5->5
[2024-08-28T13:09:21.923+0000][info][gc,metaspace] GC(147) Metaspace: 100K(320K)->100K(320K) NonClass: 96K(192K)->96K(192K) Class: 4K(128K)->4K(128K)
[2024-08-28T13:09:21.923+0000][info][gc          ] GC(147) Pause Young (Concurrent Start) (G1 Evacuation Pause) 1568M->1575M(2048M) 34.281ms
[2024-08-28T13:09:21.923+0000][info][gc,cpu      ] GC(147) User=0.75s Sys=0.82s Real=0.04s
[2024-08-28T13:09:21.923+0000][info][gc          ] GC(148) Concurrent Mark Cycle
[2024-08-28T13:09:21.924+0000][info][gc,marking  ] GC(148) Concurrent Clear Claimed Marks
[2024-08-28T13:09:21.924+0000][info][gc,marking  ] GC(148) Concurrent Clear Claimed Marks 0.010ms
[2024-08-28T13:09:21.924+0000][info][gc,marking  ] GC(148) Concurrent Scan Root Regions
[2024-08-28T13:09:21.928+0000][info][gc,marking  ] GC(148) Concurrent Scan Root Regions 4.381ms
[2024-08-28T13:09:21.928+0000][info][gc,marking  ] GC(148) Concurrent Mark
[2024-08-28T13:09:21.928+0000][info][gc,marking  ] GC(148) Concurrent Mark From Roots
[2024-08-28T13:09:21.928+0000][info][gc,task     ] GC(148) Using 17 workers of 17 for marking
[2024-08-28T13:09:21.952+0000][info][gc,marking  ] GC(148) Concurrent Mark From Roots 23.763ms
[2024-08-28T13:09:21.952+0000][info][gc,marking  ] GC(148) Concurrent Preclean
[2024-08-28T13:09:21.953+0000][info][gc,marking  ] GC(148) Concurrent Preclean 0.814ms
[2024-08-28T13:09:21.953+0000][info][gc,start    ] GC(148) Pause Remark
[2024-08-28T13:09:21.955+0000][info][gc          ] GC(148) Pause Remark 1601M->1386M(2048M) 2.018ms
[2024-08-28T13:09:21.955+0000][info][gc,cpu      ] GC(148) User=0.01s Sys=0.01s Real=0.00s
[2024-08-28T13:09:21.955+0000][info][gc,marking  ] GC(148) Concurrent Mark 27.037ms
[2024-08-28T13:09:21.955+0000][info][gc,marking  ] GC(148) Concurrent Rebuild Remembered Sets
[2024-08-28T13:09:22.003+0000][info][gc,start    ] GC(149) Pause Young (Normal) (G1 Evacuation Pause)
[2024-08-28T13:09:22.003+0000][info][gc,task     ] GC(149) Using 49 workers of 68 for evacuation
[2024-08-28T13:09:22.021+0000][info][gc,phases   ] GC(149)   Pre Evacuate Collection Set: 0.4ms
[2024-08-28T13:09:22.021+0000][info][gc,phases   ] GC(149)   Merge Heap Roots: 0.4ms
[2024-08-28T13:09:22.021+0000][info][gc,phases   ] GC(149)   Evacuate Collection Set: 16.7ms
[2024-08-28T13:09:22.021+0000][info][gc,phases   ] GC(149)   Post Evacuate Collection Set: 0.8ms
[2024-08-28T13:09:22.021+0000][info][gc,phases   ] GC(149)   Other: 0.2ms
[2024-08-28T13:09:22.021+0000][info][gc,heap     ] GC(149) Eden regions: 84->0(123)
[2024-08-28T13:09:22.021+0000][info][gc,heap     ] GC(149) Survivor regions: 20->13(13)
[2024-08-28T13:09:22.021+0000][info][gc,heap     ] GC(149) Old regions: 1335->1436
[2024-08-28T13:09:22.021+0000][info][gc,heap     ] GC(149) Archive regions: 2->2
[2024-08-28T13:09:22.021+0000][info][gc,heap     ] GC(149) Humongous regions: 5->5
[2024-08-28T13:09:22.021+0000][info][gc,metaspace] GC(149) Metaspace: 100K(320K)->100K(320K) NonClass: 96K(192K)->96K(192K) Class: 4K(128K)->4K(128K)
[2024-08-28T13:09:22.021+0000][info][gc          ] GC(149) Pause Young (Normal) (G1 Evacuation Pause) 1444M->1454M(2048M) 18.678ms
[2024-08-28T13:09:22.022+0000][info][gc,cpu      ] GC(149) User=0.83s Sys=0.01s Real=0.02s
[2024-08-28T13:09:22.052+0000][info][gc,marking  ] GC(148) Concurrent Rebuild Remembered Sets 97.161ms
[2024-08-28T13:09:22.053+0000][info][gc,start    ] GC(148) Pause Cleanup
[2024-08-28T13:09:22.056+0000][info][gc          ] GC(148) Pause Cleanup 1491M->1491M(2048M) 3.549ms
[2024-08-28T13:09:22.056+0000][info][gc,cpu      ] GC(148) User=0.01s Sys=0.00s Real=0.00s
[2024-08-28T13:09:22.056+0000][info][gc,marking  ] GC(148) Concurrent Cleanup for Next Mark
[2024-08-28T13:09:22.058+0000][info][gc,marking  ] GC(148) Concurrent Cleanup for Next Mark 1.960ms
[2024-08-28T13:09:22.058+0000][info][gc          ] GC(148) Concurrent Mark Cycle 134.835ms
[2024-08-28T13:09:22.115+0000][info][gc,start    ] GC(150) Pause Young (Prepare Mixed) (G1 Evacuation Pause)
[2024-08-28T13:09:22.115+0000][info][gc,task     ] GC(150) Using 49 workers of 68 for evacuation
[2024-08-28T13:09:22.142+0000][info][gc,phases   ] GC(150)   Pre Evacuate Collection Set: 0.4ms
[2024-08-28T13:09:22.142+0000][info][gc,phases   ] GC(150)   Merge Heap Roots: 0.9ms
[2024-08-28T13:09:22.142+0000][info][gc,phases   ] GC(150)   Evacuate Collection Set: 24.5ms
[2024-08-28T13:09:22.142+0000][info][gc,phases   ] GC(150)   Post Evacuate Collection Set: 0.5ms
[2024-08-28T13:09:22.142+0000][info][gc,phases   ] GC(150)   Other: 0.3ms
[2024-08-28T13:09:22.142+0000][info][gc,heap     ] GC(150) Eden regions: 123->0(85)
[2024-08-28T13:09:22.142+0000][info][gc,heap     ] GC(150) Survivor regions: 13->17(17)
[2024-08-28T13:09:22.142+0000][info][gc,heap     ] GC(150) Old regions: 1436->1558
[2024-08-28T13:09:22.142+0000][info][gc,heap     ] GC(150) Archive regions: 2->2
[2024-08-28T13:09:22.142+0000][info][gc,heap     ] GC(150) Humongous regions: 5->5
[2024-08-28T13:09:22.142+0000][info][gc,metaspace] GC(150) Metaspace: 100K(320K)->100K(320K) NonClass: 96K(192K)->96K(192K) Class: 4K(128K)->4K(128K)
[2024-08-28T13:09:22.142+0000][info][gc          ] GC(150) Pause Young (Prepare Mixed) (G1 Evacuation Pause) 1577M->1580M(2048M) 26.564ms
[2024-08-28T13:09:22.142+0000][info][gc,cpu      ] GC(150) User=1.11s Sys=0.11s Real=0.03s
[2024-08-28T13:09:22.203+0000][info][gc,start    ] GC(151) Pause Young (Mixed) (G1 Evacuation Pause)
[2024-08-28T13:09:22.203+0000][info][gc,task     ] GC(151) Using 49 workers of 68 for evacuation
[2024-08-28T13:09:22.222+0000][info][gc,phases   ] GC(151)   Pre Evacuate Collection Set: 0.4ms
[2024-08-28T13:09:22.222+0000][info][gc,phases   ] GC(151)   Merge Heap Roots: 0.8ms
[2024-08-28T13:09:22.222+0000][info][gc,phases   ] GC(151)   Evacuate Collection Set: 16.4ms
[2024-08-28T13:09:22.222+0000][info][gc,phases   ] GC(151)   Post Evacuate Collection Set: 0.6ms
[2024-08-28T13:09:22.222+0000][info][gc,phases   ] GC(151)   Other: 0.2ms
[2024-08-28T13:09:22.222+0000][info][gc,heap     ] GC(151) Eden regions: 85->0(89)
[2024-08-28T13:09:22.222+0000][info][gc,heap     ] GC(151) Survivor regions: 17->13(13)
[2024-08-28T13:09:22.222+0000][info][gc,heap     ] GC(151) Old regions: 1558->1448
[2024-08-28T13:09:22.222+0000][info][gc,heap     ] GC(151) Archive regions: 2->2
[2024-08-28T13:09:22.222+0000][info][gc,heap     ] GC(151) Humongous regions: 5->5
[2024-08-28T13:09:22.222+0000][info][gc,metaspace] GC(151) Metaspace: 100K(320K)->100K(320K) NonClass: 96K(192K)->96K(192K) Class: 4K(128K)->4K(128K)
[2024-08-28T13:09:22.222+0000][info][gc          ] GC(151) Pause Young (Mixed) (G1 Evacuation Pause) 1665M->1466M(2048M) 18.530ms
[2024-08-28T13:09:22.222+0000][info][gc,cpu      ] GC(151) User=0.75s Sys=0.08s Real=0.02s
[2024-08-28T13:09:22.286+0000][info][gc,start    ] GC(152) Pause Young (Mixed) (G1 Evacuation Pause)
[2024-08-28T13:09:22.286+0000][info][gc,task     ] GC(152) Using 49 workers of 68 for evacuation
[2024-08-28T13:09:22.304+0000][info][gc,phases   ] GC(152)   Pre Evacuate Collection Set: 0.4ms
[2024-08-28T13:09:22.304+0000][info][gc,phases   ] GC(152)   Merge Heap Roots: 0.5ms
[2024-08-28T13:09:22.304+0000][info][gc,phases   ] GC(152)   Evacuate Collection Set: 17.0ms
[2024-08-28T13:09:22.304+0000][info][gc,phases   ] GC(152)   Post Evacuate Collection Set: 0.7ms
[2024-08-28T13:09:22.304+0000][info][gc,phases   ] GC(152)   Other: 0.3ms
[2024-08-28T13:09:22.304+0000][info][gc,heap     ] GC(152) Eden regions: 89->0(89)
[2024-08-28T13:09:22.304+0000][info][gc,heap     ] GC(152) Survivor regions: 13->13(13)
[2024-08-28T13:09:22.304+0000][info][gc,heap     ] GC(152) Old regions: 1448->1338
[2024-08-28T13:09:22.304+0000][info][gc,heap     ] GC(152) Archive regions: 2->2
[2024-08-28T13:09:22.304+0000][info][gc,heap     ] GC(152) Humongous regions: 5->5
[2024-08-28T13:09:22.304+0000][info][gc,metaspace] GC(152) Metaspace: 100K(320K)->100K(320K) NonClass: 96K(192K)->96K(192K) Class: 4K(128K)->4K(128K)
[2024-08-28T13:09:22.305+0000][info][gc          ] GC(152) Pause Young (Mixed) (G1 Evacuation Pause) 1555M->1356M(2048M) 18.990ms
[2024-08-28T13:09:22.305+0000][info][gc,cpu      ] GC(152) User=0.76s Sys=0.02s Real=0.02s
[2024-08-28T13:09:22.369+0000][info][gc,start    ] GC(153) Pause Young (Mixed) (G1 Evacuation Pause)
[2024-08-28T13:09:22.369+0000][info][gc,task     ] GC(153) Using 49 workers of 68 for evacuation
[2024-08-28T13:09:22.387+0000][info][gc,phases   ] GC(153)   Pre Evacuate Collection Set: 0.5ms
[2024-08-28T13:09:22.387+0000][info][gc,phases   ] GC(153)   Merge Heap Roots: 0.9ms
[2024-08-28T13:09:22.387+0000][info][gc,phases   ] GC(153)   Evacuate Collection Set: 15.4ms
[2024-08-28T13:09:22.387+0000][info][gc,phases   ] GC(153)   Post Evacuate Collection Set: 0.7ms
[2024-08-28T13:09:22.387+0000][info][gc,phases   ] GC(153)   Other: 0.2ms
[2024-08-28T13:09:22.387+0000][info][gc,heap     ] GC(153) Eden regions: 89->0(89)
[2024-08-28T13:09:22.387+0000][info][gc,heap     ] GC(153) Survivor regions: 13->13(13)
[2024-08-28T13:09:22.387+0000][info][gc,heap     ] GC(153) Old regions: 1338->1227
[2024-08-28T13:09:22.387+0000][info][gc,heap     ] GC(153) Archive regions: 2->2
[2024-08-28T13:09:22.387+0000][info][gc,heap     ] GC(153) Humongous regions: 5->5
[2024-08-28T13:09:22.387+0000][info][gc,metaspace] GC(153) Metaspace: 100K(320K)->100K(320K) NonClass: 96K(192K)->96K(192K) Class: 4K(128K)->4K(128K)
[2024-08-28T13:09:22.387+0000][info][gc          ] GC(153) Pause Young (Mixed) (G1 Evacuation Pause) 1445M->1245M(2048M) 17.822ms
[2024-08-28T13:09:22.387+0000][info][gc,cpu      ] GC(153) User=0.78s Sys=0.01s Real=0.02s
[2024-08-28T13:09:22.450+0000][info][gc,start    ] GC(154) Pause Young (Mixed) (G1 Evacuation Pause)
[2024-08-28T13:09:22.450+0000][info][gc,task     ] GC(154) Using 49 workers of 68 for evacuation
[2024-08-28T13:09:22.468+0000][info][gc,phases   ] GC(154)   Pre Evacuate Collection Set: 0.4ms
[2024-08-28T13:09:22.468+0000][info][gc,phases   ] GC(154)   Merge Heap Roots: 0.5ms
[2024-08-28T13:09:22.468+0000][info][gc,phases   ] GC(154)   Evacuate Collection Set: 15.8ms
[2024-08-28T13:09:22.468+0000][info][gc,phases   ] GC(154)   Post Evacuate Collection Set: 0.6ms
[2024-08-28T13:09:22.468+0000][info][gc,phases   ] GC(154)   Other: 0.2ms
[2024-08-28T13:09:22.468+0000][info][gc,heap     ] GC(154) Eden regions: 89->0(188)
[2024-08-28T13:09:22.468+0000][info][gc,heap     ] GC(154) Survivor regions: 13->13(13)
[2024-08-28T13:09:22.468+0000][info][gc,heap     ] GC(154) Old regions: 1227->1235
[2024-08-28T13:09:22.468+0000][info][gc,heap     ] GC(154) Archive regions: 2->2
[2024-08-28T13:09:22.468+0000][info][gc,heap     ] GC(154) Humongous regions: 5->5
[2024-08-28T13:09:22.468+0000][info][gc,metaspace] GC(154) Metaspace: 100K(320K)->100K(320K) NonClass: 96K(192K)->96K(192K) Class: 4K(128K)->4K(128K)
[2024-08-28T13:09:22.468+0000][info][gc          ] GC(154) Pause Young (Mixed) (G1 Evacuation Pause) 1334M->1253M(2048M) 17.562ms
[2024-08-28T13:09:22.468+0000][info][gc,cpu      ] GC(154) User=0.77s Sys=0.02s Real=0.01s
[2024-08-28T13:09:22.592+0000][info][gc,start    ] GC(155) Pause Young (Normal) (G1 Evacuation Pause)
[2024-08-28T13:09:22.592+0000][info][gc,task     ] GC(155) Using 49 workers of 68 for evacuation
[2024-08-28T13:09:22.619+0000][info][gc,phases   ] GC(155)   Pre Evacuate Collection Set: 0.3ms
[2024-08-28T13:09:22.619+0000][info][gc,phases   ] GC(155)   Merge Heap Roots: 0.6ms
[2024-08-28T13:09:22.619+0000][info][gc,phases   ] GC(155)   Evacuate Collection Set: 25.5ms
[2024-08-28T13:09:22.619+0000][info][gc,phases   ] GC(155)   Post Evacuate Collection Set: 0.6ms
[2024-08-28T13:09:22.619+0000][info][gc,phases   ] GC(155)   Other: 0.2ms
[2024-08-28T13:09:22.619+0000][info][gc,heap     ] GC(155) Eden regions: 188->0(128)
[2024-08-28T13:09:22.619+0000][info][gc,heap     ] GC(155) Survivor regions: 13->26(26)
[2024-08-28T13:09:22.619+0000][info][gc,heap     ] GC(155) Old regions: 1235->1408
[2024-08-28T13:09:22.619+0000][info][gc,heap     ] GC(155) Archive regions: 2->2
[2024-08-28T13:09:22.619+0000][info][gc,heap     ] GC(155) Humongous regions: 5->5
[2024-08-28T13:09:22.619+0000][info][gc,metaspace] GC(155) Metaspace: 100K(320K)->100K(320K) NonClass: 96K(192K)->96K(192K) Class: 4K(128K)->4K(128K)
[2024-08-28T13:09:22.619+0000][info][gc          ] GC(155) Pause Young (Normal) (G1 Evacuation Pause) 1441M->1439M(2048M) 27.281ms
[2024-08-28T13:09:22.619+0000][info][gc,cpu      ] GC(155) User=1.14s Sys=0.12s Real=0.03s
[2024-08-28T13:09:22.706+0000][info][gc,start    ] GC(156) Pause Young (Concurrent Start) (G1 Evacuation Pause)
[2024-08-28T13:09:22.706+0000][info][gc,task     ] GC(156) Using 49 workers of 68 for evacuation
[2024-08-28T13:09:22.732+0000][info][gc,phases   ] GC(156)   Pre Evacuate Collection Set: 0.4ms
[2024-08-28T13:09:22.732+0000][info][gc,phases   ] GC(156)   Merge Heap Roots: 0.5ms
[2024-08-28T13:09:22.732+0000][info][gc,phases   ] GC(156)   Evacuate Collection Set: 24.1ms
[2024-08-28T13:09:22.732+0000][info][gc,phases   ] GC(156)   Post Evacuate Collection Set: 0.6ms
[2024-08-28T13:09:22.732+0000][info][gc,phases   ] GC(156)   Other: 0.8ms
[2024-08-28T13:09:22.732+0000][info][gc,heap     ] GC(156) Eden regions: 128->0(85)
[2024-08-28T13:09:22.732+0000][info][gc,heap     ] GC(156) Survivor regions: 26->20(20)
[2024-08-28T13:09:22.732+0000][info][gc,heap     ] GC(156) Old regions: 1408->1548
[2024-08-28T13:09:22.732+0000][info][gc,heap     ] GC(156) Archive regions: 2->2
[2024-08-28T13:09:22.732+0000][info][gc,heap     ] GC(156) Humongous regions: 5->5
[2024-08-28T13:09:22.732+0000][info][gc,metaspace] GC(156) Metaspace: 100K(320K)->100K(320K) NonClass: 96K(192K)->96K(192K) Class: 4K(128K)->4K(128K)
[2024-08-28T13:09:22.732+0000][info][gc          ] GC(156) Pause Young (Concurrent Start) (G1 Evacuation Pause) 1567M->1573M(2048M) 26.466ms
[2024-08-28T13:09:22.732+0000][info][gc,cpu      ] GC(156) User=0.96s Sys=0.24s Real=0.03s
[2024-08-28T13:09:22.732+0000][info][gc          ] GC(157) Concurrent Mark Cycle
[2024-08-28T13:09:22.732+0000][info][gc,marking  ] GC(157) Concurrent Clear Claimed Marks
[2024-08-28T13:09:22.732+0000][info][gc,marking  ] GC(157) Concurrent Clear Claimed Marks 0.010ms
[2024-08-28T13:09:22.732+0000][info][gc,marking  ] GC(157) Concurrent Scan Root Regions
[2024-08-28T13:09:22.737+0000][info][gc,marking  ] GC(157) Concurrent Scan Root Regions 4.660ms
[2024-08-28T13:09:22.737+0000][info][gc,marking  ] GC(157) Concurrent Mark
[2024-08-28T13:09:22.737+0000][info][gc,marking  ] GC(157) Concurrent Mark From Roots
[2024-08-28T13:09:22.737+0000][info][gc,task     ] GC(157) Using 17 workers of 17 for marking
[2024-08-28T13:09:22.761+0000][info][gc,marking  ] GC(157) Concurrent Mark From Roots 23.672ms
[2024-08-28T13:09:22.761+0000][info][gc,marking  ] GC(157) Concurrent Preclean
[2024-08-28T13:09:22.762+0000][info][gc,marking  ] GC(157) Concurrent Preclean 0.635ms
[2024-08-28T13:09:22.762+0000][info][gc,start    ] GC(157) Pause Remark
[2024-08-28T13:09:22.764+0000][info][gc          ] GC(157) Pause Remark 1599M->1398M(2048M) 2.279ms
[2024-08-28T13:09:22.764+0000][info][gc,cpu      ] GC(157) User=0.02s Sys=0.00s Real=0.00s
[2024-08-28T13:09:22.764+0000][info][gc,marking  ] GC(157) Concurrent Mark 27.042ms
[2024-08-28T13:09:22.764+0000][info][gc,marking  ] GC(157) Concurrent Rebuild Remembered Sets
[2024-08-28T13:09:22.814+0000][info][gc,start    ] GC(158) Pause Young (Normal) (G1 Evacuation Pause)
[2024-08-28T13:09:22.814+0000][info][gc,task     ] GC(158) Using 49 workers of 68 for evacuation
[2024-08-28T13:09:22.833+0000][info][gc,phases   ] GC(158)   Pre Evacuate Collection Set: 0.4ms
[2024-08-28T13:09:22.833+0000][info][gc,phases   ] GC(158)   Merge Heap Roots: 0.5ms
[2024-08-28T13:09:22.833+0000][info][gc,phases   ] GC(158)   Evacuate Collection Set: 16.7ms
[2024-08-28T13:09:22.833+0000][info][gc,phases   ] GC(158)   Post Evacuate Collection Set: 0.8ms
[2024-08-28T13:09:22.833+0000][info][gc,phases   ] GC(158)   Other: 0.3ms
[2024-08-28T13:09:22.833+0000][info][gc,heap     ] GC(158) Eden regions: 85->0(119)
[2024-08-28T13:09:22.833+0000][info][gc,heap     ] GC(158) Survivor regions: 20->14(14)
[2024-08-28T13:09:22.833+0000][info][gc,heap     ] GC(158) Old regions: 1347->1447
[2024-08-28T13:09:22.833+0000][info][gc,heap     ] GC(158) Archive regions: 2->2
[2024-08-28T13:09:22.833+0000][info][gc,heap     ] GC(158) Humongous regions: 5->5
[2024-08-28T13:09:22.833+0000][info][gc,metaspace] GC(158) Metaspace: 100K(320K)->100K(320K) NonClass: 96K(192K)->96K(192K) Class: 4K(128K)->4K(128K)
[2024-08-28T13:09:22.833+0000][info][gc          ] GC(158) Pause Young (Normal) (G1 Evacuation Pause) 1457M->1466M(2048M) 18.635ms
[2024-08-28T13:09:22.833+0000][info][gc,cpu      ] GC(158) User=0.84s Sys=0.01s Real=0.02s
[2024-08-28T13:09:22.862+0000][info][gc,marking  ] GC(157) Concurrent Rebuild Remembered Sets 97.953ms
[2024-08-28T13:09:22.863+0000][info][gc,start    ] GC(157) Pause Cleanup
[2024-08-28T13:09:22.866+0000][info][gc          ] GC(157) Pause Cleanup 1500M->1500M(2048M) 3.436ms
[2024-08-28T13:09:22.866+0000][info][gc,cpu      ] GC(157) User=0.02s Sys=0.00s Real=0.00s
[2024-08-28T13:09:22.866+0000][info][gc,marking  ] GC(157) Concurrent Cleanup for Next Mark
[2024-08-28T13:09:22.868+0000][info][gc,marking  ] GC(157) Concurrent Cleanup for Next Mark 1.949ms
[2024-08-28T13:09:22.868+0000][info][gc          ] GC(157) Concurrent Mark Cycle 135.735ms
[2024-08-28T13:09:22.926+0000][info][gc,start    ] GC(159) Pause Young (Prepare Mixed) (G1 Evacuation Pause)
[2024-08-28T13:09:22.926+0000][info][gc,task     ] GC(159) Using 49 workers of 68 for evacuation
[2024-08-28T13:09:22.952+0000][info][gc,phases   ] GC(159)   Pre Evacuate Collection Set: 0.3ms
[2024-08-28T13:09:22.952+0000][info][gc,phases   ] GC(159)   Merge Heap Roots: 1.3ms
[2024-08-28T13:09:22.952+0000][info][gc,phases   ] GC(159)   Evacuate Collection Set: 24.4ms
[2024-08-28T13:09:22.952+0000][info][gc,phases   ] GC(159)   Post Evacuate Collection Set: 0.5ms
[2024-08-28T13:09:22.952+0000][info][gc,phases   ] GC(159)   Other: 0.2ms
[2024-08-28T13:09:22.952+0000][info][gc,heap     ] GC(159) Eden regions: 119->0(85)
[2024-08-28T13:09:22.952+0000][info][gc,heap     ] GC(159) Survivor regions: 14->17(17)
[2024-08-28T13:09:22.952+0000][info][gc,heap     ] GC(159) Old regions: 1447->1567
[2024-08-28T13:09:22.952+0000][info][gc,heap     ] GC(159) Archive regions: 2->2
[2024-08-28T13:09:22.952+0000][info][gc,heap     ] GC(159) Humongous regions: 5->5
[2024-08-28T13:09:22.952+0000][info][gc,metaspace] GC(159) Metaspace: 100K(320K)->100K(320K) NonClass: 96K(192K)->96K(192K) Class: 4K(128K)->4K(128K)
[2024-08-28T13:09:22.952+0000][info][gc          ] GC(159) Pause Young (Prepare Mixed) (G1 Evacuation Pause) 1585M->1589M(2048M) 26.838ms
[2024-08-28T13:09:22.952+0000][info][gc,cpu      ] GC(159) User=1.12s Sys=0.13s Real=0.03s
[2024-08-28T13:09:23.014+0000][info][gc,start    ] GC(160) Pause Young (Mixed) (G1 Evacuation Pause)
[2024-08-28T13:09:23.014+0000][info][gc,task     ] GC(160) Using 49 workers of 68 for evacuation
[2024-08-28T13:09:23.032+0000][info][gc,phases   ] GC(160)   Pre Evacuate Collection Set: 0.4ms
[2024-08-28T13:09:23.032+0000][info][gc,phases   ] GC(160)   Merge Heap Roots: 0.5ms
[2024-08-28T13:09:23.032+0000][info][gc,phases   ] GC(160)   Evacuate Collection Set: 16.1ms
[2024-08-28T13:09:23.032+0000][info][gc,phases   ] GC(160)   Post Evacuate Collection Set: 0.6ms
[2024-08-28T13:09:23.032+0000][info][gc,phases   ] GC(160)   Other: 0.2ms
[2024-08-28T13:09:23.032+0000][info][gc,heap     ] GC(160) Eden regions: 85->0(89)
[2024-08-28T13:09:23.032+0000][info][gc,heap     ] GC(160) Survivor regions: 17->13(13)
[2024-08-28T13:09:23.032+0000][info][gc,heap     ] GC(160) Old regions: 1567->1456
[2024-08-28T13:09:23.032+0000][info][gc,heap     ] GC(160) Archive regions: 2->2
[2024-08-28T13:09:23.032+0000][info][gc,heap     ] GC(160) Humongous regions: 5->5
[2024-08-28T13:09:23.032+0000][info][gc,metaspace] GC(160) Metaspace: 100K(320K)->100K(320K) NonClass: 96K(192K)->96K(192K) Class: 4K(128K)->4K(128K)
[2024-08-28T13:09:23.032+0000][info][gc          ] GC(160) Pause Young (Mixed) (G1 Evacuation Pause) 1674M->1474M(2048M) 18.025ms
[2024-08-28T13:09:23.032+0000][info][gc,cpu      ] GC(160) User=0.71s Sys=0.11s Real=0.02s
[2024-08-28T13:09:23.097+0000][info][gc,start    ] GC(161) Pause Young (Mixed) (G1 Evacuation Pause)
[2024-08-28T13:09:23.097+0000][info][gc,task     ] GC(161) Using 49 workers of 68 for evacuation
[2024-08-28T13:09:23.120+0000][info][gc,phases   ] GC(161)   Pre Evacuate Collection Set: 0.5ms
[2024-08-28T13:09:23.120+0000][info][gc,phases   ] GC(161)   Merge Heap Roots: 0.8ms
[2024-08-28T13:09:23.120+0000][info][gc,phases   ] GC(161)   Evacuate Collection Set: 20.7ms
[2024-08-28T13:09:23.120+0000][info][gc,phases   ] GC(161)   Post Evacuate Collection Set: 0.6ms
[2024-08-28T13:09:23.120+0000][info][gc,phases   ] GC(161)   Other: 0.3ms
[2024-08-28T13:09:23.120+0000][info][gc,heap     ] GC(161) Eden regions: 89->0(89)
[2024-08-28T13:09:23.120+0000][info][gc,heap     ] GC(161) Survivor regions: 13->13(13)
[2024-08-28T13:09:23.120+0000][info][gc,heap     ] GC(161) Old regions: 1456->1345
[2024-08-28T13:09:23.120+0000][info][gc,heap     ] GC(161) Archive regions: 2->2
[2024-08-28T13:09:23.120+0000][info][gc,heap     ] GC(161) Humongous regions: 5->5
[2024-08-28T13:09:23.120+0000][info][gc,metaspace] GC(161) Metaspace: 100K(320K)->100K(320K) NonClass: 96K(192K)->96K(192K) Class: 4K(128K)->4K(128K)
[2024-08-28T13:09:23.120+0000][info][gc          ] GC(161) Pause Young (Mixed) (G1 Evacuation Pause) 1563M->1363M(2048M) 22.880ms
[2024-08-28T13:09:23.120+0000][info][gc,cpu      ] GC(161) User=0.82s Sys=0.00s Real=0.03s
[2024-08-28T13:09:23.277+0000][info][gc,start    ] GC(162) Pause Young (Mixed) (G1 Evacuation Pause)
[2024-08-28T13:09:23.277+0000][info][gc,task     ] GC(162) Using 49 workers of 68 for evacuation
[2024-08-28T13:09:23.292+0000][info][gc,phases   ] GC(162)   Pre Evacuate Collection Set: 0.5ms
[2024-08-28T13:09:23.293+0000][info][gc,phases   ] GC(162)   Merge Heap Roots: 0.6ms
[2024-08-28T13:09:23.293+0000][info][gc,phases   ] GC(162)   Evacuate Collection Set: 13.5ms
[2024-08-28T13:09:23.293+0000][info][gc,phases   ] GC(162)   Post Evacuate Collection Set: 0.6ms
[2024-08-28T13:09:23.293+0000][info][gc,phases   ] GC(162)   Other: 0.3ms
[2024-08-28T13:09:23.293+0000][info][gc,heap     ] GC(162) Eden regions: 89->0(89)
[2024-08-28T13:09:23.293+0000][info][gc,heap     ] GC(162) Survivor regions: 13->13(13)
[2024-08-28T13:09:23.293+0000][info][gc,heap     ] GC(162) Old regions: 1345->1234
[2024-08-28T13:09:23.293+0000][info][gc,heap     ] GC(162) Archive regions: 2->2
[2024-08-28T13:09:23.293+0000][info][gc,heap     ] GC(162) Humongous regions: 5->5
[2024-08-28T13:09:23.293+0000][info][gc,metaspace] GC(162) Metaspace: 100K(320K)->100K(320K) NonClass: 96K(192K)->96K(192K) Class: 4K(128K)->4K(128K)
[2024-08-28T13:09:23.293+0000][info][gc          ] GC(162) Pause Young (Mixed) (G1 Evacuation Pause) 1452M->1252M(2048M) 15.470ms
[2024-08-28T13:09:23.293+0000][info][gc,cpu      ] GC(162) User=0.62s Sys=0.06s Real=0.02s
[2024-08-28T13:09:23.354+0000][info][gc,start    ] GC(163) Pause Young (Mixed) (G1 Evacuation Pause)
[2024-08-28T13:09:23.354+0000][info][gc,task     ] GC(163) Using 49 workers of 68 for evacuation
[2024-08-28T13:09:23.369+0000][info][gc,phases   ] GC(163)   Pre Evacuate Collection Set: 0.5ms
[2024-08-28T13:09:23.369+0000][info][gc,phases   ] GC(163)   Merge Heap Roots: 1.1ms
[2024-08-28T13:09:23.369+0000][info][gc,phases   ] GC(163)   Evacuate Collection Set: 12.6ms
[2024-08-28T13:09:23.369+0000][info][gc,phases   ] GC(163)   Post Evacuate Collection Set: 0.8ms
[2024-08-28T13:09:23.369+0000][info][gc,phases   ] GC(163)   Other: 0.3ms
[2024-08-28T13:09:23.369+0000][info][gc,heap     ] GC(163) Eden regions: 89->0(190)
[2024-08-28T13:09:23.369+0000][info][gc,heap     ] GC(163) Survivor regions: 13->13(13)
[2024-08-28T13:09:23.369+0000][info][gc,heap     ] GC(163) Old regions: 1234->1230
[2024-08-28T13:09:23.369+0000][info][gc,heap     ] GC(163) Archive regions: 2->2
[2024-08-28T13:09:23.369+0000][info][gc,heap     ] GC(163) Humongous regions: 5->5
[2024-08-28T13:09:23.369+0000][info][gc,metaspace] GC(163) Metaspace: 100K(320K)->100K(320K) NonClass: 96K(192K)->96K(192K) Class: 4K(128K)->4K(128K)
[2024-08-28T13:09:23.369+0000][info][gc          ] GC(163) Pause Young (Mixed) (G1 Evacuation Pause) 1341M->1248M(2048M) 15.263ms
[2024-08-28T13:09:23.369+0000][info][gc,cpu      ] GC(163) User=0.63s Sys=0.02s Real=0.02s
[2024-08-28T13:09:23.513+0000][info][gc,start    ] GC(164) Pause Young (Normal) (G1 Evacuation Pause)
[2024-08-28T13:09:23.513+0000][info][gc,task     ] GC(164) Using 49 workers of 68 for evacuation
[2024-08-28T13:09:23.544+0000][info][gc,phases   ] GC(164)   Pre Evacuate Collection Set: 0.4ms
[2024-08-28T13:09:23.545+0000][info][gc,phases   ] GC(164)   Merge Heap Roots: 1.1ms
[2024-08-28T13:09:23.545+0000][info][gc,phases   ] GC(164)   Evacuate Collection Set: 29.5ms
[2024-08-28T13:09:23.545+0000][info][gc,phases   ] GC(164)   Post Evacuate Collection Set: 0.6ms
[2024-08-28T13:09:23.545+0000][info][gc,phases   ] GC(164)   Other: 0.3ms
[2024-08-28T13:09:23.545+0000][info][gc,heap     ] GC(164) Eden regions: 190->0(129)
[2024-08-28T13:09:23.545+0000][info][gc,heap     ] GC(164) Survivor regions: 13->26(26)
[2024-08-28T13:09:23.545+0000][info][gc,heap     ] GC(164) Old regions: 1230->1406
[2024-08-28T13:09:23.545+0000][info][gc,heap     ] GC(164) Archive regions: 2->2
[2024-08-28T13:09:23.545+0000][info][gc,heap     ] GC(164) Humongous regions: 5->5
[2024-08-28T13:09:23.545+0000][info][gc,metaspace] GC(164) Metaspace: 100K(320K)->100K(320K) NonClass: 96K(192K)->96K(192K) Class: 4K(128K)->4K(128K)
[2024-08-28T13:09:23.545+0000][info][gc          ] GC(164) Pause Young (Normal) (G1 Evacuation Pause) 1438M->1437M(2048M) 31.972ms
[2024-08-28T13:09:23.545+0000][info][gc,cpu      ] GC(164) User=1.12s Sys=0.37s Real=0.03s
[2024-08-28T13:09:23.626+0000][info][gc,start    ] GC(165) Pause Young (Concurrent Start) (G1 Evacuation Pause)
[2024-08-28T13:09:23.626+0000][info][gc,task     ] GC(165) Using 49 workers of 68 for evacuation
[2024-08-28T13:09:23.648+0000][info][gc,phases   ] GC(165)   Pre Evacuate Collection Set: 0.3ms
[2024-08-28T13:09:23.648+0000][info][gc,phases   ] GC(165)   Merge Heap Roots: 0.6ms
[2024-08-28T13:09:23.648+0000][info][gc,phases   ] GC(165)   Evacuate Collection Set: 20.3ms
[2024-08-28T13:09:23.648+0000][info][gc,phases   ] GC(165)   Post Evacuate Collection Set: 0.6ms
[2024-08-28T13:09:23.648+0000][info][gc,phases   ] GC(165)   Other: 0.7ms
[2024-08-28T13:09:23.648+0000][info][gc,heap     ] GC(165) Eden regions: 129->0(85)
[2024-08-28T13:09:23.648+0000][info][gc,heap     ] GC(165) Survivor regions: 26->20(20)
[2024-08-28T13:09:23.648+0000][info][gc,heap     ] GC(165) Old regions: 1406->1547
[2024-08-28T13:09:23.648+0000][info][gc,heap     ] GC(165) Archive regions: 2->2
[2024-08-28T13:09:23.648+0000][info][gc,heap     ] GC(165) Humongous regions: 5->5
[2024-08-28T13:09:23.648+0000][info][gc,metaspace] GC(165) Metaspace: 100K(320K)->100K(320K) NonClass: 96K(192K)->96K(192K) Class: 4K(128K)->4K(128K)
[2024-08-28T13:09:23.648+0000][info][gc          ] GC(165) Pause Young (Concurrent Start) (G1 Evacuation Pause) 1566M->1572M(2048M) 22.523ms
[2024-08-28T13:09:23.648+0000][info][gc,cpu      ] GC(165) User=0.94s Sys=0.08s Real=0.02s
[2024-08-28T13:09:23.648+0000][info][gc          ] GC(166) Concurrent Mark Cycle
[2024-08-28T13:09:23.648+0000][info][gc,marking  ] GC(166) Concurrent Clear Claimed Marks
[2024-08-28T13:09:23.648+0000][info][gc,marking  ] GC(166) Concurrent Clear Claimed Marks 0.010ms
[2024-08-28T13:09:23.648+0000][info][gc,marking  ] GC(166) Concurrent Scan Root Regions
[2024-08-28T13:09:23.654+0000][info][gc,marking  ] GC(166) Concurrent Scan Root Regions 5.085ms
[2024-08-28T13:09:23.654+0000][info][gc,marking  ] GC(166) Concurrent Mark
[2024-08-28T13:09:23.654+0000][info][gc,marking  ] GC(166) Concurrent Mark From Roots
[2024-08-28T13:09:23.654+0000][info][gc,task     ] GC(166) Using 17 workers of 17 for marking
[2024-08-28T13:09:23.677+0000][info][gc,marking  ] GC(166) Concurrent Mark From Roots 23.389ms
[2024-08-28T13:09:23.677+0000][info][gc,marking  ] GC(166) Concurrent Preclean
[2024-08-28T13:09:23.678+0000][info][gc,marking  ] GC(166) Concurrent Preclean 0.522ms
[2024-08-28T13:09:23.678+0000][info][gc,start    ] GC(166) Pause Remark
[2024-08-28T13:09:23.680+0000][info][gc          ] GC(166) Pause Remark 1600M->1376M(2048M) 2.428ms
[2024-08-28T13:09:23.680+0000][info][gc,cpu      ] GC(166) User=0.02s Sys=0.00s Real=0.00s
[2024-08-28T13:09:23.680+0000][info][gc,marking  ] GC(166) Concurrent Mark 26.823ms
[2024-08-28T13:09:23.680+0000][info][gc,marking  ] GC(166) Concurrent Rebuild Remembered Sets
[2024-08-28T13:09:23.719+0000][info][gc,start    ] GC(167) Pause Young (Normal) (G1 Evacuation Pause)
[2024-08-28T13:09:23.719+0000][info][gc,task     ] GC(167) Using 49 workers of 68 for evacuation
[2024-08-28T13:09:23.736+0000][info][gc,phases   ] GC(167)   Pre Evacuate Collection Set: 0.3ms
[2024-08-28T13:09:23.736+0000][info][gc,phases   ] GC(167)   Merge Heap Roots: 0.9ms
[2024-08-28T13:09:23.736+0000][info][gc,phases   ] GC(167)   Evacuate Collection Set: 14.5ms
[2024-08-28T13:09:23.736+0000][info][gc,phases   ] GC(167)   Post Evacuate Collection Set: 0.9ms
[2024-08-28T13:09:23.736+0000][info][gc,phases   ] GC(167)   Other: 0.2ms
[2024-08-28T13:09:23.736+0000][info][gc,heap     ] GC(167) Eden regions: 85->0(128)
[2024-08-28T13:09:23.736+0000][info][gc,heap     ] GC(167) Survivor regions: 20->14(14)
[2024-08-28T13:09:23.736+0000][info][gc,heap     ] GC(167) Old regions: 1323->1421
[2024-08-28T13:09:23.736+0000][info][gc,heap     ] GC(167) Archive regions: 2->2
[2024-08-28T13:09:23.736+0000][info][gc,heap     ] GC(167) Humongous regions: 5->5
[2024-08-28T13:09:23.736+0000][info][gc,metaspace] GC(167) Metaspace: 100K(320K)->100K(320K) NonClass: 96K(192K)->96K(192K) Class: 4K(128K)->4K(128K)
[2024-08-28T13:09:23.736+0000][info][gc          ] GC(167) Pause Young (Normal) (G1 Evacuation Pause) 1433M->1440M(2048M) 16.862ms
[2024-08-28T13:09:23.736+0000][info][gc,cpu      ] GC(167) User=0.76s Sys=0.00s Real=0.01s
[2024-08-28T13:09:23.767+0000][info][gc,marking  ] GC(166) Concurrent Rebuild Remembered Sets 86.792ms
[2024-08-28T13:09:23.768+0000][info][gc,start    ] GC(166) Pause Cleanup
[2024-08-28T13:09:23.771+0000][info][gc          ] GC(166) Pause Cleanup 1484M->1484M(2048M) 3.657ms
[2024-08-28T13:09:23.771+0000][info][gc,cpu      ] GC(166) User=0.01s Sys=0.00s Real=0.01s
[2024-08-28T13:09:23.771+0000][info][gc,marking  ] GC(166) Concurrent Cleanup for Next Mark
[2024-08-28T13:09:23.774+0000][info][gc,marking  ] GC(166) Concurrent Cleanup for Next Mark 2.483ms
[2024-08-28T13:09:23.774+0000][info][gc          ] GC(166) Concurrent Mark Cycle 125.554ms
[2024-08-28T13:09:23.826+0000][info][gc,start    ] GC(168) Pause Young (Prepare Mixed) (G1 Evacuation Pause)
[2024-08-28T13:09:23.826+0000][info][gc,task     ] GC(168) Using 49 workers of 68 for evacuation
[2024-08-28T13:09:23.849+0000][info][gc,phases   ] GC(168)   Pre Evacuate Collection Set: 0.4ms
[2024-08-28T13:09:23.849+0000][info][gc,phases   ] GC(168)   Merge Heap Roots: 0.9ms
[2024-08-28T13:09:23.849+0000][info][gc,phases   ] GC(168)   Evacuate Collection Set: 21.2ms
[2024-08-28T13:09:23.849+0000][info][gc,phases   ] GC(168)   Post Evacuate Collection Set: 0.6ms
[2024-08-28T13:09:23.849+0000][info][gc,phases   ] GC(168)   Other: 0.3ms
[2024-08-28T13:09:23.849+0000][info][gc,heap     ] GC(168) Eden regions: 128->0(84)
[2024-08-28T13:09:23.849+0000][info][gc,heap     ] GC(168) Survivor regions: 14->18(18)
[2024-08-28T13:09:23.849+0000][info][gc,heap     ] GC(168) Old regions: 1421->1548
[2024-08-28T13:09:23.849+0000][info][gc,heap     ] GC(168) Archive regions: 2->2
[2024-08-28T13:09:23.849+0000][info][gc,heap     ] GC(168) Humongous regions: 5->5
[2024-08-28T13:09:23.849+0000][info][gc,metaspace] GC(168) Metaspace: 100K(320K)->100K(320K) NonClass: 96K(192K)->96K(192K) Class: 4K(128K)->4K(128K)
[2024-08-28T13:09:23.849+0000][info][gc          ] GC(168) Pause Young (Prepare Mixed) (G1 Evacuation Pause) 1568M->1571M(2048M) 23.342ms
[2024-08-28T13:09:23.849+0000][info][gc,cpu      ] GC(168) User=1.04s Sys=0.04s Real=0.02s
[2024-08-28T13:09:23.903+0000][info][gc,start    ] GC(169) Pause Young (Mixed) (G1 Evacuation Pause)
[2024-08-28T13:09:23.903+0000][info][gc,task     ] GC(169) Using 49 workers of 68 for evacuation
[2024-08-28T13:09:23.919+0000][info][gc,phases   ] GC(169)   Pre Evacuate Collection Set: 0.4ms
[2024-08-28T13:09:23.919+0000][info][gc,phases   ] GC(169)   Merge Heap Roots: 0.5ms
[2024-08-28T13:09:23.919+0000][info][gc,phases   ] GC(169)   Evacuate Collection Set: 13.7ms
[2024-08-28T13:09:23.919+0000][info][gc,phases   ] GC(169)   Post Evacuate Collection Set: 0.6ms
[2024-08-28T13:09:23.919+0000][info][gc,phases   ] GC(169)   Other: 0.2ms
[2024-08-28T13:09:23.919+0000][info][gc,heap     ] GC(169) Eden regions: 84->0(89)
[2024-08-28T13:09:23.919+0000][info][gc,heap     ] GC(169) Survivor regions: 18->13(13)
[2024-08-28T13:09:23.919+0000][info][gc,heap     ] GC(169) Old regions: 1548->1439
[2024-08-28T13:09:23.919+0000][info][gc,heap     ] GC(169) Archive regions: 2->2
[2024-08-28T13:09:23.919+0000][info][gc,heap     ] GC(169) Humongous regions: 5->5
[2024-08-28T13:09:23.919+0000][info][gc,metaspace] GC(169) Metaspace: 100K(320K)->100K(320K) NonClass: 96K(192K)->96K(192K) Class: 4K(128K)->4K(128K)
[2024-08-28T13:09:23.919+0000][info][gc          ] GC(169) Pause Young (Mixed) (G1 Evacuation Pause) 1655M->1457M(2048M) 15.543ms
[2024-08-28T13:09:23.919+0000][info][gc,cpu      ] GC(169) User=0.69s Sys=0.00s Real=0.02s
[2024-08-28T13:09:23.976+0000][info][gc,start    ] GC(170) Pause Young (Mixed) (G1 Evacuation Pause)
[2024-08-28T13:09:23.976+0000][info][gc,task     ] GC(170) Using 49 workers of 68 for evacuation
[2024-08-28T13:09:23.991+0000][info][gc,phases   ] GC(170)   Pre Evacuate Collection Set: 0.4ms
[2024-08-28T13:09:23.991+0000][info][gc,phases   ] GC(170)   Merge Heap Roots: 0.5ms
[2024-08-28T13:09:23.991+0000][info][gc,phases   ] GC(170)   Evacuate Collection Set: 12.9ms
[2024-08-28T13:09:23.991+0000][info][gc,phases   ] GC(170)   Post Evacuate Collection Set: 0.7ms
[2024-08-28T13:09:23.991+0000][info][gc,phases   ] GC(170)   Other: 0.2ms
[2024-08-28T13:09:23.991+0000][info][gc,heap     ] GC(170) Eden regions: 89->0(89)
[2024-08-28T13:09:23.991+0000][info][gc,heap     ] GC(170) Survivor regions: 13->13(13)
[2024-08-28T13:09:23.991+0000][info][gc,heap     ] GC(170) Old regions: 1439->1327
[2024-08-28T13:09:23.991+0000][info][gc,heap     ] GC(170) Archive regions: 2->2
[2024-08-28T13:09:23.991+0000][info][gc,heap     ] GC(170) Humongous regions: 5->5
[2024-08-28T13:09:23.991+0000][info][gc,metaspace] GC(170) Metaspace: 100K(320K)->100K(320K) NonClass: 96K(192K)->96K(192K) Class: 4K(128K)->4K(128K)
[2024-08-28T13:09:23.991+0000][info][gc          ] GC(170) Pause Young (Mixed) (G1 Evacuation Pause) 1546M->1345M(2048M) 14.810ms
[2024-08-28T13:09:23.991+0000][info][gc,cpu      ] GC(170) User=0.65s Sys=0.00s Real=0.02s
[2024-08-28T13:09:24.049+0000][info][gc,start    ] GC(171) Pause Young (Mixed) (G1 Evacuation Pause)
[2024-08-28T13:09:24.049+0000][info][gc,task     ] GC(171) Using 49 workers of 68 for evacuation
[2024-08-28T13:09:24.064+0000][info][gc,phases   ] GC(171)   Pre Evacuate Collection Set: 0.4ms
[2024-08-28T13:09:24.064+0000][info][gc,phases   ] GC(171)   Merge Heap Roots: 0.6ms
[2024-08-28T13:09:24.064+0000][info][gc,phases   ] GC(171)   Evacuate Collection Set: 13.4ms
[2024-08-28T13:09:24.064+0000][info][gc,phases   ] GC(171)   Post Evacuate Collection Set: 0.7ms
[2024-08-28T13:09:24.064+0000][info][gc,phases   ] GC(171)   Other: 0.2ms
[2024-08-28T13:09:24.064+0000][info][gc,heap     ] GC(171) Eden regions: 89->0(89)
[2024-08-28T13:09:24.064+0000][info][gc,heap     ] GC(171) Survivor regions: 13->13(13)
[2024-08-28T13:09:24.064+0000][info][gc,heap     ] GC(171) Old regions: 1327->1215
[2024-08-28T13:09:24.064+0000][info][gc,heap     ] GC(171) Archive regions: 2->2
[2024-08-28T13:09:24.064+0000][info][gc,heap     ] GC(171) Humongous regions: 5->5
[2024-08-28T13:09:24.064+0000][info][gc,metaspace] GC(171) Metaspace: 100K(320K)->100K(320K) NonClass: 96K(192K)->96K(192K) Class: 4K(128K)->4K(128K)
[2024-08-28T13:09:24.064+0000][info][gc          ] GC(171) Pause Young (Mixed) (G1 Evacuation Pause) 1434M->1233M(2048M) 15.342ms
[2024-08-28T13:09:24.064+0000][info][gc,cpu      ] GC(171) User=0.68s Sys=0.00s Real=0.02s
[2024-08-28T13:09:24.122+0000][info][gc,start    ] GC(172) Pause Young (Mixed) (G1 Evacuation Pause)
[2024-08-28T13:09:24.122+0000][info][gc,task     ] GC(172) Using 49 workers of 68 for evacuation
[2024-08-28T13:09:24.137+0000][info][gc,phases   ] GC(172)   Pre Evacuate Collection Set: 0.4ms
[2024-08-28T13:09:24.137+0000][info][gc,phases   ] GC(172)   Merge Heap Roots: 0.5ms
[2024-08-28T13:09:24.137+0000][info][gc,phases   ] GC(172)   Evacuate Collection Set: 12.9ms
[2024-08-28T13:09:24.137+0000][info][gc,phases   ] GC(172)   Post Evacuate Collection Set: 0.6ms
[2024-08-28T13:09:24.137+0000][info][gc,phases   ] GC(172)   Other: 0.3ms
[2024-08-28T13:09:24.137+0000][info][gc,heap     ] GC(172) Eden regions: 89->0(189)
[2024-08-28T13:09:24.137+0000][info][gc,heap     ] GC(172) Survivor regions: 13->13(13)
[2024-08-28T13:09:24.137+0000][info][gc,heap     ] GC(172) Old regions: 1215->1234
[2024-08-28T13:09:24.137+0000][info][gc,heap     ] GC(172) Archive regions: 2->2
[2024-08-28T13:09:24.137+0000][info][gc,heap     ] GC(172) Humongous regions: 5->5
[2024-08-28T13:09:24.137+0000][info][gc,metaspace] GC(172) Metaspace: 100K(320K)->100K(320K) NonClass: 96K(192K)->96K(192K) Class: 4K(128K)->4K(128K)
[2024-08-28T13:09:24.137+0000][info][gc          ] GC(172) Pause Young (Mixed) (G1 Evacuation Pause) 1322M->1252M(2048M) 14.644ms
[2024-08-28T13:09:24.137+0000][info][gc,cpu      ] GC(172) User=0.65s Sys=0.00s Real=0.01s
[2024-08-28T13:09:24.254+0000][info][gc,start    ] GC(173) Pause Young (Normal) (G1 Evacuation Pause)
[2024-08-28T13:09:24.254+0000][info][gc,task     ] GC(173) Using 49 workers of 68 for evacuation
[2024-08-28T13:09:24.278+0000][info][gc,phases   ] GC(173)   Pre Evacuate Collection Set: 0.3ms
[2024-08-28T13:09:24.278+0000][info][gc,phases   ] GC(173)   Merge Heap Roots: 0.7ms
[2024-08-28T13:09:24.278+0000][info][gc,phases   ] GC(173)   Evacuate Collection Set: 22.0ms
[2024-08-28T13:09:24.278+0000][info][gc,phases   ] GC(173)   Post Evacuate Collection Set: 0.6ms
[2024-08-28T13:09:24.278+0000][info][gc,phases   ] GC(173)   Other: 0.2ms
[2024-08-28T13:09:24.278+0000][info][gc,heap     ] GC(173) Eden regions: 189->0(128)
[2024-08-28T13:09:24.278+0000][info][gc,heap     ] GC(173) Survivor regions: 13->26(26)
[2024-08-28T13:09:24.278+0000][info][gc,heap     ] GC(173) Old regions: 1234->1409
[2024-08-28T13:09:24.278+0000][info][gc,heap     ] GC(173) Archive regions: 2->2
[2024-08-28T13:09:24.278+0000][info][gc,heap     ] GC(173) Humongous regions: 5->5
[2024-08-28T13:09:24.278+0000][info][gc,metaspace] GC(173) Metaspace: 100K(320K)->100K(320K) NonClass: 96K(192K)->96K(192K) Class: 4K(128K)->4K(128K)
[2024-08-28T13:09:24.278+0000][info][gc          ] GC(173) Pause Young (Normal) (G1 Evacuation Pause) 1441M->1440M(2048M) 23.919ms
[2024-08-28T13:09:24.278+0000][info][gc,cpu      ] GC(173) User=1.06s Sys=0.02s Real=0.03s
[2024-08-28T13:09:24.359+0000][info][gc,start    ] GC(174) Pause Young (Concurrent Start) (G1 Evacuation Pause)
[2024-08-28T13:09:24.359+0000][info][gc,task     ] GC(174) Using 49 workers of 68 for evacuation
[2024-08-28T13:09:24.381+0000][info][gc,phases   ] GC(174)   Pre Evacuate Collection Set: 0.3ms
[2024-08-28T13:09:24.381+0000][info][gc,phases   ] GC(174)   Merge Heap Roots: 1.0ms
[2024-08-28T13:09:24.381+0000][info][gc,phases   ] GC(174)   Evacuate Collection Set: 19.6ms
[2024-08-28T13:09:24.381+0000][info][gc,phases   ] GC(174)   Post Evacuate Collection Set: 0.6ms
[2024-08-28T13:09:24.381+0000][info][gc,phases   ] GC(174)   Other: 0.8ms
[2024-08-28T13:09:24.381+0000][info][gc,heap     ] GC(174) Eden regions: 128->0(84)
[2024-08-28T13:09:24.381+0000][info][gc,heap     ] GC(174) Survivor regions: 26->20(20)
[2024-08-28T13:09:24.381+0000][info][gc,heap     ] GC(174) Old regions: 1409->1549
[2024-08-28T13:09:24.381+0000][info][gc,heap     ] GC(174) Archive regions: 2->2
[2024-08-28T13:09:24.381+0000][info][gc,heap     ] GC(174) Humongous regions: 5->5
[2024-08-28T13:09:24.381+0000][info][gc,metaspace] GC(174) Metaspace: 100K(320K)->100K(320K) NonClass: 96K(192K)->96K(192K) Class: 4K(128K)->4K(128K)
[2024-08-28T13:09:24.381+0000][info][gc          ] GC(174) Pause Young (Concurrent Start) (G1 Evacuation Pause) 1568M->1574M(2048M) 22.258ms
[2024-08-28T13:09:24.381+0000][info][gc,cpu      ] GC(174) User=0.98s Sys=0.02s Real=0.02s
[2024-08-28T13:09:24.381+0000][info][gc          ] GC(175) Concurrent Mark Cycle
[2024-08-28T13:09:24.381+0000][info][gc,marking  ] GC(175) Concurrent Clear Claimed Marks
[2024-08-28T13:09:24.381+0000][info][gc,marking  ] GC(175) Concurrent Clear Claimed Marks 0.010ms
[2024-08-28T13:09:24.381+0000][info][gc,marking  ] GC(175) Concurrent Scan Root Regions
[2024-08-28T13:09:24.386+0000][info][gc,marking  ] GC(175) Concurrent Scan Root Regions 4.517ms
[2024-08-28T13:09:24.386+0000][info][gc,marking  ] GC(175) Concurrent Mark
[2024-08-28T13:09:24.386+0000][info][gc,marking  ] GC(175) Concurrent Mark From Roots
[2024-08-28T13:09:24.386+0000][info][gc,task     ] GC(175) Using 17 workers of 17 for marking
[2024-08-28T13:09:24.408+0000][info][gc,marking  ] GC(175) Concurrent Mark From Roots 22.460ms
[2024-08-28T13:09:24.408+0000][info][gc,marking  ] GC(175) Concurrent Preclean
[2024-08-28T13:09:24.409+0000][info][gc,marking  ] GC(175) Concurrent Preclean 0.777ms
[2024-08-28T13:09:24.409+0000][info][gc,start    ] GC(175) Pause Remark
[2024-08-28T13:09:24.412+0000][info][gc          ] GC(175) Pause Remark 1602M->1389M(2048M) 2.128ms
[2024-08-28T13:09:24.412+0000][info][gc,cpu      ] GC(175) User=0.02s Sys=0.00s Real=0.01s
[2024-08-28T13:09:24.412+0000][info][gc,marking  ] GC(175) Concurrent Mark 25.854ms
[2024-08-28T13:09:24.412+0000][info][gc,marking  ] GC(175) Concurrent Rebuild Remembered Sets
[2024-08-28T13:09:24.452+0000][info][gc,start    ] GC(176) Pause Young (Normal) (G1 Evacuation Pause)
[2024-08-28T13:09:24.452+0000][info][gc,task     ] GC(176) Using 49 workers of 68 for evacuation
[2024-08-28T13:09:24.468+0000][info][gc,phases   ] GC(176)   Pre Evacuate Collection Set: 0.3ms
[2024-08-28T13:09:24.468+0000][info][gc,phases   ] GC(176)   Merge Heap Roots: 0.4ms
[2024-08-28T13:09:24.468+0000][info][gc,phases   ] GC(176)   Evacuate Collection Set: 14.6ms
[2024-08-28T13:09:24.468+0000][info][gc,phases   ] GC(176)   Post Evacuate Collection Set: 0.9ms
[2024-08-28T13:09:24.468+0000][info][gc,phases   ] GC(176)   Other: 0.2ms
[2024-08-28T13:09:24.468+0000][info][gc,heap     ] GC(176) Eden regions: 84->0(124)
[2024-08-28T13:09:24.468+0000][info][gc,heap     ] GC(176) Survivor regions: 20->13(13)
[2024-08-28T13:09:24.468+0000][info][gc,heap     ] GC(176) Old regions: 1336->1435
[2024-08-28T13:09:24.468+0000][info][gc,heap     ] GC(176) Archive regions: 2->2
[2024-08-28T13:09:24.468+0000][info][gc,heap     ] GC(176) Humongous regions: 5->5
[2024-08-28T13:09:24.468+0000][info][gc,metaspace] GC(176) Metaspace: 100K(320K)->100K(320K) NonClass: 96K(192K)->96K(192K) Class: 4K(128K)->4K(128K)
[2024-08-28T13:09:24.468+0000][info][gc          ] GC(176) Pause Young (Normal) (G1 Evacuation Pause) 1445M->1453M(2048M) 16.474ms
[2024-08-28T13:09:24.468+0000][info][gc,cpu      ] GC(176) User=0.75s Sys=0.00s Real=0.01s
[2024-08-28T13:09:24.500+0000][info][gc,marking  ] GC(175) Concurrent Rebuild Remembered Sets 88.625ms
[2024-08-28T13:09:24.501+0000][info][gc,start    ] GC(175) Pause Cleanup
[2024-08-28T13:09:24.504+0000][info][gc          ] GC(175) Pause Cleanup 1497M->1497M(2048M) 3.410ms
[2024-08-28T13:09:24.504+0000][info][gc,cpu      ] GC(175) User=0.01s Sys=0.00s Real=0.00s
[2024-08-28T13:09:24.504+0000][info][gc,marking  ] GC(175) Concurrent Cleanup for Next Mark
[2024-08-28T13:09:24.506+0000][info][gc,marking  ] GC(175) Concurrent Cleanup for Next Mark 2.395ms
[2024-08-28T13:09:24.507+0000][info][gc          ] GC(175) Concurrent Mark Cycle 125.427ms
[2024-08-28T13:09:24.555+0000][info][gc,start    ] GC(177) Pause Young (Prepare Mixed) (G1 Evacuation Pause)
[2024-08-28T13:09:24.555+0000][info][gc,task     ] GC(177) Using 49 workers of 68 for evacuation
[2024-08-28T13:09:24.578+0000][info][gc,phases   ] GC(177)   Pre Evacuate Collection Set: 0.3ms
[2024-08-28T13:09:24.578+0000][info][gc,phases   ] GC(177)   Merge Heap Roots: 0.9ms
[2024-08-28T13:09:24.578+0000][info][gc,phases   ] GC(177)   Evacuate Collection Set: 21.0ms
[2024-08-28T13:09:24.578+0000][info][gc,phases   ] GC(177)   Post Evacuate Collection Set: 0.6ms
[2024-08-28T13:09:24.578+0000][info][gc,phases   ] GC(177)   Other: 0.3ms
[2024-08-28T13:09:24.578+0000][info][gc,heap     ] GC(177) Eden regions: 124->0(84)
[2024-08-28T13:09:24.578+0000][info][gc,heap     ] GC(177) Survivor regions: 13->18(18)
[2024-08-28T13:09:24.578+0000][info][gc,heap     ] GC(177) Old regions: 1435->1556
[2024-08-28T13:09:24.578+0000][info][gc,heap     ] GC(177) Archive regions: 2->2
[2024-08-28T13:09:24.578+0000][info][gc,heap     ] GC(177) Humongous regions: 5->5
[2024-08-28T13:09:24.578+0000][info][gc,metaspace] GC(177) Metaspace: 100K(320K)->100K(320K) NonClass: 96K(192K)->96K(192K) Class: 4K(128K)->4K(128K)
[2024-08-28T13:09:24.578+0000][info][gc          ] GC(177) Pause Young (Prepare Mixed) (G1 Evacuation Pause) 1577M->1579M(2048M) 23.067ms
[2024-08-28T13:09:24.578+0000][info][gc,cpu      ] GC(177) User=1.05s Sys=0.01s Real=0.03s
[2024-08-28T13:09:24.634+0000][info][gc,start    ] GC(178) Pause Young (Mixed) (G1 Evacuation Pause)
[2024-08-28T13:09:24.634+0000][info][gc,task     ] GC(178) Using 49 workers of 68 for evacuation
[2024-08-28T13:09:24.651+0000][info][gc,phases   ] GC(178)   Pre Evacuate Collection Set: 0.4ms
[2024-08-28T13:09:24.651+0000][info][gc,phases   ] GC(178)   Merge Heap Roots: 0.8ms
[2024-08-28T13:09:24.651+0000][info][gc,phases   ] GC(178)   Evacuate Collection Set: 14.7ms
[2024-08-28T13:09:24.651+0000][info][gc,phases   ] GC(178)   Post Evacuate Collection Set: 1.2ms
[2024-08-28T13:09:24.651+0000][info][gc,phases   ] GC(178)   Other: 0.3ms
[2024-08-28T13:09:24.651+0000][info][gc,heap     ] GC(178) Eden regions: 84->0(89)
[2024-08-28T13:09:24.651+0000][info][gc,heap     ] GC(178) Survivor regions: 18->13(13)
[2024-08-28T13:09:24.651+0000][info][gc,heap     ] GC(178) Old regions: 1556->1446
[2024-08-28T13:09:24.651+0000][info][gc,heap     ] GC(178) Archive regions: 2->2
[2024-08-28T13:09:24.651+0000][info][gc,heap     ] GC(178) Humongous regions: 5->5
[2024-08-28T13:09:24.651+0000][info][gc,metaspace] GC(178) Metaspace: 100K(320K)->100K(320K) NonClass: 96K(192K)->96K(192K) Class: 4K(128K)->4K(128K)
[2024-08-28T13:09:24.651+0000][info][gc          ] GC(178) Pause Young (Mixed) (G1 Evacuation Pause) 1663M->1464M(2048M) 17.437ms
[2024-08-28T13:09:24.651+0000][info][gc,cpu      ] GC(178) User=0.64s Sys=0.12s Real=0.02s
[2024-08-28T13:09:24.710+0000][info][gc,start    ] GC(179) Pause Young (Mixed) (G1 Evacuation Pause)
[2024-08-28T13:09:24.710+0000][info][gc,task     ] GC(179) Using 49 workers of 68 for evacuation
[2024-08-28T13:09:24.724+0000][info][gc,phases   ] GC(179)   Pre Evacuate Collection Set: 0.5ms
[2024-08-28T13:09:24.724+0000][info][gc,phases   ] GC(179)   Merge Heap Roots: 0.6ms
[2024-08-28T13:09:24.724+0000][info][gc,phases   ] GC(179)   Evacuate Collection Set: 12.8ms
[2024-08-28T13:09:24.724+0000][info][gc,phases   ] GC(179)   Post Evacuate Collection Set: 0.8ms
[2024-08-28T13:09:24.724+0000][info][gc,phases   ] GC(179)   Other: 0.2ms
[2024-08-28T13:09:24.724+0000][info][gc,heap     ] GC(179) Eden regions: 89->0(89)
[2024-08-28T13:09:24.724+0000][info][gc,heap     ] GC(179) Survivor regions: 13->13(13)
[2024-08-28T13:09:24.724+0000][info][gc,heap     ] GC(179) Old regions: 1446->1335
[2024-08-28T13:09:24.724+0000][info][gc,heap     ] GC(179) Archive regions: 2->2
[2024-08-28T13:09:24.725+0000][info][gc,heap     ] GC(179) Humongous regions: 5->5
[2024-08-28T13:09:24.725+0000][info][gc,metaspace] GC(179) Metaspace: 100K(320K)->100K(320K) NonClass: 96K(192K)->96K(192K) Class: 4K(128K)->4K(128K)
[2024-08-28T13:09:24.725+0000][info][gc          ] GC(179) Pause Young (Mixed) (G1 Evacuation Pause) 1553M->1353M(2048M) 14.912ms
[2024-08-28T13:09:24.725+0000][info][gc,cpu      ] GC(179) User=0.63s Sys=0.03s Real=0.01s
[2024-08-28T13:09:24.783+0000][info][gc,start    ] GC(180) Pause Young (Mixed) (G1 Evacuation Pause)
[2024-08-28T13:09:24.783+0000][info][gc,task     ] GC(180) Using 49 workers of 68 for evacuation
[2024-08-28T13:09:24.798+0000][info][gc,phases   ] GC(180)   Pre Evacuate Collection Set: 0.4ms
[2024-08-28T13:09:24.798+0000][info][gc,phases   ] GC(180)   Merge Heap Roots: 0.8ms
[2024-08-28T13:09:24.798+0000][info][gc,phases   ] GC(180)   Evacuate Collection Set: 12.8ms
[2024-08-28T13:09:24.798+0000][info][gc,phases   ] GC(180)   Post Evacuate Collection Set: 0.7ms
[2024-08-28T13:09:24.798+0000][info][gc,phases   ] GC(180)   Other: 0.2ms
[2024-08-28T13:09:24.798+0000][info][gc,heap     ] GC(180) Eden regions: 89->0(89)
[2024-08-28T13:09:24.798+0000][info][gc,heap     ] GC(180) Survivor regions: 13->13(13)
[2024-08-28T13:09:24.798+0000][info][gc,heap     ] GC(180) Old regions: 1335->1223
[2024-08-28T13:09:24.798+0000][info][gc,heap     ] GC(180) Archive regions: 2->2
[2024-08-28T13:09:24.798+0000][info][gc,heap     ] GC(180) Humongous regions: 5->5
[2024-08-28T13:09:24.798+0000][info][gc,metaspace] GC(180) Metaspace: 100K(320K)->100K(320K) NonClass: 96K(192K)->96K(192K) Class: 4K(128K)->4K(128K)
[2024-08-28T13:09:24.798+0000][info][gc          ] GC(180) Pause Young (Mixed) (G1 Evacuation Pause) 1442M->1241M(2048M) 15.064ms
[2024-08-28T13:09:24.798+0000][info][gc,cpu      ] GC(180) User=0.65s Sys=0.01s Real=0.02s
[2024-08-28T13:09:24.855+0000][info][gc,start    ] GC(181) Pause Young (Mixed) (G1 Evacuation Pause)
[2024-08-28T13:09:24.855+0000][info][gc,task     ] GC(181) Using 49 workers of 68 for evacuation
[2024-08-28T13:09:24.870+0000][info][gc,phases   ] GC(181)   Pre Evacuate Collection Set: 0.3ms
[2024-08-28T13:09:24.870+0000][info][gc,phases   ] GC(181)   Merge Heap Roots: 0.5ms
[2024-08-28T13:09:24.870+0000][info][gc,phases   ] GC(181)   Evacuate Collection Set: 13.1ms
[2024-08-28T13:09:24.870+0000][info][gc,phases   ] GC(181)   Post Evacuate Collection Set: 0.6ms
[2024-08-28T13:09:24.870+0000][info][gc,phases   ] GC(181)   Other: 0.2ms
[2024-08-28T13:09:24.870+0000][info][gc,heap     ] GC(181) Eden regions: 89->0(190)
[2024-08-28T13:09:24.870+0000][info][gc,heap     ] GC(181) Survivor regions: 13->13(13)
[2024-08-28T13:09:24.870+0000][info][gc,heap     ] GC(181) Old regions: 1223->1229
[2024-08-28T13:09:24.870+0000][info][gc,heap     ] GC(181) Archive regions: 2->2
[2024-08-28T13:09:24.870+0000][info][gc,heap     ] GC(181) Humongous regions: 5->5
[2024-08-28T13:09:24.870+0000][info][gc,metaspace] GC(181) Metaspace: 100K(320K)->100K(320K) NonClass: 96K(192K)->96K(192K) Class: 4K(128K)->4K(128K)
[2024-08-28T13:09:24.870+0000][info][gc          ] GC(181) Pause Young (Mixed) (G1 Evacuation Pause) 1330M->1247M(2048M) 14.897ms
[2024-08-28T13:09:24.870+0000][info][gc,cpu      ] GC(181) User=0.64s Sys=0.01s Real=0.02s
[2024-08-28T13:09:24.990+0000][info][gc,start    ] GC(182) Pause Young (Normal) (G1 Evacuation Pause)
[2024-08-28T13:09:24.990+0000][info][gc,task     ] GC(182) Using 49 workers of 68 for evacuation
[2024-08-28T13:09:25.015+0000][info][gc,phases   ] GC(182)   Pre Evacuate Collection Set: 0.3ms
[2024-08-28T13:09:25.015+0000][info][gc,phases   ] GC(182)   Merge Heap Roots: 0.7ms
[2024-08-28T13:09:25.015+0000][info][gc,phases   ] GC(182)   Evacuate Collection Set: 22.6ms
[2024-08-28T13:09:25.015+0000][info][gc,phases   ] GC(182)   Post Evacuate Collection Set: 0.6ms
[2024-08-28T13:09:25.015+0000][info][gc,phases   ] GC(182)   Other: 0.2ms
[2024-08-28T13:09:25.015+0000][info][gc,heap     ] GC(182) Eden regions: 190->0(129)
[2024-08-28T13:09:25.015+0000][info][gc,heap     ] GC(182) Survivor regions: 13->26(26)
[2024-08-28T13:09:25.015+0000][info][gc,heap     ] GC(182) Old regions: 1229->1404
[2024-08-28T13:09:25.015+0000][info][gc,heap     ] GC(182) Archive regions: 2->2
[2024-08-28T13:09:25.015+0000][info][gc,heap     ] GC(182) Humongous regions: 5->5
[2024-08-28T13:09:25.015+0000][info][gc,metaspace] GC(182) Metaspace: 100K(320K)->100K(320K) NonClass: 96K(192K)->96K(192K) Class: 4K(128K)->4K(128K)
[2024-08-28T13:09:25.015+0000][info][gc          ] GC(182) Pause Young (Normal) (G1 Evacuation Pause) 1437M->1435M(2048M) 24.510ms
[2024-08-28T13:09:25.015+0000][info][gc,cpu      ] GC(182) User=1.10s Sys=0.00s Real=0.02s
[2024-08-28T13:09:25.095+0000][info][gc,start    ] GC(183) Pause Young (Concurrent Start) (G1 Evacuation Pause)
[2024-08-28T13:09:25.095+0000][info][gc,task     ] GC(183) Using 49 workers of 68 for evacuation
[2024-08-28T13:09:25.116+0000][info][gc,phases   ] GC(183)   Pre Evacuate Collection Set: 0.3ms
[2024-08-28T13:09:25.116+0000][info][gc,phases   ] GC(183)   Merge Heap Roots: 0.6ms
[2024-08-28T13:09:25.116+0000][info][gc,phases   ] GC(183)   Evacuate Collection Set: 19.3ms
[2024-08-28T13:09:25.116+0000][info][gc,phases   ] GC(183)   Post Evacuate Collection Set: 0.5ms
[2024-08-28T13:09:25.116+0000][info][gc,phases   ] GC(183)   Other: 1.0ms
[2024-08-28T13:09:25.116+0000][info][gc,heap     ] GC(183) Eden regions: 129->0(86)
[2024-08-28T13:09:25.116+0000][info][gc,heap     ] GC(183) Survivor regions: 26->20(20)
[2024-08-28T13:09:25.116+0000][info][gc,heap     ] GC(183) Old regions: 1404->1544
[2024-08-28T13:09:25.116+0000][info][gc,heap     ] GC(183) Archive regions: 2->2
[2024-08-28T13:09:25.116+0000][info][gc,heap     ] GC(183) Humongous regions: 5->5
[2024-08-28T13:09:25.116+0000][info][gc,metaspace] GC(183) Metaspace: 100K(320K)->100K(320K) NonClass: 96K(192K)->96K(192K) Class: 4K(128K)->4K(128K)
[2024-08-28T13:09:25.116+0000][info][gc          ] GC(183) Pause Young (Concurrent Start) (G1 Evacuation Pause) 1564M->1569M(2048M) 21.818ms
[2024-08-28T13:09:25.116+0000][info][gc,cpu      ] GC(183) User=0.96s Sys=0.01s Real=0.02s
[2024-08-28T13:09:25.116+0000][info][gc          ] GC(184) Concurrent Mark Cycle
[2024-08-28T13:09:25.117+0000][info][gc,marking  ] GC(184) Concurrent Clear Claimed Marks
[2024-08-28T13:09:25.117+0000][info][gc,marking  ] GC(184) Concurrent Clear Claimed Marks 0.010ms
[2024-08-28T13:09:25.117+0000][info][gc,marking  ] GC(184) Concurrent Scan Root Regions
[2024-08-28T13:09:25.121+0000][info][gc,marking  ] GC(184) Concurrent Scan Root Regions 4.363ms
[2024-08-28T13:09:25.121+0000][info][gc,marking  ] GC(184) Concurrent Mark
[2024-08-28T13:09:25.121+0000][info][gc,marking  ] GC(184) Concurrent Mark From Roots
[2024-08-28T13:09:25.121+0000][info][gc,task     ] GC(184) Using 17 workers of 17 for marking
[2024-08-28T13:09:25.143+0000][info][gc,marking  ] GC(184) Concurrent Mark From Roots 22.286ms
[2024-08-28T13:09:25.143+0000][info][gc,marking  ] GC(184) Concurrent Preclean
[2024-08-28T13:09:25.144+0000][info][gc,marking  ] GC(184) Concurrent Preclean 1.112ms
[2024-08-28T13:09:25.145+0000][info][gc,start    ] GC(184) Pause Remark
[2024-08-28T13:09:25.147+0000][info][gc          ] GC(184) Pause Remark 1598M->1374M(2048M) 2.560ms
[2024-08-28T13:09:25.147+0000][info][gc,cpu      ] GC(184) User=0.00s Sys=0.03s Real=0.00s
[2024-08-28T13:09:25.147+0000][info][gc,marking  ] GC(184) Concurrent Mark 26.552ms
[2024-08-28T13:09:25.148+0000][info][gc,marking  ] GC(184) Concurrent Rebuild Remembered Sets
[2024-08-28T13:09:25.189+0000][info][gc,start    ] GC(185) Pause Young (Normal) (G1 Evacuation Pause)
[2024-08-28T13:09:25.189+0000][info][gc,task     ] GC(185) Using 49 workers of 68 for evacuation
[2024-08-28T13:09:25.206+0000][info][gc,phases   ] GC(185)   Pre Evacuate Collection Set: 0.3ms
[2024-08-28T13:09:25.206+0000][info][gc,phases   ] GC(185)   Merge Heap Roots: 0.5ms
[2024-08-28T13:09:25.206+0000][info][gc,phases   ] GC(185)   Evacuate Collection Set: 15.3ms
[2024-08-28T13:09:25.206+0000][info][gc,phases   ] GC(185)   Post Evacuate Collection Set: 0.8ms
[2024-08-28T13:09:25.206+0000][info][gc,phases   ] GC(185)   Other: 0.2ms
[2024-08-28T13:09:25.206+0000][info][gc,heap     ] GC(185) Eden regions: 86->0(128)
[2024-08-28T13:09:25.206+0000][info][gc,heap     ] GC(185) Survivor regions: 20->14(14)
[2024-08-28T13:09:25.206+0000][info][gc,heap     ] GC(185) Old regions: 1320->1421
[2024-08-28T13:09:25.206+0000][info][gc,heap     ] GC(185) Archive regions: 2->2
[2024-08-28T13:09:25.206+0000][info][gc,heap     ] GC(185) Humongous regions: 5->5
[2024-08-28T13:09:25.206+0000][info][gc,metaspace] GC(185) Metaspace: 100K(320K)->100K(320K) NonClass: 96K(192K)->96K(192K) Class: 4K(128K)->4K(128K)
[2024-08-28T13:09:25.206+0000][info][gc          ] GC(185) Pause Young (Normal) (G1 Evacuation Pause) 1431M->1440M(2048M) 17.241ms
[2024-08-28T13:09:25.206+0000][info][gc,cpu      ] GC(185) User=0.62s Sys=0.16s Real=0.02s
[2024-08-28T13:09:25.237+0000][info][gc,marking  ] GC(184) Concurrent Rebuild Remembered Sets 89.704ms
[2024-08-28T13:09:25.238+0000][info][gc,start    ] GC(184) Pause Cleanup
[2024-08-28T13:09:25.241+0000][info][gc          ] GC(184) Pause Cleanup 1484M->1484M(2048M) 3.408ms
[2024-08-28T13:09:25.241+0000][info][gc,cpu      ] GC(184) User=0.02s Sys=0.00s Real=0.00s
[2024-08-28T13:09:25.241+0000][info][gc,marking  ] GC(184) Concurrent Cleanup for Next Mark
[2024-08-28T13:09:25.244+0000][info][gc,marking  ] GC(184) Concurrent Cleanup for Next Mark 2.759ms
[2024-08-28T13:09:25.244+0000][info][gc          ] GC(184) Concurrent Mark Cycle 127.440ms
[2024-08-28T13:09:25.296+0000][info][gc,start    ] GC(186) Pause Young (Prepare Mixed) (G1 Evacuation Pause)
[2024-08-28T13:09:25.296+0000][info][gc,task     ] GC(186) Using 49 workers of 68 for evacuation
[2024-08-28T13:09:25.319+0000][info][gc,phases   ] GC(186)   Pre Evacuate Collection Set: 0.3ms
[2024-08-28T13:09:25.319+0000][info][gc,phases   ] GC(186)   Merge Heap Roots: 1.2ms
[2024-08-28T13:09:25.319+0000][info][gc,phases   ] GC(186)   Evacuate Collection Set: 21.2ms
[2024-08-28T13:09:25.319+0000][info][gc,phases   ] GC(186)   Post Evacuate Collection Set: 0.5ms
[2024-08-28T13:09:25.319+0000][info][gc,phases   ] GC(186)   Other: 0.2ms
[2024-08-28T13:09:25.319+0000][info][gc,heap     ] GC(186) Eden regions: 128->0(84)
[2024-08-28T13:09:25.319+0000][info][gc,heap     ] GC(186) Survivor regions: 14->18(18)
[2024-08-28T13:09:25.319+0000][info][gc,heap     ] GC(186) Old regions: 1421->1549
[2024-08-28T13:09:25.319+0000][info][gc,heap     ] GC(186) Archive regions: 2->2
[2024-08-28T13:09:25.319+0000][info][gc,heap     ] GC(186) Humongous regions: 5->5
[2024-08-28T13:09:25.319+0000][info][gc,metaspace] GC(186) Metaspace: 100K(320K)->100K(320K) NonClass: 96K(192K)->96K(192K) Class: 4K(128K)->4K(128K)
[2024-08-28T13:09:25.319+0000][info][gc          ] GC(186) Pause Young (Prepare Mixed) (G1 Evacuation Pause) 1568M->1572M(2048M) 23.536ms
[2024-08-28T13:09:25.320+0000][info][gc,cpu      ] GC(186) User=1.10s Sys=0.00s Real=0.03s
[2024-08-28T13:09:25.375+0000][info][gc,start    ] GC(187) Pause Young (Mixed) (G1 Evacuation Pause)
[2024-08-28T13:09:25.375+0000][info][gc,task     ] GC(187) Using 49 workers of 68 for evacuation
[2024-08-28T13:09:25.390+0000][info][gc,phases   ] GC(187)   Pre Evacuate Collection Set: 0.4ms
[2024-08-28T13:09:25.390+0000][info][gc,phases   ] GC(187)   Merge Heap Roots: 0.5ms
[2024-08-28T13:09:25.390+0000][info][gc,phases   ] GC(187)   Evacuate Collection Set: 13.5ms
[2024-08-28T13:09:25.390+0000][info][gc,phases   ] GC(187)   Post Evacuate Collection Set: 0.7ms
[2024-08-28T13:09:25.390+0000][info][gc,phases   ] GC(187)   Other: 0.2ms
[2024-08-28T13:09:25.390+0000][info][gc,heap     ] GC(187) Eden regions: 84->0(89)
[2024-08-28T13:09:25.390+0000][info][gc,heap     ] GC(187) Survivor regions: 18->13(13)
[2024-08-28T13:09:25.390+0000][info][gc,heap     ] GC(187) Old regions: 1549->1440
[2024-08-28T13:09:25.390+0000][info][gc,heap     ] GC(187) Archive regions: 2->2
[2024-08-28T13:09:25.390+0000][info][gc,heap     ] GC(187) Humongous regions: 5->5
[2024-08-28T13:09:25.390+0000][info][gc,metaspace] GC(187) Metaspace: 100K(320K)->100K(320K) NonClass: 96K(192K)->96K(192K) Class: 4K(128K)->4K(128K)
[2024-08-28T13:09:25.390+0000][info][gc          ] GC(187) Pause Young (Mixed) (G1 Evacuation Pause) 1656M->1458M(2048M) 15.384ms
[2024-08-28T13:09:25.390+0000][info][gc,cpu      ] GC(187) User=0.66s Sys=0.01s Real=0.02s
[2024-08-28T13:09:25.448+0000][info][gc,start    ] GC(188) Pause Young (Mixed) (G1 Evacuation Pause)
[2024-08-28T13:09:25.448+0000][info][gc,task     ] GC(188) Using 49 workers of 68 for evacuation
[2024-08-28T13:09:25.463+0000][info][gc,phases   ] GC(188)   Pre Evacuate Collection Set: 0.4ms
[2024-08-28T13:09:25.463+0000][info][gc,phases   ] GC(188)   Merge Heap Roots: 0.7ms
[2024-08-28T13:09:25.463+0000][info][gc,phases   ] GC(188)   Evacuate Collection Set: 12.7ms
[2024-08-28T13:09:25.463+0000][info][gc,phases   ] GC(188)   Post Evacuate Collection Set: 0.6ms
[2024-08-28T13:09:25.463+0000][info][gc,phases   ] GC(188)   Other: 0.2ms
[2024-08-28T13:09:25.463+0000][info][gc,heap     ] GC(188) Eden regions: 89->0(89)
[2024-08-28T13:09:25.463+0000][info][gc,heap     ] GC(188) Survivor regions: 13->13(13)
[2024-08-28T13:09:25.463+0000][info][gc,heap     ] GC(188) Old regions: 1440->1330
[2024-08-28T13:09:25.463+0000][info][gc,heap     ] GC(188) Archive regions: 2->2
[2024-08-28T13:09:25.463+0000][info][gc,heap     ] GC(188) Humongous regions: 5->5
[2024-08-28T13:09:25.463+0000][info][gc,metaspace] GC(188) Metaspace: 100K(320K)->100K(320K) NonClass: 96K(192K)->96K(192K) Class: 4K(128K)->4K(128K)
[2024-08-28T13:09:25.463+0000][info][gc          ] GC(188) Pause Young (Mixed) (G1 Evacuation Pause) 1547M->1348M(2048M) 14.817ms
[2024-08-28T13:09:25.463+0000][info][gc,cpu      ] GC(188) User=0.66s Sys=0.00s Real=0.02s
[2024-08-28T13:09:25.519+0000][info][gc,start    ] GC(189) Pause Young (Mixed) (G1 Evacuation Pause)
[2024-08-28T13:09:25.519+0000][info][gc,task     ] GC(189) Using 49 workers of 68 for evacuation
[2024-08-28T13:09:25.534+0000][info][gc,phases   ] GC(189)   Pre Evacuate Collection Set: 0.4ms
[2024-08-28T13:09:25.534+0000][info][gc,phases   ] GC(189)   Merge Heap Roots: 0.5ms
[2024-08-28T13:09:25.534+0000][info][gc,phases   ] GC(189)   Evacuate Collection Set: 12.8ms
[2024-08-28T13:09:25.534+0000][info][gc,phases   ] GC(189)   Post Evacuate Collection Set: 0.7ms
[2024-08-28T13:09:25.534+0000][info][gc,phases   ] GC(189)   Other: 0.3ms
[2024-08-28T13:09:25.534+0000][info][gc,heap     ] GC(189) Eden regions: 89->0(89)
[2024-08-28T13:09:25.534+0000][info][gc,heap     ] GC(189) Survivor regions: 13->13(13)
[2024-08-28T13:09:25.534+0000][info][gc,heap     ] GC(189) Old regions: 1330->1219
[2024-08-28T13:09:25.534+0000][info][gc,heap     ] GC(189) Archive regions: 2->2
[2024-08-28T13:09:25.534+0000][info][gc,heap     ] GC(189) Humongous regions: 5->5
[2024-08-28T13:09:25.534+0000][info][gc,metaspace] GC(189) Metaspace: 100K(320K)->100K(320K) NonClass: 96K(192K)->96K(192K) Class: 4K(128K)->4K(128K)
[2024-08-28T13:09:25.534+0000][info][gc          ] GC(189) Pause Young (Mixed) (G1 Evacuation Pause) 1437M->1237M(2048M) 14.793ms
[2024-08-28T13:09:25.534+0000][info][gc,cpu      ] GC(189) User=0.64s Sys=0.00s Real=0.01s
[2024-08-28T13:09:25.592+0000][info][gc,start    ] GC(190) Pause Young (Mixed) (G1 Evacuation Pause)
[2024-08-28T13:09:25.592+0000][info][gc,task     ] GC(190) Using 49 workers of 68 for evacuation
[2024-08-28T13:09:25.607+0000][info][gc,phases   ] GC(190)   Pre Evacuate Collection Set: 0.3ms
[2024-08-28T13:09:25.607+0000][info][gc,phases   ] GC(190)   Merge Heap Roots: 0.8ms
[2024-08-28T13:09:25.607+0000][info][gc,phases   ] GC(190)   Evacuate Collection Set: 13.2ms
[2024-08-28T13:09:25.607+0000][info][gc,phases   ] GC(190)   Post Evacuate Collection Set: 0.5ms
[2024-08-28T13:09:25.607+0000][info][gc,phases   ] GC(190)   Other: 0.2ms
[2024-08-28T13:09:25.607+0000][info][gc,heap     ] GC(190) Eden regions: 89->0(187)
[2024-08-28T13:09:25.607+0000][info][gc,heap     ] GC(190) Survivor regions: 13->13(13)
[2024-08-28T13:09:25.607+0000][info][gc,heap     ] GC(190) Old regions: 1219->1240
[2024-08-28T13:09:25.607+0000][info][gc,heap     ] GC(190) Archive regions: 2->2
[2024-08-28T13:09:25.607+0000][info][gc,heap     ] GC(190) Humongous regions: 5->5
[2024-08-28T13:09:25.607+0000][info][gc,metaspace] GC(190) Metaspace: 100K(320K)->100K(320K) NonClass: 96K(192K)->96K(192K) Class: 4K(128K)->4K(128K)
[2024-08-28T13:09:25.607+0000][info][gc          ] GC(190) Pause Young (Mixed) (G1 Evacuation Pause) 1326M->1258M(2048M) 15.201ms
[2024-08-28T13:09:25.607+0000][info][gc,cpu      ] GC(190) User=0.68s Sys=0.00s Real=0.01s
[2024-08-28T13:09:25.726+0000][info][gc,start    ] GC(191) Pause Young (Normal) (G1 Evacuation Pause)
[2024-08-28T13:09:25.726+0000][info][gc,task     ] GC(191) Using 49 workers of 68 for evacuation
[2024-08-28T13:09:25.752+0000][info][gc,phases   ] GC(191)   Pre Evacuate Collection Set: 0.3ms
[2024-08-28T13:09:25.752+0000][info][gc,phases   ] GC(191)   Merge Heap Roots: 1.0ms
[2024-08-28T13:09:25.752+0000][info][gc,phases   ] GC(191)   Evacuate Collection Set: 23.7ms
[2024-08-28T13:09:25.752+0000][info][gc,phases   ] GC(191)   Post Evacuate Collection Set: 0.6ms
[2024-08-28T13:09:25.752+0000][info][gc,phases   ] GC(191)   Other: 0.3ms
[2024-08-28T13:09:25.752+0000][info][gc,heap     ] GC(191) Eden regions: 187->0(126)
[2024-08-28T13:09:25.752+0000][info][gc,heap     ] GC(191) Survivor regions: 13->25(25)
[2024-08-28T13:09:25.752+0000][info][gc,heap     ] GC(191) Old regions: 1240->1414
[2024-08-28T13:09:25.752+0000][info][gc,heap     ] GC(191) Archive regions: 2->2
[2024-08-28T13:09:25.752+0000][info][gc,heap     ] GC(191) Humongous regions: 5->5
[2024-08-28T13:09:25.752+0000][info][gc,metaspace] GC(191) Metaspace: 100K(320K)->100K(320K) NonClass: 96K(192K)->96K(192K) Class: 4K(128K)->4K(128K)
[2024-08-28T13:09:25.752+0000][info][gc          ] GC(191) Pause Young (Normal) (G1 Evacuation Pause) 1445M->1444M(2048M) 25.939ms
[2024-08-28T13:09:25.752+0000][info][gc,cpu      ] GC(191) User=1.18s Sys=0.01s Real=0.03s
[2024-08-28T13:09:25.834+0000][info][gc,start    ] GC(192) Pause Young (Concurrent Start) (G1 Evacuation Pause)
[2024-08-28T13:09:25.834+0000][info][gc,task     ] GC(192) Using 49 workers of 68 for evacuation
[2024-08-28T13:09:25.855+0000][info][gc,phases   ] GC(192)   Pre Evacuate Collection Set: 0.3ms
[2024-08-28T13:09:25.855+0000][info][gc,phases   ] GC(192)   Merge Heap Roots: 0.5ms
[2024-08-28T13:09:25.855+0000][info][gc,phases   ] GC(192)   Evacuate Collection Set: 19.3ms
[2024-08-28T13:09:25.855+0000][info][gc,phases   ] GC(192)   Post Evacuate Collection Set: 0.6ms
[2024-08-28T13:09:25.855+0000][info][gc,phases   ] GC(192)   Other: 0.7ms
[2024-08-28T13:09:25.855+0000][info][gc,heap     ] GC(192) Eden regions: 126->0(84)
[2024-08-28T13:09:25.855+0000][info][gc,heap     ] GC(192) Survivor regions: 25->19(19)
[2024-08-28T13:09:25.855+0000][info][gc,heap     ] GC(192) Old regions: 1414->1550
[2024-08-28T13:09:25.855+0000][info][gc,heap     ] GC(192) Archive regions: 2->2
[2024-08-28T13:09:25.855+0000][info][gc,heap     ] GC(192) Humongous regions: 5->5
[2024-08-28T13:09:25.855+0000][info][gc,metaspace] GC(192) Metaspace: 100K(320K)->100K(320K) NonClass: 96K(192K)->96K(192K) Class: 4K(128K)->4K(128K)
[2024-08-28T13:09:25.855+0000][info][gc          ] GC(192) Pause Young (Concurrent Start) (G1 Evacuation Pause) 1570M->1574M(2048M) 21.448ms
[2024-08-28T13:09:25.855+0000][info][gc,cpu      ] GC(192) User=0.96s Sys=0.01s Real=0.02s
[2024-08-28T13:09:25.855+0000][info][gc          ] GC(193) Concurrent Mark Cycle
[2024-08-28T13:09:25.855+0000][info][gc,marking  ] GC(193) Concurrent Clear Claimed Marks
[2024-08-28T13:09:25.855+0000][info][gc,marking  ] GC(193) Concurrent Clear Claimed Marks 0.029ms
[2024-08-28T13:09:25.855+0000][info][gc,marking  ] GC(193) Concurrent Scan Root Regions
[2024-08-28T13:09:25.860+0000][info][gc,marking  ] GC(193) Concurrent Scan Root Regions 4.361ms
[2024-08-28T13:09:25.860+0000][info][gc,marking  ] GC(193) Concurrent Mark
[2024-08-28T13:09:25.860+0000][info][gc,marking  ] GC(193) Concurrent Mark From Roots
[2024-08-28T13:09:25.860+0000][info][gc,task     ] GC(193) Using 17 workers of 17 for marking
[2024-08-28T13:09:25.882+0000][info][gc,marking  ] GC(193) Concurrent Mark From Roots 22.530ms
[2024-08-28T13:09:25.882+0000][info][gc,marking  ] GC(193) Concurrent Preclean
[2024-08-28T13:09:25.883+0000][info][gc,marking  ] GC(193) Concurrent Preclean 0.505ms
[2024-08-28T13:09:25.883+0000][info][gc,start    ] GC(193) Pause Remark
[2024-08-28T13:09:25.886+0000][info][gc          ] GC(193) Pause Remark 1602M->1381M(2048M) 2.195ms
[2024-08-28T13:09:25.886+0000][info][gc,cpu      ] GC(193) User=0.01s Sys=0.00s Real=0.00s
[2024-08-28T13:09:25.886+0000][info][gc,marking  ] GC(193) Concurrent Mark 25.726ms
[2024-08-28T13:09:25.886+0000][info][gc,marking  ] GC(193) Concurrent Rebuild Remembered Sets
[2024-08-28T13:09:25.926+0000][info][gc,start    ] GC(194) Pause Young (Normal) (G1 Evacuation Pause)
[2024-08-28T13:09:25.926+0000][info][gc,task     ] GC(194) Using 49 workers of 68 for evacuation
[2024-08-28T13:09:25.943+0000][info][gc,phases   ] GC(194)   Pre Evacuate Collection Set: 0.3ms
[2024-08-28T13:09:25.943+0000][info][gc,phases   ] GC(194)   Merge Heap Roots: 0.9ms
[2024-08-28T13:09:25.943+0000][info][gc,phases   ] GC(194)   Evacuate Collection Set: 14.2ms
[2024-08-28T13:09:25.943+0000][info][gc,phases   ] GC(194)   Post Evacuate Collection Set: 0.8ms
[2024-08-28T13:09:25.943+0000][info][gc,phases   ] GC(194)   Other: 0.2ms
[2024-08-28T13:09:25.943+0000][info][gc,heap     ] GC(194) Eden regions: 84->0(126)
[2024-08-28T13:09:25.943+0000][info][gc,heap     ] GC(194) Survivor regions: 19->13(13)
[2024-08-28T13:09:25.943+0000][info][gc,heap     ] GC(194) Old regions: 1329->1427
[2024-08-28T13:09:25.943+0000][info][gc,heap     ] GC(194) Archive regions: 2->2
[2024-08-28T13:09:25.943+0000][info][gc,heap     ] GC(194) Humongous regions: 5->5
[2024-08-28T13:09:25.943+0000][info][gc,metaspace] GC(194) Metaspace: 100K(320K)->100K(320K) NonClass: 96K(192K)->96K(192K) Class: 4K(128K)->4K(128K)
[2024-08-28T13:09:25.943+0000][info][gc          ] GC(194) Pause Young (Normal) (G1 Evacuation Pause) 1437M->1445M(2048M) 16.559ms
[2024-08-28T13:09:25.943+0000][info][gc,cpu      ] GC(194) User=0.75s Sys=0.00s Real=0.02s
[2024-08-28T13:09:25.974+0000][info][gc,marking  ] GC(193) Concurrent Rebuild Remembered Sets 88.263ms
[2024-08-28T13:09:25.974+0000][info][gc,start    ] GC(193) Pause Cleanup
[2024-08-28T13:09:25.978+0000][info][gc          ] GC(193) Pause Cleanup 1488M->1488M(2048M) 3.432ms
[2024-08-28T13:09:25.978+0000][info][gc,cpu      ] GC(193) User=0.01s Sys=0.00s Real=0.01s
[2024-08-28T13:09:25.978+0000][info][gc,marking  ] GC(193) Concurrent Cleanup for Next Mark
[2024-08-28T13:09:25.980+0000][info][gc,marking  ] GC(193) Concurrent Cleanup for Next Mark 1.839ms
[2024-08-28T13:09:25.980+0000][info][gc          ] GC(193) Concurrent Mark Cycle 124.277ms
[2024-08-28T13:09:26.031+0000][info][gc,start    ] GC(195) Pause Young (Prepare Mixed) (G1 Evacuation Pause)
[2024-08-28T13:09:26.031+0000][info][gc,task     ] GC(195) Using 49 workers of 68 for evacuation
[2024-08-28T13:09:26.053+0000][info][gc,phases   ] GC(195)   Pre Evacuate Collection Set: 0.3ms
[2024-08-28T13:09:26.053+0000][info][gc,phases   ] GC(195)   Merge Heap Roots: 0.8ms
[2024-08-28T13:09:26.053+0000][info][gc,phases   ] GC(195)   Evacuate Collection Set: 20.3ms
[2024-08-28T13:09:26.053+0000][info][gc,phases   ] GC(195)   Post Evacuate Collection Set: 0.6ms
[2024-08-28T13:09:26.053+0000][info][gc,phases   ] GC(195)   Other: 0.2ms
[2024-08-28T13:09:26.053+0000][info][gc,heap     ] GC(195) Eden regions: 126->0(84)
[2024-08-28T13:09:26.053+0000][info][gc,heap     ] GC(195) Survivor regions: 13->18(18)
[2024-08-28T13:09:26.053+0000][info][gc,heap     ] GC(195) Old regions: 1427->1551
[2024-08-28T13:09:26.053+0000][info][gc,heap     ] GC(195) Archive regions: 2->2
[2024-08-28T13:09:26.053+0000][info][gc,heap     ] GC(195) Humongous regions: 5->5
[2024-08-28T13:09:26.053+0000][info][gc,metaspace] GC(195) Metaspace: 100K(320K)->100K(320K) NonClass: 96K(192K)->96K(192K) Class: 4K(128K)->4K(128K)
[2024-08-28T13:09:26.053+0000][info][gc          ] GC(195) Pause Young (Prepare Mixed) (G1 Evacuation Pause) 1571M->1574M(2048M) 22.308ms
[2024-08-28T13:09:26.053+0000][info][gc,cpu      ] GC(195) User=1.02s Sys=0.01s Real=0.02s
[2024-08-28T13:09:26.107+0000][info][gc,start    ] GC(196) Pause Young (Mixed) (G1 Evacuation Pause)
[2024-08-28T13:09:26.107+0000][info][gc,task     ] GC(196) Using 49 workers of 68 for evacuation
[2024-08-28T13:09:26.121+0000][info][gc,phases   ] GC(196)   Pre Evacuate Collection Set: 0.4ms
[2024-08-28T13:09:26.121+0000][info][gc,phases   ] GC(196)   Merge Heap Roots: 0.5ms
[2024-08-28T13:09:26.121+0000][info][gc,phases   ] GC(196)   Evacuate Collection Set: 12.7ms
[2024-08-28T13:09:26.121+0000][info][gc,phases   ] GC(196)   Post Evacuate Collection Set: 0.6ms
[2024-08-28T13:09:26.121+0000][info][gc,phases   ] GC(196)   Other: 0.2ms
[2024-08-28T13:09:26.121+0000][info][gc,heap     ] GC(196) Eden regions: 84->0(89)
[2024-08-28T13:09:26.121+0000][info][gc,heap     ] GC(196) Survivor regions: 18->13(13)
[2024-08-28T13:09:26.121+0000][info][gc,heap     ] GC(196) Old regions: 1551->1441
[2024-08-28T13:09:26.121+0000][info][gc,heap     ] GC(196) Archive regions: 2->2
[2024-08-28T13:09:26.121+0000][info][gc,heap     ] GC(196) Humongous regions: 5->5
[2024-08-28T13:09:26.121+0000][info][gc,metaspace] GC(196) Metaspace: 100K(320K)->100K(320K) NonClass: 96K(192K)->96K(192K) Class: 4K(128K)->4K(128K)
[2024-08-28T13:09:26.121+0000][info][gc          ] GC(196) Pause Young (Mixed) (G1 Evacuation Pause) 1658M->1459M(2048M) 14.485ms
[2024-08-28T13:09:26.121+0000][info][gc,cpu      ] GC(196) User=0.63s Sys=0.01s Real=0.02s
[2024-08-28T13:09:26.179+0000][info][gc,start    ] GC(197) Pause Young (Mixed) (G1 Evacuation Pause)
[2024-08-28T13:09:26.179+0000][info][gc,task     ] GC(197) Using 49 workers of 68 for evacuation
[2024-08-28T13:09:26.193+0000][info][gc,phases   ] GC(197)   Pre Evacuate Collection Set: 0.4ms
[2024-08-28T13:09:26.193+0000][info][gc,phases   ] GC(197)   Merge Heap Roots: 0.5ms
[2024-08-28T13:09:26.193+0000][info][gc,phases   ] GC(197)   Evacuate Collection Set: 12.6ms
[2024-08-28T13:09:26.193+0000][info][gc,phases   ] GC(197)   Post Evacuate Collection Set: 0.6ms
[2024-08-28T13:09:26.193+0000][info][gc,phases   ] GC(197)   Other: 0.2ms
[2024-08-28T13:09:26.193+0000][info][gc,heap     ] GC(197) Eden regions: 89->0(89)
[2024-08-28T13:09:26.193+0000][info][gc,heap     ] GC(197) Survivor regions: 13->13(13)
[2024-08-28T13:09:26.193+0000][info][gc,heap     ] GC(197) Old regions: 1441->1330
[2024-08-28T13:09:26.193+0000][info][gc,heap     ] GC(197) Archive regions: 2->2
[2024-08-28T13:09:26.193+0000][info][gc,heap     ] GC(197) Humongous regions: 5->5
[2024-08-28T13:09:26.193+0000][info][gc,metaspace] GC(197) Metaspace: 100K(320K)->100K(320K) NonClass: 96K(192K)->96K(192K) Class: 4K(128K)->4K(128K)
[2024-08-28T13:09:26.193+0000][info][gc          ] GC(197) Pause Young (Mixed) (G1 Evacuation Pause) 1548M->1348M(2048M) 14.399ms
[2024-08-28T13:09:26.194+0000][info][gc,cpu      ] GC(197) User=0.63s Sys=0.00s Real=0.01s
[2024-08-28T13:09:26.250+0000][info][gc,start    ] GC(198) Pause Young (Mixed) (G1 Evacuation Pause)
[2024-08-28T13:09:26.251+0000][info][gc,task     ] GC(198) Using 49 workers of 68 for evacuation
[2024-08-28T13:09:26.265+0000][info][gc,phases   ] GC(198)   Pre Evacuate Collection Set: 0.4ms
[2024-08-28T13:09:26.265+0000][info][gc,phases   ] GC(198)   Merge Heap Roots: 0.6ms
[2024-08-28T13:09:26.265+0000][info][gc,phases   ] GC(198)   Evacuate Collection Set: 12.8ms
[2024-08-28T13:09:26.265+0000][info][gc,phases   ] GC(198)   Post Evacuate Collection Set: 0.7ms
[2024-08-28T13:09:26.265+0000][info][gc,phases   ] GC(198)   Other: 0.2ms
[2024-08-28T13:09:26.265+0000][info][gc,heap     ] GC(198) Eden regions: 89->0(89)
[2024-08-28T13:09:26.265+0000][info][gc,heap     ] GC(198) Survivor regions: 13->13(13)
[2024-08-28T13:09:26.265+0000][info][gc,heap     ] GC(198) Old regions: 1330->1219
[2024-08-28T13:09:26.265+0000][info][gc,heap     ] GC(198) Archive regions: 2->2
[2024-08-28T13:09:26.265+0000][info][gc,heap     ] GC(198) Humongous regions: 5->5
[2024-08-28T13:09:26.265+0000][info][gc,metaspace] GC(198) Metaspace: 100K(320K)->100K(320K) NonClass: 96K(192K)->96K(192K) Class: 4K(128K)->4K(128K)
[2024-08-28T13:09:26.265+0000][info][gc          ] GC(198) Pause Young (Mixed) (G1 Evacuation Pause) 1437M->1237M(2048M) 14.869ms
[2024-08-28T13:09:26.265+0000][info][gc,cpu      ] GC(198) User=0.65s Sys=0.01s Real=0.01s
[2024-08-28T13:09:26.325+0000][info][gc,start    ] GC(199) Pause Young (Mixed) (G1 Evacuation Pause)
[2024-08-28T13:09:26.325+0000][info][gc,task     ] GC(199) Using 49 workers of 68 for evacuation
[2024-08-28T13:09:26.339+0000][info][gc,phases   ] GC(199)   Pre Evacuate Collection Set: 0.4ms
[2024-08-28T13:09:26.340+0000][info][gc,phases   ] GC(199)   Merge Heap Roots: 0.5ms
[2024-08-28T13:09:26.340+0000][info][gc,phases   ] GC(199)   Evacuate Collection Set: 12.6ms
[2024-08-28T13:09:26.340+0000][info][gc,phases   ] GC(199)   Post Evacuate Collection Set: 0.6ms
[2024-08-28T13:09:26.340+0000][info][gc,phases   ] GC(199)   Other: 0.2ms
[2024-08-28T13:09:26.340+0000][info][gc,heap     ] GC(199) Eden regions: 89->0(190)
[2024-08-28T13:09:26.340+0000][info][gc,heap     ] GC(199) Survivor regions: 13->13(13)
[2024-08-28T13:09:26.340+0000][info][gc,heap     ] GC(199) Old regions: 1219->1230
[2024-08-28T13:09:26.340+0000][info][gc,heap     ] GC(199) Archive regions: 2->2
[2024-08-28T13:09:26.340+0000][info][gc,heap     ] GC(199) Humongous regions: 5->5
[2024-08-28T13:09:26.340+0000][info][gc,metaspace] GC(199) Metaspace: 100K(320K)->100K(320K) NonClass: 96K(192K)->96K(192K) Class: 4K(128K)->4K(128K)
[2024-08-28T13:09:26.340+0000][info][gc          ] GC(199) Pause Young (Mixed) (G1 Evacuation Pause) 1326M->1248M(2048M) 14.532ms
[2024-08-28T13:09:26.340+0000][info][gc,cpu      ] GC(199) User=0.64s Sys=0.00s Real=0.02s
[2024-08-28T13:09:26.459+0000][info][gc,start    ] GC(200) Pause Young (Normal) (G1 Evacuation Pause)
[2024-08-28T13:09:26.460+0000][info][gc,task     ] GC(200) Using 49 workers of 68 for evacuation
[2024-08-28T13:09:26.483+0000][info][gc,phases   ] GC(200)   Pre Evacuate Collection Set: 0.4ms
[2024-08-28T13:09:26.484+0000][info][gc,phases   ] GC(200)   Merge Heap Roots: 0.7ms
[2024-08-28T13:09:26.484+0000][info][gc,phases   ] GC(200)   Evacuate Collection Set: 22.2ms
[2024-08-28T13:09:26.484+0000][info][gc,phases   ] GC(200)   Post Evacuate Collection Set: 0.6ms
[2024-08-28T13:09:26.484+0000][info][gc,phases   ] GC(200)   Other: 0.3ms
[2024-08-28T13:09:26.484+0000][info][gc,heap     ] GC(200) Eden regions: 190->0(129)
[2024-08-28T13:09:26.484+0000][info][gc,heap     ] GC(200) Survivor regions: 13->26(26)
[2024-08-28T13:09:26.484+0000][info][gc,heap     ] GC(200) Old regions: 1230->1405
[2024-08-28T13:09:26.484+0000][info][gc,heap     ] GC(200) Archive regions: 2->2
[2024-08-28T13:09:26.484+0000][info][gc,heap     ] GC(200) Humongous regions: 5->5
[2024-08-28T13:09:26.484+0000][info][gc,metaspace] GC(200) Metaspace: 100K(320K)->100K(320K) NonClass: 96K(192K)->96K(192K) Class: 4K(128K)->4K(128K)
[2024-08-28T13:09:26.484+0000][info][gc          ] GC(200) Pause Young (Normal) (G1 Evacuation Pause) 1438M->1436M(2048M) 24.143ms
[2024-08-28T13:09:26.484+0000][info][gc,cpu      ] GC(200) User=1.10s Sys=0.00s Real=0.02s
[2024-08-28T13:09:26.567+0000][info][gc,start    ] GC(201) Pause Young (Concurrent Start) (G1 Evacuation Pause)
[2024-08-28T13:09:26.567+0000][info][gc,task     ] GC(201) Using 49 workers of 68 for evacuation
[2024-08-28T13:09:26.589+0000][info][gc,phases   ] GC(201)   Pre Evacuate Collection Set: 0.4ms
[2024-08-28T13:09:26.589+0000][info][gc,phases   ] GC(201)   Merge Heap Roots: 1.0ms
[2024-08-28T13:09:26.589+0000][info][gc,phases   ] GC(201)   Evacuate Collection Set: 18.8ms
[2024-08-28T13:09:26.589+0000][info][gc,phases   ] GC(201)   Post Evacuate Collection Set: 0.6ms
[2024-08-28T13:09:26.589+0000][info][gc,phases   ] GC(201)   Other: 0.7ms
[2024-08-28T13:09:26.589+0000][info][gc,heap     ] GC(201) Eden regions: 129->0(86)
[2024-08-28T13:09:26.589+0000][info][gc,heap     ] GC(201) Survivor regions: 26->20(20)
[2024-08-28T13:09:26.589+0000][info][gc,heap     ] GC(201) Old regions: 1405->1545
[2024-08-28T13:09:26.589+0000][info][gc,heap     ] GC(201) Archive regions: 2->2
[2024-08-28T13:09:26.589+0000][info][gc,heap     ] GC(201) Humongous regions: 5->5
[2024-08-28T13:09:26.589+0000][info][gc,metaspace] GC(201) Metaspace: 100K(320K)->100K(320K) NonClass: 96K(192K)->96K(192K) Class: 4K(128K)->4K(128K)
[2024-08-28T13:09:26.589+0000][info][gc          ] GC(201) Pause Young (Concurrent Start) (G1 Evacuation Pause) 1565M->1570M(2048M) 21.605ms
[2024-08-28T13:09:26.589+0000][info][gc,cpu      ] GC(201) User=0.96s Sys=0.00s Real=0.02s
[2024-08-28T13:09:26.589+0000][info][gc          ] GC(202) Concurrent Mark Cycle
[2024-08-28T13:09:26.589+0000][info][gc,marking  ] GC(202) Concurrent Clear Claimed Marks
[2024-08-28T13:09:26.589+0000][info][gc,marking  ] GC(202) Concurrent Clear Claimed Marks 0.010ms
[2024-08-28T13:09:26.589+0000][info][gc,marking  ] GC(202) Concurrent Scan Root Regions
[2024-08-28T13:09:26.593+0000][info][gc,marking  ] GC(202) Concurrent Scan Root Regions 4.336ms
[2024-08-28T13:09:26.593+0000][info][gc,marking  ] GC(202) Concurrent Mark
[2024-08-28T13:09:26.593+0000][info][gc,marking  ] GC(202) Concurrent Mark From Roots
[2024-08-28T13:09:26.593+0000][info][gc,task     ] GC(202) Using 17 workers of 17 for marking
[2024-08-28T13:09:26.616+0000][info][gc,marking  ] GC(202) Concurrent Mark From Roots 22.316ms
[2024-08-28T13:09:26.616+0000][info][gc,marking  ] GC(202) Concurrent Preclean
[2024-08-28T13:09:26.616+0000][info][gc,marking  ] GC(202) Concurrent Preclean 0.505ms
[2024-08-28T13:09:26.616+0000][info][gc,start    ] GC(202) Pause Remark
[2024-08-28T13:09:26.618+0000][info][gc          ] GC(202) Pause Remark 1598M->1381M(2048M) 1.971ms
[2024-08-28T13:09:26.618+0000][info][gc,cpu      ] GC(202) User=0.02s Sys=0.00s Real=0.01s
[2024-08-28T13:09:26.618+0000][info][gc,marking  ] GC(202) Concurrent Mark 25.221ms
[2024-08-28T13:09:26.618+0000][info][gc,marking  ] GC(202) Concurrent Rebuild Remembered Sets
[2024-08-28T13:09:26.659+0000][info][gc,start    ] GC(203) Pause Young (Normal) (G1 Evacuation Pause)
[2024-08-28T13:09:26.659+0000][info][gc,task     ] GC(203) Using 49 workers of 68 for evacuation
[2024-08-28T13:09:26.676+0000][info][gc,phases   ] GC(203)   Pre Evacuate Collection Set: 0.4ms
[2024-08-28T13:09:26.676+0000][info][gc,phases   ] GC(203)   Merge Heap Roots: 0.5ms
[2024-08-28T13:09:26.676+0000][info][gc,phases   ] GC(203)   Evacuate Collection Set: 14.7ms
[2024-08-28T13:09:26.676+0000][info][gc,phases   ] GC(203)   Post Evacuate Collection Set: 0.9ms
[2024-08-28T13:09:26.676+0000][info][gc,phases   ] GC(203)   Other: 0.3ms
[2024-08-28T13:09:26.676+0000][info][gc,heap     ] GC(203) Eden regions: 86->0(126)
[2024-08-28T13:09:26.676+0000][info][gc,heap     ] GC(203) Survivor regions: 20->14(14)
[2024-08-28T13:09:26.676+0000][info][gc,heap     ] GC(203) Old regions: 1328->1426
[2024-08-28T13:09:26.676+0000][info][gc,heap     ] GC(203) Archive regions: 2->2
[2024-08-28T13:09:26.676+0000][info][gc,heap     ] GC(203) Humongous regions: 5->5
[2024-08-28T13:09:26.676+0000][info][gc,metaspace] GC(203) Metaspace: 100K(320K)->100K(320K) NonClass: 96K(192K)->96K(192K) Class: 4K(128K)->4K(128K)
[2024-08-28T13:09:26.676+0000][info][gc          ] GC(203) Pause Young (Normal) (G1 Evacuation Pause) 1439M->1445M(2048M) 16.727ms
[2024-08-28T13:09:26.676+0000][info][gc,cpu      ] GC(203) User=0.75s Sys=0.00s Real=0.01s
[2024-08-28T13:09:26.706+0000][info][gc,marking  ] GC(202) Concurrent Rebuild Remembered Sets 87.665ms
[2024-08-28T13:09:26.706+0000][info][gc,start    ] GC(202) Pause Cleanup
[2024-08-28T13:09:26.710+0000][info][gc          ] GC(202) Pause Cleanup 1487M->1487M(2048M) 3.410ms
[2024-08-28T13:09:26.710+0000][info][gc,cpu      ] GC(202) User=0.01s Sys=0.00s Real=0.01s
[2024-08-28T13:09:26.710+0000][info][gc,marking  ] GC(202) Concurrent Cleanup for Next Mark
[2024-08-28T13:09:26.712+0000][info][gc,marking  ] GC(202) Concurrent Cleanup for Next Mark 1.748ms
[2024-08-28T13:09:26.712+0000][info][gc          ] GC(202) Concurrent Mark Cycle 122.948ms
[2024-08-28T13:09:26.762+0000][info][gc,start    ] GC(204) Pause Young (Prepare Mixed) (G1 Evacuation Pause)
[2024-08-28T13:09:26.762+0000][info][gc,task     ] GC(204) Using 49 workers of 68 for evacuation
[2024-08-28T13:09:26.785+0000][info][gc,phases   ] GC(204)   Pre Evacuate Collection Set: 0.3ms
[2024-08-28T13:09:26.785+0000][info][gc,phases   ] GC(204)   Merge Heap Roots: 0.8ms
[2024-08-28T13:09:26.785+0000][info][gc,phases   ] GC(204)   Evacuate Collection Set: 21.2ms
[2024-08-28T13:09:26.785+0000][info][gc,phases   ] GC(204)   Post Evacuate Collection Set: 0.5ms
[2024-08-28T13:09:26.785+0000][info][gc,phases   ] GC(204)   Other: 0.2ms
[2024-08-28T13:09:26.785+0000][info][gc,heap     ] GC(204) Eden regions: 126->0(84)
[2024-08-28T13:09:26.785+0000][info][gc,heap     ] GC(204) Survivor regions: 14->18(18)
[2024-08-28T13:09:26.785+0000][info][gc,heap     ] GC(204) Old regions: 1426->1551
[2024-08-28T13:09:26.785+0000][info][gc,heap     ] GC(204) Archive regions: 2->2
[2024-08-28T13:09:26.785+0000][info][gc,heap     ] GC(204) Humongous regions: 5->5
[2024-08-28T13:09:26.785+0000][info][gc,metaspace] GC(204) Metaspace: 100K(320K)->100K(320K) NonClass: 96K(192K)->96K(192K) Class: 4K(128K)->4K(128K)
[2024-08-28T13:09:26.785+0000][info][gc          ] GC(204) Pause Young (Prepare Mixed) (G1 Evacuation Pause) 1571M->1574M(2048M) 23.152ms
[2024-08-28T13:09:26.785+0000][info][gc,cpu      ] GC(204) User=1.07s Sys=0.01s Real=0.02s
[2024-08-28T13:09:26.840+0000][info][gc,start    ] GC(205) Pause Young (Mixed) (G1 Evacuation Pause)
[2024-08-28T13:09:26.840+0000][info][gc,task     ] GC(205) Using 49 workers of 68 for evacuation
[2024-08-28T13:09:26.856+0000][info][gc,phases   ] GC(205)   Pre Evacuate Collection Set: 0.4ms
[2024-08-28T13:09:26.856+0000][info][gc,phases   ] GC(205)   Merge Heap Roots: 0.8ms
[2024-08-28T13:09:26.856+0000][info][gc,phases   ] GC(205)   Evacuate Collection Set: 13.4ms
[2024-08-28T13:09:26.856+0000][info][gc,phases   ] GC(205)   Post Evacuate Collection Set: 0.6ms
[2024-08-28T13:09:26.856+0000][info][gc,phases   ] GC(205)   Other: 0.2ms
[2024-08-28T13:09:26.856+0000][info][gc,heap     ] GC(205) Eden regions: 84->0(89)
[2024-08-28T13:09:26.856+0000][info][gc,heap     ] GC(205) Survivor regions: 18->13(13)
[2024-08-28T13:09:26.856+0000][info][gc,heap     ] GC(205) Old regions: 1551->1441
[2024-08-28T13:09:26.856+0000][info][gc,heap     ] GC(205) Archive regions: 2->2
[2024-08-28T13:09:26.856+0000][info][gc,heap     ] GC(205) Humongous regions: 5->5
[2024-08-28T13:09:26.856+0000][info][gc,metaspace] GC(205) Metaspace: 100K(320K)->100K(320K) NonClass: 96K(192K)->96K(192K) Class: 4K(128K)->4K(128K)
[2024-08-28T13:09:26.856+0000][info][gc          ] GC(205) Pause Young (Mixed) (G1 Evacuation Pause) 1658M->1459M(2048M) 15.460ms
[2024-08-28T13:09:26.856+0000][info][gc,cpu      ] GC(205) User=0.69s Sys=0.00s Real=0.01s
[2024-08-28T13:09:26.913+0000][info][gc,start    ] GC(206) Pause Young (Mixed) (G1 Evacuation Pause)
[2024-08-28T13:09:26.913+0000][info][gc,task     ] GC(206) Using 49 workers of 68 for evacuation
[2024-08-28T13:09:26.927+0000][info][gc,phases   ] GC(206)   Pre Evacuate Collection Set: 0.4ms
[2024-08-28T13:09:26.927+0000][info][gc,phases   ] GC(206)   Merge Heap Roots: 0.6ms
[2024-08-28T13:09:26.927+0000][info][gc,phases   ] GC(206)   Evacuate Collection Set: 12.5ms
[2024-08-28T13:09:26.927+0000][info][gc,phases   ] GC(206)   Post Evacuate Collection Set: 0.6ms
[2024-08-28T13:09:26.927+0000][info][gc,phases   ] GC(206)   Other: 0.2ms
[2024-08-28T13:09:26.927+0000][info][gc,heap     ] GC(206) Eden regions: 89->0(89)
[2024-08-28T13:09:26.928+0000][info][gc,heap     ] GC(206) Survivor regions: 13->13(13)
[2024-08-28T13:09:26.928+0000][info][gc,heap     ] GC(206) Old regions: 1441->1330
[2024-08-28T13:09:26.928+0000][info][gc,heap     ] GC(206) Archive regions: 2->2
[2024-08-28T13:09:26.928+0000][info][gc,heap     ] GC(206) Humongous regions: 5->5
[2024-08-28T13:09:26.928+0000][info][gc,metaspace] GC(206) Metaspace: 100K(320K)->100K(320K) NonClass: 96K(192K)->96K(192K) Class: 4K(128K)->4K(128K)
[2024-08-28T13:09:26.928+0000][info][gc          ] GC(206) Pause Young (Mixed) (G1 Evacuation Pause) 1548M->1348M(2048M) 14.427ms
[2024-08-28T13:09:26.928+0000][info][gc,cpu      ] GC(206) User=0.64s Sys=0.00s Real=0.01s
[2024-08-28T13:09:26.986+0000][info][gc,start    ] GC(207) Pause Young (Mixed) (G1 Evacuation Pause)
[2024-08-28T13:09:26.986+0000][info][gc,task     ] GC(207) Using 49 workers of 68 for evacuation
[2024-08-28T13:09:27.001+0000][info][gc,phases   ] GC(207)   Pre Evacuate Collection Set: 0.4ms
[2024-08-28T13:09:27.001+0000][info][gc,phases   ] GC(207)   Merge Heap Roots: 0.8ms
[2024-08-28T13:09:27.001+0000][info][gc,phases   ] GC(207)   Evacuate Collection Set: 12.9ms
[2024-08-28T13:09:27.001+0000][info][gc,phases   ] GC(207)   Post Evacuate Collection Set: 0.7ms
[2024-08-28T13:09:27.001+0000][info][gc,phases   ] GC(207)   Other: 0.2ms
[2024-08-28T13:09:27.001+0000][info][gc,heap     ] GC(207) Eden regions: 89->0(89)
[2024-08-28T13:09:27.001+0000][info][gc,heap     ] GC(207) Survivor regions: 13->13(13)
[2024-08-28T13:09:27.001+0000][info][gc,heap     ] GC(207) Old regions: 1330->1220
[2024-08-28T13:09:27.001+0000][info][gc,heap     ] GC(207) Archive regions: 2->2
[2024-08-28T13:09:27.001+0000][info][gc,heap     ] GC(207) Humongous regions: 5->5
[2024-08-28T13:09:27.001+0000][info][gc,metaspace] GC(207) Metaspace: 100K(320K)->100K(320K) NonClass: 96K(192K)->96K(192K) Class: 4K(128K)->4K(128K)
[2024-08-28T13:09:27.001+0000][info][gc          ] GC(207) Pause Young (Mixed) (G1 Evacuation Pause) 1437M->1238M(2048M) 15.099ms
[2024-08-28T13:09:27.001+0000][info][gc,cpu      ] GC(207) User=0.65s Sys=0.01s Real=0.02s
[2024-08-28T13:09:27.058+0000][info][gc,start    ] GC(208) Pause Young (Mixed) (G1 Evacuation Pause)
[2024-08-28T13:09:27.058+0000][info][gc,task     ] GC(208) Using 49 workers of 68 for evacuation
[2024-08-28T13:09:27.072+0000][info][gc,phases   ] GC(208)   Pre Evacuate Collection Set: 0.3ms
[2024-08-28T13:09:27.072+0000][info][gc,phases   ] GC(208)   Merge Heap Roots: 0.5ms
[2024-08-28T13:09:27.072+0000][info][gc,phases   ] GC(208)   Evacuate Collection Set: 12.4ms
[2024-08-28T13:09:27.072+0000][info][gc,phases   ] GC(208)   Post Evacuate Collection Set: 0.6ms
[2024-08-28T13:09:27.072+0000][info][gc,phases   ] GC(208)   Other: 0.2ms
[2024-08-28T13:09:27.072+0000][info][gc,heap     ] GC(208) Eden regions: 89->0(189)
[2024-08-28T13:09:27.072+0000][info][gc,heap     ] GC(208) Survivor regions: 13->13(13)
[2024-08-28T13:09:27.072+0000][info][gc,heap     ] GC(208) Old regions: 1220->1234
[2024-08-28T13:09:27.072+0000][info][gc,heap     ] GC(208) Archive regions: 2->2
[2024-08-28T13:09:27.072+0000][info][gc,heap     ] GC(208) Humongous regions: 5->5
[2024-08-28T13:09:27.072+0000][info][gc,metaspace] GC(208) Metaspace: 100K(320K)->100K(320K) NonClass: 96K(192K)->96K(192K) Class: 4K(128K)->4K(128K)
[2024-08-28T13:09:27.072+0000][info][gc          ] GC(208) Pause Young (Mixed) (G1 Evacuation Pause) 1327M->1252M(2048M) 14.104ms
[2024-08-28T13:09:27.072+0000][info][gc,cpu      ] GC(208) User=0.61s Sys=0.00s Real=0.01s
[2024-08-28T13:09:27.189+0000][info][gc,start    ] GC(209) Pause Young (Normal) (G1 Evacuation Pause)
[2024-08-28T13:09:27.189+0000][info][gc,task     ] GC(209) Using 49 workers of 68 for evacuation
[2024-08-28T13:09:27.213+0000][info][gc,phases   ] GC(209)   Pre Evacuate Collection Set: 0.3ms
[2024-08-28T13:09:27.213+0000][info][gc,phases   ] GC(209)   Merge Heap Roots: 0.7ms
[2024-08-28T13:09:27.213+0000][info][gc,phases   ] GC(209)   Evacuate Collection Set: 22.0ms
[2024-08-28T13:09:27.213+0000][info][gc,phases   ] GC(209)   Post Evacuate Collection Set: 0.6ms
[2024-08-28T13:09:27.213+0000][info][gc,phases   ] GC(209)   Other: 0.2ms
[2024-08-28T13:09:27.213+0000][info][gc,heap     ] GC(209) Eden regions: 189->0(128)
[2024-08-28T13:09:27.213+0000][info][gc,heap     ] GC(209) Survivor regions: 13->26(26)
[2024-08-28T13:09:27.213+0000][info][gc,heap     ] GC(209) Old regions: 1234->1407
[2024-08-28T13:09:27.213+0000][info][gc,heap     ] GC(209) Archive regions: 2->2
[2024-08-28T13:09:27.213+0000][info][gc,heap     ] GC(209) Humongous regions: 5->5
[2024-08-28T13:09:27.213+0000][info][gc,metaspace] GC(209) Metaspace: 100K(320K)->100K(320K) NonClass: 96K(192K)->96K(192K) Class: 4K(128K)->4K(128K)
[2024-08-28T13:09:27.213+0000][info][gc          ] GC(209) Pause Young (Normal) (G1 Evacuation Pause) 1441M->1438M(2048M) 23.966ms
[2024-08-28T13:09:27.213+0000][info][gc,cpu      ] GC(209) User=1.07s Sys=0.03s Real=0.03s
[2024-08-28T13:09:27.295+0000][info][gc,start    ] GC(210) Pause Young (Concurrent Start) (G1 Evacuation Pause)
[2024-08-28T13:09:27.295+0000][info][gc,task     ] GC(210) Using 49 workers of 68 for evacuation
[2024-08-28T13:09:27.317+0000][info][gc,phases   ] GC(210)   Pre Evacuate Collection Set: 0.3ms
[2024-08-28T13:09:27.317+0000][info][gc,phases   ] GC(210)   Merge Heap Roots: 0.6ms
[2024-08-28T13:09:27.317+0000][info][gc,phases   ] GC(210)   Evacuate Collection Set: 20.3ms
[2024-08-28T13:09:27.318+0000][info][gc,phases   ] GC(210)   Post Evacuate Collection Set: 0.6ms
[2024-08-28T13:09:27.318+0000][info][gc,phases   ] GC(210)   Other: 0.7ms
[2024-08-28T13:09:27.318+0000][info][gc,heap     ] GC(210) Eden regions: 128->0(85)
[2024-08-28T13:09:27.318+0000][info][gc,heap     ] GC(210) Survivor regions: 26->20(20)
[2024-08-28T13:09:27.318+0000][info][gc,heap     ] GC(210) Old regions: 1407->1547
[2024-08-28T13:09:27.318+0000][info][gc,heap     ] GC(210) Archive regions: 2->2
[2024-08-28T13:09:27.318+0000][info][gc,heap     ] GC(210) Humongous regions: 5->5
[2024-08-28T13:09:27.318+0000][info][gc,metaspace] GC(210) Metaspace: 100K(320K)->100K(320K) NonClass: 96K(192K)->96K(192K) Class: 4K(128K)->4K(128K)
[2024-08-28T13:09:27.318+0000][info][gc          ] GC(210) Pause Young (Concurrent Start) (G1 Evacuation Pause) 1566M->1572M(2048M) 22.543ms
[2024-08-28T13:09:27.318+0000][info][gc,cpu      ] GC(210) User=1.01s Sys=0.00s Real=0.03s
[2024-08-28T13:09:27.318+0000][info][gc          ] GC(211) Concurrent Mark Cycle
[2024-08-28T13:09:27.318+0000][info][gc,marking  ] GC(211) Concurrent Clear Claimed Marks
[2024-08-28T13:09:27.318+0000][info][gc,marking  ] GC(211) Concurrent Clear Claimed Marks 0.009ms
[2024-08-28T13:09:27.318+0000][info][gc,marking  ] GC(211) Concurrent Scan Root Regions
[2024-08-28T13:09:27.322+0000][info][gc,marking  ] GC(211) Concurrent Scan Root Regions 4.525ms
[2024-08-28T13:09:27.322+0000][info][gc,marking  ] GC(211) Concurrent Mark
[2024-08-28T13:09:27.322+0000][info][gc,marking  ] GC(211) Concurrent Mark From Roots
[2024-08-28T13:09:27.322+0000][info][gc,task     ] GC(211) Using 17 workers of 17 for marking
[2024-08-28T13:09:27.345+0000][info][gc,marking  ] GC(211) Concurrent Mark From Roots 22.295ms
[2024-08-28T13:09:27.345+0000][info][gc,marking  ] GC(211) Concurrent Preclean
[2024-08-28T13:09:27.345+0000][info][gc,marking  ] GC(211) Concurrent Preclean 0.505ms
[2024-08-28T13:09:27.345+0000][info][gc,start    ] GC(211) Pause Remark
[2024-08-28T13:09:27.348+0000][info][gc          ] GC(211) Pause Remark 1599M->1367M(2048M) 2.071ms
[2024-08-28T13:09:27.348+0000][info][gc,cpu      ] GC(211) User=0.01s Sys=0.01s Real=0.00s
[2024-08-28T13:09:27.348+0000][info][gc,marking  ] GC(211) Concurrent Mark 25.295ms
[2024-08-28T13:09:27.348+0000][info][gc,marking  ] GC(211) Concurrent Rebuild Remembered Sets
[2024-08-28T13:09:27.389+0000][info][gc,start    ] GC(212) Pause Young (Normal) (G1 Evacuation Pause)
[2024-08-28T13:09:27.389+0000][info][gc,task     ] GC(212) Using 49 workers of 68 for evacuation
[2024-08-28T13:09:27.406+0000][info][gc,phases   ] GC(212)   Pre Evacuate Collection Set: 0.3ms
[2024-08-28T13:09:27.406+0000][info][gc,phases   ] GC(212)   Merge Heap Roots: 0.5ms
[2024-08-28T13:09:27.406+0000][info][gc,phases   ] GC(212)   Evacuate Collection Set: 15.2ms
[2024-08-28T13:09:27.406+0000][info][gc,phases   ] GC(212)   Post Evacuate Collection Set: 0.8ms
[2024-08-28T13:09:27.406+0000][info][gc,phases   ] GC(212)   Other: 0.2ms
[2024-08-28T13:09:27.406+0000][info][gc,heap     ] GC(212) Eden regions: 85->0(130)
[2024-08-28T13:09:27.406+0000][info][gc,heap     ] GC(212) Survivor regions: 20->14(14)
[2024-08-28T13:09:27.406+0000][info][gc,heap     ] GC(212) Old regions: 1315->1414
[2024-08-28T13:09:27.406+0000][info][gc,heap     ] GC(212) Archive regions: 2->2
[2024-08-28T13:09:27.406+0000][info][gc,heap     ] GC(212) Humongous regions: 5->5
[2024-08-28T13:09:27.406+0000][info][gc,metaspace] GC(212) Metaspace: 100K(320K)->100K(320K) NonClass: 96K(192K)->96K(192K) Class: 4K(128K)->4K(128K)
[2024-08-28T13:09:27.406+0000][info][gc          ] GC(212) Pause Young (Normal) (G1 Evacuation Pause) 1425M->1433M(2048M) 17.054ms
[2024-08-28T13:09:27.406+0000][info][gc,cpu      ] GC(212) User=0.77s Sys=0.00s Real=0.02s
[2024-08-28T13:09:27.436+0000][info][gc,marking  ] GC(211) Concurrent Rebuild Remembered Sets 88.127ms
[2024-08-28T13:09:27.436+0000][info][gc,start    ] GC(211) Pause Cleanup
[2024-08-28T13:09:27.439+0000][info][gc          ] GC(211) Pause Cleanup 1472M->1472M(2048M) 3.395ms
[2024-08-28T13:09:27.439+0000][info][gc,cpu      ] GC(211) User=0.02s Sys=0.00s Real=0.01s
[2024-08-28T13:09:27.440+0000][info][gc,marking  ] GC(211) Concurrent Cleanup for Next Mark
[2024-08-28T13:09:27.441+0000][info][gc,marking  ] GC(211) Concurrent Cleanup for Next Mark 1.743ms
[2024-08-28T13:09:27.441+0000][info][gc          ] GC(211) Concurrent Mark Cycle 123.735ms
[2024-08-28T13:09:27.499+0000][info][gc,start    ] GC(213) Pause Young (Prepare Mixed) (G1 Evacuation Pause)
[2024-08-28T13:09:27.499+0000][info][gc,task     ] GC(213) Using 49 workers of 68 for evacuation
[2024-08-28T13:09:27.528+0000][info][gc,phases   ] GC(213)   Pre Evacuate Collection Set: 0.3ms
[2024-08-28T13:09:27.528+0000][info][gc,phases   ] GC(213)   Merge Heap Roots: 1.3ms
[2024-08-28T13:09:27.528+0000][info][gc,phases   ] GC(213)   Evacuate Collection Set: 27.1ms
[2024-08-28T13:09:27.528+0000][info][gc,phases   ] GC(213)   Post Evacuate Collection Set: 0.6ms
[2024-08-28T13:09:27.528+0000][info][gc,phases   ] GC(213)   Other: 0.2ms
[2024-08-28T13:09:27.528+0000][info][gc,heap     ] GC(213) Eden regions: 130->0(84)
[2024-08-28T13:09:27.528+0000][info][gc,heap     ] GC(213) Survivor regions: 14->18(18)
[2024-08-28T13:09:27.528+0000][info][gc,heap     ] GC(213) Old regions: 1414->1544
[2024-08-28T13:09:27.528+0000][info][gc,heap     ] GC(213) Archive regions: 2->2
[2024-08-28T13:09:27.528+0000][info][gc,heap     ] GC(213) Humongous regions: 5->5
[2024-08-28T13:09:27.528+0000][info][gc,metaspace] GC(213) Metaspace: 100K(320K)->100K(320K) NonClass: 96K(192K)->96K(192K) Class: 4K(128K)->4K(128K)
[2024-08-28T13:09:27.528+0000][info][gc          ] GC(213) Pause Young (Prepare Mixed) (G1 Evacuation Pause) 1563M->1567M(2048M) 29.533ms
[2024-08-28T13:09:27.528+0000][info][gc,cpu      ] GC(213) User=1.01s Sys=0.37s Real=0.02s
[2024-08-28T13:09:27.588+0000][info][gc,start    ] GC(214) Pause Young (Mixed) (G1 Evacuation Pause)
[2024-08-28T13:09:27.588+0000][info][gc,task     ] GC(214) Using 49 workers of 68 for evacuation
[2024-08-28T13:09:27.603+0000][info][gc,phases   ] GC(214)   Pre Evacuate Collection Set: 0.4ms
[2024-08-28T13:09:27.603+0000][info][gc,phases   ] GC(214)   Merge Heap Roots: 0.5ms
[2024-08-28T13:09:27.604+0000][info][gc,phases   ] GC(214)   Evacuate Collection Set: 13.5ms
[2024-08-28T13:09:27.604+0000][info][gc,phases   ] GC(214)   Post Evacuate Collection Set: 0.6ms
[2024-08-28T13:09:27.604+0000][info][gc,phases   ] GC(214)   Other: 0.2ms
[2024-08-28T13:09:27.604+0000][info][gc,heap     ] GC(214) Eden regions: 84->0(89)
[2024-08-28T13:09:27.604+0000][info][gc,heap     ] GC(214) Survivor regions: 18->13(13)
[2024-08-28T13:09:27.604+0000][info][gc,heap     ] GC(214) Old regions: 1544->1436
[2024-08-28T13:09:27.604+0000][info][gc,heap     ] GC(214) Archive regions: 2->2
[2024-08-28T13:09:27.604+0000][info][gc,heap     ] GC(214) Humongous regions: 5->5
[2024-08-28T13:09:27.604+0000][info][gc,metaspace] GC(214) Metaspace: 100K(320K)->100K(320K) NonClass: 96K(192K)->96K(192K) Class: 4K(128K)->4K(128K)
[2024-08-28T13:09:27.604+0000][info][gc          ] GC(214) Pause Young (Mixed) (G1 Evacuation Pause) 1651M->1454M(2048M) 15.301ms
[2024-08-28T13:09:27.604+0000][info][gc,cpu      ] GC(214) User=0.67s Sys=0.00s Real=0.02s
[2024-08-28T13:09:27.667+0000][info][gc,start    ] GC(215) Pause Young (Mixed) (G1 Evacuation Pause)
[2024-08-28T13:09:27.667+0000][info][gc,task     ] GC(215) Using 49 workers of 68 for evacuation
[2024-08-28T13:09:27.682+0000][info][gc,phases   ] GC(215)   Pre Evacuate Collection Set: 0.4ms
[2024-08-28T13:09:27.682+0000][info][gc,phases   ] GC(215)   Merge Heap Roots: 0.8ms
[2024-08-28T13:09:27.682+0000][info][gc,phases   ] GC(215)   Evacuate Collection Set: 13.2ms
[2024-08-28T13:09:27.682+0000][info][gc,phases   ] GC(215)   Post Evacuate Collection Set: 0.7ms
[2024-08-28T13:09:27.682+0000][info][gc,phases   ] GC(215)   Other: 0.2ms
[2024-08-28T13:09:27.682+0000][info][gc,heap     ] GC(215) Eden regions: 89->0(89)
[2024-08-28T13:09:27.682+0000][info][gc,heap     ] GC(215) Survivor regions: 13->13(13)
[2024-08-28T13:09:27.682+0000][info][gc,heap     ] GC(215) Old regions: 1436->1323
[2024-08-28T13:09:27.682+0000][info][gc,heap     ] GC(215) Archive regions: 2->2
[2024-08-28T13:09:27.682+0000][info][gc,heap     ] GC(215) Humongous regions: 5->5
[2024-08-28T13:09:27.682+0000][info][gc,metaspace] GC(215) Metaspace: 100K(320K)->100K(320K) NonClass: 96K(192K)->96K(192K) Class: 4K(128K)->4K(128K)
[2024-08-28T13:09:27.682+0000][info][gc          ] GC(215) Pause Young (Mixed) (G1 Evacuation Pause) 1543M->1341M(2048M) 15.392ms
[2024-08-28T13:09:27.682+0000][info][gc,cpu      ] GC(215) User=0.62s Sys=0.06s Real=0.02s
[2024-08-28T13:09:27.744+0000][info][gc,start    ] GC(216) Pause Young (Mixed) (G1 Evacuation Pause)
[2024-08-28T13:09:27.744+0000][info][gc,task     ] GC(216) Using 49 workers of 68 for evacuation
[2024-08-28T13:09:27.763+0000][info][gc,phases   ] GC(216)   Pre Evacuate Collection Set: 0.4ms
[2024-08-28T13:09:27.763+0000][info][gc,phases   ] GC(216)   Merge Heap Roots: 0.5ms
[2024-08-28T13:09:27.763+0000][info][gc,phases   ] GC(216)   Evacuate Collection Set: 17.5ms
[2024-08-28T13:09:27.763+0000][info][gc,phases   ] GC(216)   Post Evacuate Collection Set: 0.6ms
[2024-08-28T13:09:27.763+0000][info][gc,phases   ] GC(216)   Other: 0.2ms
[2024-08-28T13:09:27.763+0000][info][gc,heap     ] GC(216) Eden regions: 89->0(89)
[2024-08-28T13:09:27.763+0000][info][gc,heap     ] GC(216) Survivor regions: 13->13(13)
[2024-08-28T13:09:27.763+0000][info][gc,heap     ] GC(216) Old regions: 1323->1213
[2024-08-28T13:09:27.763+0000][info][gc,heap     ] GC(216) Archive regions: 2->2
[2024-08-28T13:09:27.763+0000][info][gc,heap     ] GC(216) Humongous regions: 5->5
[2024-08-28T13:09:27.763+0000][info][gc,metaspace] GC(216) Metaspace: 100K(320K)->100K(320K) NonClass: 96K(192K)->96K(192K) Class: 4K(128K)->4K(128K)
[2024-08-28T13:09:27.763+0000][info][gc          ] GC(216) Pause Young (Mixed) (G1 Evacuation Pause) 1430M->1231M(2048M) 19.376ms
[2024-08-28T13:09:27.763+0000][info][gc,cpu      ] GC(216) User=0.63s Sys=0.05s Real=0.02s
[2024-08-28T13:09:27.846+0000][info][gc,start    ] GC(217) Pause Young (Mixed) (G1 Evacuation Pause)
[2024-08-28T13:09:27.846+0000][info][gc,task     ] GC(217) Using 49 workers of 68 for evacuation
[2024-08-28T13:09:27.864+0000][info][gc,phases   ] GC(217)   Pre Evacuate Collection Set: 0.3ms
[2024-08-28T13:09:27.864+0000][info][gc,phases   ] GC(217)   Merge Heap Roots: 0.8ms
[2024-08-28T13:09:27.864+0000][info][gc,phases   ] GC(217)   Evacuate Collection Set: 15.7ms
[2024-08-28T13:09:27.864+0000][info][gc,phases   ] GC(217)   Post Evacuate Collection Set: 0.5ms
[2024-08-28T13:09:27.864+0000][info][gc,phases   ] GC(217)   Other: 0.3ms
[2024-08-28T13:09:27.864+0000][info][gc,heap     ] GC(217) Eden regions: 89->0(187)
[2024-08-28T13:09:27.864+0000][info][gc,heap     ] GC(217) Survivor regions: 13->13(13)
[2024-08-28T13:09:27.864+0000][info][gc,heap     ] GC(217) Old regions: 1213->1240
[2024-08-28T13:09:27.864+0000][info][gc,heap     ] GC(217) Archive regions: 2->2
[2024-08-28T13:09:27.864+0000][info][gc,heap     ] GC(217) Humongous regions: 5->5
[2024-08-28T13:09:27.864+0000][info][gc,metaspace] GC(217) Metaspace: 100K(320K)->100K(320K) NonClass: 96K(192K)->96K(192K) Class: 4K(128K)->4K(128K)
[2024-08-28T13:09:27.864+0000][info][gc          ] GC(217) Pause Young (Mixed) (G1 Evacuation Pause) 1320M->1258M(2048M) 17.638ms
[2024-08-28T13:09:27.864+0000][info][gc,cpu      ] GC(217) User=0.43s Sys=0.36s Real=0.02s
[2024-08-28T13:09:27.991+0000][info][gc,start    ] GC(218) Pause Young (Normal) (G1 Evacuation Pause)
[2024-08-28T13:09:27.992+0000][info][gc,task     ] GC(218) Using 49 workers of 68 for evacuation
[2024-08-28T13:09:28.021+0000][info][gc,phases   ] GC(218)   Pre Evacuate Collection Set: 0.4ms
[2024-08-28T13:09:28.021+0000][info][gc,phases   ] GC(218)   Merge Heap Roots: 1.0ms
[2024-08-28T13:09:28.021+0000][info][gc,phases   ] GC(218)   Evacuate Collection Set: 27.1ms
[2024-08-28T13:09:28.021+0000][info][gc,phases   ] GC(218)   Post Evacuate Collection Set: 0.5ms
[2024-08-28T13:09:28.021+0000][info][gc,phases   ] GC(218)   Other: 0.3ms
[2024-08-28T13:09:28.021+0000][info][gc,heap     ] GC(218) Eden regions: 187->0(127)
[2024-08-28T13:09:28.021+0000][info][gc,heap     ] GC(218) Survivor regions: 13->25(25)
[2024-08-28T13:09:28.021+0000][info][gc,heap     ] GC(218) Old regions: 1240->1413
[2024-08-28T13:09:28.021+0000][info][gc,heap     ] GC(218) Archive regions: 2->2
[2024-08-28T13:09:28.021+0000][info][gc,heap     ] GC(218) Humongous regions: 5->5
[2024-08-28T13:09:28.021+0000][info][gc,metaspace] GC(218) Metaspace: 100K(320K)->100K(320K) NonClass: 96K(192K)->96K(192K) Class: 4K(128K)->4K(128K)
[2024-08-28T13:09:28.021+0000][info][gc          ] GC(218) Pause Young (Normal) (G1 Evacuation Pause) 1445M->1443M(2048M) 29.342ms
[2024-08-28T13:09:28.021+0000][info][gc,cpu      ] GC(218) User=1.11s Sys=0.03s Real=0.03s
[2024-08-28T13:09:28.124+0000][info][gc,start    ] GC(219) Pause Young (Concurrent Start) (G1 Evacuation Pause)
[2024-08-28T13:09:28.124+0000][info][gc,task     ] GC(219) Using 49 workers of 68 for evacuation
[2024-08-28T13:09:28.147+0000][info][gc,phases   ] GC(219)   Pre Evacuate Collection Set: 0.3ms
[2024-08-28T13:09:28.147+0000][info][gc,phases   ] GC(219)   Merge Heap Roots: 0.6ms
[2024-08-28T13:09:28.147+0000][info][gc,phases   ] GC(219)   Evacuate Collection Set: 21.1ms
[2024-08-28T13:09:28.147+0000][info][gc,phases   ] GC(219)   Post Evacuate Collection Set: 0.6ms
[2024-08-28T13:09:28.147+0000][info][gc,phases   ] GC(219)   Other: 0.7ms
[2024-08-28T13:09:28.147+0000][info][gc,heap     ] GC(219) Eden regions: 127->0(84)
[2024-08-28T13:09:28.147+0000][info][gc,heap     ] GC(219) Survivor regions: 25->19(19)
[2024-08-28T13:09:28.147+0000][info][gc,heap     ] GC(219) Old regions: 1413->1550
[2024-08-28T13:09:28.147+0000][info][gc,heap     ] GC(219) Archive regions: 2->2
[2024-08-28T13:09:28.147+0000][info][gc,heap     ] GC(219) Humongous regions: 5->5
[2024-08-28T13:09:28.147+0000][info][gc,metaspace] GC(219) Metaspace: 100K(320K)->100K(320K) NonClass: 96K(192K)->96K(192K) Class: 4K(128K)->4K(128K)
[2024-08-28T13:09:28.147+0000][info][gc          ] GC(219) Pause Young (Concurrent Start) (G1 Evacuation Pause) 1570M->1574M(2048M) 23.345ms
[2024-08-28T13:09:28.147+0000][info][gc,cpu      ] GC(219) User=0.90s Sys=0.13s Real=0.02s
[2024-08-28T13:09:28.147+0000][info][gc          ] GC(220) Concurrent Mark Cycle
[2024-08-28T13:09:28.147+0000][info][gc,marking  ] GC(220) Concurrent Clear Claimed Marks
[2024-08-28T13:09:28.147+0000][info][gc,marking  ] GC(220) Concurrent Clear Claimed Marks 0.010ms
[2024-08-28T13:09:28.147+0000][info][gc,marking  ] GC(220) Concurrent Scan Root Regions
[2024-08-28T13:09:28.152+0000][info][gc,marking  ] GC(220) Concurrent Scan Root Regions 4.274ms
[2024-08-28T13:09:28.152+0000][info][gc,marking  ] GC(220) Concurrent Mark
[2024-08-28T13:09:28.152+0000][info][gc,marking  ] GC(220) Concurrent Mark From Roots
[2024-08-28T13:09:28.152+0000][info][gc,task     ] GC(220) Using 17 workers of 17 for marking
[2024-08-28T13:09:28.177+0000][info][gc,marking  ] GC(220) Concurrent Mark From Roots 25.214ms
[2024-08-28T13:09:28.177+0000][info][gc,marking  ] GC(220) Concurrent Preclean
[2024-08-28T13:09:28.178+0000][info][gc,marking  ] GC(220) Concurrent Preclean 0.545ms
[2024-08-28T13:09:28.178+0000][info][gc,start    ] GC(220) Pause Remark
[2024-08-28T13:09:28.180+0000][info][gc          ] GC(220) Pause Remark 1598M->1375M(2048M) 2.323ms
[2024-08-28T13:09:28.180+0000][info][gc,cpu      ] GC(220) User=0.02s Sys=0.00s Real=0.00s
[2024-08-28T13:09:28.180+0000][info][gc,marking  ] GC(220) Concurrent Mark 28.507ms
[2024-08-28T13:09:28.180+0000][info][gc,marking  ] GC(220) Concurrent Rebuild Remembered Sets
[2024-08-28T13:09:28.229+0000][info][gc,start    ] GC(221) Pause Young (Normal) (G1 Evacuation Pause)
[2024-08-28T13:09:28.229+0000][info][gc,task     ] GC(221) Using 49 workers of 68 for evacuation
[2024-08-28T13:09:28.246+0000][info][gc,phases   ] GC(221)   Pre Evacuate Collection Set: 0.3ms
[2024-08-28T13:09:28.246+0000][info][gc,phases   ] GC(221)   Merge Heap Roots: 0.9ms
[2024-08-28T13:09:28.246+0000][info][gc,phases   ] GC(221)   Evacuate Collection Set: 14.1ms
[2024-08-28T13:09:28.246+0000][info][gc,phases   ] GC(221)   Post Evacuate Collection Set: 0.8ms
[2024-08-28T13:09:28.246+0000][info][gc,phases   ] GC(221)   Other: 0.2ms
[2024-08-28T13:09:28.246+0000][info][gc,heap     ] GC(221) Eden regions: 84->0(126)
[2024-08-28T13:09:28.246+0000][info][gc,heap     ] GC(221) Survivor regions: 19->13(13)
[2024-08-28T13:09:28.246+0000][info][gc,heap     ] GC(221) Old regions: 1327->1426
[2024-08-28T13:09:28.246+0000][info][gc,heap     ] GC(221) Archive regions: 2->2
[2024-08-28T13:09:28.246+0000][info][gc,heap     ] GC(221) Humongous regions: 5->5
[2024-08-28T13:09:28.246+0000][info][gc,metaspace] GC(221) Metaspace: 100K(320K)->100K(320K) NonClass: 96K(192K)->96K(192K) Class: 4K(128K)->4K(128K)
[2024-08-28T13:09:28.246+0000][info][gc          ] GC(221) Pause Young (Normal) (G1 Evacuation Pause) 1435M->1444M(2048M) 16.382ms
[2024-08-28T13:09:28.246+0000][info][gc,cpu      ] GC(221) User=0.62s Sys=0.11s Real=0.02s
[2024-08-28T13:09:28.266+0000][info][gc,marking  ] GC(220) Concurrent Rebuild Remembered Sets 85.965ms
[2024-08-28T13:09:28.267+0000][info][gc,start    ] GC(220) Pause Cleanup
[2024-08-28T13:09:28.270+0000][info][gc          ] GC(220) Pause Cleanup 1470M->1470M(2048M) 3.352ms
[2024-08-28T13:09:28.270+0000][info][gc,cpu      ] GC(220) User=0.01s Sys=0.00s Real=0.01s
[2024-08-28T13:09:28.270+0000][info][gc,marking  ] GC(220) Concurrent Cleanup for Next Mark
[2024-08-28T13:09:28.272+0000][info][gc,marking  ] GC(220) Concurrent Cleanup for Next Mark 1.732ms
[2024-08-28T13:09:28.272+0000][info][gc          ] GC(220) Concurrent Mark Cycle 124.407ms
[2024-08-28T13:09:28.335+0000][info][gc,start    ] GC(222) Pause Young (Prepare Mixed) (G1 Evacuation Pause)
[2024-08-28T13:09:28.335+0000][info][gc,task     ] GC(222) Using 49 workers of 68 for evacuation
[2024-08-28T13:09:28.361+0000][info][gc,phases   ] GC(222)   Pre Evacuate Collection Set: 0.3ms
[2024-08-28T13:09:28.361+0000][info][gc,phases   ] GC(222)   Merge Heap Roots: 0.8ms
[2024-08-28T13:09:28.361+0000][info][gc,phases   ] GC(222)   Evacuate Collection Set: 24.1ms
[2024-08-28T13:09:28.361+0000][info][gc,phases   ] GC(222)   Post Evacuate Collection Set: 0.6ms
[2024-08-28T13:09:28.361+0000][info][gc,phases   ] GC(222)   Other: 0.2ms
[2024-08-28T13:09:28.361+0000][info][gc,heap     ] GC(222) Eden regions: 126->0(84)
[2024-08-28T13:09:28.361+0000][info][gc,heap     ] GC(222) Survivor regions: 13->18(18)
[2024-08-28T13:09:28.361+0000][info][gc,heap     ] GC(222) Old regions: 1426->1551
[2024-08-28T13:09:28.361+0000][info][gc,heap     ] GC(222) Archive regions: 2->2
[2024-08-28T13:09:28.361+0000][info][gc,heap     ] GC(222) Humongous regions: 5->5
[2024-08-28T13:09:28.361+0000][info][gc,metaspace] GC(222) Metaspace: 100K(320K)->100K(320K) NonClass: 96K(192K)->96K(192K) Class: 4K(128K)->4K(128K)
[2024-08-28T13:09:28.361+0000][info][gc          ] GC(222) Pause Young (Prepare Mixed) (G1 Evacuation Pause) 1570M->1574M(2048M) 26.029ms
[2024-08-28T13:09:28.361+0000][info][gc,cpu      ] GC(222) User=1.05s Sys=0.16s Real=0.03s
[2024-08-28T13:09:28.416+0000][info][gc,start    ] GC(223) Pause Young (Mixed) (G1 Evacuation Pause)
[2024-08-28T13:09:28.416+0000][info][gc,task     ] GC(223) Using 49 workers of 68 for evacuation
[2024-08-28T13:09:28.430+0000][info][gc,phases   ] GC(223)   Pre Evacuate Collection Set: 0.4ms
[2024-08-28T13:09:28.430+0000][info][gc,phases   ] GC(223)   Merge Heap Roots: 0.5ms
[2024-08-28T13:09:28.430+0000][info][gc,phases   ] GC(223)   Evacuate Collection Set: 12.8ms
[2024-08-28T13:09:28.430+0000][info][gc,phases   ] GC(223)   Post Evacuate Collection Set: 0.7ms
[2024-08-28T13:09:28.430+0000][info][gc,phases   ] GC(223)   Other: 0.2ms
[2024-08-28T13:09:28.430+0000][info][gc,heap     ] GC(223) Eden regions: 84->0(89)
[2024-08-28T13:09:28.430+0000][info][gc,heap     ] GC(223) Survivor regions: 18->13(13)
[2024-08-28T13:09:28.430+0000][info][gc,heap     ] GC(223) Old regions: 1551->1441
[2024-08-28T13:09:28.430+0000][info][gc,heap     ] GC(223) Archive regions: 2->2
[2024-08-28T13:09:28.430+0000][info][gc,heap     ] GC(223) Humongous regions: 5->5
[2024-08-28T13:09:28.430+0000][info][gc,metaspace] GC(223) Metaspace: 100K(320K)->100K(320K) NonClass: 96K(192K)->96K(192K) Class: 4K(128K)->4K(128K)
[2024-08-28T13:09:28.430+0000][info][gc          ] GC(223) Pause Young (Mixed) (G1 Evacuation Pause) 1658M->1459M(2048M) 14.654ms
[2024-08-28T13:09:28.430+0000][info][gc,cpu      ] GC(223) User=0.64s Sys=0.00s Real=0.02s
[2024-08-28T13:09:28.488+0000][info][gc,start    ] GC(224) Pause Young (Mixed) (G1 Evacuation Pause)
[2024-08-28T13:09:28.489+0000][info][gc,task     ] GC(224) Using 49 workers of 68 for evacuation
[2024-08-28T13:09:28.504+0000][info][gc,phases   ] GC(224)   Pre Evacuate Collection Set: 0.4ms
[2024-08-28T13:09:28.504+0000][info][gc,phases   ] GC(224)   Merge Heap Roots: 0.5ms
[2024-08-28T13:09:28.504+0000][info][gc,phases   ] GC(224)   Evacuate Collection Set: 14.2ms
[2024-08-28T13:09:28.504+0000][info][gc,phases   ] GC(224)   Post Evacuate Collection Set: 0.6ms
[2024-08-28T13:09:28.504+0000][info][gc,phases   ] GC(224)   Other: 0.3ms
[2024-08-28T13:09:28.504+0000][info][gc,heap     ] GC(224) Eden regions: 89->0(89)
[2024-08-28T13:09:28.504+0000][info][gc,heap     ] GC(224) Survivor regions: 13->13(13)
[2024-08-28T13:09:28.504+0000][info][gc,heap     ] GC(224) Old regions: 1441->1330
[2024-08-28T13:09:28.505+0000][info][gc,heap     ] GC(224) Archive regions: 2->2
[2024-08-28T13:09:28.505+0000][info][gc,heap     ] GC(224) Humongous regions: 5->5
[2024-08-28T13:09:28.505+0000][info][gc,metaspace] GC(224) Metaspace: 100K(320K)->100K(320K) NonClass: 96K(192K)->96K(192K) Class: 4K(128K)->4K(128K)
[2024-08-28T13:09:28.505+0000][info][gc          ] GC(224) Pause Young (Mixed) (G1 Evacuation Pause) 1548M->1348M(2048M) 16.079ms
[2024-08-28T13:09:28.505+0000][info][gc,cpu      ] GC(224) User=0.61s Sys=0.10s Real=0.02s
[2024-08-28T13:09:28.565+0000][info][gc,start    ] GC(225) Pause Young (Mixed) (G1 Evacuation Pause)
[2024-08-28T13:09:28.565+0000][info][gc,task     ] GC(225) Using 49 workers of 68 for evacuation
[2024-08-28T13:09:28.581+0000][info][gc,phases   ] GC(225)   Pre Evacuate Collection Set: 0.4ms
[2024-08-28T13:09:28.582+0000][info][gc,phases   ] GC(225)   Merge Heap Roots: 0.6ms
[2024-08-28T13:09:28.582+0000][info][gc,phases   ] GC(225)   Evacuate Collection Set: 14.9ms
[2024-08-28T13:09:28.582+0000][info][gc,phases   ] GC(225)   Post Evacuate Collection Set: 0.6ms
[2024-08-28T13:09:28.582+0000][info][gc,phases   ] GC(225)   Other: 0.2ms
[2024-08-28T13:09:28.582+0000][info][gc,heap     ] GC(225) Eden regions: 89->0(89)
[2024-08-28T13:09:28.582+0000][info][gc,heap     ] GC(225) Survivor regions: 13->13(13)
[2024-08-28T13:09:28.582+0000][info][gc,heap     ] GC(225) Old regions: 1330->1217
[2024-08-28T13:09:28.582+0000][info][gc,heap     ] GC(225) Archive regions: 2->2
[2024-08-28T13:09:28.582+0000][info][gc,heap     ] GC(225) Humongous regions: 5->5
[2024-08-28T13:09:28.582+0000][info][gc,metaspace] GC(225) Metaspace: 100K(320K)->100K(320K) NonClass: 96K(192K)->96K(192K) Class: 4K(128K)->4K(128K)
[2024-08-28T13:09:28.582+0000][info][gc          ] GC(225) Pause Young (Mixed) (G1 Evacuation Pause) 1437M->1235M(2048M) 16.837ms
[2024-08-28T13:09:28.582+0000][info][gc,cpu      ] GC(225) User=0.55s Sys=0.20s Real=0.02s
[2024-08-28T13:09:28.648+0000][info][gc,start    ] GC(226) Pause Young (Mixed) (G1 Evacuation Pause)
[2024-08-28T13:09:28.648+0000][info][gc,task     ] GC(226) Using 49 workers of 68 for evacuation
[2024-08-28T13:09:28.663+0000][info][gc,phases   ] GC(226)   Pre Evacuate Collection Set: 0.3ms
[2024-08-28T13:09:28.663+0000][info][gc,phases   ] GC(226)   Merge Heap Roots: 0.5ms
[2024-08-28T13:09:28.663+0000][info][gc,phases   ] GC(226)   Evacuate Collection Set: 13.1ms
[2024-08-28T13:09:28.663+0000][info][gc,phases   ] GC(226)   Post Evacuate Collection Set: 0.5ms
[2024-08-28T13:09:28.663+0000][info][gc,phases   ] GC(226)   Other: 0.2ms
[2024-08-28T13:09:28.663+0000][info][gc,heap     ] GC(226) Eden regions: 89->0(190)
[2024-08-28T13:09:28.663+0000][info][gc,heap     ] GC(226) Survivor regions: 13->13(13)
[2024-08-28T13:09:28.663+0000][info][gc,heap     ] GC(226) Old regions: 1217->1231
[2024-08-28T13:09:28.663+0000][info][gc,heap     ] GC(226) Archive regions: 2->2
[2024-08-28T13:09:28.663+0000][info][gc,heap     ] GC(226) Humongous regions: 5->5
[2024-08-28T13:09:28.663+0000][info][gc,metaspace] GC(226) Metaspace: 100K(320K)->100K(320K) NonClass: 96K(192K)->96K(192K) Class: 4K(128K)->4K(128K)
[2024-08-28T13:09:28.663+0000][info][gc          ] GC(226) Pause Young (Mixed) (G1 Evacuation Pause) 1324M->1249M(2048M) 14.731ms
[2024-08-28T13:09:28.663+0000][info][gc,cpu      ] GC(226) User=0.66s Sys=0.00s Real=0.02s
[2024-08-28T13:09:28.780+0000][info][gc,start    ] GC(227) Pause Young (Normal) (G1 Evacuation Pause)
[2024-08-28T13:09:28.780+0000][info][gc,task     ] GC(227) Using 49 workers of 68 for evacuation
[2024-08-28T13:09:28.807+0000][info][gc,phases   ] GC(227)   Pre Evacuate Collection Set: 0.3ms
[2024-08-28T13:09:28.807+0000][info][gc,phases   ] GC(227)   Merge Heap Roots: 0.7ms
[2024-08-28T13:09:28.807+0000][info][gc,phases   ] GC(227)   Evacuate Collection Set: 25.2ms
[2024-08-28T13:09:28.807+0000][info][gc,phases   ] GC(227)   Post Evacuate Collection Set: 0.6ms
[2024-08-28T13:09:28.807+0000][info][gc,phases   ] GC(227)   Other: 0.2ms
[2024-08-28T13:09:28.807+0000][info][gc,heap     ] GC(227) Eden regions: 190->0(129)
[2024-08-28T13:09:28.807+0000][info][gc,heap     ] GC(227) Survivor regions: 13->26(26)
[2024-08-28T13:09:28.807+0000][info][gc,heap     ] GC(227) Old regions: 1231->1405
[2024-08-28T13:09:28.807+0000][info][gc,heap     ] GC(227) Archive regions: 2->2
[2024-08-28T13:09:28.807+0000][info][gc,heap     ] GC(227) Humongous regions: 5->5
[2024-08-28T13:09:28.807+0000][info][gc,metaspace] GC(227) Metaspace: 100K(320K)->100K(320K) NonClass: 96K(192K)->96K(192K) Class: 4K(128K)->4K(128K)
[2024-08-28T13:09:28.807+0000][info][gc          ] GC(227) Pause Young (Normal) (G1 Evacuation Pause) 1439M->1436M(2048M) 27.036ms
[2024-08-28T13:09:28.807+0000][info][gc,cpu      ] GC(227) User=0.88s Sys=0.36s Real=0.02s
[2024-08-28T13:09:28.888+0000][info][gc,start    ] GC(228) Pause Young (Concurrent Start) (G1 Evacuation Pause)
[2024-08-28T13:09:28.888+0000][info][gc,task     ] GC(228) Using 49 workers of 68 for evacuation
[2024-08-28T13:09:28.910+0000][info][gc,phases   ] GC(228)   Pre Evacuate Collection Set: 0.3ms
[2024-08-28T13:09:28.910+0000][info][gc,phases   ] GC(228)   Merge Heap Roots: 1.0ms
[2024-08-28T13:09:28.910+0000][info][gc,phases   ] GC(228)   Evacuate Collection Set: 19.3ms
[2024-08-28T13:09:28.910+0000][info][gc,phases   ] GC(228)   Post Evacuate Collection Set: 0.7ms
[2024-08-28T13:09:28.910+0000][info][gc,phases   ] GC(228)   Other: 0.8ms
[2024-08-28T13:09:28.910+0000][info][gc,heap     ] GC(228) Eden regions: 129->0(85)
[2024-08-28T13:09:28.910+0000][info][gc,heap     ] GC(228) Survivor regions: 26->20(20)
[2024-08-28T13:09:28.910+0000][info][gc,heap     ] GC(228) Old regions: 1405->1546
[2024-08-28T13:09:28.910+0000][info][gc,heap     ] GC(228) Archive regions: 2->2
[2024-08-28T13:09:28.910+0000][info][gc,heap     ] GC(228) Humongous regions: 5->5
[2024-08-28T13:09:28.910+0000][info][gc,metaspace] GC(228) Metaspace: 100K(320K)->100K(320K) NonClass: 96K(192K)->96K(192K) Class: 4K(128K)->4K(128K)
[2024-08-28T13:09:28.910+0000][info][gc          ] GC(228) Pause Young (Concurrent Start) (G1 Evacuation Pause) 1565M->1571M(2048M) 22.147ms
[2024-08-28T13:09:28.910+0000][info][gc,cpu      ] GC(228) User=0.99s Sys=0.00s Real=0.03s
[2024-08-28T13:09:28.910+0000][info][gc          ] GC(229) Concurrent Mark Cycle
[2024-08-28T13:09:28.910+0000][info][gc,marking  ] GC(229) Concurrent Clear Claimed Marks
[2024-08-28T13:09:28.910+0000][info][gc,marking  ] GC(229) Concurrent Clear Claimed Marks 0.010ms
[2024-08-28T13:09:28.910+0000][info][gc,marking  ] GC(229) Concurrent Scan Root Regions
[2024-08-28T13:09:28.915+0000][info][gc,marking  ] GC(229) Concurrent Scan Root Regions 4.510ms
[2024-08-28T13:09:28.915+0000][info][gc,marking  ] GC(229) Concurrent Mark
[2024-08-28T13:09:28.915+0000][info][gc,marking  ] GC(229) Concurrent Mark From Roots
[2024-08-28T13:09:28.915+0000][info][gc,task     ] GC(229) Using 17 workers of 17 for marking
[2024-08-28T13:09:28.937+0000][info][gc,marking  ] GC(229) Concurrent Mark From Roots 21.975ms
[2024-08-28T13:09:28.937+0000][info][gc,marking  ] GC(229) Concurrent Preclean
[2024-08-28T13:09:28.937+0000][info][gc,marking  ] GC(229) Concurrent Preclean 0.506ms
[2024-08-28T13:09:28.938+0000][info][gc,start    ] GC(229) Pause Remark
[2024-08-28T13:09:28.940+0000][info][gc          ] GC(229) Pause Remark 1597M->1397M(2048M) 2.040ms
[2024-08-28T13:09:28.940+0000][info][gc,cpu      ] GC(229) User=0.01s Sys=0.00s Real=0.00s
[2024-08-28T13:09:28.940+0000][info][gc,marking  ] GC(229) Concurrent Mark 24.948ms
[2024-08-28T13:09:28.940+0000][info][gc,marking  ] GC(229) Concurrent Rebuild Remembered Sets
[2024-08-28T13:09:28.981+0000][info][gc,start    ] GC(230) Pause Young (Normal) (G1 Evacuation Pause)
[2024-08-28T13:09:28.981+0000][info][gc,task     ] GC(230) Using 49 workers of 68 for evacuation
[2024-08-28T13:09:28.997+0000][info][gc,phases   ] GC(230)   Pre Evacuate Collection Set: 0.3ms
[2024-08-28T13:09:28.997+0000][info][gc,phases   ] GC(230)   Merge Heap Roots: 0.5ms
[2024-08-28T13:09:28.997+0000][info][gc,phases   ] GC(230)   Evacuate Collection Set: 14.3ms
[2024-08-28T13:09:28.997+0000][info][gc,phases   ] GC(230)   Post Evacuate Collection Set: 0.8ms
[2024-08-28T13:09:28.997+0000][info][gc,phases   ] GC(230)   Other: 0.2ms
[2024-08-28T13:09:28.997+0000][info][gc,heap     ] GC(230) Eden regions: 85->0(120)
[2024-08-28T13:09:28.997+0000][info][gc,heap     ] GC(230) Survivor regions: 20->14(14)
[2024-08-28T13:09:28.997+0000][info][gc,heap     ] GC(230) Old regions: 1346->1444
[2024-08-28T13:09:28.997+0000][info][gc,heap     ] GC(230) Archive regions: 2->2
[2024-08-28T13:09:28.997+0000][info][gc,heap     ] GC(230) Humongous regions: 5->5
[2024-08-28T13:09:28.997+0000][info][gc,metaspace] GC(230) Metaspace: 100K(320K)->100K(320K) NonClass: 96K(192K)->96K(192K) Class: 4K(128K)->4K(128K)
[2024-08-28T13:09:28.997+0000][info][gc          ] GC(230) Pause Young (Normal) (G1 Evacuation Pause) 1456M->1463M(2048M) 16.196ms
[2024-08-28T13:09:28.997+0000][info][gc,cpu      ] GC(230) User=0.72s Sys=0.00s Real=0.01s
[2024-08-28T13:09:29.028+0000][info][gc,marking  ] GC(229) Concurrent Rebuild Remembered Sets 88.521ms
[2024-08-28T13:09:29.029+0000][info][gc,start    ] GC(229) Pause Cleanup
[2024-08-28T13:09:29.032+0000][info][gc          ] GC(229) Pause Cleanup 1505M->1505M(2048M) 3.405ms
[2024-08-28T13:09:29.032+0000][info][gc,cpu      ] GC(229) User=0.01s Sys=0.01s Real=0.01s
[2024-08-28T13:09:29.032+0000][info][gc,marking  ] GC(229) Concurrent Cleanup for Next Mark
[2024-08-28T13:09:29.034+0000][info][gc,marking  ] GC(229) Concurrent Cleanup for Next Mark 1.681ms
[2024-08-28T13:09:29.034+0000][info][gc          ] GC(229) Concurrent Mark Cycle 123.686ms
[2024-08-28T13:09:29.083+0000][info][gc,start    ] GC(231) Pause Young (Prepare Mixed) (G1 Evacuation Pause)
[2024-08-28T13:09:29.083+0000][info][gc,task     ] GC(231) Using 49 workers of 68 for evacuation
[2024-08-28T13:09:29.107+0000][info][gc,phases   ] GC(231)   Pre Evacuate Collection Set: 0.3ms
[2024-08-28T13:09:29.107+0000][info][gc,phases   ] GC(231)   Merge Heap Roots: 0.9ms
[2024-08-28T13:09:29.107+0000][info][gc,phases   ] GC(231)   Evacuate Collection Set: 21.8ms
[2024-08-28T13:09:29.107+0000][info][gc,phases   ] GC(231)   Post Evacuate Collection Set: 0.6ms
[2024-08-28T13:09:29.107+0000][info][gc,phases   ] GC(231)   Other: 0.2ms
[2024-08-28T13:09:29.107+0000][info][gc,heap     ] GC(231) Eden regions: 120->0(85)
[2024-08-28T13:09:29.107+0000][info][gc,heap     ] GC(231) Survivor regions: 14->17(17)
[2024-08-28T13:09:29.107+0000][info][gc,heap     ] GC(231) Old regions: 1444->1565
[2024-08-28T13:09:29.107+0000][info][gc,heap     ] GC(231) Archive regions: 2->2
[2024-08-28T13:09:29.107+0000][info][gc,heap     ] GC(231) Humongous regions: 5->5
[2024-08-28T13:09:29.107+0000][info][gc,metaspace] GC(231) Metaspace: 100K(320K)->100K(320K) NonClass: 96K(192K)->96K(192K) Class: 4K(128K)->4K(128K)
[2024-08-28T13:09:29.107+0000][info][gc          ] GC(231) Pause Young (Prepare Mixed) (G1 Evacuation Pause) 1583M->1587M(2048M) 23.859ms
[2024-08-28T13:09:29.107+0000][info][gc,cpu      ] GC(231) User=1.10s Sys=0.00s Real=0.02s
[2024-08-28T13:09:29.163+0000][info][gc,start    ] GC(232) Pause Young (Mixed) (G1 Evacuation Pause)
[2024-08-28T13:09:29.163+0000][info][gc,task     ] GC(232) Using 49 workers of 68 for evacuation
[2024-08-28T13:09:29.178+0000][info][gc,phases   ] GC(232)   Pre Evacuate Collection Set: 0.5ms
[2024-08-28T13:09:29.178+0000][info][gc,phases   ] GC(232)   Merge Heap Roots: 0.8ms
[2024-08-28T13:09:29.178+0000][info][gc,phases   ] GC(232)   Evacuate Collection Set: 12.7ms
[2024-08-28T13:09:29.178+0000][info][gc,phases   ] GC(232)   Post Evacuate Collection Set: 0.7ms
[2024-08-28T13:09:29.178+0000][info][gc,phases   ] GC(232)   Other: 0.2ms
[2024-08-28T13:09:29.178+0000][info][gc,heap     ] GC(232) Eden regions: 85->0(89)
[2024-08-28T13:09:29.178+0000][info][gc,heap     ] GC(232) Survivor regions: 17->13(13)
[2024-08-28T13:09:29.178+0000][info][gc,heap     ] GC(232) Old regions: 1565->1456
[2024-08-28T13:09:29.178+0000][info][gc,heap     ] GC(232) Archive regions: 2->2
[2024-08-28T13:09:29.178+0000][info][gc,heap     ] GC(232) Humongous regions: 5->5
[2024-08-28T13:09:29.178+0000][info][gc,metaspace] GC(232) Metaspace: 100K(320K)->100K(320K) NonClass: 96K(192K)->96K(192K) Class: 4K(128K)->4K(128K)
[2024-08-28T13:09:29.178+0000][info][gc          ] GC(232) Pause Young (Mixed) (G1 Evacuation Pause) 1672M->1474M(2048M) 14.933ms
[2024-08-28T13:09:29.178+0000][info][gc,cpu      ] GC(232) User=0.65s Sys=0.00s Real=0.02s
[2024-08-28T13:09:29.236+0000][info][gc,start    ] GC(233) Pause Young (Mixed) (G1 Evacuation Pause)
[2024-08-28T13:09:29.236+0000][info][gc,task     ] GC(233) Using 49 workers of 68 for evacuation
[2024-08-28T13:09:29.251+0000][info][gc,phases   ] GC(233)   Pre Evacuate Collection Set: 0.4ms
[2024-08-28T13:09:29.251+0000][info][gc,phases   ] GC(233)   Merge Heap Roots: 0.5ms
[2024-08-28T13:09:29.251+0000][info][gc,phases   ] GC(233)   Evacuate Collection Set: 13.4ms
[2024-08-28T13:09:29.251+0000][info][gc,phases   ] GC(233)   Post Evacuate Collection Set: 0.6ms
[2024-08-28T13:09:29.251+0000][info][gc,phases   ] GC(233)   Other: 0.3ms
[2024-08-28T13:09:29.251+0000][info][gc,heap     ] GC(233) Eden regions: 89->0(89)
[2024-08-28T13:09:29.251+0000][info][gc,heap     ] GC(233) Survivor regions: 13->13(13)
[2024-08-28T13:09:29.251+0000][info][gc,heap     ] GC(233) Old regions: 1456->1345
[2024-08-28T13:09:29.251+0000][info][gc,heap     ] GC(233) Archive regions: 2->2
[2024-08-28T13:09:29.251+0000][info][gc,heap     ] GC(233) Humongous regions: 5->5
[2024-08-28T13:09:29.251+0000][info][gc,metaspace] GC(233) Metaspace: 100K(320K)->100K(320K) NonClass: 96K(192K)->96K(192K) Class: 4K(128K)->4K(128K)
[2024-08-28T13:09:29.251+0000][info][gc          ] GC(233) Pause Young (Mixed) (G1 Evacuation Pause) 1563M->1363M(2048M) 15.330ms
[2024-08-28T13:09:29.251+0000][info][gc,cpu      ] GC(233) User=0.66s Sys=0.01s Real=0.02s
[2024-08-28T13:09:29.313+0000][info][gc,start    ] GC(234) Pause Young (Mixed) (G1 Evacuation Pause)
[2024-08-28T13:09:29.313+0000][info][gc,task     ] GC(234) Using 49 workers of 68 for evacuation
[2024-08-28T13:09:29.328+0000][info][gc,phases   ] GC(234)   Pre Evacuate Collection Set: 0.4ms
[2024-08-28T13:09:29.328+0000][info][gc,phases   ] GC(234)   Merge Heap Roots: 0.9ms
[2024-08-28T13:09:29.328+0000][info][gc,phases   ] GC(234)   Evacuate Collection Set: 12.9ms
[2024-08-28T13:09:29.328+0000][info][gc,phases   ] GC(234)   Post Evacuate Collection Set: 0.6ms
[2024-08-28T13:09:29.328+0000][info][gc,phases   ] GC(234)   Other: 0.2ms
[2024-08-28T13:09:29.328+0000][info][gc,heap     ] GC(234) Eden regions: 89->0(89)
[2024-08-28T13:09:29.328+0000][info][gc,heap     ] GC(234) Survivor regions: 13->13(13)
[2024-08-28T13:09:29.328+0000][info][gc,heap     ] GC(234) Old regions: 1345->1234
[2024-08-28T13:09:29.328+0000][info][gc,heap     ] GC(234) Archive regions: 2->2
[2024-08-28T13:09:29.328+0000][info][gc,heap     ] GC(234) Humongous regions: 5->5
[2024-08-28T13:09:29.328+0000][info][gc,metaspace] GC(234) Metaspace: 100K(320K)->100K(320K) NonClass: 96K(192K)->96K(192K) Class: 4K(128K)->4K(128K)
[2024-08-28T13:09:29.328+0000][info][gc          ] GC(234) Pause Young (Mixed) (G1 Evacuation Pause) 1452M->1252M(2048M) 15.133ms
[2024-08-28T13:09:29.328+0000][info][gc,cpu      ] GC(234) User=0.64s Sys=0.03s Real=0.01s
[2024-08-28T13:09:29.385+0000][info][gc,start    ] GC(235) Pause Young (Mixed) (G1 Evacuation Pause)
[2024-08-28T13:09:29.385+0000][info][gc,task     ] GC(235) Using 49 workers of 68 for evacuation
[2024-08-28T13:09:29.400+0000][info][gc,phases   ] GC(235)   Pre Evacuate Collection Set: 0.3ms
[2024-08-28T13:09:29.400+0000][info][gc,phases   ] GC(235)   Merge Heap Roots: 0.6ms
[2024-08-28T13:09:29.400+0000][info][gc,phases   ] GC(235)   Evacuate Collection Set: 13.0ms
[2024-08-28T13:09:29.400+0000][info][gc,phases   ] GC(235)   Post Evacuate Collection Set: 0.6ms
[2024-08-28T13:09:29.400+0000][info][gc,phases   ] GC(235)   Other: 0.2ms
[2024-08-28T13:09:29.400+0000][info][gc,heap     ] GC(235) Eden regions: 89->0(190)
[2024-08-28T13:09:29.400+0000][info][gc,heap     ] GC(235) Survivor regions: 13->13(13)
[2024-08-28T13:09:29.400+0000][info][gc,heap     ] GC(235) Old regions: 1234->1231
[2024-08-28T13:09:29.400+0000][info][gc,heap     ] GC(235) Archive regions: 2->2
[2024-08-28T13:09:29.400+0000][info][gc,heap     ] GC(235) Humongous regions: 5->5
[2024-08-28T13:09:29.400+0000][info][gc,metaspace] GC(235) Metaspace: 100K(320K)->100K(320K) NonClass: 96K(192K)->96K(192K) Class: 4K(128K)->4K(128K)
[2024-08-28T13:09:29.400+0000][info][gc          ] GC(235) Pause Young (Mixed) (G1 Evacuation Pause) 1341M->1249M(2048M) 14.796ms
[2024-08-28T13:09:29.400+0000][info][gc,cpu      ] GC(235) User=0.66s Sys=0.00s Real=0.02s
[2024-08-28T13:09:29.518+0000][info][gc,start    ] GC(236) Pause Young (Normal) (G1 Evacuation Pause)
[2024-08-28T13:09:29.518+0000][info][gc,task     ] GC(236) Using 49 workers of 68 for evacuation
[2024-08-28T13:09:29.542+0000][info][gc,phases   ] GC(236)   Pre Evacuate Collection Set: 0.3ms
[2024-08-28T13:09:29.542+0000][info][gc,phases   ] GC(236)   Merge Heap Roots: 0.7ms
[2024-08-28T13:09:29.542+0000][info][gc,phases   ] GC(236)   Evacuate Collection Set: 21.9ms
[2024-08-28T13:09:29.542+0000][info][gc,phases   ] GC(236)   Post Evacuate Collection Set: 0.6ms
[2024-08-28T13:09:29.542+0000][info][gc,phases   ] GC(236)   Other: 0.2ms
[2024-08-28T13:09:29.542+0000][info][gc,heap     ] GC(236) Eden regions: 190->0(128)
[2024-08-28T13:09:29.542+0000][info][gc,heap     ] GC(236) Survivor regions: 13->26(26)
[2024-08-28T13:09:29.542+0000][info][gc,heap     ] GC(236) Old regions: 1231->1408
[2024-08-28T13:09:29.542+0000][info][gc,heap     ] GC(236) Archive regions: 2->2
[2024-08-28T13:09:29.542+0000][info][gc,heap     ] GC(236) Humongous regions: 5->5
[2024-08-28T13:09:29.542+0000][info][gc,metaspace] GC(236) Metaspace: 100K(320K)->100K(320K) NonClass: 96K(192K)->96K(192K) Class: 4K(128K)->4K(128K)
[2024-08-28T13:09:29.542+0000][info][gc          ] GC(236) Pause Young (Normal) (G1 Evacuation Pause) 1439M->1439M(2048M) 23.786ms
[2024-08-28T13:09:29.542+0000][info][gc,cpu      ] GC(236) User=1.03s Sys=0.05s Real=0.02s
[2024-08-28T13:09:29.626+0000][info][gc,start    ] GC(237) Pause Young (Concurrent Start) (G1 Evacuation Pause)
[2024-08-28T13:09:29.626+0000][info][gc,task     ] GC(237) Using 49 workers of 68 for evacuation
[2024-08-28T13:09:29.652+0000][info][gc,phases   ] GC(237)   Pre Evacuate Collection Set: 0.3ms
[2024-08-28T13:09:29.652+0000][info][gc,phases   ] GC(237)   Merge Heap Roots: 0.5ms
[2024-08-28T13:09:29.653+0000][info][gc,phases   ] GC(237)   Evacuate Collection Set: 24.1ms
[2024-08-28T13:09:29.653+0000][info][gc,phases   ] GC(237)   Post Evacuate Collection Set: 0.6ms
[2024-08-28T13:09:29.653+0000][info][gc,phases   ] GC(237)   Other: 0.7ms
[2024-08-28T13:09:29.653+0000][info][gc,heap     ] GC(237) Eden regions: 128->0(84)
[2024-08-28T13:09:29.653+0000][info][gc,heap     ] GC(237) Survivor regions: 26->20(20)
[2024-08-28T13:09:29.653+0000][info][gc,heap     ] GC(237) Old regions: 1408->1549
[2024-08-28T13:09:29.653+0000][info][gc,heap     ] GC(237) Archive regions: 2->2
[2024-08-28T13:09:29.653+0000][info][gc,heap     ] GC(237) Humongous regions: 5->5
[2024-08-28T13:09:29.653+0000][info][gc,metaspace] GC(237) Metaspace: 100K(320K)->100K(320K) NonClass: 96K(192K)->96K(192K) Class: 4K(128K)->4K(128K)
[2024-08-28T13:09:29.653+0000][info][gc          ] GC(237) Pause Young (Concurrent Start) (G1 Evacuation Pause) 1567M->1574M(2048M) 26.321ms
[2024-08-28T13:09:29.653+0000][info][gc,cpu      ] GC(237) User=0.95s Sys=0.10s Real=0.03s
[2024-08-28T13:09:29.653+0000][info][gc          ] GC(238) Concurrent Mark Cycle
[2024-08-28T13:09:29.653+0000][info][gc,marking  ] GC(238) Concurrent Clear Claimed Marks
[2024-08-28T13:09:29.653+0000][info][gc,marking  ] GC(238) Concurrent Clear Claimed Marks 0.009ms
[2024-08-28T13:09:29.653+0000][info][gc,marking  ] GC(238) Concurrent Scan Root Regions
[2024-08-28T13:09:29.667+0000][info][gc,marking  ] GC(238) Concurrent Scan Root Regions 13.867ms
[2024-08-28T13:09:29.667+0000][info][gc,marking  ] GC(238) Concurrent Mark
[2024-08-28T13:09:29.667+0000][info][gc,marking  ] GC(238) Concurrent Mark From Roots
[2024-08-28T13:09:29.667+0000][info][gc,task     ] GC(238) Using 17 workers of 17 for marking
[2024-08-28T13:09:29.689+0000][info][gc,marking  ] GC(238) Concurrent Mark From Roots 22.487ms
[2024-08-28T13:09:29.689+0000][info][gc,marking  ] GC(238) Concurrent Preclean
[2024-08-28T13:09:29.690+0000][info][gc,marking  ] GC(238) Concurrent Preclean 1.077ms
[2024-08-28T13:09:29.691+0000][info][gc,start    ] GC(238) Pause Remark
[2024-08-28T13:09:29.693+0000][info][gc          ] GC(238) Pause Remark 1607M->1393M(2048M) 2.092ms
[2024-08-28T13:09:29.693+0000][info][gc,cpu      ] GC(238) User=0.01s Sys=0.00s Real=0.00s
[2024-08-28T13:09:29.693+0000][info][gc,marking  ] GC(238) Concurrent Mark 26.260ms
[2024-08-28T13:09:29.693+0000][info][gc,marking  ] GC(238) Concurrent Rebuild Remembered Sets
[2024-08-28T13:09:29.730+0000][info][gc,start    ] GC(239) Pause Young (Normal) (G1 Evacuation Pause)
[2024-08-28T13:09:29.730+0000][info][gc,task     ] GC(239) Using 49 workers of 68 for evacuation
[2024-08-28T13:09:29.746+0000][info][gc,phases   ] GC(239)   Pre Evacuate Collection Set: 0.3ms
[2024-08-28T13:09:29.746+0000][info][gc,phases   ] GC(239)   Merge Heap Roots: 0.5ms
[2024-08-28T13:09:29.746+0000][info][gc,phases   ] GC(239)   Evacuate Collection Set: 14.2ms
[2024-08-28T13:09:29.746+0000][info][gc,phases   ] GC(239)   Post Evacuate Collection Set: 0.9ms
[2024-08-28T13:09:29.746+0000][info][gc,phases   ] GC(239)   Other: 0.2ms
[2024-08-28T13:09:29.746+0000][info][gc,heap     ] GC(239) Eden regions: 84->0(124)
[2024-08-28T13:09:29.746+0000][info][gc,heap     ] GC(239) Survivor regions: 20->13(13)
[2024-08-28T13:09:29.746+0000][info][gc,heap     ] GC(239) Old regions: 1335->1435
[2024-08-28T13:09:29.746+0000][info][gc,heap     ] GC(239) Archive regions: 2->2
[2024-08-28T13:09:29.746+0000][info][gc,heap     ] GC(239) Humongous regions: 5->5
[2024-08-28T13:09:29.746+0000][info][gc,metaspace] GC(239) Metaspace: 100K(320K)->100K(320K) NonClass: 96K(192K)->96K(192K) Class: 4K(128K)->4K(128K)
[2024-08-28T13:09:29.746+0000][info][gc          ] GC(239) Pause Young (Normal) (G1 Evacuation Pause) 1444M->1453M(2048M) 16.119ms
[2024-08-28T13:09:29.746+0000][info][gc,cpu      ] GC(239) User=0.72s Sys=0.01s Real=0.01s
[2024-08-28T13:09:29.783+0000][info][gc,marking  ] GC(238) Concurrent Rebuild Remembered Sets 89.951ms
[2024-08-28T13:09:29.783+0000][info][gc,start    ] GC(238) Pause Cleanup
[2024-08-28T13:09:29.786+0000][info][gc          ] GC(238) Pause Cleanup 1504M->1504M(2048M) 3.326ms
[2024-08-28T13:09:29.787+0000][info][gc,cpu      ] GC(238) User=0.02s Sys=0.00s Real=0.00s
[2024-08-28T13:09:29.787+0000][info][gc,marking  ] GC(238) Concurrent Cleanup for Next Mark
[2024-08-28T13:09:29.788+0000][info][gc,marking  ] GC(238) Concurrent Cleanup for Next Mark 1.804ms
[2024-08-28T13:09:29.789+0000][info][gc          ] GC(238) Concurrent Mark Cycle 135.874ms
[2024-08-28T13:09:29.833+0000][info][gc,start    ] GC(240) Pause Young (Prepare Mixed) (G1 Evacuation Pause)
[2024-08-28T13:09:29.834+0000][info][gc,task     ] GC(240) Using 49 workers of 68 for evacuation
[2024-08-28T13:09:29.860+0000][info][gc,phases   ] GC(240)   Pre Evacuate Collection Set: 0.3ms
[2024-08-28T13:09:29.860+0000][info][gc,phases   ] GC(240)   Merge Heap Roots: 1.3ms
[2024-08-28T13:09:29.860+0000][info][gc,phases   ] GC(240)   Evacuate Collection Set: 24.0ms
[2024-08-28T13:09:29.860+0000][info][gc,phases   ] GC(240)   Post Evacuate Collection Set: 0.6ms
[2024-08-28T13:09:29.860+0000][info][gc,phases   ] GC(240)   Other: 0.2ms
[2024-08-28T13:09:29.860+0000][info][gc,heap     ] GC(240) Eden regions: 124->0(84)
[2024-08-28T13:09:29.860+0000][info][gc,heap     ] GC(240) Survivor regions: 13->18(18)
[2024-08-28T13:09:29.860+0000][info][gc,heap     ] GC(240) Old regions: 1435->1557
[2024-08-28T13:09:29.860+0000][info][gc,heap     ] GC(240) Archive regions: 2->2
[2024-08-28T13:09:29.860+0000][info][gc,heap     ] GC(240) Humongous regions: 5->5
[2024-08-28T13:09:29.860+0000][info][gc,metaspace] GC(240) Metaspace: 100K(320K)->100K(320K) NonClass: 96K(192K)->96K(192K) Class: 4K(128K)->4K(128K)
[2024-08-28T13:09:29.860+0000][info][gc          ] GC(240) Pause Young (Prepare Mixed) (G1 Evacuation Pause) 1577M->1580M(2048M) 26.362ms
[2024-08-28T13:09:29.860+0000][info][gc,cpu      ] GC(240) User=1.06s Sys=0.05s Real=0.03s
[2024-08-28T13:09:29.918+0000][info][gc,start    ] GC(241) Pause Young (Mixed) (G1 Evacuation Pause)
[2024-08-28T13:09:29.918+0000][info][gc,task     ] GC(241) Using 49 workers of 68 for evacuation
[2024-08-28T13:09:29.935+0000][info][gc,phases   ] GC(241)   Pre Evacuate Collection Set: 0.4ms
[2024-08-28T13:09:29.935+0000][info][gc,phases   ] GC(241)   Merge Heap Roots: 0.5ms
[2024-08-28T13:09:29.935+0000][info][gc,phases   ] GC(241)   Evacuate Collection Set: 15.4ms
[2024-08-28T13:09:29.935+0000][info][gc,phases   ] GC(241)   Post Evacuate Collection Set: 0.7ms
[2024-08-28T13:09:29.935+0000][info][gc,phases   ] GC(241)   Other: 0.3ms
[2024-08-28T13:09:29.935+0000][info][gc,heap     ] GC(241) Eden regions: 84->0(89)
[2024-08-28T13:09:29.935+0000][info][gc,heap     ] GC(241) Survivor regions: 18->13(13)
[2024-08-28T13:09:29.935+0000][info][gc,heap     ] GC(241) Old regions: 1557->1448
[2024-08-28T13:09:29.935+0000][info][gc,heap     ] GC(241) Archive regions: 2->2
[2024-08-28T13:09:29.935+0000][info][gc,heap     ] GC(241) Humongous regions: 5->5
[2024-08-28T13:09:29.935+0000][info][gc,metaspace] GC(241) Metaspace: 100K(320K)->100K(320K) NonClass: 96K(192K)->96K(192K) Class: 4K(128K)->4K(128K)
[2024-08-28T13:09:29.935+0000][info][gc          ] GC(241) Pause Young (Mixed) (G1 Evacuation Pause) 1664M->1466M(2048M) 17.257ms
[2024-08-28T13:09:29.935+0000][info][gc,cpu      ] GC(241) User=0.54s Sys=0.23s Real=0.01s
[2024-08-28T13:09:29.994+0000][info][gc,start    ] GC(242) Pause Young (Mixed) (G1 Evacuation Pause)
[2024-08-28T13:09:29.994+0000][info][gc,task     ] GC(242) Using 49 workers of 68 for evacuation
[2024-08-28T13:09:30.009+0000][info][gc,phases   ] GC(242)   Pre Evacuate Collection Set: 0.4ms
[2024-08-28T13:09:30.009+0000][info][gc,phases   ] GC(242)   Merge Heap Roots: 0.7ms
[2024-08-28T13:09:30.009+0000][info][gc,phases   ] GC(242)   Evacuate Collection Set: 12.7ms
[2024-08-28T13:09:30.009+0000][info][gc,phases   ] GC(242)   Post Evacuate Collection Set: 0.6ms
[2024-08-28T13:09:30.009+0000][info][gc,phases   ] GC(242)   Other: 0.3ms
[2024-08-28T13:09:30.009+0000][info][gc,heap     ] GC(242) Eden regions: 89->0(89)
[2024-08-28T13:09:30.009+0000][info][gc,heap     ] GC(242) Survivor regions: 13->13(13)
[2024-08-28T13:09:30.009+0000][info][gc,heap     ] GC(242) Old regions: 1448->1337
[2024-08-28T13:09:30.009+0000][info][gc,heap     ] GC(242) Archive regions: 2->2
[2024-08-28T13:09:30.009+0000][info][gc,heap     ] GC(242) Humongous regions: 5->5
[2024-08-28T13:09:30.009+0000][info][gc,metaspace] GC(242) Metaspace: 100K(320K)->100K(320K) NonClass: 96K(192K)->96K(192K) Class: 4K(128K)->4K(128K)
[2024-08-28T13:09:30.009+0000][info][gc          ] GC(242) Pause Young (Mixed) (G1 Evacuation Pause) 1555M->1355M(2048M) 14.791ms
[2024-08-28T13:09:30.009+0000][info][gc,cpu      ] GC(242) User=0.64s Sys=0.01s Real=0.01s
[2024-08-28T13:09:30.067+0000][info][gc,start    ] GC(243) Pause Young (Mixed) (G1 Evacuation Pause)
[2024-08-28T13:09:30.067+0000][info][gc,task     ] GC(243) Using 49 workers of 68 for evacuation
[2024-08-28T13:09:30.085+0000][info][gc,phases   ] GC(243)   Pre Evacuate Collection Set: 0.4ms
[2024-08-28T13:09:30.085+0000][info][gc,phases   ] GC(243)   Merge Heap Roots: 0.5ms
[2024-08-28T13:09:30.085+0000][info][gc,phases   ] GC(243)   Evacuate Collection Set: 15.5ms
[2024-08-28T13:09:30.085+0000][info][gc,phases   ] GC(243)   Post Evacuate Collection Set: 0.6ms
[2024-08-28T13:09:30.085+0000][info][gc,phases   ] GC(243)   Other: 0.3ms
[2024-08-28T13:09:30.085+0000][info][gc,heap     ] GC(243) Eden regions: 89->0(89)
[2024-08-28T13:09:30.085+0000][info][gc,heap     ] GC(243) Survivor regions: 13->13(13)
[2024-08-28T13:09:30.085+0000][info][gc,heap     ] GC(243) Old regions: 1337->1226
[2024-08-28T13:09:30.085+0000][info][gc,heap     ] GC(243) Archive regions: 2->2
[2024-08-28T13:09:30.085+0000][info][gc,heap     ] GC(243) Humongous regions: 5->5
[2024-08-28T13:09:30.085+0000][info][gc,metaspace] GC(243) Metaspace: 100K(320K)->100K(320K) NonClass: 96K(192K)->96K(192K) Class: 4K(128K)->4K(128K)
[2024-08-28T13:09:30.085+0000][info][gc          ] GC(243) Pause Young (Mixed) (G1 Evacuation Pause) 1444M->1244M(2048M) 17.397ms
[2024-08-28T13:09:30.085+0000][info][gc,cpu      ] GC(243) User=0.64s Sys=0.03s Real=0.02s
[2024-08-28T13:09:30.145+0000][info][gc,start    ] GC(244) Pause Young (Mixed) (G1 Evacuation Pause)
[2024-08-28T13:09:30.145+0000][info][gc,task     ] GC(244) Using 49 workers of 68 for evacuation
[2024-08-28T13:09:30.161+0000][info][gc,phases   ] GC(244)   Pre Evacuate Collection Set: 0.4ms
[2024-08-28T13:09:30.161+0000][info][gc,phases   ] GC(244)   Merge Heap Roots: 0.8ms
[2024-08-28T13:09:30.161+0000][info][gc,phases   ] GC(244)   Evacuate Collection Set: 13.8ms
[2024-08-28T13:09:30.161+0000][info][gc,phases   ] GC(244)   Post Evacuate Collection Set: 0.5ms
[2024-08-28T13:09:30.161+0000][info][gc,phases   ] GC(244)   Other: 0.3ms
[2024-08-28T13:09:30.161+0000][info][gc,heap     ] GC(244) Eden regions: 89->0(188)
[2024-08-28T13:09:30.161+0000][info][gc,heap     ] GC(244) Survivor regions: 13->13(13)
[2024-08-28T13:09:30.161+0000][info][gc,heap     ] GC(244) Old regions: 1226->1235
[2024-08-28T13:09:30.161+0000][info][gc,heap     ] GC(244) Archive regions: 2->2
[2024-08-28T13:09:30.161+0000][info][gc,heap     ] GC(244) Humongous regions: 5->5
[2024-08-28T13:09:30.161+0000][info][gc,metaspace] GC(244) Metaspace: 100K(320K)->100K(320K) NonClass: 96K(192K)->96K(192K) Class: 4K(128K)->4K(128K)
[2024-08-28T13:09:30.161+0000][info][gc          ] GC(244) Pause Young (Mixed) (G1 Evacuation Pause) 1333M->1253M(2048M) 15.820ms
[2024-08-28T13:09:30.161+0000][info][gc,cpu      ] GC(244) User=0.67s Sys=0.04s Real=0.02s
[2024-08-28T13:09:30.285+0000][info][gc,start    ] GC(245) Pause Young (Normal) (G1 Evacuation Pause)
[2024-08-28T13:09:30.285+0000][info][gc,task     ] GC(245) Using 49 workers of 68 for evacuation
[2024-08-28T13:09:30.310+0000][info][gc,phases   ] GC(245)   Pre Evacuate Collection Set: 0.3ms
[2024-08-28T13:09:30.310+0000][info][gc,phases   ] GC(245)   Merge Heap Roots: 1.0ms
[2024-08-28T13:09:30.310+0000][info][gc,phases   ] GC(245)   Evacuate Collection Set: 22.7ms
[2024-08-28T13:09:30.310+0000][info][gc,phases   ] GC(245)   Post Evacuate Collection Set: 0.6ms
[2024-08-28T13:09:30.310+0000][info][gc,phases   ] GC(245)   Other: 0.3ms
[2024-08-28T13:09:30.310+0000][info][gc,heap     ] GC(245) Eden regions: 188->0(128)
[2024-08-28T13:09:30.310+0000][info][gc,heap     ] GC(245) Survivor regions: 13->26(26)
[2024-08-28T13:09:30.310+0000][info][gc,heap     ] GC(245) Old regions: 1235->1409
[2024-08-28T13:09:30.310+0000][info][gc,heap     ] GC(245) Archive regions: 2->2
[2024-08-28T13:09:30.310+0000][info][gc,heap     ] GC(245) Humongous regions: 5->5
[2024-08-28T13:09:30.310+0000][info][gc,metaspace] GC(245) Metaspace: 100K(320K)->100K(320K) NonClass: 96K(192K)->96K(192K) Class: 4K(128K)->4K(128K)
[2024-08-28T13:09:30.310+0000][info][gc          ] GC(245) Pause Young (Normal) (G1 Evacuation Pause) 1441M->1440M(2048M) 24.939ms
[2024-08-28T13:09:30.310+0000][info][gc,cpu      ] GC(245) User=1.03s Sys=0.10s Real=0.03s
[2024-08-28T13:09:30.392+0000][info][gc,start    ] GC(246) Pause Young (Concurrent Start) (G1 Evacuation Pause)
[2024-08-28T13:09:30.392+0000][info][gc,task     ] GC(246) Using 49 workers of 68 for evacuation
[2024-08-28T13:09:30.425+0000][info][gc,phases   ] GC(246)   Pre Evacuate Collection Set: 0.3ms
[2024-08-28T13:09:30.425+0000][info][gc,phases   ] GC(246)   Merge Heap Roots: 0.6ms
[2024-08-28T13:09:30.425+0000][info][gc,phases   ] GC(246)   Evacuate Collection Set: 30.9ms
[2024-08-28T13:09:30.425+0000][info][gc,phases   ] GC(246)   Post Evacuate Collection Set: 0.5ms
[2024-08-28T13:09:30.425+0000][info][gc,phases   ] GC(246)   Other: 0.7ms
[2024-08-28T13:09:30.425+0000][info][gc,heap     ] GC(246) Eden regions: 128->0(85)
[2024-08-28T13:09:30.425+0000][info][gc,heap     ] GC(246) Survivor regions: 26->20(20)
[2024-08-28T13:09:30.425+0000][info][gc,heap     ] GC(246) Old regions: 1409->1548
[2024-08-28T13:09:30.425+0000][info][gc,heap     ] GC(246) Archive regions: 2->2
[2024-08-28T13:09:30.425+0000][info][gc,heap     ] GC(246) Humongous regions: 5->5
[2024-08-28T13:09:30.425+0000][info][gc,metaspace] GC(246) Metaspace: 100K(320K)->100K(320K) NonClass: 96K(192K)->96K(192K) Class: 4K(128K)->4K(128K)
[2024-08-28T13:09:30.425+0000][info][gc          ] GC(246) Pause Young (Concurrent Start) (G1 Evacuation Pause) 1568M->1573M(2048M) 33.047ms
[2024-08-28T13:09:30.425+0000][info][gc,cpu      ] GC(246) User=0.76s Sys=0.39s Real=0.03s
[2024-08-28T13:09:30.425+0000][info][gc          ] GC(247) Concurrent Mark Cycle
[2024-08-28T13:09:30.425+0000][info][gc,marking  ] GC(247) Concurrent Clear Claimed Marks
[2024-08-28T13:09:30.425+0000][info][gc,marking  ] GC(247) Concurrent Clear Claimed Marks 0.011ms
[2024-08-28T13:09:30.425+0000][info][gc,marking  ] GC(247) Concurrent Scan Root Regions
[2024-08-28T13:09:30.430+0000][info][gc,marking  ] GC(247) Concurrent Scan Root Regions 5.018ms
[2024-08-28T13:09:30.430+0000][info][gc,marking  ] GC(247) Concurrent Mark
[2024-08-28T13:09:30.430+0000][info][gc,marking  ] GC(247) Concurrent Mark From Roots
[2024-08-28T13:09:30.430+0000][info][gc,task     ] GC(247) Using 17 workers of 17 for marking
[2024-08-28T13:09:30.452+0000][info][gc,marking  ] GC(247) Concurrent Mark From Roots 21.756ms
[2024-08-28T13:09:30.452+0000][info][gc,marking  ] GC(247) Concurrent Preclean
[2024-08-28T13:09:30.453+0000][info][gc,marking  ] GC(247) Concurrent Preclean 0.580ms
[2024-08-28T13:09:30.453+0000][info][gc,start    ] GC(247) Pause Remark
[2024-08-28T13:09:30.455+0000][info][gc          ] GC(247) Pause Remark 1592M->1380M(2048M) 2.321ms
[2024-08-28T13:09:30.455+0000][info][gc,cpu      ] GC(247) User=0.02s Sys=0.01s Real=0.00s
[2024-08-28T13:09:30.455+0000][info][gc,marking  ] GC(247) Concurrent Mark 25.084ms
[2024-08-28T13:09:30.455+0000][info][gc,marking  ] GC(247) Concurrent Rebuild Remembered Sets
[2024-08-28T13:09:30.521+0000][info][gc,start    ] GC(248) Pause Young (Normal) (G1 Evacuation Pause)
[2024-08-28T13:09:30.521+0000][info][gc,task     ] GC(248) Using 49 workers of 68 for evacuation
[2024-08-28T13:09:30.539+0000][info][gc,phases   ] GC(248)   Pre Evacuate Collection Set: 0.3ms
[2024-08-28T13:09:30.539+0000][info][gc,phases   ] GC(248)   Merge Heap Roots: 0.9ms
[2024-08-28T13:09:30.539+0000][info][gc,phases   ] GC(248)   Evacuate Collection Set: 15.9ms
[2024-08-28T13:09:30.539+0000][info][gc,phases   ] GC(248)   Post Evacuate Collection Set: 0.8ms
[2024-08-28T13:09:30.539+0000][info][gc,phases   ] GC(248)   Other: 0.2ms
[2024-08-28T13:09:30.539+0000][info][gc,heap     ] GC(248) Eden regions: 85->0(123)
[2024-08-28T13:09:30.539+0000][info][gc,heap     ] GC(248) Survivor regions: 20->14(14)
[2024-08-28T13:09:30.539+0000][info][gc,heap     ] GC(248) Old regions: 1336->1435
[2024-08-28T13:09:30.539+0000][info][gc,heap     ] GC(248) Archive regions: 2->2
[2024-08-28T13:09:30.539+0000][info][gc,heap     ] GC(248) Humongous regions: 5->5
[2024-08-28T13:09:30.539+0000][info][gc,metaspace] GC(248) Metaspace: 100K(320K)->100K(320K) NonClass: 96K(192K)->96K(192K) Class: 4K(128K)->4K(128K)
[2024-08-28T13:09:30.539+0000][info][gc          ] GC(248) Pause Young (Normal) (G1 Evacuation Pause) 1446M->1454M(2048M) 18.160ms
[2024-08-28T13:09:30.539+0000][info][gc,cpu      ] GC(248) User=0.63s Sys=0.19s Real=0.02s
[2024-08-28T13:09:30.547+0000][info][gc,marking  ] GC(247) Concurrent Rebuild Remembered Sets 92.019ms
[2024-08-28T13:09:30.548+0000][info][gc,start    ] GC(247) Pause Cleanup
[2024-08-28T13:09:30.551+0000][info][gc          ] GC(247) Pause Cleanup 1464M->1464M(2048M) 3.459ms
[2024-08-28T13:09:30.551+0000][info][gc,cpu      ] GC(247) User=0.02s Sys=0.00s Real=0.01s
[2024-08-28T13:09:30.551+0000][info][gc,marking  ] GC(247) Concurrent Cleanup for Next Mark
[2024-08-28T13:09:30.553+0000][info][gc,marking  ] GC(247) Concurrent Cleanup for Next Mark 1.771ms
[2024-08-28T13:09:30.553+0000][info][gc          ] GC(247) Concurrent Mark Cycle 127.924ms
[2024-08-28T13:09:30.631+0000][info][gc,start    ] GC(249) Pause Young (Prepare Mixed) (G1 Evacuation Pause)
[2024-08-28T13:09:30.631+0000][info][gc,task     ] GC(249) Using 49 workers of 68 for evacuation
[2024-08-28T13:09:30.654+0000][info][gc,phases   ] GC(249)   Pre Evacuate Collection Set: 0.3ms
[2024-08-28T13:09:30.654+0000][info][gc,phases   ] GC(249)   Merge Heap Roots: 0.7ms
[2024-08-28T13:09:30.654+0000][info][gc,phases   ] GC(249)   Evacuate Collection Set: 21.5ms
[2024-08-28T13:09:30.654+0000][info][gc,phases   ] GC(249)   Post Evacuate Collection Set: 0.5ms
[2024-08-28T13:09:30.654+0000][info][gc,phases   ] GC(249)   Other: 0.2ms
[2024-08-28T13:09:30.654+0000][info][gc,heap     ] GC(249) Eden regions: 123->0(84)
[2024-08-28T13:09:30.654+0000][info][gc,heap     ] GC(249) Survivor regions: 14->18(18)
[2024-08-28T13:09:30.654+0000][info][gc,heap     ] GC(249) Old regions: 1435->1557
[2024-08-28T13:09:30.654+0000][info][gc,heap     ] GC(249) Archive regions: 2->2
[2024-08-28T13:09:30.654+0000][info][gc,heap     ] GC(249) Humongous regions: 5->5
[2024-08-28T13:09:30.654+0000][info][gc,metaspace] GC(249) Metaspace: 100K(320K)->100K(320K) NonClass: 96K(192K)->96K(192K) Class: 4K(128K)->4K(128K)
[2024-08-28T13:09:30.654+0000][info][gc          ] GC(249) Pause Young (Prepare Mixed) (G1 Evacuation Pause) 1577M->1580M(2048M) 23.397ms
[2024-08-28T13:09:30.654+0000][info][gc,cpu      ] GC(249) User=1.01s Sys=0.07s Real=0.02s
[2024-08-28T13:09:30.710+0000][info][gc,start    ] GC(250) Pause Young (Mixed) (G1 Evacuation Pause)
[2024-08-28T13:09:30.710+0000][info][gc,task     ] GC(250) Using 49 workers of 68 for evacuation
[2024-08-28T13:09:30.728+0000][info][gc,phases   ] GC(250)   Pre Evacuate Collection Set: 0.4ms
[2024-08-28T13:09:30.728+0000][info][gc,phases   ] GC(250)   Merge Heap Roots: 0.5ms
[2024-08-28T13:09:30.728+0000][info][gc,phases   ] GC(250)   Evacuate Collection Set: 16.0ms
[2024-08-28T13:09:30.728+0000][info][gc,phases   ] GC(250)   Post Evacuate Collection Set: 0.6ms
[2024-08-28T13:09:30.728+0000][info][gc,phases   ] GC(250)   Other: 0.2ms
[2024-08-28T13:09:30.728+0000][info][gc,heap     ] GC(250) Eden regions: 84->0(89)
[2024-08-28T13:09:30.728+0000][info][gc,heap     ] GC(250) Survivor regions: 18->13(13)
[2024-08-28T13:09:30.728+0000][info][gc,heap     ] GC(250) Old regions: 1557->1448
[2024-08-28T13:09:30.728+0000][info][gc,heap     ] GC(250) Archive regions: 2->2
[2024-08-28T13:09:30.728+0000][info][gc,heap     ] GC(250) Humongous regions: 5->5
[2024-08-28T13:09:30.728+0000][info][gc,metaspace] GC(250) Metaspace: 100K(320K)->100K(320K) NonClass: 96K(192K)->96K(192K) Class: 4K(128K)->4K(128K)
[2024-08-28T13:09:30.728+0000][info][gc          ] GC(250) Pause Young (Mixed) (G1 Evacuation Pause) 1664M->1466M(2048M) 17.860ms
[2024-08-28T13:09:30.728+0000][info][gc,cpu      ] GC(250) User=0.51s Sys=0.29s Real=0.01s
[2024-08-28T13:09:30.788+0000][info][gc,start    ] GC(251) Pause Young (Mixed) (G1 Evacuation Pause)
[2024-08-28T13:09:30.788+0000][info][gc,task     ] GC(251) Using 49 workers of 68 for evacuation
[2024-08-28T13:09:30.807+0000][info][gc,phases   ] GC(251)   Pre Evacuate Collection Set: 0.4ms
[2024-08-28T13:09:30.807+0000][info][gc,phases   ] GC(251)   Merge Heap Roots: 0.5ms
[2024-08-28T13:09:30.807+0000][info][gc,phases   ] GC(251)   Evacuate Collection Set: 16.1ms
[2024-08-28T13:09:30.807+0000][info][gc,phases   ] GC(251)   Post Evacuate Collection Set: 1.1ms
[2024-08-28T13:09:30.807+0000][info][gc,phases   ] GC(251)   Other: 0.3ms
[2024-08-28T13:09:30.807+0000][info][gc,heap     ] GC(251) Eden regions: 89->0(89)
[2024-08-28T13:09:30.807+0000][info][gc,heap     ] GC(251) Survivor regions: 13->13(13)
[2024-08-28T13:09:30.807+0000][info][gc,heap     ] GC(251) Old regions: 1448->1337
[2024-08-28T13:09:30.807+0000][info][gc,heap     ] GC(251) Archive regions: 2->2
[2024-08-28T13:09:30.807+0000][info][gc,heap     ] GC(251) Humongous regions: 5->5
[2024-08-28T13:09:30.807+0000][info][gc,metaspace] GC(251) Metaspace: 100K(320K)->100K(320K) NonClass: 96K(192K)->96K(192K) Class: 4K(128K)->4K(128K)
[2024-08-28T13:09:30.807+0000][info][gc          ] GC(251) Pause Young (Mixed) (G1 Evacuation Pause) 1555M->1355M(2048M) 18.467ms
[2024-08-28T13:09:30.807+0000][info][gc,cpu      ] GC(251) User=0.67s Sys=0.00s Real=0.02s
[2024-08-28T13:09:30.866+0000][info][gc,start    ] GC(252) Pause Young (Mixed) (G1 Evacuation Pause)
[2024-08-28T13:09:30.866+0000][info][gc,task     ] GC(252) Using 49 workers of 68 for evacuation
[2024-08-28T13:09:30.880+0000][info][gc,phases   ] GC(252)   Pre Evacuate Collection Set: 0.5ms
[2024-08-28T13:09:30.880+0000][info][gc,phases   ] GC(252)   Merge Heap Roots: 0.5ms
[2024-08-28T13:09:30.880+0000][info][gc,phases   ] GC(252)   Evacuate Collection Set: 12.6ms
[2024-08-28T13:09:30.880+0000][info][gc,phases   ] GC(252)   Post Evacuate Collection Set: 0.8ms
[2024-08-28T13:09:30.880+0000][info][gc,phases   ] GC(252)   Other: 0.3ms
[2024-08-28T13:09:30.880+0000][info][gc,heap     ] GC(252) Eden regions: 89->0(89)
[2024-08-28T13:09:30.880+0000][info][gc,heap     ] GC(252) Survivor regions: 13->13(13)
[2024-08-28T13:09:30.880+0000][info][gc,heap     ] GC(252) Old regions: 1337->1226
[2024-08-28T13:09:30.880+0000][info][gc,heap     ] GC(252) Archive regions: 2->2
[2024-08-28T13:09:30.880+0000][info][gc,heap     ] GC(252) Humongous regions: 5->5
[2024-08-28T13:09:30.880+0000][info][gc,metaspace] GC(252) Metaspace: 100K(320K)->100K(320K) NonClass: 96K(192K)->96K(192K) Class: 4K(128K)->4K(128K)
[2024-08-28T13:09:30.880+0000][info][gc          ] GC(252) Pause Young (Mixed) (G1 Evacuation Pause) 1444M->1244M(2048M) 14.796ms
[2024-08-28T13:09:30.880+0000][info][gc,cpu      ] GC(252) User=0.64s Sys=0.00s Real=0.02s
[2024-08-28T13:09:30.938+0000][info][gc,start    ] GC(253) Pause Young (Mixed) (G1 Evacuation Pause)
[2024-08-28T13:09:30.938+0000][info][gc,task     ] GC(253) Using 49 workers of 68 for evacuation
[2024-08-28T13:09:30.953+0000][info][gc,phases   ] GC(253)   Pre Evacuate Collection Set: 0.4ms
[2024-08-28T13:09:30.953+0000][info][gc,phases   ] GC(253)   Merge Heap Roots: 0.5ms
[2024-08-28T13:09:30.953+0000][info][gc,phases   ] GC(253)   Evacuate Collection Set: 12.8ms
[2024-08-28T13:09:30.953+0000][info][gc,phases   ] GC(253)   Post Evacuate Collection Set: 0.6ms
[2024-08-28T13:09:30.953+0000][info][gc,phases   ] GC(253)   Other: 0.3ms
[2024-08-28T13:09:30.953+0000][info][gc,heap     ] GC(253) Eden regions: 89->0(189)
[2024-08-28T13:09:30.953+0000][info][gc,heap     ] GC(253) Survivor regions: 13->13(13)
[2024-08-28T13:09:30.953+0000][info][gc,heap     ] GC(253) Old regions: 1226->1232
[2024-08-28T13:09:30.953+0000][info][gc,heap     ] GC(253) Archive regions: 2->2
[2024-08-28T13:09:30.953+0000][info][gc,heap     ] GC(253) Humongous regions: 5->5
[2024-08-28T13:09:30.953+0000][info][gc,metaspace] GC(253) Metaspace: 100K(320K)->100K(320K) NonClass: 96K(192K)->96K(192K) Class: 4K(128K)->4K(128K)
[2024-08-28T13:09:30.953+0000][info][gc          ] GC(253) Pause Young (Mixed) (G1 Evacuation Pause) 1333M->1250M(2048M) 14.613ms
[2024-08-28T13:09:30.953+0000][info][gc,cpu      ] GC(253) User=0.65s Sys=0.00s Real=0.01s
[2024-08-28T13:09:31.082+0000][info][gc,start    ] GC(254) Pause Young (Normal) (G1 Evacuation Pause)
[2024-08-28T13:09:31.082+0000][info][gc,task     ] GC(254) Using 49 workers of 68 for evacuation
[2024-08-28T13:09:31.108+0000][info][gc,phases   ] GC(254)   Pre Evacuate Collection Set: 0.3ms
[2024-08-28T13:09:31.108+0000][info][gc,phases   ] GC(254)   Merge Heap Roots: 0.6ms
[2024-08-28T13:09:31.108+0000][info][gc,phases   ] GC(254)   Evacuate Collection Set: 24.2ms
[2024-08-28T13:09:31.108+0000][info][gc,phases   ] GC(254)   Post Evacuate Collection Set: 0.6ms
[2024-08-28T13:09:31.108+0000][info][gc,phases   ] GC(254)   Other: 0.3ms
[2024-08-28T13:09:31.108+0000][info][gc,heap     ] GC(254) Eden regions: 189->0(128)
[2024-08-28T13:09:31.108+0000][info][gc,heap     ] GC(254) Survivor regions: 13->26(26)
[2024-08-28T13:09:31.108+0000][info][gc,heap     ] GC(254) Old regions: 1232->1408
[2024-08-28T13:09:31.108+0000][info][gc,heap     ] GC(254) Archive regions: 2->2
[2024-08-28T13:09:31.108+0000][info][gc,heap     ] GC(254) Humongous regions: 5->5
[2024-08-28T13:09:31.108+0000][info][gc,metaspace] GC(254) Metaspace: 100K(320K)->100K(320K) NonClass: 96K(192K)->96K(192K) Class: 4K(128K)->4K(128K)
[2024-08-28T13:09:31.108+0000][info][gc          ] GC(254) Pause Young (Normal) (G1 Evacuation Pause) 1439M->1439M(2048M) 26.038ms
[2024-08-28T13:09:31.108+0000][info][gc,cpu      ] GC(254) User=0.99s Sys=0.21s Real=0.02s
[2024-08-28T13:09:31.192+0000][info][gc,start    ] GC(255) Pause Young (Concurrent Start) (G1 Evacuation Pause)
[2024-08-28T13:09:31.192+0000][info][gc,task     ] GC(255) Using 49 workers of 68 for evacuation
[2024-08-28T13:09:31.214+0000][info][gc,phases   ] GC(255)   Pre Evacuate Collection Set: 0.3ms
[2024-08-28T13:09:31.214+0000][info][gc,phases   ] GC(255)   Merge Heap Roots: 1.2ms
[2024-08-28T13:09:31.214+0000][info][gc,phases   ] GC(255)   Evacuate Collection Set: 19.5ms
[2024-08-28T13:09:31.214+0000][info][gc,phases   ] GC(255)   Post Evacuate Collection Set: 0.7ms
[2024-08-28T13:09:31.214+0000][info][gc,phases   ] GC(255)   Other: 0.7ms
[2024-08-28T13:09:31.214+0000][info][gc,heap     ] GC(255) Eden regions: 128->0(85)
[2024-08-28T13:09:31.214+0000][info][gc,heap     ] GC(255) Survivor regions: 26->20(20)
[2024-08-28T13:09:31.214+0000][info][gc,heap     ] GC(255) Old regions: 1408->1548
[2024-08-28T13:09:31.214+0000][info][gc,heap     ] GC(255) Archive regions: 2->2
[2024-08-28T13:09:31.214+0000][info][gc,heap     ] GC(255) Humongous regions: 5->5
[2024-08-28T13:09:31.214+0000][info][gc,metaspace] GC(255) Metaspace: 100K(320K)->100K(320K) NonClass: 96K(192K)->96K(192K) Class: 4K(128K)->4K(128K)
[2024-08-28T13:09:31.214+0000][info][gc          ] GC(255) Pause Young (Concurrent Start) (G1 Evacuation Pause) 1567M->1573M(2048M) 22.524ms
[2024-08-28T13:09:31.214+0000][info][gc,cpu      ] GC(255) User=0.96s Sys=0.04s Real=0.02s
[2024-08-28T13:09:31.214+0000][info][gc          ] GC(256) Concurrent Mark Cycle
[2024-08-28T13:09:31.214+0000][info][gc,marking  ] GC(256) Concurrent Clear Claimed Marks
[2024-08-28T13:09:31.214+0000][info][gc,marking  ] GC(256) Concurrent Clear Claimed Marks 0.012ms
[2024-08-28T13:09:31.214+0000][info][gc,marking  ] GC(256) Concurrent Scan Root Regions
[2024-08-28T13:09:31.219+0000][info][gc,marking  ] GC(256) Concurrent Scan Root Regions 4.397ms
[2024-08-28T13:09:31.219+0000][info][gc,marking  ] GC(256) Concurrent Mark
[2024-08-28T13:09:31.219+0000][info][gc,marking  ] GC(256) Concurrent Mark From Roots
[2024-08-28T13:09:31.219+0000][info][gc,task     ] GC(256) Using 17 workers of 17 for marking
[2024-08-28T13:09:31.240+0000][info][gc,marking  ] GC(256) Concurrent Mark From Roots 21.043ms
[2024-08-28T13:09:31.240+0000][info][gc,marking  ] GC(256) Concurrent Preclean
[2024-08-28T13:09:31.240+0000][info][gc,marking  ] GC(256) Concurrent Preclean 0.517ms
[2024-08-28T13:09:31.241+0000][info][gc,start    ] GC(256) Pause Remark
[2024-08-28T13:09:31.243+0000][info][gc          ] GC(256) Pause Remark 1598M->1393M(2048M) 2.750ms
[2024-08-28T13:09:31.243+0000][info][gc,cpu      ] GC(256) User=0.03s Sys=0.00s Real=0.00s
[2024-08-28T13:09:31.243+0000][info][gc,marking  ] GC(256) Concurrent Mark 24.749ms
[2024-08-28T13:09:31.243+0000][info][gc,marking  ] GC(256) Concurrent Rebuild Remembered Sets
[2024-08-28T13:09:31.287+0000][info][gc,start    ] GC(257) Pause Young (Normal) (G1 Evacuation Pause)
[2024-08-28T13:09:31.287+0000][info][gc,task     ] GC(257) Using 49 workers of 68 for evacuation
[2024-08-28T13:09:31.301+0000][info][gc,phases   ] GC(257)   Pre Evacuate Collection Set: 0.3ms
[2024-08-28T13:09:31.301+0000][info][gc,phases   ] GC(257)   Merge Heap Roots: 0.5ms
[2024-08-28T13:09:31.301+0000][info][gc,phases   ] GC(257)   Evacuate Collection Set: 13.0ms
[2024-08-28T13:09:31.301+0000][info][gc,phases   ] GC(257)   Post Evacuate Collection Set: 0.9ms
[2024-08-28T13:09:31.301+0000][info][gc,phases   ] GC(257)   Other: 0.2ms
[2024-08-28T13:09:31.301+0000][info][gc,heap     ] GC(257) Eden regions: 85->0(121)
[2024-08-28T13:09:31.301+0000][info][gc,heap     ] GC(257) Survivor regions: 20->14(14)
[2024-08-28T13:09:31.301+0000][info][gc,heap     ] GC(257) Old regions: 1343->1443
[2024-08-28T13:09:31.301+0000][info][gc,heap     ] GC(257) Archive regions: 2->2
[2024-08-28T13:09:31.301+0000][info][gc,heap     ] GC(257) Humongous regions: 5->5
[2024-08-28T13:09:31.301+0000][info][gc,metaspace] GC(257) Metaspace: 100K(320K)->100K(320K) NonClass: 96K(192K)->96K(192K) Class: 4K(128K)->4K(128K)
[2024-08-28T13:09:31.301+0000][info][gc          ] GC(257) Pause Young (Normal) (G1 Evacuation Pause) 1453M->1462M(2048M) 14.895ms
[2024-08-28T13:09:31.302+0000][info][gc,cpu      ] GC(257) User=0.65s Sys=0.02s Real=0.02s
[2024-08-28T13:09:31.308+0000][info][gc,marking  ] GC(256) Concurrent Rebuild Remembered Sets 64.313ms
[2024-08-28T13:09:31.308+0000][info][gc,start    ] GC(256) Pause Cleanup
[2024-08-28T13:09:31.311+0000][info][gc          ] GC(256) Pause Cleanup 1471M->1471M(2048M) 3.360ms
[2024-08-28T13:09:31.311+0000][info][gc,cpu      ] GC(256) User=0.01s Sys=0.01s Real=0.01s
[2024-08-28T13:09:31.312+0000][info][gc,marking  ] GC(256) Concurrent Cleanup for Next Mark
[2024-08-28T13:09:31.314+0000][info][gc,marking  ] GC(256) Concurrent Cleanup for Next Mark 2.410ms
[2024-08-28T13:09:31.314+0000][info][gc          ] GC(256) Concurrent Mark Cycle 99.808ms
[2024-08-28T13:09:31.384+0000][info][gc,start    ] GC(258) Pause Young (Prepare Mixed) (G1 Evacuation Pause)
[2024-08-28T13:09:31.384+0000][info][gc,task     ] GC(258) Using 49 workers of 68 for evacuation
[2024-08-28T13:09:31.406+0000][info][gc,phases   ] GC(258)   Pre Evacuate Collection Set: 0.3ms
[2024-08-28T13:09:31.406+0000][info][gc,phases   ] GC(258)   Merge Heap Roots: 0.8ms
[2024-08-28T13:09:31.406+0000][info][gc,phases   ] GC(258)   Evacuate Collection Set: 19.9ms
[2024-08-28T13:09:31.406+0000][info][gc,phases   ] GC(258)   Post Evacuate Collection Set: 0.6ms
[2024-08-28T13:09:31.406+0000][info][gc,phases   ] GC(258)   Other: 0.2ms
[2024-08-28T13:09:31.406+0000][info][gc,heap     ] GC(258) Eden regions: 121->0(85)
[2024-08-28T13:09:31.406+0000][info][gc,heap     ] GC(258) Survivor regions: 14->17(17)
[2024-08-28T13:09:31.406+0000][info][gc,heap     ] GC(258) Old regions: 1443->1565
[2024-08-28T13:09:31.406+0000][info][gc,heap     ] GC(258) Archive regions: 2->2
[2024-08-28T13:09:31.406+0000][info][gc,heap     ] GC(258) Humongous regions: 5->5
[2024-08-28T13:09:31.406+0000][info][gc,metaspace] GC(258) Metaspace: 100K(320K)->100K(320K) NonClass: 96K(192K)->96K(192K) Class: 4K(128K)->4K(128K)
[2024-08-28T13:09:31.406+0000][info][gc          ] GC(258) Pause Young (Prepare Mixed) (G1 Evacuation Pause) 1583M->1587M(2048M) 21.902ms
[2024-08-28T13:09:31.406+0000][info][gc,cpu      ] GC(258) User=1.00s Sys=0.00s Real=0.02s
[2024-08-28T13:09:31.462+0000][info][gc,start    ] GC(259) Pause Young (Mixed) (G1 Evacuation Pause)
[2024-08-28T13:09:31.462+0000][info][gc,task     ] GC(259) Using 49 workers of 68 for evacuation
[2024-08-28T13:09:31.477+0000][info][gc,phases   ] GC(259)   Pre Evacuate Collection Set: 0.4ms
[2024-08-28T13:09:31.477+0000][info][gc,phases   ] GC(259)   Merge Heap Roots: 0.8ms
[2024-08-28T13:09:31.477+0000][info][gc,phases   ] GC(259)   Evacuate Collection Set: 13.1ms
[2024-08-28T13:09:31.477+0000][info][gc,phases   ] GC(259)   Post Evacuate Collection Set: 0.6ms
[2024-08-28T13:09:31.477+0000][info][gc,phases   ] GC(259)   Other: 0.3ms
[2024-08-28T13:09:31.477+0000][info][gc,heap     ] GC(259) Eden regions: 85->0(89)
[2024-08-28T13:09:31.477+0000][info][gc,heap     ] GC(259) Survivor regions: 17->13(13)
[2024-08-28T13:09:31.477+0000][info][gc,heap     ] GC(259) Old regions: 1565->1455
[2024-08-28T13:09:31.477+0000][info][gc,heap     ] GC(259) Archive regions: 2->2
[2024-08-28T13:09:31.477+0000][info][gc,heap     ] GC(259) Humongous regions: 5->5
[2024-08-28T13:09:31.477+0000][info][gc,metaspace] GC(259) Metaspace: 100K(320K)->100K(320K) NonClass: 96K(192K)->96K(192K) Class: 4K(128K)->4K(128K)
[2024-08-28T13:09:31.477+0000][info][gc          ] GC(259) Pause Young (Mixed) (G1 Evacuation Pause) 1672M->1473M(2048M) 15.314ms
[2024-08-28T13:09:31.477+0000][info][gc,cpu      ] GC(259) User=0.63s Sys=0.03s Real=0.01s
[2024-08-28T13:09:31.536+0000][info][gc,start    ] GC(260) Pause Young (Mixed) (G1 Evacuation Pause)
[2024-08-28T13:09:31.536+0000][info][gc,task     ] GC(260) Using 49 workers of 68 for evacuation
[2024-08-28T13:09:31.551+0000][info][gc,phases   ] GC(260)   Pre Evacuate Collection Set: 0.4ms
[2024-08-28T13:09:31.551+0000][info][gc,phases   ] GC(260)   Merge Heap Roots: 0.5ms
[2024-08-28T13:09:31.551+0000][info][gc,phases   ] GC(260)   Evacuate Collection Set: 13.2ms
[2024-08-28T13:09:31.551+0000][info][gc,phases   ] GC(260)   Post Evacuate Collection Set: 0.6ms
[2024-08-28T13:09:31.551+0000][info][gc,phases   ] GC(260)   Other: 0.3ms
[2024-08-28T13:09:31.551+0000][info][gc,heap     ] GC(260) Eden regions: 89->0(89)
[2024-08-28T13:09:31.551+0000][info][gc,heap     ] GC(260) Survivor regions: 13->13(13)
[2024-08-28T13:09:31.551+0000][info][gc,heap     ] GC(260) Old regions: 1455->1343
[2024-08-28T13:09:31.551+0000][info][gc,heap     ] GC(260) Archive regions: 2->2
[2024-08-28T13:09:31.551+0000][info][gc,heap     ] GC(260) Humongous regions: 5->5
[2024-08-28T13:09:31.551+0000][info][gc,metaspace] GC(260) Metaspace: 100K(320K)->100K(320K) NonClass: 96K(192K)->96K(192K) Class: 4K(128K)->4K(128K)
[2024-08-28T13:09:31.551+0000][info][gc          ] GC(260) Pause Young (Mixed) (G1 Evacuation Pause) 1562M->1361M(2048M) 15.149ms
[2024-08-28T13:09:31.551+0000][info][gc,cpu      ] GC(260) User=0.62s Sys=0.03s Real=0.02s
[2024-08-28T13:09:31.608+0000][info][gc,start    ] GC(261) Pause Young (Mixed) (G1 Evacuation Pause)
[2024-08-28T13:09:31.608+0000][info][gc,task     ] GC(261) Using 49 workers of 68 for evacuation
[2024-08-28T13:09:31.623+0000][info][gc,phases   ] GC(261)   Pre Evacuate Collection Set: 0.5ms
[2024-08-28T13:09:31.623+0000][info][gc,phases   ] GC(261)   Merge Heap Roots: 0.6ms
[2024-08-28T13:09:31.623+0000][info][gc,phases   ] GC(261)   Evacuate Collection Set: 12.7ms
[2024-08-28T13:09:31.623+0000][info][gc,phases   ] GC(261)   Post Evacuate Collection Set: 0.6ms
[2024-08-28T13:09:31.623+0000][info][gc,phases   ] GC(261)   Other: 0.2ms
[2024-08-28T13:09:31.623+0000][info][gc,heap     ] GC(261) Eden regions: 89->0(89)
[2024-08-28T13:09:31.623+0000][info][gc,heap     ] GC(261) Survivor regions: 13->13(13)
[2024-08-28T13:09:31.623+0000][info][gc,heap     ] GC(261) Old regions: 1343->1232
[2024-08-28T13:09:31.623+0000][info][gc,heap     ] GC(261) Archive regions: 2->2
[2024-08-28T13:09:31.623+0000][info][gc,heap     ] GC(261) Humongous regions: 5->5
[2024-08-28T13:09:31.623+0000][info][gc,metaspace] GC(261) Metaspace: 100K(320K)->100K(320K) NonClass: 96K(192K)->96K(192K) Class: 4K(128K)->4K(128K)
[2024-08-28T13:09:31.623+0000][info][gc          ] GC(261) Pause Young (Mixed) (G1 Evacuation Pause) 1450M->1250M(2048M) 14.669ms
[2024-08-28T13:09:31.623+0000][info][gc,cpu      ] GC(261) User=0.64s Sys=0.00s Real=0.02s
[2024-08-28T13:09:31.681+0000][info][gc,start    ] GC(262) Pause Young (Mixed) (G1 Evacuation Pause)
[2024-08-28T13:09:31.681+0000][info][gc,task     ] GC(262) Using 49 workers of 68 for evacuation
[2024-08-28T13:09:31.695+0000][info][gc,phases   ] GC(262)   Pre Evacuate Collection Set: 0.4ms
[2024-08-28T13:09:31.695+0000][info][gc,phases   ] GC(262)   Merge Heap Roots: 0.5ms
[2024-08-28T13:09:31.695+0000][info][gc,phases   ] GC(262)   Evacuate Collection Set: 12.4ms
[2024-08-28T13:09:31.695+0000][info][gc,phases   ] GC(262)   Post Evacuate Collection Set: 0.6ms
[2024-08-28T13:09:31.695+0000][info][gc,phases   ] GC(262)   Other: 0.2ms
[2024-08-28T13:09:31.695+0000][info][gc,heap     ] GC(262) Eden regions: 89->0(189)
[2024-08-28T13:09:31.695+0000][info][gc,heap     ] GC(262) Survivor regions: 13->13(13)
[2024-08-28T13:09:31.695+0000][info][gc,heap     ] GC(262) Old regions: 1232->1232
[2024-08-28T13:09:31.696+0000][info][gc,heap     ] GC(262) Archive regions: 2->2
[2024-08-28T13:09:31.696+0000][info][gc,heap     ] GC(262) Humongous regions: 5->5
[2024-08-28T13:09:31.696+0000][info][gc,metaspace] GC(262) Metaspace: 100K(320K)->100K(320K) NonClass: 96K(192K)->96K(192K) Class: 4K(128K)->4K(128K)
[2024-08-28T13:09:31.696+0000][info][gc          ] GC(262) Pause Young (Mixed) (G1 Evacuation Pause) 1339M->1250M(2048M) 14.205ms
[2024-08-28T13:09:31.696+0000][info][gc,cpu      ] GC(262) User=0.60s Sys=0.00s Real=0.01s
[2024-08-28T13:09:31.816+0000][info][gc,start    ] GC(263) Pause Young (Normal) (G1 Evacuation Pause)
[2024-08-28T13:09:31.816+0000][info][gc,task     ] GC(263) Using 49 workers of 68 for evacuation
[2024-08-28T13:09:31.839+0000][info][gc,phases   ] GC(263)   Pre Evacuate Collection Set: 0.4ms
[2024-08-28T13:09:31.839+0000][info][gc,phases   ] GC(263)   Merge Heap Roots: 0.6ms
[2024-08-28T13:09:31.839+0000][info][gc,phases   ] GC(263)   Evacuate Collection Set: 22.1ms
[2024-08-28T13:09:31.839+0000][info][gc,phases   ] GC(263)   Post Evacuate Collection Set: 0.6ms
[2024-08-28T13:09:31.839+0000][info][gc,phases   ] GC(263)   Other: 0.2ms
[2024-08-28T13:09:31.839+0000][info][gc,heap     ] GC(263) Eden regions: 189->0(128)
[2024-08-28T13:09:31.839+0000][info][gc,heap     ] GC(263) Survivor regions: 13->26(26)
[2024-08-28T13:09:31.839+0000][info][gc,heap     ] GC(263) Old regions: 1232->1408
[2024-08-28T13:09:31.839+0000][info][gc,heap     ] GC(263) Archive regions: 2->2
[2024-08-28T13:09:31.840+0000][info][gc,heap     ] GC(263) Humongous regions: 5->5
[2024-08-28T13:09:31.840+0000][info][gc,metaspace] GC(263) Metaspace: 100K(320K)->100K(320K) NonClass: 96K(192K)->96K(192K) Class: 4K(128K)->4K(128K)
[2024-08-28T13:09:31.840+0000][info][gc          ] GC(263) Pause Young (Normal) (G1 Evacuation Pause) 1439M->1439M(2048M) 24.014ms
[2024-08-28T13:09:31.840+0000][info][gc,cpu      ] GC(263) User=1.07s Sys=0.00s Real=0.03s
[2024-08-28T13:09:31.922+0000][info][gc,start    ] GC(264) Pause Young (Concurrent Start) (G1 Evacuation Pause)
[2024-08-28T13:09:31.922+0000][info][gc,task     ] GC(264) Using 49 workers of 68 for evacuation
[2024-08-28T13:09:31.943+0000][info][gc,phases   ] GC(264)   Pre Evacuate Collection Set: 0.4ms
[2024-08-28T13:09:31.943+0000][info][gc,phases   ] GC(264)   Merge Heap Roots: 0.4ms
[2024-08-28T13:09:31.943+0000][info][gc,phases   ] GC(264)   Evacuate Collection Set: 18.9ms
[2024-08-28T13:09:31.943+0000][info][gc,phases   ] GC(264)   Post Evacuate Collection Set: 0.6ms
[2024-08-28T13:09:31.943+0000][info][gc,phases   ] GC(264)   Other: 0.7ms
[2024-08-28T13:09:31.943+0000][info][gc,heap     ] GC(264) Eden regions: 128->0(84)
[2024-08-28T13:09:31.943+0000][info][gc,heap     ] GC(264) Survivor regions: 26->20(20)
[2024-08-28T13:09:31.943+0000][info][gc,heap     ] GC(264) Old regions: 1408->1549
[2024-08-28T13:09:31.943+0000][info][gc,heap     ] GC(264) Archive regions: 2->2
[2024-08-28T13:09:31.943+0000][info][gc,heap     ] GC(264) Humongous regions: 5->5
[2024-08-28T13:09:31.943+0000][info][gc,metaspace] GC(264) Metaspace: 100K(320K)->100K(320K) NonClass: 96K(192K)->96K(192K) Class: 4K(128K)->4K(128K)
[2024-08-28T13:09:31.943+0000][info][gc          ] GC(264) Pause Young (Concurrent Start) (G1 Evacuation Pause) 1567M->1574M(2048M) 20.940ms
[2024-08-28T13:09:31.943+0000][info][gc,cpu      ] GC(264) User=0.92s Sys=0.00s Real=0.02s
[2024-08-28T13:09:31.943+0000][info][gc          ] GC(265) Concurrent Mark Cycle
[2024-08-28T13:09:31.943+0000][info][gc,marking  ] GC(265) Concurrent Clear Claimed Marks
[2024-08-28T13:09:31.943+0000][info][gc,marking  ] GC(265) Concurrent Clear Claimed Marks 0.010ms
[2024-08-28T13:09:31.943+0000][info][gc,marking  ] GC(265) Concurrent Scan Root Regions
[2024-08-28T13:09:31.947+0000][info][gc,marking  ] GC(265) Concurrent Scan Root Regions 4.188ms
[2024-08-28T13:09:31.947+0000][info][gc,marking  ] GC(265) Concurrent Mark
[2024-08-28T13:09:31.947+0000][info][gc,marking  ] GC(265) Concurrent Mark From Roots
[2024-08-28T13:09:31.947+0000][info][gc,task     ] GC(265) Using 17 workers of 17 for marking
[2024-08-28T13:09:31.968+0000][info][gc,marking  ] GC(265) Concurrent Mark From Roots 20.206ms
[2024-08-28T13:09:31.968+0000][info][gc,marking  ] GC(265) Concurrent Preclean
[2024-08-28T13:09:31.968+0000][info][gc,marking  ] GC(265) Concurrent Preclean 0.504ms
[2024-08-28T13:09:31.968+0000][info][gc,start    ] GC(265) Pause Remark
[2024-08-28T13:09:31.971+0000][info][gc          ] GC(265) Pause Remark 1599M->1384M(2048M) 2.151ms
[2024-08-28T13:09:31.971+0000][info][gc,cpu      ] GC(265) User=0.02s Sys=0.00s Real=0.01s
[2024-08-28T13:09:31.971+0000][info][gc,marking  ] GC(265) Concurrent Mark 23.290ms
[2024-08-28T13:09:31.971+0000][info][gc,marking  ] GC(265) Concurrent Rebuild Remembered Sets
[2024-08-28T13:09:32.012+0000][info][gc,start    ] GC(266) Pause Young (Normal) (G1 Evacuation Pause)
[2024-08-28T13:09:32.012+0000][info][gc,task     ] GC(266) Using 49 workers of 68 for evacuation
[2024-08-28T13:09:32.028+0000][info][gc,phases   ] GC(266)   Pre Evacuate Collection Set: 0.3ms
[2024-08-28T13:09:32.028+0000][info][gc,phases   ] GC(266)   Merge Heap Roots: 0.4ms
[2024-08-28T13:09:32.028+0000][info][gc,phases   ] GC(266)   Evacuate Collection Set: 13.8ms
[2024-08-28T13:09:32.028+0000][info][gc,phases   ] GC(266)   Post Evacuate Collection Set: 0.9ms
[2024-08-28T13:09:32.028+0000][info][gc,phases   ] GC(266)   Other: 0.3ms
[2024-08-28T13:09:32.028+0000][info][gc,heap     ] GC(266) Eden regions: 84->0(124)
[2024-08-28T13:09:32.028+0000][info][gc,heap     ] GC(266) Survivor regions: 20->13(13)
[2024-08-28T13:09:32.028+0000][info][gc,heap     ] GC(266) Old regions: 1334->1434
[2024-08-28T13:09:32.028+0000][info][gc,heap     ] GC(266) Archive regions: 2->2
[2024-08-28T13:09:32.028+0000][info][gc,heap     ] GC(266) Humongous regions: 5->5
[2024-08-28T13:09:32.028+0000][info][gc,metaspace] GC(266) Metaspace: 100K(320K)->100K(320K) NonClass: 96K(192K)->96K(192K) Class: 4K(128K)->4K(128K)
[2024-08-28T13:09:32.028+0000][info][gc          ] GC(266) Pause Young (Normal) (G1 Evacuation Pause) 1443M->1452M(2048M) 16.024ms
[2024-08-28T13:09:32.028+0000][info][gc,cpu      ] GC(266) User=0.70s Sys=0.00s Real=0.01s
[2024-08-28T13:09:32.036+0000][info][gc,marking  ] GC(265) Concurrent Rebuild Remembered Sets 65.212ms
[2024-08-28T13:09:32.036+0000][info][gc,start    ] GC(265) Pause Cleanup
[2024-08-28T13:09:32.043+0000][info][gc          ] GC(265) Pause Cleanup 1462M->1462M(2048M) 6.254ms
[2024-08-28T13:09:32.043+0000][info][gc,cpu      ] GC(265) User=0.01s Sys=0.00s Real=0.01s
[2024-08-28T13:09:32.043+0000][info][gc,marking  ] GC(265) Concurrent Cleanup for Next Mark
[2024-08-28T13:09:32.045+0000][info][gc,marking  ] GC(265) Concurrent Cleanup for Next Mark 1.751ms
[2024-08-28T13:09:32.045+0000][info][gc          ] GC(265) Concurrent Mark Cycle 101.459ms
[2024-08-28T13:09:32.117+0000][info][gc,start    ] GC(267) Pause Young (Prepare Mixed) (G1 Evacuation Pause)
[2024-08-28T13:09:32.117+0000][info][gc,task     ] GC(267) Using 49 workers of 68 for evacuation
[2024-08-28T13:09:32.141+0000][info][gc,phases   ] GC(267)   Pre Evacuate Collection Set: 0.3ms
[2024-08-28T13:09:32.141+0000][info][gc,phases   ] GC(267)   Merge Heap Roots: 1.4ms
[2024-08-28T13:09:32.141+0000][info][gc,phases   ] GC(267)   Evacuate Collection Set: 21.2ms
[2024-08-28T13:09:32.141+0000][info][gc,phases   ] GC(267)   Post Evacuate Collection Set: 0.7ms
[2024-08-28T13:09:32.141+0000][info][gc,phases   ] GC(267)   Other: 0.3ms
[2024-08-28T13:09:32.141+0000][info][gc,heap     ] GC(267) Eden regions: 124->0(84)
[2024-08-28T13:09:32.141+0000][info][gc,heap     ] GC(267) Survivor regions: 13->18(18)
[2024-08-28T13:09:32.141+0000][info][gc,heap     ] GC(267) Old regions: 1434->1557
[2024-08-28T13:09:32.141+0000][info][gc,heap     ] GC(267) Archive regions: 2->2
[2024-08-28T13:09:32.141+0000][info][gc,heap     ] GC(267) Humongous regions: 5->5
[2024-08-28T13:09:32.141+0000][info][gc,metaspace] GC(267) Metaspace: 100K(320K)->100K(320K) NonClass: 96K(192K)->96K(192K) Class: 4K(128K)->4K(128K)
[2024-08-28T13:09:32.141+0000][info][gc          ] GC(267) Pause Young (Prepare Mixed) (G1 Evacuation Pause) 1576M->1580M(2048M) 24.107ms
[2024-08-28T13:09:32.141+0000][info][gc,cpu      ] GC(267) User=1.09s Sys=0.00s Real=0.03s
[2024-08-28T13:09:32.195+0000][info][gc,start    ] GC(268) Pause Young (Mixed) (G1 Evacuation Pause)
[2024-08-28T13:09:32.195+0000][info][gc,task     ] GC(268) Using 49 workers of 68 for evacuation
[2024-08-28T13:09:32.210+0000][info][gc,phases   ] GC(268)   Pre Evacuate Collection Set: 0.4ms
[2024-08-28T13:09:32.210+0000][info][gc,phases   ] GC(268)   Merge Heap Roots: 0.6ms
[2024-08-28T13:09:32.210+0000][info][gc,phases   ] GC(268)   Evacuate Collection Set: 13.1ms
[2024-08-28T13:09:32.210+0000][info][gc,phases   ] GC(268)   Post Evacuate Collection Set: 0.7ms
[2024-08-28T13:09:32.210+0000][info][gc,phases   ] GC(268)   Other: 0.4ms
[2024-08-28T13:09:32.210+0000][info][gc,heap     ] GC(268) Eden regions: 84->0(89)
[2024-08-28T13:09:32.210+0000][info][gc,heap     ] GC(268) Survivor regions: 18->13(13)
[2024-08-28T13:09:32.210+0000][info][gc,heap     ] GC(268) Old regions: 1557->1447
[2024-08-28T13:09:32.210+0000][info][gc,heap     ] GC(268) Archive regions: 2->2
[2024-08-28T13:09:32.211+0000][info][gc,heap     ] GC(268) Humongous regions: 5->5
[2024-08-28T13:09:32.211+0000][info][gc,metaspace] GC(268) Metaspace: 100K(320K)->100K(320K) NonClass: 96K(192K)->96K(192K) Class: 4K(128K)->4K(128K)
[2024-08-28T13:09:32.211+0000][info][gc          ] GC(268) Pause Young (Mixed) (G1 Evacuation Pause) 1664M->1465M(2048M) 15.304ms
[2024-08-28T13:09:32.211+0000][info][gc,cpu      ] GC(268) User=0.66s Sys=0.00s Real=0.02s
[2024-08-28T13:09:32.269+0000][info][gc,start    ] GC(269) Pause Young (Mixed) (G1 Evacuation Pause)
[2024-08-28T13:09:32.269+0000][info][gc,task     ] GC(269) Using 49 workers of 68 for evacuation
[2024-08-28T13:09:32.284+0000][info][gc,phases   ] GC(269)   Pre Evacuate Collection Set: 0.5ms
[2024-08-28T13:09:32.284+0000][info][gc,phases   ] GC(269)   Merge Heap Roots: 0.9ms
[2024-08-28T13:09:32.284+0000][info][gc,phases   ] GC(269)   Evacuate Collection Set: 12.6ms
[2024-08-28T13:09:32.284+0000][info][gc,phases   ] GC(269)   Post Evacuate Collection Set: 0.8ms
[2024-08-28T13:09:32.284+0000][info][gc,phases   ] GC(269)   Other: 0.4ms
[2024-08-28T13:09:32.284+0000][info][gc,heap     ] GC(269) Eden regions: 89->0(89)
[2024-08-28T13:09:32.284+0000][info][gc,heap     ] GC(269) Survivor regions: 13->13(13)
[2024-08-28T13:09:32.284+0000][info][gc,heap     ] GC(269) Old regions: 1447->1336
[2024-08-28T13:09:32.284+0000][info][gc,heap     ] GC(269) Archive regions: 2->2
[2024-08-28T13:09:32.284+0000][info][gc,heap     ] GC(269) Humongous regions: 5->5
[2024-08-28T13:09:32.284+0000][info][gc,metaspace] GC(269) Metaspace: 100K(320K)->100K(320K) NonClass: 96K(192K)->96K(192K) Class: 4K(128K)->4K(128K)
[2024-08-28T13:09:32.284+0000][info][gc          ] GC(269) Pause Young (Mixed) (G1 Evacuation Pause) 1554M->1354M(2048M) 15.241ms
[2024-08-28T13:09:32.284+0000][info][gc,cpu      ] GC(269) User=0.65s Sys=0.00s Real=0.02s
[2024-08-28T13:09:32.343+0000][info][gc,start    ] GC(270) Pause Young (Mixed) (G1 Evacuation Pause)
[2024-08-28T13:09:32.343+0000][info][gc,task     ] GC(270) Using 49 workers of 68 for evacuation
[2024-08-28T13:09:32.358+0000][info][gc,phases   ] GC(270)   Pre Evacuate Collection Set: 0.5ms
[2024-08-28T13:09:32.358+0000][info][gc,phases   ] GC(270)   Merge Heap Roots: 0.6ms
[2024-08-28T13:09:32.358+0000][info][gc,phases   ] GC(270)   Evacuate Collection Set: 13.0ms
[2024-08-28T13:09:32.358+0000][info][gc,phases   ] GC(270)   Post Evacuate Collection Set: 0.8ms
[2024-08-28T13:09:32.358+0000][info][gc,phases   ] GC(270)   Other: 0.4ms
[2024-08-28T13:09:32.358+0000][info][gc,heap     ] GC(270) Eden regions: 89->0(89)
[2024-08-28T13:09:32.358+0000][info][gc,heap     ] GC(270) Survivor regions: 13->13(13)
[2024-08-28T13:09:32.358+0000][info][gc,heap     ] GC(270) Old regions: 1336->1224
[2024-08-28T13:09:32.358+0000][info][gc,heap     ] GC(270) Archive regions: 2->2
[2024-08-28T13:09:32.358+0000][info][gc,heap     ] GC(270) Humongous regions: 5->5
[2024-08-28T13:09:32.358+0000][info][gc,metaspace] GC(270) Metaspace: 100K(320K)->100K(320K) NonClass: 96K(192K)->96K(192K) Class: 4K(128K)->4K(128K)
[2024-08-28T13:09:32.358+0000][info][gc          ] GC(270) Pause Young (Mixed) (G1 Evacuation Pause) 1443M->1242M(2048M) 15.398ms
[2024-08-28T13:09:32.358+0000][info][gc,cpu      ] GC(270) User=0.64s Sys=0.02s Real=0.02s
[2024-08-28T13:09:32.416+0000][info][gc,start    ] GC(271) Pause Young (Mixed) (G1 Evacuation Pause)
[2024-08-28T13:09:32.416+0000][info][gc,task     ] GC(271) Using 49 workers of 68 for evacuation
[2024-08-28T13:09:32.431+0000][info][gc,phases   ] GC(271)   Pre Evacuate Collection Set: 0.4ms
[2024-08-28T13:09:32.432+0000][info][gc,phases   ] GC(271)   Merge Heap Roots: 1.0ms
[2024-08-28T13:09:32.432+0000][info][gc,phases   ] GC(271)   Evacuate Collection Set: 13.2ms
[2024-08-28T13:09:32.432+0000][info][gc,phases   ] GC(271)   Post Evacuate Collection Set: 0.7ms
[2024-08-28T13:09:32.432+0000][info][gc,phases   ] GC(271)   Other: 0.4ms
[2024-08-28T13:09:32.432+0000][info][gc,heap     ] GC(271) Eden regions: 89->0(189)
[2024-08-28T13:09:32.432+0000][info][gc,heap     ] GC(271) Survivor regions: 13->13(13)
[2024-08-28T13:09:32.432+0000][info][gc,heap     ] GC(271) Old regions: 1224->1233
[2024-08-28T13:09:32.432+0000][info][gc,heap     ] GC(271) Archive regions: 2->2
[2024-08-28T13:09:32.432+0000][info][gc,heap     ] GC(271) Humongous regions: 5->5
[2024-08-28T13:09:32.432+0000][info][gc,metaspace] GC(271) Metaspace: 100K(320K)->100K(320K) NonClass: 96K(192K)->96K(192K) Class: 4K(128K)->4K(128K)
[2024-08-28T13:09:32.432+0000][info][gc          ] GC(271) Pause Young (Mixed) (G1 Evacuation Pause) 1331M->1251M(2048M) 15.719ms
[2024-08-28T13:09:32.432+0000][info][gc,cpu      ] GC(271) User=0.57s Sys=0.10s Real=0.02s
[2024-08-28T13:09:32.552+0000][info][gc,start    ] GC(272) Pause Young (Normal) (G1 Evacuation Pause)
[2024-08-28T13:09:32.552+0000][info][gc,task     ] GC(272) Using 49 workers of 68 for evacuation
[2024-08-28T13:09:32.577+0000][info][gc,phases   ] GC(272)   Pre Evacuate Collection Set: 0.3ms
[2024-08-28T13:09:32.577+0000][info][gc,phases   ] GC(272)   Merge Heap Roots: 1.1ms
[2024-08-28T13:09:32.577+0000][info][gc,phases   ] GC(272)   Evacuate Collection Set: 22.6ms
[2024-08-28T13:09:32.577+0000][info][gc,phases   ] GC(272)   Post Evacuate Collection Set: 0.7ms
[2024-08-28T13:09:32.577+0000][info][gc,phases   ] GC(272)   Other: 0.4ms
[2024-08-28T13:09:32.577+0000][info][gc,heap     ] GC(272) Eden regions: 189->0(128)
[2024-08-28T13:09:32.577+0000][info][gc,heap     ] GC(272) Survivor regions: 13->26(26)
[2024-08-28T13:09:32.577+0000][info][gc,heap     ] GC(272) Old regions: 1233->1407
[2024-08-28T13:09:32.577+0000][info][gc,heap     ] GC(272) Archive regions: 2->2
[2024-08-28T13:09:32.577+0000][info][gc,heap     ] GC(272) Humongous regions: 5->5
[2024-08-28T13:09:32.577+0000][info][gc,metaspace] GC(272) Metaspace: 100K(320K)->100K(320K) NonClass: 96K(192K)->96K(192K) Class: 4K(128K)->4K(128K)
[2024-08-28T13:09:32.577+0000][info][gc          ] GC(272) Pause Young (Normal) (G1 Evacuation Pause) 1440M->1438M(2048M) 25.106ms
[2024-08-28T13:09:32.577+0000][info][gc,cpu      ] GC(272) User=1.11s Sys=0.02s Real=0.02s
[2024-08-28T13:09:32.659+0000][info][gc,start    ] GC(273) Pause Young (Concurrent Start) (G1 Evacuation Pause)
[2024-08-28T13:09:32.659+0000][info][gc,task     ] GC(273) Using 49 workers of 68 for evacuation
[2024-08-28T13:09:32.680+0000][info][gc,phases   ] GC(273)   Pre Evacuate Collection Set: 0.3ms
[2024-08-28T13:09:32.681+0000][info][gc,phases   ] GC(273)   Merge Heap Roots: 0.6ms
[2024-08-28T13:09:32.681+0000][info][gc,phases   ] GC(273)   Evacuate Collection Set: 19.3ms
[2024-08-28T13:09:32.681+0000][info][gc,phases   ] GC(273)   Post Evacuate Collection Set: 0.6ms
[2024-08-28T13:09:32.681+0000][info][gc,phases   ] GC(273)   Other: 1.2ms
[2024-08-28T13:09:32.681+0000][info][gc,heap     ] GC(273) Eden regions: 128->0(85)
[2024-08-28T13:09:32.681+0000][info][gc,heap     ] GC(273) Survivor regions: 26->20(20)
[2024-08-28T13:09:32.681+0000][info][gc,heap     ] GC(273) Old regions: 1407->1548
[2024-08-28T13:09:32.681+0000][info][gc,heap     ] GC(273) Archive regions: 2->2
[2024-08-28T13:09:32.681+0000][info][gc,heap     ] GC(273) Humongous regions: 5->5
[2024-08-28T13:09:32.681+0000][info][gc,metaspace] GC(273) Metaspace: 100K(320K)->100K(320K) NonClass: 96K(192K)->96K(192K) Class: 4K(128K)->4K(128K)
[2024-08-28T13:09:32.681+0000][info][gc          ] GC(273) Pause Young (Concurrent Start) (G1 Evacuation Pause) 1566M->1573M(2048M) 22.051ms
[2024-08-28T13:09:32.681+0000][info][gc,cpu      ] GC(273) User=0.91s Sys=0.01s Real=0.02s
[2024-08-28T13:09:32.681+0000][info][gc          ] GC(274) Concurrent Mark Cycle
[2024-08-28T13:09:32.681+0000][info][gc,marking  ] GC(274) Concurrent Clear Claimed Marks
[2024-08-28T13:09:32.681+0000][info][gc,marking  ] GC(274) Concurrent Clear Claimed Marks 0.009ms
[2024-08-28T13:09:32.681+0000][info][gc,marking  ] GC(274) Concurrent Scan Root Regions
[2024-08-28T13:09:32.685+0000][info][gc,marking  ] GC(274) Concurrent Scan Root Regions 4.128ms
[2024-08-28T13:09:32.685+0000][info][gc,marking  ] GC(274) Concurrent Mark
[2024-08-28T13:09:32.685+0000][info][gc,marking  ] GC(274) Concurrent Mark From Roots
[2024-08-28T13:09:32.685+0000][info][gc,task     ] GC(274) Using 17 workers of 17 for marking
[2024-08-28T13:09:32.705+0000][info][gc,marking  ] GC(274) Concurrent Mark From Roots 20.556ms
[2024-08-28T13:09:32.706+0000][info][gc,marking  ] GC(274) Concurrent Preclean
[2024-08-28T13:09:32.706+0000][info][gc,marking  ] GC(274) Concurrent Preclean 0.504ms
[2024-08-28T13:09:32.706+0000][info][gc,start    ] GC(274) Pause Remark
[2024-08-28T13:09:32.709+0000][info][gc          ] GC(274) Pause Remark 1598M->1391M(2048M) 2.391ms
[2024-08-28T13:09:32.709+0000][info][gc,cpu      ] GC(274) User=0.02s Sys=0.00s Real=0.00s
[2024-08-28T13:09:32.709+0000][info][gc,marking  ] GC(274) Concurrent Mark 23.933ms
[2024-08-28T13:09:32.709+0000][info][gc,marking  ] GC(274) Concurrent Rebuild Remembered Sets
[2024-08-28T13:09:32.751+0000][info][gc,start    ] GC(275) Pause Young (Normal) (G1 Evacuation Pause)
[2024-08-28T13:09:32.751+0000][info][gc,task     ] GC(275) Using 49 workers of 68 for evacuation
[2024-08-28T13:09:32.766+0000][info][gc,phases   ] GC(275)   Pre Evacuate Collection Set: 0.2ms
[2024-08-28T13:09:32.766+0000][info][gc,phases   ] GC(275)   Merge Heap Roots: 1.0ms
[2024-08-28T13:09:32.766+0000][info][gc,phases   ] GC(275)   Evacuate Collection Set: 12.7ms
[2024-08-28T13:09:32.766+0000][info][gc,phases   ] GC(275)   Post Evacuate Collection Set: 0.9ms
[2024-08-28T13:09:32.766+0000][info][gc,phases   ] GC(275)   Other: 0.3ms
[2024-08-28T13:09:32.766+0000][info][gc,heap     ] GC(275) Eden regions: 85->0(122)
[2024-08-28T13:09:32.766+0000][info][gc,heap     ] GC(275) Survivor regions: 20->14(14)
[2024-08-28T13:09:32.766+0000][info][gc,heap     ] GC(275) Old regions: 1341->1439
[2024-08-28T13:09:32.766+0000][info][gc,heap     ] GC(275) Archive regions: 2->2
[2024-08-28T13:09:32.766+0000][info][gc,heap     ] GC(275) Humongous regions: 5->5
[2024-08-28T13:09:32.766+0000][info][gc,metaspace] GC(275) Metaspace: 100K(320K)->100K(320K) NonClass: 96K(192K)->96K(192K) Class: 4K(128K)->4K(128K)
[2024-08-28T13:09:32.766+0000][info][gc          ] GC(275) Pause Young (Normal) (G1 Evacuation Pause) 1451M->1458M(2048M) 15.206ms
[2024-08-28T13:09:32.766+0000][info][gc,cpu      ] GC(275) User=0.66s Sys=0.01s Real=0.01s
[2024-08-28T13:09:32.774+0000][info][gc,marking  ] GC(274) Concurrent Rebuild Remembered Sets 65.133ms
[2024-08-28T13:09:32.774+0000][info][gc,start    ] GC(274) Pause Cleanup
[2024-08-28T13:09:32.780+0000][info][gc          ] GC(274) Pause Cleanup 1470M->1470M(2048M) 5.362ms
[2024-08-28T13:09:32.780+0000][info][gc,cpu      ] GC(274) User=0.01s Sys=0.00s Real=0.01s
[2024-08-28T13:09:32.780+0000][info][gc,marking  ] GC(274) Concurrent Cleanup for Next Mark
[2024-08-28T13:09:32.781+0000][info][gc,marking  ] GC(274) Concurrent Cleanup for Next Mark 1.439ms
[2024-08-28T13:09:32.781+0000][info][gc          ] GC(274) Concurrent Mark Cycle 100.733ms
[2024-08-28T13:09:32.849+0000][info][gc,start    ] GC(276) Pause Young (Prepare Mixed) (G1 Evacuation Pause)
[2024-08-28T13:09:32.849+0000][info][gc,task     ] GC(276) Using 49 workers of 68 for evacuation
[2024-08-28T13:09:32.872+0000][info][gc,phases   ] GC(276)   Pre Evacuate Collection Set: 0.3ms
[2024-08-28T13:09:32.872+0000][info][gc,phases   ] GC(276)   Merge Heap Roots: 0.9ms
[2024-08-28T13:09:32.872+0000][info][gc,phases   ] GC(276)   Evacuate Collection Set: 21.0ms
[2024-08-28T13:09:32.872+0000][info][gc,phases   ] GC(276)   Post Evacuate Collection Set: 0.6ms
[2024-08-28T13:09:32.872+0000][info][gc,phases   ] GC(276)   Other: 0.3ms
[2024-08-28T13:09:32.872+0000][info][gc,heap     ] GC(276) Eden regions: 122->0(85)
[2024-08-28T13:09:32.872+0000][info][gc,heap     ] GC(276) Survivor regions: 14->17(17)
[2024-08-28T13:09:32.872+0000][info][gc,heap     ] GC(276) Old regions: 1439->1562
[2024-08-28T13:09:32.873+0000][info][gc,heap     ] GC(276) Archive regions: 2->2
[2024-08-28T13:09:32.873+0000][info][gc,heap     ] GC(276) Humongous regions: 5->5
[2024-08-28T13:09:32.873+0000][info][gc,metaspace] GC(276) Metaspace: 100K(320K)->100K(320K) NonClass: 96K(192K)->96K(192K) Class: 4K(128K)->4K(128K)
[2024-08-28T13:09:32.873+0000][info][gc          ] GC(276) Pause Young (Prepare Mixed) (G1 Evacuation Pause) 1580M->1584M(2048M) 23.275ms
[2024-08-28T13:09:32.873+0000][info][gc,cpu      ] GC(276) User=1.05s Sys=0.01s Real=0.03s
[2024-08-28T13:09:32.928+0000][info][gc,start    ] GC(277) Pause Young (Mixed) (G1 Evacuation Pause)
[2024-08-28T13:09:32.929+0000][info][gc,task     ] GC(277) Using 49 workers of 68 for evacuation
[2024-08-28T13:09:32.944+0000][info][gc,phases   ] GC(277)   Pre Evacuate Collection Set: 0.4ms
[2024-08-28T13:09:32.944+0000][info][gc,phases   ] GC(277)   Merge Heap Roots: 0.6ms
[2024-08-28T13:09:32.944+0000][info][gc,phases   ] GC(277)   Evacuate Collection Set: 13.7ms
[2024-08-28T13:09:32.944+0000][info][gc,phases   ] GC(277)   Post Evacuate Collection Set: 0.7ms
[2024-08-28T13:09:32.944+0000][info][gc,phases   ] GC(277)   Other: 0.4ms
[2024-08-28T13:09:32.944+0000][info][gc,heap     ] GC(277) Eden regions: 85->0(89)
[2024-08-28T13:09:32.944+0000][info][gc,heap     ] GC(277) Survivor regions: 17->13(13)
[2024-08-28T13:09:32.944+0000][info][gc,heap     ] GC(277) Old regions: 1562->1452
[2024-08-28T13:09:32.944+0000][info][gc,heap     ] GC(277) Archive regions: 2->2
[2024-08-28T13:09:32.944+0000][info][gc,heap     ] GC(277) Humongous regions: 5->5
[2024-08-28T13:09:32.944+0000][info][gc,metaspace] GC(277) Metaspace: 100K(320K)->100K(320K) NonClass: 96K(192K)->96K(192K) Class: 4K(128K)->4K(128K)
[2024-08-28T13:09:32.944+0000][info][gc          ] GC(277) Pause Young (Mixed) (G1 Evacuation Pause) 1669M->1470M(2048M) 15.922ms
[2024-08-28T13:09:32.944+0000][info][gc,cpu      ] GC(277) User=0.69s Sys=0.00s Real=0.02s
[2024-08-28T13:09:33.002+0000][info][gc,start    ] GC(278) Pause Young (Mixed) (G1 Evacuation Pause)
[2024-08-28T13:09:33.003+0000][info][gc,task     ] GC(278) Using 49 workers of 68 for evacuation
[2024-08-28T13:09:33.017+0000][info][gc,phases   ] GC(278)   Pre Evacuate Collection Set: 0.4ms
[2024-08-28T13:09:33.017+0000][info][gc,phases   ] GC(278)   Merge Heap Roots: 0.5ms
[2024-08-28T13:09:33.017+0000][info][gc,phases   ] GC(278)   Evacuate Collection Set: 12.8ms
[2024-08-28T13:09:33.017+0000][info][gc,phases   ] GC(278)   Post Evacuate Collection Set: 0.7ms
[2024-08-28T13:09:33.017+0000][info][gc,phases   ] GC(278)   Other: 0.4ms
[2024-08-28T13:09:33.017+0000][info][gc,heap     ] GC(278) Eden regions: 89->0(89)
[2024-08-28T13:09:33.017+0000][info][gc,heap     ] GC(278) Survivor regions: 13->13(13)
[2024-08-28T13:09:33.017+0000][info][gc,heap     ] GC(278) Old regions: 1452->1342
[2024-08-28T13:09:33.017+0000][info][gc,heap     ] GC(278) Archive regions: 2->2
[2024-08-28T13:09:33.017+0000][info][gc,heap     ] GC(278) Humongous regions: 5->5
[2024-08-28T13:09:33.017+0000][info][gc,metaspace] GC(278) Metaspace: 100K(320K)->100K(320K) NonClass: 96K(192K)->96K(192K) Class: 4K(128K)->4K(128K)
[2024-08-28T13:09:33.018+0000][info][gc          ] GC(278) Pause Young (Mixed) (G1 Evacuation Pause) 1559M->1360M(2048M) 15.044ms
[2024-08-28T13:09:33.018+0000][info][gc,cpu      ] GC(278) User=0.64s Sys=0.01s Real=0.02s
[2024-08-28T13:09:33.076+0000][info][gc,start    ] GC(279) Pause Young (Mixed) (G1 Evacuation Pause)
[2024-08-28T13:09:33.076+0000][info][gc,task     ] GC(279) Using 49 workers of 68 for evacuation
[2024-08-28T13:09:33.091+0000][info][gc,phases   ] GC(279)   Pre Evacuate Collection Set: 0.4ms
[2024-08-28T13:09:33.091+0000][info][gc,phases   ] GC(279)   Merge Heap Roots: 0.6ms
[2024-08-28T13:09:33.091+0000][info][gc,phases   ] GC(279)   Evacuate Collection Set: 12.7ms
[2024-08-28T13:09:33.091+0000][info][gc,phases   ] GC(279)   Post Evacuate Collection Set: 0.8ms
[2024-08-28T13:09:33.091+0000][info][gc,phases   ] GC(279)   Other: 0.4ms
[2024-08-28T13:09:33.091+0000][info][gc,heap     ] GC(279) Eden regions: 89->0(89)
[2024-08-28T13:09:33.091+0000][info][gc,heap     ] GC(279) Survivor regions: 13->13(13)
[2024-08-28T13:09:33.091+0000][info][gc,heap     ] GC(279) Old regions: 1342->1231
[2024-08-28T13:09:33.091+0000][info][gc,heap     ] GC(279) Archive regions: 2->2
[2024-08-28T13:09:33.091+0000][info][gc,heap     ] GC(279) Humongous regions: 5->5
[2024-08-28T13:09:33.091+0000][info][gc,metaspace] GC(279) Metaspace: 100K(320K)->100K(320K) NonClass: 96K(192K)->96K(192K) Class: 4K(128K)->4K(128K)
[2024-08-28T13:09:33.091+0000][info][gc          ] GC(279) Pause Young (Mixed) (G1 Evacuation Pause) 1449M->1249M(2048M) 14.949ms
[2024-08-28T13:09:33.091+0000][info][gc,cpu      ] GC(279) User=0.63s Sys=0.00s Real=0.02s
[2024-08-28T13:09:33.148+0000][info][gc,start    ] GC(280) Pause Young (Mixed) (G1 Evacuation Pause)
[2024-08-28T13:09:33.148+0000][info][gc,task     ] GC(280) Using 49 workers of 68 for evacuation
[2024-08-28T13:09:33.163+0000][info][gc,phases   ] GC(280)   Pre Evacuate Collection Set: 0.4ms
[2024-08-28T13:09:33.163+0000][info][gc,phases   ] GC(280)   Merge Heap Roots: 0.6ms
[2024-08-28T13:09:33.163+0000][info][gc,phases   ] GC(280)   Evacuate Collection Set: 13.1ms
[2024-08-28T13:09:33.163+0000][info][gc,phases   ] GC(280)   Post Evacuate Collection Set: 0.6ms
[2024-08-28T13:09:33.163+0000][info][gc,phases   ] GC(280)   Other: 0.4ms
[2024-08-28T13:09:33.163+0000][info][gc,heap     ] GC(280) Eden regions: 89->0(189)
[2024-08-28T13:09:33.163+0000][info][gc,heap     ] GC(280) Survivor regions: 13->13(13)
[2024-08-28T13:09:33.163+0000][info][gc,heap     ] GC(280) Old regions: 1231->1234
[2024-08-28T13:09:33.163+0000][info][gc,heap     ] GC(280) Archive regions: 2->2
[2024-08-28T13:09:33.163+0000][info][gc,heap     ] GC(280) Humongous regions: 5->5
[2024-08-28T13:09:33.163+0000][info][gc,metaspace] GC(280) Metaspace: 100K(320K)->100K(320K) NonClass: 96K(192K)->96K(192K) Class: 4K(128K)->4K(128K)
[2024-08-28T13:09:33.163+0000][info][gc          ] GC(280) Pause Young (Mixed) (G1 Evacuation Pause) 1338M->1252M(2048M) 15.154ms
[2024-08-28T13:09:33.163+0000][info][gc,cpu      ] GC(280) User=0.66s Sys=0.00s Real=0.02s
[2024-08-28T13:09:33.282+0000][info][gc,start    ] GC(281) Pause Young (Normal) (G1 Evacuation Pause)
[2024-08-28T13:09:33.282+0000][info][gc,task     ] GC(281) Using 49 workers of 68 for evacuation
[2024-08-28T13:09:33.307+0000][info][gc,phases   ] GC(281)   Pre Evacuate Collection Set: 0.3ms
[2024-08-28T13:09:33.307+0000][info][gc,phases   ] GC(281)   Merge Heap Roots: 0.8ms
[2024-08-28T13:09:33.307+0000][info][gc,phases   ] GC(281)   Evacuate Collection Set: 22.6ms
[2024-08-28T13:09:33.307+0000][info][gc,phases   ] GC(281)   Post Evacuate Collection Set: 0.7ms
[2024-08-28T13:09:33.307+0000][info][gc,phases   ] GC(281)   Other: 0.3ms
[2024-08-28T13:09:33.307+0000][info][gc,heap     ] GC(281) Eden regions: 189->0(128)
[2024-08-28T13:09:33.307+0000][info][gc,heap     ] GC(281) Survivor regions: 13->26(26)
[2024-08-28T13:09:33.307+0000][info][gc,heap     ] GC(281) Old regions: 1234->1408
[2024-08-28T13:09:33.307+0000][info][gc,heap     ] GC(281) Archive regions: 2->2
[2024-08-28T13:09:33.307+0000][info][gc,heap     ] GC(281) Humongous regions: 5->5
[2024-08-28T13:09:33.307+0000][info][gc,metaspace] GC(281) Metaspace: 100K(320K)->100K(320K) NonClass: 96K(192K)->96K(192K) Class: 4K(128K)->4K(128K)
[2024-08-28T13:09:33.307+0000][info][gc          ] GC(281) Pause Young (Normal) (G1 Evacuation Pause) 1441M->1439M(2048M) 24.835ms
[2024-08-28T13:09:33.307+0000][info][gc,cpu      ] GC(281) User=1.11s Sys=0.00s Real=0.02s
[2024-08-28T13:09:33.388+0000][info][gc,start    ] GC(282) Pause Young (Concurrent Start) (G1 Evacuation Pause)
[2024-08-28T13:09:33.388+0000][info][gc,task     ] GC(282) Using 49 workers of 68 for evacuation
[2024-08-28T13:09:33.410+0000][info][gc,phases   ] GC(282)   Pre Evacuate Collection Set: 0.3ms
[2024-08-28T13:09:33.410+0000][info][gc,phases   ] GC(282)   Merge Heap Roots: 1.0ms
[2024-08-28T13:09:33.410+0000][info][gc,phases   ] GC(282)   Evacuate Collection Set: 18.9ms
[2024-08-28T13:09:33.410+0000][info][gc,phases   ] GC(282)   Post Evacuate Collection Set: 0.7ms
[2024-08-28T13:09:33.410+0000][info][gc,phases   ] GC(282)   Other: 1.3ms
[2024-08-28T13:09:33.410+0000][info][gc,heap     ] GC(282) Eden regions: 128->0(85)
[2024-08-28T13:09:33.410+0000][info][gc,heap     ] GC(282) Survivor regions: 26->20(20)
[2024-08-28T13:09:33.410+0000][info][gc,heap     ] GC(282) Old regions: 1408->1548
[2024-08-28T13:09:33.410+0000][info][gc,heap     ] GC(282) Archive regions: 2->2
[2024-08-28T13:09:33.410+0000][info][gc,heap     ] GC(282) Humongous regions: 5->5
[2024-08-28T13:09:33.410+0000][info][gc,metaspace] GC(282) Metaspace: 100K(320K)->100K(320K) NonClass: 96K(192K)->96K(192K) Class: 4K(128K)->4K(128K)
[2024-08-28T13:09:33.410+0000][info][gc          ] GC(282) Pause Young (Concurrent Start) (G1 Evacuation Pause) 1567M->1573M(2048M) 22.352ms
[2024-08-28T13:09:33.410+0000][info][gc,cpu      ] GC(282) User=0.96s Sys=0.00s Real=0.03s
[2024-08-28T13:09:33.410+0000][info][gc          ] GC(283) Concurrent Mark Cycle
[2024-08-28T13:09:33.410+0000][info][gc,marking  ] GC(283) Concurrent Clear Claimed Marks
[2024-08-28T13:09:33.410+0000][info][gc,marking  ] GC(283) Concurrent Clear Claimed Marks 0.010ms
[2024-08-28T13:09:33.410+0000][info][gc,marking  ] GC(283) Concurrent Scan Root Regions
[2024-08-28T13:09:33.414+0000][info][gc,marking  ] GC(283) Concurrent Scan Root Regions 4.018ms
[2024-08-28T13:09:33.414+0000][info][gc,marking  ] GC(283) Concurrent Mark
[2024-08-28T13:09:33.414+0000][info][gc,marking  ] GC(283) Concurrent Mark From Roots
[2024-08-28T13:09:33.414+0000][info][gc,task     ] GC(283) Using 17 workers of 17 for marking
[2024-08-28T13:09:33.435+0000][info][gc,marking  ] GC(283) Concurrent Mark From Roots 20.927ms
[2024-08-28T13:09:33.435+0000][info][gc,marking  ] GC(283) Concurrent Preclean
[2024-08-28T13:09:33.436+0000][info][gc,marking  ] GC(283) Concurrent Preclean 0.505ms
[2024-08-28T13:09:33.436+0000][info][gc,start    ] GC(283) Pause Remark
[2024-08-28T13:09:33.439+0000][info][gc          ] GC(283) Pause Remark 1599M->1393M(2048M) 2.781ms
[2024-08-28T13:09:33.439+0000][info][gc,cpu      ] GC(283) User=0.01s Sys=0.00s Real=0.01s
[2024-08-28T13:09:33.439+0000][info][gc,marking  ] GC(283) Concurrent Mark 24.809ms
[2024-08-28T13:09:33.439+0000][info][gc,marking  ] GC(283) Concurrent Rebuild Remembered Sets
[2024-08-28T13:09:33.481+0000][info][gc,start    ] GC(284) Pause Young (Normal) (G1 Evacuation Pause)
[2024-08-28T13:09:33.481+0000][info][gc,task     ] GC(284) Using 49 workers of 68 for evacuation
[2024-08-28T13:09:33.497+0000][info][gc,phases   ] GC(284)   Pre Evacuate Collection Set: 0.3ms
[2024-08-28T13:09:33.497+0000][info][gc,phases   ] GC(284)   Merge Heap Roots: 0.5ms
[2024-08-28T13:09:33.497+0000][info][gc,phases   ] GC(284)   Evacuate Collection Set: 14.0ms
[2024-08-28T13:09:33.497+0000][info][gc,phases   ] GC(284)   Post Evacuate Collection Set: 1.0ms
[2024-08-28T13:09:33.497+0000][info][gc,phases   ] GC(284)   Other: 0.3ms
[2024-08-28T13:09:33.497+0000][info][gc,heap     ] GC(284) Eden regions: 85->0(121)
[2024-08-28T13:09:33.497+0000][info][gc,heap     ] GC(284) Survivor regions: 20->14(14)
[2024-08-28T13:09:33.497+0000][info][gc,heap     ] GC(284) Old regions: 1342->1443
[2024-08-28T13:09:33.497+0000][info][gc,heap     ] GC(284) Archive regions: 2->2
[2024-08-28T13:09:33.497+0000][info][gc,heap     ] GC(284) Humongous regions: 5->5
[2024-08-28T13:09:33.497+0000][info][gc,metaspace] GC(284) Metaspace: 100K(320K)->100K(320K) NonClass: 96K(192K)->96K(192K) Class: 4K(128K)->4K(128K)
[2024-08-28T13:09:33.497+0000][info][gc          ] GC(284) Pause Young (Normal) (G1 Evacuation Pause) 1452M->1462M(2048M) 16.170ms
[2024-08-28T13:09:33.497+0000][info][gc,cpu      ] GC(284) User=0.69s Sys=0.02s Real=0.02s
[2024-08-28T13:09:33.504+0000][info][gc,marking  ] GC(283) Concurrent Rebuild Remembered Sets 64.723ms
[2024-08-28T13:09:33.504+0000][info][gc,start    ] GC(283) Pause Cleanup
[2024-08-28T13:09:33.510+0000][info][gc          ] GC(283) Pause Cleanup 1471M->1471M(2048M) 5.631ms
[2024-08-28T13:09:33.510+0000][info][gc,cpu      ] GC(283) User=0.01s Sys=0.00s Real=0.01s
[2024-08-28T13:09:33.510+0000][info][gc,marking  ] GC(283) Concurrent Cleanup for Next Mark
[2024-08-28T13:09:33.511+0000][info][gc,marking  ] GC(283) Concurrent Cleanup for Next Mark 1.449ms
[2024-08-28T13:09:33.512+0000][info][gc          ] GC(283) Concurrent Mark Cycle 101.386ms
[2024-08-28T13:09:33.583+0000][info][gc,start    ] GC(285) Pause Young (Prepare Mixed) (G1 Evacuation Pause)
[2024-08-28T13:09:33.583+0000][info][gc,task     ] GC(285) Using 49 workers of 68 for evacuation
[2024-08-28T13:09:33.606+0000][info][gc,phases   ] GC(285)   Pre Evacuate Collection Set: 0.2ms
[2024-08-28T13:09:33.606+0000][info][gc,phases   ] GC(285)   Merge Heap Roots: 0.9ms
[2024-08-28T13:09:33.606+0000][info][gc,phases   ] GC(285)   Evacuate Collection Set: 20.8ms
[2024-08-28T13:09:33.606+0000][info][gc,phases   ] GC(285)   Post Evacuate Collection Set: 0.7ms
[2024-08-28T13:09:33.606+0000][info][gc,phases   ] GC(285)   Other: 0.2ms
[2024-08-28T13:09:33.606+0000][info][gc,heap     ] GC(285) Eden regions: 121->0(85)
[2024-08-28T13:09:33.606+0000][info][gc,heap     ] GC(285) Survivor regions: 14->17(17)
[2024-08-28T13:09:33.606+0000][info][gc,heap     ] GC(285) Old regions: 1443->1565
[2024-08-28T13:09:33.606+0000][info][gc,heap     ] GC(285) Archive regions: 2->2
[2024-08-28T13:09:33.606+0000][info][gc,heap     ] GC(285) Humongous regions: 5->5
[2024-08-28T13:09:33.606+0000][info][gc,metaspace] GC(285) Metaspace: 100K(320K)->100K(320K) NonClass: 96K(192K)->96K(192K) Class: 4K(128K)->4K(128K)
[2024-08-28T13:09:33.606+0000][info][gc          ] GC(285) Pause Young (Prepare Mixed) (G1 Evacuation Pause) 1583M->1587M(2048M) 23.066ms
[2024-08-28T13:09:33.606+0000][info][gc,cpu      ] GC(285) User=1.05s Sys=0.00s Real=0.02s
[2024-08-28T13:09:33.662+0000][info][gc,start    ] GC(286) Pause Young (Mixed) (G1 Evacuation Pause)
[2024-08-28T13:09:33.662+0000][info][gc,task     ] GC(286) Using 49 workers of 68 for evacuation
[2024-08-28T13:09:33.678+0000][info][gc,phases   ] GC(286)   Pre Evacuate Collection Set: 0.5ms
[2024-08-28T13:09:33.678+0000][info][gc,phases   ] GC(286)   Merge Heap Roots: 0.9ms
[2024-08-28T13:09:33.678+0000][info][gc,phases   ] GC(286)   Evacuate Collection Set: 13.6ms
[2024-08-28T13:09:33.678+0000][info][gc,phases   ] GC(286)   Post Evacuate Collection Set: 0.7ms
[2024-08-28T13:09:33.678+0000][info][gc,phases   ] GC(286)   Other: 0.4ms
[2024-08-28T13:09:33.678+0000][info][gc,heap     ] GC(286) Eden regions: 85->0(89)
[2024-08-28T13:09:33.678+0000][info][gc,heap     ] GC(286) Survivor regions: 17->13(13)
[2024-08-28T13:09:33.678+0000][info][gc,heap     ] GC(286) Old regions: 1565->1455
[2024-08-28T13:09:33.678+0000][info][gc,heap     ] GC(286) Archive regions: 2->2
[2024-08-28T13:09:33.678+0000][info][gc,heap     ] GC(286) Humongous regions: 5->5
[2024-08-28T13:09:33.678+0000][info][gc,metaspace] GC(286) Metaspace: 100K(320K)->100K(320K) NonClass: 96K(192K)->96K(192K) Class: 4K(128K)->4K(128K)
[2024-08-28T13:09:33.678+0000][info][gc          ] GC(286) Pause Young (Mixed) (G1 Evacuation Pause) 1672M->1473M(2048M) 16.180ms
[2024-08-28T13:09:33.678+0000][info][gc,cpu      ] GC(286) User=0.68s Sys=0.01s Real=0.02s
[2024-08-28T13:09:33.735+0000][info][gc,start    ] GC(287) Pause Young (Mixed) (G1 Evacuation Pause)
[2024-08-28T13:09:33.735+0000][info][gc,task     ] GC(287) Using 49 workers of 68 for evacuation
[2024-08-28T13:09:33.750+0000][info][gc,phases   ] GC(287)   Pre Evacuate Collection Set: 0.4ms
[2024-08-28T13:09:33.750+0000][info][gc,phases   ] GC(287)   Merge Heap Roots: 0.6ms
[2024-08-28T13:09:33.750+0000][info][gc,phases   ] GC(287)   Evacuate Collection Set: 12.6ms
[2024-08-28T13:09:33.750+0000][info][gc,phases   ] GC(287)   Post Evacuate Collection Set: 0.8ms
[2024-08-28T13:09:33.750+0000][info][gc,phases   ] GC(287)   Other: 0.4ms
[2024-08-28T13:09:33.750+0000][info][gc,heap     ] GC(287) Eden regions: 89->0(89)
[2024-08-28T13:09:33.750+0000][info][gc,heap     ] GC(287) Survivor regions: 13->13(13)
[2024-08-28T13:09:33.750+0000][info][gc,heap     ] GC(287) Old regions: 1455->1343
[2024-08-28T13:09:33.750+0000][info][gc,heap     ] GC(287) Archive regions: 2->2
[2024-08-28T13:09:33.750+0000][info][gc,heap     ] GC(287) Humongous regions: 5->5
[2024-08-28T13:09:33.750+0000][info][gc,metaspace] GC(287) Metaspace: 100K(320K)->100K(320K) NonClass: 96K(192K)->96K(192K) Class: 4K(128K)->4K(128K)
[2024-08-28T13:09:33.750+0000][info][gc          ] GC(287) Pause Young (Mixed) (G1 Evacuation Pause) 1562M->1361M(2048M) 14.875ms
[2024-08-28T13:09:33.750+0000][info][gc,cpu      ] GC(287) User=0.63s Sys=0.01s Real=0.02s
[2024-08-28T13:09:33.807+0000][info][gc,start    ] GC(288) Pause Young (Mixed) (G1 Evacuation Pause)
[2024-08-28T13:09:33.808+0000][info][gc,task     ] GC(288) Using 49 workers of 68 for evacuation
[2024-08-28T13:09:33.822+0000][info][gc,phases   ] GC(288)   Pre Evacuate Collection Set: 0.5ms
[2024-08-28T13:09:33.822+0000][info][gc,phases   ] GC(288)   Merge Heap Roots: 0.9ms
[2024-08-28T13:09:33.822+0000][info][gc,phases   ] GC(288)   Evacuate Collection Set: 12.2ms
[2024-08-28T13:09:33.822+0000][info][gc,phases   ] GC(288)   Post Evacuate Collection Set: 0.8ms
[2024-08-28T13:09:33.822+0000][info][gc,phases   ] GC(288)   Other: 0.4ms
[2024-08-28T13:09:33.822+0000][info][gc,heap     ] GC(288) Eden regions: 89->0(89)
[2024-08-28T13:09:33.822+0000][info][gc,heap     ] GC(288) Survivor regions: 13->13(13)
[2024-08-28T13:09:33.822+0000][info][gc,heap     ] GC(288) Old regions: 1343->1232
[2024-08-28T13:09:33.822+0000][info][gc,heap     ] GC(288) Archive regions: 2->2
[2024-08-28T13:09:33.822+0000][info][gc,heap     ] GC(288) Humongous regions: 5->5
[2024-08-28T13:09:33.822+0000][info][gc,metaspace] GC(288) Metaspace: 100K(320K)->100K(320K) NonClass: 96K(192K)->96K(192K) Class: 4K(128K)->4K(128K)
[2024-08-28T13:09:33.822+0000][info][gc          ] GC(288) Pause Young (Mixed) (G1 Evacuation Pause) 1450M->1250M(2048M) 14.809ms
[2024-08-28T13:09:33.822+0000][info][gc,cpu      ] GC(288) User=0.63s Sys=0.00s Real=0.02s
[2024-08-28T13:09:33.879+0000][info][gc,start    ] GC(289) Pause Young (Mixed) (G1 Evacuation Pause)
[2024-08-28T13:09:33.879+0000][info][gc,task     ] GC(289) Using 49 workers of 68 for evacuation
[2024-08-28T13:09:33.893+0000][info][gc,phases   ] GC(289)   Pre Evacuate Collection Set: 0.4ms
[2024-08-28T13:09:33.893+0000][info][gc,phases   ] GC(289)   Merge Heap Roots: 0.6ms
[2024-08-28T13:09:33.893+0000][info][gc,phases   ] GC(289)   Evacuate Collection Set: 12.9ms
[2024-08-28T13:09:33.894+0000][info][gc,phases   ] GC(289)   Post Evacuate Collection Set: 0.7ms
[2024-08-28T13:09:33.894+0000][info][gc,phases   ] GC(289)   Other: 0.4ms
[2024-08-28T13:09:33.894+0000][info][gc,heap     ] GC(289) Eden regions: 89->0(189)
[2024-08-28T13:09:33.894+0000][info][gc,heap     ] GC(289) Survivor regions: 13->13(13)
[2024-08-28T13:09:33.894+0000][info][gc,heap     ] GC(289) Old regions: 1232->1233
[2024-08-28T13:09:33.894+0000][info][gc,heap     ] GC(289) Archive regions: 2->2
[2024-08-28T13:09:33.894+0000][info][gc,heap     ] GC(289) Humongous regions: 5->5
[2024-08-28T13:09:33.894+0000][info][gc,metaspace] GC(289) Metaspace: 100K(320K)->100K(320K) NonClass: 96K(192K)->96K(192K) Class: 4K(128K)->4K(128K)
[2024-08-28T13:09:33.894+0000][info][gc          ] GC(289) Pause Young (Mixed) (G1 Evacuation Pause) 1339M->1251M(2048M) 14.954ms
[2024-08-28T13:09:33.894+0000][info][gc,cpu      ] GC(289) User=0.63s Sys=0.02s Real=0.01s
[2024-08-28T13:09:34.011+0000][info][gc,start    ] GC(290) Pause Young (Normal) (G1 Evacuation Pause)
[2024-08-28T13:09:34.011+0000][info][gc,task     ] GC(290) Using 49 workers of 68 for evacuation
[2024-08-28T13:09:34.036+0000][info][gc,phases   ] GC(290)   Pre Evacuate Collection Set: 0.3ms
[2024-08-28T13:09:34.036+0000][info][gc,phases   ] GC(290)   Merge Heap Roots: 0.8ms
[2024-08-28T13:09:34.036+0000][info][gc,phases   ] GC(290)   Evacuate Collection Set: 22.8ms
[2024-08-28T13:09:34.036+0000][info][gc,phases   ] GC(290)   Post Evacuate Collection Set: 0.7ms
[2024-08-28T13:09:34.036+0000][info][gc,phases   ] GC(290)   Other: 0.4ms
[2024-08-28T13:09:34.036+0000][info][gc,heap     ] GC(290) Eden regions: 189->0(128)
[2024-08-28T13:09:34.036+0000][info][gc,heap     ] GC(290) Survivor regions: 13->26(26)
[2024-08-28T13:09:34.036+0000][info][gc,heap     ] GC(290) Old regions: 1233->1408
[2024-08-28T13:09:34.036+0000][info][gc,heap     ] GC(290) Archive regions: 2->2
[2024-08-28T13:09:34.036+0000][info][gc,heap     ] GC(290) Humongous regions: 5->5
[2024-08-28T13:09:34.036+0000][info][gc,metaspace] GC(290) Metaspace: 100K(320K)->100K(320K) NonClass: 96K(192K)->96K(192K) Class: 4K(128K)->4K(128K)
[2024-08-28T13:09:34.036+0000][info][gc          ] GC(290) Pause Young (Normal) (G1 Evacuation Pause) 1440M->1439M(2048M) 24.970ms
[2024-08-28T13:09:34.036+0000][info][gc,cpu      ] GC(290) User=1.12s Sys=0.00s Real=0.02s
[2024-08-28T13:09:34.118+0000][info][gc,start    ] GC(291) Pause Young (Concurrent Start) (G1 Evacuation Pause)
[2024-08-28T13:09:34.118+0000][info][gc,task     ] GC(291) Using 49 workers of 68 for evacuation
[2024-08-28T13:09:34.140+0000][info][gc,phases   ] GC(291)   Pre Evacuate Collection Set: 0.3ms
[2024-08-28T13:09:34.140+0000][info][gc,phases   ] GC(291)   Merge Heap Roots: 0.6ms
[2024-08-28T13:09:34.140+0000][info][gc,phases   ] GC(291)   Evacuate Collection Set: 19.3ms
[2024-08-28T13:09:34.140+0000][info][gc,phases   ] GC(291)   Post Evacuate Collection Set: 0.7ms
[2024-08-28T13:09:34.140+0000][info][gc,phases   ] GC(291)   Other: 1.2ms
[2024-08-28T13:09:34.140+0000][info][gc,heap     ] GC(291) Eden regions: 128->0(84)
[2024-08-28T13:09:34.140+0000][info][gc,heap     ] GC(291) Survivor regions: 26->20(20)
[2024-08-28T13:09:34.140+0000][info][gc,heap     ] GC(291) Old regions: 1408->1549
[2024-08-28T13:09:34.140+0000][info][gc,heap     ] GC(291) Archive regions: 2->2
[2024-08-28T13:09:34.140+0000][info][gc,heap     ] GC(291) Humongous regions: 5->5
[2024-08-28T13:09:34.140+0000][info][gc,metaspace] GC(291) Metaspace: 100K(320K)->100K(320K) NonClass: 96K(192K)->96K(192K) Class: 4K(128K)->4K(128K)
[2024-08-28T13:09:34.140+0000][info][gc          ] GC(291) Pause Young (Concurrent Start) (G1 Evacuation Pause) 1567M->1574M(2048M) 22.190ms
[2024-08-28T13:09:34.140+0000][info][gc,cpu      ] GC(291) User=0.95s Sys=0.01s Real=0.02s
[2024-08-28T13:09:34.140+0000][info][gc          ] GC(292) Concurrent Mark Cycle
[2024-08-28T13:09:34.141+0000][info][gc,marking  ] GC(292) Concurrent Clear Claimed Marks
[2024-08-28T13:09:34.141+0000][info][gc,marking  ] GC(292) Concurrent Clear Claimed Marks 0.010ms
[2024-08-28T13:09:34.141+0000][info][gc,marking  ] GC(292) Concurrent Scan Root Regions
[2024-08-28T13:09:34.145+0000][info][gc,marking  ] GC(292) Concurrent Scan Root Regions 4.015ms
[2024-08-28T13:09:34.145+0000][info][gc,marking  ] GC(292) Concurrent Mark
[2024-08-28T13:09:34.145+0000][info][gc,marking  ] GC(292) Concurrent Mark From Roots
[2024-08-28T13:09:34.145+0000][info][gc,task     ] GC(292) Using 17 workers of 17 for marking
[2024-08-28T13:09:34.165+0000][info][gc,marking  ] GC(292) Concurrent Mark From Roots 20.555ms
[2024-08-28T13:09:34.165+0000][info][gc,marking  ] GC(292) Concurrent Preclean
[2024-08-28T13:09:34.166+0000][info][gc,marking  ] GC(292) Concurrent Preclean 0.592ms
[2024-08-28T13:09:34.166+0000][info][gc,start    ] GC(292) Pause Remark
[2024-08-28T13:09:34.169+0000][info][gc          ] GC(292) Pause Remark 1600M->1390M(2048M) 2.915ms
[2024-08-28T13:09:34.169+0000][info][gc,cpu      ] GC(292) User=0.02s Sys=0.00s Real=0.00s
[2024-08-28T13:09:34.169+0000][info][gc,marking  ] GC(292) Concurrent Mark 24.635ms
[2024-08-28T13:09:34.169+0000][info][gc,marking  ] GC(292) Concurrent Rebuild Remembered Sets
[2024-08-28T13:09:34.211+0000][info][gc,start    ] GC(293) Pause Young (Normal) (G1 Evacuation Pause)
[2024-08-28T13:09:34.211+0000][info][gc,task     ] GC(293) Using 49 workers of 68 for evacuation
[2024-08-28T13:09:34.226+0000][info][gc,phases   ] GC(293)   Pre Evacuate Collection Set: 0.3ms
[2024-08-28T13:09:34.226+0000][info][gc,phases   ] GC(293)   Merge Heap Roots: 0.5ms
[2024-08-28T13:09:34.226+0000][info][gc,phases   ] GC(293)   Evacuate Collection Set: 13.3ms
[2024-08-28T13:09:34.226+0000][info][gc,phases   ] GC(293)   Post Evacuate Collection Set: 1.0ms
[2024-08-28T13:09:34.226+0000][info][gc,phases   ] GC(293)   Other: 0.3ms
[2024-08-28T13:09:34.226+0000][info][gc,heap     ] GC(293) Eden regions: 84->0(122)
[2024-08-28T13:09:34.226+0000][info][gc,heap     ] GC(293) Survivor regions: 20->13(13)
[2024-08-28T13:09:34.226+0000][info][gc,heap     ] GC(293) Old regions: 1339->1440
[2024-08-28T13:09:34.226+0000][info][gc,heap     ] GC(293) Archive regions: 2->2
[2024-08-28T13:09:34.226+0000][info][gc,heap     ] GC(293) Humongous regions: 5->5
[2024-08-28T13:09:34.226+0000][info][gc,metaspace] GC(293) Metaspace: 100K(320K)->100K(320K) NonClass: 96K(192K)->96K(192K) Class: 4K(128K)->4K(128K)
[2024-08-28T13:09:34.226+0000][info][gc          ] GC(293) Pause Young (Normal) (G1 Evacuation Pause) 1448M->1458M(2048M) 15.453ms
[2024-08-28T13:09:34.226+0000][info][gc,cpu      ] GC(293) User=0.68s Sys=0.00s Real=0.01s
[2024-08-28T13:09:34.235+0000][info][gc,marking  ] GC(292) Concurrent Rebuild Remembered Sets 65.914ms
[2024-08-28T13:09:34.236+0000][info][gc,start    ] GC(292) Pause Cleanup
[2024-08-28T13:09:34.239+0000][info][gc          ] GC(292) Pause Cleanup 1469M->1469M(2048M) 3.468ms
[2024-08-28T13:09:34.239+0000][info][gc,cpu      ] GC(292) User=0.01s Sys=0.00s Real=0.01s
[2024-08-28T13:09:34.239+0000][info][gc,marking  ] GC(292) Concurrent Cleanup for Next Mark
[2024-08-28T13:09:34.241+0000][info][gc,marking  ] GC(292) Concurrent Cleanup for Next Mark 1.499ms
[2024-08-28T13:09:34.241+0000][info][gc          ] GC(292) Concurrent Mark Cycle 100.291ms
[2024-08-28T13:09:34.310+0000][info][gc,start    ] GC(294) Pause Young (Prepare Mixed) (G1 Evacuation Pause)
[2024-08-28T13:09:34.310+0000][info][gc,task     ] GC(294) Using 49 workers of 68 for evacuation
[2024-08-28T13:09:34.334+0000][info][gc,phases   ] GC(294)   Pre Evacuate Collection Set: 0.3ms
[2024-08-28T13:09:34.334+0000][info][gc,phases   ] GC(294)   Merge Heap Roots: 1.4ms
[2024-08-28T13:09:34.334+0000][info][gc,phases   ] GC(294)   Evacuate Collection Set: 20.7ms
[2024-08-28T13:09:34.334+0000][info][gc,phases   ] GC(294)   Post Evacuate Collection Set: 0.6ms
[2024-08-28T13:09:34.334+0000][info][gc,phases   ] GC(294)   Other: 0.2ms
[2024-08-28T13:09:34.334+0000][info][gc,heap     ] GC(294) Eden regions: 122->0(85)
[2024-08-28T13:09:34.334+0000][info][gc,heap     ] GC(294) Survivor regions: 13->17(17)
[2024-08-28T13:09:34.334+0000][info][gc,heap     ] GC(294) Old regions: 1440->1562
[2024-08-28T13:09:34.334+0000][info][gc,heap     ] GC(294) Archive regions: 2->2
[2024-08-28T13:09:34.334+0000][info][gc,heap     ] GC(294) Humongous regions: 5->5
[2024-08-28T13:09:34.334+0000][info][gc,metaspace] GC(294) Metaspace: 100K(320K)->100K(320K) NonClass: 96K(192K)->96K(192K) Class: 4K(128K)->4K(128K)
[2024-08-28T13:09:34.334+0000][info][gc          ] GC(294) Pause Young (Prepare Mixed) (G1 Evacuation Pause) 1580M->1584M(2048M) 23.425ms
[2024-08-28T13:09:34.334+0000][info][gc,cpu      ] GC(294) User=1.06s Sys=0.01s Real=0.02s
[2024-08-28T13:09:34.388+0000][info][gc,start    ] GC(295) Pause Young (Mixed) (G1 Evacuation Pause)
[2024-08-28T13:09:34.388+0000][info][gc,task     ] GC(295) Using 49 workers of 68 for evacuation
[2024-08-28T13:09:34.404+0000][info][gc,phases   ] GC(295)   Pre Evacuate Collection Set: 0.4ms
[2024-08-28T13:09:34.404+0000][info][gc,phases   ] GC(295)   Merge Heap Roots: 0.6ms
[2024-08-28T13:09:34.404+0000][info][gc,phases   ] GC(295)   Evacuate Collection Set: 13.8ms
[2024-08-28T13:09:34.404+0000][info][gc,phases   ] GC(295)   Post Evacuate Collection Set: 0.7ms
[2024-08-28T13:09:34.404+0000][info][gc,phases   ] GC(295)   Other: 0.3ms
[2024-08-28T13:09:34.404+0000][info][gc,heap     ] GC(295) Eden regions: 85->0(89)
[2024-08-28T13:09:34.404+0000][info][gc,heap     ] GC(295) Survivor regions: 17->13(13)
[2024-08-28T13:09:34.404+0000][info][gc,heap     ] GC(295) Old regions: 1562->1453
[2024-08-28T13:09:34.404+0000][info][gc,heap     ] GC(295) Archive regions: 2->2
[2024-08-28T13:09:34.404+0000][info][gc,heap     ] GC(295) Humongous regions: 5->5
[2024-08-28T13:09:34.404+0000][info][gc,metaspace] GC(295) Metaspace: 100K(320K)->100K(320K) NonClass: 96K(192K)->96K(192K) Class: 4K(128K)->4K(128K)
[2024-08-28T13:09:34.404+0000][info][gc          ] GC(295) Pause Young (Mixed) (G1 Evacuation Pause) 1669M->1471M(2048M) 15.958ms
[2024-08-28T13:09:34.404+0000][info][gc,cpu      ] GC(295) User=0.69s Sys=0.00s Real=0.02s
[2024-08-28T13:09:34.462+0000][info][gc,start    ] GC(296) Pause Young (Mixed) (G1 Evacuation Pause)
[2024-08-28T13:09:34.462+0000][info][gc,task     ] GC(296) Using 49 workers of 68 for evacuation
[2024-08-28T13:09:34.477+0000][info][gc,phases   ] GC(296)   Pre Evacuate Collection Set: 0.4ms
[2024-08-28T13:09:34.477+0000][info][gc,phases   ] GC(296)   Merge Heap Roots: 0.9ms
[2024-08-28T13:09:34.477+0000][info][gc,phases   ] GC(296)   Evacuate Collection Set: 13.0ms
[2024-08-28T13:09:34.477+0000][info][gc,phases   ] GC(296)   Post Evacuate Collection Set: 0.7ms
[2024-08-28T13:09:34.477+0000][info][gc,phases   ] GC(296)   Other: 0.4ms
[2024-08-28T13:09:34.477+0000][info][gc,heap     ] GC(296) Eden regions: 89->0(89)
[2024-08-28T13:09:34.477+0000][info][gc,heap     ] GC(296) Survivor regions: 13->13(13)
[2024-08-28T13:09:34.477+0000][info][gc,heap     ] GC(296) Old regions: 1453->1342
[2024-08-28T13:09:34.477+0000][info][gc,heap     ] GC(296) Archive regions: 2->2
[2024-08-28T13:09:34.477+0000][info][gc,heap     ] GC(296) Humongous regions: 5->5
[2024-08-28T13:09:34.477+0000][info][gc,metaspace] GC(296) Metaspace: 100K(320K)->100K(320K) NonClass: 96K(192K)->96K(192K) Class: 4K(128K)->4K(128K)
[2024-08-28T13:09:34.477+0000][info][gc          ] GC(296) Pause Young (Mixed) (G1 Evacuation Pause) 1560M->1360M(2048M) 15.533ms
[2024-08-28T13:09:34.477+0000][info][gc,cpu      ] GC(296) User=0.67s Sys=0.00s Real=0.01s
[2024-08-28T13:09:34.534+0000][info][gc,start    ] GC(297) Pause Young (Mixed) (G1 Evacuation Pause)
[2024-08-28T13:09:34.534+0000][info][gc,task     ] GC(297) Using 49 workers of 68 for evacuation
[2024-08-28T13:09:34.549+0000][info][gc,phases   ] GC(297)   Pre Evacuate Collection Set: 0.4ms
[2024-08-28T13:09:34.549+0000][info][gc,phases   ] GC(297)   Merge Heap Roots: 0.7ms
[2024-08-28T13:09:34.549+0000][info][gc,phases   ] GC(297)   Evacuate Collection Set: 12.8ms
[2024-08-28T13:09:34.549+0000][info][gc,phases   ] GC(297)   Post Evacuate Collection Set: 0.8ms
[2024-08-28T13:09:34.549+0000][info][gc,phases   ] GC(297)   Other: 0.4ms
[2024-08-28T13:09:34.549+0000][info][gc,heap     ] GC(297) Eden regions: 89->0(89)
[2024-08-28T13:09:34.549+0000][info][gc,heap     ] GC(297) Survivor regions: 13->13(13)
[2024-08-28T13:09:34.549+0000][info][gc,heap     ] GC(297) Old regions: 1342->1231
[2024-08-28T13:09:34.549+0000][info][gc,heap     ] GC(297) Archive regions: 2->2
[2024-08-28T13:09:34.549+0000][info][gc,heap     ] GC(297) Humongous regions: 5->5
[2024-08-28T13:09:34.549+0000][info][gc,metaspace] GC(297) Metaspace: 100K(320K)->100K(320K) NonClass: 96K(192K)->96K(192K) Class: 4K(128K)->4K(128K)
[2024-08-28T13:09:34.549+0000][info][gc          ] GC(297) Pause Young (Mixed) (G1 Evacuation Pause) 1449M->1249M(2048M) 15.120ms
[2024-08-28T13:09:34.549+0000][info][gc,cpu      ] GC(297) User=0.64s Sys=0.01s Real=0.01s
[2024-08-28T13:09:34.607+0000][info][gc,start    ] GC(298) Pause Young (Mixed) (G1 Evacuation Pause)
[2024-08-28T13:09:34.607+0000][info][gc,task     ] GC(298) Using 49 workers of 68 for evacuation
[2024-08-28T13:09:34.622+0000][info][gc,phases   ] GC(298)   Pre Evacuate Collection Set: 0.4ms
[2024-08-28T13:09:34.622+0000][info][gc,phases   ] GC(298)   Merge Heap Roots: 0.9ms
[2024-08-28T13:09:34.622+0000][info][gc,phases   ] GC(298)   Evacuate Collection Set: 13.5ms
[2024-08-28T13:09:34.622+0000][info][gc,phases   ] GC(298)   Post Evacuate Collection Set: 0.7ms
[2024-08-28T13:09:34.622+0000][info][gc,phases   ] GC(298)   Other: 0.4ms
[2024-08-28T13:09:34.622+0000][info][gc,heap     ] GC(298) Eden regions: 89->0(188)
[2024-08-28T13:09:34.622+0000][info][gc,heap     ] GC(298) Survivor regions: 13->13(13)
[2024-08-28T13:09:34.623+0000][info][gc,heap     ] GC(298) Old regions: 1231->1236
[2024-08-28T13:09:34.623+0000][info][gc,heap     ] GC(298) Archive regions: 2->2
[2024-08-28T13:09:34.623+0000][info][gc,heap     ] GC(298) Humongous regions: 5->5
[2024-08-28T13:09:34.623+0000][info][gc,metaspace] GC(298) Metaspace: 100K(320K)->100K(320K) NonClass: 96K(192K)->96K(192K) Class: 4K(128K)->4K(128K)
[2024-08-28T13:09:34.623+0000][info][gc          ] GC(298) Pause Young (Mixed) (G1 Evacuation Pause) 1338M->1254M(2048M) 15.967ms
[2024-08-28T13:09:34.623+0000][info][gc,cpu      ] GC(298) User=0.65s Sys=0.04s Real=0.02s
[2024-08-28T13:09:34.740+0000][info][gc,start    ] GC(299) Pause Young (Normal) (G1 Evacuation Pause)
[2024-08-28T13:09:34.740+0000][info][gc,task     ] GC(299) Using 49 workers of 68 for evacuation
[2024-08-28T13:09:34.765+0000][info][gc,phases   ] GC(299)   Pre Evacuate Collection Set: 0.3ms
[2024-08-28T13:09:34.765+0000][info][gc,phases   ] GC(299)   Merge Heap Roots: 1.1ms
[2024-08-28T13:09:34.765+0000][info][gc,phases   ] GC(299)   Evacuate Collection Set: 23.2ms
[2024-08-28T13:09:34.765+0000][info][gc,phases   ] GC(299)   Post Evacuate Collection Set: 0.7ms
[2024-08-28T13:09:34.765+0000][info][gc,phases   ] GC(299)   Other: 0.4ms
[2024-08-28T13:09:34.765+0000][info][gc,heap     ] GC(299) Eden regions: 188->0(127)
[2024-08-28T13:09:34.765+0000][info][gc,heap     ] GC(299) Survivor regions: 13->26(26)
[2024-08-28T13:09:34.765+0000][info][gc,heap     ] GC(299) Old regions: 1236->1410
[2024-08-28T13:09:34.765+0000][info][gc,heap     ] GC(299) Archive regions: 2->2
[2024-08-28T13:09:34.765+0000][info][gc,heap     ] GC(299) Humongous regions: 5->5
[2024-08-28T13:09:34.765+0000][info][gc,metaspace] GC(299) Metaspace: 100K(320K)->100K(320K) NonClass: 96K(192K)->96K(192K) Class: 4K(128K)->4K(128K)
[2024-08-28T13:09:34.765+0000][info][gc          ] GC(299) Pause Young (Normal) (G1 Evacuation Pause) 1442M->1441M(2048M) 25.730ms
[2024-08-28T13:09:34.766+0000][info][gc,cpu      ] GC(299) User=1.16s Sys=0.00s Real=0.02s
[2024-08-28T13:09:34.846+0000][info][gc,start    ] GC(300) Pause Young (Concurrent Start) (G1 Evacuation Pause)
[2024-08-28T13:09:34.846+0000][info][gc,task     ] GC(300) Using 49 workers of 68 for evacuation
[2024-08-28T13:09:34.869+0000][info][gc,phases   ] GC(300)   Pre Evacuate Collection Set: 0.3ms
[2024-08-28T13:09:34.869+0000][info][gc,phases   ] GC(300)   Merge Heap Roots: 0.7ms
[2024-08-28T13:09:34.869+0000][info][gc,phases   ] GC(300)   Evacuate Collection Set: 20.5ms
[2024-08-28T13:09:34.869+0000][info][gc,phases   ] GC(300)   Post Evacuate Collection Set: 0.7ms
[2024-08-28T13:09:34.869+0000][info][gc,phases   ] GC(300)   Other: 1.2ms
[2024-08-28T13:09:34.869+0000][info][gc,heap     ] GC(300) Eden regions: 127->0(84)
[2024-08-28T13:09:34.869+0000][info][gc,heap     ] GC(300) Survivor regions: 26->20(20)
[2024-08-28T13:09:34.869+0000][info][gc,heap     ] GC(300) Old regions: 1410->1549
[2024-08-28T13:09:34.869+0000][info][gc,heap     ] GC(300) Archive regions: 2->2
[2024-08-28T13:09:34.869+0000][info][gc,heap     ] GC(300) Humongous regions: 5->5
[2024-08-28T13:09:34.869+0000][info][gc,metaspace] GC(300) Metaspace: 100K(320K)->100K(320K) NonClass: 96K(192K)->96K(192K) Class: 4K(128K)->4K(128K)
[2024-08-28T13:09:34.869+0000][info][gc          ] GC(300) Pause Young (Concurrent Start) (G1 Evacuation Pause) 1568M->1574M(2048M) 23.485ms
[2024-08-28T13:09:34.869+0000][info][gc,cpu      ] GC(300) User=1.02s Sys=0.01s Real=0.02s
[2024-08-28T13:09:34.869+0000][info][gc          ] GC(301) Concurrent Mark Cycle
[2024-08-28T13:09:34.869+0000][info][gc,marking  ] GC(301) Concurrent Clear Claimed Marks
[2024-08-28T13:09:34.869+0000][info][gc,marking  ] GC(301) Concurrent Clear Claimed Marks 0.011ms
[2024-08-28T13:09:34.869+0000][info][gc,marking  ] GC(301) Concurrent Scan Root Regions
[2024-08-28T13:09:34.874+0000][info][gc,marking  ] GC(301) Concurrent Scan Root Regions 4.218ms
[2024-08-28T13:09:34.874+0000][info][gc,marking  ] GC(301) Concurrent Mark
[2024-08-28T13:09:34.874+0000][info][gc,marking  ] GC(301) Concurrent Mark From Roots
[2024-08-28T13:09:34.874+0000][info][gc,task     ] GC(301) Using 17 workers of 17 for marking
[2024-08-28T13:09:34.894+0000][info][gc,marking  ] GC(301) Concurrent Mark From Roots 20.662ms
[2024-08-28T13:09:34.894+0000][info][gc,marking  ] GC(301) Concurrent Preclean
[2024-08-28T13:09:34.895+0000][info][gc,marking  ] GC(301) Concurrent Preclean 0.506ms
[2024-08-28T13:09:34.895+0000][info][gc,start    ] GC(301) Pause Remark
[2024-08-28T13:09:34.899+0000][info][gc          ] GC(301) Pause Remark 1600M->1367M(2048M) 3.208ms
[2024-08-28T13:09:34.899+0000][info][gc,cpu      ] GC(301) User=0.03s Sys=0.00s Real=0.01s
[2024-08-28T13:09:34.899+0000][info][gc,marking  ] GC(301) Concurrent Mark 25.003ms
[2024-08-28T13:09:34.899+0000][info][gc,marking  ] GC(301) Concurrent Rebuild Remembered Sets
[2024-08-28T13:09:34.939+0000][info][gc,start    ] GC(302) Pause Young (Normal) (G1 Evacuation Pause)
[2024-08-28T13:09:34.939+0000][info][gc,task     ] GC(302) Using 49 workers of 68 for evacuation
[2024-08-28T13:09:34.955+0000][info][gc,phases   ] GC(302)   Pre Evacuate Collection Set: 0.3ms
[2024-08-28T13:09:34.955+0000][info][gc,phases   ] GC(302)   Merge Heap Roots: 1.0ms
[2024-08-28T13:09:34.955+0000][info][gc,phases   ] GC(302)   Evacuate Collection Set: 13.4ms
[2024-08-28T13:09:34.955+0000][info][gc,phases   ] GC(302)   Post Evacuate Collection Set: 0.9ms
[2024-08-28T13:09:34.955+0000][info][gc,phases   ] GC(302)   Other: 0.3ms
[2024-08-28T13:09:34.955+0000][info][gc,heap     ] GC(302) Eden regions: 84->0(130)
[2024-08-28T13:09:34.955+0000][info][gc,heap     ] GC(302) Survivor regions: 20->13(13)
[2024-08-28T13:09:34.955+0000][info][gc,heap     ] GC(302) Old regions: 1316->1415
[2024-08-28T13:09:34.955+0000][info][gc,heap     ] GC(302) Archive regions: 2->2
[2024-08-28T13:09:34.955+0000][info][gc,heap     ] GC(302) Humongous regions: 5->5
[2024-08-28T13:09:34.955+0000][info][gc,metaspace] GC(302) Metaspace: 100K(320K)->100K(320K) NonClass: 96K(192K)->96K(192K) Class: 4K(128K)->4K(128K)
[2024-08-28T13:09:34.955+0000][info][gc          ] GC(302) Pause Young (Normal) (G1 Evacuation Pause) 1425M->1433M(2048M) 16.132ms
[2024-08-28T13:09:34.955+0000][info][gc,cpu      ] GC(302) User=0.71s Sys=0.00s Real=0.01s
[2024-08-28T13:09:34.965+0000][info][gc,marking  ] GC(301) Concurrent Rebuild Remembered Sets 66.343ms
[2024-08-28T13:09:34.966+0000][info][gc,start    ] GC(301) Pause Cleanup
[2024-08-28T13:09:34.972+0000][info][gc          ] GC(301) Pause Cleanup 1447M->1447M(2048M) 6.505ms
[2024-08-28T13:09:34.972+0000][info][gc,cpu      ] GC(301) User=0.02s Sys=0.00s Real=0.01s
[2024-08-28T13:09:34.972+0000][info][gc,marking  ] GC(301) Concurrent Cleanup for Next Mark
[2024-08-28T13:09:34.974+0000][info][gc,marking  ] GC(301) Concurrent Cleanup for Next Mark 1.526ms
[2024-08-28T13:09:34.974+0000][info][gc          ] GC(301) Concurrent Mark Cycle 104.451ms
[2024-08-28T13:09:35.047+0000][info][gc,start    ] GC(303) Pause Young (Prepare Mixed) (G1 Evacuation Pause)
[2024-08-28T13:09:35.047+0000][info][gc,task     ] GC(303) Using 49 workers of 68 for evacuation
[2024-08-28T13:09:35.070+0000][info][gc,phases   ] GC(303)   Pre Evacuate Collection Set: 0.3ms
[2024-08-28T13:09:35.070+0000][info][gc,phases   ] GC(303)   Merge Heap Roots: 1.0ms
[2024-08-28T13:09:35.070+0000][info][gc,phases   ] GC(303)   Evacuate Collection Set: 20.6ms
[2024-08-28T13:09:35.070+0000][info][gc,phases   ] GC(303)   Post Evacuate Collection Set: 0.7ms
[2024-08-28T13:09:35.070+0000][info][gc,phases   ] GC(303)   Other: 0.3ms
[2024-08-28T13:09:35.070+0000][info][gc,heap     ] GC(303) Eden regions: 130->0(84)
[2024-08-28T13:09:35.070+0000][info][gc,heap     ] GC(303) Survivor regions: 13->18(18)
[2024-08-28T13:09:35.070+0000][info][gc,heap     ] GC(303) Old regions: 1415->1544
[2024-08-28T13:09:35.070+0000][info][gc,heap     ] GC(303) Archive regions: 2->2
[2024-08-28T13:09:35.070+0000][info][gc,heap     ] GC(303) Humongous regions: 5->5
[2024-08-28T13:09:35.070+0000][info][gc,metaspace] GC(303) Metaspace: 100K(320K)->100K(320K) NonClass: 96K(192K)->96K(192K) Class: 4K(128K)->4K(128K)
[2024-08-28T13:09:35.070+0000][info][gc          ] GC(303) Pause Young (Prepare Mixed) (G1 Evacuation Pause) 1563M->1567M(2048M) 22.983ms
[2024-08-28T13:09:35.070+0000][info][gc,cpu      ] GC(303) User=1.04s Sys=0.01s Real=0.03s
[2024-08-28T13:09:35.125+0000][info][gc,start    ] GC(304) Pause Young (Mixed) (G1 Evacuation Pause)
[2024-08-28T13:09:35.125+0000][info][gc,task     ] GC(304) Using 49 workers of 68 for evacuation
[2024-08-28T13:09:35.141+0000][info][gc,phases   ] GC(304)   Pre Evacuate Collection Set: 0.5ms
[2024-08-28T13:09:35.141+0000][info][gc,phases   ] GC(304)   Merge Heap Roots: 0.6ms
[2024-08-28T13:09:35.141+0000][info][gc,phases   ] GC(304)   Evacuate Collection Set: 14.0ms
[2024-08-28T13:09:35.141+0000][info][gc,phases   ] GC(304)   Post Evacuate Collection Set: 0.7ms
[2024-08-28T13:09:35.141+0000][info][gc,phases   ] GC(304)   Other: 0.4ms
[2024-08-28T13:09:35.141+0000][info][gc,heap     ] GC(304) Eden regions: 84->0(89)
[2024-08-28T13:09:35.141+0000][info][gc,heap     ] GC(304) Survivor regions: 18->13(13)
[2024-08-28T13:09:35.141+0000][info][gc,heap     ] GC(304) Old regions: 1544->1434
[2024-08-28T13:09:35.141+0000][info][gc,heap     ] GC(304) Archive regions: 2->2
[2024-08-28T13:09:35.141+0000][info][gc,heap     ] GC(304) Humongous regions: 5->5
[2024-08-28T13:09:35.141+0000][info][gc,metaspace] GC(304) Metaspace: 100K(320K)->100K(320K) NonClass: 96K(192K)->96K(192K) Class: 4K(128K)->4K(128K)
[2024-08-28T13:09:35.141+0000][info][gc          ] GC(304) Pause Young (Mixed) (G1 Evacuation Pause) 1651M->1452M(2048M) 16.343ms
[2024-08-28T13:09:35.142+0000][info][gc,cpu      ] GC(304) User=0.68s Sys=0.03s Real=0.02s
[2024-08-28T13:09:35.200+0000][info][gc,start    ] GC(305) Pause Young (Mixed) (G1 Evacuation Pause)
[2024-08-28T13:09:35.200+0000][info][gc,task     ] GC(305) Using 49 workers of 68 for evacuation
[2024-08-28T13:09:35.215+0000][info][gc,phases   ] GC(305)   Pre Evacuate Collection Set: 0.4ms
[2024-08-28T13:09:35.215+0000][info][gc,phases   ] GC(305)   Merge Heap Roots: 0.6ms
[2024-08-28T13:09:35.216+0000][info][gc,phases   ] GC(305)   Evacuate Collection Set: 13.2ms
[2024-08-28T13:09:35.216+0000][info][gc,phases   ] GC(305)   Post Evacuate Collection Set: 0.7ms
[2024-08-28T13:09:35.216+0000][info][gc,phases   ] GC(305)   Other: 0.4ms
[2024-08-28T13:09:35.216+0000][info][gc,heap     ] GC(305) Eden regions: 89->0(89)
[2024-08-28T13:09:35.216+0000][info][gc,heap     ] GC(305) Survivor regions: 13->13(13)
[2024-08-28T13:09:35.216+0000][info][gc,heap     ] GC(305) Old regions: 1434->1324
[2024-08-28T13:09:35.216+0000][info][gc,heap     ] GC(305) Archive regions: 2->2
[2024-08-28T13:09:35.216+0000][info][gc,heap     ] GC(305) Humongous regions: 5->5
[2024-08-28T13:09:35.216+0000][info][gc,metaspace] GC(305) Metaspace: 100K(320K)->100K(320K) NonClass: 96K(192K)->96K(192K) Class: 4K(128K)->4K(128K)
[2024-08-28T13:09:35.216+0000][info][gc          ] GC(305) Pause Young (Mixed) (G1 Evacuation Pause) 1541M->1342M(2048M) 15.451ms
[2024-08-28T13:09:35.216+0000][info][gc,cpu      ] GC(305) User=0.66s Sys=0.01s Real=0.01s
[2024-08-28T13:09:35.274+0000][info][gc,start    ] GC(306) Pause Young (Mixed) (G1 Evacuation Pause)
[2024-08-28T13:09:35.274+0000][info][gc,task     ] GC(306) Using 49 workers of 68 for evacuation
[2024-08-28T13:09:35.289+0000][info][gc,phases   ] GC(306)   Pre Evacuate Collection Set: 0.4ms
[2024-08-28T13:09:35.289+0000][info][gc,phases   ] GC(306)   Merge Heap Roots: 0.6ms
[2024-08-28T13:09:35.289+0000][info][gc,phases   ] GC(306)   Evacuate Collection Set: 13.1ms
[2024-08-28T13:09:35.289+0000][info][gc,phases   ] GC(306)   Post Evacuate Collection Set: 0.8ms
[2024-08-28T13:09:35.289+0000][info][gc,phases   ] GC(306)   Other: 0.4ms
[2024-08-28T13:09:35.289+0000][info][gc,heap     ] GC(306) Eden regions: 89->0(89)
[2024-08-28T13:09:35.289+0000][info][gc,heap     ] GC(306) Survivor regions: 13->13(13)
[2024-08-28T13:09:35.289+0000][info][gc,heap     ] GC(306) Old regions: 1324->1211
[2024-08-28T13:09:35.289+0000][info][gc,heap     ] GC(306) Archive regions: 2->2
[2024-08-28T13:09:35.289+0000][info][gc,heap     ] GC(306) Humongous regions: 5->5
[2024-08-28T13:09:35.289+0000][info][gc,metaspace] GC(306) Metaspace: 100K(320K)->100K(320K) NonClass: 96K(192K)->96K(192K) Class: 4K(128K)->4K(128K)
[2024-08-28T13:09:35.289+0000][info][gc          ] GC(306) Pause Young (Mixed) (G1 Evacuation Pause) 1431M->1229M(2048M) 15.442ms
[2024-08-28T13:09:35.290+0000][info][gc,cpu      ] GC(306) User=0.66s Sys=0.01s Real=0.02s
[2024-08-28T13:09:35.348+0000][info][gc,start    ] GC(307) Pause Young (Mixed) (G1 Evacuation Pause)
[2024-08-28T13:09:35.348+0000][info][gc,task     ] GC(307) Using 49 workers of 68 for evacuation
[2024-08-28T13:09:35.363+0000][info][gc,phases   ] GC(307)   Pre Evacuate Collection Set: 0.3ms
[2024-08-28T13:09:35.363+0000][info][gc,phases   ] GC(307)   Merge Heap Roots: 0.6ms
[2024-08-28T13:09:35.363+0000][info][gc,phases   ] GC(307)   Evacuate Collection Set: 12.9ms
[2024-08-28T13:09:35.363+0000][info][gc,phases   ] GC(307)   Post Evacuate Collection Set: 0.6ms
[2024-08-28T13:09:35.363+0000][info][gc,phases   ] GC(307)   Other: 0.4ms
[2024-08-28T13:09:35.363+0000][info][gc,heap     ] GC(307) Eden regions: 89->0(188)
[2024-08-28T13:09:35.363+0000][info][gc,heap     ] GC(307) Survivor regions: 13->13(13)
[2024-08-28T13:09:35.363+0000][info][gc,heap     ] GC(307) Old regions: 1211->1238
[2024-08-28T13:09:35.363+0000][info][gc,heap     ] GC(307) Archive regions: 2->2
[2024-08-28T13:09:35.363+0000][info][gc,heap     ] GC(307) Humongous regions: 5->5
[2024-08-28T13:09:35.363+0000][info][gc,metaspace] GC(307) Metaspace: 100K(320K)->100K(320K) NonClass: 96K(192K)->96K(192K) Class: 4K(128K)->4K(128K)
[2024-08-28T13:09:35.363+0000][info][gc          ] GC(307) Pause Young (Mixed) (G1 Evacuation Pause) 1318M->1256M(2048M) 15.001ms
[2024-08-28T13:09:35.363+0000][info][gc,cpu      ] GC(307) User=0.65s Sys=0.00s Real=0.02s
[2024-08-28T13:09:35.480+0000][info][gc,start    ] GC(308) Pause Young (Normal) (G1 Evacuation Pause)
[2024-08-28T13:09:35.480+0000][info][gc,task     ] GC(308) Using 49 workers of 68 for evacuation
[2024-08-28T13:09:35.505+0000][info][gc,phases   ] GC(308)   Pre Evacuate Collection Set: 0.3ms
[2024-08-28T13:09:35.505+0000][info][gc,phases   ] GC(308)   Merge Heap Roots: 0.8ms
[2024-08-28T13:09:35.505+0000][info][gc,phases   ] GC(308)   Evacuate Collection Set: 23.6ms
[2024-08-28T13:09:35.505+0000][info][gc,phases   ] GC(308)   Post Evacuate Collection Set: 0.7ms
[2024-08-28T13:09:35.505+0000][info][gc,phases   ] GC(308)   Other: 0.4ms
[2024-08-28T13:09:35.505+0000][info][gc,heap     ] GC(308) Eden regions: 188->0(127)
[2024-08-28T13:09:35.505+0000][info][gc,heap     ] GC(308) Survivor regions: 13->26(26)
[2024-08-28T13:09:35.505+0000][info][gc,heap     ] GC(308) Old regions: 1238->1412
[2024-08-28T13:09:35.505+0000][info][gc,heap     ] GC(308) Archive regions: 2->2
[2024-08-28T13:09:35.505+0000][info][gc,heap     ] GC(308) Humongous regions: 5->5
[2024-08-28T13:09:35.505+0000][info][gc,metaspace] GC(308) Metaspace: 100K(320K)->100K(320K) NonClass: 96K(192K)->96K(192K) Class: 4K(128K)->4K(128K)
[2024-08-28T13:09:35.505+0000][info][gc          ] GC(308) Pause Young (Normal) (G1 Evacuation Pause) 1444M->1443M(2048M) 25.803ms
[2024-08-28T13:09:35.506+0000][info][gc,cpu      ] GC(308) User=1.15s Sys=0.00s Real=0.02s
[2024-08-28T13:09:35.587+0000][info][gc,start    ] GC(309) Pause Young (Concurrent Start) (G1 Evacuation Pause)
[2024-08-28T13:09:35.587+0000][info][gc,task     ] GC(309) Using 49 workers of 68 for evacuation
[2024-08-28T13:09:35.609+0000][info][gc,phases   ] GC(309)   Pre Evacuate Collection Set: 0.2ms
[2024-08-28T13:09:35.609+0000][info][gc,phases   ] GC(309)   Merge Heap Roots: 1.0ms
[2024-08-28T13:09:35.609+0000][info][gc,phases   ] GC(309)   Evacuate Collection Set: 19.3ms
[2024-08-28T13:09:35.609+0000][info][gc,phases   ] GC(309)   Post Evacuate Collection Set: 0.7ms
[2024-08-28T13:09:35.609+0000][info][gc,phases   ] GC(309)   Other: 0.9ms
[2024-08-28T13:09:35.609+0000][info][gc,heap     ] GC(309) Eden regions: 127->0(84)
[2024-08-28T13:09:35.609+0000][info][gc,heap     ] GC(309) Survivor regions: 26->20(20)
[2024-08-28T13:09:35.609+0000][info][gc,heap     ] GC(309) Old regions: 1412->1550
[2024-08-28T13:09:35.609+0000][info][gc,heap     ] GC(309) Archive regions: 2->2
[2024-08-28T13:09:35.609+0000][info][gc,heap     ] GC(309) Humongous regions: 5->5
[2024-08-28T13:09:35.609+0000][info][gc,metaspace] GC(309) Metaspace: 100K(320K)->100K(320K) NonClass: 96K(192K)->96K(192K) Class: 4K(128K)->4K(128K)
[2024-08-28T13:09:35.609+0000][info][gc          ] GC(309) Pause Young (Concurrent Start) (G1 Evacuation Pause) 1570M->1575M(2048M) 22.175ms
[2024-08-28T13:09:35.609+0000][info][gc,cpu      ] GC(309) User=0.99s Sys=0.00s Real=0.02s
[2024-08-28T13:09:35.609+0000][info][gc          ] GC(310) Concurrent Mark Cycle
[2024-08-28T13:09:35.609+0000][info][gc,marking  ] GC(310) Concurrent Clear Claimed Marks
[2024-08-28T13:09:35.609+0000][info][gc,marking  ] GC(310) Concurrent Clear Claimed Marks 0.010ms
[2024-08-28T13:09:35.609+0000][info][gc,marking  ] GC(310) Concurrent Scan Root Regions
[2024-08-28T13:09:35.613+0000][info][gc,marking  ] GC(310) Concurrent Scan Root Regions 4.132ms
[2024-08-28T13:09:35.613+0000][info][gc,marking  ] GC(310) Concurrent Mark
[2024-08-28T13:09:35.613+0000][info][gc,marking  ] GC(310) Concurrent Mark From Roots
[2024-08-28T13:09:35.613+0000][info][gc,task     ] GC(310) Using 17 workers of 17 for marking
[2024-08-28T13:09:35.634+0000][info][gc,marking  ] GC(310) Concurrent Mark From Roots 20.878ms
[2024-08-28T13:09:35.634+0000][info][gc,marking  ] GC(310) Concurrent Preclean
[2024-08-28T13:09:35.635+0000][info][gc,marking  ] GC(310) Concurrent Preclean 0.505ms
[2024-08-28T13:09:35.635+0000][info][gc,start    ] GC(310) Pause Remark
[2024-08-28T13:09:35.638+0000][info][gc          ] GC(310) Pause Remark 1601M->1371M(2048M) 2.886ms
[2024-08-28T13:09:35.638+0000][info][gc,cpu      ] GC(310) User=0.02s Sys=0.01s Real=0.01s
[2024-08-28T13:09:35.638+0000][info][gc,marking  ] GC(310) Concurrent Mark 24.853ms
[2024-08-28T13:09:35.638+0000][info][gc,marking  ] GC(310) Concurrent Rebuild Remembered Sets
[2024-08-28T13:09:35.680+0000][info][gc,start    ] GC(311) Pause Young (Normal) (G1 Evacuation Pause)
[2024-08-28T13:09:35.680+0000][info][gc,task     ] GC(311) Using 49 workers of 68 for evacuation
[2024-08-28T13:09:35.696+0000][info][gc,phases   ] GC(311)   Pre Evacuate Collection Set: 0.3ms
[2024-08-28T13:09:35.696+0000][info][gc,phases   ] GC(311)   Merge Heap Roots: 0.5ms
[2024-08-28T13:09:35.696+0000][info][gc,phases   ] GC(311)   Evacuate Collection Set: 13.5ms
[2024-08-28T13:09:35.696+0000][info][gc,phases   ] GC(311)   Post Evacuate Collection Set: 1.0ms
[2024-08-28T13:09:35.696+0000][info][gc,phases   ] GC(311)   Other: 0.3ms
[2024-08-28T13:09:35.696+0000][info][gc,heap     ] GC(311) Eden regions: 84->0(129)
[2024-08-28T13:09:35.696+0000][info][gc,heap     ] GC(311) Survivor regions: 20->13(13)
[2024-08-28T13:09:35.696+0000][info][gc,heap     ] GC(311) Old regions: 1320->1418
[2024-08-28T13:09:35.696+0000][info][gc,heap     ] GC(311) Archive regions: 2->2
[2024-08-28T13:09:35.696+0000][info][gc,heap     ] GC(311) Humongous regions: 5->5
[2024-08-28T13:09:35.696+0000][info][gc,metaspace] GC(311) Metaspace: 100K(320K)->100K(320K) NonClass: 96K(192K)->96K(192K) Class: 4K(128K)->4K(128K)
[2024-08-28T13:09:35.696+0000][info][gc          ] GC(311) Pause Young (Normal) (G1 Evacuation Pause) 1429M->1436M(2048M) 15.615ms
[2024-08-28T13:09:35.696+0000][info][gc,cpu      ] GC(311) User=0.70s Sys=0.00s Real=0.01s
[2024-08-28T13:09:35.701+0000][info][gc,marking  ] GC(310) Concurrent Rebuild Remembered Sets 63.316ms
[2024-08-28T13:09:35.702+0000][info][gc,start    ] GC(310) Pause Cleanup
[2024-08-28T13:09:35.707+0000][info][gc          ] GC(310) Pause Cleanup 1444M->1444M(2048M) 5.116ms
[2024-08-28T13:09:35.707+0000][info][gc,cpu      ] GC(310) User=0.01s Sys=0.00s Real=0.00s
[2024-08-28T13:09:35.707+0000][info][gc,marking  ] GC(310) Concurrent Cleanup for Next Mark
[2024-08-28T13:09:35.708+0000][info][gc,marking  ] GC(310) Concurrent Cleanup for Next Mark 1.393ms
[2024-08-28T13:09:35.709+0000][info][gc          ] GC(310) Concurrent Mark Cycle 99.548ms
[2024-08-28T13:09:35.794+0000][info][gc,start    ] GC(312) Pause Young (Prepare Mixed) (G1 Evacuation Pause)
[2024-08-28T13:09:35.794+0000][info][gc,task     ] GC(312) Using 49 workers of 68 for evacuation
[2024-08-28T13:09:35.817+0000][info][gc,phases   ] GC(312)   Pre Evacuate Collection Set: 0.4ms
[2024-08-28T13:09:35.817+0000][info][gc,phases   ] GC(312)   Merge Heap Roots: 0.8ms
[2024-08-28T13:09:35.817+0000][info][gc,phases   ] GC(312)   Evacuate Collection Set: 21.3ms
[2024-08-28T13:09:35.817+0000][info][gc,phases   ] GC(312)   Post Evacuate Collection Set: 0.6ms
[2024-08-28T13:09:35.817+0000][info][gc,phases   ] GC(312)   Other: 0.2ms
[2024-08-28T13:09:35.817+0000][info][gc,heap     ] GC(312) Eden regions: 129->0(84)
[2024-08-28T13:09:35.817+0000][info][gc,heap     ] GC(312) Survivor regions: 13->18(18)
[2024-08-28T13:09:35.817+0000][info][gc,heap     ] GC(312) Old regions: 1418->1546
[2024-08-28T13:09:35.817+0000][info][gc,heap     ] GC(312) Archive regions: 2->2
[2024-08-28T13:09:35.817+0000][info][gc,heap     ] GC(312) Humongous regions: 5->5
[2024-08-28T13:09:35.817+0000][info][gc,metaspace] GC(312) Metaspace: 100K(320K)->100K(320K) NonClass: 96K(192K)->96K(192K) Class: 4K(128K)->4K(128K)
[2024-08-28T13:09:35.817+0000][info][gc          ] GC(312) Pause Young (Prepare Mixed) (G1 Evacuation Pause) 1565M->1569M(2048M) 23.475ms
[2024-08-28T13:09:35.817+0000][info][gc,cpu      ] GC(312) User=1.05s Sys=0.01s Real=0.02s
[2024-08-28T13:09:35.876+0000][info][gc,start    ] GC(313) Pause Young (Mixed) (G1 Evacuation Pause)
[2024-08-28T13:09:35.876+0000][info][gc,task     ] GC(313) Using 49 workers of 68 for evacuation
[2024-08-28T13:09:35.892+0000][info][gc,phases   ] GC(313)   Pre Evacuate Collection Set: 0.4ms
[2024-08-28T13:09:35.892+0000][info][gc,phases   ] GC(313)   Merge Heap Roots: 0.8ms
[2024-08-28T13:09:35.892+0000][info][gc,phases   ] GC(313)   Evacuate Collection Set: 13.7ms
[2024-08-28T13:09:35.892+0000][info][gc,phases   ] GC(313)   Post Evacuate Collection Set: 0.7ms
[2024-08-28T13:09:35.892+0000][info][gc,phases   ] GC(313)   Other: 0.2ms
[2024-08-28T13:09:35.892+0000][info][gc,heap     ] GC(313) Eden regions: 84->0(89)
[2024-08-28T13:09:35.892+0000][info][gc,heap     ] GC(313) Survivor regions: 18->13(13)
[2024-08-28T13:09:35.892+0000][info][gc,heap     ] GC(313) Old regions: 1546->1437
[2024-08-28T13:09:35.892+0000][info][gc,heap     ] GC(313) Archive regions: 2->2
[2024-08-28T13:09:35.892+0000][info][gc,heap     ] GC(313) Humongous regions: 5->5
[2024-08-28T13:09:35.892+0000][info][gc,metaspace] GC(313) Metaspace: 100K(320K)->100K(320K) NonClass: 96K(192K)->96K(192K) Class: 4K(128K)->4K(128K)
[2024-08-28T13:09:35.892+0000][info][gc          ] GC(313) Pause Young (Mixed) (G1 Evacuation Pause) 1653M->1455M(2048M) 15.858ms
[2024-08-28T13:09:35.892+0000][info][gc,cpu      ] GC(313) User=0.67s Sys=0.00s Real=0.02s
[2024-08-28T13:09:35.953+0000][info][gc,start    ] GC(314) Pause Young (Mixed) (G1 Evacuation Pause)
[2024-08-28T13:09:35.953+0000][info][gc,task     ] GC(314) Using 49 workers of 68 for evacuation
[2024-08-28T13:09:35.968+0000][info][gc,phases   ] GC(314)   Pre Evacuate Collection Set: 0.4ms
[2024-08-28T13:09:35.968+0000][info][gc,phases   ] GC(314)   Merge Heap Roots: 0.6ms
[2024-08-28T13:09:35.968+0000][info][gc,phases   ] GC(314)   Evacuate Collection Set: 13.0ms
[2024-08-28T13:09:35.968+0000][info][gc,phases   ] GC(314)   Post Evacuate Collection Set: 0.6ms
[2024-08-28T13:09:35.968+0000][info][gc,phases   ] GC(314)   Other: 0.2ms
[2024-08-28T13:09:35.968+0000][info][gc,heap     ] GC(314) Eden regions: 89->0(89)
[2024-08-28T13:09:35.968+0000][info][gc,heap     ] GC(314) Survivor regions: 13->13(13)
[2024-08-28T13:09:35.968+0000][info][gc,heap     ] GC(314) Old regions: 1437->1327
[2024-08-28T13:09:35.968+0000][info][gc,heap     ] GC(314) Archive regions: 2->2
[2024-08-28T13:09:35.968+0000][info][gc,heap     ] GC(314) Humongous regions: 5->5
[2024-08-28T13:09:35.968+0000][info][gc,metaspace] GC(314) Metaspace: 100K(320K)->100K(320K) NonClass: 96K(192K)->96K(192K) Class: 4K(128K)->4K(128K)
[2024-08-28T13:09:35.968+0000][info][gc          ] GC(314) Pause Young (Mixed) (G1 Evacuation Pause) 1544M->1345M(2048M) 14.930ms
[2024-08-28T13:09:35.968+0000][info][gc,cpu      ] GC(314) User=0.65s Sys=0.02s Real=0.01s
[2024-08-28T13:09:36.024+0000][info][gc,start    ] GC(315) Pause Young (Mixed) (G1 Evacuation Pause)
[2024-08-28T13:09:36.024+0000][info][gc,task     ] GC(315) Using 49 workers of 68 for evacuation
[2024-08-28T13:09:36.039+0000][info][gc,phases   ] GC(315)   Pre Evacuate Collection Set: 0.3ms
[2024-08-28T13:09:36.039+0000][info][gc,phases   ] GC(315)   Merge Heap Roots: 0.9ms
[2024-08-28T13:09:36.039+0000][info][gc,phases   ] GC(315)   Evacuate Collection Set: 13.0ms
[2024-08-28T13:09:36.039+0000][info][gc,phases   ] GC(315)   Post Evacuate Collection Set: 0.6ms
[2024-08-28T13:09:36.039+0000][info][gc,phases   ] GC(315)   Other: 0.2ms
[2024-08-28T13:09:36.039+0000][info][gc,heap     ] GC(315) Eden regions: 89->0(89)
[2024-08-28T13:09:36.039+0000][info][gc,heap     ] GC(315) Survivor regions: 13->13(13)
[2024-08-28T13:09:36.039+0000][info][gc,heap     ] GC(315) Old regions: 1327->1216
[2024-08-28T13:09:36.039+0000][info][gc,heap     ] GC(315) Archive regions: 2->2
[2024-08-28T13:09:36.039+0000][info][gc,heap     ] GC(315) Humongous regions: 5->5
[2024-08-28T13:09:36.039+0000][info][gc,metaspace] GC(315) Metaspace: 100K(320K)->100K(320K) NonClass: 96K(192K)->96K(192K) Class: 4K(128K)->4K(128K)
[2024-08-28T13:09:36.039+0000][info][gc          ] GC(315) Pause Young (Mixed) (G1 Evacuation Pause) 1434M->1234M(2048M) 15.040ms
[2024-08-28T13:09:36.039+0000][info][gc,cpu      ] GC(315) User=0.67s Sys=0.00s Real=0.02s
[2024-08-28T13:09:36.095+0000][info][gc,start    ] GC(316) Pause Young (Mixed) (G1 Evacuation Pause)
[2024-08-28T13:09:36.095+0000][info][gc,task     ] GC(316) Using 49 workers of 68 for evacuation
[2024-08-28T13:09:36.110+0000][info][gc,phases   ] GC(316)   Pre Evacuate Collection Set: 0.3ms
[2024-08-28T13:09:36.110+0000][info][gc,phases   ] GC(316)   Merge Heap Roots: 0.6ms
[2024-08-28T13:09:36.110+0000][info][gc,phases   ] GC(316)   Evacuate Collection Set: 13.1ms
[2024-08-28T13:09:36.110+0000][info][gc,phases   ] GC(316)   Post Evacuate Collection Set: 0.5ms
[2024-08-28T13:09:36.110+0000][info][gc,phases   ] GC(316)   Other: 0.2ms
[2024-08-28T13:09:36.110+0000][info][gc,heap     ] GC(316) Eden regions: 89->0(188)
[2024-08-28T13:09:36.110+0000][info][gc,heap     ] GC(316) Survivor regions: 13->13(13)
[2024-08-28T13:09:36.110+0000][info][gc,heap     ] GC(316) Old regions: 1216->1237
[2024-08-28T13:09:36.110+0000][info][gc,heap     ] GC(316) Archive regions: 2->2
[2024-08-28T13:09:36.110+0000][info][gc,heap     ] GC(316) Humongous regions: 5->5
[2024-08-28T13:09:36.110+0000][info][gc,metaspace] GC(316) Metaspace: 100K(320K)->100K(320K) NonClass: 96K(192K)->96K(192K) Class: 4K(128K)->4K(128K)
[2024-08-28T13:09:36.110+0000][info][gc          ] GC(316) Pause Young (Mixed) (G1 Evacuation Pause) 1323M->1255M(2048M) 14.730ms
[2024-08-28T13:09:36.110+0000][info][gc,cpu      ] GC(316) User=0.66s Sys=0.00s Real=0.02s
[2024-08-28T13:09:36.216+0000][info][gc,start    ] GC(317) Pause Young (Normal) (G1 Evacuation Pause)
[2024-08-28T13:09:36.217+0000][info][gc,task     ] GC(317) Using 49 workers of 68 for evacuation
[2024-08-28T13:09:36.241+0000][info][gc,phases   ] GC(317)   Pre Evacuate Collection Set: 0.2ms
[2024-08-28T13:09:36.241+0000][info][gc,phases   ] GC(317)   Merge Heap Roots: 0.8ms
[2024-08-28T13:09:36.241+0000][info][gc,phases   ] GC(317)   Evacuate Collection Set: 22.8ms
[2024-08-28T13:09:36.241+0000][info][gc,phases   ] GC(317)   Post Evacuate Collection Set: 0.6ms
[2024-08-28T13:09:36.241+0000][info][gc,phases   ] GC(317)   Other: 0.2ms
[2024-08-28T13:09:36.241+0000][info][gc,heap     ] GC(317) Eden regions: 188->0(127)
[2024-08-28T13:09:36.241+0000][info][gc,heap     ] GC(317) Survivor regions: 13->26(26)
[2024-08-28T13:09:36.241+0000][info][gc,heap     ] GC(317) Old regions: 1237->1410
[2024-08-28T13:09:36.241+0000][info][gc,heap     ] GC(317) Archive regions: 2->2
[2024-08-28T13:09:36.241+0000][info][gc,heap     ] GC(317) Humongous regions: 5->5
[2024-08-28T13:09:36.241+0000][info][gc,metaspace] GC(317) Metaspace: 100K(320K)->100K(320K) NonClass: 96K(192K)->96K(192K) Class: 4K(128K)->4K(128K)
[2024-08-28T13:09:36.241+0000][info][gc          ] GC(317) Pause Young (Normal) (G1 Evacuation Pause) 1443M->1441M(2048M) 24.598ms
[2024-08-28T13:09:36.241+0000][info][gc,cpu      ] GC(317) User=1.12s Sys=0.00s Real=0.03s
[2024-08-28T13:09:36.316+0000][info][gc,start    ] GC(318) Pause Young (Concurrent Start) (G1 Evacuation Pause)
[2024-08-28T13:09:36.316+0000][info][gc,task     ] GC(318) Using 49 workers of 68 for evacuation
[2024-08-28T13:09:36.337+0000][info][gc,phases   ] GC(318)   Pre Evacuate Collection Set: 0.2ms
[2024-08-28T13:09:36.337+0000][info][gc,phases   ] GC(318)   Merge Heap Roots: 0.6ms
[2024-08-28T13:09:36.337+0000][info][gc,phases   ] GC(318)   Evacuate Collection Set: 19.6ms
[2024-08-28T13:09:36.337+0000][info][gc,phases   ] GC(318)   Post Evacuate Collection Set: 0.5ms
[2024-08-28T13:09:36.337+0000][info][gc,phases   ] GC(318)   Other: 0.7ms
[2024-08-28T13:09:36.337+0000][info][gc,heap     ] GC(318) Eden regions: 127->0(84)
[2024-08-28T13:09:36.337+0000][info][gc,heap     ] GC(318) Survivor regions: 26->20(20)
[2024-08-28T13:09:36.337+0000][info][gc,heap     ] GC(318) Old regions: 1410->1549
[2024-08-28T13:09:36.337+0000][info][gc,heap     ] GC(318) Archive regions: 2->2
[2024-08-28T13:09:36.337+0000][info][gc,heap     ] GC(318) Humongous regions: 5->5
[2024-08-28T13:09:36.337+0000][info][gc,metaspace] GC(318) Metaspace: 100K(320K)->100K(320K) NonClass: 96K(192K)->96K(192K) Class: 4K(128K)->4K(128K)
[2024-08-28T13:09:36.337+0000][info][gc          ] GC(318) Pause Young (Concurrent Start) (G1 Evacuation Pause) 1568M->1574M(2048M) 21.724ms
[2024-08-28T13:09:36.337+0000][info][gc,cpu      ] GC(318) User=0.98s Sys=0.00s Real=0.02s
[2024-08-28T13:09:36.337+0000][info][gc          ] GC(319) Concurrent Mark Cycle
[2024-08-28T13:09:36.337+0000][info][gc,marking  ] GC(319) Concurrent Clear Claimed Marks
[2024-08-28T13:09:36.337+0000][info][gc,marking  ] GC(319) Concurrent Clear Claimed Marks 0.010ms
[2024-08-28T13:09:36.337+0000][info][gc,marking  ] GC(319) Concurrent Scan Root Regions
[2024-08-28T13:09:36.341+0000][info][gc,marking  ] GC(319) Concurrent Scan Root Regions 4.079ms
[2024-08-28T13:09:36.342+0000][info][gc,marking  ] GC(319) Concurrent Mark
[2024-08-28T13:09:36.342+0000][info][gc,marking  ] GC(319) Concurrent Mark From Roots
[2024-08-28T13:09:36.342+0000][info][gc,task     ] GC(319) Using 17 workers of 17 for marking
[2024-08-28T13:09:36.362+0000][info][gc,marking  ] GC(319) Concurrent Mark From Roots 20.148ms
[2024-08-28T13:09:36.362+0000][info][gc,marking  ] GC(319) Concurrent Preclean
[2024-08-28T13:09:36.362+0000][info][gc,marking  ] GC(319) Concurrent Preclean 0.506ms
[2024-08-28T13:09:36.363+0000][info][gc,start    ] GC(319) Pause Remark
[2024-08-28T13:09:36.365+0000][info][gc          ] GC(319) Pause Remark 1598M->1395M(2048M) 1.948ms
[2024-08-28T13:09:36.365+0000][info][gc,cpu      ] GC(319) User=0.02s Sys=0.00s Real=0.00s
[2024-08-28T13:09:36.365+0000][info][gc,marking  ] GC(319) Concurrent Mark 23.071ms
[2024-08-28T13:09:36.365+0000][info][gc,marking  ] GC(319) Concurrent Rebuild Remembered Sets
[2024-08-28T13:09:36.414+0000][info][gc,marking  ] GC(319) Concurrent Rebuild Remembered Sets 49.391ms
[2024-08-28T13:09:36.414+0000][info][gc,start    ] GC(319) Pause Cleanup
[2024-08-28T13:09:36.417+0000][info][gc          ] GC(319) Pause Cleanup 1451M->1451M(2048M) 3.015ms
[2024-08-28T13:09:36.417+0000][info][gc,cpu      ] GC(319) User=0.00s Sys=0.00s Real=0.01s
[2024-08-28T13:09:36.418+0000][info][gc,marking  ] GC(319) Concurrent Cleanup for Next Mark
[2024-08-28T13:09:36.419+0000][info][gc,marking  ] GC(319) Concurrent Cleanup for Next Mark 1.549ms
[2024-08-28T13:09:36.419+0000][info][gc          ] GC(319) Concurrent Mark Cycle 81.906ms
[2024-08-28T13:09:36.422+0000][info][gc,start    ] GC(320) Pause Young (Prepare Mixed) (G1 Evacuation Pause)
[2024-08-28T13:09:36.422+0000][info][gc,task     ] GC(320) Using 49 workers of 68 for evacuation
[2024-08-28T13:09:36.437+0000][info][gc,phases   ] GC(320)   Pre Evacuate Collection Set: 0.3ms
[2024-08-28T13:09:36.437+0000][info][gc,phases   ] GC(320)   Merge Heap Roots: 1.0ms
[2024-08-28T13:09:36.437+0000][info][gc,phases   ] GC(320)   Evacuate Collection Set: 12.9ms
[2024-08-28T13:09:36.437+0000][info][gc,phases   ] GC(320)   Post Evacuate Collection Set: 0.6ms
[2024-08-28T13:09:36.437+0000][info][gc,phases   ] GC(320)   Other: 0.2ms
[2024-08-28T13:09:36.437+0000][info][gc,heap     ] GC(320) Eden regions: 84->0(89)
[2024-08-28T13:09:36.437+0000][info][gc,heap     ] GC(320) Survivor regions: 20->13(13)
[2024-08-28T13:09:36.437+0000][info][gc,heap     ] GC(320) Old regions: 1346->1446
[2024-08-28T13:09:36.437+0000][info][gc,heap     ] GC(320) Archive regions: 2->2
[2024-08-28T13:09:36.437+0000][info][gc,heap     ] GC(320) Humongous regions: 5->5
[2024-08-28T13:09:36.437+0000][info][gc,metaspace] GC(320) Metaspace: 100K(320K)->100K(320K) NonClass: 96K(192K)->96K(192K) Class: 4K(128K)->4K(128K)
[2024-08-28T13:09:36.437+0000][info][gc          ] GC(320) Pause Young (Prepare Mixed) (G1 Evacuation Pause) 1455M->1464M(2048M) 14.962ms
[2024-08-28T13:09:36.437+0000][info][gc,cpu      ] GC(320) User=0.66s Sys=0.01s Real=0.01s
[2024-08-28T13:09:36.485+0000][info][gc,start    ] GC(321) Pause Young (Mixed) (G1 Evacuation Pause)
[2024-08-28T13:09:36.485+0000][info][gc,task     ] GC(321) Using 49 workers of 68 for evacuation
[2024-08-28T13:09:36.500+0000][info][gc,phases   ] GC(321)   Pre Evacuate Collection Set: 0.4ms
[2024-08-28T13:09:36.500+0000][info][gc,phases   ] GC(321)   Merge Heap Roots: 0.5ms
[2024-08-28T13:09:36.500+0000][info][gc,phases   ] GC(321)   Evacuate Collection Set: 13.0ms
[2024-08-28T13:09:36.500+0000][info][gc,phases   ] GC(321)   Post Evacuate Collection Set: 0.6ms
[2024-08-28T13:09:36.500+0000][info][gc,phases   ] GC(321)   Other: 0.2ms
[2024-08-28T13:09:36.500+0000][info][gc,heap     ] GC(321) Eden regions: 89->0(89)
[2024-08-28T13:09:36.500+0000][info][gc,heap     ] GC(321) Survivor regions: 13->13(13)
[2024-08-28T13:09:36.500+0000][info][gc,heap     ] GC(321) Old regions: 1446->1335
[2024-08-28T13:09:36.500+0000][info][gc,heap     ] GC(321) Archive regions: 2->2
[2024-08-28T13:09:36.500+0000][info][gc,heap     ] GC(321) Humongous regions: 5->5
[2024-08-28T13:09:36.500+0000][info][gc,metaspace] GC(321) Metaspace: 100K(320K)->100K(320K) NonClass: 96K(192K)->96K(192K) Class: 4K(128K)->4K(128K)
[2024-08-28T13:09:36.500+0000][info][gc          ] GC(321) Pause Young (Mixed) (G1 Evacuation Pause) 1553M->1353M(2048M) 14.812ms
[2024-08-28T13:09:36.500+0000][info][gc,cpu      ] GC(321) User=0.65s Sys=0.01s Real=0.02s
[2024-08-28T13:09:36.550+0000][info][gc,start    ] GC(322) Pause Young (Mixed) (G1 Evacuation Pause)
[2024-08-28T13:09:36.550+0000][info][gc,task     ] GC(322) Using 49 workers of 68 for evacuation
[2024-08-28T13:09:36.564+0000][info][gc,phases   ] GC(322)   Pre Evacuate Collection Set: 0.3ms
[2024-08-28T13:09:36.565+0000][info][gc,phases   ] GC(322)   Merge Heap Roots: 0.8ms
[2024-08-28T13:09:36.565+0000][info][gc,phases   ] GC(322)   Evacuate Collection Set: 12.8ms
[2024-08-28T13:09:36.565+0000][info][gc,phases   ] GC(322)   Post Evacuate Collection Set: 0.6ms
[2024-08-28T13:09:36.565+0000][info][gc,phases   ] GC(322)   Other: 0.2ms
[2024-08-28T13:09:36.565+0000][info][gc,heap     ] GC(322) Eden regions: 89->0(89)
[2024-08-28T13:09:36.565+0000][info][gc,heap     ] GC(322) Survivor regions: 13->13(13)
[2024-08-28T13:09:36.565+0000][info][gc,heap     ] GC(322) Old regions: 1335->1224
[2024-08-28T13:09:36.565+0000][info][gc,heap     ] GC(322) Archive regions: 2->2
[2024-08-28T13:09:36.565+0000][info][gc,heap     ] GC(322) Humongous regions: 5->5
[2024-08-28T13:09:36.565+0000][info][gc,metaspace] GC(322) Metaspace: 100K(320K)->100K(320K) NonClass: 96K(192K)->96K(192K) Class: 4K(128K)->4K(128K)
[2024-08-28T13:09:36.565+0000][info][gc          ] GC(322) Pause Young (Mixed) (G1 Evacuation Pause) 1442M->1242M(2048M) 14.780ms
[2024-08-28T13:09:36.565+0000][info][gc,cpu      ] GC(322) User=0.65s Sys=0.00s Real=0.01s
[2024-08-28T13:09:36.615+0000][info][gc,start    ] GC(323) Pause Young (Mixed) (G1 Evacuation Pause)
[2024-08-28T13:09:36.615+0000][info][gc,task     ] GC(323) Using 49 workers of 68 for evacuation
[2024-08-28T13:09:36.629+0000][info][gc,phases   ] GC(323)   Pre Evacuate Collection Set: 0.3ms
[2024-08-28T13:09:36.629+0000][info][gc,phases   ] GC(323)   Merge Heap Roots: 0.6ms
[2024-08-28T13:09:36.629+0000][info][gc,phases   ] GC(323)   Evacuate Collection Set: 12.4ms
[2024-08-28T13:09:36.629+0000][info][gc,phases   ] GC(323)   Post Evacuate Collection Set: 0.6ms
[2024-08-28T13:09:36.629+0000][info][gc,phases   ] GC(323)   Other: 0.2ms
[2024-08-28T13:09:36.629+0000][info][gc,heap     ] GC(323) Eden regions: 89->0(89)
[2024-08-28T13:09:36.629+0000][info][gc,heap     ] GC(323) Survivor regions: 13->13(13)
[2024-08-28T13:09:36.629+0000][info][gc,heap     ] GC(323) Old regions: 1224->1112
[2024-08-28T13:09:36.629+0000][info][gc,heap     ] GC(323) Archive regions: 2->2
[2024-08-28T13:09:36.629+0000][info][gc,heap     ] GC(323) Humongous regions: 5->5
[2024-08-28T13:09:36.629+0000][info][gc,metaspace] GC(323) Metaspace: 100K(320K)->100K(320K) NonClass: 96K(192K)->96K(192K) Class: 4K(128K)->4K(128K)
[2024-08-28T13:09:36.629+0000][info][gc          ] GC(323) Pause Young (Mixed) (G1 Evacuation Pause) 1331M->1130M(2048M) 14.210ms
[2024-08-28T13:09:36.629+0000][info][gc,cpu      ] GC(323) User=0.62s Sys=0.02s Real=0.01s
[2024-08-28T13:09:36.679+0000][info][gc,start    ] GC(324) Pause Young (Mixed) (G1 Evacuation Pause)
[2024-08-28T13:09:36.679+0000][info][gc,task     ] GC(324) Using 49 workers of 68 for evacuation
[2024-08-28T13:09:36.693+0000][info][gc,phases   ] GC(324)   Pre Evacuate Collection Set: 0.3ms
[2024-08-28T13:09:36.693+0000][info][gc,phases   ] GC(324)   Merge Heap Roots: 0.8ms
[2024-08-28T13:09:36.693+0000][info][gc,phases   ] GC(324)   Evacuate Collection Set: 12.5ms
[2024-08-28T13:09:36.693+0000][info][gc,phases   ] GC(324)   Post Evacuate Collection Set: 0.6ms
[2024-08-28T13:09:36.693+0000][info][gc,phases   ] GC(324)   Other: 0.2ms
[2024-08-28T13:09:36.693+0000][info][gc,heap     ] GC(324) Eden regions: 89->0(229)
[2024-08-28T13:09:36.693+0000][info][gc,heap     ] GC(324) Survivor regions: 13->13(13)
[2024-08-28T13:09:36.693+0000][info][gc,heap     ] GC(324) Old regions: 1112->1108
[2024-08-28T13:09:36.693+0000][info][gc,heap     ] GC(324) Archive regions: 2->2
[2024-08-28T13:09:36.693+0000][info][gc,heap     ] GC(324) Humongous regions: 5->5
[2024-08-28T13:09:36.693+0000][info][gc,metaspace] GC(324) Metaspace: 100K(320K)->100K(320K) NonClass: 96K(192K)->96K(192K) Class: 4K(128K)->4K(128K)
[2024-08-28T13:09:36.693+0000][info][gc          ] GC(324) Pause Young (Mixed) (G1 Evacuation Pause) 1219M->1126M(2048M) 14.413ms
[2024-08-28T13:09:36.693+0000][info][gc,cpu      ] GC(324) User=0.64s Sys=0.00s Real=0.01s
[2024-08-28T13:09:36.837+0000][info][gc,start    ] GC(325) Pause Young (Normal) (G1 Evacuation Pause)
[2024-08-28T13:09:36.837+0000][info][gc,task     ] GC(325) Using 49 workers of 68 for evacuation
[2024-08-28T13:09:36.880+0000][info][gc,phases   ] GC(325)   Pre Evacuate Collection Set: 0.2ms
[2024-08-28T13:09:36.880+0000][info][gc,phases   ] GC(325)   Merge Heap Roots: 1.1ms
[2024-08-28T13:09:36.880+0000][info][gc,phases   ] GC(325)   Evacuate Collection Set: 40.8ms
[2024-08-28T13:09:36.880+0000][info][gc,phases   ] GC(325)   Post Evacuate Collection Set: 0.7ms
[2024-08-28T13:09:36.880+0000][info][gc,phases   ] GC(325)   Other: 0.2ms
[2024-08-28T13:09:36.880+0000][info][gc,heap     ] GC(325) Eden regions: 229->0(156)
[2024-08-28T13:09:36.880+0000][info][gc,heap     ] GC(325) Survivor regions: 13->31(31)
[2024-08-28T13:09:36.880+0000][info][gc,heap     ] GC(325) Old regions: 1108->1315
[2024-08-28T13:09:36.880+0000][info][gc,heap     ] GC(325) Archive regions: 2->2
[2024-08-28T13:09:36.880+0000][info][gc,heap     ] GC(325) Humongous regions: 5->5
[2024-08-28T13:09:36.880+0000][info][gc,metaspace] GC(325) Metaspace: 100K(320K)->100K(320K) NonClass: 96K(192K)->96K(192K) Class: 4K(128K)->4K(128K)
[2024-08-28T13:09:36.880+0000][info][gc          ] GC(325) Pause Young (Normal) (G1 Evacuation Pause) 1355M->1351M(2048M) 43.097ms
[2024-08-28T13:09:36.880+0000][info][gc,cpu      ] GC(325) User=1.37s Sys=0.67s Real=0.05s
[2024-08-28T13:09:36.966+0000][info][gc,start    ] GC(326) Pause Young (Concurrent Start) (G1 Evacuation Pause)
[2024-08-28T13:09:36.966+0000][info][gc,task     ] GC(326) Using 49 workers of 68 for evacuation
[2024-08-28T13:09:36.992+0000][info][gc,phases   ] GC(326)   Pre Evacuate Collection Set: 0.2ms
[2024-08-28T13:09:36.992+0000][info][gc,phases   ] GC(326)   Merge Heap Roots: 0.6ms
[2024-08-28T13:09:36.992+0000][info][gc,phases   ] GC(326)   Evacuate Collection Set: 23.4ms
[2024-08-28T13:09:36.992+0000][info][gc,phases   ] GC(326)   Post Evacuate Collection Set: 0.7ms
[2024-08-28T13:09:36.992+0000][info][gc,phases   ] GC(326)   Other: 0.9ms
[2024-08-28T13:09:36.992+0000][info][gc,heap     ] GC(326) Eden regions: 156->0(105)
[2024-08-28T13:09:36.992+0000][info][gc,heap     ] GC(326) Survivor regions: 31->24(24)
[2024-08-28T13:09:36.992+0000][info][gc,heap     ] GC(326) Old regions: 1315->1481
[2024-08-28T13:09:36.992+0000][info][gc,heap     ] GC(326) Archive regions: 2->2
[2024-08-28T13:09:36.992+0000][info][gc,heap     ] GC(326) Humongous regions: 5->5
[2024-08-28T13:09:36.992+0000][info][gc,metaspace] GC(326) Metaspace: 100K(320K)->100K(320K) NonClass: 96K(192K)->96K(192K) Class: 4K(128K)->4K(128K)
[2024-08-28T13:09:36.992+0000][info][gc          ] GC(326) Pause Young (Concurrent Start) (G1 Evacuation Pause) 1507M->1510M(2048M) 25.934ms
[2024-08-28T13:09:36.992+0000][info][gc,cpu      ] GC(326) User=1.16s Sys=0.00s Real=0.03s
[2024-08-28T13:09:36.992+0000][info][gc          ] GC(327) Concurrent Mark Cycle
[2024-08-28T13:09:36.992+0000][info][gc,marking  ] GC(327) Concurrent Clear Claimed Marks
[2024-08-28T13:09:36.992+0000][info][gc,marking  ] GC(327) Concurrent Clear Claimed Marks 0.011ms
[2024-08-28T13:09:36.992+0000][info][gc,marking  ] GC(327) Concurrent Scan Root Regions
[2024-08-28T13:09:36.997+0000][info][gc,marking  ] GC(327) Concurrent Scan Root Regions 4.889ms
[2024-08-28T13:09:36.997+0000][info][gc,marking  ] GC(327) Concurrent Mark
[2024-08-28T13:09:36.997+0000][info][gc,marking  ] GC(327) Concurrent Mark From Roots
[2024-08-28T13:09:36.997+0000][info][gc,task     ] GC(327) Using 17 workers of 17 for marking
[2024-08-28T13:09:37.015+0000][info][gc,marking  ] GC(327) Concurrent Mark From Roots 18.524ms
[2024-08-28T13:09:37.015+0000][info][gc,marking  ] GC(327) Concurrent Preclean
[2024-08-28T13:09:37.016+0000][info][gc,marking  ] GC(327) Concurrent Preclean 0.503ms
[2024-08-28T13:09:37.016+0000][info][gc,start    ] GC(327) Pause Remark
[2024-08-28T13:09:37.019+0000][info][gc          ] GC(327) Pause Remark 1533M->1365M(2048M) 2.620ms
[2024-08-28T13:09:37.019+0000][info][gc,cpu      ] GC(327) User=0.02s Sys=0.00s Real=0.01s
[2024-08-28T13:09:37.019+0000][info][gc,marking  ] GC(327) Concurrent Mark 22.178ms
[2024-08-28T13:09:37.019+0000][info][gc,marking  ] GC(327) Concurrent Rebuild Remembered Sets
[2024-08-28T13:09:37.068+0000][info][gc,marking  ] GC(327) Concurrent Rebuild Remembered Sets 48.760ms
[2024-08-28T13:09:37.068+0000][info][gc,start    ] GC(327) Pause Cleanup
[2024-08-28T13:09:37.074+0000][info][gc          ] GC(327) Pause Cleanup 1422M->1422M(2048M) 6.220ms
[2024-08-28T13:09:37.075+0000][info][gc,cpu      ] GC(327) User=0.02s Sys=0.00s Real=0.01s
[2024-08-28T13:09:37.075+0000][info][gc,marking  ] GC(327) Concurrent Cleanup for Next Mark
[2024-08-28T13:09:37.076+0000][info][gc,marking  ] GC(327) Concurrent Cleanup for Next Mark 1.625ms
[2024-08-28T13:09:37.076+0000][info][gc          ] GC(327) Concurrent Mark Cycle 84.434ms
[2024-08-28T13:09:37.092+0000][info][gc,start    ] GC(328) Pause Young (Prepare Mixed) (G1 Evacuation Pause)
[2024-08-28T13:09:37.092+0000][info][gc,task     ] GC(328) Using 49 workers of 68 for evacuation
[2024-08-28T13:09:37.110+0000][info][gc,phases   ] GC(328)   Pre Evacuate Collection Set: 0.3ms
[2024-08-28T13:09:37.110+0000][info][gc,phases   ] GC(328)   Merge Heap Roots: 0.6ms
[2024-08-28T13:09:37.110+0000][info][gc,phases   ] GC(328)   Evacuate Collection Set: 16.1ms
[2024-08-28T13:09:37.110+0000][info][gc,phases   ] GC(328)   Post Evacuate Collection Set: 0.7ms
[2024-08-28T13:09:37.110+0000][info][gc,phases   ] GC(328)   Other: 0.3ms
[2024-08-28T13:09:37.110+0000][info][gc,heap     ] GC(328) Eden regions: 105->0(85)
[2024-08-28T13:09:37.110+0000][info][gc,heap     ] GC(328) Survivor regions: 24->17(17)
[2024-08-28T13:09:37.110+0000][info][gc,heap     ] GC(328) Old regions: 1313->1432
[2024-08-28T13:09:37.110+0000][info][gc,heap     ] GC(328) Archive regions: 2->2
[2024-08-28T13:09:37.110+0000][info][gc,heap     ] GC(328) Humongous regions: 5->5
[2024-08-28T13:09:37.110+0000][info][gc,metaspace] GC(328) Metaspace: 100K(320K)->100K(320K) NonClass: 96K(192K)->96K(192K) Class: 4K(128K)->4K(128K)
[2024-08-28T13:09:37.110+0000][info][gc          ] GC(328) Pause Young (Prepare Mixed) (G1 Evacuation Pause) 1447M->1454M(2048M) 18.104ms
[2024-08-28T13:09:37.110+0000][info][gc,cpu      ] GC(328) User=0.80s Sys=0.01s Real=0.02s
[2024-08-28T13:09:37.156+0000][info][gc,start    ] GC(329) Pause Young (Mixed) (G1 Evacuation Pause)
[2024-08-28T13:09:37.156+0000][info][gc,task     ] GC(329) Using 49 workers of 68 for evacuation
[2024-08-28T13:09:37.172+0000][info][gc,phases   ] GC(329)   Pre Evacuate Collection Set: 0.4ms
[2024-08-28T13:09:37.172+0000][info][gc,phases   ] GC(329)   Merge Heap Roots: 0.8ms
[2024-08-28T13:09:37.172+0000][info][gc,phases   ] GC(329)   Evacuate Collection Set: 13.8ms
[2024-08-28T13:09:37.172+0000][info][gc,phases   ] GC(329)   Post Evacuate Collection Set: 0.7ms
[2024-08-28T13:09:37.172+0000][info][gc,phases   ] GC(329)   Other: 0.4ms
[2024-08-28T13:09:37.172+0000][info][gc,heap     ] GC(329) Eden regions: 85->0(89)
[2024-08-28T13:09:37.172+0000][info][gc,heap     ] GC(329) Survivor regions: 17->13(13)
[2024-08-28T13:09:37.172+0000][info][gc,heap     ] GC(329) Old regions: 1432->1324
[2024-08-28T13:09:37.172+0000][info][gc,heap     ] GC(329) Archive regions: 2->2
[2024-08-28T13:09:37.172+0000][info][gc,heap     ] GC(329) Humongous regions: 5->5
[2024-08-28T13:09:37.172+0000][info][gc,metaspace] GC(329) Metaspace: 100K(320K)->100K(320K) NonClass: 96K(192K)->96K(192K) Class: 4K(128K)->4K(128K)
[2024-08-28T13:09:37.172+0000][info][gc          ] GC(329) Pause Young (Mixed) (G1 Evacuation Pause) 1539M->1342M(2048M) 16.185ms
[2024-08-28T13:09:37.172+0000][info][gc,cpu      ] GC(329) User=0.69s Sys=0.01s Real=0.02s
[2024-08-28T13:09:37.222+0000][info][gc,start    ] GC(330) Pause Young (Mixed) (G1 Evacuation Pause)
[2024-08-28T13:09:37.222+0000][info][gc,task     ] GC(330) Using 49 workers of 68 for evacuation
[2024-08-28T13:09:37.237+0000][info][gc,phases   ] GC(330)   Pre Evacuate Collection Set: 0.4ms
[2024-08-28T13:09:37.237+0000][info][gc,phases   ] GC(330)   Merge Heap Roots: 0.6ms
[2024-08-28T13:09:37.237+0000][info][gc,phases   ] GC(330)   Evacuate Collection Set: 12.9ms
[2024-08-28T13:09:37.237+0000][info][gc,phases   ] GC(330)   Post Evacuate Collection Set: 0.7ms
[2024-08-28T13:09:37.237+0000][info][gc,phases   ] GC(330)   Other: 0.4ms
[2024-08-28T13:09:37.237+0000][info][gc,heap     ] GC(330) Eden regions: 89->0(89)
[2024-08-28T13:09:37.237+0000][info][gc,heap     ] GC(330) Survivor regions: 13->13(13)
[2024-08-28T13:09:37.237+0000][info][gc,heap     ] GC(330) Old regions: 1324->1214
[2024-08-28T13:09:37.237+0000][info][gc,heap     ] GC(330) Archive regions: 2->2
[2024-08-28T13:09:37.237+0000][info][gc,heap     ] GC(330) Humongous regions: 5->5
[2024-08-28T13:09:37.237+0000][info][gc,metaspace] GC(330) Metaspace: 100K(320K)->100K(320K) NonClass: 96K(192K)->96K(192K) Class: 4K(128K)->4K(128K)
[2024-08-28T13:09:37.237+0000][info][gc          ] GC(330) Pause Young (Mixed) (G1 Evacuation Pause) 1431M->1232M(2048M) 15.062ms
[2024-08-28T13:09:37.237+0000][info][gc,cpu      ] GC(330) User=0.65s Sys=0.00s Real=0.01s
[2024-08-28T13:09:37.287+0000][info][gc,start    ] GC(331) Pause Young (Mixed) (G1 Evacuation Pause)
[2024-08-28T13:09:37.287+0000][info][gc,task     ] GC(331) Using 49 workers of 68 for evacuation
[2024-08-28T13:09:37.302+0000][info][gc,phases   ] GC(331)   Pre Evacuate Collection Set: 0.5ms
[2024-08-28T13:09:37.302+0000][info][gc,phases   ] GC(331)   Merge Heap Roots: 0.9ms
[2024-08-28T13:09:37.302+0000][info][gc,phases   ] GC(331)   Evacuate Collection Set: 12.5ms
[2024-08-28T13:09:37.302+0000][info][gc,phases   ] GC(331)   Post Evacuate Collection Set: 0.8ms
[2024-08-28T13:09:37.302+0000][info][gc,phases   ] GC(331)   Other: 0.4ms
[2024-08-28T13:09:37.302+0000][info][gc,heap     ] GC(331) Eden regions: 89->0(89)
[2024-08-28T13:09:37.302+0000][info][gc,heap     ] GC(331) Survivor regions: 13->13(13)
[2024-08-28T13:09:37.302+0000][info][gc,heap     ] GC(331) Old regions: 1214->1104
[2024-08-28T13:09:37.302+0000][info][gc,heap     ] GC(331) Archive regions: 2->2
[2024-08-28T13:09:37.302+0000][info][gc,heap     ] GC(331) Humongous regions: 5->5
[2024-08-28T13:09:37.302+0000][info][gc,metaspace] GC(331) Metaspace: 100K(320K)->100K(320K) NonClass: 96K(192K)->96K(192K) Class: 4K(128K)->4K(128K)
[2024-08-28T13:09:37.302+0000][info][gc          ] GC(331) Pause Young (Mixed) (G1 Evacuation Pause) 1321M->1122M(2048M) 15.116ms
[2024-08-28T13:09:37.302+0000][info][gc,cpu      ] GC(331) User=0.64s Sys=0.01s Real=0.02s
[2024-08-28T13:09:37.353+0000][info][gc,start    ] GC(332) Pause Young (Mixed) (G1 Evacuation Pause)
[2024-08-28T13:09:37.354+0000][info][gc,task     ] GC(332) Using 49 workers of 68 for evacuation
[2024-08-28T13:09:37.368+0000][info][gc,phases   ] GC(332)   Pre Evacuate Collection Set: 0.3ms
[2024-08-28T13:09:37.368+0000][info][gc,phases   ] GC(332)   Merge Heap Roots: 0.5ms
[2024-08-28T13:09:37.368+0000][info][gc,phases   ] GC(332)   Evacuate Collection Set: 12.9ms
[2024-08-28T13:09:37.368+0000][info][gc,phases   ] GC(332)   Post Evacuate Collection Set: 0.6ms
[2024-08-28T13:09:37.368+0000][info][gc,phases   ] GC(332)   Other: 0.2ms
[2024-08-28T13:09:37.368+0000][info][gc,heap     ] GC(332) Eden regions: 89->0(219)
[2024-08-28T13:09:37.368+0000][info][gc,heap     ] GC(332) Survivor regions: 13->13(13)
[2024-08-28T13:09:37.368+0000][info][gc,heap     ] GC(332) Old regions: 1104->1139
[2024-08-28T13:09:37.368+0000][info][gc,heap     ] GC(332) Archive regions: 2->2
[2024-08-28T13:09:37.368+0000][info][gc,heap     ] GC(332) Humongous regions: 5->5
[2024-08-28T13:09:37.368+0000][info][gc,metaspace] GC(332) Metaspace: 100K(320K)->100K(320K) NonClass: 96K(192K)->96K(192K) Class: 4K(128K)->4K(128K)
[2024-08-28T13:09:37.368+0000][info][gc          ] GC(332) Pause Young (Mixed) (G1 Evacuation Pause) 1211M->1157M(2048M) 14.579ms
[2024-08-28T13:09:37.368+0000][info][gc,cpu      ] GC(332) User=0.61s Sys=0.01s Real=0.01s
[2024-08-28T13:09:37.490+0000][info][gc,start    ] GC(333) Pause Young (Normal) (G1 Evacuation Pause)
[2024-08-28T13:09:37.490+0000][info][gc,task     ] GC(333) Using 49 workers of 68 for evacuation
[2024-08-28T13:09:37.515+0000][info][gc,phases   ] GC(333)   Pre Evacuate Collection Set: 0.4ms
[2024-08-28T13:09:37.515+0000][info][gc,phases   ] GC(333)   Merge Heap Roots: 0.7ms
[2024-08-28T13:09:37.515+0000][info][gc,phases   ] GC(333)   Evacuate Collection Set: 23.9ms
[2024-08-28T13:09:37.515+0000][info][gc,phases   ] GC(333)   Post Evacuate Collection Set: 0.5ms
[2024-08-28T13:09:37.515+0000][info][gc,phases   ] GC(333)   Other: 0.2ms
[2024-08-28T13:09:37.515+0000][info][gc,heap     ] GC(333) Eden regions: 219->0(150)
[2024-08-28T13:09:37.515+0000][info][gc,heap     ] GC(333) Survivor regions: 13->29(29)
[2024-08-28T13:09:37.515+0000][info][gc,heap     ] GC(333) Old regions: 1139->1337
[2024-08-28T13:09:37.515+0000][info][gc,heap     ] GC(333) Archive regions: 2->2
[2024-08-28T13:09:37.515+0000][info][gc,heap     ] GC(333) Humongous regions: 5->5
[2024-08-28T13:09:37.515+0000][info][gc,metaspace] GC(333) Metaspace: 100K(320K)->100K(320K) NonClass: 96K(192K)->96K(192K) Class: 4K(128K)->4K(128K)
[2024-08-28T13:09:37.515+0000][info][gc          ] GC(333) Pause Young (Normal) (G1 Evacuation Pause) 1376M->1371M(2048M) 25.855ms
[2024-08-28T13:09:37.516+0000][info][gc,cpu      ] GC(333) User=1.16s Sys=0.00s Real=0.02s
[2024-08-28T13:09:37.610+0000][info][gc,start    ] GC(334) Pause Young (Concurrent Start) (G1 Evacuation Pause)
[2024-08-28T13:09:37.610+0000][info][gc,task     ] GC(334) Using 49 workers of 68 for evacuation
[2024-08-28T13:09:37.634+0000][info][gc,phases   ] GC(334)   Pre Evacuate Collection Set: 0.3ms
[2024-08-28T13:09:37.634+0000][info][gc,phases   ] GC(334)   Merge Heap Roots: 0.6ms
[2024-08-28T13:09:37.634+0000][info][gc,phases   ] GC(334)   Evacuate Collection Set: 21.3ms
[2024-08-28T13:09:37.634+0000][info][gc,phases   ] GC(334)   Post Evacuate Collection Set: 0.5ms
[2024-08-28T13:09:37.634+0000][info][gc,phases   ] GC(334)   Other: 0.6ms
[2024-08-28T13:09:37.634+0000][info][gc,heap     ] GC(334) Eden regions: 150->0(99)
[2024-08-28T13:09:37.634+0000][info][gc,heap     ] GC(334) Survivor regions: 29->23(23)
[2024-08-28T13:09:37.634+0000][info][gc,heap     ] GC(334) Old regions: 1337->1500
[2024-08-28T13:09:37.634+0000][info][gc,heap     ] GC(334) Archive regions: 2->2
[2024-08-28T13:09:37.634+0000][info][gc,heap     ] GC(334) Humongous regions: 5->5
[2024-08-28T13:09:37.634+0000][info][gc,metaspace] GC(334) Metaspace: 100K(320K)->100K(320K) NonClass: 96K(192K)->96K(192K) Class: 4K(128K)->4K(128K)
[2024-08-28T13:09:37.634+0000][info][gc          ] GC(334) Pause Young (Concurrent Start) (G1 Evacuation Pause) 1521M->1528M(2048M) 23.374ms
[2024-08-28T13:09:37.634+0000][info][gc,cpu      ] GC(334) User=1.01s Sys=0.03s Real=0.02s
[2024-08-28T13:09:37.634+0000][info][gc          ] GC(335) Concurrent Mark Cycle
[2024-08-28T13:09:37.634+0000][info][gc,marking  ] GC(335) Concurrent Clear Claimed Marks
[2024-08-28T13:09:37.634+0000][info][gc,marking  ] GC(335) Concurrent Clear Claimed Marks 0.011ms
[2024-08-28T13:09:37.634+0000][info][gc,marking  ] GC(335) Concurrent Scan Root Regions
[2024-08-28T13:09:37.638+0000][info][gc,marking  ] GC(335) Concurrent Scan Root Regions 4.648ms
[2024-08-28T13:09:37.638+0000][info][gc,marking  ] GC(335) Concurrent Mark
[2024-08-28T13:09:37.638+0000][info][gc,marking  ] GC(335) Concurrent Mark From Roots
[2024-08-28T13:09:37.638+0000][info][gc,task     ] GC(335) Using 17 workers of 17 for marking
[2024-08-28T13:09:37.656+0000][info][gc,marking  ] GC(335) Concurrent Mark From Roots 17.964ms
[2024-08-28T13:09:37.656+0000][info][gc,marking  ] GC(335) Concurrent Preclean
[2024-08-28T13:09:37.658+0000][info][gc,marking  ] GC(335) Concurrent Preclean 1.282ms
[2024-08-28T13:09:37.658+0000][info][gc,start    ] GC(335) Pause Remark
[2024-08-28T13:09:37.660+0000][info][gc          ] GC(335) Pause Remark 1556M->1387M(2048M) 1.767ms
[2024-08-28T13:09:37.660+0000][info][gc,cpu      ] GC(335) User=0.02s Sys=0.00s Real=0.00s
[2024-08-28T13:09:37.660+0000][info][gc,marking  ] GC(335) Concurrent Mark 21.505ms
[2024-08-28T13:09:37.660+0000][info][gc,marking  ] GC(335) Concurrent Rebuild Remembered Sets
[2024-08-28T13:09:37.702+0000][info][gc,start    ] GC(336) Pause Young (Normal) (G1 Evacuation Pause)
[2024-08-28T13:09:37.702+0000][info][gc,task     ] GC(336) Using 49 workers of 68 for evacuation
[2024-08-28T13:09:37.718+0000][info][gc,phases   ] GC(336)   Pre Evacuate Collection Set: 0.3ms
[2024-08-28T13:09:37.718+0000][info][gc,phases   ] GC(336)   Merge Heap Roots: 0.4ms
[2024-08-28T13:09:37.718+0000][info][gc,phases   ] GC(336)   Evacuate Collection Set: 14.2ms
[2024-08-28T13:09:37.718+0000][info][gc,phases   ] GC(336)   Post Evacuate Collection Set: 0.8ms
[2024-08-28T13:09:37.718+0000][info][gc,phases   ] GC(336)   Other: 0.2ms
[2024-08-28T13:09:37.718+0000][info][gc,heap     ] GC(336) Eden regions: 99->0(119)
[2024-08-28T13:09:37.718+0000][info][gc,heap     ] GC(336) Survivor regions: 23->16(16)
[2024-08-28T13:09:37.718+0000][info][gc,heap     ] GC(336) Old regions: 1331->1445
[2024-08-28T13:09:37.718+0000][info][gc,heap     ] GC(336) Archive regions: 2->2
[2024-08-28T13:09:37.718+0000][info][gc,heap     ] GC(336) Humongous regions: 5->5
[2024-08-28T13:09:37.718+0000][info][gc,metaspace] GC(336) Metaspace: 100K(320K)->100K(320K) NonClass: 96K(192K)->96K(192K) Class: 4K(128K)->4K(128K)
[2024-08-28T13:09:37.718+0000][info][gc          ] GC(336) Pause Young (Normal) (G1 Evacuation Pause) 1458M->1466M(2048M) 16.041ms
[2024-08-28T13:09:37.718+0000][info][gc,cpu      ] GC(336) User=0.68s Sys=0.01s Real=0.02s
[2024-08-28T13:09:37.722+0000][info][gc,marking  ] GC(335) Concurrent Rebuild Remembered Sets 62.310ms
[2024-08-28T13:09:37.723+0000][info][gc,start    ] GC(335) Pause Cleanup
[2024-08-28T13:09:37.726+0000][info][gc          ] GC(335) Pause Cleanup 1473M->1473M(2048M) 3.135ms
[2024-08-28T13:09:37.726+0000][info][gc,cpu      ] GC(335) User=0.01s Sys=0.00s Real=0.00s
[2024-08-28T13:09:37.726+0000][info][gc,marking  ] GC(335) Concurrent Cleanup for Next Mark
[2024-08-28T13:09:37.727+0000][info][gc,marking  ] GC(335) Concurrent Cleanup for Next Mark 1.322ms
[2024-08-28T13:09:37.727+0000][info][gc          ] GC(335) Concurrent Mark Cycle 93.536ms
[2024-08-28T13:09:37.798+0000][info][gc,start    ] GC(337) Pause Young (Prepare Mixed) (G1 Evacuation Pause)
[2024-08-28T13:09:37.798+0000][info][gc,task     ] GC(337) Using 49 workers of 68 for evacuation
[2024-08-28T13:09:37.820+0000][info][gc,phases   ] GC(337)   Pre Evacuate Collection Set: 0.4ms
[2024-08-28T13:09:37.820+0000][info][gc,phases   ] GC(337)   Merge Heap Roots: 0.9ms
[2024-08-28T13:09:37.820+0000][info][gc,phases   ] GC(337)   Evacuate Collection Set: 20.7ms
[2024-08-28T13:09:37.820+0000][info][gc,phases   ] GC(337)   Post Evacuate Collection Set: 0.5ms
[2024-08-28T13:09:37.820+0000][info][gc,phases   ] GC(337)   Other: 0.2ms
[2024-08-28T13:09:37.820+0000][info][gc,heap     ] GC(337) Eden regions: 119->0(85)
[2024-08-28T13:09:37.820+0000][info][gc,heap     ] GC(337) Survivor regions: 16->17(17)
[2024-08-28T13:09:37.820+0000][info][gc,heap     ] GC(337) Old regions: 1445->1570
[2024-08-28T13:09:37.820+0000][info][gc,heap     ] GC(337) Archive regions: 2->2
[2024-08-28T13:09:37.820+0000][info][gc,heap     ] GC(337) Humongous regions: 5->5
[2024-08-28T13:09:37.820+0000][info][gc,metaspace] GC(337) Metaspace: 100K(320K)->100K(320K) NonClass: 96K(192K)->96K(192K) Class: 4K(128K)->4K(128K)
[2024-08-28T13:09:37.820+0000][info][gc          ] GC(337) Pause Young (Prepare Mixed) (G1 Evacuation Pause) 1585M->1592M(2048M) 22.776ms
[2024-08-28T13:09:37.821+0000][info][gc,cpu      ] GC(337) User=1.02s Sys=0.01s Real=0.02s
[2024-08-28T13:09:37.871+0000][info][gc,start    ] GC(338) Pause Young (Mixed) (G1 Evacuation Pause)
[2024-08-28T13:09:37.871+0000][info][gc,task     ] GC(338) Using 49 workers of 68 for evacuation
[2024-08-28T13:09:37.886+0000][info][gc,phases   ] GC(338)   Pre Evacuate Collection Set: 0.4ms
[2024-08-28T13:09:37.886+0000][info][gc,phases   ] GC(338)   Merge Heap Roots: 0.5ms
[2024-08-28T13:09:37.886+0000][info][gc,phases   ] GC(338)   Evacuate Collection Set: 13.3ms
[2024-08-28T13:09:37.886+0000][info][gc,phases   ] GC(338)   Post Evacuate Collection Set: 0.6ms
[2024-08-28T13:09:37.886+0000][info][gc,phases   ] GC(338)   Other: 0.2ms
[2024-08-28T13:09:37.886+0000][info][gc,heap     ] GC(338) Eden regions: 85->0(89)
[2024-08-28T13:09:37.886+0000][info][gc,heap     ] GC(338) Survivor regions: 17->13(13)
[2024-08-28T13:09:37.886+0000][info][gc,heap     ] GC(338) Old regions: 1570->1461
[2024-08-28T13:09:37.886+0000][info][gc,heap     ] GC(338) Archive regions: 2->2
[2024-08-28T13:09:37.886+0000][info][gc,heap     ] GC(338) Humongous regions: 5->5
[2024-08-28T13:09:37.886+0000][info][gc,metaspace] GC(338) Metaspace: 100K(320K)->100K(320K) NonClass: 96K(192K)->96K(192K) Class: 4K(128K)->4K(128K)
[2024-08-28T13:09:37.886+0000][info][gc          ] GC(338) Pause Young (Mixed) (G1 Evacuation Pause) 1677M->1479M(2048M) 15.054ms
[2024-08-28T13:09:37.886+0000][info][gc,cpu      ] GC(338) User=0.64s Sys=0.02s Real=0.01s
[2024-08-28T13:09:37.942+0000][info][gc,start    ] GC(339) Pause Young (Mixed) (G1 Evacuation Pause)
[2024-08-28T13:09:37.942+0000][info][gc,task     ] GC(339) Using 49 workers of 68 for evacuation
[2024-08-28T13:09:37.955+0000][info][gc,phases   ] GC(339)   Pre Evacuate Collection Set: 0.4ms
[2024-08-28T13:09:37.955+0000][info][gc,phases   ] GC(339)   Merge Heap Roots: 0.5ms
[2024-08-28T13:09:37.956+0000][info][gc,phases   ] GC(339)   Evacuate Collection Set: 12.0ms
[2024-08-28T13:09:37.956+0000][info][gc,phases   ] GC(339)   Post Evacuate Collection Set: 0.6ms
[2024-08-28T13:09:37.956+0000][info][gc,phases   ] GC(339)   Other: 0.2ms
[2024-08-28T13:09:37.956+0000][info][gc,heap     ] GC(339) Eden regions: 89->0(89)
[2024-08-28T13:09:37.956+0000][info][gc,heap     ] GC(339) Survivor regions: 13->13(13)
[2024-08-28T13:09:37.956+0000][info][gc,heap     ] GC(339) Old regions: 1461->1350
[2024-08-28T13:09:37.956+0000][info][gc,heap     ] GC(339) Archive regions: 2->2
[2024-08-28T13:09:37.956+0000][info][gc,heap     ] GC(339) Humongous regions: 5->5
[2024-08-28T13:09:37.956+0000][info][gc,metaspace] GC(339) Metaspace: 100K(320K)->100K(320K) NonClass: 96K(192K)->96K(192K) Class: 4K(128K)->4K(128K)
[2024-08-28T13:09:37.956+0000][info][gc          ] GC(339) Pause Young (Mixed) (G1 Evacuation Pause) 1568M->1368M(2048M) 13.804ms
[2024-08-28T13:09:37.956+0000][info][gc,cpu      ] GC(339) User=0.60s Sys=0.00s Real=0.01s
[2024-08-28T13:09:38.010+0000][info][gc,start    ] GC(340) Pause Young (Mixed) (G1 Evacuation Pause)
[2024-08-28T13:09:38.011+0000][info][gc,task     ] GC(340) Using 49 workers of 68 for evacuation
[2024-08-28T13:09:38.024+0000][info][gc,phases   ] GC(340)   Pre Evacuate Collection Set: 0.4ms
[2024-08-28T13:09:38.024+0000][info][gc,phases   ] GC(340)   Merge Heap Roots: 0.5ms
[2024-08-28T13:09:38.024+0000][info][gc,phases   ] GC(340)   Evacuate Collection Set: 12.1ms
[2024-08-28T13:09:38.024+0000][info][gc,phases   ] GC(340)   Post Evacuate Collection Set: 0.6ms
[2024-08-28T13:09:38.024+0000][info][gc,phases   ] GC(340)   Other: 0.2ms
[2024-08-28T13:09:38.024+0000][info][gc,heap     ] GC(340) Eden regions: 89->0(89)
[2024-08-28T13:09:38.024+0000][info][gc,heap     ] GC(340) Survivor regions: 13->13(13)
[2024-08-28T13:09:38.024+0000][info][gc,heap     ] GC(340) Old regions: 1350->1240
[2024-08-28T13:09:38.024+0000][info][gc,heap     ] GC(340) Archive regions: 2->2
[2024-08-28T13:09:38.024+0000][info][gc,heap     ] GC(340) Humongous regions: 5->5
[2024-08-28T13:09:38.024+0000][info][gc,metaspace] GC(340) Metaspace: 100K(320K)->100K(320K) NonClass: 96K(192K)->96K(192K) Class: 4K(128K)->4K(128K)
[2024-08-28T13:09:38.024+0000][info][gc          ] GC(340) Pause Young (Mixed) (G1 Evacuation Pause) 1457M->1258M(2048M) 13.895ms
[2024-08-28T13:09:38.024+0000][info][gc,cpu      ] GC(340) User=0.60s Sys=0.00s Real=0.01s
[2024-08-28T13:09:38.081+0000][info][gc,start    ] GC(341) Pause Young (Mixed) (G1 Evacuation Pause)
[2024-08-28T13:09:38.081+0000][info][gc,task     ] GC(341) Using 49 workers of 68 for evacuation
[2024-08-28T13:09:38.096+0000][info][gc,phases   ] GC(341)   Pre Evacuate Collection Set: 0.4ms
[2024-08-28T13:09:38.096+0000][info][gc,phases   ] GC(341)   Merge Heap Roots: 0.6ms
[2024-08-28T13:09:38.096+0000][info][gc,phases   ] GC(341)   Evacuate Collection Set: 13.1ms
[2024-08-28T13:09:38.096+0000][info][gc,phases   ] GC(341)   Post Evacuate Collection Set: 0.5ms
[2024-08-28T13:09:38.096+0000][info][gc,phases   ] GC(341)   Other: 0.2ms
[2024-08-28T13:09:38.096+0000][info][gc,heap     ] GC(341) Eden regions: 89->0(184)
[2024-08-28T13:09:38.096+0000][info][gc,heap     ] GC(341) Survivor regions: 13->13(13)
[2024-08-28T13:09:38.096+0000][info][gc,heap     ] GC(341) Old regions: 1240->1250
[2024-08-28T13:09:38.096+0000][info][gc,heap     ] GC(341) Archive regions: 2->2
[2024-08-28T13:09:38.096+0000][info][gc,heap     ] GC(341) Humongous regions: 5->5
[2024-08-28T13:09:38.096+0000][info][gc,metaspace] GC(341) Metaspace: 100K(320K)->100K(320K) NonClass: 96K(192K)->96K(192K) Class: 4K(128K)->4K(128K)
[2024-08-28T13:09:38.096+0000][info][gc          ] GC(341) Pause Young (Mixed) (G1 Evacuation Pause) 1347M->1268M(2048M) 14.862ms
[2024-08-28T13:09:38.096+0000][info][gc,cpu      ] GC(341) User=0.63s Sys=0.01s Real=0.01s
[2024-08-28T13:09:38.208+0000][info][gc,start    ] GC(342) Pause Young (Normal) (G1 Evacuation Pause)
[2024-08-28T13:09:38.208+0000][info][gc,task     ] GC(342) Using 49 workers of 68 for evacuation
[2024-08-28T13:09:38.231+0000][info][gc,phases   ] GC(342)   Pre Evacuate Collection Set: 0.4ms
[2024-08-28T13:09:38.231+0000][info][gc,phases   ] GC(342)   Merge Heap Roots: 0.7ms
[2024-08-28T13:09:38.231+0000][info][gc,phases   ] GC(342)   Evacuate Collection Set: 20.7ms
[2024-08-28T13:09:38.231+0000][info][gc,phases   ] GC(342)   Post Evacuate Collection Set: 0.5ms
[2024-08-28T13:09:38.231+0000][info][gc,phases   ] GC(342)   Other: 0.2ms
[2024-08-28T13:09:38.231+0000][info][gc,heap     ] GC(342) Eden regions: 184->0(124)
[2024-08-28T13:09:38.231+0000][info][gc,heap     ] GC(342) Survivor regions: 13->25(25)
[2024-08-28T13:09:38.231+0000][info][gc,heap     ] GC(342) Old regions: 1250->1421
[2024-08-28T13:09:38.231+0000][info][gc,heap     ] GC(342) Archive regions: 2->2
[2024-08-28T13:09:38.231+0000][info][gc,heap     ] GC(342) Humongous regions: 5->5
[2024-08-28T13:09:38.231+0000][info][gc,metaspace] GC(342) Metaspace: 100K(320K)->100K(320K) NonClass: 96K(192K)->96K(192K) Class: 4K(128K)->4K(128K)
[2024-08-28T13:09:38.231+0000][info][gc          ] GC(342) Pause Young (Normal) (G1 Evacuation Pause) 1452M->1451M(2048M) 22.599ms
[2024-08-28T13:09:38.231+0000][info][gc,cpu      ] GC(342) User=1.01s Sys=0.00s Real=0.03s
[2024-08-28T13:09:38.315+0000][info][gc,start    ] GC(343) Pause Young (Concurrent Start) (G1 Evacuation Pause)
[2024-08-28T13:09:38.315+0000][info][gc,task     ] GC(343) Using 49 workers of 68 for evacuation
[2024-08-28T13:09:38.336+0000][info][gc,phases   ] GC(343)   Pre Evacuate Collection Set: 0.3ms
[2024-08-28T13:09:38.336+0000][info][gc,phases   ] GC(343)   Merge Heap Roots: 0.5ms
[2024-08-28T13:09:38.336+0000][info][gc,phases   ] GC(343)   Evacuate Collection Set: 18.3ms
[2024-08-28T13:09:38.336+0000][info][gc,phases   ] GC(343)   Post Evacuate Collection Set: 0.5ms
[2024-08-28T13:09:38.336+0000][info][gc,phases   ] GC(343)   Other: 0.7ms
[2024-08-28T13:09:38.336+0000][info][gc,heap     ] GC(343) Eden regions: 124->0(83)
[2024-08-28T13:09:38.336+0000][info][gc,heap     ] GC(343) Survivor regions: 25->19(19)
[2024-08-28T13:09:38.336+0000][info][gc,heap     ] GC(343) Old regions: 1421->1558
[2024-08-28T13:09:38.336+0000][info][gc,heap     ] GC(343) Archive regions: 2->2
[2024-08-28T13:09:38.336+0000][info][gc,heap     ] GC(343) Humongous regions: 5->5
[2024-08-28T13:09:38.336+0000][info][gc,metaspace] GC(343) Metaspace: 100K(320K)->100K(320K) NonClass: 96K(192K)->96K(192K) Class: 4K(128K)->4K(128K)
[2024-08-28T13:09:38.336+0000][info][gc          ] GC(343) Pause Young (Concurrent Start) (G1 Evacuation Pause) 1575M->1582M(2048M) 20.425ms
[2024-08-28T13:09:38.336+0000][info][gc,cpu      ] GC(343) User=0.91s Sys=0.00s Real=0.02s
[2024-08-28T13:09:38.336+0000][info][gc          ] GC(344) Concurrent Mark Cycle
[2024-08-28T13:09:38.336+0000][info][gc,marking  ] GC(344) Concurrent Clear Claimed Marks
[2024-08-28T13:09:38.336+0000][info][gc,marking  ] GC(344) Concurrent Clear Claimed Marks 0.011ms
[2024-08-28T13:09:38.336+0000][info][gc,marking  ] GC(344) Concurrent Scan Root Regions
[2024-08-28T13:09:38.340+0000][info][gc,marking  ] GC(344) Concurrent Scan Root Regions 3.887ms
[2024-08-28T13:09:38.340+0000][info][gc,marking  ] GC(344) Concurrent Mark
[2024-08-28T13:09:38.340+0000][info][gc,marking  ] GC(344) Concurrent Mark From Roots
[2024-08-28T13:09:38.340+0000][info][gc,task     ] GC(344) Using 17 workers of 17 for marking
[2024-08-28T13:09:38.361+0000][info][gc,marking  ] GC(344) Concurrent Mark From Roots 20.623ms
[2024-08-28T13:09:38.361+0000][info][gc,marking  ] GC(344) Concurrent Preclean
[2024-08-28T13:09:38.361+0000][info][gc,marking  ] GC(344) Concurrent Preclean 0.504ms
[2024-08-28T13:09:38.361+0000][info][gc,start    ] GC(344) Pause Remark
[2024-08-28T13:09:38.364+0000][info][gc          ] GC(344) Pause Remark 1604M->1382M(2048M) 2.069ms
[2024-08-28T13:09:38.364+0000][info][gc,cpu      ] GC(344) User=0.02s Sys=0.01s Real=0.00s
[2024-08-28T13:09:38.364+0000][info][gc,marking  ] GC(344) Concurrent Mark 23.683ms
[2024-08-28T13:09:38.364+0000][info][gc,marking  ] GC(344) Concurrent Rebuild Remembered Sets
[2024-08-28T13:09:38.412+0000][info][gc,marking  ] GC(344) Concurrent Rebuild Remembered Sets 48.534ms
[2024-08-28T13:09:38.413+0000][info][gc,start    ] GC(344) Pause Cleanup
[2024-08-28T13:09:38.417+0000][info][gc          ] GC(344) Pause Cleanup 1433M->1433M(2048M) 4.519ms
[2024-08-28T13:09:38.417+0000][info][gc,cpu      ] GC(344) User=0.01s Sys=0.00s Real=0.00s
[2024-08-28T13:09:38.417+0000][info][gc,marking  ] GC(344) Concurrent Cleanup for Next Mark
[2024-08-28T13:09:38.419+0000][info][gc,marking  ] GC(344) Concurrent Cleanup for Next Mark 1.583ms
[2024-08-28T13:09:38.419+0000][info][gc          ] GC(344) Concurrent Mark Cycle 83.082ms
[2024-08-28T13:09:38.426+0000][info][gc,start    ] GC(345) Pause Young (Prepare Mixed) (G1 Evacuation Pause)
[2024-08-28T13:09:38.426+0000][info][gc,task     ] GC(345) Using 49 workers of 68 for evacuation
[2024-08-28T13:09:38.440+0000][info][gc,phases   ] GC(345)   Pre Evacuate Collection Set: 0.4ms
[2024-08-28T13:09:38.440+0000][info][gc,phases   ] GC(345)   Merge Heap Roots: 0.5ms
[2024-08-28T13:09:38.440+0000][info][gc,phases   ] GC(345)   Evacuate Collection Set: 13.0ms
[2024-08-28T13:09:38.440+0000][info][gc,phases   ] GC(345)   Post Evacuate Collection Set: 0.5ms
[2024-08-28T13:09:38.440+0000][info][gc,phases   ] GC(345)   Other: 0.2ms
[2024-08-28T13:09:38.440+0000][info][gc,heap     ] GC(345) Eden regions: 83->0(89)
[2024-08-28T13:09:38.440+0000][info][gc,heap     ] GC(345) Survivor regions: 19->13(13)
[2024-08-28T13:09:38.440+0000][info][gc,heap     ] GC(345) Old regions: 1336->1435
[2024-08-28T13:09:38.440+0000][info][gc,heap     ] GC(345) Archive regions: 2->2
[2024-08-28T13:09:38.440+0000][info][gc,heap     ] GC(345) Humongous regions: 5->5
[2024-08-28T13:09:38.440+0000][info][gc,metaspace] GC(345) Metaspace: 100K(320K)->100K(320K) NonClass: 96K(192K)->96K(192K) Class: 4K(128K)->4K(128K)
[2024-08-28T13:09:38.440+0000][info][gc          ] GC(345) Pause Young (Prepare Mixed) (G1 Evacuation Pause) 1443M->1453M(2048M) 14.565ms
[2024-08-28T13:09:38.441+0000][info][gc,cpu      ] GC(345) User=0.65s Sys=0.00s Real=0.02s
[2024-08-28T13:09:38.494+0000][info][gc,start    ] GC(346) Pause Young (Mixed) (G1 Evacuation Pause)
[2024-08-28T13:09:38.494+0000][info][gc,task     ] GC(346) Using 49 workers of 68 for evacuation
[2024-08-28T13:09:38.510+0000][info][gc,phases   ] GC(346)   Pre Evacuate Collection Set: 0.4ms
[2024-08-28T13:09:38.510+0000][info][gc,phases   ] GC(346)   Merge Heap Roots: 0.7ms
[2024-08-28T13:09:38.510+0000][info][gc,phases   ] GC(346)   Evacuate Collection Set: 13.5ms
[2024-08-28T13:09:38.510+0000][info][gc,phases   ] GC(346)   Post Evacuate Collection Set: 0.6ms
[2024-08-28T13:09:38.510+0000][info][gc,phases   ] GC(346)   Other: 0.3ms
[2024-08-28T13:09:38.510+0000][info][gc,heap     ] GC(346) Eden regions: 89->0(89)
[2024-08-28T13:09:38.510+0000][info][gc,heap     ] GC(346) Survivor regions: 13->13(13)
[2024-08-28T13:09:38.510+0000][info][gc,heap     ] GC(346) Old regions: 1435->1324
[2024-08-28T13:09:38.510+0000][info][gc,heap     ] GC(346) Archive regions: 2->2
[2024-08-28T13:09:38.510+0000][info][gc,heap     ] GC(346) Humongous regions: 5->5
[2024-08-28T13:09:38.510+0000][info][gc,metaspace] GC(346) Metaspace: 100K(320K)->100K(320K) NonClass: 96K(192K)->96K(192K) Class: 4K(128K)->4K(128K)
[2024-08-28T13:09:38.510+0000][info][gc          ] GC(346) Pause Young (Mixed) (G1 Evacuation Pause) 1542M->1342M(2048M) 15.544ms
[2024-08-28T13:09:38.510+0000][info][gc,cpu      ] GC(346) User=0.69s Sys=0.00s Real=0.02s
[2024-08-28T13:09:38.566+0000][info][gc,start    ] GC(347) Pause Young (Mixed) (G1 Evacuation Pause)
[2024-08-28T13:09:38.566+0000][info][gc,task     ] GC(347) Using 49 workers of 68 for evacuation
[2024-08-28T13:09:38.581+0000][info][gc,phases   ] GC(347)   Pre Evacuate Collection Set: 0.4ms
[2024-08-28T13:09:38.581+0000][info][gc,phases   ] GC(347)   Merge Heap Roots: 0.5ms
[2024-08-28T13:09:38.581+0000][info][gc,phases   ] GC(347)   Evacuate Collection Set: 13.0ms
[2024-08-28T13:09:38.581+0000][info][gc,phases   ] GC(347)   Post Evacuate Collection Set: 0.6ms
[2024-08-28T13:09:38.581+0000][info][gc,phases   ] GC(347)   Other: 0.3ms
[2024-08-28T13:09:38.581+0000][info][gc,heap     ] GC(347) Eden regions: 89->0(89)
[2024-08-28T13:09:38.581+0000][info][gc,heap     ] GC(347) Survivor regions: 13->13(13)
[2024-08-28T13:09:38.581+0000][info][gc,heap     ] GC(347) Old regions: 1324->1212
[2024-08-28T13:09:38.581+0000][info][gc,heap     ] GC(347) Archive regions: 2->2
[2024-08-28T13:09:38.581+0000][info][gc,heap     ] GC(347) Humongous regions: 5->5
[2024-08-28T13:09:38.581+0000][info][gc,metaspace] GC(347) Metaspace: 100K(320K)->100K(320K) NonClass: 96K(192K)->96K(192K) Class: 4K(128K)->4K(128K)
[2024-08-28T13:09:38.581+0000][info][gc          ] GC(347) Pause Young (Mixed) (G1 Evacuation Pause) 1431M->1230M(2048M) 14.870ms
[2024-08-28T13:09:38.581+0000][info][gc,cpu      ] GC(347) User=0.65s Sys=0.00s Real=0.02s
[2024-08-28T13:09:38.639+0000][info][gc,start    ] GC(348) Pause Young (Mixed) (G1 Evacuation Pause)
[2024-08-28T13:09:38.639+0000][info][gc,task     ] GC(348) Using 49 workers of 68 for evacuation
[2024-08-28T13:09:38.654+0000][info][gc,phases   ] GC(348)   Pre Evacuate Collection Set: 0.4ms
[2024-08-28T13:09:38.654+0000][info][gc,phases   ] GC(348)   Merge Heap Roots: 0.8ms
[2024-08-28T13:09:38.654+0000][info][gc,phases   ] GC(348)   Evacuate Collection Set: 13.3ms
[2024-08-28T13:09:38.654+0000][info][gc,phases   ] GC(348)   Post Evacuate Collection Set: 0.7ms
[2024-08-28T13:09:38.654+0000][info][gc,phases   ] GC(348)   Other: 0.2ms
[2024-08-28T13:09:38.654+0000][info][gc,heap     ] GC(348) Eden regions: 89->0(89)
[2024-08-28T13:09:38.654+0000][info][gc,heap     ] GC(348) Survivor regions: 13->13(13)
[2024-08-28T13:09:38.654+0000][info][gc,heap     ] GC(348) Old regions: 1212->1101
[2024-08-28T13:09:38.654+0000][info][gc,heap     ] GC(348) Archive regions: 2->2
[2024-08-28T13:09:38.654+0000][info][gc,heap     ] GC(348) Humongous regions: 5->5
[2024-08-28T13:09:38.654+0000][info][gc,metaspace] GC(348) Metaspace: 100K(320K)->100K(320K) NonClass: 96K(192K)->96K(192K) Class: 4K(128K)->4K(128K)
[2024-08-28T13:09:38.654+0000][info][gc          ] GC(348) Pause Young (Mixed) (G1 Evacuation Pause) 1319M->1119M(2048M) 15.515ms
[2024-08-28T13:09:38.654+0000][info][gc,cpu      ] GC(348) User=0.67s Sys=0.02s Real=0.01s
[2024-08-28T13:09:38.710+0000][info][gc,start    ] GC(349) Pause Young (Mixed) (G1 Evacuation Pause)
[2024-08-28T13:09:38.710+0000][info][gc,task     ] GC(349) Using 49 workers of 68 for evacuation
[2024-08-28T13:09:38.724+0000][info][gc,phases   ] GC(349)   Pre Evacuate Collection Set: 0.4ms
[2024-08-28T13:09:38.724+0000][info][gc,phases   ] GC(349)   Merge Heap Roots: 0.5ms
[2024-08-28T13:09:38.724+0000][info][gc,phases   ] GC(349)   Evacuate Collection Set: 12.6ms
[2024-08-28T13:09:38.724+0000][info][gc,phases   ] GC(349)   Post Evacuate Collection Set: 0.5ms
[2024-08-28T13:09:38.724+0000][info][gc,phases   ] GC(349)   Other: 0.2ms
[2024-08-28T13:09:38.724+0000][info][gc,heap     ] GC(349) Eden regions: 89->0(229)
[2024-08-28T13:09:38.724+0000][info][gc,heap     ] GC(349) Survivor regions: 13->13(13)
[2024-08-28T13:09:38.724+0000][info][gc,heap     ] GC(349) Old regions: 1101->1109
[2024-08-28T13:09:38.724+0000][info][gc,heap     ] GC(349) Archive regions: 2->2
[2024-08-28T13:09:38.724+0000][info][gc,heap     ] GC(349) Humongous regions: 5->5
[2024-08-28T13:09:38.724+0000][info][gc,metaspace] GC(349) Metaspace: 100K(320K)->100K(320K) NonClass: 96K(192K)->96K(192K) Class: 4K(128K)->4K(128K)
[2024-08-28T13:09:38.724+0000][info][gc          ] GC(349) Pause Young (Mixed) (G1 Evacuation Pause) 1208M->1127M(2048M) 14.218ms
[2024-08-28T13:09:38.724+0000][info][gc,cpu      ] GC(349) User=0.62s Sys=0.01s Real=0.01s
[2024-08-28T13:09:38.852+0000][info][gc,start    ] GC(350) Pause Young (Normal) (G1 Evacuation Pause)
[2024-08-28T13:09:38.852+0000][info][gc,task     ] GC(350) Using 49 workers of 68 for evacuation
[2024-08-28T13:09:38.880+0000][info][gc,phases   ] GC(350)   Pre Evacuate Collection Set: 0.3ms
[2024-08-28T13:09:38.880+0000][info][gc,phases   ] GC(350)   Merge Heap Roots: 0.8ms
[2024-08-28T13:09:38.880+0000][info][gc,phases   ] GC(350)   Evacuate Collection Set: 25.9ms
[2024-08-28T13:09:38.880+0000][info][gc,phases   ] GC(350)   Post Evacuate Collection Set: 0.6ms
[2024-08-28T13:09:38.880+0000][info][gc,phases   ] GC(350)   Other: 0.3ms
[2024-08-28T13:09:38.880+0000][info][gc,heap     ] GC(350) Eden regions: 229->0(156)
[2024-08-28T13:09:38.880+0000][info][gc,heap     ] GC(350) Survivor regions: 13->31(31)
[2024-08-28T13:09:38.880+0000][info][gc,heap     ] GC(350) Old regions: 1109->1316
[2024-08-28T13:09:38.880+0000][info][gc,heap     ] GC(350) Archive regions: 2->2
[2024-08-28T13:09:38.880+0000][info][gc,heap     ] GC(350) Humongous regions: 5->5
[2024-08-28T13:09:38.880+0000][info][gc,metaspace] GC(350) Metaspace: 100K(320K)->100K(320K) NonClass: 96K(192K)->96K(192K) Class: 4K(128K)->4K(128K)
[2024-08-28T13:09:38.880+0000][info][gc          ] GC(350) Pause Young (Normal) (G1 Evacuation Pause) 1356M->1352M(2048M) 27.955ms
[2024-08-28T13:09:38.880+0000][info][gc,cpu      ] GC(350) User=1.26s Sys=0.03s Real=0.03s
[2024-08-28T13:09:38.968+0000][info][gc,start    ] GC(351) Pause Young (Concurrent Start) (G1 Evacuation Pause)
[2024-08-28T13:09:38.969+0000][info][gc,task     ] GC(351) Using 49 workers of 68 for evacuation
[2024-08-28T13:09:38.994+0000][info][gc,phases   ] GC(351)   Pre Evacuate Collection Set: 0.3ms
[2024-08-28T13:09:38.994+0000][info][gc,phases   ] GC(351)   Merge Heap Roots: 0.6ms
[2024-08-28T13:09:38.994+0000][info][gc,phases   ] GC(351)   Evacuate Collection Set: 23.6ms
[2024-08-28T13:09:38.994+0000][info][gc,phases   ] GC(351)   Post Evacuate Collection Set: 0.6ms
[2024-08-28T13:09:38.994+0000][info][gc,phases   ] GC(351)   Other: 0.7ms
[2024-08-28T13:09:38.994+0000][info][gc,heap     ] GC(351) Eden regions: 156->0(103)
[2024-08-28T13:09:38.994+0000][info][gc,heap     ] GC(351) Survivor regions: 31->24(24)
[2024-08-28T13:09:38.994+0000][info][gc,heap     ] GC(351) Old regions: 1316->1486
[2024-08-28T13:09:38.994+0000][info][gc,heap     ] GC(351) Archive regions: 2->2
[2024-08-28T13:09:38.994+0000][info][gc,heap     ] GC(351) Humongous regions: 5->5
[2024-08-28T13:09:38.994+0000][info][gc,metaspace] GC(351) Metaspace: 100K(320K)->100K(320K) NonClass: 96K(192K)->96K(192K) Class: 4K(128K)->4K(128K)
[2024-08-28T13:09:38.994+0000][info][gc          ] GC(351) Pause Young (Concurrent Start) (G1 Evacuation Pause) 1508M->1515M(2048M) 25.912ms
[2024-08-28T13:09:38.994+0000][info][gc,cpu      ] GC(351) User=1.15s Sys=0.03s Real=0.03s
[2024-08-28T13:09:38.994+0000][info][gc          ] GC(352) Concurrent Mark Cycle
[2024-08-28T13:09:38.995+0000][info][gc,marking  ] GC(352) Concurrent Clear Claimed Marks
[2024-08-28T13:09:38.995+0000][info][gc,marking  ] GC(352) Concurrent Clear Claimed Marks 0.010ms
[2024-08-28T13:09:38.995+0000][info][gc,marking  ] GC(352) Concurrent Scan Root Regions
[2024-08-28T13:09:38.999+0000][info][gc,marking  ] GC(352) Concurrent Scan Root Regions 4.847ms
[2024-08-28T13:09:38.999+0000][info][gc,marking  ] GC(352) Concurrent Mark
[2024-08-28T13:09:38.999+0000][info][gc,marking  ] GC(352) Concurrent Mark From Roots
[2024-08-28T13:09:38.999+0000][info][gc,task     ] GC(352) Using 17 workers of 17 for marking
[2024-08-28T13:09:39.018+0000][info][gc,marking  ] GC(352) Concurrent Mark From Roots 18.770ms
[2024-08-28T13:09:39.018+0000][info][gc,marking  ] GC(352) Concurrent Preclean
[2024-08-28T13:09:39.019+0000][info][gc,marking  ] GC(352) Concurrent Preclean 0.504ms
[2024-08-28T13:09:39.019+0000][info][gc,start    ] GC(352) Pause Remark
[2024-08-28T13:09:39.021+0000][info][gc          ] GC(352) Pause Remark 1538M->1378M(2048M) 2.115ms
[2024-08-28T13:09:39.021+0000][info][gc,cpu      ] GC(352) User=0.02s Sys=0.00s Real=0.00s
[2024-08-28T13:09:39.021+0000][info][gc,marking  ] GC(352) Concurrent Mark 21.862ms
[2024-08-28T13:09:39.021+0000][info][gc,marking  ] GC(352) Concurrent Rebuild Remembered Sets
[2024-08-28T13:09:39.071+0000][info][gc,marking  ] GC(352) Concurrent Rebuild Remembered Sets 50.003ms
[2024-08-28T13:09:39.072+0000][info][gc,start    ] GC(352) Pause Cleanup
[2024-08-28T13:09:39.076+0000][info][gc          ] GC(352) Pause Cleanup 1436M->1436M(2048M) 4.221ms
[2024-08-28T13:09:39.076+0000][info][gc,cpu      ] GC(352) User=0.02s Sys=0.00s Real=0.00s
[2024-08-28T13:09:39.076+0000][info][gc,marking  ] GC(352) Concurrent Cleanup for Next Mark
[2024-08-28T13:09:39.078+0000][info][gc,marking  ] GC(352) Concurrent Cleanup for Next Mark 1.487ms
[2024-08-28T13:09:39.078+0000][info][gc          ] GC(352) Concurrent Mark Cycle 83.145ms
[2024-08-28T13:09:39.092+0000][info][gc,start    ] GC(353) Pause Young (Prepare Mixed) (G1 Evacuation Pause)
[2024-08-28T13:09:39.092+0000][info][gc,task     ] GC(353) Using 49 workers of 68 for evacuation
[2024-08-28T13:09:39.108+0000][info][gc,phases   ] GC(353)   Pre Evacuate Collection Set: 0.4ms
[2024-08-28T13:09:39.109+0000][info][gc,phases   ] GC(353)   Merge Heap Roots: 1.0ms
[2024-08-28T13:09:39.109+0000][info][gc,phases   ] GC(353)   Evacuate Collection Set: 14.8ms
[2024-08-28T13:09:39.109+0000][info][gc,phases   ] GC(353)   Post Evacuate Collection Set: 0.5ms
[2024-08-28T13:09:39.109+0000][info][gc,phases   ] GC(353)   Other: 0.2ms
[2024-08-28T13:09:39.109+0000][info][gc,heap     ] GC(353) Eden regions: 103->0(86)
[2024-08-28T13:09:39.109+0000][info][gc,heap     ] GC(353) Survivor regions: 24->16(16)
[2024-08-28T13:09:39.109+0000][info][gc,heap     ] GC(353) Old regions: 1326->1445
[2024-08-28T13:09:39.109+0000][info][gc,heap     ] GC(353) Archive regions: 2->2
[2024-08-28T13:09:39.109+0000][info][gc,heap     ] GC(353) Humongous regions: 5->5
[2024-08-28T13:09:39.109+0000][info][gc,metaspace] GC(353) Metaspace: 100K(320K)->100K(320K) NonClass: 96K(192K)->96K(192K) Class: 4K(128K)->4K(128K)
[2024-08-28T13:09:39.109+0000][info][gc          ] GC(353) Pause Young (Prepare Mixed) (G1 Evacuation Pause) 1458M->1466M(2048M) 16.934ms
[2024-08-28T13:09:39.109+0000][info][gc,cpu      ] GC(353) User=0.76s Sys=0.00s Real=0.01s
[2024-08-28T13:09:39.157+0000][info][gc,start    ] GC(354) Pause Young (Mixed) (G1 Evacuation Pause)
[2024-08-28T13:09:39.157+0000][info][gc,task     ] GC(354) Using 49 workers of 68 for evacuation
[2024-08-28T13:09:39.172+0000][info][gc,phases   ] GC(354)   Pre Evacuate Collection Set: 0.4ms
[2024-08-28T13:09:39.172+0000][info][gc,phases   ] GC(354)   Merge Heap Roots: 0.5ms
[2024-08-28T13:09:39.172+0000][info][gc,phases   ] GC(354)   Evacuate Collection Set: 13.9ms
[2024-08-28T13:09:39.172+0000][info][gc,phases   ] GC(354)   Post Evacuate Collection Set: 0.6ms
[2024-08-28T13:09:39.172+0000][info][gc,phases   ] GC(354)   Other: 0.2ms
[2024-08-28T13:09:39.172+0000][info][gc,heap     ] GC(354) Eden regions: 86->0(89)
[2024-08-28T13:09:39.172+0000][info][gc,heap     ] GC(354) Survivor regions: 16->13(13)
[2024-08-28T13:09:39.172+0000][info][gc,heap     ] GC(354) Old regions: 1445->1338
[2024-08-28T13:09:39.172+0000][info][gc,heap     ] GC(354) Archive regions: 2->2
[2024-08-28T13:09:39.172+0000][info][gc,heap     ] GC(354) Humongous regions: 5->5
[2024-08-28T13:09:39.172+0000][info][gc,metaspace] GC(354) Metaspace: 100K(320K)->100K(320K) NonClass: 96K(192K)->96K(192K) Class: 4K(128K)->4K(128K)
[2024-08-28T13:09:39.172+0000][info][gc          ] GC(354) Pause Young (Mixed) (G1 Evacuation Pause) 1552M->1356M(2048M) 15.618ms
[2024-08-28T13:09:39.172+0000][info][gc,cpu      ] GC(354) User=0.70s Sys=0.00s Real=0.02s
[2024-08-28T13:09:39.224+0000][info][gc,start    ] GC(355) Pause Young (Mixed) (G1 Evacuation Pause)
[2024-08-28T13:09:39.224+0000][info][gc,task     ] GC(355) Using 49 workers of 68 for evacuation
[2024-08-28T13:09:39.239+0000][info][gc,phases   ] GC(355)   Pre Evacuate Collection Set: 0.5ms
[2024-08-28T13:09:39.239+0000][info][gc,phases   ] GC(355)   Merge Heap Roots: 0.7ms
[2024-08-28T13:09:39.239+0000][info][gc,phases   ] GC(355)   Evacuate Collection Set: 12.7ms
[2024-08-28T13:09:39.239+0000][info][gc,phases   ] GC(355)   Post Evacuate Collection Set: 0.6ms
[2024-08-28T13:09:39.239+0000][info][gc,phases   ] GC(355)   Other: 0.3ms
[2024-08-28T13:09:39.239+0000][info][gc,heap     ] GC(355) Eden regions: 89->0(89)
[2024-08-28T13:09:39.239+0000][info][gc,heap     ] GC(355) Survivor regions: 13->13(13)
[2024-08-28T13:09:39.239+0000][info][gc,heap     ] GC(355) Old regions: 1338->1227
[2024-08-28T13:09:39.239+0000][info][gc,heap     ] GC(355) Archive regions: 2->2
[2024-08-28T13:09:39.239+0000][info][gc,heap     ] GC(355) Humongous regions: 5->5
[2024-08-28T13:09:39.239+0000][info][gc,metaspace] GC(355) Metaspace: 100K(320K)->100K(320K) NonClass: 96K(192K)->96K(192K) Class: 4K(128K)->4K(128K)
[2024-08-28T13:09:39.239+0000][info][gc          ] GC(355) Pause Young (Mixed) (G1 Evacuation Pause) 1445M->1245M(2048M) 14.929ms
[2024-08-28T13:09:39.239+0000][info][gc,cpu      ] GC(355) User=0.64s Sys=0.01s Real=0.02s
[2024-08-28T13:09:39.290+0000][info][gc,start    ] GC(356) Pause Young (Mixed) (G1 Evacuation Pause)
[2024-08-28T13:09:39.290+0000][info][gc,task     ] GC(356) Using 49 workers of 68 for evacuation
[2024-08-28T13:09:39.304+0000][info][gc,phases   ] GC(356)   Pre Evacuate Collection Set: 0.5ms
[2024-08-28T13:09:39.304+0000][info][gc,phases   ] GC(356)   Merge Heap Roots: 0.5ms
[2024-08-28T13:09:39.304+0000][info][gc,phases   ] GC(356)   Evacuate Collection Set: 12.3ms
[2024-08-28T13:09:39.304+0000][info][gc,phases   ] GC(356)   Post Evacuate Collection Set: 0.6ms
[2024-08-28T13:09:39.304+0000][info][gc,phases   ] GC(356)   Other: 0.3ms
[2024-08-28T13:09:39.304+0000][info][gc,heap     ] GC(356) Eden regions: 89->0(89)
[2024-08-28T13:09:39.304+0000][info][gc,heap     ] GC(356) Survivor regions: 13->13(13)
[2024-08-28T13:09:39.304+0000][info][gc,heap     ] GC(356) Old regions: 1227->1115
[2024-08-28T13:09:39.304+0000][info][gc,heap     ] GC(356) Archive regions: 2->2
[2024-08-28T13:09:39.304+0000][info][gc,heap     ] GC(356) Humongous regions: 5->5
[2024-08-28T13:09:39.304+0000][info][gc,metaspace] GC(356) Metaspace: 100K(320K)->100K(320K) NonClass: 96K(192K)->96K(192K) Class: 4K(128K)->4K(128K)
[2024-08-28T13:09:39.304+0000][info][gc          ] GC(356) Pause Young (Mixed) (G1 Evacuation Pause) 1334M->1133M(2048M) 14.286ms
[2024-08-28T13:09:39.304+0000][info][gc,cpu      ] GC(356) User=0.62s Sys=0.00s Real=0.01s
[2024-08-28T13:09:39.359+0000][info][gc,start    ] GC(357) Pause Young (Mixed) (G1 Evacuation Pause)
[2024-08-28T13:09:39.359+0000][info][gc,task     ] GC(357) Using 49 workers of 68 for evacuation
[2024-08-28T13:09:39.373+0000][info][gc,phases   ] GC(357)   Pre Evacuate Collection Set: 0.4ms
[2024-08-28T13:09:39.373+0000][info][gc,phases   ] GC(357)   Merge Heap Roots: 0.8ms
[2024-08-28T13:09:39.373+0000][info][gc,phases   ] GC(357)   Evacuate Collection Set: 12.3ms
[2024-08-28T13:09:39.373+0000][info][gc,phases   ] GC(357)   Post Evacuate Collection Set: 0.5ms
[2024-08-28T13:09:39.373+0000][info][gc,phases   ] GC(357)   Other: 0.2ms
[2024-08-28T13:09:39.373+0000][info][gc,heap     ] GC(357) Eden regions: 89->0(219)
[2024-08-28T13:09:39.373+0000][info][gc,heap     ] GC(357) Survivor regions: 13->13(13)
[2024-08-28T13:09:39.373+0000][info][gc,heap     ] GC(357) Old regions: 1115->1140
[2024-08-28T13:09:39.373+0000][info][gc,heap     ] GC(357) Archive regions: 2->2
[2024-08-28T13:09:39.373+0000][info][gc,heap     ] GC(357) Humongous regions: 5->5
[2024-08-28T13:09:39.373+0000][info][gc,metaspace] GC(357) Metaspace: 100K(320K)->100K(320K) NonClass: 96K(192K)->96K(192K) Class: 4K(128K)->4K(128K)
[2024-08-28T13:09:39.374+0000][info][gc          ] GC(357) Pause Young (Mixed) (G1 Evacuation Pause) 1222M->1158M(2048M) 14.251ms
[2024-08-28T13:09:39.374+0000][info][gc,cpu      ] GC(357) User=0.62s Sys=0.02s Real=0.01s
[2024-08-28T13:09:39.508+0000][info][gc,start    ] GC(358) Pause Young (Normal) (G1 Evacuation Pause)
[2024-08-28T13:09:39.508+0000][info][gc,task     ] GC(358) Using 49 workers of 68 for evacuation
[2024-08-28T13:09:39.535+0000][info][gc,phases   ] GC(358)   Pre Evacuate Collection Set: 0.3ms
[2024-08-28T13:09:39.535+0000][info][gc,phases   ] GC(358)   Merge Heap Roots: 1.2ms
[2024-08-28T13:09:39.535+0000][info][gc,phases   ] GC(358)   Evacuate Collection Set: 24.5ms
[2024-08-28T13:09:39.535+0000][info][gc,phases   ] GC(358)   Post Evacuate Collection Set: 0.6ms
[2024-08-28T13:09:39.535+0000][info][gc,phases   ] GC(358)   Other: 0.2ms
[2024-08-28T13:09:39.535+0000][info][gc,heap     ] GC(358) Eden regions: 219->0(150)
[2024-08-28T13:09:39.535+0000][info][gc,heap     ] GC(358) Survivor regions: 13->29(29)
[2024-08-28T13:09:39.535+0000][info][gc,heap     ] GC(358) Old regions: 1140->1339
[2024-08-28T13:09:39.535+0000][info][gc,heap     ] GC(358) Archive regions: 2->2
[2024-08-28T13:09:39.535+0000][info][gc,heap     ] GC(358) Humongous regions: 5->5
[2024-08-28T13:09:39.535+0000][info][gc,metaspace] GC(358) Metaspace: 100K(320K)->100K(320K) NonClass: 96K(192K)->96K(192K) Class: 4K(128K)->4K(128K)
[2024-08-28T13:09:39.535+0000][info][gc          ] GC(358) Pause Young (Normal) (G1 Evacuation Pause) 1377M->1373M(2048M) 26.844ms
[2024-08-28T13:09:39.535+0000][info][gc,cpu      ] GC(358) User=1.23s Sys=0.01s Real=0.03s
[2024-08-28T13:09:39.628+0000][info][gc,start    ] GC(359) Pause Young (Concurrent Start) (G1 Evacuation Pause)
[2024-08-28T13:09:39.628+0000][info][gc,task     ] GC(359) Using 49 workers of 68 for evacuation
[2024-08-28T13:09:39.653+0000][info][gc,phases   ] GC(359)   Pre Evacuate Collection Set: 0.2ms
[2024-08-28T13:09:39.653+0000][info][gc,phases   ] GC(359)   Merge Heap Roots: 0.6ms
[2024-08-28T13:09:39.653+0000][info][gc,phases   ] GC(359)   Evacuate Collection Set: 22.7ms
[2024-08-28T13:09:39.653+0000][info][gc,phases   ] GC(359)   Post Evacuate Collection Set: 0.6ms
[2024-08-28T13:09:39.653+0000][info][gc,phases   ] GC(359)   Other: 0.7ms
[2024-08-28T13:09:39.653+0000][info][gc,heap     ] GC(359) Eden regions: 150->0(100)
[2024-08-28T13:09:39.653+0000][info][gc,heap     ] GC(359) Survivor regions: 29->23(23)
[2024-08-28T13:09:39.653+0000][info][gc,heap     ] GC(359) Old regions: 1339->1499
[2024-08-28T13:09:39.653+0000][info][gc,heap     ] GC(359) Archive regions: 2->2
[2024-08-28T13:09:39.653+0000][info][gc,heap     ] GC(359) Humongous regions: 5->5
[2024-08-28T13:09:39.653+0000][info][gc,metaspace] GC(359) Metaspace: 100K(320K)->100K(320K) NonClass: 96K(192K)->96K(192K) Class: 4K(128K)->4K(128K)
[2024-08-28T13:09:39.653+0000][info][gc          ] GC(359) Pause Young (Concurrent Start) (G1 Evacuation Pause) 1523M->1527M(2048M) 24.825ms
[2024-08-28T13:09:39.653+0000][info][gc,cpu      ] GC(359) User=1.03s Sys=0.10s Real=0.03s
[2024-08-28T13:09:39.653+0000][info][gc          ] GC(360) Concurrent Mark Cycle
[2024-08-28T13:09:39.653+0000][info][gc,marking  ] GC(360) Concurrent Clear Claimed Marks
[2024-08-28T13:09:39.653+0000][info][gc,marking  ] GC(360) Concurrent Clear Claimed Marks 0.010ms
[2024-08-28T13:09:39.653+0000][info][gc,marking  ] GC(360) Concurrent Scan Root Regions
[2024-08-28T13:09:39.658+0000][info][gc,marking  ] GC(360) Concurrent Scan Root Regions 4.499ms
[2024-08-28T13:09:39.658+0000][info][gc,marking  ] GC(360) Concurrent Mark
[2024-08-28T13:09:39.658+0000][info][gc,marking  ] GC(360) Concurrent Mark From Roots
[2024-08-28T13:09:39.658+0000][info][gc,task     ] GC(360) Using 17 workers of 17 for marking
[2024-08-28T13:09:39.675+0000][info][gc,marking  ] GC(360) Concurrent Mark From Roots 17.833ms
[2024-08-28T13:09:39.676+0000][info][gc,marking  ] GC(360) Concurrent Preclean
[2024-08-28T13:09:39.677+0000][info][gc,marking  ] GC(360) Concurrent Preclean 1.055ms
[2024-08-28T13:09:39.677+0000][info][gc,start    ] GC(360) Pause Remark
[2024-08-28T13:09:39.679+0000][info][gc          ] GC(360) Pause Remark 1548M->1367M(2048M) 1.817ms
[2024-08-28T13:09:39.679+0000][info][gc,cpu      ] GC(360) User=0.01s Sys=0.00s Real=0.01s
[2024-08-28T13:09:39.679+0000][info][gc,marking  ] GC(360) Concurrent Mark 21.124ms
[2024-08-28T13:09:39.679+0000][info][gc,marking  ] GC(360) Concurrent Rebuild Remembered Sets
[2024-08-28T13:09:39.725+0000][info][gc,marking  ] GC(360) Concurrent Rebuild Remembered Sets 46.520ms
[2024-08-28T13:09:39.726+0000][info][gc,start    ] GC(360) Pause Cleanup
[2024-08-28T13:09:39.729+0000][info][gc          ] GC(360) Pause Cleanup 1419M->1419M(2048M) 3.335ms
[2024-08-28T13:09:39.729+0000][info][gc,cpu      ] GC(360) User=0.01s Sys=0.00s Real=0.00s
[2024-08-28T13:09:39.729+0000][info][gc,marking  ] GC(360) Concurrent Cleanup for Next Mark
[2024-08-28T13:09:39.731+0000][info][gc,marking  ] GC(360) Concurrent Cleanup for Next Mark 1.489ms
[2024-08-28T13:09:39.731+0000][info][gc          ] GC(360) Concurrent Mark Cycle 77.645ms
[2024-08-28T13:09:39.748+0000][info][gc,start    ] GC(361) Pause Young (Prepare Mixed) (G1 Evacuation Pause)
[2024-08-28T13:09:39.748+0000][info][gc,task     ] GC(361) Using 49 workers of 68 for evacuation
[2024-08-28T13:09:39.764+0000][info][gc,phases   ] GC(361)   Pre Evacuate Collection Set: 0.2ms
[2024-08-28T13:09:39.764+0000][info][gc,phases   ] GC(361)   Merge Heap Roots: 0.6ms
[2024-08-28T13:09:39.764+0000][info][gc,phases   ] GC(361)   Evacuate Collection Set: 15.2ms
[2024-08-28T13:09:39.764+0000][info][gc,phases   ] GC(361)   Post Evacuate Collection Set: 0.6ms
[2024-08-28T13:09:39.764+0000][info][gc,phases   ] GC(361)   Other: 0.2ms
[2024-08-28T13:09:39.764+0000][info][gc,heap     ] GC(361) Eden regions: 100->0(86)
[2024-08-28T13:09:39.764+0000][info][gc,heap     ] GC(361) Survivor regions: 23->16(16)
[2024-08-28T13:09:39.764+0000][info][gc,heap     ] GC(361) Old regions: 1318->1432
[2024-08-28T13:09:39.764+0000][info][gc,heap     ] GC(361) Archive regions: 2->2
[2024-08-28T13:09:39.764+0000][info][gc,heap     ] GC(361) Humongous regions: 5->5
[2024-08-28T13:09:39.764+0000][info][gc,metaspace] GC(361) Metaspace: 100K(320K)->100K(320K) NonClass: 96K(192K)->96K(192K) Class: 4K(128K)->4K(128K)
[2024-08-28T13:09:39.764+0000][info][gc          ] GC(361) Pause Young (Prepare Mixed) (G1 Evacuation Pause) 1446M->1453M(2048M) 16.872ms
[2024-08-28T13:09:39.764+0000][info][gc,cpu      ] GC(361) User=0.76s Sys=0.00s Real=0.02s
[2024-08-28T13:09:39.811+0000][info][gc,start    ] GC(362) Pause Young (Mixed) (G1 Evacuation Pause)
[2024-08-28T13:09:39.811+0000][info][gc,task     ] GC(362) Using 49 workers of 68 for evacuation
[2024-08-28T13:09:39.826+0000][info][gc,phases   ] GC(362)   Pre Evacuate Collection Set: 0.3ms
[2024-08-28T13:09:39.826+0000][info][gc,phases   ] GC(362)   Merge Heap Roots: 0.8ms
[2024-08-28T13:09:39.826+0000][info][gc,phases   ] GC(362)   Evacuate Collection Set: 13.0ms
[2024-08-28T13:09:39.826+0000][info][gc,phases   ] GC(362)   Post Evacuate Collection Set: 0.7ms
[2024-08-28T13:09:39.826+0000][info][gc,phases   ] GC(362)   Other: 0.3ms
[2024-08-28T13:09:39.826+0000][info][gc,heap     ] GC(362) Eden regions: 86->0(89)
[2024-08-28T13:09:39.826+0000][info][gc,heap     ] GC(362) Survivor regions: 16->13(13)
[2024-08-28T13:09:39.826+0000][info][gc,heap     ] GC(362) Old regions: 1432->1325
[2024-08-28T13:09:39.826+0000][info][gc,heap     ] GC(362) Archive regions: 2->2
[2024-08-28T13:09:39.826+0000][info][gc,heap     ] GC(362) Humongous regions: 5->5
[2024-08-28T13:09:39.826+0000][info][gc,metaspace] GC(362) Metaspace: 100K(320K)->100K(320K) NonClass: 96K(192K)->96K(192K) Class: 4K(128K)->4K(128K)
[2024-08-28T13:09:39.826+0000][info][gc          ] GC(362) Pause Young (Mixed) (G1 Evacuation Pause) 1539M->1343M(2048M) 15.176ms
[2024-08-28T13:09:39.826+0000][info][gc,cpu      ] GC(362) User=0.67s Sys=0.00s Real=0.01s
[2024-08-28T13:09:39.876+0000][info][gc,start    ] GC(363) Pause Young (Mixed) (G1 Evacuation Pause)
[2024-08-28T13:09:39.876+0000][info][gc,task     ] GC(363) Using 49 workers of 68 for evacuation
[2024-08-28T13:09:39.891+0000][info][gc,phases   ] GC(363)   Pre Evacuate Collection Set: 0.4ms
[2024-08-28T13:09:39.891+0000][info][gc,phases   ] GC(363)   Merge Heap Roots: 0.5ms
[2024-08-28T13:09:39.891+0000][info][gc,phases   ] GC(363)   Evacuate Collection Set: 13.1ms
[2024-08-28T13:09:39.891+0000][info][gc,phases   ] GC(363)   Post Evacuate Collection Set: 0.7ms
[2024-08-28T13:09:39.891+0000][info][gc,phases   ] GC(363)   Other: 0.3ms
[2024-08-28T13:09:39.891+0000][info][gc,heap     ] GC(363) Eden regions: 89->0(89)
[2024-08-28T13:09:39.891+0000][info][gc,heap     ] GC(363) Survivor regions: 13->13(13)
[2024-08-28T13:09:39.891+0000][info][gc,heap     ] GC(363) Old regions: 1325->1214
[2024-08-28T13:09:39.891+0000][info][gc,heap     ] GC(363) Archive regions: 2->2
[2024-08-28T13:09:39.891+0000][info][gc,heap     ] GC(363) Humongous regions: 5->5
[2024-08-28T13:09:39.891+0000][info][gc,metaspace] GC(363) Metaspace: 100K(320K)->100K(320K) NonClass: 96K(192K)->96K(192K) Class: 4K(128K)->4K(128K)
[2024-08-28T13:09:39.891+0000][info][gc          ] GC(363) Pause Young (Mixed) (G1 Evacuation Pause) 1432M->1232M(2048M) 15.079ms
[2024-08-28T13:09:39.891+0000][info][gc,cpu      ] GC(363) User=0.66s Sys=0.00s Real=0.02s
[2024-08-28T13:09:39.941+0000][info][gc,start    ] GC(364) Pause Young (Mixed) (G1 Evacuation Pause)
[2024-08-28T13:09:39.941+0000][info][gc,task     ] GC(364) Using 49 workers of 68 for evacuation
[2024-08-28T13:09:39.956+0000][info][gc,phases   ] GC(364)   Pre Evacuate Collection Set: 0.4ms
[2024-08-28T13:09:39.957+0000][info][gc,phases   ] GC(364)   Merge Heap Roots: 0.9ms
[2024-08-28T13:09:39.957+0000][info][gc,phases   ] GC(364)   Evacuate Collection Set: 12.9ms
[2024-08-28T13:09:39.957+0000][info][gc,phases   ] GC(364)   Post Evacuate Collection Set: 0.7ms
[2024-08-28T13:09:39.957+0000][info][gc,phases   ] GC(364)   Other: 0.4ms
[2024-08-28T13:09:39.957+0000][info][gc,heap     ] GC(364) Eden regions: 89->0(89)
[2024-08-28T13:09:39.957+0000][info][gc,heap     ] GC(364) Survivor regions: 13->13(13)
[2024-08-28T13:09:39.957+0000][info][gc,heap     ] GC(364) Old regions: 1214->1103
[2024-08-28T13:09:39.957+0000][info][gc,heap     ] GC(364) Archive regions: 2->2
[2024-08-28T13:09:39.957+0000][info][gc,heap     ] GC(364) Humongous regions: 5->5
[2024-08-28T13:09:39.957+0000][info][gc,metaspace] GC(364) Metaspace: 100K(320K)->100K(320K) NonClass: 96K(192K)->96K(192K) Class: 4K(128K)->4K(128K)
[2024-08-28T13:09:39.957+0000][info][gc          ] GC(364) Pause Young (Mixed) (G1 Evacuation Pause) 1321M->1121M(2048M) 15.375ms
[2024-08-28T13:09:39.957+0000][info][gc,cpu      ] GC(364) User=0.67s Sys=0.00s Real=0.01s
[2024-08-28T13:09:40.007+0000][info][gc,start    ] GC(365) Pause Young (Mixed) (G1 Evacuation Pause)
[2024-08-28T13:09:40.007+0000][info][gc,task     ] GC(365) Using 49 workers of 68 for evacuation
[2024-08-28T13:09:40.021+0000][info][gc,phases   ] GC(365)   Pre Evacuate Collection Set: 0.3ms
[2024-08-28T13:09:40.021+0000][info][gc,phases   ] GC(365)   Merge Heap Roots: 0.5ms
[2024-08-28T13:09:40.021+0000][info][gc,phases   ] GC(365)   Evacuate Collection Set: 12.3ms
[2024-08-28T13:09:40.021+0000][info][gc,phases   ] GC(365)   Post Evacuate Collection Set: 0.6ms
[2024-08-28T13:09:40.021+0000][info][gc,phases   ] GC(365)   Other: 0.3ms
[2024-08-28T13:09:40.021+0000][info][gc,heap     ] GC(365) Eden regions: 89->0(225)
[2024-08-28T13:09:40.021+0000][info][gc,heap     ] GC(365) Survivor regions: 13->13(13)
[2024-08-28T13:09:40.021+0000][info][gc,heap     ] GC(365) Old regions: 1103->1122
[2024-08-28T13:09:40.021+0000][info][gc,heap     ] GC(365) Archive regions: 2->2
[2024-08-28T13:09:40.021+0000][info][gc,heap     ] GC(365) Humongous regions: 5->5
[2024-08-28T13:09:40.021+0000][info][gc,metaspace] GC(365) Metaspace: 100K(320K)->100K(320K) NonClass: 96K(192K)->96K(192K) Class: 4K(128K)->4K(128K)
[2024-08-28T13:09:40.021+0000][info][gc          ] GC(365) Pause Young (Mixed) (G1 Evacuation Pause) 1210M->1140M(2048M) 14.195ms
[2024-08-28T13:09:40.021+0000][info][gc,cpu      ] GC(365) User=0.61s Sys=0.00s Real=0.02s
[2024-08-28T13:09:40.148+0000][info][gc,start    ] GC(366) Pause Young (Normal) (G1 Evacuation Pause)
[2024-08-28T13:09:40.148+0000][info][gc,task     ] GC(366) Using 49 workers of 68 for evacuation
[2024-08-28T13:09:40.176+0000][info][gc,phases   ] GC(366)   Pre Evacuate Collection Set: 0.2ms
[2024-08-28T13:09:40.176+0000][info][gc,phases   ] GC(366)   Merge Heap Roots: 0.8ms
[2024-08-28T13:09:40.176+0000][info][gc,phases   ] GC(366)   Evacuate Collection Set: 25.6ms
[2024-08-28T13:09:40.176+0000][info][gc,phases   ] GC(366)   Post Evacuate Collection Set: 0.6ms
[2024-08-28T13:09:40.176+0000][info][gc,phases   ] GC(366)   Other: 0.2ms
[2024-08-28T13:09:40.176+0000][info][gc,heap     ] GC(366) Eden regions: 225->0(153)
[2024-08-28T13:09:40.176+0000][info][gc,heap     ] GC(366) Survivor regions: 13->30(30)
[2024-08-28T13:09:40.176+0000][info][gc,heap     ] GC(366) Old regions: 1122->1326
[2024-08-28T13:09:40.176+0000][info][gc,heap     ] GC(366) Archive regions: 2->2
[2024-08-28T13:09:40.176+0000][info][gc,heap     ] GC(366) Humongous regions: 5->5
[2024-08-28T13:09:40.176+0000][info][gc,metaspace] GC(366) Metaspace: 100K(320K)->100K(320K) NonClass: 96K(192K)->96K(192K) Class: 4K(128K)->4K(128K)
[2024-08-28T13:09:40.176+0000][info][gc          ] GC(366) Pause Young (Normal) (G1 Evacuation Pause) 1365M->1361M(2048M) 27.465ms
[2024-08-28T13:09:40.176+0000][info][gc,cpu      ] GC(366) User=1.24s Sys=0.03s Real=0.03s
[2024-08-28T13:09:40.261+0000][info][gc,start    ] GC(367) Pause Young (Concurrent Start) (G1 Evacuation Pause)
[2024-08-28T13:09:40.261+0000][info][gc,task     ] GC(367) Using 49 workers of 68 for evacuation
[2024-08-28T13:09:40.286+0000][info][gc,phases   ] GC(367)   Pre Evacuate Collection Set: 0.2ms
[2024-08-28T13:09:40.286+0000][info][gc,phases   ] GC(367)   Merge Heap Roots: 0.6ms
[2024-08-28T13:09:40.286+0000][info][gc,phases   ] GC(367)   Evacuate Collection Set: 22.7ms
[2024-08-28T13:09:40.286+0000][info][gc,phases   ] GC(367)   Post Evacuate Collection Set: 0.6ms
[2024-08-28T13:09:40.286+0000][info][gc,phases   ] GC(367)   Other: 0.8ms
[2024-08-28T13:09:40.286+0000][info][gc,heap     ] GC(367) Eden regions: 153->0(103)
[2024-08-28T13:09:40.286+0000][info][gc,heap     ] GC(367) Survivor regions: 30->23(23)
[2024-08-28T13:09:40.286+0000][info][gc,heap     ] GC(367) Old regions: 1326->1490
[2024-08-28T13:09:40.286+0000][info][gc,heap     ] GC(367) Archive regions: 2->2
[2024-08-28T13:09:40.286+0000][info][gc,heap     ] GC(367) Humongous regions: 5->5
[2024-08-28T13:09:40.286+0000][info][gc,metaspace] GC(367) Metaspace: 100K(320K)->100K(320K) NonClass: 96K(192K)->96K(192K) Class: 4K(128K)->4K(128K)
[2024-08-28T13:09:40.286+0000][info][gc          ] GC(367) Pause Young (Concurrent Start) (G1 Evacuation Pause) 1514M->1518M(2048M) 24.992ms
[2024-08-28T13:09:40.286+0000][info][gc,cpu      ] GC(367) User=1.12s Sys=0.02s Real=0.02s
[2024-08-28T13:09:40.286+0000][info][gc          ] GC(368) Concurrent Mark Cycle
[2024-08-28T13:09:40.286+0000][info][gc,marking  ] GC(368) Concurrent Clear Claimed Marks
[2024-08-28T13:09:40.286+0000][info][gc,marking  ] GC(368) Concurrent Clear Claimed Marks 0.010ms
[2024-08-28T13:09:40.286+0000][info][gc,marking  ] GC(368) Concurrent Scan Root Regions
[2024-08-28T13:09:40.291+0000][info][gc,marking  ] GC(368) Concurrent Scan Root Regions 4.728ms
[2024-08-28T13:09:40.291+0000][info][gc,marking  ] GC(368) Concurrent Mark
[2024-08-28T13:09:40.291+0000][info][gc,marking  ] GC(368) Concurrent Mark From Roots
[2024-08-28T13:09:40.291+0000][info][gc,task     ] GC(368) Using 17 workers of 17 for marking
[2024-08-28T13:09:40.310+0000][info][gc,marking  ] GC(368) Concurrent Mark From Roots 18.496ms
[2024-08-28T13:09:40.310+0000][info][gc,marking  ] GC(368) Concurrent Preclean
[2024-08-28T13:09:40.310+0000][info][gc,marking  ] GC(368) Concurrent Preclean 0.504ms
[2024-08-28T13:09:40.310+0000][info][gc,start    ] GC(368) Pause Remark
[2024-08-28T13:09:40.313+0000][info][gc          ] GC(368) Pause Remark 1540M->1374M(2048M) 2.138ms
[2024-08-28T13:09:40.313+0000][info][gc,cpu      ] GC(368) User=0.02s Sys=0.00s Real=0.00s
[2024-08-28T13:09:40.313+0000][info][gc,marking  ] GC(368) Concurrent Mark 21.545ms
[2024-08-28T13:09:40.313+0000][info][gc,marking  ] GC(368) Concurrent Rebuild Remembered Sets
[2024-08-28T13:09:40.361+0000][info][gc,marking  ] GC(368) Concurrent Rebuild Remembered Sets 48.183ms
[2024-08-28T13:09:40.361+0000][info][gc,start    ] GC(368) Pause Cleanup
[2024-08-28T13:09:40.366+0000][info][gc          ] GC(368) Pause Cleanup 1431M->1431M(2048M) 4.517ms
[2024-08-28T13:09:40.366+0000][info][gc,cpu      ] GC(368) User=0.01s Sys=0.00s Real=0.00s
[2024-08-28T13:09:40.366+0000][info][gc,marking  ] GC(368) Concurrent Cleanup for Next Mark
[2024-08-28T13:09:40.368+0000][info][gc,marking  ] GC(368) Concurrent Cleanup for Next Mark 1.549ms
[2024-08-28T13:09:40.368+0000][info][gc          ] GC(368) Concurrent Mark Cycle 81.306ms
[2024-08-28T13:09:40.382+0000][info][gc,start    ] GC(369) Pause Young (Prepare Mixed) (G1 Evacuation Pause)
[2024-08-28T13:09:40.382+0000][info][gc,task     ] GC(369) Using 49 workers of 68 for evacuation
[2024-08-28T13:09:40.400+0000][info][gc,phases   ] GC(369)   Pre Evacuate Collection Set: 0.3ms
[2024-08-28T13:09:40.400+0000][info][gc,phases   ] GC(369)   Merge Heap Roots: 1.1ms
[2024-08-28T13:09:40.400+0000][info][gc,phases   ] GC(369)   Evacuate Collection Set: 15.1ms
[2024-08-28T13:09:40.400+0000][info][gc,phases   ] GC(369)   Post Evacuate Collection Set: 0.6ms
[2024-08-28T13:09:40.400+0000][info][gc,phases   ] GC(369)   Other: 0.2ms
[2024-08-28T13:09:40.400+0000][info][gc,heap     ] GC(369) Eden regions: 103->0(86)
[2024-08-28T13:09:40.400+0000][info][gc,heap     ] GC(369) Survivor regions: 23->16(16)
[2024-08-28T13:09:40.400+0000][info][gc,heap     ] GC(369) Old regions: 1324->1442
[2024-08-28T13:09:40.400+0000][info][gc,heap     ] GC(369) Archive regions: 2->2
[2024-08-28T13:09:40.400+0000][info][gc,heap     ] GC(369) Humongous regions: 5->5
[2024-08-28T13:09:40.400+0000][info][gc,metaspace] GC(369) Metaspace: 100K(320K)->100K(320K) NonClass: 96K(192K)->96K(192K) Class: 4K(128K)->4K(128K)
[2024-08-28T13:09:40.400+0000][info][gc          ] GC(369) Pause Young (Prepare Mixed) (G1 Evacuation Pause) 1455M->1463M(2048M) 17.430ms
[2024-08-28T13:09:40.400+0000][info][gc,cpu      ] GC(369) User=0.78s Sys=0.00s Real=0.02s
[2024-08-28T13:09:40.447+0000][info][gc,start    ] GC(370) Pause Young (Mixed) (G1 Evacuation Pause)
[2024-08-28T13:09:40.447+0000][info][gc,task     ] GC(370) Using 49 workers of 68 for evacuation
[2024-08-28T13:09:40.462+0000][info][gc,phases   ] GC(370)   Pre Evacuate Collection Set: 0.3ms
[2024-08-28T13:09:40.462+0000][info][gc,phases   ] GC(370)   Merge Heap Roots: 0.5ms
[2024-08-28T13:09:40.462+0000][info][gc,phases   ] GC(370)   Evacuate Collection Set: 12.9ms
[2024-08-28T13:09:40.462+0000][info][gc,phases   ] GC(370)   Post Evacuate Collection Set: 0.7ms
[2024-08-28T13:09:40.462+0000][info][gc,phases   ] GC(370)   Other: 0.2ms
[2024-08-28T13:09:40.462+0000][info][gc,heap     ] GC(370) Eden regions: 86->0(89)
[2024-08-28T13:09:40.462+0000][info][gc,heap     ] GC(370) Survivor regions: 16->13(13)
[2024-08-28T13:09:40.462+0000][info][gc,heap     ] GC(370) Old regions: 1442->1334
[2024-08-28T13:09:40.462+0000][info][gc,heap     ] GC(370) Archive regions: 2->2
[2024-08-28T13:09:40.462+0000][info][gc,heap     ] GC(370) Humongous regions: 5->5
[2024-08-28T13:09:40.462+0000][info][gc,metaspace] GC(370) Metaspace: 100K(320K)->100K(320K) NonClass: 96K(192K)->96K(192K) Class: 4K(128K)->4K(128K)
[2024-08-28T13:09:40.462+0000][info][gc          ] GC(370) Pause Young (Mixed) (G1 Evacuation Pause) 1549M->1352M(2048M) 14.792ms
[2024-08-28T13:09:40.462+0000][info][gc,cpu      ] GC(370) User=0.64s Sys=0.01s Real=0.02s
[2024-08-28T13:09:40.512+0000][info][gc,start    ] GC(371) Pause Young (Mixed) (G1 Evacuation Pause)
[2024-08-28T13:09:40.512+0000][info][gc,task     ] GC(371) Using 49 workers of 68 for evacuation
[2024-08-28T13:09:40.528+0000][info][gc,phases   ] GC(371)   Pre Evacuate Collection Set: 0.4ms
[2024-08-28T13:09:40.528+0000][info][gc,phases   ] GC(371)   Merge Heap Roots: 0.8ms
[2024-08-28T13:09:40.528+0000][info][gc,phases   ] GC(371)   Evacuate Collection Set: 13.3ms
[2024-08-28T13:09:40.528+0000][info][gc,phases   ] GC(371)   Post Evacuate Collection Set: 0.6ms
[2024-08-28T13:09:40.528+0000][info][gc,phases   ] GC(371)   Other: 0.2ms
[2024-08-28T13:09:40.528+0000][info][gc,heap     ] GC(371) Eden regions: 89->0(89)
[2024-08-28T13:09:40.528+0000][info][gc,heap     ] GC(371) Survivor regions: 13->13(13)
[2024-08-28T13:09:40.528+0000][info][gc,heap     ] GC(371) Old regions: 1334->1224
[2024-08-28T13:09:40.528+0000][info][gc,heap     ] GC(371) Archive regions: 2->2
[2024-08-28T13:09:40.528+0000][info][gc,heap     ] GC(371) Humongous regions: 5->5
[2024-08-28T13:09:40.528+0000][info][gc,metaspace] GC(371) Metaspace: 100K(320K)->100K(320K) NonClass: 96K(192K)->96K(192K) Class: 4K(128K)->4K(128K)
[2024-08-28T13:09:40.528+0000][info][gc          ] GC(371) Pause Young (Mixed) (G1 Evacuation Pause) 1441M->1242M(2048M) 15.358ms
[2024-08-28T13:09:40.528+0000][info][gc,cpu      ] GC(371) User=0.68s Sys=0.00s Real=0.01s
[2024-08-28T13:09:40.578+0000][info][gc,start    ] GC(372) Pause Young (Mixed) (G1 Evacuation Pause)
[2024-08-28T13:09:40.578+0000][info][gc,task     ] GC(372) Using 49 workers of 68 for evacuation
[2024-08-28T13:09:40.592+0000][info][gc,phases   ] GC(372)   Pre Evacuate Collection Set: 0.4ms
[2024-08-28T13:09:40.592+0000][info][gc,phases   ] GC(372)   Merge Heap Roots: 0.5ms
[2024-08-28T13:09:40.592+0000][info][gc,phases   ] GC(372)   Evacuate Collection Set: 12.3ms
[2024-08-28T13:09:40.592+0000][info][gc,phases   ] GC(372)   Post Evacuate Collection Set: 0.7ms
[2024-08-28T13:09:40.592+0000][info][gc,phases   ] GC(372)   Other: 0.3ms
[2024-08-28T13:09:40.592+0000][info][gc,heap     ] GC(372) Eden regions: 89->0(89)
[2024-08-28T13:09:40.592+0000][info][gc,heap     ] GC(372) Survivor regions: 13->13(13)
[2024-08-28T13:09:40.592+0000][info][gc,heap     ] GC(372) Old regions: 1224->1114
[2024-08-28T13:09:40.592+0000][info][gc,heap     ] GC(372) Archive regions: 2->2
[2024-08-28T13:09:40.592+0000][info][gc,heap     ] GC(372) Humongous regions: 5->5
[2024-08-28T13:09:40.592+0000][info][gc,metaspace] GC(372) Metaspace: 100K(320K)->100K(320K) NonClass: 96K(192K)->96K(192K) Class: 4K(128K)->4K(128K)
[2024-08-28T13:09:40.592+0000][info][gc          ] GC(372) Pause Young (Mixed) (G1 Evacuation Pause) 1331M->1132M(2048M) 14.308ms
[2024-08-28T13:09:40.592+0000][info][gc,cpu      ] GC(372) User=0.62s Sys=0.00s Real=0.01s
[2024-08-28T13:09:40.641+0000][info][gc,start    ] GC(373) Pause Young (Mixed) (G1 Evacuation Pause)
[2024-08-28T13:09:40.642+0000][info][gc,task     ] GC(373) Using 49 workers of 68 for evacuation
[2024-08-28T13:09:40.656+0000][info][gc,phases   ] GC(373)   Pre Evacuate Collection Set: 0.4ms
[2024-08-28T13:09:40.656+0000][info][gc,phases   ] GC(373)   Merge Heap Roots: 0.8ms
[2024-08-28T13:09:40.656+0000][info][gc,phases   ] GC(373)   Evacuate Collection Set: 12.5ms
[2024-08-28T13:09:40.656+0000][info][gc,phases   ] GC(373)   Post Evacuate Collection Set: 0.6ms
[2024-08-28T13:09:40.656+0000][info][gc,phases   ] GC(373)   Other: 0.3ms
[2024-08-28T13:09:40.656+0000][info][gc,heap     ] GC(373) Eden regions: 89->0(221)
[2024-08-28T13:09:40.656+0000][info][gc,heap     ] GC(373) Survivor regions: 13->13(13)
[2024-08-28T13:09:40.656+0000][info][gc,heap     ] GC(373) Old regions: 1114->1134
[2024-08-28T13:09:40.656+0000][info][gc,heap     ] GC(373) Archive regions: 2->2
[2024-08-28T13:09:40.656+0000][info][gc,heap     ] GC(373) Humongous regions: 5->5
[2024-08-28T13:09:40.656+0000][info][gc,metaspace] GC(373) Metaspace: 100K(320K)->100K(320K) NonClass: 96K(192K)->96K(192K) Class: 4K(128K)->4K(128K)
[2024-08-28T13:09:40.656+0000][info][gc          ] GC(373) Pause Young (Mixed) (G1 Evacuation Pause) 1221M->1152M(2048M) 14.547ms
[2024-08-28T13:09:40.656+0000][info][gc,cpu      ] GC(373) User=0.63s Sys=0.01s Real=0.01s
[2024-08-28T13:09:40.779+0000][info][gc,start    ] GC(374) Pause Young (Normal) (G1 Evacuation Pause)
[2024-08-28T13:09:40.779+0000][info][gc,task     ] GC(374) Using 49 workers of 68 for evacuation
[2024-08-28T13:09:40.807+0000][info][gc,phases   ] GC(374)   Pre Evacuate Collection Set: 0.3ms
[2024-08-28T13:09:40.807+0000][info][gc,phases   ] GC(374)   Merge Heap Roots: 1.0ms
[2024-08-28T13:09:40.807+0000][info][gc,phases   ] GC(374)   Evacuate Collection Set: 25.2ms
[2024-08-28T13:09:40.807+0000][info][gc,phases   ] GC(374)   Post Evacuate Collection Set: 0.7ms
[2024-08-28T13:09:40.807+0000][info][gc,phases   ] GC(374)   Other: 0.2ms
[2024-08-28T13:09:40.807+0000][info][gc,heap     ] GC(374) Eden regions: 221->0(151)
[2024-08-28T13:09:40.807+0000][info][gc,heap     ] GC(374) Survivor regions: 13->30(30)
[2024-08-28T13:09:40.807+0000][info][gc,heap     ] GC(374) Old regions: 1134->1333
[2024-08-28T13:09:40.807+0000][info][gc,heap     ] GC(374) Archive regions: 2->2
[2024-08-28T13:09:40.807+0000][info][gc,heap     ] GC(374) Humongous regions: 5->5
[2024-08-28T13:09:40.807+0000][info][gc,metaspace] GC(374) Metaspace: 100K(320K)->100K(320K) NonClass: 96K(192K)->96K(192K) Class: 4K(128K)->4K(128K)
[2024-08-28T13:09:40.807+0000][info][gc          ] GC(374) Pause Young (Normal) (G1 Evacuation Pause) 1373M->1368M(2048M) 27.453ms
[2024-08-28T13:09:40.807+0000][info][gc,cpu      ] GC(374) User=1.27s Sys=0.00s Real=0.02s
[2024-08-28T13:09:40.893+0000][info][gc,start    ] GC(375) Pause Young (Concurrent Start) (G1 Evacuation Pause)
[2024-08-28T13:09:40.893+0000][info][gc,task     ] GC(375) Using 49 workers of 68 for evacuation
[2024-08-28T13:09:40.919+0000][info][gc,phases   ] GC(375)   Pre Evacuate Collection Set: 0.3ms
[2024-08-28T13:09:40.919+0000][info][gc,phases   ] GC(375)   Merge Heap Roots: 0.6ms
[2024-08-28T13:09:40.919+0000][info][gc,phases   ] GC(375)   Evacuate Collection Set: 23.2ms
[2024-08-28T13:09:40.919+0000][info][gc,phases   ] GC(375)   Post Evacuate Collection Set: 0.7ms
[2024-08-28T13:09:40.919+0000][info][gc,phases   ] GC(375)   Other: 0.8ms
[2024-08-28T13:09:40.919+0000][info][gc,heap     ] GC(375) Eden regions: 151->0(101)
[2024-08-28T13:09:40.919+0000][info][gc,heap     ] GC(375) Survivor regions: 30->23(23)
[2024-08-28T13:09:40.919+0000][info][gc,heap     ] GC(375) Old regions: 1333->1495
[2024-08-28T13:09:40.919+0000][info][gc,heap     ] GC(375) Archive regions: 2->2
[2024-08-28T13:09:40.919+0000][info][gc,heap     ] GC(375) Humongous regions: 5->5
[2024-08-28T13:09:40.919+0000][info][gc,metaspace] GC(375) Metaspace: 100K(320K)->100K(320K) NonClass: 96K(192K)->96K(192K) Class: 4K(128K)->4K(128K)
[2024-08-28T13:09:40.919+0000][info][gc          ] GC(375) Pause Young (Concurrent Start) (G1 Evacuation Pause) 1519M->1523M(2048M) 25.699ms
[2024-08-28T13:09:40.919+0000][info][gc,cpu      ] GC(375) User=1.16s Sys=0.00s Real=0.03s
[2024-08-28T13:09:40.919+0000][info][gc          ] GC(376) Concurrent Mark Cycle
[2024-08-28T13:09:40.919+0000][info][gc,marking  ] GC(376) Concurrent Clear Claimed Marks
[2024-08-28T13:09:40.919+0000][info][gc,marking  ] GC(376) Concurrent Clear Claimed Marks 0.012ms
[2024-08-28T13:09:40.919+0000][info][gc,marking  ] GC(376) Concurrent Scan Root Regions
[2024-08-28T13:09:40.924+0000][info][gc,marking  ] GC(376) Concurrent Scan Root Regions 4.582ms
[2024-08-28T13:09:40.924+0000][info][gc,marking  ] GC(376) Concurrent Mark
[2024-08-28T13:09:40.924+0000][info][gc,marking  ] GC(376) Concurrent Mark From Roots
[2024-08-28T13:09:40.924+0000][info][gc,task     ] GC(376) Using 17 workers of 17 for marking
[2024-08-28T13:09:40.942+0000][info][gc,marking  ] GC(376) Concurrent Mark From Roots 17.929ms
[2024-08-28T13:09:40.942+0000][info][gc,marking  ] GC(376) Concurrent Preclean
[2024-08-28T13:09:40.942+0000][info][gc,marking  ] GC(376) Concurrent Preclean 0.504ms
[2024-08-28T13:09:40.943+0000][info][gc,start    ] GC(376) Pause Remark
[2024-08-28T13:09:40.945+0000][info][gc          ] GC(376) Pause Remark 1545M->1363M(2048M) 2.622ms
[2024-08-28T13:09:40.945+0000][info][gc,cpu      ] GC(376) User=0.01s Sys=0.00s Real=0.00s
[2024-08-28T13:09:40.945+0000][info][gc,marking  ] GC(376) Concurrent Mark 21.487ms
[2024-08-28T13:09:40.945+0000][info][gc,marking  ] GC(376) Concurrent Rebuild Remembered Sets
[2024-08-28T13:09:40.993+0000][info][gc,marking  ] GC(376) Concurrent Rebuild Remembered Sets 47.502ms
[2024-08-28T13:09:40.993+0000][info][gc,start    ] GC(376) Pause Cleanup
[2024-08-28T13:09:40.999+0000][info][gc          ] GC(376) Pause Cleanup 1417M->1417M(2048M) 5.674ms
[2024-08-28T13:09:40.999+0000][info][gc,cpu      ] GC(376) User=0.02s Sys=0.00s Real=0.01s
[2024-08-28T13:09:40.999+0000][info][gc,marking  ] GC(376) Concurrent Cleanup for Next Mark
[2024-08-28T13:09:41.001+0000][info][gc,marking  ] GC(376) Concurrent Cleanup for Next Mark 1.571ms
[2024-08-28T13:09:41.001+0000][info][gc          ] GC(376) Concurrent Mark Cycle 81.636ms
[2024-08-28T13:09:41.016+0000][info][gc,start    ] GC(377) Pause Young (Prepare Mixed) (G1 Evacuation Pause)
[2024-08-28T13:09:41.016+0000][info][gc,task     ] GC(377) Using 49 workers of 68 for evacuation
[2024-08-28T13:09:41.033+0000][info][gc,phases   ] GC(377)   Pre Evacuate Collection Set: 0.3ms
[2024-08-28T13:09:41.033+0000][info][gc,phases   ] GC(377)   Merge Heap Roots: 0.6ms
[2024-08-28T13:09:41.033+0000][info][gc,phases   ] GC(377)   Evacuate Collection Set: 15.1ms
[2024-08-28T13:09:41.033+0000][info][gc,phases   ] GC(377)   Post Evacuate Collection Set: 0.6ms
[2024-08-28T13:09:41.033+0000][info][gc,phases   ] GC(377)   Other: 0.2ms
[2024-08-28T13:09:41.033+0000][info][gc,heap     ] GC(377) Eden regions: 101->0(86)
[2024-08-28T13:09:41.033+0000][info][gc,heap     ] GC(377) Survivor regions: 23->16(16)
[2024-08-28T13:09:41.033+0000][info][gc,heap     ] GC(377) Old regions: 1313->1429
[2024-08-28T13:09:41.033+0000][info][gc,heap     ] GC(377) Archive regions: 2->2
[2024-08-28T13:09:41.033+0000][info][gc,heap     ] GC(377) Humongous regions: 5->5
[2024-08-28T13:09:41.033+0000][info][gc,metaspace] GC(377) Metaspace: 100K(320K)->100K(320K) NonClass: 96K(192K)->96K(192K) Class: 4K(128K)->4K(128K)
[2024-08-28T13:09:41.033+0000][info][gc          ] GC(377) Pause Young (Prepare Mixed) (G1 Evacuation Pause) 1442M->1450M(2048M) 16.899ms
[2024-08-28T13:09:41.033+0000][info][gc,cpu      ] GC(377) User=0.75s Sys=0.00s Real=0.02s
[2024-08-28T13:09:41.080+0000][info][gc,start    ] GC(378) Pause Young (Mixed) (G1 Evacuation Pause)
[2024-08-28T13:09:41.080+0000][info][gc,task     ] GC(378) Using 49 workers of 68 for evacuation
[2024-08-28T13:09:41.095+0000][info][gc,phases   ] GC(378)   Pre Evacuate Collection Set: 0.3ms
[2024-08-28T13:09:41.095+0000][info][gc,phases   ] GC(378)   Merge Heap Roots: 0.8ms
[2024-08-28T13:09:41.095+0000][info][gc,phases   ] GC(378)   Evacuate Collection Set: 13.6ms
[2024-08-28T13:09:41.095+0000][info][gc,phases   ] GC(378)   Post Evacuate Collection Set: 0.7ms
[2024-08-28T13:09:41.095+0000][info][gc,phases   ] GC(378)   Other: 0.2ms
[2024-08-28T13:09:41.095+0000][info][gc,heap     ] GC(378) Eden regions: 86->0(89)
[2024-08-28T13:09:41.095+0000][info][gc,heap     ] GC(378) Survivor regions: 16->13(13)
[2024-08-28T13:09:41.095+0000][info][gc,heap     ] GC(378) Old regions: 1429->1321
[2024-08-28T13:09:41.095+0000][info][gc,heap     ] GC(378) Archive regions: 2->2
[2024-08-28T13:09:41.095+0000][info][gc,heap     ] GC(378) Humongous regions: 5->5
[2024-08-28T13:09:41.095+0000][info][gc,metaspace] GC(378) Metaspace: 100K(320K)->100K(320K) NonClass: 96K(192K)->96K(192K) Class: 4K(128K)->4K(128K)
[2024-08-28T13:09:41.095+0000][info][gc          ] GC(378) Pause Young (Mixed) (G1 Evacuation Pause) 1536M->1339M(2048M) 15.688ms
[2024-08-28T13:09:41.095+0000][info][gc,cpu      ] GC(378) User=0.70s Sys=0.00s Real=0.01s
[2024-08-28T13:09:41.145+0000][info][gc,start    ] GC(379) Pause Young (Mixed) (G1 Evacuation Pause)
[2024-08-28T13:09:41.145+0000][info][gc,task     ] GC(379) Using 49 workers of 68 for evacuation
[2024-08-28T13:09:41.161+0000][info][gc,phases   ] GC(379)   Pre Evacuate Collection Set: 0.4ms
[2024-08-28T13:09:41.161+0000][info][gc,phases   ] GC(379)   Merge Heap Roots: 0.6ms
[2024-08-28T13:09:41.161+0000][info][gc,phases   ] GC(379)   Evacuate Collection Set: 13.5ms
[2024-08-28T13:09:41.161+0000][info][gc,phases   ] GC(379)   Post Evacuate Collection Set: 0.6ms
[2024-08-28T13:09:41.161+0000][info][gc,phases   ] GC(379)   Other: 0.2ms
[2024-08-28T13:09:41.161+0000][info][gc,heap     ] GC(379) Eden regions: 89->0(89)
[2024-08-28T13:09:41.161+0000][info][gc,heap     ] GC(379) Survivor regions: 13->13(13)
[2024-08-28T13:09:41.161+0000][info][gc,heap     ] GC(379) Old regions: 1321->1209
[2024-08-28T13:09:41.161+0000][info][gc,heap     ] GC(379) Archive regions: 2->2
[2024-08-28T13:09:41.161+0000][info][gc,heap     ] GC(379) Humongous regions: 5->5
[2024-08-28T13:09:41.161+0000][info][gc,metaspace] GC(379) Metaspace: 100K(320K)->100K(320K) NonClass: 96K(192K)->96K(192K) Class: 4K(128K)->4K(128K)
[2024-08-28T13:09:41.161+0000][info][gc          ] GC(379) Pause Young (Mixed) (G1 Evacuation Pause) 1428M->1227M(2048M) 15.392ms
[2024-08-28T13:09:41.161+0000][info][gc,cpu      ] GC(379) User=0.68s Sys=0.00s Real=0.02s
[2024-08-28T13:09:41.211+0000][info][gc,start    ] GC(380) Pause Young (Mixed) (G1 Evacuation Pause)
[2024-08-28T13:09:41.211+0000][info][gc,task     ] GC(380) Using 49 workers of 68 for evacuation
[2024-08-28T13:09:41.226+0000][info][gc,phases   ] GC(380)   Pre Evacuate Collection Set: 0.4ms
[2024-08-28T13:09:41.226+0000][info][gc,phases   ] GC(380)   Merge Heap Roots: 0.9ms
[2024-08-28T13:09:41.226+0000][info][gc,phases   ] GC(380)   Evacuate Collection Set: 12.8ms
[2024-08-28T13:09:41.226+0000][info][gc,phases   ] GC(380)   Post Evacuate Collection Set: 0.7ms
[2024-08-28T13:09:41.226+0000][info][gc,phases   ] GC(380)   Other: 0.2ms
[2024-08-28T13:09:41.226+0000][info][gc,heap     ] GC(380) Eden regions: 89->0(89)
[2024-08-28T13:09:41.226+0000][info][gc,heap     ] GC(380) Survivor regions: 13->13(13)
[2024-08-28T13:09:41.226+0000][info][gc,heap     ] GC(380) Old regions: 1209->1098
[2024-08-28T13:09:41.226+0000][info][gc,heap     ] GC(380) Archive regions: 2->2
[2024-08-28T13:09:41.226+0000][info][gc,heap     ] GC(380) Humongous regions: 5->5
[2024-08-28T13:09:41.226+0000][info][gc,metaspace] GC(380) Metaspace: 100K(320K)->100K(320K) NonClass: 96K(192K)->96K(192K) Class: 4K(128K)->4K(128K)
[2024-08-28T13:09:41.226+0000][info][gc          ] GC(380) Pause Young (Mixed) (G1 Evacuation Pause) 1316M->1116M(2048M) 15.081ms
[2024-08-28T13:09:41.226+0000][info][gc,cpu      ] GC(380) User=0.65s Sys=0.02s Real=0.01s
[2024-08-28T13:09:41.277+0000][info][gc,start    ] GC(381) Pause Young (Mixed) (G1 Evacuation Pause)
[2024-08-28T13:09:41.277+0000][info][gc,task     ] GC(381) Using 49 workers of 68 for evacuation
[2024-08-28T13:09:41.291+0000][info][gc,phases   ] GC(381)   Pre Evacuate Collection Set: 0.3ms
[2024-08-28T13:09:41.291+0000][info][gc,phases   ] GC(381)   Merge Heap Roots: 0.5ms
[2024-08-28T13:09:41.291+0000][info][gc,phases   ] GC(381)   Evacuate Collection Set: 12.5ms
[2024-08-28T13:09:41.291+0000][info][gc,phases   ] GC(381)   Post Evacuate Collection Set: 0.5ms
[2024-08-28T13:09:41.291+0000][info][gc,phases   ] GC(381)   Other: 0.2ms
[2024-08-28T13:09:41.291+0000][info][gc,heap     ] GC(381) Eden regions: 89->0(224)
[2024-08-28T13:09:41.291+0000][info][gc,heap     ] GC(381) Survivor regions: 13->13(13)
[2024-08-28T13:09:41.291+0000][info][gc,heap     ] GC(381) Old regions: 1098->1125
[2024-08-28T13:09:41.291+0000][info][gc,heap     ] GC(381) Archive regions: 2->2
[2024-08-28T13:09:41.291+0000][info][gc,heap     ] GC(381) Humongous regions: 5->5
[2024-08-28T13:09:41.291+0000][info][gc,metaspace] GC(381) Metaspace: 100K(320K)->100K(320K) NonClass: 96K(192K)->96K(192K) Class: 4K(128K)->4K(128K)
[2024-08-28T13:09:41.291+0000][info][gc          ] GC(381) Pause Young (Mixed) (G1 Evacuation Pause) 1205M->1143M(2048M) 14.029ms
[2024-08-28T13:09:41.291+0000][info][gc,cpu      ] GC(381) User=0.63s Sys=0.00s Real=0.02s
[2024-08-28T13:09:41.419+0000][info][gc,start    ] GC(382) Pause Young (Normal) (G1 Evacuation Pause)
[2024-08-28T13:09:41.419+0000][info][gc,task     ] GC(382) Using 49 workers of 68 for evacuation
[2024-08-28T13:09:41.447+0000][info][gc,phases   ] GC(382)   Pre Evacuate Collection Set: 0.2ms
[2024-08-28T13:09:41.447+0000][info][gc,phases   ] GC(382)   Merge Heap Roots: 0.8ms
[2024-08-28T13:09:41.447+0000][info][gc,phases   ] GC(382)   Evacuate Collection Set: 26.9ms
[2024-08-28T13:09:41.447+0000][info][gc,phases   ] GC(382)   Post Evacuate Collection Set: 0.6ms
[2024-08-28T13:09:41.447+0000][info][gc,phases   ] GC(382)   Other: 0.2ms
[2024-08-28T13:09:41.447+0000][info][gc,heap     ] GC(382) Eden regions: 224->0(153)
[2024-08-28T13:09:41.447+0000][info][gc,heap     ] GC(382) Survivor regions: 13->30(30)
[2024-08-28T13:09:41.447+0000][info][gc,heap     ] GC(382) Old regions: 1125->1328
[2024-08-28T13:09:41.447+0000][info][gc,heap     ] GC(382) Archive regions: 2->2
[2024-08-28T13:09:41.447+0000][info][gc,heap     ] GC(382) Humongous regions: 5->5
[2024-08-28T13:09:41.447+0000][info][gc,metaspace] GC(382) Metaspace: 100K(320K)->100K(320K) NonClass: 96K(192K)->96K(192K) Class: 4K(128K)->4K(128K)
[2024-08-28T13:09:41.447+0000][info][gc          ] GC(382) Pause Young (Normal) (G1 Evacuation Pause) 1367M->1363M(2048M) 28.887ms
[2024-08-28T13:09:41.447+0000][info][gc,cpu      ] GC(382) User=1.29s Sys=0.03s Real=0.02s
[2024-08-28T13:09:41.534+0000][info][gc,start    ] GC(383) Pause Young (Concurrent Start) (G1 Evacuation Pause)
[2024-08-28T13:09:41.534+0000][info][gc,task     ] GC(383) Using 49 workers of 68 for evacuation
[2024-08-28T13:09:41.560+0000][info][gc,phases   ] GC(383)   Pre Evacuate Collection Set: 0.3ms
[2024-08-28T13:09:41.560+0000][info][gc,phases   ] GC(383)   Merge Heap Roots: 0.6ms
[2024-08-28T13:09:41.560+0000][info][gc,phases   ] GC(383)   Evacuate Collection Set: 23.6ms
[2024-08-28T13:09:41.560+0000][info][gc,phases   ] GC(383)   Post Evacuate Collection Set: 0.6ms
[2024-08-28T13:09:41.560+0000][info][gc,phases   ] GC(383)   Other: 0.9ms
[2024-08-28T13:09:41.560+0000][info][gc,heap     ] GC(383) Eden regions: 153->0(102)
[2024-08-28T13:09:41.560+0000][info][gc,heap     ] GC(383) Survivor regions: 30->23(23)
[2024-08-28T13:09:41.560+0000][info][gc,heap     ] GC(383) Old regions: 1328->1491
[2024-08-28T13:09:41.560+0000][info][gc,heap     ] GC(383) Archive regions: 2->2
[2024-08-28T13:09:41.560+0000][info][gc,heap     ] GC(383) Humongous regions: 5->5
[2024-08-28T13:09:41.560+0000][info][gc,metaspace] GC(383) Metaspace: 100K(320K)->100K(320K) NonClass: 96K(192K)->96K(192K) Class: 4K(128K)->4K(128K)
[2024-08-28T13:09:41.560+0000][info][gc          ] GC(383) Pause Young (Concurrent Start) (G1 Evacuation Pause) 1516M->1519M(2048M) 26.135ms
[2024-08-28T13:09:41.560+0000][info][gc,cpu      ] GC(383) User=1.17s Sys=0.00s Real=0.03s
[2024-08-28T13:09:41.560+0000][info][gc          ] GC(384) Concurrent Mark Cycle
[2024-08-28T13:09:41.560+0000][info][gc,marking  ] GC(384) Concurrent Clear Claimed Marks
[2024-08-28T13:09:41.560+0000][info][gc,marking  ] GC(384) Concurrent Clear Claimed Marks 0.010ms
[2024-08-28T13:09:41.561+0000][info][gc,marking  ] GC(384) Concurrent Scan Root Regions
[2024-08-28T13:09:41.565+0000][info][gc,marking  ] GC(384) Concurrent Scan Root Regions 4.761ms
[2024-08-28T13:09:41.565+0000][info][gc,marking  ] GC(384) Concurrent Mark
[2024-08-28T13:09:41.565+0000][info][gc,marking  ] GC(384) Concurrent Mark From Roots
[2024-08-28T13:09:41.565+0000][info][gc,task     ] GC(384) Using 17 workers of 17 for marking
[2024-08-28T13:09:41.584+0000][info][gc,marking  ] GC(384) Concurrent Mark From Roots 18.458ms
[2024-08-28T13:09:41.584+0000][info][gc,marking  ] GC(384) Concurrent Preclean
[2024-08-28T13:09:41.584+0000][info][gc,marking  ] GC(384) Concurrent Preclean 0.505ms
[2024-08-28T13:09:41.585+0000][info][gc,start    ] GC(384) Pause Remark
[2024-08-28T13:09:41.588+0000][info][gc          ] GC(384) Pause Remark 1542M->1353M(2048M) 2.886ms
[2024-08-28T13:09:41.588+0000][info][gc,cpu      ] GC(384) User=0.02s Sys=0.00s Real=0.00s
[2024-08-28T13:09:41.588+0000][info][gc,marking  ] GC(384) Concurrent Mark 22.347ms
[2024-08-28T13:09:41.588+0000][info][gc,marking  ] GC(384) Concurrent Rebuild Remembered Sets
[2024-08-28T13:09:41.635+0000][info][gc,marking  ] GC(384) Concurrent Rebuild Remembered Sets 46.897ms
[2024-08-28T13:09:41.635+0000][info][gc,start    ] GC(384) Pause Cleanup
[2024-08-28T13:09:41.641+0000][info][gc          ] GC(384) Pause Cleanup 1407M->1407M(2048M) 5.704ms
[2024-08-28T13:09:41.641+0000][info][gc,cpu      ] GC(384) User=0.02s Sys=0.01s Real=0.01s
[2024-08-28T13:09:41.641+0000][info][gc,marking  ] GC(384) Concurrent Cleanup for Next Mark
[2024-08-28T13:09:41.642+0000][info][gc,marking  ] GC(384) Concurrent Cleanup for Next Mark 1.546ms
[2024-08-28T13:09:41.642+0000][info][gc          ] GC(384) Concurrent Mark Cycle 82.024ms
[2024-08-28T13:09:41.658+0000][info][gc,start    ] GC(385) Pause Young (Prepare Mixed) (G1 Evacuation Pause)
[2024-08-28T13:09:41.658+0000][info][gc,task     ] GC(385) Using 49 workers of 68 for evacuation
[2024-08-28T13:09:41.675+0000][info][gc,phases   ] GC(385)   Pre Evacuate Collection Set: 0.3ms
[2024-08-28T13:09:41.676+0000][info][gc,phases   ] GC(385)   Merge Heap Roots: 1.1ms
[2024-08-28T13:09:41.676+0000][info][gc,phases   ] GC(385)   Evacuate Collection Set: 15.3ms
[2024-08-28T13:09:41.676+0000][info][gc,phases   ] GC(385)   Post Evacuate Collection Set: 0.6ms
[2024-08-28T13:09:41.676+0000][info][gc,phases   ] GC(385)   Other: 0.3ms
[2024-08-28T13:09:41.676+0000][info][gc,heap     ] GC(385) Eden regions: 102->0(86)
[2024-08-28T13:09:41.676+0000][info][gc,heap     ] GC(385) Survivor regions: 23->16(16)
[2024-08-28T13:09:41.676+0000][info][gc,heap     ] GC(385) Old regions: 1302->1418
[2024-08-28T13:09:41.676+0000][info][gc,heap     ] GC(385) Archive regions: 2->2
[2024-08-28T13:09:41.676+0000][info][gc,heap     ] GC(385) Humongous regions: 5->5
[2024-08-28T13:09:41.676+0000][info][gc,metaspace] GC(385) Metaspace: 100K(320K)->100K(320K) NonClass: 96K(192K)->96K(192K) Class: 4K(128K)->4K(128K)
[2024-08-28T13:09:41.676+0000][info][gc          ] GC(385) Pause Young (Prepare Mixed) (G1 Evacuation Pause) 1432M->1439M(2048M) 17.672ms
[2024-08-28T13:09:41.676+0000][info][gc,cpu      ] GC(385) User=0.79s Sys=0.00s Real=0.01s
[2024-08-28T13:09:41.723+0000][info][gc,start    ] GC(386) Pause Young (Mixed) (G1 Evacuation Pause)
[2024-08-28T13:09:41.724+0000][info][gc,task     ] GC(386) Using 49 workers of 68 for evacuation
[2024-08-28T13:09:41.739+0000][info][gc,phases   ] GC(386)   Pre Evacuate Collection Set: 0.4ms
[2024-08-28T13:09:41.739+0000][info][gc,phases   ] GC(386)   Merge Heap Roots: 0.6ms
[2024-08-28T13:09:41.739+0000][info][gc,phases   ] GC(386)   Evacuate Collection Set: 13.5ms
[2024-08-28T13:09:41.739+0000][info][gc,phases   ] GC(386)   Post Evacuate Collection Set: 0.7ms
[2024-08-28T13:09:41.739+0000][info][gc,phases   ] GC(386)   Other: 0.2ms
[2024-08-28T13:09:41.739+0000][info][gc,heap     ] GC(386) Eden regions: 86->0(89)
[2024-08-28T13:09:41.739+0000][info][gc,heap     ] GC(386) Survivor regions: 16->13(13)
[2024-08-28T13:09:41.739+0000][info][gc,heap     ] GC(386) Old regions: 1418->1310
[2024-08-28T13:09:41.739+0000][info][gc,heap     ] GC(386) Archive regions: 2->2
[2024-08-28T13:09:41.739+0000][info][gc,heap     ] GC(386) Humongous regions: 5->5
[2024-08-28T13:09:41.739+0000][info][gc,metaspace] GC(386) Metaspace: 100K(320K)->100K(320K) NonClass: 96K(192K)->96K(192K) Class: 4K(128K)->4K(128K)
[2024-08-28T13:09:41.739+0000][info][gc          ] GC(386) Pause Young (Mixed) (G1 Evacuation Pause) 1525M->1328M(2048M) 15.465ms
[2024-08-28T13:09:41.739+0000][info][gc,cpu      ] GC(386) User=0.67s Sys=0.00s Real=0.02s
[2024-08-28T13:09:41.789+0000][info][gc,start    ] GC(387) Pause Young (Mixed) (G1 Evacuation Pause)
[2024-08-28T13:09:41.789+0000][info][gc,task     ] GC(387) Using 49 workers of 68 for evacuation
[2024-08-28T13:09:41.804+0000][info][gc,phases   ] GC(387)   Pre Evacuate Collection Set: 0.4ms
[2024-08-28T13:09:41.804+0000][info][gc,phases   ] GC(387)   Merge Heap Roots: 0.8ms
[2024-08-28T13:09:41.804+0000][info][gc,phases   ] GC(387)   Evacuate Collection Set: 13.2ms
[2024-08-28T13:09:41.805+0000][info][gc,phases   ] GC(387)   Post Evacuate Collection Set: 0.6ms
[2024-08-28T13:09:41.805+0000][info][gc,phases   ] GC(387)   Other: 0.2ms
[2024-08-28T13:09:41.805+0000][info][gc,heap     ] GC(387) Eden regions: 89->0(89)
[2024-08-28T13:09:41.805+0000][info][gc,heap     ] GC(387) Survivor regions: 13->13(13)
[2024-08-28T13:09:41.805+0000][info][gc,heap     ] GC(387) Old regions: 1310->1199
[2024-08-28T13:09:41.805+0000][info][gc,heap     ] GC(387) Archive regions: 2->2
[2024-08-28T13:09:41.805+0000][info][gc,heap     ] GC(387) Humongous regions: 5->5
[2024-08-28T13:09:41.805+0000][info][gc,metaspace] GC(387) Metaspace: 100K(320K)->100K(320K) NonClass: 96K(192K)->96K(192K) Class: 4K(128K)->4K(128K)
[2024-08-28T13:09:41.805+0000][info][gc          ] GC(387) Pause Young (Mixed) (G1 Evacuation Pause) 1417M->1217M(2048M) 15.220ms
[2024-08-28T13:09:41.805+0000][info][gc,cpu      ] GC(387) User=0.67s Sys=0.01s Real=0.02s
[2024-08-28T13:09:41.855+0000][info][gc,start    ] GC(388) Pause Young (Mixed) (G1 Evacuation Pause)
[2024-08-28T13:09:41.855+0000][info][gc,task     ] GC(388) Using 49 workers of 68 for evacuation
[2024-08-28T13:09:41.869+0000][info][gc,phases   ] GC(388)   Pre Evacuate Collection Set: 0.4ms
[2024-08-28T13:09:41.869+0000][info][gc,phases   ] GC(388)   Merge Heap Roots: 0.6ms
[2024-08-28T13:09:41.869+0000][info][gc,phases   ] GC(388)   Evacuate Collection Set: 12.8ms
[2024-08-28T13:09:41.869+0000][info][gc,phases   ] GC(388)   Post Evacuate Collection Set: 0.7ms
[2024-08-28T13:09:41.869+0000][info][gc,phases   ] GC(388)   Other: 0.1ms
[2024-08-28T13:09:41.869+0000][info][gc,heap     ] GC(388) Eden regions: 89->0(89)
[2024-08-28T13:09:41.869+0000][info][gc,heap     ] GC(388) Survivor regions: 13->13(13)
[2024-08-28T13:09:41.869+0000][info][gc,heap     ] GC(388) Old regions: 1199->1089
[2024-08-28T13:09:41.869+0000][info][gc,heap     ] GC(388) Archive regions: 2->2
[2024-08-28T13:09:41.869+0000][info][gc,heap     ] GC(388) Humongous regions: 5->5
[2024-08-28T13:09:41.869+0000][info][gc,metaspace] GC(388) Metaspace: 100K(320K)->100K(320K) NonClass: 96K(192K)->96K(192K) Class: 4K(128K)->4K(128K)
[2024-08-28T13:09:41.869+0000][info][gc          ] GC(388) Pause Young (Mixed) (G1 Evacuation Pause) 1306M->1107M(2048M) 14.582ms
[2024-08-28T13:09:41.869+0000][info][gc,cpu      ] GC(388) User=0.63s Sys=0.01s Real=0.01s
[2024-08-28T13:09:41.920+0000][info][gc,start    ] GC(389) Pause Young (Mixed) (G1 Evacuation Pause)
[2024-08-28T13:09:41.920+0000][info][gc,task     ] GC(389) Using 49 workers of 68 for evacuation
[2024-08-28T13:09:41.935+0000][info][gc,phases   ] GC(389)   Pre Evacuate Collection Set: 0.2ms
[2024-08-28T13:09:41.935+0000][info][gc,phases   ] GC(389)   Merge Heap Roots: 0.8ms
[2024-08-28T13:09:41.935+0000][info][gc,phases   ] GC(389)   Evacuate Collection Set: 13.0ms
[2024-08-28T13:09:41.935+0000][info][gc,phases   ] GC(389)   Post Evacuate Collection Set: 0.6ms
[2024-08-28T13:09:41.935+0000][info][gc,phases   ] GC(389)   Other: 0.2ms
[2024-08-28T13:09:41.935+0000][info][gc,heap     ] GC(389) Eden regions: 89->0(223)
[2024-08-28T13:09:41.935+0000][info][gc,heap     ] GC(389) Survivor regions: 13->13(13)
[2024-08-28T13:09:41.935+0000][info][gc,heap     ] GC(389) Old regions: 1089->1129
[2024-08-28T13:09:41.935+0000][info][gc,heap     ] GC(389) Archive regions: 2->2
[2024-08-28T13:09:41.935+0000][info][gc,heap     ] GC(389) Humongous regions: 5->5
[2024-08-28T13:09:41.935+0000][info][gc,metaspace] GC(389) Metaspace: 100K(320K)->100K(320K) NonClass: 96K(192K)->96K(192K) Class: 4K(128K)->4K(128K)
[2024-08-28T13:09:41.935+0000][info][gc          ] GC(389) Pause Young (Mixed) (G1 Evacuation Pause) 1196M->1147M(2048M) 15.022ms
[2024-08-28T13:09:41.935+0000][info][gc,cpu      ] GC(389) User=0.66s Sys=0.00s Real=0.01s
[2024-08-28T13:09:42.085+0000][info][gc,start    ] GC(390) Pause Young (Normal) (G1 Evacuation Pause)
[2024-08-28T13:09:42.085+0000][info][gc,task     ] GC(390) Using 49 workers of 68 for evacuation
[2024-08-28T13:09:42.115+0000][info][gc,phases   ] GC(390)   Pre Evacuate Collection Set: 0.3ms
[2024-08-28T13:09:42.115+0000][info][gc,phases   ] GC(390)   Merge Heap Roots: 1.1ms
[2024-08-28T13:09:42.115+0000][info][gc,phases   ] GC(390)   Evacuate Collection Set: 28.5ms
[2024-08-28T13:09:42.115+0000][info][gc,phases   ] GC(390)   Post Evacuate Collection Set: 0.7ms
[2024-08-28T13:09:42.116+0000][info][gc,phases   ] GC(390)   Other: 0.3ms
[2024-08-28T13:09:42.116+0000][info][gc,heap     ] GC(390) Eden regions: 223->0(152)
[2024-08-28T13:09:42.116+0000][info][gc,heap     ] GC(390) Survivor regions: 13->30(30)
[2024-08-28T13:09:42.116+0000][info][gc,heap     ] GC(390) Old regions: 1129->1330
[2024-08-28T13:09:42.116+0000][info][gc,heap     ] GC(390) Archive regions: 2->2
[2024-08-28T13:09:42.116+0000][info][gc,heap     ] GC(390) Humongous regions: 5->5
[2024-08-28T13:09:42.116+0000][info][gc,metaspace] GC(390) Metaspace: 100K(320K)->100K(320K) NonClass: 96K(192K)->96K(192K) Class: 4K(128K)->4K(128K)
[2024-08-28T13:09:42.116+0000][info][gc          ] GC(390) Pause Young (Normal) (G1 Evacuation Pause) 1370M->1365M(2048M) 30.947ms
[2024-08-28T13:09:42.116+0000][info][gc,cpu      ] GC(390) User=1.17s Sys=0.24s Real=0.03s
[2024-08-28T13:09:42.206+0000][info][gc,start    ] GC(391) Pause Young (Concurrent Start) (G1 Evacuation Pause)
[2024-08-28T13:09:42.206+0000][info][gc,task     ] GC(391) Using 49 workers of 68 for evacuation
[2024-08-28T13:09:42.230+0000][info][gc,phases   ] GC(391)   Pre Evacuate Collection Set: 0.3ms
[2024-08-28T13:09:42.230+0000][info][gc,phases   ] GC(391)   Merge Heap Roots: 0.6ms
[2024-08-28T13:09:42.230+0000][info][gc,phases   ] GC(391)   Evacuate Collection Set: 21.9ms
[2024-08-28T13:09:42.230+0000][info][gc,phases   ] GC(391)   Post Evacuate Collection Set: 0.7ms
[2024-08-28T13:09:42.230+0000][info][gc,phases   ] GC(391)   Other: 1.1ms
[2024-08-28T13:09:42.230+0000][info][gc,heap     ] GC(391) Eden regions: 152->0(102)
[2024-08-28T13:09:42.230+0000][info][gc,heap     ] GC(391) Survivor regions: 30->23(23)
[2024-08-28T13:09:42.230+0000][info][gc,heap     ] GC(391) Old regions: 1330->1493
[2024-08-28T13:09:42.230+0000][info][gc,heap     ] GC(391) Archive regions: 2->2
[2024-08-28T13:09:42.230+0000][info][gc,heap     ] GC(391) Humongous regions: 5->5
[2024-08-28T13:09:42.230+0000][info][gc,metaspace] GC(391) Metaspace: 100K(320K)->100K(320K) NonClass: 96K(192K)->96K(192K) Class: 4K(128K)->4K(128K)
[2024-08-28T13:09:42.230+0000][info][gc          ] GC(391) Pause Young (Concurrent Start) (G1 Evacuation Pause) 1517M->1521M(2048M) 24.686ms
[2024-08-28T13:09:42.231+0000][info][gc,cpu      ] GC(391) User=1.06s Sys=0.02s Real=0.03s
[2024-08-28T13:09:42.231+0000][info][gc          ] GC(392) Concurrent Mark Cycle
[2024-08-28T13:09:42.231+0000][info][gc,marking  ] GC(392) Concurrent Clear Claimed Marks
[2024-08-28T13:09:42.231+0000][info][gc,marking  ] GC(392) Concurrent Clear Claimed Marks 0.010ms
[2024-08-28T13:09:42.231+0000][info][gc,marking  ] GC(392) Concurrent Scan Root Regions
[2024-08-28T13:09:42.235+0000][info][gc,marking  ] GC(392) Concurrent Scan Root Regions 4.543ms
[2024-08-28T13:09:42.235+0000][info][gc,marking  ] GC(392) Concurrent Mark
[2024-08-28T13:09:42.235+0000][info][gc,marking  ] GC(392) Concurrent Mark From Roots
[2024-08-28T13:09:42.235+0000][info][gc,task     ] GC(392) Using 17 workers of 17 for marking
[2024-08-28T13:09:42.253+0000][info][gc,marking  ] GC(392) Concurrent Mark From Roots 18.145ms
[2024-08-28T13:09:42.253+0000][info][gc,marking  ] GC(392) Concurrent Preclean
[2024-08-28T13:09:42.254+0000][info][gc,marking  ] GC(392) Concurrent Preclean 0.678ms
[2024-08-28T13:09:42.254+0000][info][gc,start    ] GC(392) Pause Remark
[2024-08-28T13:09:42.257+0000][info][gc          ] GC(392) Pause Remark 1544M->1386M(2048M) 2.626ms
[2024-08-28T13:09:42.257+0000][info][gc,cpu      ] GC(392) User=0.02s Sys=0.00s Real=0.00s
[2024-08-28T13:09:42.257+0000][info][gc,marking  ] GC(392) Concurrent Mark 21.930ms
[2024-08-28T13:09:42.257+0000][info][gc,marking  ] GC(392) Concurrent Rebuild Remembered Sets
[2024-08-28T13:09:42.306+0000][info][gc,marking  ] GC(392) Concurrent Rebuild Remembered Sets 49.201ms
[2024-08-28T13:09:42.307+0000][info][gc,start    ] GC(392) Pause Cleanup
[2024-08-28T13:09:42.310+0000][info][gc          ] GC(392) Pause Cleanup 1443M->1443M(2048M) 3.451ms
[2024-08-28T13:09:42.310+0000][info][gc,cpu      ] GC(392) User=0.01s Sys=0.00s Real=0.01s
[2024-08-28T13:09:42.310+0000][info][gc,marking  ] GC(392) Concurrent Cleanup for Next Mark
[2024-08-28T13:09:42.312+0000][info][gc,marking  ] GC(392) Concurrent Cleanup for Next Mark 1.451ms
[2024-08-28T13:09:42.312+0000][info][gc          ] GC(392) Concurrent Mark Cycle 81.229ms
[2024-08-28T13:09:42.325+0000][info][gc,start    ] GC(393) Pause Young (Prepare Mixed) (G1 Evacuation Pause)
[2024-08-28T13:09:42.325+0000][info][gc,task     ] GC(393) Using 49 workers of 68 for evacuation
[2024-08-28T13:09:42.342+0000][info][gc,phases   ] GC(393)   Pre Evacuate Collection Set: 0.3ms
[2024-08-28T13:09:42.342+0000][info][gc,phases   ] GC(393)   Merge Heap Roots: 0.5ms
[2024-08-28T13:09:42.342+0000][info][gc,phases   ] GC(393)   Evacuate Collection Set: 15.5ms
[2024-08-28T13:09:42.342+0000][info][gc,phases   ] GC(393)   Post Evacuate Collection Set: 0.5ms
[2024-08-28T13:09:42.342+0000][info][gc,phases   ] GC(393)   Other: 0.2ms
[2024-08-28T13:09:42.342+0000][info][gc,heap     ] GC(393) Eden regions: 102->0(86)
[2024-08-28T13:09:42.342+0000][info][gc,heap     ] GC(393) Survivor regions: 23->16(16)
[2024-08-28T13:09:42.342+0000][info][gc,heap     ] GC(393) Old regions: 1335->1452
[2024-08-28T13:09:42.342+0000][info][gc,heap     ] GC(393) Archive regions: 2->2
[2024-08-28T13:09:42.343+0000][info][gc,heap     ] GC(393) Humongous regions: 5->5
[2024-08-28T13:09:42.343+0000][info][gc,metaspace] GC(393) Metaspace: 100K(320K)->100K(320K) NonClass: 96K(192K)->96K(192K) Class: 4K(128K)->4K(128K)
[2024-08-28T13:09:42.343+0000][info][gc          ] GC(393) Pause Young (Prepare Mixed) (G1 Evacuation Pause) 1465M->1473M(2048M) 17.133ms
[2024-08-28T13:09:42.343+0000][info][gc,cpu      ] GC(393) User=0.67s Sys=0.11s Real=0.02s
[2024-08-28T13:09:42.388+0000][info][gc,start    ] GC(394) Pause Young (Mixed) (G1 Evacuation Pause)
[2024-08-28T13:09:42.388+0000][info][gc,task     ] GC(394) Using 49 workers of 68 for evacuation
[2024-08-28T13:09:42.403+0000][info][gc,phases   ] GC(394)   Pre Evacuate Collection Set: 0.4ms
[2024-08-28T13:09:42.403+0000][info][gc,phases   ] GC(394)   Merge Heap Roots: 0.8ms
[2024-08-28T13:09:42.403+0000][info][gc,phases   ] GC(394)   Evacuate Collection Set: 12.9ms
[2024-08-28T13:09:42.403+0000][info][gc,phases   ] GC(394)   Post Evacuate Collection Set: 0.6ms
[2024-08-28T13:09:42.403+0000][info][gc,phases   ] GC(394)   Other: 0.2ms
[2024-08-28T13:09:42.403+0000][info][gc,heap     ] GC(394) Eden regions: 86->0(89)
[2024-08-28T13:09:42.403+0000][info][gc,heap     ] GC(394) Survivor regions: 16->13(13)
[2024-08-28T13:09:42.403+0000][info][gc,heap     ] GC(394) Old regions: 1452->1343
[2024-08-28T13:09:42.403+0000][info][gc,heap     ] GC(394) Archive regions: 2->2
[2024-08-28T13:09:42.403+0000][info][gc,heap     ] GC(394) Humongous regions: 5->5
[2024-08-28T13:09:42.403+0000][info][gc,metaspace] GC(394) Metaspace: 100K(320K)->100K(320K) NonClass: 96K(192K)->96K(192K) Class: 4K(128K)->4K(128K)
[2024-08-28T13:09:42.403+0000][info][gc          ] GC(394) Pause Young (Mixed) (G1 Evacuation Pause) 1559M->1361M(2048M) 14.736ms
[2024-08-28T13:09:42.403+0000][info][gc,cpu      ] GC(394) User=0.66s Sys=0.00s Real=0.02s
[2024-08-28T13:09:42.452+0000][info][gc,start    ] GC(395) Pause Young (Mixed) (G1 Evacuation Pause)
[2024-08-28T13:09:42.452+0000][info][gc,task     ] GC(395) Using 49 workers of 68 for evacuation
[2024-08-28T13:09:42.468+0000][info][gc,phases   ] GC(395)   Pre Evacuate Collection Set: 0.3ms
[2024-08-28T13:09:42.468+0000][info][gc,phases   ] GC(395)   Merge Heap Roots: 0.5ms
[2024-08-28T13:09:42.468+0000][info][gc,phases   ] GC(395)   Evacuate Collection Set: 14.5ms
[2024-08-28T13:09:42.468+0000][info][gc,phases   ] GC(395)   Post Evacuate Collection Set: 0.7ms
[2024-08-28T13:09:42.468+0000][info][gc,phases   ] GC(395)   Other: 0.2ms
[2024-08-28T13:09:42.468+0000][info][gc,heap     ] GC(395) Eden regions: 89->0(89)
[2024-08-28T13:09:42.468+0000][info][gc,heap     ] GC(395) Survivor regions: 13->13(13)
[2024-08-28T13:09:42.468+0000][info][gc,heap     ] GC(395) Old regions: 1343->1233
[2024-08-28T13:09:42.468+0000][info][gc,heap     ] GC(395) Archive regions: 2->2
[2024-08-28T13:09:42.468+0000][info][gc,heap     ] GC(395) Humongous regions: 5->5
[2024-08-28T13:09:42.468+0000][info][gc,metaspace] GC(395) Metaspace: 100K(320K)->100K(320K) NonClass: 96K(192K)->96K(192K) Class: 4K(128K)->4K(128K)
[2024-08-28T13:09:42.469+0000][info][gc          ] GC(395) Pause Young (Mixed) (G1 Evacuation Pause) 1450M->1251M(2048M) 16.241ms
[2024-08-28T13:09:42.469+0000][info][gc,cpu      ] GC(395) User=0.63s Sys=0.07s Real=0.01s
[2024-08-28T13:09:42.520+0000][info][gc,start    ] GC(396) Pause Young (Mixed) (G1 Evacuation Pause)
[2024-08-28T13:09:42.520+0000][info][gc,task     ] GC(396) Using 49 workers of 68 for evacuation
[2024-08-28T13:09:42.535+0000][info][gc,phases   ] GC(396)   Pre Evacuate Collection Set: 0.4ms
[2024-08-28T13:09:42.535+0000][info][gc,phases   ] GC(396)   Merge Heap Roots: 0.6ms
[2024-08-28T13:09:42.535+0000][info][gc,phases   ] GC(396)   Evacuate Collection Set: 12.9ms
[2024-08-28T13:09:42.535+0000][info][gc,phases   ] GC(396)   Post Evacuate Collection Set: 0.7ms
[2024-08-28T13:09:42.535+0000][info][gc,phases   ] GC(396)   Other: 0.3ms
[2024-08-28T13:09:42.535+0000][info][gc,heap     ] GC(396) Eden regions: 89->0(89)
[2024-08-28T13:09:42.535+0000][info][gc,heap     ] GC(396) Survivor regions: 13->13(13)
[2024-08-28T13:09:42.535+0000][info][gc,heap     ] GC(396) Old regions: 1233->1122
[2024-08-28T13:09:42.535+0000][info][gc,heap     ] GC(396) Archive regions: 2->2
[2024-08-28T13:09:42.535+0000][info][gc,heap     ] GC(396) Humongous regions: 5->5
[2024-08-28T13:09:42.535+0000][info][gc,metaspace] GC(396) Metaspace: 100K(320K)->100K(320K) NonClass: 96K(192K)->96K(192K) Class: 4K(128K)->4K(128K)
[2024-08-28T13:09:42.535+0000][info][gc          ] GC(396) Pause Young (Mixed) (G1 Evacuation Pause) 1340M->1140M(2048M) 14.988ms
[2024-08-28T13:09:42.535+0000][info][gc,cpu      ] GC(396) User=0.58s Sys=0.06s Real=0.01s
[2024-08-28T13:09:42.584+0000][info][gc,start    ] GC(397) Pause Young (Mixed) (G1 Evacuation Pause)
[2024-08-28T13:09:42.584+0000][info][gc,task     ] GC(397) Using 49 workers of 68 for evacuation
[2024-08-28T13:09:42.597+0000][info][gc,phases   ] GC(397)   Pre Evacuate Collection Set: 0.3ms
[2024-08-28T13:09:42.597+0000][info][gc,phases   ] GC(397)   Merge Heap Roots: 0.5ms
[2024-08-28T13:09:42.597+0000][info][gc,phases   ] GC(397)   Evacuate Collection Set: 12.2ms
[2024-08-28T13:09:42.597+0000][info][gc,phases   ] GC(397)   Post Evacuate Collection Set: 0.6ms
[2024-08-28T13:09:42.597+0000][info][gc,phases   ] GC(397)   Other: 0.2ms
[2024-08-28T13:09:42.597+0000][info][gc,heap     ] GC(397) Eden regions: 89->0(223)
[2024-08-28T13:09:42.597+0000][info][gc,heap     ] GC(397) Survivor regions: 13->13(13)
[2024-08-28T13:09:42.597+0000][info][gc,heap     ] GC(397) Old regions: 1122->1128
[2024-08-28T13:09:42.597+0000][info][gc,heap     ] GC(397) Archive regions: 2->2
[2024-08-28T13:09:42.597+0000][info][gc,heap     ] GC(397) Humongous regions: 5->5
[2024-08-28T13:09:42.597+0000][info][gc,metaspace] GC(397) Metaspace: 100K(320K)->100K(320K) NonClass: 96K(192K)->96K(192K) Class: 4K(128K)->4K(128K)
[2024-08-28T13:09:42.598+0000][info][gc          ] GC(397) Pause Young (Mixed) (G1 Evacuation Pause) 1229M->1146M(2048M) 13.986ms
[2024-08-28T13:09:42.598+0000][info][gc,cpu      ] GC(397) User=0.59s Sys=0.02s Real=0.02s
[2024-08-28T13:09:42.719+0000][info][gc,start    ] GC(398) Pause Young (Normal) (G1 Evacuation Pause)
[2024-08-28T13:09:42.719+0000][info][gc,task     ] GC(398) Using 49 workers of 68 for evacuation
[2024-08-28T13:09:42.746+0000][info][gc,phases   ] GC(398)   Pre Evacuate Collection Set: 0.3ms
[2024-08-28T13:09:42.746+0000][info][gc,phases   ] GC(398)   Merge Heap Roots: 0.8ms
[2024-08-28T13:09:42.746+0000][info][gc,phases   ] GC(398)   Evacuate Collection Set: 25.1ms
[2024-08-28T13:09:42.746+0000][info][gc,phases   ] GC(398)   Post Evacuate Collection Set: 0.6ms
[2024-08-28T13:09:42.746+0000][info][gc,phases   ] GC(398)   Other: 0.3ms
[2024-08-28T13:09:42.746+0000][info][gc,heap     ] GC(398) Eden regions: 223->0(152)
[2024-08-28T13:09:42.746+0000][info][gc,heap     ] GC(398) Survivor regions: 13->30(30)
[2024-08-28T13:09:42.746+0000][info][gc,heap     ] GC(398) Old regions: 1128->1330
[2024-08-28T13:09:42.746+0000][info][gc,heap     ] GC(398) Archive regions: 2->2
[2024-08-28T13:09:42.746+0000][info][gc,heap     ] GC(398) Humongous regions: 5->5
[2024-08-28T13:09:42.746+0000][info][gc,metaspace] GC(398) Metaspace: 100K(320K)->100K(320K) NonClass: 96K(192K)->96K(192K) Class: 4K(128K)->4K(128K)
[2024-08-28T13:09:42.746+0000][info][gc          ] GC(398) Pause Young (Normal) (G1 Evacuation Pause) 1369M->1365M(2048M) 27.220ms
[2024-08-28T13:09:42.746+0000][info][gc,cpu      ] GC(398) User=1.23s Sys=0.02s Real=0.02s
[2024-08-28T13:09:42.830+0000][info][gc,start    ] GC(399) Pause Young (Concurrent Start) (G1 Evacuation Pause)
[2024-08-28T13:09:42.830+0000][info][gc,task     ] GC(399) Using 49 workers of 68 for evacuation
[2024-08-28T13:09:42.855+0000][info][gc,phases   ] GC(399)   Pre Evacuate Collection Set: 0.2ms
[2024-08-28T13:09:42.855+0000][info][gc,phases   ] GC(399)   Merge Heap Roots: 0.6ms
[2024-08-28T13:09:42.855+0000][info][gc,phases   ] GC(399)   Evacuate Collection Set: 22.8ms
[2024-08-28T13:09:42.855+0000][info][gc,phases   ] GC(399)   Post Evacuate Collection Set: 0.6ms
[2024-08-28T13:09:42.855+0000][info][gc,phases   ] GC(399)   Other: 0.9ms
[2024-08-28T13:09:42.855+0000][info][gc,heap     ] GC(399) Eden regions: 152->0(101)
[2024-08-28T13:09:42.855+0000][info][gc,heap     ] GC(399) Survivor regions: 30->23(23)
[2024-08-28T13:09:42.855+0000][info][gc,heap     ] GC(399) Old regions: 1330->1495
[2024-08-28T13:09:42.855+0000][info][gc,heap     ] GC(399) Archive regions: 2->2
[2024-08-28T13:09:42.855+0000][info][gc,heap     ] GC(399) Humongous regions: 5->5
[2024-08-28T13:09:42.856+0000][info][gc,metaspace] GC(399) Metaspace: 100K(320K)->100K(320K) NonClass: 96K(192K)->96K(192K) Class: 4K(128K)->4K(128K)
[2024-08-28T13:09:42.856+0000][info][gc          ] GC(399) Pause Young (Concurrent Start) (G1 Evacuation Pause) 1517M->1523M(2048M) 25.381ms
[2024-08-28T13:09:42.856+0000][info][gc,cpu      ] GC(399) User=1.14s Sys=0.00s Real=0.02s
[2024-08-28T13:09:42.856+0000][info][gc          ] GC(400) Concurrent Mark Cycle
[2024-08-28T13:09:42.856+0000][info][gc,marking  ] GC(400) Concurrent Clear Claimed Marks
[2024-08-28T13:09:42.856+0000][info][gc,marking  ] GC(400) Concurrent Clear Claimed Marks 0.011ms
[2024-08-28T13:09:42.856+0000][info][gc,marking  ] GC(400) Concurrent Scan Root Regions
[2024-08-28T13:09:42.860+0000][info][gc,marking  ] GC(400) Concurrent Scan Root Regions 4.569ms
[2024-08-28T13:09:42.860+0000][info][gc,marking  ] GC(400) Concurrent Mark
[2024-08-28T13:09:42.860+0000][info][gc,marking  ] GC(400) Concurrent Mark From Roots
[2024-08-28T13:09:42.860+0000][info][gc,task     ] GC(400) Using 17 workers of 17 for marking
[2024-08-28T13:09:42.879+0000][info][gc,marking  ] GC(400) Concurrent Mark From Roots 18.660ms
[2024-08-28T13:09:42.879+0000][info][gc,marking  ] GC(400) Concurrent Preclean
[2024-08-28T13:09:42.880+0000][info][gc,marking  ] GC(400) Concurrent Preclean 0.532ms
[2024-08-28T13:09:42.880+0000][info][gc,start    ] GC(400) Pause Remark
[2024-08-28T13:09:42.882+0000][info][gc          ] GC(400) Pause Remark 1546M->1364M(2048M) 1.779ms
[2024-08-28T13:09:42.882+0000][info][gc,cpu      ] GC(400) User=0.01s Sys=0.01s Real=0.00s
[2024-08-28T13:09:42.882+0000][info][gc,marking  ] GC(400) Concurrent Mark 21.406ms
[2024-08-28T13:09:42.882+0000][info][gc,marking  ] GC(400) Concurrent Rebuild Remembered Sets
[2024-08-28T13:09:42.931+0000][info][gc,marking  ] GC(400) Concurrent Rebuild Remembered Sets 49.555ms
[2024-08-28T13:09:42.932+0000][info][gc,start    ] GC(400) Pause Cleanup
[2024-08-28T13:09:42.934+0000][info][gc          ] GC(400) Pause Cleanup 1420M->1420M(2048M) 2.807ms
[2024-08-28T13:09:42.935+0000][info][gc,cpu      ] GC(400) User=0.01s Sys=0.01s Real=0.00s
[2024-08-28T13:09:42.935+0000][info][gc,marking  ] GC(400) Concurrent Cleanup for Next Mark
[2024-08-28T13:09:42.936+0000][info][gc,marking  ] GC(400) Concurrent Cleanup for Next Mark 1.569ms
[2024-08-28T13:09:42.936+0000][info][gc          ] GC(400) Concurrent Mark Cycle 80.597ms
[2024-08-28T13:09:42.950+0000][info][gc,start    ] GC(401) Pause Young (Prepare Mixed) (G1 Evacuation Pause)
[2024-08-28T13:09:42.950+0000][info][gc,task     ] GC(401) Using 49 workers of 68 for evacuation
[2024-08-28T13:09:42.966+0000][info][gc,phases   ] GC(401)   Pre Evacuate Collection Set: 0.2ms
[2024-08-28T13:09:42.966+0000][info][gc,phases   ] GC(401)   Merge Heap Roots: 1.1ms
[2024-08-28T13:09:42.966+0000][info][gc,phases   ] GC(401)   Evacuate Collection Set: 14.4ms
[2024-08-28T13:09:42.966+0000][info][gc,phases   ] GC(401)   Post Evacuate Collection Set: 0.6ms
[2024-08-28T13:09:42.966+0000][info][gc,phases   ] GC(401)   Other: 0.2ms
[2024-08-28T13:09:42.966+0000][info][gc,heap     ] GC(401) Eden regions: 101->0(86)
[2024-08-28T13:09:42.966+0000][info][gc,heap     ] GC(401) Survivor regions: 23->16(16)
[2024-08-28T13:09:42.966+0000][info][gc,heap     ] GC(401) Old regions: 1313->1428
[2024-08-28T13:09:42.966+0000][info][gc,heap     ] GC(401) Archive regions: 2->2
[2024-08-28T13:09:42.966+0000][info][gc,heap     ] GC(401) Humongous regions: 5->5
[2024-08-28T13:09:42.966+0000][info][gc,metaspace] GC(401) Metaspace: 100K(320K)->100K(320K) NonClass: 96K(192K)->96K(192K) Class: 4K(128K)->4K(128K)
[2024-08-28T13:09:42.966+0000][info][gc          ] GC(401) Pause Young (Prepare Mixed) (G1 Evacuation Pause) 1442M->1449M(2048M) 16.470ms
[2024-08-28T13:09:42.966+0000][info][gc,cpu      ] GC(401) User=0.73s Sys=0.01s Real=0.01s
[2024-08-28T13:09:43.014+0000][info][gc,start    ] GC(402) Pause Young (Mixed) (G1 Evacuation Pause)
[2024-08-28T13:09:43.014+0000][info][gc,task     ] GC(402) Using 49 workers of 68 for evacuation
[2024-08-28T13:09:43.030+0000][info][gc,phases   ] GC(402)   Pre Evacuate Collection Set: 0.5ms
[2024-08-28T13:09:43.030+0000][info][gc,phases   ] GC(402)   Merge Heap Roots: 0.5ms
[2024-08-28T13:09:43.030+0000][info][gc,phases   ] GC(402)   Evacuate Collection Set: 14.1ms
[2024-08-28T13:09:43.030+0000][info][gc,phases   ] GC(402)   Post Evacuate Collection Set: 0.7ms
[2024-08-28T13:09:43.030+0000][info][gc,phases   ] GC(402)   Other: 0.3ms
[2024-08-28T13:09:43.030+0000][info][gc,heap     ] GC(402) Eden regions: 86->0(89)
[2024-08-28T13:09:43.030+0000][info][gc,heap     ] GC(402) Survivor regions: 16->13(13)
[2024-08-28T13:09:43.030+0000][info][gc,heap     ] GC(402) Old regions: 1428->1319
[2024-08-28T13:09:43.030+0000][info][gc,heap     ] GC(402) Archive regions: 2->2
[2024-08-28T13:09:43.030+0000][info][gc,heap     ] GC(402) Humongous regions: 5->5
[2024-08-28T13:09:43.030+0000][info][gc,metaspace] GC(402) Metaspace: 100K(320K)->100K(320K) NonClass: 96K(192K)->96K(192K) Class: 4K(128K)->4K(128K)
[2024-08-28T13:09:43.030+0000][info][gc          ] GC(402) Pause Young (Mixed) (G1 Evacuation Pause) 1535M->1337M(2048M) 16.201ms
[2024-08-28T13:09:43.030+0000][info][gc,cpu      ] GC(402) User=0.66s Sys=0.03s Real=0.02s
[2024-08-28T13:09:43.083+0000][info][gc,start    ] GC(403) Pause Young (Mixed) (G1 Evacuation Pause)
[2024-08-28T13:09:43.083+0000][info][gc,task     ] GC(403) Using 49 workers of 68 for evacuation
[2024-08-28T13:09:43.098+0000][info][gc,phases   ] GC(403)   Pre Evacuate Collection Set: 0.5ms
[2024-08-28T13:09:43.098+0000][info][gc,phases   ] GC(403)   Merge Heap Roots: 0.8ms
[2024-08-28T13:09:43.098+0000][info][gc,phases   ] GC(403)   Evacuate Collection Set: 12.5ms
[2024-08-28T13:09:43.098+0000][info][gc,phases   ] GC(403)   Post Evacuate Collection Set: 0.7ms
[2024-08-28T13:09:43.098+0000][info][gc,phases   ] GC(403)   Other: 0.3ms
[2024-08-28T13:09:43.098+0000][info][gc,heap     ] GC(403) Eden regions: 89->0(89)
[2024-08-28T13:09:43.098+0000][info][gc,heap     ] GC(403) Survivor regions: 13->13(13)
[2024-08-28T13:09:43.098+0000][info][gc,heap     ] GC(403) Old regions: 1319->1208
[2024-08-28T13:09:43.098+0000][info][gc,heap     ] GC(403) Archive regions: 2->2
[2024-08-28T13:09:43.098+0000][info][gc,heap     ] GC(403) Humongous regions: 5->5
[2024-08-28T13:09:43.098+0000][info][gc,metaspace] GC(403) Metaspace: 100K(320K)->100K(320K) NonClass: 96K(192K)->96K(192K) Class: 4K(128K)->4K(128K)
[2024-08-28T13:09:43.098+0000][info][gc          ] GC(403) Pause Young (Mixed) (G1 Evacuation Pause) 1426M->1226M(2048M) 14.826ms
[2024-08-28T13:09:43.098+0000][info][gc,cpu      ] GC(403) User=0.64s Sys=0.00s Real=0.02s
[2024-08-28T13:09:43.148+0000][info][gc,start    ] GC(404) Pause Young (Mixed) (G1 Evacuation Pause)
[2024-08-28T13:09:43.148+0000][info][gc,task     ] GC(404) Using 49 workers of 68 for evacuation
[2024-08-28T13:09:43.163+0000][info][gc,phases   ] GC(404)   Pre Evacuate Collection Set: 0.4ms
[2024-08-28T13:09:43.163+0000][info][gc,phases   ] GC(404)   Merge Heap Roots: 0.6ms
[2024-08-28T13:09:43.163+0000][info][gc,phases   ] GC(404)   Evacuate Collection Set: 12.7ms
[2024-08-28T13:09:43.163+0000][info][gc,phases   ] GC(404)   Post Evacuate Collection Set: 0.7ms
[2024-08-28T13:09:43.163+0000][info][gc,phases   ] GC(404)   Other: 0.3ms
[2024-08-28T13:09:43.163+0000][info][gc,heap     ] GC(404) Eden regions: 89->0(89)
[2024-08-28T13:09:43.163+0000][info][gc,heap     ] GC(404) Survivor regions: 13->13(13)
[2024-08-28T13:09:43.163+0000][info][gc,heap     ] GC(404) Old regions: 1208->1097
[2024-08-28T13:09:43.163+0000][info][gc,heap     ] GC(404) Archive regions: 2->2
[2024-08-28T13:09:43.163+0000][info][gc,heap     ] GC(404) Humongous regions: 5->5
[2024-08-28T13:09:43.163+0000][info][gc,metaspace] GC(404) Metaspace: 100K(320K)->100K(320K) NonClass: 96K(192K)->96K(192K) Class: 4K(128K)->4K(128K)
[2024-08-28T13:09:43.163+0000][info][gc          ] GC(404) Pause Young (Mixed) (G1 Evacuation Pause) 1315M->1115M(2048M) 14.776ms
[2024-08-28T13:09:43.163+0000][info][gc,cpu      ] GC(404) User=0.64s Sys=0.00s Real=0.02s
[2024-08-28T13:09:43.212+0000][info][gc,start    ] GC(405) Pause Young (Mixed) (G1 Evacuation Pause)
[2024-08-28T13:09:43.212+0000][info][gc,task     ] GC(405) Using 49 workers of 68 for evacuation
[2024-08-28T13:09:43.227+0000][info][gc,phases   ] GC(405)   Pre Evacuate Collection Set: 0.3ms
[2024-08-28T13:09:43.227+0000][info][gc,phases   ] GC(405)   Merge Heap Roots: 0.8ms
[2024-08-28T13:09:43.227+0000][info][gc,phases   ] GC(405)   Evacuate Collection Set: 12.5ms
[2024-08-28T13:09:43.227+0000][info][gc,phases   ] GC(405)   Post Evacuate Collection Set: 0.6ms
[2024-08-28T13:09:43.227+0000][info][gc,phases   ] GC(405)   Other: 0.3ms
[2024-08-28T13:09:43.227+0000][info][gc,heap     ] GC(405) Eden regions: 89->0(224)
[2024-08-28T13:09:43.227+0000][info][gc,heap     ] GC(405) Survivor regions: 13->13(13)
[2024-08-28T13:09:43.227+0000][info][gc,heap     ] GC(405) Old regions: 1097->1127
[2024-08-28T13:09:43.227+0000][info][gc,heap     ] GC(405) Archive regions: 2->2
[2024-08-28T13:09:43.227+0000][info][gc,heap     ] GC(405) Humongous regions: 5->5
[2024-08-28T13:09:43.227+0000][info][gc,metaspace] GC(405) Metaspace: 100K(320K)->100K(320K) NonClass: 96K(192K)->96K(192K) Class: 4K(128K)->4K(128K)
[2024-08-28T13:09:43.227+0000][info][gc          ] GC(405) Pause Young (Mixed) (G1 Evacuation Pause) 1204M->1145M(2048M) 14.634ms
[2024-08-28T13:09:43.227+0000][info][gc,cpu      ] GC(405) User=0.65s Sys=0.00s Real=0.01s
[2024-08-28T13:09:43.353+0000][info][gc,start    ] GC(406) Pause Young (Normal) (G1 Evacuation Pause)
[2024-08-28T13:09:43.353+0000][info][gc,task     ] GC(406) Using 49 workers of 68 for evacuation
[2024-08-28T13:09:43.381+0000][info][gc,phases   ] GC(406)   Pre Evacuate Collection Set: 0.3ms
[2024-08-28T13:09:43.381+0000][info][gc,phases   ] GC(406)   Merge Heap Roots: 1.2ms
[2024-08-28T13:09:43.381+0000][info][gc,phases   ] GC(406)   Evacuate Collection Set: 25.6ms
[2024-08-28T13:09:43.381+0000][info][gc,phases   ] GC(406)   Post Evacuate Collection Set: 0.7ms
[2024-08-28T13:09:43.381+0000][info][gc,phases   ] GC(406)   Other: 0.3ms
[2024-08-28T13:09:43.381+0000][info][gc,heap     ] GC(406) Eden regions: 224->0(152)
[2024-08-28T13:09:43.381+0000][info][gc,heap     ] GC(406) Survivor regions: 13->30(30)
[2024-08-28T13:09:43.381+0000][info][gc,heap     ] GC(406) Old regions: 1127->1331
[2024-08-28T13:09:43.381+0000][info][gc,heap     ] GC(406) Archive regions: 2->2
[2024-08-28T13:09:43.381+0000][info][gc,heap     ] GC(406) Humongous regions: 5->5
[2024-08-28T13:09:43.381+0000][info][gc,metaspace] GC(406) Metaspace: 100K(320K)->100K(320K) NonClass: 96K(192K)->96K(192K) Class: 4K(128K)->4K(128K)
[2024-08-28T13:09:43.381+0000][info][gc          ] GC(406) Pause Young (Normal) (G1 Evacuation Pause) 1369M->1366M(2048M) 28.231ms
[2024-08-28T13:09:43.381+0000][info][gc,cpu      ] GC(406) User=1.29s Sys=0.00s Real=0.03s
[2024-08-28T13:09:43.467+0000][info][gc,start    ] GC(407) Pause Young (Concurrent Start) (G1 Evacuation Pause)
[2024-08-28T13:09:43.467+0000][info][gc,task     ] GC(407) Using 49 workers of 68 for evacuation
[2024-08-28T13:09:43.493+0000][info][gc,phases   ] GC(407)   Pre Evacuate Collection Set: 0.3ms
[2024-08-28T13:09:43.493+0000][info][gc,phases   ] GC(407)   Merge Heap Roots: 0.7ms
[2024-08-28T13:09:43.493+0000][info][gc,phases   ] GC(407)   Evacuate Collection Set: 23.7ms
[2024-08-28T13:09:43.493+0000][info][gc,phases   ] GC(407)   Post Evacuate Collection Set: 0.7ms
[2024-08-28T13:09:43.493+0000][info][gc,phases   ] GC(407)   Other: 1.2ms
[2024-08-28T13:09:43.493+0000][info][gc,heap     ] GC(407) Eden regions: 152->0(101)
[2024-08-28T13:09:43.493+0000][info][gc,heap     ] GC(407) Survivor regions: 30->23(23)
[2024-08-28T13:09:43.494+0000][info][gc,heap     ] GC(407) Old regions: 1331->1494
[2024-08-28T13:09:43.494+0000][info][gc,heap     ] GC(407) Archive regions: 2->2
[2024-08-28T13:09:43.494+0000][info][gc,heap     ] GC(407) Humongous regions: 5->5
[2024-08-28T13:09:43.494+0000][info][gc,metaspace] GC(407) Metaspace: 100K(320K)->100K(320K) NonClass: 96K(192K)->96K(192K) Class: 4K(128K)->4K(128K)
[2024-08-28T13:09:43.494+0000][info][gc          ] GC(407) Pause Young (Concurrent Start) (G1 Evacuation Pause) 1518M->1522M(2048M) 26.764ms
[2024-08-28T13:09:43.494+0000][info][gc,cpu      ] GC(407) User=1.17s Sys=0.00s Real=0.03s
[2024-08-28T13:09:43.494+0000][info][gc          ] GC(408) Concurrent Mark Cycle
[2024-08-28T13:09:43.494+0000][info][gc,marking  ] GC(408) Concurrent Clear Claimed Marks
[2024-08-28T13:09:43.494+0000][info][gc,marking  ] GC(408) Concurrent Clear Claimed Marks 0.010ms
[2024-08-28T13:09:43.494+0000][info][gc,marking  ] GC(408) Concurrent Scan Root Regions
[2024-08-28T13:09:43.498+0000][info][gc,marking  ] GC(408) Concurrent Scan Root Regions 4.551ms
[2024-08-28T13:09:43.498+0000][info][gc,marking  ] GC(408) Concurrent Mark
[2024-08-28T13:09:43.498+0000][info][gc,marking  ] GC(408) Concurrent Mark From Roots
[2024-08-28T13:09:43.498+0000][info][gc,task     ] GC(408) Using 17 workers of 17 for marking
[2024-08-28T13:09:43.516+0000][info][gc,marking  ] GC(408) Concurrent Mark From Roots 17.708ms
[2024-08-28T13:09:43.516+0000][info][gc,marking  ] GC(408) Concurrent Preclean
[2024-08-28T13:09:43.517+0000][info][gc,marking  ] GC(408) Concurrent Preclean 0.863ms
[2024-08-28T13:09:43.517+0000][info][gc,start    ] GC(408) Pause Remark
[2024-08-28T13:09:43.520+0000][info][gc          ] GC(408) Pause Remark 1544M->1359M(2048M) 2.923ms
[2024-08-28T13:09:43.520+0000][info][gc,cpu      ] GC(408) User=0.02s Sys=0.00s Real=0.01s
[2024-08-28T13:09:43.520+0000][info][gc,marking  ] GC(408) Concurrent Mark 22.010ms
[2024-08-28T13:09:43.520+0000][info][gc,marking  ] GC(408) Concurrent Rebuild Remembered Sets
[2024-08-28T13:09:43.568+0000][info][gc,marking  ] GC(408) Concurrent Rebuild Remembered Sets 47.375ms
[2024-08-28T13:09:43.568+0000][info][gc,start    ] GC(408) Pause Cleanup
[2024-08-28T13:09:43.572+0000][info][gc          ] GC(408) Pause Cleanup 1414M->1414M(2048M) 3.540ms
[2024-08-28T13:09:43.572+0000][info][gc,cpu      ] GC(408) User=0.01s Sys=0.00s Real=0.01s
[2024-08-28T13:09:43.572+0000][info][gc,marking  ] GC(408) Concurrent Cleanup for Next Mark
[2024-08-28T13:09:43.573+0000][info][gc,marking  ] GC(408) Concurrent Cleanup for Next Mark 1.515ms
[2024-08-28T13:09:43.573+0000][info][gc          ] GC(408) Concurrent Mark Cycle 79.717ms
[2024-08-28T13:09:43.589+0000][info][gc,start    ] GC(409) Pause Young (Prepare Mixed) (G1 Evacuation Pause)
[2024-08-28T13:09:43.589+0000][info][gc,task     ] GC(409) Using 49 workers of 68 for evacuation
[2024-08-28T13:09:43.606+0000][info][gc,phases   ] GC(409)   Pre Evacuate Collection Set: 0.2ms
[2024-08-28T13:09:43.606+0000][info][gc,phases   ] GC(409)   Merge Heap Roots: 0.6ms
[2024-08-28T13:09:43.606+0000][info][gc,phases   ] GC(409)   Evacuate Collection Set: 15.5ms
[2024-08-28T13:09:43.606+0000][info][gc,phases   ] GC(409)   Post Evacuate Collection Set: 0.6ms
[2024-08-28T13:09:43.606+0000][info][gc,phases   ] GC(409)   Other: 0.3ms
[2024-08-28T13:09:43.606+0000][info][gc,heap     ] GC(409) Eden regions: 101->0(86)
[2024-08-28T13:09:43.606+0000][info][gc,heap     ] GC(409) Survivor regions: 23->16(16)
[2024-08-28T13:09:43.606+0000][info][gc,heap     ] GC(409) Old regions: 1309->1427
[2024-08-28T13:09:43.606+0000][info][gc,heap     ] GC(409) Archive regions: 2->2
[2024-08-28T13:09:43.606+0000][info][gc,heap     ] GC(409) Humongous regions: 5->5
[2024-08-28T13:09:43.606+0000][info][gc,metaspace] GC(409) Metaspace: 100K(320K)->100K(320K) NonClass: 96K(192K)->96K(192K) Class: 4K(128K)->4K(128K)
[2024-08-28T13:09:43.606+0000][info][gc          ] GC(409) Pause Young (Prepare Mixed) (G1 Evacuation Pause) 1438M->1448M(2048M) 17.323ms
[2024-08-28T13:09:43.606+0000][info][gc,cpu      ] GC(409) User=0.75s Sys=0.02s Real=0.02s
[2024-08-28T13:09:43.655+0000][info][gc,start    ] GC(410) Pause Young (Mixed) (G1 Evacuation Pause)
[2024-08-28T13:09:43.655+0000][info][gc,task     ] GC(410) Using 49 workers of 68 for evacuation
[2024-08-28T13:09:43.676+0000][info][gc,phases   ] GC(410)   Pre Evacuate Collection Set: 0.4ms
[2024-08-28T13:09:43.676+0000][info][gc,phases   ] GC(410)   Merge Heap Roots: 0.8ms
[2024-08-28T13:09:43.676+0000][info][gc,phases   ] GC(410)   Evacuate Collection Set: 18.9ms
[2024-08-28T13:09:43.676+0000][info][gc,phases   ] GC(410)   Post Evacuate Collection Set: 0.6ms
[2024-08-28T13:09:43.676+0000][info][gc,phases   ] GC(410)   Other: 0.3ms
[2024-08-28T13:09:43.676+0000][info][gc,heap     ] GC(410) Eden regions: 86->0(89)
[2024-08-28T13:09:43.676+0000][info][gc,heap     ] GC(410) Survivor regions: 16->13(13)
[2024-08-28T13:09:43.677+0000][info][gc,heap     ] GC(410) Old regions: 1427->1318
[2024-08-28T13:09:43.677+0000][info][gc,heap     ] GC(410) Archive regions: 2->2
[2024-08-28T13:09:43.677+0000][info][gc,heap     ] GC(410) Humongous regions: 5->5
[2024-08-28T13:09:43.677+0000][info][gc,metaspace] GC(410) Metaspace: 100K(320K)->100K(320K) NonClass: 96K(192K)->96K(192K) Class: 4K(128K)->4K(128K)
[2024-08-28T13:09:43.677+0000][info][gc          ] GC(410) Pause Young (Mixed) (G1 Evacuation Pause) 1534M->1336M(2048M) 21.135ms
[2024-08-28T13:09:43.677+0000][info][gc,cpu      ] GC(410) User=0.76s Sys=0.02s Real=0.02s
[2024-08-28T13:09:43.735+0000][info][gc,start    ] GC(411) Pause Young (Mixed) (G1 Evacuation Pause)
[2024-08-28T13:09:43.735+0000][info][gc,task     ] GC(411) Using 49 workers of 68 for evacuation
[2024-08-28T13:09:43.751+0000][info][gc,phases   ] GC(411)   Pre Evacuate Collection Set: 0.5ms
[2024-08-28T13:09:43.751+0000][info][gc,phases   ] GC(411)   Merge Heap Roots: 0.5ms
[2024-08-28T13:09:43.751+0000][info][gc,phases   ] GC(411)   Evacuate Collection Set: 14.5ms
[2024-08-28T13:09:43.751+0000][info][gc,phases   ] GC(411)   Post Evacuate Collection Set: 0.7ms
[2024-08-28T13:09:43.751+0000][info][gc,phases   ] GC(411)   Other: 0.3ms
[2024-08-28T13:09:43.751+0000][info][gc,heap     ] GC(411) Eden regions: 89->0(89)
[2024-08-28T13:09:43.751+0000][info][gc,heap     ] GC(411) Survivor regions: 13->13(13)
[2024-08-28T13:09:43.751+0000][info][gc,heap     ] GC(411) Old regions: 1318->1208
[2024-08-28T13:09:43.751+0000][info][gc,heap     ] GC(411) Archive regions: 2->2
[2024-08-28T13:09:43.751+0000][info][gc,heap     ] GC(411) Humongous regions: 5->5
[2024-08-28T13:09:43.751+0000][info][gc,metaspace] GC(411) Metaspace: 100K(320K)->100K(320K) NonClass: 96K(192K)->96K(192K) Class: 4K(128K)->4K(128K)
[2024-08-28T13:09:43.752+0000][info][gc          ] GC(411) Pause Young (Mixed) (G1 Evacuation Pause) 1425M->1226M(2048M) 16.549ms
[2024-08-28T13:09:43.752+0000][info][gc,cpu      ] GC(411) User=0.61s Sys=0.12s Real=0.02s
[2024-08-28T13:09:43.803+0000][info][gc,start    ] GC(412) Pause Young (Mixed) (G1 Evacuation Pause)
[2024-08-28T13:09:43.803+0000][info][gc,task     ] GC(412) Using 49 workers of 68 for evacuation
[2024-08-28T13:09:43.823+0000][info][gc,phases   ] GC(412)   Pre Evacuate Collection Set: 0.4ms
[2024-08-28T13:09:43.824+0000][info][gc,phases   ] GC(412)   Merge Heap Roots: 0.9ms
[2024-08-28T13:09:43.824+0000][info][gc,phases   ] GC(412)   Evacuate Collection Set: 18.4ms
[2024-08-28T13:09:43.824+0000][info][gc,phases   ] GC(412)   Post Evacuate Collection Set: 0.8ms
[2024-08-28T13:09:43.824+0000][info][gc,phases   ] GC(412)   Other: 0.3ms
[2024-08-28T13:09:43.824+0000][info][gc,heap     ] GC(412) Eden regions: 89->0(89)
[2024-08-28T13:09:43.824+0000][info][gc,heap     ] GC(412) Survivor regions: 13->13(13)
[2024-08-28T13:09:43.824+0000][info][gc,heap     ] GC(412) Old regions: 1208->1097
[2024-08-28T13:09:43.824+0000][info][gc,heap     ] GC(412) Archive regions: 2->2
[2024-08-28T13:09:43.824+0000][info][gc,heap     ] GC(412) Humongous regions: 5->5
[2024-08-28T13:09:43.824+0000][info][gc,metaspace] GC(412) Metaspace: 100K(320K)->100K(320K) NonClass: 96K(192K)->96K(192K) Class: 4K(128K)->4K(128K)
[2024-08-28T13:09:43.824+0000][info][gc          ] GC(412) Pause Young (Mixed) (G1 Evacuation Pause) 1315M->1115M(2048M) 20.899ms
[2024-08-28T13:09:43.824+0000][info][gc,cpu      ] GC(412) User=0.65s Sys=0.04s Real=0.02s
[2024-08-28T13:09:43.879+0000][info][gc,start    ] GC(413) Pause Young (Mixed) (G1 Evacuation Pause)
[2024-08-28T13:09:43.879+0000][info][gc,task     ] GC(413) Using 49 workers of 68 for evacuation
[2024-08-28T13:09:43.899+0000][info][gc,phases   ] GC(413)   Pre Evacuate Collection Set: 0.3ms
[2024-08-28T13:09:43.899+0000][info][gc,phases   ] GC(413)   Merge Heap Roots: 0.5ms
[2024-08-28T13:09:43.899+0000][info][gc,phases   ] GC(413)   Evacuate Collection Set: 18.0ms
[2024-08-28T13:09:43.899+0000][info][gc,phases   ] GC(413)   Post Evacuate Collection Set: 0.7ms
[2024-08-28T13:09:43.899+0000][info][gc,phases   ] GC(413)   Other: 0.3ms
[2024-08-28T13:09:43.899+0000][info][gc,heap     ] GC(413) Eden regions: 89->0(222)
[2024-08-28T13:09:43.899+0000][info][gc,heap     ] GC(413) Survivor regions: 13->13(13)
[2024-08-28T13:09:43.899+0000][info][gc,heap     ] GC(413) Old regions: 1097->1131
[2024-08-28T13:09:43.899+0000][info][gc,heap     ] GC(413) Archive regions: 2->2
[2024-08-28T13:09:43.899+0000][info][gc,heap     ] GC(413) Humongous regions: 5->5
[2024-08-28T13:09:43.899+0000][info][gc,metaspace] GC(413) Metaspace: 100K(320K)->100K(320K) NonClass: 96K(192K)->96K(192K) Class: 4K(128K)->4K(128K)
[2024-08-28T13:09:43.899+0000][info][gc          ] GC(413) Pause Young (Mixed) (G1 Evacuation Pause) 1204M->1149M(2048M) 19.917ms
[2024-08-28T13:09:43.899+0000][info][gc,cpu      ] GC(413) User=0.47s Sys=0.43s Real=0.02s
[2024-08-28T13:09:44.034+0000][info][gc,start    ] GC(414) Pause Young (Normal) (G1 Evacuation Pause)
[2024-08-28T13:09:44.034+0000][info][gc,task     ] GC(414) Using 49 workers of 68 for evacuation
[2024-08-28T13:09:44.062+0000][info][gc,phases   ] GC(414)   Pre Evacuate Collection Set: 0.4ms
[2024-08-28T13:09:44.062+0000][info][gc,phases   ] GC(414)   Merge Heap Roots: 0.7ms
[2024-08-28T13:09:44.062+0000][info][gc,phases   ] GC(414)   Evacuate Collection Set: 26.0ms
[2024-08-28T13:09:44.062+0000][info][gc,phases   ] GC(414)   Post Evacuate Collection Set: 0.6ms
[2024-08-28T13:09:44.062+0000][info][gc,phases   ] GC(414)   Other: 0.2ms
[2024-08-28T13:09:44.062+0000][info][gc,heap     ] GC(414) Eden regions: 222->0(152)
[2024-08-28T13:09:44.062+0000][info][gc,heap     ] GC(414) Survivor regions: 13->30(30)
[2024-08-28T13:09:44.062+0000][info][gc,heap     ] GC(414) Old regions: 1131->1331
[2024-08-28T13:09:44.062+0000][info][gc,heap     ] GC(414) Archive regions: 2->2
[2024-08-28T13:09:44.062+0000][info][gc,heap     ] GC(414) Humongous regions: 5->5
[2024-08-28T13:09:44.062+0000][info][gc,metaspace] GC(414) Metaspace: 100K(320K)->100K(320K) NonClass: 96K(192K)->96K(192K) Class: 4K(128K)->4K(128K)
[2024-08-28T13:09:44.062+0000][info][gc          ] GC(414) Pause Young (Normal) (G1 Evacuation Pause) 1371M->1366M(2048M) 28.047ms
[2024-08-28T13:09:44.063+0000][info][gc,cpu      ] GC(414) User=1.05s Sys=0.24s Real=0.03s
[2024-08-28T13:09:44.145+0000][info][gc,start    ] GC(415) Pause Young (Concurrent Start) (G1 Evacuation Pause)
[2024-08-28T13:09:44.145+0000][info][gc,task     ] GC(415) Using 49 workers of 68 for evacuation
[2024-08-28T13:09:44.170+0000][info][gc,phases   ] GC(415)   Pre Evacuate Collection Set: 0.4ms
[2024-08-28T13:09:44.170+0000][info][gc,phases   ] GC(415)   Merge Heap Roots: 0.6ms
[2024-08-28T13:09:44.170+0000][info][gc,phases   ] GC(415)   Evacuate Collection Set: 22.6ms
[2024-08-28T13:09:44.170+0000][info][gc,phases   ] GC(415)   Post Evacuate Collection Set: 0.6ms
[2024-08-28T13:09:44.170+0000][info][gc,phases   ] GC(415)   Other: 0.7ms
[2024-08-28T13:09:44.170+0000][info][gc,heap     ] GC(415) Eden regions: 152->0(101)
[2024-08-28T13:09:44.170+0000][info][gc,heap     ] GC(415) Survivor regions: 30->23(23)
[2024-08-28T13:09:44.170+0000][info][gc,heap     ] GC(415) Old regions: 1331->1495
[2024-08-28T13:09:44.170+0000][info][gc,heap     ] GC(415) Archive regions: 2->2
[2024-08-28T13:09:44.170+0000][info][gc,heap     ] GC(415) Humongous regions: 5->5
[2024-08-28T13:09:44.170+0000][info][gc,metaspace] GC(415) Metaspace: 100K(320K)->100K(320K) NonClass: 96K(192K)->96K(192K) Class: 4K(128K)->4K(128K)
[2024-08-28T13:09:44.170+0000][info][gc          ] GC(415) Pause Young (Concurrent Start) (G1 Evacuation Pause) 1518M->1523M(2048M) 24.993ms
[2024-08-28T13:09:44.170+0000][info][gc,cpu      ] GC(415) User=1.08s Sys=0.02s Real=0.03s
[2024-08-28T13:09:44.170+0000][info][gc          ] GC(416) Concurrent Mark Cycle
[2024-08-28T13:09:44.170+0000][info][gc,marking  ] GC(416) Concurrent Clear Claimed Marks
[2024-08-28T13:09:44.170+0000][info][gc,marking  ] GC(416) Concurrent Clear Claimed Marks 0.010ms
[2024-08-28T13:09:44.170+0000][info][gc,marking  ] GC(416) Concurrent Scan Root Regions
[2024-08-28T13:09:44.175+0000][info][gc,marking  ] GC(416) Concurrent Scan Root Regions 4.663ms
[2024-08-28T13:09:44.175+0000][info][gc,marking  ] GC(416) Concurrent Mark
[2024-08-28T13:09:44.175+0000][info][gc,marking  ] GC(416) Concurrent Mark From Roots
[2024-08-28T13:09:44.175+0000][info][gc,task     ] GC(416) Using 17 workers of 17 for marking
[2024-08-28T13:09:44.193+0000][info][gc,marking  ] GC(416) Concurrent Mark From Roots 18.028ms
[2024-08-28T13:09:44.193+0000][info][gc,marking  ] GC(416) Concurrent Preclean
[2024-08-28T13:09:44.194+0000][info][gc,marking  ] GC(416) Concurrent Preclean 0.547ms
[2024-08-28T13:09:44.194+0000][info][gc,start    ] GC(416) Pause Remark
[2024-08-28T13:09:44.196+0000][info][gc          ] GC(416) Pause Remark 1545M->1376M(2048M) 1.889ms
[2024-08-28T13:09:44.196+0000][info][gc,cpu      ] GC(416) User=0.01s Sys=0.01s Real=0.00s
[2024-08-28T13:09:44.196+0000][info][gc,marking  ] GC(416) Concurrent Mark 20.913ms
[2024-08-28T13:09:44.196+0000][info][gc,marking  ] GC(416) Concurrent Rebuild Remembered Sets
[2024-08-28T13:09:44.244+0000][info][gc,marking  ] GC(416) Concurrent Rebuild Remembered Sets 48.254ms
[2024-08-28T13:09:44.244+0000][info][gc,start    ] GC(416) Pause Cleanup
[2024-08-28T13:09:44.248+0000][info][gc          ] GC(416) Pause Cleanup 1446M->1446M(2048M) 3.172ms
[2024-08-28T13:09:44.248+0000][info][gc,cpu      ] GC(416) User=0.02s Sys=0.00s Real=0.00s
[2024-08-28T13:09:44.248+0000][info][gc,marking  ] GC(416) Concurrent Cleanup for Next Mark
[2024-08-28T13:09:44.249+0000][info][gc,marking  ] GC(416) Concurrent Cleanup for Next Mark 1.549ms
[2024-08-28T13:09:44.249+0000][info][gc          ] GC(416) Concurrent Mark Cycle 79.172ms
[2024-08-28T13:09:44.255+0000][info][gc,start    ] GC(417) Pause Young (Prepare Mixed) (G1 Evacuation Pause)
[2024-08-28T13:09:44.255+0000][info][gc,task     ] GC(417) Using 49 workers of 68 for evacuation
[2024-08-28T13:09:44.272+0000][info][gc,phases   ] GC(417)   Pre Evacuate Collection Set: 0.4ms
[2024-08-28T13:09:44.272+0000][info][gc,phases   ] GC(417)   Merge Heap Roots: 1.0ms
[2024-08-28T13:09:44.272+0000][info][gc,phases   ] GC(417)   Evacuate Collection Set: 15.0ms
[2024-08-28T13:09:44.272+0000][info][gc,phases   ] GC(417)   Post Evacuate Collection Set: 0.5ms
[2024-08-28T13:09:44.272+0000][info][gc,phases   ] GC(417)   Other: 0.2ms
[2024-08-28T13:09:44.272+0000][info][gc,heap     ] GC(417) Eden regions: 101->0(86)
[2024-08-28T13:09:44.272+0000][info][gc,heap     ] GC(417) Survivor regions: 23->16(16)
[2024-08-28T13:09:44.272+0000][info][gc,heap     ] GC(417) Old regions: 1326->1441
[2024-08-28T13:09:44.272+0000][info][gc,heap     ] GC(417) Archive regions: 2->2
[2024-08-28T13:09:44.272+0000][info][gc,heap     ] GC(417) Humongous regions: 5->5
[2024-08-28T13:09:44.272+0000][info][gc,metaspace] GC(417) Metaspace: 100K(320K)->100K(320K) NonClass: 96K(192K)->96K(192K) Class: 4K(128K)->4K(128K)
[2024-08-28T13:09:44.272+0000][info][gc          ] GC(417) Pause Young (Prepare Mixed) (G1 Evacuation Pause) 1455M->1462M(2048M) 17.119ms
[2024-08-28T13:09:44.272+0000][info][gc,cpu      ] GC(417) User=0.70s Sys=0.06s Real=0.02s
[2024-08-28T13:09:44.316+0000][info][gc,start    ] GC(418) Pause Young (Mixed) (G1 Evacuation Pause)
[2024-08-28T13:09:44.317+0000][info][gc,task     ] GC(418) Using 49 workers of 68 for evacuation
[2024-08-28T13:09:44.331+0000][info][gc,phases   ] GC(418)   Pre Evacuate Collection Set: 0.4ms
[2024-08-28T13:09:44.331+0000][info][gc,phases   ] GC(418)   Merge Heap Roots: 0.4ms
[2024-08-28T13:09:44.331+0000][info][gc,phases   ] GC(418)   Evacuate Collection Set: 13.2ms
[2024-08-28T13:09:44.331+0000][info][gc,phases   ] GC(418)   Post Evacuate Collection Set: 0.5ms
[2024-08-28T13:09:44.331+0000][info][gc,phases   ] GC(418)   Other: 0.2ms
[2024-08-28T13:09:44.331+0000][info][gc,heap     ] GC(418) Eden regions: 86->0(89)
[2024-08-28T13:09:44.331+0000][info][gc,heap     ] GC(418) Survivor regions: 16->13(13)
[2024-08-28T13:09:44.331+0000][info][gc,heap     ] GC(418) Old regions: 1441->1334
[2024-08-28T13:09:44.331+0000][info][gc,heap     ] GC(418) Archive regions: 2->2
[2024-08-28T13:09:44.331+0000][info][gc,heap     ] GC(418) Humongous regions: 5->5
[2024-08-28T13:09:44.331+0000][info][gc,metaspace] GC(418) Metaspace: 100K(320K)->100K(320K) NonClass: 96K(192K)->96K(192K) Class: 4K(128K)->4K(128K)
[2024-08-28T13:09:44.331+0000][info][gc          ] GC(418) Pause Young (Mixed) (G1 Evacuation Pause) 1548M->1352M(2048M) 14.820ms
[2024-08-28T13:09:44.331+0000][info][gc,cpu      ] GC(418) User=0.64s Sys=0.02s Real=0.02s
[2024-08-28T13:09:44.384+0000][info][gc,start    ] GC(419) Pause Young (Mixed) (G1 Evacuation Pause)
[2024-08-28T13:09:44.385+0000][info][gc,task     ] GC(419) Using 49 workers of 68 for evacuation
[2024-08-28T13:09:44.399+0000][info][gc,phases   ] GC(419)   Pre Evacuate Collection Set: 0.4ms
[2024-08-28T13:09:44.400+0000][info][gc,phases   ] GC(419)   Merge Heap Roots: 0.7ms
[2024-08-28T13:09:44.400+0000][info][gc,phases   ] GC(419)   Evacuate Collection Set: 13.2ms
[2024-08-28T13:09:44.400+0000][info][gc,phases   ] GC(419)   Post Evacuate Collection Set: 0.5ms
[2024-08-28T13:09:44.400+0000][info][gc,phases   ] GC(419)   Other: 0.2ms
[2024-08-28T13:09:44.400+0000][info][gc,heap     ] GC(419) Eden regions: 89->0(89)
[2024-08-28T13:09:44.400+0000][info][gc,heap     ] GC(419) Survivor regions: 13->13(13)
[2024-08-28T13:09:44.400+0000][info][gc,heap     ] GC(419) Old regions: 1334->1221
[2024-08-28T13:09:44.400+0000][info][gc,heap     ] GC(419) Archive regions: 2->2
[2024-08-28T13:09:44.400+0000][info][gc,heap     ] GC(419) Humongous regions: 5->5
[2024-08-28T13:09:44.400+0000][info][gc,metaspace] GC(419) Metaspace: 100K(320K)->100K(320K) NonClass: 96K(192K)->96K(192K) Class: 4K(128K)->4K(128K)
[2024-08-28T13:09:44.400+0000][info][gc          ] GC(419) Pause Young (Mixed) (G1 Evacuation Pause) 1441M->1239M(2048M) 15.101ms
[2024-08-28T13:09:44.400+0000][info][gc,cpu      ] GC(419) User=0.59s Sys=0.08s Real=0.02s
[2024-08-28T13:09:44.452+0000][info][gc,start    ] GC(420) Pause Young (Mixed) (G1 Evacuation Pause)
[2024-08-28T13:09:44.452+0000][info][gc,task     ] GC(420) Using 49 workers of 68 for evacuation
[2024-08-28T13:09:44.467+0000][info][gc,phases   ] GC(420)   Pre Evacuate Collection Set: 0.4ms
[2024-08-28T13:09:44.467+0000][info][gc,phases   ] GC(420)   Merge Heap Roots: 0.4ms
[2024-08-28T13:09:44.467+0000][info][gc,phases   ] GC(420)   Evacuate Collection Set: 12.8ms
[2024-08-28T13:09:44.467+0000][info][gc,phases   ] GC(420)   Post Evacuate Collection Set: 0.6ms
[2024-08-28T13:09:44.467+0000][info][gc,phases   ] GC(420)   Other: 0.2ms
[2024-08-28T13:09:44.467+0000][info][gc,heap     ] GC(420) Eden regions: 89->0(89)
[2024-08-28T13:09:44.467+0000][info][gc,heap     ] GC(420) Survivor regions: 13->13(13)
[2024-08-28T13:09:44.467+0000][info][gc,heap     ] GC(420) Old regions: 1221->1111
[2024-08-28T13:09:44.467+0000][info][gc,heap     ] GC(420) Archive regions: 2->2
[2024-08-28T13:09:44.467+0000][info][gc,heap     ] GC(420) Humongous regions: 5->5
[2024-08-28T13:09:44.467+0000][info][gc,metaspace] GC(420) Metaspace: 100K(320K)->100K(320K) NonClass: 96K(192K)->96K(192K) Class: 4K(128K)->4K(128K)
[2024-08-28T13:09:44.467+0000][info][gc          ] GC(420) Pause Young (Mixed) (G1 Evacuation Pause) 1328M->1129M(2048M) 14.460ms
[2024-08-28T13:09:44.467+0000][info][gc,cpu      ] GC(420) User=0.60s Sys=0.02s Real=0.01s
[2024-08-28T13:09:44.519+0000][info][gc,start    ] GC(421) Pause Young (Mixed) (G1 Evacuation Pause)
[2024-08-28T13:09:44.519+0000][info][gc,task     ] GC(421) Using 49 workers of 68 for evacuation
[2024-08-28T13:09:44.532+0000][info][gc,phases   ] GC(421)   Pre Evacuate Collection Set: 0.4ms
[2024-08-28T13:09:44.532+0000][info][gc,phases   ] GC(421)   Merge Heap Roots: 0.5ms
[2024-08-28T13:09:44.532+0000][info][gc,phases   ] GC(421)   Evacuate Collection Set: 12.1ms
[2024-08-28T13:09:44.532+0000][info][gc,phases   ] GC(421)   Post Evacuate Collection Set: 0.5ms
[2024-08-28T13:09:44.532+0000][info][gc,phases   ] GC(421)   Other: 0.2ms
[2024-08-28T13:09:44.532+0000][info][gc,heap     ] GC(421) Eden regions: 89->0(224)
[2024-08-28T13:09:44.532+0000][info][gc,heap     ] GC(421) Survivor regions: 13->13(13)
[2024-08-28T13:09:44.532+0000][info][gc,heap     ] GC(421) Old regions: 1111->1127
[2024-08-28T13:09:44.532+0000][info][gc,heap     ] GC(421) Archive regions: 2->2
[2024-08-28T13:09:44.532+0000][info][gc,heap     ] GC(421) Humongous regions: 5->5
[2024-08-28T13:09:44.533+0000][info][gc,metaspace] GC(421) Metaspace: 100K(320K)->100K(320K) NonClass: 96K(192K)->96K(192K) Class: 4K(128K)->4K(128K)
[2024-08-28T13:09:44.533+0000][info][gc          ] GC(421) Pause Young (Mixed) (G1 Evacuation Pause) 1218M->1145M(2048M) 13.800ms
[2024-08-28T13:09:44.533+0000][info][gc,cpu      ] GC(421) User=0.59s Sys=0.00s Real=0.01s
[2024-08-28T13:09:44.667+0000][info][gc,start    ] GC(422) Pause Young (Normal) (G1 Evacuation Pause)
[2024-08-28T13:09:44.667+0000][info][gc,task     ] GC(422) Using 49 workers of 68 for evacuation
[2024-08-28T13:09:44.698+0000][info][gc,phases   ] GC(422)   Pre Evacuate Collection Set: 0.4ms
[2024-08-28T13:09:44.698+0000][info][gc,phases   ] GC(422)   Merge Heap Roots: 0.8ms
[2024-08-28T13:09:44.698+0000][info][gc,phases   ] GC(422)   Evacuate Collection Set: 29.6ms
[2024-08-28T13:09:44.698+0000][info][gc,phases   ] GC(422)   Post Evacuate Collection Set: 0.7ms
[2024-08-28T13:09:44.698+0000][info][gc,phases   ] GC(422)   Other: 0.3ms
[2024-08-28T13:09:44.698+0000][info][gc,heap     ] GC(422) Eden regions: 224->0(152)
[2024-08-28T13:09:44.698+0000][info][gc,heap     ] GC(422) Survivor regions: 13->30(30)
[2024-08-28T13:09:44.698+0000][info][gc,heap     ] GC(422) Old regions: 1127->1331
[2024-08-28T13:09:44.698+0000][info][gc,heap     ] GC(422) Archive regions: 2->2
[2024-08-28T13:09:44.698+0000][info][gc,heap     ] GC(422) Humongous regions: 5->5
[2024-08-28T13:09:44.698+0000][info][gc,metaspace] GC(422) Metaspace: 100K(320K)->100K(320K) NonClass: 96K(192K)->96K(192K) Class: 4K(128K)->4K(128K)
[2024-08-28T13:09:44.698+0000][info][gc          ] GC(422) Pause Young (Normal) (G1 Evacuation Pause) 1369M->1366M(2048M) 31.719ms
[2024-08-28T13:09:44.698+0000][info][gc,cpu      ] GC(422) User=1.20s Sys=0.15s Real=0.04s
[2024-08-28T13:09:44.818+0000][info][gc,start    ] GC(423) Pause Young (Concurrent Start) (G1 Evacuation Pause)
[2024-08-28T13:09:44.818+0000][info][gc,task     ] GC(423) Using 49 workers of 68 for evacuation
[2024-08-28T13:09:44.852+0000][info][gc,phases   ] GC(423)   Pre Evacuate Collection Set: 0.3ms
[2024-08-28T13:09:44.852+0000][info][gc,phases   ] GC(423)   Merge Heap Roots: 0.6ms
[2024-08-28T13:09:44.852+0000][info][gc,phases   ] GC(423)   Evacuate Collection Set: 32.0ms
[2024-08-28T13:09:44.852+0000][info][gc,phases   ] GC(423)   Post Evacuate Collection Set: 0.6ms
[2024-08-28T13:09:44.852+0000][info][gc,phases   ] GC(423)   Other: 0.7ms
[2024-08-28T13:09:44.852+0000][info][gc,heap     ] GC(423) Eden regions: 152->0(101)
[2024-08-28T13:09:44.852+0000][info][gc,heap     ] GC(423) Survivor regions: 30->23(23)
[2024-08-28T13:09:44.852+0000][info][gc,heap     ] GC(423) Old regions: 1331->1494
[2024-08-28T13:09:44.852+0000][info][gc,heap     ] GC(423) Archive regions: 2->2
[2024-08-28T13:09:44.852+0000][info][gc,heap     ] GC(423) Humongous regions: 5->5
[2024-08-28T13:09:44.852+0000][info][gc,metaspace] GC(423) Metaspace: 100K(320K)->100K(320K) NonClass: 96K(192K)->96K(192K) Class: 4K(128K)->4K(128K)
[2024-08-28T13:09:44.852+0000][info][gc          ] GC(423) Pause Young (Concurrent Start) (G1 Evacuation Pause) 1518M->1522M(2048M) 34.323ms
[2024-08-28T13:09:44.852+0000][info][gc,cpu      ] GC(423) User=1.00s Sys=0.35s Real=0.03s
[2024-08-28T13:09:44.852+0000][info][gc          ] GC(424) Concurrent Mark Cycle
[2024-08-28T13:09:44.852+0000][info][gc,marking  ] GC(424) Concurrent Clear Claimed Marks
[2024-08-28T13:09:44.852+0000][info][gc,marking  ] GC(424) Concurrent Clear Claimed Marks 0.012ms
[2024-08-28T13:09:44.852+0000][info][gc,marking  ] GC(424) Concurrent Scan Root Regions
[2024-08-28T13:09:44.864+0000][info][gc,marking  ] GC(424) Concurrent Scan Root Regions 12.120ms
[2024-08-28T13:09:44.864+0000][info][gc,marking  ] GC(424) Concurrent Mark
[2024-08-28T13:09:44.864+0000][info][gc,marking  ] GC(424) Concurrent Mark From Roots
[2024-08-28T13:09:44.864+0000][info][gc,task     ] GC(424) Using 17 workers of 17 for marking
[2024-08-28T13:09:44.883+0000][info][gc,marking  ] GC(424) Concurrent Mark From Roots 18.573ms
[2024-08-28T13:09:44.883+0000][info][gc,marking  ] GC(424) Concurrent Preclean
[2024-08-28T13:09:44.883+0000][info][gc,marking  ] GC(424) Concurrent Preclean 0.627ms
[2024-08-28T13:09:44.884+0000][info][gc,start    ] GC(424) Pause Remark
[2024-08-28T13:09:44.886+0000][info][gc          ] GC(424) Pause Remark 1552M->1373M(2048M) 1.911ms
[2024-08-28T13:09:44.886+0000][info][gc,cpu      ] GC(424) User=0.02s Sys=0.00s Real=0.00s
[2024-08-28T13:09:44.886+0000][info][gc,marking  ] GC(424) Concurrent Mark 21.568ms
[2024-08-28T13:09:44.886+0000][info][gc,marking  ] GC(424) Concurrent Rebuild Remembered Sets
[2024-08-28T13:09:44.928+0000][info][gc,start    ] GC(425) Pause Young (Normal) (G1 Evacuation Pause)
[2024-08-28T13:09:44.928+0000][info][gc,task     ] GC(425) Using 49 workers of 68 for evacuation
[2024-08-28T13:09:44.945+0000][info][gc,phases   ] GC(425)   Pre Evacuate Collection Set: 0.3ms
[2024-08-28T13:09:44.945+0000][info][gc,phases   ] GC(425)   Merge Heap Roots: 0.9ms
[2024-08-28T13:09:44.945+0000][info][gc,phases   ] GC(425)   Evacuate Collection Set: 14.9ms
[2024-08-28T13:09:44.945+0000][info][gc,phases   ] GC(425)   Post Evacuate Collection Set: 0.8ms
[2024-08-28T13:09:44.945+0000][info][gc,phases   ] GC(425)   Other: 0.2ms
[2024-08-28T13:09:44.945+0000][info][gc,heap     ] GC(425) Eden regions: 101->0(124)
[2024-08-28T13:09:44.945+0000][info][gc,heap     ] GC(425) Survivor regions: 23->16(16)
[2024-08-28T13:09:44.945+0000][info][gc,heap     ] GC(425) Old regions: 1315->1431
[2024-08-28T13:09:44.945+0000][info][gc,heap     ] GC(425) Archive regions: 2->2
[2024-08-28T13:09:44.945+0000][info][gc,heap     ] GC(425) Humongous regions: 5->5
[2024-08-28T13:09:44.945+0000][info][gc,metaspace] GC(425) Metaspace: 100K(320K)->100K(320K) NonClass: 96K(192K)->96K(192K) Class: 4K(128K)->4K(128K)
[2024-08-28T13:09:44.945+0000][info][gc          ] GC(425) Pause Young (Normal) (G1 Evacuation Pause) 1444M->1452M(2048M) 17.227ms
[2024-08-28T13:09:44.945+0000][info][gc,cpu      ] GC(425) User=0.77s Sys=0.00s Real=0.02s
[2024-08-28T13:09:44.950+0000][info][gc,marking  ] GC(424) Concurrent Rebuild Remembered Sets 64.566ms
[2024-08-28T13:09:44.951+0000][info][gc,start    ] GC(424) Pause Cleanup
[2024-08-28T13:09:44.954+0000][info][gc          ] GC(424) Pause Cleanup 1462M->1462M(2048M) 3.152ms
[2024-08-28T13:09:44.954+0000][info][gc,cpu      ] GC(424) User=0.01s Sys=0.00s Real=0.00s
[2024-08-28T13:09:44.954+0000][info][gc,marking  ] GC(424) Concurrent Cleanup for Next Mark
[2024-08-28T13:09:44.955+0000][info][gc,marking  ] GC(424) Concurrent Cleanup for Next Mark 1.307ms
[2024-08-28T13:09:44.955+0000][info][gc          ] GC(424) Concurrent Mark Cycle 103.244ms
[2024-08-28T13:09:45.020+0000][info][gc,start    ] GC(426) Pause Young (Prepare Mixed) (G1 Evacuation Pause)
[2024-08-28T13:09:45.020+0000][info][gc,task     ] GC(426) Using 49 workers of 68 for evacuation
[2024-08-28T13:09:45.043+0000][info][gc,phases   ] GC(426)   Pre Evacuate Collection Set: 0.4ms
[2024-08-28T13:09:45.043+0000][info][gc,phases   ] GC(426)   Merge Heap Roots: 0.8ms
[2024-08-28T13:09:45.043+0000][info][gc,phases   ] GC(426)   Evacuate Collection Set: 21.5ms
[2024-08-28T13:09:45.043+0000][info][gc,phases   ] GC(426)   Post Evacuate Collection Set: 0.5ms
[2024-08-28T13:09:45.043+0000][info][gc,phases   ] GC(426)   Other: 0.3ms
[2024-08-28T13:09:45.043+0000][info][gc,heap     ] GC(426) Eden regions: 124->0(84)
[2024-08-28T13:09:45.043+0000][info][gc,heap     ] GC(426) Survivor regions: 16->18(18)
[2024-08-28T13:09:45.043+0000][info][gc,heap     ] GC(426) Old regions: 1431->1559
[2024-08-28T13:09:45.043+0000][info][gc,heap     ] GC(426) Archive regions: 2->2
[2024-08-28T13:09:45.043+0000][info][gc,heap     ] GC(426) Humongous regions: 5->5
[2024-08-28T13:09:45.043+0000][info][gc,metaspace] GC(426) Metaspace: 100K(320K)->100K(320K) NonClass: 96K(192K)->96K(192K) Class: 4K(128K)->4K(128K)
[2024-08-28T13:09:45.043+0000][info][gc          ] GC(426) Pause Young (Prepare Mixed) (G1 Evacuation Pause) 1576M->1582M(2048M) 23.607ms
[2024-08-28T13:09:45.043+0000][info][gc,cpu      ] GC(426) User=1.07s Sys=0.00s Real=0.02s
[2024-08-28T13:09:45.090+0000][info][gc,start    ] GC(427) Pause Young (Mixed) (G1 Evacuation Pause)
[2024-08-28T13:09:45.090+0000][info][gc,task     ] GC(427) Using 49 workers of 68 for evacuation
[2024-08-28T13:09:45.109+0000][info][gc,phases   ] GC(427)   Pre Evacuate Collection Set: 0.5ms
[2024-08-28T13:09:45.109+0000][info][gc,phases   ] GC(427)   Merge Heap Roots: 0.4ms
[2024-08-28T13:09:45.109+0000][info][gc,phases   ] GC(427)   Evacuate Collection Set: 17.3ms
[2024-08-28T13:09:45.109+0000][info][gc,phases   ] GC(427)   Post Evacuate Collection Set: 0.6ms
[2024-08-28T13:09:45.109+0000][info][gc,phases   ] GC(427)   Other: 0.2ms
[2024-08-28T13:09:45.109+0000][info][gc,heap     ] GC(427) Eden regions: 84->0(89)
[2024-08-28T13:09:45.109+0000][info][gc,heap     ] GC(427) Survivor regions: 18->13(13)
[2024-08-28T13:09:45.109+0000][info][gc,heap     ] GC(427) Old regions: 1559->1451
[2024-08-28T13:09:45.109+0000][info][gc,heap     ] GC(427) Archive regions: 2->2
[2024-08-28T13:09:45.109+0000][info][gc,heap     ] GC(427) Humongous regions: 5->5
[2024-08-28T13:09:45.109+0000][info][gc,metaspace] GC(427) Metaspace: 100K(320K)->100K(320K) NonClass: 96K(192K)->96K(192K) Class: 4K(128K)->4K(128K)
[2024-08-28T13:09:45.109+0000][info][gc          ] GC(427) Pause Young (Mixed) (G1 Evacuation Pause) 1666M->1469M(2048M) 19.085ms
[2024-08-28T13:09:45.109+0000][info][gc,cpu      ] GC(427) User=0.61s Sys=0.02s Real=0.01s
[2024-08-28T13:09:45.160+0000][info][gc,start    ] GC(428) Pause Young (Mixed) (G1 Evacuation Pause)
[2024-08-28T13:09:45.160+0000][info][gc,task     ] GC(428) Using 49 workers of 68 for evacuation
[2024-08-28T13:09:45.174+0000][info][gc,phases   ] GC(428)   Pre Evacuate Collection Set: 0.4ms
[2024-08-28T13:09:45.174+0000][info][gc,phases   ] GC(428)   Merge Heap Roots: 0.4ms
[2024-08-28T13:09:45.174+0000][info][gc,phases   ] GC(428)   Evacuate Collection Set: 12.2ms
[2024-08-28T13:09:45.174+0000][info][gc,phases   ] GC(428)   Post Evacuate Collection Set: 0.7ms
[2024-08-28T13:09:45.174+0000][info][gc,phases   ] GC(428)   Other: 0.2ms
[2024-08-28T13:09:45.174+0000][info][gc,heap     ] GC(428) Eden regions: 89->0(89)
[2024-08-28T13:09:45.174+0000][info][gc,heap     ] GC(428) Survivor regions: 13->13(13)
[2024-08-28T13:09:45.174+0000][info][gc,heap     ] GC(428) Old regions: 1451->1340
[2024-08-28T13:09:45.174+0000][info][gc,heap     ] GC(428) Archive regions: 2->2
[2024-08-28T13:09:45.174+0000][info][gc,heap     ] GC(428) Humongous regions: 5->5
[2024-08-28T13:09:45.174+0000][info][gc,metaspace] GC(428) Metaspace: 100K(320K)->100K(320K) NonClass: 96K(192K)->96K(192K) Class: 4K(128K)->4K(128K)
[2024-08-28T13:09:45.174+0000][info][gc          ] GC(428) Pause Young (Mixed) (G1 Evacuation Pause) 1558M->1358M(2048M) 13.973ms
[2024-08-28T13:09:45.174+0000][info][gc,cpu      ] GC(428) User=0.59s Sys=0.01s Real=0.01s
[2024-08-28T13:09:45.223+0000][info][gc,start    ] GC(429) Pause Young (Mixed) (G1 Evacuation Pause)
[2024-08-28T13:09:45.223+0000][info][gc,task     ] GC(429) Using 49 workers of 68 for evacuation
[2024-08-28T13:09:45.237+0000][info][gc,phases   ] GC(429)   Pre Evacuate Collection Set: 0.4ms
[2024-08-28T13:09:45.238+0000][info][gc,phases   ] GC(429)   Merge Heap Roots: 0.4ms
[2024-08-28T13:09:45.238+0000][info][gc,phases   ] GC(429)   Evacuate Collection Set: 12.9ms
[2024-08-28T13:09:45.238+0000][info][gc,phases   ] GC(429)   Post Evacuate Collection Set: 0.6ms
[2024-08-28T13:09:45.238+0000][info][gc,phases   ] GC(429)   Other: 0.2ms
[2024-08-28T13:09:45.238+0000][info][gc,heap     ] GC(429) Eden regions: 89->0(89)
[2024-08-28T13:09:45.238+0000][info][gc,heap     ] GC(429) Survivor regions: 13->13(13)
[2024-08-28T13:09:45.238+0000][info][gc,heap     ] GC(429) Old regions: 1340->1230
[2024-08-28T13:09:45.238+0000][info][gc,heap     ] GC(429) Archive regions: 2->2
[2024-08-28T13:09:45.238+0000][info][gc,heap     ] GC(429) Humongous regions: 5->5
[2024-08-28T13:09:45.238+0000][info][gc,metaspace] GC(429) Metaspace: 100K(320K)->100K(320K) NonClass: 96K(192K)->96K(192K) Class: 4K(128K)->4K(128K)
[2024-08-28T13:09:45.238+0000][info][gc          ] GC(429) Pause Young (Mixed) (G1 Evacuation Pause) 1447M->1248M(2048M) 14.497ms
[2024-08-28T13:09:45.238+0000][info][gc,cpu      ] GC(429) User=0.60s Sys=0.03s Real=0.02s
[2024-08-28T13:09:45.288+0000][info][gc,start    ] GC(430) Pause Young (Mixed) (G1 Evacuation Pause)
[2024-08-28T13:09:45.288+0000][info][gc,task     ] GC(430) Using 49 workers of 68 for evacuation
[2024-08-28T13:09:45.302+0000][info][gc,phases   ] GC(430)   Pre Evacuate Collection Set: 0.3ms
[2024-08-28T13:09:45.302+0000][info][gc,phases   ] GC(430)   Merge Heap Roots: 0.4ms
[2024-08-28T13:09:45.302+0000][info][gc,phases   ] GC(430)   Evacuate Collection Set: 12.5ms
[2024-08-28T13:09:45.302+0000][info][gc,phases   ] GC(430)   Post Evacuate Collection Set: 0.5ms
[2024-08-28T13:09:45.302+0000][info][gc,phases   ] GC(430)   Other: 0.2ms
[2024-08-28T13:09:45.302+0000][info][gc,heap     ] GC(430) Eden regions: 89->0(182)
[2024-08-28T13:09:45.302+0000][info][gc,heap     ] GC(430) Survivor regions: 13->13(13)
[2024-08-28T13:09:45.302+0000][info][gc,heap     ] GC(430) Old regions: 1230->1255
[2024-08-28T13:09:45.302+0000][info][gc,heap     ] GC(430) Archive regions: 2->2
[2024-08-28T13:09:45.302+0000][info][gc,heap     ] GC(430) Humongous regions: 5->5
[2024-08-28T13:09:45.302+0000][info][gc,metaspace] GC(430) Metaspace: 100K(320K)->100K(320K) NonClass: 96K(192K)->96K(192K) Class: 4K(128K)->4K(128K)
[2024-08-28T13:09:45.302+0000][info][gc          ] GC(430) Pause Young (Mixed) (G1 Evacuation Pause) 1337M->1273M(2048M) 14.046ms
[2024-08-28T13:09:45.302+0000][info][gc,cpu      ] GC(430) User=0.59s Sys=0.02s Real=0.02s
[2024-08-28T13:09:45.403+0000][info][gc,start    ] GC(431) Pause Young (Normal) (G1 Evacuation Pause)
[2024-08-28T13:09:45.403+0000][info][gc,task     ] GC(431) Using 49 workers of 68 for evacuation
[2024-08-28T13:09:45.427+0000][info][gc,phases   ] GC(431)   Pre Evacuate Collection Set: 0.4ms
[2024-08-28T13:09:45.427+0000][info][gc,phases   ] GC(431)   Merge Heap Roots: 0.6ms
[2024-08-28T13:09:45.427+0000][info][gc,phases   ] GC(431)   Evacuate Collection Set: 21.8ms
[2024-08-28T13:09:45.427+0000][info][gc,phases   ] GC(431)   Post Evacuate Collection Set: 0.6ms
[2024-08-28T13:09:45.427+0000][info][gc,phases   ] GC(431)   Other: 0.2ms
[2024-08-28T13:09:45.427+0000][info][gc,heap     ] GC(431) Eden regions: 182->0(123)
[2024-08-28T13:09:45.427+0000][info][gc,heap     ] GC(431) Survivor regions: 13->25(25)
[2024-08-28T13:09:45.427+0000][info][gc,heap     ] GC(431) Old regions: 1255->1424
[2024-08-28T13:09:45.427+0000][info][gc,heap     ] GC(431) Archive regions: 2->2
[2024-08-28T13:09:45.427+0000][info][gc,heap     ] GC(431) Humongous regions: 5->5
[2024-08-28T13:09:45.427+0000][info][gc,metaspace] GC(431) Metaspace: 100K(320K)->100K(320K) NonClass: 96K(192K)->96K(192K) Class: 4K(128K)->4K(128K)
[2024-08-28T13:09:45.427+0000][info][gc          ] GC(431) Pause Young (Normal) (G1 Evacuation Pause) 1455M->1454M(2048M) 23.654ms
[2024-08-28T13:09:45.427+0000][info][gc,cpu      ] GC(431) User=0.97s Sys=0.10s Real=0.02s
[2024-08-28T13:09:45.494+0000][info][gc,start    ] GC(432) Pause Young (Concurrent Start) (G1 Evacuation Pause)
[2024-08-28T13:09:45.494+0000][info][gc,task     ] GC(432) Using 49 workers of 68 for evacuation
[2024-08-28T13:09:45.516+0000][info][gc,phases   ] GC(432)   Pre Evacuate Collection Set: 0.4ms
[2024-08-28T13:09:45.516+0000][info][gc,phases   ] GC(432)   Merge Heap Roots: 0.9ms
[2024-08-28T13:09:45.516+0000][info][gc,phases   ] GC(432)   Evacuate Collection Set: 19.5ms
[2024-08-28T13:09:45.516+0000][info][gc,phases   ] GC(432)   Post Evacuate Collection Set: 0.5ms
[2024-08-28T13:09:45.516+0000][info][gc,phases   ] GC(432)   Other: 0.7ms
[2024-08-28T13:09:45.516+0000][info][gc,heap     ] GC(432) Eden regions: 123->0(83)
[2024-08-28T13:09:45.516+0000][info][gc,heap     ] GC(432) Survivor regions: 25->19(19)
[2024-08-28T13:09:45.516+0000][info][gc,heap     ] GC(432) Old regions: 1424->1560
[2024-08-28T13:09:45.516+0000][info][gc,heap     ] GC(432) Archive regions: 2->2
[2024-08-28T13:09:45.516+0000][info][gc,heap     ] GC(432) Humongous regions: 5->5
[2024-08-28T13:09:45.516+0000][info][gc,metaspace] GC(432) Metaspace: 100K(320K)->100K(320K) NonClass: 96K(192K)->96K(192K) Class: 4K(128K)->4K(128K)
[2024-08-28T13:09:45.516+0000][info][gc          ] GC(432) Pause Young (Concurrent Start) (G1 Evacuation Pause) 1577M->1584M(2048M) 22.025ms
[2024-08-28T13:09:45.516+0000][info][gc,cpu      ] GC(432) User=0.79s Sys=0.20s Real=0.02s
[2024-08-28T13:09:45.516+0000][info][gc          ] GC(433) Concurrent Mark Cycle
[2024-08-28T13:09:45.516+0000][info][gc,marking  ] GC(433) Concurrent Clear Claimed Marks
[2024-08-28T13:09:45.516+0000][info][gc,marking  ] GC(433) Concurrent Clear Claimed Marks 0.009ms
[2024-08-28T13:09:45.516+0000][info][gc,marking  ] GC(433) Concurrent Scan Root Regions
[2024-08-28T13:09:45.520+0000][info][gc,marking  ] GC(433) Concurrent Scan Root Regions 3.827ms
[2024-08-28T13:09:45.520+0000][info][gc,marking  ] GC(433) Concurrent Mark
[2024-08-28T13:09:45.520+0000][info][gc,marking  ] GC(433) Concurrent Mark From Roots
[2024-08-28T13:09:45.520+0000][info][gc,task     ] GC(433) Using 17 workers of 17 for marking
[2024-08-28T13:09:45.539+0000][info][gc,marking  ] GC(433) Concurrent Mark From Roots 19.583ms
[2024-08-28T13:09:45.539+0000][info][gc,marking  ] GC(433) Concurrent Preclean
[2024-08-28T13:09:45.541+0000][info][gc,marking  ] GC(433) Concurrent Preclean 1.922ms
[2024-08-28T13:09:45.542+0000][info][gc,start    ] GC(433) Pause Remark
[2024-08-28T13:09:45.544+0000][info][gc          ] GC(433) Pause Remark 1615M->1390M(2048M) 2.050ms
[2024-08-28T13:09:45.544+0000][info][gc,cpu      ] GC(433) User=0.02s Sys=0.00s Real=0.00s
[2024-08-28T13:09:45.544+0000][info][gc,marking  ] GC(433) Concurrent Mark 24.079ms
[2024-08-28T13:09:45.544+0000][info][gc,marking  ] GC(433) Concurrent Rebuild Remembered Sets
[2024-08-28T13:09:45.572+0000][info][gc,start    ] GC(434) Pause Young (Normal) (G1 Evacuation Pause)
[2024-08-28T13:09:45.572+0000][info][gc,task     ] GC(434) Using 49 workers of 68 for evacuation
[2024-08-28T13:09:45.587+0000][info][gc,phases   ] GC(434)   Pre Evacuate Collection Set: 0.3ms
[2024-08-28T13:09:45.587+0000][info][gc,phases   ] GC(434)   Merge Heap Roots: 0.4ms
[2024-08-28T13:09:45.587+0000][info][gc,phases   ] GC(434)   Evacuate Collection Set: 14.0ms
[2024-08-28T13:09:45.587+0000][info][gc,phases   ] GC(434)   Post Evacuate Collection Set: 0.8ms
[2024-08-28T13:09:45.587+0000][info][gc,phases   ] GC(434)   Other: 0.2ms
[2024-08-28T13:09:45.587+0000][info][gc,heap     ] GC(434) Eden regions: 83->0(125)
[2024-08-28T13:09:45.587+0000][info][gc,heap     ] GC(434) Survivor regions: 19->13(13)
[2024-08-28T13:09:45.587+0000][info][gc,heap     ] GC(434) Old regions: 1335->1432
[2024-08-28T13:09:45.587+0000][info][gc,heap     ] GC(434) Archive regions: 2->2
[2024-08-28T13:09:45.587+0000][info][gc,heap     ] GC(434) Humongous regions: 5->5
[2024-08-28T13:09:45.587+0000][info][gc,metaspace] GC(434) Metaspace: 100K(320K)->100K(320K) NonClass: 96K(192K)->96K(192K) Class: 4K(128K)->4K(128K)
[2024-08-28T13:09:45.587+0000][info][gc          ] GC(434) Pause Young (Normal) (G1 Evacuation Pause) 1442M->1450M(2048M) 15.823ms
[2024-08-28T13:09:45.587+0000][info][gc,cpu      ] GC(434) User=0.70s Sys=0.01s Real=0.01s
[2024-08-28T13:09:45.608+0000][info][gc,marking  ] GC(433) Concurrent Rebuild Remembered Sets 64.693ms
[2024-08-28T13:09:45.609+0000][info][gc,start    ] GC(433) Pause Cleanup
[2024-08-28T13:09:45.612+0000][info][gc          ] GC(433) Pause Cleanup 1488M->1488M(2048M) 3.295ms
[2024-08-28T13:09:45.612+0000][info][gc,cpu      ] GC(433) User=0.01s Sys=0.00s Real=0.01s
[2024-08-28T13:09:45.612+0000][info][gc,marking  ] GC(433) Concurrent Cleanup for Next Mark
[2024-08-28T13:09:45.614+0000][info][gc,marking  ] GC(433) Concurrent Cleanup for Next Mark 1.330ms
[2024-08-28T13:09:45.614+0000][info][gc          ] GC(433) Concurrent Mark Cycle 97.809ms
[2024-08-28T13:09:45.663+0000][info][gc,start    ] GC(435) Pause Young (Prepare Mixed) (G1 Evacuation Pause)
[2024-08-28T13:09:45.663+0000][info][gc,task     ] GC(435) Using 49 workers of 68 for evacuation
[2024-08-28T13:09:45.684+0000][info][gc,phases   ] GC(435)   Pre Evacuate Collection Set: 0.3ms
[2024-08-28T13:09:45.684+0000][info][gc,phases   ] GC(435)   Merge Heap Roots: 0.9ms
[2024-08-28T13:09:45.684+0000][info][gc,phases   ] GC(435)   Evacuate Collection Set: 19.8ms
[2024-08-28T13:09:45.684+0000][info][gc,phases   ] GC(435)   Post Evacuate Collection Set: 0.6ms
[2024-08-28T13:09:45.684+0000][info][gc,phases   ] GC(435)   Other: 0.2ms
[2024-08-28T13:09:45.684+0000][info][gc,heap     ] GC(435) Eden regions: 125->0(84)
[2024-08-28T13:09:45.684+0000][info][gc,heap     ] GC(435) Survivor regions: 13->18(18)
[2024-08-28T13:09:45.684+0000][info][gc,heap     ] GC(435) Old regions: 1432->1556
[2024-08-28T13:09:45.684+0000][info][gc,heap     ] GC(435) Archive regions: 2->2
[2024-08-28T13:09:45.684+0000][info][gc,heap     ] GC(435) Humongous regions: 5->5
[2024-08-28T13:09:45.684+0000][info][gc,metaspace] GC(435) Metaspace: 100K(320K)->100K(320K) NonClass: 96K(192K)->96K(192K) Class: 4K(128K)->4K(128K)
[2024-08-28T13:09:45.685+0000][info][gc          ] GC(435) Pause Young (Prepare Mixed) (G1 Evacuation Pause) 1575M->1579M(2048M) 21.782ms
[2024-08-28T13:09:45.685+0000][info][gc,cpu      ] GC(435) User=0.99s Sys=0.01s Real=0.02s
[2024-08-28T13:09:45.731+0000][info][gc,start    ] GC(436) Pause Young (Mixed) (G1 Evacuation Pause)
[2024-08-28T13:09:45.731+0000][info][gc,task     ] GC(436) Using 49 workers of 68 for evacuation
[2024-08-28T13:09:45.746+0000][info][gc,phases   ] GC(436)   Pre Evacuate Collection Set: 0.4ms
[2024-08-28T13:09:45.746+0000][info][gc,phases   ] GC(436)   Merge Heap Roots: 0.7ms
[2024-08-28T13:09:45.746+0000][info][gc,phases   ] GC(436)   Evacuate Collection Set: 13.5ms
[2024-08-28T13:09:45.746+0000][info][gc,phases   ] GC(436)   Post Evacuate Collection Set: 0.6ms
[2024-08-28T13:09:45.746+0000][info][gc,phases   ] GC(436)   Other: 0.2ms
[2024-08-28T13:09:45.746+0000][info][gc,heap     ] GC(436) Eden regions: 84->0(89)
[2024-08-28T13:09:45.746+0000][info][gc,heap     ] GC(436) Survivor regions: 18->13(13)
[2024-08-28T13:09:45.746+0000][info][gc,heap     ] GC(436) Old regions: 1556->1447
[2024-08-28T13:09:45.746+0000][info][gc,heap     ] GC(436) Archive regions: 2->2
[2024-08-28T13:09:45.746+0000][info][gc,heap     ] GC(436) Humongous regions: 5->5
[2024-08-28T13:09:45.746+0000][info][gc,metaspace] GC(436) Metaspace: 100K(320K)->100K(320K) NonClass: 96K(192K)->96K(192K) Class: 4K(128K)->4K(128K)
[2024-08-28T13:09:45.746+0000][info][gc          ] GC(436) Pause Young (Mixed) (G1 Evacuation Pause) 1663M->1465M(2048M) 15.620ms
[2024-08-28T13:09:45.747+0000][info][gc,cpu      ] GC(436) User=0.55s Sys=0.13s Real=0.01s
[2024-08-28T13:09:45.796+0000][info][gc,start    ] GC(437) Pause Young (Mixed) (G1 Evacuation Pause)
[2024-08-28T13:09:45.796+0000][info][gc,task     ] GC(437) Using 49 workers of 68 for evacuation
[2024-08-28T13:09:45.810+0000][info][gc,phases   ] GC(437)   Pre Evacuate Collection Set: 0.4ms
[2024-08-28T13:09:45.810+0000][info][gc,phases   ] GC(437)   Merge Heap Roots: 0.4ms
[2024-08-28T13:09:45.810+0000][info][gc,phases   ] GC(437)   Evacuate Collection Set: 12.9ms
[2024-08-28T13:09:45.810+0000][info][gc,phases   ] GC(437)   Post Evacuate Collection Set: 0.6ms
[2024-08-28T13:09:45.810+0000][info][gc,phases   ] GC(437)   Other: 0.2ms
[2024-08-28T13:09:45.810+0000][info][gc,heap     ] GC(437) Eden regions: 89->0(89)
[2024-08-28T13:09:45.810+0000][info][gc,heap     ] GC(437) Survivor regions: 13->13(13)
[2024-08-28T13:09:45.810+0000][info][gc,heap     ] GC(437) Old regions: 1447->1337
[2024-08-28T13:09:45.810+0000][info][gc,heap     ] GC(437) Archive regions: 2->2
[2024-08-28T13:09:45.810+0000][info][gc,heap     ] GC(437) Humongous regions: 5->5
[2024-08-28T13:09:45.810+0000][info][gc,metaspace] GC(437) Metaspace: 100K(320K)->100K(320K) NonClass: 96K(192K)->96K(192K) Class: 4K(128K)->4K(128K)
[2024-08-28T13:09:45.810+0000][info][gc          ] GC(437) Pause Young (Mixed) (G1 Evacuation Pause) 1554M->1355M(2048M) 14.640ms
[2024-08-28T13:09:45.810+0000][info][gc,cpu      ] GC(437) User=0.63s Sys=0.00s Real=0.02s
[2024-08-28T13:09:45.859+0000][info][gc,start    ] GC(438) Pause Young (Mixed) (G1 Evacuation Pause)
[2024-08-28T13:09:45.859+0000][info][gc,task     ] GC(438) Using 49 workers of 68 for evacuation
[2024-08-28T13:09:45.874+0000][info][gc,phases   ] GC(438)   Pre Evacuate Collection Set: 0.4ms
[2024-08-28T13:09:45.874+0000][info][gc,phases   ] GC(438)   Merge Heap Roots: 0.6ms
[2024-08-28T13:09:45.874+0000][info][gc,phases   ] GC(438)   Evacuate Collection Set: 12.4ms
[2024-08-28T13:09:45.874+0000][info][gc,phases   ] GC(438)   Post Evacuate Collection Set: 0.6ms
[2024-08-28T13:09:45.874+0000][info][gc,phases   ] GC(438)   Other: 0.2ms
[2024-08-28T13:09:45.874+0000][info][gc,heap     ] GC(438) Eden regions: 89->0(89)
[2024-08-28T13:09:45.874+0000][info][gc,heap     ] GC(438) Survivor regions: 13->13(13)
[2024-08-28T13:09:45.874+0000][info][gc,heap     ] GC(438) Old regions: 1337->1225
[2024-08-28T13:09:45.874+0000][info][gc,heap     ] GC(438) Archive regions: 2->2
[2024-08-28T13:09:45.874+0000][info][gc,heap     ] GC(438) Humongous regions: 5->5
[2024-08-28T13:09:45.874+0000][info][gc,metaspace] GC(438) Metaspace: 100K(320K)->100K(320K) NonClass: 96K(192K)->96K(192K) Class: 4K(128K)->4K(128K)
[2024-08-28T13:09:45.874+0000][info][gc          ] GC(438) Pause Young (Mixed) (G1 Evacuation Pause) 1444M->1243M(2048M) 14.313ms
[2024-08-28T13:09:45.874+0000][info][gc,cpu      ] GC(438) User=0.60s Sys=0.01s Real=0.01s
[2024-08-28T13:09:45.921+0000][info][gc,start    ] GC(439) Pause Young (Mixed) (G1 Evacuation Pause)
[2024-08-28T13:09:45.921+0000][info][gc,task     ] GC(439) Using 49 workers of 68 for evacuation
[2024-08-28T13:09:45.935+0000][info][gc,phases   ] GC(439)   Pre Evacuate Collection Set: 0.4ms
[2024-08-28T13:09:45.935+0000][info][gc,phases   ] GC(439)   Merge Heap Roots: 0.5ms
[2024-08-28T13:09:45.935+0000][info][gc,phases   ] GC(439)   Evacuate Collection Set: 12.4ms
[2024-08-28T13:09:45.935+0000][info][gc,phases   ] GC(439)   Post Evacuate Collection Set: 0.6ms
[2024-08-28T13:09:45.935+0000][info][gc,phases   ] GC(439)   Other: 0.2ms
[2024-08-28T13:09:45.935+0000][info][gc,heap     ] GC(439) Eden regions: 89->0(188)
[2024-08-28T13:09:45.935+0000][info][gc,heap     ] GC(439) Survivor regions: 13->13(13)
[2024-08-28T13:09:45.935+0000][info][gc,heap     ] GC(439) Old regions: 1225->1235
[2024-08-28T13:09:45.935+0000][info][gc,heap     ] GC(439) Archive regions: 2->2
[2024-08-28T13:09:45.935+0000][info][gc,heap     ] GC(439) Humongous regions: 5->5
[2024-08-28T13:09:45.935+0000][info][gc,metaspace] GC(439) Metaspace: 100K(320K)->100K(320K) NonClass: 96K(192K)->96K(192K) Class: 4K(128K)->4K(128K)
[2024-08-28T13:09:45.935+0000][info][gc          ] GC(439) Pause Young (Mixed) (G1 Evacuation Pause) 1332M->1253M(2048M) 14.158ms
[2024-08-28T13:09:45.935+0000][info][gc,cpu      ] GC(439) User=0.62s Sys=0.00s Real=0.01s
[2024-08-28T13:09:46.035+0000][info][gc,start    ] GC(440) Pause Young (Normal) (G1 Evacuation Pause)
[2024-08-28T13:09:46.035+0000][info][gc,task     ] GC(440) Using 49 workers of 68 for evacuation
[2024-08-28T13:09:46.058+0000][info][gc,phases   ] GC(440)   Pre Evacuate Collection Set: 0.4ms
[2024-08-28T13:09:46.058+0000][info][gc,phases   ] GC(440)   Merge Heap Roots: 0.6ms
[2024-08-28T13:09:46.058+0000][info][gc,phases   ] GC(440)   Evacuate Collection Set: 21.5ms
[2024-08-28T13:09:46.058+0000][info][gc,phases   ] GC(440)   Post Evacuate Collection Set: 0.5ms
[2024-08-28T13:09:46.058+0000][info][gc,phases   ] GC(440)   Other: 0.2ms
[2024-08-28T13:09:46.058+0000][info][gc,heap     ] GC(440) Eden regions: 188->0(127)
[2024-08-28T13:09:46.058+0000][info][gc,heap     ] GC(440) Survivor regions: 13->26(26)
[2024-08-28T13:09:46.058+0000][info][gc,heap     ] GC(440) Old regions: 1235->1411
[2024-08-28T13:09:46.058+0000][info][gc,heap     ] GC(440) Archive regions: 2->2
[2024-08-28T13:09:46.058+0000][info][gc,heap     ] GC(440) Humongous regions: 5->5
[2024-08-28T13:09:46.058+0000][info][gc,metaspace] GC(440) Metaspace: 100K(320K)->100K(320K) NonClass: 96K(192K)->96K(192K) Class: 4K(128K)->4K(128K)
[2024-08-28T13:09:46.058+0000][info][gc          ] GC(440) Pause Young (Normal) (G1 Evacuation Pause) 1441M->1442M(2048M) 23.288ms
[2024-08-28T13:09:46.058+0000][info][gc,cpu      ] GC(440) User=1.05s Sys=0.01s Real=0.03s
[2024-08-28T13:09:46.127+0000][info][gc,start    ] GC(441) Pause Young (Concurrent Start) (G1 Evacuation Pause)
[2024-08-28T13:09:46.127+0000][info][gc,task     ] GC(441) Using 49 workers of 68 for evacuation
[2024-08-28T13:09:46.148+0000][info][gc,phases   ] GC(441)   Pre Evacuate Collection Set: 0.3ms
[2024-08-28T13:09:46.148+0000][info][gc,phases   ] GC(441)   Merge Heap Roots: 0.6ms
[2024-08-28T13:09:46.148+0000][info][gc,phases   ] GC(441)   Evacuate Collection Set: 19.0ms
[2024-08-28T13:09:46.148+0000][info][gc,phases   ] GC(441)   Post Evacuate Collection Set: 0.5ms
[2024-08-28T13:09:46.148+0000][info][gc,phases   ] GC(441)   Other: 0.7ms
[2024-08-28T13:09:46.148+0000][info][gc,heap     ] GC(441) Eden regions: 127->0(85)
[2024-08-28T13:09:46.148+0000][info][gc,heap     ] GC(441) Survivor regions: 26->20(20)
[2024-08-28T13:09:46.148+0000][info][gc,heap     ] GC(441) Old regions: 1411->1548
[2024-08-28T13:09:46.148+0000][info][gc,heap     ] GC(441) Archive regions: 2->2
[2024-08-28T13:09:46.148+0000][info][gc,heap     ] GC(441) Humongous regions: 5->5
[2024-08-28T13:09:46.148+0000][info][gc,metaspace] GC(441) Metaspace: 100K(320K)->100K(320K) NonClass: 96K(192K)->96K(192K) Class: 4K(128K)->4K(128K)
[2024-08-28T13:09:46.148+0000][info][gc          ] GC(441) Pause Young (Concurrent Start) (G1 Evacuation Pause) 1569M->1573M(2048M) 21.242ms
[2024-08-28T13:09:46.148+0000][info][gc,cpu      ] GC(441) User=0.93s Sys=0.02s Real=0.02s
[2024-08-28T13:09:46.148+0000][info][gc          ] GC(442) Concurrent Mark Cycle
[2024-08-28T13:09:46.148+0000][info][gc,marking  ] GC(442) Concurrent Clear Claimed Marks
[2024-08-28T13:09:46.148+0000][info][gc,marking  ] GC(442) Concurrent Clear Claimed Marks 0.009ms
[2024-08-28T13:09:46.148+0000][info][gc,marking  ] GC(442) Concurrent Scan Root Regions
[2024-08-28T13:09:46.152+0000][info][gc,marking  ] GC(442) Concurrent Scan Root Regions 4.104ms
[2024-08-28T13:09:46.152+0000][info][gc,marking  ] GC(442) Concurrent Mark
[2024-08-28T13:09:46.152+0000][info][gc,marking  ] GC(442) Concurrent Mark From Roots
[2024-08-28T13:09:46.152+0000][info][gc,task     ] GC(442) Using 17 workers of 17 for marking
[2024-08-28T13:09:46.172+0000][info][gc,marking  ] GC(442) Concurrent Mark From Roots 20.035ms
[2024-08-28T13:09:46.172+0000][info][gc,marking  ] GC(442) Concurrent Preclean
[2024-08-28T13:09:46.173+0000][info][gc,marking  ] GC(442) Concurrent Preclean 0.447ms
[2024-08-28T13:09:46.173+0000][info][gc,start    ] GC(442) Pause Remark
[2024-08-28T13:09:46.175+0000][info][gc          ] GC(442) Pause Remark 1604M->1389M(2048M) 1.951ms
[2024-08-28T13:09:46.175+0000][info][gc,cpu      ] GC(442) User=0.02s Sys=0.00s Real=0.00s
[2024-08-28T13:09:46.175+0000][info][gc,marking  ] GC(442) Concurrent Mark 22.846ms
[2024-08-28T13:09:46.175+0000][info][gc,marking  ] GC(442) Concurrent Rebuild Remembered Sets
[2024-08-28T13:09:46.204+0000][info][gc,start    ] GC(443) Pause Young (Normal) (G1 Evacuation Pause)
[2024-08-28T13:09:46.204+0000][info][gc,task     ] GC(443) Using 49 workers of 68 for evacuation
[2024-08-28T13:09:46.219+0000][info][gc,phases   ] GC(443)   Pre Evacuate Collection Set: 0.4ms
[2024-08-28T13:09:46.219+0000][info][gc,phases   ] GC(443)   Merge Heap Roots: 0.4ms
[2024-08-28T13:09:46.219+0000][info][gc,phases   ] GC(443)   Evacuate Collection Set: 13.5ms
[2024-08-28T13:09:46.219+0000][info][gc,phases   ] GC(443)   Post Evacuate Collection Set: 0.8ms
[2024-08-28T13:09:46.219+0000][info][gc,phases   ] GC(443)   Other: 0.2ms
[2024-08-28T13:09:46.219+0000][info][gc,heap     ] GC(443) Eden regions: 85->0(125)
[2024-08-28T13:09:46.219+0000][info][gc,heap     ] GC(443) Survivor regions: 20->14(14)
[2024-08-28T13:09:46.219+0000][info][gc,heap     ] GC(443) Old regions: 1333->1431
[2024-08-28T13:09:46.219+0000][info][gc,heap     ] GC(443) Archive regions: 2->2
[2024-08-28T13:09:46.219+0000][info][gc,heap     ] GC(443) Humongous regions: 5->5
[2024-08-28T13:09:46.219+0000][info][gc,metaspace] GC(443) Metaspace: 100K(320K)->100K(320K) NonClass: 96K(192K)->96K(192K) Class: 4K(128K)->4K(128K)
[2024-08-28T13:09:46.219+0000][info][gc          ] GC(443) Pause Young (Normal) (G1 Evacuation Pause) 1443M->1450M(2048M) 15.301ms
[2024-08-28T13:09:46.219+0000][info][gc,cpu      ] GC(443) User=0.69s Sys=0.00s Real=0.02s
[2024-08-28T13:09:46.242+0000][info][gc,marking  ] GC(442) Concurrent Rebuild Remembered Sets 67.450ms
[2024-08-28T13:09:46.243+0000][info][gc,start    ] GC(442) Pause Cleanup
[2024-08-28T13:09:46.246+0000][info][gc          ] GC(442) Pause Cleanup 1473M->1473M(2048M) 3.461ms
[2024-08-28T13:09:46.246+0000][info][gc,cpu      ] GC(442) User=0.02s Sys=0.00s Real=0.00s
[2024-08-28T13:09:46.246+0000][info][gc,marking  ] GC(442) Concurrent Cleanup for Next Mark
[2024-08-28T13:09:46.248+0000][info][gc,marking  ] GC(442) Concurrent Cleanup for Next Mark 1.448ms
[2024-08-28T13:09:46.248+0000][info][gc          ] GC(442) Concurrent Mark Cycle 99.919ms
[2024-08-28T13:09:46.310+0000][info][gc,start    ] GC(444) Pause Young (Prepare Mixed) (G1 Evacuation Pause)
[2024-08-28T13:09:46.310+0000][info][gc,task     ] GC(444) Using 49 workers of 68 for evacuation
[2024-08-28T13:09:46.333+0000][info][gc,phases   ] GC(444)   Pre Evacuate Collection Set: 0.4ms
[2024-08-28T13:09:46.333+0000][info][gc,phases   ] GC(444)   Merge Heap Roots: 1.2ms
[2024-08-28T13:09:46.333+0000][info][gc,phases   ] GC(444)   Evacuate Collection Set: 20.3ms
[2024-08-28T13:09:46.333+0000][info][gc,phases   ] GC(444)   Post Evacuate Collection Set: 0.5ms
[2024-08-28T13:09:46.333+0000][info][gc,phases   ] GC(444)   Other: 0.2ms
[2024-08-28T13:09:46.333+0000][info][gc,heap     ] GC(444) Eden regions: 125->0(84)
[2024-08-28T13:09:46.333+0000][info][gc,heap     ] GC(444) Survivor regions: 14->18(18)
[2024-08-28T13:09:46.333+0000][info][gc,heap     ] GC(444) Old regions: 1431->1556
[2024-08-28T13:09:46.333+0000][info][gc,heap     ] GC(444) Archive regions: 2->2
[2024-08-28T13:09:46.333+0000][info][gc,heap     ] GC(444) Humongous regions: 5->5
[2024-08-28T13:09:46.333+0000][info][gc,metaspace] GC(444) Metaspace: 100K(320K)->100K(320K) NonClass: 96K(192K)->96K(192K) Class: 4K(128K)->4K(128K)
[2024-08-28T13:09:46.333+0000][info][gc          ] GC(444) Pause Young (Prepare Mixed) (G1 Evacuation Pause) 1575M->1579M(2048M) 22.730ms
[2024-08-28T13:09:46.333+0000][info][gc,cpu      ] GC(444) User=1.01s Sys=0.03s Real=0.02s
[2024-08-28T13:09:46.384+0000][info][gc,start    ] GC(445) Pause Young (Mixed) (G1 Evacuation Pause)
[2024-08-28T13:09:46.385+0000][info][gc,task     ] GC(445) Using 49 workers of 68 for evacuation
[2024-08-28T13:09:46.399+0000][info][gc,phases   ] GC(445)   Pre Evacuate Collection Set: 0.4ms
[2024-08-28T13:09:46.399+0000][info][gc,phases   ] GC(445)   Merge Heap Roots: 0.5ms
[2024-08-28T13:09:46.399+0000][info][gc,phases   ] GC(445)   Evacuate Collection Set: 13.2ms
[2024-08-28T13:09:46.399+0000][info][gc,phases   ] GC(445)   Post Evacuate Collection Set: 0.6ms
[2024-08-28T13:09:46.399+0000][info][gc,phases   ] GC(445)   Other: 0.2ms
[2024-08-28T13:09:46.399+0000][info][gc,heap     ] GC(445) Eden regions: 84->0(89)
[2024-08-28T13:09:46.399+0000][info][gc,heap     ] GC(445) Survivor regions: 18->13(13)
[2024-08-28T13:09:46.399+0000][info][gc,heap     ] GC(445) Old regions: 1556->1447
[2024-08-28T13:09:46.399+0000][info][gc,heap     ] GC(445) Archive regions: 2->2
[2024-08-28T13:09:46.399+0000][info][gc,heap     ] GC(445) Humongous regions: 5->5
[2024-08-28T13:09:46.399+0000][info][gc,metaspace] GC(445) Metaspace: 100K(320K)->100K(320K) NonClass: 96K(192K)->96K(192K) Class: 4K(128K)->4K(128K)
[2024-08-28T13:09:46.399+0000][info][gc          ] GC(445) Pause Young (Mixed) (G1 Evacuation Pause) 1663M->1465M(2048M) 14.991ms
[2024-08-28T13:09:46.399+0000][info][gc,cpu      ] GC(445) User=0.63s Sys=0.01s Real=0.02s
[2024-08-28T13:09:46.453+0000][info][gc,start    ] GC(446) Pause Young (Mixed) (G1 Evacuation Pause)
[2024-08-28T13:09:46.453+0000][info][gc,task     ] GC(446) Using 49 workers of 68 for evacuation
[2024-08-28T13:09:46.467+0000][info][gc,phases   ] GC(446)   Pre Evacuate Collection Set: 0.4ms
[2024-08-28T13:09:46.467+0000][info][gc,phases   ] GC(446)   Merge Heap Roots: 0.6ms
[2024-08-28T13:09:46.467+0000][info][gc,phases   ] GC(446)   Evacuate Collection Set: 12.4ms
[2024-08-28T13:09:46.467+0000][info][gc,phases   ] GC(446)   Post Evacuate Collection Set: 0.6ms
[2024-08-28T13:09:46.467+0000][info][gc,phases   ] GC(446)   Other: 0.2ms
[2024-08-28T13:09:46.467+0000][info][gc,heap     ] GC(446) Eden regions: 89->0(89)
[2024-08-28T13:09:46.467+0000][info][gc,heap     ] GC(446) Survivor regions: 13->13(13)
[2024-08-28T13:09:46.467+0000][info][gc,heap     ] GC(446) Old regions: 1447->1336
[2024-08-28T13:09:46.467+0000][info][gc,heap     ] GC(446) Archive regions: 2->2
[2024-08-28T13:09:46.467+0000][info][gc,heap     ] GC(446) Humongous regions: 5->5
[2024-08-28T13:09:46.467+0000][info][gc,metaspace] GC(446) Metaspace: 100K(320K)->100K(320K) NonClass: 96K(192K)->96K(192K) Class: 4K(128K)->4K(128K)
[2024-08-28T13:09:46.467+0000][info][gc          ] GC(446) Pause Young (Mixed) (G1 Evacuation Pause) 1554M->1354M(2048M) 14.296ms
[2024-08-28T13:09:46.467+0000][info][gc,cpu      ] GC(446) User=0.62s Sys=0.00s Real=0.01s
[2024-08-28T13:09:46.520+0000][info][gc,start    ] GC(447) Pause Young (Mixed) (G1 Evacuation Pause)
[2024-08-28T13:09:46.520+0000][info][gc,task     ] GC(447) Using 49 workers of 68 for evacuation
[2024-08-28T13:09:46.534+0000][info][gc,phases   ] GC(447)   Pre Evacuate Collection Set: 0.4ms
[2024-08-28T13:09:46.534+0000][info][gc,phases   ] GC(447)   Merge Heap Roots: 0.4ms
[2024-08-28T13:09:46.534+0000][info][gc,phases   ] GC(447)   Evacuate Collection Set: 12.2ms
[2024-08-28T13:09:46.534+0000][info][gc,phases   ] GC(447)   Post Evacuate Collection Set: 0.6ms
[2024-08-28T13:09:46.534+0000][info][gc,phases   ] GC(447)   Other: 0.2ms
[2024-08-28T13:09:46.534+0000][info][gc,heap     ] GC(447) Eden regions: 89->0(89)
[2024-08-28T13:09:46.534+0000][info][gc,heap     ] GC(447) Survivor regions: 13->13(13)
[2024-08-28T13:09:46.534+0000][info][gc,heap     ] GC(447) Old regions: 1336->1226
[2024-08-28T13:09:46.534+0000][info][gc,heap     ] GC(447) Archive regions: 2->2
[2024-08-28T13:09:46.534+0000][info][gc,heap     ] GC(447) Humongous regions: 5->5
[2024-08-28T13:09:46.534+0000][info][gc,metaspace] GC(447) Metaspace: 100K(320K)->100K(320K) NonClass: 96K(192K)->96K(192K) Class: 4K(128K)->4K(128K)
[2024-08-28T13:09:46.534+0000][info][gc          ] GC(447) Pause Young (Mixed) (G1 Evacuation Pause) 1443M->1244M(2048M) 13.985ms
[2024-08-28T13:09:46.534+0000][info][gc,cpu      ] GC(447) User=0.58s Sys=0.02s Real=0.01s
[2024-08-28T13:09:46.586+0000][info][gc,start    ] GC(448) Pause Young (Mixed) (G1 Evacuation Pause)
[2024-08-28T13:09:46.586+0000][info][gc,task     ] GC(448) Using 49 workers of 68 for evacuation
[2024-08-28T13:09:46.600+0000][info][gc,phases   ] GC(448)   Pre Evacuate Collection Set: 0.4ms
[2024-08-28T13:09:46.600+0000][info][gc,phases   ] GC(448)   Merge Heap Roots: 0.6ms
[2024-08-28T13:09:46.600+0000][info][gc,phases   ] GC(448)   Evacuate Collection Set: 12.2ms
[2024-08-28T13:09:46.600+0000][info][gc,phases   ] GC(448)   Post Evacuate Collection Set: 0.5ms
[2024-08-28T13:09:46.600+0000][info][gc,phases   ] GC(448)   Other: 0.2ms
[2024-08-28T13:09:46.600+0000][info][gc,heap     ] GC(448) Eden regions: 89->0(189)
[2024-08-28T13:09:46.600+0000][info][gc,heap     ] GC(448) Survivor regions: 13->13(13)
[2024-08-28T13:09:46.600+0000][info][gc,heap     ] GC(448) Old regions: 1226->1232
[2024-08-28T13:09:46.600+0000][info][gc,heap     ] GC(448) Archive regions: 2->2
[2024-08-28T13:09:46.600+0000][info][gc,heap     ] GC(448) Humongous regions: 5->5
[2024-08-28T13:09:46.600+0000][info][gc,metaspace] GC(448) Metaspace: 100K(320K)->100K(320K) NonClass: 96K(192K)->96K(192K) Class: 4K(128K)->4K(128K)
[2024-08-28T13:09:46.600+0000][info][gc          ] GC(448) Pause Young (Mixed) (G1 Evacuation Pause) 1333M->1250M(2048M) 14.005ms
[2024-08-28T13:09:46.600+0000][info][gc,cpu      ] GC(448) User=0.61s Sys=0.01s Real=0.02s
[2024-08-28T13:09:46.710+0000][info][gc,start    ] GC(449) Pause Young (Normal) (G1 Evacuation Pause)
[2024-08-28T13:09:46.710+0000][info][gc,task     ] GC(449) Using 49 workers of 68 for evacuation
[2024-08-28T13:09:46.733+0000][info][gc,phases   ] GC(449)   Pre Evacuate Collection Set: 0.4ms
[2024-08-28T13:09:46.733+0000][info][gc,phases   ] GC(449)   Merge Heap Roots: 0.7ms
[2024-08-28T13:09:46.733+0000][info][gc,phases   ] GC(449)   Evacuate Collection Set: 21.2ms
[2024-08-28T13:09:46.733+0000][info][gc,phases   ] GC(449)   Post Evacuate Collection Set: 0.6ms
[2024-08-28T13:09:46.733+0000][info][gc,phases   ] GC(449)   Other: 0.2ms
[2024-08-28T13:09:46.733+0000][info][gc,heap     ] GC(449) Eden regions: 189->0(128)
[2024-08-28T13:09:46.733+0000][info][gc,heap     ] GC(449) Survivor regions: 13->26(26)
[2024-08-28T13:09:46.733+0000][info][gc,heap     ] GC(449) Old regions: 1232->1407
[2024-08-28T13:09:46.733+0000][info][gc,heap     ] GC(449) Archive regions: 2->2
[2024-08-28T13:09:46.733+0000][info][gc,heap     ] GC(449) Humongous regions: 5->5
[2024-08-28T13:09:46.733+0000][info][gc,metaspace] GC(449) Metaspace: 100K(320K)->100K(320K) NonClass: 96K(192K)->96K(192K) Class: 4K(128K)->4K(128K)
[2024-08-28T13:09:46.733+0000][info][gc          ] GC(449) Pause Young (Normal) (G1 Evacuation Pause) 1439M->1438M(2048M) 23.173ms
[2024-08-28T13:09:46.733+0000][info][gc,cpu      ] GC(449) User=1.01s Sys=0.02s Real=0.02s
[2024-08-28T13:09:46.810+0000][info][gc,start    ] GC(450) Pause Young (Concurrent Start) (G1 Evacuation Pause)
[2024-08-28T13:09:46.810+0000][info][gc,task     ] GC(450) Using 49 workers of 68 for evacuation
[2024-08-28T13:09:46.831+0000][info][gc,phases   ] GC(450)   Pre Evacuate Collection Set: 0.3ms
[2024-08-28T13:09:46.831+0000][info][gc,phases   ] GC(450)   Merge Heap Roots: 0.5ms
[2024-08-28T13:09:46.831+0000][info][gc,phases   ] GC(450)   Evacuate Collection Set: 18.7ms
[2024-08-28T13:09:46.831+0000][info][gc,phases   ] GC(450)   Post Evacuate Collection Set: 0.5ms
[2024-08-28T13:09:46.831+0000][info][gc,phases   ] GC(450)   Other: 0.7ms
[2024-08-28T13:09:46.831+0000][info][gc,heap     ] GC(450) Eden regions: 128->0(85)
[2024-08-28T13:09:46.831+0000][info][gc,heap     ] GC(450) Survivor regions: 26->20(20)
[2024-08-28T13:09:46.831+0000][info][gc,heap     ] GC(450) Old regions: 1407->1548
[2024-08-28T13:09:46.831+0000][info][gc,heap     ] GC(450) Archive regions: 2->2
[2024-08-28T13:09:46.831+0000][info][gc,heap     ] GC(450) Humongous regions: 5->5
[2024-08-28T13:09:46.831+0000][info][gc,metaspace] GC(450) Metaspace: 100K(320K)->100K(320K) NonClass: 96K(192K)->96K(192K) Class: 4K(128K)->4K(128K)
[2024-08-28T13:09:46.831+0000][info][gc          ] GC(450) Pause Young (Concurrent Start) (G1 Evacuation Pause) 1566M->1573M(2048M) 20.770ms
[2024-08-28T13:09:46.831+0000][info][gc,cpu      ] GC(450) User=0.88s Sys=0.03s Real=0.02s
[2024-08-28T13:09:46.831+0000][info][gc          ] GC(451) Concurrent Mark Cycle
[2024-08-28T13:09:46.831+0000][info][gc,marking  ] GC(451) Concurrent Clear Claimed Marks
[2024-08-28T13:09:46.831+0000][info][gc,marking  ] GC(451) Concurrent Clear Claimed Marks 0.007ms
[2024-08-28T13:09:46.831+0000][info][gc,marking  ] GC(451) Concurrent Scan Root Regions
[2024-08-28T13:09:46.835+0000][info][gc,marking  ] GC(451) Concurrent Scan Root Regions 4.011ms
[2024-08-28T13:09:46.835+0000][info][gc,marking  ] GC(451) Concurrent Mark
[2024-08-28T13:09:46.835+0000][info][gc,marking  ] GC(451) Concurrent Mark From Roots
[2024-08-28T13:09:46.835+0000][info][gc,task     ] GC(451) Using 17 workers of 17 for marking
[2024-08-28T13:09:46.855+0000][info][gc,marking  ] GC(451) Concurrent Mark From Roots 19.922ms
[2024-08-28T13:09:46.855+0000][info][gc,marking  ] GC(451) Concurrent Preclean
[2024-08-28T13:09:46.856+0000][info][gc,marking  ] GC(451) Concurrent Preclean 0.556ms
[2024-08-28T13:09:46.856+0000][info][gc,start    ] GC(451) Pause Remark
[2024-08-28T13:09:46.858+0000][info][gc          ] GC(451) Pause Remark 1594M->1403M(2048M) 2.230ms
[2024-08-28T13:09:46.858+0000][info][gc,cpu      ] GC(451) User=0.02s Sys=0.00s Real=0.01s
[2024-08-28T13:09:46.858+0000][info][gc,marking  ] GC(451) Concurrent Mark 23.198ms
[2024-08-28T13:09:46.858+0000][info][gc,marking  ] GC(451) Concurrent Rebuild Remembered Sets
[2024-08-28T13:09:46.908+0000][info][gc,marking  ] GC(451) Concurrent Rebuild Remembered Sets 50.084ms
[2024-08-28T13:09:46.909+0000][info][gc,start    ] GC(451) Pause Cleanup
[2024-08-28T13:09:46.913+0000][info][gc          ] GC(451) Pause Cleanup 1457M->1457M(2048M) 4.139ms
[2024-08-28T13:09:46.913+0000][info][gc,cpu      ] GC(451) User=0.02s Sys=0.00s Real=0.01s
[2024-08-28T13:09:46.913+0000][info][gc,marking  ] GC(451) Concurrent Cleanup for Next Mark
[2024-08-28T13:09:46.914+0000][info][gc,marking  ] GC(451) Concurrent Cleanup for Next Mark 1.438ms
[2024-08-28T13:09:46.915+0000][info][gc          ] GC(451) Concurrent Mark Cycle 83.620ms
[2024-08-28T13:09:46.922+0000][info][gc,start    ] GC(452) Pause Young (Prepare Mixed) (G1 Evacuation Pause)
[2024-08-28T13:09:46.922+0000][info][gc,task     ] GC(452) Using 49 workers of 68 for evacuation
[2024-08-28T13:09:46.941+0000][info][gc,phases   ] GC(452)   Pre Evacuate Collection Set: 0.4ms
[2024-08-28T13:09:46.941+0000][info][gc,phases   ] GC(452)   Merge Heap Roots: 0.4ms
[2024-08-28T13:09:46.941+0000][info][gc,phases   ] GC(452)   Evacuate Collection Set: 17.8ms
[2024-08-28T13:09:46.941+0000][info][gc,phases   ] GC(452)   Post Evacuate Collection Set: 0.5ms
[2024-08-28T13:09:46.941+0000][info][gc,phases   ] GC(452)   Other: 0.2ms
[2024-08-28T13:09:46.941+0000][info][gc,heap     ] GC(452) Eden regions: 85->0(88)
[2024-08-28T13:09:46.941+0000][info][gc,heap     ] GC(452) Survivor regions: 20->14(14)
[2024-08-28T13:09:46.941+0000][info][gc,heap     ] GC(452) Old regions: 1357->1455
[2024-08-28T13:09:46.941+0000][info][gc,heap     ] GC(452) Archive regions: 2->2
[2024-08-28T13:09:46.941+0000][info][gc,heap     ] GC(452) Humongous regions: 5->5
[2024-08-28T13:09:46.941+0000][info][gc,metaspace] GC(452) Metaspace: 100K(320K)->100K(320K) NonClass: 96K(192K)->96K(192K) Class: 4K(128K)->4K(128K)
[2024-08-28T13:09:46.941+0000][info][gc          ] GC(452) Pause Young (Prepare Mixed) (G1 Evacuation Pause) 1467M->1474M(2048M) 19.316ms
[2024-08-28T13:09:46.941+0000][info][gc,cpu      ] GC(452) User=0.63s Sys=0.01s Real=0.02s
[2024-08-28T13:09:46.997+0000][info][gc,start    ] GC(453) Pause Young (Mixed) (G1 Evacuation Pause)
[2024-08-28T13:09:46.997+0000][info][gc,task     ] GC(453) Using 49 workers of 68 for evacuation
[2024-08-28T13:09:47.012+0000][info][gc,phases   ] GC(453)   Pre Evacuate Collection Set: 0.5ms
[2024-08-28T13:09:47.012+0000][info][gc,phases   ] GC(453)   Merge Heap Roots: 0.6ms
[2024-08-28T13:09:47.012+0000][info][gc,phases   ] GC(453)   Evacuate Collection Set: 12.7ms
[2024-08-28T13:09:47.012+0000][info][gc,phases   ] GC(453)   Post Evacuate Collection Set: 0.6ms
[2024-08-28T13:09:47.012+0000][info][gc,phases   ] GC(453)   Other: 0.3ms
[2024-08-28T13:09:47.012+0000][info][gc,heap     ] GC(453) Eden regions: 88->0(89)
[2024-08-28T13:09:47.012+0000][info][gc,heap     ] GC(453) Survivor regions: 14->13(13)
[2024-08-28T13:09:47.012+0000][info][gc,heap     ] GC(453) Old regions: 1455->1346
[2024-08-28T13:09:47.012+0000][info][gc,heap     ] GC(453) Archive regions: 2->2
[2024-08-28T13:09:47.012+0000][info][gc,heap     ] GC(453) Humongous regions: 5->5
[2024-08-28T13:09:47.012+0000][info][gc,metaspace] GC(453) Metaspace: 100K(320K)->100K(320K) NonClass: 96K(192K)->96K(192K) Class: 4K(128K)->4K(128K)
[2024-08-28T13:09:47.012+0000][info][gc          ] GC(453) Pause Young (Mixed) (G1 Evacuation Pause) 1562M->1364M(2048M) 14.678ms
[2024-08-28T13:09:47.012+0000][info][gc,cpu      ] GC(453) User=0.62s Sys=0.01s Real=0.02s
[2024-08-28T13:09:47.068+0000][info][gc,start    ] GC(454) Pause Young (Mixed) (G1 Evacuation Pause)
[2024-08-28T13:09:47.068+0000][info][gc,task     ] GC(454) Using 49 workers of 68 for evacuation
[2024-08-28T13:09:47.082+0000][info][gc,phases   ] GC(454)   Pre Evacuate Collection Set: 0.4ms
[2024-08-28T13:09:47.082+0000][info][gc,phases   ] GC(454)   Merge Heap Roots: 0.4ms
[2024-08-28T13:09:47.082+0000][info][gc,phases   ] GC(454)   Evacuate Collection Set: 12.8ms
[2024-08-28T13:09:47.082+0000][info][gc,phases   ] GC(454)   Post Evacuate Collection Set: 0.6ms
[2024-08-28T13:09:47.082+0000][info][gc,phases   ] GC(454)   Other: 0.2ms
[2024-08-28T13:09:47.082+0000][info][gc,heap     ] GC(454) Eden regions: 89->0(89)
[2024-08-28T13:09:47.082+0000][info][gc,heap     ] GC(454) Survivor regions: 13->13(13)
[2024-08-28T13:09:47.082+0000][info][gc,heap     ] GC(454) Old regions: 1346->1236
[2024-08-28T13:09:47.082+0000][info][gc,heap     ] GC(454) Archive regions: 2->2
[2024-08-28T13:09:47.082+0000][info][gc,heap     ] GC(454) Humongous regions: 5->5
[2024-08-28T13:09:47.082+0000][info][gc,metaspace] GC(454) Metaspace: 100K(320K)->100K(320K) NonClass: 96K(192K)->96K(192K) Class: 4K(128K)->4K(128K)
[2024-08-28T13:09:47.082+0000][info][gc          ] GC(454) Pause Young (Mixed) (G1 Evacuation Pause) 1453M->1254M(2048M) 14.601ms
[2024-08-28T13:09:47.082+0000][info][gc,cpu      ] GC(454) User=0.62s Sys=0.00s Real=0.02s
[2024-08-28T13:09:47.137+0000][info][gc,start    ] GC(455) Pause Young (Mixed) (G1 Evacuation Pause)
[2024-08-28T13:09:47.137+0000][info][gc,task     ] GC(455) Using 49 workers of 68 for evacuation
[2024-08-28T13:09:47.152+0000][info][gc,phases   ] GC(455)   Pre Evacuate Collection Set: 0.5ms
[2024-08-28T13:09:47.152+0000][info][gc,phases   ] GC(455)   Merge Heap Roots: 0.6ms
[2024-08-28T13:09:47.152+0000][info][gc,phases   ] GC(455)   Evacuate Collection Set: 12.4ms
[2024-08-28T13:09:47.152+0000][info][gc,phases   ] GC(455)   Post Evacuate Collection Set: 0.6ms
[2024-08-28T13:09:47.152+0000][info][gc,phases   ] GC(455)   Other: 0.2ms
[2024-08-28T13:09:47.152+0000][info][gc,heap     ] GC(455) Eden regions: 89->0(89)
[2024-08-28T13:09:47.152+0000][info][gc,heap     ] GC(455) Survivor regions: 13->13(13)
[2024-08-28T13:09:47.152+0000][info][gc,heap     ] GC(455) Old regions: 1236->1126
[2024-08-28T13:09:47.152+0000][info][gc,heap     ] GC(455) Archive regions: 2->2
[2024-08-28T13:09:47.152+0000][info][gc,heap     ] GC(455) Humongous regions: 5->5
[2024-08-28T13:09:47.152+0000][info][gc,metaspace] GC(455) Metaspace: 100K(320K)->100K(320K) NonClass: 96K(192K)->96K(192K) Class: 4K(128K)->4K(128K)
[2024-08-28T13:09:47.152+0000][info][gc          ] GC(455) Pause Young (Mixed) (G1 Evacuation Pause) 1343M->1144M(2048M) 14.360ms
[2024-08-28T13:09:47.152+0000][info][gc,cpu      ] GC(455) User=0.61s Sys=0.01s Real=0.02s
[2024-08-28T13:09:47.203+0000][info][gc,start    ] GC(456) Pause Young (Mixed) (G1 Evacuation Pause)
[2024-08-28T13:09:47.203+0000][info][gc,task     ] GC(456) Using 49 workers of 68 for evacuation
[2024-08-28T13:09:47.217+0000][info][gc,phases   ] GC(456)   Pre Evacuate Collection Set: 0.4ms
[2024-08-28T13:09:47.217+0000][info][gc,phases   ] GC(456)   Merge Heap Roots: 0.4ms
[2024-08-28T13:09:47.217+0000][info][gc,phases   ] GC(456)   Evacuate Collection Set: 12.4ms
[2024-08-28T13:09:47.217+0000][info][gc,phases   ] GC(456)   Post Evacuate Collection Set: 0.5ms
[2024-08-28T13:09:47.217+0000][info][gc,phases   ] GC(456)   Other: 0.2ms
[2024-08-28T13:09:47.217+0000][info][gc,heap     ] GC(456) Eden regions: 89->0(228)
[2024-08-28T13:09:47.217+0000][info][gc,heap     ] GC(456) Survivor regions: 13->13(13)
[2024-08-28T13:09:47.217+0000][info][gc,heap     ] GC(456) Old regions: 1126->1113
[2024-08-28T13:09:47.217+0000][info][gc,heap     ] GC(456) Archive regions: 2->2
[2024-08-28T13:09:47.217+0000][info][gc,heap     ] GC(456) Humongous regions: 5->5
[2024-08-28T13:09:47.217+0000][info][gc,metaspace] GC(456) Metaspace: 100K(320K)->100K(320K) NonClass: 96K(192K)->96K(192K) Class: 4K(128K)->4K(128K)
[2024-08-28T13:09:47.217+0000][info][gc          ] GC(456) Pause Young (Mixed) (G1 Evacuation Pause) 1233M->1131M(2048M) 14.119ms
[2024-08-28T13:09:47.217+0000][info][gc,cpu      ] GC(456) User=0.61s Sys=0.00s Real=0.01s
[2024-08-28T13:09:47.338+0000][info][gc,start    ] GC(457) Pause Young (Normal) (G1 Evacuation Pause)
[2024-08-28T13:09:47.338+0000][info][gc,task     ] GC(457) Using 49 workers of 68 for evacuation
[2024-08-28T13:09:47.376+0000][info][gc,phases   ] GC(457)   Pre Evacuate Collection Set: 0.5ms
[2024-08-28T13:09:47.376+0000][info][gc,phases   ] GC(457)   Merge Heap Roots: 0.7ms
[2024-08-28T13:09:47.376+0000][info][gc,phases   ] GC(457)   Evacuate Collection Set: 36.4ms
[2024-08-28T13:09:47.376+0000][info][gc,phases   ] GC(457)   Post Evacuate Collection Set: 0.6ms
[2024-08-28T13:09:47.376+0000][info][gc,phases   ] GC(457)   Other: 0.3ms
[2024-08-28T13:09:47.376+0000][info][gc,heap     ] GC(457) Eden regions: 228->0(155)
[2024-08-28T13:09:47.376+0000][info][gc,heap     ] GC(457) Survivor regions: 13->31(31)
[2024-08-28T13:09:47.376+0000][info][gc,heap     ] GC(457) Old regions: 1113->1320
[2024-08-28T13:09:47.376+0000][info][gc,heap     ] GC(457) Archive regions: 2->2
[2024-08-28T13:09:47.376+0000][info][gc,heap     ] GC(457) Humongous regions: 5->5
[2024-08-28T13:09:47.376+0000][info][gc,metaspace] GC(457) Metaspace: 100K(320K)->100K(320K) NonClass: 96K(192K)->96K(192K) Class: 4K(128K)->4K(128K)
[2024-08-28T13:09:47.376+0000][info][gc          ] GC(457) Pause Young (Normal) (G1 Evacuation Pause) 1359M->1356M(2048M) 38.564ms
[2024-08-28T13:09:47.376+0000][info][gc,cpu      ] GC(457) User=1.14s Sys=0.65s Real=0.03s
[2024-08-28T13:09:47.496+0000][info][gc,start    ] GC(458) Pause Young (Concurrent Start) (G1 Evacuation Pause)
[2024-08-28T13:09:47.496+0000][info][gc,task     ] GC(458) Using 49 workers of 68 for evacuation
[2024-08-28T13:09:47.522+0000][info][gc,phases   ] GC(458)   Pre Evacuate Collection Set: 0.4ms
[2024-08-28T13:09:47.522+0000][info][gc,phases   ] GC(458)   Merge Heap Roots: 0.6ms
[2024-08-28T13:09:47.522+0000][info][gc,phases   ] GC(458)   Evacuate Collection Set: 23.9ms
[2024-08-28T13:09:47.522+0000][info][gc,phases   ] GC(458)   Post Evacuate Collection Set: 0.6ms
[2024-08-28T13:09:47.522+0000][info][gc,phases   ] GC(458)   Other: 0.8ms
[2024-08-28T13:09:47.522+0000][info][gc,heap     ] GC(458) Eden regions: 155->0(104)
[2024-08-28T13:09:47.522+0000][info][gc,heap     ] GC(458) Survivor regions: 31->24(24)
[2024-08-28T13:09:47.522+0000][info][gc,heap     ] GC(458) Old regions: 1320->1486
[2024-08-28T13:09:47.522+0000][info][gc,heap     ] GC(458) Archive regions: 2->2
[2024-08-28T13:09:47.522+0000][info][gc,heap     ] GC(458) Humongous regions: 5->5
[2024-08-28T13:09:47.522+0000][info][gc,metaspace] GC(458) Metaspace: 100K(320K)->100K(320K) NonClass: 96K(192K)->96K(192K) Class: 4K(128K)->4K(128K)
[2024-08-28T13:09:47.522+0000][info][gc          ] GC(458) Pause Young (Concurrent Start) (G1 Evacuation Pause) 1511M->1515M(2048M) 26.422ms
[2024-08-28T13:09:47.522+0000][info][gc,cpu      ] GC(458) User=1.13s Sys=0.04s Real=0.03s
[2024-08-28T13:09:47.522+0000][info][gc          ] GC(459) Concurrent Mark Cycle
[2024-08-28T13:09:47.522+0000][info][gc,marking  ] GC(459) Concurrent Clear Claimed Marks
[2024-08-28T13:09:47.522+0000][info][gc,marking  ] GC(459) Concurrent Clear Claimed Marks 0.011ms
[2024-08-28T13:09:47.522+0000][info][gc,marking  ] GC(459) Concurrent Scan Root Regions
[2024-08-28T13:09:47.527+0000][info][gc,marking  ] GC(459) Concurrent Scan Root Regions 4.828ms
[2024-08-28T13:09:47.527+0000][info][gc,marking  ] GC(459) Concurrent Mark
[2024-08-28T13:09:47.527+0000][info][gc,marking  ] GC(459) Concurrent Mark From Roots
[2024-08-28T13:09:47.527+0000][info][gc,task     ] GC(459) Using 17 workers of 17 for marking
[2024-08-28T13:09:47.545+0000][info][gc,marking  ] GC(459) Concurrent Mark From Roots 17.877ms
[2024-08-28T13:09:47.545+0000][info][gc,marking  ] GC(459) Concurrent Preclean
[2024-08-28T13:09:47.546+0000][info][gc,marking  ] GC(459) Concurrent Preclean 1.370ms
[2024-08-28T13:09:47.547+0000][info][gc,start    ] GC(459) Pause Remark
[2024-08-28T13:09:47.549+0000][info][gc          ] GC(459) Pause Remark 1537M->1377M(2048M) 2.217ms
[2024-08-28T13:09:47.549+0000][info][gc,cpu      ] GC(459) User=0.02s Sys=0.00s Real=0.00s
[2024-08-28T13:09:47.549+0000][info][gc,marking  ] GC(459) Concurrent Mark 21.963ms
[2024-08-28T13:09:47.549+0000][info][gc,marking  ] GC(459) Concurrent Rebuild Remembered Sets
[2024-08-28T13:09:47.599+0000][info][gc,marking  ] GC(459) Concurrent Rebuild Remembered Sets 50.045ms
[2024-08-28T13:09:47.600+0000][info][gc,start    ] GC(459) Pause Cleanup
[2024-08-28T13:09:47.604+0000][info][gc          ] GC(459) Pause Cleanup 1434M->1434M(2048M) 3.994ms
[2024-08-28T13:09:47.604+0000][info][gc,cpu      ] GC(459) User=0.02s Sys=0.00s Real=0.00s
[2024-08-28T13:09:47.604+0000][info][gc,marking  ] GC(459) Concurrent Cleanup for Next Mark
[2024-08-28T13:09:47.605+0000][info][gc,marking  ] GC(459) Concurrent Cleanup for Next Mark 1.516ms
[2024-08-28T13:09:47.605+0000][info][gc          ] GC(459) Concurrent Mark Cycle 83.062ms
[2024-08-28T13:09:47.621+0000][info][gc,start    ] GC(460) Pause Young (Prepare Mixed) (G1 Evacuation Pause)
[2024-08-28T13:09:47.621+0000][info][gc,task     ] GC(460) Using 49 workers of 68 for evacuation
[2024-08-28T13:09:47.638+0000][info][gc,phases   ] GC(460)   Pre Evacuate Collection Set: 0.4ms
[2024-08-28T13:09:47.638+0000][info][gc,phases   ] GC(460)   Merge Heap Roots: 0.6ms
[2024-08-28T13:09:47.638+0000][info][gc,phases   ] GC(460)   Evacuate Collection Set: 15.8ms
[2024-08-28T13:09:47.638+0000][info][gc,phases   ] GC(460)   Post Evacuate Collection Set: 0.5ms
[2024-08-28T13:09:47.638+0000][info][gc,phases   ] GC(460)   Other: 0.2ms
[2024-08-28T13:09:47.638+0000][info][gc,heap     ] GC(460) Eden regions: 104->0(86)
[2024-08-28T13:09:47.638+0000][info][gc,heap     ] GC(460) Survivor regions: 24->16(16)
[2024-08-28T13:09:47.638+0000][info][gc,heap     ] GC(460) Old regions: 1326->1445
[2024-08-28T13:09:47.638+0000][info][gc,heap     ] GC(460) Archive regions: 2->2
[2024-08-28T13:09:47.638+0000][info][gc,heap     ] GC(460) Humongous regions: 5->5
[2024-08-28T13:09:47.638+0000][info][gc,metaspace] GC(460) Metaspace: 100K(320K)->100K(320K) NonClass: 96K(192K)->96K(192K) Class: 4K(128K)->4K(128K)
[2024-08-28T13:09:47.638+0000][info][gc          ] GC(460) Pause Young (Prepare Mixed) (G1 Evacuation Pause) 1459M->1466M(2048M) 17.565ms
[2024-08-28T13:09:47.638+0000][info][gc,cpu      ] GC(460) User=0.78s Sys=0.00s Real=0.02s
[2024-08-28T13:09:47.691+0000][info][gc,start    ] GC(461) Pause Young (Mixed) (G1 Evacuation Pause)
[2024-08-28T13:09:47.691+0000][info][gc,task     ] GC(461) Using 49 workers of 68 for evacuation
[2024-08-28T13:09:47.706+0000][info][gc,phases   ] GC(461)   Pre Evacuate Collection Set: 0.4ms
[2024-08-28T13:09:47.706+0000][info][gc,phases   ] GC(461)   Merge Heap Roots: 0.4ms
[2024-08-28T13:09:47.706+0000][info][gc,phases   ] GC(461)   Evacuate Collection Set: 14.0ms
[2024-08-28T13:09:47.706+0000][info][gc,phases   ] GC(461)   Post Evacuate Collection Set: 0.6ms
[2024-08-28T13:09:47.706+0000][info][gc,phases   ] GC(461)   Other: 0.2ms
[2024-08-28T13:09:47.706+0000][info][gc,heap     ] GC(461) Eden regions: 86->0(89)
[2024-08-28T13:09:47.706+0000][info][gc,heap     ] GC(461) Survivor regions: 16->13(13)
[2024-08-28T13:09:47.706+0000][info][gc,heap     ] GC(461) Old regions: 1445->1338
[2024-08-28T13:09:47.706+0000][info][gc,heap     ] GC(461) Archive regions: 2->2
[2024-08-28T13:09:47.706+0000][info][gc,heap     ] GC(461) Humongous regions: 5->5
[2024-08-28T13:09:47.706+0000][info][gc,metaspace] GC(461) Metaspace: 100K(320K)->100K(320K) NonClass: 96K(192K)->96K(192K) Class: 4K(128K)->4K(128K)
[2024-08-28T13:09:47.706+0000][info][gc          ] GC(461) Pause Young (Mixed) (G1 Evacuation Pause) 1552M->1356M(2048M) 15.667ms
[2024-08-28T13:09:47.706+0000][info][gc,cpu      ] GC(461) User=0.67s Sys=0.03s Real=0.01s
[2024-08-28T13:09:47.761+0000][info][gc,start    ] GC(462) Pause Young (Mixed) (G1 Evacuation Pause)
[2024-08-28T13:09:47.761+0000][info][gc,task     ] GC(462) Using 49 workers of 68 for evacuation
[2024-08-28T13:09:47.776+0000][info][gc,phases   ] GC(462)   Pre Evacuate Collection Set: 0.4ms
[2024-08-28T13:09:47.776+0000][info][gc,phases   ] GC(462)   Merge Heap Roots: 0.6ms
[2024-08-28T13:09:47.776+0000][info][gc,phases   ] GC(462)   Evacuate Collection Set: 12.9ms
[2024-08-28T13:09:47.776+0000][info][gc,phases   ] GC(462)   Post Evacuate Collection Set: 0.6ms
[2024-08-28T13:09:47.776+0000][info][gc,phases   ] GC(462)   Other: 0.2ms
[2024-08-28T13:09:47.776+0000][info][gc,heap     ] GC(462) Eden regions: 89->0(89)
[2024-08-28T13:09:47.776+0000][info][gc,heap     ] GC(462) Survivor regions: 13->13(13)
[2024-08-28T13:09:47.776+0000][info][gc,heap     ] GC(462) Old regions: 1338->1226
[2024-08-28T13:09:47.776+0000][info][gc,heap     ] GC(462) Archive regions: 2->2
[2024-08-28T13:09:47.776+0000][info][gc,heap     ] GC(462) Humongous regions: 5->5
[2024-08-28T13:09:47.776+0000][info][gc,metaspace] GC(462) Metaspace: 100K(320K)->100K(320K) NonClass: 96K(192K)->96K(192K) Class: 4K(128K)->4K(128K)
[2024-08-28T13:09:47.776+0000][info][gc          ] GC(462) Pause Young (Mixed) (G1 Evacuation Pause) 1445M->1244M(2048M) 14.807ms
[2024-08-28T13:09:47.776+0000][info][gc,cpu      ] GC(462) User=0.66s Sys=0.01s Real=0.01s
[2024-08-28T13:09:47.831+0000][info][gc,start    ] GC(463) Pause Young (Mixed) (G1 Evacuation Pause)
[2024-08-28T13:09:47.831+0000][info][gc,task     ] GC(463) Using 49 workers of 68 for evacuation
[2024-08-28T13:09:47.845+0000][info][gc,phases   ] GC(463)   Pre Evacuate Collection Set: 0.4ms
[2024-08-28T13:09:47.845+0000][info][gc,phases   ] GC(463)   Merge Heap Roots: 0.5ms
[2024-08-28T13:09:47.845+0000][info][gc,phases   ] GC(463)   Evacuate Collection Set: 13.0ms
[2024-08-28T13:09:47.845+0000][info][gc,phases   ] GC(463)   Post Evacuate Collection Set: 0.6ms
[2024-08-28T13:09:47.845+0000][info][gc,phases   ] GC(463)   Other: 0.2ms
[2024-08-28T13:09:47.845+0000][info][gc,heap     ] GC(463) Eden regions: 89->0(89)
[2024-08-28T13:09:47.845+0000][info][gc,heap     ] GC(463) Survivor regions: 13->13(13)
[2024-08-28T13:09:47.845+0000][info][gc,heap     ] GC(463) Old regions: 1226->1115
[2024-08-28T13:09:47.845+0000][info][gc,heap     ] GC(463) Archive regions: 2->2
[2024-08-28T13:09:47.845+0000][info][gc,heap     ] GC(463) Humongous regions: 5->5
[2024-08-28T13:09:47.845+0000][info][gc,metaspace] GC(463) Metaspace: 100K(320K)->100K(320K) NonClass: 96K(192K)->96K(192K) Class: 4K(128K)->4K(128K)
[2024-08-28T13:09:47.845+0000][info][gc          ] GC(463) Pause Young (Mixed) (G1 Evacuation Pause) 1333M->1133M(2048M) 14.797ms
[2024-08-28T13:09:47.846+0000][info][gc,cpu      ] GC(463) User=0.65s Sys=0.00s Real=0.01s
[2024-08-28T13:09:47.899+0000][info][gc,start    ] GC(464) Pause Young (Mixed) (G1 Evacuation Pause)
[2024-08-28T13:09:47.899+0000][info][gc,task     ] GC(464) Using 49 workers of 68 for evacuation
[2024-08-28T13:09:47.914+0000][info][gc,phases   ] GC(464)   Pre Evacuate Collection Set: 0.4ms
[2024-08-28T13:09:47.914+0000][info][gc,phases   ] GC(464)   Merge Heap Roots: 0.7ms
[2024-08-28T13:09:47.914+0000][info][gc,phases   ] GC(464)   Evacuate Collection Set: 12.9ms
[2024-08-28T13:09:47.914+0000][info][gc,phases   ] GC(464)   Post Evacuate Collection Set: 0.5ms
[2024-08-28T13:09:47.914+0000][info][gc,phases   ] GC(464)   Other: 0.2ms
[2024-08-28T13:09:47.914+0000][info][gc,heap     ] GC(464) Eden regions: 89->0(221)
[2024-08-28T13:09:47.914+0000][info][gc,heap     ] GC(464) Survivor regions: 13->13(13)
[2024-08-28T13:09:47.914+0000][info][gc,heap     ] GC(464) Old regions: 1115->1136
[2024-08-28T13:09:47.914+0000][info][gc,heap     ] GC(464) Archive regions: 2->2
[2024-08-28T13:09:47.914+0000][info][gc,heap     ] GC(464) Humongous regions: 5->5
[2024-08-28T13:09:47.914+0000][info][gc,metaspace] GC(464) Metaspace: 100K(320K)->100K(320K) NonClass: 96K(192K)->96K(192K) Class: 4K(128K)->4K(128K)
[2024-08-28T13:09:47.914+0000][info][gc          ] GC(464) Pause Young (Mixed) (G1 Evacuation Pause) 1222M->1154M(2048M) 14.873ms
[2024-08-28T13:09:47.914+0000][info][gc,cpu      ] GC(464) User=0.65s Sys=0.01s Real=0.01s
[2024-08-28T13:09:48.049+0000][info][gc,start    ] GC(465) Pause Young (Normal) (G1 Evacuation Pause)
[2024-08-28T13:09:48.049+0000][info][gc,task     ] GC(465) Using 49 workers of 68 for evacuation
[2024-08-28T13:09:48.078+0000][info][gc,phases   ] GC(465)   Pre Evacuate Collection Set: 0.3ms
[2024-08-28T13:09:48.078+0000][info][gc,phases   ] GC(465)   Merge Heap Roots: 1.2ms
[2024-08-28T13:09:48.078+0000][info][gc,phases   ] GC(465)   Evacuate Collection Set: 27.2ms
[2024-08-28T13:09:48.078+0000][info][gc,phases   ] GC(465)   Post Evacuate Collection Set: 0.6ms
[2024-08-28T13:09:48.078+0000][info][gc,phases   ] GC(465)   Other: 0.2ms
[2024-08-28T13:09:48.078+0000][info][gc,heap     ] GC(465) Eden regions: 221->0(150)
[2024-08-28T13:09:48.078+0000][info][gc,heap     ] GC(465) Survivor regions: 13->30(30)
[2024-08-28T13:09:48.078+0000][info][gc,heap     ] GC(465) Old regions: 1136->1336
[2024-08-28T13:09:48.078+0000][info][gc,heap     ] GC(465) Archive regions: 2->2
[2024-08-28T13:09:48.078+0000][info][gc,heap     ] GC(465) Humongous regions: 5->5
[2024-08-28T13:09:48.078+0000][info][gc,metaspace] GC(465) Metaspace: 100K(320K)->100K(320K) NonClass: 96K(192K)->96K(192K) Class: 4K(128K)->4K(128K)
[2024-08-28T13:09:48.078+0000][info][gc          ] GC(465) Pause Young (Normal) (G1 Evacuation Pause) 1375M->1371M(2048M) 29.630ms
[2024-08-28T13:09:48.078+0000][info][gc,cpu      ] GC(465) User=1.34s Sys=0.02s Real=0.04s
[2024-08-28T13:09:48.171+0000][info][gc,start    ] GC(466) Pause Young (Concurrent Start) (G1 Evacuation Pause)
[2024-08-28T13:09:48.171+0000][info][gc,task     ] GC(466) Using 49 workers of 68 for evacuation
[2024-08-28T13:09:48.197+0000][info][gc,phases   ] GC(466)   Pre Evacuate Collection Set: 0.3ms
[2024-08-28T13:09:48.197+0000][info][gc,phases   ] GC(466)   Merge Heap Roots: 0.6ms
[2024-08-28T13:09:48.197+0000][info][gc,phases   ] GC(466)   Evacuate Collection Set: 24.0ms
[2024-08-28T13:09:48.197+0000][info][gc,phases   ] GC(466)   Post Evacuate Collection Set: 0.6ms
[2024-08-28T13:09:48.197+0000][info][gc,phases   ] GC(466)   Other: 0.7ms
[2024-08-28T13:09:48.197+0000][info][gc,heap     ] GC(466) Eden regions: 150->0(100)
[2024-08-28T13:09:48.197+0000][info][gc,heap     ] GC(466) Survivor regions: 30->23(23)
[2024-08-28T13:09:48.197+0000][info][gc,heap     ] GC(466) Old regions: 1336->1499
[2024-08-28T13:09:48.197+0000][info][gc,heap     ] GC(466) Archive regions: 2->2
[2024-08-28T13:09:48.197+0000][info][gc,heap     ] GC(466) Humongous regions: 5->5
[2024-08-28T13:09:48.197+0000][info][gc,metaspace] GC(466) Metaspace: 100K(320K)->100K(320K) NonClass: 96K(192K)->96K(192K) Class: 4K(128K)->4K(128K)
[2024-08-28T13:09:48.197+0000][info][gc          ] GC(466) Pause Young (Concurrent Start) (G1 Evacuation Pause) 1521M->1527M(2048M) 26.365ms
[2024-08-28T13:09:48.197+0000][info][gc,cpu      ] GC(466) User=1.18s Sys=0.01s Real=0.02s
[2024-08-28T13:09:48.197+0000][info][gc          ] GC(467) Concurrent Mark Cycle
[2024-08-28T13:09:48.197+0000][info][gc,marking  ] GC(467) Concurrent Clear Claimed Marks
[2024-08-28T13:09:48.197+0000][info][gc,marking  ] GC(467) Concurrent Clear Claimed Marks 0.009ms
[2024-08-28T13:09:48.197+0000][info][gc,marking  ] GC(467) Concurrent Scan Root Regions
[2024-08-28T13:09:48.202+0000][info][gc,marking  ] GC(467) Concurrent Scan Root Regions 4.642ms
[2024-08-28T13:09:48.202+0000][info][gc,marking  ] GC(467) Concurrent Mark
[2024-08-28T13:09:48.202+0000][info][gc,marking  ] GC(467) Concurrent Mark From Roots
[2024-08-28T13:09:48.202+0000][info][gc,task     ] GC(467) Using 17 workers of 17 for marking
[2024-08-28T13:09:48.221+0000][info][gc,marking  ] GC(467) Concurrent Mark From Roots 18.945ms
[2024-08-28T13:09:48.221+0000][info][gc,marking  ] GC(467) Concurrent Preclean
[2024-08-28T13:09:48.222+0000][info][gc,marking  ] GC(467) Concurrent Preclean 0.521ms
[2024-08-28T13:09:48.222+0000][info][gc,start    ] GC(467) Pause Remark
[2024-08-28T13:09:48.224+0000][info][gc          ] GC(467) Pause Remark 1547M->1362M(2048M) 1.875ms
[2024-08-28T13:09:48.224+0000][info][gc,cpu      ] GC(467) User=0.01s Sys=0.01s Real=0.00s
[2024-08-28T13:09:48.224+0000][info][gc,marking  ] GC(467) Concurrent Mark 21.729ms
[2024-08-28T13:09:48.224+0000][info][gc,marking  ] GC(467) Concurrent Rebuild Remembered Sets
[2024-08-28T13:09:48.271+0000][info][gc,marking  ] GC(467) Concurrent Rebuild Remembered Sets 47.059ms
[2024-08-28T13:09:48.271+0000][info][gc,start    ] GC(467) Pause Cleanup
[2024-08-28T13:09:48.274+0000][info][gc          ] GC(467) Pause Cleanup 1413M->1413M(2048M) 3.110ms
[2024-08-28T13:09:48.274+0000][info][gc,cpu      ] GC(467) User=0.02s Sys=0.00s Real=0.00s
[2024-08-28T13:09:48.274+0000][info][gc,marking  ] GC(467) Concurrent Cleanup for Next Mark
[2024-08-28T13:09:48.276+0000][info][gc,marking  ] GC(467) Concurrent Cleanup for Next Mark 1.465ms
[2024-08-28T13:09:48.276+0000][info][gc          ] GC(467) Concurrent Mark Cycle 78.591ms
[2024-08-28T13:09:48.295+0000][info][gc,start    ] GC(468) Pause Young (Prepare Mixed) (G1 Evacuation Pause)
[2024-08-28T13:09:48.295+0000][info][gc,task     ] GC(468) Using 49 workers of 68 for evacuation
[2024-08-28T13:09:48.311+0000][info][gc,phases   ] GC(468)   Pre Evacuate Collection Set: 0.4ms
[2024-08-28T13:09:48.311+0000][info][gc,phases   ] GC(468)   Merge Heap Roots: 0.5ms
[2024-08-28T13:09:48.311+0000][info][gc,phases   ] GC(468)   Evacuate Collection Set: 14.6ms
[2024-08-28T13:09:48.311+0000][info][gc,phases   ] GC(468)   Post Evacuate Collection Set: 0.5ms
[2024-08-28T13:09:48.311+0000][info][gc,phases   ] GC(468)   Other: 0.2ms
[2024-08-28T13:09:48.311+0000][info][gc,heap     ] GC(468) Eden regions: 100->0(86)
[2024-08-28T13:09:48.311+0000][info][gc,heap     ] GC(468) Survivor regions: 23->16(16)
[2024-08-28T13:09:48.311+0000][info][gc,heap     ] GC(468) Old regions: 1314->1428
[2024-08-28T13:09:48.311+0000][info][gc,heap     ] GC(468) Archive regions: 2->2
[2024-08-28T13:09:48.311+0000][info][gc,heap     ] GC(468) Humongous regions: 5->5
[2024-08-28T13:09:48.311+0000][info][gc,metaspace] GC(468) Metaspace: 100K(320K)->100K(320K) NonClass: 96K(192K)->96K(192K) Class: 4K(128K)->4K(128K)
[2024-08-28T13:09:48.311+0000][info][gc          ] GC(468) Pause Young (Prepare Mixed) (G1 Evacuation Pause) 1442M->1449M(2048M) 16.167ms
[2024-08-28T13:09:48.311+0000][info][gc,cpu      ] GC(468) User=0.73s Sys=0.00s Real=0.02s
[2024-08-28T13:09:48.361+0000][info][gc,start    ] GC(469) Pause Young (Mixed) (G1 Evacuation Pause)
[2024-08-28T13:09:48.361+0000][info][gc,task     ] GC(469) Using 49 workers of 68 for evacuation
[2024-08-28T13:09:48.377+0000][info][gc,phases   ] GC(469)   Pre Evacuate Collection Set: 0.4ms
[2024-08-28T13:09:48.377+0000][info][gc,phases   ] GC(469)   Merge Heap Roots: 0.7ms
[2024-08-28T13:09:48.377+0000][info][gc,phases   ] GC(469)   Evacuate Collection Set: 13.5ms
[2024-08-28T13:09:48.377+0000][info][gc,phases   ] GC(469)   Post Evacuate Collection Set: 0.6ms
[2024-08-28T13:09:48.377+0000][info][gc,phases   ] GC(469)   Other: 0.2ms
[2024-08-28T13:09:48.377+0000][info][gc,heap     ] GC(469) Eden regions: 86->0(89)
[2024-08-28T13:09:48.377+0000][info][gc,heap     ] GC(469) Survivor regions: 16->13(13)
[2024-08-28T13:09:48.377+0000][info][gc,heap     ] GC(469) Old regions: 1428->1320
[2024-08-28T13:09:48.377+0000][info][gc,heap     ] GC(469) Archive regions: 2->2
[2024-08-28T13:09:48.377+0000][info][gc,heap     ] GC(469) Humongous regions: 5->5
[2024-08-28T13:09:48.377+0000][info][gc,metaspace] GC(469) Metaspace: 100K(320K)->100K(320K) NonClass: 96K(192K)->96K(192K) Class: 4K(128K)->4K(128K)
[2024-08-28T13:09:48.377+0000][info][gc          ] GC(469) Pause Young (Mixed) (G1 Evacuation Pause) 1535M->1338M(2048M) 15.431ms
[2024-08-28T13:09:48.377+0000][info][gc,cpu      ] GC(469) User=0.68s Sys=0.01s Real=0.01s
[2024-08-28T13:09:48.429+0000][info][gc,start    ] GC(470) Pause Young (Mixed) (G1 Evacuation Pause)
[2024-08-28T13:09:48.430+0000][info][gc,task     ] GC(470) Using 49 workers of 68 for evacuation
[2024-08-28T13:09:48.444+0000][info][gc,phases   ] GC(470)   Pre Evacuate Collection Set: 0.4ms
[2024-08-28T13:09:48.444+0000][info][gc,phases   ] GC(470)   Merge Heap Roots: 0.5ms
[2024-08-28T13:09:48.444+0000][info][gc,phases   ] GC(470)   Evacuate Collection Set: 13.0ms
[2024-08-28T13:09:48.444+0000][info][gc,phases   ] GC(470)   Post Evacuate Collection Set: 0.6ms
[2024-08-28T13:09:48.444+0000][info][gc,phases   ] GC(470)   Other: 0.3ms
[2024-08-28T13:09:48.444+0000][info][gc,heap     ] GC(470) Eden regions: 89->0(89)
[2024-08-28T13:09:48.444+0000][info][gc,heap     ] GC(470) Survivor regions: 13->13(13)
[2024-08-28T13:09:48.444+0000][info][gc,heap     ] GC(470) Old regions: 1320->1210
[2024-08-28T13:09:48.444+0000][info][gc,heap     ] GC(470) Archive regions: 2->2
[2024-08-28T13:09:48.444+0000][info][gc,heap     ] GC(470) Humongous regions: 5->5
[2024-08-28T13:09:48.444+0000][info][gc,metaspace] GC(470) Metaspace: 100K(320K)->100K(320K) NonClass: 96K(192K)->96K(192K) Class: 4K(128K)->4K(128K)
[2024-08-28T13:09:48.444+0000][info][gc          ] GC(470) Pause Young (Mixed) (G1 Evacuation Pause) 1427M->1228M(2048M) 14.870ms
[2024-08-28T13:09:48.444+0000][info][gc,cpu      ] GC(470) User=0.65s Sys=0.01s Real=0.02s
[2024-08-28T13:09:48.493+0000][info][gc,start    ] GC(471) Pause Young (Mixed) (G1 Evacuation Pause)
[2024-08-28T13:09:48.493+0000][info][gc,task     ] GC(471) Using 49 workers of 68 for evacuation
[2024-08-28T13:09:48.508+0000][info][gc,phases   ] GC(471)   Pre Evacuate Collection Set: 0.4ms
[2024-08-28T13:09:48.508+0000][info][gc,phases   ] GC(471)   Merge Heap Roots: 0.8ms
[2024-08-28T13:09:48.508+0000][info][gc,phases   ] GC(471)   Evacuate Collection Set: 12.9ms
[2024-08-28T13:09:48.508+0000][info][gc,phases   ] GC(471)   Post Evacuate Collection Set: 0.6ms
[2024-08-28T13:09:48.508+0000][info][gc,phases   ] GC(471)   Other: 0.2ms
[2024-08-28T13:09:48.508+0000][info][gc,heap     ] GC(471) Eden regions: 89->0(89)
[2024-08-28T13:09:48.508+0000][info][gc,heap     ] GC(471) Survivor regions: 13->13(13)
[2024-08-28T13:09:48.508+0000][info][gc,heap     ] GC(471) Old regions: 1210->1099
[2024-08-28T13:09:48.508+0000][info][gc,heap     ] GC(471) Archive regions: 2->2
[2024-08-28T13:09:48.508+0000][info][gc,heap     ] GC(471) Humongous regions: 5->5
[2024-08-28T13:09:48.508+0000][info][gc,metaspace] GC(471) Metaspace: 100K(320K)->100K(320K) NonClass: 96K(192K)->96K(192K) Class: 4K(128K)->4K(128K)
[2024-08-28T13:09:48.508+0000][info][gc          ] GC(471) Pause Young (Mixed) (G1 Evacuation Pause) 1317M->1117M(2048M) 15.022ms
[2024-08-28T13:09:48.508+0000][info][gc,cpu      ] GC(471) User=0.65s Sys=0.01s Real=0.01s
[2024-08-28T13:09:48.556+0000][info][gc,start    ] GC(472) Pause Young (Mixed) (G1 Evacuation Pause)
[2024-08-28T13:09:48.556+0000][info][gc,task     ] GC(472) Using 49 workers of 68 for evacuation
[2024-08-28T13:09:48.570+0000][info][gc,phases   ] GC(472)   Pre Evacuate Collection Set: 0.4ms
[2024-08-28T13:09:48.570+0000][info][gc,phases   ] GC(472)   Merge Heap Roots: 0.5ms
[2024-08-28T13:09:48.570+0000][info][gc,phases   ] GC(472)   Evacuate Collection Set: 12.9ms
[2024-08-28T13:09:48.570+0000][info][gc,phases   ] GC(472)   Post Evacuate Collection Set: 0.5ms
[2024-08-28T13:09:48.570+0000][info][gc,phases   ] GC(472)   Other: 0.2ms
[2024-08-28T13:09:48.570+0000][info][gc,heap     ] GC(472) Eden regions: 89->0(224)
[2024-08-28T13:09:48.570+0000][info][gc,heap     ] GC(472) Survivor regions: 13->13(13)
[2024-08-28T13:09:48.570+0000][info][gc,heap     ] GC(472) Old regions: 1099->1125
[2024-08-28T13:09:48.570+0000][info][gc,heap     ] GC(472) Archive regions: 2->2
[2024-08-28T13:09:48.570+0000][info][gc,heap     ] GC(472) Humongous regions: 5->5
[2024-08-28T13:09:48.570+0000][info][gc,metaspace] GC(472) Metaspace: 100K(320K)->100K(320K) NonClass: 96K(192K)->96K(192K) Class: 4K(128K)->4K(128K)
[2024-08-28T13:09:48.570+0000][info][gc          ] GC(472) Pause Young (Mixed) (G1 Evacuation Pause) 1206M->1143M(2048M) 14.533ms
[2024-08-28T13:09:48.570+0000][info][gc,cpu      ] GC(472) User=0.63s Sys=0.02s Real=0.02s
[2024-08-28T13:09:48.692+0000][info][gc,start    ] GC(473) Pause Young (Normal) (G1 Evacuation Pause)
[2024-08-28T13:09:48.692+0000][info][gc,task     ] GC(473) Using 49 workers of 68 for evacuation
[2024-08-28T13:09:48.721+0000][info][gc,phases   ] GC(473)   Pre Evacuate Collection Set: 0.4ms
[2024-08-28T13:09:48.721+0000][info][gc,phases   ] GC(473)   Merge Heap Roots: 0.7ms
[2024-08-28T13:09:48.721+0000][info][gc,phases   ] GC(473)   Evacuate Collection Set: 27.1ms
[2024-08-28T13:09:48.721+0000][info][gc,phases   ] GC(473)   Post Evacuate Collection Set: 0.7ms
[2024-08-28T13:09:48.721+0000][info][gc,phases   ] GC(473)   Other: 0.2ms
[2024-08-28T13:09:48.721+0000][info][gc,heap     ] GC(473) Eden regions: 224->0(153)
[2024-08-28T13:09:48.721+0000][info][gc,heap     ] GC(473) Survivor regions: 13->30(30)
[2024-08-28T13:09:48.721+0000][info][gc,heap     ] GC(473) Old regions: 1125->1328
[2024-08-28T13:09:48.721+0000][info][gc,heap     ] GC(473) Archive regions: 2->2
[2024-08-28T13:09:48.721+0000][info][gc,heap     ] GC(473) Humongous regions: 5->5
[2024-08-28T13:09:48.721+0000][info][gc,metaspace] GC(473) Metaspace: 100K(320K)->100K(320K) NonClass: 96K(192K)->96K(192K) Class: 4K(128K)->4K(128K)
[2024-08-28T13:09:48.721+0000][info][gc          ] GC(473) Pause Young (Normal) (G1 Evacuation Pause) 1367M->1363M(2048M) 29.171ms
[2024-08-28T13:09:48.721+0000][info][gc,cpu      ] GC(473) User=1.32s Sys=0.02s Real=0.03s
[2024-08-28T13:09:48.805+0000][info][gc,start    ] GC(474) Pause Young (Concurrent Start) (G1 Evacuation Pause)
[2024-08-28T13:09:48.805+0000][info][gc,task     ] GC(474) Using 49 workers of 68 for evacuation
[2024-08-28T13:09:48.831+0000][info][gc,phases   ] GC(474)   Pre Evacuate Collection Set: 0.4ms
[2024-08-28T13:09:48.831+0000][info][gc,phases   ] GC(474)   Merge Heap Roots: 0.6ms
[2024-08-28T13:09:48.831+0000][info][gc,phases   ] GC(474)   Evacuate Collection Set: 23.7ms
[2024-08-28T13:09:48.831+0000][info][gc,phases   ] GC(474)   Post Evacuate Collection Set: 0.6ms
[2024-08-28T13:09:48.831+0000][info][gc,phases   ] GC(474)   Other: 0.9ms
[2024-08-28T13:09:48.831+0000][info][gc,heap     ] GC(474) Eden regions: 153->0(102)
[2024-08-28T13:09:48.831+0000][info][gc,heap     ] GC(474) Survivor regions: 30->23(23)
[2024-08-28T13:09:48.831+0000][info][gc,heap     ] GC(474) Old regions: 1328->1492
[2024-08-28T13:09:48.831+0000][info][gc,heap     ] GC(474) Archive regions: 2->2
[2024-08-28T13:09:48.831+0000][info][gc,heap     ] GC(474) Humongous regions: 5->5
[2024-08-28T13:09:48.831+0000][info][gc,metaspace] GC(474) Metaspace: 100K(320K)->100K(320K) NonClass: 96K(192K)->96K(192K) Class: 4K(128K)->4K(128K)
[2024-08-28T13:09:48.831+0000][info][gc          ] GC(474) Pause Young (Concurrent Start) (G1 Evacuation Pause) 1516M->1520M(2048M) 26.157ms
[2024-08-28T13:09:48.831+0000][info][gc,cpu      ] GC(474) User=1.18s Sys=0.00s Real=0.03s
[2024-08-28T13:09:48.831+0000][info][gc          ] GC(475) Concurrent Mark Cycle
[2024-08-28T13:09:48.831+0000][info][gc,marking  ] GC(475) Concurrent Clear Claimed Marks
[2024-08-28T13:09:48.831+0000][info][gc,marking  ] GC(475) Concurrent Clear Claimed Marks 0.010ms
[2024-08-28T13:09:48.831+0000][info][gc,marking  ] GC(475) Concurrent Scan Root Regions
[2024-08-28T13:09:48.836+0000][info][gc,marking  ] GC(475) Concurrent Scan Root Regions 4.829ms
[2024-08-28T13:09:48.836+0000][info][gc,marking  ] GC(475) Concurrent Mark
[2024-08-28T13:09:48.836+0000][info][gc,marking  ] GC(475) Concurrent Mark From Roots
[2024-08-28T13:09:48.836+0000][info][gc,task     ] GC(475) Using 17 workers of 17 for marking
[2024-08-28T13:09:48.854+0000][info][gc,marking  ] GC(475) Concurrent Mark From Roots 17.901ms
[2024-08-28T13:09:48.854+0000][info][gc,marking  ] GC(475) Concurrent Preclean
[2024-08-28T13:09:48.855+0000][info][gc,marking  ] GC(475) Concurrent Preclean 1.023ms
[2024-08-28T13:09:48.855+0000][info][gc,start    ] GC(475) Pause Remark
[2024-08-28T13:09:48.857+0000][info][gc          ] GC(475) Pause Remark 1550M->1368M(2048M) 1.911ms
[2024-08-28T13:09:48.857+0000][info][gc,cpu      ] GC(475) User=0.02s Sys=0.00s Real=0.00s
[2024-08-28T13:09:48.857+0000][info][gc,marking  ] GC(475) Concurrent Mark 21.408ms
[2024-08-28T13:09:48.857+0000][info][gc,marking  ] GC(475) Concurrent Rebuild Remembered Sets
[2024-08-28T13:09:48.896+0000][info][gc,start    ] GC(476) Pause Young (Normal) (G1 Evacuation Pause)
[2024-08-28T13:09:48.896+0000][info][gc,task     ] GC(476) Using 49 workers of 68 for evacuation
[2024-08-28T13:09:48.913+0000][info][gc,phases   ] GC(476)   Pre Evacuate Collection Set: 0.3ms
[2024-08-28T13:09:48.914+0000][info][gc,phases   ] GC(476)   Merge Heap Roots: 0.5ms
[2024-08-28T13:09:48.914+0000][info][gc,phases   ] GC(476)   Evacuate Collection Set: 16.0ms
[2024-08-28T13:09:48.914+0000][info][gc,phases   ] GC(476)   Post Evacuate Collection Set: 0.9ms
[2024-08-28T13:09:48.914+0000][info][gc,phases   ] GC(476)   Other: 0.3ms
[2024-08-28T13:09:48.914+0000][info][gc,heap     ] GC(476) Eden regions: 102->0(125)
[2024-08-28T13:09:48.914+0000][info][gc,heap     ] GC(476) Survivor regions: 23->16(16)
[2024-08-28T13:09:48.914+0000][info][gc,heap     ] GC(476) Old regions: 1310->1427
[2024-08-28T13:09:48.914+0000][info][gc,heap     ] GC(476) Archive regions: 2->2
[2024-08-28T13:09:48.914+0000][info][gc,heap     ] GC(476) Humongous regions: 5->5
[2024-08-28T13:09:48.914+0000][info][gc,metaspace] GC(476) Metaspace: 100K(320K)->100K(320K) NonClass: 96K(192K)->96K(192K) Class: 4K(128K)->4K(128K)
[2024-08-28T13:09:48.914+0000][info][gc          ] GC(476) Pause Young (Normal) (G1 Evacuation Pause) 1440M->1448M(2048M) 18.083ms
[2024-08-28T13:09:48.914+0000][info][gc,cpu      ] GC(476) User=0.80s Sys=0.01s Real=0.02s
[2024-08-28T13:09:48.923+0000][info][gc,marking  ] GC(475) Concurrent Rebuild Remembered Sets 65.414ms
[2024-08-28T13:09:48.923+0000][info][gc,start    ] GC(475) Pause Cleanup
[2024-08-28T13:09:48.926+0000][info][gc          ] GC(475) Pause Cleanup 1464M->1464M(2048M) 3.070ms
[2024-08-28T13:09:48.926+0000][info][gc,cpu      ] GC(475) User=0.01s Sys=0.00s Real=0.00s
[2024-08-28T13:09:48.926+0000][info][gc,marking  ] GC(475) Concurrent Cleanup for Next Mark
[2024-08-28T13:09:48.927+0000][info][gc,marking  ] GC(475) Concurrent Cleanup for Next Mark 1.332ms
[2024-08-28T13:09:48.927+0000][info][gc          ] GC(475) Concurrent Mark Cycle 96.513ms
[2024-08-28T13:09:48.989+0000][info][gc,start    ] GC(477) Pause Young (Prepare Mixed) (G1 Evacuation Pause)
[2024-08-28T13:09:48.989+0000][info][gc,task     ] GC(477) Using 49 workers of 68 for evacuation
[2024-08-28T13:09:49.014+0000][info][gc,phases   ] GC(477)   Pre Evacuate Collection Set: 0.3ms
[2024-08-28T13:09:49.014+0000][info][gc,phases   ] GC(477)   Merge Heap Roots: 1.4ms
[2024-08-28T13:09:49.014+0000][info][gc,phases   ] GC(477)   Evacuate Collection Set: 23.0ms
[2024-08-28T13:09:49.014+0000][info][gc,phases   ] GC(477)   Post Evacuate Collection Set: 0.5ms
[2024-08-28T13:09:49.014+0000][info][gc,phases   ] GC(477)   Other: 0.2ms
[2024-08-28T13:09:49.014+0000][info][gc,heap     ] GC(477) Eden regions: 125->0(84)
[2024-08-28T13:09:49.014+0000][info][gc,heap     ] GC(477) Survivor regions: 16->18(18)
[2024-08-28T13:09:49.014+0000][info][gc,heap     ] GC(477) Old regions: 1427->1556
[2024-08-28T13:09:49.014+0000][info][gc,heap     ] GC(477) Archive regions: 2->2
[2024-08-28T13:09:49.014+0000][info][gc,heap     ] GC(477) Humongous regions: 5->5
[2024-08-28T13:09:49.014+0000][info][gc,metaspace] GC(477) Metaspace: 100K(320K)->100K(320K) NonClass: 96K(192K)->96K(192K) Class: 4K(128K)->4K(128K)
[2024-08-28T13:09:49.014+0000][info][gc          ] GC(477) Pause Young (Prepare Mixed) (G1 Evacuation Pause) 1573M->1579M(2048M) 25.512ms
[2024-08-28T13:09:49.014+0000][info][gc,cpu      ] GC(477) User=1.17s Sys=0.02s Real=0.03s
[2024-08-28T13:09:49.066+0000][info][gc,start    ] GC(478) Pause Young (Mixed) (G1 Evacuation Pause)
[2024-08-28T13:09:49.066+0000][info][gc,task     ] GC(478) Using 49 workers of 68 for evacuation
[2024-08-28T13:09:49.081+0000][info][gc,phases   ] GC(478)   Pre Evacuate Collection Set: 0.4ms
[2024-08-28T13:09:49.081+0000][info][gc,phases   ] GC(478)   Merge Heap Roots: 0.5ms
[2024-08-28T13:09:49.081+0000][info][gc,phases   ] GC(478)   Evacuate Collection Set: 14.2ms
[2024-08-28T13:09:49.081+0000][info][gc,phases   ] GC(478)   Post Evacuate Collection Set: 0.6ms
[2024-08-28T13:09:49.082+0000][info][gc,phases   ] GC(478)   Other: 0.2ms
[2024-08-28T13:09:49.082+0000][info][gc,heap     ] GC(478) Eden regions: 84->0(89)
[2024-08-28T13:09:49.082+0000][info][gc,heap     ] GC(478) Survivor regions: 18->13(13)
[2024-08-28T13:09:49.082+0000][info][gc,heap     ] GC(478) Old regions: 1556->1447
[2024-08-28T13:09:49.082+0000][info][gc,heap     ] GC(478) Archive regions: 2->2
[2024-08-28T13:09:49.082+0000][info][gc,heap     ] GC(478) Humongous regions: 5->5
[2024-08-28T13:09:49.082+0000][info][gc,metaspace] GC(478) Metaspace: 100K(320K)->100K(320K) NonClass: 96K(192K)->96K(192K) Class: 4K(128K)->4K(128K)
[2024-08-28T13:09:49.082+0000][info][gc          ] GC(478) Pause Young (Mixed) (G1 Evacuation Pause) 1663M->1465M(2048M) 16.018ms
[2024-08-28T13:09:49.082+0000][info][gc,cpu      ] GC(478) User=0.60s Sys=0.12s Real=0.02s
[2024-08-28T13:09:49.137+0000][info][gc,start    ] GC(479) Pause Young (Mixed) (G1 Evacuation Pause)
[2024-08-28T13:09:49.137+0000][info][gc,task     ] GC(479) Using 49 workers of 68 for evacuation
[2024-08-28T13:09:49.152+0000][info][gc,phases   ] GC(479)   Pre Evacuate Collection Set: 0.5ms
[2024-08-28T13:09:49.152+0000][info][gc,phases   ] GC(479)   Merge Heap Roots: 0.8ms
[2024-08-28T13:09:49.152+0000][info][gc,phases   ] GC(479)   Evacuate Collection Set: 13.0ms
[2024-08-28T13:09:49.152+0000][info][gc,phases   ] GC(479)   Post Evacuate Collection Set: 0.7ms
[2024-08-28T13:09:49.152+0000][info][gc,phases   ] GC(479)   Other: 0.2ms
[2024-08-28T13:09:49.152+0000][info][gc,heap     ] GC(479) Eden regions: 89->0(89)
[2024-08-28T13:09:49.152+0000][info][gc,heap     ] GC(479) Survivor regions: 13->13(13)
[2024-08-28T13:09:49.152+0000][info][gc,heap     ] GC(479) Old regions: 1447->1337
[2024-08-28T13:09:49.152+0000][info][gc,heap     ] GC(479) Archive regions: 2->2
[2024-08-28T13:09:49.152+0000][info][gc,heap     ] GC(479) Humongous regions: 5->5
[2024-08-28T13:09:49.152+0000][info][gc,metaspace] GC(479) Metaspace: 100K(320K)->100K(320K) NonClass: 96K(192K)->96K(192K) Class: 4K(128K)->4K(128K)
[2024-08-28T13:09:49.152+0000][info][gc          ] GC(479) Pause Young (Mixed) (G1 Evacuation Pause) 1554M->1355M(2048M) 15.218ms
[2024-08-28T13:09:49.152+0000][info][gc,cpu      ] GC(479) User=0.67s Sys=0.00s Real=0.02s
[2024-08-28T13:09:49.207+0000][info][gc,start    ] GC(480) Pause Young (Mixed) (G1 Evacuation Pause)
[2024-08-28T13:09:49.207+0000][info][gc,task     ] GC(480) Using 49 workers of 68 for evacuation
[2024-08-28T13:09:49.222+0000][info][gc,phases   ] GC(480)   Pre Evacuate Collection Set: 0.4ms
[2024-08-28T13:09:49.222+0000][info][gc,phases   ] GC(480)   Merge Heap Roots: 0.5ms
[2024-08-28T13:09:49.222+0000][info][gc,phases   ] GC(480)   Evacuate Collection Set: 13.3ms
[2024-08-28T13:09:49.222+0000][info][gc,phases   ] GC(480)   Post Evacuate Collection Set: 0.6ms
[2024-08-28T13:09:49.222+0000][info][gc,phases   ] GC(480)   Other: 0.2ms
[2024-08-28T13:09:49.222+0000][info][gc,heap     ] GC(480) Eden regions: 89->0(89)
[2024-08-28T13:09:49.222+0000][info][gc,heap     ] GC(480) Survivor regions: 13->13(13)
[2024-08-28T13:09:49.222+0000][info][gc,heap     ] GC(480) Old regions: 1337->1226
[2024-08-28T13:09:49.222+0000][info][gc,heap     ] GC(480) Archive regions: 2->2
[2024-08-28T13:09:49.222+0000][info][gc,heap     ] GC(480) Humongous regions: 5->5
[2024-08-28T13:09:49.222+0000][info][gc,metaspace] GC(480) Metaspace: 100K(320K)->100K(320K) NonClass: 96K(192K)->96K(192K) Class: 4K(128K)->4K(128K)
[2024-08-28T13:09:49.222+0000][info][gc          ] GC(480) Pause Young (Mixed) (G1 Evacuation Pause) 1444M->1244M(2048M) 15.211ms
[2024-08-28T13:09:49.222+0000][info][gc,cpu      ] GC(480) User=0.65s Sys=0.01s Real=0.02s
[2024-08-28T13:09:49.277+0000][info][gc,start    ] GC(481) Pause Young (Mixed) (G1 Evacuation Pause)
[2024-08-28T13:09:49.277+0000][info][gc,task     ] GC(481) Using 49 workers of 68 for evacuation
[2024-08-28T13:09:49.292+0000][info][gc,phases   ] GC(481)   Pre Evacuate Collection Set: 0.3ms
[2024-08-28T13:09:49.292+0000][info][gc,phases   ] GC(481)   Merge Heap Roots: 0.8ms
[2024-08-28T13:09:49.292+0000][info][gc,phases   ] GC(481)   Evacuate Collection Set: 13.1ms
[2024-08-28T13:09:49.292+0000][info][gc,phases   ] GC(481)   Post Evacuate Collection Set: 0.5ms
[2024-08-28T13:09:49.292+0000][info][gc,phases   ] GC(481)   Other: 0.2ms
[2024-08-28T13:09:49.292+0000][info][gc,heap     ] GC(481) Eden regions: 89->0(181)
[2024-08-28T13:09:49.292+0000][info][gc,heap     ] GC(481) Survivor regions: 13->13(13)
[2024-08-28T13:09:49.292+0000][info][gc,heap     ] GC(481) Old regions: 1226->1259
[2024-08-28T13:09:49.292+0000][info][gc,heap     ] GC(481) Archive regions: 2->2
[2024-08-28T13:09:49.292+0000][info][gc,heap     ] GC(481) Humongous regions: 5->5
[2024-08-28T13:09:49.292+0000][info][gc,metaspace] GC(481) Metaspace: 100K(320K)->100K(320K) NonClass: 96K(192K)->96K(192K) Class: 4K(128K)->4K(128K)
[2024-08-28T13:09:49.292+0000][info][gc          ] GC(481) Pause Young (Mixed) (G1 Evacuation Pause) 1333M->1277M(2048M) 15.031ms
[2024-08-28T13:09:49.292+0000][info][gc,cpu      ] GC(481) User=0.66s Sys=0.01s Real=0.02s
[2024-08-28T13:09:49.401+0000][info][gc,start    ] GC(482) Pause Young (Normal) (G1 Evacuation Pause)
[2024-08-28T13:09:49.401+0000][info][gc,task     ] GC(482) Using 49 workers of 68 for evacuation
[2024-08-28T13:09:49.425+0000][info][gc,phases   ] GC(482)   Pre Evacuate Collection Set: 0.4ms
[2024-08-28T13:09:49.425+0000][info][gc,phases   ] GC(482)   Merge Heap Roots: 0.9ms
[2024-08-28T13:09:49.425+0000][info][gc,phases   ] GC(482)   Evacuate Collection Set: 22.0ms
[2024-08-28T13:09:49.425+0000][info][gc,phases   ] GC(482)   Post Evacuate Collection Set: 0.6ms
[2024-08-28T13:09:49.425+0000][info][gc,phases   ] GC(482)   Other: 0.3ms
[2024-08-28T13:09:49.425+0000][info][gc,heap     ] GC(482) Eden regions: 181->0(122)
[2024-08-28T13:09:49.425+0000][info][gc,heap     ] GC(482) Survivor regions: 13->25(25)
[2024-08-28T13:09:49.425+0000][info][gc,heap     ] GC(482) Old regions: 1259->1427
[2024-08-28T13:09:49.425+0000][info][gc,heap     ] GC(482) Archive regions: 2->2
[2024-08-28T13:09:49.425+0000][info][gc,heap     ] GC(482) Humongous regions: 5->5
[2024-08-28T13:09:49.425+0000][info][gc,metaspace] GC(482) Metaspace: 100K(320K)->100K(320K) NonClass: 96K(192K)->96K(192K) Class: 4K(128K)->4K(128K)
[2024-08-28T13:09:49.425+0000][info][gc          ] GC(482) Pause Young (Normal) (G1 Evacuation Pause) 1458M->1457M(2048M) 24.238ms
[2024-08-28T13:09:49.425+0000][info][gc,cpu      ] GC(482) User=1.09s Sys=0.02s Real=0.02s
[2024-08-28T13:09:49.499+0000][info][gc,start    ] GC(483) Pause Young (Concurrent Start) (G1 Evacuation Pause)
[2024-08-28T13:09:49.499+0000][info][gc,task     ] GC(483) Using 49 workers of 68 for evacuation
[2024-08-28T13:09:49.521+0000][info][gc,phases   ] GC(483)   Pre Evacuate Collection Set: 0.4ms
[2024-08-28T13:09:49.521+0000][info][gc,phases   ] GC(483)   Merge Heap Roots: 0.5ms
[2024-08-28T13:09:49.521+0000][info][gc,phases   ] GC(483)   Evacuate Collection Set: 19.8ms
[2024-08-28T13:09:49.521+0000][info][gc,phases   ] GC(483)   Post Evacuate Collection Set: 0.5ms
[2024-08-28T13:09:49.521+0000][info][gc,phases   ] GC(483)   Other: 0.7ms
[2024-08-28T13:09:49.521+0000][info][gc,heap     ] GC(483) Eden regions: 122->0(83)
[2024-08-28T13:09:49.521+0000][info][gc,heap     ] GC(483) Survivor regions: 25->19(19)
[2024-08-28T13:09:49.521+0000][info][gc,heap     ] GC(483) Old regions: 1427->1562
[2024-08-28T13:09:49.521+0000][info][gc,heap     ] GC(483) Archive regions: 2->2
[2024-08-28T13:09:49.521+0000][info][gc,heap     ] GC(483) Humongous regions: 5->5
[2024-08-28T13:09:49.521+0000][info][gc,metaspace] GC(483) Metaspace: 100K(320K)->100K(320K) NonClass: 96K(192K)->96K(192K) Class: 4K(128K)->4K(128K)
[2024-08-28T13:09:49.521+0000][info][gc          ] GC(483) Pause Young (Concurrent Start) (G1 Evacuation Pause) 1579M->1586M(2048M) 22.104ms
[2024-08-28T13:09:49.521+0000][info][gc,cpu      ] GC(483) User=0.92s Sys=0.01s Real=0.02s
[2024-08-28T13:09:49.521+0000][info][gc          ] GC(484) Concurrent Mark Cycle
[2024-08-28T13:09:49.521+0000][info][gc,marking  ] GC(484) Concurrent Clear Claimed Marks
[2024-08-28T13:09:49.522+0000][info][gc,marking  ] GC(484) Concurrent Clear Claimed Marks 0.010ms
[2024-08-28T13:09:49.522+0000][info][gc,marking  ] GC(484) Concurrent Scan Root Regions
[2024-08-28T13:09:49.526+0000][info][gc,marking  ] GC(484) Concurrent Scan Root Regions 4.060ms
[2024-08-28T13:09:49.526+0000][info][gc,marking  ] GC(484) Concurrent Mark
[2024-08-28T13:09:49.526+0000][info][gc,marking  ] GC(484) Concurrent Mark From Roots
[2024-08-28T13:09:49.526+0000][info][gc,task     ] GC(484) Using 17 workers of 17 for marking
[2024-08-28T13:09:49.547+0000][info][gc,marking  ] GC(484) Concurrent Mark From Roots 21.028ms
[2024-08-28T13:09:49.547+0000][info][gc,marking  ] GC(484) Concurrent Preclean
[2024-08-28T13:09:49.547+0000][info][gc,marking  ] GC(484) Concurrent Preclean 0.500ms
[2024-08-28T13:09:49.547+0000][info][gc,start    ] GC(484) Pause Remark
[2024-08-28T13:09:49.550+0000][info][gc          ] GC(484) Pause Remark 1607M->1383M(2048M) 2.094ms
[2024-08-28T13:09:49.550+0000][info][gc,cpu      ] GC(484) User=0.01s Sys=0.01s Real=0.01s
[2024-08-28T13:09:49.550+0000][info][gc,marking  ] GC(484) Concurrent Mark 24.050ms
[2024-08-28T13:09:49.550+0000][info][gc,marking  ] GC(484) Concurrent Rebuild Remembered Sets
[2024-08-28T13:09:49.600+0000][info][gc,marking  ] GC(484) Concurrent Rebuild Remembered Sets 50.451ms
[2024-08-28T13:09:49.600+0000][info][gc,start    ] GC(484) Pause Cleanup
[2024-08-28T13:09:49.604+0000][info][gc          ] GC(484) Pause Cleanup 1440M->1440M(2048M) 3.313ms
[2024-08-28T13:09:49.604+0000][info][gc,cpu      ] GC(484) User=0.01s Sys=0.00s Real=0.00s
[2024-08-28T13:09:49.604+0000][info][gc,marking  ] GC(484) Concurrent Cleanup for Next Mark
[2024-08-28T13:09:49.605+0000][info][gc,marking  ] GC(484) Concurrent Cleanup for Next Mark 1.445ms
[2024-08-28T13:09:49.605+0000][info][gc          ] GC(484) Concurrent Mark Cycle 83.978ms
[2024-08-28T13:09:49.609+0000][info][gc,start    ] GC(485) Pause Young (Prepare Mixed) (G1 Evacuation Pause)
[2024-08-28T13:09:49.609+0000][info][gc,task     ] GC(485) Using 49 workers of 68 for evacuation
[2024-08-28T13:09:49.624+0000][info][gc,phases   ] GC(485)   Pre Evacuate Collection Set: 0.3ms
[2024-08-28T13:09:49.624+0000][info][gc,phases   ] GC(485)   Merge Heap Roots: 0.5ms
[2024-08-28T13:09:49.624+0000][info][gc,phases   ] GC(485)   Evacuate Collection Set: 13.4ms
[2024-08-28T13:09:49.624+0000][info][gc,phases   ] GC(485)   Post Evacuate Collection Set: 0.5ms
[2024-08-28T13:09:49.624+0000][info][gc,phases   ] GC(485)   Other: 0.2ms
[2024-08-28T13:09:49.624+0000][info][gc,heap     ] GC(485) Eden regions: 83->0(89)
[2024-08-28T13:09:49.624+0000][info][gc,heap     ] GC(485) Survivor regions: 19->13(13)
[2024-08-28T13:09:49.624+0000][info][gc,heap     ] GC(485) Old regions: 1338->1437
[2024-08-28T13:09:49.624+0000][info][gc,heap     ] GC(485) Archive regions: 2->2
[2024-08-28T13:09:49.624+0000][info][gc,heap     ] GC(485) Humongous regions: 5->5
[2024-08-28T13:09:49.624+0000][info][gc,metaspace] GC(485) Metaspace: 100K(320K)->100K(320K) NonClass: 96K(192K)->96K(192K) Class: 4K(128K)->4K(128K)
[2024-08-28T13:09:49.624+0000][info][gc          ] GC(485) Pause Young (Prepare Mixed) (G1 Evacuation Pause) 1445M->1455M(2048M) 15.016ms
[2024-08-28T13:09:49.624+0000][info][gc,cpu      ] GC(485) User=0.67s Sys=0.00s Real=0.02s
[2024-08-28T13:09:49.678+0000][info][gc,start    ] GC(486) Pause Young (Mixed) (G1 Evacuation Pause)
[2024-08-28T13:09:49.678+0000][info][gc,task     ] GC(486) Using 49 workers of 68 for evacuation
[2024-08-28T13:09:49.694+0000][info][gc,phases   ] GC(486)   Pre Evacuate Collection Set: 0.4ms
[2024-08-28T13:09:49.694+0000][info][gc,phases   ] GC(486)   Merge Heap Roots: 0.8ms
[2024-08-28T13:09:49.694+0000][info][gc,phases   ] GC(486)   Evacuate Collection Set: 13.9ms
[2024-08-28T13:09:49.694+0000][info][gc,phases   ] GC(486)   Post Evacuate Collection Set: 0.6ms
[2024-08-28T13:09:49.694+0000][info][gc,phases   ] GC(486)   Other: 0.2ms
[2024-08-28T13:09:49.694+0000][info][gc,heap     ] GC(486) Eden regions: 89->0(89)
[2024-08-28T13:09:49.694+0000][info][gc,heap     ] GC(486) Survivor regions: 13->13(13)
[2024-08-28T13:09:49.694+0000][info][gc,heap     ] GC(486) Old regions: 1437->1326
[2024-08-28T13:09:49.694+0000][info][gc,heap     ] GC(486) Archive regions: 2->2
[2024-08-28T13:09:49.694+0000][info][gc,heap     ] GC(486) Humongous regions: 5->5
[2024-08-28T13:09:49.694+0000][info][gc,metaspace] GC(486) Metaspace: 100K(320K)->100K(320K) NonClass: 96K(192K)->96K(192K) Class: 4K(128K)->4K(128K)
[2024-08-28T13:09:49.694+0000][info][gc          ] GC(486) Pause Young (Mixed) (G1 Evacuation Pause) 1544M->1344M(2048M) 16.019ms
[2024-08-28T13:09:49.694+0000][info][gc,cpu      ] GC(486) User=0.69s Sys=0.02s Real=0.01s
[2024-08-28T13:09:49.749+0000][info][gc,start    ] GC(487) Pause Young (Mixed) (G1 Evacuation Pause)
[2024-08-28T13:09:49.749+0000][info][gc,task     ] GC(487) Using 49 workers of 68 for evacuation
[2024-08-28T13:09:49.765+0000][info][gc,phases   ] GC(487)   Pre Evacuate Collection Set: 0.6ms
[2024-08-28T13:09:49.765+0000][info][gc,phases   ] GC(487)   Merge Heap Roots: 0.6ms
[2024-08-28T13:09:49.765+0000][info][gc,phases   ] GC(487)   Evacuate Collection Set: 13.7ms
[2024-08-28T13:09:49.765+0000][info][gc,phases   ] GC(487)   Post Evacuate Collection Set: 0.6ms
[2024-08-28T13:09:49.765+0000][info][gc,phases   ] GC(487)   Other: 0.3ms
[2024-08-28T13:09:49.765+0000][info][gc,heap     ] GC(487) Eden regions: 89->0(89)
[2024-08-28T13:09:49.765+0000][info][gc,heap     ] GC(487) Survivor regions: 13->13(13)
[2024-08-28T13:09:49.765+0000][info][gc,heap     ] GC(487) Old regions: 1326->1215
[2024-08-28T13:09:49.765+0000][info][gc,heap     ] GC(487) Archive regions: 2->2
[2024-08-28T13:09:49.765+0000][info][gc,heap     ] GC(487) Humongous regions: 5->5
[2024-08-28T13:09:49.765+0000][info][gc,metaspace] GC(487) Metaspace: 100K(320K)->100K(320K) NonClass: 96K(192K)->96K(192K) Class: 4K(128K)->4K(128K)
[2024-08-28T13:09:49.765+0000][info][gc          ] GC(487) Pause Young (Mixed) (G1 Evacuation Pause) 1433M->1233M(2048M) 15.793ms
[2024-08-28T13:09:49.765+0000][info][gc,cpu      ] GC(487) User=0.66s Sys=0.00s Real=0.02s
[2024-08-28T13:09:49.820+0000][info][gc,start    ] GC(488) Pause Young (Mixed) (G1 Evacuation Pause)
[2024-08-28T13:09:49.820+0000][info][gc,task     ] GC(488) Using 49 workers of 68 for evacuation
[2024-08-28T13:09:49.835+0000][info][gc,phases   ] GC(488)   Pre Evacuate Collection Set: 0.4ms
[2024-08-28T13:09:49.835+0000][info][gc,phases   ] GC(488)   Merge Heap Roots: 0.8ms
[2024-08-28T13:09:49.835+0000][info][gc,phases   ] GC(488)   Evacuate Collection Set: 13.4ms
[2024-08-28T13:09:49.835+0000][info][gc,phases   ] GC(488)   Post Evacuate Collection Set: 0.6ms
[2024-08-28T13:09:49.835+0000][info][gc,phases   ] GC(488)   Other: 0.2ms
[2024-08-28T13:09:49.835+0000][info][gc,heap     ] GC(488) Eden regions: 89->0(89)
[2024-08-28T13:09:49.835+0000][info][gc,heap     ] GC(488) Survivor regions: 13->13(13)
[2024-08-28T13:09:49.835+0000][info][gc,heap     ] GC(488) Old regions: 1215->1104
[2024-08-28T13:09:49.835+0000][info][gc,heap     ] GC(488) Archive regions: 2->2
[2024-08-28T13:09:49.835+0000][info][gc,heap     ] GC(488) Humongous regions: 5->5
[2024-08-28T13:09:49.835+0000][info][gc,metaspace] GC(488) Metaspace: 100K(320K)->100K(320K) NonClass: 96K(192K)->96K(192K) Class: 4K(128K)->4K(128K)
[2024-08-28T13:09:49.835+0000][info][gc          ] GC(488) Pause Young (Mixed) (G1 Evacuation Pause) 1322M->1122M(2048M) 15.485ms
[2024-08-28T13:09:49.835+0000][info][gc,cpu      ] GC(488) User=0.69s Sys=0.00s Real=0.01s
[2024-08-28T13:09:49.888+0000][info][gc,start    ] GC(489) Pause Young (Mixed) (G1 Evacuation Pause)
[2024-08-28T13:09:49.888+0000][info][gc,task     ] GC(489) Using 49 workers of 68 for evacuation
[2024-08-28T13:09:49.903+0000][info][gc,phases   ] GC(489)   Pre Evacuate Collection Set: 0.3ms
[2024-08-28T13:09:49.903+0000][info][gc,phases   ] GC(489)   Merge Heap Roots: 0.5ms
[2024-08-28T13:09:49.903+0000][info][gc,phases   ] GC(489)   Evacuate Collection Set: 13.5ms
[2024-08-28T13:09:49.903+0000][info][gc,phases   ] GC(489)   Post Evacuate Collection Set: 0.5ms
[2024-08-28T13:09:49.903+0000][info][gc,phases   ] GC(489)   Other: 0.2ms
[2024-08-28T13:09:49.903+0000][info][gc,heap     ] GC(489) Eden regions: 89->0(228)
[2024-08-28T13:09:49.903+0000][info][gc,heap     ] GC(489) Survivor regions: 13->13(13)
[2024-08-28T13:09:49.903+0000][info][gc,heap     ] GC(489) Old regions: 1104->1112
[2024-08-28T13:09:49.903+0000][info][gc,heap     ] GC(489) Archive regions: 2->2
[2024-08-28T13:09:49.903+0000][info][gc,heap     ] GC(489) Humongous regions: 5->5
[2024-08-28T13:09:49.903+0000][info][gc,metaspace] GC(489) Metaspace: 100K(320K)->100K(320K) NonClass: 96K(192K)->96K(192K) Class: 4K(128K)->4K(128K)
[2024-08-28T13:09:49.903+0000][info][gc          ] GC(489) Pause Young (Mixed) (G1 Evacuation Pause) 1211M->1130M(2048M) 15.145ms
[2024-08-28T13:09:49.903+0000][info][gc,cpu      ] GC(489) User=0.67s Sys=0.00s Real=0.02s
[2024-08-28T13:09:50.026+0000][info][gc,start    ] GC(490) Pause Young (Normal) (G1 Evacuation Pause)
[2024-08-28T13:09:50.026+0000][info][gc,task     ] GC(490) Using 49 workers of 68 for evacuation
[2024-08-28T13:09:50.056+0000][info][gc,phases   ] GC(490)   Pre Evacuate Collection Set: 0.3ms
[2024-08-28T13:09:50.056+0000][info][gc,phases   ] GC(490)   Merge Heap Roots: 0.7ms
[2024-08-28T13:09:50.056+0000][info][gc,phases   ] GC(490)   Evacuate Collection Set: 28.0ms
[2024-08-28T13:09:50.056+0000][info][gc,phases   ] GC(490)   Post Evacuate Collection Set: 0.6ms
[2024-08-28T13:09:50.056+0000][info][gc,phases   ] GC(490)   Other: 0.2ms
[2024-08-28T13:09:50.056+0000][info][gc,heap     ] GC(490) Eden regions: 228->0(156)
[2024-08-28T13:09:50.056+0000][info][gc,heap     ] GC(490) Survivor regions: 13->31(31)
[2024-08-28T13:09:50.056+0000][info][gc,heap     ] GC(490) Old regions: 1112->1318
[2024-08-28T13:09:50.056+0000][info][gc,heap     ] GC(490) Archive regions: 2->2
[2024-08-28T13:09:50.056+0000][info][gc,heap     ] GC(490) Humongous regions: 5->5
[2024-08-28T13:09:50.056+0000][info][gc,metaspace] GC(490) Metaspace: 100K(320K)->100K(320K) NonClass: 96K(192K)->96K(192K) Class: 4K(128K)->4K(128K)
[2024-08-28T13:09:50.056+0000][info][gc          ] GC(490) Pause Young (Normal) (G1 Evacuation Pause) 1358M->1354M(2048M) 29.815ms
[2024-08-28T13:09:50.056+0000][info][gc,cpu      ] GC(490) User=1.39s Sys=0.00s Real=0.03s
[2024-08-28T13:09:50.143+0000][info][gc,start    ] GC(491) Pause Young (Concurrent Start) (G1 Evacuation Pause)
[2024-08-28T13:09:50.143+0000][info][gc,task     ] GC(491) Using 49 workers of 68 for evacuation
[2024-08-28T13:09:50.170+0000][info][gc,phases   ] GC(491)   Pre Evacuate Collection Set: 0.3ms
[2024-08-28T13:09:50.170+0000][info][gc,phases   ] GC(491)   Merge Heap Roots: 0.6ms
[2024-08-28T13:09:50.170+0000][info][gc,phases   ] GC(491)   Evacuate Collection Set: 24.9ms
[2024-08-28T13:09:50.170+0000][info][gc,phases   ] GC(491)   Post Evacuate Collection Set: 0.6ms
[2024-08-28T13:09:50.170+0000][info][gc,phases   ] GC(491)   Other: 0.7ms
[2024-08-28T13:09:50.170+0000][info][gc,heap     ] GC(491) Eden regions: 156->0(104)
[2024-08-28T13:09:50.170+0000][info][gc,heap     ] GC(491) Survivor regions: 31->24(24)
[2024-08-28T13:09:50.170+0000][info][gc,heap     ] GC(491) Old regions: 1318->1485
[2024-08-28T13:09:50.170+0000][info][gc,heap     ] GC(491) Archive regions: 2->2
[2024-08-28T13:09:50.170+0000][info][gc,heap     ] GC(491) Humongous regions: 5->5
[2024-08-28T13:09:50.170+0000][info][gc,metaspace] GC(491) Metaspace: 100K(320K)->100K(320K) NonClass: 96K(192K)->96K(192K) Class: 4K(128K)->4K(128K)
[2024-08-28T13:09:50.170+0000][info][gc          ] GC(491) Pause Young (Concurrent Start) (G1 Evacuation Pause) 1510M->1514M(2048M) 27.140ms
[2024-08-28T13:09:50.170+0000][info][gc,cpu      ] GC(491) User=1.23s Sys=0.01s Real=0.03s
[2024-08-28T13:09:50.170+0000][info][gc          ] GC(492) Concurrent Mark Cycle
[2024-08-28T13:09:50.170+0000][info][gc,marking  ] GC(492) Concurrent Clear Claimed Marks
[2024-08-28T13:09:50.170+0000][info][gc,marking  ] GC(492) Concurrent Clear Claimed Marks 0.011ms
[2024-08-28T13:09:50.170+0000][info][gc,marking  ] GC(492) Concurrent Scan Root Regions
[2024-08-28T13:09:50.175+0000][info][gc,marking  ] GC(492) Concurrent Scan Root Regions 4.716ms
[2024-08-28T13:09:50.175+0000][info][gc,marking  ] GC(492) Concurrent Mark
[2024-08-28T13:09:50.175+0000][info][gc,marking  ] GC(492) Concurrent Mark From Roots
[2024-08-28T13:09:50.175+0000][info][gc,task     ] GC(492) Using 17 workers of 17 for marking
[2024-08-28T13:09:50.193+0000][info][gc,marking  ] GC(492) Concurrent Mark From Roots 17.875ms
[2024-08-28T13:09:50.193+0000][info][gc,marking  ] GC(492) Concurrent Preclean
[2024-08-28T13:09:50.194+0000][info][gc,marking  ] GC(492) Concurrent Preclean 1.078ms
[2024-08-28T13:09:50.195+0000][info][gc,start    ] GC(492) Pause Remark
[2024-08-28T13:09:50.197+0000][info][gc          ] GC(492) Pause Remark 1536M->1370M(2048M) 2.006ms
[2024-08-28T13:09:50.197+0000][info][gc,cpu      ] GC(492) User=0.02s Sys=0.00s Real=0.00s
[2024-08-28T13:09:50.197+0000][info][gc,marking  ] GC(492) Concurrent Mark 21.654ms
[2024-08-28T13:09:50.197+0000][info][gc,marking  ] GC(492) Concurrent Rebuild Remembered Sets
[2024-08-28T13:09:50.245+0000][info][gc,marking  ] GC(492) Concurrent Rebuild Remembered Sets 48.146ms
[2024-08-28T13:09:50.245+0000][info][gc,start    ] GC(492) Pause Cleanup
[2024-08-28T13:09:50.248+0000][info][gc          ] GC(492) Pause Cleanup 1427M->1427M(2048M) 3.172ms
[2024-08-28T13:09:50.249+0000][info][gc,cpu      ] GC(492) User=0.01s Sys=0.00s Real=0.00s
[2024-08-28T13:09:50.249+0000][info][gc,marking  ] GC(492) Concurrent Cleanup for Next Mark
[2024-08-28T13:09:50.250+0000][info][gc,marking  ] GC(492) Concurrent Cleanup for Next Mark 1.442ms
[2024-08-28T13:09:50.250+0000][info][gc          ] GC(492) Concurrent Mark Cycle 79.818ms
[2024-08-28T13:09:50.266+0000][info][gc,start    ] GC(493) Pause Young (Prepare Mixed) (G1 Evacuation Pause)
[2024-08-28T13:09:50.266+0000][info][gc,task     ] GC(493) Using 49 workers of 68 for evacuation
[2024-08-28T13:09:50.284+0000][info][gc,phases   ] GC(493)   Pre Evacuate Collection Set: 0.3ms
[2024-08-28T13:09:50.284+0000][info][gc,phases   ] GC(493)   Merge Heap Roots: 1.0ms
[2024-08-28T13:09:50.284+0000][info][gc,phases   ] GC(493)   Evacuate Collection Set: 16.1ms
[2024-08-28T13:09:50.284+0000][info][gc,phases   ] GC(493)   Post Evacuate Collection Set: 0.6ms
[2024-08-28T13:09:50.284+0000][info][gc,phases   ] GC(493)   Other: 0.2ms
[2024-08-28T13:09:50.284+0000][info][gc,heap     ] GC(493) Eden regions: 104->0(86)
[2024-08-28T13:09:50.284+0000][info][gc,heap     ] GC(493) Survivor regions: 24->16(16)
[2024-08-28T13:09:50.284+0000][info][gc,heap     ] GC(493) Old regions: 1319->1438
[2024-08-28T13:09:50.284+0000][info][gc,heap     ] GC(493) Archive regions: 2->2
[2024-08-28T13:09:50.284+0000][info][gc,heap     ] GC(493) Humongous regions: 5->5
[2024-08-28T13:09:50.284+0000][info][gc,metaspace] GC(493) Metaspace: 100K(320K)->100K(320K) NonClass: 96K(192K)->96K(192K) Class: 4K(128K)->4K(128K)
[2024-08-28T13:09:50.284+0000][info][gc          ] GC(493) Pause Young (Prepare Mixed) (G1 Evacuation Pause) 1452M->1459M(2048M) 18.199ms
[2024-08-28T13:09:50.284+0000][info][gc,cpu      ] GC(493) User=0.82s Sys=0.00s Real=0.02s
[2024-08-28T13:09:50.330+0000][info][gc,start    ] GC(494) Pause Young (Mixed) (G1 Evacuation Pause)
[2024-08-28T13:09:50.331+0000][info][gc,task     ] GC(494) Using 49 workers of 68 for evacuation
[2024-08-28T13:09:50.347+0000][info][gc,phases   ] GC(494)   Pre Evacuate Collection Set: 0.4ms
[2024-08-28T13:09:50.347+0000][info][gc,phases   ] GC(494)   Merge Heap Roots: 0.5ms
[2024-08-28T13:09:50.347+0000][info][gc,phases   ] GC(494)   Evacuate Collection Set: 14.5ms
[2024-08-28T13:09:50.347+0000][info][gc,phases   ] GC(494)   Post Evacuate Collection Set: 0.6ms
[2024-08-28T13:09:50.347+0000][info][gc,phases   ] GC(494)   Other: 0.3ms
[2024-08-28T13:09:50.347+0000][info][gc,heap     ] GC(494) Eden regions: 86->0(89)
[2024-08-28T13:09:50.347+0000][info][gc,heap     ] GC(494) Survivor regions: 16->13(13)
[2024-08-28T13:09:50.347+0000][info][gc,heap     ] GC(494) Old regions: 1438->1331
[2024-08-28T13:09:50.347+0000][info][gc,heap     ] GC(494) Archive regions: 2->2
[2024-08-28T13:09:50.347+0000][info][gc,heap     ] GC(494) Humongous regions: 5->5
[2024-08-28T13:09:50.347+0000][info][gc,metaspace] GC(494) Metaspace: 100K(320K)->100K(320K) NonClass: 96K(192K)->96K(192K) Class: 4K(128K)->4K(128K)
[2024-08-28T13:09:50.347+0000][info][gc          ] GC(494) Pause Young (Mixed) (G1 Evacuation Pause) 1545M->1349M(2048M) 16.389ms
[2024-08-28T13:09:50.347+0000][info][gc,cpu      ] GC(494) User=0.73s Sys=0.00s Real=0.01s
[2024-08-28T13:09:50.396+0000][info][gc,start    ] GC(495) Pause Young (Mixed) (G1 Evacuation Pause)
[2024-08-28T13:09:50.396+0000][info][gc,task     ] GC(495) Using 49 workers of 68 for evacuation
[2024-08-28T13:09:50.412+0000][info][gc,phases   ] GC(495)   Pre Evacuate Collection Set: 0.4ms
[2024-08-28T13:09:50.412+0000][info][gc,phases   ] GC(495)   Merge Heap Roots: 0.7ms
[2024-08-28T13:09:50.412+0000][info][gc,phases   ] GC(495)   Evacuate Collection Set: 13.8ms
[2024-08-28T13:09:50.412+0000][info][gc,phases   ] GC(495)   Post Evacuate Collection Set: 0.6ms
[2024-08-28T13:09:50.412+0000][info][gc,phases   ] GC(495)   Other: 0.2ms
[2024-08-28T13:09:50.412+0000][info][gc,heap     ] GC(495) Eden regions: 89->0(89)
[2024-08-28T13:09:50.412+0000][info][gc,heap     ] GC(495) Survivor regions: 13->13(13)
[2024-08-28T13:09:50.412+0000][info][gc,heap     ] GC(495) Old regions: 1331->1220
[2024-08-28T13:09:50.412+0000][info][gc,heap     ] GC(495) Archive regions: 2->2
[2024-08-28T13:09:50.412+0000][info][gc,heap     ] GC(495) Humongous regions: 5->5
[2024-08-28T13:09:50.412+0000][info][gc,metaspace] GC(495) Metaspace: 100K(320K)->100K(320K) NonClass: 96K(192K)->96K(192K) Class: 4K(128K)->4K(128K)
[2024-08-28T13:09:50.412+0000][info][gc          ] GC(495) Pause Young (Mixed) (G1 Evacuation Pause) 1438M->1238M(2048M) 15.759ms
[2024-08-28T13:09:50.412+0000][info][gc,cpu      ] GC(495) User=0.70s Sys=0.00s Real=0.02s
[2024-08-28T13:09:50.461+0000][info][gc,start    ] GC(496) Pause Young (Mixed) (G1 Evacuation Pause)
[2024-08-28T13:09:50.461+0000][info][gc,task     ] GC(496) Using 49 workers of 68 for evacuation
[2024-08-28T13:09:50.476+0000][info][gc,phases   ] GC(496)   Pre Evacuate Collection Set: 0.4ms
[2024-08-28T13:09:50.476+0000][info][gc,phases   ] GC(496)   Merge Heap Roots: 0.5ms
[2024-08-28T13:09:50.476+0000][info][gc,phases   ] GC(496)   Evacuate Collection Set: 13.3ms
[2024-08-28T13:09:50.476+0000][info][gc,phases   ] GC(496)   Post Evacuate Collection Set: 0.6ms
[2024-08-28T13:09:50.476+0000][info][gc,phases   ] GC(496)   Other: 0.3ms
[2024-08-28T13:09:50.476+0000][info][gc,heap     ] GC(496) Eden regions: 89->0(89)
[2024-08-28T13:09:50.476+0000][info][gc,heap     ] GC(496) Survivor regions: 13->13(13)
[2024-08-28T13:09:50.476+0000][info][gc,heap     ] GC(496) Old regions: 1220->1108
[2024-08-28T13:09:50.476+0000][info][gc,heap     ] GC(496) Archive regions: 2->2
[2024-08-28T13:09:50.476+0000][info][gc,heap     ] GC(496) Humongous regions: 5->5
[2024-08-28T13:09:50.476+0000][info][gc,metaspace] GC(496) Metaspace: 100K(320K)->100K(320K) NonClass: 96K(192K)->96K(192K) Class: 4K(128K)->4K(128K)
[2024-08-28T13:09:50.476+0000][info][gc          ] GC(496) Pause Young (Mixed) (G1 Evacuation Pause) 1327M->1126M(2048M) 15.168ms
[2024-08-28T13:09:50.476+0000][info][gc,cpu      ] GC(496) User=0.68s Sys=0.00s Real=0.01s
[2024-08-28T13:09:50.525+0000][info][gc,start    ] GC(497) Pause Young (Mixed) (G1 Evacuation Pause)
[2024-08-28T13:09:50.525+0000][info][gc,task     ] GC(497) Using 49 workers of 68 for evacuation
[2024-08-28T13:09:50.540+0000][info][gc,phases   ] GC(497)   Pre Evacuate Collection Set: 0.4ms
[2024-08-28T13:09:50.540+0000][info][gc,phases   ] GC(497)   Merge Heap Roots: 0.8ms
[2024-08-28T13:09:50.540+0000][info][gc,phases   ] GC(497)   Evacuate Collection Set: 13.1ms
[2024-08-28T13:09:50.540+0000][info][gc,phases   ] GC(497)   Post Evacuate Collection Set: 0.6ms
[2024-08-28T13:09:50.540+0000][info][gc,phases   ] GC(497)   Other: 0.2ms
[2024-08-28T13:09:50.540+0000][info][gc,heap     ] GC(497) Eden regions: 89->0(219)
[2024-08-28T13:09:50.540+0000][info][gc,heap     ] GC(497) Survivor regions: 13->13(13)
[2024-08-28T13:09:50.540+0000][info][gc,heap     ] GC(497) Old regions: 1108->1139
[2024-08-28T13:09:50.540+0000][info][gc,heap     ] GC(497) Archive regions: 2->2
[2024-08-28T13:09:50.540+0000][info][gc,heap     ] GC(497) Humongous regions: 5->5
[2024-08-28T13:09:50.540+0000][info][gc,metaspace] GC(497) Metaspace: 100K(320K)->100K(320K) NonClass: 96K(192K)->96K(192K) Class: 4K(128K)->4K(128K)
[2024-08-28T13:09:50.540+0000][info][gc          ] GC(497) Pause Young (Mixed) (G1 Evacuation Pause) 1215M->1157M(2048M) 15.099ms
[2024-08-28T13:09:50.540+0000][info][gc,cpu      ] GC(497) User=0.67s Sys=0.00s Real=0.02s
[2024-08-28T13:09:50.659+0000][info][gc,start    ] GC(498) Pause Young (Normal) (G1 Evacuation Pause)
[2024-08-28T13:09:50.659+0000][info][gc,task     ] GC(498) Using 49 workers of 68 for evacuation
[2024-08-28T13:09:50.687+0000][info][gc,phases   ] GC(498)   Pre Evacuate Collection Set: 0.3ms
[2024-08-28T13:09:50.687+0000][info][gc,phases   ] GC(498)   Merge Heap Roots: 1.0ms
[2024-08-28T13:09:50.687+0000][info][gc,phases   ] GC(498)   Evacuate Collection Set: 26.4ms
[2024-08-28T13:09:50.687+0000][info][gc,phases   ] GC(498)   Post Evacuate Collection Set: 0.6ms
[2024-08-28T13:09:50.687+0000][info][gc,phases   ] GC(498)   Other: 0.2ms
[2024-08-28T13:09:50.687+0000][info][gc,heap     ] GC(498) Eden regions: 219->0(150)
[2024-08-28T13:09:50.687+0000][info][gc,heap     ] GC(498) Survivor regions: 13->29(29)
[2024-08-28T13:09:50.687+0000][info][gc,heap     ] GC(498) Old regions: 1139->1338
[2024-08-28T13:09:50.687+0000][info][gc,heap     ] GC(498) Archive regions: 2->2
[2024-08-28T13:09:50.687+0000][info][gc,heap     ] GC(498) Humongous regions: 5->5
[2024-08-28T13:09:50.687+0000][info][gc,metaspace] GC(498) Metaspace: 100K(320K)->100K(320K) NonClass: 96K(192K)->96K(192K) Class: 4K(128K)->4K(128K)
[2024-08-28T13:09:50.687+0000][info][gc          ] GC(498) Pause Young (Normal) (G1 Evacuation Pause) 1376M->1372M(2048M) 28.645ms
[2024-08-28T13:09:50.687+0000][info][gc,cpu      ] GC(498) User=1.32s Sys=0.01s Real=0.02s
[2024-08-28T13:09:50.770+0000][info][gc,start    ] GC(499) Pause Young (Concurrent Start) (G1 Evacuation Pause)
[2024-08-28T13:09:50.770+0000][info][gc,task     ] GC(499) Using 49 workers of 68 for evacuation
[2024-08-28T13:09:50.795+0000][info][gc,phases   ] GC(499)   Pre Evacuate Collection Set: 0.3ms
[2024-08-28T13:09:50.795+0000][info][gc,phases   ] GC(499)   Merge Heap Roots: 0.6ms
[2024-08-28T13:09:50.795+0000][info][gc,phases   ] GC(499)   Evacuate Collection Set: 23.2ms
[2024-08-28T13:09:50.795+0000][info][gc,phases   ] GC(499)   Post Evacuate Collection Set: 0.6ms
[2024-08-28T13:09:50.795+0000][info][gc,phases   ] GC(499)   Other: 0.7ms
[2024-08-28T13:09:50.795+0000][info][gc,heap     ] GC(499) Eden regions: 150->0(100)
[2024-08-28T13:09:50.795+0000][info][gc,heap     ] GC(499) Survivor regions: 29->23(23)
[2024-08-28T13:09:50.795+0000][info][gc,heap     ] GC(499) Old regions: 1338->1499
[2024-08-28T13:09:50.795+0000][info][gc,heap     ] GC(499) Archive regions: 2->2
[2024-08-28T13:09:50.795+0000][info][gc,heap     ] GC(499) Humongous regions: 5->5
[2024-08-28T13:09:50.795+0000][info][gc,metaspace] GC(499) Metaspace: 100K(320K)->100K(320K) NonClass: 96K(192K)->96K(192K) Class: 4K(128K)->4K(128K)
[2024-08-28T13:09:50.796+0000][info][gc          ] GC(499) Pause Young (Concurrent Start) (G1 Evacuation Pause) 1522M->1527M(2048M) 25.515ms
[2024-08-28T13:09:50.796+0000][info][gc,cpu      ] GC(499) User=1.15s Sys=0.00s Real=0.02s
[2024-08-28T13:09:50.796+0000][info][gc          ] GC(500) Concurrent Mark Cycle
[2024-08-28T13:09:50.796+0000][info][gc,marking  ] GC(500) Concurrent Clear Claimed Marks
[2024-08-28T13:09:50.796+0000][info][gc,marking  ] GC(500) Concurrent Clear Claimed Marks 0.011ms
[2024-08-28T13:09:50.796+0000][info][gc,marking  ] GC(500) Concurrent Scan Root Regions
[2024-08-28T13:09:50.800+0000][info][gc,marking  ] GC(500) Concurrent Scan Root Regions 4.660ms
[2024-08-28T13:09:50.800+0000][info][gc,marking  ] GC(500) Concurrent Mark
[2024-08-28T13:09:50.800+0000][info][gc,marking  ] GC(500) Concurrent Mark From Roots
[2024-08-28T13:09:50.800+0000][info][gc,task     ] GC(500) Using 17 workers of 17 for marking
[2024-08-28T13:09:50.819+0000][info][gc,marking  ] GC(500) Concurrent Mark From Roots 18.632ms
[2024-08-28T13:09:50.819+0000][info][gc,marking  ] GC(500) Concurrent Preclean
[2024-08-28T13:09:50.819+0000][info][gc,marking  ] GC(500) Concurrent Preclean 0.498ms
[2024-08-28T13:09:50.820+0000][info][gc,start    ] GC(500) Pause Remark
[2024-08-28T13:09:50.822+0000][info][gc          ] GC(500) Pause Remark 1548M->1378M(2048M) 2.078ms
[2024-08-28T13:09:50.822+0000][info][gc,cpu      ] GC(500) User=0.00s Sys=0.02s Real=0.00s
[2024-08-28T13:09:50.822+0000][info][gc,marking  ] GC(500) Concurrent Mark 21.608ms
[2024-08-28T13:09:50.822+0000][info][gc,marking  ] GC(500) Concurrent Rebuild Remembered Sets
[2024-08-28T13:09:50.872+0000][info][gc,marking  ] GC(500) Concurrent Rebuild Remembered Sets 50.543ms
[2024-08-28T13:09:50.873+0000][info][gc,start    ] GC(500) Pause Cleanup
[2024-08-28T13:09:50.876+0000][info][gc          ] GC(500) Pause Cleanup 1436M->1436M(2048M) 3.190ms
[2024-08-28T13:09:50.876+0000][info][gc,cpu      ] GC(500) User=0.01s Sys=0.00s Real=0.00s
[2024-08-28T13:09:50.876+0000][info][gc,marking  ] GC(500) Concurrent Cleanup for Next Mark
[2024-08-28T13:09:50.878+0000][info][gc,marking  ] GC(500) Concurrent Cleanup for Next Mark 1.428ms
[2024-08-28T13:09:50.878+0000][info][gc          ] GC(500) Concurrent Mark Cycle 82.099ms
[2024-08-28T13:09:50.891+0000][info][gc,start    ] GC(501) Pause Young (Prepare Mixed) (G1 Evacuation Pause)
[2024-08-28T13:09:50.891+0000][info][gc,task     ] GC(501) Using 49 workers of 68 for evacuation
[2024-08-28T13:09:50.908+0000][info][gc,phases   ] GC(501)   Pre Evacuate Collection Set: 0.3ms
[2024-08-28T13:09:50.908+0000][info][gc,phases   ] GC(501)   Merge Heap Roots: 0.5ms
[2024-08-28T13:09:50.908+0000][info][gc,phases   ] GC(501)   Evacuate Collection Set: 15.5ms
[2024-08-28T13:09:50.908+0000][info][gc,phases   ] GC(501)   Post Evacuate Collection Set: 0.5ms
[2024-08-28T13:09:50.908+0000][info][gc,phases   ] GC(501)   Other: 0.2ms
[2024-08-28T13:09:50.908+0000][info][gc,heap     ] GC(501) Eden regions: 100->0(86)
[2024-08-28T13:09:50.908+0000][info][gc,heap     ] GC(501) Survivor regions: 23->16(16)
[2024-08-28T13:09:50.908+0000][info][gc,heap     ] GC(501) Old regions: 1329->1444
[2024-08-28T13:09:50.908+0000][info][gc,heap     ] GC(501) Archive regions: 2->2
[2024-08-28T13:09:50.908+0000][info][gc,heap     ] GC(501) Humongous regions: 5->5
[2024-08-28T13:09:50.908+0000][info][gc,metaspace] GC(501) Metaspace: 100K(320K)->100K(320K) NonClass: 96K(192K)->96K(192K) Class: 4K(128K)->4K(128K)
[2024-08-28T13:09:50.908+0000][info][gc          ] GC(501) Pause Young (Prepare Mixed) (G1 Evacuation Pause) 1457M->1465M(2048M) 17.087ms
[2024-08-28T13:09:50.908+0000][info][gc,cpu      ] GC(501) User=0.78s Sys=0.00s Real=0.01s
[2024-08-28T13:09:50.954+0000][info][gc,start    ] GC(502) Pause Young (Mixed) (G1 Evacuation Pause)
[2024-08-28T13:09:50.954+0000][info][gc,task     ] GC(502) Using 49 workers of 68 for evacuation
[2024-08-28T13:09:50.970+0000][info][gc,phases   ] GC(502)   Pre Evacuate Collection Set: 0.4ms
[2024-08-28T13:09:50.970+0000][info][gc,phases   ] GC(502)   Merge Heap Roots: 0.8ms
[2024-08-28T13:09:50.970+0000][info][gc,phases   ] GC(502)   Evacuate Collection Set: 14.1ms
[2024-08-28T13:09:50.970+0000][info][gc,phases   ] GC(502)   Post Evacuate Collection Set: 0.6ms
[2024-08-28T13:09:50.970+0000][info][gc,phases   ] GC(502)   Other: 0.2ms
[2024-08-28T13:09:50.970+0000][info][gc,heap     ] GC(502) Eden regions: 86->0(89)
[2024-08-28T13:09:50.970+0000][info][gc,heap     ] GC(502) Survivor regions: 16->13(13)
[2024-08-28T13:09:50.970+0000][info][gc,heap     ] GC(502) Old regions: 1444->1335
[2024-08-28T13:09:50.970+0000][info][gc,heap     ] GC(502) Archive regions: 2->2
[2024-08-28T13:09:50.970+0000][info][gc,heap     ] GC(502) Humongous regions: 5->5
[2024-08-28T13:09:50.970+0000][info][gc,metaspace] GC(502) Metaspace: 100K(320K)->100K(320K) NonClass: 96K(192K)->96K(192K) Class: 4K(128K)->4K(128K)
[2024-08-28T13:09:50.970+0000][info][gc          ] GC(502) Pause Young (Mixed) (G1 Evacuation Pause) 1551M->1353M(2048M) 16.179ms
[2024-08-28T13:09:50.970+0000][info][gc,cpu      ] GC(502) User=0.70s Sys=0.03s Real=0.02s
[2024-08-28T13:09:51.019+0000][info][gc,start    ] GC(503) Pause Young (Mixed) (G1 Evacuation Pause)
[2024-08-28T13:09:51.019+0000][info][gc,task     ] GC(503) Using 49 workers of 68 for evacuation
[2024-08-28T13:09:51.034+0000][info][gc,phases   ] GC(503)   Pre Evacuate Collection Set: 0.4ms
[2024-08-28T13:09:51.034+0000][info][gc,phases   ] GC(503)   Merge Heap Roots: 0.5ms
[2024-08-28T13:09:51.034+0000][info][gc,phases   ] GC(503)   Evacuate Collection Set: 13.7ms
[2024-08-28T13:09:51.034+0000][info][gc,phases   ] GC(503)   Post Evacuate Collection Set: 0.7ms
[2024-08-28T13:09:51.034+0000][info][gc,phases   ] GC(503)   Other: 0.3ms
[2024-08-28T13:09:51.034+0000][info][gc,heap     ] GC(503) Eden regions: 89->0(89)
[2024-08-28T13:09:51.034+0000][info][gc,heap     ] GC(503) Survivor regions: 13->13(13)
[2024-08-28T13:09:51.034+0000][info][gc,heap     ] GC(503) Old regions: 1335->1223
[2024-08-28T13:09:51.034+0000][info][gc,heap     ] GC(503) Archive regions: 2->2
[2024-08-28T13:09:51.034+0000][info][gc,heap     ] GC(503) Humongous regions: 5->5
[2024-08-28T13:09:51.034+0000][info][gc,metaspace] GC(503) Metaspace: 100K(320K)->100K(320K) NonClass: 96K(192K)->96K(192K) Class: 4K(128K)->4K(128K)
[2024-08-28T13:09:51.034+0000][info][gc          ] GC(503) Pause Young (Mixed) (G1 Evacuation Pause) 1442M->1241M(2048M) 15.579ms
[2024-08-28T13:09:51.035+0000][info][gc,cpu      ] GC(503) User=0.67s Sys=0.01s Real=0.01s
[2024-08-28T13:09:51.084+0000][info][gc,start    ] GC(504) Pause Young (Mixed) (G1 Evacuation Pause)
[2024-08-28T13:09:51.084+0000][info][gc,task     ] GC(504) Using 49 workers of 68 for evacuation
[2024-08-28T13:09:51.099+0000][info][gc,phases   ] GC(504)   Pre Evacuate Collection Set: 0.4ms
[2024-08-28T13:09:51.100+0000][info][gc,phases   ] GC(504)   Merge Heap Roots: 0.8ms
[2024-08-28T13:09:51.100+0000][info][gc,phases   ] GC(504)   Evacuate Collection Set: 13.5ms
[2024-08-28T13:09:51.100+0000][info][gc,phases   ] GC(504)   Post Evacuate Collection Set: 0.6ms
[2024-08-28T13:09:51.100+0000][info][gc,phases   ] GC(504)   Other: 0.2ms
[2024-08-28T13:09:51.100+0000][info][gc,heap     ] GC(504) Eden regions: 89->0(89)
[2024-08-28T13:09:51.100+0000][info][gc,heap     ] GC(504) Survivor regions: 13->13(13)
[2024-08-28T13:09:51.100+0000][info][gc,heap     ] GC(504) Old regions: 1223->1113
[2024-08-28T13:09:51.100+0000][info][gc,heap     ] GC(504) Archive regions: 2->2
[2024-08-28T13:09:51.100+0000][info][gc,heap     ] GC(504) Humongous regions: 5->5
[2024-08-28T13:09:51.100+0000][info][gc,metaspace] GC(504) Metaspace: 100K(320K)->100K(320K) NonClass: 96K(192K)->96K(192K) Class: 4K(128K)->4K(128K)
[2024-08-28T13:09:51.100+0000][info][gc          ] GC(504) Pause Young (Mixed) (G1 Evacuation Pause) 1330M->1131M(2048M) 15.685ms
[2024-08-28T13:09:51.100+0000][info][gc,cpu      ] GC(504) User=0.70s Sys=0.00s Real=0.02s
[2024-08-28T13:09:51.148+0000][info][gc,start    ] GC(505) Pause Young (Mixed) (G1 Evacuation Pause)
[2024-08-28T13:09:51.148+0000][info][gc,task     ] GC(505) Using 49 workers of 68 for evacuation
[2024-08-28T13:09:51.163+0000][info][gc,phases   ] GC(505)   Pre Evacuate Collection Set: 0.3ms
[2024-08-28T13:09:51.163+0000][info][gc,phases   ] GC(505)   Merge Heap Roots: 0.5ms
[2024-08-28T13:09:51.163+0000][info][gc,phases   ] GC(505)   Evacuate Collection Set: 13.1ms
[2024-08-28T13:09:51.163+0000][info][gc,phases   ] GC(505)   Post Evacuate Collection Set: 0.6ms
[2024-08-28T13:09:51.163+0000][info][gc,phases   ] GC(505)   Other: 0.2ms
[2024-08-28T13:09:51.163+0000][info][gc,heap     ] GC(505) Eden regions: 89->0(225)
[2024-08-28T13:09:51.163+0000][info][gc,heap     ] GC(505) Survivor regions: 13->13(13)
[2024-08-28T13:09:51.163+0000][info][gc,heap     ] GC(505) Old regions: 1113->1122
[2024-08-28T13:09:51.163+0000][info][gc,heap     ] GC(505) Archive regions: 2->2
[2024-08-28T13:09:51.163+0000][info][gc,heap     ] GC(505) Humongous regions: 5->5
[2024-08-28T13:09:51.163+0000][info][gc,metaspace] GC(505) Metaspace: 100K(320K)->100K(320K) NonClass: 96K(192K)->96K(192K) Class: 4K(128K)->4K(128K)
[2024-08-28T13:09:51.163+0000][info][gc          ] GC(505) Pause Young (Mixed) (G1 Evacuation Pause) 1220M->1140M(2048M) 14.732ms
[2024-08-28T13:09:51.163+0000][info][gc,cpu      ] GC(505) User=0.66s Sys=0.00s Real=0.02s
[2024-08-28T13:09:51.285+0000][info][gc,start    ] GC(506) Pause Young (Normal) (G1 Evacuation Pause)
[2024-08-28T13:09:51.285+0000][info][gc,task     ] GC(506) Using 49 workers of 68 for evacuation
[2024-08-28T13:09:51.318+0000][info][gc,phases   ] GC(506)   Pre Evacuate Collection Set: 0.3ms
[2024-08-28T13:09:51.318+0000][info][gc,phases   ] GC(506)   Merge Heap Roots: 0.8ms
[2024-08-28T13:09:51.318+0000][info][gc,phases   ] GC(506)   Evacuate Collection Set: 31.3ms
[2024-08-28T13:09:51.318+0000][info][gc,phases   ] GC(506)   Post Evacuate Collection Set: 0.7ms
[2024-08-28T13:09:51.318+0000][info][gc,phases   ] GC(506)   Other: 0.2ms
[2024-08-28T13:09:51.318+0000][info][gc,heap     ] GC(506) Eden regions: 225->0(153)
[2024-08-28T13:09:51.318+0000][info][gc,heap     ] GC(506) Survivor regions: 13->30(30)
[2024-08-28T13:09:51.318+0000][info][gc,heap     ] GC(506) Old regions: 1122->1327
[2024-08-28T13:09:51.318+0000][info][gc,heap     ] GC(506) Archive regions: 2->2
[2024-08-28T13:09:51.318+0000][info][gc,heap     ] GC(506) Humongous regions: 5->5
[2024-08-28T13:09:51.318+0000][info][gc,metaspace] GC(506) Metaspace: 100K(320K)->100K(320K) NonClass: 96K(192K)->96K(192K) Class: 4K(128K)->4K(128K)
[2024-08-28T13:09:51.318+0000][info][gc          ] GC(506) Pause Young (Normal) (G1 Evacuation Pause) 1365M->1362M(2048M) 33.398ms
[2024-08-28T13:09:51.318+0000][info][gc,cpu      ] GC(506) User=1.39s Sys=0.00s Real=0.04s
[2024-08-28T13:09:51.403+0000][info][gc,start    ] GC(507) Pause Young (Concurrent Start) (G1 Evacuation Pause)
[2024-08-28T13:09:51.403+0000][info][gc,task     ] GC(507) Using 49 workers of 68 for evacuation
[2024-08-28T13:09:51.429+0000][info][gc,phases   ] GC(507)   Pre Evacuate Collection Set: 0.4ms
[2024-08-28T13:09:51.429+0000][info][gc,phases   ] GC(507)   Merge Heap Roots: 0.5ms
[2024-08-28T13:09:51.429+0000][info][gc,phases   ] GC(507)   Evacuate Collection Set: 23.7ms
[2024-08-28T13:09:51.429+0000][info][gc,phases   ] GC(507)   Post Evacuate Collection Set: 0.5ms
[2024-08-28T13:09:51.429+0000][info][gc,phases   ] GC(507)   Other: 0.8ms
[2024-08-28T13:09:51.429+0000][info][gc,heap     ] GC(507) Eden regions: 153->0(102)
[2024-08-28T13:09:51.429+0000][info][gc,heap     ] GC(507) Survivor regions: 30->23(23)
[2024-08-28T13:09:51.429+0000][info][gc,heap     ] GC(507) Old regions: 1327->1493
[2024-08-28T13:09:51.429+0000][info][gc,heap     ] GC(507) Archive regions: 2->2
[2024-08-28T13:09:51.429+0000][info][gc,heap     ] GC(507) Humongous regions: 5->5
[2024-08-28T13:09:51.429+0000][info][gc,metaspace] GC(507) Metaspace: 100K(320K)->100K(320K) NonClass: 96K(192K)->96K(192K) Class: 4K(128K)->4K(128K)
[2024-08-28T13:09:51.429+0000][info][gc          ] GC(507) Pause Young (Concurrent Start) (G1 Evacuation Pause) 1515M->1521M(2048M) 26.081ms
[2024-08-28T13:09:51.429+0000][info][gc,cpu      ] GC(507) User=1.16s Sys=0.00s Real=0.02s
[2024-08-28T13:09:51.429+0000][info][gc          ] GC(508) Concurrent Mark Cycle
[2024-08-28T13:09:51.429+0000][info][gc,marking  ] GC(508) Concurrent Clear Claimed Marks
[2024-08-28T13:09:51.429+0000][info][gc,marking  ] GC(508) Concurrent Clear Claimed Marks 0.011ms
[2024-08-28T13:09:51.429+0000][info][gc,marking  ] GC(508) Concurrent Scan Root Regions
[2024-08-28T13:09:51.434+0000][info][gc,marking  ] GC(508) Concurrent Scan Root Regions 4.684ms
[2024-08-28T13:09:51.434+0000][info][gc,marking  ] GC(508) Concurrent Mark
[2024-08-28T13:09:51.434+0000][info][gc,marking  ] GC(508) Concurrent Mark From Roots
[2024-08-28T13:09:51.434+0000][info][gc,task     ] GC(508) Using 17 workers of 17 for marking
[2024-08-28T13:09:51.453+0000][info][gc,marking  ] GC(508) Concurrent Mark From Roots 18.712ms
[2024-08-28T13:09:51.453+0000][info][gc,marking  ] GC(508) Concurrent Preclean
[2024-08-28T13:09:51.453+0000][info][gc,marking  ] GC(508) Concurrent Preclean 0.500ms
[2024-08-28T13:09:51.454+0000][info][gc,start    ] GC(508) Pause Remark
[2024-08-28T13:09:51.456+0000][info][gc          ] GC(508) Pause Remark 1549M->1405M(2048M) 1.925ms
[2024-08-28T13:09:51.456+0000][info][gc,cpu      ] GC(508) User=0.02s Sys=0.00s Real=0.00s
[2024-08-28T13:09:51.456+0000][info][gc,marking  ] GC(508) Concurrent Mark 21.470ms
[2024-08-28T13:09:51.456+0000][info][gc,marking  ] GC(508) Concurrent Rebuild Remembered Sets
[2024-08-28T13:09:51.500+0000][info][gc,start    ] GC(509) Pause Young (Normal) (G1 Evacuation Pause)
[2024-08-28T13:09:51.500+0000][info][gc,task     ] GC(509) Using 49 workers of 68 for evacuation
[2024-08-28T13:09:51.517+0000][info][gc,phases   ] GC(509)   Pre Evacuate Collection Set: 0.4ms
[2024-08-28T13:09:51.517+0000][info][gc,phases   ] GC(509)   Merge Heap Roots: 0.5ms
[2024-08-28T13:09:51.517+0000][info][gc,phases   ] GC(509)   Evacuate Collection Set: 15.3ms
[2024-08-28T13:09:51.517+0000][info][gc,phases   ] GC(509)   Post Evacuate Collection Set: 0.8ms
[2024-08-28T13:09:51.517+0000][info][gc,phases   ] GC(509)   Other: 0.2ms
[2024-08-28T13:09:51.517+0000][info][gc,heap     ] GC(509) Eden regions: 102->0(112)
[2024-08-28T13:09:51.517+0000][info][gc,heap     ] GC(509) Survivor regions: 23->16(16)
[2024-08-28T13:09:51.517+0000][info][gc,heap     ] GC(509) Old regions: 1349->1467
[2024-08-28T13:09:51.517+0000][info][gc,heap     ] GC(509) Archive regions: 2->2
[2024-08-28T13:09:51.517+0000][info][gc,heap     ] GC(509) Humongous regions: 5->5
[2024-08-28T13:09:51.517+0000][info][gc,metaspace] GC(509) Metaspace: 100K(320K)->100K(320K) NonClass: 96K(192K)->96K(192K) Class: 4K(128K)->4K(128K)
[2024-08-28T13:09:51.517+0000][info][gc          ] GC(509) Pause Young (Normal) (G1 Evacuation Pause) 1479M->1488M(2048M) 17.143ms
[2024-08-28T13:09:51.517+0000][info][gc,cpu      ] GC(509) User=0.77s Sys=0.00s Real=0.01s
[2024-08-28T13:09:51.521+0000][info][gc,marking  ] GC(508) Concurrent Rebuild Remembered Sets 64.925ms
[2024-08-28T13:09:51.521+0000][info][gc,start    ] GC(508) Pause Cleanup
[2024-08-28T13:09:51.524+0000][info][gc          ] GC(508) Pause Cleanup 1494M->1494M(2048M) 3.156ms
[2024-08-28T13:09:51.524+0000][info][gc,cpu      ] GC(508) User=0.01s Sys=0.00s Real=0.00s
[2024-08-28T13:09:51.524+0000][info][gc,marking  ] GC(508) Concurrent Cleanup for Next Mark
[2024-08-28T13:09:51.526+0000][info][gc,marking  ] GC(508) Concurrent Cleanup for Next Mark 1.578ms
[2024-08-28T13:09:51.526+0000][info][gc          ] GC(508) Concurrent Mark Cycle 96.276ms
[2024-08-28T13:09:51.592+0000][info][gc,start    ] GC(510) Pause Young (Prepare Mixed) (G1 Evacuation Pause)
[2024-08-28T13:09:51.592+0000][info][gc,task     ] GC(510) Using 49 workers of 68 for evacuation
[2024-08-28T13:09:51.615+0000][info][gc,phases   ] GC(510)   Pre Evacuate Collection Set: 0.4ms
[2024-08-28T13:09:51.615+0000][info][gc,phases   ] GC(510)   Merge Heap Roots: 0.8ms
[2024-08-28T13:09:51.615+0000][info][gc,phases   ] GC(510)   Evacuate Collection Set: 21.9ms
[2024-08-28T13:09:51.615+0000][info][gc,phases   ] GC(510)   Post Evacuate Collection Set: 0.6ms
[2024-08-28T13:09:51.615+0000][info][gc,phases   ] GC(510)   Other: 0.2ms
[2024-08-28T13:09:51.615+0000][info][gc,heap     ] GC(510) Eden regions: 112->0(86)
[2024-08-28T13:09:51.615+0000][info][gc,heap     ] GC(510) Survivor regions: 16->16(16)
[2024-08-28T13:09:51.615+0000][info][gc,heap     ] GC(510) Old regions: 1467->1586
[2024-08-28T13:09:51.615+0000][info][gc,heap     ] GC(510) Archive regions: 2->2
[2024-08-28T13:09:51.615+0000][info][gc,heap     ] GC(510) Humongous regions: 5->5
[2024-08-28T13:09:51.615+0000][info][gc,metaspace] GC(510) Metaspace: 100K(320K)->100K(320K) NonClass: 96K(192K)->96K(192K) Class: 4K(128K)->4K(128K)
[2024-08-28T13:09:51.615+0000][info][gc          ] GC(510) Pause Young (Prepare Mixed) (G1 Evacuation Pause) 1600M->1607M(2048M) 23.936ms
[2024-08-28T13:09:51.615+0000][info][gc,cpu      ] GC(510) User=1.08s Sys=0.00s Real=0.02s
[2024-08-28T13:09:51.668+0000][info][gc,start    ] GC(511) Pause Young (Mixed) (G1 Evacuation Pause)
[2024-08-28T13:09:51.669+0000][info][gc,task     ] GC(511) Using 49 workers of 68 for evacuation
[2024-08-28T13:09:51.684+0000][info][gc,phases   ] GC(511)   Pre Evacuate Collection Set: 0.4ms
[2024-08-28T13:09:51.684+0000][info][gc,phases   ] GC(511)   Merge Heap Roots: 0.5ms
[2024-08-28T13:09:51.684+0000][info][gc,phases   ] GC(511)   Evacuate Collection Set: 14.1ms
[2024-08-28T13:09:51.684+0000][info][gc,phases   ] GC(511)   Post Evacuate Collection Set: 0.6ms
[2024-08-28T13:09:51.684+0000][info][gc,phases   ] GC(511)   Other: 0.2ms
[2024-08-28T13:09:51.684+0000][info][gc,heap     ] GC(511) Eden regions: 86->0(89)
[2024-08-28T13:09:51.684+0000][info][gc,heap     ] GC(511) Survivor regions: 16->13(13)
[2024-08-28T13:09:51.684+0000][info][gc,heap     ] GC(511) Old regions: 1586->1477
[2024-08-28T13:09:51.684+0000][info][gc,heap     ] GC(511) Archive regions: 2->2
[2024-08-28T13:09:51.684+0000][info][gc,heap     ] GC(511) Humongous regions: 5->5
[2024-08-28T13:09:51.684+0000][info][gc,metaspace] GC(511) Metaspace: 100K(320K)->100K(320K) NonClass: 96K(192K)->96K(192K) Class: 4K(128K)->4K(128K)
[2024-08-28T13:09:51.684+0000][info][gc          ] GC(511) Pause Young (Mixed) (G1 Evacuation Pause) 1693M->1495M(2048M) 15.851ms
[2024-08-28T13:09:51.684+0000][info][gc,cpu      ] GC(511) User=0.55s Sys=0.14s Real=0.02s
[2024-08-28T13:09:51.739+0000][info][gc,start    ] GC(512) Pause Young (Mixed) (G1 Evacuation Pause)
[2024-08-28T13:09:51.739+0000][info][gc,task     ] GC(512) Using 49 workers of 68 for evacuation
[2024-08-28T13:09:51.755+0000][info][gc,phases   ] GC(512)   Pre Evacuate Collection Set: 0.5ms
[2024-08-28T13:09:51.755+0000][info][gc,phases   ] GC(512)   Merge Heap Roots: 0.6ms
[2024-08-28T13:09:51.755+0000][info][gc,phases   ] GC(512)   Evacuate Collection Set: 13.3ms
[2024-08-28T13:09:51.755+0000][info][gc,phases   ] GC(512)   Post Evacuate Collection Set: 0.6ms
[2024-08-28T13:09:51.755+0000][info][gc,phases   ] GC(512)   Other: 0.3ms
[2024-08-28T13:09:51.755+0000][info][gc,heap     ] GC(512) Eden regions: 89->0(89)
[2024-08-28T13:09:51.755+0000][info][gc,heap     ] GC(512) Survivor regions: 13->13(13)
[2024-08-28T13:09:51.755+0000][info][gc,heap     ] GC(512) Old regions: 1477->1366
[2024-08-28T13:09:51.755+0000][info][gc,heap     ] GC(512) Archive regions: 2->2
[2024-08-28T13:09:51.755+0000][info][gc,heap     ] GC(512) Humongous regions: 5->5
[2024-08-28T13:09:51.755+0000][info][gc,metaspace] GC(512) Metaspace: 100K(320K)->100K(320K) NonClass: 96K(192K)->96K(192K) Class: 4K(128K)->4K(128K)
[2024-08-28T13:09:51.755+0000][info][gc          ] GC(512) Pause Young (Mixed) (G1 Evacuation Pause) 1584M->1384M(2048M) 15.392ms
[2024-08-28T13:09:51.755+0000][info][gc,cpu      ] GC(512) User=0.67s Sys=0.00s Real=0.01s
[2024-08-28T13:09:51.809+0000][info][gc,start    ] GC(513) Pause Young (Mixed) (G1 Evacuation Pause)
[2024-08-28T13:09:51.809+0000][info][gc,task     ] GC(513) Using 49 workers of 68 for evacuation
[2024-08-28T13:09:51.826+0000][info][gc,phases   ] GC(513)   Pre Evacuate Collection Set: 0.4ms
[2024-08-28T13:09:51.826+0000][info][gc,phases   ] GC(513)   Merge Heap Roots: 0.5ms
[2024-08-28T13:09:51.826+0000][info][gc,phases   ] GC(513)   Evacuate Collection Set: 14.7ms
[2024-08-28T13:09:51.826+0000][info][gc,phases   ] GC(513)   Post Evacuate Collection Set: 1.0ms
[2024-08-28T13:09:51.826+0000][info][gc,phases   ] GC(513)   Other: 0.2ms
[2024-08-28T13:09:51.826+0000][info][gc,heap     ] GC(513) Eden regions: 89->0(89)
[2024-08-28T13:09:51.826+0000][info][gc,heap     ] GC(513) Survivor regions: 13->13(13)
[2024-08-28T13:09:51.826+0000][info][gc,heap     ] GC(513) Old regions: 1366->1254
[2024-08-28T13:09:51.826+0000][info][gc,heap     ] GC(513) Archive regions: 2->2
[2024-08-28T13:09:51.826+0000][info][gc,heap     ] GC(513) Humongous regions: 5->5
[2024-08-28T13:09:51.826+0000][info][gc,metaspace] GC(513) Metaspace: 100K(320K)->100K(320K) NonClass: 96K(192K)->96K(192K) Class: 4K(128K)->4K(128K)
[2024-08-28T13:09:51.826+0000][info][gc          ] GC(513) Pause Young (Mixed) (G1 Evacuation Pause) 1473M->1272M(2048M) 16.957ms
[2024-08-28T13:09:51.826+0000][info][gc,cpu      ] GC(513) User=0.59s Sys=0.08s Real=0.02s
[2024-08-28T13:09:51.881+0000][info][gc,start    ] GC(514) Pause Young (Mixed) (G1 Evacuation Pause)
[2024-08-28T13:09:51.881+0000][info][gc,task     ] GC(514) Using 49 workers of 68 for evacuation
[2024-08-28T13:09:51.896+0000][info][gc,phases   ] GC(514)   Pre Evacuate Collection Set: 0.5ms
[2024-08-28T13:09:51.896+0000][info][gc,phases   ] GC(514)   Merge Heap Roots: 0.8ms
[2024-08-28T13:09:51.896+0000][info][gc,phases   ] GC(514)   Evacuate Collection Set: 13.4ms
[2024-08-28T13:09:51.896+0000][info][gc,phases   ] GC(514)   Post Evacuate Collection Set: 0.5ms
[2024-08-28T13:09:51.896+0000][info][gc,phases   ] GC(514)   Other: 0.3ms
[2024-08-28T13:09:51.896+0000][info][gc,heap     ] GC(514) Eden regions: 89->0(183)
[2024-08-28T13:09:51.896+0000][info][gc,heap     ] GC(514) Survivor regions: 13->13(13)
[2024-08-28T13:09:51.896+0000][info][gc,heap     ] GC(514) Old regions: 1254->1251
[2024-08-28T13:09:51.896+0000][info][gc,heap     ] GC(514) Archive regions: 2->2
[2024-08-28T13:09:51.896+0000][info][gc,heap     ] GC(514) Humongous regions: 5->5
[2024-08-28T13:09:51.896+0000][info][gc,metaspace] GC(514) Metaspace: 100K(320K)->100K(320K) NonClass: 96K(192K)->96K(192K) Class: 4K(128K)->4K(128K)
[2024-08-28T13:09:51.896+0000][info][gc          ] GC(514) Pause Young (Mixed) (G1 Evacuation Pause) 1361M->1269M(2048M) 15.605ms
[2024-08-28T13:09:51.896+0000][info][gc,cpu      ] GC(514) User=0.67s Sys=0.02s Real=0.01s
[2024-08-28T13:09:51.996+0000][info][gc,start    ] GC(515) Pause Young (Normal) (G1 Evacuation Pause)
[2024-08-28T13:09:51.996+0000][info][gc,task     ] GC(515) Using 49 workers of 68 for evacuation
[2024-08-28T13:09:52.021+0000][info][gc,phases   ] GC(515)   Pre Evacuate Collection Set: 0.3ms
[2024-08-28T13:09:52.021+0000][info][gc,phases   ] GC(515)   Merge Heap Roots: 1.0ms
[2024-08-28T13:09:52.021+0000][info][gc,phases   ] GC(515)   Evacuate Collection Set: 22.5ms
[2024-08-28T13:09:52.021+0000][info][gc,phases   ] GC(515)   Post Evacuate Collection Set: 0.9ms
[2024-08-28T13:09:52.021+0000][info][gc,phases   ] GC(515)   Other: 0.2ms
[2024-08-28T13:09:52.021+0000][info][gc,heap     ] GC(515) Eden regions: 183->0(124)
[2024-08-28T13:09:52.021+0000][info][gc,heap     ] GC(515) Survivor regions: 13->25(25)
[2024-08-28T13:09:52.021+0000][info][gc,heap     ] GC(515) Old regions: 1251->1421
[2024-08-28T13:09:52.021+0000][info][gc,heap     ] GC(515) Archive regions: 2->2
[2024-08-28T13:09:52.021+0000][info][gc,heap     ] GC(515) Humongous regions: 5->5
[2024-08-28T13:09:52.021+0000][info][gc,metaspace] GC(515) Metaspace: 100K(320K)->100K(320K) NonClass: 96K(192K)->96K(192K) Class: 4K(128K)->4K(128K)
[2024-08-28T13:09:52.021+0000][info][gc          ] GC(515) Pause Young (Normal) (G1 Evacuation Pause) 1452M->1451M(2048M) 24.951ms
[2024-08-28T13:09:52.021+0000][info][gc,cpu      ] GC(515) User=1.08s Sys=0.04s Real=0.03s
[2024-08-28T13:09:52.099+0000][info][gc,start    ] GC(516) Pause Young (Concurrent Start) (G1 Evacuation Pause)
[2024-08-28T13:09:52.099+0000][info][gc,task     ] GC(516) Using 49 workers of 68 for evacuation
[2024-08-28T13:09:52.120+0000][info][gc,phases   ] GC(516)   Pre Evacuate Collection Set: 0.3ms
[2024-08-28T13:09:52.120+0000][info][gc,phases   ] GC(516)   Merge Heap Roots: 0.5ms
[2024-08-28T13:09:52.120+0000][info][gc,phases   ] GC(516)   Evacuate Collection Set: 19.1ms
[2024-08-28T13:09:52.120+0000][info][gc,phases   ] GC(516)   Post Evacuate Collection Set: 0.5ms
[2024-08-28T13:09:52.120+0000][info][gc,phases   ] GC(516)   Other: 0.8ms
[2024-08-28T13:09:52.120+0000][info][gc,heap     ] GC(516) Eden regions: 124->0(83)
[2024-08-28T13:09:52.120+0000][info][gc,heap     ] GC(516) Survivor regions: 25->19(19)
[2024-08-28T13:09:52.120+0000][info][gc,heap     ] GC(516) Old regions: 1421->1556
[2024-08-28T13:09:52.120+0000][info][gc,heap     ] GC(516) Archive regions: 2->2
[2024-08-28T13:09:52.120+0000][info][gc,heap     ] GC(516) Humongous regions: 5->5
[2024-08-28T13:09:52.120+0000][info][gc,metaspace] GC(516) Metaspace: 100K(320K)->100K(320K) NonClass: 96K(192K)->96K(192K) Class: 4K(128K)->4K(128K)
[2024-08-28T13:09:52.120+0000][info][gc          ] GC(516) Pause Young (Concurrent Start) (G1 Evacuation Pause) 1575M->1580M(2048M) 21.347ms
[2024-08-28T13:09:52.120+0000][info][gc,cpu      ] GC(516) User=0.95s Sys=0.00s Real=0.02s
[2024-08-28T13:09:52.120+0000][info][gc          ] GC(517) Concurrent Mark Cycle
[2024-08-28T13:09:52.120+0000][info][gc,marking  ] GC(517) Concurrent Clear Claimed Marks
[2024-08-28T13:09:52.120+0000][info][gc,marking  ] GC(517) Concurrent Clear Claimed Marks 0.009ms
[2024-08-28T13:09:52.120+0000][info][gc,marking  ] GC(517) Concurrent Scan Root Regions
[2024-08-28T13:09:52.124+0000][info][gc,marking  ] GC(517) Concurrent Scan Root Regions 4.323ms
[2024-08-28T13:09:52.125+0000][info][gc,marking  ] GC(517) Concurrent Mark
[2024-08-28T13:09:52.125+0000][info][gc,marking  ] GC(517) Concurrent Mark From Roots
[2024-08-28T13:09:52.125+0000][info][gc,task     ] GC(517) Using 17 workers of 17 for marking
[2024-08-28T13:09:52.145+0000][info][gc,marking  ] GC(517) Concurrent Mark From Roots 20.957ms
[2024-08-28T13:09:52.146+0000][info][gc,marking  ] GC(517) Concurrent Preclean
[2024-08-28T13:09:52.146+0000][info][gc,marking  ] GC(517) Concurrent Preclean 0.668ms
[2024-08-28T13:09:52.147+0000][info][gc,start    ] GC(517) Pause Remark
[2024-08-28T13:09:52.149+0000][info][gc          ] GC(517) Pause Remark 1609M->1367M(2048M) 2.346ms
[2024-08-28T13:09:52.149+0000][info][gc,cpu      ] GC(517) User=0.02s Sys=0.01s Real=0.00s
[2024-08-28T13:09:52.149+0000][info][gc,marking  ] GC(517) Concurrent Mark 24.419ms
[2024-08-28T13:09:52.149+0000][info][gc,marking  ] GC(517) Concurrent Rebuild Remembered Sets
[2024-08-28T13:09:52.182+0000][info][gc,start    ] GC(518) Pause Young (Normal) (G1 Evacuation Pause)
[2024-08-28T13:09:52.182+0000][info][gc,task     ] GC(518) Using 49 workers of 68 for evacuation
[2024-08-28T13:09:52.197+0000][info][gc,phases   ] GC(518)   Pre Evacuate Collection Set: 0.4ms
[2024-08-28T13:09:52.197+0000][info][gc,phases   ] GC(518)   Merge Heap Roots: 0.5ms
[2024-08-28T13:09:52.197+0000][info][gc,phases   ] GC(518)   Evacuate Collection Set: 13.6ms
[2024-08-28T13:09:52.197+0000][info][gc,phases   ] GC(518)   Post Evacuate Collection Set: 0.8ms
[2024-08-28T13:09:52.197+0000][info][gc,phases   ] GC(518)   Other: 0.2ms
[2024-08-28T13:09:52.197+0000][info][gc,heap     ] GC(518) Eden regions: 83->0(131)
[2024-08-28T13:09:52.197+0000][info][gc,heap     ] GC(518) Survivor regions: 19->13(13)
[2024-08-28T13:09:52.197+0000][info][gc,heap     ] GC(518) Old regions: 1314->1413
[2024-08-28T13:09:52.197+0000][info][gc,heap     ] GC(518) Archive regions: 2->2
[2024-08-28T13:09:52.197+0000][info][gc,heap     ] GC(518) Humongous regions: 5->5
[2024-08-28T13:09:52.197+0000][info][gc,metaspace] GC(518) Metaspace: 100K(320K)->100K(320K) NonClass: 96K(192K)->96K(192K) Class: 4K(128K)->4K(128K)
[2024-08-28T13:09:52.198+0000][info][gc          ] GC(518) Pause Young (Normal) (G1 Evacuation Pause) 1421M->1431M(2048M) 15.581ms
[2024-08-28T13:09:52.198+0000][info][gc,cpu      ] GC(518) User=0.66s Sys=0.01s Real=0.02s
[2024-08-28T13:09:52.214+0000][info][gc,marking  ] GC(517) Concurrent Rebuild Remembered Sets 64.766ms
[2024-08-28T13:09:52.214+0000][info][gc,start    ] GC(517) Pause Cleanup
[2024-08-28T13:09:52.217+0000][info][gc          ] GC(517) Pause Cleanup 1457M->1457M(2048M) 3.312ms
[2024-08-28T13:09:52.217+0000][info][gc,cpu      ] GC(517) User=0.01s Sys=0.00s Real=0.00s
[2024-08-28T13:09:52.217+0000][info][gc,marking  ] GC(517) Concurrent Cleanup for Next Mark
[2024-08-28T13:09:52.220+0000][info][gc,marking  ] GC(517) Concurrent Cleanup for Next Mark 2.274ms
[2024-08-28T13:09:52.220+0000][info][gc          ] GC(517) Concurrent Mark Cycle 99.707ms
[2024-08-28T13:09:52.284+0000][info][gc,start    ] GC(519) Pause Young (Prepare Mixed) (G1 Evacuation Pause)
[2024-08-28T13:09:52.284+0000][info][gc,task     ] GC(519) Using 49 workers of 68 for evacuation
[2024-08-28T13:09:52.307+0000][info][gc,phases   ] GC(519)   Pre Evacuate Collection Set: 0.4ms
[2024-08-28T13:09:52.307+0000][info][gc,phases   ] GC(519)   Merge Heap Roots: 0.8ms
[2024-08-28T13:09:52.307+0000][info][gc,phases   ] GC(519)   Evacuate Collection Set: 21.5ms
[2024-08-28T13:09:52.307+0000][info][gc,phases   ] GC(519)   Post Evacuate Collection Set: 0.5ms
[2024-08-28T13:09:52.307+0000][info][gc,phases   ] GC(519)   Other: 0.2ms
[2024-08-28T13:09:52.307+0000][info][gc,heap     ] GC(519) Eden regions: 131->0(84)
[2024-08-28T13:09:52.307+0000][info][gc,heap     ] GC(519) Survivor regions: 13->18(18)
[2024-08-28T13:09:52.307+0000][info][gc,heap     ] GC(519) Old regions: 1413->1542
[2024-08-28T13:09:52.307+0000][info][gc,heap     ] GC(519) Archive regions: 2->2
[2024-08-28T13:09:52.307+0000][info][gc,heap     ] GC(519) Humongous regions: 5->5
[2024-08-28T13:09:52.307+0000][info][gc,metaspace] GC(519) Metaspace: 100K(320K)->100K(320K) NonClass: 96K(192K)->96K(192K) Class: 4K(128K)->4K(128K)
[2024-08-28T13:09:52.307+0000][info][gc          ] GC(519) Pause Young (Prepare Mixed) (G1 Evacuation Pause) 1562M->1565M(2048M) 23.505ms
[2024-08-28T13:09:52.307+0000][info][gc,cpu      ] GC(519) User=1.08s Sys=0.00s Real=0.02s
[2024-08-28T13:09:52.359+0000][info][gc,start    ] GC(520) Pause Young (Mixed) (G1 Evacuation Pause)
[2024-08-28T13:09:52.359+0000][info][gc,task     ] GC(520) Using 49 workers of 68 for evacuation
[2024-08-28T13:09:52.374+0000][info][gc,phases   ] GC(520)   Pre Evacuate Collection Set: 0.4ms
[2024-08-28T13:09:52.374+0000][info][gc,phases   ] GC(520)   Merge Heap Roots: 0.5ms
[2024-08-28T13:09:52.374+0000][info][gc,phases   ] GC(520)   Evacuate Collection Set: 13.3ms
[2024-08-28T13:09:52.374+0000][info][gc,phases   ] GC(520)   Post Evacuate Collection Set: 0.6ms
[2024-08-28T13:09:52.374+0000][info][gc,phases   ] GC(520)   Other: 0.2ms
[2024-08-28T13:09:52.374+0000][info][gc,heap     ] GC(520) Eden regions: 84->0(89)
[2024-08-28T13:09:52.374+0000][info][gc,heap     ] GC(520) Survivor regions: 18->13(13)
[2024-08-28T13:09:52.374+0000][info][gc,heap     ] GC(520) Old regions: 1542->1433
[2024-08-28T13:09:52.374+0000][info][gc,heap     ] GC(520) Archive regions: 2->2
[2024-08-28T13:09:52.374+0000][info][gc,heap     ] GC(520) Humongous regions: 5->5
[2024-08-28T13:09:52.374+0000][info][gc,metaspace] GC(520) Metaspace: 100K(320K)->100K(320K) NonClass: 96K(192K)->96K(192K) Class: 4K(128K)->4K(128K)
[2024-08-28T13:09:52.374+0000][info][gc          ] GC(520) Pause Young (Mixed) (G1 Evacuation Pause) 1649M->1451M(2048M) 15.060ms
[2024-08-28T13:09:52.374+0000][info][gc,cpu      ] GC(520) User=0.61s Sys=0.06s Real=0.01s
[2024-08-28T13:09:52.428+0000][info][gc,start    ] GC(521) Pause Young (Mixed) (G1 Evacuation Pause)
[2024-08-28T13:09:52.429+0000][info][gc,task     ] GC(521) Using 49 workers of 68 for evacuation
[2024-08-28T13:09:52.443+0000][info][gc,phases   ] GC(521)   Pre Evacuate Collection Set: 0.4ms
[2024-08-28T13:09:52.443+0000][info][gc,phases   ] GC(521)   Merge Heap Roots: 0.5ms
[2024-08-28T13:09:52.443+0000][info][gc,phases   ] GC(521)   Evacuate Collection Set: 13.3ms
[2024-08-28T13:09:52.443+0000][info][gc,phases   ] GC(521)   Post Evacuate Collection Set: 0.6ms
[2024-08-28T13:09:52.443+0000][info][gc,phases   ] GC(521)   Other: 0.2ms
[2024-08-28T13:09:52.444+0000][info][gc,heap     ] GC(521) Eden regions: 89->0(89)
[2024-08-28T13:09:52.444+0000][info][gc,heap     ] GC(521) Survivor regions: 13->13(13)
[2024-08-28T13:09:52.444+0000][info][gc,heap     ] GC(521) Old regions: 1433->1321
[2024-08-28T13:09:52.444+0000][info][gc,heap     ] GC(521) Archive regions: 2->2
[2024-08-28T13:09:52.444+0000][info][gc,heap     ] GC(521) Humongous regions: 5->5
[2024-08-28T13:09:52.444+0000][info][gc,metaspace] GC(521) Metaspace: 100K(320K)->100K(320K) NonClass: 96K(192K)->96K(192K) Class: 4K(128K)->4K(128K)
[2024-08-28T13:09:52.444+0000][info][gc          ] GC(521) Pause Young (Mixed) (G1 Evacuation Pause) 1540M->1339M(2048M) 15.089ms
[2024-08-28T13:09:52.444+0000][info][gc,cpu      ] GC(521) User=0.64s Sys=0.03s Real=0.02s
[2024-08-28T13:09:52.493+0000][info][gc,start    ] GC(522) Pause Young (Mixed) (G1 Evacuation Pause)
[2024-08-28T13:09:52.493+0000][info][gc,task     ] GC(522) Using 49 workers of 68 for evacuation
[2024-08-28T13:09:52.508+0000][info][gc,phases   ] GC(522)   Pre Evacuate Collection Set: 0.4ms
[2024-08-28T13:09:52.508+0000][info][gc,phases   ] GC(522)   Merge Heap Roots: 0.5ms
[2024-08-28T13:09:52.508+0000][info][gc,phases   ] GC(522)   Evacuate Collection Set: 13.0ms
[2024-08-28T13:09:52.508+0000][info][gc,phases   ] GC(522)   Post Evacuate Collection Set: 0.6ms
[2024-08-28T13:09:52.508+0000][info][gc,phases   ] GC(522)   Other: 0.2ms
[2024-08-28T13:09:52.508+0000][info][gc,heap     ] GC(522) Eden regions: 89->0(89)
[2024-08-28T13:09:52.508+0000][info][gc,heap     ] GC(522) Survivor regions: 13->13(13)
[2024-08-28T13:09:52.508+0000][info][gc,heap     ] GC(522) Old regions: 1321->1210
[2024-08-28T13:09:52.508+0000][info][gc,heap     ] GC(522) Archive regions: 2->2
[2024-08-28T13:09:52.508+0000][info][gc,heap     ] GC(522) Humongous regions: 5->5
[2024-08-28T13:09:52.508+0000][info][gc,metaspace] GC(522) Metaspace: 100K(320K)->100K(320K) NonClass: 96K(192K)->96K(192K) Class: 4K(128K)->4K(128K)
[2024-08-28T13:09:52.508+0000][info][gc          ] GC(522) Pause Young (Mixed) (G1 Evacuation Pause) 1428M->1228M(2048M) 14.762ms
[2024-08-28T13:09:52.508+0000][info][gc,cpu      ] GC(522) User=0.64s Sys=0.00s Real=0.01s
[2024-08-28T13:09:52.560+0000][info][gc,start    ] GC(523) Pause Young (Mixed) (G1 Evacuation Pause)
[2024-08-28T13:09:52.560+0000][info][gc,task     ] GC(523) Using 49 workers of 68 for evacuation
[2024-08-28T13:09:52.575+0000][info][gc,phases   ] GC(523)   Pre Evacuate Collection Set: 0.4ms
[2024-08-28T13:09:52.575+0000][info][gc,phases   ] GC(523)   Merge Heap Roots: 0.4ms
[2024-08-28T13:09:52.575+0000][info][gc,phases   ] GC(523)   Evacuate Collection Set: 13.1ms
[2024-08-28T13:09:52.575+0000][info][gc,phases   ] GC(523)   Post Evacuate Collection Set: 0.5ms
[2024-08-28T13:09:52.575+0000][info][gc,phases   ] GC(523)   Other: 0.2ms
[2024-08-28T13:09:52.575+0000][info][gc,heap     ] GC(523) Eden regions: 89->0(187)
[2024-08-28T13:09:52.575+0000][info][gc,heap     ] GC(523) Survivor regions: 13->13(13)
[2024-08-28T13:09:52.575+0000][info][gc,heap     ] GC(523) Old regions: 1210->1238
[2024-08-28T13:09:52.575+0000][info][gc,heap     ] GC(523) Archive regions: 2->2
[2024-08-28T13:09:52.575+0000][info][gc,heap     ] GC(523) Humongous regions: 5->5
[2024-08-28T13:09:52.575+0000][info][gc,metaspace] GC(523) Metaspace: 100K(320K)->100K(320K) NonClass: 96K(192K)->96K(192K) Class: 4K(128K)->4K(128K)
[2024-08-28T13:09:52.575+0000][info][gc          ] GC(523) Pause Young (Mixed) (G1 Evacuation Pause) 1317M->1256M(2048M) 14.598ms
[2024-08-28T13:09:52.575+0000][info][gc,cpu      ] GC(523) User=0.64s Sys=0.00s Real=0.01s
[2024-08-28T13:09:52.686+0000][info][gc,start    ] GC(524) Pause Young (Normal) (G1 Evacuation Pause)
[2024-08-28T13:09:52.686+0000][info][gc,task     ] GC(524) Using 49 workers of 68 for evacuation
[2024-08-28T13:09:52.710+0000][info][gc,phases   ] GC(524)   Pre Evacuate Collection Set: 0.3ms
[2024-08-28T13:09:52.710+0000][info][gc,phases   ] GC(524)   Merge Heap Roots: 0.6ms
[2024-08-28T13:09:52.710+0000][info][gc,phases   ] GC(524)   Evacuate Collection Set: 22.6ms
[2024-08-28T13:09:52.710+0000][info][gc,phases   ] GC(524)   Post Evacuate Collection Set: 0.5ms
[2024-08-28T13:09:52.710+0000][info][gc,phases   ] GC(524)   Other: 0.2ms
[2024-08-28T13:09:52.710+0000][info][gc,heap     ] GC(524) Eden regions: 187->0(127)
[2024-08-28T13:09:52.710+0000][info][gc,heap     ] GC(524) Survivor regions: 13->25(25)
[2024-08-28T13:09:52.710+0000][info][gc,heap     ] GC(524) Old regions: 1238->1411
[2024-08-28T13:09:52.710+0000][info][gc,heap     ] GC(524) Archive regions: 2->2
[2024-08-28T13:09:52.710+0000][info][gc,heap     ] GC(524) Humongous regions: 5->5
[2024-08-28T13:09:52.710+0000][info][gc,metaspace] GC(524) Metaspace: 100K(320K)->100K(320K) NonClass: 96K(192K)->96K(192K) Class: 4K(128K)->4K(128K)
[2024-08-28T13:09:52.710+0000][info][gc          ] GC(524) Pause Young (Normal) (G1 Evacuation Pause) 1443M->1441M(2048M) 24.431ms
[2024-08-28T13:09:52.710+0000][info][gc,cpu      ] GC(524) User=1.08s Sys=0.04s Real=0.03s
[2024-08-28T13:09:52.787+0000][info][gc,start    ] GC(525) Pause Young (Concurrent Start) (G1 Evacuation Pause)
[2024-08-28T13:09:52.787+0000][info][gc,task     ] GC(525) Using 49 workers of 68 for evacuation
[2024-08-28T13:09:52.810+0000][info][gc,phases   ] GC(525)   Pre Evacuate Collection Set: 0.3ms
[2024-08-28T13:09:52.810+0000][info][gc,phases   ] GC(525)   Merge Heap Roots: 1.0ms
[2024-08-28T13:09:52.810+0000][info][gc,phases   ] GC(525)   Evacuate Collection Set: 20.0ms
[2024-08-28T13:09:52.810+0000][info][gc,phases   ] GC(525)   Post Evacuate Collection Set: 0.6ms
[2024-08-28T13:09:52.810+0000][info][gc,phases   ] GC(525)   Other: 0.8ms
[2024-08-28T13:09:52.810+0000][info][gc,heap     ] GC(525) Eden regions: 127->0(84)
[2024-08-28T13:09:52.810+0000][info][gc,heap     ] GC(525) Survivor regions: 25->19(19)
[2024-08-28T13:09:52.810+0000][info][gc,heap     ] GC(525) Old regions: 1411->1551
[2024-08-28T13:09:52.810+0000][info][gc,heap     ] GC(525) Archive regions: 2->2
[2024-08-28T13:09:52.810+0000][info][gc,heap     ] GC(525) Humongous regions: 5->5
[2024-08-28T13:09:52.810+0000][info][gc,metaspace] GC(525) Metaspace: 100K(320K)->100K(320K) NonClass: 96K(192K)->96K(192K) Class: 4K(128K)->4K(128K)
[2024-08-28T13:09:52.810+0000][info][gc          ] GC(525) Pause Young (Concurrent Start) (G1 Evacuation Pause) 1568M->1575M(2048M) 22.867ms
[2024-08-28T13:09:52.810+0000][info][gc,cpu      ] GC(525) User=1.01s Sys=0.01s Real=0.03s
[2024-08-28T13:09:52.810+0000][info][gc          ] GC(526) Concurrent Mark Cycle
[2024-08-28T13:09:52.810+0000][info][gc,marking  ] GC(526) Concurrent Clear Claimed Marks
[2024-08-28T13:09:52.810+0000][info][gc,marking  ] GC(526) Concurrent Clear Claimed Marks 0.010ms
[2024-08-28T13:09:52.810+0000][info][gc,marking  ] GC(526) Concurrent Scan Root Regions
[2024-08-28T13:09:52.814+0000][info][gc,marking  ] GC(526) Concurrent Scan Root Regions 4.131ms
[2024-08-28T13:09:52.814+0000][info][gc,marking  ] GC(526) Concurrent Mark
[2024-08-28T13:09:52.814+0000][info][gc,marking  ] GC(526) Concurrent Mark From Roots
[2024-08-28T13:09:52.814+0000][info][gc,task     ] GC(526) Using 17 workers of 17 for marking
[2024-08-28T13:09:52.835+0000][info][gc,marking  ] GC(526) Concurrent Mark From Roots 20.655ms
[2024-08-28T13:09:52.835+0000][info][gc,marking  ] GC(526) Concurrent Preclean
[2024-08-28T13:09:52.835+0000][info][gc,marking  ] GC(526) Concurrent Preclean 0.506ms
[2024-08-28T13:09:52.836+0000][info][gc,start    ] GC(526) Pause Remark
[2024-08-28T13:09:52.838+0000][info][gc          ] GC(526) Pause Remark 1597M->1359M(2048M) 2.001ms
[2024-08-28T13:09:52.838+0000][info][gc,cpu      ] GC(526) User=0.01s Sys=0.01s Real=0.01s
[2024-08-28T13:09:52.838+0000][info][gc,marking  ] GC(526) Concurrent Mark 23.627ms
[2024-08-28T13:09:52.838+0000][info][gc,marking  ] GC(526) Concurrent Rebuild Remembered Sets
[2024-08-28T13:09:52.887+0000][info][gc,marking  ] GC(526) Concurrent Rebuild Remembered Sets 49.222ms
[2024-08-28T13:09:52.887+0000][info][gc,start    ] GC(526) Pause Cleanup
[2024-08-28T13:09:52.890+0000][info][gc          ] GC(526) Pause Cleanup 1412M->1412M(2048M) 2.896ms
[2024-08-28T13:09:52.890+0000][info][gc,cpu      ] GC(526) User=0.01s Sys=0.01s Real=0.01s
[2024-08-28T13:09:52.890+0000][info][gc,marking  ] GC(526) Concurrent Cleanup for Next Mark
[2024-08-28T13:09:52.892+0000][info][gc,marking  ] GC(526) Concurrent Cleanup for Next Mark 1.958ms
[2024-08-28T13:09:52.893+0000][info][gc          ] GC(526) Concurrent Mark Cycle 82.548ms
[2024-08-28T13:09:52.898+0000][info][gc,start    ] GC(527) Pause Young (Prepare Mixed) (G1 Evacuation Pause)
[2024-08-28T13:09:52.898+0000][info][gc,task     ] GC(527) Using 49 workers of 68 for evacuation
[2024-08-28T13:09:52.913+0000][info][gc,phases   ] GC(527)   Pre Evacuate Collection Set: 0.3ms
[2024-08-28T13:09:52.913+0000][info][gc,phases   ] GC(527)   Merge Heap Roots: 0.5ms
[2024-08-28T13:09:52.913+0000][info][gc,phases   ] GC(527)   Evacuate Collection Set: 13.1ms
[2024-08-28T13:09:52.913+0000][info][gc,phases   ] GC(527)   Post Evacuate Collection Set: 0.5ms
[2024-08-28T13:09:52.913+0000][info][gc,phases   ] GC(527)   Other: 0.2ms
[2024-08-28T13:09:52.913+0000][info][gc,heap     ] GC(527) Eden regions: 84->0(89)
[2024-08-28T13:09:52.913+0000][info][gc,heap     ] GC(527) Survivor regions: 19->13(13)
[2024-08-28T13:09:52.913+0000][info][gc,heap     ] GC(527) Old regions: 1313->1411
[2024-08-28T13:09:52.913+0000][info][gc,heap     ] GC(527) Archive regions: 2->2
[2024-08-28T13:09:52.913+0000][info][gc,heap     ] GC(527) Humongous regions: 5->5
[2024-08-28T13:09:52.913+0000][info][gc,metaspace] GC(527) Metaspace: 100K(320K)->100K(320K) NonClass: 96K(192K)->96K(192K) Class: 4K(128K)->4K(128K)
[2024-08-28T13:09:52.913+0000][info][gc          ] GC(527) Pause Young (Prepare Mixed) (G1 Evacuation Pause) 1421M->1429M(2048M) 14.669ms
[2024-08-28T13:09:52.913+0000][info][gc,cpu      ] GC(527) User=0.65s Sys=0.00s Real=0.01s
[2024-08-28T13:09:52.966+0000][info][gc,start    ] GC(528) Pause Young (Mixed) (G1 Evacuation Pause)
[2024-08-28T13:09:52.966+0000][info][gc,task     ] GC(528) Using 49 workers of 68 for evacuation
[2024-08-28T13:09:52.981+0000][info][gc,phases   ] GC(528)   Pre Evacuate Collection Set: 0.5ms
[2024-08-28T13:09:52.981+0000][info][gc,phases   ] GC(528)   Merge Heap Roots: 0.5ms
[2024-08-28T13:09:52.981+0000][info][gc,phases   ] GC(528)   Evacuate Collection Set: 13.2ms
[2024-08-28T13:09:52.981+0000][info][gc,phases   ] GC(528)   Post Evacuate Collection Set: 0.6ms
[2024-08-28T13:09:52.981+0000][info][gc,phases   ] GC(528)   Other: 0.2ms
[2024-08-28T13:09:52.981+0000][info][gc,heap     ] GC(528) Eden regions: 89->0(89)
[2024-08-28T13:09:52.981+0000][info][gc,heap     ] GC(528) Survivor regions: 13->13(13)
[2024-08-28T13:09:52.981+0000][info][gc,heap     ] GC(528) Old regions: 1411->1300
[2024-08-28T13:09:52.981+0000][info][gc,heap     ] GC(528) Archive regions: 2->2
[2024-08-28T13:09:52.981+0000][info][gc,heap     ] GC(528) Humongous regions: 5->5
[2024-08-28T13:09:52.981+0000][info][gc,metaspace] GC(528) Metaspace: 100K(320K)->100K(320K) NonClass: 96K(192K)->96K(192K) Class: 4K(128K)->4K(128K)
[2024-08-28T13:09:52.981+0000][info][gc          ] GC(528) Pause Young (Mixed) (G1 Evacuation Pause) 1518M->1318M(2048M) 15.052ms
[2024-08-28T13:09:52.981+0000][info][gc,cpu      ] GC(528) User=0.66s Sys=0.02s Real=0.02s
[2024-08-28T13:09:53.035+0000][info][gc,start    ] GC(529) Pause Young (Mixed) (G1 Evacuation Pause)
[2024-08-28T13:09:53.036+0000][info][gc,task     ] GC(529) Using 49 workers of 68 for evacuation
[2024-08-28T13:09:53.051+0000][info][gc,phases   ] GC(529)   Pre Evacuate Collection Set: 0.5ms
[2024-08-28T13:09:53.051+0000][info][gc,phases   ] GC(529)   Merge Heap Roots: 0.5ms
[2024-08-28T13:09:53.051+0000][info][gc,phases   ] GC(529)   Evacuate Collection Set: 13.5ms
[2024-08-28T13:09:53.051+0000][info][gc,phases   ] GC(529)   Post Evacuate Collection Set: 0.6ms
[2024-08-28T13:09:53.051+0000][info][gc,phases   ] GC(529)   Other: 0.2ms
[2024-08-28T13:09:53.051+0000][info][gc,heap     ] GC(529) Eden regions: 89->0(89)
[2024-08-28T13:09:53.051+0000][info][gc,heap     ] GC(529) Survivor regions: 13->13(13)
[2024-08-28T13:09:53.051+0000][info][gc,heap     ] GC(529) Old regions: 1300->1190
[2024-08-28T13:09:53.051+0000][info][gc,heap     ] GC(529) Archive regions: 2->2
[2024-08-28T13:09:53.051+0000][info][gc,heap     ] GC(529) Humongous regions: 5->5
[2024-08-28T13:09:53.051+0000][info][gc,metaspace] GC(529) Metaspace: 100K(320K)->100K(320K) NonClass: 96K(192K)->96K(192K) Class: 4K(128K)->4K(128K)
[2024-08-28T13:09:53.051+0000][info][gc          ] GC(529) Pause Young (Mixed) (G1 Evacuation Pause) 1407M->1208M(2048M) 15.401ms
[2024-08-28T13:09:53.051+0000][info][gc,cpu      ] GC(529) User=0.68s Sys=0.00s Real=0.02s
[2024-08-28T13:09:53.105+0000][info][gc,start    ] GC(530) Pause Young (Mixed) (G1 Evacuation Pause)
[2024-08-28T13:09:53.105+0000][info][gc,task     ] GC(530) Using 49 workers of 68 for evacuation
[2024-08-28T13:09:53.120+0000][info][gc,phases   ] GC(530)   Pre Evacuate Collection Set: 0.4ms
[2024-08-28T13:09:53.120+0000][info][gc,phases   ] GC(530)   Merge Heap Roots: 0.5ms
[2024-08-28T13:09:53.120+0000][info][gc,phases   ] GC(530)   Evacuate Collection Set: 13.4ms
[2024-08-28T13:09:53.120+0000][info][gc,phases   ] GC(530)   Post Evacuate Collection Set: 0.6ms
[2024-08-28T13:09:53.121+0000][info][gc,phases   ] GC(530)   Other: 0.2ms
[2024-08-28T13:09:53.121+0000][info][gc,heap     ] GC(530) Eden regions: 89->0(89)
[2024-08-28T13:09:53.121+0000][info][gc,heap     ] GC(530) Survivor regions: 13->13(13)
[2024-08-28T13:09:53.121+0000][info][gc,heap     ] GC(530) Old regions: 1190->1079
[2024-08-28T13:09:53.121+0000][info][gc,heap     ] GC(530) Archive regions: 2->2
[2024-08-28T13:09:53.121+0000][info][gc,heap     ] GC(530) Humongous regions: 5->5
[2024-08-28T13:09:53.121+0000][info][gc,metaspace] GC(530) Metaspace: 100K(320K)->100K(320K) NonClass: 96K(192K)->96K(192K) Class: 4K(128K)->4K(128K)
[2024-08-28T13:09:53.121+0000][info][gc          ] GC(530) Pause Young (Mixed) (G1 Evacuation Pause) 1297M->1097M(2048M) 15.347ms
[2024-08-28T13:09:53.121+0000][info][gc,cpu      ] GC(530) User=0.68s Sys=0.00s Real=0.02s
[2024-08-28T13:09:53.170+0000][info][gc,start    ] GC(531) Pause Young (Mixed) (G1 Evacuation Pause)
[2024-08-28T13:09:53.170+0000][info][gc,task     ] GC(531) Using 49 workers of 68 for evacuation
[2024-08-28T13:09:53.184+0000][info][gc,phases   ] GC(531)   Pre Evacuate Collection Set: 0.3ms
[2024-08-28T13:09:53.185+0000][info][gc,phases   ] GC(531)   Merge Heap Roots: 0.4ms
[2024-08-28T13:09:53.185+0000][info][gc,phases   ] GC(531)   Evacuate Collection Set: 12.9ms
[2024-08-28T13:09:53.185+0000][info][gc,phases   ] GC(531)   Post Evacuate Collection Set: 0.5ms
[2024-08-28T13:09:53.185+0000][info][gc,phases   ] GC(531)   Other: 0.2ms
[2024-08-28T13:09:53.185+0000][info][gc,heap     ] GC(531) Eden regions: 89->0(228)
[2024-08-28T13:09:53.185+0000][info][gc,heap     ] GC(531) Survivor regions: 13->13(13)
[2024-08-28T13:09:53.185+0000][info][gc,heap     ] GC(531) Old regions: 1079->1111
[2024-08-28T13:09:53.185+0000][info][gc,heap     ] GC(531) Archive regions: 2->2
[2024-08-28T13:09:53.185+0000][info][gc,heap     ] GC(531) Humongous regions: 5->5
[2024-08-28T13:09:53.185+0000][info][gc,metaspace] GC(531) Metaspace: 100K(320K)->100K(320K) NonClass: 96K(192K)->96K(192K) Class: 4K(128K)->4K(128K)
[2024-08-28T13:09:53.185+0000][info][gc          ] GC(531) Pause Young (Mixed) (G1 Evacuation Pause) 1186M->1129M(2048M) 14.600ms
[2024-08-28T13:09:53.185+0000][info][gc,cpu      ] GC(531) User=0.65s Sys=0.00s Real=0.01s
[2024-08-28T13:09:53.307+0000][info][gc,start    ] GC(532) Pause Young (Normal) (G1 Evacuation Pause)
[2024-08-28T13:09:53.307+0000][info][gc,task     ] GC(532) Using 49 workers of 68 for evacuation
[2024-08-28T13:09:53.336+0000][info][gc,phases   ] GC(532)   Pre Evacuate Collection Set: 0.4ms
[2024-08-28T13:09:53.336+0000][info][gc,phases   ] GC(532)   Merge Heap Roots: 0.6ms
[2024-08-28T13:09:53.336+0000][info][gc,phases   ] GC(532)   Evacuate Collection Set: 27.2ms
[2024-08-28T13:09:53.336+0000][info][gc,phases   ] GC(532)   Post Evacuate Collection Set: 0.6ms
[2024-08-28T13:09:53.336+0000][info][gc,phases   ] GC(532)   Other: 0.2ms
[2024-08-28T13:09:53.336+0000][info][gc,heap     ] GC(532) Eden regions: 228->0(156)
[2024-08-28T13:09:53.336+0000][info][gc,heap     ] GC(532) Survivor regions: 13->31(31)
[2024-08-28T13:09:53.336+0000][info][gc,heap     ] GC(532) Old regions: 1111->1316
[2024-08-28T13:09:53.336+0000][info][gc,heap     ] GC(532) Archive regions: 2->2
[2024-08-28T13:09:53.336+0000][info][gc,heap     ] GC(532) Humongous regions: 5->5
[2024-08-28T13:09:53.336+0000][info][gc,metaspace] GC(532) Metaspace: 100K(320K)->100K(320K) NonClass: 96K(192K)->96K(192K) Class: 4K(128K)->4K(128K)
[2024-08-28T13:09:53.336+0000][info][gc          ] GC(532) Pause Young (Normal) (G1 Evacuation Pause) 1357M->1352M(2048M) 29.191ms
[2024-08-28T13:09:53.336+0000][info][gc,cpu      ] GC(532) User=1.32s Sys=0.00s Real=0.03s
[2024-08-28T13:09:53.432+0000][info][gc,start    ] GC(533) Pause Young (Concurrent Start) (G1 Evacuation Pause)
[2024-08-28T13:09:53.432+0000][info][gc,task     ] GC(533) Using 49 workers of 68 for evacuation
[2024-08-28T13:09:53.458+0000][info][gc,phases   ] GC(533)   Pre Evacuate Collection Set: 0.3ms
[2024-08-28T13:09:53.458+0000][info][gc,phases   ] GC(533)   Merge Heap Roots: 1.1ms
[2024-08-28T13:09:53.458+0000][info][gc,phases   ] GC(533)   Evacuate Collection Set: 24.0ms
[2024-08-28T13:09:53.458+0000][info][gc,phases   ] GC(533)   Post Evacuate Collection Set: 0.6ms
[2024-08-28T13:09:53.458+0000][info][gc,phases   ] GC(533)   Other: 0.7ms
[2024-08-28T13:09:53.458+0000][info][gc,heap     ] GC(533) Eden regions: 156->0(104)
[2024-08-28T13:09:53.458+0000][info][gc,heap     ] GC(533) Survivor regions: 31->24(24)
[2024-08-28T13:09:53.458+0000][info][gc,heap     ] GC(533) Old regions: 1316->1483
[2024-08-28T13:09:53.458+0000][info][gc,heap     ] GC(533) Archive regions: 2->2
[2024-08-28T13:09:53.458+0000][info][gc,heap     ] GC(533) Humongous regions: 5->5
[2024-08-28T13:09:53.458+0000][info][gc,metaspace] GC(533) Metaspace: 100K(320K)->100K(320K) NonClass: 96K(192K)->96K(192K) Class: 4K(128K)->4K(128K)
[2024-08-28T13:09:53.458+0000][info][gc          ] GC(533) Pause Young (Concurrent Start) (G1 Evacuation Pause) 1508M->1512M(2048M) 26.738ms
[2024-08-28T13:09:53.458+0000][info][gc,cpu      ] GC(533) User=1.14s Sys=0.09s Real=0.03s
[2024-08-28T13:09:53.458+0000][info][gc          ] GC(534) Concurrent Mark Cycle
[2024-08-28T13:09:53.458+0000][info][gc,marking  ] GC(534) Concurrent Clear Claimed Marks
[2024-08-28T13:09:53.458+0000][info][gc,marking  ] GC(534) Concurrent Clear Claimed Marks 0.010ms
[2024-08-28T13:09:53.458+0000][info][gc,marking  ] GC(534) Concurrent Scan Root Regions
[2024-08-28T13:09:53.463+0000][info][gc,marking  ] GC(534) Concurrent Scan Root Regions 4.873ms
[2024-08-28T13:09:53.463+0000][info][gc,marking  ] GC(534) Concurrent Mark
[2024-08-28T13:09:53.463+0000][info][gc,marking  ] GC(534) Concurrent Mark From Roots
[2024-08-28T13:09:53.463+0000][info][gc,task     ] GC(534) Using 17 workers of 17 for marking
[2024-08-28T13:09:53.482+0000][info][gc,marking  ] GC(534) Concurrent Mark From Roots 18.391ms
[2024-08-28T13:09:53.482+0000][info][gc,marking  ] GC(534) Concurrent Preclean
[2024-08-28T13:09:53.483+0000][info][gc,marking  ] GC(534) Concurrent Preclean 1.272ms
[2024-08-28T13:09:53.483+0000][info][gc,start    ] GC(534) Pause Remark
[2024-08-28T13:09:53.485+0000][info][gc          ] GC(534) Pause Remark 1539M->1389M(2048M) 1.940ms
[2024-08-28T13:09:53.485+0000][info][gc,cpu      ] GC(534) User=0.02s Sys=0.00s Real=0.00s
[2024-08-28T13:09:53.485+0000][info][gc,marking  ] GC(534) Concurrent Mark 22.088ms
[2024-08-28T13:09:53.485+0000][info][gc,marking  ] GC(534) Concurrent Rebuild Remembered Sets
[2024-08-28T13:09:53.531+0000][info][gc,marking  ] GC(534) Concurrent Rebuild Remembered Sets 45.278ms
[2024-08-28T13:09:53.531+0000][info][gc,start    ] GC(534) Pause Cleanup
[2024-08-28T13:09:53.534+0000][info][gc          ] GC(534) Pause Cleanup 1466M->1466M(2048M) 3.210ms
[2024-08-28T13:09:53.534+0000][info][gc,cpu      ] GC(534) User=0.01s Sys=0.00s Real=0.00s
[2024-08-28T13:09:53.534+0000][info][gc,marking  ] GC(534) Concurrent Cleanup for Next Mark
[2024-08-28T13:09:53.535+0000][info][gc,start    ] GC(535) Pause Young (Prepare Mixed) (G1 Evacuation Pause)
[2024-08-28T13:09:53.535+0000][info][gc,task     ] GC(535) Using 49 workers of 68 for evacuation
[2024-08-28T13:09:53.552+0000][info][gc,phases   ] GC(535)   Pre Evacuate Collection Set: 0.4ms
[2024-08-28T13:09:53.552+0000][info][gc,phases   ] GC(535)   Merge Heap Roots: 0.5ms
[2024-08-28T13:09:53.552+0000][info][gc,phases   ] GC(535)   Evacuate Collection Set: 15.5ms
[2024-08-28T13:09:53.552+0000][info][gc,phases   ] GC(535)   Post Evacuate Collection Set: 0.5ms
[2024-08-28T13:09:53.552+0000][info][gc,phases   ] GC(535)   Other: 0.1ms
[2024-08-28T13:09:53.552+0000][info][gc,heap     ] GC(535) Eden regions: 104->0(86)
[2024-08-28T13:09:53.552+0000][info][gc,heap     ] GC(535) Survivor regions: 24->16(16)
[2024-08-28T13:09:53.552+0000][info][gc,heap     ] GC(535) Old regions: 1333->1453
[2024-08-28T13:09:53.552+0000][info][gc,heap     ] GC(535) Archive regions: 2->2
[2024-08-28T13:09:53.552+0000][info][gc,heap     ] GC(535) Humongous regions: 5->5
[2024-08-28T13:09:53.552+0000][info][gc,metaspace] GC(535) Metaspace: 100K(320K)->100K(320K) NonClass: 96K(192K)->96K(192K) Class: 4K(128K)->4K(128K)
[2024-08-28T13:09:53.552+0000][info][gc          ] GC(535) Pause Young (Prepare Mixed) (G1 Evacuation Pause) 1466M->1474M(2048M) 17.165ms
[2024-08-28T13:09:53.552+0000][info][gc,cpu      ] GC(535) User=0.76s Sys=0.01s Real=0.02s
[2024-08-28T13:09:53.553+0000][info][gc,marking  ] GC(534) Concurrent Cleanup for Next Mark 18.724ms
[2024-08-28T13:09:53.553+0000][info][gc          ] GC(534) Concurrent Mark Cycle 94.860ms
[2024-08-28T13:09:53.606+0000][info][gc,start    ] GC(536) Pause Young (Mixed) (G1 Evacuation Pause)
[2024-08-28T13:09:53.606+0000][info][gc,task     ] GC(536) Using 49 workers of 68 for evacuation
[2024-08-28T13:09:53.622+0000][info][gc,phases   ] GC(536)   Pre Evacuate Collection Set: 0.4ms
[2024-08-28T13:09:53.622+0000][info][gc,phases   ] GC(536)   Merge Heap Roots: 0.6ms
[2024-08-28T13:09:53.622+0000][info][gc,phases   ] GC(536)   Evacuate Collection Set: 13.9ms
[2024-08-28T13:09:53.622+0000][info][gc,phases   ] GC(536)   Post Evacuate Collection Set: 0.6ms
[2024-08-28T13:09:53.622+0000][info][gc,phases   ] GC(536)   Other: 0.2ms
[2024-08-28T13:09:53.622+0000][info][gc,heap     ] GC(536) Eden regions: 86->0(89)
[2024-08-28T13:09:53.622+0000][info][gc,heap     ] GC(536) Survivor regions: 16->13(13)
[2024-08-28T13:09:53.622+0000][info][gc,heap     ] GC(536) Old regions: 1453->1345
[2024-08-28T13:09:53.622+0000][info][gc,heap     ] GC(536) Archive regions: 2->2
[2024-08-28T13:09:53.622+0000][info][gc,heap     ] GC(536) Humongous regions: 5->5
[2024-08-28T13:09:53.622+0000][info][gc,metaspace] GC(536) Metaspace: 100K(320K)->100K(320K) NonClass: 96K(192K)->96K(192K) Class: 4K(128K)->4K(128K)
[2024-08-28T13:09:53.622+0000][info][gc          ] GC(536) Pause Young (Mixed) (G1 Evacuation Pause) 1560M->1363M(2048M) 15.743ms
[2024-08-28T13:09:53.622+0000][info][gc,cpu      ] GC(536) User=0.69s Sys=0.01s Real=0.02s
[2024-08-28T13:09:53.676+0000][info][gc,start    ] GC(537) Pause Young (Mixed) (G1 Evacuation Pause)
[2024-08-28T13:09:53.676+0000][info][gc,task     ] GC(537) Using 49 workers of 68 for evacuation
[2024-08-28T13:09:53.692+0000][info][gc,phases   ] GC(537)   Pre Evacuate Collection Set: 0.5ms
[2024-08-28T13:09:53.692+0000][info][gc,phases   ] GC(537)   Merge Heap Roots: 0.5ms
[2024-08-28T13:09:53.692+0000][info][gc,phases   ] GC(537)   Evacuate Collection Set: 13.4ms
[2024-08-28T13:09:53.692+0000][info][gc,phases   ] GC(537)   Post Evacuate Collection Set: 0.6ms
[2024-08-28T13:09:53.692+0000][info][gc,phases   ] GC(537)   Other: 0.3ms
[2024-08-28T13:09:53.692+0000][info][gc,heap     ] GC(537) Eden regions: 89->0(89)
[2024-08-28T13:09:53.692+0000][info][gc,heap     ] GC(537) Survivor regions: 13->13(13)
[2024-08-28T13:09:53.692+0000][info][gc,heap     ] GC(537) Old regions: 1345->1233
[2024-08-28T13:09:53.692+0000][info][gc,heap     ] GC(537) Archive regions: 2->2
[2024-08-28T13:09:53.692+0000][info][gc,heap     ] GC(537) Humongous regions: 5->5
[2024-08-28T13:09:53.692+0000][info][gc,metaspace] GC(537) Metaspace: 100K(320K)->100K(320K) NonClass: 96K(192K)->96K(192K) Class: 4K(128K)->4K(128K)
[2024-08-28T13:09:53.692+0000][info][gc          ] GC(537) Pause Young (Mixed) (G1 Evacuation Pause) 1452M->1251M(2048M) 15.388ms
[2024-08-28T13:09:53.692+0000][info][gc,cpu      ] GC(537) User=0.62s Sys=0.05s Real=0.02s
[2024-08-28T13:09:53.747+0000][info][gc,start    ] GC(538) Pause Young (Mixed) (G1 Evacuation Pause)
[2024-08-28T13:09:53.747+0000][info][gc,task     ] GC(538) Using 49 workers of 68 for evacuation
[2024-08-28T13:09:53.761+0000][info][gc,phases   ] GC(538)   Pre Evacuate Collection Set: 0.4ms
[2024-08-28T13:09:53.761+0000][info][gc,phases   ] GC(538)   Merge Heap Roots: 0.5ms
[2024-08-28T13:09:53.761+0000][info][gc,phases   ] GC(538)   Evacuate Collection Set: 13.0ms
[2024-08-28T13:09:53.761+0000][info][gc,phases   ] GC(538)   Post Evacuate Collection Set: 0.6ms
[2024-08-28T13:09:53.761+0000][info][gc,phases   ] GC(538)   Other: 0.2ms
[2024-08-28T13:09:53.761+0000][info][gc,heap     ] GC(538) Eden regions: 89->0(89)
[2024-08-28T13:09:53.761+0000][info][gc,heap     ] GC(538) Survivor regions: 13->13(13)
[2024-08-28T13:09:53.761+0000][info][gc,heap     ] GC(538) Old regions: 1233->1122
[2024-08-28T13:09:53.761+0000][info][gc,heap     ] GC(538) Archive regions: 2->2
[2024-08-28T13:09:53.762+0000][info][gc,heap     ] GC(538) Humongous regions: 5->5
[2024-08-28T13:09:53.762+0000][info][gc,metaspace] GC(538) Metaspace: 100K(320K)->100K(320K) NonClass: 96K(192K)->96K(192K) Class: 4K(128K)->4K(128K)
[2024-08-28T13:09:53.762+0000][info][gc          ] GC(538) Pause Young (Mixed) (G1 Evacuation Pause) 1340M->1140M(2048M) 14.769ms
[2024-08-28T13:09:53.762+0000][info][gc,cpu      ] GC(538) User=0.63s Sys=0.02s Real=0.02s
[2024-08-28T13:09:53.816+0000][info][gc,start    ] GC(539) Pause Young (Mixed) (G1 Evacuation Pause)
[2024-08-28T13:09:53.816+0000][info][gc,task     ] GC(539) Using 49 workers of 68 for evacuation
[2024-08-28T13:09:53.831+0000][info][gc,phases   ] GC(539)   Pre Evacuate Collection Set: 0.3ms
[2024-08-28T13:09:53.831+0000][info][gc,phases   ] GC(539)   Merge Heap Roots: 0.5ms
[2024-08-28T13:09:53.831+0000][info][gc,phases   ] GC(539)   Evacuate Collection Set: 13.1ms
[2024-08-28T13:09:53.831+0000][info][gc,phases   ] GC(539)   Post Evacuate Collection Set: 0.6ms
[2024-08-28T13:09:53.831+0000][info][gc,phases   ] GC(539)   Other: 0.2ms
[2024-08-28T13:09:53.831+0000][info][gc,heap     ] GC(539) Eden regions: 89->0(220)
[2024-08-28T13:09:53.831+0000][info][gc,heap     ] GC(539) Survivor regions: 13->13(13)
[2024-08-28T13:09:53.831+0000][info][gc,heap     ] GC(539) Old regions: 1122->1138
[2024-08-28T13:09:53.831+0000][info][gc,heap     ] GC(539) Archive regions: 2->2
[2024-08-28T13:09:53.831+0000][info][gc,heap     ] GC(539) Humongous regions: 5->5
[2024-08-28T13:09:53.831+0000][info][gc,metaspace] GC(539) Metaspace: 100K(320K)->100K(320K) NonClass: 96K(192K)->96K(192K) Class: 4K(128K)->4K(128K)
[2024-08-28T13:09:53.831+0000][info][gc          ] GC(539) Pause Young (Mixed) (G1 Evacuation Pause) 1229M->1156M(2048M) 14.776ms
[2024-08-28T13:09:53.831+0000][info][gc,cpu      ] GC(539) User=0.66s Sys=0.00s Real=0.02s
[2024-08-28T13:09:53.949+0000][info][gc,start    ] GC(540) Pause Young (Normal) (G1 Evacuation Pause)
[2024-08-28T13:09:53.949+0000][info][gc,task     ] GC(540) Using 49 workers of 68 for evacuation
[2024-08-28T13:09:53.977+0000][info][gc,phases   ] GC(540)   Pre Evacuate Collection Set: 0.3ms
[2024-08-28T13:09:53.977+0000][info][gc,phases   ] GC(540)   Merge Heap Roots: 0.8ms
[2024-08-28T13:09:53.977+0000][info][gc,phases   ] GC(540)   Evacuate Collection Set: 26.2ms
[2024-08-28T13:09:53.977+0000][info][gc,phases   ] GC(540)   Post Evacuate Collection Set: 0.6ms
[2024-08-28T13:09:53.977+0000][info][gc,phases   ] GC(540)   Other: 0.2ms
[2024-08-28T13:09:53.977+0000][info][gc,heap     ] GC(540) Eden regions: 220->0(150)
[2024-08-28T13:09:53.977+0000][info][gc,heap     ] GC(540) Survivor regions: 13->30(30)
[2024-08-28T13:09:53.977+0000][info][gc,heap     ] GC(540) Old regions: 1138->1337
[2024-08-28T13:09:53.977+0000][info][gc,heap     ] GC(540) Archive regions: 2->2
[2024-08-28T13:09:53.977+0000][info][gc,heap     ] GC(540) Humongous regions: 5->5
[2024-08-28T13:09:53.977+0000][info][gc,metaspace] GC(540) Metaspace: 100K(320K)->100K(320K) NonClass: 96K(192K)->96K(192K) Class: 4K(128K)->4K(128K)
[2024-08-28T13:09:53.977+0000][info][gc          ] GC(540) Pause Young (Normal) (G1 Evacuation Pause) 1376M->1372M(2048M) 28.165ms
[2024-08-28T13:09:53.977+0000][info][gc,cpu      ] GC(540) User=1.29s Sys=0.01s Real=0.03s
[2024-08-28T13:09:54.061+0000][info][gc,start    ] GC(541) Pause Young (Concurrent Start) (G1 Evacuation Pause)
[2024-08-28T13:09:54.061+0000][info][gc,task     ] GC(541) Using 49 workers of 68 for evacuation
[2024-08-28T13:09:54.087+0000][info][gc,phases   ] GC(541)   Pre Evacuate Collection Set: 0.3ms
[2024-08-28T13:09:54.087+0000][info][gc,phases   ] GC(541)   Merge Heap Roots: 1.0ms
[2024-08-28T13:09:54.087+0000][info][gc,phases   ] GC(541)   Evacuate Collection Set: 22.9ms
[2024-08-28T13:09:54.087+0000][info][gc,phases   ] GC(541)   Post Evacuate Collection Set: 0.6ms
[2024-08-28T13:09:54.087+0000][info][gc,phases   ] GC(541)   Other: 0.8ms
[2024-08-28T13:09:54.087+0000][info][gc,heap     ] GC(541) Eden regions: 150->0(100)
[2024-08-28T13:09:54.087+0000][info][gc,heap     ] GC(541) Survivor regions: 30->23(23)
[2024-08-28T13:09:54.087+0000][info][gc,heap     ] GC(541) Old regions: 1337->1499
[2024-08-28T13:09:54.087+0000][info][gc,heap     ] GC(541) Archive regions: 2->2
[2024-08-28T13:09:54.087+0000][info][gc,heap     ] GC(541) Humongous regions: 5->5
[2024-08-28T13:09:54.087+0000][info][gc,metaspace] GC(541) Metaspace: 100K(320K)->100K(320K) NonClass: 96K(192K)->96K(192K) Class: 4K(128K)->4K(128K)
[2024-08-28T13:09:54.087+0000][info][gc          ] GC(541) Pause Young (Concurrent Start) (G1 Evacuation Pause) 1522M->1527M(2048M) 25.762ms
[2024-08-28T13:09:54.087+0000][info][gc,cpu      ] GC(541) User=1.16s Sys=0.00s Real=0.02s
[2024-08-28T13:09:54.087+0000][info][gc          ] GC(542) Concurrent Mark Cycle
[2024-08-28T13:09:54.087+0000][info][gc,marking  ] GC(542) Concurrent Clear Claimed Marks
[2024-08-28T13:09:54.087+0000][info][gc,marking  ] GC(542) Concurrent Clear Claimed Marks 0.011ms
[2024-08-28T13:09:54.087+0000][info][gc,marking  ] GC(542) Concurrent Scan Root Regions
[2024-08-28T13:09:54.092+0000][info][gc,marking  ] GC(542) Concurrent Scan Root Regions 4.817ms
[2024-08-28T13:09:54.092+0000][info][gc,marking  ] GC(542) Concurrent Mark
[2024-08-28T13:09:54.092+0000][info][gc,marking  ] GC(542) Concurrent Mark From Roots
[2024-08-28T13:09:54.092+0000][info][gc,task     ] GC(542) Using 17 workers of 17 for marking
[2024-08-28T13:09:54.110+0000][info][gc,marking  ] GC(542) Concurrent Mark From Roots 18.406ms
[2024-08-28T13:09:54.110+0000][info][gc,marking  ] GC(542) Concurrent Preclean
[2024-08-28T13:09:54.111+0000][info][gc,marking  ] GC(542) Concurrent Preclean 0.501ms
[2024-08-28T13:09:54.111+0000][info][gc,start    ] GC(542) Pause Remark
[2024-08-28T13:09:54.113+0000][info][gc          ] GC(542) Pause Remark 1556M->1384M(2048M) 1.745ms
[2024-08-28T13:09:54.113+0000][info][gc,cpu      ] GC(542) User=0.02s Sys=0.00s Real=0.00s
[2024-08-28T13:09:54.113+0000][info][gc,marking  ] GC(542) Concurrent Mark 21.145ms
[2024-08-28T13:09:54.113+0000][info][gc,marking  ] GC(542) Concurrent Rebuild Remembered Sets
[2024-08-28T13:09:54.152+0000][info][gc,start    ] GC(543) Pause Young (Normal) (G1 Evacuation Pause)
[2024-08-28T13:09:54.152+0000][info][gc,task     ] GC(543) Using 49 workers of 68 for evacuation
[2024-08-28T13:09:54.170+0000][info][gc,phases   ] GC(543)   Pre Evacuate Collection Set: 0.4ms
[2024-08-28T13:09:54.170+0000][info][gc,phases   ] GC(543)   Merge Heap Roots: 0.5ms
[2024-08-28T13:09:54.170+0000][info][gc,phases   ] GC(543)   Evacuate Collection Set: 16.3ms
[2024-08-28T13:09:54.170+0000][info][gc,phases   ] GC(543)   Post Evacuate Collection Set: 0.9ms
[2024-08-28T13:09:54.170+0000][info][gc,phases   ] GC(543)   Other: 0.2ms
[2024-08-28T13:09:54.170+0000][info][gc,heap     ] GC(543) Eden regions: 100->0(120)
[2024-08-28T13:09:54.170+0000][info][gc,heap     ] GC(543) Survivor regions: 23->16(16)
[2024-08-28T13:09:54.170+0000][info][gc,heap     ] GC(543) Old regions: 1327->1442
[2024-08-28T13:09:54.170+0000][info][gc,heap     ] GC(543) Archive regions: 2->2
[2024-08-28T13:09:54.170+0000][info][gc,heap     ] GC(543) Humongous regions: 5->5
[2024-08-28T13:09:54.170+0000][info][gc,metaspace] GC(543) Metaspace: 100K(320K)->100K(320K) NonClass: 96K(192K)->96K(192K) Class: 4K(128K)->4K(128K)
[2024-08-28T13:09:54.170+0000][info][gc          ] GC(543) Pause Young (Normal) (G1 Evacuation Pause) 1455M->1463M(2048M) 18.381ms
[2024-08-28T13:09:54.170+0000][info][gc,cpu      ] GC(543) User=0.83s Sys=0.00s Real=0.02s
[2024-08-28T13:09:54.177+0000][info][gc,marking  ] GC(542) Concurrent Rebuild Remembered Sets 64.110ms
[2024-08-28T13:09:54.177+0000][info][gc,start    ] GC(542) Pause Cleanup
[2024-08-28T13:09:54.181+0000][info][gc          ] GC(542) Pause Cleanup 1474M->1474M(2048M) 3.213ms
[2024-08-28T13:09:54.181+0000][info][gc,cpu      ] GC(542) User=0.01s Sys=0.00s Real=0.01s
[2024-08-28T13:09:54.181+0000][info][gc,marking  ] GC(542) Concurrent Cleanup for Next Mark
[2024-08-28T13:09:54.182+0000][info][gc,marking  ] GC(542) Concurrent Cleanup for Next Mark 1.360ms
[2024-08-28T13:09:54.182+0000][info][gc          ] GC(542) Concurrent Mark Cycle 95.308ms
[2024-08-28T13:09:54.244+0000][info][gc,start    ] GC(544) Pause Young (Prepare Mixed) (G1 Evacuation Pause)
[2024-08-28T13:09:54.244+0000][info][gc,task     ] GC(544) Using 49 workers of 68 for evacuation
[2024-08-28T13:09:54.268+0000][info][gc,phases   ] GC(544)   Pre Evacuate Collection Set: 0.3ms
[2024-08-28T13:09:54.268+0000][info][gc,phases   ] GC(544)   Merge Heap Roots: 0.9ms
[2024-08-28T13:09:54.268+0000][info][gc,phases   ] GC(544)   Evacuate Collection Set: 22.2ms
[2024-08-28T13:09:54.268+0000][info][gc,phases   ] GC(544)   Post Evacuate Collection Set: 0.5ms
[2024-08-28T13:09:54.268+0000][info][gc,phases   ] GC(544)   Other: 0.2ms
[2024-08-28T13:09:54.268+0000][info][gc,heap     ] GC(544) Eden regions: 120->0(85)
[2024-08-28T13:09:54.268+0000][info][gc,heap     ] GC(544) Survivor regions: 16->17(17)
[2024-08-28T13:09:54.268+0000][info][gc,heap     ] GC(544) Old regions: 1442->1568
[2024-08-28T13:09:54.268+0000][info][gc,heap     ] GC(544) Archive regions: 2->2
[2024-08-28T13:09:54.268+0000][info][gc,heap     ] GC(544) Humongous regions: 5->5
[2024-08-28T13:09:54.268+0000][info][gc,metaspace] GC(544) Metaspace: 100K(320K)->100K(320K) NonClass: 96K(192K)->96K(192K) Class: 4K(128K)->4K(128K)
[2024-08-28T13:09:54.268+0000][info][gc          ] GC(544) Pause Young (Prepare Mixed) (G1 Evacuation Pause) 1583M->1590M(2048M) 24.245ms
[2024-08-28T13:09:54.268+0000][info][gc,cpu      ] GC(544) User=1.12s Sys=0.00s Real=0.02s
[2024-08-28T13:09:54.316+0000][info][gc,start    ] GC(545) Pause Young (Mixed) (G1 Evacuation Pause)
[2024-08-28T13:09:54.316+0000][info][gc,task     ] GC(545) Using 49 workers of 68 for evacuation
[2024-08-28T13:09:54.331+0000][info][gc,phases   ] GC(545)   Pre Evacuate Collection Set: 0.4ms
[2024-08-28T13:09:54.332+0000][info][gc,phases   ] GC(545)   Merge Heap Roots: 0.8ms
[2024-08-28T13:09:54.332+0000][info][gc,phases   ] GC(545)   Evacuate Collection Set: 13.6ms
[2024-08-28T13:09:54.332+0000][info][gc,phases   ] GC(545)   Post Evacuate Collection Set: 0.6ms
[2024-08-28T13:09:54.332+0000][info][gc,phases   ] GC(545)   Other: 0.2ms
[2024-08-28T13:09:54.332+0000][info][gc,heap     ] GC(545) Eden regions: 85->0(89)
[2024-08-28T13:09:54.332+0000][info][gc,heap     ] GC(545) Survivor regions: 17->13(13)
[2024-08-28T13:09:54.332+0000][info][gc,heap     ] GC(545) Old regions: 1568->1459
[2024-08-28T13:09:54.332+0000][info][gc,heap     ] GC(545) Archive regions: 2->2
[2024-08-28T13:09:54.332+0000][info][gc,heap     ] GC(545) Humongous regions: 5->5
[2024-08-28T13:09:54.332+0000][info][gc,metaspace] GC(545) Metaspace: 100K(320K)->100K(320K) NonClass: 96K(192K)->96K(192K) Class: 4K(128K)->4K(128K)
[2024-08-28T13:09:54.332+0000][info][gc          ] GC(545) Pause Young (Mixed) (G1 Evacuation Pause) 1675M->1477M(2048M) 15.746ms
[2024-08-28T13:09:54.332+0000][info][gc,cpu      ] GC(545) User=0.71s Sys=0.00s Real=0.02s
[2024-08-28T13:09:54.381+0000][info][gc,start    ] GC(546) Pause Young (Mixed) (G1 Evacuation Pause)
[2024-08-28T13:09:54.381+0000][info][gc,task     ] GC(546) Using 49 workers of 68 for evacuation
[2024-08-28T13:09:54.396+0000][info][gc,phases   ] GC(546)   Pre Evacuate Collection Set: 0.4ms
[2024-08-28T13:09:54.396+0000][info][gc,phases   ] GC(546)   Merge Heap Roots: 0.5ms
[2024-08-28T13:09:54.396+0000][info][gc,phases   ] GC(546)   Evacuate Collection Set: 13.5ms
[2024-08-28T13:09:54.396+0000][info][gc,phases   ] GC(546)   Post Evacuate Collection Set: 0.6ms
[2024-08-28T13:09:54.396+0000][info][gc,phases   ] GC(546)   Other: 0.2ms
[2024-08-28T13:09:54.396+0000][info][gc,heap     ] GC(546) Eden regions: 89->0(89)
[2024-08-28T13:09:54.396+0000][info][gc,heap     ] GC(546) Survivor regions: 13->13(13)
[2024-08-28T13:09:54.396+0000][info][gc,heap     ] GC(546) Old regions: 1459->1348
[2024-08-28T13:09:54.396+0000][info][gc,heap     ] GC(546) Archive regions: 2->2
[2024-08-28T13:09:54.396+0000][info][gc,heap     ] GC(546) Humongous regions: 5->5
[2024-08-28T13:09:54.396+0000][info][gc,metaspace] GC(546) Metaspace: 100K(320K)->100K(320K) NonClass: 96K(192K)->96K(192K) Class: 4K(128K)->4K(128K)
[2024-08-28T13:09:54.396+0000][info][gc          ] GC(546) Pause Young (Mixed) (G1 Evacuation Pause) 1566M->1366M(2048M) 15.314ms
[2024-08-28T13:09:54.396+0000][info][gc,cpu      ] GC(546) User=0.64s Sys=0.00s Real=0.01s
[2024-08-28T13:09:54.450+0000][info][gc,start    ] GC(547) Pause Young (Mixed) (G1 Evacuation Pause)
[2024-08-28T13:09:54.450+0000][info][gc,task     ] GC(547) Using 49 workers of 68 for evacuation
[2024-08-28T13:09:54.465+0000][info][gc,phases   ] GC(547)   Pre Evacuate Collection Set: 0.4ms
[2024-08-28T13:09:54.465+0000][info][gc,phases   ] GC(547)   Merge Heap Roots: 0.9ms
[2024-08-28T13:09:54.465+0000][info][gc,phases   ] GC(547)   Evacuate Collection Set: 12.9ms
[2024-08-28T13:09:54.465+0000][info][gc,phases   ] GC(547)   Post Evacuate Collection Set: 0.6ms
[2024-08-28T13:09:54.465+0000][info][gc,phases   ] GC(547)   Other: 0.2ms
[2024-08-28T13:09:54.465+0000][info][gc,heap     ] GC(547) Eden regions: 89->0(89)
[2024-08-28T13:09:54.465+0000][info][gc,heap     ] GC(547) Survivor regions: 13->13(13)
[2024-08-28T13:09:54.465+0000][info][gc,heap     ] GC(547) Old regions: 1348->1237
[2024-08-28T13:09:54.465+0000][info][gc,heap     ] GC(547) Archive regions: 2->2
[2024-08-28T13:09:54.465+0000][info][gc,heap     ] GC(547) Humongous regions: 5->5
[2024-08-28T13:09:54.465+0000][info][gc,metaspace] GC(547) Metaspace: 100K(320K)->100K(320K) NonClass: 96K(192K)->96K(192K) Class: 4K(128K)->4K(128K)
[2024-08-28T13:09:54.465+0000][info][gc          ] GC(547) Pause Young (Mixed) (G1 Evacuation Pause) 1455M->1255M(2048M) 15.081ms
[2024-08-28T13:09:54.466+0000][info][gc,cpu      ] GC(547) User=0.67s Sys=0.01s Real=0.01s
[2024-08-28T13:09:54.520+0000][info][gc,start    ] GC(548) Pause Young (Mixed) (G1 Evacuation Pause)
[2024-08-28T13:09:54.520+0000][info][gc,task     ] GC(548) Using 49 workers of 68 for evacuation
[2024-08-28T13:09:54.535+0000][info][gc,phases   ] GC(548)   Pre Evacuate Collection Set: 0.4ms
[2024-08-28T13:09:54.535+0000][info][gc,phases   ] GC(548)   Merge Heap Roots: 0.5ms
[2024-08-28T13:09:54.535+0000][info][gc,phases   ] GC(548)   Evacuate Collection Set: 13.4ms
[2024-08-28T13:09:54.535+0000][info][gc,phases   ] GC(548)   Post Evacuate Collection Set: 0.6ms
[2024-08-28T13:09:54.535+0000][info][gc,phases   ] GC(548)   Other: 0.3ms
[2024-08-28T13:09:54.535+0000][info][gc,heap     ] GC(548) Eden regions: 89->0(184)
[2024-08-28T13:09:54.535+0000][info][gc,heap     ] GC(548) Survivor regions: 13->13(13)
[2024-08-28T13:09:54.535+0000][info][gc,heap     ] GC(548) Old regions: 1237->1248
[2024-08-28T13:09:54.535+0000][info][gc,heap     ] GC(548) Archive regions: 2->2
[2024-08-28T13:09:54.535+0000][info][gc,heap     ] GC(548) Humongous regions: 5->5
[2024-08-28T13:09:54.535+0000][info][gc,metaspace] GC(548) Metaspace: 100K(320K)->100K(320K) NonClass: 96K(192K)->96K(192K) Class: 4K(128K)->4K(128K)
[2024-08-28T13:09:54.535+0000][info][gc          ] GC(548) Pause Young (Mixed) (G1 Evacuation Pause) 1344M->1266M(2048M) 15.321ms
[2024-08-28T13:09:54.535+0000][info][gc,cpu      ] GC(548) User=0.67s Sys=0.00s Real=0.01s
[2024-08-28T13:09:54.628+0000][info][gc,heap,exit] Heap
[2024-08-28T13:09:54.628+0000][info][gc,heap,exit]  garbage-first heap   total 2097152K, used 1426093K [0x0000000080000000, 0x0000000100000000)
[2024-08-28T13:09:54.628+0000][info][gc,heap,exit]   region size 1024K, 139 young (142336K), 13 survivors (13312K)
[2024-08-28T13:09:54.628+0000][info][gc,heap,exit]  Metaspace       used 207K, committed 384K, reserved 1114112K
[2024-08-28T13:09:54.628+0000][info][gc,heap,exit]   class space    used 7K, committed 128K, reserved 1048576K
