[2024-08-28T13:05:51.974+0000][info][gc] Using G1
[2024-08-28T13:05:51.991+0000][info][gc,init] Version: 17.0.7+7-Ubuntu-0ubuntu118.04 (release)
[2024-08-28T13:05:51.991+0000][info][gc,init] CPUs: 104 total, 104 available
[2024-08-28T13:05:51.991+0000][info][gc,init] Memory: 251G
[2024-08-28T13:05:51.991+0000][info][gc,init] Large Page Support: Disabled
[2024-08-28T13:05:51.991+0000][info][gc,init] NUMA Support: Disabled
[2024-08-28T13:05:51.991+0000][info][gc,init] Compressed Oops: Enabled (32-bit)
[2024-08-28T13:05:51.991+0000][info][gc,init] Heap Region Size: 1M
[2024-08-28T13:05:51.991+0000][info][gc,init] Heap Min Capacity: 8M
[2024-08-28T13:05:51.991+0000][info][gc,init] Heap Initial Capacity: 1G
[2024-08-28T13:05:51.991+0000][info][gc,init] Heap Max Capacity: 1G
[2024-08-28T13:05:51.991+0000][info][gc,init] Pre-touch: Disabled
[2024-08-28T13:05:51.991+0000][info][gc,init] Parallel Workers: 68
[2024-08-28T13:05:51.991+0000][info][gc,init] Concurrent Workers: 17
[2024-08-28T13:05:51.991+0000][info][gc,init] Concurrent Refinement Workers: 68
[2024-08-28T13:05:51.991+0000][info][gc,init] Periodic GC: Disabled
[2024-08-28T13:05:51.991+0000][info][gc,metaspace] CDS archive(s) mapped at: [0x0000000800000000-0x0000000800be2000-0x0000000800be2000), size 12460032, SharedBaseAddress: 0x0000000800000000, ArchiveRelocationMode: 0.
[2024-08-28T13:05:51.991+0000][info][gc,metaspace] Compressed class space mapped at: 0x0000000801000000-0x0000000841000000, reserved size: 1073741824
[2024-08-28T13:05:51.991+0000][info][gc,metaspace] Narrow klass base: 0x0000000800000000, Narrow klass shift: 0, Narrow klass range: 0x100000000
[2024-08-28T13:05:52.081+0000][info][gc,start    ] GC(0) Pause Young (Normal) (G1 Evacuation Pause)
[2024-08-28T13:05:52.085+0000][info][gc,task     ] GC(0) Using 24 workers of 68 for evacuation
[2024-08-28T13:05:52.098+0000][info][gc,phases   ] GC(0)   Pre Evacuate Collection Set: 0.4ms
[2024-08-28T13:05:52.098+0000][info][gc,phases   ] GC(0)   Merge Heap Roots: 0.2ms
[2024-08-28T13:05:52.098+0000][info][gc,phases   ] GC(0)   Evacuate Collection Set: 10.9ms
[2024-08-28T13:05:52.098+0000][info][gc,phases   ] GC(0)   Post Evacuate Collection Set: 0.7ms
[2024-08-28T13:05:52.098+0000][info][gc,phases   ] GC(0)   Other: 4.5ms
[2024-08-28T13:05:52.098+0000][info][gc,heap     ] GC(0) Eden regions: 51->0(44)
[2024-08-28T13:05:52.098+0000][info][gc,heap     ] GC(0) Survivor regions: 0->7(7)
[2024-08-28T13:05:52.098+0000][info][gc,heap     ] GC(0) Old regions: 0->44
[2024-08-28T13:05:52.098+0000][info][gc,heap     ] GC(0) Archive regions: 2->2
[2024-08-28T13:05:52.098+0000][info][gc,heap     ] GC(0) Humongous regions: 0->0
[2024-08-28T13:05:52.098+0000][info][gc,metaspace] GC(0) Metaspace: 95K(320K)->95K(320K) NonClass: 91K(192K)->91K(192K) Class: 4K(128K)->4K(128K)
[2024-08-28T13:05:52.098+0000][info][gc          ] GC(0) Pause Young (Normal) (G1 Evacuation Pause) 51M->51M(1024M) 16.777ms
[2024-08-28T13:05:52.098+0000][info][gc,cpu      ] GC(0) User=0.15s Sys=0.13s Real=0.02s
[2024-08-28T13:05:52.123+0000][info][gc,start    ] GC(1) Pause Young (Normal) (G1 Evacuation Pause)
[2024-08-28T13:05:52.123+0000][info][gc,task     ] GC(1) Using 24 workers of 68 for evacuation
[2024-08-28T13:05:52.131+0000][info][gc,phases   ] GC(1)   Pre Evacuate Collection Set: 0.1ms
[2024-08-28T13:05:52.131+0000][info][gc,phases   ] GC(1)   Merge Heap Roots: 0.4ms
[2024-08-28T13:05:52.131+0000][info][gc,phases   ] GC(1)   Evacuate Collection Set: 7.4ms
[2024-08-28T13:05:52.131+0000][info][gc,phases   ] GC(1)   Post Evacuate Collection Set: 0.3ms
[2024-08-28T13:05:52.131+0000][info][gc,phases   ] GC(1)   Other: 0.2ms
[2024-08-28T13:05:52.131+0000][info][gc,heap     ] GC(1) Eden regions: 44->0(44)
[2024-08-28T13:05:52.131+0000][info][gc,heap     ] GC(1) Survivor regions: 7->7(7)
[2024-08-28T13:05:52.131+0000][info][gc,heap     ] GC(1) Old regions: 44->91
[2024-08-28T13:05:52.131+0000][info][gc,heap     ] GC(1) Archive regions: 2->2
[2024-08-28T13:05:52.131+0000][info][gc,heap     ] GC(1) Humongous regions: 1->1
[2024-08-28T13:05:52.131+0000][info][gc,metaspace] GC(1) Metaspace: 97K(320K)->97K(320K) NonClass: 93K(192K)->93K(192K) Class: 4K(128K)->4K(128K)
[2024-08-28T13:05:52.131+0000][info][gc          ] GC(1) Pause Young (Normal) (G1 Evacuation Pause) 96M->99M(1024M) 8.550ms
[2024-08-28T13:05:52.131+0000][info][gc,cpu      ] GC(1) User=0.12s Sys=0.06s Real=0.01s
[2024-08-28T13:05:52.160+0000][info][gc,start    ] GC(2) Pause Young (Normal) (G1 Evacuation Pause)
[2024-08-28T13:05:52.160+0000][info][gc,task     ] GC(2) Using 24 workers of 68 for evacuation
[2024-08-28T13:05:52.169+0000][info][gc,phases   ] GC(2)   Pre Evacuate Collection Set: 0.2ms
[2024-08-28T13:05:52.169+0000][info][gc,phases   ] GC(2)   Merge Heap Roots: 0.1ms
[2024-08-28T13:05:52.169+0000][info][gc,phases   ] GC(2)   Evacuate Collection Set: 8.5ms
[2024-08-28T13:05:52.169+0000][info][gc,phases   ] GC(2)   Post Evacuate Collection Set: 0.3ms
[2024-08-28T13:05:52.169+0000][info][gc,phases   ] GC(2)   Other: 0.2ms
[2024-08-28T13:05:52.169+0000][info][gc,heap     ] GC(2) Eden regions: 44->0(44)
[2024-08-28T13:05:52.169+0000][info][gc,heap     ] GC(2) Survivor regions: 7->7(7)
[2024-08-28T13:05:52.169+0000][info][gc,heap     ] GC(2) Old regions: 91->138
[2024-08-28T13:05:52.169+0000][info][gc,heap     ] GC(2) Archive regions: 2->2
[2024-08-28T13:05:52.169+0000][info][gc,heap     ] GC(2) Humongous regions: 3->3
[2024-08-28T13:05:52.169+0000][info][gc,metaspace] GC(2) Metaspace: 97K(320K)->97K(320K) NonClass: 93K(192K)->93K(192K) Class: 4K(128K)->4K(128K)
[2024-08-28T13:05:52.169+0000][info][gc          ] GC(2) Pause Young (Normal) (G1 Evacuation Pause) 145M->148M(1024M) 9.460ms
[2024-08-28T13:05:52.169+0000][info][gc,cpu      ] GC(2) User=0.13s Sys=0.07s Real=0.00s
[2024-08-28T13:05:52.189+0000][info][gc,start    ] GC(3) Pause Young (Normal) (G1 Evacuation Pause)
[2024-08-28T13:05:52.189+0000][info][gc,task     ] GC(3) Using 24 workers of 68 for evacuation
[2024-08-28T13:05:52.198+0000][info][gc,phases   ] GC(3)   Pre Evacuate Collection Set: 0.2ms
[2024-08-28T13:05:52.198+0000][info][gc,phases   ] GC(3)   Merge Heap Roots: 0.1ms
[2024-08-28T13:05:52.198+0000][info][gc,phases   ] GC(3)   Evacuate Collection Set: 8.5ms
[2024-08-28T13:05:52.198+0000][info][gc,phases   ] GC(3)   Post Evacuate Collection Set: 0.3ms
[2024-08-28T13:05:52.198+0000][info][gc,phases   ] GC(3)   Other: 0.2ms
[2024-08-28T13:05:52.198+0000][info][gc,heap     ] GC(3) Eden regions: 44->0(53)
[2024-08-28T13:05:52.198+0000][info][gc,heap     ] GC(3) Survivor regions: 7->7(7)
[2024-08-28T13:05:52.198+0000][info][gc,heap     ] GC(3) Old regions: 138->185
[2024-08-28T13:05:52.198+0000][info][gc,heap     ] GC(3) Archive regions: 2->2
[2024-08-28T13:05:52.198+0000][info][gc,heap     ] GC(3) Humongous regions: 3->3
[2024-08-28T13:05:52.198+0000][info][gc,metaspace] GC(3) Metaspace: 97K(320K)->97K(320K) NonClass: 93K(192K)->93K(192K) Class: 4K(128K)->4K(128K)
[2024-08-28T13:05:52.198+0000][info][gc          ] GC(3) Pause Young (Normal) (G1 Evacuation Pause) 192M->195M(1024M) 9.438ms
[2024-08-28T13:05:52.198+0000][info][gc,cpu      ] GC(3) User=0.15s Sys=0.06s Real=0.02s
[2024-08-28T13:05:52.241+0000][info][gc,start    ] GC(4) Pause Young (Normal) (G1 Evacuation Pause)
[2024-08-28T13:05:52.242+0000][info][gc,task     ] GC(4) Using 24 workers of 68 for evacuation
[2024-08-28T13:05:52.252+0000][info][gc,phases   ] GC(4)   Pre Evacuate Collection Set: 0.2ms
[2024-08-28T13:05:52.252+0000][info][gc,phases   ] GC(4)   Merge Heap Roots: 0.2ms
[2024-08-28T13:05:52.252+0000][info][gc,phases   ] GC(4)   Evacuate Collection Set: 10.0ms
[2024-08-28T13:05:52.252+0000][info][gc,phases   ] GC(4)   Post Evacuate Collection Set: 0.3ms
[2024-08-28T13:05:52.252+0000][info][gc,phases   ] GC(4)   Other: 0.3ms
[2024-08-28T13:05:52.252+0000][info][gc,heap     ] GC(4) Eden regions: 53->0(73)
[2024-08-28T13:05:52.253+0000][info][gc,heap     ] GC(4) Survivor regions: 7->8(8)
[2024-08-28T13:05:52.253+0000][info][gc,heap     ] GC(4) Old regions: 185->240
[2024-08-28T13:05:52.253+0000][info][gc,heap     ] GC(4) Archive regions: 2->2
[2024-08-28T13:05:52.253+0000][info][gc,heap     ] GC(4) Humongous regions: 6->6
[2024-08-28T13:05:52.253+0000][info][gc,metaspace] GC(4) Metaspace: 97K(320K)->97K(320K) NonClass: 93K(192K)->93K(192K) Class: 4K(128K)->4K(128K)
[2024-08-28T13:05:52.253+0000][info][gc          ] GC(4) Pause Young (Normal) (G1 Evacuation Pause) 251M->254M(1024M) 11.103ms
[2024-08-28T13:05:52.253+0000][info][gc,cpu      ] GC(4) User=0.17s Sys=0.07s Real=0.01s
[2024-08-28T13:05:52.287+0000][info][gc,start    ] GC(5) Pause Young (Normal) (G1 Evacuation Pause)
[2024-08-28T13:05:52.287+0000][info][gc,task     ] GC(5) Using 24 workers of 68 for evacuation
[2024-08-28T13:05:52.301+0000][info][gc,phases   ] GC(5)   Pre Evacuate Collection Set: 0.2ms
[2024-08-28T13:05:52.301+0000][info][gc,phases   ] GC(5)   Merge Heap Roots: 0.2ms
[2024-08-28T13:05:52.301+0000][info][gc,phases   ] GC(5)   Evacuate Collection Set: 13.3ms
[2024-08-28T13:05:52.301+0000][info][gc,phases   ] GC(5)   Post Evacuate Collection Set: 0.3ms
[2024-08-28T13:05:52.301+0000][info][gc,phases   ] GC(5)   Other: 0.3ms
[2024-08-28T13:05:52.301+0000][info][gc,heap     ] GC(5) Eden regions: 73->0(95)
[2024-08-28T13:05:52.301+0000][info][gc,heap     ] GC(5) Survivor regions: 8->11(11)
[2024-08-28T13:05:52.301+0000][info][gc,heap     ] GC(5) Old regions: 240->313
[2024-08-28T13:05:52.301+0000][info][gc,heap     ] GC(5) Archive regions: 2->2
[2024-08-28T13:05:52.301+0000][info][gc,heap     ] GC(5) Humongous regions: 6->6
[2024-08-28T13:05:52.301+0000][info][gc,metaspace] GC(5) Metaspace: 97K(320K)->97K(320K) NonClass: 93K(192K)->93K(192K) Class: 4K(128K)->4K(128K)
[2024-08-28T13:05:52.301+0000][info][gc          ] GC(5) Pause Young (Normal) (G1 Evacuation Pause) 327M->330M(1024M) 14.366ms
[2024-08-28T13:05:52.301+0000][info][gc,cpu      ] GC(5) User=0.19s Sys=0.14s Real=0.02s
[2024-08-28T13:05:52.347+0000][info][gc,start    ] GC(6) Pause Young (Normal) (G1 Evacuation Pause)
[2024-08-28T13:05:52.347+0000][info][gc,task     ] GC(6) Using 24 workers of 68 for evacuation
[2024-08-28T13:05:52.363+0000][info][gc,phases   ] GC(6)   Pre Evacuate Collection Set: 0.1ms
[2024-08-28T13:05:52.363+0000][info][gc,phases   ] GC(6)   Merge Heap Roots: 0.2ms
[2024-08-28T13:05:52.363+0000][info][gc,phases   ] GC(6)   Evacuate Collection Set: 15.5ms
[2024-08-28T13:05:52.363+0000][info][gc,phases   ] GC(6)   Post Evacuate Collection Set: 0.3ms
[2024-08-28T13:05:52.363+0000][info][gc,phases   ] GC(6)   Other: 0.2ms
[2024-08-28T13:05:52.363+0000][info][gc,heap     ] GC(6) Eden regions: 95->0(110)
[2024-08-28T13:05:52.363+0000][info][gc,heap     ] GC(6) Survivor regions: 11->14(14)
[2024-08-28T13:05:52.363+0000][info][gc,heap     ] GC(6) Old regions: 313->408
[2024-08-28T13:05:52.363+0000][info][gc,heap     ] GC(6) Archive regions: 2->2
[2024-08-28T13:05:52.363+0000][info][gc,heap     ] GC(6) Humongous regions: 6->6
[2024-08-28T13:05:52.363+0000][info][gc,metaspace] GC(6) Metaspace: 97K(320K)->97K(320K) NonClass: 93K(192K)->93K(192K) Class: 4K(128K)->4K(128K)
[2024-08-28T13:05:52.363+0000][info][gc          ] GC(6) Pause Young (Normal) (G1 Evacuation Pause) 425M->428M(1024M) 16.432ms
[2024-08-28T13:05:52.363+0000][info][gc,cpu      ] GC(6) User=0.25s Sys=0.13s Real=0.02s
[2024-08-28T13:05:52.485+0000][info][gc,start    ] GC(7) Pause Young (Normal) (G1 Evacuation Pause)
[2024-08-28T13:05:52.485+0000][info][gc,task     ] GC(7) Using 24 workers of 68 for evacuation
[2024-08-28T13:05:52.505+0000][info][gc,phases   ] GC(7)   Pre Evacuate Collection Set: 0.2ms
[2024-08-28T13:05:52.505+0000][info][gc,phases   ] GC(7)   Merge Heap Roots: 0.4ms
[2024-08-28T13:05:52.505+0000][info][gc,phases   ] GC(7)   Evacuate Collection Set: 18.6ms
[2024-08-28T13:05:52.505+0000][info][gc,phases   ] GC(7)   Post Evacuate Collection Set: 0.4ms
[2024-08-28T13:05:52.505+0000][info][gc,phases   ] GC(7)   Other: 0.3ms
[2024-08-28T13:05:52.505+0000][info][gc,heap     ] GC(7) Eden regions: 110->0(115)
[2024-08-28T13:05:52.505+0000][info][gc,heap     ] GC(7) Survivor regions: 14->16(16)
[2024-08-28T13:05:52.505+0000][info][gc,heap     ] GC(7) Old regions: 408->519
[2024-08-28T13:05:52.505+0000][info][gc,heap     ] GC(7) Archive regions: 2->2
[2024-08-28T13:05:52.505+0000][info][gc,heap     ] GC(7) Humongous regions: 11->11
[2024-08-28T13:05:52.505+0000][info][gc,metaspace] GC(7) Metaspace: 100K(320K)->100K(320K) NonClass: 96K(192K)->96K(192K) Class: 4K(128K)->4K(128K)
[2024-08-28T13:05:52.505+0000][info][gc          ] GC(7) Pause Young (Normal) (G1 Evacuation Pause) 543M->546M(1024M) 19.873ms
[2024-08-28T13:05:52.505+0000][info][gc,cpu      ] GC(7) User=0.29s Sys=0.18s Real=0.02s
[2024-08-28T13:05:52.603+0000][info][gc,start    ] GC(8) Pause Young (Concurrent Start) (G1 Evacuation Pause)
[2024-08-28T13:05:52.603+0000][info][gc,task     ] GC(8) Using 24 workers of 68 for evacuation
[2024-08-28T13:05:52.624+0000][info][gc,phases   ] GC(8)   Pre Evacuate Collection Set: 0.2ms
[2024-08-28T13:05:52.624+0000][info][gc,phases   ] GC(8)   Merge Heap Roots: 0.3ms
[2024-08-28T13:05:52.624+0000][info][gc,phases   ] GC(8)   Evacuate Collection Set: 18.8ms
[2024-08-28T13:05:52.624+0000][info][gc,phases   ] GC(8)   Post Evacuate Collection Set: 0.4ms
[2024-08-28T13:05:52.624+0000][info][gc,phases   ] GC(8)   Other: 1.1ms
[2024-08-28T13:05:52.624+0000][info][gc,heap     ] GC(8) Eden regions: 115->0(80)
[2024-08-28T13:05:52.624+0000][info][gc,heap     ] GC(8) Survivor regions: 16->17(17)
[2024-08-28T13:05:52.624+0000][info][gc,heap     ] GC(8) Old regions: 519->634
[2024-08-28T13:05:52.624+0000][info][gc,heap     ] GC(8) Archive regions: 2->2
[2024-08-28T13:05:52.624+0000][info][gc,heap     ] GC(8) Humongous regions: 11->11
[2024-08-28T13:05:52.624+0000][info][gc,metaspace] GC(8) Metaspace: 100K(320K)->100K(320K) NonClass: 96K(192K)->96K(192K) Class: 4K(128K)->4K(128K)
[2024-08-28T13:05:52.624+0000][info][gc          ] GC(8) Pause Young (Concurrent Start) (G1 Evacuation Pause) 661M->662M(1024M) 20.877ms
[2024-08-28T13:05:52.624+0000][info][gc,cpu      ] GC(8) User=0.32s Sys=0.17s Real=0.02s
[2024-08-28T13:05:52.624+0000][info][gc          ] GC(9) Concurrent Mark Cycle
[2024-08-28T13:05:52.624+0000][info][gc,marking  ] GC(9) Concurrent Clear Claimed Marks
[2024-08-28T13:05:52.624+0000][info][gc,marking  ] GC(9) Concurrent Clear Claimed Marks 0.014ms
[2024-08-28T13:05:52.624+0000][info][gc,marking  ] GC(9) Concurrent Scan Root Regions
[2024-08-28T13:05:52.633+0000][info][gc,marking  ] GC(9) Concurrent Scan Root Regions 8.832ms
[2024-08-28T13:05:52.633+0000][info][gc,marking  ] GC(9) Concurrent Mark
[2024-08-28T13:05:52.633+0000][info][gc,marking  ] GC(9) Concurrent Mark From Roots
[2024-08-28T13:05:52.633+0000][info][gc,task     ] GC(9) Using 17 workers of 17 for marking
[2024-08-28T13:05:52.654+0000][info][gc,marking  ] GC(9) Concurrent Mark From Roots 21.541ms
[2024-08-28T13:05:52.654+0000][info][gc,marking  ] GC(9) Concurrent Preclean
[2024-08-28T13:05:52.655+0000][info][gc,marking  ] GC(9) Concurrent Preclean 0.694ms
[2024-08-28T13:05:52.655+0000][info][gc,start    ] GC(9) Pause Remark
[2024-08-28T13:05:52.656+0000][info][gc          ] GC(9) Pause Remark 691M->685M(1024M) 1.049ms
[2024-08-28T13:05:52.656+0000][info][gc,cpu      ] GC(9) User=0.01s Sys=0.00s Real=0.00s
[2024-08-28T13:05:52.656+0000][info][gc,marking  ] GC(9) Concurrent Mark 23.705ms
[2024-08-28T13:05:52.656+0000][info][gc,marking  ] GC(9) Concurrent Rebuild Remembered Sets
[2024-08-28T13:05:52.691+0000][info][gc,start    ] GC(10) Pause Young (Normal) (G1 Evacuation Pause)
[2024-08-28T13:05:52.691+0000][info][gc,task     ] GC(10) Using 24 workers of 68 for evacuation
[2024-08-28T13:05:52.706+0000][info][gc,phases   ] GC(10)   Pre Evacuate Collection Set: 0.1ms
[2024-08-28T13:05:52.706+0000][info][gc,phases   ] GC(10)   Merge Heap Roots: 0.3ms
[2024-08-28T13:05:52.706+0000][info][gc,phases   ] GC(10)   Evacuate Collection Set: 13.7ms
[2024-08-28T13:05:52.706+0000][info][gc,phases   ] GC(10)   Post Evacuate Collection Set: 0.5ms
[2024-08-28T13:05:52.706+0000][info][gc,phases   ] GC(10)   Other: 0.2ms
[2024-08-28T13:05:52.706+0000][info][gc,heap     ] GC(10) Eden regions: 80->0(56)
[2024-08-28T13:05:52.706+0000][info][gc,heap     ] GC(10) Survivor regions: 17->13(13)
[2024-08-28T13:05:52.706+0000][info][gc,heap     ] GC(10) Old regions: 634->722
[2024-08-28T13:05:52.706+0000][info][gc,heap     ] GC(10) Archive regions: 2->2
[2024-08-28T13:05:52.706+0000][info][gc,heap     ] GC(10) Humongous regions: 5->5
[2024-08-28T13:05:52.706+0000][info][gc,metaspace] GC(10) Metaspace: 100K(320K)->100K(320K) NonClass: 96K(192K)->96K(192K) Class: 4K(128K)->4K(128K)
[2024-08-28T13:05:52.706+0000][info][gc          ] GC(10) Pause Young (Normal) (G1 Evacuation Pause) 736M->740M(1024M) 14.960ms
[2024-08-28T13:05:52.706+0000][info][gc,cpu      ] GC(10) User=0.24s Sys=0.10s Real=0.01s
[2024-08-28T13:05:52.743+0000][info][gc,marking  ] GC(9) Concurrent Rebuild Remembered Sets 86.574ms
[2024-08-28T13:05:52.743+0000][info][gc,start    ] GC(9) Pause Cleanup
[2024-08-28T13:05:52.744+0000][info][gc          ] GC(9) Pause Cleanup 780M->780M(1024M) 1.000ms
[2024-08-28T13:05:52.744+0000][info][gc,cpu      ] GC(9) User=0.00s Sys=0.00s Real=0.00s
[2024-08-28T13:05:52.744+0000][info][gc,marking  ] GC(9) Concurrent Cleanup for Next Mark
[2024-08-28T13:05:52.746+0000][info][gc,marking  ] GC(9) Concurrent Cleanup for Next Mark 1.370ms
[2024-08-28T13:05:52.746+0000][info][gc          ] GC(9) Concurrent Mark Cycle 122.088ms
[2024-08-28T13:05:52.757+0000][info][gc,start    ] GC(11) Pause Young (Prepare Mixed) (G1 Evacuation Pause)
[2024-08-28T13:05:52.757+0000][info][gc,task     ] GC(11) Using 24 workers of 68 for evacuation
[2024-08-28T13:05:52.768+0000][info][gc,phases   ] GC(11)   Pre Evacuate Collection Set: 0.2ms
[2024-08-28T13:05:52.768+0000][info][gc,phases   ] GC(11)   Merge Heap Roots: 0.3ms
[2024-08-28T13:05:52.768+0000][info][gc,phases   ] GC(11)   Evacuate Collection Set: 10.7ms
[2024-08-28T13:05:52.768+0000][info][gc,phases   ] GC(11)   Post Evacuate Collection Set: 0.3ms
[2024-08-28T13:05:52.768+0000][info][gc,phases   ] GC(11)   Other: 0.2ms
[2024-08-28T13:05:52.768+0000][info][gc,heap     ] GC(11) Eden regions: 56->0(42)
[2024-08-28T13:05:52.768+0000][info][gc,heap     ] GC(11) Survivor regions: 13->9(9)
[2024-08-28T13:05:52.768+0000][info][gc,heap     ] GC(11) Old regions: 722->786
[2024-08-28T13:05:52.768+0000][info][gc,heap     ] GC(11) Archive regions: 2->2
[2024-08-28T13:05:52.768+0000][info][gc,heap     ] GC(11) Humongous regions: 5->5
[2024-08-28T13:05:52.768+0000][info][gc,metaspace] GC(11) Metaspace: 100K(320K)->100K(320K) NonClass: 96K(192K)->96K(192K) Class: 4K(128K)->4K(128K)
[2024-08-28T13:05:52.768+0000][info][gc          ] GC(11) Pause Young (Prepare Mixed) (G1 Evacuation Pause) 796M->800M(1024M) 11.760ms
[2024-08-28T13:05:52.768+0000][info][gc,cpu      ] GC(11) User=0.20s Sys=0.07s Real=0.01s
[2024-08-28T13:05:52.801+0000][info][gc,start    ] GC(12) Pause Young (Mixed) (G1 Evacuation Pause)
[2024-08-28T13:05:52.801+0000][info][gc,task     ] GC(12) Using 24 workers of 68 for evacuation
[2024-08-28T13:05:52.811+0000][info][gc,phases   ] GC(12)   Pre Evacuate Collection Set: 0.1ms
[2024-08-28T13:05:52.811+0000][info][gc,phases   ] GC(12)   Merge Heap Roots: 0.3ms
[2024-08-28T13:05:52.811+0000][info][gc,phases   ] GC(12)   Evacuate Collection Set: 9.5ms
[2024-08-28T13:05:52.811+0000][info][gc,phases   ] GC(12)   Post Evacuate Collection Set: 0.4ms
[2024-08-28T13:05:52.811+0000][info][gc,phases   ] GC(12)   Other: 0.2ms
[2024-08-28T13:05:52.811+0000][info][gc,heap     ] GC(12) Eden regions: 42->0(44)
[2024-08-28T13:05:52.811+0000][info][gc,heap     ] GC(12) Survivor regions: 9->7(7)
[2024-08-28T13:05:52.812+0000][info][gc,heap     ] GC(12) Old regions: 786->732
[2024-08-28T13:05:52.812+0000][info][gc,heap     ] GC(12) Archive regions: 2->2
[2024-08-28T13:05:52.812+0000][info][gc,heap     ] GC(12) Humongous regions: 5->5
[2024-08-28T13:05:52.812+0000][info][gc,metaspace] GC(12) Metaspace: 100K(320K)->100K(320K) NonClass: 96K(192K)->96K(192K) Class: 4K(128K)->4K(128K)
[2024-08-28T13:05:52.812+0000][info][gc          ] GC(12) Pause Young (Mixed) (G1 Evacuation Pause) 842M->744M(1024M) 10.664ms
[2024-08-28T13:05:52.812+0000][info][gc,cpu      ] GC(12) User=0.19s Sys=0.06s Real=0.01s
[2024-08-28T13:05:52.839+0000][info][gc,start    ] GC(13) Pause Young (Mixed) (G1 Evacuation Pause)
[2024-08-28T13:05:52.839+0000][info][gc,task     ] GC(13) Using 24 workers of 68 for evacuation
[2024-08-28T13:05:52.849+0000][info][gc,phases   ] GC(13)   Pre Evacuate Collection Set: 0.2ms
[2024-08-28T13:05:52.849+0000][info][gc,phases   ] GC(13)   Merge Heap Roots: 0.4ms
[2024-08-28T13:05:52.849+0000][info][gc,phases   ] GC(13)   Evacuate Collection Set: 8.8ms
[2024-08-28T13:05:52.849+0000][info][gc,phases   ] GC(13)   Post Evacuate Collection Set: 0.4ms
[2024-08-28T13:05:52.849+0000][info][gc,phases   ] GC(13)   Other: 0.3ms
[2024-08-28T13:05:52.849+0000][info][gc,heap     ] GC(13) Eden regions: 44->0(56)
[2024-08-28T13:05:52.849+0000][info][gc,heap     ] GC(13) Survivor regions: 7->7(7)
[2024-08-28T13:05:52.849+0000][info][gc,heap     ] GC(13) Old regions: 732->729
[2024-08-28T13:05:52.849+0000][info][gc,heap     ] GC(13) Archive regions: 2->2
[2024-08-28T13:05:52.849+0000][info][gc,heap     ] GC(13) Humongous regions: 5->5
[2024-08-28T13:05:52.849+0000][info][gc,metaspace] GC(13) Metaspace: 100K(320K)->100K(320K) NonClass: 96K(192K)->96K(192K) Class: 4K(128K)->4K(128K)
[2024-08-28T13:05:52.849+0000][info][gc          ] GC(13) Pause Young (Mixed) (G1 Evacuation Pause) 788M->741M(1024M) 10.117ms
[2024-08-28T13:05:52.849+0000][info][gc,cpu      ] GC(13) User=0.21s Sys=0.00s Real=0.00s
[2024-08-28T13:05:52.883+0000][info][gc,start    ] GC(14) Pause Young (Concurrent Start) (G1 Evacuation Pause)
[2024-08-28T13:05:52.883+0000][info][gc,task     ] GC(14) Using 24 workers of 68 for evacuation
[2024-08-28T13:05:52.894+0000][info][gc,phases   ] GC(14)   Pre Evacuate Collection Set: 0.2ms
[2024-08-28T13:05:52.895+0000][info][gc,phases   ] GC(14)   Merge Heap Roots: 0.4ms
[2024-08-28T13:05:52.895+0000][info][gc,phases   ] GC(14)   Evacuate Collection Set: 10.1ms
[2024-08-28T13:05:52.895+0000][info][gc,phases   ] GC(14)   Post Evacuate Collection Set: 0.3ms
[2024-08-28T13:05:52.895+0000][info][gc,phases   ] GC(14)   Other: 0.8ms
[2024-08-28T13:05:52.895+0000][info][gc,heap     ] GC(14) Eden regions: 56->0(43)
[2024-08-28T13:05:52.895+0000][info][gc,heap     ] GC(14) Survivor regions: 7->8(8)
[2024-08-28T13:05:52.895+0000][info][gc,heap     ] GC(14) Old regions: 729->786
[2024-08-28T13:05:52.895+0000][info][gc,heap     ] GC(14) Archive regions: 2->2
[2024-08-28T13:05:52.895+0000][info][gc,heap     ] GC(14) Humongous regions: 5->5
[2024-08-28T13:05:52.895+0000][info][gc,metaspace] GC(14) Metaspace: 100K(320K)->100K(320K) NonClass: 96K(192K)->96K(192K) Class: 4K(128K)->4K(128K)
[2024-08-28T13:05:52.895+0000][info][gc          ] GC(14) Pause Young (Concurrent Start) (G1 Evacuation Pause) 797M->799M(1024M) 11.769ms
[2024-08-28T13:05:52.895+0000][info][gc,cpu      ] GC(14) User=0.24s Sys=0.02s Real=0.01s
[2024-08-28T13:05:52.895+0000][info][gc          ] GC(15) Concurrent Mark Cycle
[2024-08-28T13:05:52.895+0000][info][gc,marking  ] GC(15) Concurrent Clear Claimed Marks
[2024-08-28T13:05:52.895+0000][info][gc,marking  ] GC(15) Concurrent Clear Claimed Marks 0.009ms
[2024-08-28T13:05:52.895+0000][info][gc,marking  ] GC(15) Concurrent Scan Root Regions
[2024-08-28T13:05:52.897+0000][info][gc,marking  ] GC(15) Concurrent Scan Root Regions 1.947ms
[2024-08-28T13:05:52.897+0000][info][gc,marking  ] GC(15) Concurrent Mark
[2024-08-28T13:05:52.897+0000][info][gc,marking  ] GC(15) Concurrent Mark From Roots
[2024-08-28T13:05:52.897+0000][info][gc,task     ] GC(15) Using 17 workers of 17 for marking
[2024-08-28T13:05:52.921+0000][info][gc,marking  ] GC(15) Concurrent Mark From Roots 24.184ms
[2024-08-28T13:05:52.921+0000][info][gc,marking  ] GC(15) Concurrent Preclean
[2024-08-28T13:05:52.922+0000][info][gc,marking  ] GC(15) Concurrent Preclean 0.815ms
[2024-08-28T13:05:52.922+0000][info][gc,start    ] GC(15) Pause Remark
[2024-08-28T13:05:52.924+0000][info][gc          ] GC(15) Pause Remark 832M->832M(1024M) 1.304ms
[2024-08-28T13:05:52.924+0000][info][gc,cpu      ] GC(15) User=0.01s Sys=0.00s Real=0.00s
[2024-08-28T13:05:52.924+0000][info][gc,marking  ] GC(15) Concurrent Mark 27.042ms
[2024-08-28T13:05:52.924+0000][info][gc,marking  ] GC(15) Concurrent Rebuild Remembered Sets
[2024-08-28T13:05:52.930+0000][info][gc,start    ] GC(16) Pause Young (Normal) (G1 Evacuation Pause)
[2024-08-28T13:05:52.930+0000][info][gc,task     ] GC(16) Using 24 workers of 68 for evacuation
[2024-08-28T13:05:52.940+0000][info][gc,phases   ] GC(16)   Pre Evacuate Collection Set: 0.2ms
[2024-08-28T13:05:52.940+0000][info][gc,phases   ] GC(16)   Merge Heap Roots: 0.4ms
[2024-08-28T13:05:52.940+0000][info][gc,phases   ] GC(16)   Evacuate Collection Set: 8.8ms
[2024-08-28T13:05:52.940+0000][info][gc,phases   ] GC(16)   Post Evacuate Collection Set: 0.4ms
[2024-08-28T13:05:52.940+0000][info][gc,phases   ] GC(16)   Other: 0.2ms
[2024-08-28T13:05:52.940+0000][info][gc,heap     ] GC(16) Eden regions: 43->0(44)
[2024-08-28T13:05:52.940+0000][info][gc,heap     ] GC(16) Survivor regions: 8->7(7)
[2024-08-28T13:05:52.940+0000][info][gc,heap     ] GC(16) Old regions: 786->834
[2024-08-28T13:05:52.940+0000][info][gc,heap     ] GC(16) Archive regions: 2->2
[2024-08-28T13:05:52.940+0000][info][gc,heap     ] GC(16) Humongous regions: 5->5
[2024-08-28T13:05:52.940+0000][info][gc,metaspace] GC(16) Metaspace: 100K(320K)->100K(320K) NonClass: 96K(192K)->96K(192K) Class: 4K(128K)->4K(128K)
[2024-08-28T13:05:52.940+0000][info][gc          ] GC(16) Pause Young (Normal) (G1 Evacuation Pause) 842M->846M(1024M) 10.081ms
[2024-08-28T13:05:52.940+0000][info][gc,cpu      ] GC(16) User=0.22s Sys=0.00s Real=0.01s
[2024-08-28T13:05:52.971+0000][info][gc,start    ] GC(17) Pause Young (Normal) (G1 Evacuation Pause)
[2024-08-28T13:05:52.971+0000][info][gc,task     ] GC(17) Using 24 workers of 68 for evacuation
[2024-08-28T13:05:52.981+0000][info][gc,phases   ] GC(17)   Pre Evacuate Collection Set: 0.1ms
[2024-08-28T13:05:52.981+0000][info][gc,phases   ] GC(17)   Merge Heap Roots: 0.3ms
[2024-08-28T13:05:52.981+0000][info][gc,phases   ] GC(17)   Evacuate Collection Set: 8.7ms
[2024-08-28T13:05:52.981+0000][info][gc,phases   ] GC(17)   Post Evacuate Collection Set: 0.4ms
[2024-08-28T13:05:52.981+0000][info][gc,phases   ] GC(17)   Other: 0.2ms
[2024-08-28T13:05:52.981+0000][info][gc,heap     ] GC(17) Eden regions: 44->0(44)
[2024-08-28T13:05:52.981+0000][info][gc,heap     ] GC(17) Survivor regions: 7->7(7)
[2024-08-28T13:05:52.981+0000][info][gc,heap     ] GC(17) Old regions: 834->880
[2024-08-28T13:05:52.981+0000][info][gc,heap     ] GC(17) Archive regions: 2->2
[2024-08-28T13:05:52.981+0000][info][gc,heap     ] GC(17) Humongous regions: 5->5
[2024-08-28T13:05:52.981+0000][info][gc,metaspace] GC(17) Metaspace: 100K(320K)->100K(320K) NonClass: 96K(192K)->96K(192K) Class: 4K(128K)->4K(128K)
[2024-08-28T13:05:52.981+0000][info][gc          ] GC(17) Pause Young (Normal) (G1 Evacuation Pause) 890M->892M(1024M) 9.897ms
[2024-08-28T13:05:52.981+0000][info][gc,cpu      ] GC(17) User=0.18s Sys=0.05s Real=0.01s
[2024-08-28T13:05:53.010+0000][info][gc,start    ] GC(18) Pause Young (Normal) (G1 Evacuation Pause)
[2024-08-28T13:05:53.010+0000][info][gc,task     ] GC(18) Using 24 workers of 68 for evacuation
[2024-08-28T13:05:53.020+0000][info][gc,phases   ] GC(18)   Pre Evacuate Collection Set: 0.1ms
[2024-08-28T13:05:53.020+0000][info][gc,phases   ] GC(18)   Merge Heap Roots: 0.4ms
[2024-08-28T13:05:53.020+0000][info][gc,phases   ] GC(18)   Evacuate Collection Set: 9.0ms
[2024-08-28T13:05:53.020+0000][info][gc,phases   ] GC(18)   Post Evacuate Collection Set: 0.4ms
[2024-08-28T13:05:53.020+0000][info][gc,phases   ] GC(18)   Other: 0.2ms
[2024-08-28T13:05:53.020+0000][info][gc,heap     ] GC(18) Eden regions: 44->0(44)
[2024-08-28T13:05:53.020+0000][info][gc,heap     ] GC(18) Survivor regions: 7->7(7)
[2024-08-28T13:05:53.020+0000][info][gc,heap     ] GC(18) Old regions: 880->928
[2024-08-28T13:05:53.020+0000][info][gc,heap     ] GC(18) Archive regions: 2->2
[2024-08-28T13:05:53.020+0000][info][gc,heap     ] GC(18) Humongous regions: 5->5
[2024-08-28T13:05:53.020+0000][info][gc,metaspace] GC(18) Metaspace: 100K(320K)->100K(320K) NonClass: 96K(192K)->96K(192K) Class: 4K(128K)->4K(128K)
[2024-08-28T13:05:53.020+0000][info][gc          ] GC(18) Pause Young (Normal) (G1 Evacuation Pause) 936M->940M(1024M) 10.277ms
[2024-08-28T13:05:53.020+0000][info][gc,cpu      ] GC(18) User=0.23s Sys=0.00s Real=0.01s
[2024-08-28T13:05:53.024+0000][info][gc,marking  ] GC(15) Concurrent Rebuild Remembered Sets 100.123ms
[2024-08-28T13:05:53.024+0000][info][gc,start    ] GC(15) Pause Cleanup
[2024-08-28T13:05:53.026+0000][info][gc          ] GC(15) Pause Cleanup 943M->943M(1024M) 1.558ms
[2024-08-28T13:05:53.026+0000][info][gc,cpu      ] GC(15) User=0.01s Sys=0.00s Real=0.00s
[2024-08-28T13:05:53.026+0000][info][gc,marking  ] GC(15) Concurrent Cleanup for Next Mark
[2024-08-28T13:05:53.027+0000][info][gc,marking  ] GC(15) Concurrent Cleanup for Next Mark 1.446ms
[2024-08-28T13:05:53.027+0000][info][gc          ] GC(15) Concurrent Mark Cycle 132.612ms
[2024-08-28T13:05:53.047+0000][info][gc,start    ] GC(19) Pause Young (Prepare Mixed) (G1 Preventive Collection)
[2024-08-28T13:05:53.047+0000][info][gc,task     ] GC(19) Using 24 workers of 68 for evacuation
[2024-08-28T13:05:53.057+0000][info][gc,phases   ] GC(19)   Pre Evacuate Collection Set: 0.1ms
[2024-08-28T13:05:53.057+0000][info][gc,phases   ] GC(19)   Merge Heap Roots: 0.3ms
[2024-08-28T13:05:53.057+0000][info][gc,phases   ] GC(19)   Evacuate Collection Set: 8.7ms
[2024-08-28T13:05:53.057+0000][info][gc,phases   ] GC(19)   Post Evacuate Collection Set: 0.3ms
[2024-08-28T13:05:53.057+0000][info][gc,phases   ] GC(19)   Other: 0.2ms
[2024-08-28T13:05:53.057+0000][info][gc,heap     ] GC(19) Eden regions: 36->0(44)
[2024-08-28T13:05:53.057+0000][info][gc,heap     ] GC(19) Survivor regions: 7->7(7)
[2024-08-28T13:05:53.057+0000][info][gc,heap     ] GC(19) Old regions: 928->967
[2024-08-28T13:05:53.057+0000][info][gc,heap     ] GC(19) Archive regions: 2->2
[2024-08-28T13:05:53.057+0000][info][gc,heap     ] GC(19) Humongous regions: 5->5
[2024-08-28T13:05:53.057+0000][info][gc,metaspace] GC(19) Metaspace: 100K(320K)->100K(320K) NonClass: 96K(192K)->96K(192K) Class: 4K(128K)->4K(128K)
[2024-08-28T13:05:53.057+0000][info][gc          ] GC(19) Pause Young (Prepare Mixed) (G1 Preventive Collection) 976M->979M(1024M) 9.667ms
[2024-08-28T13:05:53.057+0000][info][gc,cpu      ] GC(19) User=0.22s Sys=0.00s Real=0.01s
[2024-08-28T13:05:53.066+0000][info][gc,start    ] GC(20) Pause Young (Mixed) (G1 Preventive Collection)
[2024-08-28T13:05:53.066+0000][info][gc,task     ] GC(20) Using 24 workers of 68 for evacuation
[2024-08-28T13:05:53.072+0000][info][gc,phases   ] GC(20)   Pre Evacuate Collection Set: 0.2ms
[2024-08-28T13:05:53.072+0000][info][gc,phases   ] GC(20)   Merge Heap Roots: 0.4ms
[2024-08-28T13:05:53.072+0000][info][gc,phases   ] GC(20)   Evacuate Collection Set: 5.5ms
[2024-08-28T13:05:53.072+0000][info][gc,phases   ] GC(20)   Post Evacuate Collection Set: 0.3ms
[2024-08-28T13:05:53.072+0000][info][gc,phases   ] GC(20)   Other: 0.2ms
[2024-08-28T13:05:53.072+0000][info][gc,heap     ] GC(20) Eden regions: 16->0(44)
[2024-08-28T13:05:53.072+0000][info][gc,heap     ] GC(20) Survivor regions: 7->7(7)
[2024-08-28T13:05:53.072+0000][info][gc,heap     ] GC(20) Old regions: 967->883
[2024-08-28T13:05:53.072+0000][info][gc,heap     ] GC(20) Archive regions: 2->2
[2024-08-28T13:05:53.072+0000][info][gc,heap     ] GC(20) Humongous regions: 5->5
[2024-08-28T13:05:53.072+0000][info][gc,metaspace] GC(20) Metaspace: 100K(320K)->100K(320K) NonClass: 96K(192K)->96K(192K) Class: 4K(128K)->4K(128K)
[2024-08-28T13:05:53.073+0000][info][gc          ] GC(20) Pause Young (Mixed) (G1 Preventive Collection) 995M->895M(1024M) 6.589ms
[2024-08-28T13:05:53.073+0000][info][gc,cpu      ] GC(20) User=0.14s Sys=0.00s Real=0.01s
[2024-08-28T13:05:53.096+0000][info][gc,start    ] GC(21) Pause Young (Mixed) (G1 Evacuation Pause)
[2024-08-28T13:05:53.096+0000][info][gc,task     ] GC(21) Using 24 workers of 68 for evacuation
[2024-08-28T13:05:53.107+0000][info][gc,phases   ] GC(21)   Pre Evacuate Collection Set: 0.2ms
[2024-08-28T13:05:53.107+0000][info][gc,phases   ] GC(21)   Merge Heap Roots: 0.3ms
[2024-08-28T13:05:53.107+0000][info][gc,phases   ] GC(21)   Evacuate Collection Set: 10.0ms
[2024-08-28T13:05:53.107+0000][info][gc,phases   ] GC(21)   Post Evacuate Collection Set: 0.4ms
[2024-08-28T13:05:53.107+0000][info][gc,phases   ] GC(21)   Other: 0.2ms
[2024-08-28T13:05:53.107+0000][info][gc,heap     ] GC(21) Eden regions: 44->0(44)
[2024-08-28T13:05:53.107+0000][info][gc,heap     ] GC(21) Survivor regions: 7->7(7)
[2024-08-28T13:05:53.107+0000][info][gc,heap     ] GC(21) Old regions: 883->825
[2024-08-28T13:05:53.107+0000][info][gc,heap     ] GC(21) Archive regions: 2->2
[2024-08-28T13:05:53.107+0000][info][gc,heap     ] GC(21) Humongous regions: 5->5
[2024-08-28T13:05:53.107+0000][info][gc,metaspace] GC(21) Metaspace: 100K(320K)->100K(320K) NonClass: 96K(192K)->96K(192K) Class: 4K(128K)->4K(128K)
[2024-08-28T13:05:53.107+0000][info][gc          ] GC(21) Pause Young (Mixed) (G1 Evacuation Pause) 939M->837M(1024M) 11.217ms
[2024-08-28T13:05:53.107+0000][info][gc,cpu      ] GC(21) User=0.25s Sys=0.00s Real=0.01s
[2024-08-28T13:05:53.131+0000][info][gc,start    ] GC(22) Pause Young (Mixed) (G1 Evacuation Pause)
[2024-08-28T13:05:53.131+0000][info][gc,task     ] GC(22) Using 24 workers of 68 for evacuation
[2024-08-28T13:05:53.144+0000][info][gc,phases   ] GC(22)   Pre Evacuate Collection Set: 0.2ms
[2024-08-28T13:05:53.144+0000][info][gc,phases   ] GC(22)   Merge Heap Roots: 0.4ms
[2024-08-28T13:05:53.144+0000][info][gc,phases   ] GC(22)   Evacuate Collection Set: 11.6ms
[2024-08-28T13:05:53.144+0000][info][gc,phases   ] GC(22)   Post Evacuate Collection Set: 0.4ms
[2024-08-28T13:05:53.144+0000][info][gc,phases   ] GC(22)   Other: 0.2ms
[2024-08-28T13:05:53.144+0000][info][gc,heap     ] GC(22) Eden regions: 44->0(44)
[2024-08-28T13:05:53.144+0000][info][gc,heap     ] GC(22) Survivor regions: 7->7(7)
[2024-08-28T13:05:53.144+0000][info][gc,heap     ] GC(22) Old regions: 825->780
[2024-08-28T13:05:53.144+0000][info][gc,heap     ] GC(22) Archive regions: 2->2
[2024-08-28T13:05:53.144+0000][info][gc,heap     ] GC(22) Humongous regions: 5->5
[2024-08-28T13:05:53.144+0000][info][gc,metaspace] GC(22) Metaspace: 100K(320K)->100K(320K) NonClass: 96K(192K)->96K(192K) Class: 4K(128K)->4K(128K)
[2024-08-28T13:05:53.144+0000][info][gc          ] GC(22) Pause Young (Mixed) (G1 Evacuation Pause) 881M->792M(1024M) 12.902ms
[2024-08-28T13:05:53.144+0000][info][gc,cpu      ] GC(22) User=0.29s Sys=0.00s Real=0.01s
[2024-08-28T13:05:53.172+0000][info][gc,start    ] GC(23) Pause Young (Mixed) (G1 Evacuation Pause)
[2024-08-28T13:05:53.172+0000][info][gc,task     ] GC(23) Using 24 workers of 68 for evacuation
[2024-08-28T13:05:53.183+0000][info][gc,phases   ] GC(23)   Pre Evacuate Collection Set: 0.2ms
[2024-08-28T13:05:53.183+0000][info][gc,phases   ] GC(23)   Merge Heap Roots: 0.3ms
[2024-08-28T13:05:53.183+0000][info][gc,phases   ] GC(23)   Evacuate Collection Set: 10.8ms
[2024-08-28T13:05:53.183+0000][info][gc,phases   ] GC(23)   Post Evacuate Collection Set: 0.3ms
[2024-08-28T13:05:53.183+0000][info][gc,phases   ] GC(23)   Other: 0.2ms
[2024-08-28T13:05:53.183+0000][info][gc,heap     ] GC(23) Eden regions: 44->0(44)
[2024-08-28T13:05:53.183+0000][info][gc,heap     ] GC(23) Survivor regions: 7->7(7)
[2024-08-28T13:05:53.183+0000][info][gc,heap     ] GC(23) Old regions: 780->824
[2024-08-28T13:05:53.183+0000][info][gc,heap     ] GC(23) Archive regions: 2->2
[2024-08-28T13:05:53.183+0000][info][gc,heap     ] GC(23) Humongous regions: 5->5
[2024-08-28T13:05:53.183+0000][info][gc,metaspace] GC(23) Metaspace: 100K(320K)->100K(320K) NonClass: 96K(192K)->96K(192K) Class: 4K(128K)->4K(128K)
[2024-08-28T13:05:53.183+0000][info][gc          ] GC(23) Pause Young (Mixed) (G1 Evacuation Pause) 836M->836M(1024M) 11.875ms
[2024-08-28T13:05:53.184+0000][info][gc,cpu      ] GC(23) User=0.24s Sys=0.02s Real=0.01s
[2024-08-28T13:05:53.208+0000][info][gc,start    ] GC(24) Pause Young (Concurrent Start) (G1 Evacuation Pause)
[2024-08-28T13:05:53.208+0000][info][gc,task     ] GC(24) Using 24 workers of 68 for evacuation
[2024-08-28T13:05:53.219+0000][info][gc,phases   ] GC(24)   Pre Evacuate Collection Set: 0.1ms
[2024-08-28T13:05:53.219+0000][info][gc,phases   ] GC(24)   Merge Heap Roots: 0.3ms
[2024-08-28T13:05:53.219+0000][info][gc,phases   ] GC(24)   Evacuate Collection Set: 10.0ms
[2024-08-28T13:05:53.219+0000][info][gc,phases   ] GC(24)   Post Evacuate Collection Set: 0.3ms
[2024-08-28T13:05:53.219+0000][info][gc,phases   ] GC(24)   Other: 0.6ms
[2024-08-28T13:05:53.219+0000][info][gc,heap     ] GC(24) Eden regions: 44->0(44)
[2024-08-28T13:05:53.219+0000][info][gc,heap     ] GC(24) Survivor regions: 7->7(7)
[2024-08-28T13:05:53.219+0000][info][gc,heap     ] GC(24) Old regions: 824->870
[2024-08-28T13:05:53.219+0000][info][gc,heap     ] GC(24) Archive regions: 2->2
[2024-08-28T13:05:53.219+0000][info][gc,heap     ] GC(24) Humongous regions: 5->5
[2024-08-28T13:05:53.219+0000][info][gc,metaspace] GC(24) Metaspace: 100K(320K)->100K(320K) NonClass: 96K(192K)->96K(192K) Class: 4K(128K)->4K(128K)
[2024-08-28T13:05:53.219+0000][info][gc          ] GC(24) Pause Young (Concurrent Start) (G1 Evacuation Pause) 880M->882M(1024M) 11.407ms
[2024-08-28T13:05:53.219+0000][info][gc,cpu      ] GC(24) User=0.21s Sys=0.03s Real=0.02s
[2024-08-28T13:05:53.219+0000][info][gc          ] GC(25) Concurrent Mark Cycle
[2024-08-28T13:05:53.219+0000][info][gc,marking  ] GC(25) Concurrent Clear Claimed Marks
[2024-08-28T13:05:53.219+0000][info][gc,marking  ] GC(25) Concurrent Clear Claimed Marks 0.012ms
[2024-08-28T13:05:53.219+0000][info][gc,marking  ] GC(25) Concurrent Scan Root Regions
[2024-08-28T13:05:53.221+0000][info][gc,marking  ] GC(25) Concurrent Scan Root Regions 1.791ms
[2024-08-28T13:05:53.221+0000][info][gc,marking  ] GC(25) Concurrent Mark
[2024-08-28T13:05:53.221+0000][info][gc,marking  ] GC(25) Concurrent Mark From Roots
[2024-08-28T13:05:53.221+0000][info][gc,task     ] GC(25) Using 17 workers of 17 for marking
[2024-08-28T13:05:53.247+0000][info][gc,marking  ] GC(25) Concurrent Mark From Roots 26.308ms
[2024-08-28T13:05:53.247+0000][info][gc,marking  ] GC(25) Concurrent Preclean
[2024-08-28T13:05:53.249+0000][info][gc,marking  ] GC(25) Concurrent Preclean 1.109ms
[2024-08-28T13:05:53.249+0000][info][gc,start    ] GC(25) Pause Remark
[2024-08-28T13:05:53.250+0000][info][gc          ] GC(25) Pause Remark 919M->919M(1024M) 1.462ms
[2024-08-28T13:05:53.250+0000][info][gc,cpu      ] GC(25) User=0.01s Sys=0.00s Real=0.01s
[2024-08-28T13:05:53.250+0000][info][gc,marking  ] GC(25) Concurrent Mark 29.309ms
[2024-08-28T13:05:53.250+0000][info][gc,marking  ] GC(25) Concurrent Rebuild Remembered Sets
[2024-08-28T13:05:53.255+0000][info][gc,start    ] GC(26) Pause Young (Normal) (G1 Evacuation Pause)
[2024-08-28T13:05:53.255+0000][info][gc,task     ] GC(26) Using 24 workers of 68 for evacuation
[2024-08-28T13:05:53.266+0000][info][gc,phases   ] GC(26)   Pre Evacuate Collection Set: 0.2ms
[2024-08-28T13:05:53.266+0000][info][gc,phases   ] GC(26)   Merge Heap Roots: 0.4ms
[2024-08-28T13:05:53.266+0000][info][gc,phases   ] GC(26)   Evacuate Collection Set: 9.8ms
[2024-08-28T13:05:53.266+0000][info][gc,phases   ] GC(26)   Post Evacuate Collection Set: 0.4ms
[2024-08-28T13:05:53.266+0000][info][gc,phases   ] GC(26)   Other: 0.2ms
[2024-08-28T13:05:53.266+0000][info][gc,heap     ] GC(26) Eden regions: 44->0(44)
[2024-08-28T13:05:53.266+0000][info][gc,heap     ] GC(26) Survivor regions: 7->7(7)
[2024-08-28T13:05:53.266+0000][info][gc,heap     ] GC(26) Old regions: 870->917
[2024-08-28T13:05:53.266+0000][info][gc,heap     ] GC(26) Archive regions: 2->2
[2024-08-28T13:05:53.266+0000][info][gc,heap     ] GC(26) Humongous regions: 5->5
[2024-08-28T13:05:53.266+0000][info][gc,metaspace] GC(26) Metaspace: 100K(320K)->100K(320K) NonClass: 96K(192K)->96K(192K) Class: 4K(128K)->4K(128K)
[2024-08-28T13:05:53.266+0000][info][gc          ] GC(26) Pause Young (Normal) (G1 Evacuation Pause) 926M->929M(1024M) 11.099ms
[2024-08-28T13:05:53.266+0000][info][gc,cpu      ] GC(26) User=0.22s Sys=0.02s Real=0.01s
[2024-08-28T13:05:53.300+0000][info][gc,start    ] GC(27) Pause Young (Normal) (G1 Preventive Collection)
[2024-08-28T13:05:53.300+0000][info][gc,task     ] GC(27) Using 24 workers of 68 for evacuation
[2024-08-28T13:05:53.311+0000][info][gc,phases   ] GC(27)   Pre Evacuate Collection Set: 0.1ms
[2024-08-28T13:05:53.311+0000][info][gc,phases   ] GC(27)   Merge Heap Roots: 0.3ms
[2024-08-28T13:05:53.311+0000][info][gc,phases   ] GC(27)   Evacuate Collection Set: 10.6ms
[2024-08-28T13:05:53.311+0000][info][gc,phases   ] GC(27)   Post Evacuate Collection Set: 0.4ms
[2024-08-28T13:05:53.311+0000][info][gc,phases   ] GC(27)   Other: 0.2ms
[2024-08-28T13:05:53.311+0000][info][gc,heap     ] GC(27) Eden regions: 41->0(44)
[2024-08-28T13:05:53.311+0000][info][gc,heap     ] GC(27) Survivor regions: 7->7(7)
[2024-08-28T13:05:53.311+0000][info][gc,heap     ] GC(27) Old regions: 917->961
[2024-08-28T13:05:53.311+0000][info][gc,heap     ] GC(27) Archive regions: 2->2
[2024-08-28T13:05:53.311+0000][info][gc,heap     ] GC(27) Humongous regions: 5->5
[2024-08-28T13:05:53.311+0000][info][gc,metaspace] GC(27) Metaspace: 100K(320K)->100K(320K) NonClass: 96K(192K)->96K(192K) Class: 4K(128K)->4K(128K)
[2024-08-28T13:05:53.311+0000][info][gc          ] GC(27) Pause Young (Normal) (G1 Preventive Collection) 970M->973M(1024M) 11.662ms
[2024-08-28T13:05:53.311+0000][info][gc,cpu      ] GC(27) User=0.21s Sys=0.05s Real=0.01s
[2024-08-28T13:05:53.328+0000][info][gc,start    ] GC(28) Pause Young (Normal) (G1 Preventive Collection)
[2024-08-28T13:05:53.328+0000][info][gc,task     ] GC(28) Using 24 workers of 68 for evacuation
[2024-08-28T13:05:53.337+0000][info][gc          ] GC(28) To-space exhausted
[2024-08-28T13:05:53.337+0000][info][gc,phases   ] GC(28)   Pre Evacuate Collection Set: 0.1ms
[2024-08-28T13:05:53.337+0000][info][gc,phases   ] GC(28)   Merge Heap Roots: 0.4ms
[2024-08-28T13:05:53.337+0000][info][gc,phases   ] GC(28)   Evacuate Collection Set: 7.0ms
[2024-08-28T13:05:53.337+0000][info][gc,phases   ] GC(28)   Post Evacuate Collection Set: 0.9ms
[2024-08-28T13:05:53.337+0000][info][gc,phases   ] GC(28)   Other: 0.2ms
[2024-08-28T13:05:53.337+0000][info][gc,heap     ] GC(28) Eden regions: 20->0(44)
[2024-08-28T13:05:53.337+0000][info][gc,heap     ] GC(28) Survivor regions: 7->7(7)
[2024-08-28T13:05:53.337+0000][info][gc,heap     ] GC(28) Old regions: 961->1008
[2024-08-28T13:05:53.337+0000][info][gc,heap     ] GC(28) Archive regions: 2->2
[2024-08-28T13:05:53.337+0000][info][gc,heap     ] GC(28) Humongous regions: 5->5
[2024-08-28T13:05:53.337+0000][info][gc,metaspace] GC(28) Metaspace: 100K(320K)->100K(320K) NonClass: 96K(192K)->96K(192K) Class: 4K(128K)->4K(128K)
[2024-08-28T13:05:53.337+0000][info][gc          ] GC(28) Pause Young (Normal) (G1 Preventive Collection) 993M->1020M(1024M) 8.660ms
[2024-08-28T13:05:53.337+0000][info][gc,cpu      ] GC(28) User=0.18s Sys=0.00s Real=0.01s
[2024-08-28T13:05:53.338+0000][info][gc,start    ] GC(29) Pause Young (Normal) (G1 Preventive Collection)
[2024-08-28T13:05:53.338+0000][info][gc,task     ] GC(29) Using 24 workers of 68 for evacuation
[2024-08-28T13:05:53.344+0000][info][gc          ] GC(29) To-space exhausted
[2024-08-28T13:05:53.344+0000][info][gc,phases   ] GC(29)   Pre Evacuate Collection Set: 0.1ms
[2024-08-28T13:05:53.344+0000][info][gc,phases   ] GC(29)   Merge Heap Roots: 0.4ms
[2024-08-28T13:05:53.344+0000][info][gc,phases   ] GC(29)   Evacuate Collection Set: 4.5ms
[2024-08-28T13:05:53.344+0000][info][gc,phases   ] GC(29)   Post Evacuate Collection Set: 0.7ms
[2024-08-28T13:05:53.344+0000][info][gc,phases   ] GC(29)   Other: 0.1ms
[2024-08-28T13:05:53.344+0000][info][gc,heap     ] GC(29) Eden regions: 1->0(51)
[2024-08-28T13:05:53.344+0000][info][gc,heap     ] GC(29) Survivor regions: 7->0(1)
[2024-08-28T13:05:53.344+0000][info][gc,heap     ] GC(29) Old regions: 1008->1017
[2024-08-28T13:05:53.344+0000][info][gc,heap     ] GC(29) Archive regions: 2->2
[2024-08-28T13:05:53.344+0000][info][gc,heap     ] GC(29) Humongous regions: 5->5
[2024-08-28T13:05:53.344+0000][info][gc,metaspace] GC(29) Metaspace: 100K(320K)->100K(320K) NonClass: 96K(192K)->96K(192K) Class: 4K(128K)->4K(128K)
[2024-08-28T13:05:53.344+0000][info][gc          ] GC(29) Pause Young (Normal) (G1 Preventive Collection) 1021M->1022M(1024M) 6.010ms
[2024-08-28T13:05:53.344+0000][info][gc,cpu      ] GC(29) User=0.12s Sys=0.00s Real=0.00s
[2024-08-28T13:05:53.344+0000][info][gc,ergo     ] Attempting full compaction
[2024-08-28T13:05:53.344+0000][info][gc,task     ] GC(30) Using 24 workers of 68 for full compaction
[2024-08-28T13:05:53.345+0000][info][gc,start    ] GC(30) Pause Full (G1 Compaction Pause)
[2024-08-28T13:05:53.346+0000][info][gc,phases,start] GC(30) Phase 1: Mark live objects
[2024-08-28T13:05:53.376+0000][info][gc,phases      ] GC(30) Phase 1: Mark live objects 30.097ms
[2024-08-28T13:05:53.376+0000][info][gc,phases,start] GC(30) Phase 2: Prepare for compaction
[2024-08-28T13:05:53.390+0000][info][gc,phases      ] GC(30) Phase 2: Prepare for compaction 14.340ms
[2024-08-28T13:05:53.390+0000][info][gc,phases,start] GC(30) Phase 3: Adjust pointers
[2024-08-28T13:05:53.416+0000][info][gc,phases      ] GC(30) Phase 3: Adjust pointers 25.974ms
[2024-08-28T13:05:53.416+0000][info][gc,phases,start] GC(30) Phase 4: Compact heap
[2024-08-28T13:05:53.463+0000][info][gc,phases      ] GC(30) Phase 4: Compact heap 46.852ms
[2024-08-28T13:05:53.465+0000][info][gc,heap        ] GC(30) Eden regions: 0->0(150)
[2024-08-28T13:05:53.465+0000][info][gc,heap        ] GC(30) Survivor regions: 0->0(1)
[2024-08-28T13:05:53.465+0000][info][gc,heap        ] GC(30) Old regions: 1017->442
[2024-08-28T13:05:53.465+0000][info][gc,heap        ] GC(30) Archive regions: 2->2
[2024-08-28T13:05:53.465+0000][info][gc,heap        ] GC(30) Humongous regions: 5->5
[2024-08-28T13:05:53.465+0000][info][gc,metaspace   ] GC(30) Metaspace: 100K(320K)->100K(320K) NonClass: 96K(192K)->96K(192K) Class: 4K(128K)->4K(128K)
[2024-08-28T13:05:53.465+0000][info][gc             ] GC(30) Pause Full (G1 Compaction Pause) 1022M->436M(1024M) 120.361ms
[2024-08-28T13:05:53.466+0000][info][gc,cpu         ] GC(30) User=1.98s Sys=0.22s Real=0.12s
[2024-08-28T13:05:53.466+0000][info][gc,marking     ] GC(25) Concurrent Rebuild Remembered Sets 215.762ms
[2024-08-28T13:05:53.466+0000][info][gc,marking     ] GC(25) Concurrent Mark Abort
[2024-08-28T13:05:53.466+0000][info][gc             ] GC(25) Concurrent Mark Cycle 247.036ms
[2024-08-28T13:05:53.564+0000][info][gc,start       ] GC(31) Pause Young (Normal) (G1 Evacuation Pause)
[2024-08-28T13:05:53.564+0000][info][gc,task        ] GC(31) Using 24 workers of 68 for evacuation
[2024-08-28T13:05:53.588+0000][info][gc,phases      ] GC(31)   Pre Evacuate Collection Set: 0.3ms
[2024-08-28T13:05:53.588+0000][info][gc,phases      ] GC(31)   Merge Heap Roots: 0.5ms
[2024-08-28T13:05:53.588+0000][info][gc,phases      ] GC(31)   Evacuate Collection Set: 22.2ms
[2024-08-28T13:05:53.588+0000][info][gc,phases      ] GC(31)   Post Evacuate Collection Set: 0.4ms
[2024-08-28T13:05:53.588+0000][info][gc,phases      ] GC(31)   Other: 0.3ms
[2024-08-28T13:05:53.588+0000][info][gc,heap        ] GC(31) Eden regions: 150->0(103)
[2024-08-28T13:05:53.588+0000][info][gc,heap        ] GC(31) Survivor regions: 0->19(19)
[2024-08-28T13:05:53.588+0000][info][gc,heap        ] GC(31) Old regions: 442->569
[2024-08-28T13:05:53.588+0000][info][gc,heap        ] GC(31) Archive regions: 2->2
[2024-08-28T13:05:53.588+0000][info][gc,heap        ] GC(31) Humongous regions: 5->5
[2024-08-28T13:05:53.588+0000][info][gc,metaspace   ] GC(31) Metaspace: 100K(320K)->100K(320K) NonClass: 96K(192K)->96K(192K) Class: 4K(128K)->4K(128K)
[2024-08-28T13:05:53.588+0000][info][gc             ] GC(31) Pause Young (Normal) (G1 Evacuation Pause) 586M->581M(1024M) 23.764ms
[2024-08-28T13:05:53.588+0000][info][gc,cpu         ] GC(31) User=0.54s Sys=0.00s Real=0.02s
[2024-08-28T13:05:53.647+0000][info][gc,start       ] GC(32) Pause Young (Concurrent Start) (G1 Evacuation Pause)
[2024-08-28T13:05:53.647+0000][info][gc,task        ] GC(32) Using 24 workers of 68 for evacuation
[2024-08-28T13:05:53.667+0000][info][gc,phases      ] GC(32)   Pre Evacuate Collection Set: 0.2ms
[2024-08-28T13:05:53.667+0000][info][gc,phases      ] GC(32)   Merge Heap Roots: 0.3ms
[2024-08-28T13:05:53.667+0000][info][gc,phases      ] GC(32)   Evacuate Collection Set: 18.5ms
[2024-08-28T13:05:53.667+0000][info][gc,phases      ] GC(32)   Post Evacuate Collection Set: 0.3ms
[2024-08-28T13:05:53.667+0000][info][gc,phases      ] GC(32)   Other: 0.6ms
[2024-08-28T13:05:53.667+0000][info][gc,heap        ] GC(32) Eden regions: 103->0(70)
[2024-08-28T13:05:53.667+0000][info][gc,heap        ] GC(32) Survivor regions: 19->16(16)
[2024-08-28T13:05:53.667+0000][info][gc,heap        ] GC(32) Old regions: 569->676
[2024-08-28T13:05:53.667+0000][info][gc,heap        ] GC(32) Archive regions: 2->2
[2024-08-28T13:05:53.667+0000][info][gc,heap        ] GC(32) Humongous regions: 5->5
[2024-08-28T13:05:53.667+0000][info][gc,metaspace   ] GC(32) Metaspace: 100K(320K)->100K(320K) NonClass: 96K(192K)->96K(192K) Class: 4K(128K)->4K(128K)
[2024-08-28T13:05:53.667+0000][info][gc             ] GC(32) Pause Young (Concurrent Start) (G1 Evacuation Pause) 684M->686M(1024M) 20.101ms
[2024-08-28T13:05:53.667+0000][info][gc,cpu         ] GC(32) User=0.45s Sys=0.00s Real=0.02s
[2024-08-28T13:05:53.667+0000][info][gc             ] GC(33) Concurrent Mark Cycle
[2024-08-28T13:05:53.667+0000][info][gc,marking     ] GC(33) Concurrent Clear Claimed Marks
[2024-08-28T13:05:53.667+0000][info][gc,marking     ] GC(33) Concurrent Clear Claimed Marks 0.010ms
[2024-08-28T13:05:53.667+0000][info][gc,marking     ] GC(33) Concurrent Scan Root Regions
[2024-08-28T13:05:53.671+0000][info][gc,marking     ] GC(33) Concurrent Scan Root Regions 3.739ms
[2024-08-28T13:05:53.671+0000][info][gc,marking     ] GC(33) Concurrent Mark
[2024-08-28T13:05:53.671+0000][info][gc,marking     ] GC(33) Concurrent Mark From Roots
[2024-08-28T13:05:53.671+0000][info][gc,task        ] GC(33) Using 17 workers of 17 for marking
[2024-08-28T13:05:53.692+0000][info][gc,marking     ] GC(33) Concurrent Mark From Roots 21.090ms
[2024-08-28T13:05:53.692+0000][info][gc,marking     ] GC(33) Concurrent Preclean
[2024-08-28T13:05:53.692+0000][info][gc,marking     ] GC(33) Concurrent Preclean 0.498ms
[2024-08-28T13:05:53.693+0000][info][gc,start       ] GC(33) Pause Remark
[2024-08-28T13:05:53.694+0000][info][gc             ] GC(33) Pause Remark 717M->717M(1024M) 1.106ms
[2024-08-28T13:05:53.694+0000][info][gc,cpu         ] GC(33) User=0.00s Sys=0.00s Real=0.00s
[2024-08-28T13:05:53.694+0000][info][gc,marking     ] GC(33) Concurrent Mark 23.038ms
[2024-08-28T13:05:53.694+0000][info][gc,marking     ] GC(33) Concurrent Rebuild Remembered Sets
[2024-08-28T13:05:53.716+0000][info][gc,start       ] GC(34) Pause Young (Normal) (G1 Evacuation Pause)
[2024-08-28T13:05:53.716+0000][info][gc,task        ] GC(34) Using 24 workers of 68 for evacuation
[2024-08-28T13:05:53.733+0000][info][gc,phases      ] GC(34)   Pre Evacuate Collection Set: 0.1ms
[2024-08-28T13:05:53.733+0000][info][gc,phases      ] GC(34)   Merge Heap Roots: 0.4ms
[2024-08-28T13:05:53.733+0000][info][gc,phases      ] GC(34)   Evacuate Collection Set: 15.4ms
[2024-08-28T13:05:53.733+0000][info][gc,phases      ] GC(34)   Post Evacuate Collection Set: 0.5ms
[2024-08-28T13:05:53.733+0000][info][gc,phases      ] GC(34)   Other: 0.2ms
[2024-08-28T13:05:53.733+0000][info][gc,heap        ] GC(34) Eden regions: 70->0(46)
[2024-08-28T13:05:53.733+0000][info][gc,heap        ] GC(34) Survivor regions: 16->11(11)
[2024-08-28T13:05:53.733+0000][info][gc,heap        ] GC(34) Old regions: 676->755
[2024-08-28T13:05:53.733+0000][info][gc,heap        ] GC(34) Archive regions: 2->2
[2024-08-28T13:05:53.733+0000][info][gc,heap        ] GC(34) Humongous regions: 5->5
[2024-08-28T13:05:53.733+0000][info][gc,metaspace   ] GC(34) Metaspace: 100K(320K)->100K(320K) NonClass: 96K(192K)->96K(192K) Class: 4K(128K)->4K(128K)
[2024-08-28T13:05:53.733+0000][info][gc             ] GC(34) Pause Young (Normal) (G1 Evacuation Pause) 756M->760M(1024M) 16.799ms
[2024-08-28T13:05:53.733+0000][info][gc,cpu         ] GC(34) User=0.37s Sys=0.01s Real=0.02s
[2024-08-28T13:05:53.761+0000][info][gc,start       ] GC(35) Pause Young (Normal) (G1 Evacuation Pause)
[2024-08-28T13:05:53.761+0000][info][gc,task        ] GC(35) Using 24 workers of 68 for evacuation
[2024-08-28T13:05:53.775+0000][info][gc,phases      ] GC(35)   Pre Evacuate Collection Set: 0.1ms
[2024-08-28T13:05:53.775+0000][info][gc,phases      ] GC(35)   Merge Heap Roots: 0.3ms
[2024-08-28T13:05:53.775+0000][info][gc,phases      ] GC(35)   Evacuate Collection Set: 12.7ms
[2024-08-28T13:05:53.775+0000][info][gc,phases      ] GC(35)   Post Evacuate Collection Set: 0.5ms
[2024-08-28T13:05:53.775+0000][info][gc,phases      ] GC(35)   Other: 0.2ms
[2024-08-28T13:05:53.775+0000][info][gc,heap        ] GC(35) Eden regions: 46->0(43)
[2024-08-28T13:05:53.775+0000][info][gc,heap        ] GC(35) Survivor regions: 11->8(8)
[2024-08-28T13:05:53.775+0000][info][gc,heap        ] GC(35) Old regions: 755->808
[2024-08-28T13:05:53.775+0000][info][gc,heap        ] GC(35) Archive regions: 2->2
[2024-08-28T13:05:53.775+0000][info][gc,heap        ] GC(35) Humongous regions: 5->5
[2024-08-28T13:05:53.775+0000][info][gc,metaspace   ] GC(35) Metaspace: 100K(320K)->100K(320K) NonClass: 96K(192K)->96K(192K) Class: 4K(128K)->4K(128K)
[2024-08-28T13:05:53.775+0000][info][gc             ] GC(35) Pause Young (Normal) (G1 Evacuation Pause) 806M->809M(1024M) 13.931ms
[2024-08-28T13:05:53.775+0000][info][gc,cpu         ] GC(35) User=0.31s Sys=0.00s Real=0.01s
[2024-08-28T13:05:53.778+0000][info][gc,marking     ] GC(33) Concurrent Rebuild Remembered Sets 84.767ms
[2024-08-28T13:05:53.779+0000][info][gc,start       ] GC(33) Pause Cleanup
[2024-08-28T13:05:53.780+0000][info][gc             ] GC(33) Pause Cleanup 815M->815M(1024M) 1.094ms
[2024-08-28T13:05:53.780+0000][info][gc,cpu         ] GC(33) User=0.01s Sys=0.00s Real=0.00s
[2024-08-28T13:05:53.780+0000][info][gc,marking     ] GC(33) Concurrent Cleanup for Next Mark
[2024-08-28T13:05:53.781+0000][info][gc,marking     ] GC(33) Concurrent Cleanup for Next Mark 0.896ms
[2024-08-28T13:05:53.781+0000][info][gc             ] GC(33) Concurrent Mark Cycle 114.015ms
[2024-08-28T13:05:53.803+0000][info][gc,start       ] GC(36) Pause Young (Prepare Mixed) (G1 Evacuation Pause)
[2024-08-28T13:05:53.803+0000][info][gc,task        ] GC(36) Using 24 workers of 68 for evacuation
[2024-08-28T13:05:53.816+0000][info][gc,phases      ] GC(36)   Pre Evacuate Collection Set: 0.1ms
[2024-08-28T13:05:53.816+0000][info][gc,phases      ] GC(36)   Merge Heap Roots: 0.4ms
[2024-08-28T13:05:53.816+0000][info][gc,phases      ] GC(36)   Evacuate Collection Set: 11.8ms
[2024-08-28T13:05:53.816+0000][info][gc,phases      ] GC(36)   Post Evacuate Collection Set: 0.3ms
[2024-08-28T13:05:53.816+0000][info][gc,phases      ] GC(36)   Other: 0.2ms
[2024-08-28T13:05:53.816+0000][info][gc,heap        ] GC(36) Eden regions: 43->0(44)
[2024-08-28T13:05:53.816+0000][info][gc,heap        ] GC(36) Survivor regions: 8->7(7)
[2024-08-28T13:05:53.816+0000][info][gc,heap        ] GC(36) Old regions: 808->855
[2024-08-28T13:05:53.816+0000][info][gc,heap        ] GC(36) Archive regions: 2->2
[2024-08-28T13:05:53.816+0000][info][gc,heap        ] GC(36) Humongous regions: 5->5
[2024-08-28T13:05:53.816+0000][info][gc,metaspace   ] GC(36) Metaspace: 100K(320K)->100K(320K) NonClass: 96K(192K)->96K(192K) Class: 4K(128K)->4K(128K)
[2024-08-28T13:05:53.816+0000][info][gc             ] GC(36) Pause Young (Prepare Mixed) (G1 Evacuation Pause) 852M->856M(1024M) 12.979ms
[2024-08-28T13:05:53.816+0000][info][gc,cpu         ] GC(36) User=0.29s Sys=0.01s Real=0.01s
[2024-08-28T13:05:53.840+0000][info][gc,start       ] GC(37) Pause Young (Mixed) (G1 Evacuation Pause)
[2024-08-28T13:05:53.840+0000][info][gc,task        ] GC(37) Using 24 workers of 68 for evacuation
[2024-08-28T13:05:53.852+0000][info][gc,phases      ] GC(37)   Pre Evacuate Collection Set: 0.2ms
[2024-08-28T13:05:53.852+0000][info][gc,phases      ] GC(37)   Merge Heap Roots: 0.5ms
[2024-08-28T13:05:53.852+0000][info][gc,phases      ] GC(37)   Evacuate Collection Set: 11.2ms
[2024-08-28T13:05:53.852+0000][info][gc,phases      ] GC(37)   Post Evacuate Collection Set: 0.4ms
[2024-08-28T13:05:53.852+0000][info][gc,phases      ] GC(37)   Other: 0.2ms
[2024-08-28T13:05:53.852+0000][info][gc,heap        ] GC(37) Eden regions: 44->0(44)
[2024-08-28T13:05:53.852+0000][info][gc,heap        ] GC(37) Survivor regions: 7->7(7)
[2024-08-28T13:05:53.852+0000][info][gc,heap        ] GC(37) Old regions: 855->799
[2024-08-28T13:05:53.852+0000][info][gc,heap        ] GC(37) Archive regions: 2->2
[2024-08-28T13:05:53.852+0000][info][gc,heap        ] GC(37) Humongous regions: 5->5
[2024-08-28T13:05:53.852+0000][info][gc,metaspace   ] GC(37) Metaspace: 100K(320K)->100K(320K) NonClass: 96K(192K)->96K(192K) Class: 4K(128K)->4K(128K)
[2024-08-28T13:05:53.852+0000][info][gc             ] GC(37) Pause Young (Mixed) (G1 Evacuation Pause) 900M->806M(1024M) 12.640ms
[2024-08-28T13:05:53.852+0000][info][gc,cpu         ] GC(37) User=0.28s Sys=0.00s Real=0.01s
[2024-08-28T13:05:53.876+0000][info][gc,start       ] GC(38) Pause Young (Mixed) (G1 Evacuation Pause)
[2024-08-28T13:05:53.876+0000][info][gc,task        ] GC(38) Using 24 workers of 68 for evacuation
[2024-08-28T13:05:53.889+0000][info][gc,phases      ] GC(38)   Pre Evacuate Collection Set: 0.2ms
[2024-08-28T13:05:53.889+0000][info][gc,phases      ] GC(38)   Merge Heap Roots: 0.5ms
[2024-08-28T13:05:53.889+0000][info][gc,phases      ] GC(38)   Evacuate Collection Set: 11.2ms
[2024-08-28T13:05:53.889+0000][info][gc,phases      ] GC(38)   Post Evacuate Collection Set: 0.4ms
[2024-08-28T13:05:53.889+0000][info][gc,phases      ] GC(38)   Other: 0.2ms
[2024-08-28T13:05:53.889+0000][info][gc,heap        ] GC(38) Eden regions: 44->0(48)
[2024-08-28T13:05:53.889+0000][info][gc,heap        ] GC(38) Survivor regions: 7->7(7)
[2024-08-28T13:05:53.889+0000][info][gc,heap        ] GC(38) Old regions: 799->754
[2024-08-28T13:05:53.889+0000][info][gc,heap        ] GC(38) Archive regions: 2->2
[2024-08-28T13:05:53.889+0000][info][gc,heap        ] GC(38) Humongous regions: 5->5
[2024-08-28T13:05:53.889+0000][info][gc,metaspace   ] GC(38) Metaspace: 100K(320K)->100K(320K) NonClass: 96K(192K)->96K(192K) Class: 4K(128K)->4K(128K)
[2024-08-28T13:05:53.889+0000][info][gc             ] GC(38) Pause Young (Mixed) (G1 Evacuation Pause) 850M->763M(1024M) 12.678ms
[2024-08-28T13:05:53.889+0000][info][gc,cpu         ] GC(38) User=0.28s Sys=0.00s Real=0.01s
[2024-08-28T13:05:53.916+0000][info][gc,start       ] GC(39) Pause Young (Concurrent Start) (G1 Evacuation Pause)
[2024-08-28T13:05:53.916+0000][info][gc,task        ] GC(39) Using 24 workers of 68 for evacuation
[2024-08-28T13:05:53.928+0000][info][gc,phases      ] GC(39)   Pre Evacuate Collection Set: 0.2ms
[2024-08-28T13:05:53.928+0000][info][gc,phases      ] GC(39)   Merge Heap Roots: 0.4ms
[2024-08-28T13:05:53.928+0000][info][gc,phases      ] GC(39)   Evacuate Collection Set: 10.3ms
[2024-08-28T13:05:53.928+0000][info][gc,phases      ] GC(39)   Post Evacuate Collection Set: 0.4ms
[2024-08-28T13:05:53.928+0000][info][gc,phases      ] GC(39)   Other: 0.9ms
[2024-08-28T13:05:53.928+0000][info][gc,heap        ] GC(39) Eden regions: 48->0(44)
[2024-08-28T13:05:53.928+0000][info][gc,heap        ] GC(39) Survivor regions: 7->7(7)
[2024-08-28T13:05:53.928+0000][info][gc,heap        ] GC(39) Old regions: 754->805
[2024-08-28T13:05:53.928+0000][info][gc,heap        ] GC(39) Archive regions: 2->2
[2024-08-28T13:05:53.928+0000][info][gc,heap        ] GC(39) Humongous regions: 5->5
[2024-08-28T13:05:53.928+0000][info][gc,metaspace   ] GC(39) Metaspace: 100K(320K)->100K(320K) NonClass: 96K(192K)->96K(192K) Class: 4K(128K)->4K(128K)
[2024-08-28T13:05:53.928+0000][info][gc             ] GC(39) Pause Young (Concurrent Start) (G1 Evacuation Pause) 811M->814M(1024M) 12.274ms
[2024-08-28T13:05:53.928+0000][info][gc,cpu         ] GC(39) User=0.25s Sys=0.00s Real=0.01s
[2024-08-28T13:05:53.928+0000][info][gc             ] GC(40) Concurrent Mark Cycle
[2024-08-28T13:05:53.928+0000][info][gc,marking     ] GC(40) Concurrent Clear Claimed Marks
[2024-08-28T13:05:53.928+0000][info][gc,marking     ] GC(40) Concurrent Clear Claimed Marks 0.009ms
[2024-08-28T13:05:53.928+0000][info][gc,marking     ] GC(40) Concurrent Scan Root Regions
[2024-08-28T13:05:53.930+0000][info][gc,marking     ] GC(40) Concurrent Scan Root Regions 2.004ms
[2024-08-28T13:05:53.930+0000][info][gc,marking     ] GC(40) Concurrent Mark
[2024-08-28T13:05:53.930+0000][info][gc,marking     ] GC(40) Concurrent Mark From Roots
[2024-08-28T13:05:53.930+0000][info][gc,task        ] GC(40) Using 17 workers of 17 for marking
[2024-08-28T13:05:53.956+0000][info][gc,marking     ] GC(40) Concurrent Mark From Roots 25.187ms
[2024-08-28T13:05:53.956+0000][info][gc,marking     ] GC(40) Concurrent Preclean
[2024-08-28T13:05:53.956+0000][info][gc,marking     ] GC(40) Concurrent Preclean 0.696ms
[2024-08-28T13:05:53.957+0000][info][gc,start       ] GC(40) Pause Remark
[2024-08-28T13:05:53.958+0000][info][gc             ] GC(40) Pause Remark 849M->849M(1024M) 1.184ms
[2024-08-28T13:05:53.958+0000][info][gc,cpu         ] GC(40) User=0.00s Sys=0.00s Real=0.01s
[2024-08-28T13:05:53.958+0000][info][gc,marking     ] GC(40) Concurrent Mark 27.420ms
[2024-08-28T13:05:53.958+0000][info][gc,marking     ] GC(40) Concurrent Rebuild Remembered Sets
[2024-08-28T13:05:53.963+0000][info][gc,start       ] GC(41) Pause Young (Normal) (G1 Evacuation Pause)
[2024-08-28T13:05:53.964+0000][info][gc,task        ] GC(41) Using 24 workers of 68 for evacuation
[2024-08-28T13:05:53.974+0000][info][gc,phases      ] GC(41)   Pre Evacuate Collection Set: 0.2ms
[2024-08-28T13:05:53.974+0000][info][gc,phases      ] GC(41)   Merge Heap Roots: 0.2ms
[2024-08-28T13:05:53.974+0000][info][gc,phases      ] GC(41)   Evacuate Collection Set: 9.4ms
[2024-08-28T13:05:53.974+0000][info][gc,phases      ] GC(41)   Post Evacuate Collection Set: 0.5ms
[2024-08-28T13:05:53.974+0000][info][gc,phases      ] GC(41)   Other: 0.2ms
[2024-08-28T13:05:53.974+0000][info][gc,heap        ] GC(41) Eden regions: 44->0(44)
[2024-08-28T13:05:53.974+0000][info][gc,heap        ] GC(41) Survivor regions: 7->7(7)
[2024-08-28T13:05:53.974+0000][info][gc,heap        ] GC(41) Old regions: 805->851
[2024-08-28T13:05:53.974+0000][info][gc,heap        ] GC(41) Archive regions: 2->2
[2024-08-28T13:05:53.974+0000][info][gc,heap        ] GC(41) Humongous regions: 5->5
[2024-08-28T13:05:53.974+0000][info][gc,metaspace   ] GC(41) Metaspace: 100K(320K)->100K(320K) NonClass: 96K(192K)->96K(192K) Class: 4K(128K)->4K(128K)
[2024-08-28T13:05:53.974+0000][info][gc             ] GC(41) Pause Young (Normal) (G1 Evacuation Pause) 858M->860M(1024M) 10.559ms
[2024-08-28T13:05:53.974+0000][info][gc,cpu         ] GC(41) User=0.23s Sys=0.00s Real=0.01s
[2024-08-28T13:05:53.999+0000][info][gc,start       ] GC(42) Pause Young (Normal) (G1 Evacuation Pause)
[2024-08-28T13:05:53.999+0000][info][gc,task        ] GC(42) Using 24 workers of 68 for evacuation
[2024-08-28T13:05:54.014+0000][info][gc,phases      ] GC(42)   Pre Evacuate Collection Set: 0.1ms
[2024-08-28T13:05:54.014+0000][info][gc,phases      ] GC(42)   Merge Heap Roots: 0.5ms
[2024-08-28T13:05:54.014+0000][info][gc,phases      ] GC(42)   Evacuate Collection Set: 13.2ms
[2024-08-28T13:05:54.014+0000][info][gc,phases      ] GC(42)   Post Evacuate Collection Set: 0.6ms
[2024-08-28T13:05:54.014+0000][info][gc,phases      ] GC(42)   Other: 0.3ms
[2024-08-28T13:05:54.014+0000][info][gc,heap        ] GC(42) Eden regions: 44->0(44)
[2024-08-28T13:05:54.014+0000][info][gc,heap        ] GC(42) Survivor regions: 7->7(7)
[2024-08-28T13:05:54.014+0000][info][gc,heap        ] GC(42) Old regions: 851->897
[2024-08-28T13:05:54.014+0000][info][gc,heap        ] GC(42) Archive regions: 2->2
[2024-08-28T13:05:54.014+0000][info][gc,heap        ] GC(42) Humongous regions: 5->5
[2024-08-28T13:05:54.014+0000][info][gc,metaspace   ] GC(42) Metaspace: 100K(320K)->100K(320K) NonClass: 96K(192K)->96K(192K) Class: 4K(128K)->4K(128K)
[2024-08-28T13:05:54.014+0000][info][gc             ] GC(42) Pause Young (Normal) (G1 Evacuation Pause) 904M->906M(1024M) 14.843ms
[2024-08-28T13:05:54.014+0000][info][gc,cpu         ] GC(42) User=0.32s Sys=0.01s Real=0.01s
[2024-08-28T13:05:54.039+0000][info][gc,marking     ] GC(40) Concurrent Rebuild Remembered Sets 80.993ms
[2024-08-28T13:05:54.039+0000][info][gc,start       ] GC(40) Pause Cleanup
[2024-08-28T13:05:54.042+0000][info][gc             ] GC(40) Pause Cleanup 948M->948M(1024M) 2.927ms
[2024-08-28T13:05:54.042+0000][info][gc,cpu         ] GC(40) User=0.01s Sys=0.00s Real=0.00s
[2024-08-28T13:05:54.042+0000][info][gc,marking     ] GC(40) Concurrent Cleanup for Next Mark
[2024-08-28T13:05:54.043+0000][info][gc,marking     ] GC(40) Concurrent Cleanup for Next Mark 0.796ms
[2024-08-28T13:05:54.043+0000][info][gc             ] GC(40) Concurrent Mark Cycle 114.975ms
[2024-08-28T13:05:54.044+0000][info][gc,start       ] GC(43) Pause Young (Prepare Mixed) (G1 Evacuation Pause)
[2024-08-28T13:05:54.044+0000][info][gc,task        ] GC(43) Using 24 workers of 68 for evacuation
[2024-08-28T13:05:54.057+0000][info][gc,phases      ] GC(43)   Pre Evacuate Collection Set: 0.2ms
[2024-08-28T13:05:54.057+0000][info][gc,phases      ] GC(43)   Merge Heap Roots: 0.5ms
[2024-08-28T13:05:54.057+0000][info][gc,phases      ] GC(43)   Evacuate Collection Set: 11.9ms
[2024-08-28T13:05:54.057+0000][info][gc,phases      ] GC(43)   Post Evacuate Collection Set: 0.3ms
[2024-08-28T13:05:54.057+0000][info][gc,phases      ] GC(43)   Other: 0.2ms
[2024-08-28T13:05:54.057+0000][info][gc,heap        ] GC(43) Eden regions: 44->0(44)
[2024-08-28T13:05:54.057+0000][info][gc,heap        ] GC(43) Survivor regions: 7->7(7)
[2024-08-28T13:05:54.058+0000][info][gc,heap        ] GC(43) Old regions: 897->943
[2024-08-28T13:05:54.058+0000][info][gc,heap        ] GC(43) Archive regions: 2->2
[2024-08-28T13:05:54.058+0000][info][gc,heap        ] GC(43) Humongous regions: 5->5
[2024-08-28T13:05:54.058+0000][info][gc,metaspace   ] GC(43) Metaspace: 100K(320K)->100K(320K) NonClass: 96K(192K)->96K(192K) Class: 4K(128K)->4K(128K)
[2024-08-28T13:05:54.058+0000][info][gc             ] GC(43) Pause Young (Prepare Mixed) (G1 Evacuation Pause) 950M->952M(1024M) 13.157ms
[2024-08-28T13:05:54.058+0000][info][gc,cpu         ] GC(43) User=0.29s Sys=0.00s Real=0.02s
[2024-08-28T13:05:54.073+0000][info][gc,start       ] GC(44) Pause Young (Mixed) (G1 Preventive Collection)
[2024-08-28T13:05:54.073+0000][info][gc,task        ] GC(44) Using 24 workers of 68 for evacuation
[2024-08-28T13:05:54.083+0000][info][gc,phases      ] GC(44)   Pre Evacuate Collection Set: 0.1ms
[2024-08-28T13:05:54.083+0000][info][gc,phases      ] GC(44)   Merge Heap Roots: 0.2ms
[2024-08-28T13:05:54.083+0000][info][gc,phases      ] GC(44)   Evacuate Collection Set: 8.8ms
[2024-08-28T13:05:54.083+0000][info][gc,phases      ] GC(44)   Post Evacuate Collection Set: 0.4ms
[2024-08-28T13:05:54.083+0000][info][gc,phases      ] GC(44)   Other: 0.2ms
[2024-08-28T13:05:54.083+0000][info][gc,heap        ] GC(44) Eden regions: 28->0(44)
[2024-08-28T13:05:54.083+0000][info][gc,heap        ] GC(44) Survivor regions: 7->7(7)
[2024-08-28T13:05:54.083+0000][info][gc,heap        ] GC(44) Old regions: 943->872
[2024-08-28T13:05:54.083+0000][info][gc,heap        ] GC(44) Archive regions: 2->2
[2024-08-28T13:05:54.083+0000][info][gc,heap        ] GC(44) Humongous regions: 5->5
[2024-08-28T13:05:54.083+0000][info][gc,metaspace   ] GC(44) Metaspace: 100K(320K)->100K(320K) NonClass: 96K(192K)->96K(192K) Class: 4K(128K)->4K(128K)
[2024-08-28T13:05:54.083+0000][info][gc             ] GC(44) Pause Young (Mixed) (G1 Preventive Collection) 980M->883M(1024M) 9.833ms
[2024-08-28T13:05:54.083+0000][info][gc,cpu         ] GC(44) User=0.21s Sys=0.00s Real=0.01s
[2024-08-28T13:05:54.107+0000][info][gc,start       ] GC(45) Pause Young (Mixed) (G1 Evacuation Pause)
[2024-08-28T13:05:54.107+0000][info][gc,task        ] GC(45) Using 24 workers of 68 for evacuation
[2024-08-28T13:05:54.119+0000][info][gc,phases      ] GC(45)   Pre Evacuate Collection Set: 0.2ms
[2024-08-28T13:05:54.119+0000][info][gc,phases      ] GC(45)   Merge Heap Roots: 0.4ms
[2024-08-28T13:05:54.119+0000][info][gc,phases      ] GC(45)   Evacuate Collection Set: 10.7ms
[2024-08-28T13:05:54.119+0000][info][gc,phases      ] GC(45)   Post Evacuate Collection Set: 0.4ms
[2024-08-28T13:05:54.119+0000][info][gc,phases      ] GC(45)   Other: 0.3ms
[2024-08-28T13:05:54.119+0000][info][gc,heap        ] GC(45) Eden regions: 44->0(44)
[2024-08-28T13:05:54.119+0000][info][gc,heap        ] GC(45) Survivor regions: 7->7(7)
[2024-08-28T13:05:54.119+0000][info][gc,heap        ] GC(45) Old regions: 872->814
[2024-08-28T13:05:54.119+0000][info][gc,heap        ] GC(45) Archive regions: 2->2
[2024-08-28T13:05:54.119+0000][info][gc,heap        ] GC(45) Humongous regions: 5->5
[2024-08-28T13:05:54.119+0000][info][gc,metaspace   ] GC(45) Metaspace: 100K(320K)->100K(320K) NonClass: 96K(192K)->96K(192K) Class: 4K(128K)->4K(128K)
[2024-08-28T13:05:54.119+0000][info][gc             ] GC(45) Pause Young (Mixed) (G1 Evacuation Pause) 927M->826M(1024M) 12.105ms
[2024-08-28T13:05:54.119+0000][info][gc,cpu         ] GC(45) User=0.26s Sys=0.00s Real=0.02s
[2024-08-28T13:05:54.142+0000][info][gc,start       ] GC(46) Pause Young (Mixed) (G1 Evacuation Pause)
[2024-08-28T13:05:54.142+0000][info][gc,task        ] GC(46) Using 24 workers of 68 for evacuation
[2024-08-28T13:05:54.157+0000][info][gc,phases      ] GC(46)   Pre Evacuate Collection Set: 0.2ms
[2024-08-28T13:05:54.157+0000][info][gc,phases      ] GC(46)   Merge Heap Roots: 0.4ms
[2024-08-28T13:05:54.157+0000][info][gc,phases      ] GC(46)   Evacuate Collection Set: 13.2ms
[2024-08-28T13:05:54.157+0000][info][gc,phases      ] GC(46)   Post Evacuate Collection Set: 0.4ms
[2024-08-28T13:05:54.157+0000][info][gc,phases      ] GC(46)   Other: 0.3ms
[2024-08-28T13:05:54.157+0000][info][gc,heap        ] GC(46) Eden regions: 44->0(44)
[2024-08-28T13:05:54.157+0000][info][gc,heap        ] GC(46) Survivor regions: 7->7(7)
[2024-08-28T13:05:54.157+0000][info][gc,heap        ] GC(46) Old regions: 814->775
[2024-08-28T13:05:54.157+0000][info][gc,heap        ] GC(46) Archive regions: 2->2
[2024-08-28T13:05:54.157+0000][info][gc,heap        ] GC(46) Humongous regions: 5->5
[2024-08-28T13:05:54.157+0000][info][gc,metaspace   ] GC(46) Metaspace: 100K(320K)->100K(320K) NonClass: 96K(192K)->96K(192K) Class: 4K(128K)->4K(128K)
[2024-08-28T13:05:54.157+0000][info][gc             ] GC(46) Pause Young (Mixed) (G1 Evacuation Pause) 870M->787M(1024M) 14.437ms
[2024-08-28T13:05:54.157+0000][info][gc,cpu         ] GC(46) User=0.32s Sys=0.00s Real=0.01s
[2024-08-28T13:05:54.180+0000][info][gc,start       ] GC(47) Pause Young (Mixed) (G1 Evacuation Pause)
[2024-08-28T13:05:54.180+0000][info][gc,task        ] GC(47) Using 24 workers of 68 for evacuation
[2024-08-28T13:05:54.194+0000][info][gc,phases      ] GC(47)   Pre Evacuate Collection Set: 0.2ms
[2024-08-28T13:05:54.194+0000][info][gc,phases      ] GC(47)   Merge Heap Roots: 0.4ms
[2024-08-28T13:05:54.194+0000][info][gc,phases      ] GC(47)   Evacuate Collection Set: 12.7ms
[2024-08-28T13:05:54.194+0000][info][gc,phases      ] GC(47)   Post Evacuate Collection Set: 0.3ms
[2024-08-28T13:05:54.194+0000][info][gc,phases      ] GC(47)   Other: 0.3ms
[2024-08-28T13:05:54.194+0000][info][gc,heap        ] GC(47) Eden regions: 44->0(44)
[2024-08-28T13:05:54.194+0000][info][gc,heap        ] GC(47) Survivor regions: 7->7(7)
[2024-08-28T13:05:54.194+0000][info][gc,heap        ] GC(47) Old regions: 775->799
[2024-08-28T13:05:54.194+0000][info][gc,heap        ] GC(47) Archive regions: 2->2
[2024-08-28T13:05:54.194+0000][info][gc,heap        ] GC(47) Humongous regions: 5->5
[2024-08-28T13:05:54.194+0000][info][gc,metaspace   ] GC(47) Metaspace: 100K(320K)->100K(320K) NonClass: 96K(192K)->96K(192K) Class: 4K(128K)->4K(128K)
[2024-08-28T13:05:54.194+0000][info][gc             ] GC(47) Pause Young (Mixed) (G1 Evacuation Pause) 831M->811M(1024M) 13.936ms
[2024-08-28T13:05:54.194+0000][info][gc,cpu         ] GC(47) User=0.27s Sys=0.04s Real=0.01s
[2024-08-28T13:05:54.218+0000][info][gc,start       ] GC(48) Pause Young (Concurrent Start) (G1 Evacuation Pause)
[2024-08-28T13:05:54.218+0000][info][gc,task        ] GC(48) Using 24 workers of 68 for evacuation
[2024-08-28T13:05:54.230+0000][info][gc,phases      ] GC(48)   Pre Evacuate Collection Set: 0.1ms
[2024-08-28T13:05:54.230+0000][info][gc,phases      ] GC(48)   Merge Heap Roots: 0.4ms
[2024-08-28T13:05:54.230+0000][info][gc,phases      ] GC(48)   Evacuate Collection Set: 10.5ms
[2024-08-28T13:05:54.230+0000][info][gc,phases      ] GC(48)   Post Evacuate Collection Set: 0.3ms
[2024-08-28T13:05:54.230+0000][info][gc,phases      ] GC(48)   Other: 0.7ms
[2024-08-28T13:05:54.230+0000][info][gc,heap        ] GC(48) Eden regions: 44->0(44)
[2024-08-28T13:05:54.230+0000][info][gc,heap        ] GC(48) Survivor regions: 7->7(7)
[2024-08-28T13:05:54.230+0000][info][gc,heap        ] GC(48) Old regions: 799->846
[2024-08-28T13:05:54.230+0000][info][gc,heap        ] GC(48) Archive regions: 2->2
[2024-08-28T13:05:54.230+0000][info][gc,heap        ] GC(48) Humongous regions: 5->5
[2024-08-28T13:05:54.230+0000][info][gc,metaspace   ] GC(48) Metaspace: 100K(320K)->100K(320K) NonClass: 96K(192K)->96K(192K) Class: 4K(128K)->4K(128K)
[2024-08-28T13:05:54.230+0000][info][gc             ] GC(48) Pause Young (Concurrent Start) (G1 Evacuation Pause) 855M->858M(1024M) 12.261ms
[2024-08-28T13:05:54.230+0000][info][gc,cpu         ] GC(48) User=0.25s Sys=0.01s Real=0.01s
[2024-08-28T13:05:54.230+0000][info][gc             ] GC(49) Concurrent Mark Cycle
[2024-08-28T13:05:54.230+0000][info][gc,marking     ] GC(49) Concurrent Clear Claimed Marks
[2024-08-28T13:05:54.230+0000][info][gc,marking     ] GC(49) Concurrent Clear Claimed Marks 0.011ms
[2024-08-28T13:05:54.230+0000][info][gc,marking     ] GC(49) Concurrent Scan Root Regions
[2024-08-28T13:05:54.232+0000][info][gc,marking     ] GC(49) Concurrent Scan Root Regions 1.777ms
[2024-08-28T13:05:54.232+0000][info][gc,marking     ] GC(49) Concurrent Mark
[2024-08-28T13:05:54.232+0000][info][gc,marking     ] GC(49) Concurrent Mark From Roots
[2024-08-28T13:05:54.232+0000][info][gc,task        ] GC(49) Using 17 workers of 17 for marking
[2024-08-28T13:05:54.258+0000][info][gc,marking     ] GC(49) Concurrent Mark From Roots 25.507ms
[2024-08-28T13:05:54.258+0000][info][gc,marking     ] GC(49) Concurrent Preclean
[2024-08-28T13:05:54.258+0000][info][gc,marking     ] GC(49) Concurrent Preclean 0.682ms
[2024-08-28T13:05:54.259+0000][info][gc,start       ] GC(49) Pause Remark
[2024-08-28T13:05:54.260+0000][info][gc             ] GC(49) Pause Remark 895M->895M(1024M) 1.252ms
[2024-08-28T13:05:54.260+0000][info][gc,cpu         ] GC(49) User=0.01s Sys=0.00s Real=0.00s
[2024-08-28T13:05:54.260+0000][info][gc,marking     ] GC(49) Concurrent Mark 27.794ms
[2024-08-28T13:05:54.260+0000][info][gc,marking     ] GC(49) Concurrent Rebuild Remembered Sets
[2024-08-28T13:05:54.264+0000][info][gc,start       ] GC(50) Pause Young (Normal) (G1 Evacuation Pause)
[2024-08-28T13:05:54.264+0000][info][gc,task        ] GC(50) Using 24 workers of 68 for evacuation
[2024-08-28T13:05:54.275+0000][info][gc,phases      ] GC(50)   Pre Evacuate Collection Set: 0.1ms
[2024-08-28T13:05:54.276+0000][info][gc,phases      ] GC(50)   Merge Heap Roots: 0.4ms
[2024-08-28T13:05:54.276+0000][info][gc,phases      ] GC(50)   Evacuate Collection Set: 10.0ms
[2024-08-28T13:05:54.276+0000][info][gc,phases      ] GC(50)   Post Evacuate Collection Set: 0.4ms
[2024-08-28T13:05:54.276+0000][info][gc,phases      ] GC(50)   Other: 0.2ms
[2024-08-28T13:05:54.276+0000][info][gc,heap        ] GC(50) Eden regions: 44->0(44)
[2024-08-28T13:05:54.276+0000][info][gc,heap        ] GC(50) Survivor regions: 7->7(7)
[2024-08-28T13:05:54.276+0000][info][gc,heap        ] GC(50) Old regions: 846->893
[2024-08-28T13:05:54.276+0000][info][gc,heap        ] GC(50) Archive regions: 2->2
[2024-08-28T13:05:54.276+0000][info][gc,heap        ] GC(50) Humongous regions: 5->5
[2024-08-28T13:05:54.276+0000][info][gc,metaspace   ] GC(50) Metaspace: 100K(320K)->100K(320K) NonClass: 96K(192K)->96K(192K) Class: 4K(128K)->4K(128K)
[2024-08-28T13:05:54.276+0000][info][gc             ] GC(50) Pause Young (Normal) (G1 Evacuation Pause) 902M->905M(1024M) 11.236ms
[2024-08-28T13:05:54.276+0000][info][gc,cpu         ] GC(50) User=0.25s Sys=0.00s Real=0.01s
[2024-08-28T13:05:54.302+0000][info][gc,start       ] GC(51) Pause Young (Normal) (G1 Evacuation Pause)
[2024-08-28T13:05:54.303+0000][info][gc,task        ] GC(51) Using 24 workers of 68 for evacuation
[2024-08-28T13:05:54.322+0000][info][gc,phases      ] GC(51)   Pre Evacuate Collection Set: 0.1ms
[2024-08-28T13:05:54.322+0000][info][gc,phases      ] GC(51)   Merge Heap Roots: 0.5ms
[2024-08-28T13:05:54.322+0000][info][gc,phases      ] GC(51)   Evacuate Collection Set: 17.8ms
[2024-08-28T13:05:54.322+0000][info][gc,phases      ] GC(51)   Post Evacuate Collection Set: 0.5ms
[2024-08-28T13:05:54.322+0000][info][gc,phases      ] GC(51)   Other: 0.2ms
[2024-08-28T13:05:54.322+0000][info][gc,heap        ] GC(51) Eden regions: 44->0(44)
[2024-08-28T13:05:54.322+0000][info][gc,heap        ] GC(51) Survivor regions: 7->7(7)
[2024-08-28T13:05:54.322+0000][info][gc,heap        ] GC(51) Old regions: 893->940
[2024-08-28T13:05:54.322+0000][info][gc,heap        ] GC(51) Archive regions: 2->2
[2024-08-28T13:05:54.322+0000][info][gc,heap        ] GC(51) Humongous regions: 5->5
[2024-08-28T13:05:54.322+0000][info][gc,metaspace   ] GC(51) Metaspace: 100K(320K)->100K(320K) NonClass: 96K(192K)->96K(192K) Class: 4K(128K)->4K(128K)
[2024-08-28T13:05:54.322+0000][info][gc             ] GC(51) Pause Young (Normal) (G1 Evacuation Pause) 949M->952M(1024M) 19.196ms
[2024-08-28T13:05:54.322+0000][info][gc,cpu         ] GC(51) User=0.37s Sys=0.08s Real=0.02s
[2024-08-28T13:05:54.344+0000][info][gc,start       ] GC(52) Pause Young (Normal) (G1 Preventive Collection)
[2024-08-28T13:05:54.344+0000][info][gc,task        ] GC(52) Using 24 workers of 68 for evacuation
[2024-08-28T13:05:54.358+0000][info][gc,phases      ] GC(52)   Pre Evacuate Collection Set: 0.1ms
[2024-08-28T13:05:54.358+0000][info][gc,phases      ] GC(52)   Merge Heap Roots: 0.5ms
[2024-08-28T13:05:54.358+0000][info][gc,phases      ] GC(52)   Evacuate Collection Set: 13.6ms
[2024-08-28T13:05:54.358+0000][info][gc,phases      ] GC(52)   Post Evacuate Collection Set: 0.5ms
[2024-08-28T13:05:54.358+0000][info][gc,phases      ] GC(52)   Other: 0.2ms
[2024-08-28T13:05:54.358+0000][info][gc,heap        ] GC(52) Eden regions: 30->0(44)
[2024-08-28T13:05:54.358+0000][info][gc,heap        ] GC(52) Survivor regions: 7->7(7)
[2024-08-28T13:05:54.358+0000][info][gc,heap        ] GC(52) Old regions: 940->973
[2024-08-28T13:05:54.358+0000][info][gc,heap        ] GC(52) Archive regions: 2->2
[2024-08-28T13:05:54.359+0000][info][gc,heap        ] GC(52) Humongous regions: 5->5
[2024-08-28T13:05:54.359+0000][info][gc,metaspace   ] GC(52) Metaspace: 100K(320K)->100K(320K) NonClass: 96K(192K)->96K(192K) Class: 4K(128K)->4K(128K)
[2024-08-28T13:05:54.359+0000][info][gc             ] GC(52) Pause Young (Normal) (G1 Preventive Collection) 982M->985M(1024M) 14.955ms
[2024-08-28T13:05:54.359+0000][info][gc,cpu         ] GC(52) User=0.26s Sys=0.08s Real=0.02s
[2024-08-28T13:05:54.366+0000][info][gc,marking     ] GC(49) Concurrent Rebuild Remembered Sets 105.999ms
[2024-08-28T13:05:54.366+0000][info][gc,start       ] GC(49) Pause Cleanup
[2024-08-28T13:05:54.368+0000][info][gc             ] GC(49) Pause Cleanup 998M->998M(1024M) 1.653ms
[2024-08-28T13:05:54.368+0000][info][gc,cpu         ] GC(49) User=0.00s Sys=0.00s Real=0.00s
[2024-08-28T13:05:54.368+0000][info][gc,marking     ] GC(49) Concurrent Cleanup for Next Mark
[2024-08-28T13:05:54.369+0000][info][gc,marking     ] GC(49) Concurrent Cleanup for Next Mark 0.762ms
[2024-08-28T13:05:54.369+0000][info][gc             ] GC(49) Concurrent Mark Cycle 138.422ms
[2024-08-28T13:05:54.370+0000][info][gc,start       ] GC(53) Pause Young (Prepare Mixed) (G1 Preventive Collection)
[2024-08-28T13:05:54.370+0000][info][gc,task        ] GC(53) Using 24 workers of 68 for evacuation
[2024-08-28T13:05:54.380+0000][info][gc             ] GC(53) To-space exhausted
[2024-08-28T13:05:54.380+0000][info][gc,phases      ] GC(53)   Pre Evacuate Collection Set: 0.1ms
[2024-08-28T13:05:54.380+0000][info][gc,phases      ] GC(53)   Merge Heap Roots: 0.3ms
[2024-08-28T13:05:54.380+0000][info][gc,phases      ] GC(53)   Evacuate Collection Set: 9.5ms
[2024-08-28T13:05:54.380+0000][info][gc,phases      ] GC(53)   Post Evacuate Collection Set: 0.7ms
[2024-08-28T13:05:54.380+0000][info][gc,phases      ] GC(53)   Other: 0.2ms
[2024-08-28T13:05:54.380+0000][info][gc,heap        ] GC(53) Eden regions: 14->0(44)
[2024-08-28T13:05:54.380+0000][info][gc,heap        ] GC(53) Survivor regions: 7->7(7)
[2024-08-28T13:05:54.380+0000][info][gc,heap        ] GC(53) Old regions: 973->1005
[2024-08-28T13:05:54.380+0000][info][gc,heap        ] GC(53) Archive regions: 2->2
[2024-08-28T13:05:54.380+0000][info][gc,heap        ] GC(53) Humongous regions: 5->5
[2024-08-28T13:05:54.380+0000][info][gc,metaspace   ] GC(53) Metaspace: 100K(320K)->100K(320K) NonClass: 96K(192K)->96K(192K) Class: 4K(128K)->4K(128K)
[2024-08-28T13:05:54.380+0000][info][gc             ] GC(53) Pause Young (Prepare Mixed) (G1 Preventive Collection) 999M->1017M(1024M) 10.855ms
[2024-08-28T13:05:54.380+0000][info][gc,cpu         ] GC(53) User=0.23s Sys=0.00s Real=0.01s
[2024-08-28T13:05:54.381+0000][info][gc,start       ] GC(54) Pause Young (Mixed) (G1 Preventive Collection)
[2024-08-28T13:05:54.381+0000][info][gc,task        ] GC(54) Using 24 workers of 68 for evacuation
[2024-08-28T13:05:54.385+0000][info][gc             ] GC(54) To-space exhausted
[2024-08-28T13:05:54.385+0000][info][gc,phases      ] GC(54)   Pre Evacuate Collection Set: 0.2ms
[2024-08-28T13:05:54.385+0000][info][gc,phases      ] GC(54)   Merge Heap Roots: 0.3ms
[2024-08-28T13:05:54.385+0000][info][gc,phases      ] GC(54)   Evacuate Collection Set: 2.8ms
[2024-08-28T13:05:54.385+0000][info][gc,phases      ] GC(54)   Post Evacuate Collection Set: 0.7ms
[2024-08-28T13:05:54.385+0000][info][gc,phases      ] GC(54)   Other: 0.2ms
[2024-08-28T13:05:54.385+0000][info][gc,heap        ] GC(54) Eden regions: 1->0(50)
[2024-08-28T13:05:54.385+0000][info][gc,heap        ] GC(54) Survivor regions: 7->1(4)
[2024-08-28T13:05:54.385+0000][info][gc,heap        ] GC(54) Old regions: 1005->1016
[2024-08-28T13:05:54.385+0000][info][gc,heap        ] GC(54) Archive regions: 2->2
[2024-08-28T13:05:54.385+0000][info][gc,heap        ] GC(54) Humongous regions: 5->5
[2024-08-28T13:05:54.385+0000][info][gc,metaspace   ] GC(54) Metaspace: 100K(320K)->100K(320K) NonClass: 96K(192K)->96K(192K) Class: 4K(128K)->4K(128K)
[2024-08-28T13:05:54.385+0000][info][gc             ] GC(54) Pause Young (Mixed) (G1 Preventive Collection) 1018M->1022M(1024M) 4.246ms
[2024-08-28T13:05:54.385+0000][info][gc,cpu         ] GC(54) User=0.08s Sys=0.00s Real=0.00s
[2024-08-28T13:05:54.385+0000][info][gc,ergo        ] Attempting full compaction
[2024-08-28T13:05:54.385+0000][info][gc,task        ] GC(55) Using 24 workers of 68 for full compaction
[2024-08-28T13:05:54.386+0000][info][gc,start       ] GC(55) Pause Full (G1 Compaction Pause)
[2024-08-28T13:05:54.386+0000][info][gc,phases,start] GC(55) Phase 1: Mark live objects
[2024-08-28T13:05:54.402+0000][info][gc,phases      ] GC(55) Phase 1: Mark live objects 15.648ms
[2024-08-28T13:05:54.402+0000][info][gc,phases,start] GC(55) Phase 2: Prepare for compaction
[2024-08-28T13:05:54.411+0000][info][gc,phases      ] GC(55) Phase 2: Prepare for compaction 9.040ms
[2024-08-28T13:05:54.411+0000][info][gc,phases,start] GC(55) Phase 3: Adjust pointers
[2024-08-28T13:05:54.429+0000][info][gc,phases      ] GC(55) Phase 3: Adjust pointers 17.788ms
[2024-08-28T13:05:54.429+0000][info][gc,phases,start] GC(55) Phase 4: Compact heap
[2024-08-28T13:05:54.460+0000][info][gc,phases      ] GC(55) Phase 4: Compact heap 30.730ms
[2024-08-28T13:05:54.461+0000][info][gc,heap        ] GC(55) Eden regions: 0->0(151)
[2024-08-28T13:05:54.461+0000][info][gc,heap        ] GC(55) Survivor regions: 1->0(4)
[2024-08-28T13:05:54.461+0000][info][gc,heap        ] GC(55) Old regions: 1016->441
[2024-08-28T13:05:54.461+0000][info][gc,heap        ] GC(55) Archive regions: 2->2
[2024-08-28T13:05:54.461+0000][info][gc,heap        ] GC(55) Humongous regions: 5->5
[2024-08-28T13:05:54.461+0000][info][gc,metaspace   ] GC(55) Metaspace: 100K(320K)->100K(320K) NonClass: 96K(192K)->96K(192K) Class: 4K(128K)->4K(128K)
[2024-08-28T13:05:54.461+0000][info][gc             ] GC(55) Pause Full (G1 Compaction Pause) 1022M->436M(1024M) 74.879ms
[2024-08-28T13:05:54.461+0000][info][gc,cpu         ] GC(55) User=1.53s Sys=0.05s Real=0.08s
[2024-08-28T13:05:54.550+0000][info][gc,start       ] GC(56) Pause Young (Normal) (G1 Evacuation Pause)
[2024-08-28T13:05:54.550+0000][info][gc,task        ] GC(56) Using 24 workers of 68 for evacuation
[2024-08-28T13:05:54.573+0000][info][gc,phases      ] GC(56)   Pre Evacuate Collection Set: 0.2ms
[2024-08-28T13:05:54.574+0000][info][gc,phases      ] GC(56)   Merge Heap Roots: 0.4ms
[2024-08-28T13:05:54.574+0000][info][gc,phases      ] GC(56)   Evacuate Collection Set: 22.8ms
[2024-08-28T13:05:54.574+0000][info][gc,phases      ] GC(56)   Post Evacuate Collection Set: 0.4ms
[2024-08-28T13:05:54.574+0000][info][gc,phases      ] GC(56)   Other: 0.2ms
[2024-08-28T13:05:54.574+0000][info][gc,heap        ] GC(56) Eden regions: 151->0(104)
[2024-08-28T13:05:54.574+0000][info][gc,heap        ] GC(56) Survivor regions: 0->19(19)
[2024-08-28T13:05:54.574+0000][info][gc,heap        ] GC(56) Old regions: 441->568
[2024-08-28T13:05:54.574+0000][info][gc,heap        ] GC(56) Archive regions: 2->2
[2024-08-28T13:05:54.574+0000][info][gc,heap        ] GC(56) Humongous regions: 5->5
[2024-08-28T13:05:54.574+0000][info][gc,metaspace   ] GC(56) Metaspace: 100K(320K)->100K(320K) NonClass: 96K(192K)->96K(192K) Class: 4K(128K)->4K(128K)
[2024-08-28T13:05:54.574+0000][info][gc             ] GC(56) Pause Young (Normal) (G1 Evacuation Pause) 587M->582M(1024M) 24.116ms
[2024-08-28T13:05:54.574+0000][info][gc,cpu         ] GC(56) User=0.50s Sys=0.05s Real=0.02s
[2024-08-28T13:05:54.630+0000][info][gc,start       ] GC(57) Pause Young (Normal) (G1 Evacuation Pause)
[2024-08-28T13:05:54.631+0000][info][gc,task        ] GC(57) Using 24 workers of 68 for evacuation
[2024-08-28T13:05:54.651+0000][info][gc,phases      ] GC(57)   Pre Evacuate Collection Set: 0.1ms
[2024-08-28T13:05:54.651+0000][info][gc,phases      ] GC(57)   Merge Heap Roots: 0.3ms
[2024-08-28T13:05:54.651+0000][info][gc,phases      ] GC(57)   Evacuate Collection Set: 19.1ms
[2024-08-28T13:05:54.651+0000][info][gc,phases      ] GC(57)   Post Evacuate Collection Set: 0.4ms
[2024-08-28T13:05:54.651+0000][info][gc,phases      ] GC(57)   Other: 0.2ms
[2024-08-28T13:05:54.651+0000][info][gc,heap        ] GC(57) Eden regions: 104->0(69)
[2024-08-28T13:05:54.651+0000][info][gc,heap        ] GC(57) Survivor regions: 19->16(16)
[2024-08-28T13:05:54.651+0000][info][gc,heap        ] GC(57) Old regions: 568->678
[2024-08-28T13:05:54.651+0000][info][gc,heap        ] GC(57) Archive regions: 2->2
[2024-08-28T13:05:54.651+0000][info][gc,heap        ] GC(57) Humongous regions: 5->5
[2024-08-28T13:05:54.651+0000][info][gc,metaspace   ] GC(57) Metaspace: 100K(320K)->100K(320K) NonClass: 96K(192K)->96K(192K) Class: 4K(128K)->4K(128K)
[2024-08-28T13:05:54.651+0000][info][gc             ] GC(57) Pause Young (Normal) (G1 Evacuation Pause) 686M->689M(1024M) 20.251ms
[2024-08-28T13:05:54.651+0000][info][gc,cpu         ] GC(57) User=0.46s Sys=0.00s Real=0.02s
[2024-08-28T13:05:54.689+0000][info][gc,start       ] GC(58) Pause Young (Concurrent Start) (G1 Evacuation Pause)
[2024-08-28T13:05:54.689+0000][info][gc,task        ] GC(58) Using 24 workers of 68 for evacuation
[2024-08-28T13:05:54.706+0000][info][gc,phases      ] GC(58)   Pre Evacuate Collection Set: 0.2ms
[2024-08-28T13:05:54.706+0000][info][gc,phases      ] GC(58)   Merge Heap Roots: 0.4ms
[2024-08-28T13:05:54.706+0000][info][gc,phases      ] GC(58)   Evacuate Collection Set: 15.7ms
[2024-08-28T13:05:54.706+0000][info][gc,phases      ] GC(58)   Post Evacuate Collection Set: 0.3ms
[2024-08-28T13:05:54.706+0000][info][gc,phases      ] GC(58)   Other: 0.8ms
[2024-08-28T13:05:54.706+0000][info][gc,heap        ] GC(58) Eden regions: 69->0(46)
[2024-08-28T13:05:54.706+0000][info][gc,heap        ] GC(58) Survivor regions: 16->11(11)
[2024-08-28T13:05:54.706+0000][info][gc,heap        ] GC(58) Old regions: 678->756
[2024-08-28T13:05:54.706+0000][info][gc,heap        ] GC(58) Archive regions: 2->2
[2024-08-28T13:05:54.706+0000][info][gc,heap        ] GC(58) Humongous regions: 5->5
[2024-08-28T13:05:54.706+0000][info][gc,metaspace   ] GC(58) Metaspace: 100K(320K)->100K(320K) NonClass: 96K(192K)->96K(192K) Class: 4K(128K)->4K(128K)
[2024-08-28T13:05:54.706+0000][info][gc             ] GC(58) Pause Young (Concurrent Start) (G1 Evacuation Pause) 758M->761M(1024M) 17.461ms
[2024-08-28T13:05:54.706+0000][info][gc,cpu         ] GC(58) User=0.38s Sys=0.00s Real=0.02s
[2024-08-28T13:05:54.706+0000][info][gc             ] GC(59) Concurrent Mark Cycle
[2024-08-28T13:05:54.707+0000][info][gc,marking     ] GC(59) Concurrent Clear Claimed Marks
[2024-08-28T13:05:54.707+0000][info][gc,marking     ] GC(59) Concurrent Clear Claimed Marks 0.010ms
[2024-08-28T13:05:54.707+0000][info][gc,marking     ] GC(59) Concurrent Scan Root Regions
[2024-08-28T13:05:54.709+0000][info][gc,marking     ] GC(59) Concurrent Scan Root Regions 2.781ms
[2024-08-28T13:05:54.709+0000][info][gc,marking     ] GC(59) Concurrent Mark
[2024-08-28T13:05:54.709+0000][info][gc,marking     ] GC(59) Concurrent Mark From Roots
[2024-08-28T13:05:54.709+0000][info][gc,task        ] GC(59) Using 17 workers of 17 for marking
[2024-08-28T13:05:54.733+0000][info][gc,marking     ] GC(59) Concurrent Mark From Roots 23.315ms
[2024-08-28T13:05:54.733+0000][info][gc,marking     ] GC(59) Concurrent Preclean
[2024-08-28T13:05:54.734+0000][info][gc,marking     ] GC(59) Concurrent Preclean 0.764ms
[2024-08-28T13:05:54.734+0000][info][gc,start       ] GC(59) Pause Remark
[2024-08-28T13:05:54.735+0000][info][gc             ] GC(59) Pause Remark 796M->796M(1024M) 1.094ms
[2024-08-28T13:05:54.735+0000][info][gc,cpu         ] GC(59) User=0.01s Sys=0.00s Real=0.00s
[2024-08-28T13:05:54.735+0000][info][gc,marking     ] GC(59) Concurrent Mark 25.535ms
[2024-08-28T13:05:54.735+0000][info][gc,marking     ] GC(59) Concurrent Rebuild Remembered Sets
[2024-08-28T13:05:54.742+0000][info][gc,start       ] GC(60) Pause Young (Normal) (G1 Evacuation Pause)
[2024-08-28T13:05:54.742+0000][info][gc,task        ] GC(60) Using 24 workers of 68 for evacuation
[2024-08-28T13:05:54.754+0000][info][gc,phases      ] GC(60)   Pre Evacuate Collection Set: 0.1ms
[2024-08-28T13:05:54.754+0000][info][gc,phases      ] GC(60)   Merge Heap Roots: 0.2ms
[2024-08-28T13:05:54.754+0000][info][gc,phases      ] GC(60)   Evacuate Collection Set: 11.3ms
[2024-08-28T13:05:54.754+0000][info][gc,phases      ] GC(60)   Post Evacuate Collection Set: 0.4ms
[2024-08-28T13:05:54.754+0000][info][gc,phases      ] GC(60)   Other: 0.1ms
[2024-08-28T13:05:54.754+0000][info][gc,heap        ] GC(60) Eden regions: 46->0(43)
[2024-08-28T13:05:54.754+0000][info][gc,heap        ] GC(60) Survivor regions: 11->8(8)
[2024-08-28T13:05:54.754+0000][info][gc,heap        ] GC(60) Old regions: 756->809
[2024-08-28T13:05:54.754+0000][info][gc,heap        ] GC(60) Archive regions: 2->2
[2024-08-28T13:05:54.754+0000][info][gc,heap        ] GC(60) Humongous regions: 5->5
[2024-08-28T13:05:54.754+0000][info][gc,metaspace   ] GC(60) Metaspace: 100K(320K)->100K(320K) NonClass: 96K(192K)->96K(192K) Class: 4K(128K)->4K(128K)
[2024-08-28T13:05:54.754+0000][info][gc             ] GC(60) Pause Young (Normal) (G1 Evacuation Pause) 807M->811M(1024M) 12.273ms
[2024-08-28T13:05:54.754+0000][info][gc,cpu         ] GC(60) User=0.26s Sys=0.01s Real=0.01s
[2024-08-28T13:05:54.780+0000][info][gc,start       ] GC(61) Pause Young (Normal) (G1 Evacuation Pause)
[2024-08-28T13:05:54.780+0000][info][gc,task        ] GC(61) Using 24 workers of 68 for evacuation
[2024-08-28T13:05:54.796+0000][info][gc,phases      ] GC(61)   Pre Evacuate Collection Set: 0.1ms
[2024-08-28T13:05:54.796+0000][info][gc,phases      ] GC(61)   Merge Heap Roots: 0.4ms
[2024-08-28T13:05:54.796+0000][info][gc,phases      ] GC(61)   Evacuate Collection Set: 15.0ms
[2024-08-28T13:05:54.796+0000][info][gc,phases      ] GC(61)   Post Evacuate Collection Set: 0.5ms
[2024-08-28T13:05:54.796+0000][info][gc,phases      ] GC(61)   Other: 0.2ms
[2024-08-28T13:05:54.796+0000][info][gc,heap        ] GC(61) Eden regions: 43->0(44)
[2024-08-28T13:05:54.796+0000][info][gc,heap        ] GC(61) Survivor regions: 8->7(7)
[2024-08-28T13:05:54.796+0000][info][gc,heap        ] GC(61) Old regions: 809->856
[2024-08-28T13:05:54.796+0000][info][gc,heap        ] GC(61) Archive regions: 2->2
[2024-08-28T13:05:54.796+0000][info][gc,heap        ] GC(61) Humongous regions: 5->5
[2024-08-28T13:05:54.796+0000][info][gc,metaspace   ] GC(61) Metaspace: 100K(320K)->100K(320K) NonClass: 96K(192K)->96K(192K) Class: 4K(128K)->4K(128K)
[2024-08-28T13:05:54.796+0000][info][gc             ] GC(61) Pause Young (Normal) (G1 Evacuation Pause) 854M->857M(1024M) 16.461ms
[2024-08-28T13:05:54.796+0000][info][gc,cpu         ] GC(61) User=0.37s Sys=0.00s Real=0.01s
[2024-08-28T13:05:54.816+0000][info][gc,marking     ] GC(59) Concurrent Rebuild Remembered Sets 81.130ms
[2024-08-28T13:05:54.816+0000][info][gc,start       ] GC(59) Pause Cleanup
[2024-08-28T13:05:54.818+0000][info][gc             ] GC(59) Pause Cleanup 890M->890M(1024M) 1.183ms
[2024-08-28T13:05:54.818+0000][info][gc,cpu         ] GC(59) User=0.00s Sys=0.00s Real=0.01s
[2024-08-28T13:05:54.818+0000][info][gc,marking     ] GC(59) Concurrent Cleanup for Next Mark
[2024-08-28T13:05:54.818+0000][info][gc,marking     ] GC(59) Concurrent Cleanup for Next Mark 0.733ms
[2024-08-28T13:05:54.818+0000][info][gc             ] GC(59) Concurrent Mark Cycle 111.862ms
[2024-08-28T13:05:54.825+0000][info][gc,start       ] GC(62) Pause Young (Prepare Mixed) (G1 Evacuation Pause)
[2024-08-28T13:05:54.825+0000][info][gc,task        ] GC(62) Using 24 workers of 68 for evacuation
[2024-08-28T13:05:54.841+0000][info][gc,phases      ] GC(62)   Pre Evacuate Collection Set: 0.1ms
[2024-08-28T13:05:54.841+0000][info][gc,phases      ] GC(62)   Merge Heap Roots: 0.5ms
[2024-08-28T13:05:54.841+0000][info][gc,phases      ] GC(62)   Evacuate Collection Set: 15.0ms
[2024-08-28T13:05:54.841+0000][info][gc,phases      ] GC(62)   Post Evacuate Collection Set: 0.3ms
[2024-08-28T13:05:54.841+0000][info][gc,phases      ] GC(62)   Other: 0.2ms
[2024-08-28T13:05:54.841+0000][info][gc,heap        ] GC(62) Eden regions: 44->0(44)
[2024-08-28T13:05:54.841+0000][info][gc,heap        ] GC(62) Survivor regions: 7->7(7)
[2024-08-28T13:05:54.841+0000][info][gc,heap        ] GC(62) Old regions: 856->903
[2024-08-28T13:05:54.841+0000][info][gc,heap        ] GC(62) Archive regions: 2->2
[2024-08-28T13:05:54.841+0000][info][gc,heap        ] GC(62) Humongous regions: 5->5
[2024-08-28T13:05:54.841+0000][info][gc,metaspace   ] GC(62) Metaspace: 100K(320K)->100K(320K) NonClass: 96K(192K)->96K(192K) Class: 4K(128K)->4K(128K)
[2024-08-28T13:05:54.841+0000][info][gc             ] GC(62) Pause Young (Prepare Mixed) (G1 Evacuation Pause) 901M->905M(1024M) 16.135ms
[2024-08-28T13:05:54.841+0000][info][gc,cpu         ] GC(62) User=0.35s Sys=0.02s Real=0.02s
[2024-08-28T13:05:54.871+0000][info][gc,start       ] GC(63) Pause Young (Mixed) (G1 Evacuation Pause)
[2024-08-28T13:05:54.871+0000][info][gc,task        ] GC(63) Using 24 workers of 68 for evacuation
[2024-08-28T13:05:54.884+0000][info][gc,phases      ] GC(63)   Pre Evacuate Collection Set: 0.2ms
[2024-08-28T13:05:54.884+0000][info][gc,phases      ] GC(63)   Merge Heap Roots: 0.3ms
[2024-08-28T13:05:54.884+0000][info][gc,phases      ] GC(63)   Evacuate Collection Set: 11.4ms
[2024-08-28T13:05:54.884+0000][info][gc,phases      ] GC(63)   Post Evacuate Collection Set: 0.4ms
[2024-08-28T13:05:54.884+0000][info][gc,phases      ] GC(63)   Other: 0.3ms
[2024-08-28T13:05:54.884+0000][info][gc,heap        ] GC(63) Eden regions: 44->0(44)
[2024-08-28T13:05:54.884+0000][info][gc,heap        ] GC(63) Survivor regions: 7->7(7)
[2024-08-28T13:05:54.884+0000][info][gc,heap        ] GC(63) Old regions: 903->847
[2024-08-28T13:05:54.884+0000][info][gc,heap        ] GC(63) Archive regions: 2->2
[2024-08-28T13:05:54.884+0000][info][gc,heap        ] GC(63) Humongous regions: 5->5
[2024-08-28T13:05:54.884+0000][info][gc,metaspace   ] GC(63) Metaspace: 100K(320K)->100K(320K) NonClass: 96K(192K)->96K(192K) Class: 4K(128K)->4K(128K)
[2024-08-28T13:05:54.884+0000][info][gc             ] GC(63) Pause Young (Mixed) (G1 Evacuation Pause) 949M->849M(1024M) 12.724ms
[2024-08-28T13:05:54.884+0000][info][gc,cpu         ] GC(63) User=0.26s Sys=0.02s Real=0.01s
[2024-08-28T13:05:54.915+0000][info][gc,start       ] GC(64) Pause Young (Mixed) (G1 Evacuation Pause)
[2024-08-28T13:05:54.915+0000][info][gc,task        ] GC(64) Using 24 workers of 68 for evacuation
[2024-08-28T13:05:54.928+0000][info][gc,phases      ] GC(64)   Pre Evacuate Collection Set: 0.3ms
[2024-08-28T13:05:54.928+0000][info][gc,phases      ] GC(64)   Merge Heap Roots: 0.5ms
[2024-08-28T13:05:54.928+0000][info][gc,phases      ] GC(64)   Evacuate Collection Set: 11.5ms
[2024-08-28T13:05:54.928+0000][info][gc,phases      ] GC(64)   Post Evacuate Collection Set: 0.4ms
[2024-08-28T13:05:54.928+0000][info][gc,phases      ] GC(64)   Other: 0.3ms
[2024-08-28T13:05:54.928+0000][info][gc,heap        ] GC(64) Eden regions: 44->0(44)
[2024-08-28T13:05:54.928+0000][info][gc,heap        ] GC(64) Survivor regions: 7->7(7)
[2024-08-28T13:05:54.928+0000][info][gc,heap        ] GC(64) Old regions: 847->791
[2024-08-28T13:05:54.928+0000][info][gc,heap        ] GC(64) Archive regions: 2->2
[2024-08-28T13:05:54.928+0000][info][gc,heap        ] GC(64) Humongous regions: 5->5
[2024-08-28T13:05:54.928+0000][info][gc,metaspace   ] GC(64) Metaspace: 100K(320K)->100K(320K) NonClass: 96K(192K)->96K(192K) Class: 4K(128K)->4K(128K)
[2024-08-28T13:05:54.928+0000][info][gc             ] GC(64) Pause Young (Mixed) (G1 Evacuation Pause) 893M->796M(1024M) 13.137ms
[2024-08-28T13:05:54.928+0000][info][gc,cpu         ] GC(64) User=0.29s Sys=0.01s Real=0.01s
[2024-08-28T13:05:54.959+0000][info][gc,start       ] GC(65) Pause Young (Mixed) (G1 Evacuation Pause)
[2024-08-28T13:05:54.959+0000][info][gc,task        ] GC(65) Using 24 workers of 68 for evacuation
[2024-08-28T13:05:54.971+0000][info][gc,phases      ] GC(65)   Pre Evacuate Collection Set: 0.2ms
[2024-08-28T13:05:54.971+0000][info][gc,phases      ] GC(65)   Merge Heap Roots: 0.3ms
[2024-08-28T13:05:54.971+0000][info][gc,phases      ] GC(65)   Evacuate Collection Set: 11.1ms
[2024-08-28T13:05:54.971+0000][info][gc,phases      ] GC(65)   Post Evacuate Collection Set: 0.4ms
[2024-08-28T13:05:54.971+0000][info][gc,phases      ] GC(65)   Other: 0.2ms
[2024-08-28T13:05:54.971+0000][info][gc,heap        ] GC(65) Eden regions: 44->0(44)
[2024-08-28T13:05:54.971+0000][info][gc,heap        ] GC(65) Survivor regions: 7->7(7)
[2024-08-28T13:05:54.971+0000][info][gc,heap        ] GC(65) Old regions: 791->775
[2024-08-28T13:05:54.971+0000][info][gc,heap        ] GC(65) Archive regions: 2->2
[2024-08-28T13:05:54.971+0000][info][gc,heap        ] GC(65) Humongous regions: 5->5
[2024-08-28T13:05:54.971+0000][info][gc,metaspace   ] GC(65) Metaspace: 100K(320K)->100K(320K) NonClass: 96K(192K)->96K(192K) Class: 4K(128K)->4K(128K)
[2024-08-28T13:05:54.971+0000][info][gc             ] GC(65) Pause Young (Mixed) (G1 Evacuation Pause) 840M->779M(1024M) 12.306ms
[2024-08-28T13:05:54.971+0000][info][gc,cpu         ] GC(65) User=0.28s Sys=0.00s Real=0.01s
[2024-08-28T13:05:55.001+0000][info][gc,start       ] GC(66) Pause Young (Concurrent Start) (G1 Evacuation Pause)
[2024-08-28T13:05:55.001+0000][info][gc,task        ] GC(66) Using 24 workers of 68 for evacuation
[2024-08-28T13:05:55.012+0000][info][gc,phases      ] GC(66)   Pre Evacuate Collection Set: 0.1ms
[2024-08-28T13:05:55.012+0000][info][gc,phases      ] GC(66)   Merge Heap Roots: 0.3ms
[2024-08-28T13:05:55.012+0000][info][gc,phases      ] GC(66)   Evacuate Collection Set: 10.0ms
[2024-08-28T13:05:55.012+0000][info][gc,phases      ] GC(66)   Post Evacuate Collection Set: 0.3ms
[2024-08-28T13:05:55.012+0000][info][gc,phases      ] GC(66)   Other: 0.7ms
[2024-08-28T13:05:55.012+0000][info][gc,heap        ] GC(66) Eden regions: 44->0(44)
[2024-08-28T13:05:55.012+0000][info][gc,heap        ] GC(66) Survivor regions: 7->7(7)
[2024-08-28T13:05:55.012+0000][info][gc,heap        ] GC(66) Old regions: 775->821
[2024-08-28T13:05:55.012+0000][info][gc,heap        ] GC(66) Archive regions: 2->2
[2024-08-28T13:05:55.012+0000][info][gc,heap        ] GC(66) Humongous regions: 5->5
[2024-08-28T13:05:55.012+0000][info][gc,metaspace   ] GC(66) Metaspace: 100K(320K)->100K(320K) NonClass: 96K(192K)->96K(192K) Class: 4K(128K)->4K(128K)
[2024-08-28T13:05:55.012+0000][info][gc             ] GC(66) Pause Young (Concurrent Start) (G1 Evacuation Pause) 823M->826M(1024M) 11.542ms
[2024-08-28T13:05:55.012+0000][info][gc,cpu         ] GC(66) User=0.25s Sys=0.00s Real=0.01s
[2024-08-28T13:05:55.012+0000][info][gc             ] GC(67) Concurrent Mark Cycle
[2024-08-28T13:05:55.012+0000][info][gc,marking     ] GC(67) Concurrent Clear Claimed Marks
[2024-08-28T13:05:55.012+0000][info][gc,marking     ] GC(67) Concurrent Clear Claimed Marks 0.012ms
[2024-08-28T13:05:55.012+0000][info][gc,marking     ] GC(67) Concurrent Scan Root Regions
[2024-08-28T13:05:55.014+0000][info][gc,marking     ] GC(67) Concurrent Scan Root Regions 1.791ms
[2024-08-28T13:05:55.014+0000][info][gc,marking     ] GC(67) Concurrent Mark
[2024-08-28T13:05:55.014+0000][info][gc,marking     ] GC(67) Concurrent Mark From Roots
[2024-08-28T13:05:55.014+0000][info][gc,task        ] GC(67) Using 17 workers of 17 for marking
[2024-08-28T13:05:55.040+0000][info][gc,marking     ] GC(67) Concurrent Mark From Roots 25.528ms
[2024-08-28T13:05:55.040+0000][info][gc,marking     ] GC(67) Concurrent Preclean
[2024-08-28T13:05:55.041+0000][info][gc,marking     ] GC(67) Concurrent Preclean 1.124ms
[2024-08-28T13:05:55.041+0000][info][gc,start       ] GC(67) Pause Remark
[2024-08-28T13:05:55.043+0000][info][gc             ] GC(67) Pause Remark 863M->863M(1024M) 1.516ms
[2024-08-28T13:05:55.043+0000][info][gc,cpu         ] GC(67) User=0.00s Sys=0.00s Real=0.00s
[2024-08-28T13:05:55.043+0000][info][gc,marking     ] GC(67) Concurrent Mark 28.719ms
[2024-08-28T13:05:55.043+0000][info][gc,marking     ] GC(67) Concurrent Rebuild Remembered Sets
[2024-08-28T13:05:55.047+0000][info][gc,start       ] GC(68) Pause Young (Normal) (G1 Evacuation Pause)
[2024-08-28T13:05:55.047+0000][info][gc,task        ] GC(68) Using 24 workers of 68 for evacuation
[2024-08-28T13:05:55.058+0000][info][gc,phases      ] GC(68)   Pre Evacuate Collection Set: 0.1ms
[2024-08-28T13:05:55.058+0000][info][gc,phases      ] GC(68)   Merge Heap Roots: 0.3ms
[2024-08-28T13:05:55.058+0000][info][gc,phases      ] GC(68)   Evacuate Collection Set: 9.5ms
[2024-08-28T13:05:55.058+0000][info][gc,phases      ] GC(68)   Post Evacuate Collection Set: 0.4ms
[2024-08-28T13:05:55.058+0000][info][gc,phases      ] GC(68)   Other: 0.2ms
[2024-08-28T13:05:55.058+0000][info][gc,heap        ] GC(68) Eden regions: 44->0(44)
[2024-08-28T13:05:55.058+0000][info][gc,heap        ] GC(68) Survivor regions: 7->7(7)
[2024-08-28T13:05:55.058+0000][info][gc,heap        ] GC(68) Old regions: 821->867
[2024-08-28T13:05:55.058+0000][info][gc,heap        ] GC(68) Archive regions: 2->2
[2024-08-28T13:05:55.058+0000][info][gc,heap        ] GC(68) Humongous regions: 5->5
[2024-08-28T13:05:55.058+0000][info][gc,metaspace   ] GC(68) Metaspace: 100K(320K)->100K(320K) NonClass: 96K(192K)->96K(192K) Class: 4K(128K)->4K(128K)
[2024-08-28T13:05:55.058+0000][info][gc             ] GC(68) Pause Young (Normal) (G1 Evacuation Pause) 870M->871M(1024M) 10.618ms
[2024-08-28T13:05:55.058+0000][info][gc,cpu         ] GC(68) User=0.23s Sys=0.01s Real=0.02s
[2024-08-28T13:05:55.083+0000][info][gc,start       ] GC(69) Pause Young (Normal) (G1 Evacuation Pause)
[2024-08-28T13:05:55.083+0000][info][gc,task        ] GC(69) Using 24 workers of 68 for evacuation
[2024-08-28T13:05:55.097+0000][info][gc,phases      ] GC(69)   Pre Evacuate Collection Set: 0.1ms
[2024-08-28T13:05:55.097+0000][info][gc,phases      ] GC(69)   Merge Heap Roots: 0.3ms
[2024-08-28T13:05:55.097+0000][info][gc,phases      ] GC(69)   Evacuate Collection Set: 13.4ms
[2024-08-28T13:05:55.098+0000][info][gc,phases      ] GC(69)   Post Evacuate Collection Set: 0.5ms
[2024-08-28T13:05:55.098+0000][info][gc,phases      ] GC(69)   Other: 0.2ms
[2024-08-28T13:05:55.098+0000][info][gc,heap        ] GC(69) Eden regions: 44->0(44)
[2024-08-28T13:05:55.098+0000][info][gc,heap        ] GC(69) Survivor regions: 7->7(7)
[2024-08-28T13:05:55.098+0000][info][gc,heap        ] GC(69) Old regions: 867->914
[2024-08-28T13:05:55.098+0000][info][gc,heap        ] GC(69) Archive regions: 2->2
[2024-08-28T13:05:55.098+0000][info][gc,heap        ] GC(69) Humongous regions: 5->5
[2024-08-28T13:05:55.098+0000][info][gc,metaspace   ] GC(69) Metaspace: 100K(320K)->100K(320K) NonClass: 96K(192K)->96K(192K) Class: 4K(128K)->4K(128K)
[2024-08-28T13:05:55.098+0000][info][gc             ] GC(69) Pause Young (Normal) (G1 Evacuation Pause) 915M->918M(1024M) 14.793ms
[2024-08-28T13:05:55.098+0000][info][gc,cpu         ] GC(69) User=0.33s Sys=0.00s Real=0.02s
[2024-08-28T13:05:55.122+0000][info][gc,marking     ] GC(67) Concurrent Rebuild Remembered Sets 79.472ms
[2024-08-28T13:05:55.123+0000][info][gc,start       ] GC(67) Pause Cleanup
[2024-08-28T13:05:55.124+0000][info][gc             ] GC(67) Pause Cleanup 956M->956M(1024M) 1.707ms
[2024-08-28T13:05:55.124+0000][info][gc,cpu         ] GC(67) User=0.00s Sys=0.00s Real=0.00s
[2024-08-28T13:05:55.124+0000][info][gc,marking     ] GC(67) Concurrent Cleanup for Next Mark
[2024-08-28T13:05:55.125+0000][info][gc,marking     ] GC(67) Concurrent Cleanup for Next Mark 0.807ms
[2024-08-28T13:05:55.125+0000][info][gc             ] GC(67) Concurrent Mark Cycle 113.047ms
[2024-08-28T13:05:55.128+0000][info][gc,start       ] GC(70) Pause Young (Prepare Mixed) (G1 Preventive Collection)
[2024-08-28T13:05:55.128+0000][info][gc,task        ] GC(70) Using 24 workers of 68 for evacuation
[2024-08-28T13:05:55.144+0000][info][gc,phases      ] GC(70)   Pre Evacuate Collection Set: 0.2ms
[2024-08-28T13:05:55.144+0000][info][gc,phases      ] GC(70)   Merge Heap Roots: 0.6ms
[2024-08-28T13:05:55.144+0000][info][gc,phases      ] GC(70)   Evacuate Collection Set: 14.8ms
[2024-08-28T13:05:55.144+0000][info][gc,phases      ] GC(70)   Post Evacuate Collection Set: 0.3ms
[2024-08-28T13:05:55.144+0000][info][gc,phases      ] GC(70)   Other: 0.2ms
[2024-08-28T13:05:55.144+0000][info][gc,heap        ] GC(70) Eden regions: 42->0(44)
[2024-08-28T13:05:55.144+0000][info][gc,heap        ] GC(70) Survivor regions: 7->7(7)
[2024-08-28T13:05:55.145+0000][info][gc,heap        ] GC(70) Old regions: 914->958
[2024-08-28T13:05:55.145+0000][info][gc,heap        ] GC(70) Archive regions: 2->2
[2024-08-28T13:05:55.145+0000][info][gc,heap        ] GC(70) Humongous regions: 5->5
[2024-08-28T13:05:55.145+0000][info][gc,metaspace   ] GC(70) Metaspace: 100K(320K)->100K(320K) NonClass: 96K(192K)->96K(192K) Class: 4K(128K)->4K(128K)
[2024-08-28T13:05:55.145+0000][info][gc             ] GC(70) Pause Young (Prepare Mixed) (G1 Preventive Collection) 960M->963M(1024M) 16.226ms
[2024-08-28T13:05:55.145+0000][info][gc,cpu         ] GC(70) User=0.37s Sys=0.00s Real=0.02s
[2024-08-28T13:05:55.158+0000][info][gc,start       ] GC(71) Pause Young (Mixed) (G1 Preventive Collection)
[2024-08-28T13:05:55.158+0000][info][gc,task        ] GC(71) Using 24 workers of 68 for evacuation
[2024-08-28T13:05:55.166+0000][info][gc,phases      ] GC(71)   Pre Evacuate Collection Set: 0.2ms
[2024-08-28T13:05:55.166+0000][info][gc,phases      ] GC(71)   Merge Heap Roots: 0.4ms
[2024-08-28T13:05:55.166+0000][info][gc,phases      ] GC(71)   Evacuate Collection Set: 7.3ms
[2024-08-28T13:05:55.166+0000][info][gc,phases      ] GC(71)   Post Evacuate Collection Set: 0.4ms
[2024-08-28T13:05:55.166+0000][info][gc,phases      ] GC(71)   Other: 0.2ms
[2024-08-28T13:05:55.166+0000][info][gc,heap        ] GC(71) Eden regions: 21->0(44)
[2024-08-28T13:05:55.166+0000][info][gc,heap        ] GC(71) Survivor regions: 7->7(7)
[2024-08-28T13:05:55.166+0000][info][gc,heap        ] GC(71) Old regions: 958->879
[2024-08-28T13:05:55.166+0000][info][gc,heap        ] GC(71) Archive regions: 2->2
[2024-08-28T13:05:55.166+0000][info][gc,heap        ] GC(71) Humongous regions: 5->5
[2024-08-28T13:05:55.166+0000][info][gc,metaspace   ] GC(71) Metaspace: 100K(320K)->100K(320K) NonClass: 96K(192K)->96K(192K) Class: 4K(128K)->4K(128K)
[2024-08-28T13:05:55.166+0000][info][gc             ] GC(71) Pause Young (Mixed) (G1 Preventive Collection) 984M->890M(1024M) 8.479ms
[2024-08-28T13:05:55.166+0000][info][gc,cpu         ] GC(71) User=0.18s Sys=0.00s Real=0.00s
[2024-08-28T13:05:55.207+0000][info][gc,start       ] GC(72) Pause Young (Mixed) (G1 Evacuation Pause)
[2024-08-28T13:05:55.207+0000][info][gc,task        ] GC(72) Using 24 workers of 68 for evacuation
[2024-08-28T13:05:55.222+0000][info][gc,phases      ] GC(72)   Pre Evacuate Collection Set: 0.2ms
[2024-08-28T13:05:55.222+0000][info][gc,phases      ] GC(72)   Merge Heap Roots: 0.4ms
[2024-08-28T13:05:55.222+0000][info][gc,phases      ] GC(72)   Evacuate Collection Set: 13.2ms
[2024-08-28T13:05:55.222+0000][info][gc,phases      ] GC(72)   Post Evacuate Collection Set: 0.4ms
[2024-08-28T13:05:55.222+0000][info][gc,phases      ] GC(72)   Other: 0.3ms
[2024-08-28T13:05:55.222+0000][info][gc,heap        ] GC(72) Eden regions: 44->0(44)
[2024-08-28T13:05:55.222+0000][info][gc,heap        ] GC(72) Survivor regions: 7->7(7)
[2024-08-28T13:05:55.222+0000][info][gc,heap        ] GC(72) Old regions: 879->822
[2024-08-28T13:05:55.222+0000][info][gc,heap        ] GC(72) Archive regions: 2->2
[2024-08-28T13:05:55.222+0000][info][gc,heap        ] GC(72) Humongous regions: 5->5
[2024-08-28T13:05:55.222+0000][info][gc,metaspace   ] GC(72) Metaspace: 100K(320K)->100K(320K) NonClass: 96K(192K)->96K(192K) Class: 4K(128K)->4K(128K)
[2024-08-28T13:05:55.222+0000][info][gc             ] GC(72) Pause Young (Mixed) (G1 Evacuation Pause) 934M->834M(1024M) 14.666ms
[2024-08-28T13:05:55.222+0000][info][gc,cpu         ] GC(72) User=0.24s Sys=0.08s Real=0.02s
[2024-08-28T13:05:55.255+0000][info][gc,start       ] GC(73) Pause Young (Mixed) (G1 Evacuation Pause)
[2024-08-28T13:05:55.255+0000][info][gc,task        ] GC(73) Using 24 workers of 68 for evacuation
[2024-08-28T13:05:55.267+0000][info][gc,phases      ] GC(73)   Pre Evacuate Collection Set: 0.2ms
[2024-08-28T13:05:55.267+0000][info][gc,phases      ] GC(73)   Merge Heap Roots: 0.4ms
[2024-08-28T13:05:55.267+0000][info][gc,phases      ] GC(73)   Evacuate Collection Set: 10.8ms
[2024-08-28T13:05:55.267+0000][info][gc,phases      ] GC(73)   Post Evacuate Collection Set: 0.4ms
[2024-08-28T13:05:55.267+0000][info][gc,phases      ] GC(73)   Other: 0.2ms
[2024-08-28T13:05:55.267+0000][info][gc,heap        ] GC(73) Eden regions: 44->0(44)
[2024-08-28T13:05:55.267+0000][info][gc,heap        ] GC(73) Survivor regions: 7->7(7)
[2024-08-28T13:05:55.267+0000][info][gc,heap        ] GC(73) Old regions: 822->766
[2024-08-28T13:05:55.267+0000][info][gc,heap        ] GC(73) Archive regions: 2->2
[2024-08-28T13:05:55.267+0000][info][gc,heap        ] GC(73) Humongous regions: 5->5
[2024-08-28T13:05:55.267+0000][info][gc,metaspace   ] GC(73) Metaspace: 100K(320K)->100K(320K) NonClass: 96K(192K)->96K(192K) Class: 4K(128K)->4K(128K)
[2024-08-28T13:05:55.267+0000][info][gc             ] GC(73) Pause Young (Mixed) (G1 Evacuation Pause) 878M->778M(1024M) 12.093ms
[2024-08-28T13:05:55.267+0000][info][gc,cpu         ] GC(73) User=0.27s Sys=0.00s Real=0.01s
[2024-08-28T13:05:55.297+0000][info][gc,start       ] GC(74) Pause Young (Mixed) (G1 Evacuation Pause)
[2024-08-28T13:05:55.297+0000][info][gc,task        ] GC(74) Using 24 workers of 68 for evacuation
[2024-08-28T13:05:55.311+0000][info][gc,phases      ] GC(74)   Pre Evacuate Collection Set: 0.3ms
[2024-08-28T13:05:55.311+0000][info][gc,phases      ] GC(74)   Merge Heap Roots: 0.4ms
[2024-08-28T13:05:55.311+0000][info][gc,phases      ] GC(74)   Evacuate Collection Set: 12.2ms
[2024-08-28T13:05:55.311+0000][info][gc,phases      ] GC(74)   Post Evacuate Collection Set: 0.3ms
[2024-08-28T13:05:55.311+0000][info][gc,phases      ] GC(74)   Other: 0.3ms
[2024-08-28T13:05:55.311+0000][info][gc,heap        ] GC(74) Eden regions: 44->0(44)
[2024-08-28T13:05:55.311+0000][info][gc,heap        ] GC(74) Survivor regions: 7->7(7)
[2024-08-28T13:05:55.311+0000][info][gc,heap        ] GC(74) Old regions: 766->785
[2024-08-28T13:05:55.311+0000][info][gc,heap        ] GC(74) Archive regions: 2->2
[2024-08-28T13:05:55.311+0000][info][gc,heap        ] GC(74) Humongous regions: 5->5
[2024-08-28T13:05:55.311+0000][info][gc,metaspace   ] GC(74) Metaspace: 100K(320K)->100K(320K) NonClass: 96K(192K)->96K(192K) Class: 4K(128K)->4K(128K)
[2024-08-28T13:05:55.311+0000][info][gc             ] GC(74) Pause Young (Mixed) (G1 Evacuation Pause) 822M->797M(1024M) 13.527ms
[2024-08-28T13:05:55.311+0000][info][gc,cpu         ] GC(74) User=0.30s Sys=0.01s Real=0.02s
[2024-08-28T13:05:55.340+0000][info][gc,start       ] GC(75) Pause Young (Concurrent Start) (G1 Evacuation Pause)
[2024-08-28T13:05:55.340+0000][info][gc,task        ] GC(75) Using 24 workers of 68 for evacuation
[2024-08-28T13:05:55.352+0000][info][gc,phases      ] GC(75)   Pre Evacuate Collection Set: 0.2ms
[2024-08-28T13:05:55.352+0000][info][gc,phases      ] GC(75)   Merge Heap Roots: 0.4ms
[2024-08-28T13:05:55.352+0000][info][gc,phases      ] GC(75)   Evacuate Collection Set: 10.5ms
[2024-08-28T13:05:55.352+0000][info][gc,phases      ] GC(75)   Post Evacuate Collection Set: 0.3ms
[2024-08-28T13:05:55.352+0000][info][gc,phases      ] GC(75)   Other: 0.9ms
[2024-08-28T13:05:55.352+0000][info][gc,heap        ] GC(75) Eden regions: 44->0(44)
[2024-08-28T13:05:55.352+0000][info][gc,heap        ] GC(75) Survivor regions: 7->7(7)
[2024-08-28T13:05:55.352+0000][info][gc,heap        ] GC(75) Old regions: 785->833
[2024-08-28T13:05:55.352+0000][info][gc,heap        ] GC(75) Archive regions: 2->2
[2024-08-28T13:05:55.352+0000][info][gc,heap        ] GC(75) Humongous regions: 5->5
[2024-08-28T13:05:55.352+0000][info][gc,metaspace   ] GC(75) Metaspace: 100K(320K)->100K(320K) NonClass: 96K(192K)->96K(192K) Class: 4K(128K)->4K(128K)
[2024-08-28T13:05:55.352+0000][info][gc             ] GC(75) Pause Young (Concurrent Start) (G1 Evacuation Pause) 841M->845M(1024M) 12.429ms
[2024-08-28T13:05:55.352+0000][info][gc,cpu         ] GC(75) User=0.26s Sys=0.00s Real=0.01s
[2024-08-28T13:05:55.352+0000][info][gc             ] GC(76) Concurrent Mark Cycle
[2024-08-28T13:05:55.352+0000][info][gc,marking     ] GC(76) Concurrent Clear Claimed Marks
[2024-08-28T13:05:55.352+0000][info][gc,marking     ] GC(76) Concurrent Clear Claimed Marks 0.011ms
[2024-08-28T13:05:55.352+0000][info][gc,marking     ] GC(76) Concurrent Scan Root Regions
[2024-08-28T13:05:55.354+0000][info][gc,marking     ] GC(76) Concurrent Scan Root Regions 1.638ms
[2024-08-28T13:05:55.354+0000][info][gc,marking     ] GC(76) Concurrent Mark
[2024-08-28T13:05:55.354+0000][info][gc,marking     ] GC(76) Concurrent Mark From Roots
[2024-08-28T13:05:55.354+0000][info][gc,task        ] GC(76) Using 17 workers of 17 for marking
[2024-08-28T13:05:55.379+0000][info][gc,marking     ] GC(76) Concurrent Mark From Roots 25.295ms
[2024-08-28T13:05:55.379+0000][info][gc,marking     ] GC(76) Concurrent Preclean
[2024-08-28T13:05:55.380+0000][info][gc,marking     ] GC(76) Concurrent Preclean 0.568ms
[2024-08-28T13:05:55.380+0000][info][gc,start       ] GC(76) Pause Remark
[2024-08-28T13:05:55.381+0000][info][gc             ] GC(76) Pause Remark 881M->881M(1024M) 1.265ms
[2024-08-28T13:05:55.381+0000][info][gc,cpu         ] GC(76) User=0.01s Sys=0.00s Real=0.00s
[2024-08-28T13:05:55.381+0000][info][gc,marking     ] GC(76) Concurrent Mark 27.489ms
[2024-08-28T13:05:55.381+0000][info][gc,marking     ] GC(76) Concurrent Rebuild Remembered Sets
[2024-08-28T13:05:55.386+0000][info][gc,start       ] GC(77) Pause Young (Normal) (G1 Evacuation Pause)
[2024-08-28T13:05:55.386+0000][info][gc,task        ] GC(77) Using 24 workers of 68 for evacuation
[2024-08-28T13:05:55.397+0000][info][gc,phases      ] GC(77)   Pre Evacuate Collection Set: 0.1ms
[2024-08-28T13:05:55.397+0000][info][gc,phases      ] GC(77)   Merge Heap Roots: 0.2ms
[2024-08-28T13:05:55.397+0000][info][gc,phases      ] GC(77)   Evacuate Collection Set: 9.8ms
[2024-08-28T13:05:55.397+0000][info][gc,phases      ] GC(77)   Post Evacuate Collection Set: 0.4ms
[2024-08-28T13:05:55.397+0000][info][gc,phases      ] GC(77)   Other: 0.2ms
[2024-08-28T13:05:55.397+0000][info][gc,heap        ] GC(77) Eden regions: 44->0(44)
[2024-08-28T13:05:55.397+0000][info][gc,heap        ] GC(77) Survivor regions: 7->7(7)
[2024-08-28T13:05:55.397+0000][info][gc,heap        ] GC(77) Old regions: 833->880
[2024-08-28T13:05:55.397+0000][info][gc,heap        ] GC(77) Archive regions: 2->2
[2024-08-28T13:05:55.397+0000][info][gc,heap        ] GC(77) Humongous regions: 5->5
[2024-08-28T13:05:55.397+0000][info][gc,metaspace   ] GC(77) Metaspace: 100K(320K)->100K(320K) NonClass: 96K(192K)->96K(192K) Class: 4K(128K)->4K(128K)
[2024-08-28T13:05:55.397+0000][info][gc             ] GC(77) Pause Young (Normal) (G1 Evacuation Pause) 889M->892M(1024M) 10.837ms
[2024-08-28T13:05:55.397+0000][info][gc,cpu         ] GC(77) User=0.24s Sys=0.01s Real=0.01s
[2024-08-28T13:05:55.423+0000][info][gc,start       ] GC(78) Pause Young (Normal) (G1 Evacuation Pause)
[2024-08-28T13:05:55.423+0000][info][gc,task        ] GC(78) Using 24 workers of 68 for evacuation
[2024-08-28T13:05:55.439+0000][info][gc,phases      ] GC(78)   Pre Evacuate Collection Set: 0.1ms
[2024-08-28T13:05:55.439+0000][info][gc,phases      ] GC(78)   Merge Heap Roots: 0.5ms
[2024-08-28T13:05:55.439+0000][info][gc,phases      ] GC(78)   Evacuate Collection Set: 14.3ms
[2024-08-28T13:05:55.439+0000][info][gc,phases      ] GC(78)   Post Evacuate Collection Set: 0.5ms
[2024-08-28T13:05:55.439+0000][info][gc,phases      ] GC(78)   Other: 0.2ms
[2024-08-28T13:05:55.439+0000][info][gc,heap        ] GC(78) Eden regions: 44->0(44)
[2024-08-28T13:05:55.439+0000][info][gc,heap        ] GC(78) Survivor regions: 7->7(7)
[2024-08-28T13:05:55.439+0000][info][gc,heap        ] GC(78) Old regions: 880->926
[2024-08-28T13:05:55.439+0000][info][gc,heap        ] GC(78) Archive regions: 2->2
[2024-08-28T13:05:55.439+0000][info][gc,heap        ] GC(78) Humongous regions: 5->5
[2024-08-28T13:05:55.439+0000][info][gc,metaspace   ] GC(78) Metaspace: 100K(320K)->100K(320K) NonClass: 96K(192K)->96K(192K) Class: 4K(128K)->4K(128K)
[2024-08-28T13:05:55.439+0000][info][gc             ] GC(78) Pause Young (Normal) (G1 Evacuation Pause) 936M->938M(1024M) 15.787ms
[2024-08-28T13:05:55.439+0000][info][gc,cpu         ] GC(78) User=0.36s Sys=0.00s Real=0.02s
[2024-08-28T13:05:55.462+0000][info][gc,start       ] GC(79) Pause Young (Normal) (G1 Preventive Collection)
[2024-08-28T13:05:55.463+0000][info][gc,task        ] GC(79) Using 24 workers of 68 for evacuation
[2024-08-28T13:05:55.478+0000][info][gc,phases      ] GC(79)   Pre Evacuate Collection Set: 0.1ms
[2024-08-28T13:05:55.478+0000][info][gc,phases      ] GC(79)   Merge Heap Roots: 0.4ms
[2024-08-28T13:05:55.478+0000][info][gc,phases      ] GC(79)   Evacuate Collection Set: 14.6ms
[2024-08-28T13:05:55.478+0000][info][gc,phases      ] GC(79)   Post Evacuate Collection Set: 0.6ms
[2024-08-28T13:05:55.478+0000][info][gc,phases      ] GC(79)   Other: 0.2ms
[2024-08-28T13:05:55.478+0000][info][gc,heap        ] GC(79) Eden regions: 37->0(44)
[2024-08-28T13:05:55.478+0000][info][gc,heap        ] GC(79) Survivor regions: 7->7(7)
[2024-08-28T13:05:55.478+0000][info][gc,heap        ] GC(79) Old regions: 926->966
[2024-08-28T13:05:55.478+0000][info][gc,heap        ] GC(79) Archive regions: 2->2
[2024-08-28T13:05:55.478+0000][info][gc,heap        ] GC(79) Humongous regions: 5->5
[2024-08-28T13:05:55.478+0000][info][gc,metaspace   ] GC(79) Metaspace: 100K(320K)->100K(320K) NonClass: 96K(192K)->96K(192K) Class: 4K(128K)->4K(128K)
[2024-08-28T13:05:55.479+0000][info][gc             ] GC(79) Pause Young (Normal) (G1 Preventive Collection) 975M->978M(1024M) 16.079ms
[2024-08-28T13:05:55.479+0000][info][gc,cpu         ] GC(79) User=0.35s Sys=0.02s Real=0.02s
[2024-08-28T13:05:55.483+0000][info][gc,marking     ] GC(76) Concurrent Rebuild Remembered Sets 101.326ms
[2024-08-28T13:05:55.483+0000][info][gc,start       ] GC(76) Pause Cleanup
[2024-08-28T13:05:55.485+0000][info][gc             ] GC(76) Pause Cleanup 986M->986M(1024M) 2.111ms
[2024-08-28T13:05:55.485+0000][info][gc,cpu         ] GC(76) User=0.00s Sys=0.00s Real=0.00s
[2024-08-28T13:05:55.485+0000][info][gc,marking     ] GC(76) Concurrent Cleanup for Next Mark
[2024-08-28T13:05:55.486+0000][info][gc,marking     ] GC(76) Concurrent Cleanup for Next Mark 0.795ms
[2024-08-28T13:05:55.486+0000][info][gc             ] GC(76) Concurrent Mark Cycle 133.891ms
[2024-08-28T13:05:55.492+0000][info][gc,start       ] GC(80) Pause Young (Prepare Mixed) (G1 Preventive Collection)
[2024-08-28T13:05:55.492+0000][info][gc,task        ] GC(80) Using 24 workers of 68 for evacuation
[2024-08-28T13:05:55.505+0000][info][gc,phases      ] GC(80)   Pre Evacuate Collection Set: 0.1ms
[2024-08-28T13:05:55.505+0000][info][gc,phases      ] GC(80)   Merge Heap Roots: 0.6ms
[2024-08-28T13:05:55.505+0000][info][gc,phases      ] GC(80)   Evacuate Collection Set: 12.0ms
[2024-08-28T13:05:55.505+0000][info][gc,phases      ] GC(80)   Post Evacuate Collection Set: 0.3ms
[2024-08-28T13:05:55.505+0000][info][gc,phases      ] GC(80)   Other: 0.2ms
[2024-08-28T13:05:55.505+0000][info][gc,heap        ] GC(80) Eden regions: 17->0(44)
[2024-08-28T13:05:55.505+0000][info][gc,heap        ] GC(80) Survivor regions: 7->7(7)
[2024-08-28T13:05:55.505+0000][info][gc,heap        ] GC(80) Old regions: 966->986
[2024-08-28T13:05:55.505+0000][info][gc,heap        ] GC(80) Archive regions: 2->2
[2024-08-28T13:05:55.505+0000][info][gc,heap        ] GC(80) Humongous regions: 5->5
[2024-08-28T13:05:55.505+0000][info][gc,metaspace   ] GC(80) Metaspace: 100K(320K)->100K(320K) NonClass: 96K(192K)->96K(192K) Class: 4K(128K)->4K(128K)
[2024-08-28T13:05:55.505+0000][info][gc             ] GC(80) Pause Young (Prepare Mixed) (G1 Preventive Collection) 995M->998M(1024M) 13.253ms
[2024-08-28T13:05:55.505+0000][info][gc,cpu         ] GC(80) User=0.30s Sys=0.00s Real=0.01s
[2024-08-28T13:05:55.509+0000][info][gc,start       ] GC(81) Pause Young (Mixed) (G1 Preventive Collection)
[2024-08-28T13:05:55.509+0000][info][gc,task        ] GC(81) Using 24 workers of 68 for evacuation
[2024-08-28T13:05:55.514+0000][info][gc,phases      ] GC(81)   Pre Evacuate Collection Set: 0.2ms
[2024-08-28T13:05:55.514+0000][info][gc,phases      ] GC(81)   Merge Heap Roots: 0.3ms
[2024-08-28T13:05:55.514+0000][info][gc,phases      ] GC(81)   Evacuate Collection Set: 3.7ms
[2024-08-28T13:05:55.514+0000][info][gc,phases      ] GC(81)   Post Evacuate Collection Set: 0.3ms
[2024-08-28T13:05:55.514+0000][info][gc,phases      ] GC(81)   Other: 0.2ms
[2024-08-28T13:05:55.514+0000][info][gc,heap        ] GC(81) Eden regions: 7->0(44)
[2024-08-28T13:05:55.514+0000][info][gc,heap        ] GC(81) Survivor regions: 7->7(7)
[2024-08-28T13:05:55.514+0000][info][gc,heap        ] GC(81) Old regions: 986->892
[2024-08-28T13:05:55.514+0000][info][gc,heap        ] GC(81) Archive regions: 2->2
[2024-08-28T13:05:55.514+0000][info][gc,heap        ] GC(81) Humongous regions: 5->5
[2024-08-28T13:05:55.514+0000][info][gc,metaspace   ] GC(81) Metaspace: 100K(320K)->100K(320K) NonClass: 96K(192K)->96K(192K) Class: 4K(128K)->4K(128K)
[2024-08-28T13:05:55.514+0000][info][gc             ] GC(81) Pause Young (Mixed) (G1 Preventive Collection) 1005M->904M(1024M) 4.817ms
[2024-08-28T13:05:55.514+0000][info][gc,cpu         ] GC(81) User=0.09s Sys=0.00s Real=0.01s
[2024-08-28T13:05:55.537+0000][info][gc,start       ] GC(82) Pause Young (Mixed) (G1 Evacuation Pause)
[2024-08-28T13:05:55.537+0000][info][gc,task        ] GC(82) Using 24 workers of 68 for evacuation
[2024-08-28T13:05:55.548+0000][info][gc,phases      ] GC(82)   Pre Evacuate Collection Set: 0.2ms
[2024-08-28T13:05:55.548+0000][info][gc,phases      ] GC(82)   Merge Heap Roots: 0.4ms
[2024-08-28T13:05:55.548+0000][info][gc,phases      ] GC(82)   Evacuate Collection Set: 9.8ms
[2024-08-28T13:05:55.548+0000][info][gc,phases      ] GC(82)   Post Evacuate Collection Set: 0.4ms
[2024-08-28T13:05:55.548+0000][info][gc,phases      ] GC(82)   Other: 0.3ms
[2024-08-28T13:05:55.548+0000][info][gc,heap        ] GC(82) Eden regions: 44->0(44)
[2024-08-28T13:05:55.548+0000][info][gc,heap        ] GC(82) Survivor regions: 7->7(7)
[2024-08-28T13:05:55.548+0000][info][gc,heap        ] GC(82) Old regions: 892->833
[2024-08-28T13:05:55.548+0000][info][gc,heap        ] GC(82) Archive regions: 2->2
[2024-08-28T13:05:55.548+0000][info][gc,heap        ] GC(82) Humongous regions: 5->5
[2024-08-28T13:05:55.548+0000][info][gc,metaspace   ] GC(82) Metaspace: 100K(320K)->100K(320K) NonClass: 96K(192K)->96K(192K) Class: 4K(128K)->4K(128K)
[2024-08-28T13:05:55.548+0000][info][gc             ] GC(82) Pause Young (Mixed) (G1 Evacuation Pause) 948M->845M(1024M) 11.227ms
[2024-08-28T13:05:55.549+0000][info][gc,cpu         ] GC(82) User=0.24s Sys=0.01s Real=0.01s
[2024-08-28T13:05:55.573+0000][info][gc,start       ] GC(83) Pause Young (Mixed) (G1 Evacuation Pause)
[2024-08-28T13:05:55.573+0000][info][gc,task        ] GC(83) Using 24 workers of 68 for evacuation
[2024-08-28T13:05:55.585+0000][info][gc,phases      ] GC(83)   Pre Evacuate Collection Set: 0.2ms
[2024-08-28T13:05:55.585+0000][info][gc,phases      ] GC(83)   Merge Heap Roots: 0.4ms
[2024-08-28T13:05:55.585+0000][info][gc,phases      ] GC(83)   Evacuate Collection Set: 10.3ms
[2024-08-28T13:05:55.585+0000][info][gc,phases      ] GC(83)   Post Evacuate Collection Set: 0.4ms
[2024-08-28T13:05:55.585+0000][info][gc,phases      ] GC(83)   Other: 0.3ms
[2024-08-28T13:05:55.585+0000][info][gc,heap        ] GC(83) Eden regions: 44->0(44)
[2024-08-28T13:05:55.585+0000][info][gc,heap        ] GC(83) Survivor regions: 7->7(7)
[2024-08-28T13:05:55.585+0000][info][gc,heap        ] GC(83) Old regions: 833->776
[2024-08-28T13:05:55.585+0000][info][gc,heap        ] GC(83) Archive regions: 2->2
[2024-08-28T13:05:55.585+0000][info][gc,heap        ] GC(83) Humongous regions: 5->5
[2024-08-28T13:05:55.585+0000][info][gc,metaspace   ] GC(83) Metaspace: 100K(320K)->100K(320K) NonClass: 96K(192K)->96K(192K) Class: 4K(128K)->4K(128K)
[2024-08-28T13:05:55.585+0000][info][gc             ] GC(83) Pause Young (Mixed) (G1 Evacuation Pause) 889M->788M(1024M) 11.832ms
[2024-08-28T13:05:55.585+0000][info][gc,cpu         ] GC(83) User=0.25s Sys=0.00s Real=0.01s
[2024-08-28T13:05:55.609+0000][info][gc,start       ] GC(84) Pause Young (Mixed) (G1 Evacuation Pause)
[2024-08-28T13:05:55.609+0000][info][gc,task        ] GC(84) Using 24 workers of 68 for evacuation
[2024-08-28T13:05:55.620+0000][info][gc,phases      ] GC(84)   Pre Evacuate Collection Set: 0.2ms
[2024-08-28T13:05:55.620+0000][info][gc,phases      ] GC(84)   Merge Heap Roots: 0.4ms
[2024-08-28T13:05:55.620+0000][info][gc,phases      ] GC(84)   Evacuate Collection Set: 10.3ms
[2024-08-28T13:05:55.620+0000][info][gc,phases      ] GC(84)   Post Evacuate Collection Set: 0.4ms
[2024-08-28T13:05:55.620+0000][info][gc,phases      ] GC(84)   Other: 0.3ms
[2024-08-28T13:05:55.620+0000][info][gc,heap        ] GC(84) Eden regions: 44->0(44)
[2024-08-28T13:05:55.620+0000][info][gc,heap        ] GC(84) Survivor regions: 7->7(7)
[2024-08-28T13:05:55.620+0000][info][gc,heap        ] GC(84) Old regions: 776->793
[2024-08-28T13:05:55.620+0000][info][gc,heap        ] GC(84) Archive regions: 2->2
[2024-08-28T13:05:55.620+0000][info][gc,heap        ] GC(84) Humongous regions: 5->5
[2024-08-28T13:05:55.621+0000][info][gc,metaspace   ] GC(84) Metaspace: 100K(320K)->100K(320K) NonClass: 96K(192K)->96K(192K) Class: 4K(128K)->4K(128K)
[2024-08-28T13:05:55.621+0000][info][gc             ] GC(84) Pause Young (Mixed) (G1 Evacuation Pause) 832M->805M(1024M) 11.726ms
[2024-08-28T13:05:55.621+0000][info][gc,cpu         ] GC(84) User=0.26s Sys=0.00s Real=0.02s
[2024-08-28T13:05:55.645+0000][info][gc,start       ] GC(85) Pause Young (Concurrent Start) (G1 Evacuation Pause)
[2024-08-28T13:05:55.645+0000][info][gc,task        ] GC(85) Using 24 workers of 68 for evacuation
[2024-08-28T13:05:55.656+0000][info][gc,phases      ] GC(85)   Pre Evacuate Collection Set: 0.2ms
[2024-08-28T13:05:55.656+0000][info][gc,phases      ] GC(85)   Merge Heap Roots: 0.4ms
[2024-08-28T13:05:55.656+0000][info][gc,phases      ] GC(85)   Evacuate Collection Set: 9.9ms
[2024-08-28T13:05:55.656+0000][info][gc,phases      ] GC(85)   Post Evacuate Collection Set: 0.4ms
[2024-08-28T13:05:55.657+0000][info][gc,phases      ] GC(85)   Other: 1.0ms
[2024-08-28T13:05:55.657+0000][info][gc,heap        ] GC(85) Eden regions: 44->0(44)
[2024-08-28T13:05:55.657+0000][info][gc,heap        ] GC(85) Survivor regions: 7->7(7)
[2024-08-28T13:05:55.657+0000][info][gc,heap        ] GC(85) Old regions: 793->839
[2024-08-28T13:05:55.657+0000][info][gc,heap        ] GC(85) Archive regions: 2->2
[2024-08-28T13:05:55.657+0000][info][gc,heap        ] GC(85) Humongous regions: 5->5
[2024-08-28T13:05:55.657+0000][info][gc,metaspace   ] GC(85) Metaspace: 100K(320K)->100K(320K) NonClass: 96K(192K)->96K(192K) Class: 4K(128K)->4K(128K)
[2024-08-28T13:05:55.657+0000][info][gc             ] GC(85) Pause Young (Concurrent Start) (G1 Evacuation Pause) 849M->851M(1024M) 12.046ms
[2024-08-28T13:05:55.657+0000][info][gc,cpu         ] GC(85) User=0.25s Sys=0.00s Real=0.01s
[2024-08-28T13:05:55.657+0000][info][gc             ] GC(86) Concurrent Mark Cycle
[2024-08-28T13:05:55.657+0000][info][gc,marking     ] GC(86) Concurrent Clear Claimed Marks
[2024-08-28T13:05:55.657+0000][info][gc,marking     ] GC(86) Concurrent Clear Claimed Marks 0.012ms
[2024-08-28T13:05:55.657+0000][info][gc,marking     ] GC(86) Concurrent Scan Root Regions
[2024-08-28T13:05:55.659+0000][info][gc,marking     ] GC(86) Concurrent Scan Root Regions 1.851ms
[2024-08-28T13:05:55.659+0000][info][gc,marking     ] GC(86) Concurrent Mark
[2024-08-28T13:05:55.659+0000][info][gc,marking     ] GC(86) Concurrent Mark From Roots
[2024-08-28T13:05:55.659+0000][info][gc,task        ] GC(86) Using 17 workers of 17 for marking
[2024-08-28T13:05:55.685+0000][info][gc,marking     ] GC(86) Concurrent Mark From Roots 26.109ms
[2024-08-28T13:05:55.685+0000][info][gc,marking     ] GC(86) Concurrent Preclean
[2024-08-28T13:05:55.686+0000][info][gc,marking     ] GC(86) Concurrent Preclean 0.785ms
[2024-08-28T13:05:55.686+0000][info][gc,start       ] GC(86) Pause Remark
[2024-08-28T13:05:55.687+0000][info][gc             ] GC(86) Pause Remark 890M->890M(1024M) 1.199ms
[2024-08-28T13:05:55.687+0000][info][gc,cpu         ] GC(86) User=0.01s Sys=0.00s Real=0.00s
[2024-08-28T13:05:55.687+0000][info][gc,marking     ] GC(86) Concurrent Mark 28.474ms
[2024-08-28T13:05:55.687+0000][info][gc,marking     ] GC(86) Concurrent Rebuild Remembered Sets
[2024-08-28T13:05:55.691+0000][info][gc,start       ] GC(87) Pause Young (Normal) (G1 Evacuation Pause)
[2024-08-28T13:05:55.691+0000][info][gc,task        ] GC(87) Using 24 workers of 68 for evacuation
[2024-08-28T13:05:55.702+0000][info][gc,phases      ] GC(87)   Pre Evacuate Collection Set: 0.1ms
[2024-08-28T13:05:55.702+0000][info][gc,phases      ] GC(87)   Merge Heap Roots: 0.2ms
[2024-08-28T13:05:55.702+0000][info][gc,phases      ] GC(87)   Evacuate Collection Set: 10.0ms
[2024-08-28T13:05:55.702+0000][info][gc,phases      ] GC(87)   Post Evacuate Collection Set: 0.4ms
[2024-08-28T13:05:55.702+0000][info][gc,phases      ] GC(87)   Other: 0.2ms
[2024-08-28T13:05:55.702+0000][info][gc,heap        ] GC(87) Eden regions: 44->0(44)
[2024-08-28T13:05:55.702+0000][info][gc,heap        ] GC(87) Survivor regions: 7->7(7)
[2024-08-28T13:05:55.702+0000][info][gc,heap        ] GC(87) Old regions: 839->885
[2024-08-28T13:05:55.702+0000][info][gc,heap        ] GC(87) Archive regions: 2->2
[2024-08-28T13:05:55.702+0000][info][gc,heap        ] GC(87) Humongous regions: 5->5
[2024-08-28T13:05:55.702+0000][info][gc,metaspace   ] GC(87) Metaspace: 100K(320K)->100K(320K) NonClass: 96K(192K)->96K(192K) Class: 4K(128K)->4K(128K)
[2024-08-28T13:05:55.702+0000][info][gc             ] GC(87) Pause Young (Normal) (G1 Evacuation Pause) 895M->897M(1024M) 11.024ms
[2024-08-28T13:05:55.702+0000][info][gc,cpu         ] GC(87) User=0.24s Sys=0.00s Real=0.01s
[2024-08-28T13:05:55.729+0000][info][gc,start       ] GC(88) Pause Young (Normal) (G1 Evacuation Pause)
[2024-08-28T13:05:55.729+0000][info][gc,task        ] GC(88) Using 24 workers of 68 for evacuation
[2024-08-28T13:05:55.744+0000][info][gc,phases      ] GC(88)   Pre Evacuate Collection Set: 0.1ms
[2024-08-28T13:05:55.744+0000][info][gc,phases      ] GC(88)   Merge Heap Roots: 0.5ms
[2024-08-28T13:05:55.744+0000][info][gc,phases      ] GC(88)   Evacuate Collection Set: 13.7ms
[2024-08-28T13:05:55.744+0000][info][gc,phases      ] GC(88)   Post Evacuate Collection Set: 0.5ms
[2024-08-28T13:05:55.744+0000][info][gc,phases      ] GC(88)   Other: 0.2ms
[2024-08-28T13:05:55.744+0000][info][gc,heap        ] GC(88) Eden regions: 44->0(44)
[2024-08-28T13:05:55.744+0000][info][gc,heap        ] GC(88) Survivor regions: 7->7(7)
[2024-08-28T13:05:55.744+0000][info][gc,heap        ] GC(88) Old regions: 885->932
[2024-08-28T13:05:55.744+0000][info][gc,heap        ] GC(88) Archive regions: 2->2
[2024-08-28T13:05:55.744+0000][info][gc,heap        ] GC(88) Humongous regions: 5->5
[2024-08-28T13:05:55.744+0000][info][gc,metaspace   ] GC(88) Metaspace: 100K(320K)->100K(320K) NonClass: 96K(192K)->96K(192K) Class: 4K(128K)->4K(128K)
[2024-08-28T13:05:55.744+0000][info][gc             ] GC(88) Pause Young (Normal) (G1 Evacuation Pause) 941M->944M(1024M) 15.151ms
[2024-08-28T13:05:55.744+0000][info][gc,cpu         ] GC(88) User=0.33s Sys=0.00s Real=0.02s
[2024-08-28T13:05:55.764+0000][info][gc,start       ] GC(89) Pause Young (Normal) (G1 Preventive Collection)
[2024-08-28T13:05:55.764+0000][info][gc,task        ] GC(89) Using 24 workers of 68 for evacuation
[2024-08-28T13:05:55.779+0000][info][gc,phases      ] GC(89)   Pre Evacuate Collection Set: 0.1ms
[2024-08-28T13:05:55.779+0000][info][gc,phases      ] GC(89)   Merge Heap Roots: 0.4ms
[2024-08-28T13:05:55.779+0000][info][gc,phases      ] GC(89)   Evacuate Collection Set: 14.0ms
[2024-08-28T13:05:55.779+0000][info][gc,phases      ] GC(89)   Post Evacuate Collection Set: 0.6ms
[2024-08-28T13:05:55.779+0000][info][gc,phases      ] GC(89)   Other: 0.2ms
[2024-08-28T13:05:55.779+0000][info][gc,heap        ] GC(89) Eden regions: 34->0(44)
[2024-08-28T13:05:55.779+0000][info][gc,heap        ] GC(89) Survivor regions: 7->7(7)
[2024-08-28T13:05:55.779+0000][info][gc,heap        ] GC(89) Old regions: 932->969
[2024-08-28T13:05:55.779+0000][info][gc,heap        ] GC(89) Archive regions: 2->2
[2024-08-28T13:05:55.779+0000][info][gc,heap        ] GC(89) Humongous regions: 5->5
[2024-08-28T13:05:55.779+0000][info][gc,metaspace   ] GC(89) Metaspace: 100K(320K)->100K(320K) NonClass: 96K(192K)->96K(192K) Class: 4K(128K)->4K(128K)
[2024-08-28T13:05:55.779+0000][info][gc             ] GC(89) Pause Young (Normal) (G1 Preventive Collection) 978M->981M(1024M) 15.398ms
[2024-08-28T13:05:55.779+0000][info][gc,cpu         ] GC(89) User=0.35s Sys=0.00s Real=0.02s
[2024-08-28T13:05:55.781+0000][info][gc,marking     ] GC(86) Concurrent Rebuild Remembered Sets 93.794ms
[2024-08-28T13:05:55.781+0000][info][gc,start       ] GC(86) Pause Cleanup
[2024-08-28T13:05:55.783+0000][info][gc             ] GC(86) Pause Cleanup 984M->984M(1024M) 1.677ms
[2024-08-28T13:05:55.783+0000][info][gc,cpu         ] GC(86) User=0.00s Sys=0.00s Real=0.00s
[2024-08-28T13:05:55.783+0000][info][gc,marking     ] GC(86) Concurrent Cleanup for Next Mark
[2024-08-28T13:05:55.784+0000][info][gc,marking     ] GC(86) Concurrent Cleanup for Next Mark 0.802ms
[2024-08-28T13:05:55.784+0000][info][gc             ] GC(86) Concurrent Mark Cycle 127.015ms
[2024-08-28T13:05:55.792+0000][info][gc,start       ] GC(90) Pause Young (Prepare Mixed) (G1 Preventive Collection)
[2024-08-28T13:05:55.792+0000][info][gc,task        ] GC(90) Using 24 workers of 68 for evacuation
[2024-08-28T13:05:55.806+0000][info][gc             ] GC(90) To-space exhausted
[2024-08-28T13:05:55.806+0000][info][gc,phases      ] GC(90)   Pre Evacuate Collection Set: 0.1ms
[2024-08-28T13:05:55.806+0000][info][gc,phases      ] GC(90)   Merge Heap Roots: 0.6ms
[2024-08-28T13:05:55.806+0000][info][gc,phases      ] GC(90)   Evacuate Collection Set: 12.0ms
[2024-08-28T13:05:55.806+0000][info][gc,phases      ] GC(90)   Post Evacuate Collection Set: 0.7ms
[2024-08-28T13:05:55.806+0000][info][gc,phases      ] GC(90)   Other: 0.2ms
[2024-08-28T13:05:55.806+0000][info][gc,heap        ] GC(90) Eden regions: 16->0(44)
[2024-08-28T13:05:55.806+0000][info][gc,heap        ] GC(90) Survivor regions: 7->7(7)
[2024-08-28T13:05:55.806+0000][info][gc,heap        ] GC(90) Old regions: 969->1010
[2024-08-28T13:05:55.806+0000][info][gc,heap        ] GC(90) Archive regions: 2->2
[2024-08-28T13:05:55.806+0000][info][gc,heap        ] GC(90) Humongous regions: 5->5
[2024-08-28T13:05:55.806+0000][info][gc,metaspace   ] GC(90) Metaspace: 100K(320K)->100K(320K) NonClass: 96K(192K)->96K(192K) Class: 4K(128K)->4K(128K)
[2024-08-28T13:05:55.806+0000][info][gc             ] GC(90) Pause Young (Prepare Mixed) (G1 Preventive Collection) 997M->1022M(1024M) 13.755ms
[2024-08-28T13:05:55.806+0000][info][gc,cpu         ] GC(90) User=0.31s Sys=0.00s Real=0.01s
[2024-08-28T13:05:55.806+0000][info][gc,ergo        ] Attempting full compaction
[2024-08-28T13:05:55.806+0000][info][gc,task        ] GC(91) Using 24 workers of 68 for full compaction
[2024-08-28T13:05:55.806+0000][info][gc,start       ] GC(91) Pause Full (G1 Compaction Pause)
[2024-08-28T13:05:55.806+0000][info][gc,phases,start] GC(91) Phase 1: Mark live objects
[2024-08-28T13:05:55.822+0000][info][gc,phases      ] GC(91) Phase 1: Mark live objects 15.281ms
[2024-08-28T13:05:55.822+0000][info][gc,phases,start] GC(91) Phase 2: Prepare for compaction
[2024-08-28T13:05:55.830+0000][info][gc,phases      ] GC(91) Phase 2: Prepare for compaction 8.383ms
[2024-08-28T13:05:55.830+0000][info][gc,phases,start] GC(91) Phase 3: Adjust pointers
[2024-08-28T13:05:55.845+0000][info][gc,phases      ] GC(91) Phase 3: Adjust pointers 14.947ms
[2024-08-28T13:05:55.845+0000][info][gc,phases,start] GC(91) Phase 4: Compact heap
[2024-08-28T13:05:55.873+0000][info][gc,phases      ] GC(91) Phase 4: Compact heap 27.679ms
[2024-08-28T13:05:55.874+0000][info][gc,heap        ] GC(91) Eden regions: 0->0(150)
[2024-08-28T13:05:55.874+0000][info][gc,heap        ] GC(91) Survivor regions: 7->0(7)
[2024-08-28T13:05:55.874+0000][info][gc,heap        ] GC(91) Old regions: 1010->442
[2024-08-28T13:05:55.874+0000][info][gc,heap        ] GC(91) Archive regions: 2->2
[2024-08-28T13:05:55.874+0000][info][gc,heap        ] GC(91) Humongous regions: 5->5
[2024-08-28T13:05:55.874+0000][info][gc,metaspace   ] GC(91) Metaspace: 100K(320K)->100K(320K) NonClass: 96K(192K)->96K(192K) Class: 4K(128K)->4K(128K)
[2024-08-28T13:05:55.874+0000][info][gc             ] GC(91) Pause Full (G1 Compaction Pause) 1022M->437M(1024M) 68.055ms
[2024-08-28T13:05:55.874+0000][info][gc,cpu         ] GC(91) User=1.48s Sys=0.00s Real=0.07s
[2024-08-28T13:05:55.964+0000][info][gc,start       ] GC(92) Pause Young (Normal) (G1 Evacuation Pause)
[2024-08-28T13:05:55.964+0000][info][gc,task        ] GC(92) Using 24 workers of 68 for evacuation
[2024-08-28T13:05:55.987+0000][info][gc,phases      ] GC(92)   Pre Evacuate Collection Set: 0.2ms
[2024-08-28T13:05:55.987+0000][info][gc,phases      ] GC(92)   Merge Heap Roots: 0.4ms
[2024-08-28T13:05:55.987+0000][info][gc,phases      ] GC(92)   Evacuate Collection Set: 21.7ms
[2024-08-28T13:05:55.987+0000][info][gc,phases      ] GC(92)   Post Evacuate Collection Set: 0.4ms
[2024-08-28T13:05:55.987+0000][info][gc,phases      ] GC(92)   Other: 0.3ms
[2024-08-28T13:05:55.987+0000][info][gc,heap        ] GC(92) Eden regions: 150->0(103)
[2024-08-28T13:05:55.987+0000][info][gc,heap        ] GC(92) Survivor regions: 0->19(19)
[2024-08-28T13:05:55.987+0000][info][gc,heap        ] GC(92) Old regions: 442->569
[2024-08-28T13:05:55.987+0000][info][gc,heap        ] GC(92) Archive regions: 2->2
[2024-08-28T13:05:55.987+0000][info][gc,heap        ] GC(92) Humongous regions: 5->5
[2024-08-28T13:05:55.987+0000][info][gc,metaspace   ] GC(92) Metaspace: 100K(320K)->100K(320K) NonClass: 96K(192K)->96K(192K) Class: 4K(128K)->4K(128K)
[2024-08-28T13:05:55.987+0000][info][gc             ] GC(92) Pause Young (Normal) (G1 Evacuation Pause) 587M->583M(1024M) 23.271ms
[2024-08-28T13:05:55.987+0000][info][gc,cpu         ] GC(92) User=0.53s Sys=0.00s Real=0.02s
[2024-08-28T13:05:56.044+0000][info][gc,start       ] GC(93) Pause Young (Concurrent Start) (G1 Evacuation Pause)
[2024-08-28T13:05:56.044+0000][info][gc,task        ] GC(93) Using 24 workers of 68 for evacuation
[2024-08-28T13:05:56.065+0000][info][gc,phases      ] GC(93)   Pre Evacuate Collection Set: 0.2ms
[2024-08-28T13:05:56.066+0000][info][gc,phases      ] GC(93)   Merge Heap Roots: 0.3ms
[2024-08-28T13:05:56.066+0000][info][gc,phases      ] GC(93)   Evacuate Collection Set: 20.1ms
[2024-08-28T13:05:56.066+0000][info][gc,phases      ] GC(93)   Post Evacuate Collection Set: 0.4ms
[2024-08-28T13:05:56.066+0000][info][gc,phases      ] GC(93)   Other: 1.0ms
[2024-08-28T13:05:56.066+0000][info][gc,heap        ] GC(93) Eden regions: 103->0(70)
[2024-08-28T13:05:56.066+0000][info][gc,heap        ] GC(93) Survivor regions: 19->16(16)
[2024-08-28T13:05:56.066+0000][info][gc,heap        ] GC(93) Old regions: 569->677
[2024-08-28T13:05:56.066+0000][info][gc,heap        ] GC(93) Archive regions: 2->2
[2024-08-28T13:05:56.066+0000][info][gc,heap        ] GC(93) Humongous regions: 5->5
[2024-08-28T13:05:56.066+0000][info][gc,metaspace   ] GC(93) Metaspace: 100K(320K)->100K(320K) NonClass: 96K(192K)->96K(192K) Class: 4K(128K)->4K(128K)
[2024-08-28T13:05:56.066+0000][info][gc             ] GC(93) Pause Young (Concurrent Start) (G1 Evacuation Pause) 686M->687M(1024M) 22.208ms
[2024-08-28T13:05:56.066+0000][info][gc,cpu         ] GC(93) User=0.48s Sys=0.00s Real=0.02s
[2024-08-28T13:05:56.066+0000][info][gc             ] GC(94) Concurrent Mark Cycle
[2024-08-28T13:05:56.066+0000][info][gc,marking     ] GC(94) Concurrent Clear Claimed Marks
[2024-08-28T13:05:56.066+0000][info][gc,marking     ] GC(94) Concurrent Clear Claimed Marks 0.011ms
[2024-08-28T13:05:56.066+0000][info][gc,marking     ] GC(94) Concurrent Scan Root Regions
[2024-08-28T13:05:56.070+0000][info][gc,marking     ] GC(94) Concurrent Scan Root Regions 3.788ms
[2024-08-28T13:05:56.070+0000][info][gc,marking     ] GC(94) Concurrent Mark
[2024-08-28T13:05:56.070+0000][info][gc,marking     ] GC(94) Concurrent Mark From Roots
[2024-08-28T13:05:56.070+0000][info][gc,task        ] GC(94) Using 17 workers of 17 for marking
[2024-08-28T13:05:56.092+0000][info][gc,marking     ] GC(94) Concurrent Mark From Roots 22.211ms
[2024-08-28T13:05:56.092+0000][info][gc,marking     ] GC(94) Concurrent Preclean
[2024-08-28T13:05:56.093+0000][info][gc,marking     ] GC(94) Concurrent Preclean 0.694ms
[2024-08-28T13:05:56.093+0000][info][gc,start       ] GC(94) Pause Remark
[2024-08-28T13:05:56.094+0000][info][gc             ] GC(94) Pause Remark 722M->722M(1024M) 1.111ms
[2024-08-28T13:05:56.094+0000][info][gc,cpu         ] GC(94) User=0.01s Sys=0.00s Real=0.00s
[2024-08-28T13:05:56.094+0000][info][gc,marking     ] GC(94) Concurrent Mark 24.373ms
[2024-08-28T13:05:56.094+0000][info][gc,marking     ] GC(94) Concurrent Rebuild Remembered Sets
[2024-08-28T13:05:56.115+0000][info][gc,start       ] GC(95) Pause Young (Normal) (G1 Evacuation Pause)
[2024-08-28T13:05:56.115+0000][info][gc,task        ] GC(95) Using 24 workers of 68 for evacuation
[2024-08-28T13:05:56.132+0000][info][gc,phases      ] GC(95)   Pre Evacuate Collection Set: 0.1ms
[2024-08-28T13:05:56.132+0000][info][gc,phases      ] GC(95)   Merge Heap Roots: 0.4ms
[2024-08-28T13:05:56.132+0000][info][gc,phases      ] GC(95)   Evacuate Collection Set: 15.8ms
[2024-08-28T13:05:56.132+0000][info][gc,phases      ] GC(95)   Post Evacuate Collection Set: 0.5ms
[2024-08-28T13:05:56.132+0000][info][gc,phases      ] GC(95)   Other: 0.2ms
[2024-08-28T13:05:56.132+0000][info][gc,heap        ] GC(95) Eden regions: 70->0(46)
[2024-08-28T13:05:56.132+0000][info][gc,heap        ] GC(95) Survivor regions: 16->11(11)
[2024-08-28T13:05:56.132+0000][info][gc,heap        ] GC(95) Old regions: 677->755
[2024-08-28T13:05:56.132+0000][info][gc,heap        ] GC(95) Archive regions: 2->2
[2024-08-28T13:05:56.132+0000][info][gc,heap        ] GC(95) Humongous regions: 5->5
[2024-08-28T13:05:56.132+0000][info][gc,metaspace   ] GC(95) Metaspace: 100K(320K)->100K(320K) NonClass: 96K(192K)->96K(192K) Class: 4K(128K)->4K(128K)
[2024-08-28T13:05:56.132+0000][info][gc             ] GC(95) Pause Young (Normal) (G1 Evacuation Pause) 757M->760M(1024M) 17.167ms
[2024-08-28T13:05:56.132+0000][info][gc,cpu         ] GC(95) User=0.39s Sys=0.00s Real=0.02s
[2024-08-28T13:05:56.161+0000][info][gc,start       ] GC(96) Pause Young (Normal) (G1 Evacuation Pause)
[2024-08-28T13:05:56.161+0000][info][gc,task        ] GC(96) Using 24 workers of 68 for evacuation
[2024-08-28T13:05:56.181+0000][info][gc,phases      ] GC(96)   Pre Evacuate Collection Set: 0.1ms
[2024-08-28T13:05:56.181+0000][info][gc,phases      ] GC(96)   Merge Heap Roots: 0.4ms
[2024-08-28T13:05:56.181+0000][info][gc,phases      ] GC(96)   Evacuate Collection Set: 18.4ms
[2024-08-28T13:05:56.181+0000][info][gc,phases      ] GC(96)   Post Evacuate Collection Set: 0.6ms
[2024-08-28T13:05:56.181+0000][info][gc,phases      ] GC(96)   Other: 0.2ms
[2024-08-28T13:05:56.181+0000][info][gc,heap        ] GC(96) Eden regions: 46->0(43)
[2024-08-28T13:05:56.181+0000][info][gc,heap        ] GC(96) Survivor regions: 11->8(8)
[2024-08-28T13:05:56.181+0000][info][gc,heap        ] GC(96) Old regions: 755->809
[2024-08-28T13:05:56.181+0000][info][gc,heap        ] GC(96) Archive regions: 2->2
[2024-08-28T13:05:56.181+0000][info][gc,heap        ] GC(96) Humongous regions: 5->5
[2024-08-28T13:05:56.181+0000][info][gc,metaspace   ] GC(96) Metaspace: 100K(320K)->100K(320K) NonClass: 96K(192K)->96K(192K) Class: 4K(128K)->4K(128K)
[2024-08-28T13:05:56.181+0000][info][gc             ] GC(96) Pause Young (Normal) (G1 Evacuation Pause) 806M->812M(1024M) 19.884ms
[2024-08-28T13:05:56.181+0000][info][gc,cpu         ] GC(96) User=0.44s Sys=0.01s Real=0.02s
[2024-08-28T13:05:56.183+0000][info][gc,marking     ] GC(94) Concurrent Rebuild Remembered Sets 89.293ms
[2024-08-28T13:05:56.184+0000][info][gc,start       ] GC(94) Pause Cleanup
[2024-08-28T13:05:56.185+0000][info][gc             ] GC(94) Pause Cleanup 816M->816M(1024M) 1.405ms
[2024-08-28T13:05:56.185+0000][info][gc,cpu         ] GC(94) User=0.01s Sys=0.00s Real=0.00s
[2024-08-28T13:05:56.185+0000][info][gc,marking     ] GC(94) Concurrent Cleanup for Next Mark
[2024-08-28T13:05:56.186+0000][info][gc,marking     ] GC(94) Concurrent Cleanup for Next Mark 0.716ms
[2024-08-28T13:05:56.186+0000][info][gc             ] GC(94) Concurrent Mark Cycle 119.998ms
[2024-08-28T13:05:56.208+0000][info][gc,start       ] GC(97) Pause Young (Prepare Mixed) (G1 Evacuation Pause)
[2024-08-28T13:05:56.208+0000][info][gc,task        ] GC(97) Using 24 workers of 68 for evacuation
[2024-08-28T13:05:56.226+0000][info][gc,phases      ] GC(97)   Pre Evacuate Collection Set: 0.2ms
[2024-08-28T13:05:56.227+0000][info][gc,phases      ] GC(97)   Merge Heap Roots: 0.5ms
[2024-08-28T13:05:56.227+0000][info][gc,phases      ] GC(97)   Evacuate Collection Set: 17.8ms
[2024-08-28T13:05:56.227+0000][info][gc,phases      ] GC(97)   Post Evacuate Collection Set: 0.3ms
[2024-08-28T13:05:56.227+0000][info][gc,phases      ] GC(97)   Other: 0.2ms
[2024-08-28T13:05:56.227+0000][info][gc,heap        ] GC(97) Eden regions: 43->0(44)
[2024-08-28T13:05:56.227+0000][info][gc,heap        ] GC(97) Survivor regions: 8->7(7)
[2024-08-28T13:05:56.227+0000][info][gc,heap        ] GC(97) Old regions: 809->857
[2024-08-28T13:05:56.227+0000][info][gc,heap        ] GC(97) Archive regions: 2->2
[2024-08-28T13:05:56.227+0000][info][gc,heap        ] GC(97) Humongous regions: 5->5
[2024-08-28T13:05:56.227+0000][info][gc,metaspace   ] GC(97) Metaspace: 100K(320K)->100K(320K) NonClass: 96K(192K)->96K(192K) Class: 4K(128K)->4K(128K)
[2024-08-28T13:05:56.227+0000][info][gc             ] GC(97) Pause Young (Prepare Mixed) (G1 Evacuation Pause) 855M->859M(1024M) 19.157ms
[2024-08-28T13:05:56.227+0000][info][gc,cpu         ] GC(97) User=0.44s Sys=0.00s Real=0.02s
[2024-08-28T13:05:56.251+0000][info][gc,start       ] GC(98) Pause Young (Mixed) (G1 Evacuation Pause)
[2024-08-28T13:05:56.251+0000][info][gc,task        ] GC(98) Using 24 workers of 68 for evacuation
[2024-08-28T13:05:56.265+0000][info][gc,phases      ] GC(98)   Pre Evacuate Collection Set: 0.2ms
[2024-08-28T13:05:56.265+0000][info][gc,phases      ] GC(98)   Merge Heap Roots: 0.4ms
[2024-08-28T13:05:56.265+0000][info][gc,phases      ] GC(98)   Evacuate Collection Set: 12.1ms
[2024-08-28T13:05:56.265+0000][info][gc,phases      ] GC(98)   Post Evacuate Collection Set: 0.7ms
[2024-08-28T13:05:56.265+0000][info][gc,phases      ] GC(98)   Other: 0.4ms
[2024-08-28T13:05:56.265+0000][info][gc,heap        ] GC(98) Eden regions: 44->0(44)
[2024-08-28T13:05:56.265+0000][info][gc,heap        ] GC(98) Survivor regions: 7->7(7)
[2024-08-28T13:05:56.265+0000][info][gc,heap        ] GC(98) Old regions: 857->801
[2024-08-28T13:05:56.265+0000][info][gc,heap        ] GC(98) Archive regions: 2->2
[2024-08-28T13:05:56.265+0000][info][gc,heap        ] GC(98) Humongous regions: 5->5
[2024-08-28T13:05:56.265+0000][info][gc,metaspace   ] GC(98) Metaspace: 100K(320K)->100K(320K) NonClass: 96K(192K)->96K(192K) Class: 4K(128K)->4K(128K)
[2024-08-28T13:05:56.265+0000][info][gc             ] GC(98) Pause Young (Mixed) (G1 Evacuation Pause) 903M->809M(1024M) 13.909ms
[2024-08-28T13:05:56.265+0000][info][gc,cpu         ] GC(98) User=0.30s Sys=0.00s Real=0.01s
[2024-08-28T13:05:56.290+0000][info][gc,start       ] GC(99) Pause Young (Mixed) (G1 Evacuation Pause)
[2024-08-28T13:05:56.290+0000][info][gc,task        ] GC(99) Using 24 workers of 68 for evacuation
[2024-08-28T13:05:56.302+0000][info][gc,phases      ] GC(99)   Pre Evacuate Collection Set: 0.4ms
[2024-08-28T13:05:56.303+0000][info][gc,phases      ] GC(99)   Merge Heap Roots: 0.4ms
[2024-08-28T13:05:56.303+0000][info][gc,phases      ] GC(99)   Evacuate Collection Set: 11.2ms
[2024-08-28T13:05:56.303+0000][info][gc,phases      ] GC(99)   Post Evacuate Collection Set: 0.4ms
[2024-08-28T13:05:56.303+0000][info][gc,phases      ] GC(99)   Other: 0.4ms
[2024-08-28T13:05:56.303+0000][info][gc,heap        ] GC(99) Eden regions: 44->0(47)
[2024-08-28T13:05:56.303+0000][info][gc,heap        ] GC(99) Survivor regions: 7->7(7)
[2024-08-28T13:05:56.303+0000][info][gc,heap        ] GC(99) Old regions: 801->757
[2024-08-28T13:05:56.303+0000][info][gc,heap        ] GC(99) Archive regions: 2->2
[2024-08-28T13:05:56.303+0000][info][gc,heap        ] GC(99) Humongous regions: 5->5
[2024-08-28T13:05:56.303+0000][info][gc,metaspace   ] GC(99) Metaspace: 100K(320K)->100K(320K) NonClass: 96K(192K)->96K(192K) Class: 4K(128K)->4K(128K)
[2024-08-28T13:05:56.303+0000][info][gc             ] GC(99) Pause Young (Mixed) (G1 Evacuation Pause) 853M->765M(1024M) 12.914ms
[2024-08-28T13:05:56.303+0000][info][gc,cpu         ] GC(99) User=0.28s Sys=0.00s Real=0.01s
[2024-08-28T13:05:56.328+0000][info][gc,start       ] GC(100) Pause Young (Concurrent Start) (G1 Evacuation Pause)
[2024-08-28T13:05:56.328+0000][info][gc,task        ] GC(100) Using 24 workers of 68 for evacuation
[2024-08-28T13:05:56.340+0000][info][gc,phases      ] GC(100)   Pre Evacuate Collection Set: 0.2ms
[2024-08-28T13:05:56.341+0000][info][gc,phases      ] GC(100)   Merge Heap Roots: 0.3ms
[2024-08-28T13:05:56.341+0000][info][gc,phases      ] GC(100)   Evacuate Collection Set: 10.6ms
[2024-08-28T13:05:56.341+0000][info][gc,phases      ] GC(100)   Post Evacuate Collection Set: 0.4ms
[2024-08-28T13:05:56.341+0000][info][gc,phases      ] GC(100)   Other: 1.0ms
[2024-08-28T13:05:56.341+0000][info][gc,heap        ] GC(100) Eden regions: 47->0(44)
[2024-08-28T13:05:56.341+0000][info][gc,heap        ] GC(100) Survivor regions: 7->7(7)
[2024-08-28T13:05:56.341+0000][info][gc,heap        ] GC(100) Old regions: 757->806
[2024-08-28T13:05:56.341+0000][info][gc,heap        ] GC(100) Archive regions: 2->2
[2024-08-28T13:05:56.341+0000][info][gc,heap        ] GC(100) Humongous regions: 5->5
[2024-08-28T13:05:56.341+0000][info][gc,metaspace   ] GC(100) Metaspace: 100K(320K)->100K(320K) NonClass: 96K(192K)->96K(192K) Class: 4K(128K)->4K(128K)
[2024-08-28T13:05:56.341+0000][info][gc             ] GC(100) Pause Young (Concurrent Start) (G1 Evacuation Pause) 812M->814M(1024M) 12.593ms
[2024-08-28T13:05:56.341+0000][info][gc,cpu         ] GC(100) User=0.25s Sys=0.00s Real=0.02s
[2024-08-28T13:05:56.341+0000][info][gc             ] GC(101) Concurrent Mark Cycle
[2024-08-28T13:05:56.341+0000][info][gc,marking     ] GC(101) Concurrent Clear Claimed Marks
[2024-08-28T13:05:56.341+0000][info][gc,marking     ] GC(101) Concurrent Clear Claimed Marks 0.014ms
[2024-08-28T13:05:56.341+0000][info][gc,marking     ] GC(101) Concurrent Scan Root Regions
[2024-08-28T13:05:56.343+0000][info][gc,marking     ] GC(101) Concurrent Scan Root Regions 1.790ms
[2024-08-28T13:05:56.343+0000][info][gc,marking     ] GC(101) Concurrent Mark
[2024-08-28T13:05:56.343+0000][info][gc,marking     ] GC(101) Concurrent Mark From Roots
[2024-08-28T13:05:56.343+0000][info][gc,task        ] GC(101) Using 17 workers of 17 for marking
[2024-08-28T13:05:56.369+0000][info][gc,marking     ] GC(101) Concurrent Mark From Roots 26.219ms
[2024-08-28T13:05:56.369+0000][info][gc,marking     ] GC(101) Concurrent Preclean
[2024-08-28T13:05:56.370+0000][info][gc,marking     ] GC(101) Concurrent Preclean 0.712ms
[2024-08-28T13:05:56.370+0000][info][gc,start       ] GC(101) Pause Remark
[2024-08-28T13:05:56.371+0000][info][gc             ] GC(101) Pause Remark 852M->852M(1024M) 1.325ms
[2024-08-28T13:05:56.371+0000][info][gc,cpu         ] GC(101) User=0.00s Sys=0.00s Real=0.00s
[2024-08-28T13:05:56.371+0000][info][gc,marking     ] GC(101) Concurrent Mark 28.607ms
[2024-08-28T13:05:56.371+0000][info][gc,marking     ] GC(101) Concurrent Rebuild Remembered Sets
[2024-08-28T13:05:56.375+0000][info][gc,start       ] GC(102) Pause Young (Normal) (G1 Evacuation Pause)
[2024-08-28T13:05:56.375+0000][info][gc,task        ] GC(102) Using 24 workers of 68 for evacuation
[2024-08-28T13:05:56.386+0000][info][gc,phases      ] GC(102)   Pre Evacuate Collection Set: 0.1ms
[2024-08-28T13:05:56.386+0000][info][gc,phases      ] GC(102)   Merge Heap Roots: 0.2ms
[2024-08-28T13:05:56.386+0000][info][gc,phases      ] GC(102)   Evacuate Collection Set: 9.7ms
[2024-08-28T13:05:56.386+0000][info][gc,phases      ] GC(102)   Post Evacuate Collection Set: 0.5ms
[2024-08-28T13:05:56.386+0000][info][gc,phases      ] GC(102)   Other: 0.2ms
[2024-08-28T13:05:56.386+0000][info][gc,heap        ] GC(102) Eden regions: 44->0(44)
[2024-08-28T13:05:56.386+0000][info][gc,heap        ] GC(102) Survivor regions: 7->7(7)
[2024-08-28T13:05:56.386+0000][info][gc,heap        ] GC(102) Old regions: 806->853
[2024-08-28T13:05:56.386+0000][info][gc,heap        ] GC(102) Archive regions: 2->2
[2024-08-28T13:05:56.386+0000][info][gc,heap        ] GC(102) Humongous regions: 5->5
[2024-08-28T13:05:56.386+0000][info][gc,metaspace   ] GC(102) Metaspace: 100K(320K)->100K(320K) NonClass: 96K(192K)->96K(192K) Class: 4K(128K)->4K(128K)
[2024-08-28T13:05:56.386+0000][info][gc             ] GC(102) Pause Young (Normal) (G1 Evacuation Pause) 858M->861M(1024M) 10.781ms
[2024-08-28T13:05:56.386+0000][info][gc,cpu         ] GC(102) User=0.24s Sys=0.00s Real=0.01s
[2024-08-28T13:05:56.413+0000][info][gc,start       ] GC(103) Pause Young (Normal) (G1 Evacuation Pause)
[2024-08-28T13:05:56.413+0000][info][gc,task        ] GC(103) Using 24 workers of 68 for evacuation
[2024-08-28T13:05:56.428+0000][info][gc,phases      ] GC(103)   Pre Evacuate Collection Set: 0.1ms
[2024-08-28T13:05:56.428+0000][info][gc,phases      ] GC(103)   Merge Heap Roots: 0.3ms
[2024-08-28T13:05:56.428+0000][info][gc,phases      ] GC(103)   Evacuate Collection Set: 13.7ms
[2024-08-28T13:05:56.428+0000][info][gc,phases      ] GC(103)   Post Evacuate Collection Set: 0.5ms
[2024-08-28T13:05:56.428+0000][info][gc,phases      ] GC(103)   Other: 0.2ms
[2024-08-28T13:05:56.428+0000][info][gc,heap        ] GC(103) Eden regions: 44->0(44)
[2024-08-28T13:05:56.428+0000][info][gc,heap        ] GC(103) Survivor regions: 7->7(7)
[2024-08-28T13:05:56.428+0000][info][gc,heap        ] GC(103) Old regions: 853->899
[2024-08-28T13:05:56.428+0000][info][gc,heap        ] GC(103) Archive regions: 2->2
[2024-08-28T13:05:56.428+0000][info][gc,heap        ] GC(103) Humongous regions: 5->5
[2024-08-28T13:05:56.428+0000][info][gc,metaspace   ] GC(103) Metaspace: 100K(320K)->100K(320K) NonClass: 96K(192K)->96K(192K) Class: 4K(128K)->4K(128K)
[2024-08-28T13:05:56.428+0000][info][gc             ] GC(103) Pause Young (Normal) (G1 Evacuation Pause) 905M->907M(1024M) 15.124ms
[2024-08-28T13:05:56.428+0000][info][gc,cpu         ] GC(103) User=0.34s Sys=0.00s Real=0.01s
[2024-08-28T13:05:56.452+0000][info][gc,marking     ] GC(101) Concurrent Rebuild Remembered Sets 80.396ms
[2024-08-28T13:05:56.452+0000][info][gc,start       ] GC(101) Pause Cleanup
[2024-08-28T13:05:56.454+0000][info][gc             ] GC(101) Pause Cleanup 949M->949M(1024M) 1.505ms
[2024-08-28T13:05:56.454+0000][info][gc,cpu         ] GC(101) User=0.01s Sys=0.00s Real=0.00s
[2024-08-28T13:05:56.454+0000][info][gc,marking     ] GC(101) Concurrent Cleanup for Next Mark
[2024-08-28T13:05:56.454+0000][info][gc,marking     ] GC(101) Concurrent Cleanup for Next Mark 0.795ms
[2024-08-28T13:05:56.454+0000][info][gc             ] GC(101) Concurrent Mark Cycle 113.574ms
[2024-08-28T13:05:56.456+0000][info][gc,start       ] GC(104) Pause Young (Prepare Mixed) (G1 Evacuation Pause)
[2024-08-28T13:05:56.456+0000][info][gc,task        ] GC(104) Using 24 workers of 68 for evacuation
[2024-08-28T13:05:56.472+0000][info][gc,phases      ] GC(104)   Pre Evacuate Collection Set: 0.2ms
[2024-08-28T13:05:56.472+0000][info][gc,phases      ] GC(104)   Merge Heap Roots: 0.6ms
[2024-08-28T13:05:56.472+0000][info][gc,phases      ] GC(104)   Evacuate Collection Set: 15.3ms
[2024-08-28T13:05:56.472+0000][info][gc,phases      ] GC(104)   Post Evacuate Collection Set: 0.3ms
[2024-08-28T13:05:56.473+0000][info][gc,phases      ] GC(104)   Other: 0.2ms
[2024-08-28T13:05:56.473+0000][info][gc,heap        ] GC(104) Eden regions: 44->0(44)
[2024-08-28T13:05:56.473+0000][info][gc,heap        ] GC(104) Survivor regions: 7->7(7)
[2024-08-28T13:05:56.473+0000][info][gc,heap        ] GC(104) Old regions: 899->946
[2024-08-28T13:05:56.473+0000][info][gc,heap        ] GC(104) Archive regions: 2->2
[2024-08-28T13:05:56.473+0000][info][gc,heap        ] GC(104) Humongous regions: 5->5
[2024-08-28T13:05:56.473+0000][info][gc,metaspace   ] GC(104) Metaspace: 100K(320K)->100K(320K) NonClass: 96K(192K)->96K(192K) Class: 4K(128K)->4K(128K)
[2024-08-28T13:05:56.473+0000][info][gc             ] GC(104) Pause Young (Prepare Mixed) (G1 Evacuation Pause) 951M->954M(1024M) 16.600ms
[2024-08-28T13:05:56.473+0000][info][gc,cpu         ] GC(104) User=0.38s Sys=0.00s Real=0.02s
[2024-08-28T13:05:56.488+0000][info][gc,start       ] GC(105) Pause Young (Mixed) (G1 Preventive Collection)
[2024-08-28T13:05:56.488+0000][info][gc,task        ] GC(105) Using 24 workers of 68 for evacuation
[2024-08-28T13:05:56.497+0000][info][gc,phases      ] GC(105)   Pre Evacuate Collection Set: 0.2ms
[2024-08-28T13:05:56.497+0000][info][gc,phases      ] GC(105)   Merge Heap Roots: 0.2ms
[2024-08-28T13:05:56.497+0000][info][gc,phases      ] GC(105)   Evacuate Collection Set: 8.4ms
[2024-08-28T13:05:56.497+0000][info][gc,phases      ] GC(105)   Post Evacuate Collection Set: 0.4ms
[2024-08-28T13:05:56.497+0000][info][gc,phases      ] GC(105)   Other: 0.2ms
[2024-08-28T13:05:56.497+0000][info][gc,heap        ] GC(105) Eden regions: 26->0(44)
[2024-08-28T13:05:56.497+0000][info][gc,heap        ] GC(105) Survivor regions: 7->7(7)
[2024-08-28T13:05:56.497+0000][info][gc,heap        ] GC(105) Old regions: 946->872
[2024-08-28T13:05:56.497+0000][info][gc,heap        ] GC(105) Archive regions: 2->2
[2024-08-28T13:05:56.497+0000][info][gc,heap        ] GC(105) Humongous regions: 5->5
[2024-08-28T13:05:56.497+0000][info][gc,metaspace   ] GC(105) Metaspace: 100K(320K)->100K(320K) NonClass: 96K(192K)->96K(192K) Class: 4K(128K)->4K(128K)
[2024-08-28T13:05:56.497+0000][info][gc             ] GC(105) Pause Young (Mixed) (G1 Preventive Collection) 980M->883M(1024M) 9.439ms
[2024-08-28T13:05:56.497+0000][info][gc,cpu         ] GC(105) User=0.20s Sys=0.00s Real=0.01s
[2024-08-28T13:05:56.521+0000][info][gc,start       ] GC(106) Pause Young (Mixed) (G1 Evacuation Pause)
[2024-08-28T13:05:56.521+0000][info][gc,task        ] GC(106) Using 24 workers of 68 for evacuation
[2024-08-28T13:05:56.533+0000][info][gc,phases      ] GC(106)   Pre Evacuate Collection Set: 0.2ms
[2024-08-28T13:05:56.533+0000][info][gc,phases      ] GC(106)   Merge Heap Roots: 0.4ms
[2024-08-28T13:05:56.533+0000][info][gc,phases      ] GC(106)   Evacuate Collection Set: 10.5ms
[2024-08-28T13:05:56.533+0000][info][gc,phases      ] GC(106)   Post Evacuate Collection Set: 0.4ms
[2024-08-28T13:05:56.533+0000][info][gc,phases      ] GC(106)   Other: 0.3ms
[2024-08-28T13:05:56.533+0000][info][gc,heap        ] GC(106) Eden regions: 44->0(44)
[2024-08-28T13:05:56.533+0000][info][gc,heap        ] GC(106) Survivor regions: 7->7(7)
[2024-08-28T13:05:56.533+0000][info][gc,heap        ] GC(106) Old regions: 872->815
[2024-08-28T13:05:56.533+0000][info][gc,heap        ] GC(106) Archive regions: 2->2
[2024-08-28T13:05:56.533+0000][info][gc,heap        ] GC(106) Humongous regions: 5->5
[2024-08-28T13:05:56.533+0000][info][gc,metaspace   ] GC(106) Metaspace: 100K(320K)->100K(320K) NonClass: 96K(192K)->96K(192K) Class: 4K(128K)->4K(128K)
[2024-08-28T13:05:56.533+0000][info][gc             ] GC(106) Pause Young (Mixed) (G1 Evacuation Pause) 927M->826M(1024M) 11.895ms
[2024-08-28T13:05:56.533+0000][info][gc,cpu         ] GC(106) User=0.26s Sys=0.01s Real=0.01s
[2024-08-28T13:05:56.556+0000][info][gc,start       ] GC(107) Pause Young (Mixed) (G1 Evacuation Pause)
[2024-08-28T13:05:56.556+0000][info][gc,task        ] GC(107) Using 24 workers of 68 for evacuation
[2024-08-28T13:05:56.570+0000][info][gc,phases      ] GC(107)   Pre Evacuate Collection Set: 0.2ms
[2024-08-28T13:05:56.570+0000][info][gc,phases      ] GC(107)   Merge Heap Roots: 0.3ms
[2024-08-28T13:05:56.570+0000][info][gc,phases      ] GC(107)   Evacuate Collection Set: 12.6ms
[2024-08-28T13:05:56.570+0000][info][gc,phases      ] GC(107)   Post Evacuate Collection Set: 0.4ms
[2024-08-28T13:05:56.570+0000][info][gc,phases      ] GC(107)   Other: 0.2ms
[2024-08-28T13:05:56.570+0000][info][gc,heap        ] GC(107) Eden regions: 44->0(44)
[2024-08-28T13:05:56.570+0000][info][gc,heap        ] GC(107) Survivor regions: 7->7(7)
[2024-08-28T13:05:56.570+0000][info][gc,heap        ] GC(107) Old regions: 815->774
[2024-08-28T13:05:56.570+0000][info][gc,heap        ] GC(107) Archive regions: 2->2
[2024-08-28T13:05:56.570+0000][info][gc,heap        ] GC(107) Humongous regions: 5->5
[2024-08-28T13:05:56.570+0000][info][gc,metaspace   ] GC(107) Metaspace: 100K(320K)->100K(320K) NonClass: 96K(192K)->96K(192K) Class: 4K(128K)->4K(128K)
[2024-08-28T13:05:56.570+0000][info][gc             ] GC(107) Pause Young (Mixed) (G1 Evacuation Pause) 870M->786M(1024M) 13.862ms
[2024-08-28T13:05:56.570+0000][info][gc,cpu         ] GC(107) User=0.31s Sys=0.00s Real=0.02s
[2024-08-28T13:05:56.593+0000][info][gc,start       ] GC(108) Pause Young (Mixed) (G1 Evacuation Pause)
[2024-08-28T13:05:56.594+0000][info][gc,task        ] GC(108) Using 24 workers of 68 for evacuation
[2024-08-28T13:05:56.607+0000][info][gc,phases      ] GC(108)   Pre Evacuate Collection Set: 0.2ms
[2024-08-28T13:05:56.607+0000][info][gc,phases      ] GC(108)   Merge Heap Roots: 0.4ms
[2024-08-28T13:05:56.607+0000][info][gc,phases      ] GC(108)   Evacuate Collection Set: 12.3ms
[2024-08-28T13:05:56.607+0000][info][gc,phases      ] GC(108)   Post Evacuate Collection Set: 0.3ms
[2024-08-28T13:05:56.607+0000][info][gc,phases      ] GC(108)   Other: 0.3ms
[2024-08-28T13:05:56.607+0000][info][gc,heap        ] GC(108) Eden regions: 44->0(44)
[2024-08-28T13:05:56.607+0000][info][gc,heap        ] GC(108) Survivor regions: 7->7(7)
[2024-08-28T13:05:56.607+0000][info][gc,heap        ] GC(108) Old regions: 774->795
[2024-08-28T13:05:56.607+0000][info][gc,heap        ] GC(108) Archive regions: 2->2
[2024-08-28T13:05:56.607+0000][info][gc,heap        ] GC(108) Humongous regions: 5->5
[2024-08-28T13:05:56.607+0000][info][gc,metaspace   ] GC(108) Metaspace: 100K(320K)->100K(320K) NonClass: 96K(192K)->96K(192K) Class: 4K(128K)->4K(128K)
[2024-08-28T13:05:56.607+0000][info][gc             ] GC(108) Pause Young (Mixed) (G1 Evacuation Pause) 830M->807M(1024M) 13.478ms
[2024-08-28T13:05:56.607+0000][info][gc,cpu         ] GC(108) User=0.30s Sys=0.00s Real=0.01s
[2024-08-28T13:05:56.630+0000][info][gc,start       ] GC(109) Pause Young (Concurrent Start) (G1 Evacuation Pause)
[2024-08-28T13:05:56.630+0000][info][gc,task        ] GC(109) Using 24 workers of 68 for evacuation
[2024-08-28T13:05:56.642+0000][info][gc,phases      ] GC(109)   Pre Evacuate Collection Set: 0.2ms
[2024-08-28T13:05:56.642+0000][info][gc,phases      ] GC(109)   Merge Heap Roots: 0.4ms
[2024-08-28T13:05:56.642+0000][info][gc,phases      ] GC(109)   Evacuate Collection Set: 10.2ms
[2024-08-28T13:05:56.642+0000][info][gc,phases      ] GC(109)   Post Evacuate Collection Set: 0.3ms
[2024-08-28T13:05:56.642+0000][info][gc,phases      ] GC(109)   Other: 0.8ms
[2024-08-28T13:05:56.642+0000][info][gc,heap        ] GC(109) Eden regions: 44->0(44)
[2024-08-28T13:05:56.642+0000][info][gc,heap        ] GC(109) Survivor regions: 7->7(7)
[2024-08-28T13:05:56.642+0000][info][gc,heap        ] GC(109) Old regions: 795->842
[2024-08-28T13:05:56.642+0000][info][gc,heap        ] GC(109) Archive regions: 2->2
[2024-08-28T13:05:56.642+0000][info][gc,heap        ] GC(109) Humongous regions: 5->5
[2024-08-28T13:05:56.642+0000][info][gc,metaspace   ] GC(109) Metaspace: 100K(320K)->100K(320K) NonClass: 96K(192K)->96K(192K) Class: 4K(128K)->4K(128K)
[2024-08-28T13:05:56.642+0000][info][gc             ] GC(109) Pause Young (Concurrent Start) (G1 Evacuation Pause) 851M->854M(1024M) 12.095ms
[2024-08-28T13:05:56.642+0000][info][gc,cpu         ] GC(109) User=0.23s Sys=0.02s Real=0.01s
[2024-08-28T13:05:56.642+0000][info][gc             ] GC(110) Concurrent Mark Cycle
[2024-08-28T13:05:56.642+0000][info][gc,marking     ] GC(110) Concurrent Clear Claimed Marks
[2024-08-28T13:05:56.642+0000][info][gc,marking     ] GC(110) Concurrent Clear Claimed Marks 0.012ms
[2024-08-28T13:05:56.642+0000][info][gc,marking     ] GC(110) Concurrent Scan Root Regions
[2024-08-28T13:05:56.644+0000][info][gc,marking     ] GC(110) Concurrent Scan Root Regions 1.794ms
[2024-08-28T13:05:56.644+0000][info][gc,marking     ] GC(110) Concurrent Mark
[2024-08-28T13:05:56.644+0000][info][gc,marking     ] GC(110) Concurrent Mark From Roots
[2024-08-28T13:05:56.644+0000][info][gc,task        ] GC(110) Using 17 workers of 17 for marking
[2024-08-28T13:05:56.671+0000][info][gc,marking     ] GC(110) Concurrent Mark From Roots 26.976ms
[2024-08-28T13:05:56.671+0000][info][gc,marking     ] GC(110) Concurrent Preclean
[2024-08-28T13:05:56.672+0000][info][gc,marking     ] GC(110) Concurrent Preclean 0.609ms
[2024-08-28T13:05:56.672+0000][info][gc,start       ] GC(110) Pause Remark
[2024-08-28T13:05:56.674+0000][info][gc             ] GC(110) Pause Remark 890M->890M(1024M) 2.018ms
[2024-08-28T13:05:56.674+0000][info][gc,cpu         ] GC(110) User=0.02s Sys=0.00s Real=0.00s
[2024-08-28T13:05:56.674+0000][info][gc,marking     ] GC(110) Concurrent Mark 30.028ms
[2024-08-28T13:05:56.674+0000][info][gc,marking     ] GC(110) Concurrent Rebuild Remembered Sets
[2024-08-28T13:05:56.679+0000][info][gc,start       ] GC(111) Pause Young (Normal) (G1 Evacuation Pause)
[2024-08-28T13:05:56.680+0000][info][gc,task        ] GC(111) Using 24 workers of 68 for evacuation
[2024-08-28T13:05:56.690+0000][info][gc,phases      ] GC(111)   Pre Evacuate Collection Set: 0.1ms
[2024-08-28T13:05:56.690+0000][info][gc,phases      ] GC(111)   Merge Heap Roots: 0.3ms
[2024-08-28T13:05:56.690+0000][info][gc,phases      ] GC(111)   Evacuate Collection Set: 9.9ms
[2024-08-28T13:05:56.690+0000][info][gc,phases      ] GC(111)   Post Evacuate Collection Set: 0.4ms
[2024-08-28T13:05:56.690+0000][info][gc,phases      ] GC(111)   Other: 0.2ms
[2024-08-28T13:05:56.690+0000][info][gc,heap        ] GC(111) Eden regions: 44->0(44)
[2024-08-28T13:05:56.691+0000][info][gc,heap        ] GC(111) Survivor regions: 7->7(7)
[2024-08-28T13:05:56.691+0000][info][gc,heap        ] GC(111) Old regions: 842->888
[2024-08-28T13:05:56.691+0000][info][gc,heap        ] GC(111) Archive regions: 2->2
[2024-08-28T13:05:56.691+0000][info][gc,heap        ] GC(111) Humongous regions: 5->5
[2024-08-28T13:05:56.691+0000][info][gc,metaspace   ] GC(111) Metaspace: 100K(320K)->100K(320K) NonClass: 96K(192K)->96K(192K) Class: 4K(128K)->4K(128K)
[2024-08-28T13:05:56.691+0000][info][gc             ] GC(111) Pause Young (Normal) (G1 Evacuation Pause) 898M->900M(1024M) 11.071ms
[2024-08-28T13:05:56.691+0000][info][gc,cpu         ] GC(111) User=0.25s Sys=0.00s Real=0.01s
[2024-08-28T13:05:56.718+0000][info][gc,start       ] GC(112) Pause Young (Normal) (G1 Evacuation Pause)
[2024-08-28T13:05:56.718+0000][info][gc,task        ] GC(112) Using 24 workers of 68 for evacuation
[2024-08-28T13:05:56.733+0000][info][gc,phases      ] GC(112)   Pre Evacuate Collection Set: 0.1ms
[2024-08-28T13:05:56.733+0000][info][gc,phases      ] GC(112)   Merge Heap Roots: 0.5ms
[2024-08-28T13:05:56.733+0000][info][gc,phases      ] GC(112)   Evacuate Collection Set: 13.8ms
[2024-08-28T13:05:56.733+0000][info][gc,phases      ] GC(112)   Post Evacuate Collection Set: 0.6ms
[2024-08-28T13:05:56.733+0000][info][gc,phases      ] GC(112)   Other: 0.2ms
[2024-08-28T13:05:56.733+0000][info][gc,heap        ] GC(112) Eden regions: 44->0(44)
[2024-08-28T13:05:56.733+0000][info][gc,heap        ] GC(112) Survivor regions: 7->7(7)
[2024-08-28T13:05:56.733+0000][info][gc,heap        ] GC(112) Old regions: 888->935
[2024-08-28T13:05:56.733+0000][info][gc,heap        ] GC(112) Archive regions: 2->2
[2024-08-28T13:05:56.733+0000][info][gc,heap        ] GC(112) Humongous regions: 5->5
[2024-08-28T13:05:56.733+0000][info][gc,metaspace   ] GC(112) Metaspace: 100K(320K)->100K(320K) NonClass: 96K(192K)->96K(192K) Class: 4K(128K)->4K(128K)
[2024-08-28T13:05:56.733+0000][info][gc             ] GC(112) Pause Young (Normal) (G1 Evacuation Pause) 944M->947M(1024M) 15.291ms
[2024-08-28T13:05:56.733+0000][info][gc,cpu         ] GC(112) User=0.34s Sys=0.01s Real=0.01s
[2024-08-28T13:05:56.752+0000][info][gc,start       ] GC(113) Pause Young (Normal) (G1 Preventive Collection)
[2024-08-28T13:05:56.752+0000][info][gc,task        ] GC(113) Using 24 workers of 68 for evacuation
[2024-08-28T13:05:56.767+0000][info][gc,phases      ] GC(113)   Pre Evacuate Collection Set: 0.1ms
[2024-08-28T13:05:56.767+0000][info][gc,phases      ] GC(113)   Merge Heap Roots: 0.4ms
[2024-08-28T13:05:56.767+0000][info][gc,phases      ] GC(113)   Evacuate Collection Set: 13.6ms
[2024-08-28T13:05:56.767+0000][info][gc,phases      ] GC(113)   Post Evacuate Collection Set: 0.6ms
[2024-08-28T13:05:56.767+0000][info][gc,phases      ] GC(113)   Other: 0.2ms
[2024-08-28T13:05:56.767+0000][info][gc,heap        ] GC(113) Eden regions: 32->0(44)
[2024-08-28T13:05:56.767+0000][info][gc,heap        ] GC(113) Survivor regions: 7->7(7)
[2024-08-28T13:05:56.767+0000][info][gc,heap        ] GC(113) Old regions: 935->970
[2024-08-28T13:05:56.767+0000][info][gc,heap        ] GC(113) Archive regions: 2->2
[2024-08-28T13:05:56.767+0000][info][gc,heap        ] GC(113) Humongous regions: 5->5
[2024-08-28T13:05:56.767+0000][info][gc,metaspace   ] GC(113) Metaspace: 100K(320K)->100K(320K) NonClass: 96K(192K)->96K(192K) Class: 4K(128K)->4K(128K)
[2024-08-28T13:05:56.767+0000][info][gc             ] GC(113) Pause Young (Normal) (G1 Preventive Collection) 979M->982M(1024M) 15.084ms
[2024-08-28T13:05:56.767+0000][info][gc,cpu         ] GC(113) User=0.34s Sys=0.00s Real=0.01s
[2024-08-28T13:05:56.769+0000][info][gc,marking     ] GC(110) Concurrent Rebuild Remembered Sets 95.112ms
[2024-08-28T13:05:56.770+0000][info][gc,start       ] GC(110) Pause Cleanup
[2024-08-28T13:05:56.771+0000][info][gc             ] GC(110) Pause Cleanup 986M->986M(1024M) 1.669ms
[2024-08-28T13:05:56.771+0000][info][gc,cpu         ] GC(110) User=0.00s Sys=0.00s Real=0.00s
[2024-08-28T13:05:56.771+0000][info][gc,marking     ] GC(110) Concurrent Cleanup for Next Mark
[2024-08-28T13:05:56.773+0000][info][gc,marking     ] GC(110) Concurrent Cleanup for Next Mark 1.379ms
[2024-08-28T13:05:56.773+0000][info][gc             ] GC(110) Concurrent Mark Cycle 130.362ms
[2024-08-28T13:05:56.779+0000][info][gc,start       ] GC(114) Pause Young (Prepare Mixed) (G1 Preventive Collection)
[2024-08-28T13:05:56.779+0000][info][gc,task        ] GC(114) Using 24 workers of 68 for evacuation
[2024-08-28T13:05:56.792+0000][info][gc,phases      ] GC(114)   Pre Evacuate Collection Set: 0.1ms
[2024-08-28T13:05:56.792+0000][info][gc,phases      ] GC(114)   Merge Heap Roots: 0.4ms
[2024-08-28T13:05:56.792+0000][info][gc,phases      ] GC(114)   Evacuate Collection Set: 12.4ms
[2024-08-28T13:05:56.792+0000][info][gc,phases      ] GC(114)   Post Evacuate Collection Set: 0.3ms
[2024-08-28T13:05:56.792+0000][info][gc,phases      ] GC(114)   Other: 0.2ms
[2024-08-28T13:05:56.792+0000][info][gc,heap        ] GC(114) Eden regions: 15->0(44)
[2024-08-28T13:05:56.792+0000][info][gc,heap        ] GC(114) Survivor regions: 7->7(7)
[2024-08-28T13:05:56.792+0000][info][gc,heap        ] GC(114) Old regions: 970->988
[2024-08-28T13:05:56.792+0000][info][gc,heap        ] GC(114) Archive regions: 2->2
[2024-08-28T13:05:56.792+0000][info][gc,heap        ] GC(114) Humongous regions: 5->5
[2024-08-28T13:05:56.792+0000][info][gc,metaspace   ] GC(114) Metaspace: 100K(320K)->100K(320K) NonClass: 96K(192K)->96K(192K) Class: 4K(128K)->4K(128K)
[2024-08-28T13:05:56.792+0000][info][gc             ] GC(114) Pause Young (Prepare Mixed) (G1 Preventive Collection) 997M->1000M(1024M) 13.432ms
[2024-08-28T13:05:56.793+0000][info][gc,cpu         ] GC(114) User=0.30s Sys=0.00s Real=0.01s
[2024-08-28T13:05:56.796+0000][info][gc,start       ] GC(115) Pause Young (Mixed) (G1 Preventive Collection)
[2024-08-28T13:05:56.796+0000][info][gc,task        ] GC(115) Using 24 workers of 68 for evacuation
[2024-08-28T13:05:56.801+0000][info][gc,phases      ] GC(115)   Pre Evacuate Collection Set: 0.2ms
[2024-08-28T13:05:56.801+0000][info][gc,phases      ] GC(115)   Merge Heap Roots: 0.3ms
[2024-08-28T13:05:56.801+0000][info][gc,phases      ] GC(115)   Evacuate Collection Set: 3.7ms
[2024-08-28T13:05:56.801+0000][info][gc,phases      ] GC(115)   Post Evacuate Collection Set: 0.4ms
[2024-08-28T13:05:56.801+0000][info][gc,phases      ] GC(115)   Other: 0.2ms
[2024-08-28T13:05:56.801+0000][info][gc,heap        ] GC(115) Eden regions: 6->0(44)
[2024-08-28T13:05:56.801+0000][info][gc,heap        ] GC(115) Survivor regions: 7->7(7)
[2024-08-28T13:05:56.801+0000][info][gc,heap        ] GC(115) Old regions: 988->894
[2024-08-28T13:05:56.801+0000][info][gc,heap        ] GC(115) Archive regions: 2->2
[2024-08-28T13:05:56.801+0000][info][gc,heap        ] GC(115) Humongous regions: 5->5
[2024-08-28T13:05:56.801+0000][info][gc,metaspace   ] GC(115) Metaspace: 100K(320K)->100K(320K) NonClass: 96K(192K)->96K(192K) Class: 4K(128K)->4K(128K)
[2024-08-28T13:05:56.801+0000][info][gc             ] GC(115) Pause Young (Mixed) (G1 Preventive Collection) 1006M->906M(1024M) 4.896ms
[2024-08-28T13:05:56.801+0000][info][gc,cpu         ] GC(115) User=0.09s Sys=0.00s Real=0.01s
[2024-08-28T13:05:56.824+0000][info][gc,start       ] GC(116) Pause Young (Mixed) (G1 Evacuation Pause)
[2024-08-28T13:05:56.824+0000][info][gc,task        ] GC(116) Using 24 workers of 68 for evacuation
[2024-08-28T13:05:56.835+0000][info][gc,phases      ] GC(116)   Pre Evacuate Collection Set: 0.2ms
[2024-08-28T13:05:56.835+0000][info][gc,phases      ] GC(116)   Merge Heap Roots: 0.3ms
[2024-08-28T13:05:56.835+0000][info][gc,phases      ] GC(116)   Evacuate Collection Set: 9.7ms
[2024-08-28T13:05:56.835+0000][info][gc,phases      ] GC(116)   Post Evacuate Collection Set: 0.4ms
[2024-08-28T13:05:56.835+0000][info][gc,phases      ] GC(116)   Other: 0.3ms
[2024-08-28T13:05:56.835+0000][info][gc,heap        ] GC(116) Eden regions: 44->0(44)
[2024-08-28T13:05:56.835+0000][info][gc,heap        ] GC(116) Survivor regions: 7->7(7)
[2024-08-28T13:05:56.835+0000][info][gc,heap        ] GC(116) Old regions: 894->834
[2024-08-28T13:05:56.835+0000][info][gc,heap        ] GC(116) Archive regions: 2->2
[2024-08-28T13:05:56.835+0000][info][gc,heap        ] GC(116) Humongous regions: 5->5
[2024-08-28T13:05:56.835+0000][info][gc,metaspace   ] GC(116) Metaspace: 100K(320K)->100K(320K) NonClass: 96K(192K)->96K(192K) Class: 4K(128K)->4K(128K)
[2024-08-28T13:05:56.835+0000][info][gc             ] GC(116) Pause Young (Mixed) (G1 Evacuation Pause) 950M->846M(1024M) 11.049ms
[2024-08-28T13:05:56.835+0000][info][gc,cpu         ] GC(116) User=0.24s Sys=0.00s Real=0.01s
[2024-08-28T13:05:56.858+0000][info][gc,start       ] GC(117) Pause Young (Mixed) (G1 Evacuation Pause)
[2024-08-28T13:05:56.859+0000][info][gc,task        ] GC(117) Using 24 workers of 68 for evacuation
[2024-08-28T13:05:56.870+0000][info][gc,phases      ] GC(117)   Pre Evacuate Collection Set: 0.2ms
[2024-08-28T13:05:56.870+0000][info][gc,phases      ] GC(117)   Merge Heap Roots: 0.5ms
[2024-08-28T13:05:56.870+0000][info][gc,phases      ] GC(117)   Evacuate Collection Set: 10.4ms
[2024-08-28T13:05:56.870+0000][info][gc,phases      ] GC(117)   Post Evacuate Collection Set: 0.4ms
[2024-08-28T13:05:56.870+0000][info][gc,phases      ] GC(117)   Other: 0.3ms
[2024-08-28T13:05:56.870+0000][info][gc,heap        ] GC(117) Eden regions: 44->0(44)
[2024-08-28T13:05:56.870+0000][info][gc,heap        ] GC(117) Survivor regions: 7->7(7)
[2024-08-28T13:05:56.870+0000][info][gc,heap        ] GC(117) Old regions: 834->777
[2024-08-28T13:05:56.870+0000][info][gc,heap        ] GC(117) Archive regions: 2->2
[2024-08-28T13:05:56.870+0000][info][gc,heap        ] GC(117) Humongous regions: 5->5
[2024-08-28T13:05:56.870+0000][info][gc,metaspace   ] GC(117) Metaspace: 100K(320K)->100K(320K) NonClass: 96K(192K)->96K(192K) Class: 4K(128K)->4K(128K)
[2024-08-28T13:05:56.870+0000][info][gc             ] GC(117) Pause Young (Mixed) (G1 Evacuation Pause) 890M->789M(1024M) 11.871ms
[2024-08-28T13:05:56.870+0000][info][gc,cpu         ] GC(117) User=0.25s Sys=0.01s Real=0.01s
[2024-08-28T13:05:56.893+0000][info][gc,start       ] GC(118) Pause Young (Mixed) (G1 Evacuation Pause)
[2024-08-28T13:05:56.893+0000][info][gc,task        ] GC(118) Using 24 workers of 68 for evacuation
[2024-08-28T13:05:56.906+0000][info][gc,phases      ] GC(118)   Pre Evacuate Collection Set: 0.2ms
[2024-08-28T13:05:56.906+0000][info][gc,phases      ] GC(118)   Merge Heap Roots: 0.3ms
[2024-08-28T13:05:56.906+0000][info][gc,phases      ] GC(118)   Evacuate Collection Set: 11.6ms
[2024-08-28T13:05:56.906+0000][info][gc,phases      ] GC(118)   Post Evacuate Collection Set: 0.3ms
[2024-08-28T13:05:56.906+0000][info][gc,phases      ] GC(118)   Other: 0.2ms
[2024-08-28T13:05:56.906+0000][info][gc,heap        ] GC(118) Eden regions: 44->0(44)
[2024-08-28T13:05:56.906+0000][info][gc,heap        ] GC(118) Survivor regions: 7->7(7)
[2024-08-28T13:05:56.906+0000][info][gc,heap        ] GC(118) Old regions: 777->782
[2024-08-28T13:05:56.906+0000][info][gc,heap        ] GC(118) Archive regions: 2->2
[2024-08-28T13:05:56.906+0000][info][gc,heap        ] GC(118) Humongous regions: 5->5
[2024-08-28T13:05:56.906+0000][info][gc,metaspace   ] GC(118) Metaspace: 100K(320K)->100K(320K) NonClass: 96K(192K)->96K(192K) Class: 4K(128K)->4K(128K)
[2024-08-28T13:05:56.906+0000][info][gc             ] GC(118) Pause Young (Mixed) (G1 Evacuation Pause) 833M->794M(1024M) 12.736ms
[2024-08-28T13:05:56.906+0000][info][gc,cpu         ] GC(118) User=0.29s Sys=0.00s Real=0.01s
[2024-08-28T13:05:56.929+0000][info][gc,start       ] GC(119) Pause Young (Concurrent Start) (G1 Evacuation Pause)
[2024-08-28T13:05:56.929+0000][info][gc,task        ] GC(119) Using 24 workers of 68 for evacuation
[2024-08-28T13:05:56.941+0000][info][gc,phases      ] GC(119)   Pre Evacuate Collection Set: 0.1ms
[2024-08-28T13:05:56.941+0000][info][gc,phases      ] GC(119)   Merge Heap Roots: 0.2ms
[2024-08-28T13:05:56.941+0000][info][gc,phases      ] GC(119)   Evacuate Collection Set: 10.4ms
[2024-08-28T13:05:56.941+0000][info][gc,phases      ] GC(119)   Post Evacuate Collection Set: 0.3ms
[2024-08-28T13:05:56.941+0000][info][gc,phases      ] GC(119)   Other: 0.8ms
[2024-08-28T13:05:56.941+0000][info][gc,heap        ] GC(119) Eden regions: 44->0(44)
[2024-08-28T13:05:56.941+0000][info][gc,heap        ] GC(119) Survivor regions: 7->7(7)
[2024-08-28T13:05:56.941+0000][info][gc,heap        ] GC(119) Old regions: 782->830
[2024-08-28T13:05:56.941+0000][info][gc,heap        ] GC(119) Archive regions: 2->2
[2024-08-28T13:05:56.941+0000][info][gc,heap        ] GC(119) Humongous regions: 5->5
[2024-08-28T13:05:56.941+0000][info][gc,metaspace   ] GC(119) Metaspace: 100K(320K)->100K(320K) NonClass: 96K(192K)->96K(192K) Class: 4K(128K)->4K(128K)
[2024-08-28T13:05:56.941+0000][info][gc             ] GC(119) Pause Young (Concurrent Start) (G1 Evacuation Pause) 838M->842M(1024M) 12.090ms
[2024-08-28T13:05:56.941+0000][info][gc,cpu         ] GC(119) User=0.25s Sys=0.00s Real=0.02s
[2024-08-28T13:05:56.941+0000][info][gc             ] GC(120) Concurrent Mark Cycle
[2024-08-28T13:05:56.941+0000][info][gc,marking     ] GC(120) Concurrent Clear Claimed Marks
[2024-08-28T13:05:56.941+0000][info][gc,marking     ] GC(120) Concurrent Clear Claimed Marks 0.012ms
[2024-08-28T13:05:56.941+0000][info][gc,marking     ] GC(120) Concurrent Scan Root Regions
[2024-08-28T13:05:56.943+0000][info][gc,marking     ] GC(120) Concurrent Scan Root Regions 1.865ms
[2024-08-28T13:05:56.943+0000][info][gc,marking     ] GC(120) Concurrent Mark
[2024-08-28T13:05:56.943+0000][info][gc,marking     ] GC(120) Concurrent Mark From Roots
[2024-08-28T13:05:56.943+0000][info][gc,task        ] GC(120) Using 17 workers of 17 for marking
[2024-08-28T13:05:56.970+0000][info][gc,marking     ] GC(120) Concurrent Mark From Roots 26.709ms
[2024-08-28T13:05:56.970+0000][info][gc,marking     ] GC(120) Concurrent Preclean
[2024-08-28T13:05:56.971+0000][info][gc,marking     ] GC(120) Concurrent Preclean 0.701ms
[2024-08-28T13:05:56.971+0000][info][gc,start       ] GC(120) Pause Remark
[2024-08-28T13:05:56.972+0000][info][gc             ] GC(120) Pause Remark 880M->880M(1024M) 1.238ms
[2024-08-28T13:05:56.972+0000][info][gc,cpu         ] GC(120) User=0.01s Sys=0.00s Real=0.00s
[2024-08-28T13:05:56.972+0000][info][gc,marking     ] GC(120) Concurrent Mark 29.018ms
[2024-08-28T13:05:56.972+0000][info][gc,marking     ] GC(120) Concurrent Rebuild Remembered Sets
[2024-08-28T13:05:56.976+0000][info][gc,start       ] GC(121) Pause Young (Normal) (G1 Evacuation Pause)
[2024-08-28T13:05:56.976+0000][info][gc,task        ] GC(121) Using 24 workers of 68 for evacuation
[2024-08-28T13:05:56.987+0000][info][gc,phases      ] GC(121)   Pre Evacuate Collection Set: 0.2ms
[2024-08-28T13:05:56.987+0000][info][gc,phases      ] GC(121)   Merge Heap Roots: 0.3ms
[2024-08-28T13:05:56.987+0000][info][gc,phases      ] GC(121)   Evacuate Collection Set: 9.9ms
[2024-08-28T13:05:56.987+0000][info][gc,phases      ] GC(121)   Post Evacuate Collection Set: 0.4ms
[2024-08-28T13:05:56.987+0000][info][gc,phases      ] GC(121)   Other: 0.2ms
[2024-08-28T13:05:56.987+0000][info][gc,heap        ] GC(121) Eden regions: 44->0(44)
[2024-08-28T13:05:56.987+0000][info][gc,heap        ] GC(121) Survivor regions: 7->7(7)
[2024-08-28T13:05:56.987+0000][info][gc,heap        ] GC(121) Old regions: 830->876
[2024-08-28T13:05:56.987+0000][info][gc,heap        ] GC(121) Archive regions: 2->2
[2024-08-28T13:05:56.987+0000][info][gc,heap        ] GC(121) Humongous regions: 5->5
[2024-08-28T13:05:56.987+0000][info][gc,metaspace   ] GC(121) Metaspace: 100K(320K)->100K(320K) NonClass: 96K(192K)->96K(192K) Class: 4K(128K)->4K(128K)
[2024-08-28T13:05:56.987+0000][info][gc             ] GC(121) Pause Young (Normal) (G1 Evacuation Pause) 886M->888M(1024M) 11.100ms
[2024-08-28T13:05:56.987+0000][info][gc,cpu         ] GC(121) User=0.25s Sys=0.00s Real=0.01s
[2024-08-28T13:05:57.013+0000][info][gc,start       ] GC(122) Pause Young (Normal) (G1 Evacuation Pause)
[2024-08-28T13:05:57.013+0000][info][gc,task        ] GC(122) Using 24 workers of 68 for evacuation
[2024-08-28T13:05:57.028+0000][info][gc,phases      ] GC(122)   Pre Evacuate Collection Set: 0.1ms
[2024-08-28T13:05:57.028+0000][info][gc,phases      ] GC(122)   Merge Heap Roots: 0.3ms
[2024-08-28T13:05:57.028+0000][info][gc,phases      ] GC(122)   Evacuate Collection Set: 13.9ms
[2024-08-28T13:05:57.028+0000][info][gc,phases      ] GC(122)   Post Evacuate Collection Set: 0.5ms
[2024-08-28T13:05:57.028+0000][info][gc,phases      ] GC(122)   Other: 0.2ms
[2024-08-28T13:05:57.028+0000][info][gc,heap        ] GC(122) Eden regions: 44->0(44)
[2024-08-28T13:05:57.028+0000][info][gc,heap        ] GC(122) Survivor regions: 7->7(7)
[2024-08-28T13:05:57.028+0000][info][gc,heap        ] GC(122) Old regions: 876->923
[2024-08-28T13:05:57.028+0000][info][gc,heap        ] GC(122) Archive regions: 2->2
[2024-08-28T13:05:57.028+0000][info][gc,heap        ] GC(122) Humongous regions: 5->5
[2024-08-28T13:05:57.028+0000][info][gc,metaspace   ] GC(122) Metaspace: 100K(320K)->100K(320K) NonClass: 96K(192K)->96K(192K) Class: 4K(128K)->4K(128K)
[2024-08-28T13:05:57.029+0000][info][gc             ] GC(122) Pause Young (Normal) (G1 Evacuation Pause) 932M->935M(1024M) 15.140ms
[2024-08-28T13:05:57.029+0000][info][gc,cpu         ] GC(122) User=0.34s Sys=0.00s Real=0.01s
[2024-08-28T13:05:57.053+0000][info][gc,start       ] GC(123) Pause Young (Normal) (G1 Preventive Collection)
[2024-08-28T13:05:57.053+0000][info][gc,task        ] GC(123) Using 24 workers of 68 for evacuation
[2024-08-28T13:05:57.069+0000][info][gc,phases      ] GC(123)   Pre Evacuate Collection Set: 0.2ms
[2024-08-28T13:05:57.069+0000][info][gc,phases      ] GC(123)   Merge Heap Roots: 0.4ms
[2024-08-28T13:05:57.069+0000][info][gc,phases      ] GC(123)   Evacuate Collection Set: 14.3ms
[2024-08-28T13:05:57.069+0000][info][gc,phases      ] GC(123)   Post Evacuate Collection Set: 0.6ms
[2024-08-28T13:05:57.069+0000][info][gc,phases      ] GC(123)   Other: 0.3ms
[2024-08-28T13:05:57.069+0000][info][gc,heap        ] GC(123) Eden regions: 38->0(44)
[2024-08-28T13:05:57.069+0000][info][gc,heap        ] GC(123) Survivor regions: 7->7(7)
[2024-08-28T13:05:57.069+0000][info][gc,heap        ] GC(123) Old regions: 923->964
[2024-08-28T13:05:57.069+0000][info][gc,heap        ] GC(123) Archive regions: 2->2
[2024-08-28T13:05:57.069+0000][info][gc,heap        ] GC(123) Humongous regions: 5->5
[2024-08-28T13:05:57.069+0000][info][gc,metaspace   ] GC(123) Metaspace: 100K(320K)->100K(320K) NonClass: 96K(192K)->96K(192K) Class: 4K(128K)->4K(128K)
[2024-08-28T13:05:57.069+0000][info][gc             ] GC(123) Pause Young (Normal) (G1 Preventive Collection) 973M->976M(1024M) 15.817ms
[2024-08-28T13:05:57.069+0000][info][gc,cpu         ] GC(123) User=0.36s Sys=0.00s Real=0.01s
[2024-08-28T13:05:57.072+0000][info][gc,marking     ] GC(120) Concurrent Rebuild Remembered Sets 99.397ms
[2024-08-28T13:05:57.072+0000][info][gc,start       ] GC(120) Pause Cleanup
[2024-08-28T13:05:57.074+0000][info][gc             ] GC(120) Pause Cleanup 980M->980M(1024M) 1.635ms
[2024-08-28T13:05:57.074+0000][info][gc,cpu         ] GC(120) User=0.01s Sys=0.00s Real=0.00s
[2024-08-28T13:05:57.074+0000][info][gc,marking     ] GC(120) Concurrent Cleanup for Next Mark
[2024-08-28T13:05:57.074+0000][info][gc,marking     ] GC(120) Concurrent Cleanup for Next Mark 0.877ms
[2024-08-28T13:05:57.074+0000][info][gc             ] GC(120) Concurrent Mark Cycle 133.228ms
[2024-08-28T13:05:57.082+0000][info][gc,start       ] GC(124) Pause Young (Prepare Mixed) (G1 Preventive Collection)
[2024-08-28T13:05:57.082+0000][info][gc,task        ] GC(124) Using 24 workers of 68 for evacuation
[2024-08-28T13:05:57.097+0000][info][gc,phases      ] GC(124)   Pre Evacuate Collection Set: 0.2ms
[2024-08-28T13:05:57.097+0000][info][gc,phases      ] GC(124)   Merge Heap Roots: 0.7ms
[2024-08-28T13:05:57.097+0000][info][gc,phases      ] GC(124)   Evacuate Collection Set: 12.9ms
[2024-08-28T13:05:57.097+0000][info][gc,phases      ] GC(124)   Post Evacuate Collection Set: 0.3ms
[2024-08-28T13:05:57.097+0000][info][gc,phases      ] GC(124)   Other: 0.2ms
[2024-08-28T13:05:57.097+0000][info][gc,heap        ] GC(124) Eden regions: 18->0(44)
[2024-08-28T13:05:57.097+0000][info][gc,heap        ] GC(124) Survivor regions: 7->7(7)
[2024-08-28T13:05:57.097+0000][info][gc,heap        ] GC(124) Old regions: 964->985
[2024-08-28T13:05:57.097+0000][info][gc,heap        ] GC(124) Archive regions: 2->2
[2024-08-28T13:05:57.097+0000][info][gc,heap        ] GC(124) Humongous regions: 5->5
[2024-08-28T13:05:57.097+0000][info][gc,metaspace   ] GC(124) Metaspace: 100K(320K)->100K(320K) NonClass: 96K(192K)->96K(192K) Class: 4K(128K)->4K(128K)
[2024-08-28T13:05:57.097+0000][info][gc             ] GC(124) Pause Young (Prepare Mixed) (G1 Preventive Collection) 994M->997M(1024M) 14.372ms
[2024-08-28T13:05:57.097+0000][info][gc,cpu         ] GC(124) User=0.33s Sys=0.00s Real=0.01s
[2024-08-28T13:05:57.101+0000][info][gc,start       ] GC(125) Pause Young (Mixed) (G1 Preventive Collection)
[2024-08-28T13:05:57.101+0000][info][gc,task        ] GC(125) Using 24 workers of 68 for evacuation
[2024-08-28T13:05:57.106+0000][info][gc,phases      ] GC(125)   Pre Evacuate Collection Set: 0.2ms
[2024-08-28T13:05:57.106+0000][info][gc,phases      ] GC(125)   Merge Heap Roots: 0.2ms
[2024-08-28T13:05:57.106+0000][info][gc,phases      ] GC(125)   Evacuate Collection Set: 4.0ms
[2024-08-28T13:05:57.106+0000][info][gc,phases      ] GC(125)   Post Evacuate Collection Set: 0.3ms
[2024-08-28T13:05:57.106+0000][info][gc,phases      ] GC(125)   Other: 0.2ms
[2024-08-28T13:05:57.106+0000][info][gc,heap        ] GC(125) Eden regions: 7->0(44)
[2024-08-28T13:05:57.106+0000][info][gc,heap        ] GC(125) Survivor regions: 7->7(7)
[2024-08-28T13:05:57.106+0000][info][gc,heap        ] GC(125) Old regions: 985->891
[2024-08-28T13:05:57.106+0000][info][gc,heap        ] GC(125) Archive regions: 2->2
[2024-08-28T13:05:57.106+0000][info][gc,heap        ] GC(125) Humongous regions: 5->5
[2024-08-28T13:05:57.106+0000][info][gc,metaspace   ] GC(125) Metaspace: 100K(320K)->100K(320K) NonClass: 96K(192K)->96K(192K) Class: 4K(128K)->4K(128K)
[2024-08-28T13:05:57.106+0000][info][gc             ] GC(125) Pause Young (Mixed) (G1 Preventive Collection) 1004M->903M(1024M) 4.854ms
[2024-08-28T13:05:57.106+0000][info][gc,cpu         ] GC(125) User=0.10s Sys=0.01s Real=0.00s
[2024-08-28T13:05:57.128+0000][info][gc,start       ] GC(126) Pause Young (Mixed) (G1 Evacuation Pause)
[2024-08-28T13:05:57.128+0000][info][gc,task        ] GC(126) Using 24 workers of 68 for evacuation
[2024-08-28T13:05:57.139+0000][info][gc,phases      ] GC(126)   Pre Evacuate Collection Set: 0.2ms
[2024-08-28T13:05:57.139+0000][info][gc,phases      ] GC(126)   Merge Heap Roots: 0.4ms
[2024-08-28T13:05:57.139+0000][info][gc,phases      ] GC(126)   Evacuate Collection Set: 9.5ms
[2024-08-28T13:05:57.139+0000][info][gc,phases      ] GC(126)   Post Evacuate Collection Set: 0.4ms
[2024-08-28T13:05:57.139+0000][info][gc,phases      ] GC(126)   Other: 0.2ms
[2024-08-28T13:05:57.139+0000][info][gc,heap        ] GC(126) Eden regions: 44->0(44)
[2024-08-28T13:05:57.139+0000][info][gc,heap        ] GC(126) Survivor regions: 7->7(7)
[2024-08-28T13:05:57.139+0000][info][gc,heap        ] GC(126) Old regions: 891->832
[2024-08-28T13:05:57.139+0000][info][gc,heap        ] GC(126) Archive regions: 2->2
[2024-08-28T13:05:57.139+0000][info][gc,heap        ] GC(126) Humongous regions: 5->5
[2024-08-28T13:05:57.139+0000][info][gc,metaspace   ] GC(126) Metaspace: 100K(320K)->100K(320K) NonClass: 96K(192K)->96K(192K) Class: 4K(128K)->4K(128K)
[2024-08-28T13:05:57.139+0000][info][gc             ] GC(126) Pause Young (Mixed) (G1 Evacuation Pause) 947M->844M(1024M) 10.866ms
[2024-08-28T13:05:57.139+0000][info][gc,cpu         ] GC(126) User=0.24s Sys=0.00s Real=0.02s
[2024-08-28T13:05:57.162+0000][info][gc,start       ] GC(127) Pause Young (Mixed) (G1 Evacuation Pause)
[2024-08-28T13:05:57.162+0000][info][gc,task        ] GC(127) Using 24 workers of 68 for evacuation
[2024-08-28T13:05:57.174+0000][info][gc,phases      ] GC(127)   Pre Evacuate Collection Set: 0.2ms
[2024-08-28T13:05:57.174+0000][info][gc,phases      ] GC(127)   Merge Heap Roots: 0.3ms
[2024-08-28T13:05:57.174+0000][info][gc,phases      ] GC(127)   Evacuate Collection Set: 10.2ms
[2024-08-28T13:05:57.174+0000][info][gc,phases      ] GC(127)   Post Evacuate Collection Set: 0.5ms
[2024-08-28T13:05:57.174+0000][info][gc,phases      ] GC(127)   Other: 0.2ms
[2024-08-28T13:05:57.174+0000][info][gc,heap        ] GC(127) Eden regions: 44->0(44)
[2024-08-28T13:05:57.174+0000][info][gc,heap        ] GC(127) Survivor regions: 7->7(7)
[2024-08-28T13:05:57.174+0000][info][gc,heap        ] GC(127) Old regions: 832->778
[2024-08-28T13:05:57.174+0000][info][gc,heap        ] GC(127) Archive regions: 2->2
[2024-08-28T13:05:57.174+0000][info][gc,heap        ] GC(127) Humongous regions: 5->5
[2024-08-28T13:05:57.174+0000][info][gc,metaspace   ] GC(127) Metaspace: 100K(320K)->100K(320K) NonClass: 96K(192K)->96K(192K) Class: 4K(128K)->4K(128K)
[2024-08-28T13:05:57.174+0000][info][gc             ] GC(127) Pause Young (Mixed) (G1 Evacuation Pause) 888M->790M(1024M) 11.576ms
[2024-08-28T13:05:57.174+0000][info][gc,cpu         ] GC(127) User=0.22s Sys=0.04s Real=0.01s
[2024-08-28T13:05:57.197+0000][info][gc,start       ] GC(128) Pause Young (Mixed) (G1 Evacuation Pause)
[2024-08-28T13:05:57.197+0000][info][gc,task        ] GC(128) Using 24 workers of 68 for evacuation
[2024-08-28T13:05:57.209+0000][info][gc,phases      ] GC(128)   Pre Evacuate Collection Set: 0.2ms
[2024-08-28T13:05:57.209+0000][info][gc,phases      ] GC(128)   Merge Heap Roots: 0.4ms
[2024-08-28T13:05:57.209+0000][info][gc,phases      ] GC(128)   Evacuate Collection Set: 11.0ms
[2024-08-28T13:05:57.209+0000][info][gc,phases      ] GC(128)   Post Evacuate Collection Set: 0.4ms
[2024-08-28T13:05:57.209+0000][info][gc,phases      ] GC(128)   Other: 0.3ms
[2024-08-28T13:05:57.209+0000][info][gc,heap        ] GC(128) Eden regions: 44->0(44)
[2024-08-28T13:05:57.209+0000][info][gc,heap        ] GC(128) Survivor regions: 7->7(7)
[2024-08-28T13:05:57.210+0000][info][gc,heap        ] GC(128) Old regions: 778->792
[2024-08-28T13:05:57.210+0000][info][gc,heap        ] GC(128) Archive regions: 2->2
[2024-08-28T13:05:57.210+0000][info][gc,heap        ] GC(128) Humongous regions: 5->5
[2024-08-28T13:05:57.210+0000][info][gc,metaspace   ] GC(128) Metaspace: 100K(320K)->100K(320K) NonClass: 96K(192K)->96K(192K) Class: 4K(128K)->4K(128K)
[2024-08-28T13:05:57.210+0000][info][gc             ] GC(128) Pause Young (Mixed) (G1 Evacuation Pause) 834M->804M(1024M) 12.316ms
[2024-08-28T13:05:57.210+0000][info][gc,cpu         ] GC(128) User=0.26s Sys=0.01s Real=0.02s
[2024-08-28T13:05:57.233+0000][info][gc,start       ] GC(129) Pause Young (Concurrent Start) (G1 Evacuation Pause)
[2024-08-28T13:05:57.234+0000][info][gc,task        ] GC(129) Using 24 workers of 68 for evacuation
[2024-08-28T13:05:57.245+0000][info][gc,phases      ] GC(129)   Pre Evacuate Collection Set: 0.2ms
[2024-08-28T13:05:57.245+0000][info][gc,phases      ] GC(129)   Merge Heap Roots: 0.4ms
[2024-08-28T13:05:57.245+0000][info][gc,phases      ] GC(129)   Evacuate Collection Set: 9.9ms
[2024-08-28T13:05:57.245+0000][info][gc,phases      ] GC(129)   Post Evacuate Collection Set: 0.3ms
[2024-08-28T13:05:57.245+0000][info][gc,phases      ] GC(129)   Other: 0.8ms
[2024-08-28T13:05:57.245+0000][info][gc,heap        ] GC(129) Eden regions: 44->0(44)
[2024-08-28T13:05:57.245+0000][info][gc,heap        ] GC(129) Survivor regions: 7->7(7)
[2024-08-28T13:05:57.245+0000][info][gc,heap        ] GC(129) Old regions: 792->839
[2024-08-28T13:05:57.245+0000][info][gc,heap        ] GC(129) Archive regions: 2->2
[2024-08-28T13:05:57.245+0000][info][gc,heap        ] GC(129) Humongous regions: 5->5
[2024-08-28T13:05:57.245+0000][info][gc,metaspace   ] GC(129) Metaspace: 100K(320K)->100K(320K) NonClass: 96K(192K)->96K(192K) Class: 4K(128K)->4K(128K)
[2024-08-28T13:05:57.245+0000][info][gc             ] GC(129) Pause Young (Concurrent Start) (G1 Evacuation Pause) 848M->851M(1024M) 11.648ms
[2024-08-28T13:05:57.245+0000][info][gc,cpu         ] GC(129) User=0.24s Sys=0.01s Real=0.01s
[2024-08-28T13:05:57.245+0000][info][gc             ] GC(130) Concurrent Mark Cycle
[2024-08-28T13:05:57.245+0000][info][gc,marking     ] GC(130) Concurrent Clear Claimed Marks
[2024-08-28T13:05:57.245+0000][info][gc,marking     ] GC(130) Concurrent Clear Claimed Marks 0.012ms
[2024-08-28T13:05:57.245+0000][info][gc,marking     ] GC(130) Concurrent Scan Root Regions
[2024-08-28T13:05:57.247+0000][info][gc,marking     ] GC(130) Concurrent Scan Root Regions 1.719ms
[2024-08-28T13:05:57.247+0000][info][gc,marking     ] GC(130) Concurrent Mark
[2024-08-28T13:05:57.247+0000][info][gc,marking     ] GC(130) Concurrent Mark From Roots
[2024-08-28T13:05:57.247+0000][info][gc,task        ] GC(130) Using 17 workers of 17 for marking
[2024-08-28T13:05:57.274+0000][info][gc,marking     ] GC(130) Concurrent Mark From Roots 27.023ms
[2024-08-28T13:05:57.274+0000][info][gc,marking     ] GC(130) Concurrent Preclean
[2024-08-28T13:05:57.275+0000][info][gc,marking     ] GC(130) Concurrent Preclean 0.696ms
[2024-08-28T13:05:57.275+0000][info][gc,start       ] GC(130) Pause Remark
[2024-08-28T13:05:57.277+0000][info][gc             ] GC(130) Pause Remark 890M->890M(1024M) 1.459ms
[2024-08-28T13:05:57.277+0000][info][gc,cpu         ] GC(130) User=0.01s Sys=0.00s Real=0.00s
[2024-08-28T13:05:57.277+0000][info][gc,marking     ] GC(130) Concurrent Mark 29.667ms
[2024-08-28T13:05:57.277+0000][info][gc,marking     ] GC(130) Concurrent Rebuild Remembered Sets
[2024-08-28T13:05:57.280+0000][info][gc,start       ] GC(131) Pause Young (Normal) (G1 Evacuation Pause)
[2024-08-28T13:05:57.280+0000][info][gc,task        ] GC(131) Using 24 workers of 68 for evacuation
[2024-08-28T13:05:57.291+0000][info][gc,phases      ] GC(131)   Pre Evacuate Collection Set: 0.2ms
[2024-08-28T13:05:57.291+0000][info][gc,phases      ] GC(131)   Merge Heap Roots: 0.3ms
[2024-08-28T13:05:57.291+0000][info][gc,phases      ] GC(131)   Evacuate Collection Set: 9.8ms
[2024-08-28T13:05:57.291+0000][info][gc,phases      ] GC(131)   Post Evacuate Collection Set: 0.4ms
[2024-08-28T13:05:57.291+0000][info][gc,phases      ] GC(131)   Other: 0.2ms
[2024-08-28T13:05:57.291+0000][info][gc,heap        ] GC(131) Eden regions: 44->0(44)
[2024-08-28T13:05:57.291+0000][info][gc,heap        ] GC(131) Survivor regions: 7->7(7)
[2024-08-28T13:05:57.291+0000][info][gc,heap        ] GC(131) Old regions: 839->886
[2024-08-28T13:05:57.291+0000][info][gc,heap        ] GC(131) Archive regions: 2->2
[2024-08-28T13:05:57.291+0000][info][gc,heap        ] GC(131) Humongous regions: 5->5
[2024-08-28T13:05:57.291+0000][info][gc,metaspace   ] GC(131) Metaspace: 100K(320K)->100K(320K) NonClass: 96K(192K)->96K(192K) Class: 4K(128K)->4K(128K)
[2024-08-28T13:05:57.291+0000][info][gc             ] GC(131) Pause Young (Normal) (G1 Evacuation Pause) 895M->898M(1024M) 10.866ms
[2024-08-28T13:05:57.291+0000][info][gc,cpu         ] GC(131) User=0.24s Sys=0.00s Real=0.01s
[2024-08-28T13:05:57.318+0000][info][gc,start       ] GC(132) Pause Young (Normal) (G1 Evacuation Pause)
[2024-08-28T13:05:57.318+0000][info][gc,task        ] GC(132) Using 24 workers of 68 for evacuation
[2024-08-28T13:05:57.334+0000][info][gc,phases      ] GC(132)   Pre Evacuate Collection Set: 0.2ms
[2024-08-28T13:05:57.334+0000][info][gc,phases      ] GC(132)   Merge Heap Roots: 0.5ms
[2024-08-28T13:05:57.334+0000][info][gc,phases      ] GC(132)   Evacuate Collection Set: 14.4ms
[2024-08-28T13:05:57.334+0000][info][gc,phases      ] GC(132)   Post Evacuate Collection Set: 0.5ms
[2024-08-28T13:05:57.334+0000][info][gc,phases      ] GC(132)   Other: 0.2ms
[2024-08-28T13:05:57.334+0000][info][gc,heap        ] GC(132) Eden regions: 44->0(44)
[2024-08-28T13:05:57.334+0000][info][gc,heap        ] GC(132) Survivor regions: 7->7(7)
[2024-08-28T13:05:57.334+0000][info][gc,heap        ] GC(132) Old regions: 886->932
[2024-08-28T13:05:57.334+0000][info][gc,heap        ] GC(132) Archive regions: 2->2
[2024-08-28T13:05:57.334+0000][info][gc,heap        ] GC(132) Humongous regions: 5->5
[2024-08-28T13:05:57.334+0000][info][gc,metaspace   ] GC(132) Metaspace: 100K(320K)->100K(320K) NonClass: 96K(192K)->96K(192K) Class: 4K(128K)->4K(128K)
[2024-08-28T13:05:57.334+0000][info][gc             ] GC(132) Pause Young (Normal) (G1 Evacuation Pause) 942M->944M(1024M) 15.903ms
[2024-08-28T13:05:57.334+0000][info][gc,cpu         ] GC(132) User=0.27s Sys=0.09s Real=0.01s
[2024-08-28T13:05:57.355+0000][info][gc,start       ] GC(133) Pause Young (Normal) (G1 Preventive Collection)
[2024-08-28T13:05:57.355+0000][info][gc,task        ] GC(133) Using 24 workers of 68 for evacuation
[2024-08-28T13:05:57.370+0000][info][gc,phases      ] GC(133)   Pre Evacuate Collection Set: 0.1ms
[2024-08-28T13:05:57.370+0000][info][gc,phases      ] GC(133)   Merge Heap Roots: 0.4ms
[2024-08-28T13:05:57.370+0000][info][gc,phases      ] GC(133)   Evacuate Collection Set: 14.1ms
[2024-08-28T13:05:57.370+0000][info][gc,phases      ] GC(133)   Post Evacuate Collection Set: 0.6ms
[2024-08-28T13:05:57.370+0000][info][gc,phases      ] GC(133)   Other: 0.2ms
[2024-08-28T13:05:57.370+0000][info][gc,heap        ] GC(133) Eden regions: 34->0(44)
[2024-08-28T13:05:57.370+0000][info][gc,heap        ] GC(133) Survivor regions: 7->7(7)
[2024-08-28T13:05:57.370+0000][info][gc,heap        ] GC(133) Old regions: 932->969
[2024-08-28T13:05:57.370+0000][info][gc,heap        ] GC(133) Archive regions: 2->2
[2024-08-28T13:05:57.370+0000][info][gc,heap        ] GC(133) Humongous regions: 5->5
[2024-08-28T13:05:57.370+0000][info][gc,metaspace   ] GC(133) Metaspace: 100K(320K)->100K(320K) NonClass: 96K(192K)->96K(192K) Class: 4K(128K)->4K(128K)
[2024-08-28T13:05:57.370+0000][info][gc             ] GC(133) Pause Young (Normal) (G1 Preventive Collection) 978M->981M(1024M) 15.500ms
[2024-08-28T13:05:57.370+0000][info][gc,cpu         ] GC(133) User=0.35s Sys=0.00s Real=0.02s
[2024-08-28T13:05:57.374+0000][info][gc,marking     ] GC(130) Concurrent Rebuild Remembered Sets 97.027ms
[2024-08-28T13:05:57.374+0000][info][gc,start       ] GC(130) Pause Cleanup
[2024-08-28T13:05:57.376+0000][info][gc             ] GC(130) Pause Cleanup 987M->987M(1024M) 1.641ms
[2024-08-28T13:05:57.376+0000][info][gc,cpu         ] GC(130) User=0.00s Sys=0.00s Real=0.00s
[2024-08-28T13:05:57.376+0000][info][gc,marking     ] GC(130) Concurrent Cleanup for Next Mark
[2024-08-28T13:05:57.376+0000][info][gc,marking     ] GC(130) Concurrent Cleanup for Next Mark 0.806ms
[2024-08-28T13:05:57.376+0000][info][gc             ] GC(130) Concurrent Mark Cycle 131.258ms
[2024-08-28T13:05:57.382+0000][info][gc,start       ] GC(134) Pause Young (Prepare Mixed) (G1 Preventive Collection)
[2024-08-28T13:05:57.383+0000][info][gc,task        ] GC(134) Using 24 workers of 68 for evacuation
[2024-08-28T13:05:57.396+0000][info][gc             ] GC(134) To-space exhausted
[2024-08-28T13:05:57.396+0000][info][gc,phases      ] GC(134)   Pre Evacuate Collection Set: 0.2ms
[2024-08-28T13:05:57.396+0000][info][gc,phases      ] GC(134)   Merge Heap Roots: 0.4ms
[2024-08-28T13:05:57.396+0000][info][gc,phases      ] GC(134)   Evacuate Collection Set: 12.0ms
[2024-08-28T13:05:57.396+0000][info][gc,phases      ] GC(134)   Post Evacuate Collection Set: 0.7ms
[2024-08-28T13:05:57.396+0000][info][gc,phases      ] GC(134)   Other: 0.2ms
[2024-08-28T13:05:57.396+0000][info][gc,heap        ] GC(134) Eden regions: 16->0(44)
[2024-08-28T13:05:57.396+0000][info][gc,heap        ] GC(134) Survivor regions: 7->7(7)
[2024-08-28T13:05:57.396+0000][info][gc,heap        ] GC(134) Old regions: 969->1008
[2024-08-28T13:05:57.396+0000][info][gc,heap        ] GC(134) Archive regions: 2->2
[2024-08-28T13:05:57.396+0000][info][gc,heap        ] GC(134) Humongous regions: 5->5
[2024-08-28T13:05:57.396+0000][info][gc,metaspace   ] GC(134) Metaspace: 100K(320K)->100K(320K) NonClass: 96K(192K)->96K(192K) Class: 4K(128K)->4K(128K)
[2024-08-28T13:05:57.396+0000][info][gc             ] GC(134) Pause Young (Prepare Mixed) (G1 Preventive Collection) 997M->1020M(1024M) 13.494ms
[2024-08-28T13:05:57.396+0000][info][gc,cpu         ] GC(134) User=0.30s Sys=0.00s Real=0.01s
[2024-08-28T13:05:57.397+0000][info][gc,start       ] GC(135) Pause Young (Mixed) (G1 Preventive Collection)
[2024-08-28T13:05:57.397+0000][info][gc,task        ] GC(135) Using 24 workers of 68 for evacuation
[2024-08-28T13:05:57.400+0000][info][gc             ] GC(135) To-space exhausted
[2024-08-28T13:05:57.400+0000][info][gc,phases      ] GC(135)   Pre Evacuate Collection Set: 0.2ms
[2024-08-28T13:05:57.400+0000][info][gc,phases      ] GC(135)   Merge Heap Roots: 0.3ms
[2024-08-28T13:05:57.400+0000][info][gc,phases      ] GC(135)   Evacuate Collection Set: 2.4ms
[2024-08-28T13:05:57.400+0000][info][gc,phases      ] GC(135)   Post Evacuate Collection Set: 0.8ms
[2024-08-28T13:05:57.400+0000][info][gc,phases      ] GC(135)   Other: 0.2ms
[2024-08-28T13:05:57.400+0000][info][gc,heap        ] GC(135) Eden regions: 1->0(51)
[2024-08-28T13:05:57.400+0000][info][gc,heap        ] GC(135) Survivor regions: 7->0(1)
[2024-08-28T13:05:57.400+0000][info][gc,heap        ] GC(135) Old regions: 1008->1017
[2024-08-28T13:05:57.401+0000][info][gc,heap        ] GC(135) Archive regions: 2->2
[2024-08-28T13:05:57.401+0000][info][gc,heap        ] GC(135) Humongous regions: 5->5
[2024-08-28T13:05:57.401+0000][info][gc,metaspace   ] GC(135) Metaspace: 100K(320K)->100K(320K) NonClass: 96K(192K)->96K(192K) Class: 4K(128K)->4K(128K)
[2024-08-28T13:05:57.401+0000][info][gc             ] GC(135) Pause Young (Mixed) (G1 Preventive Collection) 1021M->1022M(1024M) 3.851ms
[2024-08-28T13:05:57.401+0000][info][gc,cpu         ] GC(135) User=0.08s Sys=0.00s Real=0.01s
[2024-08-28T13:05:57.401+0000][info][gc,ergo        ] Attempting full compaction
[2024-08-28T13:05:57.401+0000][info][gc,task        ] GC(136) Using 24 workers of 68 for full compaction
[2024-08-28T13:05:57.401+0000][info][gc,start       ] GC(136) Pause Full (G1 Compaction Pause)
[2024-08-28T13:05:57.401+0000][info][gc,phases,start] GC(136) Phase 1: Mark live objects
[2024-08-28T13:05:57.416+0000][info][gc,phases      ] GC(136) Phase 1: Mark live objects 15.228ms
[2024-08-28T13:05:57.416+0000][info][gc,phases,start] GC(136) Phase 2: Prepare for compaction
[2024-08-28T13:05:57.425+0000][info][gc,phases      ] GC(136) Phase 2: Prepare for compaction 8.791ms
[2024-08-28T13:05:57.425+0000][info][gc,phases,start] GC(136) Phase 3: Adjust pointers
[2024-08-28T13:05:57.440+0000][info][gc,phases      ] GC(136) Phase 3: Adjust pointers 15.266ms
[2024-08-28T13:05:57.440+0000][info][gc,phases,start] GC(136) Phase 4: Compact heap
[2024-08-28T13:05:57.468+0000][info][gc,phases      ] GC(136) Phase 4: Compact heap 27.748ms
[2024-08-28T13:05:57.469+0000][info][gc,heap        ] GC(136) Eden regions: 0->0(150)
[2024-08-28T13:05:57.469+0000][info][gc,heap        ] GC(136) Survivor regions: 0->0(1)
[2024-08-28T13:05:57.469+0000][info][gc,heap        ] GC(136) Old regions: 1017->444
[2024-08-28T13:05:57.469+0000][info][gc,heap        ] GC(136) Archive regions: 2->2
[2024-08-28T13:05:57.469+0000][info][gc,heap        ] GC(136) Humongous regions: 5->5
[2024-08-28T13:05:57.469+0000][info][gc,metaspace   ] GC(136) Metaspace: 100K(320K)->100K(320K) NonClass: 96K(192K)->96K(192K) Class: 4K(128K)->4K(128K)
[2024-08-28T13:05:57.469+0000][info][gc             ] GC(136) Pause Full (G1 Compaction Pause) 1022M->436M(1024M) 68.447ms
[2024-08-28T13:05:57.470+0000][info][gc,cpu         ] GC(136) User=1.48s Sys=0.00s Real=0.07s
[2024-08-28T13:05:57.557+0000][info][gc,start       ] GC(137) Pause Young (Normal) (G1 Evacuation Pause)
[2024-08-28T13:05:57.557+0000][info][gc,task        ] GC(137) Using 24 workers of 68 for evacuation
[2024-08-28T13:05:57.579+0000][info][gc,phases      ] GC(137)   Pre Evacuate Collection Set: 0.2ms
[2024-08-28T13:05:57.580+0000][info][gc,phases      ] GC(137)   Merge Heap Roots: 0.4ms
[2024-08-28T13:05:57.580+0000][info][gc,phases      ] GC(137)   Evacuate Collection Set: 21.8ms
[2024-08-28T13:05:57.580+0000][info][gc,phases      ] GC(137)   Post Evacuate Collection Set: 0.3ms
[2024-08-28T13:05:57.580+0000][info][gc,phases      ] GC(137)   Other: 0.3ms
[2024-08-28T13:05:57.580+0000][info][gc,heap        ] GC(137) Eden regions: 150->0(103)
[2024-08-28T13:05:57.580+0000][info][gc,heap        ] GC(137) Survivor regions: 0->19(19)
[2024-08-28T13:05:57.580+0000][info][gc,heap        ] GC(137) Old regions: 444->571
[2024-08-28T13:05:57.580+0000][info][gc,heap        ] GC(137) Archive regions: 2->2
[2024-08-28T13:05:57.580+0000][info][gc,heap        ] GC(137) Humongous regions: 5->5
[2024-08-28T13:05:57.580+0000][info][gc,metaspace   ] GC(137) Metaspace: 100K(320K)->100K(320K) NonClass: 96K(192K)->96K(192K) Class: 4K(128K)->4K(128K)
[2024-08-28T13:05:57.580+0000][info][gc             ] GC(137) Pause Young (Normal) (G1 Evacuation Pause) 586M->582M(1024M) 23.111ms
[2024-08-28T13:05:57.580+0000][info][gc,cpu         ] GC(137) User=0.53s Sys=0.00s Real=0.03s
[2024-08-28T13:05:57.636+0000][info][gc,start       ] GC(138) Pause Young (Concurrent Start) (G1 Evacuation Pause)
[2024-08-28T13:05:57.636+0000][info][gc,task        ] GC(138) Using 24 workers of 68 for evacuation
[2024-08-28T13:05:57.656+0000][info][gc,phases      ] GC(138)   Pre Evacuate Collection Set: 0.2ms
[2024-08-28T13:05:57.656+0000][info][gc,phases      ] GC(138)   Merge Heap Roots: 0.3ms
[2024-08-28T13:05:57.656+0000][info][gc,phases      ] GC(138)   Evacuate Collection Set: 18.7ms
[2024-08-28T13:05:57.656+0000][info][gc,phases      ] GC(138)   Post Evacuate Collection Set: 0.3ms
[2024-08-28T13:05:57.656+0000][info][gc,phases      ] GC(138)   Other: 0.8ms
[2024-08-28T13:05:57.656+0000][info][gc,heap        ] GC(138) Eden regions: 103->0(69)
[2024-08-28T13:05:57.656+0000][info][gc,heap        ] GC(138) Survivor regions: 19->16(16)
[2024-08-28T13:05:57.656+0000][info][gc,heap        ] GC(138) Old regions: 571->678
[2024-08-28T13:05:57.656+0000][info][gc,heap        ] GC(138) Archive regions: 2->2
[2024-08-28T13:05:57.656+0000][info][gc,heap        ] GC(138) Humongous regions: 5->5
[2024-08-28T13:05:57.656+0000][info][gc,metaspace   ] GC(138) Metaspace: 100K(320K)->100K(320K) NonClass: 96K(192K)->96K(192K) Class: 4K(128K)->4K(128K)
[2024-08-28T13:05:57.656+0000][info][gc             ] GC(138) Pause Young (Concurrent Start) (G1 Evacuation Pause) 685M->686M(1024M) 20.395ms
[2024-08-28T13:05:57.656+0000][info][gc,cpu         ] GC(138) User=0.45s Sys=0.00s Real=0.02s
[2024-08-28T13:05:57.656+0000][info][gc             ] GC(139) Concurrent Mark Cycle
[2024-08-28T13:05:57.656+0000][info][gc,marking     ] GC(139) Concurrent Clear Claimed Marks
[2024-08-28T13:05:57.656+0000][info][gc,marking     ] GC(139) Concurrent Clear Claimed Marks 0.011ms
[2024-08-28T13:05:57.656+0000][info][gc,marking     ] GC(139) Concurrent Scan Root Regions
[2024-08-28T13:05:57.660+0000][info][gc,marking     ] GC(139) Concurrent Scan Root Regions 3.890ms
[2024-08-28T13:05:57.660+0000][info][gc,marking     ] GC(139) Concurrent Mark
[2024-08-28T13:05:57.660+0000][info][gc,marking     ] GC(139) Concurrent Mark From Roots
[2024-08-28T13:05:57.660+0000][info][gc,task        ] GC(139) Using 17 workers of 17 for marking
[2024-08-28T13:05:57.683+0000][info][gc,marking     ] GC(139) Concurrent Mark From Roots 22.897ms
[2024-08-28T13:05:57.683+0000][info][gc,marking     ] GC(139) Concurrent Preclean
[2024-08-28T13:05:57.683+0000][info][gc,marking     ] GC(139) Concurrent Preclean 0.501ms
[2024-08-28T13:05:57.684+0000][info][gc,start       ] GC(139) Pause Remark
[2024-08-28T13:05:57.685+0000][info][gc             ] GC(139) Pause Remark 721M->721M(1024M) 1.097ms
[2024-08-28T13:05:57.685+0000][info][gc,cpu         ] GC(139) User=0.01s Sys=0.00s Real=0.00s
[2024-08-28T13:05:57.685+0000][info][gc,marking     ] GC(139) Concurrent Mark 24.888ms
[2024-08-28T13:05:57.685+0000][info][gc,marking     ] GC(139) Concurrent Rebuild Remembered Sets
[2024-08-28T13:05:57.705+0000][info][gc,start       ] GC(140) Pause Young (Normal) (G1 Evacuation Pause)
[2024-08-28T13:05:57.705+0000][info][gc,task        ] GC(140) Using 24 workers of 68 for evacuation
[2024-08-28T13:05:57.722+0000][info][gc,phases      ] GC(140)   Pre Evacuate Collection Set: 0.2ms
[2024-08-28T13:05:57.722+0000][info][gc,phases      ] GC(140)   Merge Heap Roots: 0.4ms
[2024-08-28T13:05:57.722+0000][info][gc,phases      ] GC(140)   Evacuate Collection Set: 15.9ms
[2024-08-28T13:05:57.722+0000][info][gc,phases      ] GC(140)   Post Evacuate Collection Set: 0.5ms
[2024-08-28T13:05:57.722+0000][info][gc,phases      ] GC(140)   Other: 0.2ms
[2024-08-28T13:05:57.722+0000][info][gc,heap        ] GC(140) Eden regions: 69->0(46)
[2024-08-28T13:05:57.722+0000][info][gc,heap        ] GC(140) Survivor regions: 16->11(11)
[2024-08-28T13:05:57.722+0000][info][gc,heap        ] GC(140) Old regions: 678->755
[2024-08-28T13:05:57.722+0000][info][gc,heap        ] GC(140) Archive regions: 2->2
[2024-08-28T13:05:57.722+0000][info][gc,heap        ] GC(140) Humongous regions: 5->5
[2024-08-28T13:05:57.722+0000][info][gc,metaspace   ] GC(140) Metaspace: 100K(320K)->100K(320K) NonClass: 96K(192K)->96K(192K) Class: 4K(128K)->4K(128K)
[2024-08-28T13:05:57.722+0000][info][gc             ] GC(140) Pause Young (Normal) (G1 Evacuation Pause) 755M->758M(1024M) 17.269ms
[2024-08-28T13:05:57.722+0000][info][gc,cpu         ] GC(140) User=0.39s Sys=0.00s Real=0.02s
[2024-08-28T13:05:57.750+0000][info][gc,start       ] GC(141) Pause Young (Normal) (G1 Evacuation Pause)
[2024-08-28T13:05:57.750+0000][info][gc,task        ] GC(141) Using 24 workers of 68 for evacuation
[2024-08-28T13:05:57.770+0000][info][gc,phases      ] GC(141)   Pre Evacuate Collection Set: 0.1ms
[2024-08-28T13:05:57.770+0000][info][gc,phases      ] GC(141)   Merge Heap Roots: 0.4ms
[2024-08-28T13:05:57.770+0000][info][gc,phases      ] GC(141)   Evacuate Collection Set: 18.3ms
[2024-08-28T13:05:57.770+0000][info][gc,phases      ] GC(141)   Post Evacuate Collection Set: 0.6ms
[2024-08-28T13:05:57.770+0000][info][gc,phases      ] GC(141)   Other: 0.2ms
[2024-08-28T13:05:57.770+0000][info][gc,heap        ] GC(141) Eden regions: 46->0(43)
[2024-08-28T13:05:57.770+0000][info][gc,heap        ] GC(141) Survivor regions: 11->8(8)
[2024-08-28T13:05:57.770+0000][info][gc,heap        ] GC(141) Old regions: 755->808
[2024-08-28T13:05:57.770+0000][info][gc,heap        ] GC(141) Archive regions: 2->2
[2024-08-28T13:05:57.770+0000][info][gc,heap        ] GC(141) Humongous regions: 5->5
[2024-08-28T13:05:57.770+0000][info][gc,metaspace   ] GC(141) Metaspace: 100K(320K)->100K(320K) NonClass: 96K(192K)->96K(192K) Class: 4K(128K)->4K(128K)
[2024-08-28T13:05:57.770+0000][info][gc             ] GC(141) Pause Young (Normal) (G1 Evacuation Pause) 804M->808M(1024M) 19.682ms
[2024-08-28T13:05:57.770+0000][info][gc,cpu         ] GC(141) User=0.45s Sys=0.00s Real=0.02s
[2024-08-28T13:05:57.774+0000][info][gc,marking     ] GC(139) Concurrent Rebuild Remembered Sets 88.679ms
[2024-08-28T13:05:57.774+0000][info][gc,start       ] GC(139) Pause Cleanup
[2024-08-28T13:05:57.775+0000][info][gc             ] GC(139) Pause Cleanup 814M->814M(1024M) 1.196ms
[2024-08-28T13:05:57.775+0000][info][gc,cpu         ] GC(139) User=0.00s Sys=0.00s Real=0.00s
[2024-08-28T13:05:57.775+0000][info][gc,marking     ] GC(139) Concurrent Cleanup for Next Mark
[2024-08-28T13:05:57.776+0000][info][gc,marking     ] GC(139) Concurrent Cleanup for Next Mark 0.740ms
[2024-08-28T13:05:57.776+0000][info][gc             ] GC(139) Concurrent Mark Cycle 119.823ms
[2024-08-28T13:05:57.798+0000][info][gc,start       ] GC(142) Pause Young (Prepare Mixed) (G1 Evacuation Pause)
[2024-08-28T13:05:57.798+0000][info][gc,task        ] GC(142) Using 24 workers of 68 for evacuation
[2024-08-28T13:05:57.816+0000][info][gc,phases      ] GC(142)   Pre Evacuate Collection Set: 0.2ms
[2024-08-28T13:05:57.816+0000][info][gc,phases      ] GC(142)   Merge Heap Roots: 0.6ms
[2024-08-28T13:05:57.816+0000][info][gc,phases      ] GC(142)   Evacuate Collection Set: 17.3ms
[2024-08-28T13:05:57.816+0000][info][gc,phases      ] GC(142)   Post Evacuate Collection Set: 0.3ms
[2024-08-28T13:05:57.816+0000][info][gc,phases      ] GC(142)   Other: 0.2ms
[2024-08-28T13:05:57.816+0000][info][gc,heap        ] GC(142) Eden regions: 43->0(44)
[2024-08-28T13:05:57.816+0000][info][gc,heap        ] GC(142) Survivor regions: 8->7(7)
[2024-08-28T13:05:57.816+0000][info][gc,heap        ] GC(142) Old regions: 808->856
[2024-08-28T13:05:57.816+0000][info][gc,heap        ] GC(142) Archive regions: 2->2
[2024-08-28T13:05:57.816+0000][info][gc,heap        ] GC(142) Humongous regions: 5->5
[2024-08-28T13:05:57.816+0000][info][gc,metaspace   ] GC(142) Metaspace: 100K(320K)->100K(320K) NonClass: 96K(192K)->96K(192K) Class: 4K(128K)->4K(128K)
[2024-08-28T13:05:57.816+0000][info][gc             ] GC(142) Pause Young (Prepare Mixed) (G1 Evacuation Pause) 851M->855M(1024M) 18.688ms
[2024-08-28T13:05:57.816+0000][info][gc,cpu         ] GC(142) User=0.43s Sys=0.00s Real=0.01s
[2024-08-28T13:05:57.841+0000][info][gc,start       ] GC(143) Pause Young (Mixed) (G1 Evacuation Pause)
[2024-08-28T13:05:57.841+0000][info][gc,task        ] GC(143) Using 24 workers of 68 for evacuation
[2024-08-28T13:05:57.853+0000][info][gc,phases      ] GC(143)   Pre Evacuate Collection Set: 0.2ms
[2024-08-28T13:05:57.853+0000][info][gc,phases      ] GC(143)   Merge Heap Roots: 0.4ms
[2024-08-28T13:05:57.853+0000][info][gc,phases      ] GC(143)   Evacuate Collection Set: 10.8ms
[2024-08-28T13:05:57.853+0000][info][gc,phases      ] GC(143)   Post Evacuate Collection Set: 0.4ms
[2024-08-28T13:05:57.853+0000][info][gc,phases      ] GC(143)   Other: 0.2ms
[2024-08-28T13:05:57.853+0000][info][gc,heap        ] GC(143) Eden regions: 44->0(44)
[2024-08-28T13:05:57.853+0000][info][gc,heap        ] GC(143) Survivor regions: 7->7(7)
[2024-08-28T13:05:57.853+0000][info][gc,heap        ] GC(143) Old regions: 856->801
[2024-08-28T13:05:57.853+0000][info][gc,heap        ] GC(143) Archive regions: 2->2
[2024-08-28T13:05:57.853+0000][info][gc,heap        ] GC(143) Humongous regions: 5->5
[2024-08-28T13:05:57.853+0000][info][gc,metaspace   ] GC(143) Metaspace: 100K(320K)->100K(320K) NonClass: 96K(192K)->96K(192K) Class: 4K(128K)->4K(128K)
[2024-08-28T13:05:57.853+0000][info][gc             ] GC(143) Pause Young (Mixed) (G1 Evacuation Pause) 899M->802M(1024M) 12.060ms
[2024-08-28T13:05:57.853+0000][info][gc,cpu         ] GC(143) User=0.27s Sys=0.00s Real=0.01s
[2024-08-28T13:05:57.877+0000][info][gc,start       ] GC(144) Pause Young (Mixed) (G1 Evacuation Pause)
[2024-08-28T13:05:57.877+0000][info][gc,task        ] GC(144) Using 24 workers of 68 for evacuation
[2024-08-28T13:05:57.889+0000][info][gc,phases      ] GC(144)   Pre Evacuate Collection Set: 0.2ms
[2024-08-28T13:05:57.889+0000][info][gc,phases      ] GC(144)   Merge Heap Roots: 0.5ms
[2024-08-28T13:05:57.889+0000][info][gc,phases      ] GC(144)   Evacuate Collection Set: 11.3ms
[2024-08-28T13:05:57.889+0000][info][gc,phases      ] GC(144)   Post Evacuate Collection Set: 0.3ms
[2024-08-28T13:05:57.889+0000][info][gc,phases      ] GC(144)   Other: 0.2ms
[2024-08-28T13:05:57.889+0000][info][gc,heap        ] GC(144) Eden regions: 44->0(47)
[2024-08-28T13:05:57.890+0000][info][gc,heap        ] GC(144) Survivor regions: 7->7(7)
[2024-08-28T13:05:57.890+0000][info][gc,heap        ] GC(144) Old regions: 801->755
[2024-08-28T13:05:57.890+0000][info][gc,heap        ] GC(144) Archive regions: 2->2
[2024-08-28T13:05:57.890+0000][info][gc,heap        ] GC(144) Humongous regions: 5->5
[2024-08-28T13:05:57.890+0000][info][gc,metaspace   ] GC(144) Metaspace: 100K(320K)->100K(320K) NonClass: 96K(192K)->96K(192K) Class: 4K(128K)->4K(128K)
[2024-08-28T13:05:57.890+0000][info][gc             ] GC(144) Pause Young (Mixed) (G1 Evacuation Pause) 846M->760M(1024M) 12.577ms
[2024-08-28T13:05:57.890+0000][info][gc,cpu         ] GC(144) User=0.28s Sys=0.00s Real=0.02s
[2024-08-28T13:05:57.914+0000][info][gc,start       ] GC(145) Pause Young (Concurrent Start) (G1 Evacuation Pause)
[2024-08-28T13:05:57.914+0000][info][gc,task        ] GC(145) Using 24 workers of 68 for evacuation
[2024-08-28T13:05:57.926+0000][info][gc,phases      ] GC(145)   Pre Evacuate Collection Set: 0.2ms
[2024-08-28T13:05:57.926+0000][info][gc,phases      ] GC(145)   Merge Heap Roots: 0.4ms
[2024-08-28T13:05:57.926+0000][info][gc,phases      ] GC(145)   Evacuate Collection Set: 10.2ms
[2024-08-28T13:05:57.926+0000][info][gc,phases      ] GC(145)   Post Evacuate Collection Set: 0.4ms
[2024-08-28T13:05:57.926+0000][info][gc,phases      ] GC(145)   Other: 0.6ms
[2024-08-28T13:05:57.926+0000][info][gc,heap        ] GC(145) Eden regions: 47->0(44)
[2024-08-28T13:05:57.926+0000][info][gc,heap        ] GC(145) Survivor regions: 7->7(7)
[2024-08-28T13:05:57.926+0000][info][gc,heap        ] GC(145) Old regions: 755->804
[2024-08-28T13:05:57.926+0000][info][gc,heap        ] GC(145) Archive regions: 2->2
[2024-08-28T13:05:57.926+0000][info][gc,heap        ] GC(145) Humongous regions: 5->5
[2024-08-28T13:05:57.926+0000][info][gc,metaspace   ] GC(145) Metaspace: 100K(320K)->100K(320K) NonClass: 96K(192K)->96K(192K) Class: 4K(128K)->4K(128K)
[2024-08-28T13:05:57.926+0000][info][gc             ] GC(145) Pause Young (Concurrent Start) (G1 Evacuation Pause) 807M->809M(1024M) 11.724ms
[2024-08-28T13:05:57.926+0000][info][gc,cpu         ] GC(145) User=0.25s Sys=0.00s Real=0.01s
[2024-08-28T13:05:57.926+0000][info][gc             ] GC(146) Concurrent Mark Cycle
[2024-08-28T13:05:57.926+0000][info][gc,marking     ] GC(146) Concurrent Clear Claimed Marks
[2024-08-28T13:05:57.926+0000][info][gc,marking     ] GC(146) Concurrent Clear Claimed Marks 0.013ms
[2024-08-28T13:05:57.926+0000][info][gc,marking     ] GC(146) Concurrent Scan Root Regions
[2024-08-28T13:05:57.928+0000][info][gc,marking     ] GC(146) Concurrent Scan Root Regions 1.785ms
[2024-08-28T13:05:57.928+0000][info][gc,marking     ] GC(146) Concurrent Mark
[2024-08-28T13:05:57.928+0000][info][gc,marking     ] GC(146) Concurrent Mark From Roots
[2024-08-28T13:05:57.928+0000][info][gc,task        ] GC(146) Using 17 workers of 17 for marking
[2024-08-28T13:05:57.953+0000][info][gc,marking     ] GC(146) Concurrent Mark From Roots 25.161ms
[2024-08-28T13:05:57.953+0000][info][gc,marking     ] GC(146) Concurrent Preclean
[2024-08-28T13:05:57.954+0000][info][gc,marking     ] GC(146) Concurrent Preclean 1.033ms
[2024-08-28T13:05:57.955+0000][info][gc,start       ] GC(146) Pause Remark
[2024-08-28T13:05:57.956+0000][info][gc             ] GC(146) Pause Remark 845M->845M(1024M) 1.289ms
[2024-08-28T13:05:57.956+0000][info][gc,cpu         ] GC(146) User=0.01s Sys=0.00s Real=0.00s
[2024-08-28T13:05:57.956+0000][info][gc,marking     ] GC(146) Concurrent Mark 28.033ms
[2024-08-28T13:05:57.956+0000][info][gc,marking     ] GC(146) Concurrent Rebuild Remembered Sets
[2024-08-28T13:05:57.961+0000][info][gc,start       ] GC(147) Pause Young (Normal) (G1 Evacuation Pause)
[2024-08-28T13:05:57.961+0000][info][gc,task        ] GC(147) Using 24 workers of 68 for evacuation
[2024-08-28T13:05:57.972+0000][info][gc,phases      ] GC(147)   Pre Evacuate Collection Set: 0.2ms
[2024-08-28T13:05:57.972+0000][info][gc,phases      ] GC(147)   Merge Heap Roots: 0.3ms
[2024-08-28T13:05:57.972+0000][info][gc,phases      ] GC(147)   Evacuate Collection Set: 9.3ms
[2024-08-28T13:05:57.972+0000][info][gc,phases      ] GC(147)   Post Evacuate Collection Set: 0.4ms
[2024-08-28T13:05:57.972+0000][info][gc,phases      ] GC(147)   Other: 0.2ms
[2024-08-28T13:05:57.972+0000][info][gc,heap        ] GC(147) Eden regions: 44->0(44)
[2024-08-28T13:05:57.972+0000][info][gc,heap        ] GC(147) Survivor regions: 7->7(7)
[2024-08-28T13:05:57.972+0000][info][gc,heap        ] GC(147) Old regions: 804->851
[2024-08-28T13:05:57.972+0000][info][gc,heap        ] GC(147) Archive regions: 2->2
[2024-08-28T13:05:57.972+0000][info][gc,heap        ] GC(147) Humongous regions: 5->5
[2024-08-28T13:05:57.972+0000][info][gc,metaspace   ] GC(147) Metaspace: 100K(320K)->100K(320K) NonClass: 96K(192K)->96K(192K) Class: 4K(128K)->4K(128K)
[2024-08-28T13:05:57.972+0000][info][gc             ] GC(147) Pause Young (Normal) (G1 Evacuation Pause) 853M->856M(1024M) 10.506ms
[2024-08-28T13:05:57.972+0000][info][gc,cpu         ] GC(147) User=0.22s Sys=0.01s Real=0.01s
[2024-08-28T13:05:57.998+0000][info][gc,start       ] GC(148) Pause Young (Normal) (G1 Evacuation Pause)
[2024-08-28T13:05:57.998+0000][info][gc,task        ] GC(148) Using 24 workers of 68 for evacuation
[2024-08-28T13:05:58.013+0000][info][gc,phases      ] GC(148)   Pre Evacuate Collection Set: 0.2ms
[2024-08-28T13:05:58.013+0000][info][gc,phases      ] GC(148)   Merge Heap Roots: 0.5ms
[2024-08-28T13:05:58.013+0000][info][gc,phases      ] GC(148)   Evacuate Collection Set: 13.3ms
[2024-08-28T13:05:58.013+0000][info][gc,phases      ] GC(148)   Post Evacuate Collection Set: 0.6ms
[2024-08-28T13:05:58.013+0000][info][gc,phases      ] GC(148)   Other: 0.2ms
[2024-08-28T13:05:58.013+0000][info][gc,heap        ] GC(148) Eden regions: 44->0(44)
[2024-08-28T13:05:58.013+0000][info][gc,heap        ] GC(148) Survivor regions: 7->7(7)
[2024-08-28T13:05:58.013+0000][info][gc,heap        ] GC(148) Old regions: 851->897
[2024-08-28T13:05:58.013+0000][info][gc,heap        ] GC(148) Archive regions: 2->2
[2024-08-28T13:05:58.013+0000][info][gc,heap        ] GC(148) Humongous regions: 5->5
[2024-08-28T13:05:58.013+0000][info][gc,metaspace   ] GC(148) Metaspace: 100K(320K)->100K(320K) NonClass: 96K(192K)->96K(192K) Class: 4K(128K)->4K(128K)
[2024-08-28T13:05:58.013+0000][info][gc             ] GC(148) Pause Young (Normal) (G1 Evacuation Pause) 900M->903M(1024M) 14.782ms
[2024-08-28T13:05:58.013+0000][info][gc,cpu         ] GC(148) User=0.33s Sys=0.00s Real=0.01s
[2024-08-28T13:05:58.034+0000][info][gc,marking     ] GC(146) Concurrent Rebuild Remembered Sets 78.277ms
[2024-08-28T13:05:58.035+0000][info][gc,start       ] GC(146) Pause Cleanup
[2024-08-28T13:05:58.037+0000][info][gc             ] GC(146) Pause Cleanup 940M->940M(1024M) 2.513ms
[2024-08-28T13:05:58.037+0000][info][gc,cpu         ] GC(146) User=0.01s Sys=0.00s Real=0.00s
[2024-08-28T13:05:58.037+0000][info][gc,marking     ] GC(146) Concurrent Cleanup for Next Mark
[2024-08-28T13:05:58.038+0000][info][gc,marking     ] GC(146) Concurrent Cleanup for Next Mark 0.742ms
[2024-08-28T13:05:58.038+0000][info][gc             ] GC(146) Concurrent Mark Cycle 111.823ms
[2024-08-28T13:05:58.042+0000][info][gc,start       ] GC(149) Pause Young (Prepare Mixed) (G1 Evacuation Pause)
[2024-08-28T13:05:58.042+0000][info][gc,task        ] GC(149) Using 24 workers of 68 for evacuation
[2024-08-28T13:05:58.058+0000][info][gc,phases      ] GC(149)   Pre Evacuate Collection Set: 0.2ms
[2024-08-28T13:05:58.058+0000][info][gc,phases      ] GC(149)   Merge Heap Roots: 0.6ms
[2024-08-28T13:05:58.058+0000][info][gc,phases      ] GC(149)   Evacuate Collection Set: 15.0ms
[2024-08-28T13:05:58.058+0000][info][gc,phases      ] GC(149)   Post Evacuate Collection Set: 0.3ms
[2024-08-28T13:05:58.058+0000][info][gc,phases      ] GC(149)   Other: 0.2ms
[2024-08-28T13:05:58.058+0000][info][gc,heap        ] GC(149) Eden regions: 44->0(44)
[2024-08-28T13:05:58.058+0000][info][gc,heap        ] GC(149) Survivor regions: 7->7(7)
[2024-08-28T13:05:58.058+0000][info][gc,heap        ] GC(149) Old regions: 897->944
[2024-08-28T13:05:58.058+0000][info][gc,heap        ] GC(149) Archive regions: 2->2
[2024-08-28T13:05:58.058+0000][info][gc,heap        ] GC(149) Humongous regions: 5->5
[2024-08-28T13:05:58.058+0000][info][gc,metaspace   ] GC(149) Metaspace: 100K(320K)->100K(320K) NonClass: 96K(192K)->96K(192K) Class: 4K(128K)->4K(128K)
[2024-08-28T13:05:58.058+0000][info][gc             ] GC(149) Pause Young (Prepare Mixed) (G1 Evacuation Pause) 947M->950M(1024M) 16.359ms
[2024-08-28T13:05:58.058+0000][info][gc,cpu         ] GC(149) User=0.37s Sys=0.00s Real=0.02s
[2024-08-28T13:05:58.074+0000][info][gc,start       ] GC(150) Pause Young (Mixed) (G1 Preventive Collection)
[2024-08-28T13:05:58.074+0000][info][gc,task        ] GC(150) Using 24 workers of 68 for evacuation
[2024-08-28T13:05:58.084+0000][info][gc,phases      ] GC(150)   Pre Evacuate Collection Set: 0.2ms
[2024-08-28T13:05:58.084+0000][info][gc,phases      ] GC(150)   Merge Heap Roots: 0.3ms
[2024-08-28T13:05:58.084+0000][info][gc,phases      ] GC(150)   Evacuate Collection Set: 8.5ms
[2024-08-28T13:05:58.084+0000][info][gc,phases      ] GC(150)   Post Evacuate Collection Set: 0.4ms
[2024-08-28T13:05:58.084+0000][info][gc,phases      ] GC(150)   Other: 0.2ms
[2024-08-28T13:05:58.084+0000][info][gc,heap        ] GC(150) Eden regions: 27->0(44)
[2024-08-28T13:05:58.084+0000][info][gc,heap        ] GC(150) Survivor regions: 7->7(7)
[2024-08-28T13:05:58.084+0000][info][gc,heap        ] GC(150) Old regions: 944->871
[2024-08-28T13:05:58.084+0000][info][gc,heap        ] GC(150) Archive regions: 2->2
[2024-08-28T13:05:58.084+0000][info][gc,heap        ] GC(150) Humongous regions: 5->5
[2024-08-28T13:05:58.084+0000][info][gc,metaspace   ] GC(150) Metaspace: 100K(320K)->100K(320K) NonClass: 96K(192K)->96K(192K) Class: 4K(128K)->4K(128K)
[2024-08-28T13:05:58.084+0000][info][gc             ] GC(150) Pause Young (Mixed) (G1 Preventive Collection) 977M->881M(1024M) 9.614ms
[2024-08-28T13:05:58.084+0000][info][gc,cpu         ] GC(150) User=0.21s Sys=0.00s Real=0.01s
[2024-08-28T13:05:58.107+0000][info][gc,start       ] GC(151) Pause Young (Mixed) (G1 Evacuation Pause)
[2024-08-28T13:05:58.107+0000][info][gc,task        ] GC(151) Using 24 workers of 68 for evacuation
[2024-08-28T13:05:58.119+0000][info][gc,phases      ] GC(151)   Pre Evacuate Collection Set: 0.3ms
[2024-08-28T13:05:58.119+0000][info][gc,phases      ] GC(151)   Merge Heap Roots: 0.5ms
[2024-08-28T13:05:58.119+0000][info][gc,phases      ] GC(151)   Evacuate Collection Set: 10.4ms
[2024-08-28T13:05:58.119+0000][info][gc,phases      ] GC(151)   Post Evacuate Collection Set: 0.4ms
[2024-08-28T13:05:58.119+0000][info][gc,phases      ] GC(151)   Other: 0.3ms
[2024-08-28T13:05:58.119+0000][info][gc,heap        ] GC(151) Eden regions: 44->0(44)
[2024-08-28T13:05:58.119+0000][info][gc,heap        ] GC(151) Survivor regions: 7->7(7)
[2024-08-28T13:05:58.119+0000][info][gc,heap        ] GC(151) Old regions: 871->814
[2024-08-28T13:05:58.119+0000][info][gc,heap        ] GC(151) Archive regions: 2->2
[2024-08-28T13:05:58.119+0000][info][gc,heap        ] GC(151) Humongous regions: 5->5
[2024-08-28T13:05:58.119+0000][info][gc,metaspace   ] GC(151) Metaspace: 100K(320K)->100K(320K) NonClass: 96K(192K)->96K(192K) Class: 4K(128K)->4K(128K)
[2024-08-28T13:05:58.119+0000][info][gc             ] GC(151) Pause Young (Mixed) (G1 Evacuation Pause) 925M->826M(1024M) 11.957ms
[2024-08-28T13:05:58.119+0000][info][gc,cpu         ] GC(151) User=0.26s Sys=0.00s Real=0.02s
[2024-08-28T13:05:58.142+0000][info][gc,start       ] GC(152) Pause Young (Mixed) (G1 Evacuation Pause)
[2024-08-28T13:05:58.142+0000][info][gc,task        ] GC(152) Using 24 workers of 68 for evacuation
[2024-08-28T13:05:58.156+0000][info][gc,phases      ] GC(152)   Pre Evacuate Collection Set: 0.2ms
[2024-08-28T13:05:58.156+0000][info][gc,phases      ] GC(152)   Merge Heap Roots: 0.4ms
[2024-08-28T13:05:58.156+0000][info][gc,phases      ] GC(152)   Evacuate Collection Set: 12.5ms
[2024-08-28T13:05:58.156+0000][info][gc,phases      ] GC(152)   Post Evacuate Collection Set: 0.4ms
[2024-08-28T13:05:58.156+0000][info][gc,phases      ] GC(152)   Other: 0.2ms
[2024-08-28T13:05:58.156+0000][info][gc,heap        ] GC(152) Eden regions: 44->0(44)
[2024-08-28T13:05:58.156+0000][info][gc,heap        ] GC(152) Survivor regions: 7->7(7)
[2024-08-28T13:05:58.156+0000][info][gc,heap        ] GC(152) Old regions: 814->776
[2024-08-28T13:05:58.156+0000][info][gc,heap        ] GC(152) Archive regions: 2->2
[2024-08-28T13:05:58.156+0000][info][gc,heap        ] GC(152) Humongous regions: 5->5
[2024-08-28T13:05:58.156+0000][info][gc,metaspace   ] GC(152) Metaspace: 100K(320K)->100K(320K) NonClass: 96K(192K)->96K(192K) Class: 4K(128K)->4K(128K)
[2024-08-28T13:05:58.156+0000][info][gc             ] GC(152) Pause Young (Mixed) (G1 Evacuation Pause) 870M->788M(1024M) 13.756ms
[2024-08-28T13:05:58.156+0000][info][gc,cpu         ] GC(152) User=0.31s Sys=0.00s Real=0.01s
[2024-08-28T13:05:58.180+0000][info][gc,start       ] GC(153) Pause Young (Mixed) (G1 Evacuation Pause)
[2024-08-28T13:05:58.180+0000][info][gc,task        ] GC(153) Using 24 workers of 68 for evacuation
[2024-08-28T13:05:58.194+0000][info][gc,phases      ] GC(153)   Pre Evacuate Collection Set: 0.2ms
[2024-08-28T13:05:58.194+0000][info][gc,phases      ] GC(153)   Merge Heap Roots: 0.4ms
[2024-08-28T13:05:58.194+0000][info][gc,phases      ] GC(153)   Evacuate Collection Set: 13.4ms
[2024-08-28T13:05:58.194+0000][info][gc,phases      ] GC(153)   Post Evacuate Collection Set: 0.3ms
[2024-08-28T13:05:58.194+0000][info][gc,phases      ] GC(153)   Other: 0.2ms
[2024-08-28T13:05:58.195+0000][info][gc,heap        ] GC(153) Eden regions: 44->0(44)
[2024-08-28T13:05:58.195+0000][info][gc,heap        ] GC(153) Survivor regions: 7->7(7)
[2024-08-28T13:05:58.195+0000][info][gc,heap        ] GC(153) Old regions: 776->800
[2024-08-28T13:05:58.195+0000][info][gc,heap        ] GC(153) Archive regions: 2->2
[2024-08-28T13:05:58.195+0000][info][gc,heap        ] GC(153) Humongous regions: 5->5
[2024-08-28T13:05:58.195+0000][info][gc,metaspace   ] GC(153) Metaspace: 100K(320K)->100K(320K) NonClass: 96K(192K)->96K(192K) Class: 4K(128K)->4K(128K)
[2024-08-28T13:05:58.195+0000][info][gc             ] GC(153) Pause Young (Mixed) (G1 Evacuation Pause) 832M->812M(1024M) 14.558ms
[2024-08-28T13:05:58.195+0000][info][gc,cpu         ] GC(153) User=0.33s Sys=0.00s Real=0.01s
[2024-08-28T13:05:58.219+0000][info][gc,start       ] GC(154) Pause Young (Concurrent Start) (G1 Evacuation Pause)
[2024-08-28T13:05:58.219+0000][info][gc,task        ] GC(154) Using 24 workers of 68 for evacuation
[2024-08-28T13:05:58.231+0000][info][gc,phases      ] GC(154)   Pre Evacuate Collection Set: 0.2ms
[2024-08-28T13:05:58.231+0000][info][gc,phases      ] GC(154)   Merge Heap Roots: 0.4ms
[2024-08-28T13:05:58.231+0000][info][gc,phases      ] GC(154)   Evacuate Collection Set: 10.4ms
[2024-08-28T13:05:58.231+0000][info][gc,phases      ] GC(154)   Post Evacuate Collection Set: 0.3ms
[2024-08-28T13:05:58.231+0000][info][gc,phases      ] GC(154)   Other: 0.6ms
[2024-08-28T13:05:58.231+0000][info][gc,heap        ] GC(154) Eden regions: 44->0(44)
[2024-08-28T13:05:58.231+0000][info][gc,heap        ] GC(154) Survivor regions: 7->7(7)
[2024-08-28T13:05:58.231+0000][info][gc,heap        ] GC(154) Old regions: 800->849
[2024-08-28T13:05:58.231+0000][info][gc,heap        ] GC(154) Archive regions: 2->2
[2024-08-28T13:05:58.231+0000][info][gc,heap        ] GC(154) Humongous regions: 5->5
[2024-08-28T13:05:58.231+0000][info][gc,metaspace   ] GC(154) Metaspace: 100K(320K)->100K(320K) NonClass: 96K(192K)->96K(192K) Class: 4K(128K)->4K(128K)
[2024-08-28T13:05:58.231+0000][info][gc             ] GC(154) Pause Young (Concurrent Start) (G1 Evacuation Pause) 856M->861M(1024M) 11.914ms
[2024-08-28T13:05:58.231+0000][info][gc,cpu         ] GC(154) User=0.25s Sys=0.00s Real=0.01s
[2024-08-28T13:05:58.231+0000][info][gc             ] GC(155) Concurrent Mark Cycle
[2024-08-28T13:05:58.231+0000][info][gc,marking     ] GC(155) Concurrent Clear Claimed Marks
[2024-08-28T13:05:58.231+0000][info][gc,marking     ] GC(155) Concurrent Clear Claimed Marks 0.010ms
[2024-08-28T13:05:58.231+0000][info][gc,marking     ] GC(155) Concurrent Scan Root Regions
[2024-08-28T13:05:58.233+0000][info][gc,marking     ] GC(155) Concurrent Scan Root Regions 1.704ms
[2024-08-28T13:05:58.233+0000][info][gc,marking     ] GC(155) Concurrent Mark
[2024-08-28T13:05:58.233+0000][info][gc,marking     ] GC(155) Concurrent Mark From Roots
[2024-08-28T13:05:58.233+0000][info][gc,task        ] GC(155) Using 17 workers of 17 for marking
[2024-08-28T13:05:58.259+0000][info][gc,marking     ] GC(155) Concurrent Mark From Roots 26.253ms
[2024-08-28T13:05:58.259+0000][info][gc,marking     ] GC(155) Concurrent Preclean
[2024-08-28T13:05:58.260+0000][info][gc,marking     ] GC(155) Concurrent Preclean 0.808ms
[2024-08-28T13:05:58.260+0000][info][gc,start       ] GC(155) Pause Remark
[2024-08-28T13:05:58.262+0000][info][gc             ] GC(155) Pause Remark 899M->899M(1024M) 1.492ms
[2024-08-28T13:05:58.262+0000][info][gc,cpu         ] GC(155) User=0.01s Sys=0.00s Real=0.00s
[2024-08-28T13:05:58.262+0000][info][gc,marking     ] GC(155) Concurrent Mark 29.032ms
[2024-08-28T13:05:58.262+0000][info][gc,marking     ] GC(155) Concurrent Rebuild Remembered Sets
[2024-08-28T13:05:58.266+0000][info][gc,start       ] GC(156) Pause Young (Normal) (G1 Evacuation Pause)
[2024-08-28T13:05:58.266+0000][info][gc,task        ] GC(156) Using 24 workers of 68 for evacuation
[2024-08-28T13:05:58.277+0000][info][gc,phases      ] GC(156)   Pre Evacuate Collection Set: 0.2ms
[2024-08-28T13:05:58.277+0000][info][gc,phases      ] GC(156)   Merge Heap Roots: 0.4ms
[2024-08-28T13:05:58.277+0000][info][gc,phases      ] GC(156)   Evacuate Collection Set: 9.8ms
[2024-08-28T13:05:58.277+0000][info][gc,phases      ] GC(156)   Post Evacuate Collection Set: 0.4ms
[2024-08-28T13:05:58.277+0000][info][gc,phases      ] GC(156)   Other: 0.2ms
[2024-08-28T13:05:58.277+0000][info][gc,heap        ] GC(156) Eden regions: 44->0(44)
[2024-08-28T13:05:58.277+0000][info][gc,heap        ] GC(156) Survivor regions: 7->7(7)
[2024-08-28T13:05:58.277+0000][info][gc,heap        ] GC(156) Old regions: 849->896
[2024-08-28T13:05:58.277+0000][info][gc,heap        ] GC(156) Archive regions: 2->2
[2024-08-28T13:05:58.277+0000][info][gc,heap        ] GC(156) Humongous regions: 5->5
[2024-08-28T13:05:58.277+0000][info][gc,metaspace   ] GC(156) Metaspace: 100K(320K)->100K(320K) NonClass: 96K(192K)->96K(192K) Class: 4K(128K)->4K(128K)
[2024-08-28T13:05:58.277+0000][info][gc             ] GC(156) Pause Young (Normal) (G1 Evacuation Pause) 905M->908M(1024M) 11.028ms
[2024-08-28T13:05:58.277+0000][info][gc,cpu         ] GC(156) User=0.24s Sys=0.00s Real=0.01s
[2024-08-28T13:05:58.303+0000][info][gc,start       ] GC(157) Pause Young (Normal) (G1 Evacuation Pause)
[2024-08-28T13:05:58.303+0000][info][gc,task        ] GC(157) Using 24 workers of 68 for evacuation
[2024-08-28T13:05:58.318+0000][info][gc,phases      ] GC(157)   Pre Evacuate Collection Set: 0.2ms
[2024-08-28T13:05:58.318+0000][info][gc,phases      ] GC(157)   Merge Heap Roots: 0.5ms
[2024-08-28T13:05:58.318+0000][info][gc,phases      ] GC(157)   Evacuate Collection Set: 13.8ms
[2024-08-28T13:05:58.318+0000][info][gc,phases      ] GC(157)   Post Evacuate Collection Set: 0.5ms
[2024-08-28T13:05:58.318+0000][info][gc,phases      ] GC(157)   Other: 0.2ms
[2024-08-28T13:05:58.318+0000][info][gc,heap        ] GC(157) Eden regions: 44->0(44)
[2024-08-28T13:05:58.318+0000][info][gc,heap        ] GC(157) Survivor regions: 7->7(7)
[2024-08-28T13:05:58.318+0000][info][gc,heap        ] GC(157) Old regions: 896->943
[2024-08-28T13:05:58.318+0000][info][gc,heap        ] GC(157) Archive regions: 2->2
[2024-08-28T13:05:58.318+0000][info][gc,heap        ] GC(157) Humongous regions: 5->5
[2024-08-28T13:05:58.318+0000][info][gc,metaspace   ] GC(157) Metaspace: 100K(320K)->100K(320K) NonClass: 96K(192K)->96K(192K) Class: 4K(128K)->4K(128K)
[2024-08-28T13:05:58.318+0000][info][gc             ] GC(157) Pause Young (Normal) (G1 Evacuation Pause) 952M->955M(1024M) 15.226ms
[2024-08-28T13:05:58.318+0000][info][gc,cpu         ] GC(157) User=0.35s Sys=0.00s Real=0.02s
[2024-08-28T13:05:58.335+0000][info][gc,start       ] GC(158) Pause Young (Normal) (G1 Preventive Collection)
[2024-08-28T13:05:58.335+0000][info][gc,task        ] GC(158) Using 24 workers of 68 for evacuation
[2024-08-28T13:05:58.350+0000][info][gc,phases      ] GC(158)   Pre Evacuate Collection Set: 0.2ms
[2024-08-28T13:05:58.350+0000][info][gc,phases      ] GC(158)   Merge Heap Roots: 0.6ms
[2024-08-28T13:05:58.350+0000][info][gc,phases      ] GC(158)   Evacuate Collection Set: 13.4ms
[2024-08-28T13:05:58.350+0000][info][gc,phases      ] GC(158)   Post Evacuate Collection Set: 0.6ms
[2024-08-28T13:05:58.350+0000][info][gc,phases      ] GC(158)   Other: 0.2ms
[2024-08-28T13:05:58.350+0000][info][gc,heap        ] GC(158) Eden regions: 28->0(44)
[2024-08-28T13:05:58.350+0000][info][gc,heap        ] GC(158) Survivor regions: 7->7(7)
[2024-08-28T13:05:58.350+0000][info][gc,heap        ] GC(158) Old regions: 943->975
[2024-08-28T13:05:58.350+0000][info][gc,heap        ] GC(158) Archive regions: 2->2
[2024-08-28T13:05:58.350+0000][info][gc,heap        ] GC(158) Humongous regions: 5->5
[2024-08-28T13:05:58.350+0000][info][gc,metaspace   ] GC(158) Metaspace: 100K(320K)->100K(320K) NonClass: 96K(192K)->96K(192K) Class: 4K(128K)->4K(128K)
[2024-08-28T13:05:58.350+0000][info][gc             ] GC(158) Pause Young (Normal) (G1 Preventive Collection) 983M->987M(1024M) 14.963ms
[2024-08-28T13:05:58.350+0000][info][gc,cpu         ] GC(158) User=0.34s Sys=0.01s Real=0.02s
[2024-08-28T13:05:58.359+0000][info][gc,start       ] GC(159) Pause Young (Normal) (G1 Preventive Collection)
[2024-08-28T13:05:58.359+0000][info][gc,task        ] GC(159) Using 24 workers of 68 for evacuation
[2024-08-28T13:05:58.371+0000][info][gc             ] GC(159) To-space exhausted
[2024-08-28T13:05:58.371+0000][info][gc,phases      ] GC(159)   Pre Evacuate Collection Set: 0.2ms
[2024-08-28T13:05:58.371+0000][info][gc,phases      ] GC(159)   Merge Heap Roots: 0.6ms
[2024-08-28T13:05:58.371+0000][info][gc,phases      ] GC(159)   Evacuate Collection Set: 10.7ms
[2024-08-28T13:05:58.371+0000][info][gc,phases      ] GC(159)   Post Evacuate Collection Set: 1.0ms
[2024-08-28T13:05:58.371+0000][info][gc,phases      ] GC(159)   Other: 0.2ms
[2024-08-28T13:05:58.371+0000][info][gc,heap        ] GC(159) Eden regions: 13->0(44)
[2024-08-28T13:05:58.371+0000][info][gc,heap        ] GC(159) Survivor regions: 7->7(7)
[2024-08-28T13:05:58.371+0000][info][gc,heap        ] GC(159) Old regions: 975->1008
[2024-08-28T13:05:58.371+0000][info][gc,heap        ] GC(159) Archive regions: 2->2
[2024-08-28T13:05:58.371+0000][info][gc,heap        ] GC(159) Humongous regions: 5->5
[2024-08-28T13:05:58.371+0000][info][gc,metaspace   ] GC(159) Metaspace: 100K(320K)->100K(320K) NonClass: 96K(192K)->96K(192K) Class: 4K(128K)->4K(128K)
[2024-08-28T13:05:58.371+0000][info][gc             ] GC(159) Pause Young (Normal) (G1 Preventive Collection) 1000M->1020M(1024M) 12.667ms
[2024-08-28T13:05:58.371+0000][info][gc,cpu         ] GC(159) User=0.28s Sys=0.00s Real=0.01s
[2024-08-28T13:05:58.373+0000][info][gc,start       ] GC(160) Pause Young (Normal) (G1 Preventive Collection)
[2024-08-28T13:05:58.373+0000][info][gc,task        ] GC(160) Using 24 workers of 68 for evacuation
[2024-08-28T13:05:58.382+0000][info][gc             ] GC(160) To-space exhausted
[2024-08-28T13:05:58.382+0000][info][gc,phases      ] GC(160)   Pre Evacuate Collection Set: 0.1ms
[2024-08-28T13:05:58.382+0000][info][gc,phases      ] GC(160)   Merge Heap Roots: 0.7ms
[2024-08-28T13:05:58.382+0000][info][gc,phases      ] GC(160)   Evacuate Collection Set: 7.3ms
[2024-08-28T13:05:58.382+0000][info][gc,phases      ] GC(160)   Post Evacuate Collection Set: 1.0ms
[2024-08-28T13:05:58.382+0000][info][gc,phases      ] GC(160)   Other: 0.1ms
[2024-08-28T13:05:58.382+0000][info][gc,heap        ] GC(160) Eden regions: 1->0(51)
[2024-08-28T13:05:58.382+0000][info][gc,heap        ] GC(160) Survivor regions: 7->0(1)
[2024-08-28T13:05:58.382+0000][info][gc,heap        ] GC(160) Old regions: 1008->1017
[2024-08-28T13:05:58.382+0000][info][gc,heap        ] GC(160) Archive regions: 2->2
[2024-08-28T13:05:58.382+0000][info][gc,heap        ] GC(160) Humongous regions: 5->5
[2024-08-28T13:05:58.382+0000][info][gc,metaspace   ] GC(160) Metaspace: 100K(320K)->100K(320K) NonClass: 96K(192K)->96K(192K) Class: 4K(128K)->4K(128K)
[2024-08-28T13:05:58.382+0000][info][gc             ] GC(160) Pause Young (Normal) (G1 Preventive Collection) 1021M->1022M(1024M) 9.250ms
[2024-08-28T13:05:58.382+0000][info][gc,cpu         ] GC(160) User=0.20s Sys=0.00s Real=0.01s
[2024-08-28T13:05:58.382+0000][info][gc,ergo        ] Attempting full compaction
[2024-08-28T13:05:58.382+0000][info][gc,task        ] GC(161) Using 24 workers of 68 for full compaction
[2024-08-28T13:05:58.383+0000][info][gc,start       ] GC(161) Pause Full (G1 Compaction Pause)
[2024-08-28T13:05:58.383+0000][info][gc,phases,start] GC(161) Phase 1: Mark live objects
[2024-08-28T13:05:58.398+0000][info][gc,phases      ] GC(161) Phase 1: Mark live objects 14.643ms
[2024-08-28T13:05:58.398+0000][info][gc,phases,start] GC(161) Phase 2: Prepare for compaction
[2024-08-28T13:05:58.407+0000][info][gc,phases      ] GC(161) Phase 2: Prepare for compaction 8.738ms
[2024-08-28T13:05:58.407+0000][info][gc,phases,start] GC(161) Phase 3: Adjust pointers
[2024-08-28T13:05:58.424+0000][info][gc,phases      ] GC(161) Phase 3: Adjust pointers 17.677ms
[2024-08-28T13:05:58.425+0000][info][gc,phases,start] GC(161) Phase 4: Compact heap
[2024-08-28T13:05:58.454+0000][info][gc,phases      ] GC(161) Phase 4: Compact heap 29.889ms
[2024-08-28T13:05:58.456+0000][info][gc,heap        ] GC(161) Eden regions: 0->0(150)
[2024-08-28T13:05:58.456+0000][info][gc,heap        ] GC(161) Survivor regions: 0->0(1)
[2024-08-28T13:05:58.456+0000][info][gc,heap        ] GC(161) Old regions: 1017->442
[2024-08-28T13:05:58.456+0000][info][gc,heap        ] GC(161) Archive regions: 2->2
[2024-08-28T13:05:58.456+0000][info][gc,heap        ] GC(161) Humongous regions: 5->5
[2024-08-28T13:05:58.456+0000][info][gc,metaspace   ] GC(161) Metaspace: 100K(320K)->100K(320K) NonClass: 96K(192K)->96K(192K) Class: 4K(128K)->4K(128K)
[2024-08-28T13:05:58.456+0000][info][gc             ] GC(161) Pause Full (G1 Compaction Pause) 1022M->436M(1024M) 73.298ms
[2024-08-28T13:05:58.456+0000][info][gc,cpu         ] GC(161) User=1.51s Sys=0.00s Real=0.07s
[2024-08-28T13:05:58.456+0000][info][gc,marking     ] GC(155) Concurrent Rebuild Remembered Sets 194.504ms
[2024-08-28T13:05:58.456+0000][info][gc,marking     ] GC(155) Concurrent Mark Abort
[2024-08-28T13:05:58.456+0000][info][gc             ] GC(155) Concurrent Mark Cycle 225.459ms
[2024-08-28T13:05:58.542+0000][info][gc,start       ] GC(162) Pause Young (Normal) (G1 Evacuation Pause)
[2024-08-28T13:05:58.542+0000][info][gc,task        ] GC(162) Using 24 workers of 68 for evacuation
[2024-08-28T13:05:58.565+0000][info][gc,phases      ] GC(162)   Pre Evacuate Collection Set: 0.2ms
[2024-08-28T13:05:58.565+0000][info][gc,phases      ] GC(162)   Merge Heap Roots: 0.4ms
[2024-08-28T13:05:58.565+0000][info][gc,phases      ] GC(162)   Evacuate Collection Set: 21.7ms
[2024-08-28T13:05:58.565+0000][info][gc,phases      ] GC(162)   Post Evacuate Collection Set: 0.3ms
[2024-08-28T13:05:58.565+0000][info][gc,phases      ] GC(162)   Other: 0.2ms
[2024-08-28T13:05:58.565+0000][info][gc,heap        ] GC(162) Eden regions: 150->0(103)
[2024-08-28T13:05:58.565+0000][info][gc,heap        ] GC(162) Survivor regions: 0->19(19)
[2024-08-28T13:05:58.565+0000][info][gc,heap        ] GC(162) Old regions: 442->569
[2024-08-28T13:05:58.565+0000][info][gc,heap        ] GC(162) Archive regions: 2->2
[2024-08-28T13:05:58.565+0000][info][gc,heap        ] GC(162) Humongous regions: 5->5
[2024-08-28T13:05:58.565+0000][info][gc,metaspace   ] GC(162) Metaspace: 100K(320K)->100K(320K) NonClass: 96K(192K)->96K(192K) Class: 4K(128K)->4K(128K)
[2024-08-28T13:05:58.565+0000][info][gc             ] GC(162) Pause Young (Normal) (G1 Evacuation Pause) 586M->581M(1024M) 22.875ms
[2024-08-28T13:05:58.565+0000][info][gc,cpu         ] GC(162) User=0.53s Sys=0.00s Real=0.02s
[2024-08-28T13:05:58.621+0000][info][gc,start       ] GC(163) Pause Young (Concurrent Start) (G1 Evacuation Pause)
[2024-08-28T13:05:58.621+0000][info][gc,task        ] GC(163) Using 24 workers of 68 for evacuation
[2024-08-28T13:05:58.641+0000][info][gc,phases      ] GC(163)   Pre Evacuate Collection Set: 0.2ms
[2024-08-28T13:05:58.641+0000][info][gc,phases      ] GC(163)   Merge Heap Roots: 0.4ms
[2024-08-28T13:05:58.641+0000][info][gc,phases      ] GC(163)   Evacuate Collection Set: 18.7ms
[2024-08-28T13:05:58.641+0000][info][gc,phases      ] GC(163)   Post Evacuate Collection Set: 0.3ms
[2024-08-28T13:05:58.641+0000][info][gc,phases      ] GC(163)   Other: 0.6ms
[2024-08-28T13:05:58.641+0000][info][gc,heap        ] GC(163) Eden regions: 103->0(70)
[2024-08-28T13:05:58.641+0000][info][gc,heap        ] GC(163) Survivor regions: 19->16(16)
[2024-08-28T13:05:58.641+0000][info][gc,heap        ] GC(163) Old regions: 569->675
[2024-08-28T13:05:58.641+0000][info][gc,heap        ] GC(163) Archive regions: 2->2
[2024-08-28T13:05:58.641+0000][info][gc,heap        ] GC(163) Humongous regions: 5->5
[2024-08-28T13:05:58.641+0000][info][gc,metaspace   ] GC(163) Metaspace: 100K(320K)->100K(320K) NonClass: 96K(192K)->96K(192K) Class: 4K(128K)->4K(128K)
[2024-08-28T13:05:58.641+0000][info][gc             ] GC(163) Pause Young (Concurrent Start) (G1 Evacuation Pause) 684M->685M(1024M) 20.339ms
[2024-08-28T13:05:58.641+0000][info][gc,cpu         ] GC(163) User=0.45s Sys=0.00s Real=0.02s
[2024-08-28T13:05:58.641+0000][info][gc             ] GC(164) Concurrent Mark Cycle
[2024-08-28T13:05:58.641+0000][info][gc,marking     ] GC(164) Concurrent Clear Claimed Marks
[2024-08-28T13:05:58.641+0000][info][gc,marking     ] GC(164) Concurrent Clear Claimed Marks 0.009ms
[2024-08-28T13:05:58.641+0000][info][gc,marking     ] GC(164) Concurrent Scan Root Regions
[2024-08-28T13:05:58.645+0000][info][gc,marking     ] GC(164) Concurrent Scan Root Regions 3.823ms
[2024-08-28T13:05:58.645+0000][info][gc,marking     ] GC(164) Concurrent Mark
[2024-08-28T13:05:58.645+0000][info][gc,marking     ] GC(164) Concurrent Mark From Roots
[2024-08-28T13:05:58.645+0000][info][gc,task        ] GC(164) Using 17 workers of 17 for marking
[2024-08-28T13:05:58.668+0000][info][gc,marking     ] GC(164) Concurrent Mark From Roots 22.909ms
[2024-08-28T13:05:58.668+0000][info][gc,marking     ] GC(164) Concurrent Preclean
[2024-08-28T13:05:58.669+0000][info][gc,marking     ] GC(164) Concurrent Preclean 0.672ms
[2024-08-28T13:05:58.669+0000][info][gc,start       ] GC(164) Pause Remark
[2024-08-28T13:05:58.670+0000][info][gc             ] GC(164) Pause Remark 721M->721M(1024M) 1.330ms
[2024-08-28T13:05:58.670+0000][info][gc,cpu         ] GC(164) User=0.01s Sys=0.00s Real=0.01s
[2024-08-28T13:05:58.670+0000][info][gc,marking     ] GC(164) Concurrent Mark 25.303ms
[2024-08-28T13:05:58.670+0000][info][gc,marking     ] GC(164) Concurrent Rebuild Remembered Sets
[2024-08-28T13:05:58.691+0000][info][gc,start       ] GC(165) Pause Young (Normal) (G1 Evacuation Pause)
[2024-08-28T13:05:58.691+0000][info][gc,task        ] GC(165) Using 24 workers of 68 for evacuation
[2024-08-28T13:05:58.708+0000][info][gc,phases      ] GC(165)   Pre Evacuate Collection Set: 0.2ms
[2024-08-28T13:05:58.708+0000][info][gc,phases      ] GC(165)   Merge Heap Roots: 0.4ms
[2024-08-28T13:05:58.708+0000][info][gc,phases      ] GC(165)   Evacuate Collection Set: 16.0ms
[2024-08-28T13:05:58.708+0000][info][gc,phases      ] GC(165)   Post Evacuate Collection Set: 0.5ms
[2024-08-28T13:05:58.708+0000][info][gc,phases      ] GC(165)   Other: 0.2ms
[2024-08-28T13:05:58.708+0000][info][gc,heap        ] GC(165) Eden regions: 70->0(46)
[2024-08-28T13:05:58.708+0000][info][gc,heap        ] GC(165) Survivor regions: 16->11(11)
[2024-08-28T13:05:58.708+0000][info][gc,heap        ] GC(165) Old regions: 675->754
[2024-08-28T13:05:58.708+0000][info][gc,heap        ] GC(165) Archive regions: 2->2
[2024-08-28T13:05:58.708+0000][info][gc,heap        ] GC(165) Humongous regions: 5->5
[2024-08-28T13:05:58.708+0000][info][gc,metaspace   ] GC(165) Metaspace: 100K(320K)->100K(320K) NonClass: 96K(192K)->96K(192K) Class: 4K(128K)->4K(128K)
[2024-08-28T13:05:58.708+0000][info][gc             ] GC(165) Pause Young (Normal) (G1 Evacuation Pause) 755M->758M(1024M) 17.340ms
[2024-08-28T13:05:58.708+0000][info][gc,cpu         ] GC(165) User=0.40s Sys=0.00s Real=0.01s
[2024-08-28T13:05:58.736+0000][info][gc,start       ] GC(166) Pause Young (Normal) (G1 Evacuation Pause)
[2024-08-28T13:05:58.736+0000][info][gc,task        ] GC(166) Using 24 workers of 68 for evacuation
[2024-08-28T13:05:58.755+0000][info][gc,phases      ] GC(166)   Pre Evacuate Collection Set: 0.1ms
[2024-08-28T13:05:58.755+0000][info][gc,phases      ] GC(166)   Merge Heap Roots: 0.5ms
[2024-08-28T13:05:58.755+0000][info][gc,phases      ] GC(166)   Evacuate Collection Set: 18.1ms
[2024-08-28T13:05:58.755+0000][info][gc,phases      ] GC(166)   Post Evacuate Collection Set: 0.6ms
[2024-08-28T13:05:58.755+0000][info][gc,phases      ] GC(166)   Other: 0.2ms
[2024-08-28T13:05:58.755+0000][info][gc,heap        ] GC(166) Eden regions: 46->0(43)
[2024-08-28T13:05:58.755+0000][info][gc,heap        ] GC(166) Survivor regions: 11->8(8)
[2024-08-28T13:05:58.755+0000][info][gc,heap        ] GC(166) Old regions: 754->807
[2024-08-28T13:05:58.755+0000][info][gc,heap        ] GC(166) Archive regions: 2->2
[2024-08-28T13:05:58.755+0000][info][gc,heap        ] GC(166) Humongous regions: 5->5
[2024-08-28T13:05:58.755+0000][info][gc,metaspace   ] GC(166) Metaspace: 100K(320K)->100K(320K) NonClass: 96K(192K)->96K(192K) Class: 4K(128K)->4K(128K)
[2024-08-28T13:05:58.755+0000][info][gc             ] GC(166) Pause Young (Normal) (G1 Evacuation Pause) 804M->809M(1024M) 19.627ms
[2024-08-28T13:05:58.755+0000][info][gc,cpu         ] GC(166) User=0.45s Sys=0.00s Real=0.02s
[2024-08-28T13:05:58.759+0000][info][gc,marking     ] GC(164) Concurrent Rebuild Remembered Sets 88.475ms
[2024-08-28T13:05:58.759+0000][info][gc,start       ] GC(164) Pause Cleanup
[2024-08-28T13:05:58.760+0000][info][gc             ] GC(164) Pause Cleanup 815M->815M(1024M) 1.320ms
[2024-08-28T13:05:58.761+0000][info][gc,cpu         ] GC(164) User=0.00s Sys=0.00s Real=0.00s
[2024-08-28T13:05:58.761+0000][info][gc,marking     ] GC(164) Concurrent Cleanup for Next Mark
[2024-08-28T13:05:58.761+0000][info][gc,marking     ] GC(164) Concurrent Cleanup for Next Mark 0.699ms
[2024-08-28T13:05:58.761+0000][info][gc             ] GC(164) Concurrent Mark Cycle 120.083ms
[2024-08-28T13:05:58.782+0000][info][gc,start       ] GC(167) Pause Young (Prepare Mixed) (G1 Evacuation Pause)
[2024-08-28T13:05:58.782+0000][info][gc,task        ] GC(167) Using 24 workers of 68 for evacuation
[2024-08-28T13:05:58.800+0000][info][gc,phases      ] GC(167)   Pre Evacuate Collection Set: 0.1ms
[2024-08-28T13:05:58.800+0000][info][gc,phases      ] GC(167)   Merge Heap Roots: 0.5ms
[2024-08-28T13:05:58.800+0000][info][gc,phases      ] GC(167)   Evacuate Collection Set: 17.1ms
[2024-08-28T13:05:58.800+0000][info][gc,phases      ] GC(167)   Post Evacuate Collection Set: 0.3ms
[2024-08-28T13:05:58.800+0000][info][gc,phases      ] GC(167)   Other: 0.2ms
[2024-08-28T13:05:58.800+0000][info][gc,heap        ] GC(167) Eden regions: 43->0(44)
[2024-08-28T13:05:58.800+0000][info][gc,heap        ] GC(167) Survivor regions: 8->7(7)
[2024-08-28T13:05:58.800+0000][info][gc,heap        ] GC(167) Old regions: 807->855
[2024-08-28T13:05:58.800+0000][info][gc,heap        ] GC(167) Archive regions: 2->2
[2024-08-28T13:05:58.800+0000][info][gc,heap        ] GC(167) Humongous regions: 5->5
[2024-08-28T13:05:58.800+0000][info][gc,metaspace   ] GC(167) Metaspace: 100K(320K)->100K(320K) NonClass: 96K(192K)->96K(192K) Class: 4K(128K)->4K(128K)
[2024-08-28T13:05:58.800+0000][info][gc             ] GC(167) Pause Young (Prepare Mixed) (G1 Evacuation Pause) 852M->856M(1024M) 18.219ms
[2024-08-28T13:05:58.800+0000][info][gc,cpu         ] GC(167) User=0.42s Sys=0.00s Real=0.02s
[2024-08-28T13:05:58.825+0000][info][gc,start       ] GC(168) Pause Young (Mixed) (G1 Evacuation Pause)
[2024-08-28T13:05:58.825+0000][info][gc,task        ] GC(168) Using 24 workers of 68 for evacuation
[2024-08-28T13:05:58.837+0000][info][gc,phases      ] GC(168)   Pre Evacuate Collection Set: 0.2ms
[2024-08-28T13:05:58.837+0000][info][gc,phases      ] GC(168)   Merge Heap Roots: 0.4ms
[2024-08-28T13:05:58.837+0000][info][gc,phases      ] GC(168)   Evacuate Collection Set: 11.3ms
[2024-08-28T13:05:58.837+0000][info][gc,phases      ] GC(168)   Post Evacuate Collection Set: 0.4ms
[2024-08-28T13:05:58.837+0000][info][gc,phases      ] GC(168)   Other: 0.2ms
[2024-08-28T13:05:58.837+0000][info][gc,heap        ] GC(168) Eden regions: 44->0(44)
[2024-08-28T13:05:58.837+0000][info][gc,heap        ] GC(168) Survivor regions: 7->7(7)
[2024-08-28T13:05:58.837+0000][info][gc,heap        ] GC(168) Old regions: 855->799
[2024-08-28T13:05:58.837+0000][info][gc,heap        ] GC(168) Archive regions: 2->2
[2024-08-28T13:05:58.837+0000][info][gc,heap        ] GC(168) Humongous regions: 5->5
[2024-08-28T13:05:58.837+0000][info][gc,metaspace   ] GC(168) Metaspace: 100K(320K)->100K(320K) NonClass: 96K(192K)->96K(192K) Class: 4K(128K)->4K(128K)
[2024-08-28T13:05:58.837+0000][info][gc             ] GC(168) Pause Young (Mixed) (G1 Evacuation Pause) 900M->802M(1024M) 12.595ms
[2024-08-28T13:05:58.837+0000][info][gc,cpu         ] GC(168) User=0.28s Sys=0.00s Real=0.01s
[2024-08-28T13:05:58.862+0000][info][gc,start       ] GC(169) Pause Young (Mixed) (G1 Evacuation Pause)
[2024-08-28T13:05:58.862+0000][info][gc,task        ] GC(169) Using 24 workers of 68 for evacuation
[2024-08-28T13:05:58.874+0000][info][gc,phases      ] GC(169)   Pre Evacuate Collection Set: 0.2ms
[2024-08-28T13:05:58.874+0000][info][gc,phases      ] GC(169)   Merge Heap Roots: 0.3ms
[2024-08-28T13:05:58.874+0000][info][gc,phases      ] GC(169)   Evacuate Collection Set: 11.3ms
[2024-08-28T13:05:58.874+0000][info][gc,phases      ] GC(169)   Post Evacuate Collection Set: 0.4ms
[2024-08-28T13:05:58.874+0000][info][gc,phases      ] GC(169)   Other: 0.3ms
[2024-08-28T13:05:58.874+0000][info][gc,heap        ] GC(169) Eden regions: 44->0(47)
[2024-08-28T13:05:58.874+0000][info][gc,heap        ] GC(169) Survivor regions: 7->7(7)
[2024-08-28T13:05:58.874+0000][info][gc,heap        ] GC(169) Old regions: 799->755
[2024-08-28T13:05:58.875+0000][info][gc,heap        ] GC(169) Archive regions: 2->2
[2024-08-28T13:05:58.875+0000][info][gc,heap        ] GC(169) Humongous regions: 5->5
[2024-08-28T13:05:58.875+0000][info][gc,metaspace   ] GC(169) Metaspace: 100K(320K)->100K(320K) NonClass: 96K(192K)->96K(192K) Class: 4K(128K)->4K(128K)
[2024-08-28T13:05:58.875+0000][info][gc             ] GC(169) Pause Young (Mixed) (G1 Evacuation Pause) 846M->763M(1024M) 12.645ms
[2024-08-28T13:05:58.875+0000][info][gc,cpu         ] GC(169) User=0.28s Sys=0.00s Real=0.01s
[2024-08-28T13:05:58.899+0000][info][gc,start       ] GC(170) Pause Young (Concurrent Start) (G1 Evacuation Pause)
[2024-08-28T13:05:58.899+0000][info][gc,task        ] GC(170) Using 24 workers of 68 for evacuation
[2024-08-28T13:05:58.911+0000][info][gc,phases      ] GC(170)   Pre Evacuate Collection Set: 0.2ms
[2024-08-28T13:05:58.911+0000][info][gc,phases      ] GC(170)   Merge Heap Roots: 0.3ms
[2024-08-28T13:05:58.911+0000][info][gc,phases      ] GC(170)   Evacuate Collection Set: 10.3ms
[2024-08-28T13:05:58.911+0000][info][gc,phases      ] GC(170)   Post Evacuate Collection Set: 0.4ms
[2024-08-28T13:05:58.911+0000][info][gc,phases      ] GC(170)   Other: 0.7ms
[2024-08-28T13:05:58.911+0000][info][gc,heap        ] GC(170) Eden regions: 47->0(44)
[2024-08-28T13:05:58.911+0000][info][gc,heap        ] GC(170) Survivor regions: 7->7(7)
[2024-08-28T13:05:58.911+0000][info][gc,heap        ] GC(170) Old regions: 755->805
[2024-08-28T13:05:58.911+0000][info][gc,heap        ] GC(170) Archive regions: 2->2
[2024-08-28T13:05:58.911+0000][info][gc,heap        ] GC(170) Humongous regions: 5->5
[2024-08-28T13:05:58.911+0000][info][gc,metaspace   ] GC(170) Metaspace: 100K(320K)->100K(320K) NonClass: 96K(192K)->96K(192K) Class: 4K(128K)->4K(128K)
[2024-08-28T13:05:58.911+0000][info][gc             ] GC(170) Pause Young (Concurrent Start) (G1 Evacuation Pause) 810M->813M(1024M) 11.937ms
[2024-08-28T13:05:58.911+0000][info][gc,cpu         ] GC(170) User=0.25s Sys=0.00s Real=0.01s
[2024-08-28T13:05:58.911+0000][info][gc             ] GC(171) Concurrent Mark Cycle
[2024-08-28T13:05:58.911+0000][info][gc,marking     ] GC(171) Concurrent Clear Claimed Marks
[2024-08-28T13:05:58.911+0000][info][gc,marking     ] GC(171) Concurrent Clear Claimed Marks 0.012ms
[2024-08-28T13:05:58.911+0000][info][gc,marking     ] GC(171) Concurrent Scan Root Regions
[2024-08-28T13:05:58.913+0000][info][gc,marking     ] GC(171) Concurrent Scan Root Regions 1.939ms
[2024-08-28T13:05:58.913+0000][info][gc,marking     ] GC(171) Concurrent Mark
[2024-08-28T13:05:58.913+0000][info][gc,marking     ] GC(171) Concurrent Mark From Roots
[2024-08-28T13:05:58.913+0000][info][gc,task        ] GC(171) Using 17 workers of 17 for marking
[2024-08-28T13:05:58.938+0000][info][gc,marking     ] GC(171) Concurrent Mark From Roots 25.473ms
[2024-08-28T13:05:58.939+0000][info][gc,marking     ] GC(171) Concurrent Preclean
[2024-08-28T13:05:58.940+0000][info][gc,marking     ] GC(171) Concurrent Preclean 1.201ms
[2024-08-28T13:05:58.940+0000][info][gc,start       ] GC(171) Pause Remark
[2024-08-28T13:05:58.941+0000][info][gc             ] GC(171) Pause Remark 850M->850M(1024M) 1.365ms
[2024-08-28T13:05:58.942+0000][info][gc,cpu         ] GC(171) User=0.01s Sys=0.00s Real=0.00s
[2024-08-28T13:05:58.942+0000][info][gc,marking     ] GC(171) Concurrent Mark 28.562ms
[2024-08-28T13:05:58.942+0000][info][gc,marking     ] GC(171) Concurrent Rebuild Remembered Sets
[2024-08-28T13:05:58.947+0000][info][gc,start       ] GC(172) Pause Young (Normal) (G1 Evacuation Pause)
[2024-08-28T13:05:58.947+0000][info][gc,task        ] GC(172) Using 24 workers of 68 for evacuation
[2024-08-28T13:05:58.958+0000][info][gc,phases      ] GC(172)   Pre Evacuate Collection Set: 0.1ms
[2024-08-28T13:05:58.958+0000][info][gc,phases      ] GC(172)   Merge Heap Roots: 0.4ms
[2024-08-28T13:05:58.958+0000][info][gc,phases      ] GC(172)   Evacuate Collection Set: 9.7ms
[2024-08-28T13:05:58.958+0000][info][gc,phases      ] GC(172)   Post Evacuate Collection Set: 0.4ms
[2024-08-28T13:05:58.958+0000][info][gc,phases      ] GC(172)   Other: 0.2ms
[2024-08-28T13:05:58.958+0000][info][gc,heap        ] GC(172) Eden regions: 44->0(44)
[2024-08-28T13:05:58.958+0000][info][gc,heap        ] GC(172) Survivor regions: 7->7(7)
[2024-08-28T13:05:58.958+0000][info][gc,heap        ] GC(172) Old regions: 805->852
[2024-08-28T13:05:58.958+0000][info][gc,heap        ] GC(172) Archive regions: 2->2
[2024-08-28T13:05:58.958+0000][info][gc,heap        ] GC(172) Humongous regions: 5->5
[2024-08-28T13:05:58.958+0000][info][gc,metaspace   ] GC(172) Metaspace: 100K(320K)->100K(320K) NonClass: 96K(192K)->96K(192K) Class: 4K(128K)->4K(128K)
[2024-08-28T13:05:58.958+0000][info][gc             ] GC(172) Pause Young (Normal) (G1 Evacuation Pause) 857M->860M(1024M) 10.947ms
[2024-08-28T13:05:58.958+0000][info][gc,cpu         ] GC(172) User=0.24s Sys=0.01s Real=0.02s
[2024-08-28T13:05:58.987+0000][info][gc,start       ] GC(173) Pause Young (Normal) (G1 Evacuation Pause)
[2024-08-28T13:05:58.987+0000][info][gc,task        ] GC(173) Using 24 workers of 68 for evacuation
[2024-08-28T13:05:59.002+0000][info][gc,phases      ] GC(173)   Pre Evacuate Collection Set: 0.1ms
[2024-08-28T13:05:59.002+0000][info][gc,phases      ] GC(173)   Merge Heap Roots: 0.4ms
[2024-08-28T13:05:59.002+0000][info][gc,phases      ] GC(173)   Evacuate Collection Set: 14.3ms
[2024-08-28T13:05:59.002+0000][info][gc,phases      ] GC(173)   Post Evacuate Collection Set: 0.6ms
[2024-08-28T13:05:59.002+0000][info][gc,phases      ] GC(173)   Other: 0.2ms
[2024-08-28T13:05:59.002+0000][info][gc,heap        ] GC(173) Eden regions: 44->0(44)
[2024-08-28T13:05:59.002+0000][info][gc,heap        ] GC(173) Survivor regions: 7->7(7)
[2024-08-28T13:05:59.002+0000][info][gc,heap        ] GC(173) Old regions: 852->898
[2024-08-28T13:05:59.002+0000][info][gc,heap        ] GC(173) Archive regions: 2->2
[2024-08-28T13:05:59.002+0000][info][gc,heap        ] GC(173) Humongous regions: 5->5
[2024-08-28T13:05:59.002+0000][info][gc,metaspace   ] GC(173) Metaspace: 100K(320K)->100K(320K) NonClass: 96K(192K)->96K(192K) Class: 4K(128K)->4K(128K)
[2024-08-28T13:05:59.002+0000][info][gc             ] GC(173) Pause Young (Normal) (G1 Evacuation Pause) 904M->906M(1024M) 15.578ms
[2024-08-28T13:05:59.002+0000][info][gc,cpu         ] GC(173) User=0.35s Sys=0.01s Real=0.02s
[2024-08-28T13:05:59.022+0000][info][gc,marking     ] GC(171) Concurrent Rebuild Remembered Sets 80.486ms
[2024-08-28T13:05:59.022+0000][info][gc,start       ] GC(171) Pause Cleanup
[2024-08-28T13:05:59.024+0000][info][gc             ] GC(171) Pause Cleanup 938M->938M(1024M) 1.547ms
[2024-08-28T13:05:59.024+0000][info][gc,cpu         ] GC(171) User=0.00s Sys=0.00s Real=0.00s
[2024-08-28T13:05:59.024+0000][info][gc,marking     ] GC(171) Concurrent Cleanup for Next Mark
[2024-08-28T13:05:59.025+0000][info][gc,marking     ] GC(171) Concurrent Cleanup for Next Mark 0.865ms
[2024-08-28T13:05:59.025+0000][info][gc             ] GC(171) Concurrent Mark Cycle 113.938ms
[2024-08-28T13:05:59.033+0000][info][gc,start       ] GC(174) Pause Young (Prepare Mixed) (G1 Evacuation Pause)
[2024-08-28T13:05:59.033+0000][info][gc,task        ] GC(174) Using 24 workers of 68 for evacuation
[2024-08-28T13:05:59.050+0000][info][gc,phases      ] GC(174)   Pre Evacuate Collection Set: 0.2ms
[2024-08-28T13:05:59.050+0000][info][gc,phases      ] GC(174)   Merge Heap Roots: 0.6ms
[2024-08-28T13:05:59.050+0000][info][gc,phases      ] GC(174)   Evacuate Collection Set: 15.8ms
[2024-08-28T13:05:59.050+0000][info][gc,phases      ] GC(174)   Post Evacuate Collection Set: 0.3ms
[2024-08-28T13:05:59.050+0000][info][gc,phases      ] GC(174)   Other: 0.2ms
[2024-08-28T13:05:59.050+0000][info][gc,heap        ] GC(174) Eden regions: 44->0(44)
[2024-08-28T13:05:59.050+0000][info][gc,heap        ] GC(174) Survivor regions: 7->7(7)
[2024-08-28T13:05:59.050+0000][info][gc,heap        ] GC(174) Old regions: 898->945
[2024-08-28T13:05:59.050+0000][info][gc,heap        ] GC(174) Archive regions: 2->2
[2024-08-28T13:05:59.050+0000][info][gc,heap        ] GC(174) Humongous regions: 5->5
[2024-08-28T13:05:59.050+0000][info][gc,metaspace   ] GC(174) Metaspace: 100K(320K)->100K(320K) NonClass: 96K(192K)->96K(192K) Class: 4K(128K)->4K(128K)
[2024-08-28T13:05:59.050+0000][info][gc             ] GC(174) Pause Young (Prepare Mixed) (G1 Evacuation Pause) 950M->953M(1024M) 17.131ms
[2024-08-28T13:05:59.050+0000][info][gc,cpu         ] GC(174) User=0.38s Sys=0.01s Real=0.02s
[2024-08-28T13:05:59.066+0000][info][gc,start       ] GC(175) Pause Young (Mixed) (G1 Preventive Collection)
[2024-08-28T13:05:59.066+0000][info][gc,task        ] GC(175) Using 24 workers of 68 for evacuation
[2024-08-28T13:05:59.081+0000][info][gc,phases      ] GC(175)   Pre Evacuate Collection Set: 0.2ms
[2024-08-28T13:05:59.081+0000][info][gc,phases      ] GC(175)   Merge Heap Roots: 0.4ms
[2024-08-28T13:05:59.081+0000][info][gc,phases      ] GC(175)   Evacuate Collection Set: 14.2ms
[2024-08-28T13:05:59.081+0000][info][gc,phases      ] GC(175)   Post Evacuate Collection Set: 0.4ms
[2024-08-28T13:05:59.081+0000][info][gc,phases      ] GC(175)   Other: 0.2ms
[2024-08-28T13:05:59.082+0000][info][gc,heap        ] GC(175) Eden regions: 27->0(44)
[2024-08-28T13:05:59.082+0000][info][gc,heap        ] GC(175) Survivor regions: 7->7(7)
[2024-08-28T13:05:59.082+0000][info][gc,heap        ] GC(175) Old regions: 945->872
[2024-08-28T13:05:59.082+0000][info][gc,heap        ] GC(175) Archive regions: 2->2
[2024-08-28T13:05:59.082+0000][info][gc,heap        ] GC(175) Humongous regions: 5->5
[2024-08-28T13:05:59.082+0000][info][gc,metaspace   ] GC(175) Metaspace: 100K(320K)->100K(320K) NonClass: 96K(192K)->96K(192K) Class: 4K(128K)->4K(128K)
[2024-08-28T13:05:59.082+0000][info][gc             ] GC(175) Pause Young (Mixed) (G1 Preventive Collection) 980M->883M(1024M) 15.376ms
[2024-08-28T13:05:59.082+0000][info][gc,cpu         ] GC(175) User=0.21s Sys=0.01s Real=0.02s
[2024-08-28T13:05:59.112+0000][info][gc,start       ] GC(176) Pause Young (Mixed) (G1 Evacuation Pause)
[2024-08-28T13:05:59.112+0000][info][gc,task        ] GC(176) Using 24 workers of 68 for evacuation
[2024-08-28T13:05:59.125+0000][info][gc,phases      ] GC(176)   Pre Evacuate Collection Set: 0.2ms
[2024-08-28T13:05:59.125+0000][info][gc,phases      ] GC(176)   Merge Heap Roots: 0.4ms
[2024-08-28T13:05:59.125+0000][info][gc,phases      ] GC(176)   Evacuate Collection Set: 11.9ms
[2024-08-28T13:05:59.125+0000][info][gc,phases      ] GC(176)   Post Evacuate Collection Set: 0.4ms
[2024-08-28T13:05:59.125+0000][info][gc,phases      ] GC(176)   Other: 0.3ms
[2024-08-28T13:05:59.125+0000][info][gc,heap        ] GC(176) Eden regions: 44->0(44)
[2024-08-28T13:05:59.125+0000][info][gc,heap        ] GC(176) Survivor regions: 7->7(7)
[2024-08-28T13:05:59.125+0000][info][gc,heap        ] GC(176) Old regions: 872->815
[2024-08-28T13:05:59.125+0000][info][gc,heap        ] GC(176) Archive regions: 2->2
[2024-08-28T13:05:59.125+0000][info][gc,heap        ] GC(176) Humongous regions: 5->5
[2024-08-28T13:05:59.125+0000][info][gc,metaspace   ] GC(176) Metaspace: 100K(320K)->100K(320K) NonClass: 96K(192K)->96K(192K) Class: 4K(128K)->4K(128K)
[2024-08-28T13:05:59.125+0000][info][gc             ] GC(176) Pause Young (Mixed) (G1 Evacuation Pause) 927M->826M(1024M) 13.219ms
[2024-08-28T13:05:59.125+0000][info][gc,cpu         ] GC(176) User=0.25s Sys=0.04s Real=0.01s
[2024-08-28T13:05:59.154+0000][info][gc,start       ] GC(177) Pause Young (Mixed) (G1 Evacuation Pause)
[2024-08-28T13:05:59.154+0000][info][gc,task        ] GC(177) Using 24 workers of 68 for evacuation
[2024-08-28T13:05:59.168+0000][info][gc,phases      ] GC(177)   Pre Evacuate Collection Set: 0.2ms
[2024-08-28T13:05:59.168+0000][info][gc,phases      ] GC(177)   Merge Heap Roots: 0.5ms
[2024-08-28T13:05:59.168+0000][info][gc,phases      ] GC(177)   Evacuate Collection Set: 13.2ms
[2024-08-28T13:05:59.168+0000][info][gc,phases      ] GC(177)   Post Evacuate Collection Set: 0.4ms
[2024-08-28T13:05:59.168+0000][info][gc,phases      ] GC(177)   Other: 0.3ms
[2024-08-28T13:05:59.168+0000][info][gc,heap        ] GC(177) Eden regions: 44->0(44)
[2024-08-28T13:05:59.168+0000][info][gc,heap        ] GC(177) Survivor regions: 7->7(7)
[2024-08-28T13:05:59.168+0000][info][gc,heap        ] GC(177) Old regions: 815->775
[2024-08-28T13:05:59.168+0000][info][gc,heap        ] GC(177) Archive regions: 2->2
[2024-08-28T13:05:59.168+0000][info][gc,heap        ] GC(177) Humongous regions: 5->5
[2024-08-28T13:05:59.168+0000][info][gc,metaspace   ] GC(177) Metaspace: 100K(320K)->100K(320K) NonClass: 96K(192K)->96K(192K) Class: 4K(128K)->4K(128K)
[2024-08-28T13:05:59.168+0000][info][gc             ] GC(177) Pause Young (Mixed) (G1 Evacuation Pause) 870M->787M(1024M) 14.649ms
[2024-08-28T13:05:59.168+0000][info][gc,cpu         ] GC(177) User=0.33s Sys=0.01s Real=0.01s
[2024-08-28T13:05:59.194+0000][info][gc,start       ] GC(178) Pause Young (Mixed) (G1 Evacuation Pause)
[2024-08-28T13:05:59.194+0000][info][gc,task        ] GC(178) Using 24 workers of 68 for evacuation
[2024-08-28T13:05:59.208+0000][info][gc,phases      ] GC(178)   Pre Evacuate Collection Set: 0.2ms
[2024-08-28T13:05:59.208+0000][info][gc,phases      ] GC(178)   Merge Heap Roots: 0.4ms
[2024-08-28T13:05:59.208+0000][info][gc,phases      ] GC(178)   Evacuate Collection Set: 12.9ms
[2024-08-28T13:05:59.208+0000][info][gc,phases      ] GC(178)   Post Evacuate Collection Set: 0.3ms
[2024-08-28T13:05:59.208+0000][info][gc,phases      ] GC(178)   Other: 0.2ms
[2024-08-28T13:05:59.208+0000][info][gc,heap        ] GC(178) Eden regions: 44->0(44)
[2024-08-28T13:05:59.208+0000][info][gc,heap        ] GC(178) Survivor regions: 7->7(7)
[2024-08-28T13:05:59.208+0000][info][gc,heap        ] GC(178) Old regions: 775->797
[2024-08-28T13:05:59.208+0000][info][gc,heap        ] GC(178) Archive regions: 2->2
[2024-08-28T13:05:59.208+0000][info][gc,heap        ] GC(178) Humongous regions: 5->5
[2024-08-28T13:05:59.208+0000][info][gc,metaspace   ] GC(178) Metaspace: 100K(320K)->100K(320K) NonClass: 96K(192K)->96K(192K) Class: 4K(128K)->4K(128K)
[2024-08-28T13:05:59.208+0000][info][gc             ] GC(178) Pause Young (Mixed) (G1 Evacuation Pause) 831M->809M(1024M) 14.121ms
[2024-08-28T13:05:59.208+0000][info][gc,cpu         ] GC(178) User=0.32s Sys=0.00s Real=0.01s
[2024-08-28T13:05:59.235+0000][info][gc,start       ] GC(179) Pause Young (Concurrent Start) (G1 Evacuation Pause)
[2024-08-28T13:05:59.235+0000][info][gc,task        ] GC(179) Using 24 workers of 68 for evacuation
[2024-08-28T13:05:59.247+0000][info][gc,phases      ] GC(179)   Pre Evacuate Collection Set: 0.2ms
[2024-08-28T13:05:59.247+0000][info][gc,phases      ] GC(179)   Merge Heap Roots: 0.4ms
[2024-08-28T13:05:59.247+0000][info][gc,phases      ] GC(179)   Evacuate Collection Set: 10.6ms
[2024-08-28T13:05:59.247+0000][info][gc,phases      ] GC(179)   Post Evacuate Collection Set: 0.3ms
[2024-08-28T13:05:59.247+0000][info][gc,phases      ] GC(179)   Other: 0.6ms
[2024-08-28T13:05:59.247+0000][info][gc,heap        ] GC(179) Eden regions: 44->0(44)
[2024-08-28T13:05:59.247+0000][info][gc,heap        ] GC(179) Survivor regions: 7->7(7)
[2024-08-28T13:05:59.247+0000][info][gc,heap        ] GC(179) Old regions: 797->845
[2024-08-28T13:05:59.247+0000][info][gc,heap        ] GC(179) Archive regions: 2->2
[2024-08-28T13:05:59.247+0000][info][gc,heap        ] GC(179) Humongous regions: 5->5
[2024-08-28T13:05:59.247+0000][info][gc,metaspace   ] GC(179) Metaspace: 100K(320K)->100K(320K) NonClass: 96K(192K)->96K(192K) Class: 4K(128K)->4K(128K)
[2024-08-28T13:05:59.247+0000][info][gc             ] GC(179) Pause Young (Concurrent Start) (G1 Evacuation Pause) 853M->857M(1024M) 12.077ms
[2024-08-28T13:05:59.247+0000][info][gc,cpu         ] GC(179) User=0.26s Sys=0.00s Real=0.01s
[2024-08-28T13:05:59.247+0000][info][gc             ] GC(180) Concurrent Mark Cycle
[2024-08-28T13:05:59.247+0000][info][gc,marking     ] GC(180) Concurrent Clear Claimed Marks
[2024-08-28T13:05:59.247+0000][info][gc,marking     ] GC(180) Concurrent Clear Claimed Marks 0.010ms
[2024-08-28T13:05:59.247+0000][info][gc,marking     ] GC(180) Concurrent Scan Root Regions
[2024-08-28T13:05:59.249+0000][info][gc,marking     ] GC(180) Concurrent Scan Root Regions 1.783ms
[2024-08-28T13:05:59.249+0000][info][gc,marking     ] GC(180) Concurrent Mark
[2024-08-28T13:05:59.249+0000][info][gc,marking     ] GC(180) Concurrent Mark From Roots
[2024-08-28T13:05:59.249+0000][info][gc,task        ] GC(180) Using 17 workers of 17 for marking
[2024-08-28T13:05:59.278+0000][info][gc,marking     ] GC(180) Concurrent Mark From Roots 29.369ms
[2024-08-28T13:05:59.278+0000][info][gc,marking     ] GC(180) Concurrent Preclean
[2024-08-28T13:05:59.279+0000][info][gc,marking     ] GC(180) Concurrent Preclean 0.502ms
[2024-08-28T13:05:59.279+0000][info][gc,start       ] GC(180) Pause Remark
[2024-08-28T13:05:59.280+0000][info][gc             ] GC(180) Pause Remark 896M->896M(1024M) 1.391ms
[2024-08-28T13:05:59.280+0000][info][gc,cpu         ] GC(180) User=0.00s Sys=0.00s Real=0.00s
[2024-08-28T13:05:59.280+0000][info][gc,marking     ] GC(180) Concurrent Mark 31.706ms
[2024-08-28T13:05:59.280+0000][info][gc,marking     ] GC(180) Concurrent Rebuild Remembered Sets
[2024-08-28T13:05:59.285+0000][info][gc,start       ] GC(181) Pause Young (Normal) (G1 Evacuation Pause)
[2024-08-28T13:05:59.285+0000][info][gc,task        ] GC(181) Using 24 workers of 68 for evacuation
[2024-08-28T13:05:59.296+0000][info][gc,phases      ] GC(181)   Pre Evacuate Collection Set: 0.2ms
[2024-08-28T13:05:59.296+0000][info][gc,phases      ] GC(181)   Merge Heap Roots: 0.3ms
[2024-08-28T13:05:59.296+0000][info][gc,phases      ] GC(181)   Evacuate Collection Set: 10.4ms
[2024-08-28T13:05:59.296+0000][info][gc,phases      ] GC(181)   Post Evacuate Collection Set: 0.4ms
[2024-08-28T13:05:59.296+0000][info][gc,phases      ] GC(181)   Other: 0.2ms
[2024-08-28T13:05:59.296+0000][info][gc,heap        ] GC(181) Eden regions: 44->0(44)
[2024-08-28T13:05:59.296+0000][info][gc,heap        ] GC(181) Survivor regions: 7->7(7)
[2024-08-28T13:05:59.296+0000][info][gc,heap        ] GC(181) Old regions: 845->891
[2024-08-28T13:05:59.296+0000][info][gc,heap        ] GC(181) Archive regions: 2->2
[2024-08-28T13:05:59.296+0000][info][gc,heap        ] GC(181) Humongous regions: 5->5
[2024-08-28T13:05:59.296+0000][info][gc,metaspace   ] GC(181) Metaspace: 100K(320K)->100K(320K) NonClass: 96K(192K)->96K(192K) Class: 4K(128K)->4K(128K)
[2024-08-28T13:05:59.296+0000][info][gc             ] GC(181) Pause Young (Normal) (G1 Evacuation Pause) 901M->903M(1024M) 11.558ms
[2024-08-28T13:05:59.296+0000][info][gc,cpu         ] GC(181) User=0.26s Sys=0.00s Real=0.01s
[2024-08-28T13:05:59.325+0000][info][gc,start       ] GC(182) Pause Young (Normal) (G1 Evacuation Pause)
[2024-08-28T13:05:59.326+0000][info][gc,task        ] GC(182) Using 24 workers of 68 for evacuation
[2024-08-28T13:05:59.345+0000][info][gc,phases      ] GC(182)   Pre Evacuate Collection Set: 0.2ms
[2024-08-28T13:05:59.345+0000][info][gc,phases      ] GC(182)   Merge Heap Roots: 0.5ms
[2024-08-28T13:05:59.345+0000][info][gc,phases      ] GC(182)   Evacuate Collection Set: 17.8ms
[2024-08-28T13:05:59.345+0000][info][gc,phases      ] GC(182)   Post Evacuate Collection Set: 0.5ms
[2024-08-28T13:05:59.345+0000][info][gc,phases      ] GC(182)   Other: 0.2ms
[2024-08-28T13:05:59.345+0000][info][gc,heap        ] GC(182) Eden regions: 44->0(44)
[2024-08-28T13:05:59.345+0000][info][gc,heap        ] GC(182) Survivor regions: 7->7(7)
[2024-08-28T13:05:59.345+0000][info][gc,heap        ] GC(182) Old regions: 891->938
[2024-08-28T13:05:59.345+0000][info][gc,heap        ] GC(182) Archive regions: 2->2
[2024-08-28T13:05:59.345+0000][info][gc,heap        ] GC(182) Humongous regions: 5->5
[2024-08-28T13:05:59.345+0000][info][gc,metaspace   ] GC(182) Metaspace: 100K(320K)->100K(320K) NonClass: 96K(192K)->96K(192K) Class: 4K(128K)->4K(128K)
[2024-08-28T13:05:59.345+0000][info][gc             ] GC(182) Pause Young (Normal) (G1 Evacuation Pause) 947M->950M(1024M) 19.260ms
[2024-08-28T13:05:59.345+0000][info][gc,cpu         ] GC(182) User=0.35s Sys=0.01s Real=0.02s
[2024-08-28T13:05:59.369+0000][info][gc,marking     ] GC(180) Concurrent Rebuild Remembered Sets 88.594ms
[2024-08-28T13:05:59.369+0000][info][gc,start       ] GC(183) Pause Young (Normal) (G1 Preventive Collection)
[2024-08-28T13:05:59.369+0000][info][gc,task        ] GC(183) Using 24 workers of 68 for evacuation
[2024-08-28T13:05:59.385+0000][info][gc,phases      ] GC(183)   Pre Evacuate Collection Set: 0.1ms
[2024-08-28T13:05:59.385+0000][info][gc,phases      ] GC(183)   Merge Heap Roots: 0.4ms
[2024-08-28T13:05:59.385+0000][info][gc,phases      ] GC(183)   Evacuate Collection Set: 14.8ms
[2024-08-28T13:05:59.385+0000][info][gc,phases      ] GC(183)   Post Evacuate Collection Set: 0.6ms
[2024-08-28T13:05:59.385+0000][info][gc,phases      ] GC(183)   Other: 0.2ms
[2024-08-28T13:05:59.385+0000][info][gc,heap        ] GC(183) Eden regions: 31->0(44)
[2024-08-28T13:05:59.385+0000][info][gc,heap        ] GC(183) Survivor regions: 7->7(7)
[2024-08-28T13:05:59.385+0000][info][gc,heap        ] GC(183) Old regions: 938->972
[2024-08-28T13:05:59.385+0000][info][gc,heap        ] GC(183) Archive regions: 2->2
[2024-08-28T13:05:59.385+0000][info][gc,heap        ] GC(183) Humongous regions: 5->5
[2024-08-28T13:05:59.385+0000][info][gc,metaspace   ] GC(183) Metaspace: 100K(320K)->100K(320K) NonClass: 96K(192K)->96K(192K) Class: 4K(128K)->4K(128K)
[2024-08-28T13:05:59.385+0000][info][gc             ] GC(183) Pause Young (Normal) (G1 Preventive Collection) 981M->984M(1024M) 16.182ms
[2024-08-28T13:05:59.385+0000][info][gc,cpu         ] GC(183) User=0.35s Sys=0.02s Real=0.02s
[2024-08-28T13:05:59.386+0000][info][gc,start       ] GC(180) Pause Cleanup
[2024-08-28T13:05:59.387+0000][info][gc             ] GC(180) Pause Cleanup 985M->985M(1024M) 1.674ms
[2024-08-28T13:05:59.387+0000][info][gc,cpu         ] GC(180) User=0.00s Sys=0.00s Real=0.00s
[2024-08-28T13:05:59.387+0000][info][gc,marking     ] GC(180) Concurrent Cleanup for Next Mark
[2024-08-28T13:05:59.388+0000][info][gc,marking     ] GC(180) Concurrent Cleanup for Next Mark 0.951ms
[2024-08-28T13:05:59.388+0000][info][gc             ] GC(180) Concurrent Mark Cycle 141.525ms
[2024-08-28T13:05:59.397+0000][info][gc,start       ] GC(184) Pause Young (Prepare Mixed) (G1 Preventive Collection)
[2024-08-28T13:05:59.397+0000][info][gc,task        ] GC(184) Using 24 workers of 68 for evacuation
[2024-08-28T13:05:59.410+0000][info][gc,phases      ] GC(184)   Pre Evacuate Collection Set: 0.1ms
[2024-08-28T13:05:59.410+0000][info][gc,phases      ] GC(184)   Merge Heap Roots: 0.6ms
[2024-08-28T13:05:59.410+0000][info][gc,phases      ] GC(184)   Evacuate Collection Set: 11.8ms
[2024-08-28T13:05:59.410+0000][info][gc,phases      ] GC(184)   Post Evacuate Collection Set: 0.3ms
[2024-08-28T13:05:59.410+0000][info][gc,phases      ] GC(184)   Other: 0.2ms
[2024-08-28T13:05:59.410+0000][info][gc,heap        ] GC(184) Eden regions: 14->0(44)
[2024-08-28T13:05:59.410+0000][info][gc,heap        ] GC(184) Survivor regions: 7->7(7)
[2024-08-28T13:05:59.410+0000][info][gc,heap        ] GC(184) Old regions: 972->988
[2024-08-28T13:05:59.410+0000][info][gc,heap        ] GC(184) Archive regions: 2->2
[2024-08-28T13:05:59.410+0000][info][gc,heap        ] GC(184) Humongous regions: 5->5
[2024-08-28T13:05:59.410+0000][info][gc,metaspace   ] GC(184) Metaspace: 100K(320K)->100K(320K) NonClass: 96K(192K)->96K(192K) Class: 4K(128K)->4K(128K)
[2024-08-28T13:05:59.410+0000][info][gc             ] GC(184) Pause Young (Prepare Mixed) (G1 Preventive Collection) 998M->1000M(1024M) 13.047ms
[2024-08-28T13:05:59.410+0000][info][gc,cpu         ] GC(184) User=0.30s Sys=0.00s Real=0.02s
[2024-08-28T13:05:59.414+0000][info][gc,start       ] GC(185) Pause Young (Mixed) (G1 Preventive Collection)
[2024-08-28T13:05:59.414+0000][info][gc,task        ] GC(185) Using 24 workers of 68 for evacuation
[2024-08-28T13:05:59.419+0000][info][gc,phases      ] GC(185)   Pre Evacuate Collection Set: 0.1ms
[2024-08-28T13:05:59.419+0000][info][gc,phases      ] GC(185)   Merge Heap Roots: 0.3ms
[2024-08-28T13:05:59.419+0000][info][gc,phases      ] GC(185)   Evacuate Collection Set: 3.9ms
[2024-08-28T13:05:59.419+0000][info][gc,phases      ] GC(185)   Post Evacuate Collection Set: 0.3ms
[2024-08-28T13:05:59.419+0000][info][gc,phases      ] GC(185)   Other: 0.1ms
[2024-08-28T13:05:59.419+0000][info][gc,heap        ] GC(185) Eden regions: 6->0(44)
[2024-08-28T13:05:59.419+0000][info][gc,heap        ] GC(185) Survivor regions: 7->7(7)
[2024-08-28T13:05:59.419+0000][info][gc,heap        ] GC(185) Old regions: 988->894
[2024-08-28T13:05:59.419+0000][info][gc,heap        ] GC(185) Archive regions: 2->2
[2024-08-28T13:05:59.419+0000][info][gc,heap        ] GC(185) Humongous regions: 5->5
[2024-08-28T13:05:59.419+0000][info][gc,metaspace   ] GC(185) Metaspace: 100K(320K)->100K(320K) NonClass: 96K(192K)->96K(192K) Class: 4K(128K)->4K(128K)
[2024-08-28T13:05:59.419+0000][info][gc             ] GC(185) Pause Young (Mixed) (G1 Preventive Collection) 1006M->906M(1024M) 4.895ms
[2024-08-28T13:05:59.419+0000][info][gc,cpu         ] GC(185) User=0.10s Sys=0.00s Real=0.01s
[2024-08-28T13:05:59.444+0000][info][gc,start       ] GC(186) Pause Young (Mixed) (G1 Evacuation Pause)
[2024-08-28T13:05:59.444+0000][info][gc,task        ] GC(186) Using 24 workers of 68 for evacuation
[2024-08-28T13:05:59.456+0000][info][gc,phases      ] GC(186)   Pre Evacuate Collection Set: 0.2ms
[2024-08-28T13:05:59.456+0000][info][gc,phases      ] GC(186)   Merge Heap Roots: 0.4ms
[2024-08-28T13:05:59.456+0000][info][gc,phases      ] GC(186)   Evacuate Collection Set: 10.5ms
[2024-08-28T13:05:59.456+0000][info][gc,phases      ] GC(186)   Post Evacuate Collection Set: 0.4ms
[2024-08-28T13:05:59.456+0000][info][gc,phases      ] GC(186)   Other: 0.2ms
[2024-08-28T13:05:59.456+0000][info][gc,heap        ] GC(186) Eden regions: 44->0(44)
[2024-08-28T13:05:59.456+0000][info][gc,heap        ] GC(186) Survivor regions: 7->7(7)
[2024-08-28T13:05:59.456+0000][info][gc,heap        ] GC(186) Old regions: 894->834
[2024-08-28T13:05:59.456+0000][info][gc,heap        ] GC(186) Archive regions: 2->2
[2024-08-28T13:05:59.456+0000][info][gc,heap        ] GC(186) Humongous regions: 5->5
[2024-08-28T13:05:59.456+0000][info][gc,metaspace   ] GC(186) Metaspace: 100K(320K)->100K(320K) NonClass: 96K(192K)->96K(192K) Class: 4K(128K)->4K(128K)
[2024-08-28T13:05:59.456+0000][info][gc             ] GC(186) Pause Young (Mixed) (G1 Evacuation Pause) 950M->846M(1024M) 11.891ms
[2024-08-28T13:05:59.456+0000][info][gc,cpu         ] GC(186) User=0.26s Sys=0.02s Real=0.01s
[2024-08-28T13:05:59.481+0000][info][gc,start       ] GC(187) Pause Young (Mixed) (G1 Evacuation Pause)
[2024-08-28T13:05:59.481+0000][info][gc,task        ] GC(187) Using 24 workers of 68 for evacuation
[2024-08-28T13:05:59.493+0000][info][gc,phases      ] GC(187)   Pre Evacuate Collection Set: 0.2ms
[2024-08-28T13:05:59.493+0000][info][gc,phases      ] GC(187)   Merge Heap Roots: 0.5ms
[2024-08-28T13:05:59.493+0000][info][gc,phases      ] GC(187)   Evacuate Collection Set: 10.6ms
[2024-08-28T13:05:59.493+0000][info][gc,phases      ] GC(187)   Post Evacuate Collection Set: 0.4ms
[2024-08-28T13:05:59.493+0000][info][gc,phases      ] GC(187)   Other: 0.2ms
[2024-08-28T13:05:59.493+0000][info][gc,heap        ] GC(187) Eden regions: 44->0(44)
[2024-08-28T13:05:59.493+0000][info][gc,heap        ] GC(187) Survivor regions: 7->7(7)
[2024-08-28T13:05:59.493+0000][info][gc,heap        ] GC(187) Old regions: 834->777
[2024-08-28T13:05:59.493+0000][info][gc,heap        ] GC(187) Archive regions: 2->2
[2024-08-28T13:05:59.493+0000][info][gc,heap        ] GC(187) Humongous regions: 5->5
[2024-08-28T13:05:59.493+0000][info][gc,metaspace   ] GC(187) Metaspace: 100K(320K)->100K(320K) NonClass: 96K(192K)->96K(192K) Class: 4K(128K)->4K(128K)
[2024-08-28T13:05:59.493+0000][info][gc             ] GC(187) Pause Young (Mixed) (G1 Evacuation Pause) 890M->789M(1024M) 11.945ms
[2024-08-28T13:05:59.493+0000][info][gc,cpu         ] GC(187) User=0.26s Sys=0.00s Real=0.01s
[2024-08-28T13:05:59.518+0000][info][gc,start       ] GC(188) Pause Young (Mixed) (G1 Evacuation Pause)
[2024-08-28T13:05:59.518+0000][info][gc,task        ] GC(188) Using 24 workers of 68 for evacuation
[2024-08-28T13:05:59.532+0000][info][gc,phases      ] GC(188)   Pre Evacuate Collection Set: 0.2ms
[2024-08-28T13:05:59.532+0000][info][gc,phases      ] GC(188)   Merge Heap Roots: 0.4ms
[2024-08-28T13:05:59.532+0000][info][gc,phases      ] GC(188)   Evacuate Collection Set: 12.7ms
[2024-08-28T13:05:59.532+0000][info][gc,phases      ] GC(188)   Post Evacuate Collection Set: 0.3ms
[2024-08-28T13:05:59.532+0000][info][gc,phases      ] GC(188)   Other: 0.2ms
[2024-08-28T13:05:59.532+0000][info][gc,heap        ] GC(188) Eden regions: 44->0(44)
[2024-08-28T13:05:59.532+0000][info][gc,heap        ] GC(188) Survivor regions: 7->7(7)
[2024-08-28T13:05:59.532+0000][info][gc,heap        ] GC(188) Old regions: 777->780
[2024-08-28T13:05:59.532+0000][info][gc,heap        ] GC(188) Archive regions: 2->2
[2024-08-28T13:05:59.532+0000][info][gc,heap        ] GC(188) Humongous regions: 5->5
[2024-08-28T13:05:59.532+0000][info][gc,metaspace   ] GC(188) Metaspace: 100K(320K)->100K(320K) NonClass: 96K(192K)->96K(192K) Class: 4K(128K)->4K(128K)
[2024-08-28T13:05:59.532+0000][info][gc             ] GC(188) Pause Young (Mixed) (G1 Evacuation Pause) 833M->792M(1024M) 13.849ms
[2024-08-28T13:05:59.532+0000][info][gc,cpu         ] GC(188) User=0.31s Sys=0.00s Real=0.01s
[2024-08-28T13:05:59.558+0000][info][gc,start       ] GC(189) Pause Young (Concurrent Start) (G1 Evacuation Pause)
[2024-08-28T13:05:59.558+0000][info][gc,task        ] GC(189) Using 24 workers of 68 for evacuation
[2024-08-28T13:05:59.570+0000][info][gc,phases      ] GC(189)   Pre Evacuate Collection Set: 0.2ms
[2024-08-28T13:05:59.570+0000][info][gc,phases      ] GC(189)   Merge Heap Roots: 0.4ms
[2024-08-28T13:05:59.570+0000][info][gc,phases      ] GC(189)   Evacuate Collection Set: 10.8ms
[2024-08-28T13:05:59.570+0000][info][gc,phases      ] GC(189)   Post Evacuate Collection Set: 0.3ms
[2024-08-28T13:05:59.570+0000][info][gc,phases      ] GC(189)   Other: 0.6ms
[2024-08-28T13:05:59.570+0000][info][gc,heap        ] GC(189) Eden regions: 44->0(44)
[2024-08-28T13:05:59.570+0000][info][gc,heap        ] GC(189) Survivor regions: 7->7(7)
[2024-08-28T13:05:59.570+0000][info][gc,heap        ] GC(189) Old regions: 780->827
[2024-08-28T13:05:59.570+0000][info][gc,heap        ] GC(189) Archive regions: 2->2
[2024-08-28T13:05:59.570+0000][info][gc,heap        ] GC(189) Humongous regions: 5->5
[2024-08-28T13:05:59.570+0000][info][gc,metaspace   ] GC(189) Metaspace: 100K(320K)->100K(320K) NonClass: 96K(192K)->96K(192K) Class: 4K(128K)->4K(128K)
[2024-08-28T13:05:59.570+0000][info][gc             ] GC(189) Pause Young (Concurrent Start) (G1 Evacuation Pause) 836M->839M(1024M) 12.312ms
[2024-08-28T13:05:59.570+0000][info][gc,cpu         ] GC(189) User=0.24s Sys=0.03s Real=0.01s
[2024-08-28T13:05:59.570+0000][info][gc             ] GC(190) Concurrent Mark Cycle
[2024-08-28T13:05:59.571+0000][info][gc,marking     ] GC(190) Concurrent Clear Claimed Marks
[2024-08-28T13:05:59.571+0000][info][gc,marking     ] GC(190) Concurrent Clear Claimed Marks 0.013ms
[2024-08-28T13:05:59.571+0000][info][gc,marking     ] GC(190) Concurrent Scan Root Regions
[2024-08-28T13:05:59.572+0000][info][gc,marking     ] GC(190) Concurrent Scan Root Regions 1.927ms
[2024-08-28T13:05:59.573+0000][info][gc,marking     ] GC(190) Concurrent Mark
[2024-08-28T13:05:59.573+0000][info][gc,marking     ] GC(190) Concurrent Mark From Roots
[2024-08-28T13:05:59.573+0000][info][gc,task        ] GC(190) Using 17 workers of 17 for marking
[2024-08-28T13:05:59.601+0000][info][gc,marking     ] GC(190) Concurrent Mark From Roots 28.269ms
[2024-08-28T13:05:59.601+0000][info][gc,marking     ] GC(190) Concurrent Preclean
[2024-08-28T13:05:59.602+0000][info][gc,marking     ] GC(190) Concurrent Preclean 0.732ms
[2024-08-28T13:05:59.602+0000][info][gc,start       ] GC(190) Pause Remark
[2024-08-28T13:05:59.603+0000][info][gc             ] GC(190) Pause Remark 878M->878M(1024M) 1.301ms
[2024-08-28T13:05:59.603+0000][info][gc,cpu         ] GC(190) User=0.00s Sys=0.00s Real=0.00s
[2024-08-28T13:05:59.603+0000][info][gc,marking     ] GC(190) Concurrent Mark 30.782ms
[2024-08-28T13:05:59.603+0000][info][gc,marking     ] GC(190) Concurrent Rebuild Remembered Sets
[2024-08-28T13:05:59.607+0000][info][gc,start       ] GC(191) Pause Young (Normal) (G1 Evacuation Pause)
[2024-08-28T13:05:59.607+0000][info][gc,task        ] GC(191) Using 24 workers of 68 for evacuation
[2024-08-28T13:05:59.618+0000][info][gc,phases      ] GC(191)   Pre Evacuate Collection Set: 0.1ms
[2024-08-28T13:05:59.618+0000][info][gc,phases      ] GC(191)   Merge Heap Roots: 0.3ms
[2024-08-28T13:05:59.618+0000][info][gc,phases      ] GC(191)   Evacuate Collection Set: 10.0ms
[2024-08-28T13:05:59.618+0000][info][gc,phases      ] GC(191)   Post Evacuate Collection Set: 0.4ms
[2024-08-28T13:05:59.618+0000][info][gc,phases      ] GC(191)   Other: 0.2ms
[2024-08-28T13:05:59.618+0000][info][gc,heap        ] GC(191) Eden regions: 44->0(44)
[2024-08-28T13:05:59.618+0000][info][gc,heap        ] GC(191) Survivor regions: 7->7(7)
[2024-08-28T13:05:59.618+0000][info][gc,heap        ] GC(191) Old regions: 827->874
[2024-08-28T13:05:59.618+0000][info][gc,heap        ] GC(191) Archive regions: 2->2
[2024-08-28T13:05:59.618+0000][info][gc,heap        ] GC(191) Humongous regions: 5->5
[2024-08-28T13:05:59.618+0000][info][gc,metaspace   ] GC(191) Metaspace: 100K(320K)->100K(320K) NonClass: 96K(192K)->96K(192K) Class: 4K(128K)->4K(128K)
[2024-08-28T13:05:59.618+0000][info][gc             ] GC(191) Pause Young (Normal) (G1 Evacuation Pause) 883M->886M(1024M) 11.124ms
[2024-08-28T13:05:59.618+0000][info][gc,cpu         ] GC(191) User=0.25s Sys=0.00s Real=0.02s
[2024-08-28T13:05:59.647+0000][info][gc,start       ] GC(192) Pause Young (Normal) (G1 Evacuation Pause)
[2024-08-28T13:05:59.647+0000][info][gc,task        ] GC(192) Using 24 workers of 68 for evacuation
[2024-08-28T13:05:59.667+0000][info][gc,phases      ] GC(192)   Pre Evacuate Collection Set: 0.1ms
[2024-08-28T13:05:59.667+0000][info][gc,phases      ] GC(192)   Merge Heap Roots: 0.4ms
[2024-08-28T13:05:59.667+0000][info][gc,phases      ] GC(192)   Evacuate Collection Set: 18.8ms
[2024-08-28T13:05:59.667+0000][info][gc,phases      ] GC(192)   Post Evacuate Collection Set: 0.5ms
[2024-08-28T13:05:59.667+0000][info][gc,phases      ] GC(192)   Other: 0.2ms
[2024-08-28T13:05:59.667+0000][info][gc,heap        ] GC(192) Eden regions: 44->0(44)
[2024-08-28T13:05:59.667+0000][info][gc,heap        ] GC(192) Survivor regions: 7->7(7)
[2024-08-28T13:05:59.667+0000][info][gc,heap        ] GC(192) Old regions: 874->921
[2024-08-28T13:05:59.667+0000][info][gc,heap        ] GC(192) Archive regions: 2->2
[2024-08-28T13:05:59.667+0000][info][gc,heap        ] GC(192) Humongous regions: 5->5
[2024-08-28T13:05:59.667+0000][info][gc,metaspace   ] GC(192) Metaspace: 100K(320K)->100K(320K) NonClass: 96K(192K)->96K(192K) Class: 4K(128K)->4K(128K)
[2024-08-28T13:05:59.667+0000][info][gc             ] GC(192) Pause Young (Normal) (G1 Evacuation Pause) 930M->933M(1024M) 20.185ms
[2024-08-28T13:05:59.667+0000][info][gc,cpu         ] GC(192) User=0.36s Sys=0.11s Real=0.02s
[2024-08-28T13:05:59.689+0000][info][gc,marking     ] GC(190) Concurrent Rebuild Remembered Sets 85.869ms
[2024-08-28T13:05:59.690+0000][info][gc,start       ] GC(190) Pause Cleanup
[2024-08-28T13:05:59.691+0000][info][gc             ] GC(190) Pause Cleanup 962M->962M(1024M) 1.797ms
[2024-08-28T13:05:59.691+0000][info][gc,cpu         ] GC(190) User=0.00s Sys=0.00s Real=0.00s
[2024-08-28T13:05:59.691+0000][info][gc,marking     ] GC(190) Concurrent Cleanup for Next Mark
[2024-08-28T13:05:59.692+0000][info][gc,marking     ] GC(190) Concurrent Cleanup for Next Mark 0.882ms
[2024-08-28T13:05:59.692+0000][info][gc             ] GC(190) Concurrent Mark Cycle 121.881ms
[2024-08-28T13:05:59.699+0000][info][gc,start       ] GC(193) Pause Young (Prepare Mixed) (G1 Preventive Collection)
[2024-08-28T13:05:59.699+0000][info][gc,task        ] GC(193) Using 24 workers of 68 for evacuation
[2024-08-28T13:05:59.719+0000][info][gc,phases      ] GC(193)   Pre Evacuate Collection Set: 0.2ms
[2024-08-28T13:05:59.719+0000][info][gc,phases      ] GC(193)   Merge Heap Roots: 0.6ms
[2024-08-28T13:05:59.719+0000][info][gc,phases      ] GC(193)   Evacuate Collection Set: 18.7ms
[2024-08-28T13:05:59.719+0000][info][gc,phases      ] GC(193)   Post Evacuate Collection Set: 0.3ms
[2024-08-28T13:05:59.719+0000][info][gc,phases      ] GC(193)   Other: 0.2ms
[2024-08-28T13:05:59.719+0000][info][gc,heap        ] GC(193) Eden regions: 39->0(44)
[2024-08-28T13:05:59.719+0000][info][gc,heap        ] GC(193) Survivor regions: 7->7(7)
[2024-08-28T13:05:59.719+0000][info][gc,heap        ] GC(193) Old regions: 921->962
[2024-08-28T13:05:59.719+0000][info][gc,heap        ] GC(193) Archive regions: 2->2
[2024-08-28T13:05:59.719+0000][info][gc,heap        ] GC(193) Humongous regions: 5->5
[2024-08-28T13:05:59.719+0000][info][gc,metaspace   ] GC(193) Metaspace: 100K(320K)->100K(320K) NonClass: 96K(192K)->96K(192K) Class: 4K(128K)->4K(128K)
[2024-08-28T13:05:59.719+0000][info][gc             ] GC(193) Pause Young (Prepare Mixed) (G1 Preventive Collection) 972M->974M(1024M) 19.959ms
[2024-08-28T13:05:59.719+0000][info][gc,cpu         ] GC(193) User=0.41s Sys=0.05s Real=0.02s
[2024-08-28T13:05:59.731+0000][info][gc,start       ] GC(194) Pause Young (Mixed) (G1 Preventive Collection)
[2024-08-28T13:05:59.731+0000][info][gc,task        ] GC(194) Using 24 workers of 68 for evacuation
[2024-08-28T13:05:59.739+0000][info][gc,phases      ] GC(194)   Pre Evacuate Collection Set: 0.2ms
[2024-08-28T13:05:59.739+0000][info][gc,phases      ] GC(194)   Merge Heap Roots: 0.2ms
[2024-08-28T13:05:59.739+0000][info][gc,phases      ] GC(194)   Evacuate Collection Set: 6.7ms
[2024-08-28T13:05:59.739+0000][info][gc,phases      ] GC(194)   Post Evacuate Collection Set: 0.4ms
[2024-08-28T13:05:59.739+0000][info][gc,phases      ] GC(194)   Other: 0.2ms
[2024-08-28T13:05:59.739+0000][info][gc,heap        ] GC(194) Eden regions: 19->0(44)
[2024-08-28T13:05:59.739+0000][info][gc,heap        ] GC(194) Survivor regions: 7->7(7)
[2024-08-28T13:05:59.739+0000][info][gc,heap        ] GC(194) Old regions: 962->881
[2024-08-28T13:05:59.739+0000][info][gc,heap        ] GC(194) Archive regions: 2->2
[2024-08-28T13:05:59.739+0000][info][gc,heap        ] GC(194) Humongous regions: 5->5
[2024-08-28T13:05:59.739+0000][info][gc,metaspace   ] GC(194) Metaspace: 100K(320K)->100K(320K) NonClass: 96K(192K)->96K(192K) Class: 4K(128K)->4K(128K)
[2024-08-28T13:05:59.739+0000][info][gc             ] GC(194) Pause Young (Mixed) (G1 Preventive Collection) 993M->893M(1024M) 7.706ms
[2024-08-28T13:05:59.739+0000][info][gc,cpu         ] GC(194) User=0.16s Sys=0.01s Real=0.01s
[2024-08-28T13:05:59.763+0000][info][gc,start       ] GC(195) Pause Young (Mixed) (G1 Evacuation Pause)
[2024-08-28T13:05:59.763+0000][info][gc,task        ] GC(195) Using 24 workers of 68 for evacuation
[2024-08-28T13:05:59.774+0000][info][gc,phases      ] GC(195)   Pre Evacuate Collection Set: 0.2ms
[2024-08-28T13:05:59.774+0000][info][gc,phases      ] GC(195)   Merge Heap Roots: 0.4ms
[2024-08-28T13:05:59.774+0000][info][gc,phases      ] GC(195)   Evacuate Collection Set: 10.1ms
[2024-08-28T13:05:59.774+0000][info][gc,phases      ] GC(195)   Post Evacuate Collection Set: 0.4ms
[2024-08-28T13:05:59.774+0000][info][gc,phases      ] GC(195)   Other: 0.2ms
[2024-08-28T13:05:59.774+0000][info][gc,heap        ] GC(195) Eden regions: 44->0(44)
[2024-08-28T13:05:59.774+0000][info][gc,heap        ] GC(195) Survivor regions: 7->7(7)
[2024-08-28T13:05:59.774+0000][info][gc,heap        ] GC(195) Old regions: 881->823
[2024-08-28T13:05:59.774+0000][info][gc,heap        ] GC(195) Archive regions: 2->2
[2024-08-28T13:05:59.774+0000][info][gc,heap        ] GC(195) Humongous regions: 5->5
[2024-08-28T13:05:59.774+0000][info][gc,metaspace   ] GC(195) Metaspace: 100K(320K)->100K(320K) NonClass: 96K(192K)->96K(192K) Class: 4K(128K)->4K(128K)
[2024-08-28T13:05:59.774+0000][info][gc             ] GC(195) Pause Young (Mixed) (G1 Evacuation Pause) 937M->835M(1024M) 11.507ms
[2024-08-28T13:05:59.774+0000][info][gc,cpu         ] GC(195) User=0.24s Sys=0.01s Real=0.01s
[2024-08-28T13:05:59.800+0000][info][gc,start       ] GC(196) Pause Young (Mixed) (G1 Evacuation Pause)
[2024-08-28T13:05:59.800+0000][info][gc,task        ] GC(196) Using 24 workers of 68 for evacuation
[2024-08-28T13:05:59.812+0000][info][gc,phases      ] GC(196)   Pre Evacuate Collection Set: 0.2ms
[2024-08-28T13:05:59.812+0000][info][gc,phases      ] GC(196)   Merge Heap Roots: 0.3ms
[2024-08-28T13:05:59.812+0000][info][gc,phases      ] GC(196)   Evacuate Collection Set: 10.9ms
[2024-08-28T13:05:59.812+0000][info][gc,phases      ] GC(196)   Post Evacuate Collection Set: 0.3ms
[2024-08-28T13:05:59.812+0000][info][gc,phases      ] GC(196)   Other: 0.2ms
[2024-08-28T13:05:59.812+0000][info][gc,heap        ] GC(196) Eden regions: 44->0(44)
[2024-08-28T13:05:59.812+0000][info][gc,heap        ] GC(196) Survivor regions: 7->7(7)
[2024-08-28T13:05:59.812+0000][info][gc,heap        ] GC(196) Old regions: 823->770
[2024-08-28T13:05:59.812+0000][info][gc,heap        ] GC(196) Archive regions: 2->2
[2024-08-28T13:05:59.812+0000][info][gc,heap        ] GC(196) Humongous regions: 5->5
[2024-08-28T13:05:59.812+0000][info][gc,metaspace   ] GC(196) Metaspace: 100K(320K)->100K(320K) NonClass: 96K(192K)->96K(192K) Class: 4K(128K)->4K(128K)
[2024-08-28T13:05:59.812+0000][info][gc             ] GC(196) Pause Young (Mixed) (G1 Evacuation Pause) 879M->782M(1024M) 12.062ms
[2024-08-28T13:05:59.812+0000][info][gc,cpu         ] GC(196) User=0.27s Sys=0.00s Real=0.01s
[2024-08-28T13:05:59.834+0000][info][gc,start       ] GC(197) Pause Young (Mixed) (G1 Evacuation Pause)
[2024-08-28T13:05:59.834+0000][info][gc,task        ] GC(197) Using 24 workers of 68 for evacuation
[2024-08-28T13:05:59.847+0000][info][gc,phases      ] GC(197)   Pre Evacuate Collection Set: 0.2ms
[2024-08-28T13:05:59.847+0000][info][gc,phases      ] GC(197)   Merge Heap Roots: 0.4ms
[2024-08-28T13:05:59.847+0000][info][gc,phases      ] GC(197)   Evacuate Collection Set: 11.6ms
[2024-08-28T13:05:59.847+0000][info][gc,phases      ] GC(197)   Post Evacuate Collection Set: 0.3ms
[2024-08-28T13:05:59.847+0000][info][gc,phases      ] GC(197)   Other: 0.2ms
[2024-08-28T13:05:59.847+0000][info][gc,heap        ] GC(197) Eden regions: 44->0(44)
[2024-08-28T13:05:59.847+0000][info][gc,heap        ] GC(197) Survivor regions: 7->7(7)
[2024-08-28T13:05:59.847+0000][info][gc,heap        ] GC(197) Old regions: 770->786
[2024-08-28T13:05:59.847+0000][info][gc,heap        ] GC(197) Archive regions: 2->2
[2024-08-28T13:05:59.847+0000][info][gc,heap        ] GC(197) Humongous regions: 5->5
[2024-08-28T13:05:59.847+0000][info][gc,metaspace   ] GC(197) Metaspace: 100K(320K)->100K(320K) NonClass: 96K(192K)->96K(192K) Class: 4K(128K)->4K(128K)
[2024-08-28T13:05:59.847+0000][info][gc             ] GC(197) Pause Young (Mixed) (G1 Evacuation Pause) 826M->798M(1024M) 12.764ms
[2024-08-28T13:05:59.847+0000][info][gc,cpu         ] GC(197) User=0.28s Sys=0.00s Real=0.01s
[2024-08-28T13:05:59.870+0000][info][gc,start       ] GC(198) Pause Young (Concurrent Start) (G1 Evacuation Pause)
[2024-08-28T13:05:59.870+0000][info][gc,task        ] GC(198) Using 24 workers of 68 for evacuation
[2024-08-28T13:05:59.881+0000][info][gc,phases      ] GC(198)   Pre Evacuate Collection Set: 0.2ms
[2024-08-28T13:05:59.882+0000][info][gc,phases      ] GC(198)   Merge Heap Roots: 0.4ms
[2024-08-28T13:05:59.882+0000][info][gc,phases      ] GC(198)   Evacuate Collection Set: 10.0ms
[2024-08-28T13:05:59.882+0000][info][gc,phases      ] GC(198)   Post Evacuate Collection Set: 0.4ms
[2024-08-28T13:05:59.882+0000][info][gc,phases      ] GC(198)   Other: 0.7ms
[2024-08-28T13:05:59.882+0000][info][gc,heap        ] GC(198) Eden regions: 44->0(44)
[2024-08-28T13:05:59.882+0000][info][gc,heap        ] GC(198) Survivor regions: 7->7(7)
[2024-08-28T13:05:59.882+0000][info][gc,heap        ] GC(198) Old regions: 786->832
[2024-08-28T13:05:59.882+0000][info][gc,heap        ] GC(198) Archive regions: 2->2
[2024-08-28T13:05:59.882+0000][info][gc,heap        ] GC(198) Humongous regions: 5->5
[2024-08-28T13:05:59.882+0000][info][gc,metaspace   ] GC(198) Metaspace: 100K(320K)->100K(320K) NonClass: 96K(192K)->96K(192K) Class: 4K(128K)->4K(128K)
[2024-08-28T13:05:59.882+0000][info][gc             ] GC(198) Pause Young (Concurrent Start) (G1 Evacuation Pause) 842M->844M(1024M) 11.755ms
[2024-08-28T13:05:59.882+0000][info][gc,cpu         ] GC(198) User=0.25s Sys=0.00s Real=0.01s
[2024-08-28T13:05:59.882+0000][info][gc             ] GC(199) Concurrent Mark Cycle
[2024-08-28T13:05:59.882+0000][info][gc,marking     ] GC(199) Concurrent Clear Claimed Marks
[2024-08-28T13:05:59.882+0000][info][gc,marking     ] GC(199) Concurrent Clear Claimed Marks 0.010ms
[2024-08-28T13:05:59.882+0000][info][gc,marking     ] GC(199) Concurrent Scan Root Regions
[2024-08-28T13:05:59.883+0000][info][gc,marking     ] GC(199) Concurrent Scan Root Regions 1.669ms
[2024-08-28T13:05:59.883+0000][info][gc,marking     ] GC(199) Concurrent Mark
[2024-08-28T13:05:59.883+0000][info][gc,marking     ] GC(199) Concurrent Mark From Roots
[2024-08-28T13:05:59.883+0000][info][gc,task        ] GC(199) Using 17 workers of 17 for marking
[2024-08-28T13:05:59.910+0000][info][gc,marking     ] GC(199) Concurrent Mark From Roots 26.859ms
[2024-08-28T13:05:59.910+0000][info][gc,marking     ] GC(199) Concurrent Preclean
[2024-08-28T13:05:59.911+0000][info][gc,marking     ] GC(199) Concurrent Preclean 0.501ms
[2024-08-28T13:05:59.911+0000][info][gc,start       ] GC(199) Pause Remark
[2024-08-28T13:05:59.912+0000][info][gc             ] GC(199) Pause Remark 883M->883M(1024M) 1.272ms
[2024-08-28T13:05:59.912+0000][info][gc,cpu         ] GC(199) User=0.00s Sys=0.00s Real=0.00s
[2024-08-28T13:05:59.913+0000][info][gc,marking     ] GC(199) Concurrent Mark 29.105ms
[2024-08-28T13:05:59.913+0000][info][gc,marking     ] GC(199) Concurrent Rebuild Remembered Sets
[2024-08-28T13:05:59.916+0000][info][gc,start       ] GC(200) Pause Young (Normal) (G1 Evacuation Pause)
[2024-08-28T13:05:59.916+0000][info][gc,task        ] GC(200) Using 24 workers of 68 for evacuation
[2024-08-28T13:05:59.927+0000][info][gc,phases      ] GC(200)   Pre Evacuate Collection Set: 0.2ms
[2024-08-28T13:05:59.927+0000][info][gc,phases      ] GC(200)   Merge Heap Roots: 0.4ms
[2024-08-28T13:05:59.927+0000][info][gc,phases      ] GC(200)   Evacuate Collection Set: 10.0ms
[2024-08-28T13:05:59.927+0000][info][gc,phases      ] GC(200)   Post Evacuate Collection Set: 0.4ms
[2024-08-28T13:05:59.927+0000][info][gc,phases      ] GC(200)   Other: 0.2ms
[2024-08-28T13:05:59.927+0000][info][gc,heap        ] GC(200) Eden regions: 44->0(44)
[2024-08-28T13:05:59.927+0000][info][gc,heap        ] GC(200) Survivor regions: 7->7(7)
[2024-08-28T13:05:59.927+0000][info][gc,heap        ] GC(200) Old regions: 832->878
[2024-08-28T13:05:59.927+0000][info][gc,heap        ] GC(200) Archive regions: 2->2
[2024-08-28T13:05:59.927+0000][info][gc,heap        ] GC(200) Humongous regions: 5->5
[2024-08-28T13:05:59.927+0000][info][gc,metaspace   ] GC(200) Metaspace: 100K(320K)->100K(320K) NonClass: 96K(192K)->96K(192K) Class: 4K(128K)->4K(128K)
[2024-08-28T13:05:59.927+0000][info][gc             ] GC(200) Pause Young (Normal) (G1 Evacuation Pause) 888M->890M(1024M) 11.254ms
[2024-08-28T13:05:59.928+0000][info][gc,cpu         ] GC(200) User=0.25s Sys=0.00s Real=0.01s
[2024-08-28T13:05:59.955+0000][info][gc,start       ] GC(201) Pause Young (Normal) (G1 Evacuation Pause)
[2024-08-28T13:05:59.955+0000][info][gc,task        ] GC(201) Using 24 workers of 68 for evacuation
[2024-08-28T13:05:59.970+0000][info][gc,phases      ] GC(201)   Pre Evacuate Collection Set: 0.2ms
[2024-08-28T13:05:59.970+0000][info][gc,phases      ] GC(201)   Merge Heap Roots: 0.5ms
[2024-08-28T13:05:59.970+0000][info][gc,phases      ] GC(201)   Evacuate Collection Set: 13.2ms
[2024-08-28T13:05:59.970+0000][info][gc,phases      ] GC(201)   Post Evacuate Collection Set: 0.5ms
[2024-08-28T13:05:59.970+0000][info][gc,phases      ] GC(201)   Other: 0.3ms
[2024-08-28T13:05:59.970+0000][info][gc,heap        ] GC(201) Eden regions: 44->0(44)
[2024-08-28T13:05:59.970+0000][info][gc,heap        ] GC(201) Survivor regions: 7->7(7)
[2024-08-28T13:05:59.970+0000][info][gc,heap        ] GC(201) Old regions: 878->926
[2024-08-28T13:05:59.970+0000][info][gc,heap        ] GC(201) Archive regions: 2->2
[2024-08-28T13:05:59.970+0000][info][gc,heap        ] GC(201) Humongous regions: 5->5
[2024-08-28T13:05:59.970+0000][info][gc,metaspace   ] GC(201) Metaspace: 100K(320K)->100K(320K) NonClass: 96K(192K)->96K(192K) Class: 4K(128K)->4K(128K)
[2024-08-28T13:05:59.970+0000][info][gc             ] GC(201) Pause Young (Normal) (G1 Evacuation Pause) 934M->938M(1024M) 14.709ms
[2024-08-28T13:05:59.970+0000][info][gc,cpu         ] GC(201) User=0.34s Sys=0.00s Real=0.02s
[2024-08-28T13:05:59.992+0000][info][gc,start       ] GC(202) Pause Young (Normal) (G1 Preventive Collection)
[2024-08-28T13:05:59.992+0000][info][gc,task        ] GC(202) Using 24 workers of 68 for evacuation
[2024-08-28T13:06:00.008+0000][info][gc,phases      ] GC(202)   Pre Evacuate Collection Set: 0.2ms
[2024-08-28T13:06:00.008+0000][info][gc,phases      ] GC(202)   Merge Heap Roots: 0.6ms
[2024-08-28T13:06:00.008+0000][info][gc,phases      ] GC(202)   Evacuate Collection Set: 14.6ms
[2024-08-28T13:06:00.008+0000][info][gc,phases      ] GC(202)   Post Evacuate Collection Set: 0.6ms
[2024-08-28T13:06:00.008+0000][info][gc,phases      ] GC(202)   Other: 0.2ms
[2024-08-28T13:06:00.008+0000][info][gc,heap        ] GC(202) Eden regions: 37->0(44)
[2024-08-28T13:06:00.008+0000][info][gc,heap        ] GC(202) Survivor regions: 7->7(7)
[2024-08-28T13:06:00.008+0000][info][gc,heap        ] GC(202) Old regions: 926->966
[2024-08-28T13:06:00.008+0000][info][gc,heap        ] GC(202) Archive regions: 2->2
[2024-08-28T13:06:00.008+0000][info][gc,heap        ] GC(202) Humongous regions: 5->5
[2024-08-28T13:06:00.008+0000][info][gc,metaspace   ] GC(202) Metaspace: 100K(320K)->100K(320K) NonClass: 96K(192K)->96K(192K) Class: 4K(128K)->4K(128K)
[2024-08-28T13:06:00.008+0000][info][gc             ] GC(202) Pause Young (Normal) (G1 Preventive Collection) 975M->978M(1024M) 16.160ms
[2024-08-28T13:06:00.008+0000][info][gc,cpu         ] GC(202) User=0.37s Sys=0.00s Real=0.01s
[2024-08-28T13:06:00.010+0000][info][gc,marking     ] GC(199) Concurrent Rebuild Remembered Sets 96.999ms
[2024-08-28T13:06:00.010+0000][info][gc,start       ] GC(199) Pause Cleanup
[2024-08-28T13:06:00.012+0000][info][gc             ] GC(199) Pause Cleanup 980M->980M(1024M) 1.683ms
[2024-08-28T13:06:00.012+0000][info][gc,cpu         ] GC(199) User=0.00s Sys=0.00s Real=0.00s
[2024-08-28T13:06:00.012+0000][info][gc,marking     ] GC(199) Concurrent Cleanup for Next Mark
[2024-08-28T13:06:00.012+0000][info][gc,marking     ] GC(199) Concurrent Cleanup for Next Mark 0.728ms
[2024-08-28T13:06:00.012+0000][info][gc             ] GC(199) Concurrent Mark Cycle 130.674ms
[2024-08-28T13:06:00.021+0000][info][gc,start       ] GC(203) Pause Young (Prepare Mixed) (G1 Preventive Collection)
[2024-08-28T13:06:00.021+0000][info][gc,task        ] GC(203) Using 24 workers of 68 for evacuation
[2024-08-28T13:06:00.034+0000][info][gc,phases      ] GC(203)   Pre Evacuate Collection Set: 0.1ms
[2024-08-28T13:06:00.034+0000][info][gc,phases      ] GC(203)   Merge Heap Roots: 0.4ms
[2024-08-28T13:06:00.034+0000][info][gc,phases      ] GC(203)   Evacuate Collection Set: 12.1ms
[2024-08-28T13:06:00.034+0000][info][gc,phases      ] GC(203)   Post Evacuate Collection Set: 0.3ms
[2024-08-28T13:06:00.034+0000][info][gc,phases      ] GC(203)   Other: 0.2ms
[2024-08-28T13:06:00.034+0000][info][gc,heap        ] GC(203) Eden regions: 17->0(44)
[2024-08-28T13:06:00.034+0000][info][gc,heap        ] GC(203) Survivor regions: 7->7(7)
[2024-08-28T13:06:00.034+0000][info][gc,heap        ] GC(203) Old regions: 966->985
[2024-08-28T13:06:00.034+0000][info][gc,heap        ] GC(203) Archive regions: 2->2
[2024-08-28T13:06:00.034+0000][info][gc,heap        ] GC(203) Humongous regions: 5->5
[2024-08-28T13:06:00.034+0000][info][gc,metaspace   ] GC(203) Metaspace: 100K(320K)->100K(320K) NonClass: 96K(192K)->96K(192K) Class: 4K(128K)->4K(128K)
[2024-08-28T13:06:00.034+0000][info][gc             ] GC(203) Pause Young (Prepare Mixed) (G1 Preventive Collection) 995M->997M(1024M) 13.159ms
[2024-08-28T13:06:00.034+0000][info][gc,cpu         ] GC(203) User=0.30s Sys=0.00s Real=0.01s
[2024-08-28T13:06:00.038+0000][info][gc,start       ] GC(204) Pause Young (Mixed) (G1 Preventive Collection)
[2024-08-28T13:06:00.038+0000][info][gc,task        ] GC(204) Using 24 workers of 68 for evacuation
[2024-08-28T13:06:00.043+0000][info][gc,phases      ] GC(204)   Pre Evacuate Collection Set: 0.2ms
[2024-08-28T13:06:00.043+0000][info][gc,phases      ] GC(204)   Merge Heap Roots: 0.3ms
[2024-08-28T13:06:00.043+0000][info][gc,phases      ] GC(204)   Evacuate Collection Set: 3.8ms
[2024-08-28T13:06:00.043+0000][info][gc,phases      ] GC(204)   Post Evacuate Collection Set: 0.3ms
[2024-08-28T13:06:00.043+0000][info][gc,phases      ] GC(204)   Other: 0.1ms
[2024-08-28T13:06:00.043+0000][info][gc,heap        ] GC(204) Eden regions: 7->0(44)
[2024-08-28T13:06:00.043+0000][info][gc,heap        ] GC(204) Survivor regions: 7->7(7)
[2024-08-28T13:06:00.043+0000][info][gc,heap        ] GC(204) Old regions: 985->892
[2024-08-28T13:06:00.043+0000][info][gc,heap        ] GC(204) Archive regions: 2->2
[2024-08-28T13:06:00.043+0000][info][gc,heap        ] GC(204) Humongous regions: 5->5
[2024-08-28T13:06:00.043+0000][info][gc,metaspace   ] GC(204) Metaspace: 100K(320K)->100K(320K) NonClass: 96K(192K)->96K(192K) Class: 4K(128K)->4K(128K)
[2024-08-28T13:06:00.043+0000][info][gc             ] GC(204) Pause Young (Mixed) (G1 Preventive Collection) 1004M->904M(1024M) 4.793ms
[2024-08-28T13:06:00.043+0000][info][gc,cpu         ] GC(204) User=0.10s Sys=0.00s Real=0.00s
[2024-08-28T13:06:00.067+0000][info][gc,start       ] GC(205) Pause Young (Mixed) (G1 Evacuation Pause)
[2024-08-28T13:06:00.067+0000][info][gc,task        ] GC(205) Using 24 workers of 68 for evacuation
[2024-08-28T13:06:00.078+0000][info][gc,phases      ] GC(205)   Pre Evacuate Collection Set: 0.2ms
[2024-08-28T13:06:00.078+0000][info][gc,phases      ] GC(205)   Merge Heap Roots: 0.3ms
[2024-08-28T13:06:00.078+0000][info][gc,phases      ] GC(205)   Evacuate Collection Set: 9.6ms
[2024-08-28T13:06:00.078+0000][info][gc,phases      ] GC(205)   Post Evacuate Collection Set: 0.4ms
[2024-08-28T13:06:00.078+0000][info][gc,phases      ] GC(205)   Other: 0.2ms
[2024-08-28T13:06:00.078+0000][info][gc,heap        ] GC(205) Eden regions: 44->0(44)
[2024-08-28T13:06:00.078+0000][info][gc,heap        ] GC(205) Survivor regions: 7->7(7)
[2024-08-28T13:06:00.078+0000][info][gc,heap        ] GC(205) Old regions: 892->832
[2024-08-28T13:06:00.078+0000][info][gc,heap        ] GC(205) Archive regions: 2->2
[2024-08-28T13:06:00.078+0000][info][gc,heap        ] GC(205) Humongous regions: 5->5
[2024-08-28T13:06:00.078+0000][info][gc,metaspace   ] GC(205) Metaspace: 100K(320K)->100K(320K) NonClass: 96K(192K)->96K(192K) Class: 4K(128K)->4K(128K)
[2024-08-28T13:06:00.078+0000][info][gc             ] GC(205) Pause Young (Mixed) (G1 Evacuation Pause) 948M->844M(1024M) 10.829ms
[2024-08-28T13:06:00.078+0000][info][gc,cpu         ] GC(205) User=0.23s Sys=0.02s Real=0.02s
[2024-08-28T13:06:00.101+0000][info][gc,start       ] GC(206) Pause Young (Mixed) (G1 Evacuation Pause)
[2024-08-28T13:06:00.101+0000][info][gc,task        ] GC(206) Using 24 workers of 68 for evacuation
[2024-08-28T13:06:00.112+0000][info][gc,phases      ] GC(206)   Pre Evacuate Collection Set: 0.2ms
[2024-08-28T13:06:00.112+0000][info][gc,phases      ] GC(206)   Merge Heap Roots: 0.4ms
[2024-08-28T13:06:00.112+0000][info][gc,phases      ] GC(206)   Evacuate Collection Set: 10.5ms
[2024-08-28T13:06:00.112+0000][info][gc,phases      ] GC(206)   Post Evacuate Collection Set: 0.4ms
[2024-08-28T13:06:00.112+0000][info][gc,phases      ] GC(206)   Other: 0.2ms
[2024-08-28T13:06:00.112+0000][info][gc,heap        ] GC(206) Eden regions: 44->0(44)
[2024-08-28T13:06:00.112+0000][info][gc,heap        ] GC(206) Survivor regions: 7->7(7)
[2024-08-28T13:06:00.112+0000][info][gc,heap        ] GC(206) Old regions: 832->776
[2024-08-28T13:06:00.112+0000][info][gc,heap        ] GC(206) Archive regions: 2->2
[2024-08-28T13:06:00.112+0000][info][gc,heap        ] GC(206) Humongous regions: 5->5
[2024-08-28T13:06:00.112+0000][info][gc,metaspace   ] GC(206) Metaspace: 100K(320K)->100K(320K) NonClass: 96K(192K)->96K(192K) Class: 4K(128K)->4K(128K)
[2024-08-28T13:06:00.112+0000][info][gc             ] GC(206) Pause Young (Mixed) (G1 Evacuation Pause) 888M->788M(1024M) 11.837ms
[2024-08-28T13:06:00.112+0000][info][gc,cpu         ] GC(206) User=0.26s Sys=0.00s Real=0.01s
[2024-08-28T13:06:00.134+0000][info][gc,start       ] GC(207) Pause Young (Mixed) (G1 Evacuation Pause)
[2024-08-28T13:06:00.134+0000][info][gc,task        ] GC(207) Using 24 workers of 68 for evacuation
[2024-08-28T13:06:00.146+0000][info][gc,phases      ] GC(207)   Pre Evacuate Collection Set: 0.2ms
[2024-08-28T13:06:00.146+0000][info][gc,phases      ] GC(207)   Merge Heap Roots: 0.3ms
[2024-08-28T13:06:00.146+0000][info][gc,phases      ] GC(207)   Evacuate Collection Set: 10.8ms
[2024-08-28T13:06:00.146+0000][info][gc,phases      ] GC(207)   Post Evacuate Collection Set: 0.4ms
[2024-08-28T13:06:00.146+0000][info][gc,phases      ] GC(207)   Other: 0.2ms
[2024-08-28T13:06:00.146+0000][info][gc,heap        ] GC(207) Eden regions: 44->0(44)
[2024-08-28T13:06:00.146+0000][info][gc,heap        ] GC(207) Survivor regions: 7->7(7)
[2024-08-28T13:06:00.146+0000][info][gc,heap        ] GC(207) Old regions: 776->788
[2024-08-28T13:06:00.146+0000][info][gc,heap        ] GC(207) Archive regions: 2->2
[2024-08-28T13:06:00.146+0000][info][gc,heap        ] GC(207) Humongous regions: 5->5
[2024-08-28T13:06:00.146+0000][info][gc,metaspace   ] GC(207) Metaspace: 100K(320K)->100K(320K) NonClass: 96K(192K)->96K(192K) Class: 4K(128K)->4K(128K)
[2024-08-28T13:06:00.146+0000][info][gc             ] GC(207) Pause Young (Mixed) (G1 Evacuation Pause) 832M->800M(1024M) 11.879ms
[2024-08-28T13:06:00.146+0000][info][gc,cpu         ] GC(207) User=0.25s Sys=0.01s Real=0.01s
[2024-08-28T13:06:00.169+0000][info][gc,start       ] GC(208) Pause Young (Concurrent Start) (G1 Evacuation Pause)
[2024-08-28T13:06:00.169+0000][info][gc,task        ] GC(208) Using 24 workers of 68 for evacuation
[2024-08-28T13:06:00.180+0000][info][gc,phases      ] GC(208)   Pre Evacuate Collection Set: 0.2ms
[2024-08-28T13:06:00.180+0000][info][gc,phases      ] GC(208)   Merge Heap Roots: 0.3ms
[2024-08-28T13:06:00.180+0000][info][gc,phases      ] GC(208)   Evacuate Collection Set: 10.0ms
[2024-08-28T13:06:00.180+0000][info][gc,phases      ] GC(208)   Post Evacuate Collection Set: 0.3ms
[2024-08-28T13:06:00.180+0000][info][gc,phases      ] GC(208)   Other: 0.7ms
[2024-08-28T13:06:00.180+0000][info][gc,heap        ] GC(208) Eden regions: 44->0(44)
[2024-08-28T13:06:00.180+0000][info][gc,heap        ] GC(208) Survivor regions: 7->7(7)
[2024-08-28T13:06:00.180+0000][info][gc,heap        ] GC(208) Old regions: 788->833
[2024-08-28T13:06:00.180+0000][info][gc,heap        ] GC(208) Archive regions: 2->2
[2024-08-28T13:06:00.180+0000][info][gc,heap        ] GC(208) Humongous regions: 5->5
[2024-08-28T13:06:00.180+0000][info][gc,metaspace   ] GC(208) Metaspace: 100K(320K)->100K(320K) NonClass: 96K(192K)->96K(192K) Class: 4K(128K)->4K(128K)
[2024-08-28T13:06:00.180+0000][info][gc             ] GC(208) Pause Young (Concurrent Start) (G1 Evacuation Pause) 844M->845M(1024M) 11.618ms
[2024-08-28T13:06:00.180+0000][info][gc,cpu         ] GC(208) User=0.24s Sys=0.00s Real=0.02s
[2024-08-28T13:06:00.180+0000][info][gc             ] GC(209) Concurrent Mark Cycle
[2024-08-28T13:06:00.180+0000][info][gc,marking     ] GC(209) Concurrent Clear Claimed Marks
[2024-08-28T13:06:00.180+0000][info][gc,marking     ] GC(209) Concurrent Clear Claimed Marks 0.018ms
[2024-08-28T13:06:00.180+0000][info][gc,marking     ] GC(209) Concurrent Scan Root Regions
[2024-08-28T13:06:00.182+0000][info][gc,marking     ] GC(209) Concurrent Scan Root Regions 1.810ms
[2024-08-28T13:06:00.182+0000][info][gc,marking     ] GC(209) Concurrent Mark
[2024-08-28T13:06:00.182+0000][info][gc,marking     ] GC(209) Concurrent Mark From Roots
[2024-08-28T13:06:00.182+0000][info][gc,task        ] GC(209) Using 17 workers of 17 for marking
[2024-08-28T13:06:00.209+0000][info][gc,marking     ] GC(209) Concurrent Mark From Roots 26.288ms
[2024-08-28T13:06:00.209+0000][info][gc,marking     ] GC(209) Concurrent Preclean
[2024-08-28T13:06:00.210+0000][info][gc,marking     ] GC(209) Concurrent Preclean 1.630ms
[2024-08-28T13:06:00.211+0000][info][gc,start       ] GC(209) Pause Remark
[2024-08-28T13:06:00.212+0000][info][gc             ] GC(209) Pause Remark 885M->885M(1024M) 1.433ms
[2024-08-28T13:06:00.212+0000][info][gc,cpu         ] GC(209) User=0.01s Sys=0.00s Real=0.00s
[2024-08-28T13:06:00.212+0000][info][gc,marking     ] GC(209) Concurrent Mark 29.905ms
[2024-08-28T13:06:00.212+0000][info][gc,marking     ] GC(209) Concurrent Rebuild Remembered Sets
[2024-08-28T13:06:00.215+0000][info][gc,start       ] GC(210) Pause Young (Normal) (G1 Evacuation Pause)
[2024-08-28T13:06:00.215+0000][info][gc,task        ] GC(210) Using 24 workers of 68 for evacuation
[2024-08-28T13:06:00.226+0000][info][gc,phases      ] GC(210)   Pre Evacuate Collection Set: 0.2ms
[2024-08-28T13:06:00.226+0000][info][gc,phases      ] GC(210)   Merge Heap Roots: 0.4ms
[2024-08-28T13:06:00.226+0000][info][gc,phases      ] GC(210)   Evacuate Collection Set: 9.9ms
[2024-08-28T13:06:00.226+0000][info][gc,phases      ] GC(210)   Post Evacuate Collection Set: 0.4ms
[2024-08-28T13:06:00.226+0000][info][gc,phases      ] GC(210)   Other: 0.2ms
[2024-08-28T13:06:00.226+0000][info][gc,heap        ] GC(210) Eden regions: 44->0(44)
[2024-08-28T13:06:00.226+0000][info][gc,heap        ] GC(210) Survivor regions: 7->7(7)
[2024-08-28T13:06:00.226+0000][info][gc,heap        ] GC(210) Old regions: 833->880
[2024-08-28T13:06:00.226+0000][info][gc,heap        ] GC(210) Archive regions: 2->2
[2024-08-28T13:06:00.226+0000][info][gc,heap        ] GC(210) Humongous regions: 5->5
[2024-08-28T13:06:00.226+0000][info][gc,metaspace   ] GC(210) Metaspace: 100K(320K)->100K(320K) NonClass: 96K(192K)->96K(192K) Class: 4K(128K)->4K(128K)
[2024-08-28T13:06:00.226+0000][info][gc             ] GC(210) Pause Young (Normal) (G1 Evacuation Pause) 889M->892M(1024M) 11.083ms
[2024-08-28T13:06:00.226+0000][info][gc,cpu         ] GC(210) User=0.23s Sys=0.02s Real=0.01s
[2024-08-28T13:06:00.253+0000][info][gc,start       ] GC(211) Pause Young (Normal) (G1 Evacuation Pause)
[2024-08-28T13:06:00.253+0000][info][gc,task        ] GC(211) Using 24 workers of 68 for evacuation
[2024-08-28T13:06:00.268+0000][info][gc,phases      ] GC(211)   Pre Evacuate Collection Set: 0.1ms
[2024-08-28T13:06:00.268+0000][info][gc,phases      ] GC(211)   Merge Heap Roots: 0.3ms
[2024-08-28T13:06:00.268+0000][info][gc,phases      ] GC(211)   Evacuate Collection Set: 13.7ms
[2024-08-28T13:06:00.268+0000][info][gc,phases      ] GC(211)   Post Evacuate Collection Set: 0.5ms
[2024-08-28T13:06:00.268+0000][info][gc,phases      ] GC(211)   Other: 0.2ms
[2024-08-28T13:06:00.268+0000][info][gc,heap        ] GC(211) Eden regions: 44->0(44)
[2024-08-28T13:06:00.268+0000][info][gc,heap        ] GC(211) Survivor regions: 7->7(7)
[2024-08-28T13:06:00.268+0000][info][gc,heap        ] GC(211) Old regions: 880->927
[2024-08-28T13:06:00.268+0000][info][gc,heap        ] GC(211) Archive regions: 2->2
[2024-08-28T13:06:00.268+0000][info][gc,heap        ] GC(211) Humongous regions: 5->5
[2024-08-28T13:06:00.268+0000][info][gc,metaspace   ] GC(211) Metaspace: 100K(320K)->100K(320K) NonClass: 96K(192K)->96K(192K) Class: 4K(128K)->4K(128K)
[2024-08-28T13:06:00.268+0000][info][gc             ] GC(211) Pause Young (Normal) (G1 Evacuation Pause) 936M->939M(1024M) 14.985ms
[2024-08-28T13:06:00.268+0000][info][gc,cpu         ] GC(211) User=0.33s Sys=0.01s Real=0.01s
[2024-08-28T13:06:00.292+0000][info][gc,start       ] GC(212) Pause Young (Normal) (G1 Preventive Collection)
[2024-08-28T13:06:00.292+0000][info][gc,task        ] GC(212) Using 24 workers of 68 for evacuation
[2024-08-28T13:06:00.308+0000][info][gc,phases      ] GC(212)   Pre Evacuate Collection Set: 0.2ms
[2024-08-28T13:06:00.308+0000][info][gc,phases      ] GC(212)   Merge Heap Roots: 0.6ms
[2024-08-28T13:06:00.308+0000][info][gc,phases      ] GC(212)   Evacuate Collection Set: 14.4ms
[2024-08-28T13:06:00.308+0000][info][gc,phases      ] GC(212)   Post Evacuate Collection Set: 0.6ms
[2024-08-28T13:06:00.308+0000][info][gc,phases      ] GC(212)   Other: 0.2ms
[2024-08-28T13:06:00.308+0000][info][gc,heap        ] GC(212) Eden regions: 36->0(44)
[2024-08-28T13:06:00.308+0000][info][gc,heap        ] GC(212) Survivor regions: 7->7(7)
[2024-08-28T13:06:00.308+0000][info][gc,heap        ] GC(212) Old regions: 927->967
[2024-08-28T13:06:00.308+0000][info][gc,heap        ] GC(212) Archive regions: 2->2
[2024-08-28T13:06:00.308+0000][info][gc,heap        ] GC(212) Humongous regions: 5->5
[2024-08-28T13:06:00.308+0000][info][gc,metaspace   ] GC(212) Metaspace: 100K(320K)->100K(320K) NonClass: 96K(192K)->96K(192K) Class: 4K(128K)->4K(128K)
[2024-08-28T13:06:00.308+0000][info][gc             ] GC(212) Pause Young (Normal) (G1 Preventive Collection) 975M->979M(1024M) 16.050ms
[2024-08-28T13:06:00.308+0000][info][gc,cpu         ] GC(212) User=0.37s Sys=0.00s Real=0.01s
[2024-08-28T13:06:00.314+0000][info][gc,marking     ] GC(209) Concurrent Rebuild Remembered Sets 102.101ms
[2024-08-28T13:06:00.315+0000][info][gc,start       ] GC(209) Pause Cleanup
[2024-08-28T13:06:00.316+0000][info][gc             ] GC(209) Pause Cleanup 989M->989M(1024M) 1.606ms
[2024-08-28T13:06:00.316+0000][info][gc,cpu         ] GC(209) User=0.00s Sys=0.00s Real=0.00s
[2024-08-28T13:06:00.316+0000][info][gc,marking     ] GC(209) Concurrent Cleanup for Next Mark
[2024-08-28T13:06:00.317+0000][info][gc,marking     ] GC(209) Concurrent Cleanup for Next Mark 0.949ms
[2024-08-28T13:06:00.317+0000][info][gc             ] GC(209) Concurrent Mark Cycle 136.963ms
[2024-08-28T13:06:00.321+0000][info][gc,start       ] GC(213) Pause Young (Prepare Mixed) (G1 Preventive Collection)
[2024-08-28T13:06:00.321+0000][info][gc,task        ] GC(213) Using 24 workers of 68 for evacuation
[2024-08-28T13:06:00.335+0000][info][gc             ] GC(213) To-space exhausted
[2024-08-28T13:06:00.335+0000][info][gc,phases      ] GC(213)   Pre Evacuate Collection Set: 0.2ms
[2024-08-28T13:06:00.335+0000][info][gc,phases      ] GC(213)   Merge Heap Roots: 0.7ms
[2024-08-28T13:06:00.335+0000][info][gc,phases      ] GC(213)   Evacuate Collection Set: 12.8ms
[2024-08-28T13:06:00.335+0000][info][gc,phases      ] GC(213)   Post Evacuate Collection Set: 0.6ms
[2024-08-28T13:06:00.335+0000][info][gc,phases      ] GC(213)   Other: 0.2ms
[2024-08-28T13:06:00.335+0000][info][gc,heap        ] GC(213) Eden regions: 17->0(44)
[2024-08-28T13:06:00.335+0000][info][gc,heap        ] GC(213) Survivor regions: 7->7(7)
[2024-08-28T13:06:00.335+0000][info][gc,heap        ] GC(213) Old regions: 967->1001
[2024-08-28T13:06:00.335+0000][info][gc,heap        ] GC(213) Archive regions: 2->2
[2024-08-28T13:06:00.335+0000][info][gc,heap        ] GC(213) Humongous regions: 5->5
[2024-08-28T13:06:00.335+0000][info][gc,metaspace   ] GC(213) Metaspace: 100K(320K)->100K(320K) NonClass: 96K(192K)->96K(192K) Class: 4K(128K)->4K(128K)
[2024-08-28T13:06:00.335+0000][info][gc             ] GC(213) Pause Young (Prepare Mixed) (G1 Preventive Collection) 996M->1013M(1024M) 14.415ms
[2024-08-28T13:06:00.335+0000][info][gc,cpu         ] GC(213) User=0.33s Sys=0.00s Real=0.01s
[2024-08-28T13:06:00.336+0000][info][gc,start       ] GC(214) Pause Young (Mixed) (G1 Preventive Collection)
[2024-08-28T13:06:00.336+0000][info][gc,task        ] GC(214) Using 24 workers of 68 for evacuation
[2024-08-28T13:06:00.340+0000][info][gc             ] GC(214) To-space exhausted
[2024-08-28T13:06:00.340+0000][info][gc,phases      ] GC(214)   Pre Evacuate Collection Set: 0.2ms
[2024-08-28T13:06:00.340+0000][info][gc,phases      ] GC(214)   Merge Heap Roots: 0.2ms
[2024-08-28T13:06:00.340+0000][info][gc,phases      ] GC(214)   Evacuate Collection Set: 2.7ms
[2024-08-28T13:06:00.340+0000][info][gc,phases      ] GC(214)   Post Evacuate Collection Set: 0.6ms
[2024-08-28T13:06:00.340+0000][info][gc,phases      ] GC(214)   Other: 0.1ms
[2024-08-28T13:06:00.340+0000][info][gc,heap        ] GC(214) Eden regions: 1->0(49)
[2024-08-28T13:06:00.340+0000][info][gc,heap        ] GC(214) Survivor regions: 7->2(7)
[2024-08-28T13:06:00.340+0000][info][gc,heap        ] GC(214) Old regions: 1001->1013
[2024-08-28T13:06:00.340+0000][info][gc,heap        ] GC(214) Archive regions: 2->2
[2024-08-28T13:06:00.340+0000][info][gc,heap        ] GC(214) Humongous regions: 5->5
[2024-08-28T13:06:00.340+0000][info][gc,metaspace   ] GC(214) Metaspace: 100K(320K)->100K(320K) NonClass: 96K(192K)->96K(192K) Class: 4K(128K)->4K(128K)
[2024-08-28T13:06:00.340+0000][info][gc             ] GC(214) Pause Young (Mixed) (G1 Preventive Collection) 1014M->1020M(1024M) 3.779ms
[2024-08-28T13:06:00.340+0000][info][gc,cpu         ] GC(214) User=0.07s Sys=0.00s Real=0.01s
[2024-08-28T13:06:00.340+0000][info][gc,start       ] GC(215) Pause Young (Mixed) (G1 Preventive Collection)
[2024-08-28T13:06:00.340+0000][info][gc,task        ] GC(215) Using 24 workers of 68 for evacuation
[2024-08-28T13:06:00.344+0000][info][gc             ] GC(215) To-space exhausted
[2024-08-28T13:06:00.344+0000][info][gc,phases      ] GC(215)   Pre Evacuate Collection Set: 0.2ms
[2024-08-28T13:06:00.344+0000][info][gc,phases      ] GC(215)   Merge Heap Roots: 0.3ms
[2024-08-28T13:06:00.344+0000][info][gc,phases      ] GC(215)   Evacuate Collection Set: 1.9ms
[2024-08-28T13:06:00.344+0000][info][gc,phases      ] GC(215)   Post Evacuate Collection Set: 0.8ms
[2024-08-28T13:06:00.344+0000][info][gc,phases      ] GC(215)   Other: 0.1ms
[2024-08-28T13:06:00.344+0000][info][gc,heap        ] GC(215) Eden regions: 1->0(51)
[2024-08-28T13:06:00.344+0000][info][gc,heap        ] GC(215) Survivor regions: 2->0(1)
[2024-08-28T13:06:00.344+0000][info][gc,heap        ] GC(215) Old regions: 1013->1017
[2024-08-28T13:06:00.344+0000][info][gc,heap        ] GC(215) Archive regions: 2->2
[2024-08-28T13:06:00.344+0000][info][gc,heap        ] GC(215) Humongous regions: 5->5
[2024-08-28T13:06:00.344+0000][info][gc,metaspace   ] GC(215) Metaspace: 100K(320K)->100K(320K) NonClass: 96K(192K)->96K(192K) Class: 4K(128K)->4K(128K)
[2024-08-28T13:06:00.344+0000][info][gc             ] GC(215) Pause Young (Mixed) (G1 Preventive Collection) 1021M->1022M(1024M) 3.274ms
[2024-08-28T13:06:00.344+0000][info][gc,cpu         ] GC(215) User=0.06s Sys=0.00s Real=0.00s
[2024-08-28T13:06:00.344+0000][info][gc,ergo        ] Attempting full compaction
[2024-08-28T13:06:00.344+0000][info][gc,task        ] GC(216) Using 24 workers of 68 for full compaction
[2024-08-28T13:06:00.344+0000][info][gc,start       ] GC(216) Pause Full (G1 Compaction Pause)
[2024-08-28T13:06:00.344+0000][info][gc,phases,start] GC(216) Phase 1: Mark live objects
[2024-08-28T13:06:00.360+0000][info][gc,phases      ] GC(216) Phase 1: Mark live objects 15.727ms
[2024-08-28T13:06:00.360+0000][info][gc,phases,start] GC(216) Phase 2: Prepare for compaction
[2024-08-28T13:06:00.369+0000][info][gc,phases      ] GC(216) Phase 2: Prepare for compaction 8.889ms
[2024-08-28T13:06:00.369+0000][info][gc,phases,start] GC(216) Phase 3: Adjust pointers
[2024-08-28T13:06:00.387+0000][info][gc,phases      ] GC(216) Phase 3: Adjust pointers 17.827ms
[2024-08-28T13:06:00.387+0000][info][gc,phases,start] GC(216) Phase 4: Compact heap
[2024-08-28T13:06:00.417+0000][info][gc,phases      ] GC(216) Phase 4: Compact heap 30.617ms
[2024-08-28T13:06:00.419+0000][info][gc,heap        ] GC(216) Eden regions: 0->0(150)
[2024-08-28T13:06:00.419+0000][info][gc,heap        ] GC(216) Survivor regions: 0->0(1)
[2024-08-28T13:06:00.419+0000][info][gc,heap        ] GC(216) Old regions: 1017->443
[2024-08-28T13:06:00.419+0000][info][gc,heap        ] GC(216) Archive regions: 2->2
[2024-08-28T13:06:00.419+0000][info][gc,heap        ] GC(216) Humongous regions: 5->5
[2024-08-28T13:06:00.419+0000][info][gc,metaspace   ] GC(216) Metaspace: 100K(320K)->100K(320K) NonClass: 96K(192K)->96K(192K) Class: 4K(128K)->4K(128K)
[2024-08-28T13:06:00.419+0000][info][gc             ] GC(216) Pause Full (G1 Compaction Pause) 1022M->436M(1024M) 74.577ms
[2024-08-28T13:06:00.419+0000][info][gc,cpu         ] GC(216) User=1.57s Sys=0.01s Real=0.08s
[2024-08-28T13:06:00.512+0000][info][gc,start       ] GC(217) Pause Young (Normal) (G1 Evacuation Pause)
[2024-08-28T13:06:00.512+0000][info][gc,task        ] GC(217) Using 24 workers of 68 for evacuation
[2024-08-28T13:06:00.538+0000][info][gc,phases      ] GC(217)   Pre Evacuate Collection Set: 0.2ms
[2024-08-28T13:06:00.538+0000][info][gc,phases      ] GC(217)   Merge Heap Roots: 0.4ms
[2024-08-28T13:06:00.538+0000][info][gc,phases      ] GC(217)   Evacuate Collection Set: 25.3ms
[2024-08-28T13:06:00.538+0000][info][gc,phases      ] GC(217)   Post Evacuate Collection Set: 0.4ms
[2024-08-28T13:06:00.538+0000][info][gc,phases      ] GC(217)   Other: 0.3ms
[2024-08-28T13:06:00.538+0000][info][gc,heap        ] GC(217) Eden regions: 150->0(103)
[2024-08-28T13:06:00.538+0000][info][gc,heap        ] GC(217) Survivor regions: 0->19(19)
[2024-08-28T13:06:00.538+0000][info][gc,heap        ] GC(217) Old regions: 443->570
[2024-08-28T13:06:00.538+0000][info][gc,heap        ] GC(217) Archive regions: 2->2
[2024-08-28T13:06:00.538+0000][info][gc,heap        ] GC(217) Humongous regions: 5->5
[2024-08-28T13:06:00.538+0000][info][gc,metaspace   ] GC(217) Metaspace: 100K(320K)->100K(320K) NonClass: 96K(192K)->96K(192K) Class: 4K(128K)->4K(128K)
[2024-08-28T13:06:00.538+0000][info][gc             ] GC(217) Pause Young (Normal) (G1 Evacuation Pause) 586M->581M(1024M) 26.525ms
[2024-08-28T13:06:00.538+0000][info][gc,cpu         ] GC(217) User=0.61s Sys=0.00s Real=0.03s
[2024-08-28T13:06:00.599+0000][info][gc,start       ] GC(218) Pause Young (Normal) (G1 Evacuation Pause)
[2024-08-28T13:06:00.599+0000][info][gc,task        ] GC(218) Using 24 workers of 68 for evacuation
[2024-08-28T13:06:00.619+0000][info][gc,phases      ] GC(218)   Pre Evacuate Collection Set: 0.2ms
[2024-08-28T13:06:00.619+0000][info][gc,phases      ] GC(218)   Merge Heap Roots: 0.4ms
[2024-08-28T13:06:00.619+0000][info][gc,phases      ] GC(218)   Evacuate Collection Set: 19.6ms
[2024-08-28T13:06:00.619+0000][info][gc,phases      ] GC(218)   Post Evacuate Collection Set: 0.3ms
[2024-08-28T13:06:00.619+0000][info][gc,phases      ] GC(218)   Other: 0.2ms
[2024-08-28T13:06:00.619+0000][info][gc,heap        ] GC(218) Eden regions: 103->0(70)
[2024-08-28T13:06:00.619+0000][info][gc,heap        ] GC(218) Survivor regions: 19->16(16)
[2024-08-28T13:06:00.619+0000][info][gc,heap        ] GC(218) Old regions: 570->677
[2024-08-28T13:06:00.619+0000][info][gc,heap        ] GC(218) Archive regions: 2->2
[2024-08-28T13:06:00.620+0000][info][gc,heap        ] GC(218) Humongous regions: 5->5
[2024-08-28T13:06:00.620+0000][info][gc,metaspace   ] GC(218) Metaspace: 100K(320K)->100K(320K) NonClass: 96K(192K)->96K(192K) Class: 4K(128K)->4K(128K)
[2024-08-28T13:06:00.620+0000][info][gc             ] GC(218) Pause Young (Normal) (G1 Evacuation Pause) 684M->686M(1024M) 20.736ms
[2024-08-28T13:06:00.620+0000][info][gc,cpu         ] GC(218) User=0.47s Sys=0.00s Real=0.02s
[2024-08-28T13:06:00.662+0000][info][gc,start       ] GC(219) Pause Young (Concurrent Start) (G1 Evacuation Pause)
[2024-08-28T13:06:00.662+0000][info][gc,task        ] GC(219) Using 24 workers of 68 for evacuation
[2024-08-28T13:06:00.680+0000][info][gc,phases      ] GC(219)   Pre Evacuate Collection Set: 0.2ms
[2024-08-28T13:06:00.680+0000][info][gc,phases      ] GC(219)   Merge Heap Roots: 0.3ms
[2024-08-28T13:06:00.680+0000][info][gc,phases      ] GC(219)   Evacuate Collection Set: 16.6ms
[2024-08-28T13:06:00.680+0000][info][gc,phases      ] GC(219)   Post Evacuate Collection Set: 0.3ms
[2024-08-28T13:06:00.680+0000][info][gc,phases      ] GC(219)   Other: 0.7ms
[2024-08-28T13:06:00.680+0000][info][gc,heap        ] GC(219) Eden regions: 70->0(46)
[2024-08-28T13:06:00.680+0000][info][gc,heap        ] GC(219) Survivor regions: 16->11(11)
[2024-08-28T13:06:00.680+0000][info][gc,heap        ] GC(219) Old regions: 677->756
[2024-08-28T13:06:00.680+0000][info][gc,heap        ] GC(219) Archive regions: 2->2
[2024-08-28T13:06:00.680+0000][info][gc,heap        ] GC(219) Humongous regions: 5->5
[2024-08-28T13:06:00.680+0000][info][gc,metaspace   ] GC(219) Metaspace: 100K(320K)->100K(320K) NonClass: 96K(192K)->96K(192K) Class: 4K(128K)->4K(128K)
[2024-08-28T13:06:00.680+0000][info][gc             ] GC(219) Pause Young (Concurrent Start) (G1 Evacuation Pause) 756M->759M(1024M) 18.133ms
[2024-08-28T13:06:00.680+0000][info][gc,cpu         ] GC(219) User=0.39s Sys=0.01s Real=0.02s
[2024-08-28T13:06:00.680+0000][info][gc             ] GC(220) Concurrent Mark Cycle
[2024-08-28T13:06:00.680+0000][info][gc,marking     ] GC(220) Concurrent Clear Claimed Marks
[2024-08-28T13:06:00.680+0000][info][gc,marking     ] GC(220) Concurrent Clear Claimed Marks 0.018ms
[2024-08-28T13:06:00.680+0000][info][gc,marking     ] GC(220) Concurrent Scan Root Regions
[2024-08-28T13:06:00.683+0000][info][gc,marking     ] GC(220) Concurrent Scan Root Regions 2.912ms
[2024-08-28T13:06:00.683+0000][info][gc,marking     ] GC(220) Concurrent Mark
[2024-08-28T13:06:00.683+0000][info][gc,marking     ] GC(220) Concurrent Mark From Roots
[2024-08-28T13:06:00.683+0000][info][gc,task        ] GC(220) Using 17 workers of 17 for marking
[2024-08-28T13:06:00.709+0000][info][gc,marking     ] GC(220) Concurrent Mark From Roots 25.671ms
[2024-08-28T13:06:00.709+0000][info][gc,marking     ] GC(220) Concurrent Preclean
[2024-08-28T13:06:00.710+0000][info][gc,marking     ] GC(220) Concurrent Preclean 1.373ms
[2024-08-28T13:06:00.710+0000][info][gc,start       ] GC(220) Pause Remark
[2024-08-28T13:06:00.712+0000][info][gc             ] GC(220) Pause Remark 796M->796M(1024M) 1.530ms
[2024-08-28T13:06:00.712+0000][info][gc,cpu         ] GC(220) User=0.01s Sys=0.00s Real=0.00s
[2024-08-28T13:06:00.712+0000][info][gc,marking     ] GC(220) Concurrent Mark 29.174ms
[2024-08-28T13:06:00.712+0000][info][gc,marking     ] GC(220) Concurrent Rebuild Remembered Sets
[2024-08-28T13:06:00.719+0000][info][gc,start       ] GC(221) Pause Young (Normal) (G1 Evacuation Pause)
[2024-08-28T13:06:00.719+0000][info][gc,task        ] GC(221) Using 24 workers of 68 for evacuation
[2024-08-28T13:06:00.732+0000][info][gc,phases      ] GC(221)   Pre Evacuate Collection Set: 0.1ms
[2024-08-28T13:06:00.732+0000][info][gc,phases      ] GC(221)   Merge Heap Roots: 0.4ms
[2024-08-28T13:06:00.732+0000][info][gc,phases      ] GC(221)   Evacuate Collection Set: 11.9ms
[2024-08-28T13:06:00.732+0000][info][gc,phases      ] GC(221)   Post Evacuate Collection Set: 0.5ms
[2024-08-28T13:06:00.732+0000][info][gc,phases      ] GC(221)   Other: 0.2ms
[2024-08-28T13:06:00.732+0000][info][gc,heap        ] GC(221) Eden regions: 46->0(43)
[2024-08-28T13:06:00.732+0000][info][gc,heap        ] GC(221) Survivor regions: 11->8(8)
[2024-08-28T13:06:00.732+0000][info][gc,heap        ] GC(221) Old regions: 756->808
[2024-08-28T13:06:00.732+0000][info][gc,heap        ] GC(221) Archive regions: 2->2
[2024-08-28T13:06:00.732+0000][info][gc,heap        ] GC(221) Humongous regions: 5->5
[2024-08-28T13:06:00.732+0000][info][gc,metaspace   ] GC(221) Metaspace: 100K(320K)->100K(320K) NonClass: 96K(192K)->96K(192K) Class: 4K(128K)->4K(128K)
[2024-08-28T13:06:00.732+0000][info][gc             ] GC(221) Pause Young (Normal) (G1 Evacuation Pause) 805M->809M(1024M) 13.152ms
[2024-08-28T13:06:00.732+0000][info][gc,cpu         ] GC(221) User=0.29s Sys=0.00s Real=0.01s
[2024-08-28T13:06:00.762+0000][info][gc,start       ] GC(222) Pause Young (Normal) (G1 Evacuation Pause)
[2024-08-28T13:06:00.762+0000][info][gc,task        ] GC(222) Using 24 workers of 68 for evacuation
[2024-08-28T13:06:00.778+0000][info][gc,phases      ] GC(222)   Pre Evacuate Collection Set: 0.2ms
[2024-08-28T13:06:00.778+0000][info][gc,phases      ] GC(222)   Merge Heap Roots: 0.3ms
[2024-08-28T13:06:00.778+0000][info][gc,phases      ] GC(222)   Evacuate Collection Set: 15.0ms
[2024-08-28T13:06:00.778+0000][info][gc,phases      ] GC(222)   Post Evacuate Collection Set: 0.6ms
[2024-08-28T13:06:00.778+0000][info][gc,phases      ] GC(222)   Other: 0.3ms
[2024-08-28T13:06:00.778+0000][info][gc,heap        ] GC(222) Eden regions: 43->0(44)
[2024-08-28T13:06:00.778+0000][info][gc,heap        ] GC(222) Survivor regions: 8->7(7)
[2024-08-28T13:06:00.778+0000][info][gc,heap        ] GC(222) Old regions: 808->855
[2024-08-28T13:06:00.778+0000][info][gc,heap        ] GC(222) Archive regions: 2->2
[2024-08-28T13:06:00.778+0000][info][gc,heap        ] GC(222) Humongous regions: 5->5
[2024-08-28T13:06:00.778+0000][info][gc,metaspace   ] GC(222) Metaspace: 100K(320K)->100K(320K) NonClass: 96K(192K)->96K(192K) Class: 4K(128K)->4K(128K)
[2024-08-28T13:06:00.778+0000][info][gc             ] GC(222) Pause Young (Normal) (G1 Evacuation Pause) 852M->855M(1024M) 16.379ms
[2024-08-28T13:06:00.778+0000][info][gc,cpu         ] GC(222) User=0.36s Sys=0.00s Real=0.02s
[2024-08-28T13:06:00.795+0000][info][gc,marking     ] GC(220) Concurrent Rebuild Remembered Sets 82.423ms
[2024-08-28T13:06:00.795+0000][info][gc,start       ] GC(220) Pause Cleanup
[2024-08-28T13:06:00.796+0000][info][gc             ] GC(220) Pause Cleanup 880M->880M(1024M) 1.318ms
[2024-08-28T13:06:00.796+0000][info][gc,cpu         ] GC(220) User=0.01s Sys=0.00s Real=0.00s
[2024-08-28T13:06:00.796+0000][info][gc,marking     ] GC(220) Concurrent Cleanup for Next Mark
[2024-08-28T13:06:00.797+0000][info][gc,marking     ] GC(220) Concurrent Cleanup for Next Mark 0.830ms
[2024-08-28T13:06:00.797+0000][info][gc             ] GC(220) Concurrent Mark Cycle 117.274ms
[2024-08-28T13:06:00.809+0000][info][gc,start       ] GC(223) Pause Young (Prepare Mixed) (G1 Evacuation Pause)
[2024-08-28T13:06:00.809+0000][info][gc,task        ] GC(223) Using 24 workers of 68 for evacuation
[2024-08-28T13:06:00.827+0000][info][gc,phases      ] GC(223)   Pre Evacuate Collection Set: 0.2ms
[2024-08-28T13:06:00.827+0000][info][gc,phases      ] GC(223)   Merge Heap Roots: 0.6ms
[2024-08-28T13:06:00.827+0000][info][gc,phases      ] GC(223)   Evacuate Collection Set: 16.4ms
[2024-08-28T13:06:00.827+0000][info][gc,phases      ] GC(223)   Post Evacuate Collection Set: 0.3ms
[2024-08-28T13:06:00.827+0000][info][gc,phases      ] GC(223)   Other: 0.2ms
[2024-08-28T13:06:00.827+0000][info][gc,heap        ] GC(223) Eden regions: 44->0(44)
[2024-08-28T13:06:00.827+0000][info][gc,heap        ] GC(223) Survivor regions: 7->7(7)
[2024-08-28T13:06:00.827+0000][info][gc,heap        ] GC(223) Old regions: 855->902
[2024-08-28T13:06:00.827+0000][info][gc,heap        ] GC(223) Archive regions: 2->2
[2024-08-28T13:06:00.827+0000][info][gc,heap        ] GC(223) Humongous regions: 5->5
[2024-08-28T13:06:00.827+0000][info][gc,metaspace   ] GC(223) Metaspace: 100K(320K)->100K(320K) NonClass: 96K(192K)->96K(192K) Class: 4K(128K)->4K(128K)
[2024-08-28T13:06:00.827+0000][info][gc             ] GC(223) Pause Young (Prepare Mixed) (G1 Evacuation Pause) 899M->902M(1024M) 17.754ms
[2024-08-28T13:06:00.827+0000][info][gc,cpu         ] GC(223) User=0.41s Sys=0.00s Real=0.02s
[2024-08-28T13:06:00.854+0000][info][gc,start       ] GC(224) Pause Young (Mixed) (G1 Evacuation Pause)
[2024-08-28T13:06:00.854+0000][info][gc,task        ] GC(224) Using 24 workers of 68 for evacuation
[2024-08-28T13:06:00.867+0000][info][gc,phases      ] GC(224)   Pre Evacuate Collection Set: 0.2ms
[2024-08-28T13:06:00.867+0000][info][gc,phases      ] GC(224)   Merge Heap Roots: 0.4ms
[2024-08-28T13:06:00.867+0000][info][gc,phases      ] GC(224)   Evacuate Collection Set: 11.6ms
[2024-08-28T13:06:00.867+0000][info][gc,phases      ] GC(224)   Post Evacuate Collection Set: 0.4ms
[2024-08-28T13:06:00.867+0000][info][gc,phases      ] GC(224)   Other: 0.2ms
[2024-08-28T13:06:00.867+0000][info][gc,heap        ] GC(224) Eden regions: 44->0(44)
[2024-08-28T13:06:00.867+0000][info][gc,heap        ] GC(224) Survivor regions: 7->7(7)
[2024-08-28T13:06:00.867+0000][info][gc,heap        ] GC(224) Old regions: 902->846
[2024-08-28T13:06:00.867+0000][info][gc,heap        ] GC(224) Archive regions: 2->2
[2024-08-28T13:06:00.867+0000][info][gc,heap        ] GC(224) Humongous regions: 5->5
[2024-08-28T13:06:00.867+0000][info][gc,metaspace   ] GC(224) Metaspace: 100K(320K)->100K(320K) NonClass: 96K(192K)->96K(192K) Class: 4K(128K)->4K(128K)
[2024-08-28T13:06:00.867+0000][info][gc             ] GC(224) Pause Young (Mixed) (G1 Evacuation Pause) 946M->848M(1024M) 12.905ms
[2024-08-28T13:06:00.867+0000][info][gc,cpu         ] GC(224) User=0.29s Sys=0.00s Real=0.01s
[2024-08-28T13:06:00.893+0000][info][gc,start       ] GC(225) Pause Young (Mixed) (G1 Evacuation Pause)
[2024-08-28T13:06:00.893+0000][info][gc,task        ] GC(225) Using 24 workers of 68 for evacuation
[2024-08-28T13:06:00.911+0000][info][gc,phases      ] GC(225)   Pre Evacuate Collection Set: 0.2ms
[2024-08-28T13:06:00.911+0000][info][gc,phases      ] GC(225)   Merge Heap Roots: 0.5ms
[2024-08-28T13:06:00.911+0000][info][gc,phases      ] GC(225)   Evacuate Collection Set: 17.2ms
[2024-08-28T13:06:00.911+0000][info][gc,phases      ] GC(225)   Post Evacuate Collection Set: 0.4ms
[2024-08-28T13:06:00.911+0000][info][gc,phases      ] GC(225)   Other: 0.3ms
[2024-08-28T13:06:00.911+0000][info][gc,heap        ] GC(225) Eden regions: 44->0(44)
[2024-08-28T13:06:00.911+0000][info][gc,heap        ] GC(225) Survivor regions: 7->7(7)
[2024-08-28T13:06:00.911+0000][info][gc,heap        ] GC(225) Old regions: 846->789
[2024-08-28T13:06:00.911+0000][info][gc,heap        ] GC(225) Archive regions: 2->2
[2024-08-28T13:06:00.911+0000][info][gc,heap        ] GC(225) Humongous regions: 5->5
[2024-08-28T13:06:00.911+0000][info][gc,metaspace   ] GC(225) Metaspace: 100K(320K)->100K(320K) NonClass: 96K(192K)->96K(192K) Class: 4K(128K)->4K(128K)
[2024-08-28T13:06:00.911+0000][info][gc             ] GC(225) Pause Young (Mixed) (G1 Evacuation Pause) 892M->791M(1024M) 18.567ms
[2024-08-28T13:06:00.911+0000][info][gc,cpu         ] GC(225) User=0.30s Sys=0.00s Real=0.02s
[2024-08-28T13:06:00.940+0000][info][gc,start       ] GC(226) Pause Young (Mixed) (G1 Evacuation Pause)
[2024-08-28T13:06:00.940+0000][info][gc,task        ] GC(226) Using 24 workers of 68 for evacuation
[2024-08-28T13:06:00.952+0000][info][gc,phases      ] GC(226)   Pre Evacuate Collection Set: 0.2ms
[2024-08-28T13:06:00.952+0000][info][gc,phases      ] GC(226)   Merge Heap Roots: 0.4ms
[2024-08-28T13:06:00.952+0000][info][gc,phases      ] GC(226)   Evacuate Collection Set: 11.3ms
[2024-08-28T13:06:00.952+0000][info][gc,phases      ] GC(226)   Post Evacuate Collection Set: 0.4ms
[2024-08-28T13:06:00.952+0000][info][gc,phases      ] GC(226)   Other: 0.2ms
[2024-08-28T13:06:00.952+0000][info][gc,heap        ] GC(226) Eden regions: 44->0(44)
[2024-08-28T13:06:00.952+0000][info][gc,heap        ] GC(226) Survivor regions: 7->7(7)
[2024-08-28T13:06:00.952+0000][info][gc,heap        ] GC(226) Old regions: 789->773
[2024-08-28T13:06:00.952+0000][info][gc,heap        ] GC(226) Archive regions: 2->2
[2024-08-28T13:06:00.952+0000][info][gc,heap        ] GC(226) Humongous regions: 5->5
[2024-08-28T13:06:00.952+0000][info][gc,metaspace   ] GC(226) Metaspace: 100K(320K)->100K(320K) NonClass: 96K(192K)->96K(192K) Class: 4K(128K)->4K(128K)
[2024-08-28T13:06:00.952+0000][info][gc             ] GC(226) Pause Young (Mixed) (G1 Evacuation Pause) 835M->779M(1024M) 12.536ms
[2024-08-28T13:06:00.952+0000][info][gc,cpu         ] GC(226) User=0.28s Sys=0.00s Real=0.01s
[2024-08-28T13:06:00.980+0000][info][gc,start       ] GC(227) Pause Young (Concurrent Start) (G1 Evacuation Pause)
[2024-08-28T13:06:00.980+0000][info][gc,task        ] GC(227) Using 24 workers of 68 for evacuation
[2024-08-28T13:06:00.994+0000][info][gc,phases      ] GC(227)   Pre Evacuate Collection Set: 0.3ms
[2024-08-28T13:06:00.994+0000][info][gc,phases      ] GC(227)   Merge Heap Roots: 0.5ms
[2024-08-28T13:06:00.994+0000][info][gc,phases      ] GC(227)   Evacuate Collection Set: 12.3ms
[2024-08-28T13:06:00.994+0000][info][gc,phases      ] GC(227)   Post Evacuate Collection Set: 0.3ms
[2024-08-28T13:06:00.994+0000][info][gc,phases      ] GC(227)   Other: 0.7ms
[2024-08-28T13:06:00.994+0000][info][gc,heap        ] GC(227) Eden regions: 44->0(44)
[2024-08-28T13:06:00.994+0000][info][gc,heap        ] GC(227) Survivor regions: 7->7(7)
[2024-08-28T13:06:00.994+0000][info][gc,heap        ] GC(227) Old regions: 773->820
[2024-08-28T13:06:00.994+0000][info][gc,heap        ] GC(227) Archive regions: 2->2
[2024-08-28T13:06:00.994+0000][info][gc,heap        ] GC(227) Humongous regions: 5->5
[2024-08-28T13:06:00.994+0000][info][gc,metaspace   ] GC(227) Metaspace: 100K(320K)->100K(320K) NonClass: 96K(192K)->96K(192K) Class: 4K(128K)->4K(128K)
[2024-08-28T13:06:00.994+0000][info][gc             ] GC(227) Pause Young (Concurrent Start) (G1 Evacuation Pause) 823M->826M(1024M) 14.034ms
[2024-08-28T13:06:00.994+0000][info][gc,cpu         ] GC(227) User=0.17s Sys=0.01s Real=0.01s
[2024-08-28T13:06:00.994+0000][info][gc             ] GC(228) Concurrent Mark Cycle
[2024-08-28T13:06:00.994+0000][info][gc,marking     ] GC(228) Concurrent Clear Claimed Marks
[2024-08-28T13:06:00.994+0000][info][gc,marking     ] GC(228) Concurrent Clear Claimed Marks 0.012ms
[2024-08-28T13:06:00.994+0000][info][gc,marking     ] GC(228) Concurrent Scan Root Regions
[2024-08-28T13:06:00.996+0000][info][gc,marking     ] GC(228) Concurrent Scan Root Regions 1.677ms
[2024-08-28T13:06:00.996+0000][info][gc,marking     ] GC(228) Concurrent Mark
[2024-08-28T13:06:00.996+0000][info][gc,marking     ] GC(228) Concurrent Mark From Roots
[2024-08-28T13:06:00.996+0000][info][gc,task        ] GC(228) Using 17 workers of 17 for marking
[2024-08-28T13:06:01.023+0000][info][gc,marking     ] GC(228) Concurrent Mark From Roots 27.146ms
[2024-08-28T13:06:01.023+0000][info][gc,marking     ] GC(228) Concurrent Preclean
[2024-08-28T13:06:01.024+0000][info][gc,marking     ] GC(228) Concurrent Preclean 1.080ms
[2024-08-28T13:06:01.025+0000][info][gc,start       ] GC(228) Pause Remark
[2024-08-28T13:06:01.026+0000][info][gc             ] GC(228) Pause Remark 860M->860M(1024M) 1.447ms
[2024-08-28T13:06:01.026+0000][info][gc,cpu         ] GC(228) User=0.01s Sys=0.01s Real=0.00s
[2024-08-28T13:06:01.026+0000][info][gc,marking     ] GC(228) Concurrent Mark 30.263ms
[2024-08-28T13:06:01.026+0000][info][gc,marking     ] GC(228) Concurrent Rebuild Remembered Sets
[2024-08-28T13:06:01.034+0000][info][gc,start       ] GC(229) Pause Young (Normal) (G1 Evacuation Pause)
[2024-08-28T13:06:01.034+0000][info][gc,task        ] GC(229) Using 24 workers of 68 for evacuation
[2024-08-28T13:06:01.046+0000][info][gc,phases      ] GC(229)   Pre Evacuate Collection Set: 0.2ms
[2024-08-28T13:06:01.046+0000][info][gc,phases      ] GC(229)   Merge Heap Roots: 0.4ms
[2024-08-28T13:06:01.046+0000][info][gc,phases      ] GC(229)   Evacuate Collection Set: 10.7ms
[2024-08-28T13:06:01.046+0000][info][gc,phases      ] GC(229)   Post Evacuate Collection Set: 0.6ms
[2024-08-28T13:06:01.046+0000][info][gc,phases      ] GC(229)   Other: 0.2ms
[2024-08-28T13:06:01.046+0000][info][gc,heap        ] GC(229) Eden regions: 44->0(44)
[2024-08-28T13:06:01.046+0000][info][gc,heap        ] GC(229) Survivor regions: 7->7(7)
[2024-08-28T13:06:01.046+0000][info][gc,heap        ] GC(229) Old regions: 820->866
[2024-08-28T13:06:01.046+0000][info][gc,heap        ] GC(229) Archive regions: 2->2
[2024-08-28T13:06:01.046+0000][info][gc,heap        ] GC(229) Humongous regions: 5->5
[2024-08-28T13:06:01.046+0000][info][gc,metaspace   ] GC(229) Metaspace: 100K(320K)->100K(320K) NonClass: 96K(192K)->96K(192K) Class: 4K(128K)->4K(128K)
[2024-08-28T13:06:01.046+0000][info][gc             ] GC(229) Pause Young (Normal) (G1 Evacuation Pause) 870M->873M(1024M) 12.208ms
[2024-08-28T13:06:01.046+0000][info][gc,cpu         ] GC(229) User=0.26s Sys=0.00s Real=0.01s
[2024-08-28T13:06:01.075+0000][info][gc,start       ] GC(230) Pause Young (Normal) (G1 Evacuation Pause)
[2024-08-28T13:06:01.075+0000][info][gc,task        ] GC(230) Using 24 workers of 68 for evacuation
[2024-08-28T13:06:01.092+0000][info][gc,phases      ] GC(230)   Pre Evacuate Collection Set: 0.2ms
[2024-08-28T13:06:01.092+0000][info][gc,phases      ] GC(230)   Merge Heap Roots: 1.0ms
[2024-08-28T13:06:01.093+0000][info][gc,phases      ] GC(230)   Evacuate Collection Set: 15.2ms
[2024-08-28T13:06:01.093+0000][info][gc,phases      ] GC(230)   Post Evacuate Collection Set: 0.7ms
[2024-08-28T13:06:01.093+0000][info][gc,phases      ] GC(230)   Other: 0.3ms
[2024-08-28T13:06:01.093+0000][info][gc,heap        ] GC(230) Eden regions: 44->0(44)
[2024-08-28T13:06:01.093+0000][info][gc,heap        ] GC(230) Survivor regions: 7->7(7)
[2024-08-28T13:06:01.093+0000][info][gc,heap        ] GC(230) Old regions: 866->912
[2024-08-28T13:06:01.093+0000][info][gc,heap        ] GC(230) Archive regions: 2->2
[2024-08-28T13:06:01.093+0000][info][gc,heap        ] GC(230) Humongous regions: 5->5
[2024-08-28T13:06:01.093+0000][info][gc,metaspace   ] GC(230) Metaspace: 100K(320K)->100K(320K) NonClass: 96K(192K)->96K(192K) Class: 4K(128K)->4K(128K)
[2024-08-28T13:06:01.093+0000][info][gc             ] GC(230) Pause Young (Normal) (G1 Evacuation Pause) 917M->919M(1024M) 17.453ms
[2024-08-28T13:06:01.093+0000][info][gc,cpu         ] GC(230) User=0.39s Sys=0.00s Real=0.02s
[2024-08-28T13:06:01.110+0000][info][gc,marking     ] GC(228) Concurrent Rebuild Remembered Sets 83.474ms
[2024-08-28T13:06:01.110+0000][info][gc,start       ] GC(228) Pause Cleanup
[2024-08-28T13:06:01.113+0000][info][gc             ] GC(228) Pause Cleanup 944M->944M(1024M) 3.132ms
[2024-08-28T13:06:01.113+0000][info][gc,cpu         ] GC(228) User=0.01s Sys=0.00s Real=0.00s
[2024-08-28T13:06:01.113+0000][info][gc,marking     ] GC(228) Concurrent Cleanup for Next Mark
[2024-08-28T13:06:01.114+0000][info][gc,marking     ] GC(228) Concurrent Cleanup for Next Mark 0.846ms
[2024-08-28T13:06:01.114+0000][info][gc             ] GC(228) Concurrent Mark Cycle 119.937ms
[2024-08-28T13:06:01.126+0000][info][gc,start       ] GC(231) Pause Young (Prepare Mixed) (G1 Preventive Collection)
[2024-08-28T13:06:01.126+0000][info][gc,task        ] GC(231) Using 24 workers of 68 for evacuation
[2024-08-28T13:06:01.145+0000][info][gc,phases      ] GC(231)   Pre Evacuate Collection Set: 0.2ms
[2024-08-28T13:06:01.145+0000][info][gc,phases      ] GC(231)   Merge Heap Roots: 1.1ms
[2024-08-28T13:06:01.145+0000][info][gc,phases      ] GC(231)   Evacuate Collection Set: 17.4ms
[2024-08-28T13:06:01.145+0000][info][gc,phases      ] GC(231)   Post Evacuate Collection Set: 0.4ms
[2024-08-28T13:06:01.145+0000][info][gc,phases      ] GC(231)   Other: 0.3ms
[2024-08-28T13:06:01.145+0000][info][gc,heap        ] GC(231) Eden regions: 43->0(44)
[2024-08-28T13:06:01.145+0000][info][gc,heap        ] GC(231) Survivor regions: 7->7(7)
[2024-08-28T13:06:01.145+0000][info][gc,heap        ] GC(231) Old regions: 912->958
[2024-08-28T13:06:01.145+0000][info][gc,heap        ] GC(231) Archive regions: 2->2
[2024-08-28T13:06:01.145+0000][info][gc,heap        ] GC(231) Humongous regions: 5->5
[2024-08-28T13:06:01.145+0000][info][gc,metaspace   ] GC(231) Metaspace: 100K(320K)->100K(320K) NonClass: 96K(192K)->96K(192K) Class: 4K(128K)->4K(128K)
[2024-08-28T13:06:01.145+0000][info][gc             ] GC(231) Pause Young (Prepare Mixed) (G1 Preventive Collection) 962M->964M(1024M) 19.632ms
[2024-08-28T13:06:01.145+0000][info][gc,cpu         ] GC(231) User=0.44s Sys=0.00s Real=0.02s
[2024-08-28T13:06:01.159+0000][info][gc,start       ] GC(232) Pause Young (Mixed) (G1 Preventive Collection)
[2024-08-28T13:06:01.159+0000][info][gc,task        ] GC(232) Using 24 workers of 68 for evacuation
[2024-08-28T13:06:01.169+0000][info][gc             ] GC(232) To-space exhausted
[2024-08-28T13:06:01.169+0000][info][gc,phases      ] GC(232)   Pre Evacuate Collection Set: 0.2ms
[2024-08-28T13:06:01.169+0000][info][gc,phases      ] GC(232)   Merge Heap Roots: 0.4ms
[2024-08-28T13:06:01.169+0000][info][gc,phases      ] GC(232)   Evacuate Collection Set: 8.1ms
[2024-08-28T13:06:01.169+0000][info][gc,phases      ] GC(232)   Post Evacuate Collection Set: 0.8ms
[2024-08-28T13:06:01.169+0000][info][gc,phases      ] GC(232)   Other: 0.4ms
[2024-08-28T13:06:01.169+0000][info][gc,heap        ] GC(232) Eden regions: 21->0(44)
[2024-08-28T13:06:01.169+0000][info][gc,heap        ] GC(232) Survivor regions: 7->7(7)
[2024-08-28T13:06:01.169+0000][info][gc,heap        ] GC(232) Old regions: 958->896
[2024-08-28T13:06:01.169+0000][info][gc,heap        ] GC(232) Archive regions: 2->2
[2024-08-28T13:06:01.169+0000][info][gc,heap        ] GC(232) Humongous regions: 5->5
[2024-08-28T13:06:01.169+0000][info][gc,metaspace   ] GC(232) Metaspace: 100K(320K)->100K(320K) NonClass: 96K(192K)->96K(192K) Class: 4K(128K)->4K(128K)
[2024-08-28T13:06:01.169+0000][info][gc             ] GC(232) Pause Young (Mixed) (G1 Preventive Collection) 985M->907M(1024M) 9.985ms
[2024-08-28T13:06:01.169+0000][info][gc,cpu         ] GC(232) User=0.20s Sys=0.00s Real=0.00s
[2024-08-28T13:06:01.195+0000][info][gc,start       ] GC(233) Pause Young (Mixed) (G1 Evacuation Pause)
[2024-08-28T13:06:01.195+0000][info][gc,task        ] GC(233) Using 24 workers of 68 for evacuation
[2024-08-28T13:06:01.208+0000][info][gc,phases      ] GC(233)   Pre Evacuate Collection Set: 0.2ms
[2024-08-28T13:06:01.208+0000][info][gc,phases      ] GC(233)   Merge Heap Roots: 0.6ms
[2024-08-28T13:06:01.208+0000][info][gc,phases      ] GC(233)   Evacuate Collection Set: 11.0ms
[2024-08-28T13:06:01.208+0000][info][gc,phases      ] GC(233)   Post Evacuate Collection Set: 0.5ms
[2024-08-28T13:06:01.208+0000][info][gc,phases      ] GC(233)   Other: 0.3ms
[2024-08-28T13:06:01.208+0000][info][gc,heap        ] GC(233) Eden regions: 44->0(44)
[2024-08-28T13:06:01.208+0000][info][gc,heap        ] GC(233) Survivor regions: 7->7(7)
[2024-08-28T13:06:01.208+0000][info][gc,heap        ] GC(233) Old regions: 896->839
[2024-08-28T13:06:01.208+0000][info][gc,heap        ] GC(233) Archive regions: 2->2
[2024-08-28T13:06:01.208+0000][info][gc,heap        ] GC(233) Humongous regions: 5->5
[2024-08-28T13:06:01.208+0000][info][gc,metaspace   ] GC(233) Metaspace: 100K(320K)->100K(320K) NonClass: 96K(192K)->96K(192K) Class: 4K(128K)->4K(128K)
[2024-08-28T13:06:01.208+0000][info][gc             ] GC(233) Pause Young (Mixed) (G1 Evacuation Pause) 951M->850M(1024M) 12.798ms
[2024-08-28T13:06:01.208+0000][info][gc,cpu         ] GC(233) User=0.28s Sys=0.00s Real=0.01s
[2024-08-28T13:06:01.233+0000][info][gc,start       ] GC(234) Pause Young (Mixed) (G1 Evacuation Pause)
[2024-08-28T13:06:01.233+0000][info][gc,task        ] GC(234) Using 24 workers of 68 for evacuation
[2024-08-28T13:06:01.246+0000][info][gc,phases      ] GC(234)   Pre Evacuate Collection Set: 0.2ms
[2024-08-28T13:06:01.246+0000][info][gc,phases      ] GC(234)   Merge Heap Roots: 0.4ms
[2024-08-28T13:06:01.246+0000][info][gc,phases      ] GC(234)   Evacuate Collection Set: 11.5ms
[2024-08-28T13:06:01.246+0000][info][gc,phases      ] GC(234)   Post Evacuate Collection Set: 0.4ms
[2024-08-28T13:06:01.246+0000][info][gc,phases      ] GC(234)   Other: 0.3ms
[2024-08-28T13:06:01.246+0000][info][gc,heap        ] GC(234) Eden regions: 44->0(44)
[2024-08-28T13:06:01.246+0000][info][gc,heap        ] GC(234) Survivor regions: 7->7(7)
[2024-08-28T13:06:01.246+0000][info][gc,heap        ] GC(234) Old regions: 839->784
[2024-08-28T13:06:01.246+0000][info][gc,heap        ] GC(234) Archive regions: 2->2
[2024-08-28T13:06:01.246+0000][info][gc,heap        ] GC(234) Humongous regions: 5->5
[2024-08-28T13:06:01.246+0000][info][gc,metaspace   ] GC(234) Metaspace: 100K(320K)->100K(320K) NonClass: 96K(192K)->96K(192K) Class: 4K(128K)->4K(128K)
[2024-08-28T13:06:01.246+0000][info][gc             ] GC(234) Pause Young (Mixed) (G1 Evacuation Pause) 894M->796M(1024M) 13.002ms
[2024-08-28T13:06:01.246+0000][info][gc,cpu         ] GC(234) User=0.27s Sys=0.01s Real=0.01s
[2024-08-28T13:06:01.271+0000][info][gc,start       ] GC(235) Pause Young (Mixed) (G1 Evacuation Pause)
[2024-08-28T13:06:01.271+0000][info][gc,task        ] GC(235) Using 24 workers of 68 for evacuation
[2024-08-28T13:06:01.284+0000][info][gc,phases      ] GC(235)   Pre Evacuate Collection Set: 0.2ms
[2024-08-28T13:06:01.284+0000][info][gc,phases      ] GC(235)   Merge Heap Roots: 0.4ms
[2024-08-28T13:06:01.284+0000][info][gc,phases      ] GC(235)   Evacuate Collection Set: 12.0ms
[2024-08-28T13:06:01.284+0000][info][gc,phases      ] GC(235)   Post Evacuate Collection Set: 0.4ms
[2024-08-28T13:06:01.284+0000][info][gc,phases      ] GC(235)   Other: 0.3ms
[2024-08-28T13:06:01.284+0000][info][gc,heap        ] GC(235) Eden regions: 44->0(44)
[2024-08-28T13:06:01.284+0000][info][gc,heap        ] GC(235) Survivor regions: 7->7(7)
[2024-08-28T13:06:01.284+0000][info][gc,heap        ] GC(235) Old regions: 784->806
[2024-08-28T13:06:01.284+0000][info][gc,heap        ] GC(235) Archive regions: 2->2
[2024-08-28T13:06:01.284+0000][info][gc,heap        ] GC(235) Humongous regions: 5->5
[2024-08-28T13:06:01.284+0000][info][gc,metaspace   ] GC(235) Metaspace: 100K(320K)->100K(320K) NonClass: 96K(192K)->96K(192K) Class: 4K(128K)->4K(128K)
[2024-08-28T13:06:01.284+0000][info][gc             ] GC(235) Pause Young (Mixed) (G1 Evacuation Pause) 840M->818M(1024M) 13.435ms
[2024-08-28T13:06:01.284+0000][info][gc,cpu         ] GC(235) User=0.29s Sys=0.00s Real=0.01s
[2024-08-28T13:06:01.306+0000][info][gc,start       ] GC(236) Pause Young (Concurrent Start) (G1 Evacuation Pause)
[2024-08-28T13:06:01.306+0000][info][gc,task        ] GC(236) Using 24 workers of 68 for evacuation
[2024-08-28T13:06:01.318+0000][info][gc,phases      ] GC(236)   Pre Evacuate Collection Set: 0.2ms
[2024-08-28T13:06:01.318+0000][info][gc,phases      ] GC(236)   Merge Heap Roots: 0.4ms
[2024-08-28T13:06:01.318+0000][info][gc,phases      ] GC(236)   Evacuate Collection Set: 10.1ms
[2024-08-28T13:06:01.318+0000][info][gc,phases      ] GC(236)   Post Evacuate Collection Set: 0.3ms
[2024-08-28T13:06:01.318+0000][info][gc,phases      ] GC(236)   Other: 0.9ms
[2024-08-28T13:06:01.318+0000][info][gc,heap        ] GC(236) Eden regions: 44->0(44)
[2024-08-28T13:06:01.318+0000][info][gc,heap        ] GC(236) Survivor regions: 7->7(7)
[2024-08-28T13:06:01.318+0000][info][gc,heap        ] GC(236) Old regions: 806->853
[2024-08-28T13:06:01.318+0000][info][gc,heap        ] GC(236) Archive regions: 2->2
[2024-08-28T13:06:01.318+0000][info][gc,heap        ] GC(236) Humongous regions: 5->5
[2024-08-28T13:06:01.318+0000][info][gc,metaspace   ] GC(236) Metaspace: 100K(320K)->100K(320K) NonClass: 96K(192K)->96K(192K) Class: 4K(128K)->4K(128K)
[2024-08-28T13:06:01.318+0000][info][gc             ] GC(236) Pause Young (Concurrent Start) (G1 Evacuation Pause) 862M->865M(1024M) 12.083ms
[2024-08-28T13:06:01.318+0000][info][gc,cpu         ] GC(236) User=0.25s Sys=0.00s Real=0.02s
[2024-08-28T13:06:01.318+0000][info][gc             ] GC(237) Concurrent Mark Cycle
[2024-08-28T13:06:01.318+0000][info][gc,marking     ] GC(237) Concurrent Clear Claimed Marks
[2024-08-28T13:06:01.318+0000][info][gc,marking     ] GC(237) Concurrent Clear Claimed Marks 0.009ms
[2024-08-28T13:06:01.318+0000][info][gc,marking     ] GC(237) Concurrent Scan Root Regions
[2024-08-28T13:06:01.320+0000][info][gc,marking     ] GC(237) Concurrent Scan Root Regions 1.645ms
[2024-08-28T13:06:01.320+0000][info][gc,marking     ] GC(237) Concurrent Mark
[2024-08-28T13:06:01.320+0000][info][gc,marking     ] GC(237) Concurrent Mark From Roots
[2024-08-28T13:06:01.320+0000][info][gc,task        ] GC(237) Using 17 workers of 17 for marking
[2024-08-28T13:06:01.347+0000][info][gc,marking     ] GC(237) Concurrent Mark From Roots 26.690ms
[2024-08-28T13:06:01.347+0000][info][gc,marking     ] GC(237) Concurrent Preclean
[2024-08-28T13:06:01.347+0000][info][gc,marking     ] GC(237) Concurrent Preclean 0.498ms
[2024-08-28T13:06:01.348+0000][info][gc,start       ] GC(237) Pause Remark
[2024-08-28T13:06:01.350+0000][info][gc             ] GC(237) Pause Remark 901M->899M(1024M) 1.965ms
[2024-08-28T13:06:01.350+0000][info][gc,cpu         ] GC(237) User=0.01s Sys=0.01s Real=0.01s
[2024-08-28T13:06:01.350+0000][info][gc,marking     ] GC(237) Concurrent Mark 29.606ms
[2024-08-28T13:06:01.350+0000][info][gc,marking     ] GC(237) Concurrent Rebuild Remembered Sets
[2024-08-28T13:06:01.355+0000][info][gc,start       ] GC(238) Pause Young (Normal) (G1 Evacuation Pause)
[2024-08-28T13:06:01.355+0000][info][gc,task        ] GC(238) Using 24 workers of 68 for evacuation
[2024-08-28T13:06:01.366+0000][info][gc,phases      ] GC(238)   Pre Evacuate Collection Set: 0.2ms
[2024-08-28T13:06:01.366+0000][info][gc,phases      ] GC(238)   Merge Heap Roots: 0.4ms
[2024-08-28T13:06:01.366+0000][info][gc,phases      ] GC(238)   Evacuate Collection Set: 10.2ms
[2024-08-28T13:06:01.366+0000][info][gc,phases      ] GC(238)   Post Evacuate Collection Set: 0.4ms
[2024-08-28T13:06:01.366+0000][info][gc,phases      ] GC(238)   Other: 0.3ms
[2024-08-28T13:06:01.366+0000][info][gc,heap        ] GC(238) Eden regions: 44->0(44)
[2024-08-28T13:06:01.366+0000][info][gc,heap        ] GC(238) Survivor regions: 7->7(7)
[2024-08-28T13:06:01.366+0000][info][gc,heap        ] GC(238) Old regions: 851->898
[2024-08-28T13:06:01.366+0000][info][gc,heap        ] GC(238) Archive regions: 2->2
[2024-08-28T13:06:01.367+0000][info][gc,heap        ] GC(238) Humongous regions: 5->5
[2024-08-28T13:06:01.367+0000][info][gc,metaspace   ] GC(238) Metaspace: 100K(320K)->100K(320K) NonClass: 96K(192K)->96K(192K) Class: 4K(128K)->4K(128K)
[2024-08-28T13:06:01.367+0000][info][gc             ] GC(238) Pause Young (Normal) (G1 Evacuation Pause) 907M->910M(1024M) 11.491ms
[2024-08-28T13:06:01.367+0000][info][gc,cpu         ] GC(238) User=0.25s Sys=0.00s Real=0.01s
[2024-08-28T13:06:01.394+0000][info][gc,start       ] GC(239) Pause Young (Normal) (G1 Evacuation Pause)
[2024-08-28T13:06:01.394+0000][info][gc,task        ] GC(239) Using 24 workers of 68 for evacuation
[2024-08-28T13:06:01.410+0000][info][gc,phases      ] GC(239)   Pre Evacuate Collection Set: 0.2ms
[2024-08-28T13:06:01.410+0000][info][gc,phases      ] GC(239)   Merge Heap Roots: 0.5ms
[2024-08-28T13:06:01.410+0000][info][gc,phases      ] GC(239)   Evacuate Collection Set: 14.4ms
[2024-08-28T13:06:01.410+0000][info][gc,phases      ] GC(239)   Post Evacuate Collection Set: 0.6ms
[2024-08-28T13:06:01.410+0000][info][gc,phases      ] GC(239)   Other: 0.3ms
[2024-08-28T13:06:01.410+0000][info][gc,heap        ] GC(239) Eden regions: 44->0(44)
[2024-08-28T13:06:01.410+0000][info][gc,heap        ] GC(239) Survivor regions: 7->7(7)
[2024-08-28T13:06:01.410+0000][info][gc,heap        ] GC(239) Old regions: 898->946
[2024-08-28T13:06:01.410+0000][info][gc,heap        ] GC(239) Archive regions: 2->2
[2024-08-28T13:06:01.410+0000][info][gc,heap        ] GC(239) Humongous regions: 5->5
[2024-08-28T13:06:01.410+0000][info][gc,metaspace   ] GC(239) Metaspace: 100K(320K)->100K(320K) NonClass: 96K(192K)->96K(192K) Class: 4K(128K)->4K(128K)
[2024-08-28T13:06:01.410+0000][info][gc             ] GC(239) Pause Young (Normal) (G1 Evacuation Pause) 954M->958M(1024M) 16.078ms
[2024-08-28T13:06:01.410+0000][info][gc,cpu         ] GC(239) User=0.35s Sys=0.00s Real=0.02s
[2024-08-28T13:06:01.429+0000][info][gc,start       ] GC(240) Pause Young (Normal) (G1 Preventive Collection)
[2024-08-28T13:06:01.429+0000][info][gc,task        ] GC(240) Using 24 workers of 68 for evacuation
[2024-08-28T13:06:01.444+0000][info][gc,phases      ] GC(240)   Pre Evacuate Collection Set: 0.2ms
[2024-08-28T13:06:01.444+0000][info][gc,phases      ] GC(240)   Merge Heap Roots: 0.5ms
[2024-08-28T13:06:01.444+0000][info][gc,phases      ] GC(240)   Evacuate Collection Set: 13.1ms
[2024-08-28T13:06:01.444+0000][info][gc,phases      ] GC(240)   Post Evacuate Collection Set: 0.6ms
[2024-08-28T13:06:01.444+0000][info][gc,phases      ] GC(240)   Other: 0.3ms
[2024-08-28T13:06:01.444+0000][info][gc,heap        ] GC(240) Eden regions: 27->0(44)
[2024-08-28T13:06:01.444+0000][info][gc,heap        ] GC(240) Survivor regions: 7->7(7)
[2024-08-28T13:06:01.444+0000][info][gc,heap        ] GC(240) Old regions: 946->976
[2024-08-28T13:06:01.444+0000][info][gc,heap        ] GC(240) Archive regions: 2->2
[2024-08-28T13:06:01.444+0000][info][gc,heap        ] GC(240) Humongous regions: 5->5
[2024-08-28T13:06:01.444+0000][info][gc,metaspace   ] GC(240) Metaspace: 100K(320K)->100K(320K) NonClass: 96K(192K)->96K(192K) Class: 4K(128K)->4K(128K)
[2024-08-28T13:06:01.444+0000][info][gc             ] GC(240) Pause Young (Normal) (G1 Preventive Collection) 985M->988M(1024M) 14.927ms
[2024-08-28T13:06:01.444+0000][info][gc,cpu         ] GC(240) User=0.32s Sys=0.01s Real=0.02s
[2024-08-28T13:06:01.449+0000][info][gc,marking     ] GC(237) Concurrent Rebuild Remembered Sets 98.973ms
[2024-08-28T13:06:01.449+0000][info][gc,start       ] GC(237) Pause Cleanup
[2024-08-28T13:06:01.452+0000][info][gc             ] GC(237) Pause Cleanup 995M->995M(1024M) 3.193ms
[2024-08-28T13:06:01.452+0000][info][gc,cpu         ] GC(237) User=0.01s Sys=0.00s Real=0.01s
[2024-08-28T13:06:01.452+0000][info][gc,marking     ] GC(237) Concurrent Cleanup for Next Mark
[2024-08-28T13:06:01.453+0000][info][gc,marking     ] GC(237) Concurrent Cleanup for Next Mark 0.851ms
[2024-08-28T13:06:01.453+0000][info][gc             ] GC(237) Concurrent Mark Cycle 134.904ms
[2024-08-28T13:06:01.456+0000][info][gc,start       ] GC(241) Pause Young (Prepare Mixed) (G1 Preventive Collection)
[2024-08-28T13:06:01.456+0000][info][gc,task        ] GC(241) Using 24 workers of 68 for evacuation
[2024-08-28T13:06:01.468+0000][info][gc,phases      ] GC(241)   Pre Evacuate Collection Set: 0.2ms
[2024-08-28T13:06:01.468+0000][info][gc,phases      ] GC(241)   Merge Heap Roots: 0.4ms
[2024-08-28T13:06:01.468+0000][info][gc,phases      ] GC(241)   Evacuate Collection Set: 11.2ms
[2024-08-28T13:06:01.468+0000][info][gc,phases      ] GC(241)   Post Evacuate Collection Set: 0.3ms
[2024-08-28T13:06:01.468+0000][info][gc,phases      ] GC(241)   Other: 0.2ms
[2024-08-28T13:06:01.468+0000][info][gc,heap        ] GC(241) Eden regions: 12->0(44)
[2024-08-28T13:06:01.468+0000][info][gc,heap        ] GC(241) Survivor regions: 7->7(7)
[2024-08-28T13:06:01.468+0000][info][gc,heap        ] GC(241) Old regions: 976->991
[2024-08-28T13:06:01.468+0000][info][gc,heap        ] GC(241) Archive regions: 2->2
[2024-08-28T13:06:01.468+0000][info][gc,heap        ] GC(241) Humongous regions: 5->5
[2024-08-28T13:06:01.468+0000][info][gc,metaspace   ] GC(241) Metaspace: 100K(320K)->100K(320K) NonClass: 96K(192K)->96K(192K) Class: 4K(128K)->4K(128K)
[2024-08-28T13:06:01.468+0000][info][gc             ] GC(241) Pause Young (Prepare Mixed) (G1 Preventive Collection) 1000M->1003M(1024M) 12.359ms
[2024-08-28T13:06:01.468+0000][info][gc,cpu         ] GC(241) User=0.27s Sys=0.00s Real=0.01s
[2024-08-28T13:06:01.472+0000][info][gc,start       ] GC(242) Pause Young (Mixed) (G1 Preventive Collection)
[2024-08-28T13:06:01.472+0000][info][gc,task        ] GC(242) Using 24 workers of 68 for evacuation
[2024-08-28T13:06:01.476+0000][info][gc,phases      ] GC(242)   Pre Evacuate Collection Set: 0.2ms
[2024-08-28T13:06:01.476+0000][info][gc,phases      ] GC(242)   Merge Heap Roots: 0.3ms
[2024-08-28T13:06:01.476+0000][info][gc,phases      ] GC(242)   Evacuate Collection Set: 3.3ms
[2024-08-28T13:06:01.476+0000][info][gc,phases      ] GC(242)   Post Evacuate Collection Set: 0.3ms
[2024-08-28T13:06:01.476+0000][info][gc,phases      ] GC(242)   Other: 0.2ms
[2024-08-28T13:06:01.476+0000][info][gc,heap        ] GC(242) Eden regions: 5->0(45)
[2024-08-28T13:06:01.476+0000][info][gc,heap        ] GC(242) Survivor regions: 7->6(7)
[2024-08-28T13:06:01.476+0000][info][gc,heap        ] GC(242) Old regions: 991->896
[2024-08-28T13:06:01.476+0000][info][gc,heap        ] GC(242) Archive regions: 2->2
[2024-08-28T13:06:01.476+0000][info][gc,heap        ] GC(242) Humongous regions: 5->5
[2024-08-28T13:06:01.476+0000][info][gc,metaspace   ] GC(242) Metaspace: 100K(320K)->100K(320K) NonClass: 96K(192K)->96K(192K) Class: 4K(128K)->4K(128K)
[2024-08-28T13:06:01.476+0000][info][gc             ] GC(242) Pause Young (Mixed) (G1 Preventive Collection) 1008M->907M(1024M) 4.317ms
[2024-08-28T13:06:01.476+0000][info][gc,cpu         ] GC(242) User=0.08s Sys=0.00s Real=0.00s
[2024-08-28T13:06:01.501+0000][info][gc,start       ] GC(243) Pause Young (Mixed) (G1 Evacuation Pause)
[2024-08-28T13:06:01.501+0000][info][gc,task        ] GC(243) Using 24 workers of 68 for evacuation
[2024-08-28T13:06:01.512+0000][info][gc,phases      ] GC(243)   Pre Evacuate Collection Set: 0.2ms
[2024-08-28T13:06:01.512+0000][info][gc,phases      ] GC(243)   Merge Heap Roots: 0.3ms
[2024-08-28T13:06:01.512+0000][info][gc,phases      ] GC(243)   Evacuate Collection Set: 9.9ms
[2024-08-28T13:06:01.512+0000][info][gc,phases      ] GC(243)   Post Evacuate Collection Set: 0.4ms
[2024-08-28T13:06:01.512+0000][info][gc,phases      ] GC(243)   Other: 0.3ms
[2024-08-28T13:06:01.512+0000][info][gc,heap        ] GC(243) Eden regions: 45->0(44)
[2024-08-28T13:06:01.512+0000][info][gc,heap        ] GC(243) Survivor regions: 6->7(7)
[2024-08-28T13:06:01.512+0000][info][gc,heap        ] GC(243) Old regions: 896->836
[2024-08-28T13:06:01.512+0000][info][gc,heap        ] GC(243) Archive regions: 2->2
[2024-08-28T13:06:01.512+0000][info][gc,heap        ] GC(243) Humongous regions: 5->5
[2024-08-28T13:06:01.512+0000][info][gc,metaspace   ] GC(243) Metaspace: 100K(320K)->100K(320K) NonClass: 96K(192K)->96K(192K) Class: 4K(128K)->4K(128K)
[2024-08-28T13:06:01.512+0000][info][gc             ] GC(243) Pause Young (Mixed) (G1 Evacuation Pause) 952M->848M(1024M) 11.206ms
[2024-08-28T13:06:01.512+0000][info][gc,cpu         ] GC(243) User=0.24s Sys=0.00s Real=0.01s
[2024-08-28T13:06:01.536+0000][info][gc,start       ] GC(244) Pause Young (Mixed) (G1 Evacuation Pause)
[2024-08-28T13:06:01.536+0000][info][gc,task        ] GC(244) Using 24 workers of 68 for evacuation
[2024-08-28T13:06:01.548+0000][info][gc,phases      ] GC(244)   Pre Evacuate Collection Set: 0.2ms
[2024-08-28T13:06:01.548+0000][info][gc,phases      ] GC(244)   Merge Heap Roots: 0.4ms
[2024-08-28T13:06:01.548+0000][info][gc,phases      ] GC(244)   Evacuate Collection Set: 10.5ms
[2024-08-28T13:06:01.548+0000][info][gc,phases      ] GC(244)   Post Evacuate Collection Set: 0.4ms
[2024-08-28T13:06:01.548+0000][info][gc,phases      ] GC(244)   Other: 0.3ms
[2024-08-28T13:06:01.548+0000][info][gc,heap        ] GC(244) Eden regions: 44->0(44)
[2024-08-28T13:06:01.548+0000][info][gc,heap        ] GC(244) Survivor regions: 7->7(7)
[2024-08-28T13:06:01.548+0000][info][gc,heap        ] GC(244) Old regions: 836->778
[2024-08-28T13:06:01.548+0000][info][gc,heap        ] GC(244) Archive regions: 2->2
[2024-08-28T13:06:01.548+0000][info][gc,heap        ] GC(244) Humongous regions: 5->5
[2024-08-28T13:06:01.548+0000][info][gc,metaspace   ] GC(244) Metaspace: 100K(320K)->100K(320K) NonClass: 96K(192K)->96K(192K) Class: 4K(128K)->4K(128K)
[2024-08-28T13:06:01.548+0000][info][gc             ] GC(244) Pause Young (Mixed) (G1 Evacuation Pause) 892M->790M(1024M) 11.963ms
[2024-08-28T13:06:01.548+0000][info][gc,cpu         ] GC(244) User=0.26s Sys=0.00s Real=0.01s
[2024-08-28T13:06:01.573+0000][info][gc,start       ] GC(245) Pause Young (Mixed) (G1 Evacuation Pause)
[2024-08-28T13:06:01.573+0000][info][gc,task        ] GC(245) Using 24 workers of 68 for evacuation
[2024-08-28T13:06:01.584+0000][info][gc,phases      ] GC(245)   Pre Evacuate Collection Set: 0.2ms
[2024-08-28T13:06:01.585+0000][info][gc,phases      ] GC(245)   Merge Heap Roots: 0.3ms
[2024-08-28T13:06:01.585+0000][info][gc,phases      ] GC(245)   Evacuate Collection Set: 10.7ms
[2024-08-28T13:06:01.585+0000][info][gc,phases      ] GC(245)   Post Evacuate Collection Set: 0.4ms
[2024-08-28T13:06:01.585+0000][info][gc,phases      ] GC(245)   Other: 0.3ms
[2024-08-28T13:06:01.585+0000][info][gc,heap        ] GC(245) Eden regions: 44->0(44)
[2024-08-28T13:06:01.585+0000][info][gc,heap        ] GC(245) Survivor regions: 7->7(7)
[2024-08-28T13:06:01.585+0000][info][gc,heap        ] GC(245) Old regions: 778->777
[2024-08-28T13:06:01.585+0000][info][gc,heap        ] GC(245) Archive regions: 2->2
[2024-08-28T13:06:01.585+0000][info][gc,heap        ] GC(245) Humongous regions: 5->5
[2024-08-28T13:06:01.585+0000][info][gc,metaspace   ] GC(245) Metaspace: 100K(320K)->100K(320K) NonClass: 96K(192K)->96K(192K) Class: 4K(128K)->4K(128K)
[2024-08-28T13:06:01.585+0000][info][gc             ] GC(245) Pause Young (Mixed) (G1 Evacuation Pause) 834M->789M(1024M) 12.060ms
[2024-08-28T13:06:01.585+0000][info][gc,cpu         ] GC(245) User=0.26s Sys=0.00s Real=0.01s
[2024-08-28T13:06:01.609+0000][info][gc,start       ] GC(246) Pause Young (Concurrent Start) (G1 Evacuation Pause)
[2024-08-28T13:06:01.609+0000][info][gc,task        ] GC(246) Using 24 workers of 68 for evacuation
[2024-08-28T13:06:01.621+0000][info][gc,phases      ] GC(246)   Pre Evacuate Collection Set: 0.1ms
[2024-08-28T13:06:01.621+0000][info][gc,phases      ] GC(246)   Merge Heap Roots: 0.2ms
[2024-08-28T13:06:01.621+0000][info][gc,phases      ] GC(246)   Evacuate Collection Set: 10.1ms
[2024-08-28T13:06:01.621+0000][info][gc,phases      ] GC(246)   Post Evacuate Collection Set: 0.4ms
[2024-08-28T13:06:01.621+0000][info][gc,phases      ] GC(246)   Other: 0.9ms
[2024-08-28T13:06:01.621+0000][info][gc,heap        ] GC(246) Eden regions: 44->0(44)
[2024-08-28T13:06:01.621+0000][info][gc,heap        ] GC(246) Survivor regions: 7->7(7)
[2024-08-28T13:06:01.621+0000][info][gc,heap        ] GC(246) Old regions: 777->823
[2024-08-28T13:06:01.621+0000][info][gc,heap        ] GC(246) Archive regions: 2->2
[2024-08-28T13:06:01.621+0000][info][gc,heap        ] GC(246) Humongous regions: 5->5
[2024-08-28T13:06:01.621+0000][info][gc,metaspace   ] GC(246) Metaspace: 100K(320K)->100K(320K) NonClass: 96K(192K)->96K(192K) Class: 4K(128K)->4K(128K)
[2024-08-28T13:06:01.621+0000][info][gc             ] GC(246) Pause Young (Concurrent Start) (G1 Evacuation Pause) 833M->835M(1024M) 11.869ms
[2024-08-28T13:06:01.621+0000][info][gc,cpu         ] GC(246) User=0.24s Sys=0.00s Real=0.02s
[2024-08-28T13:06:01.621+0000][info][gc             ] GC(247) Concurrent Mark Cycle
[2024-08-28T13:06:01.621+0000][info][gc,marking     ] GC(247) Concurrent Clear Claimed Marks
[2024-08-28T13:06:01.621+0000][info][gc,marking     ] GC(247) Concurrent Clear Claimed Marks 0.012ms
[2024-08-28T13:06:01.621+0000][info][gc,marking     ] GC(247) Concurrent Scan Root Regions
[2024-08-28T13:06:01.623+0000][info][gc,marking     ] GC(247) Concurrent Scan Root Regions 1.835ms
[2024-08-28T13:06:01.623+0000][info][gc,marking     ] GC(247) Concurrent Mark
[2024-08-28T13:06:01.623+0000][info][gc,marking     ] GC(247) Concurrent Mark From Roots
[2024-08-28T13:06:01.623+0000][info][gc,task        ] GC(247) Using 17 workers of 17 for marking
[2024-08-28T13:06:01.649+0000][info][gc,marking     ] GC(247) Concurrent Mark From Roots 26.030ms
[2024-08-28T13:06:01.649+0000][info][gc,marking     ] GC(247) Concurrent Preclean
[2024-08-28T13:06:01.650+0000][info][gc,marking     ] GC(247) Concurrent Preclean 1.390ms
[2024-08-28T13:06:01.651+0000][info][gc,start       ] GC(247) Pause Remark
[2024-08-28T13:06:01.653+0000][info][gc             ] GC(247) Pause Remark 872M->872M(1024M) 1.877ms
[2024-08-28T13:06:01.653+0000][info][gc,cpu         ] GC(247) User=0.01s Sys=0.00s Real=0.00s
[2024-08-28T13:06:01.653+0000][info][gc,marking     ] GC(247) Concurrent Mark 29.835ms
[2024-08-28T13:06:01.653+0000][info][gc,marking     ] GC(247) Concurrent Rebuild Remembered Sets
[2024-08-28T13:06:01.658+0000][info][gc,start       ] GC(248) Pause Young (Normal) (G1 Evacuation Pause)
[2024-08-28T13:06:01.658+0000][info][gc,task        ] GC(248) Using 24 workers of 68 for evacuation
[2024-08-28T13:06:01.669+0000][info][gc,phases      ] GC(248)   Pre Evacuate Collection Set: 0.2ms
[2024-08-28T13:06:01.669+0000][info][gc,phases      ] GC(248)   Merge Heap Roots: 0.4ms
[2024-08-28T13:06:01.669+0000][info][gc,phases      ] GC(248)   Evacuate Collection Set: 10.1ms
[2024-08-28T13:06:01.669+0000][info][gc,phases      ] GC(248)   Post Evacuate Collection Set: 0.5ms
[2024-08-28T13:06:01.669+0000][info][gc,phases      ] GC(248)   Other: 0.3ms
[2024-08-28T13:06:01.669+0000][info][gc,heap        ] GC(248) Eden regions: 44->0(44)
[2024-08-28T13:06:01.669+0000][info][gc,heap        ] GC(248) Survivor regions: 7->7(7)
[2024-08-28T13:06:01.669+0000][info][gc,heap        ] GC(248) Old regions: 823->870
[2024-08-28T13:06:01.669+0000][info][gc,heap        ] GC(248) Archive regions: 2->2
[2024-08-28T13:06:01.669+0000][info][gc,heap        ] GC(248) Humongous regions: 5->5
[2024-08-28T13:06:01.669+0000][info][gc,metaspace   ] GC(248) Metaspace: 100K(320K)->100K(320K) NonClass: 96K(192K)->96K(192K) Class: 4K(128K)->4K(128K)
[2024-08-28T13:06:01.669+0000][info][gc             ] GC(248) Pause Young (Normal) (G1 Evacuation Pause) 879M->882M(1024M) 11.490ms
[2024-08-28T13:06:01.669+0000][info][gc,cpu         ] GC(248) User=0.25s Sys=0.00s Real=0.00s
[2024-08-28T13:06:01.698+0000][info][gc,start       ] GC(249) Pause Young (Normal) (G1 Evacuation Pause)
[2024-08-28T13:06:01.698+0000][info][gc,task        ] GC(249) Using 24 workers of 68 for evacuation
[2024-08-28T13:06:01.714+0000][info][gc,phases      ] GC(249)   Pre Evacuate Collection Set: 0.2ms
[2024-08-28T13:06:01.714+0000][info][gc,phases      ] GC(249)   Merge Heap Roots: 0.3ms
[2024-08-28T13:06:01.714+0000][info][gc,phases      ] GC(249)   Evacuate Collection Set: 14.5ms
[2024-08-28T13:06:01.714+0000][info][gc,phases      ] GC(249)   Post Evacuate Collection Set: 0.6ms
[2024-08-28T13:06:01.714+0000][info][gc,phases      ] GC(249)   Other: 0.3ms
[2024-08-28T13:06:01.714+0000][info][gc,heap        ] GC(249) Eden regions: 44->0(44)
[2024-08-28T13:06:01.714+0000][info][gc,heap        ] GC(249) Survivor regions: 7->7(7)
[2024-08-28T13:06:01.714+0000][info][gc,heap        ] GC(249) Old regions: 870->916
[2024-08-28T13:06:01.714+0000][info][gc,heap        ] GC(249) Archive regions: 2->2
[2024-08-28T13:06:01.714+0000][info][gc,heap        ] GC(249) Humongous regions: 5->5
[2024-08-28T13:06:01.714+0000][info][gc,metaspace   ] GC(249) Metaspace: 100K(320K)->100K(320K) NonClass: 96K(192K)->96K(192K) Class: 4K(128K)->4K(128K)
[2024-08-28T13:06:01.714+0000][info][gc             ] GC(249) Pause Young (Normal) (G1 Evacuation Pause) 926M->928M(1024M) 16.018ms
[2024-08-28T13:06:01.714+0000][info][gc,cpu         ] GC(249) User=0.36s Sys=0.00s Real=0.01s
[2024-08-28T13:06:01.734+0000][info][gc,marking     ] GC(247) Concurrent Rebuild Remembered Sets 81.281ms
[2024-08-28T13:06:01.734+0000][info][gc,start       ] GC(247) Pause Cleanup
[2024-08-28T13:06:01.738+0000][info][gc             ] GC(247) Pause Cleanup 961M->961M(1024M) 3.188ms
[2024-08-28T13:06:01.738+0000][info][gc,cpu         ] GC(247) User=0.01s Sys=0.00s Real=0.01s
[2024-08-28T13:06:01.738+0000][info][gc,marking     ] GC(247) Concurrent Cleanup for Next Mark
[2024-08-28T13:06:01.739+0000][info][gc,marking     ] GC(247) Concurrent Cleanup for Next Mark 0.836ms
[2024-08-28T13:06:01.739+0000][info][gc             ] GC(247) Concurrent Mark Cycle 117.689ms
[2024-08-28T13:06:01.744+0000][info][gc,start       ] GC(250) Pause Young (Prepare Mixed) (G1 Preventive Collection)
[2024-08-28T13:06:01.744+0000][info][gc,task        ] GC(250) Using 24 workers of 68 for evacuation
[2024-08-28T13:06:01.761+0000][info][gc,phases      ] GC(250)   Pre Evacuate Collection Set: 0.2ms
[2024-08-28T13:06:01.761+0000][info][gc,phases      ] GC(250)   Merge Heap Roots: 0.6ms
[2024-08-28T13:06:01.761+0000][info][gc,phases      ] GC(250)   Evacuate Collection Set: 15.6ms
[2024-08-28T13:06:01.761+0000][info][gc,phases      ] GC(250)   Post Evacuate Collection Set: 0.3ms
[2024-08-28T13:06:01.761+0000][info][gc,phases      ] GC(250)   Other: 0.2ms
[2024-08-28T13:06:01.761+0000][info][gc,heap        ] GC(250) Eden regions: 41->0(44)
[2024-08-28T13:06:01.761+0000][info][gc,heap        ] GC(250) Survivor regions: 7->7(7)
[2024-08-28T13:06:01.761+0000][info][gc,heap        ] GC(250) Old regions: 916->960
[2024-08-28T13:06:01.761+0000][info][gc,heap        ] GC(250) Archive regions: 2->2
[2024-08-28T13:06:01.761+0000][info][gc,heap        ] GC(250) Humongous regions: 5->5
[2024-08-28T13:06:01.761+0000][info][gc,metaspace   ] GC(250) Metaspace: 100K(320K)->100K(320K) NonClass: 96K(192K)->96K(192K) Class: 4K(128K)->4K(128K)
[2024-08-28T13:06:01.761+0000][info][gc             ] GC(250) Pause Young (Prepare Mixed) (G1 Preventive Collection) 969M->972M(1024M) 17.078ms
[2024-08-28T13:06:01.761+0000][info][gc,cpu         ] GC(250) User=0.39s Sys=0.00s Real=0.02s
[2024-08-28T13:06:01.774+0000][info][gc,start       ] GC(251) Pause Young (Mixed) (G1 Preventive Collection)
[2024-08-28T13:06:01.774+0000][info][gc,task        ] GC(251) Using 24 workers of 68 for evacuation
[2024-08-28T13:06:01.782+0000][info][gc             ] GC(251) To-space exhausted
[2024-08-28T13:06:01.783+0000][info][gc,phases      ] GC(251)   Pre Evacuate Collection Set: 0.2ms
[2024-08-28T13:06:01.783+0000][info][gc,phases      ] GC(251)   Merge Heap Roots: 0.3ms
[2024-08-28T13:06:01.783+0000][info][gc,phases      ] GC(251)   Evacuate Collection Set: 7.3ms
[2024-08-28T13:06:01.783+0000][info][gc,phases      ] GC(251)   Post Evacuate Collection Set: 0.7ms
[2024-08-28T13:06:01.783+0000][info][gc,phases      ] GC(251)   Other: 0.3ms
[2024-08-28T13:06:01.783+0000][info][gc,heap        ] GC(251) Eden regions: 20->0(44)
[2024-08-28T13:06:01.783+0000][info][gc,heap        ] GC(251) Survivor regions: 7->7(7)
[2024-08-28T13:06:01.783+0000][info][gc,heap        ] GC(251) Old regions: 960->895
[2024-08-28T13:06:01.783+0000][info][gc,heap        ] GC(251) Archive regions: 2->2
[2024-08-28T13:06:01.783+0000][info][gc,heap        ] GC(251) Humongous regions: 5->5
[2024-08-28T13:06:01.783+0000][info][gc,metaspace   ] GC(251) Metaspace: 100K(320K)->100K(320K) NonClass: 96K(192K)->96K(192K) Class: 4K(128K)->4K(128K)
[2024-08-28T13:06:01.783+0000][info][gc             ] GC(251) Pause Young (Mixed) (G1 Preventive Collection) 992M->907M(1024M) 8.855ms
[2024-08-28T13:06:01.783+0000][info][gc,cpu         ] GC(251) User=0.19s Sys=0.00s Real=0.01s
[2024-08-28T13:06:01.808+0000][info][gc,start       ] GC(252) Pause Young (Mixed) (G1 Evacuation Pause)
[2024-08-28T13:06:01.808+0000][info][gc,task        ] GC(252) Using 24 workers of 68 for evacuation
[2024-08-28T13:06:01.820+0000][info][gc,phases      ] GC(252)   Pre Evacuate Collection Set: 0.2ms
[2024-08-28T13:06:01.820+0000][info][gc,phases      ] GC(252)   Merge Heap Roots: 0.4ms
[2024-08-28T13:06:01.820+0000][info][gc,phases      ] GC(252)   Evacuate Collection Set: 10.7ms
[2024-08-28T13:06:01.820+0000][info][gc,phases      ] GC(252)   Post Evacuate Collection Set: 0.4ms
[2024-08-28T13:06:01.820+0000][info][gc,phases      ] GC(252)   Other: 0.3ms
[2024-08-28T13:06:01.820+0000][info][gc,heap        ] GC(252) Eden regions: 44->0(44)
[2024-08-28T13:06:01.820+0000][info][gc,heap        ] GC(252) Survivor regions: 7->7(7)
[2024-08-28T13:06:01.820+0000][info][gc,heap        ] GC(252) Old regions: 895->838
[2024-08-28T13:06:01.820+0000][info][gc,heap        ] GC(252) Archive regions: 2->2
[2024-08-28T13:06:01.820+0000][info][gc,heap        ] GC(252) Humongous regions: 5->5
[2024-08-28T13:06:01.820+0000][info][gc,metaspace   ] GC(252) Metaspace: 100K(320K)->100K(320K) NonClass: 96K(192K)->96K(192K) Class: 4K(128K)->4K(128K)
[2024-08-28T13:06:01.820+0000][info][gc             ] GC(252) Pause Young (Mixed) (G1 Evacuation Pause) 951M->850M(1024M) 12.111ms
[2024-08-28T13:06:01.820+0000][info][gc,cpu         ] GC(252) User=0.27s Sys=0.00s Real=0.02s
[2024-08-28T13:06:01.844+0000][info][gc,start       ] GC(253) Pause Young (Mixed) (G1 Evacuation Pause)
[2024-08-28T13:06:01.845+0000][info][gc,task        ] GC(253) Using 24 workers of 68 for evacuation
[2024-08-28T13:06:01.856+0000][info][gc,phases      ] GC(253)   Pre Evacuate Collection Set: 0.2ms
[2024-08-28T13:06:01.857+0000][info][gc,phases      ] GC(253)   Merge Heap Roots: 0.4ms
[2024-08-28T13:06:01.857+0000][info][gc,phases      ] GC(253)   Evacuate Collection Set: 10.9ms
[2024-08-28T13:06:01.857+0000][info][gc,phases      ] GC(253)   Post Evacuate Collection Set: 0.4ms
[2024-08-28T13:06:01.857+0000][info][gc,phases      ] GC(253)   Other: 0.3ms
[2024-08-28T13:06:01.857+0000][info][gc,heap        ] GC(253) Eden regions: 44->0(44)
[2024-08-28T13:06:01.857+0000][info][gc,heap        ] GC(253) Survivor regions: 7->7(7)
[2024-08-28T13:06:01.857+0000][info][gc,heap        ] GC(253) Old regions: 838->782
[2024-08-28T13:06:01.857+0000][info][gc,heap        ] GC(253) Archive regions: 2->2
[2024-08-28T13:06:01.857+0000][info][gc,heap        ] GC(253) Humongous regions: 5->5
[2024-08-28T13:06:01.857+0000][info][gc,metaspace   ] GC(253) Metaspace: 100K(320K)->100K(320K) NonClass: 96K(192K)->96K(192K) Class: 4K(128K)->4K(128K)
[2024-08-28T13:06:01.857+0000][info][gc             ] GC(253) Pause Young (Mixed) (G1 Evacuation Pause) 894M->794M(1024M) 12.242ms
[2024-08-28T13:06:01.857+0000][info][gc,cpu         ] GC(253) User=0.26s Sys=0.00s Real=0.01s
[2024-08-28T13:06:01.881+0000][info][gc,start       ] GC(254) Pause Young (Mixed) (G1 Evacuation Pause)
[2024-08-28T13:06:01.881+0000][info][gc,task        ] GC(254) Using 24 workers of 68 for evacuation
[2024-08-28T13:06:01.894+0000][info][gc,phases      ] GC(254)   Pre Evacuate Collection Set: 0.2ms
[2024-08-28T13:06:01.894+0000][info][gc,phases      ] GC(254)   Merge Heap Roots: 0.4ms
[2024-08-28T13:06:01.894+0000][info][gc,phases      ] GC(254)   Evacuate Collection Set: 11.8ms
[2024-08-28T13:06:01.894+0000][info][gc,phases      ] GC(254)   Post Evacuate Collection Set: 0.4ms
[2024-08-28T13:06:01.894+0000][info][gc,phases      ] GC(254)   Other: 0.3ms
[2024-08-28T13:06:01.894+0000][info][gc,heap        ] GC(254) Eden regions: 44->0(44)
[2024-08-28T13:06:01.894+0000][info][gc,heap        ] GC(254) Survivor regions: 7->7(7)
[2024-08-28T13:06:01.894+0000][info][gc,heap        ] GC(254) Old regions: 782->799
[2024-08-28T13:06:01.894+0000][info][gc,heap        ] GC(254) Archive regions: 2->2
[2024-08-28T13:06:01.894+0000][info][gc,heap        ] GC(254) Humongous regions: 5->5
[2024-08-28T13:06:01.894+0000][info][gc,metaspace   ] GC(254) Metaspace: 100K(320K)->100K(320K) NonClass: 96K(192K)->96K(192K) Class: 4K(128K)->4K(128K)
[2024-08-28T13:06:01.894+0000][info][gc             ] GC(254) Pause Young (Mixed) (G1 Evacuation Pause) 838M->811M(1024M) 13.149ms
[2024-08-28T13:06:01.894+0000][info][gc,cpu         ] GC(254) User=0.28s Sys=0.01s Real=0.01s
[2024-08-28T13:06:01.919+0000][info][gc,start       ] GC(255) Pause Young (Concurrent Start) (G1 Evacuation Pause)
[2024-08-28T13:06:01.919+0000][info][gc,task        ] GC(255) Using 24 workers of 68 for evacuation
[2024-08-28T13:06:01.931+0000][info][gc,phases      ] GC(255)   Pre Evacuate Collection Set: 0.2ms
[2024-08-28T13:06:01.931+0000][info][gc,phases      ] GC(255)   Merge Heap Roots: 0.4ms
[2024-08-28T13:06:01.931+0000][info][gc,phases      ] GC(255)   Evacuate Collection Set: 10.2ms
[2024-08-28T13:06:01.931+0000][info][gc,phases      ] GC(255)   Post Evacuate Collection Set: 0.4ms
[2024-08-28T13:06:01.932+0000][info][gc,phases      ] GC(255)   Other: 0.9ms
[2024-08-28T13:06:01.932+0000][info][gc,heap        ] GC(255) Eden regions: 44->0(44)
[2024-08-28T13:06:01.932+0000][info][gc,heap        ] GC(255) Survivor regions: 7->7(7)
[2024-08-28T13:06:01.932+0000][info][gc,heap        ] GC(255) Old regions: 799->845
[2024-08-28T13:06:01.932+0000][info][gc,heap        ] GC(255) Archive regions: 2->2
[2024-08-28T13:06:01.932+0000][info][gc,heap        ] GC(255) Humongous regions: 5->5
[2024-08-28T13:06:01.932+0000][info][gc,metaspace   ] GC(255) Metaspace: 100K(320K)->100K(320K) NonClass: 96K(192K)->96K(192K) Class: 4K(128K)->4K(128K)
[2024-08-28T13:06:01.932+0000][info][gc             ] GC(255) Pause Young (Concurrent Start) (G1 Evacuation Pause) 855M->857M(1024M) 12.276ms
[2024-08-28T13:06:01.932+0000][info][gc,cpu         ] GC(255) User=0.25s Sys=0.00s Real=0.01s
[2024-08-28T13:06:01.932+0000][info][gc             ] GC(256) Concurrent Mark Cycle
[2024-08-28T13:06:01.932+0000][info][gc,marking     ] GC(256) Concurrent Clear Claimed Marks
[2024-08-28T13:06:01.932+0000][info][gc,marking     ] GC(256) Concurrent Clear Claimed Marks 0.009ms
[2024-08-28T13:06:01.932+0000][info][gc,marking     ] GC(256) Concurrent Scan Root Regions
[2024-08-28T13:06:01.933+0000][info][gc,marking     ] GC(256) Concurrent Scan Root Regions 1.683ms
[2024-08-28T13:06:01.934+0000][info][gc,marking     ] GC(256) Concurrent Mark
[2024-08-28T13:06:01.934+0000][info][gc,marking     ] GC(256) Concurrent Mark From Roots
[2024-08-28T13:06:01.934+0000][info][gc,task        ] GC(256) Using 17 workers of 17 for marking
[2024-08-28T13:06:01.960+0000][info][gc,marking     ] GC(256) Concurrent Mark From Roots 26.423ms
[2024-08-28T13:06:01.960+0000][info][gc,marking     ] GC(256) Concurrent Preclean
[2024-08-28T13:06:01.961+0000][info][gc,marking     ] GC(256) Concurrent Preclean 0.505ms
[2024-08-28T13:06:01.961+0000][info][gc,start       ] GC(256) Pause Remark
[2024-08-28T13:06:01.963+0000][info][gc             ] GC(256) Pause Remark 893M->888M(1024M) 2.006ms
[2024-08-28T13:06:01.963+0000][info][gc,cpu         ] GC(256) User=0.01s Sys=0.00s Real=0.00s
[2024-08-28T13:06:01.963+0000][info][gc,marking     ] GC(256) Concurrent Mark 29.419ms
[2024-08-28T13:06:01.963+0000][info][gc,marking     ] GC(256) Concurrent Rebuild Remembered Sets
[2024-08-28T13:06:01.969+0000][info][gc,start       ] GC(257) Pause Young (Normal) (G1 Evacuation Pause)
[2024-08-28T13:06:01.969+0000][info][gc,task        ] GC(257) Using 24 workers of 68 for evacuation
[2024-08-28T13:06:01.980+0000][info][gc,phases      ] GC(257)   Pre Evacuate Collection Set: 0.2ms
[2024-08-28T13:06:01.980+0000][info][gc,phases      ] GC(257)   Merge Heap Roots: 0.2ms
[2024-08-28T13:06:01.980+0000][info][gc,phases      ] GC(257)   Evacuate Collection Set: 10.1ms
[2024-08-28T13:06:01.980+0000][info][gc,phases      ] GC(257)   Post Evacuate Collection Set: 0.5ms
[2024-08-28T13:06:01.980+0000][info][gc,phases      ] GC(257)   Other: 0.2ms
[2024-08-28T13:06:01.980+0000][info][gc,heap        ] GC(257) Eden regions: 44->0(44)
[2024-08-28T13:06:01.980+0000][info][gc,heap        ] GC(257) Survivor regions: 7->7(7)
[2024-08-28T13:06:01.980+0000][info][gc,heap        ] GC(257) Old regions: 840->887
[2024-08-28T13:06:01.980+0000][info][gc,heap        ] GC(257) Archive regions: 2->2
[2024-08-28T13:06:01.980+0000][info][gc,heap        ] GC(257) Humongous regions: 5->5
[2024-08-28T13:06:01.980+0000][info][gc,metaspace   ] GC(257) Metaspace: 100K(320K)->100K(320K) NonClass: 96K(192K)->96K(192K) Class: 4K(128K)->4K(128K)
[2024-08-28T13:06:01.980+0000][info][gc             ] GC(257) Pause Young (Normal) (G1 Evacuation Pause) 896M->899M(1024M) 11.314ms
[2024-08-28T13:06:01.980+0000][info][gc,cpu         ] GC(257) User=0.24s Sys=0.00s Real=0.02s
[2024-08-28T13:06:02.008+0000][info][gc,start       ] GC(258) Pause Young (Normal) (G1 Evacuation Pause)
[2024-08-28T13:06:02.008+0000][info][gc,task        ] GC(258) Using 24 workers of 68 for evacuation
[2024-08-28T13:06:02.030+0000][info][gc,phases      ] GC(258)   Pre Evacuate Collection Set: 0.2ms
[2024-08-28T13:06:02.030+0000][info][gc,phases      ] GC(258)   Merge Heap Roots: 0.5ms
[2024-08-28T13:06:02.030+0000][info][gc,phases      ] GC(258)   Evacuate Collection Set: 20.4ms
[2024-08-28T13:06:02.030+0000][info][gc,phases      ] GC(258)   Post Evacuate Collection Set: 0.6ms
[2024-08-28T13:06:02.030+0000][info][gc,phases      ] GC(258)   Other: 0.3ms
[2024-08-28T13:06:02.030+0000][info][gc,heap        ] GC(258) Eden regions: 44->0(44)
[2024-08-28T13:06:02.030+0000][info][gc,heap        ] GC(258) Survivor regions: 7->7(7)
[2024-08-28T13:06:02.030+0000][info][gc,heap        ] GC(258) Old regions: 887->934
[2024-08-28T13:06:02.030+0000][info][gc,heap        ] GC(258) Archive regions: 2->2
[2024-08-28T13:06:02.030+0000][info][gc,heap        ] GC(258) Humongous regions: 5->5
[2024-08-28T13:06:02.030+0000][info][gc,metaspace   ] GC(258) Metaspace: 100K(320K)->100K(320K) NonClass: 96K(192K)->96K(192K) Class: 4K(128K)->4K(128K)
[2024-08-28T13:06:02.030+0000][info][gc             ] GC(258) Pause Young (Normal) (G1 Evacuation Pause) 943M->946M(1024M) 21.997ms
[2024-08-28T13:06:02.030+0000][info][gc,cpu         ] GC(258) User=0.37s Sys=0.01s Real=0.03s
[2024-08-28T13:06:02.050+0000][info][gc,marking     ] GC(256) Concurrent Rebuild Remembered Sets 87.176ms
[2024-08-28T13:06:02.050+0000][info][gc,start       ] GC(256) Pause Cleanup
[2024-08-28T13:06:02.052+0000][info][gc             ] GC(256) Pause Cleanup 963M->963M(1024M) 1.487ms
[2024-08-28T13:06:02.052+0000][info][gc,cpu         ] GC(256) User=0.00s Sys=0.00s Real=0.00s
[2024-08-28T13:06:02.052+0000][info][gc,marking     ] GC(256) Concurrent Cleanup for Next Mark
[2024-08-28T13:06:02.053+0000][info][gc,marking     ] GC(256) Concurrent Cleanup for Next Mark 0.896ms
[2024-08-28T13:06:02.053+0000][info][gc             ] GC(256) Concurrent Mark Cycle 121.127ms
[2024-08-28T13:06:02.068+0000][info][gc,start       ] GC(259) Pause Young (Prepare Mixed) (G1 Preventive Collection)
[2024-08-28T13:06:02.068+0000][info][gc,task        ] GC(259) Using 24 workers of 68 for evacuation
[2024-08-28T13:06:02.085+0000][info][gc             ] GC(259) To-space exhausted
[2024-08-28T13:06:02.085+0000][info][gc,phases      ] GC(259)   Pre Evacuate Collection Set: 0.1ms
[2024-08-28T13:06:02.085+0000][info][gc,phases      ] GC(259)   Merge Heap Roots: 0.6ms
[2024-08-28T13:06:02.085+0000][info][gc,phases      ] GC(259)   Evacuate Collection Set: 15.4ms
[2024-08-28T13:06:02.085+0000][info][gc,phases      ] GC(259)   Post Evacuate Collection Set: 0.7ms
[2024-08-28T13:06:02.085+0000][info][gc,phases      ] GC(259)   Other: 0.2ms
[2024-08-28T13:06:02.085+0000][info][gc,heap        ] GC(259) Eden regions: 33->0(44)
[2024-08-28T13:06:02.085+0000][info][gc,heap        ] GC(259) Survivor regions: 7->7(7)
[2024-08-28T13:06:02.085+0000][info][gc,heap        ] GC(259) Old regions: 934->985
[2024-08-28T13:06:02.085+0000][info][gc,heap        ] GC(259) Archive regions: 2->2
[2024-08-28T13:06:02.085+0000][info][gc,heap        ] GC(259) Humongous regions: 5->5
[2024-08-28T13:06:02.085+0000][info][gc,metaspace   ] GC(259) Metaspace: 100K(320K)->100K(320K) NonClass: 96K(192K)->96K(192K) Class: 4K(128K)->4K(128K)
[2024-08-28T13:06:02.085+0000][info][gc             ] GC(259) Pause Young (Prepare Mixed) (G1 Preventive Collection) 979M->997M(1024M) 17.053ms
[2024-08-28T13:06:02.085+0000][info][gc,cpu         ] GC(259) User=0.39s Sys=0.01s Real=0.02s
[2024-08-28T13:06:02.090+0000][info][gc,start       ] GC(260) Pause Young (Mixed) (G1 Preventive Collection)
[2024-08-28T13:06:02.090+0000][info][gc,task        ] GC(260) Using 24 workers of 68 for evacuation
[2024-08-28T13:06:02.095+0000][info][gc,phases      ] GC(260)   Pre Evacuate Collection Set: 0.2ms
[2024-08-28T13:06:02.095+0000][info][gc,phases      ] GC(260)   Merge Heap Roots: 0.3ms
[2024-08-28T13:06:02.095+0000][info][gc,phases      ] GC(260)   Evacuate Collection Set: 4.2ms
[2024-08-28T13:06:02.095+0000][info][gc,phases      ] GC(260)   Post Evacuate Collection Set: 0.3ms
[2024-08-28T13:06:02.095+0000][info][gc,phases      ] GC(260)   Other: 0.2ms
[2024-08-28T13:06:02.095+0000][info][gc,heap        ] GC(260) Eden regions: 7->0(44)
[2024-08-28T13:06:02.095+0000][info][gc,heap        ] GC(260) Survivor regions: 7->7(7)
[2024-08-28T13:06:02.095+0000][info][gc,heap        ] GC(260) Old regions: 985->893
[2024-08-28T13:06:02.095+0000][info][gc,heap        ] GC(260) Archive regions: 2->2
[2024-08-28T13:06:02.095+0000][info][gc,heap        ] GC(260) Humongous regions: 5->5
[2024-08-28T13:06:02.095+0000][info][gc,metaspace   ] GC(260) Metaspace: 100K(320K)->100K(320K) NonClass: 96K(192K)->96K(192K) Class: 4K(128K)->4K(128K)
[2024-08-28T13:06:02.095+0000][info][gc             ] GC(260) Pause Young (Mixed) (G1 Preventive Collection) 1004M->905M(1024M) 5.326ms
[2024-08-28T13:06:02.095+0000][info][gc,cpu         ] GC(260) User=0.11s Sys=0.00s Real=0.00s
[2024-08-28T13:06:02.124+0000][info][gc,start       ] GC(261) Pause Young (Mixed) (G1 Evacuation Pause)
[2024-08-28T13:06:02.124+0000][info][gc,task        ] GC(261) Using 24 workers of 68 for evacuation
[2024-08-28T13:06:02.135+0000][info][gc,phases      ] GC(261)   Pre Evacuate Collection Set: 0.2ms
[2024-08-28T13:06:02.135+0000][info][gc,phases      ] GC(261)   Merge Heap Roots: 0.4ms
[2024-08-28T13:06:02.135+0000][info][gc,phases      ] GC(261)   Evacuate Collection Set: 9.9ms
[2024-08-28T13:06:02.135+0000][info][gc,phases      ] GC(261)   Post Evacuate Collection Set: 0.4ms
[2024-08-28T13:06:02.135+0000][info][gc,phases      ] GC(261)   Other: 0.3ms
[2024-08-28T13:06:02.135+0000][info][gc,heap        ] GC(261) Eden regions: 44->0(44)
[2024-08-28T13:06:02.135+0000][info][gc,heap        ] GC(261) Survivor regions: 7->7(7)
[2024-08-28T13:06:02.135+0000][info][gc,heap        ] GC(261) Old regions: 893->834
[2024-08-28T13:06:02.135+0000][info][gc,heap        ] GC(261) Archive regions: 2->2
[2024-08-28T13:06:02.135+0000][info][gc,heap        ] GC(261) Humongous regions: 5->5
[2024-08-28T13:06:02.135+0000][info][gc,metaspace   ] GC(261) Metaspace: 100K(320K)->100K(320K) NonClass: 96K(192K)->96K(192K) Class: 4K(128K)->4K(128K)
[2024-08-28T13:06:02.135+0000][info][gc             ] GC(261) Pause Young (Mixed) (G1 Evacuation Pause) 949M->846M(1024M) 11.436ms
[2024-08-28T13:06:02.135+0000][info][gc,cpu         ] GC(261) User=0.24s Sys=0.00s Real=0.01s
[2024-08-28T13:06:02.164+0000][info][gc,start       ] GC(262) Pause Young (Mixed) (G1 Evacuation Pause)
[2024-08-28T13:06:02.164+0000][info][gc,task        ] GC(262) Using 24 workers of 68 for evacuation
[2024-08-28T13:06:02.175+0000][info][gc,phases      ] GC(262)   Pre Evacuate Collection Set: 0.3ms
[2024-08-28T13:06:02.176+0000][info][gc,phases      ] GC(262)   Merge Heap Roots: 0.4ms
[2024-08-28T13:06:02.176+0000][info][gc,phases      ] GC(262)   Evacuate Collection Set: 10.2ms
[2024-08-28T13:06:02.176+0000][info][gc,phases      ] GC(262)   Post Evacuate Collection Set: 0.5ms
[2024-08-28T13:06:02.176+0000][info][gc,phases      ] GC(262)   Other: 0.4ms
[2024-08-28T13:06:02.176+0000][info][gc,heap        ] GC(262) Eden regions: 44->0(44)
[2024-08-28T13:06:02.176+0000][info][gc,heap        ] GC(262) Survivor regions: 7->7(7)
[2024-08-28T13:06:02.176+0000][info][gc,heap        ] GC(262) Old regions: 834->777
[2024-08-28T13:06:02.176+0000][info][gc,heap        ] GC(262) Archive regions: 2->2
[2024-08-28T13:06:02.176+0000][info][gc,heap        ] GC(262) Humongous regions: 5->5
[2024-08-28T13:06:02.176+0000][info][gc,metaspace   ] GC(262) Metaspace: 100K(320K)->100K(320K) NonClass: 96K(192K)->96K(192K) Class: 4K(128K)->4K(128K)
[2024-08-28T13:06:02.176+0000][info][gc             ] GC(262) Pause Young (Mixed) (G1 Evacuation Pause) 890M->789M(1024M) 11.830ms
[2024-08-28T13:06:02.176+0000][info][gc,cpu         ] GC(262) User=0.24s Sys=0.01s Real=0.01s
[2024-08-28T13:06:02.204+0000][info][gc,start       ] GC(263) Pause Young (Mixed) (G1 Evacuation Pause)
[2024-08-28T13:06:02.204+0000][info][gc,task        ] GC(263) Using 24 workers of 68 for evacuation
[2024-08-28T13:06:02.216+0000][info][gc,phases      ] GC(263)   Pre Evacuate Collection Set: 0.2ms
[2024-08-28T13:06:02.216+0000][info][gc,phases      ] GC(263)   Merge Heap Roots: 0.4ms
[2024-08-28T13:06:02.216+0000][info][gc,phases      ] GC(263)   Evacuate Collection Set: 10.8ms
[2024-08-28T13:06:02.216+0000][info][gc,phases      ] GC(263)   Post Evacuate Collection Set: 0.4ms
[2024-08-28T13:06:02.216+0000][info][gc,phases      ] GC(263)   Other: 0.3ms
[2024-08-28T13:06:02.216+0000][info][gc,heap        ] GC(263) Eden regions: 44->0(44)
[2024-08-28T13:06:02.216+0000][info][gc,heap        ] GC(263) Survivor regions: 7->7(7)
[2024-08-28T13:06:02.216+0000][info][gc,heap        ] GC(263) Old regions: 777->786
[2024-08-28T13:06:02.216+0000][info][gc,heap        ] GC(263) Archive regions: 2->2
[2024-08-28T13:06:02.216+0000][info][gc,heap        ] GC(263) Humongous regions: 5->5
[2024-08-28T13:06:02.216+0000][info][gc,metaspace   ] GC(263) Metaspace: 100K(320K)->100K(320K) NonClass: 96K(192K)->96K(192K) Class: 4K(128K)->4K(128K)
[2024-08-28T13:06:02.216+0000][info][gc             ] GC(263) Pause Young (Mixed) (G1 Evacuation Pause) 833M->798M(1024M) 12.232ms
[2024-08-28T13:06:02.216+0000][info][gc,cpu         ] GC(263) User=0.25s Sys=0.01s Real=0.01s
[2024-08-28T13:06:02.242+0000][info][gc,start       ] GC(264) Pause Young (Concurrent Start) (G1 Evacuation Pause)
[2024-08-28T13:06:02.242+0000][info][gc,task        ] GC(264) Using 24 workers of 68 for evacuation
[2024-08-28T13:06:02.254+0000][info][gc,phases      ] GC(264)   Pre Evacuate Collection Set: 0.2ms
[2024-08-28T13:06:02.254+0000][info][gc,phases      ] GC(264)   Merge Heap Roots: 0.4ms
[2024-08-28T13:06:02.254+0000][info][gc,phases      ] GC(264)   Evacuate Collection Set: 10.3ms
[2024-08-28T13:06:02.254+0000][info][gc,phases      ] GC(264)   Post Evacuate Collection Set: 0.3ms
[2024-08-28T13:06:02.254+0000][info][gc,phases      ] GC(264)   Other: 1.0ms
[2024-08-28T13:06:02.254+0000][info][gc,heap        ] GC(264) Eden regions: 44->0(44)
[2024-08-28T13:06:02.254+0000][info][gc,heap        ] GC(264) Survivor regions: 7->7(7)
[2024-08-28T13:06:02.254+0000][info][gc,heap        ] GC(264) Old regions: 786->834
[2024-08-28T13:06:02.254+0000][info][gc,heap        ] GC(264) Archive regions: 2->2
[2024-08-28T13:06:02.254+0000][info][gc,heap        ] GC(264) Humongous regions: 5->5
[2024-08-28T13:06:02.254+0000][info][gc,metaspace   ] GC(264) Metaspace: 100K(320K)->100K(320K) NonClass: 96K(192K)->96K(192K) Class: 4K(128K)->4K(128K)
[2024-08-28T13:06:02.254+0000][info][gc             ] GC(264) Pause Young (Concurrent Start) (G1 Evacuation Pause) 842M->846M(1024M) 12.304ms
[2024-08-28T13:06:02.254+0000][info][gc,cpu         ] GC(264) User=0.24s Sys=0.02s Real=0.01s
[2024-08-28T13:06:02.254+0000][info][gc             ] GC(265) Concurrent Mark Cycle
[2024-08-28T13:06:02.254+0000][info][gc,marking     ] GC(265) Concurrent Clear Claimed Marks
[2024-08-28T13:06:02.254+0000][info][gc,marking     ] GC(265) Concurrent Clear Claimed Marks 0.012ms
[2024-08-28T13:06:02.254+0000][info][gc,marking     ] GC(265) Concurrent Scan Root Regions
[2024-08-28T13:06:02.256+0000][info][gc,marking     ] GC(265) Concurrent Scan Root Regions 1.916ms
[2024-08-28T13:06:02.256+0000][info][gc,marking     ] GC(265) Concurrent Mark
[2024-08-28T13:06:02.256+0000][info][gc,marking     ] GC(265) Concurrent Mark From Roots
[2024-08-28T13:06:02.256+0000][info][gc,task        ] GC(265) Using 17 workers of 17 for marking
[2024-08-28T13:06:02.284+0000][info][gc,marking     ] GC(265) Concurrent Mark From Roots 27.310ms
[2024-08-28T13:06:02.284+0000][info][gc,marking     ] GC(265) Concurrent Preclean
[2024-08-28T13:06:02.284+0000][info][gc,marking     ] GC(265) Concurrent Preclean 0.685ms
[2024-08-28T13:06:02.285+0000][info][gc,start       ] GC(265) Pause Remark
[2024-08-28T13:06:02.287+0000][info][gc             ] GC(265) Pause Remark 883M->883M(1024M) 1.901ms
[2024-08-28T13:06:02.287+0000][info][gc,cpu         ] GC(265) User=0.01s Sys=0.00s Real=0.00s
[2024-08-28T13:06:02.287+0000][info][gc,marking     ] GC(265) Concurrent Mark 30.428ms
[2024-08-28T13:06:02.287+0000][info][gc,marking     ] GC(265) Concurrent Rebuild Remembered Sets
[2024-08-28T13:06:02.292+0000][info][gc,start       ] GC(266) Pause Young (Normal) (G1 Evacuation Pause)
[2024-08-28T13:06:02.292+0000][info][gc,task        ] GC(266) Using 24 workers of 68 for evacuation
[2024-08-28T13:06:02.303+0000][info][gc,phases      ] GC(266)   Pre Evacuate Collection Set: 0.2ms
[2024-08-28T13:06:02.303+0000][info][gc,phases      ] GC(266)   Merge Heap Roots: 0.4ms
[2024-08-28T13:06:02.303+0000][info][gc,phases      ] GC(266)   Evacuate Collection Set: 10.0ms
[2024-08-28T13:06:02.303+0000][info][gc,phases      ] GC(266)   Post Evacuate Collection Set: 0.5ms
[2024-08-28T13:06:02.303+0000][info][gc,phases      ] GC(266)   Other: 0.2ms
[2024-08-28T13:06:02.303+0000][info][gc,heap        ] GC(266) Eden regions: 44->0(44)
[2024-08-28T13:06:02.303+0000][info][gc,heap        ] GC(266) Survivor regions: 7->7(7)
[2024-08-28T13:06:02.303+0000][info][gc,heap        ] GC(266) Old regions: 834->881
[2024-08-28T13:06:02.303+0000][info][gc,heap        ] GC(266) Archive regions: 2->2
[2024-08-28T13:06:02.303+0000][info][gc,heap        ] GC(266) Humongous regions: 5->5
[2024-08-28T13:06:02.303+0000][info][gc,metaspace   ] GC(266) Metaspace: 100K(320K)->100K(320K) NonClass: 96K(192K)->96K(192K) Class: 4K(128K)->4K(128K)
[2024-08-28T13:06:02.303+0000][info][gc             ] GC(266) Pause Young (Normal) (G1 Evacuation Pause) 890M->893M(1024M) 11.400ms
[2024-08-28T13:06:02.303+0000][info][gc,cpu         ] GC(266) User=0.25s Sys=0.00s Real=0.01s
[2024-08-28T13:06:02.332+0000][info][gc,start       ] GC(267) Pause Young (Normal) (G1 Evacuation Pause)
[2024-08-28T13:06:02.333+0000][info][gc,task        ] GC(267) Using 24 workers of 68 for evacuation
[2024-08-28T13:06:02.350+0000][info][gc,phases      ] GC(267)   Pre Evacuate Collection Set: 0.2ms
[2024-08-28T13:06:02.350+0000][info][gc,phases      ] GC(267)   Merge Heap Roots: 0.5ms
[2024-08-28T13:06:02.350+0000][info][gc,phases      ] GC(267)   Evacuate Collection Set: 15.1ms
[2024-08-28T13:06:02.350+0000][info][gc,phases      ] GC(267)   Post Evacuate Collection Set: 1.1ms
[2024-08-28T13:06:02.350+0000][info][gc,phases      ] GC(267)   Other: 0.3ms
[2024-08-28T13:06:02.350+0000][info][gc,heap        ] GC(267) Eden regions: 44->0(44)
[2024-08-28T13:06:02.350+0000][info][gc,heap        ] GC(267) Survivor regions: 7->7(7)
[2024-08-28T13:06:02.350+0000][info][gc,heap        ] GC(267) Old regions: 881->927
[2024-08-28T13:06:02.350+0000][info][gc,heap        ] GC(267) Archive regions: 2->2
[2024-08-28T13:06:02.350+0000][info][gc,heap        ] GC(267) Humongous regions: 5->5
[2024-08-28T13:06:02.350+0000][info][gc,metaspace   ] GC(267) Metaspace: 100K(320K)->100K(320K) NonClass: 96K(192K)->96K(192K) Class: 4K(128K)->4K(128K)
[2024-08-28T13:06:02.350+0000][info][gc             ] GC(267) Pause Young (Normal) (G1 Evacuation Pause) 937M->939M(1024M) 17.278ms
[2024-08-28T13:06:02.350+0000][info][gc,cpu         ] GC(267) User=0.38s Sys=0.00s Real=0.02s
[2024-08-28T13:06:02.370+0000][info][gc,marking     ] GC(265) Concurrent Rebuild Remembered Sets 83.382ms
[2024-08-28T13:06:02.371+0000][info][gc,start       ] GC(265) Pause Cleanup
[2024-08-28T13:06:02.374+0000][info][gc             ] GC(265) Pause Cleanup 971M->971M(1024M) 3.172ms
[2024-08-28T13:06:02.374+0000][info][gc,cpu         ] GC(265) User=0.01s Sys=0.00s Real=0.00s
[2024-08-28T13:06:02.374+0000][info][gc,marking     ] GC(265) Concurrent Cleanup for Next Mark
[2024-08-28T13:06:02.375+0000][info][gc,marking     ] GC(265) Concurrent Cleanup for Next Mark 1.058ms
[2024-08-28T13:06:02.375+0000][info][gc             ] GC(265) Concurrent Mark Cycle 120.647ms
[2024-08-28T13:06:02.377+0000][info][gc,start       ] GC(268) Pause Young (Prepare Mixed) (G1 Preventive Collection)
[2024-08-28T13:06:02.377+0000][info][gc,task        ] GC(268) Using 24 workers of 68 for evacuation
[2024-08-28T13:06:02.393+0000][info][gc,phases      ] GC(268)   Pre Evacuate Collection Set: 0.3ms
[2024-08-28T13:06:02.394+0000][info][gc,phases      ] GC(268)   Merge Heap Roots: 0.6ms
[2024-08-28T13:06:02.394+0000][info][gc,phases      ] GC(268)   Evacuate Collection Set: 14.7ms
[2024-08-28T13:06:02.394+0000][info][gc,phases      ] GC(268)   Post Evacuate Collection Set: 0.3ms
[2024-08-28T13:06:02.394+0000][info][gc,phases      ] GC(268)   Other: 0.3ms
[2024-08-28T13:06:02.394+0000][info][gc,heap        ] GC(268) Eden regions: 36->0(44)
[2024-08-28T13:06:02.394+0000][info][gc,heap        ] GC(268) Survivor regions: 7->7(7)
[2024-08-28T13:06:02.394+0000][info][gc,heap        ] GC(268) Old regions: 927->966
[2024-08-28T13:06:02.394+0000][info][gc,heap        ] GC(268) Archive regions: 2->2
[2024-08-28T13:06:02.394+0000][info][gc,heap        ] GC(268) Humongous regions: 5->5
[2024-08-28T13:06:02.394+0000][info][gc,metaspace   ] GC(268) Metaspace: 100K(320K)->100K(320K) NonClass: 96K(192K)->96K(192K) Class: 4K(128K)->4K(128K)
[2024-08-28T13:06:02.394+0000][info][gc             ] GC(268) Pause Young (Prepare Mixed) (G1 Preventive Collection) 975M->978M(1024M) 16.311ms
[2024-08-28T13:06:02.394+0000][info][gc,cpu         ] GC(268) User=0.34s Sys=0.03s Real=0.02s
[2024-08-28T13:06:02.404+0000][info][gc,start       ] GC(269) Pause Young (Mixed) (G1 Preventive Collection)
[2024-08-28T13:06:02.404+0000][info][gc,task        ] GC(269) Using 24 workers of 68 for evacuation
[2024-08-28T13:06:02.412+0000][info][gc,phases      ] GC(269)   Pre Evacuate Collection Set: 0.2ms
[2024-08-28T13:06:02.412+0000][info][gc,phases      ] GC(269)   Merge Heap Roots: 0.3ms
[2024-08-28T13:06:02.412+0000][info][gc,phases      ] GC(269)   Evacuate Collection Set: 6.4ms
[2024-08-28T13:06:02.412+0000][info][gc,phases      ] GC(269)   Post Evacuate Collection Set: 0.4ms
[2024-08-28T13:06:02.412+0000][info][gc,phases      ] GC(269)   Other: 0.2ms
[2024-08-28T13:06:02.412+0000][info][gc,heap        ] GC(269) Eden regions: 17->0(44)
[2024-08-28T13:06:02.412+0000][info][gc,heap        ] GC(269) Survivor regions: 7->7(7)
[2024-08-28T13:06:02.412+0000][info][gc,heap        ] GC(269) Old regions: 966->882
[2024-08-28T13:06:02.412+0000][info][gc,heap        ] GC(269) Archive regions: 2->2
[2024-08-28T13:06:02.412+0000][info][gc,heap        ] GC(269) Humongous regions: 5->5
[2024-08-28T13:06:02.412+0000][info][gc,metaspace   ] GC(269) Metaspace: 100K(320K)->100K(320K) NonClass: 96K(192K)->96K(192K) Class: 4K(128K)->4K(128K)
[2024-08-28T13:06:02.412+0000][info][gc             ] GC(269) Pause Young (Mixed) (G1 Preventive Collection) 995M->894M(1024M) 7.646ms
[2024-08-28T13:06:02.412+0000][info][gc,cpu         ] GC(269) User=0.16s Sys=0.00s Real=0.01s
[2024-08-28T13:06:02.437+0000][info][gc,start       ] GC(270) Pause Young (Mixed) (G1 Evacuation Pause)
[2024-08-28T13:06:02.437+0000][info][gc,task        ] GC(270) Using 24 workers of 68 for evacuation
[2024-08-28T13:06:02.449+0000][info][gc,phases      ] GC(270)   Pre Evacuate Collection Set: 0.2ms
[2024-08-28T13:06:02.449+0000][info][gc,phases      ] GC(270)   Merge Heap Roots: 0.4ms
[2024-08-28T13:06:02.449+0000][info][gc,phases      ] GC(270)   Evacuate Collection Set: 10.6ms
[2024-08-28T13:06:02.449+0000][info][gc,phases      ] GC(270)   Post Evacuate Collection Set: 0.4ms
[2024-08-28T13:06:02.449+0000][info][gc,phases      ] GC(270)   Other: 0.3ms
[2024-08-28T13:06:02.449+0000][info][gc,heap        ] GC(270) Eden regions: 44->0(44)
[2024-08-28T13:06:02.449+0000][info][gc,heap        ] GC(270) Survivor regions: 7->7(7)
[2024-08-28T13:06:02.449+0000][info][gc,heap        ] GC(270) Old regions: 882->824
[2024-08-28T13:06:02.449+0000][info][gc,heap        ] GC(270) Archive regions: 2->2
[2024-08-28T13:06:02.449+0000][info][gc,heap        ] GC(270) Humongous regions: 5->5
[2024-08-28T13:06:02.449+0000][info][gc,metaspace   ] GC(270) Metaspace: 100K(320K)->100K(320K) NonClass: 96K(192K)->96K(192K) Class: 4K(128K)->4K(128K)
[2024-08-28T13:06:02.449+0000][info][gc             ] GC(270) Pause Young (Mixed) (G1 Evacuation Pause) 938M->836M(1024M) 12.046ms
[2024-08-28T13:06:02.449+0000][info][gc,cpu         ] GC(270) User=0.26s Sys=0.01s Real=0.01s
[2024-08-28T13:06:02.476+0000][info][gc,start       ] GC(271) Pause Young (Mixed) (G1 Evacuation Pause)
[2024-08-28T13:06:02.476+0000][info][gc,task        ] GC(271) Using 24 workers of 68 for evacuation
[2024-08-28T13:06:02.488+0000][info][gc,phases      ] GC(271)   Pre Evacuate Collection Set: 0.2ms
[2024-08-28T13:06:02.488+0000][info][gc,phases      ] GC(271)   Merge Heap Roots: 0.4ms
[2024-08-28T13:06:02.488+0000][info][gc,phases      ] GC(271)   Evacuate Collection Set: 10.7ms
[2024-08-28T13:06:02.488+0000][info][gc,phases      ] GC(271)   Post Evacuate Collection Set: 0.5ms
[2024-08-28T13:06:02.488+0000][info][gc,phases      ] GC(271)   Other: 0.3ms
[2024-08-28T13:06:02.488+0000][info][gc,heap        ] GC(271) Eden regions: 44->0(44)
[2024-08-28T13:06:02.488+0000][info][gc,heap        ] GC(271) Survivor regions: 7->7(7)
[2024-08-28T13:06:02.488+0000][info][gc,heap        ] GC(271) Old regions: 824->768
[2024-08-28T13:06:02.488+0000][info][gc,heap        ] GC(271) Archive regions: 2->2
[2024-08-28T13:06:02.488+0000][info][gc,heap        ] GC(271) Humongous regions: 5->5
[2024-08-28T13:06:02.488+0000][info][gc,metaspace   ] GC(271) Metaspace: 100K(320K)->100K(320K) NonClass: 96K(192K)->96K(192K) Class: 4K(128K)->4K(128K)
[2024-08-28T13:06:02.488+0000][info][gc             ] GC(271) Pause Young (Mixed) (G1 Evacuation Pause) 880M->780M(1024M) 12.235ms
[2024-08-28T13:06:02.488+0000][info][gc,cpu         ] GC(271) User=0.26s Sys=0.00s Real=0.01s
[2024-08-28T13:06:02.516+0000][info][gc,start       ] GC(272) Pause Young (Mixed) (G1 Evacuation Pause)
[2024-08-28T13:06:02.516+0000][info][gc,task        ] GC(272) Using 24 workers of 68 for evacuation
[2024-08-28T13:06:02.528+0000][info][gc,phases      ] GC(272)   Pre Evacuate Collection Set: 0.2ms
[2024-08-28T13:06:02.529+0000][info][gc,phases      ] GC(272)   Merge Heap Roots: 0.4ms
[2024-08-28T13:06:02.529+0000][info][gc,phases      ] GC(272)   Evacuate Collection Set: 11.5ms
[2024-08-28T13:06:02.529+0000][info][gc,phases      ] GC(272)   Post Evacuate Collection Set: 0.4ms
[2024-08-28T13:06:02.529+0000][info][gc,phases      ] GC(272)   Other: 0.3ms
[2024-08-28T13:06:02.529+0000][info][gc,heap        ] GC(272) Eden regions: 44->0(44)
[2024-08-28T13:06:02.529+0000][info][gc,heap        ] GC(272) Survivor regions: 7->7(7)
[2024-08-28T13:06:02.529+0000][info][gc,heap        ] GC(272) Old regions: 768->781
[2024-08-28T13:06:02.529+0000][info][gc,heap        ] GC(272) Archive regions: 2->2
[2024-08-28T13:06:02.529+0000][info][gc,heap        ] GC(272) Humongous regions: 5->5
[2024-08-28T13:06:02.529+0000][info][gc,metaspace   ] GC(272) Metaspace: 100K(320K)->100K(320K) NonClass: 96K(192K)->96K(192K) Class: 4K(128K)->4K(128K)
[2024-08-28T13:06:02.529+0000][info][gc             ] GC(272) Pause Young (Mixed) (G1 Evacuation Pause) 824M->793M(1024M) 12.937ms
[2024-08-28T13:06:02.529+0000][info][gc,cpu         ] GC(272) User=0.25s Sys=0.03s Real=0.01s
[2024-08-28T13:06:02.557+0000][info][gc,start       ] GC(273) Pause Young (Concurrent Start) (G1 Evacuation Pause)
[2024-08-28T13:06:02.557+0000][info][gc,task        ] GC(273) Using 24 workers of 68 for evacuation
[2024-08-28T13:06:02.569+0000][info][gc,phases      ] GC(273)   Pre Evacuate Collection Set: 0.3ms
[2024-08-28T13:06:02.569+0000][info][gc,phases      ] GC(273)   Merge Heap Roots: 0.4ms
[2024-08-28T13:06:02.569+0000][info][gc,phases      ] GC(273)   Evacuate Collection Set: 10.2ms
[2024-08-28T13:06:02.569+0000][info][gc,phases      ] GC(273)   Post Evacuate Collection Set: 0.4ms
[2024-08-28T13:06:02.569+0000][info][gc,phases      ] GC(273)   Other: 1.0ms
[2024-08-28T13:06:02.569+0000][info][gc,heap        ] GC(273) Eden regions: 44->0(44)
[2024-08-28T13:06:02.570+0000][info][gc,heap        ] GC(273) Survivor regions: 7->7(7)
[2024-08-28T13:06:02.570+0000][info][gc,heap        ] GC(273) Old regions: 781->828
[2024-08-28T13:06:02.570+0000][info][gc,heap        ] GC(273) Archive regions: 2->2
[2024-08-28T13:06:02.570+0000][info][gc,heap        ] GC(273) Humongous regions: 5->5
[2024-08-28T13:06:02.570+0000][info][gc,metaspace   ] GC(273) Metaspace: 100K(320K)->100K(320K) NonClass: 96K(192K)->96K(192K) Class: 4K(128K)->4K(128K)
[2024-08-28T13:06:02.570+0000][info][gc             ] GC(273) Pause Young (Concurrent Start) (G1 Evacuation Pause) 837M->840M(1024M) 12.394ms
[2024-08-28T13:06:02.570+0000][info][gc,cpu         ] GC(273) User=0.25s Sys=0.01s Real=0.02s
[2024-08-28T13:06:02.570+0000][info][gc             ] GC(274) Concurrent Mark Cycle
[2024-08-28T13:06:02.570+0000][info][gc,marking     ] GC(274) Concurrent Clear Claimed Marks
[2024-08-28T13:06:02.570+0000][info][gc,marking     ] GC(274) Concurrent Clear Claimed Marks 0.009ms
[2024-08-28T13:06:02.570+0000][info][gc,marking     ] GC(274) Concurrent Scan Root Regions
[2024-08-28T13:06:02.571+0000][info][gc,marking     ] GC(274) Concurrent Scan Root Regions 1.746ms
[2024-08-28T13:06:02.572+0000][info][gc,marking     ] GC(274) Concurrent Mark
[2024-08-28T13:06:02.572+0000][info][gc,marking     ] GC(274) Concurrent Mark From Roots
[2024-08-28T13:06:02.572+0000][info][gc,task        ] GC(274) Using 17 workers of 17 for marking
[2024-08-28T13:06:02.599+0000][info][gc,marking     ] GC(274) Concurrent Mark From Roots 27.111ms
[2024-08-28T13:06:02.599+0000][info][gc,marking     ] GC(274) Concurrent Preclean
[2024-08-28T13:06:02.600+0000][info][gc,marking     ] GC(274) Concurrent Preclean 0.869ms
[2024-08-28T13:06:02.600+0000][info][gc,start       ] GC(274) Pause Remark
[2024-08-28T13:06:02.602+0000][info][gc             ] GC(274) Pause Remark 873M->873M(1024M) 1.830ms
[2024-08-28T13:06:02.602+0000][info][gc,cpu         ] GC(274) User=0.01s Sys=0.00s Real=0.00s
[2024-08-28T13:06:02.602+0000][info][gc,marking     ] GC(274) Concurrent Mark 30.368ms
[2024-08-28T13:06:02.602+0000][info][gc,marking     ] GC(274) Concurrent Rebuild Remembered Sets
[2024-08-28T13:06:02.610+0000][info][gc,start       ] GC(275) Pause Young (Normal) (G1 Evacuation Pause)
[2024-08-28T13:06:02.610+0000][info][gc,task        ] GC(275) Using 24 workers of 68 for evacuation
[2024-08-28T13:06:02.622+0000][info][gc,phases      ] GC(275)   Pre Evacuate Collection Set: 0.2ms
[2024-08-28T13:06:02.622+0000][info][gc,phases      ] GC(275)   Merge Heap Roots: 0.4ms
[2024-08-28T13:06:02.622+0000][info][gc,phases      ] GC(275)   Evacuate Collection Set: 10.5ms
[2024-08-28T13:06:02.622+0000][info][gc,phases      ] GC(275)   Post Evacuate Collection Set: 0.5ms
[2024-08-28T13:06:02.622+0000][info][gc,phases      ] GC(275)   Other: 0.3ms
[2024-08-28T13:06:02.622+0000][info][gc,heap        ] GC(275) Eden regions: 44->0(44)
[2024-08-28T13:06:02.622+0000][info][gc,heap        ] GC(275) Survivor regions: 7->7(7)
[2024-08-28T13:06:02.622+0000][info][gc,heap        ] GC(275) Old regions: 828->875
[2024-08-28T13:06:02.622+0000][info][gc,heap        ] GC(275) Archive regions: 2->2
[2024-08-28T13:06:02.622+0000][info][gc,heap        ] GC(275) Humongous regions: 5->5
[2024-08-28T13:06:02.622+0000][info][gc,metaspace   ] GC(275) Metaspace: 100K(320K)->100K(320K) NonClass: 96K(192K)->96K(192K) Class: 4K(128K)->4K(128K)
[2024-08-28T13:06:02.622+0000][info][gc             ] GC(275) Pause Young (Normal) (G1 Evacuation Pause) 884M->887M(1024M) 12.005ms
[2024-08-28T13:06:02.622+0000][info][gc,cpu         ] GC(275) User=0.26s Sys=0.01s Real=0.01s
[2024-08-28T13:06:02.654+0000][info][gc,start       ] GC(276) Pause Young (Normal) (G1 Evacuation Pause)
[2024-08-28T13:06:02.654+0000][info][gc,task        ] GC(276) Using 24 workers of 68 for evacuation
[2024-08-28T13:06:02.671+0000][info][gc,phases      ] GC(276)   Pre Evacuate Collection Set: 0.2ms
[2024-08-28T13:06:02.671+0000][info][gc,phases      ] GC(276)   Merge Heap Roots: 0.5ms
[2024-08-28T13:06:02.671+0000][info][gc,phases      ] GC(276)   Evacuate Collection Set: 15.5ms
[2024-08-28T13:06:02.671+0000][info][gc,phases      ] GC(276)   Post Evacuate Collection Set: 0.8ms
[2024-08-28T13:06:02.671+0000][info][gc,phases      ] GC(276)   Other: 0.4ms
[2024-08-28T13:06:02.671+0000][info][gc,heap        ] GC(276) Eden regions: 44->0(44)
[2024-08-28T13:06:02.671+0000][info][gc,heap        ] GC(276) Survivor regions: 7->7(7)
[2024-08-28T13:06:02.671+0000][info][gc,heap        ] GC(276) Old regions: 875->921
[2024-08-28T13:06:02.671+0000][info][gc,heap        ] GC(276) Archive regions: 2->2
[2024-08-28T13:06:02.671+0000][info][gc,heap        ] GC(276) Humongous regions: 5->5
[2024-08-28T13:06:02.671+0000][info][gc,metaspace   ] GC(276) Metaspace: 100K(320K)->100K(320K) NonClass: 96K(192K)->96K(192K) Class: 4K(128K)->4K(128K)
[2024-08-28T13:06:02.671+0000][info][gc             ] GC(276) Pause Young (Normal) (G1 Evacuation Pause) 931M->933M(1024M) 17.412ms
[2024-08-28T13:06:02.671+0000][info][gc,cpu         ] GC(276) User=0.37s Sys=0.01s Real=0.02s
[2024-08-28T13:06:02.683+0000][info][gc,marking     ] GC(274) Concurrent Rebuild Remembered Sets 81.161ms
[2024-08-28T13:06:02.683+0000][info][gc,start       ] GC(274) Pause Cleanup
[2024-08-28T13:06:02.686+0000][info][gc             ] GC(274) Pause Cleanup 950M->950M(1024M) 2.987ms
[2024-08-28T13:06:02.687+0000][info][gc,cpu         ] GC(274) User=0.01s Sys=0.00s Real=0.00s
[2024-08-28T13:06:02.687+0000][info][gc,marking     ] GC(274) Concurrent Cleanup for Next Mark
[2024-08-28T13:06:02.688+0000][info][gc,marking     ] GC(274) Concurrent Cleanup for Next Mark 1.500ms
[2024-08-28T13:06:02.688+0000][info][gc             ] GC(274) Concurrent Mark Cycle 118.555ms
[2024-08-28T13:06:02.703+0000][info][gc,start       ] GC(277) Pause Young (Prepare Mixed) (G1 Preventive Collection)
[2024-08-28T13:06:02.703+0000][info][gc,task        ] GC(277) Using 24 workers of 68 for evacuation
[2024-08-28T13:06:02.721+0000][info][gc,phases      ] GC(277)   Pre Evacuate Collection Set: 0.2ms
[2024-08-28T13:06:02.721+0000][info][gc,phases      ] GC(277)   Merge Heap Roots: 0.6ms
[2024-08-28T13:06:02.721+0000][info][gc,phases      ] GC(277)   Evacuate Collection Set: 16.5ms
[2024-08-28T13:06:02.721+0000][info][gc,phases      ] GC(277)   Post Evacuate Collection Set: 0.4ms
[2024-08-28T13:06:02.721+0000][info][gc,phases      ] GC(277)   Other: 0.3ms
[2024-08-28T13:06:02.721+0000][info][gc,heap        ] GC(277) Eden regions: 39->0(44)
[2024-08-28T13:06:02.721+0000][info][gc,heap        ] GC(277) Survivor regions: 7->7(7)
[2024-08-28T13:06:02.721+0000][info][gc,heap        ] GC(277) Old regions: 921->964
[2024-08-28T13:06:02.721+0000][info][gc,heap        ] GC(277) Archive regions: 2->2
[2024-08-28T13:06:02.721+0000][info][gc,heap        ] GC(277) Humongous regions: 5->5
[2024-08-28T13:06:02.721+0000][info][gc,metaspace   ] GC(277) Metaspace: 100K(320K)->100K(320K) NonClass: 96K(192K)->96K(192K) Class: 4K(128K)->4K(128K)
[2024-08-28T13:06:02.721+0000][info][gc             ] GC(277) Pause Young (Prepare Mixed) (G1 Preventive Collection) 972M->976M(1024M) 18.061ms
[2024-08-28T13:06:02.721+0000][info][gc,cpu         ] GC(277) User=0.39s Sys=0.01s Real=0.02s
[2024-08-28T13:06:02.733+0000][info][gc,start       ] GC(278) Pause Young (Mixed) (G1 Preventive Collection)
[2024-08-28T13:06:02.733+0000][info][gc,task        ] GC(278) Using 24 workers of 68 for evacuation
[2024-08-28T13:06:02.741+0000][info][gc,phases      ] GC(278)   Pre Evacuate Collection Set: 0.2ms
[2024-08-28T13:06:02.741+0000][info][gc,phases      ] GC(278)   Merge Heap Roots: 0.4ms
[2024-08-28T13:06:02.741+0000][info][gc,phases      ] GC(278)   Evacuate Collection Set: 6.8ms
[2024-08-28T13:06:02.741+0000][info][gc,phases      ] GC(278)   Post Evacuate Collection Set: 0.4ms
[2024-08-28T13:06:02.741+0000][info][gc,phases      ] GC(278)   Other: 0.3ms
[2024-08-28T13:06:02.741+0000][info][gc,heap        ] GC(278) Eden regions: 18->0(44)
[2024-08-28T13:06:02.741+0000][info][gc,heap        ] GC(278) Survivor regions: 7->7(7)
[2024-08-28T13:06:02.741+0000][info][gc,heap        ] GC(278) Old regions: 964->882
[2024-08-28T13:06:02.741+0000][info][gc,heap        ] GC(278) Archive regions: 2->2
[2024-08-28T13:06:02.741+0000][info][gc,heap        ] GC(278) Humongous regions: 5->5
[2024-08-28T13:06:02.741+0000][info][gc,metaspace   ] GC(278) Metaspace: 100K(320K)->100K(320K) NonClass: 96K(192K)->96K(192K) Class: 4K(128K)->4K(128K)
[2024-08-28T13:06:02.742+0000][info][gc             ] GC(278) Pause Young (Mixed) (G1 Preventive Collection) 994M->894M(1024M) 8.259ms
[2024-08-28T13:06:02.742+0000][info][gc,cpu         ] GC(278) User=0.16s Sys=0.01s Real=0.01s
[2024-08-28T13:06:02.769+0000][info][gc,start       ] GC(279) Pause Young (Mixed) (G1 Evacuation Pause)
[2024-08-28T13:06:02.769+0000][info][gc,task        ] GC(279) Using 24 workers of 68 for evacuation
[2024-08-28T13:06:02.781+0000][info][gc,phases      ] GC(279)   Pre Evacuate Collection Set: 0.3ms
[2024-08-28T13:06:02.781+0000][info][gc,phases      ] GC(279)   Merge Heap Roots: 0.5ms
[2024-08-28T13:06:02.781+0000][info][gc,phases      ] GC(279)   Evacuate Collection Set: 10.6ms
[2024-08-28T13:06:02.781+0000][info][gc,phases      ] GC(279)   Post Evacuate Collection Set: 0.4ms
[2024-08-28T13:06:02.781+0000][info][gc,phases      ] GC(279)   Other: 0.4ms
[2024-08-28T13:06:02.781+0000][info][gc,heap        ] GC(279) Eden regions: 44->0(44)
[2024-08-28T13:06:02.781+0000][info][gc,heap        ] GC(279) Survivor regions: 7->7(7)
[2024-08-28T13:06:02.782+0000][info][gc,heap        ] GC(279) Old regions: 882->825
[2024-08-28T13:06:02.782+0000][info][gc,heap        ] GC(279) Archive regions: 2->2
[2024-08-28T13:06:02.782+0000][info][gc,heap        ] GC(279) Humongous regions: 5->5
[2024-08-28T13:06:02.782+0000][info][gc,metaspace   ] GC(279) Metaspace: 100K(320K)->100K(320K) NonClass: 96K(192K)->96K(192K) Class: 4K(128K)->4K(128K)
[2024-08-28T13:06:02.782+0000][info][gc             ] GC(279) Pause Young (Mixed) (G1 Evacuation Pause) 938M->837M(1024M) 12.286ms
[2024-08-28T13:06:02.782+0000][info][gc,cpu         ] GC(279) User=0.26s Sys=0.00s Real=0.02s
[2024-08-28T13:06:02.809+0000][info][gc,start       ] GC(280) Pause Young (Mixed) (G1 Evacuation Pause)
[2024-08-28T13:06:02.809+0000][info][gc,task        ] GC(280) Using 24 workers of 68 for evacuation
[2024-08-28T13:06:02.821+0000][info][gc,phases      ] GC(280)   Pre Evacuate Collection Set: 0.3ms
[2024-08-28T13:06:02.821+0000][info][gc,phases      ] GC(280)   Merge Heap Roots: 0.4ms
[2024-08-28T13:06:02.821+0000][info][gc,phases      ] GC(280)   Evacuate Collection Set: 10.5ms
[2024-08-28T13:06:02.821+0000][info][gc,phases      ] GC(280)   Post Evacuate Collection Set: 0.5ms
[2024-08-28T13:06:02.821+0000][info][gc,phases      ] GC(280)   Other: 0.3ms
[2024-08-28T13:06:02.821+0000][info][gc,heap        ] GC(280) Eden regions: 44->0(44)
[2024-08-28T13:06:02.821+0000][info][gc,heap        ] GC(280) Survivor regions: 7->7(7)
[2024-08-28T13:06:02.821+0000][info][gc,heap        ] GC(280) Old regions: 825->770
[2024-08-28T13:06:02.821+0000][info][gc,heap        ] GC(280) Archive regions: 2->2
[2024-08-28T13:06:02.821+0000][info][gc,heap        ] GC(280) Humongous regions: 5->5
[2024-08-28T13:06:02.821+0000][info][gc,metaspace   ] GC(280) Metaspace: 100K(320K)->100K(320K) NonClass: 96K(192K)->96K(192K) Class: 4K(128K)->4K(128K)
[2024-08-28T13:06:02.821+0000][info][gc             ] GC(280) Pause Young (Mixed) (G1 Evacuation Pause) 881M->782M(1024M) 12.178ms
[2024-08-28T13:06:02.821+0000][info][gc,cpu         ] GC(280) User=0.25s Sys=0.01s Real=0.02s
[2024-08-28T13:06:02.849+0000][info][gc,start       ] GC(281) Pause Young (Mixed) (G1 Evacuation Pause)
[2024-08-28T13:06:02.850+0000][info][gc,task        ] GC(281) Using 24 workers of 68 for evacuation
[2024-08-28T13:06:02.862+0000][info][gc,phases      ] GC(281)   Pre Evacuate Collection Set: 0.2ms
[2024-08-28T13:06:02.862+0000][info][gc,phases      ] GC(281)   Merge Heap Roots: 0.4ms
[2024-08-28T13:06:02.862+0000][info][gc,phases      ] GC(281)   Evacuate Collection Set: 11.0ms
[2024-08-28T13:06:02.862+0000][info][gc,phases      ] GC(281)   Post Evacuate Collection Set: 0.4ms
[2024-08-28T13:06:02.862+0000][info][gc,phases      ] GC(281)   Other: 0.3ms
[2024-08-28T13:06:02.862+0000][info][gc,heap        ] GC(281) Eden regions: 44->0(44)
[2024-08-28T13:06:02.862+0000][info][gc,heap        ] GC(281) Survivor regions: 7->7(7)
[2024-08-28T13:06:02.862+0000][info][gc,heap        ] GC(281) Old regions: 770->791
[2024-08-28T13:06:02.862+0000][info][gc,heap        ] GC(281) Archive regions: 2->2
[2024-08-28T13:06:02.862+0000][info][gc,heap        ] GC(281) Humongous regions: 5->5
[2024-08-28T13:06:02.862+0000][info][gc,metaspace   ] GC(281) Metaspace: 100K(320K)->100K(320K) NonClass: 96K(192K)->96K(192K) Class: 4K(128K)->4K(128K)
[2024-08-28T13:06:02.862+0000][info][gc             ] GC(281) Pause Young (Mixed) (G1 Evacuation Pause) 826M->803M(1024M) 12.427ms
[2024-08-28T13:06:02.862+0000][info][gc,cpu         ] GC(281) User=0.26s Sys=0.01s Real=0.02s
[2024-08-28T13:06:02.888+0000][info][gc,start       ] GC(282) Pause Young (Concurrent Start) (G1 Evacuation Pause)
[2024-08-28T13:06:02.888+0000][info][gc,task        ] GC(282) Using 24 workers of 68 for evacuation
[2024-08-28T13:06:02.905+0000][info][gc,phases      ] GC(282)   Pre Evacuate Collection Set: 0.2ms
[2024-08-28T13:06:02.905+0000][info][gc,phases      ] GC(282)   Merge Heap Roots: 0.5ms
[2024-08-28T13:06:02.905+0000][info][gc,phases      ] GC(282)   Evacuate Collection Set: 15.1ms
[2024-08-28T13:06:02.905+0000][info][gc,phases      ] GC(282)   Post Evacuate Collection Set: 0.3ms
[2024-08-28T13:06:02.905+0000][info][gc,phases      ] GC(282)   Other: 1.5ms
[2024-08-28T13:06:02.905+0000][info][gc,heap        ] GC(282) Eden regions: 44->0(44)
[2024-08-28T13:06:02.905+0000][info][gc,heap        ] GC(282) Survivor regions: 7->7(7)
[2024-08-28T13:06:02.905+0000][info][gc,heap        ] GC(282) Old regions: 791->838
[2024-08-28T13:06:02.905+0000][info][gc,heap        ] GC(282) Archive regions: 2->2
[2024-08-28T13:06:02.905+0000][info][gc,heap        ] GC(282) Humongous regions: 5->5
[2024-08-28T13:06:02.905+0000][info][gc,metaspace   ] GC(282) Metaspace: 100K(320K)->100K(320K) NonClass: 96K(192K)->96K(192K) Class: 4K(128K)->4K(128K)
[2024-08-28T13:06:02.906+0000][info][gc             ] GC(282) Pause Young (Concurrent Start) (G1 Evacuation Pause) 847M->850M(1024M) 17.686ms
[2024-08-28T13:06:02.906+0000][info][gc,cpu         ] GC(282) User=0.26s Sys=0.01s Real=0.02s
[2024-08-28T13:06:02.906+0000][info][gc             ] GC(283) Concurrent Mark Cycle
[2024-08-28T13:06:02.906+0000][info][gc,marking     ] GC(283) Concurrent Clear Claimed Marks
[2024-08-28T13:06:02.906+0000][info][gc,marking     ] GC(283) Concurrent Clear Claimed Marks 0.009ms
[2024-08-28T13:06:02.906+0000][info][gc,marking     ] GC(283) Concurrent Scan Root Regions
[2024-08-28T13:06:02.911+0000][info][gc,marking     ] GC(283) Concurrent Scan Root Regions 5.773ms
[2024-08-28T13:06:02.911+0000][info][gc,marking     ] GC(283) Concurrent Mark
[2024-08-28T13:06:02.911+0000][info][gc,marking     ] GC(283) Concurrent Mark From Roots
[2024-08-28T13:06:02.912+0000][info][gc,task        ] GC(283) Using 17 workers of 17 for marking
[2024-08-28T13:06:02.946+0000][info][gc,marking     ] GC(283) Concurrent Mark From Roots 34.318ms
[2024-08-28T13:06:02.946+0000][info][gc,marking     ] GC(283) Concurrent Preclean
[2024-08-28T13:06:02.946+0000][info][gc,marking     ] GC(283) Concurrent Preclean 0.504ms
[2024-08-28T13:06:02.947+0000][info][gc,start       ] GC(283) Pause Remark
[2024-08-28T13:06:02.949+0000][info][gc             ] GC(283) Pause Remark 894M->894M(1024M) 1.989ms
[2024-08-28T13:06:02.949+0000][info][gc,cpu         ] GC(283) User=0.02s Sys=0.00s Real=0.00s
[2024-08-28T13:06:02.949+0000][info][gc,marking     ] GC(283) Concurrent Mark 37.234ms
[2024-08-28T13:06:02.949+0000][info][gc,marking     ] GC(283) Concurrent Rebuild Remembered Sets
[2024-08-28T13:06:02.949+0000][info][gc,start       ] GC(284) Pause Young (Normal) (G1 Evacuation Pause)
[2024-08-28T13:06:02.949+0000][info][gc,task        ] GC(284) Using 24 workers of 68 for evacuation
[2024-08-28T13:06:02.961+0000][info][gc,phases      ] GC(284)   Pre Evacuate Collection Set: 0.2ms
[2024-08-28T13:06:02.961+0000][info][gc,phases      ] GC(284)   Merge Heap Roots: 0.4ms
[2024-08-28T13:06:02.961+0000][info][gc,phases      ] GC(284)   Evacuate Collection Set: 10.3ms
[2024-08-28T13:06:02.961+0000][info][gc,phases      ] GC(284)   Post Evacuate Collection Set: 0.5ms
[2024-08-28T13:06:02.961+0000][info][gc,phases      ] GC(284)   Other: 0.2ms
[2024-08-28T13:06:02.961+0000][info][gc,heap        ] GC(284) Eden regions: 44->0(44)
[2024-08-28T13:06:02.961+0000][info][gc,heap        ] GC(284) Survivor regions: 7->7(7)
[2024-08-28T13:06:02.961+0000][info][gc,heap        ] GC(284) Old regions: 838->885
[2024-08-28T13:06:02.961+0000][info][gc,heap        ] GC(284) Archive regions: 2->2
[2024-08-28T13:06:02.961+0000][info][gc,heap        ] GC(284) Humongous regions: 5->5
[2024-08-28T13:06:02.961+0000][info][gc,metaspace   ] GC(284) Metaspace: 100K(320K)->100K(320K) NonClass: 96K(192K)->96K(192K) Class: 4K(128K)->4K(128K)
[2024-08-28T13:06:02.961+0000][info][gc             ] GC(284) Pause Young (Normal) (G1 Evacuation Pause) 894M->897M(1024M) 11.711ms
[2024-08-28T13:06:02.961+0000][info][gc,cpu         ] GC(284) User=0.23s Sys=0.02s Real=0.02s
[2024-08-28T13:06:02.988+0000][info][gc,start       ] GC(285) Pause Young (Normal) (G1 Evacuation Pause)
[2024-08-28T13:06:02.988+0000][info][gc,task        ] GC(285) Using 24 workers of 68 for evacuation
[2024-08-28T13:06:03.004+0000][info][gc,phases      ] GC(285)   Pre Evacuate Collection Set: 0.2ms
[2024-08-28T13:06:03.004+0000][info][gc,phases      ] GC(285)   Merge Heap Roots: 0.5ms
[2024-08-28T13:06:03.004+0000][info][gc,phases      ] GC(285)   Evacuate Collection Set: 14.4ms
[2024-08-28T13:06:03.004+0000][info][gc,phases      ] GC(285)   Post Evacuate Collection Set: 0.6ms
[2024-08-28T13:06:03.004+0000][info][gc,phases      ] GC(285)   Other: 0.3ms
[2024-08-28T13:06:03.004+0000][info][gc,heap        ] GC(285) Eden regions: 44->0(44)
[2024-08-28T13:06:03.004+0000][info][gc,heap        ] GC(285) Survivor regions: 7->7(7)
[2024-08-28T13:06:03.004+0000][info][gc,heap        ] GC(285) Old regions: 885->931
[2024-08-28T13:06:03.004+0000][info][gc,heap        ] GC(285) Archive regions: 2->2
[2024-08-28T13:06:03.004+0000][info][gc,heap        ] GC(285) Humongous regions: 5->5
[2024-08-28T13:06:03.004+0000][info][gc,metaspace   ] GC(285) Metaspace: 100K(320K)->100K(320K) NonClass: 96K(192K)->96K(192K) Class: 4K(128K)->4K(128K)
[2024-08-28T13:06:03.004+0000][info][gc             ] GC(285) Pause Young (Normal) (G1 Evacuation Pause) 941M->943M(1024M) 16.068ms
[2024-08-28T13:06:03.005+0000][info][gc,cpu         ] GC(285) User=0.36s Sys=0.00s Real=0.02s
[2024-08-28T13:06:03.028+0000][info][gc,marking     ] GC(283) Concurrent Rebuild Remembered Sets 78.757ms
[2024-08-28T13:06:03.028+0000][info][gc,start       ] GC(283) Pause Cleanup
[2024-08-28T13:06:03.029+0000][info][gc             ] GC(283) Pause Cleanup 977M->977M(1024M) 1.626ms
[2024-08-28T13:06:03.029+0000][info][gc,cpu         ] GC(283) User=0.00s Sys=0.00s Real=0.00s
[2024-08-28T13:06:03.029+0000][info][gc,marking     ] GC(283) Concurrent Cleanup for Next Mark
[2024-08-28T13:06:03.030+0000][info][gc,start       ] GC(286) Pause Young (Prepare Mixed) (G1 Preventive Collection)
[2024-08-28T13:06:03.030+0000][info][gc,task        ] GC(286) Using 24 workers of 68 for evacuation
[2024-08-28T13:06:03.046+0000][info][gc,phases      ] GC(286)   Pre Evacuate Collection Set: 0.2ms
[2024-08-28T13:06:03.046+0000][info][gc,phases      ] GC(286)   Merge Heap Roots: 0.6ms
[2024-08-28T13:06:03.046+0000][info][gc,phases      ] GC(286)   Evacuate Collection Set: 14.4ms
[2024-08-28T13:06:03.046+0000][info][gc,phases      ] GC(286)   Post Evacuate Collection Set: 0.3ms
[2024-08-28T13:06:03.046+0000][info][gc,phases      ] GC(286)   Other: 0.2ms
[2024-08-28T13:06:03.046+0000][info][gc,heap        ] GC(286) Eden regions: 34->0(44)
[2024-08-28T13:06:03.046+0000][info][gc,heap        ] GC(286) Survivor regions: 7->7(7)
[2024-08-28T13:06:03.046+0000][info][gc,heap        ] GC(286) Old regions: 931->968
[2024-08-28T13:06:03.046+0000][info][gc,heap        ] GC(286) Archive regions: 2->2
[2024-08-28T13:06:03.046+0000][info][gc,heap        ] GC(286) Humongous regions: 5->5
[2024-08-28T13:06:03.046+0000][info][gc,metaspace   ] GC(286) Metaspace: 100K(320K)->100K(320K) NonClass: 96K(192K)->96K(192K) Class: 4K(128K)->4K(128K)
[2024-08-28T13:06:03.046+0000][info][gc             ] GC(286) Pause Young (Prepare Mixed) (G1 Preventive Collection) 977M->980M(1024M) 15.702ms
[2024-08-28T13:06:03.046+0000][info][gc,cpu         ] GC(286) User=0.35s Sys=0.01s Real=0.01s
[2024-08-28T13:06:03.046+0000][info][gc,marking     ] GC(283) Concurrent Cleanup for Next Mark 16.909ms
[2024-08-28T13:06:03.046+0000][info][gc             ] GC(283) Concurrent Mark Cycle 140.792ms
[2024-08-28T13:06:03.057+0000][info][gc,start       ] GC(287) Pause Young (Mixed) (G1 Preventive Collection)
[2024-08-28T13:06:03.057+0000][info][gc,task        ] GC(287) Using 24 workers of 68 for evacuation
[2024-08-28T13:06:03.064+0000][info][gc,phases      ] GC(287)   Pre Evacuate Collection Set: 0.2ms
[2024-08-28T13:06:03.064+0000][info][gc,phases      ] GC(287)   Merge Heap Roots: 0.3ms
[2024-08-28T13:06:03.064+0000][info][gc,phases      ] GC(287)   Evacuate Collection Set: 6.1ms
[2024-08-28T13:06:03.064+0000][info][gc,phases      ] GC(287)   Post Evacuate Collection Set: 0.4ms
[2024-08-28T13:06:03.064+0000][info][gc,phases      ] GC(287)   Other: 0.2ms
[2024-08-28T13:06:03.064+0000][info][gc,heap        ] GC(287) Eden regions: 16->0(44)
[2024-08-28T13:06:03.064+0000][info][gc,heap        ] GC(287) Survivor regions: 7->7(7)
[2024-08-28T13:06:03.064+0000][info][gc,heap        ] GC(287) Old regions: 968->884
[2024-08-28T13:06:03.064+0000][info][gc,heap        ] GC(287) Archive regions: 2->2
[2024-08-28T13:06:03.064+0000][info][gc,heap        ] GC(287) Humongous regions: 5->5
[2024-08-28T13:06:03.064+0000][info][gc,metaspace   ] GC(287) Metaspace: 100K(320K)->100K(320K) NonClass: 96K(192K)->96K(192K) Class: 4K(128K)->4K(128K)
[2024-08-28T13:06:03.064+0000][info][gc             ] GC(287) Pause Young (Mixed) (G1 Preventive Collection) 996M->896M(1024M) 7.295ms
[2024-08-28T13:06:03.064+0000][info][gc,cpu         ] GC(287) User=0.15s Sys=0.00s Real=0.01s
[2024-08-28T13:06:03.088+0000][info][gc,start       ] GC(288) Pause Young (Mixed) (G1 Evacuation Pause)
[2024-08-28T13:06:03.088+0000][info][gc,task        ] GC(288) Using 24 workers of 68 for evacuation
[2024-08-28T13:06:03.101+0000][info][gc,phases      ] GC(288)   Pre Evacuate Collection Set: 0.2ms
[2024-08-28T13:06:03.101+0000][info][gc,phases      ] GC(288)   Merge Heap Roots: 0.4ms
[2024-08-28T13:06:03.101+0000][info][gc,phases      ] GC(288)   Evacuate Collection Set: 11.1ms
[2024-08-28T13:06:03.101+0000][info][gc,phases      ] GC(288)   Post Evacuate Collection Set: 0.4ms
[2024-08-28T13:06:03.101+0000][info][gc,phases      ] GC(288)   Other: 0.3ms
[2024-08-28T13:06:03.101+0000][info][gc,heap        ] GC(288) Eden regions: 44->0(44)
[2024-08-28T13:06:03.101+0000][info][gc,heap        ] GC(288) Survivor regions: 7->7(7)
[2024-08-28T13:06:03.101+0000][info][gc,heap        ] GC(288) Old regions: 884->826
[2024-08-28T13:06:03.101+0000][info][gc,heap        ] GC(288) Archive regions: 2->2
[2024-08-28T13:06:03.101+0000][info][gc,heap        ] GC(288) Humongous regions: 5->5
[2024-08-28T13:06:03.101+0000][info][gc,metaspace   ] GC(288) Metaspace: 100K(320K)->100K(320K) NonClass: 96K(192K)->96K(192K) Class: 4K(128K)->4K(128K)
[2024-08-28T13:06:03.101+0000][info][gc             ] GC(288) Pause Young (Mixed) (G1 Evacuation Pause) 940M->838M(1024M) 12.540ms
[2024-08-28T13:06:03.101+0000][info][gc,cpu         ] GC(288) User=0.27s Sys=0.00s Real=0.02s
[2024-08-28T13:06:03.125+0000][info][gc,start       ] GC(289) Pause Young (Mixed) (G1 Evacuation Pause)
[2024-08-28T13:06:03.125+0000][info][gc,task        ] GC(289) Using 24 workers of 68 for evacuation
[2024-08-28T13:06:03.137+0000][info][gc,phases      ] GC(289)   Pre Evacuate Collection Set: 0.2ms
[2024-08-28T13:06:03.137+0000][info][gc,phases      ] GC(289)   Merge Heap Roots: 0.4ms
[2024-08-28T13:06:03.137+0000][info][gc,phases      ] GC(289)   Evacuate Collection Set: 10.7ms
[2024-08-28T13:06:03.137+0000][info][gc,phases      ] GC(289)   Post Evacuate Collection Set: 0.4ms
[2024-08-28T13:06:03.137+0000][info][gc,phases      ] GC(289)   Other: 0.3ms
[2024-08-28T13:06:03.137+0000][info][gc,heap        ] GC(289) Eden regions: 44->0(44)
[2024-08-28T13:06:03.137+0000][info][gc,heap        ] GC(289) Survivor regions: 7->7(7)
[2024-08-28T13:06:03.137+0000][info][gc,heap        ] GC(289) Old regions: 826->770
[2024-08-28T13:06:03.137+0000][info][gc,heap        ] GC(289) Archive regions: 2->2
[2024-08-28T13:06:03.137+0000][info][gc,heap        ] GC(289) Humongous regions: 5->5
[2024-08-28T13:06:03.137+0000][info][gc,metaspace   ] GC(289) Metaspace: 100K(320K)->100K(320K) NonClass: 96K(192K)->96K(192K) Class: 4K(128K)->4K(128K)
[2024-08-28T13:06:03.137+0000][info][gc             ] GC(289) Pause Young (Mixed) (G1 Evacuation Pause) 882M->782M(1024M) 12.170ms
[2024-08-28T13:06:03.137+0000][info][gc,cpu         ] GC(289) User=0.26s Sys=0.00s Real=0.01s
[2024-08-28T13:06:03.162+0000][info][gc,start       ] GC(290) Pause Young (Mixed) (G1 Evacuation Pause)
[2024-08-28T13:06:03.162+0000][info][gc,task        ] GC(290) Using 24 workers of 68 for evacuation
[2024-08-28T13:06:03.175+0000][info][gc,phases      ] GC(290)   Pre Evacuate Collection Set: 0.2ms
[2024-08-28T13:06:03.175+0000][info][gc,phases      ] GC(290)   Merge Heap Roots: 0.4ms
[2024-08-28T13:06:03.175+0000][info][gc,phases      ] GC(290)   Evacuate Collection Set: 11.5ms
[2024-08-28T13:06:03.175+0000][info][gc,phases      ] GC(290)   Post Evacuate Collection Set: 0.4ms
[2024-08-28T13:06:03.175+0000][info][gc,phases      ] GC(290)   Other: 0.3ms
[2024-08-28T13:06:03.175+0000][info][gc,heap        ] GC(290) Eden regions: 44->0(44)
[2024-08-28T13:06:03.175+0000][info][gc,heap        ] GC(290) Survivor regions: 7->7(7)
[2024-08-28T13:06:03.175+0000][info][gc,heap        ] GC(290) Old regions: 770->779
[2024-08-28T13:06:03.175+0000][info][gc,heap        ] GC(290) Archive regions: 2->2
[2024-08-28T13:06:03.175+0000][info][gc,heap        ] GC(290) Humongous regions: 5->5
[2024-08-28T13:06:03.175+0000][info][gc,metaspace   ] GC(290) Metaspace: 100K(320K)->100K(320K) NonClass: 96K(192K)->96K(192K) Class: 4K(128K)->4K(128K)
[2024-08-28T13:06:03.175+0000][info][gc             ] GC(290) Pause Young (Mixed) (G1 Evacuation Pause) 826M->791M(1024M) 12.862ms
[2024-08-28T13:06:03.175+0000][info][gc,cpu         ] GC(290) User=0.28s Sys=0.00s Real=0.01s
[2024-08-28T13:06:03.200+0000][info][gc,start       ] GC(291) Pause Young (Concurrent Start) (G1 Evacuation Pause)
[2024-08-28T13:06:03.200+0000][info][gc,task        ] GC(291) Using 24 workers of 68 for evacuation
[2024-08-28T13:06:03.217+0000][info][gc,phases      ] GC(291)   Pre Evacuate Collection Set: 0.2ms
[2024-08-28T13:06:03.217+0000][info][gc,phases      ] GC(291)   Merge Heap Roots: 0.4ms
[2024-08-28T13:06:03.217+0000][info][gc,phases      ] GC(291)   Evacuate Collection Set: 15.3ms
[2024-08-28T13:06:03.217+0000][info][gc,phases      ] GC(291)   Post Evacuate Collection Set: 0.4ms
[2024-08-28T13:06:03.217+0000][info][gc,phases      ] GC(291)   Other: 0.9ms
[2024-08-28T13:06:03.217+0000][info][gc,heap        ] GC(291) Eden regions: 44->0(44)
[2024-08-28T13:06:03.218+0000][info][gc,heap        ] GC(291) Survivor regions: 7->7(7)
[2024-08-28T13:06:03.218+0000][info][gc,heap        ] GC(291) Old regions: 779->825
[2024-08-28T13:06:03.218+0000][info][gc,heap        ] GC(291) Archive regions: 2->2
[2024-08-28T13:06:03.218+0000][info][gc,heap        ] GC(291) Humongous regions: 5->5
[2024-08-28T13:06:03.218+0000][info][gc,metaspace   ] GC(291) Metaspace: 100K(320K)->100K(320K) NonClass: 96K(192K)->96K(192K) Class: 4K(128K)->4K(128K)
[2024-08-28T13:06:03.218+0000][info][gc             ] GC(291) Pause Young (Concurrent Start) (G1 Evacuation Pause) 835M->837M(1024M) 17.253ms
[2024-08-28T13:06:03.218+0000][info][gc,cpu         ] GC(291) User=0.26s Sys=0.00s Real=0.02s
[2024-08-28T13:06:03.218+0000][info][gc             ] GC(292) Concurrent Mark Cycle
[2024-08-28T13:06:03.218+0000][info][gc,marking     ] GC(292) Concurrent Clear Claimed Marks
[2024-08-28T13:06:03.218+0000][info][gc,marking     ] GC(292) Concurrent Clear Claimed Marks 0.009ms
[2024-08-28T13:06:03.218+0000][info][gc,marking     ] GC(292) Concurrent Scan Root Regions
[2024-08-28T13:06:03.221+0000][info][gc,marking     ] GC(292) Concurrent Scan Root Regions 2.947ms
[2024-08-28T13:06:03.221+0000][info][gc,marking     ] GC(292) Concurrent Mark
[2024-08-28T13:06:03.221+0000][info][gc,marking     ] GC(292) Concurrent Mark From Roots
[2024-08-28T13:06:03.221+0000][info][gc,task        ] GC(292) Using 17 workers of 17 for marking
[2024-08-28T13:06:03.253+0000][info][gc,marking     ] GC(292) Concurrent Mark From Roots 32.241ms
[2024-08-28T13:06:03.253+0000][info][gc,marking     ] GC(292) Concurrent Preclean
[2024-08-28T13:06:03.254+0000][info][gc,marking     ] GC(292) Concurrent Preclean 0.518ms
[2024-08-28T13:06:03.254+0000][info][gc,start       ] GC(292) Pause Remark
[2024-08-28T13:06:03.255+0000][info][gc             ] GC(292) Pause Remark 874M->874M(1024M) 1.688ms
[2024-08-28T13:06:03.255+0000][info][gc,cpu         ] GC(292) User=0.01s Sys=0.00s Real=0.00s
[2024-08-28T13:06:03.256+0000][info][gc,marking     ] GC(292) Concurrent Mark 34.791ms
[2024-08-28T13:06:03.256+0000][info][gc,marking     ] GC(292) Concurrent Rebuild Remembered Sets
[2024-08-28T13:06:03.261+0000][info][gc,start       ] GC(293) Pause Young (Normal) (G1 Evacuation Pause)
[2024-08-28T13:06:03.261+0000][info][gc,task        ] GC(293) Using 24 workers of 68 for evacuation
[2024-08-28T13:06:03.272+0000][info][gc,phases      ] GC(293)   Pre Evacuate Collection Set: 0.2ms
[2024-08-28T13:06:03.272+0000][info][gc,phases      ] GC(293)   Merge Heap Roots: 0.4ms
[2024-08-28T13:06:03.272+0000][info][gc,phases      ] GC(293)   Evacuate Collection Set: 10.5ms
[2024-08-28T13:06:03.272+0000][info][gc,phases      ] GC(293)   Post Evacuate Collection Set: 0.5ms
[2024-08-28T13:06:03.272+0000][info][gc,phases      ] GC(293)   Other: 0.3ms
[2024-08-28T13:06:03.272+0000][info][gc,heap        ] GC(293) Eden regions: 44->0(44)
[2024-08-28T13:06:03.272+0000][info][gc,heap        ] GC(293) Survivor regions: 7->7(7)
[2024-08-28T13:06:03.272+0000][info][gc,heap        ] GC(293) Old regions: 825->872
[2024-08-28T13:06:03.272+0000][info][gc,heap        ] GC(293) Archive regions: 2->2
[2024-08-28T13:06:03.272+0000][info][gc,heap        ] GC(293) Humongous regions: 5->5
[2024-08-28T13:06:03.272+0000][info][gc,metaspace   ] GC(293) Metaspace: 100K(320K)->100K(320K) NonClass: 96K(192K)->96K(192K) Class: 4K(128K)->4K(128K)
[2024-08-28T13:06:03.272+0000][info][gc             ] GC(293) Pause Young (Normal) (G1 Evacuation Pause) 881M->884M(1024M) 11.942ms
[2024-08-28T13:06:03.272+0000][info][gc,cpu         ] GC(293) User=0.26s Sys=0.00s Real=0.01s
[2024-08-28T13:06:03.303+0000][info][gc,start       ] GC(294) Pause Young (Normal) (G1 Evacuation Pause)
[2024-08-28T13:06:03.303+0000][info][gc,task        ] GC(294) Using 24 workers of 68 for evacuation
[2024-08-28T13:06:03.318+0000][info][gc,phases      ] GC(294)   Pre Evacuate Collection Set: 0.2ms
[2024-08-28T13:06:03.318+0000][info][gc,phases      ] GC(294)   Merge Heap Roots: 0.5ms
[2024-08-28T13:06:03.318+0000][info][gc,phases      ] GC(294)   Evacuate Collection Set: 13.9ms
[2024-08-28T13:06:03.318+0000][info][gc,phases      ] GC(294)   Post Evacuate Collection Set: 0.6ms
[2024-08-28T13:06:03.318+0000][info][gc,phases      ] GC(294)   Other: 0.3ms
[2024-08-28T13:06:03.318+0000][info][gc,heap        ] GC(294) Eden regions: 44->0(44)
[2024-08-28T13:06:03.318+0000][info][gc,heap        ] GC(294) Survivor regions: 7->7(7)
[2024-08-28T13:06:03.318+0000][info][gc,heap        ] GC(294) Old regions: 872->919
[2024-08-28T13:06:03.318+0000][info][gc,heap        ] GC(294) Archive regions: 2->2
[2024-08-28T13:06:03.318+0000][info][gc,heap        ] GC(294) Humongous regions: 5->5
[2024-08-28T13:06:03.318+0000][info][gc,metaspace   ] GC(294) Metaspace: 100K(320K)->100K(320K) NonClass: 96K(192K)->96K(192K) Class: 4K(128K)->4K(128K)
[2024-08-28T13:06:03.318+0000][info][gc             ] GC(294) Pause Young (Normal) (G1 Evacuation Pause) 928M->931M(1024M) 15.593ms
[2024-08-28T13:06:03.318+0000][info][gc,cpu         ] GC(294) User=0.34s Sys=0.00s Real=0.02s
[2024-08-28T13:06:03.338+0000][info][gc,marking     ] GC(292) Concurrent Rebuild Remembered Sets 82.028ms
[2024-08-28T13:06:03.338+0000][info][gc,start       ] GC(292) Pause Cleanup
[2024-08-28T13:06:03.341+0000][info][gc             ] GC(292) Pause Cleanup 960M->960M(1024M) 3.093ms
[2024-08-28T13:06:03.341+0000][info][gc,cpu         ] GC(292) User=0.00s Sys=0.00s Real=0.00s
[2024-08-28T13:06:03.341+0000][info][gc,marking     ] GC(292) Concurrent Cleanup for Next Mark
[2024-08-28T13:06:03.342+0000][info][gc,marking     ] GC(292) Concurrent Cleanup for Next Mark 0.852ms
[2024-08-28T13:06:03.342+0000][info][gc             ] GC(292) Concurrent Mark Cycle 124.341ms
[2024-08-28T13:06:03.349+0000][info][gc,start       ] GC(295) Pause Young (Prepare Mixed) (G1 Preventive Collection)
[2024-08-28T13:06:03.349+0000][info][gc,task        ] GC(295) Using 24 workers of 68 for evacuation
[2024-08-28T13:06:03.365+0000][info][gc,phases      ] GC(295)   Pre Evacuate Collection Set: 0.2ms
[2024-08-28T13:06:03.365+0000][info][gc,phases      ] GC(295)   Merge Heap Roots: 0.6ms
[2024-08-28T13:06:03.365+0000][info][gc,phases      ] GC(295)   Evacuate Collection Set: 15.2ms
[2024-08-28T13:06:03.365+0000][info][gc,phases      ] GC(295)   Post Evacuate Collection Set: 0.4ms
[2024-08-28T13:06:03.365+0000][info][gc,phases      ] GC(295)   Other: 0.3ms
[2024-08-28T13:06:03.365+0000][info][gc,heap        ] GC(295) Eden regions: 40->0(44)
[2024-08-28T13:06:03.366+0000][info][gc,heap        ] GC(295) Survivor regions: 7->7(7)
[2024-08-28T13:06:03.366+0000][info][gc,heap        ] GC(295) Old regions: 919->962
[2024-08-28T13:06:03.366+0000][info][gc,heap        ] GC(295) Archive regions: 2->2
[2024-08-28T13:06:03.366+0000][info][gc,heap        ] GC(295) Humongous regions: 5->5
[2024-08-28T13:06:03.366+0000][info][gc,metaspace   ] GC(295) Metaspace: 100K(320K)->100K(320K) NonClass: 96K(192K)->96K(192K) Class: 4K(128K)->4K(128K)
[2024-08-28T13:06:03.366+0000][info][gc             ] GC(295) Pause Young (Prepare Mixed) (G1 Preventive Collection) 971M->974M(1024M) 16.833ms
[2024-08-28T13:06:03.366+0000][info][gc,cpu         ] GC(295) User=0.37s Sys=0.00s Real=0.02s
[2024-08-28T13:06:03.377+0000][info][gc,start       ] GC(296) Pause Young (Mixed) (G1 Preventive Collection)
[2024-08-28T13:06:03.378+0000][info][gc,task        ] GC(296) Using 24 workers of 68 for evacuation
[2024-08-28T13:06:03.385+0000][info][gc,phases      ] GC(296)   Pre Evacuate Collection Set: 0.2ms
[2024-08-28T13:06:03.385+0000][info][gc,phases      ] GC(296)   Merge Heap Roots: 0.3ms
[2024-08-28T13:06:03.386+0000][info][gc,phases      ] GC(296)   Evacuate Collection Set: 6.8ms
[2024-08-28T13:06:03.386+0000][info][gc,phases      ] GC(296)   Post Evacuate Collection Set: 0.4ms
[2024-08-28T13:06:03.386+0000][info][gc,phases      ] GC(296)   Other: 0.3ms
[2024-08-28T13:06:03.386+0000][info][gc,heap        ] GC(296) Eden regions: 19->0(44)
[2024-08-28T13:06:03.386+0000][info][gc,heap        ] GC(296) Survivor regions: 7->7(7)
[2024-08-28T13:06:03.386+0000][info][gc,heap        ] GC(296) Old regions: 962->881
[2024-08-28T13:06:03.386+0000][info][gc,heap        ] GC(296) Archive regions: 2->2
[2024-08-28T13:06:03.386+0000][info][gc,heap        ] GC(296) Humongous regions: 5->5
[2024-08-28T13:06:03.386+0000][info][gc,metaspace   ] GC(296) Metaspace: 100K(320K)->100K(320K) NonClass: 96K(192K)->96K(192K) Class: 4K(128K)->4K(128K)
[2024-08-28T13:06:03.386+0000][info][gc             ] GC(296) Pause Young (Mixed) (G1 Preventive Collection) 993M->893M(1024M) 8.208ms
[2024-08-28T13:06:03.386+0000][info][gc,cpu         ] GC(296) User=0.16s Sys=0.01s Real=0.01s
[2024-08-28T13:06:03.411+0000][info][gc,start       ] GC(297) Pause Young (Mixed) (G1 Evacuation Pause)
[2024-08-28T13:06:03.411+0000][info][gc,task        ] GC(297) Using 24 workers of 68 for evacuation
[2024-08-28T13:06:03.423+0000][info][gc,phases      ] GC(297)   Pre Evacuate Collection Set: 0.2ms
[2024-08-28T13:06:03.423+0000][info][gc,phases      ] GC(297)   Merge Heap Roots: 0.4ms
[2024-08-28T13:06:03.423+0000][info][gc,phases      ] GC(297)   Evacuate Collection Set: 10.6ms
[2024-08-28T13:06:03.423+0000][info][gc,phases      ] GC(297)   Post Evacuate Collection Set: 0.5ms
[2024-08-28T13:06:03.423+0000][info][gc,phases      ] GC(297)   Other: 0.3ms
[2024-08-28T13:06:03.423+0000][info][gc,heap        ] GC(297) Eden regions: 44->0(44)
[2024-08-28T13:06:03.423+0000][info][gc,heap        ] GC(297) Survivor regions: 7->7(7)
[2024-08-28T13:06:03.423+0000][info][gc,heap        ] GC(297) Old regions: 881->823
[2024-08-28T13:06:03.423+0000][info][gc,heap        ] GC(297) Archive regions: 2->2
[2024-08-28T13:06:03.423+0000][info][gc,heap        ] GC(297) Humongous regions: 5->5
[2024-08-28T13:06:03.423+0000][info][gc,metaspace   ] GC(297) Metaspace: 100K(320K)->100K(320K) NonClass: 96K(192K)->96K(192K) Class: 4K(128K)->4K(128K)
[2024-08-28T13:06:03.423+0000][info][gc             ] GC(297) Pause Young (Mixed) (G1 Evacuation Pause) 937M->835M(1024M) 12.211ms
[2024-08-28T13:06:03.423+0000][info][gc,cpu         ] GC(297) User=0.26s Sys=0.00s Real=0.01s
[2024-08-28T13:06:03.448+0000][info][gc,start       ] GC(298) Pause Young (Mixed) (G1 Evacuation Pause)
[2024-08-28T13:06:03.448+0000][info][gc,task        ] GC(298) Using 24 workers of 68 for evacuation
[2024-08-28T13:06:03.464+0000][info][gc,phases      ] GC(298)   Pre Evacuate Collection Set: 0.2ms
[2024-08-28T13:06:03.464+0000][info][gc,phases      ] GC(298)   Merge Heap Roots: 0.4ms
[2024-08-28T13:06:03.464+0000][info][gc,phases      ] GC(298)   Evacuate Collection Set: 14.7ms
[2024-08-28T13:06:03.464+0000][info][gc,phases      ] GC(298)   Post Evacuate Collection Set: 0.4ms
[2024-08-28T13:06:03.464+0000][info][gc,phases      ] GC(298)   Other: 0.4ms
[2024-08-28T13:06:03.464+0000][info][gc,heap        ] GC(298) Eden regions: 44->0(44)
[2024-08-28T13:06:03.464+0000][info][gc,heap        ] GC(298) Survivor regions: 7->7(7)
[2024-08-28T13:06:03.464+0000][info][gc,heap        ] GC(298) Old regions: 823->768
[2024-08-28T13:06:03.464+0000][info][gc,heap        ] GC(298) Archive regions: 2->2
[2024-08-28T13:06:03.464+0000][info][gc,heap        ] GC(298) Humongous regions: 5->5
[2024-08-28T13:06:03.464+0000][info][gc,metaspace   ] GC(298) Metaspace: 100K(320K)->100K(320K) NonClass: 96K(192K)->96K(192K) Class: 4K(128K)->4K(128K)
[2024-08-28T13:06:03.464+0000][info][gc             ] GC(298) Pause Young (Mixed) (G1 Evacuation Pause) 879M->780M(1024M) 16.287ms
[2024-08-28T13:06:03.464+0000][info][gc,cpu         ] GC(298) User=0.29s Sys=0.00s Real=0.02s
[2024-08-28T13:06:03.495+0000][info][gc,start       ] GC(299) Pause Young (Mixed) (G1 Evacuation Pause)
[2024-08-28T13:06:03.495+0000][info][gc,task        ] GC(299) Using 24 workers of 68 for evacuation
[2024-08-28T13:06:03.509+0000][info][gc,phases      ] GC(299)   Pre Evacuate Collection Set: 0.2ms
[2024-08-28T13:06:03.509+0000][info][gc,phases      ] GC(299)   Merge Heap Roots: 0.4ms
[2024-08-28T13:06:03.509+0000][info][gc,phases      ] GC(299)   Evacuate Collection Set: 12.5ms
[2024-08-28T13:06:03.509+0000][info][gc,phases      ] GC(299)   Post Evacuate Collection Set: 0.4ms
[2024-08-28T13:06:03.509+0000][info][gc,phases      ] GC(299)   Other: 0.3ms
[2024-08-28T13:06:03.509+0000][info][gc,heap        ] GC(299) Eden regions: 44->0(44)
[2024-08-28T13:06:03.509+0000][info][gc,heap        ] GC(299) Survivor regions: 7->7(7)
[2024-08-28T13:06:03.509+0000][info][gc,heap        ] GC(299) Old regions: 768->789
[2024-08-28T13:06:03.509+0000][info][gc,heap        ] GC(299) Archive regions: 2->2
[2024-08-28T13:06:03.509+0000][info][gc,heap        ] GC(299) Humongous regions: 5->5
[2024-08-28T13:06:03.509+0000][info][gc,metaspace   ] GC(299) Metaspace: 100K(320K)->100K(320K) NonClass: 96K(192K)->96K(192K) Class: 4K(128K)->4K(128K)
[2024-08-28T13:06:03.509+0000][info][gc             ] GC(299) Pause Young (Mixed) (G1 Evacuation Pause) 824M->801M(1024M) 13.936ms
[2024-08-28T13:06:03.509+0000][info][gc,cpu         ] GC(299) User=0.24s Sys=0.06s Real=0.01s
[2024-08-28T13:06:03.535+0000][info][gc,start       ] GC(300) Pause Young (Concurrent Start) (G1 Evacuation Pause)
[2024-08-28T13:06:03.535+0000][info][gc,task        ] GC(300) Using 24 workers of 68 for evacuation
[2024-08-28T13:06:03.548+0000][info][gc,phases      ] GC(300)   Pre Evacuate Collection Set: 0.2ms
[2024-08-28T13:06:03.548+0000][info][gc,phases      ] GC(300)   Merge Heap Roots: 0.4ms
[2024-08-28T13:06:03.548+0000][info][gc,phases      ] GC(300)   Evacuate Collection Set: 10.6ms
[2024-08-28T13:06:03.548+0000][info][gc,phases      ] GC(300)   Post Evacuate Collection Set: 0.4ms
[2024-08-28T13:06:03.548+0000][info][gc,phases      ] GC(300)   Other: 1.0ms
[2024-08-28T13:06:03.548+0000][info][gc,heap        ] GC(300) Eden regions: 44->0(44)
[2024-08-28T13:06:03.548+0000][info][gc,heap        ] GC(300) Survivor regions: 7->7(7)
[2024-08-28T13:06:03.548+0000][info][gc,heap        ] GC(300) Old regions: 789->835
[2024-08-28T13:06:03.548+0000][info][gc,heap        ] GC(300) Archive regions: 2->2
[2024-08-28T13:06:03.548+0000][info][gc,heap        ] GC(300) Humongous regions: 5->5
[2024-08-28T13:06:03.548+0000][info][gc,metaspace   ] GC(300) Metaspace: 100K(320K)->100K(320K) NonClass: 96K(192K)->96K(192K) Class: 4K(128K)->4K(128K)
[2024-08-28T13:06:03.548+0000][info][gc             ] GC(300) Pause Young (Concurrent Start) (G1 Evacuation Pause) 845M->847M(1024M) 12.687ms
[2024-08-28T13:06:03.548+0000][info][gc,cpu         ] GC(300) User=0.25s Sys=0.00s Real=0.01s
[2024-08-28T13:06:03.548+0000][info][gc             ] GC(301) Concurrent Mark Cycle
[2024-08-28T13:06:03.548+0000][info][gc,marking     ] GC(301) Concurrent Clear Claimed Marks
[2024-08-28T13:06:03.548+0000][info][gc,marking     ] GC(301) Concurrent Clear Claimed Marks 0.009ms
[2024-08-28T13:06:03.548+0000][info][gc,marking     ] GC(301) Concurrent Scan Root Regions
[2024-08-28T13:06:03.550+0000][info][gc,marking     ] GC(301) Concurrent Scan Root Regions 1.738ms
[2024-08-28T13:06:03.550+0000][info][gc,marking     ] GC(301) Concurrent Mark
[2024-08-28T13:06:03.550+0000][info][gc,marking     ] GC(301) Concurrent Mark From Roots
[2024-08-28T13:06:03.550+0000][info][gc,task        ] GC(301) Using 17 workers of 17 for marking
[2024-08-28T13:06:03.579+0000][info][gc,marking     ] GC(301) Concurrent Mark From Roots 29.015ms
[2024-08-28T13:06:03.579+0000][info][gc,marking     ] GC(301) Concurrent Preclean
[2024-08-28T13:06:03.579+0000][info][gc,marking     ] GC(301) Concurrent Preclean 0.513ms
[2024-08-28T13:06:03.580+0000][info][gc,start       ] GC(301) Pause Remark
[2024-08-28T13:06:03.582+0000][info][gc             ] GC(301) Pause Remark 887M->887M(1024M) 1.944ms
[2024-08-28T13:06:03.582+0000][info][gc,cpu         ] GC(301) User=0.00s Sys=0.00s Real=0.00s
[2024-08-28T13:06:03.582+0000][info][gc,marking     ] GC(301) Concurrent Mark 31.979ms
[2024-08-28T13:06:03.582+0000][info][gc,marking     ] GC(301) Concurrent Rebuild Remembered Sets
[2024-08-28T13:06:03.585+0000][info][gc,start       ] GC(302) Pause Young (Normal) (G1 Evacuation Pause)
[2024-08-28T13:06:03.585+0000][info][gc,task        ] GC(302) Using 24 workers of 68 for evacuation
[2024-08-28T13:06:03.596+0000][info][gc,phases      ] GC(302)   Pre Evacuate Collection Set: 0.2ms
[2024-08-28T13:06:03.596+0000][info][gc,phases      ] GC(302)   Merge Heap Roots: 0.4ms
[2024-08-28T13:06:03.596+0000][info][gc,phases      ] GC(302)   Evacuate Collection Set: 10.0ms
[2024-08-28T13:06:03.596+0000][info][gc,phases      ] GC(302)   Post Evacuate Collection Set: 0.5ms
[2024-08-28T13:06:03.596+0000][info][gc,phases      ] GC(302)   Other: 0.3ms
[2024-08-28T13:06:03.596+0000][info][gc,heap        ] GC(302) Eden regions: 44->0(44)
[2024-08-28T13:06:03.596+0000][info][gc,heap        ] GC(302) Survivor regions: 7->7(7)
[2024-08-28T13:06:03.596+0000][info][gc,heap        ] GC(302) Old regions: 835->881
[2024-08-28T13:06:03.596+0000][info][gc,heap        ] GC(302) Archive regions: 2->2
[2024-08-28T13:06:03.596+0000][info][gc,heap        ] GC(302) Humongous regions: 5->5
[2024-08-28T13:06:03.596+0000][info][gc,metaspace   ] GC(302) Metaspace: 100K(320K)->100K(320K) NonClass: 96K(192K)->96K(192K) Class: 4K(128K)->4K(128K)
[2024-08-28T13:06:03.596+0000][info][gc             ] GC(302) Pause Young (Normal) (G1 Evacuation Pause) 891M->893M(1024M) 11.448ms
[2024-08-28T13:06:03.596+0000][info][gc,cpu         ] GC(302) User=0.25s Sys=0.00s Real=0.01s
[2024-08-28T13:06:03.624+0000][info][gc,start       ] GC(303) Pause Young (Normal) (G1 Evacuation Pause)
[2024-08-28T13:06:03.624+0000][info][gc,task        ] GC(303) Using 24 workers of 68 for evacuation
[2024-08-28T13:06:03.640+0000][info][gc,phases      ] GC(303)   Pre Evacuate Collection Set: 0.2ms
[2024-08-28T13:06:03.640+0000][info][gc,phases      ] GC(303)   Merge Heap Roots: 0.5ms
[2024-08-28T13:06:03.640+0000][info][gc,phases      ] GC(303)   Evacuate Collection Set: 14.3ms
[2024-08-28T13:06:03.640+0000][info][gc,phases      ] GC(303)   Post Evacuate Collection Set: 0.6ms
[2024-08-28T13:06:03.640+0000][info][gc,phases      ] GC(303)   Other: 0.3ms
[2024-08-28T13:06:03.640+0000][info][gc,heap        ] GC(303) Eden regions: 44->0(44)
[2024-08-28T13:06:03.640+0000][info][gc,heap        ] GC(303) Survivor regions: 7->7(7)
[2024-08-28T13:06:03.640+0000][info][gc,heap        ] GC(303) Old regions: 881->928
[2024-08-28T13:06:03.640+0000][info][gc,heap        ] GC(303) Archive regions: 2->2
[2024-08-28T13:06:03.640+0000][info][gc,heap        ] GC(303) Humongous regions: 5->5
[2024-08-28T13:06:03.640+0000][info][gc,metaspace   ] GC(303) Metaspace: 100K(320K)->100K(320K) NonClass: 96K(192K)->96K(192K) Class: 4K(128K)->4K(128K)
[2024-08-28T13:06:03.640+0000][info][gc             ] GC(303) Pause Young (Normal) (G1 Evacuation Pause) 937M->940M(1024M) 15.968ms
[2024-08-28T13:06:03.640+0000][info][gc,cpu         ] GC(303) User=0.35s Sys=0.00s Real=0.02s
[2024-08-28T13:06:03.662+0000][info][gc,marking     ] GC(301) Concurrent Rebuild Remembered Sets 80.179ms
[2024-08-28T13:06:03.662+0000][info][gc,start       ] GC(301) Pause Cleanup
[2024-08-28T13:06:03.665+0000][info][gc             ] GC(301) Pause Cleanup 975M->975M(1024M) 3.075ms
[2024-08-28T13:06:03.666+0000][info][gc,cpu         ] GC(301) User=0.01s Sys=0.00s Real=0.00s
[2024-08-28T13:06:03.666+0000][info][gc,marking     ] GC(301) Concurrent Cleanup for Next Mark
[2024-08-28T13:06:03.666+0000][info][gc,marking     ] GC(301) Concurrent Cleanup for Next Mark 0.846ms
[2024-08-28T13:06:03.667+0000][info][gc             ] GC(301) Concurrent Mark Cycle 118.585ms
[2024-08-28T13:06:03.667+0000][info][gc,start       ] GC(304) Pause Young (Prepare Mixed) (G1 Preventive Collection)
[2024-08-28T13:06:03.667+0000][info][gc,task        ] GC(304) Using 24 workers of 68 for evacuation
[2024-08-28T13:06:03.683+0000][info][gc,phases      ] GC(304)   Pre Evacuate Collection Set: 0.2ms
[2024-08-28T13:06:03.683+0000][info][gc,phases      ] GC(304)   Merge Heap Roots: 0.6ms
[2024-08-28T13:06:03.683+0000][info][gc,phases      ] GC(304)   Evacuate Collection Set: 14.5ms
[2024-08-28T13:06:03.683+0000][info][gc,phases      ] GC(304)   Post Evacuate Collection Set: 0.4ms
[2024-08-28T13:06:03.683+0000][info][gc,phases      ] GC(304)   Other: 0.3ms
[2024-08-28T13:06:03.683+0000][info][gc,heap        ] GC(304) Eden regions: 36->0(44)
[2024-08-28T13:06:03.683+0000][info][gc,heap        ] GC(304) Survivor regions: 7->7(7)
[2024-08-28T13:06:03.683+0000][info][gc,heap        ] GC(304) Old regions: 928->967
[2024-08-28T13:06:03.683+0000][info][gc,heap        ] GC(304) Archive regions: 2->2
[2024-08-28T13:06:03.683+0000][info][gc,heap        ] GC(304) Humongous regions: 5->5
[2024-08-28T13:06:03.683+0000][info][gc,metaspace   ] GC(304) Metaspace: 100K(320K)->100K(320K) NonClass: 96K(192K)->96K(192K) Class: 4K(128K)->4K(128K)
[2024-08-28T13:06:03.683+0000][info][gc             ] GC(304) Pause Young (Prepare Mixed) (G1 Preventive Collection) 976M->979M(1024M) 16.040ms
[2024-08-28T13:06:03.683+0000][info][gc,cpu         ] GC(304) User=0.36s Sys=0.00s Real=0.02s
[2024-08-28T13:06:03.694+0000][info][gc,start       ] GC(305) Pause Young (Mixed) (G1 Preventive Collection)
[2024-08-28T13:06:03.694+0000][info][gc,task        ] GC(305) Using 24 workers of 68 for evacuation
[2024-08-28T13:06:03.701+0000][info][gc,phases      ] GC(305)   Pre Evacuate Collection Set: 0.2ms
[2024-08-28T13:06:03.701+0000][info][gc,phases      ] GC(305)   Merge Heap Roots: 0.4ms
[2024-08-28T13:06:03.701+0000][info][gc,phases      ] GC(305)   Evacuate Collection Set: 6.3ms
[2024-08-28T13:06:03.701+0000][info][gc,phases      ] GC(305)   Post Evacuate Collection Set: 0.4ms
[2024-08-28T13:06:03.701+0000][info][gc,phases      ] GC(305)   Other: 0.3ms
[2024-08-28T13:06:03.701+0000][info][gc,heap        ] GC(305) Eden regions: 16->0(44)
[2024-08-28T13:06:03.701+0000][info][gc,heap        ] GC(305) Survivor regions: 7->7(7)
[2024-08-28T13:06:03.701+0000][info][gc,heap        ] GC(305) Old regions: 967->883
[2024-08-28T13:06:03.701+0000][info][gc,heap        ] GC(305) Archive regions: 2->2
[2024-08-28T13:06:03.702+0000][info][gc,heap        ] GC(305) Humongous regions: 5->5
[2024-08-28T13:06:03.702+0000][info][gc,metaspace   ] GC(305) Metaspace: 100K(320K)->100K(320K) NonClass: 96K(192K)->96K(192K) Class: 4K(128K)->4K(128K)
[2024-08-28T13:06:03.702+0000][info][gc             ] GC(305) Pause Young (Mixed) (G1 Preventive Collection) 995M->895M(1024M) 7.707ms
[2024-08-28T13:06:03.702+0000][info][gc,cpu         ] GC(305) User=0.16s Sys=0.00s Real=0.01s
[2024-08-28T13:06:03.728+0000][info][gc,start       ] GC(306) Pause Young (Mixed) (G1 Evacuation Pause)
[2024-08-28T13:06:03.728+0000][info][gc,task        ] GC(306) Using 24 workers of 68 for evacuation
[2024-08-28T13:06:03.739+0000][info][gc,phases      ] GC(306)   Pre Evacuate Collection Set: 0.2ms
[2024-08-28T13:06:03.739+0000][info][gc,phases      ] GC(306)   Merge Heap Roots: 0.5ms
[2024-08-28T13:06:03.739+0000][info][gc,phases      ] GC(306)   Evacuate Collection Set: 10.3ms
[2024-08-28T13:06:03.739+0000][info][gc,phases      ] GC(306)   Post Evacuate Collection Set: 0.4ms
[2024-08-28T13:06:03.739+0000][info][gc,phases      ] GC(306)   Other: 0.3ms
[2024-08-28T13:06:03.739+0000][info][gc,heap        ] GC(306) Eden regions: 44->0(44)
[2024-08-28T13:06:03.739+0000][info][gc,heap        ] GC(306) Survivor regions: 7->7(7)
[2024-08-28T13:06:03.739+0000][info][gc,heap        ] GC(306) Old regions: 883->825
[2024-08-28T13:06:03.739+0000][info][gc,heap        ] GC(306) Archive regions: 2->2
[2024-08-28T13:06:03.739+0000][info][gc,heap        ] GC(306) Humongous regions: 5->5
[2024-08-28T13:06:03.739+0000][info][gc,metaspace   ] GC(306) Metaspace: 100K(320K)->100K(320K) NonClass: 96K(192K)->96K(192K) Class: 4K(128K)->4K(128K)
[2024-08-28T13:06:03.739+0000][info][gc             ] GC(306) Pause Young (Mixed) (G1 Evacuation Pause) 939M->837M(1024M) 11.715ms
[2024-08-28T13:06:03.739+0000][info][gc,cpu         ] GC(306) User=0.26s Sys=0.00s Real=0.02s
[2024-08-28T13:06:03.763+0000][info][gc,start       ] GC(307) Pause Young (Mixed) (G1 Evacuation Pause)
[2024-08-28T13:06:03.763+0000][info][gc,task        ] GC(307) Using 24 workers of 68 for evacuation
[2024-08-28T13:06:03.775+0000][info][gc,phases      ] GC(307)   Pre Evacuate Collection Set: 0.3ms
[2024-08-28T13:06:03.775+0000][info][gc,phases      ] GC(307)   Merge Heap Roots: 0.5ms
[2024-08-28T13:06:03.775+0000][info][gc,phases      ] GC(307)   Evacuate Collection Set: 10.6ms
[2024-08-28T13:06:03.775+0000][info][gc,phases      ] GC(307)   Post Evacuate Collection Set: 0.4ms
[2024-08-28T13:06:03.775+0000][info][gc,phases      ] GC(307)   Other: 0.2ms
[2024-08-28T13:06:03.775+0000][info][gc,heap        ] GC(307) Eden regions: 44->0(44)
[2024-08-28T13:06:03.775+0000][info][gc,heap        ] GC(307) Survivor regions: 7->7(7)
[2024-08-28T13:06:03.775+0000][info][gc,heap        ] GC(307) Old regions: 825->770
[2024-08-28T13:06:03.775+0000][info][gc,heap        ] GC(307) Archive regions: 2->2
[2024-08-28T13:06:03.775+0000][info][gc,heap        ] GC(307) Humongous regions: 5->5
[2024-08-28T13:06:03.775+0000][info][gc,metaspace   ] GC(307) Metaspace: 100K(320K)->100K(320K) NonClass: 96K(192K)->96K(192K) Class: 4K(128K)->4K(128K)
[2024-08-28T13:06:03.775+0000][info][gc             ] GC(307) Pause Young (Mixed) (G1 Evacuation Pause) 881M->782M(1024M) 12.059ms
[2024-08-28T13:06:03.775+0000][info][gc,cpu         ] GC(307) User=0.26s Sys=0.00s Real=0.01s
[2024-08-28T13:06:03.799+0000][info][gc,start       ] GC(308) Pause Young (Mixed) (G1 Evacuation Pause)
[2024-08-28T13:06:03.799+0000][info][gc,task        ] GC(308) Using 24 workers of 68 for evacuation
[2024-08-28T13:06:03.811+0000][info][gc,phases      ] GC(308)   Pre Evacuate Collection Set: 0.2ms
[2024-08-28T13:06:03.811+0000][info][gc,phases      ] GC(308)   Merge Heap Roots: 0.4ms
[2024-08-28T13:06:03.811+0000][info][gc,phases      ] GC(308)   Evacuate Collection Set: 10.8ms
[2024-08-28T13:06:03.811+0000][info][gc,phases      ] GC(308)   Post Evacuate Collection Set: 0.3ms
[2024-08-28T13:06:03.811+0000][info][gc,phases      ] GC(308)   Other: 0.3ms
[2024-08-28T13:06:03.811+0000][info][gc,heap        ] GC(308) Eden regions: 44->0(44)
[2024-08-28T13:06:03.811+0000][info][gc,heap        ] GC(308) Survivor regions: 7->7(7)
[2024-08-28T13:06:03.811+0000][info][gc,heap        ] GC(308) Old regions: 770->781
[2024-08-28T13:06:03.811+0000][info][gc,heap        ] GC(308) Archive regions: 2->2
[2024-08-28T13:06:03.811+0000][info][gc,heap        ] GC(308) Humongous regions: 5->5
[2024-08-28T13:06:03.811+0000][info][gc,metaspace   ] GC(308) Metaspace: 100K(320K)->100K(320K) NonClass: 96K(192K)->96K(192K) Class: 4K(128K)->4K(128K)
[2024-08-28T13:06:03.811+0000][info][gc             ] GC(308) Pause Young (Mixed) (G1 Evacuation Pause) 826M->793M(1024M) 12.092ms
[2024-08-28T13:06:03.811+0000][info][gc,cpu         ] GC(308) User=0.26s Sys=0.00s Real=0.01s
[2024-08-28T13:06:03.836+0000][info][gc,start       ] GC(309) Pause Young (Concurrent Start) (G1 Evacuation Pause)
[2024-08-28T13:06:03.836+0000][info][gc,task        ] GC(309) Using 24 workers of 68 for evacuation
[2024-08-28T13:06:03.848+0000][info][gc,phases      ] GC(309)   Pre Evacuate Collection Set: 0.2ms
[2024-08-28T13:06:03.848+0000][info][gc,phases      ] GC(309)   Merge Heap Roots: 0.4ms
[2024-08-28T13:06:03.848+0000][info][gc,phases      ] GC(309)   Evacuate Collection Set: 10.4ms
[2024-08-28T13:06:03.848+0000][info][gc,phases      ] GC(309)   Post Evacuate Collection Set: 0.4ms
[2024-08-28T13:06:03.848+0000][info][gc,phases      ] GC(309)   Other: 0.7ms
[2024-08-28T13:06:03.848+0000][info][gc,heap        ] GC(309) Eden regions: 44->0(44)
[2024-08-28T13:06:03.848+0000][info][gc,heap        ] GC(309) Survivor regions: 7->7(7)
[2024-08-28T13:06:03.848+0000][info][gc,heap        ] GC(309) Old regions: 781->827
[2024-08-28T13:06:03.848+0000][info][gc,heap        ] GC(309) Archive regions: 2->2
[2024-08-28T13:06:03.848+0000][info][gc,heap        ] GC(309) Humongous regions: 5->5
[2024-08-28T13:06:03.848+0000][info][gc,metaspace   ] GC(309) Metaspace: 100K(320K)->100K(320K) NonClass: 96K(192K)->96K(192K) Class: 4K(128K)->4K(128K)
[2024-08-28T13:06:03.848+0000][info][gc             ] GC(309) Pause Young (Concurrent Start) (G1 Evacuation Pause) 837M->839M(1024M) 12.146ms
[2024-08-28T13:06:03.848+0000][info][gc,cpu         ] GC(309) User=0.26s Sys=0.00s Real=0.01s
[2024-08-28T13:06:03.848+0000][info][gc             ] GC(310) Concurrent Mark Cycle
[2024-08-28T13:06:03.848+0000][info][gc,marking     ] GC(310) Concurrent Clear Claimed Marks
[2024-08-28T13:06:03.848+0000][info][gc,marking     ] GC(310) Concurrent Clear Claimed Marks 0.012ms
[2024-08-28T13:06:03.848+0000][info][gc,marking     ] GC(310) Concurrent Scan Root Regions
[2024-08-28T13:06:03.850+0000][info][gc,marking     ] GC(310) Concurrent Scan Root Regions 1.811ms
[2024-08-28T13:06:03.850+0000][info][gc,marking     ] GC(310) Concurrent Mark
[2024-08-28T13:06:03.850+0000][info][gc,marking     ] GC(310) Concurrent Mark From Roots
[2024-08-28T13:06:03.850+0000][info][gc,task        ] GC(310) Using 17 workers of 17 for marking
[2024-08-28T13:06:03.877+0000][info][gc,marking     ] GC(310) Concurrent Mark From Roots 27.110ms
[2024-08-28T13:06:03.877+0000][info][gc,marking     ] GC(310) Concurrent Preclean
[2024-08-28T13:06:03.878+0000][info][gc,marking     ] GC(310) Concurrent Preclean 1.138ms
[2024-08-28T13:06:03.879+0000][info][gc,start       ] GC(310) Pause Remark
[2024-08-28T13:06:03.880+0000][info][gc             ] GC(310) Pause Remark 876M->876M(1024M) 1.559ms
[2024-08-28T13:06:03.880+0000][info][gc,cpu         ] GC(310) User=0.00s Sys=0.00s Real=0.00s
[2024-08-28T13:06:03.880+0000][info][gc,marking     ] GC(310) Concurrent Mark 30.266ms
[2024-08-28T13:06:03.880+0000][info][gc,marking     ] GC(310) Concurrent Rebuild Remembered Sets
[2024-08-28T13:06:03.885+0000][info][gc,start       ] GC(311) Pause Young (Normal) (G1 Evacuation Pause)
[2024-08-28T13:06:03.885+0000][info][gc,task        ] GC(311) Using 24 workers of 68 for evacuation
[2024-08-28T13:06:03.896+0000][info][gc,phases      ] GC(311)   Pre Evacuate Collection Set: 0.2ms
[2024-08-28T13:06:03.896+0000][info][gc,phases      ] GC(311)   Merge Heap Roots: 0.4ms
[2024-08-28T13:06:03.896+0000][info][gc,phases      ] GC(311)   Evacuate Collection Set: 10.1ms
[2024-08-28T13:06:03.896+0000][info][gc,phases      ] GC(311)   Post Evacuate Collection Set: 0.4ms
[2024-08-28T13:06:03.896+0000][info][gc,phases      ] GC(311)   Other: 0.2ms
[2024-08-28T13:06:03.896+0000][info][gc,heap        ] GC(311) Eden regions: 44->0(44)
[2024-08-28T13:06:03.896+0000][info][gc,heap        ] GC(311) Survivor regions: 7->7(7)
[2024-08-28T13:06:03.896+0000][info][gc,heap        ] GC(311) Old regions: 827->874
[2024-08-28T13:06:03.896+0000][info][gc,heap        ] GC(311) Archive regions: 2->2
[2024-08-28T13:06:03.896+0000][info][gc,heap        ] GC(311) Humongous regions: 5->5
[2024-08-28T13:06:03.896+0000][info][gc,metaspace   ] GC(311) Metaspace: 100K(320K)->100K(320K) NonClass: 96K(192K)->96K(192K) Class: 4K(128K)->4K(128K)
[2024-08-28T13:06:03.896+0000][info][gc             ] GC(311) Pause Young (Normal) (G1 Evacuation Pause) 883M->886M(1024M) 11.338ms
[2024-08-28T13:06:03.896+0000][info][gc,cpu         ] GC(311) User=0.25s Sys=0.00s Real=0.01s
[2024-08-28T13:06:03.925+0000][info][gc,start       ] GC(312) Pause Young (Normal) (G1 Evacuation Pause)
[2024-08-28T13:06:03.925+0000][info][gc,task        ] GC(312) Using 24 workers of 68 for evacuation
[2024-08-28T13:06:03.940+0000][info][gc,phases      ] GC(312)   Pre Evacuate Collection Set: 0.2ms
[2024-08-28T13:06:03.940+0000][info][gc,phases      ] GC(312)   Merge Heap Roots: 0.4ms
[2024-08-28T13:06:03.940+0000][info][gc,phases      ] GC(312)   Evacuate Collection Set: 13.5ms
[2024-08-28T13:06:03.940+0000][info][gc,phases      ] GC(312)   Post Evacuate Collection Set: 0.6ms
[2024-08-28T13:06:03.940+0000][info][gc,phases      ] GC(312)   Other: 0.3ms
[2024-08-28T13:06:03.940+0000][info][gc,heap        ] GC(312) Eden regions: 44->0(44)
[2024-08-28T13:06:03.940+0000][info][gc,heap        ] GC(312) Survivor regions: 7->7(7)
[2024-08-28T13:06:03.940+0000][info][gc,heap        ] GC(312) Old regions: 874->920
[2024-08-28T13:06:03.940+0000][info][gc,heap        ] GC(312) Archive regions: 2->2
[2024-08-28T13:06:03.940+0000][info][gc,heap        ] GC(312) Humongous regions: 5->5
[2024-08-28T13:06:03.940+0000][info][gc,metaspace   ] GC(312) Metaspace: 100K(320K)->100K(320K) NonClass: 96K(192K)->96K(192K) Class: 4K(128K)->4K(128K)
[2024-08-28T13:06:03.940+0000][info][gc             ] GC(312) Pause Young (Normal) (G1 Evacuation Pause) 930M->932M(1024M) 15.014ms
[2024-08-28T13:06:03.940+0000][info][gc,cpu         ] GC(312) User=0.33s Sys=0.01s Real=0.02s
[2024-08-28T13:06:03.961+0000][info][gc,marking     ] GC(310) Concurrent Rebuild Remembered Sets 80.487ms
[2024-08-28T13:06:03.961+0000][info][gc,start       ] GC(310) Pause Cleanup
[2024-08-28T13:06:03.963+0000][info][gc             ] GC(310) Pause Cleanup 964M->964M(1024M) 1.879ms
[2024-08-28T13:06:03.963+0000][info][gc,cpu         ] GC(310) User=0.01s Sys=0.00s Real=0.00s
[2024-08-28T13:06:03.963+0000][info][gc,marking     ] GC(310) Concurrent Cleanup for Next Mark
[2024-08-28T13:06:03.964+0000][info][gc,marking     ] GC(310) Concurrent Cleanup for Next Mark 0.897ms
[2024-08-28T13:06:03.964+0000][info][gc             ] GC(310) Concurrent Mark Cycle 115.915ms
[2024-08-28T13:06:03.969+0000][info][gc,start       ] GC(313) Pause Young (Prepare Mixed) (G1 Preventive Collection)
[2024-08-28T13:06:03.969+0000][info][gc,task        ] GC(313) Using 24 workers of 68 for evacuation
[2024-08-28T13:06:03.985+0000][info][gc,phases      ] GC(313)   Pre Evacuate Collection Set: 0.2ms
[2024-08-28T13:06:03.985+0000][info][gc,phases      ] GC(313)   Merge Heap Roots: 0.6ms
[2024-08-28T13:06:03.985+0000][info][gc,phases      ] GC(313)   Evacuate Collection Set: 15.0ms
[2024-08-28T13:06:03.985+0000][info][gc,phases      ] GC(313)   Post Evacuate Collection Set: 0.3ms
[2024-08-28T13:06:03.985+0000][info][gc,phases      ] GC(313)   Other: 0.2ms
[2024-08-28T13:06:03.985+0000][info][gc,heap        ] GC(313) Eden regions: 39->0(44)
[2024-08-28T13:06:03.985+0000][info][gc,heap        ] GC(313) Survivor regions: 7->7(7)
[2024-08-28T13:06:03.985+0000][info][gc,heap        ] GC(313) Old regions: 920->963
[2024-08-28T13:06:03.985+0000][info][gc,heap        ] GC(313) Archive regions: 2->2
[2024-08-28T13:06:03.985+0000][info][gc,heap        ] GC(313) Humongous regions: 5->5
[2024-08-28T13:06:03.985+0000][info][gc,metaspace   ] GC(313) Metaspace: 100K(320K)->100K(320K) NonClass: 96K(192K)->96K(192K) Class: 4K(128K)->4K(128K)
[2024-08-28T13:06:03.985+0000][info][gc             ] GC(313) Pause Young (Prepare Mixed) (G1 Preventive Collection) 971M->975M(1024M) 16.456ms
[2024-08-28T13:06:03.985+0000][info][gc,cpu         ] GC(313) User=0.37s Sys=0.01s Real=0.02s
[2024-08-28T13:06:03.997+0000][info][gc,start       ] GC(314) Pause Young (Mixed) (G1 Preventive Collection)
[2024-08-28T13:06:03.997+0000][info][gc,task        ] GC(314) Using 24 workers of 68 for evacuation
[2024-08-28T13:06:04.004+0000][info][gc,phases      ] GC(314)   Pre Evacuate Collection Set: 0.2ms
[2024-08-28T13:06:04.004+0000][info][gc,phases      ] GC(314)   Merge Heap Roots: 0.3ms
[2024-08-28T13:06:04.004+0000][info][gc,phases      ] GC(314)   Evacuate Collection Set: 6.5ms
[2024-08-28T13:06:04.004+0000][info][gc,phases      ] GC(314)   Post Evacuate Collection Set: 0.4ms
[2024-08-28T13:06:04.004+0000][info][gc,phases      ] GC(314)   Other: 0.2ms
[2024-08-28T13:06:04.004+0000][info][gc,heap        ] GC(314) Eden regions: 18->0(44)
[2024-08-28T13:06:04.004+0000][info][gc,heap        ] GC(314) Survivor regions: 7->7(7)
[2024-08-28T13:06:04.004+0000][info][gc,heap        ] GC(314) Old regions: 963->882
[2024-08-28T13:06:04.004+0000][info][gc,heap        ] GC(314) Archive regions: 2->2
[2024-08-28T13:06:04.004+0000][info][gc,heap        ] GC(314) Humongous regions: 5->5
[2024-08-28T13:06:04.004+0000][info][gc,metaspace   ] GC(314) Metaspace: 100K(320K)->100K(320K) NonClass: 96K(192K)->96K(192K) Class: 4K(128K)->4K(128K)
[2024-08-28T13:06:04.004+0000][info][gc             ] GC(314) Pause Young (Mixed) (G1 Preventive Collection) 993M->894M(1024M) 7.664ms
[2024-08-28T13:06:04.004+0000][info][gc,cpu         ] GC(314) User=0.17s Sys=0.00s Real=0.01s
[2024-08-28T13:06:04.030+0000][info][gc,start       ] GC(315) Pause Young (Mixed) (G1 Evacuation Pause)
[2024-08-28T13:06:04.030+0000][info][gc,task        ] GC(315) Using 24 workers of 68 for evacuation
[2024-08-28T13:06:04.045+0000][info][gc,phases      ] GC(315)   Pre Evacuate Collection Set: 0.3ms
[2024-08-28T13:06:04.045+0000][info][gc,phases      ] GC(315)   Merge Heap Roots: 0.5ms
[2024-08-28T13:06:04.045+0000][info][gc,phases      ] GC(315)   Evacuate Collection Set: 13.7ms
[2024-08-28T13:06:04.045+0000][info][gc,phases      ] GC(315)   Post Evacuate Collection Set: 0.4ms
[2024-08-28T13:06:04.045+0000][info][gc,phases      ] GC(315)   Other: 0.3ms
[2024-08-28T13:06:04.045+0000][info][gc,heap        ] GC(315) Eden regions: 44->0(44)
[2024-08-28T13:06:04.045+0000][info][gc,heap        ] GC(315) Survivor regions: 7->7(7)
[2024-08-28T13:06:04.045+0000][info][gc,heap        ] GC(315) Old regions: 882->824
[2024-08-28T13:06:04.045+0000][info][gc,heap        ] GC(315) Archive regions: 2->2
[2024-08-28T13:06:04.045+0000][info][gc,heap        ] GC(315) Humongous regions: 5->5
[2024-08-28T13:06:04.045+0000][info][gc,metaspace   ] GC(315) Metaspace: 100K(320K)->100K(320K) NonClass: 96K(192K)->96K(192K) Class: 4K(128K)->4K(128K)
[2024-08-28T13:06:04.045+0000][info][gc             ] GC(315) Pause Young (Mixed) (G1 Evacuation Pause) 938M->836M(1024M) 15.102ms
[2024-08-28T13:06:04.045+0000][info][gc,cpu         ] GC(315) User=0.29s Sys=0.02s Real=0.01s
[2024-08-28T13:06:04.089+0000][info][gc,start       ] GC(316) Pause Young (Mixed) (G1 Evacuation Pause)
[2024-08-28T13:06:04.089+0000][info][gc,task        ] GC(316) Using 24 workers of 68 for evacuation
[2024-08-28T13:06:04.101+0000][info][gc,phases      ] GC(316)   Pre Evacuate Collection Set: 0.2ms
[2024-08-28T13:06:04.101+0000][info][gc,phases      ] GC(316)   Merge Heap Roots: 0.4ms
[2024-08-28T13:06:04.101+0000][info][gc,phases      ] GC(316)   Evacuate Collection Set: 11.1ms
[2024-08-28T13:06:04.101+0000][info][gc,phases      ] GC(316)   Post Evacuate Collection Set: 0.4ms
[2024-08-28T13:06:04.101+0000][info][gc,phases      ] GC(316)   Other: 0.2ms
[2024-08-28T13:06:04.101+0000][info][gc,heap        ] GC(316) Eden regions: 44->0(44)
[2024-08-28T13:06:04.101+0000][info][gc,heap        ] GC(316) Survivor regions: 7->7(7)
[2024-08-28T13:06:04.101+0000][info][gc,heap        ] GC(316) Old regions: 824->768
[2024-08-28T13:06:04.101+0000][info][gc,heap        ] GC(316) Archive regions: 2->2
[2024-08-28T13:06:04.101+0000][info][gc,heap        ] GC(316) Humongous regions: 5->5
[2024-08-28T13:06:04.101+0000][info][gc,metaspace   ] GC(316) Metaspace: 100K(320K)->100K(320K) NonClass: 96K(192K)->96K(192K) Class: 4K(128K)->4K(128K)
[2024-08-28T13:06:04.101+0000][info][gc             ] GC(316) Pause Young (Mixed) (G1 Evacuation Pause) 880M->780M(1024M) 12.387ms
[2024-08-28T13:06:04.101+0000][info][gc,cpu         ] GC(316) User=0.26s Sys=0.01s Real=0.02s
[2024-08-28T13:06:04.133+0000][info][gc,start       ] GC(317) Pause Young (Mixed) (G1 Evacuation Pause)
[2024-08-28T13:06:04.133+0000][info][gc,task        ] GC(317) Using 24 workers of 68 for evacuation
[2024-08-28T13:06:04.145+0000][info][gc,phases      ] GC(317)   Pre Evacuate Collection Set: 0.2ms
[2024-08-28T13:06:04.145+0000][info][gc,phases      ] GC(317)   Merge Heap Roots: 0.4ms
[2024-08-28T13:06:04.145+0000][info][gc,phases      ] GC(317)   Evacuate Collection Set: 11.4ms
[2024-08-28T13:06:04.145+0000][info][gc,phases      ] GC(317)   Post Evacuate Collection Set: 0.3ms
[2024-08-28T13:06:04.145+0000][info][gc,phases      ] GC(317)   Other: 0.2ms
[2024-08-28T13:06:04.145+0000][info][gc,heap        ] GC(317) Eden regions: 44->0(44)
[2024-08-28T13:06:04.145+0000][info][gc,heap        ] GC(317) Survivor regions: 7->7(7)
[2024-08-28T13:06:04.145+0000][info][gc,heap        ] GC(317) Old regions: 768->787
[2024-08-28T13:06:04.145+0000][info][gc,heap        ] GC(317) Archive regions: 2->2
[2024-08-28T13:06:04.145+0000][info][gc,heap        ] GC(317) Humongous regions: 5->5
[2024-08-28T13:06:04.145+0000][info][gc,metaspace   ] GC(317) Metaspace: 100K(320K)->100K(320K) NonClass: 96K(192K)->96K(192K) Class: 4K(128K)->4K(128K)
[2024-08-28T13:06:04.145+0000][info][gc             ] GC(317) Pause Young (Mixed) (G1 Evacuation Pause) 824M->799M(1024M) 12.567ms
[2024-08-28T13:06:04.145+0000][info][gc,cpu         ] GC(317) User=0.27s Sys=0.01s Real=0.01s
[2024-08-28T13:06:04.171+0000][info][gc,start       ] GC(318) Pause Young (Concurrent Start) (G1 Evacuation Pause)
[2024-08-28T13:06:04.171+0000][info][gc,task        ] GC(318) Using 24 workers of 68 for evacuation
[2024-08-28T13:06:04.183+0000][info][gc,phases      ] GC(318)   Pre Evacuate Collection Set: 0.2ms
[2024-08-28T13:06:04.183+0000][info][gc,phases      ] GC(318)   Merge Heap Roots: 0.4ms
[2024-08-28T13:06:04.183+0000][info][gc,phases      ] GC(318)   Evacuate Collection Set: 10.2ms
[2024-08-28T13:06:04.183+0000][info][gc,phases      ] GC(318)   Post Evacuate Collection Set: 0.3ms
[2024-08-28T13:06:04.183+0000][info][gc,phases      ] GC(318)   Other: 0.7ms
[2024-08-28T13:06:04.183+0000][info][gc,heap        ] GC(318) Eden regions: 44->0(44)
[2024-08-28T13:06:04.183+0000][info][gc,heap        ] GC(318) Survivor regions: 7->7(7)
[2024-08-28T13:06:04.183+0000][info][gc,heap        ] GC(318) Old regions: 787->833
[2024-08-28T13:06:04.183+0000][info][gc,heap        ] GC(318) Archive regions: 2->2
[2024-08-28T13:06:04.183+0000][info][gc,heap        ] GC(318) Humongous regions: 5->5
[2024-08-28T13:06:04.183+0000][info][gc,metaspace   ] GC(318) Metaspace: 100K(320K)->100K(320K) NonClass: 96K(192K)->96K(192K) Class: 4K(128K)->4K(128K)
[2024-08-28T13:06:04.183+0000][info][gc             ] GC(318) Pause Young (Concurrent Start) (G1 Evacuation Pause) 843M->845M(1024M) 11.790ms
[2024-08-28T13:06:04.183+0000][info][gc,cpu         ] GC(318) User=0.23s Sys=0.02s Real=0.01s
[2024-08-28T13:06:04.183+0000][info][gc             ] GC(319) Concurrent Mark Cycle
[2024-08-28T13:06:04.183+0000][info][gc,marking     ] GC(319) Concurrent Clear Claimed Marks
[2024-08-28T13:06:04.183+0000][info][gc,marking     ] GC(319) Concurrent Clear Claimed Marks 0.012ms
[2024-08-28T13:06:04.183+0000][info][gc,marking     ] GC(319) Concurrent Scan Root Regions
[2024-08-28T13:06:04.185+0000][info][gc,marking     ] GC(319) Concurrent Scan Root Regions 1.940ms
[2024-08-28T13:06:04.185+0000][info][gc,marking     ] GC(319) Concurrent Mark
[2024-08-28T13:06:04.185+0000][info][gc,marking     ] GC(319) Concurrent Mark From Roots
[2024-08-28T13:06:04.185+0000][info][gc,task        ] GC(319) Using 17 workers of 17 for marking
[2024-08-28T13:06:04.214+0000][info][gc,marking     ] GC(319) Concurrent Mark From Roots 28.551ms
[2024-08-28T13:06:04.214+0000][info][gc,marking     ] GC(319) Concurrent Preclean
[2024-08-28T13:06:04.215+0000][info][gc,marking     ] GC(319) Concurrent Preclean 0.756ms
[2024-08-28T13:06:04.215+0000][info][gc,start       ] GC(319) Pause Remark
[2024-08-28T13:06:04.217+0000][info][gc             ] GC(319) Pause Remark 884M->884M(1024M) 1.596ms
[2024-08-28T13:06:04.217+0000][info][gc,cpu         ] GC(319) User=0.00s Sys=0.00s Real=0.00s
[2024-08-28T13:06:04.217+0000][info][gc,marking     ] GC(319) Concurrent Mark 31.455ms
[2024-08-28T13:06:04.217+0000][info][gc,marking     ] GC(319) Concurrent Rebuild Remembered Sets
[2024-08-28T13:06:04.221+0000][info][gc,start       ] GC(320) Pause Young (Normal) (G1 Evacuation Pause)
[2024-08-28T13:06:04.221+0000][info][gc,task        ] GC(320) Using 24 workers of 68 for evacuation
[2024-08-28T13:06:04.232+0000][info][gc,phases      ] GC(320)   Pre Evacuate Collection Set: 0.2ms
[2024-08-28T13:06:04.232+0000][info][gc,phases      ] GC(320)   Merge Heap Roots: 0.4ms
[2024-08-28T13:06:04.232+0000][info][gc,phases      ] GC(320)   Evacuate Collection Set: 10.1ms
[2024-08-28T13:06:04.232+0000][info][gc,phases      ] GC(320)   Post Evacuate Collection Set: 0.5ms
[2024-08-28T13:06:04.232+0000][info][gc,phases      ] GC(320)   Other: 0.2ms
[2024-08-28T13:06:04.232+0000][info][gc,heap        ] GC(320) Eden regions: 44->0(44)
[2024-08-28T13:06:04.232+0000][info][gc,heap        ] GC(320) Survivor regions: 7->7(7)
[2024-08-28T13:06:04.232+0000][info][gc,heap        ] GC(320) Old regions: 833->879
[2024-08-28T13:06:04.232+0000][info][gc,heap        ] GC(320) Archive regions: 2->2
[2024-08-28T13:06:04.232+0000][info][gc,heap        ] GC(320) Humongous regions: 5->5
[2024-08-28T13:06:04.232+0000][info][gc,metaspace   ] GC(320) Metaspace: 100K(320K)->100K(320K) NonClass: 96K(192K)->96K(192K) Class: 4K(128K)->4K(128K)
[2024-08-28T13:06:04.232+0000][info][gc             ] GC(320) Pause Young (Normal) (G1 Evacuation Pause) 889M->891M(1024M) 11.398ms
[2024-08-28T13:06:04.232+0000][info][gc,cpu         ] GC(320) User=0.25s Sys=0.00s Real=0.01s
[2024-08-28T13:06:04.261+0000][info][gc,start       ] GC(321) Pause Young (Normal) (G1 Evacuation Pause)
[2024-08-28T13:06:04.261+0000][info][gc,task        ] GC(321) Using 24 workers of 68 for evacuation
[2024-08-28T13:06:04.277+0000][info][gc,phases      ] GC(321)   Pre Evacuate Collection Set: 0.1ms
[2024-08-28T13:06:04.277+0000][info][gc,phases      ] GC(321)   Merge Heap Roots: 0.5ms
[2024-08-28T13:06:04.277+0000][info][gc,phases      ] GC(321)   Evacuate Collection Set: 14.2ms
[2024-08-28T13:06:04.277+0000][info][gc,phases      ] GC(321)   Post Evacuate Collection Set: 0.6ms
[2024-08-28T13:06:04.277+0000][info][gc,phases      ] GC(321)   Other: 0.2ms
[2024-08-28T13:06:04.277+0000][info][gc,heap        ] GC(321) Eden regions: 44->0(44)
[2024-08-28T13:06:04.277+0000][info][gc,heap        ] GC(321) Survivor regions: 7->7(7)
[2024-08-28T13:06:04.277+0000][info][gc,heap        ] GC(321) Old regions: 879->925
[2024-08-28T13:06:04.277+0000][info][gc,heap        ] GC(321) Archive regions: 2->2
[2024-08-28T13:06:04.277+0000][info][gc,heap        ] GC(321) Humongous regions: 5->5
[2024-08-28T13:06:04.277+0000][info][gc,metaspace   ] GC(321) Metaspace: 100K(320K)->100K(320K) NonClass: 96K(192K)->96K(192K) Class: 4K(128K)->4K(128K)
[2024-08-28T13:06:04.277+0000][info][gc             ] GC(321) Pause Young (Normal) (G1 Evacuation Pause) 935M->937M(1024M) 15.661ms
[2024-08-28T13:06:04.277+0000][info][gc,cpu         ] GC(321) User=0.35s Sys=0.01s Real=0.01s
[2024-08-28T13:06:04.299+0000][info][gc,marking     ] GC(319) Concurrent Rebuild Remembered Sets 81.971ms
[2024-08-28T13:06:04.299+0000][info][gc,start       ] GC(319) Pause Cleanup
[2024-08-28T13:06:04.301+0000][info][gc             ] GC(319) Pause Cleanup 970M->970M(1024M) 1.691ms
[2024-08-28T13:06:04.301+0000][info][gc,cpu         ] GC(319) User=0.00s Sys=0.00s Real=0.00s
[2024-08-28T13:06:04.301+0000][info][gc,marking     ] GC(319) Concurrent Cleanup for Next Mark
[2024-08-28T13:06:04.302+0000][info][gc,marking     ] GC(319) Concurrent Cleanup for Next Mark 0.777ms
[2024-08-28T13:06:04.302+0000][info][gc             ] GC(319) Concurrent Mark Cycle 118.428ms
[2024-08-28T13:06:04.304+0000][info][gc,start       ] GC(322) Pause Young (Prepare Mixed) (G1 Preventive Collection)
[2024-08-28T13:06:04.304+0000][info][gc,task        ] GC(322) Using 24 workers of 68 for evacuation
[2024-08-28T13:06:04.319+0000][info][gc,phases      ] GC(322)   Pre Evacuate Collection Set: 0.2ms
[2024-08-28T13:06:04.319+0000][info][gc,phases      ] GC(322)   Merge Heap Roots: 0.6ms
[2024-08-28T13:06:04.319+0000][info][gc,phases      ] GC(322)   Evacuate Collection Set: 14.1ms
[2024-08-28T13:06:04.319+0000][info][gc,phases      ] GC(322)   Post Evacuate Collection Set: 0.3ms
[2024-08-28T13:06:04.319+0000][info][gc,phases      ] GC(322)   Other: 0.2ms
[2024-08-28T13:06:04.319+0000][info][gc,heap        ] GC(322) Eden regions: 37->0(44)
[2024-08-28T13:06:04.319+0000][info][gc,heap        ] GC(322) Survivor regions: 7->7(7)
[2024-08-28T13:06:04.319+0000][info][gc,heap        ] GC(322) Old regions: 925->966
[2024-08-28T13:06:04.319+0000][info][gc,heap        ] GC(322) Archive regions: 2->2
[2024-08-28T13:06:04.319+0000][info][gc,heap        ] GC(322) Humongous regions: 5->5
[2024-08-28T13:06:04.319+0000][info][gc,metaspace   ] GC(322) Metaspace: 100K(320K)->100K(320K) NonClass: 96K(192K)->96K(192K) Class: 4K(128K)->4K(128K)
[2024-08-28T13:06:04.320+0000][info][gc             ] GC(322) Pause Young (Prepare Mixed) (G1 Preventive Collection) 974M->978M(1024M) 15.495ms
[2024-08-28T13:06:04.320+0000][info][gc,cpu         ] GC(322) User=0.35s Sys=0.00s Real=0.02s
[2024-08-28T13:06:04.330+0000][info][gc,start       ] GC(323) Pause Young (Mixed) (G1 Preventive Collection)
[2024-08-28T13:06:04.330+0000][info][gc,task        ] GC(323) Using 24 workers of 68 for evacuation
[2024-08-28T13:06:04.337+0000][info][gc,phases      ] GC(323)   Pre Evacuate Collection Set: 0.2ms
[2024-08-28T13:06:04.337+0000][info][gc,phases      ] GC(323)   Merge Heap Roots: 0.3ms
[2024-08-28T13:06:04.337+0000][info][gc,phases      ] GC(323)   Evacuate Collection Set: 6.1ms
[2024-08-28T13:06:04.337+0000][info][gc,phases      ] GC(323)   Post Evacuate Collection Set: 0.3ms
[2024-08-28T13:06:04.337+0000][info][gc,phases      ] GC(323)   Other: 0.2ms
[2024-08-28T13:06:04.337+0000][info][gc,heap        ] GC(323) Eden regions: 17->0(44)
[2024-08-28T13:06:04.337+0000][info][gc,heap        ] GC(323) Survivor regions: 7->7(7)
[2024-08-28T13:06:04.337+0000][info][gc,heap        ] GC(323) Old regions: 966->883
[2024-08-28T13:06:04.337+0000][info][gc,heap        ] GC(323) Archive regions: 2->2
[2024-08-28T13:06:04.337+0000][info][gc,heap        ] GC(323) Humongous regions: 5->5
[2024-08-28T13:06:04.337+0000][info][gc,metaspace   ] GC(323) Metaspace: 100K(320K)->100K(320K) NonClass: 96K(192K)->96K(192K) Class: 4K(128K)->4K(128K)
[2024-08-28T13:06:04.337+0000][info][gc             ] GC(323) Pause Young (Mixed) (G1 Preventive Collection) 995M->895M(1024M) 7.240ms
[2024-08-28T13:06:04.337+0000][info][gc,cpu         ] GC(323) User=0.15s Sys=0.01s Real=0.00s
[2024-08-28T13:06:04.363+0000][info][gc,start       ] GC(324) Pause Young (Mixed) (G1 Evacuation Pause)
[2024-08-28T13:06:04.363+0000][info][gc,task        ] GC(324) Using 24 workers of 68 for evacuation
[2024-08-28T13:06:04.375+0000][info][gc,phases      ] GC(324)   Pre Evacuate Collection Set: 0.2ms
[2024-08-28T13:06:04.375+0000][info][gc,phases      ] GC(324)   Merge Heap Roots: 0.4ms
[2024-08-28T13:06:04.375+0000][info][gc,phases      ] GC(324)   Evacuate Collection Set: 10.8ms
[2024-08-28T13:06:04.375+0000][info][gc,phases      ] GC(324)   Post Evacuate Collection Set: 0.8ms
[2024-08-28T13:06:04.375+0000][info][gc,phases      ] GC(324)   Other: 0.2ms
[2024-08-28T13:06:04.375+0000][info][gc,heap        ] GC(324) Eden regions: 44->0(44)
[2024-08-28T13:06:04.375+0000][info][gc,heap        ] GC(324) Survivor regions: 7->7(7)
[2024-08-28T13:06:04.375+0000][info][gc,heap        ] GC(324) Old regions: 883->825
[2024-08-28T13:06:04.375+0000][info][gc,heap        ] GC(324) Archive regions: 2->2
[2024-08-28T13:06:04.375+0000][info][gc,heap        ] GC(324) Humongous regions: 5->5
[2024-08-28T13:06:04.375+0000][info][gc,metaspace   ] GC(324) Metaspace: 100K(320K)->100K(320K) NonClass: 96K(192K)->96K(192K) Class: 4K(128K)->4K(128K)
[2024-08-28T13:06:04.375+0000][info][gc             ] GC(324) Pause Young (Mixed) (G1 Evacuation Pause) 939M->837M(1024M) 12.486ms
[2024-08-28T13:06:04.375+0000][info][gc,cpu         ] GC(324) User=0.27s Sys=0.00s Real=0.01s
[2024-08-28T13:06:04.401+0000][info][gc,start       ] GC(325) Pause Young (Mixed) (G1 Evacuation Pause)
[2024-08-28T13:06:04.401+0000][info][gc,task        ] GC(325) Using 24 workers of 68 for evacuation
[2024-08-28T13:06:04.413+0000][info][gc,phases      ] GC(325)   Pre Evacuate Collection Set: 0.3ms
[2024-08-28T13:06:04.413+0000][info][gc,phases      ] GC(325)   Merge Heap Roots: 0.4ms
[2024-08-28T13:06:04.413+0000][info][gc,phases      ] GC(325)   Evacuate Collection Set: 10.5ms
[2024-08-28T13:06:04.413+0000][info][gc,phases      ] GC(325)   Post Evacuate Collection Set: 0.5ms
[2024-08-28T13:06:04.413+0000][info][gc,phases      ] GC(325)   Other: 0.3ms
[2024-08-28T13:06:04.413+0000][info][gc,heap        ] GC(325) Eden regions: 44->0(44)
[2024-08-28T13:06:04.413+0000][info][gc,heap        ] GC(325) Survivor regions: 7->7(7)
[2024-08-28T13:06:04.413+0000][info][gc,heap        ] GC(325) Old regions: 825->768
[2024-08-28T13:06:04.413+0000][info][gc,heap        ] GC(325) Archive regions: 2->2
[2024-08-28T13:06:04.413+0000][info][gc,heap        ] GC(325) Humongous regions: 5->5
[2024-08-28T13:06:04.413+0000][info][gc,metaspace   ] GC(325) Metaspace: 100K(320K)->100K(320K) NonClass: 96K(192K)->96K(192K) Class: 4K(128K)->4K(128K)
[2024-08-28T13:06:04.413+0000][info][gc             ] GC(325) Pause Young (Mixed) (G1 Evacuation Pause) 881M->780M(1024M) 12.157ms
[2024-08-28T13:06:04.413+0000][info][gc,cpu         ] GC(325) User=0.26s Sys=0.00s Real=0.01s
[2024-08-28T13:06:04.439+0000][info][gc,start       ] GC(326) Pause Young (Mixed) (G1 Evacuation Pause)
[2024-08-28T13:06:04.439+0000][info][gc,task        ] GC(326) Using 24 workers of 68 for evacuation
[2024-08-28T13:06:04.451+0000][info][gc,phases      ] GC(326)   Pre Evacuate Collection Set: 0.2ms
[2024-08-28T13:06:04.451+0000][info][gc,phases      ] GC(326)   Merge Heap Roots: 0.4ms
[2024-08-28T13:06:04.451+0000][info][gc,phases      ] GC(326)   Evacuate Collection Set: 11.0ms
[2024-08-28T13:06:04.451+0000][info][gc,phases      ] GC(326)   Post Evacuate Collection Set: 0.4ms
[2024-08-28T13:06:04.451+0000][info][gc,phases      ] GC(326)   Other: 0.3ms
[2024-08-28T13:06:04.451+0000][info][gc,heap        ] GC(326) Eden regions: 44->0(44)
[2024-08-28T13:06:04.451+0000][info][gc,heap        ] GC(326) Survivor regions: 7->7(7)
[2024-08-28T13:06:04.451+0000][info][gc,heap        ] GC(326) Old regions: 768->782
[2024-08-28T13:06:04.451+0000][info][gc,heap        ] GC(326) Archive regions: 2->2
[2024-08-28T13:06:04.451+0000][info][gc,heap        ] GC(326) Humongous regions: 5->5
[2024-08-28T13:06:04.451+0000][info][gc,metaspace   ] GC(326) Metaspace: 100K(320K)->100K(320K) NonClass: 96K(192K)->96K(192K) Class: 4K(128K)->4K(128K)
[2024-08-28T13:06:04.451+0000][info][gc             ] GC(326) Pause Young (Mixed) (G1 Evacuation Pause) 824M->794M(1024M) 12.268ms
[2024-08-28T13:06:04.451+0000][info][gc,cpu         ] GC(326) User=0.27s Sys=0.00s Real=0.01s
[2024-08-28T13:06:04.475+0000][info][gc,start       ] GC(327) Pause Young (Concurrent Start) (G1 Evacuation Pause)
[2024-08-28T13:06:04.475+0000][info][gc,task        ] GC(327) Using 24 workers of 68 for evacuation
[2024-08-28T13:06:04.487+0000][info][gc,phases      ] GC(327)   Pre Evacuate Collection Set: 0.2ms
[2024-08-28T13:06:04.487+0000][info][gc,phases      ] GC(327)   Merge Heap Roots: 0.4ms
[2024-08-28T13:06:04.487+0000][info][gc,phases      ] GC(327)   Evacuate Collection Set: 10.3ms
[2024-08-28T13:06:04.487+0000][info][gc,phases      ] GC(327)   Post Evacuate Collection Set: 0.4ms
[2024-08-28T13:06:04.487+0000][info][gc,phases      ] GC(327)   Other: 0.6ms
[2024-08-28T13:06:04.487+0000][info][gc,heap        ] GC(327) Eden regions: 44->0(44)
[2024-08-28T13:06:04.487+0000][info][gc,heap        ] GC(327) Survivor regions: 7->7(7)
[2024-08-28T13:06:04.487+0000][info][gc,heap        ] GC(327) Old regions: 782->829
[2024-08-28T13:06:04.487+0000][info][gc,heap        ] GC(327) Archive regions: 2->2
[2024-08-28T13:06:04.487+0000][info][gc,heap        ] GC(327) Humongous regions: 5->5
[2024-08-28T13:06:04.487+0000][info][gc,metaspace   ] GC(327) Metaspace: 100K(320K)->100K(320K) NonClass: 96K(192K)->96K(192K) Class: 4K(128K)->4K(128K)
[2024-08-28T13:06:04.487+0000][info][gc             ] GC(327) Pause Young (Concurrent Start) (G1 Evacuation Pause) 838M->841M(1024M) 11.890ms
[2024-08-28T13:06:04.487+0000][info][gc,cpu         ] GC(327) User=0.25s Sys=0.00s Real=0.01s
[2024-08-28T13:06:04.487+0000][info][gc             ] GC(328) Concurrent Mark Cycle
[2024-08-28T13:06:04.487+0000][info][gc,marking     ] GC(328) Concurrent Clear Claimed Marks
[2024-08-28T13:06:04.487+0000][info][gc,marking     ] GC(328) Concurrent Clear Claimed Marks 0.012ms
[2024-08-28T13:06:04.487+0000][info][gc,marking     ] GC(328) Concurrent Scan Root Regions
[2024-08-28T13:06:04.489+0000][info][gc,marking     ] GC(328) Concurrent Scan Root Regions 1.992ms
[2024-08-28T13:06:04.489+0000][info][gc,marking     ] GC(328) Concurrent Mark
[2024-08-28T13:06:04.489+0000][info][gc,marking     ] GC(328) Concurrent Mark From Roots
[2024-08-28T13:06:04.489+0000][info][gc,task        ] GC(328) Using 17 workers of 17 for marking
[2024-08-28T13:06:04.517+0000][info][gc,marking     ] GC(328) Concurrent Mark From Roots 27.577ms
[2024-08-28T13:06:04.517+0000][info][gc,marking     ] GC(328) Concurrent Preclean
[2024-08-28T13:06:04.517+0000][info][gc,marking     ] GC(328) Concurrent Preclean 0.701ms
[2024-08-28T13:06:04.518+0000][info][gc,start       ] GC(328) Pause Remark
[2024-08-28T13:06:04.519+0000][info][gc             ] GC(328) Pause Remark 879M->879M(1024M) 1.393ms
[2024-08-28T13:06:04.519+0000][info][gc,cpu         ] GC(328) User=0.00s Sys=0.00s Real=0.00s
[2024-08-28T13:06:04.519+0000][info][gc,marking     ] GC(328) Concurrent Mark 30.105ms
[2024-08-28T13:06:04.519+0000][info][gc,marking     ] GC(328) Concurrent Rebuild Remembered Sets
[2024-08-28T13:06:04.523+0000][info][gc,start       ] GC(329) Pause Young (Normal) (G1 Evacuation Pause)
[2024-08-28T13:06:04.523+0000][info][gc,task        ] GC(329) Using 24 workers of 68 for evacuation
[2024-08-28T13:06:04.535+0000][info][gc,phases      ] GC(329)   Pre Evacuate Collection Set: 0.2ms
[2024-08-28T13:06:04.535+0000][info][gc,phases      ] GC(329)   Merge Heap Roots: 0.4ms
[2024-08-28T13:06:04.535+0000][info][gc,phases      ] GC(329)   Evacuate Collection Set: 10.1ms
[2024-08-28T13:06:04.535+0000][info][gc,phases      ] GC(329)   Post Evacuate Collection Set: 0.4ms
[2024-08-28T13:06:04.535+0000][info][gc,phases      ] GC(329)   Other: 0.2ms
[2024-08-28T13:06:04.535+0000][info][gc,heap        ] GC(329) Eden regions: 44->0(44)
[2024-08-28T13:06:04.535+0000][info][gc,heap        ] GC(329) Survivor regions: 7->7(7)
[2024-08-28T13:06:04.535+0000][info][gc,heap        ] GC(329) Old regions: 829->875
[2024-08-28T13:06:04.535+0000][info][gc,heap        ] GC(329) Archive regions: 2->2
[2024-08-28T13:06:04.535+0000][info][gc,heap        ] GC(329) Humongous regions: 5->5
[2024-08-28T13:06:04.535+0000][info][gc,metaspace   ] GC(329) Metaspace: 100K(320K)->100K(320K) NonClass: 96K(192K)->96K(192K) Class: 4K(128K)->4K(128K)
[2024-08-28T13:06:04.535+0000][info][gc             ] GC(329) Pause Young (Normal) (G1 Evacuation Pause) 885M->887M(1024M) 11.377ms
[2024-08-28T13:06:04.535+0000][info][gc,cpu         ] GC(329) User=0.26s Sys=0.00s Real=0.01s
[2024-08-28T13:06:04.564+0000][info][gc,start       ] GC(330) Pause Young (Normal) (G1 Evacuation Pause)
[2024-08-28T13:06:04.564+0000][info][gc,task        ] GC(330) Using 24 workers of 68 for evacuation
[2024-08-28T13:06:04.579+0000][info][gc,phases      ] GC(330)   Pre Evacuate Collection Set: 0.2ms
[2024-08-28T13:06:04.579+0000][info][gc,phases      ] GC(330)   Merge Heap Roots: 0.5ms
[2024-08-28T13:06:04.579+0000][info][gc,phases      ] GC(330)   Evacuate Collection Set: 13.8ms
[2024-08-28T13:06:04.579+0000][info][gc,phases      ] GC(330)   Post Evacuate Collection Set: 0.5ms
[2024-08-28T13:06:04.579+0000][info][gc,phases      ] GC(330)   Other: 0.3ms
[2024-08-28T13:06:04.579+0000][info][gc,heap        ] GC(330) Eden regions: 44->0(44)
[2024-08-28T13:06:04.579+0000][info][gc,heap        ] GC(330) Survivor regions: 7->7(7)
[2024-08-28T13:06:04.579+0000][info][gc,heap        ] GC(330) Old regions: 875->921
[2024-08-28T13:06:04.579+0000][info][gc,heap        ] GC(330) Archive regions: 2->2
[2024-08-28T13:06:04.579+0000][info][gc,heap        ] GC(330) Humongous regions: 5->5
[2024-08-28T13:06:04.579+0000][info][gc,metaspace   ] GC(330) Metaspace: 100K(320K)->100K(320K) NonClass: 96K(192K)->96K(192K) Class: 4K(128K)->4K(128K)
[2024-08-28T13:06:04.579+0000][info][gc             ] GC(330) Pause Young (Normal) (G1 Evacuation Pause) 931M->933M(1024M) 15.273ms
[2024-08-28T13:06:04.579+0000][info][gc,cpu         ] GC(330) User=0.34s Sys=0.00s Real=0.02s
[2024-08-28T13:06:04.600+0000][info][gc,marking     ] GC(328) Concurrent Rebuild Remembered Sets 80.974ms
[2024-08-28T13:06:04.600+0000][info][gc,start       ] GC(328) Pause Cleanup
[2024-08-28T13:06:04.602+0000][info][gc             ] GC(328) Pause Cleanup 968M->968M(1024M) 1.597ms
[2024-08-28T13:06:04.602+0000][info][gc,cpu         ] GC(328) User=0.00s Sys=0.00s Real=0.00s
[2024-08-28T13:06:04.602+0000][info][gc,marking     ] GC(328) Concurrent Cleanup for Next Mark
[2024-08-28T13:06:04.603+0000][info][gc,marking     ] GC(328) Concurrent Cleanup for Next Mark 0.870ms
[2024-08-28T13:06:04.603+0000][info][gc             ] GC(328) Concurrent Mark Cycle 116.117ms
[2024-08-28T13:06:04.605+0000][info][gc,start       ] GC(331) Pause Young (Prepare Mixed) (G1 Preventive Collection)
[2024-08-28T13:06:04.605+0000][info][gc,task        ] GC(331) Using 24 workers of 68 for evacuation
[2024-08-28T13:06:04.621+0000][info][gc,phases      ] GC(331)   Pre Evacuate Collection Set: 0.2ms
[2024-08-28T13:06:04.621+0000][info][gc,phases      ] GC(331)   Merge Heap Roots: 0.6ms
[2024-08-28T13:06:04.621+0000][info][gc,phases      ] GC(331)   Evacuate Collection Set: 14.5ms
[2024-08-28T13:06:04.621+0000][info][gc,phases      ] GC(331)   Post Evacuate Collection Set: 0.3ms
[2024-08-28T13:06:04.621+0000][info][gc,phases      ] GC(331)   Other: 0.2ms
[2024-08-28T13:06:04.621+0000][info][gc,heap        ] GC(331) Eden regions: 39->0(44)
[2024-08-28T13:06:04.621+0000][info][gc,heap        ] GC(331) Survivor regions: 7->7(7)
[2024-08-28T13:06:04.621+0000][info][gc,heap        ] GC(331) Old regions: 921->962
[2024-08-28T13:06:04.621+0000][info][gc,heap        ] GC(331) Archive regions: 2->2
[2024-08-28T13:06:04.621+0000][info][gc,heap        ] GC(331) Humongous regions: 5->5
[2024-08-28T13:06:04.621+0000][info][gc,metaspace   ] GC(331) Metaspace: 100K(320K)->100K(320K) NonClass: 96K(192K)->96K(192K) Class: 4K(128K)->4K(128K)
[2024-08-28T13:06:04.621+0000][info][gc             ] GC(331) Pause Young (Prepare Mixed) (G1 Preventive Collection) 972M->974M(1024M) 15.777ms
[2024-08-28T13:06:04.621+0000][info][gc,cpu         ] GC(331) User=0.36s Sys=0.00s Real=0.02s
[2024-08-28T13:06:04.633+0000][info][gc,start       ] GC(332) Pause Young (Mixed) (G1 Preventive Collection)
[2024-08-28T13:06:04.633+0000][info][gc,task        ] GC(332) Using 24 workers of 68 for evacuation
[2024-08-28T13:06:04.640+0000][info][gc,phases      ] GC(332)   Pre Evacuate Collection Set: 0.2ms
[2024-08-28T13:06:04.640+0000][info][gc,phases      ] GC(332)   Merge Heap Roots: 0.3ms
[2024-08-28T13:06:04.640+0000][info][gc,phases      ] GC(332)   Evacuate Collection Set: 6.6ms
[2024-08-28T13:06:04.640+0000][info][gc,phases      ] GC(332)   Post Evacuate Collection Set: 0.4ms
[2024-08-28T13:06:04.640+0000][info][gc,phases      ] GC(332)   Other: 0.2ms
[2024-08-28T13:06:04.640+0000][info][gc,heap        ] GC(332) Eden regions: 19->0(44)
[2024-08-28T13:06:04.640+0000][info][gc,heap        ] GC(332) Survivor regions: 7->7(7)
[2024-08-28T13:06:04.640+0000][info][gc,heap        ] GC(332) Old regions: 962->881
[2024-08-28T13:06:04.640+0000][info][gc,heap        ] GC(332) Archive regions: 2->2
[2024-08-28T13:06:04.640+0000][info][gc,heap        ] GC(332) Humongous regions: 5->5
[2024-08-28T13:06:04.640+0000][info][gc,metaspace   ] GC(332) Metaspace: 100K(320K)->100K(320K) NonClass: 96K(192K)->96K(192K) Class: 4K(128K)->4K(128K)
[2024-08-28T13:06:04.640+0000][info][gc             ] GC(332) Pause Young (Mixed) (G1 Preventive Collection) 993M->893M(1024M) 7.729ms
[2024-08-28T13:06:04.640+0000][info][gc,cpu         ] GC(332) User=0.17s Sys=0.00s Real=0.01s
[2024-08-28T13:06:04.664+0000][info][gc,start       ] GC(333) Pause Young (Mixed) (G1 Evacuation Pause)
[2024-08-28T13:06:04.664+0000][info][gc,task        ] GC(333) Using 24 workers of 68 for evacuation
[2024-08-28T13:06:04.676+0000][info][gc,phases      ] GC(333)   Pre Evacuate Collection Set: 0.2ms
[2024-08-28T13:06:04.676+0000][info][gc,phases      ] GC(333)   Merge Heap Roots: 0.4ms
[2024-08-28T13:06:04.676+0000][info][gc,phases      ] GC(333)   Evacuate Collection Set: 10.6ms
[2024-08-28T13:06:04.676+0000][info][gc,phases      ] GC(333)   Post Evacuate Collection Set: 0.4ms
[2024-08-28T13:06:04.676+0000][info][gc,phases      ] GC(333)   Other: 0.3ms
[2024-08-28T13:06:04.676+0000][info][gc,heap        ] GC(333) Eden regions: 44->0(44)
[2024-08-28T13:06:04.676+0000][info][gc,heap        ] GC(333) Survivor regions: 7->7(7)
[2024-08-28T13:06:04.676+0000][info][gc,heap        ] GC(333) Old regions: 881->824
[2024-08-28T13:06:04.676+0000][info][gc,heap        ] GC(333) Archive regions: 2->2
[2024-08-28T13:06:04.676+0000][info][gc,heap        ] GC(333) Humongous regions: 5->5
[2024-08-28T13:06:04.676+0000][info][gc,metaspace   ] GC(333) Metaspace: 100K(320K)->100K(320K) NonClass: 96K(192K)->96K(192K) Class: 4K(128K)->4K(128K)
[2024-08-28T13:06:04.676+0000][info][gc             ] GC(333) Pause Young (Mixed) (G1 Evacuation Pause) 937M->836M(1024M) 11.903ms
[2024-08-28T13:06:04.676+0000][info][gc,cpu         ] GC(333) User=0.27s Sys=0.00s Real=0.01s
[2024-08-28T13:06:04.700+0000][info][gc,start       ] GC(334) Pause Young (Mixed) (G1 Evacuation Pause)
[2024-08-28T13:06:04.700+0000][info][gc,task        ] GC(334) Using 24 workers of 68 for evacuation
[2024-08-28T13:06:04.712+0000][info][gc,phases      ] GC(334)   Pre Evacuate Collection Set: 0.2ms
[2024-08-28T13:06:04.712+0000][info][gc,phases      ] GC(334)   Merge Heap Roots: 0.4ms
[2024-08-28T13:06:04.712+0000][info][gc,phases      ] GC(334)   Evacuate Collection Set: 10.7ms
[2024-08-28T13:06:04.712+0000][info][gc,phases      ] GC(334)   Post Evacuate Collection Set: 0.4ms
[2024-08-28T13:06:04.712+0000][info][gc,phases      ] GC(334)   Other: 0.2ms
[2024-08-28T13:06:04.712+0000][info][gc,heap        ] GC(334) Eden regions: 44->0(44)
[2024-08-28T13:06:04.712+0000][info][gc,heap        ] GC(334) Survivor regions: 7->7(7)
[2024-08-28T13:06:04.712+0000][info][gc,heap        ] GC(334) Old regions: 824->768
[2024-08-28T13:06:04.712+0000][info][gc,heap        ] GC(334) Archive regions: 2->2
[2024-08-28T13:06:04.712+0000][info][gc,heap        ] GC(334) Humongous regions: 5->5
[2024-08-28T13:06:04.712+0000][info][gc,metaspace   ] GC(334) Metaspace: 100K(320K)->100K(320K) NonClass: 96K(192K)->96K(192K) Class: 4K(128K)->4K(128K)
[2024-08-28T13:06:04.712+0000][info][gc             ] GC(334) Pause Young (Mixed) (G1 Evacuation Pause) 880M->780M(1024M) 12.070ms
[2024-08-28T13:06:04.712+0000][info][gc,cpu         ] GC(334) User=0.26s Sys=0.01s Real=0.01s
[2024-08-28T13:06:04.736+0000][info][gc,start       ] GC(335) Pause Young (Mixed) (G1 Evacuation Pause)
[2024-08-28T13:06:04.736+0000][info][gc,task        ] GC(335) Using 24 workers of 68 for evacuation
[2024-08-28T13:06:04.748+0000][info][gc,phases      ] GC(335)   Pre Evacuate Collection Set: 0.2ms
[2024-08-28T13:06:04.748+0000][info][gc,phases      ] GC(335)   Merge Heap Roots: 0.4ms
[2024-08-28T13:06:04.748+0000][info][gc,phases      ] GC(335)   Evacuate Collection Set: 11.0ms
[2024-08-28T13:06:04.748+0000][info][gc,phases      ] GC(335)   Post Evacuate Collection Set: 0.3ms
[2024-08-28T13:06:04.748+0000][info][gc,phases      ] GC(335)   Other: 0.3ms
[2024-08-28T13:06:04.748+0000][info][gc,heap        ] GC(335) Eden regions: 44->0(44)
[2024-08-28T13:06:04.748+0000][info][gc,heap        ] GC(335) Survivor regions: 7->7(7)
[2024-08-28T13:06:04.748+0000][info][gc,heap        ] GC(335) Old regions: 768->785
[2024-08-28T13:06:04.748+0000][info][gc,heap        ] GC(335) Archive regions: 2->2
[2024-08-28T13:06:04.748+0000][info][gc,heap        ] GC(335) Humongous regions: 5->5
[2024-08-28T13:06:04.748+0000][info][gc,metaspace   ] GC(335) Metaspace: 100K(320K)->100K(320K) NonClass: 96K(192K)->96K(192K) Class: 4K(128K)->4K(128K)
[2024-08-28T13:06:04.748+0000][info][gc             ] GC(335) Pause Young (Mixed) (G1 Evacuation Pause) 824M->797M(1024M) 12.219ms
[2024-08-28T13:06:04.748+0000][info][gc,cpu         ] GC(335) User=0.26s Sys=0.00s Real=0.01s
[2024-08-28T13:06:04.772+0000][info][gc,start       ] GC(336) Pause Young (Concurrent Start) (G1 Evacuation Pause)
[2024-08-28T13:06:04.772+0000][info][gc,task        ] GC(336) Using 24 workers of 68 for evacuation
[2024-08-28T13:06:04.784+0000][info][gc,phases      ] GC(336)   Pre Evacuate Collection Set: 0.2ms
[2024-08-28T13:06:04.784+0000][info][gc,phases      ] GC(336)   Merge Heap Roots: 0.3ms
[2024-08-28T13:06:04.784+0000][info][gc,phases      ] GC(336)   Evacuate Collection Set: 10.4ms
[2024-08-28T13:06:04.784+0000][info][gc,phases      ] GC(336)   Post Evacuate Collection Set: 0.3ms
[2024-08-28T13:06:04.784+0000][info][gc,phases      ] GC(336)   Other: 0.6ms
[2024-08-28T13:06:04.784+0000][info][gc,heap        ] GC(336) Eden regions: 44->0(44)
[2024-08-28T13:06:04.784+0000][info][gc,heap        ] GC(336) Survivor regions: 7->7(7)
[2024-08-28T13:06:04.784+0000][info][gc,heap        ] GC(336) Old regions: 785->832
[2024-08-28T13:06:04.784+0000][info][gc,heap        ] GC(336) Archive regions: 2->2
[2024-08-28T13:06:04.784+0000][info][gc,heap        ] GC(336) Humongous regions: 5->5
[2024-08-28T13:06:04.784+0000][info][gc,metaspace   ] GC(336) Metaspace: 100K(320K)->100K(320K) NonClass: 96K(192K)->96K(192K) Class: 4K(128K)->4K(128K)
[2024-08-28T13:06:04.784+0000][info][gc             ] GC(336) Pause Young (Concurrent Start) (G1 Evacuation Pause) 841M->844M(1024M) 11.885ms
[2024-08-28T13:06:04.784+0000][info][gc,cpu         ] GC(336) User=0.25s Sys=0.00s Real=0.01s
[2024-08-28T13:06:04.784+0000][info][gc             ] GC(337) Concurrent Mark Cycle
[2024-08-28T13:06:04.784+0000][info][gc,marking     ] GC(337) Concurrent Clear Claimed Marks
[2024-08-28T13:06:04.784+0000][info][gc,marking     ] GC(337) Concurrent Clear Claimed Marks 0.012ms
[2024-08-28T13:06:04.784+0000][info][gc,marking     ] GC(337) Concurrent Scan Root Regions
[2024-08-28T13:06:04.786+0000][info][gc,marking     ] GC(337) Concurrent Scan Root Regions 1.712ms
[2024-08-28T13:06:04.786+0000][info][gc,marking     ] GC(337) Concurrent Mark
[2024-08-28T13:06:04.786+0000][info][gc,marking     ] GC(337) Concurrent Mark From Roots
[2024-08-28T13:06:04.786+0000][info][gc,task        ] GC(337) Using 17 workers of 17 for marking
[2024-08-28T13:06:04.813+0000][info][gc,marking     ] GC(337) Concurrent Mark From Roots 27.011ms
[2024-08-28T13:06:04.813+0000][info][gc,marking     ] GC(337) Concurrent Preclean
[2024-08-28T13:06:04.814+0000][info][gc,marking     ] GC(337) Concurrent Preclean 1.011ms
[2024-08-28T13:06:04.815+0000][info][gc,start       ] GC(337) Pause Remark
[2024-08-28T13:06:04.816+0000][info][gc             ] GC(337) Pause Remark 881M->881M(1024M) 1.620ms
[2024-08-28T13:06:04.816+0000][info][gc,cpu         ] GC(337) User=0.01s Sys=0.00s Real=0.00s
[2024-08-28T13:06:04.816+0000][info][gc,marking     ] GC(337) Concurrent Mark 30.274ms
[2024-08-28T13:06:04.816+0000][info][gc,marking     ] GC(337) Concurrent Rebuild Remembered Sets
[2024-08-28T13:06:04.821+0000][info][gc,start       ] GC(338) Pause Young (Normal) (G1 Evacuation Pause)
[2024-08-28T13:06:04.821+0000][info][gc,task        ] GC(338) Using 24 workers of 68 for evacuation
[2024-08-28T13:06:04.832+0000][info][gc,phases      ] GC(338)   Pre Evacuate Collection Set: 0.2ms
[2024-08-28T13:06:04.832+0000][info][gc,phases      ] GC(338)   Merge Heap Roots: 0.4ms
[2024-08-28T13:06:04.832+0000][info][gc,phases      ] GC(338)   Evacuate Collection Set: 9.8ms
[2024-08-28T13:06:04.832+0000][info][gc,phases      ] GC(338)   Post Evacuate Collection Set: 0.4ms
[2024-08-28T13:06:04.832+0000][info][gc,phases      ] GC(338)   Other: 0.2ms
[2024-08-28T13:06:04.832+0000][info][gc,heap        ] GC(338) Eden regions: 44->0(44)
[2024-08-28T13:06:04.832+0000][info][gc,heap        ] GC(338) Survivor regions: 7->7(7)
[2024-08-28T13:06:04.832+0000][info][gc,heap        ] GC(338) Old regions: 832->878
[2024-08-28T13:06:04.832+0000][info][gc,heap        ] GC(338) Archive regions: 2->2
[2024-08-28T13:06:04.832+0000][info][gc,heap        ] GC(338) Humongous regions: 5->5
[2024-08-28T13:06:04.832+0000][info][gc,metaspace   ] GC(338) Metaspace: 100K(320K)->100K(320K) NonClass: 96K(192K)->96K(192K) Class: 4K(128K)->4K(128K)
[2024-08-28T13:06:04.832+0000][info][gc             ] GC(338) Pause Young (Normal) (G1 Evacuation Pause) 888M->890M(1024M) 11.053ms
[2024-08-28T13:06:04.832+0000][info][gc,cpu         ] GC(338) User=0.24s Sys=0.01s Real=0.01s
[2024-08-28T13:06:04.860+0000][info][gc,start       ] GC(339) Pause Young (Normal) (G1 Evacuation Pause)
[2024-08-28T13:06:04.860+0000][info][gc,task        ] GC(339) Using 24 workers of 68 for evacuation
[2024-08-28T13:06:04.875+0000][info][gc,phases      ] GC(339)   Pre Evacuate Collection Set: 0.2ms
[2024-08-28T13:06:04.875+0000][info][gc,phases      ] GC(339)   Merge Heap Roots: 0.5ms
[2024-08-28T13:06:04.875+0000][info][gc,phases      ] GC(339)   Evacuate Collection Set: 13.8ms
[2024-08-28T13:06:04.875+0000][info][gc,phases      ] GC(339)   Post Evacuate Collection Set: 0.5ms
[2024-08-28T13:06:04.875+0000][info][gc,phases      ] GC(339)   Other: 0.2ms
[2024-08-28T13:06:04.875+0000][info][gc,heap        ] GC(339) Eden regions: 44->0(44)
[2024-08-28T13:06:04.875+0000][info][gc,heap        ] GC(339) Survivor regions: 7->7(7)
[2024-08-28T13:06:04.875+0000][info][gc,heap        ] GC(339) Old regions: 878->925
[2024-08-28T13:06:04.875+0000][info][gc,heap        ] GC(339) Archive regions: 2->2
[2024-08-28T13:06:04.875+0000][info][gc,heap        ] GC(339) Humongous regions: 5->5
[2024-08-28T13:06:04.875+0000][info][gc,metaspace   ] GC(339) Metaspace: 100K(320K)->100K(320K) NonClass: 96K(192K)->96K(192K) Class: 4K(128K)->4K(128K)
[2024-08-28T13:06:04.875+0000][info][gc             ] GC(339) Pause Young (Normal) (G1 Evacuation Pause) 934M->937M(1024M) 15.232ms
[2024-08-28T13:06:04.875+0000][info][gc,cpu         ] GC(339) User=0.35s Sys=0.00s Real=0.01s
[2024-08-28T13:06:04.895+0000][info][gc,marking     ] GC(337) Concurrent Rebuild Remembered Sets 78.681ms
[2024-08-28T13:06:04.895+0000][info][gc,start       ] GC(337) Pause Cleanup
[2024-08-28T13:06:04.897+0000][info][gc             ] GC(337) Pause Cleanup 968M->968M(1024M) 1.532ms
[2024-08-28T13:06:04.897+0000][info][gc,cpu         ] GC(337) User=0.00s Sys=0.00s Real=0.00s
[2024-08-28T13:06:04.897+0000][info][gc,marking     ] GC(337) Concurrent Cleanup for Next Mark
[2024-08-28T13:06:04.898+0000][info][gc,marking     ] GC(337) Concurrent Cleanup for Next Mark 0.857ms
[2024-08-28T13:06:04.898+0000][info][gc             ] GC(337) Concurrent Mark Cycle 113.579ms
[2024-08-28T13:06:04.902+0000][info][gc,start       ] GC(340) Pause Young (Prepare Mixed) (G1 Preventive Collection)
[2024-08-28T13:06:04.902+0000][info][gc,task        ] GC(340) Using 24 workers of 68 for evacuation
[2024-08-28T13:06:04.918+0000][info][gc,phases      ] GC(340)   Pre Evacuate Collection Set: 0.2ms
[2024-08-28T13:06:04.918+0000][info][gc,phases      ] GC(340)   Merge Heap Roots: 0.6ms
[2024-08-28T13:06:04.918+0000][info][gc,phases      ] GC(340)   Evacuate Collection Set: 14.5ms
[2024-08-28T13:06:04.918+0000][info][gc,phases      ] GC(340)   Post Evacuate Collection Set: 0.3ms
[2024-08-28T13:06:04.918+0000][info][gc,phases      ] GC(340)   Other: 0.2ms
[2024-08-28T13:06:04.918+0000][info][gc,heap        ] GC(340) Eden regions: 37->0(44)
[2024-08-28T13:06:04.918+0000][info][gc,heap        ] GC(340) Survivor regions: 7->7(7)
[2024-08-28T13:06:04.918+0000][info][gc,heap        ] GC(340) Old regions: 925->965
[2024-08-28T13:06:04.918+0000][info][gc,heap        ] GC(340) Archive regions: 2->2
[2024-08-28T13:06:04.918+0000][info][gc,heap        ] GC(340) Humongous regions: 5->5
[2024-08-28T13:06:04.918+0000][info][gc,metaspace   ] GC(340) Metaspace: 100K(320K)->100K(320K) NonClass: 96K(192K)->96K(192K) Class: 4K(128K)->4K(128K)
[2024-08-28T13:06:04.918+0000][info][gc             ] GC(340) Pause Young (Prepare Mixed) (G1 Preventive Collection) 974M->977M(1024M) 15.847ms
[2024-08-28T13:06:04.918+0000][info][gc,cpu         ] GC(340) User=0.37s Sys=0.00s Real=0.02s
[2024-08-28T13:06:04.928+0000][info][gc,start       ] GC(341) Pause Young (Mixed) (G1 Preventive Collection)
[2024-08-28T13:06:04.928+0000][info][gc,task        ] GC(341) Using 24 workers of 68 for evacuation
[2024-08-28T13:06:04.935+0000][info][gc,phases      ] GC(341)   Pre Evacuate Collection Set: 0.2ms
[2024-08-28T13:06:04.936+0000][info][gc,phases      ] GC(341)   Merge Heap Roots: 0.3ms
[2024-08-28T13:06:04.936+0000][info][gc,phases      ] GC(341)   Evacuate Collection Set: 6.1ms
[2024-08-28T13:06:04.936+0000][info][gc,phases      ] GC(341)   Post Evacuate Collection Set: 0.3ms
[2024-08-28T13:06:04.936+0000][info][gc,phases      ] GC(341)   Other: 0.2ms
[2024-08-28T13:06:04.936+0000][info][gc,heap        ] GC(341) Eden regions: 17->0(44)
[2024-08-28T13:06:04.936+0000][info][gc,heap        ] GC(341) Survivor regions: 7->7(7)
[2024-08-28T13:06:04.936+0000][info][gc,heap        ] GC(341) Old regions: 965->882
[2024-08-28T13:06:04.936+0000][info][gc,heap        ] GC(341) Archive regions: 2->2
[2024-08-28T13:06:04.936+0000][info][gc,heap        ] GC(341) Humongous regions: 5->5
[2024-08-28T13:06:04.936+0000][info][gc,metaspace   ] GC(341) Metaspace: 100K(320K)->100K(320K) NonClass: 96K(192K)->96K(192K) Class: 4K(128K)->4K(128K)
[2024-08-28T13:06:04.936+0000][info][gc             ] GC(341) Pause Young (Mixed) (G1 Preventive Collection) 994M->894M(1024M) 7.244ms
[2024-08-28T13:06:04.936+0000][info][gc,cpu         ] GC(341) User=0.15s Sys=0.00s Real=0.01s
[2024-08-28T13:06:04.960+0000][info][gc,start       ] GC(342) Pause Young (Mixed) (G1 Evacuation Pause)
[2024-08-28T13:06:04.960+0000][info][gc,task        ] GC(342) Using 24 workers of 68 for evacuation
[2024-08-28T13:06:04.971+0000][info][gc,phases      ] GC(342)   Pre Evacuate Collection Set: 0.2ms
[2024-08-28T13:06:04.971+0000][info][gc,phases      ] GC(342)   Merge Heap Roots: 0.4ms
[2024-08-28T13:06:04.972+0000][info][gc,phases      ] GC(342)   Evacuate Collection Set: 10.5ms
[2024-08-28T13:06:04.972+0000][info][gc,phases      ] GC(342)   Post Evacuate Collection Set: 0.5ms
[2024-08-28T13:06:04.972+0000][info][gc,phases      ] GC(342)   Other: 0.3ms
[2024-08-28T13:06:04.972+0000][info][gc,heap        ] GC(342) Eden regions: 44->0(44)
[2024-08-28T13:06:04.972+0000][info][gc,heap        ] GC(342) Survivor regions: 7->7(7)
[2024-08-28T13:06:04.972+0000][info][gc,heap        ] GC(342) Old regions: 882->824
[2024-08-28T13:06:04.972+0000][info][gc,heap        ] GC(342) Archive regions: 2->2
[2024-08-28T13:06:04.972+0000][info][gc,heap        ] GC(342) Humongous regions: 5->5
[2024-08-28T13:06:04.972+0000][info][gc,metaspace   ] GC(342) Metaspace: 100K(320K)->100K(320K) NonClass: 96K(192K)->96K(192K) Class: 4K(128K)->4K(128K)
[2024-08-28T13:06:04.972+0000][info][gc             ] GC(342) Pause Young (Mixed) (G1 Evacuation Pause) 938M->836M(1024M) 11.955ms
[2024-08-28T13:06:04.972+0000][info][gc,cpu         ] GC(342) User=0.26s Sys=0.00s Real=0.01s
[2024-08-28T13:06:04.996+0000][info][gc,start       ] GC(343) Pause Young (Mixed) (G1 Evacuation Pause)
[2024-08-28T13:06:04.996+0000][info][gc,task        ] GC(343) Using 24 workers of 68 for evacuation
[2024-08-28T13:06:05.008+0000][info][gc,phases      ] GC(343)   Pre Evacuate Collection Set: 0.3ms
[2024-08-28T13:06:05.008+0000][info][gc,phases      ] GC(343)   Merge Heap Roots: 0.4ms
[2024-08-28T13:06:05.008+0000][info][gc,phases      ] GC(343)   Evacuate Collection Set: 10.7ms
[2024-08-28T13:06:05.008+0000][info][gc,phases      ] GC(343)   Post Evacuate Collection Set: 0.4ms
[2024-08-28T13:06:05.008+0000][info][gc,phases      ] GC(343)   Other: 0.3ms
[2024-08-28T13:06:05.008+0000][info][gc,heap        ] GC(343) Eden regions: 44->0(44)
[2024-08-28T13:06:05.008+0000][info][gc,heap        ] GC(343) Survivor regions: 7->7(7)
[2024-08-28T13:06:05.008+0000][info][gc,heap        ] GC(343) Old regions: 824->768
[2024-08-28T13:06:05.008+0000][info][gc,heap        ] GC(343) Archive regions: 2->2
[2024-08-28T13:06:05.008+0000][info][gc,heap        ] GC(343) Humongous regions: 5->5
[2024-08-28T13:06:05.008+0000][info][gc,metaspace   ] GC(343) Metaspace: 100K(320K)->100K(320K) NonClass: 96K(192K)->96K(192K) Class: 4K(128K)->4K(128K)
[2024-08-28T13:06:05.008+0000][info][gc             ] GC(343) Pause Young (Mixed) (G1 Evacuation Pause) 880M->780M(1024M) 12.178ms
[2024-08-28T13:06:05.008+0000][info][gc,cpu         ] GC(343) User=0.26s Sys=0.00s Real=0.01s
[2024-08-28T13:06:05.033+0000][info][gc,start       ] GC(344) Pause Young (Mixed) (G1 Evacuation Pause)
[2024-08-28T13:06:05.033+0000][info][gc,task        ] GC(344) Using 24 workers of 68 for evacuation
[2024-08-28T13:06:05.046+0000][info][gc,phases      ] GC(344)   Pre Evacuate Collection Set: 0.3ms
[2024-08-28T13:06:05.046+0000][info][gc,phases      ] GC(344)   Merge Heap Roots: 0.4ms
[2024-08-28T13:06:05.046+0000][info][gc,phases      ] GC(344)   Evacuate Collection Set: 11.3ms
[2024-08-28T13:06:05.046+0000][info][gc,phases      ] GC(344)   Post Evacuate Collection Set: 0.4ms
[2024-08-28T13:06:05.046+0000][info][gc,phases      ] GC(344)   Other: 0.3ms
[2024-08-28T13:06:05.046+0000][info][gc,heap        ] GC(344) Eden regions: 44->0(44)
[2024-08-28T13:06:05.046+0000][info][gc,heap        ] GC(344) Survivor regions: 7->7(7)
[2024-08-28T13:06:05.046+0000][info][gc,heap        ] GC(344) Old regions: 768->785
[2024-08-28T13:06:05.046+0000][info][gc,heap        ] GC(344) Archive regions: 2->2
[2024-08-28T13:06:05.046+0000][info][gc,heap        ] GC(344) Humongous regions: 5->5
[2024-08-28T13:06:05.046+0000][info][gc,metaspace   ] GC(344) Metaspace: 100K(320K)->100K(320K) NonClass: 96K(192K)->96K(192K) Class: 4K(128K)->4K(128K)
[2024-08-28T13:06:05.046+0000][info][gc             ] GC(344) Pause Young (Mixed) (G1 Evacuation Pause) 824M->797M(1024M) 12.636ms
[2024-08-28T13:06:05.046+0000][info][gc,cpu         ] GC(344) User=0.28s Sys=0.01s Real=0.01s
[2024-08-28T13:06:05.071+0000][info][gc,start       ] GC(345) Pause Young (Concurrent Start) (G1 Evacuation Pause)
[2024-08-28T13:06:05.071+0000][info][gc,task        ] GC(345) Using 24 workers of 68 for evacuation
[2024-08-28T13:06:05.083+0000][info][gc,phases      ] GC(345)   Pre Evacuate Collection Set: 0.2ms
[2024-08-28T13:06:05.083+0000][info][gc,phases      ] GC(345)   Merge Heap Roots: 0.4ms
[2024-08-28T13:06:05.083+0000][info][gc,phases      ] GC(345)   Evacuate Collection Set: 10.4ms
[2024-08-28T13:06:05.083+0000][info][gc,phases      ] GC(345)   Post Evacuate Collection Set: 0.3ms
[2024-08-28T13:06:05.083+0000][info][gc,phases      ] GC(345)   Other: 0.6ms
[2024-08-28T13:06:05.083+0000][info][gc,heap        ] GC(345) Eden regions: 44->0(44)
[2024-08-28T13:06:05.083+0000][info][gc,heap        ] GC(345) Survivor regions: 7->7(7)
[2024-08-28T13:06:05.083+0000][info][gc,heap        ] GC(345) Old regions: 785->832
[2024-08-28T13:06:05.083+0000][info][gc,heap        ] GC(345) Archive regions: 2->2
[2024-08-28T13:06:05.083+0000][info][gc,heap        ] GC(345) Humongous regions: 5->5
[2024-08-28T13:06:05.083+0000][info][gc,metaspace   ] GC(345) Metaspace: 100K(320K)->100K(320K) NonClass: 96K(192K)->96K(192K) Class: 4K(128K)->4K(128K)
[2024-08-28T13:06:05.083+0000][info][gc             ] GC(345) Pause Young (Concurrent Start) (G1 Evacuation Pause) 841M->844M(1024M) 11.936ms
[2024-08-28T13:06:05.083+0000][info][gc,cpu         ] GC(345) User=0.26s Sys=0.00s Real=0.01s
[2024-08-28T13:06:05.083+0000][info][gc             ] GC(346) Concurrent Mark Cycle
[2024-08-28T13:06:05.083+0000][info][gc,marking     ] GC(346) Concurrent Clear Claimed Marks
[2024-08-28T13:06:05.083+0000][info][gc,marking     ] GC(346) Concurrent Clear Claimed Marks 0.011ms
[2024-08-28T13:06:05.083+0000][info][gc,marking     ] GC(346) Concurrent Scan Root Regions
[2024-08-28T13:06:05.085+0000][info][gc,marking     ] GC(346) Concurrent Scan Root Regions 1.740ms
[2024-08-28T13:06:05.085+0000][info][gc,marking     ] GC(346) Concurrent Mark
[2024-08-28T13:06:05.085+0000][info][gc,marking     ] GC(346) Concurrent Mark From Roots
[2024-08-28T13:06:05.085+0000][info][gc,task        ] GC(346) Using 17 workers of 17 for marking
[2024-08-28T13:06:05.112+0000][info][gc,marking     ] GC(346) Concurrent Mark From Roots 26.541ms
[2024-08-28T13:06:05.112+0000][info][gc,marking     ] GC(346) Concurrent Preclean
[2024-08-28T13:06:05.112+0000][info][gc,marking     ] GC(346) Concurrent Preclean 0.503ms
[2024-08-28T13:06:05.113+0000][info][gc,start       ] GC(346) Pause Remark
[2024-08-28T13:06:05.114+0000][info][gc             ] GC(346) Pause Remark 879M->879M(1024M) 1.426ms
[2024-08-28T13:06:05.114+0000][info][gc,cpu         ] GC(346) User=0.00s Sys=0.00s Real=0.00s
[2024-08-28T13:06:05.114+0000][info][gc,marking     ] GC(346) Concurrent Mark 28.832ms
[2024-08-28T13:06:05.114+0000][info][gc,marking     ] GC(346) Concurrent Rebuild Remembered Sets
[2024-08-28T13:06:05.120+0000][info][gc,start       ] GC(347) Pause Young (Normal) (G1 Evacuation Pause)
[2024-08-28T13:06:05.120+0000][info][gc,task        ] GC(347) Using 24 workers of 68 for evacuation
[2024-08-28T13:06:05.131+0000][info][gc,phases      ] GC(347)   Pre Evacuate Collection Set: 0.2ms
[2024-08-28T13:06:05.131+0000][info][gc,phases      ] GC(347)   Merge Heap Roots: 0.4ms
[2024-08-28T13:06:05.131+0000][info][gc,phases      ] GC(347)   Evacuate Collection Set: 9.7ms
[2024-08-28T13:06:05.131+0000][info][gc,phases      ] GC(347)   Post Evacuate Collection Set: 0.4ms
[2024-08-28T13:06:05.131+0000][info][gc,phases      ] GC(347)   Other: 0.2ms
[2024-08-28T13:06:05.131+0000][info][gc,heap        ] GC(347) Eden regions: 44->0(44)
[2024-08-28T13:06:05.131+0000][info][gc,heap        ] GC(347) Survivor regions: 7->7(7)
[2024-08-28T13:06:05.131+0000][info][gc,heap        ] GC(347) Old regions: 832->879
[2024-08-28T13:06:05.131+0000][info][gc,heap        ] GC(347) Archive regions: 2->2
[2024-08-28T13:06:05.131+0000][info][gc,heap        ] GC(347) Humongous regions: 5->5
[2024-08-28T13:06:05.131+0000][info][gc,metaspace   ] GC(347) Metaspace: 100K(320K)->100K(320K) NonClass: 96K(192K)->96K(192K) Class: 4K(128K)->4K(128K)
[2024-08-28T13:06:05.131+0000][info][gc             ] GC(347) Pause Young (Normal) (G1 Evacuation Pause) 888M->891M(1024M) 11.014ms
[2024-08-28T13:06:05.131+0000][info][gc,cpu         ] GC(347) User=0.24s Sys=0.00s Real=0.01s
[2024-08-28T13:06:05.159+0000][info][gc,start       ] GC(348) Pause Young (Normal) (G1 Evacuation Pause)
[2024-08-28T13:06:05.159+0000][info][gc,task        ] GC(348) Using 24 workers of 68 for evacuation
[2024-08-28T13:06:05.175+0000][info][gc,phases      ] GC(348)   Pre Evacuate Collection Set: 0.2ms
[2024-08-28T13:06:05.175+0000][info][gc,phases      ] GC(348)   Merge Heap Roots: 0.5ms
[2024-08-28T13:06:05.175+0000][info][gc,phases      ] GC(348)   Evacuate Collection Set: 14.3ms
[2024-08-28T13:06:05.175+0000][info][gc,phases      ] GC(348)   Post Evacuate Collection Set: 0.5ms
[2024-08-28T13:06:05.175+0000][info][gc,phases      ] GC(348)   Other: 0.3ms
[2024-08-28T13:06:05.175+0000][info][gc,heap        ] GC(348) Eden regions: 44->0(44)
[2024-08-28T13:06:05.175+0000][info][gc,heap        ] GC(348) Survivor regions: 7->7(7)
[2024-08-28T13:06:05.175+0000][info][gc,heap        ] GC(348) Old regions: 879->925
[2024-08-28T13:06:05.175+0000][info][gc,heap        ] GC(348) Archive regions: 2->2
[2024-08-28T13:06:05.175+0000][info][gc,heap        ] GC(348) Humongous regions: 5->5
[2024-08-28T13:06:05.175+0000][info][gc,metaspace   ] GC(348) Metaspace: 100K(320K)->100K(320K) NonClass: 96K(192K)->96K(192K) Class: 4K(128K)->4K(128K)
[2024-08-28T13:06:05.175+0000][info][gc             ] GC(348) Pause Young (Normal) (G1 Evacuation Pause) 935M->937M(1024M) 15.794ms
[2024-08-28T13:06:05.175+0000][info][gc,cpu         ] GC(348) User=0.36s Sys=0.00s Real=0.01s
[2024-08-28T13:06:05.196+0000][info][gc,marking     ] GC(346) Concurrent Rebuild Remembered Sets 81.720ms
[2024-08-28T13:06:05.196+0000][info][gc,start       ] GC(346) Pause Cleanup
[2024-08-28T13:06:05.199+0000][info][gc             ] GC(346) Pause Cleanup 971M->971M(1024M) 2.548ms
[2024-08-28T13:06:05.199+0000][info][gc,cpu         ] GC(346) User=0.01s Sys=0.00s Real=0.01s
[2024-08-28T13:06:05.199+0000][info][gc,marking     ] GC(346) Concurrent Cleanup for Next Mark
[2024-08-28T13:06:05.200+0000][info][gc,marking     ] GC(346) Concurrent Cleanup for Next Mark 0.874ms
[2024-08-28T13:06:05.200+0000][info][gc             ] GC(346) Concurrent Mark Cycle 116.319ms
[2024-08-28T13:06:05.202+0000][info][gc,start       ] GC(349) Pause Young (Prepare Mixed) (G1 Preventive Collection)
[2024-08-28T13:06:05.202+0000][info][gc,task        ] GC(349) Using 24 workers of 68 for evacuation
[2024-08-28T13:06:05.218+0000][info][gc,phases      ] GC(349)   Pre Evacuate Collection Set: 0.2ms
[2024-08-28T13:06:05.218+0000][info][gc,phases      ] GC(349)   Merge Heap Roots: 0.6ms
[2024-08-28T13:06:05.218+0000][info][gc,phases      ] GC(349)   Evacuate Collection Set: 14.5ms
[2024-08-28T13:06:05.218+0000][info][gc,phases      ] GC(349)   Post Evacuate Collection Set: 0.3ms
[2024-08-28T13:06:05.218+0000][info][gc,phases      ] GC(349)   Other: 0.2ms
[2024-08-28T13:06:05.218+0000][info][gc,heap        ] GC(349) Eden regions: 37->0(44)
[2024-08-28T13:06:05.218+0000][info][gc,heap        ] GC(349) Survivor regions: 7->7(7)
[2024-08-28T13:06:05.218+0000][info][gc,heap        ] GC(349) Old regions: 925->965
[2024-08-28T13:06:05.218+0000][info][gc,heap        ] GC(349) Archive regions: 2->2
[2024-08-28T13:06:05.218+0000][info][gc,heap        ] GC(349) Humongous regions: 5->5
[2024-08-28T13:06:05.218+0000][info][gc,metaspace   ] GC(349) Metaspace: 100K(320K)->100K(320K) NonClass: 96K(192K)->96K(192K) Class: 4K(128K)->4K(128K)
[2024-08-28T13:06:05.218+0000][info][gc             ] GC(349) Pause Young (Prepare Mixed) (G1 Preventive Collection) 974M->977M(1024M) 15.941ms
[2024-08-28T13:06:05.218+0000][info][gc,cpu         ] GC(349) User=0.35s Sys=0.00s Real=0.02s
[2024-08-28T13:06:05.228+0000][info][gc,start       ] GC(350) Pause Young (Mixed) (G1 Preventive Collection)
[2024-08-28T13:06:05.228+0000][info][gc,task        ] GC(350) Using 24 workers of 68 for evacuation
[2024-08-28T13:06:05.236+0000][info][gc,phases      ] GC(350)   Pre Evacuate Collection Set: 0.2ms
[2024-08-28T13:06:05.236+0000][info][gc,phases      ] GC(350)   Merge Heap Roots: 0.3ms
[2024-08-28T13:06:05.236+0000][info][gc,phases      ] GC(350)   Evacuate Collection Set: 6.2ms
[2024-08-28T13:06:05.236+0000][info][gc,phases      ] GC(350)   Post Evacuate Collection Set: 0.4ms
[2024-08-28T13:06:05.236+0000][info][gc,phases      ] GC(350)   Other: 0.2ms
[2024-08-28T13:06:05.236+0000][info][gc,heap        ] GC(350) Eden regions: 17->0(44)
[2024-08-28T13:06:05.236+0000][info][gc,heap        ] GC(350) Survivor regions: 7->7(7)
[2024-08-28T13:06:05.236+0000][info][gc,heap        ] GC(350) Old regions: 965->882
[2024-08-28T13:06:05.236+0000][info][gc,heap        ] GC(350) Archive regions: 2->2
[2024-08-28T13:06:05.236+0000][info][gc,heap        ] GC(350) Humongous regions: 5->5
[2024-08-28T13:06:05.236+0000][info][gc,metaspace   ] GC(350) Metaspace: 100K(320K)->100K(320K) NonClass: 96K(192K)->96K(192K) Class: 4K(128K)->4K(128K)
[2024-08-28T13:06:05.236+0000][info][gc             ] GC(350) Pause Young (Mixed) (G1 Preventive Collection) 994M->894M(1024M) 7.315ms
[2024-08-28T13:06:05.236+0000][info][gc,cpu         ] GC(350) User=0.15s Sys=0.00s Real=0.01s
[2024-08-28T13:06:05.260+0000][info][gc,start       ] GC(351) Pause Young (Mixed) (G1 Evacuation Pause)
[2024-08-28T13:06:05.260+0000][info][gc,task        ] GC(351) Using 24 workers of 68 for evacuation
[2024-08-28T13:06:05.272+0000][info][gc,phases      ] GC(351)   Pre Evacuate Collection Set: 0.2ms
[2024-08-28T13:06:05.272+0000][info][gc,phases      ] GC(351)   Merge Heap Roots: 0.4ms
[2024-08-28T13:06:05.272+0000][info][gc,phases      ] GC(351)   Evacuate Collection Set: 10.4ms
[2024-08-28T13:06:05.272+0000][info][gc,phases      ] GC(351)   Post Evacuate Collection Set: 0.4ms
[2024-08-28T13:06:05.272+0000][info][gc,phases      ] GC(351)   Other: 0.3ms
[2024-08-28T13:06:05.272+0000][info][gc,heap        ] GC(351) Eden regions: 44->0(44)
[2024-08-28T13:06:05.272+0000][info][gc,heap        ] GC(351) Survivor regions: 7->7(7)
[2024-08-28T13:06:05.272+0000][info][gc,heap        ] GC(351) Old regions: 882->824
[2024-08-28T13:06:05.272+0000][info][gc,heap        ] GC(351) Archive regions: 2->2
[2024-08-28T13:06:05.272+0000][info][gc,heap        ] GC(351) Humongous regions: 5->5
[2024-08-28T13:06:05.272+0000][info][gc,metaspace   ] GC(351) Metaspace: 100K(320K)->100K(320K) NonClass: 96K(192K)->96K(192K) Class: 4K(128K)->4K(128K)
[2024-08-28T13:06:05.272+0000][info][gc             ] GC(351) Pause Young (Mixed) (G1 Evacuation Pause) 938M->836M(1024M) 11.806ms
[2024-08-28T13:06:05.272+0000][info][gc,cpu         ] GC(351) User=0.26s Sys=0.00s Real=0.01s
[2024-08-28T13:06:05.296+0000][info][gc,start       ] GC(352) Pause Young (Mixed) (G1 Evacuation Pause)
[2024-08-28T13:06:05.296+0000][info][gc,task        ] GC(352) Using 24 workers of 68 for evacuation
[2024-08-28T13:06:05.308+0000][info][gc,phases      ] GC(352)   Pre Evacuate Collection Set: 0.2ms
[2024-08-28T13:06:05.308+0000][info][gc,phases      ] GC(352)   Merge Heap Roots: 0.4ms
[2024-08-28T13:06:05.308+0000][info][gc,phases      ] GC(352)   Evacuate Collection Set: 10.6ms
[2024-08-28T13:06:05.308+0000][info][gc,phases      ] GC(352)   Post Evacuate Collection Set: 0.4ms
[2024-08-28T13:06:05.308+0000][info][gc,phases      ] GC(352)   Other: 0.2ms
[2024-08-28T13:06:05.308+0000][info][gc,heap        ] GC(352) Eden regions: 44->0(44)
[2024-08-28T13:06:05.308+0000][info][gc,heap        ] GC(352) Survivor regions: 7->7(7)
[2024-08-28T13:06:05.308+0000][info][gc,heap        ] GC(352) Old regions: 824->768
[2024-08-28T13:06:05.308+0000][info][gc,heap        ] GC(352) Archive regions: 2->2
[2024-08-28T13:06:05.308+0000][info][gc,heap        ] GC(352) Humongous regions: 5->5
[2024-08-28T13:06:05.308+0000][info][gc,metaspace   ] GC(352) Metaspace: 100K(320K)->100K(320K) NonClass: 96K(192K)->96K(192K) Class: 4K(128K)->4K(128K)
[2024-08-28T13:06:05.308+0000][info][gc             ] GC(352) Pause Young (Mixed) (G1 Evacuation Pause) 880M->780M(1024M) 11.903ms
[2024-08-28T13:06:05.308+0000][info][gc,cpu         ] GC(352) User=0.27s Sys=0.00s Real=0.01s
[2024-08-28T13:06:05.332+0000][info][gc,start       ] GC(353) Pause Young (Mixed) (G1 Evacuation Pause)
[2024-08-28T13:06:05.332+0000][info][gc,task        ] GC(353) Using 24 workers of 68 for evacuation
[2024-08-28T13:06:05.345+0000][info][gc,phases      ] GC(353)   Pre Evacuate Collection Set: 0.2ms
[2024-08-28T13:06:05.345+0000][info][gc,phases      ] GC(353)   Merge Heap Roots: 0.4ms
[2024-08-28T13:06:05.345+0000][info][gc,phases      ] GC(353)   Evacuate Collection Set: 11.4ms
[2024-08-28T13:06:05.345+0000][info][gc,phases      ] GC(353)   Post Evacuate Collection Set: 0.4ms
[2024-08-28T13:06:05.345+0000][info][gc,phases      ] GC(353)   Other: 0.3ms
[2024-08-28T13:06:05.345+0000][info][gc,heap        ] GC(353) Eden regions: 44->0(44)
[2024-08-28T13:06:05.345+0000][info][gc,heap        ] GC(353) Survivor regions: 7->7(7)
[2024-08-28T13:06:05.345+0000][info][gc,heap        ] GC(353) Old regions: 768->783
[2024-08-28T13:06:05.345+0000][info][gc,heap        ] GC(353) Archive regions: 2->2
[2024-08-28T13:06:05.345+0000][info][gc,heap        ] GC(353) Humongous regions: 5->5
[2024-08-28T13:06:05.345+0000][info][gc,metaspace   ] GC(353) Metaspace: 100K(320K)->100K(320K) NonClass: 96K(192K)->96K(192K) Class: 4K(128K)->4K(128K)
[2024-08-28T13:06:05.345+0000][info][gc             ] GC(353) Pause Young (Mixed) (G1 Evacuation Pause) 824M->795M(1024M) 12.689ms
[2024-08-28T13:06:05.345+0000][info][gc,cpu         ] GC(353) User=0.29s Sys=0.00s Real=0.01s
[2024-08-28T13:06:05.370+0000][info][gc,start       ] GC(354) Pause Young (Concurrent Start) (G1 Evacuation Pause)
[2024-08-28T13:06:05.370+0000][info][gc,task        ] GC(354) Using 24 workers of 68 for evacuation
[2024-08-28T13:06:05.381+0000][info][gc,phases      ] GC(354)   Pre Evacuate Collection Set: 0.2ms
[2024-08-28T13:06:05.382+0000][info][gc,phases      ] GC(354)   Merge Heap Roots: 0.4ms
[2024-08-28T13:06:05.382+0000][info][gc,phases      ] GC(354)   Evacuate Collection Set: 10.2ms
[2024-08-28T13:06:05.382+0000][info][gc,phases      ] GC(354)   Post Evacuate Collection Set: 0.3ms
[2024-08-28T13:06:05.382+0000][info][gc,phases      ] GC(354)   Other: 0.7ms
[2024-08-28T13:06:05.382+0000][info][gc,heap        ] GC(354) Eden regions: 44->0(44)
[2024-08-28T13:06:05.382+0000][info][gc,heap        ] GC(354) Survivor regions: 7->7(7)
[2024-08-28T13:06:05.382+0000][info][gc,heap        ] GC(354) Old regions: 783->830
[2024-08-28T13:06:05.382+0000][info][gc,heap        ] GC(354) Archive regions: 2->2
[2024-08-28T13:06:05.382+0000][info][gc,heap        ] GC(354) Humongous regions: 5->5
[2024-08-28T13:06:05.382+0000][info][gc,metaspace   ] GC(354) Metaspace: 100K(320K)->100K(320K) NonClass: 96K(192K)->96K(192K) Class: 4K(128K)->4K(128K)
[2024-08-28T13:06:05.382+0000][info][gc             ] GC(354) Pause Young (Concurrent Start) (G1 Evacuation Pause) 839M->842M(1024M) 11.894ms
[2024-08-28T13:06:05.382+0000][info][gc,cpu         ] GC(354) User=0.25s Sys=0.01s Real=0.01s
[2024-08-28T13:06:05.382+0000][info][gc             ] GC(355) Concurrent Mark Cycle
[2024-08-28T13:06:05.382+0000][info][gc,marking     ] GC(355) Concurrent Clear Claimed Marks
[2024-08-28T13:06:05.382+0000][info][gc,marking     ] GC(355) Concurrent Clear Claimed Marks 0.012ms
[2024-08-28T13:06:05.382+0000][info][gc,marking     ] GC(355) Concurrent Scan Root Regions
[2024-08-28T13:06:05.384+0000][info][gc,marking     ] GC(355) Concurrent Scan Root Regions 1.826ms
[2024-08-28T13:06:05.384+0000][info][gc,marking     ] GC(355) Concurrent Mark
[2024-08-28T13:06:05.384+0000][info][gc,marking     ] GC(355) Concurrent Mark From Roots
[2024-08-28T13:06:05.384+0000][info][gc,task        ] GC(355) Using 17 workers of 17 for marking
[2024-08-28T13:06:05.411+0000][info][gc,marking     ] GC(355) Concurrent Mark From Roots 27.212ms
[2024-08-28T13:06:05.411+0000][info][gc,marking     ] GC(355) Concurrent Preclean
[2024-08-28T13:06:05.412+0000][info][gc,marking     ] GC(355) Concurrent Preclean 0.698ms
[2024-08-28T13:06:05.412+0000][info][gc,start       ] GC(355) Pause Remark
[2024-08-28T13:06:05.414+0000][info][gc             ] GC(355) Pause Remark 878M->878M(1024M) 1.534ms
[2024-08-28T13:06:05.414+0000][info][gc,cpu         ] GC(355) User=0.01s Sys=0.00s Real=0.00s
[2024-08-28T13:06:05.414+0000][info][gc,marking     ] GC(355) Concurrent Mark 29.955ms
[2024-08-28T13:06:05.414+0000][info][gc,marking     ] GC(355) Concurrent Rebuild Remembered Sets
[2024-08-28T13:06:05.419+0000][info][gc,start       ] GC(356) Pause Young (Normal) (G1 Evacuation Pause)
[2024-08-28T13:06:05.419+0000][info][gc,task        ] GC(356) Using 24 workers of 68 for evacuation
[2024-08-28T13:06:05.430+0000][info][gc,phases      ] GC(356)   Pre Evacuate Collection Set: 0.2ms
[2024-08-28T13:06:05.430+0000][info][gc,phases      ] GC(356)   Merge Heap Roots: 0.4ms
[2024-08-28T13:06:05.430+0000][info][gc,phases      ] GC(356)   Evacuate Collection Set: 9.8ms
[2024-08-28T13:06:05.430+0000][info][gc,phases      ] GC(356)   Post Evacuate Collection Set: 0.4ms
[2024-08-28T13:06:05.430+0000][info][gc,phases      ] GC(356)   Other: 0.2ms
[2024-08-28T13:06:05.430+0000][info][gc,heap        ] GC(356) Eden regions: 44->0(44)
[2024-08-28T13:06:05.430+0000][info][gc,heap        ] GC(356) Survivor regions: 7->7(7)
[2024-08-28T13:06:05.430+0000][info][gc,heap        ] GC(356) Old regions: 830->877
[2024-08-28T13:06:05.430+0000][info][gc,heap        ] GC(356) Archive regions: 2->2
[2024-08-28T13:06:05.430+0000][info][gc,heap        ] GC(356) Humongous regions: 5->5
[2024-08-28T13:06:05.430+0000][info][gc,metaspace   ] GC(356) Metaspace: 100K(320K)->100K(320K) NonClass: 96K(192K)->96K(192K) Class: 4K(128K)->4K(128K)
[2024-08-28T13:06:05.430+0000][info][gc             ] GC(356) Pause Young (Normal) (G1 Evacuation Pause) 886M->889M(1024M) 11.054ms
[2024-08-28T13:06:05.430+0000][info][gc,cpu         ] GC(356) User=0.25s Sys=0.00s Real=0.01s
[2024-08-28T13:06:05.459+0000][info][gc,start       ] GC(357) Pause Young (Normal) (G1 Evacuation Pause)
[2024-08-28T13:06:05.459+0000][info][gc,task        ] GC(357) Using 24 workers of 68 for evacuation
[2024-08-28T13:06:05.474+0000][info][gc,phases      ] GC(357)   Pre Evacuate Collection Set: 0.1ms
[2024-08-28T13:06:05.474+0000][info][gc,phases      ] GC(357)   Merge Heap Roots: 0.4ms
[2024-08-28T13:06:05.474+0000][info][gc,phases      ] GC(357)   Evacuate Collection Set: 13.8ms
[2024-08-28T13:06:05.474+0000][info][gc,phases      ] GC(357)   Post Evacuate Collection Set: 0.5ms
[2024-08-28T13:06:05.474+0000][info][gc,phases      ] GC(357)   Other: 0.2ms
[2024-08-28T13:06:05.474+0000][info][gc,heap        ] GC(357) Eden regions: 44->0(44)
[2024-08-28T13:06:05.474+0000][info][gc,heap        ] GC(357) Survivor regions: 7->7(7)
[2024-08-28T13:06:05.474+0000][info][gc,heap        ] GC(357) Old regions: 877->923
[2024-08-28T13:06:05.474+0000][info][gc,heap        ] GC(357) Archive regions: 2->2
[2024-08-28T13:06:05.474+0000][info][gc,heap        ] GC(357) Humongous regions: 5->5
[2024-08-28T13:06:05.474+0000][info][gc,metaspace   ] GC(357) Metaspace: 100K(320K)->100K(320K) NonClass: 96K(192K)->96K(192K) Class: 4K(128K)->4K(128K)
[2024-08-28T13:06:05.474+0000][info][gc             ] GC(357) Pause Young (Normal) (G1 Evacuation Pause) 933M->935M(1024M) 15.190ms
[2024-08-28T13:06:05.474+0000][info][gc,cpu         ] GC(357) User=0.35s Sys=0.00s Real=0.01s
[2024-08-28T13:06:05.495+0000][info][gc,marking     ] GC(355) Concurrent Rebuild Remembered Sets 81.090ms
[2024-08-28T13:06:05.495+0000][info][gc,start       ] GC(355) Pause Cleanup
[2024-08-28T13:06:05.497+0000][info][gc             ] GC(355) Pause Cleanup 969M->969M(1024M) 1.524ms
[2024-08-28T13:06:05.497+0000][info][gc,cpu         ] GC(355) User=0.00s Sys=0.00s Real=0.00s
[2024-08-28T13:06:05.497+0000][info][gc,marking     ] GC(355) Concurrent Cleanup for Next Mark
[2024-08-28T13:06:05.498+0000][info][gc,marking     ] GC(355) Concurrent Cleanup for Next Mark 0.850ms
[2024-08-28T13:06:05.498+0000][info][gc             ] GC(355) Concurrent Mark Cycle 115.785ms
[2024-08-28T13:06:05.500+0000][info][gc,start       ] GC(358) Pause Young (Prepare Mixed) (G1 Preventive Collection)
[2024-08-28T13:06:05.500+0000][info][gc,task        ] GC(358) Using 24 workers of 68 for evacuation
[2024-08-28T13:06:05.516+0000][info][gc,phases      ] GC(358)   Pre Evacuate Collection Set: 0.2ms
[2024-08-28T13:06:05.516+0000][info][gc,phases      ] GC(358)   Merge Heap Roots: 0.6ms
[2024-08-28T13:06:05.516+0000][info][gc,phases      ] GC(358)   Evacuate Collection Set: 14.4ms
[2024-08-28T13:06:05.516+0000][info][gc,phases      ] GC(358)   Post Evacuate Collection Set: 0.3ms
[2024-08-28T13:06:05.516+0000][info][gc,phases      ] GC(358)   Other: 0.2ms
[2024-08-28T13:06:05.516+0000][info][gc,heap        ] GC(358) Eden regions: 38->0(44)
[2024-08-28T13:06:05.516+0000][info][gc,heap        ] GC(358) Survivor regions: 7->7(7)
[2024-08-28T13:06:05.516+0000][info][gc,heap        ] GC(358) Old regions: 923->964
[2024-08-28T13:06:05.516+0000][info][gc,heap        ] GC(358) Archive regions: 2->2
[2024-08-28T13:06:05.516+0000][info][gc,heap        ] GC(358) Humongous regions: 5->5
[2024-08-28T13:06:05.516+0000][info][gc,metaspace   ] GC(358) Metaspace: 100K(320K)->100K(320K) NonClass: 96K(192K)->96K(192K) Class: 4K(128K)->4K(128K)
[2024-08-28T13:06:05.516+0000][info][gc             ] GC(358) Pause Young (Prepare Mixed) (G1 Preventive Collection) 973M->976M(1024M) 15.645ms
[2024-08-28T13:06:05.516+0000][info][gc,cpu         ] GC(358) User=0.36s Sys=0.00s Real=0.01s
[2024-08-28T13:06:05.527+0000][info][gc,start       ] GC(359) Pause Young (Mixed) (G1 Preventive Collection)
[2024-08-28T13:06:05.527+0000][info][gc,task        ] GC(359) Using 24 workers of 68 for evacuation
[2024-08-28T13:06:05.535+0000][info][gc,phases      ] GC(359)   Pre Evacuate Collection Set: 0.2ms
[2024-08-28T13:06:05.535+0000][info][gc,phases      ] GC(359)   Merge Heap Roots: 0.3ms
[2024-08-28T13:06:05.535+0000][info][gc,phases      ] GC(359)   Evacuate Collection Set: 6.6ms
[2024-08-28T13:06:05.535+0000][info][gc,phases      ] GC(359)   Post Evacuate Collection Set: 0.4ms
[2024-08-28T13:06:05.535+0000][info][gc,phases      ] GC(359)   Other: 0.2ms
[2024-08-28T13:06:05.535+0000][info][gc,heap        ] GC(359) Eden regions: 18->0(44)
[2024-08-28T13:06:05.535+0000][info][gc,heap        ] GC(359) Survivor regions: 7->7(7)
[2024-08-28T13:06:05.535+0000][info][gc,heap        ] GC(359) Old regions: 964->882
[2024-08-28T13:06:05.535+0000][info][gc,heap        ] GC(359) Archive regions: 2->2
[2024-08-28T13:06:05.535+0000][info][gc,heap        ] GC(359) Humongous regions: 5->5
[2024-08-28T13:06:05.535+0000][info][gc,metaspace   ] GC(359) Metaspace: 100K(320K)->100K(320K) NonClass: 96K(192K)->96K(192K) Class: 4K(128K)->4K(128K)
[2024-08-28T13:06:05.535+0000][info][gc             ] GC(359) Pause Young (Mixed) (G1 Preventive Collection) 994M->894M(1024M) 7.725ms
[2024-08-28T13:06:05.535+0000][info][gc,cpu         ] GC(359) User=0.17s Sys=0.00s Real=0.01s
[2024-08-28T13:06:05.560+0000][info][gc,start       ] GC(360) Pause Young (Mixed) (G1 Evacuation Pause)
[2024-08-28T13:06:05.560+0000][info][gc,task        ] GC(360) Using 24 workers of 68 for evacuation
[2024-08-28T13:06:05.571+0000][info][gc,phases      ] GC(360)   Pre Evacuate Collection Set: 0.2ms
[2024-08-28T13:06:05.571+0000][info][gc,phases      ] GC(360)   Merge Heap Roots: 0.4ms
[2024-08-28T13:06:05.571+0000][info][gc,phases      ] GC(360)   Evacuate Collection Set: 10.5ms
[2024-08-28T13:06:05.571+0000][info][gc,phases      ] GC(360)   Post Evacuate Collection Set: 0.4ms
[2024-08-28T13:06:05.571+0000][info][gc,phases      ] GC(360)   Other: 0.2ms
[2024-08-28T13:06:05.571+0000][info][gc,heap        ] GC(360) Eden regions: 44->0(44)
[2024-08-28T13:06:05.571+0000][info][gc,heap        ] GC(360) Survivor regions: 7->7(7)
[2024-08-28T13:06:05.571+0000][info][gc,heap        ] GC(360) Old regions: 882->824
[2024-08-28T13:06:05.571+0000][info][gc,heap        ] GC(360) Archive regions: 2->2
[2024-08-28T13:06:05.571+0000][info][gc,heap        ] GC(360) Humongous regions: 5->5
[2024-08-28T13:06:05.572+0000][info][gc,metaspace   ] GC(360) Metaspace: 100K(320K)->100K(320K) NonClass: 96K(192K)->96K(192K) Class: 4K(128K)->4K(128K)
[2024-08-28T13:06:05.572+0000][info][gc             ] GC(360) Pause Young (Mixed) (G1 Evacuation Pause) 938M->836M(1024M) 11.847ms
[2024-08-28T13:06:05.572+0000][info][gc,cpu         ] GC(360) User=0.26s Sys=0.00s Real=0.01s
[2024-08-28T13:06:05.596+0000][info][gc,start       ] GC(361) Pause Young (Mixed) (G1 Evacuation Pause)
[2024-08-28T13:06:05.596+0000][info][gc,task        ] GC(361) Using 24 workers of 68 for evacuation
[2024-08-28T13:06:05.608+0000][info][gc,phases      ] GC(361)   Pre Evacuate Collection Set: 0.2ms
[2024-08-28T13:06:05.608+0000][info][gc,phases      ] GC(361)   Merge Heap Roots: 0.4ms
[2024-08-28T13:06:05.608+0000][info][gc,phases      ] GC(361)   Evacuate Collection Set: 10.7ms
[2024-08-28T13:06:05.608+0000][info][gc,phases      ] GC(361)   Post Evacuate Collection Set: 0.4ms
[2024-08-28T13:06:05.608+0000][info][gc,phases      ] GC(361)   Other: 0.2ms
[2024-08-28T13:06:05.608+0000][info][gc,heap        ] GC(361) Eden regions: 44->0(44)
[2024-08-28T13:06:05.608+0000][info][gc,heap        ] GC(361) Survivor regions: 7->7(7)
[2024-08-28T13:06:05.608+0000][info][gc,heap        ] GC(361) Old regions: 824->768
[2024-08-28T13:06:05.608+0000][info][gc,heap        ] GC(361) Archive regions: 2->2
[2024-08-28T13:06:05.608+0000][info][gc,heap        ] GC(361) Humongous regions: 5->5
[2024-08-28T13:06:05.608+0000][info][gc,metaspace   ] GC(361) Metaspace: 100K(320K)->100K(320K) NonClass: 96K(192K)->96K(192K) Class: 4K(128K)->4K(128K)
[2024-08-28T13:06:05.608+0000][info][gc             ] GC(361) Pause Young (Mixed) (G1 Evacuation Pause) 880M->780M(1024M) 12.079ms
[2024-08-28T13:06:05.608+0000][info][gc,cpu         ] GC(361) User=0.26s Sys=0.00s Real=0.01s
[2024-08-28T13:06:05.633+0000][info][gc,start       ] GC(362) Pause Young (Mixed) (G1 Evacuation Pause)
[2024-08-28T13:06:05.633+0000][info][gc,task        ] GC(362) Using 24 workers of 68 for evacuation
[2024-08-28T13:06:05.645+0000][info][gc,phases      ] GC(362)   Pre Evacuate Collection Set: 0.2ms
[2024-08-28T13:06:05.645+0000][info][gc,phases      ] GC(362)   Merge Heap Roots: 0.4ms
[2024-08-28T13:06:05.645+0000][info][gc,phases      ] GC(362)   Evacuate Collection Set: 11.3ms
[2024-08-28T13:06:05.645+0000][info][gc,phases      ] GC(362)   Post Evacuate Collection Set: 0.3ms
[2024-08-28T13:06:05.645+0000][info][gc,phases      ] GC(362)   Other: 0.3ms
[2024-08-28T13:06:05.645+0000][info][gc,heap        ] GC(362) Eden regions: 44->0(44)
[2024-08-28T13:06:05.645+0000][info][gc,heap        ] GC(362) Survivor regions: 7->7(7)
[2024-08-28T13:06:05.645+0000][info][gc,heap        ] GC(362) Old regions: 768->787
[2024-08-28T13:06:05.645+0000][info][gc,heap        ] GC(362) Archive regions: 2->2
[2024-08-28T13:06:05.645+0000][info][gc,heap        ] GC(362) Humongous regions: 5->5
[2024-08-28T13:06:05.645+0000][info][gc,metaspace   ] GC(362) Metaspace: 100K(320K)->100K(320K) NonClass: 96K(192K)->96K(192K) Class: 4K(128K)->4K(128K)
[2024-08-28T13:06:05.645+0000][info][gc             ] GC(362) Pause Young (Mixed) (G1 Evacuation Pause) 824M->799M(1024M) 12.636ms
[2024-08-28T13:06:05.645+0000][info][gc,cpu         ] GC(362) User=0.28s Sys=0.01s Real=0.01s
[2024-08-28T13:06:05.671+0000][info][gc,start       ] GC(363) Pause Young (Concurrent Start) (G1 Evacuation Pause)
[2024-08-28T13:06:05.671+0000][info][gc,task        ] GC(363) Using 24 workers of 68 for evacuation
[2024-08-28T13:06:05.683+0000][info][gc,phases      ] GC(363)   Pre Evacuate Collection Set: 0.2ms
[2024-08-28T13:06:05.683+0000][info][gc,phases      ] GC(363)   Merge Heap Roots: 0.4ms
[2024-08-28T13:06:05.683+0000][info][gc,phases      ] GC(363)   Evacuate Collection Set: 10.3ms
[2024-08-28T13:06:05.683+0000][info][gc,phases      ] GC(363)   Post Evacuate Collection Set: 0.4ms
[2024-08-28T13:06:05.683+0000][info][gc,phases      ] GC(363)   Other: 0.7ms
[2024-08-28T13:06:05.683+0000][info][gc,heap        ] GC(363) Eden regions: 44->0(44)
[2024-08-28T13:06:05.683+0000][info][gc,heap        ] GC(363) Survivor regions: 7->7(7)
[2024-08-28T13:06:05.683+0000][info][gc,heap        ] GC(363) Old regions: 787->833
[2024-08-28T13:06:05.683+0000][info][gc,heap        ] GC(363) Archive regions: 2->2
[2024-08-28T13:06:05.683+0000][info][gc,heap        ] GC(363) Humongous regions: 5->5
[2024-08-28T13:06:05.683+0000][info][gc,metaspace   ] GC(363) Metaspace: 100K(320K)->100K(320K) NonClass: 96K(192K)->96K(192K) Class: 4K(128K)->4K(128K)
[2024-08-28T13:06:05.683+0000][info][gc             ] GC(363) Pause Young (Concurrent Start) (G1 Evacuation Pause) 843M->845M(1024M) 12.041ms
[2024-08-28T13:06:05.683+0000][info][gc,cpu         ] GC(363) User=0.26s Sys=0.00s Real=0.01s
[2024-08-28T13:06:05.683+0000][info][gc             ] GC(364) Concurrent Mark Cycle
[2024-08-28T13:06:05.683+0000][info][gc,marking     ] GC(364) Concurrent Clear Claimed Marks
[2024-08-28T13:06:05.683+0000][info][gc,marking     ] GC(364) Concurrent Clear Claimed Marks 0.012ms
[2024-08-28T13:06:05.683+0000][info][gc,marking     ] GC(364) Concurrent Scan Root Regions
[2024-08-28T13:06:05.685+0000][info][gc,marking     ] GC(364) Concurrent Scan Root Regions 1.841ms
[2024-08-28T13:06:05.685+0000][info][gc,marking     ] GC(364) Concurrent Mark
[2024-08-28T13:06:05.685+0000][info][gc,marking     ] GC(364) Concurrent Mark From Roots
[2024-08-28T13:06:05.685+0000][info][gc,task        ] GC(364) Using 17 workers of 17 for marking
[2024-08-28T13:06:05.713+0000][info][gc,marking     ] GC(364) Concurrent Mark From Roots 27.543ms
[2024-08-28T13:06:05.713+0000][info][gc,marking     ] GC(364) Concurrent Preclean
[2024-08-28T13:06:05.713+0000][info][gc,marking     ] GC(364) Concurrent Preclean 0.500ms
[2024-08-28T13:06:05.713+0000][info][gc,start       ] GC(364) Pause Remark
[2024-08-28T13:06:05.715+0000][info][gc             ] GC(364) Pause Remark 880M->880M(1024M) 1.368ms
[2024-08-28T13:06:05.715+0000][info][gc,cpu         ] GC(364) User=0.00s Sys=0.00s Real=0.00s
[2024-08-28T13:06:05.715+0000][info][gc,marking     ] GC(364) Concurrent Mark 29.881ms
[2024-08-28T13:06:05.715+0000][info][gc,marking     ] GC(364) Concurrent Rebuild Remembered Sets
[2024-08-28T13:06:05.722+0000][info][gc,start       ] GC(365) Pause Young (Normal) (G1 Evacuation Pause)
[2024-08-28T13:06:05.722+0000][info][gc,task        ] GC(365) Using 24 workers of 68 for evacuation
[2024-08-28T13:06:05.733+0000][info][gc,phases      ] GC(365)   Pre Evacuate Collection Set: 0.2ms
[2024-08-28T13:06:05.733+0000][info][gc,phases      ] GC(365)   Merge Heap Roots: 0.4ms
[2024-08-28T13:06:05.733+0000][info][gc,phases      ] GC(365)   Evacuate Collection Set: 10.1ms
[2024-08-28T13:06:05.733+0000][info][gc,phases      ] GC(365)   Post Evacuate Collection Set: 0.4ms
[2024-08-28T13:06:05.733+0000][info][gc,phases      ] GC(365)   Other: 0.3ms
[2024-08-28T13:06:05.733+0000][info][gc,heap        ] GC(365) Eden regions: 44->0(44)
[2024-08-28T13:06:05.733+0000][info][gc,heap        ] GC(365) Survivor regions: 7->7(7)
[2024-08-28T13:06:05.733+0000][info][gc,heap        ] GC(365) Old regions: 833->879
[2024-08-28T13:06:05.733+0000][info][gc,heap        ] GC(365) Archive regions: 2->2
[2024-08-28T13:06:05.733+0000][info][gc,heap        ] GC(365) Humongous regions: 5->5
[2024-08-28T13:06:05.733+0000][info][gc,metaspace   ] GC(365) Metaspace: 100K(320K)->100K(320K) NonClass: 96K(192K)->96K(192K) Class: 4K(128K)->4K(128K)
[2024-08-28T13:06:05.733+0000][info][gc             ] GC(365) Pause Young (Normal) (G1 Evacuation Pause) 889M->891M(1024M) 11.483ms
[2024-08-28T13:06:05.733+0000][info][gc,cpu         ] GC(365) User=0.25s Sys=0.01s Real=0.01s
[2024-08-28T13:06:05.762+0000][info][gc,start       ] GC(366) Pause Young (Normal) (G1 Evacuation Pause)
[2024-08-28T13:06:05.762+0000][info][gc,task        ] GC(366) Using 24 workers of 68 for evacuation
[2024-08-28T13:06:05.777+0000][info][gc,phases      ] GC(366)   Pre Evacuate Collection Set: 0.2ms
[2024-08-28T13:06:05.777+0000][info][gc,phases      ] GC(366)   Merge Heap Roots: 0.5ms
[2024-08-28T13:06:05.777+0000][info][gc,phases      ] GC(366)   Evacuate Collection Set: 13.6ms
[2024-08-28T13:06:05.777+0000][info][gc,phases      ] GC(366)   Post Evacuate Collection Set: 0.5ms
[2024-08-28T13:06:05.777+0000][info][gc,phases      ] GC(366)   Other: 0.3ms
[2024-08-28T13:06:05.777+0000][info][gc,heap        ] GC(366) Eden regions: 44->0(44)
[2024-08-28T13:06:05.777+0000][info][gc,heap        ] GC(366) Survivor regions: 7->7(7)
[2024-08-28T13:06:05.777+0000][info][gc,heap        ] GC(366) Old regions: 879->926
[2024-08-28T13:06:05.777+0000][info][gc,heap        ] GC(366) Archive regions: 2->2
[2024-08-28T13:06:05.777+0000][info][gc,heap        ] GC(366) Humongous regions: 5->5
[2024-08-28T13:06:05.777+0000][info][gc,metaspace   ] GC(366) Metaspace: 100K(320K)->100K(320K) NonClass: 96K(192K)->96K(192K) Class: 4K(128K)->4K(128K)
[2024-08-28T13:06:05.777+0000][info][gc             ] GC(366) Pause Young (Normal) (G1 Evacuation Pause) 935M->938M(1024M) 15.122ms
[2024-08-28T13:06:05.777+0000][info][gc,cpu         ] GC(366) User=0.35s Sys=0.00s Real=0.01s
[2024-08-28T13:06:05.798+0000][info][gc,marking     ] GC(364) Concurrent Rebuild Remembered Sets 83.092ms
[2024-08-28T13:06:05.798+0000][info][gc,start       ] GC(364) Pause Cleanup
[2024-08-28T13:06:05.800+0000][info][gc             ] GC(364) Pause Cleanup 971M->971M(1024M) 1.602ms
[2024-08-28T13:06:05.800+0000][info][gc,cpu         ] GC(364) User=0.00s Sys=0.00s Real=0.00s
[2024-08-28T13:06:05.800+0000][info][gc,marking     ] GC(364) Concurrent Cleanup for Next Mark
[2024-08-28T13:06:05.801+0000][info][gc,marking     ] GC(364) Concurrent Cleanup for Next Mark 0.839ms
[2024-08-28T13:06:05.801+0000][info][gc             ] GC(364) Concurrent Mark Cycle 117.832ms
[2024-08-28T13:06:05.804+0000][info][gc,start       ] GC(367) Pause Young (Prepare Mixed) (G1 Preventive Collection)
[2024-08-28T13:06:05.804+0000][info][gc,task        ] GC(367) Using 24 workers of 68 for evacuation
[2024-08-28T13:06:05.820+0000][info][gc             ] GC(367) To-space exhausted
[2024-08-28T13:06:05.820+0000][info][gc,phases      ] GC(367)   Pre Evacuate Collection Set: 0.2ms
[2024-08-28T13:06:05.820+0000][info][gc,phases      ] GC(367)   Merge Heap Roots: 0.6ms
[2024-08-28T13:06:05.820+0000][info][gc,phases      ] GC(367)   Evacuate Collection Set: 14.4ms
[2024-08-28T13:06:05.820+0000][info][gc,phases      ] GC(367)   Post Evacuate Collection Set: 1.0ms
[2024-08-28T13:06:05.820+0000][info][gc,phases      ] GC(367)   Other: 0.2ms
[2024-08-28T13:06:05.820+0000][info][gc,heap        ] GC(367) Eden regions: 37->0(44)
[2024-08-28T13:06:05.820+0000][info][gc,heap        ] GC(367) Survivor regions: 7->7(7)
[2024-08-28T13:06:05.820+0000][info][gc,heap        ] GC(367) Old regions: 926->1005
[2024-08-28T13:06:05.820+0000][info][gc,heap        ] GC(367) Archive regions: 2->2
[2024-08-28T13:06:05.820+0000][info][gc,heap        ] GC(367) Humongous regions: 5->5
[2024-08-28T13:06:05.820+0000][info][gc,metaspace   ] GC(367) Metaspace: 100K(320K)->100K(320K) NonClass: 96K(192K)->96K(192K) Class: 4K(128K)->4K(128K)
[2024-08-28T13:06:05.820+0000][info][gc             ] GC(367) Pause Young (Prepare Mixed) (G1 Preventive Collection) 975M->1017M(1024M) 16.495ms
[2024-08-28T13:06:05.820+0000][info][gc,cpu         ] GC(367) User=0.38s Sys=0.00s Real=0.02s
[2024-08-28T13:06:05.821+0000][info][gc,start       ] GC(368) Pause Young (Mixed) (G1 Preventive Collection)
[2024-08-28T13:06:05.821+0000][info][gc,task        ] GC(368) Using 24 workers of 68 for evacuation
[2024-08-28T13:06:05.825+0000][info][gc             ] GC(368) To-space exhausted
[2024-08-28T13:06:05.825+0000][info][gc,phases      ] GC(368)   Pre Evacuate Collection Set: 0.1ms
[2024-08-28T13:06:05.825+0000][info][gc,phases      ] GC(368)   Merge Heap Roots: 0.2ms
[2024-08-28T13:06:05.825+0000][info][gc,phases      ] GC(368)   Evacuate Collection Set: 3.0ms
[2024-08-28T13:06:05.825+0000][info][gc,phases      ] GC(368)   Post Evacuate Collection Set: 0.7ms
[2024-08-28T13:06:05.825+0000][info][gc,phases      ] GC(368)   Other: 0.1ms
[2024-08-28T13:06:05.825+0000][info][gc,heap        ] GC(368) Eden regions: 1->0(50)
[2024-08-28T13:06:05.825+0000][info][gc,heap        ] GC(368) Survivor regions: 7->1(4)
[2024-08-28T13:06:05.825+0000][info][gc,heap        ] GC(368) Old regions: 1005->1016
[2024-08-28T13:06:05.825+0000][info][gc,heap        ] GC(368) Archive regions: 2->2
[2024-08-28T13:06:05.825+0000][info][gc,heap        ] GC(368) Humongous regions: 5->5
[2024-08-28T13:06:05.825+0000][info][gc,metaspace   ] GC(368) Metaspace: 100K(320K)->100K(320K) NonClass: 96K(192K)->96K(192K) Class: 4K(128K)->4K(128K)
[2024-08-28T13:06:05.825+0000][info][gc             ] GC(368) Pause Young (Mixed) (G1 Preventive Collection) 1018M->1022M(1024M) 4.243ms
[2024-08-28T13:06:05.825+0000][info][gc,cpu         ] GC(368) User=0.08s Sys=0.00s Real=0.00s
[2024-08-28T13:06:05.825+0000][info][gc,ergo        ] Attempting full compaction
[2024-08-28T13:06:05.825+0000][info][gc,task        ] GC(369) Using 24 workers of 68 for full compaction
[2024-08-28T13:06:05.826+0000][info][gc,start       ] GC(369) Pause Full (G1 Compaction Pause)
[2024-08-28T13:06:05.826+0000][info][gc,phases,start] GC(369) Phase 1: Mark live objects
[2024-08-28T13:06:05.842+0000][info][gc,phases      ] GC(369) Phase 1: Mark live objects 15.802ms
[2024-08-28T13:06:05.842+0000][info][gc,phases,start] GC(369) Phase 2: Prepare for compaction
[2024-08-28T13:06:05.851+0000][info][gc,phases      ] GC(369) Phase 2: Prepare for compaction 8.995ms
[2024-08-28T13:06:05.851+0000][info][gc,phases,start] GC(369) Phase 3: Adjust pointers
[2024-08-28T13:06:05.869+0000][info][gc,phases      ] GC(369) Phase 3: Adjust pointers 18.702ms
[2024-08-28T13:06:05.870+0000][info][gc,phases,start] GC(369) Phase 4: Compact heap
[2024-08-28T13:06:05.901+0000][info][gc,phases      ] GC(369) Phase 4: Compact heap 31.418ms
[2024-08-28T13:06:05.902+0000][info][gc,heap        ] GC(369) Eden regions: 0->0(149)
[2024-08-28T13:06:05.902+0000][info][gc,heap        ] GC(369) Survivor regions: 1->0(4)
[2024-08-28T13:06:05.902+0000][info][gc,heap        ] GC(369) Old regions: 1016->444
[2024-08-28T13:06:05.902+0000][info][gc,heap        ] GC(369) Archive regions: 2->2
[2024-08-28T13:06:05.902+0000][info][gc,heap        ] GC(369) Humongous regions: 5->5
[2024-08-28T13:06:05.902+0000][info][gc,metaspace   ] GC(369) Metaspace: 100K(320K)->100K(320K) NonClass: 96K(192K)->96K(192K) Class: 4K(128K)->4K(128K)
[2024-08-28T13:06:05.902+0000][info][gc             ] GC(369) Pause Full (G1 Compaction Pause) 1022M->436M(1024M) 76.472ms
[2024-08-28T13:06:05.902+0000][info][gc,cpu         ] GC(369) User=1.58s Sys=0.01s Real=0.08s
[2024-08-28T13:06:05.994+0000][info][gc,start       ] GC(370) Pause Young (Normal) (G1 Evacuation Pause)
[2024-08-28T13:06:05.994+0000][info][gc,task        ] GC(370) Using 24 workers of 68 for evacuation
[2024-08-28T13:06:06.017+0000][info][gc,phases      ] GC(370)   Pre Evacuate Collection Set: 0.2ms
[2024-08-28T13:06:06.017+0000][info][gc,phases      ] GC(370)   Merge Heap Roots: 0.4ms
[2024-08-28T13:06:06.017+0000][info][gc,phases      ] GC(370)   Evacuate Collection Set: 22.3ms
[2024-08-28T13:06:06.017+0000][info][gc,phases      ] GC(370)   Post Evacuate Collection Set: 0.4ms
[2024-08-28T13:06:06.017+0000][info][gc,phases      ] GC(370)   Other: 0.2ms
[2024-08-28T13:06:06.017+0000][info][gc,heap        ] GC(370) Eden regions: 149->0(103)
[2024-08-28T13:06:06.017+0000][info][gc,heap        ] GC(370) Survivor regions: 0->19(19)
[2024-08-28T13:06:06.017+0000][info][gc,heap        ] GC(370) Old regions: 444->570
[2024-08-28T13:06:06.017+0000][info][gc,heap        ] GC(370) Archive regions: 2->2
[2024-08-28T13:06:06.017+0000][info][gc,heap        ] GC(370) Humongous regions: 5->5
[2024-08-28T13:06:06.017+0000][info][gc,metaspace   ] GC(370) Metaspace: 100K(320K)->100K(320K) NonClass: 96K(192K)->96K(192K) Class: 4K(128K)->4K(128K)
[2024-08-28T13:06:06.017+0000][info][gc             ] GC(370) Pause Young (Normal) (G1 Evacuation Pause) 585M->581M(1024M) 23.486ms
[2024-08-28T13:06:06.018+0000][info][gc,cpu         ] GC(370) User=0.54s Sys=0.00s Real=0.03s
[2024-08-28T13:06:06.078+0000][info][gc,start       ] GC(371) Pause Young (Normal) (G1 Evacuation Pause)
[2024-08-28T13:06:06.078+0000][info][gc,task        ] GC(371) Using 24 workers of 68 for evacuation
[2024-08-28T13:06:06.098+0000][info][gc,phases      ] GC(371)   Pre Evacuate Collection Set: 0.2ms
[2024-08-28T13:06:06.098+0000][info][gc,phases      ] GC(371)   Merge Heap Roots: 0.4ms
[2024-08-28T13:06:06.098+0000][info][gc,phases      ] GC(371)   Evacuate Collection Set: 19.4ms
[2024-08-28T13:06:06.098+0000][info][gc,phases      ] GC(371)   Post Evacuate Collection Set: 0.3ms
[2024-08-28T13:06:06.098+0000][info][gc,phases      ] GC(371)   Other: 0.2ms
[2024-08-28T13:06:06.098+0000][info][gc,heap        ] GC(371) Eden regions: 103->0(70)
[2024-08-28T13:06:06.098+0000][info][gc,heap        ] GC(371) Survivor regions: 19->16(16)
[2024-08-28T13:06:06.098+0000][info][gc,heap        ] GC(371) Old regions: 570->677
[2024-08-28T13:06:06.098+0000][info][gc,heap        ] GC(371) Archive regions: 2->2
[2024-08-28T13:06:06.098+0000][info][gc,heap        ] GC(371) Humongous regions: 5->5
[2024-08-28T13:06:06.098+0000][info][gc,metaspace   ] GC(371) Metaspace: 100K(320K)->100K(320K) NonClass: 96K(192K)->96K(192K) Class: 4K(128K)->4K(128K)
[2024-08-28T13:06:06.098+0000][info][gc             ] GC(371) Pause Young (Normal) (G1 Evacuation Pause) 684M->685M(1024M) 20.645ms
[2024-08-28T13:06:06.098+0000][info][gc,cpu         ] GC(371) User=0.48s Sys=0.00s Real=0.02s
[2024-08-28T13:06:06.137+0000][info][gc,start       ] GC(372) Pause Young (Concurrent Start) (G1 Evacuation Pause)
[2024-08-28T13:06:06.138+0000][info][gc,task        ] GC(372) Using 24 workers of 68 for evacuation
[2024-08-28T13:06:06.155+0000][info][gc,phases      ] GC(372)   Pre Evacuate Collection Set: 0.2ms
[2024-08-28T13:06:06.155+0000][info][gc,phases      ] GC(372)   Merge Heap Roots: 0.3ms
[2024-08-28T13:06:06.155+0000][info][gc,phases      ] GC(372)   Evacuate Collection Set: 16.5ms
[2024-08-28T13:06:06.155+0000][info][gc,phases      ] GC(372)   Post Evacuate Collection Set: 0.5ms
[2024-08-28T13:06:06.155+0000][info][gc,phases      ] GC(372)   Other: 0.6ms
[2024-08-28T13:06:06.155+0000][info][gc,heap        ] GC(372) Eden regions: 70->0(46)
[2024-08-28T13:06:06.155+0000][info][gc,heap        ] GC(372) Survivor regions: 16->11(11)
[2024-08-28T13:06:06.155+0000][info][gc,heap        ] GC(372) Old regions: 677->755
[2024-08-28T13:06:06.155+0000][info][gc,heap        ] GC(372) Archive regions: 2->2
[2024-08-28T13:06:06.155+0000][info][gc,heap        ] GC(372) Humongous regions: 5->5
[2024-08-28T13:06:06.155+0000][info][gc,metaspace   ] GC(372) Metaspace: 100K(320K)->100K(320K) NonClass: 96K(192K)->96K(192K) Class: 4K(128K)->4K(128K)
[2024-08-28T13:06:06.156+0000][info][gc             ] GC(372) Pause Young (Concurrent Start) (G1 Evacuation Pause) 755M->758M(1024M) 18.078ms
[2024-08-28T13:06:06.156+0000][info][gc,cpu         ] GC(372) User=0.40s Sys=0.00s Real=0.02s
[2024-08-28T13:06:06.156+0000][info][gc             ] GC(373) Concurrent Mark Cycle
[2024-08-28T13:06:06.156+0000][info][gc,marking     ] GC(373) Concurrent Clear Claimed Marks
[2024-08-28T13:06:06.156+0000][info][gc,marking     ] GC(373) Concurrent Clear Claimed Marks 0.012ms
[2024-08-28T13:06:06.156+0000][info][gc,marking     ] GC(373) Concurrent Scan Root Regions
[2024-08-28T13:06:06.158+0000][info][gc,marking     ] GC(373) Concurrent Scan Root Regions 2.812ms
[2024-08-28T13:06:06.158+0000][info][gc,marking     ] GC(373) Concurrent Mark
[2024-08-28T13:06:06.158+0000][info][gc,marking     ] GC(373) Concurrent Mark From Roots
[2024-08-28T13:06:06.158+0000][info][gc,task        ] GC(373) Using 17 workers of 17 for marking
[2024-08-28T13:06:06.183+0000][info][gc,marking     ] GC(373) Concurrent Mark From Roots 24.053ms
[2024-08-28T13:06:06.183+0000][info][gc,marking     ] GC(373) Concurrent Preclean
[2024-08-28T13:06:06.184+0000][info][gc,marking     ] GC(373) Concurrent Preclean 0.911ms
[2024-08-28T13:06:06.184+0000][info][gc,start       ] GC(373) Pause Remark
[2024-08-28T13:06:06.186+0000][info][gc             ] GC(373) Pause Remark 791M->791M(1024M) 1.950ms
[2024-08-28T13:06:06.186+0000][info][gc,cpu         ] GC(373) User=0.02s Sys=0.00s Real=0.00s
[2024-08-28T13:06:06.186+0000][info][gc,marking     ] GC(373) Concurrent Mark 27.530ms
[2024-08-28T13:06:06.186+0000][info][gc,marking     ] GC(373) Concurrent Rebuild Remembered Sets
[2024-08-28T13:06:06.194+0000][info][gc,start       ] GC(374) Pause Young (Normal) (G1 Evacuation Pause)
[2024-08-28T13:06:06.195+0000][info][gc,task        ] GC(374) Using 24 workers of 68 for evacuation
[2024-08-28T13:06:06.207+0000][info][gc,phases      ] GC(374)   Pre Evacuate Collection Set: 0.2ms
[2024-08-28T13:06:06.207+0000][info][gc,phases      ] GC(374)   Merge Heap Roots: 0.4ms
[2024-08-28T13:06:06.207+0000][info][gc,phases      ] GC(374)   Evacuate Collection Set: 11.5ms
[2024-08-28T13:06:06.207+0000][info][gc,phases      ] GC(374)   Post Evacuate Collection Set: 0.5ms
[2024-08-28T13:06:06.207+0000][info][gc,phases      ] GC(374)   Other: 0.2ms
[2024-08-28T13:06:06.207+0000][info][gc,heap        ] GC(374) Eden regions: 46->0(43)
[2024-08-28T13:06:06.207+0000][info][gc,heap        ] GC(374) Survivor regions: 11->8(8)
[2024-08-28T13:06:06.207+0000][info][gc,heap        ] GC(374) Old regions: 755->808
[2024-08-28T13:06:06.207+0000][info][gc,heap        ] GC(374) Archive regions: 2->2
[2024-08-28T13:06:06.207+0000][info][gc,heap        ] GC(374) Humongous regions: 5->5
[2024-08-28T13:06:06.207+0000][info][gc,metaspace   ] GC(374) Metaspace: 100K(320K)->100K(320K) NonClass: 96K(192K)->96K(192K) Class: 4K(128K)->4K(128K)
[2024-08-28T13:06:06.207+0000][info][gc             ] GC(374) Pause Young (Normal) (G1 Evacuation Pause) 804M->808M(1024M) 12.937ms
[2024-08-28T13:06:06.207+0000][info][gc,cpu         ] GC(374) User=0.28s Sys=0.00s Real=0.01s
[2024-08-28T13:06:06.234+0000][info][gc,start       ] GC(375) Pause Young (Normal) (G1 Evacuation Pause)
[2024-08-28T13:06:06.235+0000][info][gc,task        ] GC(375) Using 24 workers of 68 for evacuation
[2024-08-28T13:06:06.251+0000][info][gc,phases      ] GC(375)   Pre Evacuate Collection Set: 0.2ms
[2024-08-28T13:06:06.251+0000][info][gc,phases      ] GC(375)   Merge Heap Roots: 0.3ms
[2024-08-28T13:06:06.251+0000][info][gc,phases      ] GC(375)   Evacuate Collection Set: 14.8ms
[2024-08-28T13:06:06.251+0000][info][gc,phases      ] GC(375)   Post Evacuate Collection Set: 0.5ms
[2024-08-28T13:06:06.251+0000][info][gc,phases      ] GC(375)   Other: 0.3ms
[2024-08-28T13:06:06.251+0000][info][gc,heap        ] GC(375) Eden regions: 43->0(44)
[2024-08-28T13:06:06.251+0000][info][gc,heap        ] GC(375) Survivor regions: 8->7(7)
[2024-08-28T13:06:06.251+0000][info][gc,heap        ] GC(375) Old regions: 808->856
[2024-08-28T13:06:06.251+0000][info][gc,heap        ] GC(375) Archive regions: 2->2
[2024-08-28T13:06:06.251+0000][info][gc,heap        ] GC(375) Humongous regions: 5->5
[2024-08-28T13:06:06.251+0000][info][gc,metaspace   ] GC(375) Metaspace: 100K(320K)->100K(320K) NonClass: 96K(192K)->96K(192K) Class: 4K(128K)->4K(128K)
[2024-08-28T13:06:06.251+0000][info][gc             ] GC(375) Pause Young (Normal) (G1 Evacuation Pause) 851M->855M(1024M) 16.213ms
[2024-08-28T13:06:06.251+0000][info][gc,cpu         ] GC(375) User=0.37s Sys=0.00s Real=0.02s
[2024-08-28T13:06:06.268+0000][info][gc,marking     ] GC(373) Concurrent Rebuild Remembered Sets 82.046ms
[2024-08-28T13:06:06.268+0000][info][gc,start       ] GC(373) Pause Cleanup
[2024-08-28T13:06:06.270+0000][info][gc             ] GC(373) Pause Cleanup 883M->883M(1024M) 1.374ms
[2024-08-28T13:06:06.270+0000][info][gc,cpu         ] GC(373) User=0.01s Sys=0.00s Real=0.01s
[2024-08-28T13:06:06.270+0000][info][gc,marking     ] GC(373) Concurrent Cleanup for Next Mark
[2024-08-28T13:06:06.271+0000][info][gc,marking     ] GC(373) Concurrent Cleanup for Next Mark 1.389ms
[2024-08-28T13:06:06.271+0000][info][gc             ] GC(373) Concurrent Mark Cycle 115.678ms
[2024-08-28T13:06:06.280+0000][info][gc,start       ] GC(376) Pause Young (Prepare Mixed) (G1 Evacuation Pause)
[2024-08-28T13:06:06.280+0000][info][gc,task        ] GC(376) Using 24 workers of 68 for evacuation
[2024-08-28T13:06:06.298+0000][info][gc,phases      ] GC(376)   Pre Evacuate Collection Set: 0.2ms
[2024-08-28T13:06:06.298+0000][info][gc,phases      ] GC(376)   Merge Heap Roots: 0.6ms
[2024-08-28T13:06:06.298+0000][info][gc,phases      ] GC(376)   Evacuate Collection Set: 16.3ms
[2024-08-28T13:06:06.298+0000][info][gc,phases      ] GC(376)   Post Evacuate Collection Set: 0.3ms
[2024-08-28T13:06:06.298+0000][info][gc,phases      ] GC(376)   Other: 0.2ms
[2024-08-28T13:06:06.298+0000][info][gc,heap        ] GC(376) Eden regions: 44->0(44)
[2024-08-28T13:06:06.298+0000][info][gc,heap        ] GC(376) Survivor regions: 7->7(7)
[2024-08-28T13:06:06.298+0000][info][gc,heap        ] GC(376) Old regions: 856->904
[2024-08-28T13:06:06.298+0000][info][gc,heap        ] GC(376) Archive regions: 2->2
[2024-08-28T13:06:06.298+0000][info][gc,heap        ] GC(376) Humongous regions: 5->5
[2024-08-28T13:06:06.298+0000][info][gc,metaspace   ] GC(376) Metaspace: 100K(320K)->100K(320K) NonClass: 96K(192K)->96K(192K) Class: 4K(128K)->4K(128K)
[2024-08-28T13:06:06.298+0000][info][gc             ] GC(376) Pause Young (Prepare Mixed) (G1 Evacuation Pause) 899M->903M(1024M) 17.704ms
[2024-08-28T13:06:06.298+0000][info][gc,cpu         ] GC(376) User=0.41s Sys=0.00s Real=0.02s
[2024-08-28T13:06:06.325+0000][info][gc,start       ] GC(377) Pause Young (Mixed) (G1 Evacuation Pause)
[2024-08-28T13:06:06.325+0000][info][gc,task        ] GC(377) Using 24 workers of 68 for evacuation
[2024-08-28T13:06:06.337+0000][info][gc,phases      ] GC(377)   Pre Evacuate Collection Set: 0.2ms
[2024-08-28T13:06:06.337+0000][info][gc,phases      ] GC(377)   Merge Heap Roots: 0.4ms
[2024-08-28T13:06:06.337+0000][info][gc,phases      ] GC(377)   Evacuate Collection Set: 11.1ms
[2024-08-28T13:06:06.337+0000][info][gc,phases      ] GC(377)   Post Evacuate Collection Set: 0.4ms
[2024-08-28T13:06:06.337+0000][info][gc,phases      ] GC(377)   Other: 0.2ms
[2024-08-28T13:06:06.337+0000][info][gc,heap        ] GC(377) Eden regions: 44->0(44)
[2024-08-28T13:06:06.337+0000][info][gc,heap        ] GC(377) Survivor regions: 7->7(7)
[2024-08-28T13:06:06.337+0000][info][gc,heap        ] GC(377) Old regions: 904->849
[2024-08-28T13:06:06.337+0000][info][gc,heap        ] GC(377) Archive regions: 2->2
[2024-08-28T13:06:06.337+0000][info][gc,heap        ] GC(377) Humongous regions: 5->5
[2024-08-28T13:06:06.337+0000][info][gc,metaspace   ] GC(377) Metaspace: 100K(320K)->100K(320K) NonClass: 96K(192K)->96K(192K) Class: 4K(128K)->4K(128K)
[2024-08-28T13:06:06.337+0000][info][gc             ] GC(377) Pause Young (Mixed) (G1 Evacuation Pause) 947M->855M(1024M) 12.352ms
[2024-08-28T13:06:06.337+0000][info][gc,cpu         ] GC(377) User=0.27s Sys=0.00s Real=0.01s
[2024-08-28T13:06:06.362+0000][info][gc,start       ] GC(378) Pause Young (Mixed) (G1 Evacuation Pause)
[2024-08-28T13:06:06.362+0000][info][gc,task        ] GC(378) Using 24 workers of 68 for evacuation
[2024-08-28T13:06:06.374+0000][info][gc,phases      ] GC(378)   Pre Evacuate Collection Set: 0.2ms
[2024-08-28T13:06:06.374+0000][info][gc,phases      ] GC(378)   Merge Heap Roots: 0.5ms
[2024-08-28T13:06:06.374+0000][info][gc,phases      ] GC(378)   Evacuate Collection Set: 11.1ms
[2024-08-28T13:06:06.374+0000][info][gc,phases      ] GC(378)   Post Evacuate Collection Set: 0.4ms
[2024-08-28T13:06:06.374+0000][info][gc,phases      ] GC(378)   Other: 0.3ms
[2024-08-28T13:06:06.374+0000][info][gc,heap        ] GC(378) Eden regions: 44->0(44)
[2024-08-28T13:06:06.374+0000][info][gc,heap        ] GC(378) Survivor regions: 7->7(7)
[2024-08-28T13:06:06.374+0000][info][gc,heap        ] GC(378) Old regions: 849->793
[2024-08-28T13:06:06.374+0000][info][gc,heap        ] GC(378) Archive regions: 2->2
[2024-08-28T13:06:06.374+0000][info][gc,heap        ] GC(378) Humongous regions: 5->5
[2024-08-28T13:06:06.374+0000][info][gc,metaspace   ] GC(378) Metaspace: 100K(320K)->100K(320K) NonClass: 96K(192K)->96K(192K) Class: 4K(128K)->4K(128K)
[2024-08-28T13:06:06.375+0000][info][gc             ] GC(378) Pause Young (Mixed) (G1 Evacuation Pause) 899M->800M(1024M) 12.517ms
[2024-08-28T13:06:06.375+0000][info][gc,cpu         ] GC(378) User=0.28s Sys=0.00s Real=0.01s
[2024-08-28T13:06:06.399+0000][info][gc,start       ] GC(379) Pause Young (Mixed) (G1 Evacuation Pause)
[2024-08-28T13:06:06.399+0000][info][gc,task        ] GC(379) Using 24 workers of 68 for evacuation
[2024-08-28T13:06:06.411+0000][info][gc,phases      ] GC(379)   Pre Evacuate Collection Set: 0.2ms
[2024-08-28T13:06:06.412+0000][info][gc,phases      ] GC(379)   Merge Heap Roots: 0.5ms
[2024-08-28T13:06:06.412+0000][info][gc,phases      ] GC(379)   Evacuate Collection Set: 11.0ms
[2024-08-28T13:06:06.412+0000][info][gc,phases      ] GC(379)   Post Evacuate Collection Set: 0.4ms
[2024-08-28T13:06:06.412+0000][info][gc,phases      ] GC(379)   Other: 0.3ms
[2024-08-28T13:06:06.412+0000][info][gc,heap        ] GC(379) Eden regions: 44->0(44)
[2024-08-28T13:06:06.412+0000][info][gc,heap        ] GC(379) Survivor regions: 7->7(7)
[2024-08-28T13:06:06.412+0000][info][gc,heap        ] GC(379) Old regions: 793->775
[2024-08-28T13:06:06.412+0000][info][gc,heap        ] GC(379) Archive regions: 2->2
[2024-08-28T13:06:06.412+0000][info][gc,heap        ] GC(379) Humongous regions: 5->5
[2024-08-28T13:06:06.412+0000][info][gc,metaspace   ] GC(379) Metaspace: 100K(320K)->100K(320K) NonClass: 96K(192K)->96K(192K) Class: 4K(128K)->4K(128K)
[2024-08-28T13:06:06.412+0000][info][gc             ] GC(379) Pause Young (Mixed) (G1 Evacuation Pause) 844M->784M(1024M) 12.466ms
[2024-08-28T13:06:06.412+0000][info][gc,cpu         ] GC(379) User=0.28s Sys=0.00s Real=0.01s
[2024-08-28T13:06:06.437+0000][info][gc,start       ] GC(380) Pause Young (Concurrent Start) (G1 Evacuation Pause)
[2024-08-28T13:06:06.437+0000][info][gc,task        ] GC(380) Using 24 workers of 68 for evacuation
[2024-08-28T13:06:06.449+0000][info][gc,phases      ] GC(380)   Pre Evacuate Collection Set: 0.2ms
[2024-08-28T13:06:06.449+0000][info][gc,phases      ] GC(380)   Merge Heap Roots: 0.4ms
[2024-08-28T13:06:06.449+0000][info][gc,phases      ] GC(380)   Evacuate Collection Set: 9.8ms
[2024-08-28T13:06:06.449+0000][info][gc,phases      ] GC(380)   Post Evacuate Collection Set: 0.3ms
[2024-08-28T13:06:06.449+0000][info][gc,phases      ] GC(380)   Other: 0.7ms
[2024-08-28T13:06:06.449+0000][info][gc,heap        ] GC(380) Eden regions: 44->0(44)
[2024-08-28T13:06:06.449+0000][info][gc,heap        ] GC(380) Survivor regions: 7->7(7)
[2024-08-28T13:06:06.449+0000][info][gc,heap        ] GC(380) Old regions: 775->822
[2024-08-28T13:06:06.449+0000][info][gc,heap        ] GC(380) Archive regions: 2->2
[2024-08-28T13:06:06.449+0000][info][gc,heap        ] GC(380) Humongous regions: 5->5
[2024-08-28T13:06:06.449+0000][info][gc,metaspace   ] GC(380) Metaspace: 100K(320K)->100K(320K) NonClass: 96K(192K)->96K(192K) Class: 4K(128K)->4K(128K)
[2024-08-28T13:06:06.449+0000][info][gc             ] GC(380) Pause Young (Concurrent Start) (G1 Evacuation Pause) 828M->831M(1024M) 11.608ms
[2024-08-28T13:06:06.449+0000][info][gc,cpu         ] GC(380) User=0.25s Sys=0.00s Real=0.01s
[2024-08-28T13:06:06.449+0000][info][gc             ] GC(381) Concurrent Mark Cycle
[2024-08-28T13:06:06.449+0000][info][gc,marking     ] GC(381) Concurrent Clear Claimed Marks
[2024-08-28T13:06:06.449+0000][info][gc,marking     ] GC(381) Concurrent Clear Claimed Marks 0.010ms
[2024-08-28T13:06:06.449+0000][info][gc,marking     ] GC(381) Concurrent Scan Root Regions
[2024-08-28T13:06:06.451+0000][info][gc,marking     ] GC(381) Concurrent Scan Root Regions 1.762ms
[2024-08-28T13:06:06.451+0000][info][gc,marking     ] GC(381) Concurrent Mark
[2024-08-28T13:06:06.451+0000][info][gc,marking     ] GC(381) Concurrent Mark From Roots
[2024-08-28T13:06:06.451+0000][info][gc,task        ] GC(381) Using 17 workers of 17 for marking
[2024-08-28T13:06:06.477+0000][info][gc,marking     ] GC(381) Concurrent Mark From Roots 26.520ms
[2024-08-28T13:06:06.477+0000][info][gc,marking     ] GC(381) Concurrent Preclean
[2024-08-28T13:06:06.478+0000][info][gc,marking     ] GC(381) Concurrent Preclean 0.972ms
[2024-08-28T13:06:06.479+0000][info][gc,start       ] GC(381) Pause Remark
[2024-08-28T13:06:06.480+0000][info][gc             ] GC(381) Pause Remark 867M->867M(1024M) 1.524ms
[2024-08-28T13:06:06.480+0000][info][gc,cpu         ] GC(381) User=0.01s Sys=0.00s Real=0.00s
[2024-08-28T13:06:06.480+0000][info][gc,marking     ] GC(381) Concurrent Mark 29.703ms
[2024-08-28T13:06:06.480+0000][info][gc,marking     ] GC(381) Concurrent Rebuild Remembered Sets
[2024-08-28T13:06:06.486+0000][info][gc,start       ] GC(382) Pause Young (Normal) (G1 Evacuation Pause)
[2024-08-28T13:06:06.486+0000][info][gc,task        ] GC(382) Using 24 workers of 68 for evacuation
[2024-08-28T13:06:06.497+0000][info][gc,phases      ] GC(382)   Pre Evacuate Collection Set: 0.2ms
[2024-08-28T13:06:06.497+0000][info][gc,phases      ] GC(382)   Merge Heap Roots: 0.3ms
[2024-08-28T13:06:06.497+0000][info][gc,phases      ] GC(382)   Evacuate Collection Set: 9.9ms
[2024-08-28T13:06:06.497+0000][info][gc,phases      ] GC(382)   Post Evacuate Collection Set: 0.5ms
[2024-08-28T13:06:06.497+0000][info][gc,phases      ] GC(382)   Other: 0.2ms
[2024-08-28T13:06:06.497+0000][info][gc,heap        ] GC(382) Eden regions: 44->0(44)
[2024-08-28T13:06:06.497+0000][info][gc,heap        ] GC(382) Survivor regions: 7->7(7)
[2024-08-28T13:06:06.497+0000][info][gc,heap        ] GC(382) Old regions: 822->869
[2024-08-28T13:06:06.497+0000][info][gc,heap        ] GC(382) Archive regions: 2->2
[2024-08-28T13:06:06.497+0000][info][gc,heap        ] GC(382) Humongous regions: 5->5
[2024-08-28T13:06:06.497+0000][info][gc,metaspace   ] GC(382) Metaspace: 100K(320K)->100K(320K) NonClass: 96K(192K)->96K(192K) Class: 4K(128K)->4K(128K)
[2024-08-28T13:06:06.497+0000][info][gc             ] GC(382) Pause Young (Normal) (G1 Evacuation Pause) 875M->878M(1024M) 11.036ms
[2024-08-28T13:06:06.497+0000][info][gc,cpu         ] GC(382) User=0.25s Sys=0.01s Real=0.01s
[2024-08-28T13:06:06.525+0000][info][gc,start       ] GC(383) Pause Young (Normal) (G1 Evacuation Pause)
[2024-08-28T13:06:06.525+0000][info][gc,task        ] GC(383) Using 24 workers of 68 for evacuation
[2024-08-28T13:06:06.541+0000][info][gc,phases      ] GC(383)   Pre Evacuate Collection Set: 0.2ms
[2024-08-28T13:06:06.541+0000][info][gc,phases      ] GC(383)   Merge Heap Roots: 0.5ms
[2024-08-28T13:06:06.541+0000][info][gc,phases      ] GC(383)   Evacuate Collection Set: 14.1ms
[2024-08-28T13:06:06.541+0000][info][gc,phases      ] GC(383)   Post Evacuate Collection Set: 0.5ms
[2024-08-28T13:06:06.541+0000][info][gc,phases      ] GC(383)   Other: 0.2ms
[2024-08-28T13:06:06.541+0000][info][gc,heap        ] GC(383) Eden regions: 44->0(44)
[2024-08-28T13:06:06.541+0000][info][gc,heap        ] GC(383) Survivor regions: 7->7(7)
[2024-08-28T13:06:06.541+0000][info][gc,heap        ] GC(383) Old regions: 869->916
[2024-08-28T13:06:06.541+0000][info][gc,heap        ] GC(383) Archive regions: 2->2
[2024-08-28T13:06:06.541+0000][info][gc,heap        ] GC(383) Humongous regions: 5->5
[2024-08-28T13:06:06.541+0000][info][gc,metaspace   ] GC(383) Metaspace: 100K(320K)->100K(320K) NonClass: 96K(192K)->96K(192K) Class: 4K(128K)->4K(128K)
[2024-08-28T13:06:06.541+0000][info][gc             ] GC(383) Pause Young (Normal) (G1 Evacuation Pause) 922M->925M(1024M) 15.576ms
[2024-08-28T13:06:06.541+0000][info][gc,cpu         ] GC(383) User=0.35s Sys=0.00s Real=0.02s
[2024-08-28T13:06:06.562+0000][info][gc,marking     ] GC(381) Concurrent Rebuild Remembered Sets 81.808ms
[2024-08-28T13:06:06.563+0000][info][gc,start       ] GC(381) Pause Cleanup
[2024-08-28T13:06:06.564+0000][info][gc             ] GC(381) Pause Cleanup 959M->959M(1024M) 1.637ms
[2024-08-28T13:06:06.564+0000][info][gc,cpu         ] GC(381) User=0.00s Sys=0.00s Real=0.00s
[2024-08-28T13:06:06.564+0000][info][gc,marking     ] GC(381) Concurrent Cleanup for Next Mark
[2024-08-28T13:06:06.565+0000][info][gc,marking     ] GC(381) Concurrent Cleanup for Next Mark 1.076ms
[2024-08-28T13:06:06.565+0000][info][gc             ] GC(381) Concurrent Mark Cycle 116.477ms
[2024-08-28T13:06:06.570+0000][info][gc,start       ] GC(384) Pause Young (Prepare Mixed) (G1 Preventive Collection)
[2024-08-28T13:06:06.570+0000][info][gc,task        ] GC(384) Using 24 workers of 68 for evacuation
[2024-08-28T13:06:06.586+0000][info][gc,phases      ] GC(384)   Pre Evacuate Collection Set: 0.2ms
[2024-08-28T13:06:06.586+0000][info][gc,phases      ] GC(384)   Merge Heap Roots: 0.6ms
[2024-08-28T13:06:06.586+0000][info][gc,phases      ] GC(384)   Evacuate Collection Set: 15.0ms
[2024-08-28T13:06:06.586+0000][info][gc,phases      ] GC(384)   Post Evacuate Collection Set: 0.3ms
[2024-08-28T13:06:06.586+0000][info][gc,phases      ] GC(384)   Other: 0.2ms
[2024-08-28T13:06:06.586+0000][info][gc,heap        ] GC(384) Eden regions: 41->0(44)
[2024-08-28T13:06:06.586+0000][info][gc,heap        ] GC(384) Survivor regions: 7->7(7)
[2024-08-28T13:06:06.586+0000][info][gc,heap        ] GC(384) Old regions: 916->960
[2024-08-28T13:06:06.586+0000][info][gc,heap        ] GC(384) Archive regions: 2->2
[2024-08-28T13:06:06.586+0000][info][gc,heap        ] GC(384) Humongous regions: 5->5
[2024-08-28T13:06:06.586+0000][info][gc,metaspace   ] GC(384) Metaspace: 100K(320K)->100K(320K) NonClass: 96K(192K)->96K(192K) Class: 4K(128K)->4K(128K)
[2024-08-28T13:06:06.586+0000][info][gc             ] GC(384) Pause Young (Prepare Mixed) (G1 Preventive Collection) 966M->969M(1024M) 16.305ms
[2024-08-28T13:06:06.586+0000][info][gc,cpu         ] GC(384) User=0.38s Sys=0.00s Real=0.01s
[2024-08-28T13:06:06.598+0000][info][gc,start       ] GC(385) Pause Young (Mixed) (G1 Preventive Collection)
[2024-08-28T13:06:06.598+0000][info][gc,task        ] GC(385) Using 24 workers of 68 for evacuation
[2024-08-28T13:06:06.606+0000][info][gc             ] GC(385) To-space exhausted
[2024-08-28T13:06:06.606+0000][info][gc,phases      ] GC(385)   Pre Evacuate Collection Set: 0.2ms
[2024-08-28T13:06:06.606+0000][info][gc,phases      ] GC(385)   Merge Heap Roots: 0.2ms
[2024-08-28T13:06:06.606+0000][info][gc,phases      ] GC(385)   Evacuate Collection Set: 7.0ms
[2024-08-28T13:06:06.606+0000][info][gc,phases      ] GC(385)   Post Evacuate Collection Set: 0.6ms
[2024-08-28T13:06:06.606+0000][info][gc,phases      ] GC(385)   Other: 0.2ms
[2024-08-28T13:06:06.606+0000][info][gc,heap        ] GC(385) Eden regions: 20->0(44)
[2024-08-28T13:06:06.606+0000][info][gc,heap        ] GC(385) Survivor regions: 7->7(7)
[2024-08-28T13:06:06.606+0000][info][gc,heap        ] GC(385) Old regions: 960->885
[2024-08-28T13:06:06.606+0000][info][gc,heap        ] GC(385) Archive regions: 2->2
[2024-08-28T13:06:06.606+0000][info][gc,heap        ] GC(385) Humongous regions: 5->5
[2024-08-28T13:06:06.606+0000][info][gc,metaspace   ] GC(385) Metaspace: 100K(320K)->100K(320K) NonClass: 96K(192K)->96K(192K) Class: 4K(128K)->4K(128K)
[2024-08-28T13:06:06.606+0000][info][gc             ] GC(385) Pause Young (Mixed) (G1 Preventive Collection) 989M->897M(1024M) 8.256ms
[2024-08-28T13:06:06.606+0000][info][gc,cpu         ] GC(385) User=0.18s Sys=0.00s Real=0.00s
[2024-08-28T13:06:06.630+0000][info][gc,start       ] GC(386) Pause Young (Mixed) (G1 Evacuation Pause)
[2024-08-28T13:06:06.630+0000][info][gc,task        ] GC(386) Using 24 workers of 68 for evacuation
[2024-08-28T13:06:06.642+0000][info][gc,phases      ] GC(386)   Pre Evacuate Collection Set: 0.2ms
[2024-08-28T13:06:06.642+0000][info][gc,phases      ] GC(386)   Merge Heap Roots: 0.4ms
[2024-08-28T13:06:06.642+0000][info][gc,phases      ] GC(386)   Evacuate Collection Set: 10.5ms
[2024-08-28T13:06:06.642+0000][info][gc,phases      ] GC(386)   Post Evacuate Collection Set: 0.4ms
[2024-08-28T13:06:06.642+0000][info][gc,phases      ] GC(386)   Other: 0.2ms
[2024-08-28T13:06:06.642+0000][info][gc,heap        ] GC(386) Eden regions: 44->0(44)
[2024-08-28T13:06:06.642+0000][info][gc,heap        ] GC(386) Survivor regions: 7->7(7)
[2024-08-28T13:06:06.642+0000][info][gc,heap        ] GC(386) Old regions: 885->828
[2024-08-28T13:06:06.642+0000][info][gc,heap        ] GC(386) Archive regions: 2->2
[2024-08-28T13:06:06.642+0000][info][gc,heap        ] GC(386) Humongous regions: 5->5
[2024-08-28T13:06:06.642+0000][info][gc,metaspace   ] GC(386) Metaspace: 100K(320K)->100K(320K) NonClass: 96K(192K)->96K(192K) Class: 4K(128K)->4K(128K)
[2024-08-28T13:06:06.642+0000][info][gc             ] GC(386) Pause Young (Mixed) (G1 Evacuation Pause) 941M->840M(1024M) 11.833ms
[2024-08-28T13:06:06.642+0000][info][gc,cpu         ] GC(386) User=0.26s Sys=0.00s Real=0.01s
[2024-08-28T13:06:06.666+0000][info][gc,start       ] GC(387) Pause Young (Mixed) (G1 Evacuation Pause)
[2024-08-28T13:06:06.666+0000][info][gc,task        ] GC(387) Using 24 workers of 68 for evacuation
[2024-08-28T13:06:06.678+0000][info][gc,phases      ] GC(387)   Pre Evacuate Collection Set: 0.2ms
[2024-08-28T13:06:06.678+0000][info][gc,phases      ] GC(387)   Merge Heap Roots: 0.3ms
[2024-08-28T13:06:06.678+0000][info][gc,phases      ] GC(387)   Evacuate Collection Set: 10.9ms
[2024-08-28T13:06:06.678+0000][info][gc,phases      ] GC(387)   Post Evacuate Collection Set: 0.4ms
[2024-08-28T13:06:06.678+0000][info][gc,phases      ] GC(387)   Other: 0.2ms
[2024-08-28T13:06:06.678+0000][info][gc,heap        ] GC(387) Eden regions: 44->0(44)
[2024-08-28T13:06:06.678+0000][info][gc,heap        ] GC(387) Survivor regions: 7->7(7)
[2024-08-28T13:06:06.678+0000][info][gc,heap        ] GC(387) Old regions: 828->773
[2024-08-28T13:06:06.678+0000][info][gc,heap        ] GC(387) Archive regions: 2->2
[2024-08-28T13:06:06.678+0000][info][gc,heap        ] GC(387) Humongous regions: 5->5
[2024-08-28T13:06:06.678+0000][info][gc,metaspace   ] GC(387) Metaspace: 100K(320K)->100K(320K) NonClass: 96K(192K)->96K(192K) Class: 4K(128K)->4K(128K)
[2024-08-28T13:06:06.678+0000][info][gc             ] GC(387) Pause Young (Mixed) (G1 Evacuation Pause) 884M->785M(1024M) 12.031ms
[2024-08-28T13:06:06.678+0000][info][gc,cpu         ] GC(387) User=0.27s Sys=0.01s Real=0.02s
[2024-08-28T13:06:06.701+0000][info][gc,start       ] GC(388) Pause Young (Mixed) (G1 Evacuation Pause)
[2024-08-28T13:06:06.702+0000][info][gc,task        ] GC(388) Using 24 workers of 68 for evacuation
[2024-08-28T13:06:06.714+0000][info][gc,phases      ] GC(388)   Pre Evacuate Collection Set: 0.2ms
[2024-08-28T13:06:06.714+0000][info][gc,phases      ] GC(388)   Merge Heap Roots: 0.3ms
[2024-08-28T13:06:06.714+0000][info][gc,phases      ] GC(388)   Evacuate Collection Set: 11.6ms
[2024-08-28T13:06:06.714+0000][info][gc,phases      ] GC(388)   Post Evacuate Collection Set: 0.4ms
[2024-08-28T13:06:06.714+0000][info][gc,phases      ] GC(388)   Other: 0.2ms
[2024-08-28T13:06:06.714+0000][info][gc,heap        ] GC(388) Eden regions: 44->0(44)
[2024-08-28T13:06:06.714+0000][info][gc,heap        ] GC(388) Survivor regions: 7->7(7)
[2024-08-28T13:06:06.714+0000][info][gc,heap        ] GC(388) Old regions: 773->793
[2024-08-28T13:06:06.714+0000][info][gc,heap        ] GC(388) Archive regions: 2->2
[2024-08-28T13:06:06.714+0000][info][gc,heap        ] GC(388) Humongous regions: 5->5
[2024-08-28T13:06:06.714+0000][info][gc,metaspace   ] GC(388) Metaspace: 100K(320K)->100K(320K) NonClass: 96K(192K)->96K(192K) Class: 4K(128K)->4K(128K)
[2024-08-28T13:06:06.714+0000][info][gc             ] GC(388) Pause Young (Mixed) (G1 Evacuation Pause) 829M->805M(1024M) 12.820ms
[2024-08-28T13:06:06.714+0000][info][gc,cpu         ] GC(388) User=0.29s Sys=0.00s Real=0.01s
[2024-08-28T13:06:06.739+0000][info][gc,start       ] GC(389) Pause Young (Concurrent Start) (G1 Evacuation Pause)
[2024-08-28T13:06:06.739+0000][info][gc,task        ] GC(389) Using 24 workers of 68 for evacuation
[2024-08-28T13:06:06.750+0000][info][gc,phases      ] GC(389)   Pre Evacuate Collection Set: 0.2ms
[2024-08-28T13:06:06.751+0000][info][gc,phases      ] GC(389)   Merge Heap Roots: 0.4ms
[2024-08-28T13:06:06.751+0000][info][gc,phases      ] GC(389)   Evacuate Collection Set: 10.4ms
[2024-08-28T13:06:06.751+0000][info][gc,phases      ] GC(389)   Post Evacuate Collection Set: 0.4ms
[2024-08-28T13:06:06.751+0000][info][gc,phases      ] GC(389)   Other: 0.6ms
[2024-08-28T13:06:06.751+0000][info][gc,heap        ] GC(389) Eden regions: 44->0(44)
[2024-08-28T13:06:06.751+0000][info][gc,heap        ] GC(389) Survivor regions: 7->7(7)
[2024-08-28T13:06:06.751+0000][info][gc,heap        ] GC(389) Old regions: 793->839
[2024-08-28T13:06:06.751+0000][info][gc,heap        ] GC(389) Archive regions: 2->2
[2024-08-28T13:06:06.751+0000][info][gc,heap        ] GC(389) Humongous regions: 5->5
[2024-08-28T13:06:06.751+0000][info][gc,metaspace   ] GC(389) Metaspace: 100K(320K)->100K(320K) NonClass: 96K(192K)->96K(192K) Class: 4K(128K)->4K(128K)
[2024-08-28T13:06:06.751+0000][info][gc             ] GC(389) Pause Young (Concurrent Start) (G1 Evacuation Pause) 849M->851M(1024M) 11.990ms
[2024-08-28T13:06:06.751+0000][info][gc,cpu         ] GC(389) User=0.26s Sys=0.00s Real=0.01s
[2024-08-28T13:06:06.751+0000][info][gc             ] GC(390) Concurrent Mark Cycle
[2024-08-28T13:06:06.751+0000][info][gc,marking     ] GC(390) Concurrent Clear Claimed Marks
[2024-08-28T13:06:06.751+0000][info][gc,marking     ] GC(390) Concurrent Clear Claimed Marks 0.012ms
[2024-08-28T13:06:06.751+0000][info][gc,marking     ] GC(390) Concurrent Scan Root Regions
[2024-08-28T13:06:06.753+0000][info][gc,marking     ] GC(390) Concurrent Scan Root Regions 1.764ms
[2024-08-28T13:06:06.753+0000][info][gc,marking     ] GC(390) Concurrent Mark
[2024-08-28T13:06:06.753+0000][info][gc,marking     ] GC(390) Concurrent Mark From Roots
[2024-08-28T13:06:06.753+0000][info][gc,task        ] GC(390) Using 17 workers of 17 for marking
[2024-08-28T13:06:06.779+0000][info][gc,marking     ] GC(390) Concurrent Mark From Roots 26.448ms
[2024-08-28T13:06:06.779+0000][info][gc,marking     ] GC(390) Concurrent Preclean
[2024-08-28T13:06:06.780+0000][info][gc,marking     ] GC(390) Concurrent Preclean 0.501ms
[2024-08-28T13:06:06.780+0000][info][gc,start       ] GC(390) Pause Remark
[2024-08-28T13:06:06.781+0000][info][gc             ] GC(390) Pause Remark 887M->886M(1024M) 1.336ms
[2024-08-28T13:06:06.781+0000][info][gc,cpu         ] GC(390) User=0.01s Sys=0.00s Real=0.00s
[2024-08-28T13:06:06.781+0000][info][gc,marking     ] GC(390) Concurrent Mark 28.745ms
[2024-08-28T13:06:06.781+0000][info][gc,marking     ] GC(390) Concurrent Rebuild Remembered Sets
[2024-08-28T13:06:06.787+0000][info][gc,start       ] GC(391) Pause Young (Normal) (G1 Evacuation Pause)
[2024-08-28T13:06:06.787+0000][info][gc,task        ] GC(391) Using 24 workers of 68 for evacuation
[2024-08-28T13:06:06.798+0000][info][gc,phases      ] GC(391)   Pre Evacuate Collection Set: 0.2ms
[2024-08-28T13:06:06.798+0000][info][gc,phases      ] GC(391)   Merge Heap Roots: 0.4ms
[2024-08-28T13:06:06.798+0000][info][gc,phases      ] GC(391)   Evacuate Collection Set: 10.2ms
[2024-08-28T13:06:06.798+0000][info][gc,phases      ] GC(391)   Post Evacuate Collection Set: 0.4ms
[2024-08-28T13:06:06.798+0000][info][gc,phases      ] GC(391)   Other: 0.2ms
[2024-08-28T13:06:06.798+0000][info][gc,heap        ] GC(391) Eden regions: 44->0(44)
[2024-08-28T13:06:06.798+0000][info][gc,heap        ] GC(391) Survivor regions: 7->7(7)
[2024-08-28T13:06:06.798+0000][info][gc,heap        ] GC(391) Old regions: 838->884
[2024-08-28T13:06:06.798+0000][info][gc,heap        ] GC(391) Archive regions: 2->2
[2024-08-28T13:06:06.798+0000][info][gc,heap        ] GC(391) Humongous regions: 5->5
[2024-08-28T13:06:06.798+0000][info][gc,metaspace   ] GC(391) Metaspace: 100K(320K)->100K(320K) NonClass: 96K(192K)->96K(192K) Class: 4K(128K)->4K(128K)
[2024-08-28T13:06:06.798+0000][info][gc             ] GC(391) Pause Young (Normal) (G1 Evacuation Pause) 894M->896M(1024M) 11.450ms
[2024-08-28T13:06:06.798+0000][info][gc,cpu         ] GC(391) User=0.25s Sys=0.00s Real=0.02s
[2024-08-28T13:06:06.826+0000][info][gc,start       ] GC(392) Pause Young (Normal) (G1 Evacuation Pause)
[2024-08-28T13:06:06.826+0000][info][gc,task        ] GC(392) Using 24 workers of 68 for evacuation
[2024-08-28T13:06:06.841+0000][info][gc,phases      ] GC(392)   Pre Evacuate Collection Set: 0.2ms
[2024-08-28T13:06:06.841+0000][info][gc,phases      ] GC(392)   Merge Heap Roots: 0.4ms
[2024-08-28T13:06:06.841+0000][info][gc,phases      ] GC(392)   Evacuate Collection Set: 13.4ms
[2024-08-28T13:06:06.841+0000][info][gc,phases      ] GC(392)   Post Evacuate Collection Set: 0.6ms
[2024-08-28T13:06:06.841+0000][info][gc,phases      ] GC(392)   Other: 0.2ms
[2024-08-28T13:06:06.841+0000][info][gc,heap        ] GC(392) Eden regions: 44->0(44)
[2024-08-28T13:06:06.841+0000][info][gc,heap        ] GC(392) Survivor regions: 7->7(7)
[2024-08-28T13:06:06.841+0000][info][gc,heap        ] GC(392) Old regions: 884->931
[2024-08-28T13:06:06.841+0000][info][gc,heap        ] GC(392) Archive regions: 2->2
[2024-08-28T13:06:06.841+0000][info][gc,heap        ] GC(392) Humongous regions: 5->5
[2024-08-28T13:06:06.841+0000][info][gc,metaspace   ] GC(392) Metaspace: 100K(320K)->100K(320K) NonClass: 96K(192K)->96K(192K) Class: 4K(128K)->4K(128K)
[2024-08-28T13:06:06.841+0000][info][gc             ] GC(392) Pause Young (Normal) (G1 Evacuation Pause) 940M->943M(1024M) 14.874ms
[2024-08-28T13:06:06.841+0000][info][gc,cpu         ] GC(392) User=0.33s Sys=0.00s Real=0.02s
[2024-08-28T13:06:06.865+0000][info][gc,start       ] GC(393) Pause Young (Normal) (G1 Preventive Collection)
[2024-08-28T13:06:06.865+0000][info][gc,task        ] GC(393) Using 24 workers of 68 for evacuation
[2024-08-28T13:06:06.883+0000][info][gc,phases      ] GC(393)   Pre Evacuate Collection Set: 0.1ms
[2024-08-28T13:06:06.883+0000][info][gc,phases      ] GC(393)   Merge Heap Roots: 0.6ms
[2024-08-28T13:06:06.883+0000][info][gc,phases      ] GC(393)   Evacuate Collection Set: 16.1ms
[2024-08-28T13:06:06.883+0000][info][gc,phases      ] GC(393)   Post Evacuate Collection Set: 0.6ms
[2024-08-28T13:06:06.883+0000][info][gc,phases      ] GC(393)   Other: 0.3ms
[2024-08-28T13:06:06.883+0000][info][gc,heap        ] GC(393) Eden regions: 34->0(44)
[2024-08-28T13:06:06.883+0000][info][gc,heap        ] GC(393) Survivor regions: 7->7(7)
[2024-08-28T13:06:06.883+0000][info][gc,heap        ] GC(393) Old regions: 931->967
[2024-08-28T13:06:06.883+0000][info][gc,heap        ] GC(393) Archive regions: 2->2
[2024-08-28T13:06:06.883+0000][info][gc,heap        ] GC(393) Humongous regions: 5->5
[2024-08-28T13:06:06.883+0000][info][gc,metaspace   ] GC(393) Metaspace: 100K(320K)->100K(320K) NonClass: 96K(192K)->96K(192K) Class: 4K(128K)->4K(128K)
[2024-08-28T13:06:06.883+0000][info][gc             ] GC(393) Pause Young (Normal) (G1 Preventive Collection) 977M->979M(1024M) 17.747ms
[2024-08-28T13:06:06.883+0000][info][gc,cpu         ] GC(393) User=0.35s Sys=0.06s Real=0.02s
[2024-08-28T13:06:06.884+0000][info][gc,marking     ] GC(390) Concurrent Rebuild Remembered Sets 102.836ms
[2024-08-28T13:06:06.884+0000][info][gc,start       ] GC(390) Pause Cleanup
[2024-08-28T13:06:06.886+0000][info][gc             ] GC(390) Pause Cleanup 981M->981M(1024M) 1.552ms
[2024-08-28T13:06:06.886+0000][info][gc,cpu         ] GC(390) User=0.00s Sys=0.00s Real=0.00s
[2024-08-28T13:06:06.886+0000][info][gc,marking     ] GC(390) Concurrent Cleanup for Next Mark
[2024-08-28T13:06:06.887+0000][info][gc,marking     ] GC(390) Concurrent Cleanup for Next Mark 0.782ms
[2024-08-28T13:06:06.887+0000][info][gc             ] GC(390) Concurrent Mark Cycle 136.070ms
[2024-08-28T13:06:06.900+0000][info][gc,start       ] GC(394) Pause Young (Prepare Mixed) (G1 Preventive Collection)
[2024-08-28T13:06:06.900+0000][info][gc,task        ] GC(394) Using 24 workers of 68 for evacuation
[2024-08-28T13:06:06.916+0000][info][gc             ] GC(394) To-space exhausted
[2024-08-28T13:06:06.916+0000][info][gc,phases      ] GC(394)   Pre Evacuate Collection Set: 0.2ms
[2024-08-28T13:06:06.916+0000][info][gc,phases      ] GC(394)   Merge Heap Roots: 0.4ms
[2024-08-28T13:06:06.916+0000][info][gc,phases      ] GC(394)   Evacuate Collection Set: 15.1ms
[2024-08-28T13:06:06.916+0000][info][gc,phases      ] GC(394)   Post Evacuate Collection Set: 0.7ms
[2024-08-28T13:06:06.916+0000][info][gc,phases      ] GC(394)   Other: 0.2ms
[2024-08-28T13:06:06.916+0000][info][gc,heap        ] GC(394) Eden regions: 17->0(44)
[2024-08-28T13:06:06.916+0000][info][gc,heap        ] GC(394) Survivor regions: 7->7(7)
[2024-08-28T13:06:06.916+0000][info][gc,heap        ] GC(394) Old regions: 967->1008
[2024-08-28T13:06:06.916+0000][info][gc,heap        ] GC(394) Archive regions: 2->2
[2024-08-28T13:06:06.916+0000][info][gc,heap        ] GC(394) Humongous regions: 5->5
[2024-08-28T13:06:06.916+0000][info][gc,metaspace   ] GC(394) Metaspace: 100K(320K)->100K(320K) NonClass: 96K(192K)->96K(192K) Class: 4K(128K)->4K(128K)
[2024-08-28T13:06:06.916+0000][info][gc             ] GC(394) Pause Young (Prepare Mixed) (G1 Preventive Collection) 996M->1020M(1024M) 16.618ms
[2024-08-28T13:06:06.916+0000][info][gc,cpu         ] GC(394) User=0.35s Sys=0.02s Real=0.01s
[2024-08-28T13:06:06.917+0000][info][gc,start       ] GC(395) Pause Young (Mixed) (G1 Preventive Collection)
[2024-08-28T13:06:06.917+0000][info][gc,task        ] GC(395) Using 24 workers of 68 for evacuation
[2024-08-28T13:06:06.921+0000][info][gc             ] GC(395) To-space exhausted
[2024-08-28T13:06:06.921+0000][info][gc,phases      ] GC(395)   Pre Evacuate Collection Set: 0.2ms
[2024-08-28T13:06:06.921+0000][info][gc,phases      ] GC(395)   Merge Heap Roots: 0.3ms
[2024-08-28T13:06:06.921+0000][info][gc,phases      ] GC(395)   Evacuate Collection Set: 2.4ms
[2024-08-28T13:06:06.921+0000][info][gc,phases      ] GC(395)   Post Evacuate Collection Set: 0.8ms
[2024-08-28T13:06:06.921+0000][info][gc,phases      ] GC(395)   Other: 0.1ms
[2024-08-28T13:06:06.921+0000][info][gc,heap        ] GC(395) Eden regions: 1->0(51)
[2024-08-28T13:06:06.921+0000][info][gc,heap        ] GC(395) Survivor regions: 7->0(1)
[2024-08-28T13:06:06.921+0000][info][gc,heap        ] GC(395) Old regions: 1008->1016
[2024-08-28T13:06:06.921+0000][info][gc,heap        ] GC(395) Archive regions: 2->2
[2024-08-28T13:06:06.921+0000][info][gc,heap        ] GC(395) Humongous regions: 5->5
[2024-08-28T13:06:06.921+0000][info][gc,metaspace   ] GC(395) Metaspace: 100K(320K)->100K(320K) NonClass: 96K(192K)->96K(192K) Class: 4K(128K)->4K(128K)
[2024-08-28T13:06:06.921+0000][info][gc             ] GC(395) Pause Young (Mixed) (G1 Preventive Collection) 1021M->1021M(1024M) 3.836ms
[2024-08-28T13:06:06.921+0000][info][gc,cpu         ] GC(395) User=0.07s Sys=0.00s Real=0.01s
[2024-08-28T13:06:06.922+0000][info][gc,start       ] GC(396) Pause Young (Mixed) (G1 Evacuation Pause)
[2024-08-28T13:06:06.922+0000][info][gc,task        ] GC(396) Using 24 workers of 68 for evacuation
[2024-08-28T13:06:06.926+0000][info][gc             ] GC(396) To-space exhausted
[2024-08-28T13:06:06.926+0000][info][gc,phases      ] GC(396)   Pre Evacuate Collection Set: 0.2ms
[2024-08-28T13:06:06.926+0000][info][gc,phases      ] GC(396)   Merge Heap Roots: 0.3ms
[2024-08-28T13:06:06.926+0000][info][gc,phases      ] GC(396)   Evacuate Collection Set: 2.2ms
[2024-08-28T13:06:06.926+0000][info][gc,phases      ] GC(396)   Post Evacuate Collection Set: 0.9ms
[2024-08-28T13:06:06.926+0000][info][gc,phases      ] GC(396)   Other: 0.1ms
[2024-08-28T13:06:06.926+0000][info][gc,heap        ] GC(396) Eden regions: 1->0(51)
[2024-08-28T13:06:06.926+0000][info][gc,heap        ] GC(396) Survivor regions: 0->0(0)
[2024-08-28T13:06:06.926+0000][info][gc,heap        ] GC(396) Old regions: 1016->1017
[2024-08-28T13:06:06.926+0000][info][gc,heap        ] GC(396) Archive regions: 2->2
[2024-08-28T13:06:06.926+0000][info][gc,heap        ] GC(396) Humongous regions: 5->5
[2024-08-28T13:06:06.926+0000][info][gc,metaspace   ] GC(396) Metaspace: 100K(320K)->100K(320K) NonClass: 96K(192K)->96K(192K) Class: 4K(128K)->4K(128K)
[2024-08-28T13:06:06.926+0000][info][gc             ] GC(396) Pause Young (Mixed) (G1 Evacuation Pause) 1022M->1022M(1024M) 3.751ms
[2024-08-28T13:06:06.926+0000][info][gc,cpu         ] GC(396) User=0.00s Sys=0.07s Real=0.00s
[2024-08-28T13:06:06.926+0000][info][gc,ergo        ] Attempting full compaction
[2024-08-28T13:06:06.926+0000][info][gc,task        ] GC(397) Using 24 workers of 68 for full compaction
[2024-08-28T13:06:06.926+0000][info][gc,start       ] GC(397) Pause Full (G1 Compaction Pause)
[2024-08-28T13:06:06.926+0000][info][gc,phases,start] GC(397) Phase 1: Mark live objects
[2024-08-28T13:06:06.943+0000][info][gc,phases      ] GC(397) Phase 1: Mark live objects 16.424ms
[2024-08-28T13:06:06.943+0000][info][gc,phases,start] GC(397) Phase 2: Prepare for compaction
[2024-08-28T13:06:06.952+0000][info][gc,phases      ] GC(397) Phase 2: Prepare for compaction 9.070ms
[2024-08-28T13:06:06.952+0000][info][gc,phases,start] GC(397) Phase 3: Adjust pointers
[2024-08-28T13:06:06.969+0000][info][gc,phases      ] GC(397) Phase 3: Adjust pointers 17.613ms
[2024-08-28T13:06:06.969+0000][info][gc,phases,start] GC(397) Phase 4: Compact heap
[2024-08-28T13:06:07.002+0000][info][gc,phases      ] GC(397) Phase 4: Compact heap 32.341ms
[2024-08-28T13:06:07.003+0000][info][gc,heap        ] GC(397) Eden regions: 0->0(150)
[2024-08-28T13:06:07.003+0000][info][gc,heap        ] GC(397) Survivor regions: 0->0(0)
[2024-08-28T13:06:07.003+0000][info][gc,heap        ] GC(397) Old regions: 1017->443
[2024-08-28T13:06:07.003+0000][info][gc,heap        ] GC(397) Archive regions: 2->2
[2024-08-28T13:06:07.003+0000][info][gc,heap        ] GC(397) Humongous regions: 5->5
[2024-08-28T13:06:07.003+0000][info][gc,metaspace   ] GC(397) Metaspace: 100K(320K)->100K(320K) NonClass: 96K(192K)->96K(192K) Class: 4K(128K)->4K(128K)
[2024-08-28T13:06:07.003+0000][info][gc             ] GC(397) Pause Full (G1 Compaction Pause) 1022M->436M(1024M) 77.046ms
[2024-08-28T13:06:07.003+0000][info][gc,cpu         ] GC(397) User=1.57s Sys=0.05s Real=0.08s
[2024-08-28T13:06:07.097+0000][info][gc,start       ] GC(398) Pause Young (Normal) (G1 Evacuation Pause)
[2024-08-28T13:06:07.097+0000][info][gc,task        ] GC(398) Using 24 workers of 68 for evacuation
[2024-08-28T13:06:07.128+0000][info][gc,phases      ] GC(398)   Pre Evacuate Collection Set: 0.2ms
[2024-08-28T13:06:07.128+0000][info][gc,phases      ] GC(398)   Merge Heap Roots: 0.5ms
[2024-08-28T13:06:07.128+0000][info][gc,phases      ] GC(398)   Evacuate Collection Set: 29.9ms
[2024-08-28T13:06:07.128+0000][info][gc,phases      ] GC(398)   Post Evacuate Collection Set: 0.3ms
[2024-08-28T13:06:07.128+0000][info][gc,phases      ] GC(398)   Other: 0.3ms
[2024-08-28T13:06:07.128+0000][info][gc,heap        ] GC(398) Eden regions: 150->0(103)
[2024-08-28T13:06:07.128+0000][info][gc,heap        ] GC(398) Survivor regions: 0->19(19)
[2024-08-28T13:06:07.128+0000][info][gc,heap        ] GC(398) Old regions: 443->570
[2024-08-28T13:06:07.128+0000][info][gc,heap        ] GC(398) Archive regions: 2->2
[2024-08-28T13:06:07.128+0000][info][gc,heap        ] GC(398) Humongous regions: 5->5
[2024-08-28T13:06:07.128+0000][info][gc,metaspace   ] GC(398) Metaspace: 100K(320K)->100K(320K) NonClass: 96K(192K)->96K(192K) Class: 4K(128K)->4K(128K)
[2024-08-28T13:06:07.128+0000][info][gc             ] GC(398) Pause Young (Normal) (G1 Evacuation Pause) 586M->582M(1024M) 31.210ms
[2024-08-28T13:06:07.128+0000][info][gc,cpu         ] GC(398) User=0.72s Sys=0.01s Real=0.03s
[2024-08-28T13:06:07.188+0000][info][gc,start       ] GC(399) Pause Young (Normal) (G1 Evacuation Pause)
[2024-08-28T13:06:07.188+0000][info][gc,task        ] GC(399) Using 24 workers of 68 for evacuation
[2024-08-28T13:06:07.208+0000][info][gc,phases      ] GC(399)   Pre Evacuate Collection Set: 0.2ms
[2024-08-28T13:06:07.208+0000][info][gc,phases      ] GC(399)   Merge Heap Roots: 0.4ms
[2024-08-28T13:06:07.208+0000][info][gc,phases      ] GC(399)   Evacuate Collection Set: 19.0ms
[2024-08-28T13:06:07.208+0000][info][gc,phases      ] GC(399)   Post Evacuate Collection Set: 0.3ms
[2024-08-28T13:06:07.208+0000][info][gc,phases      ] GC(399)   Other: 0.2ms
[2024-08-28T13:06:07.208+0000][info][gc,heap        ] GC(399) Eden regions: 103->0(70)
[2024-08-28T13:06:07.208+0000][info][gc,heap        ] GC(399) Survivor regions: 19->16(16)
[2024-08-28T13:06:07.208+0000][info][gc,heap        ] GC(399) Old regions: 570->677
[2024-08-28T13:06:07.208+0000][info][gc,heap        ] GC(399) Archive regions: 2->2
[2024-08-28T13:06:07.208+0000][info][gc,heap        ] GC(399) Humongous regions: 5->5
[2024-08-28T13:06:07.208+0000][info][gc,metaspace   ] GC(399) Metaspace: 100K(320K)->100K(320K) NonClass: 96K(192K)->96K(192K) Class: 4K(128K)->4K(128K)
[2024-08-28T13:06:07.208+0000][info][gc             ] GC(399) Pause Young (Normal) (G1 Evacuation Pause) 685M->686M(1024M) 20.228ms
[2024-08-28T13:06:07.208+0000][info][gc,cpu         ] GC(399) User=0.46s Sys=0.00s Real=0.02s
[2024-08-28T13:06:07.248+0000][info][gc,start       ] GC(400) Pause Young (Concurrent Start) (G1 Evacuation Pause)
[2024-08-28T13:06:07.248+0000][info][gc,task        ] GC(400) Using 24 workers of 68 for evacuation
[2024-08-28T13:06:07.266+0000][info][gc,phases      ] GC(400)   Pre Evacuate Collection Set: 0.2ms
[2024-08-28T13:06:07.266+0000][info][gc,phases      ] GC(400)   Merge Heap Roots: 0.4ms
[2024-08-28T13:06:07.266+0000][info][gc,phases      ] GC(400)   Evacuate Collection Set: 16.5ms
[2024-08-28T13:06:07.266+0000][info][gc,phases      ] GC(400)   Post Evacuate Collection Set: 0.3ms
[2024-08-28T13:06:07.266+0000][info][gc,phases      ] GC(400)   Other: 0.6ms
[2024-08-28T13:06:07.266+0000][info][gc,heap        ] GC(400) Eden regions: 70->0(46)
[2024-08-28T13:06:07.266+0000][info][gc,heap        ] GC(400) Survivor regions: 16->11(11)
[2024-08-28T13:06:07.266+0000][info][gc,heap        ] GC(400) Old regions: 677->755
[2024-08-28T13:06:07.266+0000][info][gc,heap        ] GC(400) Archive regions: 2->2
[2024-08-28T13:06:07.266+0000][info][gc,heap        ] GC(400) Humongous regions: 5->5
[2024-08-28T13:06:07.266+0000][info][gc,metaspace   ] GC(400) Metaspace: 100K(320K)->100K(320K) NonClass: 96K(192K)->96K(192K) Class: 4K(128K)->4K(128K)
[2024-08-28T13:06:07.266+0000][info][gc             ] GC(400) Pause Young (Concurrent Start) (G1 Evacuation Pause) 756M->759M(1024M) 18.073ms
[2024-08-28T13:06:07.266+0000][info][gc,cpu         ] GC(400) User=0.40s Sys=0.00s Real=0.02s
[2024-08-28T13:06:07.266+0000][info][gc             ] GC(401) Concurrent Mark Cycle
[2024-08-28T13:06:07.266+0000][info][gc,marking     ] GC(401) Concurrent Clear Claimed Marks
[2024-08-28T13:06:07.266+0000][info][gc,marking     ] GC(401) Concurrent Clear Claimed Marks 0.009ms
[2024-08-28T13:06:07.266+0000][info][gc,marking     ] GC(401) Concurrent Scan Root Regions
[2024-08-28T13:06:07.269+0000][info][gc,marking     ] GC(401) Concurrent Scan Root Regions 2.868ms
[2024-08-28T13:06:07.269+0000][info][gc,marking     ] GC(401) Concurrent Mark
[2024-08-28T13:06:07.269+0000][info][gc,marking     ] GC(401) Concurrent Mark From Roots
[2024-08-28T13:06:07.269+0000][info][gc,task        ] GC(401) Using 17 workers of 17 for marking
[2024-08-28T13:06:07.294+0000][info][gc,marking     ] GC(401) Concurrent Mark From Roots 24.978ms
[2024-08-28T13:06:07.294+0000][info][gc,marking     ] GC(401) Concurrent Preclean
[2024-08-28T13:06:07.295+0000][info][gc,marking     ] GC(401) Concurrent Preclean 0.504ms
[2024-08-28T13:06:07.295+0000][info][gc,start       ] GC(401) Pause Remark
[2024-08-28T13:06:07.296+0000][info][gc             ] GC(401) Pause Remark 793M->793M(1024M) 1.277ms
[2024-08-28T13:06:07.296+0000][info][gc,cpu         ] GC(401) User=0.01s Sys=0.00s Real=0.00s
[2024-08-28T13:06:07.296+0000][info][gc,marking     ] GC(401) Concurrent Mark 27.153ms
[2024-08-28T13:06:07.296+0000][info][gc,marking     ] GC(401) Concurrent Rebuild Remembered Sets
[2024-08-28T13:06:07.304+0000][info][gc,start       ] GC(402) Pause Young (Normal) (G1 Evacuation Pause)
[2024-08-28T13:06:07.304+0000][info][gc,task        ] GC(402) Using 24 workers of 68 for evacuation
[2024-08-28T13:06:07.317+0000][info][gc,phases      ] GC(402)   Pre Evacuate Collection Set: 0.2ms
[2024-08-28T13:06:07.317+0000][info][gc,phases      ] GC(402)   Merge Heap Roots: 0.4ms
[2024-08-28T13:06:07.317+0000][info][gc,phases      ] GC(402)   Evacuate Collection Set: 11.5ms
[2024-08-28T13:06:07.317+0000][info][gc,phases      ] GC(402)   Post Evacuate Collection Set: 0.4ms
[2024-08-28T13:06:07.317+0000][info][gc,phases      ] GC(402)   Other: 0.2ms
[2024-08-28T13:06:07.317+0000][info][gc,heap        ] GC(402) Eden regions: 46->0(43)
[2024-08-28T13:06:07.317+0000][info][gc,heap        ] GC(402) Survivor regions: 11->8(8)
[2024-08-28T13:06:07.317+0000][info][gc,heap        ] GC(402) Old regions: 755->807
[2024-08-28T13:06:07.317+0000][info][gc,heap        ] GC(402) Archive regions: 2->2
[2024-08-28T13:06:07.317+0000][info][gc,heap        ] GC(402) Humongous regions: 5->5
[2024-08-28T13:06:07.317+0000][info][gc,metaspace   ] GC(402) Metaspace: 100K(320K)->100K(320K) NonClass: 96K(192K)->96K(192K) Class: 4K(128K)->4K(128K)
[2024-08-28T13:06:07.317+0000][info][gc             ] GC(402) Pause Young (Normal) (G1 Evacuation Pause) 805M->808M(1024M) 12.692ms
[2024-08-28T13:06:07.317+0000][info][gc,cpu         ] GC(402) User=0.28s Sys=0.00s Real=0.01s
[2024-08-28T13:06:07.346+0000][info][gc,start       ] GC(403) Pause Young (Normal) (G1 Evacuation Pause)
[2024-08-28T13:06:07.346+0000][info][gc,task        ] GC(403) Using 24 workers of 68 for evacuation
[2024-08-28T13:06:07.362+0000][info][gc,phases      ] GC(403)   Pre Evacuate Collection Set: 0.2ms
[2024-08-28T13:06:07.362+0000][info][gc,phases      ] GC(403)   Merge Heap Roots: 0.5ms
[2024-08-28T13:06:07.362+0000][info][gc,phases      ] GC(403)   Evacuate Collection Set: 14.9ms
[2024-08-28T13:06:07.362+0000][info][gc,phases      ] GC(403)   Post Evacuate Collection Set: 0.5ms
[2024-08-28T13:06:07.363+0000][info][gc,phases      ] GC(403)   Other: 0.3ms
[2024-08-28T13:06:07.363+0000][info][gc,heap        ] GC(403) Eden regions: 43->0(44)
[2024-08-28T13:06:07.363+0000][info][gc,heap        ] GC(403) Survivor regions: 8->7(7)
[2024-08-28T13:06:07.363+0000][info][gc,heap        ] GC(403) Old regions: 807->854
[2024-08-28T13:06:07.363+0000][info][gc,heap        ] GC(403) Archive regions: 2->2
[2024-08-28T13:06:07.363+0000][info][gc,heap        ] GC(403) Humongous regions: 5->5
[2024-08-28T13:06:07.363+0000][info][gc,metaspace   ] GC(403) Metaspace: 100K(320K)->100K(320K) NonClass: 96K(192K)->96K(192K) Class: 4K(128K)->4K(128K)
[2024-08-28T13:06:07.363+0000][info][gc             ] GC(403) Pause Young (Normal) (G1 Evacuation Pause) 851M->854M(1024M) 16.443ms
[2024-08-28T13:06:07.363+0000][info][gc,cpu         ] GC(403) User=0.37s Sys=0.00s Real=0.02s
[2024-08-28T13:06:07.379+0000][info][gc,marking     ] GC(401) Concurrent Rebuild Remembered Sets 82.591ms
[2024-08-28T13:06:07.379+0000][info][gc,start       ] GC(401) Pause Cleanup
[2024-08-28T13:06:07.381+0000][info][gc             ] GC(401) Pause Cleanup 880M->880M(1024M) 1.267ms
[2024-08-28T13:06:07.381+0000][info][gc,cpu         ] GC(401) User=0.00s Sys=0.00s Real=0.00s
[2024-08-28T13:06:07.381+0000][info][gc,marking     ] GC(401) Concurrent Cleanup for Next Mark
[2024-08-28T13:06:07.381+0000][info][gc,marking     ] GC(401) Concurrent Cleanup for Next Mark 0.850ms
[2024-08-28T13:06:07.381+0000][info][gc             ] GC(401) Concurrent Mark Cycle 115.247ms
[2024-08-28T13:06:07.393+0000][info][gc,start       ] GC(404) Pause Young (Prepare Mixed) (G1 Evacuation Pause)
[2024-08-28T13:06:07.393+0000][info][gc,task        ] GC(404) Using 24 workers of 68 for evacuation
[2024-08-28T13:06:07.410+0000][info][gc,phases      ] GC(404)   Pre Evacuate Collection Set: 0.1ms
[2024-08-28T13:06:07.410+0000][info][gc,phases      ] GC(404)   Merge Heap Roots: 0.4ms
[2024-08-28T13:06:07.410+0000][info][gc,phases      ] GC(404)   Evacuate Collection Set: 16.4ms
[2024-08-28T13:06:07.410+0000][info][gc,phases      ] GC(404)   Post Evacuate Collection Set: 0.3ms
[2024-08-28T13:06:07.410+0000][info][gc,phases      ] GC(404)   Other: 0.2ms
[2024-08-28T13:06:07.410+0000][info][gc,heap        ] GC(404) Eden regions: 44->0(44)
[2024-08-28T13:06:07.410+0000][info][gc,heap        ] GC(404) Survivor regions: 7->7(7)
[2024-08-28T13:06:07.410+0000][info][gc,heap        ] GC(404) Old regions: 854->901
[2024-08-28T13:06:07.410+0000][info][gc,heap        ] GC(404) Archive regions: 2->2
[2024-08-28T13:06:07.410+0000][info][gc,heap        ] GC(404) Humongous regions: 5->5
[2024-08-28T13:06:07.410+0000][info][gc,metaspace   ] GC(404) Metaspace: 100K(320K)->100K(320K) NonClass: 96K(192K)->96K(192K) Class: 4K(128K)->4K(128K)
[2024-08-28T13:06:07.410+0000][info][gc             ] GC(404) Pause Young (Prepare Mixed) (G1 Evacuation Pause) 898M->901M(1024M) 17.473ms
[2024-08-28T13:06:07.410+0000][info][gc,cpu         ] GC(404) User=0.38s Sys=0.02s Real=0.02s
[2024-08-28T13:06:07.447+0000][info][gc,start       ] GC(405) Pause Young (Mixed) (G1 Evacuation Pause)
[2024-08-28T13:06:07.447+0000][info][gc,task        ] GC(405) Using 24 workers of 68 for evacuation
[2024-08-28T13:06:07.460+0000][info][gc,phases      ] GC(405)   Pre Evacuate Collection Set: 0.2ms
[2024-08-28T13:06:07.460+0000][info][gc,phases      ] GC(405)   Merge Heap Roots: 0.4ms
[2024-08-28T13:06:07.460+0000][info][gc,phases      ] GC(405)   Evacuate Collection Set: 11.6ms
[2024-08-28T13:06:07.460+0000][info][gc,phases      ] GC(405)   Post Evacuate Collection Set: 0.4ms
[2024-08-28T13:06:07.460+0000][info][gc,phases      ] GC(405)   Other: 0.3ms
[2024-08-28T13:06:07.460+0000][info][gc,heap        ] GC(405) Eden regions: 44->0(44)
[2024-08-28T13:06:07.460+0000][info][gc,heap        ] GC(405) Survivor regions: 7->7(7)
[2024-08-28T13:06:07.460+0000][info][gc,heap        ] GC(405) Old regions: 901->845
[2024-08-28T13:06:07.460+0000][info][gc,heap        ] GC(405) Archive regions: 2->2
[2024-08-28T13:06:07.460+0000][info][gc,heap        ] GC(405) Humongous regions: 5->5
[2024-08-28T13:06:07.460+0000][info][gc,metaspace   ] GC(405) Metaspace: 100K(320K)->100K(320K) NonClass: 96K(192K)->96K(192K) Class: 4K(128K)->4K(128K)
[2024-08-28T13:06:07.460+0000][info][gc             ] GC(405) Pause Young (Mixed) (G1 Evacuation Pause) 945M->850M(1024M) 13.031ms
[2024-08-28T13:06:07.460+0000][info][gc,cpu         ] GC(405) User=0.27s Sys=0.02s Real=0.02s
[2024-08-28T13:06:07.490+0000][info][gc,start       ] GC(406) Pause Young (Mixed) (G1 Evacuation Pause)
[2024-08-28T13:06:07.490+0000][info][gc,task        ] GC(406) Using 24 workers of 68 for evacuation
[2024-08-28T13:06:07.503+0000][info][gc,phases      ] GC(406)   Pre Evacuate Collection Set: 0.2ms
[2024-08-28T13:06:07.503+0000][info][gc,phases      ] GC(406)   Merge Heap Roots: 0.3ms
[2024-08-28T13:06:07.503+0000][info][gc,phases      ] GC(406)   Evacuate Collection Set: 11.2ms
[2024-08-28T13:06:07.503+0000][info][gc,phases      ] GC(406)   Post Evacuate Collection Set: 0.4ms
[2024-08-28T13:06:07.503+0000][info][gc,phases      ] GC(406)   Other: 0.2ms
[2024-08-28T13:06:07.503+0000][info][gc,heap        ] GC(406) Eden regions: 44->0(44)
[2024-08-28T13:06:07.503+0000][info][gc,heap        ] GC(406) Survivor regions: 7->7(7)
[2024-08-28T13:06:07.503+0000][info][gc,heap        ] GC(406) Old regions: 845->789
[2024-08-28T13:06:07.503+0000][info][gc,heap        ] GC(406) Archive regions: 2->2
[2024-08-28T13:06:07.503+0000][info][gc,heap        ] GC(406) Humongous regions: 5->5
[2024-08-28T13:06:07.503+0000][info][gc,metaspace   ] GC(406) Metaspace: 100K(320K)->100K(320K) NonClass: 96K(192K)->96K(192K) Class: 4K(128K)->4K(128K)
[2024-08-28T13:06:07.503+0000][info][gc             ] GC(406) Pause Young (Mixed) (G1 Evacuation Pause) 894M->795M(1024M) 12.406ms
[2024-08-28T13:06:07.503+0000][info][gc,cpu         ] GC(406) User=0.26s Sys=0.01s Real=0.01s
[2024-08-28T13:06:07.530+0000][info][gc,start       ] GC(407) Pause Young (Mixed) (G1 Evacuation Pause)
[2024-08-28T13:06:07.530+0000][info][gc,task        ] GC(407) Using 24 workers of 68 for evacuation
[2024-08-28T13:06:07.542+0000][info][gc,phases      ] GC(407)   Pre Evacuate Collection Set: 0.2ms
[2024-08-28T13:06:07.542+0000][info][gc,phases      ] GC(407)   Merge Heap Roots: 0.4ms
[2024-08-28T13:06:07.542+0000][info][gc,phases      ] GC(407)   Evacuate Collection Set: 10.7ms
[2024-08-28T13:06:07.542+0000][info][gc,phases      ] GC(407)   Post Evacuate Collection Set: 0.4ms
[2024-08-28T13:06:07.542+0000][info][gc,phases      ] GC(407)   Other: 0.3ms
[2024-08-28T13:06:07.542+0000][info][gc,heap        ] GC(407) Eden regions: 44->0(44)
[2024-08-28T13:06:07.542+0000][info][gc,heap        ] GC(407) Survivor regions: 7->7(7)
[2024-08-28T13:06:07.542+0000][info][gc,heap        ] GC(407) Old regions: 789->775
[2024-08-28T13:06:07.542+0000][info][gc,heap        ] GC(407) Archive regions: 2->2
[2024-08-28T13:06:07.542+0000][info][gc,heap        ] GC(407) Humongous regions: 5->5
[2024-08-28T13:06:07.542+0000][info][gc,metaspace   ] GC(407) Metaspace: 100K(320K)->100K(320K) NonClass: 96K(192K)->96K(192K) Class: 4K(128K)->4K(128K)
[2024-08-28T13:06:07.542+0000][info][gc             ] GC(407) Pause Young (Mixed) (G1 Evacuation Pause) 839M->782M(1024M) 12.054ms
[2024-08-28T13:06:07.542+0000][info][gc,cpu         ] GC(407) User=0.26s Sys=0.01s Real=0.01s
[2024-08-28T13:06:07.569+0000][info][gc,start       ] GC(408) Pause Young (Concurrent Start) (G1 Evacuation Pause)
[2024-08-28T13:06:07.569+0000][info][gc,task        ] GC(408) Using 24 workers of 68 for evacuation
[2024-08-28T13:06:07.580+0000][info][gc,phases      ] GC(408)   Pre Evacuate Collection Set: 0.2ms
[2024-08-28T13:06:07.580+0000][info][gc,phases      ] GC(408)   Merge Heap Roots: 0.4ms
[2024-08-28T13:06:07.580+0000][info][gc,phases      ] GC(408)   Evacuate Collection Set: 10.0ms
[2024-08-28T13:06:07.580+0000][info][gc,phases      ] GC(408)   Post Evacuate Collection Set: 0.3ms
[2024-08-28T13:06:07.580+0000][info][gc,phases      ] GC(408)   Other: 0.6ms
[2024-08-28T13:06:07.580+0000][info][gc,heap        ] GC(408) Eden regions: 44->0(44)
[2024-08-28T13:06:07.580+0000][info][gc,heap        ] GC(408) Survivor regions: 7->7(7)
[2024-08-28T13:06:07.580+0000][info][gc,heap        ] GC(408) Old regions: 775->821
[2024-08-28T13:06:07.580+0000][info][gc,heap        ] GC(408) Archive regions: 2->2
[2024-08-28T13:06:07.580+0000][info][gc,heap        ] GC(408) Humongous regions: 5->5
[2024-08-28T13:06:07.580+0000][info][gc,metaspace   ] GC(408) Metaspace: 100K(320K)->100K(320K) NonClass: 96K(192K)->96K(192K) Class: 4K(128K)->4K(128K)
[2024-08-28T13:06:07.580+0000][info][gc             ] GC(408) Pause Young (Concurrent Start) (G1 Evacuation Pause) 826M->829M(1024M) 11.639ms
[2024-08-28T13:06:07.580+0000][info][gc,cpu         ] GC(408) User=0.24s Sys=0.01s Real=0.02s
[2024-08-28T13:06:07.580+0000][info][gc             ] GC(409) Concurrent Mark Cycle
[2024-08-28T13:06:07.580+0000][info][gc,marking     ] GC(409) Concurrent Clear Claimed Marks
[2024-08-28T13:06:07.580+0000][info][gc,marking     ] GC(409) Concurrent Clear Claimed Marks 0.012ms
[2024-08-28T13:06:07.581+0000][info][gc,marking     ] GC(409) Concurrent Scan Root Regions
[2024-08-28T13:06:07.582+0000][info][gc,marking     ] GC(409) Concurrent Scan Root Regions 1.890ms
[2024-08-28T13:06:07.582+0000][info][gc,marking     ] GC(409) Concurrent Mark
[2024-08-28T13:06:07.582+0000][info][gc,marking     ] GC(409) Concurrent Mark From Roots
[2024-08-28T13:06:07.582+0000][info][gc,task        ] GC(409) Using 17 workers of 17 for marking
[2024-08-28T13:06:07.610+0000][info][gc,marking     ] GC(409) Concurrent Mark From Roots 27.317ms
[2024-08-28T13:06:07.610+0000][info][gc,marking     ] GC(409) Concurrent Preclean
[2024-08-28T13:06:07.611+0000][info][gc,marking     ] GC(409) Concurrent Preclean 0.699ms
[2024-08-28T13:06:07.611+0000][info][gc,start       ] GC(409) Pause Remark
[2024-08-28T13:06:07.612+0000][info][gc             ] GC(409) Pause Remark 866M->866M(1024M) 1.341ms
[2024-08-28T13:06:07.612+0000][info][gc,cpu         ] GC(409) User=0.01s Sys=0.00s Real=0.00s
[2024-08-28T13:06:07.612+0000][info][gc,marking     ] GC(409) Concurrent Mark 29.866ms
[2024-08-28T13:06:07.612+0000][info][gc,marking     ] GC(409) Concurrent Rebuild Remembered Sets
[2024-08-28T13:06:07.617+0000][info][gc,start       ] GC(410) Pause Young (Normal) (G1 Evacuation Pause)
[2024-08-28T13:06:07.617+0000][info][gc,task        ] GC(410) Using 24 workers of 68 for evacuation
[2024-08-28T13:06:07.628+0000][info][gc,phases      ] GC(410)   Pre Evacuate Collection Set: 0.1ms
[2024-08-28T13:06:07.628+0000][info][gc,phases      ] GC(410)   Merge Heap Roots: 0.4ms
[2024-08-28T13:06:07.628+0000][info][gc,phases      ] GC(410)   Evacuate Collection Set: 9.8ms
[2024-08-28T13:06:07.628+0000][info][gc,phases      ] GC(410)   Post Evacuate Collection Set: 0.5ms
[2024-08-28T13:06:07.628+0000][info][gc,phases      ] GC(410)   Other: 0.2ms
[2024-08-28T13:06:07.628+0000][info][gc,heap        ] GC(410) Eden regions: 44->0(44)
[2024-08-28T13:06:07.628+0000][info][gc,heap        ] GC(410) Survivor regions: 7->7(7)
[2024-08-28T13:06:07.628+0000][info][gc,heap        ] GC(410) Old regions: 821->867
[2024-08-28T13:06:07.628+0000][info][gc,heap        ] GC(410) Archive regions: 2->2
[2024-08-28T13:06:07.628+0000][info][gc,heap        ] GC(410) Humongous regions: 5->5
[2024-08-28T13:06:07.628+0000][info][gc,metaspace   ] GC(410) Metaspace: 100K(320K)->100K(320K) NonClass: 96K(192K)->96K(192K) Class: 4K(128K)->4K(128K)
[2024-08-28T13:06:07.628+0000][info][gc             ] GC(410) Pause Young (Normal) (G1 Evacuation Pause) 873M->875M(1024M) 11.045ms
[2024-08-28T13:06:07.628+0000][info][gc,cpu         ] GC(410) User=0.24s Sys=0.00s Real=0.01s
[2024-08-28T13:06:07.656+0000][info][gc,start       ] GC(411) Pause Young (Normal) (G1 Evacuation Pause)
[2024-08-28T13:06:07.656+0000][info][gc,task        ] GC(411) Using 24 workers of 68 for evacuation
[2024-08-28T13:06:07.670+0000][info][gc,phases      ] GC(411)   Pre Evacuate Collection Set: 0.2ms
[2024-08-28T13:06:07.671+0000][info][gc,phases      ] GC(411)   Merge Heap Roots: 0.4ms
[2024-08-28T13:06:07.671+0000][info][gc,phases      ] GC(411)   Evacuate Collection Set: 13.5ms
[2024-08-28T13:06:07.671+0000][info][gc,phases      ] GC(411)   Post Evacuate Collection Set: 0.5ms
[2024-08-28T13:06:07.671+0000][info][gc,phases      ] GC(411)   Other: 0.3ms
[2024-08-28T13:06:07.671+0000][info][gc,heap        ] GC(411) Eden regions: 44->0(44)
[2024-08-28T13:06:07.671+0000][info][gc,heap        ] GC(411) Survivor regions: 7->7(7)
[2024-08-28T13:06:07.671+0000][info][gc,heap        ] GC(411) Old regions: 867->914
[2024-08-28T13:06:07.671+0000][info][gc,heap        ] GC(411) Archive regions: 2->2
[2024-08-28T13:06:07.671+0000][info][gc,heap        ] GC(411) Humongous regions: 5->5
[2024-08-28T13:06:07.671+0000][info][gc,metaspace   ] GC(411) Metaspace: 100K(320K)->100K(320K) NonClass: 96K(192K)->96K(192K) Class: 4K(128K)->4K(128K)
[2024-08-28T13:06:07.671+0000][info][gc             ] GC(411) Pause Young (Normal) (G1 Evacuation Pause) 919M->921M(1024M) 14.959ms
[2024-08-28T13:06:07.671+0000][info][gc,cpu         ] GC(411) User=0.34s Sys=0.00s Real=0.02s
[2024-08-28T13:06:07.693+0000][info][gc,marking     ] GC(409) Concurrent Rebuild Remembered Sets 80.374ms
[2024-08-28T13:06:07.693+0000][info][gc,start       ] GC(409) Pause Cleanup
[2024-08-28T13:06:07.695+0000][info][gc             ] GC(409) Pause Cleanup 957M->957M(1024M) 2.336ms
[2024-08-28T13:06:07.695+0000][info][gc,cpu         ] GC(409) User=0.00s Sys=0.00s Real=0.00s
[2024-08-28T13:06:07.695+0000][info][gc,marking     ] GC(409) Concurrent Cleanup for Next Mark
[2024-08-28T13:06:07.696+0000][info][gc,marking     ] GC(409) Concurrent Cleanup for Next Mark 0.851ms
[2024-08-28T13:06:07.696+0000][info][gc             ] GC(409) Concurrent Mark Cycle 115.898ms
[2024-08-28T13:06:07.701+0000][info][gc,start       ] GC(412) Pause Young (Prepare Mixed) (G1 Preventive Collection)
[2024-08-28T13:06:07.701+0000][info][gc,task        ] GC(412) Using 24 workers of 68 for evacuation
[2024-08-28T13:06:07.722+0000][info][gc,phases      ] GC(412)   Pre Evacuate Collection Set: 0.2ms
[2024-08-28T13:06:07.722+0000][info][gc,phases      ] GC(412)   Merge Heap Roots: 0.5ms
[2024-08-28T13:06:07.722+0000][info][gc,phases      ] GC(412)   Evacuate Collection Set: 20.0ms
[2024-08-28T13:06:07.722+0000][info][gc,phases      ] GC(412)   Post Evacuate Collection Set: 0.3ms
[2024-08-28T13:06:07.722+0000][info][gc,phases      ] GC(412)   Other: 0.2ms
[2024-08-28T13:06:07.722+0000][info][gc,heap        ] GC(412) Eden regions: 42->0(44)
[2024-08-28T13:06:07.722+0000][info][gc,heap        ] GC(412) Survivor regions: 7->7(7)
[2024-08-28T13:06:07.722+0000][info][gc,heap        ] GC(412) Old regions: 914->958
[2024-08-28T13:06:07.722+0000][info][gc,heap        ] GC(412) Archive regions: 2->2
[2024-08-28T13:06:07.722+0000][info][gc,heap        ] GC(412) Humongous regions: 5->5
[2024-08-28T13:06:07.722+0000][info][gc,metaspace   ] GC(412) Metaspace: 100K(320K)->100K(320K) NonClass: 96K(192K)->96K(192K) Class: 4K(128K)->4K(128K)
[2024-08-28T13:06:07.722+0000][info][gc             ] GC(412) Pause Young (Prepare Mixed) (G1 Preventive Collection) 963M->966M(1024M) 21.169ms
[2024-08-28T13:06:07.722+0000][info][gc,cpu         ] GC(412) User=0.38s Sys=0.01s Real=0.02s
[2024-08-28T13:06:07.739+0000][info][gc,start       ] GC(413) Pause Young (Mixed) (G1 Preventive Collection)
[2024-08-28T13:06:07.739+0000][info][gc,task        ] GC(413) Using 24 workers of 68 for evacuation
[2024-08-28T13:06:07.748+0000][info][gc,phases      ] GC(413)   Pre Evacuate Collection Set: 0.2ms
[2024-08-28T13:06:07.748+0000][info][gc,phases      ] GC(413)   Merge Heap Roots: 0.4ms
[2024-08-28T13:06:07.748+0000][info][gc,phases      ] GC(413)   Evacuate Collection Set: 7.8ms
[2024-08-28T13:06:07.748+0000][info][gc,phases      ] GC(413)   Post Evacuate Collection Set: 0.4ms
[2024-08-28T13:06:07.748+0000][info][gc,phases      ] GC(413)   Other: 0.2ms
[2024-08-28T13:06:07.748+0000][info][gc,heap        ] GC(413) Eden regions: 20->0(44)
[2024-08-28T13:06:07.748+0000][info][gc,heap        ] GC(413) Survivor regions: 7->7(7)
[2024-08-28T13:06:07.748+0000][info][gc,heap        ] GC(413) Old regions: 958->879
[2024-08-28T13:06:07.748+0000][info][gc,heap        ] GC(413) Archive regions: 2->2
[2024-08-28T13:06:07.748+0000][info][gc,heap        ] GC(413) Humongous regions: 5->5
[2024-08-28T13:06:07.748+0000][info][gc,metaspace   ] GC(413) Metaspace: 100K(320K)->100K(320K) NonClass: 96K(192K)->96K(192K) Class: 4K(128K)->4K(128K)
[2024-08-28T13:06:07.748+0000][info][gc             ] GC(413) Pause Young (Mixed) (G1 Preventive Collection) 986M->890M(1024M) 9.026ms
[2024-08-28T13:06:07.748+0000][info][gc,cpu         ] GC(413) User=0.19s Sys=0.01s Real=0.00s
[2024-08-28T13:06:07.777+0000][info][gc,start       ] GC(414) Pause Young (Mixed) (G1 Evacuation Pause)
[2024-08-28T13:06:07.777+0000][info][gc,task        ] GC(414) Using 24 workers of 68 for evacuation
[2024-08-28T13:06:07.789+0000][info][gc,phases      ] GC(414)   Pre Evacuate Collection Set: 0.3ms
[2024-08-28T13:06:07.789+0000][info][gc,phases      ] GC(414)   Merge Heap Roots: 0.3ms
[2024-08-28T13:06:07.789+0000][info][gc,phases      ] GC(414)   Evacuate Collection Set: 10.9ms
[2024-08-28T13:06:07.789+0000][info][gc,phases      ] GC(414)   Post Evacuate Collection Set: 0.4ms
[2024-08-28T13:06:07.789+0000][info][gc,phases      ] GC(414)   Other: 0.3ms
[2024-08-28T13:06:07.789+0000][info][gc,heap        ] GC(414) Eden regions: 44->0(44)
[2024-08-28T13:06:07.789+0000][info][gc,heap        ] GC(414) Survivor regions: 7->7(7)
[2024-08-28T13:06:07.789+0000][info][gc,heap        ] GC(414) Old regions: 879->821
[2024-08-28T13:06:07.789+0000][info][gc,heap        ] GC(414) Archive regions: 2->2
[2024-08-28T13:06:07.789+0000][info][gc,heap        ] GC(414) Humongous regions: 5->5
[2024-08-28T13:06:07.789+0000][info][gc,metaspace   ] GC(414) Metaspace: 100K(320K)->100K(320K) NonClass: 96K(192K)->96K(192K) Class: 4K(128K)->4K(128K)
[2024-08-28T13:06:07.789+0000][info][gc             ] GC(414) Pause Young (Mixed) (G1 Evacuation Pause) 934M->833M(1024M) 12.241ms
[2024-08-28T13:06:07.789+0000][info][gc,cpu         ] GC(414) User=0.25s Sys=0.01s Real=0.01s
[2024-08-28T13:06:07.815+0000][info][gc,start       ] GC(415) Pause Young (Mixed) (G1 Evacuation Pause)
[2024-08-28T13:06:07.815+0000][info][gc,task        ] GC(415) Using 24 workers of 68 for evacuation
[2024-08-28T13:06:07.826+0000][info][gc,phases      ] GC(415)   Pre Evacuate Collection Set: 0.2ms
[2024-08-28T13:06:07.826+0000][info][gc,phases      ] GC(415)   Merge Heap Roots: 0.4ms
[2024-08-28T13:06:07.826+0000][info][gc,phases      ] GC(415)   Evacuate Collection Set: 10.7ms
[2024-08-28T13:06:07.827+0000][info][gc,phases      ] GC(415)   Post Evacuate Collection Set: 0.4ms
[2024-08-28T13:06:07.827+0000][info][gc,phases      ] GC(415)   Other: 0.3ms
[2024-08-28T13:06:07.827+0000][info][gc,heap        ] GC(415) Eden regions: 44->0(44)
[2024-08-28T13:06:07.827+0000][info][gc,heap        ] GC(415) Survivor regions: 7->7(7)
[2024-08-28T13:06:07.827+0000][info][gc,heap        ] GC(415) Old regions: 821->766
[2024-08-28T13:06:07.827+0000][info][gc,heap        ] GC(415) Archive regions: 2->2
[2024-08-28T13:06:07.827+0000][info][gc,heap        ] GC(415) Humongous regions: 5->5
[2024-08-28T13:06:07.827+0000][info][gc,metaspace   ] GC(415) Metaspace: 100K(320K)->100K(320K) NonClass: 96K(192K)->96K(192K) Class: 4K(128K)->4K(128K)
[2024-08-28T13:06:07.827+0000][info][gc             ] GC(415) Pause Young (Mixed) (G1 Evacuation Pause) 877M->778M(1024M) 12.063ms
[2024-08-28T13:06:07.827+0000][info][gc,cpu         ] GC(415) User=0.26s Sys=0.00s Real=0.01s
[2024-08-28T13:06:07.852+0000][info][gc,start       ] GC(416) Pause Young (Mixed) (G1 Evacuation Pause)
[2024-08-28T13:06:07.852+0000][info][gc,task        ] GC(416) Using 24 workers of 68 for evacuation
[2024-08-28T13:06:07.864+0000][info][gc,phases      ] GC(416)   Pre Evacuate Collection Set: 0.2ms
[2024-08-28T13:06:07.864+0000][info][gc,phases      ] GC(416)   Merge Heap Roots: 0.3ms
[2024-08-28T13:06:07.864+0000][info][gc,phases      ] GC(416)   Evacuate Collection Set: 11.9ms
[2024-08-28T13:06:07.864+0000][info][gc,phases      ] GC(416)   Post Evacuate Collection Set: 0.3ms
[2024-08-28T13:06:07.864+0000][info][gc,phases      ] GC(416)   Other: 0.3ms
[2024-08-28T13:06:07.864+0000][info][gc,heap        ] GC(416) Eden regions: 44->0(44)
[2024-08-28T13:06:07.865+0000][info][gc,heap        ] GC(416) Survivor regions: 7->7(7)
[2024-08-28T13:06:07.865+0000][info][gc,heap        ] GC(416) Old regions: 766->787
[2024-08-28T13:06:07.865+0000][info][gc,heap        ] GC(416) Archive regions: 2->2
[2024-08-28T13:06:07.865+0000][info][gc,heap        ] GC(416) Humongous regions: 5->5
[2024-08-28T13:06:07.865+0000][info][gc,metaspace   ] GC(416) Metaspace: 100K(320K)->100K(320K) NonClass: 96K(192K)->96K(192K) Class: 4K(128K)->4K(128K)
[2024-08-28T13:06:07.865+0000][info][gc             ] GC(416) Pause Young (Mixed) (G1 Evacuation Pause) 822M->799M(1024M) 13.033ms
[2024-08-28T13:06:07.865+0000][info][gc,cpu         ] GC(416) User=0.26s Sys=0.04s Real=0.01s
[2024-08-28T13:06:07.890+0000][info][gc,start       ] GC(417) Pause Young (Concurrent Start) (G1 Evacuation Pause)
[2024-08-28T13:06:07.890+0000][info][gc,task        ] GC(417) Using 24 workers of 68 for evacuation
[2024-08-28T13:06:07.901+0000][info][gc,phases      ] GC(417)   Pre Evacuate Collection Set: 0.1ms
[2024-08-28T13:06:07.901+0000][info][gc,phases      ] GC(417)   Merge Heap Roots: 0.2ms
[2024-08-28T13:06:07.901+0000][info][gc,phases      ] GC(417)   Evacuate Collection Set: 10.1ms
[2024-08-28T13:06:07.901+0000][info][gc,phases      ] GC(417)   Post Evacuate Collection Set: 0.3ms
[2024-08-28T13:06:07.901+0000][info][gc,phases      ] GC(417)   Other: 0.7ms
[2024-08-28T13:06:07.901+0000][info][gc,heap        ] GC(417) Eden regions: 44->0(44)
[2024-08-28T13:06:07.901+0000][info][gc,heap        ] GC(417) Survivor regions: 7->7(7)
[2024-08-28T13:06:07.901+0000][info][gc,heap        ] GC(417) Old regions: 787->834
[2024-08-28T13:06:07.901+0000][info][gc,heap        ] GC(417) Archive regions: 2->2
[2024-08-28T13:06:07.901+0000][info][gc,heap        ] GC(417) Humongous regions: 5->5
[2024-08-28T13:06:07.901+0000][info][gc,metaspace   ] GC(417) Metaspace: 100K(320K)->100K(320K) NonClass: 96K(192K)->96K(192K) Class: 4K(128K)->4K(128K)
[2024-08-28T13:06:07.901+0000][info][gc             ] GC(417) Pause Young (Concurrent Start) (G1 Evacuation Pause) 843M->846M(1024M) 11.466ms
[2024-08-28T13:06:07.901+0000][info][gc,cpu         ] GC(417) User=0.24s Sys=0.00s Real=0.01s
[2024-08-28T13:06:07.901+0000][info][gc             ] GC(418) Concurrent Mark Cycle
[2024-08-28T13:06:07.901+0000][info][gc,marking     ] GC(418) Concurrent Clear Claimed Marks
[2024-08-28T13:06:07.901+0000][info][gc,marking     ] GC(418) Concurrent Clear Claimed Marks 0.012ms
[2024-08-28T13:06:07.901+0000][info][gc,marking     ] GC(418) Concurrent Scan Root Regions
[2024-08-28T13:06:07.903+0000][info][gc,marking     ] GC(418) Concurrent Scan Root Regions 1.857ms
[2024-08-28T13:06:07.903+0000][info][gc,marking     ] GC(418) Concurrent Mark
[2024-08-28T13:06:07.903+0000][info][gc,marking     ] GC(418) Concurrent Mark From Roots
[2024-08-28T13:06:07.903+0000][info][gc,task        ] GC(418) Using 17 workers of 17 for marking
[2024-08-28T13:06:07.930+0000][info][gc,marking     ] GC(418) Concurrent Mark From Roots 27.330ms
[2024-08-28T13:06:07.930+0000][info][gc,marking     ] GC(418) Concurrent Preclean
[2024-08-28T13:06:07.931+0000][info][gc,marking     ] GC(418) Concurrent Preclean 0.697ms
[2024-08-28T13:06:07.931+0000][info][gc,start       ] GC(418) Pause Remark
[2024-08-28T13:06:07.933+0000][info][gc             ] GC(418) Pause Remark 883M->883M(1024M) 1.449ms
[2024-08-28T13:06:07.933+0000][info][gc,cpu         ] GC(418) User=0.01s Sys=0.00s Real=0.00s
[2024-08-28T13:06:07.933+0000][info][gc,marking     ] GC(418) Concurrent Mark 29.922ms
[2024-08-28T13:06:07.933+0000][info][gc,marking     ] GC(418) Concurrent Rebuild Remembered Sets
[2024-08-28T13:06:07.937+0000][info][gc,start       ] GC(419) Pause Young (Normal) (G1 Evacuation Pause)
[2024-08-28T13:06:07.937+0000][info][gc,task        ] GC(419) Using 24 workers of 68 for evacuation
[2024-08-28T13:06:07.948+0000][info][gc,phases      ] GC(419)   Pre Evacuate Collection Set: 0.2ms
[2024-08-28T13:06:07.948+0000][info][gc,phases      ] GC(419)   Merge Heap Roots: 0.4ms
[2024-08-28T13:06:07.948+0000][info][gc,phases      ] GC(419)   Evacuate Collection Set: 9.9ms
[2024-08-28T13:06:07.948+0000][info][gc,phases      ] GC(419)   Post Evacuate Collection Set: 0.5ms
[2024-08-28T13:06:07.948+0000][info][gc,phases      ] GC(419)   Other: 0.2ms
[2024-08-28T13:06:07.948+0000][info][gc,heap        ] GC(419) Eden regions: 44->0(44)
[2024-08-28T13:06:07.948+0000][info][gc,heap        ] GC(419) Survivor regions: 7->7(7)
[2024-08-28T13:06:07.948+0000][info][gc,heap        ] GC(419) Old regions: 834->880
[2024-08-28T13:06:07.948+0000][info][gc,heap        ] GC(419) Archive regions: 2->2
[2024-08-28T13:06:07.948+0000][info][gc,heap        ] GC(419) Humongous regions: 5->5
[2024-08-28T13:06:07.948+0000][info][gc,metaspace   ] GC(419) Metaspace: 100K(320K)->100K(320K) NonClass: 96K(192K)->96K(192K) Class: 4K(128K)->4K(128K)
[2024-08-28T13:06:07.949+0000][info][gc             ] GC(419) Pause Young (Normal) (G1 Evacuation Pause) 890M->892M(1024M) 11.235ms
[2024-08-28T13:06:07.949+0000][info][gc,cpu         ] GC(419) User=0.23s Sys=0.01s Real=0.01s
[2024-08-28T13:06:07.977+0000][info][gc,start       ] GC(420) Pause Young (Normal) (G1 Evacuation Pause)
[2024-08-28T13:06:07.977+0000][info][gc,task        ] GC(420) Using 24 workers of 68 for evacuation
[2024-08-28T13:06:07.993+0000][info][gc,phases      ] GC(420)   Pre Evacuate Collection Set: 0.2ms
[2024-08-28T13:06:07.993+0000][info][gc,phases      ] GC(420)   Merge Heap Roots: 0.3ms
[2024-08-28T13:06:07.993+0000][info][gc,phases      ] GC(420)   Evacuate Collection Set: 14.0ms
[2024-08-28T13:06:07.993+0000][info][gc,phases      ] GC(420)   Post Evacuate Collection Set: 0.6ms
[2024-08-28T13:06:07.993+0000][info][gc,phases      ] GC(420)   Other: 0.3ms
[2024-08-28T13:06:07.993+0000][info][gc,heap        ] GC(420) Eden regions: 44->0(44)
[2024-08-28T13:06:07.993+0000][info][gc,heap        ] GC(420) Survivor regions: 7->7(7)
[2024-08-28T13:06:07.993+0000][info][gc,heap        ] GC(420) Old regions: 880->926
[2024-08-28T13:06:07.993+0000][info][gc,heap        ] GC(420) Archive regions: 2->2
[2024-08-28T13:06:07.993+0000][info][gc,heap        ] GC(420) Humongous regions: 5->5
[2024-08-28T13:06:07.993+0000][info][gc,metaspace   ] GC(420) Metaspace: 100K(320K)->100K(320K) NonClass: 96K(192K)->96K(192K) Class: 4K(128K)->4K(128K)
[2024-08-28T13:06:07.993+0000][info][gc             ] GC(420) Pause Young (Normal) (G1 Evacuation Pause) 936M->938M(1024M) 15.381ms
[2024-08-28T13:06:07.993+0000][info][gc,cpu         ] GC(420) User=0.34s Sys=0.01s Real=0.02s
[2024-08-28T13:06:08.017+0000][info][gc,start       ] GC(421) Pause Young (Normal) (G1 Preventive Collection)
[2024-08-28T13:06:08.017+0000][info][gc,task        ] GC(421) Using 24 workers of 68 for evacuation
[2024-08-28T13:06:08.033+0000][info][gc,phases      ] GC(421)   Pre Evacuate Collection Set: 0.2ms
[2024-08-28T13:06:08.033+0000][info][gc,phases      ] GC(421)   Merge Heap Roots: 0.6ms
[2024-08-28T13:06:08.033+0000][info][gc,phases      ] GC(421)   Evacuate Collection Set: 14.3ms
[2024-08-28T13:06:08.033+0000][info][gc,phases      ] GC(421)   Post Evacuate Collection Set: 0.6ms
[2024-08-28T13:06:08.033+0000][info][gc,phases      ] GC(421)   Other: 0.3ms
[2024-08-28T13:06:08.033+0000][info][gc,heap        ] GC(421) Eden regions: 37->0(44)
[2024-08-28T13:06:08.033+0000][info][gc,heap        ] GC(421) Survivor regions: 7->7(7)
[2024-08-28T13:06:08.033+0000][info][gc,heap        ] GC(421) Old regions: 926->966
[2024-08-28T13:06:08.033+0000][info][gc,heap        ] GC(421) Archive regions: 2->2
[2024-08-28T13:06:08.033+0000][info][gc,heap        ] GC(421) Humongous regions: 5->5
[2024-08-28T13:06:08.033+0000][info][gc,metaspace   ] GC(421) Metaspace: 100K(320K)->100K(320K) NonClass: 96K(192K)->96K(192K) Class: 4K(128K)->4K(128K)
[2024-08-28T13:06:08.033+0000][info][gc             ] GC(421) Pause Young (Normal) (G1 Preventive Collection) 975M->978M(1024M) 16.006ms
[2024-08-28T13:06:08.033+0000][info][gc,cpu         ] GC(421) User=0.36s Sys=0.00s Real=0.02s
[2024-08-28T13:06:08.034+0000][info][gc,marking     ] GC(418) Concurrent Rebuild Remembered Sets 100.535ms
[2024-08-28T13:06:08.034+0000][info][gc,start       ] GC(418) Pause Cleanup
[2024-08-28T13:06:08.035+0000][info][gc             ] GC(418) Pause Cleanup 979M->979M(1024M) 1.543ms
[2024-08-28T13:06:08.035+0000][info][gc,cpu         ] GC(418) User=0.00s Sys=0.00s Real=0.00s
[2024-08-28T13:06:08.035+0000][info][gc,marking     ] GC(418) Concurrent Cleanup for Next Mark
[2024-08-28T13:06:08.036+0000][info][gc,marking     ] GC(418) Concurrent Cleanup for Next Mark 0.809ms
[2024-08-28T13:06:08.036+0000][info][gc             ] GC(418) Concurrent Mark Cycle 135.049ms
[2024-08-28T13:06:08.047+0000][info][gc,start       ] GC(422) Pause Young (Prepare Mixed) (G1 Preventive Collection)
[2024-08-28T13:06:08.047+0000][info][gc,task        ] GC(422) Using 24 workers of 68 for evacuation
[2024-08-28T13:06:08.062+0000][info][gc,phases      ] GC(422)   Pre Evacuate Collection Set: 0.2ms
[2024-08-28T13:06:08.062+0000][info][gc,phases      ] GC(422)   Merge Heap Roots: 0.7ms
[2024-08-28T13:06:08.062+0000][info][gc,phases      ] GC(422)   Evacuate Collection Set: 13.4ms
[2024-08-28T13:06:08.062+0000][info][gc,phases      ] GC(422)   Post Evacuate Collection Set: 0.3ms
[2024-08-28T13:06:08.062+0000][info][gc,phases      ] GC(422)   Other: 0.2ms
[2024-08-28T13:06:08.062+0000][info][gc,heap        ] GC(422) Eden regions: 17->0(44)
[2024-08-28T13:06:08.062+0000][info][gc,heap        ] GC(422) Survivor regions: 7->7(7)
[2024-08-28T13:06:08.062+0000][info][gc,heap        ] GC(422) Old regions: 966->986
[2024-08-28T13:06:08.062+0000][info][gc,heap        ] GC(422) Archive regions: 2->2
[2024-08-28T13:06:08.062+0000][info][gc,heap        ] GC(422) Humongous regions: 5->5
[2024-08-28T13:06:08.062+0000][info][gc,metaspace   ] GC(422) Metaspace: 100K(320K)->100K(320K) NonClass: 96K(192K)->96K(192K) Class: 4K(128K)->4K(128K)
[2024-08-28T13:06:08.062+0000][info][gc             ] GC(422) Pause Young (Prepare Mixed) (G1 Preventive Collection) 995M->998M(1024M) 14.746ms
[2024-08-28T13:06:08.062+0000][info][gc,cpu         ] GC(422) User=0.33s Sys=0.01s Real=0.02s
[2024-08-28T13:06:08.066+0000][info][gc,start       ] GC(423) Pause Young (Mixed) (G1 Preventive Collection)
[2024-08-28T13:06:08.066+0000][info][gc,task        ] GC(423) Using 24 workers of 68 for evacuation
[2024-08-28T13:06:08.070+0000][info][gc,phases      ] GC(423)   Pre Evacuate Collection Set: 0.2ms
[2024-08-28T13:06:08.070+0000][info][gc,phases      ] GC(423)   Merge Heap Roots: 0.2ms
[2024-08-28T13:06:08.070+0000][info][gc,phases      ] GC(423)   Evacuate Collection Set: 3.7ms
[2024-08-28T13:06:08.070+0000][info][gc,phases      ] GC(423)   Post Evacuate Collection Set: 0.3ms
[2024-08-28T13:06:08.070+0000][info][gc,phases      ] GC(423)   Other: 0.1ms
[2024-08-28T13:06:08.070+0000][info][gc,heap        ] GC(423) Eden regions: 7->0(44)
[2024-08-28T13:06:08.070+0000][info][gc,heap        ] GC(423) Survivor regions: 7->7(7)
[2024-08-28T13:06:08.070+0000][info][gc,heap        ] GC(423) Old regions: 986->892
[2024-08-28T13:06:08.070+0000][info][gc,heap        ] GC(423) Archive regions: 2->2
[2024-08-28T13:06:08.070+0000][info][gc,heap        ] GC(423) Humongous regions: 5->5
[2024-08-28T13:06:08.070+0000][info][gc,metaspace   ] GC(423) Metaspace: 100K(320K)->100K(320K) NonClass: 96K(192K)->96K(192K) Class: 4K(128K)->4K(128K)
[2024-08-28T13:06:08.070+0000][info][gc             ] GC(423) Pause Young (Mixed) (G1 Preventive Collection) 1005M->904M(1024M) 4.480ms
[2024-08-28T13:06:08.070+0000][info][gc,cpu         ] GC(423) User=0.09s Sys=0.00s Real=0.01s
[2024-08-28T13:06:08.096+0000][info][gc,start       ] GC(424) Pause Young (Mixed) (G1 Evacuation Pause)
[2024-08-28T13:06:08.096+0000][info][gc,task        ] GC(424) Using 24 workers of 68 for evacuation
[2024-08-28T13:06:08.108+0000][info][gc,phases      ] GC(424)   Pre Evacuate Collection Set: 0.2ms
[2024-08-28T13:06:08.108+0000][info][gc,phases      ] GC(424)   Merge Heap Roots: 0.4ms
[2024-08-28T13:06:08.108+0000][info][gc,phases      ] GC(424)   Evacuate Collection Set: 10.3ms
[2024-08-28T13:06:08.108+0000][info][gc,phases      ] GC(424)   Post Evacuate Collection Set: 0.4ms
[2024-08-28T13:06:08.108+0000][info][gc,phases      ] GC(424)   Other: 0.2ms
[2024-08-28T13:06:08.108+0000][info][gc,heap        ] GC(424) Eden regions: 44->0(44)
[2024-08-28T13:06:08.108+0000][info][gc,heap        ] GC(424) Survivor regions: 7->7(7)
[2024-08-28T13:06:08.108+0000][info][gc,heap        ] GC(424) Old regions: 892->833
[2024-08-28T13:06:08.108+0000][info][gc,heap        ] GC(424) Archive regions: 2->2
[2024-08-28T13:06:08.108+0000][info][gc,heap        ] GC(424) Humongous regions: 5->5
[2024-08-28T13:06:08.108+0000][info][gc,metaspace   ] GC(424) Metaspace: 100K(320K)->100K(320K) NonClass: 96K(192K)->96K(192K) Class: 4K(128K)->4K(128K)
[2024-08-28T13:06:08.108+0000][info][gc             ] GC(424) Pause Young (Mixed) (G1 Evacuation Pause) 948M->845M(1024M) 11.661ms
[2024-08-28T13:06:08.108+0000][info][gc,cpu         ] GC(424) User=0.24s Sys=0.01s Real=0.01s
[2024-08-28T13:06:08.132+0000][info][gc,start       ] GC(425) Pause Young (Mixed) (G1 Evacuation Pause)
[2024-08-28T13:06:08.133+0000][info][gc,task        ] GC(425) Using 24 workers of 68 for evacuation
[2024-08-28T13:06:08.144+0000][info][gc,phases      ] GC(425)   Pre Evacuate Collection Set: 0.2ms
[2024-08-28T13:06:08.144+0000][info][gc,phases      ] GC(425)   Merge Heap Roots: 0.3ms
[2024-08-28T13:06:08.144+0000][info][gc,phases      ] GC(425)   Evacuate Collection Set: 10.5ms
[2024-08-28T13:06:08.144+0000][info][gc,phases      ] GC(425)   Post Evacuate Collection Set: 0.4ms
[2024-08-28T13:06:08.144+0000][info][gc,phases      ] GC(425)   Other: 0.2ms
[2024-08-28T13:06:08.144+0000][info][gc,heap        ] GC(425) Eden regions: 44->0(44)
[2024-08-28T13:06:08.144+0000][info][gc,heap        ] GC(425) Survivor regions: 7->7(7)
[2024-08-28T13:06:08.144+0000][info][gc,heap        ] GC(425) Old regions: 833->777
[2024-08-28T13:06:08.144+0000][info][gc,heap        ] GC(425) Archive regions: 2->2
[2024-08-28T13:06:08.144+0000][info][gc,heap        ] GC(425) Humongous regions: 5->5
[2024-08-28T13:06:08.144+0000][info][gc,metaspace   ] GC(425) Metaspace: 100K(320K)->100K(320K) NonClass: 96K(192K)->96K(192K) Class: 4K(128K)->4K(128K)
[2024-08-28T13:06:08.144+0000][info][gc             ] GC(425) Pause Young (Mixed) (G1 Evacuation Pause) 889M->789M(1024M) 11.791ms
[2024-08-28T13:06:08.144+0000][info][gc,cpu         ] GC(425) User=0.25s Sys=0.01s Real=0.01s
[2024-08-28T13:06:08.169+0000][info][gc,start       ] GC(426) Pause Young (Mixed) (G1 Evacuation Pause)
[2024-08-28T13:06:08.169+0000][info][gc,task        ] GC(426) Using 24 workers of 68 for evacuation
[2024-08-28T13:06:08.184+0000][info][gc,phases      ] GC(426)   Pre Evacuate Collection Set: 0.2ms
[2024-08-28T13:06:08.184+0000][info][gc,phases      ] GC(426)   Merge Heap Roots: 0.4ms
[2024-08-28T13:06:08.184+0000][info][gc,phases      ] GC(426)   Evacuate Collection Set: 14.5ms
[2024-08-28T13:06:08.184+0000][info][gc,phases      ] GC(426)   Post Evacuate Collection Set: 0.3ms
[2024-08-28T13:06:08.184+0000][info][gc,phases      ] GC(426)   Other: 0.2ms
[2024-08-28T13:06:08.184+0000][info][gc,heap        ] GC(426) Eden regions: 44->0(44)
[2024-08-28T13:06:08.184+0000][info][gc,heap        ] GC(426) Survivor regions: 7->7(7)
[2024-08-28T13:06:08.185+0000][info][gc,heap        ] GC(426) Old regions: 777->790
[2024-08-28T13:06:08.185+0000][info][gc,heap        ] GC(426) Archive regions: 2->2
[2024-08-28T13:06:08.185+0000][info][gc,heap        ] GC(426) Humongous regions: 5->5
[2024-08-28T13:06:08.185+0000][info][gc,metaspace   ] GC(426) Metaspace: 100K(320K)->100K(320K) NonClass: 96K(192K)->96K(192K) Class: 4K(128K)->4K(128K)
[2024-08-28T13:06:08.185+0000][info][gc             ] GC(426) Pause Young (Mixed) (G1 Evacuation Pause) 833M->802M(1024M) 15.616ms
[2024-08-28T13:06:08.185+0000][info][gc,cpu         ] GC(426) User=0.27s Sys=0.00s Real=0.02s
[2024-08-28T13:06:08.221+0000][info][gc,start       ] GC(427) Pause Young (Concurrent Start) (G1 Evacuation Pause)
[2024-08-28T13:06:08.221+0000][info][gc,task        ] GC(427) Using 24 workers of 68 for evacuation
[2024-08-28T13:06:08.233+0000][info][gc,phases      ] GC(427)   Pre Evacuate Collection Set: 0.2ms
[2024-08-28T13:06:08.233+0000][info][gc,phases      ] GC(427)   Merge Heap Roots: 0.4ms
[2024-08-28T13:06:08.233+0000][info][gc,phases      ] GC(427)   Evacuate Collection Set: 10.3ms
[2024-08-28T13:06:08.233+0000][info][gc,phases      ] GC(427)   Post Evacuate Collection Set: 0.3ms
[2024-08-28T13:06:08.233+0000][info][gc,phases      ] GC(427)   Other: 0.6ms
[2024-08-28T13:06:08.233+0000][info][gc,heap        ] GC(427) Eden regions: 44->0(44)
[2024-08-28T13:06:08.233+0000][info][gc,heap        ] GC(427) Survivor regions: 7->7(7)
[2024-08-28T13:06:08.233+0000][info][gc,heap        ] GC(427) Old regions: 790->837
[2024-08-28T13:06:08.233+0000][info][gc,heap        ] GC(427) Archive regions: 2->2
[2024-08-28T13:06:08.233+0000][info][gc,heap        ] GC(427) Humongous regions: 5->5
[2024-08-28T13:06:08.233+0000][info][gc,metaspace   ] GC(427) Metaspace: 100K(320K)->100K(320K) NonClass: 96K(192K)->96K(192K) Class: 4K(128K)->4K(128K)
[2024-08-28T13:06:08.233+0000][info][gc             ] GC(427) Pause Young (Concurrent Start) (G1 Evacuation Pause) 846M->849M(1024M) 11.883ms
[2024-08-28T13:06:08.233+0000][info][gc,cpu         ] GC(427) User=0.24s Sys=0.02s Real=0.01s
[2024-08-28T13:06:08.233+0000][info][gc             ] GC(428) Concurrent Mark Cycle
[2024-08-28T13:06:08.233+0000][info][gc,marking     ] GC(428) Concurrent Clear Claimed Marks
[2024-08-28T13:06:08.233+0000][info][gc,marking     ] GC(428) Concurrent Clear Claimed Marks 0.012ms
[2024-08-28T13:06:08.233+0000][info][gc,marking     ] GC(428) Concurrent Scan Root Regions
[2024-08-28T13:06:08.235+0000][info][gc,marking     ] GC(428) Concurrent Scan Root Regions 1.945ms
[2024-08-28T13:06:08.235+0000][info][gc,marking     ] GC(428) Concurrent Mark
[2024-08-28T13:06:08.235+0000][info][gc,marking     ] GC(428) Concurrent Mark From Roots
[2024-08-28T13:06:08.235+0000][info][gc,task        ] GC(428) Using 17 workers of 17 for marking
[2024-08-28T13:06:08.262+0000][info][gc,marking     ] GC(428) Concurrent Mark From Roots 26.848ms
[2024-08-28T13:06:08.262+0000][info][gc,marking     ] GC(428) Concurrent Preclean
[2024-08-28T13:06:08.263+0000][info][gc,marking     ] GC(428) Concurrent Preclean 1.344ms
[2024-08-28T13:06:08.264+0000][info][gc,start       ] GC(428) Pause Remark
[2024-08-28T13:06:08.265+0000][info][gc             ] GC(428) Pause Remark 885M->885M(1024M) 1.431ms
[2024-08-28T13:06:08.265+0000][info][gc,cpu         ] GC(428) User=0.01s Sys=0.00s Real=0.00s
[2024-08-28T13:06:08.265+0000][info][gc,marking     ] GC(428) Concurrent Mark 30.041ms
[2024-08-28T13:06:08.265+0000][info][gc,marking     ] GC(428) Concurrent Rebuild Remembered Sets
[2024-08-28T13:06:08.270+0000][info][gc,start       ] GC(429) Pause Young (Normal) (G1 Evacuation Pause)
[2024-08-28T13:06:08.270+0000][info][gc,task        ] GC(429) Using 24 workers of 68 for evacuation
[2024-08-28T13:06:08.282+0000][info][gc,phases      ] GC(429)   Pre Evacuate Collection Set: 0.2ms
[2024-08-28T13:06:08.282+0000][info][gc,phases      ] GC(429)   Merge Heap Roots: 0.4ms
[2024-08-28T13:06:08.282+0000][info][gc,phases      ] GC(429)   Evacuate Collection Set: 10.8ms
[2024-08-28T13:06:08.282+0000][info][gc,phases      ] GC(429)   Post Evacuate Collection Set: 0.4ms
[2024-08-28T13:06:08.282+0000][info][gc,phases      ] GC(429)   Other: 0.2ms
[2024-08-28T13:06:08.282+0000][info][gc,heap        ] GC(429) Eden regions: 44->0(44)
[2024-08-28T13:06:08.282+0000][info][gc,heap        ] GC(429) Survivor regions: 7->7(7)
[2024-08-28T13:06:08.282+0000][info][gc,heap        ] GC(429) Old regions: 837->884
[2024-08-28T13:06:08.282+0000][info][gc,heap        ] GC(429) Archive regions: 2->2
[2024-08-28T13:06:08.282+0000][info][gc,heap        ] GC(429) Humongous regions: 5->5
[2024-08-28T13:06:08.282+0000][info][gc,metaspace   ] GC(429) Metaspace: 100K(320K)->100K(320K) NonClass: 96K(192K)->96K(192K) Class: 4K(128K)->4K(128K)
[2024-08-28T13:06:08.282+0000][info][gc             ] GC(429) Pause Young (Normal) (G1 Evacuation Pause) 893M->896M(1024M) 12.080ms
[2024-08-28T13:06:08.282+0000][info][gc,cpu         ] GC(429) User=0.24s Sys=0.03s Real=0.01s
[2024-08-28T13:06:08.313+0000][info][gc,start       ] GC(430) Pause Young (Normal) (G1 Evacuation Pause)
[2024-08-28T13:06:08.313+0000][info][gc,task        ] GC(430) Using 24 workers of 68 for evacuation
[2024-08-28T13:06:08.328+0000][info][gc,phases      ] GC(430)   Pre Evacuate Collection Set: 0.2ms
[2024-08-28T13:06:08.328+0000][info][gc,phases      ] GC(430)   Merge Heap Roots: 0.5ms
[2024-08-28T13:06:08.328+0000][info][gc,phases      ] GC(430)   Evacuate Collection Set: 14.1ms
[2024-08-28T13:06:08.328+0000][info][gc,phases      ] GC(430)   Post Evacuate Collection Set: 0.6ms
[2024-08-28T13:06:08.328+0000][info][gc,phases      ] GC(430)   Other: 0.3ms
[2024-08-28T13:06:08.328+0000][info][gc,heap        ] GC(430) Eden regions: 44->0(44)
[2024-08-28T13:06:08.328+0000][info][gc,heap        ] GC(430) Survivor regions: 7->7(7)
[2024-08-28T13:06:08.328+0000][info][gc,heap        ] GC(430) Old regions: 884->931
[2024-08-28T13:06:08.328+0000][info][gc,heap        ] GC(430) Archive regions: 2->2
[2024-08-28T13:06:08.328+0000][info][gc,heap        ] GC(430) Humongous regions: 5->5
[2024-08-28T13:06:08.328+0000][info][gc,metaspace   ] GC(430) Metaspace: 100K(320K)->100K(320K) NonClass: 96K(192K)->96K(192K) Class: 4K(128K)->4K(128K)
[2024-08-28T13:06:08.328+0000][info][gc             ] GC(430) Pause Young (Normal) (G1 Evacuation Pause) 940M->943M(1024M) 15.749ms
[2024-08-28T13:06:08.328+0000][info][gc,cpu         ] GC(430) User=0.33s Sys=0.03s Real=0.01s
[2024-08-28T13:06:08.347+0000][info][gc,marking     ] GC(428) Concurrent Rebuild Remembered Sets 81.924ms
[2024-08-28T13:06:08.347+0000][info][gc,start       ] GC(428) Pause Cleanup
[2024-08-28T13:06:08.349+0000][info][gc             ] GC(428) Pause Cleanup 973M->973M(1024M) 1.583ms
[2024-08-28T13:06:08.349+0000][info][gc,cpu         ] GC(428) User=0.00s Sys=0.00s Real=0.00s
[2024-08-28T13:06:08.349+0000][info][gc,marking     ] GC(428) Concurrent Cleanup for Next Mark
[2024-08-28T13:06:08.350+0000][info][gc,marking     ] GC(428) Concurrent Cleanup for Next Mark 0.808ms
[2024-08-28T13:06:08.350+0000][info][gc             ] GC(428) Concurrent Mark Cycle 116.848ms
[2024-08-28T13:06:08.352+0000][info][gc,start       ] GC(431) Pause Young (Prepare Mixed) (G1 Preventive Collection)
[2024-08-28T13:06:08.352+0000][info][gc,task        ] GC(431) Using 24 workers of 68 for evacuation
[2024-08-28T13:06:08.367+0000][info][gc,phases      ] GC(431)   Pre Evacuate Collection Set: 0.2ms
[2024-08-28T13:06:08.367+0000][info][gc,phases      ] GC(431)   Merge Heap Roots: 0.4ms
[2024-08-28T13:06:08.367+0000][info][gc,phases      ] GC(431)   Evacuate Collection Set: 14.2ms
[2024-08-28T13:06:08.367+0000][info][gc,phases      ] GC(431)   Post Evacuate Collection Set: 0.3ms
[2024-08-28T13:06:08.367+0000][info][gc,phases      ] GC(431)   Other: 0.2ms
[2024-08-28T13:06:08.367+0000][info][gc,heap        ] GC(431) Eden regions: 34->0(44)
[2024-08-28T13:06:08.367+0000][info][gc,heap        ] GC(431) Survivor regions: 7->7(7)
[2024-08-28T13:06:08.367+0000][info][gc,heap        ] GC(431) Old regions: 931->968
[2024-08-28T13:06:08.367+0000][info][gc,heap        ] GC(431) Archive regions: 2->2
[2024-08-28T13:06:08.367+0000][info][gc,heap        ] GC(431) Humongous regions: 5->5
[2024-08-28T13:06:08.367+0000][info][gc,metaspace   ] GC(431) Metaspace: 100K(320K)->100K(320K) NonClass: 96K(192K)->96K(192K) Class: 4K(128K)->4K(128K)
[2024-08-28T13:06:08.367+0000][info][gc             ] GC(431) Pause Young (Prepare Mixed) (G1 Preventive Collection) 977M->980M(1024M) 15.260ms
[2024-08-28T13:06:08.367+0000][info][gc,cpu         ] GC(431) User=0.34s Sys=0.01s Real=0.01s
[2024-08-28T13:06:08.377+0000][info][gc,start       ] GC(432) Pause Young (Mixed) (G1 Preventive Collection)
[2024-08-28T13:06:08.377+0000][info][gc,task        ] GC(432) Using 24 workers of 68 for evacuation
[2024-08-28T13:06:08.384+0000][info][gc,phases      ] GC(432)   Pre Evacuate Collection Set: 0.2ms
[2024-08-28T13:06:08.384+0000][info][gc,phases      ] GC(432)   Merge Heap Roots: 0.3ms
[2024-08-28T13:06:08.384+0000][info][gc,phases      ] GC(432)   Evacuate Collection Set: 6.0ms
[2024-08-28T13:06:08.384+0000][info][gc,phases      ] GC(432)   Post Evacuate Collection Set: 0.4ms
[2024-08-28T13:06:08.384+0000][info][gc,phases      ] GC(432)   Other: 0.2ms
[2024-08-28T13:06:08.384+0000][info][gc,heap        ] GC(432) Eden regions: 16->0(44)
[2024-08-28T13:06:08.384+0000][info][gc,heap        ] GC(432) Survivor regions: 7->7(7)
[2024-08-28T13:06:08.384+0000][info][gc,heap        ] GC(432) Old regions: 968->883
[2024-08-28T13:06:08.384+0000][info][gc,heap        ] GC(432) Archive regions: 2->2
[2024-08-28T13:06:08.384+0000][info][gc,heap        ] GC(432) Humongous regions: 5->5
[2024-08-28T13:06:08.384+0000][info][gc,metaspace   ] GC(432) Metaspace: 100K(320K)->100K(320K) NonClass: 96K(192K)->96K(192K) Class: 4K(128K)->4K(128K)
[2024-08-28T13:06:08.384+0000][info][gc             ] GC(432) Pause Young (Mixed) (G1 Preventive Collection) 996M->895M(1024M) 7.218ms
[2024-08-28T13:06:08.384+0000][info][gc,cpu         ] GC(432) User=0.15s Sys=0.00s Real=0.01s
[2024-08-28T13:06:08.409+0000][info][gc,start       ] GC(433) Pause Young (Mixed) (G1 Evacuation Pause)
[2024-08-28T13:06:08.409+0000][info][gc,task        ] GC(433) Using 24 workers of 68 for evacuation
[2024-08-28T13:06:08.420+0000][info][gc,phases      ] GC(433)   Pre Evacuate Collection Set: 0.2ms
[2024-08-28T13:06:08.420+0000][info][gc,phases      ] GC(433)   Merge Heap Roots: 0.3ms
[2024-08-28T13:06:08.420+0000][info][gc,phases      ] GC(433)   Evacuate Collection Set: 10.0ms
[2024-08-28T13:06:08.420+0000][info][gc,phases      ] GC(433)   Post Evacuate Collection Set: 0.4ms
[2024-08-28T13:06:08.420+0000][info][gc,phases      ] GC(433)   Other: 0.2ms
[2024-08-28T13:06:08.420+0000][info][gc,heap        ] GC(433) Eden regions: 44->0(44)
[2024-08-28T13:06:08.420+0000][info][gc,heap        ] GC(433) Survivor regions: 7->7(7)
[2024-08-28T13:06:08.420+0000][info][gc,heap        ] GC(433) Old regions: 883->825
[2024-08-28T13:06:08.420+0000][info][gc,heap        ] GC(433) Archive regions: 2->2
[2024-08-28T13:06:08.420+0000][info][gc,heap        ] GC(433) Humongous regions: 5->5
[2024-08-28T13:06:08.420+0000][info][gc,metaspace   ] GC(433) Metaspace: 100K(320K)->100K(320K) NonClass: 96K(192K)->96K(192K) Class: 4K(128K)->4K(128K)
[2024-08-28T13:06:08.420+0000][info][gc             ] GC(433) Pause Young (Mixed) (G1 Evacuation Pause) 939M->837M(1024M) 11.207ms
[2024-08-28T13:06:08.420+0000][info][gc,cpu         ] GC(433) User=0.25s Sys=0.00s Real=0.02s
[2024-08-28T13:06:08.445+0000][info][gc,start       ] GC(434) Pause Young (Mixed) (G1 Evacuation Pause)
[2024-08-28T13:06:08.445+0000][info][gc,task        ] GC(434) Using 24 workers of 68 for evacuation
[2024-08-28T13:06:08.457+0000][info][gc,phases      ] GC(434)   Pre Evacuate Collection Set: 0.2ms
[2024-08-28T13:06:08.457+0000][info][gc,phases      ] GC(434)   Merge Heap Roots: 0.4ms
[2024-08-28T13:06:08.457+0000][info][gc,phases      ] GC(434)   Evacuate Collection Set: 10.4ms
[2024-08-28T13:06:08.457+0000][info][gc,phases      ] GC(434)   Post Evacuate Collection Set: 0.4ms
[2024-08-28T13:06:08.457+0000][info][gc,phases      ] GC(434)   Other: 0.2ms
[2024-08-28T13:06:08.457+0000][info][gc,heap        ] GC(434) Eden regions: 44->0(44)
[2024-08-28T13:06:08.457+0000][info][gc,heap        ] GC(434) Survivor regions: 7->7(7)
[2024-08-28T13:06:08.457+0000][info][gc,heap        ] GC(434) Old regions: 825->769
[2024-08-28T13:06:08.457+0000][info][gc,heap        ] GC(434) Archive regions: 2->2
[2024-08-28T13:06:08.457+0000][info][gc,heap        ] GC(434) Humongous regions: 5->5
[2024-08-28T13:06:08.457+0000][info][gc,metaspace   ] GC(434) Metaspace: 100K(320K)->100K(320K) NonClass: 96K(192K)->96K(192K) Class: 4K(128K)->4K(128K)
[2024-08-28T13:06:08.457+0000][info][gc             ] GC(434) Pause Young (Mixed) (G1 Evacuation Pause) 881M->781M(1024M) 11.672ms
[2024-08-28T13:06:08.457+0000][info][gc,cpu         ] GC(434) User=0.25s Sys=0.00s Real=0.01s
[2024-08-28T13:06:08.483+0000][info][gc,start       ] GC(435) Pause Young (Mixed) (G1 Evacuation Pause)
[2024-08-28T13:06:08.483+0000][info][gc,task        ] GC(435) Using 24 workers of 68 for evacuation
[2024-08-28T13:06:08.495+0000][info][gc,phases      ] GC(435)   Pre Evacuate Collection Set: 0.2ms
[2024-08-28T13:06:08.495+0000][info][gc,phases      ] GC(435)   Merge Heap Roots: 0.2ms
[2024-08-28T13:06:08.495+0000][info][gc,phases      ] GC(435)   Evacuate Collection Set: 10.7ms
[2024-08-28T13:06:08.495+0000][info][gc,phases      ] GC(435)   Post Evacuate Collection Set: 0.4ms
[2024-08-28T13:06:08.495+0000][info][gc,phases      ] GC(435)   Other: 0.2ms
[2024-08-28T13:06:08.495+0000][info][gc,heap        ] GC(435) Eden regions: 44->0(44)
[2024-08-28T13:06:08.495+0000][info][gc,heap        ] GC(435) Survivor regions: 7->7(7)
[2024-08-28T13:06:08.495+0000][info][gc,heap        ] GC(435) Old regions: 769->778
[2024-08-28T13:06:08.495+0000][info][gc,heap        ] GC(435) Archive regions: 2->2
[2024-08-28T13:06:08.495+0000][info][gc,heap        ] GC(435) Humongous regions: 5->5
[2024-08-28T13:06:08.495+0000][info][gc,metaspace   ] GC(435) Metaspace: 100K(320K)->100K(320K) NonClass: 96K(192K)->96K(192K) Class: 4K(128K)->4K(128K)
[2024-08-28T13:06:08.495+0000][info][gc             ] GC(435) Pause Young (Mixed) (G1 Evacuation Pause) 825M->790M(1024M) 11.785ms
[2024-08-28T13:06:08.495+0000][info][gc,cpu         ] GC(435) User=0.26s Sys=0.00s Real=0.01s
[2024-08-28T13:06:08.520+0000][info][gc,start       ] GC(436) Pause Young (Concurrent Start) (G1 Evacuation Pause)
[2024-08-28T13:06:08.520+0000][info][gc,task        ] GC(436) Using 24 workers of 68 for evacuation
[2024-08-28T13:06:08.531+0000][info][gc,phases      ] GC(436)   Pre Evacuate Collection Set: 0.2ms
[2024-08-28T13:06:08.531+0000][info][gc,phases      ] GC(436)   Merge Heap Roots: 0.2ms
[2024-08-28T13:06:08.531+0000][info][gc,phases      ] GC(436)   Evacuate Collection Set: 10.2ms
[2024-08-28T13:06:08.531+0000][info][gc,phases      ] GC(436)   Post Evacuate Collection Set: 0.3ms
[2024-08-28T13:06:08.531+0000][info][gc,phases      ] GC(436)   Other: 0.6ms
[2024-08-28T13:06:08.531+0000][info][gc,heap        ] GC(436) Eden regions: 44->0(44)
[2024-08-28T13:06:08.531+0000][info][gc,heap        ] GC(436) Survivor regions: 7->7(7)
[2024-08-28T13:06:08.531+0000][info][gc,heap        ] GC(436) Old regions: 778->824
[2024-08-28T13:06:08.532+0000][info][gc,heap        ] GC(436) Archive regions: 2->2
[2024-08-28T13:06:08.532+0000][info][gc,heap        ] GC(436) Humongous regions: 5->5
[2024-08-28T13:06:08.532+0000][info][gc,metaspace   ] GC(436) Metaspace: 100K(320K)->100K(320K) NonClass: 96K(192K)->96K(192K) Class: 4K(128K)->4K(128K)
[2024-08-28T13:06:08.532+0000][info][gc             ] GC(436) Pause Young (Concurrent Start) (G1 Evacuation Pause) 834M->836M(1024M) 11.606ms
[2024-08-28T13:06:08.532+0000][info][gc,cpu         ] GC(436) User=0.23s Sys=0.02s Real=0.01s
[2024-08-28T13:06:08.532+0000][info][gc             ] GC(437) Concurrent Mark Cycle
[2024-08-28T13:06:08.532+0000][info][gc,marking     ] GC(437) Concurrent Clear Claimed Marks
[2024-08-28T13:06:08.532+0000][info][gc,marking     ] GC(437) Concurrent Clear Claimed Marks 0.013ms
[2024-08-28T13:06:08.532+0000][info][gc,marking     ] GC(437) Concurrent Scan Root Regions
[2024-08-28T13:06:08.534+0000][info][gc,marking     ] GC(437) Concurrent Scan Root Regions 1.821ms
[2024-08-28T13:06:08.534+0000][info][gc,marking     ] GC(437) Concurrent Mark
[2024-08-28T13:06:08.534+0000][info][gc,marking     ] GC(437) Concurrent Mark From Roots
[2024-08-28T13:06:08.534+0000][info][gc,task        ] GC(437) Using 17 workers of 17 for marking
[2024-08-28T13:06:08.559+0000][info][gc,marking     ] GC(437) Concurrent Mark From Roots 25.692ms
[2024-08-28T13:06:08.559+0000][info][gc,marking     ] GC(437) Concurrent Preclean
[2024-08-28T13:06:08.560+0000][info][gc,marking     ] GC(437) Concurrent Preclean 0.523ms
[2024-08-28T13:06:08.560+0000][info][gc,start       ] GC(437) Pause Remark
[2024-08-28T13:06:08.562+0000][info][gc             ] GC(437) Pause Remark 870M->870M(1024M) 1.469ms
[2024-08-28T13:06:08.562+0000][info][gc,cpu         ] GC(437) User=0.01s Sys=0.00s Real=0.00s
[2024-08-28T13:06:08.562+0000][info][gc,marking     ] GC(437) Concurrent Mark 28.134ms
[2024-08-28T13:06:08.562+0000][info][gc,marking     ] GC(437) Concurrent Rebuild Remembered Sets
[2024-08-28T13:06:08.568+0000][info][gc,start       ] GC(438) Pause Young (Normal) (G1 Evacuation Pause)
[2024-08-28T13:06:08.568+0000][info][gc,task        ] GC(438) Using 24 workers of 68 for evacuation
[2024-08-28T13:06:08.579+0000][info][gc,phases      ] GC(438)   Pre Evacuate Collection Set: 0.2ms
[2024-08-28T13:06:08.579+0000][info][gc,phases      ] GC(438)   Merge Heap Roots: 0.4ms
[2024-08-28T13:06:08.579+0000][info][gc,phases      ] GC(438)   Evacuate Collection Set: 9.9ms
[2024-08-28T13:06:08.579+0000][info][gc,phases      ] GC(438)   Post Evacuate Collection Set: 0.4ms
[2024-08-28T13:06:08.579+0000][info][gc,phases      ] GC(438)   Other: 0.2ms
[2024-08-28T13:06:08.579+0000][info][gc,heap        ] GC(438) Eden regions: 44->0(44)
[2024-08-28T13:06:08.579+0000][info][gc,heap        ] GC(438) Survivor regions: 7->7(7)
[2024-08-28T13:06:08.579+0000][info][gc,heap        ] GC(438) Old regions: 824->871
[2024-08-28T13:06:08.579+0000][info][gc,heap        ] GC(438) Archive regions: 2->2
[2024-08-28T13:06:08.579+0000][info][gc,heap        ] GC(438) Humongous regions: 5->5
[2024-08-28T13:06:08.580+0000][info][gc,metaspace   ] GC(438) Metaspace: 100K(320K)->100K(320K) NonClass: 96K(192K)->96K(192K) Class: 4K(128K)->4K(128K)
[2024-08-28T13:06:08.580+0000][info][gc             ] GC(438) Pause Young (Normal) (G1 Evacuation Pause) 880M->883M(1024M) 11.144ms
[2024-08-28T13:06:08.580+0000][info][gc,cpu         ] GC(438) User=0.24s Sys=0.00s Real=0.02s
[2024-08-28T13:06:08.607+0000][info][gc,start       ] GC(439) Pause Young (Normal) (G1 Evacuation Pause)
[2024-08-28T13:06:08.607+0000][info][gc,task        ] GC(439) Using 24 workers of 68 for evacuation
[2024-08-28T13:06:08.622+0000][info][gc,phases      ] GC(439)   Pre Evacuate Collection Set: 0.1ms
[2024-08-28T13:06:08.622+0000][info][gc,phases      ] GC(439)   Merge Heap Roots: 0.3ms
[2024-08-28T13:06:08.622+0000][info][gc,phases      ] GC(439)   Evacuate Collection Set: 13.8ms
[2024-08-28T13:06:08.622+0000][info][gc,phases      ] GC(439)   Post Evacuate Collection Set: 0.6ms
[2024-08-28T13:06:08.622+0000][info][gc,phases      ] GC(439)   Other: 0.2ms
[2024-08-28T13:06:08.622+0000][info][gc,heap        ] GC(439) Eden regions: 44->0(44)
[2024-08-28T13:06:08.622+0000][info][gc,heap        ] GC(439) Survivor regions: 7->7(7)
[2024-08-28T13:06:08.622+0000][info][gc,heap        ] GC(439) Old regions: 871->917
[2024-08-28T13:06:08.622+0000][info][gc,heap        ] GC(439) Archive regions: 2->2
[2024-08-28T13:06:08.622+0000][info][gc,heap        ] GC(439) Humongous regions: 5->5
[2024-08-28T13:06:08.622+0000][info][gc,metaspace   ] GC(439) Metaspace: 100K(320K)->100K(320K) NonClass: 96K(192K)->96K(192K) Class: 4K(128K)->4K(128K)
[2024-08-28T13:06:08.622+0000][info][gc             ] GC(439) Pause Young (Normal) (G1 Evacuation Pause) 927M->929M(1024M) 15.104ms
[2024-08-28T13:06:08.622+0000][info][gc,cpu         ] GC(439) User=0.34s Sys=0.00s Real=0.02s
[2024-08-28T13:06:08.642+0000][info][gc,marking     ] GC(437) Concurrent Rebuild Remembered Sets 79.916ms
[2024-08-28T13:06:08.642+0000][info][gc,start       ] GC(437) Pause Cleanup
[2024-08-28T13:06:08.643+0000][info][gc             ] GC(437) Pause Cleanup 959M->959M(1024M) 1.489ms
[2024-08-28T13:06:08.643+0000][info][gc,cpu         ] GC(437) User=0.00s Sys=0.00s Real=0.00s
[2024-08-28T13:06:08.643+0000][info][gc,marking     ] GC(437) Concurrent Cleanup for Next Mark
[2024-08-28T13:06:08.644+0000][info][gc,marking     ] GC(437) Concurrent Cleanup for Next Mark 0.851ms
[2024-08-28T13:06:08.644+0000][info][gc             ] GC(437) Concurrent Mark Cycle 112.708ms
[2024-08-28T13:06:08.651+0000][info][gc,start       ] GC(440) Pause Young (Prepare Mixed) (G1 Preventive Collection)
[2024-08-28T13:06:08.651+0000][info][gc,task        ] GC(440) Using 24 workers of 68 for evacuation
[2024-08-28T13:06:08.667+0000][info][gc,phases      ] GC(440)   Pre Evacuate Collection Set: 0.1ms
[2024-08-28T13:06:08.667+0000][info][gc,phases      ] GC(440)   Merge Heap Roots: 0.6ms
[2024-08-28T13:06:08.667+0000][info][gc,phases      ] GC(440)   Evacuate Collection Set: 14.7ms
[2024-08-28T13:06:08.667+0000][info][gc,phases      ] GC(440)   Post Evacuate Collection Set: 0.3ms
[2024-08-28T13:06:08.667+0000][info][gc,phases      ] GC(440)   Other: 0.2ms
[2024-08-28T13:06:08.667+0000][info][gc,heap        ] GC(440) Eden regions: 41->0(44)
[2024-08-28T13:06:08.667+0000][info][gc,heap        ] GC(440) Survivor regions: 7->7(7)
[2024-08-28T13:06:08.667+0000][info][gc,heap        ] GC(440) Old regions: 917->961
[2024-08-28T13:06:08.667+0000][info][gc,heap        ] GC(440) Archive regions: 2->2
[2024-08-28T13:06:08.667+0000][info][gc,heap        ] GC(440) Humongous regions: 5->5
[2024-08-28T13:06:08.667+0000][info][gc,metaspace   ] GC(440) Metaspace: 100K(320K)->100K(320K) NonClass: 96K(192K)->96K(192K) Class: 4K(128K)->4K(128K)
[2024-08-28T13:06:08.667+0000][info][gc             ] GC(440) Pause Young (Prepare Mixed) (G1 Preventive Collection) 970M->973M(1024M) 16.092ms
[2024-08-28T13:06:08.667+0000][info][gc,cpu         ] GC(440) User=0.37s Sys=0.00s Real=0.01s
[2024-08-28T13:06:08.679+0000][info][gc,start       ] GC(441) Pause Young (Mixed) (G1 Preventive Collection)
[2024-08-28T13:06:08.679+0000][info][gc,task        ] GC(441) Using 24 workers of 68 for evacuation
[2024-08-28T13:06:08.688+0000][info][gc,phases      ] GC(441)   Pre Evacuate Collection Set: 0.2ms
[2024-08-28T13:06:08.688+0000][info][gc,phases      ] GC(441)   Merge Heap Roots: 0.3ms
[2024-08-28T13:06:08.688+0000][info][gc,phases      ] GC(441)   Evacuate Collection Set: 7.1ms
[2024-08-28T13:06:08.688+0000][info][gc,phases      ] GC(441)   Post Evacuate Collection Set: 0.4ms
[2024-08-28T13:06:08.688+0000][info][gc,phases      ] GC(441)   Other: 0.2ms
[2024-08-28T13:06:08.688+0000][info][gc,heap        ] GC(441) Eden regions: 19->0(44)
[2024-08-28T13:06:08.688+0000][info][gc,heap        ] GC(441) Survivor regions: 7->7(7)
[2024-08-28T13:06:08.688+0000][info][gc,heap        ] GC(441) Old regions: 961->881
[2024-08-28T13:06:08.688+0000][info][gc,heap        ] GC(441) Archive regions: 2->2
[2024-08-28T13:06:08.688+0000][info][gc,heap        ] GC(441) Humongous regions: 5->5
[2024-08-28T13:06:08.688+0000][info][gc,metaspace   ] GC(441) Metaspace: 100K(320K)->100K(320K) NonClass: 96K(192K)->96K(192K) Class: 4K(128K)->4K(128K)
[2024-08-28T13:06:08.688+0000][info][gc             ] GC(441) Pause Young (Mixed) (G1 Preventive Collection) 992M->893M(1024M) 8.419ms
[2024-08-28T13:06:08.688+0000][info][gc,cpu         ] GC(441) User=0.18s Sys=0.00s Real=0.00s
[2024-08-28T13:06:08.714+0000][info][gc,start       ] GC(442) Pause Young (Mixed) (G1 Evacuation Pause)
[2024-08-28T13:06:08.714+0000][info][gc,task        ] GC(442) Using 24 workers of 68 for evacuation
[2024-08-28T13:06:08.726+0000][info][gc,phases      ] GC(442)   Pre Evacuate Collection Set: 0.2ms
[2024-08-28T13:06:08.726+0000][info][gc,phases      ] GC(442)   Merge Heap Roots: 0.4ms
[2024-08-28T13:06:08.726+0000][info][gc,phases      ] GC(442)   Evacuate Collection Set: 10.6ms
[2024-08-28T13:06:08.726+0000][info][gc,phases      ] GC(442)   Post Evacuate Collection Set: 0.5ms
[2024-08-28T13:06:08.726+0000][info][gc,phases      ] GC(442)   Other: 0.3ms
[2024-08-28T13:06:08.726+0000][info][gc,heap        ] GC(442) Eden regions: 44->0(44)
[2024-08-28T13:06:08.726+0000][info][gc,heap        ] GC(442) Survivor regions: 7->7(7)
[2024-08-28T13:06:08.726+0000][info][gc,heap        ] GC(442) Old regions: 881->823
[2024-08-28T13:06:08.726+0000][info][gc,heap        ] GC(442) Archive regions: 2->2
[2024-08-28T13:06:08.726+0000][info][gc,heap        ] GC(442) Humongous regions: 5->5
[2024-08-28T13:06:08.726+0000][info][gc,metaspace   ] GC(442) Metaspace: 100K(320K)->100K(320K) NonClass: 96K(192K)->96K(192K) Class: 4K(128K)->4K(128K)
[2024-08-28T13:06:08.726+0000][info][gc             ] GC(442) Pause Young (Mixed) (G1 Evacuation Pause) 937M->835M(1024M) 12.206ms
[2024-08-28T13:06:08.726+0000][info][gc,cpu         ] GC(442) User=0.25s Sys=0.01s Real=0.01s
[2024-08-28T13:06:08.751+0000][info][gc,start       ] GC(443) Pause Young (Mixed) (G1 Evacuation Pause)
[2024-08-28T13:06:08.751+0000][info][gc,task        ] GC(443) Using 24 workers of 68 for evacuation
[2024-08-28T13:06:08.763+0000][info][gc,phases      ] GC(443)   Pre Evacuate Collection Set: 0.3ms
[2024-08-28T13:06:08.763+0000][info][gc,phases      ] GC(443)   Merge Heap Roots: 0.4ms
[2024-08-28T13:06:08.763+0000][info][gc,phases      ] GC(443)   Evacuate Collection Set: 10.5ms
[2024-08-28T13:06:08.763+0000][info][gc,phases      ] GC(443)   Post Evacuate Collection Set: 0.5ms
[2024-08-28T13:06:08.763+0000][info][gc,phases      ] GC(443)   Other: 0.4ms
[2024-08-28T13:06:08.763+0000][info][gc,heap        ] GC(443) Eden regions: 44->0(44)
[2024-08-28T13:06:08.763+0000][info][gc,heap        ] GC(443) Survivor regions: 7->7(7)
[2024-08-28T13:06:08.763+0000][info][gc,heap        ] GC(443) Old regions: 823->768
[2024-08-28T13:06:08.763+0000][info][gc,heap        ] GC(443) Archive regions: 2->2
[2024-08-28T13:06:08.763+0000][info][gc,heap        ] GC(443) Humongous regions: 5->5
[2024-08-28T13:06:08.763+0000][info][gc,metaspace   ] GC(443) Metaspace: 100K(320K)->100K(320K) NonClass: 96K(192K)->96K(192K) Class: 4K(128K)->4K(128K)
[2024-08-28T13:06:08.763+0000][info][gc             ] GC(443) Pause Young (Mixed) (G1 Evacuation Pause) 879M->780M(1024M) 12.155ms
[2024-08-28T13:06:08.763+0000][info][gc,cpu         ] GC(443) User=0.26s Sys=0.00s Real=0.01s
[2024-08-28T13:06:08.788+0000][info][gc,start       ] GC(444) Pause Young (Mixed) (G1 Evacuation Pause)
[2024-08-28T13:06:08.788+0000][info][gc,task        ] GC(444) Using 24 workers of 68 for evacuation
[2024-08-28T13:06:08.800+0000][info][gc,phases      ] GC(444)   Pre Evacuate Collection Set: 0.2ms
[2024-08-28T13:06:08.800+0000][info][gc,phases      ] GC(444)   Merge Heap Roots: 0.4ms
[2024-08-28T13:06:08.800+0000][info][gc,phases      ] GC(444)   Evacuate Collection Set: 11.2ms
[2024-08-28T13:06:08.800+0000][info][gc,phases      ] GC(444)   Post Evacuate Collection Set: 0.4ms
[2024-08-28T13:06:08.800+0000][info][gc,phases      ] GC(444)   Other: 0.3ms
[2024-08-28T13:06:08.800+0000][info][gc,heap        ] GC(444) Eden regions: 44->0(44)
[2024-08-28T13:06:08.801+0000][info][gc,heap        ] GC(444) Survivor regions: 7->7(7)
[2024-08-28T13:06:08.801+0000][info][gc,heap        ] GC(444) Old regions: 768->792
[2024-08-28T13:06:08.801+0000][info][gc,heap        ] GC(444) Archive regions: 2->2
[2024-08-28T13:06:08.801+0000][info][gc,heap        ] GC(444) Humongous regions: 5->5
[2024-08-28T13:06:08.801+0000][info][gc,metaspace   ] GC(444) Metaspace: 100K(320K)->100K(320K) NonClass: 96K(192K)->96K(192K) Class: 4K(128K)->4K(128K)
[2024-08-28T13:06:08.801+0000][info][gc             ] GC(444) Pause Young (Mixed) (G1 Evacuation Pause) 824M->804M(1024M) 12.684ms
[2024-08-28T13:06:08.801+0000][info][gc,cpu         ] GC(444) User=0.28s Sys=0.00s Real=0.02s
[2024-08-28T13:06:08.826+0000][info][gc,start       ] GC(445) Pause Young (Concurrent Start) (G1 Evacuation Pause)
[2024-08-28T13:06:08.826+0000][info][gc,task        ] GC(445) Using 24 workers of 68 for evacuation
[2024-08-28T13:06:08.838+0000][info][gc,phases      ] GC(445)   Pre Evacuate Collection Set: 0.2ms
[2024-08-28T13:06:08.838+0000][info][gc,phases      ] GC(445)   Merge Heap Roots: 0.4ms
[2024-08-28T13:06:08.838+0000][info][gc,phases      ] GC(445)   Evacuate Collection Set: 10.2ms
[2024-08-28T13:06:08.838+0000][info][gc,phases      ] GC(445)   Post Evacuate Collection Set: 0.4ms
[2024-08-28T13:06:08.838+0000][info][gc,phases      ] GC(445)   Other: 1.0ms
[2024-08-28T13:06:08.838+0000][info][gc,heap        ] GC(445) Eden regions: 44->0(44)
[2024-08-28T13:06:08.838+0000][info][gc,heap        ] GC(445) Survivor regions: 7->7(7)
[2024-08-28T13:06:08.838+0000][info][gc,heap        ] GC(445) Old regions: 792->838
[2024-08-28T13:06:08.838+0000][info][gc,heap        ] GC(445) Archive regions: 2->2
[2024-08-28T13:06:08.838+0000][info][gc,heap        ] GC(445) Humongous regions: 5->5
[2024-08-28T13:06:08.838+0000][info][gc,metaspace   ] GC(445) Metaspace: 100K(320K)->100K(320K) NonClass: 96K(192K)->96K(192K) Class: 4K(128K)->4K(128K)
[2024-08-28T13:06:08.838+0000][info][gc             ] GC(445) Pause Young (Concurrent Start) (G1 Evacuation Pause) 848M->850M(1024M) 12.336ms
[2024-08-28T13:06:08.838+0000][info][gc,cpu         ] GC(445) User=0.22s Sys=0.04s Real=0.02s
[2024-08-28T13:06:08.839+0000][info][gc             ] GC(446) Concurrent Mark Cycle
[2024-08-28T13:06:08.839+0000][info][gc,marking     ] GC(446) Concurrent Clear Claimed Marks
[2024-08-28T13:06:08.839+0000][info][gc,marking     ] GC(446) Concurrent Clear Claimed Marks 0.012ms
[2024-08-28T13:06:08.839+0000][info][gc,marking     ] GC(446) Concurrent Scan Root Regions
[2024-08-28T13:06:08.840+0000][info][gc,marking     ] GC(446) Concurrent Scan Root Regions 1.813ms
[2024-08-28T13:06:08.840+0000][info][gc,marking     ] GC(446) Concurrent Mark
[2024-08-28T13:06:08.840+0000][info][gc,marking     ] GC(446) Concurrent Mark From Roots
[2024-08-28T13:06:08.840+0000][info][gc,task        ] GC(446) Using 17 workers of 17 for marking
[2024-08-28T13:06:08.867+0000][info][gc,marking     ] GC(446) Concurrent Mark From Roots 26.242ms
[2024-08-28T13:06:08.867+0000][info][gc,marking     ] GC(446) Concurrent Preclean
[2024-08-28T13:06:08.869+0000][info][gc,marking     ] GC(446) Concurrent Preclean 1.721ms
[2024-08-28T13:06:08.869+0000][info][gc,start       ] GC(446) Pause Remark
[2024-08-28T13:06:08.870+0000][info][gc             ] GC(446) Pause Remark 886M->886M(1024M) 1.299ms
[2024-08-28T13:06:08.870+0000][info][gc,cpu         ] GC(446) User=0.01s Sys=0.00s Real=0.01s
[2024-08-28T13:06:08.870+0000][info][gc,marking     ] GC(446) Concurrent Mark 29.633ms
[2024-08-28T13:06:08.870+0000][info][gc,marking     ] GC(446) Concurrent Rebuild Remembered Sets
[2024-08-28T13:06:08.875+0000][info][gc,start       ] GC(447) Pause Young (Normal) (G1 Evacuation Pause)
[2024-08-28T13:06:08.875+0000][info][gc,task        ] GC(447) Using 24 workers of 68 for evacuation
[2024-08-28T13:06:08.887+0000][info][gc,phases      ] GC(447)   Pre Evacuate Collection Set: 0.2ms
[2024-08-28T13:06:08.887+0000][info][gc,phases      ] GC(447)   Merge Heap Roots: 0.2ms
[2024-08-28T13:06:08.887+0000][info][gc,phases      ] GC(447)   Evacuate Collection Set: 10.7ms
[2024-08-28T13:06:08.887+0000][info][gc,phases      ] GC(447)   Post Evacuate Collection Set: 0.8ms
[2024-08-28T13:06:08.887+0000][info][gc,phases      ] GC(447)   Other: 0.3ms
[2024-08-28T13:06:08.887+0000][info][gc,heap        ] GC(447) Eden regions: 44->0(44)
[2024-08-28T13:06:08.888+0000][info][gc,heap        ] GC(447) Survivor regions: 7->7(7)
[2024-08-28T13:06:08.888+0000][info][gc,heap        ] GC(447) Old regions: 838->886
[2024-08-28T13:06:08.888+0000][info][gc,heap        ] GC(447) Archive regions: 2->2
[2024-08-28T13:06:08.888+0000][info][gc,heap        ] GC(447) Humongous regions: 5->5
[2024-08-28T13:06:08.888+0000][info][gc,metaspace   ] GC(447) Metaspace: 100K(320K)->100K(320K) NonClass: 96K(192K)->96K(192K) Class: 4K(128K)->4K(128K)
[2024-08-28T13:06:08.888+0000][info][gc             ] GC(447) Pause Young (Normal) (G1 Evacuation Pause) 894M->898M(1024M) 12.235ms
[2024-08-28T13:06:08.888+0000][info][gc,cpu         ] GC(447) User=0.25s Sys=0.01s Real=0.01s
[2024-08-28T13:06:08.917+0000][info][gc,start       ] GC(448) Pause Young (Normal) (G1 Evacuation Pause)
[2024-08-28T13:06:08.917+0000][info][gc,task        ] GC(448) Using 24 workers of 68 for evacuation
[2024-08-28T13:06:08.932+0000][info][gc,phases      ] GC(448)   Pre Evacuate Collection Set: 0.3ms
[2024-08-28T13:06:08.932+0000][info][gc,phases      ] GC(448)   Merge Heap Roots: 0.5ms
[2024-08-28T13:06:08.932+0000][info][gc,phases      ] GC(448)   Evacuate Collection Set: 13.3ms
[2024-08-28T13:06:08.932+0000][info][gc,phases      ] GC(448)   Post Evacuate Collection Set: 0.6ms
[2024-08-28T13:06:08.932+0000][info][gc,phases      ] GC(448)   Other: 0.4ms
[2024-08-28T13:06:08.932+0000][info][gc,heap        ] GC(448) Eden regions: 44->0(44)
[2024-08-28T13:06:08.932+0000][info][gc,heap        ] GC(448) Survivor regions: 7->7(7)
[2024-08-28T13:06:08.932+0000][info][gc,heap        ] GC(448) Old regions: 886->932
[2024-08-28T13:06:08.932+0000][info][gc,heap        ] GC(448) Archive regions: 2->2
[2024-08-28T13:06:08.932+0000][info][gc,heap        ] GC(448) Humongous regions: 5->5
[2024-08-28T13:06:08.932+0000][info][gc,metaspace   ] GC(448) Metaspace: 100K(320K)->100K(320K) NonClass: 96K(192K)->96K(192K) Class: 4K(128K)->4K(128K)
[2024-08-28T13:06:08.932+0000][info][gc             ] GC(448) Pause Young (Normal) (G1 Evacuation Pause) 942M->944M(1024M) 15.193ms
[2024-08-28T13:06:08.932+0000][info][gc,cpu         ] GC(448) User=0.33s Sys=0.01s Real=0.02s
[2024-08-28T13:06:08.955+0000][info][gc,start       ] GC(449) Pause Young (Normal) (G1 Preventive Collection)
[2024-08-28T13:06:08.955+0000][info][gc,task        ] GC(449) Using 24 workers of 68 for evacuation
[2024-08-28T13:06:08.971+0000][info][gc,phases      ] GC(449)   Pre Evacuate Collection Set: 0.2ms
[2024-08-28T13:06:08.971+0000][info][gc,phases      ] GC(449)   Merge Heap Roots: 0.4ms
[2024-08-28T13:06:08.971+0000][info][gc,phases      ] GC(449)   Evacuate Collection Set: 14.2ms
[2024-08-28T13:06:08.971+0000][info][gc,phases      ] GC(449)   Post Evacuate Collection Set: 0.7ms
[2024-08-28T13:06:08.971+0000][info][gc,phases      ] GC(449)   Other: 0.3ms
[2024-08-28T13:06:08.971+0000][info][gc,heap        ] GC(449) Eden regions: 34->0(44)
[2024-08-28T13:06:08.971+0000][info][gc,heap        ] GC(449) Survivor regions: 7->7(7)
[2024-08-28T13:06:08.971+0000][info][gc,heap        ] GC(449) Old regions: 932->968
[2024-08-28T13:06:08.971+0000][info][gc,heap        ] GC(449) Archive regions: 2->2
[2024-08-28T13:06:08.971+0000][info][gc,heap        ] GC(449) Humongous regions: 5->5
[2024-08-28T13:06:08.971+0000][info][gc,metaspace   ] GC(449) Metaspace: 100K(320K)->100K(320K) NonClass: 96K(192K)->96K(192K) Class: 4K(128K)->4K(128K)
[2024-08-28T13:06:08.971+0000][info][gc             ] GC(449) Pause Young (Normal) (G1 Preventive Collection) 978M->980M(1024M) 15.875ms
[2024-08-28T13:06:08.971+0000][info][gc,cpu         ] GC(449) User=0.34s Sys=0.01s Real=0.02s
[2024-08-28T13:06:08.971+0000][info][gc,marking     ] GC(446) Concurrent Rebuild Remembered Sets 101.291ms
[2024-08-28T13:06:08.972+0000][info][gc,start       ] GC(446) Pause Cleanup
[2024-08-28T13:06:08.975+0000][info][gc             ] GC(446) Pause Cleanup 981M->981M(1024M) 2.984ms
[2024-08-28T13:06:08.975+0000][info][gc,cpu         ] GC(446) User=0.01s Sys=0.00s Real=0.00s
[2024-08-28T13:06:08.975+0000][info][gc,marking     ] GC(446) Concurrent Cleanup for Next Mark
[2024-08-28T13:06:08.976+0000][info][gc,marking     ] GC(446) Concurrent Cleanup for Next Mark 1.131ms
[2024-08-28T13:06:08.976+0000][info][gc             ] GC(446) Concurrent Mark Cycle 137.492ms
[2024-08-28T13:06:08.986+0000][info][gc,start       ] GC(450) Pause Young (Prepare Mixed) (G1 Preventive Collection)
[2024-08-28T13:06:08.986+0000][info][gc,task        ] GC(450) Using 24 workers of 68 for evacuation
[2024-08-28T13:06:09.000+0000][info][gc,phases      ] GC(450)   Pre Evacuate Collection Set: 0.2ms
[2024-08-28T13:06:09.000+0000][info][gc,phases      ] GC(450)   Merge Heap Roots: 0.7ms
[2024-08-28T13:06:09.000+0000][info][gc,phases      ] GC(450)   Evacuate Collection Set: 12.7ms
[2024-08-28T13:06:09.000+0000][info][gc,phases      ] GC(450)   Post Evacuate Collection Set: 0.5ms
[2024-08-28T13:06:09.000+0000][info][gc,phases      ] GC(450)   Other: 0.3ms
[2024-08-28T13:06:09.000+0000][info][gc,heap        ] GC(450) Eden regions: 16->0(44)
[2024-08-28T13:06:09.000+0000][info][gc,heap        ] GC(450) Survivor regions: 7->7(7)
[2024-08-28T13:06:09.000+0000][info][gc,heap        ] GC(450) Old regions: 968->987
[2024-08-28T13:06:09.000+0000][info][gc,heap        ] GC(450) Archive regions: 2->2
[2024-08-28T13:06:09.000+0000][info][gc,heap        ] GC(450) Humongous regions: 5->5
[2024-08-28T13:06:09.000+0000][info][gc,metaspace   ] GC(450) Metaspace: 100K(320K)->100K(320K) NonClass: 96K(192K)->96K(192K) Class: 4K(128K)->4K(128K)
[2024-08-28T13:06:09.000+0000][info][gc             ] GC(450) Pause Young (Prepare Mixed) (G1 Preventive Collection) 996M->999M(1024M) 14.478ms
[2024-08-28T13:06:09.000+0000][info][gc,cpu         ] GC(450) User=0.31s Sys=0.00s Real=0.02s
[2024-08-28T13:06:09.005+0000][info][gc,start       ] GC(451) Pause Young (Mixed) (G1 Preventive Collection)
[2024-08-28T13:06:09.005+0000][info][gc,task        ] GC(451) Using 24 workers of 68 for evacuation
[2024-08-28T13:06:09.009+0000][info][gc,phases      ] GC(451)   Pre Evacuate Collection Set: 0.3ms
[2024-08-28T13:06:09.009+0000][info][gc,phases      ] GC(451)   Merge Heap Roots: 0.3ms
[2024-08-28T13:06:09.009+0000][info][gc,phases      ] GC(451)   Evacuate Collection Set: 3.6ms
[2024-08-28T13:06:09.009+0000][info][gc,phases      ] GC(451)   Post Evacuate Collection Set: 0.4ms
[2024-08-28T13:06:09.009+0000][info][gc,phases      ] GC(451)   Other: 0.2ms
[2024-08-28T13:06:09.009+0000][info][gc,heap        ] GC(451) Eden regions: 6->0(44)
[2024-08-28T13:06:09.009+0000][info][gc,heap        ] GC(451) Survivor regions: 7->7(7)
[2024-08-28T13:06:09.009+0000][info][gc,heap        ] GC(451) Old regions: 987->893
[2024-08-28T13:06:09.009+0000][info][gc,heap        ] GC(451) Archive regions: 2->2
[2024-08-28T13:06:09.009+0000][info][gc,heap        ] GC(451) Humongous regions: 5->5
[2024-08-28T13:06:09.009+0000][info][gc,metaspace   ] GC(451) Metaspace: 100K(320K)->100K(320K) NonClass: 96K(192K)->96K(192K) Class: 4K(128K)->4K(128K)
[2024-08-28T13:06:09.009+0000][info][gc             ] GC(451) Pause Young (Mixed) (G1 Preventive Collection) 1005M->905M(1024M) 4.762ms
[2024-08-28T13:06:09.009+0000][info][gc,cpu         ] GC(451) User=0.09s Sys=0.01s Real=0.01s
[2024-08-28T13:06:09.036+0000][info][gc,start       ] GC(452) Pause Young (Mixed) (G1 Evacuation Pause)
[2024-08-28T13:06:09.036+0000][info][gc,task        ] GC(452) Using 24 workers of 68 for evacuation
[2024-08-28T13:06:09.047+0000][info][gc,phases      ] GC(452)   Pre Evacuate Collection Set: 0.2ms
[2024-08-28T13:06:09.047+0000][info][gc,phases      ] GC(452)   Merge Heap Roots: 0.4ms
[2024-08-28T13:06:09.047+0000][info][gc,phases      ] GC(452)   Evacuate Collection Set: 9.7ms
[2024-08-28T13:06:09.047+0000][info][gc,phases      ] GC(452)   Post Evacuate Collection Set: 0.4ms
[2024-08-28T13:06:09.047+0000][info][gc,phases      ] GC(452)   Other: 0.2ms
[2024-08-28T13:06:09.047+0000][info][gc,heap        ] GC(452) Eden regions: 44->0(44)
[2024-08-28T13:06:09.047+0000][info][gc,heap        ] GC(452) Survivor regions: 7->7(7)
[2024-08-28T13:06:09.047+0000][info][gc,heap        ] GC(452) Old regions: 893->833
[2024-08-28T13:06:09.047+0000][info][gc,heap        ] GC(452) Archive regions: 2->2
[2024-08-28T13:06:09.047+0000][info][gc,heap        ] GC(452) Humongous regions: 5->5
[2024-08-28T13:06:09.047+0000][info][gc,metaspace   ] GC(452) Metaspace: 100K(320K)->100K(320K) NonClass: 96K(192K)->96K(192K) Class: 4K(128K)->4K(128K)
[2024-08-28T13:06:09.047+0000][info][gc             ] GC(452) Pause Young (Mixed) (G1 Evacuation Pause) 949M->845M(1024M) 10.971ms
[2024-08-28T13:06:09.047+0000][info][gc,cpu         ] GC(452) User=0.24s Sys=0.00s Real=0.01s
[2024-08-28T13:06:09.073+0000][info][gc,start       ] GC(453) Pause Young (Mixed) (G1 Evacuation Pause)
[2024-08-28T13:06:09.073+0000][info][gc,task        ] GC(453) Using 24 workers of 68 for evacuation
[2024-08-28T13:06:09.084+0000][info][gc,phases      ] GC(453)   Pre Evacuate Collection Set: 0.2ms
[2024-08-28T13:06:09.084+0000][info][gc,phases      ] GC(453)   Merge Heap Roots: 0.4ms
[2024-08-28T13:06:09.084+0000][info][gc,phases      ] GC(453)   Evacuate Collection Set: 10.3ms
[2024-08-28T13:06:09.084+0000][info][gc,phases      ] GC(453)   Post Evacuate Collection Set: 0.4ms
[2024-08-28T13:06:09.084+0000][info][gc,phases      ] GC(453)   Other: 0.2ms
[2024-08-28T13:06:09.084+0000][info][gc,heap        ] GC(453) Eden regions: 44->0(44)
[2024-08-28T13:06:09.084+0000][info][gc,heap        ] GC(453) Survivor regions: 7->7(7)
[2024-08-28T13:06:09.084+0000][info][gc,heap        ] GC(453) Old regions: 833->777
[2024-08-28T13:06:09.084+0000][info][gc,heap        ] GC(453) Archive regions: 2->2
[2024-08-28T13:06:09.084+0000][info][gc,heap        ] GC(453) Humongous regions: 5->5
[2024-08-28T13:06:09.084+0000][info][gc,metaspace   ] GC(453) Metaspace: 100K(320K)->100K(320K) NonClass: 96K(192K)->96K(192K) Class: 4K(128K)->4K(128K)
[2024-08-28T13:06:09.084+0000][info][gc             ] GC(453) Pause Young (Mixed) (G1 Evacuation Pause) 889M->789M(1024M) 11.586ms
[2024-08-28T13:06:09.084+0000][info][gc,cpu         ] GC(453) User=0.25s Sys=0.00s Real=0.01s
[2024-08-28T13:06:09.108+0000][info][gc,start       ] GC(454) Pause Young (Mixed) (G1 Evacuation Pause)
[2024-08-28T13:06:09.108+0000][info][gc,task        ] GC(454) Using 24 workers of 68 for evacuation
[2024-08-28T13:06:09.120+0000][info][gc,phases      ] GC(454)   Pre Evacuate Collection Set: 0.2ms
[2024-08-28T13:06:09.120+0000][info][gc,phases      ] GC(454)   Merge Heap Roots: 0.4ms
[2024-08-28T13:06:09.120+0000][info][gc,phases      ] GC(454)   Evacuate Collection Set: 10.6ms
[2024-08-28T13:06:09.120+0000][info][gc,phases      ] GC(454)   Post Evacuate Collection Set: 0.4ms
[2024-08-28T13:06:09.120+0000][info][gc,phases      ] GC(454)   Other: 0.3ms
[2024-08-28T13:06:09.120+0000][info][gc,heap        ] GC(454) Eden regions: 44->0(44)
[2024-08-28T13:06:09.120+0000][info][gc,heap        ] GC(454) Survivor regions: 7->7(7)
[2024-08-28T13:06:09.120+0000][info][gc,heap        ] GC(454) Old regions: 777->787
[2024-08-28T13:06:09.120+0000][info][gc,heap        ] GC(454) Archive regions: 2->2
[2024-08-28T13:06:09.120+0000][info][gc,heap        ] GC(454) Humongous regions: 5->5
[2024-08-28T13:06:09.120+0000][info][gc,metaspace   ] GC(454) Metaspace: 100K(320K)->100K(320K) NonClass: 96K(192K)->96K(192K) Class: 4K(128K)->4K(128K)
[2024-08-28T13:06:09.120+0000][info][gc             ] GC(454) Pause Young (Mixed) (G1 Evacuation Pause) 833M->799M(1024M) 11.897ms
[2024-08-28T13:06:09.120+0000][info][gc,cpu         ] GC(454) User=0.26s Sys=0.00s Real=0.02s
[2024-08-28T13:06:09.144+0000][info][gc,start       ] GC(455) Pause Young (Concurrent Start) (G1 Evacuation Pause)
[2024-08-28T13:06:09.144+0000][info][gc,task        ] GC(455) Using 24 workers of 68 for evacuation
[2024-08-28T13:06:09.156+0000][info][gc,phases      ] GC(455)   Pre Evacuate Collection Set: 0.2ms
[2024-08-28T13:06:09.156+0000][info][gc,phases      ] GC(455)   Merge Heap Roots: 0.4ms
[2024-08-28T13:06:09.156+0000][info][gc,phases      ] GC(455)   Evacuate Collection Set: 10.1ms
[2024-08-28T13:06:09.156+0000][info][gc,phases      ] GC(455)   Post Evacuate Collection Set: 0.4ms
[2024-08-28T13:06:09.156+0000][info][gc,phases      ] GC(455)   Other: 0.8ms
[2024-08-28T13:06:09.156+0000][info][gc,heap        ] GC(455) Eden regions: 44->0(44)
[2024-08-28T13:06:09.156+0000][info][gc,heap        ] GC(455) Survivor regions: 7->7(7)
[2024-08-28T13:06:09.156+0000][info][gc,heap        ] GC(455) Old regions: 787->834
[2024-08-28T13:06:09.156+0000][info][gc,heap        ] GC(455) Archive regions: 2->2
[2024-08-28T13:06:09.156+0000][info][gc,heap        ] GC(455) Humongous regions: 5->5
[2024-08-28T13:06:09.156+0000][info][gc,metaspace   ] GC(455) Metaspace: 100K(320K)->100K(320K) NonClass: 96K(192K)->96K(192K) Class: 4K(128K)->4K(128K)
[2024-08-28T13:06:09.156+0000][info][gc             ] GC(455) Pause Young (Concurrent Start) (G1 Evacuation Pause) 843M->846M(1024M) 11.962ms
[2024-08-28T13:06:09.156+0000][info][gc,cpu         ] GC(455) User=0.25s Sys=0.00s Real=0.01s
[2024-08-28T13:06:09.156+0000][info][gc             ] GC(456) Concurrent Mark Cycle
[2024-08-28T13:06:09.156+0000][info][gc,marking     ] GC(456) Concurrent Clear Claimed Marks
[2024-08-28T13:06:09.156+0000][info][gc,marking     ] GC(456) Concurrent Clear Claimed Marks 0.028ms
[2024-08-28T13:06:09.156+0000][info][gc,marking     ] GC(456) Concurrent Scan Root Regions
[2024-08-28T13:06:09.158+0000][info][gc,marking     ] GC(456) Concurrent Scan Root Regions 1.772ms
[2024-08-28T13:06:09.158+0000][info][gc,marking     ] GC(456) Concurrent Mark
[2024-08-28T13:06:09.158+0000][info][gc,marking     ] GC(456) Concurrent Mark From Roots
[2024-08-28T13:06:09.158+0000][info][gc,task        ] GC(456) Using 17 workers of 17 for marking
[2024-08-28T13:06:09.184+0000][info][gc,marking     ] GC(456) Concurrent Mark From Roots 26.033ms
[2024-08-28T13:06:09.184+0000][info][gc,marking     ] GC(456) Concurrent Preclean
[2024-08-28T13:06:09.185+0000][info][gc,marking     ] GC(456) Concurrent Preclean 0.540ms
[2024-08-28T13:06:09.185+0000][info][gc,start       ] GC(456) Pause Remark
[2024-08-28T13:06:09.187+0000][info][gc             ] GC(456) Pause Remark 881M->881M(1024M) 1.917ms
[2024-08-28T13:06:09.187+0000][info][gc,cpu         ] GC(456) User=0.01s Sys=0.00s Real=0.00s
[2024-08-28T13:06:09.187+0000][info][gc,marking     ] GC(456) Concurrent Mark 28.934ms
[2024-08-28T13:06:09.187+0000][info][gc,marking     ] GC(456) Concurrent Rebuild Remembered Sets
[2024-08-28T13:06:09.193+0000][info][gc,start       ] GC(457) Pause Young (Normal) (G1 Evacuation Pause)
[2024-08-28T13:06:09.193+0000][info][gc,task        ] GC(457) Using 24 workers of 68 for evacuation
[2024-08-28T13:06:09.204+0000][info][gc,phases      ] GC(457)   Pre Evacuate Collection Set: 0.2ms
[2024-08-28T13:06:09.204+0000][info][gc,phases      ] GC(457)   Merge Heap Roots: 0.3ms
[2024-08-28T13:06:09.204+0000][info][gc,phases      ] GC(457)   Evacuate Collection Set: 10.2ms
[2024-08-28T13:06:09.204+0000][info][gc,phases      ] GC(457)   Post Evacuate Collection Set: 0.5ms
[2024-08-28T13:06:09.204+0000][info][gc,phases      ] GC(457)   Other: 0.3ms
[2024-08-28T13:06:09.204+0000][info][gc,heap        ] GC(457) Eden regions: 44->0(44)
[2024-08-28T13:06:09.204+0000][info][gc,heap        ] GC(457) Survivor regions: 7->7(7)
[2024-08-28T13:06:09.204+0000][info][gc,heap        ] GC(457) Old regions: 834->880
[2024-08-28T13:06:09.204+0000][info][gc,heap        ] GC(457) Archive regions: 2->2
[2024-08-28T13:06:09.204+0000][info][gc,heap        ] GC(457) Humongous regions: 5->5
[2024-08-28T13:06:09.204+0000][info][gc,metaspace   ] GC(457) Metaspace: 100K(320K)->100K(320K) NonClass: 96K(192K)->96K(192K) Class: 4K(128K)->4K(128K)
[2024-08-28T13:06:09.204+0000][info][gc             ] GC(457) Pause Young (Normal) (G1 Evacuation Pause) 890M->892M(1024M) 11.416ms
[2024-08-28T13:06:09.204+0000][info][gc,cpu         ] GC(457) User=0.25s Sys=0.00s Real=0.01s
[2024-08-28T13:06:09.233+0000][info][gc,start       ] GC(458) Pause Young (Normal) (G1 Evacuation Pause)
[2024-08-28T13:06:09.233+0000][info][gc,task        ] GC(458) Using 24 workers of 68 for evacuation
[2024-08-28T13:06:09.249+0000][info][gc,phases      ] GC(458)   Pre Evacuate Collection Set: 0.2ms
[2024-08-28T13:06:09.249+0000][info][gc,phases      ] GC(458)   Merge Heap Roots: 0.5ms
[2024-08-28T13:06:09.249+0000][info][gc,phases      ] GC(458)   Evacuate Collection Set: 14.3ms
[2024-08-28T13:06:09.249+0000][info][gc,phases      ] GC(458)   Post Evacuate Collection Set: 0.6ms
[2024-08-28T13:06:09.249+0000][info][gc,phases      ] GC(458)   Other: 0.3ms
[2024-08-28T13:06:09.249+0000][info][gc,heap        ] GC(458) Eden regions: 44->0(44)
[2024-08-28T13:06:09.249+0000][info][gc,heap        ] GC(458) Survivor regions: 7->7(7)
[2024-08-28T13:06:09.249+0000][info][gc,heap        ] GC(458) Old regions: 880->926
[2024-08-28T13:06:09.249+0000][info][gc,heap        ] GC(458) Archive regions: 2->2
[2024-08-28T13:06:09.249+0000][info][gc,heap        ] GC(458) Humongous regions: 5->5
[2024-08-28T13:06:09.249+0000][info][gc,metaspace   ] GC(458) Metaspace: 100K(320K)->100K(320K) NonClass: 96K(192K)->96K(192K) Class: 4K(128K)->4K(128K)
[2024-08-28T13:06:09.249+0000][info][gc             ] GC(458) Pause Young (Normal) (G1 Evacuation Pause) 936M->938M(1024M) 16.069ms
[2024-08-28T13:06:09.250+0000][info][gc,cpu         ] GC(458) User=0.36s Sys=0.00s Real=0.02s
[2024-08-28T13:06:09.269+0000][info][gc,marking     ] GC(456) Concurrent Rebuild Remembered Sets 82.301ms
[2024-08-28T13:06:09.270+0000][info][gc,start       ] GC(456) Pause Cleanup
[2024-08-28T13:06:09.273+0000][info][gc             ] GC(456) Pause Cleanup 967M->967M(1024M) 3.042ms
[2024-08-28T13:06:09.273+0000][info][gc,cpu         ] GC(456) User=0.01s Sys=0.00s Real=0.00s
[2024-08-28T13:06:09.273+0000][info][gc,marking     ] GC(456) Concurrent Cleanup for Next Mark
[2024-08-28T13:06:09.274+0000][info][gc,marking     ] GC(456) Concurrent Cleanup for Next Mark 0.831ms
[2024-08-28T13:06:09.274+0000][info][gc             ] GC(456) Concurrent Mark Cycle 117.588ms
[2024-08-28T13:06:09.279+0000][info][gc,start       ] GC(459) Pause Young (Prepare Mixed) (G1 Preventive Collection)
[2024-08-28T13:06:09.279+0000][info][gc,task        ] GC(459) Using 24 workers of 68 for evacuation
[2024-08-28T13:06:09.296+0000][info][gc,phases      ] GC(459)   Pre Evacuate Collection Set: 0.2ms
[2024-08-28T13:06:09.296+0000][info][gc,phases      ] GC(459)   Merge Heap Roots: 0.6ms
[2024-08-28T13:06:09.296+0000][info][gc,phases      ] GC(459)   Evacuate Collection Set: 15.6ms
[2024-08-28T13:06:09.296+0000][info][gc,phases      ] GC(459)   Post Evacuate Collection Set: 0.3ms
[2024-08-28T13:06:09.296+0000][info][gc,phases      ] GC(459)   Other: 0.3ms
[2024-08-28T13:06:09.296+0000][info][gc,heap        ] GC(459) Eden regions: 37->0(44)
[2024-08-28T13:06:09.296+0000][info][gc,heap        ] GC(459) Survivor regions: 7->7(7)
[2024-08-28T13:06:09.296+0000][info][gc,heap        ] GC(459) Old regions: 926->966
[2024-08-28T13:06:09.296+0000][info][gc,heap        ] GC(459) Archive regions: 2->2
[2024-08-28T13:06:09.296+0000][info][gc,heap        ] GC(459) Humongous regions: 5->5
[2024-08-28T13:06:09.296+0000][info][gc,metaspace   ] GC(459) Metaspace: 100K(320K)->100K(320K) NonClass: 96K(192K)->96K(192K) Class: 4K(128K)->4K(128K)
[2024-08-28T13:06:09.296+0000][info][gc             ] GC(459) Pause Young (Prepare Mixed) (G1 Preventive Collection) 975M->978M(1024M) 17.047ms
[2024-08-28T13:06:09.296+0000][info][gc,cpu         ] GC(459) User=0.39s Sys=0.00s Real=0.01s
[2024-08-28T13:06:09.308+0000][info][gc,start       ] GC(460) Pause Young (Mixed) (G1 Preventive Collection)
[2024-08-28T13:06:09.308+0000][info][gc,task        ] GC(460) Using 24 workers of 68 for evacuation
[2024-08-28T13:06:09.317+0000][info][gc,phases      ] GC(460)   Pre Evacuate Collection Set: 0.2ms
[2024-08-28T13:06:09.317+0000][info][gc,phases      ] GC(460)   Merge Heap Roots: 0.2ms
[2024-08-28T13:06:09.317+0000][info][gc,phases      ] GC(460)   Evacuate Collection Set: 7.5ms
[2024-08-28T13:06:09.317+0000][info][gc,phases      ] GC(460)   Post Evacuate Collection Set: 0.6ms
[2024-08-28T13:06:09.317+0000][info][gc,phases      ] GC(460)   Other: 0.3ms
[2024-08-28T13:06:09.317+0000][info][gc,heap        ] GC(460) Eden regions: 17->0(44)
[2024-08-28T13:06:09.317+0000][info][gc,heap        ] GC(460) Survivor regions: 7->7(7)
[2024-08-28T13:06:09.317+0000][info][gc,heap        ] GC(460) Old regions: 966->883
[2024-08-28T13:06:09.317+0000][info][gc,heap        ] GC(460) Archive regions: 2->2
[2024-08-28T13:06:09.317+0000][info][gc,heap        ] GC(460) Humongous regions: 5->5
[2024-08-28T13:06:09.317+0000][info][gc,metaspace   ] GC(460) Metaspace: 100K(320K)->100K(320K) NonClass: 96K(192K)->96K(192K) Class: 4K(128K)->4K(128K)
[2024-08-28T13:06:09.317+0000][info][gc             ] GC(460) Pause Young (Mixed) (G1 Preventive Collection) 995M->895M(1024M) 9.084ms
[2024-08-28T13:06:09.317+0000][info][gc,cpu         ] GC(460) User=0.19s Sys=0.00s Real=0.01s
[2024-08-28T13:06:09.346+0000][info][gc,start       ] GC(461) Pause Young (Mixed) (G1 Evacuation Pause)
[2024-08-28T13:06:09.346+0000][info][gc,task        ] GC(461) Using 24 workers of 68 for evacuation
[2024-08-28T13:06:09.358+0000][info][gc,phases      ] GC(461)   Pre Evacuate Collection Set: 0.3ms
[2024-08-28T13:06:09.358+0000][info][gc,phases      ] GC(461)   Merge Heap Roots: 0.5ms
[2024-08-28T13:06:09.358+0000][info][gc,phases      ] GC(461)   Evacuate Collection Set: 10.7ms
[2024-08-28T13:06:09.358+0000][info][gc,phases      ] GC(461)   Post Evacuate Collection Set: 0.5ms
[2024-08-28T13:06:09.358+0000][info][gc,phases      ] GC(461)   Other: 0.4ms
[2024-08-28T13:06:09.358+0000][info][gc,heap        ] GC(461) Eden regions: 44->0(44)
[2024-08-28T13:06:09.358+0000][info][gc,heap        ] GC(461) Survivor regions: 7->7(7)
[2024-08-28T13:06:09.358+0000][info][gc,heap        ] GC(461) Old regions: 883->825
[2024-08-28T13:06:09.358+0000][info][gc,heap        ] GC(461) Archive regions: 2->2
[2024-08-28T13:06:09.358+0000][info][gc,heap        ] GC(461) Humongous regions: 5->5
[2024-08-28T13:06:09.358+0000][info][gc,metaspace   ] GC(461) Metaspace: 100K(320K)->100K(320K) NonClass: 96K(192K)->96K(192K) Class: 4K(128K)->4K(128K)
[2024-08-28T13:06:09.358+0000][info][gc             ] GC(461) Pause Young (Mixed) (G1 Evacuation Pause) 939M->837M(1024M) 12.435ms
[2024-08-28T13:06:09.358+0000][info][gc,cpu         ] GC(461) User=0.26s Sys=0.01s Real=0.02s
[2024-08-28T13:06:09.385+0000][info][gc,start       ] GC(462) Pause Young (Mixed) (G1 Evacuation Pause)
[2024-08-28T13:06:09.385+0000][info][gc,task        ] GC(462) Using 24 workers of 68 for evacuation
[2024-08-28T13:06:09.397+0000][info][gc,phases      ] GC(462)   Pre Evacuate Collection Set: 0.3ms
[2024-08-28T13:06:09.397+0000][info][gc,phases      ] GC(462)   Merge Heap Roots: 0.4ms
[2024-08-28T13:06:09.397+0000][info][gc,phases      ] GC(462)   Evacuate Collection Set: 10.8ms
[2024-08-28T13:06:09.397+0000][info][gc,phases      ] GC(462)   Post Evacuate Collection Set: 0.5ms
[2024-08-28T13:06:09.398+0000][info][gc,phases      ] GC(462)   Other: 0.4ms
[2024-08-28T13:06:09.398+0000][info][gc,heap        ] GC(462) Eden regions: 44->0(44)
[2024-08-28T13:06:09.398+0000][info][gc,heap        ] GC(462) Survivor regions: 7->7(7)
[2024-08-28T13:06:09.398+0000][info][gc,heap        ] GC(462) Old regions: 825->769
[2024-08-28T13:06:09.398+0000][info][gc,heap        ] GC(462) Archive regions: 2->2
[2024-08-28T13:06:09.398+0000][info][gc,heap        ] GC(462) Humongous regions: 5->5
[2024-08-28T13:06:09.398+0000][info][gc,metaspace   ] GC(462) Metaspace: 100K(320K)->100K(320K) NonClass: 96K(192K)->96K(192K) Class: 4K(128K)->4K(128K)
[2024-08-28T13:06:09.398+0000][info][gc             ] GC(462) Pause Young (Mixed) (G1 Evacuation Pause) 881M->781M(1024M) 12.515ms
[2024-08-28T13:06:09.398+0000][info][gc,cpu         ] GC(462) User=0.26s Sys=0.00s Real=0.02s
[2024-08-28T13:06:09.425+0000][info][gc,start       ] GC(463) Pause Young (Mixed) (G1 Evacuation Pause)
[2024-08-28T13:06:09.425+0000][info][gc,task        ] GC(463) Using 24 workers of 68 for evacuation
[2024-08-28T13:06:09.438+0000][info][gc,phases      ] GC(463)   Pre Evacuate Collection Set: 0.2ms
[2024-08-28T13:06:09.438+0000][info][gc,phases      ] GC(463)   Merge Heap Roots: 0.4ms
[2024-08-28T13:06:09.438+0000][info][gc,phases      ] GC(463)   Evacuate Collection Set: 11.2ms
[2024-08-28T13:06:09.438+0000][info][gc,phases      ] GC(463)   Post Evacuate Collection Set: 0.4ms
[2024-08-28T13:06:09.438+0000][info][gc,phases      ] GC(463)   Other: 0.4ms
[2024-08-28T13:06:09.438+0000][info][gc,heap        ] GC(463) Eden regions: 44->0(44)
[2024-08-28T13:06:09.438+0000][info][gc,heap        ] GC(463) Survivor regions: 7->7(7)
[2024-08-28T13:06:09.438+0000][info][gc,heap        ] GC(463) Old regions: 769->782
[2024-08-28T13:06:09.438+0000][info][gc,heap        ] GC(463) Archive regions: 2->2
[2024-08-28T13:06:09.438+0000][info][gc,heap        ] GC(463) Humongous regions: 5->5
[2024-08-28T13:06:09.438+0000][info][gc,metaspace   ] GC(463) Metaspace: 100K(320K)->100K(320K) NonClass: 96K(192K)->96K(192K) Class: 4K(128K)->4K(128K)
[2024-08-28T13:06:09.438+0000][info][gc             ] GC(463) Pause Young (Mixed) (G1 Evacuation Pause) 825M->794M(1024M) 12.760ms
[2024-08-28T13:06:09.438+0000][info][gc,cpu         ] GC(463) User=0.27s Sys=0.01s Real=0.02s
[2024-08-28T13:06:09.466+0000][info][gc,start       ] GC(464) Pause Young (Concurrent Start) (G1 Evacuation Pause)
[2024-08-28T13:06:09.466+0000][info][gc,task        ] GC(464) Using 24 workers of 68 for evacuation
[2024-08-28T13:06:09.480+0000][info][gc,phases      ] GC(464)   Pre Evacuate Collection Set: 0.2ms
[2024-08-28T13:06:09.480+0000][info][gc,phases      ] GC(464)   Merge Heap Roots: 0.4ms
[2024-08-28T13:06:09.480+0000][info][gc,phases      ] GC(464)   Evacuate Collection Set: 10.8ms
[2024-08-28T13:06:09.480+0000][info][gc,phases      ] GC(464)   Post Evacuate Collection Set: 0.4ms
[2024-08-28T13:06:09.480+0000][info][gc,phases      ] GC(464)   Other: 1.7ms
[2024-08-28T13:06:09.480+0000][info][gc,heap        ] GC(464) Eden regions: 44->0(44)
[2024-08-28T13:06:09.480+0000][info][gc,heap        ] GC(464) Survivor regions: 7->7(7)
[2024-08-28T13:06:09.480+0000][info][gc,heap        ] GC(464) Old regions: 782->830
[2024-08-28T13:06:09.480+0000][info][gc,heap        ] GC(464) Archive regions: 2->2
[2024-08-28T13:06:09.480+0000][info][gc,heap        ] GC(464) Humongous regions: 5->5
[2024-08-28T13:06:09.480+0000][info][gc,metaspace   ] GC(464) Metaspace: 100K(320K)->100K(320K) NonClass: 96K(192K)->96K(192K) Class: 4K(128K)->4K(128K)
[2024-08-28T13:06:09.480+0000][info][gc             ] GC(464) Pause Young (Concurrent Start) (G1 Evacuation Pause) 838M->842M(1024M) 13.557ms
[2024-08-28T13:06:09.480+0000][info][gc,cpu         ] GC(464) User=0.26s Sys=0.00s Real=0.02s
[2024-08-28T13:06:09.480+0000][info][gc             ] GC(465) Concurrent Mark Cycle
[2024-08-28T13:06:09.480+0000][info][gc,marking     ] GC(465) Concurrent Clear Claimed Marks
[2024-08-28T13:06:09.480+0000][info][gc,marking     ] GC(465) Concurrent Clear Claimed Marks 0.010ms
[2024-08-28T13:06:09.480+0000][info][gc,marking     ] GC(465) Concurrent Scan Root Regions
[2024-08-28T13:06:09.482+0000][info][gc,marking     ] GC(465) Concurrent Scan Root Regions 1.820ms
[2024-08-28T13:06:09.482+0000][info][gc,marking     ] GC(465) Concurrent Mark
[2024-08-28T13:06:09.482+0000][info][gc,marking     ] GC(465) Concurrent Mark From Roots
[2024-08-28T13:06:09.482+0000][info][gc,task        ] GC(465) Using 17 workers of 17 for marking
[2024-08-28T13:06:09.507+0000][info][gc,marking     ] GC(465) Concurrent Mark From Roots 25.502ms
[2024-08-28T13:06:09.507+0000][info][gc,marking     ] GC(465) Concurrent Preclean
[2024-08-28T13:06:09.508+0000][info][gc,marking     ] GC(465) Concurrent Preclean 0.709ms
[2024-08-28T13:06:09.508+0000][info][gc,start       ] GC(465) Pause Remark
[2024-08-28T13:06:09.511+0000][info][gc             ] GC(465) Pause Remark 873M->873M(1024M) 2.121ms
[2024-08-28T13:06:09.511+0000][info][gc,cpu         ] GC(465) User=0.01s Sys=0.00s Real=0.01s
[2024-08-28T13:06:09.511+0000][info][gc,marking     ] GC(465) Concurrent Mark 28.805ms
[2024-08-28T13:06:09.511+0000][info][gc,marking     ] GC(465) Concurrent Rebuild Remembered Sets
[2024-08-28T13:06:09.520+0000][info][gc,start       ] GC(466) Pause Young (Normal) (G1 Evacuation Pause)
[2024-08-28T13:06:09.520+0000][info][gc,task        ] GC(466) Using 24 workers of 68 for evacuation
[2024-08-28T13:06:09.532+0000][info][gc,phases      ] GC(466)   Pre Evacuate Collection Set: 0.2ms
[2024-08-28T13:06:09.532+0000][info][gc,phases      ] GC(466)   Merge Heap Roots: 0.4ms
[2024-08-28T13:06:09.532+0000][info][gc,phases      ] GC(466)   Evacuate Collection Set: 10.0ms
[2024-08-28T13:06:09.532+0000][info][gc,phases      ] GC(466)   Post Evacuate Collection Set: 0.5ms
[2024-08-28T13:06:09.532+0000][info][gc,phases      ] GC(466)   Other: 0.3ms
[2024-08-28T13:06:09.532+0000][info][gc,heap        ] GC(466) Eden regions: 44->0(44)
[2024-08-28T13:06:09.532+0000][info][gc,heap        ] GC(466) Survivor regions: 7->7(7)
[2024-08-28T13:06:09.532+0000][info][gc,heap        ] GC(466) Old regions: 830->876
[2024-08-28T13:06:09.532+0000][info][gc,heap        ] GC(466) Archive regions: 2->2
[2024-08-28T13:06:09.532+0000][info][gc,heap        ] GC(466) Humongous regions: 5->5
[2024-08-28T13:06:09.532+0000][info][gc,metaspace   ] GC(466) Metaspace: 100K(320K)->100K(320K) NonClass: 96K(192K)->96K(192K) Class: 4K(128K)->4K(128K)
[2024-08-28T13:06:09.532+0000][info][gc             ] GC(466) Pause Young (Normal) (G1 Evacuation Pause) 886M->888M(1024M) 11.546ms
[2024-08-28T13:06:09.532+0000][info][gc,cpu         ] GC(466) User=0.25s Sys=0.00s Real=0.01s
[2024-08-28T13:06:09.562+0000][info][gc,start       ] GC(467) Pause Young (Normal) (G1 Evacuation Pause)
[2024-08-28T13:06:09.562+0000][info][gc,task        ] GC(467) Using 24 workers of 68 for evacuation
[2024-08-28T13:06:09.578+0000][info][gc,phases      ] GC(467)   Pre Evacuate Collection Set: 0.2ms
[2024-08-28T13:06:09.578+0000][info][gc,phases      ] GC(467)   Merge Heap Roots: 0.5ms
[2024-08-28T13:06:09.578+0000][info][gc,phases      ] GC(467)   Evacuate Collection Set: 14.0ms
[2024-08-28T13:06:09.578+0000][info][gc,phases      ] GC(467)   Post Evacuate Collection Set: 0.6ms
[2024-08-28T13:06:09.578+0000][info][gc,phases      ] GC(467)   Other: 0.3ms
[2024-08-28T13:06:09.578+0000][info][gc,heap        ] GC(467) Eden regions: 44->0(44)
[2024-08-28T13:06:09.578+0000][info][gc,heap        ] GC(467) Survivor regions: 7->7(7)
[2024-08-28T13:06:09.578+0000][info][gc,heap        ] GC(467) Old regions: 876->923
[2024-08-28T13:06:09.578+0000][info][gc,heap        ] GC(467) Archive regions: 2->2
[2024-08-28T13:06:09.578+0000][info][gc,heap        ] GC(467) Humongous regions: 5->5
[2024-08-28T13:06:09.578+0000][info][gc,metaspace   ] GC(467) Metaspace: 100K(320K)->100K(320K) NonClass: 96K(192K)->96K(192K) Class: 4K(128K)->4K(128K)
[2024-08-28T13:06:09.578+0000][info][gc             ] GC(467) Pause Young (Normal) (G1 Evacuation Pause) 932M->935M(1024M) 15.677ms
[2024-08-28T13:06:09.578+0000][info][gc,cpu         ] GC(467) User=0.35s Sys=0.01s Real=0.02s
[2024-08-28T13:06:09.592+0000][info][gc,marking     ] GC(465) Concurrent Rebuild Remembered Sets 81.634ms
[2024-08-28T13:06:09.593+0000][info][gc,start       ] GC(465) Pause Cleanup
[2024-08-28T13:06:09.596+0000][info][gc             ] GC(465) Pause Cleanup 956M->956M(1024M) 2.999ms
[2024-08-28T13:06:09.596+0000][info][gc,cpu         ] GC(465) User=0.00s Sys=0.00s Real=0.00s
[2024-08-28T13:06:09.596+0000][info][gc,marking     ] GC(465) Concurrent Cleanup for Next Mark
[2024-08-28T13:06:09.597+0000][info][gc,marking     ] GC(465) Concurrent Cleanup for Next Mark 0.987ms
[2024-08-28T13:06:09.597+0000][info][gc             ] GC(465) Concurrent Mark Cycle 116.999ms
[2024-08-28T13:06:09.609+0000][info][gc,start       ] GC(468) Pause Young (Prepare Mixed) (G1 Preventive Collection)
[2024-08-28T13:06:09.609+0000][info][gc,task        ] GC(468) Using 24 workers of 68 for evacuation
[2024-08-28T13:06:09.625+0000][info][gc,phases      ] GC(468)   Pre Evacuate Collection Set: 0.2ms
[2024-08-28T13:06:09.625+0000][info][gc,phases      ] GC(468)   Merge Heap Roots: 0.4ms
[2024-08-28T13:06:09.625+0000][info][gc,phases      ] GC(468)   Evacuate Collection Set: 15.3ms
[2024-08-28T13:06:09.625+0000][info][gc,phases      ] GC(468)   Post Evacuate Collection Set: 0.4ms
[2024-08-28T13:06:09.625+0000][info][gc,phases      ] GC(468)   Other: 0.3ms
[2024-08-28T13:06:09.625+0000][info][gc,heap        ] GC(468) Eden regions: 38->0(44)
[2024-08-28T13:06:09.625+0000][info][gc,heap        ] GC(468) Survivor regions: 7->7(7)
[2024-08-28T13:06:09.625+0000][info][gc,heap        ] GC(468) Old regions: 923->964
[2024-08-28T13:06:09.625+0000][info][gc,heap        ] GC(468) Archive regions: 2->2
[2024-08-28T13:06:09.625+0000][info][gc,heap        ] GC(468) Humongous regions: 5->5
[2024-08-28T13:06:09.625+0000][info][gc,metaspace   ] GC(468) Metaspace: 100K(320K)->100K(320K) NonClass: 96K(192K)->96K(192K) Class: 4K(128K)->4K(128K)
[2024-08-28T13:06:09.625+0000][info][gc             ] GC(468) Pause Young (Prepare Mixed) (G1 Preventive Collection) 973M->976M(1024M) 16.768ms
[2024-08-28T13:06:09.626+0000][info][gc,cpu         ] GC(468) User=0.37s Sys=0.01s Real=0.02s
[2024-08-28T13:06:09.638+0000][info][gc,start       ] GC(469) Pause Young (Mixed) (G1 Preventive Collection)
[2024-08-28T13:06:09.638+0000][info][gc,task        ] GC(469) Using 24 workers of 68 for evacuation
[2024-08-28T13:06:09.646+0000][info][gc,phases      ] GC(469)   Pre Evacuate Collection Set: 0.2ms
[2024-08-28T13:06:09.646+0000][info][gc,phases      ] GC(469)   Merge Heap Roots: 0.4ms
[2024-08-28T13:06:09.646+0000][info][gc,phases      ] GC(469)   Evacuate Collection Set: 6.9ms
[2024-08-28T13:06:09.646+0000][info][gc,phases      ] GC(469)   Post Evacuate Collection Set: 0.5ms
[2024-08-28T13:06:09.646+0000][info][gc,phases      ] GC(469)   Other: 0.4ms
[2024-08-28T13:06:09.646+0000][info][gc,heap        ] GC(469) Eden regions: 18->0(44)
[2024-08-28T13:06:09.646+0000][info][gc,heap        ] GC(469) Survivor regions: 7->7(7)
[2024-08-28T13:06:09.646+0000][info][gc,heap        ] GC(469) Old regions: 964->882
[2024-08-28T13:06:09.646+0000][info][gc,heap        ] GC(469) Archive regions: 2->2
[2024-08-28T13:06:09.646+0000][info][gc,heap        ] GC(469) Humongous regions: 5->5
[2024-08-28T13:06:09.646+0000][info][gc,metaspace   ] GC(469) Metaspace: 100K(320K)->100K(320K) NonClass: 96K(192K)->96K(192K) Class: 4K(128K)->4K(128K)
[2024-08-28T13:06:09.646+0000][info][gc             ] GC(469) Pause Young (Mixed) (G1 Preventive Collection) 994M->894M(1024M) 8.334ms
[2024-08-28T13:06:09.646+0000][info][gc,cpu         ] GC(469) User=0.16s Sys=0.01s Real=0.00s
[2024-08-28T13:06:09.673+0000][info][gc,start       ] GC(470) Pause Young (Mixed) (G1 Evacuation Pause)
[2024-08-28T13:06:09.673+0000][info][gc,task        ] GC(470) Using 24 workers of 68 for evacuation
[2024-08-28T13:06:09.685+0000][info][gc,phases      ] GC(470)   Pre Evacuate Collection Set: 0.3ms
[2024-08-28T13:06:09.685+0000][info][gc,phases      ] GC(470)   Merge Heap Roots: 0.4ms
[2024-08-28T13:06:09.685+0000][info][gc,phases      ] GC(470)   Evacuate Collection Set: 10.8ms
[2024-08-28T13:06:09.685+0000][info][gc,phases      ] GC(470)   Post Evacuate Collection Set: 0.5ms
[2024-08-28T13:06:09.685+0000][info][gc,phases      ] GC(470)   Other: 0.3ms
[2024-08-28T13:06:09.685+0000][info][gc,heap        ] GC(470) Eden regions: 44->0(44)
[2024-08-28T13:06:09.685+0000][info][gc,heap        ] GC(470) Survivor regions: 7->7(7)
[2024-08-28T13:06:09.685+0000][info][gc,heap        ] GC(470) Old regions: 882->823
[2024-08-28T13:06:09.685+0000][info][gc,heap        ] GC(470) Archive regions: 2->2
[2024-08-28T13:06:09.685+0000][info][gc,heap        ] GC(470) Humongous regions: 5->5
[2024-08-28T13:06:09.685+0000][info][gc,metaspace   ] GC(470) Metaspace: 100K(320K)->100K(320K) NonClass: 96K(192K)->96K(192K) Class: 4K(128K)->4K(128K)
[2024-08-28T13:06:09.686+0000][info][gc             ] GC(470) Pause Young (Mixed) (G1 Evacuation Pause) 938M->835M(1024M) 12.395ms
[2024-08-28T13:06:09.686+0000][info][gc,cpu         ] GC(470) User=0.26s Sys=0.01s Real=0.01s
[2024-08-28T13:06:09.713+0000][info][gc,start       ] GC(471) Pause Young (Mixed) (G1 Evacuation Pause)
[2024-08-28T13:06:09.713+0000][info][gc,task        ] GC(471) Using 24 workers of 68 for evacuation
[2024-08-28T13:06:09.725+0000][info][gc,phases      ] GC(471)   Pre Evacuate Collection Set: 0.3ms
[2024-08-28T13:06:09.725+0000][info][gc,phases      ] GC(471)   Merge Heap Roots: 0.4ms
[2024-08-28T13:06:09.725+0000][info][gc,phases      ] GC(471)   Evacuate Collection Set: 10.6ms
[2024-08-28T13:06:09.725+0000][info][gc,phases      ] GC(471)   Post Evacuate Collection Set: 0.5ms
[2024-08-28T13:06:09.725+0000][info][gc,phases      ] GC(471)   Other: 0.4ms
[2024-08-28T13:06:09.725+0000][info][gc,heap        ] GC(471) Eden regions: 44->0(44)
[2024-08-28T13:06:09.725+0000][info][gc,heap        ] GC(471) Survivor regions: 7->7(7)
[2024-08-28T13:06:09.725+0000][info][gc,heap        ] GC(471) Old regions: 823->767
[2024-08-28T13:06:09.725+0000][info][gc,heap        ] GC(471) Archive regions: 2->2
[2024-08-28T13:06:09.725+0000][info][gc,heap        ] GC(471) Humongous regions: 5->5
[2024-08-28T13:06:09.725+0000][info][gc,metaspace   ] GC(471) Metaspace: 100K(320K)->100K(320K) NonClass: 96K(192K)->96K(192K) Class: 4K(128K)->4K(128K)
[2024-08-28T13:06:09.725+0000][info][gc             ] GC(471) Pause Young (Mixed) (G1 Evacuation Pause) 879M->779M(1024M) 12.200ms
[2024-08-28T13:06:09.725+0000][info][gc,cpu         ] GC(471) User=0.26s Sys=0.01s Real=0.01s
[2024-08-28T13:06:09.753+0000][info][gc,start       ] GC(472) Pause Young (Mixed) (G1 Evacuation Pause)
[2024-08-28T13:06:09.753+0000][info][gc,task        ] GC(472) Using 24 workers of 68 for evacuation
[2024-08-28T13:06:09.766+0000][info][gc,phases      ] GC(472)   Pre Evacuate Collection Set: 0.2ms
[2024-08-28T13:06:09.766+0000][info][gc,phases      ] GC(472)   Merge Heap Roots: 0.3ms
[2024-08-28T13:06:09.766+0000][info][gc,phases      ] GC(472)   Evacuate Collection Set: 11.7ms
[2024-08-28T13:06:09.766+0000][info][gc,phases      ] GC(472)   Post Evacuate Collection Set: 0.4ms
[2024-08-28T13:06:09.766+0000][info][gc,phases      ] GC(472)   Other: 0.4ms
[2024-08-28T13:06:09.766+0000][info][gc,heap        ] GC(472) Eden regions: 44->0(44)
[2024-08-28T13:06:09.766+0000][info][gc,heap        ] GC(472) Survivor regions: 7->7(7)
[2024-08-28T13:06:09.766+0000][info][gc,heap        ] GC(472) Old regions: 767->786
[2024-08-28T13:06:09.766+0000][info][gc,heap        ] GC(472) Archive regions: 2->2
[2024-08-28T13:06:09.766+0000][info][gc,heap        ] GC(472) Humongous regions: 5->5
[2024-08-28T13:06:09.766+0000][info][gc,metaspace   ] GC(472) Metaspace: 100K(320K)->100K(320K) NonClass: 96K(192K)->96K(192K) Class: 4K(128K)->4K(128K)
[2024-08-28T13:06:09.766+0000][info][gc             ] GC(472) Pause Young (Mixed) (G1 Evacuation Pause) 823M->798M(1024M) 13.072ms
[2024-08-28T13:06:09.766+0000][info][gc,cpu         ] GC(472) User=0.28s Sys=0.00s Real=0.01s
[2024-08-28T13:06:09.794+0000][info][gc,start       ] GC(473) Pause Young (Concurrent Start) (G1 Evacuation Pause)
[2024-08-28T13:06:09.794+0000][info][gc,task        ] GC(473) Using 24 workers of 68 for evacuation
[2024-08-28T13:06:09.806+0000][info][gc,phases      ] GC(473)   Pre Evacuate Collection Set: 0.2ms
[2024-08-28T13:06:09.806+0000][info][gc,phases      ] GC(473)   Merge Heap Roots: 0.2ms
[2024-08-28T13:06:09.806+0000][info][gc,phases      ] GC(473)   Evacuate Collection Set: 10.4ms
[2024-08-28T13:06:09.806+0000][info][gc,phases      ] GC(473)   Post Evacuate Collection Set: 0.4ms
[2024-08-28T13:06:09.806+0000][info][gc,phases      ] GC(473)   Other: 1.0ms
[2024-08-28T13:06:09.806+0000][info][gc,heap        ] GC(473) Eden regions: 44->0(44)
[2024-08-28T13:06:09.806+0000][info][gc,heap        ] GC(473) Survivor regions: 7->7(7)
[2024-08-28T13:06:09.806+0000][info][gc,heap        ] GC(473) Old regions: 786->833
[2024-08-28T13:06:09.806+0000][info][gc,heap        ] GC(473) Archive regions: 2->2
[2024-08-28T13:06:09.806+0000][info][gc,heap        ] GC(473) Humongous regions: 5->5
[2024-08-28T13:06:09.806+0000][info][gc,metaspace   ] GC(473) Metaspace: 100K(320K)->100K(320K) NonClass: 96K(192K)->96K(192K) Class: 4K(128K)->4K(128K)
[2024-08-28T13:06:09.806+0000][info][gc             ] GC(473) Pause Young (Concurrent Start) (G1 Evacuation Pause) 842M->845M(1024M) 12.324ms
[2024-08-28T13:06:09.806+0000][info][gc,cpu         ] GC(473) User=0.25s Sys=0.00s Real=0.01s
[2024-08-28T13:06:09.806+0000][info][gc             ] GC(474) Concurrent Mark Cycle
[2024-08-28T13:06:09.806+0000][info][gc,marking     ] GC(474) Concurrent Clear Claimed Marks
[2024-08-28T13:06:09.806+0000][info][gc,marking     ] GC(474) Concurrent Clear Claimed Marks 0.012ms
[2024-08-28T13:06:09.806+0000][info][gc,marking     ] GC(474) Concurrent Scan Root Regions
[2024-08-28T13:06:09.808+0000][info][gc,marking     ] GC(474) Concurrent Scan Root Regions 1.746ms
[2024-08-28T13:06:09.808+0000][info][gc,marking     ] GC(474) Concurrent Mark
[2024-08-28T13:06:09.808+0000][info][gc,marking     ] GC(474) Concurrent Mark From Roots
[2024-08-28T13:06:09.808+0000][info][gc,task        ] GC(474) Using 17 workers of 17 for marking
[2024-08-28T13:06:09.834+0000][info][gc,marking     ] GC(474) Concurrent Mark From Roots 26.168ms
[2024-08-28T13:06:09.834+0000][info][gc,marking     ] GC(474) Concurrent Preclean
[2024-08-28T13:06:09.835+0000][info][gc,marking     ] GC(474) Concurrent Preclean 0.947ms
[2024-08-28T13:06:09.836+0000][info][gc,start       ] GC(474) Pause Remark
[2024-08-28T13:06:09.838+0000][info][gc             ] GC(474) Pause Remark 877M->877M(1024M) 1.879ms
[2024-08-28T13:06:09.838+0000][info][gc,cpu         ] GC(474) User=0.01s Sys=0.00s Real=0.01s
[2024-08-28T13:06:09.838+0000][info][gc,marking     ] GC(474) Concurrent Mark 29.678ms
[2024-08-28T13:06:09.838+0000][info][gc,marking     ] GC(474) Concurrent Rebuild Remembered Sets
[2024-08-28T13:06:09.846+0000][info][gc,start       ] GC(475) Pause Young (Normal) (G1 Evacuation Pause)
[2024-08-28T13:06:09.846+0000][info][gc,task        ] GC(475) Using 24 workers of 68 for evacuation
[2024-08-28T13:06:09.858+0000][info][gc,phases      ] GC(475)   Pre Evacuate Collection Set: 0.2ms
[2024-08-28T13:06:09.858+0000][info][gc,phases      ] GC(475)   Merge Heap Roots: 0.4ms
[2024-08-28T13:06:09.858+0000][info][gc,phases      ] GC(475)   Evacuate Collection Set: 10.3ms
[2024-08-28T13:06:09.858+0000][info][gc,phases      ] GC(475)   Post Evacuate Collection Set: 0.5ms
[2024-08-28T13:06:09.858+0000][info][gc,phases      ] GC(475)   Other: 0.3ms
[2024-08-28T13:06:09.858+0000][info][gc,heap        ] GC(475) Eden regions: 44->0(44)
[2024-08-28T13:06:09.858+0000][info][gc,heap        ] GC(475) Survivor regions: 7->7(7)
[2024-08-28T13:06:09.858+0000][info][gc,heap        ] GC(475) Old regions: 833->879
[2024-08-28T13:06:09.858+0000][info][gc,heap        ] GC(475) Archive regions: 2->2
[2024-08-28T13:06:09.858+0000][info][gc,heap        ] GC(475) Humongous regions: 5->5
[2024-08-28T13:06:09.858+0000][info][gc,metaspace   ] GC(475) Metaspace: 100K(320K)->100K(320K) NonClass: 96K(192K)->96K(192K) Class: 4K(128K)->4K(128K)
[2024-08-28T13:06:09.858+0000][info][gc             ] GC(475) Pause Young (Normal) (G1 Evacuation Pause) 889M->891M(1024M) 11.715ms
[2024-08-28T13:06:09.858+0000][info][gc,cpu         ] GC(475) User=0.25s Sys=0.01s Real=0.02s
[2024-08-28T13:06:09.889+0000][info][gc,start       ] GC(476) Pause Young (Normal) (G1 Evacuation Pause)
[2024-08-28T13:06:09.889+0000][info][gc,task        ] GC(476) Using 24 workers of 68 for evacuation
[2024-08-28T13:06:09.904+0000][info][gc,phases      ] GC(476)   Pre Evacuate Collection Set: 0.2ms
[2024-08-28T13:06:09.904+0000][info][gc,phases      ] GC(476)   Merge Heap Roots: 0.3ms
[2024-08-28T13:06:09.904+0000][info][gc,phases      ] GC(476)   Evacuate Collection Set: 14.0ms
[2024-08-28T13:06:09.904+0000][info][gc,phases      ] GC(476)   Post Evacuate Collection Set: 0.6ms
[2024-08-28T13:06:09.904+0000][info][gc,phases      ] GC(476)   Other: 0.3ms
[2024-08-28T13:06:09.904+0000][info][gc,heap        ] GC(476) Eden regions: 44->0(44)
[2024-08-28T13:06:09.904+0000][info][gc,heap        ] GC(476) Survivor regions: 7->7(7)
[2024-08-28T13:06:09.904+0000][info][gc,heap        ] GC(476) Old regions: 879->925
[2024-08-28T13:06:09.904+0000][info][gc,heap        ] GC(476) Archive regions: 2->2
[2024-08-28T13:06:09.904+0000][info][gc,heap        ] GC(476) Humongous regions: 5->5
[2024-08-28T13:06:09.904+0000][info][gc,metaspace   ] GC(476) Metaspace: 100K(320K)->100K(320K) NonClass: 96K(192K)->96K(192K) Class: 4K(128K)->4K(128K)
[2024-08-28T13:06:09.904+0000][info][gc             ] GC(476) Pause Young (Normal) (G1 Evacuation Pause) 935M->937M(1024M) 15.598ms
[2024-08-28T13:06:09.904+0000][info][gc,cpu         ] GC(476) User=0.34s Sys=0.00s Real=0.02s
[2024-08-28T13:06:09.921+0000][info][gc,marking     ] GC(474) Concurrent Rebuild Remembered Sets 82.818ms
[2024-08-28T13:06:09.921+0000][info][gc,start       ] GC(474) Pause Cleanup
[2024-08-28T13:06:09.924+0000][info][gc             ] GC(474) Pause Cleanup 959M->959M(1024M) 3.088ms
[2024-08-28T13:06:09.924+0000][info][gc,cpu         ] GC(474) User=0.01s Sys=0.00s Real=0.00s
[2024-08-28T13:06:09.924+0000][info][gc,marking     ] GC(474) Concurrent Cleanup for Next Mark
[2024-08-28T13:06:09.925+0000][info][gc,marking     ] GC(474) Concurrent Cleanup for Next Mark 0.946ms
[2024-08-28T13:06:09.925+0000][info][gc             ] GC(474) Concurrent Mark Cycle 118.988ms
[2024-08-28T13:06:09.935+0000][info][gc,start       ] GC(477) Pause Young (Prepare Mixed) (G1 Preventive Collection)
[2024-08-28T13:06:09.935+0000][info][gc,task        ] GC(477) Using 24 workers of 68 for evacuation
[2024-08-28T13:06:09.952+0000][info][gc,phases      ] GC(477)   Pre Evacuate Collection Set: 0.2ms
[2024-08-28T13:06:09.952+0000][info][gc,phases      ] GC(477)   Merge Heap Roots: 0.6ms
[2024-08-28T13:06:09.952+0000][info][gc,phases      ] GC(477)   Evacuate Collection Set: 15.4ms
[2024-08-28T13:06:09.952+0000][info][gc,phases      ] GC(477)   Post Evacuate Collection Set: 0.4ms
[2024-08-28T13:06:09.952+0000][info][gc,phases      ] GC(477)   Other: 0.3ms
[2024-08-28T13:06:09.952+0000][info][gc,heap        ] GC(477) Eden regions: 37->0(44)
[2024-08-28T13:06:09.952+0000][info][gc,heap        ] GC(477) Survivor regions: 7->7(7)
[2024-08-28T13:06:09.952+0000][info][gc,heap        ] GC(477) Old regions: 925->965
[2024-08-28T13:06:09.952+0000][info][gc,heap        ] GC(477) Archive regions: 2->2
[2024-08-28T13:06:09.952+0000][info][gc,heap        ] GC(477) Humongous regions: 5->5
[2024-08-28T13:06:09.952+0000][info][gc,metaspace   ] GC(477) Metaspace: 100K(320K)->100K(320K) NonClass: 96K(192K)->96K(192K) Class: 4K(128K)->4K(128K)
[2024-08-28T13:06:09.952+0000][info][gc             ] GC(477) Pause Young (Prepare Mixed) (G1 Preventive Collection) 974M->977M(1024M) 16.960ms
[2024-08-28T13:06:09.952+0000][info][gc,cpu         ] GC(477) User=0.38s Sys=0.00s Real=0.02s
[2024-08-28T13:06:09.964+0000][info][gc,start       ] GC(478) Pause Young (Mixed) (G1 Preventive Collection)
[2024-08-28T13:06:09.964+0000][info][gc,task        ] GC(478) Using 24 workers of 68 for evacuation
[2024-08-28T13:06:09.972+0000][info][gc,phases      ] GC(478)   Pre Evacuate Collection Set: 0.2ms
[2024-08-28T13:06:09.972+0000][info][gc,phases      ] GC(478)   Merge Heap Roots: 0.3ms
[2024-08-28T13:06:09.972+0000][info][gc,phases      ] GC(478)   Evacuate Collection Set: 6.7ms
[2024-08-28T13:06:09.972+0000][info][gc,phases      ] GC(478)   Post Evacuate Collection Set: 0.5ms
[2024-08-28T13:06:09.972+0000][info][gc,phases      ] GC(478)   Other: 0.3ms
[2024-08-28T13:06:09.972+0000][info][gc,heap        ] GC(478) Eden regions: 17->0(44)
[2024-08-28T13:06:09.972+0000][info][gc,heap        ] GC(478) Survivor regions: 7->7(7)
[2024-08-28T13:06:09.972+0000][info][gc,heap        ] GC(478) Old regions: 965->882
[2024-08-28T13:06:09.972+0000][info][gc,heap        ] GC(478) Archive regions: 2->2
[2024-08-28T13:06:09.972+0000][info][gc,heap        ] GC(478) Humongous regions: 5->5
[2024-08-28T13:06:09.972+0000][info][gc,metaspace   ] GC(478) Metaspace: 100K(320K)->100K(320K) NonClass: 96K(192K)->96K(192K) Class: 4K(128K)->4K(128K)
[2024-08-28T13:06:09.972+0000][info][gc             ] GC(478) Pause Young (Mixed) (G1 Preventive Collection) 994M->894M(1024M) 8.165ms
[2024-08-28T13:06:09.972+0000][info][gc,cpu         ] GC(478) User=0.17s Sys=0.00s Real=0.01s
[2024-08-28T13:06:10.000+0000][info][gc,start       ] GC(479) Pause Young (Mixed) (G1 Evacuation Pause)
[2024-08-28T13:06:10.000+0000][info][gc,task        ] GC(479) Using 24 workers of 68 for evacuation
[2024-08-28T13:06:10.012+0000][info][gc,phases      ] GC(479)   Pre Evacuate Collection Set: 0.3ms
[2024-08-28T13:06:10.012+0000][info][gc,phases      ] GC(479)   Merge Heap Roots: 0.4ms
[2024-08-28T13:06:10.012+0000][info][gc,phases      ] GC(479)   Evacuate Collection Set: 10.9ms
[2024-08-28T13:06:10.012+0000][info][gc,phases      ] GC(479)   Post Evacuate Collection Set: 0.5ms
[2024-08-28T13:06:10.012+0000][info][gc,phases      ] GC(479)   Other: 0.3ms
[2024-08-28T13:06:10.012+0000][info][gc,heap        ] GC(479) Eden regions: 44->0(44)
[2024-08-28T13:06:10.012+0000][info][gc,heap        ] GC(479) Survivor regions: 7->7(7)
[2024-08-28T13:06:10.012+0000][info][gc,heap        ] GC(479) Old regions: 882->824
[2024-08-28T13:06:10.012+0000][info][gc,heap        ] GC(479) Archive regions: 2->2
[2024-08-28T13:06:10.012+0000][info][gc,heap        ] GC(479) Humongous regions: 5->5
[2024-08-28T13:06:10.012+0000][info][gc,metaspace   ] GC(479) Metaspace: 100K(320K)->100K(320K) NonClass: 96K(192K)->96K(192K) Class: 4K(128K)->4K(128K)
[2024-08-28T13:06:10.012+0000][info][gc             ] GC(479) Pause Young (Mixed) (G1 Evacuation Pause) 938M->836M(1024M) 12.571ms
[2024-08-28T13:06:10.012+0000][info][gc,cpu         ] GC(479) User=0.27s Sys=0.00s Real=0.01s
[2024-08-28T13:06:10.040+0000][info][gc,start       ] GC(480) Pause Young (Mixed) (G1 Evacuation Pause)
[2024-08-28T13:06:10.040+0000][info][gc,task        ] GC(480) Using 24 workers of 68 for evacuation
[2024-08-28T13:06:10.052+0000][info][gc,phases      ] GC(480)   Pre Evacuate Collection Set: 0.2ms
[2024-08-28T13:06:10.053+0000][info][gc,phases      ] GC(480)   Merge Heap Roots: 0.4ms
[2024-08-28T13:06:10.053+0000][info][gc,phases      ] GC(480)   Evacuate Collection Set: 10.7ms
[2024-08-28T13:06:10.053+0000][info][gc,phases      ] GC(480)   Post Evacuate Collection Set: 0.5ms
[2024-08-28T13:06:10.053+0000][info][gc,phases      ] GC(480)   Other: 0.3ms
[2024-08-28T13:06:10.053+0000][info][gc,heap        ] GC(480) Eden regions: 44->0(44)
[2024-08-28T13:06:10.053+0000][info][gc,heap        ] GC(480) Survivor regions: 7->7(7)
[2024-08-28T13:06:10.053+0000][info][gc,heap        ] GC(480) Old regions: 824->767
[2024-08-28T13:06:10.053+0000][info][gc,heap        ] GC(480) Archive regions: 2->2
[2024-08-28T13:06:10.053+0000][info][gc,heap        ] GC(480) Humongous regions: 5->5
[2024-08-28T13:06:10.053+0000][info][gc,metaspace   ] GC(480) Metaspace: 100K(320K)->100K(320K) NonClass: 96K(192K)->96K(192K) Class: 4K(128K)->4K(128K)
[2024-08-28T13:06:10.053+0000][info][gc             ] GC(480) Pause Young (Mixed) (G1 Evacuation Pause) 880M->779M(1024M) 12.332ms
[2024-08-28T13:06:10.053+0000][info][gc,cpu         ] GC(480) User=0.27s Sys=0.00s Real=0.01s
[2024-08-28T13:06:10.080+0000][info][gc,start       ] GC(481) Pause Young (Mixed) (G1 Evacuation Pause)
[2024-08-28T13:06:10.080+0000][info][gc,task        ] GC(481) Using 24 workers of 68 for evacuation
[2024-08-28T13:06:10.092+0000][info][gc,phases      ] GC(481)   Pre Evacuate Collection Set: 0.2ms
[2024-08-28T13:06:10.092+0000][info][gc,phases      ] GC(481)   Merge Heap Roots: 0.4ms
[2024-08-28T13:06:10.092+0000][info][gc,phases      ] GC(481)   Evacuate Collection Set: 10.8ms
[2024-08-28T13:06:10.092+0000][info][gc,phases      ] GC(481)   Post Evacuate Collection Set: 0.5ms
[2024-08-28T13:06:10.092+0000][info][gc,phases      ] GC(481)   Other: 0.4ms
[2024-08-28T13:06:10.092+0000][info][gc,heap        ] GC(481) Eden regions: 44->0(44)
[2024-08-28T13:06:10.092+0000][info][gc,heap        ] GC(481) Survivor regions: 7->7(7)
[2024-08-28T13:06:10.092+0000][info][gc,heap        ] GC(481) Old regions: 767->783
[2024-08-28T13:06:10.092+0000][info][gc,heap        ] GC(481) Archive regions: 2->2
[2024-08-28T13:06:10.092+0000][info][gc,heap        ] GC(481) Humongous regions: 5->5
[2024-08-28T13:06:10.092+0000][info][gc,metaspace   ] GC(481) Metaspace: 100K(320K)->100K(320K) NonClass: 96K(192K)->96K(192K) Class: 4K(128K)->4K(128K)
[2024-08-28T13:06:10.092+0000][info][gc             ] GC(481) Pause Young (Mixed) (G1 Evacuation Pause) 823M->795M(1024M) 12.398ms
[2024-08-28T13:06:10.092+0000][info][gc,cpu         ] GC(481) User=0.27s Sys=0.00s Real=0.01s
[2024-08-28T13:06:10.119+0000][info][gc,start       ] GC(482) Pause Young (Concurrent Start) (G1 Evacuation Pause)
[2024-08-28T13:06:10.119+0000][info][gc,task        ] GC(482) Using 24 workers of 68 for evacuation
[2024-08-28T13:06:10.131+0000][info][gc,phases      ] GC(482)   Pre Evacuate Collection Set: 0.2ms
[2024-08-28T13:06:10.131+0000][info][gc,phases      ] GC(482)   Merge Heap Roots: 0.4ms
[2024-08-28T13:06:10.131+0000][info][gc,phases      ] GC(482)   Evacuate Collection Set: 10.3ms
[2024-08-28T13:06:10.131+0000][info][gc,phases      ] GC(482)   Post Evacuate Collection Set: 0.4ms
[2024-08-28T13:06:10.131+0000][info][gc,phases      ] GC(482)   Other: 1.0ms
[2024-08-28T13:06:10.131+0000][info][gc,heap        ] GC(482) Eden regions: 44->0(44)
[2024-08-28T13:06:10.131+0000][info][gc,heap        ] GC(482) Survivor regions: 7->7(7)
[2024-08-28T13:06:10.131+0000][info][gc,heap        ] GC(482) Old regions: 783->829
[2024-08-28T13:06:10.131+0000][info][gc,heap        ] GC(482) Archive regions: 2->2
[2024-08-28T13:06:10.131+0000][info][gc,heap        ] GC(482) Humongous regions: 5->5
[2024-08-28T13:06:10.131+0000][info][gc,metaspace   ] GC(482) Metaspace: 100K(320K)->100K(320K) NonClass: 96K(192K)->96K(192K) Class: 4K(128K)->4K(128K)
[2024-08-28T13:06:10.132+0000][info][gc             ] GC(482) Pause Young (Concurrent Start) (G1 Evacuation Pause) 839M->841M(1024M) 12.460ms
[2024-08-28T13:06:10.132+0000][info][gc,cpu         ] GC(482) User=0.26s Sys=0.00s Real=0.01s
[2024-08-28T13:06:10.132+0000][info][gc             ] GC(483) Concurrent Mark Cycle
[2024-08-28T13:06:10.132+0000][info][gc,marking     ] GC(483) Concurrent Clear Claimed Marks
[2024-08-28T13:06:10.132+0000][info][gc,marking     ] GC(483) Concurrent Clear Claimed Marks 0.009ms
[2024-08-28T13:06:10.132+0000][info][gc,marking     ] GC(483) Concurrent Scan Root Regions
[2024-08-28T13:06:10.133+0000][info][gc,marking     ] GC(483) Concurrent Scan Root Regions 1.689ms
[2024-08-28T13:06:10.133+0000][info][gc,marking     ] GC(483) Concurrent Mark
[2024-08-28T13:06:10.133+0000][info][gc,marking     ] GC(483) Concurrent Mark From Roots
[2024-08-28T13:06:10.133+0000][info][gc,task        ] GC(483) Using 17 workers of 17 for marking
[2024-08-28T13:06:10.158+0000][info][gc,marking     ] GC(483) Concurrent Mark From Roots 24.197ms
[2024-08-28T13:06:10.158+0000][info][gc,marking     ] GC(483) Concurrent Preclean
[2024-08-28T13:06:10.158+0000][info][gc,marking     ] GC(483) Concurrent Preclean 0.533ms
[2024-08-28T13:06:10.159+0000][info][gc,start       ] GC(483) Pause Remark
[2024-08-28T13:06:10.161+0000][info][gc             ] GC(483) Pause Remark 863M->863M(1024M) 2.018ms
[2024-08-28T13:06:10.161+0000][info][gc,cpu         ] GC(483) User=0.01s Sys=0.00s Real=0.00s
[2024-08-28T13:06:10.161+0000][info][gc,marking     ] GC(483) Concurrent Mark 27.256ms
[2024-08-28T13:06:10.161+0000][info][gc,marking     ] GC(483) Concurrent Rebuild Remembered Sets
[2024-08-28T13:06:10.183+0000][info][gc,start       ] GC(484) Pause Young (Normal) (G1 Evacuation Pause)
[2024-08-28T13:06:10.183+0000][info][gc,task        ] GC(484) Using 24 workers of 68 for evacuation
[2024-08-28T13:06:10.194+0000][info][gc,phases      ] GC(484)   Pre Evacuate Collection Set: 0.2ms
[2024-08-28T13:06:10.194+0000][info][gc,phases      ] GC(484)   Merge Heap Roots: 0.3ms
[2024-08-28T13:06:10.194+0000][info][gc,phases      ] GC(484)   Evacuate Collection Set: 9.8ms
[2024-08-28T13:06:10.194+0000][info][gc,phases      ] GC(484)   Post Evacuate Collection Set: 0.5ms
[2024-08-28T13:06:10.194+0000][info][gc,phases      ] GC(484)   Other: 0.3ms
[2024-08-28T13:06:10.194+0000][info][gc,heap        ] GC(484) Eden regions: 44->0(44)
[2024-08-28T13:06:10.194+0000][info][gc,heap        ] GC(484) Survivor regions: 7->7(7)
[2024-08-28T13:06:10.194+0000][info][gc,heap        ] GC(484) Old regions: 829->876
[2024-08-28T13:06:10.194+0000][info][gc,heap        ] GC(484) Archive regions: 2->2
[2024-08-28T13:06:10.194+0000][info][gc,heap        ] GC(484) Humongous regions: 5->5
[2024-08-28T13:06:10.194+0000][info][gc,metaspace   ] GC(484) Metaspace: 100K(320K)->100K(320K) NonClass: 96K(192K)->96K(192K) Class: 4K(128K)->4K(128K)
[2024-08-28T13:06:10.194+0000][info][gc             ] GC(484) Pause Young (Normal) (G1 Evacuation Pause) 885M->888M(1024M) 11.118ms
[2024-08-28T13:06:10.194+0000][info][gc,cpu         ] GC(484) User=0.24s Sys=0.00s Real=0.01s
[2024-08-28T13:06:10.225+0000][info][gc,marking     ] GC(483) Concurrent Rebuild Remembered Sets 64.151ms
[2024-08-28T13:06:10.225+0000][info][gc,start       ] GC(483) Pause Cleanup
[2024-08-28T13:06:10.228+0000][info][gc             ] GC(483) Pause Cleanup 917M->917M(1024M) 3.151ms
[2024-08-28T13:06:10.229+0000][info][gc,cpu         ] GC(483) User=0.01s Sys=0.00s Real=0.00s
[2024-08-28T13:06:10.229+0000][info][gc,marking     ] GC(483) Concurrent Cleanup for Next Mark
[2024-08-28T13:06:10.229+0000][info][gc,marking     ] GC(483) Concurrent Cleanup for Next Mark 0.842ms
[2024-08-28T13:06:10.230+0000][info][gc             ] GC(483) Concurrent Mark Cycle 97.901ms
[2024-08-28T13:06:10.240+0000][info][gc,start       ] GC(485) Pause Young (Prepare Mixed) (G1 Evacuation Pause)
[2024-08-28T13:06:10.240+0000][info][gc,task        ] GC(485) Using 24 workers of 68 for evacuation
[2024-08-28T13:06:10.255+0000][info][gc,phases      ] GC(485)   Pre Evacuate Collection Set: 0.2ms
[2024-08-28T13:06:10.256+0000][info][gc,phases      ] GC(485)   Merge Heap Roots: 0.5ms
[2024-08-28T13:06:10.256+0000][info][gc,phases      ] GC(485)   Evacuate Collection Set: 14.4ms
[2024-08-28T13:06:10.256+0000][info][gc,phases      ] GC(485)   Post Evacuate Collection Set: 0.4ms
[2024-08-28T13:06:10.256+0000][info][gc,phases      ] GC(485)   Other: 0.3ms
[2024-08-28T13:06:10.256+0000][info][gc,heap        ] GC(485) Eden regions: 44->0(44)
[2024-08-28T13:06:10.256+0000][info][gc,heap        ] GC(485) Survivor regions: 7->7(7)
[2024-08-28T13:06:10.256+0000][info][gc,heap        ] GC(485) Old regions: 876->922
[2024-08-28T13:06:10.256+0000][info][gc,heap        ] GC(485) Archive regions: 2->2
[2024-08-28T13:06:10.256+0000][info][gc,heap        ] GC(485) Humongous regions: 5->5
[2024-08-28T13:06:10.256+0000][info][gc,metaspace   ] GC(485) Metaspace: 100K(320K)->100K(320K) NonClass: 96K(192K)->96K(192K) Class: 4K(128K)->4K(128K)
[2024-08-28T13:06:10.256+0000][info][gc             ] GC(485) Pause Young (Prepare Mixed) (G1 Evacuation Pause) 932M->934M(1024M) 15.897ms
[2024-08-28T13:06:10.256+0000][info][gc,cpu         ] GC(485) User=0.36s Sys=0.00s Real=0.01s
[2024-08-28T13:06:10.281+0000][info][gc,start       ] GC(486) Pause Young (Mixed) (G1 Preventive Collection)
[2024-08-28T13:06:10.281+0000][info][gc,task        ] GC(486) Using 24 workers of 68 for evacuation
[2024-08-28T13:06:10.293+0000][info][gc,phases      ] GC(486)   Pre Evacuate Collection Set: 0.2ms
[2024-08-28T13:06:10.293+0000][info][gc,phases      ] GC(486)   Merge Heap Roots: 0.4ms
[2024-08-28T13:06:10.293+0000][info][gc,phases      ] GC(486)   Evacuate Collection Set: 10.7ms
[2024-08-28T13:06:10.293+0000][info][gc,phases      ] GC(486)   Post Evacuate Collection Set: 0.5ms
[2024-08-28T13:06:10.293+0000][info][gc,phases      ] GC(486)   Other: 0.3ms
[2024-08-28T13:06:10.293+0000][info][gc,heap        ] GC(486) Eden regions: 38->0(44)
[2024-08-28T13:06:10.293+0000][info][gc,heap        ] GC(486) Survivor regions: 7->7(7)
[2024-08-28T13:06:10.293+0000][info][gc,heap        ] GC(486) Old regions: 922->860
[2024-08-28T13:06:10.293+0000][info][gc,heap        ] GC(486) Archive regions: 2->2
[2024-08-28T13:06:10.293+0000][info][gc,heap        ] GC(486) Humongous regions: 5->5
[2024-08-28T13:06:10.293+0000][info][gc,metaspace   ] GC(486) Metaspace: 100K(320K)->100K(320K) NonClass: 96K(192K)->96K(192K) Class: 4K(128K)->4K(128K)
[2024-08-28T13:06:10.293+0000][info][gc             ] GC(486) Pause Young (Mixed) (G1 Preventive Collection) 972M->872M(1024M) 12.250ms
[2024-08-28T13:06:10.293+0000][info][gc,cpu         ] GC(486) User=0.27s Sys=0.00s Real=0.01s
[2024-08-28T13:06:10.321+0000][info][gc,start       ] GC(487) Pause Young (Mixed) (G1 Evacuation Pause)
[2024-08-28T13:06:10.321+0000][info][gc,task        ] GC(487) Using 24 workers of 68 for evacuation
[2024-08-28T13:06:10.334+0000][info][gc,phases      ] GC(487)   Pre Evacuate Collection Set: 0.3ms
[2024-08-28T13:06:10.334+0000][info][gc,phases      ] GC(487)   Merge Heap Roots: 0.4ms
[2024-08-28T13:06:10.334+0000][info][gc,phases      ] GC(487)   Evacuate Collection Set: 11.5ms
[2024-08-28T13:06:10.334+0000][info][gc,phases      ] GC(487)   Post Evacuate Collection Set: 0.5ms
[2024-08-28T13:06:10.334+0000][info][gc,phases      ] GC(487)   Other: 0.4ms
[2024-08-28T13:06:10.334+0000][info][gc,heap        ] GC(487) Eden regions: 44->0(44)
[2024-08-28T13:06:10.334+0000][info][gc,heap        ] GC(487) Survivor regions: 7->7(7)
[2024-08-28T13:06:10.334+0000][info][gc,heap        ] GC(487) Old regions: 860->803
[2024-08-28T13:06:10.334+0000][info][gc,heap        ] GC(487) Archive regions: 2->2
[2024-08-28T13:06:10.334+0000][info][gc,heap        ] GC(487) Humongous regions: 5->5
[2024-08-28T13:06:10.334+0000][info][gc,metaspace   ] GC(487) Metaspace: 100K(320K)->100K(320K) NonClass: 96K(192K)->96K(192K) Class: 4K(128K)->4K(128K)
[2024-08-28T13:06:10.334+0000][info][gc             ] GC(487) Pause Young (Mixed) (G1 Evacuation Pause) 916M->815M(1024M) 13.152ms
[2024-08-28T13:06:10.334+0000][info][gc,cpu         ] GC(487) User=0.28s Sys=0.00s Real=0.01s
[2024-08-28T13:06:10.361+0000][info][gc,start       ] GC(488) Pause Young (Mixed) (G1 Evacuation Pause)
[2024-08-28T13:06:10.361+0000][info][gc,task        ] GC(488) Using 24 workers of 68 for evacuation
[2024-08-28T13:06:10.374+0000][info][gc,phases      ] GC(488)   Pre Evacuate Collection Set: 0.2ms
[2024-08-28T13:06:10.374+0000][info][gc,phases      ] GC(488)   Merge Heap Roots: 0.4ms
[2024-08-28T13:06:10.374+0000][info][gc,phases      ] GC(488)   Evacuate Collection Set: 11.3ms
[2024-08-28T13:06:10.374+0000][info][gc,phases      ] GC(488)   Post Evacuate Collection Set: 0.5ms
[2024-08-28T13:06:10.374+0000][info][gc,phases      ] GC(488)   Other: 0.4ms
[2024-08-28T13:06:10.374+0000][info][gc,heap        ] GC(488) Eden regions: 44->0(44)
[2024-08-28T13:06:10.374+0000][info][gc,heap        ] GC(488) Survivor regions: 7->7(7)
[2024-08-28T13:06:10.374+0000][info][gc,heap        ] GC(488) Old regions: 803->748
[2024-08-28T13:06:10.374+0000][info][gc,heap        ] GC(488) Archive regions: 2->2
[2024-08-28T13:06:10.374+0000][info][gc,heap        ] GC(488) Humongous regions: 5->5
[2024-08-28T13:06:10.374+0000][info][gc,metaspace   ] GC(488) Metaspace: 100K(320K)->100K(320K) NonClass: 96K(192K)->96K(192K) Class: 4K(128K)->4K(128K)
[2024-08-28T13:06:10.374+0000][info][gc             ] GC(488) Pause Young (Mixed) (G1 Evacuation Pause) 859M->760M(1024M) 12.854ms
[2024-08-28T13:06:10.374+0000][info][gc,cpu         ] GC(488) User=0.28s Sys=0.00s Real=0.01s
[2024-08-28T13:06:10.401+0000][info][gc,start       ] GC(489) Pause Young (Mixed) (G1 Evacuation Pause)
[2024-08-28T13:06:10.401+0000][info][gc,task        ] GC(489) Using 24 workers of 68 for evacuation
[2024-08-28T13:06:10.414+0000][info][gc,phases      ] GC(489)   Pre Evacuate Collection Set: 0.2ms
[2024-08-28T13:06:10.414+0000][info][gc,phases      ] GC(489)   Merge Heap Roots: 0.4ms
[2024-08-28T13:06:10.414+0000][info][gc,phases      ] GC(489)   Evacuate Collection Set: 11.3ms
[2024-08-28T13:06:10.414+0000][info][gc,phases      ] GC(489)   Post Evacuate Collection Set: 0.4ms
[2024-08-28T13:06:10.414+0000][info][gc,phases      ] GC(489)   Other: 0.4ms
[2024-08-28T13:06:10.414+0000][info][gc,heap        ] GC(489) Eden regions: 44->0(45)
[2024-08-28T13:06:10.414+0000][info][gc,heap        ] GC(489) Survivor regions: 7->7(7)
[2024-08-28T13:06:10.414+0000][info][gc,heap        ] GC(489) Old regions: 748->764
[2024-08-28T13:06:10.414+0000][info][gc,heap        ] GC(489) Archive regions: 2->2
[2024-08-28T13:06:10.414+0000][info][gc,heap        ] GC(489) Humongous regions: 5->5
[2024-08-28T13:06:10.414+0000][info][gc,metaspace   ] GC(489) Metaspace: 100K(320K)->100K(320K) NonClass: 96K(192K)->96K(192K) Class: 4K(128K)->4K(128K)
[2024-08-28T13:06:10.414+0000][info][gc             ] GC(489) Pause Young (Mixed) (G1 Evacuation Pause) 804M->776M(1024M) 12.788ms
[2024-08-28T13:06:10.414+0000][info][gc,cpu         ] GC(489) User=0.27s Sys=0.00s Real=0.01s
[2024-08-28T13:06:10.442+0000][info][gc,start       ] GC(490) Pause Young (Concurrent Start) (G1 Evacuation Pause)
[2024-08-28T13:06:10.442+0000][info][gc,task        ] GC(490) Using 24 workers of 68 for evacuation
[2024-08-28T13:06:10.455+0000][info][gc,phases      ] GC(490)   Pre Evacuate Collection Set: 0.2ms
[2024-08-28T13:06:10.455+0000][info][gc,phases      ] GC(490)   Merge Heap Roots: 0.4ms
[2024-08-28T13:06:10.455+0000][info][gc,phases      ] GC(490)   Evacuate Collection Set: 11.0ms
[2024-08-28T13:06:10.455+0000][info][gc,phases      ] GC(490)   Post Evacuate Collection Set: 0.4ms
[2024-08-28T13:06:10.456+0000][info][gc,phases      ] GC(490)   Other: 1.0ms
[2024-08-28T13:06:10.456+0000][info][gc,heap        ] GC(490) Eden regions: 45->0(44)
[2024-08-28T13:06:10.456+0000][info][gc,heap        ] GC(490) Survivor regions: 7->7(7)
[2024-08-28T13:06:10.456+0000][info][gc,heap        ] GC(490) Old regions: 764->812
[2024-08-28T13:06:10.456+0000][info][gc,heap        ] GC(490) Archive regions: 2->2
[2024-08-28T13:06:10.456+0000][info][gc,heap        ] GC(490) Humongous regions: 5->5
[2024-08-28T13:06:10.456+0000][info][gc,metaspace   ] GC(490) Metaspace: 100K(320K)->100K(320K) NonClass: 96K(192K)->96K(192K) Class: 4K(128K)->4K(128K)
[2024-08-28T13:06:10.456+0000][info][gc             ] GC(490) Pause Young (Concurrent Start) (G1 Evacuation Pause) 821M->824M(1024M) 13.224ms
[2024-08-28T13:06:10.456+0000][info][gc,cpu         ] GC(490) User=0.27s Sys=0.00s Real=0.01s
[2024-08-28T13:06:10.456+0000][info][gc             ] GC(491) Concurrent Mark Cycle
[2024-08-28T13:06:10.456+0000][info][gc,marking     ] GC(491) Concurrent Clear Claimed Marks
[2024-08-28T13:06:10.456+0000][info][gc,marking     ] GC(491) Concurrent Clear Claimed Marks 0.009ms
[2024-08-28T13:06:10.456+0000][info][gc,marking     ] GC(491) Concurrent Scan Root Regions
[2024-08-28T13:06:10.458+0000][info][gc,marking     ] GC(491) Concurrent Scan Root Regions 1.778ms
[2024-08-28T13:06:10.458+0000][info][gc,marking     ] GC(491) Concurrent Mark
[2024-08-28T13:06:10.458+0000][info][gc,marking     ] GC(491) Concurrent Mark From Roots
[2024-08-28T13:06:10.458+0000][info][gc,task        ] GC(491) Using 17 workers of 17 for marking
[2024-08-28T13:06:10.483+0000][info][gc,marking     ] GC(491) Concurrent Mark From Roots 25.002ms
[2024-08-28T13:06:10.483+0000][info][gc,marking     ] GC(491) Concurrent Preclean
[2024-08-28T13:06:10.483+0000][info][gc,marking     ] GC(491) Concurrent Preclean 0.685ms
[2024-08-28T13:06:10.484+0000][info][gc,start       ] GC(491) Pause Remark
[2024-08-28T13:06:10.486+0000][info][gc             ] GC(491) Pause Remark 849M->849M(1024M) 1.878ms
[2024-08-28T13:06:10.486+0000][info][gc,cpu         ] GC(491) User=0.01s Sys=0.00s Real=0.00s
[2024-08-28T13:06:10.486+0000][info][gc,marking     ] GC(491) Concurrent Mark 28.091ms
[2024-08-28T13:06:10.486+0000][info][gc,marking     ] GC(491) Concurrent Rebuild Remembered Sets
[2024-08-28T13:06:10.506+0000][info][gc,start       ] GC(492) Pause Young (Normal) (G1 Evacuation Pause)
[2024-08-28T13:06:10.506+0000][info][gc,task        ] GC(492) Using 24 workers of 68 for evacuation
[2024-08-28T13:06:10.517+0000][info][gc,phases      ] GC(492)   Pre Evacuate Collection Set: 0.2ms
[2024-08-28T13:06:10.517+0000][info][gc,phases      ] GC(492)   Merge Heap Roots: 0.2ms
[2024-08-28T13:06:10.517+0000][info][gc,phases      ] GC(492)   Evacuate Collection Set: 10.1ms
[2024-08-28T13:06:10.517+0000][info][gc,phases      ] GC(492)   Post Evacuate Collection Set: 0.5ms
[2024-08-28T13:06:10.517+0000][info][gc,phases      ] GC(492)   Other: 0.3ms
[2024-08-28T13:06:10.517+0000][info][gc,heap        ] GC(492) Eden regions: 44->0(44)
[2024-08-28T13:06:10.517+0000][info][gc,heap        ] GC(492) Survivor regions: 7->7(7)
[2024-08-28T13:06:10.517+0000][info][gc,heap        ] GC(492) Old regions: 812->859
[2024-08-28T13:06:10.517+0000][info][gc,heap        ] GC(492) Archive regions: 2->2
[2024-08-28T13:06:10.517+0000][info][gc,heap        ] GC(492) Humongous regions: 5->5
[2024-08-28T13:06:10.517+0000][info][gc,metaspace   ] GC(492) Metaspace: 100K(320K)->100K(320K) NonClass: 96K(192K)->96K(192K) Class: 4K(128K)->4K(128K)
[2024-08-28T13:06:10.517+0000][info][gc             ] GC(492) Pause Young (Normal) (G1 Evacuation Pause) 868M->871M(1024M) 11.433ms
[2024-08-28T13:06:10.517+0000][info][gc,cpu         ] GC(492) User=0.25s Sys=0.01s Real=0.01s
[2024-08-28T13:06:10.552+0000][info][gc,marking     ] GC(491) Concurrent Rebuild Remembered Sets 65.917ms
[2024-08-28T13:06:10.552+0000][info][gc,start       ] GC(491) Pause Cleanup
[2024-08-28T13:06:10.555+0000][info][gc             ] GC(491) Pause Cleanup 904M->904M(1024M) 3.052ms
[2024-08-28T13:06:10.555+0000][info][gc,cpu         ] GC(491) User=0.00s Sys=0.00s Real=0.00s
[2024-08-28T13:06:10.555+0000][info][gc,marking     ] GC(491) Concurrent Cleanup for Next Mark
[2024-08-28T13:06:10.556+0000][info][gc,marking     ] GC(491) Concurrent Cleanup for Next Mark 0.806ms
[2024-08-28T13:06:10.556+0000][info][gc             ] GC(491) Concurrent Mark Cycle 100.405ms
[2024-08-28T13:06:10.564+0000][info][gc,start       ] GC(493) Pause Young (Prepare Mixed) (G1 Evacuation Pause)
[2024-08-28T13:06:10.564+0000][info][gc,task        ] GC(493) Using 24 workers of 68 for evacuation
[2024-08-28T13:06:10.579+0000][info][gc,phases      ] GC(493)   Pre Evacuate Collection Set: 0.2ms
[2024-08-28T13:06:10.580+0000][info][gc,phases      ] GC(493)   Merge Heap Roots: 0.5ms
[2024-08-28T13:06:10.580+0000][info][gc,phases      ] GC(493)   Evacuate Collection Set: 14.6ms
[2024-08-28T13:06:10.580+0000][info][gc,phases      ] GC(493)   Post Evacuate Collection Set: 0.4ms
[2024-08-28T13:06:10.580+0000][info][gc,phases      ] GC(493)   Other: 0.3ms
[2024-08-28T13:06:10.580+0000][info][gc,heap        ] GC(493) Eden regions: 44->0(44)
[2024-08-28T13:06:10.580+0000][info][gc,heap        ] GC(493) Survivor regions: 7->7(7)
[2024-08-28T13:06:10.580+0000][info][gc,heap        ] GC(493) Old regions: 859->906
[2024-08-28T13:06:10.580+0000][info][gc,heap        ] GC(493) Archive regions: 2->2
[2024-08-28T13:06:10.580+0000][info][gc,heap        ] GC(493) Humongous regions: 5->5
[2024-08-28T13:06:10.580+0000][info][gc,metaspace   ] GC(493) Metaspace: 100K(320K)->100K(320K) NonClass: 96K(192K)->96K(192K) Class: 4K(128K)->4K(128K)
[2024-08-28T13:06:10.580+0000][info][gc             ] GC(493) Pause Young (Prepare Mixed) (G1 Evacuation Pause) 915M->918M(1024M) 16.088ms
[2024-08-28T13:06:10.580+0000][info][gc,cpu         ] GC(493) User=0.36s Sys=0.00s Real=0.02s
[2024-08-28T13:06:10.608+0000][info][gc,start       ] GC(494) Pause Young (Mixed) (G1 Evacuation Pause)
[2024-08-28T13:06:10.608+0000][info][gc,task        ] GC(494) Using 24 workers of 68 for evacuation
[2024-08-28T13:06:10.620+0000][info][gc,phases      ] GC(494)   Pre Evacuate Collection Set: 0.2ms
[2024-08-28T13:06:10.620+0000][info][gc,phases      ] GC(494)   Merge Heap Roots: 0.4ms
[2024-08-28T13:06:10.620+0000][info][gc,phases      ] GC(494)   Evacuate Collection Set: 11.5ms
[2024-08-28T13:06:10.620+0000][info][gc,phases      ] GC(494)   Post Evacuate Collection Set: 0.4ms
[2024-08-28T13:06:10.620+0000][info][gc,phases      ] GC(494)   Other: 0.3ms
[2024-08-28T13:06:10.620+0000][info][gc,heap        ] GC(494) Eden regions: 44->0(44)
[2024-08-28T13:06:10.620+0000][info][gc,heap        ] GC(494) Survivor regions: 7->7(7)
[2024-08-28T13:06:10.620+0000][info][gc,heap        ] GC(494) Old regions: 906->849
[2024-08-28T13:06:10.620+0000][info][gc,heap        ] GC(494) Archive regions: 2->2
[2024-08-28T13:06:10.620+0000][info][gc,heap        ] GC(494) Humongous regions: 5->5
[2024-08-28T13:06:10.620+0000][info][gc,metaspace   ] GC(494) Metaspace: 100K(320K)->100K(320K) NonClass: 96K(192K)->96K(192K) Class: 4K(128K)->4K(128K)
[2024-08-28T13:06:10.620+0000][info][gc             ] GC(494) Pause Young (Mixed) (G1 Evacuation Pause) 962M->861M(1024M) 12.954ms
[2024-08-28T13:06:10.621+0000][info][gc,cpu         ] GC(494) User=0.28s Sys=0.00s Real=0.02s
[2024-08-28T13:06:10.647+0000][info][gc,start       ] GC(495) Pause Young (Mixed) (G1 Evacuation Pause)
[2024-08-28T13:06:10.647+0000][info][gc,task        ] GC(495) Using 24 workers of 68 for evacuation
[2024-08-28T13:06:10.659+0000][info][gc,phases      ] GC(495)   Pre Evacuate Collection Set: 0.2ms
[2024-08-28T13:06:10.659+0000][info][gc,phases      ] GC(495)   Merge Heap Roots: 0.4ms
[2024-08-28T13:06:10.659+0000][info][gc,phases      ] GC(495)   Evacuate Collection Set: 11.5ms
[2024-08-28T13:06:10.659+0000][info][gc,phases      ] GC(495)   Post Evacuate Collection Set: 0.4ms
[2024-08-28T13:06:10.659+0000][info][gc,phases      ] GC(495)   Other: 0.3ms
[2024-08-28T13:06:10.659+0000][info][gc,heap        ] GC(495) Eden regions: 44->0(44)
[2024-08-28T13:06:10.659+0000][info][gc,heap        ] GC(495) Survivor regions: 7->7(7)
[2024-08-28T13:06:10.659+0000][info][gc,heap        ] GC(495) Old regions: 849->793
[2024-08-28T13:06:10.659+0000][info][gc,heap        ] GC(495) Archive regions: 2->2
[2024-08-28T13:06:10.659+0000][info][gc,heap        ] GC(495) Humongous regions: 5->5
[2024-08-28T13:06:10.659+0000][info][gc,metaspace   ] GC(495) Metaspace: 100K(320K)->100K(320K) NonClass: 96K(192K)->96K(192K) Class: 4K(128K)->4K(128K)
[2024-08-28T13:06:10.660+0000][info][gc             ] GC(495) Pause Young (Mixed) (G1 Evacuation Pause) 905M->805M(1024M) 12.962ms
[2024-08-28T13:06:10.660+0000][info][gc,cpu         ] GC(495) User=0.28s Sys=0.00s Real=0.02s
[2024-08-28T13:06:10.685+0000][info][gc,start       ] GC(496) Pause Young (Mixed) (G1 Evacuation Pause)
[2024-08-28T13:06:10.685+0000][info][gc,task        ] GC(496) Using 24 workers of 68 for evacuation
[2024-08-28T13:06:10.698+0000][info][gc,phases      ] GC(496)   Pre Evacuate Collection Set: 0.2ms
[2024-08-28T13:06:10.698+0000][info][gc,phases      ] GC(496)   Merge Heap Roots: 0.4ms
[2024-08-28T13:06:10.698+0000][info][gc,phases      ] GC(496)   Evacuate Collection Set: 11.7ms
[2024-08-28T13:06:10.698+0000][info][gc,phases      ] GC(496)   Post Evacuate Collection Set: 0.4ms
[2024-08-28T13:06:10.698+0000][info][gc,phases      ] GC(496)   Other: 0.2ms
[2024-08-28T13:06:10.698+0000][info][gc,heap        ] GC(496) Eden regions: 44->0(44)
[2024-08-28T13:06:10.698+0000][info][gc,heap        ] GC(496) Survivor regions: 7->7(7)
[2024-08-28T13:06:10.698+0000][info][gc,heap        ] GC(496) Old regions: 793->739
[2024-08-28T13:06:10.698+0000][info][gc,heap        ] GC(496) Archive regions: 2->2
[2024-08-28T13:06:10.698+0000][info][gc,heap        ] GC(496) Humongous regions: 5->5
[2024-08-28T13:06:10.698+0000][info][gc,metaspace   ] GC(496) Metaspace: 100K(320K)->100K(320K) NonClass: 96K(192K)->96K(192K) Class: 4K(128K)->4K(128K)
[2024-08-28T13:06:10.698+0000][info][gc             ] GC(496) Pause Young (Mixed) (G1 Evacuation Pause) 849M->751M(1024M) 13.046ms
[2024-08-28T13:06:10.698+0000][info][gc,cpu         ] GC(496) User=0.29s Sys=0.00s Real=0.02s
[2024-08-28T13:06:10.723+0000][info][gc,start       ] GC(497) Pause Young (Mixed) (G1 Evacuation Pause)
[2024-08-28T13:06:10.723+0000][info][gc,task        ] GC(497) Using 24 workers of 68 for evacuation
[2024-08-28T13:06:10.735+0000][info][gc,phases      ] GC(497)   Pre Evacuate Collection Set: 0.2ms
[2024-08-28T13:06:10.735+0000][info][gc,phases      ] GC(497)   Merge Heap Roots: 0.4ms
[2024-08-28T13:06:10.735+0000][info][gc,phases      ] GC(497)   Evacuate Collection Set: 10.9ms
[2024-08-28T13:06:10.735+0000][info][gc,phases      ] GC(497)   Post Evacuate Collection Set: 0.3ms
[2024-08-28T13:06:10.735+0000][info][gc,phases      ] GC(497)   Other: 0.3ms
[2024-08-28T13:06:10.735+0000][info][gc,heap        ] GC(497) Eden regions: 44->0(44)
[2024-08-28T13:06:10.735+0000][info][gc,heap        ] GC(497) Survivor regions: 7->7(7)
[2024-08-28T13:06:10.735+0000][info][gc,heap        ] GC(497) Old regions: 739->772
[2024-08-28T13:06:10.735+0000][info][gc,heap        ] GC(497) Archive regions: 2->2
[2024-08-28T13:06:10.735+0000][info][gc,heap        ] GC(497) Humongous regions: 5->5
[2024-08-28T13:06:10.735+0000][info][gc,metaspace   ] GC(497) Metaspace: 100K(320K)->100K(320K) NonClass: 96K(192K)->96K(192K) Class: 4K(128K)->4K(128K)
[2024-08-28T13:06:10.735+0000][info][gc             ] GC(497) Pause Young (Mixed) (G1 Evacuation Pause) 795M->784M(1024M) 12.109ms
[2024-08-28T13:06:10.735+0000][info][gc,cpu         ] GC(497) User=0.27s Sys=0.00s Real=0.01s
[2024-08-28T13:06:10.760+0000][info][gc,start       ] GC(498) Pause Young (Concurrent Start) (G1 Evacuation Pause)
[2024-08-28T13:06:10.760+0000][info][gc,task        ] GC(498) Using 24 workers of 68 for evacuation
[2024-08-28T13:06:10.772+0000][info][gc,phases      ] GC(498)   Pre Evacuate Collection Set: 0.2ms
[2024-08-28T13:06:10.772+0000][info][gc,phases      ] GC(498)   Merge Heap Roots: 0.4ms
[2024-08-28T13:06:10.772+0000][info][gc,phases      ] GC(498)   Evacuate Collection Set: 10.2ms
[2024-08-28T13:06:10.772+0000][info][gc,phases      ] GC(498)   Post Evacuate Collection Set: 0.4ms
[2024-08-28T13:06:10.772+0000][info][gc,phases      ] GC(498)   Other: 0.8ms
[2024-08-28T13:06:10.772+0000][info][gc,heap        ] GC(498) Eden regions: 44->0(44)
[2024-08-28T13:06:10.772+0000][info][gc,heap        ] GC(498) Survivor regions: 7->7(7)
[2024-08-28T13:06:10.772+0000][info][gc,heap        ] GC(498) Old regions: 772->819
[2024-08-28T13:06:10.772+0000][info][gc,heap        ] GC(498) Archive regions: 2->2
[2024-08-28T13:06:10.772+0000][info][gc,heap        ] GC(498) Humongous regions: 5->5
[2024-08-28T13:06:10.772+0000][info][gc,metaspace   ] GC(498) Metaspace: 100K(320K)->100K(320K) NonClass: 96K(192K)->96K(192K) Class: 4K(128K)->4K(128K)
[2024-08-28T13:06:10.772+0000][info][gc             ] GC(498) Pause Young (Concurrent Start) (G1 Evacuation Pause) 828M->831M(1024M) 12.104ms
[2024-08-28T13:06:10.772+0000][info][gc,cpu         ] GC(498) User=0.25s Sys=0.00s Real=0.01s
[2024-08-28T13:06:10.772+0000][info][gc             ] GC(499) Concurrent Mark Cycle
[2024-08-28T13:06:10.772+0000][info][gc,marking     ] GC(499) Concurrent Clear Claimed Marks
[2024-08-28T13:06:10.772+0000][info][gc,marking     ] GC(499) Concurrent Clear Claimed Marks 0.012ms
[2024-08-28T13:06:10.772+0000][info][gc,marking     ] GC(499) Concurrent Scan Root Regions
[2024-08-28T13:06:10.774+0000][info][gc,marking     ] GC(499) Concurrent Scan Root Regions 1.760ms
[2024-08-28T13:06:10.774+0000][info][gc,marking     ] GC(499) Concurrent Mark
[2024-08-28T13:06:10.774+0000][info][gc,marking     ] GC(499) Concurrent Mark From Roots
[2024-08-28T13:06:10.774+0000][info][gc,task        ] GC(499) Using 17 workers of 17 for marking
[2024-08-28T13:06:10.798+0000][info][gc,marking     ] GC(499) Concurrent Mark From Roots 23.887ms
[2024-08-28T13:06:10.798+0000][info][gc,marking     ] GC(499) Concurrent Preclean
[2024-08-28T13:06:10.798+0000][info][gc,marking     ] GC(499) Concurrent Preclean 0.501ms
[2024-08-28T13:06:10.798+0000][info][gc,start       ] GC(499) Pause Remark
[2024-08-28T13:06:10.800+0000][info][gc             ] GC(499) Pause Remark 856M->856M(1024M) 2.004ms
[2024-08-28T13:06:10.801+0000][info][gc,cpu         ] GC(499) User=0.01s Sys=0.00s Real=0.00s
[2024-08-28T13:06:10.801+0000][info][gc,marking     ] GC(499) Concurrent Mark 26.846ms
[2024-08-28T13:06:10.801+0000][info][gc,marking     ] GC(499) Concurrent Rebuild Remembered Sets
[2024-08-28T13:06:10.820+0000][info][gc,start       ] GC(500) Pause Young (Normal) (G1 Evacuation Pause)
[2024-08-28T13:06:10.820+0000][info][gc,task        ] GC(500) Using 24 workers of 68 for evacuation
[2024-08-28T13:06:10.831+0000][info][gc,phases      ] GC(500)   Pre Evacuate Collection Set: 0.2ms
[2024-08-28T13:06:10.831+0000][info][gc,phases      ] GC(500)   Merge Heap Roots: 0.2ms
[2024-08-28T13:06:10.831+0000][info][gc,phases      ] GC(500)   Evacuate Collection Set: 10.0ms
[2024-08-28T13:06:10.831+0000][info][gc,phases      ] GC(500)   Post Evacuate Collection Set: 0.5ms
[2024-08-28T13:06:10.831+0000][info][gc,phases      ] GC(500)   Other: 0.3ms
[2024-08-28T13:06:10.831+0000][info][gc,heap        ] GC(500) Eden regions: 44->0(44)
[2024-08-28T13:06:10.831+0000][info][gc,heap        ] GC(500) Survivor regions: 7->7(7)
[2024-08-28T13:06:10.831+0000][info][gc,heap        ] GC(500) Old regions: 819->866
[2024-08-28T13:06:10.831+0000][info][gc,heap        ] GC(500) Archive regions: 2->2
[2024-08-28T13:06:10.831+0000][info][gc,heap        ] GC(500) Humongous regions: 5->5
[2024-08-28T13:06:10.831+0000][info][gc,metaspace   ] GC(500) Metaspace: 100K(320K)->100K(320K) NonClass: 96K(192K)->96K(192K) Class: 4K(128K)->4K(128K)
[2024-08-28T13:06:10.831+0000][info][gc             ] GC(500) Pause Young (Normal) (G1 Evacuation Pause) 875M->878M(1024M) 11.336ms
[2024-08-28T13:06:10.831+0000][info][gc,cpu         ] GC(500) User=0.25s Sys=0.00s Real=0.01s
[2024-08-28T13:06:10.867+0000][info][gc,marking     ] GC(499) Concurrent Rebuild Remembered Sets 65.924ms
[2024-08-28T13:06:10.867+0000][info][gc,start       ] GC(499) Pause Cleanup
[2024-08-28T13:06:10.870+0000][info][gc             ] GC(499) Pause Cleanup 915M->915M(1024M) 3.030ms
[2024-08-28T13:06:10.870+0000][info][gc,cpu         ] GC(499) User=0.01s Sys=0.00s Real=0.01s
[2024-08-28T13:06:10.870+0000][info][gc,marking     ] GC(499) Concurrent Cleanup for Next Mark
[2024-08-28T13:06:10.871+0000][info][gc,marking     ] GC(499) Concurrent Cleanup for Next Mark 0.799ms
[2024-08-28T13:06:10.871+0000][info][gc             ] GC(499) Concurrent Mark Cycle 99.133ms
[2024-08-28T13:06:10.875+0000][info][gc,start       ] GC(501) Pause Young (Prepare Mixed) (G1 Evacuation Pause)
[2024-08-28T13:06:10.875+0000][info][gc,task        ] GC(501) Using 24 workers of 68 for evacuation
[2024-08-28T13:06:10.891+0000][info][gc,phases      ] GC(501)   Pre Evacuate Collection Set: 0.2ms
[2024-08-28T13:06:10.891+0000][info][gc,phases      ] GC(501)   Merge Heap Roots: 0.5ms
[2024-08-28T13:06:10.891+0000][info][gc,phases      ] GC(501)   Evacuate Collection Set: 14.3ms
[2024-08-28T13:06:10.891+0000][info][gc,phases      ] GC(501)   Post Evacuate Collection Set: 0.3ms
[2024-08-28T13:06:10.891+0000][info][gc,phases      ] GC(501)   Other: 0.3ms
[2024-08-28T13:06:10.891+0000][info][gc,heap        ] GC(501) Eden regions: 44->0(44)
[2024-08-28T13:06:10.891+0000][info][gc,heap        ] GC(501) Survivor regions: 7->7(7)
[2024-08-28T13:06:10.891+0000][info][gc,heap        ] GC(501) Old regions: 866->913
[2024-08-28T13:06:10.891+0000][info][gc,heap        ] GC(501) Archive regions: 2->2
[2024-08-28T13:06:10.891+0000][info][gc,heap        ] GC(501) Humongous regions: 5->5
[2024-08-28T13:06:10.891+0000][info][gc,metaspace   ] GC(501) Metaspace: 100K(320K)->100K(320K) NonClass: 96K(192K)->96K(192K) Class: 4K(128K)->4K(128K)
[2024-08-28T13:06:10.891+0000][info][gc             ] GC(501) Pause Young (Prepare Mixed) (G1 Evacuation Pause) 922M->925M(1024M) 15.680ms
[2024-08-28T13:06:10.891+0000][info][gc,cpu         ] GC(501) User=0.35s Sys=0.00s Real=0.02s
[2024-08-28T13:06:10.915+0000][info][gc,start       ] GC(502) Pause Young (Mixed) (G1 Preventive Collection)
[2024-08-28T13:06:10.915+0000][info][gc,task        ] GC(502) Using 24 workers of 68 for evacuation
[2024-08-28T13:06:10.927+0000][info][gc,phases      ] GC(502)   Pre Evacuate Collection Set: 0.2ms
[2024-08-28T13:06:10.927+0000][info][gc,phases      ] GC(502)   Merge Heap Roots: 0.4ms
[2024-08-28T13:06:10.927+0000][info][gc,phases      ] GC(502)   Evacuate Collection Set: 10.8ms
[2024-08-28T13:06:10.927+0000][info][gc,phases      ] GC(502)   Post Evacuate Collection Set: 0.5ms
[2024-08-28T13:06:10.927+0000][info][gc,phases      ] GC(502)   Other: 0.3ms
[2024-08-28T13:06:10.927+0000][info][gc,heap        ] GC(502) Eden regions: 42->0(44)
[2024-08-28T13:06:10.927+0000][info][gc,heap        ] GC(502) Survivor regions: 7->7(7)
[2024-08-28T13:06:10.927+0000][info][gc,heap        ] GC(502) Old regions: 913->855
[2024-08-28T13:06:10.927+0000][info][gc,heap        ] GC(502) Archive regions: 2->2
[2024-08-28T13:06:10.927+0000][info][gc,heap        ] GC(502) Humongous regions: 5->5
[2024-08-28T13:06:10.928+0000][info][gc,metaspace   ] GC(502) Metaspace: 100K(320K)->100K(320K) NonClass: 96K(192K)->96K(192K) Class: 4K(128K)->4K(128K)
[2024-08-28T13:06:10.928+0000][info][gc             ] GC(502) Pause Young (Mixed) (G1 Preventive Collection) 967M->867M(1024M) 12.308ms
[2024-08-28T13:06:10.928+0000][info][gc,cpu         ] GC(502) User=0.27s Sys=0.00s Real=0.01s
[2024-08-28T13:06:10.952+0000][info][gc,start       ] GC(503) Pause Young (Mixed) (G1 Evacuation Pause)
[2024-08-28T13:06:10.952+0000][info][gc,task        ] GC(503) Using 24 workers of 68 for evacuation
[2024-08-28T13:06:10.965+0000][info][gc,phases      ] GC(503)   Pre Evacuate Collection Set: 0.2ms
[2024-08-28T13:06:10.965+0000][info][gc,phases      ] GC(503)   Merge Heap Roots: 0.4ms
[2024-08-28T13:06:10.965+0000][info][gc,phases      ] GC(503)   Evacuate Collection Set: 11.4ms
[2024-08-28T13:06:10.965+0000][info][gc,phases      ] GC(503)   Post Evacuate Collection Set: 0.5ms
[2024-08-28T13:06:10.965+0000][info][gc,phases      ] GC(503)   Other: 0.4ms
[2024-08-28T13:06:10.965+0000][info][gc,heap        ] GC(503) Eden regions: 44->0(44)
[2024-08-28T13:06:10.965+0000][info][gc,heap        ] GC(503) Survivor regions: 7->7(7)
[2024-08-28T13:06:10.965+0000][info][gc,heap        ] GC(503) Old regions: 855->799
[2024-08-28T13:06:10.965+0000][info][gc,heap        ] GC(503) Archive regions: 2->2
[2024-08-28T13:06:10.965+0000][info][gc,heap        ] GC(503) Humongous regions: 5->5
[2024-08-28T13:06:10.965+0000][info][gc,metaspace   ] GC(503) Metaspace: 100K(320K)->100K(320K) NonClass: 96K(192K)->96K(192K) Class: 4K(128K)->4K(128K)
[2024-08-28T13:06:10.965+0000][info][gc             ] GC(503) Pause Young (Mixed) (G1 Evacuation Pause) 911M->811M(1024M) 13.054ms
[2024-08-28T13:06:10.965+0000][info][gc,cpu         ] GC(503) User=0.29s Sys=0.00s Real=0.01s
[2024-08-28T13:06:10.991+0000][info][gc,start       ] GC(504) Pause Young (Mixed) (G1 Evacuation Pause)
[2024-08-28T13:06:10.991+0000][info][gc,task        ] GC(504) Using 24 workers of 68 for evacuation
[2024-08-28T13:06:11.003+0000][info][gc,phases      ] GC(504)   Pre Evacuate Collection Set: 0.2ms
[2024-08-28T13:06:11.003+0000][info][gc,phases      ] GC(504)   Merge Heap Roots: 0.4ms
[2024-08-28T13:06:11.003+0000][info][gc,phases      ] GC(504)   Evacuate Collection Set: 10.9ms
[2024-08-28T13:06:11.003+0000][info][gc,phases      ] GC(504)   Post Evacuate Collection Set: 0.5ms
[2024-08-28T13:06:11.003+0000][info][gc,phases      ] GC(504)   Other: 0.4ms
[2024-08-28T13:06:11.003+0000][info][gc,heap        ] GC(504) Eden regions: 44->0(44)
[2024-08-28T13:06:11.003+0000][info][gc,heap        ] GC(504) Survivor regions: 7->7(7)
[2024-08-28T13:06:11.003+0000][info][gc,heap        ] GC(504) Old regions: 799->743
[2024-08-28T13:06:11.003+0000][info][gc,heap        ] GC(504) Archive regions: 2->2
[2024-08-28T13:06:11.003+0000][info][gc,heap        ] GC(504) Humongous regions: 5->5
[2024-08-28T13:06:11.003+0000][info][gc,metaspace   ] GC(504) Metaspace: 100K(320K)->100K(320K) NonClass: 96K(192K)->96K(192K) Class: 4K(128K)->4K(128K)
[2024-08-28T13:06:11.003+0000][info][gc             ] GC(504) Pause Young (Mixed) (G1 Evacuation Pause) 855M->755M(1024M) 12.518ms
[2024-08-28T13:06:11.003+0000][info][gc,cpu         ] GC(504) User=0.27s Sys=0.00s Real=0.01s
[2024-08-28T13:06:11.029+0000][info][gc,start       ] GC(505) Pause Young (Mixed) (G1 Evacuation Pause)
[2024-08-28T13:06:11.029+0000][info][gc,task        ] GC(505) Using 24 workers of 68 for evacuation
[2024-08-28T13:06:11.042+0000][info][gc,phases      ] GC(505)   Pre Evacuate Collection Set: 0.2ms
[2024-08-28T13:06:11.042+0000][info][gc,phases      ] GC(505)   Merge Heap Roots: 0.4ms
[2024-08-28T13:06:11.042+0000][info][gc,phases      ] GC(505)   Evacuate Collection Set: 11.5ms
[2024-08-28T13:06:11.042+0000][info][gc,phases      ] GC(505)   Post Evacuate Collection Set: 0.5ms
[2024-08-28T13:06:11.042+0000][info][gc,phases      ] GC(505)   Other: 0.3ms
[2024-08-28T13:06:11.042+0000][info][gc,heap        ] GC(505) Eden regions: 44->0(44)
[2024-08-28T13:06:11.042+0000][info][gc,heap        ] GC(505) Survivor regions: 7->7(7)
[2024-08-28T13:06:11.042+0000][info][gc,heap        ] GC(505) Old regions: 743->769
[2024-08-28T13:06:11.042+0000][info][gc,heap        ] GC(505) Archive regions: 2->2
[2024-08-28T13:06:11.042+0000][info][gc,heap        ] GC(505) Humongous regions: 5->5
[2024-08-28T13:06:11.042+0000][info][gc,metaspace   ] GC(505) Metaspace: 100K(320K)->100K(320K) NonClass: 96K(192K)->96K(192K) Class: 4K(128K)->4K(128K)
[2024-08-28T13:06:11.042+0000][info][gc             ] GC(505) Pause Young (Mixed) (G1 Evacuation Pause) 799M->781M(1024M) 13.009ms
[2024-08-28T13:06:11.042+0000][info][gc,cpu         ] GC(505) User=0.27s Sys=0.01s Real=0.02s
[2024-08-28T13:06:11.068+0000][info][gc,start       ] GC(506) Pause Young (Concurrent Start) (G1 Evacuation Pause)
[2024-08-28T13:06:11.068+0000][info][gc,task        ] GC(506) Using 24 workers of 68 for evacuation
[2024-08-28T13:06:11.080+0000][info][gc,phases      ] GC(506)   Pre Evacuate Collection Set: 0.2ms
[2024-08-28T13:06:11.080+0000][info][gc,phases      ] GC(506)   Merge Heap Roots: 0.4ms
[2024-08-28T13:06:11.080+0000][info][gc,phases      ] GC(506)   Evacuate Collection Set: 10.2ms
[2024-08-28T13:06:11.080+0000][info][gc,phases      ] GC(506)   Post Evacuate Collection Set: 0.4ms
[2024-08-28T13:06:11.080+0000][info][gc,phases      ] GC(506)   Other: 1.0ms
[2024-08-28T13:06:11.080+0000][info][gc,heap        ] GC(506) Eden regions: 44->0(44)
[2024-08-28T13:06:11.080+0000][info][gc,heap        ] GC(506) Survivor regions: 7->7(7)
[2024-08-28T13:06:11.080+0000][info][gc,heap        ] GC(506) Old regions: 769->816
[2024-08-28T13:06:11.080+0000][info][gc,heap        ] GC(506) Archive regions: 2->2
[2024-08-28T13:06:11.080+0000][info][gc,heap        ] GC(506) Humongous regions: 5->5
[2024-08-28T13:06:11.080+0000][info][gc,metaspace   ] GC(506) Metaspace: 100K(320K)->100K(320K) NonClass: 96K(192K)->96K(192K) Class: 4K(128K)->4K(128K)
[2024-08-28T13:06:11.081+0000][info][gc             ] GC(506) Pause Young (Concurrent Start) (G1 Evacuation Pause) 825M->828M(1024M) 12.403ms
[2024-08-28T13:06:11.081+0000][info][gc,cpu         ] GC(506) User=0.25s Sys=0.00s Real=0.02s
[2024-08-28T13:06:11.081+0000][info][gc             ] GC(507) Concurrent Mark Cycle
[2024-08-28T13:06:11.081+0000][info][gc,marking     ] GC(507) Concurrent Clear Claimed Marks
[2024-08-28T13:06:11.081+0000][info][gc,marking     ] GC(507) Concurrent Clear Claimed Marks 0.009ms
[2024-08-28T13:06:11.081+0000][info][gc,marking     ] GC(507) Concurrent Scan Root Regions
[2024-08-28T13:06:11.082+0000][info][gc,marking     ] GC(507) Concurrent Scan Root Regions 1.627ms
[2024-08-28T13:06:11.082+0000][info][gc,marking     ] GC(507) Concurrent Mark
[2024-08-28T13:06:11.082+0000][info][gc,marking     ] GC(507) Concurrent Mark From Roots
[2024-08-28T13:06:11.082+0000][info][gc,task        ] GC(507) Using 17 workers of 17 for marking
[2024-08-28T13:06:11.107+0000][info][gc,marking     ] GC(507) Concurrent Mark From Roots 25.074ms
[2024-08-28T13:06:11.107+0000][info][gc,marking     ] GC(507) Concurrent Preclean
[2024-08-28T13:06:11.108+0000][info][gc,marking     ] GC(507) Concurrent Preclean 0.714ms
[2024-08-28T13:06:11.108+0000][info][gc,start       ] GC(507) Pause Remark
[2024-08-28T13:06:11.110+0000][info][gc             ] GC(507) Pause Remark 854M->854M(1024M) 1.990ms
[2024-08-28T13:06:11.111+0000][info][gc,cpu         ] GC(507) User=0.02s Sys=0.00s Real=0.01s
[2024-08-28T13:06:11.111+0000][info][gc,marking     ] GC(507) Concurrent Mark 28.227ms
[2024-08-28T13:06:11.111+0000][info][gc,marking     ] GC(507) Concurrent Rebuild Remembered Sets
[2024-08-28T13:06:11.130+0000][info][gc,start       ] GC(508) Pause Young (Normal) (G1 Evacuation Pause)
[2024-08-28T13:06:11.130+0000][info][gc,task        ] GC(508) Using 24 workers of 68 for evacuation
[2024-08-28T13:06:11.141+0000][info][gc,phases      ] GC(508)   Pre Evacuate Collection Set: 0.2ms
[2024-08-28T13:06:11.141+0000][info][gc,phases      ] GC(508)   Merge Heap Roots: 0.2ms
[2024-08-28T13:06:11.141+0000][info][gc,phases      ] GC(508)   Evacuate Collection Set: 10.2ms
[2024-08-28T13:06:11.141+0000][info][gc,phases      ] GC(508)   Post Evacuate Collection Set: 0.5ms
[2024-08-28T13:06:11.141+0000][info][gc,phases      ] GC(508)   Other: 0.3ms
[2024-08-28T13:06:11.141+0000][info][gc,heap        ] GC(508) Eden regions: 44->0(44)
[2024-08-28T13:06:11.141+0000][info][gc,heap        ] GC(508) Survivor regions: 7->7(7)
[2024-08-28T13:06:11.141+0000][info][gc,heap        ] GC(508) Old regions: 816->863
[2024-08-28T13:06:11.141+0000][info][gc,heap        ] GC(508) Archive regions: 2->2
[2024-08-28T13:06:11.141+0000][info][gc,heap        ] GC(508) Humongous regions: 5->5
[2024-08-28T13:06:11.141+0000][info][gc,metaspace   ] GC(508) Metaspace: 100K(320K)->100K(320K) NonClass: 96K(192K)->96K(192K) Class: 4K(128K)->4K(128K)
[2024-08-28T13:06:11.141+0000][info][gc             ] GC(508) Pause Young (Normal) (G1 Evacuation Pause) 872M->875M(1024M) 11.574ms
[2024-08-28T13:06:11.142+0000][info][gc,cpu         ] GC(508) User=0.25s Sys=0.00s Real=0.01s
[2024-08-28T13:06:11.175+0000][info][gc,marking     ] GC(507) Concurrent Rebuild Remembered Sets 63.912ms
[2024-08-28T13:06:11.175+0000][info][gc,start       ] GC(507) Pause Cleanup
[2024-08-28T13:06:11.178+0000][info][gc             ] GC(507) Pause Cleanup 909M->909M(1024M) 2.992ms
[2024-08-28T13:06:11.178+0000][info][gc,cpu         ] GC(507) User=0.01s Sys=0.00s Real=0.01s
[2024-08-28T13:06:11.178+0000][info][gc,marking     ] GC(507) Concurrent Cleanup for Next Mark
[2024-08-28T13:06:11.179+0000][info][gc,marking     ] GC(507) Concurrent Cleanup for Next Mark 0.783ms
[2024-08-28T13:06:11.179+0000][info][gc             ] GC(507) Concurrent Mark Cycle 98.350ms
[2024-08-28T13:06:11.185+0000][info][gc,start       ] GC(509) Pause Young (Prepare Mixed) (G1 Evacuation Pause)
[2024-08-28T13:06:11.185+0000][info][gc,task        ] GC(509) Using 24 workers of 68 for evacuation
[2024-08-28T13:06:11.201+0000][info][gc,phases      ] GC(509)   Pre Evacuate Collection Set: 0.2ms
[2024-08-28T13:06:11.201+0000][info][gc,phases      ] GC(509)   Merge Heap Roots: 0.5ms
[2024-08-28T13:06:11.202+0000][info][gc,phases      ] GC(509)   Evacuate Collection Set: 14.9ms
[2024-08-28T13:06:11.202+0000][info][gc,phases      ] GC(509)   Post Evacuate Collection Set: 0.4ms
[2024-08-28T13:06:11.202+0000][info][gc,phases      ] GC(509)   Other: 0.3ms
[2024-08-28T13:06:11.202+0000][info][gc,heap        ] GC(509) Eden regions: 44->0(44)
[2024-08-28T13:06:11.202+0000][info][gc,heap        ] GC(509) Survivor regions: 7->7(7)
[2024-08-28T13:06:11.202+0000][info][gc,heap        ] GC(509) Old regions: 863->910
[2024-08-28T13:06:11.202+0000][info][gc,heap        ] GC(509) Archive regions: 2->2
[2024-08-28T13:06:11.202+0000][info][gc,heap        ] GC(509) Humongous regions: 5->5
[2024-08-28T13:06:11.202+0000][info][gc,metaspace   ] GC(509) Metaspace: 100K(320K)->100K(320K) NonClass: 96K(192K)->96K(192K) Class: 4K(128K)->4K(128K)
[2024-08-28T13:06:11.202+0000][info][gc             ] GC(509) Pause Young (Prepare Mixed) (G1 Evacuation Pause) 919M->922M(1024M) 16.436ms
[2024-08-28T13:06:11.202+0000][info][gc,cpu         ] GC(509) User=0.36s Sys=0.01s Real=0.02s
[2024-08-28T13:06:11.229+0000][info][gc,start       ] GC(510) Pause Young (Mixed) (G1 Preventive Collection)
[2024-08-28T13:06:11.229+0000][info][gc,task        ] GC(510) Using 24 workers of 68 for evacuation
[2024-08-28T13:06:11.241+0000][info][gc,phases      ] GC(510)   Pre Evacuate Collection Set: 0.2ms
[2024-08-28T13:06:11.241+0000][info][gc,phases      ] GC(510)   Merge Heap Roots: 0.4ms
[2024-08-28T13:06:11.241+0000][info][gc,phases      ] GC(510)   Evacuate Collection Set: 11.1ms
[2024-08-28T13:06:11.241+0000][info][gc,phases      ] GC(510)   Post Evacuate Collection Set: 0.5ms
[2024-08-28T13:06:11.241+0000][info][gc,phases      ] GC(510)   Other: 0.3ms
[2024-08-28T13:06:11.241+0000][info][gc,heap        ] GC(510) Eden regions: 44->0(44)
[2024-08-28T13:06:11.241+0000][info][gc,heap        ] GC(510) Survivor regions: 7->7(7)
[2024-08-28T13:06:11.241+0000][info][gc,heap        ] GC(510) Old regions: 910->853
[2024-08-28T13:06:11.241+0000][info][gc,heap        ] GC(510) Archive regions: 2->2
[2024-08-28T13:06:11.241+0000][info][gc,heap        ] GC(510) Humongous regions: 5->5
[2024-08-28T13:06:11.241+0000][info][gc,metaspace   ] GC(510) Metaspace: 100K(320K)->100K(320K) NonClass: 96K(192K)->96K(192K) Class: 4K(128K)->4K(128K)
[2024-08-28T13:06:11.241+0000][info][gc             ] GC(510) Pause Young (Mixed) (G1 Preventive Collection) 966M->865M(1024M) 12.644ms
[2024-08-28T13:06:11.241+0000][info][gc,cpu         ] GC(510) User=0.27s Sys=0.01s Real=0.02s
[2024-08-28T13:06:11.267+0000][info][gc,start       ] GC(511) Pause Young (Mixed) (G1 Evacuation Pause)
[2024-08-28T13:06:11.267+0000][info][gc,task        ] GC(511) Using 24 workers of 68 for evacuation
[2024-08-28T13:06:11.279+0000][info][gc,phases      ] GC(511)   Pre Evacuate Collection Set: 0.3ms
[2024-08-28T13:06:11.279+0000][info][gc,phases      ] GC(511)   Merge Heap Roots: 0.4ms
[2024-08-28T13:06:11.279+0000][info][gc,phases      ] GC(511)   Evacuate Collection Set: 11.3ms
[2024-08-28T13:06:11.279+0000][info][gc,phases      ] GC(511)   Post Evacuate Collection Set: 0.5ms
[2024-08-28T13:06:11.279+0000][info][gc,phases      ] GC(511)   Other: 0.3ms
[2024-08-28T13:06:11.279+0000][info][gc,heap        ] GC(511) Eden regions: 44->0(44)
[2024-08-28T13:06:11.279+0000][info][gc,heap        ] GC(511) Survivor regions: 7->7(7)
[2024-08-28T13:06:11.279+0000][info][gc,heap        ] GC(511) Old regions: 853->796
[2024-08-28T13:06:11.279+0000][info][gc,heap        ] GC(511) Archive regions: 2->2
[2024-08-28T13:06:11.279+0000][info][gc,heap        ] GC(511) Humongous regions: 5->5
[2024-08-28T13:06:11.280+0000][info][gc,metaspace   ] GC(511) Metaspace: 100K(320K)->100K(320K) NonClass: 96K(192K)->96K(192K) Class: 4K(128K)->4K(128K)
[2024-08-28T13:06:11.280+0000][info][gc             ] GC(511) Pause Young (Mixed) (G1 Evacuation Pause) 909M->808M(1024M) 12.960ms
[2024-08-28T13:06:11.280+0000][info][gc,cpu         ] GC(511) User=0.28s Sys=0.00s Real=0.02s
[2024-08-28T13:06:11.305+0000][info][gc,start       ] GC(512) Pause Young (Mixed) (G1 Evacuation Pause)
[2024-08-28T13:06:11.305+0000][info][gc,task        ] GC(512) Using 24 workers of 68 for evacuation
[2024-08-28T13:06:11.317+0000][info][gc,phases      ] GC(512)   Pre Evacuate Collection Set: 0.2ms
[2024-08-28T13:06:11.317+0000][info][gc,phases      ] GC(512)   Merge Heap Roots: 0.4ms
[2024-08-28T13:06:11.317+0000][info][gc,phases      ] GC(512)   Evacuate Collection Set: 11.1ms
[2024-08-28T13:06:11.317+0000][info][gc,phases      ] GC(512)   Post Evacuate Collection Set: 0.5ms
[2024-08-28T13:06:11.317+0000][info][gc,phases      ] GC(512)   Other: 0.4ms
[2024-08-28T13:06:11.317+0000][info][gc,heap        ] GC(512) Eden regions: 44->0(44)
[2024-08-28T13:06:11.317+0000][info][gc,heap        ] GC(512) Survivor regions: 7->7(7)
[2024-08-28T13:06:11.317+0000][info][gc,heap        ] GC(512) Old regions: 796->741
[2024-08-28T13:06:11.317+0000][info][gc,heap        ] GC(512) Archive regions: 2->2
[2024-08-28T13:06:11.317+0000][info][gc,heap        ] GC(512) Humongous regions: 5->5
[2024-08-28T13:06:11.317+0000][info][gc,metaspace   ] GC(512) Metaspace: 100K(320K)->100K(320K) NonClass: 96K(192K)->96K(192K) Class: 4K(128K)->4K(128K)
[2024-08-28T13:06:11.317+0000][info][gc             ] GC(512) Pause Young (Mixed) (G1 Evacuation Pause) 852M->753M(1024M) 12.649ms
[2024-08-28T13:06:11.317+0000][info][gc,cpu         ] GC(512) User=0.26s Sys=0.01s Real=0.01s
[2024-08-28T13:06:11.342+0000][info][gc,start       ] GC(513) Pause Young (Mixed) (G1 Evacuation Pause)
[2024-08-28T13:06:11.342+0000][info][gc,task        ] GC(513) Using 24 workers of 68 for evacuation
[2024-08-28T13:06:11.354+0000][info][gc,phases      ] GC(513)   Pre Evacuate Collection Set: 0.2ms
[2024-08-28T13:06:11.354+0000][info][gc,phases      ] GC(513)   Merge Heap Roots: 0.3ms
[2024-08-28T13:06:11.354+0000][info][gc,phases      ] GC(513)   Evacuate Collection Set: 11.3ms
[2024-08-28T13:06:11.354+0000][info][gc,phases      ] GC(513)   Post Evacuate Collection Set: 0.4ms
[2024-08-28T13:06:11.354+0000][info][gc,phases      ] GC(513)   Other: 0.3ms
[2024-08-28T13:06:11.354+0000][info][gc,heap        ] GC(513) Eden regions: 44->0(44)
[2024-08-28T13:06:11.354+0000][info][gc,heap        ] GC(513) Survivor regions: 7->7(7)
[2024-08-28T13:06:11.354+0000][info][gc,heap        ] GC(513) Old regions: 741->771
[2024-08-28T13:06:11.354+0000][info][gc,heap        ] GC(513) Archive regions: 2->2
[2024-08-28T13:06:11.354+0000][info][gc,heap        ] GC(513) Humongous regions: 5->5
[2024-08-28T13:06:11.354+0000][info][gc,metaspace   ] GC(513) Metaspace: 100K(320K)->100K(320K) NonClass: 96K(192K)->96K(192K) Class: 4K(128K)->4K(128K)
[2024-08-28T13:06:11.354+0000][info][gc             ] GC(513) Pause Young (Mixed) (G1 Evacuation Pause) 797M->783M(1024M) 12.664ms
[2024-08-28T13:06:11.355+0000][info][gc,cpu         ] GC(513) User=0.27s Sys=0.00s Real=0.01s
[2024-08-28T13:06:11.379+0000][info][gc,start       ] GC(514) Pause Young (Concurrent Start) (G1 Evacuation Pause)
[2024-08-28T13:06:11.379+0000][info][gc,task        ] GC(514) Using 24 workers of 68 for evacuation
[2024-08-28T13:06:11.391+0000][info][gc,phases      ] GC(514)   Pre Evacuate Collection Set: 0.2ms
[2024-08-28T13:06:11.391+0000][info][gc,phases      ] GC(514)   Merge Heap Roots: 0.4ms
[2024-08-28T13:06:11.391+0000][info][gc,phases      ] GC(514)   Evacuate Collection Set: 10.3ms
[2024-08-28T13:06:11.391+0000][info][gc,phases      ] GC(514)   Post Evacuate Collection Set: 0.4ms
[2024-08-28T13:06:11.391+0000][info][gc,phases      ] GC(514)   Other: 1.0ms
[2024-08-28T13:06:11.391+0000][info][gc,heap        ] GC(514) Eden regions: 44->0(44)
[2024-08-28T13:06:11.391+0000][info][gc,heap        ] GC(514) Survivor regions: 7->7(7)
[2024-08-28T13:06:11.391+0000][info][gc,heap        ] GC(514) Old regions: 771->818
[2024-08-28T13:06:11.391+0000][info][gc,heap        ] GC(514) Archive regions: 2->2
[2024-08-28T13:06:11.391+0000][info][gc,heap        ] GC(514) Humongous regions: 5->5
[2024-08-28T13:06:11.391+0000][info][gc,metaspace   ] GC(514) Metaspace: 100K(320K)->100K(320K) NonClass: 96K(192K)->96K(192K) Class: 4K(128K)->4K(128K)
[2024-08-28T13:06:11.391+0000][info][gc             ] GC(514) Pause Young (Concurrent Start) (G1 Evacuation Pause) 827M->830M(1024M) 12.412ms
[2024-08-28T13:06:11.392+0000][info][gc,cpu         ] GC(514) User=0.25s Sys=0.00s Real=0.01s
[2024-08-28T13:06:11.392+0000][info][gc             ] GC(515) Concurrent Mark Cycle
[2024-08-28T13:06:11.392+0000][info][gc,marking     ] GC(515) Concurrent Clear Claimed Marks
[2024-08-28T13:06:11.392+0000][info][gc,marking     ] GC(515) Concurrent Clear Claimed Marks 0.009ms
[2024-08-28T13:06:11.392+0000][info][gc,marking     ] GC(515) Concurrent Scan Root Regions
[2024-08-28T13:06:11.393+0000][info][gc,marking     ] GC(515) Concurrent Scan Root Regions 1.805ms
[2024-08-28T13:06:11.393+0000][info][gc,marking     ] GC(515) Concurrent Mark
[2024-08-28T13:06:11.394+0000][info][gc,marking     ] GC(515) Concurrent Mark From Roots
[2024-08-28T13:06:11.394+0000][info][gc,task        ] GC(515) Using 17 workers of 17 for marking
[2024-08-28T13:06:11.418+0000][info][gc,marking     ] GC(515) Concurrent Mark From Roots 24.818ms
[2024-08-28T13:06:11.418+0000][info][gc,marking     ] GC(515) Concurrent Preclean
[2024-08-28T13:06:11.419+0000][info][gc,marking     ] GC(515) Concurrent Preclean 0.499ms
[2024-08-28T13:06:11.419+0000][info][gc,start       ] GC(515) Pause Remark
[2024-08-28T13:06:11.421+0000][info][gc             ] GC(515) Pause Remark 855M->855M(1024M) 1.818ms
[2024-08-28T13:06:11.421+0000][info][gc,cpu         ] GC(515) User=0.00s Sys=0.00s Real=0.00s
[2024-08-28T13:06:11.421+0000][info][gc,marking     ] GC(515) Concurrent Mark 27.630ms
[2024-08-28T13:06:11.421+0000][info][gc,marking     ] GC(515) Concurrent Rebuild Remembered Sets
[2024-08-28T13:06:11.441+0000][info][gc,start       ] GC(516) Pause Young (Normal) (G1 Evacuation Pause)
[2024-08-28T13:06:11.441+0000][info][gc,task        ] GC(516) Using 24 workers of 68 for evacuation
[2024-08-28T13:06:11.453+0000][info][gc,phases      ] GC(516)   Pre Evacuate Collection Set: 0.2ms
[2024-08-28T13:06:11.453+0000][info][gc,phases      ] GC(516)   Merge Heap Roots: 0.3ms
[2024-08-28T13:06:11.453+0000][info][gc,phases      ] GC(516)   Evacuate Collection Set: 10.2ms
[2024-08-28T13:06:11.453+0000][info][gc,phases      ] GC(516)   Post Evacuate Collection Set: 0.5ms
[2024-08-28T13:06:11.453+0000][info][gc,phases      ] GC(516)   Other: 0.3ms
[2024-08-28T13:06:11.453+0000][info][gc,heap        ] GC(516) Eden regions: 44->0(44)
[2024-08-28T13:06:11.453+0000][info][gc,heap        ] GC(516) Survivor regions: 7->7(7)
[2024-08-28T13:06:11.453+0000][info][gc,heap        ] GC(516) Old regions: 818->864
[2024-08-28T13:06:11.453+0000][info][gc,heap        ] GC(516) Archive regions: 2->2
[2024-08-28T13:06:11.453+0000][info][gc,heap        ] GC(516) Humongous regions: 5->5
[2024-08-28T13:06:11.453+0000][info][gc,metaspace   ] GC(516) Metaspace: 100K(320K)->100K(320K) NonClass: 96K(192K)->96K(192K) Class: 4K(128K)->4K(128K)
[2024-08-28T13:06:11.453+0000][info][gc             ] GC(516) Pause Young (Normal) (G1 Evacuation Pause) 874M->876M(1024M) 11.573ms
[2024-08-28T13:06:11.453+0000][info][gc,cpu         ] GC(516) User=0.25s Sys=0.00s Real=0.01s
[2024-08-28T13:06:11.488+0000][info][gc,marking     ] GC(515) Concurrent Rebuild Remembered Sets 67.048ms
[2024-08-28T13:06:11.489+0000][info][gc,start       ] GC(515) Pause Cleanup
[2024-08-28T13:06:11.492+0000][info][gc             ] GC(515) Pause Cleanup 912M->912M(1024M) 3.016ms
[2024-08-28T13:06:11.492+0000][info][gc,cpu         ] GC(515) User=0.01s Sys=0.00s Real=0.01s
[2024-08-28T13:06:11.492+0000][info][gc,marking     ] GC(515) Concurrent Cleanup for Next Mark
[2024-08-28T13:06:11.493+0000][info][gc,marking     ] GC(515) Concurrent Cleanup for Next Mark 0.780ms
[2024-08-28T13:06:11.493+0000][info][gc             ] GC(515) Concurrent Mark Cycle 100.946ms
[2024-08-28T13:06:11.498+0000][info][gc,start       ] GC(517) Pause Young (Prepare Mixed) (G1 Evacuation Pause)
[2024-08-28T13:06:11.498+0000][info][gc,task        ] GC(517) Using 24 workers of 68 for evacuation
[2024-08-28T13:06:11.514+0000][info][gc,phases      ] GC(517)   Pre Evacuate Collection Set: 0.2ms
[2024-08-28T13:06:11.514+0000][info][gc,phases      ] GC(517)   Merge Heap Roots: 0.5ms
[2024-08-28T13:06:11.514+0000][info][gc,phases      ] GC(517)   Evacuate Collection Set: 14.8ms
[2024-08-28T13:06:11.514+0000][info][gc,phases      ] GC(517)   Post Evacuate Collection Set: 0.4ms
[2024-08-28T13:06:11.514+0000][info][gc,phases      ] GC(517)   Other: 0.3ms
[2024-08-28T13:06:11.514+0000][info][gc,heap        ] GC(517) Eden regions: 44->0(44)
[2024-08-28T13:06:11.514+0000][info][gc,heap        ] GC(517) Survivor regions: 7->7(7)
[2024-08-28T13:06:11.514+0000][info][gc,heap        ] GC(517) Old regions: 864->911
[2024-08-28T13:06:11.514+0000][info][gc,heap        ] GC(517) Archive regions: 2->2
[2024-08-28T13:06:11.514+0000][info][gc,heap        ] GC(517) Humongous regions: 5->5
[2024-08-28T13:06:11.514+0000][info][gc,metaspace   ] GC(517) Metaspace: 100K(320K)->100K(320K) NonClass: 96K(192K)->96K(192K) Class: 4K(128K)->4K(128K)
[2024-08-28T13:06:11.514+0000][info][gc             ] GC(517) Pause Young (Prepare Mixed) (G1 Evacuation Pause) 920M->923M(1024M) 16.337ms
[2024-08-28T13:06:11.514+0000][info][gc,cpu         ] GC(517) User=0.36s Sys=0.00s Real=0.01s
[2024-08-28T13:06:11.541+0000][info][gc,start       ] GC(518) Pause Young (Mixed) (G1 Preventive Collection)
[2024-08-28T13:06:11.541+0000][info][gc,task        ] GC(518) Using 24 workers of 68 for evacuation
[2024-08-28T13:06:11.554+0000][info][gc,phases      ] GC(518)   Pre Evacuate Collection Set: 0.2ms
[2024-08-28T13:06:11.554+0000][info][gc,phases      ] GC(518)   Merge Heap Roots: 0.4ms
[2024-08-28T13:06:11.554+0000][info][gc,phases      ] GC(518)   Evacuate Collection Set: 11.2ms
[2024-08-28T13:06:11.554+0000][info][gc,phases      ] GC(518)   Post Evacuate Collection Set: 0.4ms
[2024-08-28T13:06:11.554+0000][info][gc,phases      ] GC(518)   Other: 0.4ms
[2024-08-28T13:06:11.554+0000][info][gc,heap        ] GC(518) Eden regions: 43->0(44)
[2024-08-28T13:06:11.554+0000][info][gc,heap        ] GC(518) Survivor regions: 7->7(7)
[2024-08-28T13:06:11.554+0000][info][gc,heap        ] GC(518) Old regions: 911->854
[2024-08-28T13:06:11.554+0000][info][gc,heap        ] GC(518) Archive regions: 2->2
[2024-08-28T13:06:11.554+0000][info][gc,heap        ] GC(518) Humongous regions: 5->5
[2024-08-28T13:06:11.554+0000][info][gc,metaspace   ] GC(518) Metaspace: 100K(320K)->100K(320K) NonClass: 96K(192K)->96K(192K) Class: 4K(128K)->4K(128K)
[2024-08-28T13:06:11.554+0000][info][gc             ] GC(518) Pause Young (Mixed) (G1 Preventive Collection) 966M->866M(1024M) 12.789ms
[2024-08-28T13:06:11.554+0000][info][gc,cpu         ] GC(518) User=0.28s Sys=0.00s Real=0.01s
[2024-08-28T13:06:11.579+0000][info][gc,start       ] GC(519) Pause Young (Mixed) (G1 Evacuation Pause)
[2024-08-28T13:06:11.579+0000][info][gc,task        ] GC(519) Using 24 workers of 68 for evacuation
[2024-08-28T13:06:11.592+0000][info][gc,phases      ] GC(519)   Pre Evacuate Collection Set: 0.2ms
[2024-08-28T13:06:11.592+0000][info][gc,phases      ] GC(519)   Merge Heap Roots: 0.4ms
[2024-08-28T13:06:11.592+0000][info][gc,phases      ] GC(519)   Evacuate Collection Set: 11.3ms
[2024-08-28T13:06:11.592+0000][info][gc,phases      ] GC(519)   Post Evacuate Collection Set: 0.4ms
[2024-08-28T13:06:11.592+0000][info][gc,phases      ] GC(519)   Other: 0.4ms
[2024-08-28T13:06:11.592+0000][info][gc,heap        ] GC(519) Eden regions: 44->0(44)
[2024-08-28T13:06:11.592+0000][info][gc,heap        ] GC(519) Survivor regions: 7->7(7)
[2024-08-28T13:06:11.592+0000][info][gc,heap        ] GC(519) Old regions: 854->797
[2024-08-28T13:06:11.592+0000][info][gc,heap        ] GC(519) Archive regions: 2->2
[2024-08-28T13:06:11.592+0000][info][gc,heap        ] GC(519) Humongous regions: 5->5
[2024-08-28T13:06:11.592+0000][info][gc,metaspace   ] GC(519) Metaspace: 100K(320K)->100K(320K) NonClass: 96K(192K)->96K(192K) Class: 4K(128K)->4K(128K)
[2024-08-28T13:06:11.592+0000][info][gc             ] GC(519) Pause Young (Mixed) (G1 Evacuation Pause) 910M->809M(1024M) 12.919ms
[2024-08-28T13:06:11.592+0000][info][gc,cpu         ] GC(519) User=0.28s Sys=0.00s Real=0.01s
[2024-08-28T13:06:11.617+0000][info][gc,start       ] GC(520) Pause Young (Mixed) (G1 Evacuation Pause)
[2024-08-28T13:06:11.618+0000][info][gc,task        ] GC(520) Using 24 workers of 68 for evacuation
[2024-08-28T13:06:11.630+0000][info][gc,phases      ] GC(520)   Pre Evacuate Collection Set: 0.2ms
[2024-08-28T13:06:11.630+0000][info][gc,phases      ] GC(520)   Merge Heap Roots: 0.4ms
[2024-08-28T13:06:11.630+0000][info][gc,phases      ] GC(520)   Evacuate Collection Set: 11.4ms
[2024-08-28T13:06:11.630+0000][info][gc,phases      ] GC(520)   Post Evacuate Collection Set: 0.5ms
[2024-08-28T13:06:11.630+0000][info][gc,phases      ] GC(520)   Other: 0.4ms
[2024-08-28T13:06:11.630+0000][info][gc,heap        ] GC(520) Eden regions: 44->0(44)
[2024-08-28T13:06:11.630+0000][info][gc,heap        ] GC(520) Survivor regions: 7->7(7)
[2024-08-28T13:06:11.630+0000][info][gc,heap        ] GC(520) Old regions: 797->743
[2024-08-28T13:06:11.630+0000][info][gc,heap        ] GC(520) Archive regions: 2->2
[2024-08-28T13:06:11.630+0000][info][gc,heap        ] GC(520) Humongous regions: 5->5
[2024-08-28T13:06:11.630+0000][info][gc,metaspace   ] GC(520) Metaspace: 100K(320K)->100K(320K) NonClass: 96K(192K)->96K(192K) Class: 4K(128K)->4K(128K)
[2024-08-28T13:06:11.630+0000][info][gc             ] GC(520) Pause Young (Mixed) (G1 Evacuation Pause) 853M->755M(1024M) 13.017ms
[2024-08-28T13:06:11.630+0000][info][gc,cpu         ] GC(520) User=0.26s Sys=0.01s Real=0.02s
[2024-08-28T13:06:11.656+0000][info][gc,start       ] GC(521) Pause Young (Mixed) (G1 Evacuation Pause)
[2024-08-28T13:06:11.656+0000][info][gc,task        ] GC(521) Using 24 workers of 68 for evacuation
[2024-08-28T13:06:11.668+0000][info][gc,phases      ] GC(521)   Pre Evacuate Collection Set: 0.2ms
[2024-08-28T13:06:11.668+0000][info][gc,phases      ] GC(521)   Merge Heap Roots: 0.4ms
[2024-08-28T13:06:11.668+0000][info][gc,phases      ] GC(521)   Evacuate Collection Set: 11.6ms
[2024-08-28T13:06:11.668+0000][info][gc,phases      ] GC(521)   Post Evacuate Collection Set: 0.4ms
[2024-08-28T13:06:11.668+0000][info][gc,phases      ] GC(521)   Other: 0.3ms
[2024-08-28T13:06:11.669+0000][info][gc,heap        ] GC(521) Eden regions: 44->0(44)
[2024-08-28T13:06:11.669+0000][info][gc,heap        ] GC(521) Survivor regions: 7->7(7)
[2024-08-28T13:06:11.669+0000][info][gc,heap        ] GC(521) Old regions: 743->772
[2024-08-28T13:06:11.669+0000][info][gc,heap        ] GC(521) Archive regions: 2->2
[2024-08-28T13:06:11.669+0000][info][gc,heap        ] GC(521) Humongous regions: 5->5
[2024-08-28T13:06:11.669+0000][info][gc,metaspace   ] GC(521) Metaspace: 100K(320K)->100K(320K) NonClass: 96K(192K)->96K(192K) Class: 4K(128K)->4K(128K)
[2024-08-28T13:06:11.669+0000][info][gc             ] GC(521) Pause Young (Mixed) (G1 Evacuation Pause) 799M->784M(1024M) 13.060ms
[2024-08-28T13:06:11.669+0000][info][gc,cpu         ] GC(521) User=0.29s Sys=0.00s Real=0.01s
[2024-08-28T13:06:11.694+0000][info][gc,start       ] GC(522) Pause Young (Concurrent Start) (G1 Evacuation Pause)
[2024-08-28T13:06:11.694+0000][info][gc,task        ] GC(522) Using 24 workers of 68 for evacuation
[2024-08-28T13:06:11.706+0000][info][gc,phases      ] GC(522)   Pre Evacuate Collection Set: 0.2ms
[2024-08-28T13:06:11.706+0000][info][gc,phases      ] GC(522)   Merge Heap Roots: 0.4ms
[2024-08-28T13:06:11.706+0000][info][gc,phases      ] GC(522)   Evacuate Collection Set: 10.5ms
[2024-08-28T13:06:11.706+0000][info][gc,phases      ] GC(522)   Post Evacuate Collection Set: 0.4ms
[2024-08-28T13:06:11.706+0000][info][gc,phases      ] GC(522)   Other: 1.0ms
[2024-08-28T13:06:11.706+0000][info][gc,heap        ] GC(522) Eden regions: 44->0(44)
[2024-08-28T13:06:11.706+0000][info][gc,heap        ] GC(522) Survivor regions: 7->7(7)
[2024-08-28T13:06:11.706+0000][info][gc,heap        ] GC(522) Old regions: 772->819
[2024-08-28T13:06:11.706+0000][info][gc,heap        ] GC(522) Archive regions: 2->2
[2024-08-28T13:06:11.706+0000][info][gc,heap        ] GC(522) Humongous regions: 5->5
[2024-08-28T13:06:11.706+0000][info][gc,metaspace   ] GC(522) Metaspace: 100K(320K)->100K(320K) NonClass: 96K(192K)->96K(192K) Class: 4K(128K)->4K(128K)
[2024-08-28T13:06:11.706+0000][info][gc             ] GC(522) Pause Young (Concurrent Start) (G1 Evacuation Pause) 828M->831M(1024M) 12.644ms
[2024-08-28T13:06:11.706+0000][info][gc,cpu         ] GC(522) User=0.26s Sys=0.00s Real=0.01s
[2024-08-28T13:06:11.706+0000][info][gc             ] GC(523) Concurrent Mark Cycle
[2024-08-28T13:06:11.706+0000][info][gc,marking     ] GC(523) Concurrent Clear Claimed Marks
[2024-08-28T13:06:11.706+0000][info][gc,marking     ] GC(523) Concurrent Clear Claimed Marks 0.014ms
[2024-08-28T13:06:11.706+0000][info][gc,marking     ] GC(523) Concurrent Scan Root Regions
[2024-08-28T13:06:11.708+0000][info][gc,marking     ] GC(523) Concurrent Scan Root Regions 1.838ms
[2024-08-28T13:06:11.708+0000][info][gc,marking     ] GC(523) Concurrent Mark
[2024-08-28T13:06:11.708+0000][info][gc,marking     ] GC(523) Concurrent Mark From Roots
[2024-08-28T13:06:11.708+0000][info][gc,task        ] GC(523) Using 17 workers of 17 for marking
[2024-08-28T13:06:11.733+0000][info][gc,marking     ] GC(523) Concurrent Mark From Roots 24.578ms
[2024-08-28T13:06:11.733+0000][info][gc,marking     ] GC(523) Concurrent Preclean
[2024-08-28T13:06:11.734+0000][info][gc,marking     ] GC(523) Concurrent Preclean 0.599ms
[2024-08-28T13:06:11.734+0000][info][gc,start       ] GC(523) Pause Remark
[2024-08-28T13:06:11.736+0000][info][gc             ] GC(523) Pause Remark 856M->856M(1024M) 1.989ms
[2024-08-28T13:06:11.736+0000][info][gc,cpu         ] GC(523) User=0.01s Sys=0.00s Real=0.00s
[2024-08-28T13:06:11.736+0000][info][gc,marking     ] GC(523) Concurrent Mark 27.663ms
[2024-08-28T13:06:11.736+0000][info][gc,marking     ] GC(523) Concurrent Rebuild Remembered Sets
[2024-08-28T13:06:11.755+0000][info][gc,start       ] GC(524) Pause Young (Normal) (G1 Evacuation Pause)
[2024-08-28T13:06:11.755+0000][info][gc,task        ] GC(524) Using 24 workers of 68 for evacuation
[2024-08-28T13:06:11.766+0000][info][gc,phases      ] GC(524)   Pre Evacuate Collection Set: 0.2ms
[2024-08-28T13:06:11.766+0000][info][gc,phases      ] GC(524)   Merge Heap Roots: 0.3ms
[2024-08-28T13:06:11.766+0000][info][gc,phases      ] GC(524)   Evacuate Collection Set: 10.1ms
[2024-08-28T13:06:11.766+0000][info][gc,phases      ] GC(524)   Post Evacuate Collection Set: 0.5ms
[2024-08-28T13:06:11.766+0000][info][gc,phases      ] GC(524)   Other: 0.3ms
[2024-08-28T13:06:11.766+0000][info][gc,heap        ] GC(524) Eden regions: 44->0(44)
[2024-08-28T13:06:11.766+0000][info][gc,heap        ] GC(524) Survivor regions: 7->7(7)
[2024-08-28T13:06:11.766+0000][info][gc,heap        ] GC(524) Old regions: 819->865
[2024-08-28T13:06:11.766+0000][info][gc,heap        ] GC(524) Archive regions: 2->2
[2024-08-28T13:06:11.766+0000][info][gc,heap        ] GC(524) Humongous regions: 5->5
[2024-08-28T13:06:11.766+0000][info][gc,metaspace   ] GC(524) Metaspace: 100K(320K)->100K(320K) NonClass: 96K(192K)->96K(192K) Class: 4K(128K)->4K(128K)
[2024-08-28T13:06:11.766+0000][info][gc             ] GC(524) Pause Young (Normal) (G1 Evacuation Pause) 875M->877M(1024M) 11.502ms
[2024-08-28T13:06:11.766+0000][info][gc,cpu         ] GC(524) User=0.24s Sys=0.01s Real=0.01s
[2024-08-28T13:06:11.803+0000][info][gc,marking     ] GC(523) Concurrent Rebuild Remembered Sets 67.236ms
[2024-08-28T13:06:11.804+0000][info][gc,start       ] GC(523) Pause Cleanup
[2024-08-28T13:06:11.807+0000][info][gc             ] GC(523) Pause Cleanup 916M->916M(1024M) 3.178ms
[2024-08-28T13:06:11.807+0000][info][gc,cpu         ] GC(523) User=0.01s Sys=0.00s Real=0.00s
[2024-08-28T13:06:11.807+0000][info][gc,marking     ] GC(523) Concurrent Cleanup for Next Mark
[2024-08-28T13:06:11.808+0000][info][gc,marking     ] GC(523) Concurrent Cleanup for Next Mark 0.817ms
[2024-08-28T13:06:11.808+0000][info][gc             ] GC(523) Concurrent Mark Cycle 101.506ms
[2024-08-28T13:06:11.811+0000][info][gc,start       ] GC(525) Pause Young (Prepare Mixed) (G1 Evacuation Pause)
[2024-08-28T13:06:11.811+0000][info][gc,task        ] GC(525) Using 24 workers of 68 for evacuation
[2024-08-28T13:06:11.827+0000][info][gc,phases      ] GC(525)   Pre Evacuate Collection Set: 0.2ms
[2024-08-28T13:06:11.827+0000][info][gc,phases      ] GC(525)   Merge Heap Roots: 0.5ms
[2024-08-28T13:06:11.827+0000][info][gc,phases      ] GC(525)   Evacuate Collection Set: 14.3ms
[2024-08-28T13:06:11.827+0000][info][gc,phases      ] GC(525)   Post Evacuate Collection Set: 0.4ms
[2024-08-28T13:06:11.827+0000][info][gc,phases      ] GC(525)   Other: 0.3ms
[2024-08-28T13:06:11.827+0000][info][gc,heap        ] GC(525) Eden regions: 44->0(44)
[2024-08-28T13:06:11.827+0000][info][gc,heap        ] GC(525) Survivor regions: 7->7(7)
[2024-08-28T13:06:11.827+0000][info][gc,heap        ] GC(525) Old regions: 865->912
[2024-08-28T13:06:11.827+0000][info][gc,heap        ] GC(525) Archive regions: 2->2
[2024-08-28T13:06:11.827+0000][info][gc,heap        ] GC(525) Humongous regions: 5->5
[2024-08-28T13:06:11.827+0000][info][gc,metaspace   ] GC(525) Metaspace: 100K(320K)->100K(320K) NonClass: 96K(192K)->96K(192K) Class: 4K(128K)->4K(128K)
[2024-08-28T13:06:11.827+0000][info][gc             ] GC(525) Pause Young (Prepare Mixed) (G1 Evacuation Pause) 921M->924M(1024M) 15.813ms
[2024-08-28T13:06:11.827+0000][info][gc,cpu         ] GC(525) User=0.36s Sys=0.00s Real=0.01s
[2024-08-28T13:06:11.854+0000][info][gc,start       ] GC(526) Pause Young (Mixed) (G1 Preventive Collection)
[2024-08-28T13:06:11.854+0000][info][gc,task        ] GC(526) Using 24 workers of 68 for evacuation
[2024-08-28T13:06:11.866+0000][info][gc,phases      ] GC(526)   Pre Evacuate Collection Set: 0.2ms
[2024-08-28T13:06:11.866+0000][info][gc,phases      ] GC(526)   Merge Heap Roots: 0.4ms
[2024-08-28T13:06:11.866+0000][info][gc,phases      ] GC(526)   Evacuate Collection Set: 11.2ms
[2024-08-28T13:06:11.866+0000][info][gc,phases      ] GC(526)   Post Evacuate Collection Set: 0.5ms
[2024-08-28T13:06:11.866+0000][info][gc,phases      ] GC(526)   Other: 0.3ms
[2024-08-28T13:06:11.866+0000][info][gc,heap        ] GC(526) Eden regions: 43->0(44)
[2024-08-28T13:06:11.866+0000][info][gc,heap        ] GC(526) Survivor regions: 7->7(7)
[2024-08-28T13:06:11.866+0000][info][gc,heap        ] GC(526) Old regions: 912->854
[2024-08-28T13:06:11.866+0000][info][gc,heap        ] GC(526) Archive regions: 2->2
[2024-08-28T13:06:11.866+0000][info][gc,heap        ] GC(526) Humongous regions: 5->5
[2024-08-28T13:06:11.866+0000][info][gc,metaspace   ] GC(526) Metaspace: 100K(320K)->100K(320K) NonClass: 96K(192K)->96K(192K) Class: 4K(128K)->4K(128K)
[2024-08-28T13:06:11.866+0000][info][gc             ] GC(526) Pause Young (Mixed) (G1 Preventive Collection) 967M->866M(1024M) 12.728ms
[2024-08-28T13:06:11.867+0000][info][gc,cpu         ] GC(526) User=0.27s Sys=0.00s Real=0.01s
[2024-08-28T13:06:11.892+0000][info][gc,start       ] GC(527) Pause Young (Mixed) (G1 Evacuation Pause)
[2024-08-28T13:06:11.892+0000][info][gc,task        ] GC(527) Using 24 workers of 68 for evacuation
[2024-08-28T13:06:11.905+0000][info][gc,phases      ] GC(527)   Pre Evacuate Collection Set: 0.3ms
[2024-08-28T13:06:11.905+0000][info][gc,phases      ] GC(527)   Merge Heap Roots: 0.5ms
[2024-08-28T13:06:11.905+0000][info][gc,phases      ] GC(527)   Evacuate Collection Set: 11.6ms
[2024-08-28T13:06:11.905+0000][info][gc,phases      ] GC(527)   Post Evacuate Collection Set: 0.5ms
[2024-08-28T13:06:11.905+0000][info][gc,phases      ] GC(527)   Other: 0.4ms
[2024-08-28T13:06:11.905+0000][info][gc,heap        ] GC(527) Eden regions: 44->0(44)
[2024-08-28T13:06:11.905+0000][info][gc,heap        ] GC(527) Survivor regions: 7->7(7)
[2024-08-28T13:06:11.905+0000][info][gc,heap        ] GC(527) Old regions: 854->798
[2024-08-28T13:06:11.905+0000][info][gc,heap        ] GC(527) Archive regions: 2->2
[2024-08-28T13:06:11.905+0000][info][gc,heap        ] GC(527) Humongous regions: 5->5
[2024-08-28T13:06:11.905+0000][info][gc,metaspace   ] GC(527) Metaspace: 100K(320K)->100K(320K) NonClass: 96K(192K)->96K(192K) Class: 4K(128K)->4K(128K)
[2024-08-28T13:06:11.905+0000][info][gc             ] GC(527) Pause Young (Mixed) (G1 Evacuation Pause) 910M->810M(1024M) 13.317ms
[2024-08-28T13:06:11.905+0000][info][gc,cpu         ] GC(527) User=0.29s Sys=0.00s Real=0.01s
[2024-08-28T13:06:11.930+0000][info][gc,start       ] GC(528) Pause Young (Mixed) (G1 Evacuation Pause)
[2024-08-28T13:06:11.930+0000][info][gc,task        ] GC(528) Using 24 workers of 68 for evacuation
[2024-08-28T13:06:11.943+0000][info][gc,phases      ] GC(528)   Pre Evacuate Collection Set: 0.2ms
[2024-08-28T13:06:11.943+0000][info][gc,phases      ] GC(528)   Merge Heap Roots: 0.5ms
[2024-08-28T13:06:11.943+0000][info][gc,phases      ] GC(528)   Evacuate Collection Set: 11.4ms
[2024-08-28T13:06:11.943+0000][info][gc,phases      ] GC(528)   Post Evacuate Collection Set: 0.5ms
[2024-08-28T13:06:11.943+0000][info][gc,phases      ] GC(528)   Other: 0.4ms
[2024-08-28T13:06:11.943+0000][info][gc,heap        ] GC(528) Eden regions: 44->0(44)
[2024-08-28T13:06:11.943+0000][info][gc,heap        ] GC(528) Survivor regions: 7->7(7)
[2024-08-28T13:06:11.943+0000][info][gc,heap        ] GC(528) Old regions: 798->744
[2024-08-28T13:06:11.943+0000][info][gc,heap        ] GC(528) Archive regions: 2->2
[2024-08-28T13:06:11.943+0000][info][gc,heap        ] GC(528) Humongous regions: 5->5
[2024-08-28T13:06:11.943+0000][info][gc,metaspace   ] GC(528) Metaspace: 100K(320K)->100K(320K) NonClass: 96K(192K)->96K(192K) Class: 4K(128K)->4K(128K)
[2024-08-28T13:06:11.943+0000][info][gc             ] GC(528) Pause Young (Mixed) (G1 Evacuation Pause) 854M->756M(1024M) 12.996ms
[2024-08-28T13:06:11.943+0000][info][gc,cpu         ] GC(528) User=0.28s Sys=0.00s Real=0.01s
[2024-08-28T13:06:11.969+0000][info][gc,start       ] GC(529) Pause Young (Mixed) (G1 Evacuation Pause)
[2024-08-28T13:06:11.969+0000][info][gc,task        ] GC(529) Using 24 workers of 68 for evacuation
[2024-08-28T13:06:11.982+0000][info][gc,phases      ] GC(529)   Pre Evacuate Collection Set: 0.2ms
[2024-08-28T13:06:11.982+0000][info][gc,phases      ] GC(529)   Merge Heap Roots: 0.3ms
[2024-08-28T13:06:11.982+0000][info][gc,phases      ] GC(529)   Evacuate Collection Set: 11.8ms
[2024-08-28T13:06:11.982+0000][info][gc,phases      ] GC(529)   Post Evacuate Collection Set: 0.4ms
[2024-08-28T13:06:11.982+0000][info][gc,phases      ] GC(529)   Other: 0.4ms
[2024-08-28T13:06:11.982+0000][info][gc,heap        ] GC(529) Eden regions: 44->0(44)
[2024-08-28T13:06:11.982+0000][info][gc,heap        ] GC(529) Survivor regions: 7->7(7)
[2024-08-28T13:06:11.982+0000][info][gc,heap        ] GC(529) Old regions: 744->770
[2024-08-28T13:06:11.982+0000][info][gc,heap        ] GC(529) Archive regions: 2->2
[2024-08-28T13:06:11.982+0000][info][gc,heap        ] GC(529) Humongous regions: 5->5
[2024-08-28T13:06:11.982+0000][info][gc,metaspace   ] GC(529) Metaspace: 100K(320K)->100K(320K) NonClass: 96K(192K)->96K(192K) Class: 4K(128K)->4K(128K)
[2024-08-28T13:06:11.982+0000][info][gc             ] GC(529) Pause Young (Mixed) (G1 Evacuation Pause) 800M->782M(1024M) 13.223ms
[2024-08-28T13:06:11.982+0000][info][gc,cpu         ] GC(529) User=0.28s Sys=0.01s Real=0.02s
[2024-08-28T13:06:12.007+0000][info][gc,start       ] GC(530) Pause Young (Concurrent Start) (G1 Evacuation Pause)
[2024-08-28T13:06:12.007+0000][info][gc,task        ] GC(530) Using 24 workers of 68 for evacuation
[2024-08-28T13:06:12.019+0000][info][gc,phases      ] GC(530)   Pre Evacuate Collection Set: 0.2ms
[2024-08-28T13:06:12.020+0000][info][gc,phases      ] GC(530)   Merge Heap Roots: 0.4ms
[2024-08-28T13:06:12.020+0000][info][gc,phases      ] GC(530)   Evacuate Collection Set: 10.4ms
[2024-08-28T13:06:12.020+0000][info][gc,phases      ] GC(530)   Post Evacuate Collection Set: 0.4ms
[2024-08-28T13:06:12.020+0000][info][gc,phases      ] GC(530)   Other: 1.0ms
[2024-08-28T13:06:12.020+0000][info][gc,heap        ] GC(530) Eden regions: 44->0(44)
[2024-08-28T13:06:12.020+0000][info][gc,heap        ] GC(530) Survivor regions: 7->7(7)
[2024-08-28T13:06:12.020+0000][info][gc,heap        ] GC(530) Old regions: 770->817
[2024-08-28T13:06:12.020+0000][info][gc,heap        ] GC(530) Archive regions: 2->2
[2024-08-28T13:06:12.020+0000][info][gc,heap        ] GC(530) Humongous regions: 5->5
[2024-08-28T13:06:12.020+0000][info][gc,metaspace   ] GC(530) Metaspace: 100K(320K)->100K(320K) NonClass: 96K(192K)->96K(192K) Class: 4K(128K)->4K(128K)
[2024-08-28T13:06:12.020+0000][info][gc             ] GC(530) Pause Young (Concurrent Start) (G1 Evacuation Pause) 826M->829M(1024M) 12.495ms
[2024-08-28T13:06:12.020+0000][info][gc,cpu         ] GC(530) User=0.26s Sys=0.00s Real=0.02s
[2024-08-28T13:06:12.020+0000][info][gc             ] GC(531) Concurrent Mark Cycle
[2024-08-28T13:06:12.020+0000][info][gc,marking     ] GC(531) Concurrent Clear Claimed Marks
[2024-08-28T13:06:12.020+0000][info][gc,marking     ] GC(531) Concurrent Clear Claimed Marks 0.014ms
[2024-08-28T13:06:12.020+0000][info][gc,marking     ] GC(531) Concurrent Scan Root Regions
[2024-08-28T13:06:12.022+0000][info][gc,marking     ] GC(531) Concurrent Scan Root Regions 1.802ms
[2024-08-28T13:06:12.022+0000][info][gc,marking     ] GC(531) Concurrent Mark
[2024-08-28T13:06:12.022+0000][info][gc,marking     ] GC(531) Concurrent Mark From Roots
[2024-08-28T13:06:12.022+0000][info][gc,task        ] GC(531) Using 17 workers of 17 for marking
[2024-08-28T13:06:12.047+0000][info][gc,marking     ] GC(531) Concurrent Mark From Roots 25.195ms
[2024-08-28T13:06:12.047+0000][info][gc,marking     ] GC(531) Concurrent Preclean
[2024-08-28T13:06:12.048+0000][info][gc,marking     ] GC(531) Concurrent Preclean 0.999ms
[2024-08-28T13:06:12.048+0000][info][gc,start       ] GC(531) Pause Remark
[2024-08-28T13:06:12.050+0000][info][gc             ] GC(531) Pause Remark 855M->855M(1024M) 1.942ms
[2024-08-28T13:06:12.050+0000][info][gc,cpu         ] GC(531) User=0.01s Sys=0.00s Real=0.01s
[2024-08-28T13:06:12.050+0000][info][gc,marking     ] GC(531) Concurrent Mark 28.692ms
[2024-08-28T13:06:12.050+0000][info][gc,marking     ] GC(531) Concurrent Rebuild Remembered Sets
[2024-08-28T13:06:12.070+0000][info][gc,start       ] GC(532) Pause Young (Normal) (G1 Evacuation Pause)
[2024-08-28T13:06:12.070+0000][info][gc,task        ] GC(532) Using 24 workers of 68 for evacuation
[2024-08-28T13:06:12.081+0000][info][gc,phases      ] GC(532)   Pre Evacuate Collection Set: 0.2ms
[2024-08-28T13:06:12.081+0000][info][gc,phases      ] GC(532)   Merge Heap Roots: 0.3ms
[2024-08-28T13:06:12.081+0000][info][gc,phases      ] GC(532)   Evacuate Collection Set: 10.2ms
[2024-08-28T13:06:12.081+0000][info][gc,phases      ] GC(532)   Post Evacuate Collection Set: 0.5ms
[2024-08-28T13:06:12.081+0000][info][gc,phases      ] GC(532)   Other: 0.3ms
[2024-08-28T13:06:12.081+0000][info][gc,heap        ] GC(532) Eden regions: 44->0(44)
[2024-08-28T13:06:12.081+0000][info][gc,heap        ] GC(532) Survivor regions: 7->7(7)
[2024-08-28T13:06:12.081+0000][info][gc,heap        ] GC(532) Old regions: 817->863
[2024-08-28T13:06:12.081+0000][info][gc,heap        ] GC(532) Archive regions: 2->2
[2024-08-28T13:06:12.081+0000][info][gc,heap        ] GC(532) Humongous regions: 5->5
[2024-08-28T13:06:12.081+0000][info][gc,metaspace   ] GC(532) Metaspace: 100K(320K)->100K(320K) NonClass: 96K(192K)->96K(192K) Class: 4K(128K)->4K(128K)
[2024-08-28T13:06:12.081+0000][info][gc             ] GC(532) Pause Young (Normal) (G1 Evacuation Pause) 873M->875M(1024M) 11.556ms
[2024-08-28T13:06:12.081+0000][info][gc,cpu         ] GC(532) User=0.24s Sys=0.00s Real=0.01s
[2024-08-28T13:06:12.118+0000][info][gc,marking     ] GC(531) Concurrent Rebuild Remembered Sets 67.562ms
[2024-08-28T13:06:12.118+0000][info][gc,start       ] GC(531) Pause Cleanup
[2024-08-28T13:06:12.122+0000][info][gc             ] GC(531) Pause Cleanup 912M->912M(1024M) 3.324ms
[2024-08-28T13:06:12.122+0000][info][gc,cpu         ] GC(531) User=0.01s Sys=0.00s Real=0.00s
[2024-08-28T13:06:12.122+0000][info][gc,marking     ] GC(531) Concurrent Cleanup for Next Mark
[2024-08-28T13:06:12.123+0000][info][gc,marking     ] GC(531) Concurrent Cleanup for Next Mark 0.794ms
[2024-08-28T13:06:12.123+0000][info][gc             ] GC(531) Concurrent Mark Cycle 103.012ms
[2024-08-28T13:06:12.128+0000][info][gc,start       ] GC(533) Pause Young (Prepare Mixed) (G1 Evacuation Pause)
[2024-08-28T13:06:12.128+0000][info][gc,task        ] GC(533) Using 24 workers of 68 for evacuation
[2024-08-28T13:06:12.143+0000][info][gc,phases      ] GC(533)   Pre Evacuate Collection Set: 0.2ms
[2024-08-28T13:06:12.143+0000][info][gc,phases      ] GC(533)   Merge Heap Roots: 0.5ms
[2024-08-28T13:06:12.143+0000][info][gc,phases      ] GC(533)   Evacuate Collection Set: 14.2ms
[2024-08-28T13:06:12.143+0000][info][gc,phases      ] GC(533)   Post Evacuate Collection Set: 0.3ms
[2024-08-28T13:06:12.143+0000][info][gc,phases      ] GC(533)   Other: 0.2ms
[2024-08-28T13:06:12.143+0000][info][gc,heap        ] GC(533) Eden regions: 44->0(44)
[2024-08-28T13:06:12.143+0000][info][gc,heap        ] GC(533) Survivor regions: 7->7(7)
[2024-08-28T13:06:12.143+0000][info][gc,heap        ] GC(533) Old regions: 863->909
[2024-08-28T13:06:12.143+0000][info][gc,heap        ] GC(533) Archive regions: 2->2
[2024-08-28T13:06:12.143+0000][info][gc,heap        ] GC(533) Humongous regions: 5->5
[2024-08-28T13:06:12.143+0000][info][gc,metaspace   ] GC(533) Metaspace: 100K(320K)->100K(320K) NonClass: 96K(192K)->96K(192K) Class: 4K(128K)->4K(128K)
[2024-08-28T13:06:12.143+0000][info][gc             ] GC(533) Pause Young (Prepare Mixed) (G1 Evacuation Pause) 919M->921M(1024M) 15.428ms
[2024-08-28T13:06:12.143+0000][info][gc,cpu         ] GC(533) User=0.35s Sys=0.00s Real=0.02s
[2024-08-28T13:06:12.170+0000][info][gc,start       ] GC(534) Pause Young (Mixed) (G1 Preventive Collection)
[2024-08-28T13:06:12.170+0000][info][gc,task        ] GC(534) Using 24 workers of 68 for evacuation
[2024-08-28T13:06:12.183+0000][info][gc,phases      ] GC(534)   Pre Evacuate Collection Set: 0.2ms
[2024-08-28T13:06:12.183+0000][info][gc,phases      ] GC(534)   Merge Heap Roots: 0.4ms
[2024-08-28T13:06:12.183+0000][info][gc,phases      ] GC(534)   Evacuate Collection Set: 11.5ms
[2024-08-28T13:06:12.183+0000][info][gc,phases      ] GC(534)   Post Evacuate Collection Set: 0.4ms
[2024-08-28T13:06:12.183+0000][info][gc,phases      ] GC(534)   Other: 0.2ms
[2024-08-28T13:06:12.183+0000][info][gc,heap        ] GC(534) Eden regions: 44->0(44)
[2024-08-28T13:06:12.183+0000][info][gc,heap        ] GC(534) Survivor regions: 7->7(7)
[2024-08-28T13:06:12.183+0000][info][gc,heap        ] GC(534) Old regions: 909->853
[2024-08-28T13:06:12.183+0000][info][gc,heap        ] GC(534) Archive regions: 2->2
[2024-08-28T13:06:12.183+0000][info][gc,heap        ] GC(534) Humongous regions: 5->5
[2024-08-28T13:06:12.183+0000][info][gc,metaspace   ] GC(534) Metaspace: 100K(320K)->100K(320K) NonClass: 96K(192K)->96K(192K) Class: 4K(128K)->4K(128K)
[2024-08-28T13:06:12.183+0000][info][gc             ] GC(534) Pause Young (Mixed) (G1 Preventive Collection) 965M->865M(1024M) 12.790ms
[2024-08-28T13:06:12.183+0000][info][gc,cpu         ] GC(534) User=0.29s Sys=0.00s Real=0.01s
[2024-08-28T13:06:12.208+0000][info][gc,start       ] GC(535) Pause Young (Mixed) (G1 Evacuation Pause)
[2024-08-28T13:06:12.208+0000][info][gc,task        ] GC(535) Using 24 workers of 68 for evacuation
[2024-08-28T13:06:12.221+0000][info][gc,phases      ] GC(535)   Pre Evacuate Collection Set: 0.2ms
[2024-08-28T13:06:12.221+0000][info][gc,phases      ] GC(535)   Merge Heap Roots: 0.5ms
[2024-08-28T13:06:12.221+0000][info][gc,phases      ] GC(535)   Evacuate Collection Set: 11.7ms
[2024-08-28T13:06:12.221+0000][info][gc,phases      ] GC(535)   Post Evacuate Collection Set: 0.4ms
[2024-08-28T13:06:12.221+0000][info][gc,phases      ] GC(535)   Other: 0.3ms
[2024-08-28T13:06:12.221+0000][info][gc,heap        ] GC(535) Eden regions: 44->0(44)
[2024-08-28T13:06:12.221+0000][info][gc,heap        ] GC(535) Survivor regions: 7->7(7)
[2024-08-28T13:06:12.221+0000][info][gc,heap        ] GC(535) Old regions: 853->796
[2024-08-28T13:06:12.221+0000][info][gc,heap        ] GC(535) Archive regions: 2->2
[2024-08-28T13:06:12.221+0000][info][gc,heap        ] GC(535) Humongous regions: 5->5
[2024-08-28T13:06:12.221+0000][info][gc,metaspace   ] GC(535) Metaspace: 100K(320K)->100K(320K) NonClass: 96K(192K)->96K(192K) Class: 4K(128K)->4K(128K)
[2024-08-28T13:06:12.221+0000][info][gc             ] GC(535) Pause Young (Mixed) (G1 Evacuation Pause) 909M->808M(1024M) 13.319ms
[2024-08-28T13:06:12.221+0000][info][gc,cpu         ] GC(535) User=0.29s Sys=0.00s Real=0.02s
[2024-08-28T13:06:12.246+0000][info][gc,start       ] GC(536) Pause Young (Mixed) (G1 Evacuation Pause)
[2024-08-28T13:06:12.246+0000][info][gc,task        ] GC(536) Using 24 workers of 68 for evacuation
[2024-08-28T13:06:12.259+0000][info][gc,phases      ] GC(536)   Pre Evacuate Collection Set: 0.2ms
[2024-08-28T13:06:12.259+0000][info][gc,phases      ] GC(536)   Merge Heap Roots: 0.4ms
[2024-08-28T13:06:12.259+0000][info][gc,phases      ] GC(536)   Evacuate Collection Set: 11.1ms
[2024-08-28T13:06:12.259+0000][info][gc,phases      ] GC(536)   Post Evacuate Collection Set: 0.5ms
[2024-08-28T13:06:12.259+0000][info][gc,phases      ] GC(536)   Other: 0.4ms
[2024-08-28T13:06:12.259+0000][info][gc,heap        ] GC(536) Eden regions: 44->0(44)
[2024-08-28T13:06:12.259+0000][info][gc,heap        ] GC(536) Survivor regions: 7->7(7)
[2024-08-28T13:06:12.259+0000][info][gc,heap        ] GC(536) Old regions: 796->742
[2024-08-28T13:06:12.259+0000][info][gc,heap        ] GC(536) Archive regions: 2->2
[2024-08-28T13:06:12.259+0000][info][gc,heap        ] GC(536) Humongous regions: 5->5
[2024-08-28T13:06:12.259+0000][info][gc,metaspace   ] GC(536) Metaspace: 100K(320K)->100K(320K) NonClass: 96K(192K)->96K(192K) Class: 4K(128K)->4K(128K)
[2024-08-28T13:06:12.259+0000][info][gc             ] GC(536) Pause Young (Mixed) (G1 Evacuation Pause) 852M->754M(1024M) 12.686ms
[2024-08-28T13:06:12.259+0000][info][gc,cpu         ] GC(536) User=0.27s Sys=0.00s Real=0.02s
[2024-08-28T13:06:12.283+0000][info][gc,start       ] GC(537) Pause Young (Mixed) (G1 Evacuation Pause)
[2024-08-28T13:06:12.283+0000][info][gc,task        ] GC(537) Using 24 workers of 68 for evacuation
[2024-08-28T13:06:12.296+0000][info][gc,phases      ] GC(537)   Pre Evacuate Collection Set: 0.2ms
[2024-08-28T13:06:12.296+0000][info][gc,phases      ] GC(537)   Merge Heap Roots: 0.4ms
[2024-08-28T13:06:12.296+0000][info][gc,phases      ] GC(537)   Evacuate Collection Set: 12.0ms
[2024-08-28T13:06:12.296+0000][info][gc,phases      ] GC(537)   Post Evacuate Collection Set: 0.4ms
[2024-08-28T13:06:12.296+0000][info][gc,phases      ] GC(537)   Other: 0.3ms
[2024-08-28T13:06:12.296+0000][info][gc,heap        ] GC(537) Eden regions: 44->0(44)
[2024-08-28T13:06:12.296+0000][info][gc,heap        ] GC(537) Survivor regions: 7->7(7)
[2024-08-28T13:06:12.296+0000][info][gc,heap        ] GC(537) Old regions: 742->769
[2024-08-28T13:06:12.296+0000][info][gc,heap        ] GC(537) Archive regions: 2->2
[2024-08-28T13:06:12.296+0000][info][gc,heap        ] GC(537) Humongous regions: 5->5
[2024-08-28T13:06:12.296+0000][info][gc,metaspace   ] GC(537) Metaspace: 100K(320K)->100K(320K) NonClass: 96K(192K)->96K(192K) Class: 4K(128K)->4K(128K)
[2024-08-28T13:06:12.296+0000][info][gc             ] GC(537) Pause Young (Mixed) (G1 Evacuation Pause) 798M->781M(1024M) 13.445ms
[2024-08-28T13:06:12.296+0000][info][gc,cpu         ] GC(537) User=0.29s Sys=0.00s Real=0.01s
[2024-08-28T13:06:12.321+0000][info][gc,start       ] GC(538) Pause Young (Concurrent Start) (G1 Evacuation Pause)
[2024-08-28T13:06:12.321+0000][info][gc,task        ] GC(538) Using 24 workers of 68 for evacuation
[2024-08-28T13:06:12.333+0000][info][gc,phases      ] GC(538)   Pre Evacuate Collection Set: 0.2ms
[2024-08-28T13:06:12.333+0000][info][gc,phases      ] GC(538)   Merge Heap Roots: 0.4ms
[2024-08-28T13:06:12.333+0000][info][gc,phases      ] GC(538)   Evacuate Collection Set: 10.0ms
[2024-08-28T13:06:12.333+0000][info][gc,phases      ] GC(538)   Post Evacuate Collection Set: 0.4ms
[2024-08-28T13:06:12.333+0000][info][gc,phases      ] GC(538)   Other: 1.0ms
[2024-08-28T13:06:12.333+0000][info][gc,heap        ] GC(538) Eden regions: 44->0(44)
[2024-08-28T13:06:12.333+0000][info][gc,heap        ] GC(538) Survivor regions: 7->7(7)
[2024-08-28T13:06:12.333+0000][info][gc,heap        ] GC(538) Old regions: 769->816
[2024-08-28T13:06:12.333+0000][info][gc,heap        ] GC(538) Archive regions: 2->2
[2024-08-28T13:06:12.333+0000][info][gc,heap        ] GC(538) Humongous regions: 5->5
[2024-08-28T13:06:12.333+0000][info][gc,metaspace   ] GC(538) Metaspace: 100K(320K)->100K(320K) NonClass: 96K(192K)->96K(192K) Class: 4K(128K)->4K(128K)
[2024-08-28T13:06:12.333+0000][info][gc             ] GC(538) Pause Young (Concurrent Start) (G1 Evacuation Pause) 825M->828M(1024M) 12.101ms
[2024-08-28T13:06:12.333+0000][info][gc,cpu         ] GC(538) User=0.25s Sys=0.00s Real=0.01s
[2024-08-28T13:06:12.333+0000][info][gc             ] GC(539) Concurrent Mark Cycle
[2024-08-28T13:06:12.333+0000][info][gc,marking     ] GC(539) Concurrent Clear Claimed Marks
[2024-08-28T13:06:12.333+0000][info][gc,marking     ] GC(539) Concurrent Clear Claimed Marks 0.012ms
[2024-08-28T13:06:12.333+0000][info][gc,marking     ] GC(539) Concurrent Scan Root Regions
[2024-08-28T13:06:12.335+0000][info][gc,marking     ] GC(539) Concurrent Scan Root Regions 1.789ms
[2024-08-28T13:06:12.335+0000][info][gc,marking     ] GC(539) Concurrent Mark
[2024-08-28T13:06:12.335+0000][info][gc,marking     ] GC(539) Concurrent Mark From Roots
[2024-08-28T13:06:12.335+0000][info][gc,task        ] GC(539) Using 17 workers of 17 for marking
[2024-08-28T13:06:12.360+0000][info][gc,marking     ] GC(539) Concurrent Mark From Roots 24.960ms
[2024-08-28T13:06:12.360+0000][info][gc,marking     ] GC(539) Concurrent Preclean
[2024-08-28T13:06:12.361+0000][info][gc,marking     ] GC(539) Concurrent Preclean 0.696ms
[2024-08-28T13:06:12.361+0000][info][gc,start       ] GC(539) Pause Remark
[2024-08-28T13:06:12.363+0000][info][gc             ] GC(539) Pause Remark 862M->862M(1024M) 1.960ms
[2024-08-28T13:06:12.363+0000][info][gc,cpu         ] GC(539) User=0.00s Sys=0.01s Real=0.00s
[2024-08-28T13:06:12.363+0000][info][gc,marking     ] GC(539) Concurrent Mark 28.171ms
[2024-08-28T13:06:12.363+0000][info][gc,marking     ] GC(539) Concurrent Rebuild Remembered Sets
[2024-08-28T13:06:12.370+0000][info][gc,start       ] GC(540) Pause Young (Normal) (G1 Evacuation Pause)
[2024-08-28T13:06:12.370+0000][info][gc,task        ] GC(540) Using 24 workers of 68 for evacuation
[2024-08-28T13:06:12.381+0000][info][gc,phases      ] GC(540)   Pre Evacuate Collection Set: 0.2ms
[2024-08-28T13:06:12.381+0000][info][gc,phases      ] GC(540)   Merge Heap Roots: 0.2ms
[2024-08-28T13:06:12.381+0000][info][gc,phases      ] GC(540)   Evacuate Collection Set: 10.0ms
[2024-08-28T13:06:12.381+0000][info][gc,phases      ] GC(540)   Post Evacuate Collection Set: 0.5ms
[2024-08-28T13:06:12.381+0000][info][gc,phases      ] GC(540)   Other: 0.3ms
[2024-08-28T13:06:12.381+0000][info][gc,heap        ] GC(540) Eden regions: 44->0(44)
[2024-08-28T13:06:12.381+0000][info][gc,heap        ] GC(540) Survivor regions: 7->7(7)
[2024-08-28T13:06:12.381+0000][info][gc,heap        ] GC(540) Old regions: 816->862
[2024-08-28T13:06:12.381+0000][info][gc,heap        ] GC(540) Archive regions: 2->2
[2024-08-28T13:06:12.381+0000][info][gc,heap        ] GC(540) Humongous regions: 5->5
[2024-08-28T13:06:12.381+0000][info][gc,metaspace   ] GC(540) Metaspace: 100K(320K)->100K(320K) NonClass: 96K(192K)->96K(192K) Class: 4K(128K)->4K(128K)
[2024-08-28T13:06:12.381+0000][info][gc             ] GC(540) Pause Young (Normal) (G1 Evacuation Pause) 872M->874M(1024M) 11.290ms
[2024-08-28T13:06:12.381+0000][info][gc,cpu         ] GC(540) User=0.24s Sys=0.00s Real=0.01s
[2024-08-28T13:06:12.408+0000][info][gc,start       ] GC(541) Pause Young (Normal) (G1 Evacuation Pause)
[2024-08-28T13:06:12.408+0000][info][gc,task        ] GC(541) Using 24 workers of 68 for evacuation
[2024-08-28T13:06:12.424+0000][info][gc,phases      ] GC(541)   Pre Evacuate Collection Set: 0.2ms
[2024-08-28T13:06:12.424+0000][info][gc,phases      ] GC(541)   Merge Heap Roots: 0.5ms
[2024-08-28T13:06:12.424+0000][info][gc,phases      ] GC(541)   Evacuate Collection Set: 14.1ms
[2024-08-28T13:06:12.424+0000][info][gc,phases      ] GC(541)   Post Evacuate Collection Set: 0.6ms
[2024-08-28T13:06:12.424+0000][info][gc,phases      ] GC(541)   Other: 0.3ms
[2024-08-28T13:06:12.424+0000][info][gc,heap        ] GC(541) Eden regions: 44->0(44)
[2024-08-28T13:06:12.424+0000][info][gc,heap        ] GC(541) Survivor regions: 7->7(7)
[2024-08-28T13:06:12.424+0000][info][gc,heap        ] GC(541) Old regions: 862->909
[2024-08-28T13:06:12.424+0000][info][gc,heap        ] GC(541) Archive regions: 2->2
[2024-08-28T13:06:12.424+0000][info][gc,heap        ] GC(541) Humongous regions: 5->5
[2024-08-28T13:06:12.424+0000][info][gc,metaspace   ] GC(541) Metaspace: 100K(320K)->100K(320K) NonClass: 96K(192K)->96K(192K) Class: 4K(128K)->4K(128K)
[2024-08-28T13:06:12.424+0000][info][gc             ] GC(541) Pause Young (Normal) (G1 Evacuation Pause) 918M->921M(1024M) 15.803ms
[2024-08-28T13:06:12.424+0000][info][gc,cpu         ] GC(541) User=0.36s Sys=0.00s Real=0.02s
[2024-08-28T13:06:12.446+0000][info][gc,marking     ] GC(539) Concurrent Rebuild Remembered Sets 82.916ms
[2024-08-28T13:06:12.446+0000][info][gc,start       ] GC(539) Pause Cleanup
[2024-08-28T13:06:12.450+0000][info][gc             ] GC(539) Pause Cleanup 957M->957M(1024M) 3.157ms
[2024-08-28T13:06:12.450+0000][info][gc,cpu         ] GC(539) User=0.00s Sys=0.00s Real=0.01s
[2024-08-28T13:06:12.450+0000][info][gc,marking     ] GC(539) Concurrent Cleanup for Next Mark
[2024-08-28T13:06:12.450+0000][info][gc,marking     ] GC(539) Concurrent Cleanup for Next Mark 0.723ms
[2024-08-28T13:06:12.450+0000][info][gc             ] GC(539) Concurrent Mark Cycle 117.444ms
[2024-08-28T13:06:12.455+0000][info][gc,start       ] GC(542) Pause Young (Prepare Mixed) (G1 Evacuation Pause)
[2024-08-28T13:06:12.455+0000][info][gc,task        ] GC(542) Using 24 workers of 68 for evacuation
[2024-08-28T13:06:12.473+0000][info][gc,phases      ] GC(542)   Pre Evacuate Collection Set: 0.2ms
[2024-08-28T13:06:12.473+0000][info][gc,phases      ] GC(542)   Merge Heap Roots: 0.6ms
[2024-08-28T13:06:12.473+0000][info][gc,phases      ] GC(542)   Evacuate Collection Set: 15.9ms
[2024-08-28T13:06:12.473+0000][info][gc,phases      ] GC(542)   Post Evacuate Collection Set: 0.4ms
[2024-08-28T13:06:12.473+0000][info][gc,phases      ] GC(542)   Other: 0.3ms
[2024-08-28T13:06:12.473+0000][info][gc,heap        ] GC(542) Eden regions: 44->0(44)
[2024-08-28T13:06:12.473+0000][info][gc,heap        ] GC(542) Survivor regions: 7->7(7)
[2024-08-28T13:06:12.473+0000][info][gc,heap        ] GC(542) Old regions: 909->955
[2024-08-28T13:06:12.473+0000][info][gc,heap        ] GC(542) Archive regions: 2->2
[2024-08-28T13:06:12.473+0000][info][gc,heap        ] GC(542) Humongous regions: 5->5
[2024-08-28T13:06:12.473+0000][info][gc,metaspace   ] GC(542) Metaspace: 100K(320K)->100K(320K) NonClass: 96K(192K)->96K(192K) Class: 4K(128K)->4K(128K)
[2024-08-28T13:06:12.473+0000][info][gc             ] GC(542) Pause Young (Prepare Mixed) (G1 Evacuation Pause) 965M->967M(1024M) 17.540ms
[2024-08-28T13:06:12.473+0000][info][gc,cpu         ] GC(542) User=0.40s Sys=0.01s Real=0.02s
[2024-08-28T13:06:12.487+0000][info][gc,start       ] GC(543) Pause Young (Mixed) (G1 Preventive Collection)
[2024-08-28T13:06:12.487+0000][info][gc,task        ] GC(543) Using 24 workers of 68 for evacuation
[2024-08-28T13:06:12.496+0000][info][gc,phases      ] GC(543)   Pre Evacuate Collection Set: 0.2ms
[2024-08-28T13:06:12.496+0000][info][gc,phases      ] GC(543)   Merge Heap Roots: 0.2ms
[2024-08-28T13:06:12.496+0000][info][gc,phases      ] GC(543)   Evacuate Collection Set: 7.8ms
[2024-08-28T13:06:12.496+0000][info][gc,phases      ] GC(543)   Post Evacuate Collection Set: 0.4ms
[2024-08-28T13:06:12.496+0000][info][gc,phases      ] GC(543)   Other: 0.3ms
[2024-08-28T13:06:12.496+0000][info][gc,heap        ] GC(543) Eden regions: 22->0(44)
[2024-08-28T13:06:12.496+0000][info][gc,heap        ] GC(543) Survivor regions: 7->7(7)
[2024-08-28T13:06:12.496+0000][info][gc,heap        ] GC(543) Old regions: 955->878
[2024-08-28T13:06:12.496+0000][info][gc,heap        ] GC(543) Archive regions: 2->2
[2024-08-28T13:06:12.496+0000][info][gc,heap        ] GC(543) Humongous regions: 5->5
[2024-08-28T13:06:12.496+0000][info][gc,metaspace   ] GC(543) Metaspace: 100K(320K)->100K(320K) NonClass: 96K(192K)->96K(192K) Class: 4K(128K)->4K(128K)
[2024-08-28T13:06:12.496+0000][info][gc             ] GC(543) Pause Young (Mixed) (G1 Preventive Collection) 989M->890M(1024M) 9.186ms
[2024-08-28T13:06:12.496+0000][info][gc,cpu         ] GC(543) User=0.20s Sys=0.00s Real=0.01s
[2024-08-28T13:06:12.520+0000][info][gc,start       ] GC(544) Pause Young (Mixed) (G1 Evacuation Pause)
[2024-08-28T13:06:12.520+0000][info][gc,task        ] GC(544) Using 24 workers of 68 for evacuation
[2024-08-28T13:06:12.532+0000][info][gc,phases      ] GC(544)   Pre Evacuate Collection Set: 0.2ms
[2024-08-28T13:06:12.532+0000][info][gc,phases      ] GC(544)   Merge Heap Roots: 0.4ms
[2024-08-28T13:06:12.532+0000][info][gc,phases      ] GC(544)   Evacuate Collection Set: 10.9ms
[2024-08-28T13:06:12.532+0000][info][gc,phases      ] GC(544)   Post Evacuate Collection Set: 0.4ms
[2024-08-28T13:06:12.532+0000][info][gc,phases      ] GC(544)   Other: 0.3ms
[2024-08-28T13:06:12.532+0000][info][gc,heap        ] GC(544) Eden regions: 44->0(44)
[2024-08-28T13:06:12.532+0000][info][gc,heap        ] GC(544) Survivor regions: 7->7(7)
[2024-08-28T13:06:12.532+0000][info][gc,heap        ] GC(544) Old regions: 878->821
[2024-08-28T13:06:12.532+0000][info][gc,heap        ] GC(544) Archive regions: 2->2
[2024-08-28T13:06:12.532+0000][info][gc,heap        ] GC(544) Humongous regions: 5->5
[2024-08-28T13:06:12.532+0000][info][gc,metaspace   ] GC(544) Metaspace: 100K(320K)->100K(320K) NonClass: 96K(192K)->96K(192K) Class: 4K(128K)->4K(128K)
[2024-08-28T13:06:12.532+0000][info][gc             ] GC(544) Pause Young (Mixed) (G1 Evacuation Pause) 934M->833M(1024M) 12.489ms
[2024-08-28T13:06:12.532+0000][info][gc,cpu         ] GC(544) User=0.27s Sys=0.00s Real=0.01s
[2024-08-28T13:06:12.557+0000][info][gc,start       ] GC(545) Pause Young (Mixed) (G1 Evacuation Pause)
[2024-08-28T13:06:12.557+0000][info][gc,task        ] GC(545) Using 24 workers of 68 for evacuation
[2024-08-28T13:06:12.570+0000][info][gc,phases      ] GC(545)   Pre Evacuate Collection Set: 0.2ms
[2024-08-28T13:06:12.570+0000][info][gc,phases      ] GC(545)   Merge Heap Roots: 0.3ms
[2024-08-28T13:06:12.570+0000][info][gc,phases      ] GC(545)   Evacuate Collection Set: 11.4ms
[2024-08-28T13:06:12.570+0000][info][gc,phases      ] GC(545)   Post Evacuate Collection Set: 0.5ms
[2024-08-28T13:06:12.570+0000][info][gc,phases      ] GC(545)   Other: 0.3ms
[2024-08-28T13:06:12.570+0000][info][gc,heap        ] GC(545) Eden regions: 44->0(44)
[2024-08-28T13:06:12.570+0000][info][gc,heap        ] GC(545) Survivor regions: 7->7(7)
[2024-08-28T13:06:12.570+0000][info][gc,heap        ] GC(545) Old regions: 821->768
[2024-08-28T13:06:12.570+0000][info][gc,heap        ] GC(545) Archive regions: 2->2
[2024-08-28T13:06:12.570+0000][info][gc,heap        ] GC(545) Humongous regions: 5->5
[2024-08-28T13:06:12.570+0000][info][gc,metaspace   ] GC(545) Metaspace: 100K(320K)->100K(320K) NonClass: 96K(192K)->96K(192K) Class: 4K(128K)->4K(128K)
[2024-08-28T13:06:12.570+0000][info][gc             ] GC(545) Pause Young (Mixed) (G1 Evacuation Pause) 877M->780M(1024M) 12.920ms
[2024-08-28T13:06:12.570+0000][info][gc,cpu         ] GC(545) User=0.27s Sys=0.01s Real=0.02s
[2024-08-28T13:06:12.594+0000][info][gc,start       ] GC(546) Pause Young (Mixed) (G1 Evacuation Pause)
[2024-08-28T13:06:12.594+0000][info][gc,task        ] GC(546) Using 24 workers of 68 for evacuation
[2024-08-28T13:06:12.607+0000][info][gc,phases      ] GC(546)   Pre Evacuate Collection Set: 0.2ms
[2024-08-28T13:06:12.607+0000][info][gc,phases      ] GC(546)   Merge Heap Roots: 0.4ms
[2024-08-28T13:06:12.607+0000][info][gc,phases      ] GC(546)   Evacuate Collection Set: 11.9ms
[2024-08-28T13:06:12.607+0000][info][gc,phases      ] GC(546)   Post Evacuate Collection Set: 0.4ms
[2024-08-28T13:06:12.607+0000][info][gc,phases      ] GC(546)   Other: 0.3ms
[2024-08-28T13:06:12.607+0000][info][gc,heap        ] GC(546) Eden regions: 44->0(44)
[2024-08-28T13:06:12.607+0000][info][gc,heap        ] GC(546) Survivor regions: 7->7(7)
[2024-08-28T13:06:12.607+0000][info][gc,heap        ] GC(546) Old regions: 768->795
[2024-08-28T13:06:12.607+0000][info][gc,heap        ] GC(546) Archive regions: 2->2
[2024-08-28T13:06:12.608+0000][info][gc,heap        ] GC(546) Humongous regions: 5->5
[2024-08-28T13:06:12.608+0000][info][gc,metaspace   ] GC(546) Metaspace: 100K(320K)->100K(320K) NonClass: 96K(192K)->96K(192K) Class: 4K(128K)->4K(128K)
[2024-08-28T13:06:12.608+0000][info][gc             ] GC(546) Pause Young (Mixed) (G1 Evacuation Pause) 824M->807M(1024M) 13.344ms
[2024-08-28T13:06:12.608+0000][info][gc,cpu         ] GC(546) User=0.29s Sys=0.00s Real=0.01s
[2024-08-28T13:06:12.633+0000][info][gc,start       ] GC(547) Pause Young (Concurrent Start) (G1 Evacuation Pause)
[2024-08-28T13:06:12.633+0000][info][gc,task        ] GC(547) Using 24 workers of 68 for evacuation
[2024-08-28T13:06:12.645+0000][info][gc,phases      ] GC(547)   Pre Evacuate Collection Set: 0.2ms
[2024-08-28T13:06:12.645+0000][info][gc,phases      ] GC(547)   Merge Heap Roots: 0.4ms
[2024-08-28T13:06:12.645+0000][info][gc,phases      ] GC(547)   Evacuate Collection Set: 10.5ms
[2024-08-28T13:06:12.645+0000][info][gc,phases      ] GC(547)   Post Evacuate Collection Set: 0.4ms
[2024-08-28T13:06:12.645+0000][info][gc,phases      ] GC(547)   Other: 1.0ms
[2024-08-28T13:06:12.645+0000][info][gc,heap        ] GC(547) Eden regions: 44->0(44)
[2024-08-28T13:06:12.645+0000][info][gc,heap        ] GC(547) Survivor regions: 7->7(7)
[2024-08-28T13:06:12.645+0000][info][gc,heap        ] GC(547) Old regions: 795->843
[2024-08-28T13:06:12.645+0000][info][gc,heap        ] GC(547) Archive regions: 2->2
[2024-08-28T13:06:12.645+0000][info][gc,heap        ] GC(547) Humongous regions: 5->5
[2024-08-28T13:06:12.645+0000][info][gc,metaspace   ] GC(547) Metaspace: 100K(320K)->100K(320K) NonClass: 96K(192K)->96K(192K) Class: 4K(128K)->4K(128K)
[2024-08-28T13:06:12.645+0000][info][gc             ] GC(547) Pause Young (Concurrent Start) (G1 Evacuation Pause) 851M->855M(1024M) 12.650ms
[2024-08-28T13:06:12.646+0000][info][gc,cpu         ] GC(547) User=0.26s Sys=0.00s Real=0.01s
[2024-08-28T13:06:12.646+0000][info][gc             ] GC(548) Concurrent Mark Cycle
[2024-08-28T13:06:12.646+0000][info][gc,marking     ] GC(548) Concurrent Clear Claimed Marks
[2024-08-28T13:06:12.646+0000][info][gc,marking     ] GC(548) Concurrent Clear Claimed Marks 0.014ms
[2024-08-28T13:06:12.646+0000][info][gc,marking     ] GC(548) Concurrent Scan Root Regions
[2024-08-28T13:06:12.647+0000][info][gc,marking     ] GC(548) Concurrent Scan Root Regions 1.806ms
[2024-08-28T13:06:12.648+0000][info][gc,marking     ] GC(548) Concurrent Mark
[2024-08-28T13:06:12.648+0000][info][gc,marking     ] GC(548) Concurrent Mark From Roots
[2024-08-28T13:06:12.648+0000][info][gc,task        ] GC(548) Using 17 workers of 17 for marking
[2024-08-28T13:06:12.674+0000][info][gc,marking     ] GC(548) Concurrent Mark From Roots 26.820ms
[2024-08-28T13:06:12.674+0000][info][gc,marking     ] GC(548) Concurrent Preclean
[2024-08-28T13:06:12.675+0000][info][gc,marking     ] GC(548) Concurrent Preclean 0.617ms
[2024-08-28T13:06:12.675+0000][info][gc,start       ] GC(548) Pause Remark
[2024-08-28T13:06:12.677+0000][info][gc             ] GC(548) Pause Remark 887M->887M(1024M) 2.038ms
[2024-08-28T13:06:12.678+0000][info][gc,cpu         ] GC(548) User=0.01s Sys=0.00s Real=0.01s
[2024-08-28T13:06:12.678+0000][info][gc,marking     ] GC(548) Concurrent Mark 30.049ms
[2024-08-28T13:06:12.678+0000][info][gc,marking     ] GC(548) Concurrent Rebuild Remembered Sets
[2024-08-28T13:06:12.686+0000][info][gc,start       ] GC(549) Pause Young (Normal) (G1 Evacuation Pause)
[2024-08-28T13:06:12.686+0000][info][gc,task        ] GC(549) Using 24 workers of 68 for evacuation
[2024-08-28T13:06:12.698+0000][info][gc,phases      ] GC(549)   Pre Evacuate Collection Set: 0.2ms
[2024-08-28T13:06:12.698+0000][info][gc,phases      ] GC(549)   Merge Heap Roots: 0.4ms
[2024-08-28T13:06:12.698+0000][info][gc,phases      ] GC(549)   Evacuate Collection Set: 10.8ms
[2024-08-28T13:06:12.698+0000][info][gc,phases      ] GC(549)   Post Evacuate Collection Set: 0.5ms
[2024-08-28T13:06:12.698+0000][info][gc,phases      ] GC(549)   Other: 0.3ms
[2024-08-28T13:06:12.698+0000][info][gc,heap        ] GC(549) Eden regions: 44->0(44)
[2024-08-28T13:06:12.698+0000][info][gc,heap        ] GC(549) Survivor regions: 7->7(7)
[2024-08-28T13:06:12.698+0000][info][gc,heap        ] GC(549) Old regions: 843->889
[2024-08-28T13:06:12.698+0000][info][gc,heap        ] GC(549) Archive regions: 2->2
[2024-08-28T13:06:12.698+0000][info][gc,heap        ] GC(549) Humongous regions: 5->5
[2024-08-28T13:06:12.698+0000][info][gc,metaspace   ] GC(549) Metaspace: 100K(320K)->100K(320K) NonClass: 96K(192K)->96K(192K) Class: 4K(128K)->4K(128K)
[2024-08-28T13:06:12.698+0000][info][gc             ] GC(549) Pause Young (Normal) (G1 Evacuation Pause) 899M->901M(1024M) 12.301ms
[2024-08-28T13:06:12.698+0000][info][gc,cpu         ] GC(549) User=0.26s Sys=0.02s Real=0.02s
[2024-08-28T13:06:12.731+0000][info][gc,start       ] GC(550) Pause Young (Normal) (G1 Evacuation Pause)
[2024-08-28T13:06:12.731+0000][info][gc,task        ] GC(550) Using 24 workers of 68 for evacuation
[2024-08-28T13:06:12.747+0000][info][gc,phases      ] GC(550)   Pre Evacuate Collection Set: 0.2ms
[2024-08-28T13:06:12.747+0000][info][gc,phases      ] GC(550)   Merge Heap Roots: 0.5ms
[2024-08-28T13:06:12.747+0000][info][gc,phases      ] GC(550)   Evacuate Collection Set: 14.2ms
[2024-08-28T13:06:12.747+0000][info][gc,phases      ] GC(550)   Post Evacuate Collection Set: 0.6ms
[2024-08-28T13:06:12.747+0000][info][gc,phases      ] GC(550)   Other: 0.3ms
[2024-08-28T13:06:12.747+0000][info][gc,heap        ] GC(550) Eden regions: 44->0(44)
[2024-08-28T13:06:12.747+0000][info][gc,heap        ] GC(550) Survivor regions: 7->7(7)
[2024-08-28T13:06:12.747+0000][info][gc,heap        ] GC(550) Old regions: 889->935
[2024-08-28T13:06:12.747+0000][info][gc,heap        ] GC(550) Archive regions: 2->2
[2024-08-28T13:06:12.747+0000][info][gc,heap        ] GC(550) Humongous regions: 5->5
[2024-08-28T13:06:12.747+0000][info][gc,metaspace   ] GC(550) Metaspace: 100K(320K)->100K(320K) NonClass: 96K(192K)->96K(192K) Class: 4K(128K)->4K(128K)
[2024-08-28T13:06:12.747+0000][info][gc             ] GC(550) Pause Young (Normal) (G1 Evacuation Pause) 945M->947M(1024M) 15.931ms
[2024-08-28T13:06:12.747+0000][info][gc,cpu         ] GC(550) User=0.36s Sys=0.00s Real=0.01s
[2024-08-28T13:06:12.762+0000][info][gc,marking     ] GC(548) Concurrent Rebuild Remembered Sets 84.305ms
[2024-08-28T13:06:12.762+0000][info][gc,start       ] GC(548) Pause Cleanup
[2024-08-28T13:06:12.765+0000][info][gc             ] GC(548) Pause Cleanup 968M->968M(1024M) 3.250ms
[2024-08-28T13:06:12.766+0000][info][gc,cpu         ] GC(548) User=0.01s Sys=0.00s Real=0.00s
[2024-08-28T13:06:12.766+0000][info][gc,marking     ] GC(548) Concurrent Cleanup for Next Mark
[2024-08-28T13:06:12.767+0000][info][gc,marking     ] GC(548) Concurrent Cleanup for Next Mark 0.904ms
[2024-08-28T13:06:12.767+0000][info][gc             ] GC(548) Concurrent Mark Cycle 120.956ms
[2024-08-28T13:06:12.774+0000][info][gc,start       ] GC(551) Pause Young (Prepare Mixed) (G1 Preventive Collection)
[2024-08-28T13:06:12.774+0000][info][gc,task        ] GC(551) Using 24 workers of 68 for evacuation
[2024-08-28T13:06:12.790+0000][info][gc,phases      ] GC(551)   Pre Evacuate Collection Set: 0.2ms
[2024-08-28T13:06:12.790+0000][info][gc,phases      ] GC(551)   Merge Heap Roots: 0.4ms
[2024-08-28T13:06:12.790+0000][info][gc,phases      ] GC(551)   Evacuate Collection Set: 14.5ms
[2024-08-28T13:06:12.790+0000][info][gc,phases      ] GC(551)   Post Evacuate Collection Set: 0.4ms
[2024-08-28T13:06:12.790+0000][info][gc,phases      ] GC(551)   Other: 0.3ms
[2024-08-28T13:06:12.790+0000][info][gc,heap        ] GC(551) Eden regions: 32->0(44)
[2024-08-28T13:06:12.790+0000][info][gc,heap        ] GC(551) Survivor regions: 7->7(7)
[2024-08-28T13:06:12.790+0000][info][gc,heap        ] GC(551) Old regions: 935->970
[2024-08-28T13:06:12.790+0000][info][gc,heap        ] GC(551) Archive regions: 2->2
[2024-08-28T13:06:12.790+0000][info][gc,heap        ] GC(551) Humongous regions: 5->5
[2024-08-28T13:06:12.790+0000][info][gc,metaspace   ] GC(551) Metaspace: 100K(320K)->100K(320K) NonClass: 96K(192K)->96K(192K) Class: 4K(128K)->4K(128K)
[2024-08-28T13:06:12.790+0000][info][gc             ] GC(551) Pause Young (Prepare Mixed) (G1 Preventive Collection) 979M->982M(1024M) 15.913ms
[2024-08-28T13:06:12.790+0000][info][gc,cpu         ] GC(551) User=0.36s Sys=0.01s Real=0.02s
[2024-08-28T13:06:12.800+0000][info][gc,start       ] GC(552) Pause Young (Mixed) (G1 Preventive Collection)
[2024-08-28T13:06:12.801+0000][info][gc,task        ] GC(552) Using 24 workers of 68 for evacuation
[2024-08-28T13:06:12.808+0000][info][gc,phases      ] GC(552)   Pre Evacuate Collection Set: 0.2ms
[2024-08-28T13:06:12.808+0000][info][gc,phases      ] GC(552)   Merge Heap Roots: 0.3ms
[2024-08-28T13:06:12.808+0000][info][gc,phases      ] GC(552)   Evacuate Collection Set: 6.3ms
[2024-08-28T13:06:12.808+0000][info][gc,phases      ] GC(552)   Post Evacuate Collection Set: 0.4ms
[2024-08-28T13:06:12.808+0000][info][gc,phases      ] GC(552)   Other: 0.3ms
[2024-08-28T13:06:12.808+0000][info][gc,heap        ] GC(552) Eden regions: 15->0(44)
[2024-08-28T13:06:12.808+0000][info][gc,heap        ] GC(552) Survivor regions: 7->7(7)
[2024-08-28T13:06:12.808+0000][info][gc,heap        ] GC(552) Old regions: 970->885
[2024-08-28T13:06:12.808+0000][info][gc,heap        ] GC(552) Archive regions: 2->2
[2024-08-28T13:06:12.808+0000][info][gc,heap        ] GC(552) Humongous regions: 5->5
[2024-08-28T13:06:12.808+0000][info][gc,metaspace   ] GC(552) Metaspace: 100K(320K)->100K(320K) NonClass: 96K(192K)->96K(192K) Class: 4K(128K)->4K(128K)
[2024-08-28T13:06:12.808+0000][info][gc             ] GC(552) Pause Young (Mixed) (G1 Preventive Collection) 997M->897M(1024M) 7.736ms
[2024-08-28T13:06:12.808+0000][info][gc,cpu         ] GC(552) User=0.15s Sys=0.00s Real=0.00s
[2024-08-28T13:06:12.835+0000][info][gc,start       ] GC(553) Pause Young (Mixed) (G1 Evacuation Pause)
[2024-08-28T13:06:12.835+0000][info][gc,task        ] GC(553) Using 24 workers of 68 for evacuation
[2024-08-28T13:06:12.847+0000][info][gc,phases      ] GC(553)   Pre Evacuate Collection Set: 0.2ms
[2024-08-28T13:06:12.847+0000][info][gc,phases      ] GC(553)   Merge Heap Roots: 0.3ms
[2024-08-28T13:06:12.847+0000][info][gc,phases      ] GC(553)   Evacuate Collection Set: 11.0ms
[2024-08-28T13:06:12.847+0000][info][gc,phases      ] GC(553)   Post Evacuate Collection Set: 0.5ms
[2024-08-28T13:06:12.847+0000][info][gc,phases      ] GC(553)   Other: 0.3ms
[2024-08-28T13:06:12.847+0000][info][gc,heap        ] GC(553) Eden regions: 44->0(44)
[2024-08-28T13:06:12.847+0000][info][gc,heap        ] GC(553) Survivor regions: 7->7(7)
[2024-08-28T13:06:12.847+0000][info][gc,heap        ] GC(553) Old regions: 885->826
[2024-08-28T13:06:12.847+0000][info][gc,heap        ] GC(553) Archive regions: 2->2
[2024-08-28T13:06:12.847+0000][info][gc,heap        ] GC(553) Humongous regions: 5->5
[2024-08-28T13:06:12.847+0000][info][gc,metaspace   ] GC(553) Metaspace: 100K(320K)->100K(320K) NonClass: 96K(192K)->96K(192K) Class: 4K(128K)->4K(128K)
[2024-08-28T13:06:12.847+0000][info][gc             ] GC(553) Pause Young (Mixed) (G1 Evacuation Pause) 941M->838M(1024M) 12.480ms
[2024-08-28T13:06:12.847+0000][info][gc,cpu         ] GC(553) User=0.27s Sys=0.00s Real=0.01s
[2024-08-28T13:06:12.874+0000][info][gc,start       ] GC(554) Pause Young (Mixed) (G1 Evacuation Pause)
[2024-08-28T13:06:12.874+0000][info][gc,task        ] GC(554) Using 24 workers of 68 for evacuation
[2024-08-28T13:06:12.886+0000][info][gc,phases      ] GC(554)   Pre Evacuate Collection Set: 0.3ms
[2024-08-28T13:06:12.886+0000][info][gc,phases      ] GC(554)   Merge Heap Roots: 0.4ms
[2024-08-28T13:06:12.886+0000][info][gc,phases      ] GC(554)   Evacuate Collection Set: 11.0ms
[2024-08-28T13:06:12.886+0000][info][gc,phases      ] GC(554)   Post Evacuate Collection Set: 0.4ms
[2024-08-28T13:06:12.886+0000][info][gc,phases      ] GC(554)   Other: 0.4ms
[2024-08-28T13:06:12.886+0000][info][gc,heap        ] GC(554) Eden regions: 44->0(44)
[2024-08-28T13:06:12.886+0000][info][gc,heap        ] GC(554) Survivor regions: 7->7(7)
[2024-08-28T13:06:12.886+0000][info][gc,heap        ] GC(554) Old regions: 826->770
[2024-08-28T13:06:12.886+0000][info][gc,heap        ] GC(554) Archive regions: 2->2
[2024-08-28T13:06:12.886+0000][info][gc,heap        ] GC(554) Humongous regions: 5->5
[2024-08-28T13:06:12.886+0000][info][gc,metaspace   ] GC(554) Metaspace: 100K(320K)->100K(320K) NonClass: 96K(192K)->96K(192K) Class: 4K(128K)->4K(128K)
[2024-08-28T13:06:12.886+0000][info][gc             ] GC(554) Pause Young (Mixed) (G1 Evacuation Pause) 882M->782M(1024M) 12.610ms
[2024-08-28T13:06:12.886+0000][info][gc,cpu         ] GC(554) User=0.19s Sys=0.08s Real=0.01s
[2024-08-28T13:06:12.914+0000][info][gc,start       ] GC(555) Pause Young (Mixed) (G1 Evacuation Pause)
[2024-08-28T13:06:12.914+0000][info][gc,task        ] GC(555) Using 24 workers of 68 for evacuation
[2024-08-28T13:06:12.926+0000][info][gc,phases      ] GC(555)   Pre Evacuate Collection Set: 0.2ms
[2024-08-28T13:06:12.926+0000][info][gc,phases      ] GC(555)   Merge Heap Roots: 0.3ms
[2024-08-28T13:06:12.926+0000][info][gc,phases      ] GC(555)   Evacuate Collection Set: 11.2ms
[2024-08-28T13:06:12.926+0000][info][gc,phases      ] GC(555)   Post Evacuate Collection Set: 0.5ms
[2024-08-28T13:06:12.926+0000][info][gc,phases      ] GC(555)   Other: 0.4ms
[2024-08-28T13:06:12.926+0000][info][gc,heap        ] GC(555) Eden regions: 44->0(44)
[2024-08-28T13:06:12.926+0000][info][gc,heap        ] GC(555) Survivor regions: 7->7(7)
[2024-08-28T13:06:12.926+0000][info][gc,heap        ] GC(555) Old regions: 770->776
[2024-08-28T13:06:12.926+0000][info][gc,heap        ] GC(555) Archive regions: 2->2
[2024-08-28T13:06:12.926+0000][info][gc,heap        ] GC(555) Humongous regions: 5->5
[2024-08-28T13:06:12.926+0000][info][gc,metaspace   ] GC(555) Metaspace: 100K(320K)->100K(320K) NonClass: 96K(192K)->96K(192K) Class: 4K(128K)->4K(128K)
[2024-08-28T13:06:12.926+0000][info][gc             ] GC(555) Pause Young (Mixed) (G1 Evacuation Pause) 826M->788M(1024M) 12.653ms
[2024-08-28T13:06:12.926+0000][info][gc,cpu         ] GC(555) User=0.27s Sys=0.00s Real=0.01s
[2024-08-28T13:06:12.953+0000][info][gc,start       ] GC(556) Pause Young (Concurrent Start) (G1 Evacuation Pause)
[2024-08-28T13:06:12.953+0000][info][gc,task        ] GC(556) Using 24 workers of 68 for evacuation
[2024-08-28T13:06:12.965+0000][info][gc,phases      ] GC(556)   Pre Evacuate Collection Set: 0.2ms
[2024-08-28T13:06:12.966+0000][info][gc,phases      ] GC(556)   Merge Heap Roots: 0.2ms
[2024-08-28T13:06:12.966+0000][info][gc,phases      ] GC(556)   Evacuate Collection Set: 10.7ms
[2024-08-28T13:06:12.966+0000][info][gc,phases      ] GC(556)   Post Evacuate Collection Set: 0.4ms
[2024-08-28T13:06:12.966+0000][info][gc,phases      ] GC(556)   Other: 1.1ms
[2024-08-28T13:06:12.966+0000][info][gc,heap        ] GC(556) Eden regions: 44->0(44)
[2024-08-28T13:06:12.966+0000][info][gc,heap        ] GC(556) Survivor regions: 7->7(7)
[2024-08-28T13:06:12.966+0000][info][gc,heap        ] GC(556) Old regions: 776->823
[2024-08-28T13:06:12.966+0000][info][gc,heap        ] GC(556) Archive regions: 2->2
[2024-08-28T13:06:12.966+0000][info][gc,heap        ] GC(556) Humongous regions: 5->5
[2024-08-28T13:06:12.966+0000][info][gc,metaspace   ] GC(556) Metaspace: 100K(320K)->100K(320K) NonClass: 96K(192K)->96K(192K) Class: 4K(128K)->4K(128K)
[2024-08-28T13:06:12.966+0000][info][gc             ] GC(556) Pause Young (Concurrent Start) (G1 Evacuation Pause) 832M->835M(1024M) 12.743ms
[2024-08-28T13:06:12.966+0000][info][gc,cpu         ] GC(556) User=0.26s Sys=0.00s Real=0.01s
[2024-08-28T13:06:12.966+0000][info][gc             ] GC(557) Concurrent Mark Cycle
[2024-08-28T13:06:12.966+0000][info][gc,marking     ] GC(557) Concurrent Clear Claimed Marks
[2024-08-28T13:06:12.966+0000][info][gc,marking     ] GC(557) Concurrent Clear Claimed Marks 0.012ms
[2024-08-28T13:06:12.966+0000][info][gc,marking     ] GC(557) Concurrent Scan Root Regions
[2024-08-28T13:06:12.968+0000][info][gc,marking     ] GC(557) Concurrent Scan Root Regions 1.947ms
[2024-08-28T13:06:12.968+0000][info][gc,marking     ] GC(557) Concurrent Mark
[2024-08-28T13:06:12.968+0000][info][gc,marking     ] GC(557) Concurrent Mark From Roots
[2024-08-28T13:06:12.968+0000][info][gc,task        ] GC(557) Using 17 workers of 17 for marking
[2024-08-28T13:06:12.994+0000][info][gc,marking     ] GC(557) Concurrent Mark From Roots 25.882ms
[2024-08-28T13:06:12.994+0000][info][gc,marking     ] GC(557) Concurrent Preclean
[2024-08-28T13:06:12.995+0000][info][gc,marking     ] GC(557) Concurrent Preclean 1.413ms
[2024-08-28T13:06:12.996+0000][info][gc,start       ] GC(557) Pause Remark
[2024-08-28T13:06:12.998+0000][info][gc             ] GC(557) Pause Remark 867M->867M(1024M) 1.951ms
[2024-08-28T13:06:12.998+0000][info][gc,cpu         ] GC(557) User=0.00s Sys=0.01s Real=0.01s
[2024-08-28T13:06:12.998+0000][info][gc,marking     ] GC(557) Concurrent Mark 29.745ms
[2024-08-28T13:06:12.998+0000][info][gc,marking     ] GC(557) Concurrent Rebuild Remembered Sets
[2024-08-28T13:06:13.006+0000][info][gc,start       ] GC(558) Pause Young (Normal) (G1 Evacuation Pause)
[2024-08-28T13:06:13.006+0000][info][gc,task        ] GC(558) Using 24 workers of 68 for evacuation
[2024-08-28T13:06:13.018+0000][info][gc,phases      ] GC(558)   Pre Evacuate Collection Set: 0.2ms
[2024-08-28T13:06:13.018+0000][info][gc,phases      ] GC(558)   Merge Heap Roots: 0.4ms
[2024-08-28T13:06:13.018+0000][info][gc,phases      ] GC(558)   Evacuate Collection Set: 10.5ms
[2024-08-28T13:06:13.018+0000][info][gc,phases      ] GC(558)   Post Evacuate Collection Set: 0.5ms
[2024-08-28T13:06:13.018+0000][info][gc,phases      ] GC(558)   Other: 0.3ms
[2024-08-28T13:06:13.018+0000][info][gc,heap        ] GC(558) Eden regions: 44->0(44)
[2024-08-28T13:06:13.018+0000][info][gc,heap        ] GC(558) Survivor regions: 7->7(7)
[2024-08-28T13:06:13.018+0000][info][gc,heap        ] GC(558) Old regions: 823->870
[2024-08-28T13:06:13.018+0000][info][gc,heap        ] GC(558) Archive regions: 2->2
[2024-08-28T13:06:13.018+0000][info][gc,heap        ] GC(558) Humongous regions: 5->5
[2024-08-28T13:06:13.018+0000][info][gc,metaspace   ] GC(558) Metaspace: 100K(320K)->100K(320K) NonClass: 96K(192K)->96K(192K) Class: 4K(128K)->4K(128K)
[2024-08-28T13:06:13.018+0000][info][gc             ] GC(558) Pause Young (Normal) (G1 Evacuation Pause) 879M->882M(1024M) 12.007ms
[2024-08-28T13:06:13.018+0000][info][gc,cpu         ] GC(558) User=0.26s Sys=0.01s Real=0.02s
[2024-08-28T13:06:13.052+0000][info][gc,start       ] GC(559) Pause Young (Normal) (G1 Evacuation Pause)
[2024-08-28T13:06:13.052+0000][info][gc,task        ] GC(559) Using 24 workers of 68 for evacuation
[2024-08-28T13:06:13.068+0000][info][gc,phases      ] GC(559)   Pre Evacuate Collection Set: 0.2ms
[2024-08-28T13:06:13.068+0000][info][gc,phases      ] GC(559)   Merge Heap Roots: 0.3ms
[2024-08-28T13:06:13.068+0000][info][gc,phases      ] GC(559)   Evacuate Collection Set: 14.7ms
[2024-08-28T13:06:13.068+0000][info][gc,phases      ] GC(559)   Post Evacuate Collection Set: 0.6ms
[2024-08-28T13:06:13.068+0000][info][gc,phases      ] GC(559)   Other: 0.3ms
[2024-08-28T13:06:13.068+0000][info][gc,heap        ] GC(559) Eden regions: 44->0(44)
[2024-08-28T13:06:13.068+0000][info][gc,heap        ] GC(559) Survivor regions: 7->7(7)
[2024-08-28T13:06:13.068+0000][info][gc,heap        ] GC(559) Old regions: 870->916
[2024-08-28T13:06:13.068+0000][info][gc,heap        ] GC(559) Archive regions: 2->2
[2024-08-28T13:06:13.068+0000][info][gc,heap        ] GC(559) Humongous regions: 5->5
[2024-08-28T13:06:13.068+0000][info][gc,metaspace   ] GC(559) Metaspace: 100K(320K)->100K(320K) NonClass: 96K(192K)->96K(192K) Class: 4K(128K)->4K(128K)
[2024-08-28T13:06:13.068+0000][info][gc             ] GC(559) Pause Young (Normal) (G1 Evacuation Pause) 926M->928M(1024M) 16.271ms
[2024-08-28T13:06:13.068+0000][info][gc,cpu         ] GC(559) User=0.36s Sys=0.00s Real=0.01s
[2024-08-28T13:06:13.082+0000][info][gc,marking     ] GC(557) Concurrent Rebuild Remembered Sets 84.177ms
[2024-08-28T13:06:13.082+0000][info][gc,start       ] GC(557) Pause Cleanup
[2024-08-28T13:06:13.085+0000][info][gc             ] GC(557) Pause Cleanup 948M->948M(1024M) 3.050ms
[2024-08-28T13:06:13.085+0000][info][gc,cpu         ] GC(557) User=0.00s Sys=0.00s Real=0.00s
[2024-08-28T13:06:13.085+0000][info][gc,marking     ] GC(557) Concurrent Cleanup for Next Mark
[2024-08-28T13:06:13.086+0000][info][gc,marking     ] GC(557) Concurrent Cleanup for Next Mark 0.890ms
[2024-08-28T13:06:13.086+0000][info][gc             ] GC(557) Concurrent Mark Cycle 120.519ms
[2024-08-28T13:06:13.101+0000][info][gc,start       ] GC(560) Pause Young (Prepare Mixed) (G1 Preventive Collection)
[2024-08-28T13:06:13.101+0000][info][gc,task        ] GC(560) Using 24 workers of 68 for evacuation
[2024-08-28T13:06:13.119+0000][info][gc,phases      ] GC(560)   Pre Evacuate Collection Set: 0.2ms
[2024-08-28T13:06:13.119+0000][info][gc,phases      ] GC(560)   Merge Heap Roots: 0.7ms
[2024-08-28T13:06:13.119+0000][info][gc,phases      ] GC(560)   Evacuate Collection Set: 16.3ms
[2024-08-28T13:06:13.119+0000][info][gc,phases      ] GC(560)   Post Evacuate Collection Set: 0.4ms
[2024-08-28T13:06:13.119+0000][info][gc,phases      ] GC(560)   Other: 0.3ms
[2024-08-28T13:06:13.119+0000][info][gc,heap        ] GC(560) Eden regions: 41->0(44)
[2024-08-28T13:06:13.119+0000][info][gc,heap        ] GC(560) Survivor regions: 7->7(7)
[2024-08-28T13:06:13.119+0000][info][gc,heap        ] GC(560) Old regions: 916->960
[2024-08-28T13:06:13.119+0000][info][gc,heap        ] GC(560) Archive regions: 2->2
[2024-08-28T13:06:13.119+0000][info][gc,heap        ] GC(560) Humongous regions: 5->5
[2024-08-28T13:06:13.119+0000][info][gc,metaspace   ] GC(560) Metaspace: 100K(320K)->100K(320K) NonClass: 96K(192K)->96K(192K) Class: 4K(128K)->4K(128K)
[2024-08-28T13:06:13.119+0000][info][gc             ] GC(560) Pause Young (Prepare Mixed) (G1 Preventive Collection) 969M->972M(1024M) 18.049ms
[2024-08-28T13:06:13.119+0000][info][gc,cpu         ] GC(560) User=0.40s Sys=0.00s Real=0.02s
[2024-08-28T13:06:13.133+0000][info][gc,start       ] GC(561) Pause Young (Mixed) (G1 Preventive Collection)
[2024-08-28T13:06:13.133+0000][info][gc,task        ] GC(561) Using 24 workers of 68 for evacuation
[2024-08-28T13:06:13.141+0000][info][gc,phases      ] GC(561)   Pre Evacuate Collection Set: 0.2ms
[2024-08-28T13:06:13.141+0000][info][gc,phases      ] GC(561)   Merge Heap Roots: 0.4ms
[2024-08-28T13:06:13.141+0000][info][gc,phases      ] GC(561)   Evacuate Collection Set: 7.5ms
[2024-08-28T13:06:13.141+0000][info][gc,phases      ] GC(561)   Post Evacuate Collection Set: 0.4ms
[2024-08-28T13:06:13.141+0000][info][gc,phases      ] GC(561)   Other: 0.3ms
[2024-08-28T13:06:13.142+0000][info][gc,heap        ] GC(561) Eden regions: 20->0(44)
[2024-08-28T13:06:13.142+0000][info][gc,heap        ] GC(561) Survivor regions: 7->7(7)
[2024-08-28T13:06:13.142+0000][info][gc,heap        ] GC(561) Old regions: 960->880
[2024-08-28T13:06:13.142+0000][info][gc,heap        ] GC(561) Archive regions: 2->2
[2024-08-28T13:06:13.142+0000][info][gc,heap        ] GC(561) Humongous regions: 5->5
[2024-08-28T13:06:13.142+0000][info][gc,metaspace   ] GC(561) Metaspace: 100K(320K)->100K(320K) NonClass: 96K(192K)->96K(192K) Class: 4K(128K)->4K(128K)
[2024-08-28T13:06:13.142+0000][info][gc             ] GC(561) Pause Young (Mixed) (G1 Preventive Collection) 992M->892M(1024M) 8.966ms
[2024-08-28T13:06:13.142+0000][info][gc,cpu         ] GC(561) User=0.18s Sys=0.00s Real=0.01s
[2024-08-28T13:06:13.168+0000][info][gc,start       ] GC(562) Pause Young (Mixed) (G1 Evacuation Pause)
[2024-08-28T13:06:13.168+0000][info][gc,task        ] GC(562) Using 24 workers of 68 for evacuation
[2024-08-28T13:06:13.181+0000][info][gc,phases      ] GC(562)   Pre Evacuate Collection Set: 0.2ms
[2024-08-28T13:06:13.181+0000][info][gc,phases      ] GC(562)   Merge Heap Roots: 0.4ms
[2024-08-28T13:06:13.181+0000][info][gc,phases      ] GC(562)   Evacuate Collection Set: 10.9ms
[2024-08-28T13:06:13.181+0000][info][gc,phases      ] GC(562)   Post Evacuate Collection Set: 0.4ms
[2024-08-28T13:06:13.181+0000][info][gc,phases      ] GC(562)   Other: 0.3ms
[2024-08-28T13:06:13.181+0000][info][gc,heap        ] GC(562) Eden regions: 44->0(44)
[2024-08-28T13:06:13.181+0000][info][gc,heap        ] GC(562) Survivor regions: 7->7(7)
[2024-08-28T13:06:13.181+0000][info][gc,heap        ] GC(562) Old regions: 880->822
[2024-08-28T13:06:13.181+0000][info][gc,heap        ] GC(562) Archive regions: 2->2
[2024-08-28T13:06:13.181+0000][info][gc,heap        ] GC(562) Humongous regions: 5->5
[2024-08-28T13:06:13.181+0000][info][gc,metaspace   ] GC(562) Metaspace: 100K(320K)->100K(320K) NonClass: 96K(192K)->96K(192K) Class: 4K(128K)->4K(128K)
[2024-08-28T13:06:13.181+0000][info][gc             ] GC(562) Pause Young (Mixed) (G1 Evacuation Pause) 936M->834M(1024M) 12.299ms
[2024-08-28T13:06:13.181+0000][info][gc,cpu         ] GC(562) User=0.27s Sys=0.00s Real=0.02s
[2024-08-28T13:06:13.207+0000][info][gc,start       ] GC(563) Pause Young (Mixed) (G1 Evacuation Pause)
[2024-08-28T13:06:13.208+0000][info][gc,task        ] GC(563) Using 24 workers of 68 for evacuation
[2024-08-28T13:06:13.220+0000][info][gc,phases      ] GC(563)   Pre Evacuate Collection Set: 0.2ms
[2024-08-28T13:06:13.220+0000][info][gc,phases      ] GC(563)   Merge Heap Roots: 0.4ms
[2024-08-28T13:06:13.220+0000][info][gc,phases      ] GC(563)   Evacuate Collection Set: 11.3ms
[2024-08-28T13:06:13.220+0000][info][gc,phases      ] GC(563)   Post Evacuate Collection Set: 0.4ms
[2024-08-28T13:06:13.220+0000][info][gc,phases      ] GC(563)   Other: 0.2ms
[2024-08-28T13:06:13.220+0000][info][gc,heap        ] GC(563) Eden regions: 44->0(44)
[2024-08-28T13:06:13.220+0000][info][gc,heap        ] GC(563) Survivor regions: 7->7(7)
[2024-08-28T13:06:13.220+0000][info][gc,heap        ] GC(563) Old regions: 822->767
[2024-08-28T13:06:13.220+0000][info][gc,heap        ] GC(563) Archive regions: 2->2
[2024-08-28T13:06:13.220+0000][info][gc,heap        ] GC(563) Humongous regions: 5->5
[2024-08-28T13:06:13.220+0000][info][gc,metaspace   ] GC(563) Metaspace: 100K(320K)->100K(320K) NonClass: 96K(192K)->96K(192K) Class: 4K(128K)->4K(128K)
[2024-08-28T13:06:13.220+0000][info][gc             ] GC(563) Pause Young (Mixed) (G1 Evacuation Pause) 878M->779M(1024M) 12.705ms
[2024-08-28T13:06:13.220+0000][info][gc,cpu         ] GC(563) User=0.28s Sys=0.00s Real=0.02s
[2024-08-28T13:06:13.248+0000][info][gc,start       ] GC(564) Pause Young (Mixed) (G1 Evacuation Pause)
[2024-08-28T13:06:13.248+0000][info][gc,task        ] GC(564) Using 24 workers of 68 for evacuation
[2024-08-28T13:06:13.261+0000][info][gc,phases      ] GC(564)   Pre Evacuate Collection Set: 0.2ms
[2024-08-28T13:06:13.261+0000][info][gc,phases      ] GC(564)   Merge Heap Roots: 0.4ms
[2024-08-28T13:06:13.261+0000][info][gc,phases      ] GC(564)   Evacuate Collection Set: 11.9ms
[2024-08-28T13:06:13.261+0000][info][gc,phases      ] GC(564)   Post Evacuate Collection Set: 0.4ms
[2024-08-28T13:06:13.261+0000][info][gc,phases      ] GC(564)   Other: 0.3ms
[2024-08-28T13:06:13.261+0000][info][gc,heap        ] GC(564) Eden regions: 44->0(44)
[2024-08-28T13:06:13.261+0000][info][gc,heap        ] GC(564) Survivor regions: 7->7(7)
[2024-08-28T13:06:13.261+0000][info][gc,heap        ] GC(564) Old regions: 767->788
[2024-08-28T13:06:13.261+0000][info][gc,heap        ] GC(564) Archive regions: 2->2
[2024-08-28T13:06:13.261+0000][info][gc,heap        ] GC(564) Humongous regions: 5->5
[2024-08-28T13:06:13.261+0000][info][gc,metaspace   ] GC(564) Metaspace: 100K(320K)->100K(320K) NonClass: 96K(192K)->96K(192K) Class: 4K(128K)->4K(128K)
[2024-08-28T13:06:13.261+0000][info][gc             ] GC(564) Pause Young (Mixed) (G1 Evacuation Pause) 823M->800M(1024M) 13.324ms
[2024-08-28T13:06:13.261+0000][info][gc,cpu         ] GC(564) User=0.29s Sys=0.00s Real=0.02s
[2024-08-28T13:06:13.288+0000][info][gc,start       ] GC(565) Pause Young (Concurrent Start) (G1 Evacuation Pause)
[2024-08-28T13:06:13.289+0000][info][gc,task        ] GC(565) Using 24 workers of 68 for evacuation
[2024-08-28T13:06:13.301+0000][info][gc,phases      ] GC(565)   Pre Evacuate Collection Set: 0.2ms
[2024-08-28T13:06:13.301+0000][info][gc,phases      ] GC(565)   Merge Heap Roots: 0.4ms
[2024-08-28T13:06:13.301+0000][info][gc,phases      ] GC(565)   Evacuate Collection Set: 10.6ms
[2024-08-28T13:06:13.301+0000][info][gc,phases      ] GC(565)   Post Evacuate Collection Set: 0.4ms
[2024-08-28T13:06:13.301+0000][info][gc,phases      ] GC(565)   Other: 1.1ms
[2024-08-28T13:06:13.301+0000][info][gc,heap        ] GC(565) Eden regions: 44->0(44)
[2024-08-28T13:06:13.301+0000][info][gc,heap        ] GC(565) Survivor regions: 7->7(7)
[2024-08-28T13:06:13.301+0000][info][gc,heap        ] GC(565) Old regions: 788->836
[2024-08-28T13:06:13.301+0000][info][gc,heap        ] GC(565) Archive regions: 2->2
[2024-08-28T13:06:13.301+0000][info][gc,heap        ] GC(565) Humongous regions: 5->5
[2024-08-28T13:06:13.301+0000][info][gc,metaspace   ] GC(565) Metaspace: 100K(320K)->100K(320K) NonClass: 96K(192K)->96K(192K) Class: 4K(128K)->4K(128K)
[2024-08-28T13:06:13.301+0000][info][gc             ] GC(565) Pause Young (Concurrent Start) (G1 Evacuation Pause) 844M->848M(1024M) 12.794ms
[2024-08-28T13:06:13.301+0000][info][gc,cpu         ] GC(565) User=0.25s Sys=0.01s Real=0.02s
[2024-08-28T13:06:13.301+0000][info][gc             ] GC(566) Concurrent Mark Cycle
[2024-08-28T13:06:13.301+0000][info][gc,marking     ] GC(566) Concurrent Clear Claimed Marks
[2024-08-28T13:06:13.301+0000][info][gc,marking     ] GC(566) Concurrent Clear Claimed Marks 0.014ms
[2024-08-28T13:06:13.301+0000][info][gc,marking     ] GC(566) Concurrent Scan Root Regions
[2024-08-28T13:06:13.303+0000][info][gc,marking     ] GC(566) Concurrent Scan Root Regions 1.797ms
[2024-08-28T13:06:13.303+0000][info][gc,marking     ] GC(566) Concurrent Mark
[2024-08-28T13:06:13.303+0000][info][gc,marking     ] GC(566) Concurrent Mark From Roots
[2024-08-28T13:06:13.303+0000][info][gc,task        ] GC(566) Using 17 workers of 17 for marking
[2024-08-28T13:06:13.330+0000][info][gc,marking     ] GC(566) Concurrent Mark From Roots 27.009ms
[2024-08-28T13:06:13.330+0000][info][gc,marking     ] GC(566) Concurrent Preclean
[2024-08-28T13:06:13.331+0000][info][gc,marking     ] GC(566) Concurrent Preclean 0.503ms
[2024-08-28T13:06:13.331+0000][info][gc,start       ] GC(566) Pause Remark
[2024-08-28T13:06:13.333+0000][info][gc             ] GC(566) Pause Remark 880M->880M(1024M) 2.023ms
[2024-08-28T13:06:13.333+0000][info][gc,cpu         ] GC(566) User=0.00s Sys=0.00s Real=0.00s
[2024-08-28T13:06:13.333+0000][info][gc,marking     ] GC(566) Concurrent Mark 30.064ms
[2024-08-28T13:06:13.333+0000][info][gc,marking     ] GC(566) Concurrent Rebuild Remembered Sets
[2024-08-28T13:06:13.342+0000][info][gc,start       ] GC(567) Pause Young (Normal) (G1 Evacuation Pause)
[2024-08-28T13:06:13.342+0000][info][gc,task        ] GC(567) Using 24 workers of 68 for evacuation
[2024-08-28T13:06:13.354+0000][info][gc,phases      ] GC(567)   Pre Evacuate Collection Set: 0.2ms
[2024-08-28T13:06:13.354+0000][info][gc,phases      ] GC(567)   Merge Heap Roots: 0.2ms
[2024-08-28T13:06:13.354+0000][info][gc,phases      ] GC(567)   Evacuate Collection Set: 10.8ms
[2024-08-28T13:06:13.354+0000][info][gc,phases      ] GC(567)   Post Evacuate Collection Set: 0.5ms
[2024-08-28T13:06:13.354+0000][info][gc,phases      ] GC(567)   Other: 0.3ms
[2024-08-28T13:06:13.354+0000][info][gc,heap        ] GC(567) Eden regions: 44->0(44)
[2024-08-28T13:06:13.354+0000][info][gc,heap        ] GC(567) Survivor regions: 7->7(7)
[2024-08-28T13:06:13.354+0000][info][gc,heap        ] GC(567) Old regions: 836->883
[2024-08-28T13:06:13.354+0000][info][gc,heap        ] GC(567) Archive regions: 2->2
[2024-08-28T13:06:13.354+0000][info][gc,heap        ] GC(567) Humongous regions: 5->5
[2024-08-28T13:06:13.354+0000][info][gc,metaspace   ] GC(567) Metaspace: 100K(320K)->100K(320K) NonClass: 96K(192K)->96K(192K) Class: 4K(128K)->4K(128K)
[2024-08-28T13:06:13.354+0000][info][gc             ] GC(567) Pause Young (Normal) (G1 Evacuation Pause) 892M->895M(1024M) 12.125ms
[2024-08-28T13:06:13.354+0000][info][gc,cpu         ] GC(567) User=0.26s Sys=0.00s Real=0.01s
[2024-08-28T13:06:13.387+0000][info][gc,start       ] GC(568) Pause Young (Normal) (G1 Evacuation Pause)
[2024-08-28T13:06:13.387+0000][info][gc,task        ] GC(568) Using 24 workers of 68 for evacuation
[2024-08-28T13:06:13.403+0000][info][gc,phases      ] GC(568)   Pre Evacuate Collection Set: 0.2ms
[2024-08-28T13:06:13.403+0000][info][gc,phases      ] GC(568)   Merge Heap Roots: 0.5ms
[2024-08-28T13:06:13.403+0000][info][gc,phases      ] GC(568)   Evacuate Collection Set: 14.6ms
[2024-08-28T13:06:13.403+0000][info][gc,phases      ] GC(568)   Post Evacuate Collection Set: 0.6ms
[2024-08-28T13:06:13.403+0000][info][gc,phases      ] GC(568)   Other: 0.3ms
[2024-08-28T13:06:13.403+0000][info][gc,heap        ] GC(568) Eden regions: 44->0(44)
[2024-08-28T13:06:13.403+0000][info][gc,heap        ] GC(568) Survivor regions: 7->7(7)
[2024-08-28T13:06:13.403+0000][info][gc,heap        ] GC(568) Old regions: 883->929
[2024-08-28T13:06:13.403+0000][info][gc,heap        ] GC(568) Archive regions: 2->2
[2024-08-28T13:06:13.403+0000][info][gc,heap        ] GC(568) Humongous regions: 5->5
[2024-08-28T13:06:13.403+0000][info][gc,metaspace   ] GC(568) Metaspace: 100K(320K)->100K(320K) NonClass: 96K(192K)->96K(192K) Class: 4K(128K)->4K(128K)
[2024-08-28T13:06:13.403+0000][info][gc             ] GC(568) Pause Young (Normal) (G1 Evacuation Pause) 939M->941M(1024M) 16.375ms
[2024-08-28T13:06:13.403+0000][info][gc,cpu         ] GC(568) User=0.37s Sys=0.00s Real=0.02s
[2024-08-28T13:06:13.420+0000][info][gc,marking     ] GC(566) Concurrent Rebuild Remembered Sets 87.052ms
[2024-08-28T13:06:13.421+0000][info][gc,start       ] GC(566) Pause Cleanup
[2024-08-28T13:06:13.424+0000][info][gc             ] GC(566) Pause Cleanup 965M->965M(1024M) 3.138ms
[2024-08-28T13:06:13.424+0000][info][gc,cpu         ] GC(566) User=0.01s Sys=0.00s Real=0.00s
[2024-08-28T13:06:13.424+0000][info][gc,marking     ] GC(566) Concurrent Cleanup for Next Mark
[2024-08-28T13:06:13.425+0000][info][gc,marking     ] GC(566) Concurrent Cleanup for Next Mark 0.966ms
[2024-08-28T13:06:13.425+0000][info][gc             ] GC(566) Concurrent Mark Cycle 123.672ms
[2024-08-28T13:06:13.432+0000][info][gc,start       ] GC(569) Pause Young (Prepare Mixed) (G1 Preventive Collection)
[2024-08-28T13:06:13.433+0000][info][gc,task        ] GC(569) Using 24 workers of 68 for evacuation
[2024-08-28T13:06:13.449+0000][info][gc,phases      ] GC(569)   Pre Evacuate Collection Set: 0.2ms
[2024-08-28T13:06:13.449+0000][info][gc,phases      ] GC(569)   Merge Heap Roots: 0.6ms
[2024-08-28T13:06:13.449+0000][info][gc,phases      ] GC(569)   Evacuate Collection Set: 14.9ms
[2024-08-28T13:06:13.449+0000][info][gc,phases      ] GC(569)   Post Evacuate Collection Set: 0.4ms
[2024-08-28T13:06:13.449+0000][info][gc,phases      ] GC(569)   Other: 0.3ms
[2024-08-28T13:06:13.449+0000][info][gc,heap        ] GC(569) Eden regions: 35->0(44)
[2024-08-28T13:06:13.449+0000][info][gc,heap        ] GC(569) Survivor regions: 7->7(7)
[2024-08-28T13:06:13.449+0000][info][gc,heap        ] GC(569) Old regions: 929->967
[2024-08-28T13:06:13.449+0000][info][gc,heap        ] GC(569) Archive regions: 2->2
[2024-08-28T13:06:13.449+0000][info][gc,heap        ] GC(569) Humongous regions: 5->5
[2024-08-28T13:06:13.449+0000][info][gc,metaspace   ] GC(569) Metaspace: 100K(320K)->100K(320K) NonClass: 96K(192K)->96K(192K) Class: 4K(128K)->4K(128K)
[2024-08-28T13:06:13.449+0000][info][gc             ] GC(569) Pause Young (Prepare Mixed) (G1 Preventive Collection) 976M->979M(1024M) 16.429ms
[2024-08-28T13:06:13.449+0000][info][gc,cpu         ] GC(569) User=0.37s Sys=0.00s Real=0.01s
[2024-08-28T13:06:13.460+0000][info][gc,start       ] GC(570) Pause Young (Mixed) (G1 Preventive Collection)
[2024-08-28T13:06:13.460+0000][info][gc,task        ] GC(570) Using 24 workers of 68 for evacuation
[2024-08-28T13:06:13.468+0000][info][gc,phases      ] GC(570)   Pre Evacuate Collection Set: 0.2ms
[2024-08-28T13:06:13.468+0000][info][gc,phases      ] GC(570)   Merge Heap Roots: 0.2ms
[2024-08-28T13:06:13.468+0000][info][gc,phases      ] GC(570)   Evacuate Collection Set: 6.5ms
[2024-08-28T13:06:13.468+0000][info][gc,phases      ] GC(570)   Post Evacuate Collection Set: 0.4ms
[2024-08-28T13:06:13.468+0000][info][gc,phases      ] GC(570)   Other: 0.3ms
[2024-08-28T13:06:13.468+0000][info][gc,heap        ] GC(570) Eden regions: 16->0(44)
[2024-08-28T13:06:13.468+0000][info][gc,heap        ] GC(570) Survivor regions: 7->7(7)
[2024-08-28T13:06:13.468+0000][info][gc,heap        ] GC(570) Old regions: 967->883
[2024-08-28T13:06:13.468+0000][info][gc,heap        ] GC(570) Archive regions: 2->2
[2024-08-28T13:06:13.468+0000][info][gc,heap        ] GC(570) Humongous regions: 5->5
[2024-08-28T13:06:13.468+0000][info][gc,metaspace   ] GC(570) Metaspace: 100K(320K)->100K(320K) NonClass: 96K(192K)->96K(192K) Class: 4K(128K)->4K(128K)
[2024-08-28T13:06:13.468+0000][info][gc             ] GC(570) Pause Young (Mixed) (G1 Preventive Collection) 995M->895M(1024M) 7.844ms
[2024-08-28T13:06:13.468+0000][info][gc,cpu         ] GC(570) User=0.16s Sys=0.00s Real=0.00s
[2024-08-28T13:06:13.495+0000][info][gc,start       ] GC(571) Pause Young (Mixed) (G1 Evacuation Pause)
[2024-08-28T13:06:13.496+0000][info][gc,task        ] GC(571) Using 24 workers of 68 for evacuation
[2024-08-28T13:06:13.508+0000][info][gc,phases      ] GC(571)   Pre Evacuate Collection Set: 0.3ms
[2024-08-28T13:06:13.508+0000][info][gc,phases      ] GC(571)   Merge Heap Roots: 0.4ms
[2024-08-28T13:06:13.508+0000][info][gc,phases      ] GC(571)   Evacuate Collection Set: 10.7ms
[2024-08-28T13:06:13.508+0000][info][gc,phases      ] GC(571)   Post Evacuate Collection Set: 0.5ms
[2024-08-28T13:06:13.508+0000][info][gc,phases      ] GC(571)   Other: 0.3ms
[2024-08-28T13:06:13.508+0000][info][gc,heap        ] GC(571) Eden regions: 44->0(44)
[2024-08-28T13:06:13.508+0000][info][gc,heap        ] GC(571) Survivor regions: 7->7(7)
[2024-08-28T13:06:13.508+0000][info][gc,heap        ] GC(571) Old regions: 883->825
[2024-08-28T13:06:13.508+0000][info][gc,heap        ] GC(571) Archive regions: 2->2
[2024-08-28T13:06:13.508+0000][info][gc,heap        ] GC(571) Humongous regions: 5->5
[2024-08-28T13:06:13.508+0000][info][gc,metaspace   ] GC(571) Metaspace: 100K(320K)->100K(320K) NonClass: 96K(192K)->96K(192K) Class: 4K(128K)->4K(128K)
[2024-08-28T13:06:13.508+0000][info][gc             ] GC(571) Pause Young (Mixed) (G1 Evacuation Pause) 939M->837M(1024M) 12.361ms
[2024-08-28T13:06:13.508+0000][info][gc,cpu         ] GC(571) User=0.26s Sys=0.00s Real=0.01s
[2024-08-28T13:06:13.535+0000][info][gc,start       ] GC(572) Pause Young (Mixed) (G1 Evacuation Pause)
[2024-08-28T13:06:13.535+0000][info][gc,task        ] GC(572) Using 24 workers of 68 for evacuation
[2024-08-28T13:06:13.547+0000][info][gc,phases      ] GC(572)   Pre Evacuate Collection Set: 0.3ms
[2024-08-28T13:06:13.547+0000][info][gc,phases      ] GC(572)   Merge Heap Roots: 0.3ms
[2024-08-28T13:06:13.547+0000][info][gc,phases      ] GC(572)   Evacuate Collection Set: 10.7ms
[2024-08-28T13:06:13.547+0000][info][gc,phases      ] GC(572)   Post Evacuate Collection Set: 0.5ms
[2024-08-28T13:06:13.547+0000][info][gc,phases      ] GC(572)   Other: 0.3ms
[2024-08-28T13:06:13.547+0000][info][gc,heap        ] GC(572) Eden regions: 44->0(44)
[2024-08-28T13:06:13.547+0000][info][gc,heap        ] GC(572) Survivor regions: 7->7(7)
[2024-08-28T13:06:13.547+0000][info][gc,heap        ] GC(572) Old regions: 825->768
[2024-08-28T13:06:13.547+0000][info][gc,heap        ] GC(572) Archive regions: 2->2
[2024-08-28T13:06:13.547+0000][info][gc,heap        ] GC(572) Humongous regions: 5->5
[2024-08-28T13:06:13.547+0000][info][gc,metaspace   ] GC(572) Metaspace: 100K(320K)->100K(320K) NonClass: 96K(192K)->96K(192K) Class: 4K(128K)->4K(128K)
[2024-08-28T13:06:13.547+0000][info][gc             ] GC(572) Pause Young (Mixed) (G1 Evacuation Pause) 881M->780M(1024M) 12.296ms
[2024-08-28T13:06:13.547+0000][info][gc,cpu         ] GC(572) User=0.27s Sys=0.00s Real=0.01s
[2024-08-28T13:06:13.574+0000][info][gc,start       ] GC(573) Pause Young (Mixed) (G1 Evacuation Pause)
[2024-08-28T13:06:13.574+0000][info][gc,task        ] GC(573) Using 24 workers of 68 for evacuation
[2024-08-28T13:06:13.587+0000][info][gc,phases      ] GC(573)   Pre Evacuate Collection Set: 0.2ms
[2024-08-28T13:06:13.587+0000][info][gc,phases      ] GC(573)   Merge Heap Roots: 0.4ms
[2024-08-28T13:06:13.587+0000][info][gc,phases      ] GC(573)   Evacuate Collection Set: 11.2ms
[2024-08-28T13:06:13.587+0000][info][gc,phases      ] GC(573)   Post Evacuate Collection Set: 0.4ms
[2024-08-28T13:06:13.587+0000][info][gc,phases      ] GC(573)   Other: 0.3ms
[2024-08-28T13:06:13.587+0000][info][gc,heap        ] GC(573) Eden regions: 44->0(44)
[2024-08-28T13:06:13.587+0000][info][gc,heap        ] GC(573) Survivor regions: 7->7(7)
[2024-08-28T13:06:13.587+0000][info][gc,heap        ] GC(573) Old regions: 768->782
[2024-08-28T13:06:13.587+0000][info][gc,heap        ] GC(573) Archive regions: 2->2
[2024-08-28T13:06:13.587+0000][info][gc,heap        ] GC(573) Humongous regions: 5->5
[2024-08-28T13:06:13.587+0000][info][gc,metaspace   ] GC(573) Metaspace: 100K(320K)->100K(320K) NonClass: 96K(192K)->96K(192K) Class: 4K(128K)->4K(128K)
[2024-08-28T13:06:13.587+0000][info][gc             ] GC(573) Pause Young (Mixed) (G1 Evacuation Pause) 824M->794M(1024M) 12.664ms
[2024-08-28T13:06:13.587+0000][info][gc,cpu         ] GC(573) User=0.27s Sys=0.00s Real=0.01s
[2024-08-28T13:06:13.615+0000][info][gc,start       ] GC(574) Pause Young (Concurrent Start) (G1 Evacuation Pause)
[2024-08-28T13:06:13.615+0000][info][gc,task        ] GC(574) Using 24 workers of 68 for evacuation
[2024-08-28T13:06:13.627+0000][info][gc,phases      ] GC(574)   Pre Evacuate Collection Set: 0.2ms
[2024-08-28T13:06:13.627+0000][info][gc,phases      ] GC(574)   Merge Heap Roots: 0.4ms
[2024-08-28T13:06:13.627+0000][info][gc,phases      ] GC(574)   Evacuate Collection Set: 10.7ms
[2024-08-28T13:06:13.627+0000][info][gc,phases      ] GC(574)   Post Evacuate Collection Set: 0.4ms
[2024-08-28T13:06:13.627+0000][info][gc,phases      ] GC(574)   Other: 1.0ms
[2024-08-28T13:06:13.627+0000][info][gc,heap        ] GC(574) Eden regions: 44->0(44)
[2024-08-28T13:06:13.627+0000][info][gc,heap        ] GC(574) Survivor regions: 7->7(7)
[2024-08-28T13:06:13.627+0000][info][gc,heap        ] GC(574) Old regions: 782->828
[2024-08-28T13:06:13.627+0000][info][gc,heap        ] GC(574) Archive regions: 2->2
[2024-08-28T13:06:13.628+0000][info][gc,heap        ] GC(574) Humongous regions: 5->5
[2024-08-28T13:06:13.628+0000][info][gc,metaspace   ] GC(574) Metaspace: 100K(320K)->100K(320K) NonClass: 96K(192K)->96K(192K) Class: 4K(128K)->4K(128K)
[2024-08-28T13:06:13.628+0000][info][gc             ] GC(574) Pause Young (Concurrent Start) (G1 Evacuation Pause) 838M->840M(1024M) 12.921ms
[2024-08-28T13:06:13.628+0000][info][gc,cpu         ] GC(574) User=0.27s Sys=0.00s Real=0.01s
[2024-08-28T13:06:13.628+0000][info][gc             ] GC(575) Concurrent Mark Cycle
[2024-08-28T13:06:13.628+0000][info][gc,marking     ] GC(575) Concurrent Clear Claimed Marks
[2024-08-28T13:06:13.628+0000][info][gc,marking     ] GC(575) Concurrent Clear Claimed Marks 0.013ms
[2024-08-28T13:06:13.628+0000][info][gc,marking     ] GC(575) Concurrent Scan Root Regions
[2024-08-28T13:06:13.630+0000][info][gc,marking     ] GC(575) Concurrent Scan Root Regions 1.915ms
[2024-08-28T13:06:13.630+0000][info][gc,marking     ] GC(575) Concurrent Mark
[2024-08-28T13:06:13.630+0000][info][gc,marking     ] GC(575) Concurrent Mark From Roots
[2024-08-28T13:06:13.630+0000][info][gc,task        ] GC(575) Using 17 workers of 17 for marking
[2024-08-28T13:06:13.656+0000][info][gc,marking     ] GC(575) Concurrent Mark From Roots 26.548ms
[2024-08-28T13:06:13.656+0000][info][gc,marking     ] GC(575) Concurrent Preclean
[2024-08-28T13:06:13.657+0000][info][gc,marking     ] GC(575) Concurrent Preclean 0.505ms
[2024-08-28T13:06:13.657+0000][info][gc,start       ] GC(575) Pause Remark
[2024-08-28T13:06:13.659+0000][info][gc             ] GC(575) Pause Remark 871M->871M(1024M) 2.104ms
[2024-08-28T13:06:13.659+0000][info][gc,cpu         ] GC(575) User=0.00s Sys=0.01s Real=0.01s
[2024-08-28T13:06:13.659+0000][info][gc,marking     ] GC(575) Concurrent Mark 29.664ms
[2024-08-28T13:06:13.659+0000][info][gc,marking     ] GC(575) Concurrent Rebuild Remembered Sets
[2024-08-28T13:06:13.668+0000][info][gc,start       ] GC(576) Pause Young (Normal) (G1 Evacuation Pause)
[2024-08-28T13:06:13.668+0000][info][gc,task        ] GC(576) Using 24 workers of 68 for evacuation
[2024-08-28T13:06:13.680+0000][info][gc,phases      ] GC(576)   Pre Evacuate Collection Set: 0.1ms
[2024-08-28T13:06:13.680+0000][info][gc,phases      ] GC(576)   Merge Heap Roots: 0.4ms
[2024-08-28T13:06:13.680+0000][info][gc,phases      ] GC(576)   Evacuate Collection Set: 10.4ms
[2024-08-28T13:06:13.680+0000][info][gc,phases      ] GC(576)   Post Evacuate Collection Set: 0.4ms
[2024-08-28T13:06:13.680+0000][info][gc,phases      ] GC(576)   Other: 0.2ms
[2024-08-28T13:06:13.680+0000][info][gc,heap        ] GC(576) Eden regions: 44->0(44)
[2024-08-28T13:06:13.680+0000][info][gc,heap        ] GC(576) Survivor regions: 7->7(7)
[2024-08-28T13:06:13.680+0000][info][gc,heap        ] GC(576) Old regions: 828->874
[2024-08-28T13:06:13.680+0000][info][gc,heap        ] GC(576) Archive regions: 2->2
[2024-08-28T13:06:13.680+0000][info][gc,heap        ] GC(576) Humongous regions: 5->5
[2024-08-28T13:06:13.680+0000][info][gc,metaspace   ] GC(576) Metaspace: 100K(320K)->100K(320K) NonClass: 96K(192K)->96K(192K) Class: 4K(128K)->4K(128K)
[2024-08-28T13:06:13.680+0000][info][gc             ] GC(576) Pause Young (Normal) (G1 Evacuation Pause) 884M->886M(1024M) 11.630ms
[2024-08-28T13:06:13.680+0000][info][gc,cpu         ] GC(576) User=0.26s Sys=0.00s Real=0.02s
[2024-08-28T13:06:13.712+0000][info][gc,start       ] GC(577) Pause Young (Normal) (G1 Evacuation Pause)
[2024-08-28T13:06:13.712+0000][info][gc,task        ] GC(577) Using 24 workers of 68 for evacuation
[2024-08-28T13:06:13.728+0000][info][gc,phases      ] GC(577)   Pre Evacuate Collection Set: 0.1ms
[2024-08-28T13:06:13.728+0000][info][gc,phases      ] GC(577)   Merge Heap Roots: 0.5ms
[2024-08-28T13:06:13.728+0000][info][gc,phases      ] GC(577)   Evacuate Collection Set: 14.3ms
[2024-08-28T13:06:13.728+0000][info][gc,phases      ] GC(577)   Post Evacuate Collection Set: 0.6ms
[2024-08-28T13:06:13.728+0000][info][gc,phases      ] GC(577)   Other: 0.2ms
[2024-08-28T13:06:13.728+0000][info][gc,heap        ] GC(577) Eden regions: 44->0(44)
[2024-08-28T13:06:13.728+0000][info][gc,heap        ] GC(577) Survivor regions: 7->7(7)
[2024-08-28T13:06:13.728+0000][info][gc,heap        ] GC(577) Old regions: 874->920
[2024-08-28T13:06:13.728+0000][info][gc,heap        ] GC(577) Archive regions: 2->2
[2024-08-28T13:06:13.728+0000][info][gc,heap        ] GC(577) Humongous regions: 5->5
[2024-08-28T13:06:13.728+0000][info][gc,metaspace   ] GC(577) Metaspace: 100K(320K)->100K(320K) NonClass: 96K(192K)->96K(192K) Class: 4K(128K)->4K(128K)
[2024-08-28T13:06:13.728+0000][info][gc             ] GC(577) Pause Young (Normal) (G1 Evacuation Pause) 930M->932M(1024M) 15.819ms
[2024-08-28T13:06:13.728+0000][info][gc,cpu         ] GC(577) User=0.35s Sys=0.00s Real=0.01s
[2024-08-28T13:06:13.743+0000][info][gc,marking     ] GC(575) Concurrent Rebuild Remembered Sets 84.031ms
[2024-08-28T13:06:13.744+0000][info][gc,start       ] GC(575) Pause Cleanup
[2024-08-28T13:06:13.745+0000][info][gc             ] GC(575) Pause Cleanup 954M->954M(1024M) 1.538ms
[2024-08-28T13:06:13.745+0000][info][gc,cpu         ] GC(575) User=0.01s Sys=0.00s Real=0.00s
[2024-08-28T13:06:13.745+0000][info][gc,marking     ] GC(575) Concurrent Cleanup for Next Mark
[2024-08-28T13:06:13.746+0000][info][gc,marking     ] GC(575) Concurrent Cleanup for Next Mark 1.019ms
[2024-08-28T13:06:13.746+0000][info][gc             ] GC(575) Concurrent Mark Cycle 118.634ms
[2024-08-28T13:06:13.758+0000][info][gc,start       ] GC(578) Pause Young (Prepare Mixed) (G1 Preventive Collection)
[2024-08-28T13:06:13.758+0000][info][gc,task        ] GC(578) Using 24 workers of 68 for evacuation
[2024-08-28T13:06:13.774+0000][info][gc,phases      ] GC(578)   Pre Evacuate Collection Set: 0.2ms
[2024-08-28T13:06:13.774+0000][info][gc,phases      ] GC(578)   Merge Heap Roots: 0.4ms
[2024-08-28T13:06:13.774+0000][info][gc,phases      ] GC(578)   Evacuate Collection Set: 15.3ms
[2024-08-28T13:06:13.774+0000][info][gc,phases      ] GC(578)   Post Evacuate Collection Set: 0.3ms
[2024-08-28T13:06:13.774+0000][info][gc,phases      ] GC(578)   Other: 0.2ms
[2024-08-28T13:06:13.774+0000][info][gc,heap        ] GC(578) Eden regions: 39->0(44)
[2024-08-28T13:06:13.774+0000][info][gc,heap        ] GC(578) Survivor regions: 7->7(7)
[2024-08-28T13:06:13.774+0000][info][gc,heap        ] GC(578) Old regions: 920->962
[2024-08-28T13:06:13.774+0000][info][gc,heap        ] GC(578) Archive regions: 2->2
[2024-08-28T13:06:13.774+0000][info][gc,heap        ] GC(578) Humongous regions: 5->5
[2024-08-28T13:06:13.774+0000][info][gc,metaspace   ] GC(578) Metaspace: 100K(320K)->100K(320K) NonClass: 96K(192K)->96K(192K) Class: 4K(128K)->4K(128K)
[2024-08-28T13:06:13.774+0000][info][gc             ] GC(578) Pause Young (Prepare Mixed) (G1 Preventive Collection) 971M->974M(1024M) 16.551ms
[2024-08-28T13:06:13.774+0000][info][gc,cpu         ] GC(578) User=0.37s Sys=0.00s Real=0.01s
[2024-08-28T13:06:13.787+0000][info][gc,start       ] GC(579) Pause Young (Mixed) (G1 Preventive Collection)
[2024-08-28T13:06:13.787+0000][info][gc,task        ] GC(579) Using 24 workers of 68 for evacuation
[2024-08-28T13:06:13.795+0000][info][gc,phases      ] GC(579)   Pre Evacuate Collection Set: 0.2ms
[2024-08-28T13:06:13.795+0000][info][gc,phases      ] GC(579)   Merge Heap Roots: 0.4ms
[2024-08-28T13:06:13.795+0000][info][gc,phases      ] GC(579)   Evacuate Collection Set: 7.4ms
[2024-08-28T13:06:13.795+0000][info][gc,phases      ] GC(579)   Post Evacuate Collection Set: 0.4ms
[2024-08-28T13:06:13.795+0000][info][gc,phases      ] GC(579)   Other: 0.2ms
[2024-08-28T13:06:13.795+0000][info][gc,heap        ] GC(579) Eden regions: 19->0(44)
[2024-08-28T13:06:13.795+0000][info][gc,heap        ] GC(579) Survivor regions: 7->7(7)
[2024-08-28T13:06:13.795+0000][info][gc,heap        ] GC(579) Old regions: 962->881
[2024-08-28T13:06:13.795+0000][info][gc,heap        ] GC(579) Archive regions: 2->2
[2024-08-28T13:06:13.795+0000][info][gc,heap        ] GC(579) Humongous regions: 5->5
[2024-08-28T13:06:13.795+0000][info][gc,metaspace   ] GC(579) Metaspace: 100K(320K)->100K(320K) NonClass: 96K(192K)->96K(192K) Class: 4K(128K)->4K(128K)
[2024-08-28T13:06:13.795+0000][info][gc             ] GC(579) Pause Young (Mixed) (G1 Preventive Collection) 993M->893M(1024M) 8.767ms
[2024-08-28T13:06:13.795+0000][info][gc,cpu         ] GC(579) User=0.18s Sys=0.00s Real=0.01s
[2024-08-28T13:06:13.822+0000][info][gc,start       ] GC(580) Pause Young (Mixed) (G1 Evacuation Pause)
[2024-08-28T13:06:13.822+0000][info][gc,task        ] GC(580) Using 24 workers of 68 for evacuation
[2024-08-28T13:06:13.834+0000][info][gc,phases      ] GC(580)   Pre Evacuate Collection Set: 0.2ms
[2024-08-28T13:06:13.834+0000][info][gc,phases      ] GC(580)   Merge Heap Roots: 0.4ms
[2024-08-28T13:06:13.834+0000][info][gc,phases      ] GC(580)   Evacuate Collection Set: 11.0ms
[2024-08-28T13:06:13.834+0000][info][gc,phases      ] GC(580)   Post Evacuate Collection Set: 0.4ms
[2024-08-28T13:06:13.834+0000][info][gc,phases      ] GC(580)   Other: 0.3ms
[2024-08-28T13:06:13.834+0000][info][gc,heap        ] GC(580) Eden regions: 44->0(44)
[2024-08-28T13:06:13.834+0000][info][gc,heap        ] GC(580) Survivor regions: 7->7(7)
[2024-08-28T13:06:13.834+0000][info][gc,heap        ] GC(580) Old regions: 881->823
[2024-08-28T13:06:13.834+0000][info][gc,heap        ] GC(580) Archive regions: 2->2
[2024-08-28T13:06:13.834+0000][info][gc,heap        ] GC(580) Humongous regions: 5->5
[2024-08-28T13:06:13.834+0000][info][gc,metaspace   ] GC(580) Metaspace: 100K(320K)->100K(320K) NonClass: 96K(192K)->96K(192K) Class: 4K(128K)->4K(128K)
[2024-08-28T13:06:13.834+0000][info][gc             ] GC(580) Pause Young (Mixed) (G1 Evacuation Pause) 937M->835M(1024M) 12.329ms
[2024-08-28T13:06:13.834+0000][info][gc,cpu         ] GC(580) User=0.22s Sys=0.05s Real=0.01s
[2024-08-28T13:06:13.860+0000][info][gc,start       ] GC(581) Pause Young (Mixed) (G1 Evacuation Pause)
[2024-08-28T13:06:13.860+0000][info][gc,task        ] GC(581) Using 24 workers of 68 for evacuation
[2024-08-28T13:06:13.872+0000][info][gc,phases      ] GC(581)   Pre Evacuate Collection Set: 0.2ms
[2024-08-28T13:06:13.872+0000][info][gc,phases      ] GC(581)   Merge Heap Roots: 0.4ms
[2024-08-28T13:06:13.872+0000][info][gc,phases      ] GC(581)   Evacuate Collection Set: 11.0ms
[2024-08-28T13:06:13.872+0000][info][gc,phases      ] GC(581)   Post Evacuate Collection Set: 0.4ms
[2024-08-28T13:06:13.872+0000][info][gc,phases      ] GC(581)   Other: 0.2ms
[2024-08-28T13:06:13.872+0000][info][gc,heap        ] GC(581) Eden regions: 44->0(44)
[2024-08-28T13:06:13.872+0000][info][gc,heap        ] GC(581) Survivor regions: 7->7(7)
[2024-08-28T13:06:13.872+0000][info][gc,heap        ] GC(581) Old regions: 823->767
[2024-08-28T13:06:13.872+0000][info][gc,heap        ] GC(581) Archive regions: 2->2
[2024-08-28T13:06:13.872+0000][info][gc,heap        ] GC(581) Humongous regions: 5->5
[2024-08-28T13:06:13.872+0000][info][gc,metaspace   ] GC(581) Metaspace: 100K(320K)->100K(320K) NonClass: 96K(192K)->96K(192K) Class: 4K(128K)->4K(128K)
[2024-08-28T13:06:13.872+0000][info][gc             ] GC(581) Pause Young (Mixed) (G1 Evacuation Pause) 879M->779M(1024M) 12.210ms
[2024-08-28T13:06:13.872+0000][info][gc,cpu         ] GC(581) User=0.27s Sys=0.00s Real=0.01s
[2024-08-28T13:06:13.899+0000][info][gc,start       ] GC(582) Pause Young (Mixed) (G1 Evacuation Pause)
[2024-08-28T13:06:13.899+0000][info][gc,task        ] GC(582) Using 24 workers of 68 for evacuation
[2024-08-28T13:06:13.911+0000][info][gc,phases      ] GC(582)   Pre Evacuate Collection Set: 0.2ms
[2024-08-28T13:06:13.911+0000][info][gc,phases      ] GC(582)   Merge Heap Roots: 0.3ms
[2024-08-28T13:06:13.911+0000][info][gc,phases      ] GC(582)   Evacuate Collection Set: 11.3ms
[2024-08-28T13:06:13.911+0000][info][gc,phases      ] GC(582)   Post Evacuate Collection Set: 0.4ms
[2024-08-28T13:06:13.911+0000][info][gc,phases      ] GC(582)   Other: 0.3ms
[2024-08-28T13:06:13.911+0000][info][gc,heap        ] GC(582) Eden regions: 44->0(44)
[2024-08-28T13:06:13.911+0000][info][gc,heap        ] GC(582) Survivor regions: 7->7(7)
[2024-08-28T13:06:13.911+0000][info][gc,heap        ] GC(582) Old regions: 767->784
[2024-08-28T13:06:13.911+0000][info][gc,heap        ] GC(582) Archive regions: 2->2
[2024-08-28T13:06:13.911+0000][info][gc,heap        ] GC(582) Humongous regions: 5->5
[2024-08-28T13:06:13.911+0000][info][gc,metaspace   ] GC(582) Metaspace: 100K(320K)->100K(320K) NonClass: 96K(192K)->96K(192K) Class: 4K(128K)->4K(128K)
[2024-08-28T13:06:13.911+0000][info][gc             ] GC(582) Pause Young (Mixed) (G1 Evacuation Pause) 823M->796M(1024M) 12.506ms
[2024-08-28T13:06:13.911+0000][info][gc,cpu         ] GC(582) User=0.27s Sys=0.00s Real=0.01s
[2024-08-28T13:06:13.938+0000][info][gc,start       ] GC(583) Pause Young (Concurrent Start) (G1 Evacuation Pause)
[2024-08-28T13:06:13.938+0000][info][gc,task        ] GC(583) Using 24 workers of 68 for evacuation
[2024-08-28T13:06:13.950+0000][info][gc,phases      ] GC(583)   Pre Evacuate Collection Set: 0.2ms
[2024-08-28T13:06:13.950+0000][info][gc,phases      ] GC(583)   Merge Heap Roots: 0.3ms
[2024-08-28T13:06:13.950+0000][info][gc,phases      ] GC(583)   Evacuate Collection Set: 10.6ms
[2024-08-28T13:06:13.950+0000][info][gc,phases      ] GC(583)   Post Evacuate Collection Set: 0.3ms
[2024-08-28T13:06:13.950+0000][info][gc,phases      ] GC(583)   Other: 1.0ms
[2024-08-28T13:06:13.950+0000][info][gc,heap        ] GC(583) Eden regions: 44->0(44)
[2024-08-28T13:06:13.950+0000][info][gc,heap        ] GC(583) Survivor regions: 7->7(7)
[2024-08-28T13:06:13.950+0000][info][gc,heap        ] GC(583) Old regions: 784->830
[2024-08-28T13:06:13.950+0000][info][gc,heap        ] GC(583) Archive regions: 2->2
[2024-08-28T13:06:13.950+0000][info][gc,heap        ] GC(583) Humongous regions: 5->5
[2024-08-28T13:06:13.950+0000][info][gc,metaspace   ] GC(583) Metaspace: 100K(320K)->100K(320K) NonClass: 96K(192K)->96K(192K) Class: 4K(128K)->4K(128K)
[2024-08-28T13:06:13.951+0000][info][gc             ] GC(583) Pause Young (Concurrent Start) (G1 Evacuation Pause) 840M->842M(1024M) 12.419ms
[2024-08-28T13:06:13.951+0000][info][gc,cpu         ] GC(583) User=0.26s Sys=0.00s Real=0.01s
[2024-08-28T13:06:13.951+0000][info][gc             ] GC(584) Concurrent Mark Cycle
[2024-08-28T13:06:13.951+0000][info][gc,marking     ] GC(584) Concurrent Clear Claimed Marks
[2024-08-28T13:06:13.951+0000][info][gc,marking     ] GC(584) Concurrent Clear Claimed Marks 0.010ms
[2024-08-28T13:06:13.951+0000][info][gc,marking     ] GC(584) Concurrent Scan Root Regions
[2024-08-28T13:06:13.952+0000][info][gc,marking     ] GC(584) Concurrent Scan Root Regions 1.826ms
[2024-08-28T13:06:13.953+0000][info][gc,marking     ] GC(584) Concurrent Mark
[2024-08-28T13:06:13.953+0000][info][gc,marking     ] GC(584) Concurrent Mark From Roots
[2024-08-28T13:06:13.953+0000][info][gc,task        ] GC(584) Using 17 workers of 17 for marking
[2024-08-28T13:06:13.979+0000][info][gc,marking     ] GC(584) Concurrent Mark From Roots 26.295ms
[2024-08-28T13:06:13.979+0000][info][gc,marking     ] GC(584) Concurrent Preclean
[2024-08-28T13:06:13.979+0000][info][gc,marking     ] GC(584) Concurrent Preclean 0.500ms
[2024-08-28T13:06:13.980+0000][info][gc,start       ] GC(584) Pause Remark
[2024-08-28T13:06:13.981+0000][info][gc             ] GC(584) Pause Remark 875M->875M(1024M) 1.212ms
[2024-08-28T13:06:13.981+0000][info][gc,cpu         ] GC(584) User=0.01s Sys=0.01s Real=0.00s
[2024-08-28T13:06:13.981+0000][info][gc,marking     ] GC(584) Concurrent Mark 28.351ms
[2024-08-28T13:06:13.981+0000][info][gc,marking     ] GC(584) Concurrent Rebuild Remembered Sets
[2024-08-28T13:06:13.989+0000][info][gc,start       ] GC(585) Pause Young (Normal) (G1 Evacuation Pause)
[2024-08-28T13:06:13.989+0000][info][gc,task        ] GC(585) Using 24 workers of 68 for evacuation
[2024-08-28T13:06:14.001+0000][info][gc,phases      ] GC(585)   Pre Evacuate Collection Set: 0.1ms
[2024-08-28T13:06:14.001+0000][info][gc,phases      ] GC(585)   Merge Heap Roots: 0.4ms
[2024-08-28T13:06:14.001+0000][info][gc,phases      ] GC(585)   Evacuate Collection Set: 10.5ms
[2024-08-28T13:06:14.001+0000][info][gc,phases      ] GC(585)   Post Evacuate Collection Set: 0.5ms
[2024-08-28T13:06:14.001+0000][info][gc,phases      ] GC(585)   Other: 0.2ms
[2024-08-28T13:06:14.001+0000][info][gc,heap        ] GC(585) Eden regions: 44->0(44)
[2024-08-28T13:06:14.001+0000][info][gc,heap        ] GC(585) Survivor regions: 7->7(7)
[2024-08-28T13:06:14.001+0000][info][gc,heap        ] GC(585) Old regions: 830->877
[2024-08-28T13:06:14.001+0000][info][gc,heap        ] GC(585) Archive regions: 2->2
[2024-08-28T13:06:14.001+0000][info][gc,heap        ] GC(585) Humongous regions: 5->5
[2024-08-28T13:06:14.001+0000][info][gc,metaspace   ] GC(585) Metaspace: 100K(320K)->100K(320K) NonClass: 96K(192K)->96K(192K) Class: 4K(128K)->4K(128K)
[2024-08-28T13:06:14.001+0000][info][gc             ] GC(585) Pause Young (Normal) (G1 Evacuation Pause) 886M->889M(1024M) 11.808ms
[2024-08-28T13:06:14.001+0000][info][gc,cpu         ] GC(585) User=0.26s Sys=0.00s Real=0.02s
[2024-08-28T13:06:14.033+0000][info][gc,start       ] GC(586) Pause Young (Normal) (G1 Evacuation Pause)
[2024-08-28T13:06:14.034+0000][info][gc,task        ] GC(586) Using 24 workers of 68 for evacuation
[2024-08-28T13:06:14.049+0000][info][gc,phases      ] GC(586)   Pre Evacuate Collection Set: 0.1ms
[2024-08-28T13:06:14.049+0000][info][gc,phases      ] GC(586)   Merge Heap Roots: 0.3ms
[2024-08-28T13:06:14.049+0000][info][gc,phases      ] GC(586)   Evacuate Collection Set: 14.4ms
[2024-08-28T13:06:14.049+0000][info][gc,phases      ] GC(586)   Post Evacuate Collection Set: 0.6ms
[2024-08-28T13:06:14.049+0000][info][gc,phases      ] GC(586)   Other: 0.2ms
[2024-08-28T13:06:14.049+0000][info][gc,heap        ] GC(586) Eden regions: 44->0(44)
[2024-08-28T13:06:14.049+0000][info][gc,heap        ] GC(586) Survivor regions: 7->7(7)
[2024-08-28T13:06:14.049+0000][info][gc,heap        ] GC(586) Old regions: 877->924
[2024-08-28T13:06:14.049+0000][info][gc,heap        ] GC(586) Archive regions: 2->2
[2024-08-28T13:06:14.049+0000][info][gc,heap        ] GC(586) Humongous regions: 5->5
[2024-08-28T13:06:14.049+0000][info][gc,metaspace   ] GC(586) Metaspace: 100K(320K)->100K(320K) NonClass: 96K(192K)->96K(192K) Class: 4K(128K)->4K(128K)
[2024-08-28T13:06:14.049+0000][info][gc             ] GC(586) Pause Young (Normal) (G1 Evacuation Pause) 933M->936M(1024M) 15.817ms
[2024-08-28T13:06:14.049+0000][info][gc,cpu         ] GC(586) User=0.35s Sys=0.00s Real=0.01s
[2024-08-28T13:06:14.064+0000][info][gc,marking     ] GC(584) Concurrent Rebuild Remembered Sets 82.846ms
[2024-08-28T13:06:14.064+0000][info][gc,start       ] GC(584) Pause Cleanup
[2024-08-28T13:06:14.066+0000][info][gc             ] GC(584) Pause Cleanup 956M->956M(1024M) 1.580ms
[2024-08-28T13:06:14.066+0000][info][gc,cpu         ] GC(584) User=0.01s Sys=0.00s Real=0.00s
[2024-08-28T13:06:14.066+0000][info][gc,marking     ] GC(584) Concurrent Cleanup for Next Mark
[2024-08-28T13:06:14.067+0000][info][gc,marking     ] GC(584) Concurrent Cleanup for Next Mark 1.040ms
[2024-08-28T13:06:14.067+0000][info][gc             ] GC(584) Concurrent Mark Cycle 116.071ms
[2024-08-28T13:06:14.079+0000][info][gc,start       ] GC(587) Pause Young (Prepare Mixed) (G1 Preventive Collection)
[2024-08-28T13:06:14.079+0000][info][gc,task        ] GC(587) Using 24 workers of 68 for evacuation
[2024-08-28T13:06:14.095+0000][info][gc,phases      ] GC(587)   Pre Evacuate Collection Set: 0.2ms
[2024-08-28T13:06:14.095+0000][info][gc,phases      ] GC(587)   Merge Heap Roots: 0.6ms
[2024-08-28T13:06:14.095+0000][info][gc,phases      ] GC(587)   Evacuate Collection Set: 14.9ms
[2024-08-28T13:06:14.095+0000][info][gc,phases      ] GC(587)   Post Evacuate Collection Set: 0.3ms
[2024-08-28T13:06:14.095+0000][info][gc,phases      ] GC(587)   Other: 0.2ms
[2024-08-28T13:06:14.095+0000][info][gc,heap        ] GC(587) Eden regions: 37->0(44)
[2024-08-28T13:06:14.095+0000][info][gc,heap        ] GC(587) Survivor regions: 7->7(7)
[2024-08-28T13:06:14.095+0000][info][gc,heap        ] GC(587) Old regions: 924->964
[2024-08-28T13:06:14.095+0000][info][gc,heap        ] GC(587) Archive regions: 2->2
[2024-08-28T13:06:14.095+0000][info][gc,heap        ] GC(587) Humongous regions: 5->5
[2024-08-28T13:06:14.095+0000][info][gc,metaspace   ] GC(587) Metaspace: 100K(320K)->100K(320K) NonClass: 96K(192K)->96K(192K) Class: 4K(128K)->4K(128K)
[2024-08-28T13:06:14.095+0000][info][gc             ] GC(587) Pause Young (Prepare Mixed) (G1 Preventive Collection) 973M->976M(1024M) 16.231ms
[2024-08-28T13:06:14.095+0000][info][gc,cpu         ] GC(587) User=0.37s Sys=0.00s Real=0.01s
[2024-08-28T13:06:14.107+0000][info][gc,start       ] GC(588) Pause Young (Mixed) (G1 Preventive Collection)
[2024-08-28T13:06:14.107+0000][info][gc,task        ] GC(588) Using 24 workers of 68 for evacuation
[2024-08-28T13:06:14.115+0000][info][gc,phases      ] GC(588)   Pre Evacuate Collection Set: 0.2ms
[2024-08-28T13:06:14.115+0000][info][gc,phases      ] GC(588)   Merge Heap Roots: 0.3ms
[2024-08-28T13:06:14.115+0000][info][gc,phases      ] GC(588)   Evacuate Collection Set: 6.5ms
[2024-08-28T13:06:14.115+0000][info][gc,phases      ] GC(588)   Post Evacuate Collection Set: 0.4ms
[2024-08-28T13:06:14.115+0000][info][gc,phases      ] GC(588)   Other: 0.2ms
[2024-08-28T13:06:14.115+0000][info][gc,heap        ] GC(588) Eden regions: 18->0(44)
[2024-08-28T13:06:14.115+0000][info][gc,heap        ] GC(588) Survivor regions: 7->7(7)
[2024-08-28T13:06:14.115+0000][info][gc,heap        ] GC(588) Old regions: 964->882
[2024-08-28T13:06:14.115+0000][info][gc,heap        ] GC(588) Archive regions: 2->2
[2024-08-28T13:06:14.115+0000][info][gc,heap        ] GC(588) Humongous regions: 5->5
[2024-08-28T13:06:14.115+0000][info][gc,metaspace   ] GC(588) Metaspace: 100K(320K)->100K(320K) NonClass: 96K(192K)->96K(192K) Class: 4K(128K)->4K(128K)
[2024-08-28T13:06:14.115+0000][info][gc             ] GC(588) Pause Young (Mixed) (G1 Preventive Collection) 994M->894M(1024M) 7.811ms
[2024-08-28T13:06:14.115+0000][info][gc,cpu         ] GC(588) User=0.17s Sys=0.00s Real=0.01s
[2024-08-28T13:06:14.141+0000][info][gc,start       ] GC(589) Pause Young (Mixed) (G1 Evacuation Pause)
[2024-08-28T13:06:14.141+0000][info][gc,task        ] GC(589) Using 24 workers of 68 for evacuation
[2024-08-28T13:06:14.153+0000][info][gc,phases      ] GC(589)   Pre Evacuate Collection Set: 0.2ms
[2024-08-28T13:06:14.153+0000][info][gc,phases      ] GC(589)   Merge Heap Roots: 0.4ms
[2024-08-28T13:06:14.153+0000][info][gc,phases      ] GC(589)   Evacuate Collection Set: 10.7ms
[2024-08-28T13:06:14.153+0000][info][gc,phases      ] GC(589)   Post Evacuate Collection Set: 0.5ms
[2024-08-28T13:06:14.153+0000][info][gc,phases      ] GC(589)   Other: 0.3ms
[2024-08-28T13:06:14.153+0000][info][gc,heap        ] GC(589) Eden regions: 44->0(44)
[2024-08-28T13:06:14.153+0000][info][gc,heap        ] GC(589) Survivor regions: 7->7(7)
[2024-08-28T13:06:14.153+0000][info][gc,heap        ] GC(589) Old regions: 882->824
[2024-08-28T13:06:14.153+0000][info][gc,heap        ] GC(589) Archive regions: 2->2
[2024-08-28T13:06:14.154+0000][info][gc,heap        ] GC(589) Humongous regions: 5->5
[2024-08-28T13:06:14.154+0000][info][gc,metaspace   ] GC(589) Metaspace: 100K(320K)->100K(320K) NonClass: 96K(192K)->96K(192K) Class: 4K(128K)->4K(128K)
[2024-08-28T13:06:14.154+0000][info][gc             ] GC(589) Pause Young (Mixed) (G1 Evacuation Pause) 938M->836M(1024M) 12.293ms
[2024-08-28T13:06:14.154+0000][info][gc,cpu         ] GC(589) User=0.27s Sys=0.00s Real=0.01s
[2024-08-28T13:06:14.181+0000][info][gc,start       ] GC(590) Pause Young (Mixed) (G1 Evacuation Pause)
[2024-08-28T13:06:14.181+0000][info][gc,task        ] GC(590) Using 24 workers of 68 for evacuation
[2024-08-28T13:06:14.194+0000][info][gc,phases      ] GC(590)   Pre Evacuate Collection Set: 0.2ms
[2024-08-28T13:06:14.194+0000][info][gc,phases      ] GC(590)   Merge Heap Roots: 0.5ms
[2024-08-28T13:06:14.194+0000][info][gc,phases      ] GC(590)   Evacuate Collection Set: 11.1ms
[2024-08-28T13:06:14.194+0000][info][gc,phases      ] GC(590)   Post Evacuate Collection Set: 0.5ms
[2024-08-28T13:06:14.194+0000][info][gc,phases      ] GC(590)   Other: 0.4ms
[2024-08-28T13:06:14.194+0000][info][gc,heap        ] GC(590) Eden regions: 44->0(44)
[2024-08-28T13:06:14.194+0000][info][gc,heap        ] GC(590) Survivor regions: 7->7(7)
[2024-08-28T13:06:14.194+0000][info][gc,heap        ] GC(590) Old regions: 824->768
[2024-08-28T13:06:14.194+0000][info][gc,heap        ] GC(590) Archive regions: 2->2
[2024-08-28T13:06:14.194+0000][info][gc,heap        ] GC(590) Humongous regions: 5->5
[2024-08-28T13:06:14.194+0000][info][gc,metaspace   ] GC(590) Metaspace: 100K(320K)->100K(320K) NonClass: 96K(192K)->96K(192K) Class: 4K(128K)->4K(128K)
[2024-08-28T13:06:14.194+0000][info][gc             ] GC(590) Pause Young (Mixed) (G1 Evacuation Pause) 880M->780M(1024M) 12.703ms
[2024-08-28T13:06:14.194+0000][info][gc,cpu         ] GC(590) User=0.27s Sys=0.01s Real=0.01s
[2024-08-28T13:06:14.221+0000][info][gc,start       ] GC(591) Pause Young (Mixed) (G1 Evacuation Pause)
[2024-08-28T13:06:14.221+0000][info][gc,task        ] GC(591) Using 24 workers of 68 for evacuation
[2024-08-28T13:06:14.233+0000][info][gc,phases      ] GC(591)   Pre Evacuate Collection Set: 0.2ms
[2024-08-28T13:06:14.233+0000][info][gc,phases      ] GC(591)   Merge Heap Roots: 0.4ms
[2024-08-28T13:06:14.233+0000][info][gc,phases      ] GC(591)   Evacuate Collection Set: 11.3ms
[2024-08-28T13:06:14.233+0000][info][gc,phases      ] GC(591)   Post Evacuate Collection Set: 0.3ms
[2024-08-28T13:06:14.233+0000][info][gc,phases      ] GC(591)   Other: 0.3ms
[2024-08-28T13:06:14.233+0000][info][gc,heap        ] GC(591) Eden regions: 44->0(44)
[2024-08-28T13:06:14.233+0000][info][gc,heap        ] GC(591) Survivor regions: 7->7(7)
[2024-08-28T13:06:14.233+0000][info][gc,heap        ] GC(591) Old regions: 768->784
[2024-08-28T13:06:14.233+0000][info][gc,heap        ] GC(591) Archive regions: 2->2
[2024-08-28T13:06:14.233+0000][info][gc,heap        ] GC(591) Humongous regions: 5->5
[2024-08-28T13:06:14.233+0000][info][gc,metaspace   ] GC(591) Metaspace: 100K(320K)->100K(320K) NonClass: 96K(192K)->96K(192K) Class: 4K(128K)->4K(128K)
[2024-08-28T13:06:14.234+0000][info][gc             ] GC(591) Pause Young (Mixed) (G1 Evacuation Pause) 824M->796M(1024M) 12.581ms
[2024-08-28T13:06:14.234+0000][info][gc,cpu         ] GC(591) User=0.27s Sys=0.00s Real=0.01s
[2024-08-28T13:06:14.261+0000][info][gc,start       ] GC(592) Pause Young (Concurrent Start) (G1 Evacuation Pause)
[2024-08-28T13:06:14.261+0000][info][gc,task        ] GC(592) Using 24 workers of 68 for evacuation
[2024-08-28T13:06:14.274+0000][info][gc,phases      ] GC(592)   Pre Evacuate Collection Set: 0.2ms
[2024-08-28T13:06:14.274+0000][info][gc,phases      ] GC(592)   Merge Heap Roots: 0.4ms
[2024-08-28T13:06:14.274+0000][info][gc,phases      ] GC(592)   Evacuate Collection Set: 11.1ms
[2024-08-28T13:06:14.274+0000][info][gc,phases      ] GC(592)   Post Evacuate Collection Set: 0.4ms
[2024-08-28T13:06:14.274+0000][info][gc,phases      ] GC(592)   Other: 0.8ms
[2024-08-28T13:06:14.274+0000][info][gc,heap        ] GC(592) Eden regions: 44->0(44)
[2024-08-28T13:06:14.274+0000][info][gc,heap        ] GC(592) Survivor regions: 7->7(7)
[2024-08-28T13:06:14.274+0000][info][gc,heap        ] GC(592) Old regions: 784->831
[2024-08-28T13:06:14.274+0000][info][gc,heap        ] GC(592) Archive regions: 2->2
[2024-08-28T13:06:14.274+0000][info][gc,heap        ] GC(592) Humongous regions: 5->5
[2024-08-28T13:06:14.274+0000][info][gc,metaspace   ] GC(592) Metaspace: 100K(320K)->100K(320K) NonClass: 96K(192K)->96K(192K) Class: 4K(128K)->4K(128K)
[2024-08-28T13:06:14.274+0000][info][gc             ] GC(592) Pause Young (Concurrent Start) (G1 Evacuation Pause) 840M->843M(1024M) 12.973ms
[2024-08-28T13:06:14.274+0000][info][gc,cpu         ] GC(592) User=0.25s Sys=0.02s Real=0.01s
[2024-08-28T13:06:14.274+0000][info][gc             ] GC(593) Concurrent Mark Cycle
[2024-08-28T13:06:14.274+0000][info][gc,marking     ] GC(593) Concurrent Clear Claimed Marks
[2024-08-28T13:06:14.274+0000][info][gc,marking     ] GC(593) Concurrent Clear Claimed Marks 0.010ms
[2024-08-28T13:06:14.274+0000][info][gc,marking     ] GC(593) Concurrent Scan Root Regions
[2024-08-28T13:06:14.276+0000][info][gc,marking     ] GC(593) Concurrent Scan Root Regions 1.832ms
[2024-08-28T13:06:14.276+0000][info][gc,marking     ] GC(593) Concurrent Mark
[2024-08-28T13:06:14.276+0000][info][gc,marking     ] GC(593) Concurrent Mark From Roots
[2024-08-28T13:06:14.276+0000][info][gc,task        ] GC(593) Using 17 workers of 17 for marking
[2024-08-28T13:06:14.303+0000][info][gc,marking     ] GC(593) Concurrent Mark From Roots 27.178ms
[2024-08-28T13:06:14.303+0000][info][gc,marking     ] GC(593) Concurrent Preclean
[2024-08-28T13:06:14.304+0000][info][gc,marking     ] GC(593) Concurrent Preclean 0.505ms
[2024-08-28T13:06:14.304+0000][info][gc,start       ] GC(593) Pause Remark
[2024-08-28T13:06:14.305+0000][info][gc             ] GC(593) Pause Remark 875M->875M(1024M) 1.225ms
[2024-08-28T13:06:14.305+0000][info][gc,cpu         ] GC(593) User=0.01s Sys=0.00s Real=0.00s
[2024-08-28T13:06:14.306+0000][info][gc,marking     ] GC(593) Concurrent Mark 29.267ms
[2024-08-28T13:06:14.306+0000][info][gc,marking     ] GC(593) Concurrent Rebuild Remembered Sets
[2024-08-28T13:06:14.315+0000][info][gc,start       ] GC(594) Pause Young (Normal) (G1 Evacuation Pause)
[2024-08-28T13:06:14.315+0000][info][gc,task        ] GC(594) Using 24 workers of 68 for evacuation
[2024-08-28T13:06:14.326+0000][info][gc,phases      ] GC(594)   Pre Evacuate Collection Set: 0.1ms
[2024-08-28T13:06:14.326+0000][info][gc,phases      ] GC(594)   Merge Heap Roots: 0.2ms
[2024-08-28T13:06:14.326+0000][info][gc,phases      ] GC(594)   Evacuate Collection Set: 10.5ms
[2024-08-28T13:06:14.326+0000][info][gc,phases      ] GC(594)   Post Evacuate Collection Set: 0.4ms
[2024-08-28T13:06:14.326+0000][info][gc,phases      ] GC(594)   Other: 0.2ms
[2024-08-28T13:06:14.326+0000][info][gc,heap        ] GC(594) Eden regions: 44->0(44)
[2024-08-28T13:06:14.326+0000][info][gc,heap        ] GC(594) Survivor regions: 7->7(7)
[2024-08-28T13:06:14.326+0000][info][gc,heap        ] GC(594) Old regions: 831->877
[2024-08-28T13:06:14.326+0000][info][gc,heap        ] GC(594) Archive regions: 2->2
[2024-08-28T13:06:14.326+0000][info][gc,heap        ] GC(594) Humongous regions: 5->5
[2024-08-28T13:06:14.326+0000][info][gc,metaspace   ] GC(594) Metaspace: 100K(320K)->100K(320K) NonClass: 96K(192K)->96K(192K) Class: 4K(128K)->4K(128K)
[2024-08-28T13:06:14.326+0000][info][gc             ] GC(594) Pause Young (Normal) (G1 Evacuation Pause) 887M->889M(1024M) 11.611ms
[2024-08-28T13:06:14.326+0000][info][gc,cpu         ] GC(594) User=0.24s Sys=0.01s Real=0.01s
[2024-08-28T13:06:14.359+0000][info][gc,start       ] GC(595) Pause Young (Normal) (G1 Evacuation Pause)
[2024-08-28T13:06:14.359+0000][info][gc,task        ] GC(595) Using 24 workers of 68 for evacuation
[2024-08-28T13:06:14.375+0000][info][gc,phases      ] GC(595)   Pre Evacuate Collection Set: 0.1ms
[2024-08-28T13:06:14.375+0000][info][gc,phases      ] GC(595)   Merge Heap Roots: 0.5ms
[2024-08-28T13:06:14.375+0000][info][gc,phases      ] GC(595)   Evacuate Collection Set: 14.7ms
[2024-08-28T13:06:14.375+0000][info][gc,phases      ] GC(595)   Post Evacuate Collection Set: 0.6ms
[2024-08-28T13:06:14.375+0000][info][gc,phases      ] GC(595)   Other: 0.2ms
[2024-08-28T13:06:14.375+0000][info][gc,heap        ] GC(595) Eden regions: 44->0(44)
[2024-08-28T13:06:14.375+0000][info][gc,heap        ] GC(595) Survivor regions: 7->7(7)
[2024-08-28T13:06:14.375+0000][info][gc,heap        ] GC(595) Old regions: 877->924
[2024-08-28T13:06:14.375+0000][info][gc,heap        ] GC(595) Archive regions: 2->2
[2024-08-28T13:06:14.375+0000][info][gc,heap        ] GC(595) Humongous regions: 5->5
[2024-08-28T13:06:14.375+0000][info][gc,metaspace   ] GC(595) Metaspace: 100K(320K)->100K(320K) NonClass: 96K(192K)->96K(192K) Class: 4K(128K)->4K(128K)
[2024-08-28T13:06:14.375+0000][info][gc             ] GC(595) Pause Young (Normal) (G1 Evacuation Pause) 933M->936M(1024M) 16.224ms
[2024-08-28T13:06:14.375+0000][info][gc,cpu         ] GC(595) User=0.37s Sys=0.00s Real=0.01s
[2024-08-28T13:06:14.393+0000][info][gc,marking     ] GC(593) Concurrent Rebuild Remembered Sets 86.992ms
[2024-08-28T13:06:14.393+0000][info][gc,start       ] GC(593) Pause Cleanup
[2024-08-28T13:06:14.395+0000][info][gc             ] GC(593) Pause Cleanup 960M->960M(1024M) 2.091ms
[2024-08-28T13:06:14.395+0000][info][gc,cpu         ] GC(593) User=0.01s Sys=0.00s Real=0.00s
[2024-08-28T13:06:14.395+0000][info][gc,marking     ] GC(593) Concurrent Cleanup for Next Mark
[2024-08-28T13:06:14.396+0000][info][gc,marking     ] GC(593) Concurrent Cleanup for Next Mark 0.883ms
[2024-08-28T13:06:14.396+0000][info][gc             ] GC(593) Concurrent Mark Cycle 121.647ms
[2024-08-28T13:06:14.405+0000][info][gc,start       ] GC(596) Pause Young (Prepare Mixed) (G1 Preventive Collection)
[2024-08-28T13:06:14.405+0000][info][gc,task        ] GC(596) Using 24 workers of 68 for evacuation
[2024-08-28T13:06:14.422+0000][info][gc,phases      ] GC(596)   Pre Evacuate Collection Set: 0.1ms
[2024-08-28T13:06:14.422+0000][info][gc,phases      ] GC(596)   Merge Heap Roots: 0.6ms
[2024-08-28T13:06:14.422+0000][info][gc,phases      ] GC(596)   Evacuate Collection Set: 15.5ms
[2024-08-28T13:06:14.422+0000][info][gc,phases      ] GC(596)   Post Evacuate Collection Set: 0.3ms
[2024-08-28T13:06:14.422+0000][info][gc,phases      ] GC(596)   Other: 0.2ms
[2024-08-28T13:06:14.422+0000][info][gc,heap        ] GC(596) Eden regions: 37->0(44)
[2024-08-28T13:06:14.422+0000][info][gc,heap        ] GC(596) Survivor regions: 7->7(7)
[2024-08-28T13:06:14.422+0000][info][gc,heap        ] GC(596) Old regions: 924->964
[2024-08-28T13:06:14.422+0000][info][gc,heap        ] GC(596) Archive regions: 2->2
[2024-08-28T13:06:14.422+0000][info][gc,heap        ] GC(596) Humongous regions: 5->5
[2024-08-28T13:06:14.422+0000][info][gc,metaspace   ] GC(596) Metaspace: 100K(320K)->100K(320K) NonClass: 96K(192K)->96K(192K) Class: 4K(128K)->4K(128K)
[2024-08-28T13:06:14.422+0000][info][gc             ] GC(596) Pause Young (Prepare Mixed) (G1 Preventive Collection) 973M->976M(1024M) 16.831ms
[2024-08-28T13:06:14.422+0000][info][gc,cpu         ] GC(596) User=0.38s Sys=0.00s Real=0.02s
[2024-08-28T13:06:14.434+0000][info][gc,start       ] GC(597) Pause Young (Mixed) (G1 Preventive Collection)
[2024-08-28T13:06:14.434+0000][info][gc,task        ] GC(597) Using 24 workers of 68 for evacuation
[2024-08-28T13:06:14.442+0000][info][gc,phases      ] GC(597)   Pre Evacuate Collection Set: 0.2ms
[2024-08-28T13:06:14.442+0000][info][gc,phases      ] GC(597)   Merge Heap Roots: 0.2ms
[2024-08-28T13:06:14.442+0000][info][gc,phases      ] GC(597)   Evacuate Collection Set: 6.9ms
[2024-08-28T13:06:14.442+0000][info][gc,phases      ] GC(597)   Post Evacuate Collection Set: 0.4ms
[2024-08-28T13:06:14.442+0000][info][gc,phases      ] GC(597)   Other: 0.2ms
[2024-08-28T13:06:14.442+0000][info][gc,heap        ] GC(597) Eden regions: 18->0(44)
[2024-08-28T13:06:14.442+0000][info][gc,heap        ] GC(597) Survivor regions: 7->7(7)
[2024-08-28T13:06:14.442+0000][info][gc,heap        ] GC(597) Old regions: 964->882
[2024-08-28T13:06:14.442+0000][info][gc,heap        ] GC(597) Archive regions: 2->2
[2024-08-28T13:06:14.442+0000][info][gc,heap        ] GC(597) Humongous regions: 5->5
[2024-08-28T13:06:14.442+0000][info][gc,metaspace   ] GC(597) Metaspace: 100K(320K)->100K(320K) NonClass: 96K(192K)->96K(192K) Class: 4K(128K)->4K(128K)
[2024-08-28T13:06:14.442+0000][info][gc             ] GC(597) Pause Young (Mixed) (G1 Preventive Collection) 994M->894M(1024M) 8.157ms
[2024-08-28T13:06:14.442+0000][info][gc,cpu         ] GC(597) User=0.17s Sys=0.01s Real=0.01s
[2024-08-28T13:06:14.469+0000][info][gc,start       ] GC(598) Pause Young (Mixed) (G1 Evacuation Pause)
[2024-08-28T13:06:14.469+0000][info][gc,task        ] GC(598) Using 24 workers of 68 for evacuation
[2024-08-28T13:06:14.481+0000][info][gc,phases      ] GC(598)   Pre Evacuate Collection Set: 0.2ms
[2024-08-28T13:06:14.481+0000][info][gc,phases      ] GC(598)   Merge Heap Roots: 0.5ms
[2024-08-28T13:06:14.481+0000][info][gc,phases      ] GC(598)   Evacuate Collection Set: 10.7ms
[2024-08-28T13:06:14.481+0000][info][gc,phases      ] GC(598)   Post Evacuate Collection Set: 0.4ms
[2024-08-28T13:06:14.481+0000][info][gc,phases      ] GC(598)   Other: 0.2ms
[2024-08-28T13:06:14.481+0000][info][gc,heap        ] GC(598) Eden regions: 44->0(44)
[2024-08-28T13:06:14.481+0000][info][gc,heap        ] GC(598) Survivor regions: 7->7(7)
[2024-08-28T13:06:14.481+0000][info][gc,heap        ] GC(598) Old regions: 882->824
[2024-08-28T13:06:14.481+0000][info][gc,heap        ] GC(598) Archive regions: 2->2
[2024-08-28T13:06:14.481+0000][info][gc,heap        ] GC(598) Humongous regions: 5->5
[2024-08-28T13:06:14.481+0000][info][gc,metaspace   ] GC(598) Metaspace: 100K(320K)->100K(320K) NonClass: 96K(192K)->96K(192K) Class: 4K(128K)->4K(128K)
[2024-08-28T13:06:14.481+0000][info][gc             ] GC(598) Pause Young (Mixed) (G1 Evacuation Pause) 938M->836M(1024M) 12.251ms
[2024-08-28T13:06:14.481+0000][info][gc,cpu         ] GC(598) User=0.26s Sys=0.00s Real=0.02s
[2024-08-28T13:06:14.508+0000][info][gc,start       ] GC(599) Pause Young (Mixed) (G1 Evacuation Pause)
[2024-08-28T13:06:14.508+0000][info][gc,task        ] GC(599) Using 24 workers of 68 for evacuation
[2024-08-28T13:06:14.519+0000][info][gc,phases      ] GC(599)   Pre Evacuate Collection Set: 0.2ms
[2024-08-28T13:06:14.519+0000][info][gc,phases      ] GC(599)   Merge Heap Roots: 0.3ms
[2024-08-28T13:06:14.519+0000][info][gc,phases      ] GC(599)   Evacuate Collection Set: 10.7ms
[2024-08-28T13:06:14.520+0000][info][gc,phases      ] GC(599)   Post Evacuate Collection Set: 0.5ms
[2024-08-28T13:06:14.520+0000][info][gc,phases      ] GC(599)   Other: 0.3ms
[2024-08-28T13:06:14.520+0000][info][gc,heap        ] GC(599) Eden regions: 44->0(44)
[2024-08-28T13:06:14.520+0000][info][gc,heap        ] GC(599) Survivor regions: 7->7(7)
[2024-08-28T13:06:14.520+0000][info][gc,heap        ] GC(599) Old regions: 824->769
[2024-08-28T13:06:14.520+0000][info][gc,heap        ] GC(599) Archive regions: 2->2
[2024-08-28T13:06:14.520+0000][info][gc,heap        ] GC(599) Humongous regions: 5->5
[2024-08-28T13:06:14.520+0000][info][gc,metaspace   ] GC(599) Metaspace: 100K(320K)->100K(320K) NonClass: 96K(192K)->96K(192K) Class: 4K(128K)->4K(128K)
[2024-08-28T13:06:14.520+0000][info][gc             ] GC(599) Pause Young (Mixed) (G1 Evacuation Pause) 880M->781M(1024M) 12.127ms
[2024-08-28T13:06:14.520+0000][info][gc,cpu         ] GC(599) User=0.27s Sys=0.00s Real=0.02s
[2024-08-28T13:06:14.546+0000][info][gc,start       ] GC(600) Pause Young (Mixed) (G1 Evacuation Pause)
[2024-08-28T13:06:14.546+0000][info][gc,task        ] GC(600) Using 24 workers of 68 for evacuation
[2024-08-28T13:06:14.559+0000][info][gc,phases      ] GC(600)   Pre Evacuate Collection Set: 0.2ms
[2024-08-28T13:06:14.559+0000][info][gc,phases      ] GC(600)   Merge Heap Roots: 0.4ms
[2024-08-28T13:06:14.559+0000][info][gc,phases      ] GC(600)   Evacuate Collection Set: 11.6ms
[2024-08-28T13:06:14.559+0000][info][gc,phases      ] GC(600)   Post Evacuate Collection Set: 0.4ms
[2024-08-28T13:06:14.559+0000][info][gc,phases      ] GC(600)   Other: 0.2ms
[2024-08-28T13:06:14.559+0000][info][gc,heap        ] GC(600) Eden regions: 44->0(44)
[2024-08-28T13:06:14.559+0000][info][gc,heap        ] GC(600) Survivor regions: 7->7(7)
[2024-08-28T13:06:14.559+0000][info][gc,heap        ] GC(600) Old regions: 769->783
[2024-08-28T13:06:14.559+0000][info][gc,heap        ] GC(600) Archive regions: 2->2
[2024-08-28T13:06:14.559+0000][info][gc,heap        ] GC(600) Humongous regions: 5->5
[2024-08-28T13:06:14.559+0000][info][gc,metaspace   ] GC(600) Metaspace: 100K(320K)->100K(320K) NonClass: 96K(192K)->96K(192K) Class: 4K(128K)->4K(128K)
[2024-08-28T13:06:14.559+0000][info][gc             ] GC(600) Pause Young (Mixed) (G1 Evacuation Pause) 825M->795M(1024M) 12.904ms
[2024-08-28T13:06:14.559+0000][info][gc,cpu         ] GC(600) User=0.29s Sys=0.00s Real=0.02s
[2024-08-28T13:06:14.587+0000][info][gc,start       ] GC(601) Pause Young (Concurrent Start) (G1 Evacuation Pause)
[2024-08-28T13:06:14.587+0000][info][gc,task        ] GC(601) Using 24 workers of 68 for evacuation
[2024-08-28T13:06:14.599+0000][info][gc,phases      ] GC(601)   Pre Evacuate Collection Set: 0.2ms
[2024-08-28T13:06:14.599+0000][info][gc,phases      ] GC(601)   Merge Heap Roots: 0.4ms
[2024-08-28T13:06:14.599+0000][info][gc,phases      ] GC(601)   Evacuate Collection Set: 10.4ms
[2024-08-28T13:06:14.599+0000][info][gc,phases      ] GC(601)   Post Evacuate Collection Set: 0.3ms
[2024-08-28T13:06:14.599+0000][info][gc,phases      ] GC(601)   Other: 0.9ms
[2024-08-28T13:06:14.599+0000][info][gc,heap        ] GC(601) Eden regions: 44->0(44)
[2024-08-28T13:06:14.599+0000][info][gc,heap        ] GC(601) Survivor regions: 7->7(7)
[2024-08-28T13:06:14.599+0000][info][gc,heap        ] GC(601) Old regions: 783->829
[2024-08-28T13:06:14.599+0000][info][gc,heap        ] GC(601) Archive regions: 2->2
[2024-08-28T13:06:14.599+0000][info][gc,heap        ] GC(601) Humongous regions: 5->5
[2024-08-28T13:06:14.599+0000][info][gc,metaspace   ] GC(601) Metaspace: 100K(320K)->100K(320K) NonClass: 96K(192K)->96K(192K) Class: 4K(128K)->4K(128K)
[2024-08-28T13:06:14.599+0000][info][gc             ] GC(601) Pause Young (Concurrent Start) (G1 Evacuation Pause) 839M->841M(1024M) 12.376ms
[2024-08-28T13:06:14.599+0000][info][gc,cpu         ] GC(601) User=0.26s Sys=0.00s Real=0.02s
[2024-08-28T13:06:14.599+0000][info][gc             ] GC(602) Concurrent Mark Cycle
[2024-08-28T13:06:14.599+0000][info][gc,marking     ] GC(602) Concurrent Clear Claimed Marks
[2024-08-28T13:06:14.600+0000][info][gc,marking     ] GC(602) Concurrent Clear Claimed Marks 0.012ms
[2024-08-28T13:06:14.600+0000][info][gc,marking     ] GC(602) Concurrent Scan Root Regions
[2024-08-28T13:06:14.601+0000][info][gc,marking     ] GC(602) Concurrent Scan Root Regions 1.857ms
[2024-08-28T13:06:14.601+0000][info][gc,marking     ] GC(602) Concurrent Mark
[2024-08-28T13:06:14.601+0000][info][gc,marking     ] GC(602) Concurrent Mark From Roots
[2024-08-28T13:06:14.601+0000][info][gc,task        ] GC(602) Using 17 workers of 17 for marking
[2024-08-28T13:06:14.628+0000][info][gc,marking     ] GC(602) Concurrent Mark From Roots 26.750ms
[2024-08-28T13:06:14.628+0000][info][gc,marking     ] GC(602) Concurrent Preclean
[2024-08-28T13:06:14.629+0000][info][gc,marking     ] GC(602) Concurrent Preclean 0.678ms
[2024-08-28T13:06:14.629+0000][info][gc,start       ] GC(602) Pause Remark
[2024-08-28T13:06:14.631+0000][info][gc             ] GC(602) Pause Remark 873M->873M(1024M) 1.373ms
[2024-08-28T13:06:14.631+0000][info][gc,cpu         ] GC(602) User=0.01s Sys=0.01s Real=0.01s
[2024-08-28T13:06:14.631+0000][info][gc,marking     ] GC(602) Concurrent Mark 29.153ms
[2024-08-28T13:06:14.631+0000][info][gc,marking     ] GC(602) Concurrent Rebuild Remembered Sets
[2024-08-28T13:06:14.639+0000][info][gc,start       ] GC(603) Pause Young (Normal) (G1 Evacuation Pause)
[2024-08-28T13:06:14.639+0000][info][gc,task        ] GC(603) Using 24 workers of 68 for evacuation
[2024-08-28T13:06:14.651+0000][info][gc,phases      ] GC(603)   Pre Evacuate Collection Set: 0.1ms
[2024-08-28T13:06:14.651+0000][info][gc,phases      ] GC(603)   Merge Heap Roots: 0.4ms
[2024-08-28T13:06:14.651+0000][info][gc,phases      ] GC(603)   Evacuate Collection Set: 10.5ms
[2024-08-28T13:06:14.651+0000][info][gc,phases      ] GC(603)   Post Evacuate Collection Set: 0.5ms
[2024-08-28T13:06:14.651+0000][info][gc,phases      ] GC(603)   Other: 0.2ms
[2024-08-28T13:06:14.651+0000][info][gc,heap        ] GC(603) Eden regions: 44->0(44)
[2024-08-28T13:06:14.651+0000][info][gc,heap        ] GC(603) Survivor regions: 7->7(7)
[2024-08-28T13:06:14.651+0000][info][gc,heap        ] GC(603) Old regions: 829->875
[2024-08-28T13:06:14.651+0000][info][gc,heap        ] GC(603) Archive regions: 2->2
[2024-08-28T13:06:14.651+0000][info][gc,heap        ] GC(603) Humongous regions: 5->5
[2024-08-28T13:06:14.651+0000][info][gc,metaspace   ] GC(603) Metaspace: 100K(320K)->100K(320K) NonClass: 96K(192K)->96K(192K) Class: 4K(128K)->4K(128K)
[2024-08-28T13:06:14.651+0000][info][gc             ] GC(603) Pause Young (Normal) (G1 Evacuation Pause) 885M->887M(1024M) 11.769ms
[2024-08-28T13:06:14.651+0000][info][gc,cpu         ] GC(603) User=0.26s Sys=0.00s Real=0.01s
[2024-08-28T13:06:14.683+0000][info][gc,start       ] GC(604) Pause Young (Normal) (G1 Evacuation Pause)
[2024-08-28T13:06:14.683+0000][info][gc,task        ] GC(604) Using 24 workers of 68 for evacuation
[2024-08-28T13:06:14.699+0000][info][gc,phases      ] GC(604)   Pre Evacuate Collection Set: 0.1ms
[2024-08-28T13:06:14.699+0000][info][gc,phases      ] GC(604)   Merge Heap Roots: 0.5ms
[2024-08-28T13:06:14.699+0000][info][gc,phases      ] GC(604)   Evacuate Collection Set: 14.3ms
[2024-08-28T13:06:14.699+0000][info][gc,phases      ] GC(604)   Post Evacuate Collection Set: 0.6ms
[2024-08-28T13:06:14.699+0000][info][gc,phases      ] GC(604)   Other: 0.2ms
[2024-08-28T13:06:14.699+0000][info][gc,heap        ] GC(604) Eden regions: 44->0(44)
[2024-08-28T13:06:14.699+0000][info][gc,heap        ] GC(604) Survivor regions: 7->7(7)
[2024-08-28T13:06:14.699+0000][info][gc,heap        ] GC(604) Old regions: 875->921
[2024-08-28T13:06:14.699+0000][info][gc,heap        ] GC(604) Archive regions: 2->2
[2024-08-28T13:06:14.699+0000][info][gc,heap        ] GC(604) Humongous regions: 5->5
[2024-08-28T13:06:14.699+0000][info][gc,metaspace   ] GC(604) Metaspace: 100K(320K)->100K(320K) NonClass: 96K(192K)->96K(192K) Class: 4K(128K)->4K(128K)
[2024-08-28T13:06:14.699+0000][info][gc             ] GC(604) Pause Young (Normal) (G1 Evacuation Pause) 931M->933M(1024M) 15.800ms
[2024-08-28T13:06:14.699+0000][info][gc,cpu         ] GC(604) User=0.35s Sys=0.00s Real=0.02s
[2024-08-28T13:06:14.715+0000][info][gc,marking     ] GC(602) Concurrent Rebuild Remembered Sets 84.025ms
[2024-08-28T13:06:14.715+0000][info][gc,start       ] GC(602) Pause Cleanup
[2024-08-28T13:06:14.718+0000][info][gc             ] GC(602) Pause Cleanup 955M->955M(1024M) 2.547ms
[2024-08-28T13:06:14.718+0000][info][gc,cpu         ] GC(602) User=0.01s Sys=0.00s Real=0.01s
[2024-08-28T13:06:14.718+0000][info][gc,marking     ] GC(602) Concurrent Cleanup for Next Mark
[2024-08-28T13:06:14.719+0000][info][gc,marking     ] GC(602) Concurrent Cleanup for Next Mark 0.897ms
[2024-08-28T13:06:14.719+0000][info][gc             ] GC(602) Concurrent Mark Cycle 119.260ms
[2024-08-28T13:06:14.730+0000][info][gc,start       ] GC(605) Pause Young (Prepare Mixed) (G1 Preventive Collection)
[2024-08-28T13:06:14.730+0000][info][gc,task        ] GC(605) Using 24 workers of 68 for evacuation
[2024-08-28T13:06:14.747+0000][info][gc,phases      ] GC(605)   Pre Evacuate Collection Set: 0.2ms
[2024-08-28T13:06:14.747+0000][info][gc,phases      ] GC(605)   Merge Heap Roots: 0.5ms
[2024-08-28T13:06:14.747+0000][info][gc,phases      ] GC(605)   Evacuate Collection Set: 15.7ms
[2024-08-28T13:06:14.747+0000][info][gc,phases      ] GC(605)   Post Evacuate Collection Set: 0.3ms
[2024-08-28T13:06:14.747+0000][info][gc,phases      ] GC(605)   Other: 0.2ms
[2024-08-28T13:06:14.747+0000][info][gc,heap        ] GC(605) Eden regions: 39->0(44)
[2024-08-28T13:06:14.747+0000][info][gc,heap        ] GC(605) Survivor regions: 7->7(7)
[2024-08-28T13:06:14.747+0000][info][gc,heap        ] GC(605) Old regions: 921->963
[2024-08-28T13:06:14.747+0000][info][gc,heap        ] GC(605) Archive regions: 2->2
[2024-08-28T13:06:14.747+0000][info][gc,heap        ] GC(605) Humongous regions: 5->5
[2024-08-28T13:06:14.747+0000][info][gc,metaspace   ] GC(605) Metaspace: 100K(320K)->100K(320K) NonClass: 96K(192K)->96K(192K) Class: 4K(128K)->4K(128K)
[2024-08-28T13:06:14.747+0000][info][gc             ] GC(605) Pause Young (Prepare Mixed) (G1 Preventive Collection) 972M->975M(1024M) 17.025ms
[2024-08-28T13:06:14.747+0000][info][gc,cpu         ] GC(605) User=0.39s Sys=0.00s Real=0.01s
[2024-08-28T13:06:14.760+0000][info][gc,start       ] GC(606) Pause Young (Mixed) (G1 Preventive Collection)
[2024-08-28T13:06:14.760+0000][info][gc,task        ] GC(606) Using 24 workers of 68 for evacuation
[2024-08-28T13:06:14.767+0000][info][gc,phases      ] GC(606)   Pre Evacuate Collection Set: 0.2ms
[2024-08-28T13:06:14.767+0000][info][gc,phases      ] GC(606)   Merge Heap Roots: 0.3ms
[2024-08-28T13:06:14.767+0000][info][gc,phases      ] GC(606)   Evacuate Collection Set: 6.7ms
[2024-08-28T13:06:14.767+0000][info][gc,phases      ] GC(606)   Post Evacuate Collection Set: 0.3ms
[2024-08-28T13:06:14.767+0000][info][gc,phases      ] GC(606)   Other: 0.2ms
[2024-08-28T13:06:14.767+0000][info][gc,heap        ] GC(606) Eden regions: 18->0(44)
[2024-08-28T13:06:14.767+0000][info][gc,heap        ] GC(606) Survivor regions: 7->7(7)
[2024-08-28T13:06:14.767+0000][info][gc,heap        ] GC(606) Old regions: 963->881
[2024-08-28T13:06:14.767+0000][info][gc,heap        ] GC(606) Archive regions: 2->2
[2024-08-28T13:06:14.767+0000][info][gc,heap        ] GC(606) Humongous regions: 5->5
[2024-08-28T13:06:14.767+0000][info][gc,metaspace   ] GC(606) Metaspace: 100K(320K)->100K(320K) NonClass: 96K(192K)->96K(192K) Class: 4K(128K)->4K(128K)
[2024-08-28T13:06:14.767+0000][info][gc             ] GC(606) Pause Young (Mixed) (G1 Preventive Collection) 993M->893M(1024M) 7.889ms
[2024-08-28T13:06:14.767+0000][info][gc,cpu         ] GC(606) User=0.17s Sys=0.00s Real=0.00s
[2024-08-28T13:06:14.794+0000][info][gc,start       ] GC(607) Pause Young (Mixed) (G1 Evacuation Pause)
[2024-08-28T13:06:14.794+0000][info][gc,task        ] GC(607) Using 24 workers of 68 for evacuation
[2024-08-28T13:06:14.806+0000][info][gc,phases      ] GC(607)   Pre Evacuate Collection Set: 0.2ms
[2024-08-28T13:06:14.806+0000][info][gc,phases      ] GC(607)   Merge Heap Roots: 0.3ms
[2024-08-28T13:06:14.806+0000][info][gc,phases      ] GC(607)   Evacuate Collection Set: 10.7ms
[2024-08-28T13:06:14.806+0000][info][gc,phases      ] GC(607)   Post Evacuate Collection Set: 0.5ms
[2024-08-28T13:06:14.806+0000][info][gc,phases      ] GC(607)   Other: 0.3ms
[2024-08-28T13:06:14.806+0000][info][gc,heap        ] GC(607) Eden regions: 44->0(44)
[2024-08-28T13:06:14.806+0000][info][gc,heap        ] GC(607) Survivor regions: 7->7(7)
[2024-08-28T13:06:14.806+0000][info][gc,heap        ] GC(607) Old regions: 881->823
[2024-08-28T13:06:14.806+0000][info][gc,heap        ] GC(607) Archive regions: 2->2
[2024-08-28T13:06:14.806+0000][info][gc,heap        ] GC(607) Humongous regions: 5->5
[2024-08-28T13:06:14.806+0000][info][gc,metaspace   ] GC(607) Metaspace: 100K(320K)->100K(320K) NonClass: 96K(192K)->96K(192K) Class: 4K(128K)->4K(128K)
[2024-08-28T13:06:14.806+0000][info][gc             ] GC(607) Pause Young (Mixed) (G1 Evacuation Pause) 937M->835M(1024M) 12.101ms
[2024-08-28T13:06:14.806+0000][info][gc,cpu         ] GC(607) User=0.26s Sys=0.00s Real=0.01s
[2024-08-28T13:06:14.833+0000][info][gc,start       ] GC(608) Pause Young (Mixed) (G1 Evacuation Pause)
[2024-08-28T13:06:14.833+0000][info][gc,task        ] GC(608) Using 24 workers of 68 for evacuation
[2024-08-28T13:06:14.846+0000][info][gc,phases      ] GC(608)   Pre Evacuate Collection Set: 0.2ms
[2024-08-28T13:06:14.846+0000][info][gc,phases      ] GC(608)   Merge Heap Roots: 0.4ms
[2024-08-28T13:06:14.846+0000][info][gc,phases      ] GC(608)   Evacuate Collection Set: 11.1ms
[2024-08-28T13:06:14.846+0000][info][gc,phases      ] GC(608)   Post Evacuate Collection Set: 0.5ms
[2024-08-28T13:06:14.846+0000][info][gc,phases      ] GC(608)   Other: 0.3ms
[2024-08-28T13:06:14.846+0000][info][gc,heap        ] GC(608) Eden regions: 44->0(44)
[2024-08-28T13:06:14.846+0000][info][gc,heap        ] GC(608) Survivor regions: 7->7(7)
[2024-08-28T13:06:14.846+0000][info][gc,heap        ] GC(608) Old regions: 823->768
[2024-08-28T13:06:14.846+0000][info][gc,heap        ] GC(608) Archive regions: 2->2
[2024-08-28T13:06:14.846+0000][info][gc,heap        ] GC(608) Humongous regions: 5->5
[2024-08-28T13:06:14.846+0000][info][gc,metaspace   ] GC(608) Metaspace: 100K(320K)->100K(320K) NonClass: 96K(192K)->96K(192K) Class: 4K(128K)->4K(128K)
[2024-08-28T13:06:14.846+0000][info][gc             ] GC(608) Pause Young (Mixed) (G1 Evacuation Pause) 879M->780M(1024M) 12.706ms
[2024-08-28T13:06:14.846+0000][info][gc,cpu         ] GC(608) User=0.27s Sys=0.01s Real=0.01s
[2024-08-28T13:06:14.873+0000][info][gc,start       ] GC(609) Pause Young (Mixed) (G1 Evacuation Pause)
[2024-08-28T13:06:14.873+0000][info][gc,task        ] GC(609) Using 24 workers of 68 for evacuation
[2024-08-28T13:06:14.886+0000][info][gc,phases      ] GC(609)   Pre Evacuate Collection Set: 0.2ms
[2024-08-28T13:06:14.886+0000][info][gc,phases      ] GC(609)   Merge Heap Roots: 0.3ms
[2024-08-28T13:06:14.886+0000][info][gc,phases      ] GC(609)   Evacuate Collection Set: 11.7ms
[2024-08-28T13:06:14.886+0000][info][gc,phases      ] GC(609)   Post Evacuate Collection Set: 0.4ms
[2024-08-28T13:06:14.886+0000][info][gc,phases      ] GC(609)   Other: 0.4ms
[2024-08-28T13:06:14.886+0000][info][gc,heap        ] GC(609) Eden regions: 44->0(44)
[2024-08-28T13:06:14.886+0000][info][gc,heap        ] GC(609) Survivor regions: 7->7(7)
[2024-08-28T13:06:14.886+0000][info][gc,heap        ] GC(609) Old regions: 768->785
[2024-08-28T13:06:14.886+0000][info][gc,heap        ] GC(609) Archive regions: 2->2
[2024-08-28T13:06:14.886+0000][info][gc,heap        ] GC(609) Humongous regions: 5->5
[2024-08-28T13:06:14.886+0000][info][gc,metaspace   ] GC(609) Metaspace: 100K(320K)->100K(320K) NonClass: 96K(192K)->96K(192K) Class: 4K(128K)->4K(128K)
[2024-08-28T13:06:14.886+0000][info][gc             ] GC(609) Pause Young (Mixed) (G1 Evacuation Pause) 824M->797M(1024M) 13.111ms
[2024-08-28T13:06:14.886+0000][info][gc,cpu         ] GC(609) User=0.28s Sys=0.01s Real=0.01s
[2024-08-28T13:06:14.914+0000][info][gc,start       ] GC(610) Pause Young (Concurrent Start) (G1 Evacuation Pause)
[2024-08-28T13:06:14.914+0000][info][gc,task        ] GC(610) Using 24 workers of 68 for evacuation
[2024-08-28T13:06:14.926+0000][info][gc,phases      ] GC(610)   Pre Evacuate Collection Set: 0.2ms
[2024-08-28T13:06:14.926+0000][info][gc,phases      ] GC(610)   Merge Heap Roots: 0.3ms
[2024-08-28T13:06:14.926+0000][info][gc,phases      ] GC(610)   Evacuate Collection Set: 10.6ms
[2024-08-28T13:06:14.926+0000][info][gc,phases      ] GC(610)   Post Evacuate Collection Set: 0.4ms
[2024-08-28T13:06:14.926+0000][info][gc,phases      ] GC(610)   Other: 1.1ms
[2024-08-28T13:06:14.926+0000][info][gc,heap        ] GC(610) Eden regions: 44->0(44)
[2024-08-28T13:06:14.926+0000][info][gc,heap        ] GC(610) Survivor regions: 7->7(7)
[2024-08-28T13:06:14.926+0000][info][gc,heap        ] GC(610) Old regions: 785->831
[2024-08-28T13:06:14.926+0000][info][gc,heap        ] GC(610) Archive regions: 2->2
[2024-08-28T13:06:14.926+0000][info][gc,heap        ] GC(610) Humongous regions: 5->5
[2024-08-28T13:06:14.926+0000][info][gc,metaspace   ] GC(610) Metaspace: 100K(320K)->100K(320K) NonClass: 96K(192K)->96K(192K) Class: 4K(128K)->4K(128K)
[2024-08-28T13:06:14.926+0000][info][gc             ] GC(610) Pause Young (Concurrent Start) (G1 Evacuation Pause) 841M->843M(1024M) 12.638ms
[2024-08-28T13:06:14.926+0000][info][gc,cpu         ] GC(610) User=0.25s Sys=0.00s Real=0.01s
[2024-08-28T13:06:14.926+0000][info][gc             ] GC(611) Concurrent Mark Cycle
[2024-08-28T13:06:14.926+0000][info][gc,marking     ] GC(611) Concurrent Clear Claimed Marks
[2024-08-28T13:06:14.926+0000][info][gc,marking     ] GC(611) Concurrent Clear Claimed Marks 0.013ms
[2024-08-28T13:06:14.926+0000][info][gc,marking     ] GC(611) Concurrent Scan Root Regions
[2024-08-28T13:06:14.928+0000][info][gc,marking     ] GC(611) Concurrent Scan Root Regions 1.964ms
[2024-08-28T13:06:14.928+0000][info][gc,marking     ] GC(611) Concurrent Mark
[2024-08-28T13:06:14.928+0000][info][gc,marking     ] GC(611) Concurrent Mark From Roots
[2024-08-28T13:06:14.928+0000][info][gc,task        ] GC(611) Using 17 workers of 17 for marking
[2024-08-28T13:06:14.955+0000][info][gc,marking     ] GC(611) Concurrent Mark From Roots 26.787ms
[2024-08-28T13:06:14.955+0000][info][gc,marking     ] GC(611) Concurrent Preclean
[2024-08-28T13:06:14.957+0000][info][gc,marking     ] GC(611) Concurrent Preclean 1.395ms
[2024-08-28T13:06:14.957+0000][info][gc,start       ] GC(611) Pause Remark
[2024-08-28T13:06:14.959+0000][info][gc             ] GC(611) Pause Remark 876M->876M(1024M) 1.899ms
[2024-08-28T13:06:14.959+0000][info][gc,cpu         ] GC(611) User=0.01s Sys=0.00s Real=0.01s
[2024-08-28T13:06:14.959+0000][info][gc,marking     ] GC(611) Concurrent Mark 30.635ms
[2024-08-28T13:06:14.959+0000][info][gc,marking     ] GC(611) Concurrent Rebuild Remembered Sets
[2024-08-28T13:06:14.967+0000][info][gc,start       ] GC(612) Pause Young (Normal) (G1 Evacuation Pause)
[2024-08-28T13:06:14.967+0000][info][gc,task        ] GC(612) Using 24 workers of 68 for evacuation
[2024-08-28T13:06:14.979+0000][info][gc,phases      ] GC(612)   Pre Evacuate Collection Set: 0.1ms
[2024-08-28T13:06:14.979+0000][info][gc,phases      ] GC(612)   Merge Heap Roots: 0.4ms
[2024-08-28T13:06:14.979+0000][info][gc,phases      ] GC(612)   Evacuate Collection Set: 10.6ms
[2024-08-28T13:06:14.979+0000][info][gc,phases      ] GC(612)   Post Evacuate Collection Set: 0.4ms
[2024-08-28T13:06:14.979+0000][info][gc,phases      ] GC(612)   Other: 0.2ms
[2024-08-28T13:06:14.979+0000][info][gc,heap        ] GC(612) Eden regions: 44->0(44)
[2024-08-28T13:06:14.979+0000][info][gc,heap        ] GC(612) Survivor regions: 7->7(7)
[2024-08-28T13:06:14.979+0000][info][gc,heap        ] GC(612) Old regions: 831->877
[2024-08-28T13:06:14.979+0000][info][gc,heap        ] GC(612) Archive regions: 2->2
[2024-08-28T13:06:14.979+0000][info][gc,heap        ] GC(612) Humongous regions: 5->5
[2024-08-28T13:06:14.979+0000][info][gc,metaspace   ] GC(612) Metaspace: 100K(320K)->100K(320K) NonClass: 96K(192K)->96K(192K) Class: 4K(128K)->4K(128K)
[2024-08-28T13:06:14.979+0000][info][gc             ] GC(612) Pause Young (Normal) (G1 Evacuation Pause) 887M->889M(1024M) 11.847ms
[2024-08-28T13:06:14.979+0000][info][gc,cpu         ] GC(612) User=0.27s Sys=0.00s Real=0.02s
[2024-08-28T13:06:15.011+0000][info][gc,start       ] GC(613) Pause Young (Normal) (G1 Evacuation Pause)
[2024-08-28T13:06:15.011+0000][info][gc,task        ] GC(613) Using 24 workers of 68 for evacuation
[2024-08-28T13:06:15.027+0000][info][gc,phases      ] GC(613)   Pre Evacuate Collection Set: 0.1ms
[2024-08-28T13:06:15.027+0000][info][gc,phases      ] GC(613)   Merge Heap Roots: 0.3ms
[2024-08-28T13:06:15.027+0000][info][gc,phases      ] GC(613)   Evacuate Collection Set: 14.5ms
[2024-08-28T13:06:15.027+0000][info][gc,phases      ] GC(613)   Post Evacuate Collection Set: 0.6ms
[2024-08-28T13:06:15.027+0000][info][gc,phases      ] GC(613)   Other: 0.2ms
[2024-08-28T13:06:15.027+0000][info][gc,heap        ] GC(613) Eden regions: 44->0(44)
[2024-08-28T13:06:15.027+0000][info][gc,heap        ] GC(613) Survivor regions: 7->7(7)
[2024-08-28T13:06:15.027+0000][info][gc,heap        ] GC(613) Old regions: 877->925
[2024-08-28T13:06:15.027+0000][info][gc,heap        ] GC(613) Archive regions: 2->2
[2024-08-28T13:06:15.027+0000][info][gc,heap        ] GC(613) Humongous regions: 5->5
[2024-08-28T13:06:15.027+0000][info][gc,metaspace   ] GC(613) Metaspace: 100K(320K)->100K(320K) NonClass: 96K(192K)->96K(192K) Class: 4K(128K)->4K(128K)
[2024-08-28T13:06:15.027+0000][info][gc             ] GC(613) Pause Young (Normal) (G1 Evacuation Pause) 933M->937M(1024M) 15.813ms
[2024-08-28T13:06:15.027+0000][info][gc,cpu         ] GC(613) User=0.35s Sys=0.00s Real=0.01s
[2024-08-28T13:06:15.043+0000][info][gc,marking     ] GC(611) Concurrent Rebuild Remembered Sets 83.783ms
[2024-08-28T13:06:15.043+0000][info][gc,start       ] GC(611) Pause Cleanup
[2024-08-28T13:06:15.045+0000][info][gc             ] GC(611) Pause Cleanup 961M->961M(1024M) 1.499ms
[2024-08-28T13:06:15.045+0000][info][gc,cpu         ] GC(611) User=0.01s Sys=0.00s Real=0.00s
[2024-08-28T13:06:15.045+0000][info][gc,marking     ] GC(611) Concurrent Cleanup for Next Mark
[2024-08-28T13:06:15.046+0000][info][gc,marking     ] GC(611) Concurrent Cleanup for Next Mark 0.946ms
[2024-08-28T13:06:15.046+0000][info][gc             ] GC(611) Concurrent Mark Cycle 119.296ms
[2024-08-28T13:06:15.055+0000][info][gc,start       ] GC(614) Pause Young (Prepare Mixed) (G1 Preventive Collection)
[2024-08-28T13:06:15.055+0000][info][gc,task        ] GC(614) Using 24 workers of 68 for evacuation
[2024-08-28T13:06:15.072+0000][info][gc,phases      ] GC(614)   Pre Evacuate Collection Set: 0.2ms
[2024-08-28T13:06:15.072+0000][info][gc,phases      ] GC(614)   Merge Heap Roots: 0.6ms
[2024-08-28T13:06:15.072+0000][info][gc,phases      ] GC(614)   Evacuate Collection Set: 15.3ms
[2024-08-28T13:06:15.072+0000][info][gc,phases      ] GC(614)   Post Evacuate Collection Set: 0.3ms
[2024-08-28T13:06:15.072+0000][info][gc,phases      ] GC(614)   Other: 0.2ms
[2024-08-28T13:06:15.072+0000][info][gc,heap        ] GC(614) Eden regions: 37->0(44)
[2024-08-28T13:06:15.072+0000][info][gc,heap        ] GC(614) Survivor regions: 7->7(7)
[2024-08-28T13:06:15.072+0000][info][gc,heap        ] GC(614) Old regions: 925->965
[2024-08-28T13:06:15.072+0000][info][gc,heap        ] GC(614) Archive regions: 2->2
[2024-08-28T13:06:15.072+0000][info][gc,heap        ] GC(614) Humongous regions: 5->5
[2024-08-28T13:06:15.072+0000][info][gc,metaspace   ] GC(614) Metaspace: 100K(320K)->100K(320K) NonClass: 96K(192K)->96K(192K) Class: 4K(128K)->4K(128K)
[2024-08-28T13:06:15.072+0000][info][gc             ] GC(614) Pause Young (Prepare Mixed) (G1 Preventive Collection) 974M->977M(1024M) 16.697ms
[2024-08-28T13:06:15.072+0000][info][gc,cpu         ] GC(614) User=0.38s Sys=0.00s Real=0.02s
[2024-08-28T13:06:15.083+0000][info][gc,start       ] GC(615) Pause Young (Mixed) (G1 Preventive Collection)
[2024-08-28T13:06:15.083+0000][info][gc,task        ] GC(615) Using 24 workers of 68 for evacuation
[2024-08-28T13:06:15.091+0000][info][gc,phases      ] GC(615)   Pre Evacuate Collection Set: 0.2ms
[2024-08-28T13:06:15.091+0000][info][gc,phases      ] GC(615)   Merge Heap Roots: 0.4ms
[2024-08-28T13:06:15.091+0000][info][gc,phases      ] GC(615)   Evacuate Collection Set: 6.5ms
[2024-08-28T13:06:15.091+0000][info][gc,phases      ] GC(615)   Post Evacuate Collection Set: 0.4ms
[2024-08-28T13:06:15.091+0000][info][gc,phases      ] GC(615)   Other: 0.3ms
[2024-08-28T13:06:15.091+0000][info][gc,heap        ] GC(615) Eden regions: 17->0(44)
[2024-08-28T13:06:15.091+0000][info][gc,heap        ] GC(615) Survivor regions: 7->7(7)
[2024-08-28T13:06:15.091+0000][info][gc,heap        ] GC(615) Old regions: 965->882
[2024-08-28T13:06:15.091+0000][info][gc,heap        ] GC(615) Archive regions: 2->2
[2024-08-28T13:06:15.091+0000][info][gc,heap        ] GC(615) Humongous regions: 5->5
[2024-08-28T13:06:15.091+0000][info][gc,metaspace   ] GC(615) Metaspace: 100K(320K)->100K(320K) NonClass: 96K(192K)->96K(192K) Class: 4K(128K)->4K(128K)
[2024-08-28T13:06:15.091+0000][info][gc             ] GC(615) Pause Young (Mixed) (G1 Preventive Collection) 994M->894M(1024M) 7.837ms
[2024-08-28T13:06:15.091+0000][info][gc,cpu         ] GC(615) User=0.16s Sys=0.00s Real=0.01s
[2024-08-28T13:06:15.117+0000][info][gc,start       ] GC(616) Pause Young (Mixed) (G1 Evacuation Pause)
[2024-08-28T13:06:15.117+0000][info][gc,task        ] GC(616) Using 24 workers of 68 for evacuation
[2024-08-28T13:06:15.129+0000][info][gc,phases      ] GC(616)   Pre Evacuate Collection Set: 0.2ms
[2024-08-28T13:06:15.129+0000][info][gc,phases      ] GC(616)   Merge Heap Roots: 0.5ms
[2024-08-28T13:06:15.129+0000][info][gc,phases      ] GC(616)   Evacuate Collection Set: 10.8ms
[2024-08-28T13:06:15.129+0000][info][gc,phases      ] GC(616)   Post Evacuate Collection Set: 0.4ms
[2024-08-28T13:06:15.129+0000][info][gc,phases      ] GC(616)   Other: 0.2ms
[2024-08-28T13:06:15.129+0000][info][gc,heap        ] GC(616) Eden regions: 44->0(44)
[2024-08-28T13:06:15.129+0000][info][gc,heap        ] GC(616) Survivor regions: 7->7(7)
[2024-08-28T13:06:15.129+0000][info][gc,heap        ] GC(616) Old regions: 882->825
[2024-08-28T13:06:15.129+0000][info][gc,heap        ] GC(616) Archive regions: 2->2
[2024-08-28T13:06:15.130+0000][info][gc,heap        ] GC(616) Humongous regions: 5->5
[2024-08-28T13:06:15.130+0000][info][gc,metaspace   ] GC(616) Metaspace: 100K(320K)->100K(320K) NonClass: 96K(192K)->96K(192K) Class: 4K(128K)->4K(128K)
[2024-08-28T13:06:15.130+0000][info][gc             ] GC(616) Pause Young (Mixed) (G1 Evacuation Pause) 938M->837M(1024M) 12.292ms
[2024-08-28T13:06:15.130+0000][info][gc,cpu         ] GC(616) User=0.26s Sys=0.01s Real=0.02s
[2024-08-28T13:06:15.156+0000][info][gc,start       ] GC(617) Pause Young (Mixed) (G1 Evacuation Pause)
[2024-08-28T13:06:15.156+0000][info][gc,task        ] GC(617) Using 24 workers of 68 for evacuation
[2024-08-28T13:06:15.168+0000][info][gc,phases      ] GC(617)   Pre Evacuate Collection Set: 0.2ms
[2024-08-28T13:06:15.168+0000][info][gc,phases      ] GC(617)   Merge Heap Roots: 0.4ms
[2024-08-28T13:06:15.168+0000][info][gc,phases      ] GC(617)   Evacuate Collection Set: 10.7ms
[2024-08-28T13:06:15.168+0000][info][gc,phases      ] GC(617)   Post Evacuate Collection Set: 0.4ms
[2024-08-28T13:06:15.168+0000][info][gc,phases      ] GC(617)   Other: 0.3ms
[2024-08-28T13:06:15.168+0000][info][gc,heap        ] GC(617) Eden regions: 44->0(44)
[2024-08-28T13:06:15.168+0000][info][gc,heap        ] GC(617) Survivor regions: 7->7(7)
[2024-08-28T13:06:15.168+0000][info][gc,heap        ] GC(617) Old regions: 825->768
[2024-08-28T13:06:15.168+0000][info][gc,heap        ] GC(617) Archive regions: 2->2
[2024-08-28T13:06:15.168+0000][info][gc,heap        ] GC(617) Humongous regions: 5->5
[2024-08-28T13:06:15.168+0000][info][gc,metaspace   ] GC(617) Metaspace: 100K(320K)->100K(320K) NonClass: 96K(192K)->96K(192K) Class: 4K(128K)->4K(128K)
[2024-08-28T13:06:15.168+0000][info][gc             ] GC(617) Pause Young (Mixed) (G1 Evacuation Pause) 881M->780M(1024M) 12.254ms
[2024-08-28T13:06:15.168+0000][info][gc,cpu         ] GC(617) User=0.27s Sys=0.00s Real=0.01s
[2024-08-28T13:06:15.194+0000][info][gc,start       ] GC(618) Pause Young (Mixed) (G1 Evacuation Pause)
[2024-08-28T13:06:15.194+0000][info][gc,task        ] GC(618) Using 24 workers of 68 for evacuation
[2024-08-28T13:06:15.206+0000][info][gc,phases      ] GC(618)   Pre Evacuate Collection Set: 0.2ms
[2024-08-28T13:06:15.206+0000][info][gc,phases      ] GC(618)   Merge Heap Roots: 0.4ms
[2024-08-28T13:06:15.206+0000][info][gc,phases      ] GC(618)   Evacuate Collection Set: 11.2ms
[2024-08-28T13:06:15.206+0000][info][gc,phases      ] GC(618)   Post Evacuate Collection Set: 0.4ms
[2024-08-28T13:06:15.206+0000][info][gc,phases      ] GC(618)   Other: 0.3ms
[2024-08-28T13:06:15.207+0000][info][gc,heap        ] GC(618) Eden regions: 44->0(44)
[2024-08-28T13:06:15.207+0000][info][gc,heap        ] GC(618) Survivor regions: 7->7(7)
[2024-08-28T13:06:15.207+0000][info][gc,heap        ] GC(618) Old regions: 768->784
[2024-08-28T13:06:15.207+0000][info][gc,heap        ] GC(618) Archive regions: 2->2
[2024-08-28T13:06:15.207+0000][info][gc,heap        ] GC(618) Humongous regions: 5->5
[2024-08-28T13:06:15.207+0000][info][gc,metaspace   ] GC(618) Metaspace: 100K(320K)->100K(320K) NonClass: 96K(192K)->96K(192K) Class: 4K(128K)->4K(128K)
[2024-08-28T13:06:15.207+0000][info][gc             ] GC(618) Pause Young (Mixed) (G1 Evacuation Pause) 824M->796M(1024M) 12.619ms
[2024-08-28T13:06:15.207+0000][info][gc,cpu         ] GC(618) User=0.27s Sys=0.00s Real=0.01s
[2024-08-28T13:06:15.233+0000][info][gc,start       ] GC(619) Pause Young (Concurrent Start) (G1 Evacuation Pause)
[2024-08-28T13:06:15.233+0000][info][gc,task        ] GC(619) Using 24 workers of 68 for evacuation
[2024-08-28T13:06:15.245+0000][info][gc,phases      ] GC(619)   Pre Evacuate Collection Set: 0.2ms
[2024-08-28T13:06:15.245+0000][info][gc,phases      ] GC(619)   Merge Heap Roots: 0.4ms
[2024-08-28T13:06:15.245+0000][info][gc,phases      ] GC(619)   Evacuate Collection Set: 10.3ms
[2024-08-28T13:06:15.245+0000][info][gc,phases      ] GC(619)   Post Evacuate Collection Set: 0.4ms
[2024-08-28T13:06:15.245+0000][info][gc,phases      ] GC(619)   Other: 1.0ms
[2024-08-28T13:06:15.245+0000][info][gc,heap        ] GC(619) Eden regions: 44->0(44)
[2024-08-28T13:06:15.245+0000][info][gc,heap        ] GC(619) Survivor regions: 7->7(7)
[2024-08-28T13:06:15.245+0000][info][gc,heap        ] GC(619) Old regions: 784->831
[2024-08-28T13:06:15.245+0000][info][gc,heap        ] GC(619) Archive regions: 2->2
[2024-08-28T13:06:15.246+0000][info][gc,heap        ] GC(619) Humongous regions: 5->5
[2024-08-28T13:06:15.246+0000][info][gc,metaspace   ] GC(619) Metaspace: 100K(320K)->100K(320K) NonClass: 96K(192K)->96K(192K) Class: 4K(128K)->4K(128K)
[2024-08-28T13:06:15.246+0000][info][gc             ] GC(619) Pause Young (Concurrent Start) (G1 Evacuation Pause) 840M->843M(1024M) 12.542ms
[2024-08-28T13:06:15.246+0000][info][gc,cpu         ] GC(619) User=0.25s Sys=0.00s Real=0.01s
[2024-08-28T13:06:15.246+0000][info][gc             ] GC(620) Concurrent Mark Cycle
[2024-08-28T13:06:15.246+0000][info][gc,marking     ] GC(620) Concurrent Clear Claimed Marks
[2024-08-28T13:06:15.246+0000][info][gc,marking     ] GC(620) Concurrent Clear Claimed Marks 0.009ms
[2024-08-28T13:06:15.246+0000][info][gc,marking     ] GC(620) Concurrent Scan Root Regions
[2024-08-28T13:06:15.247+0000][info][gc,marking     ] GC(620) Concurrent Scan Root Regions 1.742ms
[2024-08-28T13:06:15.248+0000][info][gc,marking     ] GC(620) Concurrent Mark
[2024-08-28T13:06:15.248+0000][info][gc,marking     ] GC(620) Concurrent Mark From Roots
[2024-08-28T13:06:15.248+0000][info][gc,task        ] GC(620) Using 17 workers of 17 for marking
[2024-08-28T13:06:15.273+0000][info][gc,marking     ] GC(620) Concurrent Mark From Roots 25.303ms
[2024-08-28T13:06:15.273+0000][info][gc,marking     ] GC(620) Concurrent Preclean
[2024-08-28T13:06:15.273+0000][info][gc,marking     ] GC(620) Concurrent Preclean 0.502ms
[2024-08-28T13:06:15.274+0000][info][gc,start       ] GC(620) Pause Remark
[2024-08-28T13:06:15.275+0000][info][gc             ] GC(620) Pause Remark 872M->872M(1024M) 1.222ms
[2024-08-28T13:06:15.275+0000][info][gc,cpu         ] GC(620) User=0.01s Sys=0.00s Real=0.00s
[2024-08-28T13:06:15.275+0000][info][gc,marking     ] GC(620) Concurrent Mark 27.367ms
[2024-08-28T13:06:15.275+0000][info][gc,marking     ] GC(620) Concurrent Rebuild Remembered Sets
[2024-08-28T13:06:15.285+0000][info][gc,start       ] GC(621) Pause Young (Normal) (G1 Evacuation Pause)
[2024-08-28T13:06:15.285+0000][info][gc,task        ] GC(621) Using 24 workers of 68 for evacuation
[2024-08-28T13:06:15.296+0000][info][gc,phases      ] GC(621)   Pre Evacuate Collection Set: 0.1ms
[2024-08-28T13:06:15.296+0000][info][gc,phases      ] GC(621)   Merge Heap Roots: 0.2ms
[2024-08-28T13:06:15.296+0000][info][gc,phases      ] GC(621)   Evacuate Collection Set: 10.0ms
[2024-08-28T13:06:15.296+0000][info][gc,phases      ] GC(621)   Post Evacuate Collection Set: 0.5ms
[2024-08-28T13:06:15.296+0000][info][gc,phases      ] GC(621)   Other: 0.2ms
[2024-08-28T13:06:15.296+0000][info][gc,heap        ] GC(621) Eden regions: 44->0(44)
[2024-08-28T13:06:15.296+0000][info][gc,heap        ] GC(621) Survivor regions: 7->7(7)
[2024-08-28T13:06:15.296+0000][info][gc,heap        ] GC(621) Old regions: 831->878
[2024-08-28T13:06:15.296+0000][info][gc,heap        ] GC(621) Archive regions: 2->2
[2024-08-28T13:06:15.296+0000][info][gc,heap        ] GC(621) Humongous regions: 5->5
[2024-08-28T13:06:15.296+0000][info][gc,metaspace   ] GC(621) Metaspace: 100K(320K)->100K(320K) NonClass: 96K(192K)->96K(192K) Class: 4K(128K)->4K(128K)
[2024-08-28T13:06:15.296+0000][info][gc             ] GC(621) Pause Young (Normal) (G1 Evacuation Pause) 887M->890M(1024M) 11.240ms
[2024-08-28T13:06:15.296+0000][info][gc,cpu         ] GC(621) User=0.25s Sys=0.00s Real=0.01s
[2024-08-28T13:06:15.326+0000][info][gc,start       ] GC(622) Pause Young (Normal) (G1 Evacuation Pause)
[2024-08-28T13:06:15.326+0000][info][gc,task        ] GC(622) Using 24 workers of 68 for evacuation
[2024-08-28T13:06:15.341+0000][info][gc,phases      ] GC(622)   Pre Evacuate Collection Set: 0.1ms
[2024-08-28T13:06:15.342+0000][info][gc,phases      ] GC(622)   Merge Heap Roots: 0.5ms
[2024-08-28T13:06:15.342+0000][info][gc,phases      ] GC(622)   Evacuate Collection Set: 13.9ms
[2024-08-28T13:06:15.342+0000][info][gc,phases      ] GC(622)   Post Evacuate Collection Set: 0.6ms
[2024-08-28T13:06:15.342+0000][info][gc,phases      ] GC(622)   Other: 0.2ms
[2024-08-28T13:06:15.342+0000][info][gc,heap        ] GC(622) Eden regions: 44->0(44)
[2024-08-28T13:06:15.342+0000][info][gc,heap        ] GC(622) Survivor regions: 7->7(7)
[2024-08-28T13:06:15.342+0000][info][gc,heap        ] GC(622) Old regions: 878->924
[2024-08-28T13:06:15.342+0000][info][gc,heap        ] GC(622) Archive regions: 2->2
[2024-08-28T13:06:15.342+0000][info][gc,heap        ] GC(622) Humongous regions: 5->5
[2024-08-28T13:06:15.342+0000][info][gc,metaspace   ] GC(622) Metaspace: 100K(320K)->100K(320K) NonClass: 96K(192K)->96K(192K) Class: 4K(128K)->4K(128K)
[2024-08-28T13:06:15.342+0000][info][gc             ] GC(622) Pause Young (Normal) (G1 Evacuation Pause) 934M->936M(1024M) 15.473ms
[2024-08-28T13:06:15.342+0000][info][gc,cpu         ] GC(622) User=0.34s Sys=0.01s Real=0.02s
[2024-08-28T13:06:15.358+0000][info][gc,marking     ] GC(620) Concurrent Rebuild Remembered Sets 83.419ms
[2024-08-28T13:06:15.359+0000][info][gc,start       ] GC(620) Pause Cleanup
[2024-08-28T13:06:15.360+0000][info][gc             ] GC(620) Pause Cleanup 960M->960M(1024M) 1.578ms
[2024-08-28T13:06:15.360+0000][info][gc,cpu         ] GC(620) User=0.01s Sys=0.00s Real=0.00s
[2024-08-28T13:06:15.360+0000][info][gc,marking     ] GC(620) Concurrent Cleanup for Next Mark
[2024-08-28T13:06:15.361+0000][info][gc,marking     ] GC(620) Concurrent Cleanup for Next Mark 0.995ms
[2024-08-28T13:06:15.361+0000][info][gc             ] GC(620) Concurrent Mark Cycle 115.573ms
[2024-08-28T13:06:15.370+0000][info][gc,start       ] GC(623) Pause Young (Prepare Mixed) (G1 Preventive Collection)
[2024-08-28T13:06:15.370+0000][info][gc,task        ] GC(623) Using 24 workers of 68 for evacuation
[2024-08-28T13:06:15.387+0000][info][gc,phases      ] GC(623)   Pre Evacuate Collection Set: 0.1ms
[2024-08-28T13:06:15.387+0000][info][gc,phases      ] GC(623)   Merge Heap Roots: 0.6ms
[2024-08-28T13:06:15.387+0000][info][gc,phases      ] GC(623)   Evacuate Collection Set: 15.6ms
[2024-08-28T13:06:15.387+0000][info][gc,phases      ] GC(623)   Post Evacuate Collection Set: 0.3ms
[2024-08-28T13:06:15.387+0000][info][gc,phases      ] GC(623)   Other: 0.2ms
[2024-08-28T13:06:15.387+0000][info][gc,heap        ] GC(623) Eden regions: 37->0(44)
[2024-08-28T13:06:15.387+0000][info][gc,heap        ] GC(623) Survivor regions: 7->7(7)
[2024-08-28T13:06:15.387+0000][info][gc,heap        ] GC(623) Old regions: 924->964
[2024-08-28T13:06:15.387+0000][info][gc,heap        ] GC(623) Archive regions: 2->2
[2024-08-28T13:06:15.387+0000][info][gc,heap        ] GC(623) Humongous regions: 5->5
[2024-08-28T13:06:15.387+0000][info][gc,metaspace   ] GC(623) Metaspace: 100K(320K)->100K(320K) NonClass: 96K(192K)->96K(192K) Class: 4K(128K)->4K(128K)
[2024-08-28T13:06:15.387+0000][info][gc             ] GC(623) Pause Young (Prepare Mixed) (G1 Preventive Collection) 973M->976M(1024M) 16.953ms
[2024-08-28T13:06:15.387+0000][info][gc,cpu         ] GC(623) User=0.39s Sys=0.00s Real=0.01s
[2024-08-28T13:06:15.399+0000][info][gc,start       ] GC(624) Pause Young (Mixed) (G1 Preventive Collection)
[2024-08-28T13:06:15.399+0000][info][gc,task        ] GC(624) Using 24 workers of 68 for evacuation
[2024-08-28T13:06:15.407+0000][info][gc             ] GC(624) To-space exhausted
[2024-08-28T13:06:15.407+0000][info][gc,phases      ] GC(624)   Pre Evacuate Collection Set: 0.2ms
[2024-08-28T13:06:15.407+0000][info][gc,phases      ] GC(624)   Merge Heap Roots: 0.2ms
[2024-08-28T13:06:15.407+0000][info][gc,phases      ] GC(624)   Evacuate Collection Set: 6.6ms
[2024-08-28T13:06:15.407+0000][info][gc,phases      ] GC(624)   Post Evacuate Collection Set: 0.7ms
[2024-08-28T13:06:15.407+0000][info][gc,phases      ] GC(624)   Other: 0.3ms
[2024-08-28T13:06:15.407+0000][info][gc,heap        ] GC(624) Eden regions: 18->0(44)
[2024-08-28T13:06:15.407+0000][info][gc,heap        ] GC(624) Survivor regions: 7->7(7)
[2024-08-28T13:06:15.407+0000][info][gc,heap        ] GC(624) Old regions: 964->902
[2024-08-28T13:06:15.407+0000][info][gc,heap        ] GC(624) Archive regions: 2->2
[2024-08-28T13:06:15.407+0000][info][gc,heap        ] GC(624) Humongous regions: 5->5
[2024-08-28T13:06:15.407+0000][info][gc,metaspace   ] GC(624) Metaspace: 100K(320K)->100K(320K) NonClass: 96K(192K)->96K(192K) Class: 4K(128K)->4K(128K)
[2024-08-28T13:06:15.407+0000][info][gc             ] GC(624) Pause Young (Mixed) (G1 Preventive Collection) 994M->914M(1024M) 8.113ms
[2024-08-28T13:06:15.407+0000][info][gc,cpu         ] GC(624) User=0.17s Sys=0.00s Real=0.00s
[2024-08-28T13:06:15.435+0000][info][gc,start       ] GC(625) Pause Young (Mixed) (G1 Evacuation Pause)
[2024-08-28T13:06:15.435+0000][info][gc,task        ] GC(625) Using 24 workers of 68 for evacuation
[2024-08-28T13:06:15.447+0000][info][gc,phases      ] GC(625)   Pre Evacuate Collection Set: 0.2ms
[2024-08-28T13:06:15.447+0000][info][gc,phases      ] GC(625)   Merge Heap Roots: 0.4ms
[2024-08-28T13:06:15.447+0000][info][gc,phases      ] GC(625)   Evacuate Collection Set: 10.8ms
[2024-08-28T13:06:15.447+0000][info][gc,phases      ] GC(625)   Post Evacuate Collection Set: 0.4ms
[2024-08-28T13:06:15.447+0000][info][gc,phases      ] GC(625)   Other: 0.2ms
[2024-08-28T13:06:15.447+0000][info][gc,heap        ] GC(625) Eden regions: 44->0(44)
[2024-08-28T13:06:15.447+0000][info][gc,heap        ] GC(625) Survivor regions: 7->7(7)
[2024-08-28T13:06:15.447+0000][info][gc,heap        ] GC(625) Old regions: 902->845
[2024-08-28T13:06:15.447+0000][info][gc,heap        ] GC(625) Archive regions: 2->2
[2024-08-28T13:06:15.447+0000][info][gc,heap        ] GC(625) Humongous regions: 5->5
[2024-08-28T13:06:15.447+0000][info][gc,metaspace   ] GC(625) Metaspace: 100K(320K)->100K(320K) NonClass: 96K(192K)->96K(192K) Class: 4K(128K)->4K(128K)
[2024-08-28T13:06:15.447+0000][info][gc             ] GC(625) Pause Young (Mixed) (G1 Evacuation Pause) 958M->857M(1024M) 12.250ms
[2024-08-28T13:06:15.447+0000][info][gc,cpu         ] GC(625) User=0.26s Sys=0.00s Real=0.01s
[2024-08-28T13:06:15.474+0000][info][gc,start       ] GC(626) Pause Young (Mixed) (G1 Evacuation Pause)
[2024-08-28T13:06:15.474+0000][info][gc,task        ] GC(626) Using 24 workers of 68 for evacuation
[2024-08-28T13:06:15.486+0000][info][gc,phases      ] GC(626)   Pre Evacuate Collection Set: 0.2ms
[2024-08-28T13:06:15.487+0000][info][gc,phases      ] GC(626)   Merge Heap Roots: 0.4ms
[2024-08-28T13:06:15.487+0000][info][gc,phases      ] GC(626)   Evacuate Collection Set: 11.2ms
[2024-08-28T13:06:15.487+0000][info][gc,phases      ] GC(626)   Post Evacuate Collection Set: 0.4ms
[2024-08-28T13:06:15.487+0000][info][gc,phases      ] GC(626)   Other: 0.3ms
[2024-08-28T13:06:15.487+0000][info][gc,heap        ] GC(626) Eden regions: 44->0(44)
[2024-08-28T13:06:15.487+0000][info][gc,heap        ] GC(626) Survivor regions: 7->7(7)
[2024-08-28T13:06:15.487+0000][info][gc,heap        ] GC(626) Old regions: 845->790
[2024-08-28T13:06:15.487+0000][info][gc,heap        ] GC(626) Archive regions: 2->2
[2024-08-28T13:06:15.487+0000][info][gc,heap        ] GC(626) Humongous regions: 5->5
[2024-08-28T13:06:15.487+0000][info][gc,metaspace   ] GC(626) Metaspace: 100K(320K)->100K(320K) NonClass: 96K(192K)->96K(192K) Class: 4K(128K)->4K(128K)
[2024-08-28T13:06:15.487+0000][info][gc             ] GC(626) Pause Young (Mixed) (G1 Evacuation Pause) 901M->802M(1024M) 12.685ms
[2024-08-28T13:06:15.487+0000][info][gc,cpu         ] GC(626) User=0.28s Sys=0.00s Real=0.01s
[2024-08-28T13:06:15.513+0000][info][gc,start       ] GC(627) Pause Young (Mixed) (G1 Evacuation Pause)
[2024-08-28T13:06:15.513+0000][info][gc,task        ] GC(627) Using 24 workers of 68 for evacuation
[2024-08-28T13:06:15.526+0000][info][gc,phases      ] GC(627)   Pre Evacuate Collection Set: 0.2ms
[2024-08-28T13:06:15.526+0000][info][gc,phases      ] GC(627)   Merge Heap Roots: 0.4ms
[2024-08-28T13:06:15.526+0000][info][gc,phases      ] GC(627)   Evacuate Collection Set: 11.7ms
[2024-08-28T13:06:15.526+0000][info][gc,phases      ] GC(627)   Post Evacuate Collection Set: 0.4ms
[2024-08-28T13:06:15.526+0000][info][gc,phases      ] GC(627)   Other: 0.3ms
[2024-08-28T13:06:15.526+0000][info][gc,heap        ] GC(627) Eden regions: 44->0(44)
[2024-08-28T13:06:15.526+0000][info][gc,heap        ] GC(627) Survivor regions: 7->7(7)
[2024-08-28T13:06:15.526+0000][info][gc,heap        ] GC(627) Old regions: 790->805
[2024-08-28T13:06:15.526+0000][info][gc,heap        ] GC(627) Archive regions: 2->2
[2024-08-28T13:06:15.526+0000][info][gc,heap        ] GC(627) Humongous regions: 5->5
[2024-08-28T13:06:15.526+0000][info][gc,metaspace   ] GC(627) Metaspace: 100K(320K)->100K(320K) NonClass: 96K(192K)->96K(192K) Class: 4K(128K)->4K(128K)
[2024-08-28T13:06:15.526+0000][info][gc             ] GC(627) Pause Young (Mixed) (G1 Evacuation Pause) 846M->817M(1024M) 13.182ms
[2024-08-28T13:06:15.526+0000][info][gc,cpu         ] GC(627) User=0.29s Sys=0.00s Real=0.01s
[2024-08-28T13:06:15.554+0000][info][gc,start       ] GC(628) Pause Young (Concurrent Start) (G1 Evacuation Pause)
[2024-08-28T13:06:15.554+0000][info][gc,task        ] GC(628) Using 24 workers of 68 for evacuation
[2024-08-28T13:06:15.566+0000][info][gc,phases      ] GC(628)   Pre Evacuate Collection Set: 0.2ms
[2024-08-28T13:06:15.566+0000][info][gc,phases      ] GC(628)   Merge Heap Roots: 0.4ms
[2024-08-28T13:06:15.567+0000][info][gc,phases      ] GC(628)   Evacuate Collection Set: 10.7ms
[2024-08-28T13:06:15.567+0000][info][gc,phases      ] GC(628)   Post Evacuate Collection Set: 0.4ms
[2024-08-28T13:06:15.567+0000][info][gc,phases      ] GC(628)   Other: 1.0ms
[2024-08-28T13:06:15.567+0000][info][gc,heap        ] GC(628) Eden regions: 44->0(44)
[2024-08-28T13:06:15.567+0000][info][gc,heap        ] GC(628) Survivor regions: 7->7(7)
[2024-08-28T13:06:15.567+0000][info][gc,heap        ] GC(628) Old regions: 805->852
[2024-08-28T13:06:15.567+0000][info][gc,heap        ] GC(628) Archive regions: 2->2
[2024-08-28T13:06:15.567+0000][info][gc,heap        ] GC(628) Humongous regions: 5->5
[2024-08-28T13:06:15.567+0000][info][gc,metaspace   ] GC(628) Metaspace: 100K(320K)->100K(320K) NonClass: 96K(192K)->96K(192K) Class: 4K(128K)->4K(128K)
[2024-08-28T13:06:15.567+0000][info][gc             ] GC(628) Pause Young (Concurrent Start) (G1 Evacuation Pause) 861M->864M(1024M) 12.848ms
[2024-08-28T13:06:15.567+0000][info][gc,cpu         ] GC(628) User=0.26s Sys=0.00s Real=0.01s
[2024-08-28T13:06:15.567+0000][info][gc             ] GC(629) Concurrent Mark Cycle
[2024-08-28T13:06:15.567+0000][info][gc,marking     ] GC(629) Concurrent Clear Claimed Marks
[2024-08-28T13:06:15.567+0000][info][gc,marking     ] GC(629) Concurrent Clear Claimed Marks 0.010ms
[2024-08-28T13:06:15.567+0000][info][gc,marking     ] GC(629) Concurrent Scan Root Regions
[2024-08-28T13:06:15.569+0000][info][gc,marking     ] GC(629) Concurrent Scan Root Regions 1.797ms
[2024-08-28T13:06:15.569+0000][info][gc,marking     ] GC(629) Concurrent Mark
[2024-08-28T13:06:15.569+0000][info][gc,marking     ] GC(629) Concurrent Mark From Roots
[2024-08-28T13:06:15.569+0000][info][gc,task        ] GC(629) Using 17 workers of 17 for marking
[2024-08-28T13:06:15.595+0000][info][gc,marking     ] GC(629) Concurrent Mark From Roots 26.154ms
[2024-08-28T13:06:15.595+0000][info][gc,marking     ] GC(629) Concurrent Preclean
[2024-08-28T13:06:15.596+0000][info][gc,marking     ] GC(629) Concurrent Preclean 0.791ms
[2024-08-28T13:06:15.596+0000][info][gc,start       ] GC(629) Pause Remark
[2024-08-28T13:06:15.597+0000][info][gc             ] GC(629) Pause Remark 896M->894M(1024M) 1.308ms
[2024-08-28T13:06:15.597+0000][info][gc,cpu         ] GC(629) User=0.00s Sys=0.00s Real=0.00s
[2024-08-28T13:06:15.597+0000][info][gc,marking     ] GC(629) Concurrent Mark 28.631ms
[2024-08-28T13:06:15.597+0000][info][gc,marking     ] GC(629) Concurrent Rebuild Remembered Sets
[2024-08-28T13:06:15.606+0000][info][gc,start       ] GC(630) Pause Young (Normal) (G1 Evacuation Pause)
[2024-08-28T13:06:15.606+0000][info][gc,task        ] GC(630) Using 24 workers of 68 for evacuation
[2024-08-28T13:06:15.618+0000][info][gc,phases      ] GC(630)   Pre Evacuate Collection Set: 0.1ms
[2024-08-28T13:06:15.618+0000][info][gc,phases      ] GC(630)   Merge Heap Roots: 0.4ms
[2024-08-28T13:06:15.618+0000][info][gc,phases      ] GC(630)   Evacuate Collection Set: 10.5ms
[2024-08-28T13:06:15.618+0000][info][gc,phases      ] GC(630)   Post Evacuate Collection Set: 0.5ms
[2024-08-28T13:06:15.618+0000][info][gc,phases      ] GC(630)   Other: 0.2ms
[2024-08-28T13:06:15.618+0000][info][gc,heap        ] GC(630) Eden regions: 44->0(44)
[2024-08-28T13:06:15.618+0000][info][gc,heap        ] GC(630) Survivor regions: 7->7(7)
[2024-08-28T13:06:15.618+0000][info][gc,heap        ] GC(630) Old regions: 850->897
[2024-08-28T13:06:15.618+0000][info][gc,heap        ] GC(630) Archive regions: 2->2
[2024-08-28T13:06:15.618+0000][info][gc,heap        ] GC(630) Humongous regions: 5->5
[2024-08-28T13:06:15.618+0000][info][gc,metaspace   ] GC(630) Metaspace: 100K(320K)->100K(320K) NonClass: 96K(192K)->96K(192K) Class: 4K(128K)->4K(128K)
[2024-08-28T13:06:15.618+0000][info][gc             ] GC(630) Pause Young (Normal) (G1 Evacuation Pause) 906M->909M(1024M) 11.805ms
[2024-08-28T13:06:15.618+0000][info][gc,cpu         ] GC(630) User=0.25s Sys=0.01s Real=0.02s
[2024-08-28T13:06:15.650+0000][info][gc,start       ] GC(631) Pause Young (Normal) (G1 Evacuation Pause)
[2024-08-28T13:06:15.650+0000][info][gc,task        ] GC(631) Using 24 workers of 68 for evacuation
[2024-08-28T13:06:15.667+0000][info][gc,phases      ] GC(631)   Pre Evacuate Collection Set: 0.1ms
[2024-08-28T13:06:15.667+0000][info][gc,phases      ] GC(631)   Merge Heap Roots: 0.5ms
[2024-08-28T13:06:15.667+0000][info][gc,phases      ] GC(631)   Evacuate Collection Set: 15.1ms
[2024-08-28T13:06:15.667+0000][info][gc,phases      ] GC(631)   Post Evacuate Collection Set: 0.5ms
[2024-08-28T13:06:15.667+0000][info][gc,phases      ] GC(631)   Other: 0.2ms
[2024-08-28T13:06:15.667+0000][info][gc,heap        ] GC(631) Eden regions: 44->0(44)
[2024-08-28T13:06:15.667+0000][info][gc,heap        ] GC(631) Survivor regions: 7->7(7)
[2024-08-28T13:06:15.667+0000][info][gc,heap        ] GC(631) Old regions: 897->943
[2024-08-28T13:06:15.667+0000][info][gc,heap        ] GC(631) Archive regions: 2->2
[2024-08-28T13:06:15.667+0000][info][gc,heap        ] GC(631) Humongous regions: 5->5
[2024-08-28T13:06:15.667+0000][info][gc,metaspace   ] GC(631) Metaspace: 100K(320K)->100K(320K) NonClass: 96K(192K)->96K(192K) Class: 4K(128K)->4K(128K)
[2024-08-28T13:06:15.667+0000][info][gc             ] GC(631) Pause Young (Normal) (G1 Evacuation Pause) 953M->955M(1024M) 16.502ms
[2024-08-28T13:06:15.667+0000][info][gc,cpu         ] GC(631) User=0.37s Sys=0.00s Real=0.01s
[2024-08-28T13:06:15.681+0000][info][gc,marking     ] GC(629) Concurrent Rebuild Remembered Sets 83.776ms
[2024-08-28T13:06:15.681+0000][info][gc,start       ] GC(629) Pause Cleanup
[2024-08-28T13:06:15.683+0000][info][gc             ] GC(629) Pause Cleanup 974M->974M(1024M) 1.604ms
[2024-08-28T13:06:15.683+0000][info][gc,cpu         ] GC(629) User=0.01s Sys=0.00s Real=0.00s
[2024-08-28T13:06:15.683+0000][info][gc,marking     ] GC(629) Concurrent Cleanup for Next Mark
[2024-08-28T13:06:15.684+0000][info][gc,marking     ] GC(629) Concurrent Cleanup for Next Mark 0.958ms
[2024-08-28T13:06:15.684+0000][info][gc             ] GC(629) Concurrent Mark Cycle 117.251ms
[2024-08-28T13:06:15.690+0000][info][gc,start       ] GC(632) Pause Young (Prepare Mixed) (G1 Preventive Collection)
[2024-08-28T13:06:15.690+0000][info][gc,task        ] GC(632) Using 24 workers of 68 for evacuation
[2024-08-28T13:06:15.705+0000][info][gc,phases      ] GC(632)   Pre Evacuate Collection Set: 0.2ms
[2024-08-28T13:06:15.705+0000][info][gc,phases      ] GC(632)   Merge Heap Roots: 0.5ms
[2024-08-28T13:06:15.705+0000][info][gc,phases      ] GC(632)   Evacuate Collection Set: 14.1ms
[2024-08-28T13:06:15.705+0000][info][gc,phases      ] GC(632)   Post Evacuate Collection Set: 0.3ms
[2024-08-28T13:06:15.705+0000][info][gc,phases      ] GC(632)   Other: 0.2ms
[2024-08-28T13:06:15.705+0000][info][gc,heap        ] GC(632) Eden regions: 28->0(44)
[2024-08-28T13:06:15.705+0000][info][gc,heap        ] GC(632) Survivor regions: 7->7(7)
[2024-08-28T13:06:15.705+0000][info][gc,heap        ] GC(632) Old regions: 943->975
[2024-08-28T13:06:15.706+0000][info][gc,heap        ] GC(632) Archive regions: 2->2
[2024-08-28T13:06:15.706+0000][info][gc,heap        ] GC(632) Humongous regions: 5->5
[2024-08-28T13:06:15.706+0000][info][gc,metaspace   ] GC(632) Metaspace: 100K(320K)->100K(320K) NonClass: 96K(192K)->96K(192K) Class: 4K(128K)->4K(128K)
[2024-08-28T13:06:15.706+0000][info][gc             ] GC(632) Pause Young (Prepare Mixed) (G1 Preventive Collection) 983M->987M(1024M) 15.415ms
[2024-08-28T13:06:15.706+0000][info][gc,cpu         ] GC(632) User=0.34s Sys=0.00s Real=0.01s
[2024-08-28T13:06:15.714+0000][info][gc,start       ] GC(633) Pause Young (Mixed) (G1 Preventive Collection)
[2024-08-28T13:06:15.714+0000][info][gc,task        ] GC(633) Using 24 workers of 68 for evacuation
[2024-08-28T13:06:15.720+0000][info][gc,phases      ] GC(633)   Pre Evacuate Collection Set: 0.2ms
[2024-08-28T13:06:15.720+0000][info][gc,phases      ] GC(633)   Merge Heap Roots: 0.3ms
[2024-08-28T13:06:15.720+0000][info][gc,phases      ] GC(633)   Evacuate Collection Set: 5.6ms
[2024-08-28T13:06:15.720+0000][info][gc,phases      ] GC(633)   Post Evacuate Collection Set: 0.3ms
[2024-08-28T13:06:15.720+0000][info][gc,phases      ] GC(633)   Other: 0.2ms
[2024-08-28T13:06:15.720+0000][info][gc,heap        ] GC(633) Eden regions: 12->0(44)
[2024-08-28T13:06:15.720+0000][info][gc,heap        ] GC(633) Survivor regions: 7->7(7)
[2024-08-28T13:06:15.720+0000][info][gc,heap        ] GC(633) Old regions: 975->887
[2024-08-28T13:06:15.720+0000][info][gc,heap        ] GC(633) Archive regions: 2->2
[2024-08-28T13:06:15.720+0000][info][gc,heap        ] GC(633) Humongous regions: 5->5
[2024-08-28T13:06:15.720+0000][info][gc,metaspace   ] GC(633) Metaspace: 100K(320K)->100K(320K) NonClass: 96K(192K)->96K(192K) Class: 4K(128K)->4K(128K)
[2024-08-28T13:06:15.720+0000][info][gc             ] GC(633) Pause Young (Mixed) (G1 Preventive Collection) 999M->899M(1024M) 6.726ms
[2024-08-28T13:06:15.720+0000][info][gc,cpu         ] GC(633) User=0.14s Sys=0.00s Real=0.01s
[2024-08-28T13:06:15.747+0000][info][gc,start       ] GC(634) Pause Young (Mixed) (G1 Evacuation Pause)
[2024-08-28T13:06:15.747+0000][info][gc,task        ] GC(634) Using 24 workers of 68 for evacuation
[2024-08-28T13:06:15.764+0000][info][gc,phases      ] GC(634)   Pre Evacuate Collection Set: 0.2ms
[2024-08-28T13:06:15.764+0000][info][gc,phases      ] GC(634)   Merge Heap Roots: 0.3ms
[2024-08-28T13:06:15.764+0000][info][gc,phases      ] GC(634)   Evacuate Collection Set: 15.4ms
[2024-08-28T13:06:15.764+0000][info][gc,phases      ] GC(634)   Post Evacuate Collection Set: 0.4ms
[2024-08-28T13:06:15.764+0000][info][gc,phases      ] GC(634)   Other: 0.2ms
[2024-08-28T13:06:15.764+0000][info][gc,heap        ] GC(634) Eden regions: 44->0(44)
[2024-08-28T13:06:15.764+0000][info][gc,heap        ] GC(634) Survivor regions: 7->7(7)
[2024-08-28T13:06:15.764+0000][info][gc,heap        ] GC(634) Old regions: 887->828
[2024-08-28T13:06:15.764+0000][info][gc,heap        ] GC(634) Archive regions: 2->2
[2024-08-28T13:06:15.764+0000][info][gc,heap        ] GC(634) Humongous regions: 5->5
[2024-08-28T13:06:15.764+0000][info][gc,metaspace   ] GC(634) Metaspace: 100K(320K)->100K(320K) NonClass: 96K(192K)->96K(192K) Class: 4K(128K)->4K(128K)
[2024-08-28T13:06:15.764+0000][info][gc             ] GC(634) Pause Young (Mixed) (G1 Evacuation Pause) 943M->840M(1024M) 16.614ms
[2024-08-28T13:06:15.764+0000][info][gc,cpu         ] GC(634) User=0.27s Sys=0.02s Real=0.02s
[2024-08-28T13:06:15.793+0000][info][gc,start       ] GC(635) Pause Young (Mixed) (G1 Evacuation Pause)
[2024-08-28T13:06:15.793+0000][info][gc,task        ] GC(635) Using 24 workers of 68 for evacuation
[2024-08-28T13:06:15.807+0000][info][gc,phases      ] GC(635)   Pre Evacuate Collection Set: 0.2ms
[2024-08-28T13:06:15.807+0000][info][gc,phases      ] GC(635)   Merge Heap Roots: 0.4ms
[2024-08-28T13:06:15.807+0000][info][gc,phases      ] GC(635)   Evacuate Collection Set: 12.1ms
[2024-08-28T13:06:15.807+0000][info][gc,phases      ] GC(635)   Post Evacuate Collection Set: 0.4ms
[2024-08-28T13:06:15.807+0000][info][gc,phases      ] GC(635)   Other: 0.2ms
[2024-08-28T13:06:15.807+0000][info][gc,heap        ] GC(635) Eden regions: 44->0(44)
[2024-08-28T13:06:15.807+0000][info][gc,heap        ] GC(635) Survivor regions: 7->7(7)
[2024-08-28T13:06:15.807+0000][info][gc,heap        ] GC(635) Old regions: 828->771
[2024-08-28T13:06:15.807+0000][info][gc,heap        ] GC(635) Archive regions: 2->2
[2024-08-28T13:06:15.807+0000][info][gc,heap        ] GC(635) Humongous regions: 5->5
[2024-08-28T13:06:15.807+0000][info][gc,metaspace   ] GC(635) Metaspace: 100K(320K)->100K(320K) NonClass: 96K(192K)->96K(192K) Class: 4K(128K)->4K(128K)
[2024-08-28T13:06:15.807+0000][info][gc             ] GC(635) Pause Young (Mixed) (G1 Evacuation Pause) 884M->783M(1024M) 13.495ms
[2024-08-28T13:06:15.807+0000][info][gc,cpu         ] GC(635) User=0.26s Sys=0.03s Real=0.01s
[2024-08-28T13:06:15.835+0000][info][gc,start       ] GC(636) Pause Young (Mixed) (G1 Evacuation Pause)
[2024-08-28T13:06:15.835+0000][info][gc,task        ] GC(636) Using 24 workers of 68 for evacuation
[2024-08-28T13:06:15.848+0000][info][gc,phases      ] GC(636)   Pre Evacuate Collection Set: 0.2ms
[2024-08-28T13:06:15.848+0000][info][gc,phases      ] GC(636)   Merge Heap Roots: 0.3ms
[2024-08-28T13:06:15.848+0000][info][gc,phases      ] GC(636)   Evacuate Collection Set: 11.7ms
[2024-08-28T13:06:15.848+0000][info][gc,phases      ] GC(636)   Post Evacuate Collection Set: 0.4ms
[2024-08-28T13:06:15.848+0000][info][gc,phases      ] GC(636)   Other: 0.4ms
[2024-08-28T13:06:15.848+0000][info][gc,heap        ] GC(636) Eden regions: 44->0(44)
[2024-08-28T13:06:15.848+0000][info][gc,heap        ] GC(636) Survivor regions: 7->7(7)
[2024-08-28T13:06:15.848+0000][info][gc,heap        ] GC(636) Old regions: 771->770
[2024-08-28T13:06:15.848+0000][info][gc,heap        ] GC(636) Archive regions: 2->2
[2024-08-28T13:06:15.848+0000][info][gc,heap        ] GC(636) Humongous regions: 5->5
[2024-08-28T13:06:15.848+0000][info][gc,metaspace   ] GC(636) Metaspace: 100K(320K)->100K(320K) NonClass: 96K(192K)->96K(192K) Class: 4K(128K)->4K(128K)
[2024-08-28T13:06:15.848+0000][info][gc             ] GC(636) Pause Young (Mixed) (G1 Evacuation Pause) 827M->782M(1024M) 13.130ms
[2024-08-28T13:06:15.848+0000][info][gc,cpu         ] GC(636) User=0.27s Sys=0.02s Real=0.01s
[2024-08-28T13:06:15.879+0000][info][gc,start       ] GC(637) Pause Young (Concurrent Start) (G1 Evacuation Pause)
[2024-08-28T13:06:15.879+0000][info][gc,task        ] GC(637) Using 24 workers of 68 for evacuation
[2024-08-28T13:06:15.892+0000][info][gc,phases      ] GC(637)   Pre Evacuate Collection Set: 0.2ms
[2024-08-28T13:06:15.892+0000][info][gc,phases      ] GC(637)   Merge Heap Roots: 0.3ms
[2024-08-28T13:06:15.892+0000][info][gc,phases      ] GC(637)   Evacuate Collection Set: 10.8ms
[2024-08-28T13:06:15.892+0000][info][gc,phases      ] GC(637)   Post Evacuate Collection Set: 0.4ms
[2024-08-28T13:06:15.892+0000][info][gc,phases      ] GC(637)   Other: 1.0ms
[2024-08-28T13:06:15.892+0000][info][gc,heap        ] GC(637) Eden regions: 44->0(44)
[2024-08-28T13:06:15.892+0000][info][gc,heap        ] GC(637) Survivor regions: 7->7(7)
[2024-08-28T13:06:15.892+0000][info][gc,heap        ] GC(637) Old regions: 770->817
[2024-08-28T13:06:15.892+0000][info][gc,heap        ] GC(637) Archive regions: 2->2
[2024-08-28T13:06:15.892+0000][info][gc,heap        ] GC(637) Humongous regions: 5->5
[2024-08-28T13:06:15.892+0000][info][gc,metaspace   ] GC(637) Metaspace: 100K(320K)->100K(320K) NonClass: 96K(192K)->96K(192K) Class: 4K(128K)->4K(128K)
[2024-08-28T13:06:15.892+0000][info][gc             ] GC(637) Pause Young (Concurrent Start) (G1 Evacuation Pause) 826M->829M(1024M) 12.772ms
[2024-08-28T13:06:15.892+0000][info][gc,cpu         ] GC(637) User=0.27s Sys=0.00s Real=0.01s
[2024-08-28T13:06:15.892+0000][info][gc             ] GC(638) Concurrent Mark Cycle
[2024-08-28T13:06:15.892+0000][info][gc,marking     ] GC(638) Concurrent Clear Claimed Marks
[2024-08-28T13:06:15.892+0000][info][gc,marking     ] GC(638) Concurrent Clear Claimed Marks 0.014ms
[2024-08-28T13:06:15.892+0000][info][gc,marking     ] GC(638) Concurrent Scan Root Regions
[2024-08-28T13:06:15.894+0000][info][gc,marking     ] GC(638) Concurrent Scan Root Regions 1.768ms
[2024-08-28T13:06:15.894+0000][info][gc,marking     ] GC(638) Concurrent Mark
[2024-08-28T13:06:15.894+0000][info][gc,marking     ] GC(638) Concurrent Mark From Roots
[2024-08-28T13:06:15.894+0000][info][gc,task        ] GC(638) Using 17 workers of 17 for marking
[2024-08-28T13:06:15.922+0000][info][gc,marking     ] GC(638) Concurrent Mark From Roots 27.680ms
[2024-08-28T13:06:15.922+0000][info][gc,marking     ] GC(638) Concurrent Preclean
[2024-08-28T13:06:15.922+0000][info][gc,marking     ] GC(638) Concurrent Preclean 0.543ms
[2024-08-28T13:06:15.923+0000][info][gc,start       ] GC(638) Pause Remark
[2024-08-28T13:06:15.924+0000][info][gc             ] GC(638) Pause Remark 862M->862M(1024M) 1.350ms
[2024-08-28T13:06:15.924+0000][info][gc,cpu         ] GC(638) User=0.01s Sys=0.00s Real=0.00s
[2024-08-28T13:06:15.924+0000][info][gc,marking     ] GC(638) Concurrent Mark 29.943ms
[2024-08-28T13:06:15.924+0000][info][gc,marking     ] GC(638) Concurrent Rebuild Remembered Sets
[2024-08-28T13:06:15.932+0000][info][gc,start       ] GC(639) Pause Young (Normal) (G1 Evacuation Pause)
[2024-08-28T13:06:15.932+0000][info][gc,task        ] GC(639) Using 24 workers of 68 for evacuation
[2024-08-28T13:06:15.944+0000][info][gc,phases      ] GC(639)   Pre Evacuate Collection Set: 0.1ms
[2024-08-28T13:06:15.944+0000][info][gc,phases      ] GC(639)   Merge Heap Roots: 0.3ms
[2024-08-28T13:06:15.944+0000][info][gc,phases      ] GC(639)   Evacuate Collection Set: 10.6ms
[2024-08-28T13:06:15.944+0000][info][gc,phases      ] GC(639)   Post Evacuate Collection Set: 0.4ms
[2024-08-28T13:06:15.944+0000][info][gc,phases      ] GC(639)   Other: 0.2ms
[2024-08-28T13:06:15.944+0000][info][gc,heap        ] GC(639) Eden regions: 44->0(44)
[2024-08-28T13:06:15.944+0000][info][gc,heap        ] GC(639) Survivor regions: 7->7(7)
[2024-08-28T13:06:15.944+0000][info][gc,heap        ] GC(639) Old regions: 817->864
[2024-08-28T13:06:15.944+0000][info][gc,heap        ] GC(639) Archive regions: 2->2
[2024-08-28T13:06:15.944+0000][info][gc,heap        ] GC(639) Humongous regions: 5->5
[2024-08-28T13:06:15.944+0000][info][gc,metaspace   ] GC(639) Metaspace: 100K(320K)->100K(320K) NonClass: 96K(192K)->96K(192K) Class: 4K(128K)->4K(128K)
[2024-08-28T13:06:15.944+0000][info][gc             ] GC(639) Pause Young (Normal) (G1 Evacuation Pause) 873M->876M(1024M) 11.742ms
[2024-08-28T13:06:15.944+0000][info][gc,cpu         ] GC(639) User=0.26s Sys=0.00s Real=0.01s
[2024-08-28T13:06:15.977+0000][info][gc,start       ] GC(640) Pause Young (Normal) (G1 Evacuation Pause)
[2024-08-28T13:06:15.977+0000][info][gc,task        ] GC(640) Using 24 workers of 68 for evacuation
[2024-08-28T13:06:15.992+0000][info][gc,phases      ] GC(640)   Pre Evacuate Collection Set: 0.1ms
[2024-08-28T13:06:15.992+0000][info][gc,phases      ] GC(640)   Merge Heap Roots: 0.3ms
[2024-08-28T13:06:15.992+0000][info][gc,phases      ] GC(640)   Evacuate Collection Set: 14.3ms
[2024-08-28T13:06:15.992+0000][info][gc,phases      ] GC(640)   Post Evacuate Collection Set: 0.6ms
[2024-08-28T13:06:15.992+0000][info][gc,phases      ] GC(640)   Other: 0.2ms
[2024-08-28T13:06:15.992+0000][info][gc,heap        ] GC(640) Eden regions: 44->0(44)
[2024-08-28T13:06:15.992+0000][info][gc,heap        ] GC(640) Survivor regions: 7->7(7)
[2024-08-28T13:06:15.992+0000][info][gc,heap        ] GC(640) Old regions: 864->911
[2024-08-28T13:06:15.992+0000][info][gc,heap        ] GC(640) Archive regions: 2->2
[2024-08-28T13:06:15.992+0000][info][gc,heap        ] GC(640) Humongous regions: 5->5
[2024-08-28T13:06:15.992+0000][info][gc,metaspace   ] GC(640) Metaspace: 100K(320K)->100K(320K) NonClass: 96K(192K)->96K(192K) Class: 4K(128K)->4K(128K)
[2024-08-28T13:06:15.992+0000][info][gc             ] GC(640) Pause Young (Normal) (G1 Evacuation Pause) 920M->923M(1024M) 15.631ms
[2024-08-28T13:06:15.992+0000][info][gc,cpu         ] GC(640) User=0.35s Sys=0.00s Real=0.02s
[2024-08-28T13:06:16.009+0000][info][gc,marking     ] GC(638) Concurrent Rebuild Remembered Sets 85.208ms
[2024-08-28T13:06:16.010+0000][info][gc,start       ] GC(638) Pause Cleanup
[2024-08-28T13:06:16.011+0000][info][gc             ] GC(638) Pause Cleanup 947M->947M(1024M) 1.606ms
[2024-08-28T13:06:16.011+0000][info][gc,cpu         ] GC(638) User=0.00s Sys=0.00s Real=0.00s
[2024-08-28T13:06:16.011+0000][info][gc,marking     ] GC(638) Concurrent Cleanup for Next Mark
[2024-08-28T13:06:16.012+0000][info][gc,marking     ] GC(638) Concurrent Cleanup for Next Mark 0.975ms
[2024-08-28T13:06:16.012+0000][info][gc             ] GC(638) Concurrent Mark Cycle 120.008ms
[2024-08-28T13:06:16.027+0000][info][gc,start       ] GC(641) Pause Young (Prepare Mixed) (G1 Preventive Collection)
[2024-08-28T13:06:16.027+0000][info][gc,task        ] GC(641) Using 24 workers of 68 for evacuation
[2024-08-28T13:06:16.044+0000][info][gc,phases      ] GC(641)   Pre Evacuate Collection Set: 0.2ms
[2024-08-28T13:06:16.044+0000][info][gc,phases      ] GC(641)   Merge Heap Roots: 0.6ms
[2024-08-28T13:06:16.044+0000][info][gc,phases      ] GC(641)   Evacuate Collection Set: 16.5ms
[2024-08-28T13:06:16.044+0000][info][gc,phases      ] GC(641)   Post Evacuate Collection Set: 0.3ms
[2024-08-28T13:06:16.044+0000][info][gc,phases      ] GC(641)   Other: 0.2ms
[2024-08-28T13:06:16.044+0000][info][gc,heap        ] GC(641) Eden regions: 44->0(44)
[2024-08-28T13:06:16.044+0000][info][gc,heap        ] GC(641) Survivor regions: 7->7(7)
[2024-08-28T13:06:16.044+0000][info][gc,heap        ] GC(641) Old regions: 911->958
[2024-08-28T13:06:16.044+0000][info][gc,heap        ] GC(641) Archive regions: 2->2
[2024-08-28T13:06:16.044+0000][info][gc,heap        ] GC(641) Humongous regions: 5->5
[2024-08-28T13:06:16.044+0000][info][gc,metaspace   ] GC(641) Metaspace: 100K(320K)->100K(320K) NonClass: 96K(192K)->96K(192K) Class: 4K(128K)->4K(128K)
[2024-08-28T13:06:16.044+0000][info][gc             ] GC(641) Pause Young (Prepare Mixed) (G1 Preventive Collection) 967M->970M(1024M) 17.823ms
[2024-08-28T13:06:16.044+0000][info][gc,cpu         ] GC(641) User=0.41s Sys=0.00s Real=0.02s
[2024-08-28T13:06:16.059+0000][info][gc,start       ] GC(642) Pause Young (Mixed) (G1 Preventive Collection)
[2024-08-28T13:06:16.059+0000][info][gc,task        ] GC(642) Using 24 workers of 68 for evacuation
[2024-08-28T13:06:16.068+0000][info][gc             ] GC(642) To-space exhausted
[2024-08-28T13:06:16.068+0000][info][gc,phases      ] GC(642)   Pre Evacuate Collection Set: 0.2ms
[2024-08-28T13:06:16.068+0000][info][gc,phases      ] GC(642)   Merge Heap Roots: 0.4ms
[2024-08-28T13:06:16.068+0000][info][gc,phases      ] GC(642)   Evacuate Collection Set: 7.4ms
[2024-08-28T13:06:16.068+0000][info][gc,phases      ] GC(642)   Post Evacuate Collection Set: 0.6ms
[2024-08-28T13:06:16.068+0000][info][gc,phases      ] GC(642)   Other: 0.2ms
[2024-08-28T13:06:16.068+0000][info][gc,heap        ] GC(642) Eden regions: 21->0(44)
[2024-08-28T13:06:16.068+0000][info][gc,heap        ] GC(642) Survivor regions: 7->7(7)
[2024-08-28T13:06:16.068+0000][info][gc,heap        ] GC(642) Old regions: 958->884
[2024-08-28T13:06:16.068+0000][info][gc,heap        ] GC(642) Archive regions: 2->2
[2024-08-28T13:06:16.068+0000][info][gc,heap        ] GC(642) Humongous regions: 5->5
[2024-08-28T13:06:16.068+0000][info][gc,metaspace   ] GC(642) Metaspace: 100K(320K)->100K(320K) NonClass: 96K(192K)->96K(192K) Class: 4K(128K)->4K(128K)
[2024-08-28T13:06:16.068+0000][info][gc             ] GC(642) Pause Young (Mixed) (G1 Preventive Collection) 991M->896M(1024M) 8.866ms
[2024-08-28T13:06:16.068+0000][info][gc,cpu         ] GC(642) User=0.19s Sys=0.00s Real=0.00s
[2024-08-28T13:06:16.094+0000][info][gc,start       ] GC(643) Pause Young (Mixed) (G1 Evacuation Pause)
[2024-08-28T13:06:16.094+0000][info][gc,task        ] GC(643) Using 24 workers of 68 for evacuation
[2024-08-28T13:06:16.107+0000][info][gc,phases      ] GC(643)   Pre Evacuate Collection Set: 0.2ms
[2024-08-28T13:06:16.107+0000][info][gc,phases      ] GC(643)   Merge Heap Roots: 0.4ms
[2024-08-28T13:06:16.107+0000][info][gc,phases      ] GC(643)   Evacuate Collection Set: 11.0ms
[2024-08-28T13:06:16.107+0000][info][gc,phases      ] GC(643)   Post Evacuate Collection Set: 0.4ms
[2024-08-28T13:06:16.107+0000][info][gc,phases      ] GC(643)   Other: 0.3ms
[2024-08-28T13:06:16.107+0000][info][gc,heap        ] GC(643) Eden regions: 44->0(44)
[2024-08-28T13:06:16.107+0000][info][gc,heap        ] GC(643) Survivor regions: 7->7(7)
[2024-08-28T13:06:16.107+0000][info][gc,heap        ] GC(643) Old regions: 884->826
[2024-08-28T13:06:16.107+0000][info][gc,heap        ] GC(643) Archive regions: 2->2
[2024-08-28T13:06:16.107+0000][info][gc,heap        ] GC(643) Humongous regions: 5->5
[2024-08-28T13:06:16.107+0000][info][gc,metaspace   ] GC(643) Metaspace: 100K(320K)->100K(320K) NonClass: 96K(192K)->96K(192K) Class: 4K(128K)->4K(128K)
[2024-08-28T13:06:16.107+0000][info][gc             ] GC(643) Pause Young (Mixed) (G1 Evacuation Pause) 940M->838M(1024M) 12.522ms
[2024-08-28T13:06:16.107+0000][info][gc,cpu         ] GC(643) User=0.26s Sys=0.01s Real=0.01s
[2024-08-28T13:06:16.133+0000][info][gc,start       ] GC(644) Pause Young (Mixed) (G1 Evacuation Pause)
[2024-08-28T13:06:16.133+0000][info][gc,task        ] GC(644) Using 24 workers of 68 for evacuation
[2024-08-28T13:06:16.146+0000][info][gc,phases      ] GC(644)   Pre Evacuate Collection Set: 0.3ms
[2024-08-28T13:06:16.146+0000][info][gc,phases      ] GC(644)   Merge Heap Roots: 0.4ms
[2024-08-28T13:06:16.146+0000][info][gc,phases      ] GC(644)   Evacuate Collection Set: 11.6ms
[2024-08-28T13:06:16.146+0000][info][gc,phases      ] GC(644)   Post Evacuate Collection Set: 0.4ms
[2024-08-28T13:06:16.146+0000][info][gc,phases      ] GC(644)   Other: 0.3ms
[2024-08-28T13:06:16.146+0000][info][gc,heap        ] GC(644) Eden regions: 44->0(44)
[2024-08-28T13:06:16.146+0000][info][gc,heap        ] GC(644) Survivor regions: 7->7(7)
[2024-08-28T13:06:16.146+0000][info][gc,heap        ] GC(644) Old regions: 826->772
[2024-08-28T13:06:16.146+0000][info][gc,heap        ] GC(644) Archive regions: 2->2
[2024-08-28T13:06:16.147+0000][info][gc,heap        ] GC(644) Humongous regions: 5->5
[2024-08-28T13:06:16.147+0000][info][gc,metaspace   ] GC(644) Metaspace: 100K(320K)->100K(320K) NonClass: 96K(192K)->96K(192K) Class: 4K(128K)->4K(128K)
[2024-08-28T13:06:16.147+0000][info][gc             ] GC(644) Pause Young (Mixed) (G1 Evacuation Pause) 882M->784M(1024M) 13.158ms
[2024-08-28T13:06:16.147+0000][info][gc,cpu         ] GC(644) User=0.28s Sys=0.01s Real=0.01s
[2024-08-28T13:06:16.173+0000][info][gc,start       ] GC(645) Pause Young (Mixed) (G1 Evacuation Pause)
[2024-08-28T13:06:16.173+0000][info][gc,task        ] GC(645) Using 24 workers of 68 for evacuation
[2024-08-28T13:06:16.185+0000][info][gc,phases      ] GC(645)   Pre Evacuate Collection Set: 0.2ms
[2024-08-28T13:06:16.185+0000][info][gc,phases      ] GC(645)   Merge Heap Roots: 0.3ms
[2024-08-28T13:06:16.185+0000][info][gc,phases      ] GC(645)   Evacuate Collection Set: 11.7ms
[2024-08-28T13:06:16.185+0000][info][gc,phases      ] GC(645)   Post Evacuate Collection Set: 0.4ms
[2024-08-28T13:06:16.185+0000][info][gc,phases      ] GC(645)   Other: 0.3ms
[2024-08-28T13:06:16.186+0000][info][gc,heap        ] GC(645) Eden regions: 44->0(44)
[2024-08-28T13:06:16.186+0000][info][gc,heap        ] GC(645) Survivor regions: 7->7(7)
[2024-08-28T13:06:16.186+0000][info][gc,heap        ] GC(645) Old regions: 772->800
[2024-08-28T13:06:16.186+0000][info][gc,heap        ] GC(645) Archive regions: 2->2
[2024-08-28T13:06:16.186+0000][info][gc,heap        ] GC(645) Humongous regions: 5->5
[2024-08-28T13:06:16.186+0000][info][gc,metaspace   ] GC(645) Metaspace: 100K(320K)->100K(320K) NonClass: 96K(192K)->96K(192K) Class: 4K(128K)->4K(128K)
[2024-08-28T13:06:16.186+0000][info][gc             ] GC(645) Pause Young (Mixed) (G1 Evacuation Pause) 828M->812M(1024M) 13.073ms
[2024-08-28T13:06:16.186+0000][info][gc,cpu         ] GC(645) User=0.29s Sys=0.00s Real=0.01s
[2024-08-28T13:06:16.212+0000][info][gc,start       ] GC(646) Pause Young (Concurrent Start) (G1 Evacuation Pause)
[2024-08-28T13:06:16.212+0000][info][gc,task        ] GC(646) Using 24 workers of 68 for evacuation
[2024-08-28T13:06:16.225+0000][info][gc,phases      ] GC(646)   Pre Evacuate Collection Set: 0.2ms
[2024-08-28T13:06:16.225+0000][info][gc,phases      ] GC(646)   Merge Heap Roots: 0.4ms
[2024-08-28T13:06:16.225+0000][info][gc,phases      ] GC(646)   Evacuate Collection Set: 11.1ms
[2024-08-28T13:06:16.225+0000][info][gc,phases      ] GC(646)   Post Evacuate Collection Set: 0.4ms
[2024-08-28T13:06:16.225+0000][info][gc,phases      ] GC(646)   Other: 1.0ms
[2024-08-28T13:06:16.226+0000][info][gc,heap        ] GC(646) Eden regions: 44->0(44)
[2024-08-28T13:06:16.226+0000][info][gc,heap        ] GC(646) Survivor regions: 7->7(7)
[2024-08-28T13:06:16.226+0000][info][gc,heap        ] GC(646) Old regions: 800->846
[2024-08-28T13:06:16.226+0000][info][gc,heap        ] GC(646) Archive regions: 2->2
[2024-08-28T13:06:16.226+0000][info][gc,heap        ] GC(646) Humongous regions: 5->5
[2024-08-28T13:06:16.226+0000][info][gc,metaspace   ] GC(646) Metaspace: 100K(320K)->100K(320K) NonClass: 96K(192K)->96K(192K) Class: 4K(128K)->4K(128K)
[2024-08-28T13:06:16.226+0000][info][gc             ] GC(646) Pause Young (Concurrent Start) (G1 Evacuation Pause) 856M->858M(1024M) 13.368ms
[2024-08-28T13:06:16.226+0000][info][gc,cpu         ] GC(646) User=0.27s Sys=0.00s Real=0.01s
[2024-08-28T13:06:16.226+0000][info][gc             ] GC(647) Concurrent Mark Cycle
[2024-08-28T13:06:16.226+0000][info][gc,marking     ] GC(647) Concurrent Clear Claimed Marks
[2024-08-28T13:06:16.226+0000][info][gc,marking     ] GC(647) Concurrent Clear Claimed Marks 0.010ms
[2024-08-28T13:06:16.226+0000][info][gc,marking     ] GC(647) Concurrent Scan Root Regions
[2024-08-28T13:06:16.228+0000][info][gc,marking     ] GC(647) Concurrent Scan Root Regions 1.883ms
[2024-08-28T13:06:16.228+0000][info][gc,marking     ] GC(647) Concurrent Mark
[2024-08-28T13:06:16.228+0000][info][gc,marking     ] GC(647) Concurrent Mark From Roots
[2024-08-28T13:06:16.228+0000][info][gc,task        ] GC(647) Using 17 workers of 17 for marking
[2024-08-28T13:06:16.254+0000][info][gc,marking     ] GC(647) Concurrent Mark From Roots 26.401ms
[2024-08-28T13:06:16.254+0000][info][gc,marking     ] GC(647) Concurrent Preclean
[2024-08-28T13:06:16.255+0000][info][gc,marking     ] GC(647) Concurrent Preclean 0.784ms
[2024-08-28T13:06:16.255+0000][info][gc,start       ] GC(647) Pause Remark
[2024-08-28T13:06:16.257+0000][info][gc             ] GC(647) Pause Remark 890M->890M(1024M) 1.299ms
[2024-08-28T13:06:16.257+0000][info][gc,cpu         ] GC(647) User=0.01s Sys=0.00s Real=0.00s
[2024-08-28T13:06:16.257+0000][info][gc,marking     ] GC(647) Concurrent Mark 28.853ms
[2024-08-28T13:06:16.257+0000][info][gc,marking     ] GC(647) Concurrent Rebuild Remembered Sets
[2024-08-28T13:06:16.265+0000][info][gc,start       ] GC(648) Pause Young (Normal) (G1 Evacuation Pause)
[2024-08-28T13:06:16.265+0000][info][gc,task        ] GC(648) Using 24 workers of 68 for evacuation
[2024-08-28T13:06:16.277+0000][info][gc,phases      ] GC(648)   Pre Evacuate Collection Set: 0.1ms
[2024-08-28T13:06:16.277+0000][info][gc,phases      ] GC(648)   Merge Heap Roots: 0.3ms
[2024-08-28T13:06:16.277+0000][info][gc,phases      ] GC(648)   Evacuate Collection Set: 10.4ms
[2024-08-28T13:06:16.277+0000][info][gc,phases      ] GC(648)   Post Evacuate Collection Set: 0.4ms
[2024-08-28T13:06:16.277+0000][info][gc,phases      ] GC(648)   Other: 0.2ms
[2024-08-28T13:06:16.277+0000][info][gc,heap        ] GC(648) Eden regions: 44->0(44)
[2024-08-28T13:06:16.277+0000][info][gc,heap        ] GC(648) Survivor regions: 7->7(7)
[2024-08-28T13:06:16.277+0000][info][gc,heap        ] GC(648) Old regions: 846->893
[2024-08-28T13:06:16.277+0000][info][gc,heap        ] GC(648) Archive regions: 2->2
[2024-08-28T13:06:16.277+0000][info][gc,heap        ] GC(648) Humongous regions: 5->5
[2024-08-28T13:06:16.277+0000][info][gc,metaspace   ] GC(648) Metaspace: 100K(320K)->100K(320K) NonClass: 96K(192K)->96K(192K) Class: 4K(128K)->4K(128K)
[2024-08-28T13:06:16.277+0000][info][gc             ] GC(648) Pause Young (Normal) (G1 Evacuation Pause) 902M->905M(1024M) 11.487ms
[2024-08-28T13:06:16.277+0000][info][gc,cpu         ] GC(648) User=0.25s Sys=0.00s Real=0.01s
[2024-08-28T13:06:16.308+0000][info][gc,start       ] GC(649) Pause Young (Normal) (G1 Evacuation Pause)
[2024-08-28T13:06:16.308+0000][info][gc,task        ] GC(649) Using 24 workers of 68 for evacuation
[2024-08-28T13:06:16.324+0000][info][gc,phases      ] GC(649)   Pre Evacuate Collection Set: 0.1ms
[2024-08-28T13:06:16.324+0000][info][gc,phases      ] GC(649)   Merge Heap Roots: 0.5ms
[2024-08-28T13:06:16.324+0000][info][gc,phases      ] GC(649)   Evacuate Collection Set: 14.5ms
[2024-08-28T13:06:16.324+0000][info][gc,phases      ] GC(649)   Post Evacuate Collection Set: 0.6ms
[2024-08-28T13:06:16.324+0000][info][gc,phases      ] GC(649)   Other: 0.2ms
[2024-08-28T13:06:16.324+0000][info][gc,heap        ] GC(649) Eden regions: 44->0(44)
[2024-08-28T13:06:16.324+0000][info][gc,heap        ] GC(649) Survivor regions: 7->7(7)
[2024-08-28T13:06:16.324+0000][info][gc,heap        ] GC(649) Old regions: 893->939
[2024-08-28T13:06:16.324+0000][info][gc,heap        ] GC(649) Archive regions: 2->2
[2024-08-28T13:06:16.324+0000][info][gc,heap        ] GC(649) Humongous regions: 5->5
[2024-08-28T13:06:16.324+0000][info][gc,metaspace   ] GC(649) Metaspace: 100K(320K)->100K(320K) NonClass: 96K(192K)->96K(192K) Class: 4K(128K)->4K(128K)
[2024-08-28T13:06:16.324+0000][info][gc             ] GC(649) Pause Young (Normal) (G1 Evacuation Pause) 949M->951M(1024M) 16.008ms
[2024-08-28T13:06:16.324+0000][info][gc,cpu         ] GC(649) User=0.36s Sys=0.00s Real=0.02s
[2024-08-28T13:06:16.344+0000][info][gc,marking     ] GC(647) Concurrent Rebuild Remembered Sets 87.044ms
[2024-08-28T13:06:16.344+0000][info][gc,start       ] GC(647) Pause Cleanup
[2024-08-28T13:06:16.347+0000][info][gc             ] GC(647) Pause Cleanup 978M->978M(1024M) 2.492ms
[2024-08-28T13:06:16.347+0000][info][gc,cpu         ] GC(647) User=0.00s Sys=0.01s Real=0.00s
[2024-08-28T13:06:16.347+0000][info][gc,marking     ] GC(647) Concurrent Cleanup for Next Mark
[2024-08-28T13:06:16.348+0000][info][gc,marking     ] GC(647) Concurrent Cleanup for Next Mark 0.961ms
[2024-08-28T13:06:16.348+0000][info][gc             ] GC(647) Concurrent Mark Cycle 122.012ms
[2024-08-28T13:06:16.350+0000][info][gc,start       ] GC(650) Pause Young (Prepare Mixed) (G1 Preventive Collection)
[2024-08-28T13:06:16.350+0000][info][gc,task        ] GC(650) Using 24 workers of 68 for evacuation
[2024-08-28T13:06:16.365+0000][info][gc,phases      ] GC(650)   Pre Evacuate Collection Set: 0.2ms
[2024-08-28T13:06:16.365+0000][info][gc,phases      ] GC(650)   Merge Heap Roots: 0.6ms
[2024-08-28T13:06:16.365+0000][info][gc,phases      ] GC(650)   Evacuate Collection Set: 14.1ms
[2024-08-28T13:06:16.365+0000][info][gc,phases      ] GC(650)   Post Evacuate Collection Set: 0.3ms
[2024-08-28T13:06:16.365+0000][info][gc,phases      ] GC(650)   Other: 0.3ms
[2024-08-28T13:06:16.365+0000][info][gc,heap        ] GC(650) Eden regions: 30->0(44)
[2024-08-28T13:06:16.365+0000][info][gc,heap        ] GC(650) Survivor regions: 7->7(7)
[2024-08-28T13:06:16.365+0000][info][gc,heap        ] GC(650) Old regions: 939->972
[2024-08-28T13:06:16.365+0000][info][gc,heap        ] GC(650) Archive regions: 2->2
[2024-08-28T13:06:16.365+0000][info][gc,heap        ] GC(650) Humongous regions: 5->5
[2024-08-28T13:06:16.365+0000][info][gc,metaspace   ] GC(650) Metaspace: 100K(320K)->100K(320K) NonClass: 96K(192K)->96K(192K) Class: 4K(128K)->4K(128K)
[2024-08-28T13:06:16.365+0000][info][gc             ] GC(650) Pause Young (Prepare Mixed) (G1 Preventive Collection) 981M->984M(1024M) 15.487ms
[2024-08-28T13:06:16.365+0000][info][gc,cpu         ] GC(650) User=0.35s Sys=0.00s Real=0.01s
[2024-08-28T13:06:16.375+0000][info][gc,start       ] GC(651) Pause Young (Mixed) (G1 Preventive Collection)
[2024-08-28T13:06:16.375+0000][info][gc,task        ] GC(651) Using 24 workers of 68 for evacuation
[2024-08-28T13:06:16.387+0000][info][gc,phases      ] GC(651)   Pre Evacuate Collection Set: 0.2ms
[2024-08-28T13:06:16.387+0000][info][gc,phases      ] GC(651)   Merge Heap Roots: 0.2ms
[2024-08-28T13:06:16.387+0000][info][gc,phases      ] GC(651)   Evacuate Collection Set: 11.4ms
[2024-08-28T13:06:16.387+0000][info][gc,phases      ] GC(651)   Post Evacuate Collection Set: 0.4ms
[2024-08-28T13:06:16.387+0000][info][gc,phases      ] GC(651)   Other: 0.3ms
[2024-08-28T13:06:16.387+0000][info][gc,heap        ] GC(651) Eden regions: 14->0(44)
[2024-08-28T13:06:16.387+0000][info][gc,heap        ] GC(651) Survivor regions: 7->7(7)
[2024-08-28T13:06:16.387+0000][info][gc,heap        ] GC(651) Old regions: 972->886
[2024-08-28T13:06:16.387+0000][info][gc,heap        ] GC(651) Archive regions: 2->2
[2024-08-28T13:06:16.387+0000][info][gc,heap        ] GC(651) Humongous regions: 5->5
[2024-08-28T13:06:16.387+0000][info][gc,metaspace   ] GC(651) Metaspace: 100K(320K)->100K(320K) NonClass: 96K(192K)->96K(192K) Class: 4K(128K)->4K(128K)
[2024-08-28T13:06:16.387+0000][info][gc             ] GC(651) Pause Young (Mixed) (G1 Preventive Collection) 998M->898M(1024M) 12.576ms
[2024-08-28T13:06:16.388+0000][info][gc,cpu         ] GC(651) User=0.15s Sys=0.01s Real=0.01s
[2024-08-28T13:06:16.421+0000][info][gc,start       ] GC(652) Pause Young (Mixed) (G1 Evacuation Pause)
[2024-08-28T13:06:16.421+0000][info][gc,task        ] GC(652) Using 24 workers of 68 for evacuation
[2024-08-28T13:06:16.433+0000][info][gc,phases      ] GC(652)   Pre Evacuate Collection Set: 0.2ms
[2024-08-28T13:06:16.434+0000][info][gc,phases      ] GC(652)   Merge Heap Roots: 0.5ms
[2024-08-28T13:06:16.434+0000][info][gc,phases      ] GC(652)   Evacuate Collection Set: 11.1ms
[2024-08-28T13:06:16.434+0000][info][gc,phases      ] GC(652)   Post Evacuate Collection Set: 0.5ms
[2024-08-28T13:06:16.434+0000][info][gc,phases      ] GC(652)   Other: 0.3ms
[2024-08-28T13:06:16.434+0000][info][gc,heap        ] GC(652) Eden regions: 44->0(44)
[2024-08-28T13:06:16.434+0000][info][gc,heap        ] GC(652) Survivor regions: 7->7(7)
[2024-08-28T13:06:16.434+0000][info][gc,heap        ] GC(652) Old regions: 886->827
[2024-08-28T13:06:16.434+0000][info][gc,heap        ] GC(652) Archive regions: 2->2
[2024-08-28T13:06:16.434+0000][info][gc,heap        ] GC(652) Humongous regions: 5->5
[2024-08-28T13:06:16.434+0000][info][gc,metaspace   ] GC(652) Metaspace: 100K(320K)->100K(320K) NonClass: 96K(192K)->96K(192K) Class: 4K(128K)->4K(128K)
[2024-08-28T13:06:16.434+0000][info][gc             ] GC(652) Pause Young (Mixed) (G1 Evacuation Pause) 942M->839M(1024M) 12.747ms
[2024-08-28T13:06:16.434+0000][info][gc,cpu         ] GC(652) User=0.28s Sys=0.00s Real=0.01s
[2024-08-28T13:06:16.463+0000][info][gc,start       ] GC(653) Pause Young (Mixed) (G1 Evacuation Pause)
[2024-08-28T13:06:16.463+0000][info][gc,task        ] GC(653) Using 24 workers of 68 for evacuation
[2024-08-28T13:06:16.475+0000][info][gc,phases      ] GC(653)   Pre Evacuate Collection Set: 0.2ms
[2024-08-28T13:06:16.475+0000][info][gc,phases      ] GC(653)   Merge Heap Roots: 0.3ms
[2024-08-28T13:06:16.475+0000][info][gc,phases      ] GC(653)   Evacuate Collection Set: 11.2ms
[2024-08-28T13:06:16.475+0000][info][gc,phases      ] GC(653)   Post Evacuate Collection Set: 0.5ms
[2024-08-28T13:06:16.475+0000][info][gc,phases      ] GC(653)   Other: 0.3ms
[2024-08-28T13:06:16.475+0000][info][gc,heap        ] GC(653) Eden regions: 44->0(44)
[2024-08-28T13:06:16.475+0000][info][gc,heap        ] GC(653) Survivor regions: 7->7(7)
[2024-08-28T13:06:16.475+0000][info][gc,heap        ] GC(653) Old regions: 827->770
[2024-08-28T13:06:16.475+0000][info][gc,heap        ] GC(653) Archive regions: 2->2
[2024-08-28T13:06:16.475+0000][info][gc,heap        ] GC(653) Humongous regions: 5->5
[2024-08-28T13:06:16.475+0000][info][gc,metaspace   ] GC(653) Metaspace: 100K(320K)->100K(320K) NonClass: 96K(192K)->96K(192K) Class: 4K(128K)->4K(128K)
[2024-08-28T13:06:16.475+0000][info][gc             ] GC(653) Pause Young (Mixed) (G1 Evacuation Pause) 883M->782M(1024M) 12.696ms
[2024-08-28T13:06:16.475+0000][info][gc,cpu         ] GC(653) User=0.28s Sys=0.00s Real=0.01s
[2024-08-28T13:06:16.505+0000][info][gc,start       ] GC(654) Pause Young (Mixed) (G1 Evacuation Pause)
[2024-08-28T13:06:16.505+0000][info][gc,task        ] GC(654) Using 24 workers of 68 for evacuation
[2024-08-28T13:06:16.517+0000][info][gc,phases      ] GC(654)   Pre Evacuate Collection Set: 0.2ms
[2024-08-28T13:06:16.517+0000][info][gc,phases      ] GC(654)   Merge Heap Roots: 0.3ms
[2024-08-28T13:06:16.517+0000][info][gc,phases      ] GC(654)   Evacuate Collection Set: 11.1ms
[2024-08-28T13:06:16.517+0000][info][gc,phases      ] GC(654)   Post Evacuate Collection Set: 0.4ms
[2024-08-28T13:06:16.517+0000][info][gc,phases      ] GC(654)   Other: 0.3ms
[2024-08-28T13:06:16.517+0000][info][gc,heap        ] GC(654) Eden regions: 44->0(44)
[2024-08-28T13:06:16.517+0000][info][gc,heap        ] GC(654) Survivor regions: 7->7(7)
[2024-08-28T13:06:16.517+0000][info][gc,heap        ] GC(654) Old regions: 770->772
[2024-08-28T13:06:16.517+0000][info][gc,heap        ] GC(654) Archive regions: 2->2
[2024-08-28T13:06:16.517+0000][info][gc,heap        ] GC(654) Humongous regions: 5->5
[2024-08-28T13:06:16.517+0000][info][gc,metaspace   ] GC(654) Metaspace: 100K(320K)->100K(320K) NonClass: 96K(192K)->96K(192K) Class: 4K(128K)->4K(128K)
[2024-08-28T13:06:16.517+0000][info][gc             ] GC(654) Pause Young (Mixed) (G1 Evacuation Pause) 826M->784M(1024M) 12.453ms
[2024-08-28T13:06:16.517+0000][info][gc,cpu         ] GC(654) User=0.26s Sys=0.02s Real=0.01s
[2024-08-28T13:06:16.546+0000][info][gc,start       ] GC(655) Pause Young (Concurrent Start) (G1 Evacuation Pause)
[2024-08-28T13:06:16.546+0000][info][gc,task        ] GC(655) Using 24 workers of 68 for evacuation
[2024-08-28T13:06:16.559+0000][info][gc,phases      ] GC(655)   Pre Evacuate Collection Set: 0.2ms
[2024-08-28T13:06:16.559+0000][info][gc,phases      ] GC(655)   Merge Heap Roots: 0.4ms
[2024-08-28T13:06:16.559+0000][info][gc,phases      ] GC(655)   Evacuate Collection Set: 10.9ms
[2024-08-28T13:06:16.559+0000][info][gc,phases      ] GC(655)   Post Evacuate Collection Set: 0.4ms
[2024-08-28T13:06:16.559+0000][info][gc,phases      ] GC(655)   Other: 1.0ms
[2024-08-28T13:06:16.559+0000][info][gc,heap        ] GC(655) Eden regions: 44->0(44)
[2024-08-28T13:06:16.559+0000][info][gc,heap        ] GC(655) Survivor regions: 7->7(7)
[2024-08-28T13:06:16.559+0000][info][gc,heap        ] GC(655) Old regions: 772->818
[2024-08-28T13:06:16.559+0000][info][gc,heap        ] GC(655) Archive regions: 2->2
[2024-08-28T13:06:16.559+0000][info][gc,heap        ] GC(655) Humongous regions: 5->5
[2024-08-28T13:06:16.559+0000][info][gc,metaspace   ] GC(655) Metaspace: 100K(320K)->100K(320K) NonClass: 96K(192K)->96K(192K) Class: 4K(128K)->4K(128K)
[2024-08-28T13:06:16.559+0000][info][gc             ] GC(655) Pause Young (Concurrent Start) (G1 Evacuation Pause) 828M->830M(1024M) 13.010ms
[2024-08-28T13:06:16.559+0000][info][gc,cpu         ] GC(655) User=0.26s Sys=0.01s Real=0.02s
[2024-08-28T13:06:16.559+0000][info][gc             ] GC(656) Concurrent Mark Cycle
[2024-08-28T13:06:16.559+0000][info][gc,marking     ] GC(656) Concurrent Clear Claimed Marks
[2024-08-28T13:06:16.559+0000][info][gc,marking     ] GC(656) Concurrent Clear Claimed Marks 0.014ms
[2024-08-28T13:06:16.559+0000][info][gc,marking     ] GC(656) Concurrent Scan Root Regions
[2024-08-28T13:06:16.561+0000][info][gc,marking     ] GC(656) Concurrent Scan Root Regions 1.885ms
[2024-08-28T13:06:16.561+0000][info][gc,marking     ] GC(656) Concurrent Mark
[2024-08-28T13:06:16.561+0000][info][gc,marking     ] GC(656) Concurrent Mark From Roots
[2024-08-28T13:06:16.561+0000][info][gc,task        ] GC(656) Using 17 workers of 17 for marking
[2024-08-28T13:06:16.589+0000][info][gc,marking     ] GC(656) Concurrent Mark From Roots 27.947ms
[2024-08-28T13:06:16.589+0000][info][gc,marking     ] GC(656) Concurrent Preclean
[2024-08-28T13:06:16.590+0000][info][gc,marking     ] GC(656) Concurrent Preclean 0.589ms
[2024-08-28T13:06:16.590+0000][info][gc,start       ] GC(656) Pause Remark
[2024-08-28T13:06:16.591+0000][info][gc             ] GC(656) Pause Remark 863M->863M(1024M) 1.251ms
[2024-08-28T13:06:16.591+0000][info][gc,cpu         ] GC(656) User=0.00s Sys=0.00s Real=0.00s
[2024-08-28T13:06:16.591+0000][info][gc,marking     ] GC(656) Concurrent Mark 30.128ms
[2024-08-28T13:06:16.591+0000][info][gc,marking     ] GC(656) Concurrent Rebuild Remembered Sets
[2024-08-28T13:06:16.599+0000][info][gc,start       ] GC(657) Pause Young (Normal) (G1 Evacuation Pause)
[2024-08-28T13:06:16.599+0000][info][gc,task        ] GC(657) Using 24 workers of 68 for evacuation
[2024-08-28T13:06:16.611+0000][info][gc,phases      ] GC(657)   Pre Evacuate Collection Set: 0.1ms
[2024-08-28T13:06:16.611+0000][info][gc,phases      ] GC(657)   Merge Heap Roots: 0.4ms
[2024-08-28T13:06:16.611+0000][info][gc,phases      ] GC(657)   Evacuate Collection Set: 10.4ms
[2024-08-28T13:06:16.611+0000][info][gc,phases      ] GC(657)   Post Evacuate Collection Set: 0.4ms
[2024-08-28T13:06:16.611+0000][info][gc,phases      ] GC(657)   Other: 0.2ms
[2024-08-28T13:06:16.611+0000][info][gc,heap        ] GC(657) Eden regions: 44->0(44)
[2024-08-28T13:06:16.611+0000][info][gc,heap        ] GC(657) Survivor regions: 7->7(7)
[2024-08-28T13:06:16.611+0000][info][gc,heap        ] GC(657) Old regions: 818->865
[2024-08-28T13:06:16.611+0000][info][gc,heap        ] GC(657) Archive regions: 2->2
[2024-08-28T13:06:16.611+0000][info][gc,heap        ] GC(657) Humongous regions: 5->5
[2024-08-28T13:06:16.611+0000][info][gc,metaspace   ] GC(657) Metaspace: 100K(320K)->100K(320K) NonClass: 96K(192K)->96K(192K) Class: 4K(128K)->4K(128K)
[2024-08-28T13:06:16.611+0000][info][gc             ] GC(657) Pause Young (Normal) (G1 Evacuation Pause) 874M->877M(1024M) 11.615ms
[2024-08-28T13:06:16.611+0000][info][gc,cpu         ] GC(657) User=0.26s Sys=0.00s Real=0.01s
[2024-08-28T13:06:16.643+0000][info][gc,start       ] GC(658) Pause Young (Normal) (G1 Evacuation Pause)
[2024-08-28T13:06:16.644+0000][info][gc,task        ] GC(658) Using 24 workers of 68 for evacuation
[2024-08-28T13:06:16.659+0000][info][gc,phases      ] GC(658)   Pre Evacuate Collection Set: 0.1ms
[2024-08-28T13:06:16.659+0000][info][gc,phases      ] GC(658)   Merge Heap Roots: 0.5ms
[2024-08-28T13:06:16.659+0000][info][gc,phases      ] GC(658)   Evacuate Collection Set: 14.2ms
[2024-08-28T13:06:16.659+0000][info][gc,phases      ] GC(658)   Post Evacuate Collection Set: 0.5ms
[2024-08-28T13:06:16.659+0000][info][gc,phases      ] GC(658)   Other: 0.2ms
[2024-08-28T13:06:16.659+0000][info][gc,heap        ] GC(658) Eden regions: 44->0(44)
[2024-08-28T13:06:16.659+0000][info][gc,heap        ] GC(658) Survivor regions: 7->7(7)
[2024-08-28T13:06:16.659+0000][info][gc,heap        ] GC(658) Old regions: 865->911
[2024-08-28T13:06:16.659+0000][info][gc,heap        ] GC(658) Archive regions: 2->2
[2024-08-28T13:06:16.659+0000][info][gc,heap        ] GC(658) Humongous regions: 5->5
[2024-08-28T13:06:16.659+0000][info][gc,metaspace   ] GC(658) Metaspace: 100K(320K)->100K(320K) NonClass: 96K(192K)->96K(192K) Class: 4K(128K)->4K(128K)
[2024-08-28T13:06:16.659+0000][info][gc             ] GC(658) Pause Young (Normal) (G1 Evacuation Pause) 921M->923M(1024M) 15.749ms
[2024-08-28T13:06:16.659+0000][info][gc,cpu         ] GC(658) User=0.36s Sys=0.00s Real=0.02s
[2024-08-28T13:06:16.676+0000][info][gc,marking     ] GC(656) Concurrent Rebuild Remembered Sets 85.054ms
[2024-08-28T13:06:16.677+0000][info][gc,start       ] GC(656) Pause Cleanup
[2024-08-28T13:06:16.678+0000][info][gc             ] GC(656) Pause Cleanup 947M->947M(1024M) 1.560ms
[2024-08-28T13:06:16.678+0000][info][gc,cpu         ] GC(656) User=0.01s Sys=0.00s Real=0.01s
[2024-08-28T13:06:16.678+0000][info][gc,marking     ] GC(656) Concurrent Cleanup for Next Mark
[2024-08-28T13:06:16.679+0000][info][gc,marking     ] GC(656) Concurrent Cleanup for Next Mark 0.860ms
[2024-08-28T13:06:16.679+0000][info][gc             ] GC(656) Concurrent Mark Cycle 119.955ms
[2024-08-28T13:06:16.692+0000][info][gc,start       ] GC(659) Pause Young (Prepare Mixed) (G1 Preventive Collection)
[2024-08-28T13:06:16.692+0000][info][gc,task        ] GC(659) Using 24 workers of 68 for evacuation
[2024-08-28T13:06:16.710+0000][info][gc,phases      ] GC(659)   Pre Evacuate Collection Set: 0.2ms
[2024-08-28T13:06:16.710+0000][info][gc,phases      ] GC(659)   Merge Heap Roots: 0.4ms
[2024-08-28T13:06:16.710+0000][info][gc,phases      ] GC(659)   Evacuate Collection Set: 16.6ms
[2024-08-28T13:06:16.710+0000][info][gc,phases      ] GC(659)   Post Evacuate Collection Set: 0.4ms
[2024-08-28T13:06:16.710+0000][info][gc,phases      ] GC(659)   Other: 0.2ms
[2024-08-28T13:06:16.710+0000][info][gc,heap        ] GC(659) Eden regions: 44->0(44)
[2024-08-28T13:06:16.710+0000][info][gc,heap        ] GC(659) Survivor regions: 7->7(7)
[2024-08-28T13:06:16.710+0000][info][gc,heap        ] GC(659) Old regions: 911->958
[2024-08-28T13:06:16.710+0000][info][gc,heap        ] GC(659) Archive regions: 2->2
[2024-08-28T13:06:16.710+0000][info][gc,heap        ] GC(659) Humongous regions: 5->5
[2024-08-28T13:06:16.710+0000][info][gc,metaspace   ] GC(659) Metaspace: 100K(320K)->100K(320K) NonClass: 96K(192K)->96K(192K) Class: 4K(128K)->4K(128K)
[2024-08-28T13:06:16.710+0000][info][gc             ] GC(659) Pause Young (Prepare Mixed) (G1 Preventive Collection) 967M->970M(1024M) 17.843ms
[2024-08-28T13:06:16.710+0000][info][gc,cpu         ] GC(659) User=0.40s Sys=0.00s Real=0.02s
[2024-08-28T13:06:16.724+0000][info][gc,start       ] GC(660) Pause Young (Mixed) (G1 Preventive Collection)
[2024-08-28T13:06:16.724+0000][info][gc,task        ] GC(660) Using 24 workers of 68 for evacuation
[2024-08-28T13:06:16.732+0000][info][gc,phases      ] GC(660)   Pre Evacuate Collection Set: 0.2ms
[2024-08-28T13:06:16.732+0000][info][gc,phases      ] GC(660)   Merge Heap Roots: 0.4ms
[2024-08-28T13:06:16.732+0000][info][gc,phases      ] GC(660)   Evacuate Collection Set: 7.6ms
[2024-08-28T13:06:16.732+0000][info][gc,phases      ] GC(660)   Post Evacuate Collection Set: 0.4ms
[2024-08-28T13:06:16.732+0000][info][gc,phases      ] GC(660)   Other: 0.2ms
[2024-08-28T13:06:16.732+0000][info][gc,heap        ] GC(660) Eden regions: 21->0(44)
[2024-08-28T13:06:16.732+0000][info][gc,heap        ] GC(660) Survivor regions: 7->7(7)
[2024-08-28T13:06:16.732+0000][info][gc,heap        ] GC(660) Old regions: 958->879
[2024-08-28T13:06:16.732+0000][info][gc,heap        ] GC(660) Archive regions: 2->2
[2024-08-28T13:06:16.732+0000][info][gc,heap        ] GC(660) Humongous regions: 5->5
[2024-08-28T13:06:16.732+0000][info][gc,metaspace   ] GC(660) Metaspace: 100K(320K)->100K(320K) NonClass: 96K(192K)->96K(192K) Class: 4K(128K)->4K(128K)
[2024-08-28T13:06:16.732+0000][info][gc             ] GC(660) Pause Young (Mixed) (G1 Preventive Collection) 991M->891M(1024M) 8.832ms
[2024-08-28T13:06:16.732+0000][info][gc,cpu         ] GC(660) User=0.19s Sys=0.00s Real=0.01s
[2024-08-28T13:06:16.759+0000][info][gc,start       ] GC(661) Pause Young (Mixed) (G1 Evacuation Pause)
[2024-08-28T13:06:16.759+0000][info][gc,task        ] GC(661) Using 24 workers of 68 for evacuation
[2024-08-28T13:06:16.771+0000][info][gc,phases      ] GC(661)   Pre Evacuate Collection Set: 0.2ms
[2024-08-28T13:06:16.771+0000][info][gc,phases      ] GC(661)   Merge Heap Roots: 0.4ms
[2024-08-28T13:06:16.771+0000][info][gc,phases      ] GC(661)   Evacuate Collection Set: 11.1ms
[2024-08-28T13:06:16.771+0000][info][gc,phases      ] GC(661)   Post Evacuate Collection Set: 0.4ms
[2024-08-28T13:06:16.771+0000][info][gc,phases      ] GC(661)   Other: 0.3ms
[2024-08-28T13:06:16.771+0000][info][gc,heap        ] GC(661) Eden regions: 44->0(44)
[2024-08-28T13:06:16.771+0000][info][gc,heap        ] GC(661) Survivor regions: 7->7(7)
[2024-08-28T13:06:16.771+0000][info][gc,heap        ] GC(661) Old regions: 879->821
[2024-08-28T13:06:16.771+0000][info][gc,heap        ] GC(661) Archive regions: 2->2
[2024-08-28T13:06:16.771+0000][info][gc,heap        ] GC(661) Humongous regions: 5->5
[2024-08-28T13:06:16.771+0000][info][gc,metaspace   ] GC(661) Metaspace: 100K(320K)->100K(320K) NonClass: 96K(192K)->96K(192K) Class: 4K(128K)->4K(128K)
[2024-08-28T13:06:16.771+0000][info][gc             ] GC(661) Pause Young (Mixed) (G1 Evacuation Pause) 935M->833M(1024M) 12.511ms
[2024-08-28T13:06:16.772+0000][info][gc,cpu         ] GC(661) User=0.28s Sys=0.00s Real=0.01s
[2024-08-28T13:06:16.798+0000][info][gc,start       ] GC(662) Pause Young (Mixed) (G1 Evacuation Pause)
[2024-08-28T13:06:16.798+0000][info][gc,task        ] GC(662) Using 24 workers of 68 for evacuation
[2024-08-28T13:06:16.811+0000][info][gc,phases      ] GC(662)   Pre Evacuate Collection Set: 0.3ms
[2024-08-28T13:06:16.811+0000][info][gc,phases      ] GC(662)   Merge Heap Roots: 0.5ms
[2024-08-28T13:06:16.811+0000][info][gc,phases      ] GC(662)   Evacuate Collection Set: 11.1ms
[2024-08-28T13:06:16.811+0000][info][gc,phases      ] GC(662)   Post Evacuate Collection Set: 0.4ms
[2024-08-28T13:06:16.811+0000][info][gc,phases      ] GC(662)   Other: 0.3ms
[2024-08-28T13:06:16.811+0000][info][gc,heap        ] GC(662) Eden regions: 44->0(44)
[2024-08-28T13:06:16.811+0000][info][gc,heap        ] GC(662) Survivor regions: 7->7(7)
[2024-08-28T13:06:16.811+0000][info][gc,heap        ] GC(662) Old regions: 821->766
[2024-08-28T13:06:16.811+0000][info][gc,heap        ] GC(662) Archive regions: 2->2
[2024-08-28T13:06:16.811+0000][info][gc,heap        ] GC(662) Humongous regions: 5->5
[2024-08-28T13:06:16.811+0000][info][gc,metaspace   ] GC(662) Metaspace: 100K(320K)->100K(320K) NonClass: 96K(192K)->96K(192K) Class: 4K(128K)->4K(128K)
[2024-08-28T13:06:16.811+0000][info][gc             ] GC(662) Pause Young (Mixed) (G1 Evacuation Pause) 877M->778M(1024M) 12.545ms
[2024-08-28T13:06:16.811+0000][info][gc,cpu         ] GC(662) User=0.26s Sys=0.01s Real=0.01s
[2024-08-28T13:06:16.837+0000][info][gc,start       ] GC(663) Pause Young (Mixed) (G1 Evacuation Pause)
[2024-08-28T13:06:16.837+0000][info][gc,task        ] GC(663) Using 24 workers of 68 for evacuation
[2024-08-28T13:06:16.850+0000][info][gc,phases      ] GC(663)   Pre Evacuate Collection Set: 0.2ms
[2024-08-28T13:06:16.850+0000][info][gc,phases      ] GC(663)   Merge Heap Roots: 0.3ms
[2024-08-28T13:06:16.850+0000][info][gc,phases      ] GC(663)   Evacuate Collection Set: 11.9ms
[2024-08-28T13:06:16.850+0000][info][gc,phases      ] GC(663)   Post Evacuate Collection Set: 0.4ms
[2024-08-28T13:06:16.850+0000][info][gc,phases      ] GC(663)   Other: 0.3ms
[2024-08-28T13:06:16.850+0000][info][gc,heap        ] GC(663) Eden regions: 44->0(44)
[2024-08-28T13:06:16.850+0000][info][gc,heap        ] GC(663) Survivor regions: 7->7(7)
[2024-08-28T13:06:16.850+0000][info][gc,heap        ] GC(663) Old regions: 766->792
[2024-08-28T13:06:16.850+0000][info][gc,heap        ] GC(663) Archive regions: 2->2
[2024-08-28T13:06:16.850+0000][info][gc,heap        ] GC(663) Humongous regions: 5->5
[2024-08-28T13:06:16.850+0000][info][gc,metaspace   ] GC(663) Metaspace: 100K(320K)->100K(320K) NonClass: 96K(192K)->96K(192K) Class: 4K(128K)->4K(128K)
[2024-08-28T13:06:16.850+0000][info][gc             ] GC(663) Pause Young (Mixed) (G1 Evacuation Pause) 822M->804M(1024M) 13.232ms
[2024-08-28T13:06:16.850+0000][info][gc,cpu         ] GC(663) User=0.29s Sys=0.00s Real=0.02s
[2024-08-28T13:06:16.876+0000][info][gc,start       ] GC(664) Pause Young (Concurrent Start) (G1 Evacuation Pause)
[2024-08-28T13:06:16.876+0000][info][gc,task        ] GC(664) Using 24 workers of 68 for evacuation
[2024-08-28T13:06:16.888+0000][info][gc,phases      ] GC(664)   Pre Evacuate Collection Set: 0.2ms
[2024-08-28T13:06:16.888+0000][info][gc,phases      ] GC(664)   Merge Heap Roots: 0.3ms
[2024-08-28T13:06:16.888+0000][info][gc,phases      ] GC(664)   Evacuate Collection Set: 10.5ms
[2024-08-28T13:06:16.888+0000][info][gc,phases      ] GC(664)   Post Evacuate Collection Set: 0.4ms
[2024-08-28T13:06:16.888+0000][info][gc,phases      ] GC(664)   Other: 1.0ms
[2024-08-28T13:06:16.888+0000][info][gc,heap        ] GC(664) Eden regions: 44->0(44)
[2024-08-28T13:06:16.888+0000][info][gc,heap        ] GC(664) Survivor regions: 7->7(7)
[2024-08-28T13:06:16.888+0000][info][gc,heap        ] GC(664) Old regions: 792->839
[2024-08-28T13:06:16.888+0000][info][gc,heap        ] GC(664) Archive regions: 2->2
[2024-08-28T13:06:16.888+0000][info][gc,heap        ] GC(664) Humongous regions: 5->5
[2024-08-28T13:06:16.888+0000][info][gc,metaspace   ] GC(664) Metaspace: 100K(320K)->100K(320K) NonClass: 96K(192K)->96K(192K) Class: 4K(128K)->4K(128K)
[2024-08-28T13:06:16.888+0000][info][gc             ] GC(664) Pause Young (Concurrent Start) (G1 Evacuation Pause) 848M->851M(1024M) 12.492ms
[2024-08-28T13:06:16.888+0000][info][gc,cpu         ] GC(664) User=0.25s Sys=0.00s Real=0.01s
[2024-08-28T13:06:16.888+0000][info][gc             ] GC(665) Concurrent Mark Cycle
[2024-08-28T13:06:16.888+0000][info][gc,marking     ] GC(665) Concurrent Clear Claimed Marks
[2024-08-28T13:06:16.888+0000][info][gc,marking     ] GC(665) Concurrent Clear Claimed Marks 0.016ms
[2024-08-28T13:06:16.888+0000][info][gc,marking     ] GC(665) Concurrent Scan Root Regions
[2024-08-28T13:06:16.890+0000][info][gc,marking     ] GC(665) Concurrent Scan Root Regions 1.896ms
[2024-08-28T13:06:16.890+0000][info][gc,marking     ] GC(665) Concurrent Mark
[2024-08-28T13:06:16.890+0000][info][gc,marking     ] GC(665) Concurrent Mark From Roots
[2024-08-28T13:06:16.890+0000][info][gc,task        ] GC(665) Using 17 workers of 17 for marking
[2024-08-28T13:06:16.916+0000][info][gc,marking     ] GC(665) Concurrent Mark From Roots 25.747ms
[2024-08-28T13:06:16.916+0000][info][gc,marking     ] GC(665) Concurrent Preclean
[2024-08-28T13:06:16.917+0000][info][gc,marking     ] GC(665) Concurrent Preclean 0.704ms
[2024-08-28T13:06:16.917+0000][info][gc,start       ] GC(665) Pause Remark
[2024-08-28T13:06:16.919+0000][info][gc             ] GC(665) Pause Remark 883M->883M(1024M) 1.367ms
[2024-08-28T13:06:16.919+0000][info][gc,cpu         ] GC(665) User=0.00s Sys=0.01s Real=0.01s
[2024-08-28T13:06:16.919+0000][info][gc,marking     ] GC(665) Concurrent Mark 28.168ms
[2024-08-28T13:06:16.919+0000][info][gc,marking     ] GC(665) Concurrent Rebuild Remembered Sets
[2024-08-28T13:06:16.927+0000][info][gc,start       ] GC(666) Pause Young (Normal) (G1 Evacuation Pause)
[2024-08-28T13:06:16.927+0000][info][gc,task        ] GC(666) Using 24 workers of 68 for evacuation
[2024-08-28T13:06:16.938+0000][info][gc,phases      ] GC(666)   Pre Evacuate Collection Set: 0.1ms
[2024-08-28T13:06:16.938+0000][info][gc,phases      ] GC(666)   Merge Heap Roots: 0.4ms
[2024-08-28T13:06:16.939+0000][info][gc,phases      ] GC(666)   Evacuate Collection Set: 10.3ms
[2024-08-28T13:06:16.939+0000][info][gc,phases      ] GC(666)   Post Evacuate Collection Set: 0.5ms
[2024-08-28T13:06:16.939+0000][info][gc,phases      ] GC(666)   Other: 0.2ms
[2024-08-28T13:06:16.939+0000][info][gc,heap        ] GC(666) Eden regions: 44->0(44)
[2024-08-28T13:06:16.939+0000][info][gc,heap        ] GC(666) Survivor regions: 7->7(7)
[2024-08-28T13:06:16.939+0000][info][gc,heap        ] GC(666) Old regions: 839->885
[2024-08-28T13:06:16.939+0000][info][gc,heap        ] GC(666) Archive regions: 2->2
[2024-08-28T13:06:16.939+0000][info][gc,heap        ] GC(666) Humongous regions: 5->5
[2024-08-28T13:06:16.939+0000][info][gc,metaspace   ] GC(666) Metaspace: 100K(320K)->100K(320K) NonClass: 96K(192K)->96K(192K) Class: 4K(128K)->4K(128K)
[2024-08-28T13:06:16.939+0000][info][gc             ] GC(666) Pause Young (Normal) (G1 Evacuation Pause) 895M->897M(1024M) 11.587ms
[2024-08-28T13:06:16.939+0000][info][gc,cpu         ] GC(666) User=0.26s Sys=0.00s Real=0.02s
[2024-08-28T13:06:16.970+0000][info][gc,start       ] GC(667) Pause Young (Normal) (G1 Evacuation Pause)
[2024-08-28T13:06:16.970+0000][info][gc,task        ] GC(667) Using 24 workers of 68 for evacuation
[2024-08-28T13:06:16.985+0000][info][gc,phases      ] GC(667)   Pre Evacuate Collection Set: 0.1ms
[2024-08-28T13:06:16.985+0000][info][gc,phases      ] GC(667)   Merge Heap Roots: 0.3ms
[2024-08-28T13:06:16.985+0000][info][gc,phases      ] GC(667)   Evacuate Collection Set: 13.8ms
[2024-08-28T13:06:16.985+0000][info][gc,phases      ] GC(667)   Post Evacuate Collection Set: 0.5ms
[2024-08-28T13:06:16.985+0000][info][gc,phases      ] GC(667)   Other: 0.2ms
[2024-08-28T13:06:16.985+0000][info][gc,heap        ] GC(667) Eden regions: 44->0(44)
[2024-08-28T13:06:16.985+0000][info][gc,heap        ] GC(667) Survivor regions: 7->7(7)
[2024-08-28T13:06:16.985+0000][info][gc,heap        ] GC(667) Old regions: 885->932
[2024-08-28T13:06:16.985+0000][info][gc,heap        ] GC(667) Archive regions: 2->2
[2024-08-28T13:06:16.985+0000][info][gc,heap        ] GC(667) Humongous regions: 5->5
[2024-08-28T13:06:16.985+0000][info][gc,metaspace   ] GC(667) Metaspace: 100K(320K)->100K(320K) NonClass: 96K(192K)->96K(192K) Class: 4K(128K)->4K(128K)
[2024-08-28T13:06:16.986+0000][info][gc             ] GC(667) Pause Young (Normal) (G1 Evacuation Pause) 941M->944M(1024M) 15.227ms
[2024-08-28T13:06:16.986+0000][info][gc,cpu         ] GC(667) User=0.34s Sys=0.00s Real=0.01s
[2024-08-28T13:06:17.001+0000][info][gc,marking     ] GC(665) Concurrent Rebuild Remembered Sets 82.740ms
[2024-08-28T13:06:17.002+0000][info][gc,start       ] GC(665) Pause Cleanup
[2024-08-28T13:06:17.003+0000][info][gc             ] GC(665) Pause Cleanup 967M->967M(1024M) 1.475ms
[2024-08-28T13:06:17.003+0000][info][gc,cpu         ] GC(665) User=0.00s Sys=0.00s Real=0.00s
[2024-08-28T13:06:17.003+0000][info][gc,marking     ] GC(665) Concurrent Cleanup for Next Mark
[2024-08-28T13:06:17.004+0000][info][gc,marking     ] GC(665) Concurrent Cleanup for Next Mark 0.953ms
[2024-08-28T13:06:17.004+0000][info][gc             ] GC(665) Concurrent Mark Cycle 115.659ms
[2024-08-28T13:06:17.012+0000][info][gc,start       ] GC(668) Pause Young (Prepare Mixed) (G1 Preventive Collection)
[2024-08-28T13:06:17.012+0000][info][gc,task        ] GC(668) Using 24 workers of 68 for evacuation
[2024-08-28T13:06:17.030+0000][info][gc,phases      ] GC(668)   Pre Evacuate Collection Set: 0.2ms
[2024-08-28T13:06:17.030+0000][info][gc,phases      ] GC(668)   Merge Heap Roots: 0.6ms
[2024-08-28T13:06:17.030+0000][info][gc,phases      ] GC(668)   Evacuate Collection Set: 17.3ms
[2024-08-28T13:06:17.030+0000][info][gc,phases      ] GC(668)   Post Evacuate Collection Set: 0.3ms
[2024-08-28T13:06:17.031+0000][info][gc,phases      ] GC(668)   Other: 0.2ms
[2024-08-28T13:06:17.031+0000][info][gc,heap        ] GC(668) Eden regions: 34->0(44)
[2024-08-28T13:06:17.031+0000][info][gc,heap        ] GC(668) Survivor regions: 7->7(7)
[2024-08-28T13:06:17.031+0000][info][gc,heap        ] GC(668) Old regions: 932->969
[2024-08-28T13:06:17.031+0000][info][gc,heap        ] GC(668) Archive regions: 2->2
[2024-08-28T13:06:17.031+0000][info][gc,heap        ] GC(668) Humongous regions: 5->5
[2024-08-28T13:06:17.031+0000][info][gc,metaspace   ] GC(668) Metaspace: 100K(320K)->100K(320K) NonClass: 96K(192K)->96K(192K) Class: 4K(128K)->4K(128K)
[2024-08-28T13:06:17.031+0000][info][gc             ] GC(668) Pause Young (Prepare Mixed) (G1 Preventive Collection) 978M->981M(1024M) 18.603ms
[2024-08-28T13:06:17.031+0000][info][gc,cpu         ] GC(668) User=0.41s Sys=0.01s Real=0.02s
[2024-08-28T13:06:17.044+0000][info][gc,start       ] GC(669) Pause Young (Mixed) (G1 Preventive Collection)
[2024-08-28T13:06:17.044+0000][info][gc,task        ] GC(669) Using 24 workers of 68 for evacuation
[2024-08-28T13:06:17.051+0000][info][gc,phases      ] GC(669)   Pre Evacuate Collection Set: 0.2ms
[2024-08-28T13:06:17.051+0000][info][gc,phases      ] GC(669)   Merge Heap Roots: 0.3ms
[2024-08-28T13:06:17.051+0000][info][gc,phases      ] GC(669)   Evacuate Collection Set: 6.3ms
[2024-08-28T13:06:17.051+0000][info][gc,phases      ] GC(669)   Post Evacuate Collection Set: 0.4ms
[2024-08-28T13:06:17.051+0000][info][gc,phases      ] GC(669)   Other: 0.2ms
[2024-08-28T13:06:17.051+0000][info][gc,heap        ] GC(669) Eden regions: 15->0(44)
[2024-08-28T13:06:17.051+0000][info][gc,heap        ] GC(669) Survivor regions: 7->7(7)
[2024-08-28T13:06:17.052+0000][info][gc,heap        ] GC(669) Old regions: 969->884
[2024-08-28T13:06:17.052+0000][info][gc,heap        ] GC(669) Archive regions: 2->2
[2024-08-28T13:06:17.052+0000][info][gc,heap        ] GC(669) Humongous regions: 5->5
[2024-08-28T13:06:17.052+0000][info][gc,metaspace   ] GC(669) Metaspace: 100K(320K)->100K(320K) NonClass: 96K(192K)->96K(192K) Class: 4K(128K)->4K(128K)
[2024-08-28T13:06:17.052+0000][info][gc             ] GC(669) Pause Young (Mixed) (G1 Preventive Collection) 996M->896M(1024M) 7.570ms
[2024-08-28T13:06:17.052+0000][info][gc,cpu         ] GC(669) User=0.14s Sys=0.02s Real=0.01s
[2024-08-28T13:06:17.087+0000][info][gc,start       ] GC(670) Pause Young (Mixed) (G1 Evacuation Pause)
[2024-08-28T13:06:17.087+0000][info][gc,task        ] GC(670) Using 24 workers of 68 for evacuation
[2024-08-28T13:06:17.099+0000][info][gc,phases      ] GC(670)   Pre Evacuate Collection Set: 0.2ms
[2024-08-28T13:06:17.099+0000][info][gc,phases      ] GC(670)   Merge Heap Roots: 0.4ms
[2024-08-28T13:06:17.099+0000][info][gc,phases      ] GC(670)   Evacuate Collection Set: 10.6ms
[2024-08-28T13:06:17.099+0000][info][gc,phases      ] GC(670)   Post Evacuate Collection Set: 0.5ms
[2024-08-28T13:06:17.099+0000][info][gc,phases      ] GC(670)   Other: 0.3ms
[2024-08-28T13:06:17.099+0000][info][gc,heap        ] GC(670) Eden regions: 44->0(44)
[2024-08-28T13:06:17.099+0000][info][gc,heap        ] GC(670) Survivor regions: 7->7(7)
[2024-08-28T13:06:17.099+0000][info][gc,heap        ] GC(670) Old regions: 884->826
[2024-08-28T13:06:17.099+0000][info][gc,heap        ] GC(670) Archive regions: 2->2
[2024-08-28T13:06:17.099+0000][info][gc,heap        ] GC(670) Humongous regions: 5->5
[2024-08-28T13:06:17.099+0000][info][gc,metaspace   ] GC(670) Metaspace: 100K(320K)->100K(320K) NonClass: 96K(192K)->96K(192K) Class: 4K(128K)->4K(128K)
[2024-08-28T13:06:17.099+0000][info][gc             ] GC(670) Pause Young (Mixed) (G1 Evacuation Pause) 940M->838M(1024M) 12.167ms
[2024-08-28T13:06:17.099+0000][info][gc,cpu         ] GC(670) User=0.26s Sys=0.01s Real=0.02s
[2024-08-28T13:06:17.132+0000][info][gc,start       ] GC(671) Pause Young (Mixed) (G1 Evacuation Pause)
[2024-08-28T13:06:17.132+0000][info][gc,task        ] GC(671) Using 24 workers of 68 for evacuation
[2024-08-28T13:06:17.145+0000][info][gc,phases      ] GC(671)   Pre Evacuate Collection Set: 0.2ms
[2024-08-28T13:06:17.145+0000][info][gc,phases      ] GC(671)   Merge Heap Roots: 0.5ms
[2024-08-28T13:06:17.145+0000][info][gc,phases      ] GC(671)   Evacuate Collection Set: 11.5ms
[2024-08-28T13:06:17.145+0000][info][gc,phases      ] GC(671)   Post Evacuate Collection Set: 0.5ms
[2024-08-28T13:06:17.145+0000][info][gc,phases      ] GC(671)   Other: 0.3ms
[2024-08-28T13:06:17.145+0000][info][gc,heap        ] GC(671) Eden regions: 44->0(44)
[2024-08-28T13:06:17.145+0000][info][gc,heap        ] GC(671) Survivor regions: 7->7(7)
[2024-08-28T13:06:17.145+0000][info][gc,heap        ] GC(671) Old regions: 826->769
[2024-08-28T13:06:17.145+0000][info][gc,heap        ] GC(671) Archive regions: 2->2
[2024-08-28T13:06:17.145+0000][info][gc,heap        ] GC(671) Humongous regions: 5->5
[2024-08-28T13:06:17.146+0000][info][gc,metaspace   ] GC(671) Metaspace: 100K(320K)->100K(320K) NonClass: 96K(192K)->96K(192K) Class: 4K(128K)->4K(128K)
[2024-08-28T13:06:17.146+0000][info][gc             ] GC(671) Pause Young (Mixed) (G1 Evacuation Pause) 882M->781M(1024M) 13.170ms
[2024-08-28T13:06:17.146+0000][info][gc,cpu         ] GC(671) User=0.27s Sys=0.01s Real=0.01s
[2024-08-28T13:06:17.175+0000][info][gc,start       ] GC(672) Pause Young (Mixed) (G1 Evacuation Pause)
[2024-08-28T13:06:17.175+0000][info][gc,task        ] GC(672) Using 24 workers of 68 for evacuation
[2024-08-28T13:06:17.186+0000][info][gc,phases      ] GC(672)   Pre Evacuate Collection Set: 0.2ms
[2024-08-28T13:06:17.186+0000][info][gc,phases      ] GC(672)   Merge Heap Roots: 0.3ms
[2024-08-28T13:06:17.186+0000][info][gc,phases      ] GC(672)   Evacuate Collection Set: 10.5ms
[2024-08-28T13:06:17.186+0000][info][gc,phases      ] GC(672)   Post Evacuate Collection Set: 0.4ms
[2024-08-28T13:06:17.186+0000][info][gc,phases      ] GC(672)   Other: 0.3ms
[2024-08-28T13:06:17.186+0000][info][gc,heap        ] GC(672) Eden regions: 44->0(44)
[2024-08-28T13:06:17.186+0000][info][gc,heap        ] GC(672) Survivor regions: 7->7(7)
[2024-08-28T13:06:17.186+0000][info][gc,heap        ] GC(672) Old regions: 769->780
[2024-08-28T13:06:17.186+0000][info][gc,heap        ] GC(672) Archive regions: 2->2
[2024-08-28T13:06:17.186+0000][info][gc,heap        ] GC(672) Humongous regions: 5->5
[2024-08-28T13:06:17.186+0000][info][gc,metaspace   ] GC(672) Metaspace: 100K(320K)->100K(320K) NonClass: 96K(192K)->96K(192K) Class: 4K(128K)->4K(128K)
[2024-08-28T13:06:17.187+0000][info][gc             ] GC(672) Pause Young (Mixed) (G1 Evacuation Pause) 825M->792M(1024M) 11.938ms
[2024-08-28T13:06:17.187+0000][info][gc,cpu         ] GC(672) User=0.26s Sys=0.00s Real=0.01s
[2024-08-28T13:06:17.214+0000][info][gc,start       ] GC(673) Pause Young (Concurrent Start) (G1 Evacuation Pause)
[2024-08-28T13:06:17.214+0000][info][gc,task        ] GC(673) Using 24 workers of 68 for evacuation
[2024-08-28T13:06:17.226+0000][info][gc,phases      ] GC(673)   Pre Evacuate Collection Set: 0.2ms
[2024-08-28T13:06:17.226+0000][info][gc,phases      ] GC(673)   Merge Heap Roots: 0.4ms
[2024-08-28T13:06:17.226+0000][info][gc,phases      ] GC(673)   Evacuate Collection Set: 10.5ms
[2024-08-28T13:06:17.226+0000][info][gc,phases      ] GC(673)   Post Evacuate Collection Set: 0.5ms
[2024-08-28T13:06:17.226+0000][info][gc,phases      ] GC(673)   Other: 1.0ms
[2024-08-28T13:06:17.226+0000][info][gc,heap        ] GC(673) Eden regions: 44->0(44)
[2024-08-28T13:06:17.226+0000][info][gc,heap        ] GC(673) Survivor regions: 7->7(7)
[2024-08-28T13:06:17.226+0000][info][gc,heap        ] GC(673) Old regions: 780->827
[2024-08-28T13:06:17.226+0000][info][gc,heap        ] GC(673) Archive regions: 2->2
[2024-08-28T13:06:17.226+0000][info][gc,heap        ] GC(673) Humongous regions: 5->5
[2024-08-28T13:06:17.226+0000][info][gc,metaspace   ] GC(673) Metaspace: 100K(320K)->100K(320K) NonClass: 96K(192K)->96K(192K) Class: 4K(128K)->4K(128K)
[2024-08-28T13:06:17.226+0000][info][gc             ] GC(673) Pause Young (Concurrent Start) (G1 Evacuation Pause) 836M->839M(1024M) 12.719ms
[2024-08-28T13:06:17.226+0000][info][gc,cpu         ] GC(673) User=0.26s Sys=0.00s Real=0.01s
[2024-08-28T13:06:17.226+0000][info][gc             ] GC(674) Concurrent Mark Cycle
[2024-08-28T13:06:17.226+0000][info][gc,marking     ] GC(674) Concurrent Clear Claimed Marks
[2024-08-28T13:06:17.226+0000][info][gc,marking     ] GC(674) Concurrent Clear Claimed Marks 0.014ms
[2024-08-28T13:06:17.226+0000][info][gc,marking     ] GC(674) Concurrent Scan Root Regions
[2024-08-28T13:06:17.228+0000][info][gc,marking     ] GC(674) Concurrent Scan Root Regions 1.934ms
[2024-08-28T13:06:17.228+0000][info][gc,marking     ] GC(674) Concurrent Mark
[2024-08-28T13:06:17.228+0000][info][gc,marking     ] GC(674) Concurrent Mark From Roots
[2024-08-28T13:06:17.228+0000][info][gc,task        ] GC(674) Using 17 workers of 17 for marking
[2024-08-28T13:06:17.255+0000][info][gc,marking     ] GC(674) Concurrent Mark From Roots 26.773ms
[2024-08-28T13:06:17.255+0000][info][gc,marking     ] GC(674) Concurrent Preclean
[2024-08-28T13:06:17.256+0000][info][gc,marking     ] GC(674) Concurrent Preclean 0.765ms
[2024-08-28T13:06:17.256+0000][info][gc,start       ] GC(674) Pause Remark
[2024-08-28T13:06:17.258+0000][info][gc             ] GC(674) Pause Remark 871M->871M(1024M) 1.368ms
[2024-08-28T13:06:17.258+0000][info][gc,cpu         ] GC(674) User=0.01s Sys=0.00s Real=0.01s
[2024-08-28T13:06:17.258+0000][info][gc,marking     ] GC(674) Concurrent Mark 29.309ms
[2024-08-28T13:06:17.258+0000][info][gc,marking     ] GC(674) Concurrent Rebuild Remembered Sets
[2024-08-28T13:06:17.266+0000][info][gc,start       ] GC(675) Pause Young (Normal) (G1 Evacuation Pause)
[2024-08-28T13:06:17.266+0000][info][gc,task        ] GC(675) Using 24 workers of 68 for evacuation
[2024-08-28T13:06:17.278+0000][info][gc,phases      ] GC(675)   Pre Evacuate Collection Set: 0.1ms
[2024-08-28T13:06:17.278+0000][info][gc,phases      ] GC(675)   Merge Heap Roots: 0.2ms
[2024-08-28T13:06:17.278+0000][info][gc,phases      ] GC(675)   Evacuate Collection Set: 10.6ms
[2024-08-28T13:06:17.278+0000][info][gc,phases      ] GC(675)   Post Evacuate Collection Set: 0.5ms
[2024-08-28T13:06:17.278+0000][info][gc,phases      ] GC(675)   Other: 0.2ms
[2024-08-28T13:06:17.278+0000][info][gc,heap        ] GC(675) Eden regions: 44->0(44)
[2024-08-28T13:06:17.278+0000][info][gc,heap        ] GC(675) Survivor regions: 7->7(7)
[2024-08-28T13:06:17.278+0000][info][gc,heap        ] GC(675) Old regions: 827->873
[2024-08-28T13:06:17.278+0000][info][gc,heap        ] GC(675) Archive regions: 2->2
[2024-08-28T13:06:17.278+0000][info][gc,heap        ] GC(675) Humongous regions: 5->5
[2024-08-28T13:06:17.278+0000][info][gc,metaspace   ] GC(675) Metaspace: 100K(320K)->100K(320K) NonClass: 96K(192K)->96K(192K) Class: 4K(128K)->4K(128K)
[2024-08-28T13:06:17.278+0000][info][gc             ] GC(675) Pause Young (Normal) (G1 Evacuation Pause) 883M->885M(1024M) 11.759ms
[2024-08-28T13:06:17.278+0000][info][gc,cpu         ] GC(675) User=0.25s Sys=0.01s Real=0.02s
[2024-08-28T13:06:17.309+0000][info][gc,start       ] GC(676) Pause Young (Normal) (G1 Evacuation Pause)
[2024-08-28T13:06:17.309+0000][info][gc,task        ] GC(676) Using 24 workers of 68 for evacuation
[2024-08-28T13:06:17.325+0000][info][gc,phases      ] GC(676)   Pre Evacuate Collection Set: 0.1ms
[2024-08-28T13:06:17.325+0000][info][gc,phases      ] GC(676)   Merge Heap Roots: 0.5ms
[2024-08-28T13:06:17.325+0000][info][gc,phases      ] GC(676)   Evacuate Collection Set: 14.5ms
[2024-08-28T13:06:17.325+0000][info][gc,phases      ] GC(676)   Post Evacuate Collection Set: 0.5ms
[2024-08-28T13:06:17.325+0000][info][gc,phases      ] GC(676)   Other: 0.2ms
[2024-08-28T13:06:17.325+0000][info][gc,heap        ] GC(676) Eden regions: 44->0(44)
[2024-08-28T13:06:17.325+0000][info][gc,heap        ] GC(676) Survivor regions: 7->7(7)
[2024-08-28T13:06:17.325+0000][info][gc,heap        ] GC(676) Old regions: 873->920
[2024-08-28T13:06:17.325+0000][info][gc,heap        ] GC(676) Archive regions: 2->2
[2024-08-28T13:06:17.325+0000][info][gc,heap        ] GC(676) Humongous regions: 5->5
[2024-08-28T13:06:17.325+0000][info][gc,metaspace   ] GC(676) Metaspace: 100K(320K)->100K(320K) NonClass: 96K(192K)->96K(192K) Class: 4K(128K)->4K(128K)
[2024-08-28T13:06:17.325+0000][info][gc             ] GC(676) Pause Young (Normal) (G1 Evacuation Pause) 929M->932M(1024M) 15.877ms
[2024-08-28T13:06:17.325+0000][info][gc,cpu         ] GC(676) User=0.36s Sys=0.00s Real=0.02s
[2024-08-28T13:06:17.345+0000][info][gc,marking     ] GC(674) Concurrent Rebuild Remembered Sets 87.286ms
[2024-08-28T13:06:17.345+0000][info][gc,start       ] GC(674) Pause Cleanup
[2024-08-28T13:06:17.347+0000][info][gc             ] GC(674) Pause Cleanup 960M->960M(1024M) 2.054ms
[2024-08-28T13:06:17.347+0000][info][gc,cpu         ] GC(674) User=0.00s Sys=0.00s Real=0.00s
[2024-08-28T13:06:17.348+0000][info][gc,marking     ] GC(674) Concurrent Cleanup for Next Mark
[2024-08-28T13:06:17.348+0000][info][gc,marking     ] GC(674) Concurrent Cleanup for Next Mark 0.963ms
[2024-08-28T13:06:17.349+0000][info][gc             ] GC(674) Concurrent Mark Cycle 122.097ms
[2024-08-28T13:06:17.355+0000][info][gc,start       ] GC(677) Pause Young (Prepare Mixed) (G1 Preventive Collection)
[2024-08-28T13:06:17.356+0000][info][gc,task        ] GC(677) Using 24 workers of 68 for evacuation
[2024-08-28T13:06:17.372+0000][info][gc,phases      ] GC(677)   Pre Evacuate Collection Set: 0.2ms
[2024-08-28T13:06:17.372+0000][info][gc,phases      ] GC(677)   Merge Heap Roots: 0.6ms
[2024-08-28T13:06:17.372+0000][info][gc,phases      ] GC(677)   Evacuate Collection Set: 15.3ms
[2024-08-28T13:06:17.372+0000][info][gc,phases      ] GC(677)   Post Evacuate Collection Set: 0.3ms
[2024-08-28T13:06:17.372+0000][info][gc,phases      ] GC(677)   Other: 0.2ms
[2024-08-28T13:06:17.372+0000][info][gc,heap        ] GC(677) Eden regions: 39->0(44)
[2024-08-28T13:06:17.372+0000][info][gc,heap        ] GC(677) Survivor regions: 7->7(7)
[2024-08-28T13:06:17.372+0000][info][gc,heap        ] GC(677) Old regions: 920->962
[2024-08-28T13:06:17.372+0000][info][gc,heap        ] GC(677) Archive regions: 2->2
[2024-08-28T13:06:17.372+0000][info][gc,heap        ] GC(677) Humongous regions: 5->5
[2024-08-28T13:06:17.372+0000][info][gc,metaspace   ] GC(677) Metaspace: 100K(320K)->100K(320K) NonClass: 96K(192K)->96K(192K) Class: 4K(128K)->4K(128K)
[2024-08-28T13:06:17.372+0000][info][gc             ] GC(677) Pause Young (Prepare Mixed) (G1 Preventive Collection) 971M->974M(1024M) 16.762ms
[2024-08-28T13:06:17.372+0000][info][gc,cpu         ] GC(677) User=0.38s Sys=0.00s Real=0.02s
[2024-08-28T13:06:17.384+0000][info][gc,start       ] GC(678) Pause Young (Mixed) (G1 Preventive Collection)
[2024-08-28T13:06:17.384+0000][info][gc,task        ] GC(678) Using 24 workers of 68 for evacuation
[2024-08-28T13:06:17.393+0000][info][gc             ] GC(678) To-space exhausted
[2024-08-28T13:06:17.393+0000][info][gc,phases      ] GC(678)   Pre Evacuate Collection Set: 0.2ms
[2024-08-28T13:06:17.393+0000][info][gc,phases      ] GC(678)   Merge Heap Roots: 0.2ms
[2024-08-28T13:06:17.393+0000][info][gc,phases      ] GC(678)   Evacuate Collection Set: 7.1ms
[2024-08-28T13:06:17.393+0000][info][gc,phases      ] GC(678)   Post Evacuate Collection Set: 0.7ms
[2024-08-28T13:06:17.393+0000][info][gc,phases      ] GC(678)   Other: 0.3ms
[2024-08-28T13:06:17.393+0000][info][gc,heap        ] GC(678) Eden regions: 19->0(44)
[2024-08-28T13:06:17.393+0000][info][gc,heap        ] GC(678) Survivor regions: 7->7(7)
[2024-08-28T13:06:17.393+0000][info][gc,heap        ] GC(678) Old regions: 962->886
[2024-08-28T13:06:17.393+0000][info][gc,heap        ] GC(678) Archive regions: 2->2
[2024-08-28T13:06:17.393+0000][info][gc,heap        ] GC(678) Humongous regions: 5->5
[2024-08-28T13:06:17.393+0000][info][gc,metaspace   ] GC(678) Metaspace: 100K(320K)->100K(320K) NonClass: 96K(192K)->96K(192K) Class: 4K(128K)->4K(128K)
[2024-08-28T13:06:17.393+0000][info][gc             ] GC(678) Pause Young (Mixed) (G1 Preventive Collection) 993M->898M(1024M) 8.587ms
[2024-08-28T13:06:17.393+0000][info][gc,cpu         ] GC(678) User=0.18s Sys=0.00s Real=0.01s
[2024-08-28T13:06:17.420+0000][info][gc,start       ] GC(679) Pause Young (Mixed) (G1 Evacuation Pause)
[2024-08-28T13:06:17.420+0000][info][gc,task        ] GC(679) Using 24 workers of 68 for evacuation
[2024-08-28T13:06:17.432+0000][info][gc,phases      ] GC(679)   Pre Evacuate Collection Set: 0.2ms
[2024-08-28T13:06:17.432+0000][info][gc,phases      ] GC(679)   Merge Heap Roots: 0.4ms
[2024-08-28T13:06:17.432+0000][info][gc,phases      ] GC(679)   Evacuate Collection Set: 10.6ms
[2024-08-28T13:06:17.432+0000][info][gc,phases      ] GC(679)   Post Evacuate Collection Set: 0.4ms
[2024-08-28T13:06:17.432+0000][info][gc,phases      ] GC(679)   Other: 0.3ms
[2024-08-28T13:06:17.432+0000][info][gc,heap        ] GC(679) Eden regions: 44->0(44)
[2024-08-28T13:06:17.432+0000][info][gc,heap        ] GC(679) Survivor regions: 7->7(7)
[2024-08-28T13:06:17.432+0000][info][gc,heap        ] GC(679) Old regions: 886->829
[2024-08-28T13:06:17.432+0000][info][gc,heap        ] GC(679) Archive regions: 2->2
[2024-08-28T13:06:17.432+0000][info][gc,heap        ] GC(679) Humongous regions: 5->5
[2024-08-28T13:06:17.433+0000][info][gc,metaspace   ] GC(679) Metaspace: 100K(320K)->100K(320K) NonClass: 96K(192K)->96K(192K) Class: 4K(128K)->4K(128K)
[2024-08-28T13:06:17.433+0000][info][gc             ] GC(679) Pause Young (Mixed) (G1 Evacuation Pause) 942M->841M(1024M) 12.173ms
[2024-08-28T13:06:17.433+0000][info][gc,cpu         ] GC(679) User=0.26s Sys=0.00s Real=0.01s
[2024-08-28T13:06:17.458+0000][info][gc,start       ] GC(680) Pause Young (Mixed) (G1 Evacuation Pause)
[2024-08-28T13:06:17.459+0000][info][gc,task        ] GC(680) Using 24 workers of 68 for evacuation
[2024-08-28T13:06:17.471+0000][info][gc,phases      ] GC(680)   Pre Evacuate Collection Set: 0.2ms
[2024-08-28T13:06:17.471+0000][info][gc,phases      ] GC(680)   Merge Heap Roots: 0.3ms
[2024-08-28T13:06:17.471+0000][info][gc,phases      ] GC(680)   Evacuate Collection Set: 11.0ms
[2024-08-28T13:06:17.471+0000][info][gc,phases      ] GC(680)   Post Evacuate Collection Set: 0.5ms
[2024-08-28T13:06:17.471+0000][info][gc,phases      ] GC(680)   Other: 0.4ms
[2024-08-28T13:06:17.471+0000][info][gc,heap        ] GC(680) Eden regions: 44->0(44)
[2024-08-28T13:06:17.471+0000][info][gc,heap        ] GC(680) Survivor regions: 7->7(7)
[2024-08-28T13:06:17.471+0000][info][gc,heap        ] GC(680) Old regions: 829->773
[2024-08-28T13:06:17.471+0000][info][gc,heap        ] GC(680) Archive regions: 2->2
[2024-08-28T13:06:17.471+0000][info][gc,heap        ] GC(680) Humongous regions: 5->5
[2024-08-28T13:06:17.471+0000][info][gc,metaspace   ] GC(680) Metaspace: 100K(320K)->100K(320K) NonClass: 96K(192K)->96K(192K) Class: 4K(128K)->4K(128K)
[2024-08-28T13:06:17.471+0000][info][gc             ] GC(680) Pause Young (Mixed) (G1 Evacuation Pause) 885M->785M(1024M) 12.524ms
[2024-08-28T13:06:17.471+0000][info][gc,cpu         ] GC(680) User=0.27s Sys=0.00s Real=0.01s
[2024-08-28T13:06:17.498+0000][info][gc,start       ] GC(681) Pause Young (Mixed) (G1 Evacuation Pause)
[2024-08-28T13:06:17.498+0000][info][gc,task        ] GC(681) Using 24 workers of 68 for evacuation
[2024-08-28T13:06:17.510+0000][info][gc,phases      ] GC(681)   Pre Evacuate Collection Set: 0.2ms
[2024-08-28T13:06:17.511+0000][info][gc,phases      ] GC(681)   Merge Heap Roots: 0.4ms
[2024-08-28T13:06:17.511+0000][info][gc,phases      ] GC(681)   Evacuate Collection Set: 11.7ms
[2024-08-28T13:06:17.511+0000][info][gc,phases      ] GC(681)   Post Evacuate Collection Set: 0.4ms
[2024-08-28T13:06:17.511+0000][info][gc,phases      ] GC(681)   Other: 0.4ms
[2024-08-28T13:06:17.511+0000][info][gc,heap        ] GC(681) Eden regions: 44->0(44)
[2024-08-28T13:06:17.511+0000][info][gc,heap        ] GC(681) Survivor regions: 7->7(7)
[2024-08-28T13:06:17.511+0000][info][gc,heap        ] GC(681) Old regions: 773->791
[2024-08-28T13:06:17.511+0000][info][gc,heap        ] GC(681) Archive regions: 2->2
[2024-08-28T13:06:17.511+0000][info][gc,heap        ] GC(681) Humongous regions: 5->5
[2024-08-28T13:06:17.511+0000][info][gc,metaspace   ] GC(681) Metaspace: 100K(320K)->100K(320K) NonClass: 96K(192K)->96K(192K) Class: 4K(128K)->4K(128K)
[2024-08-28T13:06:17.511+0000][info][gc             ] GC(681) Pause Young (Mixed) (G1 Evacuation Pause) 829M->803M(1024M) 13.103ms
[2024-08-28T13:06:17.511+0000][info][gc,cpu         ] GC(681) User=0.29s Sys=0.00s Real=0.01s
[2024-08-28T13:06:17.537+0000][info][gc,start       ] GC(682) Pause Young (Concurrent Start) (G1 Evacuation Pause)
[2024-08-28T13:06:17.537+0000][info][gc,task        ] GC(682) Using 24 workers of 68 for evacuation
[2024-08-28T13:06:17.550+0000][info][gc,phases      ] GC(682)   Pre Evacuate Collection Set: 0.2ms
[2024-08-28T13:06:17.550+0000][info][gc,phases      ] GC(682)   Merge Heap Roots: 0.4ms
[2024-08-28T13:06:17.550+0000][info][gc,phases      ] GC(682)   Evacuate Collection Set: 10.7ms
[2024-08-28T13:06:17.550+0000][info][gc,phases      ] GC(682)   Post Evacuate Collection Set: 0.4ms
[2024-08-28T13:06:17.550+0000][info][gc,phases      ] GC(682)   Other: 1.0ms
[2024-08-28T13:06:17.550+0000][info][gc,heap        ] GC(682) Eden regions: 44->0(44)
[2024-08-28T13:06:17.550+0000][info][gc,heap        ] GC(682) Survivor regions: 7->7(7)
[2024-08-28T13:06:17.550+0000][info][gc,heap        ] GC(682) Old regions: 791->838
[2024-08-28T13:06:17.550+0000][info][gc,heap        ] GC(682) Archive regions: 2->2
[2024-08-28T13:06:17.550+0000][info][gc,heap        ] GC(682) Humongous regions: 5->5
[2024-08-28T13:06:17.550+0000][info][gc,metaspace   ] GC(682) Metaspace: 100K(320K)->100K(320K) NonClass: 96K(192K)->96K(192K) Class: 4K(128K)->4K(128K)
[2024-08-28T13:06:17.550+0000][info][gc             ] GC(682) Pause Young (Concurrent Start) (G1 Evacuation Pause) 847M->850M(1024M) 12.958ms
[2024-08-28T13:06:17.550+0000][info][gc,cpu         ] GC(682) User=0.26s Sys=0.01s Real=0.02s
[2024-08-28T13:06:17.550+0000][info][gc             ] GC(683) Concurrent Mark Cycle
[2024-08-28T13:06:17.550+0000][info][gc,marking     ] GC(683) Concurrent Clear Claimed Marks
[2024-08-28T13:06:17.550+0000][info][gc,marking     ] GC(683) Concurrent Clear Claimed Marks 0.010ms
[2024-08-28T13:06:17.550+0000][info][gc,marking     ] GC(683) Concurrent Scan Root Regions
[2024-08-28T13:06:17.552+0000][info][gc,marking     ] GC(683) Concurrent Scan Root Regions 1.865ms
[2024-08-28T13:06:17.552+0000][info][gc,marking     ] GC(683) Concurrent Mark
[2024-08-28T13:06:17.552+0000][info][gc,marking     ] GC(683) Concurrent Mark From Roots
[2024-08-28T13:06:17.552+0000][info][gc,task        ] GC(683) Using 17 workers of 17 for marking
[2024-08-28T13:06:17.579+0000][info][gc,marking     ] GC(683) Concurrent Mark From Roots 26.447ms
[2024-08-28T13:06:17.579+0000][info][gc,marking     ] GC(683) Concurrent Preclean
[2024-08-28T13:06:17.579+0000][info][gc,marking     ] GC(683) Concurrent Preclean 0.567ms
[2024-08-28T13:06:17.580+0000][info][gc,start       ] GC(683) Pause Remark
[2024-08-28T13:06:17.581+0000][info][gc             ] GC(683) Pause Remark 883M->883M(1024M) 1.215ms
[2024-08-28T13:06:17.581+0000][info][gc,cpu         ] GC(683) User=0.00s Sys=0.00s Real=0.00s
[2024-08-28T13:06:17.581+0000][info][gc,marking     ] GC(683) Concurrent Mark 28.600ms
[2024-08-28T13:06:17.581+0000][info][gc,marking     ] GC(683) Concurrent Rebuild Remembered Sets
[2024-08-28T13:06:17.589+0000][info][gc,start       ] GC(684) Pause Young (Normal) (G1 Evacuation Pause)
[2024-08-28T13:06:17.589+0000][info][gc,task        ] GC(684) Using 24 workers of 68 for evacuation
[2024-08-28T13:06:17.600+0000][info][gc,phases      ] GC(684)   Pre Evacuate Collection Set: 0.1ms
[2024-08-28T13:06:17.600+0000][info][gc,phases      ] GC(684)   Merge Heap Roots: 0.4ms
[2024-08-28T13:06:17.600+0000][info][gc,phases      ] GC(684)   Evacuate Collection Set: 10.3ms
[2024-08-28T13:06:17.600+0000][info][gc,phases      ] GC(684)   Post Evacuate Collection Set: 0.5ms
[2024-08-28T13:06:17.600+0000][info][gc,phases      ] GC(684)   Other: 0.2ms
[2024-08-28T13:06:17.600+0000][info][gc,heap        ] GC(684) Eden regions: 44->0(44)
[2024-08-28T13:06:17.600+0000][info][gc,heap        ] GC(684) Survivor regions: 7->7(7)
[2024-08-28T13:06:17.600+0000][info][gc,heap        ] GC(684) Old regions: 838->885
[2024-08-28T13:06:17.600+0000][info][gc,heap        ] GC(684) Archive regions: 2->2
[2024-08-28T13:06:17.600+0000][info][gc,heap        ] GC(684) Humongous regions: 5->5
[2024-08-28T13:06:17.600+0000][info][gc,metaspace   ] GC(684) Metaspace: 100K(320K)->100K(320K) NonClass: 96K(192K)->96K(192K) Class: 4K(128K)->4K(128K)
[2024-08-28T13:06:17.601+0000][info][gc             ] GC(684) Pause Young (Normal) (G1 Evacuation Pause) 894M->897M(1024M) 11.584ms
[2024-08-28T13:06:17.601+0000][info][gc,cpu         ] GC(684) User=0.26s Sys=0.00s Real=0.02s
[2024-08-28T13:06:17.632+0000][info][gc,start       ] GC(685) Pause Young (Normal) (G1 Evacuation Pause)
[2024-08-28T13:06:17.632+0000][info][gc,task        ] GC(685) Using 24 workers of 68 for evacuation
[2024-08-28T13:06:17.650+0000][info][gc,phases      ] GC(685)   Pre Evacuate Collection Set: 0.1ms
[2024-08-28T13:06:17.650+0000][info][gc,phases      ] GC(685)   Merge Heap Roots: 0.5ms
[2024-08-28T13:06:17.650+0000][info][gc,phases      ] GC(685)   Evacuate Collection Set: 16.0ms
[2024-08-28T13:06:17.650+0000][info][gc,phases      ] GC(685)   Post Evacuate Collection Set: 0.6ms
[2024-08-28T13:06:17.650+0000][info][gc,phases      ] GC(685)   Other: 0.2ms
[2024-08-28T13:06:17.650+0000][info][gc,heap        ] GC(685) Eden regions: 44->0(44)
[2024-08-28T13:06:17.650+0000][info][gc,heap        ] GC(685) Survivor regions: 7->7(7)
[2024-08-28T13:06:17.650+0000][info][gc,heap        ] GC(685) Old regions: 885->931
[2024-08-28T13:06:17.650+0000][info][gc,heap        ] GC(685) Archive regions: 2->2
[2024-08-28T13:06:17.650+0000][info][gc,heap        ] GC(685) Humongous regions: 5->5
[2024-08-28T13:06:17.650+0000][info][gc,metaspace   ] GC(685) Metaspace: 100K(320K)->100K(320K) NonClass: 96K(192K)->96K(192K) Class: 4K(128K)->4K(128K)
[2024-08-28T13:06:17.650+0000][info][gc             ] GC(685) Pause Young (Normal) (G1 Evacuation Pause) 941M->943M(1024M) 17.562ms
[2024-08-28T13:06:17.650+0000][info][gc,cpu         ] GC(685) User=0.34s Sys=0.06s Real=0.02s
[2024-08-28T13:06:17.666+0000][info][gc,marking     ] GC(683) Concurrent Rebuild Remembered Sets 85.306ms
[2024-08-28T13:06:17.666+0000][info][gc,start       ] GC(683) Pause Cleanup
[2024-08-28T13:06:17.668+0000][info][gc             ] GC(683) Pause Cleanup 959M->959M(1024M) 1.515ms
[2024-08-28T13:06:17.668+0000][info][gc,cpu         ] GC(683) User=0.00s Sys=0.00s Real=0.00s
[2024-08-28T13:06:17.668+0000][info][gc,marking     ] GC(683) Concurrent Cleanup for Next Mark
[2024-08-28T13:06:17.669+0000][info][gc,marking     ] GC(683) Concurrent Cleanup for Next Mark 0.821ms
[2024-08-28T13:06:17.669+0000][info][gc             ] GC(683) Concurrent Mark Cycle 118.609ms
[2024-08-28T13:06:17.683+0000][info][gc,start       ] GC(686) Pause Young (Prepare Mixed) (G1 Preventive Collection)
[2024-08-28T13:06:17.683+0000][info][gc,task        ] GC(686) Using 24 workers of 68 for evacuation
[2024-08-28T13:06:17.700+0000][info][gc,phases      ] GC(686)   Pre Evacuate Collection Set: 0.2ms
[2024-08-28T13:06:17.700+0000][info][gc,phases      ] GC(686)   Merge Heap Roots: 0.4ms
[2024-08-28T13:06:17.700+0000][info][gc,phases      ] GC(686)   Evacuate Collection Set: 15.8ms
[2024-08-28T13:06:17.700+0000][info][gc,phases      ] GC(686)   Post Evacuate Collection Set: 0.3ms
[2024-08-28T13:06:17.700+0000][info][gc,phases      ] GC(686)   Other: 0.2ms
[2024-08-28T13:06:17.700+0000][info][gc,heap        ] GC(686) Eden regions: 34->0(44)
[2024-08-28T13:06:17.700+0000][info][gc,heap        ] GC(686) Survivor regions: 7->7(7)
[2024-08-28T13:06:17.700+0000][info][gc,heap        ] GC(686) Old regions: 931->969
[2024-08-28T13:06:17.700+0000][info][gc,heap        ] GC(686) Archive regions: 2->2
[2024-08-28T13:06:17.700+0000][info][gc,heap        ] GC(686) Humongous regions: 5->5
[2024-08-28T13:06:17.700+0000][info][gc,metaspace   ] GC(686) Metaspace: 100K(320K)->100K(320K) NonClass: 96K(192K)->96K(192K) Class: 4K(128K)->4K(128K)
[2024-08-28T13:06:17.700+0000][info][gc             ] GC(686) Pause Young (Prepare Mixed) (G1 Preventive Collection) 977M->981M(1024M) 16.961ms
[2024-08-28T13:06:17.700+0000][info][gc,cpu         ] GC(686) User=0.37s Sys=0.02s Real=0.02s
[2024-08-28T13:06:17.711+0000][info][gc,start       ] GC(687) Pause Young (Mixed) (G1 Preventive Collection)
[2024-08-28T13:06:17.711+0000][info][gc,task        ] GC(687) Using 24 workers of 68 for evacuation
[2024-08-28T13:06:17.718+0000][info][gc,phases      ] GC(687)   Pre Evacuate Collection Set: 0.2ms
[2024-08-28T13:06:17.718+0000][info][gc,phases      ] GC(687)   Merge Heap Roots: 0.3ms
[2024-08-28T13:06:17.718+0000][info][gc,phases      ] GC(687)   Evacuate Collection Set: 6.5ms
[2024-08-28T13:06:17.718+0000][info][gc,phases      ] GC(687)   Post Evacuate Collection Set: 0.4ms
[2024-08-28T13:06:17.718+0000][info][gc,phases      ] GC(687)   Other: 0.2ms
[2024-08-28T13:06:17.718+0000][info][gc,heap        ] GC(687) Eden regions: 15->0(44)
[2024-08-28T13:06:17.718+0000][info][gc,heap        ] GC(687) Survivor regions: 7->7(7)
[2024-08-28T13:06:17.718+0000][info][gc,heap        ] GC(687) Old regions: 969->884
[2024-08-28T13:06:17.718+0000][info][gc,heap        ] GC(687) Archive regions: 2->2
[2024-08-28T13:06:17.718+0000][info][gc,heap        ] GC(687) Humongous regions: 5->5
[2024-08-28T13:06:17.718+0000][info][gc,metaspace   ] GC(687) Metaspace: 100K(320K)->100K(320K) NonClass: 96K(192K)->96K(192K) Class: 4K(128K)->4K(128K)
[2024-08-28T13:06:17.718+0000][info][gc             ] GC(687) Pause Young (Mixed) (G1 Preventive Collection) 996M->896M(1024M) 7.707ms
[2024-08-28T13:06:17.718+0000][info][gc,cpu         ] GC(687) User=0.16s Sys=0.00s Real=0.01s
[2024-08-28T13:06:17.748+0000][info][gc,start       ] GC(688) Pause Young (Mixed) (G1 Evacuation Pause)
[2024-08-28T13:06:17.748+0000][info][gc,task        ] GC(688) Using 24 workers of 68 for evacuation
[2024-08-28T13:06:17.759+0000][info][gc,phases      ] GC(688)   Pre Evacuate Collection Set: 0.2ms
[2024-08-28T13:06:17.759+0000][info][gc,phases      ] GC(688)   Merge Heap Roots: 0.3ms
[2024-08-28T13:06:17.759+0000][info][gc,phases      ] GC(688)   Evacuate Collection Set: 10.4ms
[2024-08-28T13:06:17.759+0000][info][gc,phases      ] GC(688)   Post Evacuate Collection Set: 0.4ms
[2024-08-28T13:06:17.759+0000][info][gc,phases      ] GC(688)   Other: 0.3ms
[2024-08-28T13:06:17.759+0000][info][gc,heap        ] GC(688) Eden regions: 44->0(44)
[2024-08-28T13:06:17.759+0000][info][gc,heap        ] GC(688) Survivor regions: 7->7(7)
[2024-08-28T13:06:17.759+0000][info][gc,heap        ] GC(688) Old regions: 884->825
[2024-08-28T13:06:17.759+0000][info][gc,heap        ] GC(688) Archive regions: 2->2
[2024-08-28T13:06:17.759+0000][info][gc,heap        ] GC(688) Humongous regions: 5->5
[2024-08-28T13:06:17.760+0000][info][gc,metaspace   ] GC(688) Metaspace: 100K(320K)->100K(320K) NonClass: 96K(192K)->96K(192K) Class: 4K(128K)->4K(128K)
[2024-08-28T13:06:17.760+0000][info][gc             ] GC(688) Pause Young (Mixed) (G1 Evacuation Pause) 940M->837M(1024M) 11.665ms
[2024-08-28T13:06:17.760+0000][info][gc,cpu         ] GC(688) User=0.24s Sys=0.01s Real=0.02s
[2024-08-28T13:06:17.788+0000][info][gc,start       ] GC(689) Pause Young (Mixed) (G1 Evacuation Pause)
[2024-08-28T13:06:17.788+0000][info][gc,task        ] GC(689) Using 24 workers of 68 for evacuation
[2024-08-28T13:06:17.800+0000][info][gc,phases      ] GC(689)   Pre Evacuate Collection Set: 0.2ms
[2024-08-28T13:06:17.800+0000][info][gc,phases      ] GC(689)   Merge Heap Roots: 0.4ms
[2024-08-28T13:06:17.800+0000][info][gc,phases      ] GC(689)   Evacuate Collection Set: 10.9ms
[2024-08-28T13:06:17.800+0000][info][gc,phases      ] GC(689)   Post Evacuate Collection Set: 0.4ms
[2024-08-28T13:06:17.800+0000][info][gc,phases      ] GC(689)   Other: 0.3ms
[2024-08-28T13:06:17.800+0000][info][gc,heap        ] GC(689) Eden regions: 44->0(44)
[2024-08-28T13:06:17.800+0000][info][gc,heap        ] GC(689) Survivor regions: 7->7(7)
[2024-08-28T13:06:17.800+0000][info][gc,heap        ] GC(689) Old regions: 825->768
[2024-08-28T13:06:17.800+0000][info][gc,heap        ] GC(689) Archive regions: 2->2
[2024-08-28T13:06:17.800+0000][info][gc,heap        ] GC(689) Humongous regions: 5->5
[2024-08-28T13:06:17.800+0000][info][gc,metaspace   ] GC(689) Metaspace: 100K(320K)->100K(320K) NonClass: 96K(192K)->96K(192K) Class: 4K(128K)->4K(128K)
[2024-08-28T13:06:17.800+0000][info][gc             ] GC(689) Pause Young (Mixed) (G1 Evacuation Pause) 881M->780M(1024M) 12.376ms
[2024-08-28T13:06:17.800+0000][info][gc,cpu         ] GC(689) User=0.26s Sys=0.02s Real=0.02s
[2024-08-28T13:06:17.831+0000][info][gc,start       ] GC(690) Pause Young (Mixed) (G1 Evacuation Pause)
[2024-08-28T13:06:17.831+0000][info][gc,task        ] GC(690) Using 24 workers of 68 for evacuation
[2024-08-28T13:06:17.843+0000][info][gc,phases      ] GC(690)   Pre Evacuate Collection Set: 0.2ms
[2024-08-28T13:06:17.843+0000][info][gc,phases      ] GC(690)   Merge Heap Roots: 0.3ms
[2024-08-28T13:06:17.843+0000][info][gc,phases      ] GC(690)   Evacuate Collection Set: 11.2ms
[2024-08-28T13:06:17.843+0000][info][gc,phases      ] GC(690)   Post Evacuate Collection Set: 0.3ms
[2024-08-28T13:06:17.843+0000][info][gc,phases      ] GC(690)   Other: 0.3ms
[2024-08-28T13:06:17.843+0000][info][gc,heap        ] GC(690) Eden regions: 44->0(44)
[2024-08-28T13:06:17.843+0000][info][gc,heap        ] GC(690) Survivor regions: 7->7(7)
[2024-08-28T13:06:17.843+0000][info][gc,heap        ] GC(690) Old regions: 768->777
[2024-08-28T13:06:17.843+0000][info][gc,heap        ] GC(690) Archive regions: 2->2
[2024-08-28T13:06:17.843+0000][info][gc,heap        ] GC(690) Humongous regions: 5->5
[2024-08-28T13:06:17.843+0000][info][gc,metaspace   ] GC(690) Metaspace: 100K(320K)->100K(320K) NonClass: 96K(192K)->96K(192K) Class: 4K(128K)->4K(128K)
[2024-08-28T13:06:17.843+0000][info][gc             ] GC(690) Pause Young (Mixed) (G1 Evacuation Pause) 824M->789M(1024M) 12.443ms
[2024-08-28T13:06:17.843+0000][info][gc,cpu         ] GC(690) User=0.27s Sys=0.00s Real=0.01s
[2024-08-28T13:06:17.871+0000][info][gc,start       ] GC(691) Pause Young (Concurrent Start) (G1 Evacuation Pause)
[2024-08-28T13:06:17.871+0000][info][gc,task        ] GC(691) Using 24 workers of 68 for evacuation
[2024-08-28T13:06:17.883+0000][info][gc,phases      ] GC(691)   Pre Evacuate Collection Set: 0.2ms
[2024-08-28T13:06:17.883+0000][info][gc,phases      ] GC(691)   Merge Heap Roots: 0.2ms
[2024-08-28T13:06:17.883+0000][info][gc,phases      ] GC(691)   Evacuate Collection Set: 10.8ms
[2024-08-28T13:06:17.883+0000][info][gc,phases      ] GC(691)   Post Evacuate Collection Set: 0.4ms
[2024-08-28T13:06:17.883+0000][info][gc,phases      ] GC(691)   Other: 1.0ms
[2024-08-28T13:06:17.883+0000][info][gc,heap        ] GC(691) Eden regions: 44->0(44)
[2024-08-28T13:06:17.883+0000][info][gc,heap        ] GC(691) Survivor regions: 7->7(7)
[2024-08-28T13:06:17.883+0000][info][gc,heap        ] GC(691) Old regions: 777->824
[2024-08-28T13:06:17.883+0000][info][gc,heap        ] GC(691) Archive regions: 2->2
[2024-08-28T13:06:17.883+0000][info][gc,heap        ] GC(691) Humongous regions: 5->5
[2024-08-28T13:06:17.884+0000][info][gc,metaspace   ] GC(691) Metaspace: 100K(320K)->100K(320K) NonClass: 96K(192K)->96K(192K) Class: 4K(128K)->4K(128K)
[2024-08-28T13:06:17.884+0000][info][gc             ] GC(691) Pause Young (Concurrent Start) (G1 Evacuation Pause) 833M->836M(1024M) 12.693ms
[2024-08-28T13:06:17.884+0000][info][gc,cpu         ] GC(691) User=0.26s Sys=0.00s Real=0.01s
[2024-08-28T13:06:17.884+0000][info][gc             ] GC(692) Concurrent Mark Cycle
[2024-08-28T13:06:17.884+0000][info][gc,marking     ] GC(692) Concurrent Clear Claimed Marks
[2024-08-28T13:06:17.884+0000][info][gc,marking     ] GC(692) Concurrent Clear Claimed Marks 0.013ms
[2024-08-28T13:06:17.884+0000][info][gc,marking     ] GC(692) Concurrent Scan Root Regions
[2024-08-28T13:06:17.886+0000][info][gc,marking     ] GC(692) Concurrent Scan Root Regions 1.939ms
[2024-08-28T13:06:17.886+0000][info][gc,marking     ] GC(692) Concurrent Mark
[2024-08-28T13:06:17.886+0000][info][gc,marking     ] GC(692) Concurrent Mark From Roots
[2024-08-28T13:06:17.886+0000][info][gc,task        ] GC(692) Using 17 workers of 17 for marking
[2024-08-28T13:06:17.912+0000][info][gc,marking     ] GC(692) Concurrent Mark From Roots 26.345ms
[2024-08-28T13:06:17.912+0000][info][gc,marking     ] GC(692) Concurrent Preclean
[2024-08-28T13:06:17.913+0000][info][gc,marking     ] GC(692) Concurrent Preclean 0.723ms
[2024-08-28T13:06:17.913+0000][info][gc,start       ] GC(692) Pause Remark
[2024-08-28T13:06:17.914+0000][info][gc             ] GC(692) Pause Remark 868M->868M(1024M) 1.279ms
[2024-08-28T13:06:17.914+0000][info][gc,cpu         ] GC(692) User=0.00s Sys=0.01s Real=0.00s
[2024-08-28T13:06:17.914+0000][info][gc,marking     ] GC(692) Concurrent Mark 28.718ms
[2024-08-28T13:06:17.914+0000][info][gc,marking     ] GC(692) Concurrent Rebuild Remembered Sets
[2024-08-28T13:06:17.923+0000][info][gc,start       ] GC(693) Pause Young (Normal) (G1 Evacuation Pause)
[2024-08-28T13:06:17.923+0000][info][gc,task        ] GC(693) Using 24 workers of 68 for evacuation
[2024-08-28T13:06:17.934+0000][info][gc,phases      ] GC(693)   Pre Evacuate Collection Set: 0.1ms
[2024-08-28T13:06:17.934+0000][info][gc,phases      ] GC(693)   Merge Heap Roots: 0.4ms
[2024-08-28T13:06:17.934+0000][info][gc,phases      ] GC(693)   Evacuate Collection Set: 10.2ms
[2024-08-28T13:06:17.934+0000][info][gc,phases      ] GC(693)   Post Evacuate Collection Set: 0.4ms
[2024-08-28T13:06:17.934+0000][info][gc,phases      ] GC(693)   Other: 0.2ms
[2024-08-28T13:06:17.934+0000][info][gc,heap        ] GC(693) Eden regions: 44->0(44)
[2024-08-28T13:06:17.934+0000][info][gc,heap        ] GC(693) Survivor regions: 7->7(7)
[2024-08-28T13:06:17.934+0000][info][gc,heap        ] GC(693) Old regions: 824->870
[2024-08-28T13:06:17.934+0000][info][gc,heap        ] GC(693) Archive regions: 2->2
[2024-08-28T13:06:17.934+0000][info][gc,heap        ] GC(693) Humongous regions: 5->5
[2024-08-28T13:06:17.934+0000][info][gc,metaspace   ] GC(693) Metaspace: 100K(320K)->100K(320K) NonClass: 96K(192K)->96K(192K) Class: 4K(128K)->4K(128K)
[2024-08-28T13:06:17.934+0000][info][gc             ] GC(693) Pause Young (Normal) (G1 Evacuation Pause) 880M->882M(1024M) 11.401ms
[2024-08-28T13:06:17.935+0000][info][gc,cpu         ] GC(693) User=0.25s Sys=0.00s Real=0.01s
[2024-08-28T13:06:17.966+0000][info][gc,start       ] GC(694) Pause Young (Normal) (G1 Evacuation Pause)
[2024-08-28T13:06:17.966+0000][info][gc,task        ] GC(694) Using 24 workers of 68 for evacuation
[2024-08-28T13:06:17.981+0000][info][gc,phases      ] GC(694)   Pre Evacuate Collection Set: 0.1ms
[2024-08-28T13:06:17.981+0000][info][gc,phases      ] GC(694)   Merge Heap Roots: 0.3ms
[2024-08-28T13:06:17.981+0000][info][gc,phases      ] GC(694)   Evacuate Collection Set: 14.5ms
[2024-08-28T13:06:17.981+0000][info][gc,phases      ] GC(694)   Post Evacuate Collection Set: 0.6ms
[2024-08-28T13:06:17.981+0000][info][gc,phases      ] GC(694)   Other: 0.2ms
[2024-08-28T13:06:17.981+0000][info][gc,heap        ] GC(694) Eden regions: 44->0(44)
[2024-08-28T13:06:17.981+0000][info][gc,heap        ] GC(694) Survivor regions: 7->7(7)
[2024-08-28T13:06:17.981+0000][info][gc,heap        ] GC(694) Old regions: 870->916
[2024-08-28T13:06:17.981+0000][info][gc,heap        ] GC(694) Archive regions: 2->2
[2024-08-28T13:06:17.982+0000][info][gc,heap        ] GC(694) Humongous regions: 5->5
[2024-08-28T13:06:17.982+0000][info][gc,metaspace   ] GC(694) Metaspace: 100K(320K)->100K(320K) NonClass: 96K(192K)->96K(192K) Class: 4K(128K)->4K(128K)
[2024-08-28T13:06:17.982+0000][info][gc             ] GC(694) Pause Young (Normal) (G1 Evacuation Pause) 926M->928M(1024M) 15.878ms
[2024-08-28T13:06:17.982+0000][info][gc,cpu         ] GC(694) User=0.34s Sys=0.02s Real=0.02s
[2024-08-28T13:06:17.998+0000][info][gc,marking     ] GC(692) Concurrent Rebuild Remembered Sets 83.583ms
[2024-08-28T13:06:17.998+0000][info][gc,start       ] GC(692) Pause Cleanup
[2024-08-28T13:06:18.000+0000][info][gc             ] GC(692) Pause Cleanup 952M->952M(1024M) 1.555ms
[2024-08-28T13:06:18.000+0000][info][gc,cpu         ] GC(692) User=0.01s Sys=0.00s Real=0.00s
[2024-08-28T13:06:18.000+0000][info][gc,marking     ] GC(692) Concurrent Cleanup for Next Mark
[2024-08-28T13:06:18.001+0000][info][gc,marking     ] GC(692) Concurrent Cleanup for Next Mark 0.960ms
[2024-08-28T13:06:18.001+0000][info][gc             ] GC(692) Concurrent Mark Cycle 117.350ms
[2024-08-28T13:06:18.012+0000][info][gc,start       ] GC(695) Pause Young (Prepare Mixed) (G1 Preventive Collection)
[2024-08-28T13:06:18.012+0000][info][gc,task        ] GC(695) Using 24 workers of 68 for evacuation
[2024-08-28T13:06:18.030+0000][info][gc,phases      ] GC(695)   Pre Evacuate Collection Set: 0.1ms
[2024-08-28T13:06:18.030+0000][info][gc,phases      ] GC(695)   Merge Heap Roots: 0.6ms
[2024-08-28T13:06:18.030+0000][info][gc,phases      ] GC(695)   Evacuate Collection Set: 17.0ms
[2024-08-28T13:06:18.031+0000][info][gc,phases      ] GC(695)   Post Evacuate Collection Set: 0.3ms
[2024-08-28T13:06:18.031+0000][info][gc,phases      ] GC(695)   Other: 0.2ms
[2024-08-28T13:06:18.031+0000][info][gc,heap        ] GC(695) Eden regions: 41->0(44)
[2024-08-28T13:06:18.031+0000][info][gc,heap        ] GC(695) Survivor regions: 7->7(7)
[2024-08-28T13:06:18.031+0000][info][gc,heap        ] GC(695) Old regions: 916->960
[2024-08-28T13:06:18.031+0000][info][gc,heap        ] GC(695) Archive regions: 2->2
[2024-08-28T13:06:18.031+0000][info][gc,heap        ] GC(695) Humongous regions: 5->5
[2024-08-28T13:06:18.031+0000][info][gc,metaspace   ] GC(695) Metaspace: 100K(320K)->100K(320K) NonClass: 96K(192K)->96K(192K) Class: 4K(128K)->4K(128K)
[2024-08-28T13:06:18.031+0000][info][gc             ] GC(695) Pause Young (Prepare Mixed) (G1 Preventive Collection) 969M->972M(1024M) 18.306ms
[2024-08-28T13:06:18.031+0000][info][gc,cpu         ] GC(695) User=0.41s Sys=0.00s Real=0.02s
[2024-08-28T13:06:18.044+0000][info][gc,start       ] GC(696) Pause Young (Mixed) (G1 Preventive Collection)
[2024-08-28T13:06:18.044+0000][info][gc,task        ] GC(696) Using 24 workers of 68 for evacuation
[2024-08-28T13:06:18.053+0000][info][gc             ] GC(696) To-space exhausted
[2024-08-28T13:06:18.053+0000][info][gc,phases      ] GC(696)   Pre Evacuate Collection Set: 0.2ms
[2024-08-28T13:06:18.053+0000][info][gc,phases      ] GC(696)   Merge Heap Roots: 0.4ms
[2024-08-28T13:06:18.053+0000][info][gc,phases      ] GC(696)   Evacuate Collection Set: 7.3ms
[2024-08-28T13:06:18.053+0000][info][gc,phases      ] GC(696)   Post Evacuate Collection Set: 0.8ms
[2024-08-28T13:06:18.053+0000][info][gc,phases      ] GC(696)   Other: 0.2ms
[2024-08-28T13:06:18.053+0000][info][gc,heap        ] GC(696) Eden regions: 20->0(44)
[2024-08-28T13:06:18.053+0000][info][gc,heap        ] GC(696) Survivor regions: 7->7(7)
[2024-08-28T13:06:18.053+0000][info][gc,heap        ] GC(696) Old regions: 960->923
[2024-08-28T13:06:18.053+0000][info][gc,heap        ] GC(696) Archive regions: 2->2
[2024-08-28T13:06:18.053+0000][info][gc,heap        ] GC(696) Humongous regions: 5->5
[2024-08-28T13:06:18.053+0000][info][gc,metaspace   ] GC(696) Metaspace: 100K(320K)->100K(320K) NonClass: 96K(192K)->96K(192K) Class: 4K(128K)->4K(128K)
[2024-08-28T13:06:18.053+0000][info][gc             ] GC(696) Pause Young (Mixed) (G1 Preventive Collection) 992M->935M(1024M) 8.890ms
[2024-08-28T13:06:18.053+0000][info][gc,cpu         ] GC(696) User=0.19s Sys=0.01s Real=0.01s
[2024-08-28T13:06:18.077+0000][info][gc,start       ] GC(697) Pause Young (Mixed) (G1 Preventive Collection)
[2024-08-28T13:06:18.077+0000][info][gc,task        ] GC(697) Using 24 workers of 68 for evacuation
[2024-08-28T13:06:18.088+0000][info][gc,phases      ] GC(697)   Pre Evacuate Collection Set: 0.2ms
[2024-08-28T13:06:18.088+0000][info][gc,phases      ] GC(697)   Merge Heap Roots: 0.4ms
[2024-08-28T13:06:18.088+0000][info][gc,phases      ] GC(697)   Evacuate Collection Set: 9.8ms
[2024-08-28T13:06:18.088+0000][info][gc,phases      ] GC(697)   Post Evacuate Collection Set: 0.4ms
[2024-08-28T13:06:18.088+0000][info][gc,phases      ] GC(697)   Other: 0.2ms
[2024-08-28T13:06:18.088+0000][info][gc,heap        ] GC(697) Eden regions: 37->0(44)
[2024-08-28T13:06:18.088+0000][info][gc,heap        ] GC(697) Survivor regions: 7->7(7)
[2024-08-28T13:06:18.088+0000][info][gc,heap        ] GC(697) Old regions: 923->859
[2024-08-28T13:06:18.088+0000][info][gc,heap        ] GC(697) Archive regions: 2->2
[2024-08-28T13:06:18.088+0000][info][gc,heap        ] GC(697) Humongous regions: 5->5
[2024-08-28T13:06:18.088+0000][info][gc,metaspace   ] GC(697) Metaspace: 100K(320K)->100K(320K) NonClass: 96K(192K)->96K(192K) Class: 4K(128K)->4K(128K)
[2024-08-28T13:06:18.088+0000][info][gc             ] GC(697) Pause Young (Mixed) (G1 Preventive Collection) 972M->871M(1024M) 11.218ms
[2024-08-28T13:06:18.088+0000][info][gc,cpu         ] GC(697) User=0.25s Sys=0.00s Real=0.01s
[2024-08-28T13:06:18.115+0000][info][gc,start       ] GC(698) Pause Young (Mixed) (G1 Evacuation Pause)
[2024-08-28T13:06:18.115+0000][info][gc,task        ] GC(698) Using 24 workers of 68 for evacuation
[2024-08-28T13:06:18.127+0000][info][gc,phases      ] GC(698)   Pre Evacuate Collection Set: 0.2ms
[2024-08-28T13:06:18.127+0000][info][gc,phases      ] GC(698)   Merge Heap Roots: 0.4ms
[2024-08-28T13:06:18.127+0000][info][gc,phases      ] GC(698)   Evacuate Collection Set: 10.8ms
[2024-08-28T13:06:18.127+0000][info][gc,phases      ] GC(698)   Post Evacuate Collection Set: 0.5ms
[2024-08-28T13:06:18.127+0000][info][gc,phases      ] GC(698)   Other: 0.3ms
[2024-08-28T13:06:18.127+0000][info][gc,heap        ] GC(698) Eden regions: 44->0(44)
[2024-08-28T13:06:18.127+0000][info][gc,heap        ] GC(698) Survivor regions: 7->7(7)
[2024-08-28T13:06:18.127+0000][info][gc,heap        ] GC(698) Old regions: 859->803
[2024-08-28T13:06:18.127+0000][info][gc,heap        ] GC(698) Archive regions: 2->2
[2024-08-28T13:06:18.127+0000][info][gc,heap        ] GC(698) Humongous regions: 5->5
[2024-08-28T13:06:18.127+0000][info][gc,metaspace   ] GC(698) Metaspace: 100K(320K)->100K(320K) NonClass: 96K(192K)->96K(192K) Class: 4K(128K)->4K(128K)
[2024-08-28T13:06:18.127+0000][info][gc             ] GC(698) Pause Young (Mixed) (G1 Evacuation Pause) 915M->815M(1024M) 12.359ms
[2024-08-28T13:06:18.127+0000][info][gc,cpu         ] GC(698) User=0.27s Sys=0.00s Real=0.01s
[2024-08-28T13:06:18.155+0000][info][gc,start       ] GC(699) Pause Young (Mixed) (G1 Evacuation Pause)
[2024-08-28T13:06:18.155+0000][info][gc,task        ] GC(699) Using 24 workers of 68 for evacuation
[2024-08-28T13:06:18.167+0000][info][gc,phases      ] GC(699)   Pre Evacuate Collection Set: 0.2ms
[2024-08-28T13:06:18.167+0000][info][gc,phases      ] GC(699)   Merge Heap Roots: 0.4ms
[2024-08-28T13:06:18.168+0000][info][gc,phases      ] GC(699)   Evacuate Collection Set: 11.5ms
[2024-08-28T13:06:18.168+0000][info][gc,phases      ] GC(699)   Post Evacuate Collection Set: 0.4ms
[2024-08-28T13:06:18.168+0000][info][gc,phases      ] GC(699)   Other: 0.3ms
[2024-08-28T13:06:18.168+0000][info][gc,heap        ] GC(699) Eden regions: 44->0(44)
[2024-08-28T13:06:18.168+0000][info][gc,heap        ] GC(699) Survivor regions: 7->7(7)
[2024-08-28T13:06:18.168+0000][info][gc,heap        ] GC(699) Old regions: 803->824
[2024-08-28T13:06:18.168+0000][info][gc,heap        ] GC(699) Archive regions: 2->2
[2024-08-28T13:06:18.168+0000][info][gc,heap        ] GC(699) Humongous regions: 5->5
[2024-08-28T13:06:18.168+0000][info][gc,metaspace   ] GC(699) Metaspace: 100K(320K)->100K(320K) NonClass: 96K(192K)->96K(192K) Class: 4K(128K)->4K(128K)
[2024-08-28T13:06:18.168+0000][info][gc             ] GC(699) Pause Young (Mixed) (G1 Evacuation Pause) 859M->836M(1024M) 12.886ms
[2024-08-28T13:06:18.168+0000][info][gc,cpu         ] GC(699) User=0.29s Sys=0.00s Real=0.01s
[2024-08-28T13:06:18.195+0000][info][gc,start       ] GC(700) Pause Young (Concurrent Start) (G1 Evacuation Pause)
[2024-08-28T13:06:18.195+0000][info][gc,task        ] GC(700) Using 24 workers of 68 for evacuation
[2024-08-28T13:06:18.209+0000][info][gc,phases      ] GC(700)   Pre Evacuate Collection Set: 0.2ms
[2024-08-28T13:06:18.209+0000][info][gc,phases      ] GC(700)   Merge Heap Roots: 0.4ms
[2024-08-28T13:06:18.209+0000][info][gc,phases      ] GC(700)   Evacuate Collection Set: 11.5ms
[2024-08-28T13:06:18.209+0000][info][gc,phases      ] GC(700)   Post Evacuate Collection Set: 0.6ms
[2024-08-28T13:06:18.209+0000][info][gc,phases      ] GC(700)   Other: 1.0ms
[2024-08-28T13:06:18.209+0000][info][gc,heap        ] GC(700) Eden regions: 44->0(44)
[2024-08-28T13:06:18.209+0000][info][gc,heap        ] GC(700) Survivor regions: 7->7(7)
[2024-08-28T13:06:18.209+0000][info][gc,heap        ] GC(700) Old regions: 824->871
[2024-08-28T13:06:18.209+0000][info][gc,heap        ] GC(700) Archive regions: 2->2
[2024-08-28T13:06:18.209+0000][info][gc,heap        ] GC(700) Humongous regions: 5->5
[2024-08-28T13:06:18.209+0000][info][gc,metaspace   ] GC(700) Metaspace: 100K(320K)->100K(320K) NonClass: 96K(192K)->96K(192K) Class: 4K(128K)->4K(128K)
[2024-08-28T13:06:18.209+0000][info][gc             ] GC(700) Pause Young (Concurrent Start) (G1 Evacuation Pause) 880M->883M(1024M) 13.820ms
[2024-08-28T13:06:18.209+0000][info][gc,cpu         ] GC(700) User=0.28s Sys=0.00s Real=0.01s
[2024-08-28T13:06:18.209+0000][info][gc             ] GC(701) Concurrent Mark Cycle
[2024-08-28T13:06:18.209+0000][info][gc,marking     ] GC(701) Concurrent Clear Claimed Marks
[2024-08-28T13:06:18.209+0000][info][gc,marking     ] GC(701) Concurrent Clear Claimed Marks 0.011ms
[2024-08-28T13:06:18.209+0000][info][gc,marking     ] GC(701) Concurrent Scan Root Regions
[2024-08-28T13:06:18.211+0000][info][gc,marking     ] GC(701) Concurrent Scan Root Regions 1.848ms
[2024-08-28T13:06:18.211+0000][info][gc,marking     ] GC(701) Concurrent Mark
[2024-08-28T13:06:18.211+0000][info][gc,marking     ] GC(701) Concurrent Mark From Roots
[2024-08-28T13:06:18.211+0000][info][gc,task        ] GC(701) Using 17 workers of 17 for marking
[2024-08-28T13:06:18.239+0000][info][gc,marking     ] GC(701) Concurrent Mark From Roots 27.612ms
[2024-08-28T13:06:18.239+0000][info][gc,marking     ] GC(701) Concurrent Preclean
[2024-08-28T13:06:18.239+0000][info][gc,marking     ] GC(701) Concurrent Preclean 0.506ms
[2024-08-28T13:06:18.239+0000][info][gc,start       ] GC(701) Pause Remark
[2024-08-28T13:06:18.241+0000][info][gc             ] GC(701) Pause Remark 915M->900M(1024M) 1.443ms
[2024-08-28T13:06:18.241+0000][info][gc,cpu         ] GC(701) User=0.00s Sys=0.00s Real=0.00s
[2024-08-28T13:06:18.241+0000][info][gc,marking     ] GC(701) Concurrent Mark 29.896ms
[2024-08-28T13:06:18.241+0000][info][gc,marking     ] GC(701) Concurrent Rebuild Remembered Sets
[2024-08-28T13:06:18.250+0000][info][gc,start       ] GC(702) Pause Young (Normal) (G1 Evacuation Pause)
[2024-08-28T13:06:18.250+0000][info][gc,task        ] GC(702) Using 24 workers of 68 for evacuation
[2024-08-28T13:06:18.262+0000][info][gc,phases      ] GC(702)   Pre Evacuate Collection Set: 0.1ms
[2024-08-28T13:06:18.262+0000][info][gc,phases      ] GC(702)   Merge Heap Roots: 0.2ms
[2024-08-28T13:06:18.262+0000][info][gc,phases      ] GC(702)   Evacuate Collection Set: 10.7ms
[2024-08-28T13:06:18.262+0000][info][gc,phases      ] GC(702)   Post Evacuate Collection Set: 0.5ms
[2024-08-28T13:06:18.262+0000][info][gc,phases      ] GC(702)   Other: 0.2ms
[2024-08-28T13:06:18.262+0000][info][gc,heap        ] GC(702) Eden regions: 44->0(44)
[2024-08-28T13:06:18.262+0000][info][gc,heap        ] GC(702) Survivor regions: 7->7(7)
[2024-08-28T13:06:18.262+0000][info][gc,heap        ] GC(702) Old regions: 856->902
[2024-08-28T13:06:18.262+0000][info][gc,heap        ] GC(702) Archive regions: 2->2
[2024-08-28T13:06:18.262+0000][info][gc,heap        ] GC(702) Humongous regions: 5->5
[2024-08-28T13:06:18.262+0000][info][gc,metaspace   ] GC(702) Metaspace: 100K(320K)->100K(320K) NonClass: 96K(192K)->96K(192K) Class: 4K(128K)->4K(128K)
[2024-08-28T13:06:18.262+0000][info][gc             ] GC(702) Pause Young (Normal) (G1 Evacuation Pause) 912M->914M(1024M) 11.855ms
[2024-08-28T13:06:18.262+0000][info][gc,cpu         ] GC(702) User=0.26s Sys=0.00s Real=0.01s
[2024-08-28T13:06:18.294+0000][info][gc,start       ] GC(703) Pause Young (Normal) (G1 Evacuation Pause)
[2024-08-28T13:06:18.294+0000][info][gc,task        ] GC(703) Using 24 workers of 68 for evacuation
[2024-08-28T13:06:18.310+0000][info][gc,phases      ] GC(703)   Pre Evacuate Collection Set: 0.1ms
[2024-08-28T13:06:18.310+0000][info][gc,phases      ] GC(703)   Merge Heap Roots: 0.5ms
[2024-08-28T13:06:18.310+0000][info][gc,phases      ] GC(703)   Evacuate Collection Set: 14.4ms
[2024-08-28T13:06:18.310+0000][info][gc,phases      ] GC(703)   Post Evacuate Collection Set: 0.5ms
[2024-08-28T13:06:18.310+0000][info][gc,phases      ] GC(703)   Other: 0.2ms
[2024-08-28T13:06:18.310+0000][info][gc,heap        ] GC(703) Eden regions: 44->0(44)
[2024-08-28T13:06:18.310+0000][info][gc,heap        ] GC(703) Survivor regions: 7->7(7)
[2024-08-28T13:06:18.310+0000][info][gc,heap        ] GC(703) Old regions: 902->948
[2024-08-28T13:06:18.310+0000][info][gc,heap        ] GC(703) Archive regions: 2->2
[2024-08-28T13:06:18.310+0000][info][gc,heap        ] GC(703) Humongous regions: 5->5
[2024-08-28T13:06:18.310+0000][info][gc,metaspace   ] GC(703) Metaspace: 100K(320K)->100K(320K) NonClass: 96K(192K)->96K(192K) Class: 4K(128K)->4K(128K)
[2024-08-28T13:06:18.310+0000][info][gc             ] GC(703) Pause Young (Normal) (G1 Evacuation Pause) 958M->960M(1024M) 15.801ms
[2024-08-28T13:06:18.310+0000][info][gc,cpu         ] GC(703) User=0.34s Sys=0.02s Real=0.02s
[2024-08-28T13:06:18.327+0000][info][gc,marking     ] GC(701) Concurrent Rebuild Remembered Sets 86.375ms
[2024-08-28T13:06:18.328+0000][info][gc,start       ] GC(701) Pause Cleanup
[2024-08-28T13:06:18.329+0000][info][gc             ] GC(701) Pause Cleanup 984M->984M(1024M) 1.618ms
[2024-08-28T13:06:18.329+0000][info][gc,cpu         ] GC(701) User=0.01s Sys=0.00s Real=0.00s
[2024-08-28T13:06:18.329+0000][info][gc,marking     ] GC(701) Concurrent Cleanup for Next Mark
[2024-08-28T13:06:18.330+0000][info][gc,marking     ] GC(701) Concurrent Cleanup for Next Mark 0.939ms
[2024-08-28T13:06:18.330+0000][info][gc             ] GC(701) Concurrent Mark Cycle 121.158ms
[2024-08-28T13:06:18.332+0000][info][gc,start       ] GC(704) Pause Young (Prepare Mixed) (G1 Preventive Collection)
[2024-08-28T13:06:18.332+0000][info][gc,task        ] GC(704) Using 24 workers of 68 for evacuation
[2024-08-28T13:06:18.347+0000][info][gc,phases      ] GC(704)   Pre Evacuate Collection Set: 0.1ms
[2024-08-28T13:06:18.347+0000][info][gc,phases      ] GC(704)   Merge Heap Roots: 0.6ms
[2024-08-28T13:06:18.347+0000][info][gc,phases      ] GC(704)   Evacuate Collection Set: 13.7ms
[2024-08-28T13:06:18.347+0000][info][gc,phases      ] GC(704)   Post Evacuate Collection Set: 0.3ms
[2024-08-28T13:06:18.347+0000][info][gc,phases      ] GC(704)   Other: 0.2ms
[2024-08-28T13:06:18.347+0000][info][gc,heap        ] GC(704) Eden regions: 26->0(44)
[2024-08-28T13:06:18.347+0000][info][gc,heap        ] GC(704) Survivor regions: 7->7(7)
[2024-08-28T13:06:18.347+0000][info][gc,heap        ] GC(704) Old regions: 948->977
[2024-08-28T13:06:18.347+0000][info][gc,heap        ] GC(704) Archive regions: 2->2
[2024-08-28T13:06:18.347+0000][info][gc,heap        ] GC(704) Humongous regions: 5->5
[2024-08-28T13:06:18.347+0000][info][gc,metaspace   ] GC(704) Metaspace: 100K(320K)->100K(320K) NonClass: 96K(192K)->96K(192K) Class: 4K(128K)->4K(128K)
[2024-08-28T13:06:18.347+0000][info][gc             ] GC(704) Pause Young (Prepare Mixed) (G1 Preventive Collection) 986M->989M(1024M) 14.977ms
[2024-08-28T13:06:18.347+0000][info][gc,cpu         ] GC(704) User=0.35s Sys=0.00s Real=0.01s
[2024-08-28T13:06:18.354+0000][info][gc,start       ] GC(705) Pause Young (Mixed) (G1 Preventive Collection)
[2024-08-28T13:06:18.354+0000][info][gc,task        ] GC(705) Using 24 workers of 68 for evacuation
[2024-08-28T13:06:18.360+0000][info][gc,phases      ] GC(705)   Pre Evacuate Collection Set: 0.2ms
[2024-08-28T13:06:18.360+0000][info][gc,phases      ] GC(705)   Merge Heap Roots: 0.2ms
[2024-08-28T13:06:18.360+0000][info][gc,phases      ] GC(705)   Evacuate Collection Set: 4.9ms
[2024-08-28T13:06:18.360+0000][info][gc,phases      ] GC(705)   Post Evacuate Collection Set: 0.3ms
[2024-08-28T13:06:18.360+0000][info][gc,phases      ] GC(705)   Other: 0.2ms
[2024-08-28T13:06:18.360+0000][info][gc,heap        ] GC(705) Eden regions: 11->0(44)
[2024-08-28T13:06:18.360+0000][info][gc,heap        ] GC(705) Survivor regions: 7->7(7)
[2024-08-28T13:06:18.360+0000][info][gc,heap        ] GC(705) Old regions: 977->888
[2024-08-28T13:06:18.360+0000][info][gc,heap        ] GC(705) Archive regions: 2->2
[2024-08-28T13:06:18.360+0000][info][gc,heap        ] GC(705) Humongous regions: 5->5
[2024-08-28T13:06:18.360+0000][info][gc,metaspace   ] GC(705) Metaspace: 100K(320K)->100K(320K) NonClass: 96K(192K)->96K(192K) Class: 4K(128K)->4K(128K)
[2024-08-28T13:06:18.360+0000][info][gc             ] GC(705) Pause Young (Mixed) (G1 Preventive Collection) 1000M->900M(1024M) 5.759ms
[2024-08-28T13:06:18.360+0000][info][gc,cpu         ] GC(705) User=0.12s Sys=0.00s Real=0.01s
[2024-08-28T13:06:18.386+0000][info][gc,start       ] GC(706) Pause Young (Mixed) (G1 Evacuation Pause)
[2024-08-28T13:06:18.386+0000][info][gc,task        ] GC(706) Using 24 workers of 68 for evacuation
[2024-08-28T13:06:18.397+0000][info][gc,phases      ] GC(706)   Pre Evacuate Collection Set: 0.2ms
[2024-08-28T13:06:18.397+0000][info][gc,phases      ] GC(706)   Merge Heap Roots: 0.4ms
[2024-08-28T13:06:18.397+0000][info][gc,phases      ] GC(706)   Evacuate Collection Set: 10.3ms
[2024-08-28T13:06:18.397+0000][info][gc,phases      ] GC(706)   Post Evacuate Collection Set: 0.4ms
[2024-08-28T13:06:18.397+0000][info][gc,phases      ] GC(706)   Other: 0.3ms
[2024-08-28T13:06:18.397+0000][info][gc,heap        ] GC(706) Eden regions: 44->0(44)
[2024-08-28T13:06:18.397+0000][info][gc,heap        ] GC(706) Survivor regions: 7->7(7)
[2024-08-28T13:06:18.398+0000][info][gc,heap        ] GC(706) Old regions: 888->829
[2024-08-28T13:06:18.398+0000][info][gc,heap        ] GC(706) Archive regions: 2->2
[2024-08-28T13:06:18.398+0000][info][gc,heap        ] GC(706) Humongous regions: 5->5
[2024-08-28T13:06:18.398+0000][info][gc,metaspace   ] GC(706) Metaspace: 100K(320K)->100K(320K) NonClass: 96K(192K)->96K(192K) Class: 4K(128K)->4K(128K)
[2024-08-28T13:06:18.398+0000][info][gc             ] GC(706) Pause Young (Mixed) (G1 Evacuation Pause) 944M->841M(1024M) 11.740ms
[2024-08-28T13:06:18.398+0000][info][gc,cpu         ] GC(706) User=0.26s Sys=0.01s Real=0.02s
[2024-08-28T13:06:18.424+0000][info][gc,start       ] GC(707) Pause Young (Mixed) (G1 Evacuation Pause)
[2024-08-28T13:06:18.424+0000][info][gc,task        ] GC(707) Using 24 workers of 68 for evacuation
[2024-08-28T13:06:18.436+0000][info][gc,phases      ] GC(707)   Pre Evacuate Collection Set: 0.2ms
[2024-08-28T13:06:18.436+0000][info][gc,phases      ] GC(707)   Merge Heap Roots: 0.3ms
[2024-08-28T13:06:18.436+0000][info][gc,phases      ] GC(707)   Evacuate Collection Set: 10.6ms
[2024-08-28T13:06:18.436+0000][info][gc,phases      ] GC(707)   Post Evacuate Collection Set: 0.5ms
[2024-08-28T13:06:18.436+0000][info][gc,phases      ] GC(707)   Other: 0.3ms
[2024-08-28T13:06:18.436+0000][info][gc,heap        ] GC(707) Eden regions: 44->0(44)
[2024-08-28T13:06:18.436+0000][info][gc,heap        ] GC(707) Survivor regions: 7->7(7)
[2024-08-28T13:06:18.436+0000][info][gc,heap        ] GC(707) Old regions: 829->772
[2024-08-28T13:06:18.436+0000][info][gc,heap        ] GC(707) Archive regions: 2->2
[2024-08-28T13:06:18.436+0000][info][gc,heap        ] GC(707) Humongous regions: 5->5
[2024-08-28T13:06:18.436+0000][info][gc,metaspace   ] GC(707) Metaspace: 100K(320K)->100K(320K) NonClass: 96K(192K)->96K(192K) Class: 4K(128K)->4K(128K)
[2024-08-28T13:06:18.436+0000][info][gc             ] GC(707) Pause Young (Mixed) (G1 Evacuation Pause) 885M->784M(1024M) 12.080ms
[2024-08-28T13:06:18.436+0000][info][gc,cpu         ] GC(707) User=0.26s Sys=0.00s Real=0.01s
[2024-08-28T13:06:18.463+0000][info][gc,start       ] GC(708) Pause Young (Mixed) (G1 Evacuation Pause)
[2024-08-28T13:06:18.463+0000][info][gc,task        ] GC(708) Using 24 workers of 68 for evacuation
[2024-08-28T13:06:18.475+0000][info][gc,phases      ] GC(708)   Pre Evacuate Collection Set: 0.2ms
[2024-08-28T13:06:18.475+0000][info][gc,phases      ] GC(708)   Merge Heap Roots: 0.4ms
[2024-08-28T13:06:18.475+0000][info][gc,phases      ] GC(708)   Evacuate Collection Set: 11.4ms
[2024-08-28T13:06:18.475+0000][info][gc,phases      ] GC(708)   Post Evacuate Collection Set: 0.4ms
[2024-08-28T13:06:18.475+0000][info][gc,phases      ] GC(708)   Other: 0.3ms
[2024-08-28T13:06:18.475+0000][info][gc,heap        ] GC(708) Eden regions: 44->0(45)
[2024-08-28T13:06:18.475+0000][info][gc,heap        ] GC(708) Survivor regions: 7->7(7)
[2024-08-28T13:06:18.475+0000][info][gc,heap        ] GC(708) Old regions: 772->764
[2024-08-28T13:06:18.475+0000][info][gc,heap        ] GC(708) Archive regions: 2->2
[2024-08-28T13:06:18.475+0000][info][gc,heap        ] GC(708) Humongous regions: 5->5
[2024-08-28T13:06:18.475+0000][info][gc,metaspace   ] GC(708) Metaspace: 100K(320K)->100K(320K) NonClass: 96K(192K)->96K(192K) Class: 4K(128K)->4K(128K)
[2024-08-28T13:06:18.475+0000][info][gc             ] GC(708) Pause Young (Mixed) (G1 Evacuation Pause) 828M->776M(1024M) 12.895ms
[2024-08-28T13:06:18.475+0000][info][gc,cpu         ] GC(708) User=0.28s Sys=0.00s Real=0.01s
[2024-08-28T13:06:18.503+0000][info][gc,start       ] GC(709) Pause Young (Concurrent Start) (G1 Evacuation Pause)
[2024-08-28T13:06:18.503+0000][info][gc,task        ] GC(709) Using 24 workers of 68 for evacuation
[2024-08-28T13:06:18.515+0000][info][gc,phases      ] GC(709)   Pre Evacuate Collection Set: 0.2ms
[2024-08-28T13:06:18.515+0000][info][gc,phases      ] GC(709)   Merge Heap Roots: 0.4ms
[2024-08-28T13:06:18.515+0000][info][gc,phases      ] GC(709)   Evacuate Collection Set: 10.3ms
[2024-08-28T13:06:18.515+0000][info][gc,phases      ] GC(709)   Post Evacuate Collection Set: 0.4ms
[2024-08-28T13:06:18.515+0000][info][gc,phases      ] GC(709)   Other: 1.0ms
[2024-08-28T13:06:18.515+0000][info][gc,heap        ] GC(709) Eden regions: 45->0(44)
[2024-08-28T13:06:18.515+0000][info][gc,heap        ] GC(709) Survivor regions: 7->7(7)
[2024-08-28T13:06:18.515+0000][info][gc,heap        ] GC(709) Old regions: 764->811
[2024-08-28T13:06:18.515+0000][info][gc,heap        ] GC(709) Archive regions: 2->2
[2024-08-28T13:06:18.515+0000][info][gc,heap        ] GC(709) Humongous regions: 5->5
[2024-08-28T13:06:18.515+0000][info][gc,metaspace   ] GC(709) Metaspace: 100K(320K)->100K(320K) NonClass: 96K(192K)->96K(192K) Class: 4K(128K)->4K(128K)
[2024-08-28T13:06:18.515+0000][info][gc             ] GC(709) Pause Young (Concurrent Start) (G1 Evacuation Pause) 821M->823M(1024M) 12.479ms
[2024-08-28T13:06:18.515+0000][info][gc,cpu         ] GC(709) User=0.26s Sys=0.00s Real=0.01s
[2024-08-28T13:06:18.515+0000][info][gc             ] GC(710) Concurrent Mark Cycle
[2024-08-28T13:06:18.515+0000][info][gc,marking     ] GC(710) Concurrent Clear Claimed Marks
[2024-08-28T13:06:18.515+0000][info][gc,marking     ] GC(710) Concurrent Clear Claimed Marks 0.012ms
[2024-08-28T13:06:18.515+0000][info][gc,marking     ] GC(710) Concurrent Scan Root Regions
[2024-08-28T13:06:18.517+0000][info][gc,marking     ] GC(710) Concurrent Scan Root Regions 1.944ms
[2024-08-28T13:06:18.517+0000][info][gc,marking     ] GC(710) Concurrent Mark
[2024-08-28T13:06:18.517+0000][info][gc,marking     ] GC(710) Concurrent Mark From Roots
[2024-08-28T13:06:18.517+0000][info][gc,task        ] GC(710) Using 17 workers of 17 for marking
[2024-08-28T13:06:18.543+0000][info][gc,marking     ] GC(710) Concurrent Mark From Roots 26.005ms
[2024-08-28T13:06:18.543+0000][info][gc,marking     ] GC(710) Concurrent Preclean
[2024-08-28T13:06:18.544+0000][info][gc,marking     ] GC(710) Concurrent Preclean 0.694ms
[2024-08-28T13:06:18.544+0000][info][gc,start       ] GC(710) Pause Remark
[2024-08-28T13:06:18.545+0000][info][gc             ] GC(710) Pause Remark 856M->856M(1024M) 1.300ms
[2024-08-28T13:06:18.545+0000][info][gc,cpu         ] GC(710) User=0.01s Sys=0.00s Real=0.00s
[2024-08-28T13:06:18.545+0000][info][gc,marking     ] GC(710) Concurrent Mark 28.354ms
[2024-08-28T13:06:18.546+0000][info][gc,marking     ] GC(710) Concurrent Rebuild Remembered Sets
[2024-08-28T13:06:18.554+0000][info][gc,start       ] GC(711) Pause Young (Normal) (G1 Evacuation Pause)
[2024-08-28T13:06:18.554+0000][info][gc,task        ] GC(711) Using 24 workers of 68 for evacuation
[2024-08-28T13:06:18.566+0000][info][gc,phases      ] GC(711)   Pre Evacuate Collection Set: 0.1ms
[2024-08-28T13:06:18.566+0000][info][gc,phases      ] GC(711)   Merge Heap Roots: 0.4ms
[2024-08-28T13:06:18.566+0000][info][gc,phases      ] GC(711)   Evacuate Collection Set: 10.9ms
[2024-08-28T13:06:18.566+0000][info][gc,phases      ] GC(711)   Post Evacuate Collection Set: 0.8ms
[2024-08-28T13:06:18.566+0000][info][gc,phases      ] GC(711)   Other: 0.2ms
[2024-08-28T13:06:18.566+0000][info][gc,heap        ] GC(711) Eden regions: 44->0(44)
[2024-08-28T13:06:18.566+0000][info][gc,heap        ] GC(711) Survivor regions: 7->7(7)
[2024-08-28T13:06:18.566+0000][info][gc,heap        ] GC(711) Old regions: 811->857
[2024-08-28T13:06:18.566+0000][info][gc,heap        ] GC(711) Archive regions: 2->2
[2024-08-28T13:06:18.566+0000][info][gc,heap        ] GC(711) Humongous regions: 5->5
[2024-08-28T13:06:18.566+0000][info][gc,metaspace   ] GC(711) Metaspace: 100K(320K)->100K(320K) NonClass: 96K(192K)->96K(192K) Class: 4K(128K)->4K(128K)
[2024-08-28T13:06:18.566+0000][info][gc             ] GC(711) Pause Young (Normal) (G1 Evacuation Pause) 867M->869M(1024M) 12.494ms
[2024-08-28T13:06:18.566+0000][info][gc,cpu         ] GC(711) User=0.22s Sys=0.06s Real=0.01s
[2024-08-28T13:06:18.598+0000][info][gc,start       ] GC(712) Pause Young (Normal) (G1 Evacuation Pause)
[2024-08-28T13:06:18.598+0000][info][gc,task        ] GC(712) Using 24 workers of 68 for evacuation
[2024-08-28T13:06:18.614+0000][info][gc,phases      ] GC(712)   Pre Evacuate Collection Set: 0.1ms
[2024-08-28T13:06:18.614+0000][info][gc,phases      ] GC(712)   Merge Heap Roots: 0.5ms
[2024-08-28T13:06:18.614+0000][info][gc,phases      ] GC(712)   Evacuate Collection Set: 14.8ms
[2024-08-28T13:06:18.614+0000][info][gc,phases      ] GC(712)   Post Evacuate Collection Set: 0.6ms
[2024-08-28T13:06:18.614+0000][info][gc,phases      ] GC(712)   Other: 0.3ms
[2024-08-28T13:06:18.614+0000][info][gc,heap        ] GC(712) Eden regions: 44->0(44)
[2024-08-28T13:06:18.614+0000][info][gc,heap        ] GC(712) Survivor regions: 7->7(7)
[2024-08-28T13:06:18.614+0000][info][gc,heap        ] GC(712) Old regions: 857->904
[2024-08-28T13:06:18.614+0000][info][gc,heap        ] GC(712) Archive regions: 2->2
[2024-08-28T13:06:18.614+0000][info][gc,heap        ] GC(712) Humongous regions: 5->5
[2024-08-28T13:06:18.614+0000][info][gc,metaspace   ] GC(712) Metaspace: 100K(320K)->100K(320K) NonClass: 96K(192K)->96K(192K) Class: 4K(128K)->4K(128K)
[2024-08-28T13:06:18.614+0000][info][gc             ] GC(712) Pause Young (Normal) (G1 Evacuation Pause) 913M->916M(1024M) 16.428ms
[2024-08-28T13:06:18.614+0000][info][gc,cpu         ] GC(712) User=0.35s Sys=0.01s Real=0.01s
[2024-08-28T13:06:18.632+0000][info][gc,marking     ] GC(710) Concurrent Rebuild Remembered Sets 86.666ms
[2024-08-28T13:06:18.633+0000][info][gc,start       ] GC(710) Pause Cleanup
[2024-08-28T13:06:18.635+0000][info][gc             ] GC(710) Pause Cleanup 942M->942M(1024M) 2.566ms
[2024-08-28T13:06:18.635+0000][info][gc,cpu         ] GC(710) User=0.01s Sys=0.00s Real=0.00s
[2024-08-28T13:06:18.635+0000][info][gc,marking     ] GC(710) Concurrent Cleanup for Next Mark
[2024-08-28T13:06:18.637+0000][info][gc,marking     ] GC(710) Concurrent Cleanup for Next Mark 1.363ms
[2024-08-28T13:06:18.637+0000][info][gc             ] GC(710) Concurrent Mark Cycle 121.586ms
[2024-08-28T13:06:18.648+0000][info][gc,start       ] GC(713) Pause Young (Prepare Mixed) (G1 Evacuation Pause)
[2024-08-28T13:06:18.648+0000][info][gc,task        ] GC(713) Using 24 workers of 68 for evacuation
[2024-08-28T13:06:18.665+0000][info][gc,phases      ] GC(713)   Pre Evacuate Collection Set: 0.2ms
[2024-08-28T13:06:18.665+0000][info][gc,phases      ] GC(713)   Merge Heap Roots: 0.5ms
[2024-08-28T13:06:18.665+0000][info][gc,phases      ] GC(713)   Evacuate Collection Set: 16.5ms
[2024-08-28T13:06:18.665+0000][info][gc,phases      ] GC(713)   Post Evacuate Collection Set: 0.4ms
[2024-08-28T13:06:18.665+0000][info][gc,phases      ] GC(713)   Other: 0.3ms
[2024-08-28T13:06:18.665+0000][info][gc,heap        ] GC(713) Eden regions: 44->0(44)
[2024-08-28T13:06:18.665+0000][info][gc,heap        ] GC(713) Survivor regions: 7->7(7)
[2024-08-28T13:06:18.665+0000][info][gc,heap        ] GC(713) Old regions: 904->951
[2024-08-28T13:06:18.665+0000][info][gc,heap        ] GC(713) Archive regions: 2->2
[2024-08-28T13:06:18.666+0000][info][gc,heap        ] GC(713) Humongous regions: 5->5
[2024-08-28T13:06:18.666+0000][info][gc,metaspace   ] GC(713) Metaspace: 100K(320K)->100K(320K) NonClass: 96K(192K)->96K(192K) Class: 4K(128K)->4K(128K)
[2024-08-28T13:06:18.666+0000][info][gc             ] GC(713) Pause Young (Prepare Mixed) (G1 Evacuation Pause) 960M->963M(1024M) 17.957ms
[2024-08-28T13:06:18.666+0000][info][gc,cpu         ] GC(713) User=0.40s Sys=0.00s Real=0.02s
[2024-08-28T13:06:18.681+0000][info][gc,start       ] GC(714) Pause Young (Mixed) (G1 Preventive Collection)
[2024-08-28T13:06:18.681+0000][info][gc,task        ] GC(714) Using 24 workers of 68 for evacuation
[2024-08-28T13:06:18.690+0000][info][gc,phases      ] GC(714)   Pre Evacuate Collection Set: 0.2ms
[2024-08-28T13:06:18.690+0000][info][gc,phases      ] GC(714)   Merge Heap Roots: 0.4ms
[2024-08-28T13:06:18.690+0000][info][gc,phases      ] GC(714)   Evacuate Collection Set: 8.0ms
[2024-08-28T13:06:18.690+0000][info][gc,phases      ] GC(714)   Post Evacuate Collection Set: 0.4ms
[2024-08-28T13:06:18.690+0000][info][gc,phases      ] GC(714)   Other: 0.3ms
[2024-08-28T13:06:18.690+0000][info][gc,heap        ] GC(714) Eden regions: 24->0(44)
[2024-08-28T13:06:18.691+0000][info][gc,heap        ] GC(714) Survivor regions: 7->7(7)
[2024-08-28T13:06:18.691+0000][info][gc,heap        ] GC(714) Old regions: 951->876
[2024-08-28T13:06:18.691+0000][info][gc,heap        ] GC(714) Archive regions: 2->2
[2024-08-28T13:06:18.691+0000][info][gc,heap        ] GC(714) Humongous regions: 5->5
[2024-08-28T13:06:18.691+0000][info][gc,metaspace   ] GC(714) Metaspace: 100K(320K)->100K(320K) NonClass: 96K(192K)->96K(192K) Class: 4K(128K)->4K(128K)
[2024-08-28T13:06:18.691+0000][info][gc             ] GC(714) Pause Young (Mixed) (G1 Preventive Collection) 987M->888M(1024M) 9.505ms
[2024-08-28T13:06:18.691+0000][info][gc,cpu         ] GC(714) User=0.20s Sys=0.00s Real=0.01s
[2024-08-28T13:06:18.717+0000][info][gc,start       ] GC(715) Pause Young (Mixed) (G1 Evacuation Pause)
[2024-08-28T13:06:18.717+0000][info][gc,task        ] GC(715) Using 24 workers of 68 for evacuation
[2024-08-28T13:06:18.729+0000][info][gc,phases      ] GC(715)   Pre Evacuate Collection Set: 0.3ms
[2024-08-28T13:06:18.730+0000][info][gc,phases      ] GC(715)   Merge Heap Roots: 0.4ms
[2024-08-28T13:06:18.730+0000][info][gc,phases      ] GC(715)   Evacuate Collection Set: 11.0ms
[2024-08-28T13:06:18.730+0000][info][gc,phases      ] GC(715)   Post Evacuate Collection Set: 0.5ms
[2024-08-28T13:06:18.730+0000][info][gc,phases      ] GC(715)   Other: 0.3ms
[2024-08-28T13:06:18.730+0000][info][gc,heap        ] GC(715) Eden regions: 44->0(44)
[2024-08-28T13:06:18.730+0000][info][gc,heap        ] GC(715) Survivor regions: 7->7(7)
[2024-08-28T13:06:18.730+0000][info][gc,heap        ] GC(715) Old regions: 876->818
[2024-08-28T13:06:18.730+0000][info][gc,heap        ] GC(715) Archive regions: 2->2
[2024-08-28T13:06:18.730+0000][info][gc,heap        ] GC(715) Humongous regions: 5->5
[2024-08-28T13:06:18.730+0000][info][gc,metaspace   ] GC(715) Metaspace: 100K(320K)->100K(320K) NonClass: 96K(192K)->96K(192K) Class: 4K(128K)->4K(128K)
[2024-08-28T13:06:18.730+0000][info][gc             ] GC(715) Pause Young (Mixed) (G1 Evacuation Pause) 932M->830M(1024M) 12.584ms
[2024-08-28T13:06:18.730+0000][info][gc,cpu         ] GC(715) User=0.26s Sys=0.01s Real=0.02s
[2024-08-28T13:06:18.757+0000][info][gc,start       ] GC(716) Pause Young (Mixed) (G1 Evacuation Pause)
[2024-08-28T13:06:18.757+0000][info][gc,task        ] GC(716) Using 24 workers of 68 for evacuation
[2024-08-28T13:06:18.770+0000][info][gc,phases      ] GC(716)   Pre Evacuate Collection Set: 0.2ms
[2024-08-28T13:06:18.770+0000][info][gc,phases      ] GC(716)   Merge Heap Roots: 0.4ms
[2024-08-28T13:06:18.770+0000][info][gc,phases      ] GC(716)   Evacuate Collection Set: 11.1ms
[2024-08-28T13:06:18.770+0000][info][gc,phases      ] GC(716)   Post Evacuate Collection Set: 0.5ms
[2024-08-28T13:06:18.770+0000][info][gc,phases      ] GC(716)   Other: 0.4ms
[2024-08-28T13:06:18.770+0000][info][gc,heap        ] GC(716) Eden regions: 44->0(44)
[2024-08-28T13:06:18.770+0000][info][gc,heap        ] GC(716) Survivor regions: 7->7(7)
[2024-08-28T13:06:18.770+0000][info][gc,heap        ] GC(716) Old regions: 818->763
[2024-08-28T13:06:18.770+0000][info][gc,heap        ] GC(716) Archive regions: 2->2
[2024-08-28T13:06:18.770+0000][info][gc,heap        ] GC(716) Humongous regions: 5->5
[2024-08-28T13:06:18.770+0000][info][gc,metaspace   ] GC(716) Metaspace: 100K(320K)->100K(320K) NonClass: 96K(192K)->96K(192K) Class: 4K(128K)->4K(128K)
[2024-08-28T13:06:18.770+0000][info][gc             ] GC(716) Pause Young (Mixed) (G1 Evacuation Pause) 874M->775M(1024M) 12.776ms
[2024-08-28T13:06:18.770+0000][info][gc,cpu         ] GC(716) User=0.27s Sys=0.01s Real=0.02s
[2024-08-28T13:06:18.797+0000][info][gc,start       ] GC(717) Pause Young (Mixed) (G1 Evacuation Pause)
[2024-08-28T13:06:18.797+0000][info][gc,task        ] GC(717) Using 24 workers of 68 for evacuation
[2024-08-28T13:06:18.809+0000][info][gc,phases      ] GC(717)   Pre Evacuate Collection Set: 0.2ms
[2024-08-28T13:06:18.809+0000][info][gc,phases      ] GC(717)   Merge Heap Roots: 0.3ms
[2024-08-28T13:06:18.809+0000][info][gc,phases      ] GC(717)   Evacuate Collection Set: 11.2ms
[2024-08-28T13:06:18.809+0000][info][gc,phases      ] GC(717)   Post Evacuate Collection Set: 0.4ms
[2024-08-28T13:06:18.809+0000][info][gc,phases      ] GC(717)   Other: 0.4ms
[2024-08-28T13:06:18.809+0000][info][gc,heap        ] GC(717) Eden regions: 44->0(44)
[2024-08-28T13:06:18.809+0000][info][gc,heap        ] GC(717) Survivor regions: 7->7(7)
[2024-08-28T13:06:18.809+0000][info][gc,heap        ] GC(717) Old regions: 763->796
[2024-08-28T13:06:18.809+0000][info][gc,heap        ] GC(717) Archive regions: 2->2
[2024-08-28T13:06:18.809+0000][info][gc,heap        ] GC(717) Humongous regions: 5->5
[2024-08-28T13:06:18.809+0000][info][gc,metaspace   ] GC(717) Metaspace: 100K(320K)->100K(320K) NonClass: 96K(192K)->96K(192K) Class: 4K(128K)->4K(128K)
[2024-08-28T13:06:18.809+0000][info][gc             ] GC(717) Pause Young (Mixed) (G1 Evacuation Pause) 819M->808M(1024M) 12.638ms
[2024-08-28T13:06:18.809+0000][info][gc,cpu         ] GC(717) User=0.28s Sys=0.00s Real=0.01s
[2024-08-28T13:06:18.836+0000][info][gc,start       ] GC(718) Pause Young (Concurrent Start) (G1 Evacuation Pause)
[2024-08-28T13:06:18.836+0000][info][gc,task        ] GC(718) Using 24 workers of 68 for evacuation
[2024-08-28T13:06:18.848+0000][info][gc,phases      ] GC(718)   Pre Evacuate Collection Set: 0.2ms
[2024-08-28T13:06:18.848+0000][info][gc,phases      ] GC(718)   Merge Heap Roots: 0.3ms
[2024-08-28T13:06:18.848+0000][info][gc,phases      ] GC(718)   Evacuate Collection Set: 10.3ms
[2024-08-28T13:06:18.849+0000][info][gc,phases      ] GC(718)   Post Evacuate Collection Set: 0.4ms
[2024-08-28T13:06:18.849+0000][info][gc,phases      ] GC(718)   Other: 1.7ms
[2024-08-28T13:06:18.849+0000][info][gc,heap        ] GC(718) Eden regions: 44->0(44)
[2024-08-28T13:06:18.849+0000][info][gc,heap        ] GC(718) Survivor regions: 7->7(7)
[2024-08-28T13:06:18.849+0000][info][gc,heap        ] GC(718) Old regions: 796->842
[2024-08-28T13:06:18.849+0000][info][gc,heap        ] GC(718) Archive regions: 2->2
[2024-08-28T13:06:18.849+0000][info][gc,heap        ] GC(718) Humongous regions: 5->5
[2024-08-28T13:06:18.849+0000][info][gc,metaspace   ] GC(718) Metaspace: 100K(320K)->100K(320K) NonClass: 96K(192K)->96K(192K) Class: 4K(128K)->4K(128K)
[2024-08-28T13:06:18.849+0000][info][gc             ] GC(718) Pause Young (Concurrent Start) (G1 Evacuation Pause) 852M->854M(1024M) 12.994ms
[2024-08-28T13:06:18.849+0000][info][gc,cpu         ] GC(718) User=0.20s Sys=0.05s Real=0.01s
[2024-08-28T13:06:18.849+0000][info][gc             ] GC(719) Concurrent Mark Cycle
[2024-08-28T13:06:18.849+0000][info][gc,marking     ] GC(719) Concurrent Clear Claimed Marks
[2024-08-28T13:06:18.849+0000][info][gc,marking     ] GC(719) Concurrent Clear Claimed Marks 0.009ms
[2024-08-28T13:06:18.849+0000][info][gc,marking     ] GC(719) Concurrent Scan Root Regions
[2024-08-28T13:06:18.851+0000][info][gc,marking     ] GC(719) Concurrent Scan Root Regions 1.850ms
[2024-08-28T13:06:18.851+0000][info][gc,marking     ] GC(719) Concurrent Mark
[2024-08-28T13:06:18.851+0000][info][gc,marking     ] GC(719) Concurrent Mark From Roots
[2024-08-28T13:06:18.851+0000][info][gc,task        ] GC(719) Using 17 workers of 17 for marking
[2024-08-28T13:06:18.877+0000][info][gc,marking     ] GC(719) Concurrent Mark From Roots 26.044ms
[2024-08-28T13:06:18.877+0000][info][gc,marking     ] GC(719) Concurrent Preclean
[2024-08-28T13:06:18.877+0000][info][gc,marking     ] GC(719) Concurrent Preclean 0.503ms
[2024-08-28T13:06:18.878+0000][info][gc,start       ] GC(719) Pause Remark
[2024-08-28T13:06:18.879+0000][info][gc             ] GC(719) Pause Remark 886M->886M(1024M) 1.465ms
[2024-08-28T13:06:18.879+0000][info][gc,cpu         ] GC(719) User=0.01s Sys=0.00s Real=0.00s
[2024-08-28T13:06:18.879+0000][info][gc,marking     ] GC(719) Concurrent Mark 28.363ms
[2024-08-28T13:06:18.879+0000][info][gc,marking     ] GC(719) Concurrent Rebuild Remembered Sets
[2024-08-28T13:06:18.888+0000][info][gc,start       ] GC(720) Pause Young (Normal) (G1 Evacuation Pause)
[2024-08-28T13:06:18.888+0000][info][gc,task        ] GC(720) Using 24 workers of 68 for evacuation
[2024-08-28T13:06:18.899+0000][info][gc,phases      ] GC(720)   Pre Evacuate Collection Set: 0.1ms
[2024-08-28T13:06:18.899+0000][info][gc,phases      ] GC(720)   Merge Heap Roots: 0.4ms
[2024-08-28T13:06:18.899+0000][info][gc,phases      ] GC(720)   Evacuate Collection Set: 10.2ms
[2024-08-28T13:06:18.899+0000][info][gc,phases      ] GC(720)   Post Evacuate Collection Set: 0.5ms
[2024-08-28T13:06:18.899+0000][info][gc,phases      ] GC(720)   Other: 0.2ms
[2024-08-28T13:06:18.899+0000][info][gc,heap        ] GC(720) Eden regions: 44->0(44)
[2024-08-28T13:06:18.899+0000][info][gc,heap        ] GC(720) Survivor regions: 7->7(7)
[2024-08-28T13:06:18.899+0000][info][gc,heap        ] GC(720) Old regions: 842->889
[2024-08-28T13:06:18.899+0000][info][gc,heap        ] GC(720) Archive regions: 2->2
[2024-08-28T13:06:18.899+0000][info][gc,heap        ] GC(720) Humongous regions: 5->5
[2024-08-28T13:06:18.899+0000][info][gc,metaspace   ] GC(720) Metaspace: 100K(320K)->100K(320K) NonClass: 96K(192K)->96K(192K) Class: 4K(128K)->4K(128K)
[2024-08-28T13:06:18.899+0000][info][gc             ] GC(720) Pause Young (Normal) (G1 Evacuation Pause) 898M->901M(1024M) 11.508ms
[2024-08-28T13:06:18.899+0000][info][gc,cpu         ] GC(720) User=0.25s Sys=0.00s Real=0.02s
[2024-08-28T13:06:18.931+0000][info][gc,start       ] GC(721) Pause Young (Normal) (G1 Evacuation Pause)
[2024-08-28T13:06:18.931+0000][info][gc,task        ] GC(721) Using 24 workers of 68 for evacuation
[2024-08-28T13:06:18.946+0000][info][gc,phases      ] GC(721)   Pre Evacuate Collection Set: 0.1ms
[2024-08-28T13:06:18.946+0000][info][gc,phases      ] GC(721)   Merge Heap Roots: 0.3ms
[2024-08-28T13:06:18.946+0000][info][gc,phases      ] GC(721)   Evacuate Collection Set: 14.1ms
[2024-08-28T13:06:18.946+0000][info][gc,phases      ] GC(721)   Post Evacuate Collection Set: 0.6ms
[2024-08-28T13:06:18.946+0000][info][gc,phases      ] GC(721)   Other: 0.2ms
[2024-08-28T13:06:18.946+0000][info][gc,heap        ] GC(721) Eden regions: 44->0(44)
[2024-08-28T13:06:18.946+0000][info][gc,heap        ] GC(721) Survivor regions: 7->7(7)
[2024-08-28T13:06:18.946+0000][info][gc,heap        ] GC(721) Old regions: 889->934
[2024-08-28T13:06:18.946+0000][info][gc,heap        ] GC(721) Archive regions: 2->2
[2024-08-28T13:06:18.946+0000][info][gc,heap        ] GC(721) Humongous regions: 5->5
[2024-08-28T13:06:18.946+0000][info][gc,metaspace   ] GC(721) Metaspace: 100K(320K)->100K(320K) NonClass: 96K(192K)->96K(192K) Class: 4K(128K)->4K(128K)
[2024-08-28T13:06:18.946+0000][info][gc             ] GC(721) Pause Young (Normal) (G1 Evacuation Pause) 945M->946M(1024M) 15.483ms
[2024-08-28T13:06:18.946+0000][info][gc,cpu         ] GC(721) User=0.35s Sys=0.00s Real=0.01s
[2024-08-28T13:06:18.961+0000][info][gc,marking     ] GC(719) Concurrent Rebuild Remembered Sets 81.741ms
[2024-08-28T13:06:18.961+0000][info][gc,start       ] GC(719) Pause Cleanup
[2024-08-28T13:06:18.963+0000][info][gc             ] GC(719) Pause Cleanup 967M->967M(1024M) 1.636ms
[2024-08-28T13:06:18.963+0000][info][gc,cpu         ] GC(719) User=0.00s Sys=0.00s Real=0.00s
[2024-08-28T13:06:18.963+0000][info][gc,marking     ] GC(719) Concurrent Cleanup for Next Mark
[2024-08-28T13:06:18.964+0000][info][gc,marking     ] GC(719) Concurrent Cleanup for Next Mark 1.129ms
[2024-08-28T13:06:18.964+0000][info][gc             ] GC(719) Concurrent Mark Cycle 115.168ms
[2024-08-28T13:06:18.972+0000][info][gc,start       ] GC(722) Pause Young (Prepare Mixed) (G1 Preventive Collection)
[2024-08-28T13:06:18.972+0000][info][gc,task        ] GC(722) Using 24 workers of 68 for evacuation
[2024-08-28T13:06:18.987+0000][info][gc,phases      ] GC(722)   Pre Evacuate Collection Set: 0.2ms
[2024-08-28T13:06:18.987+0000][info][gc,phases      ] GC(722)   Merge Heap Roots: 0.6ms
[2024-08-28T13:06:18.987+0000][info][gc,phases      ] GC(722)   Evacuate Collection Set: 14.1ms
[2024-08-28T13:06:18.988+0000][info][gc,phases      ] GC(722)   Post Evacuate Collection Set: 0.3ms
[2024-08-28T13:06:18.988+0000][info][gc,phases      ] GC(722)   Other: 0.2ms
[2024-08-28T13:06:18.988+0000][info][gc,heap        ] GC(722) Eden regions: 33->0(44)
[2024-08-28T13:06:18.988+0000][info][gc,heap        ] GC(722) Survivor regions: 7->7(7)
[2024-08-28T13:06:18.988+0000][info][gc,heap        ] GC(722) Old regions: 934->970
[2024-08-28T13:06:18.988+0000][info][gc,heap        ] GC(722) Archive regions: 2->2
[2024-08-28T13:06:18.988+0000][info][gc,heap        ] GC(722) Humongous regions: 5->5
[2024-08-28T13:06:18.988+0000][info][gc,metaspace   ] GC(722) Metaspace: 100K(320K)->100K(320K) NonClass: 96K(192K)->96K(192K) Class: 4K(128K)->4K(128K)
[2024-08-28T13:06:18.988+0000][info][gc             ] GC(722) Pause Young (Prepare Mixed) (G1 Preventive Collection) 979M->982M(1024M) 15.553ms
[2024-08-28T13:06:18.988+0000][info][gc,cpu         ] GC(722) User=0.35s Sys=0.00s Real=0.01s
[2024-08-28T13:06:18.998+0000][info][gc,start       ] GC(723) Pause Young (Mixed) (G1 Preventive Collection)
[2024-08-28T13:06:18.998+0000][info][gc,task        ] GC(723) Using 24 workers of 68 for evacuation
[2024-08-28T13:06:19.005+0000][info][gc,phases      ] GC(723)   Pre Evacuate Collection Set: 0.2ms
[2024-08-28T13:06:19.005+0000][info][gc,phases      ] GC(723)   Merge Heap Roots: 0.4ms
[2024-08-28T13:06:19.005+0000][info][gc,phases      ] GC(723)   Evacuate Collection Set: 6.1ms
[2024-08-28T13:06:19.005+0000][info][gc,phases      ] GC(723)   Post Evacuate Collection Set: 0.4ms
[2024-08-28T13:06:19.005+0000][info][gc,phases      ] GC(723)   Other: 0.3ms
[2024-08-28T13:06:19.005+0000][info][gc,heap        ] GC(723) Eden regions: 15->0(44)
[2024-08-28T13:06:19.005+0000][info][gc,heap        ] GC(723) Survivor regions: 7->7(7)
[2024-08-28T13:06:19.005+0000][info][gc,heap        ] GC(723) Old regions: 970->885
[2024-08-28T13:06:19.005+0000][info][gc,heap        ] GC(723) Archive regions: 2->2
[2024-08-28T13:06:19.005+0000][info][gc,heap        ] GC(723) Humongous regions: 5->5
[2024-08-28T13:06:19.005+0000][info][gc,metaspace   ] GC(723) Metaspace: 100K(320K)->100K(320K) NonClass: 96K(192K)->96K(192K) Class: 4K(128K)->4K(128K)
[2024-08-28T13:06:19.005+0000][info][gc             ] GC(723) Pause Young (Mixed) (G1 Preventive Collection) 997M->897M(1024M) 7.441ms
[2024-08-28T13:06:19.005+0000][info][gc,cpu         ] GC(723) User=0.15s Sys=0.00s Real=0.00s
[2024-08-28T13:06:19.033+0000][info][gc,start       ] GC(724) Pause Young (Mixed) (G1 Evacuation Pause)
[2024-08-28T13:06:19.033+0000][info][gc,task        ] GC(724) Using 24 workers of 68 for evacuation
[2024-08-28T13:06:19.045+0000][info][gc,phases      ] GC(724)   Pre Evacuate Collection Set: 0.2ms
[2024-08-28T13:06:19.045+0000][info][gc,phases      ] GC(724)   Merge Heap Roots: 0.4ms
[2024-08-28T13:06:19.045+0000][info][gc,phases      ] GC(724)   Evacuate Collection Set: 10.7ms
[2024-08-28T13:06:19.045+0000][info][gc,phases      ] GC(724)   Post Evacuate Collection Set: 0.5ms
[2024-08-28T13:06:19.045+0000][info][gc,phases      ] GC(724)   Other: 0.2ms
[2024-08-28T13:06:19.045+0000][info][gc,heap        ] GC(724) Eden regions: 44->0(44)
[2024-08-28T13:06:19.045+0000][info][gc,heap        ] GC(724) Survivor regions: 7->7(7)
[2024-08-28T13:06:19.045+0000][info][gc,heap        ] GC(724) Old regions: 885->827
[2024-08-28T13:06:19.045+0000][info][gc,heap        ] GC(724) Archive regions: 2->2
[2024-08-28T13:06:19.045+0000][info][gc,heap        ] GC(724) Humongous regions: 5->5
[2024-08-28T13:06:19.045+0000][info][gc,metaspace   ] GC(724) Metaspace: 100K(320K)->100K(320K) NonClass: 96K(192K)->96K(192K) Class: 4K(128K)->4K(128K)
[2024-08-28T13:06:19.045+0000][info][gc             ] GC(724) Pause Young (Mixed) (G1 Evacuation Pause) 941M->839M(1024M) 12.220ms
[2024-08-28T13:06:19.045+0000][info][gc,cpu         ] GC(724) User=0.27s Sys=0.00s Real=0.01s
[2024-08-28T13:06:19.072+0000][info][gc,start       ] GC(725) Pause Young (Mixed) (G1 Evacuation Pause)
[2024-08-28T13:06:19.072+0000][info][gc,task        ] GC(725) Using 24 workers of 68 for evacuation
[2024-08-28T13:06:19.084+0000][info][gc,phases      ] GC(725)   Pre Evacuate Collection Set: 0.2ms
[2024-08-28T13:06:19.084+0000][info][gc,phases      ] GC(725)   Merge Heap Roots: 0.4ms
[2024-08-28T13:06:19.084+0000][info][gc,phases      ] GC(725)   Evacuate Collection Set: 10.9ms
[2024-08-28T13:06:19.084+0000][info][gc,phases      ] GC(725)   Post Evacuate Collection Set: 0.4ms
[2024-08-28T13:06:19.084+0000][info][gc,phases      ] GC(725)   Other: 0.3ms
[2024-08-28T13:06:19.084+0000][info][gc,heap        ] GC(725) Eden regions: 44->0(44)
[2024-08-28T13:06:19.084+0000][info][gc,heap        ] GC(725) Survivor regions: 7->7(7)
[2024-08-28T13:06:19.084+0000][info][gc,heap        ] GC(725) Old regions: 827->770
[2024-08-28T13:06:19.084+0000][info][gc,heap        ] GC(725) Archive regions: 2->2
[2024-08-28T13:06:19.084+0000][info][gc,heap        ] GC(725) Humongous regions: 5->5
[2024-08-28T13:06:19.084+0000][info][gc,metaspace   ] GC(725) Metaspace: 100K(320K)->100K(320K) NonClass: 96K(192K)->96K(192K) Class: 4K(128K)->4K(128K)
[2024-08-28T13:06:19.084+0000][info][gc             ] GC(725) Pause Young (Mixed) (G1 Evacuation Pause) 883M->782M(1024M) 12.323ms
[2024-08-28T13:06:19.084+0000][info][gc,cpu         ] GC(725) User=0.26s Sys=0.00s Real=0.01s
[2024-08-28T13:06:19.111+0000][info][gc,start       ] GC(726) Pause Young (Mixed) (G1 Evacuation Pause)
[2024-08-28T13:06:19.111+0000][info][gc,task        ] GC(726) Using 24 workers of 68 for evacuation
[2024-08-28T13:06:19.122+0000][info][gc,phases      ] GC(726)   Pre Evacuate Collection Set: 0.2ms
[2024-08-28T13:06:19.122+0000][info][gc,phases      ] GC(726)   Merge Heap Roots: 0.3ms
[2024-08-28T13:06:19.122+0000][info][gc,phases      ] GC(726)   Evacuate Collection Set: 10.8ms
[2024-08-28T13:06:19.122+0000][info][gc,phases      ] GC(726)   Post Evacuate Collection Set: 0.3ms
[2024-08-28T13:06:19.122+0000][info][gc,phases      ] GC(726)   Other: 0.3ms
[2024-08-28T13:06:19.122+0000][info][gc,heap        ] GC(726) Eden regions: 44->0(44)
[2024-08-28T13:06:19.122+0000][info][gc,heap        ] GC(726) Survivor regions: 7->7(7)
[2024-08-28T13:06:19.122+0000][info][gc,heap        ] GC(726) Old regions: 770->774
[2024-08-28T13:06:19.122+0000][info][gc,heap        ] GC(726) Archive regions: 2->2
[2024-08-28T13:06:19.122+0000][info][gc,heap        ] GC(726) Humongous regions: 5->5
[2024-08-28T13:06:19.122+0000][info][gc,metaspace   ] GC(726) Metaspace: 100K(320K)->100K(320K) NonClass: 96K(192K)->96K(192K) Class: 4K(128K)->4K(128K)
[2024-08-28T13:06:19.123+0000][info][gc             ] GC(726) Pause Young (Mixed) (G1 Evacuation Pause) 826M->786M(1024M) 11.970ms
[2024-08-28T13:06:19.123+0000][info][gc,cpu         ] GC(726) User=0.27s Sys=0.00s Real=0.01s
[2024-08-28T13:06:19.149+0000][info][gc,start       ] GC(727) Pause Young (Concurrent Start) (G1 Evacuation Pause)
[2024-08-28T13:06:19.149+0000][info][gc,task        ] GC(727) Using 24 workers of 68 for evacuation
[2024-08-28T13:06:19.161+0000][info][gc,phases      ] GC(727)   Pre Evacuate Collection Set: 0.2ms
[2024-08-28T13:06:19.161+0000][info][gc,phases      ] GC(727)   Merge Heap Roots: 0.4ms
[2024-08-28T13:06:19.161+0000][info][gc,phases      ] GC(727)   Evacuate Collection Set: 10.7ms
[2024-08-28T13:06:19.161+0000][info][gc,phases      ] GC(727)   Post Evacuate Collection Set: 0.3ms
[2024-08-28T13:06:19.161+0000][info][gc,phases      ] GC(727)   Other: 0.8ms
[2024-08-28T13:06:19.161+0000][info][gc,heap        ] GC(727) Eden regions: 44->0(44)
[2024-08-28T13:06:19.161+0000][info][gc,heap        ] GC(727) Survivor regions: 7->7(7)
[2024-08-28T13:06:19.161+0000][info][gc,heap        ] GC(727) Old regions: 774->820
[2024-08-28T13:06:19.161+0000][info][gc,heap        ] GC(727) Archive regions: 2->2
[2024-08-28T13:06:19.161+0000][info][gc,heap        ] GC(727) Humongous regions: 5->5
[2024-08-28T13:06:19.161+0000][info][gc,metaspace   ] GC(727) Metaspace: 100K(320K)->100K(320K) NonClass: 96K(192K)->96K(192K) Class: 4K(128K)->4K(128K)
[2024-08-28T13:06:19.161+0000][info][gc             ] GC(727) Pause Young (Concurrent Start) (G1 Evacuation Pause) 830M->832M(1024M) 12.398ms
[2024-08-28T13:06:19.161+0000][info][gc,cpu         ] GC(727) User=0.26s Sys=0.00s Real=0.02s
[2024-08-28T13:06:19.161+0000][info][gc             ] GC(728) Concurrent Mark Cycle
[2024-08-28T13:06:19.161+0000][info][gc,marking     ] GC(728) Concurrent Clear Claimed Marks
[2024-08-28T13:06:19.161+0000][info][gc,marking     ] GC(728) Concurrent Clear Claimed Marks 0.016ms
[2024-08-28T13:06:19.161+0000][info][gc,marking     ] GC(728) Concurrent Scan Root Regions
[2024-08-28T13:06:19.163+0000][info][gc,marking     ] GC(728) Concurrent Scan Root Regions 1.890ms
[2024-08-28T13:06:19.163+0000][info][gc,marking     ] GC(728) Concurrent Mark
[2024-08-28T13:06:19.163+0000][info][gc,marking     ] GC(728) Concurrent Mark From Roots
[2024-08-28T13:06:19.163+0000][info][gc,task        ] GC(728) Using 17 workers of 17 for marking
[2024-08-28T13:06:19.190+0000][info][gc,marking     ] GC(728) Concurrent Mark From Roots 26.403ms
[2024-08-28T13:06:19.190+0000][info][gc,marking     ] GC(728) Concurrent Preclean
[2024-08-28T13:06:19.191+0000][info][gc,marking     ] GC(728) Concurrent Preclean 0.919ms
[2024-08-28T13:06:19.191+0000][info][gc,start       ] GC(728) Pause Remark
[2024-08-28T13:06:19.193+0000][info][gc             ] GC(728) Pause Remark 865M->865M(1024M) 1.502ms
[2024-08-28T13:06:19.193+0000][info][gc,cpu         ] GC(728) User=0.01s Sys=0.00s Real=0.00s
[2024-08-28T13:06:19.193+0000][info][gc,marking     ] GC(728) Concurrent Mark 29.589ms
[2024-08-28T13:06:19.193+0000][info][gc,marking     ] GC(728) Concurrent Rebuild Remembered Sets
[2024-08-28T13:06:19.201+0000][info][gc,start       ] GC(729) Pause Young (Normal) (G1 Evacuation Pause)
[2024-08-28T13:06:19.201+0000][info][gc,task        ] GC(729) Using 24 workers of 68 for evacuation
[2024-08-28T13:06:19.212+0000][info][gc,phases      ] GC(729)   Pre Evacuate Collection Set: 0.1ms
[2024-08-28T13:06:19.212+0000][info][gc,phases      ] GC(729)   Merge Heap Roots: 0.2ms
[2024-08-28T13:06:19.212+0000][info][gc,phases      ] GC(729)   Evacuate Collection Set: 10.3ms
[2024-08-28T13:06:19.212+0000][info][gc,phases      ] GC(729)   Post Evacuate Collection Set: 0.5ms
[2024-08-28T13:06:19.212+0000][info][gc,phases      ] GC(729)   Other: 0.2ms
[2024-08-28T13:06:19.212+0000][info][gc,heap        ] GC(729) Eden regions: 44->0(44)
[2024-08-28T13:06:19.212+0000][info][gc,heap        ] GC(729) Survivor regions: 7->7(7)
[2024-08-28T13:06:19.212+0000][info][gc,heap        ] GC(729) Old regions: 820->867
[2024-08-28T13:06:19.212+0000][info][gc,heap        ] GC(729) Archive regions: 2->2
[2024-08-28T13:06:19.212+0000][info][gc,heap        ] GC(729) Humongous regions: 5->5
[2024-08-28T13:06:19.212+0000][info][gc,metaspace   ] GC(729) Metaspace: 100K(320K)->100K(320K) NonClass: 96K(192K)->96K(192K) Class: 4K(128K)->4K(128K)
[2024-08-28T13:06:19.212+0000][info][gc             ] GC(729) Pause Young (Normal) (G1 Evacuation Pause) 876M->879M(1024M) 11.466ms
[2024-08-28T13:06:19.212+0000][info][gc,cpu         ] GC(729) User=0.25s Sys=0.00s Real=0.01s
[2024-08-28T13:06:19.244+0000][info][gc,start       ] GC(730) Pause Young (Normal) (G1 Evacuation Pause)
[2024-08-28T13:06:19.244+0000][info][gc,task        ] GC(730) Using 24 workers of 68 for evacuation
[2024-08-28T13:06:19.260+0000][info][gc,phases      ] GC(730)   Pre Evacuate Collection Set: 0.1ms
[2024-08-28T13:06:19.260+0000][info][gc,phases      ] GC(730)   Merge Heap Roots: 0.5ms
[2024-08-28T13:06:19.260+0000][info][gc,phases      ] GC(730)   Evacuate Collection Set: 14.1ms
[2024-08-28T13:06:19.260+0000][info][gc,phases      ] GC(730)   Post Evacuate Collection Set: 0.5ms
[2024-08-28T13:06:19.260+0000][info][gc,phases      ] GC(730)   Other: 0.2ms
[2024-08-28T13:06:19.260+0000][info][gc,heap        ] GC(730) Eden regions: 44->0(44)
[2024-08-28T13:06:19.260+0000][info][gc,heap        ] GC(730) Survivor regions: 7->7(7)
[2024-08-28T13:06:19.260+0000][info][gc,heap        ] GC(730) Old regions: 867->913
[2024-08-28T13:06:19.260+0000][info][gc,heap        ] GC(730) Archive regions: 2->2
[2024-08-28T13:06:19.260+0000][info][gc,heap        ] GC(730) Humongous regions: 5->5
[2024-08-28T13:06:19.260+0000][info][gc,metaspace   ] GC(730) Metaspace: 100K(320K)->100K(320K) NonClass: 96K(192K)->96K(192K) Class: 4K(128K)->4K(128K)
[2024-08-28T13:06:19.260+0000][info][gc             ] GC(730) Pause Young (Normal) (G1 Evacuation Pause) 923M->925M(1024M) 15.556ms
[2024-08-28T13:06:19.260+0000][info][gc,cpu         ] GC(730) User=0.36s Sys=0.00s Real=0.02s
[2024-08-28T13:06:19.274+0000][info][gc,marking     ] GC(728) Concurrent Rebuild Remembered Sets 81.499ms
[2024-08-28T13:06:19.275+0000][info][gc,start       ] GC(728) Pause Cleanup
[2024-08-28T13:06:19.276+0000][info][gc             ] GC(728) Pause Cleanup 946M->946M(1024M) 1.475ms
[2024-08-28T13:06:19.276+0000][info][gc,cpu         ] GC(728) User=0.01s Sys=0.00s Real=0.00s
[2024-08-28T13:06:19.276+0000][info][gc,marking     ] GC(728) Concurrent Cleanup for Next Mark
[2024-08-28T13:06:19.277+0000][info][gc,marking     ] GC(728) Concurrent Cleanup for Next Mark 1.006ms
[2024-08-28T13:06:19.277+0000][info][gc             ] GC(728) Concurrent Mark Cycle 115.936ms
[2024-08-28T13:06:19.293+0000][info][gc,start       ] GC(731) Pause Young (Prepare Mixed) (G1 Preventive Collection)
[2024-08-28T13:06:19.294+0000][info][gc,task        ] GC(731) Using 24 workers of 68 for evacuation
[2024-08-28T13:06:19.311+0000][info][gc,phases      ] GC(731)   Pre Evacuate Collection Set: 0.2ms
[2024-08-28T13:06:19.312+0000][info][gc,phases      ] GC(731)   Merge Heap Roots: 0.6ms
[2024-08-28T13:06:19.312+0000][info][gc,phases      ] GC(731)   Evacuate Collection Set: 16.7ms
[2024-08-28T13:06:19.312+0000][info][gc,phases      ] GC(731)   Post Evacuate Collection Set: 0.3ms
[2024-08-28T13:06:19.312+0000][info][gc,phases      ] GC(731)   Other: 0.2ms
[2024-08-28T13:06:19.312+0000][info][gc,heap        ] GC(731) Eden regions: 43->0(44)
[2024-08-28T13:06:19.312+0000][info][gc,heap        ] GC(731) Survivor regions: 7->7(7)
[2024-08-28T13:06:19.312+0000][info][gc,heap        ] GC(731) Old regions: 913->958
[2024-08-28T13:06:19.312+0000][info][gc,heap        ] GC(731) Archive regions: 2->2
[2024-08-28T13:06:19.312+0000][info][gc,heap        ] GC(731) Humongous regions: 5->5
[2024-08-28T13:06:19.312+0000][info][gc,metaspace   ] GC(731) Metaspace: 100K(320K)->100K(320K) NonClass: 96K(192K)->96K(192K) Class: 4K(128K)->4K(128K)
[2024-08-28T13:06:19.312+0000][info][gc             ] GC(731) Pause Young (Prepare Mixed) (G1 Preventive Collection) 968M->970M(1024M) 18.186ms
[2024-08-28T13:06:19.312+0000][info][gc,cpu         ] GC(731) User=0.41s Sys=0.00s Real=0.02s
[2024-08-28T13:06:19.326+0000][info][gc,start       ] GC(732) Pause Young (Mixed) (G1 Preventive Collection)
[2024-08-28T13:06:19.326+0000][info][gc,task        ] GC(732) Using 24 workers of 68 for evacuation
[2024-08-28T13:06:19.335+0000][info][gc             ] GC(732) To-space exhausted
[2024-08-28T13:06:19.335+0000][info][gc,phases      ] GC(732)   Pre Evacuate Collection Set: 0.2ms
[2024-08-28T13:06:19.335+0000][info][gc,phases      ] GC(732)   Merge Heap Roots: 0.2ms
[2024-08-28T13:06:19.335+0000][info][gc,phases      ] GC(732)   Evacuate Collection Set: 7.4ms
[2024-08-28T13:06:19.335+0000][info][gc,phases      ] GC(732)   Post Evacuate Collection Set: 0.8ms
[2024-08-28T13:06:19.335+0000][info][gc,phases      ] GC(732)   Other: 0.3ms
[2024-08-28T13:06:19.335+0000][info][gc,heap        ] GC(732) Eden regions: 21->0(44)
[2024-08-28T13:06:19.335+0000][info][gc,heap        ] GC(732) Survivor regions: 7->7(7)
[2024-08-28T13:06:19.335+0000][info][gc,heap        ] GC(732) Old regions: 958->901
[2024-08-28T13:06:19.335+0000][info][gc,heap        ] GC(732) Archive regions: 2->2
[2024-08-28T13:06:19.335+0000][info][gc,heap        ] GC(732) Humongous regions: 5->5
[2024-08-28T13:06:19.335+0000][info][gc,metaspace   ] GC(732) Metaspace: 100K(320K)->100K(320K) NonClass: 96K(192K)->96K(192K) Class: 4K(128K)->4K(128K)
[2024-08-28T13:06:19.335+0000][info][gc             ] GC(732) Pause Young (Mixed) (G1 Preventive Collection) 991M->913M(1024M) 9.013ms
[2024-08-28T13:06:19.335+0000][info][gc,cpu         ] GC(732) User=0.19s Sys=0.00s Real=0.01s
[2024-08-28T13:06:19.363+0000][info][gc,start       ] GC(733) Pause Young (Mixed) (G1 Evacuation Pause)
[2024-08-28T13:06:19.363+0000][info][gc,task        ] GC(733) Using 24 workers of 68 for evacuation
[2024-08-28T13:06:19.375+0000][info][gc,phases      ] GC(733)   Pre Evacuate Collection Set: 0.2ms
[2024-08-28T13:06:19.375+0000][info][gc,phases      ] GC(733)   Merge Heap Roots: 0.4ms
[2024-08-28T13:06:19.375+0000][info][gc,phases      ] GC(733)   Evacuate Collection Set: 10.8ms
[2024-08-28T13:06:19.375+0000][info][gc,phases      ] GC(733)   Post Evacuate Collection Set: 0.5ms
[2024-08-28T13:06:19.375+0000][info][gc,phases      ] GC(733)   Other: 0.3ms
[2024-08-28T13:06:19.375+0000][info][gc,heap        ] GC(733) Eden regions: 44->0(44)
[2024-08-28T13:06:19.375+0000][info][gc,heap        ] GC(733) Survivor regions: 7->7(7)
[2024-08-28T13:06:19.375+0000][info][gc,heap        ] GC(733) Old regions: 901->843
[2024-08-28T13:06:19.375+0000][info][gc,heap        ] GC(733) Archive regions: 2->2
[2024-08-28T13:06:19.375+0000][info][gc,heap        ] GC(733) Humongous regions: 5->5
[2024-08-28T13:06:19.375+0000][info][gc,metaspace   ] GC(733) Metaspace: 100K(320K)->100K(320K) NonClass: 96K(192K)->96K(192K) Class: 4K(128K)->4K(128K)
[2024-08-28T13:06:19.375+0000][info][gc             ] GC(733) Pause Young (Mixed) (G1 Evacuation Pause) 957M->855M(1024M) 12.361ms
[2024-08-28T13:06:19.375+0000][info][gc,cpu         ] GC(733) User=0.27s Sys=0.00s Real=0.01s
[2024-08-28T13:06:19.402+0000][info][gc,start       ] GC(734) Pause Young (Mixed) (G1 Evacuation Pause)
[2024-08-28T13:06:19.402+0000][info][gc,task        ] GC(734) Using 24 workers of 68 for evacuation
[2024-08-28T13:06:19.414+0000][info][gc,phases      ] GC(734)   Pre Evacuate Collection Set: 0.3ms
[2024-08-28T13:06:19.415+0000][info][gc,phases      ] GC(734)   Merge Heap Roots: 0.3ms
[2024-08-28T13:06:19.415+0000][info][gc,phases      ] GC(734)   Evacuate Collection Set: 11.1ms
[2024-08-28T13:06:19.415+0000][info][gc,phases      ] GC(734)   Post Evacuate Collection Set: 0.5ms
[2024-08-28T13:06:19.415+0000][info][gc,phases      ] GC(734)   Other: 0.3ms
[2024-08-28T13:06:19.415+0000][info][gc,heap        ] GC(734) Eden regions: 44->0(44)
[2024-08-28T13:06:19.415+0000][info][gc,heap        ] GC(734) Survivor regions: 7->7(7)
[2024-08-28T13:06:19.415+0000][info][gc,heap        ] GC(734) Old regions: 843->788
[2024-08-28T13:06:19.415+0000][info][gc,heap        ] GC(734) Archive regions: 2->2
[2024-08-28T13:06:19.415+0000][info][gc,heap        ] GC(734) Humongous regions: 5->5
[2024-08-28T13:06:19.415+0000][info][gc,metaspace   ] GC(734) Metaspace: 100K(320K)->100K(320K) NonClass: 96K(192K)->96K(192K) Class: 4K(128K)->4K(128K)
[2024-08-28T13:06:19.415+0000][info][gc             ] GC(734) Pause Young (Mixed) (G1 Evacuation Pause) 899M->800M(1024M) 12.602ms
[2024-08-28T13:06:19.415+0000][info][gc,cpu         ] GC(734) User=0.27s Sys=0.00s Real=0.01s
[2024-08-28T13:06:19.441+0000][info][gc,start       ] GC(735) Pause Young (Mixed) (G1 Evacuation Pause)
[2024-08-28T13:06:19.442+0000][info][gc,task        ] GC(735) Using 24 workers of 68 for evacuation
[2024-08-28T13:06:19.454+0000][info][gc,phases      ] GC(735)   Pre Evacuate Collection Set: 0.2ms
[2024-08-28T13:06:19.454+0000][info][gc,phases      ] GC(735)   Merge Heap Roots: 0.3ms
[2024-08-28T13:06:19.454+0000][info][gc,phases      ] GC(735)   Evacuate Collection Set: 11.4ms
[2024-08-28T13:06:19.454+0000][info][gc,phases      ] GC(735)   Post Evacuate Collection Set: 0.4ms
[2024-08-28T13:06:19.454+0000][info][gc,phases      ] GC(735)   Other: 0.3ms
[2024-08-28T13:06:19.454+0000][info][gc,heap        ] GC(735) Eden regions: 44->0(44)
[2024-08-28T13:06:19.454+0000][info][gc,heap        ] GC(735) Survivor regions: 7->7(7)
[2024-08-28T13:06:19.454+0000][info][gc,heap        ] GC(735) Old regions: 788->814
[2024-08-28T13:06:19.454+0000][info][gc,heap        ] GC(735) Archive regions: 2->2
[2024-08-28T13:06:19.454+0000][info][gc,heap        ] GC(735) Humongous regions: 5->5
[2024-08-28T13:06:19.454+0000][info][gc,metaspace   ] GC(735) Metaspace: 100K(320K)->100K(320K) NonClass: 96K(192K)->96K(192K) Class: 4K(128K)->4K(128K)
[2024-08-28T13:06:19.454+0000][info][gc             ] GC(735) Pause Young (Mixed) (G1 Evacuation Pause) 844M->826M(1024M) 12.854ms
[2024-08-28T13:06:19.454+0000][info][gc,cpu         ] GC(735) User=0.27s Sys=0.01s Real=0.01s
[2024-08-28T13:06:19.481+0000][info][gc,start       ] GC(736) Pause Young (Concurrent Start) (G1 Evacuation Pause)
[2024-08-28T13:06:19.481+0000][info][gc,task        ] GC(736) Using 24 workers of 68 for evacuation
[2024-08-28T13:06:19.494+0000][info][gc,phases      ] GC(736)   Pre Evacuate Collection Set: 0.2ms
[2024-08-28T13:06:19.494+0000][info][gc,phases      ] GC(736)   Merge Heap Roots: 0.4ms
[2024-08-28T13:06:19.494+0000][info][gc,phases      ] GC(736)   Evacuate Collection Set: 10.9ms
[2024-08-28T13:06:19.494+0000][info][gc,phases      ] GC(736)   Post Evacuate Collection Set: 0.4ms
[2024-08-28T13:06:19.494+0000][info][gc,phases      ] GC(736)   Other: 1.0ms
[2024-08-28T13:06:19.494+0000][info][gc,heap        ] GC(736) Eden regions: 44->0(44)
[2024-08-28T13:06:19.494+0000][info][gc,heap        ] GC(736) Survivor regions: 7->7(7)
[2024-08-28T13:06:19.494+0000][info][gc,heap        ] GC(736) Old regions: 814->860
[2024-08-28T13:06:19.494+0000][info][gc,heap        ] GC(736) Archive regions: 2->2
[2024-08-28T13:06:19.494+0000][info][gc,heap        ] GC(736) Humongous regions: 5->5
[2024-08-28T13:06:19.494+0000][info][gc,metaspace   ] GC(736) Metaspace: 100K(320K)->100K(320K) NonClass: 96K(192K)->96K(192K) Class: 4K(128K)->4K(128K)
[2024-08-28T13:06:19.494+0000][info][gc             ] GC(736) Pause Young (Concurrent Start) (G1 Evacuation Pause) 870M->872M(1024M) 13.112ms
[2024-08-28T13:06:19.494+0000][info][gc,cpu         ] GC(736) User=0.27s Sys=0.00s Real=0.01s
[2024-08-28T13:06:19.494+0000][info][gc             ] GC(737) Concurrent Mark Cycle
[2024-08-28T13:06:19.494+0000][info][gc,marking     ] GC(737) Concurrent Clear Claimed Marks
[2024-08-28T13:06:19.494+0000][info][gc,marking     ] GC(737) Concurrent Clear Claimed Marks 0.009ms
[2024-08-28T13:06:19.494+0000][info][gc,marking     ] GC(737) Concurrent Scan Root Regions
[2024-08-28T13:06:19.496+0000][info][gc,marking     ] GC(737) Concurrent Scan Root Regions 1.785ms
[2024-08-28T13:06:19.496+0000][info][gc,marking     ] GC(737) Concurrent Mark
[2024-08-28T13:06:19.496+0000][info][gc,marking     ] GC(737) Concurrent Mark From Roots
[2024-08-28T13:06:19.496+0000][info][gc,task        ] GC(737) Using 17 workers of 17 for marking
[2024-08-28T13:06:19.522+0000][info][gc,marking     ] GC(737) Concurrent Mark From Roots 26.305ms
[2024-08-28T13:06:19.523+0000][info][gc,marking     ] GC(737) Concurrent Preclean
[2024-08-28T13:06:19.524+0000][info][gc,marking     ] GC(737) Concurrent Preclean 1.041ms
[2024-08-28T13:06:19.524+0000][info][gc,start       ] GC(737) Pause Remark
[2024-08-28T13:06:19.526+0000][info][gc             ] GC(737) Pause Remark 905M->905M(1024M) 1.745ms
[2024-08-28T13:06:19.526+0000][info][gc,cpu         ] GC(737) User=0.00s Sys=0.00s Real=0.00s
[2024-08-28T13:06:19.526+0000][info][gc,marking     ] GC(737) Concurrent Mark 29.793ms
[2024-08-28T13:06:19.526+0000][info][gc,marking     ] GC(737) Concurrent Rebuild Remembered Sets
[2024-08-28T13:06:19.534+0000][info][gc,start       ] GC(738) Pause Young (Normal) (G1 Evacuation Pause)
[2024-08-28T13:06:19.534+0000][info][gc,task        ] GC(738) Using 24 workers of 68 for evacuation
[2024-08-28T13:06:19.546+0000][info][gc,phases      ] GC(738)   Pre Evacuate Collection Set: 0.1ms
[2024-08-28T13:06:19.546+0000][info][gc,phases      ] GC(738)   Merge Heap Roots: 0.4ms
[2024-08-28T13:06:19.546+0000][info][gc,phases      ] GC(738)   Evacuate Collection Set: 10.6ms
[2024-08-28T13:06:19.546+0000][info][gc,phases      ] GC(738)   Post Evacuate Collection Set: 0.5ms
[2024-08-28T13:06:19.546+0000][info][gc,phases      ] GC(738)   Other: 0.2ms
[2024-08-28T13:06:19.546+0000][info][gc,heap        ] GC(738) Eden regions: 44->0(44)
[2024-08-28T13:06:19.546+0000][info][gc,heap        ] GC(738) Survivor regions: 7->7(7)
[2024-08-28T13:06:19.546+0000][info][gc,heap        ] GC(738) Old regions: 860->907
[2024-08-28T13:06:19.546+0000][info][gc,heap        ] GC(738) Archive regions: 2->2
[2024-08-28T13:06:19.546+0000][info][gc,heap        ] GC(738) Humongous regions: 5->5
[2024-08-28T13:06:19.546+0000][info][gc,metaspace   ] GC(738) Metaspace: 100K(320K)->100K(320K) NonClass: 96K(192K)->96K(192K) Class: 4K(128K)->4K(128K)
[2024-08-28T13:06:19.546+0000][info][gc             ] GC(738) Pause Young (Normal) (G1 Evacuation Pause) 916M->919M(1024M) 11.856ms
[2024-08-28T13:06:19.546+0000][info][gc,cpu         ] GC(738) User=0.26s Sys=0.00s Real=0.01s
[2024-08-28T13:06:19.578+0000][info][gc,start       ] GC(739) Pause Young (Normal) (G1 Evacuation Pause)
[2024-08-28T13:06:19.578+0000][info][gc,task        ] GC(739) Using 24 workers of 68 for evacuation
[2024-08-28T13:06:19.594+0000][info][gc,phases      ] GC(739)   Pre Evacuate Collection Set: 0.1ms
[2024-08-28T13:06:19.594+0000][info][gc,phases      ] GC(739)   Merge Heap Roots: 0.5ms
[2024-08-28T13:06:19.594+0000][info][gc,phases      ] GC(739)   Evacuate Collection Set: 14.3ms
[2024-08-28T13:06:19.594+0000][info][gc,phases      ] GC(739)   Post Evacuate Collection Set: 0.6ms
[2024-08-28T13:06:19.594+0000][info][gc,phases      ] GC(739)   Other: 0.2ms
[2024-08-28T13:06:19.594+0000][info][gc,heap        ] GC(739) Eden regions: 44->0(44)
[2024-08-28T13:06:19.594+0000][info][gc,heap        ] GC(739) Survivor regions: 7->7(7)
[2024-08-28T13:06:19.594+0000][info][gc,heap        ] GC(739) Old regions: 907->955
[2024-08-28T13:06:19.594+0000][info][gc,heap        ] GC(739) Archive regions: 2->2
[2024-08-28T13:06:19.594+0000][info][gc,heap        ] GC(739) Humongous regions: 5->5
[2024-08-28T13:06:19.594+0000][info][gc,metaspace   ] GC(739) Metaspace: 100K(320K)->100K(320K) NonClass: 96K(192K)->96K(192K) Class: 4K(128K)->4K(128K)
[2024-08-28T13:06:19.594+0000][info][gc             ] GC(739) Pause Young (Normal) (G1 Evacuation Pause) 963M->967M(1024M) 15.761ms
[2024-08-28T13:06:19.594+0000][info][gc,cpu         ] GC(739) User=0.36s Sys=0.00s Real=0.01s
[2024-08-28T13:06:19.611+0000][info][gc,start       ] GC(740) Pause Young (Normal) (G1 Preventive Collection)
[2024-08-28T13:06:19.611+0000][info][gc,task        ] GC(740) Using 24 workers of 68 for evacuation
[2024-08-28T13:06:19.626+0000][info][gc,phases      ] GC(740)   Pre Evacuate Collection Set: 0.1ms
[2024-08-28T13:06:19.626+0000][info][gc,phases      ] GC(740)   Merge Heap Roots: 0.5ms
[2024-08-28T13:06:19.626+0000][info][gc,phases      ] GC(740)   Evacuate Collection Set: 13.0ms
[2024-08-28T13:06:19.626+0000][info][gc,phases      ] GC(740)   Post Evacuate Collection Set: 0.6ms
[2024-08-28T13:06:19.626+0000][info][gc,phases      ] GC(740)   Other: 0.2ms
[2024-08-28T13:06:19.626+0000][info][gc,heap        ] GC(740) Eden regions: 22->0(44)
[2024-08-28T13:06:19.626+0000][info][gc,heap        ] GC(740) Survivor regions: 7->7(7)
[2024-08-28T13:06:19.626+0000][info][gc,heap        ] GC(740) Old regions: 955->980
[2024-08-28T13:06:19.626+0000][info][gc,heap        ] GC(740) Archive regions: 2->2
[2024-08-28T13:06:19.626+0000][info][gc,heap        ] GC(740) Humongous regions: 5->5
[2024-08-28T13:06:19.626+0000][info][gc,metaspace   ] GC(740) Metaspace: 100K(320K)->100K(320K) NonClass: 96K(192K)->96K(192K) Class: 4K(128K)->4K(128K)
[2024-08-28T13:06:19.626+0000][info][gc             ] GC(740) Pause Young (Normal) (G1 Preventive Collection) 989M->992M(1024M) 14.553ms
[2024-08-28T13:06:19.626+0000][info][gc,cpu         ] GC(740) User=0.33s Sys=0.00s Real=0.01s
[2024-08-28T13:06:19.626+0000][info][gc,marking     ] GC(737) Concurrent Rebuild Remembered Sets 99.841ms
[2024-08-28T13:06:19.626+0000][info][gc,start       ] GC(737) Pause Cleanup
[2024-08-28T13:06:19.628+0000][info][gc             ] GC(737) Pause Cleanup 993M->993M(1024M) 1.605ms
[2024-08-28T13:06:19.628+0000][info][gc,cpu         ] GC(737) User=0.00s Sys=0.00s Real=0.00s
[2024-08-28T13:06:19.628+0000][info][gc,marking     ] GC(737) Concurrent Cleanup for Next Mark
[2024-08-28T13:06:19.629+0000][info][gc,marking     ] GC(737) Concurrent Cleanup for Next Mark 0.917ms
[2024-08-28T13:06:19.629+0000][info][gc             ] GC(737) Concurrent Mark Cycle 134.356ms
[2024-08-28T13:06:19.636+0000][info][gc,start       ] GC(741) Pause Young (Prepare Mixed) (G1 Preventive Collection)
[2024-08-28T13:06:19.636+0000][info][gc,task        ] GC(741) Using 24 workers of 68 for evacuation
[2024-08-28T13:06:19.647+0000][info][gc,phases      ] GC(741)   Pre Evacuate Collection Set: 0.1ms
[2024-08-28T13:06:19.647+0000][info][gc,phases      ] GC(741)   Merge Heap Roots: 0.4ms
[2024-08-28T13:06:19.647+0000][info][gc,phases      ] GC(741)   Evacuate Collection Set: 10.2ms
[2024-08-28T13:06:19.647+0000][info][gc,phases      ] GC(741)   Post Evacuate Collection Set: 0.3ms
[2024-08-28T13:06:19.647+0000][info][gc,phases      ] GC(741)   Other: 0.2ms
[2024-08-28T13:06:19.647+0000][info][gc,heap        ] GC(741) Eden regions: 10->0(44)
[2024-08-28T13:06:19.647+0000][info][gc,heap        ] GC(741) Survivor regions: 7->7(7)
[2024-08-28T13:06:19.647+0000][info][gc,heap        ] GC(741) Old regions: 980->992
[2024-08-28T13:06:19.647+0000][info][gc,heap        ] GC(741) Archive regions: 2->2
[2024-08-28T13:06:19.647+0000][info][gc,heap        ] GC(741) Humongous regions: 5->5
[2024-08-28T13:06:19.647+0000][info][gc,metaspace   ] GC(741) Metaspace: 100K(320K)->100K(320K) NonClass: 96K(192K)->96K(192K) Class: 4K(128K)->4K(128K)
[2024-08-28T13:06:19.647+0000][info][gc             ] GC(741) Pause Young (Prepare Mixed) (G1 Preventive Collection) 1002M->1004M(1024M) 11.307ms
[2024-08-28T13:06:19.647+0000][info][gc,cpu         ] GC(741) User=0.25s Sys=0.00s Real=0.01s
[2024-08-28T13:06:19.650+0000][info][gc,start       ] GC(742) Pause Young (Mixed) (G1 Preventive Collection)
[2024-08-28T13:06:19.650+0000][info][gc,task        ] GC(742) Using 24 workers of 68 for evacuation
[2024-08-28T13:06:19.654+0000][info][gc,phases      ] GC(742)   Pre Evacuate Collection Set: 0.2ms
[2024-08-28T13:06:19.654+0000][info][gc,phases      ] GC(742)   Merge Heap Roots: 0.3ms
[2024-08-28T13:06:19.654+0000][info][gc,phases      ] GC(742)   Evacuate Collection Set: 3.0ms
[2024-08-28T13:06:19.654+0000][info][gc,phases      ] GC(742)   Post Evacuate Collection Set: 0.3ms
[2024-08-28T13:06:19.654+0000][info][gc,phases      ] GC(742)   Other: 0.2ms
[2024-08-28T13:06:19.654+0000][info][gc,heap        ] GC(742) Eden regions: 4->0(46)
[2024-08-28T13:06:19.654+0000][info][gc,heap        ] GC(742) Survivor regions: 7->5(7)
[2024-08-28T13:06:19.654+0000][info][gc,heap        ] GC(742) Old regions: 992->898
[2024-08-28T13:06:19.654+0000][info][gc,heap        ] GC(742) Archive regions: 2->2
[2024-08-28T13:06:19.654+0000][info][gc,heap        ] GC(742) Humongous regions: 5->5
[2024-08-28T13:06:19.654+0000][info][gc,metaspace   ] GC(742) Metaspace: 100K(320K)->100K(320K) NonClass: 96K(192K)->96K(192K) Class: 4K(128K)->4K(128K)
[2024-08-28T13:06:19.654+0000][info][gc             ] GC(742) Pause Young (Mixed) (G1 Preventive Collection) 1008M->908M(1024M) 4.104ms
[2024-08-28T13:06:19.654+0000][info][gc,cpu         ] GC(742) User=0.02s Sys=0.05s Real=0.00s
[2024-08-28T13:06:19.681+0000][info][gc,start       ] GC(743) Pause Young (Mixed) (G1 Evacuation Pause)
[2024-08-28T13:06:19.682+0000][info][gc,task        ] GC(743) Using 24 workers of 68 for evacuation
[2024-08-28T13:06:19.693+0000][info][gc,phases      ] GC(743)   Pre Evacuate Collection Set: 0.2ms
[2024-08-28T13:06:19.693+0000][info][gc,phases      ] GC(743)   Merge Heap Roots: 0.3ms
[2024-08-28T13:06:19.693+0000][info][gc,phases      ] GC(743)   Evacuate Collection Set: 10.1ms
[2024-08-28T13:06:19.693+0000][info][gc,phases      ] GC(743)   Post Evacuate Collection Set: 0.5ms
[2024-08-28T13:06:19.693+0000][info][gc,phases      ] GC(743)   Other: 0.3ms
[2024-08-28T13:06:19.693+0000][info][gc,heap        ] GC(743) Eden regions: 46->0(44)
[2024-08-28T13:06:19.693+0000][info][gc,heap        ] GC(743) Survivor regions: 5->7(7)
[2024-08-28T13:06:19.693+0000][info][gc,heap        ] GC(743) Old regions: 898->837
[2024-08-28T13:06:19.693+0000][info][gc,heap        ] GC(743) Archive regions: 2->2
[2024-08-28T13:06:19.693+0000][info][gc,heap        ] GC(743) Humongous regions: 5->5
[2024-08-28T13:06:19.693+0000][info][gc,metaspace   ] GC(743) Metaspace: 100K(320K)->100K(320K) NonClass: 96K(192K)->96K(192K) Class: 4K(128K)->4K(128K)
[2024-08-28T13:06:19.693+0000][info][gc             ] GC(743) Pause Young (Mixed) (G1 Evacuation Pause) 954M->849M(1024M) 11.523ms
[2024-08-28T13:06:19.693+0000][info][gc,cpu         ] GC(743) User=0.25s Sys=0.00s Real=0.01s
[2024-08-28T13:06:19.720+0000][info][gc,start       ] GC(744) Pause Young (Mixed) (G1 Evacuation Pause)
[2024-08-28T13:06:19.720+0000][info][gc,task        ] GC(744) Using 24 workers of 68 for evacuation
[2024-08-28T13:06:19.732+0000][info][gc,phases      ] GC(744)   Pre Evacuate Collection Set: 0.3ms
[2024-08-28T13:06:19.732+0000][info][gc,phases      ] GC(744)   Merge Heap Roots: 0.4ms
[2024-08-28T13:06:19.732+0000][info][gc,phases      ] GC(744)   Evacuate Collection Set: 10.4ms
[2024-08-28T13:06:19.732+0000][info][gc,phases      ] GC(744)   Post Evacuate Collection Set: 0.5ms
[2024-08-28T13:06:19.732+0000][info][gc,phases      ] GC(744)   Other: 0.3ms
[2024-08-28T13:06:19.732+0000][info][gc,heap        ] GC(744) Eden regions: 44->0(44)
[2024-08-28T13:06:19.732+0000][info][gc,heap        ] GC(744) Survivor regions: 7->7(7)
[2024-08-28T13:06:19.732+0000][info][gc,heap        ] GC(744) Old regions: 837->780
[2024-08-28T13:06:19.732+0000][info][gc,heap        ] GC(744) Archive regions: 2->2
[2024-08-28T13:06:19.732+0000][info][gc,heap        ] GC(744) Humongous regions: 5->5
[2024-08-28T13:06:19.732+0000][info][gc,metaspace   ] GC(744) Metaspace: 100K(320K)->100K(320K) NonClass: 96K(192K)->96K(192K) Class: 4K(128K)->4K(128K)
[2024-08-28T13:06:19.732+0000][info][gc             ] GC(744) Pause Young (Mixed) (G1 Evacuation Pause) 893M->792M(1024M) 11.962ms
[2024-08-28T13:06:19.732+0000][info][gc,cpu         ] GC(744) User=0.25s Sys=0.00s Real=0.01s
[2024-08-28T13:06:19.759+0000][info][gc,start       ] GC(745) Pause Young (Mixed) (G1 Evacuation Pause)
[2024-08-28T13:06:19.759+0000][info][gc,task        ] GC(745) Using 24 workers of 68 for evacuation
[2024-08-28T13:06:19.770+0000][info][gc,phases      ] GC(745)   Pre Evacuate Collection Set: 0.2ms
[2024-08-28T13:06:19.771+0000][info][gc,phases      ] GC(745)   Merge Heap Roots: 0.3ms
[2024-08-28T13:06:19.771+0000][info][gc,phases      ] GC(745)   Evacuate Collection Set: 10.6ms
[2024-08-28T13:06:19.771+0000][info][gc,phases      ] GC(745)   Post Evacuate Collection Set: 0.4ms
[2024-08-28T13:06:19.771+0000][info][gc,phases      ] GC(745)   Other: 0.3ms
[2024-08-28T13:06:19.771+0000][info][gc,heap        ] GC(745) Eden regions: 44->0(44)
[2024-08-28T13:06:19.771+0000][info][gc,heap        ] GC(745) Survivor regions: 7->7(7)
[2024-08-28T13:06:19.771+0000][info][gc,heap        ] GC(745) Old regions: 780->768
[2024-08-28T13:06:19.771+0000][info][gc,heap        ] GC(745) Archive regions: 2->2
[2024-08-28T13:06:19.771+0000][info][gc,heap        ] GC(745) Humongous regions: 5->5
[2024-08-28T13:06:19.771+0000][info][gc,metaspace   ] GC(745) Metaspace: 100K(320K)->100K(320K) NonClass: 96K(192K)->96K(192K) Class: 4K(128K)->4K(128K)
[2024-08-28T13:06:19.771+0000][info][gc             ] GC(745) Pause Young (Mixed) (G1 Evacuation Pause) 836M->780M(1024M) 11.982ms
[2024-08-28T13:06:19.771+0000][info][gc,cpu         ] GC(745) User=0.26s Sys=0.00s Real=0.01s
[2024-08-28T13:06:19.798+0000][info][gc,start       ] GC(746) Pause Young (Concurrent Start) (G1 Evacuation Pause)
[2024-08-28T13:06:19.798+0000][info][gc,task        ] GC(746) Using 24 workers of 68 for evacuation
[2024-08-28T13:06:19.810+0000][info][gc,phases      ] GC(746)   Pre Evacuate Collection Set: 0.2ms
[2024-08-28T13:06:19.810+0000][info][gc,phases      ] GC(746)   Merge Heap Roots: 0.2ms
[2024-08-28T13:06:19.810+0000][info][gc,phases      ] GC(746)   Evacuate Collection Set: 10.5ms
[2024-08-28T13:06:19.810+0000][info][gc,phases      ] GC(746)   Post Evacuate Collection Set: 0.4ms
[2024-08-28T13:06:19.810+0000][info][gc,phases      ] GC(746)   Other: 1.0ms
[2024-08-28T13:06:19.810+0000][info][gc,heap        ] GC(746) Eden regions: 44->0(44)
[2024-08-28T13:06:19.810+0000][info][gc,heap        ] GC(746) Survivor regions: 7->7(7)
[2024-08-28T13:06:19.810+0000][info][gc,heap        ] GC(746) Old regions: 768->814
[2024-08-28T13:06:19.810+0000][info][gc,heap        ] GC(746) Archive regions: 2->2
[2024-08-28T13:06:19.810+0000][info][gc,heap        ] GC(746) Humongous regions: 5->5
[2024-08-28T13:06:19.810+0000][info][gc,metaspace   ] GC(746) Metaspace: 100K(320K)->100K(320K) NonClass: 96K(192K)->96K(192K) Class: 4K(128K)->4K(128K)
[2024-08-28T13:06:19.810+0000][info][gc             ] GC(746) Pause Young (Concurrent Start) (G1 Evacuation Pause) 824M->826M(1024M) 12.467ms
[2024-08-28T13:06:19.810+0000][info][gc,cpu         ] GC(746) User=0.25s Sys=0.00s Real=0.01s
[2024-08-28T13:06:19.810+0000][info][gc             ] GC(747) Concurrent Mark Cycle
[2024-08-28T13:06:19.810+0000][info][gc,marking     ] GC(747) Concurrent Clear Claimed Marks
[2024-08-28T13:06:19.810+0000][info][gc,marking     ] GC(747) Concurrent Clear Claimed Marks 0.013ms
[2024-08-28T13:06:19.810+0000][info][gc,marking     ] GC(747) Concurrent Scan Root Regions
[2024-08-28T13:06:19.812+0000][info][gc,marking     ] GC(747) Concurrent Scan Root Regions 1.856ms
[2024-08-28T13:06:19.812+0000][info][gc,marking     ] GC(747) Concurrent Mark
[2024-08-28T13:06:19.812+0000][info][gc,marking     ] GC(747) Concurrent Mark From Roots
[2024-08-28T13:06:19.812+0000][info][gc,task        ] GC(747) Using 17 workers of 17 for marking
[2024-08-28T13:06:19.840+0000][info][gc,marking     ] GC(747) Concurrent Mark From Roots 27.120ms
[2024-08-28T13:06:19.840+0000][info][gc,marking     ] GC(747) Concurrent Preclean
[2024-08-28T13:06:19.840+0000][info][gc,marking     ] GC(747) Concurrent Preclean 0.698ms
[2024-08-28T13:06:19.841+0000][info][gc,start       ] GC(747) Pause Remark
[2024-08-28T13:06:19.842+0000][info][gc             ] GC(747) Pause Remark 859M->859M(1024M) 1.254ms
[2024-08-28T13:06:19.842+0000][info][gc,cpu         ] GC(747) User=0.01s Sys=0.00s Real=0.00s
[2024-08-28T13:06:19.842+0000][info][gc,marking     ] GC(747) Concurrent Mark 29.448ms
[2024-08-28T13:06:19.842+0000][info][gc,marking     ] GC(747) Concurrent Rebuild Remembered Sets
[2024-08-28T13:06:19.850+0000][info][gc,start       ] GC(748) Pause Young (Normal) (G1 Evacuation Pause)
[2024-08-28T13:06:19.851+0000][info][gc,task        ] GC(748) Using 24 workers of 68 for evacuation
[2024-08-28T13:06:19.862+0000][info][gc,phases      ] GC(748)   Pre Evacuate Collection Set: 0.1ms
[2024-08-28T13:06:19.862+0000][info][gc,phases      ] GC(748)   Merge Heap Roots: 0.4ms
[2024-08-28T13:06:19.862+0000][info][gc,phases      ] GC(748)   Evacuate Collection Set: 10.5ms
[2024-08-28T13:06:19.862+0000][info][gc,phases      ] GC(748)   Post Evacuate Collection Set: 0.5ms
[2024-08-28T13:06:19.862+0000][info][gc,phases      ] GC(748)   Other: 0.2ms
[2024-08-28T13:06:19.862+0000][info][gc,heap        ] GC(748) Eden regions: 44->0(44)
[2024-08-28T13:06:19.862+0000][info][gc,heap        ] GC(748) Survivor regions: 7->7(7)
[2024-08-28T13:06:19.862+0000][info][gc,heap        ] GC(748) Old regions: 814->861
[2024-08-28T13:06:19.862+0000][info][gc,heap        ] GC(748) Archive regions: 2->2
[2024-08-28T13:06:19.862+0000][info][gc,heap        ] GC(748) Humongous regions: 5->5
[2024-08-28T13:06:19.862+0000][info][gc,metaspace   ] GC(748) Metaspace: 100K(320K)->100K(320K) NonClass: 96K(192K)->96K(192K) Class: 4K(128K)->4K(128K)
[2024-08-28T13:06:19.862+0000][info][gc             ] GC(748) Pause Young (Normal) (G1 Evacuation Pause) 870M->873M(1024M) 11.809ms
[2024-08-28T13:06:19.862+0000][info][gc,cpu         ] GC(748) User=0.25s Sys=0.02s Real=0.01s
[2024-08-28T13:06:19.895+0000][info][gc,start       ] GC(749) Pause Young (Normal) (G1 Evacuation Pause)
[2024-08-28T13:06:19.895+0000][info][gc,task        ] GC(749) Using 24 workers of 68 for evacuation
[2024-08-28T13:06:19.911+0000][info][gc,phases      ] GC(749)   Pre Evacuate Collection Set: 0.1ms
[2024-08-28T13:06:19.911+0000][info][gc,phases      ] GC(749)   Merge Heap Roots: 0.3ms
[2024-08-28T13:06:19.911+0000][info][gc,phases      ] GC(749)   Evacuate Collection Set: 14.8ms
[2024-08-28T13:06:19.911+0000][info][gc,phases      ] GC(749)   Post Evacuate Collection Set: 0.5ms
[2024-08-28T13:06:19.911+0000][info][gc,phases      ] GC(749)   Other: 0.2ms
[2024-08-28T13:06:19.911+0000][info][gc,heap        ] GC(749) Eden regions: 44->0(44)
[2024-08-28T13:06:19.911+0000][info][gc,heap        ] GC(749) Survivor regions: 7->7(7)
[2024-08-28T13:06:19.911+0000][info][gc,heap        ] GC(749) Old regions: 861->907
[2024-08-28T13:06:19.911+0000][info][gc,heap        ] GC(749) Archive regions: 2->2
[2024-08-28T13:06:19.911+0000][info][gc,heap        ] GC(749) Humongous regions: 5->5
[2024-08-28T13:06:19.911+0000][info][gc,metaspace   ] GC(749) Metaspace: 100K(320K)->100K(320K) NonClass: 96K(192K)->96K(192K) Class: 4K(128K)->4K(128K)
[2024-08-28T13:06:19.911+0000][info][gc             ] GC(749) Pause Young (Normal) (G1 Evacuation Pause) 917M->919M(1024M) 16.125ms
[2024-08-28T13:06:19.911+0000][info][gc,cpu         ] GC(749) User=0.37s Sys=0.00s Real=0.02s
[2024-08-28T13:06:19.925+0000][info][gc,marking     ] GC(747) Concurrent Rebuild Remembered Sets 83.617ms
[2024-08-28T13:06:19.926+0000][info][gc,start       ] GC(747) Pause Cleanup
[2024-08-28T13:06:19.927+0000][info][gc             ] GC(747) Pause Cleanup 938M->938M(1024M) 1.564ms
[2024-08-28T13:06:19.927+0000][info][gc,cpu         ] GC(747) User=0.00s Sys=0.00s Real=0.00s
[2024-08-28T13:06:19.927+0000][info][gc,marking     ] GC(747) Concurrent Cleanup for Next Mark
[2024-08-28T13:06:19.928+0000][info][gc,marking     ] GC(747) Concurrent Cleanup for Next Mark 0.955ms
[2024-08-28T13:06:19.928+0000][info][gc             ] GC(747) Concurrent Mark Cycle 117.928ms
[2024-08-28T13:06:19.944+0000][info][gc,start       ] GC(750) Pause Young (Prepare Mixed) (G1 Evacuation Pause)
[2024-08-28T13:06:19.945+0000][info][gc,task        ] GC(750) Using 24 workers of 68 for evacuation
[2024-08-28T13:06:19.962+0000][info][gc,phases      ] GC(750)   Pre Evacuate Collection Set: 0.2ms
[2024-08-28T13:06:19.962+0000][info][gc,phases      ] GC(750)   Merge Heap Roots: 0.7ms
[2024-08-28T13:06:19.962+0000][info][gc,phases      ] GC(750)   Evacuate Collection Set: 16.4ms
[2024-08-28T13:06:19.962+0000][info][gc,phases      ] GC(750)   Post Evacuate Collection Set: 0.3ms
[2024-08-28T13:06:19.962+0000][info][gc,phases      ] GC(750)   Other: 0.2ms
[2024-08-28T13:06:19.962+0000][info][gc,heap        ] GC(750) Eden regions: 44->0(44)
[2024-08-28T13:06:19.962+0000][info][gc,heap        ] GC(750) Survivor regions: 7->7(7)
[2024-08-28T13:06:19.962+0000][info][gc,heap        ] GC(750) Old regions: 907->953
[2024-08-28T13:06:19.962+0000][info][gc,heap        ] GC(750) Archive regions: 2->2
[2024-08-28T13:06:19.962+0000][info][gc,heap        ] GC(750) Humongous regions: 5->5
[2024-08-28T13:06:19.962+0000][info][gc,metaspace   ] GC(750) Metaspace: 100K(320K)->100K(320K) NonClass: 96K(192K)->96K(192K) Class: 4K(128K)->4K(128K)
[2024-08-28T13:06:19.962+0000][info][gc             ] GC(750) Pause Young (Prepare Mixed) (G1 Evacuation Pause) 963M->965M(1024M) 17.809ms
[2024-08-28T13:06:19.962+0000][info][gc,cpu         ] GC(750) User=0.41s Sys=0.00s Real=0.02s
[2024-08-28T13:06:19.976+0000][info][gc,start       ] GC(751) Pause Young (Mixed) (G1 Preventive Collection)
[2024-08-28T13:06:19.976+0000][info][gc,task        ] GC(751) Using 24 workers of 68 for evacuation
[2024-08-28T13:06:19.985+0000][info][gc,phases      ] GC(751)   Pre Evacuate Collection Set: 0.2ms
[2024-08-28T13:06:19.985+0000][info][gc,phases      ] GC(751)   Merge Heap Roots: 0.4ms
[2024-08-28T13:06:19.985+0000][info][gc,phases      ] GC(751)   Evacuate Collection Set: 8.1ms
[2024-08-28T13:06:19.985+0000][info][gc,phases      ] GC(751)   Post Evacuate Collection Set: 0.4ms
[2024-08-28T13:06:19.985+0000][info][gc,phases      ] GC(751)   Other: 0.2ms
[2024-08-28T13:06:19.985+0000][info][gc,heap        ] GC(751) Eden regions: 23->0(44)
[2024-08-28T13:06:19.985+0000][info][gc,heap        ] GC(751) Survivor regions: 7->7(7)
[2024-08-28T13:06:19.985+0000][info][gc,heap        ] GC(751) Old regions: 953->877
[2024-08-28T13:06:19.985+0000][info][gc,heap        ] GC(751) Archive regions: 2->2
[2024-08-28T13:06:19.985+0000][info][gc,heap        ] GC(751) Humongous regions: 5->5
[2024-08-28T13:06:19.985+0000][info][gc,metaspace   ] GC(751) Metaspace: 100K(320K)->100K(320K) NonClass: 96K(192K)->96K(192K) Class: 4K(128K)->4K(128K)
[2024-08-28T13:06:19.985+0000][info][gc             ] GC(751) Pause Young (Mixed) (G1 Preventive Collection) 988M->889M(1024M) 9.225ms
[2024-08-28T13:06:19.985+0000][info][gc,cpu         ] GC(751) User=0.20s Sys=0.00s Real=0.01s
[2024-08-28T13:06:20.011+0000][info][gc,start       ] GC(752) Pause Young (Mixed) (G1 Evacuation Pause)
[2024-08-28T13:06:20.012+0000][info][gc,task        ] GC(752) Using 24 workers of 68 for evacuation
[2024-08-28T13:06:20.024+0000][info][gc,phases      ] GC(752)   Pre Evacuate Collection Set: 0.2ms
[2024-08-28T13:06:20.024+0000][info][gc,phases      ] GC(752)   Merge Heap Roots: 0.5ms
[2024-08-28T13:06:20.024+0000][info][gc,phases      ] GC(752)   Evacuate Collection Set: 11.0ms
[2024-08-28T13:06:20.024+0000][info][gc,phases      ] GC(752)   Post Evacuate Collection Set: 0.5ms
[2024-08-28T13:06:20.024+0000][info][gc,phases      ] GC(752)   Other: 0.3ms
[2024-08-28T13:06:20.024+0000][info][gc,heap        ] GC(752) Eden regions: 44->0(44)
[2024-08-28T13:06:20.024+0000][info][gc,heap        ] GC(752) Survivor regions: 7->7(7)
[2024-08-28T13:06:20.024+0000][info][gc,heap        ] GC(752) Old regions: 877->820
[2024-08-28T13:06:20.024+0000][info][gc,heap        ] GC(752) Archive regions: 2->2
[2024-08-28T13:06:20.024+0000][info][gc,heap        ] GC(752) Humongous regions: 5->5
[2024-08-28T13:06:20.024+0000][info][gc,metaspace   ] GC(752) Metaspace: 100K(320K)->100K(320K) NonClass: 96K(192K)->96K(192K) Class: 4K(128K)->4K(128K)
[2024-08-28T13:06:20.024+0000][info][gc             ] GC(752) Pause Young (Mixed) (G1 Evacuation Pause) 933M->832M(1024M) 12.563ms
[2024-08-28T13:06:20.024+0000][info][gc,cpu         ] GC(752) User=0.27s Sys=0.00s Real=0.01s
[2024-08-28T13:06:20.051+0000][info][gc,start       ] GC(753) Pause Young (Mixed) (G1 Evacuation Pause)
[2024-08-28T13:06:20.051+0000][info][gc,task        ] GC(753) Using 24 workers of 68 for evacuation
[2024-08-28T13:06:20.063+0000][info][gc,phases      ] GC(753)   Pre Evacuate Collection Set: 0.2ms
[2024-08-28T13:06:20.063+0000][info][gc,phases      ] GC(753)   Merge Heap Roots: 0.4ms
[2024-08-28T13:06:20.063+0000][info][gc,phases      ] GC(753)   Evacuate Collection Set: 11.1ms
[2024-08-28T13:06:20.063+0000][info][gc,phases      ] GC(753)   Post Evacuate Collection Set: 0.5ms
[2024-08-28T13:06:20.063+0000][info][gc,phases      ] GC(753)   Other: 0.3ms
[2024-08-28T13:06:20.063+0000][info][gc,heap        ] GC(753) Eden regions: 44->0(44)
[2024-08-28T13:06:20.063+0000][info][gc,heap        ] GC(753) Survivor regions: 7->7(7)
[2024-08-28T13:06:20.063+0000][info][gc,heap        ] GC(753) Old regions: 820->763
[2024-08-28T13:06:20.063+0000][info][gc,heap        ] GC(753) Archive regions: 2->2
[2024-08-28T13:06:20.063+0000][info][gc,heap        ] GC(753) Humongous regions: 5->5
[2024-08-28T13:06:20.063+0000][info][gc,metaspace   ] GC(753) Metaspace: 100K(320K)->100K(320K) NonClass: 96K(192K)->96K(192K) Class: 4K(128K)->4K(128K)
[2024-08-28T13:06:20.063+0000][info][gc             ] GC(753) Pause Young (Mixed) (G1 Evacuation Pause) 876M->775M(1024M) 12.604ms
[2024-08-28T13:06:20.063+0000][info][gc,cpu         ] GC(753) User=0.28s Sys=0.00s Real=0.01s
[2024-08-28T13:06:20.090+0000][info][gc,start       ] GC(754) Pause Young (Mixed) (G1 Evacuation Pause)
[2024-08-28T13:06:20.090+0000][info][gc,task        ] GC(754) Using 24 workers of 68 for evacuation
[2024-08-28T13:06:20.103+0000][info][gc,phases      ] GC(754)   Pre Evacuate Collection Set: 0.2ms
[2024-08-28T13:06:20.103+0000][info][gc,phases      ] GC(754)   Merge Heap Roots: 0.4ms
[2024-08-28T13:06:20.103+0000][info][gc,phases      ] GC(754)   Evacuate Collection Set: 11.5ms
[2024-08-28T13:06:20.103+0000][info][gc,phases      ] GC(754)   Post Evacuate Collection Set: 0.4ms
[2024-08-28T13:06:20.103+0000][info][gc,phases      ] GC(754)   Other: 0.3ms
[2024-08-28T13:06:20.103+0000][info][gc,heap        ] GC(754) Eden regions: 44->0(44)
[2024-08-28T13:06:20.103+0000][info][gc,heap        ] GC(754) Survivor regions: 7->7(7)
[2024-08-28T13:06:20.103+0000][info][gc,heap        ] GC(754) Old regions: 763->792
[2024-08-28T13:06:20.103+0000][info][gc,heap        ] GC(754) Archive regions: 2->2
[2024-08-28T13:06:20.103+0000][info][gc,heap        ] GC(754) Humongous regions: 5->5
[2024-08-28T13:06:20.103+0000][info][gc,metaspace   ] GC(754) Metaspace: 100K(320K)->100K(320K) NonClass: 96K(192K)->96K(192K) Class: 4K(128K)->4K(128K)
[2024-08-28T13:06:20.103+0000][info][gc             ] GC(754) Pause Young (Mixed) (G1 Evacuation Pause) 819M->804M(1024M) 13.002ms
[2024-08-28T13:06:20.103+0000][info][gc,cpu         ] GC(754) User=0.28s Sys=0.00s Real=0.01s
[2024-08-28T13:06:20.130+0000][info][gc,start       ] GC(755) Pause Young (Concurrent Start) (G1 Evacuation Pause)
[2024-08-28T13:06:20.130+0000][info][gc,task        ] GC(755) Using 24 workers of 68 for evacuation
[2024-08-28T13:06:20.142+0000][info][gc,phases      ] GC(755)   Pre Evacuate Collection Set: 0.2ms
[2024-08-28T13:06:20.142+0000][info][gc,phases      ] GC(755)   Merge Heap Roots: 0.4ms
[2024-08-28T13:06:20.142+0000][info][gc,phases      ] GC(755)   Evacuate Collection Set: 10.4ms
[2024-08-28T13:06:20.142+0000][info][gc,phases      ] GC(755)   Post Evacuate Collection Set: 0.4ms
[2024-08-28T13:06:20.142+0000][info][gc,phases      ] GC(755)   Other: 1.0ms
[2024-08-28T13:06:20.142+0000][info][gc,heap        ] GC(755) Eden regions: 44->0(44)
[2024-08-28T13:06:20.142+0000][info][gc,heap        ] GC(755) Survivor regions: 7->7(7)
[2024-08-28T13:06:20.142+0000][info][gc,heap        ] GC(755) Old regions: 792->839
[2024-08-28T13:06:20.142+0000][info][gc,heap        ] GC(755) Archive regions: 2->2
[2024-08-28T13:06:20.142+0000][info][gc,heap        ] GC(755) Humongous regions: 5->5
[2024-08-28T13:06:20.143+0000][info][gc,metaspace   ] GC(755) Metaspace: 100K(320K)->100K(320K) NonClass: 96K(192K)->96K(192K) Class: 4K(128K)->4K(128K)
[2024-08-28T13:06:20.143+0000][info][gc             ] GC(755) Pause Young (Concurrent Start) (G1 Evacuation Pause) 848M->851M(1024M) 12.468ms
[2024-08-28T13:06:20.143+0000][info][gc,cpu         ] GC(755) User=0.25s Sys=0.00s Real=0.01s
[2024-08-28T13:06:20.143+0000][info][gc             ] GC(756) Concurrent Mark Cycle
[2024-08-28T13:06:20.143+0000][info][gc,marking     ] GC(756) Concurrent Clear Claimed Marks
[2024-08-28T13:06:20.143+0000][info][gc,marking     ] GC(756) Concurrent Clear Claimed Marks 0.012ms
[2024-08-28T13:06:20.143+0000][info][gc,marking     ] GC(756) Concurrent Scan Root Regions
[2024-08-28T13:06:20.145+0000][info][gc,marking     ] GC(756) Concurrent Scan Root Regions 1.867ms
[2024-08-28T13:06:20.145+0000][info][gc,marking     ] GC(756) Concurrent Mark
[2024-08-28T13:06:20.145+0000][info][gc,marking     ] GC(756) Concurrent Mark From Roots
[2024-08-28T13:06:20.145+0000][info][gc,task        ] GC(756) Using 17 workers of 17 for marking
[2024-08-28T13:06:20.170+0000][info][gc,marking     ] GC(756) Concurrent Mark From Roots 25.501ms
[2024-08-28T13:06:20.170+0000][info][gc,marking     ] GC(756) Concurrent Preclean
[2024-08-28T13:06:20.171+0000][info][gc,marking     ] GC(756) Concurrent Preclean 0.676ms
[2024-08-28T13:06:20.171+0000][info][gc,start       ] GC(756) Pause Remark
[2024-08-28T13:06:20.172+0000][info][gc             ] GC(756) Pause Remark 883M->883M(1024M) 1.192ms
[2024-08-28T13:06:20.172+0000][info][gc,cpu         ] GC(756) User=0.01s Sys=0.00s Real=0.00s
[2024-08-28T13:06:20.172+0000][info][gc,marking     ] GC(756) Concurrent Mark 27.729ms
[2024-08-28T13:06:20.172+0000][info][gc,marking     ] GC(756) Concurrent Rebuild Remembered Sets
[2024-08-28T13:06:20.181+0000][info][gc,start       ] GC(757) Pause Young (Normal) (G1 Evacuation Pause)
[2024-08-28T13:06:20.181+0000][info][gc,task        ] GC(757) Using 24 workers of 68 for evacuation
[2024-08-28T13:06:20.193+0000][info][gc,phases      ] GC(757)   Pre Evacuate Collection Set: 0.2ms
[2024-08-28T13:06:20.193+0000][info][gc,phases      ] GC(757)   Merge Heap Roots: 0.2ms
[2024-08-28T13:06:20.193+0000][info][gc,phases      ] GC(757)   Evacuate Collection Set: 10.3ms
[2024-08-28T13:06:20.193+0000][info][gc,phases      ] GC(757)   Post Evacuate Collection Set: 0.5ms
[2024-08-28T13:06:20.193+0000][info][gc,phases      ] GC(757)   Other: 0.2ms
[2024-08-28T13:06:20.193+0000][info][gc,heap        ] GC(757) Eden regions: 44->0(44)
[2024-08-28T13:06:20.193+0000][info][gc,heap        ] GC(757) Survivor regions: 7->7(7)
[2024-08-28T13:06:20.193+0000][info][gc,heap        ] GC(757) Old regions: 839->887
[2024-08-28T13:06:20.193+0000][info][gc,heap        ] GC(757) Archive regions: 2->2
[2024-08-28T13:06:20.193+0000][info][gc,heap        ] GC(757) Humongous regions: 5->5
[2024-08-28T13:06:20.193+0000][info][gc,metaspace   ] GC(757) Metaspace: 100K(320K)->100K(320K) NonClass: 96K(192K)->96K(192K) Class: 4K(128K)->4K(128K)
[2024-08-28T13:06:20.193+0000][info][gc             ] GC(757) Pause Young (Normal) (G1 Evacuation Pause) 895M->899M(1024M) 11.552ms
[2024-08-28T13:06:20.193+0000][info][gc,cpu         ] GC(757) User=0.25s Sys=0.01s Real=0.01s
[2024-08-28T13:06:20.225+0000][info][gc,start       ] GC(758) Pause Young (Normal) (G1 Evacuation Pause)
[2024-08-28T13:06:20.225+0000][info][gc,task        ] GC(758) Using 24 workers of 68 for evacuation
[2024-08-28T13:06:20.241+0000][info][gc,phases      ] GC(758)   Pre Evacuate Collection Set: 0.2ms
[2024-08-28T13:06:20.241+0000][info][gc,phases      ] GC(758)   Merge Heap Roots: 0.5ms
[2024-08-28T13:06:20.241+0000][info][gc,phases      ] GC(758)   Evacuate Collection Set: 14.8ms
[2024-08-28T13:06:20.241+0000][info][gc,phases      ] GC(758)   Post Evacuate Collection Set: 0.6ms
[2024-08-28T13:06:20.241+0000][info][gc,phases      ] GC(758)   Other: 0.3ms
[2024-08-28T13:06:20.241+0000][info][gc,heap        ] GC(758) Eden regions: 44->0(44)
[2024-08-28T13:06:20.241+0000][info][gc,heap        ] GC(758) Survivor regions: 7->7(7)
[2024-08-28T13:06:20.241+0000][info][gc,heap        ] GC(758) Old regions: 887->933
[2024-08-28T13:06:20.241+0000][info][gc,heap        ] GC(758) Archive regions: 2->2
[2024-08-28T13:06:20.241+0000][info][gc,heap        ] GC(758) Humongous regions: 5->5
[2024-08-28T13:06:20.241+0000][info][gc,metaspace   ] GC(758) Metaspace: 100K(320K)->100K(320K) NonClass: 96K(192K)->96K(192K) Class: 4K(128K)->4K(128K)
[2024-08-28T13:06:20.241+0000][info][gc             ] GC(758) Pause Young (Normal) (G1 Evacuation Pause) 943M->945M(1024M) 16.423ms
[2024-08-28T13:06:20.241+0000][info][gc,cpu         ] GC(758) User=0.37s Sys=0.00s Real=0.02s
[2024-08-28T13:06:20.259+0000][info][gc,marking     ] GC(756) Concurrent Rebuild Remembered Sets 86.561ms
[2024-08-28T13:06:20.259+0000][info][gc,start       ] GC(756) Pause Cleanup
[2024-08-28T13:06:20.262+0000][info][gc             ] GC(756) Pause Cleanup 970M->970M(1024M) 3.102ms
[2024-08-28T13:06:20.262+0000][info][gc,cpu         ] GC(756) User=0.01s Sys=0.00s Real=0.00s
[2024-08-28T13:06:20.263+0000][info][gc,marking     ] GC(756) Concurrent Cleanup for Next Mark
[2024-08-28T13:06:20.264+0000][info][gc,marking     ] GC(756) Concurrent Cleanup for Next Mark 0.979ms
[2024-08-28T13:06:20.264+0000][info][gc             ] GC(756) Concurrent Mark Cycle 120.956ms
[2024-08-28T13:06:20.269+0000][info][gc,start       ] GC(759) Pause Young (Prepare Mixed) (G1 Preventive Collection)
[2024-08-28T13:06:20.269+0000][info][gc,task        ] GC(759) Using 24 workers of 68 for evacuation
[2024-08-28T13:06:20.285+0000][info][gc,phases      ] GC(759)   Pre Evacuate Collection Set: 0.2ms
[2024-08-28T13:06:20.285+0000][info][gc,phases      ] GC(759)   Merge Heap Roots: 0.7ms
[2024-08-28T13:06:20.285+0000][info][gc,phases      ] GC(759)   Evacuate Collection Set: 14.8ms
[2024-08-28T13:06:20.285+0000][info][gc,phases      ] GC(759)   Post Evacuate Collection Set: 0.4ms
[2024-08-28T13:06:20.285+0000][info][gc,phases      ] GC(759)   Other: 0.3ms
[2024-08-28T13:06:20.285+0000][info][gc,heap        ] GC(759) Eden regions: 33->0(44)
[2024-08-28T13:06:20.285+0000][info][gc,heap        ] GC(759) Survivor regions: 7->7(7)
[2024-08-28T13:06:20.285+0000][info][gc,heap        ] GC(759) Old regions: 933->968
[2024-08-28T13:06:20.285+0000][info][gc,heap        ] GC(759) Archive regions: 2->2
[2024-08-28T13:06:20.285+0000][info][gc,heap        ] GC(759) Humongous regions: 5->5
[2024-08-28T13:06:20.285+0000][info][gc,metaspace   ] GC(759) Metaspace: 100K(320K)->100K(320K) NonClass: 96K(192K)->96K(192K) Class: 4K(128K)->4K(128K)
[2024-08-28T13:06:20.285+0000][info][gc             ] GC(759) Pause Young (Prepare Mixed) (G1 Preventive Collection) 978M->980M(1024M) 16.500ms
[2024-08-28T13:06:20.285+0000][info][gc,cpu         ] GC(759) User=0.37s Sys=0.00s Real=0.02s
[2024-08-28T13:06:20.296+0000][info][gc,start       ] GC(760) Pause Young (Mixed) (G1 Preventive Collection)
[2024-08-28T13:06:20.296+0000][info][gc,task        ] GC(760) Using 24 workers of 68 for evacuation
[2024-08-28T13:06:20.303+0000][info][gc,phases      ] GC(760)   Pre Evacuate Collection Set: 0.2ms
[2024-08-28T13:06:20.303+0000][info][gc,phases      ] GC(760)   Merge Heap Roots: 0.2ms
[2024-08-28T13:06:20.303+0000][info][gc,phases      ] GC(760)   Evacuate Collection Set: 6.4ms
[2024-08-28T13:06:20.303+0000][info][gc,phases      ] GC(760)   Post Evacuate Collection Set: 0.4ms
[2024-08-28T13:06:20.303+0000][info][gc,phases      ] GC(760)   Other: 0.3ms
[2024-08-28T13:06:20.303+0000][info][gc,heap        ] GC(760) Eden regions: 16->0(44)
[2024-08-28T13:06:20.303+0000][info][gc,heap        ] GC(760) Survivor regions: 7->7(7)
[2024-08-28T13:06:20.303+0000][info][gc,heap        ] GC(760) Old regions: 968->884
[2024-08-28T13:06:20.303+0000][info][gc,heap        ] GC(760) Archive regions: 2->2
[2024-08-28T13:06:20.304+0000][info][gc,heap        ] GC(760) Humongous regions: 5->5
[2024-08-28T13:06:20.304+0000][info][gc,metaspace   ] GC(760) Metaspace: 100K(320K)->100K(320K) NonClass: 96K(192K)->96K(192K) Class: 4K(128K)->4K(128K)
[2024-08-28T13:06:20.304+0000][info][gc             ] GC(760) Pause Young (Mixed) (G1 Preventive Collection) 996M->896M(1024M) 7.720ms
[2024-08-28T13:06:20.304+0000][info][gc,cpu         ] GC(760) User=0.16s Sys=0.00s Real=0.01s
[2024-08-28T13:06:20.330+0000][info][gc,start       ] GC(761) Pause Young (Mixed) (G1 Evacuation Pause)
[2024-08-28T13:06:20.330+0000][info][gc,task        ] GC(761) Using 24 workers of 68 for evacuation
[2024-08-28T13:06:20.342+0000][info][gc,phases      ] GC(761)   Pre Evacuate Collection Set: 0.3ms
[2024-08-28T13:06:20.342+0000][info][gc,phases      ] GC(761)   Merge Heap Roots: 0.4ms
[2024-08-28T13:06:20.342+0000][info][gc,phases      ] GC(761)   Evacuate Collection Set: 10.5ms
[2024-08-28T13:06:20.342+0000][info][gc,phases      ] GC(761)   Post Evacuate Collection Set: 0.5ms
[2024-08-28T13:06:20.342+0000][info][gc,phases      ] GC(761)   Other: 0.3ms
[2024-08-28T13:06:20.342+0000][info][gc,heap        ] GC(761) Eden regions: 44->0(44)
[2024-08-28T13:06:20.342+0000][info][gc,heap        ] GC(761) Survivor regions: 7->7(7)
[2024-08-28T13:06:20.342+0000][info][gc,heap        ] GC(761) Old regions: 884->826
[2024-08-28T13:06:20.342+0000][info][gc,heap        ] GC(761) Archive regions: 2->2
[2024-08-28T13:06:20.342+0000][info][gc,heap        ] GC(761) Humongous regions: 5->5
[2024-08-28T13:06:20.342+0000][info][gc,metaspace   ] GC(761) Metaspace: 100K(320K)->100K(320K) NonClass: 96K(192K)->96K(192K) Class: 4K(128K)->4K(128K)
[2024-08-28T13:06:20.342+0000][info][gc             ] GC(761) Pause Young (Mixed) (G1 Evacuation Pause) 940M->838M(1024M) 12.068ms
[2024-08-28T13:06:20.342+0000][info][gc,cpu         ] GC(761) User=0.26s Sys=0.00s Real=0.01s
[2024-08-28T13:06:20.369+0000][info][gc,start       ] GC(762) Pause Young (Mixed) (G1 Evacuation Pause)
[2024-08-28T13:06:20.369+0000][info][gc,task        ] GC(762) Using 24 workers of 68 for evacuation
[2024-08-28T13:06:20.382+0000][info][gc,phases      ] GC(762)   Pre Evacuate Collection Set: 0.3ms
[2024-08-28T13:06:20.382+0000][info][gc,phases      ] GC(762)   Merge Heap Roots: 0.3ms
[2024-08-28T13:06:20.382+0000][info][gc,phases      ] GC(762)   Evacuate Collection Set: 11.0ms
[2024-08-28T13:06:20.382+0000][info][gc,phases      ] GC(762)   Post Evacuate Collection Set: 0.5ms
[2024-08-28T13:06:20.382+0000][info][gc,phases      ] GC(762)   Other: 0.4ms
[2024-08-28T13:06:20.382+0000][info][gc,heap        ] GC(762) Eden regions: 44->0(44)
[2024-08-28T13:06:20.382+0000][info][gc,heap        ] GC(762) Survivor regions: 7->7(7)
[2024-08-28T13:06:20.382+0000][info][gc,heap        ] GC(762) Old regions: 826->769
[2024-08-28T13:06:20.382+0000][info][gc,heap        ] GC(762) Archive regions: 2->2
[2024-08-28T13:06:20.382+0000][info][gc,heap        ] GC(762) Humongous regions: 5->5
[2024-08-28T13:06:20.382+0000][info][gc,metaspace   ] GC(762) Metaspace: 100K(320K)->100K(320K) NonClass: 96K(192K)->96K(192K) Class: 4K(128K)->4K(128K)
[2024-08-28T13:06:20.382+0000][info][gc             ] GC(762) Pause Young (Mixed) (G1 Evacuation Pause) 882M->781M(1024M) 12.654ms
[2024-08-28T13:06:20.382+0000][info][gc,cpu         ] GC(762) User=0.26s Sys=0.01s Real=0.02s
[2024-08-28T13:06:20.410+0000][info][gc,start       ] GC(763) Pause Young (Mixed) (G1 Evacuation Pause)
[2024-08-28T13:06:20.410+0000][info][gc,task        ] GC(763) Using 24 workers of 68 for evacuation
[2024-08-28T13:06:20.422+0000][info][gc,phases      ] GC(763)   Pre Evacuate Collection Set: 0.2ms
[2024-08-28T13:06:20.422+0000][info][gc,phases      ] GC(763)   Merge Heap Roots: 0.4ms
[2024-08-28T13:06:20.422+0000][info][gc,phases      ] GC(763)   Evacuate Collection Set: 10.7ms
[2024-08-28T13:06:20.422+0000][info][gc,phases      ] GC(763)   Post Evacuate Collection Set: 0.4ms
[2024-08-28T13:06:20.422+0000][info][gc,phases      ] GC(763)   Other: 0.4ms
[2024-08-28T13:06:20.422+0000][info][gc,heap        ] GC(763) Eden regions: 44->0(44)
[2024-08-28T13:06:20.422+0000][info][gc,heap        ] GC(763) Survivor regions: 7->7(7)
[2024-08-28T13:06:20.422+0000][info][gc,heap        ] GC(763) Old regions: 769->779
[2024-08-28T13:06:20.422+0000][info][gc,heap        ] GC(763) Archive regions: 2->2
[2024-08-28T13:06:20.422+0000][info][gc,heap        ] GC(763) Humongous regions: 5->5
[2024-08-28T13:06:20.422+0000][info][gc,metaspace   ] GC(763) Metaspace: 100K(320K)->100K(320K) NonClass: 96K(192K)->96K(192K) Class: 4K(128K)->4K(128K)
[2024-08-28T13:06:20.422+0000][info][gc             ] GC(763) Pause Young (Mixed) (G1 Evacuation Pause) 825M->791M(1024M) 12.151ms
[2024-08-28T13:06:20.422+0000][info][gc,cpu         ] GC(763) User=0.26s Sys=0.01s Real=0.01s
[2024-08-28T13:06:20.449+0000][info][gc,start       ] GC(764) Pause Young (Concurrent Start) (G1 Evacuation Pause)
[2024-08-28T13:06:20.449+0000][info][gc,task        ] GC(764) Using 24 workers of 68 for evacuation
[2024-08-28T13:06:20.462+0000][info][gc,phases      ] GC(764)   Pre Evacuate Collection Set: 0.2ms
[2024-08-28T13:06:20.462+0000][info][gc,phases      ] GC(764)   Merge Heap Roots: 0.4ms
[2024-08-28T13:06:20.462+0000][info][gc,phases      ] GC(764)   Evacuate Collection Set: 11.0ms
[2024-08-28T13:06:20.462+0000][info][gc,phases      ] GC(764)   Post Evacuate Collection Set: 0.4ms
[2024-08-28T13:06:20.462+0000][info][gc,phases      ] GC(764)   Other: 1.0ms
[2024-08-28T13:06:20.462+0000][info][gc,heap        ] GC(764) Eden regions: 44->0(44)
[2024-08-28T13:06:20.462+0000][info][gc,heap        ] GC(764) Survivor regions: 7->7(7)
[2024-08-28T13:06:20.462+0000][info][gc,heap        ] GC(764) Old regions: 779->825
[2024-08-28T13:06:20.462+0000][info][gc,heap        ] GC(764) Archive regions: 2->2
[2024-08-28T13:06:20.462+0000][info][gc,heap        ] GC(764) Humongous regions: 5->5
[2024-08-28T13:06:20.462+0000][info][gc,metaspace   ] GC(764) Metaspace: 100K(320K)->100K(320K) NonClass: 96K(192K)->96K(192K) Class: 4K(128K)->4K(128K)
[2024-08-28T13:06:20.462+0000][info][gc             ] GC(764) Pause Young (Concurrent Start) (G1 Evacuation Pause) 835M->837M(1024M) 13.192ms
[2024-08-28T13:06:20.462+0000][info][gc,cpu         ] GC(764) User=0.26s Sys=0.01s Real=0.02s
[2024-08-28T13:06:20.462+0000][info][gc             ] GC(765) Concurrent Mark Cycle
[2024-08-28T13:06:20.463+0000][info][gc,marking     ] GC(765) Concurrent Clear Claimed Marks
[2024-08-28T13:06:20.463+0000][info][gc,marking     ] GC(765) Concurrent Clear Claimed Marks 0.009ms
[2024-08-28T13:06:20.463+0000][info][gc,marking     ] GC(765) Concurrent Scan Root Regions
[2024-08-28T13:06:20.464+0000][info][gc,marking     ] GC(765) Concurrent Scan Root Regions 1.800ms
[2024-08-28T13:06:20.464+0000][info][gc,marking     ] GC(765) Concurrent Mark
[2024-08-28T13:06:20.464+0000][info][gc,marking     ] GC(765) Concurrent Mark From Roots
[2024-08-28T13:06:20.464+0000][info][gc,task        ] GC(765) Using 17 workers of 17 for marking
[2024-08-28T13:06:20.491+0000][info][gc,marking     ] GC(765) Concurrent Mark From Roots 26.614ms
[2024-08-28T13:06:20.491+0000][info][gc,marking     ] GC(765) Concurrent Preclean
[2024-08-28T13:06:20.492+0000][info][gc,marking     ] GC(765) Concurrent Preclean 0.643ms
[2024-08-28T13:06:20.492+0000][info][gc,start       ] GC(765) Pause Remark
[2024-08-28T13:06:20.494+0000][info][gc             ] GC(765) Pause Remark 869M->869M(1024M) 1.848ms
[2024-08-28T13:06:20.494+0000][info][gc,cpu         ] GC(765) User=0.00s Sys=0.00s Real=0.00s
[2024-08-28T13:06:20.494+0000][info][gc,marking     ] GC(765) Concurrent Mark 29.644ms
[2024-08-28T13:06:20.494+0000][info][gc,marking     ] GC(765) Concurrent Rebuild Remembered Sets
[2024-08-28T13:06:20.503+0000][info][gc,start       ] GC(766) Pause Young (Normal) (G1 Evacuation Pause)
[2024-08-28T13:06:20.503+0000][info][gc,task        ] GC(766) Using 24 workers of 68 for evacuation
[2024-08-28T13:06:20.515+0000][info][gc,phases      ] GC(766)   Pre Evacuate Collection Set: 0.2ms
[2024-08-28T13:06:20.515+0000][info][gc,phases      ] GC(766)   Merge Heap Roots: 0.4ms
[2024-08-28T13:06:20.515+0000][info][gc,phases      ] GC(766)   Evacuate Collection Set: 10.5ms
[2024-08-28T13:06:20.515+0000][info][gc,phases      ] GC(766)   Post Evacuate Collection Set: 0.5ms
[2024-08-28T13:06:20.515+0000][info][gc,phases      ] GC(766)   Other: 0.3ms
[2024-08-28T13:06:20.515+0000][info][gc,heap        ] GC(766) Eden regions: 44->0(44)
[2024-08-28T13:06:20.515+0000][info][gc,heap        ] GC(766) Survivor regions: 7->7(7)
[2024-08-28T13:06:20.515+0000][info][gc,heap        ] GC(766) Old regions: 825->872
[2024-08-28T13:06:20.515+0000][info][gc,heap        ] GC(766) Archive regions: 2->2
[2024-08-28T13:06:20.515+0000][info][gc,heap        ] GC(766) Humongous regions: 5->5
[2024-08-28T13:06:20.515+0000][info][gc,metaspace   ] GC(766) Metaspace: 100K(320K)->100K(320K) NonClass: 96K(192K)->96K(192K) Class: 4K(128K)->4K(128K)
[2024-08-28T13:06:20.515+0000][info][gc             ] GC(766) Pause Young (Normal) (G1 Evacuation Pause) 881M->884M(1024M) 11.994ms
[2024-08-28T13:06:20.515+0000][info][gc,cpu         ] GC(766) User=0.26s Sys=0.00s Real=0.01s
[2024-08-28T13:06:20.548+0000][info][gc,start       ] GC(767) Pause Young (Normal) (G1 Evacuation Pause)
[2024-08-28T13:06:20.549+0000][info][gc,task        ] GC(767) Using 24 workers of 68 for evacuation
[2024-08-28T13:06:20.564+0000][info][gc,phases      ] GC(767)   Pre Evacuate Collection Set: 0.2ms
[2024-08-28T13:06:20.564+0000][info][gc,phases      ] GC(767)   Merge Heap Roots: 0.5ms
[2024-08-28T13:06:20.564+0000][info][gc,phases      ] GC(767)   Evacuate Collection Set: 14.3ms
[2024-08-28T13:06:20.564+0000][info][gc,phases      ] GC(767)   Post Evacuate Collection Set: 0.6ms
[2024-08-28T13:06:20.564+0000][info][gc,phases      ] GC(767)   Other: 0.3ms
[2024-08-28T13:06:20.564+0000][info][gc,heap        ] GC(767) Eden regions: 44->0(44)
[2024-08-28T13:06:20.564+0000][info][gc,heap        ] GC(767) Survivor regions: 7->7(7)
[2024-08-28T13:06:20.564+0000][info][gc,heap        ] GC(767) Old regions: 872->919
[2024-08-28T13:06:20.564+0000][info][gc,heap        ] GC(767) Archive regions: 2->2
[2024-08-28T13:06:20.564+0000][info][gc,heap        ] GC(767) Humongous regions: 5->5
[2024-08-28T13:06:20.564+0000][info][gc,metaspace   ] GC(767) Metaspace: 100K(320K)->100K(320K) NonClass: 96K(192K)->96K(192K) Class: 4K(128K)->4K(128K)
[2024-08-28T13:06:20.565+0000][info][gc             ] GC(767) Pause Young (Normal) (G1 Evacuation Pause) 928M->931M(1024M) 16.019ms
[2024-08-28T13:06:20.565+0000][info][gc,cpu         ] GC(767) User=0.35s Sys=0.00s Real=0.02s
[2024-08-28T13:06:20.581+0000][info][gc,marking     ] GC(765) Concurrent Rebuild Remembered Sets 87.035ms
[2024-08-28T13:06:20.582+0000][info][gc,start       ] GC(765) Pause Cleanup
[2024-08-28T13:06:20.585+0000][info][gc             ] GC(765) Pause Cleanup 954M->954M(1024M) 3.054ms
[2024-08-28T13:06:20.585+0000][info][gc,cpu         ] GC(765) User=0.01s Sys=0.01s Real=0.00s
[2024-08-28T13:06:20.585+0000][info][gc,marking     ] GC(765) Concurrent Cleanup for Next Mark
[2024-08-28T13:06:20.586+0000][info][gc,marking     ] GC(765) Concurrent Cleanup for Next Mark 0.933ms
[2024-08-28T13:06:20.586+0000][info][gc             ] GC(765) Concurrent Mark Cycle 123.211ms
[2024-08-28T13:06:20.598+0000][info][gc,start       ] GC(768) Pause Young (Prepare Mixed) (G1 Preventive Collection)
[2024-08-28T13:06:20.598+0000][info][gc,task        ] GC(768) Using 24 workers of 68 for evacuation
[2024-08-28T13:06:20.615+0000][info][gc,phases      ] GC(768)   Pre Evacuate Collection Set: 0.2ms
[2024-08-28T13:06:20.615+0000][info][gc,phases      ] GC(768)   Merge Heap Roots: 0.5ms
[2024-08-28T13:06:20.615+0000][info][gc,phases      ] GC(768)   Evacuate Collection Set: 16.6ms
[2024-08-28T13:06:20.615+0000][info][gc,phases      ] GC(768)   Post Evacuate Collection Set: 0.4ms
[2024-08-28T13:06:20.615+0000][info][gc,phases      ] GC(768)   Other: 0.3ms
[2024-08-28T13:06:20.615+0000][info][gc,heap        ] GC(768) Eden regions: 40->0(44)
[2024-08-28T13:06:20.615+0000][info][gc,heap        ] GC(768) Survivor regions: 7->7(7)
[2024-08-28T13:06:20.615+0000][info][gc,heap        ] GC(768) Old regions: 919->962
[2024-08-28T13:06:20.615+0000][info][gc,heap        ] GC(768) Archive regions: 2->2
[2024-08-28T13:06:20.615+0000][info][gc,heap        ] GC(768) Humongous regions: 5->5
[2024-08-28T13:06:20.616+0000][info][gc,metaspace   ] GC(768) Metaspace: 100K(320K)->100K(320K) NonClass: 96K(192K)->96K(192K) Class: 4K(128K)->4K(128K)
[2024-08-28T13:06:20.616+0000][info][gc             ] GC(768) Pause Young (Prepare Mixed) (G1 Preventive Collection) 971M->974M(1024M) 18.025ms
[2024-08-28T13:06:20.616+0000][info][gc,cpu         ] GC(768) User=0.40s Sys=0.00s Real=0.01s
[2024-08-28T13:06:20.629+0000][info][gc,start       ] GC(769) Pause Young (Mixed) (G1 Preventive Collection)
[2024-08-28T13:06:20.629+0000][info][gc,task        ] GC(769) Using 24 workers of 68 for evacuation
[2024-08-28T13:06:20.638+0000][info][gc             ] GC(769) To-space exhausted
[2024-08-28T13:06:20.638+0000][info][gc,phases      ] GC(769)   Pre Evacuate Collection Set: 0.2ms
[2024-08-28T13:06:20.638+0000][info][gc,phases      ] GC(769)   Merge Heap Roots: 0.4ms
[2024-08-28T13:06:20.638+0000][info][gc,phases      ] GC(769)   Evacuate Collection Set: 7.4ms
[2024-08-28T13:06:20.638+0000][info][gc,phases      ] GC(769)   Post Evacuate Collection Set: 0.9ms
[2024-08-28T13:06:20.638+0000][info][gc,phases      ] GC(769)   Other: 0.4ms
[2024-08-28T13:06:20.638+0000][info][gc,heap        ] GC(769) Eden regions: 19->0(44)
[2024-08-28T13:06:20.638+0000][info][gc,heap        ] GC(769) Survivor regions: 7->7(7)
[2024-08-28T13:06:20.638+0000][info][gc,heap        ] GC(769) Old regions: 962->949
[2024-08-28T13:06:20.638+0000][info][gc,heap        ] GC(769) Archive regions: 2->2
[2024-08-28T13:06:20.638+0000][info][gc,heap        ] GC(769) Humongous regions: 5->5
[2024-08-28T13:06:20.638+0000][info][gc,metaspace   ] GC(769) Metaspace: 100K(320K)->100K(320K) NonClass: 96K(192K)->96K(192K) Class: 4K(128K)->4K(128K)
[2024-08-28T13:06:20.638+0000][info][gc             ] GC(769) Pause Young (Mixed) (G1 Preventive Collection) 993M->961M(1024M) 9.350ms
[2024-08-28T13:06:20.638+0000][info][gc,cpu         ] GC(769) User=0.19s Sys=0.00s Real=0.02s
[2024-08-28T13:06:20.655+0000][info][gc,start       ] GC(770) Pause Young (Mixed) (G1 Preventive Collection)
[2024-08-28T13:06:20.655+0000][info][gc,task        ] GC(770) Using 24 workers of 68 for evacuation
[2024-08-28T13:06:20.664+0000][info][gc,phases      ] GC(770)   Pre Evacuate Collection Set: 0.2ms
[2024-08-28T13:06:20.664+0000][info][gc,phases      ] GC(770)   Merge Heap Roots: 0.4ms
[2024-08-28T13:06:20.664+0000][info][gc,phases      ] GC(770)   Evacuate Collection Set: 7.7ms
[2024-08-28T13:06:20.664+0000][info][gc,phases      ] GC(770)   Post Evacuate Collection Set: 0.5ms
[2024-08-28T13:06:20.664+0000][info][gc,phases      ] GC(770)   Other: 0.3ms
[2024-08-28T13:06:20.664+0000][info][gc,heap        ] GC(770) Eden regions: 25->0(44)
[2024-08-28T13:06:20.664+0000][info][gc,heap        ] GC(770) Survivor regions: 7->7(7)
[2024-08-28T13:06:20.664+0000][info][gc,heap        ] GC(770) Old regions: 949->873
[2024-08-28T13:06:20.664+0000][info][gc,heap        ] GC(770) Archive regions: 2->2
[2024-08-28T13:06:20.664+0000][info][gc,heap        ] GC(770) Humongous regions: 5->5
[2024-08-28T13:06:20.664+0000][info][gc,metaspace   ] GC(770) Metaspace: 100K(320K)->100K(320K) NonClass: 96K(192K)->96K(192K) Class: 4K(128K)->4K(128K)
[2024-08-28T13:06:20.664+0000][info][gc             ] GC(770) Pause Young (Mixed) (G1 Preventive Collection) 986M->885M(1024M) 9.261ms
[2024-08-28T13:06:20.664+0000][info][gc,cpu         ] GC(770) User=0.19s Sys=0.00s Real=0.01s
[2024-08-28T13:06:20.692+0000][info][gc,start       ] GC(771) Pause Young (Mixed) (G1 Evacuation Pause)
[2024-08-28T13:06:20.692+0000][info][gc,task        ] GC(771) Using 24 workers of 68 for evacuation
[2024-08-28T13:06:20.704+0000][info][gc,phases      ] GC(771)   Pre Evacuate Collection Set: 0.2ms
[2024-08-28T13:06:20.704+0000][info][gc,phases      ] GC(771)   Merge Heap Roots: 0.4ms
[2024-08-28T13:06:20.704+0000][info][gc,phases      ] GC(771)   Evacuate Collection Set: 11.0ms
[2024-08-28T13:06:20.704+0000][info][gc,phases      ] GC(771)   Post Evacuate Collection Set: 0.5ms
[2024-08-28T13:06:20.704+0000][info][gc,phases      ] GC(771)   Other: 0.3ms
[2024-08-28T13:06:20.704+0000][info][gc,heap        ] GC(771) Eden regions: 44->0(44)
[2024-08-28T13:06:20.704+0000][info][gc,heap        ] GC(771) Survivor regions: 7->7(7)
[2024-08-28T13:06:20.704+0000][info][gc,heap        ] GC(771) Old regions: 873->816
[2024-08-28T13:06:20.704+0000][info][gc,heap        ] GC(771) Archive regions: 2->2
[2024-08-28T13:06:20.704+0000][info][gc,heap        ] GC(771) Humongous regions: 5->5
[2024-08-28T13:06:20.704+0000][info][gc,metaspace   ] GC(771) Metaspace: 100K(320K)->100K(320K) NonClass: 96K(192K)->96K(192K) Class: 4K(128K)->4K(128K)
[2024-08-28T13:06:20.704+0000][info][gc             ] GC(771) Pause Young (Mixed) (G1 Evacuation Pause) 929M->828M(1024M) 12.646ms
[2024-08-28T13:06:20.704+0000][info][gc,cpu         ] GC(771) User=0.28s Sys=0.00s Real=0.01s
[2024-08-28T13:06:20.732+0000][info][gc,start       ] GC(772) Pause Young (Mixed) (G1 Evacuation Pause)
[2024-08-28T13:06:20.732+0000][info][gc,task        ] GC(772) Using 24 workers of 68 for evacuation
[2024-08-28T13:06:20.745+0000][info][gc,phases      ] GC(772)   Pre Evacuate Collection Set: 0.2ms
[2024-08-28T13:06:20.745+0000][info][gc,phases      ] GC(772)   Merge Heap Roots: 0.4ms
[2024-08-28T13:06:20.745+0000][info][gc,phases      ] GC(772)   Evacuate Collection Set: 11.5ms
[2024-08-28T13:06:20.745+0000][info][gc,phases      ] GC(772)   Post Evacuate Collection Set: 0.4ms
[2024-08-28T13:06:20.745+0000][info][gc,phases      ] GC(772)   Other: 0.3ms
[2024-08-28T13:06:20.745+0000][info][gc,heap        ] GC(772) Eden regions: 44->0(44)
[2024-08-28T13:06:20.745+0000][info][gc,heap        ] GC(772) Survivor regions: 7->7(7)
[2024-08-28T13:06:20.745+0000][info][gc,heap        ] GC(772) Old regions: 816->835
[2024-08-28T13:06:20.745+0000][info][gc,heap        ] GC(772) Archive regions: 2->2
[2024-08-28T13:06:20.745+0000][info][gc,heap        ] GC(772) Humongous regions: 5->5
[2024-08-28T13:06:20.745+0000][info][gc,metaspace   ] GC(772) Metaspace: 100K(320K)->100K(320K) NonClass: 96K(192K)->96K(192K) Class: 4K(128K)->4K(128K)
[2024-08-28T13:06:20.745+0000][info][gc             ] GC(772) Pause Young (Mixed) (G1 Evacuation Pause) 872M->847M(1024M) 12.975ms
[2024-08-28T13:06:20.745+0000][info][gc,cpu         ] GC(772) User=0.28s Sys=0.00s Real=0.01s
[2024-08-28T13:06:20.771+0000][info][gc,start       ] GC(773) Pause Young (Concurrent Start) (G1 Evacuation Pause)
[2024-08-28T13:06:20.771+0000][info][gc,task        ] GC(773) Using 24 workers of 68 for evacuation
[2024-08-28T13:06:20.784+0000][info][gc,phases      ] GC(773)   Pre Evacuate Collection Set: 0.2ms
[2024-08-28T13:06:20.784+0000][info][gc,phases      ] GC(773)   Merge Heap Roots: 0.3ms
[2024-08-28T13:06:20.784+0000][info][gc,phases      ] GC(773)   Evacuate Collection Set: 10.7ms
[2024-08-28T13:06:20.784+0000][info][gc,phases      ] GC(773)   Post Evacuate Collection Set: 0.4ms
[2024-08-28T13:06:20.784+0000][info][gc,phases      ] GC(773)   Other: 1.0ms
[2024-08-28T13:06:20.784+0000][info][gc,heap        ] GC(773) Eden regions: 44->0(44)
[2024-08-28T13:06:20.784+0000][info][gc,heap        ] GC(773) Survivor regions: 7->7(7)
[2024-08-28T13:06:20.784+0000][info][gc,heap        ] GC(773) Old regions: 835->883
[2024-08-28T13:06:20.784+0000][info][gc,heap        ] GC(773) Archive regions: 2->2
[2024-08-28T13:06:20.784+0000][info][gc,heap        ] GC(773) Humongous regions: 5->5
[2024-08-28T13:06:20.784+0000][info][gc,metaspace   ] GC(773) Metaspace: 100K(320K)->100K(320K) NonClass: 96K(192K)->96K(192K) Class: 4K(128K)->4K(128K)
[2024-08-28T13:06:20.784+0000][info][gc             ] GC(773) Pause Young (Concurrent Start) (G1 Evacuation Pause) 891M->895M(1024M) 12.759ms
[2024-08-28T13:06:20.784+0000][info][gc,cpu         ] GC(773) User=0.26s Sys=0.00s Real=0.01s
[2024-08-28T13:06:20.784+0000][info][gc             ] GC(774) Concurrent Mark Cycle
[2024-08-28T13:06:20.784+0000][info][gc,marking     ] GC(774) Concurrent Clear Claimed Marks
[2024-08-28T13:06:20.784+0000][info][gc,marking     ] GC(774) Concurrent Clear Claimed Marks 0.014ms
[2024-08-28T13:06:20.784+0000][info][gc,marking     ] GC(774) Concurrent Scan Root Regions
[2024-08-28T13:06:20.786+0000][info][gc,marking     ] GC(774) Concurrent Scan Root Regions 1.865ms
[2024-08-28T13:06:20.786+0000][info][gc,marking     ] GC(774) Concurrent Mark
[2024-08-28T13:06:20.786+0000][info][gc,marking     ] GC(774) Concurrent Mark From Roots
[2024-08-28T13:06:20.786+0000][info][gc,task        ] GC(774) Using 17 workers of 17 for marking
[2024-08-28T13:06:20.813+0000][info][gc,marking     ] GC(774) Concurrent Mark From Roots 27.156ms
[2024-08-28T13:06:20.813+0000][info][gc,marking     ] GC(774) Concurrent Preclean
[2024-08-28T13:06:20.814+0000][info][gc,marking     ] GC(774) Concurrent Preclean 1.001ms
[2024-08-28T13:06:20.815+0000][info][gc,start       ] GC(774) Pause Remark
[2024-08-28T13:06:20.817+0000][info][gc             ] GC(774) Pause Remark 929M->887M(1024M) 1.998ms
[2024-08-28T13:06:20.817+0000][info][gc,cpu         ] GC(774) User=0.01s Sys=0.00s Real=0.00s
[2024-08-28T13:06:20.817+0000][info][gc,marking     ] GC(774) Concurrent Mark 30.830ms
[2024-08-28T13:06:20.817+0000][info][gc,marking     ] GC(774) Concurrent Rebuild Remembered Sets
[2024-08-28T13:06:20.824+0000][info][gc,start       ] GC(775) Pause Young (Normal) (G1 Evacuation Pause)
[2024-08-28T13:06:20.824+0000][info][gc,task        ] GC(775) Using 24 workers of 68 for evacuation
[2024-08-28T13:06:20.836+0000][info][gc,phases      ] GC(775)   Pre Evacuate Collection Set: 0.2ms
[2024-08-28T13:06:20.836+0000][info][gc,phases      ] GC(775)   Merge Heap Roots: 0.4ms
[2024-08-28T13:06:20.836+0000][info][gc,phases      ] GC(775)   Evacuate Collection Set: 10.4ms
[2024-08-28T13:06:20.836+0000][info][gc,phases      ] GC(775)   Post Evacuate Collection Set: 0.5ms
[2024-08-28T13:06:20.836+0000][info][gc,phases      ] GC(775)   Other: 0.3ms
[2024-08-28T13:06:20.836+0000][info][gc,heap        ] GC(775) Eden regions: 44->0(44)
[2024-08-28T13:06:20.836+0000][info][gc,heap        ] GC(775) Survivor regions: 7->7(7)
[2024-08-28T13:06:20.836+0000][info][gc,heap        ] GC(775) Old regions: 841->887
[2024-08-28T13:06:20.836+0000][info][gc,heap        ] GC(775) Archive regions: 2->2
[2024-08-28T13:06:20.836+0000][info][gc,heap        ] GC(775) Humongous regions: 5->5
[2024-08-28T13:06:20.836+0000][info][gc,metaspace   ] GC(775) Metaspace: 100K(320K)->100K(320K) NonClass: 96K(192K)->96K(192K) Class: 4K(128K)->4K(128K)
[2024-08-28T13:06:20.836+0000][info][gc             ] GC(775) Pause Young (Normal) (G1 Evacuation Pause) 897M->899M(1024M) 11.898ms
[2024-08-28T13:06:20.836+0000][info][gc,cpu         ] GC(775) User=0.26s Sys=0.00s Real=0.01s
[2024-08-28T13:06:20.868+0000][info][gc,start       ] GC(776) Pause Young (Normal) (G1 Evacuation Pause)
[2024-08-28T13:06:20.868+0000][info][gc,task        ] GC(776) Using 24 workers of 68 for evacuation
[2024-08-28T13:06:20.884+0000][info][gc,phases      ] GC(776)   Pre Evacuate Collection Set: 0.2ms
[2024-08-28T13:06:20.884+0000][info][gc,phases      ] GC(776)   Merge Heap Roots: 0.5ms
[2024-08-28T13:06:20.884+0000][info][gc,phases      ] GC(776)   Evacuate Collection Set: 14.0ms
[2024-08-28T13:06:20.884+0000][info][gc,phases      ] GC(776)   Post Evacuate Collection Set: 0.6ms
[2024-08-28T13:06:20.884+0000][info][gc,phases      ] GC(776)   Other: 0.3ms
[2024-08-28T13:06:20.884+0000][info][gc,heap        ] GC(776) Eden regions: 44->0(44)
[2024-08-28T13:06:20.884+0000][info][gc,heap        ] GC(776) Survivor regions: 7->7(7)
[2024-08-28T13:06:20.884+0000][info][gc,heap        ] GC(776) Old regions: 887->934
[2024-08-28T13:06:20.884+0000][info][gc,heap        ] GC(776) Archive regions: 2->2
[2024-08-28T13:06:20.884+0000][info][gc,heap        ] GC(776) Humongous regions: 5->5
[2024-08-28T13:06:20.884+0000][info][gc,metaspace   ] GC(776) Metaspace: 100K(320K)->100K(320K) NonClass: 96K(192K)->96K(192K) Class: 4K(128K)->4K(128K)
[2024-08-28T13:06:20.884+0000][info][gc             ] GC(776) Pause Young (Normal) (G1 Evacuation Pause) 943M->946M(1024M) 15.704ms
[2024-08-28T13:06:20.884+0000][info][gc,cpu         ] GC(776) User=0.35s Sys=0.00s Real=0.02s
[2024-08-28T13:06:20.901+0000][info][gc,marking     ] GC(774) Concurrent Rebuild Remembered Sets 84.260ms
[2024-08-28T13:06:20.902+0000][info][gc,start       ] GC(774) Pause Cleanup
[2024-08-28T13:06:20.905+0000][info][gc             ] GC(774) Pause Cleanup 970M->970M(1024M) 3.069ms
[2024-08-28T13:06:20.905+0000][info][gc,cpu         ] GC(774) User=0.01s Sys=0.00s Real=0.00s
[2024-08-28T13:06:20.905+0000][info][gc,marking     ] GC(774) Concurrent Cleanup for Next Mark
[2024-08-28T13:06:20.906+0000][info][gc,marking     ] GC(774) Concurrent Cleanup for Next Mark 0.868ms
[2024-08-28T13:06:20.906+0000][info][gc             ] GC(774) Concurrent Mark Cycle 121.607ms
[2024-08-28T13:06:20.912+0000][info][gc,start       ] GC(777) Pause Young (Prepare Mixed) (G1 Preventive Collection)
[2024-08-28T13:06:20.912+0000][info][gc,task        ] GC(777) Using 24 workers of 68 for evacuation
[2024-08-28T13:06:20.929+0000][info][gc,phases      ] GC(777)   Pre Evacuate Collection Set: 0.2ms
[2024-08-28T13:06:20.929+0000][info][gc,phases      ] GC(777)   Merge Heap Roots: 0.6ms
[2024-08-28T13:06:20.929+0000][info][gc,phases      ] GC(777)   Evacuate Collection Set: 15.3ms
[2024-08-28T13:06:20.929+0000][info][gc,phases      ] GC(777)   Post Evacuate Collection Set: 0.3ms
[2024-08-28T13:06:20.929+0000][info][gc,phases      ] GC(777)   Other: 0.3ms
[2024-08-28T13:06:20.929+0000][info][gc,heap        ] GC(777) Eden regions: 33->0(44)
[2024-08-28T13:06:20.929+0000][info][gc,heap        ] GC(777) Survivor regions: 7->7(7)
[2024-08-28T13:06:20.929+0000][info][gc,heap        ] GC(777) Old regions: 934->969
[2024-08-28T13:06:20.929+0000][info][gc,heap        ] GC(777) Archive regions: 2->2
[2024-08-28T13:06:20.929+0000][info][gc,heap        ] GC(777) Humongous regions: 5->5
[2024-08-28T13:06:20.929+0000][info][gc,metaspace   ] GC(777) Metaspace: 100K(320K)->100K(320K) NonClass: 96K(192K)->96K(192K) Class: 4K(128K)->4K(128K)
[2024-08-28T13:06:20.929+0000][info][gc             ] GC(777) Pause Young (Prepare Mixed) (G1 Preventive Collection) 979M->981M(1024M) 16.768ms
[2024-08-28T13:06:20.929+0000][info][gc,cpu         ] GC(777) User=0.38s Sys=0.00s Real=0.01s
[2024-08-28T13:06:20.939+0000][info][gc,start       ] GC(778) Pause Young (Mixed) (G1 Preventive Collection)
[2024-08-28T13:06:20.939+0000][info][gc,task        ] GC(778) Using 24 workers of 68 for evacuation
[2024-08-28T13:06:20.947+0000][info][gc,phases      ] GC(778)   Pre Evacuate Collection Set: 0.2ms
[2024-08-28T13:06:20.947+0000][info][gc,phases      ] GC(778)   Merge Heap Roots: 0.3ms
[2024-08-28T13:06:20.947+0000][info][gc,phases      ] GC(778)   Evacuate Collection Set: 6.3ms
[2024-08-28T13:06:20.947+0000][info][gc,phases      ] GC(778)   Post Evacuate Collection Set: 0.4ms
[2024-08-28T13:06:20.947+0000][info][gc,phases      ] GC(778)   Other: 0.3ms
[2024-08-28T13:06:20.947+0000][info][gc,heap        ] GC(778) Eden regions: 15->0(44)
[2024-08-28T13:06:20.947+0000][info][gc,heap        ] GC(778) Survivor regions: 7->7(7)
[2024-08-28T13:06:20.947+0000][info][gc,heap        ] GC(778) Old regions: 969->884
[2024-08-28T13:06:20.947+0000][info][gc,heap        ] GC(778) Archive regions: 2->2
[2024-08-28T13:06:20.947+0000][info][gc,heap        ] GC(778) Humongous regions: 5->5
[2024-08-28T13:06:20.947+0000][info][gc,metaspace   ] GC(778) Metaspace: 100K(320K)->100K(320K) NonClass: 96K(192K)->96K(192K) Class: 4K(128K)->4K(128K)
[2024-08-28T13:06:20.947+0000][info][gc             ] GC(778) Pause Young (Mixed) (G1 Preventive Collection) 996M->896M(1024M) 7.600ms
[2024-08-28T13:06:20.947+0000][info][gc,cpu         ] GC(778) User=0.15s Sys=0.00s Real=0.00s
[2024-08-28T13:06:20.974+0000][info][gc,start       ] GC(779) Pause Young (Mixed) (G1 Evacuation Pause)
[2024-08-28T13:06:20.974+0000][info][gc,task        ] GC(779) Using 24 workers of 68 for evacuation
[2024-08-28T13:06:20.986+0000][info][gc,phases      ] GC(779)   Pre Evacuate Collection Set: 0.2ms
[2024-08-28T13:06:20.986+0000][info][gc,phases      ] GC(779)   Merge Heap Roots: 0.5ms
[2024-08-28T13:06:20.986+0000][info][gc,phases      ] GC(779)   Evacuate Collection Set: 10.7ms
[2024-08-28T13:06:20.986+0000][info][gc,phases      ] GC(779)   Post Evacuate Collection Set: 0.5ms
[2024-08-28T13:06:20.986+0000][info][gc,phases      ] GC(779)   Other: 0.3ms
[2024-08-28T13:06:20.986+0000][info][gc,heap        ] GC(779) Eden regions: 44->0(44)
[2024-08-28T13:06:20.986+0000][info][gc,heap        ] GC(779) Survivor regions: 7->7(7)
[2024-08-28T13:06:20.986+0000][info][gc,heap        ] GC(779) Old regions: 884->826
[2024-08-28T13:06:20.986+0000][info][gc,heap        ] GC(779) Archive regions: 2->2
[2024-08-28T13:06:20.986+0000][info][gc,heap        ] GC(779) Humongous regions: 5->5
[2024-08-28T13:06:20.986+0000][info][gc,metaspace   ] GC(779) Metaspace: 100K(320K)->100K(320K) NonClass: 96K(192K)->96K(192K) Class: 4K(128K)->4K(128K)
[2024-08-28T13:06:20.987+0000][info][gc             ] GC(779) Pause Young (Mixed) (G1 Evacuation Pause) 940M->838M(1024M) 12.259ms
[2024-08-28T13:06:20.987+0000][info][gc,cpu         ] GC(779) User=0.21s Sys=0.05s Real=0.01s
[2024-08-28T13:06:21.014+0000][info][gc,start       ] GC(780) Pause Young (Mixed) (G1 Evacuation Pause)
[2024-08-28T13:06:21.014+0000][info][gc,task        ] GC(780) Using 24 workers of 68 for evacuation
[2024-08-28T13:06:21.026+0000][info][gc,phases      ] GC(780)   Pre Evacuate Collection Set: 0.3ms
[2024-08-28T13:06:21.026+0000][info][gc,phases      ] GC(780)   Merge Heap Roots: 0.4ms
[2024-08-28T13:06:21.026+0000][info][gc,phases      ] GC(780)   Evacuate Collection Set: 11.0ms
[2024-08-28T13:06:21.026+0000][info][gc,phases      ] GC(780)   Post Evacuate Collection Set: 0.5ms
[2024-08-28T13:06:21.026+0000][info][gc,phases      ] GC(780)   Other: 0.3ms
[2024-08-28T13:06:21.026+0000][info][gc,heap        ] GC(780) Eden regions: 44->0(44)
[2024-08-28T13:06:21.026+0000][info][gc,heap        ] GC(780) Survivor regions: 7->7(7)
[2024-08-28T13:06:21.026+0000][info][gc,heap        ] GC(780) Old regions: 826->769
[2024-08-28T13:06:21.026+0000][info][gc,heap        ] GC(780) Archive regions: 2->2
[2024-08-28T13:06:21.026+0000][info][gc,heap        ] GC(780) Humongous regions: 5->5
[2024-08-28T13:06:21.026+0000][info][gc,metaspace   ] GC(780) Metaspace: 100K(320K)->100K(320K) NonClass: 96K(192K)->96K(192K) Class: 4K(128K)->4K(128K)
[2024-08-28T13:06:21.027+0000][info][gc             ] GC(780) Pause Young (Mixed) (G1 Evacuation Pause) 882M->781M(1024M) 12.663ms
[2024-08-28T13:06:21.027+0000][info][gc,cpu         ] GC(780) User=0.27s Sys=0.01s Real=0.01s
[2024-08-28T13:06:21.054+0000][info][gc,start       ] GC(781) Pause Young (Mixed) (G1 Evacuation Pause)
[2024-08-28T13:06:21.054+0000][info][gc,task        ] GC(781) Using 24 workers of 68 for evacuation
[2024-08-28T13:06:21.067+0000][info][gc,phases      ] GC(781)   Pre Evacuate Collection Set: 0.2ms
[2024-08-28T13:06:21.067+0000][info][gc,phases      ] GC(781)   Merge Heap Roots: 0.3ms
[2024-08-28T13:06:21.067+0000][info][gc,phases      ] GC(781)   Evacuate Collection Set: 11.6ms
[2024-08-28T13:06:21.067+0000][info][gc,phases      ] GC(781)   Post Evacuate Collection Set: 0.5ms
[2024-08-28T13:06:21.067+0000][info][gc,phases      ] GC(781)   Other: 0.4ms
[2024-08-28T13:06:21.067+0000][info][gc,heap        ] GC(781) Eden regions: 44->0(44)
[2024-08-28T13:06:21.067+0000][info][gc,heap        ] GC(781) Survivor regions: 7->7(7)
[2024-08-28T13:06:21.067+0000][info][gc,heap        ] GC(781) Old regions: 769->776
[2024-08-28T13:06:21.067+0000][info][gc,heap        ] GC(781) Archive regions: 2->2
[2024-08-28T13:06:21.067+0000][info][gc,heap        ] GC(781) Humongous regions: 5->5
[2024-08-28T13:06:21.067+0000][info][gc,metaspace   ] GC(781) Metaspace: 100K(320K)->100K(320K) NonClass: 96K(192K)->96K(192K) Class: 4K(128K)->4K(128K)
[2024-08-28T13:06:21.067+0000][info][gc             ] GC(781) Pause Young (Mixed) (G1 Evacuation Pause) 825M->788M(1024M) 13.205ms
[2024-08-28T13:06:21.067+0000][info][gc,cpu         ] GC(781) User=0.28s Sys=0.00s Real=0.01s
[2024-08-28T13:06:21.096+0000][info][gc,start       ] GC(782) Pause Young (Concurrent Start) (G1 Evacuation Pause)
[2024-08-28T13:06:21.096+0000][info][gc,task        ] GC(782) Using 24 workers of 68 for evacuation
[2024-08-28T13:06:21.108+0000][info][gc,phases      ] GC(782)   Pre Evacuate Collection Set: 0.2ms
[2024-08-28T13:06:21.108+0000][info][gc,phases      ] GC(782)   Merge Heap Roots: 0.4ms
[2024-08-28T13:06:21.108+0000][info][gc,phases      ] GC(782)   Evacuate Collection Set: 10.6ms
[2024-08-28T13:06:21.108+0000][info][gc,phases      ] GC(782)   Post Evacuate Collection Set: 0.3ms
[2024-08-28T13:06:21.108+0000][info][gc,phases      ] GC(782)   Other: 0.7ms
[2024-08-28T13:06:21.108+0000][info][gc,heap        ] GC(782) Eden regions: 44->0(44)
[2024-08-28T13:06:21.108+0000][info][gc,heap        ] GC(782) Survivor regions: 7->7(7)
[2024-08-28T13:06:21.108+0000][info][gc,heap        ] GC(782) Old regions: 776->822
[2024-08-28T13:06:21.108+0000][info][gc,heap        ] GC(782) Archive regions: 2->2
[2024-08-28T13:06:21.108+0000][info][gc,heap        ] GC(782) Humongous regions: 5->5
[2024-08-28T13:06:21.108+0000][info][gc,metaspace   ] GC(782) Metaspace: 100K(320K)->100K(320K) NonClass: 96K(192K)->96K(192K) Class: 4K(128K)->4K(128K)
[2024-08-28T13:06:21.108+0000][info][gc             ] GC(782) Pause Young (Concurrent Start) (G1 Evacuation Pause) 832M->834M(1024M) 12.194ms
[2024-08-28T13:06:21.108+0000][info][gc,cpu         ] GC(782) User=0.26s Sys=0.00s Real=0.01s
[2024-08-28T13:06:21.108+0000][info][gc             ] GC(783) Concurrent Mark Cycle
[2024-08-28T13:06:21.108+0000][info][gc,marking     ] GC(783) Concurrent Clear Claimed Marks
[2024-08-28T13:06:21.108+0000][info][gc,marking     ] GC(783) Concurrent Clear Claimed Marks 0.010ms
[2024-08-28T13:06:21.108+0000][info][gc,marking     ] GC(783) Concurrent Scan Root Regions
[2024-08-28T13:06:21.110+0000][info][gc,marking     ] GC(783) Concurrent Scan Root Regions 1.921ms
[2024-08-28T13:06:21.110+0000][info][gc,marking     ] GC(783) Concurrent Mark
[2024-08-28T13:06:21.110+0000][info][gc,marking     ] GC(783) Concurrent Mark From Roots
[2024-08-28T13:06:21.110+0000][info][gc,task        ] GC(783) Using 17 workers of 17 for marking
[2024-08-28T13:06:21.136+0000][info][gc,marking     ] GC(783) Concurrent Mark From Roots 26.475ms
[2024-08-28T13:06:21.137+0000][info][gc,marking     ] GC(783) Concurrent Preclean
[2024-08-28T13:06:21.137+0000][info][gc,marking     ] GC(783) Concurrent Preclean 0.880ms
[2024-08-28T13:06:21.138+0000][info][gc,start       ] GC(783) Pause Remark
[2024-08-28T13:06:21.139+0000][info][gc             ] GC(783) Pause Remark 867M->867M(1024M) 1.539ms
[2024-08-28T13:06:21.139+0000][info][gc,cpu         ] GC(783) User=0.01s Sys=0.00s Real=0.00s
[2024-08-28T13:06:21.139+0000][info][gc,marking     ] GC(783) Concurrent Mark 29.426ms
[2024-08-28T13:06:21.139+0000][info][gc,marking     ] GC(783) Concurrent Rebuild Remembered Sets
[2024-08-28T13:06:21.148+0000][info][gc,start       ] GC(784) Pause Young (Normal) (G1 Evacuation Pause)
[2024-08-28T13:06:21.148+0000][info][gc,task        ] GC(784) Using 24 workers of 68 for evacuation
[2024-08-28T13:06:21.159+0000][info][gc,phases      ] GC(784)   Pre Evacuate Collection Set: 0.1ms
[2024-08-28T13:06:21.159+0000][info][gc,phases      ] GC(784)   Merge Heap Roots: 0.4ms
[2024-08-28T13:06:21.159+0000][info][gc,phases      ] GC(784)   Evacuate Collection Set: 10.5ms
[2024-08-28T13:06:21.159+0000][info][gc,phases      ] GC(784)   Post Evacuate Collection Set: 0.5ms
[2024-08-28T13:06:21.159+0000][info][gc,phases      ] GC(784)   Other: 0.2ms
[2024-08-28T13:06:21.160+0000][info][gc,heap        ] GC(784) Eden regions: 44->0(44)
[2024-08-28T13:06:21.160+0000][info][gc,heap        ] GC(784) Survivor regions: 7->7(7)
[2024-08-28T13:06:21.160+0000][info][gc,heap        ] GC(784) Old regions: 822->868
[2024-08-28T13:06:21.160+0000][info][gc,heap        ] GC(784) Archive regions: 2->2
[2024-08-28T13:06:21.160+0000][info][gc,heap        ] GC(784) Humongous regions: 5->5
[2024-08-28T13:06:21.160+0000][info][gc,metaspace   ] GC(784) Metaspace: 100K(320K)->100K(320K) NonClass: 96K(192K)->96K(192K) Class: 4K(128K)->4K(128K)
[2024-08-28T13:06:21.160+0000][info][gc             ] GC(784) Pause Young (Normal) (G1 Evacuation Pause) 878M->880M(1024M) 11.844ms
[2024-08-28T13:06:21.160+0000][info][gc,cpu         ] GC(784) User=0.27s Sys=0.00s Real=0.02s
[2024-08-28T13:06:21.192+0000][info][gc,start       ] GC(785) Pause Young (Normal) (G1 Evacuation Pause)
[2024-08-28T13:06:21.192+0000][info][gc,task        ] GC(785) Using 24 workers of 68 for evacuation
[2024-08-28T13:06:21.208+0000][info][gc,phases      ] GC(785)   Pre Evacuate Collection Set: 0.2ms
[2024-08-28T13:06:21.208+0000][info][gc,phases      ] GC(785)   Merge Heap Roots: 0.4ms
[2024-08-28T13:06:21.208+0000][info][gc,phases      ] GC(785)   Evacuate Collection Set: 14.7ms
[2024-08-28T13:06:21.208+0000][info][gc,phases      ] GC(785)   Post Evacuate Collection Set: 0.6ms
[2024-08-28T13:06:21.208+0000][info][gc,phases      ] GC(785)   Other: 0.3ms
[2024-08-28T13:06:21.208+0000][info][gc,heap        ] GC(785) Eden regions: 44->0(44)
[2024-08-28T13:06:21.208+0000][info][gc,heap        ] GC(785) Survivor regions: 7->7(7)
[2024-08-28T13:06:21.208+0000][info][gc,heap        ] GC(785) Old regions: 868->915
[2024-08-28T13:06:21.208+0000][info][gc,heap        ] GC(785) Archive regions: 2->2
[2024-08-28T13:06:21.208+0000][info][gc,heap        ] GC(785) Humongous regions: 5->5
[2024-08-28T13:06:21.208+0000][info][gc,metaspace   ] GC(785) Metaspace: 100K(320K)->100K(320K) NonClass: 96K(192K)->96K(192K) Class: 4K(128K)->4K(128K)
[2024-08-28T13:06:21.208+0000][info][gc             ] GC(785) Pause Young (Normal) (G1 Evacuation Pause) 924M->927M(1024M) 16.325ms
[2024-08-28T13:06:21.208+0000][info][gc,cpu         ] GC(785) User=0.37s Sys=0.00s Real=0.01s
[2024-08-28T13:06:21.226+0000][info][gc,marking     ] GC(783) Concurrent Rebuild Remembered Sets 86.066ms
[2024-08-28T13:06:21.226+0000][info][gc,start       ] GC(783) Pause Cleanup
[2024-08-28T13:06:21.229+0000][info][gc             ] GC(783) Pause Cleanup 951M->951M(1024M) 2.671ms
[2024-08-28T13:06:21.229+0000][info][gc,cpu         ] GC(783) User=0.00s Sys=0.00s Real=0.00s
[2024-08-28T13:06:21.229+0000][info][gc,marking     ] GC(783) Concurrent Cleanup for Next Mark
[2024-08-28T13:06:21.230+0000][info][gc,marking     ] GC(783) Concurrent Cleanup for Next Mark 0.989ms
[2024-08-28T13:06:21.230+0000][info][gc             ] GC(783) Concurrent Mark Cycle 121.807ms
[2024-08-28T13:06:21.242+0000][info][gc,start       ] GC(786) Pause Young (Prepare Mixed) (G1 Preventive Collection)
[2024-08-28T13:06:21.242+0000][info][gc,task        ] GC(786) Using 24 workers of 68 for evacuation
[2024-08-28T13:06:21.259+0000][info][gc,phases      ] GC(786)   Pre Evacuate Collection Set: 0.2ms
[2024-08-28T13:06:21.259+0000][info][gc,phases      ] GC(786)   Merge Heap Roots: 0.6ms
[2024-08-28T13:06:21.260+0000][info][gc,phases      ] GC(786)   Evacuate Collection Set: 16.4ms
[2024-08-28T13:06:21.260+0000][info][gc,phases      ] GC(786)   Post Evacuate Collection Set: 0.3ms
[2024-08-28T13:06:21.260+0000][info][gc,phases      ] GC(786)   Other: 0.2ms
[2024-08-28T13:06:21.260+0000][info][gc,heap        ] GC(786) Eden regions: 42->0(44)
[2024-08-28T13:06:21.260+0000][info][gc,heap        ] GC(786) Survivor regions: 7->7(7)
[2024-08-28T13:06:21.260+0000][info][gc,heap        ] GC(786) Old regions: 915->959
[2024-08-28T13:06:21.260+0000][info][gc,heap        ] GC(786) Archive regions: 2->2
[2024-08-28T13:06:21.260+0000][info][gc,heap        ] GC(786) Humongous regions: 5->5
[2024-08-28T13:06:21.260+0000][info][gc,metaspace   ] GC(786) Metaspace: 100K(320K)->100K(320K) NonClass: 96K(192K)->96K(192K) Class: 4K(128K)->4K(128K)
[2024-08-28T13:06:21.260+0000][info][gc             ] GC(786) Pause Young (Prepare Mixed) (G1 Preventive Collection) 969M->971M(1024M) 17.801ms
[2024-08-28T13:06:21.260+0000][info][gc,cpu         ] GC(786) User=0.41s Sys=0.00s Real=0.02s
[2024-08-28T13:06:21.273+0000][info][gc,start       ] GC(787) Pause Young (Mixed) (G1 Preventive Collection)
[2024-08-28T13:06:21.273+0000][info][gc,task        ] GC(787) Using 24 workers of 68 for evacuation
[2024-08-28T13:06:21.282+0000][info][gc,phases      ] GC(787)   Pre Evacuate Collection Set: 0.2ms
[2024-08-28T13:06:21.282+0000][info][gc,phases      ] GC(787)   Merge Heap Roots: 0.4ms
[2024-08-28T13:06:21.282+0000][info][gc,phases      ] GC(787)   Evacuate Collection Set: 7.4ms
[2024-08-28T13:06:21.282+0000][info][gc,phases      ] GC(787)   Post Evacuate Collection Set: 0.4ms
[2024-08-28T13:06:21.282+0000][info][gc,phases      ] GC(787)   Other: 0.3ms
[2024-08-28T13:06:21.282+0000][info][gc,heap        ] GC(787) Eden regions: 20->0(44)
[2024-08-28T13:06:21.282+0000][info][gc,heap        ] GC(787) Survivor regions: 7->7(7)
[2024-08-28T13:06:21.282+0000][info][gc,heap        ] GC(787) Old regions: 959->880
[2024-08-28T13:06:21.282+0000][info][gc,heap        ] GC(787) Archive regions: 2->2
[2024-08-28T13:06:21.282+0000][info][gc,heap        ] GC(787) Humongous regions: 5->5
[2024-08-28T13:06:21.282+0000][info][gc,metaspace   ] GC(787) Metaspace: 100K(320K)->100K(320K) NonClass: 96K(192K)->96K(192K) Class: 4K(128K)->4K(128K)
[2024-08-28T13:06:21.282+0000][info][gc             ] GC(787) Pause Young (Mixed) (G1 Preventive Collection) 991M->892M(1024M) 8.793ms
[2024-08-28T13:06:21.282+0000][info][gc,cpu         ] GC(787) User=0.19s Sys=0.00s Real=0.01s
[2024-08-28T13:06:21.309+0000][info][gc,start       ] GC(788) Pause Young (Mixed) (G1 Evacuation Pause)
[2024-08-28T13:06:21.309+0000][info][gc,task        ] GC(788) Using 24 workers of 68 for evacuation
[2024-08-28T13:06:21.321+0000][info][gc,phases      ] GC(788)   Pre Evacuate Collection Set: 0.2ms
[2024-08-28T13:06:21.321+0000][info][gc,phases      ] GC(788)   Merge Heap Roots: 0.5ms
[2024-08-28T13:06:21.321+0000][info][gc,phases      ] GC(788)   Evacuate Collection Set: 11.1ms
[2024-08-28T13:06:21.321+0000][info][gc,phases      ] GC(788)   Post Evacuate Collection Set: 0.4ms
[2024-08-28T13:06:21.321+0000][info][gc,phases      ] GC(788)   Other: 0.3ms
[2024-08-28T13:06:21.321+0000][info][gc,heap        ] GC(788) Eden regions: 44->0(44)
[2024-08-28T13:06:21.321+0000][info][gc,heap        ] GC(788) Survivor regions: 7->7(7)
[2024-08-28T13:06:21.321+0000][info][gc,heap        ] GC(788) Old regions: 880->821
[2024-08-28T13:06:21.321+0000][info][gc,heap        ] GC(788) Archive regions: 2->2
[2024-08-28T13:06:21.321+0000][info][gc,heap        ] GC(788) Humongous regions: 5->5
[2024-08-28T13:06:21.321+0000][info][gc,metaspace   ] GC(788) Metaspace: 100K(320K)->100K(320K) NonClass: 96K(192K)->96K(192K) Class: 4K(128K)->4K(128K)
[2024-08-28T13:06:21.322+0000][info][gc             ] GC(788) Pause Young (Mixed) (G1 Evacuation Pause) 936M->833M(1024M) 12.747ms
[2024-08-28T13:06:21.322+0000][info][gc,cpu         ] GC(788) User=0.27s Sys=0.00s Real=0.02s
[2024-08-28T13:06:21.349+0000][info][gc,start       ] GC(789) Pause Young (Mixed) (G1 Evacuation Pause)
[2024-08-28T13:06:21.349+0000][info][gc,task        ] GC(789) Using 24 workers of 68 for evacuation
[2024-08-28T13:06:21.361+0000][info][gc,phases      ] GC(789)   Pre Evacuate Collection Set: 0.2ms
[2024-08-28T13:06:21.361+0000][info][gc,phases      ] GC(789)   Merge Heap Roots: 0.4ms
[2024-08-28T13:06:21.361+0000][info][gc,phases      ] GC(789)   Evacuate Collection Set: 11.0ms
[2024-08-28T13:06:21.361+0000][info][gc,phases      ] GC(789)   Post Evacuate Collection Set: 0.4ms
[2024-08-28T13:06:21.361+0000][info][gc,phases      ] GC(789)   Other: 0.3ms
[2024-08-28T13:06:21.361+0000][info][gc,heap        ] GC(789) Eden regions: 44->0(44)
[2024-08-28T13:06:21.361+0000][info][gc,heap        ] GC(789) Survivor regions: 7->7(7)
[2024-08-28T13:06:21.361+0000][info][gc,heap        ] GC(789) Old regions: 821->765
[2024-08-28T13:06:21.361+0000][info][gc,heap        ] GC(789) Archive regions: 2->2
[2024-08-28T13:06:21.361+0000][info][gc,heap        ] GC(789) Humongous regions: 5->5
[2024-08-28T13:06:21.361+0000][info][gc,metaspace   ] GC(789) Metaspace: 100K(320K)->100K(320K) NonClass: 96K(192K)->96K(192K) Class: 4K(128K)->4K(128K)
[2024-08-28T13:06:21.361+0000][info][gc             ] GC(789) Pause Young (Mixed) (G1 Evacuation Pause) 877M->777M(1024M) 12.546ms
[2024-08-28T13:06:21.361+0000][info][gc,cpu         ] GC(789) User=0.27s Sys=0.00s Real=0.02s
[2024-08-28T13:06:21.388+0000][info][gc,start       ] GC(790) Pause Young (Mixed) (G1 Evacuation Pause)
[2024-08-28T13:06:21.388+0000][info][gc,task        ] GC(790) Using 24 workers of 68 for evacuation
[2024-08-28T13:06:21.399+0000][info][gc,phases      ] GC(790)   Pre Evacuate Collection Set: 0.2ms
[2024-08-28T13:06:21.399+0000][info][gc,phases      ] GC(790)   Merge Heap Roots: 0.3ms
[2024-08-28T13:06:21.399+0000][info][gc,phases      ] GC(790)   Evacuate Collection Set: 10.6ms
[2024-08-28T13:06:21.400+0000][info][gc,phases      ] GC(790)   Post Evacuate Collection Set: 0.4ms
[2024-08-28T13:06:21.400+0000][info][gc,phases      ] GC(790)   Other: 0.3ms
[2024-08-28T13:06:21.400+0000][info][gc,heap        ] GC(790) Eden regions: 44->0(44)
[2024-08-28T13:06:21.400+0000][info][gc,heap        ] GC(790) Survivor regions: 7->7(7)
[2024-08-28T13:06:21.400+0000][info][gc,heap        ] GC(790) Old regions: 765->792
[2024-08-28T13:06:21.400+0000][info][gc,heap        ] GC(790) Archive regions: 2->2
[2024-08-28T13:06:21.400+0000][info][gc,heap        ] GC(790) Humongous regions: 5->5
[2024-08-28T13:06:21.400+0000][info][gc,metaspace   ] GC(790) Metaspace: 100K(320K)->100K(320K) NonClass: 96K(192K)->96K(192K) Class: 4K(128K)->4K(128K)
[2024-08-28T13:06:21.400+0000][info][gc             ] GC(790) Pause Young (Mixed) (G1 Evacuation Pause) 821M->804M(1024M) 11.926ms
[2024-08-28T13:06:21.400+0000][info][gc,cpu         ] GC(790) User=0.26s Sys=0.00s Real=0.02s
[2024-08-28T13:06:21.426+0000][info][gc,start       ] GC(791) Pause Young (Concurrent Start) (G1 Evacuation Pause)
[2024-08-28T13:06:21.426+0000][info][gc,task        ] GC(791) Using 24 workers of 68 for evacuation
[2024-08-28T13:06:21.439+0000][info][gc,phases      ] GC(791)   Pre Evacuate Collection Set: 0.2ms
[2024-08-28T13:06:21.439+0000][info][gc,phases      ] GC(791)   Merge Heap Roots: 0.4ms
[2024-08-28T13:06:21.439+0000][info][gc,phases      ] GC(791)   Evacuate Collection Set: 10.6ms
[2024-08-28T13:06:21.439+0000][info][gc,phases      ] GC(791)   Post Evacuate Collection Set: 0.4ms
[2024-08-28T13:06:21.439+0000][info][gc,phases      ] GC(791)   Other: 0.9ms
[2024-08-28T13:06:21.439+0000][info][gc,heap        ] GC(791) Eden regions: 44->0(44)
[2024-08-28T13:06:21.439+0000][info][gc,heap        ] GC(791) Survivor regions: 7->7(7)
[2024-08-28T13:06:21.439+0000][info][gc,heap        ] GC(791) Old regions: 792->839
[2024-08-28T13:06:21.439+0000][info][gc,heap        ] GC(791) Archive regions: 2->2
[2024-08-28T13:06:21.439+0000][info][gc,heap        ] GC(791) Humongous regions: 5->5
[2024-08-28T13:06:21.439+0000][info][gc,metaspace   ] GC(791) Metaspace: 100K(320K)->100K(320K) NonClass: 96K(192K)->96K(192K) Class: 4K(128K)->4K(128K)
[2024-08-28T13:06:21.439+0000][info][gc             ] GC(791) Pause Young (Concurrent Start) (G1 Evacuation Pause) 848M->851M(1024M) 12.492ms
[2024-08-28T13:06:21.439+0000][info][gc,cpu         ] GC(791) User=0.26s Sys=0.00s Real=0.02s
[2024-08-28T13:06:21.439+0000][info][gc             ] GC(792) Concurrent Mark Cycle
[2024-08-28T13:06:21.439+0000][info][gc,marking     ] GC(792) Concurrent Clear Claimed Marks
[2024-08-28T13:06:21.439+0000][info][gc,marking     ] GC(792) Concurrent Clear Claimed Marks 0.012ms
[2024-08-28T13:06:21.439+0000][info][gc,marking     ] GC(792) Concurrent Scan Root Regions
[2024-08-28T13:06:21.441+0000][info][gc,marking     ] GC(792) Concurrent Scan Root Regions 1.882ms
[2024-08-28T13:06:21.441+0000][info][gc,marking     ] GC(792) Concurrent Mark
[2024-08-28T13:06:21.441+0000][info][gc,marking     ] GC(792) Concurrent Mark From Roots
[2024-08-28T13:06:21.441+0000][info][gc,task        ] GC(792) Using 17 workers of 17 for marking
[2024-08-28T13:06:21.467+0000][info][gc,marking     ] GC(792) Concurrent Mark From Roots 26.551ms
[2024-08-28T13:06:21.468+0000][info][gc,marking     ] GC(792) Concurrent Preclean
[2024-08-28T13:06:21.468+0000][info][gc,marking     ] GC(792) Concurrent Preclean 0.537ms
[2024-08-28T13:06:21.468+0000][info][gc,start       ] GC(792) Pause Remark
[2024-08-28T13:06:21.470+0000][info][gc             ] GC(792) Pause Remark 883M->883M(1024M) 1.883ms
[2024-08-28T13:06:21.470+0000][info][gc,cpu         ] GC(792) User=0.01s Sys=0.00s Real=0.01s
[2024-08-28T13:06:21.470+0000][info][gc,marking     ] GC(792) Concurrent Mark 29.479ms
[2024-08-28T13:06:21.470+0000][info][gc,marking     ] GC(792) Concurrent Rebuild Remembered Sets
[2024-08-28T13:06:21.480+0000][info][gc,start       ] GC(793) Pause Young (Normal) (G1 Evacuation Pause)
[2024-08-28T13:06:21.480+0000][info][gc,task        ] GC(793) Using 24 workers of 68 for evacuation
[2024-08-28T13:06:21.492+0000][info][gc,phases      ] GC(793)   Pre Evacuate Collection Set: 0.2ms
[2024-08-28T13:06:21.492+0000][info][gc,phases      ] GC(793)   Merge Heap Roots: 0.4ms
[2024-08-28T13:06:21.492+0000][info][gc,phases      ] GC(793)   Evacuate Collection Set: 10.6ms
[2024-08-28T13:06:21.492+0000][info][gc,phases      ] GC(793)   Post Evacuate Collection Set: 0.5ms
[2024-08-28T13:06:21.492+0000][info][gc,phases      ] GC(793)   Other: 0.3ms
[2024-08-28T13:06:21.492+0000][info][gc,heap        ] GC(793) Eden regions: 44->0(44)
[2024-08-28T13:06:21.492+0000][info][gc,heap        ] GC(793) Survivor regions: 7->7(7)
[2024-08-28T13:06:21.492+0000][info][gc,heap        ] GC(793) Old regions: 839->885
[2024-08-28T13:06:21.492+0000][info][gc,heap        ] GC(793) Archive regions: 2->2
[2024-08-28T13:06:21.492+0000][info][gc,heap        ] GC(793) Humongous regions: 5->5
[2024-08-28T13:06:21.492+0000][info][gc,metaspace   ] GC(793) Metaspace: 100K(320K)->100K(320K) NonClass: 96K(192K)->96K(192K) Class: 4K(128K)->4K(128K)
[2024-08-28T13:06:21.492+0000][info][gc             ] GC(793) Pause Young (Normal) (G1 Evacuation Pause) 895M->897M(1024M) 12.137ms
[2024-08-28T13:06:21.492+0000][info][gc,cpu         ] GC(793) User=0.26s Sys=0.00s Real=0.01s
[2024-08-28T13:06:21.521+0000][info][gc,start       ] GC(794) Pause Young (Normal) (G1 Evacuation Pause)
[2024-08-28T13:06:21.522+0000][info][gc,task        ] GC(794) Using 24 workers of 68 for evacuation
[2024-08-28T13:06:21.537+0000][info][gc,phases      ] GC(794)   Pre Evacuate Collection Set: 0.2ms
[2024-08-28T13:06:21.537+0000][info][gc,phases      ] GC(794)   Merge Heap Roots: 0.5ms
[2024-08-28T13:06:21.537+0000][info][gc,phases      ] GC(794)   Evacuate Collection Set: 14.1ms
[2024-08-28T13:06:21.537+0000][info][gc,phases      ] GC(794)   Post Evacuate Collection Set: 0.6ms
[2024-08-28T13:06:21.537+0000][info][gc,phases      ] GC(794)   Other: 0.3ms
[2024-08-28T13:06:21.537+0000][info][gc,heap        ] GC(794) Eden regions: 44->0(44)
[2024-08-28T13:06:21.537+0000][info][gc,heap        ] GC(794) Survivor regions: 7->7(7)
[2024-08-28T13:06:21.537+0000][info][gc,heap        ] GC(794) Old regions: 885->931
[2024-08-28T13:06:21.537+0000][info][gc,heap        ] GC(794) Archive regions: 2->2
[2024-08-28T13:06:21.537+0000][info][gc,heap        ] GC(794) Humongous regions: 5->5
[2024-08-28T13:06:21.537+0000][info][gc,metaspace   ] GC(794) Metaspace: 100K(320K)->100K(320K) NonClass: 96K(192K)->96K(192K) Class: 4K(128K)->4K(128K)
[2024-08-28T13:06:21.537+0000][info][gc             ] GC(794) Pause Young (Normal) (G1 Evacuation Pause) 941M->943M(1024M) 15.828ms
[2024-08-28T13:06:21.537+0000][info][gc,cpu         ] GC(794) User=0.34s Sys=0.01s Real=0.01s
[2024-08-28T13:06:21.555+0000][info][gc,marking     ] GC(792) Concurrent Rebuild Remembered Sets 84.264ms
[2024-08-28T13:06:21.555+0000][info][gc,start       ] GC(792) Pause Cleanup
[2024-08-28T13:06:21.558+0000][info][gc             ] GC(792) Pause Cleanup 967M->967M(1024M) 2.964ms
[2024-08-28T13:06:21.558+0000][info][gc,cpu         ] GC(792) User=0.01s Sys=0.00s Real=0.01s
[2024-08-28T13:06:21.558+0000][info][gc,marking     ] GC(792) Concurrent Cleanup for Next Mark
[2024-08-28T13:06:21.559+0000][info][gc,marking     ] GC(792) Concurrent Cleanup for Next Mark 0.958ms
[2024-08-28T13:06:21.559+0000][info][gc             ] GC(792) Concurrent Mark Cycle 120.370ms
[2024-08-28T13:06:21.566+0000][info][gc,start       ] GC(795) Pause Young (Prepare Mixed) (G1 Preventive Collection)
[2024-08-28T13:06:21.566+0000][info][gc,task        ] GC(795) Using 24 workers of 68 for evacuation
[2024-08-28T13:06:21.583+0000][info][gc,phases      ] GC(795)   Pre Evacuate Collection Set: 0.2ms
[2024-08-28T13:06:21.583+0000][info][gc,phases      ] GC(795)   Merge Heap Roots: 0.6ms
[2024-08-28T13:06:21.583+0000][info][gc,phases      ] GC(795)   Evacuate Collection Set: 15.3ms
[2024-08-28T13:06:21.583+0000][info][gc,phases      ] GC(795)   Post Evacuate Collection Set: 0.3ms
[2024-08-28T13:06:21.583+0000][info][gc,phases      ] GC(795)   Other: 0.2ms
[2024-08-28T13:06:21.583+0000][info][gc,heap        ] GC(795) Eden regions: 34->0(44)
[2024-08-28T13:06:21.583+0000][info][gc,heap        ] GC(795) Survivor regions: 7->7(7)
[2024-08-28T13:06:21.583+0000][info][gc,heap        ] GC(795) Old regions: 931->968
[2024-08-28T13:06:21.583+0000][info][gc,heap        ] GC(795) Archive regions: 2->2
[2024-08-28T13:06:21.583+0000][info][gc,heap        ] GC(795) Humongous regions: 5->5
[2024-08-28T13:06:21.583+0000][info][gc,metaspace   ] GC(795) Metaspace: 100K(320K)->100K(320K) NonClass: 96K(192K)->96K(192K) Class: 4K(128K)->4K(128K)
[2024-08-28T13:06:21.583+0000][info][gc             ] GC(795) Pause Young (Prepare Mixed) (G1 Preventive Collection) 977M->980M(1024M) 16.691ms
[2024-08-28T13:06:21.583+0000][info][gc,cpu         ] GC(795) User=0.38s Sys=0.00s Real=0.02s
[2024-08-28T13:06:21.593+0000][info][gc,start       ] GC(796) Pause Young (Mixed) (G1 Preventive Collection)
[2024-08-28T13:06:21.594+0000][info][gc,task        ] GC(796) Using 24 workers of 68 for evacuation
[2024-08-28T13:06:21.600+0000][info][gc,phases      ] GC(796)   Pre Evacuate Collection Set: 0.2ms
[2024-08-28T13:06:21.601+0000][info][gc,phases      ] GC(796)   Merge Heap Roots: 0.3ms
[2024-08-28T13:06:21.601+0000][info][gc,phases      ] GC(796)   Evacuate Collection Set: 6.0ms
[2024-08-28T13:06:21.601+0000][info][gc,phases      ] GC(796)   Post Evacuate Collection Set: 0.4ms
[2024-08-28T13:06:21.601+0000][info][gc,phases      ] GC(796)   Other: 0.2ms
[2024-08-28T13:06:21.601+0000][info][gc,heap        ] GC(796) Eden regions: 16->0(44)
[2024-08-28T13:06:21.601+0000][info][gc,heap        ] GC(796) Survivor regions: 7->7(7)
[2024-08-28T13:06:21.601+0000][info][gc,heap        ] GC(796) Old regions: 968->884
[2024-08-28T13:06:21.601+0000][info][gc,heap        ] GC(796) Archive regions: 2->2
[2024-08-28T13:06:21.601+0000][info][gc,heap        ] GC(796) Humongous regions: 5->5
[2024-08-28T13:06:21.601+0000][info][gc,metaspace   ] GC(796) Metaspace: 100K(320K)->100K(320K) NonClass: 96K(192K)->96K(192K) Class: 4K(128K)->4K(128K)
[2024-08-28T13:06:21.601+0000][info][gc             ] GC(796) Pause Young (Mixed) (G1 Preventive Collection) 996M->896M(1024M) 7.196ms
[2024-08-28T13:06:21.601+0000][info][gc,cpu         ] GC(796) User=0.14s Sys=0.01s Real=0.01s
[2024-08-28T13:06:21.627+0000][info][gc,start       ] GC(797) Pause Young (Mixed) (G1 Evacuation Pause)
[2024-08-28T13:06:21.627+0000][info][gc,task        ] GC(797) Using 24 workers of 68 for evacuation
[2024-08-28T13:06:21.639+0000][info][gc,phases      ] GC(797)   Pre Evacuate Collection Set: 0.2ms
[2024-08-28T13:06:21.639+0000][info][gc,phases      ] GC(797)   Merge Heap Roots: 0.4ms
[2024-08-28T13:06:21.639+0000][info][gc,phases      ] GC(797)   Evacuate Collection Set: 10.3ms
[2024-08-28T13:06:21.639+0000][info][gc,phases      ] GC(797)   Post Evacuate Collection Set: 0.4ms
[2024-08-28T13:06:21.639+0000][info][gc,phases      ] GC(797)   Other: 0.3ms
[2024-08-28T13:06:21.639+0000][info][gc,heap        ] GC(797) Eden regions: 44->0(44)
[2024-08-28T13:06:21.639+0000][info][gc,heap        ] GC(797) Survivor regions: 7->7(7)
[2024-08-28T13:06:21.639+0000][info][gc,heap        ] GC(797) Old regions: 884->825
[2024-08-28T13:06:21.639+0000][info][gc,heap        ] GC(797) Archive regions: 2->2
[2024-08-28T13:06:21.639+0000][info][gc,heap        ] GC(797) Humongous regions: 5->5
[2024-08-28T13:06:21.639+0000][info][gc,metaspace   ] GC(797) Metaspace: 100K(320K)->100K(320K) NonClass: 96K(192K)->96K(192K) Class: 4K(128K)->4K(128K)
[2024-08-28T13:06:21.639+0000][info][gc             ] GC(797) Pause Young (Mixed) (G1 Evacuation Pause) 940M->837M(1024M) 11.815ms
[2024-08-28T13:06:21.639+0000][info][gc,cpu         ] GC(797) User=0.25s Sys=0.00s Real=0.02s
[2024-08-28T13:06:21.666+0000][info][gc,start       ] GC(798) Pause Young (Mixed) (G1 Evacuation Pause)
[2024-08-28T13:06:21.666+0000][info][gc,task        ] GC(798) Using 24 workers of 68 for evacuation
[2024-08-28T13:06:21.678+0000][info][gc,phases      ] GC(798)   Pre Evacuate Collection Set: 0.2ms
[2024-08-28T13:06:21.678+0000][info][gc,phases      ] GC(798)   Merge Heap Roots: 0.4ms
[2024-08-28T13:06:21.678+0000][info][gc,phases      ] GC(798)   Evacuate Collection Set: 10.8ms
[2024-08-28T13:06:21.678+0000][info][gc,phases      ] GC(798)   Post Evacuate Collection Set: 0.5ms
[2024-08-28T13:06:21.678+0000][info][gc,phases      ] GC(798)   Other: 0.3ms
[2024-08-28T13:06:21.678+0000][info][gc,heap        ] GC(798) Eden regions: 44->0(44)
[2024-08-28T13:06:21.678+0000][info][gc,heap        ] GC(798) Survivor regions: 7->7(7)
[2024-08-28T13:06:21.678+0000][info][gc,heap        ] GC(798) Old regions: 825->769
[2024-08-28T13:06:21.678+0000][info][gc,heap        ] GC(798) Archive regions: 2->2
[2024-08-28T13:06:21.678+0000][info][gc,heap        ] GC(798) Humongous regions: 5->5
[2024-08-28T13:06:21.678+0000][info][gc,metaspace   ] GC(798) Metaspace: 100K(320K)->100K(320K) NonClass: 96K(192K)->96K(192K) Class: 4K(128K)->4K(128K)
[2024-08-28T13:06:21.678+0000][info][gc             ] GC(798) Pause Young (Mixed) (G1 Evacuation Pause) 881M->781M(1024M) 12.284ms
[2024-08-28T13:06:21.678+0000][info][gc,cpu         ] GC(798) User=0.26s Sys=0.01s Real=0.02s
[2024-08-28T13:06:21.704+0000][info][gc,start       ] GC(799) Pause Young (Mixed) (G1 Evacuation Pause)
[2024-08-28T13:06:21.704+0000][info][gc,task        ] GC(799) Using 24 workers of 68 for evacuation
[2024-08-28T13:06:21.716+0000][info][gc,phases      ] GC(799)   Pre Evacuate Collection Set: 0.2ms
[2024-08-28T13:06:21.716+0000][info][gc,phases      ] GC(799)   Merge Heap Roots: 0.3ms
[2024-08-28T13:06:21.716+0000][info][gc,phases      ] GC(799)   Evacuate Collection Set: 10.6ms
[2024-08-28T13:06:21.716+0000][info][gc,phases      ] GC(799)   Post Evacuate Collection Set: 0.4ms
[2024-08-28T13:06:21.716+0000][info][gc,phases      ] GC(799)   Other: 0.3ms
[2024-08-28T13:06:21.716+0000][info][gc,heap        ] GC(799) Eden regions: 44->0(44)
[2024-08-28T13:06:21.716+0000][info][gc,heap        ] GC(799) Survivor regions: 7->7(7)
[2024-08-28T13:06:21.716+0000][info][gc,heap        ] GC(799) Old regions: 769->778
[2024-08-28T13:06:21.716+0000][info][gc,heap        ] GC(799) Archive regions: 2->2
[2024-08-28T13:06:21.716+0000][info][gc,heap        ] GC(799) Humongous regions: 5->5
[2024-08-28T13:06:21.716+0000][info][gc,metaspace   ] GC(799) Metaspace: 100K(320K)->100K(320K) NonClass: 96K(192K)->96K(192K) Class: 4K(128K)->4K(128K)
[2024-08-28T13:06:21.716+0000][info][gc             ] GC(799) Pause Young (Mixed) (G1 Evacuation Pause) 825M->790M(1024M) 11.946ms
[2024-08-28T13:06:21.716+0000][info][gc,cpu         ] GC(799) User=0.26s Sys=0.00s Real=0.01s
[2024-08-28T13:06:21.742+0000][info][gc,start       ] GC(800) Pause Young (Concurrent Start) (G1 Evacuation Pause)
[2024-08-28T13:06:21.743+0000][info][gc,task        ] GC(800) Using 24 workers of 68 for evacuation
[2024-08-28T13:06:21.755+0000][info][gc,phases      ] GC(800)   Pre Evacuate Collection Set: 0.2ms
[2024-08-28T13:06:21.755+0000][info][gc,phases      ] GC(800)   Merge Heap Roots: 0.4ms
[2024-08-28T13:06:21.755+0000][info][gc,phases      ] GC(800)   Evacuate Collection Set: 10.4ms
[2024-08-28T13:06:21.755+0000][info][gc,phases      ] GC(800)   Post Evacuate Collection Set: 0.3ms
[2024-08-28T13:06:21.755+0000][info][gc,phases      ] GC(800)   Other: 0.9ms
[2024-08-28T13:06:21.755+0000][info][gc,heap        ] GC(800) Eden regions: 44->0(44)
[2024-08-28T13:06:21.755+0000][info][gc,heap        ] GC(800) Survivor regions: 7->7(7)
[2024-08-28T13:06:21.755+0000][info][gc,heap        ] GC(800) Old regions: 778->824
[2024-08-28T13:06:21.755+0000][info][gc,heap        ] GC(800) Archive regions: 2->2
[2024-08-28T13:06:21.755+0000][info][gc,heap        ] GC(800) Humongous regions: 5->5
[2024-08-28T13:06:21.755+0000][info][gc,metaspace   ] GC(800) Metaspace: 100K(320K)->100K(320K) NonClass: 96K(192K)->96K(192K) Class: 4K(128K)->4K(128K)
[2024-08-28T13:06:21.755+0000][info][gc             ] GC(800) Pause Young (Concurrent Start) (G1 Evacuation Pause) 834M->836M(1024M) 12.308ms
[2024-08-28T13:06:21.755+0000][info][gc,cpu         ] GC(800) User=0.26s Sys=0.00s Real=0.01s
[2024-08-28T13:06:21.755+0000][info][gc             ] GC(801) Concurrent Mark Cycle
[2024-08-28T13:06:21.755+0000][info][gc,marking     ] GC(801) Concurrent Clear Claimed Marks
[2024-08-28T13:06:21.755+0000][info][gc,marking     ] GC(801) Concurrent Clear Claimed Marks 0.009ms
[2024-08-28T13:06:21.755+0000][info][gc,marking     ] GC(801) Concurrent Scan Root Regions
[2024-08-28T13:06:21.757+0000][info][gc,marking     ] GC(801) Concurrent Scan Root Regions 1.794ms
[2024-08-28T13:06:21.757+0000][info][gc,marking     ] GC(801) Concurrent Mark
[2024-08-28T13:06:21.757+0000][info][gc,marking     ] GC(801) Concurrent Mark From Roots
[2024-08-28T13:06:21.757+0000][info][gc,task        ] GC(801) Using 17 workers of 17 for marking
[2024-08-28T13:06:21.784+0000][info][gc,marking     ] GC(801) Concurrent Mark From Roots 27.499ms
[2024-08-28T13:06:21.784+0000][info][gc,marking     ] GC(801) Concurrent Preclean
[2024-08-28T13:06:21.785+0000][info][gc,marking     ] GC(801) Concurrent Preclean 0.846ms
[2024-08-28T13:06:21.786+0000][info][gc,start       ] GC(801) Pause Remark
[2024-08-28T13:06:21.788+0000][info][gc             ] GC(801) Pause Remark 871M->871M(1024M) 1.805ms
[2024-08-28T13:06:21.788+0000][info][gc,cpu         ] GC(801) User=0.00s Sys=0.00s Real=0.00s
[2024-08-28T13:06:21.788+0000][info][gc,marking     ] GC(801) Concurrent Mark 30.972ms
[2024-08-28T13:06:21.788+0000][info][gc,marking     ] GC(801) Concurrent Rebuild Remembered Sets
[2024-08-28T13:06:21.795+0000][info][gc,start       ] GC(802) Pause Young (Normal) (G1 Evacuation Pause)
[2024-08-28T13:06:21.795+0000][info][gc,task        ] GC(802) Using 24 workers of 68 for evacuation
[2024-08-28T13:06:21.806+0000][info][gc,phases      ] GC(802)   Pre Evacuate Collection Set: 0.2ms
[2024-08-28T13:06:21.806+0000][info][gc,phases      ] GC(802)   Merge Heap Roots: 0.4ms
[2024-08-28T13:06:21.806+0000][info][gc,phases      ] GC(802)   Evacuate Collection Set: 10.5ms
[2024-08-28T13:06:21.806+0000][info][gc,phases      ] GC(802)   Post Evacuate Collection Set: 0.5ms
[2024-08-28T13:06:21.806+0000][info][gc,phases      ] GC(802)   Other: 0.2ms
[2024-08-28T13:06:21.806+0000][info][gc,heap        ] GC(802) Eden regions: 44->0(44)
[2024-08-28T13:06:21.806+0000][info][gc,heap        ] GC(802) Survivor regions: 7->7(7)
[2024-08-28T13:06:21.806+0000][info][gc,heap        ] GC(802) Old regions: 824->870
[2024-08-28T13:06:21.806+0000][info][gc,heap        ] GC(802) Archive regions: 2->2
[2024-08-28T13:06:21.806+0000][info][gc,heap        ] GC(802) Humongous regions: 5->5
[2024-08-28T13:06:21.806+0000][info][gc,metaspace   ] GC(802) Metaspace: 100K(320K)->100K(320K) NonClass: 96K(192K)->96K(192K) Class: 4K(128K)->4K(128K)
[2024-08-28T13:06:21.807+0000][info][gc             ] GC(802) Pause Young (Normal) (G1 Evacuation Pause) 880M->882M(1024M) 11.874ms
[2024-08-28T13:06:21.807+0000][info][gc,cpu         ] GC(802) User=0.26s Sys=0.00s Real=0.01s
[2024-08-28T13:06:21.838+0000][info][gc,start       ] GC(803) Pause Young (Normal) (G1 Evacuation Pause)
[2024-08-28T13:06:21.838+0000][info][gc,task        ] GC(803) Using 24 workers of 68 for evacuation
[2024-08-28T13:06:21.853+0000][info][gc,phases      ] GC(803)   Pre Evacuate Collection Set: 0.2ms
[2024-08-28T13:06:21.853+0000][info][gc,phases      ] GC(803)   Merge Heap Roots: 0.5ms
[2024-08-28T13:06:21.853+0000][info][gc,phases      ] GC(803)   Evacuate Collection Set: 14.0ms
[2024-08-28T13:06:21.853+0000][info][gc,phases      ] GC(803)   Post Evacuate Collection Set: 0.6ms
[2024-08-28T13:06:21.853+0000][info][gc,phases      ] GC(803)   Other: 0.3ms
[2024-08-28T13:06:21.853+0000][info][gc,heap        ] GC(803) Eden regions: 44->0(44)
[2024-08-28T13:06:21.853+0000][info][gc,heap        ] GC(803) Survivor regions: 7->7(7)
[2024-08-28T13:06:21.853+0000][info][gc,heap        ] GC(803) Old regions: 870->917
[2024-08-28T13:06:21.853+0000][info][gc,heap        ] GC(803) Archive regions: 2->2
[2024-08-28T13:06:21.853+0000][info][gc,heap        ] GC(803) Humongous regions: 5->5
[2024-08-28T13:06:21.853+0000][info][gc,metaspace   ] GC(803) Metaspace: 100K(320K)->100K(320K) NonClass: 96K(192K)->96K(192K) Class: 4K(128K)->4K(128K)
[2024-08-28T13:06:21.853+0000][info][gc             ] GC(803) Pause Young (Normal) (G1 Evacuation Pause) 926M->929M(1024M) 15.679ms
[2024-08-28T13:06:21.853+0000][info][gc,cpu         ] GC(803) User=0.35s Sys=0.01s Real=0.01s
[2024-08-28T13:06:21.874+0000][info][gc,marking     ] GC(801) Concurrent Rebuild Remembered Sets 86.295ms
[2024-08-28T13:06:21.874+0000][info][gc,start       ] GC(801) Pause Cleanup
[2024-08-28T13:06:21.877+0000][info][gc             ] GC(801) Pause Cleanup 958M->958M(1024M) 2.804ms
[2024-08-28T13:06:21.877+0000][info][gc,cpu         ] GC(801) User=0.01s Sys=0.01s Real=0.00s
[2024-08-28T13:06:21.877+0000][info][gc,marking     ] GC(801) Concurrent Cleanup for Next Mark
[2024-08-28T13:06:21.878+0000][info][gc,marking     ] GC(801) Concurrent Cleanup for Next Mark 0.972ms
[2024-08-28T13:06:21.878+0000][info][gc             ] GC(801) Concurrent Mark Cycle 123.493ms
[2024-08-28T13:06:21.886+0000][info][gc,start       ] GC(804) Pause Young (Prepare Mixed) (G1 Preventive Collection)
[2024-08-28T13:06:21.886+0000][info][gc,task        ] GC(804) Using 24 workers of 68 for evacuation
[2024-08-28T13:06:21.904+0000][info][gc,phases      ] GC(804)   Pre Evacuate Collection Set: 0.2ms
[2024-08-28T13:06:21.905+0000][info][gc,phases      ] GC(804)   Merge Heap Roots: 0.6ms
[2024-08-28T13:06:21.905+0000][info][gc,phases      ] GC(804)   Evacuate Collection Set: 16.8ms
[2024-08-28T13:06:21.905+0000][info][gc,phases      ] GC(804)   Post Evacuate Collection Set: 0.4ms
[2024-08-28T13:06:21.905+0000][info][gc,phases      ] GC(804)   Other: 0.3ms
[2024-08-28T13:06:21.905+0000][info][gc,heap        ] GC(804) Eden regions: 41->0(44)
[2024-08-28T13:06:21.905+0000][info][gc,heap        ] GC(804) Survivor regions: 7->7(7)
[2024-08-28T13:06:21.905+0000][info][gc,heap        ] GC(804) Old regions: 917->960
[2024-08-28T13:06:21.905+0000][info][gc,heap        ] GC(804) Archive regions: 2->2
[2024-08-28T13:06:21.905+0000][info][gc,heap        ] GC(804) Humongous regions: 5->5
[2024-08-28T13:06:21.905+0000][info][gc,metaspace   ] GC(804) Metaspace: 100K(320K)->100K(320K) NonClass: 96K(192K)->96K(192K) Class: 4K(128K)->4K(128K)
[2024-08-28T13:06:21.905+0000][info][gc             ] GC(804) Pause Young (Prepare Mixed) (G1 Preventive Collection) 970M->972M(1024M) 18.467ms
[2024-08-28T13:06:21.905+0000][info][gc,cpu         ] GC(804) User=0.42s Sys=0.00s Real=0.02s
[2024-08-28T13:06:21.918+0000][info][gc,start       ] GC(805) Pause Young (Mixed) (G1 Preventive Collection)
[2024-08-28T13:06:21.918+0000][info][gc,task        ] GC(805) Using 24 workers of 68 for evacuation
[2024-08-28T13:06:21.927+0000][info][gc,phases      ] GC(805)   Pre Evacuate Collection Set: 0.2ms
[2024-08-28T13:06:21.927+0000][info][gc,phases      ] GC(805)   Merge Heap Roots: 0.3ms
[2024-08-28T13:06:21.927+0000][info][gc,phases      ] GC(805)   Evacuate Collection Set: 7.4ms
[2024-08-28T13:06:21.927+0000][info][gc,phases      ] GC(805)   Post Evacuate Collection Set: 0.4ms
[2024-08-28T13:06:21.927+0000][info][gc,phases      ] GC(805)   Other: 0.3ms
[2024-08-28T13:06:21.927+0000][info][gc,heap        ] GC(805) Eden regions: 20->0(44)
[2024-08-28T13:06:21.927+0000][info][gc,heap        ] GC(805) Survivor regions: 7->7(7)
[2024-08-28T13:06:21.927+0000][info][gc,heap        ] GC(805) Old regions: 960->880
[2024-08-28T13:06:21.927+0000][info][gc,heap        ] GC(805) Archive regions: 2->2
[2024-08-28T13:06:21.927+0000][info][gc,heap        ] GC(805) Humongous regions: 5->5
[2024-08-28T13:06:21.927+0000][info][gc,metaspace   ] GC(805) Metaspace: 100K(320K)->100K(320K) NonClass: 96K(192K)->96K(192K) Class: 4K(128K)->4K(128K)
[2024-08-28T13:06:21.927+0000][info][gc             ] GC(805) Pause Young (Mixed) (G1 Preventive Collection) 992M->892M(1024M) 8.835ms
[2024-08-28T13:06:21.927+0000][info][gc,cpu         ] GC(805) User=0.19s Sys=0.00s Real=0.00s
[2024-08-28T13:06:21.954+0000][info][gc,start       ] GC(806) Pause Young (Mixed) (G1 Evacuation Pause)
[2024-08-28T13:06:21.954+0000][info][gc,task        ] GC(806) Using 24 workers of 68 for evacuation
[2024-08-28T13:06:21.966+0000][info][gc,phases      ] GC(806)   Pre Evacuate Collection Set: 0.2ms
[2024-08-28T13:06:21.966+0000][info][gc,phases      ] GC(806)   Merge Heap Roots: 0.4ms
[2024-08-28T13:06:21.966+0000][info][gc,phases      ] GC(806)   Evacuate Collection Set: 10.7ms
[2024-08-28T13:06:21.966+0000][info][gc,phases      ] GC(806)   Post Evacuate Collection Set: 0.5ms
[2024-08-28T13:06:21.966+0000][info][gc,phases      ] GC(806)   Other: 0.4ms
[2024-08-28T13:06:21.966+0000][info][gc,heap        ] GC(806) Eden regions: 44->0(44)
[2024-08-28T13:06:21.966+0000][info][gc,heap        ] GC(806) Survivor regions: 7->7(7)
[2024-08-28T13:06:21.966+0000][info][gc,heap        ] GC(806) Old regions: 880->823
[2024-08-28T13:06:21.966+0000][info][gc,heap        ] GC(806) Archive regions: 2->2
[2024-08-28T13:06:21.966+0000][info][gc,heap        ] GC(806) Humongous regions: 5->5
[2024-08-28T13:06:21.966+0000][info][gc,metaspace   ] GC(806) Metaspace: 100K(320K)->100K(320K) NonClass: 96K(192K)->96K(192K) Class: 4K(128K)->4K(128K)
[2024-08-28T13:06:21.966+0000][info][gc             ] GC(806) Pause Young (Mixed) (G1 Evacuation Pause) 936M->835M(1024M) 12.373ms
[2024-08-28T13:06:21.966+0000][info][gc,cpu         ] GC(806) User=0.26s Sys=0.01s Real=0.01s
[2024-08-28T13:06:21.993+0000][info][gc,start       ] GC(807) Pause Young (Mixed) (G1 Evacuation Pause)
[2024-08-28T13:06:21.993+0000][info][gc,task        ] GC(807) Using 24 workers of 68 for evacuation
[2024-08-28T13:06:22.006+0000][info][gc,phases      ] GC(807)   Pre Evacuate Collection Set: 0.3ms
[2024-08-28T13:06:22.006+0000][info][gc,phases      ] GC(807)   Merge Heap Roots: 0.5ms
[2024-08-28T13:06:22.006+0000][info][gc,phases      ] GC(807)   Evacuate Collection Set: 11.3ms
[2024-08-28T13:06:22.006+0000][info][gc,phases      ] GC(807)   Post Evacuate Collection Set: 0.5ms
[2024-08-28T13:06:22.006+0000][info][gc,phases      ] GC(807)   Other: 0.3ms
[2024-08-28T13:06:22.006+0000][info][gc,heap        ] GC(807) Eden regions: 44->0(44)
[2024-08-28T13:06:22.006+0000][info][gc,heap        ] GC(807) Survivor regions: 7->7(7)
[2024-08-28T13:06:22.006+0000][info][gc,heap        ] GC(807) Old regions: 823->767
[2024-08-28T13:06:22.006+0000][info][gc,heap        ] GC(807) Archive regions: 2->2
[2024-08-28T13:06:22.006+0000][info][gc,heap        ] GC(807) Humongous regions: 5->5
[2024-08-28T13:06:22.006+0000][info][gc,metaspace   ] GC(807) Metaspace: 100K(320K)->100K(320K) NonClass: 96K(192K)->96K(192K) Class: 4K(128K)->4K(128K)
[2024-08-28T13:06:22.006+0000][info][gc             ] GC(807) Pause Young (Mixed) (G1 Evacuation Pause) 879M->779M(1024M) 12.939ms
[2024-08-28T13:06:22.006+0000][info][gc,cpu         ] GC(807) User=0.28s Sys=0.00s Real=0.01s
[2024-08-28T13:06:22.034+0000][info][gc,start       ] GC(808) Pause Young (Mixed) (G1 Evacuation Pause)
[2024-08-28T13:06:22.034+0000][info][gc,task        ] GC(808) Using 24 workers of 68 for evacuation
[2024-08-28T13:06:22.046+0000][info][gc,phases      ] GC(808)   Pre Evacuate Collection Set: 0.2ms
[2024-08-28T13:06:22.046+0000][info][gc,phases      ] GC(808)   Merge Heap Roots: 0.4ms
[2024-08-28T13:06:22.047+0000][info][gc,phases      ] GC(808)   Evacuate Collection Set: 11.5ms
[2024-08-28T13:06:22.047+0000][info][gc,phases      ] GC(808)   Post Evacuate Collection Set: 0.4ms
[2024-08-28T13:06:22.047+0000][info][gc,phases      ] GC(808)   Other: 0.3ms
[2024-08-28T13:06:22.047+0000][info][gc,heap        ] GC(808) Eden regions: 44->0(44)
[2024-08-28T13:06:22.047+0000][info][gc,heap        ] GC(808) Survivor regions: 7->7(7)
[2024-08-28T13:06:22.047+0000][info][gc,heap        ] GC(808) Old regions: 767->790
[2024-08-28T13:06:22.047+0000][info][gc,heap        ] GC(808) Archive regions: 2->2
[2024-08-28T13:06:22.047+0000][info][gc,heap        ] GC(808) Humongous regions: 5->5
[2024-08-28T13:06:22.047+0000][info][gc,metaspace   ] GC(808) Metaspace: 100K(320K)->100K(320K) NonClass: 96K(192K)->96K(192K) Class: 4K(128K)->4K(128K)
[2024-08-28T13:06:22.047+0000][info][gc             ] GC(808) Pause Young (Mixed) (G1 Evacuation Pause) 823M->802M(1024M) 12.878ms
[2024-08-28T13:06:22.047+0000][info][gc,cpu         ] GC(808) User=0.28s Sys=0.00s Real=0.01s
[2024-08-28T13:06:22.075+0000][info][gc,start       ] GC(809) Pause Young (Concurrent Start) (G1 Evacuation Pause)
[2024-08-28T13:06:22.075+0000][info][gc,task        ] GC(809) Using 24 workers of 68 for evacuation
[2024-08-28T13:06:22.088+0000][info][gc,phases      ] GC(809)   Pre Evacuate Collection Set: 0.2ms
[2024-08-28T13:06:22.088+0000][info][gc,phases      ] GC(809)   Merge Heap Roots: 0.4ms
[2024-08-28T13:06:22.088+0000][info][gc,phases      ] GC(809)   Evacuate Collection Set: 10.6ms
[2024-08-28T13:06:22.088+0000][info][gc,phases      ] GC(809)   Post Evacuate Collection Set: 0.4ms
[2024-08-28T13:06:22.088+0000][info][gc,phases      ] GC(809)   Other: 1.0ms
[2024-08-28T13:06:22.088+0000][info][gc,heap        ] GC(809) Eden regions: 44->0(44)
[2024-08-28T13:06:22.088+0000][info][gc,heap        ] GC(809) Survivor regions: 7->7(7)
[2024-08-28T13:06:22.088+0000][info][gc,heap        ] GC(809) Old regions: 790->837
[2024-08-28T13:06:22.088+0000][info][gc,heap        ] GC(809) Archive regions: 2->2
[2024-08-28T13:06:22.088+0000][info][gc,heap        ] GC(809) Humongous regions: 5->5
[2024-08-28T13:06:22.088+0000][info][gc,metaspace   ] GC(809) Metaspace: 100K(320K)->100K(320K) NonClass: 96K(192K)->96K(192K) Class: 4K(128K)->4K(128K)
[2024-08-28T13:06:22.088+0000][info][gc             ] GC(809) Pause Young (Concurrent Start) (G1 Evacuation Pause) 846M->849M(1024M) 12.763ms
[2024-08-28T13:06:22.088+0000][info][gc,cpu         ] GC(809) User=0.26s Sys=0.00s Real=0.01s
[2024-08-28T13:06:22.088+0000][info][gc             ] GC(810) Concurrent Mark Cycle
[2024-08-28T13:06:22.088+0000][info][gc,marking     ] GC(810) Concurrent Clear Claimed Marks
[2024-08-28T13:06:22.088+0000][info][gc,marking     ] GC(810) Concurrent Clear Claimed Marks 0.010ms
[2024-08-28T13:06:22.088+0000][info][gc,marking     ] GC(810) Concurrent Scan Root Regions
[2024-08-28T13:06:22.090+0000][info][gc,marking     ] GC(810) Concurrent Scan Root Regions 1.910ms
[2024-08-28T13:06:22.090+0000][info][gc,marking     ] GC(810) Concurrent Mark
[2024-08-28T13:06:22.090+0000][info][gc,marking     ] GC(810) Concurrent Mark From Roots
[2024-08-28T13:06:22.090+0000][info][gc,task        ] GC(810) Using 17 workers of 17 for marking
[2024-08-28T13:06:22.117+0000][info][gc,marking     ] GC(810) Concurrent Mark From Roots 26.774ms
[2024-08-28T13:06:22.117+0000][info][gc,marking     ] GC(810) Concurrent Preclean
[2024-08-28T13:06:22.117+0000][info][gc,marking     ] GC(810) Concurrent Preclean 0.502ms
[2024-08-28T13:06:22.118+0000][info][gc,start       ] GC(810) Pause Remark
[2024-08-28T13:06:22.120+0000][info][gc             ] GC(810) Pause Remark 881M->881M(1024M) 1.937ms
[2024-08-28T13:06:22.120+0000][info][gc,cpu         ] GC(810) User=0.01s Sys=0.00s Real=0.00s
[2024-08-28T13:06:22.120+0000][info][gc,marking     ] GC(810) Concurrent Mark 29.757ms
[2024-08-28T13:06:22.120+0000][info][gc,marking     ] GC(810) Concurrent Rebuild Remembered Sets
[2024-08-28T13:06:22.129+0000][info][gc,start       ] GC(811) Pause Young (Normal) (G1 Evacuation Pause)
[2024-08-28T13:06:22.129+0000][info][gc,task        ] GC(811) Using 24 workers of 68 for evacuation
[2024-08-28T13:06:22.141+0000][info][gc,phases      ] GC(811)   Pre Evacuate Collection Set: 0.2ms
[2024-08-28T13:06:22.141+0000][info][gc,phases      ] GC(811)   Merge Heap Roots: 0.4ms
[2024-08-28T13:06:22.141+0000][info][gc,phases      ] GC(811)   Evacuate Collection Set: 10.3ms
[2024-08-28T13:06:22.141+0000][info][gc,phases      ] GC(811)   Post Evacuate Collection Set: 0.5ms
[2024-08-28T13:06:22.141+0000][info][gc,phases      ] GC(811)   Other: 0.3ms
[2024-08-28T13:06:22.141+0000][info][gc,heap        ] GC(811) Eden regions: 44->0(44)
[2024-08-28T13:06:22.141+0000][info][gc,heap        ] GC(811) Survivor regions: 7->7(7)
[2024-08-28T13:06:22.141+0000][info][gc,heap        ] GC(811) Old regions: 837->883
[2024-08-28T13:06:22.141+0000][info][gc,heap        ] GC(811) Archive regions: 2->2
[2024-08-28T13:06:22.141+0000][info][gc,heap        ] GC(811) Humongous regions: 5->5
[2024-08-28T13:06:22.141+0000][info][gc,metaspace   ] GC(811) Metaspace: 100K(320K)->100K(320K) NonClass: 96K(192K)->96K(192K) Class: 4K(128K)->4K(128K)
[2024-08-28T13:06:22.141+0000][info][gc             ] GC(811) Pause Young (Normal) (G1 Evacuation Pause) 893M->895M(1024M) 11.788ms
[2024-08-28T13:06:22.141+0000][info][gc,cpu         ] GC(811) User=0.25s Sys=0.00s Real=0.02s
[2024-08-28T13:06:22.173+0000][info][gc,start       ] GC(812) Pause Young (Normal) (G1 Evacuation Pause)
[2024-08-28T13:06:22.173+0000][info][gc,task        ] GC(812) Using 24 workers of 68 for evacuation
[2024-08-28T13:06:22.189+0000][info][gc,phases      ] GC(812)   Pre Evacuate Collection Set: 0.2ms
[2024-08-28T13:06:22.189+0000][info][gc,phases      ] GC(812)   Merge Heap Roots: 0.5ms
[2024-08-28T13:06:22.189+0000][info][gc,phases      ] GC(812)   Evacuate Collection Set: 14.4ms
[2024-08-28T13:06:22.189+0000][info][gc,phases      ] GC(812)   Post Evacuate Collection Set: 0.6ms
[2024-08-28T13:06:22.189+0000][info][gc,phases      ] GC(812)   Other: 0.3ms
[2024-08-28T13:06:22.189+0000][info][gc,heap        ] GC(812) Eden regions: 44->0(44)
[2024-08-28T13:06:22.189+0000][info][gc,heap        ] GC(812) Survivor regions: 7->7(7)
[2024-08-28T13:06:22.189+0000][info][gc,heap        ] GC(812) Old regions: 883->930
[2024-08-28T13:06:22.189+0000][info][gc,heap        ] GC(812) Archive regions: 2->2
[2024-08-28T13:06:22.189+0000][info][gc,heap        ] GC(812) Humongous regions: 5->5
[2024-08-28T13:06:22.189+0000][info][gc,metaspace   ] GC(812) Metaspace: 100K(320K)->100K(320K) NonClass: 96K(192K)->96K(192K) Class: 4K(128K)->4K(128K)
[2024-08-28T13:06:22.189+0000][info][gc             ] GC(812) Pause Young (Normal) (G1 Evacuation Pause) 939M->942M(1024M) 16.151ms
[2024-08-28T13:06:22.189+0000][info][gc,cpu         ] GC(812) User=0.36s Sys=0.00s Real=0.01s
[2024-08-28T13:06:22.206+0000][info][gc,marking     ] GC(810) Concurrent Rebuild Remembered Sets 86.381ms
[2024-08-28T13:06:22.207+0000][info][gc,start       ] GC(810) Pause Cleanup
[2024-08-28T13:06:22.210+0000][info][gc             ] GC(810) Pause Cleanup 966M->966M(1024M) 3.058ms
[2024-08-28T13:06:22.210+0000][info][gc,cpu         ] GC(810) User=0.00s Sys=0.00s Real=0.01s
[2024-08-28T13:06:22.210+0000][info][gc,marking     ] GC(810) Concurrent Cleanup for Next Mark
[2024-08-28T13:06:22.211+0000][info][gc,marking     ] GC(810) Concurrent Cleanup for Next Mark 0.985ms
[2024-08-28T13:06:22.211+0000][info][gc             ] GC(810) Concurrent Mark Cycle 122.853ms
[2024-08-28T13:06:22.219+0000][info][gc,start       ] GC(813) Pause Young (Prepare Mixed) (G1 Preventive Collection)
[2024-08-28T13:06:22.219+0000][info][gc,task        ] GC(813) Using 24 workers of 68 for evacuation
[2024-08-28T13:06:22.236+0000][info][gc,phases      ] GC(813)   Pre Evacuate Collection Set: 0.2ms
[2024-08-28T13:06:22.236+0000][info][gc,phases      ] GC(813)   Merge Heap Roots: 0.6ms
[2024-08-28T13:06:22.236+0000][info][gc,phases      ] GC(813)   Evacuate Collection Set: 15.5ms
[2024-08-28T13:06:22.236+0000][info][gc,phases      ] GC(813)   Post Evacuate Collection Set: 0.4ms
[2024-08-28T13:06:22.236+0000][info][gc,phases      ] GC(813)   Other: 0.3ms
[2024-08-28T13:06:22.236+0000][info][gc,heap        ] GC(813) Eden regions: 35->0(44)
[2024-08-28T13:06:22.236+0000][info][gc,heap        ] GC(813) Survivor regions: 7->7(7)
[2024-08-28T13:06:22.236+0000][info][gc,heap        ] GC(813) Old regions: 930->968
[2024-08-28T13:06:22.236+0000][info][gc,heap        ] GC(813) Archive regions: 2->2
[2024-08-28T13:06:22.236+0000][info][gc,heap        ] GC(813) Humongous regions: 5->5
[2024-08-28T13:06:22.236+0000][info][gc,metaspace   ] GC(813) Metaspace: 100K(320K)->100K(320K) NonClass: 96K(192K)->96K(192K) Class: 4K(128K)->4K(128K)
[2024-08-28T13:06:22.236+0000][info][gc             ] GC(813) Pause Young (Prepare Mixed) (G1 Preventive Collection) 977M->980M(1024M) 17.093ms
[2024-08-28T13:06:22.236+0000][info][gc,cpu         ] GC(813) User=0.38s Sys=0.00s Real=0.01s
[2024-08-28T13:06:22.247+0000][info][gc,start       ] GC(814) Pause Young (Mixed) (G1 Preventive Collection)
[2024-08-28T13:06:22.247+0000][info][gc,task        ] GC(814) Using 24 workers of 68 for evacuation
[2024-08-28T13:06:22.254+0000][info][gc             ] GC(814) To-space exhausted
[2024-08-28T13:06:22.254+0000][info][gc,phases      ] GC(814)   Pre Evacuate Collection Set: 0.2ms
[2024-08-28T13:06:22.255+0000][info][gc,phases      ] GC(814)   Merge Heap Roots: 0.3ms
[2024-08-28T13:06:22.255+0000][info][gc,phases      ] GC(814)   Evacuate Collection Set: 6.1ms
[2024-08-28T13:06:22.255+0000][info][gc,phases      ] GC(814)   Post Evacuate Collection Set: 0.7ms
[2024-08-28T13:06:22.255+0000][info][gc,phases      ] GC(814)   Other: 0.3ms
[2024-08-28T13:06:22.255+0000][info][gc,heap        ] GC(814) Eden regions: 16->0(44)
[2024-08-28T13:06:22.255+0000][info][gc,heap        ] GC(814) Survivor regions: 7->7(7)
[2024-08-28T13:06:22.255+0000][info][gc,heap        ] GC(814) Old regions: 968->908
[2024-08-28T13:06:22.255+0000][info][gc,heap        ] GC(814) Archive regions: 2->2
[2024-08-28T13:06:22.255+0000][info][gc,heap        ] GC(814) Humongous regions: 5->5
[2024-08-28T13:06:22.255+0000][info][gc,metaspace   ] GC(814) Metaspace: 100K(320K)->100K(320K) NonClass: 96K(192K)->96K(192K) Class: 4K(128K)->4K(128K)
[2024-08-28T13:06:22.255+0000][info][gc             ] GC(814) Pause Young (Mixed) (G1 Preventive Collection) 996M->920M(1024M) 7.853ms
[2024-08-28T13:06:22.255+0000][info][gc,cpu         ] GC(814) User=0.15s Sys=0.01s Real=0.01s
[2024-08-28T13:06:22.282+0000][info][gc,start       ] GC(815) Pause Young (Mixed) (G1 Evacuation Pause)
[2024-08-28T13:06:22.282+0000][info][gc,task        ] GC(815) Using 24 workers of 68 for evacuation
[2024-08-28T13:06:22.293+0000][info][gc,phases      ] GC(815)   Pre Evacuate Collection Set: 0.2ms
[2024-08-28T13:06:22.294+0000][info][gc,phases      ] GC(815)   Merge Heap Roots: 0.3ms
[2024-08-28T13:06:22.294+0000][info][gc,phases      ] GC(815)   Evacuate Collection Set: 10.7ms
[2024-08-28T13:06:22.294+0000][info][gc,phases      ] GC(815)   Post Evacuate Collection Set: 0.5ms
[2024-08-28T13:06:22.294+0000][info][gc,phases      ] GC(815)   Other: 0.4ms
[2024-08-28T13:06:22.294+0000][info][gc,heap        ] GC(815) Eden regions: 44->0(44)
[2024-08-28T13:06:22.294+0000][info][gc,heap        ] GC(815) Survivor regions: 7->7(7)
[2024-08-28T13:06:22.294+0000][info][gc,heap        ] GC(815) Old regions: 908->850
[2024-08-28T13:06:22.294+0000][info][gc,heap        ] GC(815) Archive regions: 2->2
[2024-08-28T13:06:22.294+0000][info][gc,heap        ] GC(815) Humongous regions: 5->5
[2024-08-28T13:06:22.294+0000][info][gc,metaspace   ] GC(815) Metaspace: 100K(320K)->100K(320K) NonClass: 96K(192K)->96K(192K) Class: 4K(128K)->4K(128K)
[2024-08-28T13:06:22.294+0000][info][gc             ] GC(815) Pause Young (Mixed) (G1 Evacuation Pause) 964M->862M(1024M) 12.176ms
[2024-08-28T13:06:22.294+0000][info][gc,cpu         ] GC(815) User=0.26s Sys=0.00s Real=0.01s
[2024-08-28T13:06:22.321+0000][info][gc,start       ] GC(816) Pause Young (Mixed) (G1 Evacuation Pause)
[2024-08-28T13:06:22.321+0000][info][gc,task        ] GC(816) Using 24 workers of 68 for evacuation
[2024-08-28T13:06:22.333+0000][info][gc,phases      ] GC(816)   Pre Evacuate Collection Set: 0.2ms
[2024-08-28T13:06:22.333+0000][info][gc,phases      ] GC(816)   Merge Heap Roots: 0.5ms
[2024-08-28T13:06:22.333+0000][info][gc,phases      ] GC(816)   Evacuate Collection Set: 10.7ms
[2024-08-28T13:06:22.333+0000][info][gc,phases      ] GC(816)   Post Evacuate Collection Set: 0.5ms
[2024-08-28T13:06:22.333+0000][info][gc,phases      ] GC(816)   Other: 0.4ms
[2024-08-28T13:06:22.333+0000][info][gc,heap        ] GC(816) Eden regions: 44->0(44)
[2024-08-28T13:06:22.333+0000][info][gc,heap        ] GC(816) Survivor regions: 7->7(7)
[2024-08-28T13:06:22.333+0000][info][gc,heap        ] GC(816) Old regions: 850->794
[2024-08-28T13:06:22.333+0000][info][gc,heap        ] GC(816) Archive regions: 2->2
[2024-08-28T13:06:22.333+0000][info][gc,heap        ] GC(816) Humongous regions: 5->5
[2024-08-28T13:06:22.333+0000][info][gc,metaspace   ] GC(816) Metaspace: 100K(320K)->100K(320K) NonClass: 96K(192K)->96K(192K) Class: 4K(128K)->4K(128K)
[2024-08-28T13:06:22.333+0000][info][gc             ] GC(816) Pause Young (Mixed) (G1 Evacuation Pause) 906M->806M(1024M) 12.349ms
[2024-08-28T13:06:22.333+0000][info][gc,cpu         ] GC(816) User=0.25s Sys=0.01s Real=0.01s
[2024-08-28T13:06:22.360+0000][info][gc,start       ] GC(817) Pause Young (Mixed) (G1 Evacuation Pause)
[2024-08-28T13:06:22.360+0000][info][gc,task        ] GC(817) Using 24 workers of 68 for evacuation
[2024-08-28T13:06:22.373+0000][info][gc,phases      ] GC(817)   Pre Evacuate Collection Set: 0.2ms
[2024-08-28T13:06:22.373+0000][info][gc,phases      ] GC(817)   Merge Heap Roots: 0.3ms
[2024-08-28T13:06:22.373+0000][info][gc,phases      ] GC(817)   Evacuate Collection Set: 11.1ms
[2024-08-28T13:06:22.373+0000][info][gc,phases      ] GC(817)   Post Evacuate Collection Set: 0.4ms
[2024-08-28T13:06:22.373+0000][info][gc,phases      ] GC(817)   Other: 0.3ms
[2024-08-28T13:06:22.373+0000][info][gc,heap        ] GC(817) Eden regions: 44->0(44)
[2024-08-28T13:06:22.373+0000][info][gc,heap        ] GC(817) Survivor regions: 7->7(7)
[2024-08-28T13:06:22.373+0000][info][gc,heap        ] GC(817) Old regions: 794->805
[2024-08-28T13:06:22.373+0000][info][gc,heap        ] GC(817) Archive regions: 2->2
[2024-08-28T13:06:22.373+0000][info][gc,heap        ] GC(817) Humongous regions: 5->5
[2024-08-28T13:06:22.373+0000][info][gc,metaspace   ] GC(817) Metaspace: 100K(320K)->100K(320K) NonClass: 96K(192K)->96K(192K) Class: 4K(128K)->4K(128K)
[2024-08-28T13:06:22.373+0000][info][gc             ] GC(817) Pause Young (Mixed) (G1 Evacuation Pause) 850M->817M(1024M) 12.524ms
[2024-08-28T13:06:22.373+0000][info][gc,cpu         ] GC(817) User=0.27s Sys=0.00s Real=0.01s
[2024-08-28T13:06:22.400+0000][info][gc,start       ] GC(818) Pause Young (Concurrent Start) (G1 Evacuation Pause)
[2024-08-28T13:06:22.400+0000][info][gc,task        ] GC(818) Using 24 workers of 68 for evacuation
[2024-08-28T13:06:22.412+0000][info][gc,phases      ] GC(818)   Pre Evacuate Collection Set: 0.2ms
[2024-08-28T13:06:22.412+0000][info][gc,phases      ] GC(818)   Merge Heap Roots: 0.3ms
[2024-08-28T13:06:22.412+0000][info][gc,phases      ] GC(818)   Evacuate Collection Set: 10.7ms
[2024-08-28T13:06:22.412+0000][info][gc,phases      ] GC(818)   Post Evacuate Collection Set: 0.4ms
[2024-08-28T13:06:22.412+0000][info][gc,phases      ] GC(818)   Other: 1.0ms
[2024-08-28T13:06:22.413+0000][info][gc,heap        ] GC(818) Eden regions: 44->0(44)
[2024-08-28T13:06:22.413+0000][info][gc,heap        ] GC(818) Survivor regions: 7->7(7)
[2024-08-28T13:06:22.413+0000][info][gc,heap        ] GC(818) Old regions: 805->851
[2024-08-28T13:06:22.413+0000][info][gc,heap        ] GC(818) Archive regions: 2->2
[2024-08-28T13:06:22.413+0000][info][gc,heap        ] GC(818) Humongous regions: 5->5
[2024-08-28T13:06:22.413+0000][info][gc,metaspace   ] GC(818) Metaspace: 100K(320K)->100K(320K) NonClass: 96K(192K)->96K(192K) Class: 4K(128K)->4K(128K)
[2024-08-28T13:06:22.413+0000][info][gc             ] GC(818) Pause Young (Concurrent Start) (G1 Evacuation Pause) 861M->863M(1024M) 12.744ms
[2024-08-28T13:06:22.413+0000][info][gc,cpu         ] GC(818) User=0.26s Sys=0.00s Real=0.01s
[2024-08-28T13:06:22.413+0000][info][gc             ] GC(819) Concurrent Mark Cycle
[2024-08-28T13:06:22.413+0000][info][gc,marking     ] GC(819) Concurrent Clear Claimed Marks
[2024-08-28T13:06:22.413+0000][info][gc,marking     ] GC(819) Concurrent Clear Claimed Marks 0.009ms
[2024-08-28T13:06:22.413+0000][info][gc,marking     ] GC(819) Concurrent Scan Root Regions
[2024-08-28T13:06:22.415+0000][info][gc,marking     ] GC(819) Concurrent Scan Root Regions 1.745ms
[2024-08-28T13:06:22.415+0000][info][gc,marking     ] GC(819) Concurrent Mark
[2024-08-28T13:06:22.415+0000][info][gc,marking     ] GC(819) Concurrent Mark From Roots
[2024-08-28T13:06:22.415+0000][info][gc,task        ] GC(819) Using 17 workers of 17 for marking
[2024-08-28T13:06:22.442+0000][info][gc,marking     ] GC(819) Concurrent Mark From Roots 27.261ms
[2024-08-28T13:06:22.442+0000][info][gc,marking     ] GC(819) Concurrent Preclean
[2024-08-28T13:06:22.442+0000][info][gc,marking     ] GC(819) Concurrent Preclean 0.503ms
[2024-08-28T13:06:22.443+0000][info][gc,start       ] GC(819) Pause Remark
[2024-08-28T13:06:22.445+0000][info][gc             ] GC(819) Pause Remark 896M->889M(1024M) 1.980ms
[2024-08-28T13:06:22.445+0000][info][gc,cpu         ] GC(819) User=0.01s Sys=0.00s Real=0.00s
[2024-08-28T13:06:22.445+0000][info][gc,marking     ] GC(819) Concurrent Mark 30.250ms
[2024-08-28T13:06:22.445+0000][info][gc,marking     ] GC(819) Concurrent Rebuild Remembered Sets
[2024-08-28T13:06:22.453+0000][info][gc,start       ] GC(820) Pause Young (Normal) (G1 Evacuation Pause)
[2024-08-28T13:06:22.453+0000][info][gc,task        ] GC(820) Using 24 workers of 68 for evacuation
[2024-08-28T13:06:22.464+0000][info][gc,phases      ] GC(820)   Pre Evacuate Collection Set: 0.2ms
[2024-08-28T13:06:22.464+0000][info][gc,phases      ] GC(820)   Merge Heap Roots: 0.4ms
[2024-08-28T13:06:22.464+0000][info][gc,phases      ] GC(820)   Evacuate Collection Set: 10.4ms
[2024-08-28T13:06:22.464+0000][info][gc,phases      ] GC(820)   Post Evacuate Collection Set: 0.5ms
[2024-08-28T13:06:22.464+0000][info][gc,phases      ] GC(820)   Other: 0.3ms
[2024-08-28T13:06:22.464+0000][info][gc,heap        ] GC(820) Eden regions: 44->0(44)
[2024-08-28T13:06:22.464+0000][info][gc,heap        ] GC(820) Survivor regions: 7->7(7)
[2024-08-28T13:06:22.464+0000][info][gc,heap        ] GC(820) Old regions: 844->890
[2024-08-28T13:06:22.464+0000][info][gc,heap        ] GC(820) Archive regions: 2->2
[2024-08-28T13:06:22.464+0000][info][gc,heap        ] GC(820) Humongous regions: 5->5
[2024-08-28T13:06:22.464+0000][info][gc,metaspace   ] GC(820) Metaspace: 100K(320K)->100K(320K) NonClass: 96K(192K)->96K(192K) Class: 4K(128K)->4K(128K)
[2024-08-28T13:06:22.465+0000][info][gc             ] GC(820) Pause Young (Normal) (G1 Evacuation Pause) 900M->902M(1024M) 11.875ms
[2024-08-28T13:06:22.465+0000][info][gc,cpu         ] GC(820) User=0.26s Sys=0.00s Real=0.01s
[2024-08-28T13:06:22.496+0000][info][gc,start       ] GC(821) Pause Young (Normal) (G1 Evacuation Pause)
[2024-08-28T13:06:22.496+0000][info][gc,task        ] GC(821) Using 24 workers of 68 for evacuation
[2024-08-28T13:06:22.512+0000][info][gc,phases      ] GC(821)   Pre Evacuate Collection Set: 0.2ms
[2024-08-28T13:06:22.512+0000][info][gc,phases      ] GC(821)   Merge Heap Roots: 0.3ms
[2024-08-28T13:06:22.512+0000][info][gc,phases      ] GC(821)   Evacuate Collection Set: 14.9ms
[2024-08-28T13:06:22.512+0000][info][gc,phases      ] GC(821)   Post Evacuate Collection Set: 0.6ms
[2024-08-28T13:06:22.512+0000][info][gc,phases      ] GC(821)   Other: 0.3ms
[2024-08-28T13:06:22.512+0000][info][gc,heap        ] GC(821) Eden regions: 44->0(44)
[2024-08-28T13:06:22.512+0000][info][gc,heap        ] GC(821) Survivor regions: 7->7(7)
[2024-08-28T13:06:22.512+0000][info][gc,heap        ] GC(821) Old regions: 890->937
[2024-08-28T13:06:22.512+0000][info][gc,heap        ] GC(821) Archive regions: 2->2
[2024-08-28T13:06:22.512+0000][info][gc,heap        ] GC(821) Humongous regions: 5->5
[2024-08-28T13:06:22.512+0000][info][gc,metaspace   ] GC(821) Metaspace: 100K(320K)->100K(320K) NonClass: 96K(192K)->96K(192K) Class: 4K(128K)->4K(128K)
[2024-08-28T13:06:22.512+0000][info][gc             ] GC(821) Pause Young (Normal) (G1 Evacuation Pause) 946M->949M(1024M) 16.506ms
[2024-08-28T13:06:22.512+0000][info][gc,cpu         ] GC(821) User=0.37s Sys=0.00s Real=0.02s
[2024-08-28T13:06:22.533+0000][info][gc,marking     ] GC(819) Concurrent Rebuild Remembered Sets 87.827ms
[2024-08-28T13:06:22.533+0000][info][gc,start       ] GC(819) Pause Cleanup
[2024-08-28T13:06:22.536+0000][info][gc             ] GC(819) Pause Cleanup 977M->977M(1024M) 3.056ms
[2024-08-28T13:06:22.536+0000][info][gc,cpu         ] GC(819) User=0.01s Sys=0.00s Real=0.00s
[2024-08-28T13:06:22.536+0000][info][gc,marking     ] GC(819) Concurrent Cleanup for Next Mark
[2024-08-28T13:06:22.537+0000][info][gc,marking     ] GC(819) Concurrent Cleanup for Next Mark 0.970ms
[2024-08-28T13:06:22.537+0000][info][gc             ] GC(819) Concurrent Mark Cycle 124.546ms
[2024-08-28T13:06:22.539+0000][info][gc,start       ] GC(822) Pause Young (Prepare Mixed) (G1 Preventive Collection)
[2024-08-28T13:06:22.539+0000][info][gc,task        ] GC(822) Using 24 workers of 68 for evacuation
[2024-08-28T13:06:22.555+0000][info][gc,phases      ] GC(822)   Pre Evacuate Collection Set: 0.2ms
[2024-08-28T13:06:22.555+0000][info][gc,phases      ] GC(822)   Merge Heap Roots: 0.6ms
[2024-08-28T13:06:22.555+0000][info][gc,phases      ] GC(822)   Evacuate Collection Set: 14.7ms
[2024-08-28T13:06:22.555+0000][info][gc,phases      ] GC(822)   Post Evacuate Collection Set: 0.4ms
[2024-08-28T13:06:22.555+0000][info][gc,phases      ] GC(822)   Other: 0.3ms
[2024-08-28T13:06:22.556+0000][info][gc,heap        ] GC(822) Eden regions: 31->0(44)
[2024-08-28T13:06:22.556+0000][info][gc,heap        ] GC(822) Survivor regions: 7->7(7)
[2024-08-28T13:06:22.556+0000][info][gc,heap        ] GC(822) Old regions: 937->972
[2024-08-28T13:06:22.556+0000][info][gc,heap        ] GC(822) Archive regions: 2->2
[2024-08-28T13:06:22.556+0000][info][gc,heap        ] GC(822) Humongous regions: 5->5
[2024-08-28T13:06:22.556+0000][info][gc,metaspace   ] GC(822) Metaspace: 100K(320K)->100K(320K) NonClass: 96K(192K)->96K(192K) Class: 4K(128K)->4K(128K)
[2024-08-28T13:06:22.556+0000][info][gc             ] GC(822) Pause Young (Prepare Mixed) (G1 Preventive Collection) 980M->984M(1024M) 16.309ms
[2024-08-28T13:06:22.556+0000][info][gc,cpu         ] GC(822) User=0.36s Sys=0.00s Real=0.01s
[2024-08-28T13:06:22.565+0000][info][gc,start       ] GC(823) Pause Young (Mixed) (G1 Preventive Collection)
[2024-08-28T13:06:22.565+0000][info][gc,task        ] GC(823) Using 24 workers of 68 for evacuation
[2024-08-28T13:06:22.573+0000][info][gc,phases      ] GC(823)   Pre Evacuate Collection Set: 0.2ms
[2024-08-28T13:06:22.573+0000][info][gc,phases      ] GC(823)   Merge Heap Roots: 0.4ms
[2024-08-28T13:06:22.573+0000][info][gc,phases      ] GC(823)   Evacuate Collection Set: 6.1ms
[2024-08-28T13:06:22.573+0000][info][gc,phases      ] GC(823)   Post Evacuate Collection Set: 0.4ms
[2024-08-28T13:06:22.573+0000][info][gc,phases      ] GC(823)   Other: 0.3ms
[2024-08-28T13:06:22.573+0000][info][gc,heap        ] GC(823) Eden regions: 14->0(44)
[2024-08-28T13:06:22.573+0000][info][gc,heap        ] GC(823) Survivor regions: 7->7(7)
[2024-08-28T13:06:22.573+0000][info][gc,heap        ] GC(823) Old regions: 972->886
[2024-08-28T13:06:22.573+0000][info][gc,heap        ] GC(823) Archive regions: 2->2
[2024-08-28T13:06:22.573+0000][info][gc,heap        ] GC(823) Humongous regions: 5->5
[2024-08-28T13:06:22.573+0000][info][gc,metaspace   ] GC(823) Metaspace: 100K(320K)->100K(320K) NonClass: 96K(192K)->96K(192K) Class: 4K(128K)->4K(128K)
[2024-08-28T13:06:22.573+0000][info][gc             ] GC(823) Pause Young (Mixed) (G1 Preventive Collection) 998M->898M(1024M) 7.583ms
[2024-08-28T13:06:22.573+0000][info][gc,cpu         ] GC(823) User=0.16s Sys=0.00s Real=0.01s
[2024-08-28T13:06:22.600+0000][info][gc,start       ] GC(824) Pause Young (Mixed) (G1 Evacuation Pause)
[2024-08-28T13:06:22.600+0000][info][gc,task        ] GC(824) Using 24 workers of 68 for evacuation
[2024-08-28T13:06:22.612+0000][info][gc,phases      ] GC(824)   Pre Evacuate Collection Set: 0.2ms
[2024-08-28T13:06:22.612+0000][info][gc,phases      ] GC(824)   Merge Heap Roots: 0.4ms
[2024-08-28T13:06:22.612+0000][info][gc,phases      ] GC(824)   Evacuate Collection Set: 10.9ms
[2024-08-28T13:06:22.612+0000][info][gc,phases      ] GC(824)   Post Evacuate Collection Set: 0.5ms
[2024-08-28T13:06:22.612+0000][info][gc,phases      ] GC(824)   Other: 0.3ms
[2024-08-28T13:06:22.612+0000][info][gc,heap        ] GC(824) Eden regions: 44->0(44)
[2024-08-28T13:06:22.612+0000][info][gc,heap        ] GC(824) Survivor regions: 7->7(7)
[2024-08-28T13:06:22.612+0000][info][gc,heap        ] GC(824) Old regions: 886->827
[2024-08-28T13:06:22.612+0000][info][gc,heap        ] GC(824) Archive regions: 2->2
[2024-08-28T13:06:22.613+0000][info][gc,heap        ] GC(824) Humongous regions: 5->5
[2024-08-28T13:06:22.613+0000][info][gc,metaspace   ] GC(824) Metaspace: 100K(320K)->100K(320K) NonClass: 96K(192K)->96K(192K) Class: 4K(128K)->4K(128K)
[2024-08-28T13:06:22.613+0000][info][gc             ] GC(824) Pause Young (Mixed) (G1 Evacuation Pause) 942M->839M(1024M) 12.548ms
[2024-08-28T13:06:22.613+0000][info][gc,cpu         ] GC(824) User=0.27s Sys=0.00s Real=0.01s
[2024-08-28T13:06:22.640+0000][info][gc,start       ] GC(825) Pause Young (Mixed) (G1 Evacuation Pause)
[2024-08-28T13:06:22.640+0000][info][gc,task        ] GC(825) Using 24 workers of 68 for evacuation
[2024-08-28T13:06:22.652+0000][info][gc,phases      ] GC(825)   Pre Evacuate Collection Set: 0.2ms
[2024-08-28T13:06:22.652+0000][info][gc,phases      ] GC(825)   Merge Heap Roots: 0.4ms
[2024-08-28T13:06:22.652+0000][info][gc,phases      ] GC(825)   Evacuate Collection Set: 10.8ms
[2024-08-28T13:06:22.652+0000][info][gc,phases      ] GC(825)   Post Evacuate Collection Set: 0.5ms
[2024-08-28T13:06:22.652+0000][info][gc,phases      ] GC(825)   Other: 0.3ms
[2024-08-28T13:06:22.652+0000][info][gc,heap        ] GC(825) Eden regions: 44->0(44)
[2024-08-28T13:06:22.652+0000][info][gc,heap        ] GC(825) Survivor regions: 7->7(7)
[2024-08-28T13:06:22.652+0000][info][gc,heap        ] GC(825) Old regions: 827->771
[2024-08-28T13:06:22.652+0000][info][gc,heap        ] GC(825) Archive regions: 2->2
[2024-08-28T13:06:22.652+0000][info][gc,heap        ] GC(825) Humongous regions: 5->5
[2024-08-28T13:06:22.652+0000][info][gc,metaspace   ] GC(825) Metaspace: 100K(320K)->100K(320K) NonClass: 96K(192K)->96K(192K) Class: 4K(128K)->4K(128K)
[2024-08-28T13:06:22.652+0000][info][gc             ] GC(825) Pause Young (Mixed) (G1 Evacuation Pause) 883M->783M(1024M) 12.427ms
[2024-08-28T13:06:22.652+0000][info][gc,cpu         ] GC(825) User=0.26s Sys=0.00s Real=0.01s
[2024-08-28T13:06:22.679+0000][info][gc,start       ] GC(826) Pause Young (Mixed) (G1 Evacuation Pause)
[2024-08-28T13:06:22.679+0000][info][gc,task        ] GC(826) Using 24 workers of 68 for evacuation
[2024-08-28T13:06:22.692+0000][info][gc,phases      ] GC(826)   Pre Evacuate Collection Set: 0.2ms
[2024-08-28T13:06:22.692+0000][info][gc,phases      ] GC(826)   Merge Heap Roots: 0.4ms
[2024-08-28T13:06:22.692+0000][info][gc,phases      ] GC(826)   Evacuate Collection Set: 11.6ms
[2024-08-28T13:06:22.692+0000][info][gc,phases      ] GC(826)   Post Evacuate Collection Set: 0.4ms
[2024-08-28T13:06:22.692+0000][info][gc,phases      ] GC(826)   Other: 0.3ms
[2024-08-28T13:06:22.692+0000][info][gc,heap        ] GC(826) Eden regions: 44->0(44)
[2024-08-28T13:06:22.692+0000][info][gc,heap        ] GC(826) Survivor regions: 7->7(7)
[2024-08-28T13:06:22.692+0000][info][gc,heap        ] GC(826) Old regions: 771->774
[2024-08-28T13:06:22.692+0000][info][gc,heap        ] GC(826) Archive regions: 2->2
[2024-08-28T13:06:22.692+0000][info][gc,heap        ] GC(826) Humongous regions: 5->5
[2024-08-28T13:06:22.692+0000][info][gc,metaspace   ] GC(826) Metaspace: 100K(320K)->100K(320K) NonClass: 96K(192K)->96K(192K) Class: 4K(128K)->4K(128K)
[2024-08-28T13:06:22.692+0000][info][gc             ] GC(826) Pause Young (Mixed) (G1 Evacuation Pause) 827M->786M(1024M) 13.085ms
[2024-08-28T13:06:22.692+0000][info][gc,cpu         ] GC(826) User=0.28s Sys=0.00s Real=0.01s
[2024-08-28T13:06:22.720+0000][info][gc,start       ] GC(827) Pause Young (Concurrent Start) (G1 Evacuation Pause)
[2024-08-28T13:06:22.720+0000][info][gc,task        ] GC(827) Using 24 workers of 68 for evacuation
[2024-08-28T13:06:22.732+0000][info][gc,phases      ] GC(827)   Pre Evacuate Collection Set: 0.2ms
[2024-08-28T13:06:22.733+0000][info][gc,phases      ] GC(827)   Merge Heap Roots: 0.4ms
[2024-08-28T13:06:22.733+0000][info][gc,phases      ] GC(827)   Evacuate Collection Set: 10.8ms
[2024-08-28T13:06:22.733+0000][info][gc,phases      ] GC(827)   Post Evacuate Collection Set: 0.4ms
[2024-08-28T13:06:22.733+0000][info][gc,phases      ] GC(827)   Other: 1.0ms
[2024-08-28T13:06:22.733+0000][info][gc,heap        ] GC(827) Eden regions: 44->0(44)
[2024-08-28T13:06:22.733+0000][info][gc,heap        ] GC(827) Survivor regions: 7->7(7)
[2024-08-28T13:06:22.733+0000][info][gc,heap        ] GC(827) Old regions: 774->821
[2024-08-28T13:06:22.733+0000][info][gc,heap        ] GC(827) Archive regions: 2->2
[2024-08-28T13:06:22.733+0000][info][gc,heap        ] GC(827) Humongous regions: 5->5
[2024-08-28T13:06:22.733+0000][info][gc,metaspace   ] GC(827) Metaspace: 100K(320K)->100K(320K) NonClass: 96K(192K)->96K(192K) Class: 4K(128K)->4K(128K)
[2024-08-28T13:06:22.733+0000][info][gc             ] GC(827) Pause Young (Concurrent Start) (G1 Evacuation Pause) 830M->833M(1024M) 12.954ms
[2024-08-28T13:06:22.733+0000][info][gc,cpu         ] GC(827) User=0.27s Sys=0.00s Real=0.01s
[2024-08-28T13:06:22.733+0000][info][gc             ] GC(828) Concurrent Mark Cycle
[2024-08-28T13:06:22.733+0000][info][gc,marking     ] GC(828) Concurrent Clear Claimed Marks
[2024-08-28T13:06:22.733+0000][info][gc,marking     ] GC(828) Concurrent Clear Claimed Marks 0.010ms
[2024-08-28T13:06:22.733+0000][info][gc,marking     ] GC(828) Concurrent Scan Root Regions
[2024-08-28T13:06:22.735+0000][info][gc,marking     ] GC(828) Concurrent Scan Root Regions 1.937ms
[2024-08-28T13:06:22.735+0000][info][gc,marking     ] GC(828) Concurrent Mark
[2024-08-28T13:06:22.735+0000][info][gc,marking     ] GC(828) Concurrent Mark From Roots
[2024-08-28T13:06:22.735+0000][info][gc,task        ] GC(828) Using 17 workers of 17 for marking
[2024-08-28T13:06:22.761+0000][info][gc,marking     ] GC(828) Concurrent Mark From Roots 26.649ms
[2024-08-28T13:06:22.762+0000][info][gc,marking     ] GC(828) Concurrent Preclean
[2024-08-28T13:06:22.762+0000][info][gc,marking     ] GC(828) Concurrent Preclean 0.865ms
[2024-08-28T13:06:22.763+0000][info][gc,start       ] GC(828) Pause Remark
[2024-08-28T13:06:22.765+0000][info][gc             ] GC(828) Pause Remark 865M->865M(1024M) 1.957ms
[2024-08-28T13:06:22.765+0000][info][gc,cpu         ] GC(828) User=0.01s Sys=0.00s Real=0.00s
[2024-08-28T13:06:22.765+0000][info][gc,marking     ] GC(828) Concurrent Mark 30.114ms
[2024-08-28T13:06:22.765+0000][info][gc,marking     ] GC(828) Concurrent Rebuild Remembered Sets
[2024-08-28T13:06:22.774+0000][info][gc,start       ] GC(829) Pause Young (Normal) (G1 Evacuation Pause)
[2024-08-28T13:06:22.774+0000][info][gc,task        ] GC(829) Using 24 workers of 68 for evacuation
[2024-08-28T13:06:22.785+0000][info][gc,phases      ] GC(829)   Pre Evacuate Collection Set: 0.2ms
[2024-08-28T13:06:22.785+0000][info][gc,phases      ] GC(829)   Merge Heap Roots: 0.3ms
[2024-08-28T13:06:22.785+0000][info][gc,phases      ] GC(829)   Evacuate Collection Set: 10.4ms
[2024-08-28T13:06:22.785+0000][info][gc,phases      ] GC(829)   Post Evacuate Collection Set: 0.5ms
[2024-08-28T13:06:22.785+0000][info][gc,phases      ] GC(829)   Other: 0.3ms
[2024-08-28T13:06:22.785+0000][info][gc,heap        ] GC(829) Eden regions: 44->0(44)
[2024-08-28T13:06:22.785+0000][info][gc,heap        ] GC(829) Survivor regions: 7->7(7)
[2024-08-28T13:06:22.785+0000][info][gc,heap        ] GC(829) Old regions: 821->868
[2024-08-28T13:06:22.785+0000][info][gc,heap        ] GC(829) Archive regions: 2->2
[2024-08-28T13:06:22.785+0000][info][gc,heap        ] GC(829) Humongous regions: 5->5
[2024-08-28T13:06:22.785+0000][info][gc,metaspace   ] GC(829) Metaspace: 100K(320K)->100K(320K) NonClass: 96K(192K)->96K(192K) Class: 4K(128K)->4K(128K)
[2024-08-28T13:06:22.785+0000][info][gc             ] GC(829) Pause Young (Normal) (G1 Evacuation Pause) 877M->880M(1024M) 11.768ms
[2024-08-28T13:06:22.785+0000][info][gc,cpu         ] GC(829) User=0.25s Sys=0.00s Real=0.01s
[2024-08-28T13:06:22.818+0000][info][gc,start       ] GC(830) Pause Young (Normal) (G1 Evacuation Pause)
[2024-08-28T13:06:22.818+0000][info][gc,task        ] GC(830) Using 24 workers of 68 for evacuation
[2024-08-28T13:06:22.834+0000][info][gc,phases      ] GC(830)   Pre Evacuate Collection Set: 0.2ms
[2024-08-28T13:06:22.834+0000][info][gc,phases      ] GC(830)   Merge Heap Roots: 0.5ms
[2024-08-28T13:06:22.834+0000][info][gc,phases      ] GC(830)   Evacuate Collection Set: 14.6ms
[2024-08-28T13:06:22.834+0000][info][gc,phases      ] GC(830)   Post Evacuate Collection Set: 0.6ms
[2024-08-28T13:06:22.834+0000][info][gc,phases      ] GC(830)   Other: 0.3ms
[2024-08-28T13:06:22.834+0000][info][gc,heap        ] GC(830) Eden regions: 44->0(44)
[2024-08-28T13:06:22.834+0000][info][gc,heap        ] GC(830) Survivor regions: 7->7(7)
[2024-08-28T13:06:22.834+0000][info][gc,heap        ] GC(830) Old regions: 868->915
[2024-08-28T13:06:22.834+0000][info][gc,heap        ] GC(830) Archive regions: 2->2
[2024-08-28T13:06:22.834+0000][info][gc,heap        ] GC(830) Humongous regions: 5->5
[2024-08-28T13:06:22.834+0000][info][gc,metaspace   ] GC(830) Metaspace: 100K(320K)->100K(320K) NonClass: 96K(192K)->96K(192K) Class: 4K(128K)->4K(128K)
[2024-08-28T13:06:22.834+0000][info][gc             ] GC(830) Pause Young (Normal) (G1 Evacuation Pause) 924M->927M(1024M) 16.331ms
[2024-08-28T13:06:22.834+0000][info][gc,cpu         ] GC(830) User=0.36s Sys=0.01s Real=0.01s
[2024-08-28T13:06:22.850+0000][info][gc,marking     ] GC(828) Concurrent Rebuild Remembered Sets 84.802ms
[2024-08-28T13:06:22.850+0000][info][gc,start       ] GC(828) Pause Cleanup
[2024-08-28T13:06:22.853+0000][info][gc             ] GC(828) Pause Cleanup 948M->948M(1024M) 3.081ms
[2024-08-28T13:06:22.853+0000][info][gc,cpu         ] GC(828) User=0.01s Sys=0.00s Real=0.00s
[2024-08-28T13:06:22.853+0000][info][gc,marking     ] GC(828) Concurrent Cleanup for Next Mark
[2024-08-28T13:06:22.854+0000][info][gc,marking     ] GC(828) Concurrent Cleanup for Next Mark 0.866ms
[2024-08-28T13:06:22.854+0000][info][gc             ] GC(828) Concurrent Mark Cycle 121.558ms
[2024-08-28T13:06:22.869+0000][info][gc,start       ] GC(831) Pause Young (Prepare Mixed) (G1 Preventive Collection)
[2024-08-28T13:06:22.869+0000][info][gc,task        ] GC(831) Using 24 workers of 68 for evacuation
[2024-08-28T13:06:22.887+0000][info][gc,phases      ] GC(831)   Pre Evacuate Collection Set: 0.2ms
[2024-08-28T13:06:22.887+0000][info][gc,phases      ] GC(831)   Merge Heap Roots: 0.6ms
[2024-08-28T13:06:22.887+0000][info][gc,phases      ] GC(831)   Evacuate Collection Set: 16.5ms
[2024-08-28T13:06:22.887+0000][info][gc,phases      ] GC(831)   Post Evacuate Collection Set: 0.3ms
[2024-08-28T13:06:22.887+0000][info][gc,phases      ] GC(831)   Other: 0.3ms
[2024-08-28T13:06:22.887+0000][info][gc,heap        ] GC(831) Eden regions: 42->0(44)
[2024-08-28T13:06:22.887+0000][info][gc,heap        ] GC(831) Survivor regions: 7->7(7)
[2024-08-28T13:06:22.887+0000][info][gc,heap        ] GC(831) Old regions: 915->959
[2024-08-28T13:06:22.887+0000][info][gc,heap        ] GC(831) Archive regions: 2->2
[2024-08-28T13:06:22.887+0000][info][gc,heap        ] GC(831) Humongous regions: 5->5
[2024-08-28T13:06:22.887+0000][info][gc,metaspace   ] GC(831) Metaspace: 100K(320K)->100K(320K) NonClass: 96K(192K)->96K(192K) Class: 4K(128K)->4K(128K)
[2024-08-28T13:06:22.887+0000][info][gc             ] GC(831) Pause Young (Prepare Mixed) (G1 Preventive Collection) 969M->971M(1024M) 17.956ms
[2024-08-28T13:06:22.887+0000][info][gc,cpu         ] GC(831) User=0.41s Sys=0.00s Real=0.02s
[2024-08-28T13:06:22.900+0000][info][gc,start       ] GC(832) Pause Young (Mixed) (G1 Preventive Collection)
[2024-08-28T13:06:22.900+0000][info][gc,task        ] GC(832) Using 24 workers of 68 for evacuation
[2024-08-28T13:06:22.908+0000][info][gc,phases      ] GC(832)   Pre Evacuate Collection Set: 0.2ms
[2024-08-28T13:06:22.908+0000][info][gc,phases      ] GC(832)   Merge Heap Roots: 0.2ms
[2024-08-28T13:06:22.908+0000][info][gc,phases      ] GC(832)   Evacuate Collection Set: 7.5ms
[2024-08-28T13:06:22.908+0000][info][gc,phases      ] GC(832)   Post Evacuate Collection Set: 0.4ms
[2024-08-28T13:06:22.908+0000][info][gc,phases      ] GC(832)   Other: 0.2ms
[2024-08-28T13:06:22.908+0000][info][gc,heap        ] GC(832) Eden regions: 20->0(44)
[2024-08-28T13:06:22.908+0000][info][gc,heap        ] GC(832) Survivor regions: 7->7(7)
[2024-08-28T13:06:22.908+0000][info][gc,heap        ] GC(832) Old regions: 959->879
[2024-08-28T13:06:22.908+0000][info][gc,heap        ] GC(832) Archive regions: 2->2
[2024-08-28T13:06:22.908+0000][info][gc,heap        ] GC(832) Humongous regions: 5->5
[2024-08-28T13:06:22.908+0000][info][gc,metaspace   ] GC(832) Metaspace: 100K(320K)->100K(320K) NonClass: 96K(192K)->96K(192K) Class: 4K(128K)->4K(128K)
[2024-08-28T13:06:22.908+0000][info][gc             ] GC(832) Pause Young (Mixed) (G1 Preventive Collection) 991M->891M(1024M) 8.498ms
[2024-08-28T13:06:22.908+0000][info][gc,cpu         ] GC(832) User=0.19s Sys=0.00s Real=0.00s
[2024-08-28T13:06:22.935+0000][info][gc,start       ] GC(833) Pause Young (Mixed) (G1 Evacuation Pause)
[2024-08-28T13:06:22.935+0000][info][gc,task        ] GC(833) Using 24 workers of 68 for evacuation
[2024-08-28T13:06:22.947+0000][info][gc,phases      ] GC(833)   Pre Evacuate Collection Set: 0.2ms
[2024-08-28T13:06:22.947+0000][info][gc,phases      ] GC(833)   Merge Heap Roots: 0.4ms
[2024-08-28T13:06:22.947+0000][info][gc,phases      ] GC(833)   Evacuate Collection Set: 10.9ms
[2024-08-28T13:06:22.947+0000][info][gc,phases      ] GC(833)   Post Evacuate Collection Set: 0.4ms
[2024-08-28T13:06:22.947+0000][info][gc,phases      ] GC(833)   Other: 0.2ms
[2024-08-28T13:06:22.947+0000][info][gc,heap        ] GC(833) Eden regions: 44->0(44)
[2024-08-28T13:06:22.947+0000][info][gc,heap        ] GC(833) Survivor regions: 7->7(7)
[2024-08-28T13:06:22.947+0000][info][gc,heap        ] GC(833) Old regions: 879->822
[2024-08-28T13:06:22.947+0000][info][gc,heap        ] GC(833) Archive regions: 2->2
[2024-08-28T13:06:22.947+0000][info][gc,heap        ] GC(833) Humongous regions: 5->5
[2024-08-28T13:06:22.947+0000][info][gc,metaspace   ] GC(833) Metaspace: 100K(320K)->100K(320K) NonClass: 96K(192K)->96K(192K) Class: 4K(128K)->4K(128K)
[2024-08-28T13:06:22.947+0000][info][gc             ] GC(833) Pause Young (Mixed) (G1 Evacuation Pause) 935M->834M(1024M) 12.374ms
[2024-08-28T13:06:22.947+0000][info][gc,cpu         ] GC(833) User=0.28s Sys=0.00s Real=0.01s
[2024-08-28T13:06:22.974+0000][info][gc,start       ] GC(834) Pause Young (Mixed) (G1 Evacuation Pause)
[2024-08-28T13:06:22.974+0000][info][gc,task        ] GC(834) Using 24 workers of 68 for evacuation
[2024-08-28T13:06:22.987+0000][info][gc,phases      ] GC(834)   Pre Evacuate Collection Set: 0.2ms
[2024-08-28T13:06:22.987+0000][info][gc,phases      ] GC(834)   Merge Heap Roots: 0.3ms
[2024-08-28T13:06:22.987+0000][info][gc,phases      ] GC(834)   Evacuate Collection Set: 11.5ms
[2024-08-28T13:06:22.987+0000][info][gc,phases      ] GC(834)   Post Evacuate Collection Set: 0.5ms
[2024-08-28T13:06:22.987+0000][info][gc,phases      ] GC(834)   Other: 0.3ms
[2024-08-28T13:06:22.987+0000][info][gc,heap        ] GC(834) Eden regions: 44->0(44)
[2024-08-28T13:06:22.987+0000][info][gc,heap        ] GC(834) Survivor regions: 7->7(7)
[2024-08-28T13:06:22.987+0000][info][gc,heap        ] GC(834) Old regions: 822->767
[2024-08-28T13:06:22.987+0000][info][gc,heap        ] GC(834) Archive regions: 2->2
[2024-08-28T13:06:22.987+0000][info][gc,heap        ] GC(834) Humongous regions: 5->5
[2024-08-28T13:06:22.987+0000][info][gc,metaspace   ] GC(834) Metaspace: 100K(320K)->100K(320K) NonClass: 96K(192K)->96K(192K) Class: 4K(128K)->4K(128K)
[2024-08-28T13:06:22.987+0000][info][gc             ] GC(834) Pause Young (Mixed) (G1 Evacuation Pause) 878M->779M(1024M) 12.877ms
[2024-08-28T13:06:22.987+0000][info][gc,cpu         ] GC(834) User=0.28s Sys=0.00s Real=0.01s
[2024-08-28T13:06:23.014+0000][info][gc,start       ] GC(835) Pause Young (Mixed) (G1 Evacuation Pause)
[2024-08-28T13:06:23.014+0000][info][gc,task        ] GC(835) Using 24 workers of 68 for evacuation
[2024-08-28T13:06:23.027+0000][info][gc,phases      ] GC(835)   Pre Evacuate Collection Set: 0.2ms
[2024-08-28T13:06:23.027+0000][info][gc,phases      ] GC(835)   Merge Heap Roots: 0.4ms
[2024-08-28T13:06:23.027+0000][info][gc,phases      ] GC(835)   Evacuate Collection Set: 12.1ms
[2024-08-28T13:06:23.027+0000][info][gc,phases      ] GC(835)   Post Evacuate Collection Set: 0.4ms
[2024-08-28T13:06:23.027+0000][info][gc,phases      ] GC(835)   Other: 0.3ms
[2024-08-28T13:06:23.027+0000][info][gc,heap        ] GC(835) Eden regions: 44->0(44)
[2024-08-28T13:06:23.027+0000][info][gc,heap        ] GC(835) Survivor regions: 7->7(7)
[2024-08-28T13:06:23.027+0000][info][gc,heap        ] GC(835) Old regions: 767->791
[2024-08-28T13:06:23.027+0000][info][gc,heap        ] GC(835) Archive regions: 2->2
[2024-08-28T13:06:23.027+0000][info][gc,heap        ] GC(835) Humongous regions: 5->5
[2024-08-28T13:06:23.027+0000][info][gc,metaspace   ] GC(835) Metaspace: 100K(320K)->100K(320K) NonClass: 96K(192K)->96K(192K) Class: 4K(128K)->4K(128K)
[2024-08-28T13:06:23.027+0000][info][gc             ] GC(835) Pause Young (Mixed) (G1 Evacuation Pause) 823M->803M(1024M) 13.425ms
[2024-08-28T13:06:23.027+0000][info][gc,cpu         ] GC(835) User=0.29s Sys=0.00s Real=0.01s
[2024-08-28T13:06:23.054+0000][info][gc,start       ] GC(836) Pause Young (Concurrent Start) (G1 Evacuation Pause)
[2024-08-28T13:06:23.054+0000][info][gc,task        ] GC(836) Using 24 workers of 68 for evacuation
[2024-08-28T13:06:23.067+0000][info][gc,phases      ] GC(836)   Pre Evacuate Collection Set: 0.2ms
[2024-08-28T13:06:23.067+0000][info][gc,phases      ] GC(836)   Merge Heap Roots: 0.4ms
[2024-08-28T13:06:23.067+0000][info][gc,phases      ] GC(836)   Evacuate Collection Set: 11.0ms
[2024-08-28T13:06:23.067+0000][info][gc,phases      ] GC(836)   Post Evacuate Collection Set: 0.4ms
[2024-08-28T13:06:23.067+0000][info][gc,phases      ] GC(836)   Other: 1.0ms
[2024-08-28T13:06:23.067+0000][info][gc,heap        ] GC(836) Eden regions: 44->0(44)
[2024-08-28T13:06:23.067+0000][info][gc,heap        ] GC(836) Survivor regions: 7->7(7)
[2024-08-28T13:06:23.067+0000][info][gc,heap        ] GC(836) Old regions: 791->838
[2024-08-28T13:06:23.067+0000][info][gc,heap        ] GC(836) Archive regions: 2->2
[2024-08-28T13:06:23.068+0000][info][gc,heap        ] GC(836) Humongous regions: 5->5
[2024-08-28T13:06:23.068+0000][info][gc,metaspace   ] GC(836) Metaspace: 100K(320K)->100K(320K) NonClass: 96K(192K)->96K(192K) Class: 4K(128K)->4K(128K)
[2024-08-28T13:06:23.068+0000][info][gc             ] GC(836) Pause Young (Concurrent Start) (G1 Evacuation Pause) 847M->850M(1024M) 13.213ms
[2024-08-28T13:06:23.068+0000][info][gc,cpu         ] GC(836) User=0.27s Sys=0.00s Real=0.01s
[2024-08-28T13:06:23.068+0000][info][gc             ] GC(837) Concurrent Mark Cycle
[2024-08-28T13:06:23.068+0000][info][gc,marking     ] GC(837) Concurrent Clear Claimed Marks
[2024-08-28T13:06:23.068+0000][info][gc,marking     ] GC(837) Concurrent Clear Claimed Marks 0.011ms
[2024-08-28T13:06:23.068+0000][info][gc,marking     ] GC(837) Concurrent Scan Root Regions
[2024-08-28T13:06:23.070+0000][info][gc,marking     ] GC(837) Concurrent Scan Root Regions 2.102ms
[2024-08-28T13:06:23.070+0000][info][gc,marking     ] GC(837) Concurrent Mark
[2024-08-28T13:06:23.070+0000][info][gc,marking     ] GC(837) Concurrent Mark From Roots
[2024-08-28T13:06:23.070+0000][info][gc,task        ] GC(837) Using 17 workers of 17 for marking
[2024-08-28T13:06:23.097+0000][info][gc,marking     ] GC(837) Concurrent Mark From Roots 26.656ms
[2024-08-28T13:06:23.097+0000][info][gc,marking     ] GC(837) Concurrent Preclean
[2024-08-28T13:06:23.097+0000][info][gc,marking     ] GC(837) Concurrent Preclean 0.501ms
[2024-08-28T13:06:23.097+0000][info][gc,start       ] GC(837) Pause Remark
[2024-08-28T13:06:23.099+0000][info][gc             ] GC(837) Pause Remark 883M->883M(1024M) 1.285ms
[2024-08-28T13:06:23.099+0000][info][gc,cpu         ] GC(837) User=0.00s Sys=0.01s Real=0.01s
[2024-08-28T13:06:23.099+0000][info][gc,marking     ] GC(837) Concurrent Mark 28.771ms
[2024-08-28T13:06:23.099+0000][info][gc,marking     ] GC(837) Concurrent Rebuild Remembered Sets
[2024-08-28T13:06:23.107+0000][info][gc,start       ] GC(838) Pause Young (Normal) (G1 Evacuation Pause)
[2024-08-28T13:06:23.107+0000][info][gc,task        ] GC(838) Using 24 workers of 68 for evacuation
[2024-08-28T13:06:23.119+0000][info][gc,phases      ] GC(838)   Pre Evacuate Collection Set: 0.2ms
[2024-08-28T13:06:23.119+0000][info][gc,phases      ] GC(838)   Merge Heap Roots: 0.4ms
[2024-08-28T13:06:23.119+0000][info][gc,phases      ] GC(838)   Evacuate Collection Set: 10.6ms
[2024-08-28T13:06:23.119+0000][info][gc,phases      ] GC(838)   Post Evacuate Collection Set: 0.5ms
[2024-08-28T13:06:23.119+0000][info][gc,phases      ] GC(838)   Other: 0.2ms
[2024-08-28T13:06:23.119+0000][info][gc,heap        ] GC(838) Eden regions: 44->0(44)
[2024-08-28T13:06:23.119+0000][info][gc,heap        ] GC(838) Survivor regions: 7->7(7)
[2024-08-28T13:06:23.119+0000][info][gc,heap        ] GC(838) Old regions: 838->884
[2024-08-28T13:06:23.119+0000][info][gc,heap        ] GC(838) Archive regions: 2->2
[2024-08-28T13:06:23.119+0000][info][gc,heap        ] GC(838) Humongous regions: 5->5
[2024-08-28T13:06:23.119+0000][info][gc,metaspace   ] GC(838) Metaspace: 100K(320K)->100K(320K) NonClass: 96K(192K)->96K(192K) Class: 4K(128K)->4K(128K)
[2024-08-28T13:06:23.119+0000][info][gc             ] GC(838) Pause Young (Normal) (G1 Evacuation Pause) 894M->896M(1024M) 12.006ms
[2024-08-28T13:06:23.119+0000][info][gc,cpu         ] GC(838) User=0.26s Sys=0.00s Real=0.02s
[2024-08-28T13:06:23.151+0000][info][gc,start       ] GC(839) Pause Young (Normal) (G1 Evacuation Pause)
[2024-08-28T13:06:23.151+0000][info][gc,task        ] GC(839) Using 24 workers of 68 for evacuation
[2024-08-28T13:06:23.167+0000][info][gc,phases      ] GC(839)   Pre Evacuate Collection Set: 0.2ms
[2024-08-28T13:06:23.167+0000][info][gc,phases      ] GC(839)   Merge Heap Roots: 0.5ms
[2024-08-28T13:06:23.167+0000][info][gc,phases      ] GC(839)   Evacuate Collection Set: 15.1ms
[2024-08-28T13:06:23.167+0000][info][gc,phases      ] GC(839)   Post Evacuate Collection Set: 0.6ms
[2024-08-28T13:06:23.167+0000][info][gc,phases      ] GC(839)   Other: 0.3ms
[2024-08-28T13:06:23.167+0000][info][gc,heap        ] GC(839) Eden regions: 44->0(44)
[2024-08-28T13:06:23.167+0000][info][gc,heap        ] GC(839) Survivor regions: 7->7(7)
[2024-08-28T13:06:23.167+0000][info][gc,heap        ] GC(839) Old regions: 884->931
[2024-08-28T13:06:23.167+0000][info][gc,heap        ] GC(839) Archive regions: 2->2
[2024-08-28T13:06:23.167+0000][info][gc,heap        ] GC(839) Humongous regions: 5->5
[2024-08-28T13:06:23.168+0000][info][gc,metaspace   ] GC(839) Metaspace: 100K(320K)->100K(320K) NonClass: 96K(192K)->96K(192K) Class: 4K(128K)->4K(128K)
[2024-08-28T13:06:23.168+0000][info][gc             ] GC(839) Pause Young (Normal) (G1 Evacuation Pause) 940M->943M(1024M) 16.690ms
[2024-08-28T13:06:23.168+0000][info][gc,cpu         ] GC(839) User=0.37s Sys=0.00s Real=0.01s
[2024-08-28T13:06:23.185+0000][info][gc,marking     ] GC(837) Concurrent Rebuild Remembered Sets 85.908ms
[2024-08-28T13:06:23.185+0000][info][gc,start       ] GC(837) Pause Cleanup
[2024-08-28T13:06:23.188+0000][info][gc             ] GC(837) Pause Cleanup 966M->966M(1024M) 3.280ms
[2024-08-28T13:06:23.188+0000][info][gc,cpu         ] GC(837) User=0.01s Sys=0.00s Real=0.00s
[2024-08-28T13:06:23.188+0000][info][gc,marking     ] GC(837) Concurrent Cleanup for Next Mark
[2024-08-28T13:06:23.189+0000][info][gc,marking     ] GC(837) Concurrent Cleanup for Next Mark 0.974ms
[2024-08-28T13:06:23.189+0000][info][gc             ] GC(837) Concurrent Mark Cycle 121.668ms
[2024-08-28T13:06:23.197+0000][info][gc,start       ] GC(840) Pause Young (Prepare Mixed) (G1 Preventive Collection)
[2024-08-28T13:06:23.197+0000][info][gc,task        ] GC(840) Using 24 workers of 68 for evacuation
[2024-08-28T13:06:23.213+0000][info][gc,phases      ] GC(840)   Pre Evacuate Collection Set: 0.2ms
[2024-08-28T13:06:23.213+0000][info][gc,phases      ] GC(840)   Merge Heap Roots: 0.5ms
[2024-08-28T13:06:23.213+0000][info][gc,phases      ] GC(840)   Evacuate Collection Set: 15.3ms
[2024-08-28T13:06:23.213+0000][info][gc,phases      ] GC(840)   Post Evacuate Collection Set: 0.4ms
[2024-08-28T13:06:23.213+0000][info][gc,phases      ] GC(840)   Other: 0.2ms
[2024-08-28T13:06:23.213+0000][info][gc,heap        ] GC(840) Eden regions: 34->0(44)
[2024-08-28T13:06:23.213+0000][info][gc,heap        ] GC(840) Survivor regions: 7->7(7)
[2024-08-28T13:06:23.213+0000][info][gc,heap        ] GC(840) Old regions: 931->968
[2024-08-28T13:06:23.213+0000][info][gc,heap        ] GC(840) Archive regions: 2->2
[2024-08-28T13:06:23.213+0000][info][gc,heap        ] GC(840) Humongous regions: 5->5
[2024-08-28T13:06:23.213+0000][info][gc,metaspace   ] GC(840) Metaspace: 100K(320K)->100K(320K) NonClass: 96K(192K)->96K(192K) Class: 4K(128K)->4K(128K)
[2024-08-28T13:06:23.213+0000][info][gc             ] GC(840) Pause Young (Prepare Mixed) (G1 Preventive Collection) 977M->980M(1024M) 16.635ms
[2024-08-28T13:06:23.213+0000][info][gc,cpu         ] GC(840) User=0.36s Sys=0.01s Real=0.02s
[2024-08-28T13:06:23.224+0000][info][gc,start       ] GC(841) Pause Young (Mixed) (G1 Preventive Collection)
[2024-08-28T13:06:23.224+0000][info][gc,task        ] GC(841) Using 24 workers of 68 for evacuation
[2024-08-28T13:06:23.232+0000][info][gc,phases      ] GC(841)   Pre Evacuate Collection Set: 0.2ms
[2024-08-28T13:06:23.232+0000][info][gc,phases      ] GC(841)   Merge Heap Roots: 0.3ms
[2024-08-28T13:06:23.232+0000][info][gc,phases      ] GC(841)   Evacuate Collection Set: 6.6ms
[2024-08-28T13:06:23.232+0000][info][gc,phases      ] GC(841)   Post Evacuate Collection Set: 0.4ms
[2024-08-28T13:06:23.232+0000][info][gc,phases      ] GC(841)   Other: 0.3ms
[2024-08-28T13:06:23.232+0000][info][gc,heap        ] GC(841) Eden regions: 16->0(44)
[2024-08-28T13:06:23.232+0000][info][gc,heap        ] GC(841) Survivor regions: 7->7(7)
[2024-08-28T13:06:23.232+0000][info][gc,heap        ] GC(841) Old regions: 968->884
[2024-08-28T13:06:23.232+0000][info][gc,heap        ] GC(841) Archive regions: 2->2
[2024-08-28T13:06:23.232+0000][info][gc,heap        ] GC(841) Humongous regions: 5->5
[2024-08-28T13:06:23.232+0000][info][gc,metaspace   ] GC(841) Metaspace: 100K(320K)->100K(320K) NonClass: 96K(192K)->96K(192K) Class: 4K(128K)->4K(128K)
[2024-08-28T13:06:23.232+0000][info][gc             ] GC(841) Pause Young (Mixed) (G1 Preventive Collection) 996M->896M(1024M) 7.973ms
[2024-08-28T13:06:23.232+0000][info][gc,cpu         ] GC(841) User=0.17s Sys=0.00s Real=0.01s
[2024-08-28T13:06:23.259+0000][info][gc,start       ] GC(842) Pause Young (Mixed) (G1 Evacuation Pause)
[2024-08-28T13:06:23.259+0000][info][gc,task        ] GC(842) Using 24 workers of 68 for evacuation
[2024-08-28T13:06:23.271+0000][info][gc,phases      ] GC(842)   Pre Evacuate Collection Set: 0.2ms
[2024-08-28T13:06:23.271+0000][info][gc,phases      ] GC(842)   Merge Heap Roots: 0.4ms
[2024-08-28T13:06:23.271+0000][info][gc,phases      ] GC(842)   Evacuate Collection Set: 10.8ms
[2024-08-28T13:06:23.271+0000][info][gc,phases      ] GC(842)   Post Evacuate Collection Set: 0.4ms
[2024-08-28T13:06:23.271+0000][info][gc,phases      ] GC(842)   Other: 0.4ms
[2024-08-28T13:06:23.271+0000][info][gc,heap        ] GC(842) Eden regions: 44->0(44)
[2024-08-28T13:06:23.271+0000][info][gc,heap        ] GC(842) Survivor regions: 7->7(7)
[2024-08-28T13:06:23.271+0000][info][gc,heap        ] GC(842) Old regions: 884->826
[2024-08-28T13:06:23.271+0000][info][gc,heap        ] GC(842) Archive regions: 2->2
[2024-08-28T13:06:23.271+0000][info][gc,heap        ] GC(842) Humongous regions: 5->5
[2024-08-28T13:06:23.271+0000][info][gc,metaspace   ] GC(842) Metaspace: 100K(320K)->100K(320K) NonClass: 96K(192K)->96K(192K) Class: 4K(128K)->4K(128K)
[2024-08-28T13:06:23.271+0000][info][gc             ] GC(842) Pause Young (Mixed) (G1 Evacuation Pause) 940M->838M(1024M) 12.322ms
[2024-08-28T13:06:23.271+0000][info][gc,cpu         ] GC(842) User=0.26s Sys=0.00s Real=0.01s
[2024-08-28T13:06:23.298+0000][info][gc,start       ] GC(843) Pause Young (Mixed) (G1 Evacuation Pause)
[2024-08-28T13:06:23.298+0000][info][gc,task        ] GC(843) Using 24 workers of 68 for evacuation
[2024-08-28T13:06:23.311+0000][info][gc,phases      ] GC(843)   Pre Evacuate Collection Set: 0.2ms
[2024-08-28T13:06:23.311+0000][info][gc,phases      ] GC(843)   Merge Heap Roots: 0.4ms
[2024-08-28T13:06:23.311+0000][info][gc,phases      ] GC(843)   Evacuate Collection Set: 11.3ms
[2024-08-28T13:06:23.311+0000][info][gc,phases      ] GC(843)   Post Evacuate Collection Set: 0.4ms
[2024-08-28T13:06:23.311+0000][info][gc,phases      ] GC(843)   Other: 0.3ms
[2024-08-28T13:06:23.311+0000][info][gc,heap        ] GC(843) Eden regions: 44->0(44)
[2024-08-28T13:06:23.311+0000][info][gc,heap        ] GC(843) Survivor regions: 7->7(7)
[2024-08-28T13:06:23.311+0000][info][gc,heap        ] GC(843) Old regions: 826->769
[2024-08-28T13:06:23.311+0000][info][gc,heap        ] GC(843) Archive regions: 2->2
[2024-08-28T13:06:23.311+0000][info][gc,heap        ] GC(843) Humongous regions: 5->5
[2024-08-28T13:06:23.311+0000][info][gc,metaspace   ] GC(843) Metaspace: 100K(320K)->100K(320K) NonClass: 96K(192K)->96K(192K) Class: 4K(128K)->4K(128K)
[2024-08-28T13:06:23.311+0000][info][gc             ] GC(843) Pause Young (Mixed) (G1 Evacuation Pause) 882M->781M(1024M) 12.765ms
[2024-08-28T13:06:23.311+0000][info][gc,cpu         ] GC(843) User=0.28s Sys=0.00s Real=0.01s
[2024-08-28T13:06:23.337+0000][info][gc,start       ] GC(844) Pause Young (Mixed) (G1 Evacuation Pause)
[2024-08-28T13:06:23.337+0000][info][gc,task        ] GC(844) Using 24 workers of 68 for evacuation
[2024-08-28T13:06:23.350+0000][info][gc,phases      ] GC(844)   Pre Evacuate Collection Set: 0.2ms
[2024-08-28T13:06:23.350+0000][info][gc,phases      ] GC(844)   Merge Heap Roots: 0.3ms
[2024-08-28T13:06:23.350+0000][info][gc,phases      ] GC(844)   Evacuate Collection Set: 11.3ms
[2024-08-28T13:06:23.350+0000][info][gc,phases      ] GC(844)   Post Evacuate Collection Set: 0.4ms
[2024-08-28T13:06:23.350+0000][info][gc,phases      ] GC(844)   Other: 0.3ms
[2024-08-28T13:06:23.350+0000][info][gc,heap        ] GC(844) Eden regions: 44->0(44)
[2024-08-28T13:06:23.350+0000][info][gc,heap        ] GC(844) Survivor regions: 7->7(7)
[2024-08-28T13:06:23.350+0000][info][gc,heap        ] GC(844) Old regions: 769->778
[2024-08-28T13:06:23.350+0000][info][gc,heap        ] GC(844) Archive regions: 2->2
[2024-08-28T13:06:23.350+0000][info][gc,heap        ] GC(844) Humongous regions: 5->5
[2024-08-28T13:06:23.350+0000][info][gc,metaspace   ] GC(844) Metaspace: 100K(320K)->100K(320K) NonClass: 96K(192K)->96K(192K) Class: 4K(128K)->4K(128K)
[2024-08-28T13:06:23.350+0000][info][gc             ] GC(844) Pause Young (Mixed) (G1 Evacuation Pause) 825M->790M(1024M) 12.533ms
[2024-08-28T13:06:23.350+0000][info][gc,cpu         ] GC(844) User=0.26s Sys=0.02s Real=0.02s
[2024-08-28T13:06:23.377+0000][info][gc,start       ] GC(845) Pause Young (Concurrent Start) (G1 Evacuation Pause)
[2024-08-28T13:06:23.377+0000][info][gc,task        ] GC(845) Using 24 workers of 68 for evacuation
[2024-08-28T13:06:23.390+0000][info][gc,phases      ] GC(845)   Pre Evacuate Collection Set: 0.2ms
[2024-08-28T13:06:23.390+0000][info][gc,phases      ] GC(845)   Merge Heap Roots: 0.2ms
[2024-08-28T13:06:23.390+0000][info][gc,phases      ] GC(845)   Evacuate Collection Set: 11.1ms
[2024-08-28T13:06:23.390+0000][info][gc,phases      ] GC(845)   Post Evacuate Collection Set: 0.4ms
[2024-08-28T13:06:23.390+0000][info][gc,phases      ] GC(845)   Other: 1.0ms
[2024-08-28T13:06:23.390+0000][info][gc,heap        ] GC(845) Eden regions: 44->0(44)
[2024-08-28T13:06:23.390+0000][info][gc,heap        ] GC(845) Survivor regions: 7->7(7)
[2024-08-28T13:06:23.390+0000][info][gc,heap        ] GC(845) Old regions: 778->825
[2024-08-28T13:06:23.390+0000][info][gc,heap        ] GC(845) Archive regions: 2->2
[2024-08-28T13:06:23.390+0000][info][gc,heap        ] GC(845) Humongous regions: 5->5
[2024-08-28T13:06:23.390+0000][info][gc,metaspace   ] GC(845) Metaspace: 100K(320K)->100K(320K) NonClass: 96K(192K)->96K(192K) Class: 4K(128K)->4K(128K)
[2024-08-28T13:06:23.390+0000][info][gc             ] GC(845) Pause Young (Concurrent Start) (G1 Evacuation Pause) 834M->837M(1024M) 13.051ms
[2024-08-28T13:06:23.390+0000][info][gc,cpu         ] GC(845) User=0.26s Sys=0.00s Real=0.02s
[2024-08-28T13:06:23.390+0000][info][gc             ] GC(846) Concurrent Mark Cycle
[2024-08-28T13:06:23.390+0000][info][gc,marking     ] GC(846) Concurrent Clear Claimed Marks
[2024-08-28T13:06:23.390+0000][info][gc,marking     ] GC(846) Concurrent Clear Claimed Marks 0.013ms
[2024-08-28T13:06:23.390+0000][info][gc,marking     ] GC(846) Concurrent Scan Root Regions
[2024-08-28T13:06:23.392+0000][info][gc,marking     ] GC(846) Concurrent Scan Root Regions 1.889ms
[2024-08-28T13:06:23.392+0000][info][gc,marking     ] GC(846) Concurrent Mark
[2024-08-28T13:06:23.392+0000][info][gc,marking     ] GC(846) Concurrent Mark From Roots
[2024-08-28T13:06:23.392+0000][info][gc,task        ] GC(846) Using 17 workers of 17 for marking
[2024-08-28T13:06:23.419+0000][info][gc,marking     ] GC(846) Concurrent Mark From Roots 26.997ms
[2024-08-28T13:06:23.419+0000][info][gc,marking     ] GC(846) Concurrent Preclean
[2024-08-28T13:06:23.420+0000][info][gc,marking     ] GC(846) Concurrent Preclean 0.698ms
[2024-08-28T13:06:23.420+0000][info][gc,start       ] GC(846) Pause Remark
[2024-08-28T13:06:23.422+0000][info][gc             ] GC(846) Pause Remark 870M->870M(1024M) 1.847ms
[2024-08-28T13:06:23.422+0000][info][gc,cpu         ] GC(846) User=0.01s Sys=0.00s Real=0.00s
[2024-08-28T13:06:23.422+0000][info][gc,marking     ] GC(846) Concurrent Mark 30.114ms
[2024-08-28T13:06:23.422+0000][info][gc,marking     ] GC(846) Concurrent Rebuild Remembered Sets
[2024-08-28T13:06:23.430+0000][info][gc,start       ] GC(847) Pause Young (Normal) (G1 Evacuation Pause)
[2024-08-28T13:06:23.430+0000][info][gc,task        ] GC(847) Using 24 workers of 68 for evacuation
[2024-08-28T13:06:23.442+0000][info][gc,phases      ] GC(847)   Pre Evacuate Collection Set: 0.2ms
[2024-08-28T13:06:23.442+0000][info][gc,phases      ] GC(847)   Merge Heap Roots: 0.4ms
[2024-08-28T13:06:23.442+0000][info][gc,phases      ] GC(847)   Evacuate Collection Set: 10.5ms
[2024-08-28T13:06:23.442+0000][info][gc,phases      ] GC(847)   Post Evacuate Collection Set: 0.5ms
[2024-08-28T13:06:23.442+0000][info][gc,phases      ] GC(847)   Other: 0.3ms
[2024-08-28T13:06:23.442+0000][info][gc,heap        ] GC(847) Eden regions: 44->0(44)
[2024-08-28T13:06:23.442+0000][info][gc,heap        ] GC(847) Survivor regions: 7->7(7)
[2024-08-28T13:06:23.442+0000][info][gc,heap        ] GC(847) Old regions: 825->873
[2024-08-28T13:06:23.442+0000][info][gc,heap        ] GC(847) Archive regions: 2->2
[2024-08-28T13:06:23.442+0000][info][gc,heap        ] GC(847) Humongous regions: 5->5
[2024-08-28T13:06:23.442+0000][info][gc,metaspace   ] GC(847) Metaspace: 100K(320K)->100K(320K) NonClass: 96K(192K)->96K(192K) Class: 4K(128K)->4K(128K)
[2024-08-28T13:06:23.442+0000][info][gc             ] GC(847) Pause Young (Normal) (G1 Evacuation Pause) 881M->885M(1024M) 11.984ms
[2024-08-28T13:06:23.442+0000][info][gc,cpu         ] GC(847) User=0.26s Sys=0.01s Real=0.01s
[2024-08-28T13:06:23.474+0000][info][gc,start       ] GC(848) Pause Young (Normal) (G1 Evacuation Pause)
[2024-08-28T13:06:23.474+0000][info][gc,task        ] GC(848) Using 24 workers of 68 for evacuation
[2024-08-28T13:06:23.490+0000][info][gc,phases      ] GC(848)   Pre Evacuate Collection Set: 0.2ms
[2024-08-28T13:06:23.490+0000][info][gc,phases      ] GC(848)   Merge Heap Roots: 0.3ms
[2024-08-28T13:06:23.490+0000][info][gc,phases      ] GC(848)   Evacuate Collection Set: 14.4ms
[2024-08-28T13:06:23.490+0000][info][gc,phases      ] GC(848)   Post Evacuate Collection Set: 0.6ms
[2024-08-28T13:06:23.490+0000][info][gc,phases      ] GC(848)   Other: 0.3ms
[2024-08-28T13:06:23.490+0000][info][gc,heap        ] GC(848) Eden regions: 44->0(44)
[2024-08-28T13:06:23.490+0000][info][gc,heap        ] GC(848) Survivor regions: 7->7(7)
[2024-08-28T13:06:23.490+0000][info][gc,heap        ] GC(848) Old regions: 873->919
[2024-08-28T13:06:23.490+0000][info][gc,heap        ] GC(848) Archive regions: 2->2
[2024-08-28T13:06:23.490+0000][info][gc,heap        ] GC(848) Humongous regions: 5->5
[2024-08-28T13:06:23.490+0000][info][gc,metaspace   ] GC(848) Metaspace: 100K(320K)->100K(320K) NonClass: 96K(192K)->96K(192K) Class: 4K(128K)->4K(128K)
[2024-08-28T13:06:23.490+0000][info][gc             ] GC(848) Pause Young (Normal) (G1 Evacuation Pause) 929M->931M(1024M) 15.922ms
[2024-08-28T13:06:23.490+0000][info][gc,cpu         ] GC(848) User=0.36s Sys=0.00s Real=0.02s
[2024-08-28T13:06:23.510+0000][info][gc,marking     ] GC(846) Concurrent Rebuild Remembered Sets 87.874ms
[2024-08-28T13:06:23.510+0000][info][gc,start       ] GC(846) Pause Cleanup
[2024-08-28T13:06:23.513+0000][info][gc             ] GC(846) Pause Cleanup 958M->958M(1024M) 2.816ms
[2024-08-28T13:06:23.513+0000][info][gc,cpu         ] GC(846) User=0.00s Sys=0.00s Real=0.00s
[2024-08-28T13:06:23.513+0000][info][gc,marking     ] GC(846) Concurrent Cleanup for Next Mark
[2024-08-28T13:06:23.514+0000][info][gc,marking     ] GC(846) Concurrent Cleanup for Next Mark 0.909ms
[2024-08-28T13:06:23.514+0000][info][gc             ] GC(846) Concurrent Mark Cycle 124.225ms
[2024-08-28T13:06:23.523+0000][info][gc,start       ] GC(849) Pause Young (Prepare Mixed) (G1 Preventive Collection)
[2024-08-28T13:06:23.523+0000][info][gc,task        ] GC(849) Using 24 workers of 68 for evacuation
[2024-08-28T13:06:23.541+0000][info][gc,phases      ] GC(849)   Pre Evacuate Collection Set: 0.2ms
[2024-08-28T13:06:23.541+0000][info][gc,phases      ] GC(849)   Merge Heap Roots: 0.6ms
[2024-08-28T13:06:23.541+0000][info][gc,phases      ] GC(849)   Evacuate Collection Set: 17.1ms
[2024-08-28T13:06:23.541+0000][info][gc,phases      ] GC(849)   Post Evacuate Collection Set: 0.4ms
[2024-08-28T13:06:23.541+0000][info][gc,phases      ] GC(849)   Other: 0.3ms
[2024-08-28T13:06:23.541+0000][info][gc,heap        ] GC(849) Eden regions: 40->0(44)
[2024-08-28T13:06:23.541+0000][info][gc,heap        ] GC(849) Survivor regions: 7->7(7)
[2024-08-28T13:06:23.541+0000][info][gc,heap        ] GC(849) Old regions: 919->961
[2024-08-28T13:06:23.541+0000][info][gc,heap        ] GC(849) Archive regions: 2->2
[2024-08-28T13:06:23.541+0000][info][gc,heap        ] GC(849) Humongous regions: 5->5
[2024-08-28T13:06:23.541+0000][info][gc,metaspace   ] GC(849) Metaspace: 100K(320K)->100K(320K) NonClass: 96K(192K)->96K(192K) Class: 4K(128K)->4K(128K)
[2024-08-28T13:06:23.541+0000][info][gc             ] GC(849) Pause Young (Prepare Mixed) (G1 Preventive Collection) 971M->973M(1024M) 18.596ms
[2024-08-28T13:06:23.541+0000][info][gc,cpu         ] GC(849) User=0.42s Sys=0.00s Real=0.02s
[2024-08-28T13:06:23.554+0000][info][gc,start       ] GC(850) Pause Young (Mixed) (G1 Preventive Collection)
[2024-08-28T13:06:23.554+0000][info][gc,task        ] GC(850) Using 24 workers of 68 for evacuation
[2024-08-28T13:06:23.563+0000][info][gc,phases      ] GC(850)   Pre Evacuate Collection Set: 0.2ms
[2024-08-28T13:06:23.563+0000][info][gc,phases      ] GC(850)   Merge Heap Roots: 0.3ms
[2024-08-28T13:06:23.563+0000][info][gc,phases      ] GC(850)   Evacuate Collection Set: 7.3ms
[2024-08-28T13:06:23.563+0000][info][gc,phases      ] GC(850)   Post Evacuate Collection Set: 0.4ms
[2024-08-28T13:06:23.563+0000][info][gc,phases      ] GC(850)   Other: 0.3ms
[2024-08-28T13:06:23.563+0000][info][gc,heap        ] GC(850) Eden regions: 19->0(44)
[2024-08-28T13:06:23.563+0000][info][gc,heap        ] GC(850) Survivor regions: 7->7(7)
[2024-08-28T13:06:23.563+0000][info][gc,heap        ] GC(850) Old regions: 961->881
[2024-08-28T13:06:23.563+0000][info][gc,heap        ] GC(850) Archive regions: 2->2
[2024-08-28T13:06:23.563+0000][info][gc,heap        ] GC(850) Humongous regions: 5->5
[2024-08-28T13:06:23.563+0000][info][gc,metaspace   ] GC(850) Metaspace: 100K(320K)->100K(320K) NonClass: 96K(192K)->96K(192K) Class: 4K(128K)->4K(128K)
[2024-08-28T13:06:23.563+0000][info][gc             ] GC(850) Pause Young (Mixed) (G1 Preventive Collection) 992M->893M(1024M) 8.704ms
[2024-08-28T13:06:23.563+0000][info][gc,cpu         ] GC(850) User=0.19s Sys=0.00s Real=0.01s
[2024-08-28T13:06:23.589+0000][info][gc,start       ] GC(851) Pause Young (Mixed) (G1 Evacuation Pause)
[2024-08-28T13:06:23.589+0000][info][gc,task        ] GC(851) Using 24 workers of 68 for evacuation
[2024-08-28T13:06:23.602+0000][info][gc,phases      ] GC(851)   Pre Evacuate Collection Set: 0.2ms
[2024-08-28T13:06:23.602+0000][info][gc,phases      ] GC(851)   Merge Heap Roots: 0.4ms
[2024-08-28T13:06:23.602+0000][info][gc,phases      ] GC(851)   Evacuate Collection Set: 11.0ms
[2024-08-28T13:06:23.602+0000][info][gc,phases      ] GC(851)   Post Evacuate Collection Set: 0.5ms
[2024-08-28T13:06:23.602+0000][info][gc,phases      ] GC(851)   Other: 0.3ms
[2024-08-28T13:06:23.602+0000][info][gc,heap        ] GC(851) Eden regions: 44->0(44)
[2024-08-28T13:06:23.602+0000][info][gc,heap        ] GC(851) Survivor regions: 7->7(7)
[2024-08-28T13:06:23.602+0000][info][gc,heap        ] GC(851) Old regions: 881->822
[2024-08-28T13:06:23.602+0000][info][gc,heap        ] GC(851) Archive regions: 2->2
[2024-08-28T13:06:23.602+0000][info][gc,heap        ] GC(851) Humongous regions: 5->5
[2024-08-28T13:06:23.602+0000][info][gc,metaspace   ] GC(851) Metaspace: 100K(320K)->100K(320K) NonClass: 96K(192K)->96K(192K) Class: 4K(128K)->4K(128K)
[2024-08-28T13:06:23.602+0000][info][gc             ] GC(851) Pause Young (Mixed) (G1 Evacuation Pause) 937M->834M(1024M) 12.631ms
[2024-08-28T13:06:23.602+0000][info][gc,cpu         ] GC(851) User=0.27s Sys=0.01s Real=0.02s
[2024-08-28T13:06:23.629+0000][info][gc,start       ] GC(852) Pause Young (Mixed) (G1 Evacuation Pause)
[2024-08-28T13:06:23.629+0000][info][gc,task        ] GC(852) Using 24 workers of 68 for evacuation
[2024-08-28T13:06:23.642+0000][info][gc,phases      ] GC(852)   Pre Evacuate Collection Set: 0.3ms
[2024-08-28T13:06:23.642+0000][info][gc,phases      ] GC(852)   Merge Heap Roots: 0.4ms
[2024-08-28T13:06:23.642+0000][info][gc,phases      ] GC(852)   Evacuate Collection Set: 11.5ms
[2024-08-28T13:06:23.642+0000][info][gc,phases      ] GC(852)   Post Evacuate Collection Set: 0.5ms
[2024-08-28T13:06:23.642+0000][info][gc,phases      ] GC(852)   Other: 0.4ms
[2024-08-28T13:06:23.642+0000][info][gc,heap        ] GC(852) Eden regions: 44->0(44)
[2024-08-28T13:06:23.642+0000][info][gc,heap        ] GC(852) Survivor regions: 7->7(7)
[2024-08-28T13:06:23.642+0000][info][gc,heap        ] GC(852) Old regions: 822->767
[2024-08-28T13:06:23.642+0000][info][gc,heap        ] GC(852) Archive regions: 2->2
[2024-08-28T13:06:23.642+0000][info][gc,heap        ] GC(852) Humongous regions: 5->5
[2024-08-28T13:06:23.642+0000][info][gc,metaspace   ] GC(852) Metaspace: 100K(320K)->100K(320K) NonClass: 96K(192K)->96K(192K) Class: 4K(128K)->4K(128K)
[2024-08-28T13:06:23.642+0000][info][gc             ] GC(852) Pause Young (Mixed) (G1 Evacuation Pause) 878M->779M(1024M) 13.166ms
[2024-08-28T13:06:23.642+0000][info][gc,cpu         ] GC(852) User=0.28s Sys=0.01s Real=0.02s
[2024-08-28T13:06:23.669+0000][info][gc,start       ] GC(853) Pause Young (Mixed) (G1 Evacuation Pause)
[2024-08-28T13:06:23.670+0000][info][gc,task        ] GC(853) Using 24 workers of 68 for evacuation
[2024-08-28T13:06:23.682+0000][info][gc,phases      ] GC(853)   Pre Evacuate Collection Set: 0.2ms
[2024-08-28T13:06:23.682+0000][info][gc,phases      ] GC(853)   Merge Heap Roots: 0.3ms
[2024-08-28T13:06:23.682+0000][info][gc,phases      ] GC(853)   Evacuate Collection Set: 11.8ms
[2024-08-28T13:06:23.682+0000][info][gc,phases      ] GC(853)   Post Evacuate Collection Set: 0.4ms
[2024-08-28T13:06:23.683+0000][info][gc,phases      ] GC(853)   Other: 0.3ms
[2024-08-28T13:06:23.683+0000][info][gc,heap        ] GC(853) Eden regions: 44->0(44)
[2024-08-28T13:06:23.683+0000][info][gc,heap        ] GC(853) Survivor regions: 7->7(7)
[2024-08-28T13:06:23.683+0000][info][gc,heap        ] GC(853) Old regions: 767->788
[2024-08-28T13:06:23.683+0000][info][gc,heap        ] GC(853) Archive regions: 2->2
[2024-08-28T13:06:23.683+0000][info][gc,heap        ] GC(853) Humongous regions: 5->5
[2024-08-28T13:06:23.683+0000][info][gc,metaspace   ] GC(853) Metaspace: 100K(320K)->100K(320K) NonClass: 96K(192K)->96K(192K) Class: 4K(128K)->4K(128K)
[2024-08-28T13:06:23.683+0000][info][gc             ] GC(853) Pause Young (Mixed) (G1 Evacuation Pause) 823M->800M(1024M) 13.223ms
[2024-08-28T13:06:23.683+0000][info][gc,cpu         ] GC(853) User=0.29s Sys=0.00s Real=0.02s
[2024-08-28T13:06:23.710+0000][info][gc,start       ] GC(854) Pause Young (Concurrent Start) (G1 Evacuation Pause)
[2024-08-28T13:06:23.710+0000][info][gc,task        ] GC(854) Using 24 workers of 68 for evacuation
[2024-08-28T13:06:23.723+0000][info][gc,phases      ] GC(854)   Pre Evacuate Collection Set: 0.2ms
[2024-08-28T13:06:23.723+0000][info][gc,phases      ] GC(854)   Merge Heap Roots: 0.4ms
[2024-08-28T13:06:23.723+0000][info][gc,phases      ] GC(854)   Evacuate Collection Set: 10.6ms
[2024-08-28T13:06:23.723+0000][info][gc,phases      ] GC(854)   Post Evacuate Collection Set: 0.4ms
[2024-08-28T13:06:23.723+0000][info][gc,phases      ] GC(854)   Other: 1.0ms
[2024-08-28T13:06:23.723+0000][info][gc,heap        ] GC(854) Eden regions: 44->0(44)
[2024-08-28T13:06:23.723+0000][info][gc,heap        ] GC(854) Survivor regions: 7->7(7)
[2024-08-28T13:06:23.723+0000][info][gc,heap        ] GC(854) Old regions: 788->834
[2024-08-28T13:06:23.723+0000][info][gc,heap        ] GC(854) Archive regions: 2->2
[2024-08-28T13:06:23.723+0000][info][gc,heap        ] GC(854) Humongous regions: 5->5
[2024-08-28T13:06:23.723+0000][info][gc,metaspace   ] GC(854) Metaspace: 100K(320K)->100K(320K) NonClass: 96K(192K)->96K(192K) Class: 4K(128K)->4K(128K)
[2024-08-28T13:06:23.723+0000][info][gc             ] GC(854) Pause Young (Concurrent Start) (G1 Evacuation Pause) 844M->846M(1024M) 12.709ms
[2024-08-28T13:06:23.723+0000][info][gc,cpu         ] GC(854) User=0.26s Sys=0.00s Real=0.01s
[2024-08-28T13:06:23.723+0000][info][gc             ] GC(855) Concurrent Mark Cycle
[2024-08-28T13:06:23.723+0000][info][gc,marking     ] GC(855) Concurrent Clear Claimed Marks
[2024-08-28T13:06:23.723+0000][info][gc,marking     ] GC(855) Concurrent Clear Claimed Marks 0.012ms
[2024-08-28T13:06:23.723+0000][info][gc,marking     ] GC(855) Concurrent Scan Root Regions
[2024-08-28T13:06:23.725+0000][info][gc,marking     ] GC(855) Concurrent Scan Root Regions 1.849ms
[2024-08-28T13:06:23.725+0000][info][gc,marking     ] GC(855) Concurrent Mark
[2024-08-28T13:06:23.725+0000][info][gc,marking     ] GC(855) Concurrent Mark From Roots
[2024-08-28T13:06:23.725+0000][info][gc,task        ] GC(855) Using 17 workers of 17 for marking
[2024-08-28T13:06:23.752+0000][info][gc,marking     ] GC(855) Concurrent Mark From Roots 27.039ms
[2024-08-28T13:06:23.752+0000][info][gc,marking     ] GC(855) Concurrent Preclean
[2024-08-28T13:06:23.753+0000][info][gc,marking     ] GC(855) Concurrent Preclean 0.586ms
[2024-08-28T13:06:23.753+0000][info][gc,start       ] GC(855) Pause Remark
[2024-08-28T13:06:23.755+0000][info][gc             ] GC(855) Pause Remark 878M->878M(1024M) 1.838ms
[2024-08-28T13:06:23.755+0000][info][gc,cpu         ] GC(855) User=0.00s Sys=0.01s Real=0.00s
[2024-08-28T13:06:23.755+0000][info][gc,marking     ] GC(855) Concurrent Mark 29.997ms
[2024-08-28T13:06:23.755+0000][info][gc,marking     ] GC(855) Concurrent Rebuild Remembered Sets
[2024-08-28T13:06:23.764+0000][info][gc,start       ] GC(856) Pause Young (Normal) (G1 Evacuation Pause)
[2024-08-28T13:06:23.764+0000][info][gc,task        ] GC(856) Using 24 workers of 68 for evacuation
[2024-08-28T13:06:23.775+0000][info][gc,phases      ] GC(856)   Pre Evacuate Collection Set: 0.2ms
[2024-08-28T13:06:23.775+0000][info][gc,phases      ] GC(856)   Merge Heap Roots: 0.3ms
[2024-08-28T13:06:23.775+0000][info][gc,phases      ] GC(856)   Evacuate Collection Set: 10.5ms
[2024-08-28T13:06:23.776+0000][info][gc,phases      ] GC(856)   Post Evacuate Collection Set: 0.5ms
[2024-08-28T13:06:23.776+0000][info][gc,phases      ] GC(856)   Other: 0.3ms
[2024-08-28T13:06:23.776+0000][info][gc,heap        ] GC(856) Eden regions: 44->0(44)
[2024-08-28T13:06:23.776+0000][info][gc,heap        ] GC(856) Survivor regions: 7->7(7)
[2024-08-28T13:06:23.776+0000][info][gc,heap        ] GC(856) Old regions: 834->880
[2024-08-28T13:06:23.776+0000][info][gc,heap        ] GC(856) Archive regions: 2->2
[2024-08-28T13:06:23.776+0000][info][gc,heap        ] GC(856) Humongous regions: 5->5
[2024-08-28T13:06:23.776+0000][info][gc,metaspace   ] GC(856) Metaspace: 100K(320K)->100K(320K) NonClass: 96K(192K)->96K(192K) Class: 4K(128K)->4K(128K)
[2024-08-28T13:06:23.776+0000][info][gc             ] GC(856) Pause Young (Normal) (G1 Evacuation Pause) 890M->892M(1024M) 11.816ms
[2024-08-28T13:06:23.776+0000][info][gc,cpu         ] GC(856) User=0.25s Sys=0.00s Real=0.01s
[2024-08-28T13:06:23.809+0000][info][gc,start       ] GC(857) Pause Young (Normal) (G1 Evacuation Pause)
[2024-08-28T13:06:23.809+0000][info][gc,task        ] GC(857) Using 24 workers of 68 for evacuation
[2024-08-28T13:06:23.824+0000][info][gc,phases      ] GC(857)   Pre Evacuate Collection Set: 0.2ms
[2024-08-28T13:06:23.824+0000][info][gc,phases      ] GC(857)   Merge Heap Roots: 0.5ms
[2024-08-28T13:06:23.824+0000][info][gc,phases      ] GC(857)   Evacuate Collection Set: 14.3ms
[2024-08-28T13:06:23.824+0000][info][gc,phases      ] GC(857)   Post Evacuate Collection Set: 0.6ms
[2024-08-28T13:06:23.824+0000][info][gc,phases      ] GC(857)   Other: 0.3ms
[2024-08-28T13:06:23.824+0000][info][gc,heap        ] GC(857) Eden regions: 44->0(44)
[2024-08-28T13:06:23.825+0000][info][gc,heap        ] GC(857) Survivor regions: 7->7(7)
[2024-08-28T13:06:23.825+0000][info][gc,heap        ] GC(857) Old regions: 880->926
[2024-08-28T13:06:23.825+0000][info][gc,heap        ] GC(857) Archive regions: 2->2
[2024-08-28T13:06:23.825+0000][info][gc,heap        ] GC(857) Humongous regions: 5->5
[2024-08-28T13:06:23.825+0000][info][gc,metaspace   ] GC(857) Metaspace: 100K(320K)->100K(320K) NonClass: 96K(192K)->96K(192K) Class: 4K(128K)->4K(128K)
[2024-08-28T13:06:23.825+0000][info][gc             ] GC(857) Pause Young (Normal) (G1 Evacuation Pause) 936M->938M(1024M) 16.062ms
[2024-08-28T13:06:23.825+0000][info][gc,cpu         ] GC(857) User=0.35s Sys=0.00s Real=0.02s
[2024-08-28T13:06:23.840+0000][info][gc,marking     ] GC(855) Concurrent Rebuild Remembered Sets 85.445ms
[2024-08-28T13:06:23.841+0000][info][gc,start       ] GC(855) Pause Cleanup
[2024-08-28T13:06:23.844+0000][info][gc             ] GC(855) Pause Cleanup 960M->960M(1024M) 3.022ms
[2024-08-28T13:06:23.844+0000][info][gc,cpu         ] GC(855) User=0.01s Sys=0.00s Real=0.00s
[2024-08-28T13:06:23.844+0000][info][gc,marking     ] GC(855) Concurrent Cleanup for Next Mark
[2024-08-28T13:06:23.845+0000][info][gc,marking     ] GC(855) Concurrent Cleanup for Next Mark 0.938ms
[2024-08-28T13:06:23.845+0000][info][gc             ] GC(855) Concurrent Mark Cycle 121.947ms
[2024-08-28T13:06:23.855+0000][info][gc,start       ] GC(858) Pause Young (Prepare Mixed) (G1 Preventive Collection)
[2024-08-28T13:06:23.855+0000][info][gc,task        ] GC(858) Using 24 workers of 68 for evacuation
[2024-08-28T13:06:23.873+0000][info][gc,phases      ] GC(858)   Pre Evacuate Collection Set: 0.2ms
[2024-08-28T13:06:23.873+0000][info][gc,phases      ] GC(858)   Merge Heap Roots: 0.6ms
[2024-08-28T13:06:23.873+0000][info][gc,phases      ] GC(858)   Evacuate Collection Set: 16.0ms
[2024-08-28T13:06:23.873+0000][info][gc,phases      ] GC(858)   Post Evacuate Collection Set: 0.4ms
[2024-08-28T13:06:23.873+0000][info][gc,phases      ] GC(858)   Other: 0.3ms
[2024-08-28T13:06:23.873+0000][info][gc,heap        ] GC(858) Eden regions: 37->0(44)
[2024-08-28T13:06:23.873+0000][info][gc,heap        ] GC(858) Survivor regions: 7->7(7)
[2024-08-28T13:06:23.873+0000][info][gc,heap        ] GC(858) Old regions: 926->966
[2024-08-28T13:06:23.873+0000][info][gc,heap        ] GC(858) Archive regions: 2->2
[2024-08-28T13:06:23.873+0000][info][gc,heap        ] GC(858) Humongous regions: 5->5
[2024-08-28T13:06:23.873+0000][info][gc,metaspace   ] GC(858) Metaspace: 100K(320K)->100K(320K) NonClass: 96K(192K)->96K(192K) Class: 4K(128K)->4K(128K)
[2024-08-28T13:06:23.873+0000][info][gc             ] GC(858) Pause Young (Prepare Mixed) (G1 Preventive Collection) 975M->978M(1024M) 17.637ms
[2024-08-28T13:06:23.873+0000][info][gc,cpu         ] GC(858) User=0.40s Sys=0.00s Real=0.02s
[2024-08-28T13:06:23.885+0000][info][gc,start       ] GC(859) Pause Young (Mixed) (G1 Preventive Collection)
[2024-08-28T13:06:23.885+0000][info][gc,task        ] GC(859) Using 24 workers of 68 for evacuation
[2024-08-28T13:06:23.893+0000][info][gc,phases      ] GC(859)   Pre Evacuate Collection Set: 0.2ms
[2024-08-28T13:06:23.893+0000][info][gc,phases      ] GC(859)   Merge Heap Roots: 0.2ms
[2024-08-28T13:06:23.893+0000][info][gc,phases      ] GC(859)   Evacuate Collection Set: 6.8ms
[2024-08-28T13:06:23.893+0000][info][gc,phases      ] GC(859)   Post Evacuate Collection Set: 0.4ms
[2024-08-28T13:06:23.893+0000][info][gc,phases      ] GC(859)   Other: 0.3ms
[2024-08-28T13:06:23.893+0000][info][gc,heap        ] GC(859) Eden regions: 17->0(44)
[2024-08-28T13:06:23.893+0000][info][gc,heap        ] GC(859) Survivor regions: 7->7(7)
[2024-08-28T13:06:23.893+0000][info][gc,heap        ] GC(859) Old regions: 966->883
[2024-08-28T13:06:23.893+0000][info][gc,heap        ] GC(859) Archive regions: 2->2
[2024-08-28T13:06:23.893+0000][info][gc,heap        ] GC(859) Humongous regions: 5->5
[2024-08-28T13:06:23.893+0000][info][gc,metaspace   ] GC(859) Metaspace: 100K(320K)->100K(320K) NonClass: 96K(192K)->96K(192K) Class: 4K(128K)->4K(128K)
[2024-08-28T13:06:23.893+0000][info][gc             ] GC(859) Pause Young (Mixed) (G1 Preventive Collection) 995M->895M(1024M) 8.091ms
[2024-08-28T13:06:23.893+0000][info][gc,cpu         ] GC(859) User=0.16s Sys=0.01s Real=0.01s
[2024-08-28T13:06:23.920+0000][info][gc,start       ] GC(860) Pause Young (Mixed) (G1 Evacuation Pause)
[2024-08-28T13:06:23.920+0000][info][gc,task        ] GC(860) Using 24 workers of 68 for evacuation
[2024-08-28T13:06:23.932+0000][info][gc,phases      ] GC(860)   Pre Evacuate Collection Set: 0.2ms
[2024-08-28T13:06:23.932+0000][info][gc,phases      ] GC(860)   Merge Heap Roots: 0.4ms
[2024-08-28T13:06:23.932+0000][info][gc,phases      ] GC(860)   Evacuate Collection Set: 10.9ms
[2024-08-28T13:06:23.932+0000][info][gc,phases      ] GC(860)   Post Evacuate Collection Set: 0.5ms
[2024-08-28T13:06:23.932+0000][info][gc,phases      ] GC(860)   Other: 0.3ms
[2024-08-28T13:06:23.932+0000][info][gc,heap        ] GC(860) Eden regions: 44->0(44)
[2024-08-28T13:06:23.932+0000][info][gc,heap        ] GC(860) Survivor regions: 7->7(7)
[2024-08-28T13:06:23.933+0000][info][gc,heap        ] GC(860) Old regions: 883->825
[2024-08-28T13:06:23.933+0000][info][gc,heap        ] GC(860) Archive regions: 2->2
[2024-08-28T13:06:23.933+0000][info][gc,heap        ] GC(860) Humongous regions: 5->5
[2024-08-28T13:06:23.933+0000][info][gc,metaspace   ] GC(860) Metaspace: 100K(320K)->100K(320K) NonClass: 96K(192K)->96K(192K) Class: 4K(128K)->4K(128K)
[2024-08-28T13:06:23.933+0000][info][gc             ] GC(860) Pause Young (Mixed) (G1 Evacuation Pause) 939M->837M(1024M) 12.572ms
[2024-08-28T13:06:23.933+0000][info][gc,cpu         ] GC(860) User=0.27s Sys=0.00s Real=0.01s
[2024-08-28T13:06:23.960+0000][info][gc,start       ] GC(861) Pause Young (Mixed) (G1 Evacuation Pause)
[2024-08-28T13:06:23.960+0000][info][gc,task        ] GC(861) Using 24 workers of 68 for evacuation
[2024-08-28T13:06:23.972+0000][info][gc,phases      ] GC(861)   Pre Evacuate Collection Set: 0.3ms
[2024-08-28T13:06:23.972+0000][info][gc,phases      ] GC(861)   Merge Heap Roots: 0.3ms
[2024-08-28T13:06:23.972+0000][info][gc,phases      ] GC(861)   Evacuate Collection Set: 11.1ms
[2024-08-28T13:06:23.972+0000][info][gc,phases      ] GC(861)   Post Evacuate Collection Set: 0.4ms
[2024-08-28T13:06:23.972+0000][info][gc,phases      ] GC(861)   Other: 0.3ms
[2024-08-28T13:06:23.972+0000][info][gc,heap        ] GC(861) Eden regions: 44->0(44)
[2024-08-28T13:06:23.972+0000][info][gc,heap        ] GC(861) Survivor regions: 7->7(7)
[2024-08-28T13:06:23.972+0000][info][gc,heap        ] GC(861) Old regions: 825->769
[2024-08-28T13:06:23.972+0000][info][gc,heap        ] GC(861) Archive regions: 2->2
[2024-08-28T13:06:23.972+0000][info][gc,heap        ] GC(861) Humongous regions: 5->5
[2024-08-28T13:06:23.972+0000][info][gc,metaspace   ] GC(861) Metaspace: 100K(320K)->100K(320K) NonClass: 96K(192K)->96K(192K) Class: 4K(128K)->4K(128K)
[2024-08-28T13:06:23.972+0000][info][gc             ] GC(861) Pause Young (Mixed) (G1 Evacuation Pause) 881M->781M(1024M) 12.452ms
[2024-08-28T13:06:23.972+0000][info][gc,cpu         ] GC(861) User=0.28s Sys=0.00s Real=0.01s
[2024-08-28T13:06:24.000+0000][info][gc,start       ] GC(862) Pause Young (Mixed) (G1 Evacuation Pause)
[2024-08-28T13:06:24.000+0000][info][gc,task        ] GC(862) Using 24 workers of 68 for evacuation
[2024-08-28T13:06:24.012+0000][info][gc,phases      ] GC(862)   Pre Evacuate Collection Set: 0.2ms
[2024-08-28T13:06:24.012+0000][info][gc,phases      ] GC(862)   Merge Heap Roots: 0.4ms
[2024-08-28T13:06:24.012+0000][info][gc,phases      ] GC(862)   Evacuate Collection Set: 11.1ms
[2024-08-28T13:06:24.012+0000][info][gc,phases      ] GC(862)   Post Evacuate Collection Set: 0.4ms
[2024-08-28T13:06:24.012+0000][info][gc,phases      ] GC(862)   Other: 0.3ms
[2024-08-28T13:06:24.012+0000][info][gc,heap        ] GC(862) Eden regions: 44->0(44)
[2024-08-28T13:06:24.012+0000][info][gc,heap        ] GC(862) Survivor regions: 7->7(7)
[2024-08-28T13:06:24.012+0000][info][gc,heap        ] GC(862) Old regions: 769->783
[2024-08-28T13:06:24.012+0000][info][gc,heap        ] GC(862) Archive regions: 2->2
[2024-08-28T13:06:24.012+0000][info][gc,heap        ] GC(862) Humongous regions: 5->5
[2024-08-28T13:06:24.012+0000][info][gc,metaspace   ] GC(862) Metaspace: 100K(320K)->100K(320K) NonClass: 96K(192K)->96K(192K) Class: 4K(128K)->4K(128K)
[2024-08-28T13:06:24.012+0000][info][gc             ] GC(862) Pause Young (Mixed) (G1 Evacuation Pause) 825M->795M(1024M) 12.356ms
[2024-08-28T13:06:24.012+0000][info][gc,cpu         ] GC(862) User=0.27s Sys=0.00s Real=0.01s
[2024-08-28T13:06:24.039+0000][info][gc,start       ] GC(863) Pause Young (Concurrent Start) (G1 Evacuation Pause)
[2024-08-28T13:06:24.039+0000][info][gc,task        ] GC(863) Using 24 workers of 68 for evacuation
[2024-08-28T13:06:24.051+0000][info][gc,phases      ] GC(863)   Pre Evacuate Collection Set: 0.2ms
[2024-08-28T13:06:24.051+0000][info][gc,phases      ] GC(863)   Merge Heap Roots: 0.4ms
[2024-08-28T13:06:24.051+0000][info][gc,phases      ] GC(863)   Evacuate Collection Set: 11.0ms
[2024-08-28T13:06:24.051+0000][info][gc,phases      ] GC(863)   Post Evacuate Collection Set: 0.4ms
[2024-08-28T13:06:24.051+0000][info][gc,phases      ] GC(863)   Other: 0.7ms
[2024-08-28T13:06:24.051+0000][info][gc,heap        ] GC(863) Eden regions: 44->0(44)
[2024-08-28T13:06:24.051+0000][info][gc,heap        ] GC(863) Survivor regions: 7->7(7)
[2024-08-28T13:06:24.051+0000][info][gc,heap        ] GC(863) Old regions: 783->830
[2024-08-28T13:06:24.051+0000][info][gc,heap        ] GC(863) Archive regions: 2->2
[2024-08-28T13:06:24.051+0000][info][gc,heap        ] GC(863) Humongous regions: 5->5
[2024-08-28T13:06:24.051+0000][info][gc,metaspace   ] GC(863) Metaspace: 100K(320K)->100K(320K) NonClass: 96K(192K)->96K(192K) Class: 4K(128K)->4K(128K)
[2024-08-28T13:06:24.051+0000][info][gc             ] GC(863) Pause Young (Concurrent Start) (G1 Evacuation Pause) 839M->842M(1024M) 12.678ms
[2024-08-28T13:06:24.051+0000][info][gc,cpu         ] GC(863) User=0.27s Sys=0.00s Real=0.01s
[2024-08-28T13:06:24.051+0000][info][gc             ] GC(864) Concurrent Mark Cycle
[2024-08-28T13:06:24.051+0000][info][gc,marking     ] GC(864) Concurrent Clear Claimed Marks
[2024-08-28T13:06:24.051+0000][info][gc,marking     ] GC(864) Concurrent Clear Claimed Marks 0.016ms
[2024-08-28T13:06:24.051+0000][info][gc,marking     ] GC(864) Concurrent Scan Root Regions
[2024-08-28T13:06:24.053+0000][info][gc,marking     ] GC(864) Concurrent Scan Root Regions 1.954ms
[2024-08-28T13:06:24.053+0000][info][gc,marking     ] GC(864) Concurrent Mark
[2024-08-28T13:06:24.053+0000][info][gc,marking     ] GC(864) Concurrent Mark From Roots
[2024-08-28T13:06:24.053+0000][info][gc,task        ] GC(864) Using 17 workers of 17 for marking
[2024-08-28T13:06:24.081+0000][info][gc,marking     ] GC(864) Concurrent Mark From Roots 27.417ms
[2024-08-28T13:06:24.081+0000][info][gc,marking     ] GC(864) Concurrent Preclean
[2024-08-28T13:06:24.082+0000][info][gc,marking     ] GC(864) Concurrent Preclean 0.860ms
[2024-08-28T13:06:24.082+0000][info][gc,start       ] GC(864) Pause Remark
[2024-08-28T13:06:24.084+0000][info][gc             ] GC(864) Pause Remark 875M->875M(1024M) 1.488ms
[2024-08-28T13:06:24.084+0000][info][gc,cpu         ] GC(864) User=0.01s Sys=0.00s Real=0.00s
[2024-08-28T13:06:24.084+0000][info][gc,marking     ] GC(864) Concurrent Mark 30.406ms
[2024-08-28T13:06:24.084+0000][info][gc,marking     ] GC(864) Concurrent Rebuild Remembered Sets
[2024-08-28T13:06:24.092+0000][info][gc,start       ] GC(865) Pause Young (Normal) (G1 Evacuation Pause)
[2024-08-28T13:06:24.092+0000][info][gc,task        ] GC(865) Using 24 workers of 68 for evacuation
[2024-08-28T13:06:24.104+0000][info][gc,phases      ] GC(865)   Pre Evacuate Collection Set: 0.2ms
[2024-08-28T13:06:24.104+0000][info][gc,phases      ] GC(865)   Merge Heap Roots: 0.4ms
[2024-08-28T13:06:24.104+0000][info][gc,phases      ] GC(865)   Evacuate Collection Set: 10.8ms
[2024-08-28T13:06:24.104+0000][info][gc,phases      ] GC(865)   Post Evacuate Collection Set: 0.5ms
[2024-08-28T13:06:24.104+0000][info][gc,phases      ] GC(865)   Other: 0.2ms
[2024-08-28T13:06:24.104+0000][info][gc,heap        ] GC(865) Eden regions: 44->0(44)
[2024-08-28T13:06:24.104+0000][info][gc,heap        ] GC(865) Survivor regions: 7->7(7)
[2024-08-28T13:06:24.104+0000][info][gc,heap        ] GC(865) Old regions: 830->876
[2024-08-28T13:06:24.104+0000][info][gc,heap        ] GC(865) Archive regions: 2->2
[2024-08-28T13:06:24.104+0000][info][gc,heap        ] GC(865) Humongous regions: 5->5
[2024-08-28T13:06:24.104+0000][info][gc,metaspace   ] GC(865) Metaspace: 100K(320K)->100K(320K) NonClass: 96K(192K)->96K(192K) Class: 4K(128K)->4K(128K)
[2024-08-28T13:06:24.104+0000][info][gc             ] GC(865) Pause Young (Normal) (G1 Evacuation Pause) 886M->888M(1024M) 12.141ms
[2024-08-28T13:06:24.104+0000][info][gc,cpu         ] GC(865) User=0.27s Sys=0.01s Real=0.01s
[2024-08-28T13:06:24.137+0000][info][gc,start       ] GC(866) Pause Young (Normal) (G1 Evacuation Pause)
[2024-08-28T13:06:24.137+0000][info][gc,task        ] GC(866) Using 24 workers of 68 for evacuation
[2024-08-28T13:06:24.153+0000][info][gc,phases      ] GC(866)   Pre Evacuate Collection Set: 0.2ms
[2024-08-28T13:06:24.153+0000][info][gc,phases      ] GC(866)   Merge Heap Roots: 0.5ms
[2024-08-28T13:06:24.153+0000][info][gc,phases      ] GC(866)   Evacuate Collection Set: 14.5ms
[2024-08-28T13:06:24.153+0000][info][gc,phases      ] GC(866)   Post Evacuate Collection Set: 0.5ms
[2024-08-28T13:06:24.153+0000][info][gc,phases      ] GC(866)   Other: 0.3ms
[2024-08-28T13:06:24.153+0000][info][gc,heap        ] GC(866) Eden regions: 44->0(44)
[2024-08-28T13:06:24.153+0000][info][gc,heap        ] GC(866) Survivor regions: 7->7(7)
[2024-08-28T13:06:24.153+0000][info][gc,heap        ] GC(866) Old regions: 876->923
[2024-08-28T13:06:24.153+0000][info][gc,heap        ] GC(866) Archive regions: 2->2
[2024-08-28T13:06:24.153+0000][info][gc,heap        ] GC(866) Humongous regions: 5->5
[2024-08-28T13:06:24.153+0000][info][gc,metaspace   ] GC(866) Metaspace: 100K(320K)->100K(320K) NonClass: 96K(192K)->96K(192K) Class: 4K(128K)->4K(128K)
[2024-08-28T13:06:24.153+0000][info][gc             ] GC(866) Pause Young (Normal) (G1 Evacuation Pause) 932M->935M(1024M) 16.052ms
[2024-08-28T13:06:24.153+0000][info][gc,cpu         ] GC(866) User=0.36s Sys=0.00s Real=0.02s
[2024-08-28T13:06:24.170+0000][info][gc,marking     ] GC(864) Concurrent Rebuild Remembered Sets 86.070ms
[2024-08-28T13:06:24.170+0000][info][gc,start       ] GC(864) Pause Cleanup
[2024-08-28T13:06:24.172+0000][info][gc             ] GC(864) Pause Cleanup 958M->958M(1024M) 1.965ms
[2024-08-28T13:06:24.172+0000][info][gc,cpu         ] GC(864) User=0.01s Sys=0.00s Real=0.00s
[2024-08-28T13:06:24.172+0000][info][gc,marking     ] GC(864) Concurrent Cleanup for Next Mark
[2024-08-28T13:06:24.173+0000][info][gc,marking     ] GC(864) Concurrent Cleanup for Next Mark 0.958ms
[2024-08-28T13:06:24.173+0000][info][gc             ] GC(864) Concurrent Mark Cycle 121.919ms
[2024-08-28T13:06:24.183+0000][info][gc,start       ] GC(867) Pause Young (Prepare Mixed) (G1 Preventive Collection)
[2024-08-28T13:06:24.184+0000][info][gc,task        ] GC(867) Using 24 workers of 68 for evacuation
[2024-08-28T13:06:24.200+0000][info][gc,phases      ] GC(867)   Pre Evacuate Collection Set: 0.2ms
[2024-08-28T13:06:24.200+0000][info][gc,phases      ] GC(867)   Merge Heap Roots: 0.5ms
[2024-08-28T13:06:24.200+0000][info][gc,phases      ] GC(867)   Evacuate Collection Set: 15.4ms
[2024-08-28T13:06:24.200+0000][info][gc,phases      ] GC(867)   Post Evacuate Collection Set: 0.3ms
[2024-08-28T13:06:24.200+0000][info][gc,phases      ] GC(867)   Other: 0.2ms
[2024-08-28T13:06:24.200+0000][info][gc,heap        ] GC(867) Eden regions: 38->0(44)
[2024-08-28T13:06:24.200+0000][info][gc,heap        ] GC(867) Survivor regions: 7->7(7)
[2024-08-28T13:06:24.200+0000][info][gc,heap        ] GC(867) Old regions: 923->964
[2024-08-28T13:06:24.200+0000][info][gc,heap        ] GC(867) Archive regions: 2->2
[2024-08-28T13:06:24.200+0000][info][gc,heap        ] GC(867) Humongous regions: 5->5
[2024-08-28T13:06:24.200+0000][info][gc,metaspace   ] GC(867) Metaspace: 100K(320K)->100K(320K) NonClass: 96K(192K)->96K(192K) Class: 4K(128K)->4K(128K)
[2024-08-28T13:06:24.200+0000][info][gc             ] GC(867) Pause Young (Prepare Mixed) (G1 Preventive Collection) 973M->976M(1024M) 16.605ms
[2024-08-28T13:06:24.200+0000][info][gc,cpu         ] GC(867) User=0.38s Sys=0.00s Real=0.02s
[2024-08-28T13:06:24.212+0000][info][gc,start       ] GC(868) Pause Young (Mixed) (G1 Preventive Collection)
[2024-08-28T13:06:24.212+0000][info][gc,task        ] GC(868) Using 24 workers of 68 for evacuation
[2024-08-28T13:06:24.220+0000][info][gc             ] GC(868) To-space exhausted
[2024-08-28T13:06:24.220+0000][info][gc,phases      ] GC(868)   Pre Evacuate Collection Set: 0.2ms
[2024-08-28T13:06:24.220+0000][info][gc,phases      ] GC(868)   Merge Heap Roots: 0.4ms
[2024-08-28T13:06:24.220+0000][info][gc,phases      ] GC(868)   Evacuate Collection Set: 7.0ms
[2024-08-28T13:06:24.220+0000][info][gc,phases      ] GC(868)   Post Evacuate Collection Set: 0.6ms
[2024-08-28T13:06:24.220+0000][info][gc,phases      ] GC(868)   Other: 0.2ms
[2024-08-28T13:06:24.220+0000][info][gc,heap        ] GC(868) Eden regions: 18->0(44)
[2024-08-28T13:06:24.220+0000][info][gc,heap        ] GC(868) Survivor regions: 7->7(7)
[2024-08-28T13:06:24.220+0000][info][gc,heap        ] GC(868) Old regions: 964->894
[2024-08-28T13:06:24.220+0000][info][gc,heap        ] GC(868) Archive regions: 2->2
[2024-08-28T13:06:24.220+0000][info][gc,heap        ] GC(868) Humongous regions: 5->5
[2024-08-28T13:06:24.220+0000][info][gc,metaspace   ] GC(868) Metaspace: 100K(320K)->100K(320K) NonClass: 96K(192K)->96K(192K) Class: 4K(128K)->4K(128K)
[2024-08-28T13:06:24.220+0000][info][gc             ] GC(868) Pause Young (Mixed) (G1 Preventive Collection) 994M->906M(1024M) 8.459ms
[2024-08-28T13:06:24.220+0000][info][gc,cpu         ] GC(868) User=0.18s Sys=0.00s Real=0.01s
[2024-08-28T13:06:24.248+0000][info][gc,start       ] GC(869) Pause Young (Mixed) (G1 Evacuation Pause)
[2024-08-28T13:06:24.248+0000][info][gc,task        ] GC(869) Using 24 workers of 68 for evacuation
[2024-08-28T13:06:24.260+0000][info][gc,phases      ] GC(869)   Pre Evacuate Collection Set: 0.2ms
[2024-08-28T13:06:24.260+0000][info][gc,phases      ] GC(869)   Merge Heap Roots: 0.4ms
[2024-08-28T13:06:24.260+0000][info][gc,phases      ] GC(869)   Evacuate Collection Set: 10.7ms
[2024-08-28T13:06:24.260+0000][info][gc,phases      ] GC(869)   Post Evacuate Collection Set: 0.5ms
[2024-08-28T13:06:24.260+0000][info][gc,phases      ] GC(869)   Other: 0.2ms
[2024-08-28T13:06:24.260+0000][info][gc,heap        ] GC(869) Eden regions: 44->0(44)
[2024-08-28T13:06:24.260+0000][info][gc,heap        ] GC(869) Survivor regions: 7->7(7)
[2024-08-28T13:06:24.260+0000][info][gc,heap        ] GC(869) Old regions: 894->836
[2024-08-28T13:06:24.260+0000][info][gc,heap        ] GC(869) Archive regions: 2->2
[2024-08-28T13:06:24.260+0000][info][gc,heap        ] GC(869) Humongous regions: 5->5
[2024-08-28T13:06:24.260+0000][info][gc,metaspace   ] GC(869) Metaspace: 100K(320K)->100K(320K) NonClass: 96K(192K)->96K(192K) Class: 4K(128K)->4K(128K)
[2024-08-28T13:06:24.260+0000][info][gc             ] GC(869) Pause Young (Mixed) (G1 Evacuation Pause) 950M->848M(1024M) 12.123ms
[2024-08-28T13:06:24.260+0000][info][gc,cpu         ] GC(869) User=0.26s Sys=0.00s Real=0.02s
[2024-08-28T13:06:24.286+0000][info][gc,start       ] GC(870) Pause Young (Mixed) (G1 Evacuation Pause)
[2024-08-28T13:06:24.286+0000][info][gc,task        ] GC(870) Using 24 workers of 68 for evacuation
[2024-08-28T13:06:24.299+0000][info][gc,phases      ] GC(870)   Pre Evacuate Collection Set: 0.2ms
[2024-08-28T13:06:24.299+0000][info][gc,phases      ] GC(870)   Merge Heap Roots: 0.4ms
[2024-08-28T13:06:24.299+0000][info][gc,phases      ] GC(870)   Evacuate Collection Set: 11.2ms
[2024-08-28T13:06:24.299+0000][info][gc,phases      ] GC(870)   Post Evacuate Collection Set: 0.4ms
[2024-08-28T13:06:24.299+0000][info][gc,phases      ] GC(870)   Other: 0.2ms
[2024-08-28T13:06:24.299+0000][info][gc,heap        ] GC(870) Eden regions: 44->0(44)
[2024-08-28T13:06:24.299+0000][info][gc,heap        ] GC(870) Survivor regions: 7->7(7)
[2024-08-28T13:06:24.299+0000][info][gc,heap        ] GC(870) Old regions: 836->781
[2024-08-28T13:06:24.299+0000][info][gc,heap        ] GC(870) Archive regions: 2->2
[2024-08-28T13:06:24.299+0000][info][gc,heap        ] GC(870) Humongous regions: 5->5
[2024-08-28T13:06:24.299+0000][info][gc,metaspace   ] GC(870) Metaspace: 100K(320K)->100K(320K) NonClass: 96K(192K)->96K(192K) Class: 4K(128K)->4K(128K)
[2024-08-28T13:06:24.299+0000][info][gc             ] GC(870) Pause Young (Mixed) (G1 Evacuation Pause) 892M->793M(1024M) 12.650ms
[2024-08-28T13:06:24.299+0000][info][gc,cpu         ] GC(870) User=0.28s Sys=0.00s Real=0.02s
[2024-08-28T13:06:24.326+0000][info][gc,start       ] GC(871) Pause Young (Mixed) (G1 Evacuation Pause)
[2024-08-28T13:06:24.326+0000][info][gc,task        ] GC(871) Using 24 workers of 68 for evacuation
[2024-08-28T13:06:24.339+0000][info][gc,phases      ] GC(871)   Pre Evacuate Collection Set: 0.2ms
[2024-08-28T13:06:24.339+0000][info][gc,phases      ] GC(871)   Merge Heap Roots: 0.4ms
[2024-08-28T13:06:24.339+0000][info][gc,phases      ] GC(871)   Evacuate Collection Set: 11.6ms
[2024-08-28T13:06:24.339+0000][info][gc,phases      ] GC(871)   Post Evacuate Collection Set: 0.4ms
[2024-08-28T13:06:24.339+0000][info][gc,phases      ] GC(871)   Other: 0.3ms
[2024-08-28T13:06:24.339+0000][info][gc,heap        ] GC(871) Eden regions: 44->0(44)
[2024-08-28T13:06:24.339+0000][info][gc,heap        ] GC(871) Survivor regions: 7->7(7)
[2024-08-28T13:06:24.339+0000][info][gc,heap        ] GC(871) Old regions: 781->799
[2024-08-28T13:06:24.339+0000][info][gc,heap        ] GC(871) Archive regions: 2->2
[2024-08-28T13:06:24.339+0000][info][gc,heap        ] GC(871) Humongous regions: 5->5
[2024-08-28T13:06:24.339+0000][info][gc,metaspace   ] GC(871) Metaspace: 100K(320K)->100K(320K) NonClass: 96K(192K)->96K(192K) Class: 4K(128K)->4K(128K)
[2024-08-28T13:06:24.339+0000][info][gc             ] GC(871) Pause Young (Mixed) (G1 Evacuation Pause) 837M->811M(1024M) 12.854ms
[2024-08-28T13:06:24.339+0000][info][gc,cpu         ] GC(871) User=0.29s Sys=0.00s Real=0.02s
[2024-08-28T13:06:24.365+0000][info][gc,start       ] GC(872) Pause Young (Concurrent Start) (G1 Evacuation Pause)
[2024-08-28T13:06:24.365+0000][info][gc,task        ] GC(872) Using 24 workers of 68 for evacuation
[2024-08-28T13:06:24.377+0000][info][gc,phases      ] GC(872)   Pre Evacuate Collection Set: 0.2ms
[2024-08-28T13:06:24.377+0000][info][gc,phases      ] GC(872)   Merge Heap Roots: 0.4ms
[2024-08-28T13:06:24.377+0000][info][gc,phases      ] GC(872)   Evacuate Collection Set: 10.4ms
[2024-08-28T13:06:24.377+0000][info][gc,phases      ] GC(872)   Post Evacuate Collection Set: 0.4ms
[2024-08-28T13:06:24.377+0000][info][gc,phases      ] GC(872)   Other: 0.6ms
[2024-08-28T13:06:24.377+0000][info][gc,heap        ] GC(872) Eden regions: 44->0(44)
[2024-08-28T13:06:24.377+0000][info][gc,heap        ] GC(872) Survivor regions: 7->7(7)
[2024-08-28T13:06:24.377+0000][info][gc,heap        ] GC(872) Old regions: 799->845
[2024-08-28T13:06:24.377+0000][info][gc,heap        ] GC(872) Archive regions: 2->2
[2024-08-28T13:06:24.377+0000][info][gc,heap        ] GC(872) Humongous regions: 5->5
[2024-08-28T13:06:24.377+0000][info][gc,metaspace   ] GC(872) Metaspace: 100K(320K)->100K(320K) NonClass: 96K(192K)->96K(192K) Class: 4K(128K)->4K(128K)
[2024-08-28T13:06:24.377+0000][info][gc             ] GC(872) Pause Young (Concurrent Start) (G1 Evacuation Pause) 855M->857M(1024M) 12.076ms
[2024-08-28T13:06:24.377+0000][info][gc,cpu         ] GC(872) User=0.26s Sys=0.01s Real=0.01s
[2024-08-28T13:06:24.377+0000][info][gc             ] GC(873) Concurrent Mark Cycle
[2024-08-28T13:06:24.377+0000][info][gc,marking     ] GC(873) Concurrent Clear Claimed Marks
[2024-08-28T13:06:24.377+0000][info][gc,marking     ] GC(873) Concurrent Clear Claimed Marks 0.031ms
[2024-08-28T13:06:24.377+0000][info][gc,marking     ] GC(873) Concurrent Scan Root Regions
[2024-08-28T13:06:24.379+0000][info][gc,marking     ] GC(873) Concurrent Scan Root Regions 1.791ms
[2024-08-28T13:06:24.379+0000][info][gc,marking     ] GC(873) Concurrent Mark
[2024-08-28T13:06:24.379+0000][info][gc,marking     ] GC(873) Concurrent Mark From Roots
[2024-08-28T13:06:24.379+0000][info][gc,task        ] GC(873) Using 17 workers of 17 for marking
[2024-08-28T13:06:24.407+0000][info][gc,marking     ] GC(873) Concurrent Mark From Roots 27.656ms
[2024-08-28T13:06:24.407+0000][info][gc,marking     ] GC(873) Concurrent Preclean
[2024-08-28T13:06:24.408+0000][info][gc,marking     ] GC(873) Concurrent Preclean 0.698ms
[2024-08-28T13:06:24.408+0000][info][gc,start       ] GC(873) Pause Remark
[2024-08-28T13:06:24.410+0000][info][gc             ] GC(873) Pause Remark 891M->885M(1024M) 1.514ms
[2024-08-28T13:06:24.410+0000][info][gc,cpu         ] GC(873) User=0.00s Sys=0.00s Real=0.01s
[2024-08-28T13:06:24.410+0000][info][gc,marking     ] GC(873) Concurrent Mark 30.355ms
[2024-08-28T13:06:24.410+0000][info][gc,marking     ] GC(873) Concurrent Rebuild Remembered Sets
[2024-08-28T13:06:24.417+0000][info][gc,start       ] GC(874) Pause Young (Normal) (G1 Evacuation Pause)
[2024-08-28T13:06:24.417+0000][info][gc,task        ] GC(874) Using 24 workers of 68 for evacuation
[2024-08-28T13:06:24.429+0000][info][gc,phases      ] GC(874)   Pre Evacuate Collection Set: 0.2ms
[2024-08-28T13:06:24.429+0000][info][gc,phases      ] GC(874)   Merge Heap Roots: 0.4ms
[2024-08-28T13:06:24.429+0000][info][gc,phases      ] GC(874)   Evacuate Collection Set: 10.8ms
[2024-08-28T13:06:24.429+0000][info][gc,phases      ] GC(874)   Post Evacuate Collection Set: 0.5ms
[2024-08-28T13:06:24.429+0000][info][gc,phases      ] GC(874)   Other: 0.2ms
[2024-08-28T13:06:24.429+0000][info][gc,heap        ] GC(874) Eden regions: 44->0(44)
[2024-08-28T13:06:24.429+0000][info][gc,heap        ] GC(874) Survivor regions: 7->7(7)
[2024-08-28T13:06:24.429+0000][info][gc,heap        ] GC(874) Old regions: 839->886
[2024-08-28T13:06:24.429+0000][info][gc,heap        ] GC(874) Archive regions: 2->2
[2024-08-28T13:06:24.429+0000][info][gc,heap        ] GC(874) Humongous regions: 5->5
[2024-08-28T13:06:24.429+0000][info][gc,metaspace   ] GC(874) Metaspace: 100K(320K)->100K(320K) NonClass: 96K(192K)->96K(192K) Class: 4K(128K)->4K(128K)
[2024-08-28T13:06:24.429+0000][info][gc             ] GC(874) Pause Young (Normal) (G1 Evacuation Pause) 895M->898M(1024M) 12.077ms
[2024-08-28T13:06:24.429+0000][info][gc,cpu         ] GC(874) User=0.26s Sys=0.01s Real=0.01s
[2024-08-28T13:06:24.462+0000][info][gc,start       ] GC(875) Pause Young (Normal) (G1 Evacuation Pause)
[2024-08-28T13:06:24.463+0000][info][gc,task        ] GC(875) Using 24 workers of 68 for evacuation
[2024-08-28T13:06:24.478+0000][info][gc,phases      ] GC(875)   Pre Evacuate Collection Set: 0.2ms
[2024-08-28T13:06:24.478+0000][info][gc,phases      ] GC(875)   Merge Heap Roots: 0.5ms
[2024-08-28T13:06:24.478+0000][info][gc,phases      ] GC(875)   Evacuate Collection Set: 14.5ms
[2024-08-28T13:06:24.478+0000][info][gc,phases      ] GC(875)   Post Evacuate Collection Set: 0.5ms
[2024-08-28T13:06:24.478+0000][info][gc,phases      ] GC(875)   Other: 0.3ms
[2024-08-28T13:06:24.478+0000][info][gc,heap        ] GC(875) Eden regions: 44->0(44)
[2024-08-28T13:06:24.478+0000][info][gc,heap        ] GC(875) Survivor regions: 7->7(7)
[2024-08-28T13:06:24.478+0000][info][gc,heap        ] GC(875) Old regions: 886->932
[2024-08-28T13:06:24.478+0000][info][gc,heap        ] GC(875) Archive regions: 2->2
[2024-08-28T13:06:24.478+0000][info][gc,heap        ] GC(875) Humongous regions: 5->5
[2024-08-28T13:06:24.478+0000][info][gc,metaspace   ] GC(875) Metaspace: 100K(320K)->100K(320K) NonClass: 96K(192K)->96K(192K) Class: 4K(128K)->4K(128K)
[2024-08-28T13:06:24.479+0000][info][gc             ] GC(875) Pause Young (Normal) (G1 Evacuation Pause) 942M->944M(1024M) 16.042ms
[2024-08-28T13:06:24.479+0000][info][gc,cpu         ] GC(875) User=0.37s Sys=0.00s Real=0.02s
[2024-08-28T13:06:24.496+0000][info][gc,marking     ] GC(873) Concurrent Rebuild Remembered Sets 86.186ms
[2024-08-28T13:06:24.496+0000][info][gc,start       ] GC(873) Pause Cleanup
[2024-08-28T13:06:24.498+0000][info][gc             ] GC(873) Pause Cleanup 968M->968M(1024M) 1.542ms
[2024-08-28T13:06:24.498+0000][info][gc,cpu         ] GC(873) User=0.00s Sys=0.00s Real=0.01s
[2024-08-28T13:06:24.498+0000][info][gc,marking     ] GC(873) Concurrent Cleanup for Next Mark
[2024-08-28T13:06:24.499+0000][info][gc,marking     ] GC(873) Concurrent Cleanup for Next Mark 0.821ms
[2024-08-28T13:06:24.499+0000][info][gc             ] GC(873) Concurrent Mark Cycle 121.254ms
[2024-08-28T13:06:24.506+0000][info][gc,start       ] GC(876) Pause Young (Prepare Mixed) (G1 Preventive Collection)
[2024-08-28T13:06:24.506+0000][info][gc,task        ] GC(876) Using 24 workers of 68 for evacuation
[2024-08-28T13:06:24.523+0000][info][gc,phases      ] GC(876)   Pre Evacuate Collection Set: 0.2ms
[2024-08-28T13:06:24.523+0000][info][gc,phases      ] GC(876)   Merge Heap Roots: 0.6ms
[2024-08-28T13:06:24.523+0000][info][gc,phases      ] GC(876)   Evacuate Collection Set: 15.6ms
[2024-08-28T13:06:24.523+0000][info][gc,phases      ] GC(876)   Post Evacuate Collection Set: 0.3ms
[2024-08-28T13:06:24.523+0000][info][gc,phases      ] GC(876)   Other: 0.2ms
[2024-08-28T13:06:24.523+0000][info][gc,heap        ] GC(876) Eden regions: 34->0(44)
[2024-08-28T13:06:24.523+0000][info][gc,heap        ] GC(876) Survivor regions: 7->7(7)
[2024-08-28T13:06:24.523+0000][info][gc,heap        ] GC(876) Old regions: 932->969
[2024-08-28T13:06:24.523+0000][info][gc,heap        ] GC(876) Archive regions: 2->2
[2024-08-28T13:06:24.523+0000][info][gc,heap        ] GC(876) Humongous regions: 5->5
[2024-08-28T13:06:24.523+0000][info][gc,metaspace   ] GC(876) Metaspace: 100K(320K)->100K(320K) NonClass: 96K(192K)->96K(192K) Class: 4K(128K)->4K(128K)
[2024-08-28T13:06:24.523+0000][info][gc             ] GC(876) Pause Young (Prepare Mixed) (G1 Preventive Collection) 978M->981M(1024M) 16.926ms
[2024-08-28T13:06:24.523+0000][info][gc,cpu         ] GC(876) User=0.39s Sys=0.00s Real=0.02s
[2024-08-28T13:06:24.533+0000][info][gc,start       ] GC(877) Pause Young (Mixed) (G1 Preventive Collection)
[2024-08-28T13:06:24.533+0000][info][gc,task        ] GC(877) Using 24 workers of 68 for evacuation
[2024-08-28T13:06:24.540+0000][info][gc,phases      ] GC(877)   Pre Evacuate Collection Set: 0.2ms
[2024-08-28T13:06:24.540+0000][info][gc,phases      ] GC(877)   Merge Heap Roots: 0.3ms
[2024-08-28T13:06:24.540+0000][info][gc,phases      ] GC(877)   Evacuate Collection Set: 6.2ms
[2024-08-28T13:06:24.540+0000][info][gc,phases      ] GC(877)   Post Evacuate Collection Set: 0.4ms
[2024-08-28T13:06:24.540+0000][info][gc,phases      ] GC(877)   Other: 0.2ms
[2024-08-28T13:06:24.540+0000][info][gc,heap        ] GC(877) Eden regions: 15->0(44)
[2024-08-28T13:06:24.540+0000][info][gc,heap        ] GC(877) Survivor regions: 7->7(7)
[2024-08-28T13:06:24.540+0000][info][gc,heap        ] GC(877) Old regions: 969->885
[2024-08-28T13:06:24.540+0000][info][gc,heap        ] GC(877) Archive regions: 2->2
[2024-08-28T13:06:24.540+0000][info][gc,heap        ] GC(877) Humongous regions: 5->5
[2024-08-28T13:06:24.540+0000][info][gc,metaspace   ] GC(877) Metaspace: 100K(320K)->100K(320K) NonClass: 96K(192K)->96K(192K) Class: 4K(128K)->4K(128K)
[2024-08-28T13:06:24.540+0000][info][gc             ] GC(877) Pause Young (Mixed) (G1 Preventive Collection) 996M->897M(1024M) 7.357ms
[2024-08-28T13:06:24.540+0000][info][gc,cpu         ] GC(877) User=0.16s Sys=0.00s Real=0.01s
[2024-08-28T13:06:24.567+0000][info][gc,start       ] GC(878) Pause Young (Mixed) (G1 Evacuation Pause)
[2024-08-28T13:06:24.567+0000][info][gc,task        ] GC(878) Using 24 workers of 68 for evacuation
[2024-08-28T13:06:24.579+0000][info][gc,phases      ] GC(878)   Pre Evacuate Collection Set: 0.2ms
[2024-08-28T13:06:24.579+0000][info][gc,phases      ] GC(878)   Merge Heap Roots: 0.5ms
[2024-08-28T13:06:24.579+0000][info][gc,phases      ] GC(878)   Evacuate Collection Set: 10.7ms
[2024-08-28T13:06:24.579+0000][info][gc,phases      ] GC(878)   Post Evacuate Collection Set: 0.4ms
[2024-08-28T13:06:24.579+0000][info][gc,phases      ] GC(878)   Other: 0.3ms
[2024-08-28T13:06:24.579+0000][info][gc,heap        ] GC(878) Eden regions: 44->0(44)
[2024-08-28T13:06:24.579+0000][info][gc,heap        ] GC(878) Survivor regions: 7->7(7)
[2024-08-28T13:06:24.579+0000][info][gc,heap        ] GC(878) Old regions: 885->826
[2024-08-28T13:06:24.579+0000][info][gc,heap        ] GC(878) Archive regions: 2->2
[2024-08-28T13:06:24.579+0000][info][gc,heap        ] GC(878) Humongous regions: 5->5
[2024-08-28T13:06:24.579+0000][info][gc,metaspace   ] GC(878) Metaspace: 100K(320K)->100K(320K) NonClass: 96K(192K)->96K(192K) Class: 4K(128K)->4K(128K)
[2024-08-28T13:06:24.579+0000][info][gc             ] GC(878) Pause Young (Mixed) (G1 Evacuation Pause) 941M->838M(1024M) 12.138ms
[2024-08-28T13:06:24.579+0000][info][gc,cpu         ] GC(878) User=0.27s Sys=0.00s Real=0.02s
[2024-08-28T13:06:24.602+0000][info][gc,start       ] GC(879) Pause Young (Mixed) (G1 Evacuation Pause)
[2024-08-28T13:06:24.602+0000][info][gc,task        ] GC(879) Using 24 workers of 68 for evacuation
[2024-08-28T13:06:24.614+0000][info][gc,phases      ] GC(879)   Pre Evacuate Collection Set: 0.2ms
[2024-08-28T13:06:24.614+0000][info][gc,phases      ] GC(879)   Merge Heap Roots: 0.4ms
[2024-08-28T13:06:24.614+0000][info][gc,phases      ] GC(879)   Evacuate Collection Set: 10.7ms
[2024-08-28T13:06:24.614+0000][info][gc,phases      ] GC(879)   Post Evacuate Collection Set: 0.5ms
[2024-08-28T13:06:24.614+0000][info][gc,phases      ] GC(879)   Other: 0.3ms
[2024-08-28T13:06:24.614+0000][info][gc,heap        ] GC(879) Eden regions: 44->0(44)
[2024-08-28T13:06:24.614+0000][info][gc,heap        ] GC(879) Survivor regions: 7->7(7)
[2024-08-28T13:06:24.614+0000][info][gc,heap        ] GC(879) Old regions: 826->770
[2024-08-28T13:06:24.614+0000][info][gc,heap        ] GC(879) Archive regions: 2->2
[2024-08-28T13:06:24.614+0000][info][gc,heap        ] GC(879) Humongous regions: 5->5
[2024-08-28T13:06:24.614+0000][info][gc,metaspace   ] GC(879) Metaspace: 100K(320K)->100K(320K) NonClass: 96K(192K)->96K(192K) Class: 4K(128K)->4K(128K)
[2024-08-28T13:06:24.614+0000][info][gc             ] GC(879) Pause Young (Mixed) (G1 Evacuation Pause) 882M->782M(1024M) 12.079ms
[2024-08-28T13:06:24.614+0000][info][gc,cpu         ] GC(879) User=0.27s Sys=0.00s Real=0.01s
[2024-08-28T13:06:24.640+0000][info][gc,start       ] GC(880) Pause Young (Mixed) (G1 Evacuation Pause)
[2024-08-28T13:06:24.640+0000][info][gc,task        ] GC(880) Using 24 workers of 68 for evacuation
[2024-08-28T13:06:24.652+0000][info][gc,phases      ] GC(880)   Pre Evacuate Collection Set: 0.2ms
[2024-08-28T13:06:24.652+0000][info][gc,phases      ] GC(880)   Merge Heap Roots: 0.4ms
[2024-08-28T13:06:24.652+0000][info][gc,phases      ] GC(880)   Evacuate Collection Set: 11.1ms
[2024-08-28T13:06:24.652+0000][info][gc,phases      ] GC(880)   Post Evacuate Collection Set: 0.4ms
[2024-08-28T13:06:24.652+0000][info][gc,phases      ] GC(880)   Other: 0.2ms
[2024-08-28T13:06:24.652+0000][info][gc,heap        ] GC(880) Eden regions: 44->0(44)
[2024-08-28T13:06:24.652+0000][info][gc,heap        ] GC(880) Survivor regions: 7->7(7)
[2024-08-28T13:06:24.652+0000][info][gc,heap        ] GC(880) Old regions: 770->778
[2024-08-28T13:06:24.652+0000][info][gc,heap        ] GC(880) Archive regions: 2->2
[2024-08-28T13:06:24.652+0000][info][gc,heap        ] GC(880) Humongous regions: 5->5
[2024-08-28T13:06:24.652+0000][info][gc,metaspace   ] GC(880) Metaspace: 100K(320K)->100K(320K) NonClass: 96K(192K)->96K(192K) Class: 4K(128K)->4K(128K)
[2024-08-28T13:06:24.652+0000][info][gc             ] GC(880) Pause Young (Mixed) (G1 Evacuation Pause) 826M->790M(1024M) 12.257ms
[2024-08-28T13:06:24.652+0000][info][gc,cpu         ] GC(880) User=0.27s Sys=0.00s Real=0.01s
[2024-08-28T13:06:24.678+0000][info][gc,start       ] GC(881) Pause Young (Concurrent Start) (G1 Evacuation Pause)
[2024-08-28T13:06:24.678+0000][info][gc,task        ] GC(881) Using 24 workers of 68 for evacuation
[2024-08-28T13:06:24.690+0000][info][gc,phases      ] GC(881)   Pre Evacuate Collection Set: 0.2ms
[2024-08-28T13:06:24.690+0000][info][gc,phases      ] GC(881)   Merge Heap Roots: 0.4ms
[2024-08-28T13:06:24.690+0000][info][gc,phases      ] GC(881)   Evacuate Collection Set: 10.6ms
[2024-08-28T13:06:24.690+0000][info][gc,phases      ] GC(881)   Post Evacuate Collection Set: 0.4ms
[2024-08-28T13:06:24.690+0000][info][gc,phases      ] GC(881)   Other: 0.6ms
[2024-08-28T13:06:24.690+0000][info][gc,heap        ] GC(881) Eden regions: 44->0(44)
[2024-08-28T13:06:24.690+0000][info][gc,heap        ] GC(881) Survivor regions: 7->7(7)
[2024-08-28T13:06:24.690+0000][info][gc,heap        ] GC(881) Old regions: 778->825
[2024-08-28T13:06:24.690+0000][info][gc,heap        ] GC(881) Archive regions: 2->2
[2024-08-28T13:06:24.690+0000][info][gc,heap        ] GC(881) Humongous regions: 5->5
[2024-08-28T13:06:24.690+0000][info][gc,metaspace   ] GC(881) Metaspace: 100K(320K)->100K(320K) NonClass: 96K(192K)->96K(192K) Class: 4K(128K)->4K(128K)
[2024-08-28T13:06:24.691+0000][info][gc             ] GC(881) Pause Young (Concurrent Start) (G1 Evacuation Pause) 834M->837M(1024M) 12.202ms
[2024-08-28T13:06:24.691+0000][info][gc,cpu         ] GC(881) User=0.26s Sys=0.00s Real=0.01s
[2024-08-28T13:06:24.691+0000][info][gc             ] GC(882) Concurrent Mark Cycle
[2024-08-28T13:06:24.691+0000][info][gc,marking     ] GC(882) Concurrent Clear Claimed Marks
[2024-08-28T13:06:24.691+0000][info][gc,marking     ] GC(882) Concurrent Clear Claimed Marks 0.013ms
[2024-08-28T13:06:24.691+0000][info][gc,marking     ] GC(882) Concurrent Scan Root Regions
[2024-08-28T13:06:24.692+0000][info][gc,marking     ] GC(882) Concurrent Scan Root Regions 1.765ms
[2024-08-28T13:06:24.692+0000][info][gc,marking     ] GC(882) Concurrent Mark
[2024-08-28T13:06:24.692+0000][info][gc,marking     ] GC(882) Concurrent Mark From Roots
[2024-08-28T13:06:24.692+0000][info][gc,task        ] GC(882) Using 17 workers of 17 for marking
[2024-08-28T13:06:24.719+0000][info][gc,marking     ] GC(882) Concurrent Mark From Roots 27.020ms
[2024-08-28T13:06:24.720+0000][info][gc,marking     ] GC(882) Concurrent Preclean
[2024-08-28T13:06:24.720+0000][info][gc,marking     ] GC(882) Concurrent Preclean 0.501ms
[2024-08-28T13:06:24.720+0000][info][gc,start       ] GC(882) Pause Remark
[2024-08-28T13:06:24.722+0000][info][gc             ] GC(882) Pause Remark 870M->870M(1024M) 1.553ms
[2024-08-28T13:06:24.722+0000][info][gc,cpu         ] GC(882) User=0.01s Sys=0.00s Real=0.00s
[2024-08-28T13:06:24.722+0000][info][gc,marking     ] GC(882) Concurrent Mark 29.519ms
[2024-08-28T13:06:24.722+0000][info][gc,marking     ] GC(882) Concurrent Rebuild Remembered Sets
[2024-08-28T13:06:24.730+0000][info][gc,start       ] GC(883) Pause Young (Normal) (G1 Evacuation Pause)
[2024-08-28T13:06:24.730+0000][info][gc,task        ] GC(883) Using 24 workers of 68 for evacuation
[2024-08-28T13:06:24.742+0000][info][gc,phases      ] GC(883)   Pre Evacuate Collection Set: 0.2ms
[2024-08-28T13:06:24.742+0000][info][gc,phases      ] GC(883)   Merge Heap Roots: 0.4ms
[2024-08-28T13:06:24.742+0000][info][gc,phases      ] GC(883)   Evacuate Collection Set: 10.3ms
[2024-08-28T13:06:24.742+0000][info][gc,phases      ] GC(883)   Post Evacuate Collection Set: 0.5ms
[2024-08-28T13:06:24.742+0000][info][gc,phases      ] GC(883)   Other: 0.2ms
[2024-08-28T13:06:24.742+0000][info][gc,heap        ] GC(883) Eden regions: 44->0(44)
[2024-08-28T13:06:24.742+0000][info][gc,heap        ] GC(883) Survivor regions: 7->7(7)
[2024-08-28T13:06:24.742+0000][info][gc,heap        ] GC(883) Old regions: 825->871
[2024-08-28T13:06:24.742+0000][info][gc,heap        ] GC(883) Archive regions: 2->2
[2024-08-28T13:06:24.742+0000][info][gc,heap        ] GC(883) Humongous regions: 5->5
[2024-08-28T13:06:24.742+0000][info][gc,metaspace   ] GC(883) Metaspace: 100K(320K)->100K(320K) NonClass: 96K(192K)->96K(192K) Class: 4K(128K)->4K(128K)
[2024-08-28T13:06:24.742+0000][info][gc             ] GC(883) Pause Young (Normal) (G1 Evacuation Pause) 881M->883M(1024M) 11.735ms
[2024-08-28T13:06:24.742+0000][info][gc,cpu         ] GC(883) User=0.25s Sys=0.01s Real=0.01s
[2024-08-28T13:06:24.774+0000][info][gc,start       ] GC(884) Pause Young (Normal) (G1 Evacuation Pause)
[2024-08-28T13:06:24.774+0000][info][gc,task        ] GC(884) Using 24 workers of 68 for evacuation
[2024-08-28T13:06:24.790+0000][info][gc,phases      ] GC(884)   Pre Evacuate Collection Set: 0.2ms
[2024-08-28T13:06:24.790+0000][info][gc,phases      ] GC(884)   Merge Heap Roots: 0.5ms
[2024-08-28T13:06:24.790+0000][info][gc,phases      ] GC(884)   Evacuate Collection Set: 15.2ms
[2024-08-28T13:06:24.790+0000][info][gc,phases      ] GC(884)   Post Evacuate Collection Set: 0.5ms
[2024-08-28T13:06:24.790+0000][info][gc,phases      ] GC(884)   Other: 0.3ms
[2024-08-28T13:06:24.790+0000][info][gc,heap        ] GC(884) Eden regions: 44->0(44)
[2024-08-28T13:06:24.790+0000][info][gc,heap        ] GC(884) Survivor regions: 7->7(7)
[2024-08-28T13:06:24.790+0000][info][gc,heap        ] GC(884) Old regions: 871->917
[2024-08-28T13:06:24.790+0000][info][gc,heap        ] GC(884) Archive regions: 2->2
[2024-08-28T13:06:24.790+0000][info][gc,heap        ] GC(884) Humongous regions: 5->5
[2024-08-28T13:06:24.790+0000][info][gc,metaspace   ] GC(884) Metaspace: 100K(320K)->100K(320K) NonClass: 96K(192K)->96K(192K) Class: 4K(128K)->4K(128K)
[2024-08-28T13:06:24.790+0000][info][gc             ] GC(884) Pause Young (Normal) (G1 Evacuation Pause) 927M->929M(1024M) 16.695ms
[2024-08-28T13:06:24.790+0000][info][gc,cpu         ] GC(884) User=0.38s Sys=0.00s Real=0.02s
[2024-08-28T13:06:24.808+0000][info][gc,marking     ] GC(882) Concurrent Rebuild Remembered Sets 86.029ms
[2024-08-28T13:06:24.808+0000][info][gc,start       ] GC(882) Pause Cleanup
[2024-08-28T13:06:24.810+0000][info][gc             ] GC(882) Pause Cleanup 954M->954M(1024M) 1.587ms
[2024-08-28T13:06:24.810+0000][info][gc,cpu         ] GC(882) User=0.00s Sys=0.00s Real=0.01s
[2024-08-28T13:06:24.810+0000][info][gc,marking     ] GC(882) Concurrent Cleanup for Next Mark
[2024-08-28T13:06:24.811+0000][info][gc,marking     ] GC(882) Concurrent Cleanup for Next Mark 0.893ms
[2024-08-28T13:06:24.811+0000][info][gc             ] GC(882) Concurrent Mark Cycle 120.316ms
[2024-08-28T13:06:24.822+0000][info][gc,start       ] GC(885) Pause Young (Prepare Mixed) (G1 Preventive Collection)
[2024-08-28T13:06:24.822+0000][info][gc,task        ] GC(885) Using 24 workers of 68 for evacuation
[2024-08-28T13:06:24.839+0000][info][gc,phases      ] GC(885)   Pre Evacuate Collection Set: 0.2ms
[2024-08-28T13:06:24.839+0000][info][gc,phases      ] GC(885)   Merge Heap Roots: 0.6ms
[2024-08-28T13:06:24.839+0000][info][gc,phases      ] GC(885)   Evacuate Collection Set: 16.1ms
[2024-08-28T13:06:24.839+0000][info][gc,phases      ] GC(885)   Post Evacuate Collection Set: 0.3ms
[2024-08-28T13:06:24.839+0000][info][gc,phases      ] GC(885)   Other: 0.2ms
[2024-08-28T13:06:24.839+0000][info][gc,heap        ] GC(885) Eden regions: 41->0(44)
[2024-08-28T13:06:24.839+0000][info][gc,heap        ] GC(885) Survivor regions: 7->7(7)
[2024-08-28T13:06:24.839+0000][info][gc,heap        ] GC(885) Old regions: 917->961
[2024-08-28T13:06:24.839+0000][info][gc,heap        ] GC(885) Archive regions: 2->2
[2024-08-28T13:06:24.839+0000][info][gc,heap        ] GC(885) Humongous regions: 5->5
[2024-08-28T13:06:24.839+0000][info][gc,metaspace   ] GC(885) Metaspace: 100K(320K)->100K(320K) NonClass: 96K(192K)->96K(192K) Class: 4K(128K)->4K(128K)
[2024-08-28T13:06:24.839+0000][info][gc             ] GC(885) Pause Young (Prepare Mixed) (G1 Preventive Collection) 970M->973M(1024M) 17.380ms
[2024-08-28T13:06:24.839+0000][info][gc,cpu         ] GC(885) User=0.40s Sys=0.00s Real=0.02s
[2024-08-28T13:06:24.850+0000][info][gc,start       ] GC(886) Pause Young (Mixed) (G1 Preventive Collection)
[2024-08-28T13:06:24.850+0000][info][gc,task        ] GC(886) Using 24 workers of 68 for evacuation
[2024-08-28T13:06:24.858+0000][info][gc,phases      ] GC(886)   Pre Evacuate Collection Set: 0.2ms
[2024-08-28T13:06:24.858+0000][info][gc,phases      ] GC(886)   Merge Heap Roots: 0.4ms
[2024-08-28T13:06:24.858+0000][info][gc,phases      ] GC(886)   Evacuate Collection Set: 6.7ms
[2024-08-28T13:06:24.858+0000][info][gc,phases      ] GC(886)   Post Evacuate Collection Set: 0.4ms
[2024-08-28T13:06:24.858+0000][info][gc,phases      ] GC(886)   Other: 0.2ms
[2024-08-28T13:06:24.858+0000][info][gc,heap        ] GC(886) Eden regions: 19->0(44)
[2024-08-28T13:06:24.858+0000][info][gc,heap        ] GC(886) Survivor regions: 7->7(7)
[2024-08-28T13:06:24.858+0000][info][gc,heap        ] GC(886) Old regions: 961->880
[2024-08-28T13:06:24.858+0000][info][gc,heap        ] GC(886) Archive regions: 2->2
[2024-08-28T13:06:24.858+0000][info][gc,heap        ] GC(886) Humongous regions: 5->5
[2024-08-28T13:06:24.858+0000][info][gc,metaspace   ] GC(886) Metaspace: 100K(320K)->100K(320K) NonClass: 96K(192K)->96K(192K) Class: 4K(128K)->4K(128K)
[2024-08-28T13:06:24.858+0000][info][gc             ] GC(886) Pause Young (Mixed) (G1 Preventive Collection) 992M->892M(1024M) 7.876ms
[2024-08-28T13:06:24.858+0000][info][gc,cpu         ] GC(886) User=0.17s Sys=0.00s Real=0.01s
[2024-08-28T13:06:24.883+0000][info][gc,start       ] GC(887) Pause Young (Mixed) (G1 Evacuation Pause)
[2024-08-28T13:06:24.883+0000][info][gc,task        ] GC(887) Using 24 workers of 68 for evacuation
[2024-08-28T13:06:24.895+0000][info][gc,phases      ] GC(887)   Pre Evacuate Collection Set: 0.2ms
[2024-08-28T13:06:24.895+0000][info][gc,phases      ] GC(887)   Merge Heap Roots: 0.4ms
[2024-08-28T13:06:24.895+0000][info][gc,phases      ] GC(887)   Evacuate Collection Set: 10.6ms
[2024-08-28T13:06:24.895+0000][info][gc,phases      ] GC(887)   Post Evacuate Collection Set: 0.4ms
[2024-08-28T13:06:24.895+0000][info][gc,phases      ] GC(887)   Other: 0.3ms
[2024-08-28T13:06:24.895+0000][info][gc,heap        ] GC(887) Eden regions: 44->0(44)
[2024-08-28T13:06:24.895+0000][info][gc,heap        ] GC(887) Survivor regions: 7->7(7)
[2024-08-28T13:06:24.895+0000][info][gc,heap        ] GC(887) Old regions: 880->823
[2024-08-28T13:06:24.895+0000][info][gc,heap        ] GC(887) Archive regions: 2->2
[2024-08-28T13:06:24.895+0000][info][gc,heap        ] GC(887) Humongous regions: 5->5
[2024-08-28T13:06:24.895+0000][info][gc,metaspace   ] GC(887) Metaspace: 100K(320K)->100K(320K) NonClass: 96K(192K)->96K(192K) Class: 4K(128K)->4K(128K)
[2024-08-28T13:06:24.895+0000][info][gc             ] GC(887) Pause Young (Mixed) (G1 Evacuation Pause) 936M->835M(1024M) 11.953ms
[2024-08-28T13:06:24.895+0000][info][gc,cpu         ] GC(887) User=0.27s Sys=0.00s Real=0.01s
[2024-08-28T13:06:24.920+0000][info][gc,start       ] GC(888) Pause Young (Mixed) (G1 Evacuation Pause)
[2024-08-28T13:06:24.920+0000][info][gc,task        ] GC(888) Using 24 workers of 68 for evacuation
[2024-08-28T13:06:24.932+0000][info][gc,phases      ] GC(888)   Pre Evacuate Collection Set: 0.2ms
[2024-08-28T13:06:24.932+0000][info][gc,phases      ] GC(888)   Merge Heap Roots: 0.4ms
[2024-08-28T13:06:24.932+0000][info][gc,phases      ] GC(888)   Evacuate Collection Set: 11.0ms
[2024-08-28T13:06:24.932+0000][info][gc,phases      ] GC(888)   Post Evacuate Collection Set: 0.4ms
[2024-08-28T13:06:24.932+0000][info][gc,phases      ] GC(888)   Other: 0.3ms
[2024-08-28T13:06:24.932+0000][info][gc,heap        ] GC(888) Eden regions: 44->0(44)
[2024-08-28T13:06:24.932+0000][info][gc,heap        ] GC(888) Survivor regions: 7->7(7)
[2024-08-28T13:06:24.932+0000][info][gc,heap        ] GC(888) Old regions: 823->768
[2024-08-28T13:06:24.932+0000][info][gc,heap        ] GC(888) Archive regions: 2->2
[2024-08-28T13:06:24.932+0000][info][gc,heap        ] GC(888) Humongous regions: 5->5
[2024-08-28T13:06:24.932+0000][info][gc,metaspace   ] GC(888) Metaspace: 100K(320K)->100K(320K) NonClass: 96K(192K)->96K(192K) Class: 4K(128K)->4K(128K)
[2024-08-28T13:06:24.932+0000][info][gc             ] GC(888) Pause Young (Mixed) (G1 Evacuation Pause) 879M->780M(1024M) 12.345ms
[2024-08-28T13:06:24.932+0000][info][gc,cpu         ] GC(888) User=0.28s Sys=0.00s Real=0.01s
[2024-08-28T13:06:24.957+0000][info][gc,start       ] GC(889) Pause Young (Mixed) (G1 Evacuation Pause)
[2024-08-28T13:06:24.957+0000][info][gc,task        ] GC(889) Using 24 workers of 68 for evacuation
[2024-08-28T13:06:24.970+0000][info][gc,phases      ] GC(889)   Pre Evacuate Collection Set: 0.2ms
[2024-08-28T13:06:24.970+0000][info][gc,phases      ] GC(889)   Merge Heap Roots: 0.4ms
[2024-08-28T13:06:24.970+0000][info][gc,phases      ] GC(889)   Evacuate Collection Set: 11.5ms
[2024-08-28T13:06:24.970+0000][info][gc,phases      ] GC(889)   Post Evacuate Collection Set: 0.3ms
[2024-08-28T13:06:24.970+0000][info][gc,phases      ] GC(889)   Other: 0.2ms
[2024-08-28T13:06:24.970+0000][info][gc,heap        ] GC(889) Eden regions: 44->0(44)
[2024-08-28T13:06:24.970+0000][info][gc,heap        ] GC(889) Survivor regions: 7->7(7)
[2024-08-28T13:06:24.970+0000][info][gc,heap        ] GC(889) Old regions: 768->789
[2024-08-28T13:06:24.970+0000][info][gc,heap        ] GC(889) Archive regions: 2->2
[2024-08-28T13:06:24.970+0000][info][gc,heap        ] GC(889) Humongous regions: 5->5
[2024-08-28T13:06:24.970+0000][info][gc,metaspace   ] GC(889) Metaspace: 100K(320K)->100K(320K) NonClass: 96K(192K)->96K(192K) Class: 4K(128K)->4K(128K)
[2024-08-28T13:06:24.970+0000][info][gc             ] GC(889) Pause Young (Mixed) (G1 Evacuation Pause) 824M->801M(1024M) 12.697ms
[2024-08-28T13:06:24.970+0000][info][gc,cpu         ] GC(889) User=0.28s Sys=0.01s Real=0.02s
[2024-08-28T13:06:24.996+0000][info][gc,start       ] GC(890) Pause Young (Concurrent Start) (G1 Evacuation Pause)
[2024-08-28T13:06:24.996+0000][info][gc,task        ] GC(890) Using 24 workers of 68 for evacuation
[2024-08-28T13:06:25.009+0000][info][gc,phases      ] GC(890)   Pre Evacuate Collection Set: 0.2ms
[2024-08-28T13:06:25.009+0000][info][gc,phases      ] GC(890)   Merge Heap Roots: 0.4ms
[2024-08-28T13:06:25.009+0000][info][gc,phases      ] GC(890)   Evacuate Collection Set: 10.7ms
[2024-08-28T13:06:25.009+0000][info][gc,phases      ] GC(890)   Post Evacuate Collection Set: 0.4ms
[2024-08-28T13:06:25.009+0000][info][gc,phases      ] GC(890)   Other: 0.6ms
[2024-08-28T13:06:25.009+0000][info][gc,heap        ] GC(890) Eden regions: 44->0(44)
[2024-08-28T13:06:25.009+0000][info][gc,heap        ] GC(890) Survivor regions: 7->7(7)
[2024-08-28T13:06:25.009+0000][info][gc,heap        ] GC(890) Old regions: 789->836
[2024-08-28T13:06:25.009+0000][info][gc,heap        ] GC(890) Archive regions: 2->2
[2024-08-28T13:06:25.009+0000][info][gc,heap        ] GC(890) Humongous regions: 5->5
[2024-08-28T13:06:25.009+0000][info][gc,metaspace   ] GC(890) Metaspace: 100K(320K)->100K(320K) NonClass: 96K(192K)->96K(192K) Class: 4K(128K)->4K(128K)
[2024-08-28T13:06:25.009+0000][info][gc             ] GC(890) Pause Young (Concurrent Start) (G1 Evacuation Pause) 845M->848M(1024M) 12.265ms
[2024-08-28T13:06:25.009+0000][info][gc,cpu         ] GC(890) User=0.25s Sys=0.01s Real=0.01s
[2024-08-28T13:06:25.009+0000][info][gc             ] GC(891) Concurrent Mark Cycle
[2024-08-28T13:06:25.009+0000][info][gc,marking     ] GC(891) Concurrent Clear Claimed Marks
[2024-08-28T13:06:25.009+0000][info][gc,marking     ] GC(891) Concurrent Clear Claimed Marks 0.009ms
[2024-08-28T13:06:25.009+0000][info][gc,marking     ] GC(891) Concurrent Scan Root Regions
[2024-08-28T13:06:25.010+0000][info][gc,marking     ] GC(891) Concurrent Scan Root Regions 1.689ms
[2024-08-28T13:06:25.011+0000][info][gc,marking     ] GC(891) Concurrent Mark
[2024-08-28T13:06:25.011+0000][info][gc,marking     ] GC(891) Concurrent Mark From Roots
[2024-08-28T13:06:25.011+0000][info][gc,task        ] GC(891) Using 17 workers of 17 for marking
[2024-08-28T13:06:25.038+0000][info][gc,marking     ] GC(891) Concurrent Mark From Roots 27.921ms
[2024-08-28T13:06:25.038+0000][info][gc,marking     ] GC(891) Concurrent Preclean
[2024-08-28T13:06:25.039+0000][info][gc,marking     ] GC(891) Concurrent Preclean 0.520ms
[2024-08-28T13:06:25.039+0000][info][gc,start       ] GC(891) Pause Remark
[2024-08-28T13:06:25.041+0000][info][gc             ] GC(891) Pause Remark 882M->882M(1024M) 1.256ms
[2024-08-28T13:06:25.041+0000][info][gc,cpu         ] GC(891) User=0.00s Sys=0.00s Real=0.00s
[2024-08-28T13:06:25.041+0000][info][gc,marking     ] GC(891) Concurrent Mark 30.038ms
[2024-08-28T13:06:25.041+0000][info][gc,marking     ] GC(891) Concurrent Rebuild Remembered Sets
[2024-08-28T13:06:25.048+0000][info][gc,start       ] GC(892) Pause Young (Normal) (G1 Evacuation Pause)
[2024-08-28T13:06:25.048+0000][info][gc,task        ] GC(892) Using 24 workers of 68 for evacuation
[2024-08-28T13:06:25.060+0000][info][gc,phases      ] GC(892)   Pre Evacuate Collection Set: 0.2ms
[2024-08-28T13:06:25.060+0000][info][gc,phases      ] GC(892)   Merge Heap Roots: 0.4ms
[2024-08-28T13:06:25.060+0000][info][gc,phases      ] GC(892)   Evacuate Collection Set: 10.5ms
[2024-08-28T13:06:25.060+0000][info][gc,phases      ] GC(892)   Post Evacuate Collection Set: 0.4ms
[2024-08-28T13:06:25.060+0000][info][gc,phases      ] GC(892)   Other: 0.2ms
[2024-08-28T13:06:25.060+0000][info][gc,heap        ] GC(892) Eden regions: 44->0(44)
[2024-08-28T13:06:25.060+0000][info][gc,heap        ] GC(892) Survivor regions: 7->7(7)
[2024-08-28T13:06:25.060+0000][info][gc,heap        ] GC(892) Old regions: 836->883
[2024-08-28T13:06:25.060+0000][info][gc,heap        ] GC(892) Archive regions: 2->2
[2024-08-28T13:06:25.060+0000][info][gc,heap        ] GC(892) Humongous regions: 5->5
[2024-08-28T13:06:25.060+0000][info][gc,metaspace   ] GC(892) Metaspace: 100K(320K)->100K(320K) NonClass: 96K(192K)->96K(192K) Class: 4K(128K)->4K(128K)
[2024-08-28T13:06:25.060+0000][info][gc             ] GC(892) Pause Young (Normal) (G1 Evacuation Pause) 892M->895M(1024M) 11.694ms
[2024-08-28T13:06:25.060+0000][info][gc,cpu         ] GC(892) User=0.26s Sys=0.00s Real=0.02s
[2024-08-28T13:06:25.092+0000][info][gc,start       ] GC(893) Pause Young (Normal) (G1 Evacuation Pause)
[2024-08-28T13:06:25.092+0000][info][gc,task        ] GC(893) Using 24 workers of 68 for evacuation
[2024-08-28T13:06:25.108+0000][info][gc,phases      ] GC(893)   Pre Evacuate Collection Set: 0.2ms
[2024-08-28T13:06:25.108+0000][info][gc,phases      ] GC(893)   Merge Heap Roots: 0.5ms
[2024-08-28T13:06:25.108+0000][info][gc,phases      ] GC(893)   Evacuate Collection Set: 14.2ms
[2024-08-28T13:06:25.108+0000][info][gc,phases      ] GC(893)   Post Evacuate Collection Set: 0.5ms
[2024-08-28T13:06:25.108+0000][info][gc,phases      ] GC(893)   Other: 0.2ms
[2024-08-28T13:06:25.108+0000][info][gc,heap        ] GC(893) Eden regions: 44->0(44)
[2024-08-28T13:06:25.108+0000][info][gc,heap        ] GC(893) Survivor regions: 7->7(7)
[2024-08-28T13:06:25.108+0000][info][gc,heap        ] GC(893) Old regions: 883->929
[2024-08-28T13:06:25.108+0000][info][gc,heap        ] GC(893) Archive regions: 2->2
[2024-08-28T13:06:25.108+0000][info][gc,heap        ] GC(893) Humongous regions: 5->5
[2024-08-28T13:06:25.108+0000][info][gc,metaspace   ] GC(893) Metaspace: 100K(320K)->100K(320K) NonClass: 96K(192K)->96K(192K) Class: 4K(128K)->4K(128K)
[2024-08-28T13:06:25.108+0000][info][gc             ] GC(893) Pause Young (Normal) (G1 Evacuation Pause) 939M->941M(1024M) 15.580ms
[2024-08-28T13:06:25.108+0000][info][gc,cpu         ] GC(893) User=0.36s Sys=0.00s Real=0.01s
[2024-08-28T13:06:25.125+0000][info][gc,marking     ] GC(891) Concurrent Rebuild Remembered Sets 84.486ms
[2024-08-28T13:06:25.125+0000][info][gc,start       ] GC(891) Pause Cleanup
[2024-08-28T13:06:25.127+0000][info][gc             ] GC(891) Pause Cleanup 965M->965M(1024M) 1.586ms
[2024-08-28T13:06:25.127+0000][info][gc,cpu         ] GC(891) User=0.01s Sys=0.00s Real=0.00s
[2024-08-28T13:06:25.127+0000][info][gc,marking     ] GC(891) Concurrent Cleanup for Next Mark
[2024-08-28T13:06:25.128+0000][info][gc,marking     ] GC(891) Concurrent Cleanup for Next Mark 0.853ms
[2024-08-28T13:06:25.128+0000][info][gc             ] GC(891) Concurrent Mark Cycle 119.174ms
[2024-08-28T13:06:25.135+0000][info][gc,start       ] GC(894) Pause Young (Prepare Mixed) (G1 Preventive Collection)
[2024-08-28T13:06:25.135+0000][info][gc,task        ] GC(894) Using 24 workers of 68 for evacuation
[2024-08-28T13:06:25.151+0000][info][gc,phases      ] GC(894)   Pre Evacuate Collection Set: 0.1ms
[2024-08-28T13:06:25.151+0000][info][gc,phases      ] GC(894)   Merge Heap Roots: 0.6ms
[2024-08-28T13:06:25.151+0000][info][gc,phases      ] GC(894)   Evacuate Collection Set: 14.7ms
[2024-08-28T13:06:25.151+0000][info][gc,phases      ] GC(894)   Post Evacuate Collection Set: 0.3ms
[2024-08-28T13:06:25.151+0000][info][gc,phases      ] GC(894)   Other: 0.2ms
[2024-08-28T13:06:25.151+0000][info][gc,heap        ] GC(894) Eden regions: 35->0(44)
[2024-08-28T13:06:25.151+0000][info][gc,heap        ] GC(894) Survivor regions: 7->7(7)
[2024-08-28T13:06:25.151+0000][info][gc,heap        ] GC(894) Old regions: 929->967
[2024-08-28T13:06:25.151+0000][info][gc,heap        ] GC(894) Archive regions: 2->2
[2024-08-28T13:06:25.151+0000][info][gc,heap        ] GC(894) Humongous regions: 5->5
[2024-08-28T13:06:25.151+0000][info][gc,metaspace   ] GC(894) Metaspace: 100K(320K)->100K(320K) NonClass: 96K(192K)->96K(192K) Class: 4K(128K)->4K(128K)
[2024-08-28T13:06:25.151+0000][info][gc             ] GC(894) Pause Young (Prepare Mixed) (G1 Preventive Collection) 976M->979M(1024M) 16.022ms
[2024-08-28T13:06:25.151+0000][info][gc,cpu         ] GC(894) User=0.37s Sys=0.00s Real=0.02s
[2024-08-28T13:06:25.162+0000][info][gc,start       ] GC(895) Pause Young (Mixed) (G1 Preventive Collection)
[2024-08-28T13:06:25.162+0000][info][gc,task        ] GC(895) Using 24 workers of 68 for evacuation
[2024-08-28T13:06:25.169+0000][info][gc,phases      ] GC(895)   Pre Evacuate Collection Set: 0.2ms
[2024-08-28T13:06:25.169+0000][info][gc,phases      ] GC(895)   Merge Heap Roots: 0.3ms
[2024-08-28T13:06:25.169+0000][info][gc,phases      ] GC(895)   Evacuate Collection Set: 6.5ms
[2024-08-28T13:06:25.169+0000][info][gc,phases      ] GC(895)   Post Evacuate Collection Set: 0.4ms
[2024-08-28T13:06:25.169+0000][info][gc,phases      ] GC(895)   Other: 0.2ms
[2024-08-28T13:06:25.169+0000][info][gc,heap        ] GC(895) Eden regions: 16->0(44)
[2024-08-28T13:06:25.169+0000][info][gc,heap        ] GC(895) Survivor regions: 7->7(7)
[2024-08-28T13:06:25.169+0000][info][gc,heap        ] GC(895) Old regions: 967->883
[2024-08-28T13:06:25.169+0000][info][gc,heap        ] GC(895) Archive regions: 2->2
[2024-08-28T13:06:25.169+0000][info][gc,heap        ] GC(895) Humongous regions: 5->5
[2024-08-28T13:06:25.169+0000][info][gc,metaspace   ] GC(895) Metaspace: 100K(320K)->100K(320K) NonClass: 96K(192K)->96K(192K) Class: 4K(128K)->4K(128K)
[2024-08-28T13:06:25.169+0000][info][gc             ] GC(895) Pause Young (Mixed) (G1 Preventive Collection) 995M->895M(1024M) 7.655ms
[2024-08-28T13:06:25.169+0000][info][gc,cpu         ] GC(895) User=0.16s Sys=0.01s Real=0.00s
[2024-08-28T13:06:25.195+0000][info][gc,start       ] GC(896) Pause Young (Mixed) (G1 Evacuation Pause)
[2024-08-28T13:06:25.195+0000][info][gc,task        ] GC(896) Using 24 workers of 68 for evacuation
[2024-08-28T13:06:25.207+0000][info][gc,phases      ] GC(896)   Pre Evacuate Collection Set: 0.2ms
[2024-08-28T13:06:25.207+0000][info][gc,phases      ] GC(896)   Merge Heap Roots: 0.5ms
[2024-08-28T13:06:25.207+0000][info][gc,phases      ] GC(896)   Evacuate Collection Set: 10.4ms
[2024-08-28T13:06:25.207+0000][info][gc,phases      ] GC(896)   Post Evacuate Collection Set: 0.4ms
[2024-08-28T13:06:25.207+0000][info][gc,phases      ] GC(896)   Other: 0.3ms
[2024-08-28T13:06:25.207+0000][info][gc,heap        ] GC(896) Eden regions: 44->0(44)
[2024-08-28T13:06:25.207+0000][info][gc,heap        ] GC(896) Survivor regions: 7->7(7)
[2024-08-28T13:06:25.207+0000][info][gc,heap        ] GC(896) Old regions: 883->825
[2024-08-28T13:06:25.207+0000][info][gc,heap        ] GC(896) Archive regions: 2->2
[2024-08-28T13:06:25.207+0000][info][gc,heap        ] GC(896) Humongous regions: 5->5
[2024-08-28T13:06:25.207+0000][info][gc,metaspace   ] GC(896) Metaspace: 100K(320K)->100K(320K) NonClass: 96K(192K)->96K(192K) Class: 4K(128K)->4K(128K)
[2024-08-28T13:06:25.207+0000][info][gc             ] GC(896) Pause Young (Mixed) (G1 Evacuation Pause) 939M->837M(1024M) 11.909ms
[2024-08-28T13:06:25.207+0000][info][gc,cpu         ] GC(896) User=0.26s Sys=0.00s Real=0.01s
[2024-08-28T13:06:25.234+0000][info][gc,start       ] GC(897) Pause Young (Mixed) (G1 Evacuation Pause)
[2024-08-28T13:06:25.234+0000][info][gc,task        ] GC(897) Using 24 workers of 68 for evacuation
[2024-08-28T13:06:25.246+0000][info][gc,phases      ] GC(897)   Pre Evacuate Collection Set: 0.2ms
[2024-08-28T13:06:25.246+0000][info][gc,phases      ] GC(897)   Merge Heap Roots: 0.4ms
[2024-08-28T13:06:25.246+0000][info][gc,phases      ] GC(897)   Evacuate Collection Set: 10.9ms
[2024-08-28T13:06:25.246+0000][info][gc,phases      ] GC(897)   Post Evacuate Collection Set: 0.4ms
[2024-08-28T13:06:25.246+0000][info][gc,phases      ] GC(897)   Other: 0.2ms
[2024-08-28T13:06:25.246+0000][info][gc,heap        ] GC(897) Eden regions: 44->0(44)
[2024-08-28T13:06:25.246+0000][info][gc,heap        ] GC(897) Survivor regions: 7->7(7)
[2024-08-28T13:06:25.246+0000][info][gc,heap        ] GC(897) Old regions: 825->768
[2024-08-28T13:06:25.246+0000][info][gc,heap        ] GC(897) Archive regions: 2->2
[2024-08-28T13:06:25.246+0000][info][gc,heap        ] GC(897) Humongous regions: 5->5
[2024-08-28T13:06:25.246+0000][info][gc,metaspace   ] GC(897) Metaspace: 100K(320K)->100K(320K) NonClass: 96K(192K)->96K(192K) Class: 4K(128K)->4K(128K)
[2024-08-28T13:06:25.246+0000][info][gc             ] GC(897) Pause Young (Mixed) (G1 Evacuation Pause) 881M->780M(1024M) 12.278ms
[2024-08-28T13:06:25.246+0000][info][gc,cpu         ] GC(897) User=0.27s Sys=0.00s Real=0.01s
[2024-08-28T13:06:25.273+0000][info][gc,start       ] GC(898) Pause Young (Mixed) (G1 Evacuation Pause)
[2024-08-28T13:06:25.273+0000][info][gc,task        ] GC(898) Using 24 workers of 68 for evacuation
[2024-08-28T13:06:25.285+0000][info][gc,phases      ] GC(898)   Pre Evacuate Collection Set: 0.2ms
[2024-08-28T13:06:25.285+0000][info][gc,phases      ] GC(898)   Merge Heap Roots: 0.3ms
[2024-08-28T13:06:25.285+0000][info][gc,phases      ] GC(898)   Evacuate Collection Set: 10.9ms
[2024-08-28T13:06:25.285+0000][info][gc,phases      ] GC(898)   Post Evacuate Collection Set: 0.3ms
[2024-08-28T13:06:25.285+0000][info][gc,phases      ] GC(898)   Other: 0.2ms
[2024-08-28T13:06:25.285+0000][info][gc,heap        ] GC(898) Eden regions: 44->0(44)
[2024-08-28T13:06:25.285+0000][info][gc,heap        ] GC(898) Survivor regions: 7->7(7)
[2024-08-28T13:06:25.285+0000][info][gc,heap        ] GC(898) Old regions: 768->781
[2024-08-28T13:06:25.285+0000][info][gc,heap        ] GC(898) Archive regions: 2->2
[2024-08-28T13:06:25.285+0000][info][gc,heap        ] GC(898) Humongous regions: 5->5
[2024-08-28T13:06:25.285+0000][info][gc,metaspace   ] GC(898) Metaspace: 100K(320K)->100K(320K) NonClass: 96K(192K)->96K(192K) Class: 4K(128K)->4K(128K)
[2024-08-28T13:06:25.285+0000][info][gc             ] GC(898) Pause Young (Mixed) (G1 Evacuation Pause) 824M->793M(1024M) 12.010ms
[2024-08-28T13:06:25.285+0000][info][gc,cpu         ] GC(898) User=0.26s Sys=0.00s Real=0.01s
[2024-08-28T13:06:25.312+0000][info][gc,start       ] GC(899) Pause Young (Concurrent Start) (G1 Evacuation Pause)
[2024-08-28T13:06:25.312+0000][info][gc,task        ] GC(899) Using 24 workers of 68 for evacuation
[2024-08-28T13:06:25.323+0000][info][gc,phases      ] GC(899)   Pre Evacuate Collection Set: 0.1ms
[2024-08-28T13:06:25.323+0000][info][gc,phases      ] GC(899)   Merge Heap Roots: 0.4ms
[2024-08-28T13:06:25.323+0000][info][gc,phases      ] GC(899)   Evacuate Collection Set: 10.4ms
[2024-08-28T13:06:25.323+0000][info][gc,phases      ] GC(899)   Post Evacuate Collection Set: 0.4ms
[2024-08-28T13:06:25.323+0000][info][gc,phases      ] GC(899)   Other: 0.6ms
[2024-08-28T13:06:25.323+0000][info][gc,heap        ] GC(899) Eden regions: 44->0(44)
[2024-08-28T13:06:25.323+0000][info][gc,heap        ] GC(899) Survivor regions: 7->7(7)
[2024-08-28T13:06:25.323+0000][info][gc,heap        ] GC(899) Old regions: 781->827
[2024-08-28T13:06:25.323+0000][info][gc,heap        ] GC(899) Archive regions: 2->2
[2024-08-28T13:06:25.323+0000][info][gc,heap        ] GC(899) Humongous regions: 5->5
[2024-08-28T13:06:25.323+0000][info][gc,metaspace   ] GC(899) Metaspace: 100K(320K)->100K(320K) NonClass: 96K(192K)->96K(192K) Class: 4K(128K)->4K(128K)
[2024-08-28T13:06:25.324+0000][info][gc             ] GC(899) Pause Young (Concurrent Start) (G1 Evacuation Pause) 837M->839M(1024M) 11.974ms
[2024-08-28T13:06:25.324+0000][info][gc,cpu         ] GC(899) User=0.26s Sys=0.00s Real=0.01s
[2024-08-28T13:06:25.324+0000][info][gc             ] GC(900) Concurrent Mark Cycle
[2024-08-28T13:06:25.324+0000][info][gc,marking     ] GC(900) Concurrent Clear Claimed Marks
[2024-08-28T13:06:25.324+0000][info][gc,marking     ] GC(900) Concurrent Clear Claimed Marks 0.013ms
[2024-08-28T13:06:25.324+0000][info][gc,marking     ] GC(900) Concurrent Scan Root Regions
[2024-08-28T13:06:25.326+0000][info][gc,marking     ] GC(900) Concurrent Scan Root Regions 1.855ms
[2024-08-28T13:06:25.326+0000][info][gc,marking     ] GC(900) Concurrent Mark
[2024-08-28T13:06:25.326+0000][info][gc,marking     ] GC(900) Concurrent Mark From Roots
[2024-08-28T13:06:25.326+0000][info][gc,task        ] GC(900) Using 17 workers of 17 for marking
[2024-08-28T13:06:25.351+0000][info][gc,marking     ] GC(900) Concurrent Mark From Roots 25.913ms
[2024-08-28T13:06:25.352+0000][info][gc,marking     ] GC(900) Concurrent Preclean
[2024-08-28T13:06:25.352+0000][info][gc,marking     ] GC(900) Concurrent Preclean 0.535ms
[2024-08-28T13:06:25.352+0000][info][gc,start       ] GC(900) Pause Remark
[2024-08-28T13:06:25.354+0000][info][gc             ] GC(900) Pause Remark 871M->871M(1024M) 1.270ms
[2024-08-28T13:06:25.354+0000][info][gc,cpu         ] GC(900) User=0.00s Sys=0.01s Real=0.00s
[2024-08-28T13:06:25.354+0000][info][gc,marking     ] GC(900) Concurrent Mark 28.074ms
[2024-08-28T13:06:25.354+0000][info][gc,marking     ] GC(900) Concurrent Rebuild Remembered Sets
[2024-08-28T13:06:25.363+0000][info][gc,start       ] GC(901) Pause Young (Normal) (G1 Evacuation Pause)
[2024-08-28T13:06:25.363+0000][info][gc,task        ] GC(901) Using 24 workers of 68 for evacuation
[2024-08-28T13:06:25.374+0000][info][gc,phases      ] GC(901)   Pre Evacuate Collection Set: 0.2ms
[2024-08-28T13:06:25.374+0000][info][gc,phases      ] GC(901)   Merge Heap Roots: 0.4ms
[2024-08-28T13:06:25.374+0000][info][gc,phases      ] GC(901)   Evacuate Collection Set: 10.3ms
[2024-08-28T13:06:25.374+0000][info][gc,phases      ] GC(901)   Post Evacuate Collection Set: 0.5ms
[2024-08-28T13:06:25.374+0000][info][gc,phases      ] GC(901)   Other: 0.2ms
[2024-08-28T13:06:25.374+0000][info][gc,heap        ] GC(901) Eden regions: 44->0(44)
[2024-08-28T13:06:25.374+0000][info][gc,heap        ] GC(901) Survivor regions: 7->7(7)
[2024-08-28T13:06:25.374+0000][info][gc,heap        ] GC(901) Old regions: 827->874
[2024-08-28T13:06:25.374+0000][info][gc,heap        ] GC(901) Archive regions: 2->2
[2024-08-28T13:06:25.374+0000][info][gc,heap        ] GC(901) Humongous regions: 5->5
[2024-08-28T13:06:25.374+0000][info][gc,metaspace   ] GC(901) Metaspace: 100K(320K)->100K(320K) NonClass: 96K(192K)->96K(192K) Class: 4K(128K)->4K(128K)
[2024-08-28T13:06:25.375+0000][info][gc             ] GC(901) Pause Young (Normal) (G1 Evacuation Pause) 883M->886M(1024M) 11.703ms
[2024-08-28T13:06:25.375+0000][info][gc,cpu         ] GC(901) User=0.26s Sys=0.00s Real=0.01s
[2024-08-28T13:06:25.407+0000][info][gc,start       ] GC(902) Pause Young (Normal) (G1 Evacuation Pause)
[2024-08-28T13:06:25.407+0000][info][gc,task        ] GC(902) Using 24 workers of 68 for evacuation
[2024-08-28T13:06:25.423+0000][info][gc,phases      ] GC(902)   Pre Evacuate Collection Set: 0.2ms
[2024-08-28T13:06:25.423+0000][info][gc,phases      ] GC(902)   Merge Heap Roots: 0.5ms
[2024-08-28T13:06:25.423+0000][info][gc,phases      ] GC(902)   Evacuate Collection Set: 14.5ms
[2024-08-28T13:06:25.423+0000][info][gc,phases      ] GC(902)   Post Evacuate Collection Set: 0.6ms
[2024-08-28T13:06:25.423+0000][info][gc,phases      ] GC(902)   Other: 0.3ms
[2024-08-28T13:06:25.423+0000][info][gc,heap        ] GC(902) Eden regions: 44->0(44)
[2024-08-28T13:06:25.423+0000][info][gc,heap        ] GC(902) Survivor regions: 7->7(7)
[2024-08-28T13:06:25.423+0000][info][gc,heap        ] GC(902) Old regions: 874->920
[2024-08-28T13:06:25.423+0000][info][gc,heap        ] GC(902) Archive regions: 2->2
[2024-08-28T13:06:25.423+0000][info][gc,heap        ] GC(902) Humongous regions: 5->5
[2024-08-28T13:06:25.423+0000][info][gc,metaspace   ] GC(902) Metaspace: 100K(320K)->100K(320K) NonClass: 96K(192K)->96K(192K) Class: 4K(128K)->4K(128K)
[2024-08-28T13:06:25.423+0000][info][gc             ] GC(902) Pause Young (Normal) (G1 Evacuation Pause) 930M->932M(1024M) 16.111ms
[2024-08-28T13:06:25.423+0000][info][gc,cpu         ] GC(902) User=0.36s Sys=0.00s Real=0.02s
[2024-08-28T13:06:25.436+0000][info][gc,marking     ] GC(900) Concurrent Rebuild Remembered Sets 82.099ms
[2024-08-28T13:06:25.436+0000][info][gc,start       ] GC(900) Pause Cleanup
[2024-08-28T13:06:25.439+0000][info][gc             ] GC(900) Pause Cleanup 950M->950M(1024M) 2.966ms
[2024-08-28T13:06:25.439+0000][info][gc,cpu         ] GC(900) User=0.01s Sys=0.00s Real=0.01s
[2024-08-28T13:06:25.439+0000][info][gc,marking     ] GC(900) Concurrent Cleanup for Next Mark
[2024-08-28T13:06:25.440+0000][info][gc,marking     ] GC(900) Concurrent Cleanup for Next Mark 0.833ms
[2024-08-28T13:06:25.440+0000][info][gc             ] GC(900) Concurrent Mark Cycle 116.446ms
[2024-08-28T13:06:25.454+0000][info][gc,start       ] GC(903) Pause Young (Prepare Mixed) (G1 Preventive Collection)
[2024-08-28T13:06:25.455+0000][info][gc,task        ] GC(903) Using 24 workers of 68 for evacuation
[2024-08-28T13:06:25.472+0000][info][gc,phases      ] GC(903)   Pre Evacuate Collection Set: 0.2ms
[2024-08-28T13:06:25.472+0000][info][gc,phases      ] GC(903)   Merge Heap Roots: 0.6ms
[2024-08-28T13:06:25.472+0000][info][gc,phases      ] GC(903)   Evacuate Collection Set: 16.3ms
[2024-08-28T13:06:25.472+0000][info][gc,phases      ] GC(903)   Post Evacuate Collection Set: 0.3ms
[2024-08-28T13:06:25.472+0000][info][gc,phases      ] GC(903)   Other: 0.2ms
[2024-08-28T13:06:25.472+0000][info][gc,heap        ] GC(903) Eden regions: 39->0(44)
[2024-08-28T13:06:25.472+0000][info][gc,heap        ] GC(903) Survivor regions: 7->7(7)
[2024-08-28T13:06:25.472+0000][info][gc,heap        ] GC(903) Old regions: 920->962
[2024-08-28T13:06:25.472+0000][info][gc,heap        ] GC(903) Archive regions: 2->2
[2024-08-28T13:06:25.472+0000][info][gc,heap        ] GC(903) Humongous regions: 5->5
[2024-08-28T13:06:25.472+0000][info][gc,metaspace   ] GC(903) Metaspace: 100K(320K)->100K(320K) NonClass: 96K(192K)->96K(192K) Class: 4K(128K)->4K(128K)
[2024-08-28T13:06:25.472+0000][info][gc             ] GC(903) Pause Young (Prepare Mixed) (G1 Preventive Collection) 971M->974M(1024M) 17.737ms
[2024-08-28T13:06:25.472+0000][info][gc,cpu         ] GC(903) User=0.40s Sys=0.00s Real=0.02s
[2024-08-28T13:06:25.485+0000][info][gc,start       ] GC(904) Pause Young (Mixed) (G1 Preventive Collection)
[2024-08-28T13:06:25.485+0000][info][gc,task        ] GC(904) Using 24 workers of 68 for evacuation
[2024-08-28T13:06:25.494+0000][info][gc             ] GC(904) To-space exhausted
[2024-08-28T13:06:25.494+0000][info][gc,phases      ] GC(904)   Pre Evacuate Collection Set: 0.2ms
[2024-08-28T13:06:25.494+0000][info][gc,phases      ] GC(904)   Merge Heap Roots: 0.4ms
[2024-08-28T13:06:25.494+0000][info][gc,phases      ] GC(904)   Evacuate Collection Set: 7.3ms
[2024-08-28T13:06:25.494+0000][info][gc,phases      ] GC(904)   Post Evacuate Collection Set: 0.8ms
[2024-08-28T13:06:25.494+0000][info][gc,phases      ] GC(904)   Other: 0.3ms
[2024-08-28T13:06:25.494+0000][info][gc,heap        ] GC(904) Eden regions: 19->0(44)
[2024-08-28T13:06:25.494+0000][info][gc,heap        ] GC(904) Survivor regions: 7->7(7)
[2024-08-28T13:06:25.494+0000][info][gc,heap        ] GC(904) Old regions: 962->908
[2024-08-28T13:06:25.494+0000][info][gc,heap        ] GC(904) Archive regions: 2->2
[2024-08-28T13:06:25.494+0000][info][gc,heap        ] GC(904) Humongous regions: 5->5
[2024-08-28T13:06:25.494+0000][info][gc,metaspace   ] GC(904) Metaspace: 100K(320K)->100K(320K) NonClass: 96K(192K)->96K(192K) Class: 4K(128K)->4K(128K)
[2024-08-28T13:06:25.494+0000][info][gc             ] GC(904) Pause Young (Mixed) (G1 Preventive Collection) 993M->920M(1024M) 9.017ms
[2024-08-28T13:06:25.494+0000][info][gc,cpu         ] GC(904) User=0.18s Sys=0.01s Real=0.01s
[2024-08-28T13:06:25.521+0000][info][gc,start       ] GC(905) Pause Young (Mixed) (G1 Evacuation Pause)
[2024-08-28T13:06:25.521+0000][info][gc,task        ] GC(905) Using 24 workers of 68 for evacuation
[2024-08-28T13:06:25.533+0000][info][gc,phases      ] GC(905)   Pre Evacuate Collection Set: 0.2ms
[2024-08-28T13:06:25.533+0000][info][gc,phases      ] GC(905)   Merge Heap Roots: 0.4ms
[2024-08-28T13:06:25.533+0000][info][gc,phases      ] GC(905)   Evacuate Collection Set: 11.1ms
[2024-08-28T13:06:25.533+0000][info][gc,phases      ] GC(905)   Post Evacuate Collection Set: 0.4ms
[2024-08-28T13:06:25.533+0000][info][gc,phases      ] GC(905)   Other: 0.3ms
[2024-08-28T13:06:25.533+0000][info][gc,heap        ] GC(905) Eden regions: 44->0(44)
[2024-08-28T13:06:25.533+0000][info][gc,heap        ] GC(905) Survivor regions: 7->7(7)
[2024-08-28T13:06:25.533+0000][info][gc,heap        ] GC(905) Old regions: 908->850
[2024-08-28T13:06:25.533+0000][info][gc,heap        ] GC(905) Archive regions: 2->2
[2024-08-28T13:06:25.533+0000][info][gc,heap        ] GC(905) Humongous regions: 5->5
[2024-08-28T13:06:25.533+0000][info][gc,metaspace   ] GC(905) Metaspace: 100K(320K)->100K(320K) NonClass: 96K(192K)->96K(192K) Class: 4K(128K)->4K(128K)
[2024-08-28T13:06:25.533+0000][info][gc             ] GC(905) Pause Young (Mixed) (G1 Evacuation Pause) 964M->862M(1024M) 12.513ms
[2024-08-28T13:06:25.533+0000][info][gc,cpu         ] GC(905) User=0.26s Sys=0.01s Real=0.01s
[2024-08-28T13:06:25.561+0000][info][gc,start       ] GC(906) Pause Young (Mixed) (G1 Evacuation Pause)
[2024-08-28T13:06:25.561+0000][info][gc,task        ] GC(906) Using 24 workers of 68 for evacuation
[2024-08-28T13:06:25.573+0000][info][gc,phases      ] GC(906)   Pre Evacuate Collection Set: 0.2ms
[2024-08-28T13:06:25.573+0000][info][gc,phases      ] GC(906)   Merge Heap Roots: 0.4ms
[2024-08-28T13:06:25.573+0000][info][gc,phases      ] GC(906)   Evacuate Collection Set: 11.3ms
[2024-08-28T13:06:25.573+0000][info][gc,phases      ] GC(906)   Post Evacuate Collection Set: 0.5ms
[2024-08-28T13:06:25.573+0000][info][gc,phases      ] GC(906)   Other: 0.3ms
[2024-08-28T13:06:25.573+0000][info][gc,heap        ] GC(906) Eden regions: 44->0(44)
[2024-08-28T13:06:25.573+0000][info][gc,heap        ] GC(906) Survivor regions: 7->7(7)
[2024-08-28T13:06:25.573+0000][info][gc,heap        ] GC(906) Old regions: 850->796
[2024-08-28T13:06:25.573+0000][info][gc,heap        ] GC(906) Archive regions: 2->2
[2024-08-28T13:06:25.573+0000][info][gc,heap        ] GC(906) Humongous regions: 5->5
[2024-08-28T13:06:25.573+0000][info][gc,metaspace   ] GC(906) Metaspace: 100K(320K)->100K(320K) NonClass: 96K(192K)->96K(192K) Class: 4K(128K)->4K(128K)
[2024-08-28T13:06:25.573+0000][info][gc             ] GC(906) Pause Young (Mixed) (G1 Evacuation Pause) 906M->808M(1024M) 12.837ms
[2024-08-28T13:06:25.574+0000][info][gc,cpu         ] GC(906) User=0.27s Sys=0.00s Real=0.01s
[2024-08-28T13:06:25.601+0000][info][gc,start       ] GC(907) Pause Young (Mixed) (G1 Evacuation Pause)
[2024-08-28T13:06:25.601+0000][info][gc,task        ] GC(907) Using 24 workers of 68 for evacuation
[2024-08-28T13:06:25.614+0000][info][gc,phases      ] GC(907)   Pre Evacuate Collection Set: 0.2ms
[2024-08-28T13:06:25.614+0000][info][gc,phases      ] GC(907)   Merge Heap Roots: 0.3ms
[2024-08-28T13:06:25.614+0000][info][gc,phases      ] GC(907)   Evacuate Collection Set: 12.0ms
[2024-08-28T13:06:25.614+0000][info][gc,phases      ] GC(907)   Post Evacuate Collection Set: 0.4ms
[2024-08-28T13:06:25.614+0000][info][gc,phases      ] GC(907)   Other: 0.3ms
[2024-08-28T13:06:25.614+0000][info][gc,heap        ] GC(907) Eden regions: 44->0(44)
[2024-08-28T13:06:25.614+0000][info][gc,heap        ] GC(907) Survivor regions: 7->7(7)
[2024-08-28T13:06:25.614+0000][info][gc,heap        ] GC(907) Old regions: 796->814
[2024-08-28T13:06:25.614+0000][info][gc,heap        ] GC(907) Archive regions: 2->2
[2024-08-28T13:06:25.614+0000][info][gc,heap        ] GC(907) Humongous regions: 5->5
[2024-08-28T13:06:25.614+0000][info][gc,metaspace   ] GC(907) Metaspace: 100K(320K)->100K(320K) NonClass: 96K(192K)->96K(192K) Class: 4K(128K)->4K(128K)
[2024-08-28T13:06:25.614+0000][info][gc             ] GC(907) Pause Young (Mixed) (G1 Evacuation Pause) 852M->826M(1024M) 13.267ms
[2024-08-28T13:06:25.614+0000][info][gc,cpu         ] GC(907) User=0.28s Sys=0.01s Real=0.01s
[2024-08-28T13:06:25.642+0000][info][gc,start       ] GC(908) Pause Young (Concurrent Start) (G1 Evacuation Pause)
[2024-08-28T13:06:25.642+0000][info][gc,task        ] GC(908) Using 24 workers of 68 for evacuation
[2024-08-28T13:06:25.655+0000][info][gc,phases      ] GC(908)   Pre Evacuate Collection Set: 0.2ms
[2024-08-28T13:06:25.655+0000][info][gc,phases      ] GC(908)   Merge Heap Roots: 0.2ms
[2024-08-28T13:06:25.655+0000][info][gc,phases      ] GC(908)   Evacuate Collection Set: 10.9ms
[2024-08-28T13:06:25.655+0000][info][gc,phases      ] GC(908)   Post Evacuate Collection Set: 0.3ms
[2024-08-28T13:06:25.655+0000][info][gc,phases      ] GC(908)   Other: 1.0ms
[2024-08-28T13:06:25.655+0000][info][gc,heap        ] GC(908) Eden regions: 44->0(44)
[2024-08-28T13:06:25.655+0000][info][gc,heap        ] GC(908) Survivor regions: 7->7(7)
[2024-08-28T13:06:25.655+0000][info][gc,heap        ] GC(908) Old regions: 814->862
[2024-08-28T13:06:25.655+0000][info][gc,heap        ] GC(908) Archive regions: 2->2
[2024-08-28T13:06:25.655+0000][info][gc,heap        ] GC(908) Humongous regions: 5->5
[2024-08-28T13:06:25.655+0000][info][gc,metaspace   ] GC(908) Metaspace: 100K(320K)->100K(320K) NonClass: 96K(192K)->96K(192K) Class: 4K(128K)->4K(128K)
[2024-08-28T13:06:25.655+0000][info][gc             ] GC(908) Pause Young (Concurrent Start) (G1 Evacuation Pause) 870M->874M(1024M) 12.747ms
[2024-08-28T13:06:25.655+0000][info][gc,cpu         ] GC(908) User=0.27s Sys=0.00s Real=0.01s
[2024-08-28T13:06:25.655+0000][info][gc             ] GC(909) Concurrent Mark Cycle
[2024-08-28T13:06:25.655+0000][info][gc,marking     ] GC(909) Concurrent Clear Claimed Marks
[2024-08-28T13:06:25.655+0000][info][gc,marking     ] GC(909) Concurrent Clear Claimed Marks 0.011ms
[2024-08-28T13:06:25.655+0000][info][gc,marking     ] GC(909) Concurrent Scan Root Regions
[2024-08-28T13:06:25.657+0000][info][gc,marking     ] GC(909) Concurrent Scan Root Regions 1.895ms
[2024-08-28T13:06:25.657+0000][info][gc,marking     ] GC(909) Concurrent Mark
[2024-08-28T13:06:25.657+0000][info][gc,marking     ] GC(909) Concurrent Mark From Roots
[2024-08-28T13:06:25.657+0000][info][gc,task        ] GC(909) Using 17 workers of 17 for marking
[2024-08-28T13:06:25.684+0000][info][gc,marking     ] GC(909) Concurrent Mark From Roots 27.438ms
[2024-08-28T13:06:25.685+0000][info][gc,marking     ] GC(909) Concurrent Preclean
[2024-08-28T13:06:25.685+0000][info][gc,marking     ] GC(909) Concurrent Preclean 0.609ms
[2024-08-28T13:06:25.685+0000][info][gc,start       ] GC(909) Pause Remark
[2024-08-28T13:06:25.687+0000][info][gc             ] GC(909) Pause Remark 906M->899M(1024M) 1.619ms
[2024-08-28T13:06:25.687+0000][info][gc,cpu         ] GC(909) User=0.01s Sys=0.00s Real=0.00s
[2024-08-28T13:06:25.687+0000][info][gc,marking     ] GC(909) Concurrent Mark 30.133ms
[2024-08-28T13:06:25.687+0000][info][gc,marking     ] GC(909) Concurrent Rebuild Remembered Sets
[2024-08-28T13:06:25.696+0000][info][gc,start       ] GC(910) Pause Young (Normal) (G1 Evacuation Pause)
[2024-08-28T13:06:25.696+0000][info][gc,task        ] GC(910) Using 24 workers of 68 for evacuation
[2024-08-28T13:06:25.707+0000][info][gc,phases      ] GC(910)   Pre Evacuate Collection Set: 0.2ms
[2024-08-28T13:06:25.708+0000][info][gc,phases      ] GC(910)   Merge Heap Roots: 0.4ms
[2024-08-28T13:06:25.708+0000][info][gc,phases      ] GC(910)   Evacuate Collection Set: 10.6ms
[2024-08-28T13:06:25.708+0000][info][gc,phases      ] GC(910)   Post Evacuate Collection Set: 0.4ms
[2024-08-28T13:06:25.708+0000][info][gc,phases      ] GC(910)   Other: 0.3ms
[2024-08-28T13:06:25.708+0000][info][gc,heap        ] GC(910) Eden regions: 44->0(44)
[2024-08-28T13:06:25.708+0000][info][gc,heap        ] GC(910) Survivor regions: 7->7(7)
[2024-08-28T13:06:25.708+0000][info][gc,heap        ] GC(910) Old regions: 855->901
[2024-08-28T13:06:25.708+0000][info][gc,heap        ] GC(910) Archive regions: 2->2
[2024-08-28T13:06:25.708+0000][info][gc,heap        ] GC(910) Humongous regions: 5->5
[2024-08-28T13:06:25.708+0000][info][gc,metaspace   ] GC(910) Metaspace: 100K(320K)->100K(320K) NonClass: 96K(192K)->96K(192K) Class: 4K(128K)->4K(128K)
[2024-08-28T13:06:25.708+0000][info][gc             ] GC(910) Pause Young (Normal) (G1 Evacuation Pause) 911M->913M(1024M) 12.000ms
[2024-08-28T13:06:25.708+0000][info][gc,cpu         ] GC(910) User=0.27s Sys=0.00s Real=0.01s
[2024-08-28T13:06:25.742+0000][info][gc,start       ] GC(911) Pause Young (Normal) (G1 Evacuation Pause)
[2024-08-28T13:06:25.742+0000][info][gc,task        ] GC(911) Using 24 workers of 68 for evacuation
[2024-08-28T13:06:25.758+0000][info][gc,phases      ] GC(911)   Pre Evacuate Collection Set: 0.2ms
[2024-08-28T13:06:25.758+0000][info][gc,phases      ] GC(911)   Merge Heap Roots: 0.4ms
[2024-08-28T13:06:25.758+0000][info][gc,phases      ] GC(911)   Evacuate Collection Set: 14.7ms
[2024-08-28T13:06:25.758+0000][info][gc,phases      ] GC(911)   Post Evacuate Collection Set: 0.6ms
[2024-08-28T13:06:25.758+0000][info][gc,phases      ] GC(911)   Other: 0.3ms
[2024-08-28T13:06:25.758+0000][info][gc,heap        ] GC(911) Eden regions: 44->0(44)
[2024-08-28T13:06:25.758+0000][info][gc,heap        ] GC(911) Survivor regions: 7->7(7)
[2024-08-28T13:06:25.758+0000][info][gc,heap        ] GC(911) Old regions: 901->946
[2024-08-28T13:06:25.758+0000][info][gc,heap        ] GC(911) Archive regions: 2->2
[2024-08-28T13:06:25.758+0000][info][gc,heap        ] GC(911) Humongous regions: 5->5
[2024-08-28T13:06:25.758+0000][info][gc,metaspace   ] GC(911) Metaspace: 100K(320K)->100K(320K) NonClass: 96K(192K)->96K(192K) Class: 4K(128K)->4K(128K)
[2024-08-28T13:06:25.758+0000][info][gc             ] GC(911) Pause Young (Normal) (G1 Evacuation Pause) 957M->958M(1024M) 16.309ms
[2024-08-28T13:06:25.758+0000][info][gc,cpu         ] GC(911) User=0.35s Sys=0.01s Real=0.02s
[2024-08-28T13:06:25.774+0000][info][gc,marking     ] GC(909) Concurrent Rebuild Remembered Sets 86.770ms
[2024-08-28T13:06:25.774+0000][info][gc,start       ] GC(909) Pause Cleanup
[2024-08-28T13:06:25.777+0000][info][gc             ] GC(909) Pause Cleanup 980M->980M(1024M) 3.148ms
[2024-08-28T13:06:25.777+0000][info][gc,cpu         ] GC(909) User=0.01s Sys=0.00s Real=0.01s
[2024-08-28T13:06:25.778+0000][info][gc,marking     ] GC(909) Concurrent Cleanup for Next Mark
[2024-08-28T13:06:25.778+0000][info][gc,marking     ] GC(909) Concurrent Cleanup for Next Mark 0.801ms
[2024-08-28T13:06:25.778+0000][info][gc             ] GC(909) Concurrent Mark Cycle 123.380ms
[2024-08-28T13:06:25.782+0000][info][gc,start       ] GC(912) Pause Young (Prepare Mixed) (G1 Preventive Collection)
[2024-08-28T13:06:25.782+0000][info][gc,task        ] GC(912) Using 24 workers of 68 for evacuation
[2024-08-28T13:06:25.797+0000][info][gc,phases      ] GC(912)   Pre Evacuate Collection Set: 0.2ms
[2024-08-28T13:06:25.797+0000][info][gc,phases      ] GC(912)   Merge Heap Roots: 0.6ms
[2024-08-28T13:06:25.797+0000][info][gc,phases      ] GC(912)   Evacuate Collection Set: 13.9ms
[2024-08-28T13:06:25.797+0000][info][gc,phases      ] GC(912)   Post Evacuate Collection Set: 0.4ms
[2024-08-28T13:06:25.797+0000][info][gc,phases      ] GC(912)   Other: 0.3ms
[2024-08-28T13:06:25.797+0000][info][gc,heap        ] GC(912) Eden regions: 27->0(44)
[2024-08-28T13:06:25.797+0000][info][gc,heap        ] GC(912) Survivor regions: 7->7(7)
[2024-08-28T13:06:25.797+0000][info][gc,heap        ] GC(912) Old regions: 946->976
[2024-08-28T13:06:25.797+0000][info][gc,heap        ] GC(912) Archive regions: 2->2
[2024-08-28T13:06:25.797+0000][info][gc,heap        ] GC(912) Humongous regions: 5->5
[2024-08-28T13:06:25.797+0000][info][gc,metaspace   ] GC(912) Metaspace: 100K(320K)->100K(320K) NonClass: 96K(192K)->96K(192K) Class: 4K(128K)->4K(128K)
[2024-08-28T13:06:25.797+0000][info][gc             ] GC(912) Pause Young (Prepare Mixed) (G1 Preventive Collection) 985M->988M(1024M) 15.462ms
[2024-08-28T13:06:25.797+0000][info][gc,cpu         ] GC(912) User=0.34s Sys=0.00s Real=0.01s
[2024-08-28T13:06:25.805+0000][info][gc,start       ] GC(913) Pause Young (Mixed) (G1 Preventive Collection)
[2024-08-28T13:06:25.806+0000][info][gc,task        ] GC(913) Using 24 workers of 68 for evacuation
[2024-08-28T13:06:25.812+0000][info][gc,phases      ] GC(913)   Pre Evacuate Collection Set: 0.2ms
[2024-08-28T13:06:25.812+0000][info][gc,phases      ] GC(913)   Merge Heap Roots: 0.3ms
[2024-08-28T13:06:25.812+0000][info][gc,phases      ] GC(913)   Evacuate Collection Set: 5.2ms
[2024-08-28T13:06:25.812+0000][info][gc,phases      ] GC(913)   Post Evacuate Collection Set: 0.4ms
[2024-08-28T13:06:25.812+0000][info][gc,phases      ] GC(913)   Other: 0.3ms
[2024-08-28T13:06:25.812+0000][info][gc,heap        ] GC(913) Eden regions: 12->0(44)
[2024-08-28T13:06:25.812+0000][info][gc,heap        ] GC(913) Survivor regions: 7->7(7)
[2024-08-28T13:06:25.812+0000][info][gc,heap        ] GC(913) Old regions: 976->888
[2024-08-28T13:06:25.812+0000][info][gc,heap        ] GC(913) Archive regions: 2->2
[2024-08-28T13:06:25.812+0000][info][gc,heap        ] GC(913) Humongous regions: 5->5
[2024-08-28T13:06:25.812+0000][info][gc,metaspace   ] GC(913) Metaspace: 100K(320K)->100K(320K) NonClass: 96K(192K)->96K(192K) Class: 4K(128K)->4K(128K)
[2024-08-28T13:06:25.812+0000][info][gc             ] GC(913) Pause Young (Mixed) (G1 Preventive Collection) 1000M->900M(1024M) 6.518ms
[2024-08-28T13:06:25.812+0000][info][gc,cpu         ] GC(913) User=0.13s Sys=0.00s Real=0.01s
[2024-08-28T13:06:25.839+0000][info][gc,start       ] GC(914) Pause Young (Mixed) (G1 Evacuation Pause)
[2024-08-28T13:06:25.839+0000][info][gc,task        ] GC(914) Using 24 workers of 68 for evacuation
[2024-08-28T13:06:25.851+0000][info][gc,phases      ] GC(914)   Pre Evacuate Collection Set: 0.2ms
[2024-08-28T13:06:25.851+0000][info][gc,phases      ] GC(914)   Merge Heap Roots: 0.5ms
[2024-08-28T13:06:25.851+0000][info][gc,phases      ] GC(914)   Evacuate Collection Set: 10.6ms
[2024-08-28T13:06:25.851+0000][info][gc,phases      ] GC(914)   Post Evacuate Collection Set: 0.5ms
[2024-08-28T13:06:25.851+0000][info][gc,phases      ] GC(914)   Other: 0.3ms
[2024-08-28T13:06:25.851+0000][info][gc,heap        ] GC(914) Eden regions: 44->0(44)
[2024-08-28T13:06:25.851+0000][info][gc,heap        ] GC(914) Survivor regions: 7->7(7)
[2024-08-28T13:06:25.851+0000][info][gc,heap        ] GC(914) Old regions: 888->829
[2024-08-28T13:06:25.851+0000][info][gc,heap        ] GC(914) Archive regions: 2->2
[2024-08-28T13:06:25.851+0000][info][gc,heap        ] GC(914) Humongous regions: 5->5
[2024-08-28T13:06:25.851+0000][info][gc,metaspace   ] GC(914) Metaspace: 100K(320K)->100K(320K) NonClass: 96K(192K)->96K(192K) Class: 4K(128K)->4K(128K)
[2024-08-28T13:06:25.851+0000][info][gc             ] GC(914) Pause Young (Mixed) (G1 Evacuation Pause) 944M->841M(1024M) 12.215ms
[2024-08-28T13:06:25.851+0000][info][gc,cpu         ] GC(914) User=0.26s Sys=0.00s Real=0.01s
[2024-08-28T13:06:25.877+0000][info][gc,start       ] GC(915) Pause Young (Mixed) (G1 Evacuation Pause)
[2024-08-28T13:06:25.877+0000][info][gc,task        ] GC(915) Using 24 workers of 68 for evacuation
[2024-08-28T13:06:25.889+0000][info][gc,phases      ] GC(915)   Pre Evacuate Collection Set: 0.3ms
[2024-08-28T13:06:25.889+0000][info][gc,phases      ] GC(915)   Merge Heap Roots: 0.4ms
[2024-08-28T13:06:25.890+0000][info][gc,phases      ] GC(915)   Evacuate Collection Set: 10.7ms
[2024-08-28T13:06:25.890+0000][info][gc,phases      ] GC(915)   Post Evacuate Collection Set: 0.5ms
[2024-08-28T13:06:25.890+0000][info][gc,phases      ] GC(915)   Other: 0.4ms
[2024-08-28T13:06:25.890+0000][info][gc,heap        ] GC(915) Eden regions: 44->0(44)
[2024-08-28T13:06:25.890+0000][info][gc,heap        ] GC(915) Survivor regions: 7->7(7)
[2024-08-28T13:06:25.890+0000][info][gc,heap        ] GC(915) Old regions: 829->772
[2024-08-28T13:06:25.890+0000][info][gc,heap        ] GC(915) Archive regions: 2->2
[2024-08-28T13:06:25.890+0000][info][gc,heap        ] GC(915) Humongous regions: 5->5
[2024-08-28T13:06:25.890+0000][info][gc,metaspace   ] GC(915) Metaspace: 100K(320K)->100K(320K) NonClass: 96K(192K)->96K(192K) Class: 4K(128K)->4K(128K)
[2024-08-28T13:06:25.890+0000][info][gc             ] GC(915) Pause Young (Mixed) (G1 Evacuation Pause) 885M->784M(1024M) 12.488ms
[2024-08-28T13:06:25.890+0000][info][gc,cpu         ] GC(915) User=0.26s Sys=0.01s Real=0.02s
[2024-08-28T13:06:25.916+0000][info][gc,start       ] GC(916) Pause Young (Mixed) (G1 Evacuation Pause)
[2024-08-28T13:06:25.916+0000][info][gc,task        ] GC(916) Using 24 workers of 68 for evacuation
[2024-08-28T13:06:25.929+0000][info][gc,phases      ] GC(916)   Pre Evacuate Collection Set: 0.2ms
[2024-08-28T13:06:25.929+0000][info][gc,phases      ] GC(916)   Merge Heap Roots: 0.4ms
[2024-08-28T13:06:25.929+0000][info][gc,phases      ] GC(916)   Evacuate Collection Set: 11.7ms
[2024-08-28T13:06:25.929+0000][info][gc,phases      ] GC(916)   Post Evacuate Collection Set: 0.4ms
[2024-08-28T13:06:25.929+0000][info][gc,phases      ] GC(916)   Other: 0.3ms
[2024-08-28T13:06:25.929+0000][info][gc,heap        ] GC(916) Eden regions: 44->0(44)
[2024-08-28T13:06:25.929+0000][info][gc,heap        ] GC(916) Survivor regions: 7->7(7)
[2024-08-28T13:06:25.929+0000][info][gc,heap        ] GC(916) Old regions: 772->766
[2024-08-28T13:06:25.929+0000][info][gc,heap        ] GC(916) Archive regions: 2->2
[2024-08-28T13:06:25.929+0000][info][gc,heap        ] GC(916) Humongous regions: 5->5
[2024-08-28T13:06:25.929+0000][info][gc,metaspace   ] GC(916) Metaspace: 100K(320K)->100K(320K) NonClass: 96K(192K)->96K(192K) Class: 4K(128K)->4K(128K)
[2024-08-28T13:06:25.929+0000][info][gc             ] GC(916) Pause Young (Mixed) (G1 Evacuation Pause) 828M->778M(1024M) 13.176ms
[2024-08-28T13:06:25.929+0000][info][gc,cpu         ] GC(916) User=0.28s Sys=0.00s Real=0.01s
[2024-08-28T13:06:25.956+0000][info][gc,start       ] GC(917) Pause Young (Concurrent Start) (G1 Evacuation Pause)
[2024-08-28T13:06:25.957+0000][info][gc,task        ] GC(917) Using 24 workers of 68 for evacuation
[2024-08-28T13:06:25.969+0000][info][gc,phases      ] GC(917)   Pre Evacuate Collection Set: 0.2ms
[2024-08-28T13:06:25.969+0000][info][gc,phases      ] GC(917)   Merge Heap Roots: 0.4ms
[2024-08-28T13:06:25.969+0000][info][gc,phases      ] GC(917)   Evacuate Collection Set: 10.9ms
[2024-08-28T13:06:25.969+0000][info][gc,phases      ] GC(917)   Post Evacuate Collection Set: 0.4ms
[2024-08-28T13:06:25.969+0000][info][gc,phases      ] GC(917)   Other: 1.0ms
[2024-08-28T13:06:25.969+0000][info][gc,heap        ] GC(917) Eden regions: 44->0(44)
[2024-08-28T13:06:25.969+0000][info][gc,heap        ] GC(917) Survivor regions: 7->7(7)
[2024-08-28T13:06:25.969+0000][info][gc,heap        ] GC(917) Old regions: 766->814
[2024-08-28T13:06:25.969+0000][info][gc,heap        ] GC(917) Archive regions: 2->2
[2024-08-28T13:06:25.969+0000][info][gc,heap        ] GC(917) Humongous regions: 5->5
[2024-08-28T13:06:25.969+0000][info][gc,metaspace   ] GC(917) Metaspace: 100K(320K)->100K(320K) NonClass: 96K(192K)->96K(192K) Class: 4K(128K)->4K(128K)
[2024-08-28T13:06:25.969+0000][info][gc             ] GC(917) Pause Young (Concurrent Start) (G1 Evacuation Pause) 822M->826M(1024M) 12.912ms
[2024-08-28T13:06:25.969+0000][info][gc,cpu         ] GC(917) User=0.27s Sys=0.00s Real=0.01s
[2024-08-28T13:06:25.970+0000][info][gc             ] GC(918) Concurrent Mark Cycle
[2024-08-28T13:06:25.970+0000][info][gc,marking     ] GC(918) Concurrent Clear Claimed Marks
[2024-08-28T13:06:25.970+0000][info][gc,marking     ] GC(918) Concurrent Clear Claimed Marks 0.013ms
[2024-08-28T13:06:25.970+0000][info][gc,marking     ] GC(918) Concurrent Scan Root Regions
[2024-08-28T13:06:25.971+0000][info][gc,marking     ] GC(918) Concurrent Scan Root Regions 1.899ms
[2024-08-28T13:06:25.972+0000][info][gc,marking     ] GC(918) Concurrent Mark
[2024-08-28T13:06:25.972+0000][info][gc,marking     ] GC(918) Concurrent Mark From Roots
[2024-08-28T13:06:25.972+0000][info][gc,task        ] GC(918) Using 17 workers of 17 for marking
[2024-08-28T13:06:25.999+0000][info][gc,marking     ] GC(918) Concurrent Mark From Roots 27.072ms
[2024-08-28T13:06:25.999+0000][info][gc,marking     ] GC(918) Concurrent Preclean
[2024-08-28T13:06:25.999+0000][info][gc,marking     ] GC(918) Concurrent Preclean 0.504ms
[2024-08-28T13:06:25.999+0000][info][gc,start       ] GC(918) Pause Remark
[2024-08-28T13:06:26.001+0000][info][gc             ] GC(918) Pause Remark 858M->858M(1024M) 1.318ms
[2024-08-28T13:06:26.001+0000][info][gc,cpu         ] GC(918) User=0.00s Sys=0.00s Real=0.00s
[2024-08-28T13:06:26.001+0000][info][gc,marking     ] GC(918) Concurrent Mark 29.259ms
[2024-08-28T13:06:26.001+0000][info][gc,marking     ] GC(918) Concurrent Rebuild Remembered Sets
[2024-08-28T13:06:26.010+0000][info][gc,start       ] GC(919) Pause Young (Normal) (G1 Evacuation Pause)
[2024-08-28T13:06:26.010+0000][info][gc,task        ] GC(919) Using 24 workers of 68 for evacuation
[2024-08-28T13:06:26.021+0000][info][gc,phases      ] GC(919)   Pre Evacuate Collection Set: 0.1ms
[2024-08-28T13:06:26.021+0000][info][gc,phases      ] GC(919)   Merge Heap Roots: 0.2ms
[2024-08-28T13:06:26.021+0000][info][gc,phases      ] GC(919)   Evacuate Collection Set: 10.4ms
[2024-08-28T13:06:26.021+0000][info][gc,phases      ] GC(919)   Post Evacuate Collection Set: 0.4ms
[2024-08-28T13:06:26.021+0000][info][gc,phases      ] GC(919)   Other: 0.2ms
[2024-08-28T13:06:26.021+0000][info][gc,heap        ] GC(919) Eden regions: 44->0(44)
[2024-08-28T13:06:26.021+0000][info][gc,heap        ] GC(919) Survivor regions: 7->7(7)
[2024-08-28T13:06:26.021+0000][info][gc,heap        ] GC(919) Old regions: 814->860
[2024-08-28T13:06:26.021+0000][info][gc,heap        ] GC(919) Archive regions: 2->2
[2024-08-28T13:06:26.021+0000][info][gc,heap        ] GC(919) Humongous regions: 5->5
[2024-08-28T13:06:26.021+0000][info][gc,metaspace   ] GC(919) Metaspace: 100K(320K)->100K(320K) NonClass: 96K(192K)->96K(192K) Class: 4K(128K)->4K(128K)
[2024-08-28T13:06:26.021+0000][info][gc             ] GC(919) Pause Young (Normal) (G1 Evacuation Pause) 870M->872M(1024M) 11.511ms
[2024-08-28T13:06:26.021+0000][info][gc,cpu         ] GC(919) User=0.26s Sys=0.01s Real=0.01s
[2024-08-28T13:06:26.054+0000][info][gc,start       ] GC(920) Pause Young (Normal) (G1 Evacuation Pause)
[2024-08-28T13:06:26.054+0000][info][gc,task        ] GC(920) Using 24 workers of 68 for evacuation
[2024-08-28T13:06:26.070+0000][info][gc,phases      ] GC(920)   Pre Evacuate Collection Set: 0.2ms
[2024-08-28T13:06:26.070+0000][info][gc,phases      ] GC(920)   Merge Heap Roots: 0.5ms
[2024-08-28T13:06:26.070+0000][info][gc,phases      ] GC(920)   Evacuate Collection Set: 14.7ms
[2024-08-28T13:06:26.070+0000][info][gc,phases      ] GC(920)   Post Evacuate Collection Set: 0.6ms
[2024-08-28T13:06:26.070+0000][info][gc,phases      ] GC(920)   Other: 0.2ms
[2024-08-28T13:06:26.070+0000][info][gc,heap        ] GC(920) Eden regions: 44->0(44)
[2024-08-28T13:06:26.070+0000][info][gc,heap        ] GC(920) Survivor regions: 7->7(7)
[2024-08-28T13:06:26.070+0000][info][gc,heap        ] GC(920) Old regions: 860->906
[2024-08-28T13:06:26.070+0000][info][gc,heap        ] GC(920) Archive regions: 2->2
[2024-08-28T13:06:26.070+0000][info][gc,heap        ] GC(920) Humongous regions: 5->5
[2024-08-28T13:06:26.070+0000][info][gc,metaspace   ] GC(920) Metaspace: 100K(320K)->100K(320K) NonClass: 96K(192K)->96K(192K) Class: 4K(128K)->4K(128K)
[2024-08-28T13:06:26.070+0000][info][gc             ] GC(920) Pause Young (Normal) (G1 Evacuation Pause) 916M->918M(1024M) 16.176ms
[2024-08-28T13:06:26.070+0000][info][gc,cpu         ] GC(920) User=0.36s Sys=0.01s Real=0.02s
[2024-08-28T13:06:26.087+0000][info][gc,marking     ] GC(918) Concurrent Rebuild Remembered Sets 86.146ms
[2024-08-28T13:06:26.087+0000][info][gc,start       ] GC(918) Pause Cleanup
[2024-08-28T13:06:26.089+0000][info][gc             ] GC(918) Pause Cleanup 941M->941M(1024M) 1.604ms
[2024-08-28T13:06:26.089+0000][info][gc,cpu         ] GC(918) User=0.01s Sys=0.00s Real=0.00s
[2024-08-28T13:06:26.089+0000][info][gc,marking     ] GC(918) Concurrent Cleanup for Next Mark
[2024-08-28T13:06:26.090+0000][info][gc,marking     ] GC(918) Concurrent Cleanup for Next Mark 0.912ms
[2024-08-28T13:06:26.090+0000][info][gc             ] GC(918) Concurrent Mark Cycle 120.378ms
[2024-08-28T13:06:26.104+0000][info][gc,start       ] GC(921) Pause Young (Prepare Mixed) (G1 Evacuation Pause)
[2024-08-28T13:06:26.104+0000][info][gc,task        ] GC(921) Using 24 workers of 68 for evacuation
[2024-08-28T13:06:26.122+0000][info][gc,phases      ] GC(921)   Pre Evacuate Collection Set: 0.2ms
[2024-08-28T13:06:26.122+0000][info][gc,phases      ] GC(921)   Merge Heap Roots: 0.6ms
[2024-08-28T13:06:26.122+0000][info][gc,phases      ] GC(921)   Evacuate Collection Set: 16.6ms
[2024-08-28T13:06:26.122+0000][info][gc,phases      ] GC(921)   Post Evacuate Collection Set: 0.3ms
[2024-08-28T13:06:26.122+0000][info][gc,phases      ] GC(921)   Other: 0.2ms
[2024-08-28T13:06:26.122+0000][info][gc,heap        ] GC(921) Eden regions: 44->0(44)
[2024-08-28T13:06:26.122+0000][info][gc,heap        ] GC(921) Survivor regions: 7->7(7)
[2024-08-28T13:06:26.122+0000][info][gc,heap        ] GC(921) Old regions: 906->954
[2024-08-28T13:06:26.122+0000][info][gc,heap        ] GC(921) Archive regions: 2->2
[2024-08-28T13:06:26.122+0000][info][gc,heap        ] GC(921) Humongous regions: 5->5
[2024-08-28T13:06:26.122+0000][info][gc,metaspace   ] GC(921) Metaspace: 100K(320K)->100K(320K) NonClass: 96K(192K)->96K(192K) Class: 4K(128K)->4K(128K)
[2024-08-28T13:06:26.122+0000][info][gc             ] GC(921) Pause Young (Prepare Mixed) (G1 Evacuation Pause) 962M->966M(1024M) 17.924ms
[2024-08-28T13:06:26.122+0000][info][gc,cpu         ] GC(921) User=0.41s Sys=0.00s Real=0.02s
[2024-08-28T13:06:26.136+0000][info][gc,start       ] GC(922) Pause Young (Mixed) (G1 Preventive Collection)
[2024-08-28T13:06:26.136+0000][info][gc,task        ] GC(922) Using 24 workers of 68 for evacuation
[2024-08-28T13:06:26.145+0000][info][gc,phases      ] GC(922)   Pre Evacuate Collection Set: 0.2ms
[2024-08-28T13:06:26.145+0000][info][gc,phases      ] GC(922)   Merge Heap Roots: 0.2ms
[2024-08-28T13:06:26.145+0000][info][gc,phases      ] GC(922)   Evacuate Collection Set: 7.6ms
[2024-08-28T13:06:26.145+0000][info][gc,phases      ] GC(922)   Post Evacuate Collection Set: 0.4ms
[2024-08-28T13:06:26.145+0000][info][gc,phases      ] GC(922)   Other: 0.2ms
[2024-08-28T13:06:26.145+0000][info][gc,heap        ] GC(922) Eden regions: 22->0(44)
[2024-08-28T13:06:26.145+0000][info][gc,heap        ] GC(922) Survivor regions: 7->7(7)
[2024-08-28T13:06:26.145+0000][info][gc,heap        ] GC(922) Old regions: 954->876
[2024-08-28T13:06:26.145+0000][info][gc,heap        ] GC(922) Archive regions: 2->2
[2024-08-28T13:06:26.145+0000][info][gc,heap        ] GC(922) Humongous regions: 5->5
[2024-08-28T13:06:26.145+0000][info][gc,metaspace   ] GC(922) Metaspace: 100K(320K)->100K(320K) NonClass: 96K(192K)->96K(192K) Class: 4K(128K)->4K(128K)
[2024-08-28T13:06:26.145+0000][info][gc             ] GC(922) Pause Young (Mixed) (G1 Preventive Collection) 988M->888M(1024M) 8.767ms
[2024-08-28T13:06:26.145+0000][info][gc,cpu         ] GC(922) User=0.19s Sys=0.00s Real=0.01s
[2024-08-28T13:06:26.171+0000][info][gc,start       ] GC(923) Pause Young (Mixed) (G1 Evacuation Pause)
[2024-08-28T13:06:26.171+0000][info][gc,task        ] GC(923) Using 24 workers of 68 for evacuation
[2024-08-28T13:06:26.183+0000][info][gc,phases      ] GC(923)   Pre Evacuate Collection Set: 0.2ms
[2024-08-28T13:06:26.183+0000][info][gc,phases      ] GC(923)   Merge Heap Roots: 0.4ms
[2024-08-28T13:06:26.184+0000][info][gc,phases      ] GC(923)   Evacuate Collection Set: 11.0ms
[2024-08-28T13:06:26.184+0000][info][gc,phases      ] GC(923)   Post Evacuate Collection Set: 0.4ms
[2024-08-28T13:06:26.184+0000][info][gc,phases      ] GC(923)   Other: 0.2ms
[2024-08-28T13:06:26.184+0000][info][gc,heap        ] GC(923) Eden regions: 44->0(44)
[2024-08-28T13:06:26.184+0000][info][gc,heap        ] GC(923) Survivor regions: 7->7(7)
[2024-08-28T13:06:26.184+0000][info][gc,heap        ] GC(923) Old regions: 876->818
[2024-08-28T13:06:26.184+0000][info][gc,heap        ] GC(923) Archive regions: 2->2
[2024-08-28T13:06:26.184+0000][info][gc,heap        ] GC(923) Humongous regions: 5->5
[2024-08-28T13:06:26.184+0000][info][gc,metaspace   ] GC(923) Metaspace: 100K(320K)->100K(320K) NonClass: 96K(192K)->96K(192K) Class: 4K(128K)->4K(128K)
[2024-08-28T13:06:26.184+0000][info][gc             ] GC(923) Pause Young (Mixed) (G1 Evacuation Pause) 932M->830M(1024M) 12.359ms
[2024-08-28T13:06:26.184+0000][info][gc,cpu         ] GC(923) User=0.28s Sys=0.00s Real=0.01s
[2024-08-28T13:06:26.210+0000][info][gc,start       ] GC(924) Pause Young (Mixed) (G1 Evacuation Pause)
[2024-08-28T13:06:26.210+0000][info][gc,task        ] GC(924) Using 24 workers of 68 for evacuation
[2024-08-28T13:06:26.222+0000][info][gc,phases      ] GC(924)   Pre Evacuate Collection Set: 0.2ms
[2024-08-28T13:06:26.222+0000][info][gc,phases      ] GC(924)   Merge Heap Roots: 0.3ms
[2024-08-28T13:06:26.222+0000][info][gc,phases      ] GC(924)   Evacuate Collection Set: 11.0ms
[2024-08-28T13:06:26.222+0000][info][gc,phases      ] GC(924)   Post Evacuate Collection Set: 0.4ms
[2024-08-28T13:06:26.222+0000][info][gc,phases      ] GC(924)   Other: 0.2ms
[2024-08-28T13:06:26.222+0000][info][gc,heap        ] GC(924) Eden regions: 44->0(44)
[2024-08-28T13:06:26.222+0000][info][gc,heap        ] GC(924) Survivor regions: 7->7(7)
[2024-08-28T13:06:26.222+0000][info][gc,heap        ] GC(924) Old regions: 818->764
[2024-08-28T13:06:26.222+0000][info][gc,heap        ] GC(924) Archive regions: 2->2
[2024-08-28T13:06:26.222+0000][info][gc,heap        ] GC(924) Humongous regions: 5->5
[2024-08-28T13:06:26.222+0000][info][gc,metaspace   ] GC(924) Metaspace: 100K(320K)->100K(320K) NonClass: 96K(192K)->96K(192K) Class: 4K(128K)->4K(128K)
[2024-08-28T13:06:26.222+0000][info][gc             ] GC(924) Pause Young (Mixed) (G1 Evacuation Pause) 874M->776M(1024M) 12.259ms
[2024-08-28T13:06:26.222+0000][info][gc,cpu         ] GC(924) User=0.26s Sys=0.01s Real=0.01s
[2024-08-28T13:06:26.248+0000][info][gc,start       ] GC(925) Pause Young (Mixed) (G1 Evacuation Pause)
[2024-08-28T13:06:26.248+0000][info][gc,task        ] GC(925) Using 24 workers of 68 for evacuation
[2024-08-28T13:06:26.260+0000][info][gc,phases      ] GC(925)   Pre Evacuate Collection Set: 0.2ms
[2024-08-28T13:06:26.260+0000][info][gc,phases      ] GC(925)   Merge Heap Roots: 0.3ms
[2024-08-28T13:06:26.260+0000][info][gc,phases      ] GC(925)   Evacuate Collection Set: 11.2ms
[2024-08-28T13:06:26.260+0000][info][gc,phases      ] GC(925)   Post Evacuate Collection Set: 0.3ms
[2024-08-28T13:06:26.260+0000][info][gc,phases      ] GC(925)   Other: 0.2ms
[2024-08-28T13:06:26.260+0000][info][gc,heap        ] GC(925) Eden regions: 44->0(44)
[2024-08-28T13:06:26.260+0000][info][gc,heap        ] GC(925) Survivor regions: 7->7(7)
[2024-08-28T13:06:26.260+0000][info][gc,heap        ] GC(925) Old regions: 764->795
[2024-08-28T13:06:26.260+0000][info][gc,heap        ] GC(925) Archive regions: 2->2
[2024-08-28T13:06:26.260+0000][info][gc,heap        ] GC(925) Humongous regions: 5->5
[2024-08-28T13:06:26.260+0000][info][gc,metaspace   ] GC(925) Metaspace: 100K(320K)->100K(320K) NonClass: 96K(192K)->96K(192K) Class: 4K(128K)->4K(128K)
[2024-08-28T13:06:26.260+0000][info][gc             ] GC(925) Pause Young (Mixed) (G1 Evacuation Pause) 820M->807M(1024M) 12.355ms
[2024-08-28T13:06:26.260+0000][info][gc,cpu         ] GC(925) User=0.27s Sys=0.00s Real=0.02s
[2024-08-28T13:06:26.286+0000][info][gc,start       ] GC(926) Pause Young (Concurrent Start) (G1 Evacuation Pause)
[2024-08-28T13:06:26.286+0000][info][gc,task        ] GC(926) Using 24 workers of 68 for evacuation
[2024-08-28T13:06:26.298+0000][info][gc,phases      ] GC(926)   Pre Evacuate Collection Set: 0.2ms
[2024-08-28T13:06:26.298+0000][info][gc,phases      ] GC(926)   Merge Heap Roots: 0.4ms
[2024-08-28T13:06:26.298+0000][info][gc,phases      ] GC(926)   Evacuate Collection Set: 10.3ms
[2024-08-28T13:06:26.298+0000][info][gc,phases      ] GC(926)   Post Evacuate Collection Set: 0.4ms
[2024-08-28T13:06:26.298+0000][info][gc,phases      ] GC(926)   Other: 0.6ms
[2024-08-28T13:06:26.298+0000][info][gc,heap        ] GC(926) Eden regions: 44->0(44)
[2024-08-28T13:06:26.298+0000][info][gc,heap        ] GC(926) Survivor regions: 7->7(7)
[2024-08-28T13:06:26.298+0000][info][gc,heap        ] GC(926) Old regions: 795->842
[2024-08-28T13:06:26.298+0000][info][gc,heap        ] GC(926) Archive regions: 2->2
[2024-08-28T13:06:26.298+0000][info][gc,heap        ] GC(926) Humongous regions: 5->5
[2024-08-28T13:06:26.298+0000][info][gc,metaspace   ] GC(926) Metaspace: 100K(320K)->100K(320K) NonClass: 96K(192K)->96K(192K) Class: 4K(128K)->4K(128K)
[2024-08-28T13:06:26.298+0000][info][gc             ] GC(926) Pause Young (Concurrent Start) (G1 Evacuation Pause) 851M->854M(1024M) 11.831ms
[2024-08-28T13:06:26.298+0000][info][gc,cpu         ] GC(926) User=0.24s Sys=0.01s Real=0.02s
[2024-08-28T13:06:26.298+0000][info][gc             ] GC(927) Concurrent Mark Cycle
[2024-08-28T13:06:26.298+0000][info][gc,marking     ] GC(927) Concurrent Clear Claimed Marks
[2024-08-28T13:06:26.298+0000][info][gc,marking     ] GC(927) Concurrent Clear Claimed Marks 0.012ms
[2024-08-28T13:06:26.298+0000][info][gc,marking     ] GC(927) Concurrent Scan Root Regions
[2024-08-28T13:06:26.300+0000][info][gc,marking     ] GC(927) Concurrent Scan Root Regions 1.837ms
[2024-08-28T13:06:26.300+0000][info][gc,marking     ] GC(927) Concurrent Mark
[2024-08-28T13:06:26.300+0000][info][gc,marking     ] GC(927) Concurrent Mark From Roots
[2024-08-28T13:06:26.300+0000][info][gc,task        ] GC(927) Using 17 workers of 17 for marking
[2024-08-28T13:06:26.326+0000][info][gc,marking     ] GC(927) Concurrent Mark From Roots 26.268ms
[2024-08-28T13:06:26.326+0000][info][gc,marking     ] GC(927) Concurrent Preclean
[2024-08-28T13:06:26.327+0000][info][gc,marking     ] GC(927) Concurrent Preclean 0.697ms
[2024-08-28T13:06:26.327+0000][info][gc,start       ] GC(927) Pause Remark
[2024-08-28T13:06:26.328+0000][info][gc             ] GC(927) Pause Remark 888M->888M(1024M) 1.245ms
[2024-08-28T13:06:26.328+0000][info][gc,cpu         ] GC(927) User=0.01s Sys=0.00s Real=0.00s
[2024-08-28T13:06:26.328+0000][info][gc,marking     ] GC(927) Concurrent Mark 28.578ms
[2024-08-28T13:06:26.328+0000][info][gc,marking     ] GC(927) Concurrent Rebuild Remembered Sets
[2024-08-28T13:06:26.336+0000][info][gc,start       ] GC(928) Pause Young (Normal) (G1 Evacuation Pause)
[2024-08-28T13:06:26.336+0000][info][gc,task        ] GC(928) Using 24 workers of 68 for evacuation
[2024-08-28T13:06:26.347+0000][info][gc,phases      ] GC(928)   Pre Evacuate Collection Set: 0.1ms
[2024-08-28T13:06:26.347+0000][info][gc,phases      ] GC(928)   Merge Heap Roots: 0.4ms
[2024-08-28T13:06:26.347+0000][info][gc,phases      ] GC(928)   Evacuate Collection Set: 10.1ms
[2024-08-28T13:06:26.347+0000][info][gc,phases      ] GC(928)   Post Evacuate Collection Set: 0.4ms
[2024-08-28T13:06:26.347+0000][info][gc,phases      ] GC(928)   Other: 0.2ms
[2024-08-28T13:06:26.347+0000][info][gc,heap        ] GC(928) Eden regions: 44->0(44)
[2024-08-28T13:06:26.347+0000][info][gc,heap        ] GC(928) Survivor regions: 7->7(7)
[2024-08-28T13:06:26.347+0000][info][gc,heap        ] GC(928) Old regions: 842->889
[2024-08-28T13:06:26.347+0000][info][gc,heap        ] GC(928) Archive regions: 2->2
[2024-08-28T13:06:26.347+0000][info][gc,heap        ] GC(928) Humongous regions: 5->5
[2024-08-28T13:06:26.347+0000][info][gc,metaspace   ] GC(928) Metaspace: 100K(320K)->100K(320K) NonClass: 96K(192K)->96K(192K) Class: 4K(128K)->4K(128K)
[2024-08-28T13:06:26.347+0000][info][gc             ] GC(928) Pause Young (Normal) (G1 Evacuation Pause) 898M->901M(1024M) 11.248ms
[2024-08-28T13:06:26.347+0000][info][gc,cpu         ] GC(928) User=0.25s Sys=0.00s Real=0.01s
[2024-08-28T13:06:26.378+0000][info][gc,start       ] GC(929) Pause Young (Normal) (G1 Evacuation Pause)
[2024-08-28T13:06:26.378+0000][info][gc,task        ] GC(929) Using 24 workers of 68 for evacuation
[2024-08-28T13:06:26.394+0000][info][gc,phases      ] GC(929)   Pre Evacuate Collection Set: 0.2ms
[2024-08-28T13:06:26.394+0000][info][gc,phases      ] GC(929)   Merge Heap Roots: 0.5ms
[2024-08-28T13:06:26.394+0000][info][gc,phases      ] GC(929)   Evacuate Collection Set: 14.3ms
[2024-08-28T13:06:26.394+0000][info][gc,phases      ] GC(929)   Post Evacuate Collection Set: 0.6ms
[2024-08-28T13:06:26.394+0000][info][gc,phases      ] GC(929)   Other: 0.2ms
[2024-08-28T13:06:26.394+0000][info][gc,heap        ] GC(929) Eden regions: 44->0(44)
[2024-08-28T13:06:26.394+0000][info][gc,heap        ] GC(929) Survivor regions: 7->7(7)
[2024-08-28T13:06:26.394+0000][info][gc,heap        ] GC(929) Old regions: 889->936
[2024-08-28T13:06:26.394+0000][info][gc,heap        ] GC(929) Archive regions: 2->2
[2024-08-28T13:06:26.394+0000][info][gc,heap        ] GC(929) Humongous regions: 5->5
[2024-08-28T13:06:26.394+0000][info][gc,metaspace   ] GC(929) Metaspace: 100K(320K)->100K(320K) NonClass: 96K(192K)->96K(192K) Class: 4K(128K)->4K(128K)
[2024-08-28T13:06:26.394+0000][info][gc             ] GC(929) Pause Young (Normal) (G1 Evacuation Pause) 945M->948M(1024M) 15.776ms
[2024-08-28T13:06:26.394+0000][info][gc,cpu         ] GC(929) User=0.36s Sys=0.00s Real=0.01s
[2024-08-28T13:06:26.411+0000][info][gc,marking     ] GC(927) Concurrent Rebuild Remembered Sets 82.356ms
[2024-08-28T13:06:26.411+0000][info][gc,start       ] GC(927) Pause Cleanup
[2024-08-28T13:06:26.413+0000][info][gc             ] GC(927) Pause Cleanup 973M->973M(1024M) 1.575ms
[2024-08-28T13:06:26.413+0000][info][gc,cpu         ] GC(927) User=0.00s Sys=0.00s Real=0.00s
[2024-08-28T13:06:26.413+0000][info][gc,marking     ] GC(927) Concurrent Cleanup for Next Mark
[2024-08-28T13:06:26.414+0000][info][gc,marking     ] GC(927) Concurrent Cleanup for Next Mark 0.937ms
[2024-08-28T13:06:26.414+0000][info][gc             ] GC(927) Concurrent Mark Cycle 115.793ms
[2024-08-28T13:06:26.419+0000][info][gc,start       ] GC(930) Pause Young (Prepare Mixed) (G1 Preventive Collection)
[2024-08-28T13:06:26.419+0000][info][gc,task        ] GC(930) Using 24 workers of 68 for evacuation
[2024-08-28T13:06:26.434+0000][info][gc,phases      ] GC(930)   Pre Evacuate Collection Set: 0.2ms
[2024-08-28T13:06:26.434+0000][info][gc,phases      ] GC(930)   Merge Heap Roots: 0.4ms
[2024-08-28T13:06:26.434+0000][info][gc,phases      ] GC(930)   Evacuate Collection Set: 13.7ms
[2024-08-28T13:06:26.434+0000][info][gc,phases      ] GC(930)   Post Evacuate Collection Set: 0.3ms
[2024-08-28T13:06:26.434+0000][info][gc,phases      ] GC(930)   Other: 0.2ms
[2024-08-28T13:06:26.434+0000][info][gc,heap        ] GC(930) Eden regions: 32->0(44)
[2024-08-28T13:06:26.434+0000][info][gc,heap        ] GC(930) Survivor regions: 7->7(7)
[2024-08-28T13:06:26.434+0000][info][gc,heap        ] GC(930) Old regions: 936->971
[2024-08-28T13:06:26.434+0000][info][gc,heap        ] GC(930) Archive regions: 2->2
[2024-08-28T13:06:26.434+0000][info][gc,heap        ] GC(930) Humongous regions: 5->5
[2024-08-28T13:06:26.434+0000][info][gc,metaspace   ] GC(930) Metaspace: 100K(320K)->100K(320K) NonClass: 96K(192K)->96K(192K) Class: 4K(128K)->4K(128K)
[2024-08-28T13:06:26.434+0000][info][gc             ] GC(930) Pause Young (Prepare Mixed) (G1 Preventive Collection) 980M->983M(1024M) 14.900ms
[2024-08-28T13:06:26.434+0000][info][gc,cpu         ] GC(930) User=0.34s Sys=0.00s Real=0.01s
[2024-08-28T13:06:26.443+0000][info][gc,start       ] GC(931) Pause Young (Mixed) (G1 Preventive Collection)
[2024-08-28T13:06:26.443+0000][info][gc,task        ] GC(931) Using 24 workers of 68 for evacuation
[2024-08-28T13:06:26.450+0000][info][gc,phases      ] GC(931)   Pre Evacuate Collection Set: 0.2ms
[2024-08-28T13:06:26.450+0000][info][gc,phases      ] GC(931)   Merge Heap Roots: 0.3ms
[2024-08-28T13:06:26.450+0000][info][gc,phases      ] GC(931)   Evacuate Collection Set: 5.8ms
[2024-08-28T13:06:26.450+0000][info][gc,phases      ] GC(931)   Post Evacuate Collection Set: 0.4ms
[2024-08-28T13:06:26.450+0000][info][gc,phases      ] GC(931)   Other: 0.2ms
[2024-08-28T13:06:26.450+0000][info][gc,heap        ] GC(931) Eden regions: 14->0(44)
[2024-08-28T13:06:26.450+0000][info][gc,heap        ] GC(931) Survivor regions: 7->7(7)
[2024-08-28T13:06:26.450+0000][info][gc,heap        ] GC(931) Old regions: 971->885
[2024-08-28T13:06:26.450+0000][info][gc,heap        ] GC(931) Archive regions: 2->2
[2024-08-28T13:06:26.450+0000][info][gc,heap        ] GC(931) Humongous regions: 5->5
[2024-08-28T13:06:26.450+0000][info][gc,metaspace   ] GC(931) Metaspace: 100K(320K)->100K(320K) NonClass: 96K(192K)->96K(192K) Class: 4K(128K)->4K(128K)
[2024-08-28T13:06:26.450+0000][info][gc             ] GC(931) Pause Young (Mixed) (G1 Preventive Collection) 997M->897M(1024M) 6.882ms
[2024-08-28T13:06:26.450+0000][info][gc,cpu         ] GC(931) User=0.14s Sys=0.01s Real=0.01s
[2024-08-28T13:06:26.475+0000][info][gc,start       ] GC(932) Pause Young (Mixed) (G1 Evacuation Pause)
[2024-08-28T13:06:26.475+0000][info][gc,task        ] GC(932) Using 24 workers of 68 for evacuation
[2024-08-28T13:06:26.487+0000][info][gc,phases      ] GC(932)   Pre Evacuate Collection Set: 0.2ms
[2024-08-28T13:06:26.487+0000][info][gc,phases      ] GC(932)   Merge Heap Roots: 0.3ms
[2024-08-28T13:06:26.487+0000][info][gc,phases      ] GC(932)   Evacuate Collection Set: 10.3ms
[2024-08-28T13:06:26.487+0000][info][gc,phases      ] GC(932)   Post Evacuate Collection Set: 0.4ms
[2024-08-28T13:06:26.487+0000][info][gc,phases      ] GC(932)   Other: 0.2ms
[2024-08-28T13:06:26.487+0000][info][gc,heap        ] GC(932) Eden regions: 44->0(44)
[2024-08-28T13:06:26.487+0000][info][gc,heap        ] GC(932) Survivor regions: 7->7(7)
[2024-08-28T13:06:26.487+0000][info][gc,heap        ] GC(932) Old regions: 885->827
[2024-08-28T13:06:26.487+0000][info][gc,heap        ] GC(932) Archive regions: 2->2
[2024-08-28T13:06:26.487+0000][info][gc,heap        ] GC(932) Humongous regions: 5->5
[2024-08-28T13:06:26.487+0000][info][gc,metaspace   ] GC(932) Metaspace: 100K(320K)->100K(320K) NonClass: 96K(192K)->96K(192K) Class: 4K(128K)->4K(128K)
[2024-08-28T13:06:26.487+0000][info][gc             ] GC(932) Pause Young (Mixed) (G1 Evacuation Pause) 941M->839M(1024M) 11.514ms
[2024-08-28T13:06:26.487+0000][info][gc,cpu         ] GC(932) User=0.25s Sys=0.00s Real=0.01s
[2024-08-28T13:06:26.511+0000][info][gc,start       ] GC(933) Pause Young (Mixed) (G1 Evacuation Pause)
[2024-08-28T13:06:26.511+0000][info][gc,task        ] GC(933) Using 24 workers of 68 for evacuation
[2024-08-28T13:06:26.522+0000][info][gc,phases      ] GC(933)   Pre Evacuate Collection Set: 0.2ms
[2024-08-28T13:06:26.522+0000][info][gc,phases      ] GC(933)   Merge Heap Roots: 0.4ms
[2024-08-28T13:06:26.522+0000][info][gc,phases      ] GC(933)   Evacuate Collection Set: 10.4ms
[2024-08-28T13:06:26.522+0000][info][gc,phases      ] GC(933)   Post Evacuate Collection Set: 0.4ms
[2024-08-28T13:06:26.522+0000][info][gc,phases      ] GC(933)   Other: 0.3ms
[2024-08-28T13:06:26.522+0000][info][gc,heap        ] GC(933) Eden regions: 44->0(44)
[2024-08-28T13:06:26.522+0000][info][gc,heap        ] GC(933) Survivor regions: 7->7(7)
[2024-08-28T13:06:26.522+0000][info][gc,heap        ] GC(933) Old regions: 827->770
[2024-08-28T13:06:26.522+0000][info][gc,heap        ] GC(933) Archive regions: 2->2
[2024-08-28T13:06:26.522+0000][info][gc,heap        ] GC(933) Humongous regions: 5->5
[2024-08-28T13:06:26.522+0000][info][gc,metaspace   ] GC(933) Metaspace: 100K(320K)->100K(320K) NonClass: 96K(192K)->96K(192K) Class: 4K(128K)->4K(128K)
[2024-08-28T13:06:26.522+0000][info][gc             ] GC(933) Pause Young (Mixed) (G1 Evacuation Pause) 883M->782M(1024M) 11.713ms
[2024-08-28T13:06:26.522+0000][info][gc,cpu         ] GC(933) User=0.25s Sys=0.00s Real=0.01s
[2024-08-28T13:06:26.545+0000][info][gc,start       ] GC(934) Pause Young (Mixed) (G1 Evacuation Pause)
[2024-08-28T13:06:26.545+0000][info][gc,task        ] GC(934) Using 24 workers of 68 for evacuation
[2024-08-28T13:06:26.556+0000][info][gc,phases      ] GC(934)   Pre Evacuate Collection Set: 0.2ms
[2024-08-28T13:06:26.556+0000][info][gc,phases      ] GC(934)   Merge Heap Roots: 0.3ms
[2024-08-28T13:06:26.556+0000][info][gc,phases      ] GC(934)   Evacuate Collection Set: 10.2ms
[2024-08-28T13:06:26.556+0000][info][gc,phases      ] GC(934)   Post Evacuate Collection Set: 0.3ms
[2024-08-28T13:06:26.556+0000][info][gc,phases      ] GC(934)   Other: 0.2ms
[2024-08-28T13:06:26.556+0000][info][gc,heap        ] GC(934) Eden regions: 44->0(44)
[2024-08-28T13:06:26.556+0000][info][gc,heap        ] GC(934) Survivor regions: 7->7(7)
[2024-08-28T13:06:26.556+0000][info][gc,heap        ] GC(934) Old regions: 770->778
[2024-08-28T13:06:26.556+0000][info][gc,heap        ] GC(934) Archive regions: 2->2
[2024-08-28T13:06:26.556+0000][info][gc,heap        ] GC(934) Humongous regions: 5->5
[2024-08-28T13:06:26.556+0000][info][gc,metaspace   ] GC(934) Metaspace: 100K(320K)->100K(320K) NonClass: 96K(192K)->96K(192K) Class: 4K(128K)->4K(128K)
[2024-08-28T13:06:26.556+0000][info][gc             ] GC(934) Pause Young (Mixed) (G1 Evacuation Pause) 826M->790M(1024M) 11.170ms
[2024-08-28T13:06:26.556+0000][info][gc,cpu         ] GC(934) User=0.24s Sys=0.00s Real=0.01s
[2024-08-28T13:06:26.578+0000][info][gc,start       ] GC(935) Pause Young (Concurrent Start) (G1 Evacuation Pause)
[2024-08-28T13:06:26.578+0000][info][gc,task        ] GC(935) Using 24 workers of 68 for evacuation
[2024-08-28T13:06:26.589+0000][info][gc,phases      ] GC(935)   Pre Evacuate Collection Set: 0.2ms
[2024-08-28T13:06:26.589+0000][info][gc,phases      ] GC(935)   Merge Heap Roots: 0.2ms
[2024-08-28T13:06:26.589+0000][info][gc,phases      ] GC(935)   Evacuate Collection Set: 9.7ms
[2024-08-28T13:06:26.589+0000][info][gc,phases      ] GC(935)   Post Evacuate Collection Set: 0.3ms
[2024-08-28T13:06:26.589+0000][info][gc,phases      ] GC(935)   Other: 0.5ms
[2024-08-28T13:06:26.589+0000][info][gc,heap        ] GC(935) Eden regions: 44->0(44)
[2024-08-28T13:06:26.589+0000][info][gc,heap        ] GC(935) Survivor regions: 7->7(7)
[2024-08-28T13:06:26.589+0000][info][gc,heap        ] GC(935) Old regions: 778->825
[2024-08-28T13:06:26.589+0000][info][gc,heap        ] GC(935) Archive regions: 2->2
[2024-08-28T13:06:26.589+0000][info][gc,heap        ] GC(935) Humongous regions: 5->5
[2024-08-28T13:06:26.589+0000][info][gc,metaspace   ] GC(935) Metaspace: 100K(320K)->100K(320K) NonClass: 96K(192K)->96K(192K) Class: 4K(128K)->4K(128K)
[2024-08-28T13:06:26.589+0000][info][gc             ] GC(935) Pause Young (Concurrent Start) (G1 Evacuation Pause) 834M->837M(1024M) 11.057ms
[2024-08-28T13:06:26.589+0000][info][gc,cpu         ] GC(935) User=0.23s Sys=0.01s Real=0.00s
[2024-08-28T13:06:26.589+0000][info][gc             ] GC(936) Concurrent Mark Cycle
[2024-08-28T13:06:26.589+0000][info][gc,marking     ] GC(936) Concurrent Clear Claimed Marks
[2024-08-28T13:06:26.589+0000][info][gc,marking     ] GC(936) Concurrent Clear Claimed Marks 0.021ms
[2024-08-28T13:06:26.589+0000][info][gc,marking     ] GC(936) Concurrent Scan Root Regions
[2024-08-28T13:06:26.591+0000][info][gc,marking     ] GC(936) Concurrent Scan Root Regions 1.731ms
[2024-08-28T13:06:26.591+0000][info][gc,marking     ] GC(936) Concurrent Mark
[2024-08-28T13:06:26.591+0000][info][gc,marking     ] GC(936) Concurrent Mark From Roots
[2024-08-28T13:06:26.591+0000][info][gc,task        ] GC(936) Using 17 workers of 17 for marking
[2024-08-28T13:06:26.616+0000][info][gc,marking     ] GC(936) Concurrent Mark From Roots 24.445ms
[2024-08-28T13:06:26.616+0000][info][gc,marking     ] GC(936) Concurrent Preclean
[2024-08-28T13:06:26.616+0000][info][gc,marking     ] GC(936) Concurrent Preclean 0.514ms
[2024-08-28T13:06:26.616+0000][info][gc,start       ] GC(936) Pause Remark
[2024-08-28T13:06:26.618+0000][info][gc             ] GC(936) Pause Remark 874M->874M(1024M) 1.321ms
[2024-08-28T13:06:26.618+0000][info][gc,cpu         ] GC(936) User=0.00s Sys=0.00s Real=0.01s
[2024-08-28T13:06:26.618+0000][info][gc,marking     ] GC(936) Concurrent Mark 26.615ms
[2024-08-28T13:06:26.618+0000][info][gc,marking     ] GC(936) Concurrent Rebuild Remembered Sets
[2024-08-28T13:06:26.622+0000][info][gc,start       ] GC(937) Pause Young (Normal) (G1 Evacuation Pause)
[2024-08-28T13:06:26.622+0000][info][gc,task        ] GC(937) Using 24 workers of 68 for evacuation
[2024-08-28T13:06:26.633+0000][info][gc,phases      ] GC(937)   Pre Evacuate Collection Set: 0.1ms
[2024-08-28T13:06:26.633+0000][info][gc,phases      ] GC(937)   Merge Heap Roots: 0.4ms
[2024-08-28T13:06:26.633+0000][info][gc,phases      ] GC(937)   Evacuate Collection Set: 9.9ms
[2024-08-28T13:06:26.633+0000][info][gc,phases      ] GC(937)   Post Evacuate Collection Set: 0.4ms
[2024-08-28T13:06:26.633+0000][info][gc,phases      ] GC(937)   Other: 0.1ms
[2024-08-28T13:06:26.633+0000][info][gc,heap        ] GC(937) Eden regions: 44->0(44)
[2024-08-28T13:06:26.633+0000][info][gc,heap        ] GC(937) Survivor regions: 7->7(7)
[2024-08-28T13:06:26.633+0000][info][gc,heap        ] GC(937) Old regions: 825->871
[2024-08-28T13:06:26.633+0000][info][gc,heap        ] GC(937) Archive regions: 2->2
[2024-08-28T13:06:26.633+0000][info][gc,heap        ] GC(937) Humongous regions: 5->5
[2024-08-28T13:06:26.633+0000][info][gc,metaspace   ] GC(937) Metaspace: 100K(320K)->100K(320K) NonClass: 96K(192K)->96K(192K) Class: 4K(128K)->4K(128K)
[2024-08-28T13:06:26.633+0000][info][gc             ] GC(937) Pause Young (Normal) (G1 Evacuation Pause) 881M->883M(1024M) 11.025ms
[2024-08-28T13:06:26.633+0000][info][gc,cpu         ] GC(937) User=0.25s Sys=0.00s Real=0.01s
[2024-08-28T13:06:26.659+0000][info][gc,start       ] GC(938) Pause Young (Normal) (G1 Evacuation Pause)
[2024-08-28T13:06:26.659+0000][info][gc,task        ] GC(938) Using 24 workers of 68 for evacuation
[2024-08-28T13:06:26.673+0000][info][gc,phases      ] GC(938)   Pre Evacuate Collection Set: 0.1ms
[2024-08-28T13:06:26.673+0000][info][gc,phases      ] GC(938)   Merge Heap Roots: 0.3ms
[2024-08-28T13:06:26.673+0000][info][gc,phases      ] GC(938)   Evacuate Collection Set: 13.5ms
[2024-08-28T13:06:26.673+0000][info][gc,phases      ] GC(938)   Post Evacuate Collection Set: 0.5ms
[2024-08-28T13:06:26.673+0000][info][gc,phases      ] GC(938)   Other: 0.2ms
[2024-08-28T13:06:26.673+0000][info][gc,heap        ] GC(938) Eden regions: 44->0(44)
[2024-08-28T13:06:26.673+0000][info][gc,heap        ] GC(938) Survivor regions: 7->7(7)
[2024-08-28T13:06:26.673+0000][info][gc,heap        ] GC(938) Old regions: 871->919
[2024-08-28T13:06:26.673+0000][info][gc,heap        ] GC(938) Archive regions: 2->2
[2024-08-28T13:06:26.673+0000][info][gc,heap        ] GC(938) Humongous regions: 5->5
[2024-08-28T13:06:26.673+0000][info][gc,metaspace   ] GC(938) Metaspace: 100K(320K)->100K(320K) NonClass: 96K(192K)->96K(192K) Class: 4K(128K)->4K(128K)
[2024-08-28T13:06:26.673+0000][info][gc             ] GC(938) Pause Young (Normal) (G1 Evacuation Pause) 927M->931M(1024M) 14.728ms
[2024-08-28T13:06:26.673+0000][info][gc,cpu         ] GC(938) User=0.34s Sys=0.00s Real=0.01s
[2024-08-28T13:06:26.700+0000][info][gc,start       ] GC(939) Pause Young (Normal) (G1 Preventive Collection)
[2024-08-28T13:06:26.700+0000][info][gc,task        ] GC(939) Using 24 workers of 68 for evacuation
[2024-08-28T13:06:26.716+0000][info][gc,phases      ] GC(939)   Pre Evacuate Collection Set: 0.2ms
[2024-08-28T13:06:26.716+0000][info][gc,phases      ] GC(939)   Merge Heap Roots: 0.6ms
[2024-08-28T13:06:26.716+0000][info][gc,phases      ] GC(939)   Evacuate Collection Set: 14.9ms
[2024-08-28T13:06:26.716+0000][info][gc,phases      ] GC(939)   Post Evacuate Collection Set: 0.6ms
[2024-08-28T13:06:26.716+0000][info][gc,phases      ] GC(939)   Other: 0.2ms
[2024-08-28T13:06:26.716+0000][info][gc,heap        ] GC(939) Eden regions: 40->0(44)
[2024-08-28T13:06:26.716+0000][info][gc,heap        ] GC(939) Survivor regions: 7->7(7)
[2024-08-28T13:06:26.716+0000][info][gc,heap        ] GC(939) Old regions: 919->962
[2024-08-28T13:06:26.716+0000][info][gc,heap        ] GC(939) Archive regions: 2->2
[2024-08-28T13:06:26.716+0000][info][gc,heap        ] GC(939) Humongous regions: 5->5
[2024-08-28T13:06:26.716+0000][info][gc,metaspace   ] GC(939) Metaspace: 100K(320K)->100K(320K) NonClass: 96K(192K)->96K(192K) Class: 4K(128K)->4K(128K)
[2024-08-28T13:06:26.716+0000][info][gc             ] GC(939) Pause Young (Normal) (G1 Preventive Collection) 971M->974M(1024M) 16.547ms
[2024-08-28T13:06:26.716+0000][info][gc,cpu         ] GC(939) User=0.38s Sys=0.00s Real=0.01s
[2024-08-28T13:06:26.719+0000][info][gc,marking     ] GC(936) Concurrent Rebuild Remembered Sets 101.003ms
[2024-08-28T13:06:26.719+0000][info][gc,start       ] GC(936) Pause Cleanup
[2024-08-28T13:06:26.721+0000][info][gc             ] GC(936) Pause Cleanup 979M->979M(1024M) 1.592ms
[2024-08-28T13:06:26.721+0000][info][gc,cpu         ] GC(936) User=0.01s Sys=0.00s Real=0.00s
[2024-08-28T13:06:26.721+0000][info][gc,marking     ] GC(936) Concurrent Cleanup for Next Mark
[2024-08-28T13:06:26.722+0000][info][gc,marking     ] GC(936) Concurrent Cleanup for Next Mark 0.740ms
[2024-08-28T13:06:26.722+0000][info][gc             ] GC(936) Concurrent Mark Cycle 132.140ms
[2024-08-28T13:06:26.731+0000][info][gc,start       ] GC(940) Pause Young (Prepare Mixed) (G1 Preventive Collection)
[2024-08-28T13:06:26.731+0000][info][gc,task        ] GC(940) Using 24 workers of 68 for evacuation
[2024-08-28T13:06:26.746+0000][info][gc             ] GC(940) To-space exhausted
[2024-08-28T13:06:26.746+0000][info][gc,phases      ] GC(940)   Pre Evacuate Collection Set: 0.2ms
[2024-08-28T13:06:26.746+0000][info][gc,phases      ] GC(940)   Merge Heap Roots: 0.6ms
[2024-08-28T13:06:26.746+0000][info][gc,phases      ] GC(940)   Evacuate Collection Set: 13.8ms
[2024-08-28T13:06:26.746+0000][info][gc,phases      ] GC(940)   Post Evacuate Collection Set: 0.5ms
[2024-08-28T13:06:26.746+0000][info][gc,phases      ] GC(940)   Other: 0.2ms
[2024-08-28T13:06:26.746+0000][info][gc,heap        ] GC(940) Eden regions: 19->0(44)
[2024-08-28T13:06:26.746+0000][info][gc,heap        ] GC(940) Survivor regions: 7->7(7)
[2024-08-28T13:06:26.746+0000][info][gc,heap        ] GC(940) Old regions: 962->988
[2024-08-28T13:06:26.746+0000][info][gc,heap        ] GC(940) Archive regions: 2->2
[2024-08-28T13:06:26.746+0000][info][gc,heap        ] GC(940) Humongous regions: 5->5
[2024-08-28T13:06:26.746+0000][info][gc,metaspace   ] GC(940) Metaspace: 100K(320K)->100K(320K) NonClass: 96K(192K)->96K(192K) Class: 4K(128K)->4K(128K)
[2024-08-28T13:06:26.746+0000][info][gc             ] GC(940) Pause Young (Prepare Mixed) (G1 Preventive Collection) 993M->1000M(1024M) 15.340ms
[2024-08-28T13:06:26.746+0000][info][gc,cpu         ] GC(940) User=0.35s Sys=0.00s Real=0.01s
[2024-08-28T13:06:26.750+0000][info][gc,start       ] GC(941) Pause Young (Mixed) (G1 Preventive Collection)
[2024-08-28T13:06:26.750+0000][info][gc,task        ] GC(941) Using 24 workers of 68 for evacuation
[2024-08-28T13:06:26.754+0000][info][gc,phases      ] GC(941)   Pre Evacuate Collection Set: 0.2ms
[2024-08-28T13:06:26.754+0000][info][gc,phases      ] GC(941)   Merge Heap Roots: 0.3ms
[2024-08-28T13:06:26.754+0000][info][gc,phases      ] GC(941)   Evacuate Collection Set: 3.7ms
[2024-08-28T13:06:26.754+0000][info][gc,phases      ] GC(941)   Post Evacuate Collection Set: 0.3ms
[2024-08-28T13:06:26.754+0000][info][gc,phases      ] GC(941)   Other: 0.2ms
[2024-08-28T13:06:26.754+0000][info][gc,heap        ] GC(941) Eden regions: 6->0(45)
[2024-08-28T13:06:26.754+0000][info][gc,heap        ] GC(941) Survivor regions: 7->6(7)
[2024-08-28T13:06:26.754+0000][info][gc,heap        ] GC(941) Old regions: 988->895
[2024-08-28T13:06:26.754+0000][info][gc,heap        ] GC(941) Archive regions: 2->2
[2024-08-28T13:06:26.754+0000][info][gc,heap        ] GC(941) Humongous regions: 5->5
[2024-08-28T13:06:26.754+0000][info][gc,metaspace   ] GC(941) Metaspace: 100K(320K)->100K(320K) NonClass: 96K(192K)->96K(192K) Class: 4K(128K)->4K(128K)
[2024-08-28T13:06:26.754+0000][info][gc             ] GC(941) Pause Young (Mixed) (G1 Preventive Collection) 1006M->906M(1024M) 4.757ms
[2024-08-28T13:06:26.754+0000][info][gc,cpu         ] GC(941) User=0.10s Sys=0.00s Real=0.00s
[2024-08-28T13:06:26.778+0000][info][gc,start       ] GC(942) Pause Young (Mixed) (G1 Evacuation Pause)
[2024-08-28T13:06:26.778+0000][info][gc,task        ] GC(942) Using 24 workers of 68 for evacuation
[2024-08-28T13:06:26.789+0000][info][gc,phases      ] GC(942)   Pre Evacuate Collection Set: 0.2ms
[2024-08-28T13:06:26.789+0000][info][gc,phases      ] GC(942)   Merge Heap Roots: 0.4ms
[2024-08-28T13:06:26.789+0000][info][gc,phases      ] GC(942)   Evacuate Collection Set: 10.0ms
[2024-08-28T13:06:26.789+0000][info][gc,phases      ] GC(942)   Post Evacuate Collection Set: 0.4ms
[2024-08-28T13:06:26.789+0000][info][gc,phases      ] GC(942)   Other: 0.2ms
[2024-08-28T13:06:26.790+0000][info][gc,heap        ] GC(942) Eden regions: 45->0(44)
[2024-08-28T13:06:26.790+0000][info][gc,heap        ] GC(942) Survivor regions: 6->7(7)
[2024-08-28T13:06:26.790+0000][info][gc,heap        ] GC(942) Old regions: 895->836
[2024-08-28T13:06:26.790+0000][info][gc,heap        ] GC(942) Archive regions: 2->2
[2024-08-28T13:06:26.790+0000][info][gc,heap        ] GC(942) Humongous regions: 5->5
[2024-08-28T13:06:26.790+0000][info][gc,metaspace   ] GC(942) Metaspace: 100K(320K)->100K(320K) NonClass: 96K(192K)->96K(192K) Class: 4K(128K)->4K(128K)
[2024-08-28T13:06:26.790+0000][info][gc             ] GC(942) Pause Young (Mixed) (G1 Evacuation Pause) 951M->848M(1024M) 11.394ms
[2024-08-28T13:06:26.790+0000][info][gc,cpu         ] GC(942) User=0.25s Sys=0.00s Real=0.01s
[2024-08-28T13:06:26.814+0000][info][gc,start       ] GC(943) Pause Young (Mixed) (G1 Evacuation Pause)
[2024-08-28T13:06:26.814+0000][info][gc,task        ] GC(943) Using 24 workers of 68 for evacuation
[2024-08-28T13:06:26.826+0000][info][gc,phases      ] GC(943)   Pre Evacuate Collection Set: 0.2ms
[2024-08-28T13:06:26.826+0000][info][gc,phases      ] GC(943)   Merge Heap Roots: 0.5ms
[2024-08-28T13:06:26.826+0000][info][gc,phases      ] GC(943)   Evacuate Collection Set: 10.3ms
[2024-08-28T13:06:26.826+0000][info][gc,phases      ] GC(943)   Post Evacuate Collection Set: 0.4ms
[2024-08-28T13:06:26.826+0000][info][gc,phases      ] GC(943)   Other: 0.3ms
[2024-08-28T13:06:26.826+0000][info][gc,heap        ] GC(943) Eden regions: 44->0(44)
[2024-08-28T13:06:26.826+0000][info][gc,heap        ] GC(943) Survivor regions: 7->7(7)
[2024-08-28T13:06:26.826+0000][info][gc,heap        ] GC(943) Old regions: 836->779
[2024-08-28T13:06:26.826+0000][info][gc,heap        ] GC(943) Archive regions: 2->2
[2024-08-28T13:06:26.826+0000][info][gc,heap        ] GC(943) Humongous regions: 5->5
[2024-08-28T13:06:26.826+0000][info][gc,metaspace   ] GC(943) Metaspace: 100K(320K)->100K(320K) NonClass: 96K(192K)->96K(192K) Class: 4K(128K)->4K(128K)
[2024-08-28T13:06:26.826+0000][info][gc             ] GC(943) Pause Young (Mixed) (G1 Evacuation Pause) 892M->791M(1024M) 11.582ms
[2024-08-28T13:06:26.826+0000][info][gc,cpu         ] GC(943) User=0.25s Sys=0.00s Real=0.01s
[2024-08-28T13:06:26.850+0000][info][gc,start       ] GC(944) Pause Young (Mixed) (G1 Evacuation Pause)
[2024-08-28T13:06:26.850+0000][info][gc,task        ] GC(944) Using 24 workers of 68 for evacuation
[2024-08-28T13:06:26.862+0000][info][gc,phases      ] GC(944)   Pre Evacuate Collection Set: 0.2ms
[2024-08-28T13:06:26.862+0000][info][gc,phases      ] GC(944)   Merge Heap Roots: 0.4ms
[2024-08-28T13:06:26.862+0000][info][gc,phases      ] GC(944)   Evacuate Collection Set: 11.4ms
[2024-08-28T13:06:26.862+0000][info][gc,phases      ] GC(944)   Post Evacuate Collection Set: 0.3ms
[2024-08-28T13:06:26.862+0000][info][gc,phases      ] GC(944)   Other: 0.2ms
[2024-08-28T13:06:26.862+0000][info][gc,heap        ] GC(944) Eden regions: 44->0(44)
[2024-08-28T13:06:26.862+0000][info][gc,heap        ] GC(944) Survivor regions: 7->7(7)
[2024-08-28T13:06:26.862+0000][info][gc,heap        ] GC(944) Old regions: 779->798
[2024-08-28T13:06:26.862+0000][info][gc,heap        ] GC(944) Archive regions: 2->2
[2024-08-28T13:06:26.862+0000][info][gc,heap        ] GC(944) Humongous regions: 5->5
[2024-08-28T13:06:26.862+0000][info][gc,metaspace   ] GC(944) Metaspace: 100K(320K)->100K(320K) NonClass: 96K(192K)->96K(192K) Class: 4K(128K)->4K(128K)
[2024-08-28T13:06:26.862+0000][info][gc             ] GC(944) Pause Young (Mixed) (G1 Evacuation Pause) 835M->810M(1024M) 12.567ms
[2024-08-28T13:06:26.862+0000][info][gc,cpu         ] GC(944) User=0.28s Sys=0.00s Real=0.01s
[2024-08-28T13:06:26.886+0000][info][gc,start       ] GC(945) Pause Young (Concurrent Start) (G1 Evacuation Pause)
[2024-08-28T13:06:26.886+0000][info][gc,task        ] GC(945) Using 24 workers of 68 for evacuation
[2024-08-28T13:06:26.898+0000][info][gc,phases      ] GC(945)   Pre Evacuate Collection Set: 0.2ms
[2024-08-28T13:06:26.898+0000][info][gc,phases      ] GC(945)   Merge Heap Roots: 0.4ms
[2024-08-28T13:06:26.898+0000][info][gc,phases      ] GC(945)   Evacuate Collection Set: 10.2ms
[2024-08-28T13:06:26.898+0000][info][gc,phases      ] GC(945)   Post Evacuate Collection Set: 0.4ms
[2024-08-28T13:06:26.898+0000][info][gc,phases      ] GC(945)   Other: 0.6ms
[2024-08-28T13:06:26.898+0000][info][gc,heap        ] GC(945) Eden regions: 44->0(44)
[2024-08-28T13:06:26.898+0000][info][gc,heap        ] GC(945) Survivor regions: 7->7(7)
[2024-08-28T13:06:26.898+0000][info][gc,heap        ] GC(945) Old regions: 798->846
[2024-08-28T13:06:26.898+0000][info][gc,heap        ] GC(945) Archive regions: 2->2
[2024-08-28T13:06:26.898+0000][info][gc,heap        ] GC(945) Humongous regions: 5->5
[2024-08-28T13:06:26.898+0000][info][gc,metaspace   ] GC(945) Metaspace: 100K(320K)->100K(320K) NonClass: 96K(192K)->96K(192K) Class: 4K(128K)->4K(128K)
[2024-08-28T13:06:26.898+0000][info][gc             ] GC(945) Pause Young (Concurrent Start) (G1 Evacuation Pause) 854M->858M(1024M) 11.770ms
[2024-08-28T13:06:26.898+0000][info][gc,cpu         ] GC(945) User=0.24s Sys=0.01s Real=0.02s
[2024-08-28T13:06:26.898+0000][info][gc             ] GC(946) Concurrent Mark Cycle
[2024-08-28T13:06:26.898+0000][info][gc,marking     ] GC(946) Concurrent Clear Claimed Marks
[2024-08-28T13:06:26.898+0000][info][gc,marking     ] GC(946) Concurrent Clear Claimed Marks 0.009ms
[2024-08-28T13:06:26.898+0000][info][gc,marking     ] GC(946) Concurrent Scan Root Regions
[2024-08-28T13:06:26.900+0000][info][gc,marking     ] GC(946) Concurrent Scan Root Regions 1.657ms
[2024-08-28T13:06:26.900+0000][info][gc,marking     ] GC(946) Concurrent Mark
[2024-08-28T13:06:26.900+0000][info][gc,marking     ] GC(946) Concurrent Mark From Roots
[2024-08-28T13:06:26.900+0000][info][gc,task        ] GC(946) Using 17 workers of 17 for marking
[2024-08-28T13:06:26.924+0000][info][gc,marking     ] GC(946) Concurrent Mark From Roots 24.657ms
[2024-08-28T13:06:26.924+0000][info][gc,marking     ] GC(946) Concurrent Preclean
[2024-08-28T13:06:26.925+0000][info][gc,marking     ] GC(946) Concurrent Preclean 0.555ms
[2024-08-28T13:06:26.925+0000][info][gc,start       ] GC(946) Pause Remark
[2024-08-28T13:06:26.926+0000][info][gc             ] GC(946) Pause Remark 892M->892M(1024M) 1.262ms
[2024-08-28T13:06:26.926+0000][info][gc,cpu         ] GC(946) User=0.01s Sys=0.00s Real=0.00s
[2024-08-28T13:06:26.926+0000][info][gc,marking     ] GC(946) Concurrent Mark 26.824ms
[2024-08-28T13:06:26.926+0000][info][gc,marking     ] GC(946) Concurrent Rebuild Remembered Sets
[2024-08-28T13:06:26.933+0000][info][gc,start       ] GC(947) Pause Young (Normal) (G1 Evacuation Pause)
[2024-08-28T13:06:26.933+0000][info][gc,task        ] GC(947) Using 24 workers of 68 for evacuation
[2024-08-28T13:06:26.944+0000][info][gc,phases      ] GC(947)   Pre Evacuate Collection Set: 0.1ms
[2024-08-28T13:06:26.944+0000][info][gc,phases      ] GC(947)   Merge Heap Roots: 0.4ms
[2024-08-28T13:06:26.944+0000][info][gc,phases      ] GC(947)   Evacuate Collection Set: 9.9ms
[2024-08-28T13:06:26.944+0000][info][gc,phases      ] GC(947)   Post Evacuate Collection Set: 0.4ms
[2024-08-28T13:06:26.944+0000][info][gc,phases      ] GC(947)   Other: 0.2ms
[2024-08-28T13:06:26.944+0000][info][gc,heap        ] GC(947) Eden regions: 44->0(44)
[2024-08-28T13:06:26.944+0000][info][gc,heap        ] GC(947) Survivor regions: 7->7(7)
[2024-08-28T13:06:26.944+0000][info][gc,heap        ] GC(947) Old regions: 846->892
[2024-08-28T13:06:26.944+0000][info][gc,heap        ] GC(947) Archive regions: 2->2
[2024-08-28T13:06:26.944+0000][info][gc,heap        ] GC(947) Humongous regions: 5->5
[2024-08-28T13:06:26.944+0000][info][gc,metaspace   ] GC(947) Metaspace: 100K(320K)->100K(320K) NonClass: 96K(192K)->96K(192K) Class: 4K(128K)->4K(128K)
[2024-08-28T13:06:26.944+0000][info][gc             ] GC(947) Pause Young (Normal) (G1 Evacuation Pause) 902M->904M(1024M) 11.093ms
[2024-08-28T13:06:26.944+0000][info][gc,cpu         ] GC(947) User=0.25s Sys=0.00s Real=0.01s
[2024-08-28T13:06:26.970+0000][info][gc,start       ] GC(948) Pause Young (Normal) (G1 Evacuation Pause)
[2024-08-28T13:06:26.970+0000][info][gc,task        ] GC(948) Using 24 workers of 68 for evacuation
[2024-08-28T13:06:26.985+0000][info][gc,phases      ] GC(948)   Pre Evacuate Collection Set: 0.1ms
[2024-08-28T13:06:26.985+0000][info][gc,phases      ] GC(948)   Merge Heap Roots: 0.5ms
[2024-08-28T13:06:26.985+0000][info][gc,phases      ] GC(948)   Evacuate Collection Set: 13.3ms
[2024-08-28T13:06:26.985+0000][info][gc,phases      ] GC(948)   Post Evacuate Collection Set: 0.5ms
[2024-08-28T13:06:26.985+0000][info][gc,phases      ] GC(948)   Other: 0.2ms
[2024-08-28T13:06:26.985+0000][info][gc,heap        ] GC(948) Eden regions: 44->0(44)
[2024-08-28T13:06:26.985+0000][info][gc,heap        ] GC(948) Survivor regions: 7->7(7)
[2024-08-28T13:06:26.985+0000][info][gc,heap        ] GC(948) Old regions: 892->939
[2024-08-28T13:06:26.985+0000][info][gc,heap        ] GC(948) Archive regions: 2->2
[2024-08-28T13:06:26.985+0000][info][gc,heap        ] GC(948) Humongous regions: 5->5
[2024-08-28T13:06:26.985+0000][info][gc,metaspace   ] GC(948) Metaspace: 100K(320K)->100K(320K) NonClass: 96K(192K)->96K(192K) Class: 4K(128K)->4K(128K)
[2024-08-28T13:06:26.985+0000][info][gc             ] GC(948) Pause Young (Normal) (G1 Evacuation Pause) 948M->951M(1024M) 14.689ms
[2024-08-28T13:06:26.985+0000][info][gc,cpu         ] GC(948) User=0.34s Sys=0.00s Real=0.01s
[2024-08-28T13:06:27.005+0000][info][gc,start       ] GC(949) Pause Young (Normal) (G1 Preventive Collection)
[2024-08-28T13:06:27.005+0000][info][gc,task        ] GC(949) Using 24 workers of 68 for evacuation
[2024-08-28T13:06:27.019+0000][info][gc,phases      ] GC(949)   Pre Evacuate Collection Set: 0.1ms
[2024-08-28T13:06:27.019+0000][info][gc,phases      ] GC(949)   Merge Heap Roots: 0.5ms
[2024-08-28T13:06:27.019+0000][info][gc,phases      ] GC(949)   Evacuate Collection Set: 13.5ms
[2024-08-28T13:06:27.019+0000][info][gc,phases      ] GC(949)   Post Evacuate Collection Set: 0.6ms
[2024-08-28T13:06:27.019+0000][info][gc,phases      ] GC(949)   Other: 0.2ms
[2024-08-28T13:06:27.019+0000][info][gc,heap        ] GC(949) Eden regions: 30->0(44)
[2024-08-28T13:06:27.020+0000][info][gc,heap        ] GC(949) Survivor regions: 7->7(7)
[2024-08-28T13:06:27.020+0000][info][gc,heap        ] GC(949) Old regions: 939->972
[2024-08-28T13:06:27.020+0000][info][gc,heap        ] GC(949) Archive regions: 2->2
[2024-08-28T13:06:27.020+0000][info][gc,heap        ] GC(949) Humongous regions: 5->5
[2024-08-28T13:06:27.020+0000][info][gc,metaspace   ] GC(949) Metaspace: 100K(320K)->100K(320K) NonClass: 96K(192K)->96K(192K) Class: 4K(128K)->4K(128K)
[2024-08-28T13:06:27.020+0000][info][gc             ] GC(949) Pause Young (Normal) (G1 Preventive Collection) 981M->984M(1024M) 14.997ms
[2024-08-28T13:06:27.020+0000][info][gc,cpu         ] GC(949) User=0.35s Sys=0.00s Real=0.02s
[2024-08-28T13:06:27.024+0000][info][gc,marking     ] GC(946) Concurrent Rebuild Remembered Sets 97.204ms
[2024-08-28T13:06:27.024+0000][info][gc,start       ] GC(946) Pause Cleanup
[2024-08-28T13:06:27.025+0000][info][gc             ] GC(946) Pause Cleanup 991M->991M(1024M) 1.560ms
[2024-08-28T13:06:27.026+0000][info][gc,cpu         ] GC(946) User=0.01s Sys=0.00s Real=0.00s
[2024-08-28T13:06:27.026+0000][info][gc,marking     ] GC(946) Concurrent Cleanup for Next Mark
[2024-08-28T13:06:27.026+0000][info][gc,marking     ] GC(946) Concurrent Cleanup for Next Mark 0.745ms
[2024-08-28T13:06:27.026+0000][info][gc             ] GC(946) Concurrent Mark Cycle 128.488ms
[2024-08-28T13:06:27.031+0000][info][gc,start       ] GC(950) Pause Young (Prepare Mixed) (G1 Preventive Collection)
[2024-08-28T13:06:27.031+0000][info][gc,task        ] GC(950) Using 24 workers of 68 for evacuation
[2024-08-28T13:06:27.043+0000][info][gc,phases      ] GC(950)   Pre Evacuate Collection Set: 0.1ms
[2024-08-28T13:06:27.044+0000][info][gc,phases      ] GC(950)   Merge Heap Roots: 0.7ms
[2024-08-28T13:06:27.044+0000][info][gc,phases      ] GC(950)   Evacuate Collection Set: 11.7ms
[2024-08-28T13:06:27.044+0000][info][gc,phases      ] GC(950)   Post Evacuate Collection Set: 0.3ms
[2024-08-28T13:06:27.044+0000][info][gc,phases      ] GC(950)   Other: 0.2ms
[2024-08-28T13:06:27.044+0000][info][gc,heap        ] GC(950) Eden regions: 14->0(44)
[2024-08-28T13:06:27.044+0000][info][gc,heap        ] GC(950) Survivor regions: 7->7(7)
[2024-08-28T13:06:27.044+0000][info][gc,heap        ] GC(950) Old regions: 972->989
[2024-08-28T13:06:27.044+0000][info][gc,heap        ] GC(950) Archive regions: 2->2
[2024-08-28T13:06:27.044+0000][info][gc,heap        ] GC(950) Humongous regions: 5->5
[2024-08-28T13:06:27.044+0000][info][gc,metaspace   ] GC(950) Metaspace: 100K(320K)->100K(320K) NonClass: 96K(192K)->96K(192K) Class: 4K(128K)->4K(128K)
[2024-08-28T13:06:27.044+0000][info][gc             ] GC(950) Pause Young (Prepare Mixed) (G1 Preventive Collection) 998M->1001M(1024M) 13.015ms
[2024-08-28T13:06:27.044+0000][info][gc,cpu         ] GC(950) User=0.30s Sys=0.00s Real=0.01s
[2024-08-28T13:06:27.046+0000][info][gc,start       ] GC(951) Pause Young (Mixed) (G1 Preventive Collection)
[2024-08-28T13:06:27.046+0000][info][gc,task        ] GC(951) Using 24 workers of 68 for evacuation
[2024-08-28T13:06:27.050+0000][info][gc,phases      ] GC(951)   Pre Evacuate Collection Set: 0.2ms
[2024-08-28T13:06:27.050+0000][info][gc,phases      ] GC(951)   Merge Heap Roots: 0.3ms
[2024-08-28T13:06:27.050+0000][info][gc,phases      ] GC(951)   Evacuate Collection Set: 3.2ms
[2024-08-28T13:06:27.050+0000][info][gc,phases      ] GC(951)   Post Evacuate Collection Set: 0.3ms
[2024-08-28T13:06:27.050+0000][info][gc,phases      ] GC(951)   Other: 0.1ms
[2024-08-28T13:06:27.050+0000][info][gc,heap        ] GC(951) Eden regions: 5->0(45)
[2024-08-28T13:06:27.050+0000][info][gc,heap        ] GC(951) Survivor regions: 7->6(7)
[2024-08-28T13:06:27.050+0000][info][gc,heap        ] GC(951) Old regions: 989->895
[2024-08-28T13:06:27.050+0000][info][gc,heap        ] GC(951) Archive regions: 2->2
[2024-08-28T13:06:27.050+0000][info][gc,heap        ] GC(951) Humongous regions: 5->5
[2024-08-28T13:06:27.050+0000][info][gc,metaspace   ] GC(951) Metaspace: 100K(320K)->100K(320K) NonClass: 96K(192K)->96K(192K) Class: 4K(128K)->4K(128K)
[2024-08-28T13:06:27.050+0000][info][gc             ] GC(951) Pause Young (Mixed) (G1 Preventive Collection) 1006M->906M(1024M) 4.150ms
[2024-08-28T13:06:27.051+0000][info][gc,cpu         ] GC(951) User=0.09s Sys=0.00s Real=0.01s
[2024-08-28T13:06:27.074+0000][info][gc,start       ] GC(952) Pause Young (Mixed) (G1 Evacuation Pause)
[2024-08-28T13:06:27.074+0000][info][gc,task        ] GC(952) Using 24 workers of 68 for evacuation
[2024-08-28T13:06:27.085+0000][info][gc,phases      ] GC(952)   Pre Evacuate Collection Set: 0.2ms
[2024-08-28T13:06:27.085+0000][info][gc,phases      ] GC(952)   Merge Heap Roots: 0.4ms
[2024-08-28T13:06:27.085+0000][info][gc,phases      ] GC(952)   Evacuate Collection Set: 9.6ms
[2024-08-28T13:06:27.085+0000][info][gc,phases      ] GC(952)   Post Evacuate Collection Set: 0.4ms
[2024-08-28T13:06:27.085+0000][info][gc,phases      ] GC(952)   Other: 0.2ms
[2024-08-28T13:06:27.085+0000][info][gc,heap        ] GC(952) Eden regions: 45->0(44)
[2024-08-28T13:06:27.085+0000][info][gc,heap        ] GC(952) Survivor regions: 6->7(7)
[2024-08-28T13:06:27.085+0000][info][gc,heap        ] GC(952) Old regions: 895->835
[2024-08-28T13:06:27.085+0000][info][gc,heap        ] GC(952) Archive regions: 2->2
[2024-08-28T13:06:27.085+0000][info][gc,heap        ] GC(952) Humongous regions: 5->5
[2024-08-28T13:06:27.085+0000][info][gc,metaspace   ] GC(952) Metaspace: 100K(320K)->100K(320K) NonClass: 96K(192K)->96K(192K) Class: 4K(128K)->4K(128K)
[2024-08-28T13:06:27.085+0000][info][gc             ] GC(952) Pause Young (Mixed) (G1 Evacuation Pause) 951M->847M(1024M) 10.907ms
[2024-08-28T13:06:27.085+0000][info][gc,cpu         ] GC(952) User=0.24s Sys=0.00s Real=0.01s
[2024-08-28T13:06:27.109+0000][info][gc,start       ] GC(953) Pause Young (Mixed) (G1 Evacuation Pause)
[2024-08-28T13:06:27.109+0000][info][gc,task        ] GC(953) Using 24 workers of 68 for evacuation
[2024-08-28T13:06:27.121+0000][info][gc,phases      ] GC(953)   Pre Evacuate Collection Set: 0.3ms
[2024-08-28T13:06:27.121+0000][info][gc,phases      ] GC(953)   Merge Heap Roots: 0.5ms
[2024-08-28T13:06:27.121+0000][info][gc,phases      ] GC(953)   Evacuate Collection Set: 10.1ms
[2024-08-28T13:06:27.121+0000][info][gc,phases      ] GC(953)   Post Evacuate Collection Set: 0.4ms
[2024-08-28T13:06:27.121+0000][info][gc,phases      ] GC(953)   Other: 0.3ms
[2024-08-28T13:06:27.121+0000][info][gc,heap        ] GC(953) Eden regions: 44->0(44)
[2024-08-28T13:06:27.121+0000][info][gc,heap        ] GC(953) Survivor regions: 7->7(7)
[2024-08-28T13:06:27.121+0000][info][gc,heap        ] GC(953) Old regions: 835->778
[2024-08-28T13:06:27.121+0000][info][gc,heap        ] GC(953) Archive regions: 2->2
[2024-08-28T13:06:27.121+0000][info][gc,heap        ] GC(953) Humongous regions: 5->5
[2024-08-28T13:06:27.121+0000][info][gc,metaspace   ] GC(953) Metaspace: 100K(320K)->100K(320K) NonClass: 96K(192K)->96K(192K) Class: 4K(128K)->4K(128K)
[2024-08-28T13:06:27.121+0000][info][gc             ] GC(953) Pause Young (Mixed) (G1 Evacuation Pause) 891M->790M(1024M) 11.554ms
[2024-08-28T13:06:27.121+0000][info][gc,cpu         ] GC(953) User=0.25s Sys=0.01s Real=0.02s
[2024-08-28T13:06:27.145+0000][info][gc,start       ] GC(954) Pause Young (Mixed) (G1 Evacuation Pause)
[2024-08-28T13:06:27.145+0000][info][gc,task        ] GC(954) Using 24 workers of 68 for evacuation
[2024-08-28T13:06:27.156+0000][info][gc,phases      ] GC(954)   Pre Evacuate Collection Set: 0.2ms
[2024-08-28T13:06:27.156+0000][info][gc,phases      ] GC(954)   Merge Heap Roots: 0.3ms
[2024-08-28T13:06:27.156+0000][info][gc,phases      ] GC(954)   Evacuate Collection Set: 10.0ms
[2024-08-28T13:06:27.156+0000][info][gc,phases      ] GC(954)   Post Evacuate Collection Set: 0.4ms
[2024-08-28T13:06:27.156+0000][info][gc,phases      ] GC(954)   Other: 0.2ms
[2024-08-28T13:06:27.156+0000][info][gc,heap        ] GC(954) Eden regions: 44->0(44)
[2024-08-28T13:06:27.156+0000][info][gc,heap        ] GC(954) Survivor regions: 7->7(7)
[2024-08-28T13:06:27.156+0000][info][gc,heap        ] GC(954) Old regions: 778->781
[2024-08-28T13:06:27.156+0000][info][gc,heap        ] GC(954) Archive regions: 2->2
[2024-08-28T13:06:27.156+0000][info][gc,heap        ] GC(954) Humongous regions: 5->5
[2024-08-28T13:06:27.156+0000][info][gc,metaspace   ] GC(954) Metaspace: 100K(320K)->100K(320K) NonClass: 96K(192K)->96K(192K) Class: 4K(128K)->4K(128K)
[2024-08-28T13:06:27.156+0000][info][gc             ] GC(954) Pause Young (Mixed) (G1 Evacuation Pause) 834M->793M(1024M) 11.146ms
[2024-08-28T13:06:27.156+0000][info][gc,cpu         ] GC(954) User=0.23s Sys=0.01s Real=0.01s
[2024-08-28T13:06:27.180+0000][info][gc,start       ] GC(955) Pause Young (Concurrent Start) (G1 Evacuation Pause)
[2024-08-28T13:06:27.180+0000][info][gc,task        ] GC(955) Using 24 workers of 68 for evacuation
[2024-08-28T13:06:27.191+0000][info][gc,phases      ] GC(955)   Pre Evacuate Collection Set: 0.2ms
[2024-08-28T13:06:27.192+0000][info][gc,phases      ] GC(955)   Merge Heap Roots: 0.4ms
[2024-08-28T13:06:27.192+0000][info][gc,phases      ] GC(955)   Evacuate Collection Set: 10.1ms
[2024-08-28T13:06:27.192+0000][info][gc,phases      ] GC(955)   Post Evacuate Collection Set: 0.3ms
[2024-08-28T13:06:27.192+0000][info][gc,phases      ] GC(955)   Other: 0.6ms
[2024-08-28T13:06:27.192+0000][info][gc,heap        ] GC(955) Eden regions: 44->0(44)
[2024-08-28T13:06:27.192+0000][info][gc,heap        ] GC(955) Survivor regions: 7->7(7)
[2024-08-28T13:06:27.192+0000][info][gc,heap        ] GC(955) Old regions: 781->828
[2024-08-28T13:06:27.192+0000][info][gc,heap        ] GC(955) Archive regions: 2->2
[2024-08-28T13:06:27.192+0000][info][gc,heap        ] GC(955) Humongous regions: 5->5
[2024-08-28T13:06:27.192+0000][info][gc,metaspace   ] GC(955) Metaspace: 100K(320K)->100K(320K) NonClass: 96K(192K)->96K(192K) Class: 4K(128K)->4K(128K)
[2024-08-28T13:06:27.192+0000][info][gc             ] GC(955) Pause Young (Concurrent Start) (G1 Evacuation Pause) 837M->840M(1024M) 11.729ms
[2024-08-28T13:06:27.192+0000][info][gc,cpu         ] GC(955) User=0.25s Sys=0.00s Real=0.01s
[2024-08-28T13:06:27.192+0000][info][gc             ] GC(956) Concurrent Mark Cycle
[2024-08-28T13:06:27.192+0000][info][gc,marking     ] GC(956) Concurrent Clear Claimed Marks
[2024-08-28T13:06:27.192+0000][info][gc,marking     ] GC(956) Concurrent Clear Claimed Marks 0.014ms
[2024-08-28T13:06:27.192+0000][info][gc,marking     ] GC(956) Concurrent Scan Root Regions
[2024-08-28T13:06:27.194+0000][info][gc,marking     ] GC(956) Concurrent Scan Root Regions 1.826ms
[2024-08-28T13:06:27.194+0000][info][gc,marking     ] GC(956) Concurrent Mark
[2024-08-28T13:06:27.194+0000][info][gc,marking     ] GC(956) Concurrent Mark From Roots
[2024-08-28T13:06:27.194+0000][info][gc,task        ] GC(956) Using 17 workers of 17 for marking
[2024-08-28T13:06:27.219+0000][info][gc,marking     ] GC(956) Concurrent Mark From Roots 24.958ms
[2024-08-28T13:06:27.219+0000][info][gc,marking     ] GC(956) Concurrent Preclean
[2024-08-28T13:06:27.220+0000][info][gc,marking     ] GC(956) Concurrent Preclean 1.035ms
[2024-08-28T13:06:27.220+0000][info][gc,start       ] GC(956) Pause Remark
[2024-08-28T13:06:27.222+0000][info][gc             ] GC(956) Pause Remark 875M->875M(1024M) 1.409ms
[2024-08-28T13:06:27.222+0000][info][gc,cpu         ] GC(956) User=0.01s Sys=0.00s Real=0.00s
[2024-08-28T13:06:27.222+0000][info][gc,marking     ] GC(956) Concurrent Mark 28.008ms
[2024-08-28T13:06:27.222+0000][info][gc,marking     ] GC(956) Concurrent Rebuild Remembered Sets
[2024-08-28T13:06:27.227+0000][info][gc,start       ] GC(957) Pause Young (Normal) (G1 Evacuation Pause)
[2024-08-28T13:06:27.227+0000][info][gc,task        ] GC(957) Using 24 workers of 68 for evacuation
[2024-08-28T13:06:27.238+0000][info][gc,phases      ] GC(957)   Pre Evacuate Collection Set: 0.1ms
[2024-08-28T13:06:27.238+0000][info][gc,phases      ] GC(957)   Merge Heap Roots: 0.4ms
[2024-08-28T13:06:27.238+0000][info][gc,phases      ] GC(957)   Evacuate Collection Set: 9.7ms
[2024-08-28T13:06:27.238+0000][info][gc,phases      ] GC(957)   Post Evacuate Collection Set: 0.4ms
[2024-08-28T13:06:27.238+0000][info][gc,phases      ] GC(957)   Other: 0.2ms
[2024-08-28T13:06:27.238+0000][info][gc,heap        ] GC(957) Eden regions: 44->0(44)
[2024-08-28T13:06:27.238+0000][info][gc,heap        ] GC(957) Survivor regions: 7->7(7)
[2024-08-28T13:06:27.238+0000][info][gc,heap        ] GC(957) Old regions: 828->873
[2024-08-28T13:06:27.238+0000][info][gc,heap        ] GC(957) Archive regions: 2->2
[2024-08-28T13:06:27.238+0000][info][gc,heap        ] GC(957) Humongous regions: 5->5
[2024-08-28T13:06:27.238+0000][info][gc,metaspace   ] GC(957) Metaspace: 100K(320K)->100K(320K) NonClass: 96K(192K)->96K(192K) Class: 4K(128K)->4K(128K)
[2024-08-28T13:06:27.238+0000][info][gc             ] GC(957) Pause Young (Normal) (G1 Evacuation Pause) 884M->885M(1024M) 10.924ms
[2024-08-28T13:06:27.238+0000][info][gc,cpu         ] GC(957) User=0.25s Sys=0.00s Real=0.02s
[2024-08-28T13:06:27.266+0000][info][gc,start       ] GC(958) Pause Young (Normal) (G1 Evacuation Pause)
[2024-08-28T13:06:27.266+0000][info][gc,task        ] GC(958) Using 24 workers of 68 for evacuation
[2024-08-28T13:06:27.280+0000][info][gc,phases      ] GC(958)   Pre Evacuate Collection Set: 0.1ms
[2024-08-28T13:06:27.280+0000][info][gc,phases      ] GC(958)   Merge Heap Roots: 0.4ms
[2024-08-28T13:06:27.280+0000][info][gc,phases      ] GC(958)   Evacuate Collection Set: 13.5ms
[2024-08-28T13:06:27.280+0000][info][gc,phases      ] GC(958)   Post Evacuate Collection Set: 0.5ms
[2024-08-28T13:06:27.280+0000][info][gc,phases      ] GC(958)   Other: 0.2ms
[2024-08-28T13:06:27.280+0000][info][gc,heap        ] GC(958) Eden regions: 44->0(44)
[2024-08-28T13:06:27.280+0000][info][gc,heap        ] GC(958) Survivor regions: 7->7(7)
[2024-08-28T13:06:27.280+0000][info][gc,heap        ] GC(958) Old regions: 873->919
[2024-08-28T13:06:27.280+0000][info][gc,heap        ] GC(958) Archive regions: 2->2
[2024-08-28T13:06:27.280+0000][info][gc,heap        ] GC(958) Humongous regions: 5->5
[2024-08-28T13:06:27.280+0000][info][gc,metaspace   ] GC(958) Metaspace: 100K(320K)->100K(320K) NonClass: 96K(192K)->96K(192K) Class: 4K(128K)->4K(128K)
[2024-08-28T13:06:27.280+0000][info][gc             ] GC(958) Pause Young (Normal) (G1 Evacuation Pause) 929M->931M(1024M) 14.906ms
[2024-08-28T13:06:27.280+0000][info][gc,cpu         ] GC(958) User=0.34s Sys=0.01s Real=0.02s
[2024-08-28T13:06:27.304+0000][info][gc,marking     ] GC(956) Concurrent Rebuild Remembered Sets 82.711ms
[2024-08-28T13:06:27.305+0000][info][gc,start       ] GC(956) Pause Cleanup
[2024-08-28T13:06:27.306+0000][info][gc             ] GC(956) Pause Cleanup 969M->969M(1024M) 1.594ms
[2024-08-28T13:06:27.306+0000][info][gc,cpu         ] GC(956) User=0.00s Sys=0.01s Real=0.00s
[2024-08-28T13:06:27.306+0000][info][gc,marking     ] GC(956) Concurrent Cleanup for Next Mark
[2024-08-28T13:06:27.307+0000][info][gc,marking     ] GC(956) Concurrent Cleanup for Next Mark 0.709ms
[2024-08-28T13:06:27.307+0000][info][gc             ] GC(956) Concurrent Mark Cycle 115.279ms
[2024-08-28T13:06:27.308+0000][info][gc,start       ] GC(959) Pause Young (Prepare Mixed) (G1 Preventive Collection)
[2024-08-28T13:06:27.308+0000][info][gc,task        ] GC(959) Using 24 workers of 68 for evacuation
[2024-08-28T13:06:27.323+0000][info][gc,phases      ] GC(959)   Pre Evacuate Collection Set: 0.2ms
[2024-08-28T13:06:27.323+0000][info][gc,phases      ] GC(959)   Merge Heap Roots: 0.6ms
[2024-08-28T13:06:27.323+0000][info][gc,phases      ] GC(959)   Evacuate Collection Set: 14.0ms
[2024-08-28T13:06:27.323+0000][info][gc,phases      ] GC(959)   Post Evacuate Collection Set: 0.3ms
[2024-08-28T13:06:27.323+0000][info][gc,phases      ] GC(959)   Other: 0.1ms
[2024-08-28T13:06:27.323+0000][info][gc,heap        ] GC(959) Eden regions: 40->0(44)
[2024-08-28T13:06:27.323+0000][info][gc,heap        ] GC(959) Survivor regions: 7->7(7)
[2024-08-28T13:06:27.323+0000][info][gc,heap        ] GC(959) Old regions: 919->962
[2024-08-28T13:06:27.323+0000][info][gc,heap        ] GC(959) Archive regions: 2->2
[2024-08-28T13:06:27.323+0000][info][gc,heap        ] GC(959) Humongous regions: 5->5
[2024-08-28T13:06:27.323+0000][info][gc,metaspace   ] GC(959) Metaspace: 100K(320K)->100K(320K) NonClass: 96K(192K)->96K(192K) Class: 4K(128K)->4K(128K)
[2024-08-28T13:06:27.323+0000][info][gc             ] GC(959) Pause Young (Prepare Mixed) (G1 Preventive Collection) 971M->974M(1024M) 15.243ms
[2024-08-28T13:06:27.323+0000][info][gc,cpu         ] GC(959) User=0.35s Sys=0.00s Real=0.02s
[2024-08-28T13:06:27.335+0000][info][gc,start       ] GC(960) Pause Young (Mixed) (G1 Preventive Collection)
[2024-08-28T13:06:27.335+0000][info][gc,task        ] GC(960) Using 24 workers of 68 for evacuation
[2024-08-28T13:06:27.342+0000][info][gc,phases      ] GC(960)   Pre Evacuate Collection Set: 0.2ms
[2024-08-28T13:06:27.342+0000][info][gc,phases      ] GC(960)   Merge Heap Roots: 0.3ms
[2024-08-28T13:06:27.342+0000][info][gc,phases      ] GC(960)   Evacuate Collection Set: 6.5ms
[2024-08-28T13:06:27.342+0000][info][gc,phases      ] GC(960)   Post Evacuate Collection Set: 0.4ms
[2024-08-28T13:06:27.342+0000][info][gc,phases      ] GC(960)   Other: 0.2ms
[2024-08-28T13:06:27.342+0000][info][gc,heap        ] GC(960) Eden regions: 19->0(44)
[2024-08-28T13:06:27.342+0000][info][gc,heap        ] GC(960) Survivor regions: 7->7(7)
[2024-08-28T13:06:27.342+0000][info][gc,heap        ] GC(960) Old regions: 962->881
[2024-08-28T13:06:27.342+0000][info][gc,heap        ] GC(960) Archive regions: 2->2
[2024-08-28T13:06:27.342+0000][info][gc,heap        ] GC(960) Humongous regions: 5->5
[2024-08-28T13:06:27.342+0000][info][gc,metaspace   ] GC(960) Metaspace: 100K(320K)->100K(320K) NonClass: 96K(192K)->96K(192K) Class: 4K(128K)->4K(128K)
[2024-08-28T13:06:27.342+0000][info][gc             ] GC(960) Pause Young (Mixed) (G1 Preventive Collection) 993M->893M(1024M) 7.632ms
[2024-08-28T13:06:27.342+0000][info][gc,cpu         ] GC(960) User=0.16s Sys=0.00s Real=0.01s
[2024-08-28T13:06:27.366+0000][info][gc,start       ] GC(961) Pause Young (Mixed) (G1 Evacuation Pause)
[2024-08-28T13:06:27.366+0000][info][gc,task        ] GC(961) Using 24 workers of 68 for evacuation
[2024-08-28T13:06:27.377+0000][info][gc,phases      ] GC(961)   Pre Evacuate Collection Set: 0.2ms
[2024-08-28T13:06:27.378+0000][info][gc,phases      ] GC(961)   Merge Heap Roots: 0.4ms
[2024-08-28T13:06:27.378+0000][info][gc,phases      ] GC(961)   Evacuate Collection Set: 10.4ms
[2024-08-28T13:06:27.378+0000][info][gc,phases      ] GC(961)   Post Evacuate Collection Set: 0.4ms
[2024-08-28T13:06:27.378+0000][info][gc,phases      ] GC(961)   Other: 0.2ms
[2024-08-28T13:06:27.378+0000][info][gc,heap        ] GC(961) Eden regions: 44->0(44)
[2024-08-28T13:06:27.378+0000][info][gc,heap        ] GC(961) Survivor regions: 7->7(7)
[2024-08-28T13:06:27.378+0000][info][gc,heap        ] GC(961) Old regions: 881->823
[2024-08-28T13:06:27.378+0000][info][gc,heap        ] GC(961) Archive regions: 2->2
[2024-08-28T13:06:27.378+0000][info][gc,heap        ] GC(961) Humongous regions: 5->5
[2024-08-28T13:06:27.378+0000][info][gc,metaspace   ] GC(961) Metaspace: 100K(320K)->100K(320K) NonClass: 96K(192K)->96K(192K) Class: 4K(128K)->4K(128K)
[2024-08-28T13:06:27.378+0000][info][gc             ] GC(961) Pause Young (Mixed) (G1 Evacuation Pause) 937M->835M(1024M) 11.741ms
[2024-08-28T13:06:27.378+0000][info][gc,cpu         ] GC(961) User=0.26s Sys=0.00s Real=0.02s
[2024-08-28T13:06:27.402+0000][info][gc,start       ] GC(962) Pause Young (Mixed) (G1 Evacuation Pause)
[2024-08-28T13:06:27.402+0000][info][gc,task        ] GC(962) Using 24 workers of 68 for evacuation
[2024-08-28T13:06:27.413+0000][info][gc,phases      ] GC(962)   Pre Evacuate Collection Set: 0.2ms
[2024-08-28T13:06:27.413+0000][info][gc,phases      ] GC(962)   Merge Heap Roots: 0.4ms
[2024-08-28T13:06:27.413+0000][info][gc,phases      ] GC(962)   Evacuate Collection Set: 10.4ms
[2024-08-28T13:06:27.413+0000][info][gc,phases      ] GC(962)   Post Evacuate Collection Set: 0.4ms
[2024-08-28T13:06:27.413+0000][info][gc,phases      ] GC(962)   Other: 0.2ms
[2024-08-28T13:06:27.413+0000][info][gc,heap        ] GC(962) Eden regions: 44->0(44)
[2024-08-28T13:06:27.413+0000][info][gc,heap        ] GC(962) Survivor regions: 7->7(7)
[2024-08-28T13:06:27.414+0000][info][gc,heap        ] GC(962) Old regions: 823->767
[2024-08-28T13:06:27.414+0000][info][gc,heap        ] GC(962) Archive regions: 2->2
[2024-08-28T13:06:27.414+0000][info][gc,heap        ] GC(962) Humongous regions: 5->5
[2024-08-28T13:06:27.414+0000][info][gc,metaspace   ] GC(962) Metaspace: 100K(320K)->100K(320K) NonClass: 96K(192K)->96K(192K) Class: 4K(128K)->4K(128K)
[2024-08-28T13:06:27.414+0000][info][gc             ] GC(962) Pause Young (Mixed) (G1 Evacuation Pause) 879M->779M(1024M) 11.809ms
[2024-08-28T13:06:27.414+0000][info][gc,cpu         ] GC(962) User=0.26s Sys=0.00s Real=0.01s
[2024-08-28T13:06:27.438+0000][info][gc,start       ] GC(963) Pause Young (Mixed) (G1 Evacuation Pause)
[2024-08-28T13:06:27.438+0000][info][gc,task        ] GC(963) Using 24 workers of 68 for evacuation
[2024-08-28T13:06:27.450+0000][info][gc,phases      ] GC(963)   Pre Evacuate Collection Set: 0.2ms
[2024-08-28T13:06:27.450+0000][info][gc,phases      ] GC(963)   Merge Heap Roots: 0.4ms
[2024-08-28T13:06:27.450+0000][info][gc,phases      ] GC(963)   Evacuate Collection Set: 11.2ms
[2024-08-28T13:06:27.450+0000][info][gc,phases      ] GC(963)   Post Evacuate Collection Set: 0.3ms
[2024-08-28T13:06:27.450+0000][info][gc,phases      ] GC(963)   Other: 0.2ms
[2024-08-28T13:06:27.450+0000][info][gc,heap        ] GC(963) Eden regions: 44->0(44)
[2024-08-28T13:06:27.450+0000][info][gc,heap        ] GC(963) Survivor regions: 7->7(7)
[2024-08-28T13:06:27.450+0000][info][gc,heap        ] GC(963) Old regions: 767->785
[2024-08-28T13:06:27.450+0000][info][gc,heap        ] GC(963) Archive regions: 2->2
[2024-08-28T13:06:27.450+0000][info][gc,heap        ] GC(963) Humongous regions: 5->5
[2024-08-28T13:06:27.450+0000][info][gc,metaspace   ] GC(963) Metaspace: 100K(320K)->100K(320K) NonClass: 96K(192K)->96K(192K) Class: 4K(128K)->4K(128K)
[2024-08-28T13:06:27.450+0000][info][gc             ] GC(963) Pause Young (Mixed) (G1 Evacuation Pause) 823M->797M(1024M) 12.425ms
[2024-08-28T13:06:27.450+0000][info][gc,cpu         ] GC(963) User=0.28s Sys=0.00s Real=0.01s
[2024-08-28T13:06:27.474+0000][info][gc,start       ] GC(964) Pause Young (Concurrent Start) (G1 Evacuation Pause)
[2024-08-28T13:06:27.474+0000][info][gc,task        ] GC(964) Using 24 workers of 68 for evacuation
[2024-08-28T13:06:27.486+0000][info][gc,phases      ] GC(964)   Pre Evacuate Collection Set: 0.2ms
[2024-08-28T13:06:27.486+0000][info][gc,phases      ] GC(964)   Merge Heap Roots: 0.4ms
[2024-08-28T13:06:27.486+0000][info][gc,phases      ] GC(964)   Evacuate Collection Set: 10.2ms
[2024-08-28T13:06:27.486+0000][info][gc,phases      ] GC(964)   Post Evacuate Collection Set: 0.3ms
[2024-08-28T13:06:27.486+0000][info][gc,phases      ] GC(964)   Other: 0.6ms
[2024-08-28T13:06:27.486+0000][info][gc,heap        ] GC(964) Eden regions: 44->0(44)
[2024-08-28T13:06:27.486+0000][info][gc,heap        ] GC(964) Survivor regions: 7->7(7)
[2024-08-28T13:06:27.486+0000][info][gc,heap        ] GC(964) Old regions: 785->832
[2024-08-28T13:06:27.486+0000][info][gc,heap        ] GC(964) Archive regions: 2->2
[2024-08-28T13:06:27.486+0000][info][gc,heap        ] GC(964) Humongous regions: 5->5
[2024-08-28T13:06:27.486+0000][info][gc,metaspace   ] GC(964) Metaspace: 100K(320K)->100K(320K) NonClass: 96K(192K)->96K(192K) Class: 4K(128K)->4K(128K)
[2024-08-28T13:06:27.486+0000][info][gc             ] GC(964) Pause Young (Concurrent Start) (G1 Evacuation Pause) 841M->844M(1024M) 11.667ms
[2024-08-28T13:06:27.486+0000][info][gc,cpu         ] GC(964) User=0.26s Sys=0.00s Real=0.01s
[2024-08-28T13:06:27.486+0000][info][gc             ] GC(965) Concurrent Mark Cycle
[2024-08-28T13:06:27.486+0000][info][gc,marking     ] GC(965) Concurrent Clear Claimed Marks
[2024-08-28T13:06:27.486+0000][info][gc,marking     ] GC(965) Concurrent Clear Claimed Marks 0.009ms
[2024-08-28T13:06:27.486+0000][info][gc,marking     ] GC(965) Concurrent Scan Root Regions
[2024-08-28T13:06:27.488+0000][info][gc,marking     ] GC(965) Concurrent Scan Root Regions 1.758ms
[2024-08-28T13:06:27.488+0000][info][gc,marking     ] GC(965) Concurrent Mark
[2024-08-28T13:06:27.488+0000][info][gc,marking     ] GC(965) Concurrent Mark From Roots
[2024-08-28T13:06:27.488+0000][info][gc,task        ] GC(965) Using 17 workers of 17 for marking
[2024-08-28T13:06:27.512+0000][info][gc,marking     ] GC(965) Concurrent Mark From Roots 24.402ms
[2024-08-28T13:06:27.512+0000][info][gc,marking     ] GC(965) Concurrent Preclean
[2024-08-28T13:06:27.513+0000][info][gc,marking     ] GC(965) Concurrent Preclean 0.693ms
[2024-08-28T13:06:27.513+0000][info][gc,start       ] GC(965) Pause Remark
[2024-08-28T13:06:27.515+0000][info][gc             ] GC(965) Pause Remark 877M->877M(1024M) 1.237ms
[2024-08-28T13:06:27.515+0000][info][gc,cpu         ] GC(965) User=0.00s Sys=0.01s Real=0.00s
[2024-08-28T13:06:27.515+0000][info][gc,marking     ] GC(965) Concurrent Mark 26.686ms
[2024-08-28T13:06:27.515+0000][info][gc,marking     ] GC(965) Concurrent Rebuild Remembered Sets
[2024-08-28T13:06:27.521+0000][info][gc,start       ] GC(966) Pause Young (Normal) (G1 Evacuation Pause)
[2024-08-28T13:06:27.521+0000][info][gc,task        ] GC(966) Using 24 workers of 68 for evacuation
[2024-08-28T13:06:27.532+0000][info][gc,phases      ] GC(966)   Pre Evacuate Collection Set: 0.2ms
[2024-08-28T13:06:27.532+0000][info][gc,phases      ] GC(966)   Merge Heap Roots: 0.4ms
[2024-08-28T13:06:27.532+0000][info][gc,phases      ] GC(966)   Evacuate Collection Set: 9.8ms
[2024-08-28T13:06:27.532+0000][info][gc,phases      ] GC(966)   Post Evacuate Collection Set: 0.4ms
[2024-08-28T13:06:27.532+0000][info][gc,phases      ] GC(966)   Other: 0.2ms
[2024-08-28T13:06:27.532+0000][info][gc,heap        ] GC(966) Eden regions: 44->0(44)
[2024-08-28T13:06:27.532+0000][info][gc,heap        ] GC(966) Survivor regions: 7->7(7)
[2024-08-28T13:06:27.532+0000][info][gc,heap        ] GC(966) Old regions: 832->879
[2024-08-28T13:06:27.532+0000][info][gc,heap        ] GC(966) Archive regions: 2->2
[2024-08-28T13:06:27.532+0000][info][gc,heap        ] GC(966) Humongous regions: 5->5
[2024-08-28T13:06:27.532+0000][info][gc,metaspace   ] GC(966) Metaspace: 100K(320K)->100K(320K) NonClass: 96K(192K)->96K(192K) Class: 4K(128K)->4K(128K)
[2024-08-28T13:06:27.532+0000][info][gc             ] GC(966) Pause Young (Normal) (G1 Evacuation Pause) 888M->891M(1024M) 10.935ms
[2024-08-28T13:06:27.532+0000][info][gc,cpu         ] GC(966) User=0.24s Sys=0.00s Real=0.01s
[2024-08-28T13:06:27.558+0000][info][gc,start       ] GC(967) Pause Young (Normal) (G1 Evacuation Pause)
[2024-08-28T13:06:27.558+0000][info][gc,task        ] GC(967) Using 24 workers of 68 for evacuation
[2024-08-28T13:06:27.573+0000][info][gc,phases      ] GC(967)   Pre Evacuate Collection Set: 0.1ms
[2024-08-28T13:06:27.573+0000][info][gc,phases      ] GC(967)   Merge Heap Roots: 0.4ms
[2024-08-28T13:06:27.573+0000][info][gc,phases      ] GC(967)   Evacuate Collection Set: 13.4ms
[2024-08-28T13:06:27.573+0000][info][gc,phases      ] GC(967)   Post Evacuate Collection Set: 0.5ms
[2024-08-28T13:06:27.573+0000][info][gc,phases      ] GC(967)   Other: 0.2ms
[2024-08-28T13:06:27.573+0000][info][gc,heap        ] GC(967) Eden regions: 44->0(44)
[2024-08-28T13:06:27.573+0000][info][gc,heap        ] GC(967) Survivor regions: 7->7(7)
[2024-08-28T13:06:27.573+0000][info][gc,heap        ] GC(967) Old regions: 879->925
[2024-08-28T13:06:27.573+0000][info][gc,heap        ] GC(967) Archive regions: 2->2
[2024-08-28T13:06:27.573+0000][info][gc,heap        ] GC(967) Humongous regions: 5->5
[2024-08-28T13:06:27.573+0000][info][gc,metaspace   ] GC(967) Metaspace: 100K(320K)->100K(320K) NonClass: 96K(192K)->96K(192K) Class: 4K(128K)->4K(128K)
[2024-08-28T13:06:27.573+0000][info][gc             ] GC(967) Pause Young (Normal) (G1 Evacuation Pause) 935M->937M(1024M) 14.779ms
[2024-08-28T13:06:27.573+0000][info][gc,cpu         ] GC(967) User=0.34s Sys=0.00s Real=0.01s
[2024-08-28T13:06:27.597+0000][info][gc,start       ] GC(968) Pause Young (Normal) (G1 Preventive Collection)
[2024-08-28T13:06:27.597+0000][info][gc,task        ] GC(968) Using 24 workers of 68 for evacuation
[2024-08-28T13:06:27.612+0000][info][gc,phases      ] GC(968)   Pre Evacuate Collection Set: 0.2ms
[2024-08-28T13:06:27.613+0000][info][gc,phases      ] GC(968)   Merge Heap Roots: 0.6ms
[2024-08-28T13:06:27.613+0000][info][gc,phases      ] GC(968)   Evacuate Collection Set: 13.9ms
[2024-08-28T13:06:27.613+0000][info][gc,phases      ] GC(968)   Post Evacuate Collection Set: 0.6ms
[2024-08-28T13:06:27.613+0000][info][gc,phases      ] GC(968)   Other: 0.2ms
[2024-08-28T13:06:27.613+0000][info][gc,heap        ] GC(968) Eden regions: 37->0(44)
[2024-08-28T13:06:27.613+0000][info][gc,heap        ] GC(968) Survivor regions: 7->7(7)
[2024-08-28T13:06:27.613+0000][info][gc,heap        ] GC(968) Old regions: 925->966
[2024-08-28T13:06:27.613+0000][info][gc,heap        ] GC(968) Archive regions: 2->2
[2024-08-28T13:06:27.613+0000][info][gc,heap        ] GC(968) Humongous regions: 5->5
[2024-08-28T13:06:27.613+0000][info][gc,metaspace   ] GC(968) Metaspace: 100K(320K)->100K(320K) NonClass: 96K(192K)->96K(192K) Class: 4K(128K)->4K(128K)
[2024-08-28T13:06:27.613+0000][info][gc             ] GC(968) Pause Young (Normal) (G1 Preventive Collection) 974M->978M(1024M) 15.565ms
[2024-08-28T13:06:27.613+0000][info][gc,cpu         ] GC(968) User=0.36s Sys=0.00s Real=0.02s
[2024-08-28T13:06:27.615+0000][info][gc,marking     ] GC(965) Concurrent Rebuild Remembered Sets 100.718ms
[2024-08-28T13:06:27.616+0000][info][gc,start       ] GC(965) Pause Cleanup
[2024-08-28T13:06:27.617+0000][info][gc             ] GC(965) Pause Cleanup 983M->983M(1024M) 1.498ms
[2024-08-28T13:06:27.617+0000][info][gc,cpu         ] GC(965) User=0.00s Sys=0.00s Real=0.00s
[2024-08-28T13:06:27.617+0000][info][gc,marking     ] GC(965) Concurrent Cleanup for Next Mark
[2024-08-28T13:06:27.618+0000][info][gc,marking     ] GC(965) Concurrent Cleanup for Next Mark 0.793ms
[2024-08-28T13:06:27.618+0000][info][gc             ] GC(965) Concurrent Mark Cycle 131.818ms
[2024-08-28T13:06:27.625+0000][info][gc,start       ] GC(969) Pause Young (Prepare Mixed) (G1 Preventive Collection)
[2024-08-28T13:06:27.625+0000][info][gc,task        ] GC(969) Using 24 workers of 68 for evacuation
[2024-08-28T13:06:27.640+0000][info][gc,phases      ] GC(969)   Pre Evacuate Collection Set: 0.1ms
[2024-08-28T13:06:27.640+0000][info][gc,phases      ] GC(969)   Merge Heap Roots: 0.6ms
[2024-08-28T13:06:27.640+0000][info][gc,phases      ] GC(969)   Evacuate Collection Set: 13.3ms
[2024-08-28T13:06:27.640+0000][info][gc,phases      ] GC(969)   Post Evacuate Collection Set: 0.3ms
[2024-08-28T13:06:27.640+0000][info][gc,phases      ] GC(969)   Other: 0.2ms
[2024-08-28T13:06:27.640+0000][info][gc,heap        ] GC(969) Eden regions: 17->0(44)
[2024-08-28T13:06:27.640+0000][info][gc,heap        ] GC(969) Survivor regions: 7->7(7)
[2024-08-28T13:06:27.640+0000][info][gc,heap        ] GC(969) Old regions: 966->985
[2024-08-28T13:06:27.640+0000][info][gc,heap        ] GC(969) Archive regions: 2->2
[2024-08-28T13:06:27.640+0000][info][gc,heap        ] GC(969) Humongous regions: 5->5
[2024-08-28T13:06:27.640+0000][info][gc,metaspace   ] GC(969) Metaspace: 100K(320K)->100K(320K) NonClass: 96K(192K)->96K(192K) Class: 4K(128K)->4K(128K)
[2024-08-28T13:06:27.640+0000][info][gc             ] GC(969) Pause Young (Prepare Mixed) (G1 Preventive Collection) 995M->997M(1024M) 14.565ms
[2024-08-28T13:06:27.640+0000][info][gc,cpu         ] GC(969) User=0.34s Sys=0.00s Real=0.02s
[2024-08-28T13:06:27.644+0000][info][gc,start       ] GC(970) Pause Young (Mixed) (G1 Preventive Collection)
[2024-08-28T13:06:27.644+0000][info][gc,task        ] GC(970) Using 24 workers of 68 for evacuation
[2024-08-28T13:06:27.649+0000][info][gc,phases      ] GC(970)   Pre Evacuate Collection Set: 0.2ms
[2024-08-28T13:06:27.649+0000][info][gc,phases      ] GC(970)   Merge Heap Roots: 0.3ms
[2024-08-28T13:06:27.649+0000][info][gc,phases      ] GC(970)   Evacuate Collection Set: 3.8ms
[2024-08-28T13:06:27.649+0000][info][gc,phases      ] GC(970)   Post Evacuate Collection Set: 0.3ms
[2024-08-28T13:06:27.649+0000][info][gc,phases      ] GC(970)   Other: 0.1ms
[2024-08-28T13:06:27.649+0000][info][gc,heap        ] GC(970) Eden regions: 7->0(44)
[2024-08-28T13:06:27.649+0000][info][gc,heap        ] GC(970) Survivor regions: 7->7(7)
[2024-08-28T13:06:27.649+0000][info][gc,heap        ] GC(970) Old regions: 985->891
[2024-08-28T13:06:27.649+0000][info][gc,heap        ] GC(970) Archive regions: 2->2
[2024-08-28T13:06:27.649+0000][info][gc,heap        ] GC(970) Humongous regions: 5->5
[2024-08-28T13:06:27.649+0000][info][gc,metaspace   ] GC(970) Metaspace: 100K(320K)->100K(320K) NonClass: 96K(192K)->96K(192K) Class: 4K(128K)->4K(128K)
[2024-08-28T13:06:27.649+0000][info][gc             ] GC(970) Pause Young (Mixed) (G1 Preventive Collection) 1004M->903M(1024M) 4.741ms
[2024-08-28T13:06:27.649+0000][info][gc,cpu         ] GC(970) User=0.10s Sys=0.00s Real=0.00s
[2024-08-28T13:06:27.673+0000][info][gc,start       ] GC(971) Pause Young (Mixed) (G1 Evacuation Pause)
[2024-08-28T13:06:27.673+0000][info][gc,task        ] GC(971) Using 24 workers of 68 for evacuation
[2024-08-28T13:06:27.684+0000][info][gc,phases      ] GC(971)   Pre Evacuate Collection Set: 0.2ms
[2024-08-28T13:06:27.684+0000][info][gc,phases      ] GC(971)   Merge Heap Roots: 0.4ms
[2024-08-28T13:06:27.684+0000][info][gc,phases      ] GC(971)   Evacuate Collection Set: 9.6ms
[2024-08-28T13:06:27.684+0000][info][gc,phases      ] GC(971)   Post Evacuate Collection Set: 0.4ms
[2024-08-28T13:06:27.684+0000][info][gc,phases      ] GC(971)   Other: 0.3ms
[2024-08-28T13:06:27.684+0000][info][gc,heap        ] GC(971) Eden regions: 44->0(44)
[2024-08-28T13:06:27.684+0000][info][gc,heap        ] GC(971) Survivor regions: 7->7(7)
[2024-08-28T13:06:27.684+0000][info][gc,heap        ] GC(971) Old regions: 891->832
[2024-08-28T13:06:27.684+0000][info][gc,heap        ] GC(971) Archive regions: 2->2
[2024-08-28T13:06:27.684+0000][info][gc,heap        ] GC(971) Humongous regions: 5->5
[2024-08-28T13:06:27.684+0000][info][gc,metaspace   ] GC(971) Metaspace: 100K(320K)->100K(320K) NonClass: 96K(192K)->96K(192K) Class: 4K(128K)->4K(128K)
[2024-08-28T13:06:27.684+0000][info][gc             ] GC(971) Pause Young (Mixed) (G1 Evacuation Pause) 947M->844M(1024M) 10.981ms
[2024-08-28T13:06:27.684+0000][info][gc,cpu         ] GC(971) User=0.23s Sys=0.01s Real=0.01s
[2024-08-28T13:06:27.707+0000][info][gc,start       ] GC(972) Pause Young (Mixed) (G1 Evacuation Pause)
[2024-08-28T13:06:27.708+0000][info][gc,task        ] GC(972) Using 24 workers of 68 for evacuation
[2024-08-28T13:06:27.719+0000][info][gc,phases      ] GC(972)   Pre Evacuate Collection Set: 0.2ms
[2024-08-28T13:06:27.719+0000][info][gc,phases      ] GC(972)   Merge Heap Roots: 0.4ms
[2024-08-28T13:06:27.719+0000][info][gc,phases      ] GC(972)   Evacuate Collection Set: 10.0ms
[2024-08-28T13:06:27.719+0000][info][gc,phases      ] GC(972)   Post Evacuate Collection Set: 0.4ms
[2024-08-28T13:06:27.719+0000][info][gc,phases      ] GC(972)   Other: 0.3ms
[2024-08-28T13:06:27.719+0000][info][gc,heap        ] GC(972) Eden regions: 44->0(44)
[2024-08-28T13:06:27.719+0000][info][gc,heap        ] GC(972) Survivor regions: 7->7(7)
[2024-08-28T13:06:27.719+0000][info][gc,heap        ] GC(972) Old regions: 832->775
[2024-08-28T13:06:27.719+0000][info][gc,heap        ] GC(972) Archive regions: 2->2
[2024-08-28T13:06:27.719+0000][info][gc,heap        ] GC(972) Humongous regions: 5->5
[2024-08-28T13:06:27.719+0000][info][gc,metaspace   ] GC(972) Metaspace: 100K(320K)->100K(320K) NonClass: 96K(192K)->96K(192K) Class: 4K(128K)->4K(128K)
[2024-08-28T13:06:27.719+0000][info][gc             ] GC(972) Pause Young (Mixed) (G1 Evacuation Pause) 888M->787M(1024M) 11.417ms
[2024-08-28T13:06:27.719+0000][info][gc,cpu         ] GC(972) User=0.25s Sys=0.00s Real=0.02s
[2024-08-28T13:06:27.742+0000][info][gc,start       ] GC(973) Pause Young (Mixed) (G1 Evacuation Pause)
[2024-08-28T13:06:27.742+0000][info][gc,task        ] GC(973) Using 24 workers of 68 for evacuation
[2024-08-28T13:06:27.754+0000][info][gc,phases      ] GC(973)   Pre Evacuate Collection Set: 0.2ms
[2024-08-28T13:06:27.754+0000][info][gc,phases      ] GC(973)   Merge Heap Roots: 0.3ms
[2024-08-28T13:06:27.754+0000][info][gc,phases      ] GC(973)   Evacuate Collection Set: 10.5ms
[2024-08-28T13:06:27.754+0000][info][gc,phases      ] GC(973)   Post Evacuate Collection Set: 0.4ms
[2024-08-28T13:06:27.754+0000][info][gc,phases      ] GC(973)   Other: 0.2ms
[2024-08-28T13:06:27.754+0000][info][gc,heap        ] GC(973) Eden regions: 44->0(44)
[2024-08-28T13:06:27.754+0000][info][gc,heap        ] GC(973) Survivor regions: 7->7(7)
[2024-08-28T13:06:27.754+0000][info][gc,heap        ] GC(973) Old regions: 775->793
[2024-08-28T13:06:27.754+0000][info][gc,heap        ] GC(973) Archive regions: 2->2
[2024-08-28T13:06:27.754+0000][info][gc,heap        ] GC(973) Humongous regions: 5->5
[2024-08-28T13:06:27.754+0000][info][gc,metaspace   ] GC(973) Metaspace: 100K(320K)->100K(320K) NonClass: 96K(192K)->96K(192K) Class: 4K(128K)->4K(128K)
[2024-08-28T13:06:27.754+0000][info][gc             ] GC(973) Pause Young (Mixed) (G1 Evacuation Pause) 831M->805M(1024M) 11.646ms
[2024-08-28T13:06:27.754+0000][info][gc,cpu         ] GC(973) User=0.24s Sys=0.02s Real=0.01s
[2024-08-28T13:06:27.778+0000][info][gc,start       ] GC(974) Pause Young (Concurrent Start) (G1 Evacuation Pause)
[2024-08-28T13:06:27.778+0000][info][gc,task        ] GC(974) Using 24 workers of 68 for evacuation
[2024-08-28T13:06:27.789+0000][info][gc,phases      ] GC(974)   Pre Evacuate Collection Set: 0.2ms
[2024-08-28T13:06:27.789+0000][info][gc,phases      ] GC(974)   Merge Heap Roots: 0.4ms
[2024-08-28T13:06:27.789+0000][info][gc,phases      ] GC(974)   Evacuate Collection Set: 9.9ms
[2024-08-28T13:06:27.789+0000][info][gc,phases      ] GC(974)   Post Evacuate Collection Set: 0.4ms
[2024-08-28T13:06:27.789+0000][info][gc,phases      ] GC(974)   Other: 0.6ms
[2024-08-28T13:06:27.789+0000][info][gc,heap        ] GC(974) Eden regions: 44->0(44)
[2024-08-28T13:06:27.789+0000][info][gc,heap        ] GC(974) Survivor regions: 7->7(7)
[2024-08-28T13:06:27.789+0000][info][gc,heap        ] GC(974) Old regions: 793->840
[2024-08-28T13:06:27.789+0000][info][gc,heap        ] GC(974) Archive regions: 2->2
[2024-08-28T13:06:27.789+0000][info][gc,heap        ] GC(974) Humongous regions: 5->5
[2024-08-28T13:06:27.789+0000][info][gc,metaspace   ] GC(974) Metaspace: 100K(320K)->100K(320K) NonClass: 96K(192K)->96K(192K) Class: 4K(128K)->4K(128K)
[2024-08-28T13:06:27.789+0000][info][gc             ] GC(974) Pause Young (Concurrent Start) (G1 Evacuation Pause) 849M->852M(1024M) 11.429ms
[2024-08-28T13:06:27.789+0000][info][gc,cpu         ] GC(974) User=0.24s Sys=0.00s Real=0.00s
[2024-08-28T13:06:27.789+0000][info][gc             ] GC(975) Concurrent Mark Cycle
[2024-08-28T13:06:27.789+0000][info][gc,marking     ] GC(975) Concurrent Clear Claimed Marks
[2024-08-28T13:06:27.789+0000][info][gc,marking     ] GC(975) Concurrent Clear Claimed Marks 0.012ms
[2024-08-28T13:06:27.789+0000][info][gc,marking     ] GC(975) Concurrent Scan Root Regions
[2024-08-28T13:06:27.791+0000][info][gc,marking     ] GC(975) Concurrent Scan Root Regions 1.820ms
[2024-08-28T13:06:27.791+0000][info][gc,marking     ] GC(975) Concurrent Mark
[2024-08-28T13:06:27.791+0000][info][gc,marking     ] GC(975) Concurrent Mark From Roots
[2024-08-28T13:06:27.791+0000][info][gc,task        ] GC(975) Using 17 workers of 17 for marking
[2024-08-28T13:06:27.816+0000][info][gc,marking     ] GC(975) Concurrent Mark From Roots 24.545ms
[2024-08-28T13:06:27.816+0000][info][gc,marking     ] GC(975) Concurrent Preclean
[2024-08-28T13:06:27.817+0000][info][gc,marking     ] GC(975) Concurrent Preclean 0.793ms
[2024-08-28T13:06:27.817+0000][info][gc,start       ] GC(975) Pause Remark
[2024-08-28T13:06:27.818+0000][info][gc             ] GC(975) Pause Remark 886M->886M(1024M) 1.265ms
[2024-08-28T13:06:27.818+0000][info][gc,cpu         ] GC(975) User=0.01s Sys=0.00s Real=0.01s
[2024-08-28T13:06:27.818+0000][info][gc,marking     ] GC(975) Concurrent Mark 27.011ms
[2024-08-28T13:06:27.818+0000][info][gc,marking     ] GC(975) Concurrent Rebuild Remembered Sets
[2024-08-28T13:06:27.824+0000][info][gc,start       ] GC(976) Pause Young (Normal) (G1 Evacuation Pause)
[2024-08-28T13:06:27.824+0000][info][gc,task        ] GC(976) Using 24 workers of 68 for evacuation
[2024-08-28T13:06:27.835+0000][info][gc,phases      ] GC(976)   Pre Evacuate Collection Set: 0.1ms
[2024-08-28T13:06:27.835+0000][info][gc,phases      ] GC(976)   Merge Heap Roots: 0.4ms
[2024-08-28T13:06:27.835+0000][info][gc,phases      ] GC(976)   Evacuate Collection Set: 10.0ms
[2024-08-28T13:06:27.835+0000][info][gc,phases      ] GC(976)   Post Evacuate Collection Set: 0.4ms
[2024-08-28T13:06:27.835+0000][info][gc,phases      ] GC(976)   Other: 0.2ms
[2024-08-28T13:06:27.835+0000][info][gc,heap        ] GC(976) Eden regions: 44->0(44)
[2024-08-28T13:06:27.835+0000][info][gc,heap        ] GC(976) Survivor regions: 7->7(7)
[2024-08-28T13:06:27.835+0000][info][gc,heap        ] GC(976) Old regions: 840->886
[2024-08-28T13:06:27.835+0000][info][gc,heap        ] GC(976) Archive regions: 2->2
[2024-08-28T13:06:27.835+0000][info][gc,heap        ] GC(976) Humongous regions: 5->5
[2024-08-28T13:06:27.835+0000][info][gc,metaspace   ] GC(976) Metaspace: 100K(320K)->100K(320K) NonClass: 96K(192K)->96K(192K) Class: 4K(128K)->4K(128K)
[2024-08-28T13:06:27.835+0000][info][gc             ] GC(976) Pause Young (Normal) (G1 Evacuation Pause) 896M->898M(1024M) 11.093ms
[2024-08-28T13:06:27.835+0000][info][gc,cpu         ] GC(976) User=0.25s Sys=0.00s Real=0.01s
[2024-08-28T13:06:27.861+0000][info][gc,start       ] GC(977) Pause Young (Normal) (G1 Evacuation Pause)
[2024-08-28T13:06:27.861+0000][info][gc,task        ] GC(977) Using 24 workers of 68 for evacuation
[2024-08-28T13:06:27.876+0000][info][gc,phases      ] GC(977)   Pre Evacuate Collection Set: 0.2ms
[2024-08-28T13:06:27.876+0000][info][gc,phases      ] GC(977)   Merge Heap Roots: 0.5ms
[2024-08-28T13:06:27.876+0000][info][gc,phases      ] GC(977)   Evacuate Collection Set: 13.2ms
[2024-08-28T13:06:27.876+0000][info][gc,phases      ] GC(977)   Post Evacuate Collection Set: 0.5ms
[2024-08-28T13:06:27.876+0000][info][gc,phases      ] GC(977)   Other: 0.2ms
[2024-08-28T13:06:27.876+0000][info][gc,heap        ] GC(977) Eden regions: 44->0(44)
[2024-08-28T13:06:27.876+0000][info][gc,heap        ] GC(977) Survivor regions: 7->7(7)
[2024-08-28T13:06:27.876+0000][info][gc,heap        ] GC(977) Old regions: 886->932
[2024-08-28T13:06:27.876+0000][info][gc,heap        ] GC(977) Archive regions: 2->2
[2024-08-28T13:06:27.876+0000][info][gc,heap        ] GC(977) Humongous regions: 5->5
[2024-08-28T13:06:27.876+0000][info][gc,metaspace   ] GC(977) Metaspace: 100K(320K)->100K(320K) NonClass: 96K(192K)->96K(192K) Class: 4K(128K)->4K(128K)
[2024-08-28T13:06:27.876+0000][info][gc             ] GC(977) Pause Young (Normal) (G1 Evacuation Pause) 942M->944M(1024M) 14.593ms
[2024-08-28T13:06:27.876+0000][info][gc,cpu         ] GC(977) User=0.32s Sys=0.00s Real=0.01s
[2024-08-28T13:06:27.898+0000][info][gc,start       ] GC(978) Pause Young (Normal) (G1 Preventive Collection)
[2024-08-28T13:06:27.898+0000][info][gc,task        ] GC(978) Using 24 workers of 68 for evacuation
[2024-08-28T13:06:27.913+0000][info][gc,phases      ] GC(978)   Pre Evacuate Collection Set: 0.2ms
[2024-08-28T13:06:27.913+0000][info][gc,phases      ] GC(978)   Merge Heap Roots: 0.5ms
[2024-08-28T13:06:27.913+0000][info][gc,phases      ] GC(978)   Evacuate Collection Set: 13.6ms
[2024-08-28T13:06:27.913+0000][info][gc,phases      ] GC(978)   Post Evacuate Collection Set: 0.6ms
[2024-08-28T13:06:27.913+0000][info][gc,phases      ] GC(978)   Other: 0.2ms
[2024-08-28T13:06:27.913+0000][info][gc,heap        ] GC(978) Eden regions: 34->0(44)
[2024-08-28T13:06:27.913+0000][info][gc,heap        ] GC(978) Survivor regions: 7->7(7)
[2024-08-28T13:06:27.913+0000][info][gc,heap        ] GC(978) Old regions: 932->969
[2024-08-28T13:06:27.913+0000][info][gc,heap        ] GC(978) Archive regions: 2->2
[2024-08-28T13:06:27.913+0000][info][gc,heap        ] GC(978) Humongous regions: 5->5
[2024-08-28T13:06:27.913+0000][info][gc,metaspace   ] GC(978) Metaspace: 100K(320K)->100K(320K) NonClass: 96K(192K)->96K(192K) Class: 4K(128K)->4K(128K)
[2024-08-28T13:06:27.913+0000][info][gc             ] GC(978) Pause Young (Normal) (G1 Preventive Collection) 978M->981M(1024M) 15.234ms
[2024-08-28T13:06:27.913+0000][info][gc,cpu         ] GC(978) User=0.35s Sys=0.00s Real=0.01s
[2024-08-28T13:06:27.916+0000][info][gc,marking     ] GC(975) Concurrent Rebuild Remembered Sets 97.914ms
[2024-08-28T13:06:27.916+0000][info][gc,start       ] GC(975) Pause Cleanup
[2024-08-28T13:06:27.918+0000][info][gc             ] GC(975) Pause Cleanup 987M->987M(1024M) 1.581ms
[2024-08-28T13:06:27.918+0000][info][gc,cpu         ] GC(975) User=0.00s Sys=0.00s Real=0.01s
[2024-08-28T13:06:27.918+0000][info][gc,marking     ] GC(975) Concurrent Cleanup for Next Mark
[2024-08-28T13:06:27.919+0000][info][gc,marking     ] GC(975) Concurrent Cleanup for Next Mark 0.819ms
[2024-08-28T13:06:27.919+0000][info][gc             ] GC(975) Concurrent Mark Cycle 129.573ms
[2024-08-28T13:06:27.925+0000][info][gc,start       ] GC(979) Pause Young (Prepare Mixed) (G1 Preventive Collection)
[2024-08-28T13:06:27.925+0000][info][gc,task        ] GC(979) Using 24 workers of 68 for evacuation
[2024-08-28T13:06:27.938+0000][info][gc             ] GC(979) To-space exhausted
[2024-08-28T13:06:27.939+0000][info][gc,phases      ] GC(979)   Pre Evacuate Collection Set: 0.2ms
[2024-08-28T13:06:27.939+0000][info][gc,phases      ] GC(979)   Merge Heap Roots: 0.7ms
[2024-08-28T13:06:27.939+0000][info][gc,phases      ] GC(979)   Evacuate Collection Set: 12.0ms
[2024-08-28T13:06:27.939+0000][info][gc,phases      ] GC(979)   Post Evacuate Collection Set: 0.5ms
[2024-08-28T13:06:27.939+0000][info][gc,phases      ] GC(979)   Other: 0.2ms
[2024-08-28T13:06:27.939+0000][info][gc,heap        ] GC(979) Eden regions: 16->0(44)
[2024-08-28T13:06:27.939+0000][info][gc,heap        ] GC(979) Survivor regions: 7->7(7)
[2024-08-28T13:06:27.939+0000][info][gc,heap        ] GC(979) Old regions: 969->992
[2024-08-28T13:06:27.939+0000][info][gc,heap        ] GC(979) Archive regions: 2->2
[2024-08-28T13:06:27.939+0000][info][gc,heap        ] GC(979) Humongous regions: 5->5
[2024-08-28T13:06:27.939+0000][info][gc,metaspace   ] GC(979) Metaspace: 100K(320K)->100K(320K) NonClass: 96K(192K)->96K(192K) Class: 4K(128K)->4K(128K)
[2024-08-28T13:06:27.939+0000][info][gc             ] GC(979) Pause Young (Prepare Mixed) (G1 Preventive Collection) 997M->1004M(1024M) 13.569ms
[2024-08-28T13:06:27.939+0000][info][gc,cpu         ] GC(979) User=0.30s Sys=0.00s Real=0.02s
[2024-08-28T13:06:27.941+0000][info][gc,start       ] GC(980) Pause Young (Mixed) (G1 Preventive Collection)
[2024-08-28T13:06:27.941+0000][info][gc,task        ] GC(980) Using 24 workers of 68 for evacuation
[2024-08-28T13:06:27.945+0000][info][gc,phases      ] GC(980)   Pre Evacuate Collection Set: 0.1ms
[2024-08-28T13:06:27.945+0000][info][gc,phases      ] GC(980)   Merge Heap Roots: 0.2ms
[2024-08-28T13:06:27.945+0000][info][gc,phases      ] GC(980)   Evacuate Collection Set: 3.1ms
[2024-08-28T13:06:27.945+0000][info][gc,phases      ] GC(980)   Post Evacuate Collection Set: 0.3ms
[2024-08-28T13:06:27.945+0000][info][gc,phases      ] GC(980)   Other: 0.1ms
[2024-08-28T13:06:27.945+0000][info][gc,heap        ] GC(980) Eden regions: 4->0(46)
[2024-08-28T13:06:27.945+0000][info][gc,heap        ] GC(980) Survivor regions: 7->5(7)
[2024-08-28T13:06:27.945+0000][info][gc,heap        ] GC(980) Old regions: 992->898
[2024-08-28T13:06:27.945+0000][info][gc,heap        ] GC(980) Archive regions: 2->2
[2024-08-28T13:06:27.945+0000][info][gc,heap        ] GC(980) Humongous regions: 5->5
[2024-08-28T13:06:27.945+0000][info][gc,metaspace   ] GC(980) Metaspace: 100K(320K)->100K(320K) NonClass: 96K(192K)->96K(192K) Class: 4K(128K)->4K(128K)
[2024-08-28T13:06:27.945+0000][info][gc             ] GC(980) Pause Young (Mixed) (G1 Preventive Collection) 1008M->908M(1024M) 3.954ms
[2024-08-28T13:06:27.945+0000][info][gc,cpu         ] GC(980) User=0.08s Sys=0.00s Real=0.00s
[2024-08-28T13:06:27.969+0000][info][gc,start       ] GC(981) Pause Young (Mixed) (G1 Evacuation Pause)
[2024-08-28T13:06:27.969+0000][info][gc,task        ] GC(981) Using 24 workers of 68 for evacuation
[2024-08-28T13:06:27.979+0000][info][gc,phases      ] GC(981)   Pre Evacuate Collection Set: 0.2ms
[2024-08-28T13:06:27.979+0000][info][gc,phases      ] GC(981)   Merge Heap Roots: 0.4ms
[2024-08-28T13:06:27.979+0000][info][gc,phases      ] GC(981)   Evacuate Collection Set: 9.5ms
[2024-08-28T13:06:27.979+0000][info][gc,phases      ] GC(981)   Post Evacuate Collection Set: 0.4ms
[2024-08-28T13:06:27.979+0000][info][gc,phases      ] GC(981)   Other: 0.2ms
[2024-08-28T13:06:27.979+0000][info][gc,heap        ] GC(981) Eden regions: 46->0(44)
[2024-08-28T13:06:27.979+0000][info][gc,heap        ] GC(981) Survivor regions: 5->7(7)
[2024-08-28T13:06:27.979+0000][info][gc,heap        ] GC(981) Old regions: 898->838
[2024-08-28T13:06:27.979+0000][info][gc,heap        ] GC(981) Archive regions: 2->2
[2024-08-28T13:06:27.979+0000][info][gc,heap        ] GC(981) Humongous regions: 5->5
[2024-08-28T13:06:27.979+0000][info][gc,metaspace   ] GC(981) Metaspace: 100K(320K)->100K(320K) NonClass: 96K(192K)->96K(192K) Class: 4K(128K)->4K(128K)
[2024-08-28T13:06:27.979+0000][info][gc             ] GC(981) Pause Young (Mixed) (G1 Evacuation Pause) 954M->850M(1024M) 10.811ms
[2024-08-28T13:06:27.979+0000][info][gc,cpu         ] GC(981) User=0.24s Sys=0.00s Real=0.02s
[2024-08-28T13:06:28.003+0000][info][gc,start       ] GC(982) Pause Young (Mixed) (G1 Evacuation Pause)
[2024-08-28T13:06:28.003+0000][info][gc,task        ] GC(982) Using 24 workers of 68 for evacuation
[2024-08-28T13:06:28.014+0000][info][gc,phases      ] GC(982)   Pre Evacuate Collection Set: 0.2ms
[2024-08-28T13:06:28.014+0000][info][gc,phases      ] GC(982)   Merge Heap Roots: 0.3ms
[2024-08-28T13:06:28.014+0000][info][gc,phases      ] GC(982)   Evacuate Collection Set: 10.0ms
[2024-08-28T13:06:28.014+0000][info][gc,phases      ] GC(982)   Post Evacuate Collection Set: 0.4ms
[2024-08-28T13:06:28.014+0000][info][gc,phases      ] GC(982)   Other: 0.3ms
[2024-08-28T13:06:28.014+0000][info][gc,heap        ] GC(982) Eden regions: 44->0(44)
[2024-08-28T13:06:28.014+0000][info][gc,heap        ] GC(982) Survivor regions: 7->7(7)
[2024-08-28T13:06:28.014+0000][info][gc,heap        ] GC(982) Old regions: 838->782
[2024-08-28T13:06:28.014+0000][info][gc,heap        ] GC(982) Archive regions: 2->2
[2024-08-28T13:06:28.014+0000][info][gc,heap        ] GC(982) Humongous regions: 5->5
[2024-08-28T13:06:28.014+0000][info][gc,metaspace   ] GC(982) Metaspace: 100K(320K)->100K(320K) NonClass: 96K(192K)->96K(192K) Class: 4K(128K)->4K(128K)
[2024-08-28T13:06:28.014+0000][info][gc             ] GC(982) Pause Young (Mixed) (G1 Evacuation Pause) 894M->794M(1024M) 11.266ms
[2024-08-28T13:06:28.014+0000][info][gc,cpu         ] GC(982) User=0.24s Sys=0.00s Real=0.01s
[2024-08-28T13:06:28.038+0000][info][gc,start       ] GC(983) Pause Young (Mixed) (G1 Evacuation Pause)
[2024-08-28T13:06:28.038+0000][info][gc,task        ] GC(983) Using 24 workers of 68 for evacuation
[2024-08-28T13:06:28.050+0000][info][gc,phases      ] GC(983)   Pre Evacuate Collection Set: 0.2ms
[2024-08-28T13:06:28.050+0000][info][gc,phases      ] GC(983)   Merge Heap Roots: 0.4ms
[2024-08-28T13:06:28.050+0000][info][gc,phases      ] GC(983)   Evacuate Collection Set: 10.4ms
[2024-08-28T13:06:28.050+0000][info][gc,phases      ] GC(983)   Post Evacuate Collection Set: 0.4ms
[2024-08-28T13:06:28.050+0000][info][gc,phases      ] GC(983)   Other: 0.3ms
[2024-08-28T13:06:28.050+0000][info][gc,heap        ] GC(983) Eden regions: 44->0(44)
[2024-08-28T13:06:28.050+0000][info][gc,heap        ] GC(983) Survivor regions: 7->7(7)
[2024-08-28T13:06:28.050+0000][info][gc,heap        ] GC(983) Old regions: 782->789
[2024-08-28T13:06:28.050+0000][info][gc,heap        ] GC(983) Archive regions: 2->2
[2024-08-28T13:06:28.050+0000][info][gc,heap        ] GC(983) Humongous regions: 5->5
[2024-08-28T13:06:28.050+0000][info][gc,metaspace   ] GC(983) Metaspace: 100K(320K)->100K(320K) NonClass: 96K(192K)->96K(192K) Class: 4K(128K)->4K(128K)
[2024-08-28T13:06:28.050+0000][info][gc             ] GC(983) Pause Young (Mixed) (G1 Evacuation Pause) 838M->801M(1024M) 11.632ms
[2024-08-28T13:06:28.050+0000][info][gc,cpu         ] GC(983) User=0.25s Sys=0.01s Real=0.01s
[2024-08-28T13:06:28.074+0000][info][gc,start       ] GC(984) Pause Young (Concurrent Start) (G1 Evacuation Pause)
[2024-08-28T13:06:28.074+0000][info][gc,task        ] GC(984) Using 24 workers of 68 for evacuation
[2024-08-28T13:06:28.086+0000][info][gc,phases      ] GC(984)   Pre Evacuate Collection Set: 0.2ms
[2024-08-28T13:06:28.086+0000][info][gc,phases      ] GC(984)   Merge Heap Roots: 0.4ms
[2024-08-28T13:06:28.086+0000][info][gc,phases      ] GC(984)   Evacuate Collection Set: 10.2ms
[2024-08-28T13:06:28.086+0000][info][gc,phases      ] GC(984)   Post Evacuate Collection Set: 0.4ms
[2024-08-28T13:06:28.086+0000][info][gc,phases      ] GC(984)   Other: 0.8ms
[2024-08-28T13:06:28.086+0000][info][gc,heap        ] GC(984) Eden regions: 44->0(44)
[2024-08-28T13:06:28.086+0000][info][gc,heap        ] GC(984) Survivor regions: 7->7(7)
[2024-08-28T13:06:28.086+0000][info][gc,heap        ] GC(984) Old regions: 789->836
[2024-08-28T13:06:28.086+0000][info][gc,heap        ] GC(984) Archive regions: 2->2
[2024-08-28T13:06:28.086+0000][info][gc,heap        ] GC(984) Humongous regions: 5->5
[2024-08-28T13:06:28.086+0000][info][gc,metaspace   ] GC(984) Metaspace: 100K(320K)->100K(320K) NonClass: 96K(192K)->96K(192K) Class: 4K(128K)->4K(128K)
[2024-08-28T13:06:28.086+0000][info][gc             ] GC(984) Pause Young (Concurrent Start) (G1 Evacuation Pause) 845M->848M(1024M) 11.948ms
[2024-08-28T13:06:28.086+0000][info][gc,cpu         ] GC(984) User=0.24s Sys=0.01s Real=0.01s
[2024-08-28T13:06:28.086+0000][info][gc             ] GC(985) Concurrent Mark Cycle
[2024-08-28T13:06:28.086+0000][info][gc,marking     ] GC(985) Concurrent Clear Claimed Marks
[2024-08-28T13:06:28.086+0000][info][gc,marking     ] GC(985) Concurrent Clear Claimed Marks 0.013ms
[2024-08-28T13:06:28.086+0000][info][gc,marking     ] GC(985) Concurrent Scan Root Regions
[2024-08-28T13:06:28.088+0000][info][gc,marking     ] GC(985) Concurrent Scan Root Regions 1.748ms
[2024-08-28T13:06:28.088+0000][info][gc,marking     ] GC(985) Concurrent Mark
[2024-08-28T13:06:28.088+0000][info][gc,marking     ] GC(985) Concurrent Mark From Roots
[2024-08-28T13:06:28.088+0000][info][gc,task        ] GC(985) Using 17 workers of 17 for marking
[2024-08-28T13:06:28.112+0000][info][gc,marking     ] GC(985) Concurrent Mark From Roots 23.999ms
[2024-08-28T13:06:28.112+0000][info][gc,marking     ] GC(985) Concurrent Preclean
[2024-08-28T13:06:28.113+0000][info][gc,marking     ] GC(985) Concurrent Preclean 0.983ms
[2024-08-28T13:06:28.114+0000][info][gc,start       ] GC(985) Pause Remark
[2024-08-28T13:06:28.115+0000][info][gc             ] GC(985) Pause Remark 882M->882M(1024M) 1.291ms
[2024-08-28T13:06:28.115+0000][info][gc,cpu         ] GC(985) User=0.01s Sys=0.00s Real=0.00s
[2024-08-28T13:06:28.115+0000][info][gc,marking     ] GC(985) Concurrent Mark 26.915ms
[2024-08-28T13:06:28.115+0000][info][gc,marking     ] GC(985) Concurrent Rebuild Remembered Sets
[2024-08-28T13:06:28.122+0000][info][gc,start       ] GC(986) Pause Young (Normal) (G1 Evacuation Pause)
[2024-08-28T13:06:28.122+0000][info][gc,task        ] GC(986) Using 24 workers of 68 for evacuation
[2024-08-28T13:06:28.132+0000][info][gc,phases      ] GC(986)   Pre Evacuate Collection Set: 0.1ms
[2024-08-28T13:06:28.132+0000][info][gc,phases      ] GC(986)   Merge Heap Roots: 0.4ms
[2024-08-28T13:06:28.132+0000][info][gc,phases      ] GC(986)   Evacuate Collection Set: 9.8ms
[2024-08-28T13:06:28.132+0000][info][gc,phases      ] GC(986)   Post Evacuate Collection Set: 0.4ms
[2024-08-28T13:06:28.132+0000][info][gc,phases      ] GC(986)   Other: 0.2ms
[2024-08-28T13:06:28.133+0000][info][gc,heap        ] GC(986) Eden regions: 44->0(44)
[2024-08-28T13:06:28.133+0000][info][gc,heap        ] GC(986) Survivor regions: 7->7(7)
[2024-08-28T13:06:28.133+0000][info][gc,heap        ] GC(986) Old regions: 836->883
[2024-08-28T13:06:28.133+0000][info][gc,heap        ] GC(986) Archive regions: 2->2
[2024-08-28T13:06:28.133+0000][info][gc,heap        ] GC(986) Humongous regions: 5->5
[2024-08-28T13:06:28.133+0000][info][gc,metaspace   ] GC(986) Metaspace: 100K(320K)->100K(320K) NonClass: 96K(192K)->96K(192K) Class: 4K(128K)->4K(128K)
[2024-08-28T13:06:28.133+0000][info][gc             ] GC(986) Pause Young (Normal) (G1 Evacuation Pause) 892M->895M(1024M) 10.974ms
[2024-08-28T13:06:28.133+0000][info][gc,cpu         ] GC(986) User=0.25s Sys=0.01s Real=0.01s
[2024-08-28T13:06:28.160+0000][info][gc,start       ] GC(987) Pause Young (Normal) (G1 Evacuation Pause)
[2024-08-28T13:06:28.160+0000][info][gc,task        ] GC(987) Using 24 workers of 68 for evacuation
[2024-08-28T13:06:28.175+0000][info][gc,phases      ] GC(987)   Pre Evacuate Collection Set: 0.1ms
[2024-08-28T13:06:28.175+0000][info][gc,phases      ] GC(987)   Merge Heap Roots: 0.5ms
[2024-08-28T13:06:28.175+0000][info][gc,phases      ] GC(987)   Evacuate Collection Set: 13.8ms
[2024-08-28T13:06:28.175+0000][info][gc,phases      ] GC(987)   Post Evacuate Collection Set: 0.5ms
[2024-08-28T13:06:28.175+0000][info][gc,phases      ] GC(987)   Other: 0.2ms
[2024-08-28T13:06:28.175+0000][info][gc,heap        ] GC(987) Eden regions: 44->0(44)
[2024-08-28T13:06:28.175+0000][info][gc,heap        ] GC(987) Survivor regions: 7->7(7)
[2024-08-28T13:06:28.175+0000][info][gc,heap        ] GC(987) Old regions: 883->929
[2024-08-28T13:06:28.175+0000][info][gc,heap        ] GC(987) Archive regions: 2->2
[2024-08-28T13:06:28.175+0000][info][gc,heap        ] GC(987) Humongous regions: 5->5
[2024-08-28T13:06:28.175+0000][info][gc,metaspace   ] GC(987) Metaspace: 100K(320K)->100K(320K) NonClass: 96K(192K)->96K(192K) Class: 4K(128K)->4K(128K)
[2024-08-28T13:06:28.175+0000][info][gc             ] GC(987) Pause Young (Normal) (G1 Evacuation Pause) 939M->941M(1024M) 15.129ms
[2024-08-28T13:06:28.175+0000][info][gc,cpu         ] GC(987) User=0.35s Sys=0.00s Real=0.01s
[2024-08-28T13:06:28.197+0000][info][gc,marking     ] GC(985) Concurrent Rebuild Remembered Sets 82.089ms
[2024-08-28T13:06:28.197+0000][info][gc,start       ] GC(985) Pause Cleanup
[2024-08-28T13:06:28.199+0000][info][gc             ] GC(985) Pause Cleanup 976M->976M(1024M) 1.505ms
[2024-08-28T13:06:28.199+0000][info][gc,cpu         ] GC(985) User=0.00s Sys=0.00s Real=0.01s
[2024-08-28T13:06:28.199+0000][info][gc,marking     ] GC(985) Concurrent Cleanup for Next Mark
[2024-08-28T13:06:28.199+0000][info][gc,start       ] GC(988) Pause Young (Prepare Mixed) (G1 Preventive Collection)
[2024-08-28T13:06:28.199+0000][info][gc,task        ] GC(988) Using 24 workers of 68 for evacuation
[2024-08-28T13:06:28.214+0000][info][gc,phases      ] GC(988)   Pre Evacuate Collection Set: 0.1ms
[2024-08-28T13:06:28.214+0000][info][gc,phases      ] GC(988)   Merge Heap Roots: 0.4ms
[2024-08-28T13:06:28.214+0000][info][gc,phases      ] GC(988)   Evacuate Collection Set: 13.5ms
[2024-08-28T13:06:28.214+0000][info][gc,phases      ] GC(988)   Post Evacuate Collection Set: 0.3ms
[2024-08-28T13:06:28.214+0000][info][gc,phases      ] GC(988)   Other: 0.1ms
[2024-08-28T13:06:28.214+0000][info][gc,heap        ] GC(988) Eden regions: 35->0(44)
[2024-08-28T13:06:28.214+0000][info][gc,heap        ] GC(988) Survivor regions: 7->7(7)
[2024-08-28T13:06:28.214+0000][info][gc,heap        ] GC(988) Old regions: 929->968
[2024-08-28T13:06:28.214+0000][info][gc,heap        ] GC(988) Archive regions: 2->2
[2024-08-28T13:06:28.214+0000][info][gc,heap        ] GC(988) Humongous regions: 5->5
[2024-08-28T13:06:28.214+0000][info][gc,metaspace   ] GC(988) Metaspace: 100K(320K)->100K(320K) NonClass: 96K(192K)->96K(192K) Class: 4K(128K)->4K(128K)
[2024-08-28T13:06:28.214+0000][info][gc             ] GC(988) Pause Young (Prepare Mixed) (G1 Preventive Collection) 976M->980M(1024M) 14.518ms
[2024-08-28T13:06:28.214+0000][info][gc,cpu         ] GC(988) User=0.33s Sys=0.00s Real=0.01s
[2024-08-28T13:06:28.214+0000][info][gc,marking     ] GC(985) Concurrent Cleanup for Next Mark 15.383ms
[2024-08-28T13:06:28.214+0000][info][gc             ] GC(985) Concurrent Mark Cycle 128.190ms
[2024-08-28T13:06:28.224+0000][info][gc,start       ] GC(989) Pause Young (Mixed) (G1 Preventive Collection)
[2024-08-28T13:06:28.224+0000][info][gc,task        ] GC(989) Using 24 workers of 68 for evacuation
[2024-08-28T13:06:28.231+0000][info][gc,phases      ] GC(989)   Pre Evacuate Collection Set: 0.2ms
[2024-08-28T13:06:28.231+0000][info][gc,phases      ] GC(989)   Merge Heap Roots: 0.3ms
[2024-08-28T13:06:28.231+0000][info][gc,phases      ] GC(989)   Evacuate Collection Set: 6.1ms
[2024-08-28T13:06:28.231+0000][info][gc,phases      ] GC(989)   Post Evacuate Collection Set: 0.3ms
[2024-08-28T13:06:28.231+0000][info][gc,phases      ] GC(989)   Other: 0.2ms
[2024-08-28T13:06:28.231+0000][info][gc,heap        ] GC(989) Eden regions: 16->0(44)
[2024-08-28T13:06:28.231+0000][info][gc,heap        ] GC(989) Survivor regions: 7->7(7)
[2024-08-28T13:06:28.231+0000][info][gc,heap        ] GC(989) Old regions: 968->883
[2024-08-28T13:06:28.231+0000][info][gc,heap        ] GC(989) Archive regions: 2->2
[2024-08-28T13:06:28.231+0000][info][gc,heap        ] GC(989) Humongous regions: 5->5
[2024-08-28T13:06:28.231+0000][info][gc,metaspace   ] GC(989) Metaspace: 100K(320K)->100K(320K) NonClass: 96K(192K)->96K(192K) Class: 4K(128K)->4K(128K)
[2024-08-28T13:06:28.231+0000][info][gc             ] GC(989) Pause Young (Mixed) (G1 Preventive Collection) 996M->895M(1024M) 7.227ms
[2024-08-28T13:06:28.231+0000][info][gc,cpu         ] GC(989) User=0.15s Sys=0.00s Real=0.01s
[2024-08-28T13:06:28.255+0000][info][gc,start       ] GC(990) Pause Young (Mixed) (G1 Evacuation Pause)
[2024-08-28T13:06:28.255+0000][info][gc,task        ] GC(990) Using 24 workers of 68 for evacuation
[2024-08-28T13:06:28.266+0000][info][gc,phases      ] GC(990)   Pre Evacuate Collection Set: 0.2ms
[2024-08-28T13:06:28.266+0000][info][gc,phases      ] GC(990)   Merge Heap Roots: 0.3ms
[2024-08-28T13:06:28.266+0000][info][gc,phases      ] GC(990)   Evacuate Collection Set: 10.2ms
[2024-08-28T13:06:28.266+0000][info][gc,phases      ] GC(990)   Post Evacuate Collection Set: 0.4ms
[2024-08-28T13:06:28.266+0000][info][gc,phases      ] GC(990)   Other: 0.2ms
[2024-08-28T13:06:28.266+0000][info][gc,heap        ] GC(990) Eden regions: 44->0(44)
[2024-08-28T13:06:28.266+0000][info][gc,heap        ] GC(990) Survivor regions: 7->7(7)
[2024-08-28T13:06:28.266+0000][info][gc,heap        ] GC(990) Old regions: 883->825
[2024-08-28T13:06:28.266+0000][info][gc,heap        ] GC(990) Archive regions: 2->2
[2024-08-28T13:06:28.266+0000][info][gc,heap        ] GC(990) Humongous regions: 5->5
[2024-08-28T13:06:28.266+0000][info][gc,metaspace   ] GC(990) Metaspace: 100K(320K)->100K(320K) NonClass: 96K(192K)->96K(192K) Class: 4K(128K)->4K(128K)
[2024-08-28T13:06:28.267+0000][info][gc             ] GC(990) Pause Young (Mixed) (G1 Evacuation Pause) 939M->837M(1024M) 11.397ms
[2024-08-28T13:06:28.267+0000][info][gc,cpu         ] GC(990) User=0.25s Sys=0.00s Real=0.01s
[2024-08-28T13:06:28.290+0000][info][gc,start       ] GC(991) Pause Young (Mixed) (G1 Evacuation Pause)
[2024-08-28T13:06:28.290+0000][info][gc,task        ] GC(991) Using 24 workers of 68 for evacuation
[2024-08-28T13:06:28.302+0000][info][gc,phases      ] GC(991)   Pre Evacuate Collection Set: 0.2ms
[2024-08-28T13:06:28.302+0000][info][gc,phases      ] GC(991)   Merge Heap Roots: 0.4ms
[2024-08-28T13:06:28.302+0000][info][gc,phases      ] GC(991)   Evacuate Collection Set: 10.2ms
[2024-08-28T13:06:28.302+0000][info][gc,phases      ] GC(991)   Post Evacuate Collection Set: 0.4ms
[2024-08-28T13:06:28.302+0000][info][gc,phases      ] GC(991)   Other: 0.2ms
[2024-08-28T13:06:28.302+0000][info][gc,heap        ] GC(991) Eden regions: 44->0(44)
[2024-08-28T13:06:28.302+0000][info][gc,heap        ] GC(991) Survivor regions: 7->7(7)
[2024-08-28T13:06:28.302+0000][info][gc,heap        ] GC(991) Old regions: 825->769
[2024-08-28T13:06:28.302+0000][info][gc,heap        ] GC(991) Archive regions: 2->2
[2024-08-28T13:06:28.302+0000][info][gc,heap        ] GC(991) Humongous regions: 5->5
[2024-08-28T13:06:28.302+0000][info][gc,metaspace   ] GC(991) Metaspace: 100K(320K)->100K(320K) NonClass: 96K(192K)->96K(192K) Class: 4K(128K)->4K(128K)
[2024-08-28T13:06:28.302+0000][info][gc             ] GC(991) Pause Young (Mixed) (G1 Evacuation Pause) 881M->781M(1024M) 11.525ms
[2024-08-28T13:06:28.302+0000][info][gc,cpu         ] GC(991) User=0.25s Sys=0.01s Real=0.01s
[2024-08-28T13:06:28.326+0000][info][gc,start       ] GC(992) Pause Young (Mixed) (G1 Evacuation Pause)
[2024-08-28T13:06:28.326+0000][info][gc,task        ] GC(992) Using 24 workers of 68 for evacuation
[2024-08-28T13:06:28.338+0000][info][gc,phases      ] GC(992)   Pre Evacuate Collection Set: 0.2ms
[2024-08-28T13:06:28.338+0000][info][gc,phases      ] GC(992)   Merge Heap Roots: 0.3ms
[2024-08-28T13:06:28.338+0000][info][gc,phases      ] GC(992)   Evacuate Collection Set: 10.8ms
[2024-08-28T13:06:28.338+0000][info][gc,phases      ] GC(992)   Post Evacuate Collection Set: 0.4ms
[2024-08-28T13:06:28.338+0000][info][gc,phases      ] GC(992)   Other: 0.2ms
[2024-08-28T13:06:28.338+0000][info][gc,heap        ] GC(992) Eden regions: 44->0(44)
[2024-08-28T13:06:28.338+0000][info][gc,heap        ] GC(992) Survivor regions: 7->7(7)
[2024-08-28T13:06:28.338+0000][info][gc,heap        ] GC(992) Old regions: 769->782
[2024-08-28T13:06:28.338+0000][info][gc,heap        ] GC(992) Archive regions: 2->2
[2024-08-28T13:06:28.338+0000][info][gc,heap        ] GC(992) Humongous regions: 5->5
[2024-08-28T13:06:28.338+0000][info][gc,metaspace   ] GC(992) Metaspace: 100K(320K)->100K(320K) NonClass: 96K(192K)->96K(192K) Class: 4K(128K)->4K(128K)
[2024-08-28T13:06:28.338+0000][info][gc             ] GC(992) Pause Young (Mixed) (G1 Evacuation Pause) 825M->794M(1024M) 11.939ms
[2024-08-28T13:06:28.338+0000][info][gc,cpu         ] GC(992) User=0.25s Sys=0.01s Real=0.02s
[2024-08-28T13:06:28.363+0000][info][gc,start       ] GC(993) Pause Young (Concurrent Start) (G1 Evacuation Pause)
[2024-08-28T13:06:28.363+0000][info][gc,task        ] GC(993) Using 24 workers of 68 for evacuation
[2024-08-28T13:06:28.374+0000][info][gc,phases      ] GC(993)   Pre Evacuate Collection Set: 0.2ms
[2024-08-28T13:06:28.374+0000][info][gc,phases      ] GC(993)   Merge Heap Roots: 0.2ms
[2024-08-28T13:06:28.374+0000][info][gc,phases      ] GC(993)   Evacuate Collection Set: 10.2ms
[2024-08-28T13:06:28.374+0000][info][gc,phases      ] GC(993)   Post Evacuate Collection Set: 0.4ms
[2024-08-28T13:06:28.374+0000][info][gc,phases      ] GC(993)   Other: 0.7ms
[2024-08-28T13:06:28.374+0000][info][gc,heap        ] GC(993) Eden regions: 44->0(44)
[2024-08-28T13:06:28.374+0000][info][gc,heap        ] GC(993) Survivor regions: 7->7(7)
[2024-08-28T13:06:28.374+0000][info][gc,heap        ] GC(993) Old regions: 782->828
[2024-08-28T13:06:28.374+0000][info][gc,heap        ] GC(993) Archive regions: 2->2
[2024-08-28T13:06:28.374+0000][info][gc,heap        ] GC(993) Humongous regions: 5->5
[2024-08-28T13:06:28.374+0000][info][gc,metaspace   ] GC(993) Metaspace: 100K(320K)->100K(320K) NonClass: 96K(192K)->96K(192K) Class: 4K(128K)->4K(128K)
[2024-08-28T13:06:28.374+0000][info][gc             ] GC(993) Pause Young (Concurrent Start) (G1 Evacuation Pause) 838M->840M(1024M) 11.851ms
[2024-08-28T13:06:28.374+0000][info][gc,cpu         ] GC(993) User=0.25s Sys=0.00s Real=0.01s
[2024-08-28T13:06:28.375+0000][info][gc             ] GC(994) Concurrent Mark Cycle
[2024-08-28T13:06:28.375+0000][info][gc,marking     ] GC(994) Concurrent Clear Claimed Marks
[2024-08-28T13:06:28.375+0000][info][gc,marking     ] GC(994) Concurrent Clear Claimed Marks 0.012ms
[2024-08-28T13:06:28.375+0000][info][gc,marking     ] GC(994) Concurrent Scan Root Regions
[2024-08-28T13:06:28.376+0000][info][gc,marking     ] GC(994) Concurrent Scan Root Regions 1.884ms
[2024-08-28T13:06:28.377+0000][info][gc,marking     ] GC(994) Concurrent Mark
[2024-08-28T13:06:28.377+0000][info][gc,marking     ] GC(994) Concurrent Mark From Roots
[2024-08-28T13:06:28.377+0000][info][gc,task        ] GC(994) Using 17 workers of 17 for marking
[2024-08-28T13:06:28.401+0000][info][gc,marking     ] GC(994) Concurrent Mark From Roots 24.808ms
[2024-08-28T13:06:28.401+0000][info][gc,marking     ] GC(994) Concurrent Preclean
[2024-08-28T13:06:28.402+0000][info][gc,marking     ] GC(994) Concurrent Preclean 0.842ms
[2024-08-28T13:06:28.403+0000][info][gc,start       ] GC(994) Pause Remark
[2024-08-28T13:06:28.404+0000][info][gc             ] GC(994) Pause Remark 874M->874M(1024M) 1.308ms
[2024-08-28T13:06:28.404+0000][info][gc,cpu         ] GC(994) User=0.01s Sys=0.00s Real=0.00s
[2024-08-28T13:06:28.404+0000][info][gc,marking     ] GC(994) Concurrent Mark 27.416ms
[2024-08-28T13:06:28.404+0000][info][gc,marking     ] GC(994) Concurrent Rebuild Remembered Sets
[2024-08-28T13:06:28.411+0000][info][gc,start       ] GC(995) Pause Young (Normal) (G1 Evacuation Pause)
[2024-08-28T13:06:28.411+0000][info][gc,task        ] GC(995) Using 24 workers of 68 for evacuation
[2024-08-28T13:06:28.422+0000][info][gc,phases      ] GC(995)   Pre Evacuate Collection Set: 0.1ms
[2024-08-28T13:06:28.422+0000][info][gc,phases      ] GC(995)   Merge Heap Roots: 0.4ms
[2024-08-28T13:06:28.422+0000][info][gc,phases      ] GC(995)   Evacuate Collection Set: 9.9ms
[2024-08-28T13:06:28.422+0000][info][gc,phases      ] GC(995)   Post Evacuate Collection Set: 0.4ms
[2024-08-28T13:06:28.422+0000][info][gc,phases      ] GC(995)   Other: 0.2ms
[2024-08-28T13:06:28.422+0000][info][gc,heap        ] GC(995) Eden regions: 44->0(44)
[2024-08-28T13:06:28.422+0000][info][gc,heap        ] GC(995) Survivor regions: 7->7(7)
[2024-08-28T13:06:28.422+0000][info][gc,heap        ] GC(995) Old regions: 828->875
[2024-08-28T13:06:28.422+0000][info][gc,heap        ] GC(995) Archive regions: 2->2
[2024-08-28T13:06:28.422+0000][info][gc,heap        ] GC(995) Humongous regions: 5->5
[2024-08-28T13:06:28.422+0000][info][gc,metaspace   ] GC(995) Metaspace: 100K(320K)->100K(320K) NonClass: 96K(192K)->96K(192K) Class: 4K(128K)->4K(128K)
[2024-08-28T13:06:28.422+0000][info][gc             ] GC(995) Pause Young (Normal) (G1 Evacuation Pause) 884M->887M(1024M) 11.001ms
[2024-08-28T13:06:28.422+0000][info][gc,cpu         ] GC(995) User=0.25s Sys=0.00s Real=0.01s
[2024-08-28T13:06:28.449+0000][info][gc,start       ] GC(996) Pause Young (Normal) (G1 Evacuation Pause)
[2024-08-28T13:06:28.450+0000][info][gc,task        ] GC(996) Using 24 workers of 68 for evacuation
[2024-08-28T13:06:28.464+0000][info][gc,phases      ] GC(996)   Pre Evacuate Collection Set: 0.2ms
[2024-08-28T13:06:28.464+0000][info][gc,phases      ] GC(996)   Merge Heap Roots: 0.3ms
[2024-08-28T13:06:28.464+0000][info][gc,phases      ] GC(996)   Evacuate Collection Set: 13.5ms
[2024-08-28T13:06:28.464+0000][info][gc,phases      ] GC(996)   Post Evacuate Collection Set: 0.5ms
[2024-08-28T13:06:28.464+0000][info][gc,phases      ] GC(996)   Other: 0.2ms
[2024-08-28T13:06:28.464+0000][info][gc,heap        ] GC(996) Eden regions: 44->0(44)
[2024-08-28T13:06:28.464+0000][info][gc,heap        ] GC(996) Survivor regions: 7->7(7)
[2024-08-28T13:06:28.464+0000][info][gc,heap        ] GC(996) Old regions: 875->922
[2024-08-28T13:06:28.464+0000][info][gc,heap        ] GC(996) Archive regions: 2->2
[2024-08-28T13:06:28.464+0000][info][gc,heap        ] GC(996) Humongous regions: 5->5
[2024-08-28T13:06:28.464+0000][info][gc,metaspace   ] GC(996) Metaspace: 100K(320K)->100K(320K) NonClass: 96K(192K)->96K(192K) Class: 4K(128K)->4K(128K)
[2024-08-28T13:06:28.464+0000][info][gc             ] GC(996) Pause Young (Normal) (G1 Evacuation Pause) 931M->934M(1024M) 14.761ms
[2024-08-28T13:06:28.464+0000][info][gc,cpu         ] GC(996) User=0.34s Sys=0.00s Real=0.01s
[2024-08-28T13:06:28.487+0000][info][gc,marking     ] GC(994) Concurrent Rebuild Remembered Sets 82.613ms
[2024-08-28T13:06:28.487+0000][info][gc,start       ] GC(994) Pause Cleanup
[2024-08-28T13:06:28.489+0000][info][gc             ] GC(994) Pause Cleanup 969M->969M(1024M) 1.520ms
[2024-08-28T13:06:28.489+0000][info][gc,cpu         ] GC(994) User=0.01s Sys=0.00s Real=0.00s
[2024-08-28T13:06:28.489+0000][info][gc,marking     ] GC(994) Concurrent Cleanup for Next Mark
[2024-08-28T13:06:28.489+0000][info][gc,marking     ] GC(994) Concurrent Cleanup for Next Mark 0.743ms
[2024-08-28T13:06:28.489+0000][info][gc             ] GC(994) Concurrent Mark Cycle 114.894ms
[2024-08-28T13:06:28.491+0000][info][gc,start       ] GC(997) Pause Young (Prepare Mixed) (G1 Preventive Collection)
[2024-08-28T13:06:28.491+0000][info][gc,task        ] GC(997) Using 24 workers of 68 for evacuation
[2024-08-28T13:06:28.507+0000][info][gc,phases      ] GC(997)   Pre Evacuate Collection Set: 0.2ms
[2024-08-28T13:06:28.507+0000][info][gc,phases      ] GC(997)   Merge Heap Roots: 0.6ms
[2024-08-28T13:06:28.507+0000][info][gc,phases      ] GC(997)   Evacuate Collection Set: 14.4ms
[2024-08-28T13:06:28.507+0000][info][gc,phases      ] GC(997)   Post Evacuate Collection Set: 0.3ms
[2024-08-28T13:06:28.507+0000][info][gc,phases      ] GC(997)   Other: 0.2ms
[2024-08-28T13:06:28.507+0000][info][gc,heap        ] GC(997) Eden regions: 38->0(44)
[2024-08-28T13:06:28.507+0000][info][gc,heap        ] GC(997) Survivor regions: 7->7(7)
[2024-08-28T13:06:28.507+0000][info][gc,heap        ] GC(997) Old regions: 922->963
[2024-08-28T13:06:28.507+0000][info][gc,heap        ] GC(997) Archive regions: 2->2
[2024-08-28T13:06:28.507+0000][info][gc,heap        ] GC(997) Humongous regions: 5->5
[2024-08-28T13:06:28.507+0000][info][gc,metaspace   ] GC(997) Metaspace: 100K(320K)->100K(320K) NonClass: 96K(192K)->96K(192K) Class: 4K(128K)->4K(128K)
[2024-08-28T13:06:28.507+0000][info][gc             ] GC(997) Pause Young (Prepare Mixed) (G1 Preventive Collection) 972M->975M(1024M) 15.710ms
[2024-08-28T13:06:28.507+0000][info][gc,cpu         ] GC(997) User=0.36s Sys=0.00s Real=0.01s
[2024-08-28T13:06:28.518+0000][info][gc,start       ] GC(998) Pause Young (Mixed) (G1 Preventive Collection)
[2024-08-28T13:06:28.518+0000][info][gc,task        ] GC(998) Using 24 workers of 68 for evacuation
[2024-08-28T13:06:28.525+0000][info][gc,phases      ] GC(998)   Pre Evacuate Collection Set: 0.2ms
[2024-08-28T13:06:28.525+0000][info][gc,phases      ] GC(998)   Merge Heap Roots: 0.4ms
[2024-08-28T13:06:28.525+0000][info][gc,phases      ] GC(998)   Evacuate Collection Set: 6.3ms
[2024-08-28T13:06:28.525+0000][info][gc,phases      ] GC(998)   Post Evacuate Collection Set: 0.3ms
[2024-08-28T13:06:28.525+0000][info][gc,phases      ] GC(998)   Other: 0.2ms
[2024-08-28T13:06:28.525+0000][info][gc,heap        ] GC(998) Eden regions: 18->0(44)
[2024-08-28T13:06:28.525+0000][info][gc,heap        ] GC(998) Survivor regions: 7->7(7)
[2024-08-28T13:06:28.525+0000][info][gc,heap        ] GC(998) Old regions: 963->880
[2024-08-28T13:06:28.525+0000][info][gc,heap        ] GC(998) Archive regions: 2->2
[2024-08-28T13:06:28.525+0000][info][gc,heap        ] GC(998) Humongous regions: 5->5
[2024-08-28T13:06:28.525+0000][info][gc,metaspace   ] GC(998) Metaspace: 100K(320K)->100K(320K) NonClass: 96K(192K)->96K(192K) Class: 4K(128K)->4K(128K)
[2024-08-28T13:06:28.525+0000][info][gc             ] GC(998) Pause Young (Mixed) (G1 Preventive Collection) 993M->892M(1024M) 7.353ms
[2024-08-28T13:06:28.525+0000][info][gc,cpu         ] GC(998) User=0.16s Sys=0.00s Real=0.00s
[2024-08-28T13:06:28.549+0000][info][gc,start       ] GC(999) Pause Young (Mixed) (G1 Evacuation Pause)
[2024-08-28T13:06:28.549+0000][info][gc,task        ] GC(999) Using 24 workers of 68 for evacuation
[2024-08-28T13:06:28.561+0000][info][gc,phases      ] GC(999)   Pre Evacuate Collection Set: 0.2ms
[2024-08-28T13:06:28.561+0000][info][gc,phases      ] GC(999)   Merge Heap Roots: 0.5ms
[2024-08-28T13:06:28.561+0000][info][gc,phases      ] GC(999)   Evacuate Collection Set: 10.3ms
[2024-08-28T13:06:28.561+0000][info][gc,phases      ] GC(999)   Post Evacuate Collection Set: 0.4ms
[2024-08-28T13:06:28.561+0000][info][gc,phases      ] GC(999)   Other: 0.2ms
[2024-08-28T13:06:28.561+0000][info][gc,heap        ] GC(999) Eden regions: 44->0(44)
[2024-08-28T13:06:28.561+0000][info][gc,heap        ] GC(999) Survivor regions: 7->7(7)
[2024-08-28T13:06:28.561+0000][info][gc,heap        ] GC(999) Old regions: 880->822
[2024-08-28T13:06:28.561+0000][info][gc,heap        ] GC(999) Archive regions: 2->2
[2024-08-28T13:06:28.561+0000][info][gc,heap        ] GC(999) Humongous regions: 5->5
[2024-08-28T13:06:28.561+0000][info][gc,metaspace   ] GC(999) Metaspace: 100K(320K)->100K(320K) NonClass: 96K(192K)->96K(192K) Class: 4K(128K)->4K(128K)
[2024-08-28T13:06:28.561+0000][info][gc             ] GC(999) Pause Young (Mixed) (G1 Evacuation Pause) 936M->834M(1024M) 11.700ms
[2024-08-28T13:06:28.561+0000][info][gc,cpu         ] GC(999) User=0.25s Sys=0.00s Real=0.02s
[2024-08-28T13:06:28.585+0000][info][gc,start       ] GC(1000) Pause Young (Mixed) (G1 Evacuation Pause)
[2024-08-28T13:06:28.585+0000][info][gc,task        ] GC(1000) Using 24 workers of 68 for evacuation
[2024-08-28T13:06:28.597+0000][info][gc,phases      ] GC(1000)   Pre Evacuate Collection Set: 0.3ms
[2024-08-28T13:06:28.597+0000][info][gc,phases      ] GC(1000)   Merge Heap Roots: 0.4ms
[2024-08-28T13:06:28.597+0000][info][gc,phases      ] GC(1000)   Evacuate Collection Set: 10.9ms
[2024-08-28T13:06:28.597+0000][info][gc,phases      ] GC(1000)   Post Evacuate Collection Set: 0.4ms
[2024-08-28T13:06:28.597+0000][info][gc,phases      ] GC(1000)   Other: 0.3ms
[2024-08-28T13:06:28.597+0000][info][gc,heap        ] GC(1000) Eden regions: 44->0(44)
[2024-08-28T13:06:28.597+0000][info][gc,heap        ] GC(1000) Survivor regions: 7->7(7)
[2024-08-28T13:06:28.597+0000][info][gc,heap        ] GC(1000) Old regions: 822->766
[2024-08-28T13:06:28.597+0000][info][gc,heap        ] GC(1000) Archive regions: 2->2
[2024-08-28T13:06:28.597+0000][info][gc,heap        ] GC(1000) Humongous regions: 5->5
[2024-08-28T13:06:28.598+0000][info][gc,metaspace   ] GC(1000) Metaspace: 100K(320K)->100K(320K) NonClass: 96K(192K)->96K(192K) Class: 4K(128K)->4K(128K)
[2024-08-28T13:06:28.598+0000][info][gc             ] GC(1000) Pause Young (Mixed) (G1 Evacuation Pause) 878M->778M(1024M) 12.390ms
[2024-08-28T13:06:28.598+0000][info][gc,cpu         ] GC(1000) User=0.26s Sys=0.02s Real=0.02s
[2024-08-28T13:06:28.622+0000][info][gc,start       ] GC(1001) Pause Young (Mixed) (G1 Evacuation Pause)
[2024-08-28T13:06:28.622+0000][info][gc,task        ] GC(1001) Using 24 workers of 68 for evacuation
[2024-08-28T13:06:28.634+0000][info][gc,phases      ] GC(1001)   Pre Evacuate Collection Set: 0.2ms
[2024-08-28T13:06:28.634+0000][info][gc,phases      ] GC(1001)   Merge Heap Roots: 0.4ms
[2024-08-28T13:06:28.634+0000][info][gc,phases      ] GC(1001)   Evacuate Collection Set: 11.2ms
[2024-08-28T13:06:28.634+0000][info][gc,phases      ] GC(1001)   Post Evacuate Collection Set: 0.4ms
[2024-08-28T13:06:28.634+0000][info][gc,phases      ] GC(1001)   Other: 0.2ms
[2024-08-28T13:06:28.634+0000][info][gc,heap        ] GC(1001) Eden regions: 44->0(44)
[2024-08-28T13:06:28.634+0000][info][gc,heap        ] GC(1001) Survivor regions: 7->7(7)
[2024-08-28T13:06:28.634+0000][info][gc,heap        ] GC(1001) Old regions: 766->785
[2024-08-28T13:06:28.634+0000][info][gc,heap        ] GC(1001) Archive regions: 2->2
[2024-08-28T13:06:28.634+0000][info][gc,heap        ] GC(1001) Humongous regions: 5->5
[2024-08-28T13:06:28.634+0000][info][gc,metaspace   ] GC(1001) Metaspace: 100K(320K)->100K(320K) NonClass: 96K(192K)->96K(192K) Class: 4K(128K)->4K(128K)
[2024-08-28T13:06:28.634+0000][info][gc             ] GC(1001) Pause Young (Mixed) (G1 Evacuation Pause) 822M->797M(1024M) 12.412ms
[2024-08-28T13:06:28.634+0000][info][gc,cpu         ] GC(1001) User=0.27s Sys=0.00s Real=0.01s
[2024-08-28T13:06:28.659+0000][info][gc,start       ] GC(1002) Pause Young (Concurrent Start) (G1 Evacuation Pause)
[2024-08-28T13:06:28.659+0000][info][gc,task        ] GC(1002) Using 24 workers of 68 for evacuation
[2024-08-28T13:06:28.670+0000][info][gc,phases      ] GC(1002)   Pre Evacuate Collection Set: 0.2ms
[2024-08-28T13:06:28.670+0000][info][gc,phases      ] GC(1002)   Merge Heap Roots: 0.4ms
[2024-08-28T13:06:28.670+0000][info][gc,phases      ] GC(1002)   Evacuate Collection Set: 10.1ms
[2024-08-28T13:06:28.670+0000][info][gc,phases      ] GC(1002)   Post Evacuate Collection Set: 0.3ms
[2024-08-28T13:06:28.670+0000][info][gc,phases      ] GC(1002)   Other: 0.6ms
[2024-08-28T13:06:28.670+0000][info][gc,heap        ] GC(1002) Eden regions: 44->0(44)
[2024-08-28T13:06:28.670+0000][info][gc,heap        ] GC(1002) Survivor regions: 7->7(7)
[2024-08-28T13:06:28.670+0000][info][gc,heap        ] GC(1002) Old regions: 785->831
[2024-08-28T13:06:28.670+0000][info][gc,heap        ] GC(1002) Archive regions: 2->2
[2024-08-28T13:06:28.670+0000][info][gc,heap        ] GC(1002) Humongous regions: 5->5
[2024-08-28T13:06:28.670+0000][info][gc,metaspace   ] GC(1002) Metaspace: 100K(320K)->100K(320K) NonClass: 96K(192K)->96K(192K) Class: 4K(128K)->4K(128K)
[2024-08-28T13:06:28.670+0000][info][gc             ] GC(1002) Pause Young (Concurrent Start) (G1 Evacuation Pause) 841M->843M(1024M) 11.660ms
[2024-08-28T13:06:28.670+0000][info][gc,cpu         ] GC(1002) User=0.25s Sys=0.00s Real=0.01s
[2024-08-28T13:06:28.670+0000][info][gc             ] GC(1003) Concurrent Mark Cycle
[2024-08-28T13:06:28.670+0000][info][gc,marking     ] GC(1003) Concurrent Clear Claimed Marks
[2024-08-28T13:06:28.670+0000][info][gc,marking     ] GC(1003) Concurrent Clear Claimed Marks 0.013ms
[2024-08-28T13:06:28.670+0000][info][gc,marking     ] GC(1003) Concurrent Scan Root Regions
[2024-08-28T13:06:28.672+0000][info][gc,marking     ] GC(1003) Concurrent Scan Root Regions 1.716ms
[2024-08-28T13:06:28.672+0000][info][gc,marking     ] GC(1003) Concurrent Mark
[2024-08-28T13:06:28.672+0000][info][gc,marking     ] GC(1003) Concurrent Mark From Roots
[2024-08-28T13:06:28.672+0000][info][gc,task        ] GC(1003) Using 17 workers of 17 for marking
[2024-08-28T13:06:28.697+0000][info][gc,marking     ] GC(1003) Concurrent Mark From Roots 24.401ms
[2024-08-28T13:06:28.697+0000][info][gc,marking     ] GC(1003) Concurrent Preclean
[2024-08-28T13:06:28.697+0000][info][gc,marking     ] GC(1003) Concurrent Preclean 0.501ms
[2024-08-28T13:06:28.697+0000][info][gc,start       ] GC(1003) Pause Remark
[2024-08-28T13:06:28.699+0000][info][gc             ] GC(1003) Pause Remark 876M->876M(1024M) 1.265ms
[2024-08-28T13:06:28.699+0000][info][gc,cpu         ] GC(1003) User=0.00s Sys=0.00s Real=0.01s
[2024-08-28T13:06:28.699+0000][info][gc,marking     ] GC(1003) Concurrent Mark 26.516ms
[2024-08-28T13:06:28.699+0000][info][gc,marking     ] GC(1003) Concurrent Rebuild Remembered Sets
[2024-08-28T13:06:28.706+0000][info][gc,start       ] GC(1004) Pause Young (Normal) (G1 Evacuation Pause)
[2024-08-28T13:06:28.706+0000][info][gc,task        ] GC(1004) Using 24 workers of 68 for evacuation
[2024-08-28T13:06:28.717+0000][info][gc,phases      ] GC(1004)   Pre Evacuate Collection Set: 0.1ms
[2024-08-28T13:06:28.717+0000][info][gc,phases      ] GC(1004)   Merge Heap Roots: 0.2ms
[2024-08-28T13:06:28.717+0000][info][gc,phases      ] GC(1004)   Evacuate Collection Set: 10.0ms
[2024-08-28T13:06:28.717+0000][info][gc,phases      ] GC(1004)   Post Evacuate Collection Set: 0.4ms
[2024-08-28T13:06:28.717+0000][info][gc,phases      ] GC(1004)   Other: 0.2ms
[2024-08-28T13:06:28.717+0000][info][gc,heap        ] GC(1004) Eden regions: 44->0(44)
[2024-08-28T13:06:28.717+0000][info][gc,heap        ] GC(1004) Survivor regions: 7->7(7)
[2024-08-28T13:06:28.717+0000][info][gc,heap        ] GC(1004) Old regions: 831->877
[2024-08-28T13:06:28.717+0000][info][gc,heap        ] GC(1004) Archive regions: 2->2
[2024-08-28T13:06:28.717+0000][info][gc,heap        ] GC(1004) Humongous regions: 5->5
[2024-08-28T13:06:28.717+0000][info][gc,metaspace   ] GC(1004) Metaspace: 100K(320K)->100K(320K) NonClass: 96K(192K)->96K(192K) Class: 4K(128K)->4K(128K)
[2024-08-28T13:06:28.717+0000][info][gc             ] GC(1004) Pause Young (Normal) (G1 Evacuation Pause) 887M->889M(1024M) 10.982ms
[2024-08-28T13:06:28.717+0000][info][gc,cpu         ] GC(1004) User=0.24s Sys=0.01s Real=0.01s
[2024-08-28T13:06:28.745+0000][info][gc,start       ] GC(1005) Pause Young (Normal) (G1 Evacuation Pause)
[2024-08-28T13:06:28.745+0000][info][gc,task        ] GC(1005) Using 24 workers of 68 for evacuation
[2024-08-28T13:06:28.759+0000][info][gc,phases      ] GC(1005)   Pre Evacuate Collection Set: 0.2ms
[2024-08-28T13:06:28.759+0000][info][gc,phases      ] GC(1005)   Merge Heap Roots: 0.5ms
[2024-08-28T13:06:28.759+0000][info][gc,phases      ] GC(1005)   Evacuate Collection Set: 13.2ms
[2024-08-28T13:06:28.759+0000][info][gc,phases      ] GC(1005)   Post Evacuate Collection Set: 0.5ms
[2024-08-28T13:06:28.760+0000][info][gc,phases      ] GC(1005)   Other: 0.2ms
[2024-08-28T13:06:28.760+0000][info][gc,heap        ] GC(1005) Eden regions: 44->0(44)
[2024-08-28T13:06:28.760+0000][info][gc,heap        ] GC(1005) Survivor regions: 7->7(7)
[2024-08-28T13:06:28.760+0000][info][gc,heap        ] GC(1005) Old regions: 877->924
[2024-08-28T13:06:28.760+0000][info][gc,heap        ] GC(1005) Archive regions: 2->2
[2024-08-28T13:06:28.760+0000][info][gc,heap        ] GC(1005) Humongous regions: 5->5
[2024-08-28T13:06:28.760+0000][info][gc,metaspace   ] GC(1005) Metaspace: 100K(320K)->100K(320K) NonClass: 96K(192K)->96K(192K) Class: 4K(128K)->4K(128K)
[2024-08-28T13:06:28.760+0000][info][gc             ] GC(1005) Pause Young (Normal) (G1 Evacuation Pause) 933M->936M(1024M) 14.659ms
[2024-08-28T13:06:28.760+0000][info][gc,cpu         ] GC(1005) User=0.33s Sys=0.00s Real=0.02s
[2024-08-28T13:06:28.782+0000][info][gc,marking     ] GC(1003) Concurrent Rebuild Remembered Sets 83.297ms
[2024-08-28T13:06:28.782+0000][info][gc,start       ] GC(1003) Pause Cleanup
[2024-08-28T13:06:28.784+0000][info][gc             ] GC(1003) Pause Cleanup 971M->971M(1024M) 1.537ms
[2024-08-28T13:06:28.784+0000][info][gc,cpu         ] GC(1003) User=0.00s Sys=0.00s Real=0.00s
[2024-08-28T13:06:28.784+0000][info][gc,marking     ] GC(1003) Concurrent Cleanup for Next Mark
[2024-08-28T13:06:28.785+0000][info][gc,marking     ] GC(1003) Concurrent Cleanup for Next Mark 0.664ms
[2024-08-28T13:06:28.785+0000][info][gc             ] GC(1003) Concurrent Mark Cycle 114.215ms
[2024-08-28T13:06:28.785+0000][info][gc,start       ] GC(1006) Pause Young (Prepare Mixed) (G1 Preventive Collection)
[2024-08-28T13:06:28.785+0000][info][gc,task        ] GC(1006) Using 24 workers of 68 for evacuation
[2024-08-28T13:06:28.801+0000][info][gc,phases      ] GC(1006)   Pre Evacuate Collection Set: 0.2ms
[2024-08-28T13:06:28.801+0000][info][gc,phases      ] GC(1006)   Merge Heap Roots: 0.6ms
[2024-08-28T13:06:28.801+0000][info][gc,phases      ] GC(1006)   Evacuate Collection Set: 14.6ms
[2024-08-28T13:06:28.801+0000][info][gc,phases      ] GC(1006)   Post Evacuate Collection Set: 0.3ms
[2024-08-28T13:06:28.801+0000][info][gc,phases      ] GC(1006)   Other: 0.2ms
[2024-08-28T13:06:28.801+0000][info][gc,heap        ] GC(1006) Eden regions: 37->0(44)
[2024-08-28T13:06:28.801+0000][info][gc,heap        ] GC(1006) Survivor regions: 7->7(7)
[2024-08-28T13:06:28.801+0000][info][gc,heap        ] GC(1006) Old regions: 924->963
[2024-08-28T13:06:28.801+0000][info][gc,heap        ] GC(1006) Archive regions: 2->2
[2024-08-28T13:06:28.801+0000][info][gc,heap        ] GC(1006) Humongous regions: 5->5
[2024-08-28T13:06:28.801+0000][info][gc,metaspace   ] GC(1006) Metaspace: 100K(320K)->100K(320K) NonClass: 96K(192K)->96K(192K) Class: 4K(128K)->4K(128K)
[2024-08-28T13:06:28.801+0000][info][gc             ] GC(1006) Pause Young (Prepare Mixed) (G1 Preventive Collection) 973M->975M(1024M) 15.830ms
[2024-08-28T13:06:28.801+0000][info][gc,cpu         ] GC(1006) User=0.37s Sys=0.00s Real=0.02s
[2024-08-28T13:06:28.812+0000][info][gc,start       ] GC(1007) Pause Young (Mixed) (G1 Preventive Collection)
[2024-08-28T13:06:28.812+0000][info][gc,task        ] GC(1007) Using 24 workers of 68 for evacuation
[2024-08-28T13:06:28.819+0000][info][gc,phases      ] GC(1007)   Pre Evacuate Collection Set: 0.2ms
[2024-08-28T13:06:28.819+0000][info][gc,phases      ] GC(1007)   Merge Heap Roots: 0.2ms
[2024-08-28T13:06:28.819+0000][info][gc,phases      ] GC(1007)   Evacuate Collection Set: 6.3ms
[2024-08-28T13:06:28.819+0000][info][gc,phases      ] GC(1007)   Post Evacuate Collection Set: 0.4ms
[2024-08-28T13:06:28.819+0000][info][gc,phases      ] GC(1007)   Other: 0.2ms
[2024-08-28T13:06:28.819+0000][info][gc,heap        ] GC(1007) Eden regions: 18->0(44)
[2024-08-28T13:06:28.819+0000][info][gc,heap        ] GC(1007) Survivor regions: 7->7(7)
[2024-08-28T13:06:28.819+0000][info][gc,heap        ] GC(1007) Old regions: 963->882
[2024-08-28T13:06:28.819+0000][info][gc,heap        ] GC(1007) Archive regions: 2->2
[2024-08-28T13:06:28.819+0000][info][gc,heap        ] GC(1007) Humongous regions: 5->5
[2024-08-28T13:06:28.819+0000][info][gc,metaspace   ] GC(1007) Metaspace: 100K(320K)->100K(320K) NonClass: 96K(192K)->96K(192K) Class: 4K(128K)->4K(128K)
[2024-08-28T13:06:28.819+0000][info][gc             ] GC(1007) Pause Young (Mixed) (G1 Preventive Collection) 993M->894M(1024M) 7.381ms
[2024-08-28T13:06:28.819+0000][info][gc,cpu         ] GC(1007) User=0.16s Sys=0.00s Real=0.01s
[2024-08-28T13:06:28.843+0000][info][gc,start       ] GC(1008) Pause Young (Mixed) (G1 Evacuation Pause)
[2024-08-28T13:06:28.844+0000][info][gc,task        ] GC(1008) Using 24 workers of 68 for evacuation
[2024-08-28T13:06:28.855+0000][info][gc,phases      ] GC(1008)   Pre Evacuate Collection Set: 0.2ms
[2024-08-28T13:06:28.855+0000][info][gc,phases      ] GC(1008)   Merge Heap Roots: 0.4ms
[2024-08-28T13:06:28.855+0000][info][gc,phases      ] GC(1008)   Evacuate Collection Set: 10.3ms
[2024-08-28T13:06:28.855+0000][info][gc,phases      ] GC(1008)   Post Evacuate Collection Set: 0.4ms
[2024-08-28T13:06:28.855+0000][info][gc,phases      ] GC(1008)   Other: 0.2ms
[2024-08-28T13:06:28.855+0000][info][gc,heap        ] GC(1008) Eden regions: 44->0(44)
[2024-08-28T13:06:28.855+0000][info][gc,heap        ] GC(1008) Survivor regions: 7->7(7)
[2024-08-28T13:06:28.855+0000][info][gc,heap        ] GC(1008) Old regions: 882->824
[2024-08-28T13:06:28.855+0000][info][gc,heap        ] GC(1008) Archive regions: 2->2
[2024-08-28T13:06:28.855+0000][info][gc,heap        ] GC(1008) Humongous regions: 5->5
[2024-08-28T13:06:28.855+0000][info][gc,metaspace   ] GC(1008) Metaspace: 100K(320K)->100K(320K) NonClass: 96K(192K)->96K(192K) Class: 4K(128K)->4K(128K)
[2024-08-28T13:06:28.855+0000][info][gc             ] GC(1008) Pause Young (Mixed) (G1 Evacuation Pause) 938M->836M(1024M) 11.762ms
[2024-08-28T13:06:28.855+0000][info][gc,cpu         ] GC(1008) User=0.26s Sys=0.00s Real=0.01s
[2024-08-28T13:06:28.880+0000][info][gc,start       ] GC(1009) Pause Young (Mixed) (G1 Evacuation Pause)
[2024-08-28T13:06:28.880+0000][info][gc,task        ] GC(1009) Using 24 workers of 68 for evacuation
[2024-08-28T13:06:28.891+0000][info][gc,phases      ] GC(1009)   Pre Evacuate Collection Set: 0.3ms
[2024-08-28T13:06:28.891+0000][info][gc,phases      ] GC(1009)   Merge Heap Roots: 0.3ms
[2024-08-28T13:06:28.891+0000][info][gc,phases      ] GC(1009)   Evacuate Collection Set: 10.5ms
[2024-08-28T13:06:28.891+0000][info][gc,phases      ] GC(1009)   Post Evacuate Collection Set: 0.4ms
[2024-08-28T13:06:28.891+0000][info][gc,phases      ] GC(1009)   Other: 0.3ms
[2024-08-28T13:06:28.891+0000][info][gc,heap        ] GC(1009) Eden regions: 44->0(44)
[2024-08-28T13:06:28.891+0000][info][gc,heap        ] GC(1009) Survivor regions: 7->7(7)
[2024-08-28T13:06:28.891+0000][info][gc,heap        ] GC(1009) Old regions: 824->768
[2024-08-28T13:06:28.891+0000][info][gc,heap        ] GC(1009) Archive regions: 2->2
[2024-08-28T13:06:28.891+0000][info][gc,heap        ] GC(1009) Humongous regions: 5->5
[2024-08-28T13:06:28.891+0000][info][gc,metaspace   ] GC(1009) Metaspace: 100K(320K)->100K(320K) NonClass: 96K(192K)->96K(192K) Class: 4K(128K)->4K(128K)
[2024-08-28T13:06:28.891+0000][info][gc             ] GC(1009) Pause Young (Mixed) (G1 Evacuation Pause) 880M->780M(1024M) 11.812ms
[2024-08-28T13:06:28.891+0000][info][gc,cpu         ] GC(1009) User=0.26s Sys=0.00s Real=0.01s
[2024-08-28T13:06:28.915+0000][info][gc,start       ] GC(1010) Pause Young (Mixed) (G1 Evacuation Pause)
[2024-08-28T13:06:28.915+0000][info][gc,task        ] GC(1010) Using 24 workers of 68 for evacuation
[2024-08-28T13:06:28.927+0000][info][gc,phases      ] GC(1010)   Pre Evacuate Collection Set: 0.2ms
[2024-08-28T13:06:28.927+0000][info][gc,phases      ] GC(1010)   Merge Heap Roots: 0.3ms
[2024-08-28T13:06:28.927+0000][info][gc,phases      ] GC(1010)   Evacuate Collection Set: 10.8ms
[2024-08-28T13:06:28.927+0000][info][gc,phases      ] GC(1010)   Post Evacuate Collection Set: 0.4ms
[2024-08-28T13:06:28.927+0000][info][gc,phases      ] GC(1010)   Other: 0.2ms
[2024-08-28T13:06:28.927+0000][info][gc,heap        ] GC(1010) Eden regions: 44->0(44)
[2024-08-28T13:06:28.927+0000][info][gc,heap        ] GC(1010) Survivor regions: 7->7(7)
[2024-08-28T13:06:28.927+0000][info][gc,heap        ] GC(1010) Old regions: 768->784
[2024-08-28T13:06:28.927+0000][info][gc,heap        ] GC(1010) Archive regions: 2->2
[2024-08-28T13:06:28.927+0000][info][gc,heap        ] GC(1010) Humongous regions: 5->5
[2024-08-28T13:06:28.927+0000][info][gc,metaspace   ] GC(1010) Metaspace: 100K(320K)->100K(320K) NonClass: 96K(192K)->96K(192K) Class: 4K(128K)->4K(128K)
[2024-08-28T13:06:28.927+0000][info][gc             ] GC(1010) Pause Young (Mixed) (G1 Evacuation Pause) 824M->796M(1024M) 12.008ms
[2024-08-28T13:06:28.927+0000][info][gc,cpu         ] GC(1010) User=0.27s Sys=0.00s Real=0.01s
[2024-08-28T13:06:28.952+0000][info][gc,start       ] GC(1011) Pause Young (Concurrent Start) (G1 Evacuation Pause)
[2024-08-28T13:06:28.952+0000][info][gc,task        ] GC(1011) Using 24 workers of 68 for evacuation
[2024-08-28T13:06:28.964+0000][info][gc,phases      ] GC(1011)   Pre Evacuate Collection Set: 0.2ms
[2024-08-28T13:06:28.964+0000][info][gc,phases      ] GC(1011)   Merge Heap Roots: 0.4ms
[2024-08-28T13:06:28.964+0000][info][gc,phases      ] GC(1011)   Evacuate Collection Set: 10.2ms
[2024-08-28T13:06:28.964+0000][info][gc,phases      ] GC(1011)   Post Evacuate Collection Set: 0.4ms
[2024-08-28T13:06:28.964+0000][info][gc,phases      ] GC(1011)   Other: 0.6ms
[2024-08-28T13:06:28.964+0000][info][gc,heap        ] GC(1011) Eden regions: 44->0(44)
[2024-08-28T13:06:28.964+0000][info][gc,heap        ] GC(1011) Survivor regions: 7->7(7)
[2024-08-28T13:06:28.964+0000][info][gc,heap        ] GC(1011) Old regions: 784->831
[2024-08-28T13:06:28.964+0000][info][gc,heap        ] GC(1011) Archive regions: 2->2
[2024-08-28T13:06:28.964+0000][info][gc,heap        ] GC(1011) Humongous regions: 5->5
[2024-08-28T13:06:28.964+0000][info][gc,metaspace   ] GC(1011) Metaspace: 100K(320K)->100K(320K) NonClass: 96K(192K)->96K(192K) Class: 4K(128K)->4K(128K)
[2024-08-28T13:06:28.964+0000][info][gc             ] GC(1011) Pause Young (Concurrent Start) (G1 Evacuation Pause) 840M->843M(1024M) 11.822ms
[2024-08-28T13:06:28.964+0000][info][gc,cpu         ] GC(1011) User=0.25s Sys=0.00s Real=0.01s
[2024-08-28T13:06:28.964+0000][info][gc             ] GC(1012) Concurrent Mark Cycle
[2024-08-28T13:06:28.964+0000][info][gc,marking     ] GC(1012) Concurrent Clear Claimed Marks
[2024-08-28T13:06:28.964+0000][info][gc,marking     ] GC(1012) Concurrent Clear Claimed Marks 0.012ms
[2024-08-28T13:06:28.964+0000][info][gc,marking     ] GC(1012) Concurrent Scan Root Regions
[2024-08-28T13:06:28.966+0000][info][gc,marking     ] GC(1012) Concurrent Scan Root Regions 1.704ms
[2024-08-28T13:06:28.966+0000][info][gc,marking     ] GC(1012) Concurrent Mark
[2024-08-28T13:06:28.966+0000][info][gc,marking     ] GC(1012) Concurrent Mark From Roots
[2024-08-28T13:06:28.966+0000][info][gc,task        ] GC(1012) Using 17 workers of 17 for marking
[2024-08-28T13:06:28.991+0000][info][gc,marking     ] GC(1012) Concurrent Mark From Roots 25.145ms
[2024-08-28T13:06:28.991+0000][info][gc,marking     ] GC(1012) Concurrent Preclean
[2024-08-28T13:06:28.992+0000][info][gc,marking     ] GC(1012) Concurrent Preclean 0.674ms
[2024-08-28T13:06:28.992+0000][info][gc,start       ] GC(1012) Pause Remark
[2024-08-28T13:06:28.993+0000][info][gc             ] GC(1012) Pause Remark 878M->878M(1024M) 1.187ms
[2024-08-28T13:06:28.993+0000][info][gc,cpu         ] GC(1012) User=0.00s Sys=0.00s Real=0.00s
[2024-08-28T13:06:28.993+0000][info][gc,marking     ] GC(1012) Concurrent Mark 27.362ms
[2024-08-28T13:06:28.993+0000][info][gc,marking     ] GC(1012) Concurrent Rebuild Remembered Sets
[2024-08-28T13:06:28.999+0000][info][gc,start       ] GC(1013) Pause Young (Normal) (G1 Evacuation Pause)
[2024-08-28T13:06:28.999+0000][info][gc,task        ] GC(1013) Using 24 workers of 68 for evacuation
[2024-08-28T13:06:29.010+0000][info][gc,phases      ] GC(1013)   Pre Evacuate Collection Set: 0.1ms
[2024-08-28T13:06:29.010+0000][info][gc,phases      ] GC(1013)   Merge Heap Roots: 0.4ms
[2024-08-28T13:06:29.010+0000][info][gc,phases      ] GC(1013)   Evacuate Collection Set: 9.6ms
[2024-08-28T13:06:29.010+0000][info][gc,phases      ] GC(1013)   Post Evacuate Collection Set: 0.4ms
[2024-08-28T13:06:29.010+0000][info][gc,phases      ] GC(1013)   Other: 0.2ms
[2024-08-28T13:06:29.010+0000][info][gc,heap        ] GC(1013) Eden regions: 44->0(44)
[2024-08-28T13:06:29.010+0000][info][gc,heap        ] GC(1013) Survivor regions: 7->7(7)
[2024-08-28T13:06:29.010+0000][info][gc,heap        ] GC(1013) Old regions: 831->878
[2024-08-28T13:06:29.010+0000][info][gc,heap        ] GC(1013) Archive regions: 2->2
[2024-08-28T13:06:29.010+0000][info][gc,heap        ] GC(1013) Humongous regions: 5->5
[2024-08-28T13:06:29.010+0000][info][gc,metaspace   ] GC(1013) Metaspace: 100K(320K)->100K(320K) NonClass: 96K(192K)->96K(192K) Class: 4K(128K)->4K(128K)
[2024-08-28T13:06:29.010+0000][info][gc             ] GC(1013) Pause Young (Normal) (G1 Evacuation Pause) 887M->890M(1024M) 10.749ms
[2024-08-28T13:06:29.010+0000][info][gc,cpu         ] GC(1013) User=0.24s Sys=0.01s Real=0.01s
[2024-08-28T13:06:29.038+0000][info][gc,start       ] GC(1014) Pause Young (Normal) (G1 Evacuation Pause)
[2024-08-28T13:06:29.038+0000][info][gc,task        ] GC(1014) Using 24 workers of 68 for evacuation
[2024-08-28T13:06:29.053+0000][info][gc,phases      ] GC(1014)   Pre Evacuate Collection Set: 0.1ms
[2024-08-28T13:06:29.053+0000][info][gc,phases      ] GC(1014)   Merge Heap Roots: 0.5ms
[2024-08-28T13:06:29.053+0000][info][gc,phases      ] GC(1014)   Evacuate Collection Set: 13.6ms
[2024-08-28T13:06:29.053+0000][info][gc,phases      ] GC(1014)   Post Evacuate Collection Set: 0.5ms
[2024-08-28T13:06:29.053+0000][info][gc,phases      ] GC(1014)   Other: 0.2ms
[2024-08-28T13:06:29.053+0000][info][gc,heap        ] GC(1014) Eden regions: 44->0(44)
[2024-08-28T13:06:29.053+0000][info][gc,heap        ] GC(1014) Survivor regions: 7->7(7)
[2024-08-28T13:06:29.053+0000][info][gc,heap        ] GC(1014) Old regions: 878->924
[2024-08-28T13:06:29.053+0000][info][gc,heap        ] GC(1014) Archive regions: 2->2
[2024-08-28T13:06:29.053+0000][info][gc,heap        ] GC(1014) Humongous regions: 5->5
[2024-08-28T13:06:29.053+0000][info][gc,metaspace   ] GC(1014) Metaspace: 100K(320K)->100K(320K) NonClass: 96K(192K)->96K(192K) Class: 4K(128K)->4K(128K)
[2024-08-28T13:06:29.053+0000][info][gc             ] GC(1014) Pause Young (Normal) (G1 Evacuation Pause) 934M->936M(1024M) 15.055ms
[2024-08-28T13:06:29.053+0000][info][gc,cpu         ] GC(1014) User=0.34s Sys=0.00s Real=0.01s
[2024-08-28T13:06:29.078+0000][info][gc,start       ] GC(1015) Pause Young (Normal) (G1 Preventive Collection)
[2024-08-28T13:06:29.078+0000][info][gc,task        ] GC(1015) Using 24 workers of 68 for evacuation
[2024-08-28T13:06:29.094+0000][info][gc,phases      ] GC(1015)   Pre Evacuate Collection Set: 0.2ms
[2024-08-28T13:06:29.094+0000][info][gc,phases      ] GC(1015)   Merge Heap Roots: 0.6ms
[2024-08-28T13:06:29.094+0000][info][gc,phases      ] GC(1015)   Evacuate Collection Set: 14.4ms
[2024-08-28T13:06:29.094+0000][info][gc,phases      ] GC(1015)   Post Evacuate Collection Set: 0.6ms
[2024-08-28T13:06:29.094+0000][info][gc,phases      ] GC(1015)   Other: 0.2ms
[2024-08-28T13:06:29.094+0000][info][gc,heap        ] GC(1015) Eden regions: 37->0(44)
[2024-08-28T13:06:29.094+0000][info][gc,heap        ] GC(1015) Survivor regions: 7->7(7)
[2024-08-28T13:06:29.094+0000][info][gc,heap        ] GC(1015) Old regions: 924->964
[2024-08-28T13:06:29.094+0000][info][gc,heap        ] GC(1015) Archive regions: 2->2
[2024-08-28T13:06:29.094+0000][info][gc,heap        ] GC(1015) Humongous regions: 5->5
[2024-08-28T13:06:29.094+0000][info][gc,metaspace   ] GC(1015) Metaspace: 100K(320K)->100K(320K) NonClass: 96K(192K)->96K(192K) Class: 4K(128K)->4K(128K)
[2024-08-28T13:06:29.094+0000][info][gc             ] GC(1015) Pause Young (Normal) (G1 Preventive Collection) 973M->976M(1024M) 15.989ms
[2024-08-28T13:06:29.094+0000][info][gc,cpu         ] GC(1015) User=0.36s Sys=0.00s Real=0.01s
[2024-08-28T13:06:29.094+0000][info][gc,marking     ] GC(1012) Concurrent Rebuild Remembered Sets 101.056ms
[2024-08-28T13:06:29.094+0000][info][gc,start       ] GC(1012) Pause Cleanup
[2024-08-28T13:06:29.096+0000][info][gc             ] GC(1012) Pause Cleanup 977M->977M(1024M) 1.554ms
[2024-08-28T13:06:29.096+0000][info][gc,cpu         ] GC(1012) User=0.01s Sys=0.00s Real=0.00s
[2024-08-28T13:06:29.096+0000][info][gc,marking     ] GC(1012) Concurrent Cleanup for Next Mark
[2024-08-28T13:06:29.097+0000][info][gc,marking     ] GC(1012) Concurrent Cleanup for Next Mark 0.804ms
[2024-08-28T13:06:29.097+0000][info][gc             ] GC(1012) Concurrent Mark Cycle 132.846ms
[2024-08-28T13:06:29.108+0000][info][gc,start       ] GC(1016) Pause Young (Prepare Mixed) (G1 Preventive Collection)
[2024-08-28T13:06:29.108+0000][info][gc,task        ] GC(1016) Using 24 workers of 68 for evacuation
[2024-08-28T13:06:29.122+0000][info][gc             ] GC(1016) To-space exhausted
[2024-08-28T13:06:29.122+0000][info][gc,phases      ] GC(1016)   Pre Evacuate Collection Set: 0.2ms
[2024-08-28T13:06:29.122+0000][info][gc,phases      ] GC(1016)   Merge Heap Roots: 0.4ms
[2024-08-28T13:06:29.122+0000][info][gc,phases      ] GC(1016)   Evacuate Collection Set: 13.1ms
[2024-08-28T13:06:29.122+0000][info][gc,phases      ] GC(1016)   Post Evacuate Collection Set: 0.6ms
[2024-08-28T13:06:29.122+0000][info][gc,phases      ] GC(1016)   Other: 0.2ms
[2024-08-28T13:06:29.122+0000][info][gc,heap        ] GC(1016) Eden regions: 18->0(44)
[2024-08-28T13:06:29.122+0000][info][gc,heap        ] GC(1016) Survivor regions: 7->7(7)
[2024-08-28T13:06:29.122+0000][info][gc,heap        ] GC(1016) Old regions: 964->995
[2024-08-28T13:06:29.122+0000][info][gc,heap        ] GC(1016) Archive regions: 2->2
[2024-08-28T13:06:29.122+0000][info][gc,heap        ] GC(1016) Humongous regions: 5->5
[2024-08-28T13:06:29.122+0000][info][gc,metaspace   ] GC(1016) Metaspace: 100K(320K)->100K(320K) NonClass: 96K(192K)->96K(192K) Class: 4K(128K)->4K(128K)
[2024-08-28T13:06:29.122+0000][info][gc             ] GC(1016) Pause Young (Prepare Mixed) (G1 Preventive Collection) 994M->1007M(1024M) 14.469ms
[2024-08-28T13:06:29.122+0000][info][gc,cpu         ] GC(1016) User=0.33s Sys=0.00s Real=0.02s
[2024-08-28T13:06:29.124+0000][info][gc,start       ] GC(1017) Pause Young (Mixed) (G1 Preventive Collection)
[2024-08-28T13:06:29.124+0000][info][gc,task        ] GC(1017) Using 24 workers of 68 for evacuation
[2024-08-28T13:06:29.129+0000][info][gc             ] GC(1017) To-space exhausted
[2024-08-28T13:06:29.129+0000][info][gc,phases      ] GC(1017)   Pre Evacuate Collection Set: 0.2ms
[2024-08-28T13:06:29.129+0000][info][gc,phases      ] GC(1017)   Merge Heap Roots: 0.3ms
[2024-08-28T13:06:29.129+0000][info][gc,phases      ] GC(1017)   Evacuate Collection Set: 3.2ms
[2024-08-28T13:06:29.129+0000][info][gc,phases      ] GC(1017)   Post Evacuate Collection Set: 0.5ms
[2024-08-28T13:06:29.129+0000][info][gc,phases      ] GC(1017)   Other: 0.1ms
[2024-08-28T13:06:29.129+0000][info][gc,heap        ] GC(1017) Eden regions: 3->0(48)
[2024-08-28T13:06:29.129+0000][info][gc,heap        ] GC(1017) Survivor regions: 7->3(7)
[2024-08-28T13:06:29.129+0000][info][gc,heap        ] GC(1017) Old regions: 995->952
[2024-08-28T13:06:29.129+0000][info][gc,heap        ] GC(1017) Archive regions: 2->2
[2024-08-28T13:06:29.129+0000][info][gc,heap        ] GC(1017) Humongous regions: 5->5
[2024-08-28T13:06:29.129+0000][info][gc,metaspace   ] GC(1017) Metaspace: 100K(320K)->100K(320K) NonClass: 96K(192K)->96K(192K) Class: 4K(128K)->4K(128K)
[2024-08-28T13:06:29.129+0000][info][gc             ] GC(1017) Pause Young (Mixed) (G1 Preventive Collection) 1010M->960M(1024M) 4.377ms
[2024-08-28T13:06:29.129+0000][info][gc,cpu         ] GC(1017) User=0.09s Sys=0.00s Real=0.00s
[2024-08-28T13:06:29.144+0000][info][gc,start       ] GC(1018) Pause Young (Mixed) (G1 Preventive Collection)
[2024-08-28T13:06:29.144+0000][info][gc,task        ] GC(1018) Using 24 workers of 68 for evacuation
[2024-08-28T13:06:29.152+0000][info][gc,phases      ] GC(1018)   Pre Evacuate Collection Set: 0.2ms
[2024-08-28T13:06:29.152+0000][info][gc,phases      ] GC(1018)   Merge Heap Roots: 0.4ms
[2024-08-28T13:06:29.152+0000][info][gc,phases      ] GC(1018)   Evacuate Collection Set: 6.6ms
[2024-08-28T13:06:29.152+0000][info][gc,phases      ] GC(1018)   Post Evacuate Collection Set: 0.4ms
[2024-08-28T13:06:29.152+0000][info][gc,phases      ] GC(1018)   Other: 0.2ms
[2024-08-28T13:06:29.152+0000][info][gc,heap        ] GC(1018) Eden regions: 27->0(44)
[2024-08-28T13:06:29.152+0000][info][gc,heap        ] GC(1018) Survivor regions: 3->7(7)
[2024-08-28T13:06:29.152+0000][info][gc,heap        ] GC(1018) Old regions: 952->873
[2024-08-28T13:06:29.152+0000][info][gc,heap        ] GC(1018) Archive regions: 2->2
[2024-08-28T13:06:29.152+0000][info][gc,heap        ] GC(1018) Humongous regions: 5->5
[2024-08-28T13:06:29.152+0000][info][gc,metaspace   ] GC(1018) Metaspace: 100K(320K)->100K(320K) NonClass: 96K(192K)->96K(192K) Class: 4K(128K)->4K(128K)
[2024-08-28T13:06:29.152+0000][info][gc             ] GC(1018) Pause Young (Mixed) (G1 Preventive Collection) 987M->885M(1024M) 7.794ms
[2024-08-28T13:06:29.152+0000][info][gc,cpu         ] GC(1018) User=0.17s Sys=0.00s Real=0.01s
[2024-08-28T13:06:29.175+0000][info][gc,start       ] GC(1019) Pause Young (Mixed) (G1 Evacuation Pause)
[2024-08-28T13:06:29.176+0000][info][gc,task        ] GC(1019) Using 24 workers of 68 for evacuation
[2024-08-28T13:06:29.187+0000][info][gc,phases      ] GC(1019)   Pre Evacuate Collection Set: 0.2ms
[2024-08-28T13:06:29.187+0000][info][gc,phases      ] GC(1019)   Merge Heap Roots: 0.4ms
[2024-08-28T13:06:29.187+0000][info][gc,phases      ] GC(1019)   Evacuate Collection Set: 10.0ms
[2024-08-28T13:06:29.187+0000][info][gc,phases      ] GC(1019)   Post Evacuate Collection Set: 0.5ms
[2024-08-28T13:06:29.187+0000][info][gc,phases      ] GC(1019)   Other: 0.3ms
[2024-08-28T13:06:29.187+0000][info][gc,heap        ] GC(1019) Eden regions: 44->0(44)
[2024-08-28T13:06:29.187+0000][info][gc,heap        ] GC(1019) Survivor regions: 7->7(7)
[2024-08-28T13:06:29.187+0000][info][gc,heap        ] GC(1019) Old regions: 873->816
[2024-08-28T13:06:29.187+0000][info][gc,heap        ] GC(1019) Archive regions: 2->2
[2024-08-28T13:06:29.187+0000][info][gc,heap        ] GC(1019) Humongous regions: 5->5
[2024-08-28T13:06:29.187+0000][info][gc,metaspace   ] GC(1019) Metaspace: 100K(320K)->100K(320K) NonClass: 96K(192K)->96K(192K) Class: 4K(128K)->4K(128K)
[2024-08-28T13:06:29.187+0000][info][gc             ] GC(1019) Pause Young (Mixed) (G1 Evacuation Pause) 929M->828M(1024M) 11.462ms
[2024-08-28T13:06:29.187+0000][info][gc,cpu         ] GC(1019) User=0.25s Sys=0.00s Real=0.01s
[2024-08-28T13:06:29.210+0000][info][gc,start       ] GC(1020) Pause Young (Mixed) (G1 Evacuation Pause)
[2024-08-28T13:06:29.210+0000][info][gc,task        ] GC(1020) Using 24 workers of 68 for evacuation
[2024-08-28T13:06:29.221+0000][info][gc,phases      ] GC(1020)   Pre Evacuate Collection Set: 0.2ms
[2024-08-28T13:06:29.221+0000][info][gc,phases      ] GC(1020)   Merge Heap Roots: 0.4ms
[2024-08-28T13:06:29.221+0000][info][gc,phases      ] GC(1020)   Evacuate Collection Set: 10.2ms
[2024-08-28T13:06:29.221+0000][info][gc,phases      ] GC(1020)   Post Evacuate Collection Set: 0.4ms
[2024-08-28T13:06:29.221+0000][info][gc,phases      ] GC(1020)   Other: 0.2ms
[2024-08-28T13:06:29.221+0000][info][gc,heap        ] GC(1020) Eden regions: 44->0(44)
[2024-08-28T13:06:29.221+0000][info][gc,heap        ] GC(1020) Survivor regions: 7->7(7)
[2024-08-28T13:06:29.221+0000][info][gc,heap        ] GC(1020) Old regions: 816->830
[2024-08-28T13:06:29.221+0000][info][gc,heap        ] GC(1020) Archive regions: 2->2
[2024-08-28T13:06:29.221+0000][info][gc,heap        ] GC(1020) Humongous regions: 5->5
[2024-08-28T13:06:29.221+0000][info][gc,metaspace   ] GC(1020) Metaspace: 100K(320K)->100K(320K) NonClass: 96K(192K)->96K(192K) Class: 4K(128K)->4K(128K)
[2024-08-28T13:06:29.221+0000][info][gc             ] GC(1020) Pause Young (Mixed) (G1 Evacuation Pause) 872M->842M(1024M) 11.465ms
[2024-08-28T13:06:29.221+0000][info][gc,cpu         ] GC(1020) User=0.25s Sys=0.00s Real=0.01s
[2024-08-28T13:06:29.244+0000][info][gc,start       ] GC(1021) Pause Young (Concurrent Start) (G1 Evacuation Pause)
[2024-08-28T13:06:29.244+0000][info][gc,task        ] GC(1021) Using 24 workers of 68 for evacuation
[2024-08-28T13:06:29.255+0000][info][gc,phases      ] GC(1021)   Pre Evacuate Collection Set: 0.2ms
[2024-08-28T13:06:29.255+0000][info][gc,phases      ] GC(1021)   Merge Heap Roots: 0.4ms
[2024-08-28T13:06:29.255+0000][info][gc,phases      ] GC(1021)   Evacuate Collection Set: 10.0ms
[2024-08-28T13:06:29.255+0000][info][gc,phases      ] GC(1021)   Post Evacuate Collection Set: 0.3ms
[2024-08-28T13:06:29.255+0000][info][gc,phases      ] GC(1021)   Other: 0.8ms
[2024-08-28T13:06:29.255+0000][info][gc,heap        ] GC(1021) Eden regions: 44->0(44)
[2024-08-28T13:06:29.255+0000][info][gc,heap        ] GC(1021) Survivor regions: 7->7(7)
[2024-08-28T13:06:29.255+0000][info][gc,heap        ] GC(1021) Old regions: 830->877
[2024-08-28T13:06:29.256+0000][info][gc,heap        ] GC(1021) Archive regions: 2->2
[2024-08-28T13:06:29.256+0000][info][gc,heap        ] GC(1021) Humongous regions: 5->5
[2024-08-28T13:06:29.256+0000][info][gc,metaspace   ] GC(1021) Metaspace: 100K(320K)->100K(320K) NonClass: 96K(192K)->96K(192K) Class: 4K(128K)->4K(128K)
[2024-08-28T13:06:29.256+0000][info][gc             ] GC(1021) Pause Young (Concurrent Start) (G1 Evacuation Pause) 886M->889M(1024M) 11.742ms
[2024-08-28T13:06:29.256+0000][info][gc,cpu         ] GC(1021) User=0.24s Sys=0.00s Real=0.01s
[2024-08-28T13:06:29.256+0000][info][gc             ] GC(1022) Concurrent Mark Cycle
[2024-08-28T13:06:29.256+0000][info][gc,marking     ] GC(1022) Concurrent Clear Claimed Marks
[2024-08-28T13:06:29.256+0000][info][gc,marking     ] GC(1022) Concurrent Clear Claimed Marks 0.010ms
[2024-08-28T13:06:29.256+0000][info][gc,marking     ] GC(1022) Concurrent Scan Root Regions
[2024-08-28T13:06:29.257+0000][info][gc,marking     ] GC(1022) Concurrent Scan Root Regions 1.740ms
[2024-08-28T13:06:29.257+0000][info][gc,marking     ] GC(1022) Concurrent Mark
[2024-08-28T13:06:29.257+0000][info][gc,marking     ] GC(1022) Concurrent Mark From Roots
[2024-08-28T13:06:29.257+0000][info][gc,task        ] GC(1022) Using 17 workers of 17 for marking
[2024-08-28T13:06:29.282+0000][info][gc,marking     ] GC(1022) Concurrent Mark From Roots 24.317ms
[2024-08-28T13:06:29.282+0000][info][gc,marking     ] GC(1022) Concurrent Preclean
[2024-08-28T13:06:29.282+0000][info][gc,marking     ] GC(1022) Concurrent Preclean 0.503ms
[2024-08-28T13:06:29.283+0000][info][gc,start       ] GC(1022) Pause Remark
[2024-08-28T13:06:29.284+0000][info][gc             ] GC(1022) Pause Remark 922M->886M(1024M) 1.279ms
[2024-08-28T13:06:29.284+0000][info][gc,cpu         ] GC(1022) User=0.01s Sys=0.00s Real=0.00s
[2024-08-28T13:06:29.284+0000][info][gc,marking     ] GC(1022) Concurrent Mark 26.451ms
[2024-08-28T13:06:29.284+0000][info][gc,marking     ] GC(1022) Concurrent Rebuild Remembered Sets
[2024-08-28T13:06:29.291+0000][info][gc,start       ] GC(1023) Pause Young (Normal) (G1 Evacuation Pause)
[2024-08-28T13:06:29.291+0000][info][gc,task        ] GC(1023) Using 24 workers of 68 for evacuation
[2024-08-28T13:06:29.302+0000][info][gc,phases      ] GC(1023)   Pre Evacuate Collection Set: 0.1ms
[2024-08-28T13:06:29.302+0000][info][gc,phases      ] GC(1023)   Merge Heap Roots: 0.3ms
[2024-08-28T13:06:29.302+0000][info][gc,phases      ] GC(1023)   Evacuate Collection Set: 10.2ms
[2024-08-28T13:06:29.302+0000][info][gc,phases      ] GC(1023)   Post Evacuate Collection Set: 0.4ms
[2024-08-28T13:06:29.302+0000][info][gc,phases      ] GC(1023)   Other: 0.2ms
[2024-08-28T13:06:29.302+0000][info][gc,heap        ] GC(1023) Eden regions: 44->0(44)
[2024-08-28T13:06:29.302+0000][info][gc,heap        ] GC(1023) Survivor regions: 7->7(7)
[2024-08-28T13:06:29.302+0000][info][gc,heap        ] GC(1023) Old regions: 841->887
[2024-08-28T13:06:29.302+0000][info][gc,heap        ] GC(1023) Archive regions: 2->2
[2024-08-28T13:06:29.302+0000][info][gc,heap        ] GC(1023) Humongous regions: 5->5
[2024-08-28T13:06:29.302+0000][info][gc,metaspace   ] GC(1023) Metaspace: 100K(320K)->100K(320K) NonClass: 96K(192K)->96K(192K) Class: 4K(128K)->4K(128K)
[2024-08-28T13:06:29.302+0000][info][gc             ] GC(1023) Pause Young (Normal) (G1 Evacuation Pause) 897M->899M(1024M) 11.263ms
[2024-08-28T13:06:29.302+0000][info][gc,cpu         ] GC(1023) User=0.25s Sys=0.00s Real=0.01s
[2024-08-28T13:06:29.329+0000][info][gc,start       ] GC(1024) Pause Young (Normal) (G1 Evacuation Pause)
[2024-08-28T13:06:29.329+0000][info][gc,task        ] GC(1024) Using 24 workers of 68 for evacuation
[2024-08-28T13:06:29.343+0000][info][gc,phases      ] GC(1024)   Pre Evacuate Collection Set: 0.2ms
[2024-08-28T13:06:29.344+0000][info][gc,phases      ] GC(1024)   Merge Heap Roots: 0.5ms
[2024-08-28T13:06:29.344+0000][info][gc,phases      ] GC(1024)   Evacuate Collection Set: 13.0ms
[2024-08-28T13:06:29.344+0000][info][gc,phases      ] GC(1024)   Post Evacuate Collection Set: 0.5ms
[2024-08-28T13:06:29.344+0000][info][gc,phases      ] GC(1024)   Other: 0.2ms
[2024-08-28T13:06:29.344+0000][info][gc,heap        ] GC(1024) Eden regions: 44->0(44)
[2024-08-28T13:06:29.344+0000][info][gc,heap        ] GC(1024) Survivor regions: 7->7(7)
[2024-08-28T13:06:29.344+0000][info][gc,heap        ] GC(1024) Old regions: 887->933
[2024-08-28T13:06:29.344+0000][info][gc,heap        ] GC(1024) Archive regions: 2->2
[2024-08-28T13:06:29.344+0000][info][gc,heap        ] GC(1024) Humongous regions: 5->5
[2024-08-28T13:06:29.344+0000][info][gc,metaspace   ] GC(1024) Metaspace: 100K(320K)->100K(320K) NonClass: 96K(192K)->96K(192K) Class: 4K(128K)->4K(128K)
[2024-08-28T13:06:29.344+0000][info][gc             ] GC(1024) Pause Young (Normal) (G1 Evacuation Pause) 943M->945M(1024M) 14.446ms
[2024-08-28T13:06:29.344+0000][info][gc,cpu         ] GC(1024) User=0.33s Sys=0.00s Real=0.02s
[2024-08-28T13:06:29.364+0000][info][gc,start       ] GC(1025) Pause Young (Normal) (G1 Preventive Collection)
[2024-08-28T13:06:29.364+0000][info][gc,task        ] GC(1025) Using 24 workers of 68 for evacuation
[2024-08-28T13:06:29.379+0000][info][gc,phases      ] GC(1025)   Pre Evacuate Collection Set: 0.1ms
[2024-08-28T13:06:29.379+0000][info][gc,phases      ] GC(1025)   Merge Heap Roots: 0.5ms
[2024-08-28T13:06:29.379+0000][info][gc,phases      ] GC(1025)   Evacuate Collection Set: 13.1ms
[2024-08-28T13:06:29.379+0000][info][gc,phases      ] GC(1025)   Post Evacuate Collection Set: 0.6ms
[2024-08-28T13:06:29.379+0000][info][gc,phases      ] GC(1025)   Other: 0.2ms
[2024-08-28T13:06:29.379+0000][info][gc,heap        ] GC(1025) Eden regions: 33->0(44)
[2024-08-28T13:06:29.379+0000][info][gc,heap        ] GC(1025) Survivor regions: 7->7(7)
[2024-08-28T13:06:29.379+0000][info][gc,heap        ] GC(1025) Old regions: 933->969
[2024-08-28T13:06:29.379+0000][info][gc,heap        ] GC(1025) Archive regions: 2->2
[2024-08-28T13:06:29.379+0000][info][gc,heap        ] GC(1025) Humongous regions: 5->5
[2024-08-28T13:06:29.379+0000][info][gc,metaspace   ] GC(1025) Metaspace: 100K(320K)->100K(320K) NonClass: 96K(192K)->96K(192K) Class: 4K(128K)->4K(128K)
[2024-08-28T13:06:29.379+0000][info][gc             ] GC(1025) Pause Young (Normal) (G1 Preventive Collection) 978M->981M(1024M) 14.662ms
[2024-08-28T13:06:29.379+0000][info][gc,cpu         ] GC(1025) User=0.34s Sys=0.00s Real=0.02s
[2024-08-28T13:06:29.381+0000][info][gc,marking     ] GC(1022) Concurrent Rebuild Remembered Sets 97.187ms
[2024-08-28T13:06:29.381+0000][info][gc,start       ] GC(1022) Pause Cleanup
[2024-08-28T13:06:29.383+0000][info][gc             ] GC(1022) Pause Cleanup 984M->984M(1024M) 1.629ms
[2024-08-28T13:06:29.383+0000][info][gc,cpu         ] GC(1022) User=0.01s Sys=0.00s Real=0.00s
[2024-08-28T13:06:29.383+0000][info][gc,marking     ] GC(1022) Concurrent Cleanup for Next Mark
[2024-08-28T13:06:29.384+0000][info][gc,marking     ] GC(1022) Concurrent Cleanup for Next Mark 0.810ms
[2024-08-28T13:06:29.384+0000][info][gc             ] GC(1022) Concurrent Mark Cycle 128.261ms
[2024-08-28T13:06:29.392+0000][info][gc,start       ] GC(1026) Pause Young (Prepare Mixed) (G1 Preventive Collection)
[2024-08-28T13:06:29.392+0000][info][gc,task        ] GC(1026) Using 24 workers of 68 for evacuation
[2024-08-28T13:06:29.405+0000][info][gc             ] GC(1026) To-space exhausted
[2024-08-28T13:06:29.405+0000][info][gc,phases      ] GC(1026)   Pre Evacuate Collection Set: 0.1ms
[2024-08-28T13:06:29.405+0000][info][gc,phases      ] GC(1026)   Merge Heap Roots: 0.6ms
[2024-08-28T13:06:29.405+0000][info][gc,phases      ] GC(1026)   Evacuate Collection Set: 12.3ms
[2024-08-28T13:06:29.405+0000][info][gc,phases      ] GC(1026)   Post Evacuate Collection Set: 0.6ms
[2024-08-28T13:06:29.405+0000][info][gc,phases      ] GC(1026)   Other: 0.2ms
[2024-08-28T13:06:29.405+0000][info][gc,heap        ] GC(1026) Eden regions: 16->0(44)
[2024-08-28T13:06:29.405+0000][info][gc,heap        ] GC(1026) Survivor regions: 7->7(7)
[2024-08-28T13:06:29.405+0000][info][gc,heap        ] GC(1026) Old regions: 969->1000
[2024-08-28T13:06:29.405+0000][info][gc,heap        ] GC(1026) Archive regions: 2->2
[2024-08-28T13:06:29.405+0000][info][gc,heap        ] GC(1026) Humongous regions: 5->5
[2024-08-28T13:06:29.405+0000][info][gc,metaspace   ] GC(1026) Metaspace: 100K(320K)->100K(320K) NonClass: 96K(192K)->96K(192K) Class: 4K(128K)->4K(128K)
[2024-08-28T13:06:29.405+0000][info][gc             ] GC(1026) Pause Young (Prepare Mixed) (G1 Preventive Collection) 997M->1012M(1024M) 13.850ms
[2024-08-28T13:06:29.405+0000][info][gc,cpu         ] GC(1026) User=0.31s Sys=0.00s Real=0.01s
[2024-08-28T13:06:29.406+0000][info][gc,start       ] GC(1027) Pause Young (Mixed) (G1 Preventive Collection)
[2024-08-28T13:06:29.406+0000][info][gc,task        ] GC(1027) Using 24 workers of 68 for evacuation
[2024-08-28T13:06:29.410+0000][info][gc             ] GC(1027) To-space exhausted
[2024-08-28T13:06:29.410+0000][info][gc,phases      ] GC(1027)   Pre Evacuate Collection Set: 0.2ms
[2024-08-28T13:06:29.410+0000][info][gc,phases      ] GC(1027)   Merge Heap Roots: 0.2ms
[2024-08-28T13:06:29.410+0000][info][gc,phases      ] GC(1027)   Evacuate Collection Set: 2.8ms
[2024-08-28T13:06:29.410+0000][info][gc,phases      ] GC(1027)   Post Evacuate Collection Set: 0.5ms
[2024-08-28T13:06:29.410+0000][info][gc,phases      ] GC(1027)   Other: 0.1ms
[2024-08-28T13:06:29.410+0000][info][gc,heap        ] GC(1027) Eden regions: 1->0(49)
[2024-08-28T13:06:29.410+0000][info][gc,heap        ] GC(1027) Survivor regions: 7->2(7)
[2024-08-28T13:06:29.410+0000][info][gc,heap        ] GC(1027) Old regions: 1000->991
[2024-08-28T13:06:29.410+0000][info][gc,heap        ] GC(1027) Archive regions: 2->2
[2024-08-28T13:06:29.410+0000][info][gc,heap        ] GC(1027) Humongous regions: 5->5
[2024-08-28T13:06:29.410+0000][info][gc,metaspace   ] GC(1027) Metaspace: 100K(320K)->100K(320K) NonClass: 96K(192K)->96K(192K) Class: 4K(128K)->4K(128K)
[2024-08-28T13:06:29.410+0000][info][gc             ] GC(1027) Pause Young (Mixed) (G1 Preventive Collection) 1013M->998M(1024M) 3.872ms
[2024-08-28T13:06:29.410+0000][info][gc,cpu         ] GC(1027) User=0.07s Sys=0.01s Real=0.01s
[2024-08-28T13:06:29.416+0000][info][gc,start       ] GC(1028) Pause Young (Mixed) (G1 Preventive Collection)
[2024-08-28T13:06:29.416+0000][info][gc,task        ] GC(1028) Using 24 workers of 68 for evacuation
[2024-08-28T13:06:29.420+0000][info][gc,phases      ] GC(1028)   Pre Evacuate Collection Set: 0.2ms
[2024-08-28T13:06:29.420+0000][info][gc,phases      ] GC(1028)   Merge Heap Roots: 0.3ms
[2024-08-28T13:06:29.420+0000][info][gc,phases      ] GC(1028)   Evacuate Collection Set: 3.5ms
[2024-08-28T13:06:29.420+0000][info][gc,phases      ] GC(1028)   Post Evacuate Collection Set: 0.3ms
[2024-08-28T13:06:29.420+0000][info][gc,phases      ] GC(1028)   Other: 0.1ms
[2024-08-28T13:06:29.420+0000][info][gc,heap        ] GC(1028) Eden regions: 10->0(44)
[2024-08-28T13:06:29.420+0000][info][gc,heap        ] GC(1028) Survivor regions: 2->7(7)
[2024-08-28T13:06:29.420+0000][info][gc,heap        ] GC(1028) Old regions: 991->893
[2024-08-28T13:06:29.420+0000][info][gc,heap        ] GC(1028) Archive regions: 2->2
[2024-08-28T13:06:29.420+0000][info][gc,heap        ] GC(1028) Humongous regions: 5->5
[2024-08-28T13:06:29.420+0000][info][gc,metaspace   ] GC(1028) Metaspace: 100K(320K)->100K(320K) NonClass: 96K(192K)->96K(192K) Class: 4K(128K)->4K(128K)
[2024-08-28T13:06:29.420+0000][info][gc             ] GC(1028) Pause Young (Mixed) (G1 Preventive Collection) 1008M->905M(1024M) 4.606ms
[2024-08-28T13:06:29.420+0000][info][gc,cpu         ] GC(1028) User=0.10s Sys=0.00s Real=0.01s
[2024-08-28T13:06:29.444+0000][info][gc,start       ] GC(1029) Pause Young (Mixed) (G1 Evacuation Pause)
[2024-08-28T13:06:29.444+0000][info][gc,task        ] GC(1029) Using 24 workers of 68 for evacuation
[2024-08-28T13:06:29.454+0000][info][gc,phases      ] GC(1029)   Pre Evacuate Collection Set: 0.2ms
[2024-08-28T13:06:29.454+0000][info][gc,phases      ] GC(1029)   Merge Heap Roots: 0.3ms
[2024-08-28T13:06:29.454+0000][info][gc,phases      ] GC(1029)   Evacuate Collection Set: 9.8ms
[2024-08-28T13:06:29.454+0000][info][gc,phases      ] GC(1029)   Post Evacuate Collection Set: 0.4ms
[2024-08-28T13:06:29.454+0000][info][gc,phases      ] GC(1029)   Other: 0.2ms
[2024-08-28T13:06:29.454+0000][info][gc,heap        ] GC(1029) Eden regions: 44->0(44)
[2024-08-28T13:06:29.455+0000][info][gc,heap        ] GC(1029) Survivor regions: 7->7(7)
[2024-08-28T13:06:29.455+0000][info][gc,heap        ] GC(1029) Old regions: 893->834
[2024-08-28T13:06:29.455+0000][info][gc,heap        ] GC(1029) Archive regions: 2->2
[2024-08-28T13:06:29.455+0000][info][gc,heap        ] GC(1029) Humongous regions: 5->5
[2024-08-28T13:06:29.455+0000][info][gc,metaspace   ] GC(1029) Metaspace: 100K(320K)->100K(320K) NonClass: 96K(192K)->96K(192K) Class: 4K(128K)->4K(128K)
[2024-08-28T13:06:29.455+0000][info][gc             ] GC(1029) Pause Young (Mixed) (G1 Evacuation Pause) 949M->846M(1024M) 11.039ms
[2024-08-28T13:06:29.455+0000][info][gc,cpu         ] GC(1029) User=0.25s Sys=0.00s Real=0.01s
[2024-08-28T13:06:29.479+0000][info][gc,start       ] GC(1030) Pause Young (Mixed) (G1 Evacuation Pause)
[2024-08-28T13:06:29.479+0000][info][gc,task        ] GC(1030) Using 24 workers of 68 for evacuation
[2024-08-28T13:06:29.490+0000][info][gc,phases      ] GC(1030)   Pre Evacuate Collection Set: 0.2ms
[2024-08-28T13:06:29.490+0000][info][gc,phases      ] GC(1030)   Merge Heap Roots: 0.4ms
[2024-08-28T13:06:29.490+0000][info][gc,phases      ] GC(1030)   Evacuate Collection Set: 10.7ms
[2024-08-28T13:06:29.490+0000][info][gc,phases      ] GC(1030)   Post Evacuate Collection Set: 0.3ms
[2024-08-28T13:06:29.490+0000][info][gc,phases      ] GC(1030)   Other: 0.3ms
[2024-08-28T13:06:29.490+0000][info][gc,heap        ] GC(1030) Eden regions: 44->0(44)
[2024-08-28T13:06:29.490+0000][info][gc,heap        ] GC(1030) Survivor regions: 7->7(7)
[2024-08-28T13:06:29.490+0000][info][gc,heap        ] GC(1030) Old regions: 834->839
[2024-08-28T13:06:29.490+0000][info][gc,heap        ] GC(1030) Archive regions: 2->2
[2024-08-28T13:06:29.490+0000][info][gc,heap        ] GC(1030) Humongous regions: 5->5
[2024-08-28T13:06:29.490+0000][info][gc,metaspace   ] GC(1030) Metaspace: 100K(320K)->100K(320K) NonClass: 96K(192K)->96K(192K) Class: 4K(128K)->4K(128K)
[2024-08-28T13:06:29.490+0000][info][gc             ] GC(1030) Pause Young (Mixed) (G1 Evacuation Pause) 890M->851M(1024M) 11.859ms
[2024-08-28T13:06:29.490+0000][info][gc,cpu         ] GC(1030) User=0.26s Sys=0.00s Real=0.01s
[2024-08-28T13:06:29.515+0000][info][gc,start       ] GC(1031) Pause Young (Concurrent Start) (G1 Evacuation Pause)
[2024-08-28T13:06:29.515+0000][info][gc,task        ] GC(1031) Using 24 workers of 68 for evacuation
[2024-08-28T13:06:29.526+0000][info][gc,phases      ] GC(1031)   Pre Evacuate Collection Set: 0.2ms
[2024-08-28T13:06:29.526+0000][info][gc,phases      ] GC(1031)   Merge Heap Roots: 0.4ms
[2024-08-28T13:06:29.526+0000][info][gc,phases      ] GC(1031)   Evacuate Collection Set: 9.9ms
[2024-08-28T13:06:29.526+0000][info][gc,phases      ] GC(1031)   Post Evacuate Collection Set: 0.4ms
[2024-08-28T13:06:29.526+0000][info][gc,phases      ] GC(1031)   Other: 0.6ms
[2024-08-28T13:06:29.526+0000][info][gc,heap        ] GC(1031) Eden regions: 44->0(44)
[2024-08-28T13:06:29.526+0000][info][gc,heap        ] GC(1031) Survivor regions: 7->7(7)
[2024-08-28T13:06:29.526+0000][info][gc,heap        ] GC(1031) Old regions: 839->885
[2024-08-28T13:06:29.526+0000][info][gc,heap        ] GC(1031) Archive regions: 2->2
[2024-08-28T13:06:29.526+0000][info][gc,heap        ] GC(1031) Humongous regions: 5->5
[2024-08-28T13:06:29.526+0000][info][gc,metaspace   ] GC(1031) Metaspace: 100K(320K)->100K(320K) NonClass: 96K(192K)->96K(192K) Class: 4K(128K)->4K(128K)
[2024-08-28T13:06:29.526+0000][info][gc             ] GC(1031) Pause Young (Concurrent Start) (G1 Evacuation Pause) 895M->897M(1024M) 11.545ms
[2024-08-28T13:06:29.526+0000][info][gc,cpu         ] GC(1031) User=0.24s Sys=0.00s Real=0.01s
[2024-08-28T13:06:29.526+0000][info][gc             ] GC(1032) Concurrent Mark Cycle
[2024-08-28T13:06:29.526+0000][info][gc,marking     ] GC(1032) Concurrent Clear Claimed Marks
[2024-08-28T13:06:29.526+0000][info][gc,marking     ] GC(1032) Concurrent Clear Claimed Marks 0.013ms
[2024-08-28T13:06:29.526+0000][info][gc,marking     ] GC(1032) Concurrent Scan Root Regions
[2024-08-28T13:06:29.528+0000][info][gc,marking     ] GC(1032) Concurrent Scan Root Regions 1.751ms
[2024-08-28T13:06:29.528+0000][info][gc,marking     ] GC(1032) Concurrent Mark
[2024-08-28T13:06:29.528+0000][info][gc,marking     ] GC(1032) Concurrent Mark From Roots
[2024-08-28T13:06:29.528+0000][info][gc,task        ] GC(1032) Using 17 workers of 17 for marking
[2024-08-28T13:06:29.553+0000][info][gc,marking     ] GC(1032) Concurrent Mark From Roots 24.698ms
[2024-08-28T13:06:29.553+0000][info][gc,marking     ] GC(1032) Concurrent Preclean
[2024-08-28T13:06:29.554+0000][info][gc,marking     ] GC(1032) Concurrent Preclean 0.765ms
[2024-08-28T13:06:29.554+0000][info][gc,start       ] GC(1032) Pause Remark
[2024-08-28T13:06:29.555+0000][info][gc             ] GC(1032) Pause Remark 932M->895M(1024M) 1.245ms
[2024-08-28T13:06:29.555+0000][info][gc,cpu         ] GC(1032) User=0.00s Sys=0.00s Real=0.00s
[2024-08-28T13:06:29.555+0000][info][gc,marking     ] GC(1032) Concurrent Mark 27.068ms
[2024-08-28T13:06:29.555+0000][info][gc,marking     ] GC(1032) Concurrent Rebuild Remembered Sets
[2024-08-28T13:06:29.561+0000][info][gc,start       ] GC(1033) Pause Young (Normal) (G1 Evacuation Pause)
[2024-08-28T13:06:29.561+0000][info][gc,task        ] GC(1033) Using 24 workers of 68 for evacuation
[2024-08-28T13:06:29.572+0000][info][gc,phases      ] GC(1033)   Pre Evacuate Collection Set: 0.1ms
[2024-08-28T13:06:29.572+0000][info][gc,phases      ] GC(1033)   Merge Heap Roots: 0.4ms
[2024-08-28T13:06:29.572+0000][info][gc,phases      ] GC(1033)   Evacuate Collection Set: 9.9ms
[2024-08-28T13:06:29.572+0000][info][gc,phases      ] GC(1033)   Post Evacuate Collection Set: 0.4ms
[2024-08-28T13:06:29.572+0000][info][gc,phases      ] GC(1033)   Other: 0.2ms
[2024-08-28T13:06:29.572+0000][info][gc,heap        ] GC(1033) Eden regions: 44->0(44)
[2024-08-28T13:06:29.572+0000][info][gc,heap        ] GC(1033) Survivor regions: 7->7(7)
[2024-08-28T13:06:29.572+0000][info][gc,heap        ] GC(1033) Old regions: 848->896
[2024-08-28T13:06:29.572+0000][info][gc,heap        ] GC(1033) Archive regions: 2->2
[2024-08-28T13:06:29.572+0000][info][gc,heap        ] GC(1033) Humongous regions: 5->5
[2024-08-28T13:06:29.572+0000][info][gc,metaspace   ] GC(1033) Metaspace: 100K(320K)->100K(320K) NonClass: 96K(192K)->96K(192K) Class: 4K(128K)->4K(128K)
[2024-08-28T13:06:29.572+0000][info][gc             ] GC(1033) Pause Young (Normal) (G1 Evacuation Pause) 904M->908M(1024M) 11.068ms
[2024-08-28T13:06:29.572+0000][info][gc,cpu         ] GC(1033) User=0.24s Sys=0.01s Real=0.01s
[2024-08-28T13:06:29.600+0000][info][gc,start       ] GC(1034) Pause Young (Normal) (G1 Evacuation Pause)
[2024-08-28T13:06:29.600+0000][info][gc,task        ] GC(1034) Using 24 workers of 68 for evacuation
[2024-08-28T13:06:29.614+0000][info][gc,phases      ] GC(1034)   Pre Evacuate Collection Set: 0.1ms
[2024-08-28T13:06:29.614+0000][info][gc,phases      ] GC(1034)   Merge Heap Roots: 0.5ms
[2024-08-28T13:06:29.614+0000][info][gc,phases      ] GC(1034)   Evacuate Collection Set: 13.3ms
[2024-08-28T13:06:29.614+0000][info][gc,phases      ] GC(1034)   Post Evacuate Collection Set: 0.5ms
[2024-08-28T13:06:29.614+0000][info][gc,phases      ] GC(1034)   Other: 0.2ms
[2024-08-28T13:06:29.614+0000][info][gc,heap        ] GC(1034) Eden regions: 44->0(44)
[2024-08-28T13:06:29.614+0000][info][gc,heap        ] GC(1034) Survivor regions: 7->7(7)
[2024-08-28T13:06:29.614+0000][info][gc,heap        ] GC(1034) Old regions: 896->942
[2024-08-28T13:06:29.614+0000][info][gc,heap        ] GC(1034) Archive regions: 2->2
[2024-08-28T13:06:29.614+0000][info][gc,heap        ] GC(1034) Humongous regions: 5->5
[2024-08-28T13:06:29.614+0000][info][gc,metaspace   ] GC(1034) Metaspace: 100K(320K)->100K(320K) NonClass: 96K(192K)->96K(192K) Class: 4K(128K)->4K(128K)
[2024-08-28T13:06:29.614+0000][info][gc             ] GC(1034) Pause Young (Normal) (G1 Evacuation Pause) 952M->954M(1024M) 14.661ms
[2024-08-28T13:06:29.614+0000][info][gc,cpu         ] GC(1034) User=0.33s Sys=0.01s Real=0.01s
[2024-08-28T13:06:29.634+0000][info][gc,start       ] GC(1035) Pause Young (Normal) (G1 Preventive Collection)
[2024-08-28T13:06:29.634+0000][info][gc,task        ] GC(1035) Using 24 workers of 68 for evacuation
[2024-08-28T13:06:29.649+0000][info][gc             ] GC(1035) To-space exhausted
[2024-08-28T13:06:29.649+0000][info][gc,phases      ] GC(1035)   Pre Evacuate Collection Set: 0.1ms
[2024-08-28T13:06:29.649+0000][info][gc,phases      ] GC(1035)   Merge Heap Roots: 0.5ms
[2024-08-28T13:06:29.649+0000][info][gc,phases      ] GC(1035)   Evacuate Collection Set: 13.0ms
[2024-08-28T13:06:29.649+0000][info][gc,phases      ] GC(1035)   Post Evacuate Collection Set: 1.2ms
[2024-08-28T13:06:29.649+0000][info][gc,phases      ] GC(1035)   Other: 0.2ms
[2024-08-28T13:06:29.649+0000][info][gc,heap        ] GC(1035) Eden regions: 29->0(44)
[2024-08-28T13:06:29.649+0000][info][gc,heap        ] GC(1035) Survivor regions: 7->7(7)
[2024-08-28T13:06:29.649+0000][info][gc,heap        ] GC(1035) Old regions: 942->1002
[2024-08-28T13:06:29.649+0000][info][gc,heap        ] GC(1035) Archive regions: 2->2
[2024-08-28T13:06:29.649+0000][info][gc,heap        ] GC(1035) Humongous regions: 5->5
[2024-08-28T13:06:29.649+0000][info][gc,metaspace   ] GC(1035) Metaspace: 100K(320K)->100K(320K) NonClass: 96K(192K)->96K(192K) Class: 4K(128K)->4K(128K)
[2024-08-28T13:06:29.649+0000][info][gc             ] GC(1035) Pause Young (Normal) (G1 Preventive Collection) 983M->1014M(1024M) 15.155ms
[2024-08-28T13:06:29.649+0000][info][gc,cpu         ] GC(1035) User=0.34s Sys=0.00s Real=0.01s
[2024-08-28T13:06:29.650+0000][info][gc,start       ] GC(1036) Pause Young (Normal) (G1 Preventive Collection)
[2024-08-28T13:06:29.650+0000][info][gc,task        ] GC(1036) Using 24 workers of 68 for evacuation
[2024-08-28T13:06:29.660+0000][info][gc             ] GC(1036) To-space exhausted
[2024-08-28T13:06:29.660+0000][info][gc,phases      ] GC(1036)   Pre Evacuate Collection Set: 0.1ms
[2024-08-28T13:06:29.660+0000][info][gc,phases      ] GC(1036)   Merge Heap Roots: 0.3ms
[2024-08-28T13:06:29.660+0000][info][gc,phases      ] GC(1036)   Evacuate Collection Set: 8.7ms
[2024-08-28T13:06:29.660+0000][info][gc,phases      ] GC(1036)   Post Evacuate Collection Set: 0.8ms
[2024-08-28T13:06:29.660+0000][info][gc,phases      ] GC(1036)   Other: 0.2ms
[2024-08-28T13:06:29.660+0000][info][gc,heap        ] GC(1036) Eden regions: 1->0(50)
[2024-08-28T13:06:29.660+0000][info][gc,heap        ] GC(1036) Survivor regions: 7->1(7)
[2024-08-28T13:06:29.660+0000][info][gc,heap        ] GC(1036) Old regions: 1002->1016
[2024-08-28T13:06:29.660+0000][info][gc,heap        ] GC(1036) Archive regions: 2->2
[2024-08-28T13:06:29.660+0000][info][gc,heap        ] GC(1036) Humongous regions: 5->5
[2024-08-28T13:06:29.660+0000][info][gc,metaspace   ] GC(1036) Metaspace: 100K(320K)->100K(320K) NonClass: 96K(192K)->96K(192K) Class: 4K(128K)->4K(128K)
[2024-08-28T13:06:29.660+0000][info][gc             ] GC(1036) Pause Young (Normal) (G1 Preventive Collection) 1015M->1022M(1024M) 10.145ms
[2024-08-28T13:06:29.660+0000][info][gc,cpu         ] GC(1036) User=0.22s Sys=0.00s Real=0.01s
[2024-08-28T13:06:29.660+0000][info][gc,ergo        ] Attempting full compaction
[2024-08-28T13:06:29.660+0000][info][gc,task        ] GC(1037) Using 24 workers of 68 for full compaction
[2024-08-28T13:06:29.661+0000][info][gc,start       ] GC(1037) Pause Full (G1 Compaction Pause)
[2024-08-28T13:06:29.662+0000][info][gc,phases,start] GC(1037) Phase 1: Mark live objects
[2024-08-28T13:06:29.678+0000][info][gc,phases      ] GC(1037) Phase 1: Mark live objects 15.929ms
[2024-08-28T13:06:29.678+0000][info][gc,phases,start] GC(1037) Phase 2: Prepare for compaction
[2024-08-28T13:06:29.687+0000][info][gc,phases      ] GC(1037) Phase 2: Prepare for compaction 9.310ms
[2024-08-28T13:06:29.687+0000][info][gc,phases,start] GC(1037) Phase 3: Adjust pointers
[2024-08-28T13:06:29.704+0000][info][gc,phases      ] GC(1037) Phase 3: Adjust pointers 17.222ms
[2024-08-28T13:06:29.704+0000][info][gc,phases,start] GC(1037) Phase 4: Compact heap
[2024-08-28T13:06:29.737+0000][info][gc,phases      ] GC(1037) Phase 4: Compact heap 32.701ms
[2024-08-28T13:06:29.738+0000][info][gc,heap        ] GC(1037) Eden regions: 0->0(150)
[2024-08-28T13:06:29.738+0000][info][gc,heap        ] GC(1037) Survivor regions: 1->0(7)
[2024-08-28T13:06:29.738+0000][info][gc,heap        ] GC(1037) Old regions: 1016->441
[2024-08-28T13:06:29.738+0000][info][gc,heap        ] GC(1037) Archive regions: 2->2
[2024-08-28T13:06:29.738+0000][info][gc,heap        ] GC(1037) Humongous regions: 5->5
[2024-08-28T13:06:29.738+0000][info][gc,metaspace   ] GC(1037) Metaspace: 100K(320K)->100K(320K) NonClass: 96K(192K)->96K(192K) Class: 4K(128K)->4K(128K)
[2024-08-28T13:06:29.739+0000][info][gc             ] GC(1037) Pause Full (G1 Compaction Pause) 1022M->435M(1024M) 77.630ms
[2024-08-28T13:06:29.739+0000][info][gc,cpu         ] GC(1037) User=1.61s Sys=0.00s Real=0.08s
[2024-08-28T13:06:29.739+0000][info][gc,marking     ] GC(1032) Concurrent Rebuild Remembered Sets 183.812ms
[2024-08-28T13:06:29.739+0000][info][gc,marking     ] GC(1032) Concurrent Mark Abort
[2024-08-28T13:06:29.739+0000][info][gc             ] GC(1032) Concurrent Mark Cycle 212.829ms
[2024-08-28T13:06:29.833+0000][info][gc,start       ] GC(1038) Pause Young (Normal) (G1 Evacuation Pause)
[2024-08-28T13:06:29.833+0000][info][gc,task        ] GC(1038) Using 24 workers of 68 for evacuation
[2024-08-28T13:06:29.856+0000][info][gc,phases      ] GC(1038)   Pre Evacuate Collection Set: 0.2ms
[2024-08-28T13:06:29.856+0000][info][gc,phases      ] GC(1038)   Merge Heap Roots: 0.4ms
[2024-08-28T13:06:29.856+0000][info][gc,phases      ] GC(1038)   Evacuate Collection Set: 22.3ms
[2024-08-28T13:06:29.856+0000][info][gc,phases      ] GC(1038)   Post Evacuate Collection Set: 0.4ms
[2024-08-28T13:06:29.856+0000][info][gc,phases      ] GC(1038)   Other: 0.2ms
[2024-08-28T13:06:29.856+0000][info][gc,heap        ] GC(1038) Eden regions: 150->0(104)
[2024-08-28T13:06:29.856+0000][info][gc,heap        ] GC(1038) Survivor regions: 0->19(19)
[2024-08-28T13:06:29.856+0000][info][gc,heap        ] GC(1038) Old regions: 441->568
[2024-08-28T13:06:29.856+0000][info][gc,heap        ] GC(1038) Archive regions: 2->2
[2024-08-28T13:06:29.856+0000][info][gc,heap        ] GC(1038) Humongous regions: 5->5
[2024-08-28T13:06:29.856+0000][info][gc,metaspace   ] GC(1038) Metaspace: 100K(320K)->100K(320K) NonClass: 96K(192K)->96K(192K) Class: 4K(128K)->4K(128K)
[2024-08-28T13:06:29.856+0000][info][gc             ] GC(1038) Pause Young (Normal) (G1 Evacuation Pause) 585M->581M(1024M) 23.535ms
[2024-08-28T13:06:29.856+0000][info][gc,cpu         ] GC(1038) User=0.54s Sys=0.00s Real=0.02s
[2024-08-28T13:06:29.917+0000][info][gc,start       ] GC(1039) Pause Young (Normal) (G1 Evacuation Pause)
[2024-08-28T13:06:29.917+0000][info][gc,task        ] GC(1039) Using 24 workers of 68 for evacuation
[2024-08-28T13:06:29.938+0000][info][gc,phases      ] GC(1039)   Pre Evacuate Collection Set: 0.2ms
[2024-08-28T13:06:29.938+0000][info][gc,phases      ] GC(1039)   Merge Heap Roots: 0.3ms
[2024-08-28T13:06:29.938+0000][info][gc,phases      ] GC(1039)   Evacuate Collection Set: 20.0ms
[2024-08-28T13:06:29.938+0000][info][gc,phases      ] GC(1039)   Post Evacuate Collection Set: 0.4ms
[2024-08-28T13:06:29.938+0000][info][gc,phases      ] GC(1039)   Other: 0.3ms
[2024-08-28T13:06:29.938+0000][info][gc,heap        ] GC(1039) Eden regions: 104->0(70)
[2024-08-28T13:06:29.938+0000][info][gc,heap        ] GC(1039) Survivor regions: 19->16(16)
[2024-08-28T13:06:29.938+0000][info][gc,heap        ] GC(1039) Old regions: 568->677
[2024-08-28T13:06:29.938+0000][info][gc,heap        ] GC(1039) Archive regions: 2->2
[2024-08-28T13:06:29.938+0000][info][gc,heap        ] GC(1039) Humongous regions: 5->5
[2024-08-28T13:06:29.938+0000][info][gc,metaspace   ] GC(1039) Metaspace: 100K(320K)->100K(320K) NonClass: 96K(192K)->96K(192K) Class: 4K(128K)->4K(128K)
[2024-08-28T13:06:29.938+0000][info][gc             ] GC(1039) Pause Young (Normal) (G1 Evacuation Pause) 685M->687M(1024M) 21.119ms
[2024-08-28T13:06:29.938+0000][info][gc,cpu         ] GC(1039) User=0.48s Sys=0.01s Real=0.03s
[2024-08-28T13:06:29.978+0000][info][gc,start       ] GC(1040) Pause Young (Concurrent Start) (G1 Evacuation Pause)
[2024-08-28T13:06:29.978+0000][info][gc,task        ] GC(1040) Using 24 workers of 68 for evacuation
[2024-08-28T13:06:29.996+0000][info][gc,phases      ] GC(1040)   Pre Evacuate Collection Set: 0.2ms
[2024-08-28T13:06:29.996+0000][info][gc,phases      ] GC(1040)   Merge Heap Roots: 0.4ms
[2024-08-28T13:06:29.996+0000][info][gc,phases      ] GC(1040)   Evacuate Collection Set: 15.9ms
[2024-08-28T13:06:29.996+0000][info][gc,phases      ] GC(1040)   Post Evacuate Collection Set: 0.3ms
[2024-08-28T13:06:29.996+0000][info][gc,phases      ] GC(1040)   Other: 0.6ms
[2024-08-28T13:06:29.996+0000][info][gc,heap        ] GC(1040) Eden regions: 70->0(46)
[2024-08-28T13:06:29.996+0000][info][gc,heap        ] GC(1040) Survivor regions: 16->11(11)
[2024-08-28T13:06:29.996+0000][info][gc,heap        ] GC(1040) Old regions: 677->755
[2024-08-28T13:06:29.996+0000][info][gc,heap        ] GC(1040) Archive regions: 2->2
[2024-08-28T13:06:29.996+0000][info][gc,heap        ] GC(1040) Humongous regions: 5->5
[2024-08-28T13:06:29.996+0000][info][gc,metaspace   ] GC(1040) Metaspace: 100K(320K)->100K(320K) NonClass: 96K(192K)->96K(192K) Class: 4K(128K)->4K(128K)
[2024-08-28T13:06:29.996+0000][info][gc             ] GC(1040) Pause Young (Concurrent Start) (G1 Evacuation Pause) 757M->760M(1024M) 17.416ms
[2024-08-28T13:06:29.996+0000][info][gc,cpu         ] GC(1040) User=0.39s Sys=0.00s Real=0.01s
[2024-08-28T13:06:29.996+0000][info][gc             ] GC(1041) Concurrent Mark Cycle
[2024-08-28T13:06:29.996+0000][info][gc,marking     ] GC(1041) Concurrent Clear Claimed Marks
[2024-08-28T13:06:29.996+0000][info][gc,marking     ] GC(1041) Concurrent Clear Claimed Marks 0.010ms
[2024-08-28T13:06:29.996+0000][info][gc,marking     ] GC(1041) Concurrent Scan Root Regions
[2024-08-28T13:06:29.999+0000][info][gc,marking     ] GC(1041) Concurrent Scan Root Regions 2.601ms
[2024-08-28T13:06:29.999+0000][info][gc,marking     ] GC(1041) Concurrent Mark
[2024-08-28T13:06:29.999+0000][info][gc,marking     ] GC(1041) Concurrent Mark From Roots
[2024-08-28T13:06:29.999+0000][info][gc,task        ] GC(1041) Using 17 workers of 17 for marking
[2024-08-28T13:06:30.022+0000][info][gc,marking     ] GC(1041) Concurrent Mark From Roots 23.311ms
[2024-08-28T13:06:30.022+0000][info][gc,marking     ] GC(1041) Concurrent Preclean
[2024-08-28T13:06:30.023+0000][info][gc,marking     ] GC(1041) Concurrent Preclean 0.665ms
[2024-08-28T13:06:30.023+0000][info][gc,start       ] GC(1041) Pause Remark
[2024-08-28T13:06:30.024+0000][info][gc             ] GC(1041) Pause Remark 791M->791M(1024M) 1.156ms
[2024-08-28T13:06:30.024+0000][info][gc,cpu         ] GC(1041) User=0.00s Sys=0.00s Real=0.00s
[2024-08-28T13:06:30.024+0000][info][gc,marking     ] GC(1041) Concurrent Mark 25.486ms
[2024-08-28T13:06:30.024+0000][info][gc,marking     ] GC(1041) Concurrent Rebuild Remembered Sets
[2024-08-28T13:06:30.034+0000][info][gc,start       ] GC(1042) Pause Young (Normal) (G1 Evacuation Pause)
[2024-08-28T13:06:30.034+0000][info][gc,task        ] GC(1042) Using 24 workers of 68 for evacuation
[2024-08-28T13:06:30.046+0000][info][gc,phases      ] GC(1042)   Pre Evacuate Collection Set: 0.1ms
[2024-08-28T13:06:30.046+0000][info][gc,phases      ] GC(1042)   Merge Heap Roots: 0.2ms
[2024-08-28T13:06:30.046+0000][info][gc,phases      ] GC(1042)   Evacuate Collection Set: 11.6ms
[2024-08-28T13:06:30.046+0000][info][gc,phases      ] GC(1042)   Post Evacuate Collection Set: 0.4ms
[2024-08-28T13:06:30.046+0000][info][gc,phases      ] GC(1042)   Other: 0.2ms
[2024-08-28T13:06:30.046+0000][info][gc,heap        ] GC(1042) Eden regions: 46->0(43)
[2024-08-28T13:06:30.046+0000][info][gc,heap        ] GC(1042) Survivor regions: 11->8(8)
[2024-08-28T13:06:30.046+0000][info][gc,heap        ] GC(1042) Old regions: 755->808
[2024-08-28T13:06:30.046+0000][info][gc,heap        ] GC(1042) Archive regions: 2->2
[2024-08-28T13:06:30.046+0000][info][gc,heap        ] GC(1042) Humongous regions: 5->5
[2024-08-28T13:06:30.046+0000][info][gc,metaspace   ] GC(1042) Metaspace: 100K(320K)->100K(320K) NonClass: 96K(192K)->96K(192K) Class: 4K(128K)->4K(128K)
[2024-08-28T13:06:30.046+0000][info][gc             ] GC(1042) Pause Young (Normal) (G1 Evacuation Pause) 806M->810M(1024M) 12.595ms
[2024-08-28T13:06:30.046+0000][info][gc,cpu         ] GC(1042) User=0.29s Sys=0.00s Real=0.01s
[2024-08-28T13:06:30.075+0000][info][gc,start       ] GC(1043) Pause Young (Normal) (G1 Evacuation Pause)
[2024-08-28T13:06:30.075+0000][info][gc,task        ] GC(1043) Using 24 workers of 68 for evacuation
[2024-08-28T13:06:30.091+0000][info][gc,phases      ] GC(1043)   Pre Evacuate Collection Set: 0.1ms
[2024-08-28T13:06:30.091+0000][info][gc,phases      ] GC(1043)   Merge Heap Roots: 0.5ms
[2024-08-28T13:06:30.091+0000][info][gc,phases      ] GC(1043)   Evacuate Collection Set: 14.9ms
[2024-08-28T13:06:30.091+0000][info][gc,phases      ] GC(1043)   Post Evacuate Collection Set: 0.5ms
[2024-08-28T13:06:30.091+0000][info][gc,phases      ] GC(1043)   Other: 0.2ms
[2024-08-28T13:06:30.091+0000][info][gc,heap        ] GC(1043) Eden regions: 43->0(44)
[2024-08-28T13:06:30.091+0000][info][gc,heap        ] GC(1043) Survivor regions: 8->7(7)
[2024-08-28T13:06:30.091+0000][info][gc,heap        ] GC(1043) Old regions: 808->856
[2024-08-28T13:06:30.091+0000][info][gc,heap        ] GC(1043) Archive regions: 2->2
[2024-08-28T13:06:30.091+0000][info][gc,heap        ] GC(1043) Humongous regions: 5->5
[2024-08-28T13:06:30.091+0000][info][gc,metaspace   ] GC(1043) Metaspace: 100K(320K)->100K(320K) NonClass: 96K(192K)->96K(192K) Class: 4K(128K)->4K(128K)
[2024-08-28T13:06:30.091+0000][info][gc             ] GC(1043) Pause Young (Normal) (G1 Evacuation Pause) 853M->857M(1024M) 16.309ms
[2024-08-28T13:06:30.091+0000][info][gc,cpu         ] GC(1043) User=0.37s Sys=0.00s Real=0.02s
[2024-08-28T13:06:30.106+0000][info][gc,marking     ] GC(1041) Concurrent Rebuild Remembered Sets 81.708ms
[2024-08-28T13:06:30.106+0000][info][gc,start       ] GC(1041) Pause Cleanup
[2024-08-28T13:06:30.107+0000][info][gc             ] GC(1041) Pause Cleanup 880M->880M(1024M) 1.215ms
[2024-08-28T13:06:30.107+0000][info][gc,cpu         ] GC(1041) User=0.00s Sys=0.00s Real=0.00s
[2024-08-28T13:06:30.107+0000][info][gc,marking     ] GC(1041) Concurrent Cleanup for Next Mark
[2024-08-28T13:06:30.108+0000][info][gc,marking     ] GC(1041) Concurrent Cleanup for Next Mark 0.814ms
[2024-08-28T13:06:30.108+0000][info][gc             ] GC(1041) Concurrent Mark Cycle 112.226ms
[2024-08-28T13:06:30.122+0000][info][gc,start       ] GC(1044) Pause Young (Prepare Mixed) (G1 Evacuation Pause)
[2024-08-28T13:06:30.122+0000][info][gc,task        ] GC(1044) Using 24 workers of 68 for evacuation
[2024-08-28T13:06:30.139+0000][info][gc,phases      ] GC(1044)   Pre Evacuate Collection Set: 0.2ms
[2024-08-28T13:06:30.139+0000][info][gc,phases      ] GC(1044)   Merge Heap Roots: 0.4ms
[2024-08-28T13:06:30.139+0000][info][gc,phases      ] GC(1044)   Evacuate Collection Set: 16.2ms
[2024-08-28T13:06:30.139+0000][info][gc,phases      ] GC(1044)   Post Evacuate Collection Set: 0.3ms
[2024-08-28T13:06:30.139+0000][info][gc,phases      ] GC(1044)   Other: 0.2ms
[2024-08-28T13:06:30.139+0000][info][gc,heap        ] GC(1044) Eden regions: 44->0(44)
[2024-08-28T13:06:30.139+0000][info][gc,heap        ] GC(1044) Survivor regions: 7->7(7)
[2024-08-28T13:06:30.139+0000][info][gc,heap        ] GC(1044) Old regions: 856->903
[2024-08-28T13:06:30.139+0000][info][gc,heap        ] GC(1044) Archive regions: 2->2
[2024-08-28T13:06:30.139+0000][info][gc,heap        ] GC(1044) Humongous regions: 5->5
[2024-08-28T13:06:30.139+0000][info][gc,metaspace   ] GC(1044) Metaspace: 100K(320K)->100K(320K) NonClass: 96K(192K)->96K(192K) Class: 4K(128K)->4K(128K)
[2024-08-28T13:06:30.139+0000][info][gc             ] GC(1044) Pause Young (Prepare Mixed) (G1 Evacuation Pause) 901M->904M(1024M) 17.330ms
[2024-08-28T13:06:30.139+0000][info][gc,cpu         ] GC(1044) User=0.40s Sys=0.00s Real=0.02s
[2024-08-28T13:06:30.166+0000][info][gc,start       ] GC(1045) Pause Young (Mixed) (G1 Evacuation Pause)
[2024-08-28T13:06:30.166+0000][info][gc,task        ] GC(1045) Using 24 workers of 68 for evacuation
[2024-08-28T13:06:30.178+0000][info][gc,phases      ] GC(1045)   Pre Evacuate Collection Set: 0.2ms
[2024-08-28T13:06:30.178+0000][info][gc,phases      ] GC(1045)   Merge Heap Roots: 0.3ms
[2024-08-28T13:06:30.178+0000][info][gc,phases      ] GC(1045)   Evacuate Collection Set: 11.5ms
[2024-08-28T13:06:30.178+0000][info][gc,phases      ] GC(1045)   Post Evacuate Collection Set: 0.4ms
[2024-08-28T13:06:30.178+0000][info][gc,phases      ] GC(1045)   Other: 0.2ms
[2024-08-28T13:06:30.178+0000][info][gc,heap        ] GC(1045) Eden regions: 44->0(44)
[2024-08-28T13:06:30.178+0000][info][gc,heap        ] GC(1045) Survivor regions: 7->7(7)
[2024-08-28T13:06:30.178+0000][info][gc,heap        ] GC(1045) Old regions: 903->846
[2024-08-28T13:06:30.178+0000][info][gc,heap        ] GC(1045) Archive regions: 2->2
[2024-08-28T13:06:30.178+0000][info][gc,heap        ] GC(1045) Humongous regions: 5->5
[2024-08-28T13:06:30.178+0000][info][gc,metaspace   ] GC(1045) Metaspace: 100K(320K)->100K(320K) NonClass: 96K(192K)->96K(192K) Class: 4K(128K)->4K(128K)
[2024-08-28T13:06:30.178+0000][info][gc             ] GC(1045) Pause Young (Mixed) (G1 Evacuation Pause) 948M->848M(1024M) 12.703ms
[2024-08-28T13:06:30.178+0000][info][gc,cpu         ] GC(1045) User=0.28s Sys=0.00s Real=0.02s
[2024-08-28T13:06:30.204+0000][info][gc,start       ] GC(1046) Pause Young (Mixed) (G1 Evacuation Pause)
[2024-08-28T13:06:30.204+0000][info][gc,task        ] GC(1046) Using 24 workers of 68 for evacuation
[2024-08-28T13:06:30.216+0000][info][gc,phases      ] GC(1046)   Pre Evacuate Collection Set: 0.2ms
[2024-08-28T13:06:30.216+0000][info][gc,phases      ] GC(1046)   Merge Heap Roots: 0.3ms
[2024-08-28T13:06:30.216+0000][info][gc,phases      ] GC(1046)   Evacuate Collection Set: 11.4ms
[2024-08-28T13:06:30.216+0000][info][gc,phases      ] GC(1046)   Post Evacuate Collection Set: 0.4ms
[2024-08-28T13:06:30.216+0000][info][gc,phases      ] GC(1046)   Other: 0.2ms
[2024-08-28T13:06:30.216+0000][info][gc,heap        ] GC(1046) Eden regions: 44->0(44)
[2024-08-28T13:06:30.216+0000][info][gc,heap        ] GC(1046) Survivor regions: 7->7(7)
[2024-08-28T13:06:30.217+0000][info][gc,heap        ] GC(1046) Old regions: 846->789
[2024-08-28T13:06:30.217+0000][info][gc,heap        ] GC(1046) Archive regions: 2->2
[2024-08-28T13:06:30.217+0000][info][gc,heap        ] GC(1046) Humongous regions: 5->5
[2024-08-28T13:06:30.217+0000][info][gc,metaspace   ] GC(1046) Metaspace: 100K(320K)->100K(320K) NonClass: 96K(192K)->96K(192K) Class: 4K(128K)->4K(128K)
[2024-08-28T13:06:30.217+0000][info][gc             ] GC(1046) Pause Young (Mixed) (G1 Evacuation Pause) 892M->792M(1024M) 12.601ms
[2024-08-28T13:06:30.217+0000][info][gc,cpu         ] GC(1046) User=0.28s Sys=0.00s Real=0.01s
[2024-08-28T13:06:30.241+0000][info][gc,start       ] GC(1047) Pause Young (Mixed) (G1 Evacuation Pause)
[2024-08-28T13:06:30.242+0000][info][gc,task        ] GC(1047) Using 24 workers of 68 for evacuation
[2024-08-28T13:06:30.253+0000][info][gc,phases      ] GC(1047)   Pre Evacuate Collection Set: 0.2ms
[2024-08-28T13:06:30.253+0000][info][gc,phases      ] GC(1047)   Merge Heap Roots: 0.3ms
[2024-08-28T13:06:30.253+0000][info][gc,phases      ] GC(1047)   Evacuate Collection Set: 10.7ms
[2024-08-28T13:06:30.253+0000][info][gc,phases      ] GC(1047)   Post Evacuate Collection Set: 0.4ms
[2024-08-28T13:06:30.253+0000][info][gc,phases      ] GC(1047)   Other: 0.3ms
[2024-08-28T13:06:30.253+0000][info][gc,heap        ] GC(1047) Eden regions: 44->0(44)
[2024-08-28T13:06:30.253+0000][info][gc,heap        ] GC(1047) Survivor regions: 7->7(7)
[2024-08-28T13:06:30.253+0000][info][gc,heap        ] GC(1047) Old regions: 789->773
[2024-08-28T13:06:30.253+0000][info][gc,heap        ] GC(1047) Archive regions: 2->2
[2024-08-28T13:06:30.253+0000][info][gc,heap        ] GC(1047) Humongous regions: 5->5
[2024-08-28T13:06:30.253+0000][info][gc,metaspace   ] GC(1047) Metaspace: 100K(320K)->100K(320K) NonClass: 96K(192K)->96K(192K) Class: 4K(128K)->4K(128K)
[2024-08-28T13:06:30.253+0000][info][gc             ] GC(1047) Pause Young (Mixed) (G1 Evacuation Pause) 836M->779M(1024M) 11.788ms
[2024-08-28T13:06:30.253+0000][info][gc,cpu         ] GC(1047) User=0.26s Sys=0.00s Real=0.01s
[2024-08-28T13:06:30.276+0000][info][gc,start       ] GC(1048) Pause Young (Concurrent Start) (G1 Evacuation Pause)
[2024-08-28T13:06:30.276+0000][info][gc,task        ] GC(1048) Using 24 workers of 68 for evacuation
[2024-08-28T13:06:30.288+0000][info][gc,phases      ] GC(1048)   Pre Evacuate Collection Set: 0.2ms
[2024-08-28T13:06:30.288+0000][info][gc,phases      ] GC(1048)   Merge Heap Roots: 0.3ms
[2024-08-28T13:06:30.288+0000][info][gc,phases      ] GC(1048)   Evacuate Collection Set: 10.4ms
[2024-08-28T13:06:30.288+0000][info][gc,phases      ] GC(1048)   Post Evacuate Collection Set: 0.3ms
[2024-08-28T13:06:30.288+0000][info][gc,phases      ] GC(1048)   Other: 0.8ms
[2024-08-28T13:06:30.288+0000][info][gc,heap        ] GC(1048) Eden regions: 44->0(44)
[2024-08-28T13:06:30.288+0000][info][gc,heap        ] GC(1048) Survivor regions: 7->7(7)
[2024-08-28T13:06:30.288+0000][info][gc,heap        ] GC(1048) Old regions: 773->819
[2024-08-28T13:06:30.288+0000][info][gc,heap        ] GC(1048) Archive regions: 2->2
[2024-08-28T13:06:30.288+0000][info][gc,heap        ] GC(1048) Humongous regions: 5->5
[2024-08-28T13:06:30.288+0000][info][gc,metaspace   ] GC(1048) Metaspace: 100K(320K)->100K(320K) NonClass: 96K(192K)->96K(192K) Class: 4K(128K)->4K(128K)
[2024-08-28T13:06:30.288+0000][info][gc             ] GC(1048) Pause Young (Concurrent Start) (G1 Evacuation Pause) 823M->826M(1024M) 11.933ms
[2024-08-28T13:06:30.288+0000][info][gc,cpu         ] GC(1048) User=0.26s Sys=0.00s Real=0.01s
[2024-08-28T13:06:30.288+0000][info][gc             ] GC(1049) Concurrent Mark Cycle
[2024-08-28T13:06:30.288+0000][info][gc,marking     ] GC(1049) Concurrent Clear Claimed Marks
[2024-08-28T13:06:30.288+0000][info][gc,marking     ] GC(1049) Concurrent Clear Claimed Marks 0.010ms
[2024-08-28T13:06:30.288+0000][info][gc,marking     ] GC(1049) Concurrent Scan Root Regions
[2024-08-28T13:06:30.290+0000][info][gc,marking     ] GC(1049) Concurrent Scan Root Regions 1.644ms
[2024-08-28T13:06:30.290+0000][info][gc,marking     ] GC(1049) Concurrent Mark
[2024-08-28T13:06:30.290+0000][info][gc,marking     ] GC(1049) Concurrent Mark From Roots
[2024-08-28T13:06:30.290+0000][info][gc,task        ] GC(1049) Using 17 workers of 17 for marking
[2024-08-28T13:06:30.314+0000][info][gc,marking     ] GC(1049) Concurrent Mark From Roots 24.147ms
[2024-08-28T13:06:30.314+0000][info][gc,marking     ] GC(1049) Concurrent Preclean
[2024-08-28T13:06:30.315+0000][info][gc,marking     ] GC(1049) Concurrent Preclean 0.504ms
[2024-08-28T13:06:30.315+0000][info][gc,start       ] GC(1049) Pause Remark
[2024-08-28T13:06:30.316+0000][info][gc             ] GC(1049) Pause Remark 858M->858M(1024M) 1.217ms
[2024-08-28T13:06:30.316+0000][info][gc,cpu         ] GC(1049) User=0.00s Sys=0.00s Real=0.00s
[2024-08-28T13:06:30.316+0000][info][gc,marking     ] GC(1049) Concurrent Mark 26.206ms
[2024-08-28T13:06:30.316+0000][info][gc,marking     ] GC(1049) Concurrent Rebuild Remembered Sets
[2024-08-28T13:06:30.324+0000][info][gc,start       ] GC(1050) Pause Young (Normal) (G1 Evacuation Pause)
[2024-08-28T13:06:30.324+0000][info][gc,task        ] GC(1050) Using 24 workers of 68 for evacuation
[2024-08-28T13:06:30.334+0000][info][gc,phases      ] GC(1050)   Pre Evacuate Collection Set: 0.1ms
[2024-08-28T13:06:30.334+0000][info][gc,phases      ] GC(1050)   Merge Heap Roots: 0.3ms
[2024-08-28T13:06:30.334+0000][info][gc,phases      ] GC(1050)   Evacuate Collection Set: 9.8ms
[2024-08-28T13:06:30.334+0000][info][gc,phases      ] GC(1050)   Post Evacuate Collection Set: 0.4ms
[2024-08-28T13:06:30.334+0000][info][gc,phases      ] GC(1050)   Other: 0.2ms
[2024-08-28T13:06:30.334+0000][info][gc,heap        ] GC(1050) Eden regions: 44->0(44)
[2024-08-28T13:06:30.334+0000][info][gc,heap        ] GC(1050) Survivor regions: 7->7(7)
[2024-08-28T13:06:30.334+0000][info][gc,heap        ] GC(1050) Old regions: 819->866
[2024-08-28T13:06:30.334+0000][info][gc,heap        ] GC(1050) Archive regions: 2->2
[2024-08-28T13:06:30.334+0000][info][gc,heap        ] GC(1050) Humongous regions: 5->5
[2024-08-28T13:06:30.334+0000][info][gc,metaspace   ] GC(1050) Metaspace: 100K(320K)->100K(320K) NonClass: 96K(192K)->96K(192K) Class: 4K(128K)->4K(128K)
[2024-08-28T13:06:30.335+0000][info][gc             ] GC(1050) Pause Young (Normal) (G1 Evacuation Pause) 870M->873M(1024M) 10.941ms
[2024-08-28T13:06:30.335+0000][info][gc,cpu         ] GC(1050) User=0.25s Sys=0.00s Real=0.01s
[2024-08-28T13:06:30.361+0000][info][gc,start       ] GC(1051) Pause Young (Normal) (G1 Evacuation Pause)
[2024-08-28T13:06:30.361+0000][info][gc,task        ] GC(1051) Using 24 workers of 68 for evacuation
[2024-08-28T13:06:30.376+0000][info][gc,phases      ] GC(1051)   Pre Evacuate Collection Set: 0.1ms
[2024-08-28T13:06:30.376+0000][info][gc,phases      ] GC(1051)   Merge Heap Roots: 0.3ms
[2024-08-28T13:06:30.376+0000][info][gc,phases      ] GC(1051)   Evacuate Collection Set: 13.5ms
[2024-08-28T13:06:30.376+0000][info][gc,phases      ] GC(1051)   Post Evacuate Collection Set: 0.5ms
[2024-08-28T13:06:30.376+0000][info][gc,phases      ] GC(1051)   Other: 0.2ms
[2024-08-28T13:06:30.376+0000][info][gc,heap        ] GC(1051) Eden regions: 44->0(44)
[2024-08-28T13:06:30.376+0000][info][gc,heap        ] GC(1051) Survivor regions: 7->7(7)
[2024-08-28T13:06:30.376+0000][info][gc,heap        ] GC(1051) Old regions: 866->913
[2024-08-28T13:06:30.376+0000][info][gc,heap        ] GC(1051) Archive regions: 2->2
[2024-08-28T13:06:30.376+0000][info][gc,heap        ] GC(1051) Humongous regions: 5->5
[2024-08-28T13:06:30.376+0000][info][gc,metaspace   ] GC(1051) Metaspace: 100K(320K)->100K(320K) NonClass: 96K(192K)->96K(192K) Class: 4K(128K)->4K(128K)
[2024-08-28T13:06:30.376+0000][info][gc             ] GC(1051) Pause Young (Normal) (G1 Evacuation Pause) 917M->919M(1024M) 14.686ms
[2024-08-28T13:06:30.376+0000][info][gc,cpu         ] GC(1051) User=0.33s Sys=0.00s Real=0.01s
[2024-08-28T13:06:30.397+0000][info][gc,marking     ] GC(1049) Concurrent Rebuild Remembered Sets 81.125ms
[2024-08-28T13:06:30.398+0000][info][gc,start       ] GC(1049) Pause Cleanup
[2024-08-28T13:06:30.399+0000][info][gc             ] GC(1049) Pause Cleanup 953M->953M(1024M) 1.643ms
[2024-08-28T13:06:30.399+0000][info][gc,cpu         ] GC(1049) User=0.00s Sys=0.00s Real=0.00s
[2024-08-28T13:06:30.399+0000][info][gc,marking     ] GC(1049) Concurrent Cleanup for Next Mark
[2024-08-28T13:06:30.400+0000][info][gc,marking     ] GC(1049) Concurrent Cleanup for Next Mark 0.899ms
[2024-08-28T13:06:30.400+0000][info][gc             ] GC(1049) Concurrent Mark Cycle 111.892ms
[2024-08-28T13:06:30.406+0000][info][gc,start       ] GC(1052) Pause Young (Prepare Mixed) (G1 Preventive Collection)
[2024-08-28T13:06:30.406+0000][info][gc,task        ] GC(1052) Using 24 workers of 68 for evacuation
[2024-08-28T13:06:30.423+0000][info][gc,phases      ] GC(1052)   Pre Evacuate Collection Set: 0.1ms
[2024-08-28T13:06:30.423+0000][info][gc,phases      ] GC(1052)   Merge Heap Roots: 0.5ms
[2024-08-28T13:06:30.423+0000][info][gc,phases      ] GC(1052)   Evacuate Collection Set: 15.4ms
[2024-08-28T13:06:30.423+0000][info][gc,phases      ] GC(1052)   Post Evacuate Collection Set: 0.3ms
[2024-08-28T13:06:30.423+0000][info][gc,phases      ] GC(1052)   Other: 0.2ms
[2024-08-28T13:06:30.423+0000][info][gc,heap        ] GC(1052) Eden regions: 43->0(44)
[2024-08-28T13:06:30.423+0000][info][gc,heap        ] GC(1052) Survivor regions: 7->7(7)
[2024-08-28T13:06:30.423+0000][info][gc,heap        ] GC(1052) Old regions: 913->958
[2024-08-28T13:06:30.423+0000][info][gc,heap        ] GC(1052) Archive regions: 2->2
[2024-08-28T13:06:30.423+0000][info][gc,heap        ] GC(1052) Humongous regions: 5->5
[2024-08-28T13:06:30.423+0000][info][gc,metaspace   ] GC(1052) Metaspace: 100K(320K)->100K(320K) NonClass: 96K(192K)->96K(192K) Class: 4K(128K)->4K(128K)
[2024-08-28T13:06:30.423+0000][info][gc             ] GC(1052) Pause Young (Prepare Mixed) (G1 Preventive Collection) 962M->965M(1024M) 16.538ms
[2024-08-28T13:06:30.423+0000][info][gc,cpu         ] GC(1052) User=0.38s Sys=0.00s Real=0.02s
[2024-08-28T13:06:30.435+0000][info][gc,start       ] GC(1053) Pause Young (Mixed) (G1 Preventive Collection)
[2024-08-28T13:06:30.436+0000][info][gc,task        ] GC(1053) Using 24 workers of 68 for evacuation
[2024-08-28T13:06:30.444+0000][info][gc             ] GC(1053) To-space exhausted
[2024-08-28T13:06:30.444+0000][info][gc,phases      ] GC(1053)   Pre Evacuate Collection Set: 0.2ms
[2024-08-28T13:06:30.444+0000][info][gc,phases      ] GC(1053)   Merge Heap Roots: 0.3ms
[2024-08-28T13:06:30.444+0000][info][gc,phases      ] GC(1053)   Evacuate Collection Set: 7.4ms
[2024-08-28T13:06:30.444+0000][info][gc,phases      ] GC(1053)   Post Evacuate Collection Set: 0.8ms
[2024-08-28T13:06:30.444+0000][info][gc,phases      ] GC(1053)   Other: 0.2ms
[2024-08-28T13:06:30.444+0000][info][gc,heap        ] GC(1053) Eden regions: 21->0(44)
[2024-08-28T13:06:30.444+0000][info][gc,heap        ] GC(1053) Survivor regions: 7->7(7)
[2024-08-28T13:06:30.444+0000][info][gc,heap        ] GC(1053) Old regions: 958->913
[2024-08-28T13:06:30.444+0000][info][gc,heap        ] GC(1053) Archive regions: 2->2
[2024-08-28T13:06:30.444+0000][info][gc,heap        ] GC(1053) Humongous regions: 5->5
[2024-08-28T13:06:30.444+0000][info][gc,metaspace   ] GC(1053) Metaspace: 100K(320K)->100K(320K) NonClass: 96K(192K)->96K(192K) Class: 4K(128K)->4K(128K)
[2024-08-28T13:06:30.444+0000][info][gc             ] GC(1053) Pause Young (Mixed) (G1 Preventive Collection) 986M->923M(1024M) 8.958ms
[2024-08-28T13:06:30.444+0000][info][gc,cpu         ] GC(1053) User=0.19s Sys=0.00s Real=0.01s
[2024-08-28T13:06:30.468+0000][info][gc,start       ] GC(1054) Pause Young (Mixed) (G1 Preventive Collection)
[2024-08-28T13:06:30.468+0000][info][gc,task        ] GC(1054) Using 24 workers of 68 for evacuation
[2024-08-28T13:06:30.479+0000][info][gc,phases      ] GC(1054)   Pre Evacuate Collection Set: 0.2ms
[2024-08-28T13:06:30.479+0000][info][gc,phases      ] GC(1054)   Merge Heap Roots: 0.5ms
[2024-08-28T13:06:30.479+0000][info][gc,phases      ] GC(1054)   Evacuate Collection Set: 10.7ms
[2024-08-28T13:06:30.479+0000][info][gc,phases      ] GC(1054)   Post Evacuate Collection Set: 0.4ms
[2024-08-28T13:06:30.480+0000][info][gc,phases      ] GC(1054)   Other: 0.2ms
[2024-08-28T13:06:30.480+0000][info][gc,heap        ] GC(1054) Eden regions: 42->0(44)
[2024-08-28T13:06:30.480+0000][info][gc,heap        ] GC(1054) Survivor regions: 7->7(7)
[2024-08-28T13:06:30.480+0000][info][gc,heap        ] GC(1054) Old regions: 913->854
[2024-08-28T13:06:30.480+0000][info][gc,heap        ] GC(1054) Archive regions: 2->2
[2024-08-28T13:06:30.480+0000][info][gc,heap        ] GC(1054) Humongous regions: 5->5
[2024-08-28T13:06:30.480+0000][info][gc,metaspace   ] GC(1054) Metaspace: 100K(320K)->100K(320K) NonClass: 96K(192K)->96K(192K) Class: 4K(128K)->4K(128K)
[2024-08-28T13:06:30.480+0000][info][gc             ] GC(1054) Pause Young (Mixed) (G1 Preventive Collection) 965M->864M(1024M) 12.003ms
[2024-08-28T13:06:30.480+0000][info][gc,cpu         ] GC(1054) User=0.27s Sys=0.00s Real=0.02s
[2024-08-28T13:06:30.504+0000][info][gc,start       ] GC(1055) Pause Young (Mixed) (G1 Evacuation Pause)
[2024-08-28T13:06:30.504+0000][info][gc,task        ] GC(1055) Using 24 workers of 68 for evacuation
[2024-08-28T13:06:30.516+0000][info][gc,phases      ] GC(1055)   Pre Evacuate Collection Set: 0.2ms
[2024-08-28T13:06:30.516+0000][info][gc,phases      ] GC(1055)   Merge Heap Roots: 0.4ms
[2024-08-28T13:06:30.516+0000][info][gc,phases      ] GC(1055)   Evacuate Collection Set: 10.8ms
[2024-08-28T13:06:30.516+0000][info][gc,phases      ] GC(1055)   Post Evacuate Collection Set: 0.4ms
[2024-08-28T13:06:30.516+0000][info][gc,phases      ] GC(1055)   Other: 0.2ms
[2024-08-28T13:06:30.516+0000][info][gc,heap        ] GC(1055) Eden regions: 44->0(44)
[2024-08-28T13:06:30.516+0000][info][gc,heap        ] GC(1055) Survivor regions: 7->7(7)
[2024-08-28T13:06:30.516+0000][info][gc,heap        ] GC(1055) Old regions: 854->798
[2024-08-28T13:06:30.516+0000][info][gc,heap        ] GC(1055) Archive regions: 2->2
[2024-08-28T13:06:30.516+0000][info][gc,heap        ] GC(1055) Humongous regions: 5->5
[2024-08-28T13:06:30.516+0000][info][gc,metaspace   ] GC(1055) Metaspace: 100K(320K)->100K(320K) NonClass: 96K(192K)->96K(192K) Class: 4K(128K)->4K(128K)
[2024-08-28T13:06:30.516+0000][info][gc             ] GC(1055) Pause Young (Mixed) (G1 Evacuation Pause) 908M->810M(1024M) 12.134ms
[2024-08-28T13:06:30.516+0000][info][gc,cpu         ] GC(1055) User=0.27s Sys=0.00s Real=0.01s
[2024-08-28T13:06:30.541+0000][info][gc,start       ] GC(1056) Pause Young (Mixed) (G1 Evacuation Pause)
[2024-08-28T13:06:30.541+0000][info][gc,task        ] GC(1056) Using 24 workers of 68 for evacuation
[2024-08-28T13:06:30.554+0000][info][gc,phases      ] GC(1056)   Pre Evacuate Collection Set: 0.2ms
[2024-08-28T13:06:30.554+0000][info][gc,phases      ] GC(1056)   Merge Heap Roots: 0.4ms
[2024-08-28T13:06:30.554+0000][info][gc,phases      ] GC(1056)   Evacuate Collection Set: 12.4ms
[2024-08-28T13:06:30.554+0000][info][gc,phases      ] GC(1056)   Post Evacuate Collection Set: 0.3ms
[2024-08-28T13:06:30.554+0000][info][gc,phases      ] GC(1056)   Other: 0.2ms
[2024-08-28T13:06:30.554+0000][info][gc,heap        ] GC(1056) Eden regions: 44->0(44)
[2024-08-28T13:06:30.554+0000][info][gc,heap        ] GC(1056) Survivor regions: 7->7(7)
[2024-08-28T13:06:30.554+0000][info][gc,heap        ] GC(1056) Old regions: 798->821
[2024-08-28T13:06:30.554+0000][info][gc,heap        ] GC(1056) Archive regions: 2->2
[2024-08-28T13:06:30.554+0000][info][gc,heap        ] GC(1056) Humongous regions: 5->5
[2024-08-28T13:06:30.554+0000][info][gc,metaspace   ] GC(1056) Metaspace: 100K(320K)->100K(320K) NonClass: 96K(192K)->96K(192K) Class: 4K(128K)->4K(128K)
[2024-08-28T13:06:30.554+0000][info][gc             ] GC(1056) Pause Young (Mixed) (G1 Evacuation Pause) 854M->833M(1024M) 13.543ms
[2024-08-28T13:06:30.554+0000][info][gc,cpu         ] GC(1056) User=0.30s Sys=0.00s Real=0.01s
[2024-08-28T13:06:30.580+0000][info][gc,start       ] GC(1057) Pause Young (Concurrent Start) (G1 Evacuation Pause)
[2024-08-28T13:06:30.580+0000][info][gc,task        ] GC(1057) Using 24 workers of 68 for evacuation
[2024-08-28T13:06:30.592+0000][info][gc,phases      ] GC(1057)   Pre Evacuate Collection Set: 0.2ms
[2024-08-28T13:06:30.592+0000][info][gc,phases      ] GC(1057)   Merge Heap Roots: 0.4ms
[2024-08-28T13:06:30.592+0000][info][gc,phases      ] GC(1057)   Evacuate Collection Set: 10.6ms
[2024-08-28T13:06:30.592+0000][info][gc,phases      ] GC(1057)   Post Evacuate Collection Set: 0.3ms
[2024-08-28T13:06:30.592+0000][info][gc,phases      ] GC(1057)   Other: 0.6ms
[2024-08-28T13:06:30.592+0000][info][gc,heap        ] GC(1057) Eden regions: 44->0(44)
[2024-08-28T13:06:30.592+0000][info][gc,heap        ] GC(1057) Survivor regions: 7->7(7)
[2024-08-28T13:06:30.592+0000][info][gc,heap        ] GC(1057) Old regions: 821->868
[2024-08-28T13:06:30.592+0000][info][gc,heap        ] GC(1057) Archive regions: 2->2
[2024-08-28T13:06:30.592+0000][info][gc,heap        ] GC(1057) Humongous regions: 5->5
[2024-08-28T13:06:30.592+0000][info][gc,metaspace   ] GC(1057) Metaspace: 100K(320K)->100K(320K) NonClass: 96K(192K)->96K(192K) Class: 4K(128K)->4K(128K)
[2024-08-28T13:06:30.592+0000][info][gc             ] GC(1057) Pause Young (Concurrent Start) (G1 Evacuation Pause) 877M->880M(1024M) 12.166ms
[2024-08-28T13:06:30.592+0000][info][gc,cpu         ] GC(1057) User=0.26s Sys=0.00s Real=0.01s
[2024-08-28T13:06:30.592+0000][info][gc             ] GC(1058) Concurrent Mark Cycle
[2024-08-28T13:06:30.592+0000][info][gc,marking     ] GC(1058) Concurrent Clear Claimed Marks
[2024-08-28T13:06:30.592+0000][info][gc,marking     ] GC(1058) Concurrent Clear Claimed Marks 0.012ms
[2024-08-28T13:06:30.592+0000][info][gc,marking     ] GC(1058) Concurrent Scan Root Regions
[2024-08-28T13:06:30.594+0000][info][gc,marking     ] GC(1058) Concurrent Scan Root Regions 1.763ms
[2024-08-28T13:06:30.594+0000][info][gc,marking     ] GC(1058) Concurrent Mark
[2024-08-28T13:06:30.594+0000][info][gc,marking     ] GC(1058) Concurrent Mark From Roots
[2024-08-28T13:06:30.594+0000][info][gc,task        ] GC(1058) Using 17 workers of 17 for marking
[2024-08-28T13:06:30.619+0000][info][gc,marking     ] GC(1058) Concurrent Mark From Roots 24.694ms
[2024-08-28T13:06:30.619+0000][info][gc,marking     ] GC(1058) Concurrent Preclean
[2024-08-28T13:06:30.619+0000][info][gc,marking     ] GC(1058) Concurrent Preclean 0.670ms
[2024-08-28T13:06:30.620+0000][info][gc,start       ] GC(1058) Pause Remark
[2024-08-28T13:06:30.621+0000][info][gc             ] GC(1058) Pause Remark 912M->901M(1024M) 1.263ms
[2024-08-28T13:06:30.621+0000][info][gc,cpu         ] GC(1058) User=0.00s Sys=0.00s Real=0.00s
[2024-08-28T13:06:30.621+0000][info][gc,marking     ] GC(1058) Concurrent Mark 26.990ms
[2024-08-28T13:06:30.621+0000][info][gc,marking     ] GC(1058) Concurrent Rebuild Remembered Sets
[2024-08-28T13:06:30.629+0000][info][gc,start       ] GC(1059) Pause Young (Normal) (G1 Evacuation Pause)
[2024-08-28T13:06:30.629+0000][info][gc,task        ] GC(1059) Using 24 workers of 68 for evacuation
[2024-08-28T13:06:30.640+0000][info][gc,phases      ] GC(1059)   Pre Evacuate Collection Set: 0.1ms
[2024-08-28T13:06:30.640+0000][info][gc,phases      ] GC(1059)   Merge Heap Roots: 0.2ms
[2024-08-28T13:06:30.640+0000][info][gc,phases      ] GC(1059)   Evacuate Collection Set: 10.0ms
[2024-08-28T13:06:30.640+0000][info][gc,phases      ] GC(1059)   Post Evacuate Collection Set: 0.4ms
[2024-08-28T13:06:30.640+0000][info][gc,phases      ] GC(1059)   Other: 0.2ms
[2024-08-28T13:06:30.640+0000][info][gc,heap        ] GC(1059) Eden regions: 44->0(44)
[2024-08-28T13:06:30.640+0000][info][gc,heap        ] GC(1059) Survivor regions: 7->7(7)
[2024-08-28T13:06:30.640+0000][info][gc,heap        ] GC(1059) Old regions: 856->903
[2024-08-28T13:06:30.640+0000][info][gc,heap        ] GC(1059) Archive regions: 2->2
[2024-08-28T13:06:30.640+0000][info][gc,heap        ] GC(1059) Humongous regions: 5->5
[2024-08-28T13:06:30.640+0000][info][gc,metaspace   ] GC(1059) Metaspace: 100K(320K)->100K(320K) NonClass: 96K(192K)->96K(192K) Class: 4K(128K)->4K(128K)
[2024-08-28T13:06:30.640+0000][info][gc             ] GC(1059) Pause Young (Normal) (G1 Evacuation Pause) 912M->915M(1024M) 10.968ms
[2024-08-28T13:06:30.640+0000][info][gc,cpu         ] GC(1059) User=0.25s Sys=0.00s Real=0.02s
[2024-08-28T13:06:30.668+0000][info][gc,start       ] GC(1060) Pause Young (Normal) (G1 Evacuation Pause)
[2024-08-28T13:06:30.669+0000][info][gc,task        ] GC(1060) Using 24 workers of 68 for evacuation
[2024-08-28T13:06:30.683+0000][info][gc,phases      ] GC(1060)   Pre Evacuate Collection Set: 0.1ms
[2024-08-28T13:06:30.683+0000][info][gc,phases      ] GC(1060)   Merge Heap Roots: 0.5ms
[2024-08-28T13:06:30.683+0000][info][gc,phases      ] GC(1060)   Evacuate Collection Set: 13.6ms
[2024-08-28T13:06:30.683+0000][info][gc,phases      ] GC(1060)   Post Evacuate Collection Set: 0.5ms
[2024-08-28T13:06:30.683+0000][info][gc,phases      ] GC(1060)   Other: 0.2ms
[2024-08-28T13:06:30.683+0000][info][gc,heap        ] GC(1060) Eden regions: 44->0(44)
[2024-08-28T13:06:30.683+0000][info][gc,heap        ] GC(1060) Survivor regions: 7->7(7)
[2024-08-28T13:06:30.683+0000][info][gc,heap        ] GC(1060) Old regions: 903->950
[2024-08-28T13:06:30.683+0000][info][gc,heap        ] GC(1060) Archive regions: 2->2
[2024-08-28T13:06:30.683+0000][info][gc,heap        ] GC(1060) Humongous regions: 5->5
[2024-08-28T13:06:30.683+0000][info][gc,metaspace   ] GC(1060) Metaspace: 100K(320K)->100K(320K) NonClass: 96K(192K)->96K(192K) Class: 4K(128K)->4K(128K)
[2024-08-28T13:06:30.683+0000][info][gc             ] GC(1060) Pause Young (Normal) (G1 Evacuation Pause) 959M->962M(1024M) 15.008ms
[2024-08-28T13:06:30.684+0000][info][gc,cpu         ] GC(1060) User=0.35s Sys=0.00s Real=0.02s
[2024-08-28T13:06:30.701+0000][info][gc,start       ] GC(1061) Pause Young (Normal) (G1 Preventive Collection)
[2024-08-28T13:06:30.701+0000][info][gc,task        ] GC(1061) Using 24 workers of 68 for evacuation
[2024-08-28T13:06:30.715+0000][info][gc             ] GC(1061) To-space exhausted
[2024-08-28T13:06:30.715+0000][info][gc,phases      ] GC(1061)   Pre Evacuate Collection Set: 0.1ms
[2024-08-28T13:06:30.715+0000][info][gc,phases      ] GC(1061)   Merge Heap Roots: 0.3ms
[2024-08-28T13:06:30.715+0000][info][gc,phases      ] GC(1061)   Evacuate Collection Set: 12.8ms
[2024-08-28T13:06:30.715+0000][info][gc,phases      ] GC(1061)   Post Evacuate Collection Set: 1.1ms
[2024-08-28T13:06:30.715+0000][info][gc,phases      ] GC(1061)   Other: 0.2ms
[2024-08-28T13:06:30.715+0000][info][gc,heap        ] GC(1061) Eden regions: 25->0(44)
[2024-08-28T13:06:30.715+0000][info][gc,heap        ] GC(1061) Survivor regions: 7->7(7)
[2024-08-28T13:06:30.715+0000][info][gc,heap        ] GC(1061) Old regions: 950->1003
[2024-08-28T13:06:30.715+0000][info][gc,heap        ] GC(1061) Archive regions: 2->2
[2024-08-28T13:06:30.715+0000][info][gc,heap        ] GC(1061) Humongous regions: 5->5
[2024-08-28T13:06:30.715+0000][info][gc,metaspace   ] GC(1061) Metaspace: 100K(320K)->100K(320K) NonClass: 96K(192K)->96K(192K) Class: 4K(128K)->4K(128K)
[2024-08-28T13:06:30.716+0000][info][gc             ] GC(1061) Pause Young (Normal) (G1 Preventive Collection) 987M->1015M(1024M) 14.706ms
[2024-08-28T13:06:30.716+0000][info][gc,cpu         ] GC(1061) User=0.33s Sys=0.00s Real=0.01s
[2024-08-28T13:06:30.717+0000][info][gc,start       ] GC(1062) Pause Young (Normal) (G1 Preventive Collection)
[2024-08-28T13:06:30.717+0000][info][gc,task        ] GC(1062) Using 24 workers of 68 for evacuation
[2024-08-28T13:06:30.727+0000][info][gc             ] GC(1062) To-space exhausted
[2024-08-28T13:06:30.727+0000][info][gc,phases      ] GC(1062)   Pre Evacuate Collection Set: 0.1ms
[2024-08-28T13:06:30.727+0000][info][gc,phases      ] GC(1062)   Merge Heap Roots: 0.6ms
[2024-08-28T13:06:30.727+0000][info][gc,phases      ] GC(1062)   Evacuate Collection Set: 8.4ms
[2024-08-28T13:06:30.727+0000][info][gc,phases      ] GC(1062)   Post Evacuate Collection Set: 0.8ms
[2024-08-28T13:06:30.727+0000][info][gc,phases      ] GC(1062)   Other: 0.2ms
[2024-08-28T13:06:30.727+0000][info][gc,heap        ] GC(1062) Eden regions: 1->0(50)
[2024-08-28T13:06:30.727+0000][info][gc,heap        ] GC(1062) Survivor regions: 7->1(6)
[2024-08-28T13:06:30.727+0000][info][gc,heap        ] GC(1062) Old regions: 1003->1016
[2024-08-28T13:06:30.727+0000][info][gc,heap        ] GC(1062) Archive regions: 2->2
[2024-08-28T13:06:30.727+0000][info][gc,heap        ] GC(1062) Humongous regions: 5->5
[2024-08-28T13:06:30.727+0000][info][gc,metaspace   ] GC(1062) Metaspace: 100K(320K)->100K(320K) NonClass: 96K(192K)->96K(192K) Class: 4K(128K)->4K(128K)
[2024-08-28T13:06:30.727+0000][info][gc             ] GC(1062) Pause Young (Normal) (G1 Preventive Collection) 1016M->1022M(1024M) 10.122ms
[2024-08-28T13:06:30.727+0000][info][gc,cpu         ] GC(1062) User=0.22s Sys=0.00s Real=0.01s
[2024-08-28T13:06:30.727+0000][info][gc,ergo        ] Attempting full compaction
[2024-08-28T13:06:30.727+0000][info][gc,task        ] GC(1063) Using 24 workers of 68 for full compaction
[2024-08-28T13:06:30.728+0000][info][gc,start       ] GC(1063) Pause Full (G1 Compaction Pause)
[2024-08-28T13:06:30.728+0000][info][gc,phases,start] GC(1063) Phase 1: Mark live objects
[2024-08-28T13:06:30.744+0000][info][gc,phases      ] GC(1063) Phase 1: Mark live objects 15.264ms
[2024-08-28T13:06:30.744+0000][info][gc,phases,start] GC(1063) Phase 2: Prepare for compaction
[2024-08-28T13:06:30.753+0000][info][gc,phases      ] GC(1063) Phase 2: Prepare for compaction 9.268ms
[2024-08-28T13:06:30.753+0000][info][gc,phases,start] GC(1063) Phase 3: Adjust pointers
[2024-08-28T13:06:30.771+0000][info][gc,phases      ] GC(1063) Phase 3: Adjust pointers 18.186ms
[2024-08-28T13:06:30.771+0000][info][gc,phases,start] GC(1063) Phase 4: Compact heap
[2024-08-28T13:06:30.804+0000][info][gc,phases      ] GC(1063) Phase 4: Compact heap 32.707ms
[2024-08-28T13:06:30.806+0000][info][gc,heap        ] GC(1063) Eden regions: 0->0(150)
[2024-08-28T13:06:30.806+0000][info][gc,heap        ] GC(1063) Survivor regions: 1->0(6)
[2024-08-28T13:06:30.806+0000][info][gc,heap        ] GC(1063) Old regions: 1016->442
[2024-08-28T13:06:30.806+0000][info][gc,heap        ] GC(1063) Archive regions: 2->2
[2024-08-28T13:06:30.806+0000][info][gc,heap        ] GC(1063) Humongous regions: 5->5
[2024-08-28T13:06:30.806+0000][info][gc,metaspace   ] GC(1063) Metaspace: 100K(320K)->100K(320K) NonClass: 96K(192K)->96K(192K) Class: 4K(128K)->4K(128K)
[2024-08-28T13:06:30.806+0000][info][gc             ] GC(1063) Pause Full (G1 Compaction Pause) 1022M->436M(1024M) 77.989ms
[2024-08-28T13:06:30.806+0000][info][gc,cpu         ] GC(1063) User=1.63s Sys=0.00s Real=0.08s
[2024-08-28T13:06:30.806+0000][info][gc,marking     ] GC(1058) Concurrent Rebuild Remembered Sets 184.844ms
[2024-08-28T13:06:30.806+0000][info][gc,marking     ] GC(1058) Concurrent Mark Abort
[2024-08-28T13:06:30.806+0000][info][gc             ] GC(1058) Concurrent Mark Cycle 213.778ms
[2024-08-28T13:06:30.894+0000][info][gc,start       ] GC(1064) Pause Young (Normal) (G1 Evacuation Pause)
[2024-08-28T13:06:30.894+0000][info][gc,task        ] GC(1064) Using 24 workers of 68 for evacuation
[2024-08-28T13:06:30.917+0000][info][gc,phases      ] GC(1064)   Pre Evacuate Collection Set: 0.2ms
[2024-08-28T13:06:30.917+0000][info][gc,phases      ] GC(1064)   Merge Heap Roots: 0.5ms
[2024-08-28T13:06:30.917+0000][info][gc,phases      ] GC(1064)   Evacuate Collection Set: 22.3ms
[2024-08-28T13:06:30.917+0000][info][gc,phases      ] GC(1064)   Post Evacuate Collection Set: 0.4ms
[2024-08-28T13:06:30.917+0000][info][gc,phases      ] GC(1064)   Other: 0.3ms
[2024-08-28T13:06:30.917+0000][info][gc,heap        ] GC(1064) Eden regions: 150->0(103)
[2024-08-28T13:06:30.917+0000][info][gc,heap        ] GC(1064) Survivor regions: 0->19(19)
[2024-08-28T13:06:30.917+0000][info][gc,heap        ] GC(1064) Old regions: 442->569
[2024-08-28T13:06:30.917+0000][info][gc,heap        ] GC(1064) Archive regions: 2->2
[2024-08-28T13:06:30.917+0000][info][gc,heap        ] GC(1064) Humongous regions: 5->5
[2024-08-28T13:06:30.917+0000][info][gc,metaspace   ] GC(1064) Metaspace: 100K(320K)->100K(320K) NonClass: 96K(192K)->96K(192K) Class: 4K(128K)->4K(128K)
[2024-08-28T13:06:30.917+0000][info][gc             ] GC(1064) Pause Young (Normal) (G1 Evacuation Pause) 586M->581M(1024M) 23.556ms
[2024-08-28T13:06:30.917+0000][info][gc,cpu         ] GC(1064) User=0.54s Sys=0.00s Real=0.02s
[2024-08-28T13:06:30.976+0000][info][gc,start       ] GC(1065) Pause Young (Normal) (G1 Evacuation Pause)
[2024-08-28T13:06:30.976+0000][info][gc,task        ] GC(1065) Using 24 workers of 68 for evacuation
[2024-08-28T13:06:30.997+0000][info][gc,phases      ] GC(1065)   Pre Evacuate Collection Set: 0.2ms
[2024-08-28T13:06:30.997+0000][info][gc,phases      ] GC(1065)   Merge Heap Roots: 0.4ms
[2024-08-28T13:06:30.997+0000][info][gc,phases      ] GC(1065)   Evacuate Collection Set: 19.6ms
[2024-08-28T13:06:30.997+0000][info][gc,phases      ] GC(1065)   Post Evacuate Collection Set: 0.3ms
[2024-08-28T13:06:30.997+0000][info][gc,phases      ] GC(1065)   Other: 0.2ms
[2024-08-28T13:06:30.997+0000][info][gc,heap        ] GC(1065) Eden regions: 103->0(70)
[2024-08-28T13:06:30.997+0000][info][gc,heap        ] GC(1065) Survivor regions: 19->16(16)
[2024-08-28T13:06:30.997+0000][info][gc,heap        ] GC(1065) Old regions: 569->676
[2024-08-28T13:06:30.997+0000][info][gc,heap        ] GC(1065) Archive regions: 2->2
[2024-08-28T13:06:30.997+0000][info][gc,heap        ] GC(1065) Humongous regions: 5->5
[2024-08-28T13:06:30.997+0000][info][gc,metaspace   ] GC(1065) Metaspace: 100K(320K)->100K(320K) NonClass: 96K(192K)->96K(192K) Class: 4K(128K)->4K(128K)
[2024-08-28T13:06:30.997+0000][info][gc             ] GC(1065) Pause Young (Normal) (G1 Evacuation Pause) 684M->685M(1024M) 20.812ms
[2024-08-28T13:06:30.997+0000][info][gc,cpu         ] GC(1065) User=0.48s Sys=0.00s Real=0.02s
[2024-08-28T13:06:31.037+0000][info][gc,start       ] GC(1066) Pause Young (Concurrent Start) (G1 Evacuation Pause)
[2024-08-28T13:06:31.037+0000][info][gc,task        ] GC(1066) Using 24 workers of 68 for evacuation
[2024-08-28T13:06:31.055+0000][info][gc,phases      ] GC(1066)   Pre Evacuate Collection Set: 0.2ms
[2024-08-28T13:06:31.055+0000][info][gc,phases      ] GC(1066)   Merge Heap Roots: 0.4ms
[2024-08-28T13:06:31.055+0000][info][gc,phases      ] GC(1066)   Evacuate Collection Set: 16.2ms
[2024-08-28T13:06:31.055+0000][info][gc,phases      ] GC(1066)   Post Evacuate Collection Set: 0.3ms
[2024-08-28T13:06:31.055+0000][info][gc,phases      ] GC(1066)   Other: 0.6ms
[2024-08-28T13:06:31.055+0000][info][gc,heap        ] GC(1066) Eden regions: 70->0(47)
[2024-08-28T13:06:31.055+0000][info][gc,heap        ] GC(1066) Survivor regions: 16->11(11)
[2024-08-28T13:06:31.055+0000][info][gc,heap        ] GC(1066) Old regions: 676->752
[2024-08-28T13:06:31.055+0000][info][gc,heap        ] GC(1066) Archive regions: 2->2
[2024-08-28T13:06:31.055+0000][info][gc,heap        ] GC(1066) Humongous regions: 5->5
[2024-08-28T13:06:31.055+0000][info][gc,metaspace   ] GC(1066) Metaspace: 100K(320K)->100K(320K) NonClass: 96K(192K)->96K(192K) Class: 4K(128K)->4K(128K)
[2024-08-28T13:06:31.055+0000][info][gc             ] GC(1066) Pause Young (Concurrent Start) (G1 Evacuation Pause) 755M->757M(1024M) 17.671ms
[2024-08-28T13:06:31.055+0000][info][gc,cpu         ] GC(1066) User=0.39s Sys=0.00s Real=0.02s
[2024-08-28T13:06:31.055+0000][info][gc             ] GC(1067) Concurrent Mark Cycle
[2024-08-28T13:06:31.055+0000][info][gc,marking     ] GC(1067) Concurrent Clear Claimed Marks
[2024-08-28T13:06:31.055+0000][info][gc,marking     ] GC(1067) Concurrent Clear Claimed Marks 0.010ms
[2024-08-28T13:06:31.055+0000][info][gc,marking     ] GC(1067) Concurrent Scan Root Regions
[2024-08-28T13:06:31.057+0000][info][gc,marking     ] GC(1067) Concurrent Scan Root Regions 2.579ms
[2024-08-28T13:06:31.057+0000][info][gc,marking     ] GC(1067) Concurrent Mark
[2024-08-28T13:06:31.057+0000][info][gc,marking     ] GC(1067) Concurrent Mark From Roots
[2024-08-28T13:06:31.057+0000][info][gc,task        ] GC(1067) Using 17 workers of 17 for marking
[2024-08-28T13:06:31.080+0000][info][gc,marking     ] GC(1067) Concurrent Mark From Roots 22.562ms
[2024-08-28T13:06:31.080+0000][info][gc,marking     ] GC(1067) Concurrent Preclean
[2024-08-28T13:06:31.081+0000][info][gc,marking     ] GC(1067) Concurrent Preclean 0.500ms
[2024-08-28T13:06:31.081+0000][info][gc,start       ] GC(1067) Pause Remark
[2024-08-28T13:06:31.082+0000][info][gc             ] GC(1067) Pause Remark 788M->788M(1024M) 1.091ms
[2024-08-28T13:06:31.082+0000][info][gc,cpu         ] GC(1067) User=0.01s Sys=0.00s Real=0.00s
[2024-08-28T13:06:31.082+0000][info][gc,marking     ] GC(1067) Concurrent Mark 24.508ms
[2024-08-28T13:06:31.082+0000][info][gc,marking     ] GC(1067) Concurrent Rebuild Remembered Sets
[2024-08-28T13:06:31.092+0000][info][gc,start       ] GC(1068) Pause Young (Normal) (G1 Evacuation Pause)
[2024-08-28T13:06:31.092+0000][info][gc,task        ] GC(1068) Using 24 workers of 68 for evacuation
[2024-08-28T13:06:31.105+0000][info][gc,phases      ] GC(1068)   Pre Evacuate Collection Set: 0.1ms
[2024-08-28T13:06:31.105+0000][info][gc,phases      ] GC(1068)   Merge Heap Roots: 0.3ms
[2024-08-28T13:06:31.105+0000][info][gc,phases      ] GC(1068)   Evacuate Collection Set: 11.3ms
[2024-08-28T13:06:31.105+0000][info][gc,phases      ] GC(1068)   Post Evacuate Collection Set: 0.4ms
[2024-08-28T13:06:31.105+0000][info][gc,phases      ] GC(1068)   Other: 0.2ms
[2024-08-28T13:06:31.105+0000][info][gc,heap        ] GC(1068) Eden regions: 47->0(43)
[2024-08-28T13:06:31.105+0000][info][gc,heap        ] GC(1068) Survivor regions: 11->8(8)
[2024-08-28T13:06:31.105+0000][info][gc,heap        ] GC(1068) Old regions: 752->806
[2024-08-28T13:06:31.105+0000][info][gc,heap        ] GC(1068) Archive regions: 2->2
[2024-08-28T13:06:31.105+0000][info][gc,heap        ] GC(1068) Humongous regions: 5->5
[2024-08-28T13:06:31.105+0000][info][gc,metaspace   ] GC(1068) Metaspace: 100K(320K)->100K(320K) NonClass: 96K(192K)->96K(192K) Class: 4K(128K)->4K(128K)
[2024-08-28T13:06:31.105+0000][info][gc             ] GC(1068) Pause Young (Normal) (G1 Evacuation Pause) 804M->808M(1024M) 12.410ms
[2024-08-28T13:06:31.105+0000][info][gc,cpu         ] GC(1068) User=0.28s Sys=0.00s Real=0.01s
[2024-08-28T13:06:31.132+0000][info][gc,start       ] GC(1069) Pause Young (Normal) (G1 Evacuation Pause)
[2024-08-28T13:06:31.132+0000][info][gc,task        ] GC(1069) Using 24 workers of 68 for evacuation
[2024-08-28T13:06:31.148+0000][info][gc,phases      ] GC(1069)   Pre Evacuate Collection Set: 0.1ms
[2024-08-28T13:06:31.148+0000][info][gc,phases      ] GC(1069)   Merge Heap Roots: 0.5ms
[2024-08-28T13:06:31.148+0000][info][gc,phases      ] GC(1069)   Evacuate Collection Set: 14.6ms
[2024-08-28T13:06:31.148+0000][info][gc,phases      ] GC(1069)   Post Evacuate Collection Set: 0.5ms
[2024-08-28T13:06:31.148+0000][info][gc,phases      ] GC(1069)   Other: 0.2ms
[2024-08-28T13:06:31.148+0000][info][gc,heap        ] GC(1069) Eden regions: 43->0(44)
[2024-08-28T13:06:31.148+0000][info][gc,heap        ] GC(1069) Survivor regions: 8->7(7)
[2024-08-28T13:06:31.148+0000][info][gc,heap        ] GC(1069) Old regions: 806->854
[2024-08-28T13:06:31.148+0000][info][gc,heap        ] GC(1069) Archive regions: 2->2
[2024-08-28T13:06:31.148+0000][info][gc,heap        ] GC(1069) Humongous regions: 5->5
[2024-08-28T13:06:31.148+0000][info][gc,metaspace   ] GC(1069) Metaspace: 100K(320K)->100K(320K) NonClass: 96K(192K)->96K(192K) Class: 4K(128K)->4K(128K)
[2024-08-28T13:06:31.148+0000][info][gc             ] GC(1069) Pause Young (Normal) (G1 Evacuation Pause) 851M->855M(1024M) 16.002ms
[2024-08-28T13:06:31.148+0000][info][gc,cpu         ] GC(1069) User=0.36s Sys=0.00s Real=0.01s
[2024-08-28T13:06:31.163+0000][info][gc,marking     ] GC(1067) Concurrent Rebuild Remembered Sets 81.417ms
[2024-08-28T13:06:31.164+0000][info][gc,start       ] GC(1067) Pause Cleanup
[2024-08-28T13:06:31.165+0000][info][gc             ] GC(1067) Pause Cleanup 879M->879M(1024M) 1.245ms
[2024-08-28T13:06:31.165+0000][info][gc,cpu         ] GC(1067) User=0.00s Sys=0.00s Real=0.00s
[2024-08-28T13:06:31.165+0000][info][gc,marking     ] GC(1067) Concurrent Cleanup for Next Mark
[2024-08-28T13:06:31.166+0000][info][gc,marking     ] GC(1067) Concurrent Cleanup for Next Mark 0.823ms
[2024-08-28T13:06:31.166+0000][info][gc             ] GC(1067) Concurrent Mark Cycle 110.987ms
[2024-08-28T13:06:31.178+0000][info][gc,start       ] GC(1070) Pause Young (Prepare Mixed) (G1 Evacuation Pause)
[2024-08-28T13:06:31.178+0000][info][gc,task        ] GC(1070) Using 24 workers of 68 for evacuation
[2024-08-28T13:06:31.194+0000][info][gc,phases      ] GC(1070)   Pre Evacuate Collection Set: 0.1ms
[2024-08-28T13:06:31.194+0000][info][gc,phases      ] GC(1070)   Merge Heap Roots: 0.6ms
[2024-08-28T13:06:31.194+0000][info][gc,phases      ] GC(1070)   Evacuate Collection Set: 15.1ms
[2024-08-28T13:06:31.194+0000][info][gc,phases      ] GC(1070)   Post Evacuate Collection Set: 0.3ms
[2024-08-28T13:06:31.194+0000][info][gc,phases      ] GC(1070)   Other: 0.2ms
[2024-08-28T13:06:31.194+0000][info][gc,heap        ] GC(1070) Eden regions: 44->0(44)
[2024-08-28T13:06:31.194+0000][info][gc,heap        ] GC(1070) Survivor regions: 7->7(7)
[2024-08-28T13:06:31.194+0000][info][gc,heap        ] GC(1070) Old regions: 854->902
[2024-08-28T13:06:31.194+0000][info][gc,heap        ] GC(1070) Archive regions: 2->2
[2024-08-28T13:06:31.194+0000][info][gc,heap        ] GC(1070) Humongous regions: 5->5
[2024-08-28T13:06:31.194+0000][info][gc,metaspace   ] GC(1070) Metaspace: 100K(320K)->100K(320K) NonClass: 96K(192K)->96K(192K) Class: 4K(128K)->4K(128K)
[2024-08-28T13:06:31.194+0000][info][gc             ] GC(1070) Pause Young (Prepare Mixed) (G1 Evacuation Pause) 899M->902M(1024M) 16.393ms
[2024-08-28T13:06:31.194+0000][info][gc,cpu         ] GC(1070) User=0.37s Sys=0.00s Real=0.01s
[2024-08-28T13:06:31.220+0000][info][gc,start       ] GC(1071) Pause Young (Mixed) (G1 Evacuation Pause)
[2024-08-28T13:06:31.220+0000][info][gc,task        ] GC(1071) Using 24 workers of 68 for evacuation
[2024-08-28T13:06:31.232+0000][info][gc,phases      ] GC(1071)   Pre Evacuate Collection Set: 0.2ms
[2024-08-28T13:06:31.232+0000][info][gc,phases      ] GC(1071)   Merge Heap Roots: 0.4ms
[2024-08-28T13:06:31.232+0000][info][gc,phases      ] GC(1071)   Evacuate Collection Set: 11.0ms
[2024-08-28T13:06:31.232+0000][info][gc,phases      ] GC(1071)   Post Evacuate Collection Set: 0.4ms
[2024-08-28T13:06:31.232+0000][info][gc,phases      ] GC(1071)   Other: 0.2ms
[2024-08-28T13:06:31.232+0000][info][gc,heap        ] GC(1071) Eden regions: 44->0(44)
[2024-08-28T13:06:31.232+0000][info][gc,heap        ] GC(1071) Survivor regions: 7->7(7)
[2024-08-28T13:06:31.232+0000][info][gc,heap        ] GC(1071) Old regions: 902->845
[2024-08-28T13:06:31.232+0000][info][gc,heap        ] GC(1071) Archive regions: 2->2
[2024-08-28T13:06:31.232+0000][info][gc,heap        ] GC(1071) Humongous regions: 5->5
[2024-08-28T13:06:31.232+0000][info][gc,metaspace   ] GC(1071) Metaspace: 100K(320K)->100K(320K) NonClass: 96K(192K)->96K(192K) Class: 4K(128K)->4K(128K)
[2024-08-28T13:06:31.232+0000][info][gc             ] GC(1071) Pause Young (Mixed) (G1 Evacuation Pause) 946M->856M(1024M) 12.337ms
[2024-08-28T13:06:31.232+0000][info][gc,cpu         ] GC(1071) User=0.27s Sys=0.00s Real=0.01s
[2024-08-28T13:06:31.257+0000][info][gc,start       ] GC(1072) Pause Young (Mixed) (G1 Evacuation Pause)
[2024-08-28T13:06:31.257+0000][info][gc,task        ] GC(1072) Using 24 workers of 68 for evacuation
[2024-08-28T13:06:31.270+0000][info][gc,phases      ] GC(1072)   Pre Evacuate Collection Set: 0.2ms
[2024-08-28T13:06:31.270+0000][info][gc,phases      ] GC(1072)   Merge Heap Roots: 0.4ms
[2024-08-28T13:06:31.270+0000][info][gc,phases      ] GC(1072)   Evacuate Collection Set: 11.2ms
[2024-08-28T13:06:31.270+0000][info][gc,phases      ] GC(1072)   Post Evacuate Collection Set: 0.4ms
[2024-08-28T13:06:31.270+0000][info][gc,phases      ] GC(1072)   Other: 0.3ms
[2024-08-28T13:06:31.270+0000][info][gc,heap        ] GC(1072) Eden regions: 44->0(44)
[2024-08-28T13:06:31.270+0000][info][gc,heap        ] GC(1072) Survivor regions: 7->7(7)
[2024-08-28T13:06:31.270+0000][info][gc,heap        ] GC(1072) Old regions: 845->789
[2024-08-28T13:06:31.270+0000][info][gc,heap        ] GC(1072) Archive regions: 2->2
[2024-08-28T13:06:31.270+0000][info][gc,heap        ] GC(1072) Humongous regions: 5->5
[2024-08-28T13:06:31.270+0000][info][gc,metaspace   ] GC(1072) Metaspace: 100K(320K)->100K(320K) NonClass: 96K(192K)->96K(192K) Class: 4K(128K)->4K(128K)
[2024-08-28T13:06:31.270+0000][info][gc             ] GC(1072) Pause Young (Mixed) (G1 Evacuation Pause) 900M->801M(1024M) 12.623ms
[2024-08-28T13:06:31.270+0000][info][gc,cpu         ] GC(1072) User=0.27s Sys=0.02s Real=0.02s
[2024-08-28T13:06:31.294+0000][info][gc,start       ] GC(1073) Pause Young (Mixed) (G1 Evacuation Pause)
[2024-08-28T13:06:31.294+0000][info][gc,task        ] GC(1073) Using 24 workers of 68 for evacuation
[2024-08-28T13:06:31.306+0000][info][gc,phases      ] GC(1073)   Pre Evacuate Collection Set: 0.2ms
[2024-08-28T13:06:31.306+0000][info][gc,phases      ] GC(1073)   Merge Heap Roots: 0.4ms
[2024-08-28T13:06:31.306+0000][info][gc,phases      ] GC(1073)   Evacuate Collection Set: 10.5ms
[2024-08-28T13:06:31.306+0000][info][gc,phases      ] GC(1073)   Post Evacuate Collection Set: 0.4ms
[2024-08-28T13:06:31.306+0000][info][gc,phases      ] GC(1073)   Other: 0.2ms
[2024-08-28T13:06:31.306+0000][info][gc,heap        ] GC(1073) Eden regions: 44->0(44)
[2024-08-28T13:06:31.306+0000][info][gc,heap        ] GC(1073) Survivor regions: 7->7(7)
[2024-08-28T13:06:31.306+0000][info][gc,heap        ] GC(1073) Old regions: 789->774
[2024-08-28T13:06:31.306+0000][info][gc,heap        ] GC(1073) Archive regions: 2->2
[2024-08-28T13:06:31.306+0000][info][gc,heap        ] GC(1073) Humongous regions: 5->5
[2024-08-28T13:06:31.306+0000][info][gc,metaspace   ] GC(1073) Metaspace: 100K(320K)->100K(320K) NonClass: 96K(192K)->96K(192K) Class: 4K(128K)->4K(128K)
[2024-08-28T13:06:31.306+0000][info][gc             ] GC(1073) Pause Young (Mixed) (G1 Evacuation Pause) 845M->786M(1024M) 11.814ms
[2024-08-28T13:06:31.306+0000][info][gc,cpu         ] GC(1073) User=0.25s Sys=0.01s Real=0.01s
[2024-08-28T13:06:31.330+0000][info][gc,start       ] GC(1074) Pause Young (Concurrent Start) (G1 Evacuation Pause)
[2024-08-28T13:06:31.330+0000][info][gc,task        ] GC(1074) Using 24 workers of 68 for evacuation
[2024-08-28T13:06:31.342+0000][info][gc,phases      ] GC(1074)   Pre Evacuate Collection Set: 0.2ms
[2024-08-28T13:06:31.342+0000][info][gc,phases      ] GC(1074)   Merge Heap Roots: 0.4ms
[2024-08-28T13:06:31.342+0000][info][gc,phases      ] GC(1074)   Evacuate Collection Set: 10.3ms
[2024-08-28T13:06:31.342+0000][info][gc,phases      ] GC(1074)   Post Evacuate Collection Set: 0.4ms
[2024-08-28T13:06:31.342+0000][info][gc,phases      ] GC(1074)   Other: 0.7ms
[2024-08-28T13:06:31.342+0000][info][gc,heap        ] GC(1074) Eden regions: 44->0(44)
[2024-08-28T13:06:31.342+0000][info][gc,heap        ] GC(1074) Survivor regions: 7->7(7)
[2024-08-28T13:06:31.342+0000][info][gc,heap        ] GC(1074) Old regions: 774->820
[2024-08-28T13:06:31.342+0000][info][gc,heap        ] GC(1074) Archive regions: 2->2
[2024-08-28T13:06:31.343+0000][info][gc,heap        ] GC(1074) Humongous regions: 5->5
[2024-08-28T13:06:31.343+0000][info][gc,metaspace   ] GC(1074) Metaspace: 100K(320K)->100K(320K) NonClass: 96K(192K)->96K(192K) Class: 4K(128K)->4K(128K)
[2024-08-28T13:06:31.343+0000][info][gc             ] GC(1074) Pause Young (Concurrent Start) (G1 Evacuation Pause) 830M->832M(1024M) 12.113ms
[2024-08-28T13:06:31.343+0000][info][gc,cpu         ] GC(1074) User=0.26s Sys=0.00s Real=0.01s
[2024-08-28T13:06:31.343+0000][info][gc             ] GC(1075) Concurrent Mark Cycle
[2024-08-28T13:06:31.343+0000][info][gc,marking     ] GC(1075) Concurrent Clear Claimed Marks
[2024-08-28T13:06:31.343+0000][info][gc,marking     ] GC(1075) Concurrent Clear Claimed Marks 0.013ms
[2024-08-28T13:06:31.343+0000][info][gc,marking     ] GC(1075) Concurrent Scan Root Regions
[2024-08-28T13:06:31.344+0000][info][gc,marking     ] GC(1075) Concurrent Scan Root Regions 1.793ms
[2024-08-28T13:06:31.345+0000][info][gc,marking     ] GC(1075) Concurrent Mark
[2024-08-28T13:06:31.345+0000][info][gc,marking     ] GC(1075) Concurrent Mark From Roots
[2024-08-28T13:06:31.345+0000][info][gc,task        ] GC(1075) Using 17 workers of 17 for marking
[2024-08-28T13:06:31.369+0000][info][gc,marking     ] GC(1075) Concurrent Mark From Roots 24.518ms
[2024-08-28T13:06:31.369+0000][info][gc,marking     ] GC(1075) Concurrent Preclean
[2024-08-28T13:06:31.370+0000][info][gc,marking     ] GC(1075) Concurrent Preclean 0.779ms
[2024-08-28T13:06:31.370+0000][info][gc,start       ] GC(1075) Pause Remark
[2024-08-28T13:06:31.371+0000][info][gc             ] GC(1075) Pause Remark 865M->865M(1024M) 1.208ms
[2024-08-28T13:06:31.371+0000][info][gc,cpu         ] GC(1075) User=0.00s Sys=0.00s Real=0.00s
[2024-08-28T13:06:31.371+0000][info][gc,marking     ] GC(1075) Concurrent Mark 26.870ms
[2024-08-28T13:06:31.371+0000][info][gc,marking     ] GC(1075) Concurrent Rebuild Remembered Sets
[2024-08-28T13:06:31.379+0000][info][gc,start       ] GC(1076) Pause Young (Normal) (G1 Evacuation Pause)
[2024-08-28T13:06:31.379+0000][info][gc,task        ] GC(1076) Using 24 workers of 68 for evacuation
[2024-08-28T13:06:31.393+0000][info][gc,phases      ] GC(1076)   Pre Evacuate Collection Set: 0.2ms
[2024-08-28T13:06:31.393+0000][info][gc,phases      ] GC(1076)   Merge Heap Roots: 0.4ms
[2024-08-28T13:06:31.393+0000][info][gc,phases      ] GC(1076)   Evacuate Collection Set: 13.1ms
[2024-08-28T13:06:31.393+0000][info][gc,phases      ] GC(1076)   Post Evacuate Collection Set: 0.4ms
[2024-08-28T13:06:31.393+0000][info][gc,phases      ] GC(1076)   Other: 0.2ms
[2024-08-28T13:06:31.393+0000][info][gc,heap        ] GC(1076) Eden regions: 44->0(44)
[2024-08-28T13:06:31.393+0000][info][gc,heap        ] GC(1076) Survivor regions: 7->7(7)
[2024-08-28T13:06:31.393+0000][info][gc,heap        ] GC(1076) Old regions: 820->867
[2024-08-28T13:06:31.393+0000][info][gc,heap        ] GC(1076) Archive regions: 2->2
[2024-08-28T13:06:31.393+0000][info][gc,heap        ] GC(1076) Humongous regions: 5->5
[2024-08-28T13:06:31.393+0000][info][gc,metaspace   ] GC(1076) Metaspace: 100K(320K)->100K(320K) NonClass: 96K(192K)->96K(192K) Class: 4K(128K)->4K(128K)
[2024-08-28T13:06:31.393+0000][info][gc             ] GC(1076) Pause Young (Normal) (G1 Evacuation Pause) 876M->879M(1024M) 14.320ms
[2024-08-28T13:06:31.393+0000][info][gc,cpu         ] GC(1076) User=0.27s Sys=0.00s Real=0.01s
[2024-08-28T13:06:31.424+0000][info][gc,start       ] GC(1077) Pause Young (Normal) (G1 Evacuation Pause)
[2024-08-28T13:06:31.424+0000][info][gc,task        ] GC(1077) Using 24 workers of 68 for evacuation
[2024-08-28T13:06:31.443+0000][info][gc,phases      ] GC(1077)   Pre Evacuate Collection Set: 0.1ms
[2024-08-28T13:06:31.443+0000][info][gc,phases      ] GC(1077)   Merge Heap Roots: 0.5ms
[2024-08-28T13:06:31.443+0000][info][gc,phases      ] GC(1077)   Evacuate Collection Set: 17.6ms
[2024-08-28T13:06:31.443+0000][info][gc,phases      ] GC(1077)   Post Evacuate Collection Set: 0.5ms
[2024-08-28T13:06:31.443+0000][info][gc,phases      ] GC(1077)   Other: 0.2ms
[2024-08-28T13:06:31.443+0000][info][gc,heap        ] GC(1077) Eden regions: 44->0(44)
[2024-08-28T13:06:31.443+0000][info][gc,heap        ] GC(1077) Survivor regions: 7->7(7)
[2024-08-28T13:06:31.443+0000][info][gc,heap        ] GC(1077) Old regions: 867->914
[2024-08-28T13:06:31.443+0000][info][gc,heap        ] GC(1077) Archive regions: 2->2
[2024-08-28T13:06:31.443+0000][info][gc,heap        ] GC(1077) Humongous regions: 5->5
[2024-08-28T13:06:31.443+0000][info][gc,metaspace   ] GC(1077) Metaspace: 100K(320K)->100K(320K) NonClass: 96K(192K)->96K(192K) Class: 4K(128K)->4K(128K)
[2024-08-28T13:06:31.443+0000][info][gc             ] GC(1077) Pause Young (Normal) (G1 Evacuation Pause) 923M->926M(1024M) 19.007ms
[2024-08-28T13:06:31.443+0000][info][gc,cpu         ] GC(1077) User=0.28s Sys=0.16s Real=0.02s
[2024-08-28T13:06:31.460+0000][info][gc,marking     ] GC(1075) Concurrent Rebuild Remembered Sets 88.714ms
[2024-08-28T13:06:31.460+0000][info][gc,start       ] GC(1075) Pause Cleanup
[2024-08-28T13:06:31.462+0000][info][gc             ] GC(1075) Pause Cleanup 953M->953M(1024M) 1.662ms
[2024-08-28T13:06:31.462+0000][info][gc,cpu         ] GC(1075) User=0.00s Sys=0.00s Real=0.00s
[2024-08-28T13:06:31.462+0000][info][gc,marking     ] GC(1075) Concurrent Cleanup for Next Mark
[2024-08-28T13:06:31.463+0000][info][gc,marking     ] GC(1075) Concurrent Cleanup for Next Mark 0.828ms
[2024-08-28T13:06:31.463+0000][info][gc             ] GC(1075) Concurrent Mark Cycle 120.347ms
[2024-08-28T13:06:31.473+0000][info][gc,start       ] GC(1078) Pause Young (Prepare Mixed) (G1 Preventive Collection)
[2024-08-28T13:06:31.473+0000][info][gc,task        ] GC(1078) Using 24 workers of 68 for evacuation
[2024-08-28T13:06:31.489+0000][info][gc,phases      ] GC(1078)   Pre Evacuate Collection Set: 0.1ms
[2024-08-28T13:06:31.489+0000][info][gc,phases      ] GC(1078)   Merge Heap Roots: 0.6ms
[2024-08-28T13:06:31.489+0000][info][gc,phases      ] GC(1078)   Evacuate Collection Set: 15.0ms
[2024-08-28T13:06:31.489+0000][info][gc,phases      ] GC(1078)   Post Evacuate Collection Set: 0.3ms
[2024-08-28T13:06:31.489+0000][info][gc,phases      ] GC(1078)   Other: 0.2ms
[2024-08-28T13:06:31.489+0000][info][gc,heap        ] GC(1078) Eden regions: 42->0(44)
[2024-08-28T13:06:31.489+0000][info][gc,heap        ] GC(1078) Survivor regions: 7->7(7)
[2024-08-28T13:06:31.489+0000][info][gc,heap        ] GC(1078) Old regions: 914->959
[2024-08-28T13:06:31.489+0000][info][gc,heap        ] GC(1078) Archive regions: 2->2
[2024-08-28T13:06:31.489+0000][info][gc,heap        ] GC(1078) Humongous regions: 5->5
[2024-08-28T13:06:31.489+0000][info][gc,metaspace   ] GC(1078) Metaspace: 100K(320K)->100K(320K) NonClass: 96K(192K)->96K(192K) Class: 4K(128K)->4K(128K)
[2024-08-28T13:06:31.489+0000][info][gc             ] GC(1078) Pause Young (Prepare Mixed) (G1 Preventive Collection) 968M->971M(1024M) 16.339ms
[2024-08-28T13:06:31.489+0000][info][gc,cpu         ] GC(1078) User=0.38s Sys=0.00s Real=0.02s
[2024-08-28T13:06:31.502+0000][info][gc,start       ] GC(1079) Pause Young (Mixed) (G1 Preventive Collection)
[2024-08-28T13:06:31.502+0000][info][gc,task        ] GC(1079) Using 24 workers of 68 for evacuation
[2024-08-28T13:06:31.510+0000][info][gc,phases      ] GC(1079)   Pre Evacuate Collection Set: 0.2ms
[2024-08-28T13:06:31.510+0000][info][gc,phases      ] GC(1079)   Merge Heap Roots: 0.3ms
[2024-08-28T13:06:31.510+0000][info][gc,phases      ] GC(1079)   Evacuate Collection Set: 7.1ms
[2024-08-28T13:06:31.510+0000][info][gc,phases      ] GC(1079)   Post Evacuate Collection Set: 0.4ms
[2024-08-28T13:06:31.510+0000][info][gc,phases      ] GC(1079)   Other: 0.2ms
[2024-08-28T13:06:31.510+0000][info][gc,heap        ] GC(1079) Eden regions: 20->0(44)
[2024-08-28T13:06:31.510+0000][info][gc,heap        ] GC(1079) Survivor regions: 7->7(7)
[2024-08-28T13:06:31.510+0000][info][gc,heap        ] GC(1079) Old regions: 959->879
[2024-08-28T13:06:31.510+0000][info][gc,heap        ] GC(1079) Archive regions: 2->2
[2024-08-28T13:06:31.510+0000][info][gc,heap        ] GC(1079) Humongous regions: 5->5
[2024-08-28T13:06:31.510+0000][info][gc,metaspace   ] GC(1079) Metaspace: 100K(320K)->100K(320K) NonClass: 96K(192K)->96K(192K) Class: 4K(128K)->4K(128K)
[2024-08-28T13:06:31.510+0000][info][gc             ] GC(1079) Pause Young (Mixed) (G1 Preventive Collection) 991M->891M(1024M) 8.189ms
[2024-08-28T13:06:31.510+0000][info][gc,cpu         ] GC(1079) User=0.17s Sys=0.00s Real=0.01s
[2024-08-28T13:06:31.535+0000][info][gc,start       ] GC(1080) Pause Young (Mixed) (G1 Evacuation Pause)
[2024-08-28T13:06:31.535+0000][info][gc,task        ] GC(1080) Using 24 workers of 68 for evacuation
[2024-08-28T13:06:31.547+0000][info][gc,phases      ] GC(1080)   Pre Evacuate Collection Set: 0.2ms
[2024-08-28T13:06:31.547+0000][info][gc,phases      ] GC(1080)   Merge Heap Roots: 0.4ms
[2024-08-28T13:06:31.547+0000][info][gc,phases      ] GC(1080)   Evacuate Collection Set: 10.8ms
[2024-08-28T13:06:31.547+0000][info][gc,phases      ] GC(1080)   Post Evacuate Collection Set: 0.4ms
[2024-08-28T13:06:31.547+0000][info][gc,phases      ] GC(1080)   Other: 0.3ms
[2024-08-28T13:06:31.547+0000][info][gc,heap        ] GC(1080) Eden regions: 44->0(44)
[2024-08-28T13:06:31.547+0000][info][gc,heap        ] GC(1080) Survivor regions: 7->7(7)
[2024-08-28T13:06:31.547+0000][info][gc,heap        ] GC(1080) Old regions: 879->821
[2024-08-28T13:06:31.547+0000][info][gc,heap        ] GC(1080) Archive regions: 2->2
[2024-08-28T13:06:31.547+0000][info][gc,heap        ] GC(1080) Humongous regions: 5->5
[2024-08-28T13:06:31.547+0000][info][gc,metaspace   ] GC(1080) Metaspace: 100K(320K)->100K(320K) NonClass: 96K(192K)->96K(192K) Class: 4K(128K)->4K(128K)
[2024-08-28T13:06:31.547+0000][info][gc             ] GC(1080) Pause Young (Mixed) (G1 Evacuation Pause) 935M->833M(1024M) 12.183ms
[2024-08-28T13:06:31.547+0000][info][gc,cpu         ] GC(1080) User=0.26s Sys=0.02s Real=0.01s
[2024-08-28T13:06:31.570+0000][info][gc,start       ] GC(1081) Pause Young (Mixed) (G1 Evacuation Pause)
[2024-08-28T13:06:31.570+0000][info][gc,task        ] GC(1081) Using 24 workers of 68 for evacuation
[2024-08-28T13:06:31.582+0000][info][gc,phases      ] GC(1081)   Pre Evacuate Collection Set: 0.2ms
[2024-08-28T13:06:31.582+0000][info][gc,phases      ] GC(1081)   Merge Heap Roots: 0.4ms
[2024-08-28T13:06:31.582+0000][info][gc,phases      ] GC(1081)   Evacuate Collection Set: 10.9ms
[2024-08-28T13:06:31.582+0000][info][gc,phases      ] GC(1081)   Post Evacuate Collection Set: 0.4ms
[2024-08-28T13:06:31.582+0000][info][gc,phases      ] GC(1081)   Other: 0.2ms
[2024-08-28T13:06:31.582+0000][info][gc,heap        ] GC(1081) Eden regions: 44->0(44)
[2024-08-28T13:06:31.582+0000][info][gc,heap        ] GC(1081) Survivor regions: 7->7(7)
[2024-08-28T13:06:31.582+0000][info][gc,heap        ] GC(1081) Old regions: 821->766
[2024-08-28T13:06:31.582+0000][info][gc,heap        ] GC(1081) Archive regions: 2->2
[2024-08-28T13:06:31.582+0000][info][gc,heap        ] GC(1081) Humongous regions: 5->5
[2024-08-28T13:06:31.582+0000][info][gc,metaspace   ] GC(1081) Metaspace: 100K(320K)->100K(320K) NonClass: 96K(192K)->96K(192K) Class: 4K(128K)->4K(128K)
[2024-08-28T13:06:31.583+0000][info][gc             ] GC(1081) Pause Young (Mixed) (G1 Evacuation Pause) 877M->778M(1024M) 12.184ms
[2024-08-28T13:06:31.583+0000][info][gc,cpu         ] GC(1081) User=0.27s Sys=0.01s Real=0.01s
[2024-08-28T13:06:31.606+0000][info][gc,start       ] GC(1082) Pause Young (Mixed) (G1 Evacuation Pause)
[2024-08-28T13:06:31.606+0000][info][gc,task        ] GC(1082) Using 24 workers of 68 for evacuation
[2024-08-28T13:06:31.619+0000][info][gc,phases      ] GC(1082)   Pre Evacuate Collection Set: 0.2ms
[2024-08-28T13:06:31.619+0000][info][gc,phases      ] GC(1082)   Merge Heap Roots: 0.3ms
[2024-08-28T13:06:31.619+0000][info][gc,phases      ] GC(1082)   Evacuate Collection Set: 11.8ms
[2024-08-28T13:06:31.619+0000][info][gc,phases      ] GC(1082)   Post Evacuate Collection Set: 0.3ms
[2024-08-28T13:06:31.619+0000][info][gc,phases      ] GC(1082)   Other: 0.2ms
[2024-08-28T13:06:31.619+0000][info][gc,heap        ] GC(1082) Eden regions: 44->0(44)
[2024-08-28T13:06:31.619+0000][info][gc,heap        ] GC(1082) Survivor regions: 7->7(7)
[2024-08-28T13:06:31.619+0000][info][gc,heap        ] GC(1082) Old regions: 766->787
[2024-08-28T13:06:31.619+0000][info][gc,heap        ] GC(1082) Archive regions: 2->2
[2024-08-28T13:06:31.619+0000][info][gc,heap        ] GC(1082) Humongous regions: 5->5
[2024-08-28T13:06:31.619+0000][info][gc,metaspace   ] GC(1082) Metaspace: 100K(320K)->100K(320K) NonClass: 96K(192K)->96K(192K) Class: 4K(128K)->4K(128K)
[2024-08-28T13:06:31.619+0000][info][gc             ] GC(1082) Pause Young (Mixed) (G1 Evacuation Pause) 822M->799M(1024M) 12.880ms
[2024-08-28T13:06:31.619+0000][info][gc,cpu         ] GC(1082) User=0.29s Sys=0.00s Real=0.02s
[2024-08-28T13:06:31.643+0000][info][gc,start       ] GC(1083) Pause Young (Concurrent Start) (G1 Evacuation Pause)
[2024-08-28T13:06:31.643+0000][info][gc,task        ] GC(1083) Using 24 workers of 68 for evacuation
[2024-08-28T13:06:31.655+0000][info][gc,phases      ] GC(1083)   Pre Evacuate Collection Set: 0.2ms
[2024-08-28T13:06:31.655+0000][info][gc,phases      ] GC(1083)   Merge Heap Roots: 0.4ms
[2024-08-28T13:06:31.655+0000][info][gc,phases      ] GC(1083)   Evacuate Collection Set: 10.3ms
[2024-08-28T13:06:31.655+0000][info][gc,phases      ] GC(1083)   Post Evacuate Collection Set: 0.3ms
[2024-08-28T13:06:31.655+0000][info][gc,phases      ] GC(1083)   Other: 0.6ms
[2024-08-28T13:06:31.655+0000][info][gc,heap        ] GC(1083) Eden regions: 44->0(44)
[2024-08-28T13:06:31.655+0000][info][gc,heap        ] GC(1083) Survivor regions: 7->7(7)
[2024-08-28T13:06:31.655+0000][info][gc,heap        ] GC(1083) Old regions: 787->834
[2024-08-28T13:06:31.655+0000][info][gc,heap        ] GC(1083) Archive regions: 2->2
[2024-08-28T13:06:31.655+0000][info][gc,heap        ] GC(1083) Humongous regions: 5->5
[2024-08-28T13:06:31.655+0000][info][gc,metaspace   ] GC(1083) Metaspace: 100K(320K)->100K(320K) NonClass: 96K(192K)->96K(192K) Class: 4K(128K)->4K(128K)
[2024-08-28T13:06:31.655+0000][info][gc             ] GC(1083) Pause Young (Concurrent Start) (G1 Evacuation Pause) 843M->846M(1024M) 11.895ms
[2024-08-28T13:06:31.655+0000][info][gc,cpu         ] GC(1083) User=0.24s Sys=0.01s Real=0.01s
[2024-08-28T13:06:31.655+0000][info][gc             ] GC(1084) Concurrent Mark Cycle
[2024-08-28T13:06:31.655+0000][info][gc,marking     ] GC(1084) Concurrent Clear Claimed Marks
[2024-08-28T13:06:31.655+0000][info][gc,marking     ] GC(1084) Concurrent Clear Claimed Marks 0.010ms
[2024-08-28T13:06:31.655+0000][info][gc,marking     ] GC(1084) Concurrent Scan Root Regions
[2024-08-28T13:06:31.657+0000][info][gc,marking     ] GC(1084) Concurrent Scan Root Regions 1.699ms
[2024-08-28T13:06:31.657+0000][info][gc,marking     ] GC(1084) Concurrent Mark
[2024-08-28T13:06:31.657+0000][info][gc,marking     ] GC(1084) Concurrent Mark From Roots
[2024-08-28T13:06:31.657+0000][info][gc,task        ] GC(1084) Using 17 workers of 17 for marking
[2024-08-28T13:06:31.682+0000][info][gc,marking     ] GC(1084) Concurrent Mark From Roots 24.637ms
[2024-08-28T13:06:31.682+0000][info][gc,marking     ] GC(1084) Concurrent Preclean
[2024-08-28T13:06:31.682+0000][info][gc,marking     ] GC(1084) Concurrent Preclean 0.501ms
[2024-08-28T13:06:31.683+0000][info][gc,start       ] GC(1084) Pause Remark
[2024-08-28T13:06:31.684+0000][info][gc             ] GC(1084) Pause Remark 879M->879M(1024M) 1.266ms
[2024-08-28T13:06:31.684+0000][info][gc,cpu         ] GC(1084) User=0.01s Sys=0.00s Real=0.00s
[2024-08-28T13:06:31.684+0000][info][gc,marking     ] GC(1084) Concurrent Mark 26.743ms
[2024-08-28T13:06:31.684+0000][info][gc,marking     ] GC(1084) Concurrent Rebuild Remembered Sets
[2024-08-28T13:06:31.691+0000][info][gc,start       ] GC(1085) Pause Young (Normal) (G1 Evacuation Pause)
[2024-08-28T13:06:31.691+0000][info][gc,task        ] GC(1085) Using 24 workers of 68 for evacuation
[2024-08-28T13:06:31.702+0000][info][gc,phases      ] GC(1085)   Pre Evacuate Collection Set: 0.1ms
[2024-08-28T13:06:31.702+0000][info][gc,phases      ] GC(1085)   Merge Heap Roots: 0.4ms
[2024-08-28T13:06:31.702+0000][info][gc,phases      ] GC(1085)   Evacuate Collection Set: 10.1ms
[2024-08-28T13:06:31.702+0000][info][gc,phases      ] GC(1085)   Post Evacuate Collection Set: 0.4ms
[2024-08-28T13:06:31.702+0000][info][gc,phases      ] GC(1085)   Other: 0.2ms
[2024-08-28T13:06:31.702+0000][info][gc,heap        ] GC(1085) Eden regions: 44->0(44)
[2024-08-28T13:06:31.702+0000][info][gc,heap        ] GC(1085) Survivor regions: 7->7(7)
[2024-08-28T13:06:31.702+0000][info][gc,heap        ] GC(1085) Old regions: 834->881
[2024-08-28T13:06:31.702+0000][info][gc,heap        ] GC(1085) Archive regions: 2->2
[2024-08-28T13:06:31.702+0000][info][gc,heap        ] GC(1085) Humongous regions: 5->5
[2024-08-28T13:06:31.702+0000][info][gc,metaspace   ] GC(1085) Metaspace: 100K(320K)->100K(320K) NonClass: 96K(192K)->96K(192K) Class: 4K(128K)->4K(128K)
[2024-08-28T13:06:31.702+0000][info][gc             ] GC(1085) Pause Young (Normal) (G1 Evacuation Pause) 890M->893M(1024M) 11.242ms
[2024-08-28T13:06:31.702+0000][info][gc,cpu         ] GC(1085) User=0.26s Sys=0.00s Real=0.01s
[2024-08-28T13:06:31.731+0000][info][gc,start       ] GC(1086) Pause Young (Normal) (G1 Evacuation Pause)
[2024-08-28T13:06:31.731+0000][info][gc,task        ] GC(1086) Using 24 workers of 68 for evacuation
[2024-08-28T13:06:31.746+0000][info][gc,phases      ] GC(1086)   Pre Evacuate Collection Set: 0.1ms
[2024-08-28T13:06:31.746+0000][info][gc,phases      ] GC(1086)   Merge Heap Roots: 0.4ms
[2024-08-28T13:06:31.746+0000][info][gc,phases      ] GC(1086)   Evacuate Collection Set: 14.1ms
[2024-08-28T13:06:31.746+0000][info][gc,phases      ] GC(1086)   Post Evacuate Collection Set: 0.6ms
[2024-08-28T13:06:31.746+0000][info][gc,phases      ] GC(1086)   Other: 0.2ms
[2024-08-28T13:06:31.746+0000][info][gc,heap        ] GC(1086) Eden regions: 44->0(44)
[2024-08-28T13:06:31.746+0000][info][gc,heap        ] GC(1086) Survivor regions: 7->7(7)
[2024-08-28T13:06:31.746+0000][info][gc,heap        ] GC(1086) Old regions: 881->927
[2024-08-28T13:06:31.746+0000][info][gc,heap        ] GC(1086) Archive regions: 2->2
[2024-08-28T13:06:31.746+0000][info][gc,heap        ] GC(1086) Humongous regions: 5->5
[2024-08-28T13:06:31.746+0000][info][gc,metaspace   ] GC(1086) Metaspace: 100K(320K)->100K(320K) NonClass: 96K(192K)->96K(192K) Class: 4K(128K)->4K(128K)
[2024-08-28T13:06:31.746+0000][info][gc             ] GC(1086) Pause Young (Normal) (G1 Evacuation Pause) 937M->939M(1024M) 15.554ms
[2024-08-28T13:06:31.746+0000][info][gc,cpu         ] GC(1086) User=0.35s Sys=0.00s Real=0.01s
[2024-08-28T13:06:31.769+0000][info][gc,start       ] GC(1087) Pause Young (Normal) (G1 Preventive Collection)
[2024-08-28T13:06:31.769+0000][info][gc,task        ] GC(1087) Using 24 workers of 68 for evacuation
[2024-08-28T13:06:31.785+0000][info][gc,phases      ] GC(1087)   Pre Evacuate Collection Set: 0.2ms
[2024-08-28T13:06:31.785+0000][info][gc,phases      ] GC(1087)   Merge Heap Roots: 0.6ms
[2024-08-28T13:06:31.785+0000][info][gc,phases      ] GC(1087)   Evacuate Collection Set: 14.0ms
[2024-08-28T13:06:31.785+0000][info][gc,phases      ] GC(1087)   Post Evacuate Collection Set: 0.6ms
[2024-08-28T13:06:31.785+0000][info][gc,phases      ] GC(1087)   Other: 0.2ms
[2024-08-28T13:06:31.785+0000][info][gc,heap        ] GC(1087) Eden regions: 36->0(44)
[2024-08-28T13:06:31.785+0000][info][gc,heap        ] GC(1087) Survivor regions: 7->7(7)
[2024-08-28T13:06:31.785+0000][info][gc,heap        ] GC(1087) Old regions: 927->965
[2024-08-28T13:06:31.785+0000][info][gc,heap        ] GC(1087) Archive regions: 2->2
[2024-08-28T13:06:31.785+0000][info][gc,heap        ] GC(1087) Humongous regions: 5->5
[2024-08-28T13:06:31.785+0000][info][gc,metaspace   ] GC(1087) Metaspace: 100K(320K)->100K(320K) NonClass: 96K(192K)->96K(192K) Class: 4K(128K)->4K(128K)
[2024-08-28T13:06:31.785+0000][info][gc             ] GC(1087) Pause Young (Normal) (G1 Preventive Collection) 975M->977M(1024M) 15.582ms
[2024-08-28T13:06:31.785+0000][info][gc,cpu         ] GC(1087) User=0.35s Sys=0.00s Real=0.02s
[2024-08-28T13:06:31.785+0000][info][gc,marking     ] GC(1084) Concurrent Rebuild Remembered Sets 101.060ms
[2024-08-28T13:06:31.785+0000][info][gc,start       ] GC(1084) Pause Cleanup
[2024-08-28T13:06:31.787+0000][info][gc             ] GC(1084) Pause Cleanup 978M->978M(1024M) 1.535ms
[2024-08-28T13:06:31.787+0000][info][gc,cpu         ] GC(1084) User=0.01s Sys=0.00s Real=0.00s
[2024-08-28T13:06:31.787+0000][info][gc,marking     ] GC(1084) Concurrent Cleanup for Next Mark
[2024-08-28T13:06:31.788+0000][info][gc,marking     ] GC(1084) Concurrent Cleanup for Next Mark 0.826ms
[2024-08-28T13:06:31.788+0000][info][gc             ] GC(1084) Concurrent Mark Cycle 132.230ms
[2024-08-28T13:06:31.798+0000][info][gc,start       ] GC(1088) Pause Young (Prepare Mixed) (G1 Preventive Collection)
[2024-08-28T13:06:31.799+0000][info][gc,task        ] GC(1088) Using 24 workers of 68 for evacuation
[2024-08-28T13:06:31.813+0000][info][gc             ] GC(1088) To-space exhausted
[2024-08-28T13:06:31.813+0000][info][gc,phases      ] GC(1088)   Pre Evacuate Collection Set: 0.2ms
[2024-08-28T13:06:31.813+0000][info][gc,phases      ] GC(1088)   Merge Heap Roots: 0.7ms
[2024-08-28T13:06:31.813+0000][info][gc,phases      ] GC(1088)   Evacuate Collection Set: 13.1ms
[2024-08-28T13:06:31.813+0000][info][gc,phases      ] GC(1088)   Post Evacuate Collection Set: 0.7ms
[2024-08-28T13:06:31.813+0000][info][gc,phases      ] GC(1088)   Other: 0.2ms
[2024-08-28T13:06:31.813+0000][info][gc,heap        ] GC(1088) Eden regions: 18->0(44)
[2024-08-28T13:06:31.813+0000][info][gc,heap        ] GC(1088) Survivor regions: 7->7(7)
[2024-08-28T13:06:31.813+0000][info][gc,heap        ] GC(1088) Old regions: 965->1007
[2024-08-28T13:06:31.813+0000][info][gc,heap        ] GC(1088) Archive regions: 2->2
[2024-08-28T13:06:31.813+0000][info][gc,heap        ] GC(1088) Humongous regions: 5->5
[2024-08-28T13:06:31.813+0000][info][gc,metaspace   ] GC(1088) Metaspace: 100K(320K)->100K(320K) NonClass: 96K(192K)->96K(192K) Class: 4K(128K)->4K(128K)
[2024-08-28T13:06:31.813+0000][info][gc             ] GC(1088) Pause Young (Prepare Mixed) (G1 Preventive Collection) 995M->1019M(1024M) 14.858ms
[2024-08-28T13:06:31.813+0000][info][gc,cpu         ] GC(1088) User=0.34s Sys=0.00s Real=0.01s
[2024-08-28T13:06:31.814+0000][info][gc,start       ] GC(1089) Pause Young (Mixed) (G1 Preventive Collection)
[2024-08-28T13:06:31.814+0000][info][gc,task        ] GC(1089) Using 24 workers of 68 for evacuation
[2024-08-28T13:06:31.818+0000][info][gc             ] GC(1089) To-space exhausted
[2024-08-28T13:06:31.818+0000][info][gc,phases      ] GC(1089)   Pre Evacuate Collection Set: 0.1ms
[2024-08-28T13:06:31.818+0000][info][gc,phases      ] GC(1089)   Merge Heap Roots: 0.2ms
[2024-08-28T13:06:31.818+0000][info][gc,phases      ] GC(1089)   Evacuate Collection Set: 2.5ms
[2024-08-28T13:06:31.818+0000][info][gc,phases      ] GC(1089)   Post Evacuate Collection Set: 0.8ms
[2024-08-28T13:06:31.818+0000][info][gc,phases      ] GC(1089)   Other: 0.1ms
[2024-08-28T13:06:31.818+0000][info][gc,heap        ] GC(1089) Eden regions: 1->0(51)
[2024-08-28T13:06:31.818+0000][info][gc,heap        ] GC(1089) Survivor regions: 7->0(2)
[2024-08-28T13:06:31.818+0000][info][gc,heap        ] GC(1089) Old regions: 1007->1017
[2024-08-28T13:06:31.818+0000][info][gc,heap        ] GC(1089) Archive regions: 2->2
[2024-08-28T13:06:31.818+0000][info][gc,heap        ] GC(1089) Humongous regions: 5->5
[2024-08-28T13:06:31.818+0000][info][gc,metaspace   ] GC(1089) Metaspace: 100K(320K)->100K(320K) NonClass: 96K(192K)->96K(192K) Class: 4K(128K)->4K(128K)
[2024-08-28T13:06:31.818+0000][info][gc             ] GC(1089) Pause Young (Mixed) (G1 Preventive Collection) 1020M->1022M(1024M) 3.800ms
[2024-08-28T13:06:31.818+0000][info][gc,cpu         ] GC(1089) User=0.07s Sys=0.00s Real=0.01s
[2024-08-28T13:06:31.818+0000][info][gc,ergo        ] Attempting full compaction
[2024-08-28T13:06:31.818+0000][info][gc,task        ] GC(1090) Using 24 workers of 68 for full compaction
[2024-08-28T13:06:31.818+0000][info][gc,start       ] GC(1090) Pause Full (G1 Compaction Pause)
[2024-08-28T13:06:31.818+0000][info][gc,phases,start] GC(1090) Phase 1: Mark live objects
[2024-08-28T13:06:31.834+0000][info][gc,phases      ] GC(1090) Phase 1: Mark live objects 15.291ms
[2024-08-28T13:06:31.834+0000][info][gc,phases,start] GC(1090) Phase 2: Prepare for compaction
[2024-08-28T13:06:31.843+0000][info][gc,phases      ] GC(1090) Phase 2: Prepare for compaction 9.064ms
[2024-08-28T13:06:31.843+0000][info][gc,phases,start] GC(1090) Phase 3: Adjust pointers
[2024-08-28T13:06:31.861+0000][info][gc,phases      ] GC(1090) Phase 3: Adjust pointers 17.815ms
[2024-08-28T13:06:31.861+0000][info][gc,phases,start] GC(1090) Phase 4: Compact heap
[2024-08-28T13:06:31.893+0000][info][gc,phases      ] GC(1090) Phase 4: Compact heap 32.477ms
[2024-08-28T13:06:31.894+0000][info][gc,heap        ] GC(1090) Eden regions: 0->0(150)
[2024-08-28T13:06:31.894+0000][info][gc,heap        ] GC(1090) Survivor regions: 0->0(2)
[2024-08-28T13:06:31.894+0000][info][gc,heap        ] GC(1090) Old regions: 1017->444
[2024-08-28T13:06:31.894+0000][info][gc,heap        ] GC(1090) Archive regions: 2->2
[2024-08-28T13:06:31.894+0000][info][gc,heap        ] GC(1090) Humongous regions: 5->5
[2024-08-28T13:06:31.894+0000][info][gc,metaspace   ] GC(1090) Metaspace: 100K(320K)->100K(320K) NonClass: 96K(192K)->96K(192K) Class: 4K(128K)->4K(128K)
[2024-08-28T13:06:31.894+0000][info][gc             ] GC(1090) Pause Full (G1 Compaction Pause) 1022M->436M(1024M) 76.184ms
[2024-08-28T13:06:31.895+0000][info][gc,cpu         ] GC(1090) User=1.59s Sys=0.02s Real=0.07s
[2024-08-28T13:06:31.987+0000][info][gc,start       ] GC(1091) Pause Young (Normal) (G1 Evacuation Pause)
[2024-08-28T13:06:31.987+0000][info][gc,task        ] GC(1091) Using 24 workers of 68 for evacuation
[2024-08-28T13:06:32.010+0000][info][gc,phases      ] GC(1091)   Pre Evacuate Collection Set: 0.2ms
[2024-08-28T13:06:32.010+0000][info][gc,phases      ] GC(1091)   Merge Heap Roots: 0.4ms
[2024-08-28T13:06:32.010+0000][info][gc,phases      ] GC(1091)   Evacuate Collection Set: 22.2ms
[2024-08-28T13:06:32.010+0000][info][gc,phases      ] GC(1091)   Post Evacuate Collection Set: 0.4ms
[2024-08-28T13:06:32.010+0000][info][gc,phases      ] GC(1091)   Other: 0.2ms
[2024-08-28T13:06:32.010+0000][info][gc,heap        ] GC(1091) Eden regions: 150->0(103)
[2024-08-28T13:06:32.010+0000][info][gc,heap        ] GC(1091) Survivor regions: 0->19(19)
[2024-08-28T13:06:32.010+0000][info][gc,heap        ] GC(1091) Old regions: 444->571
[2024-08-28T13:06:32.010+0000][info][gc,heap        ] GC(1091) Archive regions: 2->2
[2024-08-28T13:06:32.010+0000][info][gc,heap        ] GC(1091) Humongous regions: 5->5
[2024-08-28T13:06:32.010+0000][info][gc,metaspace   ] GC(1091) Metaspace: 100K(320K)->100K(320K) NonClass: 96K(192K)->96K(192K) Class: 4K(128K)->4K(128K)
[2024-08-28T13:06:32.010+0000][info][gc             ] GC(1091) Pause Young (Normal) (G1 Evacuation Pause) 586M->581M(1024M) 23.376ms
[2024-08-28T13:06:32.010+0000][info][gc,cpu         ] GC(1091) User=0.54s Sys=0.00s Real=0.03s
[2024-08-28T13:06:32.071+0000][info][gc,start       ] GC(1092) Pause Young (Normal) (G1 Evacuation Pause)
[2024-08-28T13:06:32.071+0000][info][gc,task        ] GC(1092) Using 24 workers of 68 for evacuation
[2024-08-28T13:06:32.091+0000][info][gc,phases      ] GC(1092)   Pre Evacuate Collection Set: 0.2ms
[2024-08-28T13:06:32.091+0000][info][gc,phases      ] GC(1092)   Merge Heap Roots: 0.4ms
[2024-08-28T13:06:32.091+0000][info][gc,phases      ] GC(1092)   Evacuate Collection Set: 19.4ms
[2024-08-28T13:06:32.091+0000][info][gc,phases      ] GC(1092)   Post Evacuate Collection Set: 0.4ms
[2024-08-28T13:06:32.091+0000][info][gc,phases      ] GC(1092)   Other: 0.2ms
[2024-08-28T13:06:32.091+0000][info][gc,heap        ] GC(1092) Eden regions: 103->0(69)
[2024-08-28T13:06:32.092+0000][info][gc,heap        ] GC(1092) Survivor regions: 19->16(16)
[2024-08-28T13:06:32.092+0000][info][gc,heap        ] GC(1092) Old regions: 571->678
[2024-08-28T13:06:32.092+0000][info][gc,heap        ] GC(1092) Archive regions: 2->2
[2024-08-28T13:06:32.092+0000][info][gc,heap        ] GC(1092) Humongous regions: 5->5
[2024-08-28T13:06:32.092+0000][info][gc,metaspace   ] GC(1092) Metaspace: 100K(320K)->100K(320K) NonClass: 96K(192K)->96K(192K) Class: 4K(128K)->4K(128K)
[2024-08-28T13:06:32.092+0000][info][gc             ] GC(1092) Pause Young (Normal) (G1 Evacuation Pause) 684M->685M(1024M) 20.654ms
[2024-08-28T13:06:32.092+0000][info][gc,cpu         ] GC(1092) User=0.48s Sys=0.00s Real=0.02s
[2024-08-28T13:06:32.131+0000][info][gc,start       ] GC(1093) Pause Young (Concurrent Start) (G1 Evacuation Pause)
[2024-08-28T13:06:32.132+0000][info][gc,task        ] GC(1093) Using 24 workers of 68 for evacuation
[2024-08-28T13:06:32.149+0000][info][gc,phases      ] GC(1093)   Pre Evacuate Collection Set: 0.2ms
[2024-08-28T13:06:32.149+0000][info][gc,phases      ] GC(1093)   Merge Heap Roots: 0.3ms
[2024-08-28T13:06:32.149+0000][info][gc,phases      ] GC(1093)   Evacuate Collection Set: 16.3ms
[2024-08-28T13:06:32.149+0000][info][gc,phases      ] GC(1093)   Post Evacuate Collection Set: 0.3ms
[2024-08-28T13:06:32.149+0000][info][gc,phases      ] GC(1093)   Other: 0.6ms
[2024-08-28T13:06:32.149+0000][info][gc,heap        ] GC(1093) Eden regions: 69->0(46)
[2024-08-28T13:06:32.149+0000][info][gc,heap        ] GC(1093) Survivor regions: 16->11(11)
[2024-08-28T13:06:32.149+0000][info][gc,heap        ] GC(1093) Old regions: 678->756
[2024-08-28T13:06:32.149+0000][info][gc,heap        ] GC(1093) Archive regions: 2->2
[2024-08-28T13:06:32.149+0000][info][gc,heap        ] GC(1093) Humongous regions: 5->5
[2024-08-28T13:06:32.149+0000][info][gc,metaspace   ] GC(1093) Metaspace: 100K(320K)->100K(320K) NonClass: 96K(192K)->96K(192K) Class: 4K(128K)->4K(128K)
[2024-08-28T13:06:32.149+0000][info][gc             ] GC(1093) Pause Young (Concurrent Start) (G1 Evacuation Pause) 754M->758M(1024M) 17.696ms
[2024-08-28T13:06:32.149+0000][info][gc,cpu         ] GC(1093) User=0.40s Sys=0.00s Real=0.01s
[2024-08-28T13:06:32.149+0000][info][gc             ] GC(1094) Concurrent Mark Cycle
[2024-08-28T13:06:32.149+0000][info][gc,marking     ] GC(1094) Concurrent Clear Claimed Marks
[2024-08-28T13:06:32.149+0000][info][gc,marking     ] GC(1094) Concurrent Clear Claimed Marks 0.009ms
[2024-08-28T13:06:32.149+0000][info][gc,marking     ] GC(1094) Concurrent Scan Root Regions
[2024-08-28T13:06:32.152+0000][info][gc,marking     ] GC(1094) Concurrent Scan Root Regions 2.645ms
[2024-08-28T13:06:32.152+0000][info][gc,marking     ] GC(1094) Concurrent Mark
[2024-08-28T13:06:32.152+0000][info][gc,marking     ] GC(1094) Concurrent Mark From Roots
[2024-08-28T13:06:32.152+0000][info][gc,task        ] GC(1094) Using 17 workers of 17 for marking
[2024-08-28T13:06:32.175+0000][info][gc,marking     ] GC(1094) Concurrent Mark From Roots 22.761ms
[2024-08-28T13:06:32.175+0000][info][gc,marking     ] GC(1094) Concurrent Preclean
[2024-08-28T13:06:32.175+0000][info][gc,marking     ] GC(1094) Concurrent Preclean 0.503ms
[2024-08-28T13:06:32.176+0000][info][gc,start       ] GC(1094) Pause Remark
[2024-08-28T13:06:32.177+0000][info][gc             ] GC(1094) Pause Remark 790M->790M(1024M) 1.150ms
[2024-08-28T13:06:32.177+0000][info][gc,cpu         ] GC(1094) User=0.00s Sys=0.01s Real=0.00s
[2024-08-28T13:06:32.177+0000][info][gc,marking     ] GC(1094) Concurrent Mark 24.752ms
[2024-08-28T13:06:32.177+0000][info][gc,marking     ] GC(1094) Concurrent Rebuild Remembered Sets
[2024-08-28T13:06:32.186+0000][info][gc,start       ] GC(1095) Pause Young (Normal) (G1 Evacuation Pause)
[2024-08-28T13:06:32.186+0000][info][gc,task        ] GC(1095) Using 24 workers of 68 for evacuation
[2024-08-28T13:06:32.198+0000][info][gc,phases      ] GC(1095)   Pre Evacuate Collection Set: 0.1ms
[2024-08-28T13:06:32.198+0000][info][gc,phases      ] GC(1095)   Merge Heap Roots: 0.3ms
[2024-08-28T13:06:32.198+0000][info][gc,phases      ] GC(1095)   Evacuate Collection Set: 11.2ms
[2024-08-28T13:06:32.198+0000][info][gc,phases      ] GC(1095)   Post Evacuate Collection Set: 0.4ms
[2024-08-28T13:06:32.198+0000][info][gc,phases      ] GC(1095)   Other: 0.2ms
[2024-08-28T13:06:32.198+0000][info][gc,heap        ] GC(1095) Eden regions: 46->0(43)
[2024-08-28T13:06:32.198+0000][info][gc,heap        ] GC(1095) Survivor regions: 11->8(8)
[2024-08-28T13:06:32.198+0000][info][gc,heap        ] GC(1095) Old regions: 756->810
[2024-08-28T13:06:32.198+0000][info][gc,heap        ] GC(1095) Archive regions: 2->2
[2024-08-28T13:06:32.198+0000][info][gc,heap        ] GC(1095) Humongous regions: 5->5
[2024-08-28T13:06:32.198+0000][info][gc,metaspace   ] GC(1095) Metaspace: 100K(320K)->100K(320K) NonClass: 96K(192K)->96K(192K) Class: 4K(128K)->4K(128K)
[2024-08-28T13:06:32.198+0000][info][gc             ] GC(1095) Pause Young (Normal) (G1 Evacuation Pause) 804M->809M(1024M) 12.324ms
[2024-08-28T13:06:32.198+0000][info][gc,cpu         ] GC(1095) User=0.28s Sys=0.00s Real=0.02s
[2024-08-28T13:06:32.226+0000][info][gc,start       ] GC(1096) Pause Young (Normal) (G1 Evacuation Pause)
[2024-08-28T13:06:32.226+0000][info][gc,task        ] GC(1096) Using 24 workers of 68 for evacuation
[2024-08-28T13:06:32.242+0000][info][gc,phases      ] GC(1096)   Pre Evacuate Collection Set: 0.2ms
[2024-08-28T13:06:32.242+0000][info][gc,phases      ] GC(1096)   Merge Heap Roots: 0.3ms
[2024-08-28T13:06:32.242+0000][info][gc,phases      ] GC(1096)   Evacuate Collection Set: 14.5ms
[2024-08-28T13:06:32.242+0000][info][gc,phases      ] GC(1096)   Post Evacuate Collection Set: 0.5ms
[2024-08-28T13:06:32.242+0000][info][gc,phases      ] GC(1096)   Other: 0.2ms
[2024-08-28T13:06:32.242+0000][info][gc,heap        ] GC(1096) Eden regions: 43->0(44)
[2024-08-28T13:06:32.242+0000][info][gc,heap        ] GC(1096) Survivor regions: 8->7(7)
[2024-08-28T13:06:32.242+0000][info][gc,heap        ] GC(1096) Old regions: 810->858
[2024-08-28T13:06:32.242+0000][info][gc,heap        ] GC(1096) Archive regions: 2->2
[2024-08-28T13:06:32.242+0000][info][gc,heap        ] GC(1096) Humongous regions: 5->5
[2024-08-28T13:06:32.242+0000][info][gc,metaspace   ] GC(1096) Metaspace: 100K(320K)->100K(320K) NonClass: 96K(192K)->96K(192K) Class: 4K(128K)->4K(128K)
[2024-08-28T13:06:32.242+0000][info][gc             ] GC(1096) Pause Young (Normal) (G1 Evacuation Pause) 852M->856M(1024M) 15.764ms
[2024-08-28T13:06:32.242+0000][info][gc,cpu         ] GC(1096) User=0.36s Sys=0.01s Real=0.02s
[2024-08-28T13:06:32.258+0000][info][gc,marking     ] GC(1094) Concurrent Rebuild Remembered Sets 80.982ms
[2024-08-28T13:06:32.258+0000][info][gc,start       ] GC(1094) Pause Cleanup
[2024-08-28T13:06:32.259+0000][info][gc             ] GC(1094) Pause Cleanup 881M->881M(1024M) 1.238ms
[2024-08-28T13:06:32.259+0000][info][gc,cpu         ] GC(1094) User=0.01s Sys=0.00s Real=0.00s
[2024-08-28T13:06:32.259+0000][info][gc,marking     ] GC(1094) Concurrent Cleanup for Next Mark
[2024-08-28T13:06:32.260+0000][info][gc,marking     ] GC(1094) Concurrent Cleanup for Next Mark 0.858ms
[2024-08-28T13:06:32.260+0000][info][gc             ] GC(1094) Concurrent Mark Cycle 110.897ms
[2024-08-28T13:06:32.272+0000][info][gc,start       ] GC(1097) Pause Young (Prepare Mixed) (G1 Evacuation Pause)
[2024-08-28T13:06:32.272+0000][info][gc,task        ] GC(1097) Using 24 workers of 68 for evacuation
[2024-08-28T13:06:32.290+0000][info][gc,phases      ] GC(1097)   Pre Evacuate Collection Set: 0.2ms
[2024-08-28T13:06:32.290+0000][info][gc,phases      ] GC(1097)   Merge Heap Roots: 0.6ms
[2024-08-28T13:06:32.290+0000][info][gc,phases      ] GC(1097)   Evacuate Collection Set: 16.0ms
[2024-08-28T13:06:32.290+0000][info][gc,phases      ] GC(1097)   Post Evacuate Collection Set: 0.3ms
[2024-08-28T13:06:32.290+0000][info][gc,phases      ] GC(1097)   Other: 0.2ms
[2024-08-28T13:06:32.290+0000][info][gc,heap        ] GC(1097) Eden regions: 44->0(44)
[2024-08-28T13:06:32.290+0000][info][gc,heap        ] GC(1097) Survivor regions: 7->7(7)
[2024-08-28T13:06:32.290+0000][info][gc,heap        ] GC(1097) Old regions: 858->904
[2024-08-28T13:06:32.290+0000][info][gc,heap        ] GC(1097) Archive regions: 2->2
[2024-08-28T13:06:32.290+0000][info][gc,heap        ] GC(1097) Humongous regions: 5->5
[2024-08-28T13:06:32.290+0000][info][gc,metaspace   ] GC(1097) Metaspace: 100K(320K)->100K(320K) NonClass: 96K(192K)->96K(192K) Class: 4K(128K)->4K(128K)
[2024-08-28T13:06:32.290+0000][info][gc             ] GC(1097) Pause Young (Prepare Mixed) (G1 Evacuation Pause) 900M->903M(1024M) 17.306ms
[2024-08-28T13:06:32.290+0000][info][gc,cpu         ] GC(1097) User=0.40s Sys=0.00s Real=0.02s
[2024-08-28T13:06:32.316+0000][info][gc,start       ] GC(1098) Pause Young (Mixed) (G1 Evacuation Pause)
[2024-08-28T13:06:32.316+0000][info][gc,task        ] GC(1098) Using 24 workers of 68 for evacuation
[2024-08-28T13:06:32.329+0000][info][gc,phases      ] GC(1098)   Pre Evacuate Collection Set: 0.2ms
[2024-08-28T13:06:32.329+0000][info][gc,phases      ] GC(1098)   Merge Heap Roots: 0.4ms
[2024-08-28T13:06:32.329+0000][info][gc,phases      ] GC(1098)   Evacuate Collection Set: 11.5ms
[2024-08-28T13:06:32.329+0000][info][gc,phases      ] GC(1098)   Post Evacuate Collection Set: 0.4ms
[2024-08-28T13:06:32.329+0000][info][gc,phases      ] GC(1098)   Other: 0.3ms
[2024-08-28T13:06:32.329+0000][info][gc,heap        ] GC(1098) Eden regions: 44->0(44)
[2024-08-28T13:06:32.329+0000][info][gc,heap        ] GC(1098) Survivor regions: 7->7(7)
[2024-08-28T13:06:32.329+0000][info][gc,heap        ] GC(1098) Old regions: 904->848
[2024-08-28T13:06:32.329+0000][info][gc,heap        ] GC(1098) Archive regions: 2->2
[2024-08-28T13:06:32.329+0000][info][gc,heap        ] GC(1098) Humongous regions: 5->5
[2024-08-28T13:06:32.329+0000][info][gc,metaspace   ] GC(1098) Metaspace: 100K(320K)->100K(320K) NonClass: 96K(192K)->96K(192K) Class: 4K(128K)->4K(128K)
[2024-08-28T13:06:32.329+0000][info][gc             ] GC(1098) Pause Young (Mixed) (G1 Evacuation Pause) 947M->854M(1024M) 12.840ms
[2024-08-28T13:06:32.329+0000][info][gc,cpu         ] GC(1098) User=0.28s Sys=0.00s Real=0.01s
[2024-08-28T13:06:32.354+0000][info][gc,start       ] GC(1099) Pause Young (Mixed) (G1 Evacuation Pause)
[2024-08-28T13:06:32.354+0000][info][gc,task        ] GC(1099) Using 24 workers of 68 for evacuation
[2024-08-28T13:06:32.366+0000][info][gc,phases      ] GC(1099)   Pre Evacuate Collection Set: 0.2ms
[2024-08-28T13:06:32.366+0000][info][gc,phases      ] GC(1099)   Merge Heap Roots: 0.4ms
[2024-08-28T13:06:32.366+0000][info][gc,phases      ] GC(1099)   Evacuate Collection Set: 11.1ms
[2024-08-28T13:06:32.366+0000][info][gc,phases      ] GC(1099)   Post Evacuate Collection Set: 0.4ms
[2024-08-28T13:06:32.366+0000][info][gc,phases      ] GC(1099)   Other: 0.2ms
[2024-08-28T13:06:32.366+0000][info][gc,heap        ] GC(1099) Eden regions: 44->0(44)
[2024-08-28T13:06:32.366+0000][info][gc,heap        ] GC(1099) Survivor regions: 7->7(7)
[2024-08-28T13:06:32.366+0000][info][gc,heap        ] GC(1099) Old regions: 848->792
[2024-08-28T13:06:32.367+0000][info][gc,heap        ] GC(1099) Archive regions: 2->2
[2024-08-28T13:06:32.367+0000][info][gc,heap        ] GC(1099) Humongous regions: 5->5
[2024-08-28T13:06:32.367+0000][info][gc,metaspace   ] GC(1099) Metaspace: 100K(320K)->100K(320K) NonClass: 96K(192K)->96K(192K) Class: 4K(128K)->4K(128K)
[2024-08-28T13:06:32.367+0000][info][gc             ] GC(1099) Pause Young (Mixed) (G1 Evacuation Pause) 898M->799M(1024M) 12.499ms
[2024-08-28T13:06:32.367+0000][info][gc,cpu         ] GC(1099) User=0.28s Sys=0.00s Real=0.01s
[2024-08-28T13:06:32.392+0000][info][gc,start       ] GC(1100) Pause Young (Mixed) (G1 Evacuation Pause)
[2024-08-28T13:06:32.392+0000][info][gc,task        ] GC(1100) Using 24 workers of 68 for evacuation
[2024-08-28T13:06:32.404+0000][info][gc,phases      ] GC(1100)   Pre Evacuate Collection Set: 0.2ms
[2024-08-28T13:06:32.404+0000][info][gc,phases      ] GC(1100)   Merge Heap Roots: 0.4ms
[2024-08-28T13:06:32.404+0000][info][gc,phases      ] GC(1100)   Evacuate Collection Set: 10.7ms
[2024-08-28T13:06:32.404+0000][info][gc,phases      ] GC(1100)   Post Evacuate Collection Set: 0.4ms
[2024-08-28T13:06:32.404+0000][info][gc,phases      ] GC(1100)   Other: 0.3ms
[2024-08-28T13:06:32.404+0000][info][gc,heap        ] GC(1100) Eden regions: 44->0(44)
[2024-08-28T13:06:32.404+0000][info][gc,heap        ] GC(1100) Survivor regions: 7->7(7)
[2024-08-28T13:06:32.404+0000][info][gc,heap        ] GC(1100) Old regions: 792->777
[2024-08-28T13:06:32.404+0000][info][gc,heap        ] GC(1100) Archive regions: 2->2
[2024-08-28T13:06:32.404+0000][info][gc,heap        ] GC(1100) Humongous regions: 5->5
[2024-08-28T13:06:32.404+0000][info][gc,metaspace   ] GC(1100) Metaspace: 100K(320K)->100K(320K) NonClass: 96K(192K)->96K(192K) Class: 4K(128K)->4K(128K)
[2024-08-28T13:06:32.404+0000][info][gc             ] GC(1100) Pause Young (Mixed) (G1 Evacuation Pause) 843M->786M(1024M) 12.026ms
[2024-08-28T13:06:32.404+0000][info][gc,cpu         ] GC(1100) User=0.26s Sys=0.00s Real=0.01s
[2024-08-28T13:06:32.429+0000][info][gc,start       ] GC(1101) Pause Young (Concurrent Start) (G1 Evacuation Pause)
[2024-08-28T13:06:32.429+0000][info][gc,task        ] GC(1101) Using 24 workers of 68 for evacuation
[2024-08-28T13:06:32.440+0000][info][gc,phases      ] GC(1101)   Pre Evacuate Collection Set: 0.2ms
[2024-08-28T13:06:32.440+0000][info][gc,phases      ] GC(1101)   Merge Heap Roots: 0.4ms
[2024-08-28T13:06:32.440+0000][info][gc,phases      ] GC(1101)   Evacuate Collection Set: 10.1ms
[2024-08-28T13:06:32.440+0000][info][gc,phases      ] GC(1101)   Post Evacuate Collection Set: 0.4ms
[2024-08-28T13:06:32.441+0000][info][gc,phases      ] GC(1101)   Other: 0.8ms
[2024-08-28T13:06:32.441+0000][info][gc,heap        ] GC(1101) Eden regions: 44->0(44)
[2024-08-28T13:06:32.441+0000][info][gc,heap        ] GC(1101) Survivor regions: 7->7(7)
[2024-08-28T13:06:32.441+0000][info][gc,heap        ] GC(1101) Old regions: 777->825
[2024-08-28T13:06:32.441+0000][info][gc,heap        ] GC(1101) Archive regions: 2->2
[2024-08-28T13:06:32.441+0000][info][gc,heap        ] GC(1101) Humongous regions: 5->5
[2024-08-28T13:06:32.441+0000][info][gc,metaspace   ] GC(1101) Metaspace: 100K(320K)->100K(320K) NonClass: 96K(192K)->96K(192K) Class: 4K(128K)->4K(128K)
[2024-08-28T13:06:32.441+0000][info][gc             ] GC(1101) Pause Young (Concurrent Start) (G1 Evacuation Pause) 830M->833M(1024M) 11.914ms
[2024-08-28T13:06:32.441+0000][info][gc,cpu         ] GC(1101) User=0.25s Sys=0.00s Real=0.02s
[2024-08-28T13:06:32.441+0000][info][gc             ] GC(1102) Concurrent Mark Cycle
[2024-08-28T13:06:32.441+0000][info][gc,marking     ] GC(1102) Concurrent Clear Claimed Marks
[2024-08-28T13:06:32.441+0000][info][gc,marking     ] GC(1102) Concurrent Clear Claimed Marks 0.010ms
[2024-08-28T13:06:32.441+0000][info][gc,marking     ] GC(1102) Concurrent Scan Root Regions
[2024-08-28T13:06:32.442+0000][info][gc,marking     ] GC(1102) Concurrent Scan Root Regions 1.725ms
[2024-08-28T13:06:32.442+0000][info][gc,marking     ] GC(1102) Concurrent Mark
[2024-08-28T13:06:32.443+0000][info][gc,marking     ] GC(1102) Concurrent Mark From Roots
[2024-08-28T13:06:32.443+0000][info][gc,task        ] GC(1102) Using 17 workers of 17 for marking
[2024-08-28T13:06:32.467+0000][info][gc,marking     ] GC(1102) Concurrent Mark From Roots 24.512ms
[2024-08-28T13:06:32.467+0000][info][gc,marking     ] GC(1102) Concurrent Preclean
[2024-08-28T13:06:32.468+0000][info][gc,marking     ] GC(1102) Concurrent Preclean 0.497ms
[2024-08-28T13:06:32.468+0000][info][gc,start       ] GC(1102) Pause Remark
[2024-08-28T13:06:32.469+0000][info][gc             ] GC(1102) Pause Remark 866M->866M(1024M) 1.281ms
[2024-08-28T13:06:32.469+0000][info][gc,cpu         ] GC(1102) User=0.00s Sys=0.00s Real=0.00s
[2024-08-28T13:06:32.469+0000][info][gc,marking     ] GC(1102) Concurrent Mark 26.633ms
[2024-08-28T13:06:32.469+0000][info][gc,marking     ] GC(1102) Concurrent Rebuild Remembered Sets
[2024-08-28T13:06:32.477+0000][info][gc,start       ] GC(1103) Pause Young (Normal) (G1 Evacuation Pause)
[2024-08-28T13:06:32.477+0000][info][gc,task        ] GC(1103) Using 24 workers of 68 for evacuation
[2024-08-28T13:06:32.487+0000][info][gc,phases      ] GC(1103)   Pre Evacuate Collection Set: 0.1ms
[2024-08-28T13:06:32.487+0000][info][gc,phases      ] GC(1103)   Merge Heap Roots: 0.2ms
[2024-08-28T13:06:32.487+0000][info][gc,phases      ] GC(1103)   Evacuate Collection Set: 9.7ms
[2024-08-28T13:06:32.487+0000][info][gc,phases      ] GC(1103)   Post Evacuate Collection Set: 0.4ms
[2024-08-28T13:06:32.487+0000][info][gc,phases      ] GC(1103)   Other: 0.2ms
[2024-08-28T13:06:32.487+0000][info][gc,heap        ] GC(1103) Eden regions: 44->0(44)
[2024-08-28T13:06:32.487+0000][info][gc,heap        ] GC(1103) Survivor regions: 7->7(7)
[2024-08-28T13:06:32.487+0000][info][gc,heap        ] GC(1103) Old regions: 825->872
[2024-08-28T13:06:32.487+0000][info][gc,heap        ] GC(1103) Archive regions: 2->2
[2024-08-28T13:06:32.487+0000][info][gc,heap        ] GC(1103) Humongous regions: 5->5
[2024-08-28T13:06:32.487+0000][info][gc,metaspace   ] GC(1103) Metaspace: 100K(320K)->100K(320K) NonClass: 96K(192K)->96K(192K) Class: 4K(128K)->4K(128K)
[2024-08-28T13:06:32.487+0000][info][gc             ] GC(1103) Pause Young (Normal) (G1 Evacuation Pause) 877M->881M(1024M) 10.683ms
[2024-08-28T13:06:32.487+0000][info][gc,cpu         ] GC(1103) User=0.24s Sys=0.00s Real=0.01s
[2024-08-28T13:06:32.513+0000][info][gc,start       ] GC(1104) Pause Young (Normal) (G1 Evacuation Pause)
[2024-08-28T13:06:32.513+0000][info][gc,task        ] GC(1104) Using 24 workers of 68 for evacuation
[2024-08-28T13:06:32.528+0000][info][gc,phases      ] GC(1104)   Pre Evacuate Collection Set: 0.1ms
[2024-08-28T13:06:32.528+0000][info][gc,phases      ] GC(1104)   Merge Heap Roots: 0.5ms
[2024-08-28T13:06:32.528+0000][info][gc,phases      ] GC(1104)   Evacuate Collection Set: 13.4ms
[2024-08-28T13:06:32.528+0000][info][gc,phases      ] GC(1104)   Post Evacuate Collection Set: 0.5ms
[2024-08-28T13:06:32.528+0000][info][gc,phases      ] GC(1104)   Other: 0.2ms
[2024-08-28T13:06:32.528+0000][info][gc,heap        ] GC(1104) Eden regions: 44->0(44)
[2024-08-28T13:06:32.528+0000][info][gc,heap        ] GC(1104) Survivor regions: 7->7(7)
[2024-08-28T13:06:32.528+0000][info][gc,heap        ] GC(1104) Old regions: 872->919
[2024-08-28T13:06:32.528+0000][info][gc,heap        ] GC(1104) Archive regions: 2->2
[2024-08-28T13:06:32.528+0000][info][gc,heap        ] GC(1104) Humongous regions: 5->5
[2024-08-28T13:06:32.528+0000][info][gc,metaspace   ] GC(1104) Metaspace: 100K(320K)->100K(320K) NonClass: 96K(192K)->96K(192K) Class: 4K(128K)->4K(128K)
[2024-08-28T13:06:32.528+0000][info][gc             ] GC(1104) Pause Young (Normal) (G1 Evacuation Pause) 925M->928M(1024M) 14.835ms
[2024-08-28T13:06:32.528+0000][info][gc,cpu         ] GC(1104) User=0.33s Sys=0.01s Real=0.01s
[2024-08-28T13:06:32.551+0000][info][gc,marking     ] GC(1102) Concurrent Rebuild Remembered Sets 81.403ms
[2024-08-28T13:06:32.551+0000][info][gc,start       ] GC(1102) Pause Cleanup
[2024-08-28T13:06:32.552+0000][info][gc             ] GC(1102) Pause Cleanup 965M->965M(1024M) 1.627ms
[2024-08-28T13:06:32.552+0000][info][gc,cpu         ] GC(1102) User=0.01s Sys=0.00s Real=0.00s
[2024-08-28T13:06:32.552+0000][info][gc,marking     ] GC(1102) Concurrent Cleanup for Next Mark
[2024-08-28T13:06:32.553+0000][info][gc,marking     ] GC(1102) Concurrent Cleanup for Next Mark 0.859ms
[2024-08-28T13:06:32.553+0000][info][gc             ] GC(1102) Concurrent Mark Cycle 112.701ms
[2024-08-28T13:06:32.555+0000][info][gc,start       ] GC(1105) Pause Young (Prepare Mixed) (G1 Preventive Collection)
[2024-08-28T13:06:32.555+0000][info][gc,task        ] GC(1105) Using 24 workers of 68 for evacuation
[2024-08-28T13:06:32.572+0000][info][gc,phases      ] GC(1105)   Pre Evacuate Collection Set: 0.2ms
[2024-08-28T13:06:32.572+0000][info][gc,phases      ] GC(1105)   Merge Heap Roots: 0.6ms
[2024-08-28T13:06:32.572+0000][info][gc,phases      ] GC(1105)   Evacuate Collection Set: 14.9ms
[2024-08-28T13:06:32.572+0000][info][gc,phases      ] GC(1105)   Post Evacuate Collection Set: 0.3ms
[2024-08-28T13:06:32.572+0000][info][gc,phases      ] GC(1105)   Other: 0.2ms
[2024-08-28T13:06:32.572+0000][info][gc,heap        ] GC(1105) Eden regions: 40->0(44)
[2024-08-28T13:06:32.572+0000][info][gc,heap        ] GC(1105) Survivor regions: 7->7(7)
[2024-08-28T13:06:32.572+0000][info][gc,heap        ] GC(1105) Old regions: 919->962
[2024-08-28T13:06:32.572+0000][info][gc,heap        ] GC(1105) Archive regions: 2->2
[2024-08-28T13:06:32.572+0000][info][gc,heap        ] GC(1105) Humongous regions: 5->5
[2024-08-28T13:06:32.572+0000][info][gc,metaspace   ] GC(1105) Metaspace: 100K(320K)->100K(320K) NonClass: 96K(192K)->96K(192K) Class: 4K(128K)->4K(128K)
[2024-08-28T13:06:32.572+0000][info][gc             ] GC(1105) Pause Young (Prepare Mixed) (G1 Preventive Collection) 968M->971M(1024M) 16.186ms
[2024-08-28T13:06:32.572+0000][info][gc,cpu         ] GC(1105) User=0.38s Sys=0.00s Real=0.02s
[2024-08-28T13:06:32.583+0000][info][gc,start       ] GC(1106) Pause Young (Mixed) (G1 Preventive Collection)
[2024-08-28T13:06:32.583+0000][info][gc,task        ] GC(1106) Using 24 workers of 68 for evacuation
[2024-08-28T13:06:32.591+0000][info][gc             ] GC(1106) To-space exhausted
[2024-08-28T13:06:32.591+0000][info][gc,phases      ] GC(1106)   Pre Evacuate Collection Set: 0.2ms
[2024-08-28T13:06:32.591+0000][info][gc,phases      ] GC(1106)   Merge Heap Roots: 0.2ms
[2024-08-28T13:06:32.591+0000][info][gc,phases      ] GC(1106)   Evacuate Collection Set: 6.8ms
[2024-08-28T13:06:32.591+0000][info][gc,phases      ] GC(1106)   Post Evacuate Collection Set: 0.7ms
[2024-08-28T13:06:32.591+0000][info][gc,phases      ] GC(1106)   Other: 0.2ms
[2024-08-28T13:06:32.591+0000][info][gc,heap        ] GC(1106) Eden regions: 19->0(44)
[2024-08-28T13:06:32.591+0000][info][gc,heap        ] GC(1106) Survivor regions: 7->7(7)
[2024-08-28T13:06:32.591+0000][info][gc,heap        ] GC(1106) Old regions: 962->911
[2024-08-28T13:06:32.591+0000][info][gc,heap        ] GC(1106) Archive regions: 2->2
[2024-08-28T13:06:32.591+0000][info][gc,heap        ] GC(1106) Humongous regions: 5->5
[2024-08-28T13:06:32.591+0000][info][gc,metaspace   ] GC(1106) Metaspace: 100K(320K)->100K(320K) NonClass: 96K(192K)->96K(192K) Class: 4K(128K)->4K(128K)
[2024-08-28T13:06:32.591+0000][info][gc             ] GC(1106) Pause Young (Mixed) (G1 Preventive Collection) 990M->922M(1024M) 8.128ms
[2024-08-28T13:06:32.591+0000][info][gc,cpu         ] GC(1106) User=0.17s Sys=0.00s Real=0.01s
[2024-08-28T13:06:32.615+0000][info][gc,start       ] GC(1107) Pause Young (Mixed) (G1 Preventive Collection)
[2024-08-28T13:06:32.615+0000][info][gc,task        ] GC(1107) Using 24 workers of 68 for evacuation
[2024-08-28T13:06:32.626+0000][info][gc,phases      ] GC(1107)   Pre Evacuate Collection Set: 0.2ms
[2024-08-28T13:06:32.626+0000][info][gc,phases      ] GC(1107)   Merge Heap Roots: 0.4ms
[2024-08-28T13:06:32.626+0000][info][gc,phases      ] GC(1107)   Evacuate Collection Set: 10.6ms
[2024-08-28T13:06:32.626+0000][info][gc,phases      ] GC(1107)   Post Evacuate Collection Set: 0.4ms
[2024-08-28T13:06:32.626+0000][info][gc,phases      ] GC(1107)   Other: 0.2ms
[2024-08-28T13:06:32.626+0000][info][gc,heap        ] GC(1107) Eden regions: 43->0(44)
[2024-08-28T13:06:32.626+0000][info][gc,heap        ] GC(1107) Survivor regions: 7->7(7)
[2024-08-28T13:06:32.626+0000][info][gc,heap        ] GC(1107) Old regions: 911->853
[2024-08-28T13:06:32.626+0000][info][gc,heap        ] GC(1107) Archive regions: 2->2
[2024-08-28T13:06:32.626+0000][info][gc,heap        ] GC(1107) Humongous regions: 5->5
[2024-08-28T13:06:32.626+0000][info][gc,metaspace   ] GC(1107) Metaspace: 100K(320K)->100K(320K) NonClass: 96K(192K)->96K(192K) Class: 4K(128K)->4K(128K)
[2024-08-28T13:06:32.626+0000][info][gc             ] GC(1107) Pause Young (Mixed) (G1 Preventive Collection) 965M->864M(1024M) 11.957ms
[2024-08-28T13:06:32.626+0000][info][gc,cpu         ] GC(1107) User=0.26s Sys=0.00s Real=0.01s
[2024-08-28T13:06:32.650+0000][info][gc,start       ] GC(1108) Pause Young (Mixed) (G1 Evacuation Pause)
[2024-08-28T13:06:32.650+0000][info][gc,task        ] GC(1108) Using 24 workers of 68 for evacuation
[2024-08-28T13:06:32.662+0000][info][gc,phases      ] GC(1108)   Pre Evacuate Collection Set: 0.2ms
[2024-08-28T13:06:32.662+0000][info][gc,phases      ] GC(1108)   Merge Heap Roots: 0.3ms
[2024-08-28T13:06:32.662+0000][info][gc,phases      ] GC(1108)   Evacuate Collection Set: 10.9ms
[2024-08-28T13:06:32.662+0000][info][gc,phases      ] GC(1108)   Post Evacuate Collection Set: 0.4ms
[2024-08-28T13:06:32.662+0000][info][gc,phases      ] GC(1108)   Other: 0.2ms
[2024-08-28T13:06:32.662+0000][info][gc,heap        ] GC(1108) Eden regions: 44->0(44)
[2024-08-28T13:06:32.662+0000][info][gc,heap        ] GC(1108) Survivor regions: 7->7(7)
[2024-08-28T13:06:32.662+0000][info][gc,heap        ] GC(1108) Old regions: 853->797
[2024-08-28T13:06:32.662+0000][info][gc,heap        ] GC(1108) Archive regions: 2->2
[2024-08-28T13:06:32.662+0000][info][gc,heap        ] GC(1108) Humongous regions: 5->5
[2024-08-28T13:06:32.662+0000][info][gc,metaspace   ] GC(1108) Metaspace: 100K(320K)->100K(320K) NonClass: 96K(192K)->96K(192K) Class: 4K(128K)->4K(128K)
[2024-08-28T13:06:32.662+0000][info][gc             ] GC(1108) Pause Young (Mixed) (G1 Evacuation Pause) 908M->809M(1024M) 12.163ms
[2024-08-28T13:06:32.662+0000][info][gc,cpu         ] GC(1108) User=0.27s Sys=0.00s Real=0.01s
[2024-08-28T13:06:32.685+0000][info][gc,start       ] GC(1109) Pause Young (Mixed) (G1 Evacuation Pause)
[2024-08-28T13:06:32.685+0000][info][gc,task        ] GC(1109) Using 24 workers of 68 for evacuation
[2024-08-28T13:06:32.698+0000][info][gc,phases      ] GC(1109)   Pre Evacuate Collection Set: 0.2ms
[2024-08-28T13:06:32.698+0000][info][gc,phases      ] GC(1109)   Merge Heap Roots: 0.4ms
[2024-08-28T13:06:32.698+0000][info][gc,phases      ] GC(1109)   Evacuate Collection Set: 11.9ms
[2024-08-28T13:06:32.698+0000][info][gc,phases      ] GC(1109)   Post Evacuate Collection Set: 0.3ms
[2024-08-28T13:06:32.698+0000][info][gc,phases      ] GC(1109)   Other: 0.2ms
[2024-08-28T13:06:32.698+0000][info][gc,heap        ] GC(1109) Eden regions: 44->0(44)
[2024-08-28T13:06:32.698+0000][info][gc,heap        ] GC(1109) Survivor regions: 7->7(7)
[2024-08-28T13:06:32.698+0000][info][gc,heap        ] GC(1109) Old regions: 797->814
[2024-08-28T13:06:32.698+0000][info][gc,heap        ] GC(1109) Archive regions: 2->2
[2024-08-28T13:06:32.698+0000][info][gc,heap        ] GC(1109) Humongous regions: 5->5
[2024-08-28T13:06:32.698+0000][info][gc,metaspace   ] GC(1109) Metaspace: 100K(320K)->100K(320K) NonClass: 96K(192K)->96K(192K) Class: 4K(128K)->4K(128K)
[2024-08-28T13:06:32.698+0000][info][gc             ] GC(1109) Pause Young (Mixed) (G1 Evacuation Pause) 853M->826M(1024M) 13.120ms
[2024-08-28T13:06:32.698+0000][info][gc,cpu         ] GC(1109) User=0.29s Sys=0.01s Real=0.02s
[2024-08-28T13:06:32.722+0000][info][gc,start       ] GC(1110) Pause Young (Concurrent Start) (G1 Evacuation Pause)
[2024-08-28T13:06:32.722+0000][info][gc,task        ] GC(1110) Using 24 workers of 68 for evacuation
[2024-08-28T13:06:32.734+0000][info][gc,phases      ] GC(1110)   Pre Evacuate Collection Set: 0.1ms
[2024-08-28T13:06:32.734+0000][info][gc,phases      ] GC(1110)   Merge Heap Roots: 0.4ms
[2024-08-28T13:06:32.734+0000][info][gc,phases      ] GC(1110)   Evacuate Collection Set: 10.3ms
[2024-08-28T13:06:32.734+0000][info][gc,phases      ] GC(1110)   Post Evacuate Collection Set: 0.4ms
[2024-08-28T13:06:32.734+0000][info][gc,phases      ] GC(1110)   Other: 0.6ms
[2024-08-28T13:06:32.734+0000][info][gc,heap        ] GC(1110) Eden regions: 44->0(44)
[2024-08-28T13:06:32.734+0000][info][gc,heap        ] GC(1110) Survivor regions: 7->7(7)
[2024-08-28T13:06:32.734+0000][info][gc,heap        ] GC(1110) Old regions: 814->861
[2024-08-28T13:06:32.734+0000][info][gc,heap        ] GC(1110) Archive regions: 2->2
[2024-08-28T13:06:32.734+0000][info][gc,heap        ] GC(1110) Humongous regions: 5->5
[2024-08-28T13:06:32.734+0000][info][gc,metaspace   ] GC(1110) Metaspace: 100K(320K)->100K(320K) NonClass: 96K(192K)->96K(192K) Class: 4K(128K)->4K(128K)
[2024-08-28T13:06:32.734+0000][info][gc             ] GC(1110) Pause Young (Concurrent Start) (G1 Evacuation Pause) 870M->873M(1024M) 11.816ms
[2024-08-28T13:06:32.734+0000][info][gc,cpu         ] GC(1110) User=0.24s Sys=0.01s Real=0.01s
[2024-08-28T13:06:32.734+0000][info][gc             ] GC(1111) Concurrent Mark Cycle
[2024-08-28T13:06:32.734+0000][info][gc,marking     ] GC(1111) Concurrent Clear Claimed Marks
[2024-08-28T13:06:32.734+0000][info][gc,marking     ] GC(1111) Concurrent Clear Claimed Marks 0.009ms
[2024-08-28T13:06:32.734+0000][info][gc,marking     ] GC(1111) Concurrent Scan Root Regions
[2024-08-28T13:06:32.736+0000][info][gc,marking     ] GC(1111) Concurrent Scan Root Regions 1.718ms
[2024-08-28T13:06:32.736+0000][info][gc,marking     ] GC(1111) Concurrent Mark
[2024-08-28T13:06:32.736+0000][info][gc,marking     ] GC(1111) Concurrent Mark From Roots
[2024-08-28T13:06:32.736+0000][info][gc,task        ] GC(1111) Using 17 workers of 17 for marking
[2024-08-28T13:06:32.760+0000][info][gc,marking     ] GC(1111) Concurrent Mark From Roots 24.791ms
[2024-08-28T13:06:32.760+0000][info][gc,marking     ] GC(1111) Concurrent Preclean
[2024-08-28T13:06:32.761+0000][info][gc,marking     ] GC(1111) Concurrent Preclean 0.497ms
[2024-08-28T13:06:32.761+0000][info][gc,start       ] GC(1111) Pause Remark
[2024-08-28T13:06:32.763+0000][info][gc             ] GC(1111) Pause Remark 907M->896M(1024M) 1.353ms
[2024-08-28T13:06:32.763+0000][info][gc,cpu         ] GC(1111) User=0.00s Sys=0.01s Real=0.00s
[2024-08-28T13:06:32.763+0000][info][gc,marking     ] GC(1111) Concurrent Mark 27.013ms
[2024-08-28T13:06:32.763+0000][info][gc,marking     ] GC(1111) Concurrent Rebuild Remembered Sets
[2024-08-28T13:06:32.769+0000][info][gc,start       ] GC(1112) Pause Young (Normal) (G1 Evacuation Pause)
[2024-08-28T13:06:32.769+0000][info][gc,task        ] GC(1112) Using 24 workers of 68 for evacuation
[2024-08-28T13:06:32.780+0000][info][gc,phases      ] GC(1112)   Pre Evacuate Collection Set: 0.1ms
[2024-08-28T13:06:32.780+0000][info][gc,phases      ] GC(1112)   Merge Heap Roots: 0.4ms
[2024-08-28T13:06:32.780+0000][info][gc,phases      ] GC(1112)   Evacuate Collection Set: 9.8ms
[2024-08-28T13:06:32.780+0000][info][gc,phases      ] GC(1112)   Post Evacuate Collection Set: 0.4ms
[2024-08-28T13:06:32.780+0000][info][gc,phases      ] GC(1112)   Other: 0.2ms
[2024-08-28T13:06:32.780+0000][info][gc,heap        ] GC(1112) Eden regions: 44->0(44)
[2024-08-28T13:06:32.780+0000][info][gc,heap        ] GC(1112) Survivor regions: 7->7(7)
[2024-08-28T13:06:32.780+0000][info][gc,heap        ] GC(1112) Old regions: 850->897
[2024-08-28T13:06:32.780+0000][info][gc,heap        ] GC(1112) Archive regions: 2->2
[2024-08-28T13:06:32.780+0000][info][gc,heap        ] GC(1112) Humongous regions: 5->5
[2024-08-28T13:06:32.780+0000][info][gc,metaspace   ] GC(1112) Metaspace: 100K(320K)->100K(320K) NonClass: 96K(192K)->96K(192K) Class: 4K(128K)->4K(128K)
[2024-08-28T13:06:32.780+0000][info][gc             ] GC(1112) Pause Young (Normal) (G1 Evacuation Pause) 906M->909M(1024M) 10.965ms
[2024-08-28T13:06:32.780+0000][info][gc,cpu         ] GC(1112) User=0.24s Sys=0.00s Real=0.02s
[2024-08-28T13:06:32.808+0000][info][gc,start       ] GC(1113) Pause Young (Normal) (G1 Evacuation Pause)
[2024-08-28T13:06:32.808+0000][info][gc,task        ] GC(1113) Using 24 workers of 68 for evacuation
[2024-08-28T13:06:32.824+0000][info][gc,phases      ] GC(1113)   Pre Evacuate Collection Set: 0.2ms
[2024-08-28T13:06:32.824+0000][info][gc,phases      ] GC(1113)   Merge Heap Roots: 0.5ms
[2024-08-28T13:06:32.824+0000][info][gc,phases      ] GC(1113)   Evacuate Collection Set: 14.0ms
[2024-08-28T13:06:32.824+0000][info][gc,phases      ] GC(1113)   Post Evacuate Collection Set: 0.5ms
[2024-08-28T13:06:32.824+0000][info][gc,phases      ] GC(1113)   Other: 0.2ms
[2024-08-28T13:06:32.824+0000][info][gc,heap        ] GC(1113) Eden regions: 44->0(44)
[2024-08-28T13:06:32.824+0000][info][gc,heap        ] GC(1113) Survivor regions: 7->7(7)
[2024-08-28T13:06:32.824+0000][info][gc,heap        ] GC(1113) Old regions: 897->943
[2024-08-28T13:06:32.824+0000][info][gc,heap        ] GC(1113) Archive regions: 2->2
[2024-08-28T13:06:32.824+0000][info][gc,heap        ] GC(1113) Humongous regions: 5->5
[2024-08-28T13:06:32.824+0000][info][gc,metaspace   ] GC(1113) Metaspace: 100K(320K)->100K(320K) NonClass: 96K(192K)->96K(192K) Class: 4K(128K)->4K(128K)
[2024-08-28T13:06:32.824+0000][info][gc             ] GC(1113) Pause Young (Normal) (G1 Evacuation Pause) 953M->955M(1024M) 15.438ms
[2024-08-28T13:06:32.824+0000][info][gc,cpu         ] GC(1113) User=0.35s Sys=0.00s Real=0.02s
[2024-08-28T13:06:32.844+0000][info][gc,start       ] GC(1114) Pause Young (Normal) (G1 Preventive Collection)
[2024-08-28T13:06:32.844+0000][info][gc,task        ] GC(1114) Using 24 workers of 68 for evacuation
[2024-08-28T13:06:32.858+0000][info][gc,phases      ] GC(1114)   Pre Evacuate Collection Set: 0.1ms
[2024-08-28T13:06:32.858+0000][info][gc,phases      ] GC(1114)   Merge Heap Roots: 0.5ms
[2024-08-28T13:06:32.858+0000][info][gc,phases      ] GC(1114)   Evacuate Collection Set: 12.7ms
[2024-08-28T13:06:32.858+0000][info][gc,phases      ] GC(1114)   Post Evacuate Collection Set: 0.6ms
[2024-08-28T13:06:32.858+0000][info][gc,phases      ] GC(1114)   Other: 0.2ms
[2024-08-28T13:06:32.858+0000][info][gc,heap        ] GC(1114) Eden regions: 28->0(44)
[2024-08-28T13:06:32.858+0000][info][gc,heap        ] GC(1114) Survivor regions: 7->7(7)
[2024-08-28T13:06:32.858+0000][info][gc,heap        ] GC(1114) Old regions: 943->975
[2024-08-28T13:06:32.858+0000][info][gc,heap        ] GC(1114) Archive regions: 2->2
[2024-08-28T13:06:32.858+0000][info][gc,heap        ] GC(1114) Humongous regions: 5->5
[2024-08-28T13:06:32.858+0000][info][gc,metaspace   ] GC(1114) Metaspace: 100K(320K)->100K(320K) NonClass: 96K(192K)->96K(192K) Class: 4K(128K)->4K(128K)
[2024-08-28T13:06:32.858+0000][info][gc             ] GC(1114) Pause Young (Normal) (G1 Preventive Collection) 983M->987M(1024M) 14.295ms
[2024-08-28T13:06:32.858+0000][info][gc,cpu         ] GC(1114) User=0.33s Sys=0.00s Real=0.02s
[2024-08-28T13:06:32.859+0000][info][gc,marking     ] GC(1111) Concurrent Rebuild Remembered Sets 96.559ms
[2024-08-28T13:06:32.859+0000][info][gc,start       ] GC(1111) Pause Cleanup
[2024-08-28T13:06:32.861+0000][info][gc             ] GC(1111) Pause Cleanup 989M->989M(1024M) 1.544ms
[2024-08-28T13:06:32.861+0000][info][gc,cpu         ] GC(1111) User=0.01s Sys=0.00s Real=0.00s
[2024-08-28T13:06:32.861+0000][info][gc,marking     ] GC(1111) Concurrent Cleanup for Next Mark
[2024-08-28T13:06:32.862+0000][info][gc,marking     ] GC(1111) Concurrent Cleanup for Next Mark 0.713ms
[2024-08-28T13:06:32.862+0000][info][gc             ] GC(1111) Concurrent Mark Cycle 128.000ms
[2024-08-28T13:06:32.868+0000][info][gc,start       ] GC(1115) Pause Young (Prepare Mixed) (G1 Preventive Collection)
[2024-08-28T13:06:32.868+0000][info][gc,task        ] GC(1115) Using 24 workers of 68 for evacuation
[2024-08-28T13:06:32.880+0000][info][gc,phases      ] GC(1115)   Pre Evacuate Collection Set: 0.1ms
[2024-08-28T13:06:32.880+0000][info][gc,phases      ] GC(1115)   Merge Heap Roots: 0.4ms
[2024-08-28T13:06:32.880+0000][info][gc,phases      ] GC(1115)   Evacuate Collection Set: 11.1ms
[2024-08-28T13:06:32.880+0000][info][gc,phases      ] GC(1115)   Post Evacuate Collection Set: 0.3ms
[2024-08-28T13:06:32.880+0000][info][gc,phases      ] GC(1115)   Other: 0.2ms
[2024-08-28T13:06:32.880+0000][info][gc,heap        ] GC(1115) Eden regions: 13->0(44)
[2024-08-28T13:06:32.880+0000][info][gc,heap        ] GC(1115) Survivor regions: 7->7(7)
[2024-08-28T13:06:32.880+0000][info][gc,heap        ] GC(1115) Old regions: 975->990
[2024-08-28T13:06:32.880+0000][info][gc,heap        ] GC(1115) Archive regions: 2->2
[2024-08-28T13:06:32.880+0000][info][gc,heap        ] GC(1115) Humongous regions: 5->5
[2024-08-28T13:06:32.880+0000][info][gc,metaspace   ] GC(1115) Metaspace: 100K(320K)->100K(320K) NonClass: 96K(192K)->96K(192K) Class: 4K(128K)->4K(128K)
[2024-08-28T13:06:32.880+0000][info][gc             ] GC(1115) Pause Young (Prepare Mixed) (G1 Preventive Collection) 1000M->1002M(1024M) 12.147ms
[2024-08-28T13:06:32.880+0000][info][gc,cpu         ] GC(1115) User=0.27s Sys=0.00s Real=0.02s
[2024-08-28T13:06:32.883+0000][info][gc,start       ] GC(1116) Pause Young (Mixed) (G1 Preventive Collection)
[2024-08-28T13:06:32.883+0000][info][gc,task        ] GC(1116) Using 24 workers of 68 for evacuation
[2024-08-28T13:06:32.888+0000][info][gc,phases      ] GC(1116)   Pre Evacuate Collection Set: 0.2ms
[2024-08-28T13:06:32.888+0000][info][gc,phases      ] GC(1116)   Merge Heap Roots: 0.3ms
[2024-08-28T13:06:32.888+0000][info][gc,phases      ] GC(1116)   Evacuate Collection Set: 3.2ms
[2024-08-28T13:06:32.888+0000][info][gc,phases      ] GC(1116)   Post Evacuate Collection Set: 0.3ms
[2024-08-28T13:06:32.888+0000][info][gc,phases      ] GC(1116)   Other: 0.2ms
[2024-08-28T13:06:32.888+0000][info][gc,heap        ] GC(1116) Eden regions: 5->0(45)
[2024-08-28T13:06:32.888+0000][info][gc,heap        ] GC(1116) Survivor regions: 7->6(7)
[2024-08-28T13:06:32.888+0000][info][gc,heap        ] GC(1116) Old regions: 990->896
[2024-08-28T13:06:32.888+0000][info][gc,heap        ] GC(1116) Archive regions: 2->2
[2024-08-28T13:06:32.888+0000][info][gc,heap        ] GC(1116) Humongous regions: 5->5
[2024-08-28T13:06:32.888+0000][info][gc,metaspace   ] GC(1116) Metaspace: 100K(320K)->100K(320K) NonClass: 96K(192K)->96K(192K) Class: 4K(128K)->4K(128K)
[2024-08-28T13:06:32.888+0000][info][gc             ] GC(1116) Pause Young (Mixed) (G1 Preventive Collection) 1007M->907M(1024M) 4.206ms
[2024-08-28T13:06:32.888+0000][info][gc,cpu         ] GC(1116) User=0.08s Sys=0.00s Real=0.00s
[2024-08-28T13:06:32.912+0000][info][gc,start       ] GC(1117) Pause Young (Mixed) (G1 Evacuation Pause)
[2024-08-28T13:06:32.912+0000][info][gc,task        ] GC(1117) Using 24 workers of 68 for evacuation
[2024-08-28T13:06:32.923+0000][info][gc,phases      ] GC(1117)   Pre Evacuate Collection Set: 0.2ms
[2024-08-28T13:06:32.923+0000][info][gc,phases      ] GC(1117)   Merge Heap Roots: 0.3ms
[2024-08-28T13:06:32.923+0000][info][gc,phases      ] GC(1117)   Evacuate Collection Set: 9.7ms
[2024-08-28T13:06:32.923+0000][info][gc,phases      ] GC(1117)   Post Evacuate Collection Set: 0.4ms
[2024-08-28T13:06:32.923+0000][info][gc,phases      ] GC(1117)   Other: 0.2ms
[2024-08-28T13:06:32.923+0000][info][gc,heap        ] GC(1117) Eden regions: 45->0(44)
[2024-08-28T13:06:32.923+0000][info][gc,heap        ] GC(1117) Survivor regions: 6->7(7)
[2024-08-28T13:06:32.923+0000][info][gc,heap        ] GC(1117) Old regions: 896->836
[2024-08-28T13:06:32.923+0000][info][gc,heap        ] GC(1117) Archive regions: 2->2
[2024-08-28T13:06:32.923+0000][info][gc,heap        ] GC(1117) Humongous regions: 5->5
[2024-08-28T13:06:32.923+0000][info][gc,metaspace   ] GC(1117) Metaspace: 100K(320K)->100K(320K) NonClass: 96K(192K)->96K(192K) Class: 4K(128K)->4K(128K)
[2024-08-28T13:06:32.923+0000][info][gc             ] GC(1117) Pause Young (Mixed) (G1 Evacuation Pause) 952M->848M(1024M) 10.906ms
[2024-08-28T13:06:32.923+0000][info][gc,cpu         ] GC(1117) User=0.24s Sys=0.00s Real=0.01s
[2024-08-28T13:06:32.947+0000][info][gc,start       ] GC(1118) Pause Young (Mixed) (G1 Evacuation Pause)
[2024-08-28T13:06:32.947+0000][info][gc,task        ] GC(1118) Using 24 workers of 68 for evacuation
[2024-08-28T13:06:32.958+0000][info][gc,phases      ] GC(1118)   Pre Evacuate Collection Set: 0.2ms
[2024-08-28T13:06:32.958+0000][info][gc,phases      ] GC(1118)   Merge Heap Roots: 0.4ms
[2024-08-28T13:06:32.958+0000][info][gc,phases      ] GC(1118)   Evacuate Collection Set: 10.1ms
[2024-08-28T13:06:32.958+0000][info][gc,phases      ] GC(1118)   Post Evacuate Collection Set: 0.4ms
[2024-08-28T13:06:32.958+0000][info][gc,phases      ] GC(1118)   Other: 0.2ms
[2024-08-28T13:06:32.958+0000][info][gc,heap        ] GC(1118) Eden regions: 44->0(44)
[2024-08-28T13:06:32.958+0000][info][gc,heap        ] GC(1118) Survivor regions: 7->7(7)
[2024-08-28T13:06:32.958+0000][info][gc,heap        ] GC(1118) Old regions: 836->779
[2024-08-28T13:06:32.958+0000][info][gc,heap        ] GC(1118) Archive regions: 2->2
[2024-08-28T13:06:32.958+0000][info][gc,heap        ] GC(1118) Humongous regions: 5->5
[2024-08-28T13:06:32.958+0000][info][gc,metaspace   ] GC(1118) Metaspace: 100K(320K)->100K(320K) NonClass: 96K(192K)->96K(192K) Class: 4K(128K)->4K(128K)
[2024-08-28T13:06:32.958+0000][info][gc             ] GC(1118) Pause Young (Mixed) (G1 Evacuation Pause) 892M->791M(1024M) 11.477ms
[2024-08-28T13:06:32.958+0000][info][gc,cpu         ] GC(1118) User=0.26s Sys=0.00s Real=0.02s
[2024-08-28T13:06:32.983+0000][info][gc,start       ] GC(1119) Pause Young (Mixed) (G1 Evacuation Pause)
[2024-08-28T13:06:32.983+0000][info][gc,task        ] GC(1119) Using 24 workers of 68 for evacuation
[2024-08-28T13:06:32.994+0000][info][gc,phases      ] GC(1119)   Pre Evacuate Collection Set: 0.2ms
[2024-08-28T13:06:32.995+0000][info][gc,phases      ] GC(1119)   Merge Heap Roots: 0.3ms
[2024-08-28T13:06:32.995+0000][info][gc,phases      ] GC(1119)   Evacuate Collection Set: 10.9ms
[2024-08-28T13:06:32.995+0000][info][gc,phases      ] GC(1119)   Post Evacuate Collection Set: 0.4ms
[2024-08-28T13:06:32.995+0000][info][gc,phases      ] GC(1119)   Other: 0.3ms
[2024-08-28T13:06:32.995+0000][info][gc,heap        ] GC(1119) Eden regions: 44->0(44)
[2024-08-28T13:06:32.995+0000][info][gc,heap        ] GC(1119) Survivor regions: 7->7(7)
[2024-08-28T13:06:32.995+0000][info][gc,heap        ] GC(1119) Old regions: 779->779
[2024-08-28T13:06:32.995+0000][info][gc,heap        ] GC(1119) Archive regions: 2->2
[2024-08-28T13:06:32.995+0000][info][gc,heap        ] GC(1119) Humongous regions: 5->5
[2024-08-28T13:06:32.995+0000][info][gc,metaspace   ] GC(1119) Metaspace: 100K(320K)->100K(320K) NonClass: 96K(192K)->96K(192K) Class: 4K(128K)->4K(128K)
[2024-08-28T13:06:32.995+0000][info][gc             ] GC(1119) Pause Young (Mixed) (G1 Evacuation Pause) 835M->791M(1024M) 12.157ms
[2024-08-28T13:06:32.995+0000][info][gc,cpu         ] GC(1119) User=0.27s Sys=0.00s Real=0.01s
[2024-08-28T13:06:33.020+0000][info][gc,start       ] GC(1120) Pause Young (Concurrent Start) (G1 Evacuation Pause)
[2024-08-28T13:06:33.020+0000][info][gc,task        ] GC(1120) Using 24 workers of 68 for evacuation
[2024-08-28T13:06:33.031+0000][info][gc,phases      ] GC(1120)   Pre Evacuate Collection Set: 0.2ms
[2024-08-28T13:06:33.031+0000][info][gc,phases      ] GC(1120)   Merge Heap Roots: 0.2ms
[2024-08-28T13:06:33.031+0000][info][gc,phases      ] GC(1120)   Evacuate Collection Set: 10.3ms
[2024-08-28T13:06:33.031+0000][info][gc,phases      ] GC(1120)   Post Evacuate Collection Set: 0.4ms
[2024-08-28T13:06:33.031+0000][info][gc,phases      ] GC(1120)   Other: 0.6ms
[2024-08-28T13:06:33.031+0000][info][gc,heap        ] GC(1120) Eden regions: 44->0(44)
[2024-08-28T13:06:33.031+0000][info][gc,heap        ] GC(1120) Survivor regions: 7->7(7)
[2024-08-28T13:06:33.031+0000][info][gc,heap        ] GC(1120) Old regions: 779->826
[2024-08-28T13:06:33.031+0000][info][gc,heap        ] GC(1120) Archive regions: 2->2
[2024-08-28T13:06:33.031+0000][info][gc,heap        ] GC(1120) Humongous regions: 5->5
[2024-08-28T13:06:33.031+0000][info][gc,metaspace   ] GC(1120) Metaspace: 100K(320K)->100K(320K) NonClass: 96K(192K)->96K(192K) Class: 4K(128K)->4K(128K)
[2024-08-28T13:06:33.031+0000][info][gc             ] GC(1120) Pause Young (Concurrent Start) (G1 Evacuation Pause) 835M->838M(1024M) 11.764ms
[2024-08-28T13:06:33.031+0000][info][gc,cpu         ] GC(1120) User=0.25s Sys=0.00s Real=0.01s
[2024-08-28T13:06:33.031+0000][info][gc             ] GC(1121) Concurrent Mark Cycle
[2024-08-28T13:06:33.032+0000][info][gc,marking     ] GC(1121) Concurrent Clear Claimed Marks
[2024-08-28T13:06:33.032+0000][info][gc,marking     ] GC(1121) Concurrent Clear Claimed Marks 0.012ms
[2024-08-28T13:06:33.032+0000][info][gc,marking     ] GC(1121) Concurrent Scan Root Regions
[2024-08-28T13:06:33.033+0000][info][gc,marking     ] GC(1121) Concurrent Scan Root Regions 1.776ms
[2024-08-28T13:06:33.033+0000][info][gc,marking     ] GC(1121) Concurrent Mark
[2024-08-28T13:06:33.033+0000][info][gc,marking     ] GC(1121) Concurrent Mark From Roots
[2024-08-28T13:06:33.033+0000][info][gc,task        ] GC(1121) Using 17 workers of 17 for marking
[2024-08-28T13:06:33.058+0000][info][gc,marking     ] GC(1121) Concurrent Mark From Roots 25.053ms
[2024-08-28T13:06:33.058+0000][info][gc,marking     ] GC(1121) Concurrent Preclean
[2024-08-28T13:06:33.059+0000][info][gc,marking     ] GC(1121) Concurrent Preclean 0.588ms
[2024-08-28T13:06:33.059+0000][info][gc,start       ] GC(1121) Pause Remark
[2024-08-28T13:06:33.061+0000][info][gc             ] GC(1121) Pause Remark 871M->871M(1024M) 1.250ms
[2024-08-28T13:06:33.061+0000][info][gc,cpu         ] GC(1121) User=0.00s Sys=0.00s Real=0.00s
[2024-08-28T13:06:33.061+0000][info][gc,marking     ] GC(1121) Concurrent Mark 27.237ms
[2024-08-28T13:06:33.061+0000][info][gc,marking     ] GC(1121) Concurrent Rebuild Remembered Sets
[2024-08-28T13:06:33.068+0000][info][gc,start       ] GC(1122) Pause Young (Normal) (G1 Evacuation Pause)
[2024-08-28T13:06:33.068+0000][info][gc,task        ] GC(1122) Using 24 workers of 68 for evacuation
[2024-08-28T13:06:33.079+0000][info][gc,phases      ] GC(1122)   Pre Evacuate Collection Set: 0.1ms
[2024-08-28T13:06:33.079+0000][info][gc,phases      ] GC(1122)   Merge Heap Roots: 0.4ms
[2024-08-28T13:06:33.079+0000][info][gc,phases      ] GC(1122)   Evacuate Collection Set: 10.0ms
[2024-08-28T13:06:33.079+0000][info][gc,phases      ] GC(1122)   Post Evacuate Collection Set: 0.4ms
[2024-08-28T13:06:33.079+0000][info][gc,phases      ] GC(1122)   Other: 0.2ms
[2024-08-28T13:06:33.079+0000][info][gc,heap        ] GC(1122) Eden regions: 44->0(44)
[2024-08-28T13:06:33.079+0000][info][gc,heap        ] GC(1122) Survivor regions: 7->7(7)
[2024-08-28T13:06:33.079+0000][info][gc,heap        ] GC(1122) Old regions: 826->873
[2024-08-28T13:06:33.079+0000][info][gc,heap        ] GC(1122) Archive regions: 2->2
[2024-08-28T13:06:33.079+0000][info][gc,heap        ] GC(1122) Humongous regions: 5->5
[2024-08-28T13:06:33.079+0000][info][gc,metaspace   ] GC(1122) Metaspace: 100K(320K)->100K(320K) NonClass: 96K(192K)->96K(192K) Class: 4K(128K)->4K(128K)
[2024-08-28T13:06:33.079+0000][info][gc             ] GC(1122) Pause Young (Normal) (G1 Evacuation Pause) 882M->885M(1024M) 11.119ms
[2024-08-28T13:06:33.079+0000][info][gc,cpu         ] GC(1122) User=0.25s Sys=0.00s Real=0.02s
[2024-08-28T13:06:33.108+0000][info][gc,start       ] GC(1123) Pause Young (Normal) (G1 Evacuation Pause)
[2024-08-28T13:06:33.108+0000][info][gc,task        ] GC(1123) Using 24 workers of 68 for evacuation
[2024-08-28T13:06:33.122+0000][info][gc,phases      ] GC(1123)   Pre Evacuate Collection Set: 0.1ms
[2024-08-28T13:06:33.122+0000][info][gc,phases      ] GC(1123)   Merge Heap Roots: 0.3ms
[2024-08-28T13:06:33.122+0000][info][gc,phases      ] GC(1123)   Evacuate Collection Set: 13.6ms
[2024-08-28T13:06:33.122+0000][info][gc,phases      ] GC(1123)   Post Evacuate Collection Set: 0.5ms
[2024-08-28T13:06:33.122+0000][info][gc,phases      ] GC(1123)   Other: 0.2ms
[2024-08-28T13:06:33.122+0000][info][gc,heap        ] GC(1123) Eden regions: 44->0(44)
[2024-08-28T13:06:33.122+0000][info][gc,heap        ] GC(1123) Survivor regions: 7->7(7)
[2024-08-28T13:06:33.122+0000][info][gc,heap        ] GC(1123) Old regions: 873->919
[2024-08-28T13:06:33.122+0000][info][gc,heap        ] GC(1123) Archive regions: 2->2
[2024-08-28T13:06:33.122+0000][info][gc,heap        ] GC(1123) Humongous regions: 5->5
[2024-08-28T13:06:33.122+0000][info][gc,metaspace   ] GC(1123) Metaspace: 100K(320K)->100K(320K) NonClass: 96K(192K)->96K(192K) Class: 4K(128K)->4K(128K)
[2024-08-28T13:06:33.122+0000][info][gc             ] GC(1123) Pause Young (Normal) (G1 Evacuation Pause) 929M->931M(1024M) 14.870ms
[2024-08-28T13:06:33.122+0000][info][gc,cpu         ] GC(1123) User=0.33s Sys=0.01s Real=0.02s
[2024-08-28T13:06:33.143+0000][info][gc,marking     ] GC(1121) Concurrent Rebuild Remembered Sets 82.608ms
[2024-08-28T13:06:33.143+0000][info][gc,start       ] GC(1121) Pause Cleanup
[2024-08-28T13:06:33.145+0000][info][gc             ] GC(1121) Pause Cleanup 965M->965M(1024M) 1.635ms
[2024-08-28T13:06:33.145+0000][info][gc,cpu         ] GC(1121) User=0.00s Sys=0.00s Real=0.00s
[2024-08-28T13:06:33.145+0000][info][gc,marking     ] GC(1121) Concurrent Cleanup for Next Mark
[2024-08-28T13:06:33.146+0000][info][gc,marking     ] GC(1121) Concurrent Cleanup for Next Mark 0.877ms
[2024-08-28T13:06:33.146+0000][info][gc             ] GC(1121) Concurrent Mark Cycle 114.594ms
[2024-08-28T13:06:33.150+0000][info][gc,start       ] GC(1124) Pause Young (Prepare Mixed) (G1 Preventive Collection)
[2024-08-28T13:06:33.150+0000][info][gc,task        ] GC(1124) Using 24 workers of 68 for evacuation
[2024-08-28T13:06:33.166+0000][info][gc,phases      ] GC(1124)   Pre Evacuate Collection Set: 0.2ms
[2024-08-28T13:06:33.166+0000][info][gc,phases      ] GC(1124)   Merge Heap Roots: 0.6ms
[2024-08-28T13:06:33.166+0000][info][gc,phases      ] GC(1124)   Evacuate Collection Set: 15.1ms
[2024-08-28T13:06:33.166+0000][info][gc,phases      ] GC(1124)   Post Evacuate Collection Set: 0.3ms
[2024-08-28T13:06:33.166+0000][info][gc,phases      ] GC(1124)   Other: 0.2ms
[2024-08-28T13:06:33.166+0000][info][gc,heap        ] GC(1124) Eden regions: 40->0(44)
[2024-08-28T13:06:33.166+0000][info][gc,heap        ] GC(1124) Survivor regions: 7->7(7)
[2024-08-28T13:06:33.166+0000][info][gc,heap        ] GC(1124) Old regions: 919->961
[2024-08-28T13:06:33.166+0000][info][gc,heap        ] GC(1124) Archive regions: 2->2
[2024-08-28T13:06:33.166+0000][info][gc,heap        ] GC(1124) Humongous regions: 5->5
[2024-08-28T13:06:33.166+0000][info][gc,metaspace   ] GC(1124) Metaspace: 100K(320K)->100K(320K) NonClass: 96K(192K)->96K(192K) Class: 4K(128K)->4K(128K)
[2024-08-28T13:06:33.166+0000][info][gc             ] GC(1124) Pause Young (Prepare Mixed) (G1 Preventive Collection) 971M->973M(1024M) 16.421ms
[2024-08-28T13:06:33.166+0000][info][gc,cpu         ] GC(1124) User=0.37s Sys=0.00s Real=0.01s
[2024-08-28T13:06:33.178+0000][info][gc,start       ] GC(1125) Pause Young (Mixed) (G1 Preventive Collection)
[2024-08-28T13:06:33.178+0000][info][gc,task        ] GC(1125) Using 24 workers of 68 for evacuation
[2024-08-28T13:06:33.186+0000][info][gc,phases      ] GC(1125)   Pre Evacuate Collection Set: 0.2ms
[2024-08-28T13:06:33.186+0000][info][gc,phases      ] GC(1125)   Merge Heap Roots: 0.4ms
[2024-08-28T13:06:33.186+0000][info][gc,phases      ] GC(1125)   Evacuate Collection Set: 6.8ms
[2024-08-28T13:06:33.186+0000][info][gc,phases      ] GC(1125)   Post Evacuate Collection Set: 0.4ms
[2024-08-28T13:06:33.186+0000][info][gc,phases      ] GC(1125)   Other: 0.2ms
[2024-08-28T13:06:33.186+0000][info][gc,heap        ] GC(1125) Eden regions: 19->0(44)
[2024-08-28T13:06:33.186+0000][info][gc,heap        ] GC(1125) Survivor regions: 7->7(7)
[2024-08-28T13:06:33.186+0000][info][gc,heap        ] GC(1125) Old regions: 961->880
[2024-08-28T13:06:33.186+0000][info][gc,heap        ] GC(1125) Archive regions: 2->2
[2024-08-28T13:06:33.186+0000][info][gc,heap        ] GC(1125) Humongous regions: 5->5
[2024-08-28T13:06:33.186+0000][info][gc,metaspace   ] GC(1125) Metaspace: 100K(320K)->100K(320K) NonClass: 96K(192K)->96K(192K) Class: 4K(128K)->4K(128K)
[2024-08-28T13:06:33.186+0000][info][gc             ] GC(1125) Pause Young (Mixed) (G1 Preventive Collection) 992M->892M(1024M) 7.881ms
[2024-08-28T13:06:33.186+0000][info][gc,cpu         ] GC(1125) User=0.17s Sys=0.00s Real=0.00s
[2024-08-28T13:06:33.210+0000][info][gc,start       ] GC(1126) Pause Young (Mixed) (G1 Evacuation Pause)
[2024-08-28T13:06:33.210+0000][info][gc,task        ] GC(1126) Using 24 workers of 68 for evacuation
[2024-08-28T13:06:33.221+0000][info][gc,phases      ] GC(1126)   Pre Evacuate Collection Set: 0.2ms
[2024-08-28T13:06:33.221+0000][info][gc,phases      ] GC(1126)   Merge Heap Roots: 0.4ms
[2024-08-28T13:06:33.221+0000][info][gc,phases      ] GC(1126)   Evacuate Collection Set: 10.5ms
[2024-08-28T13:06:33.221+0000][info][gc,phases      ] GC(1126)   Post Evacuate Collection Set: 0.4ms
[2024-08-28T13:06:33.221+0000][info][gc,phases      ] GC(1126)   Other: 0.2ms
[2024-08-28T13:06:33.221+0000][info][gc,heap        ] GC(1126) Eden regions: 44->0(44)
[2024-08-28T13:06:33.221+0000][info][gc,heap        ] GC(1126) Survivor regions: 7->7(7)
[2024-08-28T13:06:33.221+0000][info][gc,heap        ] GC(1126) Old regions: 880->823
[2024-08-28T13:06:33.221+0000][info][gc,heap        ] GC(1126) Archive regions: 2->2
[2024-08-28T13:06:33.221+0000][info][gc,heap        ] GC(1126) Humongous regions: 5->5
[2024-08-28T13:06:33.221+0000][info][gc,metaspace   ] GC(1126) Metaspace: 100K(320K)->100K(320K) NonClass: 96K(192K)->96K(192K) Class: 4K(128K)->4K(128K)
[2024-08-28T13:06:33.221+0000][info][gc             ] GC(1126) Pause Young (Mixed) (G1 Evacuation Pause) 936M->835M(1024M) 11.790ms
[2024-08-28T13:06:33.222+0000][info][gc,cpu         ] GC(1126) User=0.26s Sys=0.00s Real=0.01s
[2024-08-28T13:06:33.246+0000][info][gc,start       ] GC(1127) Pause Young (Mixed) (G1 Evacuation Pause)
[2024-08-28T13:06:33.246+0000][info][gc,task        ] GC(1127) Using 24 workers of 68 for evacuation
[2024-08-28T13:06:33.257+0000][info][gc,phases      ] GC(1127)   Pre Evacuate Collection Set: 0.2ms
[2024-08-28T13:06:33.258+0000][info][gc,phases      ] GC(1127)   Merge Heap Roots: 0.4ms
[2024-08-28T13:06:33.258+0000][info][gc,phases      ] GC(1127)   Evacuate Collection Set: 10.6ms
[2024-08-28T13:06:33.258+0000][info][gc,phases      ] GC(1127)   Post Evacuate Collection Set: 0.4ms
[2024-08-28T13:06:33.258+0000][info][gc,phases      ] GC(1127)   Other: 0.2ms
[2024-08-28T13:06:33.258+0000][info][gc,heap        ] GC(1127) Eden regions: 44->0(44)
[2024-08-28T13:06:33.258+0000][info][gc,heap        ] GC(1127) Survivor regions: 7->7(7)
[2024-08-28T13:06:33.258+0000][info][gc,heap        ] GC(1127) Old regions: 823->768
[2024-08-28T13:06:33.258+0000][info][gc,heap        ] GC(1127) Archive regions: 2->2
[2024-08-28T13:06:33.258+0000][info][gc,heap        ] GC(1127) Humongous regions: 5->5
[2024-08-28T13:06:33.258+0000][info][gc,metaspace   ] GC(1127) Metaspace: 100K(320K)->100K(320K) NonClass: 96K(192K)->96K(192K) Class: 4K(128K)->4K(128K)
[2024-08-28T13:06:33.258+0000][info][gc             ] GC(1127) Pause Young (Mixed) (G1 Evacuation Pause) 879M->780M(1024M) 11.989ms
[2024-08-28T13:06:33.258+0000][info][gc,cpu         ] GC(1127) User=0.26s Sys=0.01s Real=0.02s
[2024-08-28T13:06:33.282+0000][info][gc,start       ] GC(1128) Pause Young (Mixed) (G1 Evacuation Pause)
[2024-08-28T13:06:33.282+0000][info][gc,task        ] GC(1128) Using 24 workers of 68 for evacuation
[2024-08-28T13:06:33.295+0000][info][gc,phases      ] GC(1128)   Pre Evacuate Collection Set: 0.2ms
[2024-08-28T13:06:33.295+0000][info][gc,phases      ] GC(1128)   Merge Heap Roots: 0.4ms
[2024-08-28T13:06:33.295+0000][info][gc,phases      ] GC(1128)   Evacuate Collection Set: 11.5ms
[2024-08-28T13:06:33.295+0000][info][gc,phases      ] GC(1128)   Post Evacuate Collection Set: 0.3ms
[2024-08-28T13:06:33.295+0000][info][gc,phases      ] GC(1128)   Other: 0.2ms
[2024-08-28T13:06:33.295+0000][info][gc,heap        ] GC(1128) Eden regions: 44->0(44)
[2024-08-28T13:06:33.295+0000][info][gc,heap        ] GC(1128) Survivor regions: 7->7(7)
[2024-08-28T13:06:33.295+0000][info][gc,heap        ] GC(1128) Old regions: 768->786
[2024-08-28T13:06:33.295+0000][info][gc,heap        ] GC(1128) Archive regions: 2->2
[2024-08-28T13:06:33.295+0000][info][gc,heap        ] GC(1128) Humongous regions: 5->5
[2024-08-28T13:06:33.295+0000][info][gc,metaspace   ] GC(1128) Metaspace: 100K(320K)->100K(320K) NonClass: 96K(192K)->96K(192K) Class: 4K(128K)->4K(128K)
[2024-08-28T13:06:33.295+0000][info][gc             ] GC(1128) Pause Young (Mixed) (G1 Evacuation Pause) 824M->798M(1024M) 12.714ms
[2024-08-28T13:06:33.295+0000][info][gc,cpu         ] GC(1128) User=0.28s Sys=0.00s Real=0.01s
[2024-08-28T13:06:33.320+0000][info][gc,start       ] GC(1129) Pause Young (Concurrent Start) (G1 Evacuation Pause)
[2024-08-28T13:06:33.320+0000][info][gc,task        ] GC(1129) Using 24 workers of 68 for evacuation
[2024-08-28T13:06:33.332+0000][info][gc,phases      ] GC(1129)   Pre Evacuate Collection Set: 0.2ms
[2024-08-28T13:06:33.332+0000][info][gc,phases      ] GC(1129)   Merge Heap Roots: 0.4ms
[2024-08-28T13:06:33.332+0000][info][gc,phases      ] GC(1129)   Evacuate Collection Set: 10.3ms
[2024-08-28T13:06:33.332+0000][info][gc,phases      ] GC(1129)   Post Evacuate Collection Set: 0.4ms
[2024-08-28T13:06:33.332+0000][info][gc,phases      ] GC(1129)   Other: 0.6ms
[2024-08-28T13:06:33.332+0000][info][gc,heap        ] GC(1129) Eden regions: 44->0(44)
[2024-08-28T13:06:33.332+0000][info][gc,heap        ] GC(1129) Survivor regions: 7->7(7)
[2024-08-28T13:06:33.332+0000][info][gc,heap        ] GC(1129) Old regions: 786->833
[2024-08-28T13:06:33.332+0000][info][gc,heap        ] GC(1129) Archive regions: 2->2
[2024-08-28T13:06:33.332+0000][info][gc,heap        ] GC(1129) Humongous regions: 5->5
[2024-08-28T13:06:33.332+0000][info][gc,metaspace   ] GC(1129) Metaspace: 100K(320K)->100K(320K) NonClass: 96K(192K)->96K(192K) Class: 4K(128K)->4K(128K)
[2024-08-28T13:06:33.332+0000][info][gc             ] GC(1129) Pause Young (Concurrent Start) (G1 Evacuation Pause) 842M->845M(1024M) 11.800ms
[2024-08-28T13:06:33.332+0000][info][gc,cpu         ] GC(1129) User=0.25s Sys=0.00s Real=0.01s
[2024-08-28T13:06:33.332+0000][info][gc             ] GC(1130) Concurrent Mark Cycle
[2024-08-28T13:06:33.332+0000][info][gc,marking     ] GC(1130) Concurrent Clear Claimed Marks
[2024-08-28T13:06:33.332+0000][info][gc,marking     ] GC(1130) Concurrent Clear Claimed Marks 0.009ms
[2024-08-28T13:06:33.332+0000][info][gc,marking     ] GC(1130) Concurrent Scan Root Regions
[2024-08-28T13:06:33.334+0000][info][gc,marking     ] GC(1130) Concurrent Scan Root Regions 1.642ms
[2024-08-28T13:06:33.334+0000][info][gc,marking     ] GC(1130) Concurrent Mark
[2024-08-28T13:06:33.334+0000][info][gc,marking     ] GC(1130) Concurrent Mark From Roots
[2024-08-28T13:06:33.334+0000][info][gc,task        ] GC(1130) Using 17 workers of 17 for marking
[2024-08-28T13:06:33.358+0000][info][gc,marking     ] GC(1130) Concurrent Mark From Roots 24.400ms
[2024-08-28T13:06:33.358+0000][info][gc,marking     ] GC(1130) Concurrent Preclean
[2024-08-28T13:06:33.359+0000][info][gc,marking     ] GC(1130) Concurrent Preclean 0.500ms
[2024-08-28T13:06:33.359+0000][info][gc,start       ] GC(1130) Pause Remark
[2024-08-28T13:06:33.360+0000][info][gc             ] GC(1130) Pause Remark 878M->878M(1024M) 1.179ms
[2024-08-28T13:06:33.360+0000][info][gc,cpu         ] GC(1130) User=0.01s Sys=0.00s Real=0.00s
[2024-08-28T13:06:33.360+0000][info][gc,marking     ] GC(1130) Concurrent Mark 26.424ms
[2024-08-28T13:06:33.360+0000][info][gc,marking     ] GC(1130) Concurrent Rebuild Remembered Sets
[2024-08-28T13:06:33.368+0000][info][gc,start       ] GC(1131) Pause Young (Normal) (G1 Evacuation Pause)
[2024-08-28T13:06:33.368+0000][info][gc,task        ] GC(1131) Using 24 workers of 68 for evacuation
[2024-08-28T13:06:33.379+0000][info][gc,phases      ] GC(1131)   Pre Evacuate Collection Set: 0.1ms
[2024-08-28T13:06:33.379+0000][info][gc,phases      ] GC(1131)   Merge Heap Roots: 0.2ms
[2024-08-28T13:06:33.379+0000][info][gc,phases      ] GC(1131)   Evacuate Collection Set: 10.0ms
[2024-08-28T13:06:33.379+0000][info][gc,phases      ] GC(1131)   Post Evacuate Collection Set: 0.4ms
[2024-08-28T13:06:33.379+0000][info][gc,phases      ] GC(1131)   Other: 0.2ms
[2024-08-28T13:06:33.379+0000][info][gc,heap        ] GC(1131) Eden regions: 44->0(44)
[2024-08-28T13:06:33.379+0000][info][gc,heap        ] GC(1131) Survivor regions: 7->7(7)
[2024-08-28T13:06:33.379+0000][info][gc,heap        ] GC(1131) Old regions: 833->880
[2024-08-28T13:06:33.379+0000][info][gc,heap        ] GC(1131) Archive regions: 2->2
[2024-08-28T13:06:33.379+0000][info][gc,heap        ] GC(1131) Humongous regions: 5->5
[2024-08-28T13:06:33.379+0000][info][gc,metaspace   ] GC(1131) Metaspace: 100K(320K)->100K(320K) NonClass: 96K(192K)->96K(192K) Class: 4K(128K)->4K(128K)
[2024-08-28T13:06:33.379+0000][info][gc             ] GC(1131) Pause Young (Normal) (G1 Evacuation Pause) 889M->892M(1024M) 10.950ms
[2024-08-28T13:06:33.379+0000][info][gc,cpu         ] GC(1131) User=0.24s Sys=0.00s Real=0.02s
[2024-08-28T13:06:33.405+0000][info][gc,start       ] GC(1132) Pause Young (Normal) (G1 Evacuation Pause)
[2024-08-28T13:06:33.405+0000][info][gc,task        ] GC(1132) Using 24 workers of 68 for evacuation
[2024-08-28T13:06:33.420+0000][info][gc,phases      ] GC(1132)   Pre Evacuate Collection Set: 0.2ms
[2024-08-28T13:06:33.420+0000][info][gc,phases      ] GC(1132)   Merge Heap Roots: 0.4ms
[2024-08-28T13:06:33.420+0000][info][gc,phases      ] GC(1132)   Evacuate Collection Set: 13.6ms
[2024-08-28T13:06:33.420+0000][info][gc,phases      ] GC(1132)   Post Evacuate Collection Set: 0.5ms
[2024-08-28T13:06:33.420+0000][info][gc,phases      ] GC(1132)   Other: 0.2ms
[2024-08-28T13:06:33.420+0000][info][gc,heap        ] GC(1132) Eden regions: 44->0(44)
[2024-08-28T13:06:33.420+0000][info][gc,heap        ] GC(1132) Survivor regions: 7->7(7)
[2024-08-28T13:06:33.420+0000][info][gc,heap        ] GC(1132) Old regions: 880->926
[2024-08-28T13:06:33.420+0000][info][gc,heap        ] GC(1132) Archive regions: 2->2
[2024-08-28T13:06:33.420+0000][info][gc,heap        ] GC(1132) Humongous regions: 5->5
[2024-08-28T13:06:33.420+0000][info][gc,metaspace   ] GC(1132) Metaspace: 100K(320K)->100K(320K) NonClass: 96K(192K)->96K(192K) Class: 4K(128K)->4K(128K)
[2024-08-28T13:06:33.420+0000][info][gc             ] GC(1132) Pause Young (Normal) (G1 Evacuation Pause) 936M->938M(1024M) 14.995ms
[2024-08-28T13:06:33.420+0000][info][gc,cpu         ] GC(1132) User=0.34s Sys=0.00s Real=0.02s
[2024-08-28T13:06:33.441+0000][info][gc,marking     ] GC(1130) Concurrent Rebuild Remembered Sets 80.655ms
[2024-08-28T13:06:33.441+0000][info][gc,start       ] GC(1130) Pause Cleanup
[2024-08-28T13:06:33.443+0000][info][gc             ] GC(1130) Pause Cleanup 971M->971M(1024M) 1.529ms
[2024-08-28T13:06:33.443+0000][info][gc,cpu         ] GC(1130) User=0.00s Sys=0.00s Real=0.00s
[2024-08-28T13:06:33.443+0000][info][gc,marking     ] GC(1130) Concurrent Cleanup for Next Mark
[2024-08-28T13:06:33.443+0000][info][gc,marking     ] GC(1130) Concurrent Cleanup for Next Mark 0.838ms
[2024-08-28T13:06:33.443+0000][info][gc             ] GC(1130) Concurrent Mark Cycle 111.524ms
[2024-08-28T13:06:33.446+0000][info][gc,start       ] GC(1133) Pause Young (Prepare Mixed) (G1 Preventive Collection)
[2024-08-28T13:06:33.446+0000][info][gc,task        ] GC(1133) Using 24 workers of 68 for evacuation
[2024-08-28T13:06:33.462+0000][info][gc,phases      ] GC(1133)   Pre Evacuate Collection Set: 0.1ms
[2024-08-28T13:06:33.462+0000][info][gc,phases      ] GC(1133)   Merge Heap Roots: 0.6ms
[2024-08-28T13:06:33.462+0000][info][gc,phases      ] GC(1133)   Evacuate Collection Set: 14.2ms
[2024-08-28T13:06:33.462+0000][info][gc,phases      ] GC(1133)   Post Evacuate Collection Set: 0.3ms
[2024-08-28T13:06:33.462+0000][info][gc,phases      ] GC(1133)   Other: 0.2ms
[2024-08-28T13:06:33.462+0000][info][gc,heap        ] GC(1133) Eden regions: 37->0(44)
[2024-08-28T13:06:33.462+0000][info][gc,heap        ] GC(1133) Survivor regions: 7->7(7)
[2024-08-28T13:06:33.462+0000][info][gc,heap        ] GC(1133) Old regions: 926->966
[2024-08-28T13:06:33.462+0000][info][gc,heap        ] GC(1133) Archive regions: 2->2
[2024-08-28T13:06:33.462+0000][info][gc,heap        ] GC(1133) Humongous regions: 5->5
[2024-08-28T13:06:33.462+0000][info][gc,metaspace   ] GC(1133) Metaspace: 100K(320K)->100K(320K) NonClass: 96K(192K)->96K(192K) Class: 4K(128K)->4K(128K)
[2024-08-28T13:06:33.462+0000][info][gc             ] GC(1133) Pause Young (Prepare Mixed) (G1 Preventive Collection) 975M->978M(1024M) 15.415ms
[2024-08-28T13:06:33.462+0000][info][gc,cpu         ] GC(1133) User=0.34s Sys=0.01s Real=0.02s
[2024-08-28T13:06:33.472+0000][info][gc,start       ] GC(1134) Pause Young (Mixed) (G1 Preventive Collection)
[2024-08-28T13:06:33.472+0000][info][gc,task        ] GC(1134) Using 24 workers of 68 for evacuation
[2024-08-28T13:06:33.479+0000][info][gc,phases      ] GC(1134)   Pre Evacuate Collection Set: 0.2ms
[2024-08-28T13:06:33.479+0000][info][gc,phases      ] GC(1134)   Merge Heap Roots: 0.2ms
[2024-08-28T13:06:33.479+0000][info][gc,phases      ] GC(1134)   Evacuate Collection Set: 6.2ms
[2024-08-28T13:06:33.479+0000][info][gc,phases      ] GC(1134)   Post Evacuate Collection Set: 0.3ms
[2024-08-28T13:06:33.479+0000][info][gc,phases      ] GC(1134)   Other: 0.2ms
[2024-08-28T13:06:33.479+0000][info][gc,heap        ] GC(1134) Eden regions: 17->0(44)
[2024-08-28T13:06:33.479+0000][info][gc,heap        ] GC(1134) Survivor regions: 7->7(7)
[2024-08-28T13:06:33.479+0000][info][gc,heap        ] GC(1134) Old regions: 966->882
[2024-08-28T13:06:33.479+0000][info][gc,heap        ] GC(1134) Archive regions: 2->2
[2024-08-28T13:06:33.479+0000][info][gc,heap        ] GC(1134) Humongous regions: 5->5
[2024-08-28T13:06:33.479+0000][info][gc,metaspace   ] GC(1134) Metaspace: 100K(320K)->100K(320K) NonClass: 96K(192K)->96K(192K) Class: 4K(128K)->4K(128K)
[2024-08-28T13:06:33.479+0000][info][gc             ] GC(1134) Pause Young (Mixed) (G1 Preventive Collection) 995M->894M(1024M) 7.120ms
[2024-08-28T13:06:33.479+0000][info][gc,cpu         ] GC(1134) User=0.15s Sys=0.00s Real=0.01s
[2024-08-28T13:06:33.503+0000][info][gc,start       ] GC(1135) Pause Young (Mixed) (G1 Evacuation Pause)
[2024-08-28T13:06:33.503+0000][info][gc,task        ] GC(1135) Using 24 workers of 68 for evacuation
[2024-08-28T13:06:33.515+0000][info][gc,phases      ] GC(1135)   Pre Evacuate Collection Set: 0.2ms
[2024-08-28T13:06:33.515+0000][info][gc,phases      ] GC(1135)   Merge Heap Roots: 0.4ms
[2024-08-28T13:06:33.515+0000][info][gc,phases      ] GC(1135)   Evacuate Collection Set: 10.2ms
[2024-08-28T13:06:33.515+0000][info][gc,phases      ] GC(1135)   Post Evacuate Collection Set: 0.4ms
[2024-08-28T13:06:33.515+0000][info][gc,phases      ] GC(1135)   Other: 0.2ms
[2024-08-28T13:06:33.515+0000][info][gc,heap        ] GC(1135) Eden regions: 44->0(44)
[2024-08-28T13:06:33.515+0000][info][gc,heap        ] GC(1135) Survivor regions: 7->7(7)
[2024-08-28T13:06:33.515+0000][info][gc,heap        ] GC(1135) Old regions: 882->824
[2024-08-28T13:06:33.515+0000][info][gc,heap        ] GC(1135) Archive regions: 2->2
[2024-08-28T13:06:33.515+0000][info][gc,heap        ] GC(1135) Humongous regions: 5->5
[2024-08-28T13:06:33.515+0000][info][gc,metaspace   ] GC(1135) Metaspace: 100K(320K)->100K(320K) NonClass: 96K(192K)->96K(192K) Class: 4K(128K)->4K(128K)
[2024-08-28T13:06:33.515+0000][info][gc             ] GC(1135) Pause Young (Mixed) (G1 Evacuation Pause) 938M->836M(1024M) 11.548ms
[2024-08-28T13:06:33.515+0000][info][gc,cpu         ] GC(1135) User=0.26s Sys=0.00s Real=0.01s
[2024-08-28T13:06:33.539+0000][info][gc,start       ] GC(1136) Pause Young (Mixed) (G1 Evacuation Pause)
[2024-08-28T13:06:33.539+0000][info][gc,task        ] GC(1136) Using 24 workers of 68 for evacuation
[2024-08-28T13:06:33.551+0000][info][gc,phases      ] GC(1136)   Pre Evacuate Collection Set: 0.2ms
[2024-08-28T13:06:33.551+0000][info][gc,phases      ] GC(1136)   Merge Heap Roots: 0.3ms
[2024-08-28T13:06:33.551+0000][info][gc,phases      ] GC(1136)   Evacuate Collection Set: 10.4ms
[2024-08-28T13:06:33.551+0000][info][gc,phases      ] GC(1136)   Post Evacuate Collection Set: 0.4ms
[2024-08-28T13:06:33.551+0000][info][gc,phases      ] GC(1136)   Other: 0.2ms
[2024-08-28T13:06:33.551+0000][info][gc,heap        ] GC(1136) Eden regions: 44->0(44)
[2024-08-28T13:06:33.551+0000][info][gc,heap        ] GC(1136) Survivor regions: 7->7(7)
[2024-08-28T13:06:33.551+0000][info][gc,heap        ] GC(1136) Old regions: 824->769
[2024-08-28T13:06:33.551+0000][info][gc,heap        ] GC(1136) Archive regions: 2->2
[2024-08-28T13:06:33.551+0000][info][gc,heap        ] GC(1136) Humongous regions: 5->5
[2024-08-28T13:06:33.551+0000][info][gc,metaspace   ] GC(1136) Metaspace: 100K(320K)->100K(320K) NonClass: 96K(192K)->96K(192K) Class: 4K(128K)->4K(128K)
[2024-08-28T13:06:33.551+0000][info][gc             ] GC(1136) Pause Young (Mixed) (G1 Evacuation Pause) 880M->781M(1024M) 11.764ms
[2024-08-28T13:06:33.551+0000][info][gc,cpu         ] GC(1136) User=0.26s Sys=0.00s Real=0.01s
[2024-08-28T13:06:33.575+0000][info][gc,start       ] GC(1137) Pause Young (Mixed) (G1 Evacuation Pause)
[2024-08-28T13:06:33.575+0000][info][gc,task        ] GC(1137) Using 24 workers of 68 for evacuation
[2024-08-28T13:06:33.587+0000][info][gc,phases      ] GC(1137)   Pre Evacuate Collection Set: 0.2ms
[2024-08-28T13:06:33.587+0000][info][gc,phases      ] GC(1137)   Merge Heap Roots: 0.4ms
[2024-08-28T13:06:33.587+0000][info][gc,phases      ] GC(1137)   Evacuate Collection Set: 10.9ms
[2024-08-28T13:06:33.587+0000][info][gc,phases      ] GC(1137)   Post Evacuate Collection Set: 0.4ms
[2024-08-28T13:06:33.587+0000][info][gc,phases      ] GC(1137)   Other: 0.3ms
[2024-08-28T13:06:33.587+0000][info][gc,heap        ] GC(1137) Eden regions: 44->0(44)
[2024-08-28T13:06:33.587+0000][info][gc,heap        ] GC(1137) Survivor regions: 7->7(7)
[2024-08-28T13:06:33.587+0000][info][gc,heap        ] GC(1137) Old regions: 769->784
[2024-08-28T13:06:33.587+0000][info][gc,heap        ] GC(1137) Archive regions: 2->2
[2024-08-28T13:06:33.587+0000][info][gc,heap        ] GC(1137) Humongous regions: 5->5
[2024-08-28T13:06:33.587+0000][info][gc,metaspace   ] GC(1137) Metaspace: 100K(320K)->100K(320K) NonClass: 96K(192K)->96K(192K) Class: 4K(128K)->4K(128K)
[2024-08-28T13:06:33.587+0000][info][gc             ] GC(1137) Pause Young (Mixed) (G1 Evacuation Pause) 825M->796M(1024M) 12.214ms
[2024-08-28T13:06:33.587+0000][info][gc,cpu         ] GC(1137) User=0.27s Sys=0.00s Real=0.01s
[2024-08-28T13:06:33.611+0000][info][gc,start       ] GC(1138) Pause Young (Concurrent Start) (G1 Evacuation Pause)
[2024-08-28T13:06:33.611+0000][info][gc,task        ] GC(1138) Using 24 workers of 68 for evacuation
[2024-08-28T13:06:33.622+0000][info][gc,phases      ] GC(1138)   Pre Evacuate Collection Set: 0.2ms
[2024-08-28T13:06:33.622+0000][info][gc,phases      ] GC(1138)   Merge Heap Roots: 0.4ms
[2024-08-28T13:06:33.622+0000][info][gc,phases      ] GC(1138)   Evacuate Collection Set: 9.9ms
[2024-08-28T13:06:33.622+0000][info][gc,phases      ] GC(1138)   Post Evacuate Collection Set: 0.3ms
[2024-08-28T13:06:33.622+0000][info][gc,phases      ] GC(1138)   Other: 0.7ms
[2024-08-28T13:06:33.622+0000][info][gc,heap        ] GC(1138) Eden regions: 44->0(44)
[2024-08-28T13:06:33.622+0000][info][gc,heap        ] GC(1138) Survivor regions: 7->7(7)
[2024-08-28T13:06:33.622+0000][info][gc,heap        ] GC(1138) Old regions: 784->831
[2024-08-28T13:06:33.622+0000][info][gc,heap        ] GC(1138) Archive regions: 2->2
[2024-08-28T13:06:33.622+0000][info][gc,heap        ] GC(1138) Humongous regions: 5->5
[2024-08-28T13:06:33.622+0000][info][gc,metaspace   ] GC(1138) Metaspace: 100K(320K)->100K(320K) NonClass: 96K(192K)->96K(192K) Class: 4K(128K)->4K(128K)
[2024-08-28T13:06:33.622+0000][info][gc             ] GC(1138) Pause Young (Concurrent Start) (G1 Evacuation Pause) 840M->843M(1024M) 11.557ms
[2024-08-28T13:06:33.622+0000][info][gc,cpu         ] GC(1138) User=0.17s Sys=0.07s Real=0.01s
[2024-08-28T13:06:33.622+0000][info][gc             ] GC(1139) Concurrent Mark Cycle
[2024-08-28T13:06:33.622+0000][info][gc,marking     ] GC(1139) Concurrent Clear Claimed Marks
[2024-08-28T13:06:33.622+0000][info][gc,marking     ] GC(1139) Concurrent Clear Claimed Marks 0.013ms
[2024-08-28T13:06:33.622+0000][info][gc,marking     ] GC(1139) Concurrent Scan Root Regions
[2024-08-28T13:06:33.624+0000][info][gc,marking     ] GC(1139) Concurrent Scan Root Regions 1.743ms
[2024-08-28T13:06:33.624+0000][info][gc,marking     ] GC(1139) Concurrent Mark
[2024-08-28T13:06:33.624+0000][info][gc,marking     ] GC(1139) Concurrent Mark From Roots
[2024-08-28T13:06:33.624+0000][info][gc,task        ] GC(1139) Using 17 workers of 17 for marking
[2024-08-28T13:06:33.649+0000][info][gc,marking     ] GC(1139) Concurrent Mark From Roots 24.804ms
[2024-08-28T13:06:33.649+0000][info][gc,marking     ] GC(1139) Concurrent Preclean
[2024-08-28T13:06:33.650+0000][info][gc,marking     ] GC(1139) Concurrent Preclean 0.574ms
[2024-08-28T13:06:33.650+0000][info][gc,start       ] GC(1139) Pause Remark
[2024-08-28T13:06:33.651+0000][info][gc             ] GC(1139) Pause Remark 877M->877M(1024M) 1.192ms
[2024-08-28T13:06:33.651+0000][info][gc,cpu         ] GC(1139) User=0.00s Sys=0.00s Real=0.00s
[2024-08-28T13:06:33.651+0000][info][gc,marking     ] GC(1139) Concurrent Mark 26.907ms
[2024-08-28T13:06:33.651+0000][info][gc,marking     ] GC(1139) Concurrent Rebuild Remembered Sets
[2024-08-28T13:06:33.657+0000][info][gc,start       ] GC(1140) Pause Young (Normal) (G1 Evacuation Pause)
[2024-08-28T13:06:33.657+0000][info][gc,task        ] GC(1140) Using 24 workers of 68 for evacuation
[2024-08-28T13:06:33.668+0000][info][gc,phases      ] GC(1140)   Pre Evacuate Collection Set: 0.1ms
[2024-08-28T13:06:33.668+0000][info][gc,phases      ] GC(1140)   Merge Heap Roots: 0.4ms
[2024-08-28T13:06:33.668+0000][info][gc,phases      ] GC(1140)   Evacuate Collection Set: 9.6ms
[2024-08-28T13:06:33.668+0000][info][gc,phases      ] GC(1140)   Post Evacuate Collection Set: 0.4ms
[2024-08-28T13:06:33.668+0000][info][gc,phases      ] GC(1140)   Other: 0.2ms
[2024-08-28T13:06:33.668+0000][info][gc,heap        ] GC(1140) Eden regions: 44->0(44)
[2024-08-28T13:06:33.668+0000][info][gc,heap        ] GC(1140) Survivor regions: 7->7(7)
[2024-08-28T13:06:33.668+0000][info][gc,heap        ] GC(1140) Old regions: 831->877
[2024-08-28T13:06:33.668+0000][info][gc,heap        ] GC(1140) Archive regions: 2->2
[2024-08-28T13:06:33.668+0000][info][gc,heap        ] GC(1140) Humongous regions: 5->5
[2024-08-28T13:06:33.668+0000][info][gc,metaspace   ] GC(1140) Metaspace: 100K(320K)->100K(320K) NonClass: 96K(192K)->96K(192K) Class: 4K(128K)->4K(128K)
[2024-08-28T13:06:33.668+0000][info][gc             ] GC(1140) Pause Young (Normal) (G1 Evacuation Pause) 887M->889M(1024M) 10.734ms
[2024-08-28T13:06:33.668+0000][info][gc,cpu         ] GC(1140) User=0.24s Sys=0.00s Real=0.01s
[2024-08-28T13:06:33.696+0000][info][gc,start       ] GC(1141) Pause Young (Normal) (G1 Evacuation Pause)
[2024-08-28T13:06:33.696+0000][info][gc,task        ] GC(1141) Using 24 workers of 68 for evacuation
[2024-08-28T13:06:33.711+0000][info][gc,phases      ] GC(1141)   Pre Evacuate Collection Set: 0.1ms
[2024-08-28T13:06:33.711+0000][info][gc,phases      ] GC(1141)   Merge Heap Roots: 0.5ms
[2024-08-28T13:06:33.711+0000][info][gc,phases      ] GC(1141)   Evacuate Collection Set: 14.0ms
[2024-08-28T13:06:33.711+0000][info][gc,phases      ] GC(1141)   Post Evacuate Collection Set: 0.5ms
[2024-08-28T13:06:33.711+0000][info][gc,phases      ] GC(1141)   Other: 0.2ms
[2024-08-28T13:06:33.711+0000][info][gc,heap        ] GC(1141) Eden regions: 44->0(44)
[2024-08-28T13:06:33.711+0000][info][gc,heap        ] GC(1141) Survivor regions: 7->7(7)
[2024-08-28T13:06:33.711+0000][info][gc,heap        ] GC(1141) Old regions: 877->923
[2024-08-28T13:06:33.711+0000][info][gc,heap        ] GC(1141) Archive regions: 2->2
[2024-08-28T13:06:33.711+0000][info][gc,heap        ] GC(1141) Humongous regions: 5->5
[2024-08-28T13:06:33.711+0000][info][gc,metaspace   ] GC(1141) Metaspace: 100K(320K)->100K(320K) NonClass: 96K(192K)->96K(192K) Class: 4K(128K)->4K(128K)
[2024-08-28T13:06:33.711+0000][info][gc             ] GC(1141) Pause Young (Normal) (G1 Evacuation Pause) 933M->935M(1024M) 15.367ms
[2024-08-28T13:06:33.711+0000][info][gc,cpu         ] GC(1141) User=0.36s Sys=0.00s Real=0.02s
[2024-08-28T13:06:33.733+0000][info][gc,marking     ] GC(1139) Concurrent Rebuild Remembered Sets 82.077ms
[2024-08-28T13:06:33.733+0000][info][gc,start       ] GC(1139) Pause Cleanup
[2024-08-28T13:06:33.735+0000][info][gc             ] GC(1139) Pause Cleanup 969M->969M(1024M) 1.526ms
[2024-08-28T13:06:33.735+0000][info][gc,cpu         ] GC(1139) User=0.00s Sys=0.00s Real=0.00s
[2024-08-28T13:06:33.735+0000][info][gc,marking     ] GC(1139) Concurrent Cleanup for Next Mark
[2024-08-28T13:06:33.736+0000][info][gc,marking     ] GC(1139) Concurrent Cleanup for Next Mark 0.800ms
[2024-08-28T13:06:33.736+0000][info][gc             ] GC(1139) Concurrent Mark Cycle 113.542ms
[2024-08-28T13:06:33.738+0000][info][gc,start       ] GC(1142) Pause Young (Prepare Mixed) (G1 Preventive Collection)
[2024-08-28T13:06:33.738+0000][info][gc,task        ] GC(1142) Using 24 workers of 68 for evacuation
[2024-08-28T13:06:33.754+0000][info][gc,phases      ] GC(1142)   Pre Evacuate Collection Set: 0.2ms
[2024-08-28T13:06:33.754+0000][info][gc,phases      ] GC(1142)   Merge Heap Roots: 0.4ms
[2024-08-28T13:06:33.754+0000][info][gc,phases      ] GC(1142)   Evacuate Collection Set: 15.1ms
[2024-08-28T13:06:33.754+0000][info][gc,phases      ] GC(1142)   Post Evacuate Collection Set: 0.3ms
[2024-08-28T13:06:33.754+0000][info][gc,phases      ] GC(1142)   Other: 0.2ms
[2024-08-28T13:06:33.754+0000][info][gc,heap        ] GC(1142) Eden regions: 38->0(44)
[2024-08-28T13:06:33.754+0000][info][gc,heap        ] GC(1142) Survivor regions: 7->7(7)
[2024-08-28T13:06:33.754+0000][info][gc,heap        ] GC(1142) Old regions: 923->964
[2024-08-28T13:06:33.754+0000][info][gc,heap        ] GC(1142) Archive regions: 2->2
[2024-08-28T13:06:33.754+0000][info][gc,heap        ] GC(1142) Humongous regions: 5->5
[2024-08-28T13:06:33.754+0000][info][gc,metaspace   ] GC(1142) Metaspace: 100K(320K)->100K(320K) NonClass: 96K(192K)->96K(192K) Class: 4K(128K)->4K(128K)
[2024-08-28T13:06:33.754+0000][info][gc             ] GC(1142) Pause Young (Prepare Mixed) (G1 Preventive Collection) 973M->976M(1024M) 16.279ms
[2024-08-28T13:06:33.754+0000][info][gc,cpu         ] GC(1142) User=0.37s Sys=0.00s Real=0.01s
[2024-08-28T13:06:33.765+0000][info][gc,start       ] GC(1143) Pause Young (Mixed) (G1 Preventive Collection)
[2024-08-28T13:06:33.765+0000][info][gc,task        ] GC(1143) Using 24 workers of 68 for evacuation
[2024-08-28T13:06:33.773+0000][info][gc,phases      ] GC(1143)   Pre Evacuate Collection Set: 0.2ms
[2024-08-28T13:06:33.773+0000][info][gc,phases      ] GC(1143)   Merge Heap Roots: 0.3ms
[2024-08-28T13:06:33.773+0000][info][gc,phases      ] GC(1143)   Evacuate Collection Set: 6.7ms
[2024-08-28T13:06:33.773+0000][info][gc,phases      ] GC(1143)   Post Evacuate Collection Set: 0.4ms
[2024-08-28T13:06:33.773+0000][info][gc,phases      ] GC(1143)   Other: 0.2ms
[2024-08-28T13:06:33.773+0000][info][gc,heap        ] GC(1143) Eden regions: 18->0(44)
[2024-08-28T13:06:33.773+0000][info][gc,heap        ] GC(1143) Survivor regions: 7->7(7)
[2024-08-28T13:06:33.773+0000][info][gc,heap        ] GC(1143) Old regions: 964->882
[2024-08-28T13:06:33.773+0000][info][gc,heap        ] GC(1143) Archive regions: 2->2
[2024-08-28T13:06:33.773+0000][info][gc,heap        ] GC(1143) Humongous regions: 5->5
[2024-08-28T13:06:33.773+0000][info][gc,metaspace   ] GC(1143) Metaspace: 100K(320K)->100K(320K) NonClass: 96K(192K)->96K(192K) Class: 4K(128K)->4K(128K)
[2024-08-28T13:06:33.773+0000][info][gc             ] GC(1143) Pause Young (Mixed) (G1 Preventive Collection) 994M->894M(1024M) 7.843ms
[2024-08-28T13:06:33.773+0000][info][gc,cpu         ] GC(1143) User=0.17s Sys=0.00s Real=0.01s
[2024-08-28T13:06:33.797+0000][info][gc,start       ] GC(1144) Pause Young (Mixed) (G1 Evacuation Pause)
[2024-08-28T13:06:33.797+0000][info][gc,task        ] GC(1144) Using 24 workers of 68 for evacuation
[2024-08-28T13:06:33.809+0000][info][gc,phases      ] GC(1144)   Pre Evacuate Collection Set: 0.2ms
[2024-08-28T13:06:33.809+0000][info][gc,phases      ] GC(1144)   Merge Heap Roots: 0.3ms
[2024-08-28T13:06:33.809+0000][info][gc,phases      ] GC(1144)   Evacuate Collection Set: 10.5ms
[2024-08-28T13:06:33.809+0000][info][gc,phases      ] GC(1144)   Post Evacuate Collection Set: 0.4ms
[2024-08-28T13:06:33.809+0000][info][gc,phases      ] GC(1144)   Other: 0.3ms
[2024-08-28T13:06:33.809+0000][info][gc,heap        ] GC(1144) Eden regions: 44->0(44)
[2024-08-28T13:06:33.809+0000][info][gc,heap        ] GC(1144) Survivor regions: 7->7(7)
[2024-08-28T13:06:33.809+0000][info][gc,heap        ] GC(1144) Old regions: 882->824
[2024-08-28T13:06:33.809+0000][info][gc,heap        ] GC(1144) Archive regions: 2->2
[2024-08-28T13:06:33.809+0000][info][gc,heap        ] GC(1144) Humongous regions: 5->5
[2024-08-28T13:06:33.809+0000][info][gc,metaspace   ] GC(1144) Metaspace: 100K(320K)->100K(320K) NonClass: 96K(192K)->96K(192K) Class: 4K(128K)->4K(128K)
[2024-08-28T13:06:33.809+0000][info][gc             ] GC(1144) Pause Young (Mixed) (G1 Evacuation Pause) 938M->836M(1024M) 11.837ms
[2024-08-28T13:06:33.809+0000][info][gc,cpu         ] GC(1144) User=0.26s Sys=0.00s Real=0.01s
[2024-08-28T13:06:33.834+0000][info][gc,start       ] GC(1145) Pause Young (Mixed) (G1 Evacuation Pause)
[2024-08-28T13:06:33.834+0000][info][gc,task        ] GC(1145) Using 24 workers of 68 for evacuation
[2024-08-28T13:06:33.846+0000][info][gc,phases      ] GC(1145)   Pre Evacuate Collection Set: 0.2ms
[2024-08-28T13:06:33.846+0000][info][gc,phases      ] GC(1145)   Merge Heap Roots: 0.4ms
[2024-08-28T13:06:33.846+0000][info][gc,phases      ] GC(1145)   Evacuate Collection Set: 10.7ms
[2024-08-28T13:06:33.846+0000][info][gc,phases      ] GC(1145)   Post Evacuate Collection Set: 0.4ms
[2024-08-28T13:06:33.846+0000][info][gc,phases      ] GC(1145)   Other: 0.2ms
[2024-08-28T13:06:33.846+0000][info][gc,heap        ] GC(1145) Eden regions: 44->0(44)
[2024-08-28T13:06:33.846+0000][info][gc,heap        ] GC(1145) Survivor regions: 7->7(7)
[2024-08-28T13:06:33.846+0000][info][gc,heap        ] GC(1145) Old regions: 824->768
[2024-08-28T13:06:33.846+0000][info][gc,heap        ] GC(1145) Archive regions: 2->2
[2024-08-28T13:06:33.846+0000][info][gc,heap        ] GC(1145) Humongous regions: 5->5
[2024-08-28T13:06:33.846+0000][info][gc,metaspace   ] GC(1145) Metaspace: 100K(320K)->100K(320K) NonClass: 96K(192K)->96K(192K) Class: 4K(128K)->4K(128K)
[2024-08-28T13:06:33.846+0000][info][gc             ] GC(1145) Pause Young (Mixed) (G1 Evacuation Pause) 880M->780M(1024M) 12.171ms
[2024-08-28T13:06:33.846+0000][info][gc,cpu         ] GC(1145) User=0.26s Sys=0.00s Real=0.01s
[2024-08-28T13:06:33.871+0000][info][gc,start       ] GC(1146) Pause Young (Mixed) (G1 Evacuation Pause)
[2024-08-28T13:06:33.871+0000][info][gc,task        ] GC(1146) Using 24 workers of 68 for evacuation
[2024-08-28T13:06:33.883+0000][info][gc,phases      ] GC(1146)   Pre Evacuate Collection Set: 0.2ms
[2024-08-28T13:06:33.883+0000][info][gc,phases      ] GC(1146)   Merge Heap Roots: 0.3ms
[2024-08-28T13:06:33.883+0000][info][gc,phases      ] GC(1146)   Evacuate Collection Set: 11.3ms
[2024-08-28T13:06:33.883+0000][info][gc,phases      ] GC(1146)   Post Evacuate Collection Set: 0.4ms
[2024-08-28T13:06:33.883+0000][info][gc,phases      ] GC(1146)   Other: 0.3ms
[2024-08-28T13:06:33.883+0000][info][gc,heap        ] GC(1146) Eden regions: 44->0(44)
[2024-08-28T13:06:33.883+0000][info][gc,heap        ] GC(1146) Survivor regions: 7->7(7)
[2024-08-28T13:06:33.883+0000][info][gc,heap        ] GC(1146) Old regions: 768->784
[2024-08-28T13:06:33.883+0000][info][gc,heap        ] GC(1146) Archive regions: 2->2
[2024-08-28T13:06:33.883+0000][info][gc,heap        ] GC(1146) Humongous regions: 5->5
[2024-08-28T13:06:33.883+0000][info][gc,metaspace   ] GC(1146) Metaspace: 100K(320K)->100K(320K) NonClass: 96K(192K)->96K(192K) Class: 4K(128K)->4K(128K)
[2024-08-28T13:06:33.883+0000][info][gc             ] GC(1146) Pause Young (Mixed) (G1 Evacuation Pause) 824M->796M(1024M) 12.505ms
[2024-08-28T13:06:33.883+0000][info][gc,cpu         ] GC(1146) User=0.28s Sys=0.00s Real=0.01s
[2024-08-28T13:06:33.908+0000][info][gc,start       ] GC(1147) Pause Young (Concurrent Start) (G1 Evacuation Pause)
[2024-08-28T13:06:33.908+0000][info][gc,task        ] GC(1147) Using 24 workers of 68 for evacuation
[2024-08-28T13:06:33.920+0000][info][gc,phases      ] GC(1147)   Pre Evacuate Collection Set: 0.2ms
[2024-08-28T13:06:33.920+0000][info][gc,phases      ] GC(1147)   Merge Heap Roots: 0.2ms
[2024-08-28T13:06:33.920+0000][info][gc,phases      ] GC(1147)   Evacuate Collection Set: 10.6ms
[2024-08-28T13:06:33.920+0000][info][gc,phases      ] GC(1147)   Post Evacuate Collection Set: 0.4ms
[2024-08-28T13:06:33.920+0000][info][gc,phases      ] GC(1147)   Other: 0.7ms
[2024-08-28T13:06:33.920+0000][info][gc,heap        ] GC(1147) Eden regions: 44->0(44)
[2024-08-28T13:06:33.920+0000][info][gc,heap        ] GC(1147) Survivor regions: 7->7(7)
[2024-08-28T13:06:33.920+0000][info][gc,heap        ] GC(1147) Old regions: 784->831
[2024-08-28T13:06:33.920+0000][info][gc,heap        ] GC(1147) Archive regions: 2->2
[2024-08-28T13:06:33.920+0000][info][gc,heap        ] GC(1147) Humongous regions: 5->5
[2024-08-28T13:06:33.920+0000][info][gc,metaspace   ] GC(1147) Metaspace: 100K(320K)->100K(320K) NonClass: 96K(192K)->96K(192K) Class: 4K(128K)->4K(128K)
[2024-08-28T13:06:33.920+0000][info][gc             ] GC(1147) Pause Young (Concurrent Start) (G1 Evacuation Pause) 840M->843M(1024M) 12.163ms
[2024-08-28T13:06:33.920+0000][info][gc,cpu         ] GC(1147) User=0.26s Sys=0.00s Real=0.02s
[2024-08-28T13:06:33.920+0000][info][gc             ] GC(1148) Concurrent Mark Cycle
[2024-08-28T13:06:33.920+0000][info][gc,marking     ] GC(1148) Concurrent Clear Claimed Marks
[2024-08-28T13:06:33.920+0000][info][gc,marking     ] GC(1148) Concurrent Clear Claimed Marks 0.013ms
[2024-08-28T13:06:33.920+0000][info][gc,marking     ] GC(1148) Concurrent Scan Root Regions
[2024-08-28T13:06:33.922+0000][info][gc,marking     ] GC(1148) Concurrent Scan Root Regions 1.753ms
[2024-08-28T13:06:33.922+0000][info][gc,marking     ] GC(1148) Concurrent Mark
[2024-08-28T13:06:33.922+0000][info][gc,marking     ] GC(1148) Concurrent Mark From Roots
[2024-08-28T13:06:33.922+0000][info][gc,task        ] GC(1148) Using 17 workers of 17 for marking
[2024-08-28T13:06:33.947+0000][info][gc,marking     ] GC(1148) Concurrent Mark From Roots 24.331ms
[2024-08-28T13:06:33.947+0000][info][gc,marking     ] GC(1148) Concurrent Preclean
[2024-08-28T13:06:33.948+0000][info][gc,marking     ] GC(1148) Concurrent Preclean 0.972ms
[2024-08-28T13:06:33.948+0000][info][gc,start       ] GC(1148) Pause Remark
[2024-08-28T13:06:33.949+0000][info][gc             ] GC(1148) Pause Remark 876M->876M(1024M) 1.367ms
[2024-08-28T13:06:33.950+0000][info][gc,cpu         ] GC(1148) User=0.00s Sys=0.00s Real=0.01s
[2024-08-28T13:06:33.950+0000][info][gc,marking     ] GC(1148) Concurrent Mark 27.383ms
[2024-08-28T13:06:33.950+0000][info][gc,marking     ] GC(1148) Concurrent Rebuild Remembered Sets
[2024-08-28T13:06:33.956+0000][info][gc,start       ] GC(1149) Pause Young (Normal) (G1 Evacuation Pause)
[2024-08-28T13:06:33.956+0000][info][gc,task        ] GC(1149) Using 24 workers of 68 for evacuation
[2024-08-28T13:06:33.967+0000][info][gc,phases      ] GC(1149)   Pre Evacuate Collection Set: 0.1ms
[2024-08-28T13:06:33.967+0000][info][gc,phases      ] GC(1149)   Merge Heap Roots: 0.4ms
[2024-08-28T13:06:33.967+0000][info][gc,phases      ] GC(1149)   Evacuate Collection Set: 9.7ms
[2024-08-28T13:06:33.967+0000][info][gc,phases      ] GC(1149)   Post Evacuate Collection Set: 0.4ms
[2024-08-28T13:06:33.967+0000][info][gc,phases      ] GC(1149)   Other: 0.2ms
[2024-08-28T13:06:33.967+0000][info][gc,heap        ] GC(1149) Eden regions: 44->0(44)
[2024-08-28T13:06:33.967+0000][info][gc,heap        ] GC(1149) Survivor regions: 7->7(7)
[2024-08-28T13:06:33.967+0000][info][gc,heap        ] GC(1149) Old regions: 831->877
[2024-08-28T13:06:33.967+0000][info][gc,heap        ] GC(1149) Archive regions: 2->2
[2024-08-28T13:06:33.967+0000][info][gc,heap        ] GC(1149) Humongous regions: 5->5
[2024-08-28T13:06:33.967+0000][info][gc,metaspace   ] GC(1149) Metaspace: 100K(320K)->100K(320K) NonClass: 96K(192K)->96K(192K) Class: 4K(128K)->4K(128K)
[2024-08-28T13:06:33.967+0000][info][gc             ] GC(1149) Pause Young (Normal) (G1 Evacuation Pause) 887M->889M(1024M) 10.863ms
[2024-08-28T13:06:33.967+0000][info][gc,cpu         ] GC(1149) User=0.24s Sys=0.00s Real=0.01s
[2024-08-28T13:06:33.993+0000][info][gc,start       ] GC(1150) Pause Young (Normal) (G1 Evacuation Pause)
[2024-08-28T13:06:33.993+0000][info][gc,task        ] GC(1150) Using 24 workers of 68 for evacuation
[2024-08-28T13:06:34.007+0000][info][gc,phases      ] GC(1150)   Pre Evacuate Collection Set: 0.1ms
[2024-08-28T13:06:34.007+0000][info][gc,phases      ] GC(1150)   Merge Heap Roots: 0.3ms
[2024-08-28T13:06:34.007+0000][info][gc,phases      ] GC(1150)   Evacuate Collection Set: 13.3ms
[2024-08-28T13:06:34.007+0000][info][gc,phases      ] GC(1150)   Post Evacuate Collection Set: 0.5ms
[2024-08-28T13:06:34.007+0000][info][gc,phases      ] GC(1150)   Other: 0.2ms
[2024-08-28T13:06:34.007+0000][info][gc,heap        ] GC(1150) Eden regions: 44->0(44)
[2024-08-28T13:06:34.007+0000][info][gc,heap        ] GC(1150) Survivor regions: 7->7(7)
[2024-08-28T13:06:34.007+0000][info][gc,heap        ] GC(1150) Old regions: 877->923
[2024-08-28T13:06:34.007+0000][info][gc,heap        ] GC(1150) Archive regions: 2->2
[2024-08-28T13:06:34.007+0000][info][gc,heap        ] GC(1150) Humongous regions: 5->5
[2024-08-28T13:06:34.007+0000][info][gc,metaspace   ] GC(1150) Metaspace: 100K(320K)->100K(320K) NonClass: 96K(192K)->96K(192K) Class: 4K(128K)->4K(128K)
[2024-08-28T13:06:34.007+0000][info][gc             ] GC(1150) Pause Young (Normal) (G1 Evacuation Pause) 933M->935M(1024M) 14.517ms
[2024-08-28T13:06:34.007+0000][info][gc,cpu         ] GC(1150) User=0.33s Sys=0.00s Real=0.01s
[2024-08-28T13:06:34.029+0000][info][gc,marking     ] GC(1148) Concurrent Rebuild Remembered Sets 79.472ms
[2024-08-28T13:06:34.029+0000][info][gc,start       ] GC(1148) Pause Cleanup
[2024-08-28T13:06:34.031+0000][info][gc             ] GC(1148) Pause Cleanup 971M->971M(1024M) 1.557ms
[2024-08-28T13:06:34.031+0000][info][gc,cpu         ] GC(1148) User=0.01s Sys=0.00s Real=0.01s
[2024-08-28T13:06:34.031+0000][info][gc,marking     ] GC(1148) Concurrent Cleanup for Next Mark
[2024-08-28T13:06:34.032+0000][info][gc,marking     ] GC(1148) Concurrent Cleanup for Next Mark 0.843ms
[2024-08-28T13:06:34.032+0000][info][gc             ] GC(1148) Concurrent Mark Cycle 111.480ms
[2024-08-28T13:06:34.034+0000][info][gc,start       ] GC(1151) Pause Young (Prepare Mixed) (G1 Preventive Collection)
[2024-08-28T13:06:34.034+0000][info][gc,task        ] GC(1151) Using 24 workers of 68 for evacuation
[2024-08-28T13:06:34.050+0000][info][gc,phases      ] GC(1151)   Pre Evacuate Collection Set: 0.1ms
[2024-08-28T13:06:34.050+0000][info][gc,phases      ] GC(1151)   Merge Heap Roots: 0.6ms
[2024-08-28T13:06:34.050+0000][info][gc,phases      ] GC(1151)   Evacuate Collection Set: 14.7ms
[2024-08-28T13:06:34.050+0000][info][gc,phases      ] GC(1151)   Post Evacuate Collection Set: 0.3ms
[2024-08-28T13:06:34.050+0000][info][gc,phases      ] GC(1151)   Other: 0.2ms
[2024-08-28T13:06:34.050+0000][info][gc,heap        ] GC(1151) Eden regions: 38->0(44)
[2024-08-28T13:06:34.050+0000][info][gc,heap        ] GC(1151) Survivor regions: 7->7(7)
[2024-08-28T13:06:34.050+0000][info][gc,heap        ] GC(1151) Old regions: 923->964
[2024-08-28T13:06:34.050+0000][info][gc,heap        ] GC(1151) Archive regions: 2->2
[2024-08-28T13:06:34.050+0000][info][gc,heap        ] GC(1151) Humongous regions: 5->5
[2024-08-28T13:06:34.050+0000][info][gc,metaspace   ] GC(1151) Metaspace: 100K(320K)->100K(320K) NonClass: 96K(192K)->96K(192K) Class: 4K(128K)->4K(128K)
[2024-08-28T13:06:34.050+0000][info][gc             ] GC(1151) Pause Young (Prepare Mixed) (G1 Preventive Collection) 973M->976M(1024M) 16.007ms
[2024-08-28T13:06:34.050+0000][info][gc,cpu         ] GC(1151) User=0.36s Sys=0.01s Real=0.02s
[2024-08-28T13:06:34.061+0000][info][gc,start       ] GC(1152) Pause Young (Mixed) (G1 Preventive Collection)
[2024-08-28T13:06:34.061+0000][info][gc,task        ] GC(1152) Using 24 workers of 68 for evacuation
[2024-08-28T13:06:34.068+0000][info][gc,phases      ] GC(1152)   Pre Evacuate Collection Set: 0.2ms
[2024-08-28T13:06:34.068+0000][info][gc,phases      ] GC(1152)   Merge Heap Roots: 0.3ms
[2024-08-28T13:06:34.068+0000][info][gc,phases      ] GC(1152)   Evacuate Collection Set: 6.4ms
[2024-08-28T13:06:34.068+0000][info][gc,phases      ] GC(1152)   Post Evacuate Collection Set: 0.4ms
[2024-08-28T13:06:34.068+0000][info][gc,phases      ] GC(1152)   Other: 0.2ms
[2024-08-28T13:06:34.068+0000][info][gc,heap        ] GC(1152) Eden regions: 18->0(44)
[2024-08-28T13:06:34.068+0000][info][gc,heap        ] GC(1152) Survivor regions: 7->7(7)
[2024-08-28T13:06:34.068+0000][info][gc,heap        ] GC(1152) Old regions: 964->882
[2024-08-28T13:06:34.068+0000][info][gc,heap        ] GC(1152) Archive regions: 2->2
[2024-08-28T13:06:34.068+0000][info][gc,heap        ] GC(1152) Humongous regions: 5->5
[2024-08-28T13:06:34.068+0000][info][gc,metaspace   ] GC(1152) Metaspace: 100K(320K)->100K(320K) NonClass: 96K(192K)->96K(192K) Class: 4K(128K)->4K(128K)
[2024-08-28T13:06:34.068+0000][info][gc             ] GC(1152) Pause Young (Mixed) (G1 Preventive Collection) 994M->894M(1024M) 7.522ms
[2024-08-28T13:06:34.068+0000][info][gc,cpu         ] GC(1152) User=0.16s Sys=0.00s Real=0.00s
[2024-08-28T13:06:34.092+0000][info][gc,start       ] GC(1153) Pause Young (Mixed) (G1 Evacuation Pause)
[2024-08-28T13:06:34.092+0000][info][gc,task        ] GC(1153) Using 24 workers of 68 for evacuation
[2024-08-28T13:06:34.104+0000][info][gc,phases      ] GC(1153)   Pre Evacuate Collection Set: 0.2ms
[2024-08-28T13:06:34.104+0000][info][gc,phases      ] GC(1153)   Merge Heap Roots: 0.4ms
[2024-08-28T13:06:34.104+0000][info][gc,phases      ] GC(1153)   Evacuate Collection Set: 10.4ms
[2024-08-28T13:06:34.104+0000][info][gc,phases      ] GC(1153)   Post Evacuate Collection Set: 0.4ms
[2024-08-28T13:06:34.104+0000][info][gc,phases      ] GC(1153)   Other: 0.3ms
[2024-08-28T13:06:34.104+0000][info][gc,heap        ] GC(1153) Eden regions: 44->0(44)
[2024-08-28T13:06:34.104+0000][info][gc,heap        ] GC(1153) Survivor regions: 7->7(7)
[2024-08-28T13:06:34.104+0000][info][gc,heap        ] GC(1153) Old regions: 882->824
[2024-08-28T13:06:34.104+0000][info][gc,heap        ] GC(1153) Archive regions: 2->2
[2024-08-28T13:06:34.104+0000][info][gc,heap        ] GC(1153) Humongous regions: 5->5
[2024-08-28T13:06:34.104+0000][info][gc,metaspace   ] GC(1153) Metaspace: 100K(320K)->100K(320K) NonClass: 96K(192K)->96K(192K) Class: 4K(128K)->4K(128K)
[2024-08-28T13:06:34.104+0000][info][gc             ] GC(1153) Pause Young (Mixed) (G1 Evacuation Pause) 938M->836M(1024M) 11.786ms
[2024-08-28T13:06:34.104+0000][info][gc,cpu         ] GC(1153) User=0.26s Sys=0.00s Real=0.01s
[2024-08-28T13:06:34.128+0000][info][gc,start       ] GC(1154) Pause Young (Mixed) (G1 Evacuation Pause)
[2024-08-28T13:06:34.128+0000][info][gc,task        ] GC(1154) Using 24 workers of 68 for evacuation
[2024-08-28T13:06:34.140+0000][info][gc,phases      ] GC(1154)   Pre Evacuate Collection Set: 0.2ms
[2024-08-28T13:06:34.140+0000][info][gc,phases      ] GC(1154)   Merge Heap Roots: 0.4ms
[2024-08-28T13:06:34.140+0000][info][gc,phases      ] GC(1154)   Evacuate Collection Set: 10.5ms
[2024-08-28T13:06:34.140+0000][info][gc,phases      ] GC(1154)   Post Evacuate Collection Set: 0.4ms
[2024-08-28T13:06:34.140+0000][info][gc,phases      ] GC(1154)   Other: 0.3ms
[2024-08-28T13:06:34.140+0000][info][gc,heap        ] GC(1154) Eden regions: 44->0(44)
[2024-08-28T13:06:34.140+0000][info][gc,heap        ] GC(1154) Survivor regions: 7->7(7)
[2024-08-28T13:06:34.140+0000][info][gc,heap        ] GC(1154) Old regions: 824->768
[2024-08-28T13:06:34.140+0000][info][gc,heap        ] GC(1154) Archive regions: 2->2
[2024-08-28T13:06:34.140+0000][info][gc,heap        ] GC(1154) Humongous regions: 5->5
[2024-08-28T13:06:34.140+0000][info][gc,metaspace   ] GC(1154) Metaspace: 100K(320K)->100K(320K) NonClass: 96K(192K)->96K(192K) Class: 4K(128K)->4K(128K)
[2024-08-28T13:06:34.140+0000][info][gc             ] GC(1154) Pause Young (Mixed) (G1 Evacuation Pause) 880M->780M(1024M) 11.834ms
[2024-08-28T13:06:34.140+0000][info][gc,cpu         ] GC(1154) User=0.26s Sys=0.00s Real=0.02s
[2024-08-28T13:06:34.163+0000][info][gc,start       ] GC(1155) Pause Young (Mixed) (G1 Evacuation Pause)
[2024-08-28T13:06:34.163+0000][info][gc,task        ] GC(1155) Using 24 workers of 68 for evacuation
[2024-08-28T13:06:34.175+0000][info][gc,phases      ] GC(1155)   Pre Evacuate Collection Set: 0.2ms
[2024-08-28T13:06:34.175+0000][info][gc,phases      ] GC(1155)   Merge Heap Roots: 0.4ms
[2024-08-28T13:06:34.175+0000][info][gc,phases      ] GC(1155)   Evacuate Collection Set: 10.8ms
[2024-08-28T13:06:34.175+0000][info][gc,phases      ] GC(1155)   Post Evacuate Collection Set: 0.4ms
[2024-08-28T13:06:34.175+0000][info][gc,phases      ] GC(1155)   Other: 0.2ms
[2024-08-28T13:06:34.175+0000][info][gc,heap        ] GC(1155) Eden regions: 44->0(44)
[2024-08-28T13:06:34.175+0000][info][gc,heap        ] GC(1155) Survivor regions: 7->7(7)
[2024-08-28T13:06:34.175+0000][info][gc,heap        ] GC(1155) Old regions: 768->784
[2024-08-28T13:06:34.175+0000][info][gc,heap        ] GC(1155) Archive regions: 2->2
[2024-08-28T13:06:34.175+0000][info][gc,heap        ] GC(1155) Humongous regions: 5->5
[2024-08-28T13:06:34.175+0000][info][gc,metaspace   ] GC(1155) Metaspace: 100K(320K)->100K(320K) NonClass: 96K(192K)->96K(192K) Class: 4K(128K)->4K(128K)
[2024-08-28T13:06:34.175+0000][info][gc             ] GC(1155) Pause Young (Mixed) (G1 Evacuation Pause) 824M->796M(1024M) 12.019ms
[2024-08-28T13:06:34.175+0000][info][gc,cpu         ] GC(1155) User=0.26s Sys=0.00s Real=0.01s
[2024-08-28T13:06:34.199+0000][info][gc,start       ] GC(1156) Pause Young (Concurrent Start) (G1 Evacuation Pause)
[2024-08-28T13:06:34.199+0000][info][gc,task        ] GC(1156) Using 24 workers of 68 for evacuation
[2024-08-28T13:06:34.211+0000][info][gc,phases      ] GC(1156)   Pre Evacuate Collection Set: 0.2ms
[2024-08-28T13:06:34.211+0000][info][gc,phases      ] GC(1156)   Merge Heap Roots: 0.4ms
[2024-08-28T13:06:34.211+0000][info][gc,phases      ] GC(1156)   Evacuate Collection Set: 10.3ms
[2024-08-28T13:06:34.211+0000][info][gc,phases      ] GC(1156)   Post Evacuate Collection Set: 0.3ms
[2024-08-28T13:06:34.211+0000][info][gc,phases      ] GC(1156)   Other: 0.8ms
[2024-08-28T13:06:34.211+0000][info][gc,heap        ] GC(1156) Eden regions: 44->0(44)
[2024-08-28T13:06:34.211+0000][info][gc,heap        ] GC(1156) Survivor regions: 7->7(7)
[2024-08-28T13:06:34.211+0000][info][gc,heap        ] GC(1156) Old regions: 784->830
[2024-08-28T13:06:34.211+0000][info][gc,heap        ] GC(1156) Archive regions: 2->2
[2024-08-28T13:06:34.211+0000][info][gc,heap        ] GC(1156) Humongous regions: 5->5
[2024-08-28T13:06:34.211+0000][info][gc,metaspace   ] GC(1156) Metaspace: 100K(320K)->100K(320K) NonClass: 96K(192K)->96K(192K) Class: 4K(128K)->4K(128K)
[2024-08-28T13:06:34.211+0000][info][gc             ] GC(1156) Pause Young (Concurrent Start) (G1 Evacuation Pause) 840M->842M(1024M) 12.034ms
[2024-08-28T13:06:34.211+0000][info][gc,cpu         ] GC(1156) User=0.25s Sys=0.00s Real=0.01s
[2024-08-28T13:06:34.211+0000][info][gc             ] GC(1157) Concurrent Mark Cycle
[2024-08-28T13:06:34.211+0000][info][gc,marking     ] GC(1157) Concurrent Clear Claimed Marks
[2024-08-28T13:06:34.211+0000][info][gc,marking     ] GC(1157) Concurrent Clear Claimed Marks 0.013ms
[2024-08-28T13:06:34.211+0000][info][gc,marking     ] GC(1157) Concurrent Scan Root Regions
[2024-08-28T13:06:34.213+0000][info][gc,marking     ] GC(1157) Concurrent Scan Root Regions 1.775ms
[2024-08-28T13:06:34.213+0000][info][gc,marking     ] GC(1157) Concurrent Mark
[2024-08-28T13:06:34.213+0000][info][gc,marking     ] GC(1157) Concurrent Mark From Roots
[2024-08-28T13:06:34.213+0000][info][gc,task        ] GC(1157) Using 17 workers of 17 for marking
[2024-08-28T13:06:34.236+0000][info][gc,marking     ] GC(1157) Concurrent Mark From Roots 23.425ms
[2024-08-28T13:06:34.236+0000][info][gc,marking     ] GC(1157) Concurrent Preclean
[2024-08-28T13:06:34.237+0000][info][gc,marking     ] GC(1157) Concurrent Preclean 0.500ms
[2024-08-28T13:06:34.237+0000][info][gc,start       ] GC(1157) Pause Remark
[2024-08-28T13:06:34.238+0000][info][gc             ] GC(1157) Pause Remark 875M->875M(1024M) 1.218ms
[2024-08-28T13:06:34.238+0000][info][gc,cpu         ] GC(1157) User=0.00s Sys=0.00s Real=0.01s
[2024-08-28T13:06:34.238+0000][info][gc,marking     ] GC(1157) Concurrent Mark 25.486ms
[2024-08-28T13:06:34.239+0000][info][gc,marking     ] GC(1157) Concurrent Rebuild Remembered Sets
[2024-08-28T13:06:34.245+0000][info][gc,start       ] GC(1158) Pause Young (Normal) (G1 Evacuation Pause)
[2024-08-28T13:06:34.245+0000][info][gc,task        ] GC(1158) Using 24 workers of 68 for evacuation
[2024-08-28T13:06:34.256+0000][info][gc,phases      ] GC(1158)   Pre Evacuate Collection Set: 0.2ms
[2024-08-28T13:06:34.256+0000][info][gc,phases      ] GC(1158)   Merge Heap Roots: 0.2ms
[2024-08-28T13:06:34.256+0000][info][gc,phases      ] GC(1158)   Evacuate Collection Set: 9.6ms
[2024-08-28T13:06:34.256+0000][info][gc,phases      ] GC(1158)   Post Evacuate Collection Set: 0.4ms
[2024-08-28T13:06:34.256+0000][info][gc,phases      ] GC(1158)   Other: 0.2ms
[2024-08-28T13:06:34.256+0000][info][gc,heap        ] GC(1158) Eden regions: 44->0(44)
[2024-08-28T13:06:34.256+0000][info][gc,heap        ] GC(1158) Survivor regions: 7->7(7)
[2024-08-28T13:06:34.256+0000][info][gc,heap        ] GC(1158) Old regions: 830->876
[2024-08-28T13:06:34.256+0000][info][gc,heap        ] GC(1158) Archive regions: 2->2
[2024-08-28T13:06:34.256+0000][info][gc,heap        ] GC(1158) Humongous regions: 5->5
[2024-08-28T13:06:34.256+0000][info][gc,metaspace   ] GC(1158) Metaspace: 100K(320K)->100K(320K) NonClass: 96K(192K)->96K(192K) Class: 4K(128K)->4K(128K)
[2024-08-28T13:06:34.256+0000][info][gc             ] GC(1158) Pause Young (Normal) (G1 Evacuation Pause) 886M->888M(1024M) 10.708ms
[2024-08-28T13:06:34.256+0000][info][gc,cpu         ] GC(1158) User=0.24s Sys=0.00s Real=0.01s
[2024-08-28T13:06:34.283+0000][info][gc,start       ] GC(1159) Pause Young (Normal) (G1 Evacuation Pause)
[2024-08-28T13:06:34.283+0000][info][gc,task        ] GC(1159) Using 24 workers of 68 for evacuation
[2024-08-28T13:06:34.297+0000][info][gc,phases      ] GC(1159)   Pre Evacuate Collection Set: 0.1ms
[2024-08-28T13:06:34.297+0000][info][gc,phases      ] GC(1159)   Merge Heap Roots: 0.5ms
[2024-08-28T13:06:34.297+0000][info][gc,phases      ] GC(1159)   Evacuate Collection Set: 13.1ms
[2024-08-28T13:06:34.297+0000][info][gc,phases      ] GC(1159)   Post Evacuate Collection Set: 0.5ms
[2024-08-28T13:06:34.297+0000][info][gc,phases      ] GC(1159)   Other: 0.2ms
[2024-08-28T13:06:34.297+0000][info][gc,heap        ] GC(1159) Eden regions: 44->0(44)
[2024-08-28T13:06:34.297+0000][info][gc,heap        ] GC(1159) Survivor regions: 7->7(7)
[2024-08-28T13:06:34.297+0000][info][gc,heap        ] GC(1159) Old regions: 876->922
[2024-08-28T13:06:34.297+0000][info][gc,heap        ] GC(1159) Archive regions: 2->2
[2024-08-28T13:06:34.297+0000][info][gc,heap        ] GC(1159) Humongous regions: 5->5
[2024-08-28T13:06:34.297+0000][info][gc,metaspace   ] GC(1159) Metaspace: 100K(320K)->100K(320K) NonClass: 96K(192K)->96K(192K) Class: 4K(128K)->4K(128K)
[2024-08-28T13:06:34.297+0000][info][gc             ] GC(1159) Pause Young (Normal) (G1 Evacuation Pause) 932M->934M(1024M) 14.457ms
[2024-08-28T13:06:34.297+0000][info][gc,cpu         ] GC(1159) User=0.33s Sys=0.00s Real=0.01s
[2024-08-28T13:06:34.319+0000][info][gc,marking     ] GC(1157) Concurrent Rebuild Remembered Sets 80.340ms
[2024-08-28T13:06:34.319+0000][info][gc,start       ] GC(1157) Pause Cleanup
[2024-08-28T13:06:34.321+0000][info][gc             ] GC(1157) Pause Cleanup 970M->970M(1024M) 1.580ms
[2024-08-28T13:06:34.321+0000][info][gc,cpu         ] GC(1157) User=0.01s Sys=0.00s Real=0.00s
[2024-08-28T13:06:34.321+0000][info][gc,marking     ] GC(1157) Concurrent Cleanup for Next Mark
[2024-08-28T13:06:34.322+0000][info][gc,marking     ] GC(1157) Concurrent Cleanup for Next Mark 0.818ms
[2024-08-28T13:06:34.322+0000][info][gc             ] GC(1157) Concurrent Mark Cycle 110.469ms
[2024-08-28T13:06:34.323+0000][info][gc,start       ] GC(1160) Pause Young (Prepare Mixed) (G1 Preventive Collection)
[2024-08-28T13:06:34.323+0000][info][gc,task        ] GC(1160) Using 24 workers of 68 for evacuation
[2024-08-28T13:06:34.339+0000][info][gc,phases      ] GC(1160)   Pre Evacuate Collection Set: 0.1ms
[2024-08-28T13:06:34.339+0000][info][gc,phases      ] GC(1160)   Merge Heap Roots: 0.6ms
[2024-08-28T13:06:34.339+0000][info][gc,phases      ] GC(1160)   Evacuate Collection Set: 14.8ms
[2024-08-28T13:06:34.339+0000][info][gc,phases      ] GC(1160)   Post Evacuate Collection Set: 0.3ms
[2024-08-28T13:06:34.339+0000][info][gc,phases      ] GC(1160)   Other: 0.2ms
[2024-08-28T13:06:34.339+0000][info][gc,heap        ] GC(1160) Eden regions: 38->0(44)
[2024-08-28T13:06:34.339+0000][info][gc,heap        ] GC(1160) Survivor regions: 7->7(7)
[2024-08-28T13:06:34.339+0000][info][gc,heap        ] GC(1160) Old regions: 922->964
[2024-08-28T13:06:34.339+0000][info][gc,heap        ] GC(1160) Archive regions: 2->2
[2024-08-28T13:06:34.339+0000][info][gc,heap        ] GC(1160) Humongous regions: 5->5
[2024-08-28T13:06:34.339+0000][info][gc,metaspace   ] GC(1160) Metaspace: 100K(320K)->100K(320K) NonClass: 96K(192K)->96K(192K) Class: 4K(128K)->4K(128K)
[2024-08-28T13:06:34.339+0000][info][gc             ] GC(1160) Pause Young (Prepare Mixed) (G1 Preventive Collection) 972M->976M(1024M) 16.052ms
[2024-08-28T13:06:34.339+0000][info][gc,cpu         ] GC(1160) User=0.37s Sys=0.00s Real=0.02s
[2024-08-28T13:06:34.350+0000][info][gc,start       ] GC(1161) Pause Young (Mixed) (G1 Preventive Collection)
[2024-08-28T13:06:34.350+0000][info][gc,task        ] GC(1161) Using 24 workers of 68 for evacuation
[2024-08-28T13:06:34.357+0000][info][gc,phases      ] GC(1161)   Pre Evacuate Collection Set: 0.2ms
[2024-08-28T13:06:34.357+0000][info][gc,phases      ] GC(1161)   Merge Heap Roots: 0.2ms
[2024-08-28T13:06:34.357+0000][info][gc,phases      ] GC(1161)   Evacuate Collection Set: 6.2ms
[2024-08-28T13:06:34.357+0000][info][gc,phases      ] GC(1161)   Post Evacuate Collection Set: 0.3ms
[2024-08-28T13:06:34.357+0000][info][gc,phases      ] GC(1161)   Other: 0.2ms
[2024-08-28T13:06:34.357+0000][info][gc,heap        ] GC(1161) Eden regions: 18->0(44)
[2024-08-28T13:06:34.357+0000][info][gc,heap        ] GC(1161) Survivor regions: 7->7(7)
[2024-08-28T13:06:34.357+0000][info][gc,heap        ] GC(1161) Old regions: 964->882
[2024-08-28T13:06:34.357+0000][info][gc,heap        ] GC(1161) Archive regions: 2->2
[2024-08-28T13:06:34.357+0000][info][gc,heap        ] GC(1161) Humongous regions: 5->5
[2024-08-28T13:06:34.357+0000][info][gc,metaspace   ] GC(1161) Metaspace: 100K(320K)->100K(320K) NonClass: 96K(192K)->96K(192K) Class: 4K(128K)->4K(128K)
[2024-08-28T13:06:34.357+0000][info][gc             ] GC(1161) Pause Young (Mixed) (G1 Preventive Collection) 994M->894M(1024M) 7.229ms
[2024-08-28T13:06:34.357+0000][info][gc,cpu         ] GC(1161) User=0.16s Sys=0.00s Real=0.00s
[2024-08-28T13:06:34.381+0000][info][gc,start       ] GC(1162) Pause Young (Mixed) (G1 Evacuation Pause)
[2024-08-28T13:06:34.381+0000][info][gc,task        ] GC(1162) Using 24 workers of 68 for evacuation
[2024-08-28T13:06:34.393+0000][info][gc,phases      ] GC(1162)   Pre Evacuate Collection Set: 0.2ms
[2024-08-28T13:06:34.393+0000][info][gc,phases      ] GC(1162)   Merge Heap Roots: 0.4ms
[2024-08-28T13:06:34.393+0000][info][gc,phases      ] GC(1162)   Evacuate Collection Set: 10.3ms
[2024-08-28T13:06:34.393+0000][info][gc,phases      ] GC(1162)   Post Evacuate Collection Set: 0.4ms
[2024-08-28T13:06:34.393+0000][info][gc,phases      ] GC(1162)   Other: 0.3ms
[2024-08-28T13:06:34.393+0000][info][gc,heap        ] GC(1162) Eden regions: 44->0(44)
[2024-08-28T13:06:34.393+0000][info][gc,heap        ] GC(1162) Survivor regions: 7->7(7)
[2024-08-28T13:06:34.393+0000][info][gc,heap        ] GC(1162) Old regions: 882->824
[2024-08-28T13:06:34.393+0000][info][gc,heap        ] GC(1162) Archive regions: 2->2
[2024-08-28T13:06:34.393+0000][info][gc,heap        ] GC(1162) Humongous regions: 5->5
[2024-08-28T13:06:34.393+0000][info][gc,metaspace   ] GC(1162) Metaspace: 100K(320K)->100K(320K) NonClass: 96K(192K)->96K(192K) Class: 4K(128K)->4K(128K)
[2024-08-28T13:06:34.393+0000][info][gc             ] GC(1162) Pause Young (Mixed) (G1 Evacuation Pause) 938M->836M(1024M) 11.677ms
[2024-08-28T13:06:34.393+0000][info][gc,cpu         ] GC(1162) User=0.26s Sys=0.00s Real=0.01s
[2024-08-28T13:06:34.417+0000][info][gc,start       ] GC(1163) Pause Young (Mixed) (G1 Evacuation Pause)
[2024-08-28T13:06:34.417+0000][info][gc,task        ] GC(1163) Using 24 workers of 68 for evacuation
[2024-08-28T13:06:34.429+0000][info][gc,phases      ] GC(1163)   Pre Evacuate Collection Set: 0.2ms
[2024-08-28T13:06:34.429+0000][info][gc,phases      ] GC(1163)   Merge Heap Roots: 0.4ms
[2024-08-28T13:06:34.429+0000][info][gc,phases      ] GC(1163)   Evacuate Collection Set: 10.9ms
[2024-08-28T13:06:34.429+0000][info][gc,phases      ] GC(1163)   Post Evacuate Collection Set: 0.4ms
[2024-08-28T13:06:34.429+0000][info][gc,phases      ] GC(1163)   Other: 0.2ms
[2024-08-28T13:06:34.429+0000][info][gc,heap        ] GC(1163) Eden regions: 44->0(44)
[2024-08-28T13:06:34.429+0000][info][gc,heap        ] GC(1163) Survivor regions: 7->7(7)
[2024-08-28T13:06:34.429+0000][info][gc,heap        ] GC(1163) Old regions: 824->769
[2024-08-28T13:06:34.429+0000][info][gc,heap        ] GC(1163) Archive regions: 2->2
[2024-08-28T13:06:34.429+0000][info][gc,heap        ] GC(1163) Humongous regions: 5->5
[2024-08-28T13:06:34.429+0000][info][gc,metaspace   ] GC(1163) Metaspace: 100K(320K)->100K(320K) NonClass: 96K(192K)->96K(192K) Class: 4K(128K)->4K(128K)
[2024-08-28T13:06:34.429+0000][info][gc             ] GC(1163) Pause Young (Mixed) (G1 Evacuation Pause) 880M->781M(1024M) 12.176ms
[2024-08-28T13:06:34.429+0000][info][gc,cpu         ] GC(1163) User=0.27s Sys=0.00s Real=0.01s
[2024-08-28T13:06:34.454+0000][info][gc,start       ] GC(1164) Pause Young (Mixed) (G1 Evacuation Pause)
[2024-08-28T13:06:34.454+0000][info][gc,task        ] GC(1164) Using 24 workers of 68 for evacuation
[2024-08-28T13:06:34.467+0000][info][gc,phases      ] GC(1164)   Pre Evacuate Collection Set: 0.2ms
[2024-08-28T13:06:34.467+0000][info][gc,phases      ] GC(1164)   Merge Heap Roots: 0.4ms
[2024-08-28T13:06:34.467+0000][info][gc,phases      ] GC(1164)   Evacuate Collection Set: 11.4ms
[2024-08-28T13:06:34.467+0000][info][gc,phases      ] GC(1164)   Post Evacuate Collection Set: 0.3ms
[2024-08-28T13:06:34.467+0000][info][gc,phases      ] GC(1164)   Other: 0.3ms
[2024-08-28T13:06:34.467+0000][info][gc,heap        ] GC(1164) Eden regions: 44->0(44)
[2024-08-28T13:06:34.467+0000][info][gc,heap        ] GC(1164) Survivor regions: 7->7(7)
[2024-08-28T13:06:34.467+0000][info][gc,heap        ] GC(1164) Old regions: 769->785
[2024-08-28T13:06:34.467+0000][info][gc,heap        ] GC(1164) Archive regions: 2->2
[2024-08-28T13:06:34.467+0000][info][gc,heap        ] GC(1164) Humongous regions: 5->5
[2024-08-28T13:06:34.467+0000][info][gc,metaspace   ] GC(1164) Metaspace: 100K(320K)->100K(320K) NonClass: 96K(192K)->96K(192K) Class: 4K(128K)->4K(128K)
[2024-08-28T13:06:34.467+0000][info][gc             ] GC(1164) Pause Young (Mixed) (G1 Evacuation Pause) 825M->797M(1024M) 12.645ms
[2024-08-28T13:06:34.467+0000][info][gc,cpu         ] GC(1164) User=0.29s Sys=0.00s Real=0.01s
[2024-08-28T13:06:34.492+0000][info][gc,start       ] GC(1165) Pause Young (Concurrent Start) (G1 Evacuation Pause)
[2024-08-28T13:06:34.492+0000][info][gc,task        ] GC(1165) Using 24 workers of 68 for evacuation
[2024-08-28T13:06:34.504+0000][info][gc,phases      ] GC(1165)   Pre Evacuate Collection Set: 0.2ms
[2024-08-28T13:06:34.504+0000][info][gc,phases      ] GC(1165)   Merge Heap Roots: 0.3ms
[2024-08-28T13:06:34.504+0000][info][gc,phases      ] GC(1165)   Evacuate Collection Set: 10.3ms
[2024-08-28T13:06:34.504+0000][info][gc,phases      ] GC(1165)   Post Evacuate Collection Set: 0.3ms
[2024-08-28T13:06:34.504+0000][info][gc,phases      ] GC(1165)   Other: 0.6ms
[2024-08-28T13:06:34.504+0000][info][gc,heap        ] GC(1165) Eden regions: 44->0(44)
[2024-08-28T13:06:34.504+0000][info][gc,heap        ] GC(1165) Survivor regions: 7->7(7)
[2024-08-28T13:06:34.504+0000][info][gc,heap        ] GC(1165) Old regions: 785->832
[2024-08-28T13:06:34.504+0000][info][gc,heap        ] GC(1165) Archive regions: 2->2
[2024-08-28T13:06:34.504+0000][info][gc,heap        ] GC(1165) Humongous regions: 5->5
[2024-08-28T13:06:34.504+0000][info][gc,metaspace   ] GC(1165) Metaspace: 100K(320K)->100K(320K) NonClass: 96K(192K)->96K(192K) Class: 4K(128K)->4K(128K)
[2024-08-28T13:06:34.504+0000][info][gc             ] GC(1165) Pause Young (Concurrent Start) (G1 Evacuation Pause) 841M->844M(1024M) 11.749ms
[2024-08-28T13:06:34.504+0000][info][gc,cpu         ] GC(1165) User=0.26s Sys=0.00s Real=0.01s
[2024-08-28T13:06:34.504+0000][info][gc             ] GC(1166) Concurrent Mark Cycle
[2024-08-28T13:06:34.504+0000][info][gc,marking     ] GC(1166) Concurrent Clear Claimed Marks
[2024-08-28T13:06:34.504+0000][info][gc,marking     ] GC(1166) Concurrent Clear Claimed Marks 0.009ms
[2024-08-28T13:06:34.504+0000][info][gc,marking     ] GC(1166) Concurrent Scan Root Regions
[2024-08-28T13:06:34.506+0000][info][gc,marking     ] GC(1166) Concurrent Scan Root Regions 1.631ms
[2024-08-28T13:06:34.506+0000][info][gc,marking     ] GC(1166) Concurrent Mark
[2024-08-28T13:06:34.506+0000][info][gc,marking     ] GC(1166) Concurrent Mark From Roots
[2024-08-28T13:06:34.506+0000][info][gc,task        ] GC(1166) Using 17 workers of 17 for marking
[2024-08-28T13:06:34.531+0000][info][gc,marking     ] GC(1166) Concurrent Mark From Roots 25.129ms
[2024-08-28T13:06:34.531+0000][info][gc,marking     ] GC(1166) Concurrent Preclean
[2024-08-28T13:06:34.532+0000][info][gc,marking     ] GC(1166) Concurrent Preclean 0.502ms
[2024-08-28T13:06:34.532+0000][info][gc,start       ] GC(1166) Pause Remark
[2024-08-28T13:06:34.533+0000][info][gc             ] GC(1166) Pause Remark 878M->878M(1024M) 1.276ms
[2024-08-28T13:06:34.533+0000][info][gc,cpu         ] GC(1166) User=0.00s Sys=0.00s Real=0.00s
[2024-08-28T13:06:34.533+0000][info][gc,marking     ] GC(1166) Concurrent Mark 27.260ms
[2024-08-28T13:06:34.533+0000][info][gc,marking     ] GC(1166) Concurrent Rebuild Remembered Sets
[2024-08-28T13:06:34.540+0000][info][gc,start       ] GC(1167) Pause Young (Normal) (G1 Evacuation Pause)
[2024-08-28T13:06:34.540+0000][info][gc,task        ] GC(1167) Using 24 workers of 68 for evacuation
[2024-08-28T13:06:34.551+0000][info][gc,phases      ] GC(1167)   Pre Evacuate Collection Set: 0.1ms
[2024-08-28T13:06:34.551+0000][info][gc,phases      ] GC(1167)   Merge Heap Roots: 0.4ms
[2024-08-28T13:06:34.551+0000][info][gc,phases      ] GC(1167)   Evacuate Collection Set: 9.9ms
[2024-08-28T13:06:34.551+0000][info][gc,phases      ] GC(1167)   Post Evacuate Collection Set: 0.4ms
[2024-08-28T13:06:34.551+0000][info][gc,phases      ] GC(1167)   Other: 0.2ms
[2024-08-28T13:06:34.551+0000][info][gc,heap        ] GC(1167) Eden regions: 44->0(44)
[2024-08-28T13:06:34.551+0000][info][gc,heap        ] GC(1167) Survivor regions: 7->7(7)
[2024-08-28T13:06:34.551+0000][info][gc,heap        ] GC(1167) Old regions: 832->879
[2024-08-28T13:06:34.551+0000][info][gc,heap        ] GC(1167) Archive regions: 2->2
[2024-08-28T13:06:34.551+0000][info][gc,heap        ] GC(1167) Humongous regions: 5->5
[2024-08-28T13:06:34.551+0000][info][gc,metaspace   ] GC(1167) Metaspace: 100K(320K)->100K(320K) NonClass: 96K(192K)->96K(192K) Class: 4K(128K)->4K(128K)
[2024-08-28T13:06:34.551+0000][info][gc             ] GC(1167) Pause Young (Normal) (G1 Evacuation Pause) 888M->891M(1024M) 11.024ms
[2024-08-28T13:06:34.551+0000][info][gc,cpu         ] GC(1167) User=0.24s Sys=0.00s Real=0.01s
[2024-08-28T13:06:34.579+0000][info][gc,start       ] GC(1168) Pause Young (Normal) (G1 Evacuation Pause)
[2024-08-28T13:06:34.579+0000][info][gc,task        ] GC(1168) Using 24 workers of 68 for evacuation
[2024-08-28T13:06:34.594+0000][info][gc,phases      ] GC(1168)   Pre Evacuate Collection Set: 0.1ms
[2024-08-28T13:06:34.594+0000][info][gc,phases      ] GC(1168)   Merge Heap Roots: 0.4ms
[2024-08-28T13:06:34.594+0000][info][gc,phases      ] GC(1168)   Evacuate Collection Set: 13.5ms
[2024-08-28T13:06:34.594+0000][info][gc,phases      ] GC(1168)   Post Evacuate Collection Set: 0.5ms
[2024-08-28T13:06:34.594+0000][info][gc,phases      ] GC(1168)   Other: 0.2ms
[2024-08-28T13:06:34.594+0000][info][gc,heap        ] GC(1168) Eden regions: 44->0(44)
[2024-08-28T13:06:34.594+0000][info][gc,heap        ] GC(1168) Survivor regions: 7->7(7)
[2024-08-28T13:06:34.594+0000][info][gc,heap        ] GC(1168) Old regions: 879->925
[2024-08-28T13:06:34.594+0000][info][gc,heap        ] GC(1168) Archive regions: 2->2
[2024-08-28T13:06:34.594+0000][info][gc,heap        ] GC(1168) Humongous regions: 5->5
[2024-08-28T13:06:34.594+0000][info][gc,metaspace   ] GC(1168) Metaspace: 100K(320K)->100K(320K) NonClass: 96K(192K)->96K(192K) Class: 4K(128K)->4K(128K)
[2024-08-28T13:06:34.594+0000][info][gc             ] GC(1168) Pause Young (Normal) (G1 Evacuation Pause) 935M->937M(1024M) 14.861ms
[2024-08-28T13:06:34.594+0000][info][gc,cpu         ] GC(1168) User=0.34s Sys=0.00s Real=0.01s
[2024-08-28T13:06:34.613+0000][info][gc,marking     ] GC(1166) Concurrent Rebuild Remembered Sets 80.038ms
[2024-08-28T13:06:34.613+0000][info][gc,start       ] GC(1166) Pause Cleanup
[2024-08-28T13:06:34.615+0000][info][gc             ] GC(1166) Pause Cleanup 968M->968M(1024M) 1.506ms
[2024-08-28T13:06:34.615+0000][info][gc,cpu         ] GC(1166) User=0.00s Sys=0.00s Real=0.00s
[2024-08-28T13:06:34.615+0000][info][gc,marking     ] GC(1166) Concurrent Cleanup for Next Mark
[2024-08-28T13:06:34.616+0000][info][gc,marking     ] GC(1166) Concurrent Cleanup for Next Mark 0.821ms
[2024-08-28T13:06:34.616+0000][info][gc             ] GC(1166) Concurrent Mark Cycle 111.612ms
[2024-08-28T13:06:34.619+0000][info][gc,start       ] GC(1169) Pause Young (Prepare Mixed) (G1 Preventive Collection)
[2024-08-28T13:06:34.619+0000][info][gc,task        ] GC(1169) Using 24 workers of 68 for evacuation
[2024-08-28T13:06:34.635+0000][info][gc,phases      ] GC(1169)   Pre Evacuate Collection Set: 0.2ms
[2024-08-28T13:06:34.635+0000][info][gc,phases      ] GC(1169)   Merge Heap Roots: 0.5ms
[2024-08-28T13:06:34.635+0000][info][gc,phases      ] GC(1169)   Evacuate Collection Set: 14.3ms
[2024-08-28T13:06:34.635+0000][info][gc,phases      ] GC(1169)   Post Evacuate Collection Set: 0.3ms
[2024-08-28T13:06:34.635+0000][info][gc,phases      ] GC(1169)   Other: 0.2ms
[2024-08-28T13:06:34.635+0000][info][gc,heap        ] GC(1169) Eden regions: 37->0(44)
[2024-08-28T13:06:34.635+0000][info][gc,heap        ] GC(1169) Survivor regions: 7->7(7)
[2024-08-28T13:06:34.635+0000][info][gc,heap        ] GC(1169) Old regions: 925->965
[2024-08-28T13:06:34.635+0000][info][gc,heap        ] GC(1169) Archive regions: 2->2
[2024-08-28T13:06:34.635+0000][info][gc,heap        ] GC(1169) Humongous regions: 5->5
[2024-08-28T13:06:34.635+0000][info][gc,metaspace   ] GC(1169) Metaspace: 100K(320K)->100K(320K) NonClass: 96K(192K)->96K(192K) Class: 4K(128K)->4K(128K)
[2024-08-28T13:06:34.635+0000][info][gc             ] GC(1169) Pause Young (Prepare Mixed) (G1 Preventive Collection) 974M->977M(1024M) 15.382ms
[2024-08-28T13:06:34.635+0000][info][gc,cpu         ] GC(1169) User=0.36s Sys=0.00s Real=0.01s
[2024-08-28T13:06:34.645+0000][info][gc,start       ] GC(1170) Pause Young (Mixed) (G1 Preventive Collection)
[2024-08-28T13:06:34.645+0000][info][gc,task        ] GC(1170) Using 24 workers of 68 for evacuation
[2024-08-28T13:06:34.652+0000][info][gc,phases      ] GC(1170)   Pre Evacuate Collection Set: 0.2ms
[2024-08-28T13:06:34.652+0000][info][gc,phases      ] GC(1170)   Merge Heap Roots: 0.3ms
[2024-08-28T13:06:34.652+0000][info][gc,phases      ] GC(1170)   Evacuate Collection Set: 6.3ms
[2024-08-28T13:06:34.652+0000][info][gc,phases      ] GC(1170)   Post Evacuate Collection Set: 0.4ms
[2024-08-28T13:06:34.652+0000][info][gc,phases      ] GC(1170)   Other: 0.2ms
[2024-08-28T13:06:34.652+0000][info][gc,heap        ] GC(1170) Eden regions: 17->0(44)
[2024-08-28T13:06:34.652+0000][info][gc,heap        ] GC(1170) Survivor regions: 7->7(7)
[2024-08-28T13:06:34.652+0000][info][gc,heap        ] GC(1170) Old regions: 965->882
[2024-08-28T13:06:34.652+0000][info][gc,heap        ] GC(1170) Archive regions: 2->2
[2024-08-28T13:06:34.652+0000][info][gc,heap        ] GC(1170) Humongous regions: 5->5
[2024-08-28T13:06:34.652+0000][info][gc,metaspace   ] GC(1170) Metaspace: 100K(320K)->100K(320K) NonClass: 96K(192K)->96K(192K) Class: 4K(128K)->4K(128K)
[2024-08-28T13:06:34.652+0000][info][gc             ] GC(1170) Pause Young (Mixed) (G1 Preventive Collection) 994M->894M(1024M) 7.376ms
[2024-08-28T13:06:34.652+0000][info][gc,cpu         ] GC(1170) User=0.16s Sys=0.00s Real=0.01s
[2024-08-28T13:06:34.676+0000][info][gc,start       ] GC(1171) Pause Young (Mixed) (G1 Evacuation Pause)
[2024-08-28T13:06:34.676+0000][info][gc,task        ] GC(1171) Using 24 workers of 68 for evacuation
[2024-08-28T13:06:34.688+0000][info][gc,phases      ] GC(1171)   Pre Evacuate Collection Set: 0.2ms
[2024-08-28T13:06:34.688+0000][info][gc,phases      ] GC(1171)   Merge Heap Roots: 0.3ms
[2024-08-28T13:06:34.688+0000][info][gc,phases      ] GC(1171)   Evacuate Collection Set: 10.3ms
[2024-08-28T13:06:34.688+0000][info][gc,phases      ] GC(1171)   Post Evacuate Collection Set: 0.4ms
[2024-08-28T13:06:34.688+0000][info][gc,phases      ] GC(1171)   Other: 0.2ms
[2024-08-28T13:06:34.688+0000][info][gc,heap        ] GC(1171) Eden regions: 44->0(44)
[2024-08-28T13:06:34.688+0000][info][gc,heap        ] GC(1171) Survivor regions: 7->7(7)
[2024-08-28T13:06:34.688+0000][info][gc,heap        ] GC(1171) Old regions: 882->824
[2024-08-28T13:06:34.688+0000][info][gc,heap        ] GC(1171) Archive regions: 2->2
[2024-08-28T13:06:34.688+0000][info][gc,heap        ] GC(1171) Humongous regions: 5->5
[2024-08-28T13:06:34.688+0000][info][gc,metaspace   ] GC(1171) Metaspace: 100K(320K)->100K(320K) NonClass: 96K(192K)->96K(192K) Class: 4K(128K)->4K(128K)
[2024-08-28T13:06:34.688+0000][info][gc             ] GC(1171) Pause Young (Mixed) (G1 Evacuation Pause) 938M->836M(1024M) 11.569ms
[2024-08-28T13:06:34.688+0000][info][gc,cpu         ] GC(1171) User=0.26s Sys=0.00s Real=0.01s
[2024-08-28T13:06:34.712+0000][info][gc,start       ] GC(1172) Pause Young (Mixed) (G1 Evacuation Pause)
[2024-08-28T13:06:34.712+0000][info][gc,task        ] GC(1172) Using 24 workers of 68 for evacuation
[2024-08-28T13:06:34.723+0000][info][gc,phases      ] GC(1172)   Pre Evacuate Collection Set: 0.2ms
[2024-08-28T13:06:34.723+0000][info][gc,phases      ] GC(1172)   Merge Heap Roots: 0.4ms
[2024-08-28T13:06:34.723+0000][info][gc,phases      ] GC(1172)   Evacuate Collection Set: 10.5ms
[2024-08-28T13:06:34.723+0000][info][gc,phases      ] GC(1172)   Post Evacuate Collection Set: 0.5ms
[2024-08-28T13:06:34.723+0000][info][gc,phases      ] GC(1172)   Other: 0.2ms
[2024-08-28T13:06:34.723+0000][info][gc,heap        ] GC(1172) Eden regions: 44->0(44)
[2024-08-28T13:06:34.723+0000][info][gc,heap        ] GC(1172) Survivor regions: 7->7(7)
[2024-08-28T13:06:34.723+0000][info][gc,heap        ] GC(1172) Old regions: 824->768
[2024-08-28T13:06:34.723+0000][info][gc,heap        ] GC(1172) Archive regions: 2->2
[2024-08-28T13:06:34.723+0000][info][gc,heap        ] GC(1172) Humongous regions: 5->5
[2024-08-28T13:06:34.723+0000][info][gc,metaspace   ] GC(1172) Metaspace: 100K(320K)->100K(320K) NonClass: 96K(192K)->96K(192K) Class: 4K(128K)->4K(128K)
[2024-08-28T13:06:34.723+0000][info][gc             ] GC(1172) Pause Young (Mixed) (G1 Evacuation Pause) 880M->780M(1024M) 11.919ms
[2024-08-28T13:06:34.724+0000][info][gc,cpu         ] GC(1172) User=0.27s Sys=0.00s Real=0.01s
[2024-08-28T13:06:34.748+0000][info][gc,start       ] GC(1173) Pause Young (Mixed) (G1 Evacuation Pause)
[2024-08-28T13:06:34.748+0000][info][gc,task        ] GC(1173) Using 24 workers of 68 for evacuation
[2024-08-28T13:06:34.760+0000][info][gc,phases      ] GC(1173)   Pre Evacuate Collection Set: 0.2ms
[2024-08-28T13:06:34.760+0000][info][gc,phases      ] GC(1173)   Merge Heap Roots: 0.3ms
[2024-08-28T13:06:34.760+0000][info][gc,phases      ] GC(1173)   Evacuate Collection Set: 10.9ms
[2024-08-28T13:06:34.760+0000][info][gc,phases      ] GC(1173)   Post Evacuate Collection Set: 0.4ms
[2024-08-28T13:06:34.760+0000][info][gc,phases      ] GC(1173)   Other: 0.3ms
[2024-08-28T13:06:34.760+0000][info][gc,heap        ] GC(1173) Eden regions: 44->0(44)
[2024-08-28T13:06:34.760+0000][info][gc,heap        ] GC(1173) Survivor regions: 7->7(7)
[2024-08-28T13:06:34.760+0000][info][gc,heap        ] GC(1173) Old regions: 768->784
[2024-08-28T13:06:34.760+0000][info][gc,heap        ] GC(1173) Archive regions: 2->2
[2024-08-28T13:06:34.760+0000][info][gc,heap        ] GC(1173) Humongous regions: 5->5
[2024-08-28T13:06:34.760+0000][info][gc,metaspace   ] GC(1173) Metaspace: 100K(320K)->100K(320K) NonClass: 96K(192K)->96K(192K) Class: 4K(128K)->4K(128K)
[2024-08-28T13:06:34.760+0000][info][gc             ] GC(1173) Pause Young (Mixed) (G1 Evacuation Pause) 824M->796M(1024M) 12.113ms
[2024-08-28T13:06:34.760+0000][info][gc,cpu         ] GC(1173) User=0.27s Sys=0.00s Real=0.02s
[2024-08-28T13:06:34.784+0000][info][gc,start       ] GC(1174) Pause Young (Concurrent Start) (G1 Evacuation Pause)
[2024-08-28T13:06:34.784+0000][info][gc,task        ] GC(1174) Using 24 workers of 68 for evacuation
[2024-08-28T13:06:34.795+0000][info][gc,phases      ] GC(1174)   Pre Evacuate Collection Set: 0.1ms
[2024-08-28T13:06:34.795+0000][info][gc,phases      ] GC(1174)   Merge Heap Roots: 0.2ms
[2024-08-28T13:06:34.795+0000][info][gc,phases      ] GC(1174)   Evacuate Collection Set: 10.0ms
[2024-08-28T13:06:34.795+0000][info][gc,phases      ] GC(1174)   Post Evacuate Collection Set: 0.3ms
[2024-08-28T13:06:34.795+0000][info][gc,phases      ] GC(1174)   Other: 0.6ms
[2024-08-28T13:06:34.795+0000][info][gc,heap        ] GC(1174) Eden regions: 44->0(44)
[2024-08-28T13:06:34.795+0000][info][gc,heap        ] GC(1174) Survivor regions: 7->7(7)
[2024-08-28T13:06:34.795+0000][info][gc,heap        ] GC(1174) Old regions: 784->831
[2024-08-28T13:06:34.795+0000][info][gc,heap        ] GC(1174) Archive regions: 2->2
[2024-08-28T13:06:34.795+0000][info][gc,heap        ] GC(1174) Humongous regions: 5->5
[2024-08-28T13:06:34.796+0000][info][gc,metaspace   ] GC(1174) Metaspace: 100K(320K)->100K(320K) NonClass: 96K(192K)->96K(192K) Class: 4K(128K)->4K(128K)
[2024-08-28T13:06:34.796+0000][info][gc             ] GC(1174) Pause Young (Concurrent Start) (G1 Evacuation Pause) 840M->843M(1024M) 11.424ms
[2024-08-28T13:06:34.796+0000][info][gc,cpu         ] GC(1174) User=0.24s Sys=0.00s Real=0.01s
[2024-08-28T13:06:34.796+0000][info][gc             ] GC(1175) Concurrent Mark Cycle
[2024-08-28T13:06:34.796+0000][info][gc,marking     ] GC(1175) Concurrent Clear Claimed Marks
[2024-08-28T13:06:34.796+0000][info][gc,marking     ] GC(1175) Concurrent Clear Claimed Marks 0.013ms
[2024-08-28T13:06:34.796+0000][info][gc,marking     ] GC(1175) Concurrent Scan Root Regions
[2024-08-28T13:06:34.798+0000][info][gc,marking     ] GC(1175) Concurrent Scan Root Regions 1.832ms
[2024-08-28T13:06:34.798+0000][info][gc,marking     ] GC(1175) Concurrent Mark
[2024-08-28T13:06:34.798+0000][info][gc,marking     ] GC(1175) Concurrent Mark From Roots
[2024-08-28T13:06:34.798+0000][info][gc,task        ] GC(1175) Using 17 workers of 17 for marking
[2024-08-28T13:06:34.823+0000][info][gc,marking     ] GC(1175) Concurrent Mark From Roots 25.003ms
[2024-08-28T13:06:34.823+0000][info][gc,marking     ] GC(1175) Concurrent Preclean
[2024-08-28T13:06:34.824+0000][info][gc,marking     ] GC(1175) Concurrent Preclean 0.915ms
[2024-08-28T13:06:34.824+0000][info][gc,start       ] GC(1175) Pause Remark
[2024-08-28T13:06:34.825+0000][info][gc             ] GC(1175) Pause Remark 876M->876M(1024M) 1.365ms
[2024-08-28T13:06:34.825+0000][info][gc,cpu         ] GC(1175) User=0.01s Sys=0.00s Real=0.00s
[2024-08-28T13:06:34.825+0000][info][gc,marking     ] GC(1175) Concurrent Mark 27.680ms
[2024-08-28T13:06:34.825+0000][info][gc,marking     ] GC(1175) Concurrent Rebuild Remembered Sets
[2024-08-28T13:06:34.832+0000][info][gc,start       ] GC(1176) Pause Young (Normal) (G1 Evacuation Pause)
[2024-08-28T13:06:34.832+0000][info][gc,task        ] GC(1176) Using 24 workers of 68 for evacuation
[2024-08-28T13:06:34.843+0000][info][gc,phases      ] GC(1176)   Pre Evacuate Collection Set: 0.1ms
[2024-08-28T13:06:34.843+0000][info][gc,phases      ] GC(1176)   Merge Heap Roots: 0.4ms
[2024-08-28T13:06:34.843+0000][info][gc,phases      ] GC(1176)   Evacuate Collection Set: 9.9ms
[2024-08-28T13:06:34.843+0000][info][gc,phases      ] GC(1176)   Post Evacuate Collection Set: 0.4ms
[2024-08-28T13:06:34.843+0000][info][gc,phases      ] GC(1176)   Other: 0.2ms
[2024-08-28T13:06:34.843+0000][info][gc,heap        ] GC(1176) Eden regions: 44->0(44)
[2024-08-28T13:06:34.843+0000][info][gc,heap        ] GC(1176) Survivor regions: 7->7(7)
[2024-08-28T13:06:34.843+0000][info][gc,heap        ] GC(1176) Old regions: 831->877
[2024-08-28T13:06:34.843+0000][info][gc,heap        ] GC(1176) Archive regions: 2->2
[2024-08-28T13:06:34.843+0000][info][gc,heap        ] GC(1176) Humongous regions: 5->5
[2024-08-28T13:06:34.843+0000][info][gc,metaspace   ] GC(1176) Metaspace: 100K(320K)->100K(320K) NonClass: 96K(192K)->96K(192K) Class: 4K(128K)->4K(128K)
[2024-08-28T13:06:34.843+0000][info][gc             ] GC(1176) Pause Young (Normal) (G1 Evacuation Pause) 887M->889M(1024M) 11.016ms
[2024-08-28T13:06:34.843+0000][info][gc,cpu         ] GC(1176) User=0.25s Sys=0.00s Real=0.01s
[2024-08-28T13:06:34.871+0000][info][gc,start       ] GC(1177) Pause Young (Normal) (G1 Evacuation Pause)
[2024-08-28T13:06:34.871+0000][info][gc,task        ] GC(1177) Using 24 workers of 68 for evacuation
[2024-08-28T13:06:34.886+0000][info][gc,phases      ] GC(1177)   Pre Evacuate Collection Set: 0.1ms
[2024-08-28T13:06:34.886+0000][info][gc,phases      ] GC(1177)   Merge Heap Roots: 0.3ms
[2024-08-28T13:06:34.886+0000][info][gc,phases      ] GC(1177)   Evacuate Collection Set: 14.1ms
[2024-08-28T13:06:34.886+0000][info][gc,phases      ] GC(1177)   Post Evacuate Collection Set: 0.5ms
[2024-08-28T13:06:34.886+0000][info][gc,phases      ] GC(1177)   Other: 0.2ms
[2024-08-28T13:06:34.886+0000][info][gc,heap        ] GC(1177) Eden regions: 44->0(44)
[2024-08-28T13:06:34.886+0000][info][gc,heap        ] GC(1177) Survivor regions: 7->7(7)
[2024-08-28T13:06:34.886+0000][info][gc,heap        ] GC(1177) Old regions: 877->924
[2024-08-28T13:06:34.886+0000][info][gc,heap        ] GC(1177) Archive regions: 2->2
[2024-08-28T13:06:34.886+0000][info][gc,heap        ] GC(1177) Humongous regions: 5->5
[2024-08-28T13:06:34.886+0000][info][gc,metaspace   ] GC(1177) Metaspace: 100K(320K)->100K(320K) NonClass: 96K(192K)->96K(192K) Class: 4K(128K)->4K(128K)
[2024-08-28T13:06:34.886+0000][info][gc             ] GC(1177) Pause Young (Normal) (G1 Evacuation Pause) 933M->936M(1024M) 15.321ms
[2024-08-28T13:06:34.886+0000][info][gc,cpu         ] GC(1177) User=0.35s Sys=0.00s Real=0.01s
[2024-08-28T13:06:34.906+0000][info][gc,marking     ] GC(1175) Concurrent Rebuild Remembered Sets 80.570ms
[2024-08-28T13:06:34.906+0000][info][gc,start       ] GC(1175) Pause Cleanup
[2024-08-28T13:06:34.908+0000][info][gc             ] GC(1175) Pause Cleanup 969M->969M(1024M) 1.547ms
[2024-08-28T13:06:34.908+0000][info][gc,cpu         ] GC(1175) User=0.00s Sys=0.00s Real=0.00s
[2024-08-28T13:06:34.908+0000][info][gc,marking     ] GC(1175) Concurrent Cleanup for Next Mark
[2024-08-28T13:06:34.909+0000][info][gc,marking     ] GC(1175) Concurrent Cleanup for Next Mark 0.903ms
[2024-08-28T13:06:34.909+0000][info][gc             ] GC(1175) Concurrent Mark Cycle 112.998ms
[2024-08-28T13:06:34.911+0000][info][gc,start       ] GC(1178) Pause Young (Prepare Mixed) (G1 Preventive Collection)
[2024-08-28T13:06:34.911+0000][info][gc,task        ] GC(1178) Using 24 workers of 68 for evacuation
[2024-08-28T13:06:34.927+0000][info][gc,phases      ] GC(1178)   Pre Evacuate Collection Set: 0.1ms
[2024-08-28T13:06:34.927+0000][info][gc,phases      ] GC(1178)   Merge Heap Roots: 0.6ms
[2024-08-28T13:06:34.927+0000][info][gc,phases      ] GC(1178)   Evacuate Collection Set: 14.5ms
[2024-08-28T13:06:34.927+0000][info][gc,phases      ] GC(1178)   Post Evacuate Collection Set: 0.3ms
[2024-08-28T13:06:34.927+0000][info][gc,phases      ] GC(1178)   Other: 0.2ms
[2024-08-28T13:06:34.927+0000][info][gc,heap        ] GC(1178) Eden regions: 37->0(44)
[2024-08-28T13:06:34.927+0000][info][gc,heap        ] GC(1178) Survivor regions: 7->7(7)
[2024-08-28T13:06:34.927+0000][info][gc,heap        ] GC(1178) Old regions: 924->964
[2024-08-28T13:06:34.927+0000][info][gc,heap        ] GC(1178) Archive regions: 2->2
[2024-08-28T13:06:34.927+0000][info][gc,heap        ] GC(1178) Humongous regions: 5->5
[2024-08-28T13:06:34.927+0000][info][gc,metaspace   ] GC(1178) Metaspace: 100K(320K)->100K(320K) NonClass: 96K(192K)->96K(192K) Class: 4K(128K)->4K(128K)
[2024-08-28T13:06:34.927+0000][info][gc             ] GC(1178) Pause Young (Prepare Mixed) (G1 Preventive Collection) 973M->976M(1024M) 15.745ms
[2024-08-28T13:06:34.927+0000][info][gc,cpu         ] GC(1178) User=0.36s Sys=0.00s Real=0.01s
[2024-08-28T13:06:34.938+0000][info][gc,start       ] GC(1179) Pause Young (Mixed) (G1 Preventive Collection)
[2024-08-28T13:06:34.938+0000][info][gc,task        ] GC(1179) Using 24 workers of 68 for evacuation
[2024-08-28T13:06:34.946+0000][info][gc,phases      ] GC(1179)   Pre Evacuate Collection Set: 0.2ms
[2024-08-28T13:06:34.946+0000][info][gc,phases      ] GC(1179)   Merge Heap Roots: 0.3ms
[2024-08-28T13:06:34.946+0000][info][gc,phases      ] GC(1179)   Evacuate Collection Set: 6.6ms
[2024-08-28T13:06:34.946+0000][info][gc,phases      ] GC(1179)   Post Evacuate Collection Set: 0.4ms
[2024-08-28T13:06:34.946+0000][info][gc,phases      ] GC(1179)   Other: 0.1ms
[2024-08-28T13:06:34.946+0000][info][gc,heap        ] GC(1179) Eden regions: 18->0(44)
[2024-08-28T13:06:34.946+0000][info][gc,heap        ] GC(1179) Survivor regions: 7->7(7)
[2024-08-28T13:06:34.946+0000][info][gc,heap        ] GC(1179) Old regions: 964->882
[2024-08-28T13:06:34.946+0000][info][gc,heap        ] GC(1179) Archive regions: 2->2
[2024-08-28T13:06:34.946+0000][info][gc,heap        ] GC(1179) Humongous regions: 5->5
[2024-08-28T13:06:34.946+0000][info][gc,metaspace   ] GC(1179) Metaspace: 100K(320K)->100K(320K) NonClass: 96K(192K)->96K(192K) Class: 4K(128K)->4K(128K)
[2024-08-28T13:06:34.946+0000][info][gc             ] GC(1179) Pause Young (Mixed) (G1 Preventive Collection) 994M->894M(1024M) 7.806ms
[2024-08-28T13:06:34.946+0000][info][gc,cpu         ] GC(1179) User=0.16s Sys=0.01s Real=0.00s
[2024-08-28T13:06:34.970+0000][info][gc,start       ] GC(1180) Pause Young (Mixed) (G1 Evacuation Pause)
[2024-08-28T13:06:34.970+0000][info][gc,task        ] GC(1180) Using 24 workers of 68 for evacuation
[2024-08-28T13:06:34.982+0000][info][gc,phases      ] GC(1180)   Pre Evacuate Collection Set: 0.2ms
[2024-08-28T13:06:34.982+0000][info][gc,phases      ] GC(1180)   Merge Heap Roots: 0.4ms
[2024-08-28T13:06:34.982+0000][info][gc,phases      ] GC(1180)   Evacuate Collection Set: 10.6ms
[2024-08-28T13:06:34.982+0000][info][gc,phases      ] GC(1180)   Post Evacuate Collection Set: 0.4ms
[2024-08-28T13:06:34.982+0000][info][gc,phases      ] GC(1180)   Other: 0.2ms
[2024-08-28T13:06:34.982+0000][info][gc,heap        ] GC(1180) Eden regions: 44->0(44)
[2024-08-28T13:06:34.982+0000][info][gc,heap        ] GC(1180) Survivor regions: 7->7(7)
[2024-08-28T13:06:34.982+0000][info][gc,heap        ] GC(1180) Old regions: 882->824
[2024-08-28T13:06:34.982+0000][info][gc,heap        ] GC(1180) Archive regions: 2->2
[2024-08-28T13:06:34.982+0000][info][gc,heap        ] GC(1180) Humongous regions: 5->5
[2024-08-28T13:06:34.982+0000][info][gc,metaspace   ] GC(1180) Metaspace: 100K(320K)->100K(320K) NonClass: 96K(192K)->96K(192K) Class: 4K(128K)->4K(128K)
[2024-08-28T13:06:34.982+0000][info][gc             ] GC(1180) Pause Young (Mixed) (G1 Evacuation Pause) 938M->836M(1024M) 11.902ms
[2024-08-28T13:06:34.982+0000][info][gc,cpu         ] GC(1180) User=0.27s Sys=0.00s Real=0.01s
[2024-08-28T13:06:35.007+0000][info][gc,start       ] GC(1181) Pause Young (Mixed) (G1 Evacuation Pause)
[2024-08-28T13:06:35.007+0000][info][gc,task        ] GC(1181) Using 24 workers of 68 for evacuation
[2024-08-28T13:06:35.019+0000][info][gc,phases      ] GC(1181)   Pre Evacuate Collection Set: 0.2ms
[2024-08-28T13:06:35.019+0000][info][gc,phases      ] GC(1181)   Merge Heap Roots: 0.4ms
[2024-08-28T13:06:35.019+0000][info][gc,phases      ] GC(1181)   Evacuate Collection Set: 10.6ms
[2024-08-28T13:06:35.019+0000][info][gc,phases      ] GC(1181)   Post Evacuate Collection Set: 0.4ms
[2024-08-28T13:06:35.019+0000][info][gc,phases      ] GC(1181)   Other: 0.2ms
[2024-08-28T13:06:35.019+0000][info][gc,heap        ] GC(1181) Eden regions: 44->0(44)
[2024-08-28T13:06:35.019+0000][info][gc,heap        ] GC(1181) Survivor regions: 7->7(7)
[2024-08-28T13:06:35.019+0000][info][gc,heap        ] GC(1181) Old regions: 824->769
[2024-08-28T13:06:35.019+0000][info][gc,heap        ] GC(1181) Archive regions: 2->2
[2024-08-28T13:06:35.019+0000][info][gc,heap        ] GC(1181) Humongous regions: 5->5
[2024-08-28T13:06:35.019+0000][info][gc,metaspace   ] GC(1181) Metaspace: 100K(320K)->100K(320K) NonClass: 96K(192K)->96K(192K) Class: 4K(128K)->4K(128K)
[2024-08-28T13:06:35.019+0000][info][gc             ] GC(1181) Pause Young (Mixed) (G1 Evacuation Pause) 880M->781M(1024M) 12.039ms
[2024-08-28T13:06:35.019+0000][info][gc,cpu         ] GC(1181) User=0.27s Sys=0.00s Real=0.02s
[2024-08-28T13:06:35.044+0000][info][gc,start       ] GC(1182) Pause Young (Mixed) (G1 Evacuation Pause)
[2024-08-28T13:06:35.044+0000][info][gc,task        ] GC(1182) Using 24 workers of 68 for evacuation
[2024-08-28T13:06:35.056+0000][info][gc,phases      ] GC(1182)   Pre Evacuate Collection Set: 0.2ms
[2024-08-28T13:06:35.056+0000][info][gc,phases      ] GC(1182)   Merge Heap Roots: 0.4ms
[2024-08-28T13:06:35.056+0000][info][gc,phases      ] GC(1182)   Evacuate Collection Set: 11.1ms
[2024-08-28T13:06:35.056+0000][info][gc,phases      ] GC(1182)   Post Evacuate Collection Set: 0.4ms
[2024-08-28T13:06:35.056+0000][info][gc,phases      ] GC(1182)   Other: 0.2ms
[2024-08-28T13:06:35.056+0000][info][gc,heap        ] GC(1182) Eden regions: 44->0(44)
[2024-08-28T13:06:35.056+0000][info][gc,heap        ] GC(1182) Survivor regions: 7->7(7)
[2024-08-28T13:06:35.056+0000][info][gc,heap        ] GC(1182) Old regions: 769->785
[2024-08-28T13:06:35.056+0000][info][gc,heap        ] GC(1182) Archive regions: 2->2
[2024-08-28T13:06:35.056+0000][info][gc,heap        ] GC(1182) Humongous regions: 5->5
[2024-08-28T13:06:35.057+0000][info][gc,metaspace   ] GC(1182) Metaspace: 100K(320K)->100K(320K) NonClass: 96K(192K)->96K(192K) Class: 4K(128K)->4K(128K)
[2024-08-28T13:06:35.057+0000][info][gc             ] GC(1182) Pause Young (Mixed) (G1 Evacuation Pause) 825M->797M(1024M) 12.351ms
[2024-08-28T13:06:35.057+0000][info][gc,cpu         ] GC(1182) User=0.27s Sys=0.00s Real=0.01s
[2024-08-28T13:06:35.082+0000][info][gc,start       ] GC(1183) Pause Young (Concurrent Start) (G1 Evacuation Pause)
[2024-08-28T13:06:35.082+0000][info][gc,task        ] GC(1183) Using 24 workers of 68 for evacuation
[2024-08-28T13:06:35.094+0000][info][gc,phases      ] GC(1183)   Pre Evacuate Collection Set: 0.2ms
[2024-08-28T13:06:35.094+0000][info][gc,phases      ] GC(1183)   Merge Heap Roots: 0.4ms
[2024-08-28T13:06:35.094+0000][info][gc,phases      ] GC(1183)   Evacuate Collection Set: 10.2ms
[2024-08-28T13:06:35.094+0000][info][gc,phases      ] GC(1183)   Post Evacuate Collection Set: 0.3ms
[2024-08-28T13:06:35.094+0000][info][gc,phases      ] GC(1183)   Other: 0.6ms
[2024-08-28T13:06:35.094+0000][info][gc,heap        ] GC(1183) Eden regions: 44->0(44)
[2024-08-28T13:06:35.094+0000][info][gc,heap        ] GC(1183) Survivor regions: 7->7(7)
[2024-08-28T13:06:35.094+0000][info][gc,heap        ] GC(1183) Old regions: 785->832
[2024-08-28T13:06:35.094+0000][info][gc,heap        ] GC(1183) Archive regions: 2->2
[2024-08-28T13:06:35.094+0000][info][gc,heap        ] GC(1183) Humongous regions: 5->5
[2024-08-28T13:06:35.094+0000][info][gc,metaspace   ] GC(1183) Metaspace: 100K(320K)->100K(320K) NonClass: 96K(192K)->96K(192K) Class: 4K(128K)->4K(128K)
[2024-08-28T13:06:35.094+0000][info][gc             ] GC(1183) Pause Young (Concurrent Start) (G1 Evacuation Pause) 841M->844M(1024M) 11.767ms
[2024-08-28T13:06:35.094+0000][info][gc,cpu         ] GC(1183) User=0.25s Sys=0.00s Real=0.01s
[2024-08-28T13:06:35.094+0000][info][gc             ] GC(1184) Concurrent Mark Cycle
[2024-08-28T13:06:35.094+0000][info][gc,marking     ] GC(1184) Concurrent Clear Claimed Marks
[2024-08-28T13:06:35.094+0000][info][gc,marking     ] GC(1184) Concurrent Clear Claimed Marks 0.012ms
[2024-08-28T13:06:35.094+0000][info][gc,marking     ] GC(1184) Concurrent Scan Root Regions
[2024-08-28T13:06:35.096+0000][info][gc,marking     ] GC(1184) Concurrent Scan Root Regions 1.757ms
[2024-08-28T13:06:35.096+0000][info][gc,marking     ] GC(1184) Concurrent Mark
[2024-08-28T13:06:35.096+0000][info][gc,marking     ] GC(1184) Concurrent Mark From Roots
[2024-08-28T13:06:35.096+0000][info][gc,task        ] GC(1184) Using 17 workers of 17 for marking
[2024-08-28T13:06:35.121+0000][info][gc,marking     ] GC(1184) Concurrent Mark From Roots 25.347ms
[2024-08-28T13:06:35.121+0000][info][gc,marking     ] GC(1184) Concurrent Preclean
[2024-08-28T13:06:35.122+0000][info][gc,marking     ] GC(1184) Concurrent Preclean 0.730ms
[2024-08-28T13:06:35.122+0000][info][gc,start       ] GC(1184) Pause Remark
[2024-08-28T13:06:35.123+0000][info][gc             ] GC(1184) Pause Remark 878M->878M(1024M) 1.289ms
[2024-08-28T13:06:35.123+0000][info][gc,cpu         ] GC(1184) User=0.01s Sys=0.00s Real=0.00s
[2024-08-28T13:06:35.123+0000][info][gc,marking     ] GC(1184) Concurrent Mark 27.722ms
[2024-08-28T13:06:35.123+0000][info][gc,marking     ] GC(1184) Concurrent Rebuild Remembered Sets
[2024-08-28T13:06:35.130+0000][info][gc,start       ] GC(1185) Pause Young (Normal) (G1 Evacuation Pause)
[2024-08-28T13:06:35.130+0000][info][gc,task        ] GC(1185) Using 24 workers of 68 for evacuation
[2024-08-28T13:06:35.141+0000][info][gc,phases      ] GC(1185)   Pre Evacuate Collection Set: 0.2ms
[2024-08-28T13:06:35.141+0000][info][gc,phases      ] GC(1185)   Merge Heap Roots: 0.2ms
[2024-08-28T13:06:35.141+0000][info][gc,phases      ] GC(1185)   Evacuate Collection Set: 10.2ms
[2024-08-28T13:06:35.141+0000][info][gc,phases      ] GC(1185)   Post Evacuate Collection Set: 0.4ms
[2024-08-28T13:06:35.141+0000][info][gc,phases      ] GC(1185)   Other: 0.2ms
[2024-08-28T13:06:35.141+0000][info][gc,heap        ] GC(1185) Eden regions: 44->0(44)
[2024-08-28T13:06:35.141+0000][info][gc,heap        ] GC(1185) Survivor regions: 7->7(7)
[2024-08-28T13:06:35.141+0000][info][gc,heap        ] GC(1185) Old regions: 832->879
[2024-08-28T13:06:35.141+0000][info][gc,heap        ] GC(1185) Archive regions: 2->2
[2024-08-28T13:06:35.141+0000][info][gc,heap        ] GC(1185) Humongous regions: 5->5
[2024-08-28T13:06:35.141+0000][info][gc,metaspace   ] GC(1185) Metaspace: 100K(320K)->100K(320K) NonClass: 96K(192K)->96K(192K) Class: 4K(128K)->4K(128K)
[2024-08-28T13:06:35.141+0000][info][gc             ] GC(1185) Pause Young (Normal) (G1 Evacuation Pause) 888M->891M(1024M) 11.242ms
[2024-08-28T13:06:35.141+0000][info][gc,cpu         ] GC(1185) User=0.25s Sys=0.00s Real=0.01s
[2024-08-28T13:06:35.169+0000][info][gc,start       ] GC(1186) Pause Young (Normal) (G1 Evacuation Pause)
[2024-08-28T13:06:35.169+0000][info][gc,task        ] GC(1186) Using 24 workers of 68 for evacuation
[2024-08-28T13:06:35.184+0000][info][gc,phases      ] GC(1186)   Pre Evacuate Collection Set: 0.1ms
[2024-08-28T13:06:35.184+0000][info][gc,phases      ] GC(1186)   Merge Heap Roots: 0.5ms
[2024-08-28T13:06:35.184+0000][info][gc,phases      ] GC(1186)   Evacuate Collection Set: 13.8ms
[2024-08-28T13:06:35.184+0000][info][gc,phases      ] GC(1186)   Post Evacuate Collection Set: 0.5ms
[2024-08-28T13:06:35.184+0000][info][gc,phases      ] GC(1186)   Other: 0.2ms
[2024-08-28T13:06:35.184+0000][info][gc,heap        ] GC(1186) Eden regions: 44->0(44)
[2024-08-28T13:06:35.184+0000][info][gc,heap        ] GC(1186) Survivor regions: 7->7(7)
[2024-08-28T13:06:35.184+0000][info][gc,heap        ] GC(1186) Old regions: 879->926
[2024-08-28T13:06:35.184+0000][info][gc,heap        ] GC(1186) Archive regions: 2->2
[2024-08-28T13:06:35.184+0000][info][gc,heap        ] GC(1186) Humongous regions: 5->5
[2024-08-28T13:06:35.184+0000][info][gc,metaspace   ] GC(1186) Metaspace: 100K(320K)->100K(320K) NonClass: 96K(192K)->96K(192K) Class: 4K(128K)->4K(128K)
[2024-08-28T13:06:35.184+0000][info][gc             ] GC(1186) Pause Young (Normal) (G1 Evacuation Pause) 935M->938M(1024M) 15.201ms
[2024-08-28T13:06:35.184+0000][info][gc,cpu         ] GC(1186) User=0.35s Sys=0.00s Real=0.02s
[2024-08-28T13:06:35.204+0000][info][gc,marking     ] GC(1184) Concurrent Rebuild Remembered Sets 80.333ms
[2024-08-28T13:06:35.204+0000][info][gc,start       ] GC(1184) Pause Cleanup
[2024-08-28T13:06:35.205+0000][info][gc             ] GC(1184) Pause Cleanup 969M->969M(1024M) 1.559ms
[2024-08-28T13:06:35.206+0000][info][gc,cpu         ] GC(1184) User=0.00s Sys=0.00s Real=0.00s
[2024-08-28T13:06:35.206+0000][info][gc,marking     ] GC(1184) Concurrent Cleanup for Next Mark
[2024-08-28T13:06:35.206+0000][info][gc,marking     ] GC(1184) Concurrent Cleanup for Next Mark 0.829ms
[2024-08-28T13:06:35.206+0000][info][gc             ] GC(1184) Concurrent Mark Cycle 112.653ms
[2024-08-28T13:06:35.211+0000][info][gc,start       ] GC(1187) Pause Young (Prepare Mixed) (G1 Preventive Collection)
[2024-08-28T13:06:35.211+0000][info][gc,task        ] GC(1187) Using 24 workers of 68 for evacuation
[2024-08-28T13:06:35.227+0000][info][gc,phases      ] GC(1187)   Pre Evacuate Collection Set: 0.1ms
[2024-08-28T13:06:35.227+0000][info][gc,phases      ] GC(1187)   Merge Heap Roots: 0.6ms
[2024-08-28T13:06:35.227+0000][info][gc,phases      ] GC(1187)   Evacuate Collection Set: 14.7ms
[2024-08-28T13:06:35.227+0000][info][gc,phases      ] GC(1187)   Post Evacuate Collection Set: 0.3ms
[2024-08-28T13:06:35.227+0000][info][gc,phases      ] GC(1187)   Other: 0.2ms
[2024-08-28T13:06:35.227+0000][info][gc,heap        ] GC(1187) Eden regions: 37->0(44)
[2024-08-28T13:06:35.227+0000][info][gc,heap        ] GC(1187) Survivor regions: 7->7(7)
[2024-08-28T13:06:35.227+0000][info][gc,heap        ] GC(1187) Old regions: 926->966
[2024-08-28T13:06:35.227+0000][info][gc,heap        ] GC(1187) Archive regions: 2->2
[2024-08-28T13:06:35.227+0000][info][gc,heap        ] GC(1187) Humongous regions: 5->5
[2024-08-28T13:06:35.227+0000][info][gc,metaspace   ] GC(1187) Metaspace: 100K(320K)->100K(320K) NonClass: 96K(192K)->96K(192K) Class: 4K(128K)->4K(128K)
[2024-08-28T13:06:35.227+0000][info][gc             ] GC(1187) Pause Young (Prepare Mixed) (G1 Preventive Collection) 975M->978M(1024M) 15.981ms
[2024-08-28T13:06:35.227+0000][info][gc,cpu         ] GC(1187) User=0.37s Sys=0.00s Real=0.01s
[2024-08-28T13:06:35.237+0000][info][gc,start       ] GC(1188) Pause Young (Mixed) (G1 Preventive Collection)
[2024-08-28T13:06:35.237+0000][info][gc,task        ] GC(1188) Using 24 workers of 68 for evacuation
[2024-08-28T13:06:35.245+0000][info][gc,phases      ] GC(1188)   Pre Evacuate Collection Set: 0.2ms
[2024-08-28T13:06:35.245+0000][info][gc,phases      ] GC(1188)   Merge Heap Roots: 0.2ms
[2024-08-28T13:06:35.245+0000][info][gc,phases      ] GC(1188)   Evacuate Collection Set: 6.6ms
[2024-08-28T13:06:35.245+0000][info][gc,phases      ] GC(1188)   Post Evacuate Collection Set: 0.4ms
[2024-08-28T13:06:35.245+0000][info][gc,phases      ] GC(1188)   Other: 0.1ms
[2024-08-28T13:06:35.245+0000][info][gc,heap        ] GC(1188) Eden regions: 17->0(44)
[2024-08-28T13:06:35.245+0000][info][gc,heap        ] GC(1188) Survivor regions: 7->7(7)
[2024-08-28T13:06:35.245+0000][info][gc,heap        ] GC(1188) Old regions: 966->883
[2024-08-28T13:06:35.245+0000][info][gc,heap        ] GC(1188) Archive regions: 2->2
[2024-08-28T13:06:35.245+0000][info][gc,heap        ] GC(1188) Humongous regions: 5->5
[2024-08-28T13:06:35.245+0000][info][gc,metaspace   ] GC(1188) Metaspace: 100K(320K)->100K(320K) NonClass: 96K(192K)->96K(192K) Class: 4K(128K)->4K(128K)
[2024-08-28T13:06:35.245+0000][info][gc             ] GC(1188) Pause Young (Mixed) (G1 Preventive Collection) 995M->895M(1024M) 7.629ms
[2024-08-28T13:06:35.245+0000][info][gc,cpu         ] GC(1188) User=0.11s Sys=0.05s Real=0.01s
[2024-08-28T13:06:35.270+0000][info][gc,start       ] GC(1189) Pause Young (Mixed) (G1 Evacuation Pause)
[2024-08-28T13:06:35.270+0000][info][gc,task        ] GC(1189) Using 24 workers of 68 for evacuation
[2024-08-28T13:06:35.281+0000][info][gc,phases      ] GC(1189)   Pre Evacuate Collection Set: 0.2ms
[2024-08-28T13:06:35.281+0000][info][gc,phases      ] GC(1189)   Merge Heap Roots: 0.5ms
[2024-08-28T13:06:35.281+0000][info][gc,phases      ] GC(1189)   Evacuate Collection Set: 10.4ms
[2024-08-28T13:06:35.281+0000][info][gc,phases      ] GC(1189)   Post Evacuate Collection Set: 0.4ms
[2024-08-28T13:06:35.281+0000][info][gc,phases      ] GC(1189)   Other: 0.3ms
[2024-08-28T13:06:35.281+0000][info][gc,heap        ] GC(1189) Eden regions: 44->0(44)
[2024-08-28T13:06:35.281+0000][info][gc,heap        ] GC(1189) Survivor regions: 7->7(7)
[2024-08-28T13:06:35.281+0000][info][gc,heap        ] GC(1189) Old regions: 883->825
[2024-08-28T13:06:35.281+0000][info][gc,heap        ] GC(1189) Archive regions: 2->2
[2024-08-28T13:06:35.281+0000][info][gc,heap        ] GC(1189) Humongous regions: 5->5
[2024-08-28T13:06:35.281+0000][info][gc,metaspace   ] GC(1189) Metaspace: 100K(320K)->100K(320K) NonClass: 96K(192K)->96K(192K) Class: 4K(128K)->4K(128K)
[2024-08-28T13:06:35.282+0000][info][gc             ] GC(1189) Pause Young (Mixed) (G1 Evacuation Pause) 939M->837M(1024M) 11.886ms
[2024-08-28T13:06:35.282+0000][info][gc,cpu         ] GC(1189) User=0.26s Sys=0.01s Real=0.01s
[2024-08-28T13:06:35.306+0000][info][gc,start       ] GC(1190) Pause Young (Mixed) (G1 Evacuation Pause)
[2024-08-28T13:06:35.306+0000][info][gc,task        ] GC(1190) Using 24 workers of 68 for evacuation
[2024-08-28T13:06:35.318+0000][info][gc,phases      ] GC(1190)   Pre Evacuate Collection Set: 0.2ms
[2024-08-28T13:06:35.318+0000][info][gc,phases      ] GC(1190)   Merge Heap Roots: 0.3ms
[2024-08-28T13:06:35.318+0000][info][gc,phases      ] GC(1190)   Evacuate Collection Set: 10.5ms
[2024-08-28T13:06:35.318+0000][info][gc,phases      ] GC(1190)   Post Evacuate Collection Set: 0.4ms
[2024-08-28T13:06:35.318+0000][info][gc,phases      ] GC(1190)   Other: 0.3ms
[2024-08-28T13:06:35.318+0000][info][gc,heap        ] GC(1190) Eden regions: 44->0(44)
[2024-08-28T13:06:35.318+0000][info][gc,heap        ] GC(1190) Survivor regions: 7->7(7)
[2024-08-28T13:06:35.318+0000][info][gc,heap        ] GC(1190) Old regions: 825->770
[2024-08-28T13:06:35.318+0000][info][gc,heap        ] GC(1190) Archive regions: 2->2
[2024-08-28T13:06:35.318+0000][info][gc,heap        ] GC(1190) Humongous regions: 5->5
[2024-08-28T13:06:35.318+0000][info][gc,metaspace   ] GC(1190) Metaspace: 100K(320K)->100K(320K) NonClass: 96K(192K)->96K(192K) Class: 4K(128K)->4K(128K)
[2024-08-28T13:06:35.318+0000][info][gc             ] GC(1190) Pause Young (Mixed) (G1 Evacuation Pause) 881M->782M(1024M) 11.859ms
[2024-08-28T13:06:35.318+0000][info][gc,cpu         ] GC(1190) User=0.26s Sys=0.00s Real=0.02s
[2024-08-28T13:06:35.342+0000][info][gc,start       ] GC(1191) Pause Young (Mixed) (G1 Evacuation Pause)
[2024-08-28T13:06:35.342+0000][info][gc,task        ] GC(1191) Using 24 workers of 68 for evacuation
[2024-08-28T13:06:35.355+0000][info][gc,phases      ] GC(1191)   Pre Evacuate Collection Set: 0.2ms
[2024-08-28T13:06:35.355+0000][info][gc,phases      ] GC(1191)   Merge Heap Roots: 0.4ms
[2024-08-28T13:06:35.355+0000][info][gc,phases      ] GC(1191)   Evacuate Collection Set: 11.4ms
[2024-08-28T13:06:35.355+0000][info][gc,phases      ] GC(1191)   Post Evacuate Collection Set: 0.3ms
[2024-08-28T13:06:35.355+0000][info][gc,phases      ] GC(1191)   Other: 0.3ms
[2024-08-28T13:06:35.355+0000][info][gc,heap        ] GC(1191) Eden regions: 44->0(44)
[2024-08-28T13:06:35.355+0000][info][gc,heap        ] GC(1191) Survivor regions: 7->7(7)
[2024-08-28T13:06:35.355+0000][info][gc,heap        ] GC(1191) Old regions: 770->783
[2024-08-28T13:06:35.355+0000][info][gc,heap        ] GC(1191) Archive regions: 2->2
[2024-08-28T13:06:35.355+0000][info][gc,heap        ] GC(1191) Humongous regions: 5->5
[2024-08-28T13:06:35.355+0000][info][gc,metaspace   ] GC(1191) Metaspace: 100K(320K)->100K(320K) NonClass: 96K(192K)->96K(192K) Class: 4K(128K)->4K(128K)
[2024-08-28T13:06:35.355+0000][info][gc             ] GC(1191) Pause Young (Mixed) (G1 Evacuation Pause) 826M->795M(1024M) 12.622ms
[2024-08-28T13:06:35.355+0000][info][gc,cpu         ] GC(1191) User=0.29s Sys=0.00s Real=0.01s
[2024-08-28T13:06:35.380+0000][info][gc,start       ] GC(1192) Pause Young (Concurrent Start) (G1 Evacuation Pause)
[2024-08-28T13:06:35.380+0000][info][gc,task        ] GC(1192) Using 24 workers of 68 for evacuation
[2024-08-28T13:06:35.392+0000][info][gc,phases      ] GC(1192)   Pre Evacuate Collection Set: 0.2ms
[2024-08-28T13:06:35.392+0000][info][gc,phases      ] GC(1192)   Merge Heap Roots: 0.4ms
[2024-08-28T13:06:35.392+0000][info][gc,phases      ] GC(1192)   Evacuate Collection Set: 10.4ms
[2024-08-28T13:06:35.392+0000][info][gc,phases      ] GC(1192)   Post Evacuate Collection Set: 0.3ms
[2024-08-28T13:06:35.392+0000][info][gc,phases      ] GC(1192)   Other: 0.6ms
[2024-08-28T13:06:35.392+0000][info][gc,heap        ] GC(1192) Eden regions: 44->0(44)
[2024-08-28T13:06:35.392+0000][info][gc,heap        ] GC(1192) Survivor regions: 7->7(7)
[2024-08-28T13:06:35.392+0000][info][gc,heap        ] GC(1192) Old regions: 783->829
[2024-08-28T13:06:35.392+0000][info][gc,heap        ] GC(1192) Archive regions: 2->2
[2024-08-28T13:06:35.392+0000][info][gc,heap        ] GC(1192) Humongous regions: 5->5
[2024-08-28T13:06:35.392+0000][info][gc,metaspace   ] GC(1192) Metaspace: 100K(320K)->100K(320K) NonClass: 96K(192K)->96K(192K) Class: 4K(128K)->4K(128K)
[2024-08-28T13:06:35.392+0000][info][gc             ] GC(1192) Pause Young (Concurrent Start) (G1 Evacuation Pause) 839M->841M(1024M) 11.934ms
[2024-08-28T13:06:35.392+0000][info][gc,cpu         ] GC(1192) User=0.26s Sys=0.00s Real=0.01s
[2024-08-28T13:06:35.392+0000][info][gc             ] GC(1193) Concurrent Mark Cycle
[2024-08-28T13:06:35.392+0000][info][gc,marking     ] GC(1193) Concurrent Clear Claimed Marks
[2024-08-28T13:06:35.392+0000][info][gc,marking     ] GC(1193) Concurrent Clear Claimed Marks 0.009ms
[2024-08-28T13:06:35.392+0000][info][gc,marking     ] GC(1193) Concurrent Scan Root Regions
[2024-08-28T13:06:35.394+0000][info][gc,marking     ] GC(1193) Concurrent Scan Root Regions 1.724ms
[2024-08-28T13:06:35.394+0000][info][gc,marking     ] GC(1193) Concurrent Mark
[2024-08-28T13:06:35.394+0000][info][gc,marking     ] GC(1193) Concurrent Mark From Roots
[2024-08-28T13:06:35.394+0000][info][gc,task        ] GC(1193) Using 17 workers of 17 for marking
[2024-08-28T13:06:35.418+0000][info][gc,marking     ] GC(1193) Concurrent Mark From Roots 24.201ms
[2024-08-28T13:06:35.418+0000][info][gc,marking     ] GC(1193) Concurrent Preclean
[2024-08-28T13:06:35.419+0000][info][gc,marking     ] GC(1193) Concurrent Preclean 0.665ms
[2024-08-28T13:06:35.419+0000][info][gc,start       ] GC(1193) Pause Remark
[2024-08-28T13:06:35.420+0000][info][gc             ] GC(1193) Pause Remark 874M->874M(1024M) 1.212ms
[2024-08-28T13:06:35.420+0000][info][gc,cpu         ] GC(1193) User=0.00s Sys=0.00s Real=0.00s
[2024-08-28T13:06:35.420+0000][info][gc,marking     ] GC(1193) Concurrent Mark 26.429ms
[2024-08-28T13:06:35.420+0000][info][gc,marking     ] GC(1193) Concurrent Rebuild Remembered Sets
[2024-08-28T13:06:35.428+0000][info][gc,start       ] GC(1194) Pause Young (Normal) (G1 Evacuation Pause)
[2024-08-28T13:06:35.428+0000][info][gc,task        ] GC(1194) Using 24 workers of 68 for evacuation
[2024-08-28T13:06:35.439+0000][info][gc,phases      ] GC(1194)   Pre Evacuate Collection Set: 0.1ms
[2024-08-28T13:06:35.439+0000][info][gc,phases      ] GC(1194)   Merge Heap Roots: 0.4ms
[2024-08-28T13:06:35.439+0000][info][gc,phases      ] GC(1194)   Evacuate Collection Set: 9.8ms
[2024-08-28T13:06:35.439+0000][info][gc,phases      ] GC(1194)   Post Evacuate Collection Set: 0.4ms
[2024-08-28T13:06:35.439+0000][info][gc,phases      ] GC(1194)   Other: 0.2ms
[2024-08-28T13:06:35.439+0000][info][gc,heap        ] GC(1194) Eden regions: 44->0(44)
[2024-08-28T13:06:35.439+0000][info][gc,heap        ] GC(1194) Survivor regions: 7->7(7)
[2024-08-28T13:06:35.439+0000][info][gc,heap        ] GC(1194) Old regions: 829->876
[2024-08-28T13:06:35.439+0000][info][gc,heap        ] GC(1194) Archive regions: 2->2
[2024-08-28T13:06:35.439+0000][info][gc,heap        ] GC(1194) Humongous regions: 5->5
[2024-08-28T13:06:35.439+0000][info][gc,metaspace   ] GC(1194) Metaspace: 100K(320K)->100K(320K) NonClass: 96K(192K)->96K(192K) Class: 4K(128K)->4K(128K)
[2024-08-28T13:06:35.439+0000][info][gc             ] GC(1194) Pause Young (Normal) (G1 Evacuation Pause) 885M->888M(1024M) 10.970ms
[2024-08-28T13:06:35.439+0000][info][gc,cpu         ] GC(1194) User=0.25s Sys=0.00s Real=0.02s
[2024-08-28T13:06:35.468+0000][info][gc,start       ] GC(1195) Pause Young (Normal) (G1 Evacuation Pause)
[2024-08-28T13:06:35.468+0000][info][gc,task        ] GC(1195) Using 24 workers of 68 for evacuation
[2024-08-28T13:06:35.482+0000][info][gc,phases      ] GC(1195)   Pre Evacuate Collection Set: 0.1ms
[2024-08-28T13:06:35.482+0000][info][gc,phases      ] GC(1195)   Merge Heap Roots: 0.4ms
[2024-08-28T13:06:35.482+0000][info][gc,phases      ] GC(1195)   Evacuate Collection Set: 13.3ms
[2024-08-28T13:06:35.482+0000][info][gc,phases      ] GC(1195)   Post Evacuate Collection Set: 0.5ms
[2024-08-28T13:06:35.482+0000][info][gc,phases      ] GC(1195)   Other: 0.2ms
[2024-08-28T13:06:35.482+0000][info][gc,heap        ] GC(1195) Eden regions: 44->0(44)
[2024-08-28T13:06:35.482+0000][info][gc,heap        ] GC(1195) Survivor regions: 7->7(7)
[2024-08-28T13:06:35.482+0000][info][gc,heap        ] GC(1195) Old regions: 876->922
[2024-08-28T13:06:35.482+0000][info][gc,heap        ] GC(1195) Archive regions: 2->2
[2024-08-28T13:06:35.482+0000][info][gc,heap        ] GC(1195) Humongous regions: 5->5
[2024-08-28T13:06:35.482+0000][info][gc,metaspace   ] GC(1195) Metaspace: 100K(320K)->100K(320K) NonClass: 96K(192K)->96K(192K) Class: 4K(128K)->4K(128K)
[2024-08-28T13:06:35.482+0000][info][gc             ] GC(1195) Pause Young (Normal) (G1 Evacuation Pause) 932M->934M(1024M) 14.723ms
[2024-08-28T13:06:35.482+0000][info][gc,cpu         ] GC(1195) User=0.34s Sys=0.00s Real=0.02s
[2024-08-28T13:06:35.500+0000][info][gc,marking     ] GC(1193) Concurrent Rebuild Remembered Sets 79.790ms
[2024-08-28T13:06:35.501+0000][info][gc,start       ] GC(1193) Pause Cleanup
[2024-08-28T13:06:35.502+0000][info][gc             ] GC(1193) Pause Cleanup 962M->962M(1024M) 1.553ms
[2024-08-28T13:06:35.502+0000][info][gc,cpu         ] GC(1193) User=0.00s Sys=0.00s Real=0.00s
[2024-08-28T13:06:35.502+0000][info][gc,marking     ] GC(1193) Concurrent Cleanup for Next Mark
[2024-08-28T13:06:35.503+0000][info][gc,marking     ] GC(1193) Concurrent Cleanup for Next Mark 0.895ms
[2024-08-28T13:06:35.503+0000][info][gc             ] GC(1193) Concurrent Mark Cycle 110.835ms
[2024-08-28T13:06:35.509+0000][info][gc,start       ] GC(1196) Pause Young (Prepare Mixed) (G1 Preventive Collection)
[2024-08-28T13:06:35.509+0000][info][gc,task        ] GC(1196) Using 24 workers of 68 for evacuation
[2024-08-28T13:06:35.525+0000][info][gc,phases      ] GC(1196)   Pre Evacuate Collection Set: 0.2ms
[2024-08-28T13:06:35.525+0000][info][gc,phases      ] GC(1196)   Merge Heap Roots: 0.4ms
[2024-08-28T13:06:35.525+0000][info][gc,phases      ] GC(1196)   Evacuate Collection Set: 14.8ms
[2024-08-28T13:06:35.525+0000][info][gc,phases      ] GC(1196)   Post Evacuate Collection Set: 0.3ms
[2024-08-28T13:06:35.525+0000][info][gc,phases      ] GC(1196)   Other: 0.2ms
[2024-08-28T13:06:35.525+0000][info][gc,heap        ] GC(1196) Eden regions: 38->0(44)
[2024-08-28T13:06:35.525+0000][info][gc,heap        ] GC(1196) Survivor regions: 7->7(7)
[2024-08-28T13:06:35.525+0000][info][gc,heap        ] GC(1196) Old regions: 922->962
[2024-08-28T13:06:35.525+0000][info][gc,heap        ] GC(1196) Archive regions: 2->2
[2024-08-28T13:06:35.525+0000][info][gc,heap        ] GC(1196) Humongous regions: 5->5
[2024-08-28T13:06:35.525+0000][info][gc,metaspace   ] GC(1196) Metaspace: 100K(320K)->100K(320K) NonClass: 96K(192K)->96K(192K) Class: 4K(128K)->4K(128K)
[2024-08-28T13:06:35.525+0000][info][gc             ] GC(1196) Pause Young (Prepare Mixed) (G1 Preventive Collection) 972M->974M(1024M) 15.974ms
[2024-08-28T13:06:35.525+0000][info][gc,cpu         ] GC(1196) User=0.36s Sys=0.01s Real=0.02s
[2024-08-28T13:06:35.537+0000][info][gc,start       ] GC(1197) Pause Young (Mixed) (G1 Preventive Collection)
[2024-08-28T13:06:35.537+0000][info][gc,task        ] GC(1197) Using 24 workers of 68 for evacuation
[2024-08-28T13:06:35.545+0000][info][gc,phases      ] GC(1197)   Pre Evacuate Collection Set: 0.2ms
[2024-08-28T13:06:35.545+0000][info][gc,phases      ] GC(1197)   Merge Heap Roots: 0.3ms
[2024-08-28T13:06:35.545+0000][info][gc,phases      ] GC(1197)   Evacuate Collection Set: 7.2ms
[2024-08-28T13:06:35.545+0000][info][gc,phases      ] GC(1197)   Post Evacuate Collection Set: 0.4ms
[2024-08-28T13:06:35.545+0000][info][gc,phases      ] GC(1197)   Other: 0.2ms
[2024-08-28T13:06:35.545+0000][info][gc,heap        ] GC(1197) Eden regions: 19->0(44)
[2024-08-28T13:06:35.545+0000][info][gc,heap        ] GC(1197) Survivor regions: 7->7(7)
[2024-08-28T13:06:35.545+0000][info][gc,heap        ] GC(1197) Old regions: 962->881
[2024-08-28T13:06:35.545+0000][info][gc,heap        ] GC(1197) Archive regions: 2->2
[2024-08-28T13:06:35.545+0000][info][gc,heap        ] GC(1197) Humongous regions: 5->5
[2024-08-28T13:06:35.545+0000][info][gc,metaspace   ] GC(1197) Metaspace: 100K(320K)->100K(320K) NonClass: 96K(192K)->96K(192K) Class: 4K(128K)->4K(128K)
[2024-08-28T13:06:35.545+0000][info][gc             ] GC(1197) Pause Young (Mixed) (G1 Preventive Collection) 993M->893M(1024M) 8.419ms
[2024-08-28T13:06:35.545+0000][info][gc,cpu         ] GC(1197) User=0.18s Sys=0.00s Real=0.01s
[2024-08-28T13:06:35.570+0000][info][gc,start       ] GC(1198) Pause Young (Mixed) (G1 Evacuation Pause)
[2024-08-28T13:06:35.570+0000][info][gc,task        ] GC(1198) Using 24 workers of 68 for evacuation
[2024-08-28T13:06:35.582+0000][info][gc,phases      ] GC(1198)   Pre Evacuate Collection Set: 0.2ms
[2024-08-28T13:06:35.582+0000][info][gc,phases      ] GC(1198)   Merge Heap Roots: 0.3ms
[2024-08-28T13:06:35.582+0000][info][gc,phases      ] GC(1198)   Evacuate Collection Set: 10.6ms
[2024-08-28T13:06:35.582+0000][info][gc,phases      ] GC(1198)   Post Evacuate Collection Set: 0.4ms
[2024-08-28T13:06:35.582+0000][info][gc,phases      ] GC(1198)   Other: 0.2ms
[2024-08-28T13:06:35.582+0000][info][gc,heap        ] GC(1198) Eden regions: 44->0(44)
[2024-08-28T13:06:35.582+0000][info][gc,heap        ] GC(1198) Survivor regions: 7->7(7)
[2024-08-28T13:06:35.582+0000][info][gc,heap        ] GC(1198) Old regions: 881->824
[2024-08-28T13:06:35.582+0000][info][gc,heap        ] GC(1198) Archive regions: 2->2
[2024-08-28T13:06:35.582+0000][info][gc,heap        ] GC(1198) Humongous regions: 5->5
[2024-08-28T13:06:35.582+0000][info][gc,metaspace   ] GC(1198) Metaspace: 100K(320K)->100K(320K) NonClass: 96K(192K)->96K(192K) Class: 4K(128K)->4K(128K)
[2024-08-28T13:06:35.582+0000][info][gc             ] GC(1198) Pause Young (Mixed) (G1 Evacuation Pause) 937M->836M(1024M) 11.842ms
[2024-08-28T13:06:35.582+0000][info][gc,cpu         ] GC(1198) User=0.24s Sys=0.02s Real=0.01s
[2024-08-28T13:06:35.607+0000][info][gc,start       ] GC(1199) Pause Young (Mixed) (G1 Evacuation Pause)
[2024-08-28T13:06:35.607+0000][info][gc,task        ] GC(1199) Using 24 workers of 68 for evacuation
[2024-08-28T13:06:35.619+0000][info][gc,phases      ] GC(1199)   Pre Evacuate Collection Set: 0.3ms
[2024-08-28T13:06:35.619+0000][info][gc,phases      ] GC(1199)   Merge Heap Roots: 0.4ms
[2024-08-28T13:06:35.619+0000][info][gc,phases      ] GC(1199)   Evacuate Collection Set: 10.7ms
[2024-08-28T13:06:35.619+0000][info][gc,phases      ] GC(1199)   Post Evacuate Collection Set: 0.4ms
[2024-08-28T13:06:35.619+0000][info][gc,phases      ] GC(1199)   Other: 0.3ms
[2024-08-28T13:06:35.619+0000][info][gc,heap        ] GC(1199) Eden regions: 44->0(44)
[2024-08-28T13:06:35.619+0000][info][gc,heap        ] GC(1199) Survivor regions: 7->7(7)
[2024-08-28T13:06:35.619+0000][info][gc,heap        ] GC(1199) Old regions: 824->768
[2024-08-28T13:06:35.619+0000][info][gc,heap        ] GC(1199) Archive regions: 2->2
[2024-08-28T13:06:35.619+0000][info][gc,heap        ] GC(1199) Humongous regions: 5->5
[2024-08-28T13:06:35.619+0000][info][gc,metaspace   ] GC(1199) Metaspace: 100K(320K)->100K(320K) NonClass: 96K(192K)->96K(192K) Class: 4K(128K)->4K(128K)
[2024-08-28T13:06:35.619+0000][info][gc             ] GC(1199) Pause Young (Mixed) (G1 Evacuation Pause) 880M->780M(1024M) 12.253ms
[2024-08-28T13:06:35.619+0000][info][gc,cpu         ] GC(1199) User=0.27s Sys=0.00s Real=0.02s
[2024-08-28T13:06:35.644+0000][info][gc,start       ] GC(1200) Pause Young (Mixed) (G1 Evacuation Pause)
[2024-08-28T13:06:35.644+0000][info][gc,task        ] GC(1200) Using 24 workers of 68 for evacuation
[2024-08-28T13:06:35.656+0000][info][gc,phases      ] GC(1200)   Pre Evacuate Collection Set: 0.2ms
[2024-08-28T13:06:35.656+0000][info][gc,phases      ] GC(1200)   Merge Heap Roots: 0.3ms
[2024-08-28T13:06:35.656+0000][info][gc,phases      ] GC(1200)   Evacuate Collection Set: 11.3ms
[2024-08-28T13:06:35.656+0000][info][gc,phases      ] GC(1200)   Post Evacuate Collection Set: 0.4ms
[2024-08-28T13:06:35.656+0000][info][gc,phases      ] GC(1200)   Other: 0.2ms
[2024-08-28T13:06:35.656+0000][info][gc,heap        ] GC(1200) Eden regions: 44->0(44)
[2024-08-28T13:06:35.656+0000][info][gc,heap        ] GC(1200) Survivor regions: 7->7(7)
[2024-08-28T13:06:35.656+0000][info][gc,heap        ] GC(1200) Old regions: 768->783
[2024-08-28T13:06:35.656+0000][info][gc,heap        ] GC(1200) Archive regions: 2->2
[2024-08-28T13:06:35.656+0000][info][gc,heap        ] GC(1200) Humongous regions: 5->5
[2024-08-28T13:06:35.656+0000][info][gc,metaspace   ] GC(1200) Metaspace: 100K(320K)->100K(320K) NonClass: 96K(192K)->96K(192K) Class: 4K(128K)->4K(128K)
[2024-08-28T13:06:35.656+0000][info][gc             ] GC(1200) Pause Young (Mixed) (G1 Evacuation Pause) 824M->795M(1024M) 12.451ms
[2024-08-28T13:06:35.656+0000][info][gc,cpu         ] GC(1200) User=0.28s Sys=0.00s Real=0.01s
[2024-08-28T13:06:35.682+0000][info][gc,start       ] GC(1201) Pause Young (Concurrent Start) (G1 Evacuation Pause)
[2024-08-28T13:06:35.682+0000][info][gc,task        ] GC(1201) Using 24 workers of 68 for evacuation
[2024-08-28T13:06:35.694+0000][info][gc,phases      ] GC(1201)   Pre Evacuate Collection Set: 0.2ms
[2024-08-28T13:06:35.694+0000][info][gc,phases      ] GC(1201)   Merge Heap Roots: 0.2ms
[2024-08-28T13:06:35.694+0000][info][gc,phases      ] GC(1201)   Evacuate Collection Set: 10.4ms
[2024-08-28T13:06:35.694+0000][info][gc,phases      ] GC(1201)   Post Evacuate Collection Set: 0.3ms
[2024-08-28T13:06:35.694+0000][info][gc,phases      ] GC(1201)   Other: 0.8ms
[2024-08-28T13:06:35.694+0000][info][gc,heap        ] GC(1201) Eden regions: 44->0(44)
[2024-08-28T13:06:35.694+0000][info][gc,heap        ] GC(1201) Survivor regions: 7->7(7)
[2024-08-28T13:06:35.694+0000][info][gc,heap        ] GC(1201) Old regions: 783->830
[2024-08-28T13:06:35.694+0000][info][gc,heap        ] GC(1201) Archive regions: 2->2
[2024-08-28T13:06:35.694+0000][info][gc,heap        ] GC(1201) Humongous regions: 5->5
[2024-08-28T13:06:35.694+0000][info][gc,metaspace   ] GC(1201) Metaspace: 100K(320K)->100K(320K) NonClass: 96K(192K)->96K(192K) Class: 4K(128K)->4K(128K)
[2024-08-28T13:06:35.694+0000][info][gc             ] GC(1201) Pause Young (Concurrent Start) (G1 Evacuation Pause) 839M->842M(1024M) 12.030ms
[2024-08-28T13:06:35.694+0000][info][gc,cpu         ] GC(1201) User=0.25s Sys=0.00s Real=0.01s
[2024-08-28T13:06:35.694+0000][info][gc             ] GC(1202) Concurrent Mark Cycle
[2024-08-28T13:06:35.694+0000][info][gc,marking     ] GC(1202) Concurrent Clear Claimed Marks
[2024-08-28T13:06:35.694+0000][info][gc,marking     ] GC(1202) Concurrent Clear Claimed Marks 0.012ms
[2024-08-28T13:06:35.694+0000][info][gc,marking     ] GC(1202) Concurrent Scan Root Regions
[2024-08-28T13:06:35.696+0000][info][gc,marking     ] GC(1202) Concurrent Scan Root Regions 1.800ms
[2024-08-28T13:06:35.696+0000][info][gc,marking     ] GC(1202) Concurrent Mark
[2024-08-28T13:06:35.696+0000][info][gc,marking     ] GC(1202) Concurrent Mark From Roots
[2024-08-28T13:06:35.696+0000][info][gc,task        ] GC(1202) Using 17 workers of 17 for marking
[2024-08-28T13:06:35.721+0000][info][gc,marking     ] GC(1202) Concurrent Mark From Roots 25.381ms
[2024-08-28T13:06:35.721+0000][info][gc,marking     ] GC(1202) Concurrent Preclean
[2024-08-28T13:06:35.722+0000][info][gc,marking     ] GC(1202) Concurrent Preclean 1.065ms
[2024-08-28T13:06:35.723+0000][info][gc,start       ] GC(1202) Pause Remark
[2024-08-28T13:06:35.724+0000][info][gc             ] GC(1202) Pause Remark 877M->877M(1024M) 1.392ms
[2024-08-28T13:06:35.724+0000][info][gc,cpu         ] GC(1202) User=0.01s Sys=0.00s Real=0.00s
[2024-08-28T13:06:35.724+0000][info][gc,marking     ] GC(1202) Concurrent Mark 28.454ms
[2024-08-28T13:06:35.724+0000][info][gc,marking     ] GC(1202) Concurrent Rebuild Remembered Sets
[2024-08-28T13:06:35.730+0000][info][gc,start       ] GC(1203) Pause Young (Normal) (G1 Evacuation Pause)
[2024-08-28T13:06:35.730+0000][info][gc,task        ] GC(1203) Using 24 workers of 68 for evacuation
[2024-08-28T13:06:35.741+0000][info][gc,phases      ] GC(1203)   Pre Evacuate Collection Set: 0.1ms
[2024-08-28T13:06:35.741+0000][info][gc,phases      ] GC(1203)   Merge Heap Roots: 0.4ms
[2024-08-28T13:06:35.741+0000][info][gc,phases      ] GC(1203)   Evacuate Collection Set: 10.1ms
[2024-08-28T13:06:35.741+0000][info][gc,phases      ] GC(1203)   Post Evacuate Collection Set: 0.4ms
[2024-08-28T13:06:35.741+0000][info][gc,phases      ] GC(1203)   Other: 0.2ms
[2024-08-28T13:06:35.741+0000][info][gc,heap        ] GC(1203) Eden regions: 44->0(44)
[2024-08-28T13:06:35.741+0000][info][gc,heap        ] GC(1203) Survivor regions: 7->7(7)
[2024-08-28T13:06:35.741+0000][info][gc,heap        ] GC(1203) Old regions: 830->877
[2024-08-28T13:06:35.741+0000][info][gc,heap        ] GC(1203) Archive regions: 2->2
[2024-08-28T13:06:35.741+0000][info][gc,heap        ] GC(1203) Humongous regions: 5->5
[2024-08-28T13:06:35.741+0000][info][gc,metaspace   ] GC(1203) Metaspace: 100K(320K)->100K(320K) NonClass: 96K(192K)->96K(192K) Class: 4K(128K)->4K(128K)
[2024-08-28T13:06:35.742+0000][info][gc             ] GC(1203) Pause Young (Normal) (G1 Evacuation Pause) 886M->889M(1024M) 11.256ms
[2024-08-28T13:06:35.742+0000][info][gc,cpu         ] GC(1203) User=0.25s Sys=0.00s Real=0.01s
[2024-08-28T13:06:35.772+0000][info][gc,start       ] GC(1204) Pause Young (Normal) (G1 Evacuation Pause)
[2024-08-28T13:06:35.772+0000][info][gc,task        ] GC(1204) Using 24 workers of 68 for evacuation
[2024-08-28T13:06:35.787+0000][info][gc,phases      ] GC(1204)   Pre Evacuate Collection Set: 0.1ms
[2024-08-28T13:06:35.787+0000][info][gc,phases      ] GC(1204)   Merge Heap Roots: 0.3ms
[2024-08-28T13:06:35.787+0000][info][gc,phases      ] GC(1204)   Evacuate Collection Set: 13.7ms
[2024-08-28T13:06:35.787+0000][info][gc,phases      ] GC(1204)   Post Evacuate Collection Set: 0.5ms
[2024-08-28T13:06:35.787+0000][info][gc,phases      ] GC(1204)   Other: 0.2ms
[2024-08-28T13:06:35.787+0000][info][gc,heap        ] GC(1204) Eden regions: 44->0(44)
[2024-08-28T13:06:35.787+0000][info][gc,heap        ] GC(1204) Survivor regions: 7->7(7)
[2024-08-28T13:06:35.787+0000][info][gc,heap        ] GC(1204) Old regions: 877->924
[2024-08-28T13:06:35.787+0000][info][gc,heap        ] GC(1204) Archive regions: 2->2
[2024-08-28T13:06:35.787+0000][info][gc,heap        ] GC(1204) Humongous regions: 5->5
[2024-08-28T13:06:35.787+0000][info][gc,metaspace   ] GC(1204) Metaspace: 100K(320K)->100K(320K) NonClass: 96K(192K)->96K(192K) Class: 4K(128K)->4K(128K)
[2024-08-28T13:06:35.787+0000][info][gc             ] GC(1204) Pause Young (Normal) (G1 Evacuation Pause) 933M->936M(1024M) 14.948ms
[2024-08-28T13:06:35.787+0000][info][gc,cpu         ] GC(1204) User=0.34s Sys=0.00s Real=0.01s
[2024-08-28T13:06:35.807+0000][info][gc,marking     ] GC(1202) Concurrent Rebuild Remembered Sets 82.266ms
[2024-08-28T13:06:35.807+0000][info][gc,start       ] GC(1202) Pause Cleanup
[2024-08-28T13:06:35.808+0000][info][gc             ] GC(1202) Pause Cleanup 968M->968M(1024M) 1.550ms
[2024-08-28T13:06:35.809+0000][info][gc,cpu         ] GC(1202) User=0.00s Sys=0.00s Real=0.00s
[2024-08-28T13:06:35.809+0000][info][gc,marking     ] GC(1202) Concurrent Cleanup for Next Mark
[2024-08-28T13:06:35.809+0000][info][gc,marking     ] GC(1202) Concurrent Cleanup for Next Mark 0.865ms
[2024-08-28T13:06:35.809+0000][info][gc             ] GC(1202) Concurrent Mark Cycle 115.385ms
[2024-08-28T13:06:35.813+0000][info][gc,start       ] GC(1205) Pause Young (Prepare Mixed) (G1 Preventive Collection)
[2024-08-28T13:06:35.813+0000][info][gc,task        ] GC(1205) Using 24 workers of 68 for evacuation
[2024-08-28T13:06:35.828+0000][info][gc,phases      ] GC(1205)   Pre Evacuate Collection Set: 0.2ms
[2024-08-28T13:06:35.828+0000][info][gc,phases      ] GC(1205)   Merge Heap Roots: 0.6ms
[2024-08-28T13:06:35.828+0000][info][gc,phases      ] GC(1205)   Evacuate Collection Set: 14.5ms
[2024-08-28T13:06:35.828+0000][info][gc,phases      ] GC(1205)   Post Evacuate Collection Set: 0.3ms
[2024-08-28T13:06:35.828+0000][info][gc,phases      ] GC(1205)   Other: 0.2ms
[2024-08-28T13:06:35.828+0000][info][gc,heap        ] GC(1205) Eden regions: 37->0(44)
[2024-08-28T13:06:35.828+0000][info][gc,heap        ] GC(1205) Survivor regions: 7->7(7)
[2024-08-28T13:06:35.828+0000][info][gc,heap        ] GC(1205) Old regions: 924->964
[2024-08-28T13:06:35.828+0000][info][gc,heap        ] GC(1205) Archive regions: 2->2
[2024-08-28T13:06:35.828+0000][info][gc,heap        ] GC(1205) Humongous regions: 5->5
[2024-08-28T13:06:35.828+0000][info][gc,metaspace   ] GC(1205) Metaspace: 100K(320K)->100K(320K) NonClass: 96K(192K)->96K(192K) Class: 4K(128K)->4K(128K)
[2024-08-28T13:06:35.828+0000][info][gc             ] GC(1205) Pause Young (Prepare Mixed) (G1 Preventive Collection) 973M->976M(1024M) 15.741ms
[2024-08-28T13:06:35.828+0000][info][gc,cpu         ] GC(1205) User=0.36s Sys=0.00s Real=0.01s
[2024-08-28T13:06:35.839+0000][info][gc,start       ] GC(1206) Pause Young (Mixed) (G1 Preventive Collection)
[2024-08-28T13:06:35.839+0000][info][gc,task        ] GC(1206) Using 24 workers of 68 for evacuation
[2024-08-28T13:06:35.847+0000][info][gc,phases      ] GC(1206)   Pre Evacuate Collection Set: 0.2ms
[2024-08-28T13:06:35.847+0000][info][gc,phases      ] GC(1206)   Merge Heap Roots: 0.3ms
[2024-08-28T13:06:35.847+0000][info][gc,phases      ] GC(1206)   Evacuate Collection Set: 6.4ms
[2024-08-28T13:06:35.847+0000][info][gc,phases      ] GC(1206)   Post Evacuate Collection Set: 0.3ms
[2024-08-28T13:06:35.847+0000][info][gc,phases      ] GC(1206)   Other: 0.2ms
[2024-08-28T13:06:35.847+0000][info][gc,heap        ] GC(1206) Eden regions: 18->0(44)
[2024-08-28T13:06:35.847+0000][info][gc,heap        ] GC(1206) Survivor regions: 7->7(7)
[2024-08-28T13:06:35.847+0000][info][gc,heap        ] GC(1206) Old regions: 964->882
[2024-08-28T13:06:35.847+0000][info][gc,heap        ] GC(1206) Archive regions: 2->2
[2024-08-28T13:06:35.847+0000][info][gc,heap        ] GC(1206) Humongous regions: 5->5
[2024-08-28T13:06:35.847+0000][info][gc,metaspace   ] GC(1206) Metaspace: 100K(320K)->100K(320K) NonClass: 96K(192K)->96K(192K) Class: 4K(128K)->4K(128K)
[2024-08-28T13:06:35.847+0000][info][gc             ] GC(1206) Pause Young (Mixed) (G1 Preventive Collection) 994M->894M(1024M) 7.447ms
[2024-08-28T13:06:35.847+0000][info][gc,cpu         ] GC(1206) User=0.16s Sys=0.00s Real=0.00s
[2024-08-28T13:06:35.871+0000][info][gc,start       ] GC(1207) Pause Young (Mixed) (G1 Evacuation Pause)
[2024-08-28T13:06:35.871+0000][info][gc,task        ] GC(1207) Using 24 workers of 68 for evacuation
[2024-08-28T13:06:35.883+0000][info][gc,phases      ] GC(1207)   Pre Evacuate Collection Set: 0.2ms
[2024-08-28T13:06:35.883+0000][info][gc,phases      ] GC(1207)   Merge Heap Roots: 0.4ms
[2024-08-28T13:06:35.883+0000][info][gc,phases      ] GC(1207)   Evacuate Collection Set: 10.2ms
[2024-08-28T13:06:35.883+0000][info][gc,phases      ] GC(1207)   Post Evacuate Collection Set: 0.4ms
[2024-08-28T13:06:35.883+0000][info][gc,phases      ] GC(1207)   Other: 0.3ms
[2024-08-28T13:06:35.883+0000][info][gc,heap        ] GC(1207) Eden regions: 44->0(44)
[2024-08-28T13:06:35.883+0000][info][gc,heap        ] GC(1207) Survivor regions: 7->7(7)
[2024-08-28T13:06:35.883+0000][info][gc,heap        ] GC(1207) Old regions: 882->824
[2024-08-28T13:06:35.883+0000][info][gc,heap        ] GC(1207) Archive regions: 2->2
[2024-08-28T13:06:35.883+0000][info][gc,heap        ] GC(1207) Humongous regions: 5->5
[2024-08-28T13:06:35.883+0000][info][gc,metaspace   ] GC(1207) Metaspace: 100K(320K)->100K(320K) NonClass: 96K(192K)->96K(192K) Class: 4K(128K)->4K(128K)
[2024-08-28T13:06:35.883+0000][info][gc             ] GC(1207) Pause Young (Mixed) (G1 Evacuation Pause) 938M->836M(1024M) 11.626ms
[2024-08-28T13:06:35.883+0000][info][gc,cpu         ] GC(1207) User=0.26s Sys=0.00s Real=0.01s
[2024-08-28T13:06:35.907+0000][info][gc,start       ] GC(1208) Pause Young (Mixed) (G1 Evacuation Pause)
[2024-08-28T13:06:35.907+0000][info][gc,task        ] GC(1208) Using 24 workers of 68 for evacuation
[2024-08-28T13:06:35.919+0000][info][gc,phases      ] GC(1208)   Pre Evacuate Collection Set: 0.2ms
[2024-08-28T13:06:35.919+0000][info][gc,phases      ] GC(1208)   Merge Heap Roots: 0.4ms
[2024-08-28T13:06:35.919+0000][info][gc,phases      ] GC(1208)   Evacuate Collection Set: 10.6ms
[2024-08-28T13:06:35.919+0000][info][gc,phases      ] GC(1208)   Post Evacuate Collection Set: 0.4ms
[2024-08-28T13:06:35.919+0000][info][gc,phases      ] GC(1208)   Other: 0.3ms
[2024-08-28T13:06:35.919+0000][info][gc,heap        ] GC(1208) Eden regions: 44->0(44)
[2024-08-28T13:06:35.919+0000][info][gc,heap        ] GC(1208) Survivor regions: 7->7(7)
[2024-08-28T13:06:35.919+0000][info][gc,heap        ] GC(1208) Old regions: 824->769
[2024-08-28T13:06:35.919+0000][info][gc,heap        ] GC(1208) Archive regions: 2->2
[2024-08-28T13:06:35.919+0000][info][gc,heap        ] GC(1208) Humongous regions: 5->5
[2024-08-28T13:06:35.919+0000][info][gc,metaspace   ] GC(1208) Metaspace: 100K(320K)->100K(320K) NonClass: 96K(192K)->96K(192K) Class: 4K(128K)->4K(128K)
[2024-08-28T13:06:35.919+0000][info][gc             ] GC(1208) Pause Young (Mixed) (G1 Evacuation Pause) 880M->781M(1024M) 12.076ms
[2024-08-28T13:06:35.919+0000][info][gc,cpu         ] GC(1208) User=0.26s Sys=0.00s Real=0.02s
[2024-08-28T13:06:35.943+0000][info][gc,start       ] GC(1209) Pause Young (Mixed) (G1 Evacuation Pause)
[2024-08-28T13:06:35.943+0000][info][gc,task        ] GC(1209) Using 24 workers of 68 for evacuation
[2024-08-28T13:06:35.954+0000][info][gc,phases      ] GC(1209)   Pre Evacuate Collection Set: 0.2ms
[2024-08-28T13:06:35.954+0000][info][gc,phases      ] GC(1209)   Merge Heap Roots: 0.3ms
[2024-08-28T13:06:35.954+0000][info][gc,phases      ] GC(1209)   Evacuate Collection Set: 10.6ms
[2024-08-28T13:06:35.954+0000][info][gc,phases      ] GC(1209)   Post Evacuate Collection Set: 0.4ms
[2024-08-28T13:06:35.954+0000][info][gc,phases      ] GC(1209)   Other: 0.2ms
[2024-08-28T13:06:35.954+0000][info][gc,heap        ] GC(1209) Eden regions: 44->0(44)
[2024-08-28T13:06:35.954+0000][info][gc,heap        ] GC(1209) Survivor regions: 7->7(7)
[2024-08-28T13:06:35.954+0000][info][gc,heap        ] GC(1209) Old regions: 769->785
[2024-08-28T13:06:35.954+0000][info][gc,heap        ] GC(1209) Archive regions: 2->2
[2024-08-28T13:06:35.954+0000][info][gc,heap        ] GC(1209) Humongous regions: 5->5
[2024-08-28T13:06:35.954+0000][info][gc,metaspace   ] GC(1209) Metaspace: 100K(320K)->100K(320K) NonClass: 96K(192K)->96K(192K) Class: 4K(128K)->4K(128K)
[2024-08-28T13:06:35.954+0000][info][gc             ] GC(1209) Pause Young (Mixed) (G1 Evacuation Pause) 825M->797M(1024M) 11.825ms
[2024-08-28T13:06:35.954+0000][info][gc,cpu         ] GC(1209) User=0.26s Sys=0.00s Real=0.01s
[2024-08-28T13:06:35.979+0000][info][gc,start       ] GC(1210) Pause Young (Concurrent Start) (G1 Evacuation Pause)
[2024-08-28T13:06:35.979+0000][info][gc,task        ] GC(1210) Using 24 workers of 68 for evacuation
[2024-08-28T13:06:35.991+0000][info][gc,phases      ] GC(1210)   Pre Evacuate Collection Set: 0.2ms
[2024-08-28T13:06:35.991+0000][info][gc,phases      ] GC(1210)   Merge Heap Roots: 0.4ms
[2024-08-28T13:06:35.991+0000][info][gc,phases      ] GC(1210)   Evacuate Collection Set: 10.2ms
[2024-08-28T13:06:35.991+0000][info][gc,phases      ] GC(1210)   Post Evacuate Collection Set: 0.3ms
[2024-08-28T13:06:35.991+0000][info][gc,phases      ] GC(1210)   Other: 0.7ms
[2024-08-28T13:06:35.991+0000][info][gc,heap        ] GC(1210) Eden regions: 44->0(44)
[2024-08-28T13:06:35.991+0000][info][gc,heap        ] GC(1210) Survivor regions: 7->7(7)
[2024-08-28T13:06:35.991+0000][info][gc,heap        ] GC(1210) Old regions: 785->830
[2024-08-28T13:06:35.991+0000][info][gc,heap        ] GC(1210) Archive regions: 2->2
[2024-08-28T13:06:35.991+0000][info][gc,heap        ] GC(1210) Humongous regions: 5->5
[2024-08-28T13:06:35.991+0000][info][gc,metaspace   ] GC(1210) Metaspace: 100K(320K)->100K(320K) NonClass: 96K(192K)->96K(192K) Class: 4K(128K)->4K(128K)
[2024-08-28T13:06:35.991+0000][info][gc             ] GC(1210) Pause Young (Concurrent Start) (G1 Evacuation Pause) 841M->842M(1024M) 11.838ms
[2024-08-28T13:06:35.991+0000][info][gc,cpu         ] GC(1210) User=0.25s Sys=0.00s Real=0.01s
[2024-08-28T13:06:35.991+0000][info][gc             ] GC(1211) Concurrent Mark Cycle
[2024-08-28T13:06:35.991+0000][info][gc,marking     ] GC(1211) Concurrent Clear Claimed Marks
[2024-08-28T13:06:35.991+0000][info][gc,marking     ] GC(1211) Concurrent Clear Claimed Marks 0.030ms
[2024-08-28T13:06:35.991+0000][info][gc,marking     ] GC(1211) Concurrent Scan Root Regions
[2024-08-28T13:06:35.993+0000][info][gc,marking     ] GC(1211) Concurrent Scan Root Regions 1.702ms
[2024-08-28T13:06:35.993+0000][info][gc,marking     ] GC(1211) Concurrent Mark
[2024-08-28T13:06:35.993+0000][info][gc,marking     ] GC(1211) Concurrent Mark From Roots
[2024-08-28T13:06:35.993+0000][info][gc,task        ] GC(1211) Using 17 workers of 17 for marking
[2024-08-28T13:06:36.018+0000][info][gc,marking     ] GC(1211) Concurrent Mark From Roots 24.977ms
[2024-08-28T13:06:36.018+0000][info][gc,marking     ] GC(1211) Concurrent Preclean
[2024-08-28T13:06:36.019+0000][info][gc,marking     ] GC(1211) Concurrent Preclean 0.684ms
[2024-08-28T13:06:36.019+0000][info][gc,start       ] GC(1211) Pause Remark
[2024-08-28T13:06:36.020+0000][info][gc             ] GC(1211) Pause Remark 875M->875M(1024M) 1.304ms
[2024-08-28T13:06:36.020+0000][info][gc,cpu         ] GC(1211) User=0.01s Sys=0.00s Real=0.00s
[2024-08-28T13:06:36.020+0000][info][gc,marking     ] GC(1211) Concurrent Mark 27.306ms
[2024-08-28T13:06:36.020+0000][info][gc,marking     ] GC(1211) Concurrent Rebuild Remembered Sets
[2024-08-28T13:06:36.027+0000][info][gc,start       ] GC(1212) Pause Young (Normal) (G1 Evacuation Pause)
[2024-08-28T13:06:36.027+0000][info][gc,task        ] GC(1212) Using 24 workers of 68 for evacuation
[2024-08-28T13:06:36.038+0000][info][gc,phases      ] GC(1212)   Pre Evacuate Collection Set: 0.1ms
[2024-08-28T13:06:36.038+0000][info][gc,phases      ] GC(1212)   Merge Heap Roots: 0.2ms
[2024-08-28T13:06:36.038+0000][info][gc,phases      ] GC(1212)   Evacuate Collection Set: 10.2ms
[2024-08-28T13:06:36.038+0000][info][gc,phases      ] GC(1212)   Post Evacuate Collection Set: 0.4ms
[2024-08-28T13:06:36.038+0000][info][gc,phases      ] GC(1212)   Other: 0.2ms
[2024-08-28T13:06:36.038+0000][info][gc,heap        ] GC(1212) Eden regions: 44->0(44)
[2024-08-28T13:06:36.038+0000][info][gc,heap        ] GC(1212) Survivor regions: 7->7(7)
[2024-08-28T13:06:36.038+0000][info][gc,heap        ] GC(1212) Old regions: 830->877
[2024-08-28T13:06:36.038+0000][info][gc,heap        ] GC(1212) Archive regions: 2->2
[2024-08-28T13:06:36.038+0000][info][gc,heap        ] GC(1212) Humongous regions: 5->5
[2024-08-28T13:06:36.038+0000][info][gc,metaspace   ] GC(1212) Metaspace: 100K(320K)->100K(320K) NonClass: 96K(192K)->96K(192K) Class: 4K(128K)->4K(128K)
[2024-08-28T13:06:36.038+0000][info][gc             ] GC(1212) Pause Young (Normal) (G1 Evacuation Pause) 886M->889M(1024M) 11.297ms
[2024-08-28T13:06:36.038+0000][info][gc,cpu         ] GC(1212) User=0.25s Sys=0.00s Real=0.02s
[2024-08-28T13:06:36.067+0000][info][gc,start       ] GC(1213) Pause Young (Normal) (G1 Evacuation Pause)
[2024-08-28T13:06:36.067+0000][info][gc,task        ] GC(1213) Using 24 workers of 68 for evacuation
[2024-08-28T13:06:36.082+0000][info][gc,phases      ] GC(1213)   Pre Evacuate Collection Set: 0.2ms
[2024-08-28T13:06:36.082+0000][info][gc,phases      ] GC(1213)   Merge Heap Roots: 0.5ms
[2024-08-28T13:06:36.082+0000][info][gc,phases      ] GC(1213)   Evacuate Collection Set: 13.5ms
[2024-08-28T13:06:36.082+0000][info][gc,phases      ] GC(1213)   Post Evacuate Collection Set: 0.5ms
[2024-08-28T13:06:36.082+0000][info][gc,phases      ] GC(1213)   Other: 0.2ms
[2024-08-28T13:06:36.082+0000][info][gc,heap        ] GC(1213) Eden regions: 44->0(44)
[2024-08-28T13:06:36.082+0000][info][gc,heap        ] GC(1213) Survivor regions: 7->7(7)
[2024-08-28T13:06:36.082+0000][info][gc,heap        ] GC(1213) Old regions: 877->923
[2024-08-28T13:06:36.082+0000][info][gc,heap        ] GC(1213) Archive regions: 2->2
[2024-08-28T13:06:36.082+0000][info][gc,heap        ] GC(1213) Humongous regions: 5->5
[2024-08-28T13:06:36.082+0000][info][gc,metaspace   ] GC(1213) Metaspace: 100K(320K)->100K(320K) NonClass: 96K(192K)->96K(192K) Class: 4K(128K)->4K(128K)
[2024-08-28T13:06:36.082+0000][info][gc             ] GC(1213) Pause Young (Normal) (G1 Evacuation Pause) 933M->935M(1024M) 14.926ms
[2024-08-28T13:06:36.082+0000][info][gc,cpu         ] GC(1213) User=0.33s Sys=0.01s Real=0.02s
[2024-08-28T13:06:36.101+0000][info][gc,marking     ] GC(1211) Concurrent Rebuild Remembered Sets 80.836ms
[2024-08-28T13:06:36.101+0000][info][gc,start       ] GC(1211) Pause Cleanup
[2024-08-28T13:06:36.103+0000][info][gc             ] GC(1211) Pause Cleanup 965M->965M(1024M) 1.541ms
[2024-08-28T13:06:36.103+0000][info][gc,cpu         ] GC(1211) User=0.01s Sys=0.00s Real=0.00s
[2024-08-28T13:06:36.103+0000][info][gc,marking     ] GC(1211) Concurrent Cleanup for Next Mark
[2024-08-28T13:06:36.104+0000][info][gc,marking     ] GC(1211) Concurrent Cleanup for Next Mark 0.830ms
[2024-08-28T13:06:36.104+0000][info][gc             ] GC(1211) Concurrent Mark Cycle 112.674ms
[2024-08-28T13:06:36.109+0000][info][gc,start       ] GC(1214) Pause Young (Prepare Mixed) (G1 Preventive Collection)
[2024-08-28T13:06:36.109+0000][info][gc,task        ] GC(1214) Using 24 workers of 68 for evacuation
[2024-08-28T13:06:36.125+0000][info][gc,phases      ] GC(1214)   Pre Evacuate Collection Set: 0.2ms
[2024-08-28T13:06:36.125+0000][info][gc,phases      ] GC(1214)   Merge Heap Roots: 0.6ms
[2024-08-28T13:06:36.125+0000][info][gc,phases      ] GC(1214)   Evacuate Collection Set: 14.8ms
[2024-08-28T13:06:36.125+0000][info][gc,phases      ] GC(1214)   Post Evacuate Collection Set: 0.3ms
[2024-08-28T13:06:36.125+0000][info][gc,phases      ] GC(1214)   Other: 0.2ms
[2024-08-28T13:06:36.125+0000][info][gc,heap        ] GC(1214) Eden regions: 38->0(44)
[2024-08-28T13:06:36.125+0000][info][gc,heap        ] GC(1214) Survivor regions: 7->7(7)
[2024-08-28T13:06:36.125+0000][info][gc,heap        ] GC(1214) Old regions: 923->964
[2024-08-28T13:06:36.125+0000][info][gc,heap        ] GC(1214) Archive regions: 2->2
[2024-08-28T13:06:36.125+0000][info][gc,heap        ] GC(1214) Humongous regions: 5->5
[2024-08-28T13:06:36.125+0000][info][gc,metaspace   ] GC(1214) Metaspace: 100K(320K)->100K(320K) NonClass: 96K(192K)->96K(192K) Class: 4K(128K)->4K(128K)
[2024-08-28T13:06:36.125+0000][info][gc             ] GC(1214) Pause Young (Prepare Mixed) (G1 Preventive Collection) 973M->976M(1024M) 16.062ms
[2024-08-28T13:06:36.125+0000][info][gc,cpu         ] GC(1214) User=0.37s Sys=0.00s Real=0.02s
[2024-08-28T13:06:36.136+0000][info][gc,start       ] GC(1215) Pause Young (Mixed) (G1 Preventive Collection)
[2024-08-28T13:06:36.136+0000][info][gc,task        ] GC(1215) Using 24 workers of 68 for evacuation
[2024-08-28T13:06:36.144+0000][info][gc,phases      ] GC(1215)   Pre Evacuate Collection Set: 0.2ms
[2024-08-28T13:06:36.144+0000][info][gc,phases      ] GC(1215)   Merge Heap Roots: 0.2ms
[2024-08-28T13:06:36.144+0000][info][gc,phases      ] GC(1215)   Evacuate Collection Set: 6.5ms
[2024-08-28T13:06:36.144+0000][info][gc,phases      ] GC(1215)   Post Evacuate Collection Set: 0.4ms
[2024-08-28T13:06:36.144+0000][info][gc,phases      ] GC(1215)   Other: 0.2ms
[2024-08-28T13:06:36.144+0000][info][gc,heap        ] GC(1215) Eden regions: 18->0(44)
[2024-08-28T13:06:36.144+0000][info][gc,heap        ] GC(1215) Survivor regions: 7->7(7)
[2024-08-28T13:06:36.144+0000][info][gc,heap        ] GC(1215) Old regions: 964->882
[2024-08-28T13:06:36.144+0000][info][gc,heap        ] GC(1215) Archive regions: 2->2
[2024-08-28T13:06:36.144+0000][info][gc,heap        ] GC(1215) Humongous regions: 5->5
[2024-08-28T13:06:36.144+0000][info][gc,metaspace   ] GC(1215) Metaspace: 100K(320K)->100K(320K) NonClass: 96K(192K)->96K(192K) Class: 4K(128K)->4K(128K)
[2024-08-28T13:06:36.144+0000][info][gc             ] GC(1215) Pause Young (Mixed) (G1 Preventive Collection) 994M->894M(1024M) 7.563ms
[2024-08-28T13:06:36.144+0000][info][gc,cpu         ] GC(1215) User=0.16s Sys=0.00s Real=0.01s
[2024-08-28T13:06:36.169+0000][info][gc,start       ] GC(1216) Pause Young (Mixed) (G1 Evacuation Pause)
[2024-08-28T13:06:36.169+0000][info][gc,task        ] GC(1216) Using 24 workers of 68 for evacuation
[2024-08-28T13:06:36.181+0000][info][gc,phases      ] GC(1216)   Pre Evacuate Collection Set: 0.2ms
[2024-08-28T13:06:36.181+0000][info][gc,phases      ] GC(1216)   Merge Heap Roots: 0.4ms
[2024-08-28T13:06:36.181+0000][info][gc,phases      ] GC(1216)   Evacuate Collection Set: 10.5ms
[2024-08-28T13:06:36.181+0000][info][gc,phases      ] GC(1216)   Post Evacuate Collection Set: 0.4ms
[2024-08-28T13:06:36.181+0000][info][gc,phases      ] GC(1216)   Other: 0.3ms
[2024-08-28T13:06:36.181+0000][info][gc,heap        ] GC(1216) Eden regions: 44->0(44)
[2024-08-28T13:06:36.181+0000][info][gc,heap        ] GC(1216) Survivor regions: 7->7(7)
[2024-08-28T13:06:36.181+0000][info][gc,heap        ] GC(1216) Old regions: 882->824
[2024-08-28T13:06:36.181+0000][info][gc,heap        ] GC(1216) Archive regions: 2->2
[2024-08-28T13:06:36.181+0000][info][gc,heap        ] GC(1216) Humongous regions: 5->5
[2024-08-28T13:06:36.181+0000][info][gc,metaspace   ] GC(1216) Metaspace: 100K(320K)->100K(320K) NonClass: 96K(192K)->96K(192K) Class: 4K(128K)->4K(128K)
[2024-08-28T13:06:36.181+0000][info][gc             ] GC(1216) Pause Young (Mixed) (G1 Evacuation Pause) 938M->836M(1024M) 11.885ms
[2024-08-28T13:06:36.181+0000][info][gc,cpu         ] GC(1216) User=0.26s Sys=0.00s Real=0.02s
[2024-08-28T13:06:36.206+0000][info][gc,start       ] GC(1217) Pause Young (Mixed) (G1 Evacuation Pause)
[2024-08-28T13:06:36.206+0000][info][gc,task        ] GC(1217) Using 24 workers of 68 for evacuation
[2024-08-28T13:06:36.217+0000][info][gc,phases      ] GC(1217)   Pre Evacuate Collection Set: 0.2ms
[2024-08-28T13:06:36.217+0000][info][gc,phases      ] GC(1217)   Merge Heap Roots: 0.3ms
[2024-08-28T13:06:36.217+0000][info][gc,phases      ] GC(1217)   Evacuate Collection Set: 10.4ms
[2024-08-28T13:06:36.217+0000][info][gc,phases      ] GC(1217)   Post Evacuate Collection Set: 0.4ms
[2024-08-28T13:06:36.217+0000][info][gc,phases      ] GC(1217)   Other: 0.2ms
[2024-08-28T13:06:36.217+0000][info][gc,heap        ] GC(1217) Eden regions: 44->0(44)
[2024-08-28T13:06:36.217+0000][info][gc,heap        ] GC(1217) Survivor regions: 7->7(7)
[2024-08-28T13:06:36.217+0000][info][gc,heap        ] GC(1217) Old regions: 824->768
[2024-08-28T13:06:36.217+0000][info][gc,heap        ] GC(1217) Archive regions: 2->2
[2024-08-28T13:06:36.217+0000][info][gc,heap        ] GC(1217) Humongous regions: 5->5
[2024-08-28T13:06:36.217+0000][info][gc,metaspace   ] GC(1217) Metaspace: 100K(320K)->100K(320K) NonClass: 96K(192K)->96K(192K) Class: 4K(128K)->4K(128K)
[2024-08-28T13:06:36.217+0000][info][gc             ] GC(1217) Pause Young (Mixed) (G1 Evacuation Pause) 880M->780M(1024M) 11.647ms
[2024-08-28T13:06:36.217+0000][info][gc,cpu         ] GC(1217) User=0.25s Sys=0.00s Real=0.01s
[2024-08-28T13:06:36.242+0000][info][gc,start       ] GC(1218) Pause Young (Mixed) (G1 Evacuation Pause)
[2024-08-28T13:06:36.242+0000][info][gc,task        ] GC(1218) Using 24 workers of 68 for evacuation
[2024-08-28T13:06:36.255+0000][info][gc,phases      ] GC(1218)   Pre Evacuate Collection Set: 0.2ms
[2024-08-28T13:06:36.255+0000][info][gc,phases      ] GC(1218)   Merge Heap Roots: 0.4ms
[2024-08-28T13:06:36.255+0000][info][gc,phases      ] GC(1218)   Evacuate Collection Set: 11.5ms
[2024-08-28T13:06:36.255+0000][info][gc,phases      ] GC(1218)   Post Evacuate Collection Set: 0.3ms
[2024-08-28T13:06:36.255+0000][info][gc,phases      ] GC(1218)   Other: 0.3ms
[2024-08-28T13:06:36.255+0000][info][gc,heap        ] GC(1218) Eden regions: 44->0(44)
[2024-08-28T13:06:36.255+0000][info][gc,heap        ] GC(1218) Survivor regions: 7->7(7)
[2024-08-28T13:06:36.255+0000][info][gc,heap        ] GC(1218) Old regions: 768->783
[2024-08-28T13:06:36.255+0000][info][gc,heap        ] GC(1218) Archive regions: 2->2
[2024-08-28T13:06:36.255+0000][info][gc,heap        ] GC(1218) Humongous regions: 5->5
[2024-08-28T13:06:36.255+0000][info][gc,metaspace   ] GC(1218) Metaspace: 100K(320K)->100K(320K) NonClass: 96K(192K)->96K(192K) Class: 4K(128K)->4K(128K)
[2024-08-28T13:06:36.255+0000][info][gc             ] GC(1218) Pause Young (Mixed) (G1 Evacuation Pause) 824M->795M(1024M) 12.779ms
[2024-08-28T13:06:36.255+0000][info][gc,cpu         ] GC(1218) User=0.28s Sys=0.00s Real=0.01s
[2024-08-28T13:06:36.280+0000][info][gc,start       ] GC(1219) Pause Young (Concurrent Start) (G1 Evacuation Pause)
[2024-08-28T13:06:36.280+0000][info][gc,task        ] GC(1219) Using 24 workers of 68 for evacuation
[2024-08-28T13:06:36.292+0000][info][gc,phases      ] GC(1219)   Pre Evacuate Collection Set: 0.2ms
[2024-08-28T13:06:36.292+0000][info][gc,phases      ] GC(1219)   Merge Heap Roots: 0.4ms
[2024-08-28T13:06:36.292+0000][info][gc,phases      ] GC(1219)   Evacuate Collection Set: 10.1ms
[2024-08-28T13:06:36.292+0000][info][gc,phases      ] GC(1219)   Post Evacuate Collection Set: 0.3ms
[2024-08-28T13:06:36.292+0000][info][gc,phases      ] GC(1219)   Other: 0.8ms
[2024-08-28T13:06:36.292+0000][info][gc,heap        ] GC(1219) Eden regions: 44->0(44)
[2024-08-28T13:06:36.292+0000][info][gc,heap        ] GC(1219) Survivor regions: 7->7(7)
[2024-08-28T13:06:36.292+0000][info][gc,heap        ] GC(1219) Old regions: 783->829
[2024-08-28T13:06:36.292+0000][info][gc,heap        ] GC(1219) Archive regions: 2->2
[2024-08-28T13:06:36.292+0000][info][gc,heap        ] GC(1219) Humongous regions: 5->5
[2024-08-28T13:06:36.292+0000][info][gc,metaspace   ] GC(1219) Metaspace: 100K(320K)->100K(320K) NonClass: 96K(192K)->96K(192K) Class: 4K(128K)->4K(128K)
[2024-08-28T13:06:36.292+0000][info][gc             ] GC(1219) Pause Young (Concurrent Start) (G1 Evacuation Pause) 839M->841M(1024M) 11.828ms
[2024-08-28T13:06:36.292+0000][info][gc,cpu         ] GC(1219) User=0.25s Sys=0.01s Real=0.01s
[2024-08-28T13:06:36.292+0000][info][gc             ] GC(1220) Concurrent Mark Cycle
[2024-08-28T13:06:36.292+0000][info][gc,marking     ] GC(1220) Concurrent Clear Claimed Marks
[2024-08-28T13:06:36.292+0000][info][gc,marking     ] GC(1220) Concurrent Clear Claimed Marks 0.011ms
[2024-08-28T13:06:36.292+0000][info][gc,marking     ] GC(1220) Concurrent Scan Root Regions
[2024-08-28T13:06:36.294+0000][info][gc,marking     ] GC(1220) Concurrent Scan Root Regions 1.779ms
[2024-08-28T13:06:36.294+0000][info][gc,marking     ] GC(1220) Concurrent Mark
[2024-08-28T13:06:36.294+0000][info][gc,marking     ] GC(1220) Concurrent Mark From Roots
[2024-08-28T13:06:36.294+0000][info][gc,task        ] GC(1220) Using 17 workers of 17 for marking
[2024-08-28T13:06:36.319+0000][info][gc,marking     ] GC(1220) Concurrent Mark From Roots 24.942ms
[2024-08-28T13:06:36.319+0000][info][gc,marking     ] GC(1220) Concurrent Preclean
[2024-08-28T13:06:36.320+0000][info][gc,marking     ] GC(1220) Concurrent Preclean 0.912ms
[2024-08-28T13:06:36.320+0000][info][gc,start       ] GC(1220) Pause Remark
[2024-08-28T13:06:36.322+0000][info][gc             ] GC(1220) Pause Remark 875M->875M(1024M) 1.323ms
[2024-08-28T13:06:36.322+0000][info][gc,cpu         ] GC(1220) User=0.01s Sys=0.00s Real=0.00s
[2024-08-28T13:06:36.322+0000][info][gc,marking     ] GC(1220) Concurrent Mark 27.652ms
[2024-08-28T13:06:36.322+0000][info][gc,marking     ] GC(1220) Concurrent Rebuild Remembered Sets
[2024-08-28T13:06:36.329+0000][info][gc,start       ] GC(1221) Pause Young (Normal) (G1 Evacuation Pause)
[2024-08-28T13:06:36.329+0000][info][gc,task        ] GC(1221) Using 24 workers of 68 for evacuation
[2024-08-28T13:06:36.339+0000][info][gc,phases      ] GC(1221)   Pre Evacuate Collection Set: 0.1ms
[2024-08-28T13:06:36.340+0000][info][gc,phases      ] GC(1221)   Merge Heap Roots: 0.4ms
[2024-08-28T13:06:36.340+0000][info][gc,phases      ] GC(1221)   Evacuate Collection Set: 9.9ms
[2024-08-28T13:06:36.340+0000][info][gc,phases      ] GC(1221)   Post Evacuate Collection Set: 0.4ms
[2024-08-28T13:06:36.340+0000][info][gc,phases      ] GC(1221)   Other: 0.2ms
[2024-08-28T13:06:36.340+0000][info][gc,heap        ] GC(1221) Eden regions: 44->0(44)
[2024-08-28T13:06:36.340+0000][info][gc,heap        ] GC(1221) Survivor regions: 7->7(7)
[2024-08-28T13:06:36.340+0000][info][gc,heap        ] GC(1221) Old regions: 829->876
[2024-08-28T13:06:36.340+0000][info][gc,heap        ] GC(1221) Archive regions: 2->2
[2024-08-28T13:06:36.340+0000][info][gc,heap        ] GC(1221) Humongous regions: 5->5
[2024-08-28T13:06:36.340+0000][info][gc,metaspace   ] GC(1221) Metaspace: 100K(320K)->100K(320K) NonClass: 96K(192K)->96K(192K) Class: 4K(128K)->4K(128K)
[2024-08-28T13:06:36.340+0000][info][gc             ] GC(1221) Pause Young (Normal) (G1 Evacuation Pause) 885M->888M(1024M) 11.127ms
[2024-08-28T13:06:36.340+0000][info][gc,cpu         ] GC(1221) User=0.25s Sys=0.00s Real=0.02s
[2024-08-28T13:06:36.368+0000][info][gc,start       ] GC(1222) Pause Young (Normal) (G1 Evacuation Pause)
[2024-08-28T13:06:36.369+0000][info][gc,task        ] GC(1222) Using 24 workers of 68 for evacuation
[2024-08-28T13:06:36.383+0000][info][gc,phases      ] GC(1222)   Pre Evacuate Collection Set: 0.1ms
[2024-08-28T13:06:36.383+0000][info][gc,phases      ] GC(1222)   Merge Heap Roots: 0.4ms
[2024-08-28T13:06:36.383+0000][info][gc,phases      ] GC(1222)   Evacuate Collection Set: 13.4ms
[2024-08-28T13:06:36.383+0000][info][gc,phases      ] GC(1222)   Post Evacuate Collection Set: 0.5ms
[2024-08-28T13:06:36.383+0000][info][gc,phases      ] GC(1222)   Other: 0.2ms
[2024-08-28T13:06:36.383+0000][info][gc,heap        ] GC(1222) Eden regions: 44->0(44)
[2024-08-28T13:06:36.383+0000][info][gc,heap        ] GC(1222) Survivor regions: 7->7(7)
[2024-08-28T13:06:36.383+0000][info][gc,heap        ] GC(1222) Old regions: 876->922
[2024-08-28T13:06:36.383+0000][info][gc,heap        ] GC(1222) Archive regions: 2->2
[2024-08-28T13:06:36.383+0000][info][gc,heap        ] GC(1222) Humongous regions: 5->5
[2024-08-28T13:06:36.383+0000][info][gc,metaspace   ] GC(1222) Metaspace: 100K(320K)->100K(320K) NonClass: 96K(192K)->96K(192K) Class: 4K(128K)->4K(128K)
[2024-08-28T13:06:36.383+0000][info][gc             ] GC(1222) Pause Young (Normal) (G1 Evacuation Pause) 932M->934M(1024M) 14.758ms
[2024-08-28T13:06:36.383+0000][info][gc,cpu         ] GC(1222) User=0.34s Sys=0.00s Real=0.02s
[2024-08-28T13:06:36.403+0000][info][gc,marking     ] GC(1220) Concurrent Rebuild Remembered Sets 81.008ms
[2024-08-28T13:06:36.403+0000][info][gc,start       ] GC(1220) Pause Cleanup
[2024-08-28T13:06:36.405+0000][info][gc             ] GC(1220) Pause Cleanup 966M->966M(1024M) 1.517ms
[2024-08-28T13:06:36.405+0000][info][gc,cpu         ] GC(1220) User=0.01s Sys=0.00s Real=0.00s
[2024-08-28T13:06:36.405+0000][info][gc,marking     ] GC(1220) Concurrent Cleanup for Next Mark
[2024-08-28T13:06:36.405+0000][info][gc,marking     ] GC(1220) Concurrent Cleanup for Next Mark 0.834ms
[2024-08-28T13:06:36.405+0000][info][gc             ] GC(1220) Concurrent Mark Cycle 113.249ms
[2024-08-28T13:06:36.409+0000][info][gc,start       ] GC(1223) Pause Young (Prepare Mixed) (G1 Preventive Collection)
[2024-08-28T13:06:36.409+0000][info][gc,task        ] GC(1223) Using 24 workers of 68 for evacuation
[2024-08-28T13:06:36.424+0000][info][gc,phases      ] GC(1223)   Pre Evacuate Collection Set: 0.2ms
[2024-08-28T13:06:36.424+0000][info][gc,phases      ] GC(1223)   Merge Heap Roots: 0.4ms
[2024-08-28T13:06:36.424+0000][info][gc,phases      ] GC(1223)   Evacuate Collection Set: 14.1ms
[2024-08-28T13:06:36.424+0000][info][gc,phases      ] GC(1223)   Post Evacuate Collection Set: 0.3ms
[2024-08-28T13:06:36.424+0000][info][gc,phases      ] GC(1223)   Other: 0.2ms
[2024-08-28T13:06:36.424+0000][info][gc,heap        ] GC(1223) Eden regions: 38->0(44)
[2024-08-28T13:06:36.424+0000][info][gc,heap        ] GC(1223) Survivor regions: 7->7(7)
[2024-08-28T13:06:36.424+0000][info][gc,heap        ] GC(1223) Old regions: 922->964
[2024-08-28T13:06:36.424+0000][info][gc,heap        ] GC(1223) Archive regions: 2->2
[2024-08-28T13:06:36.424+0000][info][gc,heap        ] GC(1223) Humongous regions: 5->5
[2024-08-28T13:06:36.424+0000][info][gc,metaspace   ] GC(1223) Metaspace: 100K(320K)->100K(320K) NonClass: 96K(192K)->96K(192K) Class: 4K(128K)->4K(128K)
[2024-08-28T13:06:36.424+0000][info][gc             ] GC(1223) Pause Young (Prepare Mixed) (G1 Preventive Collection) 972M->976M(1024M) 15.241ms
[2024-08-28T13:06:36.424+0000][info][gc,cpu         ] GC(1223) User=0.35s Sys=0.01s Real=0.02s
[2024-08-28T13:06:36.435+0000][info][gc,start       ] GC(1224) Pause Young (Mixed) (G1 Preventive Collection)
[2024-08-28T13:06:36.435+0000][info][gc,task        ] GC(1224) Using 24 workers of 68 for evacuation
[2024-08-28T13:06:36.443+0000][info][gc,phases      ] GC(1224)   Pre Evacuate Collection Set: 0.2ms
[2024-08-28T13:06:36.443+0000][info][gc,phases      ] GC(1224)   Merge Heap Roots: 0.3ms
[2024-08-28T13:06:36.443+0000][info][gc,phases      ] GC(1224)   Evacuate Collection Set: 6.5ms
[2024-08-28T13:06:36.443+0000][info][gc,phases      ] GC(1224)   Post Evacuate Collection Set: 0.4ms
[2024-08-28T13:06:36.443+0000][info][gc,phases      ] GC(1224)   Other: 0.2ms
[2024-08-28T13:06:36.443+0000][info][gc,heap        ] GC(1224) Eden regions: 18->0(44)
[2024-08-28T13:06:36.443+0000][info][gc,heap        ] GC(1224) Survivor regions: 7->7(7)
[2024-08-28T13:06:36.443+0000][info][gc,heap        ] GC(1224) Old regions: 964->881
[2024-08-28T13:06:36.443+0000][info][gc,heap        ] GC(1224) Archive regions: 2->2
[2024-08-28T13:06:36.443+0000][info][gc,heap        ] GC(1224) Humongous regions: 5->5
[2024-08-28T13:06:36.443+0000][info][gc,metaspace   ] GC(1224) Metaspace: 100K(320K)->100K(320K) NonClass: 96K(192K)->96K(192K) Class: 4K(128K)->4K(128K)
[2024-08-28T13:06:36.443+0000][info][gc             ] GC(1224) Pause Young (Mixed) (G1 Preventive Collection) 994M->893M(1024M) 7.630ms
[2024-08-28T13:06:36.443+0000][info][gc,cpu         ] GC(1224) User=0.16s Sys=0.00s Real=0.01s
[2024-08-28T13:06:36.467+0000][info][gc,start       ] GC(1225) Pause Young (Mixed) (G1 Evacuation Pause)
[2024-08-28T13:06:36.467+0000][info][gc,task        ] GC(1225) Using 24 workers of 68 for evacuation
[2024-08-28T13:06:36.479+0000][info][gc,phases      ] GC(1225)   Pre Evacuate Collection Set: 0.2ms
[2024-08-28T13:06:36.479+0000][info][gc,phases      ] GC(1225)   Merge Heap Roots: 0.3ms
[2024-08-28T13:06:36.479+0000][info][gc,phases      ] GC(1225)   Evacuate Collection Set: 10.5ms
[2024-08-28T13:06:36.479+0000][info][gc,phases      ] GC(1225)   Post Evacuate Collection Set: 0.4ms
[2024-08-28T13:06:36.479+0000][info][gc,phases      ] GC(1225)   Other: 0.3ms
[2024-08-28T13:06:36.479+0000][info][gc,heap        ] GC(1225) Eden regions: 44->0(44)
[2024-08-28T13:06:36.479+0000][info][gc,heap        ] GC(1225) Survivor regions: 7->7(7)
[2024-08-28T13:06:36.479+0000][info][gc,heap        ] GC(1225) Old regions: 881->824
[2024-08-28T13:06:36.479+0000][info][gc,heap        ] GC(1225) Archive regions: 2->2
[2024-08-28T13:06:36.479+0000][info][gc,heap        ] GC(1225) Humongous regions: 5->5
[2024-08-28T13:06:36.479+0000][info][gc,metaspace   ] GC(1225) Metaspace: 100K(320K)->100K(320K) NonClass: 96K(192K)->96K(192K) Class: 4K(128K)->4K(128K)
[2024-08-28T13:06:36.479+0000][info][gc             ] GC(1225) Pause Young (Mixed) (G1 Evacuation Pause) 937M->836M(1024M) 11.758ms
[2024-08-28T13:06:36.479+0000][info][gc,cpu         ] GC(1225) User=0.26s Sys=0.00s Real=0.02s
[2024-08-28T13:06:36.504+0000][info][gc,start       ] GC(1226) Pause Young (Mixed) (G1 Evacuation Pause)
[2024-08-28T13:06:36.504+0000][info][gc,task        ] GC(1226) Using 24 workers of 68 for evacuation
[2024-08-28T13:06:36.516+0000][info][gc,phases      ] GC(1226)   Pre Evacuate Collection Set: 0.2ms
[2024-08-28T13:06:36.516+0000][info][gc,phases      ] GC(1226)   Merge Heap Roots: 0.4ms
[2024-08-28T13:06:36.516+0000][info][gc,phases      ] GC(1226)   Evacuate Collection Set: 10.6ms
[2024-08-28T13:06:36.516+0000][info][gc,phases      ] GC(1226)   Post Evacuate Collection Set: 0.4ms
[2024-08-28T13:06:36.516+0000][info][gc,phases      ] GC(1226)   Other: 0.3ms
[2024-08-28T13:06:36.516+0000][info][gc,heap        ] GC(1226) Eden regions: 44->0(44)
[2024-08-28T13:06:36.516+0000][info][gc,heap        ] GC(1226) Survivor regions: 7->7(7)
[2024-08-28T13:06:36.516+0000][info][gc,heap        ] GC(1226) Old regions: 824->767
[2024-08-28T13:06:36.516+0000][info][gc,heap        ] GC(1226) Archive regions: 2->2
[2024-08-28T13:06:36.516+0000][info][gc,heap        ] GC(1226) Humongous regions: 5->5
[2024-08-28T13:06:36.516+0000][info][gc,metaspace   ] GC(1226) Metaspace: 100K(320K)->100K(320K) NonClass: 96K(192K)->96K(192K) Class: 4K(128K)->4K(128K)
[2024-08-28T13:06:36.516+0000][info][gc             ] GC(1226) Pause Young (Mixed) (G1 Evacuation Pause) 880M->779M(1024M) 12.032ms
[2024-08-28T13:06:36.516+0000][info][gc,cpu         ] GC(1226) User=0.27s Sys=0.00s Real=0.01s
[2024-08-28T13:06:36.540+0000][info][gc,start       ] GC(1227) Pause Young (Mixed) (G1 Evacuation Pause)
[2024-08-28T13:06:36.540+0000][info][gc,task        ] GC(1227) Using 24 workers of 68 for evacuation
[2024-08-28T13:06:36.552+0000][info][gc,phases      ] GC(1227)   Pre Evacuate Collection Set: 0.2ms
[2024-08-28T13:06:36.552+0000][info][gc,phases      ] GC(1227)   Merge Heap Roots: 0.3ms
[2024-08-28T13:06:36.552+0000][info][gc,phases      ] GC(1227)   Evacuate Collection Set: 10.8ms
[2024-08-28T13:06:36.552+0000][info][gc,phases      ] GC(1227)   Post Evacuate Collection Set: 0.4ms
[2024-08-28T13:06:36.552+0000][info][gc,phases      ] GC(1227)   Other: 0.3ms
[2024-08-28T13:06:36.552+0000][info][gc,heap        ] GC(1227) Eden regions: 44->0(44)
[2024-08-28T13:06:36.552+0000][info][gc,heap        ] GC(1227) Survivor regions: 7->7(7)
[2024-08-28T13:06:36.552+0000][info][gc,heap        ] GC(1227) Old regions: 767->784
[2024-08-28T13:06:36.552+0000][info][gc,heap        ] GC(1227) Archive regions: 2->2
[2024-08-28T13:06:36.552+0000][info][gc,heap        ] GC(1227) Humongous regions: 5->5
[2024-08-28T13:06:36.552+0000][info][gc,metaspace   ] GC(1227) Metaspace: 100K(320K)->100K(320K) NonClass: 96K(192K)->96K(192K) Class: 4K(128K)->4K(128K)
[2024-08-28T13:06:36.552+0000][info][gc             ] GC(1227) Pause Young (Mixed) (G1 Evacuation Pause) 823M->796M(1024M) 11.968ms
[2024-08-28T13:06:36.552+0000][info][gc,cpu         ] GC(1227) User=0.27s Sys=0.00s Real=0.01s
[2024-08-28T13:06:36.577+0000][info][gc,start       ] GC(1228) Pause Young (Concurrent Start) (G1 Evacuation Pause)
[2024-08-28T13:06:36.577+0000][info][gc,task        ] GC(1228) Using 24 workers of 68 for evacuation
[2024-08-28T13:06:36.589+0000][info][gc,phases      ] GC(1228)   Pre Evacuate Collection Set: 0.2ms
[2024-08-28T13:06:36.589+0000][info][gc,phases      ] GC(1228)   Merge Heap Roots: 0.2ms
[2024-08-28T13:06:36.589+0000][info][gc,phases      ] GC(1228)   Evacuate Collection Set: 10.1ms
[2024-08-28T13:06:36.589+0000][info][gc,phases      ] GC(1228)   Post Evacuate Collection Set: 0.3ms
[2024-08-28T13:06:36.589+0000][info][gc,phases      ] GC(1228)   Other: 0.8ms
[2024-08-28T13:06:36.589+0000][info][gc,heap        ] GC(1228) Eden regions: 44->0(44)
[2024-08-28T13:06:36.589+0000][info][gc,heap        ] GC(1228) Survivor regions: 7->7(7)
[2024-08-28T13:06:36.589+0000][info][gc,heap        ] GC(1228) Old regions: 784->830
[2024-08-28T13:06:36.589+0000][info][gc,heap        ] GC(1228) Archive regions: 2->2
[2024-08-28T13:06:36.589+0000][info][gc,heap        ] GC(1228) Humongous regions: 5->5
[2024-08-28T13:06:36.589+0000][info][gc,metaspace   ] GC(1228) Metaspace: 100K(320K)->100K(320K) NonClass: 96K(192K)->96K(192K) Class: 4K(128K)->4K(128K)
[2024-08-28T13:06:36.589+0000][info][gc             ] GC(1228) Pause Young (Concurrent Start) (G1 Evacuation Pause) 840M->842M(1024M) 11.801ms
[2024-08-28T13:06:36.589+0000][info][gc,cpu         ] GC(1228) User=0.25s Sys=0.00s Real=0.01s
[2024-08-28T13:06:36.589+0000][info][gc             ] GC(1229) Concurrent Mark Cycle
[2024-08-28T13:06:36.589+0000][info][gc,marking     ] GC(1229) Concurrent Clear Claimed Marks
[2024-08-28T13:06:36.589+0000][info][gc,marking     ] GC(1229) Concurrent Clear Claimed Marks 0.011ms
[2024-08-28T13:06:36.589+0000][info][gc,marking     ] GC(1229) Concurrent Scan Root Regions
[2024-08-28T13:06:36.591+0000][info][gc,marking     ] GC(1229) Concurrent Scan Root Regions 1.652ms
[2024-08-28T13:06:36.591+0000][info][gc,marking     ] GC(1229) Concurrent Mark
[2024-08-28T13:06:36.591+0000][info][gc,marking     ] GC(1229) Concurrent Mark From Roots
[2024-08-28T13:06:36.591+0000][info][gc,task        ] GC(1229) Using 17 workers of 17 for marking
[2024-08-28T13:06:36.615+0000][info][gc,marking     ] GC(1229) Concurrent Mark From Roots 24.885ms
[2024-08-28T13:06:36.616+0000][info][gc,marking     ] GC(1229) Concurrent Preclean
[2024-08-28T13:06:36.616+0000][info][gc,marking     ] GC(1229) Concurrent Preclean 0.653ms
[2024-08-28T13:06:36.616+0000][info][gc,start       ] GC(1229) Pause Remark
[2024-08-28T13:06:36.618+0000][info][gc             ] GC(1229) Pause Remark 875M->875M(1024M) 1.232ms
[2024-08-28T13:06:36.618+0000][info][gc,cpu         ] GC(1229) User=0.00s Sys=0.00s Real=0.01s
[2024-08-28T13:06:36.618+0000][info][gc,marking     ] GC(1229) Concurrent Mark 27.122ms
[2024-08-28T13:06:36.618+0000][info][gc,marking     ] GC(1229) Concurrent Rebuild Remembered Sets
[2024-08-28T13:06:36.625+0000][info][gc,start       ] GC(1230) Pause Young (Normal) (G1 Evacuation Pause)
[2024-08-28T13:06:36.625+0000][info][gc,task        ] GC(1230) Using 24 workers of 68 for evacuation
[2024-08-28T13:06:36.636+0000][info][gc,phases      ] GC(1230)   Pre Evacuate Collection Set: 0.2ms
[2024-08-28T13:06:36.636+0000][info][gc,phases      ] GC(1230)   Merge Heap Roots: 0.4ms
[2024-08-28T13:06:36.636+0000][info][gc,phases      ] GC(1230)   Evacuate Collection Set: 9.9ms
[2024-08-28T13:06:36.636+0000][info][gc,phases      ] GC(1230)   Post Evacuate Collection Set: 0.4ms
[2024-08-28T13:06:36.636+0000][info][gc,phases      ] GC(1230)   Other: 0.2ms
[2024-08-28T13:06:36.636+0000][info][gc,heap        ] GC(1230) Eden regions: 44->0(44)
[2024-08-28T13:06:36.636+0000][info][gc,heap        ] GC(1230) Survivor regions: 7->7(7)
[2024-08-28T13:06:36.636+0000][info][gc,heap        ] GC(1230) Old regions: 830->877
[2024-08-28T13:06:36.636+0000][info][gc,heap        ] GC(1230) Archive regions: 2->2
[2024-08-28T13:06:36.636+0000][info][gc,heap        ] GC(1230) Humongous regions: 5->5
[2024-08-28T13:06:36.636+0000][info][gc,metaspace   ] GC(1230) Metaspace: 100K(320K)->100K(320K) NonClass: 96K(192K)->96K(192K) Class: 4K(128K)->4K(128K)
[2024-08-28T13:06:36.636+0000][info][gc             ] GC(1230) Pause Young (Normal) (G1 Evacuation Pause) 886M->889M(1024M) 11.067ms
[2024-08-28T13:06:36.636+0000][info][gc,cpu         ] GC(1230) User=0.25s Sys=0.00s Real=0.01s
[2024-08-28T13:06:36.664+0000][info][gc,start       ] GC(1231) Pause Young (Normal) (G1 Evacuation Pause)
[2024-08-28T13:06:36.664+0000][info][gc,task        ] GC(1231) Using 24 workers of 68 for evacuation
[2024-08-28T13:06:36.679+0000][info][gc,phases      ] GC(1231)   Pre Evacuate Collection Set: 0.2ms
[2024-08-28T13:06:36.679+0000][info][gc,phases      ] GC(1231)   Merge Heap Roots: 0.3ms
[2024-08-28T13:06:36.679+0000][info][gc,phases      ] GC(1231)   Evacuate Collection Set: 13.9ms
[2024-08-28T13:06:36.679+0000][info][gc,phases      ] GC(1231)   Post Evacuate Collection Set: 0.5ms
[2024-08-28T13:06:36.679+0000][info][gc,phases      ] GC(1231)   Other: 0.2ms
[2024-08-28T13:06:36.679+0000][info][gc,heap        ] GC(1231) Eden regions: 44->0(44)
[2024-08-28T13:06:36.679+0000][info][gc,heap        ] GC(1231) Survivor regions: 7->7(7)
[2024-08-28T13:06:36.679+0000][info][gc,heap        ] GC(1231) Old regions: 877->922
[2024-08-28T13:06:36.679+0000][info][gc,heap        ] GC(1231) Archive regions: 2->2
[2024-08-28T13:06:36.679+0000][info][gc,heap        ] GC(1231) Humongous regions: 5->5
[2024-08-28T13:06:36.679+0000][info][gc,metaspace   ] GC(1231) Metaspace: 100K(320K)->100K(320K) NonClass: 96K(192K)->96K(192K) Class: 4K(128K)->4K(128K)
[2024-08-28T13:06:36.679+0000][info][gc             ] GC(1231) Pause Young (Normal) (G1 Evacuation Pause) 933M->934M(1024M) 15.144ms
[2024-08-28T13:06:36.679+0000][info][gc,cpu         ] GC(1231) User=0.34s Sys=0.00s Real=0.02s
[2024-08-28T13:06:36.699+0000][info][gc,marking     ] GC(1229) Concurrent Rebuild Remembered Sets 80.812ms
[2024-08-28T13:06:36.699+0000][info][gc,start       ] GC(1229) Pause Cleanup
[2024-08-28T13:06:36.700+0000][info][gc             ] GC(1229) Pause Cleanup 965M->965M(1024M) 1.507ms
[2024-08-28T13:06:36.700+0000][info][gc,cpu         ] GC(1229) User=0.00s Sys=0.00s Real=0.00s
[2024-08-28T13:06:36.700+0000][info][gc,marking     ] GC(1229) Concurrent Cleanup for Next Mark
[2024-08-28T13:06:36.701+0000][info][gc,marking     ] GC(1229) Concurrent Cleanup for Next Mark 0.890ms
[2024-08-28T13:06:36.701+0000][info][gc             ] GC(1229) Concurrent Mark Cycle 112.433ms
[2024-08-28T13:06:36.706+0000][info][gc,start       ] GC(1232) Pause Young (Prepare Mixed) (G1 Preventive Collection)
[2024-08-28T13:06:36.706+0000][info][gc,task        ] GC(1232) Using 24 workers of 68 for evacuation
[2024-08-28T13:06:36.722+0000][info][gc,phases      ] GC(1232)   Pre Evacuate Collection Set: 0.2ms
[2024-08-28T13:06:36.722+0000][info][gc,phases      ] GC(1232)   Merge Heap Roots: 0.6ms
[2024-08-28T13:06:36.722+0000][info][gc,phases      ] GC(1232)   Evacuate Collection Set: 14.7ms
[2024-08-28T13:06:36.722+0000][info][gc,phases      ] GC(1232)   Post Evacuate Collection Set: 0.3ms
[2024-08-28T13:06:36.722+0000][info][gc,phases      ] GC(1232)   Other: 0.2ms
[2024-08-28T13:06:36.722+0000][info][gc,heap        ] GC(1232) Eden regions: 38->0(44)
[2024-08-28T13:06:36.722+0000][info][gc,heap        ] GC(1232) Survivor regions: 7->7(7)
[2024-08-28T13:06:36.722+0000][info][gc,heap        ] GC(1232) Old regions: 922->963
[2024-08-28T13:06:36.722+0000][info][gc,heap        ] GC(1232) Archive regions: 2->2
[2024-08-28T13:06:36.722+0000][info][gc,heap        ] GC(1232) Humongous regions: 5->5
[2024-08-28T13:06:36.722+0000][info][gc,metaspace   ] GC(1232) Metaspace: 100K(320K)->100K(320K) NonClass: 96K(192K)->96K(192K) Class: 4K(128K)->4K(128K)
[2024-08-28T13:06:36.722+0000][info][gc             ] GC(1232) Pause Young (Prepare Mixed) (G1 Preventive Collection) 972M->975M(1024M) 15.988ms
[2024-08-28T13:06:36.722+0000][info][gc,cpu         ] GC(1232) User=0.36s Sys=0.01s Real=0.02s
[2024-08-28T13:06:36.733+0000][info][gc,start       ] GC(1233) Pause Young (Mixed) (G1 Preventive Collection)
[2024-08-28T13:06:36.733+0000][info][gc,task        ] GC(1233) Using 24 workers of 68 for evacuation
[2024-08-28T13:06:36.741+0000][info][gc,phases      ] GC(1233)   Pre Evacuate Collection Set: 0.2ms
[2024-08-28T13:06:36.741+0000][info][gc,phases      ] GC(1233)   Merge Heap Roots: 0.3ms
[2024-08-28T13:06:36.741+0000][info][gc,phases      ] GC(1233)   Evacuate Collection Set: 6.4ms
[2024-08-28T13:06:36.741+0000][info][gc,phases      ] GC(1233)   Post Evacuate Collection Set: 0.3ms
[2024-08-28T13:06:36.741+0000][info][gc,phases      ] GC(1233)   Other: 0.2ms
[2024-08-28T13:06:36.741+0000][info][gc,heap        ] GC(1233) Eden regions: 18->0(44)
[2024-08-28T13:06:36.741+0000][info][gc,heap        ] GC(1233) Survivor regions: 7->7(7)
[2024-08-28T13:06:36.741+0000][info][gc,heap        ] GC(1233) Old regions: 963->882
[2024-08-28T13:06:36.741+0000][info][gc,heap        ] GC(1233) Archive regions: 2->2
[2024-08-28T13:06:36.741+0000][info][gc,heap        ] GC(1233) Humongous regions: 5->5
[2024-08-28T13:06:36.741+0000][info][gc,metaspace   ] GC(1233) Metaspace: 100K(320K)->100K(320K) NonClass: 96K(192K)->96K(192K) Class: 4K(128K)->4K(128K)
[2024-08-28T13:06:36.741+0000][info][gc             ] GC(1233) Pause Young (Mixed) (G1 Preventive Collection) 993M->894M(1024M) 7.510ms
[2024-08-28T13:06:36.741+0000][info][gc,cpu         ] GC(1233) User=0.15s Sys=0.00s Real=0.01s
[2024-08-28T13:06:36.765+0000][info][gc,start       ] GC(1234) Pause Young (Mixed) (G1 Evacuation Pause)
[2024-08-28T13:06:36.765+0000][info][gc,task        ] GC(1234) Using 24 workers of 68 for evacuation
[2024-08-28T13:06:36.777+0000][info][gc,phases      ] GC(1234)   Pre Evacuate Collection Set: 0.3ms
[2024-08-28T13:06:36.777+0000][info][gc,phases      ] GC(1234)   Merge Heap Roots: 0.4ms
[2024-08-28T13:06:36.777+0000][info][gc,phases      ] GC(1234)   Evacuate Collection Set: 10.1ms
[2024-08-28T13:06:36.777+0000][info][gc,phases      ] GC(1234)   Post Evacuate Collection Set: 0.4ms
[2024-08-28T13:06:36.777+0000][info][gc,phases      ] GC(1234)   Other: 0.3ms
[2024-08-28T13:06:36.777+0000][info][gc,heap        ] GC(1234) Eden regions: 44->0(44)
[2024-08-28T13:06:36.777+0000][info][gc,heap        ] GC(1234) Survivor regions: 7->7(7)
[2024-08-28T13:06:36.777+0000][info][gc,heap        ] GC(1234) Old regions: 882->824
[2024-08-28T13:06:36.777+0000][info][gc,heap        ] GC(1234) Archive regions: 2->2
[2024-08-28T13:06:36.777+0000][info][gc,heap        ] GC(1234) Humongous regions: 5->5
[2024-08-28T13:06:36.777+0000][info][gc,metaspace   ] GC(1234) Metaspace: 100K(320K)->100K(320K) NonClass: 96K(192K)->96K(192K) Class: 4K(128K)->4K(128K)
[2024-08-28T13:06:36.777+0000][info][gc             ] GC(1234) Pause Young (Mixed) (G1 Evacuation Pause) 938M->836M(1024M) 11.574ms
[2024-08-28T13:06:36.777+0000][info][gc,cpu         ] GC(1234) User=0.25s Sys=0.01s Real=0.01s
[2024-08-28T13:06:36.801+0000][info][gc,start       ] GC(1235) Pause Young (Mixed) (G1 Evacuation Pause)
[2024-08-28T13:06:36.801+0000][info][gc,task        ] GC(1235) Using 24 workers of 68 for evacuation
[2024-08-28T13:06:36.813+0000][info][gc,phases      ] GC(1235)   Pre Evacuate Collection Set: 0.2ms
[2024-08-28T13:06:36.813+0000][info][gc,phases      ] GC(1235)   Merge Heap Roots: 0.4ms
[2024-08-28T13:06:36.813+0000][info][gc,phases      ] GC(1235)   Evacuate Collection Set: 10.6ms
[2024-08-28T13:06:36.813+0000][info][gc,phases      ] GC(1235)   Post Evacuate Collection Set: 0.4ms
[2024-08-28T13:06:36.813+0000][info][gc,phases      ] GC(1235)   Other: 0.2ms
[2024-08-28T13:06:36.813+0000][info][gc,heap        ] GC(1235) Eden regions: 44->0(44)
[2024-08-28T13:06:36.813+0000][info][gc,heap        ] GC(1235) Survivor regions: 7->7(7)
[2024-08-28T13:06:36.813+0000][info][gc,heap        ] GC(1235) Old regions: 824->769
[2024-08-28T13:06:36.813+0000][info][gc,heap        ] GC(1235) Archive regions: 2->2
[2024-08-28T13:06:36.813+0000][info][gc,heap        ] GC(1235) Humongous regions: 5->5
[2024-08-28T13:06:36.813+0000][info][gc,metaspace   ] GC(1235) Metaspace: 100K(320K)->100K(320K) NonClass: 96K(192K)->96K(192K) Class: 4K(128K)->4K(128K)
[2024-08-28T13:06:36.813+0000][info][gc             ] GC(1235) Pause Young (Mixed) (G1 Evacuation Pause) 880M->781M(1024M) 11.964ms
[2024-08-28T13:06:36.813+0000][info][gc,cpu         ] GC(1235) User=0.27s Sys=0.00s Real=0.01s
[2024-08-28T13:06:36.838+0000][info][gc,start       ] GC(1236) Pause Young (Mixed) (G1 Evacuation Pause)
[2024-08-28T13:06:36.838+0000][info][gc,task        ] GC(1236) Using 24 workers of 68 for evacuation
[2024-08-28T13:06:36.850+0000][info][gc,phases      ] GC(1236)   Pre Evacuate Collection Set: 0.2ms
[2024-08-28T13:06:36.850+0000][info][gc,phases      ] GC(1236)   Merge Heap Roots: 0.4ms
[2024-08-28T13:06:36.850+0000][info][gc,phases      ] GC(1236)   Evacuate Collection Set: 11.2ms
[2024-08-28T13:06:36.851+0000][info][gc,phases      ] GC(1236)   Post Evacuate Collection Set: 0.4ms
[2024-08-28T13:06:36.851+0000][info][gc,phases      ] GC(1236)   Other: 0.3ms
[2024-08-28T13:06:36.851+0000][info][gc,heap        ] GC(1236) Eden regions: 44->0(44)
[2024-08-28T13:06:36.851+0000][info][gc,heap        ] GC(1236) Survivor regions: 7->7(7)
[2024-08-28T13:06:36.851+0000][info][gc,heap        ] GC(1236) Old regions: 769->785
[2024-08-28T13:06:36.851+0000][info][gc,heap        ] GC(1236) Archive regions: 2->2
[2024-08-28T13:06:36.851+0000][info][gc,heap        ] GC(1236) Humongous regions: 5->5
[2024-08-28T13:06:36.851+0000][info][gc,metaspace   ] GC(1236) Metaspace: 100K(320K)->100K(320K) NonClass: 96K(192K)->96K(192K) Class: 4K(128K)->4K(128K)
[2024-08-28T13:06:36.851+0000][info][gc             ] GC(1236) Pause Young (Mixed) (G1 Evacuation Pause) 825M->797M(1024M) 12.493ms
[2024-08-28T13:06:36.851+0000][info][gc,cpu         ] GC(1236) User=0.28s Sys=0.00s Real=0.01s
[2024-08-28T13:06:36.877+0000][info][gc,start       ] GC(1237) Pause Young (Concurrent Start) (G1 Evacuation Pause)
[2024-08-28T13:06:36.877+0000][info][gc,task        ] GC(1237) Using 24 workers of 68 for evacuation
[2024-08-28T13:06:36.889+0000][info][gc,phases      ] GC(1237)   Pre Evacuate Collection Set: 0.2ms
[2024-08-28T13:06:36.889+0000][info][gc,phases      ] GC(1237)   Merge Heap Roots: 0.4ms
[2024-08-28T13:06:36.889+0000][info][gc,phases      ] GC(1237)   Evacuate Collection Set: 10.3ms
[2024-08-28T13:06:36.889+0000][info][gc,phases      ] GC(1237)   Post Evacuate Collection Set: 0.3ms
[2024-08-28T13:06:36.889+0000][info][gc,phases      ] GC(1237)   Other: 0.8ms
[2024-08-28T13:06:36.889+0000][info][gc,heap        ] GC(1237) Eden regions: 44->0(44)
[2024-08-28T13:06:36.889+0000][info][gc,heap        ] GC(1237) Survivor regions: 7->7(7)
[2024-08-28T13:06:36.889+0000][info][gc,heap        ] GC(1237) Old regions: 785->832
[2024-08-28T13:06:36.889+0000][info][gc,heap        ] GC(1237) Archive regions: 2->2
[2024-08-28T13:06:36.889+0000][info][gc,heap        ] GC(1237) Humongous regions: 5->5
[2024-08-28T13:06:36.889+0000][info][gc,metaspace   ] GC(1237) Metaspace: 100K(320K)->100K(320K) NonClass: 96K(192K)->96K(192K) Class: 4K(128K)->4K(128K)
[2024-08-28T13:06:36.889+0000][info][gc             ] GC(1237) Pause Young (Concurrent Start) (G1 Evacuation Pause) 841M->844M(1024M) 12.122ms
[2024-08-28T13:06:36.889+0000][info][gc,cpu         ] GC(1237) User=0.25s Sys=0.00s Real=0.01s
[2024-08-28T13:06:36.889+0000][info][gc             ] GC(1238) Concurrent Mark Cycle
[2024-08-28T13:06:36.889+0000][info][gc,marking     ] GC(1238) Concurrent Clear Claimed Marks
[2024-08-28T13:06:36.889+0000][info][gc,marking     ] GC(1238) Concurrent Clear Claimed Marks 0.012ms
[2024-08-28T13:06:36.889+0000][info][gc,marking     ] GC(1238) Concurrent Scan Root Regions
[2024-08-28T13:06:36.891+0000][info][gc,marking     ] GC(1238) Concurrent Scan Root Regions 1.769ms
[2024-08-28T13:06:36.891+0000][info][gc,marking     ] GC(1238) Concurrent Mark
[2024-08-28T13:06:36.891+0000][info][gc,marking     ] GC(1238) Concurrent Mark From Roots
[2024-08-28T13:06:36.891+0000][info][gc,task        ] GC(1238) Using 17 workers of 17 for marking
[2024-08-28T13:06:36.916+0000][info][gc,marking     ] GC(1238) Concurrent Mark From Roots 25.316ms
[2024-08-28T13:06:36.916+0000][info][gc,marking     ] GC(1238) Concurrent Preclean
[2024-08-28T13:06:36.917+0000][info][gc,marking     ] GC(1238) Concurrent Preclean 0.913ms
[2024-08-28T13:06:36.918+0000][info][gc,start       ] GC(1238) Pause Remark
[2024-08-28T13:06:36.919+0000][info][gc             ] GC(1238) Pause Remark 879M->879M(1024M) 1.263ms
[2024-08-28T13:06:36.919+0000][info][gc,cpu         ] GC(1238) User=0.01s Sys=0.00s Real=0.00s
[2024-08-28T13:06:36.919+0000][info][gc,marking     ] GC(1238) Concurrent Mark 27.947ms
[2024-08-28T13:06:36.919+0000][info][gc,marking     ] GC(1238) Concurrent Rebuild Remembered Sets
[2024-08-28T13:06:36.925+0000][info][gc,start       ] GC(1239) Pause Young (Normal) (G1 Evacuation Pause)
[2024-08-28T13:06:36.925+0000][info][gc,task        ] GC(1239) Using 24 workers of 68 for evacuation
[2024-08-28T13:06:36.936+0000][info][gc,phases      ] GC(1239)   Pre Evacuate Collection Set: 0.1ms
[2024-08-28T13:06:36.936+0000][info][gc,phases      ] GC(1239)   Merge Heap Roots: 0.3ms
[2024-08-28T13:06:36.936+0000][info][gc,phases      ] GC(1239)   Evacuate Collection Set: 9.9ms
[2024-08-28T13:06:36.936+0000][info][gc,phases      ] GC(1239)   Post Evacuate Collection Set: 0.4ms
[2024-08-28T13:06:36.936+0000][info][gc,phases      ] GC(1239)   Other: 0.2ms
[2024-08-28T13:06:36.936+0000][info][gc,heap        ] GC(1239) Eden regions: 44->0(44)
[2024-08-28T13:06:36.936+0000][info][gc,heap        ] GC(1239) Survivor regions: 7->7(7)
[2024-08-28T13:06:36.936+0000][info][gc,heap        ] GC(1239) Old regions: 832->878
[2024-08-28T13:06:36.936+0000][info][gc,heap        ] GC(1239) Archive regions: 2->2
[2024-08-28T13:06:36.936+0000][info][gc,heap        ] GC(1239) Humongous regions: 5->5
[2024-08-28T13:06:36.936+0000][info][gc,metaspace   ] GC(1239) Metaspace: 100K(320K)->100K(320K) NonClass: 96K(192K)->96K(192K) Class: 4K(128K)->4K(128K)
[2024-08-28T13:06:36.936+0000][info][gc             ] GC(1239) Pause Young (Normal) (G1 Evacuation Pause) 888M->890M(1024M) 10.907ms
[2024-08-28T13:06:36.936+0000][info][gc,cpu         ] GC(1239) User=0.23s Sys=0.02s Real=0.01s
[2024-08-28T13:06:36.963+0000][info][gc,start       ] GC(1240) Pause Young (Normal) (G1 Evacuation Pause)
[2024-08-28T13:06:36.963+0000][info][gc,task        ] GC(1240) Using 24 workers of 68 for evacuation
[2024-08-28T13:06:36.978+0000][info][gc,phases      ] GC(1240)   Pre Evacuate Collection Set: 0.1ms
[2024-08-28T13:06:36.978+0000][info][gc,phases      ] GC(1240)   Merge Heap Roots: 0.5ms
[2024-08-28T13:06:36.978+0000][info][gc,phases      ] GC(1240)   Evacuate Collection Set: 13.8ms
[2024-08-28T13:06:36.978+0000][info][gc,phases      ] GC(1240)   Post Evacuate Collection Set: 0.5ms
[2024-08-28T13:06:36.978+0000][info][gc,phases      ] GC(1240)   Other: 0.2ms
[2024-08-28T13:06:36.978+0000][info][gc,heap        ] GC(1240) Eden regions: 44->0(44)
[2024-08-28T13:06:36.978+0000][info][gc,heap        ] GC(1240) Survivor regions: 7->7(7)
[2024-08-28T13:06:36.978+0000][info][gc,heap        ] GC(1240) Old regions: 878->925
[2024-08-28T13:06:36.978+0000][info][gc,heap        ] GC(1240) Archive regions: 2->2
[2024-08-28T13:06:36.978+0000][info][gc,heap        ] GC(1240) Humongous regions: 5->5
[2024-08-28T13:06:36.978+0000][info][gc,metaspace   ] GC(1240) Metaspace: 100K(320K)->100K(320K) NonClass: 96K(192K)->96K(192K) Class: 4K(128K)->4K(128K)
[2024-08-28T13:06:36.978+0000][info][gc             ] GC(1240) Pause Young (Normal) (G1 Evacuation Pause) 934M->937M(1024M) 15.272ms
[2024-08-28T13:06:36.978+0000][info][gc,cpu         ] GC(1240) User=0.35s Sys=0.00s Real=0.02s
[2024-08-28T13:06:37.000+0000][info][gc,marking     ] GC(1238) Concurrent Rebuild Remembered Sets 80.728ms
[2024-08-28T13:06:37.000+0000][info][gc,start       ] GC(1238) Pause Cleanup
[2024-08-28T13:06:37.001+0000][info][gc             ] GC(1238) Pause Cleanup 971M->971M(1024M) 1.497ms
[2024-08-28T13:06:37.001+0000][info][gc,cpu         ] GC(1238) User=0.01s Sys=0.00s Real=0.00s
[2024-08-28T13:06:37.001+0000][info][gc,marking     ] GC(1238) Concurrent Cleanup for Next Mark
[2024-08-28T13:06:37.002+0000][info][gc,marking     ] GC(1238) Concurrent Cleanup for Next Mark 0.849ms
[2024-08-28T13:06:37.002+0000][info][gc             ] GC(1238) Concurrent Mark Cycle 113.230ms
[2024-08-28T13:06:37.004+0000][info][gc,start       ] GC(1241) Pause Young (Prepare Mixed) (G1 Preventive Collection)
[2024-08-28T13:06:37.004+0000][info][gc,task        ] GC(1241) Using 24 workers of 68 for evacuation
[2024-08-28T13:06:37.020+0000][info][gc,phases      ] GC(1241)   Pre Evacuate Collection Set: 0.1ms
[2024-08-28T13:06:37.020+0000][info][gc,phases      ] GC(1241)   Merge Heap Roots: 0.6ms
[2024-08-28T13:06:37.020+0000][info][gc,phases      ] GC(1241)   Evacuate Collection Set: 14.8ms
[2024-08-28T13:06:37.020+0000][info][gc,phases      ] GC(1241)   Post Evacuate Collection Set: 0.3ms
[2024-08-28T13:06:37.020+0000][info][gc,phases      ] GC(1241)   Other: 0.2ms
[2024-08-28T13:06:37.020+0000][info][gc,heap        ] GC(1241) Eden regions: 37->0(44)
[2024-08-28T13:06:37.020+0000][info][gc,heap        ] GC(1241) Survivor regions: 7->7(7)
[2024-08-28T13:06:37.020+0000][info][gc,heap        ] GC(1241) Old regions: 925->964
[2024-08-28T13:06:37.020+0000][info][gc,heap        ] GC(1241) Archive regions: 2->2
[2024-08-28T13:06:37.020+0000][info][gc,heap        ] GC(1241) Humongous regions: 5->5
[2024-08-28T13:06:37.020+0000][info][gc,metaspace   ] GC(1241) Metaspace: 100K(320K)->100K(320K) NonClass: 96K(192K)->96K(192K) Class: 4K(128K)->4K(128K)
[2024-08-28T13:06:37.020+0000][info][gc             ] GC(1241) Pause Young (Prepare Mixed) (G1 Preventive Collection) 974M->976M(1024M) 16.089ms
[2024-08-28T13:06:37.020+0000][info][gc,cpu         ] GC(1241) User=0.37s Sys=0.00s Real=0.02s
[2024-08-28T13:06:37.032+0000][info][gc,start       ] GC(1242) Pause Young (Mixed) (G1 Preventive Collection)
[2024-08-28T13:06:37.032+0000][info][gc,task        ] GC(1242) Using 24 workers of 68 for evacuation
[2024-08-28T13:06:37.039+0000][info][gc,phases      ] GC(1242)   Pre Evacuate Collection Set: 0.2ms
[2024-08-28T13:06:37.039+0000][info][gc,phases      ] GC(1242)   Merge Heap Roots: 0.2ms
[2024-08-28T13:06:37.039+0000][info][gc,phases      ] GC(1242)   Evacuate Collection Set: 6.6ms
[2024-08-28T13:06:37.039+0000][info][gc,phases      ] GC(1242)   Post Evacuate Collection Set: 0.4ms
[2024-08-28T13:06:37.039+0000][info][gc,phases      ] GC(1242)   Other: 0.2ms
[2024-08-28T13:06:37.039+0000][info][gc,heap        ] GC(1242) Eden regions: 18->0(44)
[2024-08-28T13:06:37.039+0000][info][gc,heap        ] GC(1242) Survivor regions: 7->7(7)
[2024-08-28T13:06:37.039+0000][info][gc,heap        ] GC(1242) Old regions: 964->882
[2024-08-28T13:06:37.039+0000][info][gc,heap        ] GC(1242) Archive regions: 2->2
[2024-08-28T13:06:37.039+0000][info][gc,heap        ] GC(1242) Humongous regions: 5->5
[2024-08-28T13:06:37.040+0000][info][gc,metaspace   ] GC(1242) Metaspace: 100K(320K)->100K(320K) NonClass: 96K(192K)->96K(192K) Class: 4K(128K)->4K(128K)
[2024-08-28T13:06:37.040+0000][info][gc             ] GC(1242) Pause Young (Mixed) (G1 Preventive Collection) 994M->894M(1024M) 7.672ms
[2024-08-28T13:06:37.040+0000][info][gc,cpu         ] GC(1242) User=0.16s Sys=0.00s Real=0.01s
[2024-08-28T13:06:37.064+0000][info][gc,start       ] GC(1243) Pause Young (Mixed) (G1 Evacuation Pause)
[2024-08-28T13:06:37.064+0000][info][gc,task        ] GC(1243) Using 24 workers of 68 for evacuation
[2024-08-28T13:06:37.075+0000][info][gc,phases      ] GC(1243)   Pre Evacuate Collection Set: 0.2ms
[2024-08-28T13:06:37.075+0000][info][gc,phases      ] GC(1243)   Merge Heap Roots: 0.4ms
[2024-08-28T13:06:37.075+0000][info][gc,phases      ] GC(1243)   Evacuate Collection Set: 10.1ms
[2024-08-28T13:06:37.075+0000][info][gc,phases      ] GC(1243)   Post Evacuate Collection Set: 0.4ms
[2024-08-28T13:06:37.075+0000][info][gc,phases      ] GC(1243)   Other: 0.2ms
[2024-08-28T13:06:37.075+0000][info][gc,heap        ] GC(1243) Eden regions: 44->0(44)
[2024-08-28T13:06:37.075+0000][info][gc,heap        ] GC(1243) Survivor regions: 7->7(7)
[2024-08-28T13:06:37.075+0000][info][gc,heap        ] GC(1243) Old regions: 882->824
[2024-08-28T13:06:37.075+0000][info][gc,heap        ] GC(1243) Archive regions: 2->2
[2024-08-28T13:06:37.075+0000][info][gc,heap        ] GC(1243) Humongous regions: 5->5
[2024-08-28T13:06:37.075+0000][info][gc,metaspace   ] GC(1243) Metaspace: 100K(320K)->100K(320K) NonClass: 96K(192K)->96K(192K) Class: 4K(128K)->4K(128K)
[2024-08-28T13:06:37.075+0000][info][gc             ] GC(1243) Pause Young (Mixed) (G1 Evacuation Pause) 938M->836M(1024M) 11.393ms
[2024-08-28T13:06:37.075+0000][info][gc,cpu         ] GC(1243) User=0.25s Sys=0.00s Real=0.01s
[2024-08-28T13:06:37.100+0000][info][gc,start       ] GC(1244) Pause Young (Mixed) (G1 Evacuation Pause)
[2024-08-28T13:06:37.100+0000][info][gc,task        ] GC(1244) Using 24 workers of 68 for evacuation
[2024-08-28T13:06:37.111+0000][info][gc,phases      ] GC(1244)   Pre Evacuate Collection Set: 0.2ms
[2024-08-28T13:06:37.111+0000][info][gc,phases      ] GC(1244)   Merge Heap Roots: 0.3ms
[2024-08-28T13:06:37.111+0000][info][gc,phases      ] GC(1244)   Evacuate Collection Set: 10.4ms
[2024-08-28T13:06:37.111+0000][info][gc,phases      ] GC(1244)   Post Evacuate Collection Set: 0.4ms
[2024-08-28T13:06:37.111+0000][info][gc,phases      ] GC(1244)   Other: 0.2ms
[2024-08-28T13:06:37.111+0000][info][gc,heap        ] GC(1244) Eden regions: 44->0(44)
[2024-08-28T13:06:37.111+0000][info][gc,heap        ] GC(1244) Survivor regions: 7->7(7)
[2024-08-28T13:06:37.111+0000][info][gc,heap        ] GC(1244) Old regions: 824->768
[2024-08-28T13:06:37.111+0000][info][gc,heap        ] GC(1244) Archive regions: 2->2
[2024-08-28T13:06:37.111+0000][info][gc,heap        ] GC(1244) Humongous regions: 5->5
[2024-08-28T13:06:37.111+0000][info][gc,metaspace   ] GC(1244) Metaspace: 100K(320K)->100K(320K) NonClass: 96K(192K)->96K(192K) Class: 4K(128K)->4K(128K)
[2024-08-28T13:06:37.111+0000][info][gc             ] GC(1244) Pause Young (Mixed) (G1 Evacuation Pause) 880M->780M(1024M) 11.603ms
[2024-08-28T13:06:37.111+0000][info][gc,cpu         ] GC(1244) User=0.26s Sys=0.00s Real=0.01s
[2024-08-28T13:06:37.136+0000][info][gc,start       ] GC(1245) Pause Young (Mixed) (G1 Evacuation Pause)
[2024-08-28T13:06:37.136+0000][info][gc,task        ] GC(1245) Using 24 workers of 68 for evacuation
[2024-08-28T13:06:37.148+0000][info][gc,phases      ] GC(1245)   Pre Evacuate Collection Set: 0.2ms
[2024-08-28T13:06:37.148+0000][info][gc,phases      ] GC(1245)   Merge Heap Roots: 0.4ms
[2024-08-28T13:06:37.148+0000][info][gc,phases      ] GC(1245)   Evacuate Collection Set: 11.0ms
[2024-08-28T13:06:37.148+0000][info][gc,phases      ] GC(1245)   Post Evacuate Collection Set: 0.3ms
[2024-08-28T13:06:37.148+0000][info][gc,phases      ] GC(1245)   Other: 0.2ms
[2024-08-28T13:06:37.148+0000][info][gc,heap        ] GC(1245) Eden regions: 44->0(44)
[2024-08-28T13:06:37.148+0000][info][gc,heap        ] GC(1245) Survivor regions: 7->7(7)
[2024-08-28T13:06:37.148+0000][info][gc,heap        ] GC(1245) Old regions: 768->785
[2024-08-28T13:06:37.148+0000][info][gc,heap        ] GC(1245) Archive regions: 2->2
[2024-08-28T13:06:37.148+0000][info][gc,heap        ] GC(1245) Humongous regions: 5->5
[2024-08-28T13:06:37.148+0000][info][gc,metaspace   ] GC(1245) Metaspace: 100K(320K)->100K(320K) NonClass: 96K(192K)->96K(192K) Class: 4K(128K)->4K(128K)
[2024-08-28T13:06:37.148+0000][info][gc             ] GC(1245) Pause Young (Mixed) (G1 Evacuation Pause) 824M->797M(1024M) 12.201ms
[2024-08-28T13:06:37.148+0000][info][gc,cpu         ] GC(1245) User=0.27s Sys=0.00s Real=0.01s
[2024-08-28T13:06:37.171+0000][info][gc,start       ] GC(1246) Pause Young (Concurrent Start) (G1 Evacuation Pause)
[2024-08-28T13:06:37.171+0000][info][gc,task        ] GC(1246) Using 24 workers of 68 for evacuation
[2024-08-28T13:06:37.182+0000][info][gc,phases      ] GC(1246)   Pre Evacuate Collection Set: 0.1ms
[2024-08-28T13:06:37.182+0000][info][gc,phases      ] GC(1246)   Merge Heap Roots: 0.4ms
[2024-08-28T13:06:37.182+0000][info][gc,phases      ] GC(1246)   Evacuate Collection Set: 10.1ms
[2024-08-28T13:06:37.182+0000][info][gc,phases      ] GC(1246)   Post Evacuate Collection Set: 0.3ms
[2024-08-28T13:06:37.182+0000][info][gc,phases      ] GC(1246)   Other: 0.6ms
[2024-08-28T13:06:37.182+0000][info][gc,heap        ] GC(1246) Eden regions: 44->0(44)
[2024-08-28T13:06:37.182+0000][info][gc,heap        ] GC(1246) Survivor regions: 7->7(7)
[2024-08-28T13:06:37.182+0000][info][gc,heap        ] GC(1246) Old regions: 785->830
[2024-08-28T13:06:37.182+0000][info][gc,heap        ] GC(1246) Archive regions: 2->2
[2024-08-28T13:06:37.182+0000][info][gc,heap        ] GC(1246) Humongous regions: 5->5
[2024-08-28T13:06:37.182+0000][info][gc,metaspace   ] GC(1246) Metaspace: 100K(320K)->100K(320K) NonClass: 96K(192K)->96K(192K) Class: 4K(128K)->4K(128K)
[2024-08-28T13:06:37.182+0000][info][gc             ] GC(1246) Pause Young (Concurrent Start) (G1 Evacuation Pause) 841M->842M(1024M) 11.590ms
[2024-08-28T13:06:37.182+0000][info][gc,cpu         ] GC(1246) User=0.21s Sys=0.04s Real=0.01s
[2024-08-28T13:06:37.182+0000][info][gc             ] GC(1247) Concurrent Mark Cycle
[2024-08-28T13:06:37.182+0000][info][gc,marking     ] GC(1247) Concurrent Clear Claimed Marks
[2024-08-28T13:06:37.182+0000][info][gc,marking     ] GC(1247) Concurrent Clear Claimed Marks 0.012ms
[2024-08-28T13:06:37.182+0000][info][gc,marking     ] GC(1247) Concurrent Scan Root Regions
[2024-08-28T13:06:37.184+0000][info][gc,marking     ] GC(1247) Concurrent Scan Root Regions 1.792ms
[2024-08-28T13:06:37.184+0000][info][gc,marking     ] GC(1247) Concurrent Mark
[2024-08-28T13:06:37.184+0000][info][gc,marking     ] GC(1247) Concurrent Mark From Roots
[2024-08-28T13:06:37.184+0000][info][gc,task        ] GC(1247) Using 17 workers of 17 for marking
[2024-08-28T13:06:37.209+0000][info][gc,marking     ] GC(1247) Concurrent Mark From Roots 24.971ms
[2024-08-28T13:06:37.209+0000][info][gc,marking     ] GC(1247) Concurrent Preclean
[2024-08-28T13:06:37.210+0000][info][gc,marking     ] GC(1247) Concurrent Preclean 0.992ms
[2024-08-28T13:06:37.211+0000][info][gc,start       ] GC(1247) Pause Remark
[2024-08-28T13:06:37.212+0000][info][gc             ] GC(1247) Pause Remark 876M->876M(1024M) 1.282ms
[2024-08-28T13:06:37.212+0000][info][gc,cpu         ] GC(1247) User=0.01s Sys=0.00s Real=0.00s
[2024-08-28T13:06:37.212+0000][info][gc,marking     ] GC(1247) Concurrent Mark 27.853ms
[2024-08-28T13:06:37.212+0000][info][gc,marking     ] GC(1247) Concurrent Rebuild Remembered Sets
[2024-08-28T13:06:37.218+0000][info][gc,start       ] GC(1248) Pause Young (Normal) (G1 Evacuation Pause)
[2024-08-28T13:06:37.218+0000][info][gc,task        ] GC(1248) Using 24 workers of 68 for evacuation
[2024-08-28T13:06:37.229+0000][info][gc,phases      ] GC(1248)   Pre Evacuate Collection Set: 0.1ms
[2024-08-28T13:06:37.229+0000][info][gc,phases      ] GC(1248)   Merge Heap Roots: 0.4ms
[2024-08-28T13:06:37.229+0000][info][gc,phases      ] GC(1248)   Evacuate Collection Set: 9.9ms
[2024-08-28T13:06:37.229+0000][info][gc,phases      ] GC(1248)   Post Evacuate Collection Set: 0.4ms
[2024-08-28T13:06:37.229+0000][info][gc,phases      ] GC(1248)   Other: 0.2ms
[2024-08-28T13:06:37.229+0000][info][gc,heap        ] GC(1248) Eden regions: 44->0(44)
[2024-08-28T13:06:37.229+0000][info][gc,heap        ] GC(1248) Survivor regions: 7->7(7)
[2024-08-28T13:06:37.229+0000][info][gc,heap        ] GC(1248) Old regions: 830->877
[2024-08-28T13:06:37.229+0000][info][gc,heap        ] GC(1248) Archive regions: 2->2
[2024-08-28T13:06:37.229+0000][info][gc,heap        ] GC(1248) Humongous regions: 5->5
[2024-08-28T13:06:37.229+0000][info][gc,metaspace   ] GC(1248) Metaspace: 100K(320K)->100K(320K) NonClass: 96K(192K)->96K(192K) Class: 4K(128K)->4K(128K)
[2024-08-28T13:06:37.229+0000][info][gc             ] GC(1248) Pause Young (Normal) (G1 Evacuation Pause) 886M->889M(1024M) 11.028ms
[2024-08-28T13:06:37.229+0000][info][gc,cpu         ] GC(1248) User=0.25s Sys=0.00s Real=0.00s
[2024-08-28T13:06:37.257+0000][info][gc,start       ] GC(1249) Pause Young (Normal) (G1 Evacuation Pause)
[2024-08-28T13:06:37.257+0000][info][gc,task        ] GC(1249) Using 24 workers of 68 for evacuation
[2024-08-28T13:06:37.272+0000][info][gc,phases      ] GC(1249)   Pre Evacuate Collection Set: 0.1ms
[2024-08-28T13:06:37.272+0000][info][gc,phases      ] GC(1249)   Merge Heap Roots: 0.5ms
[2024-08-28T13:06:37.272+0000][info][gc,phases      ] GC(1249)   Evacuate Collection Set: 13.7ms
[2024-08-28T13:06:37.272+0000][info][gc,phases      ] GC(1249)   Post Evacuate Collection Set: 0.5ms
[2024-08-28T13:06:37.272+0000][info][gc,phases      ] GC(1249)   Other: 0.2ms
[2024-08-28T13:06:37.272+0000][info][gc,heap        ] GC(1249) Eden regions: 44->0(44)
[2024-08-28T13:06:37.272+0000][info][gc,heap        ] GC(1249) Survivor regions: 7->7(7)
[2024-08-28T13:06:37.272+0000][info][gc,heap        ] GC(1249) Old regions: 877->923
[2024-08-28T13:06:37.272+0000][info][gc,heap        ] GC(1249) Archive regions: 2->2
[2024-08-28T13:06:37.272+0000][info][gc,heap        ] GC(1249) Humongous regions: 5->5
[2024-08-28T13:06:37.272+0000][info][gc,metaspace   ] GC(1249) Metaspace: 100K(320K)->100K(320K) NonClass: 96K(192K)->96K(192K) Class: 4K(128K)->4K(128K)
[2024-08-28T13:06:37.272+0000][info][gc             ] GC(1249) Pause Young (Normal) (G1 Evacuation Pause) 933M->935M(1024M) 15.071ms
[2024-08-28T13:06:37.272+0000][info][gc,cpu         ] GC(1249) User=0.35s Sys=0.00s Real=0.02s
[2024-08-28T13:06:37.294+0000][info][gc,marking     ] GC(1247) Concurrent Rebuild Remembered Sets 81.807ms
[2024-08-28T13:06:37.294+0000][info][gc,start       ] GC(1247) Pause Cleanup
[2024-08-28T13:06:37.296+0000][info][gc             ] GC(1247) Pause Cleanup 972M->972M(1024M) 1.519ms
[2024-08-28T13:06:37.296+0000][info][gc,cpu         ] GC(1247) User=0.00s Sys=0.00s Real=0.00s
[2024-08-28T13:06:37.296+0000][info][gc,marking     ] GC(1247) Concurrent Cleanup for Next Mark
[2024-08-28T13:06:37.296+0000][info][gc,marking     ] GC(1247) Concurrent Cleanup for Next Mark 0.839ms
[2024-08-28T13:06:37.297+0000][info][gc             ] GC(1247) Concurrent Mark Cycle 114.275ms
[2024-08-28T13:06:37.297+0000][info][gc,start       ] GC(1250) Pause Young (Prepare Mixed) (G1 Preventive Collection)
[2024-08-28T13:06:37.297+0000][info][gc,task        ] GC(1250) Using 24 workers of 68 for evacuation
[2024-08-28T13:06:37.312+0000][info][gc,phases      ] GC(1250)   Pre Evacuate Collection Set: 0.2ms
[2024-08-28T13:06:37.312+0000][info][gc,phases      ] GC(1250)   Merge Heap Roots: 0.4ms
[2024-08-28T13:06:37.312+0000][info][gc,phases      ] GC(1250)   Evacuate Collection Set: 13.9ms
[2024-08-28T13:06:37.312+0000][info][gc,phases      ] GC(1250)   Post Evacuate Collection Set: 0.3ms
[2024-08-28T13:06:37.312+0000][info][gc,phases      ] GC(1250)   Other: 0.2ms
[2024-08-28T13:06:37.312+0000][info][gc,heap        ] GC(1250) Eden regions: 38->0(44)
[2024-08-28T13:06:37.312+0000][info][gc,heap        ] GC(1250) Survivor regions: 7->7(7)
[2024-08-28T13:06:37.312+0000][info][gc,heap        ] GC(1250) Old regions: 923->965
[2024-08-28T13:06:37.312+0000][info][gc,heap        ] GC(1250) Archive regions: 2->2
[2024-08-28T13:06:37.312+0000][info][gc,heap        ] GC(1250) Humongous regions: 5->5
[2024-08-28T13:06:37.312+0000][info][gc,metaspace   ] GC(1250) Metaspace: 100K(320K)->100K(320K) NonClass: 96K(192K)->96K(192K) Class: 4K(128K)->4K(128K)
[2024-08-28T13:06:37.312+0000][info][gc             ] GC(1250) Pause Young (Prepare Mixed) (G1 Preventive Collection) 973M->977M(1024M) 15.034ms
[2024-08-28T13:06:37.312+0000][info][gc,cpu         ] GC(1250) User=0.34s Sys=0.00s Real=0.02s
[2024-08-28T13:06:37.322+0000][info][gc,start       ] GC(1251) Pause Young (Mixed) (G1 Preventive Collection)
[2024-08-28T13:06:37.322+0000][info][gc,task        ] GC(1251) Using 24 workers of 68 for evacuation
[2024-08-28T13:06:37.329+0000][info][gc,phases      ] GC(1251)   Pre Evacuate Collection Set: 0.2ms
[2024-08-28T13:06:37.329+0000][info][gc,phases      ] GC(1251)   Merge Heap Roots: 0.3ms
[2024-08-28T13:06:37.329+0000][info][gc,phases      ] GC(1251)   Evacuate Collection Set: 6.2ms
[2024-08-28T13:06:37.329+0000][info][gc,phases      ] GC(1251)   Post Evacuate Collection Set: 0.3ms
[2024-08-28T13:06:37.329+0000][info][gc,phases      ] GC(1251)   Other: 0.2ms
[2024-08-28T13:06:37.329+0000][info][gc,heap        ] GC(1251) Eden regions: 17->0(44)
[2024-08-28T13:06:37.329+0000][info][gc,heap        ] GC(1251) Survivor regions: 7->7(7)
[2024-08-28T13:06:37.329+0000][info][gc,heap        ] GC(1251) Old regions: 965->883
[2024-08-28T13:06:37.329+0000][info][gc,heap        ] GC(1251) Archive regions: 2->2
[2024-08-28T13:06:37.329+0000][info][gc,heap        ] GC(1251) Humongous regions: 5->5
[2024-08-28T13:06:37.329+0000][info][gc,metaspace   ] GC(1251) Metaspace: 100K(320K)->100K(320K) NonClass: 96K(192K)->96K(192K) Class: 4K(128K)->4K(128K)
[2024-08-28T13:06:37.329+0000][info][gc             ] GC(1251) Pause Young (Mixed) (G1 Preventive Collection) 994M->895M(1024M) 7.285ms
[2024-08-28T13:06:37.329+0000][info][gc,cpu         ] GC(1251) User=0.16s Sys=0.00s Real=0.00s
[2024-08-28T13:06:37.353+0000][info][gc,start       ] GC(1252) Pause Young (Mixed) (G1 Evacuation Pause)
[2024-08-28T13:06:37.353+0000][info][gc,task        ] GC(1252) Using 24 workers of 68 for evacuation
[2024-08-28T13:06:37.364+0000][info][gc,phases      ] GC(1252)   Pre Evacuate Collection Set: 0.2ms
[2024-08-28T13:06:37.364+0000][info][gc,phases      ] GC(1252)   Merge Heap Roots: 0.3ms
[2024-08-28T13:06:37.364+0000][info][gc,phases      ] GC(1252)   Evacuate Collection Set: 10.0ms
[2024-08-28T13:06:37.364+0000][info][gc,phases      ] GC(1252)   Post Evacuate Collection Set: 0.4ms
[2024-08-28T13:06:37.364+0000][info][gc,phases      ] GC(1252)   Other: 0.2ms
[2024-08-28T13:06:37.364+0000][info][gc,heap        ] GC(1252) Eden regions: 44->0(44)
[2024-08-28T13:06:37.364+0000][info][gc,heap        ] GC(1252) Survivor regions: 7->7(7)
[2024-08-28T13:06:37.364+0000][info][gc,heap        ] GC(1252) Old regions: 883->825
[2024-08-28T13:06:37.364+0000][info][gc,heap        ] GC(1252) Archive regions: 2->2
[2024-08-28T13:06:37.364+0000][info][gc,heap        ] GC(1252) Humongous regions: 5->5
[2024-08-28T13:06:37.364+0000][info][gc,metaspace   ] GC(1252) Metaspace: 100K(320K)->100K(320K) NonClass: 96K(192K)->96K(192K) Class: 4K(128K)->4K(128K)
[2024-08-28T13:06:37.364+0000][info][gc             ] GC(1252) Pause Young (Mixed) (G1 Evacuation Pause) 939M->837M(1024M) 11.233ms
[2024-08-28T13:06:37.364+0000][info][gc,cpu         ] GC(1252) User=0.25s Sys=0.00s Real=0.01s
[2024-08-28T13:06:37.387+0000][info][gc,start       ] GC(1253) Pause Young (Mixed) (G1 Evacuation Pause)
[2024-08-28T13:06:37.387+0000][info][gc,task        ] GC(1253) Using 24 workers of 68 for evacuation
[2024-08-28T13:06:37.399+0000][info][gc,phases      ] GC(1253)   Pre Evacuate Collection Set: 0.2ms
[2024-08-28T13:06:37.399+0000][info][gc,phases      ] GC(1253)   Merge Heap Roots: 0.4ms
[2024-08-28T13:06:37.399+0000][info][gc,phases      ] GC(1253)   Evacuate Collection Set: 10.4ms
[2024-08-28T13:06:37.399+0000][info][gc,phases      ] GC(1253)   Post Evacuate Collection Set: 0.4ms
[2024-08-28T13:06:37.399+0000][info][gc,phases      ] GC(1253)   Other: 0.2ms
[2024-08-28T13:06:37.399+0000][info][gc,heap        ] GC(1253) Eden regions: 44->0(44)
[2024-08-28T13:06:37.399+0000][info][gc,heap        ] GC(1253) Survivor regions: 7->7(7)
[2024-08-28T13:06:37.399+0000][info][gc,heap        ] GC(1253) Old regions: 825->768
[2024-08-28T13:06:37.399+0000][info][gc,heap        ] GC(1253) Archive regions: 2->2
[2024-08-28T13:06:37.399+0000][info][gc,heap        ] GC(1253) Humongous regions: 5->5
[2024-08-28T13:06:37.399+0000][info][gc,metaspace   ] GC(1253) Metaspace: 100K(320K)->100K(320K) NonClass: 96K(192K)->96K(192K) Class: 4K(128K)->4K(128K)
[2024-08-28T13:06:37.399+0000][info][gc             ] GC(1253) Pause Young (Mixed) (G1 Evacuation Pause) 881M->780M(1024M) 11.764ms
[2024-08-28T13:06:37.399+0000][info][gc,cpu         ] GC(1253) User=0.26s Sys=0.00s Real=0.02s
[2024-08-28T13:06:37.423+0000][info][gc,start       ] GC(1254) Pause Young (Mixed) (G1 Evacuation Pause)
[2024-08-28T13:06:37.423+0000][info][gc,task        ] GC(1254) Using 24 workers of 68 for evacuation
[2024-08-28T13:06:37.435+0000][info][gc,phases      ] GC(1254)   Pre Evacuate Collection Set: 0.2ms
[2024-08-28T13:06:37.435+0000][info][gc,phases      ] GC(1254)   Merge Heap Roots: 0.3ms
[2024-08-28T13:06:37.435+0000][info][gc,phases      ] GC(1254)   Evacuate Collection Set: 11.1ms
[2024-08-28T13:06:37.435+0000][info][gc,phases      ] GC(1254)   Post Evacuate Collection Set: 0.3ms
[2024-08-28T13:06:37.435+0000][info][gc,phases      ] GC(1254)   Other: 0.2ms
[2024-08-28T13:06:37.435+0000][info][gc,heap        ] GC(1254) Eden regions: 44->0(44)
[2024-08-28T13:06:37.435+0000][info][gc,heap        ] GC(1254) Survivor regions: 7->7(7)
[2024-08-28T13:06:37.435+0000][info][gc,heap        ] GC(1254) Old regions: 768->784
[2024-08-28T13:06:37.435+0000][info][gc,heap        ] GC(1254) Archive regions: 2->2
[2024-08-28T13:06:37.435+0000][info][gc,heap        ] GC(1254) Humongous regions: 5->5
[2024-08-28T13:06:37.435+0000][info][gc,metaspace   ] GC(1254) Metaspace: 100K(320K)->100K(320K) NonClass: 96K(192K)->96K(192K) Class: 4K(128K)->4K(128K)
[2024-08-28T13:06:37.435+0000][info][gc             ] GC(1254) Pause Young (Mixed) (G1 Evacuation Pause) 824M->796M(1024M) 12.177ms
[2024-08-28T13:06:37.435+0000][info][gc,cpu         ] GC(1254) User=0.27s Sys=0.00s Real=0.01s
[2024-08-28T13:06:37.460+0000][info][gc,start       ] GC(1255) Pause Young (Concurrent Start) (G1 Evacuation Pause)
[2024-08-28T13:06:37.460+0000][info][gc,task        ] GC(1255) Using 24 workers of 68 for evacuation
[2024-08-28T13:06:37.471+0000][info][gc,phases      ] GC(1255)   Pre Evacuate Collection Set: 0.2ms
[2024-08-28T13:06:37.471+0000][info][gc,phases      ] GC(1255)   Merge Heap Roots: 0.2ms
[2024-08-28T13:06:37.472+0000][info][gc,phases      ] GC(1255)   Evacuate Collection Set: 10.3ms
[2024-08-28T13:06:37.472+0000][info][gc,phases      ] GC(1255)   Post Evacuate Collection Set: 0.4ms
[2024-08-28T13:06:37.472+0000][info][gc,phases      ] GC(1255)   Other: 0.6ms
[2024-08-28T13:06:37.472+0000][info][gc,heap        ] GC(1255) Eden regions: 44->0(44)
[2024-08-28T13:06:37.472+0000][info][gc,heap        ] GC(1255) Survivor regions: 7->7(7)
[2024-08-28T13:06:37.472+0000][info][gc,heap        ] GC(1255) Old regions: 784->831
[2024-08-28T13:06:37.472+0000][info][gc,heap        ] GC(1255) Archive regions: 2->2
[2024-08-28T13:06:37.472+0000][info][gc,heap        ] GC(1255) Humongous regions: 5->5
[2024-08-28T13:06:37.472+0000][info][gc,metaspace   ] GC(1255) Metaspace: 100K(320K)->100K(320K) NonClass: 96K(192K)->96K(192K) Class: 4K(128K)->4K(128K)
[2024-08-28T13:06:37.472+0000][info][gc             ] GC(1255) Pause Young (Concurrent Start) (G1 Evacuation Pause) 840M->843M(1024M) 11.762ms
[2024-08-28T13:06:37.472+0000][info][gc,cpu         ] GC(1255) User=0.25s Sys=0.00s Real=0.01s
[2024-08-28T13:06:37.472+0000][info][gc             ] GC(1256) Concurrent Mark Cycle
[2024-08-28T13:06:37.472+0000][info][gc,marking     ] GC(1256) Concurrent Clear Claimed Marks
[2024-08-28T13:06:37.472+0000][info][gc,marking     ] GC(1256) Concurrent Clear Claimed Marks 0.010ms
[2024-08-28T13:06:37.472+0000][info][gc,marking     ] GC(1256) Concurrent Scan Root Regions
[2024-08-28T13:06:37.473+0000][info][gc,marking     ] GC(1256) Concurrent Scan Root Regions 1.689ms
[2024-08-28T13:06:37.473+0000][info][gc,marking     ] GC(1256) Concurrent Mark
[2024-08-28T13:06:37.473+0000][info][gc,marking     ] GC(1256) Concurrent Mark From Roots
[2024-08-28T13:06:37.473+0000][info][gc,task        ] GC(1256) Using 17 workers of 17 for marking
[2024-08-28T13:06:37.498+0000][info][gc,marking     ] GC(1256) Concurrent Mark From Roots 24.257ms
[2024-08-28T13:06:37.498+0000][info][gc,marking     ] GC(1256) Concurrent Preclean
[2024-08-28T13:06:37.498+0000][info][gc,marking     ] GC(1256) Concurrent Preclean 0.501ms
[2024-08-28T13:06:37.498+0000][info][gc,start       ] GC(1256) Pause Remark
[2024-08-28T13:06:37.500+0000][info][gc             ] GC(1256) Pause Remark 875M->875M(1024M) 1.269ms
[2024-08-28T13:06:37.500+0000][info][gc,cpu         ] GC(1256) User=0.00s Sys=0.00s Real=0.00s
[2024-08-28T13:06:37.500+0000][info][gc,marking     ] GC(1256) Concurrent Mark 26.363ms
[2024-08-28T13:06:37.500+0000][info][gc,marking     ] GC(1256) Concurrent Rebuild Remembered Sets
[2024-08-28T13:06:37.508+0000][info][gc,start       ] GC(1257) Pause Young (Normal) (G1 Evacuation Pause)
[2024-08-28T13:06:37.508+0000][info][gc,task        ] GC(1257) Using 24 workers of 68 for evacuation
[2024-08-28T13:06:37.519+0000][info][gc,phases      ] GC(1257)   Pre Evacuate Collection Set: 0.1ms
[2024-08-28T13:06:37.519+0000][info][gc,phases      ] GC(1257)   Merge Heap Roots: 0.4ms
[2024-08-28T13:06:37.519+0000][info][gc,phases      ] GC(1257)   Evacuate Collection Set: 9.7ms
[2024-08-28T13:06:37.519+0000][info][gc,phases      ] GC(1257)   Post Evacuate Collection Set: 0.4ms
[2024-08-28T13:06:37.519+0000][info][gc,phases      ] GC(1257)   Other: 0.2ms
[2024-08-28T13:06:37.519+0000][info][gc,heap        ] GC(1257) Eden regions: 44->0(44)
[2024-08-28T13:06:37.519+0000][info][gc,heap        ] GC(1257) Survivor regions: 7->7(7)
[2024-08-28T13:06:37.519+0000][info][gc,heap        ] GC(1257) Old regions: 831->877
[2024-08-28T13:06:37.519+0000][info][gc,heap        ] GC(1257) Archive regions: 2->2
[2024-08-28T13:06:37.519+0000][info][gc,heap        ] GC(1257) Humongous regions: 5->5
[2024-08-28T13:06:37.519+0000][info][gc,metaspace   ] GC(1257) Metaspace: 100K(320K)->100K(320K) NonClass: 96K(192K)->96K(192K) Class: 4K(128K)->4K(128K)
[2024-08-28T13:06:37.519+0000][info][gc             ] GC(1257) Pause Young (Normal) (G1 Evacuation Pause) 887M->889M(1024M) 10.834ms
[2024-08-28T13:06:37.519+0000][info][gc,cpu         ] GC(1257) User=0.25s Sys=0.00s Real=0.02s
[2024-08-28T13:06:37.546+0000][info][gc,start       ] GC(1258) Pause Young (Normal) (G1 Evacuation Pause)
[2024-08-28T13:06:37.546+0000][info][gc,task        ] GC(1258) Using 24 workers of 68 for evacuation
[2024-08-28T13:06:37.561+0000][info][gc,phases      ] GC(1258)   Pre Evacuate Collection Set: 0.1ms
[2024-08-28T13:06:37.561+0000][info][gc,phases      ] GC(1258)   Merge Heap Roots: 0.3ms
[2024-08-28T13:06:37.561+0000][info][gc,phases      ] GC(1258)   Evacuate Collection Set: 13.3ms
[2024-08-28T13:06:37.561+0000][info][gc,phases      ] GC(1258)   Post Evacuate Collection Set: 0.5ms
[2024-08-28T13:06:37.561+0000][info][gc,phases      ] GC(1258)   Other: 0.2ms
[2024-08-28T13:06:37.561+0000][info][gc,heap        ] GC(1258) Eden regions: 44->0(44)
[2024-08-28T13:06:37.561+0000][info][gc,heap        ] GC(1258) Survivor regions: 7->7(7)
[2024-08-28T13:06:37.561+0000][info][gc,heap        ] GC(1258) Old regions: 877->924
[2024-08-28T13:06:37.561+0000][info][gc,heap        ] GC(1258) Archive regions: 2->2
[2024-08-28T13:06:37.561+0000][info][gc,heap        ] GC(1258) Humongous regions: 5->5
[2024-08-28T13:06:37.561+0000][info][gc,metaspace   ] GC(1258) Metaspace: 100K(320K)->100K(320K) NonClass: 96K(192K)->96K(192K) Class: 4K(128K)->4K(128K)
[2024-08-28T13:06:37.561+0000][info][gc             ] GC(1258) Pause Young (Normal) (G1 Evacuation Pause) 933M->936M(1024M) 14.551ms
[2024-08-28T13:06:37.561+0000][info][gc,cpu         ] GC(1258) User=0.33s Sys=0.00s Real=0.02s
[2024-08-28T13:06:37.580+0000][info][gc,marking     ] GC(1256) Concurrent Rebuild Remembered Sets 79.723ms
[2024-08-28T13:06:37.580+0000][info][gc,start       ] GC(1256) Pause Cleanup
[2024-08-28T13:06:37.581+0000][info][gc             ] GC(1256) Pause Cleanup 966M->966M(1024M) 1.508ms
[2024-08-28T13:06:37.581+0000][info][gc,cpu         ] GC(1256) User=0.00s Sys=0.00s Real=0.00s
[2024-08-28T13:06:37.581+0000][info][gc,marking     ] GC(1256) Concurrent Cleanup for Next Mark
[2024-08-28T13:06:37.582+0000][info][gc,marking     ] GC(1256) Concurrent Cleanup for Next Mark 0.857ms
[2024-08-28T13:06:37.582+0000][info][gc             ] GC(1256) Concurrent Mark Cycle 110.568ms
[2024-08-28T13:06:37.587+0000][info][gc,start       ] GC(1259) Pause Young (Prepare Mixed) (G1 Preventive Collection)
[2024-08-28T13:06:37.587+0000][info][gc,task        ] GC(1259) Using 24 workers of 68 for evacuation
[2024-08-28T13:06:37.603+0000][info][gc,phases      ] GC(1259)   Pre Evacuate Collection Set: 0.1ms
[2024-08-28T13:06:37.603+0000][info][gc,phases      ] GC(1259)   Merge Heap Roots: 0.6ms
[2024-08-28T13:06:37.603+0000][info][gc,phases      ] GC(1259)   Evacuate Collection Set: 14.8ms
[2024-08-28T13:06:37.603+0000][info][gc,phases      ] GC(1259)   Post Evacuate Collection Set: 0.3ms
[2024-08-28T13:06:37.603+0000][info][gc,phases      ] GC(1259)   Other: 0.2ms
[2024-08-28T13:06:37.603+0000][info][gc,heap        ] GC(1259) Eden regions: 37->0(44)
[2024-08-28T13:06:37.603+0000][info][gc,heap        ] GC(1259) Survivor regions: 7->7(7)
[2024-08-28T13:06:37.603+0000][info][gc,heap        ] GC(1259) Old regions: 924->964
[2024-08-28T13:06:37.603+0000][info][gc,heap        ] GC(1259) Archive regions: 2->2
[2024-08-28T13:06:37.603+0000][info][gc,heap        ] GC(1259) Humongous regions: 5->5
[2024-08-28T13:06:37.603+0000][info][gc,metaspace   ] GC(1259) Metaspace: 100K(320K)->100K(320K) NonClass: 96K(192K)->96K(192K) Class: 4K(128K)->4K(128K)
[2024-08-28T13:06:37.603+0000][info][gc             ] GC(1259) Pause Young (Prepare Mixed) (G1 Preventive Collection) 973M->976M(1024M) 16.059ms
[2024-08-28T13:06:37.603+0000][info][gc,cpu         ] GC(1259) User=0.37s Sys=0.00s Real=0.02s
[2024-08-28T13:06:37.614+0000][info][gc,start       ] GC(1260) Pause Young (Mixed) (G1 Preventive Collection)
[2024-08-28T13:06:37.614+0000][info][gc,task        ] GC(1260) Using 24 workers of 68 for evacuation
[2024-08-28T13:06:37.622+0000][info][gc,phases      ] GC(1260)   Pre Evacuate Collection Set: 0.2ms
[2024-08-28T13:06:37.622+0000][info][gc,phases      ] GC(1260)   Merge Heap Roots: 0.3ms
[2024-08-28T13:06:37.622+0000][info][gc,phases      ] GC(1260)   Evacuate Collection Set: 6.7ms
[2024-08-28T13:06:37.622+0000][info][gc,phases      ] GC(1260)   Post Evacuate Collection Set: 0.4ms
[2024-08-28T13:06:37.622+0000][info][gc,phases      ] GC(1260)   Other: 0.2ms
[2024-08-28T13:06:37.622+0000][info][gc,heap        ] GC(1260) Eden regions: 18->0(44)
[2024-08-28T13:06:37.622+0000][info][gc,heap        ] GC(1260) Survivor regions: 7->7(7)
[2024-08-28T13:06:37.622+0000][info][gc,heap        ] GC(1260) Old regions: 964->882
[2024-08-28T13:06:37.622+0000][info][gc,heap        ] GC(1260) Archive regions: 2->2
[2024-08-28T13:06:37.622+0000][info][gc,heap        ] GC(1260) Humongous regions: 5->5
[2024-08-28T13:06:37.622+0000][info][gc,metaspace   ] GC(1260) Metaspace: 100K(320K)->100K(320K) NonClass: 96K(192K)->96K(192K) Class: 4K(128K)->4K(128K)
[2024-08-28T13:06:37.622+0000][info][gc             ] GC(1260) Pause Young (Mixed) (G1 Preventive Collection) 994M->894M(1024M) 7.896ms
[2024-08-28T13:06:37.622+0000][info][gc,cpu         ] GC(1260) User=0.14s Sys=0.02s Real=0.01s
[2024-08-28T13:06:37.646+0000][info][gc,start       ] GC(1261) Pause Young (Mixed) (G1 Evacuation Pause)
[2024-08-28T13:06:37.646+0000][info][gc,task        ] GC(1261) Using 24 workers of 68 for evacuation
[2024-08-28T13:06:37.658+0000][info][gc,phases      ] GC(1261)   Pre Evacuate Collection Set: 0.2ms
[2024-08-28T13:06:37.658+0000][info][gc,phases      ] GC(1261)   Merge Heap Roots: 0.4ms
[2024-08-28T13:06:37.658+0000][info][gc,phases      ] GC(1261)   Evacuate Collection Set: 10.2ms
[2024-08-28T13:06:37.658+0000][info][gc,phases      ] GC(1261)   Post Evacuate Collection Set: 0.5ms
[2024-08-28T13:06:37.658+0000][info][gc,phases      ] GC(1261)   Other: 0.3ms
[2024-08-28T13:06:37.658+0000][info][gc,heap        ] GC(1261) Eden regions: 44->0(44)
[2024-08-28T13:06:37.658+0000][info][gc,heap        ] GC(1261) Survivor regions: 7->7(7)
[2024-08-28T13:06:37.658+0000][info][gc,heap        ] GC(1261) Old regions: 882->824
[2024-08-28T13:06:37.658+0000][info][gc,heap        ] GC(1261) Archive regions: 2->2
[2024-08-28T13:06:37.658+0000][info][gc,heap        ] GC(1261) Humongous regions: 5->5
[2024-08-28T13:06:37.658+0000][info][gc,metaspace   ] GC(1261) Metaspace: 100K(320K)->100K(320K) NonClass: 96K(192K)->96K(192K) Class: 4K(128K)->4K(128K)
[2024-08-28T13:06:37.658+0000][info][gc             ] GC(1261) Pause Young (Mixed) (G1 Evacuation Pause) 938M->836M(1024M) 11.613ms
[2024-08-28T13:06:37.658+0000][info][gc,cpu         ] GC(1261) User=0.25s Sys=0.00s Real=0.02s
[2024-08-28T13:06:37.682+0000][info][gc,start       ] GC(1262) Pause Young (Mixed) (G1 Evacuation Pause)
[2024-08-28T13:06:37.682+0000][info][gc,task        ] GC(1262) Using 24 workers of 68 for evacuation
[2024-08-28T13:06:37.693+0000][info][gc,phases      ] GC(1262)   Pre Evacuate Collection Set: 0.2ms
[2024-08-28T13:06:37.693+0000][info][gc,phases      ] GC(1262)   Merge Heap Roots: 0.4ms
[2024-08-28T13:06:37.693+0000][info][gc,phases      ] GC(1262)   Evacuate Collection Set: 10.6ms
[2024-08-28T13:06:37.693+0000][info][gc,phases      ] GC(1262)   Post Evacuate Collection Set: 0.4ms
[2024-08-28T13:06:37.693+0000][info][gc,phases      ] GC(1262)   Other: 0.2ms
[2024-08-28T13:06:37.693+0000][info][gc,heap        ] GC(1262) Eden regions: 44->0(44)
[2024-08-28T13:06:37.693+0000][info][gc,heap        ] GC(1262) Survivor regions: 7->7(7)
[2024-08-28T13:06:37.693+0000][info][gc,heap        ] GC(1262) Old regions: 824->768
[2024-08-28T13:06:37.693+0000][info][gc,heap        ] GC(1262) Archive regions: 2->2
[2024-08-28T13:06:37.693+0000][info][gc,heap        ] GC(1262) Humongous regions: 5->5
[2024-08-28T13:06:37.693+0000][info][gc,metaspace   ] GC(1262) Metaspace: 100K(320K)->100K(320K) NonClass: 96K(192K)->96K(192K) Class: 4K(128K)->4K(128K)
[2024-08-28T13:06:37.693+0000][info][gc             ] GC(1262) Pause Young (Mixed) (G1 Evacuation Pause) 880M->780M(1024M) 11.873ms
[2024-08-28T13:06:37.693+0000][info][gc,cpu         ] GC(1262) User=0.26s Sys=0.01s Real=0.01s
[2024-08-28T13:06:37.718+0000][info][gc,start       ] GC(1263) Pause Young (Mixed) (G1 Evacuation Pause)
[2024-08-28T13:06:37.718+0000][info][gc,task        ] GC(1263) Using 24 workers of 68 for evacuation
[2024-08-28T13:06:37.730+0000][info][gc,phases      ] GC(1263)   Pre Evacuate Collection Set: 0.2ms
[2024-08-28T13:06:37.730+0000][info][gc,phases      ] GC(1263)   Merge Heap Roots: 0.4ms
[2024-08-28T13:06:37.730+0000][info][gc,phases      ] GC(1263)   Evacuate Collection Set: 10.9ms
[2024-08-28T13:06:37.730+0000][info][gc,phases      ] GC(1263)   Post Evacuate Collection Set: 0.4ms
[2024-08-28T13:06:37.730+0000][info][gc,phases      ] GC(1263)   Other: 0.2ms
[2024-08-28T13:06:37.730+0000][info][gc,heap        ] GC(1263) Eden regions: 44->0(44)
[2024-08-28T13:06:37.730+0000][info][gc,heap        ] GC(1263) Survivor regions: 7->7(7)
[2024-08-28T13:06:37.730+0000][info][gc,heap        ] GC(1263) Old regions: 768->784
[2024-08-28T13:06:37.730+0000][info][gc,heap        ] GC(1263) Archive regions: 2->2
[2024-08-28T13:06:37.730+0000][info][gc,heap        ] GC(1263) Humongous regions: 5->5
[2024-08-28T13:06:37.730+0000][info][gc,metaspace   ] GC(1263) Metaspace: 100K(320K)->100K(320K) NonClass: 96K(192K)->96K(192K) Class: 4K(128K)->4K(128K)
[2024-08-28T13:06:37.730+0000][info][gc             ] GC(1263) Pause Young (Mixed) (G1 Evacuation Pause) 824M->796M(1024M) 12.138ms
[2024-08-28T13:06:37.730+0000][info][gc,cpu         ] GC(1263) User=0.27s Sys=0.00s Real=0.01s
[2024-08-28T13:06:37.756+0000][info][gc,start       ] GC(1264) Pause Young (Concurrent Start) (G1 Evacuation Pause)
[2024-08-28T13:06:37.756+0000][info][gc,task        ] GC(1264) Using 24 workers of 68 for evacuation
[2024-08-28T13:06:37.768+0000][info][gc,phases      ] GC(1264)   Pre Evacuate Collection Set: 0.2ms
[2024-08-28T13:06:37.768+0000][info][gc,phases      ] GC(1264)   Merge Heap Roots: 0.4ms
[2024-08-28T13:06:37.768+0000][info][gc,phases      ] GC(1264)   Evacuate Collection Set: 10.8ms
[2024-08-28T13:06:37.768+0000][info][gc,phases      ] GC(1264)   Post Evacuate Collection Set: 0.3ms
[2024-08-28T13:06:37.768+0000][info][gc,phases      ] GC(1264)   Other: 0.7ms
[2024-08-28T13:06:37.768+0000][info][gc,heap        ] GC(1264) Eden regions: 44->0(44)
[2024-08-28T13:06:37.768+0000][info][gc,heap        ] GC(1264) Survivor regions: 7->7(7)
[2024-08-28T13:06:37.768+0000][info][gc,heap        ] GC(1264) Old regions: 784->831
[2024-08-28T13:06:37.768+0000][info][gc,heap        ] GC(1264) Archive regions: 2->2
[2024-08-28T13:06:37.768+0000][info][gc,heap        ] GC(1264) Humongous regions: 5->5
[2024-08-28T13:06:37.768+0000][info][gc,metaspace   ] GC(1264) Metaspace: 100K(320K)->100K(320K) NonClass: 96K(192K)->96K(192K) Class: 4K(128K)->4K(128K)
[2024-08-28T13:06:37.768+0000][info][gc             ] GC(1264) Pause Young (Concurrent Start) (G1 Evacuation Pause) 840M->843M(1024M) 12.479ms
[2024-08-28T13:06:37.768+0000][info][gc,cpu         ] GC(1264) User=0.27s Sys=0.00s Real=0.01s
[2024-08-28T13:06:37.768+0000][info][gc             ] GC(1265) Concurrent Mark Cycle
[2024-08-28T13:06:37.768+0000][info][gc,marking     ] GC(1265) Concurrent Clear Claimed Marks
[2024-08-28T13:06:37.768+0000][info][gc,marking     ] GC(1265) Concurrent Clear Claimed Marks 0.010ms
[2024-08-28T13:06:37.768+0000][info][gc,marking     ] GC(1265) Concurrent Scan Root Regions
[2024-08-28T13:06:37.770+0000][info][gc,marking     ] GC(1265) Concurrent Scan Root Regions 1.757ms
[2024-08-28T13:06:37.770+0000][info][gc,marking     ] GC(1265) Concurrent Mark
[2024-08-28T13:06:37.770+0000][info][gc,marking     ] GC(1265) Concurrent Mark From Roots
[2024-08-28T13:06:37.770+0000][info][gc,task        ] GC(1265) Using 17 workers of 17 for marking
[2024-08-28T13:06:37.795+0000][info][gc,marking     ] GC(1265) Concurrent Mark From Roots 25.098ms
[2024-08-28T13:06:37.795+0000][info][gc,marking     ] GC(1265) Concurrent Preclean
[2024-08-28T13:06:37.796+0000][info][gc,marking     ] GC(1265) Concurrent Preclean 0.568ms
[2024-08-28T13:06:37.796+0000][info][gc,start       ] GC(1265) Pause Remark
[2024-08-28T13:06:37.797+0000][info][gc             ] GC(1265) Pause Remark 877M->877M(1024M) 1.298ms
[2024-08-28T13:06:37.797+0000][info][gc,cpu         ] GC(1265) User=0.00s Sys=0.00s Real=0.00s
[2024-08-28T13:06:37.797+0000][info][gc,marking     ] GC(1265) Concurrent Mark 27.314ms
[2024-08-28T13:06:37.797+0000][info][gc,marking     ] GC(1265) Concurrent Rebuild Remembered Sets
[2024-08-28T13:06:37.804+0000][info][gc,start       ] GC(1266) Pause Young (Normal) (G1 Evacuation Pause)
[2024-08-28T13:06:37.804+0000][info][gc,task        ] GC(1266) Using 24 workers of 68 for evacuation
[2024-08-28T13:06:37.815+0000][info][gc,phases      ] GC(1266)   Pre Evacuate Collection Set: 0.1ms
[2024-08-28T13:06:37.815+0000][info][gc,phases      ] GC(1266)   Merge Heap Roots: 0.2ms
[2024-08-28T13:06:37.815+0000][info][gc,phases      ] GC(1266)   Evacuate Collection Set: 9.9ms
[2024-08-28T13:06:37.815+0000][info][gc,phases      ] GC(1266)   Post Evacuate Collection Set: 0.4ms
[2024-08-28T13:06:37.815+0000][info][gc,phases      ] GC(1266)   Other: 0.2ms
[2024-08-28T13:06:37.815+0000][info][gc,heap        ] GC(1266) Eden regions: 44->0(44)
[2024-08-28T13:06:37.815+0000][info][gc,heap        ] GC(1266) Survivor regions: 7->7(7)
[2024-08-28T13:06:37.815+0000][info][gc,heap        ] GC(1266) Old regions: 831->878
[2024-08-28T13:06:37.815+0000][info][gc,heap        ] GC(1266) Archive regions: 2->2
[2024-08-28T13:06:37.815+0000][info][gc,heap        ] GC(1266) Humongous regions: 5->5
[2024-08-28T13:06:37.815+0000][info][gc,metaspace   ] GC(1266) Metaspace: 100K(320K)->100K(320K) NonClass: 96K(192K)->96K(192K) Class: 4K(128K)->4K(128K)
[2024-08-28T13:06:37.815+0000][info][gc             ] GC(1266) Pause Young (Normal) (G1 Evacuation Pause) 887M->890M(1024M) 10.901ms
[2024-08-28T13:06:37.815+0000][info][gc,cpu         ] GC(1266) User=0.25s Sys=0.00s Real=0.01s
[2024-08-28T13:06:37.843+0000][info][gc,start       ] GC(1267) Pause Young (Normal) (G1 Evacuation Pause)
[2024-08-28T13:06:37.843+0000][info][gc,task        ] GC(1267) Using 24 workers of 68 for evacuation
[2024-08-28T13:06:37.857+0000][info][gc,phases      ] GC(1267)   Pre Evacuate Collection Set: 0.1ms
[2024-08-28T13:06:37.858+0000][info][gc,phases      ] GC(1267)   Merge Heap Roots: 0.4ms
[2024-08-28T13:06:37.858+0000][info][gc,phases      ] GC(1267)   Evacuate Collection Set: 13.3ms
[2024-08-28T13:06:37.858+0000][info][gc,phases      ] GC(1267)   Post Evacuate Collection Set: 0.5ms
[2024-08-28T13:06:37.858+0000][info][gc,phases      ] GC(1267)   Other: 0.2ms
[2024-08-28T13:06:37.858+0000][info][gc,heap        ] GC(1267) Eden regions: 44->0(44)
[2024-08-28T13:06:37.858+0000][info][gc,heap        ] GC(1267) Survivor regions: 7->7(7)
[2024-08-28T13:06:37.858+0000][info][gc,heap        ] GC(1267) Old regions: 878->924
[2024-08-28T13:06:37.858+0000][info][gc,heap        ] GC(1267) Archive regions: 2->2
[2024-08-28T13:06:37.858+0000][info][gc,heap        ] GC(1267) Humongous regions: 5->5
[2024-08-28T13:06:37.858+0000][info][gc,metaspace   ] GC(1267) Metaspace: 100K(320K)->100K(320K) NonClass: 96K(192K)->96K(192K) Class: 4K(128K)->4K(128K)
[2024-08-28T13:06:37.858+0000][info][gc             ] GC(1267) Pause Young (Normal) (G1 Evacuation Pause) 934M->936M(1024M) 14.671ms
[2024-08-28T13:06:37.858+0000][info][gc,cpu         ] GC(1267) User=0.34s Sys=0.00s Real=0.02s
[2024-08-28T13:06:37.878+0000][info][gc,marking     ] GC(1265) Concurrent Rebuild Remembered Sets 80.034ms
[2024-08-28T13:06:37.878+0000][info][gc,start       ] GC(1265) Pause Cleanup
[2024-08-28T13:06:37.879+0000][info][gc             ] GC(1265) Pause Cleanup 970M->970M(1024M) 1.531ms
[2024-08-28T13:06:37.879+0000][info][gc,cpu         ] GC(1265) User=0.00s Sys=0.00s Real=0.00s
[2024-08-28T13:06:37.879+0000][info][gc,marking     ] GC(1265) Concurrent Cleanup for Next Mark
[2024-08-28T13:06:37.880+0000][info][gc,marking     ] GC(1265) Concurrent Cleanup for Next Mark 0.844ms
[2024-08-28T13:06:37.880+0000][info][gc             ] GC(1265) Concurrent Mark Cycle 111.957ms
[2024-08-28T13:06:37.882+0000][info][gc,start       ] GC(1268) Pause Young (Prepare Mixed) (G1 Preventive Collection)
[2024-08-28T13:06:37.882+0000][info][gc,task        ] GC(1268) Using 24 workers of 68 for evacuation
[2024-08-28T13:06:37.898+0000][info][gc,phases      ] GC(1268)   Pre Evacuate Collection Set: 0.2ms
[2024-08-28T13:06:37.898+0000][info][gc,phases      ] GC(1268)   Merge Heap Roots: 0.6ms
[2024-08-28T13:06:37.898+0000][info][gc,phases      ] GC(1268)   Evacuate Collection Set: 14.4ms
[2024-08-28T13:06:37.898+0000][info][gc,phases      ] GC(1268)   Post Evacuate Collection Set: 0.3ms
[2024-08-28T13:06:37.898+0000][info][gc,phases      ] GC(1268)   Other: 0.2ms
[2024-08-28T13:06:37.898+0000][info][gc,heap        ] GC(1268) Eden regions: 37->0(44)
[2024-08-28T13:06:37.898+0000][info][gc,heap        ] GC(1268) Survivor regions: 7->7(7)
[2024-08-28T13:06:37.898+0000][info][gc,heap        ] GC(1268) Old regions: 924->964
[2024-08-28T13:06:37.898+0000][info][gc,heap        ] GC(1268) Archive regions: 2->2
[2024-08-28T13:06:37.898+0000][info][gc,heap        ] GC(1268) Humongous regions: 5->5
[2024-08-28T13:06:37.898+0000][info][gc,metaspace   ] GC(1268) Metaspace: 100K(320K)->100K(320K) NonClass: 96K(192K)->96K(192K) Class: 4K(128K)->4K(128K)
[2024-08-28T13:06:37.898+0000][info][gc             ] GC(1268) Pause Young (Prepare Mixed) (G1 Preventive Collection) 973M->976M(1024M) 15.712ms
[2024-08-28T13:06:37.898+0000][info][gc,cpu         ] GC(1268) User=0.35s Sys=0.01s Real=0.02s
[2024-08-28T13:06:37.909+0000][info][gc,start       ] GC(1269) Pause Young (Mixed) (G1 Preventive Collection)
[2024-08-28T13:06:37.909+0000][info][gc,task        ] GC(1269) Using 24 workers of 68 for evacuation
[2024-08-28T13:06:37.916+0000][info][gc,phases      ] GC(1269)   Pre Evacuate Collection Set: 0.2ms
[2024-08-28T13:06:37.916+0000][info][gc,phases      ] GC(1269)   Merge Heap Roots: 0.2ms
[2024-08-28T13:06:37.916+0000][info][gc,phases      ] GC(1269)   Evacuate Collection Set: 6.7ms
[2024-08-28T13:06:37.916+0000][info][gc,phases      ] GC(1269)   Post Evacuate Collection Set: 0.4ms
[2024-08-28T13:06:37.916+0000][info][gc,phases      ] GC(1269)   Other: 0.2ms
[2024-08-28T13:06:37.916+0000][info][gc,heap        ] GC(1269) Eden regions: 18->0(44)
[2024-08-28T13:06:37.916+0000][info][gc,heap        ] GC(1269) Survivor regions: 7->7(7)
[2024-08-28T13:06:37.916+0000][info][gc,heap        ] GC(1269) Old regions: 964->882
[2024-08-28T13:06:37.916+0000][info][gc,heap        ] GC(1269) Archive regions: 2->2
[2024-08-28T13:06:37.916+0000][info][gc,heap        ] GC(1269) Humongous regions: 5->5
[2024-08-28T13:06:37.916+0000][info][gc,metaspace   ] GC(1269) Metaspace: 100K(320K)->100K(320K) NonClass: 96K(192K)->96K(192K) Class: 4K(128K)->4K(128K)
[2024-08-28T13:06:37.916+0000][info][gc             ] GC(1269) Pause Young (Mixed) (G1 Preventive Collection) 994M->894M(1024M) 7.690ms
[2024-08-28T13:06:37.917+0000][info][gc,cpu         ] GC(1269) User=0.17s Sys=0.00s Real=0.01s
[2024-08-28T13:06:37.940+0000][info][gc,start       ] GC(1270) Pause Young (Mixed) (G1 Evacuation Pause)
[2024-08-28T13:06:37.940+0000][info][gc,task        ] GC(1270) Using 24 workers of 68 for evacuation
[2024-08-28T13:06:37.952+0000][info][gc,phases      ] GC(1270)   Pre Evacuate Collection Set: 0.2ms
[2024-08-28T13:06:37.952+0000][info][gc,phases      ] GC(1270)   Merge Heap Roots: 0.4ms
[2024-08-28T13:06:37.952+0000][info][gc,phases      ] GC(1270)   Evacuate Collection Set: 10.3ms
[2024-08-28T13:06:37.952+0000][info][gc,phases      ] GC(1270)   Post Evacuate Collection Set: 0.4ms
[2024-08-28T13:06:37.952+0000][info][gc,phases      ] GC(1270)   Other: 0.3ms
[2024-08-28T13:06:37.952+0000][info][gc,heap        ] GC(1270) Eden regions: 44->0(44)
[2024-08-28T13:06:37.952+0000][info][gc,heap        ] GC(1270) Survivor regions: 7->7(7)
[2024-08-28T13:06:37.952+0000][info][gc,heap        ] GC(1270) Old regions: 882->823
[2024-08-28T13:06:37.952+0000][info][gc,heap        ] GC(1270) Archive regions: 2->2
[2024-08-28T13:06:37.952+0000][info][gc,heap        ] GC(1270) Humongous regions: 5->5
[2024-08-28T13:06:37.952+0000][info][gc,metaspace   ] GC(1270) Metaspace: 100K(320K)->100K(320K) NonClass: 96K(192K)->96K(192K) Class: 4K(128K)->4K(128K)
[2024-08-28T13:06:37.952+0000][info][gc             ] GC(1270) Pause Young (Mixed) (G1 Evacuation Pause) 938M->835M(1024M) 11.551ms
[2024-08-28T13:06:37.952+0000][info][gc,cpu         ] GC(1270) User=0.26s Sys=0.00s Real=0.01s
[2024-08-28T13:06:37.976+0000][info][gc,start       ] GC(1271) Pause Young (Mixed) (G1 Evacuation Pause)
[2024-08-28T13:06:37.976+0000][info][gc,task        ] GC(1271) Using 24 workers of 68 for evacuation
[2024-08-28T13:06:37.988+0000][info][gc,phases      ] GC(1271)   Pre Evacuate Collection Set: 0.2ms
[2024-08-28T13:06:37.988+0000][info][gc,phases      ] GC(1271)   Merge Heap Roots: 0.3ms
[2024-08-28T13:06:37.988+0000][info][gc,phases      ] GC(1271)   Evacuate Collection Set: 10.5ms
[2024-08-28T13:06:37.988+0000][info][gc,phases      ] GC(1271)   Post Evacuate Collection Set: 0.4ms
[2024-08-28T13:06:37.988+0000][info][gc,phases      ] GC(1271)   Other: 0.3ms
[2024-08-28T13:06:37.988+0000][info][gc,heap        ] GC(1271) Eden regions: 44->0(44)
[2024-08-28T13:06:37.988+0000][info][gc,heap        ] GC(1271) Survivor regions: 7->7(7)
[2024-08-28T13:06:37.988+0000][info][gc,heap        ] GC(1271) Old regions: 823->767
[2024-08-28T13:06:37.988+0000][info][gc,heap        ] GC(1271) Archive regions: 2->2
[2024-08-28T13:06:37.988+0000][info][gc,heap        ] GC(1271) Humongous regions: 5->5
[2024-08-28T13:06:37.988+0000][info][gc,metaspace   ] GC(1271) Metaspace: 100K(320K)->100K(320K) NonClass: 96K(192K)->96K(192K) Class: 4K(128K)->4K(128K)
[2024-08-28T13:06:37.988+0000][info][gc             ] GC(1271) Pause Young (Mixed) (G1 Evacuation Pause) 879M->779M(1024M) 11.802ms
[2024-08-28T13:06:37.988+0000][info][gc,cpu         ] GC(1271) User=0.26s Sys=0.00s Real=0.01s
[2024-08-28T13:06:38.012+0000][info][gc,start       ] GC(1272) Pause Young (Mixed) (G1 Evacuation Pause)
[2024-08-28T13:06:38.012+0000][info][gc,task        ] GC(1272) Using 24 workers of 68 for evacuation
[2024-08-28T13:06:38.024+0000][info][gc,phases      ] GC(1272)   Pre Evacuate Collection Set: 0.2ms
[2024-08-28T13:06:38.024+0000][info][gc,phases      ] GC(1272)   Merge Heap Roots: 0.4ms
[2024-08-28T13:06:38.024+0000][info][gc,phases      ] GC(1272)   Evacuate Collection Set: 11.3ms
[2024-08-28T13:06:38.024+0000][info][gc,phases      ] GC(1272)   Post Evacuate Collection Set: 0.3ms
[2024-08-28T13:06:38.024+0000][info][gc,phases      ] GC(1272)   Other: 0.2ms
[2024-08-28T13:06:38.024+0000][info][gc,heap        ] GC(1272) Eden regions: 44->0(44)
[2024-08-28T13:06:38.024+0000][info][gc,heap        ] GC(1272) Survivor regions: 7->7(7)
[2024-08-28T13:06:38.024+0000][info][gc,heap        ] GC(1272) Old regions: 767->784
[2024-08-28T13:06:38.024+0000][info][gc,heap        ] GC(1272) Archive regions: 2->2
[2024-08-28T13:06:38.024+0000][info][gc,heap        ] GC(1272) Humongous regions: 5->5
[2024-08-28T13:06:38.024+0000][info][gc,metaspace   ] GC(1272) Metaspace: 100K(320K)->100K(320K) NonClass: 96K(192K)->96K(192K) Class: 4K(128K)->4K(128K)
[2024-08-28T13:06:38.024+0000][info][gc             ] GC(1272) Pause Young (Mixed) (G1 Evacuation Pause) 823M->796M(1024M) 12.428ms
[2024-08-28T13:06:38.024+0000][info][gc,cpu         ] GC(1272) User=0.28s Sys=0.00s Real=0.01s
[2024-08-28T13:06:38.050+0000][info][gc,start       ] GC(1273) Pause Young (Concurrent Start) (G1 Evacuation Pause)
[2024-08-28T13:06:38.050+0000][info][gc,task        ] GC(1273) Using 24 workers of 68 for evacuation
[2024-08-28T13:06:38.061+0000][info][gc,phases      ] GC(1273)   Pre Evacuate Collection Set: 0.2ms
[2024-08-28T13:06:38.061+0000][info][gc,phases      ] GC(1273)   Merge Heap Roots: 0.3ms
[2024-08-28T13:06:38.061+0000][info][gc,phases      ] GC(1273)   Evacuate Collection Set: 10.0ms
[2024-08-28T13:06:38.061+0000][info][gc,phases      ] GC(1273)   Post Evacuate Collection Set: 0.3ms
[2024-08-28T13:06:38.061+0000][info][gc,phases      ] GC(1273)   Other: 0.6ms
[2024-08-28T13:06:38.061+0000][info][gc,heap        ] GC(1273) Eden regions: 44->0(44)
[2024-08-28T13:06:38.061+0000][info][gc,heap        ] GC(1273) Survivor regions: 7->7(7)
[2024-08-28T13:06:38.061+0000][info][gc,heap        ] GC(1273) Old regions: 784->831
[2024-08-28T13:06:38.061+0000][info][gc,heap        ] GC(1273) Archive regions: 2->2
[2024-08-28T13:06:38.061+0000][info][gc,heap        ] GC(1273) Humongous regions: 5->5
[2024-08-28T13:06:38.061+0000][info][gc,metaspace   ] GC(1273) Metaspace: 100K(320K)->100K(320K) NonClass: 96K(192K)->96K(192K) Class: 4K(128K)->4K(128K)
[2024-08-28T13:06:38.061+0000][info][gc             ] GC(1273) Pause Young (Concurrent Start) (G1 Evacuation Pause) 840M->843M(1024M) 11.574ms
[2024-08-28T13:06:38.062+0000][info][gc,cpu         ] GC(1273) User=0.24s Sys=0.00s Real=0.01s
[2024-08-28T13:06:38.062+0000][info][gc             ] GC(1274) Concurrent Mark Cycle
[2024-08-28T13:06:38.062+0000][info][gc,marking     ] GC(1274) Concurrent Clear Claimed Marks
[2024-08-28T13:06:38.062+0000][info][gc,marking     ] GC(1274) Concurrent Clear Claimed Marks 0.012ms
[2024-08-28T13:06:38.062+0000][info][gc,marking     ] GC(1274) Concurrent Scan Root Regions
[2024-08-28T13:06:38.063+0000][info][gc,marking     ] GC(1274) Concurrent Scan Root Regions 1.783ms
[2024-08-28T13:06:38.063+0000][info][gc,marking     ] GC(1274) Concurrent Mark
[2024-08-28T13:06:38.063+0000][info][gc,marking     ] GC(1274) Concurrent Mark From Roots
[2024-08-28T13:06:38.063+0000][info][gc,task        ] GC(1274) Using 17 workers of 17 for marking
[2024-08-28T13:06:38.088+0000][info][gc,marking     ] GC(1274) Concurrent Mark From Roots 24.407ms
[2024-08-28T13:06:38.088+0000][info][gc,marking     ] GC(1274) Concurrent Preclean
[2024-08-28T13:06:38.088+0000][info][gc,marking     ] GC(1274) Concurrent Preclean 0.502ms
[2024-08-28T13:06:38.089+0000][info][gc,start       ] GC(1274) Pause Remark
[2024-08-28T13:06:38.090+0000][info][gc             ] GC(1274) Pause Remark 876M->876M(1024M) 1.273ms
[2024-08-28T13:06:38.090+0000][info][gc,cpu         ] GC(1274) User=0.01s Sys=0.00s Real=0.01s
[2024-08-28T13:06:38.090+0000][info][gc,marking     ] GC(1274) Concurrent Mark 26.516ms
[2024-08-28T13:06:38.090+0000][info][gc,marking     ] GC(1274) Concurrent Rebuild Remembered Sets
[2024-08-28T13:06:38.097+0000][info][gc,start       ] GC(1275) Pause Young (Normal) (G1 Evacuation Pause)
[2024-08-28T13:06:38.097+0000][info][gc,task        ] GC(1275) Using 24 workers of 68 for evacuation
[2024-08-28T13:06:38.108+0000][info][gc,phases      ] GC(1275)   Pre Evacuate Collection Set: 0.1ms
[2024-08-28T13:06:38.108+0000][info][gc,phases      ] GC(1275)   Merge Heap Roots: 0.4ms
[2024-08-28T13:06:38.108+0000][info][gc,phases      ] GC(1275)   Evacuate Collection Set: 9.6ms
[2024-08-28T13:06:38.108+0000][info][gc,phases      ] GC(1275)   Post Evacuate Collection Set: 0.4ms
[2024-08-28T13:06:38.108+0000][info][gc,phases      ] GC(1275)   Other: 0.2ms
[2024-08-28T13:06:38.108+0000][info][gc,heap        ] GC(1275) Eden regions: 44->0(44)
[2024-08-28T13:06:38.108+0000][info][gc,heap        ] GC(1275) Survivor regions: 7->7(7)
[2024-08-28T13:06:38.108+0000][info][gc,heap        ] GC(1275) Old regions: 831->878
[2024-08-28T13:06:38.108+0000][info][gc,heap        ] GC(1275) Archive regions: 2->2
[2024-08-28T13:06:38.108+0000][info][gc,heap        ] GC(1275) Humongous regions: 5->5
[2024-08-28T13:06:38.108+0000][info][gc,metaspace   ] GC(1275) Metaspace: 100K(320K)->100K(320K) NonClass: 96K(192K)->96K(192K) Class: 4K(128K)->4K(128K)
[2024-08-28T13:06:38.108+0000][info][gc             ] GC(1275) Pause Young (Normal) (G1 Evacuation Pause) 887M->890M(1024M) 10.741ms
[2024-08-28T13:06:38.108+0000][info][gc,cpu         ] GC(1275) User=0.24s Sys=0.00s Real=0.01s
[2024-08-28T13:06:38.136+0000][info][gc,start       ] GC(1276) Pause Young (Normal) (G1 Evacuation Pause)
[2024-08-28T13:06:38.136+0000][info][gc,task        ] GC(1276) Using 24 workers of 68 for evacuation
[2024-08-28T13:06:38.151+0000][info][gc,phases      ] GC(1276)   Pre Evacuate Collection Set: 0.1ms
[2024-08-28T13:06:38.151+0000][info][gc,phases      ] GC(1276)   Merge Heap Roots: 0.5ms
[2024-08-28T13:06:38.151+0000][info][gc,phases      ] GC(1276)   Evacuate Collection Set: 13.6ms
[2024-08-28T13:06:38.151+0000][info][gc,phases      ] GC(1276)   Post Evacuate Collection Set: 0.5ms
[2024-08-28T13:06:38.151+0000][info][gc,phases      ] GC(1276)   Other: 0.2ms
[2024-08-28T13:06:38.151+0000][info][gc,heap        ] GC(1276) Eden regions: 44->0(44)
[2024-08-28T13:06:38.151+0000][info][gc,heap        ] GC(1276) Survivor regions: 7->7(7)
[2024-08-28T13:06:38.151+0000][info][gc,heap        ] GC(1276) Old regions: 878->925
[2024-08-28T13:06:38.151+0000][info][gc,heap        ] GC(1276) Archive regions: 2->2
[2024-08-28T13:06:38.151+0000][info][gc,heap        ] GC(1276) Humongous regions: 5->5
[2024-08-28T13:06:38.151+0000][info][gc,metaspace   ] GC(1276) Metaspace: 100K(320K)->100K(320K) NonClass: 96K(192K)->96K(192K) Class: 4K(128K)->4K(128K)
[2024-08-28T13:06:38.151+0000][info][gc             ] GC(1276) Pause Young (Normal) (G1 Evacuation Pause) 934M->937M(1024M) 15.063ms
[2024-08-28T13:06:38.151+0000][info][gc,cpu         ] GC(1276) User=0.35s Sys=0.00s Real=0.02s
[2024-08-28T13:06:38.171+0000][info][gc,marking     ] GC(1274) Concurrent Rebuild Remembered Sets 80.574ms
[2024-08-28T13:06:38.171+0000][info][gc,start       ] GC(1274) Pause Cleanup
[2024-08-28T13:06:38.172+0000][info][gc             ] GC(1274) Pause Cleanup 967M->967M(1024M) 1.506ms
[2024-08-28T13:06:38.172+0000][info][gc,cpu         ] GC(1274) User=0.00s Sys=0.00s Real=0.00s
[2024-08-28T13:06:38.172+0000][info][gc,marking     ] GC(1274) Concurrent Cleanup for Next Mark
[2024-08-28T13:06:38.173+0000][info][gc,marking     ] GC(1274) Concurrent Cleanup for Next Mark 0.844ms
[2024-08-28T13:06:38.173+0000][info][gc             ] GC(1274) Concurrent Mark Cycle 111.697ms
[2024-08-28T13:06:38.177+0000][info][gc,start       ] GC(1277) Pause Young (Prepare Mixed) (G1 Preventive Collection)
[2024-08-28T13:06:38.177+0000][info][gc,task        ] GC(1277) Using 24 workers of 68 for evacuation
[2024-08-28T13:06:38.193+0000][info][gc,phases      ] GC(1277)   Pre Evacuate Collection Set: 0.2ms
[2024-08-28T13:06:38.193+0000][info][gc,phases      ] GC(1277)   Merge Heap Roots: 0.4ms
[2024-08-28T13:06:38.193+0000][info][gc,phases      ] GC(1277)   Evacuate Collection Set: 14.2ms
[2024-08-28T13:06:38.193+0000][info][gc,phases      ] GC(1277)   Post Evacuate Collection Set: 0.3ms
[2024-08-28T13:06:38.193+0000][info][gc,phases      ] GC(1277)   Other: 0.2ms
[2024-08-28T13:06:38.193+0000][info][gc,heap        ] GC(1277) Eden regions: 37->0(44)
[2024-08-28T13:06:38.193+0000][info][gc,heap        ] GC(1277) Survivor regions: 7->7(7)
[2024-08-28T13:06:38.193+0000][info][gc,heap        ] GC(1277) Old regions: 925->965
[2024-08-28T13:06:38.193+0000][info][gc,heap        ] GC(1277) Archive regions: 2->2
[2024-08-28T13:06:38.193+0000][info][gc,heap        ] GC(1277) Humongous regions: 5->5
[2024-08-28T13:06:38.193+0000][info][gc,metaspace   ] GC(1277) Metaspace: 100K(320K)->100K(320K) NonClass: 96K(192K)->96K(192K) Class: 4K(128K)->4K(128K)
[2024-08-28T13:06:38.193+0000][info][gc             ] GC(1277) Pause Young (Prepare Mixed) (G1 Preventive Collection) 974M->977M(1024M) 15.384ms
[2024-08-28T13:06:38.193+0000][info][gc,cpu         ] GC(1277) User=0.34s Sys=0.01s Real=0.02s
[2024-08-28T13:06:38.203+0000][info][gc,start       ] GC(1278) Pause Young (Mixed) (G1 Preventive Collection)
[2024-08-28T13:06:38.203+0000][info][gc,task        ] GC(1278) Using 24 workers of 68 for evacuation
[2024-08-28T13:06:38.210+0000][info][gc,phases      ] GC(1278)   Pre Evacuate Collection Set: 0.2ms
[2024-08-28T13:06:38.210+0000][info][gc,phases      ] GC(1278)   Merge Heap Roots: 0.3ms
[2024-08-28T13:06:38.210+0000][info][gc,phases      ] GC(1278)   Evacuate Collection Set: 6.4ms
[2024-08-28T13:06:38.210+0000][info][gc,phases      ] GC(1278)   Post Evacuate Collection Set: 0.4ms
[2024-08-28T13:06:38.210+0000][info][gc,phases      ] GC(1278)   Other: 0.2ms
[2024-08-28T13:06:38.210+0000][info][gc,heap        ] GC(1278) Eden regions: 17->0(44)
[2024-08-28T13:06:38.210+0000][info][gc,heap        ] GC(1278) Survivor regions: 7->7(7)
[2024-08-28T13:06:38.210+0000][info][gc,heap        ] GC(1278) Old regions: 965->883
[2024-08-28T13:06:38.210+0000][info][gc,heap        ] GC(1278) Archive regions: 2->2
[2024-08-28T13:06:38.210+0000][info][gc,heap        ] GC(1278) Humongous regions: 5->5
[2024-08-28T13:06:38.210+0000][info][gc,metaspace   ] GC(1278) Metaspace: 100K(320K)->100K(320K) NonClass: 96K(192K)->96K(192K) Class: 4K(128K)->4K(128K)
[2024-08-28T13:06:38.210+0000][info][gc             ] GC(1278) Pause Young (Mixed) (G1 Preventive Collection) 994M->895M(1024M) 7.521ms
[2024-08-28T13:06:38.210+0000][info][gc,cpu         ] GC(1278) User=0.17s Sys=0.00s Real=0.01s
[2024-08-28T13:06:38.234+0000][info][gc,start       ] GC(1279) Pause Young (Mixed) (G1 Evacuation Pause)
[2024-08-28T13:06:38.234+0000][info][gc,task        ] GC(1279) Using 24 workers of 68 for evacuation
[2024-08-28T13:06:38.245+0000][info][gc,phases      ] GC(1279)   Pre Evacuate Collection Set: 0.2ms
[2024-08-28T13:06:38.245+0000][info][gc,phases      ] GC(1279)   Merge Heap Roots: 0.3ms
[2024-08-28T13:06:38.245+0000][info][gc,phases      ] GC(1279)   Evacuate Collection Set: 10.4ms
[2024-08-28T13:06:38.245+0000][info][gc,phases      ] GC(1279)   Post Evacuate Collection Set: 0.4ms
[2024-08-28T13:06:38.245+0000][info][gc,phases      ] GC(1279)   Other: 0.3ms
[2024-08-28T13:06:38.245+0000][info][gc,heap        ] GC(1279) Eden regions: 44->0(44)
[2024-08-28T13:06:38.245+0000][info][gc,heap        ] GC(1279) Survivor regions: 7->7(7)
[2024-08-28T13:06:38.245+0000][info][gc,heap        ] GC(1279) Old regions: 883->824
[2024-08-28T13:06:38.245+0000][info][gc,heap        ] GC(1279) Archive regions: 2->2
[2024-08-28T13:06:38.245+0000][info][gc,heap        ] GC(1279) Humongous regions: 5->5
[2024-08-28T13:06:38.245+0000][info][gc,metaspace   ] GC(1279) Metaspace: 100K(320K)->100K(320K) NonClass: 96K(192K)->96K(192K) Class: 4K(128K)->4K(128K)
[2024-08-28T13:06:38.245+0000][info][gc             ] GC(1279) Pause Young (Mixed) (G1 Evacuation Pause) 939M->836M(1024M) 11.597ms
[2024-08-28T13:06:38.245+0000][info][gc,cpu         ] GC(1279) User=0.26s Sys=0.00s Real=0.01s
[2024-08-28T13:06:38.270+0000][info][gc,start       ] GC(1280) Pause Young (Mixed) (G1 Evacuation Pause)
[2024-08-28T13:06:38.270+0000][info][gc,task        ] GC(1280) Using 24 workers of 68 for evacuation
[2024-08-28T13:06:38.282+0000][info][gc,phases      ] GC(1280)   Pre Evacuate Collection Set: 0.2ms
[2024-08-28T13:06:38.282+0000][info][gc,phases      ] GC(1280)   Merge Heap Roots: 0.5ms
[2024-08-28T13:06:38.282+0000][info][gc,phases      ] GC(1280)   Evacuate Collection Set: 10.7ms
[2024-08-28T13:06:38.282+0000][info][gc,phases      ] GC(1280)   Post Evacuate Collection Set: 0.4ms
[2024-08-28T13:06:38.282+0000][info][gc,phases      ] GC(1280)   Other: 0.3ms
[2024-08-28T13:06:38.282+0000][info][gc,heap        ] GC(1280) Eden regions: 44->0(44)
[2024-08-28T13:06:38.282+0000][info][gc,heap        ] GC(1280) Survivor regions: 7->7(7)
[2024-08-28T13:06:38.282+0000][info][gc,heap        ] GC(1280) Old regions: 824->768
[2024-08-28T13:06:38.282+0000][info][gc,heap        ] GC(1280) Archive regions: 2->2
[2024-08-28T13:06:38.282+0000][info][gc,heap        ] GC(1280) Humongous regions: 5->5
[2024-08-28T13:06:38.282+0000][info][gc,metaspace   ] GC(1280) Metaspace: 100K(320K)->100K(320K) NonClass: 96K(192K)->96K(192K) Class: 4K(128K)->4K(128K)
[2024-08-28T13:06:38.282+0000][info][gc             ] GC(1280) Pause Young (Mixed) (G1 Evacuation Pause) 880M->780M(1024M) 12.120ms
[2024-08-28T13:06:38.282+0000][info][gc,cpu         ] GC(1280) User=0.27s Sys=0.00s Real=0.01s
[2024-08-28T13:06:38.306+0000][info][gc,start       ] GC(1281) Pause Young (Mixed) (G1 Evacuation Pause)
[2024-08-28T13:06:38.306+0000][info][gc,task        ] GC(1281) Using 24 workers of 68 for evacuation
[2024-08-28T13:06:38.318+0000][info][gc,phases      ] GC(1281)   Pre Evacuate Collection Set: 0.2ms
[2024-08-28T13:06:38.319+0000][info][gc,phases      ] GC(1281)   Merge Heap Roots: 0.3ms
[2024-08-28T13:06:38.319+0000][info][gc,phases      ] GC(1281)   Evacuate Collection Set: 11.2ms
[2024-08-28T13:06:38.319+0000][info][gc,phases      ] GC(1281)   Post Evacuate Collection Set: 0.3ms
[2024-08-28T13:06:38.319+0000][info][gc,phases      ] GC(1281)   Other: 0.3ms
[2024-08-28T13:06:38.319+0000][info][gc,heap        ] GC(1281) Eden regions: 44->0(44)
[2024-08-28T13:06:38.319+0000][info][gc,heap        ] GC(1281) Survivor regions: 7->7(7)
[2024-08-28T13:06:38.319+0000][info][gc,heap        ] GC(1281) Old regions: 768->784
[2024-08-28T13:06:38.319+0000][info][gc,heap        ] GC(1281) Archive regions: 2->2
[2024-08-28T13:06:38.319+0000][info][gc,heap        ] GC(1281) Humongous regions: 5->5
[2024-08-28T13:06:38.319+0000][info][gc,metaspace   ] GC(1281) Metaspace: 100K(320K)->100K(320K) NonClass: 96K(192K)->96K(192K) Class: 4K(128K)->4K(128K)
[2024-08-28T13:06:38.319+0000][info][gc             ] GC(1281) Pause Young (Mixed) (G1 Evacuation Pause) 824M->796M(1024M) 12.349ms
[2024-08-28T13:06:38.319+0000][info][gc,cpu         ] GC(1281) User=0.28s Sys=0.00s Real=0.02s
[2024-08-28T13:06:38.343+0000][info][gc,start       ] GC(1282) Pause Young (Concurrent Start) (G1 Evacuation Pause)
[2024-08-28T13:06:38.343+0000][info][gc,task        ] GC(1282) Using 24 workers of 68 for evacuation
[2024-08-28T13:06:38.355+0000][info][gc,phases      ] GC(1282)   Pre Evacuate Collection Set: 0.2ms
[2024-08-28T13:06:38.355+0000][info][gc,phases      ] GC(1282)   Merge Heap Roots: 0.2ms
[2024-08-28T13:06:38.355+0000][info][gc,phases      ] GC(1282)   Evacuate Collection Set: 10.3ms
[2024-08-28T13:06:38.355+0000][info][gc,phases      ] GC(1282)   Post Evacuate Collection Set: 0.4ms
[2024-08-28T13:06:38.355+0000][info][gc,phases      ] GC(1282)   Other: 0.7ms
[2024-08-28T13:06:38.355+0000][info][gc,heap        ] GC(1282) Eden regions: 44->0(44)
[2024-08-28T13:06:38.355+0000][info][gc,heap        ] GC(1282) Survivor regions: 7->7(7)
[2024-08-28T13:06:38.355+0000][info][gc,heap        ] GC(1282) Old regions: 784->831
[2024-08-28T13:06:38.355+0000][info][gc,heap        ] GC(1282) Archive regions: 2->2
[2024-08-28T13:06:38.355+0000][info][gc,heap        ] GC(1282) Humongous regions: 5->5
[2024-08-28T13:06:38.355+0000][info][gc,metaspace   ] GC(1282) Metaspace: 100K(320K)->100K(320K) NonClass: 96K(192K)->96K(192K) Class: 4K(128K)->4K(128K)
[2024-08-28T13:06:38.355+0000][info][gc             ] GC(1282) Pause Young (Concurrent Start) (G1 Evacuation Pause) 840M->843M(1024M) 11.945ms
[2024-08-28T13:06:38.355+0000][info][gc,cpu         ] GC(1282) User=0.25s Sys=0.00s Real=0.01s
[2024-08-28T13:06:38.355+0000][info][gc             ] GC(1283) Concurrent Mark Cycle
[2024-08-28T13:06:38.355+0000][info][gc,marking     ] GC(1283) Concurrent Clear Claimed Marks
[2024-08-28T13:06:38.355+0000][info][gc,marking     ] GC(1283) Concurrent Clear Claimed Marks 0.012ms
[2024-08-28T13:06:38.355+0000][info][gc,marking     ] GC(1283) Concurrent Scan Root Regions
[2024-08-28T13:06:38.357+0000][info][gc,marking     ] GC(1283) Concurrent Scan Root Regions 1.706ms
[2024-08-28T13:06:38.357+0000][info][gc,marking     ] GC(1283) Concurrent Mark
[2024-08-28T13:06:38.357+0000][info][gc,marking     ] GC(1283) Concurrent Mark From Roots
[2024-08-28T13:06:38.357+0000][info][gc,task        ] GC(1283) Using 17 workers of 17 for marking
[2024-08-28T13:06:38.382+0000][info][gc,marking     ] GC(1283) Concurrent Mark From Roots 24.867ms
[2024-08-28T13:06:38.382+0000][info][gc,marking     ] GC(1283) Concurrent Preclean
[2024-08-28T13:06:38.383+0000][info][gc,marking     ] GC(1283) Concurrent Preclean 0.676ms
[2024-08-28T13:06:38.383+0000][info][gc,start       ] GC(1283) Pause Remark
[2024-08-28T13:06:38.384+0000][info][gc             ] GC(1283) Pause Remark 876M->876M(1024M) 1.254ms
[2024-08-28T13:06:38.384+0000][info][gc,cpu         ] GC(1283) User=0.01s Sys=0.00s Real=0.00s
[2024-08-28T13:06:38.384+0000][info][gc,marking     ] GC(1283) Concurrent Mark 27.152ms
[2024-08-28T13:06:38.384+0000][info][gc,marking     ] GC(1283) Concurrent Rebuild Remembered Sets
[2024-08-28T13:06:38.391+0000][info][gc,start       ] GC(1284) Pause Young (Normal) (G1 Evacuation Pause)
[2024-08-28T13:06:38.391+0000][info][gc,task        ] GC(1284) Using 24 workers of 68 for evacuation
[2024-08-28T13:06:38.402+0000][info][gc,phases      ] GC(1284)   Pre Evacuate Collection Set: 0.1ms
[2024-08-28T13:06:38.402+0000][info][gc,phases      ] GC(1284)   Merge Heap Roots: 0.4ms
[2024-08-28T13:06:38.402+0000][info][gc,phases      ] GC(1284)   Evacuate Collection Set: 9.8ms
[2024-08-28T13:06:38.402+0000][info][gc,phases      ] GC(1284)   Post Evacuate Collection Set: 0.4ms
[2024-08-28T13:06:38.402+0000][info][gc,phases      ] GC(1284)   Other: 0.2ms
[2024-08-28T13:06:38.402+0000][info][gc,heap        ] GC(1284) Eden regions: 44->0(44)
[2024-08-28T13:06:38.402+0000][info][gc,heap        ] GC(1284) Survivor regions: 7->7(7)
[2024-08-28T13:06:38.402+0000][info][gc,heap        ] GC(1284) Old regions: 831->877
[2024-08-28T13:06:38.402+0000][info][gc,heap        ] GC(1284) Archive regions: 2->2
[2024-08-28T13:06:38.402+0000][info][gc,heap        ] GC(1284) Humongous regions: 5->5
[2024-08-28T13:06:38.402+0000][info][gc,metaspace   ] GC(1284) Metaspace: 100K(320K)->100K(320K) NonClass: 96K(192K)->96K(192K) Class: 4K(128K)->4K(128K)
[2024-08-28T13:06:38.402+0000][info][gc             ] GC(1284) Pause Young (Normal) (G1 Evacuation Pause) 887M->889M(1024M) 10.964ms
[2024-08-28T13:06:38.402+0000][info][gc,cpu         ] GC(1284) User=0.24s Sys=0.01s Real=0.01s
[2024-08-28T13:06:38.430+0000][info][gc,start       ] GC(1285) Pause Young (Normal) (G1 Evacuation Pause)
[2024-08-28T13:06:38.430+0000][info][gc,task        ] GC(1285) Using 24 workers of 68 for evacuation
[2024-08-28T13:06:38.445+0000][info][gc,phases      ] GC(1285)   Pre Evacuate Collection Set: 0.1ms
