[2024-08-28T01:13:44.621+0000][info][gc] Using G1
[2024-08-28T01:13:44.636+0000][info][gc,init] Version: 17.0.7+7-Ubuntu-0ubuntu118.04 (release)
[2024-08-28T01:13:44.636+0000][info][gc,init] CPUs: 104 total, 104 available
[2024-08-28T01:13:44.636+0000][info][gc,init] Memory: 251G
[2024-08-28T01:13:44.636+0000][info][gc,init] Large Page Support: Disabled
[2024-08-28T01:13:44.636+0000][info][gc,init] NUMA Support: Disabled
[2024-08-28T01:13:44.636+0000][info][gc,init] Compressed Oops: Enabled (32-bit)
[2024-08-28T01:13:44.636+0000][info][gc,init] Heap Region Size: 1M
[2024-08-28T01:13:44.636+0000][info][gc,init] Heap Min Capacity: 8M
[2024-08-28T01:13:44.636+0000][info][gc,init] Heap Initial Capacity: 1G
[2024-08-28T01:13:44.636+0000][info][gc,init] Heap Max Capacity: 1G
[2024-08-28T01:13:44.636+0000][info][gc,init] Pre-touch: Disabled
[2024-08-28T01:13:44.636+0000][info][gc,init] Parallel Workers: 68
[2024-08-28T01:13:44.636+0000][info][gc,init] Concurrent Workers: 17
[2024-08-28T01:13:44.636+0000][info][gc,init] Concurrent Refinement Workers: 68
[2024-08-28T01:13:44.636+0000][info][gc,init] Periodic GC: Disabled
[2024-08-28T01:13:44.636+0000][info][gc,metaspace] CDS archive(s) mapped at: [0x0000000800000000-0x0000000800be2000-0x0000000800be2000), size 12460032, SharedBaseAddress: 0x0000000800000000, ArchiveRelocationMode: 0.
[2024-08-28T01:13:44.636+0000][info][gc,metaspace] Compressed class space mapped at: 0x0000000801000000-0x0000000841000000, reserved size: 1073741824
[2024-08-28T01:13:44.636+0000][info][gc,metaspace] Narrow klass base: 0x0000000800000000, Narrow klass shift: 0, Narrow klass range: 0x100000000
[2024-08-28T01:13:44.723+0000][info][gc,start    ] GC(0) Pause Young (Normal) (G1 Evacuation Pause)
[2024-08-28T01:13:44.728+0000][info][gc,task     ] GC(0) Using 24 workers of 68 for evacuation
[2024-08-28T01:13:44.739+0000][info][gc,phases   ] GC(0)   Pre Evacuate Collection Set: 0.3ms
[2024-08-28T01:13:44.739+0000][info][gc,phases   ] GC(0)   Merge Heap Roots: 0.2ms
[2024-08-28T01:13:44.739+0000][info][gc,phases   ] GC(0)   Evacuate Collection Set: 10.0ms
[2024-08-28T01:13:44.739+0000][info][gc,phases   ] GC(0)   Post Evacuate Collection Set: 0.3ms
[2024-08-28T01:13:44.739+0000][info][gc,phases   ] GC(0)   Other: 4.7ms
[2024-08-28T01:13:44.739+0000][info][gc,heap     ] GC(0) Eden regions: 51->0(44)
[2024-08-28T01:13:44.739+0000][info][gc,heap     ] GC(0) Survivor regions: 0->7(7)
[2024-08-28T01:13:44.739+0000][info][gc,heap     ] GC(0) Old regions: 0->44
[2024-08-28T01:13:44.739+0000][info][gc,heap     ] GC(0) Archive regions: 2->2
[2024-08-28T01:13:44.739+0000][info][gc,heap     ] GC(0) Humongous regions: 0->0
[2024-08-28T01:13:44.739+0000][info][gc,metaspace] GC(0) Metaspace: 96K(320K)->96K(320K) NonClass: 91K(192K)->91K(192K) Class: 4K(128K)->4K(128K)
[2024-08-28T01:13:44.739+0000][info][gc          ] GC(0) Pause Young (Normal) (G1 Evacuation Pause) 51M->51M(1024M) 15.665ms
[2024-08-28T01:13:44.739+0000][info][gc,cpu      ] GC(0) User=0.10s Sys=0.15s Real=0.02s
[2024-08-28T01:13:44.757+0000][info][gc,start    ] GC(1) Pause Young (Normal) (G1 Evacuation Pause)
[2024-08-28T01:13:44.757+0000][info][gc,task     ] GC(1) Using 24 workers of 68 for evacuation
[2024-08-28T01:13:44.765+0000][info][gc,phases   ] GC(1)   Pre Evacuate Collection Set: 0.2ms
[2024-08-28T01:13:44.765+0000][info][gc,phases   ] GC(1)   Merge Heap Roots: 0.4ms
[2024-08-28T01:13:44.765+0000][info][gc,phases   ] GC(1)   Evacuate Collection Set: 6.5ms
[2024-08-28T01:13:44.765+0000][info][gc,phases   ] GC(1)   Post Evacuate Collection Set: 0.3ms
[2024-08-28T01:13:44.765+0000][info][gc,phases   ] GC(1)   Other: 0.3ms
[2024-08-28T01:13:44.765+0000][info][gc,heap     ] GC(1) Eden regions: 44->0(44)
[2024-08-28T01:13:44.765+0000][info][gc,heap     ] GC(1) Survivor regions: 7->7(7)
[2024-08-28T01:13:44.765+0000][info][gc,heap     ] GC(1) Old regions: 44->91
[2024-08-28T01:13:44.765+0000][info][gc,heap     ] GC(1) Archive regions: 2->2
[2024-08-28T01:13:44.765+0000][info][gc,heap     ] GC(1) Humongous regions: 1->1
[2024-08-28T01:13:44.765+0000][info][gc,metaspace] GC(1) Metaspace: 97K(320K)->97K(320K) NonClass: 93K(192K)->93K(192K) Class: 4K(128K)->4K(128K)
[2024-08-28T01:13:44.765+0000][info][gc          ] GC(1) Pause Young (Normal) (G1 Evacuation Pause) 96M->99M(1024M) 7.765ms
[2024-08-28T01:13:44.765+0000][info][gc,cpu      ] GC(1) User=0.13s Sys=0.04s Real=0.01s
[2024-08-28T01:13:44.786+0000][info][gc,start    ] GC(2) Pause Young (Normal) (G1 Evacuation Pause)
[2024-08-28T01:13:44.786+0000][info][gc,task     ] GC(2) Using 24 workers of 68 for evacuation
[2024-08-28T01:13:44.793+0000][info][gc,phases   ] GC(2)   Pre Evacuate Collection Set: 0.2ms
[2024-08-28T01:13:44.793+0000][info][gc,phases   ] GC(2)   Merge Heap Roots: 0.1ms
[2024-08-28T01:13:44.793+0000][info][gc,phases   ] GC(2)   Evacuate Collection Set: 6.6ms
[2024-08-28T01:13:44.793+0000][info][gc,phases   ] GC(2)   Post Evacuate Collection Set: 0.3ms
[2024-08-28T01:13:44.793+0000][info][gc,phases   ] GC(2)   Other: 0.2ms
[2024-08-28T01:13:44.793+0000][info][gc,heap     ] GC(2) Eden regions: 44->0(44)
[2024-08-28T01:13:44.793+0000][info][gc,heap     ] GC(2) Survivor regions: 7->7(7)
[2024-08-28T01:13:44.793+0000][info][gc,heap     ] GC(2) Old regions: 91->138
[2024-08-28T01:13:44.793+0000][info][gc,heap     ] GC(2) Archive regions: 2->2
[2024-08-28T01:13:44.793+0000][info][gc,heap     ] GC(2) Humongous regions: 3->3
[2024-08-28T01:13:44.793+0000][info][gc,metaspace] GC(2) Metaspace: 97K(320K)->97K(320K) NonClass: 93K(192K)->93K(192K) Class: 4K(128K)->4K(128K)
[2024-08-28T01:13:44.793+0000][info][gc          ] GC(2) Pause Young (Normal) (G1 Evacuation Pause) 145M->148M(1024M) 7.451ms
[2024-08-28T01:13:44.793+0000][info][gc,cpu      ] GC(2) User=0.06s Sys=0.09s Real=0.01s
[2024-08-28T01:13:44.806+0000][info][gc,start    ] GC(3) Pause Young (Normal) (G1 Evacuation Pause)
[2024-08-28T01:13:44.806+0000][info][gc,task     ] GC(3) Using 24 workers of 68 for evacuation
[2024-08-28T01:13:44.814+0000][info][gc,phases   ] GC(3)   Pre Evacuate Collection Set: 0.2ms
[2024-08-28T01:13:44.814+0000][info][gc,phases   ] GC(3)   Merge Heap Roots: 0.2ms
[2024-08-28T01:13:44.814+0000][info][gc,phases   ] GC(3)   Evacuate Collection Set: 6.7ms
[2024-08-28T01:13:44.814+0000][info][gc,phases   ] GC(3)   Post Evacuate Collection Set: 0.3ms
[2024-08-28T01:13:44.814+0000][info][gc,phases   ] GC(3)   Other: 0.2ms
[2024-08-28T01:13:44.814+0000][info][gc,heap     ] GC(3) Eden regions: 44->0(44)
[2024-08-28T01:13:44.814+0000][info][gc,heap     ] GC(3) Survivor regions: 7->7(7)
[2024-08-28T01:13:44.814+0000][info][gc,heap     ] GC(3) Old regions: 138->184
[2024-08-28T01:13:44.814+0000][info][gc,heap     ] GC(3) Archive regions: 2->2
[2024-08-28T01:13:44.814+0000][info][gc,heap     ] GC(3) Humongous regions: 3->3
[2024-08-28T01:13:44.814+0000][info][gc,metaspace] GC(3) Metaspace: 97K(320K)->97K(320K) NonClass: 93K(192K)->93K(192K) Class: 4K(128K)->4K(128K)
[2024-08-28T01:13:44.814+0000][info][gc          ] GC(3) Pause Young (Normal) (G1 Evacuation Pause) 192M->194M(1024M) 7.627ms
[2024-08-28T01:13:44.814+0000][info][gc,cpu      ] GC(3) User=0.08s Sys=0.08s Real=0.01s
[2024-08-28T01:13:44.844+0000][info][gc,start    ] GC(4) Pause Young (Normal) (G1 Evacuation Pause)
[2024-08-28T01:13:44.844+0000][info][gc,task     ] GC(4) Using 24 workers of 68 for evacuation
[2024-08-28T01:13:44.852+0000][info][gc,phases   ] GC(4)   Pre Evacuate Collection Set: 0.2ms
[2024-08-28T01:13:44.852+0000][info][gc,phases   ] GC(4)   Merge Heap Roots: 0.2ms
[2024-08-28T01:13:44.852+0000][info][gc,phases   ] GC(4)   Evacuate Collection Set: 7.1ms
[2024-08-28T01:13:44.852+0000][info][gc,phases   ] GC(4)   Post Evacuate Collection Set: 0.3ms
[2024-08-28T01:13:44.852+0000][info][gc,phases   ] GC(4)   Other: 0.3ms
[2024-08-28T01:13:44.852+0000][info][gc,heap     ] GC(4) Eden regions: 44->0(44)
[2024-08-28T01:13:44.852+0000][info][gc,heap     ] GC(4) Survivor regions: 7->7(7)
[2024-08-28T01:13:44.852+0000][info][gc,heap     ] GC(4) Old regions: 184->231
[2024-08-28T01:13:44.852+0000][info][gc,heap     ] GC(4) Archive regions: 2->2
[2024-08-28T01:13:44.852+0000][info][gc,heap     ] GC(4) Humongous regions: 6->6
[2024-08-28T01:13:44.852+0000][info][gc,metaspace] GC(4) Metaspace: 97K(320K)->97K(320K) NonClass: 93K(192K)->93K(192K) Class: 4K(128K)->4K(128K)
[2024-08-28T01:13:44.852+0000][info][gc          ] GC(4) Pause Young (Normal) (G1 Evacuation Pause) 241M->244M(1024M) 8.083ms
[2024-08-28T01:13:44.852+0000][info][gc,cpu      ] GC(4) User=0.10s Sys=0.08s Real=0.01s
[2024-08-28T01:13:44.865+0000][info][gc,start    ] GC(5) Pause Young (Normal) (G1 Evacuation Pause)
[2024-08-28T01:13:44.865+0000][info][gc,task     ] GC(5) Using 24 workers of 68 for evacuation
[2024-08-28T01:13:44.872+0000][info][gc,phases   ] GC(5)   Pre Evacuate Collection Set: 0.2ms
[2024-08-28T01:13:44.873+0000][info][gc,phases   ] GC(5)   Merge Heap Roots: 0.2ms
[2024-08-28T01:13:44.873+0000][info][gc,phases   ] GC(5)   Evacuate Collection Set: 6.8ms
[2024-08-28T01:13:44.873+0000][info][gc,phases   ] GC(5)   Post Evacuate Collection Set: 0.3ms
[2024-08-28T01:13:44.873+0000][info][gc,phases   ] GC(5)   Other: 0.2ms
[2024-08-28T01:13:44.873+0000][info][gc,heap     ] GC(5) Eden regions: 44->0(62)
[2024-08-28T01:13:44.873+0000][info][gc,heap     ] GC(5) Survivor regions: 7->7(7)
[2024-08-28T01:13:44.873+0000][info][gc,heap     ] GC(5) Old regions: 231->278
[2024-08-28T01:13:44.873+0000][info][gc,heap     ] GC(5) Archive regions: 2->2
[2024-08-28T01:13:44.873+0000][info][gc,heap     ] GC(5) Humongous regions: 6->6
[2024-08-28T01:13:44.873+0000][info][gc,metaspace] GC(5) Metaspace: 97K(320K)->97K(320K) NonClass: 93K(192K)->93K(192K) Class: 4K(128K)->4K(128K)
[2024-08-28T01:13:44.873+0000][info][gc          ] GC(5) Pause Young (Normal) (G1 Evacuation Pause) 288M->291M(1024M) 7.718ms
[2024-08-28T01:13:44.873+0000][info][gc,cpu      ] GC(5) User=0.14s Sys=0.03s Real=0.01s
[2024-08-28T01:13:44.893+0000][info][gc,start    ] GC(6) Pause Young (Normal) (G1 Evacuation Pause)
[2024-08-28T01:13:44.893+0000][info][gc,task     ] GC(6) Using 24 workers of 68 for evacuation
[2024-08-28T01:13:44.904+0000][info][gc,phases   ] GC(6)   Pre Evacuate Collection Set: 0.1ms
[2024-08-28T01:13:44.904+0000][info][gc,phases   ] GC(6)   Merge Heap Roots: 0.2ms
[2024-08-28T01:13:44.904+0000][info][gc,phases   ] GC(6)   Evacuate Collection Set: 9.8ms
[2024-08-28T01:13:44.904+0000][info][gc,phases   ] GC(6)   Post Evacuate Collection Set: 0.3ms
[2024-08-28T01:13:44.904+0000][info][gc,phases   ] GC(6)   Other: 0.2ms
[2024-08-28T01:13:44.904+0000][info][gc,heap     ] GC(6) Eden regions: 62->0(80)
[2024-08-28T01:13:44.904+0000][info][gc,heap     ] GC(6) Survivor regions: 7->9(9)
[2024-08-28T01:13:44.904+0000][info][gc,heap     ] GC(6) Old regions: 278->340
[2024-08-28T01:13:44.904+0000][info][gc,heap     ] GC(6) Archive regions: 2->2
[2024-08-28T01:13:44.904+0000][info][gc,heap     ] GC(6) Humongous regions: 6->6
[2024-08-28T01:13:44.904+0000][info][gc,metaspace] GC(6) Metaspace: 97K(320K)->97K(320K) NonClass: 93K(192K)->93K(192K) Class: 4K(128K)->4K(128K)
[2024-08-28T01:13:44.904+0000][info][gc          ] GC(6) Pause Young (Normal) (G1 Evacuation Pause) 353M->355M(1024M) 10.779ms
[2024-08-28T01:13:44.904+0000][info][gc,cpu      ] GC(6) User=0.19s Sys=0.05s Real=0.01s
[2024-08-28T01:13:44.932+0000][info][gc,start    ] GC(7) Pause Young (Normal) (G1 Evacuation Pause)
[2024-08-28T01:13:44.932+0000][info][gc,task     ] GC(7) Using 24 workers of 68 for evacuation
[2024-08-28T01:13:44.945+0000][info][gc,phases   ] GC(7)   Pre Evacuate Collection Set: 0.1ms
[2024-08-28T01:13:44.945+0000][info][gc,phases   ] GC(7)   Merge Heap Roots: 0.2ms
[2024-08-28T01:13:44.945+0000][info][gc,phases   ] GC(7)   Evacuate Collection Set: 11.9ms
[2024-08-28T01:13:44.945+0000][info][gc,phases   ] GC(7)   Post Evacuate Collection Set: 0.3ms
[2024-08-28T01:13:44.945+0000][info][gc,phases   ] GC(7)   Other: 0.2ms
[2024-08-28T01:13:44.945+0000][info][gc,heap     ] GC(7) Eden regions: 80->0(92)
[2024-08-28T01:13:44.945+0000][info][gc,heap     ] GC(7) Survivor regions: 9->12(12)
[2024-08-28T01:13:44.945+0000][info][gc,heap     ] GC(7) Old regions: 340->419
[2024-08-28T01:13:44.945+0000][info][gc,heap     ] GC(7) Archive regions: 2->2
[2024-08-28T01:13:44.945+0000][info][gc,heap     ] GC(7) Humongous regions: 6->6
[2024-08-28T01:13:44.945+0000][info][gc,metaspace] GC(7) Metaspace: 97K(320K)->97K(320K) NonClass: 93K(192K)->93K(192K) Class: 4K(128K)->4K(128K)
[2024-08-28T01:13:44.945+0000][info][gc          ] GC(7) Pause Young (Normal) (G1 Evacuation Pause) 435M->437M(1024M) 12.904ms
[2024-08-28T01:13:44.945+0000][info][gc,cpu      ] GC(7) User=0.13s Sys=0.16s Real=0.01s
[2024-08-28T01:13:45.029+0000][info][gc,start    ] GC(8) Pause Young (Normal) (G1 Evacuation Pause)
[2024-08-28T01:13:45.029+0000][info][gc,task     ] GC(8) Using 24 workers of 68 for evacuation
[2024-08-28T01:13:45.043+0000][info][gc,phases   ] GC(8)   Pre Evacuate Collection Set: 0.2ms
[2024-08-28T01:13:45.043+0000][info][gc,phases   ] GC(8)   Merge Heap Roots: 0.3ms
[2024-08-28T01:13:45.043+0000][info][gc,phases   ] GC(8)   Evacuate Collection Set: 13.8ms
[2024-08-28T01:13:45.043+0000][info][gc,phases   ] GC(8)   Post Evacuate Collection Set: 0.3ms
[2024-08-28T01:13:45.043+0000][info][gc,phases   ] GC(8)   Other: 0.2ms
[2024-08-28T01:13:45.043+0000][info][gc,heap     ] GC(8) Eden regions: 92->0(96)
[2024-08-28T01:13:45.043+0000][info][gc,heap     ] GC(8) Survivor regions: 12->13(13)
[2024-08-28T01:13:45.043+0000][info][gc,heap     ] GC(8) Old regions: 419->513
[2024-08-28T01:13:45.043+0000][info][gc,heap     ] GC(8) Archive regions: 2->2
[2024-08-28T01:13:45.043+0000][info][gc,heap     ] GC(8) Humongous regions: 11->11
[2024-08-28T01:13:45.043+0000][info][gc,metaspace] GC(8) Metaspace: 100K(320K)->100K(320K) NonClass: 96K(192K)->96K(192K) Class: 4K(128K)->4K(128K)
[2024-08-28T01:13:45.043+0000][info][gc          ] GC(8) Pause Young (Normal) (G1 Evacuation Pause) 534M->537M(1024M) 14.888ms
[2024-08-28T01:13:45.044+0000][info][gc,cpu      ] GC(8) User=0.20s Sys=0.15s Real=0.02s
[2024-08-28T01:13:45.097+0000][info][gc,start    ] GC(9) Pause Young (Concurrent Start) (G1 Evacuation Pause)
[2024-08-28T01:13:45.097+0000][info][gc,task     ] GC(9) Using 24 workers of 68 for evacuation
[2024-08-28T01:13:45.112+0000][info][gc,phases   ] GC(9)   Pre Evacuate Collection Set: 0.1ms
[2024-08-28T01:13:45.112+0000][info][gc,phases   ] GC(9)   Merge Heap Roots: 0.3ms
[2024-08-28T01:13:45.112+0000][info][gc,phases   ] GC(9)   Evacuate Collection Set: 13.8ms
[2024-08-28T01:13:45.112+0000][info][gc,phases   ] GC(9)   Post Evacuate Collection Set: 0.3ms
[2024-08-28T01:13:45.112+0000][info][gc,phases   ] GC(9)   Other: 1.1ms
[2024-08-28T01:13:45.112+0000][info][gc,heap     ] GC(9) Eden regions: 96->0(88)
[2024-08-28T01:13:45.112+0000][info][gc,heap     ] GC(9) Survivor regions: 13->14(14)
[2024-08-28T01:13:45.112+0000][info][gc,heap     ] GC(9) Old regions: 513->610
[2024-08-28T01:13:45.112+0000][info][gc,heap     ] GC(9) Archive regions: 2->2
[2024-08-28T01:13:45.112+0000][info][gc,heap     ] GC(9) Humongous regions: 11->11
[2024-08-28T01:13:45.112+0000][info][gc,metaspace] GC(9) Metaspace: 100K(320K)->100K(320K) NonClass: 96K(192K)->96K(192K) Class: 4K(128K)->4K(128K)
[2024-08-28T01:13:45.112+0000][info][gc          ] GC(9) Pause Young (Concurrent Start) (G1 Evacuation Pause) 633M->635M(1024M) 15.761ms
[2024-08-28T01:13:45.112+0000][info][gc,cpu      ] GC(9) User=0.19s Sys=0.15s Real=0.02s
[2024-08-28T01:13:45.112+0000][info][gc          ] GC(10) Concurrent Mark Cycle
[2024-08-28T01:13:45.112+0000][info][gc,marking  ] GC(10) Concurrent Clear Claimed Marks
[2024-08-28T01:13:45.112+0000][info][gc,marking  ] GC(10) Concurrent Clear Claimed Marks 0.010ms
[2024-08-28T01:13:45.112+0000][info][gc,marking  ] GC(10) Concurrent Scan Root Regions
[2024-08-28T01:13:45.120+0000][info][gc,marking  ] GC(10) Concurrent Scan Root Regions 7.139ms
[2024-08-28T01:13:45.120+0000][info][gc,marking  ] GC(10) Concurrent Mark
[2024-08-28T01:13:45.120+0000][info][gc,marking  ] GC(10) Concurrent Mark From Roots
[2024-08-28T01:13:45.120+0000][info][gc,task     ] GC(10) Using 17 workers of 17 for marking
[2024-08-28T01:13:45.142+0000][info][gc,marking  ] GC(10) Concurrent Mark From Roots 22.176ms
[2024-08-28T01:13:45.142+0000][info][gc,marking  ] GC(10) Concurrent Preclean
[2024-08-28T01:13:45.143+0000][info][gc,marking  ] GC(10) Concurrent Preclean 0.675ms
[2024-08-28T01:13:45.143+0000][info][gc,start    ] GC(10) Pause Remark
[2024-08-28T01:13:45.144+0000][info][gc          ] GC(10) Pause Remark 671M->665M(1024M) 1.071ms
[2024-08-28T01:13:45.144+0000][info][gc,cpu      ] GC(10) User=0.00s Sys=0.00s Real=0.00s
[2024-08-28T01:13:45.144+0000][info][gc,marking  ] GC(10) Concurrent Mark 24.306ms
[2024-08-28T01:13:45.144+0000][info][gc,marking  ] GC(10) Concurrent Rebuild Remembered Sets
[2024-08-28T01:13:45.175+0000][info][gc,start    ] GC(11) Pause Young (Normal) (G1 Evacuation Pause)
[2024-08-28T01:13:45.175+0000][info][gc,task     ] GC(11) Using 24 workers of 68 for evacuation
[2024-08-28T01:13:45.189+0000][info][gc,phases   ] GC(11)   Pre Evacuate Collection Set: 0.2ms
[2024-08-28T01:13:45.189+0000][info][gc,phases   ] GC(11)   Merge Heap Roots: 0.2ms
[2024-08-28T01:13:45.189+0000][info][gc,phases   ] GC(11)   Evacuate Collection Set: 12.9ms
[2024-08-28T01:13:45.189+0000][info][gc,phases   ] GC(11)   Post Evacuate Collection Set: 0.5ms
[2024-08-28T01:13:45.189+0000][info][gc,phases   ] GC(11)   Other: 0.2ms
[2024-08-28T01:13:45.189+0000][info][gc,heap     ] GC(11) Eden regions: 88->0(63)
[2024-08-28T01:13:45.189+0000][info][gc,heap     ] GC(11) Survivor regions: 14->13(13)
[2024-08-28T01:13:45.189+0000][info][gc,heap     ] GC(11) Old regions: 610->700
[2024-08-28T01:13:45.189+0000][info][gc,heap     ] GC(11) Archive regions: 2->2
[2024-08-28T01:13:45.189+0000][info][gc,heap     ] GC(11) Humongous regions: 5->5
[2024-08-28T01:13:45.189+0000][info][gc,metaspace] GC(11) Metaspace: 100K(320K)->100K(320K) NonClass: 96K(192K)->96K(192K) Class: 4K(128K)->4K(128K)
[2024-08-28T01:13:45.189+0000][info][gc          ] GC(11) Pause Young (Normal) (G1 Evacuation Pause) 717M->718M(1024M) 14.069ms
[2024-08-28T01:13:45.189+0000][info][gc,cpu      ] GC(11) User=0.23s Sys=0.10s Real=0.01s
[2024-08-28T01:13:45.215+0000][info][gc,marking  ] GC(10) Concurrent Rebuild Remembered Sets 71.448ms
[2024-08-28T01:13:45.216+0000][info][gc,start    ] GC(10) Pause Cleanup
[2024-08-28T01:13:45.217+0000][info][gc          ] GC(10) Pause Cleanup 741M->741M(1024M) 0.989ms
[2024-08-28T01:13:45.217+0000][info][gc,cpu      ] GC(10) User=0.00s Sys=0.00s Real=0.00s
[2024-08-28T01:13:45.217+0000][info][gc,marking  ] GC(10) Concurrent Cleanup for Next Mark
[2024-08-28T01:13:45.218+0000][info][gc,marking  ] GC(10) Concurrent Cleanup for Next Mark 1.230ms
[2024-08-28T01:13:45.218+0000][info][gc          ] GC(10) Concurrent Mark Cycle 105.610ms
[2024-08-28T01:13:45.244+0000][info][gc,start    ] GC(12) Pause Young (Prepare Mixed) (G1 Evacuation Pause)
[2024-08-28T01:13:45.244+0000][info][gc,task     ] GC(12) Using 24 workers of 68 for evacuation
[2024-08-28T01:13:45.254+0000][info][gc,phases   ] GC(12)   Pre Evacuate Collection Set: 0.2ms
[2024-08-28T01:13:45.254+0000][info][gc,phases   ] GC(12)   Merge Heap Roots: 0.4ms
[2024-08-28T01:13:45.254+0000][info][gc,phases   ] GC(12)   Evacuate Collection Set: 9.7ms
[2024-08-28T01:13:45.254+0000][info][gc,phases   ] GC(12)   Post Evacuate Collection Set: 0.3ms
[2024-08-28T01:13:45.254+0000][info][gc,phases   ] GC(12)   Other: 0.2ms
[2024-08-28T01:13:45.254+0000][info][gc,heap     ] GC(12) Eden regions: 63->0(41)
[2024-08-28T01:13:45.254+0000][info][gc,heap     ] GC(12) Survivor regions: 13->10(10)
[2024-08-28T01:13:45.254+0000][info][gc,heap     ] GC(12) Old regions: 700->770
[2024-08-28T01:13:45.254+0000][info][gc,heap     ] GC(12) Archive regions: 2->2
[2024-08-28T01:13:45.254+0000][info][gc,heap     ] GC(12) Humongous regions: 5->5
[2024-08-28T01:13:45.255+0000][info][gc,metaspace] GC(12) Metaspace: 100K(320K)->100K(320K) NonClass: 96K(192K)->96K(192K) Class: 4K(128K)->4K(128K)
[2024-08-28T01:13:45.255+0000][info][gc          ] GC(12) Pause Young (Prepare Mixed) (G1 Evacuation Pause) 781M->785M(1024M) 10.919ms
[2024-08-28T01:13:45.255+0000][info][gc,cpu      ] GC(12) User=0.18s Sys=0.07s Real=0.01s
[2024-08-28T01:13:45.282+0000][info][gc,start    ] GC(13) Pause Young (Mixed) (G1 Evacuation Pause)
[2024-08-28T01:13:45.282+0000][info][gc,task     ] GC(13) Using 24 workers of 68 for evacuation
[2024-08-28T01:13:45.291+0000][info][gc,phases   ] GC(13)   Pre Evacuate Collection Set: 0.2ms
[2024-08-28T01:13:45.291+0000][info][gc,phases   ] GC(13)   Merge Heap Roots: 0.3ms
[2024-08-28T01:13:45.291+0000][info][gc,phases   ] GC(13)   Evacuate Collection Set: 7.8ms
[2024-08-28T01:13:45.291+0000][info][gc,phases   ] GC(13)   Post Evacuate Collection Set: 0.4ms
[2024-08-28T01:13:45.291+0000][info][gc,phases   ] GC(13)   Other: 0.3ms
[2024-08-28T01:13:45.291+0000][info][gc,heap     ] GC(13) Eden regions: 41->0(44)
[2024-08-28T01:13:45.291+0000][info][gc,heap     ] GC(13) Survivor regions: 10->7(7)
[2024-08-28T01:13:45.291+0000][info][gc,heap     ] GC(13) Old regions: 770->757
[2024-08-28T01:13:45.291+0000][info][gc,heap     ] GC(13) Archive regions: 2->2
[2024-08-28T01:13:45.291+0000][info][gc,heap     ] GC(13) Humongous regions: 5->5
[2024-08-28T01:13:45.291+0000][info][gc,metaspace] GC(13) Metaspace: 100K(320K)->100K(320K) NonClass: 96K(192K)->96K(192K) Class: 4K(128K)->4K(128K)
[2024-08-28T01:13:45.291+0000][info][gc          ] GC(13) Pause Young (Mixed) (G1 Evacuation Pause) 826M->769M(1024M) 8.972ms
[2024-08-28T01:13:45.291+0000][info][gc,cpu      ] GC(13) User=0.17s Sys=0.03s Real=0.01s
[2024-08-28T01:13:45.320+0000][info][gc,start    ] GC(14) Pause Young (Mixed) (G1 Evacuation Pause)
[2024-08-28T01:13:45.320+0000][info][gc,task     ] GC(14) Using 24 workers of 68 for evacuation
[2024-08-28T01:13:45.330+0000][info][gc,phases   ] GC(14)   Pre Evacuate Collection Set: 0.2ms
[2024-08-28T01:13:45.330+0000][info][gc,phases   ] GC(14)   Merge Heap Roots: 0.4ms
[2024-08-28T01:13:45.330+0000][info][gc,phases   ] GC(14)   Evacuate Collection Set: 8.2ms
[2024-08-28T01:13:45.330+0000][info][gc,phases   ] GC(14)   Post Evacuate Collection Set: 0.4ms
[2024-08-28T01:13:45.330+0000][info][gc,phases   ] GC(14)   Other: 0.2ms
[2024-08-28T01:13:45.330+0000][info][gc,heap     ] GC(14) Eden regions: 44->0(44)
[2024-08-28T01:13:45.330+0000][info][gc,heap     ] GC(14) Survivor regions: 7->7(7)
[2024-08-28T01:13:45.330+0000][info][gc,heap     ] GC(14) Old regions: 757->741
[2024-08-28T01:13:45.330+0000][info][gc,heap     ] GC(14) Archive regions: 2->2
[2024-08-28T01:13:45.330+0000][info][gc,heap     ] GC(14) Humongous regions: 5->5
[2024-08-28T01:13:45.330+0000][info][gc,metaspace] GC(14) Metaspace: 100K(320K)->100K(320K) NonClass: 96K(192K)->96K(192K) Class: 4K(128K)->4K(128K)
[2024-08-28T01:13:45.330+0000][info][gc          ] GC(14) Pause Young (Mixed) (G1 Evacuation Pause) 813M->753M(1024M) 9.400ms
[2024-08-28T01:13:45.330+0000][info][gc,cpu      ] GC(14) User=0.21s Sys=0.00s Real=0.01s
[2024-08-28T01:13:45.353+0000][info][gc,start    ] GC(15) Pause Young (Mixed) (G1 Evacuation Pause)
[2024-08-28T01:13:45.353+0000][info][gc,task     ] GC(15) Using 24 workers of 68 for evacuation
[2024-08-28T01:13:45.362+0000][info][gc,phases   ] GC(15)   Pre Evacuate Collection Set: 0.2ms
[2024-08-28T01:13:45.362+0000][info][gc,phases   ] GC(15)   Merge Heap Roots: 0.4ms
[2024-08-28T01:13:45.362+0000][info][gc,phases   ] GC(15)   Evacuate Collection Set: 7.8ms
[2024-08-28T01:13:45.362+0000][info][gc,phases   ] GC(15)   Post Evacuate Collection Set: 0.4ms
[2024-08-28T01:13:45.362+0000][info][gc,phases   ] GC(15)   Other: 0.3ms
[2024-08-28T01:13:45.362+0000][info][gc,heap     ] GC(15) Eden regions: 44->0(44)
[2024-08-28T01:13:45.362+0000][info][gc,heap     ] GC(15) Survivor regions: 7->7(7)
[2024-08-28T01:13:45.362+0000][info][gc,heap     ] GC(15) Old regions: 741->786
[2024-08-28T01:13:45.362+0000][info][gc,heap     ] GC(15) Archive regions: 2->2
[2024-08-28T01:13:45.362+0000][info][gc,heap     ] GC(15) Humongous regions: 5->5
[2024-08-28T01:13:45.362+0000][info][gc,metaspace] GC(15) Metaspace: 100K(320K)->100K(320K) NonClass: 96K(192K)->96K(192K) Class: 4K(128K)->4K(128K)
[2024-08-28T01:13:45.362+0000][info][gc          ] GC(15) Pause Young (Mixed) (G1 Evacuation Pause) 797M->798M(1024M) 9.047ms
[2024-08-28T01:13:45.362+0000][info][gc,cpu      ] GC(15) User=0.16s Sys=0.03s Real=0.01s
[2024-08-28T01:13:45.385+0000][info][gc,start    ] GC(16) Pause Young (Concurrent Start) (G1 Evacuation Pause)
[2024-08-28T01:13:45.385+0000][info][gc,task     ] GC(16) Using 24 workers of 68 for evacuation
[2024-08-28T01:13:45.394+0000][info][gc,phases   ] GC(16)   Pre Evacuate Collection Set: 0.2ms
[2024-08-28T01:13:45.394+0000][info][gc,phases   ] GC(16)   Merge Heap Roots: 0.4ms
[2024-08-28T01:13:45.394+0000][info][gc,phases   ] GC(16)   Evacuate Collection Set: 7.6ms
[2024-08-28T01:13:45.394+0000][info][gc,phases   ] GC(16)   Post Evacuate Collection Set: 0.3ms
[2024-08-28T01:13:45.394+0000][info][gc,phases   ] GC(16)   Other: 0.9ms
[2024-08-28T01:13:45.394+0000][info][gc,heap     ] GC(16) Eden regions: 44->0(44)
[2024-08-28T01:13:45.394+0000][info][gc,heap     ] GC(16) Survivor regions: 7->7(7)
[2024-08-28T01:13:45.394+0000][info][gc,heap     ] GC(16) Old regions: 786->832
[2024-08-28T01:13:45.394+0000][info][gc,heap     ] GC(16) Archive regions: 2->2
[2024-08-28T01:13:45.394+0000][info][gc,heap     ] GC(16) Humongous regions: 5->5
[2024-08-28T01:13:45.394+0000][info][gc,metaspace] GC(16) Metaspace: 100K(320K)->100K(320K) NonClass: 96K(192K)->96K(192K) Class: 4K(128K)->4K(128K)
[2024-08-28T01:13:45.394+0000][info][gc          ] GC(16) Pause Young (Concurrent Start) (G1 Evacuation Pause) 842M->844M(1024M) 9.509ms
[2024-08-28T01:13:45.394+0000][info][gc,cpu      ] GC(16) User=0.17s Sys=0.02s Real=0.01s
[2024-08-28T01:13:45.394+0000][info][gc          ] GC(17) Concurrent Mark Cycle
[2024-08-28T01:13:45.394+0000][info][gc,marking  ] GC(17) Concurrent Clear Claimed Marks
[2024-08-28T01:13:45.394+0000][info][gc,marking  ] GC(17) Concurrent Clear Claimed Marks 0.019ms
[2024-08-28T01:13:45.394+0000][info][gc,marking  ] GC(17) Concurrent Scan Root Regions
[2024-08-28T01:13:45.396+0000][info][gc,marking  ] GC(17) Concurrent Scan Root Regions 1.641ms
[2024-08-28T01:13:45.396+0000][info][gc,marking  ] GC(17) Concurrent Mark
[2024-08-28T01:13:45.396+0000][info][gc,marking  ] GC(17) Concurrent Mark From Roots
[2024-08-28T01:13:45.396+0000][info][gc,task     ] GC(17) Using 17 workers of 17 for marking
[2024-08-28T01:13:45.419+0000][info][gc,marking  ] GC(17) Concurrent Mark From Roots 23.336ms
[2024-08-28T01:13:45.419+0000][info][gc,marking  ] GC(17) Concurrent Preclean
[2024-08-28T01:13:45.420+0000][info][gc,marking  ] GC(17) Concurrent Preclean 0.792ms
[2024-08-28T01:13:45.421+0000][info][gc,start    ] GC(17) Pause Remark
[2024-08-28T01:13:45.422+0000][info][gc          ] GC(17) Pause Remark 881M->881M(1024M) 1.303ms
[2024-08-28T01:13:45.422+0000][info][gc,cpu      ] GC(17) User=0.01s Sys=0.00s Real=0.00s
[2024-08-28T01:13:45.422+0000][info][gc,marking  ] GC(17) Concurrent Mark 25.927ms
[2024-08-28T01:13:45.422+0000][info][gc,marking  ] GC(17) Concurrent Rebuild Remembered Sets
[2024-08-28T01:13:45.426+0000][info][gc,start    ] GC(18) Pause Young (Normal) (G1 Evacuation Pause)
[2024-08-28T01:13:45.426+0000][info][gc,task     ] GC(18) Using 24 workers of 68 for evacuation
[2024-08-28T01:13:45.435+0000][info][gc,phases   ] GC(18)   Pre Evacuate Collection Set: 0.2ms
[2024-08-28T01:13:45.435+0000][info][gc,phases   ] GC(18)   Merge Heap Roots: 0.3ms
[2024-08-28T01:13:45.435+0000][info][gc,phases   ] GC(18)   Evacuate Collection Set: 7.7ms
[2024-08-28T01:13:45.435+0000][info][gc,phases   ] GC(18)   Post Evacuate Collection Set: 0.4ms
[2024-08-28T01:13:45.435+0000][info][gc,phases   ] GC(18)   Other: 0.2ms
[2024-08-28T01:13:45.435+0000][info][gc,heap     ] GC(18) Eden regions: 44->0(44)
[2024-08-28T01:13:45.435+0000][info][gc,heap     ] GC(18) Survivor regions: 7->7(7)
[2024-08-28T01:13:45.435+0000][info][gc,heap     ] GC(18) Old regions: 832->878
[2024-08-28T01:13:45.435+0000][info][gc,heap     ] GC(18) Archive regions: 2->2
[2024-08-28T01:13:45.435+0000][info][gc,heap     ] GC(18) Humongous regions: 5->5
[2024-08-28T01:13:45.435+0000][info][gc,metaspace] GC(18) Metaspace: 100K(320K)->100K(320K) NonClass: 96K(192K)->96K(192K) Class: 4K(128K)->4K(128K)
[2024-08-28T01:13:45.435+0000][info][gc          ] GC(18) Pause Young (Normal) (G1 Evacuation Pause) 888M->890M(1024M) 9.001ms
[2024-08-28T01:13:45.435+0000][info][gc,cpu      ] GC(18) User=0.15s Sys=0.04s Real=0.01s
[2024-08-28T01:13:45.461+0000][info][gc,start    ] GC(19) Pause Young (Normal) (G1 Evacuation Pause)
[2024-08-28T01:13:45.461+0000][info][gc,task     ] GC(19) Using 24 workers of 68 for evacuation
[2024-08-28T01:13:45.469+0000][info][gc,phases   ] GC(19)   Pre Evacuate Collection Set: 0.1ms
[2024-08-28T01:13:45.469+0000][info][gc,phases   ] GC(19)   Merge Heap Roots: 0.3ms
[2024-08-28T01:13:45.469+0000][info][gc,phases   ] GC(19)   Evacuate Collection Set: 7.6ms
[2024-08-28T01:13:45.469+0000][info][gc,phases   ] GC(19)   Post Evacuate Collection Set: 0.4ms
[2024-08-28T01:13:45.469+0000][info][gc,phases   ] GC(19)   Other: 0.2ms
[2024-08-28T01:13:45.469+0000][info][gc,heap     ] GC(19) Eden regions: 44->0(44)
[2024-08-28T01:13:45.469+0000][info][gc,heap     ] GC(19) Survivor regions: 7->7(7)
[2024-08-28T01:13:45.469+0000][info][gc,heap     ] GC(19) Old regions: 878->925
[2024-08-28T01:13:45.469+0000][info][gc,heap     ] GC(19) Archive regions: 2->2
[2024-08-28T01:13:45.469+0000][info][gc,heap     ] GC(19) Humongous regions: 5->5
[2024-08-28T01:13:45.469+0000][info][gc,metaspace] GC(19) Metaspace: 100K(320K)->100K(320K) NonClass: 96K(192K)->96K(192K) Class: 4K(128K)->4K(128K)
[2024-08-28T01:13:45.469+0000][info][gc          ] GC(19) Pause Young (Normal) (G1 Evacuation Pause) 934M->937M(1024M) 8.729ms
[2024-08-28T01:13:45.469+0000][info][gc,cpu      ] GC(19) User=0.19s Sys=0.01s Real=0.00s
[2024-08-28T01:13:45.490+0000][info][gc,start    ] GC(20) Pause Young (Normal) (G1 Preventive Collection)
[2024-08-28T01:13:45.490+0000][info][gc,task     ] GC(20) Using 24 workers of 68 for evacuation
[2024-08-28T01:13:45.499+0000][info][gc,phases   ] GC(20)   Pre Evacuate Collection Set: 0.1ms
[2024-08-28T01:13:45.499+0000][info][gc,phases   ] GC(20)   Merge Heap Roots: 0.4ms
[2024-08-28T01:13:45.499+0000][info][gc,phases   ] GC(20)   Evacuate Collection Set: 7.3ms
[2024-08-28T01:13:45.499+0000][info][gc,phases   ] GC(20)   Post Evacuate Collection Set: 0.4ms
[2024-08-28T01:13:45.499+0000][info][gc,phases   ] GC(20)   Other: 0.2ms
[2024-08-28T01:13:45.499+0000][info][gc,heap     ] GC(20) Eden regions: 37->0(44)
[2024-08-28T01:13:45.499+0000][info][gc,heap     ] GC(20) Survivor regions: 7->7(7)
[2024-08-28T01:13:45.499+0000][info][gc,heap     ] GC(20) Old regions: 925->964
[2024-08-28T01:13:45.499+0000][info][gc,heap     ] GC(20) Archive regions: 2->2
[2024-08-28T01:13:45.499+0000][info][gc,heap     ] GC(20) Humongous regions: 5->5
[2024-08-28T01:13:45.499+0000][info][gc,metaspace] GC(20) Metaspace: 100K(320K)->100K(320K) NonClass: 96K(192K)->96K(192K) Class: 4K(128K)->4K(128K)
[2024-08-28T01:13:45.499+0000][info][gc          ] GC(20) Pause Young (Normal) (G1 Preventive Collection) 974M->976M(1024M) 8.390ms
[2024-08-28T01:13:45.499+0000][info][gc,cpu      ] GC(20) User=0.19s Sys=0.00s Real=0.01s
[2024-08-28T01:13:45.499+0000][info][gc,marking  ] GC(17) Concurrent Rebuild Remembered Sets 76.790ms
[2024-08-28T01:13:45.499+0000][info][gc,start    ] GC(17) Pause Cleanup
[2024-08-28T01:13:45.501+0000][info][gc          ] GC(17) Pause Cleanup 977M->977M(1024M) 1.530ms
[2024-08-28T01:13:45.501+0000][info][gc,cpu      ] GC(17) User=0.00s Sys=0.00s Real=0.00s
[2024-08-28T01:13:45.501+0000][info][gc,marking  ] GC(17) Concurrent Cleanup for Next Mark
[2024-08-28T01:13:45.502+0000][info][gc,marking  ] GC(17) Concurrent Cleanup for Next Mark 1.164ms
[2024-08-28T01:13:45.502+0000][info][gc          ] GC(17) Concurrent Mark Cycle 107.611ms
[2024-08-28T01:13:45.510+0000][info][gc,start    ] GC(21) Pause Young (Prepare Mixed) (G1 Preventive Collection)
[2024-08-28T01:13:45.510+0000][info][gc,task     ] GC(21) Using 24 workers of 68 for evacuation
[2024-08-28T01:13:45.516+0000][info][gc,phases   ] GC(21)   Pre Evacuate Collection Set: 0.1ms
[2024-08-28T01:13:45.516+0000][info][gc,phases   ] GC(21)   Merge Heap Roots: 0.2ms
[2024-08-28T01:13:45.516+0000][info][gc,phases   ] GC(21)   Evacuate Collection Set: 5.4ms
[2024-08-28T01:13:45.516+0000][info][gc,phases   ] GC(21)   Post Evacuate Collection Set: 0.3ms
[2024-08-28T01:13:45.517+0000][info][gc,phases   ] GC(21)   Other: 0.2ms
[2024-08-28T01:13:45.517+0000][info][gc,heap     ] GC(21) Eden regions: 18->0(44)
[2024-08-28T01:13:45.517+0000][info][gc,heap     ] GC(21) Survivor regions: 7->7(7)
[2024-08-28T01:13:45.517+0000][info][gc,heap     ] GC(21) Old regions: 964->985
[2024-08-28T01:13:45.517+0000][info][gc,heap     ] GC(21) Archive regions: 2->2
[2024-08-28T01:13:45.517+0000][info][gc,heap     ] GC(21) Humongous regions: 5->5
[2024-08-28T01:13:45.517+0000][info][gc,metaspace] GC(21) Metaspace: 100K(320K)->100K(320K) NonClass: 96K(192K)->96K(192K) Class: 4K(128K)->4K(128K)
[2024-08-28T01:13:45.517+0000][info][gc          ] GC(21) Pause Young (Prepare Mixed) (G1 Preventive Collection) 994M->997M(1024M) 6.258ms
[2024-08-28T01:13:45.517+0000][info][gc,cpu      ] GC(21) User=0.12s Sys=0.00s Real=0.00s
[2024-08-28T01:13:45.520+0000][info][gc,start    ] GC(22) Pause Young (Mixed) (G1 Preventive Collection)
[2024-08-28T01:13:45.520+0000][info][gc,task     ] GC(22) Using 24 workers of 68 for evacuation
[2024-08-28T01:13:45.524+0000][info][gc,phases   ] GC(22)   Pre Evacuate Collection Set: 0.2ms
[2024-08-28T01:13:45.524+0000][info][gc,phases   ] GC(22)   Merge Heap Roots: 0.3ms
[2024-08-28T01:13:45.524+0000][info][gc,phases   ] GC(22)   Evacuate Collection Set: 2.9ms
[2024-08-28T01:13:45.524+0000][info][gc,phases   ] GC(22)   Post Evacuate Collection Set: 0.3ms
[2024-08-28T01:13:45.524+0000][info][gc,phases   ] GC(22)   Other: 0.2ms
[2024-08-28T01:13:45.524+0000][info][gc,heap     ] GC(22) Eden regions: 7->0(44)
[2024-08-28T01:13:45.524+0000][info][gc,heap     ] GC(22) Survivor regions: 7->7(7)
[2024-08-28T01:13:45.524+0000][info][gc,heap     ] GC(22) Old regions: 985->933
[2024-08-28T01:13:45.524+0000][info][gc,heap     ] GC(22) Archive regions: 2->2
[2024-08-28T01:13:45.524+0000][info][gc,heap     ] GC(22) Humongous regions: 5->5
[2024-08-28T01:13:45.524+0000][info][gc,metaspace] GC(22) Metaspace: 100K(320K)->100K(320K) NonClass: 96K(192K)->96K(192K) Class: 4K(128K)->4K(128K)
[2024-08-28T01:13:45.524+0000][info][gc          ] GC(22) Pause Young (Mixed) (G1 Preventive Collection) 1004M->945M(1024M) 3.903ms
[2024-08-28T01:13:45.524+0000][info][gc,cpu      ] GC(22) User=0.07s Sys=0.00s Real=0.00s
[2024-08-28T01:13:45.539+0000][info][gc,start    ] GC(23) Pause Young (Mixed) (G1 Preventive Collection)
[2024-08-28T01:13:45.539+0000][info][gc,task     ] GC(23) Using 24 workers of 68 for evacuation
[2024-08-28T01:13:45.547+0000][info][gc,phases   ] GC(23)   Pre Evacuate Collection Set: 0.2ms
[2024-08-28T01:13:45.547+0000][info][gc,phases   ] GC(23)   Merge Heap Roots: 0.3ms
[2024-08-28T01:13:45.547+0000][info][gc,phases   ] GC(23)   Evacuate Collection Set: 6.6ms
[2024-08-28T01:13:45.547+0000][info][gc,phases   ] GC(23)   Post Evacuate Collection Set: 0.3ms
[2024-08-28T01:13:45.547+0000][info][gc,phases   ] GC(23)   Other: 0.2ms
[2024-08-28T01:13:45.547+0000][info][gc,heap     ] GC(23) Eden regions: 33->0(44)
[2024-08-28T01:13:45.547+0000][info][gc,heap     ] GC(23) Survivor regions: 7->7(7)
[2024-08-28T01:13:45.547+0000][info][gc,heap     ] GC(23) Old regions: 933->904
[2024-08-28T01:13:45.547+0000][info][gc,heap     ] GC(23) Archive regions: 2->2
[2024-08-28T01:13:45.547+0000][info][gc,heap     ] GC(23) Humongous regions: 5->5
[2024-08-28T01:13:45.547+0000][info][gc,metaspace] GC(23) Metaspace: 100K(320K)->100K(320K) NonClass: 96K(192K)->96K(192K) Class: 4K(128K)->4K(128K)
[2024-08-28T01:13:45.547+0000][info][gc          ] GC(23) Pause Young (Mixed) (G1 Preventive Collection) 978M->916M(1024M) 7.667ms
[2024-08-28T01:13:45.547+0000][info][gc,cpu      ] GC(23) User=0.17s Sys=0.00s Real=0.00s
[2024-08-28T01:13:45.567+0000][info][gc,start    ] GC(24) Pause Young (Mixed) (G1 Evacuation Pause)
[2024-08-28T01:13:45.567+0000][info][gc,task     ] GC(24) Using 24 workers of 68 for evacuation
[2024-08-28T01:13:45.577+0000][info][gc,phases   ] GC(24)   Pre Evacuate Collection Set: 0.2ms
[2024-08-28T01:13:45.577+0000][info][gc,phases   ] GC(24)   Merge Heap Roots: 0.4ms
[2024-08-28T01:13:45.577+0000][info][gc,phases   ] GC(24)   Evacuate Collection Set: 8.7ms
[2024-08-28T01:13:45.577+0000][info][gc,phases   ] GC(24)   Post Evacuate Collection Set: 0.4ms
[2024-08-28T01:13:45.577+0000][info][gc,phases   ] GC(24)   Other: 0.3ms
[2024-08-28T01:13:45.577+0000][info][gc,heap     ] GC(24) Eden regions: 44->0(44)
[2024-08-28T01:13:45.577+0000][info][gc,heap     ] GC(24) Survivor regions: 7->7(7)
[2024-08-28T01:13:45.577+0000][info][gc,heap     ] GC(24) Old regions: 904->887
[2024-08-28T01:13:45.577+0000][info][gc,heap     ] GC(24) Archive regions: 2->2
[2024-08-28T01:13:45.577+0000][info][gc,heap     ] GC(24) Humongous regions: 5->5
[2024-08-28T01:13:45.577+0000][info][gc,metaspace] GC(24) Metaspace: 100K(320K)->100K(320K) NonClass: 96K(192K)->96K(192K) Class: 4K(128K)->4K(128K)
[2024-08-28T01:13:45.577+0000][info][gc          ] GC(24) Pause Young (Mixed) (G1 Evacuation Pause) 960M->899M(1024M) 10.022ms
[2024-08-28T01:13:45.577+0000][info][gc,cpu      ] GC(24) User=0.21s Sys=0.01s Real=0.01s
[2024-08-28T01:13:45.598+0000][info][gc,start    ] GC(25) Pause Young (Mixed) (G1 Evacuation Pause)
[2024-08-28T01:13:45.598+0000][info][gc,task     ] GC(25) Using 24 workers of 68 for evacuation
[2024-08-28T01:13:45.608+0000][info][gc,phases   ] GC(25)   Pre Evacuate Collection Set: 0.3ms
[2024-08-28T01:13:45.608+0000][info][gc,phases   ] GC(25)   Merge Heap Roots: 0.3ms
[2024-08-28T01:13:45.608+0000][info][gc,phases   ] GC(25)   Evacuate Collection Set: 9.2ms
[2024-08-28T01:13:45.608+0000][info][gc,phases   ] GC(25)   Post Evacuate Collection Set: 0.3ms
[2024-08-28T01:13:45.608+0000][info][gc,phases   ] GC(25)   Other: 0.3ms
[2024-08-28T01:13:45.608+0000][info][gc,heap     ] GC(25) Eden regions: 44->0(44)
[2024-08-28T01:13:45.608+0000][info][gc,heap     ] GC(25) Survivor regions: 7->7(7)
[2024-08-28T01:13:45.608+0000][info][gc,heap     ] GC(25) Old regions: 887->872
[2024-08-28T01:13:45.608+0000][info][gc,heap     ] GC(25) Archive regions: 2->2
[2024-08-28T01:13:45.608+0000][info][gc,heap     ] GC(25) Humongous regions: 5->5
[2024-08-28T01:13:45.608+0000][info][gc,metaspace] GC(25) Metaspace: 100K(320K)->100K(320K) NonClass: 96K(192K)->96K(192K) Class: 4K(128K)->4K(128K)
[2024-08-28T01:13:45.608+0000][info][gc          ] GC(25) Pause Young (Mixed) (G1 Evacuation Pause) 943M->884M(1024M) 10.446ms
[2024-08-28T01:13:45.608+0000][info][gc,cpu      ] GC(25) User=0.22s Sys=0.01s Real=0.00s
[2024-08-28T01:13:45.629+0000][info][gc,start    ] GC(26) Pause Young (Mixed) (G1 Evacuation Pause)
[2024-08-28T01:13:45.629+0000][info][gc,task     ] GC(26) Using 24 workers of 68 for evacuation
[2024-08-28T01:13:45.640+0000][info][gc,phases   ] GC(26)   Pre Evacuate Collection Set: 0.2ms
[2024-08-28T01:13:45.640+0000][info][gc,phases   ] GC(26)   Merge Heap Roots: 0.4ms
[2024-08-28T01:13:45.640+0000][info][gc,phases   ] GC(26)   Evacuate Collection Set: 9.5ms
[2024-08-28T01:13:45.640+0000][info][gc,phases   ] GC(26)   Post Evacuate Collection Set: 0.4ms
[2024-08-28T01:13:45.640+0000][info][gc,phases   ] GC(26)   Other: 0.2ms
[2024-08-28T01:13:45.640+0000][info][gc,heap     ] GC(26) Eden regions: 44->0(44)
[2024-08-28T01:13:45.640+0000][info][gc,heap     ] GC(26) Survivor regions: 7->7(7)
[2024-08-28T01:13:45.640+0000][info][gc,heap     ] GC(26) Old regions: 872->858
[2024-08-28T01:13:45.640+0000][info][gc,heap     ] GC(26) Archive regions: 2->2
[2024-08-28T01:13:45.640+0000][info][gc,heap     ] GC(26) Humongous regions: 5->5
[2024-08-28T01:13:45.640+0000][info][gc,metaspace] GC(26) Metaspace: 100K(320K)->100K(320K) NonClass: 96K(192K)->96K(192K) Class: 4K(128K)->4K(128K)
[2024-08-28T01:13:45.640+0000][info][gc          ] GC(26) Pause Young (Mixed) (G1 Evacuation Pause) 928M->870M(1024M) 10.733ms
[2024-08-28T01:13:45.640+0000][info][gc,cpu      ] GC(26) User=0.24s Sys=0.00s Real=0.02s
[2024-08-28T01:13:45.664+0000][info][gc,start    ] GC(27) Pause Young (Mixed) (G1 Evacuation Pause)
[2024-08-28T01:13:45.664+0000][info][gc,task     ] GC(27) Using 24 workers of 68 for evacuation
[2024-08-28T01:13:45.675+0000][info][gc,phases   ] GC(27)   Pre Evacuate Collection Set: 0.2ms
[2024-08-28T01:13:45.675+0000][info][gc,phases   ] GC(27)   Merge Heap Roots: 0.3ms
[2024-08-28T01:13:45.675+0000][info][gc,phases   ] GC(27)   Evacuate Collection Set: 10.4ms
[2024-08-28T01:13:45.675+0000][info][gc,phases   ] GC(27)   Post Evacuate Collection Set: 0.4ms
[2024-08-28T01:13:45.675+0000][info][gc,phases   ] GC(27)   Other: 0.3ms
[2024-08-28T01:13:45.675+0000][info][gc,heap     ] GC(27) Eden regions: 44->0(44)
[2024-08-28T01:13:45.675+0000][info][gc,heap     ] GC(27) Survivor regions: 7->7(7)
[2024-08-28T01:13:45.675+0000][info][gc,heap     ] GC(27) Old regions: 858->868
[2024-08-28T01:13:45.675+0000][info][gc,heap     ] GC(27) Archive regions: 2->2
[2024-08-28T01:13:45.675+0000][info][gc,heap     ] GC(27) Humongous regions: 5->5
[2024-08-28T01:13:45.675+0000][info][gc,metaspace] GC(27) Metaspace: 100K(320K)->100K(320K) NonClass: 96K(192K)->96K(192K) Class: 4K(128K)->4K(128K)
[2024-08-28T01:13:45.675+0000][info][gc          ] GC(27) Pause Young (Mixed) (G1 Evacuation Pause) 914M->880M(1024M) 11.615ms
[2024-08-28T01:13:45.675+0000][info][gc,cpu      ] GC(27) User=0.26s Sys=0.00s Real=0.01s
[2024-08-28T01:13:45.699+0000][info][gc,start    ] GC(28) Pause Young (Concurrent Start) (G1 Evacuation Pause)
[2024-08-28T01:13:45.699+0000][info][gc,task     ] GC(28) Using 24 workers of 68 for evacuation
[2024-08-28T01:13:45.709+0000][info][gc,phases   ] GC(28)   Pre Evacuate Collection Set: 0.2ms
[2024-08-28T01:13:45.709+0000][info][gc,phases   ] GC(28)   Merge Heap Roots: 0.2ms
[2024-08-28T01:13:45.709+0000][info][gc,phases   ] GC(28)   Evacuate Collection Set: 9.0ms
[2024-08-28T01:13:45.709+0000][info][gc,phases   ] GC(28)   Post Evacuate Collection Set: 0.3ms
[2024-08-28T01:13:45.709+0000][info][gc,phases   ] GC(28)   Other: 0.6ms
[2024-08-28T01:13:45.709+0000][info][gc,heap     ] GC(28) Eden regions: 44->0(44)
[2024-08-28T01:13:45.709+0000][info][gc,heap     ] GC(28) Survivor regions: 7->7(7)
[2024-08-28T01:13:45.709+0000][info][gc,heap     ] GC(28) Old regions: 868->915
[2024-08-28T01:13:45.709+0000][info][gc,heap     ] GC(28) Archive regions: 2->2
[2024-08-28T01:13:45.709+0000][info][gc,heap     ] GC(28) Humongous regions: 5->5
[2024-08-28T01:13:45.709+0000][info][gc,metaspace] GC(28) Metaspace: 100K(320K)->100K(320K) NonClass: 96K(192K)->96K(192K) Class: 4K(128K)->4K(128K)
[2024-08-28T01:13:45.709+0000][info][gc          ] GC(28) Pause Young (Concurrent Start) (G1 Evacuation Pause) 924M->927M(1024M) 10.425ms
[2024-08-28T01:13:45.709+0000][info][gc,cpu      ] GC(28) User=0.21s Sys=0.00s Real=0.00s
[2024-08-28T01:13:45.709+0000][info][gc          ] GC(29) Concurrent Mark Cycle
[2024-08-28T01:13:45.710+0000][info][gc,marking  ] GC(29) Concurrent Clear Claimed Marks
[2024-08-28T01:13:45.710+0000][info][gc,marking  ] GC(29) Concurrent Clear Claimed Marks 0.020ms
[2024-08-28T01:13:45.710+0000][info][gc,marking  ] GC(29) Concurrent Scan Root Regions
[2024-08-28T01:13:45.711+0000][info][gc,marking  ] GC(29) Concurrent Scan Root Regions 1.731ms
[2024-08-28T01:13:45.711+0000][info][gc,marking  ] GC(29) Concurrent Mark
[2024-08-28T01:13:45.711+0000][info][gc,marking  ] GC(29) Concurrent Mark From Roots
[2024-08-28T01:13:45.711+0000][info][gc,task     ] GC(29) Using 17 workers of 17 for marking
[2024-08-28T01:13:45.736+0000][info][gc,marking  ] GC(29) Concurrent Mark From Roots 24.277ms
[2024-08-28T01:13:45.736+0000][info][gc,marking  ] GC(29) Concurrent Preclean
[2024-08-28T01:13:45.737+0000][info][gc,marking  ] GC(29) Concurrent Preclean 0.880ms
[2024-08-28T01:13:45.737+0000][info][gc,start    ] GC(29) Pause Remark
[2024-08-28T01:13:45.738+0000][info][gc          ] GC(29) Pause Remark 969M->969M(1024M) 1.368ms
[2024-08-28T01:13:45.738+0000][info][gc,cpu      ] GC(29) User=0.00s Sys=0.00s Real=0.01s
[2024-08-28T01:13:45.738+0000][info][gc,marking  ] GC(29) Concurrent Mark 27.033ms
[2024-08-28T01:13:45.738+0000][info][gc,marking  ] GC(29) Concurrent Rebuild Remembered Sets
[2024-08-28T01:13:45.740+0000][info][gc,start    ] GC(30) Pause Young (Normal) (G1 Preventive Collection)
[2024-08-28T01:13:45.740+0000][info][gc,task     ] GC(30) Using 24 workers of 68 for evacuation
[2024-08-28T01:13:45.750+0000][info][gc,phases   ] GC(30)   Pre Evacuate Collection Set: 0.1ms
[2024-08-28T01:13:45.750+0000][info][gc,phases   ] GC(30)   Merge Heap Roots: 0.4ms
[2024-08-28T01:13:45.750+0000][info][gc,phases   ] GC(30)   Evacuate Collection Set: 8.6ms
[2024-08-28T01:13:45.750+0000][info][gc,phases   ] GC(30)   Post Evacuate Collection Set: 0.4ms
[2024-08-28T01:13:45.750+0000][info][gc,phases   ] GC(30)   Other: 0.2ms
[2024-08-28T01:13:45.750+0000][info][gc,heap     ] GC(30) Eden regions: 42->0(44)
[2024-08-28T01:13:45.750+0000][info][gc,heap     ] GC(30) Survivor regions: 7->7(7)
[2024-08-28T01:13:45.750+0000][info][gc,heap     ] GC(30) Old regions: 915->960
[2024-08-28T01:13:45.750+0000][info][gc,heap     ] GC(30) Archive regions: 2->2
[2024-08-28T01:13:45.750+0000][info][gc,heap     ] GC(30) Humongous regions: 5->5
[2024-08-28T01:13:45.750+0000][info][gc,metaspace] GC(30) Metaspace: 100K(320K)->100K(320K) NonClass: 96K(192K)->96K(192K) Class: 4K(128K)->4K(128K)
[2024-08-28T01:13:45.750+0000][info][gc          ] GC(30) Pause Young (Normal) (G1 Preventive Collection) 969M->972M(1024M) 9.945ms
[2024-08-28T01:13:45.750+0000][info][gc,cpu      ] GC(30) User=0.20s Sys=0.02s Real=0.01s
[2024-08-28T01:13:45.761+0000][info][gc,start    ] GC(31) Pause Young (Normal) (G1 Preventive Collection)
[2024-08-28T01:13:45.761+0000][info][gc,task     ] GC(31) Using 24 workers of 68 for evacuation
[2024-08-28T01:13:45.769+0000][info][gc,phases   ] GC(31)   Pre Evacuate Collection Set: 0.1ms
[2024-08-28T01:13:45.769+0000][info][gc,phases   ] GC(31)   Merge Heap Roots: 0.3ms
[2024-08-28T01:13:45.769+0000][info][gc,phases   ] GC(31)   Evacuate Collection Set: 7.1ms
[2024-08-28T01:13:45.769+0000][info][gc,phases   ] GC(31)   Post Evacuate Collection Set: 0.4ms
[2024-08-28T01:13:45.769+0000][info][gc,phases   ] GC(31)   Other: 0.2ms
[2024-08-28T01:13:45.769+0000][info][gc,heap     ] GC(31) Eden regions: 20->0(44)
[2024-08-28T01:13:45.769+0000][info][gc,heap     ] GC(31) Survivor regions: 7->7(7)
[2024-08-28T01:13:45.769+0000][info][gc,heap     ] GC(31) Old regions: 960->983
[2024-08-28T01:13:45.769+0000][info][gc,heap     ] GC(31) Archive regions: 2->2
[2024-08-28T01:13:45.769+0000][info][gc,heap     ] GC(31) Humongous regions: 5->5
[2024-08-28T01:13:45.769+0000][info][gc,metaspace] GC(31) Metaspace: 100K(320K)->100K(320K) NonClass: 96K(192K)->96K(192K) Class: 4K(128K)->4K(128K)
[2024-08-28T01:13:45.769+0000][info][gc          ] GC(31) Pause Young (Normal) (G1 Preventive Collection) 992M->995M(1024M) 8.205ms
[2024-08-28T01:13:45.769+0000][info][gc,cpu      ] GC(31) User=0.16s Sys=0.02s Real=0.00s
[2024-08-28T01:13:45.775+0000][info][gc,start    ] GC(32) Pause Young (Normal) (G1 Preventive Collection)
[2024-08-28T01:13:45.775+0000][info][gc,task     ] GC(32) Using 24 workers of 68 for evacuation
[2024-08-28T01:13:45.781+0000][info][gc          ] GC(32) To-space exhausted
[2024-08-28T01:13:45.781+0000][info][gc,phases   ] GC(32)   Pre Evacuate Collection Set: 0.1ms
[2024-08-28T01:13:45.781+0000][info][gc,phases   ] GC(32)   Merge Heap Roots: 0.4ms
[2024-08-28T01:13:45.781+0000][info][gc,phases   ] GC(32)   Evacuate Collection Set: 4.7ms
[2024-08-28T01:13:45.781+0000][info][gc,phases   ] GC(32)   Post Evacuate Collection Set: 0.6ms
[2024-08-28T01:13:45.781+0000][info][gc,phases   ] GC(32)   Other: 0.2ms
[2024-08-28T01:13:45.781+0000][info][gc,heap     ] GC(32) Eden regions: 9->0(44)
[2024-08-28T01:13:45.781+0000][info][gc,heap     ] GC(32) Survivor regions: 7->7(7)
[2024-08-28T01:13:45.781+0000][info][gc,heap     ] GC(32) Old regions: 983->1004
[2024-08-28T01:13:45.781+0000][info][gc,heap     ] GC(32) Archive regions: 2->2
[2024-08-28T01:13:45.781+0000][info][gc,heap     ] GC(32) Humongous regions: 5->5
[2024-08-28T01:13:45.781+0000][info][gc,metaspace] GC(32) Metaspace: 100K(320K)->100K(320K) NonClass: 96K(192K)->96K(192K) Class: 4K(128K)->4K(128K)
[2024-08-28T01:13:45.781+0000][info][gc          ] GC(32) Pause Young (Normal) (G1 Preventive Collection) 1004M->1016M(1024M) 6.068ms
[2024-08-28T01:13:45.781+0000][info][gc,cpu      ] GC(32) User=0.12s Sys=0.01s Real=0.01s
[2024-08-28T01:13:45.782+0000][info][gc,start    ] GC(33) Pause Young (Normal) (G1 Preventive Collection)
[2024-08-28T01:13:45.782+0000][info][gc,task     ] GC(33) Using 24 workers of 68 for evacuation
[2024-08-28T01:13:45.787+0000][info][gc          ] GC(33) To-space exhausted
[2024-08-28T01:13:45.787+0000][info][gc,phases   ] GC(33)   Pre Evacuate Collection Set: 0.1ms
[2024-08-28T01:13:45.787+0000][info][gc,phases   ] GC(33)   Merge Heap Roots: 0.4ms
[2024-08-28T01:13:45.787+0000][info][gc,phases   ] GC(33)   Evacuate Collection Set: 3.6ms
[2024-08-28T01:13:45.787+0000][info][gc,phases   ] GC(33)   Post Evacuate Collection Set: 0.6ms
[2024-08-28T01:13:45.787+0000][info][gc,phases   ] GC(33)   Other: 0.1ms
[2024-08-28T01:13:45.787+0000][info][gc,heap     ] GC(33) Eden regions: 1->0(50)
[2024-08-28T01:13:45.787+0000][info][gc,heap     ] GC(33) Survivor regions: 7->1(5)
[2024-08-28T01:13:45.787+0000][info][gc,heap     ] GC(33) Old regions: 1004->1016
[2024-08-28T01:13:45.787+0000][info][gc,heap     ] GC(33) Archive regions: 2->2
[2024-08-28T01:13:45.787+0000][info][gc,heap     ] GC(33) Humongous regions: 5->5
[2024-08-28T01:13:45.787+0000][info][gc,metaspace] GC(33) Metaspace: 100K(320K)->100K(320K) NonClass: 96K(192K)->96K(192K) Class: 4K(128K)->4K(128K)
[2024-08-28T01:13:45.787+0000][info][gc          ] GC(33) Pause Young (Normal) (G1 Preventive Collection) 1017M->1022M(1024M) 4.930ms
[2024-08-28T01:13:45.787+0000][info][gc,cpu      ] GC(33) User=0.10s Sys=0.00s Real=0.00s
[2024-08-28T01:13:45.787+0000][info][gc,ergo     ] Attempting full compaction
[2024-08-28T01:13:45.787+0000][info][gc,task     ] GC(34) Using 24 workers of 68 for full compaction
[2024-08-28T01:13:45.788+0000][info][gc,start    ] GC(34) Pause Full (G1 Compaction Pause)
[2024-08-28T01:13:45.788+0000][info][gc,phases,start] GC(34) Phase 1: Mark live objects
[2024-08-28T01:13:45.800+0000][info][gc,phases      ] GC(34) Phase 1: Mark live objects 11.853ms
[2024-08-28T01:13:45.800+0000][info][gc,phases,start] GC(34) Phase 2: Prepare for compaction
[2024-08-28T01:13:45.808+0000][info][gc,phases      ] GC(34) Phase 2: Prepare for compaction 8.025ms
[2024-08-28T01:13:45.808+0000][info][gc,phases,start] GC(34) Phase 3: Adjust pointers
[2024-08-28T01:13:45.824+0000][info][gc,phases      ] GC(34) Phase 3: Adjust pointers 15.516ms
[2024-08-28T01:13:45.824+0000][info][gc,phases,start] GC(34) Phase 4: Compact heap
[2024-08-28T01:13:45.853+0000][info][gc,phases      ] GC(34) Phase 4: Compact heap 28.770ms
[2024-08-28T01:13:45.854+0000][info][gc,heap        ] GC(34) Eden regions: 0->0(149)
[2024-08-28T01:13:45.854+0000][info][gc,heap        ] GC(34) Survivor regions: 1->0(5)
[2024-08-28T01:13:45.854+0000][info][gc,heap        ] GC(34) Old regions: 1016->444
[2024-08-28T01:13:45.854+0000][info][gc,heap        ] GC(34) Archive regions: 2->2
[2024-08-28T01:13:45.854+0000][info][gc,heap        ] GC(34) Humongous regions: 5->5
[2024-08-28T01:13:45.854+0000][info][gc,metaspace   ] GC(34) Metaspace: 100K(320K)->100K(320K) NonClass: 96K(192K)->96K(192K) Class: 4K(128K)->4K(128K)
[2024-08-28T01:13:45.854+0000][info][gc             ] GC(34) Pause Full (G1 Compaction Pause) 1022M->436M(1024M) 66.195ms
[2024-08-28T01:13:45.854+0000][info][gc,cpu         ] GC(34) User=1.38s Sys=0.01s Real=0.07s
[2024-08-28T01:13:45.855+0000][info][gc,marking     ] GC(29) Concurrent Rebuild Remembered Sets 116.409ms
[2024-08-28T01:13:45.855+0000][info][gc,marking     ] GC(29) Concurrent Mark Abort
[2024-08-28T01:13:45.855+0000][info][gc             ] GC(29) Concurrent Mark Cycle 145.455ms
[2024-08-28T01:13:45.929+0000][info][gc,start       ] GC(35) Pause Young (Normal) (G1 Evacuation Pause)
[2024-08-28T01:13:45.929+0000][info][gc,task        ] GC(35) Using 24 workers of 68 for evacuation
[2024-08-28T01:13:45.949+0000][info][gc,phases      ] GC(35)   Pre Evacuate Collection Set: 0.1ms
[2024-08-28T01:13:45.950+0000][info][gc,phases      ] GC(35)   Merge Heap Roots: 0.3ms
[2024-08-28T01:13:45.950+0000][info][gc,phases      ] GC(35)   Evacuate Collection Set: 19.8ms
[2024-08-28T01:13:45.950+0000][info][gc,phases      ] GC(35)   Post Evacuate Collection Set: 0.4ms
[2024-08-28T01:13:45.950+0000][info][gc,phases      ] GC(35)   Other: 0.3ms
[2024-08-28T01:13:45.950+0000][info][gc,heap        ] GC(35) Eden regions: 149->0(103)
[2024-08-28T01:13:45.950+0000][info][gc,heap        ] GC(35) Survivor regions: 0->19(19)
[2024-08-28T01:13:45.950+0000][info][gc,heap        ] GC(35) Old regions: 444->570
[2024-08-28T01:13:45.950+0000][info][gc,heap        ] GC(35) Archive regions: 2->2
[2024-08-28T01:13:45.950+0000][info][gc,heap        ] GC(35) Humongous regions: 5->5
[2024-08-28T01:13:45.950+0000][info][gc,metaspace   ] GC(35) Metaspace: 100K(320K)->100K(320K) NonClass: 96K(192K)->96K(192K) Class: 4K(128K)->4K(128K)
[2024-08-28T01:13:45.950+0000][info][gc             ] GC(35) Pause Young (Normal) (G1 Evacuation Pause) 585M->581M(1024M) 20.887ms
[2024-08-28T01:13:45.950+0000][info][gc,cpu         ] GC(35) User=0.48s Sys=0.00s Real=0.03s
[2024-08-28T01:13:45.998+0000][info][gc,start       ] GC(36) Pause Young (Concurrent Start) (G1 Evacuation Pause)
[2024-08-28T01:13:45.998+0000][info][gc,task        ] GC(36) Using 24 workers of 68 for evacuation
[2024-08-28T01:13:46.017+0000][info][gc,phases      ] GC(36)   Pre Evacuate Collection Set: 0.1ms
[2024-08-28T01:13:46.017+0000][info][gc,phases      ] GC(36)   Merge Heap Roots: 0.3ms
[2024-08-28T01:13:46.017+0000][info][gc,phases      ] GC(36)   Evacuate Collection Set: 17.3ms
[2024-08-28T01:13:46.017+0000][info][gc,phases      ] GC(36)   Post Evacuate Collection Set: 0.4ms
[2024-08-28T01:13:46.017+0000][info][gc,phases      ] GC(36)   Other: 0.7ms
[2024-08-28T01:13:46.017+0000][info][gc,heap        ] GC(36) Eden regions: 103->0(70)
[2024-08-28T01:13:46.017+0000][info][gc,heap        ] GC(36) Survivor regions: 19->16(16)
[2024-08-28T01:13:46.017+0000][info][gc,heap        ] GC(36) Old regions: 570->677
[2024-08-28T01:13:46.017+0000][info][gc,heap        ] GC(36) Archive regions: 2->2
[2024-08-28T01:13:46.017+0000][info][gc,heap        ] GC(36) Humongous regions: 5->5
[2024-08-28T01:13:46.017+0000][info][gc,metaspace   ] GC(36) Metaspace: 100K(320K)->100K(320K) NonClass: 96K(192K)->96K(192K) Class: 4K(128K)->4K(128K)
[2024-08-28T01:13:46.017+0000][info][gc             ] GC(36) Pause Young (Concurrent Start) (G1 Evacuation Pause) 684M->685M(1024M) 18.964ms
[2024-08-28T01:13:46.017+0000][info][gc,cpu         ] GC(36) User=0.42s Sys=0.00s Real=0.01s
[2024-08-28T01:13:46.017+0000][info][gc             ] GC(37) Concurrent Mark Cycle
[2024-08-28T01:13:46.017+0000][info][gc,marking     ] GC(37) Concurrent Clear Claimed Marks
[2024-08-28T01:13:46.017+0000][info][gc,marking     ] GC(37) Concurrent Clear Claimed Marks 0.021ms
[2024-08-28T01:13:46.017+0000][info][gc,marking     ] GC(37) Concurrent Scan Root Regions
[2024-08-28T01:13:46.021+0000][info][gc,marking     ] GC(37) Concurrent Scan Root Regions 3.321ms
[2024-08-28T01:13:46.021+0000][info][gc,marking     ] GC(37) Concurrent Mark
[2024-08-28T01:13:46.021+0000][info][gc,marking     ] GC(37) Concurrent Mark From Roots
[2024-08-28T01:13:46.021+0000][info][gc,task        ] GC(37) Using 17 workers of 17 for marking
[2024-08-28T01:13:46.041+0000][info][gc,marking     ] GC(37) Concurrent Mark From Roots 20.259ms
[2024-08-28T01:13:46.041+0000][info][gc,marking     ] GC(37) Concurrent Preclean
[2024-08-28T01:13:46.042+0000][info][gc,marking     ] GC(37) Concurrent Preclean 1.076ms
[2024-08-28T01:13:46.042+0000][info][gc,start       ] GC(37) Pause Remark
[2024-08-28T01:13:46.044+0000][info][gc             ] GC(37) Pause Remark 722M->722M(1024M) 1.348ms
[2024-08-28T01:13:46.044+0000][info][gc,cpu         ] GC(37) User=0.00s Sys=0.00s Real=0.00s
[2024-08-28T01:13:46.044+0000][info][gc,marking     ] GC(37) Concurrent Mark 23.302ms
[2024-08-28T01:13:46.044+0000][info][gc,marking     ] GC(37) Concurrent Rebuild Remembered Sets
[2024-08-28T01:13:46.068+0000][info][gc,start       ] GC(38) Pause Young (Normal) (G1 Evacuation Pause)
[2024-08-28T01:13:46.068+0000][info][gc,task        ] GC(38) Using 24 workers of 68 for evacuation
[2024-08-28T01:13:46.083+0000][info][gc,phases      ] GC(38)   Pre Evacuate Collection Set: 0.2ms
[2024-08-28T01:13:46.083+0000][info][gc,phases      ] GC(38)   Merge Heap Roots: 0.3ms
[2024-08-28T01:13:46.083+0000][info][gc,phases      ] GC(38)   Evacuate Collection Set: 14.5ms
[2024-08-28T01:13:46.083+0000][info][gc,phases      ] GC(38)   Post Evacuate Collection Set: 0.5ms
[2024-08-28T01:13:46.083+0000][info][gc,phases      ] GC(38)   Other: 0.3ms
[2024-08-28T01:13:46.084+0000][info][gc,heap        ] GC(38) Eden regions: 70->0(46)
[2024-08-28T01:13:46.084+0000][info][gc,heap        ] GC(38) Survivor regions: 16->11(11)
[2024-08-28T01:13:46.084+0000][info][gc,heap        ] GC(38) Old regions: 677->755
[2024-08-28T01:13:46.084+0000][info][gc,heap        ] GC(38) Archive regions: 2->2
[2024-08-28T01:13:46.084+0000][info][gc,heap        ] GC(38) Humongous regions: 5->5
[2024-08-28T01:13:46.084+0000][info][gc,metaspace   ] GC(38) Metaspace: 100K(320K)->100K(320K) NonClass: 96K(192K)->96K(192K) Class: 4K(128K)->4K(128K)
[2024-08-28T01:13:46.084+0000][info][gc             ] GC(38) Pause Young (Normal) (G1 Evacuation Pause) 755M->758M(1024M) 15.976ms
[2024-08-28T01:13:46.084+0000][info][gc,cpu         ] GC(38) User=0.34s Sys=0.01s Real=0.02s
[2024-08-28T01:13:46.111+0000][info][gc,start       ] GC(39) Pause Young (Normal) (G1 Evacuation Pause)
[2024-08-28T01:13:46.111+0000][info][gc,task        ] GC(39) Using 24 workers of 68 for evacuation
[2024-08-28T01:13:46.123+0000][info][gc,phases      ] GC(39)   Pre Evacuate Collection Set: 0.1ms
[2024-08-28T01:13:46.123+0000][info][gc,phases      ] GC(39)   Merge Heap Roots: 0.3ms
[2024-08-28T01:13:46.123+0000][info][gc,phases      ] GC(39)   Evacuate Collection Set: 11.3ms
[2024-08-28T01:13:46.123+0000][info][gc,phases      ] GC(39)   Post Evacuate Collection Set: 0.5ms
[2024-08-28T01:13:46.123+0000][info][gc,phases      ] GC(39)   Other: 0.2ms
[2024-08-28T01:13:46.123+0000][info][gc,heap        ] GC(39) Eden regions: 46->0(43)
[2024-08-28T01:13:46.123+0000][info][gc,heap        ] GC(39) Survivor regions: 11->8(8)
[2024-08-28T01:13:46.123+0000][info][gc,heap        ] GC(39) Old regions: 755->808
[2024-08-28T01:13:46.123+0000][info][gc,heap        ] GC(39) Archive regions: 2->2
[2024-08-28T01:13:46.123+0000][info][gc,heap        ] GC(39) Humongous regions: 5->5
[2024-08-28T01:13:46.123+0000][info][gc,metaspace   ] GC(39) Metaspace: 100K(320K)->100K(320K) NonClass: 96K(192K)->96K(192K) Class: 4K(128K)->4K(128K)
[2024-08-28T01:13:46.123+0000][info][gc             ] GC(39) Pause Young (Normal) (G1 Evacuation Pause) 804M->808M(1024M) 12.471ms
[2024-08-28T01:13:46.123+0000][info][gc,cpu         ] GC(39) User=0.27s Sys=0.02s Real=0.01s
[2024-08-28T01:13:46.128+0000][info][gc,marking     ] GC(37) Concurrent Rebuild Remembered Sets 83.607ms
[2024-08-28T01:13:46.128+0000][info][gc,start       ] GC(37) Pause Cleanup
[2024-08-28T01:13:46.129+0000][info][gc             ] GC(37) Pause Cleanup 816M->816M(1024M) 1.051ms
[2024-08-28T01:13:46.129+0000][info][gc,cpu         ] GC(37) User=0.00s Sys=0.00s Real=0.00s
[2024-08-28T01:13:46.129+0000][info][gc,marking     ] GC(37) Concurrent Cleanup for Next Mark
[2024-08-28T01:13:46.130+0000][info][gc,marking     ] GC(37) Concurrent Cleanup for Next Mark 0.671ms
[2024-08-28T01:13:46.130+0000][info][gc             ] GC(37) Concurrent Mark Cycle 112.585ms
[2024-08-28T01:13:46.150+0000][info][gc,start       ] GC(40) Pause Young (Prepare Mixed) (G1 Evacuation Pause)
[2024-08-28T01:13:46.150+0000][info][gc,task        ] GC(40) Using 24 workers of 68 for evacuation
[2024-08-28T01:13:46.163+0000][info][gc,phases      ] GC(40)   Pre Evacuate Collection Set: 0.2ms
[2024-08-28T01:13:46.163+0000][info][gc,phases      ] GC(40)   Merge Heap Roots: 0.5ms
[2024-08-28T01:13:46.163+0000][info][gc,phases      ] GC(40)   Evacuate Collection Set: 12.0ms
[2024-08-28T01:13:46.163+0000][info][gc,phases      ] GC(40)   Post Evacuate Collection Set: 0.3ms
[2024-08-28T01:13:46.163+0000][info][gc,phases      ] GC(40)   Other: 0.2ms
[2024-08-28T01:13:46.163+0000][info][gc,heap        ] GC(40) Eden regions: 43->0(44)
[2024-08-28T01:13:46.163+0000][info][gc,heap        ] GC(40) Survivor regions: 8->7(7)
[2024-08-28T01:13:46.163+0000][info][gc,heap        ] GC(40) Old regions: 808->857
[2024-08-28T01:13:46.163+0000][info][gc,heap        ] GC(40) Archive regions: 2->2
[2024-08-28T01:13:46.163+0000][info][gc,heap        ] GC(40) Humongous regions: 5->5
[2024-08-28T01:13:46.163+0000][info][gc,metaspace   ] GC(40) Metaspace: 100K(320K)->100K(320K) NonClass: 96K(192K)->96K(192K) Class: 4K(128K)->4K(128K)
[2024-08-28T01:13:46.163+0000][info][gc             ] GC(40) Pause Young (Prepare Mixed) (G1 Evacuation Pause) 851M->856M(1024M) 13.134ms
[2024-08-28T01:13:46.163+0000][info][gc,cpu         ] GC(40) User=0.30s Sys=0.00s Real=0.01s
[2024-08-28T01:13:46.186+0000][info][gc,start       ] GC(41) Pause Young (Mixed) (G1 Evacuation Pause)
[2024-08-28T01:13:46.186+0000][info][gc,task        ] GC(41) Using 24 workers of 68 for evacuation
[2024-08-28T01:13:46.196+0000][info][gc,phases      ] GC(41)   Pre Evacuate Collection Set: 0.2ms
[2024-08-28T01:13:46.196+0000][info][gc,phases      ] GC(41)   Merge Heap Roots: 0.3ms
[2024-08-28T01:13:46.196+0000][info][gc,phases      ] GC(41)   Evacuate Collection Set: 9.8ms
[2024-08-28T01:13:46.196+0000][info][gc,phases      ] GC(41)   Post Evacuate Collection Set: 0.3ms
[2024-08-28T01:13:46.196+0000][info][gc,phases      ] GC(41)   Other: 0.2ms
[2024-08-28T01:13:46.196+0000][info][gc,heap        ] GC(41) Eden regions: 44->0(44)
[2024-08-28T01:13:46.196+0000][info][gc,heap        ] GC(41) Survivor regions: 7->7(7)
[2024-08-28T01:13:46.196+0000][info][gc,heap        ] GC(41) Old regions: 857->841
[2024-08-28T01:13:46.196+0000][info][gc,heap        ] GC(41) Archive regions: 2->2
[2024-08-28T01:13:46.196+0000][info][gc,heap        ] GC(41) Humongous regions: 5->5
[2024-08-28T01:13:46.196+0000][info][gc,metaspace   ] GC(41) Metaspace: 100K(320K)->100K(320K) NonClass: 96K(192K)->96K(192K) Class: 4K(128K)->4K(128K)
[2024-08-28T01:13:46.196+0000][info][gc             ] GC(41) Pause Young (Mixed) (G1 Evacuation Pause) 900M->845M(1024M) 10.933ms
[2024-08-28T01:13:46.196+0000][info][gc,cpu         ] GC(41) User=0.24s Sys=0.01s Real=0.01s
[2024-08-28T01:13:46.219+0000][info][gc,start       ] GC(42) Pause Young (Mixed) (G1 Evacuation Pause)
[2024-08-28T01:13:46.219+0000][info][gc,task        ] GC(42) Using 24 workers of 68 for evacuation
[2024-08-28T01:13:46.230+0000][info][gc,phases      ] GC(42)   Pre Evacuate Collection Set: 0.2ms
[2024-08-28T01:13:46.230+0000][info][gc,phases      ] GC(42)   Merge Heap Roots: 0.4ms
[2024-08-28T01:13:46.230+0000][info][gc,phases      ] GC(42)   Evacuate Collection Set: 9.9ms
[2024-08-28T01:13:46.230+0000][info][gc,phases      ] GC(42)   Post Evacuate Collection Set: 0.4ms
[2024-08-28T01:13:46.230+0000][info][gc,phases      ] GC(42)   Other: 0.3ms
[2024-08-28T01:13:46.230+0000][info][gc,heap        ] GC(42) Eden regions: 44->0(44)
[2024-08-28T01:13:46.230+0000][info][gc,heap        ] GC(42) Survivor regions: 7->7(7)
[2024-08-28T01:13:46.230+0000][info][gc,heap        ] GC(42) Old regions: 841->826
[2024-08-28T01:13:46.230+0000][info][gc,heap        ] GC(42) Archive regions: 2->2
[2024-08-28T01:13:46.230+0000][info][gc,heap        ] GC(42) Humongous regions: 5->5
[2024-08-28T01:13:46.230+0000][info][gc,metaspace   ] GC(42) Metaspace: 100K(320K)->100K(320K) NonClass: 96K(192K)->96K(192K) Class: 4K(128K)->4K(128K)
[2024-08-28T01:13:46.230+0000][info][gc             ] GC(42) Pause Young (Mixed) (G1 Evacuation Pause) 889M->832M(1024M) 11.299ms
[2024-08-28T01:13:46.230+0000][info][gc,cpu         ] GC(42) User=0.24s Sys=0.00s Real=0.01s
[2024-08-28T01:13:46.252+0000][info][gc,start       ] GC(43) Pause Young (Mixed) (G1 Evacuation Pause)
[2024-08-28T01:13:46.252+0000][info][gc,task        ] GC(43) Using 24 workers of 68 for evacuation
[2024-08-28T01:13:46.263+0000][info][gc,phases      ] GC(43)   Pre Evacuate Collection Set: 0.2ms
[2024-08-28T01:13:46.263+0000][info][gc,phases      ] GC(43)   Merge Heap Roots: 0.3ms
[2024-08-28T01:13:46.263+0000][info][gc,phases      ] GC(43)   Evacuate Collection Set: 10.0ms
[2024-08-28T01:13:46.263+0000][info][gc,phases      ] GC(43)   Post Evacuate Collection Set: 0.4ms
[2024-08-28T01:13:46.263+0000][info][gc,phases      ] GC(43)   Other: 0.3ms
[2024-08-28T01:13:46.263+0000][info][gc,heap        ] GC(43) Eden regions: 44->0(44)
[2024-08-28T01:13:46.263+0000][info][gc,heap        ] GC(43) Survivor regions: 7->7(7)
[2024-08-28T01:13:46.263+0000][info][gc,heap        ] GC(43) Old regions: 826->813
[2024-08-28T01:13:46.263+0000][info][gc,heap        ] GC(43) Archive regions: 2->2
[2024-08-28T01:13:46.263+0000][info][gc,heap        ] GC(43) Humongous regions: 5->5
[2024-08-28T01:13:46.263+0000][info][gc,metaspace   ] GC(43) Metaspace: 100K(320K)->100K(320K) NonClass: 96K(192K)->96K(192K) Class: 4K(128K)->4K(128K)
[2024-08-28T01:13:46.263+0000][info][gc             ] GC(43) Pause Young (Mixed) (G1 Evacuation Pause) 876M->820M(1024M) 11.352ms
[2024-08-28T01:13:46.263+0000][info][gc,cpu         ] GC(43) User=0.24s Sys=0.00s Real=0.01s
[2024-08-28T01:13:46.284+0000][info][gc,start       ] GC(44) Pause Young (Mixed) (G1 Evacuation Pause)
[2024-08-28T01:13:46.284+0000][info][gc,task        ] GC(44) Using 24 workers of 68 for evacuation
[2024-08-28T01:13:46.295+0000][info][gc,phases      ] GC(44)   Pre Evacuate Collection Set: 0.2ms
[2024-08-28T01:13:46.295+0000][info][gc,phases      ] GC(44)   Merge Heap Roots: 0.4ms
[2024-08-28T01:13:46.295+0000][info][gc,phases      ] GC(44)   Evacuate Collection Set: 9.3ms
[2024-08-28T01:13:46.295+0000][info][gc,phases      ] GC(44)   Post Evacuate Collection Set: 0.4ms
[2024-08-28T01:13:46.295+0000][info][gc,phases      ] GC(44)   Other: 0.3ms
[2024-08-28T01:13:46.295+0000][info][gc,heap        ] GC(44) Eden regions: 44->0(44)
[2024-08-28T01:13:46.295+0000][info][gc,heap        ] GC(44) Survivor regions: 7->7(7)
[2024-08-28T01:13:46.295+0000][info][gc,heap        ] GC(44) Old regions: 813->848
[2024-08-28T01:13:46.295+0000][info][gc,heap        ] GC(44) Archive regions: 2->2
[2024-08-28T01:13:46.295+0000][info][gc,heap        ] GC(44) Humongous regions: 5->5
[2024-08-28T01:13:46.295+0000][info][gc,metaspace   ] GC(44) Metaspace: 100K(320K)->100K(320K) NonClass: 96K(192K)->96K(192K) Class: 4K(128K)->4K(128K)
[2024-08-28T01:13:46.295+0000][info][gc             ] GC(44) Pause Young (Mixed) (G1 Evacuation Pause) 864M->856M(1024M) 10.658ms
[2024-08-28T01:13:46.295+0000][info][gc,cpu         ] GC(44) User=0.23s Sys=0.00s Real=0.01s
[2024-08-28T01:13:46.316+0000][info][gc,start       ] GC(45) Pause Young (Concurrent Start) (G1 Evacuation Pause)
[2024-08-28T01:13:46.316+0000][info][gc,task        ] GC(45) Using 24 workers of 68 for evacuation
[2024-08-28T01:13:46.327+0000][info][gc,phases      ] GC(45)   Pre Evacuate Collection Set: 0.2ms
[2024-08-28T01:13:46.327+0000][info][gc,phases      ] GC(45)   Merge Heap Roots: 0.4ms
[2024-08-28T01:13:46.327+0000][info][gc,phases      ] GC(45)   Evacuate Collection Set: 9.1ms
[2024-08-28T01:13:46.327+0000][info][gc,phases      ] GC(45)   Post Evacuate Collection Set: 0.4ms
[2024-08-28T01:13:46.327+0000][info][gc,phases      ] GC(45)   Other: 1.0ms
[2024-08-28T01:13:46.327+0000][info][gc,heap        ] GC(45) Eden regions: 44->0(44)
[2024-08-28T01:13:46.327+0000][info][gc,heap        ] GC(45) Survivor regions: 7->7(7)
[2024-08-28T01:13:46.327+0000][info][gc,heap        ] GC(45) Old regions: 848->895
[2024-08-28T01:13:46.327+0000][info][gc,heap        ] GC(45) Archive regions: 2->2
[2024-08-28T01:13:46.327+0000][info][gc,heap        ] GC(45) Humongous regions: 5->5
[2024-08-28T01:13:46.327+0000][info][gc,metaspace   ] GC(45) Metaspace: 100K(320K)->100K(320K) NonClass: 96K(192K)->96K(192K) Class: 4K(128K)->4K(128K)
[2024-08-28T01:13:46.327+0000][info][gc             ] GC(45) Pause Young (Concurrent Start) (G1 Evacuation Pause) 900M->902M(1024M) 11.259ms
[2024-08-28T01:13:46.327+0000][info][gc,cpu         ] GC(45) User=0.18s Sys=0.05s Real=0.01s
[2024-08-28T01:13:46.327+0000][info][gc             ] GC(46) Concurrent Mark Cycle
[2024-08-28T01:13:46.328+0000][info][gc,marking     ] GC(46) Concurrent Clear Claimed Marks
[2024-08-28T01:13:46.328+0000][info][gc,marking     ] GC(46) Concurrent Clear Claimed Marks 0.013ms
[2024-08-28T01:13:46.328+0000][info][gc,marking     ] GC(46) Concurrent Scan Root Regions
[2024-08-28T01:13:46.329+0000][info][gc,marking     ] GC(46) Concurrent Scan Root Regions 1.693ms
[2024-08-28T01:13:46.329+0000][info][gc,marking     ] GC(46) Concurrent Mark
[2024-08-28T01:13:46.329+0000][info][gc,marking     ] GC(46) Concurrent Mark From Roots
[2024-08-28T01:13:46.329+0000][info][gc,task        ] GC(46) Using 17 workers of 17 for marking
[2024-08-28T01:13:46.354+0000][info][gc,marking     ] GC(46) Concurrent Mark From Roots 24.807ms
[2024-08-28T01:13:46.354+0000][info][gc,marking     ] GC(46) Concurrent Preclean
[2024-08-28T01:13:46.355+0000][info][gc,marking     ] GC(46) Concurrent Preclean 0.675ms
[2024-08-28T01:13:46.355+0000][info][gc,start       ] GC(46) Pause Remark
[2024-08-28T01:13:46.356+0000][info][gc             ] GC(46) Pause Remark 942M->942M(1024M) 1.361ms
[2024-08-28T01:13:46.356+0000][info][gc,cpu         ] GC(46) User=0.00s Sys=0.00s Real=0.00s
[2024-08-28T01:13:46.356+0000][info][gc,marking     ] GC(46) Concurrent Mark 27.194ms
[2024-08-28T01:13:46.356+0000][info][gc,marking     ] GC(46) Concurrent Rebuild Remembered Sets
[2024-08-28T01:13:46.360+0000][info][gc,start       ] GC(47) Pause Young (Normal) (G1 Evacuation Pause)
[2024-08-28T01:13:46.360+0000][info][gc,task        ] GC(47) Using 24 workers of 68 for evacuation
[2024-08-28T01:13:46.370+0000][info][gc,phases      ] GC(47)   Pre Evacuate Collection Set: 0.1ms
[2024-08-28T01:13:46.370+0000][info][gc,phases      ] GC(47)   Merge Heap Roots: 0.3ms
[2024-08-28T01:13:46.370+0000][info][gc,phases      ] GC(47)   Evacuate Collection Set: 8.9ms
[2024-08-28T01:13:46.370+0000][info][gc,phases      ] GC(47)   Post Evacuate Collection Set: 0.6ms
[2024-08-28T01:13:46.370+0000][info][gc,phases      ] GC(47)   Other: 0.2ms
[2024-08-28T01:13:46.370+0000][info][gc,heap        ] GC(47) Eden regions: 44->0(44)
[2024-08-28T01:13:46.370+0000][info][gc,heap        ] GC(47) Survivor regions: 7->7(7)
[2024-08-28T01:13:46.370+0000][info][gc,heap        ] GC(47) Old regions: 895->942
[2024-08-28T01:13:46.370+0000][info][gc,heap        ] GC(47) Archive regions: 2->2
[2024-08-28T01:13:46.370+0000][info][gc,heap        ] GC(47) Humongous regions: 5->5
[2024-08-28T01:13:46.370+0000][info][gc,metaspace   ] GC(47) Metaspace: 100K(320K)->100K(320K) NonClass: 96K(192K)->96K(192K) Class: 4K(128K)->4K(128K)
[2024-08-28T01:13:46.370+0000][info][gc             ] GC(47) Pause Young (Normal) (G1 Evacuation Pause) 946M->950M(1024M) 10.379ms
[2024-08-28T01:13:46.370+0000][info][gc,cpu         ] GC(47) User=0.22s Sys=0.01s Real=0.01s
[2024-08-28T01:13:46.386+0000][info][gc,start       ] GC(48) Pause Young (Normal) (G1 Preventive Collection)
[2024-08-28T01:13:46.386+0000][info][gc,task        ] GC(48) Using 24 workers of 68 for evacuation
[2024-08-28T01:13:46.398+0000][info][gc,phases      ] GC(48)   Pre Evacuate Collection Set: 0.2ms
[2024-08-28T01:13:46.398+0000][info][gc,phases      ] GC(48)   Merge Heap Roots: 0.5ms
[2024-08-28T01:13:46.398+0000][info][gc,phases      ] GC(48)   Evacuate Collection Set: 10.6ms
[2024-08-28T01:13:46.398+0000][info][gc,phases      ] GC(48)   Post Evacuate Collection Set: 0.5ms
[2024-08-28T01:13:46.398+0000][info][gc,phases      ] GC(48)   Other: 0.3ms
[2024-08-28T01:13:46.398+0000][info][gc,heap        ] GC(48) Eden regions: 29->0(44)
[2024-08-28T01:13:46.398+0000][info][gc,heap        ] GC(48) Survivor regions: 7->7(7)
[2024-08-28T01:13:46.398+0000][info][gc,heap        ] GC(48) Old regions: 942->974
[2024-08-28T01:13:46.398+0000][info][gc,heap        ] GC(48) Archive regions: 2->2
[2024-08-28T01:13:46.398+0000][info][gc,heap        ] GC(48) Humongous regions: 5->5
[2024-08-28T01:13:46.398+0000][info][gc,metaspace   ] GC(48) Metaspace: 100K(320K)->100K(320K) NonClass: 96K(192K)->96K(192K) Class: 4K(128K)->4K(128K)
[2024-08-28T01:13:46.398+0000][info][gc             ] GC(48) Pause Young (Normal) (G1 Preventive Collection) 979M->982M(1024M) 12.235ms
[2024-08-28T01:13:46.398+0000][info][gc,cpu         ] GC(48) User=0.26s Sys=0.01s Real=0.02s
[2024-08-28T01:13:46.406+0000][info][gc,start       ] GC(49) Pause Young (Normal) (G1 Preventive Collection)
[2024-08-28T01:13:46.406+0000][info][gc,task        ] GC(49) Using 24 workers of 68 for evacuation
[2024-08-28T01:13:46.414+0000][info][gc,phases      ] GC(49)   Pre Evacuate Collection Set: 0.2ms
[2024-08-28T01:13:46.414+0000][info][gc,phases      ] GC(49)   Merge Heap Roots: 0.3ms
[2024-08-28T01:13:46.414+0000][info][gc,phases      ] GC(49)   Evacuate Collection Set: 7.2ms
[2024-08-28T01:13:46.414+0000][info][gc,phases      ] GC(49)   Post Evacuate Collection Set: 0.5ms
[2024-08-28T01:13:46.414+0000][info][gc,phases      ] GC(49)   Other: 0.3ms
[2024-08-28T01:13:46.414+0000][info][gc,heap        ] GC(49) Eden regions: 13->0(44)
[2024-08-28T01:13:46.414+0000][info][gc,heap        ] GC(49) Survivor regions: 7->7(7)
[2024-08-28T01:13:46.415+0000][info][gc,heap        ] GC(49) Old regions: 974->990
[2024-08-28T01:13:46.415+0000][info][gc,heap        ] GC(49) Archive regions: 2->2
[2024-08-28T01:13:46.415+0000][info][gc,heap        ] GC(49) Humongous regions: 5->5
[2024-08-28T01:13:46.415+0000][info][gc,metaspace   ] GC(49) Metaspace: 100K(320K)->100K(320K) NonClass: 96K(192K)->96K(192K) Class: 4K(128K)->4K(128K)
[2024-08-28T01:13:46.415+0000][info][gc             ] GC(49) Pause Young (Normal) (G1 Preventive Collection) 995M->998M(1024M) 8.675ms
[2024-08-28T01:13:46.415+0000][info][gc,cpu         ] GC(49) User=0.19s Sys=0.00s Real=0.01s
[2024-08-28T01:13:46.418+0000][info][gc,start       ] GC(50) Pause Young (Normal) (G1 Preventive Collection)
[2024-08-28T01:13:46.418+0000][info][gc,task        ] GC(50) Using 24 workers of 68 for evacuation
[2024-08-28T01:13:46.425+0000][info][gc             ] GC(50) To-space exhausted
[2024-08-28T01:13:46.425+0000][info][gc,phases      ] GC(50)   Pre Evacuate Collection Set: 0.2ms
[2024-08-28T01:13:46.425+0000][info][gc,phases      ] GC(50)   Merge Heap Roots: 0.5ms
[2024-08-28T01:13:46.425+0000][info][gc,phases      ] GC(50)   Evacuate Collection Set: 5.6ms
[2024-08-28T01:13:46.425+0000][info][gc,phases      ] GC(50)   Post Evacuate Collection Set: 0.6ms
[2024-08-28T01:13:46.425+0000][info][gc,phases      ] GC(50)   Other: 0.3ms
[2024-08-28T01:13:46.425+0000][info][gc,heap        ] GC(50) Eden regions: 5->0(45)
[2024-08-28T01:13:46.425+0000][info][gc,heap        ] GC(50) Survivor regions: 7->6(7)
[2024-08-28T01:13:46.425+0000][info][gc,heap        ] GC(50) Old regions: 990->1003
[2024-08-28T01:13:46.425+0000][info][gc,heap        ] GC(50) Archive regions: 2->2
[2024-08-28T01:13:46.425+0000][info][gc,heap        ] GC(50) Humongous regions: 5->5
[2024-08-28T01:13:46.425+0000][info][gc,metaspace   ] GC(50) Metaspace: 100K(320K)->100K(320K) NonClass: 96K(192K)->96K(192K) Class: 4K(128K)->4K(128K)
[2024-08-28T01:13:46.425+0000][info][gc             ] GC(50) Pause Young (Normal) (G1 Preventive Collection) 1003M->1010M(1024M) 7.259ms
[2024-08-28T01:13:46.425+0000][info][gc,cpu         ] GC(50) User=0.15s Sys=0.01s Real=0.00s
[2024-08-28T01:13:46.426+0000][info][gc,start       ] GC(51) Pause Young (Normal) (G1 Preventive Collection)
[2024-08-28T01:13:46.426+0000][info][gc,task        ] GC(51) Using 24 workers of 68 for evacuation
[2024-08-28T01:13:46.432+0000][info][gc             ] GC(51) To-space exhausted
[2024-08-28T01:13:46.432+0000][info][gc,phases      ] GC(51)   Pre Evacuate Collection Set: 0.1ms
[2024-08-28T01:13:46.432+0000][info][gc,phases      ] GC(51)   Merge Heap Roots: 0.4ms
[2024-08-28T01:13:46.432+0000][info][gc,phases      ] GC(51)   Evacuate Collection Set: 4.5ms
[2024-08-28T01:13:46.432+0000][info][gc,phases      ] GC(51)   Post Evacuate Collection Set: 0.6ms
[2024-08-28T01:13:46.432+0000][info][gc,phases      ] GC(51)   Other: 0.2ms
[2024-08-28T01:13:46.432+0000][info][gc,heap        ] GC(51) Eden regions: 1->0(49)
[2024-08-28T01:13:46.432+0000][info][gc,heap        ] GC(51) Survivor regions: 6->2(7)
[2024-08-28T01:13:46.432+0000][info][gc,heap        ] GC(51) Old regions: 1003->1013
[2024-08-28T01:13:46.432+0000][info][gc,heap        ] GC(51) Archive regions: 2->2
[2024-08-28T01:13:46.432+0000][info][gc,heap        ] GC(51) Humongous regions: 5->5
[2024-08-28T01:13:46.432+0000][info][gc,metaspace   ] GC(51) Metaspace: 100K(320K)->100K(320K) NonClass: 96K(192K)->96K(192K) Class: 4K(128K)->4K(128K)
[2024-08-28T01:13:46.432+0000][info][gc             ] GC(51) Pause Young (Normal) (G1 Preventive Collection) 1011M->1015M(1024M) 5.996ms
[2024-08-28T01:13:46.432+0000][info][gc,cpu         ] GC(51) User=0.12s Sys=0.00s Real=0.01s
[2024-08-28T01:13:46.433+0000][info][gc,start       ] GC(52) Pause Young (Normal) (G1 Preventive Collection)
[2024-08-28T01:13:46.433+0000][info][gc,task        ] GC(52) Using 24 workers of 68 for evacuation
[2024-08-28T01:13:46.438+0000][info][gc             ] GC(52) To-space exhausted
[2024-08-28T01:13:46.438+0000][info][gc,phases      ] GC(52)   Pre Evacuate Collection Set: 0.1ms
[2024-08-28T01:13:46.438+0000][info][gc,phases      ] GC(52)   Merge Heap Roots: 0.3ms
[2024-08-28T01:13:46.439+0000][info][gc,phases      ] GC(52)   Evacuate Collection Set: 4.0ms
[2024-08-28T01:13:46.439+0000][info][gc,phases      ] GC(52)   Post Evacuate Collection Set: 0.8ms
[2024-08-28T01:13:46.439+0000][info][gc,phases      ] GC(52)   Other: 0.2ms
[2024-08-28T01:13:46.439+0000][info][gc,heap        ] GC(52) Eden regions: 1->0(50)
[2024-08-28T01:13:46.439+0000][info][gc,heap        ] GC(52) Survivor regions: 2->1(1)
[2024-08-28T01:13:46.439+0000][info][gc,heap        ] GC(52) Old regions: 1013->1016
[2024-08-28T01:13:46.439+0000][info][gc,heap        ] GC(52) Archive regions: 2->2
[2024-08-28T01:13:46.439+0000][info][gc,heap        ] GC(52) Humongous regions: 5->5
[2024-08-28T01:13:46.439+0000][info][gc,metaspace   ] GC(52) Metaspace: 100K(320K)->100K(320K) NonClass: 96K(192K)->96K(192K) Class: 4K(128K)->4K(128K)
[2024-08-28T01:13:46.439+0000][info][gc             ] GC(52) Pause Young (Normal) (G1 Preventive Collection) 1016M->1017M(1024M) 5.554ms
[2024-08-28T01:13:46.439+0000][info][gc,cpu         ] GC(52) User=0.10s Sys=0.01s Real=0.01s
[2024-08-28T01:13:46.439+0000][info][gc,ergo        ] Attempting full compaction
[2024-08-28T01:13:46.439+0000][info][gc,task        ] GC(53) Using 24 workers of 68 for full compaction
[2024-08-28T01:13:46.439+0000][info][gc,start       ] GC(53) Pause Full (G1 Compaction Pause)
[2024-08-28T01:13:46.440+0000][info][gc,phases,start] GC(53) Phase 1: Mark live objects
[2024-08-28T01:13:46.452+0000][info][gc,phases      ] GC(53) Phase 1: Mark live objects 12.102ms
[2024-08-28T01:13:46.452+0000][info][gc,phases,start] GC(53) Phase 2: Prepare for compaction
[2024-08-28T01:13:46.460+0000][info][gc,phases      ] GC(53) Phase 2: Prepare for compaction 7.735ms
[2024-08-28T01:13:46.460+0000][info][gc,phases,start] GC(53) Phase 3: Adjust pointers
[2024-08-28T01:13:46.474+0000][info][gc,phases      ] GC(53) Phase 3: Adjust pointers 13.532ms
[2024-08-28T01:13:46.474+0000][info][gc,phases,start] GC(53) Phase 4: Compact heap
[2024-08-28T01:13:46.501+0000][info][gc,phases      ] GC(53) Phase 4: Compact heap 26.992ms
[2024-08-28T01:13:46.502+0000][info][gc,heap        ] GC(53) Eden regions: 0->0(148)
[2024-08-28T01:13:46.502+0000][info][gc,heap        ] GC(53) Survivor regions: 1->0(1)
[2024-08-28T01:13:46.502+0000][info][gc,heap        ] GC(53) Old regions: 1016->444
[2024-08-28T01:13:46.502+0000][info][gc,heap        ] GC(53) Archive regions: 2->2
[2024-08-28T01:13:46.502+0000][info][gc,heap        ] GC(53) Humongous regions: 5->5
[2024-08-28T01:13:46.502+0000][info][gc,metaspace   ] GC(53) Metaspace: 100K(320K)->100K(320K) NonClass: 96K(192K)->96K(192K) Class: 4K(128K)->4K(128K)
[2024-08-28T01:13:46.502+0000][info][gc             ] GC(53) Pause Full (G1 Compaction Pause) 1017M->437M(1024M) 62.803ms
[2024-08-28T01:13:46.502+0000][info][gc,cpu         ] GC(53) User=1.32s Sys=0.02s Real=0.06s
[2024-08-28T01:13:46.503+0000][info][gc,marking     ] GC(46) Concurrent Rebuild Remembered Sets 146.086ms
[2024-08-28T01:13:46.503+0000][info][gc,marking     ] GC(46) Concurrent Mark Abort
[2024-08-28T01:13:46.503+0000][info][gc             ] GC(46) Concurrent Mark Cycle 175.142ms
[2024-08-28T01:13:46.575+0000][info][gc,start       ] GC(54) Pause Young (Normal) (G1 Evacuation Pause)
[2024-08-28T01:13:46.575+0000][info][gc,task        ] GC(54) Using 24 workers of 68 for evacuation
[2024-08-28T01:13:46.597+0000][info][gc,phases      ] GC(54)   Pre Evacuate Collection Set: 0.2ms
[2024-08-28T01:13:46.597+0000][info][gc,phases      ] GC(54)   Merge Heap Roots: 0.3ms
[2024-08-28T01:13:46.597+0000][info][gc,phases      ] GC(54)   Evacuate Collection Set: 20.5ms
[2024-08-28T01:13:46.597+0000][info][gc,phases      ] GC(54)   Post Evacuate Collection Set: 0.4ms
[2024-08-28T01:13:46.597+0000][info][gc,phases      ] GC(54)   Other: 0.3ms
[2024-08-28T01:13:46.597+0000][info][gc,heap        ] GC(54) Eden regions: 148->0(101)
[2024-08-28T01:13:46.597+0000][info][gc,heap        ] GC(54) Survivor regions: 0->19(19)
[2024-08-28T01:13:46.597+0000][info][gc,heap        ] GC(54) Old regions: 444->576
[2024-08-28T01:13:46.597+0000][info][gc,heap        ] GC(54) Archive regions: 2->2
[2024-08-28T01:13:46.597+0000][info][gc,heap        ] GC(54) Humongous regions: 5->5
[2024-08-28T01:13:46.597+0000][info][gc,metaspace   ] GC(54) Metaspace: 100K(320K)->100K(320K) NonClass: 96K(192K)->96K(192K) Class: 4K(128K)->4K(128K)
[2024-08-28T01:13:46.597+0000][info][gc             ] GC(54) Pause Young (Normal) (G1 Evacuation Pause) 585M->587M(1024M) 21.991ms
[2024-08-28T01:13:46.597+0000][info][gc,cpu         ] GC(54) User=0.50s Sys=0.00s Real=0.02s
[2024-08-28T01:13:46.645+0000][info][gc,start       ] GC(55) Pause Young (Concurrent Start) (G1 Evacuation Pause)
[2024-08-28T01:13:46.645+0000][info][gc,task        ] GC(55) Using 24 workers of 68 for evacuation
[2024-08-28T01:13:46.664+0000][info][gc,phases      ] GC(55)   Pre Evacuate Collection Set: 0.2ms
[2024-08-28T01:13:46.664+0000][info][gc,phases      ] GC(55)   Merge Heap Roots: 0.4ms
[2024-08-28T01:13:46.664+0000][info][gc,phases      ] GC(55)   Evacuate Collection Set: 16.6ms
[2024-08-28T01:13:46.664+0000][info][gc,phases      ] GC(55)   Post Evacuate Collection Set: 0.4ms
[2024-08-28T01:13:46.664+0000][info][gc,phases      ] GC(55)   Other: 1.0ms
[2024-08-28T01:13:46.664+0000][info][gc,heap        ] GC(55) Eden regions: 101->0(68)
[2024-08-28T01:13:46.664+0000][info][gc,heap        ] GC(55) Survivor regions: 19->15(15)
[2024-08-28T01:13:46.664+0000][info][gc,heap        ] GC(55) Old regions: 576->683
[2024-08-28T01:13:46.664+0000][info][gc,heap        ] GC(55) Archive regions: 2->2
[2024-08-28T01:13:46.664+0000][info][gc,heap        ] GC(55) Humongous regions: 5->5
[2024-08-28T01:13:46.664+0000][info][gc,metaspace   ] GC(55) Metaspace: 100K(320K)->100K(320K) NonClass: 96K(192K)->96K(192K) Class: 4K(128K)->4K(128K)
[2024-08-28T01:13:46.664+0000][info][gc             ] GC(55) Pause Young (Concurrent Start) (G1 Evacuation Pause) 688M->690M(1024M) 18.834ms
[2024-08-28T01:13:46.664+0000][info][gc,cpu         ] GC(55) User=0.40s Sys=0.00s Real=0.02s
[2024-08-28T01:13:46.664+0000][info][gc             ] GC(56) Concurrent Mark Cycle
[2024-08-28T01:13:46.664+0000][info][gc,marking     ] GC(56) Concurrent Clear Claimed Marks
[2024-08-28T01:13:46.664+0000][info][gc,marking     ] GC(56) Concurrent Clear Claimed Marks 0.010ms
[2024-08-28T01:13:46.664+0000][info][gc,marking     ] GC(56) Concurrent Scan Root Regions
[2024-08-28T01:13:46.667+0000][info][gc,marking     ] GC(56) Concurrent Scan Root Regions 3.225ms
[2024-08-28T01:13:46.667+0000][info][gc,marking     ] GC(56) Concurrent Mark
[2024-08-28T01:13:46.667+0000][info][gc,marking     ] GC(56) Concurrent Mark From Roots
[2024-08-28T01:13:46.667+0000][info][gc,task        ] GC(56) Using 17 workers of 17 for marking
[2024-08-28T01:13:46.688+0000][info][gc,marking     ] GC(56) Concurrent Mark From Roots 20.217ms
[2024-08-28T01:13:46.688+0000][info][gc,marking     ] GC(56) Concurrent Preclean
[2024-08-28T01:13:46.688+0000][info][gc,marking     ] GC(56) Concurrent Preclean 0.501ms
[2024-08-28T01:13:46.689+0000][info][gc,start       ] GC(56) Pause Remark
[2024-08-28T01:13:46.690+0000][info][gc             ] GC(56) Pause Remark 726M->726M(1024M) 1.568ms
[2024-08-28T01:13:46.690+0000][info][gc,cpu         ] GC(56) User=0.01s Sys=0.00s Real=0.01s
[2024-08-28T01:13:46.690+0000][info][gc,marking     ] GC(56) Concurrent Mark 22.716ms
[2024-08-28T01:13:46.690+0000][info][gc,marking     ] GC(56) Concurrent Rebuild Remembered Sets
[2024-08-28T01:13:46.706+0000][info][gc,start       ] GC(57) Pause Young (Normal) (G1 Evacuation Pause)
[2024-08-28T01:13:46.706+0000][info][gc,task        ] GC(57) Using 24 workers of 68 for evacuation
[2024-08-28T01:13:46.721+0000][info][gc,phases      ] GC(57)   Pre Evacuate Collection Set: 0.2ms
[2024-08-28T01:13:46.721+0000][info][gc,phases      ] GC(57)   Merge Heap Roots: 0.3ms
[2024-08-28T01:13:46.721+0000][info][gc,phases      ] GC(57)   Evacuate Collection Set: 13.4ms
[2024-08-28T01:13:46.721+0000][info][gc,phases      ] GC(57)   Post Evacuate Collection Set: 0.5ms
[2024-08-28T01:13:46.721+0000][info][gc,phases      ] GC(57)   Other: 0.3ms
[2024-08-28T01:13:46.721+0000][info][gc,heap        ] GC(57) Eden regions: 68->0(45)
[2024-08-28T01:13:46.721+0000][info][gc,heap        ] GC(57) Survivor regions: 15->11(11)
[2024-08-28T01:13:46.721+0000][info][gc,heap        ] GC(57) Old regions: 683->758
[2024-08-28T01:13:46.721+0000][info][gc,heap        ] GC(57) Archive regions: 2->2
[2024-08-28T01:13:46.721+0000][info][gc,heap        ] GC(57) Humongous regions: 5->5
[2024-08-28T01:13:46.721+0000][info][gc,metaspace   ] GC(57) Metaspace: 100K(320K)->100K(320K) NonClass: 96K(192K)->96K(192K) Class: 4K(128K)->4K(128K)
[2024-08-28T01:13:46.721+0000][info][gc             ] GC(57) Pause Young (Normal) (G1 Evacuation Pause) 758M->762M(1024M) 14.901ms
[2024-08-28T01:13:46.721+0000][info][gc,cpu         ] GC(57) User=0.32s Sys=0.00s Real=0.02s
[2024-08-28T01:13:46.744+0000][info][gc,start       ] GC(58) Pause Young (Normal) (G1 Evacuation Pause)
[2024-08-28T01:13:46.744+0000][info][gc,task        ] GC(58) Using 24 workers of 68 for evacuation
[2024-08-28T01:13:46.762+0000][info][gc,phases      ] GC(58)   Pre Evacuate Collection Set: 0.2ms
[2024-08-28T01:13:46.762+0000][info][gc,phases      ] GC(58)   Merge Heap Roots: 0.5ms
[2024-08-28T01:13:46.762+0000][info][gc,phases      ] GC(58)   Evacuate Collection Set: 16.4ms
[2024-08-28T01:13:46.762+0000][info][gc,phases      ] GC(58)   Post Evacuate Collection Set: 0.7ms
[2024-08-28T01:13:46.762+0000][info][gc,phases      ] GC(58)   Other: 0.3ms
[2024-08-28T01:13:46.762+0000][info][gc,heap        ] GC(58) Eden regions: 45->0(44)
[2024-08-28T01:13:46.762+0000][info][gc,heap        ] GC(58) Survivor regions: 11->7(7)
[2024-08-28T01:13:46.762+0000][info][gc,heap        ] GC(58) Old regions: 758->812
[2024-08-28T01:13:46.762+0000][info][gc,heap        ] GC(58) Archive regions: 2->2
[2024-08-28T01:13:46.762+0000][info][gc,heap        ] GC(58) Humongous regions: 5->5
[2024-08-28T01:13:46.762+0000][info][gc,metaspace   ] GC(58) Metaspace: 100K(320K)->100K(320K) NonClass: 96K(192K)->96K(192K) Class: 4K(128K)->4K(128K)
[2024-08-28T01:13:46.763+0000][info][gc             ] GC(58) Pause Young (Normal) (G1 Evacuation Pause) 807M->811M(1024M) 18.126ms
[2024-08-28T01:13:46.763+0000][info][gc,cpu         ] GC(58) User=0.40s Sys=0.00s Real=0.02s
[2024-08-28T01:13:46.777+0000][info][gc,marking     ] GC(56) Concurrent Rebuild Remembered Sets 86.378ms
[2024-08-28T01:13:46.777+0000][info][gc,start       ] GC(56) Pause Cleanup
[2024-08-28T01:13:46.779+0000][info][gc             ] GC(56) Pause Cleanup 838M->838M(1024M) 2.262ms
[2024-08-28T01:13:46.779+0000][info][gc,cpu         ] GC(56) User=0.00s Sys=0.00s Real=0.01s
[2024-08-28T01:13:46.779+0000][info][gc,marking     ] GC(56) Concurrent Cleanup for Next Mark
[2024-08-28T01:13:46.780+0000][info][gc,marking     ] GC(56) Concurrent Cleanup for Next Mark 0.668ms
[2024-08-28T01:13:46.780+0000][info][gc             ] GC(56) Concurrent Mark Cycle 115.800ms
[2024-08-28T01:13:46.789+0000][info][gc,start       ] GC(59) Pause Young (Prepare Mixed) (G1 Evacuation Pause)
[2024-08-28T01:13:46.789+0000][info][gc,task        ] GC(59) Using 24 workers of 68 for evacuation
[2024-08-28T01:13:46.803+0000][info][gc,phases      ] GC(59)   Pre Evacuate Collection Set: 0.2ms
[2024-08-28T01:13:46.803+0000][info][gc,phases      ] GC(59)   Merge Heap Roots: 0.4ms
[2024-08-28T01:13:46.803+0000][info][gc,phases      ] GC(59)   Evacuate Collection Set: 13.2ms
[2024-08-28T01:13:46.803+0000][info][gc,phases      ] GC(59)   Post Evacuate Collection Set: 0.4ms
[2024-08-28T01:13:46.803+0000][info][gc,phases      ] GC(59)   Other: 0.3ms
[2024-08-28T01:13:46.803+0000][info][gc,heap        ] GC(59) Eden regions: 44->0(44)
[2024-08-28T01:13:46.803+0000][info][gc,heap        ] GC(59) Survivor regions: 7->7(7)
[2024-08-28T01:13:46.803+0000][info][gc,heap        ] GC(59) Old regions: 812->860
[2024-08-28T01:13:46.803+0000][info][gc,heap        ] GC(59) Archive regions: 2->2
[2024-08-28T01:13:46.803+0000][info][gc,heap        ] GC(59) Humongous regions: 5->5
[2024-08-28T01:13:46.803+0000][info][gc,metaspace   ] GC(59) Metaspace: 100K(320K)->100K(320K) NonClass: 96K(192K)->96K(192K) Class: 4K(128K)->4K(128K)
[2024-08-28T01:13:46.803+0000][info][gc             ] GC(59) Pause Young (Prepare Mixed) (G1 Evacuation Pause) 855M->859M(1024M) 14.536ms
[2024-08-28T01:13:46.804+0000][info][gc,cpu         ] GC(59) User=0.33s Sys=0.00s Real=0.02s
[2024-08-28T01:13:46.825+0000][info][gc,start       ] GC(60) Pause Young (Mixed) (G1 Evacuation Pause)
[2024-08-28T01:13:46.826+0000][info][gc,task        ] GC(60) Using 24 workers of 68 for evacuation
[2024-08-28T01:13:46.837+0000][info][gc,phases      ] GC(60)   Pre Evacuate Collection Set: 0.2ms
[2024-08-28T01:13:46.837+0000][info][gc,phases      ] GC(60)   Merge Heap Roots: 0.3ms
[2024-08-28T01:13:46.837+0000][info][gc,phases      ] GC(60)   Evacuate Collection Set: 10.1ms
[2024-08-28T01:13:46.837+0000][info][gc,phases      ] GC(60)   Post Evacuate Collection Set: 0.4ms
[2024-08-28T01:13:46.837+0000][info][gc,phases      ] GC(60)   Other: 0.3ms
[2024-08-28T01:13:46.837+0000][info][gc,heap        ] GC(60) Eden regions: 44->0(44)
[2024-08-28T01:13:46.837+0000][info][gc,heap        ] GC(60) Survivor regions: 7->7(7)
[2024-08-28T01:13:46.837+0000][info][gc,heap        ] GC(60) Old regions: 860->844
[2024-08-28T01:13:46.837+0000][info][gc,heap        ] GC(60) Archive regions: 2->2
[2024-08-28T01:13:46.837+0000][info][gc,heap        ] GC(60) Humongous regions: 5->5
[2024-08-28T01:13:46.837+0000][info][gc,metaspace   ] GC(60) Metaspace: 100K(320K)->100K(320K) NonClass: 96K(192K)->96K(192K) Class: 4K(128K)->4K(128K)
[2024-08-28T01:13:46.837+0000][info][gc             ] GC(60) Pause Young (Mixed) (G1 Evacuation Pause) 903M->845M(1024M) 11.532ms
[2024-08-28T01:13:46.837+0000][info][gc,cpu         ] GC(60) User=0.25s Sys=0.00s Real=0.01s
[2024-08-28T01:13:46.859+0000][info][gc,start       ] GC(61) Pause Young (Mixed) (G1 Evacuation Pause)
[2024-08-28T01:13:46.859+0000][info][gc,task        ] GC(61) Using 24 workers of 68 for evacuation
[2024-08-28T01:13:46.870+0000][info][gc,phases      ] GC(61)   Pre Evacuate Collection Set: 0.2ms
[2024-08-28T01:13:46.870+0000][info][gc,phases      ] GC(61)   Merge Heap Roots: 0.3ms
[2024-08-28T01:13:46.870+0000][info][gc,phases      ] GC(61)   Evacuate Collection Set: 10.2ms
[2024-08-28T01:13:46.870+0000][info][gc,phases      ] GC(61)   Post Evacuate Collection Set: 0.4ms
[2024-08-28T01:13:46.870+0000][info][gc,phases      ] GC(61)   Other: 0.3ms
[2024-08-28T01:13:46.870+0000][info][gc,heap        ] GC(61) Eden regions: 44->0(44)
[2024-08-28T01:13:46.870+0000][info][gc,heap        ] GC(61) Survivor regions: 7->7(7)
[2024-08-28T01:13:46.870+0000][info][gc,heap        ] GC(61) Old regions: 844->829
[2024-08-28T01:13:46.871+0000][info][gc,heap        ] GC(61) Archive regions: 2->2
[2024-08-28T01:13:46.871+0000][info][gc,heap        ] GC(61) Humongous regions: 5->5
[2024-08-28T01:13:46.871+0000][info][gc,metaspace   ] GC(61) Metaspace: 100K(320K)->100K(320K) NonClass: 96K(192K)->96K(192K) Class: 4K(128K)->4K(128K)
[2024-08-28T01:13:46.871+0000][info][gc             ] GC(61) Pause Young (Mixed) (G1 Evacuation Pause) 889M->829M(1024M) 11.723ms
[2024-08-28T01:13:46.871+0000][info][gc,cpu         ] GC(61) User=0.25s Sys=0.00s Real=0.01s
[2024-08-28T01:13:46.893+0000][info][gc,start       ] GC(62) Pause Young (Mixed) (G1 Evacuation Pause)
[2024-08-28T01:13:46.893+0000][info][gc,task        ] GC(62) Using 24 workers of 68 for evacuation
[2024-08-28T01:13:46.904+0000][info][gc,phases      ] GC(62)   Pre Evacuate Collection Set: 0.2ms
[2024-08-28T01:13:46.904+0000][info][gc,phases      ] GC(62)   Merge Heap Roots: 0.4ms
[2024-08-28T01:13:46.904+0000][info][gc,phases      ] GC(62)   Evacuate Collection Set: 9.9ms
[2024-08-28T01:13:46.904+0000][info][gc,phases      ] GC(62)   Post Evacuate Collection Set: 0.4ms
[2024-08-28T01:13:46.904+0000][info][gc,phases      ] GC(62)   Other: 0.3ms
[2024-08-28T01:13:46.904+0000][info][gc,heap        ] GC(62) Eden regions: 44->0(44)
[2024-08-28T01:13:46.904+0000][info][gc,heap        ] GC(62) Survivor regions: 7->7(7)
[2024-08-28T01:13:46.904+0000][info][gc,heap        ] GC(62) Old regions: 829->814
[2024-08-28T01:13:46.904+0000][info][gc,heap        ] GC(62) Archive regions: 2->2
[2024-08-28T01:13:46.904+0000][info][gc,heap        ] GC(62) Humongous regions: 5->5
[2024-08-28T01:13:46.904+0000][info][gc,metaspace   ] GC(62) Metaspace: 100K(320K)->100K(320K) NonClass: 96K(192K)->96K(192K) Class: 4K(128K)->4K(128K)
[2024-08-28T01:13:46.904+0000][info][gc             ] GC(62) Pause Young (Mixed) (G1 Evacuation Pause) 873M->820M(1024M) 11.406ms
[2024-08-28T01:13:46.904+0000][info][gc,cpu         ] GC(62) User=0.24s Sys=0.00s Real=0.01s
[2024-08-28T01:13:46.926+0000][info][gc,start       ] GC(63) Pause Young (Mixed) (G1 Evacuation Pause)
[2024-08-28T01:13:46.926+0000][info][gc,task        ] GC(63) Using 24 workers of 68 for evacuation
[2024-08-28T01:13:46.936+0000][info][gc,phases      ] GC(63)   Pre Evacuate Collection Set: 0.2ms
[2024-08-28T01:13:46.936+0000][info][gc,phases      ] GC(63)   Merge Heap Roots: 0.3ms
[2024-08-28T01:13:46.936+0000][info][gc,phases      ] GC(63)   Evacuate Collection Set: 9.4ms
[2024-08-28T01:13:46.936+0000][info][gc,phases      ] GC(63)   Post Evacuate Collection Set: 0.4ms
[2024-08-28T01:13:46.936+0000][info][gc,phases      ] GC(63)   Other: 0.3ms
[2024-08-28T01:13:46.936+0000][info][gc,heap        ] GC(63) Eden regions: 44->0(44)
[2024-08-28T01:13:46.936+0000][info][gc,heap        ] GC(63) Survivor regions: 7->7(7)
[2024-08-28T01:13:46.936+0000][info][gc,heap        ] GC(63) Old regions: 814->853
[2024-08-28T01:13:46.936+0000][info][gc,heap        ] GC(63) Archive regions: 2->2
[2024-08-28T01:13:46.936+0000][info][gc,heap        ] GC(63) Humongous regions: 5->5
[2024-08-28T01:13:46.936+0000][info][gc,metaspace   ] GC(63) Metaspace: 100K(320K)->100K(320K) NonClass: 96K(192K)->96K(192K) Class: 4K(128K)->4K(128K)
[2024-08-28T01:13:46.936+0000][info][gc             ] GC(63) Pause Young (Mixed) (G1 Evacuation Pause) 864M->860M(1024M) 10.757ms
[2024-08-28T01:13:46.936+0000][info][gc,cpu         ] GC(63) User=0.23s Sys=0.01s Real=0.01s
[2024-08-28T01:13:46.959+0000][info][gc,start       ] GC(64) Pause Young (Concurrent Start) (G1 Evacuation Pause)
[2024-08-28T01:13:46.959+0000][info][gc,task        ] GC(64) Using 24 workers of 68 for evacuation
[2024-08-28T01:13:46.970+0000][info][gc,phases      ] GC(64)   Pre Evacuate Collection Set: 0.2ms
[2024-08-28T01:13:46.970+0000][info][gc,phases      ] GC(64)   Merge Heap Roots: 0.3ms
[2024-08-28T01:13:46.970+0000][info][gc,phases      ] GC(64)   Evacuate Collection Set: 9.4ms
[2024-08-28T01:13:46.970+0000][info][gc,phases      ] GC(64)   Post Evacuate Collection Set: 0.4ms
[2024-08-28T01:13:46.970+0000][info][gc,phases      ] GC(64)   Other: 1.1ms
[2024-08-28T01:13:46.970+0000][info][gc,heap        ] GC(64) Eden regions: 44->0(44)
[2024-08-28T01:13:46.970+0000][info][gc,heap        ] GC(64) Survivor regions: 7->7(7)
[2024-08-28T01:13:46.970+0000][info][gc,heap        ] GC(64) Old regions: 853->900
[2024-08-28T01:13:46.970+0000][info][gc,heap        ] GC(64) Archive regions: 2->2
[2024-08-28T01:13:46.970+0000][info][gc,heap        ] GC(64) Humongous regions: 5->5
[2024-08-28T01:13:46.970+0000][info][gc,metaspace   ] GC(64) Metaspace: 100K(320K)->100K(320K) NonClass: 96K(192K)->96K(192K) Class: 4K(128K)->4K(128K)
[2024-08-28T01:13:46.970+0000][info][gc             ] GC(64) Pause Young (Concurrent Start) (G1 Evacuation Pause) 904M->906M(1024M) 11.510ms
[2024-08-28T01:13:46.970+0000][info][gc,cpu         ] GC(64) User=0.22s Sys=0.00s Real=0.01s
[2024-08-28T01:13:46.970+0000][info][gc             ] GC(65) Concurrent Mark Cycle
[2024-08-28T01:13:46.970+0000][info][gc,marking     ] GC(65) Concurrent Clear Claimed Marks
[2024-08-28T01:13:46.970+0000][info][gc,marking     ] GC(65) Concurrent Clear Claimed Marks 0.014ms
[2024-08-28T01:13:46.970+0000][info][gc,marking     ] GC(65) Concurrent Scan Root Regions
[2024-08-28T01:13:46.972+0000][info][gc,marking     ] GC(65) Concurrent Scan Root Regions 1.490ms
[2024-08-28T01:13:46.972+0000][info][gc,marking     ] GC(65) Concurrent Mark
[2024-08-28T01:13:46.972+0000][info][gc,marking     ] GC(65) Concurrent Mark From Roots
[2024-08-28T01:13:46.972+0000][info][gc,task        ] GC(65) Using 17 workers of 17 for marking
[2024-08-28T01:13:46.995+0000][info][gc,marking     ] GC(65) Concurrent Mark From Roots 23.274ms
[2024-08-28T01:13:46.995+0000][info][gc,marking     ] GC(65) Concurrent Preclean
[2024-08-28T01:13:46.996+0000][info][gc,marking     ] GC(65) Concurrent Preclean 0.500ms
[2024-08-28T01:13:46.996+0000][info][gc,start       ] GC(65) Pause Remark
[2024-08-28T01:13:46.998+0000][info][gc             ] GC(65) Pause Remark 940M->940M(1024M) 1.769ms
[2024-08-28T01:13:46.998+0000][info][gc,cpu         ] GC(65) User=0.01s Sys=0.00s Real=0.01s
[2024-08-28T01:13:46.998+0000][info][gc,marking     ] GC(65) Concurrent Mark 26.034ms
[2024-08-28T01:13:46.998+0000][info][gc,marking     ] GC(65) Concurrent Rebuild Remembered Sets
[2024-08-28T01:13:47.005+0000][info][gc,start       ] GC(66) Pause Young (Normal) (G1 Evacuation Pause)
[2024-08-28T01:13:47.005+0000][info][gc,task        ] GC(66) Using 24 workers of 68 for evacuation
[2024-08-28T01:13:47.016+0000][info][gc,phases      ] GC(66)   Pre Evacuate Collection Set: 0.2ms
[2024-08-28T01:13:47.016+0000][info][gc,phases      ] GC(66)   Merge Heap Roots: 0.6ms
[2024-08-28T01:13:47.016+0000][info][gc,phases      ] GC(66)   Evacuate Collection Set: 9.2ms
[2024-08-28T01:13:47.016+0000][info][gc,phases      ] GC(66)   Post Evacuate Collection Set: 0.5ms
[2024-08-28T01:13:47.016+0000][info][gc,phases      ] GC(66)   Other: 0.3ms
[2024-08-28T01:13:47.016+0000][info][gc,heap        ] GC(66) Eden regions: 44->0(44)
[2024-08-28T01:13:47.016+0000][info][gc,heap        ] GC(66) Survivor regions: 7->7(7)
[2024-08-28T01:13:47.016+0000][info][gc,heap        ] GC(66) Old regions: 900->946
[2024-08-28T01:13:47.016+0000][info][gc,heap        ] GC(66) Archive regions: 2->2
[2024-08-28T01:13:47.016+0000][info][gc,heap        ] GC(66) Humongous regions: 5->5
[2024-08-28T01:13:47.016+0000][info][gc,metaspace   ] GC(66) Metaspace: 100K(320K)->100K(320K) NonClass: 96K(192K)->96K(192K) Class: 4K(128K)->4K(128K)
[2024-08-28T01:13:47.016+0000][info][gc             ] GC(66) Pause Young (Normal) (G1 Evacuation Pause) 950M->953M(1024M) 10.886ms
[2024-08-28T01:13:47.016+0000][info][gc,cpu         ] GC(66) User=0.23s Sys=0.00s Real=0.01s
[2024-08-28T01:13:47.032+0000][info][gc,start       ] GC(67) Pause Young (Normal) (G1 Preventive Collection)
[2024-08-28T01:13:47.033+0000][info][gc,task        ] GC(67) Using 24 workers of 68 for evacuation
[2024-08-28T01:13:47.044+0000][info][gc             ] GC(67) To-space exhausted
[2024-08-28T01:13:47.044+0000][info][gc,phases      ] GC(67)   Pre Evacuate Collection Set: 0.2ms
[2024-08-28T01:13:47.044+0000][info][gc,phases      ] GC(67)   Merge Heap Roots: 0.3ms
[2024-08-28T01:13:47.044+0000][info][gc,phases      ] GC(67)   Evacuate Collection Set: 10.1ms
[2024-08-28T01:13:47.044+0000][info][gc,phases      ] GC(67)   Post Evacuate Collection Set: 0.8ms
[2024-08-28T01:13:47.044+0000][info][gc,phases      ] GC(67)   Other: 0.4ms
[2024-08-28T01:13:47.044+0000][info][gc,heap        ] GC(67) Eden regions: 27->0(44)
[2024-08-28T01:13:47.044+0000][info][gc,heap        ] GC(67) Survivor regions: 7->7(7)
[2024-08-28T01:13:47.044+0000][info][gc,heap        ] GC(67) Old regions: 946->981
[2024-08-28T01:13:47.044+0000][info][gc,heap        ] GC(67) Archive regions: 2->2
[2024-08-28T01:13:47.044+0000][info][gc,heap        ] GC(67) Humongous regions: 5->5
[2024-08-28T01:13:47.044+0000][info][gc,metaspace   ] GC(67) Metaspace: 100K(320K)->100K(320K) NonClass: 96K(192K)->96K(192K) Class: 4K(128K)->4K(128K)
[2024-08-28T01:13:47.044+0000][info][gc             ] GC(67) Pause Young (Normal) (G1 Preventive Collection) 980M->988M(1024M) 11.865ms
[2024-08-28T01:13:47.044+0000][info][gc,cpu         ] GC(67) User=0.26s Sys=0.00s Real=0.01s
[2024-08-28T01:13:47.052+0000][info][gc,start       ] GC(68) Pause Young (Normal) (G1 Preventive Collection)
[2024-08-28T01:13:47.052+0000][info][gc,task        ] GC(68) Using 24 workers of 68 for evacuation
[2024-08-28T01:13:47.061+0000][info][gc             ] GC(68) To-space exhausted
[2024-08-28T01:13:47.061+0000][info][gc,phases      ] GC(68)   Pre Evacuate Collection Set: 0.2ms
[2024-08-28T01:13:47.061+0000][info][gc,phases      ] GC(68)   Merge Heap Roots: 0.8ms
[2024-08-28T01:13:47.061+0000][info][gc,phases      ] GC(68)   Evacuate Collection Set: 7.6ms
[2024-08-28T01:13:47.061+0000][info][gc,phases      ] GC(68)   Post Evacuate Collection Set: 0.9ms
[2024-08-28T01:13:47.061+0000][info][gc,phases      ] GC(68)   Other: 0.3ms
[2024-08-28T01:13:47.061+0000][info][gc,heap        ] GC(68) Eden regions: 10->0(44)
[2024-08-28T01:13:47.062+0000][info][gc,heap        ] GC(68) Survivor regions: 7->7(7)
[2024-08-28T01:13:47.062+0000][info][gc,heap        ] GC(68) Old regions: 981->1008
[2024-08-28T01:13:47.062+0000][info][gc,heap        ] GC(68) Archive regions: 2->2
[2024-08-28T01:13:47.062+0000][info][gc,heap        ] GC(68) Humongous regions: 5->5
[2024-08-28T01:13:47.062+0000][info][gc,metaspace   ] GC(68) Metaspace: 100K(320K)->100K(320K) NonClass: 96K(192K)->96K(192K) Class: 4K(128K)->4K(128K)
[2024-08-28T01:13:47.062+0000][info][gc             ] GC(68) Pause Young (Normal) (G1 Preventive Collection) 998M->1015M(1024M) 9.974ms
[2024-08-28T01:13:47.062+0000][info][gc,cpu         ] GC(68) User=0.22s Sys=0.00s Real=0.01s
[2024-08-28T01:13:47.063+0000][info][gc,start       ] GC(69) Pause Young (Normal) (G1 Preventive Collection)
[2024-08-28T01:13:47.063+0000][info][gc,task        ] GC(69) Using 24 workers of 68 for evacuation
[2024-08-28T01:13:47.070+0000][info][gc             ] GC(69) To-space exhausted
[2024-08-28T01:13:47.070+0000][info][gc,phases      ] GC(69)   Pre Evacuate Collection Set: 0.2ms
[2024-08-28T01:13:47.070+0000][info][gc,phases      ] GC(69)   Merge Heap Roots: 0.8ms
[2024-08-28T01:13:47.070+0000][info][gc,phases      ] GC(69)   Evacuate Collection Set: 5.1ms
[2024-08-28T01:13:47.070+0000][info][gc,phases      ] GC(69)   Post Evacuate Collection Set: 0.9ms
[2024-08-28T01:13:47.070+0000][info][gc,phases      ] GC(69)   Other: 0.3ms
[2024-08-28T01:13:47.070+0000][info][gc,heap        ] GC(69) Eden regions: 1->0(51)
[2024-08-28T01:13:47.070+0000][info][gc,heap        ] GC(69) Survivor regions: 7->0(1)
[2024-08-28T01:13:47.070+0000][info][gc,heap        ] GC(69) Old regions: 1008->1017
[2024-08-28T01:13:47.070+0000][info][gc,heap        ] GC(69) Archive regions: 2->2
[2024-08-28T01:13:47.070+0000][info][gc,heap        ] GC(69) Humongous regions: 5->5
[2024-08-28T01:13:47.070+0000][info][gc,metaspace   ] GC(69) Metaspace: 100K(320K)->100K(320K) NonClass: 96K(192K)->96K(192K) Class: 4K(128K)->4K(128K)
[2024-08-28T01:13:47.070+0000][info][gc             ] GC(69) Pause Young (Normal) (G1 Preventive Collection) 1016M->1017M(1024M) 7.388ms
[2024-08-28T01:13:47.070+0000][info][gc,cpu         ] GC(69) User=0.15s Sys=0.01s Real=0.01s
[2024-08-28T01:13:47.070+0000][info][gc,ergo        ] Attempting full compaction
[2024-08-28T01:13:47.070+0000][info][gc,task        ] GC(70) Using 24 workers of 68 for full compaction
[2024-08-28T01:13:47.071+0000][info][gc,start       ] GC(70) Pause Full (G1 Compaction Pause)
[2024-08-28T01:13:47.071+0000][info][gc,phases,start] GC(70) Phase 1: Mark live objects
[2024-08-28T01:13:47.085+0000][info][gc,phases      ] GC(70) Phase 1: Mark live objects 13.462ms
[2024-08-28T01:13:47.085+0000][info][gc,phases,start] GC(70) Phase 2: Prepare for compaction
[2024-08-28T01:13:47.093+0000][info][gc,phases      ] GC(70) Phase 2: Prepare for compaction 8.321ms
[2024-08-28T01:13:47.093+0000][info][gc,phases,start] GC(70) Phase 3: Adjust pointers
[2024-08-28T01:13:47.107+0000][info][gc,phases      ] GC(70) Phase 3: Adjust pointers 14.082ms
[2024-08-28T01:13:47.107+0000][info][gc,phases,start] GC(70) Phase 4: Compact heap
[2024-08-28T01:13:47.136+0000][info][gc,phases      ] GC(70) Phase 4: Compact heap 28.804ms
[2024-08-28T01:13:47.137+0000][info][gc,heap        ] GC(70) Eden regions: 0->0(150)
[2024-08-28T01:13:47.137+0000][info][gc,heap        ] GC(70) Survivor regions: 0->0(1)
[2024-08-28T01:13:47.137+0000][info][gc,heap        ] GC(70) Old regions: 1017->442
[2024-08-28T01:13:47.137+0000][info][gc,heap        ] GC(70) Archive regions: 2->2
[2024-08-28T01:13:47.137+0000][info][gc,heap        ] GC(70) Humongous regions: 5->5
[2024-08-28T01:13:47.137+0000][info][gc,metaspace   ] GC(70) Metaspace: 100K(320K)->100K(320K) NonClass: 96K(192K)->96K(192K) Class: 4K(128K)->4K(128K)
[2024-08-28T01:13:47.138+0000][info][gc             ] GC(70) Pause Full (G1 Compaction Pause) 1017M->437M(1024M) 66.895ms
[2024-08-28T01:13:47.138+0000][info][gc,cpu         ] GC(70) User=1.47s Sys=0.00s Real=0.07s
[2024-08-28T01:13:47.138+0000][info][gc,marking     ] GC(65) Concurrent Rebuild Remembered Sets 140.063ms
[2024-08-28T01:13:47.138+0000][info][gc,marking     ] GC(65) Concurrent Mark Abort
[2024-08-28T01:13:47.138+0000][info][gc             ] GC(65) Concurrent Mark Cycle 167.801ms
[2024-08-28T01:13:47.215+0000][info][gc,start       ] GC(71) Pause Young (Normal) (G1 Evacuation Pause)
[2024-08-28T01:13:47.215+0000][info][gc,task        ] GC(71) Using 24 workers of 68 for evacuation
[2024-08-28T01:13:47.237+0000][info][gc,phases      ] GC(71)   Pre Evacuate Collection Set: 0.2ms
[2024-08-28T01:13:47.237+0000][info][gc,phases      ] GC(71)   Merge Heap Roots: 0.4ms
[2024-08-28T01:13:47.237+0000][info][gc,phases      ] GC(71)   Evacuate Collection Set: 21.1ms
[2024-08-28T01:13:47.237+0000][info][gc,phases      ] GC(71)   Post Evacuate Collection Set: 0.4ms
[2024-08-28T01:13:47.237+0000][info][gc,phases      ] GC(71)   Other: 0.3ms
[2024-08-28T01:13:47.237+0000][info][gc,heap        ] GC(71) Eden regions: 150->0(104)
[2024-08-28T01:13:47.237+0000][info][gc,heap        ] GC(71) Survivor regions: 0->19(19)
[2024-08-28T01:13:47.237+0000][info][gc,heap        ] GC(71) Old regions: 442->568
[2024-08-28T01:13:47.237+0000][info][gc,heap        ] GC(71) Archive regions: 2->2
[2024-08-28T01:13:47.237+0000][info][gc,heap        ] GC(71) Humongous regions: 5->5
[2024-08-28T01:13:47.237+0000][info][gc,metaspace   ] GC(71) Metaspace: 100K(320K)->100K(320K) NonClass: 96K(192K)->96K(192K) Class: 4K(128K)->4K(128K)
[2024-08-28T01:13:47.237+0000][info][gc             ] GC(71) Pause Young (Normal) (G1 Evacuation Pause) 587M->582M(1024M) 22.531ms
[2024-08-28T01:13:47.237+0000][info][gc,cpu         ] GC(71) User=0.51s Sys=0.00s Real=0.02s
[2024-08-28T01:13:47.287+0000][info][gc,start       ] GC(72) Pause Young (Concurrent Start) (G1 Evacuation Pause)
[2024-08-28T01:13:47.287+0000][info][gc,task        ] GC(72) Using 24 workers of 68 for evacuation
[2024-08-28T01:13:47.313+0000][info][gc,phases      ] GC(72)   Pre Evacuate Collection Set: 0.2ms
[2024-08-28T01:13:47.313+0000][info][gc,phases      ] GC(72)   Merge Heap Roots: 0.6ms
[2024-08-28T01:13:47.313+0000][info][gc,phases      ] GC(72)   Evacuate Collection Set: 23.3ms
[2024-08-28T01:13:47.313+0000][info][gc,phases      ] GC(72)   Post Evacuate Collection Set: 0.4ms
[2024-08-28T01:13:47.313+0000][info][gc,phases      ] GC(72)   Other: 0.9ms
[2024-08-28T01:13:47.313+0000][info][gc,heap        ] GC(72) Eden regions: 104->0(69)
[2024-08-28T01:13:47.313+0000][info][gc,heap        ] GC(72) Survivor regions: 19->16(16)
[2024-08-28T01:13:47.313+0000][info][gc,heap        ] GC(72) Old regions: 568->678
[2024-08-28T01:13:47.313+0000][info][gc,heap        ] GC(72) Archive regions: 2->2
[2024-08-28T01:13:47.313+0000][info][gc,heap        ] GC(72) Humongous regions: 5->5
[2024-08-28T01:13:47.313+0000][info][gc,metaspace   ] GC(72) Metaspace: 100K(320K)->100K(320K) NonClass: 96K(192K)->96K(192K) Class: 4K(128K)->4K(128K)
[2024-08-28T01:13:47.313+0000][info][gc             ] GC(72) Pause Young (Concurrent Start) (G1 Evacuation Pause) 686M->688M(1024M) 25.619ms
[2024-08-28T01:13:47.313+0000][info][gc,cpu         ] GC(72) User=0.46s Sys=0.01s Real=0.03s
[2024-08-28T01:13:47.313+0000][info][gc             ] GC(73) Concurrent Mark Cycle
[2024-08-28T01:13:47.313+0000][info][gc,marking     ] GC(73) Concurrent Clear Claimed Marks
[2024-08-28T01:13:47.313+0000][info][gc,marking     ] GC(73) Concurrent Clear Claimed Marks 0.010ms
[2024-08-28T01:13:47.313+0000][info][gc,marking     ] GC(73) Concurrent Scan Root Regions
[2024-08-28T01:13:47.317+0000][info][gc,marking     ] GC(73) Concurrent Scan Root Regions 3.641ms
[2024-08-28T01:13:47.317+0000][info][gc,marking     ] GC(73) Concurrent Mark
[2024-08-28T01:13:47.317+0000][info][gc,marking     ] GC(73) Concurrent Mark From Roots
[2024-08-28T01:13:47.317+0000][info][gc,task        ] GC(73) Using 17 workers of 17 for marking
[2024-08-28T01:13:47.342+0000][info][gc,marking     ] GC(73) Concurrent Mark From Roots 24.668ms
[2024-08-28T01:13:47.342+0000][info][gc,marking     ] GC(73) Concurrent Preclean
[2024-08-28T01:13:47.342+0000][info][gc,marking     ] GC(73) Concurrent Preclean 0.500ms
[2024-08-28T01:13:47.342+0000][info][gc,start       ] GC(73) Pause Remark
[2024-08-28T01:13:47.344+0000][info][gc             ] GC(73) Pause Remark 726M->726M(1024M) 1.598ms
[2024-08-28T01:13:47.344+0000][info][gc,cpu         ] GC(73) User=0.00s Sys=0.00s Real=0.00s
[2024-08-28T01:13:47.344+0000][info][gc,marking     ] GC(73) Concurrent Mark 27.276ms
[2024-08-28T01:13:47.344+0000][info][gc,marking     ] GC(73) Concurrent Rebuild Remembered Sets
[2024-08-28T01:13:47.361+0000][info][gc,start       ] GC(74) Pause Young (Normal) (G1 Evacuation Pause)
[2024-08-28T01:13:47.361+0000][info][gc,task        ] GC(74) Using 24 workers of 68 for evacuation
[2024-08-28T01:13:47.377+0000][info][gc,phases      ] GC(74)   Pre Evacuate Collection Set: 0.2ms
[2024-08-28T01:13:47.377+0000][info][gc,phases      ] GC(74)   Merge Heap Roots: 0.3ms
[2024-08-28T01:13:47.377+0000][info][gc,phases      ] GC(74)   Evacuate Collection Set: 14.3ms
[2024-08-28T01:13:47.377+0000][info][gc,phases      ] GC(74)   Post Evacuate Collection Set: 0.6ms
[2024-08-28T01:13:47.377+0000][info][gc,phases      ] GC(74)   Other: 0.3ms
[2024-08-28T01:13:47.377+0000][info][gc,heap        ] GC(74) Eden regions: 69->0(46)
[2024-08-28T01:13:47.377+0000][info][gc,heap        ] GC(74) Survivor regions: 16->11(11)
[2024-08-28T01:13:47.377+0000][info][gc,heap        ] GC(74) Old regions: 678->755
[2024-08-28T01:13:47.377+0000][info][gc,heap        ] GC(74) Archive regions: 2->2
[2024-08-28T01:13:47.377+0000][info][gc,heap        ] GC(74) Humongous regions: 5->5
[2024-08-28T01:13:47.377+0000][info][gc,metaspace   ] GC(74) Metaspace: 100K(320K)->100K(320K) NonClass: 96K(192K)->96K(192K) Class: 4K(128K)->4K(128K)
[2024-08-28T01:13:47.377+0000][info][gc             ] GC(74) Pause Young (Normal) (G1 Evacuation Pause) 757M->760M(1024M) 15.949ms
[2024-08-28T01:13:47.377+0000][info][gc,cpu         ] GC(74) User=0.35s Sys=0.00s Real=0.01s
[2024-08-28T01:13:47.400+0000][info][gc,start       ] GC(75) Pause Young (Normal) (G1 Evacuation Pause)
[2024-08-28T01:13:47.400+0000][info][gc,task        ] GC(75) Using 24 workers of 68 for evacuation
[2024-08-28T01:13:47.419+0000][info][gc,phases      ] GC(75)   Pre Evacuate Collection Set: 0.2ms
[2024-08-28T01:13:47.419+0000][info][gc,phases      ] GC(75)   Merge Heap Roots: 0.7ms
[2024-08-28T01:13:47.419+0000][info][gc,phases      ] GC(75)   Evacuate Collection Set: 16.7ms
[2024-08-28T01:13:47.419+0000][info][gc,phases      ] GC(75)   Post Evacuate Collection Set: 0.7ms
[2024-08-28T01:13:47.419+0000][info][gc,phases      ] GC(75)   Other: 0.3ms
[2024-08-28T01:13:47.419+0000][info][gc,heap        ] GC(75) Eden regions: 46->0(43)
[2024-08-28T01:13:47.419+0000][info][gc,heap        ] GC(75) Survivor regions: 11->8(8)
[2024-08-28T01:13:47.419+0000][info][gc,heap        ] GC(75) Old regions: 755->808
[2024-08-28T01:13:47.419+0000][info][gc,heap        ] GC(75) Archive regions: 2->2
[2024-08-28T01:13:47.419+0000][info][gc,heap        ] GC(75) Humongous regions: 5->5
[2024-08-28T01:13:47.419+0000][info][gc,metaspace   ] GC(75) Metaspace: 100K(320K)->100K(320K) NonClass: 96K(192K)->96K(192K) Class: 4K(128K)->4K(128K)
[2024-08-28T01:13:47.419+0000][info][gc             ] GC(75) Pause Young (Normal) (G1 Evacuation Pause) 806M->810M(1024M) 18.870ms
[2024-08-28T01:13:47.419+0000][info][gc,cpu         ] GC(75) User=0.43s Sys=0.00s Real=0.02s
[2024-08-28T01:13:47.430+0000][info][gc,marking     ] GC(73) Concurrent Rebuild Remembered Sets 85.774ms
[2024-08-28T01:13:47.430+0000][info][gc,start       ] GC(73) Pause Cleanup
[2024-08-28T01:13:47.433+0000][info][gc             ] GC(73) Pause Cleanup 831M->831M(1024M) 2.325ms
[2024-08-28T01:13:47.433+0000][info][gc,cpu         ] GC(73) User=0.01s Sys=0.00s Real=0.00s
[2024-08-28T01:13:47.433+0000][info][gc,marking     ] GC(73) Concurrent Cleanup for Next Mark
[2024-08-28T01:13:47.433+0000][info][gc,marking     ] GC(73) Concurrent Cleanup for Next Mark 0.559ms
[2024-08-28T01:13:47.433+0000][info][gc             ] GC(73) Concurrent Mark Cycle 120.230ms
[2024-08-28T01:13:47.445+0000][info][gc,start       ] GC(76) Pause Young (Prepare Mixed) (G1 Evacuation Pause)
[2024-08-28T01:13:47.445+0000][info][gc,task        ] GC(76) Using 24 workers of 68 for evacuation
[2024-08-28T01:13:47.460+0000][info][gc,phases      ] GC(76)   Pre Evacuate Collection Set: 0.2ms
[2024-08-28T01:13:47.460+0000][info][gc,phases      ] GC(76)   Merge Heap Roots: 0.5ms
[2024-08-28T01:13:47.460+0000][info][gc,phases      ] GC(76)   Evacuate Collection Set: 13.6ms
[2024-08-28T01:13:47.460+0000][info][gc,phases      ] GC(76)   Post Evacuate Collection Set: 0.4ms
[2024-08-28T01:13:47.460+0000][info][gc,phases      ] GC(76)   Other: 0.3ms
[2024-08-28T01:13:47.460+0000][info][gc,heap        ] GC(76) Eden regions: 43->0(44)
[2024-08-28T01:13:47.460+0000][info][gc,heap        ] GC(76) Survivor regions: 8->7(7)
[2024-08-28T01:13:47.460+0000][info][gc,heap        ] GC(76) Old regions: 808->856
[2024-08-28T01:13:47.460+0000][info][gc,heap        ] GC(76) Archive regions: 2->2
[2024-08-28T01:13:47.460+0000][info][gc,heap        ] GC(76) Humongous regions: 5->5
[2024-08-28T01:13:47.460+0000][info][gc,metaspace   ] GC(76) Metaspace: 100K(320K)->100K(320K) NonClass: 96K(192K)->96K(192K) Class: 4K(128K)->4K(128K)
[2024-08-28T01:13:47.460+0000][info][gc             ] GC(76) Pause Young (Prepare Mixed) (G1 Evacuation Pause) 853M->857M(1024M) 15.056ms
[2024-08-28T01:13:47.460+0000][info][gc,cpu         ] GC(76) User=0.33s Sys=0.00s Real=0.02s
[2024-08-28T01:13:47.481+0000][info][gc,start       ] GC(77) Pause Young (Mixed) (G1 Evacuation Pause)
[2024-08-28T01:13:47.481+0000][info][gc,task        ] GC(77) Using 24 workers of 68 for evacuation
[2024-08-28T01:13:47.492+0000][info][gc,phases      ] GC(77)   Pre Evacuate Collection Set: 0.2ms
[2024-08-28T01:13:47.492+0000][info][gc,phases      ] GC(77)   Merge Heap Roots: 0.3ms
[2024-08-28T01:13:47.492+0000][info][gc,phases      ] GC(77)   Evacuate Collection Set: 9.8ms
[2024-08-28T01:13:47.492+0000][info][gc,phases      ] GC(77)   Post Evacuate Collection Set: 0.4ms
[2024-08-28T01:13:47.492+0000][info][gc,phases      ] GC(77)   Other: 0.3ms
[2024-08-28T01:13:47.492+0000][info][gc,heap        ] GC(77) Eden regions: 44->0(44)
[2024-08-28T01:13:47.492+0000][info][gc,heap        ] GC(77) Survivor regions: 7->7(7)
[2024-08-28T01:13:47.492+0000][info][gc,heap        ] GC(77) Old regions: 856->841
[2024-08-28T01:13:47.492+0000][info][gc,heap        ] GC(77) Archive regions: 2->2
[2024-08-28T01:13:47.492+0000][info][gc,heap        ] GC(77) Humongous regions: 5->5
[2024-08-28T01:13:47.492+0000][info][gc,metaspace   ] GC(77) Metaspace: 100K(320K)->100K(320K) NonClass: 96K(192K)->96K(192K) Class: 4K(128K)->4K(128K)
[2024-08-28T01:13:47.492+0000][info][gc             ] GC(77) Pause Young (Mixed) (G1 Evacuation Pause) 901M->843M(1024M) 11.254ms
[2024-08-28T01:13:47.492+0000][info][gc,cpu         ] GC(77) User=0.23s Sys=0.00s Real=0.01s
[2024-08-28T01:13:47.514+0000][info][gc,start       ] GC(78) Pause Young (Mixed) (G1 Evacuation Pause)
[2024-08-28T01:13:47.514+0000][info][gc,task        ] GC(78) Using 24 workers of 68 for evacuation
[2024-08-28T01:13:47.525+0000][info][gc,phases      ] GC(78)   Pre Evacuate Collection Set: 0.2ms
[2024-08-28T01:13:47.525+0000][info][gc,phases      ] GC(78)   Merge Heap Roots: 0.4ms
[2024-08-28T01:13:47.525+0000][info][gc,phases      ] GC(78)   Evacuate Collection Set: 9.8ms
[2024-08-28T01:13:47.525+0000][info][gc,phases      ] GC(78)   Post Evacuate Collection Set: 0.4ms
[2024-08-28T01:13:47.525+0000][info][gc,phases      ] GC(78)   Other: 0.4ms
[2024-08-28T01:13:47.525+0000][info][gc,heap        ] GC(78) Eden regions: 44->0(44)
[2024-08-28T01:13:47.525+0000][info][gc,heap        ] GC(78) Survivor regions: 7->7(7)
[2024-08-28T01:13:47.525+0000][info][gc,heap        ] GC(78) Old regions: 841->826
[2024-08-28T01:13:47.525+0000][info][gc,heap        ] GC(78) Archive regions: 2->2
[2024-08-28T01:13:47.525+0000][info][gc,heap        ] GC(78) Humongous regions: 5->5
[2024-08-28T01:13:47.525+0000][info][gc,metaspace   ] GC(78) Metaspace: 100K(320K)->100K(320K) NonClass: 96K(192K)->96K(192K) Class: 4K(128K)->4K(128K)
[2024-08-28T01:13:47.525+0000][info][gc             ] GC(78) Pause Young (Mixed) (G1 Evacuation Pause) 887M->828M(1024M) 11.254ms
[2024-08-28T01:13:47.525+0000][info][gc,cpu         ] GC(78) User=0.23s Sys=0.01s Real=0.01s
[2024-08-28T01:13:47.547+0000][info][gc,start       ] GC(79) Pause Young (Mixed) (G1 Evacuation Pause)
[2024-08-28T01:13:47.547+0000][info][gc,task        ] GC(79) Using 24 workers of 68 for evacuation
[2024-08-28T01:13:47.558+0000][info][gc,phases      ] GC(79)   Pre Evacuate Collection Set: 0.2ms
[2024-08-28T01:13:47.558+0000][info][gc,phases      ] GC(79)   Merge Heap Roots: 0.3ms
[2024-08-28T01:13:47.558+0000][info][gc,phases      ] GC(79)   Evacuate Collection Set: 9.8ms
[2024-08-28T01:13:47.558+0000][info][gc,phases      ] GC(79)   Post Evacuate Collection Set: 0.5ms
[2024-08-28T01:13:47.558+0000][info][gc,phases      ] GC(79)   Other: 0.4ms
[2024-08-28T01:13:47.558+0000][info][gc,heap        ] GC(79) Eden regions: 44->0(44)
[2024-08-28T01:13:47.558+0000][info][gc,heap        ] GC(79) Survivor regions: 7->7(7)
[2024-08-28T01:13:47.558+0000][info][gc,heap        ] GC(79) Old regions: 826->810
[2024-08-28T01:13:47.558+0000][info][gc,heap        ] GC(79) Archive regions: 2->2
[2024-08-28T01:13:47.558+0000][info][gc,heap        ] GC(79) Humongous regions: 5->5
[2024-08-28T01:13:47.558+0000][info][gc,metaspace   ] GC(79) Metaspace: 100K(320K)->100K(320K) NonClass: 96K(192K)->96K(192K) Class: 4K(128K)->4K(128K)
[2024-08-28T01:13:47.558+0000][info][gc             ] GC(79) Pause Young (Mixed) (G1 Evacuation Pause) 872M->814M(1024M) 11.341ms
[2024-08-28T01:13:47.558+0000][info][gc,cpu         ] GC(79) User=0.24s Sys=0.00s Real=0.02s
[2024-08-28T01:13:47.579+0000][info][gc,start       ] GC(80) Pause Young (Mixed) (G1 Evacuation Pause)
[2024-08-28T01:13:47.579+0000][info][gc,task        ] GC(80) Using 24 workers of 68 for evacuation
[2024-08-28T01:13:47.590+0000][info][gc,phases      ] GC(80)   Pre Evacuate Collection Set: 0.2ms
[2024-08-28T01:13:47.590+0000][info][gc,phases      ] GC(80)   Merge Heap Roots: 0.3ms
[2024-08-28T01:13:47.590+0000][info][gc,phases      ] GC(80)   Evacuate Collection Set: 9.3ms
[2024-08-28T01:13:47.590+0000][info][gc,phases      ] GC(80)   Post Evacuate Collection Set: 0.4ms
[2024-08-28T01:13:47.590+0000][info][gc,phases      ] GC(80)   Other: 0.3ms
[2024-08-28T01:13:47.590+0000][info][gc,heap        ] GC(80) Eden regions: 44->0(44)
[2024-08-28T01:13:47.590+0000][info][gc,heap        ] GC(80) Survivor regions: 7->7(7)
[2024-08-28T01:13:47.590+0000][info][gc,heap        ] GC(80) Old regions: 810->848
[2024-08-28T01:13:47.590+0000][info][gc,heap        ] GC(80) Archive regions: 2->2
[2024-08-28T01:13:47.590+0000][info][gc,heap        ] GC(80) Humongous regions: 5->5
[2024-08-28T01:13:47.590+0000][info][gc,metaspace   ] GC(80) Metaspace: 100K(320K)->100K(320K) NonClass: 96K(192K)->96K(192K) Class: 4K(128K)->4K(128K)
[2024-08-28T01:13:47.590+0000][info][gc             ] GC(80) Pause Young (Mixed) (G1 Evacuation Pause) 858M->854M(1024M) 10.757ms
[2024-08-28T01:13:47.590+0000][info][gc,cpu         ] GC(80) User=0.22s Sys=0.00s Real=0.01s
[2024-08-28T01:13:47.611+0000][info][gc,start       ] GC(81) Pause Young (Concurrent Start) (G1 Evacuation Pause)
[2024-08-28T01:13:47.611+0000][info][gc,task        ] GC(81) Using 24 workers of 68 for evacuation
[2024-08-28T01:13:47.622+0000][info][gc,phases      ] GC(81)   Pre Evacuate Collection Set: 0.2ms
[2024-08-28T01:13:47.622+0000][info][gc,phases      ] GC(81)   Merge Heap Roots: 0.4ms
[2024-08-28T01:13:47.622+0000][info][gc,phases      ] GC(81)   Evacuate Collection Set: 9.5ms
[2024-08-28T01:13:47.622+0000][info][gc,phases      ] GC(81)   Post Evacuate Collection Set: 0.4ms
[2024-08-28T01:13:47.622+0000][info][gc,phases      ] GC(81)   Other: 1.0ms
[2024-08-28T01:13:47.622+0000][info][gc,heap        ] GC(81) Eden regions: 44->0(44)
[2024-08-28T01:13:47.622+0000][info][gc,heap        ] GC(81) Survivor regions: 7->7(7)
[2024-08-28T01:13:47.622+0000][info][gc,heap        ] GC(81) Old regions: 848->894
[2024-08-28T01:13:47.622+0000][info][gc,heap        ] GC(81) Archive regions: 2->2
[2024-08-28T01:13:47.622+0000][info][gc,heap        ] GC(81) Humongous regions: 5->5
[2024-08-28T01:13:47.623+0000][info][gc,metaspace   ] GC(81) Metaspace: 100K(320K)->100K(320K) NonClass: 96K(192K)->96K(192K) Class: 4K(128K)->4K(128K)
[2024-08-28T01:13:47.623+0000][info][gc             ] GC(81) Pause Young (Concurrent Start) (G1 Evacuation Pause) 898M->900M(1024M) 11.592ms
[2024-08-28T01:13:47.623+0000][info][gc,cpu         ] GC(81) User=0.23s Sys=0.00s Real=0.01s
[2024-08-28T01:13:47.623+0000][info][gc             ] GC(82) Concurrent Mark Cycle
[2024-08-28T01:13:47.623+0000][info][gc,marking     ] GC(82) Concurrent Clear Claimed Marks
[2024-08-28T01:13:47.623+0000][info][gc,marking     ] GC(82) Concurrent Clear Claimed Marks 0.010ms
[2024-08-28T01:13:47.623+0000][info][gc,marking     ] GC(82) Concurrent Scan Root Regions
[2024-08-28T01:13:47.624+0000][info][gc,marking     ] GC(82) Concurrent Scan Root Regions 1.502ms
[2024-08-28T01:13:47.624+0000][info][gc,marking     ] GC(82) Concurrent Mark
[2024-08-28T01:13:47.624+0000][info][gc,marking     ] GC(82) Concurrent Mark From Roots
[2024-08-28T01:13:47.624+0000][info][gc,task        ] GC(82) Using 17 workers of 17 for marking
[2024-08-28T01:13:47.647+0000][info][gc,marking     ] GC(82) Concurrent Mark From Roots 22.781ms
[2024-08-28T01:13:47.647+0000][info][gc,marking     ] GC(82) Concurrent Preclean
[2024-08-28T01:13:47.648+0000][info][gc,marking     ] GC(82) Concurrent Preclean 1.031ms
[2024-08-28T01:13:47.649+0000][info][gc,start       ] GC(82) Pause Remark
[2024-08-28T01:13:47.651+0000][info][gc             ] GC(82) Pause Remark 938M->938M(1024M) 2.025ms
[2024-08-28T01:13:47.651+0000][info][gc,cpu         ] GC(82) User=0.01s Sys=0.01s Real=0.01s
[2024-08-28T01:13:47.651+0000][info][gc,marking     ] GC(82) Concurrent Mark 26.385ms
[2024-08-28T01:13:47.651+0000][info][gc,marking     ] GC(82) Concurrent Rebuild Remembered Sets
[2024-08-28T01:13:47.655+0000][info][gc,start       ] GC(83) Pause Young (Normal) (G1 Evacuation Pause)
[2024-08-28T01:13:47.655+0000][info][gc,task        ] GC(83) Using 24 workers of 68 for evacuation
[2024-08-28T01:13:47.665+0000][info][gc,phases      ] GC(83)   Pre Evacuate Collection Set: 0.2ms
[2024-08-28T01:13:47.665+0000][info][gc,phases      ] GC(83)   Merge Heap Roots: 0.6ms
[2024-08-28T01:13:47.665+0000][info][gc,phases      ] GC(83)   Evacuate Collection Set: 9.0ms
[2024-08-28T01:13:47.665+0000][info][gc,phases      ] GC(83)   Post Evacuate Collection Set: 0.5ms
[2024-08-28T01:13:47.665+0000][info][gc,phases      ] GC(83)   Other: 0.3ms
[2024-08-28T01:13:47.665+0000][info][gc,heap        ] GC(83) Eden regions: 44->0(44)
[2024-08-28T01:13:47.666+0000][info][gc,heap        ] GC(83) Survivor regions: 7->7(7)
[2024-08-28T01:13:47.666+0000][info][gc,heap        ] GC(83) Old regions: 894->940
[2024-08-28T01:13:47.666+0000][info][gc,heap        ] GC(83) Archive regions: 2->2
[2024-08-28T01:13:47.666+0000][info][gc,heap        ] GC(83) Humongous regions: 5->5
[2024-08-28T01:13:47.666+0000][info][gc,metaspace   ] GC(83) Metaspace: 100K(320K)->100K(320K) NonClass: 96K(192K)->96K(192K) Class: 4K(128K)->4K(128K)
[2024-08-28T01:13:47.666+0000][info][gc             ] GC(83) Pause Young (Normal) (G1 Evacuation Pause) 944M->946M(1024M) 10.669ms
[2024-08-28T01:13:47.666+0000][info][gc,cpu         ] GC(83) User=0.22s Sys=0.00s Real=0.01s
[2024-08-28T01:13:47.682+0000][info][gc,start       ] GC(84) Pause Young (Normal) (G1 Preventive Collection)
[2024-08-28T01:13:47.682+0000][info][gc,task        ] GC(84) Using 24 workers of 68 for evacuation
[2024-08-28T01:13:47.693+0000][info][gc,phases      ] GC(84)   Pre Evacuate Collection Set: 0.2ms
[2024-08-28T01:13:47.693+0000][info][gc,phases      ] GC(84)   Merge Heap Roots: 0.4ms
[2024-08-28T01:13:47.693+0000][info][gc,phases      ] GC(84)   Evacuate Collection Set: 9.7ms
[2024-08-28T01:13:47.693+0000][info][gc,phases      ] GC(84)   Post Evacuate Collection Set: 0.6ms
[2024-08-28T01:13:47.693+0000][info][gc,phases      ] GC(84)   Other: 0.3ms
[2024-08-28T01:13:47.693+0000][info][gc,heap        ] GC(84) Eden regions: 30->0(44)
[2024-08-28T01:13:47.693+0000][info][gc,heap        ] GC(84) Survivor regions: 7->7(7)
[2024-08-28T01:13:47.693+0000][info][gc,heap        ] GC(84) Old regions: 940->973
[2024-08-28T01:13:47.693+0000][info][gc,heap        ] GC(84) Archive regions: 2->2
[2024-08-28T01:13:47.693+0000][info][gc,heap        ] GC(84) Humongous regions: 5->5
[2024-08-28T01:13:47.693+0000][info][gc,metaspace   ] GC(84) Metaspace: 100K(320K)->100K(320K) NonClass: 96K(192K)->96K(192K) Class: 4K(128K)->4K(128K)
[2024-08-28T01:13:47.693+0000][info][gc             ] GC(84) Pause Young (Normal) (G1 Preventive Collection) 976M->979M(1024M) 11.335ms
[2024-08-28T01:13:47.693+0000][info][gc,cpu         ] GC(84) User=0.24s Sys=0.00s Real=0.01s
[2024-08-28T01:13:47.701+0000][info][gc,start       ] GC(85) Pause Young (Normal) (G1 Preventive Collection)
[2024-08-28T01:13:47.701+0000][info][gc,task        ] GC(85) Using 24 workers of 68 for evacuation
[2024-08-28T01:13:47.711+0000][info][gc             ] GC(85) To-space exhausted
[2024-08-28T01:13:47.712+0000][info][gc,phases      ] GC(85)   Pre Evacuate Collection Set: 0.2ms
[2024-08-28T01:13:47.712+0000][info][gc,phases      ] GC(85)   Merge Heap Roots: 0.8ms
[2024-08-28T01:13:47.712+0000][info][gc,phases      ] GC(85)   Evacuate Collection Set: 8.4ms
[2024-08-28T01:13:47.712+0000][info][gc,phases      ] GC(85)   Post Evacuate Collection Set: 0.9ms
[2024-08-28T01:13:47.712+0000][info][gc,phases      ] GC(85)   Other: 0.3ms
[2024-08-28T01:13:47.712+0000][info][gc,heap        ] GC(85) Eden regions: 14->0(44)
[2024-08-28T01:13:47.712+0000][info][gc,heap        ] GC(85) Survivor regions: 7->7(7)
[2024-08-28T01:13:47.712+0000][info][gc,heap        ] GC(85) Old regions: 973->998
[2024-08-28T01:13:47.712+0000][info][gc,heap        ] GC(85) Archive regions: 2->2
[2024-08-28T01:13:47.712+0000][info][gc,heap        ] GC(85) Humongous regions: 5->5
[2024-08-28T01:13:47.712+0000][info][gc,metaspace   ] GC(85) Metaspace: 100K(320K)->100K(320K) NonClass: 96K(192K)->96K(192K) Class: 4K(128K)->4K(128K)
[2024-08-28T01:13:47.712+0000][info][gc             ] GC(85) Pause Young (Normal) (G1 Preventive Collection) 993M->1004M(1024M) 10.754ms
[2024-08-28T01:13:47.712+0000][info][gc,cpu         ] GC(85) User=0.23s Sys=0.00s Real=0.01s
[2024-08-28T01:13:47.714+0000][info][gc,start       ] GC(86) Pause Young (Normal) (G1 Preventive Collection)
[2024-08-28T01:13:47.714+0000][info][gc,task        ] GC(86) Using 24 workers of 68 for evacuation
[2024-08-28T01:13:47.722+0000][info][gc             ] GC(86) To-space exhausted
[2024-08-28T01:13:47.722+0000][info][gc,phases      ] GC(86)   Pre Evacuate Collection Set: 0.2ms
[2024-08-28T01:13:47.722+0000][info][gc,phases      ] GC(86)   Merge Heap Roots: 0.9ms
[2024-08-28T01:13:47.722+0000][info][gc,phases      ] GC(86)   Evacuate Collection Set: 5.8ms
[2024-08-28T01:13:47.722+0000][info][gc,phases      ] GC(86)   Post Evacuate Collection Set: 0.8ms
[2024-08-28T01:13:47.722+0000][info][gc,phases      ] GC(86)   Other: 0.3ms
[2024-08-28T01:13:47.722+0000][info][gc,heap        ] GC(86) Eden regions: 2->0(49)
[2024-08-28T01:13:47.722+0000][info][gc,heap        ] GC(86) Survivor regions: 7->2(7)
[2024-08-28T01:13:47.722+0000][info][gc,heap        ] GC(86) Old regions: 998->1015
[2024-08-28T01:13:47.722+0000][info][gc,heap        ] GC(86) Archive regions: 2->2
[2024-08-28T01:13:47.722+0000][info][gc,heap        ] GC(86) Humongous regions: 5->5
[2024-08-28T01:13:47.722+0000][info][gc,metaspace   ] GC(86) Metaspace: 100K(320K)->100K(320K) NonClass: 96K(192K)->96K(192K) Class: 4K(128K)->4K(128K)
[2024-08-28T01:13:47.722+0000][info][gc             ] GC(86) Pause Young (Normal) (G1 Preventive Collection) 1006M->1016M(1024M) 8.142ms
[2024-08-28T01:13:47.722+0000][info][gc,cpu         ] GC(86) User=0.15s Sys=0.01s Real=0.01s
[2024-08-28T01:13:47.722+0000][info][gc,ergo        ] Attempting full compaction
[2024-08-28T01:13:47.722+0000][info][gc,task        ] GC(87) Using 24 workers of 68 for full compaction
[2024-08-28T01:13:47.722+0000][info][gc,start       ] GC(87) Pause Full (G1 Compaction Pause)
[2024-08-28T01:13:47.723+0000][info][gc,phases,start] GC(87) Phase 1: Mark live objects
[2024-08-28T01:13:47.736+0000][info][gc,phases      ] GC(87) Phase 1: Mark live objects 13.455ms
[2024-08-28T01:13:47.736+0000][info][gc,phases,start] GC(87) Phase 2: Prepare for compaction
[2024-08-28T01:13:47.744+0000][info][gc,phases      ] GC(87) Phase 2: Prepare for compaction 8.067ms
[2024-08-28T01:13:47.745+0000][info][gc,phases,start] GC(87) Phase 3: Adjust pointers
[2024-08-28T01:13:47.759+0000][info][gc,phases      ] GC(87) Phase 3: Adjust pointers 14.910ms
[2024-08-28T01:13:47.760+0000][info][gc,phases,start] GC(87) Phase 4: Compact heap
[2024-08-28T01:13:47.793+0000][info][gc,phases      ] GC(87) Phase 4: Compact heap 33.578ms
[2024-08-28T01:13:47.794+0000][info][gc,heap        ] GC(87) Eden regions: 0->0(149)
[2024-08-28T01:13:47.794+0000][info][gc,heap        ] GC(87) Survivor regions: 2->0(7)
[2024-08-28T01:13:47.794+0000][info][gc,heap        ] GC(87) Old regions: 1015->444
[2024-08-28T01:13:47.794+0000][info][gc,heap        ] GC(87) Archive regions: 2->2
[2024-08-28T01:13:47.794+0000][info][gc,heap        ] GC(87) Humongous regions: 5->5
[2024-08-28T01:13:47.794+0000][info][gc,metaspace   ] GC(87) Metaspace: 100K(320K)->100K(320K) NonClass: 96K(192K)->96K(192K) Class: 4K(128K)->4K(128K)
[2024-08-28T01:13:47.794+0000][info][gc             ] GC(87) Pause Full (G1 Compaction Pause) 1016M->437M(1024M) 72.199ms
[2024-08-28T01:13:47.794+0000][info][gc,cpu         ] GC(87) User=1.40s Sys=0.02s Real=0.07s
[2024-08-28T01:13:47.795+0000][info][gc,marking     ] GC(82) Concurrent Rebuild Remembered Sets 144.086ms
[2024-08-28T01:13:47.795+0000][info][gc,marking     ] GC(82) Concurrent Mark Abort
[2024-08-28T01:13:47.795+0000][info][gc             ] GC(82) Concurrent Mark Cycle 172.153ms
[2024-08-28T01:13:47.869+0000][info][gc,start       ] GC(88) Pause Young (Normal) (G1 Evacuation Pause)
[2024-08-28T01:13:47.869+0000][info][gc,task        ] GC(88) Using 24 workers of 68 for evacuation
[2024-08-28T01:13:47.891+0000][info][gc,phases      ] GC(88)   Pre Evacuate Collection Set: 0.2ms
[2024-08-28T01:13:47.891+0000][info][gc,phases      ] GC(88)   Merge Heap Roots: 0.4ms
[2024-08-28T01:13:47.891+0000][info][gc,phases      ] GC(88)   Evacuate Collection Set: 20.8ms
[2024-08-28T01:13:47.891+0000][info][gc,phases      ] GC(88)   Post Evacuate Collection Set: 0.4ms
[2024-08-28T01:13:47.891+0000][info][gc,phases      ] GC(88)   Other: 0.3ms
[2024-08-28T01:13:47.891+0000][info][gc,heap        ] GC(88) Eden regions: 149->0(103)
[2024-08-28T01:13:47.891+0000][info][gc,heap        ] GC(88) Survivor regions: 0->19(19)
[2024-08-28T01:13:47.891+0000][info][gc,heap        ] GC(88) Old regions: 444->570
[2024-08-28T01:13:47.891+0000][info][gc,heap        ] GC(88) Archive regions: 2->2
[2024-08-28T01:13:47.891+0000][info][gc,heap        ] GC(88) Humongous regions: 5->5
[2024-08-28T01:13:47.891+0000][info][gc,metaspace   ] GC(88) Metaspace: 100K(320K)->100K(320K) NonClass: 96K(192K)->96K(192K) Class: 4K(128K)->4K(128K)
[2024-08-28T01:13:47.891+0000][info][gc             ] GC(88) Pause Young (Normal) (G1 Evacuation Pause) 586M->582M(1024M) 22.154ms
[2024-08-28T01:13:47.891+0000][info][gc,cpu         ] GC(88) User=0.51s Sys=0.00s Real=0.03s
[2024-08-28T01:13:47.940+0000][info][gc,start       ] GC(89) Pause Young (Concurrent Start) (G1 Evacuation Pause)
[2024-08-28T01:13:47.940+0000][info][gc,task        ] GC(89) Using 24 workers of 68 for evacuation
[2024-08-28T01:13:47.961+0000][info][gc,phases      ] GC(89)   Pre Evacuate Collection Set: 0.2ms
[2024-08-28T01:13:47.961+0000][info][gc,phases      ] GC(89)   Merge Heap Roots: 0.6ms
[2024-08-28T01:13:47.961+0000][info][gc,phases      ] GC(89)   Evacuate Collection Set: 19.3ms
[2024-08-28T01:13:47.961+0000][info][gc,phases      ] GC(89)   Post Evacuate Collection Set: 0.4ms
[2024-08-28T01:13:47.961+0000][info][gc,phases      ] GC(89)   Other: 0.9ms
[2024-08-28T01:13:47.961+0000][info][gc,heap        ] GC(89) Eden regions: 103->0(69)
[2024-08-28T01:13:47.961+0000][info][gc,heap        ] GC(89) Survivor regions: 19->16(16)
[2024-08-28T01:13:47.961+0000][info][gc,heap        ] GC(89) Old regions: 570->678
[2024-08-28T01:13:47.961+0000][info][gc,heap        ] GC(89) Archive regions: 2->2
[2024-08-28T01:13:47.961+0000][info][gc,heap        ] GC(89) Humongous regions: 5->5
[2024-08-28T01:13:47.961+0000][info][gc,metaspace   ] GC(89) Metaspace: 100K(320K)->100K(320K) NonClass: 96K(192K)->96K(192K) Class: 4K(128K)->4K(128K)
[2024-08-28T01:13:47.961+0000][info][gc             ] GC(89) Pause Young (Concurrent Start) (G1 Evacuation Pause) 685M->687M(1024M) 21.440ms
[2024-08-28T01:13:47.961+0000][info][gc,cpu         ] GC(89) User=0.41s Sys=0.05s Real=0.02s
[2024-08-28T01:13:47.961+0000][info][gc             ] GC(90) Concurrent Mark Cycle
[2024-08-28T01:13:47.961+0000][info][gc,marking     ] GC(90) Concurrent Clear Claimed Marks
[2024-08-28T01:13:47.961+0000][info][gc,marking     ] GC(90) Concurrent Clear Claimed Marks 0.011ms
[2024-08-28T01:13:47.961+0000][info][gc,marking     ] GC(90) Concurrent Scan Root Regions
[2024-08-28T01:13:47.965+0000][info][gc,marking     ] GC(90) Concurrent Scan Root Regions 3.288ms
[2024-08-28T01:13:47.965+0000][info][gc,marking     ] GC(90) Concurrent Mark
[2024-08-28T01:13:47.965+0000][info][gc,marking     ] GC(90) Concurrent Mark From Roots
[2024-08-28T01:13:47.965+0000][info][gc,task        ] GC(90) Using 17 workers of 17 for marking
[2024-08-28T01:13:47.985+0000][info][gc,marking     ] GC(90) Concurrent Mark From Roots 19.945ms
[2024-08-28T01:13:47.985+0000][info][gc,marking     ] GC(90) Concurrent Preclean
[2024-08-28T01:13:47.985+0000][info][gc,marking     ] GC(90) Concurrent Preclean 0.507ms
[2024-08-28T01:13:47.985+0000][info][gc,start       ] GC(90) Pause Remark
[2024-08-28T01:13:47.986+0000][info][gc             ] GC(90) Pause Remark 722M->722M(1024M) 1.089ms
[2024-08-28T01:13:47.986+0000][info][gc,cpu         ] GC(90) User=0.00s Sys=0.00s Real=0.00s
[2024-08-28T01:13:47.987+0000][info][gc,marking     ] GC(90) Concurrent Mark 21.795ms
[2024-08-28T01:13:47.987+0000][info][gc,marking     ] GC(90) Concurrent Rebuild Remembered Sets
[2024-08-28T01:13:48.003+0000][info][gc,start       ] GC(91) Pause Young (Normal) (G1 Evacuation Pause)
[2024-08-28T01:13:48.003+0000][info][gc,task        ] GC(91) Using 24 workers of 68 for evacuation
[2024-08-28T01:13:48.019+0000][info][gc,phases      ] GC(91)   Pre Evacuate Collection Set: 0.1ms
[2024-08-28T01:13:48.019+0000][info][gc,phases      ] GC(91)   Merge Heap Roots: 0.3ms
[2024-08-28T01:13:48.019+0000][info][gc,phases      ] GC(91)   Evacuate Collection Set: 15.1ms
[2024-08-28T01:13:48.019+0000][info][gc,phases      ] GC(91)   Post Evacuate Collection Set: 0.6ms
[2024-08-28T01:13:48.019+0000][info][gc,phases      ] GC(91)   Other: 0.2ms
[2024-08-28T01:13:48.019+0000][info][gc,heap        ] GC(91) Eden regions: 69->0(46)
[2024-08-28T01:13:48.019+0000][info][gc,heap        ] GC(91) Survivor regions: 16->11(11)
[2024-08-28T01:13:48.019+0000][info][gc,heap        ] GC(91) Old regions: 678->754
[2024-08-28T01:13:48.019+0000][info][gc,heap        ] GC(91) Archive regions: 2->2
[2024-08-28T01:13:48.019+0000][info][gc,heap        ] GC(91) Humongous regions: 5->5
[2024-08-28T01:13:48.019+0000][info][gc,metaspace   ] GC(91) Metaspace: 100K(320K)->100K(320K) NonClass: 96K(192K)->96K(192K) Class: 4K(128K)->4K(128K)
[2024-08-28T01:13:48.019+0000][info][gc             ] GC(91) Pause Young (Normal) (G1 Evacuation Pause) 756M->758M(1024M) 16.477ms
[2024-08-28T01:13:48.019+0000][info][gc,cpu         ] GC(91) User=0.34s Sys=0.04s Real=0.02s
[2024-08-28T01:13:48.042+0000][info][gc,start       ] GC(92) Pause Young (Normal) (G1 Evacuation Pause)
[2024-08-28T01:13:48.042+0000][info][gc,task        ] GC(92) Using 24 workers of 68 for evacuation
[2024-08-28T01:13:48.062+0000][info][gc,phases      ] GC(92)   Pre Evacuate Collection Set: 0.1ms
[2024-08-28T01:13:48.062+0000][info][gc,phases      ] GC(92)   Merge Heap Roots: 0.7ms
[2024-08-28T01:13:48.062+0000][info][gc,phases      ] GC(92)   Evacuate Collection Set: 18.2ms
[2024-08-28T01:13:48.062+0000][info][gc,phases      ] GC(92)   Post Evacuate Collection Set: 0.7ms
[2024-08-28T01:13:48.062+0000][info][gc,phases      ] GC(92)   Other: 0.2ms
[2024-08-28T01:13:48.062+0000][info][gc,heap        ] GC(92) Eden regions: 46->0(43)
[2024-08-28T01:13:48.062+0000][info][gc,heap        ] GC(92) Survivor regions: 11->8(8)
[2024-08-28T01:13:48.062+0000][info][gc,heap        ] GC(92) Old regions: 754->808
[2024-08-28T01:13:48.062+0000][info][gc,heap        ] GC(92) Archive regions: 2->2
[2024-08-28T01:13:48.062+0000][info][gc,heap        ] GC(92) Humongous regions: 5->5
[2024-08-28T01:13:48.063+0000][info][gc,metaspace   ] GC(92) Metaspace: 100K(320K)->100K(320K) NonClass: 96K(192K)->96K(192K) Class: 4K(128K)->4K(128K)
[2024-08-28T01:13:48.063+0000][info][gc             ] GC(92) Pause Young (Normal) (G1 Evacuation Pause) 804M->809M(1024M) 20.131ms
[2024-08-28T01:13:48.063+0000][info][gc,cpu         ] GC(92) User=0.41s Sys=0.05s Real=0.02s
[2024-08-28T01:13:48.074+0000][info][gc,marking     ] GC(90) Concurrent Rebuild Remembered Sets 87.200ms
[2024-08-28T01:13:48.074+0000][info][gc,start       ] GC(90) Pause Cleanup
[2024-08-28T01:13:48.076+0000][info][gc             ] GC(90) Pause Cleanup 831M->831M(1024M) 1.514ms
[2024-08-28T01:13:48.076+0000][info][gc,cpu         ] GC(90) User=0.00s Sys=0.00s Real=0.00s
[2024-08-28T01:13:48.076+0000][info][gc,marking     ] GC(90) Concurrent Cleanup for Next Mark
[2024-08-28T01:13:48.076+0000][info][gc,marking     ] GC(90) Concurrent Cleanup for Next Mark 0.636ms
[2024-08-28T01:13:48.076+0000][info][gc             ] GC(90) Concurrent Mark Cycle 114.893ms
[2024-08-28T01:13:48.087+0000][info][gc,start       ] GC(93) Pause Young (Prepare Mixed) (G1 Evacuation Pause)
[2024-08-28T01:13:48.087+0000][info][gc,task        ] GC(93) Using 24 workers of 68 for evacuation
[2024-08-28T01:13:48.104+0000][info][gc,phases      ] GC(93)   Pre Evacuate Collection Set: 0.2ms
[2024-08-28T01:13:48.105+0000][info][gc,phases      ] GC(93)   Merge Heap Roots: 0.5ms
[2024-08-28T01:13:48.105+0000][info][gc,phases      ] GC(93)   Evacuate Collection Set: 16.2ms
[2024-08-28T01:13:48.105+0000][info][gc,phases      ] GC(93)   Post Evacuate Collection Set: 0.3ms
[2024-08-28T01:13:48.105+0000][info][gc,phases      ] GC(93)   Other: 0.2ms
[2024-08-28T01:13:48.105+0000][info][gc,heap        ] GC(93) Eden regions: 43->0(44)
[2024-08-28T01:13:48.105+0000][info][gc,heap        ] GC(93) Survivor regions: 8->7(7)
[2024-08-28T01:13:48.105+0000][info][gc,heap        ] GC(93) Old regions: 808->855
[2024-08-28T01:13:48.105+0000][info][gc,heap        ] GC(93) Archive regions: 2->2
[2024-08-28T01:13:48.105+0000][info][gc,heap        ] GC(93) Humongous regions: 5->5
[2024-08-28T01:13:48.105+0000][info][gc,metaspace   ] GC(93) Metaspace: 100K(320K)->100K(320K) NonClass: 96K(192K)->96K(192K) Class: 4K(128K)->4K(128K)
[2024-08-28T01:13:48.105+0000][info][gc             ] GC(93) Pause Young (Prepare Mixed) (G1 Evacuation Pause) 852M->855M(1024M) 17.426ms
[2024-08-28T01:13:48.105+0000][info][gc,cpu         ] GC(93) User=0.39s Sys=0.01s Real=0.02s
[2024-08-28T01:13:48.127+0000][info][gc,start       ] GC(94) Pause Young (Mixed) (G1 Evacuation Pause)
[2024-08-28T01:13:48.127+0000][info][gc,task        ] GC(94) Using 24 workers of 68 for evacuation
[2024-08-28T01:13:48.138+0000][info][gc,phases      ] GC(94)   Pre Evacuate Collection Set: 0.2ms
[2024-08-28T01:13:48.138+0000][info][gc,phases      ] GC(94)   Merge Heap Roots: 0.3ms
[2024-08-28T01:13:48.138+0000][info][gc,phases      ] GC(94)   Evacuate Collection Set: 10.2ms
[2024-08-28T01:13:48.138+0000][info][gc,phases      ] GC(94)   Post Evacuate Collection Set: 0.4ms
[2024-08-28T01:13:48.138+0000][info][gc,phases      ] GC(94)   Other: 0.3ms
[2024-08-28T01:13:48.138+0000][info][gc,heap        ] GC(94) Eden regions: 44->0(44)
[2024-08-28T01:13:48.138+0000][info][gc,heap        ] GC(94) Survivor regions: 7->7(7)
[2024-08-28T01:13:48.138+0000][info][gc,heap        ] GC(94) Old regions: 855->840
[2024-08-28T01:13:48.138+0000][info][gc,heap        ] GC(94) Archive regions: 2->2
[2024-08-28T01:13:48.138+0000][info][gc,heap        ] GC(94) Humongous regions: 5->5
[2024-08-28T01:13:48.138+0000][info][gc,metaspace   ] GC(94) Metaspace: 100K(320K)->100K(320K) NonClass: 96K(192K)->96K(192K) Class: 4K(128K)->4K(128K)
[2024-08-28T01:13:48.138+0000][info][gc             ] GC(94) Pause Young (Mixed) (G1 Evacuation Pause) 899M->840M(1024M) 11.519ms
[2024-08-28T01:13:48.138+0000][info][gc,cpu         ] GC(94) User=0.25s Sys=0.00s Real=0.02s
[2024-08-28T01:13:48.160+0000][info][gc,start       ] GC(95) Pause Young (Mixed) (G1 Evacuation Pause)
[2024-08-28T01:13:48.160+0000][info][gc,task        ] GC(95) Using 24 workers of 68 for evacuation
[2024-08-28T01:13:48.171+0000][info][gc,phases      ] GC(95)   Pre Evacuate Collection Set: 0.2ms
[2024-08-28T01:13:48.171+0000][info][gc,phases      ] GC(95)   Merge Heap Roots: 0.3ms
[2024-08-28T01:13:48.171+0000][info][gc,phases      ] GC(95)   Evacuate Collection Set: 10.1ms
[2024-08-28T01:13:48.171+0000][info][gc,phases      ] GC(95)   Post Evacuate Collection Set: 0.3ms
[2024-08-28T01:13:48.171+0000][info][gc,phases      ] GC(95)   Other: 0.2ms
[2024-08-28T01:13:48.171+0000][info][gc,heap        ] GC(95) Eden regions: 44->0(44)
[2024-08-28T01:13:48.171+0000][info][gc,heap        ] GC(95) Survivor regions: 7->7(7)
[2024-08-28T01:13:48.171+0000][info][gc,heap        ] GC(95) Old regions: 840->825
[2024-08-28T01:13:48.171+0000][info][gc,heap        ] GC(95) Archive regions: 2->2
[2024-08-28T01:13:48.172+0000][info][gc,heap        ] GC(95) Humongous regions: 5->5
[2024-08-28T01:13:48.172+0000][info][gc,metaspace   ] GC(95) Metaspace: 100K(320K)->100K(320K) NonClass: 96K(192K)->96K(192K) Class: 4K(128K)->4K(128K)
[2024-08-28T01:13:48.172+0000][info][gc             ] GC(95) Pause Young (Mixed) (G1 Evacuation Pause) 884M->825M(1024M) 11.314ms
[2024-08-28T01:13:48.172+0000][info][gc,cpu         ] GC(95) User=0.25s Sys=0.00s Real=0.01s
[2024-08-28T01:13:48.193+0000][info][gc,start       ] GC(96) Pause Young (Mixed) (G1 Evacuation Pause)
[2024-08-28T01:13:48.193+0000][info][gc,task        ] GC(96) Using 24 workers of 68 for evacuation
[2024-08-28T01:13:48.204+0000][info][gc,phases      ] GC(96)   Pre Evacuate Collection Set: 0.2ms
[2024-08-28T01:13:48.204+0000][info][gc,phases      ] GC(96)   Merge Heap Roots: 0.3ms
[2024-08-28T01:13:48.204+0000][info][gc,phases      ] GC(96)   Evacuate Collection Set: 9.8ms
[2024-08-28T01:13:48.204+0000][info][gc,phases      ] GC(96)   Post Evacuate Collection Set: 0.4ms
[2024-08-28T01:13:48.204+0000][info][gc,phases      ] GC(96)   Other: 0.3ms
[2024-08-28T01:13:48.204+0000][info][gc,heap        ] GC(96) Eden regions: 44->0(44)
[2024-08-28T01:13:48.204+0000][info][gc,heap        ] GC(96) Survivor regions: 7->7(7)
[2024-08-28T01:13:48.204+0000][info][gc,heap        ] GC(96) Old regions: 825->810
[2024-08-28T01:13:48.204+0000][info][gc,heap        ] GC(96) Archive regions: 2->2
[2024-08-28T01:13:48.204+0000][info][gc,heap        ] GC(96) Humongous regions: 5->5
[2024-08-28T01:13:48.204+0000][info][gc,metaspace   ] GC(96) Metaspace: 100K(320K)->100K(320K) NonClass: 96K(192K)->96K(192K) Class: 4K(128K)->4K(128K)
[2024-08-28T01:13:48.204+0000][info][gc             ] GC(96) Pause Young (Mixed) (G1 Evacuation Pause) 869M->811M(1024M) 11.155ms
[2024-08-28T01:13:48.204+0000][info][gc,cpu         ] GC(96) User=0.25s Sys=0.00s Real=0.01s
[2024-08-28T01:13:48.226+0000][info][gc,start       ] GC(97) Pause Young (Mixed) (G1 Evacuation Pause)
[2024-08-28T01:13:48.226+0000][info][gc,task        ] GC(97) Using 24 workers of 68 for evacuation
[2024-08-28T01:13:48.236+0000][info][gc,phases      ] GC(97)   Pre Evacuate Collection Set: 0.2ms
[2024-08-28T01:13:48.236+0000][info][gc,phases      ] GC(97)   Merge Heap Roots: 0.3ms
[2024-08-28T01:13:48.236+0000][info][gc,phases      ] GC(97)   Evacuate Collection Set: 9.5ms
[2024-08-28T01:13:48.236+0000][info][gc,phases      ] GC(97)   Post Evacuate Collection Set: 0.3ms
[2024-08-28T01:13:48.236+0000][info][gc,phases      ] GC(97)   Other: 0.2ms
[2024-08-28T01:13:48.236+0000][info][gc,heap        ] GC(97) Eden regions: 44->0(44)
[2024-08-28T01:13:48.236+0000][info][gc,heap        ] GC(97) Survivor regions: 7->7(7)
[2024-08-28T01:13:48.236+0000][info][gc,heap        ] GC(97) Old regions: 810->846
[2024-08-28T01:13:48.236+0000][info][gc,heap        ] GC(97) Archive regions: 2->2
[2024-08-28T01:13:48.236+0000][info][gc,heap        ] GC(97) Humongous regions: 5->5
[2024-08-28T01:13:48.236+0000][info][gc,metaspace   ] GC(97) Metaspace: 100K(320K)->100K(320K) NonClass: 96K(192K)->96K(192K) Class: 4K(128K)->4K(128K)
[2024-08-28T01:13:48.236+0000][info][gc             ] GC(97) Pause Young (Mixed) (G1 Evacuation Pause) 855M->848M(1024M) 10.578ms
[2024-08-28T01:13:48.236+0000][info][gc,cpu         ] GC(97) User=0.23s Sys=0.00s Real=0.01s
[2024-08-28T01:13:48.258+0000][info][gc,start       ] GC(98) Pause Young (Concurrent Start) (G1 Evacuation Pause)
[2024-08-28T01:13:48.258+0000][info][gc,task        ] GC(98) Using 24 workers of 68 for evacuation
[2024-08-28T01:13:48.269+0000][info][gc,phases      ] GC(98)   Pre Evacuate Collection Set: 0.2ms
[2024-08-28T01:13:48.269+0000][info][gc,phases      ] GC(98)   Merge Heap Roots: 0.3ms
[2024-08-28T01:13:48.269+0000][info][gc,phases      ] GC(98)   Evacuate Collection Set: 9.4ms
[2024-08-28T01:13:48.269+0000][info][gc,phases      ] GC(98)   Post Evacuate Collection Set: 0.4ms
[2024-08-28T01:13:48.269+0000][info][gc,phases      ] GC(98)   Other: 0.9ms
[2024-08-28T01:13:48.269+0000][info][gc,heap        ] GC(98) Eden regions: 44->0(44)
[2024-08-28T01:13:48.269+0000][info][gc,heap        ] GC(98) Survivor regions: 7->7(7)
[2024-08-28T01:13:48.269+0000][info][gc,heap        ] GC(98) Old regions: 846->893
[2024-08-28T01:13:48.269+0000][info][gc,heap        ] GC(98) Archive regions: 2->2
[2024-08-28T01:13:48.269+0000][info][gc,heap        ] GC(98) Humongous regions: 5->5
[2024-08-28T01:13:48.269+0000][info][gc,metaspace   ] GC(98) Metaspace: 100K(320K)->100K(320K) NonClass: 96K(192K)->96K(192K) Class: 4K(128K)->4K(128K)
[2024-08-28T01:13:48.269+0000][info][gc             ] GC(98) Pause Young (Concurrent Start) (G1 Evacuation Pause) 892M->896M(1024M) 11.305ms
[2024-08-28T01:13:48.269+0000][info][gc,cpu         ] GC(98) User=0.23s Sys=0.01s Real=0.00s
[2024-08-28T01:13:48.269+0000][info][gc             ] GC(99) Concurrent Mark Cycle
[2024-08-28T01:13:48.269+0000][info][gc,marking     ] GC(99) Concurrent Clear Claimed Marks
[2024-08-28T01:13:48.269+0000][info][gc,marking     ] GC(99) Concurrent Clear Claimed Marks 0.010ms
[2024-08-28T01:13:48.269+0000][info][gc,marking     ] GC(99) Concurrent Scan Root Regions
[2024-08-28T01:13:48.271+0000][info][gc,marking     ] GC(99) Concurrent Scan Root Regions 1.686ms
[2024-08-28T01:13:48.271+0000][info][gc,marking     ] GC(99) Concurrent Mark
[2024-08-28T01:13:48.271+0000][info][gc,marking     ] GC(99) Concurrent Mark From Roots
[2024-08-28T01:13:48.271+0000][info][gc,task        ] GC(99) Using 17 workers of 17 for marking
[2024-08-28T01:13:48.294+0000][info][gc,marking     ] GC(99) Concurrent Mark From Roots 22.616ms
[2024-08-28T01:13:48.294+0000][info][gc,marking     ] GC(99) Concurrent Preclean
[2024-08-28T01:13:48.294+0000][info][gc,marking     ] GC(99) Concurrent Preclean 0.505ms
[2024-08-28T01:13:48.294+0000][info][gc,start       ] GC(99) Pause Remark
[2024-08-28T01:13:48.296+0000][info][gc             ] GC(99) Pause Remark 932M->932M(1024M) 1.565ms
[2024-08-28T01:13:48.296+0000][info][gc,cpu         ] GC(99) User=0.01s Sys=0.00s Real=0.00s
[2024-08-28T01:13:48.296+0000][info][gc,marking     ] GC(99) Concurrent Mark 25.065ms
[2024-08-28T01:13:48.296+0000][info][gc,marking     ] GC(99) Concurrent Rebuild Remembered Sets
[2024-08-28T01:13:48.301+0000][info][gc,start       ] GC(100) Pause Young (Normal) (G1 Evacuation Pause)
[2024-08-28T01:13:48.301+0000][info][gc,task        ] GC(100) Using 24 workers of 68 for evacuation
[2024-08-28T01:13:48.311+0000][info][gc,phases      ] GC(100)   Pre Evacuate Collection Set: 0.2ms
[2024-08-28T01:13:48.311+0000][info][gc,phases      ] GC(100)   Merge Heap Roots: 0.6ms
[2024-08-28T01:13:48.311+0000][info][gc,phases      ] GC(100)   Evacuate Collection Set: 9.1ms
[2024-08-28T01:13:48.311+0000][info][gc,phases      ] GC(100)   Post Evacuate Collection Set: 0.4ms
[2024-08-28T01:13:48.311+0000][info][gc,phases      ] GC(100)   Other: 0.3ms
[2024-08-28T01:13:48.311+0000][info][gc,heap        ] GC(100) Eden regions: 44->0(44)
[2024-08-28T01:13:48.311+0000][info][gc,heap        ] GC(100) Survivor regions: 7->7(7)
[2024-08-28T01:13:48.311+0000][info][gc,heap        ] GC(100) Old regions: 893->939
[2024-08-28T01:13:48.311+0000][info][gc,heap        ] GC(100) Archive regions: 2->2
[2024-08-28T01:13:48.311+0000][info][gc,heap        ] GC(100) Humongous regions: 5->5
[2024-08-28T01:13:48.311+0000][info][gc,metaspace   ] GC(100) Metaspace: 100K(320K)->100K(320K) NonClass: 96K(192K)->96K(192K) Class: 4K(128K)->4K(128K)
[2024-08-28T01:13:48.311+0000][info][gc             ] GC(100) Pause Young (Normal) (G1 Evacuation Pause) 940M->942M(1024M) 10.696ms
[2024-08-28T01:13:48.311+0000][info][gc,cpu         ] GC(100) User=0.23s Sys=0.00s Real=0.01s
[2024-08-28T01:13:48.327+0000][info][gc,start       ] GC(101) Pause Young (Normal) (G1 Preventive Collection)
[2024-08-28T01:13:48.327+0000][info][gc,task        ] GC(101) Using 24 workers of 68 for evacuation
[2024-08-28T01:13:48.338+0000][info][gc,phases      ] GC(101)   Pre Evacuate Collection Set: 0.2ms
[2024-08-28T01:13:48.338+0000][info][gc,phases      ] GC(101)   Merge Heap Roots: 0.3ms
[2024-08-28T01:13:48.338+0000][info][gc,phases      ] GC(101)   Evacuate Collection Set: 10.2ms
[2024-08-28T01:13:48.338+0000][info][gc,phases      ] GC(101)   Post Evacuate Collection Set: 0.6ms
[2024-08-28T01:13:48.338+0000][info][gc,phases      ] GC(101)   Other: 0.3ms
[2024-08-28T01:13:48.338+0000][info][gc,heap        ] GC(101) Eden regions: 30->0(44)
[2024-08-28T01:13:48.338+0000][info][gc,heap        ] GC(101) Survivor regions: 7->7(7)
[2024-08-28T01:13:48.338+0000][info][gc,heap        ] GC(101) Old regions: 939->973
[2024-08-28T01:13:48.338+0000][info][gc,heap        ] GC(101) Archive regions: 2->2
[2024-08-28T01:13:48.338+0000][info][gc,heap        ] GC(101) Humongous regions: 5->5
[2024-08-28T01:13:48.338+0000][info][gc,metaspace   ] GC(101) Metaspace: 100K(320K)->100K(320K) NonClass: 96K(192K)->96K(192K) Class: 4K(128K)->4K(128K)
[2024-08-28T01:13:48.338+0000][info][gc             ] GC(101) Pause Young (Normal) (G1 Preventive Collection) 972M->976M(1024M) 11.723ms
[2024-08-28T01:13:48.339+0000][info][gc,cpu         ] GC(101) User=0.24s Sys=0.02s Real=0.02s
[2024-08-28T01:13:48.346+0000][info][gc,start       ] GC(102) Pause Young (Normal) (G1 Preventive Collection)
[2024-08-28T01:13:48.346+0000][info][gc,task        ] GC(102) Using 24 workers of 68 for evacuation
[2024-08-28T01:13:48.357+0000][info][gc             ] GC(102) To-space exhausted
[2024-08-28T01:13:48.357+0000][info][gc,phases      ] GC(102)   Pre Evacuate Collection Set: 0.2ms
[2024-08-28T01:13:48.357+0000][info][gc,phases      ] GC(102)   Merge Heap Roots: 0.8ms
[2024-08-28T01:13:48.357+0000][info][gc,phases      ] GC(102)   Evacuate Collection Set: 8.7ms
[2024-08-28T01:13:48.357+0000][info][gc,phases      ] GC(102)   Post Evacuate Collection Set: 1.0ms
[2024-08-28T01:13:48.357+0000][info][gc,phases      ] GC(102)   Other: 0.3ms
[2024-08-28T01:13:48.357+0000][info][gc,heap        ] GC(102) Eden regions: 14->0(44)
[2024-08-28T01:13:48.357+0000][info][gc,heap        ] GC(102) Survivor regions: 7->7(7)
[2024-08-28T01:13:48.357+0000][info][gc,heap        ] GC(102) Old regions: 973->1007
[2024-08-28T01:13:48.357+0000][info][gc,heap        ] GC(102) Archive regions: 2->2
[2024-08-28T01:13:48.357+0000][info][gc,heap        ] GC(102) Humongous regions: 5->5
[2024-08-28T01:13:48.357+0000][info][gc,metaspace   ] GC(102) Metaspace: 100K(320K)->100K(320K) NonClass: 96K(192K)->96K(192K) Class: 4K(128K)->4K(128K)
[2024-08-28T01:13:48.357+0000][info][gc             ] GC(102) Pause Young (Normal) (G1 Preventive Collection) 990M->1010M(1024M) 11.116ms
[2024-08-28T01:13:48.357+0000][info][gc,cpu         ] GC(102) User=0.24s Sys=0.00s Real=0.01s
[2024-08-28T01:13:48.358+0000][info][gc,start       ] GC(103) Pause Young (Normal) (G1 Preventive Collection)
[2024-08-28T01:13:48.358+0000][info][gc,task        ] GC(103) Using 24 workers of 68 for evacuation
[2024-08-28T01:13:48.366+0000][info][gc             ] GC(103) To-space exhausted
[2024-08-28T01:13:48.366+0000][info][gc,phases      ] GC(103)   Pre Evacuate Collection Set: 0.1ms
[2024-08-28T01:13:48.366+0000][info][gc,phases      ] GC(103)   Merge Heap Roots: 1.0ms
[2024-08-28T01:13:48.366+0000][info][gc,phases      ] GC(103)   Evacuate Collection Set: 5.6ms
[2024-08-28T01:13:48.366+0000][info][gc,phases      ] GC(103)   Post Evacuate Collection Set: 0.9ms
[2024-08-28T01:13:48.366+0000][info][gc,phases      ] GC(103)   Other: 0.2ms
[2024-08-28T01:13:48.366+0000][info][gc,heap        ] GC(103) Eden regions: 1->0(50)
[2024-08-28T01:13:48.366+0000][info][gc,heap        ] GC(103) Survivor regions: 7->1(2)
[2024-08-28T01:13:48.366+0000][info][gc,heap        ] GC(103) Old regions: 1007->1016
[2024-08-28T01:13:48.366+0000][info][gc,heap        ] GC(103) Archive regions: 2->2
[2024-08-28T01:13:48.366+0000][info][gc,heap        ] GC(103) Humongous regions: 5->5
[2024-08-28T01:13:48.366+0000][info][gc,metaspace   ] GC(103) Metaspace: 100K(320K)->100K(320K) NonClass: 96K(192K)->96K(192K) Class: 4K(128K)->4K(128K)
[2024-08-28T01:13:48.366+0000][info][gc             ] GC(103) Pause Young (Normal) (G1 Preventive Collection) 1011M->1013M(1024M) 7.974ms
[2024-08-28T01:13:48.366+0000][info][gc,cpu         ] GC(103) User=0.16s Sys=0.00s Real=0.00s
[2024-08-28T01:13:48.366+0000][info][gc,ergo        ] Attempting full compaction
[2024-08-28T01:13:48.367+0000][info][gc,task        ] GC(104) Using 24 workers of 68 for full compaction
[2024-08-28T01:13:48.367+0000][info][gc,start       ] GC(104) Pause Full (G1 Compaction Pause)
[2024-08-28T01:13:48.367+0000][info][gc,phases,start] GC(104) Phase 1: Mark live objects
[2024-08-28T01:13:48.381+0000][info][gc,phases      ] GC(104) Phase 1: Mark live objects 13.947ms
[2024-08-28T01:13:48.381+0000][info][gc,phases,start] GC(104) Phase 2: Prepare for compaction
[2024-08-28T01:13:48.390+0000][info][gc,phases      ] GC(104) Phase 2: Prepare for compaction 8.636ms
[2024-08-28T01:13:48.390+0000][info][gc,phases,start] GC(104) Phase 3: Adjust pointers
[2024-08-28T01:13:48.405+0000][info][gc,phases      ] GC(104) Phase 3: Adjust pointers 14.378ms
[2024-08-28T01:13:48.405+0000][info][gc,phases,start] GC(104) Phase 4: Compact heap
[2024-08-28T01:13:48.433+0000][info][gc,phases      ] GC(104) Phase 4: Compact heap 28.556ms
[2024-08-28T01:13:48.435+0000][info][gc,heap        ] GC(104) Eden regions: 0->0(149)
[2024-08-28T01:13:48.435+0000][info][gc,heap        ] GC(104) Survivor regions: 1->0(2)
[2024-08-28T01:13:48.435+0000][info][gc,heap        ] GC(104) Old regions: 1016->444
[2024-08-28T01:13:48.435+0000][info][gc,heap        ] GC(104) Archive regions: 2->2
[2024-08-28T01:13:48.435+0000][info][gc,heap        ] GC(104) Humongous regions: 5->5
[2024-08-28T01:13:48.435+0000][info][gc,metaspace   ] GC(104) Metaspace: 100K(320K)->100K(320K) NonClass: 96K(192K)->96K(192K) Class: 4K(128K)->4K(128K)
[2024-08-28T01:13:48.435+0000][info][gc             ] GC(104) Pause Full (G1 Compaction Pause) 1013M->436M(1024M) 68.081ms
[2024-08-28T01:13:48.435+0000][info][gc,cpu         ] GC(104) User=1.45s Sys=0.01s Real=0.07s
[2024-08-28T01:13:48.435+0000][info][gc,marking     ] GC(99) Concurrent Rebuild Remembered Sets 139.376ms
[2024-08-28T01:13:48.435+0000][info][gc,marking     ] GC(99) Concurrent Mark Abort
[2024-08-28T01:13:48.435+0000][info][gc             ] GC(99) Concurrent Mark Cycle 166.287ms
[2024-08-28T01:13:48.511+0000][info][gc,start       ] GC(105) Pause Young (Normal) (G1 Evacuation Pause)
[2024-08-28T01:13:48.511+0000][info][gc,task        ] GC(105) Using 24 workers of 68 for evacuation
[2024-08-28T01:13:48.533+0000][info][gc,phases      ] GC(105)   Pre Evacuate Collection Set: 0.2ms
[2024-08-28T01:13:48.533+0000][info][gc,phases      ] GC(105)   Merge Heap Roots: 0.4ms
[2024-08-28T01:13:48.533+0000][info][gc,phases      ] GC(105)   Evacuate Collection Set: 20.7ms
[2024-08-28T01:13:48.533+0000][info][gc,phases      ] GC(105)   Post Evacuate Collection Set: 0.4ms
[2024-08-28T01:13:48.533+0000][info][gc,phases      ] GC(105)   Other: 0.3ms
[2024-08-28T01:13:48.533+0000][info][gc,heap        ] GC(105) Eden regions: 149->0(103)
[2024-08-28T01:13:48.533+0000][info][gc,heap        ] GC(105) Survivor regions: 0->19(19)
[2024-08-28T01:13:48.533+0000][info][gc,heap        ] GC(105) Old regions: 444->569
[2024-08-28T01:13:48.533+0000][info][gc,heap        ] GC(105) Archive regions: 2->2
[2024-08-28T01:13:48.533+0000][info][gc,heap        ] GC(105) Humongous regions: 5->5
[2024-08-28T01:13:48.533+0000][info][gc,metaspace   ] GC(105) Metaspace: 100K(320K)->100K(320K) NonClass: 96K(192K)->96K(192K) Class: 4K(128K)->4K(128K)
[2024-08-28T01:13:48.533+0000][info][gc             ] GC(105) Pause Young (Normal) (G1 Evacuation Pause) 585M->580M(1024M) 22.204ms
[2024-08-28T01:13:48.533+0000][info][gc,cpu         ] GC(105) User=0.49s Sys=0.01s Real=0.02s
[2024-08-28T01:13:48.582+0000][info][gc,start       ] GC(106) Pause Young (Concurrent Start) (G1 Evacuation Pause)
[2024-08-28T01:13:48.582+0000][info][gc,task        ] GC(106) Using 24 workers of 68 for evacuation
[2024-08-28T01:13:48.602+0000][info][gc,phases      ] GC(106)   Pre Evacuate Collection Set: 0.2ms
[2024-08-28T01:13:48.602+0000][info][gc,phases      ] GC(106)   Merge Heap Roots: 0.6ms
[2024-08-28T01:13:48.602+0000][info][gc,phases      ] GC(106)   Evacuate Collection Set: 18.0ms
[2024-08-28T01:13:48.603+0000][info][gc,phases      ] GC(106)   Post Evacuate Collection Set: 0.4ms
[2024-08-28T01:13:48.603+0000][info][gc,phases      ] GC(106)   Other: 1.0ms
[2024-08-28T01:13:48.603+0000][info][gc,heap        ] GC(106) Eden regions: 103->0(70)
[2024-08-28T01:13:48.603+0000][info][gc,heap        ] GC(106) Survivor regions: 19->16(16)
[2024-08-28T01:13:48.603+0000][info][gc,heap        ] GC(106) Old regions: 569->677
[2024-08-28T01:13:48.603+0000][info][gc,heap        ] GC(106) Archive regions: 2->2
[2024-08-28T01:13:48.603+0000][info][gc,heap        ] GC(106) Humongous regions: 5->5
[2024-08-28T01:13:48.603+0000][info][gc,metaspace   ] GC(106) Metaspace: 100K(320K)->100K(320K) NonClass: 96K(192K)->96K(192K) Class: 4K(128K)->4K(128K)
[2024-08-28T01:13:48.603+0000][info][gc             ] GC(106) Pause Young (Concurrent Start) (G1 Evacuation Pause) 683M->685M(1024M) 20.366ms
[2024-08-28T01:13:48.603+0000][info][gc,cpu         ] GC(106) User=0.45s Sys=0.00s Real=0.02s
[2024-08-28T01:13:48.603+0000][info][gc             ] GC(107) Concurrent Mark Cycle
[2024-08-28T01:13:48.603+0000][info][gc,marking     ] GC(107) Concurrent Clear Claimed Marks
[2024-08-28T01:13:48.603+0000][info][gc,marking     ] GC(107) Concurrent Clear Claimed Marks 0.010ms
[2024-08-28T01:13:48.603+0000][info][gc,marking     ] GC(107) Concurrent Scan Root Regions
[2024-08-28T01:13:48.606+0000][info][gc,marking     ] GC(107) Concurrent Scan Root Regions 3.443ms
[2024-08-28T01:13:48.606+0000][info][gc,marking     ] GC(107) Concurrent Mark
[2024-08-28T01:13:48.606+0000][info][gc,marking     ] GC(107) Concurrent Mark From Roots
[2024-08-28T01:13:48.606+0000][info][gc,task        ] GC(107) Using 17 workers of 17 for marking
[2024-08-28T01:13:48.627+0000][info][gc,marking     ] GC(107) Concurrent Mark From Roots 20.468ms
[2024-08-28T01:13:48.627+0000][info][gc,marking     ] GC(107) Concurrent Preclean
[2024-08-28T01:13:48.627+0000][info][gc,marking     ] GC(107) Concurrent Preclean 0.503ms
[2024-08-28T01:13:48.628+0000][info][gc,start       ] GC(107) Pause Remark
[2024-08-28T01:13:48.629+0000][info][gc             ] GC(107) Pause Remark 720M->720M(1024M) 1.522ms
[2024-08-28T01:13:48.629+0000][info][gc,cpu         ] GC(107) User=0.01s Sys=0.00s Real=0.00s
[2024-08-28T01:13:48.629+0000][info][gc,marking     ] GC(107) Concurrent Mark 22.937ms
[2024-08-28T01:13:48.629+0000][info][gc,marking     ] GC(107) Concurrent Rebuild Remembered Sets
[2024-08-28T01:13:48.645+0000][info][gc,marking     ] GC(107) Concurrent Rebuild Remembered Sets 16.191ms
[2024-08-28T01:13:48.646+0000][info][gc,start       ] GC(107) Pause Cleanup
[2024-08-28T01:13:48.647+0000][info][gc             ] GC(107) Pause Cleanup 747M->747M(1024M) 1.522ms
[2024-08-28T01:13:48.647+0000][info][gc,cpu         ] GC(107) User=0.01s Sys=0.00s Real=0.00s
[2024-08-28T01:13:48.647+0000][info][gc,marking     ] GC(107) Concurrent Cleanup for Next Mark
[2024-08-28T01:13:48.648+0000][info][gc,marking     ] GC(107) Concurrent Cleanup for Next Mark 0.613ms
[2024-08-28T01:13:48.648+0000][info][gc             ] GC(107) Concurrent Mark Cycle 45.196ms
[2024-08-28T01:13:48.652+0000][info][gc,start       ] GC(108) Pause Young (Prepare Mixed) (G1 Evacuation Pause)
[2024-08-28T01:13:48.652+0000][info][gc,task        ] GC(108) Using 24 workers of 68 for evacuation
[2024-08-28T01:13:48.667+0000][info][gc,phases      ] GC(108)   Pre Evacuate Collection Set: 0.1ms
[2024-08-28T01:13:48.667+0000][info][gc,phases      ] GC(108)   Merge Heap Roots: 0.4ms
[2024-08-28T01:13:48.667+0000][info][gc,phases      ] GC(108)   Evacuate Collection Set: 14.1ms
[2024-08-28T01:13:48.667+0000][info][gc,phases      ] GC(108)   Post Evacuate Collection Set: 0.4ms
[2024-08-28T01:13:48.667+0000][info][gc,phases      ] GC(108)   Other: 0.2ms
[2024-08-28T01:13:48.667+0000][info][gc,heap        ] GC(108) Eden regions: 70->0(40)
[2024-08-28T01:13:48.667+0000][info][gc,heap        ] GC(108) Survivor regions: 16->11(11)
[2024-08-28T01:13:48.667+0000][info][gc,heap        ] GC(108) Old regions: 677->754
[2024-08-28T01:13:48.667+0000][info][gc,heap        ] GC(108) Archive regions: 2->2
[2024-08-28T01:13:48.667+0000][info][gc,heap        ] GC(108) Humongous regions: 5->5
[2024-08-28T01:13:48.667+0000][info][gc,metaspace   ] GC(108) Metaspace: 100K(320K)->100K(320K) NonClass: 96K(192K)->96K(192K) Class: 4K(128K)->4K(128K)
[2024-08-28T01:13:48.667+0000][info][gc             ] GC(108) Pause Young (Prepare Mixed) (G1 Evacuation Pause) 755M->757M(1024M) 15.315ms
[2024-08-28T01:13:48.667+0000][info][gc,cpu         ] GC(108) User=0.35s Sys=0.00s Real=0.01s
[2024-08-28T01:13:48.686+0000][info][gc,start       ] GC(109) Pause Young (Mixed) (G1 Evacuation Pause)
[2024-08-28T01:13:48.686+0000][info][gc,task        ] GC(109) Using 24 workers of 68 for evacuation
[2024-08-28T01:13:48.699+0000][info][gc,phases      ] GC(109)   Pre Evacuate Collection Set: 0.2ms
[2024-08-28T01:13:48.699+0000][info][gc,phases      ] GC(109)   Merge Heap Roots: 0.3ms
[2024-08-28T01:13:48.699+0000][info][gc,phases      ] GC(109)   Evacuate Collection Set: 11.8ms
[2024-08-28T01:13:48.699+0000][info][gc,phases      ] GC(109)   Post Evacuate Collection Set: 0.4ms
[2024-08-28T01:13:48.699+0000][info][gc,phases      ] GC(109)   Other: 0.3ms
[2024-08-28T01:13:48.699+0000][info][gc,heap        ] GC(109) Eden regions: 40->0(44)
[2024-08-28T01:13:48.699+0000][info][gc,heap        ] GC(109) Survivor regions: 11->7(7)
[2024-08-28T01:13:48.699+0000][info][gc,heap        ] GC(109) Old regions: 754->740
[2024-08-28T01:13:48.699+0000][info][gc,heap        ] GC(109) Archive regions: 2->2
[2024-08-28T01:13:48.699+0000][info][gc,heap        ] GC(109) Humongous regions: 5->5
[2024-08-28T01:13:48.699+0000][info][gc,metaspace   ] GC(109) Metaspace: 100K(320K)->100K(320K) NonClass: 96K(192K)->96K(192K) Class: 4K(128K)->4K(128K)
[2024-08-28T01:13:48.699+0000][info][gc             ] GC(109) Pause Young (Mixed) (G1 Evacuation Pause) 797M->739M(1024M) 13.118ms
[2024-08-28T01:13:48.699+0000][info][gc,cpu         ] GC(109) User=0.28s Sys=0.00s Real=0.02s
[2024-08-28T01:13:48.721+0000][info][gc,start       ] GC(110) Pause Young (Mixed) (G1 Evacuation Pause)
[2024-08-28T01:13:48.721+0000][info][gc,task        ] GC(110) Using 24 workers of 68 for evacuation
[2024-08-28T01:13:48.733+0000][info][gc,phases      ] GC(110)   Pre Evacuate Collection Set: 0.2ms
[2024-08-28T01:13:48.733+0000][info][gc,phases      ] GC(110)   Merge Heap Roots: 0.3ms
[2024-08-28T01:13:48.733+0000][info][gc,phases      ] GC(110)   Evacuate Collection Set: 10.5ms
[2024-08-28T01:13:48.733+0000][info][gc,phases      ] GC(110)   Post Evacuate Collection Set: 0.4ms
[2024-08-28T01:13:48.733+0000][info][gc,phases      ] GC(110)   Other: 0.3ms
[2024-08-28T01:13:48.733+0000][info][gc,heap        ] GC(110) Eden regions: 44->0(44)
[2024-08-28T01:13:48.733+0000][info][gc,heap        ] GC(110) Survivor regions: 7->7(7)
[2024-08-28T01:13:48.733+0000][info][gc,heap        ] GC(110) Old regions: 740->724
[2024-08-28T01:13:48.733+0000][info][gc,heap        ] GC(110) Archive regions: 2->2
[2024-08-28T01:13:48.733+0000][info][gc,heap        ] GC(110) Humongous regions: 5->5
[2024-08-28T01:13:48.733+0000][info][gc,metaspace   ] GC(110) Metaspace: 100K(320K)->100K(320K) NonClass: 96K(192K)->96K(192K) Class: 4K(128K)->4K(128K)
[2024-08-28T01:13:48.733+0000][info][gc             ] GC(110) Pause Young (Mixed) (G1 Evacuation Pause) 783M->723M(1024M) 11.957ms
[2024-08-28T01:13:48.733+0000][info][gc,cpu         ] GC(110) User=0.26s Sys=0.00s Real=0.01s
[2024-08-28T01:13:48.756+0000][info][gc,start       ] GC(111) Pause Young (Mixed) (G1 Evacuation Pause)
[2024-08-28T01:13:48.756+0000][info][gc,task        ] GC(111) Using 24 workers of 68 for evacuation
[2024-08-28T01:13:48.772+0000][info][gc,phases      ] GC(111)   Pre Evacuate Collection Set: 0.5ms
[2024-08-28T01:13:48.772+0000][info][gc,phases      ] GC(111)   Merge Heap Roots: 0.7ms
[2024-08-28T01:13:48.772+0000][info][gc,phases      ] GC(111)   Evacuate Collection Set: 14.6ms
[2024-08-28T01:13:48.772+0000][info][gc,phases      ] GC(111)   Post Evacuate Collection Set: 0.4ms
[2024-08-28T01:13:48.772+0000][info][gc,phases      ] GC(111)   Other: 0.3ms
[2024-08-28T01:13:48.772+0000][info][gc,heap        ] GC(111) Eden regions: 44->0(44)
[2024-08-28T01:13:48.772+0000][info][gc,heap        ] GC(111) Survivor regions: 7->7(7)
[2024-08-28T01:13:48.772+0000][info][gc,heap        ] GC(111) Old regions: 724->711
[2024-08-28T01:13:48.772+0000][info][gc,heap        ] GC(111) Archive regions: 2->2
[2024-08-28T01:13:48.772+0000][info][gc,heap        ] GC(111) Humongous regions: 5->5
[2024-08-28T01:13:48.772+0000][info][gc,metaspace   ] GC(111) Metaspace: 100K(320K)->100K(320K) NonClass: 96K(192K)->96K(192K) Class: 4K(128K)->4K(128K)
[2024-08-28T01:13:48.772+0000][info][gc             ] GC(111) Pause Young (Mixed) (G1 Evacuation Pause) 767M->714M(1024M) 16.522ms
[2024-08-28T01:13:48.772+0000][info][gc,cpu         ] GC(111) User=0.36s Sys=0.00s Real=0.02s
[2024-08-28T01:13:48.872+0000][info][gc,start       ] GC(112) Pause Young (Mixed) (G1 Evacuation Pause)
[2024-08-28T01:13:48.872+0000][info][gc,task        ] GC(112) Using 24 workers of 68 for evacuation
[2024-08-28T01:13:48.894+0000][info][gc,phases      ] GC(112)   Pre Evacuate Collection Set: 0.2ms
[2024-08-28T01:13:48.894+0000][info][gc,phases      ] GC(112)   Merge Heap Roots: 0.4ms
[2024-08-28T01:13:48.894+0000][info][gc,phases      ] GC(112)   Evacuate Collection Set: 21.2ms
[2024-08-28T01:13:48.894+0000][info][gc,phases      ] GC(112)   Post Evacuate Collection Set: 0.4ms
[2024-08-28T01:13:48.894+0000][info][gc,phases      ] GC(112)   Other: 0.3ms
[2024-08-28T01:13:48.894+0000][info][gc,heap        ] GC(112) Eden regions: 44->0(50)
[2024-08-28T01:13:48.894+0000][info][gc,heap        ] GC(112) Survivor regions: 7->7(7)
[2024-08-28T01:13:48.894+0000][info][gc,heap        ] GC(112) Old regions: 711->746
[2024-08-28T01:13:48.894+0000][info][gc,heap        ] GC(112) Archive regions: 2->2
[2024-08-28T01:13:48.894+0000][info][gc,heap        ] GC(112) Humongous regions: 5->5
[2024-08-28T01:13:48.894+0000][info][gc,metaspace   ] GC(112) Metaspace: 100K(320K)->100K(320K) NonClass: 96K(192K)->96K(192K) Class: 4K(128K)->4K(128K)
[2024-08-28T01:13:48.894+0000][info][gc             ] GC(112) Pause Young (Mixed) (G1 Evacuation Pause) 758M->749M(1024M) 22.607ms
[2024-08-28T01:13:48.894+0000][info][gc,cpu         ] GC(112) User=0.19s Sys=0.32s Real=0.02s
[2024-08-28T01:13:48.933+0000][info][gc,start       ] GC(113) Pause Young (Concurrent Start) (G1 Evacuation Pause)
[2024-08-28T01:13:48.933+0000][info][gc,task        ] GC(113) Using 24 workers of 68 for evacuation
[2024-08-28T01:13:48.954+0000][info][gc,phases      ] GC(113)   Pre Evacuate Collection Set: 0.2ms
[2024-08-28T01:13:48.954+0000][info][gc,phases      ] GC(113)   Merge Heap Roots: 0.4ms
[2024-08-28T01:13:48.954+0000][info][gc,phases      ] GC(113)   Evacuate Collection Set: 18.9ms
[2024-08-28T01:13:48.954+0000][info][gc,phases      ] GC(113)   Post Evacuate Collection Set: 0.4ms
[2024-08-28T01:13:48.954+0000][info][gc,phases      ] GC(113)   Other: 0.9ms
[2024-08-28T01:13:48.954+0000][info][gc,heap        ] GC(113) Eden regions: 50->0(43)
[2024-08-28T01:13:48.954+0000][info][gc,heap        ] GC(113) Survivor regions: 7->8(8)
[2024-08-28T01:13:48.954+0000][info][gc,heap        ] GC(113) Old regions: 746->797
[2024-08-28T01:13:48.954+0000][info][gc,heap        ] GC(113) Archive regions: 2->2
[2024-08-28T01:13:48.954+0000][info][gc,heap        ] GC(113) Humongous regions: 5->5
[2024-08-28T01:13:48.954+0000][info][gc,metaspace   ] GC(113) Metaspace: 100K(320K)->100K(320K) NonClass: 96K(192K)->96K(192K) Class: 4K(128K)->4K(128K)
[2024-08-28T01:13:48.954+0000][info][gc             ] GC(113) Pause Young (Concurrent Start) (G1 Evacuation Pause) 799M->801M(1024M) 21.069ms
[2024-08-28T01:13:48.954+0000][info][gc,cpu         ] GC(113) User=0.27s Sys=0.20s Real=0.02s
[2024-08-28T01:13:48.954+0000][info][gc             ] GC(114) Concurrent Mark Cycle
[2024-08-28T01:13:48.955+0000][info][gc,marking     ] GC(114) Concurrent Clear Claimed Marks
[2024-08-28T01:13:48.955+0000][info][gc,marking     ] GC(114) Concurrent Clear Claimed Marks 0.022ms
[2024-08-28T01:13:48.955+0000][info][gc,marking     ] GC(114) Concurrent Scan Root Regions
[2024-08-28T01:13:48.956+0000][info][gc,marking     ] GC(114) Concurrent Scan Root Regions 1.850ms
[2024-08-28T01:13:48.956+0000][info][gc,marking     ] GC(114) Concurrent Mark
[2024-08-28T01:13:48.956+0000][info][gc,marking     ] GC(114) Concurrent Mark From Roots
[2024-08-28T01:13:48.956+0000][info][gc,task        ] GC(114) Using 17 workers of 17 for marking
[2024-08-28T01:13:48.983+0000][info][gc,marking     ] GC(114) Concurrent Mark From Roots 26.698ms
[2024-08-28T01:13:48.983+0000][info][gc,marking     ] GC(114) Concurrent Preclean
[2024-08-28T01:13:48.985+0000][info][gc,marking     ] GC(114) Concurrent Preclean 1.315ms
[2024-08-28T01:13:48.985+0000][info][gc,start       ] GC(114) Pause Remark
[2024-08-28T01:13:48.987+0000][info][gc             ] GC(114) Pause Remark 835M->835M(1024M) 2.054ms
[2024-08-28T01:13:48.987+0000][info][gc,cpu         ] GC(114) User=0.01s Sys=0.00s Real=0.00s
[2024-08-28T01:13:48.987+0000][info][gc,marking     ] GC(114) Concurrent Mark 30.684ms
[2024-08-28T01:13:48.987+0000][info][gc,marking     ] GC(114) Concurrent Rebuild Remembered Sets
[2024-08-28T01:13:48.995+0000][info][gc,start       ] GC(115) Pause Young (Normal) (G1 Evacuation Pause)
[2024-08-28T01:13:48.995+0000][info][gc,task        ] GC(115) Using 24 workers of 68 for evacuation
[2024-08-28T01:13:49.012+0000][info][gc,phases      ] GC(115)   Pre Evacuate Collection Set: 0.2ms
[2024-08-28T01:13:49.012+0000][info][gc,phases      ] GC(115)   Merge Heap Roots: 0.7ms
[2024-08-28T01:13:49.012+0000][info][gc,phases      ] GC(115)   Evacuate Collection Set: 15.4ms
[2024-08-28T01:13:49.012+0000][info][gc,phases      ] GC(115)   Post Evacuate Collection Set: 0.6ms
[2024-08-28T01:13:49.012+0000][info][gc,phases      ] GC(115)   Other: 0.3ms
[2024-08-28T01:13:49.012+0000][info][gc,heap        ] GC(115) Eden regions: 43->0(44)
[2024-08-28T01:13:49.012+0000][info][gc,heap        ] GC(115) Survivor regions: 8->7(7)
[2024-08-28T01:13:49.012+0000][info][gc,heap        ] GC(115) Old regions: 797->843
[2024-08-28T01:13:49.012+0000][info][gc,heap        ] GC(115) Archive regions: 2->2
[2024-08-28T01:13:49.012+0000][info][gc,heap        ] GC(115) Humongous regions: 5->5
[2024-08-28T01:13:49.012+0000][info][gc,metaspace   ] GC(115) Metaspace: 100K(320K)->100K(320K) NonClass: 96K(192K)->96K(192K) Class: 4K(128K)->4K(128K)
[2024-08-28T01:13:49.012+0000][info][gc             ] GC(115) Pause Young (Normal) (G1 Evacuation Pause) 844M->846M(1024M) 17.242ms
[2024-08-28T01:13:49.012+0000][info][gc,cpu         ] GC(115) User=0.29s Sys=0.11s Real=0.02s
[2024-08-28T01:13:49.041+0000][info][gc,start       ] GC(116) Pause Young (Normal) (G1 Evacuation Pause)
[2024-08-28T01:13:49.041+0000][info][gc,task        ] GC(116) Using 24 workers of 68 for evacuation
[2024-08-28T01:13:49.075+0000][info][gc,phases      ] GC(116)   Pre Evacuate Collection Set: 0.2ms
[2024-08-28T01:13:49.075+0000][info][gc,phases      ] GC(116)   Merge Heap Roots: 0.5ms
[2024-08-28T01:13:49.075+0000][info][gc,phases      ] GC(116)   Evacuate Collection Set: 31.7ms
[2024-08-28T01:13:49.075+0000][info][gc,phases      ] GC(116)   Post Evacuate Collection Set: 1.8ms
[2024-08-28T01:13:49.076+0000][info][gc,phases      ] GC(116)   Other: 0.4ms
[2024-08-28T01:13:49.076+0000][info][gc,heap        ] GC(116) Eden regions: 44->0(44)
[2024-08-28T01:13:49.076+0000][info][gc,heap        ] GC(116) Survivor regions: 7->7(7)
[2024-08-28T01:13:49.076+0000][info][gc,heap        ] GC(116) Old regions: 843->889
[2024-08-28T01:13:49.076+0000][info][gc,heap        ] GC(116) Archive regions: 2->2
[2024-08-28T01:13:49.076+0000][info][gc,heap        ] GC(116) Humongous regions: 5->5
[2024-08-28T01:13:49.076+0000][info][gc,metaspace   ] GC(116) Metaspace: 100K(320K)->100K(320K) NonClass: 96K(192K)->96K(192K) Class: 4K(128K)->4K(128K)
[2024-08-28T01:13:49.076+0000][info][gc             ] GC(116) Pause Young (Normal) (G1 Evacuation Pause) 890M->892M(1024M) 34.820ms
[2024-08-28T01:13:49.076+0000][info][gc,cpu         ] GC(116) User=0.38s Sys=0.40s Real=0.03s
[2024-08-28T01:13:49.096+0000][info][gc,marking     ] GC(114) Concurrent Rebuild Remembered Sets 108.436ms
[2024-08-28T01:13:49.096+0000][info][gc,start       ] GC(114) Pause Cleanup
[2024-08-28T01:13:49.099+0000][info][gc             ] GC(114) Pause Cleanup 924M->924M(1024M) 3.277ms
[2024-08-28T01:13:49.100+0000][info][gc,cpu         ] GC(114) User=0.00s Sys=0.00s Real=0.01s
[2024-08-28T01:13:49.100+0000][info][gc,marking     ] GC(114) Concurrent Cleanup for Next Mark
[2024-08-28T01:13:49.100+0000][info][gc,marking     ] GC(114) Concurrent Cleanup for Next Mark 0.709ms
[2024-08-28T01:13:49.100+0000][info][gc             ] GC(114) Concurrent Mark Cycle 145.997ms
[2024-08-28T01:13:49.108+0000][info][gc,start       ] GC(117) Pause Young (Prepare Mixed) (G1 Evacuation Pause)
[2024-08-28T01:13:49.108+0000][info][gc,task        ] GC(117) Using 24 workers of 68 for evacuation
[2024-08-28T01:13:49.142+0000][info][gc,phases      ] GC(117)   Pre Evacuate Collection Set: 0.6ms
[2024-08-28T01:13:49.142+0000][info][gc,phases      ] GC(117)   Merge Heap Roots: 0.5ms
[2024-08-28T01:13:49.142+0000][info][gc,phases      ] GC(117)   Evacuate Collection Set: 31.7ms
[2024-08-28T01:13:49.142+0000][info][gc,phases      ] GC(117)   Post Evacuate Collection Set: 0.4ms
[2024-08-28T01:13:49.142+0000][info][gc,phases      ] GC(117)   Other: 0.5ms
[2024-08-28T01:13:49.142+0000][info][gc,heap        ] GC(117) Eden regions: 44->0(44)
[2024-08-28T01:13:49.142+0000][info][gc,heap        ] GC(117) Survivor regions: 7->7(7)
[2024-08-28T01:13:49.142+0000][info][gc,heap        ] GC(117) Old regions: 889->936
[2024-08-28T01:13:49.142+0000][info][gc,heap        ] GC(117) Archive regions: 2->2
[2024-08-28T01:13:49.142+0000][info][gc,heap        ] GC(117) Humongous regions: 5->5
[2024-08-28T01:13:49.142+0000][info][gc,metaspace   ] GC(117) Metaspace: 100K(320K)->100K(320K) NonClass: 96K(192K)->96K(192K) Class: 4K(128K)->4K(128K)
[2024-08-28T01:13:49.142+0000][info][gc             ] GC(117) Pause Young (Prepare Mixed) (G1 Evacuation Pause) 936M->939M(1024M) 33.769ms
[2024-08-28T01:13:49.142+0000][info][gc,cpu         ] GC(117) User=0.39s Sys=0.38s Real=0.04s
[2024-08-28T01:13:49.162+0000][info][gc,start       ] GC(118) Pause Young (Mixed) (G1 Preventive Collection)
[2024-08-28T01:13:49.162+0000][info][gc,task        ] GC(118) Using 24 workers of 68 for evacuation
[2024-08-28T01:13:49.177+0000][info][gc,phases      ] GC(118)   Pre Evacuate Collection Set: 0.2ms
[2024-08-28T01:13:49.177+0000][info][gc,phases      ] GC(118)   Merge Heap Roots: 0.6ms
[2024-08-28T01:13:49.177+0000][info][gc,phases      ] GC(118)   Evacuate Collection Set: 14.1ms
[2024-08-28T01:13:49.177+0000][info][gc,phases      ] GC(118)   Post Evacuate Collection Set: 0.4ms
[2024-08-28T01:13:49.177+0000][info][gc,phases      ] GC(118)   Other: 0.3ms
[2024-08-28T01:13:49.177+0000][info][gc,heap        ] GC(118) Eden regions: 31->0(44)
[2024-08-28T01:13:49.177+0000][info][gc,heap        ] GC(118) Survivor regions: 7->7(7)
[2024-08-28T01:13:49.177+0000][info][gc,heap        ] GC(118) Old regions: 936->908
[2024-08-28T01:13:49.177+0000][info][gc,heap        ] GC(118) Archive regions: 2->2
[2024-08-28T01:13:49.177+0000][info][gc,heap        ] GC(118) Humongous regions: 5->5
[2024-08-28T01:13:49.177+0000][info][gc,metaspace   ] GC(118) Metaspace: 100K(320K)->100K(320K) NonClass: 96K(192K)->96K(192K) Class: 4K(128K)->4K(128K)
[2024-08-28T01:13:49.177+0000][info][gc             ] GC(118) Pause Young (Mixed) (G1 Preventive Collection) 970M->915M(1024M) 15.919ms
[2024-08-28T01:13:49.178+0000][info][gc,cpu         ] GC(118) User=0.21s Sys=0.15s Real=0.02s
[2024-08-28T01:13:49.204+0000][info][gc,start       ] GC(119) Pause Young (Mixed) (G1 Evacuation Pause)
[2024-08-28T01:13:49.204+0000][info][gc,task        ] GC(119) Using 24 workers of 68 for evacuation
[2024-08-28T01:13:49.216+0000][info][gc,phases      ] GC(119)   Pre Evacuate Collection Set: 0.2ms
[2024-08-28T01:13:49.216+0000][info][gc,phases      ] GC(119)   Merge Heap Roots: 0.4ms
[2024-08-28T01:13:49.216+0000][info][gc,phases      ] GC(119)   Evacuate Collection Set: 10.5ms
[2024-08-28T01:13:49.216+0000][info][gc,phases      ] GC(119)   Post Evacuate Collection Set: 0.5ms
[2024-08-28T01:13:49.216+0000][info][gc,phases      ] GC(119)   Other: 0.3ms
[2024-08-28T01:13:49.216+0000][info][gc,heap        ] GC(119) Eden regions: 44->0(44)
[2024-08-28T01:13:49.216+0000][info][gc,heap        ] GC(119) Survivor regions: 7->7(7)
[2024-08-28T01:13:49.216+0000][info][gc,heap        ] GC(119) Old regions: 908->892
[2024-08-28T01:13:49.216+0000][info][gc,heap        ] GC(119) Archive regions: 2->2
[2024-08-28T01:13:49.216+0000][info][gc,heap        ] GC(119) Humongous regions: 5->5
[2024-08-28T01:13:49.216+0000][info][gc,metaspace   ] GC(119) Metaspace: 100K(320K)->100K(320K) NonClass: 96K(192K)->96K(192K) Class: 4K(128K)->4K(128K)
[2024-08-28T01:13:49.216+0000][info][gc             ] GC(119) Pause Young (Mixed) (G1 Evacuation Pause) 959M->901M(1024M) 12.079ms
[2024-08-28T01:13:49.216+0000][info][gc,cpu         ] GC(119) User=0.25s Sys=0.00s Real=0.01s
[2024-08-28T01:13:49.241+0000][info][gc,start       ] GC(120) Pause Young (Mixed) (G1 Evacuation Pause)
[2024-08-28T01:13:49.241+0000][info][gc,task        ] GC(120) Using 24 workers of 68 for evacuation
[2024-08-28T01:13:49.255+0000][info][gc,phases      ] GC(120)   Pre Evacuate Collection Set: 0.2ms
[2024-08-28T01:13:49.255+0000][info][gc,phases      ] GC(120)   Merge Heap Roots: 0.7ms
[2024-08-28T01:13:49.255+0000][info][gc,phases      ] GC(120)   Evacuate Collection Set: 12.6ms
[2024-08-28T01:13:49.255+0000][info][gc,phases      ] GC(120)   Post Evacuate Collection Set: 0.4ms
[2024-08-28T01:13:49.255+0000][info][gc,phases      ] GC(120)   Other: 0.3ms
[2024-08-28T01:13:49.255+0000][info][gc,heap        ] GC(120) Eden regions: 44->0(44)
[2024-08-28T01:13:49.255+0000][info][gc,heap        ] GC(120) Survivor regions: 7->7(7)
[2024-08-28T01:13:49.255+0000][info][gc,heap        ] GC(120) Old regions: 892->876
[2024-08-28T01:13:49.255+0000][info][gc,heap        ] GC(120) Archive regions: 2->2
[2024-08-28T01:13:49.255+0000][info][gc,heap        ] GC(120) Humongous regions: 5->5
[2024-08-28T01:13:49.255+0000][info][gc,metaspace   ] GC(120) Metaspace: 100K(320K)->100K(320K) NonClass: 96K(192K)->96K(192K) Class: 4K(128K)->4K(128K)
[2024-08-28T01:13:49.255+0000][info][gc             ] GC(120) Pause Young (Mixed) (G1 Evacuation Pause) 945M->886M(1024M) 14.473ms
[2024-08-28T01:13:49.255+0000][info][gc,cpu         ] GC(120) User=0.30s Sys=0.02s Real=0.01s
[2024-08-28T01:13:49.281+0000][info][gc,start       ] GC(121) Pause Young (Mixed) (G1 Evacuation Pause)
[2024-08-28T01:13:49.281+0000][info][gc,task        ] GC(121) Using 24 workers of 68 for evacuation
[2024-08-28T01:13:49.295+0000][info][gc,phases      ] GC(121)   Pre Evacuate Collection Set: 0.3ms
[2024-08-28T01:13:49.295+0000][info][gc,phases      ] GC(121)   Merge Heap Roots: 0.4ms
[2024-08-28T01:13:49.295+0000][info][gc,phases      ] GC(121)   Evacuate Collection Set: 12.7ms
[2024-08-28T01:13:49.295+0000][info][gc,phases      ] GC(121)   Post Evacuate Collection Set: 0.4ms
[2024-08-28T01:13:49.295+0000][info][gc,phases      ] GC(121)   Other: 0.4ms
[2024-08-28T01:13:49.295+0000][info][gc,heap        ] GC(121) Eden regions: 44->0(44)
[2024-08-28T01:13:49.295+0000][info][gc,heap        ] GC(121) Survivor regions: 7->7(7)
[2024-08-28T01:13:49.295+0000][info][gc,heap        ] GC(121) Old regions: 876->861
[2024-08-28T01:13:49.295+0000][info][gc,heap        ] GC(121) Archive regions: 2->2
[2024-08-28T01:13:49.295+0000][info][gc,heap        ] GC(121) Humongous regions: 5->5
[2024-08-28T01:13:49.295+0000][info][gc,metaspace   ] GC(121) Metaspace: 100K(320K)->100K(320K) NonClass: 96K(192K)->96K(192K) Class: 4K(128K)->4K(128K)
[2024-08-28T01:13:49.295+0000][info][gc             ] GC(121) Pause Young (Mixed) (G1 Evacuation Pause) 930M->873M(1024M) 14.238ms
[2024-08-28T01:13:49.295+0000][info][gc,cpu         ] GC(121) User=0.23s Sys=0.08s Real=0.01s
[2024-08-28T01:13:49.321+0000][info][gc,start       ] GC(122) Pause Young (Mixed) (G1 Evacuation Pause)
[2024-08-28T01:13:49.321+0000][info][gc,task        ] GC(122) Using 24 workers of 68 for evacuation
[2024-08-28T01:13:49.338+0000][info][gc,phases      ] GC(122)   Pre Evacuate Collection Set: 0.2ms
[2024-08-28T01:13:49.338+0000][info][gc,phases      ] GC(122)   Merge Heap Roots: 0.7ms
[2024-08-28T01:13:49.338+0000][info][gc,phases      ] GC(122)   Evacuate Collection Set: 16.0ms
[2024-08-28T01:13:49.338+0000][info][gc,phases      ] GC(122)   Post Evacuate Collection Set: 0.4ms
[2024-08-28T01:13:49.338+0000][info][gc,phases      ] GC(122)   Other: 0.3ms
[2024-08-28T01:13:49.338+0000][info][gc,heap        ] GC(122) Eden regions: 44->0(44)
[2024-08-28T01:13:49.339+0000][info][gc,heap        ] GC(122) Survivor regions: 7->7(7)
[2024-08-28T01:13:49.339+0000][info][gc,heap        ] GC(122) Old regions: 861->864
[2024-08-28T01:13:49.339+0000][info][gc,heap        ] GC(122) Archive regions: 2->2
[2024-08-28T01:13:49.339+0000][info][gc,heap        ] GC(122) Humongous regions: 5->5
[2024-08-28T01:13:49.339+0000][info][gc,metaspace   ] GC(122) Metaspace: 100K(320K)->100K(320K) NonClass: 96K(192K)->96K(192K) Class: 4K(128K)->4K(128K)
[2024-08-28T01:13:49.339+0000][info][gc             ] GC(122) Pause Young (Mixed) (G1 Evacuation Pause) 917M->876M(1024M) 17.874ms
[2024-08-28T01:13:49.339+0000][info][gc,cpu         ] GC(122) User=0.33s Sys=0.07s Real=0.02s
[2024-08-28T01:13:49.364+0000][info][gc,start       ] GC(123) Pause Young (Mixed) (G1 Evacuation Pause)
[2024-08-28T01:13:49.364+0000][info][gc,task        ] GC(123) Using 24 workers of 68 for evacuation
[2024-08-28T01:13:49.377+0000][info][gc,phases      ] GC(123)   Pre Evacuate Collection Set: 0.2ms
[2024-08-28T01:13:49.377+0000][info][gc,phases      ] GC(123)   Merge Heap Roots: 0.3ms
[2024-08-28T01:13:49.377+0000][info][gc,phases      ] GC(123)   Evacuate Collection Set: 12.1ms
[2024-08-28T01:13:49.377+0000][info][gc,phases      ] GC(123)   Post Evacuate Collection Set: 0.4ms
[2024-08-28T01:13:49.377+0000][info][gc,phases      ] GC(123)   Other: 0.3ms
[2024-08-28T01:13:49.380+0000][info][gc,heap        ] GC(123) Eden regions: 44->0(44)
[2024-08-28T01:13:49.380+0000][info][gc,heap        ] GC(123) Survivor regions: 7->7(7)
[2024-08-28T01:13:49.380+0000][info][gc,heap        ] GC(123) Old regions: 864->894
[2024-08-28T01:13:49.380+0000][info][gc,heap        ] GC(123) Archive regions: 2->2
[2024-08-28T01:13:49.380+0000][info][gc,heap        ] GC(123) Humongous regions: 5->5
[2024-08-28T01:13:49.380+0000][info][gc,metaspace   ] GC(123) Metaspace: 100K(320K)->100K(320K) NonClass: 96K(192K)->96K(192K) Class: 4K(128K)->4K(128K)
[2024-08-28T01:13:49.380+0000][info][gc             ] GC(123) Pause Young (Mixed) (G1 Evacuation Pause) 920M->906M(1024M) 16.289ms
[2024-08-28T01:13:49.380+0000][info][gc,cpu         ] GC(123) User=0.25s Sys=0.04s Real=0.02s
[2024-08-28T01:13:49.416+0000][info][gc,start       ] GC(124) Pause Young (Concurrent Start) (G1 Evacuation Pause)
[2024-08-28T01:13:49.416+0000][info][gc,task        ] GC(124) Using 24 workers of 68 for evacuation
[2024-08-28T01:13:49.432+0000][info][gc,phases      ] GC(124)   Pre Evacuate Collection Set: 1.1ms
[2024-08-28T01:13:49.432+0000][info][gc,phases      ] GC(124)   Merge Heap Roots: 0.6ms
[2024-08-28T01:13:49.432+0000][info][gc,phases      ] GC(124)   Evacuate Collection Set: 10.2ms
[2024-08-28T01:13:49.432+0000][info][gc,phases      ] GC(124)   Post Evacuate Collection Set: 0.5ms
[2024-08-28T01:13:49.432+0000][info][gc,phases      ] GC(124)   Other: 3.8ms
[2024-08-28T01:13:49.432+0000][info][gc,heap        ] GC(124) Eden regions: 44->0(44)
[2024-08-28T01:13:49.432+0000][info][gc,heap        ] GC(124) Survivor regions: 7->7(7)
[2024-08-28T01:13:49.432+0000][info][gc,heap        ] GC(124) Old regions: 894->941
[2024-08-28T01:13:49.432+0000][info][gc,heap        ] GC(124) Archive regions: 2->2
[2024-08-28T01:13:49.432+0000][info][gc,heap        ] GC(124) Humongous regions: 5->5
[2024-08-28T01:13:49.432+0000][info][gc,metaspace   ] GC(124) Metaspace: 100K(320K)->100K(320K) NonClass: 96K(192K)->96K(192K) Class: 4K(128K)->4K(128K)
[2024-08-28T01:13:49.432+0000][info][gc             ] GC(124) Pause Young (Concurrent Start) (G1 Evacuation Pause) 950M->953M(1024M) 16.196ms
[2024-08-28T01:13:49.432+0000][info][gc,cpu         ] GC(124) User=0.26s Sys=0.02s Real=0.02s
[2024-08-28T01:13:49.432+0000][info][gc             ] GC(125) Concurrent Mark Cycle
[2024-08-28T01:13:49.432+0000][info][gc,marking     ] GC(125) Concurrent Clear Claimed Marks
[2024-08-28T01:13:49.432+0000][info][gc,marking     ] GC(125) Concurrent Clear Claimed Marks 0.011ms
[2024-08-28T01:13:49.432+0000][info][gc,marking     ] GC(125) Concurrent Scan Root Regions
[2024-08-28T01:13:49.433+0000][info][gc,marking     ] GC(125) Concurrent Scan Root Regions 1.508ms
[2024-08-28T01:13:49.434+0000][info][gc,marking     ] GC(125) Concurrent Mark
[2024-08-28T01:13:49.434+0000][info][gc,marking     ] GC(125) Concurrent Mark From Roots
[2024-08-28T01:13:49.434+0000][info][gc,task        ] GC(125) Using 17 workers of 17 for marking
[2024-08-28T01:13:49.455+0000][info][gc,start       ] GC(126) Pause Young (Normal) (G1 Preventive Collection)
[2024-08-28T01:13:49.455+0000][info][gc,task        ] GC(126) Using 24 workers of 68 for evacuation
[2024-08-28T01:13:49.463+0000][info][gc,phases      ] GC(126)   Pre Evacuate Collection Set: 0.2ms
[2024-08-28T01:13:49.463+0000][info][gc,phases      ] GC(126)   Merge Heap Roots: 0.3ms
[2024-08-28T01:13:49.463+0000][info][gc,phases      ] GC(126)   Evacuate Collection Set: 7.0ms
[2024-08-28T01:13:49.463+0000][info][gc,phases      ] GC(126)   Post Evacuate Collection Set: 0.4ms
[2024-08-28T01:13:49.463+0000][info][gc,phases      ] GC(126)   Other: 0.3ms
[2024-08-28T01:13:49.463+0000][info][gc,heap        ] GC(126) Eden regions: 29->0(44)
[2024-08-28T01:13:49.463+0000][info][gc,heap        ] GC(126) Survivor regions: 7->7(7)
[2024-08-28T01:13:49.463+0000][info][gc,heap        ] GC(126) Old regions: 941->974
[2024-08-28T01:13:49.463+0000][info][gc,heap        ] GC(126) Archive regions: 2->2
[2024-08-28T01:13:49.463+0000][info][gc,heap        ] GC(126) Humongous regions: 5->5
[2024-08-28T01:13:49.463+0000][info][gc,metaspace   ] GC(126) Metaspace: 100K(320K)->100K(320K) NonClass: 96K(192K)->96K(192K) Class: 4K(128K)->4K(128K)
[2024-08-28T01:13:49.463+0000][info][gc             ] GC(126) Pause Young (Normal) (G1 Preventive Collection) 982M->986M(1024M) 8.329ms
[2024-08-28T01:13:49.463+0000][info][gc,cpu         ] GC(126) User=0.17s Sys=0.00s Real=0.01s
[2024-08-28T01:13:49.466+0000][info][gc,marking     ] GC(125) Concurrent Mark From Roots 32.474ms
[2024-08-28T01:13:49.466+0000][info][gc,marking     ] GC(125) Concurrent Preclean
[2024-08-28T01:13:49.467+0000][info][gc,marking     ] GC(125) Concurrent Preclean 0.710ms
[2024-08-28T01:13:49.467+0000][info][gc,start       ] GC(125) Pause Remark
[2024-08-28T01:13:49.469+0000][info][gc             ] GC(125) Pause Remark 991M->991M(1024M) 2.281ms
[2024-08-28T01:13:49.469+0000][info][gc,cpu         ] GC(125) User=0.02s Sys=0.00s Real=0.00s
[2024-08-28T01:13:49.469+0000][info][gc,marking     ] GC(125) Concurrent Mark 35.910ms
[2024-08-28T01:13:49.469+0000][info][gc,marking     ] GC(125) Concurrent Rebuild Remembered Sets
[2024-08-28T01:13:49.474+0000][info][gc,start       ] GC(127) Pause Young (Normal) (G1 Preventive Collection)
[2024-08-28T01:13:49.474+0000][info][gc,task        ] GC(127) Using 24 workers of 68 for evacuation
[2024-08-28T01:13:49.480+0000][info][gc,phases      ] GC(127)   Pre Evacuate Collection Set: 0.1ms
[2024-08-28T01:13:49.480+0000][info][gc,phases      ] GC(127)   Merge Heap Roots: 0.2ms
[2024-08-28T01:13:49.480+0000][info][gc,phases      ] GC(127)   Evacuate Collection Set: 4.9ms
[2024-08-28T01:13:49.480+0000][info][gc,phases      ] GC(127)   Post Evacuate Collection Set: 0.4ms
[2024-08-28T01:13:49.480+0000][info][gc,phases      ] GC(127)   Other: 0.3ms
[2024-08-28T01:13:49.480+0000][info][gc,heap        ] GC(127) Eden regions: 13->0(44)
[2024-08-28T01:13:49.480+0000][info][gc,heap        ] GC(127) Survivor regions: 7->7(7)
[2024-08-28T01:13:49.480+0000][info][gc,heap        ] GC(127) Old regions: 974->989
[2024-08-28T01:13:49.480+0000][info][gc,heap        ] GC(127) Archive regions: 2->2
[2024-08-28T01:13:49.480+0000][info][gc,heap        ] GC(127) Humongous regions: 5->5
[2024-08-28T01:13:49.480+0000][info][gc,metaspace   ] GC(127) Metaspace: 100K(320K)->100K(320K) NonClass: 96K(192K)->96K(192K) Class: 4K(128K)->4K(128K)
[2024-08-28T01:13:49.480+0000][info][gc             ] GC(127) Pause Young (Normal) (G1 Preventive Collection) 999M->1001M(1024M) 6.082ms
[2024-08-28T01:13:49.480+0000][info][gc,cpu         ] GC(127) User=0.12s Sys=0.00s Real=0.01s
[2024-08-28T01:13:49.485+0000][info][gc,start       ] GC(128) Pause Young (Normal) (G1 Preventive Collection)
[2024-08-28T01:13:49.485+0000][info][gc,task        ] GC(128) Using 24 workers of 68 for evacuation
[2024-08-28T01:13:49.490+0000][info][gc             ] GC(128) To-space exhausted
[2024-08-28T01:13:49.490+0000][info][gc,phases      ] GC(128)   Pre Evacuate Collection Set: 0.2ms
[2024-08-28T01:13:49.490+0000][info][gc,phases      ] GC(128)   Merge Heap Roots: 0.4ms
[2024-08-28T01:13:49.490+0000][info][gc,phases      ] GC(128)   Evacuate Collection Set: 3.7ms
[2024-08-28T01:13:49.490+0000][info][gc,phases      ] GC(128)   Post Evacuate Collection Set: 0.5ms
[2024-08-28T01:13:49.490+0000][info][gc,phases      ] GC(128)   Other: 0.4ms
[2024-08-28T01:13:49.490+0000][info][gc,heap        ] GC(128) Eden regions: 6->0(45)
[2024-08-28T01:13:49.490+0000][info][gc,heap        ] GC(128) Survivor regions: 7->6(7)
[2024-08-28T01:13:49.490+0000][info][gc,heap        ] GC(128) Old regions: 989->999
[2024-08-28T01:13:49.490+0000][info][gc,heap        ] GC(128) Archive regions: 2->2
[2024-08-28T01:13:49.490+0000][info][gc,heap        ] GC(128) Humongous regions: 5->5
[2024-08-28T01:13:49.490+0000][info][gc,metaspace   ] GC(128) Metaspace: 100K(320K)->100K(320K) NonClass: 96K(192K)->96K(192K) Class: 4K(128K)->4K(128K)
[2024-08-28T01:13:49.491+0000][info][gc             ] GC(128) Pause Young (Normal) (G1 Preventive Collection) 1007M->1010M(1024M) 5.257ms
[2024-08-28T01:13:49.491+0000][info][gc,cpu         ] GC(128) User=0.10s Sys=0.00s Real=0.01s
[2024-08-28T01:13:49.492+0000][info][gc,start       ] GC(129) Pause Young (Normal) (G1 Preventive Collection)
[2024-08-28T01:13:49.492+0000][info][gc,task        ] GC(129) Using 24 workers of 68 for evacuation
[2024-08-28T01:13:49.496+0000][info][gc,phases      ] GC(129)   Pre Evacuate Collection Set: 0.1ms
[2024-08-28T01:13:49.496+0000][info][gc,phases      ] GC(129)   Merge Heap Roots: 0.6ms
[2024-08-28T01:13:49.496+0000][info][gc,phases      ] GC(129)   Evacuate Collection Set: 2.5ms
[2024-08-28T01:13:49.496+0000][info][gc,phases      ] GC(129)   Post Evacuate Collection Set: 0.4ms
[2024-08-28T01:13:49.496+0000][info][gc,phases      ] GC(129)   Other: 0.2ms
[2024-08-28T01:13:49.496+0000][info][gc,heap        ] GC(129) Eden regions: 2->0(48)
[2024-08-28T01:13:49.496+0000][info][gc,heap        ] GC(129) Survivor regions: 6->3(7)
[2024-08-28T01:13:49.496+0000][info][gc,heap        ] GC(129) Old regions: 999->1006
[2024-08-28T01:13:49.496+0000][info][gc,heap        ] GC(129) Archive regions: 2->2
[2024-08-28T01:13:49.496+0000][info][gc,heap        ] GC(129) Humongous regions: 5->5
[2024-08-28T01:13:49.496+0000][info][gc,metaspace   ] GC(129) Metaspace: 100K(320K)->100K(320K) NonClass: 96K(192K)->96K(192K) Class: 4K(128K)->4K(128K)
[2024-08-28T01:13:49.496+0000][info][gc             ] GC(129) Pause Young (Normal) (G1 Preventive Collection) 1012M->1014M(1024M) 3.920ms
[2024-08-28T01:13:49.496+0000][info][gc,cpu         ] GC(129) User=0.07s Sys=0.00s Real=0.00s
[2024-08-28T01:13:49.498+0000][info][gc,start       ] GC(130) Pause Young (Normal) (G1 Preventive Collection)
[2024-08-28T01:13:49.498+0000][info][gc,task        ] GC(130) Using 24 workers of 68 for evacuation
[2024-08-28T01:13:49.501+0000][info][gc,phases      ] GC(130)   Pre Evacuate Collection Set: 0.1ms
[2024-08-28T01:13:49.501+0000][info][gc,phases      ] GC(130)   Merge Heap Roots: 0.4ms
[2024-08-28T01:13:49.501+0000][info][gc,phases      ] GC(130)   Evacuate Collection Set: 2.1ms
[2024-08-28T01:13:49.501+0000][info][gc,phases      ] GC(130)   Post Evacuate Collection Set: 0.4ms
[2024-08-28T01:13:49.501+0000][info][gc,phases      ] GC(130)   Other: 0.2ms
[2024-08-28T01:13:49.501+0000][info][gc,heap        ] GC(130) Eden regions: 2->0(46)
[2024-08-28T01:13:49.501+0000][info][gc,heap        ] GC(130) Survivor regions: 3->5(6)
[2024-08-28T01:13:49.501+0000][info][gc,heap        ] GC(130) Old regions: 1006->1006
[2024-08-28T01:13:49.501+0000][info][gc,heap        ] GC(130) Archive regions: 2->2
[2024-08-28T01:13:49.501+0000][info][gc,heap        ] GC(130) Humongous regions: 5->5
[2024-08-28T01:13:49.501+0000][info][gc,metaspace   ] GC(130) Metaspace: 100K(320K)->100K(320K) NonClass: 96K(192K)->96K(192K) Class: 4K(128K)->4K(128K)
[2024-08-28T01:13:49.501+0000][info][gc             ] GC(130) Pause Young (Normal) (G1 Preventive Collection) 1016M->1016M(1024M) 3.358ms
[2024-08-28T01:13:49.501+0000][info][gc,cpu         ] GC(130) User=0.06s Sys=0.01s Real=0.00s
[2024-08-28T01:13:49.503+0000][info][gc,start       ] GC(131) Pause Young (Normal) (G1 Preventive Collection)
[2024-08-28T01:13:49.503+0000][info][gc,task        ] GC(131) Using 24 workers of 68 for evacuation
[2024-08-28T01:13:49.506+0000][info][gc             ] GC(131) To-space exhausted
[2024-08-28T01:13:49.506+0000][info][gc,phases      ] GC(131)   Pre Evacuate Collection Set: 0.1ms
[2024-08-28T01:13:49.506+0000][info][gc,phases      ] GC(131)   Merge Heap Roots: 0.6ms
[2024-08-28T01:13:49.506+0000][info][gc,phases      ] GC(131)   Evacuate Collection Set: 2.0ms
[2024-08-28T01:13:49.506+0000][info][gc,phases      ] GC(131)   Post Evacuate Collection Set: 0.5ms
[2024-08-28T01:13:49.506+0000][info][gc,phases      ] GC(131)   Other: 0.2ms
[2024-08-28T01:13:49.506+0000][info][gc,heap        ] GC(131) Eden regions: 1->0(48)
[2024-08-28T01:13:49.506+0000][info][gc,heap        ] GC(131) Survivor regions: 5->3(5)
[2024-08-28T01:13:49.507+0000][info][gc,heap        ] GC(131) Old regions: 1006->1013
[2024-08-28T01:13:49.507+0000][info][gc,heap        ] GC(131) Archive regions: 2->2
[2024-08-28T01:13:49.507+0000][info][gc,heap        ] GC(131) Humongous regions: 5->5
[2024-08-28T01:13:49.507+0000][info][gc,metaspace   ] GC(131) Metaspace: 100K(320K)->100K(320K) NonClass: 96K(192K)->96K(192K) Class: 4K(128K)->4K(128K)
[2024-08-28T01:13:49.507+0000][info][gc             ] GC(131) Pause Young (Normal) (G1 Preventive Collection) 1017M->1021M(1024M) 3.653ms
[2024-08-28T01:13:49.507+0000][info][gc,cpu         ] GC(131) User=0.07s Sys=0.00s Real=0.00s
[2024-08-28T01:13:49.508+0000][info][gc,start       ] GC(132) Pause Young (Normal) (G1 Evacuation Pause)
[2024-08-28T01:13:49.508+0000][info][gc,task        ] GC(132) Using 24 workers of 68 for evacuation
[2024-08-28T01:13:49.512+0000][info][gc             ] GC(132) To-space exhausted
[2024-08-28T01:13:49.512+0000][info][gc,phases      ] GC(132)   Pre Evacuate Collection Set: 0.2ms
[2024-08-28T01:13:49.512+0000][info][gc,phases      ] GC(132)   Merge Heap Roots: 0.6ms
[2024-08-28T01:13:49.512+0000][info][gc,phases      ] GC(132)   Evacuate Collection Set: 2.1ms
[2024-08-28T01:13:49.512+0000][info][gc,phases      ] GC(132)   Post Evacuate Collection Set: 0.7ms
[2024-08-28T01:13:49.512+0000][info][gc,phases      ] GC(132)   Other: 0.2ms
[2024-08-28T01:13:49.512+0000][info][gc,heap        ] GC(132) Eden regions: 1->0(51)
[2024-08-28T01:13:49.512+0000][info][gc,heap        ] GC(132) Survivor regions: 3->0(0)
[2024-08-28T01:13:49.512+0000][info][gc,heap        ] GC(132) Old regions: 1013->1017
[2024-08-28T01:13:49.512+0000][info][gc,heap        ] GC(132) Archive regions: 2->2
[2024-08-28T01:13:49.512+0000][info][gc,heap        ] GC(132) Humongous regions: 5->5
[2024-08-28T01:13:49.512+0000][info][gc,metaspace   ] GC(132) Metaspace: 100K(320K)->100K(320K) NonClass: 96K(192K)->96K(192K) Class: 4K(128K)->4K(128K)
[2024-08-28T01:13:49.512+0000][info][gc             ] GC(132) Pause Young (Normal) (G1 Evacuation Pause) 1022M->1022M(1024M) 3.859ms
[2024-08-28T01:13:49.512+0000][info][gc,cpu         ] GC(132) User=0.06s Sys=0.00s Real=0.01s
[2024-08-28T01:13:49.512+0000][info][gc,ergo        ] Attempting full compaction
[2024-08-28T01:13:49.512+0000][info][gc,task        ] GC(133) Using 24 workers of 68 for full compaction
[2024-08-28T01:13:49.514+0000][info][gc,start       ] GC(133) Pause Full (G1 Compaction Pause)
[2024-08-28T01:13:49.515+0000][info][gc,phases,start] GC(133) Phase 1: Mark live objects
[2024-08-28T01:13:49.527+0000][info][gc,phases      ] GC(133) Phase 1: Mark live objects 12.508ms
[2024-08-28T01:13:49.528+0000][info][gc,phases,start] GC(133) Phase 2: Prepare for compaction
[2024-08-28T01:13:49.538+0000][info][gc,phases      ] GC(133) Phase 2: Prepare for compaction 10.576ms
[2024-08-28T01:13:49.538+0000][info][gc,phases,start] GC(133) Phase 3: Adjust pointers
[2024-08-28T01:13:49.551+0000][info][gc,phases      ] GC(133) Phase 3: Adjust pointers 13.084ms
[2024-08-28T01:13:49.551+0000][info][gc,phases,start] GC(133) Phase 4: Compact heap
[2024-08-28T01:13:49.581+0000][info][gc,phases      ] GC(133) Phase 4: Compact heap 29.638ms
[2024-08-28T01:13:49.583+0000][info][gc,heap        ] GC(133) Eden regions: 0->0(150)
[2024-08-28T01:13:49.583+0000][info][gc,heap        ] GC(133) Survivor regions: 0->0(0)
[2024-08-28T01:13:49.583+0000][info][gc,heap        ] GC(133) Old regions: 1017->443
[2024-08-28T01:13:49.583+0000][info][gc,heap        ] GC(133) Archive regions: 2->2
[2024-08-28T01:13:49.583+0000][info][gc,heap        ] GC(133) Humongous regions: 5->5
[2024-08-28T01:13:49.583+0000][info][gc,metaspace   ] GC(133) Metaspace: 100K(320K)->100K(320K) NonClass: 96K(192K)->96K(192K) Class: 4K(128K)->4K(128K)
[2024-08-28T01:13:49.583+0000][info][gc             ] GC(133) Pause Full (G1 Compaction Pause) 1022M->436M(1024M) 69.082ms
[2024-08-28T01:13:49.583+0000][info][gc,cpu         ] GC(133) User=1.42s Sys=0.01s Real=0.07s
[2024-08-28T01:13:49.583+0000][info][gc,marking     ] GC(125) Concurrent Rebuild Remembered Sets 113.763ms
[2024-08-28T01:13:49.583+0000][info][gc,marking     ] GC(125) Concurrent Mark Abort
[2024-08-28T01:13:49.583+0000][info][gc             ] GC(125) Concurrent Mark Cycle 151.423ms
[2024-08-28T01:13:49.667+0000][info][gc,start       ] GC(134) Pause Young (Normal) (G1 Evacuation Pause)
[2024-08-28T01:13:49.667+0000][info][gc,task        ] GC(134) Using 24 workers of 68 for evacuation
[2024-08-28T01:13:49.742+0000][info][gc,phases      ] GC(134)   Pre Evacuate Collection Set: 0.2ms
[2024-08-28T01:13:49.742+0000][info][gc,phases      ] GC(134)   Merge Heap Roots: 0.6ms
[2024-08-28T01:13:49.742+0000][info][gc,phases      ] GC(134)   Evacuate Collection Set: 73.3ms
[2024-08-28T01:13:49.742+0000][info][gc,phases      ] GC(134)   Post Evacuate Collection Set: 0.5ms
[2024-08-28T01:13:49.742+0000][info][gc,phases      ] GC(134)   Other: 0.4ms
[2024-08-28T01:13:49.742+0000][info][gc,heap        ] GC(134) Eden regions: 150->0(104)
[2024-08-28T01:13:49.742+0000][info][gc,heap        ] GC(134) Survivor regions: 0->19(19)
[2024-08-28T01:13:49.742+0000][info][gc,heap        ] GC(134) Old regions: 443->568
[2024-08-28T01:13:49.742+0000][info][gc,heap        ] GC(134) Archive regions: 2->2
[2024-08-28T01:13:49.742+0000][info][gc,heap        ] GC(134) Humongous regions: 5->5
[2024-08-28T01:13:49.742+0000][info][gc,metaspace   ] GC(134) Metaspace: 100K(320K)->100K(320K) NonClass: 96K(192K)->96K(192K) Class: 4K(128K)->4K(128K)
[2024-08-28T01:13:49.742+0000][info][gc             ] GC(134) Pause Young (Normal) (G1 Evacuation Pause) 586M->579M(1024M) 75.086ms
[2024-08-28T01:13:49.742+0000][info][gc,cpu         ] GC(134) User=0.41s Sys=1.13s Real=0.08s
[2024-08-28T01:13:49.790+0000][info][gc,start       ] GC(135) Pause Young (Concurrent Start) (G1 Evacuation Pause)
[2024-08-28T01:13:49.790+0000][info][gc,task        ] GC(135) Using 24 workers of 68 for evacuation
[2024-08-28T01:13:49.808+0000][info][gc,phases      ] GC(135)   Pre Evacuate Collection Set: 0.2ms
[2024-08-28T01:13:49.808+0000][info][gc,phases      ] GC(135)   Merge Heap Roots: 0.6ms
[2024-08-28T01:13:49.808+0000][info][gc,phases      ] GC(135)   Evacuate Collection Set: 15.8ms
[2024-08-28T01:13:49.808+0000][info][gc,phases      ] GC(135)   Post Evacuate Collection Set: 0.4ms
[2024-08-28T01:13:49.808+0000][info][gc,phases      ] GC(135)   Other: 1.1ms
[2024-08-28T01:13:49.808+0000][info][gc,heap        ] GC(135) Eden regions: 104->0(71)
[2024-08-28T01:13:49.808+0000][info][gc,heap        ] GC(135) Survivor regions: 19->16(16)
[2024-08-28T01:13:49.808+0000][info][gc,heap        ] GC(135) Old regions: 568->672
[2024-08-28T01:13:49.808+0000][info][gc,heap        ] GC(135) Archive regions: 2->2
[2024-08-28T01:13:49.808+0000][info][gc,heap        ] GC(135) Humongous regions: 5->5
[2024-08-28T01:13:49.808+0000][info][gc,metaspace   ] GC(135) Metaspace: 100K(320K)->100K(320K) NonClass: 96K(192K)->96K(192K) Class: 4K(128K)->4K(128K)
[2024-08-28T01:13:49.808+0000][info][gc             ] GC(135) Pause Young (Concurrent Start) (G1 Evacuation Pause) 683M->681M(1024M) 18.168ms
[2024-08-28T01:13:49.808+0000][info][gc,cpu         ] GC(135) User=0.38s Sys=0.00s Real=0.01s
[2024-08-28T01:13:49.808+0000][info][gc             ] GC(136) Concurrent Mark Cycle
[2024-08-28T01:13:49.808+0000][info][gc,marking     ] GC(136) Concurrent Clear Claimed Marks
[2024-08-28T01:13:49.808+0000][info][gc,marking     ] GC(136) Concurrent Clear Claimed Marks 0.010ms
[2024-08-28T01:13:49.808+0000][info][gc,marking     ] GC(136) Concurrent Scan Root Regions
[2024-08-28T01:13:49.811+0000][info][gc,marking     ] GC(136) Concurrent Scan Root Regions 3.451ms
[2024-08-28T01:13:49.811+0000][info][gc,marking     ] GC(136) Concurrent Mark
[2024-08-28T01:13:49.811+0000][info][gc,marking     ] GC(136) Concurrent Mark From Roots
[2024-08-28T01:13:49.811+0000][info][gc,task        ] GC(136) Using 17 workers of 17 for marking
[2024-08-28T01:13:49.833+0000][info][gc,marking     ] GC(136) Concurrent Mark From Roots 21.064ms
[2024-08-28T01:13:49.833+0000][info][gc,marking     ] GC(136) Concurrent Preclean
[2024-08-28T01:13:49.833+0000][info][gc,marking     ] GC(136) Concurrent Preclean 0.511ms
[2024-08-28T01:13:49.833+0000][info][gc,start       ] GC(136) Pause Remark
[2024-08-28T01:13:49.835+0000][info][gc             ] GC(136) Pause Remark 720M->720M(1024M) 1.926ms
[2024-08-28T01:13:49.835+0000][info][gc,cpu         ] GC(136) User=0.01s Sys=0.00s Real=0.00s
[2024-08-28T01:13:49.835+0000][info][gc,marking     ] GC(136) Concurrent Mark 24.005ms
[2024-08-28T01:13:49.835+0000][info][gc,marking     ] GC(136) Concurrent Rebuild Remembered Sets
[2024-08-28T01:13:49.851+0000][info][gc,start       ] GC(137) Pause Young (Normal) (G1 Evacuation Pause)
[2024-08-28T01:13:49.851+0000][info][gc,task        ] GC(137) Using 24 workers of 68 for evacuation
[2024-08-28T01:13:49.865+0000][info][gc,phases      ] GC(137)   Pre Evacuate Collection Set: 0.2ms
[2024-08-28T01:13:49.865+0000][info][gc,phases      ] GC(137)   Merge Heap Roots: 0.5ms
[2024-08-28T01:13:49.865+0000][info][gc,phases      ] GC(137)   Evacuate Collection Set: 12.3ms
[2024-08-28T01:13:49.865+0000][info][gc,phases      ] GC(137)   Post Evacuate Collection Set: 0.6ms
[2024-08-28T01:13:49.865+0000][info][gc,phases      ] GC(137)   Other: 0.3ms
[2024-08-28T01:13:49.865+0000][info][gc,heap        ] GC(137) Eden regions: 71->0(47)
[2024-08-28T01:13:49.865+0000][info][gc,heap        ] GC(137) Survivor regions: 16->11(11)
[2024-08-28T01:13:49.865+0000][info][gc,heap        ] GC(137) Old regions: 672->752
[2024-08-28T01:13:49.865+0000][info][gc,heap        ] GC(137) Archive regions: 2->2
[2024-08-28T01:13:49.865+0000][info][gc,heap        ] GC(137) Humongous regions: 5->5
[2024-08-28T01:13:49.865+0000][info][gc,metaspace   ] GC(137) Metaspace: 100K(320K)->100K(320K) NonClass: 96K(192K)->96K(192K) Class: 4K(128K)->4K(128K)
[2024-08-28T01:13:49.865+0000][info][gc             ] GC(137) Pause Young (Normal) (G1 Evacuation Pause) 752M->756M(1024M) 14.145ms
[2024-08-28T01:13:49.865+0000][info][gc,cpu         ] GC(137) User=0.32s Sys=0.00s Real=0.01s
[2024-08-28T01:13:49.888+0000][info][gc,start       ] GC(138) Pause Young (Normal) (G1 Evacuation Pause)
[2024-08-28T01:13:49.888+0000][info][gc,task        ] GC(138) Using 24 workers of 68 for evacuation
[2024-08-28T01:13:49.908+0000][info][gc,phases      ] GC(138)   Pre Evacuate Collection Set: 0.2ms
[2024-08-28T01:13:49.909+0000][info][gc,phases      ] GC(138)   Merge Heap Roots: 0.7ms
[2024-08-28T01:13:49.909+0000][info][gc,phases      ] GC(138)   Evacuate Collection Set: 18.2ms
[2024-08-28T01:13:49.909+0000][info][gc,phases      ] GC(138)   Post Evacuate Collection Set: 0.7ms
[2024-08-28T01:13:49.909+0000][info][gc,phases      ] GC(138)   Other: 0.4ms
[2024-08-28T01:13:49.909+0000][info][gc,heap        ] GC(138) Eden regions: 47->0(43)
[2024-08-28T01:13:49.909+0000][info][gc,heap        ] GC(138) Survivor regions: 11->8(8)
[2024-08-28T01:13:49.909+0000][info][gc,heap        ] GC(138) Old regions: 752->808
[2024-08-28T01:13:49.909+0000][info][gc,heap        ] GC(138) Archive regions: 2->2
[2024-08-28T01:13:49.909+0000][info][gc,heap        ] GC(138) Humongous regions: 5->5
[2024-08-28T01:13:49.909+0000][info][gc,metaspace   ] GC(138) Metaspace: 100K(320K)->100K(320K) NonClass: 96K(192K)->96K(192K) Class: 4K(128K)->4K(128K)
[2024-08-28T01:13:49.909+0000][info][gc             ] GC(138) Pause Young (Normal) (G1 Evacuation Pause) 803M->809M(1024M) 20.395ms
[2024-08-28T01:13:49.909+0000][info][gc,cpu         ] GC(138) User=0.46s Sys=0.00s Real=0.02s
[2024-08-28T01:13:49.917+0000][info][gc,marking     ] GC(136) Concurrent Rebuild Remembered Sets 81.231ms
[2024-08-28T01:13:49.917+0000][info][gc,start       ] GC(136) Pause Cleanup
[2024-08-28T01:13:49.920+0000][info][gc             ] GC(136) Pause Cleanup 825M->825M(1024M) 2.567ms
[2024-08-28T01:13:49.920+0000][info][gc,cpu         ] GC(136) User=0.01s Sys=0.00s Real=0.01s
[2024-08-28T01:13:49.920+0000][info][gc,marking     ] GC(136) Concurrent Cleanup for Next Mark
[2024-08-28T01:13:49.920+0000][info][gc,marking     ] GC(136) Concurrent Cleanup for Next Mark 0.581ms
[2024-08-28T01:13:49.920+0000][info][gc             ] GC(136) Concurrent Mark Cycle 112.442ms
[2024-08-28T01:13:49.934+0000][info][gc,start       ] GC(139) Pause Young (Prepare Mixed) (G1 Evacuation Pause)
[2024-08-28T01:13:49.934+0000][info][gc,task        ] GC(139) Using 24 workers of 68 for evacuation
[2024-08-28T01:13:49.952+0000][info][gc,phases      ] GC(139)   Pre Evacuate Collection Set: 0.2ms
[2024-08-28T01:13:49.952+0000][info][gc,phases      ] GC(139)   Merge Heap Roots: 1.0ms
[2024-08-28T01:13:49.952+0000][info][gc,phases      ] GC(139)   Evacuate Collection Set: 15.8ms
[2024-08-28T01:13:49.952+0000][info][gc,phases      ] GC(139)   Post Evacuate Collection Set: 0.4ms
[2024-08-28T01:13:49.952+0000][info][gc,phases      ] GC(139)   Other: 0.4ms
[2024-08-28T01:13:49.952+0000][info][gc,heap        ] GC(139) Eden regions: 43->0(44)
[2024-08-28T01:13:49.952+0000][info][gc,heap        ] GC(139) Survivor regions: 8->7(7)
[2024-08-28T01:13:49.952+0000][info][gc,heap        ] GC(139) Old regions: 808->855
[2024-08-28T01:13:49.952+0000][info][gc,heap        ] GC(139) Archive regions: 2->2
[2024-08-28T01:13:49.952+0000][info][gc,heap        ] GC(139) Humongous regions: 5->5
[2024-08-28T01:13:49.952+0000][info][gc,metaspace   ] GC(139) Metaspace: 100K(320K)->100K(320K) NonClass: 96K(192K)->96K(192K) Class: 4K(128K)->4K(128K)
[2024-08-28T01:13:49.952+0000][info][gc             ] GC(139) Pause Young (Prepare Mixed) (G1 Evacuation Pause) 852M->855M(1024M) 17.959ms
[2024-08-28T01:13:49.952+0000][info][gc,cpu         ] GC(139) User=0.41s Sys=0.00s Real=0.02s
[2024-08-28T01:13:49.973+0000][info][gc,start       ] GC(140) Pause Young (Mixed) (G1 Evacuation Pause)
[2024-08-28T01:13:49.973+0000][info][gc,task        ] GC(140) Using 24 workers of 68 for evacuation
[2024-08-28T01:13:49.987+0000][info][gc,phases      ] GC(140)   Pre Evacuate Collection Set: 0.3ms
[2024-08-28T01:13:49.987+0000][info][gc,phases      ] GC(140)   Merge Heap Roots: 0.6ms
[2024-08-28T01:13:49.987+0000][info][gc,phases      ] GC(140)   Evacuate Collection Set: 12.2ms
[2024-08-28T01:13:49.987+0000][info][gc,phases      ] GC(140)   Post Evacuate Collection Set: 0.4ms
[2024-08-28T01:13:49.987+0000][info][gc,phases      ] GC(140)   Other: 0.4ms
[2024-08-28T01:13:49.987+0000][info][gc,heap        ] GC(140) Eden regions: 44->0(44)
[2024-08-28T01:13:49.987+0000][info][gc,heap        ] GC(140) Survivor regions: 7->7(7)
[2024-08-28T01:13:49.987+0000][info][gc,heap        ] GC(140) Old regions: 855->840
[2024-08-28T01:13:49.987+0000][info][gc,heap        ] GC(140) Archive regions: 2->2
[2024-08-28T01:13:49.987+0000][info][gc,heap        ] GC(140) Humongous regions: 5->5
[2024-08-28T01:13:49.987+0000][info][gc,metaspace   ] GC(140) Metaspace: 100K(320K)->100K(320K) NonClass: 96K(192K)->96K(192K) Class: 4K(128K)->4K(128K)
[2024-08-28T01:13:49.987+0000][info][gc             ] GC(140) Pause Young (Mixed) (G1 Evacuation Pause) 899M->840M(1024M) 14.010ms
[2024-08-28T01:13:49.987+0000][info][gc,cpu         ] GC(140) User=0.30s Sys=0.00s Real=0.01s
[2024-08-28T01:13:50.008+0000][info][gc,start       ] GC(141) Pause Young (Mixed) (G1 Evacuation Pause)
[2024-08-28T01:13:50.008+0000][info][gc,task        ] GC(141) Using 24 workers of 68 for evacuation
[2024-08-28T01:13:50.019+0000][info][gc,phases      ] GC(141)   Pre Evacuate Collection Set: 0.2ms
[2024-08-28T01:13:50.019+0000][info][gc,phases      ] GC(141)   Merge Heap Roots: 0.6ms
[2024-08-28T01:13:50.019+0000][info][gc,phases      ] GC(141)   Evacuate Collection Set: 9.6ms
[2024-08-28T01:13:50.019+0000][info][gc,phases      ] GC(141)   Post Evacuate Collection Set: 0.4ms
[2024-08-28T01:13:50.019+0000][info][gc,phases      ] GC(141)   Other: 0.3ms
[2024-08-28T01:13:50.019+0000][info][gc,heap        ] GC(141) Eden regions: 44->0(44)
[2024-08-28T01:13:50.019+0000][info][gc,heap        ] GC(141) Survivor regions: 7->7(7)
[2024-08-28T01:13:50.019+0000][info][gc,heap        ] GC(141) Old regions: 840->825
[2024-08-28T01:13:50.019+0000][info][gc,heap        ] GC(141) Archive regions: 2->2
[2024-08-28T01:13:50.019+0000][info][gc,heap        ] GC(141) Humongous regions: 5->5
[2024-08-28T01:13:50.019+0000][info][gc,metaspace   ] GC(141) Metaspace: 100K(320K)->100K(320K) NonClass: 96K(192K)->96K(192K) Class: 4K(128K)->4K(128K)
[2024-08-28T01:13:50.019+0000][info][gc             ] GC(141) Pause Young (Mixed) (G1 Evacuation Pause) 884M->825M(1024M) 11.371ms
[2024-08-28T01:13:50.019+0000][info][gc,cpu         ] GC(141) User=0.25s Sys=0.00s Real=0.02s
[2024-08-28T01:13:50.039+0000][info][gc,start       ] GC(142) Pause Young (Mixed) (G1 Evacuation Pause)
[2024-08-28T01:13:50.039+0000][info][gc,task        ] GC(142) Using 24 workers of 68 for evacuation
[2024-08-28T01:13:50.050+0000][info][gc,phases      ] GC(142)   Pre Evacuate Collection Set: 0.2ms
[2024-08-28T01:13:50.050+0000][info][gc,phases      ] GC(142)   Merge Heap Roots: 0.7ms
[2024-08-28T01:13:50.050+0000][info][gc,phases      ] GC(142)   Evacuate Collection Set: 9.7ms
[2024-08-28T01:13:50.050+0000][info][gc,phases      ] GC(142)   Post Evacuate Collection Set: 0.4ms
[2024-08-28T01:13:50.050+0000][info][gc,phases      ] GC(142)   Other: 0.3ms
[2024-08-28T01:13:50.050+0000][info][gc,heap        ] GC(142) Eden regions: 44->0(44)
[2024-08-28T01:13:50.050+0000][info][gc,heap        ] GC(142) Survivor regions: 7->7(7)
[2024-08-28T01:13:50.050+0000][info][gc,heap        ] GC(142) Old regions: 825->815
[2024-08-28T01:13:50.050+0000][info][gc,heap        ] GC(142) Archive regions: 2->2
[2024-08-28T01:13:50.050+0000][info][gc,heap        ] GC(142) Humongous regions: 5->5
[2024-08-28T01:13:50.050+0000][info][gc,metaspace   ] GC(142) Metaspace: 100K(320K)->100K(320K) NonClass: 96K(192K)->96K(192K) Class: 4K(128K)->4K(128K)
[2024-08-28T01:13:50.050+0000][info][gc             ] GC(142) Pause Young (Mixed) (G1 Evacuation Pause) 869M->820M(1024M) 11.484ms
[2024-08-28T01:13:50.051+0000][info][gc,cpu         ] GC(142) User=0.23s Sys=0.01s Real=0.01s
[2024-08-28T01:13:50.071+0000][info][gc,start       ] GC(143) Pause Young (Mixed) (G1 Evacuation Pause)
[2024-08-28T01:13:50.071+0000][info][gc,task        ] GC(143) Using 24 workers of 68 for evacuation
[2024-08-28T01:13:50.082+0000][info][gc,phases      ] GC(143)   Pre Evacuate Collection Set: 0.2ms
[2024-08-28T01:13:50.082+0000][info][gc,phases      ] GC(143)   Merge Heap Roots: 0.6ms
[2024-08-28T01:13:50.082+0000][info][gc,phases      ] GC(143)   Evacuate Collection Set: 9.3ms
[2024-08-28T01:13:50.082+0000][info][gc,phases      ] GC(143)   Post Evacuate Collection Set: 0.4ms
[2024-08-28T01:13:50.082+0000][info][gc,phases      ] GC(143)   Other: 0.3ms
[2024-08-28T01:13:50.082+0000][info][gc,heap        ] GC(143) Eden regions: 44->0(44)
[2024-08-28T01:13:50.082+0000][info][gc,heap        ] GC(143) Survivor regions: 7->7(7)
[2024-08-28T01:13:50.082+0000][info][gc,heap        ] GC(143) Old regions: 815->844
[2024-08-28T01:13:50.082+0000][info][gc,heap        ] GC(143) Archive regions: 2->2
[2024-08-28T01:13:50.082+0000][info][gc,heap        ] GC(143) Humongous regions: 5->5
[2024-08-28T01:13:50.082+0000][info][gc,metaspace   ] GC(143) Metaspace: 100K(320K)->100K(320K) NonClass: 96K(192K)->96K(192K) Class: 4K(128K)->4K(128K)
[2024-08-28T01:13:50.082+0000][info][gc             ] GC(143) Pause Young (Mixed) (G1 Evacuation Pause) 864M->853M(1024M) 10.979ms
[2024-08-28T01:13:50.082+0000][info][gc,cpu         ] GC(143) User=0.23s Sys=0.01s Real=0.01s
[2024-08-28T01:13:50.103+0000][info][gc,start       ] GC(144) Pause Young (Concurrent Start) (G1 Evacuation Pause)
[2024-08-28T01:13:50.103+0000][info][gc,task        ] GC(144) Using 24 workers of 68 for evacuation
[2024-08-28T01:13:50.114+0000][info][gc,phases      ] GC(144)   Pre Evacuate Collection Set: 0.2ms
[2024-08-28T01:13:50.114+0000][info][gc,phases      ] GC(144)   Merge Heap Roots: 0.7ms
[2024-08-28T01:13:50.114+0000][info][gc,phases      ] GC(144)   Evacuate Collection Set: 8.8ms
[2024-08-28T01:13:50.114+0000][info][gc,phases      ] GC(144)   Post Evacuate Collection Set: 0.5ms
[2024-08-28T01:13:50.114+0000][info][gc,phases      ] GC(144)   Other: 1.0ms
[2024-08-28T01:13:50.114+0000][info][gc,heap        ] GC(144) Eden regions: 44->0(44)
[2024-08-28T01:13:50.114+0000][info][gc,heap        ] GC(144) Survivor regions: 7->7(7)
[2024-08-28T01:13:50.114+0000][info][gc,heap        ] GC(144) Old regions: 844->891
[2024-08-28T01:13:50.114+0000][info][gc,heap        ] GC(144) Archive regions: 2->2
[2024-08-28T01:13:50.114+0000][info][gc,heap        ] GC(144) Humongous regions: 5->5
[2024-08-28T01:13:50.114+0000][info][gc,metaspace   ] GC(144) Metaspace: 100K(320K)->100K(320K) NonClass: 96K(192K)->96K(192K) Class: 4K(128K)->4K(128K)
[2024-08-28T01:13:50.114+0000][info][gc             ] GC(144) Pause Young (Concurrent Start) (G1 Evacuation Pause) 897M->900M(1024M) 11.295ms
[2024-08-28T01:13:50.114+0000][info][gc,cpu         ] GC(144) User=0.22s Sys=0.00s Real=0.01s
[2024-08-28T01:13:50.114+0000][info][gc             ] GC(145) Concurrent Mark Cycle
[2024-08-28T01:13:50.114+0000][info][gc,marking     ] GC(145) Concurrent Clear Claimed Marks
[2024-08-28T01:13:50.114+0000][info][gc,marking     ] GC(145) Concurrent Clear Claimed Marks 0.013ms
[2024-08-28T01:13:50.114+0000][info][gc,marking     ] GC(145) Concurrent Scan Root Regions
[2024-08-28T01:13:50.116+0000][info][gc,marking     ] GC(145) Concurrent Scan Root Regions 1.443ms
[2024-08-28T01:13:50.116+0000][info][gc,marking     ] GC(145) Concurrent Mark
[2024-08-28T01:13:50.116+0000][info][gc,marking     ] GC(145) Concurrent Mark From Roots
[2024-08-28T01:13:50.116+0000][info][gc,task        ] GC(145) Using 17 workers of 17 for marking
[2024-08-28T01:13:50.139+0000][info][gc,marking     ] GC(145) Concurrent Mark From Roots 22.803ms
[2024-08-28T01:13:50.139+0000][info][gc,marking     ] GC(145) Concurrent Preclean
[2024-08-28T01:13:50.139+0000][info][gc,marking     ] GC(145) Concurrent Preclean 0.812ms
[2024-08-28T01:13:50.140+0000][info][gc,start       ] GC(145) Pause Remark
[2024-08-28T01:13:50.141+0000][info][gc             ] GC(145) Pause Remark 933M->933M(1024M) 1.271ms
[2024-08-28T01:13:50.141+0000][info][gc,cpu         ] GC(145) User=0.01s Sys=0.00s Real=0.00s
[2024-08-28T01:13:50.141+0000][info][gc,marking     ] GC(145) Concurrent Mark 25.243ms
[2024-08-28T01:13:50.141+0000][info][gc,marking     ] GC(145) Concurrent Rebuild Remembered Sets
[2024-08-28T01:13:50.147+0000][info][gc,start       ] GC(146) Pause Young (Normal) (G1 Evacuation Pause)
[2024-08-28T01:13:50.147+0000][info][gc,task        ] GC(146) Using 24 workers of 68 for evacuation
[2024-08-28T01:13:50.157+0000][info][gc,phases      ] GC(146)   Pre Evacuate Collection Set: 0.1ms
[2024-08-28T01:13:50.157+0000][info][gc,phases      ] GC(146)   Merge Heap Roots: 0.4ms
[2024-08-28T01:13:50.157+0000][info][gc,phases      ] GC(146)   Evacuate Collection Set: 9.0ms
[2024-08-28T01:13:50.157+0000][info][gc,phases      ] GC(146)   Post Evacuate Collection Set: 0.4ms
[2024-08-28T01:13:50.157+0000][info][gc,phases      ] GC(146)   Other: 0.2ms
[2024-08-28T01:13:50.157+0000][info][gc,heap        ] GC(146) Eden regions: 44->0(44)
[2024-08-28T01:13:50.157+0000][info][gc,heap        ] GC(146) Survivor regions: 7->7(7)
[2024-08-28T01:13:50.157+0000][info][gc,heap        ] GC(146) Old regions: 891->938
[2024-08-28T01:13:50.157+0000][info][gc,heap        ] GC(146) Archive regions: 2->2
[2024-08-28T01:13:50.157+0000][info][gc,heap        ] GC(146) Humongous regions: 5->5
[2024-08-28T01:13:50.157+0000][info][gc,metaspace   ] GC(146) Metaspace: 100K(320K)->100K(320K) NonClass: 96K(192K)->96K(192K) Class: 4K(128K)->4K(128K)
[2024-08-28T01:13:50.157+0000][info][gc             ] GC(146) Pause Young (Normal) (G1 Evacuation Pause) 944M->946M(1024M) 10.165ms
[2024-08-28T01:13:50.157+0000][info][gc,cpu         ] GC(146) User=0.22s Sys=0.00s Real=0.01s
[2024-08-28T01:13:50.173+0000][info][gc,start       ] GC(147) Pause Young (Normal) (G1 Preventive Collection)
[2024-08-28T01:13:50.174+0000][info][gc,task        ] GC(147) Using 24 workers of 68 for evacuation
[2024-08-28T01:13:50.187+0000][info][gc             ] GC(147) To-space exhausted
[2024-08-28T01:13:50.187+0000][info][gc,phases      ] GC(147)   Pre Evacuate Collection Set: 0.2ms
[2024-08-28T01:13:50.187+0000][info][gc,phases      ] GC(147)   Merge Heap Roots: 0.5ms
[2024-08-28T01:13:50.187+0000][info][gc,phases      ] GC(147)   Evacuate Collection Set: 12.1ms
[2024-08-28T01:13:50.187+0000][info][gc,phases      ] GC(147)   Post Evacuate Collection Set: 0.8ms
[2024-08-28T01:13:50.187+0000][info][gc,phases      ] GC(147)   Other: 0.2ms
[2024-08-28T01:13:50.187+0000][info][gc,heap        ] GC(147) Eden regions: 31->0(44)
[2024-08-28T01:13:50.187+0000][info][gc,heap        ] GC(147) Survivor regions: 7->7(7)
[2024-08-28T01:13:50.187+0000][info][gc,heap        ] GC(147) Old regions: 938->980
[2024-08-28T01:13:50.187+0000][info][gc,heap        ] GC(147) Archive regions: 2->2
[2024-08-28T01:13:50.187+0000][info][gc,heap        ] GC(147) Humongous regions: 5->5
[2024-08-28T01:13:50.187+0000][info][gc,metaspace   ] GC(147) Metaspace: 100K(320K)->100K(320K) NonClass: 96K(192K)->96K(192K) Class: 4K(128K)->4K(128K)
[2024-08-28T01:13:50.187+0000][info][gc             ] GC(147) Pause Young (Normal) (G1 Preventive Collection) 977M->989M(1024M) 13.924ms
[2024-08-28T01:13:50.187+0000][info][gc,cpu         ] GC(147) User=0.31s Sys=0.00s Real=0.01s
[2024-08-28T01:13:50.193+0000][info][gc,start       ] GC(148) Pause Young (Normal) (G1 Preventive Collection)
[2024-08-28T01:13:50.193+0000][info][gc,task        ] GC(148) Using 24 workers of 68 for evacuation
[2024-08-28T01:13:50.202+0000][info][gc,phases      ] GC(148)   Pre Evacuate Collection Set: 0.1ms
[2024-08-28T01:13:50.202+0000][info][gc,phases      ] GC(148)   Merge Heap Roots: 0.4ms
[2024-08-28T01:13:50.202+0000][info][gc,phases      ] GC(148)   Evacuate Collection Set: 7.9ms
[2024-08-28T01:13:50.202+0000][info][gc,phases      ] GC(148)   Post Evacuate Collection Set: 0.5ms
[2024-08-28T01:13:50.202+0000][info][gc,phases      ] GC(148)   Other: 0.2ms
[2024-08-28T01:13:50.202+0000][info][gc,heap        ] GC(148) Eden regions: 10->0(44)
[2024-08-28T01:13:50.202+0000][info][gc,heap        ] GC(148) Survivor regions: 7->7(7)
[2024-08-28T01:13:50.202+0000][info][gc,heap        ] GC(148) Old regions: 980->993
[2024-08-28T01:13:50.202+0000][info][gc,heap        ] GC(148) Archive regions: 2->2
[2024-08-28T01:13:50.202+0000][info][gc,heap        ] GC(148) Humongous regions: 5->5
[2024-08-28T01:13:50.202+0000][info][gc,metaspace   ] GC(148) Metaspace: 100K(320K)->100K(320K) NonClass: 96K(192K)->96K(192K) Class: 4K(128K)->4K(128K)
[2024-08-28T01:13:50.202+0000][info][gc             ] GC(148) Pause Young (Normal) (G1 Preventive Collection) 999M->1001M(1024M) 9.160ms
[2024-08-28T01:13:50.202+0000][info][gc,cpu         ] GC(148) User=0.21s Sys=0.00s Real=0.01s
[2024-08-28T01:13:50.205+0000][info][gc,start       ] GC(149) Pause Young (Normal) (G1 Preventive Collection)
[2024-08-28T01:13:50.205+0000][info][gc,task        ] GC(149) Using 24 workers of 68 for evacuation
[2024-08-28T01:13:50.212+0000][info][gc,phases      ] GC(149)   Pre Evacuate Collection Set: 0.1ms
[2024-08-28T01:13:50.212+0000][info][gc,phases      ] GC(149)   Merge Heap Roots: 0.5ms
[2024-08-28T01:13:50.212+0000][info][gc,phases      ] GC(149)   Evacuate Collection Set: 5.4ms
[2024-08-28T01:13:50.212+0000][info][gc,phases      ] GC(149)   Post Evacuate Collection Set: 0.5ms
[2024-08-28T01:13:50.212+0000][info][gc,phases      ] GC(149)   Other: 0.2ms
[2024-08-28T01:13:50.212+0000][info][gc,heap        ] GC(149) Eden regions: 4->0(47)
[2024-08-28T01:13:50.212+0000][info][gc,heap        ] GC(149) Survivor regions: 7->4(7)
[2024-08-28T01:13:50.212+0000][info][gc,heap        ] GC(149) Old regions: 993->1002
[2024-08-28T01:13:50.212+0000][info][gc,heap        ] GC(149) Archive regions: 2->2
[2024-08-28T01:13:50.212+0000][info][gc,heap        ] GC(149) Humongous regions: 5->5
[2024-08-28T01:13:50.212+0000][info][gc,metaspace   ] GC(149) Metaspace: 100K(320K)->100K(320K) NonClass: 96K(192K)->96K(192K) Class: 4K(128K)->4K(128K)
[2024-08-28T01:13:50.212+0000][info][gc             ] GC(149) Pause Young (Normal) (G1 Preventive Collection) 1005M->1007M(1024M) 6.766ms
[2024-08-28T01:13:50.212+0000][info][gc,cpu         ] GC(149) User=0.15s Sys=0.00s Real=0.01s
[2024-08-28T01:13:50.214+0000][info][gc,start       ] GC(150) Pause Young (Normal) (G1 Preventive Collection)
[2024-08-28T01:13:50.214+0000][info][gc,task        ] GC(150) Using 24 workers of 68 for evacuation
[2024-08-28T01:13:50.220+0000][info][gc,phases      ] GC(150)   Pre Evacuate Collection Set: 0.1ms
[2024-08-28T01:13:50.220+0000][info][gc,phases      ] GC(150)   Merge Heap Roots: 0.4ms
[2024-08-28T01:13:50.220+0000][info][gc,phases      ] GC(150)   Evacuate Collection Set: 4.6ms
[2024-08-28T01:13:50.220+0000][info][gc,phases      ] GC(150)   Post Evacuate Collection Set: 0.5ms
[2024-08-28T01:13:50.220+0000][info][gc,phases      ] GC(150)   Other: 0.2ms
[2024-08-28T01:13:50.220+0000][info][gc,heap        ] GC(150) Eden regions: 3->0(48)
[2024-08-28T01:13:50.220+0000][info][gc,heap        ] GC(150) Survivor regions: 4->3(7)
[2024-08-28T01:13:50.220+0000][info][gc,heap        ] GC(150) Old regions: 1002->1007
[2024-08-28T01:13:50.220+0000][info][gc,heap        ] GC(150) Archive regions: 2->2
[2024-08-28T01:13:50.220+0000][info][gc,heap        ] GC(150) Humongous regions: 5->5
[2024-08-28T01:13:50.220+0000][info][gc,metaspace   ] GC(150) Metaspace: 100K(320K)->100K(320K) NonClass: 96K(192K)->96K(192K) Class: 4K(128K)->4K(128K)
[2024-08-28T01:13:50.220+0000][info][gc             ] GC(150) Pause Young (Normal) (G1 Preventive Collection) 1010M->1011M(1024M) 5.943ms
[2024-08-28T01:13:50.220+0000][info][gc,cpu         ] GC(150) User=0.12s Sys=0.00s Real=0.01s
[2024-08-28T01:13:50.221+0000][info][gc,start       ] GC(151) Pause Young (Normal) (G1 Preventive Collection)
[2024-08-28T01:13:50.221+0000][info][gc,task        ] GC(151) Using 24 workers of 68 for evacuation
[2024-08-28T01:13:50.226+0000][info][gc,phases      ] GC(151)   Pre Evacuate Collection Set: 0.1ms
[2024-08-28T01:13:50.227+0000][info][gc,phases      ] GC(151)   Merge Heap Roots: 0.5ms
[2024-08-28T01:13:50.227+0000][info][gc,phases      ] GC(151)   Evacuate Collection Set: 4.2ms
[2024-08-28T01:13:50.227+0000][info][gc,phases      ] GC(151)   Post Evacuate Collection Set: 0.5ms
[2024-08-28T01:13:50.227+0000][info][gc,phases      ] GC(151)   Other: 0.2ms
[2024-08-28T01:13:50.227+0000][info][gc,heap        ] GC(151) Eden regions: 1->0(46)
[2024-08-28T01:13:50.227+0000][info][gc,heap        ] GC(151) Survivor regions: 3->5(6)
[2024-08-28T01:13:50.227+0000][info][gc,heap        ] GC(151) Old regions: 1007->1007
[2024-08-28T01:13:50.227+0000][info][gc,heap        ] GC(151) Archive regions: 2->2
[2024-08-28T01:13:50.227+0000][info][gc,heap        ] GC(151) Humongous regions: 5->5
[2024-08-28T01:13:50.227+0000][info][gc,metaspace   ] GC(151) Metaspace: 100K(320K)->100K(320K) NonClass: 96K(192K)->96K(192K) Class: 4K(128K)->4K(128K)
[2024-08-28T01:13:50.227+0000][info][gc             ] GC(151) Pause Young (Normal) (G1 Preventive Collection) 1012M->1013M(1024M) 5.639ms
[2024-08-28T01:13:50.227+0000][info][gc,cpu         ] GC(151) User=0.11s Sys=0.00s Real=0.00s
[2024-08-28T01:13:50.228+0000][info][gc,start       ] GC(152) Pause Young (Normal) (G1 Preventive Collection)
[2024-08-28T01:13:50.228+0000][info][gc,task        ] GC(152) Using 24 workers of 68 for evacuation
[2024-08-28T01:13:50.233+0000][info][gc             ] GC(152) To-space exhausted
[2024-08-28T01:13:50.233+0000][info][gc,phases      ] GC(152)   Pre Evacuate Collection Set: 0.1ms
[2024-08-28T01:13:50.233+0000][info][gc,phases      ] GC(152)   Merge Heap Roots: 0.5ms
[2024-08-28T01:13:50.233+0000][info][gc,phases      ] GC(152)   Evacuate Collection Set: 4.2ms
[2024-08-28T01:13:50.233+0000][info][gc,phases      ] GC(152)   Post Evacuate Collection Set: 0.7ms
[2024-08-28T01:13:50.233+0000][info][gc,phases      ] GC(152)   Other: 0.2ms
[2024-08-28T01:13:50.233+0000][info][gc,heap        ] GC(152) Eden regions: 1->0(50)
[2024-08-28T01:13:50.233+0000][info][gc,heap        ] GC(152) Survivor regions: 5->1(4)
[2024-08-28T01:13:50.233+0000][info][gc,heap        ] GC(152) Old regions: 1007->1015
[2024-08-28T01:13:50.233+0000][info][gc,heap        ] GC(152) Archive regions: 2->2
[2024-08-28T01:13:50.233+0000][info][gc,heap        ] GC(152) Humongous regions: 5->5
[2024-08-28T01:13:50.233+0000][info][gc,metaspace   ] GC(152) Metaspace: 100K(320K)->100K(320K) NonClass: 96K(192K)->96K(192K) Class: 4K(128K)->4K(128K)
[2024-08-28T01:13:50.233+0000][info][gc             ] GC(152) Pause Young (Normal) (G1 Preventive Collection) 1014M->1017M(1024M) 5.746ms
[2024-08-28T01:13:50.233+0000][info][gc,cpu         ] GC(152) User=0.11s Sys=0.00s Real=0.01s
[2024-08-28T01:13:50.234+0000][info][gc,start       ] GC(153) Pause Young (Normal) (G1 Evacuation Pause)
[2024-08-28T01:13:50.234+0000][info][gc,task        ] GC(153) Using 24 workers of 68 for evacuation
[2024-08-28T01:13:50.240+0000][info][gc             ] GC(153) To-space exhausted
[2024-08-28T01:13:50.240+0000][info][gc,phases      ] GC(153)   Pre Evacuate Collection Set: 0.1ms
[2024-08-28T01:13:50.240+0000][info][gc,phases      ] GC(153)   Merge Heap Roots: 0.5ms
[2024-08-28T01:13:50.240+0000][info][gc,phases      ] GC(153)   Evacuate Collection Set: 4.2ms
[2024-08-28T01:13:50.240+0000][info][gc,phases      ] GC(153)   Post Evacuate Collection Set: 0.9ms
[2024-08-28T01:13:50.240+0000][info][gc,phases      ] GC(153)   Other: 0.2ms
[2024-08-28T01:13:50.240+0000][info][gc,heap        ] GC(153) Eden regions: 1->0(51)
[2024-08-28T01:13:50.240+0000][info][gc,heap        ] GC(153) Survivor regions: 1->0(0)
[2024-08-28T01:13:50.240+0000][info][gc,heap        ] GC(153) Old regions: 1015->1017
[2024-08-28T01:13:50.240+0000][info][gc,heap        ] GC(153) Archive regions: 2->2
[2024-08-28T01:13:50.240+0000][info][gc,heap        ] GC(153) Humongous regions: 5->5
[2024-08-28T01:13:50.240+0000][info][gc,metaspace   ] GC(153) Metaspace: 100K(320K)->100K(320K) NonClass: 96K(192K)->96K(192K) Class: 4K(128K)->4K(128K)
[2024-08-28T01:13:50.240+0000][info][gc             ] GC(153) Pause Young (Normal) (G1 Evacuation Pause) 1018M->1018M(1024M) 6.059ms
[2024-08-28T01:13:50.240+0000][info][gc,cpu         ] GC(153) User=0.12s Sys=0.00s Real=0.01s
[2024-08-28T01:13:50.240+0000][info][gc,ergo        ] Attempting full compaction
[2024-08-28T01:13:50.241+0000][info][gc,task        ] GC(154) Using 24 workers of 68 for full compaction
[2024-08-28T01:13:50.241+0000][info][gc,start       ] GC(154) Pause Full (G1 Compaction Pause)
[2024-08-28T01:13:50.241+0000][info][gc,phases,start] GC(154) Phase 1: Mark live objects
[2024-08-28T01:13:50.254+0000][info][gc,phases      ] GC(154) Phase 1: Mark live objects 12.539ms
[2024-08-28T01:13:50.254+0000][info][gc,phases,start] GC(154) Phase 2: Prepare for compaction
[2024-08-28T01:13:50.263+0000][info][gc,phases      ] GC(154) Phase 2: Prepare for compaction 9.019ms
[2024-08-28T01:13:50.263+0000][info][gc,phases,start] GC(154) Phase 3: Adjust pointers
[2024-08-28T01:13:50.275+0000][info][gc,phases      ] GC(154) Phase 3: Adjust pointers 11.734ms
[2024-08-28T01:13:50.275+0000][info][gc,phases,start] GC(154) Phase 4: Compact heap
[2024-08-28T01:13:50.302+0000][info][gc,phases      ] GC(154) Phase 4: Compact heap 27.069ms
[2024-08-28T01:13:50.303+0000][info][gc,heap        ] GC(154) Eden regions: 0->0(150)
[2024-08-28T01:13:50.303+0000][info][gc,heap        ] GC(154) Survivor regions: 0->0(0)
[2024-08-28T01:13:50.303+0000][info][gc,heap        ] GC(154) Old regions: 1017->442
[2024-08-28T01:13:50.303+0000][info][gc,heap        ] GC(154) Archive regions: 2->2
[2024-08-28T01:13:50.303+0000][info][gc,heap        ] GC(154) Humongous regions: 5->5
[2024-08-28T01:13:50.303+0000][info][gc,metaspace   ] GC(154) Metaspace: 100K(320K)->100K(320K) NonClass: 96K(192K)->96K(192K) Class: 4K(128K)->4K(128K)
[2024-08-28T01:13:50.303+0000][info][gc             ] GC(154) Pause Full (G1 Compaction Pause) 1018M->436M(1024M) 62.487ms
[2024-08-28T01:13:50.303+0000][info][gc,cpu         ] GC(154) User=1.33s Sys=0.01s Real=0.06s
[2024-08-28T01:13:50.304+0000][info][gc,marking     ] GC(145) Concurrent Rebuild Remembered Sets 162.587ms
[2024-08-28T01:13:50.304+0000][info][gc,marking     ] GC(145) Concurrent Mark Abort
[2024-08-28T01:13:50.304+0000][info][gc             ] GC(145) Concurrent Mark Cycle 189.458ms
[2024-08-28T01:13:50.376+0000][info][gc,start       ] GC(155) Pause Young (Normal) (G1 Evacuation Pause)
[2024-08-28T01:13:50.376+0000][info][gc,task        ] GC(155) Using 24 workers of 68 for evacuation
[2024-08-28T01:13:50.427+0000][info][gc,phases      ] GC(155)   Pre Evacuate Collection Set: 0.1ms
[2024-08-28T01:13:50.427+0000][info][gc,phases      ] GC(155)   Merge Heap Roots: 0.4ms
[2024-08-28T01:13:50.427+0000][info][gc,phases      ] GC(155)   Evacuate Collection Set: 49.3ms
[2024-08-28T01:13:50.427+0000][info][gc,phases      ] GC(155)   Post Evacuate Collection Set: 0.4ms
[2024-08-28T01:13:50.427+0000][info][gc,phases      ] GC(155)   Other: 0.2ms
[2024-08-28T01:13:50.427+0000][info][gc,heap        ] GC(155) Eden regions: 150->0(104)
[2024-08-28T01:13:50.427+0000][info][gc,heap        ] GC(155) Survivor regions: 0->19(19)
[2024-08-28T01:13:50.427+0000][info][gc,heap        ] GC(155) Old regions: 442->567
[2024-08-28T01:13:50.427+0000][info][gc,heap        ] GC(155) Archive regions: 2->2
[2024-08-28T01:13:50.427+0000][info][gc,heap        ] GC(155) Humongous regions: 5->5
[2024-08-28T01:13:50.427+0000][info][gc,metaspace   ] GC(155) Metaspace: 100K(320K)->100K(320K) NonClass: 96K(192K)->96K(192K) Class: 4K(128K)->4K(128K)
[2024-08-28T01:13:50.427+0000][info][gc             ] GC(155) Pause Young (Normal) (G1 Evacuation Pause) 586M->580M(1024M) 50.596ms
[2024-08-28T01:13:50.427+0000][info][gc,cpu         ] GC(155) User=0.46s Sys=0.56s Real=0.05s
[2024-08-28T01:13:50.475+0000][info][gc,start       ] GC(156) Pause Young (Concurrent Start) (G1 Evacuation Pause)
[2024-08-28T01:13:50.475+0000][info][gc,task        ] GC(156) Using 24 workers of 68 for evacuation
[2024-08-28T01:13:50.492+0000][info][gc,phases      ] GC(156)   Pre Evacuate Collection Set: 0.1ms
[2024-08-28T01:13:50.492+0000][info][gc,phases      ] GC(156)   Merge Heap Roots: 0.4ms
[2024-08-28T01:13:50.492+0000][info][gc,phases      ] GC(156)   Evacuate Collection Set: 15.7ms
[2024-08-28T01:13:50.492+0000][info][gc,phases      ] GC(156)   Post Evacuate Collection Set: 0.4ms
[2024-08-28T01:13:50.492+0000][info][gc,phases      ] GC(156)   Other: 0.5ms
[2024-08-28T01:13:50.492+0000][info][gc,heap        ] GC(156) Eden regions: 104->0(71)
[2024-08-28T01:13:50.492+0000][info][gc,heap        ] GC(156) Survivor regions: 19->16(16)
[2024-08-28T01:13:50.492+0000][info][gc,heap        ] GC(156) Old regions: 567->674
[2024-08-28T01:13:50.492+0000][info][gc,heap        ] GC(156) Archive regions: 2->2
[2024-08-28T01:13:50.492+0000][info][gc,heap        ] GC(156) Humongous regions: 5->5
[2024-08-28T01:13:50.492+0000][info][gc,metaspace   ] GC(156) Metaspace: 100K(320K)->100K(320K) NonClass: 96K(192K)->96K(192K) Class: 4K(128K)->4K(128K)
[2024-08-28T01:13:50.492+0000][info][gc             ] GC(156) Pause Young (Concurrent Start) (G1 Evacuation Pause) 684M->684M(1024M) 17.198ms
[2024-08-28T01:13:50.492+0000][info][gc,cpu         ] GC(156) User=0.39s Sys=0.00s Real=0.02s
[2024-08-28T01:13:50.492+0000][info][gc             ] GC(157) Concurrent Mark Cycle
[2024-08-28T01:13:50.492+0000][info][gc,marking     ] GC(157) Concurrent Clear Claimed Marks
[2024-08-28T01:13:50.492+0000][info][gc,marking     ] GC(157) Concurrent Clear Claimed Marks 0.010ms
[2024-08-28T01:13:50.492+0000][info][gc,marking     ] GC(157) Concurrent Scan Root Regions
[2024-08-28T01:13:50.495+0000][info][gc,marking     ] GC(157) Concurrent Scan Root Regions 3.222ms
[2024-08-28T01:13:50.495+0000][info][gc,marking     ] GC(157) Concurrent Mark
[2024-08-28T01:13:50.495+0000][info][gc,marking     ] GC(157) Concurrent Mark From Roots
[2024-08-28T01:13:50.495+0000][info][gc,task        ] GC(157) Using 17 workers of 17 for marking
[2024-08-28T01:13:50.514+0000][info][gc,marking     ] GC(157) Concurrent Mark From Roots 18.830ms
[2024-08-28T01:13:50.514+0000][info][gc,marking     ] GC(157) Concurrent Preclean
[2024-08-28T01:13:50.515+0000][info][gc,marking     ] GC(157) Concurrent Preclean 0.977ms
[2024-08-28T01:13:50.516+0000][info][gc,start       ] GC(157) Pause Remark
[2024-08-28T01:13:50.517+0000][info][gc             ] GC(157) Pause Remark 721M->721M(1024M) 1.294ms
[2024-08-28T01:13:50.517+0000][info][gc,cpu         ] GC(157) User=0.00s Sys=0.00s Real=0.00s
[2024-08-28T01:13:50.517+0000][info][gc,marking     ] GC(157) Concurrent Mark 21.555ms
[2024-08-28T01:13:50.517+0000][info][gc,marking     ] GC(157) Concurrent Rebuild Remembered Sets
[2024-08-28T01:13:50.533+0000][info][gc,marking     ] GC(157) Concurrent Rebuild Remembered Sets 15.644ms
[2024-08-28T01:13:50.533+0000][info][gc,start       ] GC(157) Pause Cleanup
[2024-08-28T01:13:50.535+0000][info][gc             ] GC(157) Pause Cleanup 753M->753M(1024M) 1.858ms
[2024-08-28T01:13:50.535+0000][info][gc,cpu         ] GC(157) User=0.01s Sys=0.00s Real=0.00s
[2024-08-28T01:13:50.535+0000][info][gc,marking     ] GC(157) Concurrent Cleanup for Next Mark
[2024-08-28T01:13:50.535+0000][info][gc,marking     ] GC(157) Concurrent Cleanup for Next Mark 0.573ms
[2024-08-28T01:13:50.535+0000][info][gc             ] GC(157) Concurrent Mark Cycle 43.447ms
[2024-08-28T01:13:50.536+0000][info][gc,start       ] GC(158) Pause Young (Prepare Mixed) (G1 Evacuation Pause)
[2024-08-28T01:13:50.536+0000][info][gc,task        ] GC(158) Using 24 workers of 68 for evacuation
[2024-08-28T01:13:50.549+0000][info][gc,phases      ] GC(158)   Pre Evacuate Collection Set: 0.2ms
[2024-08-28T01:13:50.549+0000][info][gc,phases      ] GC(158)   Merge Heap Roots: 0.4ms
[2024-08-28T01:13:50.549+0000][info][gc,phases      ] GC(158)   Evacuate Collection Set: 11.9ms
[2024-08-28T01:13:50.549+0000][info][gc,phases      ] GC(158)   Post Evacuate Collection Set: 0.3ms
[2024-08-28T01:13:50.549+0000][info][gc,phases      ] GC(158)   Other: 0.2ms
[2024-08-28T01:13:50.549+0000][info][gc,heap        ] GC(158) Eden regions: 71->0(40)
[2024-08-28T01:13:50.549+0000][info][gc,heap        ] GC(158) Survivor regions: 16->11(11)
[2024-08-28T01:13:50.549+0000][info][gc,heap        ] GC(158) Old regions: 674->753
[2024-08-28T01:13:50.549+0000][info][gc,heap        ] GC(158) Archive regions: 2->2
[2024-08-28T01:13:50.549+0000][info][gc,heap        ] GC(158) Humongous regions: 5->5
[2024-08-28T01:13:50.549+0000][info][gc,metaspace   ] GC(158) Metaspace: 100K(320K)->100K(320K) NonClass: 96K(192K)->96K(192K) Class: 4K(128K)->4K(128K)
[2024-08-28T01:13:50.550+0000][info][gc             ] GC(158) Pause Young (Prepare Mixed) (G1 Evacuation Pause) 755M->757M(1024M) 13.167ms
[2024-08-28T01:13:50.550+0000][info][gc,cpu         ] GC(158) User=0.29s Sys=0.00s Real=0.02s
[2024-08-28T01:13:50.567+0000][info][gc,start       ] GC(159) Pause Young (Mixed) (G1 Evacuation Pause)
[2024-08-28T01:13:50.567+0000][info][gc,task        ] GC(159) Using 24 workers of 68 for evacuation
[2024-08-28T01:13:50.579+0000][info][gc,phases      ] GC(159)   Pre Evacuate Collection Set: 0.2ms
[2024-08-28T01:13:50.579+0000][info][gc,phases      ] GC(159)   Merge Heap Roots: 0.3ms
[2024-08-28T01:13:50.579+0000][info][gc,phases      ] GC(159)   Evacuate Collection Set: 10.5ms
[2024-08-28T01:13:50.579+0000][info][gc,phases      ] GC(159)   Post Evacuate Collection Set: 0.3ms
[2024-08-28T01:13:50.579+0000][info][gc,phases      ] GC(159)   Other: 0.3ms
[2024-08-28T01:13:50.579+0000][info][gc,heap        ] GC(159) Eden regions: 40->0(44)
[2024-08-28T01:13:50.579+0000][info][gc,heap        ] GC(159) Survivor regions: 11->7(7)
[2024-08-28T01:13:50.579+0000][info][gc,heap        ] GC(159) Old regions: 753->739
[2024-08-28T01:13:50.579+0000][info][gc,heap        ] GC(159) Archive regions: 2->2
[2024-08-28T01:13:50.579+0000][info][gc,heap        ] GC(159) Humongous regions: 5->5
[2024-08-28T01:13:50.579+0000][info][gc,metaspace   ] GC(159) Metaspace: 100K(320K)->100K(320K) NonClass: 96K(192K)->96K(192K) Class: 4K(128K)->4K(128K)
[2024-08-28T01:13:50.579+0000][info][gc             ] GC(159) Pause Young (Mixed) (G1 Evacuation Pause) 797M->740M(1024M) 11.631ms
[2024-08-28T01:13:50.579+0000][info][gc,cpu         ] GC(159) User=0.26s Sys=0.00s Real=0.02s
[2024-08-28T01:13:50.599+0000][info][gc,start       ] GC(160) Pause Young (Mixed) (G1 Evacuation Pause)
[2024-08-28T01:13:50.599+0000][info][gc,task        ] GC(160) Using 24 workers of 68 for evacuation
[2024-08-28T01:13:50.610+0000][info][gc,phases      ] GC(160)   Pre Evacuate Collection Set: 0.2ms
[2024-08-28T01:13:50.610+0000][info][gc,phases      ] GC(160)   Merge Heap Roots: 0.4ms
[2024-08-28T01:13:50.610+0000][info][gc,phases      ] GC(160)   Evacuate Collection Set: 9.7ms
[2024-08-28T01:13:50.610+0000][info][gc,phases      ] GC(160)   Post Evacuate Collection Set: 0.4ms
[2024-08-28T01:13:50.610+0000][info][gc,phases      ] GC(160)   Other: 0.2ms
[2024-08-28T01:13:50.610+0000][info][gc,heap        ] GC(160) Eden regions: 44->0(44)
[2024-08-28T01:13:50.610+0000][info][gc,heap        ] GC(160) Survivor regions: 7->7(7)
[2024-08-28T01:13:50.610+0000][info][gc,heap        ] GC(160) Old regions: 739->724
[2024-08-28T01:13:50.610+0000][info][gc,heap        ] GC(160) Archive regions: 2->2
[2024-08-28T01:13:50.610+0000][info][gc,heap        ] GC(160) Humongous regions: 5->5
[2024-08-28T01:13:50.610+0000][info][gc,metaspace   ] GC(160) Metaspace: 100K(320K)->100K(320K) NonClass: 96K(192K)->96K(192K) Class: 4K(128K)->4K(128K)
[2024-08-28T01:13:50.610+0000][info][gc             ] GC(160) Pause Young (Mixed) (G1 Evacuation Pause) 784M->725M(1024M) 10.981ms
[2024-08-28T01:13:50.610+0000][info][gc,cpu         ] GC(160) User=0.23s Sys=0.01s Real=0.01s
[2024-08-28T01:13:50.629+0000][info][gc,start       ] GC(161) Pause Young (Mixed) (G1 Evacuation Pause)
[2024-08-28T01:13:50.630+0000][info][gc,task        ] GC(161) Using 24 workers of 68 for evacuation
[2024-08-28T01:13:50.640+0000][info][gc,phases      ] GC(161)   Pre Evacuate Collection Set: 0.2ms
[2024-08-28T01:13:50.640+0000][info][gc,phases      ] GC(161)   Merge Heap Roots: 0.4ms
[2024-08-28T01:13:50.640+0000][info][gc,phases      ] GC(161)   Evacuate Collection Set: 9.4ms
[2024-08-28T01:13:50.640+0000][info][gc,phases      ] GC(161)   Post Evacuate Collection Set: 0.4ms
[2024-08-28T01:13:50.640+0000][info][gc,phases      ] GC(161)   Other: 0.2ms
[2024-08-28T01:13:50.640+0000][info][gc,heap        ] GC(161) Eden regions: 44->0(44)
[2024-08-28T01:13:50.640+0000][info][gc,heap        ] GC(161) Survivor regions: 7->7(7)
[2024-08-28T01:13:50.640+0000][info][gc,heap        ] GC(161) Old regions: 724->711
[2024-08-28T01:13:50.640+0000][info][gc,heap        ] GC(161) Archive regions: 2->2
[2024-08-28T01:13:50.640+0000][info][gc,heap        ] GC(161) Humongous regions: 5->5
[2024-08-28T01:13:50.640+0000][info][gc,metaspace   ] GC(161) Metaspace: 100K(320K)->100K(320K) NonClass: 96K(192K)->96K(192K) Class: 4K(128K)->4K(128K)
[2024-08-28T01:13:50.640+0000][info][gc             ] GC(161) Pause Young (Mixed) (G1 Evacuation Pause) 769M->716M(1024M) 10.694ms
[2024-08-28T01:13:50.640+0000][info][gc,cpu         ] GC(161) User=0.23s Sys=0.00s Real=0.01s
[2024-08-28T01:13:50.660+0000][info][gc,start       ] GC(162) Pause Young (Mixed) (G1 Evacuation Pause)
[2024-08-28T01:13:50.660+0000][info][gc,task        ] GC(162) Using 24 workers of 68 for evacuation
[2024-08-28T01:13:50.670+0000][info][gc,phases      ] GC(162)   Pre Evacuate Collection Set: 0.2ms
[2024-08-28T01:13:50.670+0000][info][gc,phases      ] GC(162)   Merge Heap Roots: 0.4ms
[2024-08-28T01:13:50.670+0000][info][gc,phases      ] GC(162)   Evacuate Collection Set: 9.0ms
[2024-08-28T01:13:50.670+0000][info][gc,phases      ] GC(162)   Post Evacuate Collection Set: 0.4ms
[2024-08-28T01:13:50.670+0000][info][gc,phases      ] GC(162)   Other: 0.3ms
[2024-08-28T01:13:50.670+0000][info][gc,heap        ] GC(162) Eden regions: 44->0(51)
[2024-08-28T01:13:50.670+0000][info][gc,heap        ] GC(162) Survivor regions: 7->7(7)
[2024-08-28T01:13:50.670+0000][info][gc,heap        ] GC(162) Old regions: 711->745
[2024-08-28T01:13:50.670+0000][info][gc,heap        ] GC(162) Archive regions: 2->2
[2024-08-28T01:13:50.670+0000][info][gc,heap        ] GC(162) Humongous regions: 5->5
[2024-08-28T01:13:50.670+0000][info][gc,metaspace   ] GC(162) Metaspace: 100K(320K)->100K(320K) NonClass: 96K(192K)->96K(192K) Class: 4K(128K)->4K(128K)
[2024-08-28T01:13:50.670+0000][info][gc             ] GC(162) Pause Young (Mixed) (G1 Evacuation Pause) 760M->751M(1024M) 10.363ms
[2024-08-28T01:13:50.670+0000][info][gc,cpu         ] GC(162) User=0.22s Sys=0.01s Real=0.01s
[2024-08-28T01:13:50.692+0000][info][gc,start       ] GC(163) Pause Young (Concurrent Start) (G1 Evacuation Pause)
[2024-08-28T01:13:50.692+0000][info][gc,task        ] GC(163) Using 24 workers of 68 for evacuation
[2024-08-28T01:13:50.703+0000][info][gc,phases      ] GC(163)   Pre Evacuate Collection Set: 0.2ms
[2024-08-28T01:13:50.704+0000][info][gc,phases      ] GC(163)   Merge Heap Roots: 0.4ms
[2024-08-28T01:13:50.704+0000][info][gc,phases      ] GC(163)   Evacuate Collection Set: 9.4ms
[2024-08-28T01:13:50.704+0000][info][gc,phases      ] GC(163)   Post Evacuate Collection Set: 0.4ms
[2024-08-28T01:13:50.704+0000][info][gc,phases      ] GC(163)   Other: 0.9ms
[2024-08-28T01:13:50.704+0000][info][gc,heap        ] GC(163) Eden regions: 51->0(43)
[2024-08-28T01:13:50.704+0000][info][gc,heap        ] GC(163) Survivor regions: 7->8(8)
[2024-08-28T01:13:50.704+0000][info][gc,heap        ] GC(163) Old regions: 745->797
[2024-08-28T01:13:50.704+0000][info][gc,heap        ] GC(163) Archive regions: 2->2
[2024-08-28T01:13:50.704+0000][info][gc,heap        ] GC(163) Humongous regions: 5->5
[2024-08-28T01:13:50.704+0000][info][gc,metaspace   ] GC(163) Metaspace: 100K(320K)->100K(320K) NonClass: 96K(192K)->96K(192K) Class: 4K(128K)->4K(128K)
[2024-08-28T01:13:50.704+0000][info][gc             ] GC(163) Pause Young (Concurrent Start) (G1 Evacuation Pause) 802M->804M(1024M) 11.382ms
[2024-08-28T01:13:50.704+0000][info][gc,cpu         ] GC(163) User=0.23s Sys=0.00s Real=0.01s
[2024-08-28T01:13:50.704+0000][info][gc             ] GC(164) Concurrent Mark Cycle
[2024-08-28T01:13:50.704+0000][info][gc,marking     ] GC(164) Concurrent Clear Claimed Marks
[2024-08-28T01:13:50.704+0000][info][gc,marking     ] GC(164) Concurrent Clear Claimed Marks 0.011ms
[2024-08-28T01:13:50.704+0000][info][gc,marking     ] GC(164) Concurrent Scan Root Regions
[2024-08-28T01:13:50.705+0000][info][gc,marking     ] GC(164) Concurrent Scan Root Regions 1.544ms
[2024-08-28T01:13:50.705+0000][info][gc,marking     ] GC(164) Concurrent Mark
[2024-08-28T01:13:50.705+0000][info][gc,marking     ] GC(164) Concurrent Mark From Roots
[2024-08-28T01:13:50.705+0000][info][gc,task        ] GC(164) Using 17 workers of 17 for marking
[2024-08-28T01:13:50.727+0000][info][gc,marking     ] GC(164) Concurrent Mark From Roots 21.832ms
[2024-08-28T01:13:50.727+0000][info][gc,marking     ] GC(164) Concurrent Preclean
[2024-08-28T01:13:50.728+0000][info][gc,marking     ] GC(164) Concurrent Preclean 0.588ms
[2024-08-28T01:13:50.728+0000][info][gc,start       ] GC(164) Pause Remark
[2024-08-28T01:13:50.730+0000][info][gc             ] GC(164) Pause Remark 843M->843M(1024M) 1.909ms
[2024-08-28T01:13:50.730+0000][info][gc,cpu         ] GC(164) User=0.01s Sys=0.00s Real=0.01s
[2024-08-28T01:13:50.730+0000][info][gc,marking     ] GC(164) Concurrent Mark 24.832ms
[2024-08-28T01:13:50.730+0000][info][gc,marking     ] GC(164) Concurrent Rebuild Remembered Sets
[2024-08-28T01:13:50.733+0000][info][gc,start       ] GC(165) Pause Young (Normal) (G1 Evacuation Pause)
[2024-08-28T01:13:50.733+0000][info][gc,task        ] GC(165) Using 24 workers of 68 for evacuation
[2024-08-28T01:13:50.742+0000][info][gc,phases      ] GC(165)   Pre Evacuate Collection Set: 0.1ms
[2024-08-28T01:13:50.742+0000][info][gc,phases      ] GC(165)   Merge Heap Roots: 0.4ms
[2024-08-28T01:13:50.742+0000][info][gc,phases      ] GC(165)   Evacuate Collection Set: 8.4ms
[2024-08-28T01:13:50.742+0000][info][gc,phases      ] GC(165)   Post Evacuate Collection Set: 0.5ms
[2024-08-28T01:13:50.742+0000][info][gc,phases      ] GC(165)   Other: 0.2ms
[2024-08-28T01:13:50.742+0000][info][gc,heap        ] GC(165) Eden regions: 43->0(44)
[2024-08-28T01:13:50.742+0000][info][gc,heap        ] GC(165) Survivor regions: 8->7(7)
[2024-08-28T01:13:50.743+0000][info][gc,heap        ] GC(165) Old regions: 797->844
[2024-08-28T01:13:50.743+0000][info][gc,heap        ] GC(165) Archive regions: 2->2
[2024-08-28T01:13:50.743+0000][info][gc,heap        ] GC(165) Humongous regions: 5->5
[2024-08-28T01:13:50.743+0000][info][gc,metaspace   ] GC(165) Metaspace: 100K(320K)->100K(320K) NonClass: 96K(192K)->96K(192K) Class: 4K(128K)->4K(128K)
[2024-08-28T01:13:50.743+0000][info][gc             ] GC(165) Pause Young (Normal) (G1 Evacuation Pause) 847M->850M(1024M) 9.678ms
[2024-08-28T01:13:50.743+0000][info][gc,cpu         ] GC(165) User=0.20s Sys=0.01s Real=0.01s
[2024-08-28T01:13:50.764+0000][info][gc,start       ] GC(166) Pause Young (Normal) (G1 Evacuation Pause)
[2024-08-28T01:13:50.764+0000][info][gc,task        ] GC(166) Using 24 workers of 68 for evacuation
[2024-08-28T01:13:50.780+0000][info][gc,phases      ] GC(166)   Pre Evacuate Collection Set: 0.2ms
[2024-08-28T01:13:50.780+0000][info][gc,phases      ] GC(166)   Merge Heap Roots: 0.5ms
[2024-08-28T01:13:50.780+0000][info][gc,phases      ] GC(166)   Evacuate Collection Set: 14.1ms
[2024-08-28T01:13:50.780+0000][info][gc,phases      ] GC(166)   Post Evacuate Collection Set: 0.5ms
[2024-08-28T01:13:50.780+0000][info][gc,phases      ] GC(166)   Other: 0.3ms
[2024-08-28T01:13:50.780+0000][info][gc,heap        ] GC(166) Eden regions: 44->0(44)
[2024-08-28T01:13:50.780+0000][info][gc,heap        ] GC(166) Survivor regions: 7->7(7)
[2024-08-28T01:13:50.780+0000][info][gc,heap        ] GC(166) Old regions: 844->891
[2024-08-28T01:13:50.780+0000][info][gc,heap        ] GC(166) Archive regions: 2->2
[2024-08-28T01:13:50.780+0000][info][gc,heap        ] GC(166) Humongous regions: 5->5
[2024-08-28T01:13:50.780+0000][info][gc,metaspace   ] GC(166) Metaspace: 100K(320K)->100K(320K) NonClass: 96K(192K)->96K(192K) Class: 4K(128K)->4K(128K)
[2024-08-28T01:13:50.780+0000][info][gc             ] GC(166) Pause Young (Normal) (G1 Evacuation Pause) 894M->897M(1024M) 15.677ms
[2024-08-28T01:13:50.780+0000][info][gc,cpu         ] GC(166) User=0.35s Sys=0.00s Real=0.02s
[2024-08-28T01:13:50.801+0000][info][gc,start       ] GC(167) Pause Young (Normal) (G1 Evacuation Pause)
[2024-08-28T01:13:50.801+0000][info][gc,task        ] GC(167) Using 24 workers of 68 for evacuation
[2024-08-28T01:13:50.817+0000][info][gc,phases      ] GC(167)   Pre Evacuate Collection Set: 0.2ms
[2024-08-28T01:13:50.818+0000][info][gc,phases      ] GC(167)   Merge Heap Roots: 0.5ms
[2024-08-28T01:13:50.818+0000][info][gc,phases      ] GC(167)   Evacuate Collection Set: 14.5ms
[2024-08-28T01:13:50.818+0000][info][gc,phases      ] GC(167)   Post Evacuate Collection Set: 0.7ms
[2024-08-28T01:13:50.818+0000][info][gc,phases      ] GC(167)   Other: 0.3ms
[2024-08-28T01:13:50.818+0000][info][gc,heap        ] GC(167) Eden regions: 44->0(44)
[2024-08-28T01:13:50.818+0000][info][gc,heap        ] GC(167) Survivor regions: 7->7(7)
[2024-08-28T01:13:50.818+0000][info][gc,heap        ] GC(167) Old regions: 891->938
[2024-08-28T01:13:50.818+0000][info][gc,heap        ] GC(167) Archive regions: 2->2
[2024-08-28T01:13:50.818+0000][info][gc,heap        ] GC(167) Humongous regions: 5->5
[2024-08-28T01:13:50.818+0000][info][gc,metaspace   ] GC(167) Metaspace: 100K(320K)->100K(320K) NonClass: 96K(192K)->96K(192K) Class: 4K(128K)->4K(128K)
[2024-08-28T01:13:50.818+0000][info][gc             ] GC(167) Pause Young (Normal) (G1 Evacuation Pause) 941M->944M(1024M) 16.335ms
[2024-08-28T01:13:50.818+0000][info][gc,cpu         ] GC(167) User=0.36s Sys=0.01s Real=0.02s
[2024-08-28T01:13:50.823+0000][info][gc,marking     ] GC(164) Concurrent Rebuild Remembered Sets 92.501ms
[2024-08-28T01:13:50.823+0000][info][gc,start       ] GC(164) Pause Cleanup
[2024-08-28T01:13:50.826+0000][info][gc             ] GC(164) Pause Cleanup 955M->955M(1024M) 2.618ms
[2024-08-28T01:13:50.826+0000][info][gc,cpu         ] GC(164) User=0.01s Sys=0.00s Real=0.00s
[2024-08-28T01:13:50.826+0000][info][gc,marking     ] GC(164) Concurrent Cleanup for Next Mark
[2024-08-28T01:13:50.826+0000][info][gc,marking     ] GC(164) Concurrent Cleanup for Next Mark 0.554ms
[2024-08-28T01:13:50.827+0000][info][gc             ] GC(164) Concurrent Mark Cycle 122.700ms
[2024-08-28T01:13:50.836+0000][info][gc,start       ] GC(168) Pause Young (Prepare Mixed) (G1 Preventive Collection)
[2024-08-28T01:13:50.836+0000][info][gc,task        ] GC(168) Using 24 workers of 68 for evacuation
[2024-08-28T01:13:50.853+0000][info][gc,phases      ] GC(168)   Pre Evacuate Collection Set: 0.2ms
[2024-08-28T01:13:50.853+0000][info][gc,phases      ] GC(168)   Merge Heap Roots: 0.5ms
[2024-08-28T01:13:50.853+0000][info][gc,phases      ] GC(168)   Evacuate Collection Set: 15.0ms
[2024-08-28T01:13:50.853+0000][info][gc,phases      ] GC(168)   Post Evacuate Collection Set: 0.3ms
[2024-08-28T01:13:50.853+0000][info][gc,phases      ] GC(168)   Other: 0.2ms
[2024-08-28T01:13:50.853+0000][info][gc,heap        ] GC(168) Eden regions: 31->0(44)
[2024-08-28T01:13:50.853+0000][info][gc,heap        ] GC(168) Survivor regions: 7->7(7)
[2024-08-28T01:13:50.853+0000][info][gc,heap        ] GC(168) Old regions: 938->971
[2024-08-28T01:13:50.853+0000][info][gc,heap        ] GC(168) Archive regions: 2->2
[2024-08-28T01:13:50.853+0000][info][gc,heap        ] GC(168) Humongous regions: 5->5
[2024-08-28T01:13:50.853+0000][info][gc,metaspace   ] GC(168) Metaspace: 100K(320K)->100K(320K) NonClass: 96K(192K)->96K(192K) Class: 4K(128K)->4K(128K)
[2024-08-28T01:13:50.853+0000][info][gc             ] GC(168) Pause Young (Prepare Mixed) (G1 Preventive Collection) 975M->977M(1024M) 16.353ms
[2024-08-28T01:13:50.853+0000][info][gc,cpu         ] GC(168) User=0.37s Sys=0.00s Real=0.02s
[2024-08-28T01:13:50.860+0000][info][gc,start       ] GC(169) Pause Young (Mixed) (G1 Preventive Collection)
[2024-08-28T01:13:50.860+0000][info][gc,task        ] GC(169) Using 24 workers of 68 for evacuation
[2024-08-28T01:13:50.867+0000][info][gc,phases      ] GC(169)   Pre Evacuate Collection Set: 0.2ms
[2024-08-28T01:13:50.867+0000][info][gc,phases      ] GC(169)   Merge Heap Roots: 0.4ms
[2024-08-28T01:13:50.867+0000][info][gc,phases      ] GC(169)   Evacuate Collection Set: 6.0ms
[2024-08-28T01:13:50.867+0000][info][gc,phases      ] GC(169)   Post Evacuate Collection Set: 0.4ms
[2024-08-28T01:13:50.867+0000][info][gc,phases      ] GC(169)   Other: 0.2ms
[2024-08-28T01:13:50.867+0000][info][gc,heap        ] GC(169) Eden regions: 14->0(44)
[2024-08-28T01:13:50.867+0000][info][gc,heap        ] GC(169) Survivor regions: 7->7(7)
[2024-08-28T01:13:50.867+0000][info][gc,heap        ] GC(169) Old regions: 971->926
[2024-08-28T01:13:50.867+0000][info][gc,heap        ] GC(169) Archive regions: 2->2
[2024-08-28T01:13:50.867+0000][info][gc,heap        ] GC(169) Humongous regions: 5->5
[2024-08-28T01:13:50.867+0000][info][gc,metaspace   ] GC(169) Metaspace: 100K(320K)->100K(320K) NonClass: 96K(192K)->96K(192K) Class: 4K(128K)->4K(128K)
[2024-08-28T01:13:50.867+0000][info][gc             ] GC(169) Pause Young (Mixed) (G1 Preventive Collection) 991M->934M(1024M) 7.275ms
[2024-08-28T01:13:50.867+0000][info][gc,cpu         ] GC(169) User=0.15s Sys=0.00s Real=0.00s
[2024-08-28T01:13:50.883+0000][info][gc,start       ] GC(170) Pause Young (Mixed) (G1 Preventive Collection)
[2024-08-28T01:13:50.883+0000][info][gc,task        ] GC(170) Using 24 workers of 68 for evacuation
[2024-08-28T01:13:50.891+0000][info][gc,phases      ] GC(170)   Pre Evacuate Collection Set: 0.2ms
[2024-08-28T01:13:50.891+0000][info][gc,phases      ] GC(170)   Merge Heap Roots: 0.3ms
[2024-08-28T01:13:50.891+0000][info][gc,phases      ] GC(170)   Evacuate Collection Set: 7.2ms
[2024-08-28T01:13:50.891+0000][info][gc,phases      ] GC(170)   Post Evacuate Collection Set: 0.4ms
[2024-08-28T01:13:50.891+0000][info][gc,phases      ] GC(170)   Other: 0.3ms
[2024-08-28T01:13:50.891+0000][info][gc,heap        ] GC(170) Eden regions: 36->0(44)
[2024-08-28T01:13:50.892+0000][info][gc,heap        ] GC(170) Survivor regions: 7->7(7)
[2024-08-28T01:13:50.892+0000][info][gc,heap        ] GC(170) Old regions: 926->901
[2024-08-28T01:13:50.892+0000][info][gc,heap        ] GC(170) Archive regions: 2->2
[2024-08-28T01:13:50.892+0000][info][gc,heap        ] GC(170) Humongous regions: 5->5
[2024-08-28T01:13:50.892+0000][info][gc,metaspace   ] GC(170) Metaspace: 100K(320K)->100K(320K) NonClass: 96K(192K)->96K(192K) Class: 4K(128K)->4K(128K)
[2024-08-28T01:13:50.892+0000][info][gc             ] GC(170) Pause Young (Mixed) (G1 Preventive Collection) 970M->909M(1024M) 8.496ms
[2024-08-28T01:13:50.892+0000][info][gc,cpu         ] GC(170) User=0.18s Sys=0.00s Real=0.01s
[2024-08-28T01:13:50.911+0000][info][gc,start       ] GC(171) Pause Young (Mixed) (G1 Evacuation Pause)
[2024-08-28T01:13:50.911+0000][info][gc,task        ] GC(171) Using 24 workers of 68 for evacuation
[2024-08-28T01:13:50.921+0000][info][gc,phases      ] GC(171)   Pre Evacuate Collection Set: 0.2ms
[2024-08-28T01:13:50.921+0000][info][gc,phases      ] GC(171)   Merge Heap Roots: 0.6ms
[2024-08-28T01:13:50.921+0000][info][gc,phases      ] GC(171)   Evacuate Collection Set: 8.8ms
[2024-08-28T01:13:50.921+0000][info][gc,phases      ] GC(171)   Post Evacuate Collection Set: 0.4ms
[2024-08-28T01:13:50.921+0000][info][gc,phases      ] GC(171)   Other: 0.3ms
[2024-08-28T01:13:50.921+0000][info][gc,heap        ] GC(171) Eden regions: 44->0(44)
[2024-08-28T01:13:50.921+0000][info][gc,heap        ] GC(171) Survivor regions: 7->7(7)
[2024-08-28T01:13:50.921+0000][info][gc,heap        ] GC(171) Old regions: 901->884
[2024-08-28T01:13:50.921+0000][info][gc,heap        ] GC(171) Archive regions: 2->2
[2024-08-28T01:13:50.921+0000][info][gc,heap        ] GC(171) Humongous regions: 5->5
[2024-08-28T01:13:50.921+0000][info][gc,metaspace   ] GC(171) Metaspace: 100K(320K)->100K(320K) NonClass: 96K(192K)->96K(192K) Class: 4K(128K)->4K(128K)
[2024-08-28T01:13:50.921+0000][info][gc             ] GC(171) Pause Young (Mixed) (G1 Evacuation Pause) 953M->895M(1024M) 10.387ms
[2024-08-28T01:13:50.921+0000][info][gc,cpu         ] GC(171) User=0.22s Sys=0.00s Real=0.01s
[2024-08-28T01:13:50.941+0000][info][gc,start       ] GC(172) Pause Young (Mixed) (G1 Evacuation Pause)
[2024-08-28T01:13:50.941+0000][info][gc,task        ] GC(172) Using 24 workers of 68 for evacuation
[2024-08-28T01:13:50.951+0000][info][gc,phases      ] GC(172)   Pre Evacuate Collection Set: 0.2ms
[2024-08-28T01:13:50.951+0000][info][gc,phases      ] GC(172)   Merge Heap Roots: 0.4ms
[2024-08-28T01:13:50.951+0000][info][gc,phases      ] GC(172)   Evacuate Collection Set: 9.1ms
[2024-08-28T01:13:50.951+0000][info][gc,phases      ] GC(172)   Post Evacuate Collection Set: 0.4ms
[2024-08-28T01:13:50.951+0000][info][gc,phases      ] GC(172)   Other: 0.3ms
[2024-08-28T01:13:50.951+0000][info][gc,heap        ] GC(172) Eden regions: 44->0(44)
[2024-08-28T01:13:50.951+0000][info][gc,heap        ] GC(172) Survivor regions: 7->7(7)
[2024-08-28T01:13:50.951+0000][info][gc,heap        ] GC(172) Old regions: 884->870
[2024-08-28T01:13:50.951+0000][info][gc,heap        ] GC(172) Archive regions: 2->2
[2024-08-28T01:13:50.951+0000][info][gc,heap        ] GC(172) Humongous regions: 5->5
[2024-08-28T01:13:50.951+0000][info][gc,metaspace   ] GC(172) Metaspace: 100K(320K)->100K(320K) NonClass: 96K(192K)->96K(192K) Class: 4K(128K)->4K(128K)
[2024-08-28T01:13:50.951+0000][info][gc             ] GC(172) Pause Young (Mixed) (G1 Evacuation Pause) 939M->882M(1024M) 10.584ms
[2024-08-28T01:13:50.951+0000][info][gc,cpu         ] GC(172) User=0.23s Sys=0.00s Real=0.01s
[2024-08-28T01:13:50.971+0000][info][gc,start       ] GC(173) Pause Young (Mixed) (G1 Evacuation Pause)
[2024-08-28T01:13:50.971+0000][info][gc,task        ] GC(173) Using 24 workers of 68 for evacuation
[2024-08-28T01:13:50.984+0000][info][gc,phases      ] GC(173)   Pre Evacuate Collection Set: 0.2ms
[2024-08-28T01:13:50.984+0000][info][gc,phases      ] GC(173)   Merge Heap Roots: 0.7ms
[2024-08-28T01:13:50.984+0000][info][gc,phases      ] GC(173)   Evacuate Collection Set: 11.1ms
[2024-08-28T01:13:50.984+0000][info][gc,phases      ] GC(173)   Post Evacuate Collection Set: 0.4ms
[2024-08-28T01:13:50.984+0000][info][gc,phases      ] GC(173)   Other: 0.3ms
[2024-08-28T01:13:50.984+0000][info][gc,heap        ] GC(173) Eden regions: 44->0(44)
[2024-08-28T01:13:50.984+0000][info][gc,heap        ] GC(173) Survivor regions: 7->7(7)
[2024-08-28T01:13:50.984+0000][info][gc,heap        ] GC(173) Old regions: 870->873
[2024-08-28T01:13:50.984+0000][info][gc,heap        ] GC(173) Archive regions: 2->2
[2024-08-28T01:13:50.984+0000][info][gc,heap        ] GC(173) Humongous regions: 5->5
[2024-08-28T01:13:50.984+0000][info][gc,metaspace   ] GC(173) Metaspace: 100K(320K)->100K(320K) NonClass: 96K(192K)->96K(192K) Class: 4K(128K)->4K(128K)
[2024-08-28T01:13:50.984+0000][info][gc             ] GC(173) Pause Young (Mixed) (G1 Evacuation Pause) 926M->885M(1024M) 12.716ms
[2024-08-28T01:13:50.984+0000][info][gc,cpu         ] GC(173) User=0.28s Sys=0.00s Real=0.01s
[2024-08-28T01:13:51.004+0000][info][gc,start       ] GC(174) Pause Young (Mixed) (G1 Evacuation Pause)
[2024-08-28T01:13:51.004+0000][info][gc,task        ] GC(174) Using 24 workers of 68 for evacuation
[2024-08-28T01:13:51.016+0000][info][gc,phases      ] GC(174)   Pre Evacuate Collection Set: 0.2ms
[2024-08-28T01:13:51.016+0000][info][gc,phases      ] GC(174)   Merge Heap Roots: 0.4ms
[2024-08-28T01:13:51.016+0000][info][gc,phases      ] GC(174)   Evacuate Collection Set: 10.2ms
[2024-08-28T01:13:51.016+0000][info][gc,phases      ] GC(174)   Post Evacuate Collection Set: 0.3ms
[2024-08-28T01:13:51.016+0000][info][gc,phases      ] GC(174)   Other: 0.3ms
[2024-08-28T01:13:51.016+0000][info][gc,heap        ] GC(174) Eden regions: 44->0(44)
[2024-08-28T01:13:51.016+0000][info][gc,heap        ] GC(174) Survivor regions: 7->7(7)
[2024-08-28T01:13:51.016+0000][info][gc,heap        ] GC(174) Old regions: 873->903
[2024-08-28T01:13:51.016+0000][info][gc,heap        ] GC(174) Archive regions: 2->2
[2024-08-28T01:13:51.016+0000][info][gc,heap        ] GC(174) Humongous regions: 5->5
[2024-08-28T01:13:51.016+0000][info][gc,metaspace   ] GC(174) Metaspace: 100K(320K)->100K(320K) NonClass: 96K(192K)->96K(192K) Class: 4K(128K)->4K(128K)
[2024-08-28T01:13:51.016+0000][info][gc             ] GC(174) Pause Young (Mixed) (G1 Evacuation Pause) 929M->915M(1024M) 11.462ms
[2024-08-28T01:13:51.016+0000][info][gc,cpu         ] GC(174) User=0.25s Sys=0.00s Real=0.01s
[2024-08-28T01:13:51.036+0000][info][gc,start       ] GC(175) Pause Young (Concurrent Start) (G1 Evacuation Pause)
[2024-08-28T01:13:51.036+0000][info][gc,task        ] GC(175) Using 24 workers of 68 for evacuation
[2024-08-28T01:13:51.047+0000][info][gc,phases      ] GC(175)   Pre Evacuate Collection Set: 0.2ms
[2024-08-28T01:13:51.047+0000][info][gc,phases      ] GC(175)   Merge Heap Roots: 0.4ms
[2024-08-28T01:13:51.047+0000][info][gc,phases      ] GC(175)   Evacuate Collection Set: 8.8ms
[2024-08-28T01:13:51.047+0000][info][gc,phases      ] GC(175)   Post Evacuate Collection Set: 0.4ms
[2024-08-28T01:13:51.047+0000][info][gc,phases      ] GC(175)   Other: 0.8ms
[2024-08-28T01:13:51.047+0000][info][gc,heap        ] GC(175) Eden regions: 44->0(44)
[2024-08-28T01:13:51.047+0000][info][gc,heap        ] GC(175) Survivor regions: 7->7(7)
[2024-08-28T01:13:51.047+0000][info][gc,heap        ] GC(175) Old regions: 903->951
[2024-08-28T01:13:51.047+0000][info][gc,heap        ] GC(175) Archive regions: 2->2
[2024-08-28T01:13:51.047+0000][info][gc,heap        ] GC(175) Humongous regions: 5->5
[2024-08-28T01:13:51.047+0000][info][gc,metaspace   ] GC(175) Metaspace: 100K(320K)->100K(320K) NonClass: 96K(192K)->96K(192K) Class: 4K(128K)->4K(128K)
[2024-08-28T01:13:51.047+0000][info][gc             ] GC(175) Pause Young (Concurrent Start) (G1 Evacuation Pause) 959M->963M(1024M) 10.723ms
[2024-08-28T01:13:51.047+0000][info][gc,cpu         ] GC(175) User=0.22s Sys=0.00s Real=0.01s
[2024-08-28T01:13:51.047+0000][info][gc             ] GC(176) Concurrent Mark Cycle
[2024-08-28T01:13:51.047+0000][info][gc,marking     ] GC(176) Concurrent Clear Claimed Marks
[2024-08-28T01:13:51.047+0000][info][gc,marking     ] GC(176) Concurrent Clear Claimed Marks 0.011ms
[2024-08-28T01:13:51.047+0000][info][gc,marking     ] GC(176) Concurrent Scan Root Regions
[2024-08-28T01:13:51.049+0000][info][gc,marking     ] GC(176) Concurrent Scan Root Regions 1.354ms
[2024-08-28T01:13:51.049+0000][info][gc,marking     ] GC(176) Concurrent Mark
[2024-08-28T01:13:51.049+0000][info][gc,marking     ] GC(176) Concurrent Mark From Roots
[2024-08-28T01:13:51.049+0000][info][gc,task        ] GC(176) Using 17 workers of 17 for marking
[2024-08-28T01:13:51.064+0000][info][gc,start       ] GC(177) Pause Young (Normal) (G1 Preventive Collection)
[2024-08-28T01:13:51.064+0000][info][gc,task        ] GC(177) Using 24 workers of 68 for evacuation
[2024-08-28T01:13:51.072+0000][info][gc,phases      ] GC(177)   Pre Evacuate Collection Set: 0.2ms
[2024-08-28T01:13:51.072+0000][info][gc,phases      ] GC(177)   Merge Heap Roots: 0.6ms
[2024-08-28T01:13:51.072+0000][info][gc,phases      ] GC(177)   Evacuate Collection Set: 6.6ms
[2024-08-28T01:13:51.072+0000][info][gc,phases      ] GC(177)   Post Evacuate Collection Set: 0.4ms
[2024-08-28T01:13:51.072+0000][info][gc,phases      ] GC(177)   Other: 0.3ms
[2024-08-28T01:13:51.072+0000][info][gc,heap        ] GC(177) Eden regions: 24->0(44)
[2024-08-28T01:13:51.072+0000][info][gc,heap        ] GC(177) Survivor regions: 7->7(7)
[2024-08-28T01:13:51.072+0000][info][gc,heap        ] GC(177) Old regions: 951->978
[2024-08-28T01:13:51.072+0000][info][gc,heap        ] GC(177) Archive regions: 2->2
[2024-08-28T01:13:51.072+0000][info][gc,heap        ] GC(177) Humongous regions: 5->5
[2024-08-28T01:13:51.072+0000][info][gc,metaspace   ] GC(177) Metaspace: 100K(320K)->100K(320K) NonClass: 96K(192K)->96K(192K) Class: 4K(128K)->4K(128K)
[2024-08-28T01:13:51.072+0000][info][gc             ] GC(177) Pause Young (Normal) (G1 Preventive Collection) 987M->990M(1024M) 8.174ms
[2024-08-28T01:13:51.072+0000][info][gc,cpu         ] GC(177) User=0.17s Sys=0.00s Real=0.01s
[2024-08-28T01:13:51.080+0000][info][gc,start       ] GC(178) Pause Young (Normal) (G1 Preventive Collection)
[2024-08-28T01:13:51.080+0000][info][gc,task        ] GC(178) Using 24 workers of 68 for evacuation
[2024-08-28T01:13:51.085+0000][info][gc,phases      ] GC(178)   Pre Evacuate Collection Set: 0.2ms
[2024-08-28T01:13:51.085+0000][info][gc,phases      ] GC(178)   Merge Heap Roots: 0.3ms
[2024-08-28T01:13:51.085+0000][info][gc,phases      ] GC(178)   Evacuate Collection Set: 4.2ms
[2024-08-28T01:13:51.085+0000][info][gc,phases      ] GC(178)   Post Evacuate Collection Set: 0.3ms
[2024-08-28T01:13:51.085+0000][info][gc,phases      ] GC(178)   Other: 0.3ms
[2024-08-28T01:13:51.085+0000][info][gc,heap        ] GC(178) Eden regions: 11->0(44)
[2024-08-28T01:13:51.085+0000][info][gc,heap        ] GC(178) Survivor regions: 7->7(7)
[2024-08-28T01:13:51.085+0000][info][gc,heap        ] GC(178) Old regions: 978->991
[2024-08-28T01:13:51.085+0000][info][gc,heap        ] GC(178) Archive regions: 2->2
[2024-08-28T01:13:51.085+0000][info][gc,heap        ] GC(178) Humongous regions: 5->5
[2024-08-28T01:13:51.085+0000][info][gc,metaspace   ] GC(178) Metaspace: 100K(320K)->100K(320K) NonClass: 96K(192K)->96K(192K) Class: 4K(128K)->4K(128K)
[2024-08-28T01:13:51.085+0000][info][gc             ] GC(178) Pause Young (Normal) (G1 Preventive Collection) 1001M->1003M(1024M) 5.437ms
[2024-08-28T01:13:51.085+0000][info][gc,cpu         ] GC(178) User=0.10s Sys=0.00s Real=0.00s
[2024-08-28T01:13:51.086+0000][info][gc,marking     ] GC(176) Concurrent Mark From Roots 37.605ms
[2024-08-28T01:13:51.086+0000][info][gc,marking     ] GC(176) Concurrent Preclean
[2024-08-28T01:13:51.087+0000][info][gc,marking     ] GC(176) Concurrent Preclean 0.504ms
[2024-08-28T01:13:51.087+0000][info][gc,start       ] GC(176) Pause Remark
[2024-08-28T01:13:51.089+0000][info][gc             ] GC(176) Pause Remark 1006M->1006M(1024M) 1.936ms
[2024-08-28T01:13:51.089+0000][info][gc,cpu         ] GC(176) User=0.01s Sys=0.00s Real=0.00s
[2024-08-28T01:13:51.089+0000][info][gc,marking     ] GC(176) Concurrent Mark 40.487ms
[2024-08-28T01:13:51.089+0000][info][gc,marking     ] GC(176) Concurrent Rebuild Remembered Sets
[2024-08-28T01:13:51.091+0000][info][gc,start       ] GC(179) Pause Young (Normal) (G1 Preventive Collection)
[2024-08-28T01:13:51.091+0000][info][gc,task        ] GC(179) Using 24 workers of 68 for evacuation
[2024-08-28T01:13:51.095+0000][info][gc,phases      ] GC(179)   Pre Evacuate Collection Set: 0.2ms
[2024-08-28T01:13:51.095+0000][info][gc,phases      ] GC(179)   Merge Heap Roots: 0.4ms
[2024-08-28T01:13:51.095+0000][info][gc,phases      ] GC(179)   Evacuate Collection Set: 2.7ms
[2024-08-28T01:13:51.095+0000][info][gc,phases      ] GC(179)   Post Evacuate Collection Set: 0.3ms
[2024-08-28T01:13:51.095+0000][info][gc,phases      ] GC(179)   Other: 0.3ms
[2024-08-28T01:13:51.095+0000][info][gc,heap        ] GC(179) Eden regions: 5->0(46)
[2024-08-28T01:13:51.095+0000][info][gc,heap        ] GC(179) Survivor regions: 7->5(7)
[2024-08-28T01:13:51.095+0000][info][gc,heap        ] GC(179) Old regions: 991->1000
[2024-08-28T01:13:51.095+0000][info][gc,heap        ] GC(179) Archive regions: 2->2
[2024-08-28T01:13:51.095+0000][info][gc,heap        ] GC(179) Humongous regions: 5->5
[2024-08-28T01:13:51.095+0000][info][gc,metaspace   ] GC(179) Metaspace: 100K(320K)->100K(320K) NonClass: 96K(192K)->96K(192K) Class: 4K(128K)->4K(128K)
[2024-08-28T01:13:51.095+0000][info][gc             ] GC(179) Pause Young (Normal) (G1 Preventive Collection) 1008M->1010M(1024M) 3.951ms
[2024-08-28T01:13:51.095+0000][info][gc,cpu         ] GC(179) User=0.07s Sys=0.00s Real=0.00s
[2024-08-28T01:13:51.097+0000][info][gc,start       ] GC(180) Pause Young (Normal) (G1 Preventive Collection)
[2024-08-28T01:13:51.097+0000][info][gc,task        ] GC(180) Using 24 workers of 68 for evacuation
[2024-08-28T01:13:51.100+0000][info][gc             ] GC(180) To-space exhausted
[2024-08-28T01:13:51.100+0000][info][gc,phases      ] GC(180)   Pre Evacuate Collection Set: 0.2ms
[2024-08-28T01:13:51.100+0000][info][gc,phases      ] GC(180)   Merge Heap Roots: 0.3ms
[2024-08-28T01:13:51.100+0000][info][gc,phases      ] GC(180)   Evacuate Collection Set: 2.1ms
[2024-08-28T01:13:51.100+0000][info][gc,phases      ] GC(180)   Post Evacuate Collection Set: 0.4ms
[2024-08-28T01:13:51.100+0000][info][gc,phases      ] GC(180)   Other: 0.2ms
[2024-08-28T01:13:51.100+0000][info][gc,heap        ] GC(180) Eden regions: 3->0(47)
[2024-08-28T01:13:51.100+0000][info][gc,heap        ] GC(180) Survivor regions: 5->4(7)
[2024-08-28T01:13:51.100+0000][info][gc,heap        ] GC(180) Old regions: 1000->1009
[2024-08-28T01:13:51.100+0000][info][gc,heap        ] GC(180) Archive regions: 2->2
[2024-08-28T01:13:51.100+0000][info][gc,heap        ] GC(180) Humongous regions: 5->5
[2024-08-28T01:13:51.100+0000][info][gc,metaspace   ] GC(180) Metaspace: 100K(320K)->100K(320K) NonClass: 96K(192K)->96K(192K) Class: 4K(128K)->4K(128K)
[2024-08-28T01:13:51.100+0000][info][gc             ] GC(180) Pause Young (Normal) (G1 Preventive Collection) 1013M->1018M(1024M) 3.134ms
[2024-08-28T01:13:51.100+0000][info][gc,cpu         ] GC(180) User=0.06s Sys=0.00s Real=0.01s
[2024-08-28T01:13:51.101+0000][info][gc,start       ] GC(181) Pause Young (Normal) (G1 Preventive Collection)
[2024-08-28T01:13:51.101+0000][info][gc,task        ] GC(181) Using 24 workers of 68 for evacuation
[2024-08-28T01:13:51.104+0000][info][gc             ] GC(181) To-space exhausted
[2024-08-28T01:13:51.104+0000][info][gc,phases      ] GC(181)   Pre Evacuate Collection Set: 0.1ms
[2024-08-28T01:13:51.104+0000][info][gc,phases      ] GC(181)   Merge Heap Roots: 0.5ms
[2024-08-28T01:13:51.104+0000][info][gc,phases      ] GC(181)   Evacuate Collection Set: 1.7ms
[2024-08-28T01:13:51.104+0000][info][gc,phases      ] GC(181)   Post Evacuate Collection Set: 0.5ms
[2024-08-28T01:13:51.104+0000][info][gc,phases      ] GC(181)   Other: 0.1ms
[2024-08-28T01:13:51.104+0000][info][gc,heap        ] GC(181) Eden regions: 1->0(48)
[2024-08-28T01:13:51.104+0000][info][gc,heap        ] GC(181) Survivor regions: 4->3(3)
[2024-08-28T01:13:51.104+0000][info][gc,heap        ] GC(181) Old regions: 1009->1014
[2024-08-28T01:13:51.104+0000][info][gc,heap        ] GC(181) Archive regions: 2->2
[2024-08-28T01:13:51.104+0000][info][gc,heap        ] GC(181) Humongous regions: 5->5
[2024-08-28T01:13:51.104+0000][info][gc,metaspace   ] GC(181) Metaspace: 100K(320K)->100K(320K) NonClass: 96K(192K)->96K(192K) Class: 4K(128K)->4K(128K)
[2024-08-28T01:13:51.104+0000][info][gc             ] GC(181) Pause Young (Normal) (G1 Preventive Collection) 1019M->1022M(1024M) 3.073ms
[2024-08-28T01:13:51.104+0000][info][gc,cpu         ] GC(181) User=0.05s Sys=0.00s Real=0.00s
[2024-08-28T01:13:51.104+0000][info][gc,ergo        ] Attempting full compaction
[2024-08-28T01:13:51.104+0000][info][gc,task        ] GC(182) Using 24 workers of 68 for full compaction
[2024-08-28T01:13:51.104+0000][info][gc,start       ] GC(182) Pause Full (G1 Compaction Pause)
[2024-08-28T01:13:51.105+0000][info][gc,phases,start] GC(182) Phase 1: Mark live objects
[2024-08-28T01:13:51.119+0000][info][gc,phases      ] GC(182) Phase 1: Mark live objects 14.231ms
[2024-08-28T01:13:51.119+0000][info][gc,phases,start] GC(182) Phase 2: Prepare for compaction
[2024-08-28T01:13:51.130+0000][info][gc,phases      ] GC(182) Phase 2: Prepare for compaction 10.858ms
[2024-08-28T01:13:51.130+0000][info][gc,phases,start] GC(182) Phase 3: Adjust pointers
[2024-08-28T01:13:51.144+0000][info][gc,phases      ] GC(182) Phase 3: Adjust pointers 13.892ms
[2024-08-28T01:13:51.144+0000][info][gc,phases,start] GC(182) Phase 4: Compact heap
[2024-08-28T01:13:51.175+0000][info][gc,phases      ] GC(182) Phase 4: Compact heap 31.165ms
[2024-08-28T01:13:51.177+0000][info][gc,heap        ] GC(182) Eden regions: 0->0(150)
[2024-08-28T01:13:51.177+0000][info][gc,heap        ] GC(182) Survivor regions: 3->0(3)
[2024-08-28T01:13:51.177+0000][info][gc,heap        ] GC(182) Old regions: 1014->443
[2024-08-28T01:13:51.177+0000][info][gc,heap        ] GC(182) Archive regions: 2->2
[2024-08-28T01:13:51.177+0000][info][gc,heap        ] GC(182) Humongous regions: 5->5
[2024-08-28T01:13:51.177+0000][info][gc,metaspace   ] GC(182) Metaspace: 100K(320K)->100K(320K) NonClass: 96K(192K)->96K(192K) Class: 4K(128K)->4K(128K)
[2024-08-28T01:13:51.177+0000][info][gc             ] GC(182) Pause Full (G1 Compaction Pause) 1022M->435M(1024M) 72.620ms
[2024-08-28T01:13:51.177+0000][info][gc,cpu         ] GC(182) User=1.49s Sys=0.02s Real=0.07s
[2024-08-28T01:13:51.177+0000][info][gc,marking     ] GC(176) Concurrent Rebuild Remembered Sets 88.205ms
[2024-08-28T01:13:51.177+0000][info][gc,marking     ] GC(176) Concurrent Mark Abort
[2024-08-28T01:13:51.177+0000][info][gc             ] GC(176) Concurrent Mark Cycle 130.270ms
[2024-08-28T01:13:51.250+0000][info][gc,start       ] GC(183) Pause Young (Normal) (G1 Evacuation Pause)
[2024-08-28T01:13:51.250+0000][info][gc,task        ] GC(183) Using 24 workers of 68 for evacuation
[2024-08-28T01:13:51.271+0000][info][gc,phases      ] GC(183)   Pre Evacuate Collection Set: 0.2ms
[2024-08-28T01:13:51.271+0000][info][gc,phases      ] GC(183)   Merge Heap Roots: 0.6ms
[2024-08-28T01:13:51.271+0000][info][gc,phases      ] GC(183)   Evacuate Collection Set: 20.0ms
[2024-08-28T01:13:51.271+0000][info][gc,phases      ] GC(183)   Post Evacuate Collection Set: 0.5ms
[2024-08-28T01:13:51.271+0000][info][gc,phases      ] GC(183)   Other: 0.4ms
[2024-08-28T01:13:51.271+0000][info][gc,heap        ] GC(183) Eden regions: 150->0(101)
[2024-08-28T01:13:51.271+0000][info][gc,heap        ] GC(183) Survivor regions: 0->19(19)
[2024-08-28T01:13:51.271+0000][info][gc,heap        ] GC(183) Old regions: 443->576
[2024-08-28T01:13:51.271+0000][info][gc,heap        ] GC(183) Archive regions: 2->2
[2024-08-28T01:13:51.271+0000][info][gc,heap        ] GC(183) Humongous regions: 5->5
[2024-08-28T01:13:51.271+0000][info][gc,metaspace   ] GC(183) Metaspace: 100K(320K)->100K(320K) NonClass: 96K(192K)->96K(192K) Class: 4K(128K)->4K(128K)
[2024-08-28T01:13:51.271+0000][info][gc             ] GC(183) Pause Young (Normal) (G1 Evacuation Pause) 585M->587M(1024M) 21.757ms
[2024-08-28T01:13:51.271+0000][info][gc,cpu         ] GC(183) User=0.41s Sys=0.04s Real=0.02s
[2024-08-28T01:13:51.319+0000][info][gc,start       ] GC(184) Pause Young (Concurrent Start) (G1 Evacuation Pause)
[2024-08-28T01:13:51.319+0000][info][gc,task        ] GC(184) Using 24 workers of 68 for evacuation
[2024-08-28T01:13:51.336+0000][info][gc,phases      ] GC(184)   Pre Evacuate Collection Set: 0.2ms
[2024-08-28T01:13:51.336+0000][info][gc,phases      ] GC(184)   Merge Heap Roots: 0.6ms
[2024-08-28T01:13:51.336+0000][info][gc,phases      ] GC(184)   Evacuate Collection Set: 15.1ms
[2024-08-28T01:13:51.336+0000][info][gc,phases      ] GC(184)   Post Evacuate Collection Set: 0.4ms
[2024-08-28T01:13:51.336+0000][info][gc,phases      ] GC(184)   Other: 1.1ms
[2024-08-28T01:13:51.336+0000][info][gc,heap        ] GC(184) Eden regions: 101->0(69)
[2024-08-28T01:13:51.336+0000][info][gc,heap        ] GC(184) Survivor regions: 19->15(15)
[2024-08-28T01:13:51.336+0000][info][gc,heap        ] GC(184) Old regions: 576->681
[2024-08-28T01:13:51.336+0000][info][gc,heap        ] GC(184) Archive regions: 2->2
[2024-08-28T01:13:51.336+0000][info][gc,heap        ] GC(184) Humongous regions: 5->5
[2024-08-28T01:13:51.336+0000][info][gc,metaspace   ] GC(184) Metaspace: 100K(320K)->100K(320K) NonClass: 96K(192K)->96K(192K) Class: 4K(128K)->4K(128K)
[2024-08-28T01:13:51.336+0000][info][gc             ] GC(184) Pause Young (Concurrent Start) (G1 Evacuation Pause) 688M->688M(1024M) 17.496ms
[2024-08-28T01:13:51.336+0000][info][gc,cpu         ] GC(184) User=0.37s Sys=0.01s Real=0.01s
[2024-08-28T01:13:51.336+0000][info][gc             ] GC(185) Concurrent Mark Cycle
[2024-08-28T01:13:51.336+0000][info][gc,marking     ] GC(185) Concurrent Clear Claimed Marks
[2024-08-28T01:13:51.336+0000][info][gc,marking     ] GC(185) Concurrent Clear Claimed Marks 0.011ms
[2024-08-28T01:13:51.336+0000][info][gc,marking     ] GC(185) Concurrent Scan Root Regions
[2024-08-28T01:13:51.340+0000][info][gc,marking     ] GC(185) Concurrent Scan Root Regions 3.390ms
[2024-08-28T01:13:51.340+0000][info][gc,marking     ] GC(185) Concurrent Mark
[2024-08-28T01:13:51.340+0000][info][gc,marking     ] GC(185) Concurrent Mark From Roots
[2024-08-28T01:13:51.340+0000][info][gc,task        ] GC(185) Using 17 workers of 17 for marking
[2024-08-28T01:13:51.361+0000][info][gc,marking     ] GC(185) Concurrent Mark From Roots 21.490ms
[2024-08-28T01:13:51.362+0000][info][gc,marking     ] GC(185) Concurrent Preclean
[2024-08-28T01:13:51.362+0000][info][gc,marking     ] GC(185) Concurrent Preclean 0.677ms
[2024-08-28T01:13:51.362+0000][info][gc,start       ] GC(185) Pause Remark
[2024-08-28T01:13:51.364+0000][info][gc             ] GC(185) Pause Remark 726M->726M(1024M) 1.709ms
[2024-08-28T01:13:51.364+0000][info][gc,cpu         ] GC(185) User=0.01s Sys=0.00s Real=0.00s
[2024-08-28T01:13:51.364+0000][info][gc,marking     ] GC(185) Concurrent Mark 24.327ms
[2024-08-28T01:13:51.364+0000][info][gc,marking     ] GC(185) Concurrent Rebuild Remembered Sets
[2024-08-28T01:13:51.380+0000][info][gc,start       ] GC(186) Pause Young (Normal) (G1 Evacuation Pause)
[2024-08-28T01:13:51.380+0000][info][gc,task        ] GC(186) Using 24 workers of 68 for evacuation
[2024-08-28T01:13:51.396+0000][info][gc,phases      ] GC(186)   Pre Evacuate Collection Set: 0.2ms
[2024-08-28T01:13:51.396+0000][info][gc,phases      ] GC(186)   Merge Heap Roots: 0.6ms
[2024-08-28T01:13:51.396+0000][info][gc,phases      ] GC(186)   Evacuate Collection Set: 14.2ms
[2024-08-28T01:13:51.396+0000][info][gc,phases      ] GC(186)   Post Evacuate Collection Set: 0.7ms
[2024-08-28T01:13:51.396+0000][info][gc,phases      ] GC(186)   Other: 0.3ms
[2024-08-28T01:13:51.396+0000][info][gc,heap        ] GC(186) Eden regions: 69->0(45)
[2024-08-28T01:13:51.396+0000][info][gc,heap        ] GC(186) Survivor regions: 15->11(11)
[2024-08-28T01:13:51.396+0000][info][gc,heap        ] GC(186) Old regions: 681->757
[2024-08-28T01:13:51.396+0000][info][gc,heap        ] GC(186) Archive regions: 2->2
[2024-08-28T01:13:51.396+0000][info][gc,heap        ] GC(186) Humongous regions: 5->5
[2024-08-28T01:13:51.396+0000][info][gc,metaspace   ] GC(186) Metaspace: 100K(320K)->100K(320K) NonClass: 96K(192K)->96K(192K) Class: 4K(128K)->4K(128K)
[2024-08-28T01:13:51.396+0000][info][gc             ] GC(186) Pause Young (Normal) (G1 Evacuation Pause) 757M->760M(1024M) 16.095ms
[2024-08-28T01:13:51.396+0000][info][gc,cpu         ] GC(186) User=0.36s Sys=0.00s Real=0.01s
[2024-08-28T01:13:51.421+0000][info][gc,start       ] GC(187) Pause Young (Normal) (G1 Evacuation Pause)
[2024-08-28T01:13:51.421+0000][info][gc,task        ] GC(187) Using 24 workers of 68 for evacuation
[2024-08-28T01:13:51.441+0000][info][gc,phases      ] GC(187)   Pre Evacuate Collection Set: 0.2ms
[2024-08-28T01:13:51.441+0000][info][gc,phases      ] GC(187)   Merge Heap Roots: 0.8ms
[2024-08-28T01:13:51.441+0000][info][gc,phases      ] GC(187)   Evacuate Collection Set: 18.1ms
[2024-08-28T01:13:51.441+0000][info][gc,phases      ] GC(187)   Post Evacuate Collection Set: 0.8ms
[2024-08-28T01:13:51.441+0000][info][gc,phases      ] GC(187)   Other: 0.3ms
[2024-08-28T01:13:51.441+0000][info][gc,heap        ] GC(187) Eden regions: 45->0(44)
[2024-08-28T01:13:51.441+0000][info][gc,heap        ] GC(187) Survivor regions: 11->7(7)
[2024-08-28T01:13:51.441+0000][info][gc,heap        ] GC(187) Old regions: 757->811
[2024-08-28T01:13:51.441+0000][info][gc,heap        ] GC(187) Archive regions: 2->2
[2024-08-28T01:13:51.441+0000][info][gc,heap        ] GC(187) Humongous regions: 5->5
[2024-08-28T01:13:51.441+0000][info][gc,metaspace   ] GC(187) Metaspace: 100K(320K)->100K(320K) NonClass: 96K(192K)->96K(192K) Class: 4K(128K)->4K(128K)
[2024-08-28T01:13:51.441+0000][info][gc             ] GC(187) Pause Young (Normal) (G1 Evacuation Pause) 805M->810M(1024M) 20.297ms
[2024-08-28T01:13:51.441+0000][info][gc,cpu         ] GC(187) User=0.46s Sys=0.00s Real=0.02s
[2024-08-28T01:13:51.463+0000][info][gc,marking     ] GC(185) Concurrent Rebuild Remembered Sets 98.771ms
[2024-08-28T01:13:51.464+0000][info][gc,start       ] GC(185) Pause Cleanup
[2024-08-28T01:13:51.466+0000][info][gc             ] GC(185) Pause Cleanup 844M->844M(1024M) 2.523ms
[2024-08-28T01:13:51.466+0000][info][gc,cpu         ] GC(185) User=0.01s Sys=0.00s Real=0.00s
[2024-08-28T01:13:51.466+0000][info][gc,marking     ] GC(185) Concurrent Cleanup for Next Mark
[2024-08-28T01:13:51.467+0000][info][gc,marking     ] GC(185) Concurrent Cleanup for Next Mark 0.588ms
[2024-08-28T01:13:51.467+0000][info][gc             ] GC(185) Concurrent Mark Cycle 130.465ms
[2024-08-28T01:13:51.474+0000][info][gc,start       ] GC(188) Pause Young (Prepare Mixed) (G1 Evacuation Pause)
[2024-08-28T01:13:51.474+0000][info][gc,task        ] GC(188) Using 24 workers of 68 for evacuation
[2024-08-28T01:13:51.494+0000][info][gc,phases      ] GC(188)   Pre Evacuate Collection Set: 0.2ms
[2024-08-28T01:13:51.494+0000][info][gc,phases      ] GC(188)   Merge Heap Roots: 1.0ms
[2024-08-28T01:13:51.494+0000][info][gc,phases      ] GC(188)   Evacuate Collection Set: 18.3ms
[2024-08-28T01:13:51.494+0000][info][gc,phases      ] GC(188)   Post Evacuate Collection Set: 0.4ms
[2024-08-28T01:13:51.494+0000][info][gc,phases      ] GC(188)   Other: 0.3ms
[2024-08-28T01:13:51.495+0000][info][gc,heap        ] GC(188) Eden regions: 44->0(44)
[2024-08-28T01:13:51.495+0000][info][gc,heap        ] GC(188) Survivor regions: 7->7(7)
[2024-08-28T01:13:51.495+0000][info][gc,heap        ] GC(188) Old regions: 811->859
[2024-08-28T01:13:51.495+0000][info][gc,heap        ] GC(188) Archive regions: 2->2
[2024-08-28T01:13:51.495+0000][info][gc,heap        ] GC(188) Humongous regions: 5->5
[2024-08-28T01:13:51.495+0000][info][gc,metaspace   ] GC(188) Metaspace: 100K(320K)->100K(320K) NonClass: 96K(192K)->96K(192K) Class: 4K(128K)->4K(128K)
[2024-08-28T01:13:51.495+0000][info][gc             ] GC(188) Pause Young (Prepare Mixed) (G1 Evacuation Pause) 854M->858M(1024M) 20.343ms
[2024-08-28T01:13:51.495+0000][info][gc,cpu         ] GC(188) User=0.46s Sys=0.00s Real=0.02s
[2024-08-28T01:13:51.526+0000][info][gc,start       ] GC(189) Pause Young (Mixed) (G1 Evacuation Pause)
[2024-08-28T01:13:51.526+0000][info][gc,task        ] GC(189) Using 24 workers of 68 for evacuation
[2024-08-28T01:13:51.540+0000][info][gc,phases      ] GC(189)   Pre Evacuate Collection Set: 0.2ms
[2024-08-28T01:13:51.540+0000][info][gc,phases      ] GC(189)   Merge Heap Roots: 0.7ms
[2024-08-28T01:13:51.540+0000][info][gc,phases      ] GC(189)   Evacuate Collection Set: 12.2ms
[2024-08-28T01:13:51.540+0000][info][gc,phases      ] GC(189)   Post Evacuate Collection Set: 0.4ms
[2024-08-28T01:13:51.540+0000][info][gc,phases      ] GC(189)   Other: 0.3ms
[2024-08-28T01:13:51.540+0000][info][gc,heap        ] GC(189) Eden regions: 44->0(44)
[2024-08-28T01:13:51.540+0000][info][gc,heap        ] GC(189) Survivor regions: 7->7(7)
[2024-08-28T01:13:51.540+0000][info][gc,heap        ] GC(189) Old regions: 859->844
[2024-08-28T01:13:51.540+0000][info][gc,heap        ] GC(189) Archive regions: 2->2
[2024-08-28T01:13:51.540+0000][info][gc,heap        ] GC(189) Humongous regions: 5->5
[2024-08-28T01:13:51.540+0000][info][gc,metaspace   ] GC(189) Metaspace: 100K(320K)->100K(320K) NonClass: 96K(192K)->96K(192K) Class: 4K(128K)->4K(128K)
[2024-08-28T01:13:51.540+0000][info][gc             ] GC(189) Pause Young (Mixed) (G1 Evacuation Pause) 902M->848M(1024M) 13.944ms
[2024-08-28T01:13:51.540+0000][info][gc,cpu         ] GC(189) User=0.30s Sys=0.00s Real=0.02s
[2024-08-28T01:13:51.573+0000][info][gc,start       ] GC(190) Pause Young (Mixed) (G1 Evacuation Pause)
[2024-08-28T01:13:51.573+0000][info][gc,task        ] GC(190) Using 24 workers of 68 for evacuation
[2024-08-28T01:13:51.585+0000][info][gc,phases      ] GC(190)   Pre Evacuate Collection Set: 0.2ms
[2024-08-28T01:13:51.585+0000][info][gc,phases      ] GC(190)   Merge Heap Roots: 0.7ms
[2024-08-28T01:13:51.585+0000][info][gc,phases      ] GC(190)   Evacuate Collection Set: 10.6ms
[2024-08-28T01:13:51.585+0000][info][gc,phases      ] GC(190)   Post Evacuate Collection Set: 0.4ms
[2024-08-28T01:13:51.585+0000][info][gc,phases      ] GC(190)   Other: 0.3ms
[2024-08-28T01:13:51.585+0000][info][gc,heap        ] GC(190) Eden regions: 44->0(44)
[2024-08-28T01:13:51.585+0000][info][gc,heap        ] GC(190) Survivor regions: 7->7(7)
[2024-08-28T01:13:51.585+0000][info][gc,heap        ] GC(190) Old regions: 844->829
[2024-08-28T01:13:51.585+0000][info][gc,heap        ] GC(190) Archive regions: 2->2
[2024-08-28T01:13:51.585+0000][info][gc,heap        ] GC(190) Humongous regions: 5->5
[2024-08-28T01:13:51.585+0000][info][gc,metaspace   ] GC(190) Metaspace: 100K(320K)->100K(320K) NonClass: 96K(192K)->96K(192K) Class: 4K(128K)->4K(128K)
[2024-08-28T01:13:51.585+0000][info][gc             ] GC(190) Pause Young (Mixed) (G1 Evacuation Pause) 892M->833M(1024M) 12.481ms
[2024-08-28T01:13:51.585+0000][info][gc,cpu         ] GC(190) User=0.27s Sys=0.00s Real=0.01s
[2024-08-28T01:13:51.619+0000][info][gc,start       ] GC(191) Pause Young (Mixed) (G1 Evacuation Pause)
[2024-08-28T01:13:51.619+0000][info][gc,task        ] GC(191) Using 24 workers of 68 for evacuation
[2024-08-28T01:13:51.631+0000][info][gc,phases      ] GC(191)   Pre Evacuate Collection Set: 0.2ms
[2024-08-28T01:13:51.631+0000][info][gc,phases      ] GC(191)   Merge Heap Roots: 0.7ms
[2024-08-28T01:13:51.631+0000][info][gc,phases      ] GC(191)   Evacuate Collection Set: 10.3ms
[2024-08-28T01:13:51.631+0000][info][gc,phases      ] GC(191)   Post Evacuate Collection Set: 0.4ms
[2024-08-28T01:13:51.631+0000][info][gc,phases      ] GC(191)   Other: 0.4ms
[2024-08-28T01:13:51.631+0000][info][gc,heap        ] GC(191) Eden regions: 44->0(44)
[2024-08-28T01:13:51.631+0000][info][gc,heap        ] GC(191) Survivor regions: 7->7(7)
[2024-08-28T01:13:51.631+0000][info][gc,heap        ] GC(191) Old regions: 829->817
[2024-08-28T01:13:51.631+0000][info][gc,heap        ] GC(191) Archive regions: 2->2
[2024-08-28T01:13:51.631+0000][info][gc,heap        ] GC(191) Humongous regions: 5->5
[2024-08-28T01:13:51.631+0000][info][gc,metaspace   ] GC(191) Metaspace: 100K(320K)->100K(320K) NonClass: 96K(192K)->96K(192K) Class: 4K(128K)->4K(128K)
[2024-08-28T01:13:51.631+0000][info][gc             ] GC(191) Pause Young (Mixed) (G1 Evacuation Pause) 877M->823M(1024M) 12.131ms
[2024-08-28T01:13:51.631+0000][info][gc,cpu         ] GC(191) User=0.26s Sys=0.00s Real=0.01s
[2024-08-28T01:13:51.678+0000][info][gc,start       ] GC(192) Pause Young (Mixed) (G1 Evacuation Pause)
[2024-08-28T01:13:51.678+0000][info][gc,task        ] GC(192) Using 24 workers of 68 for evacuation
[2024-08-28T01:13:51.692+0000][info][gc,phases      ] GC(192)   Pre Evacuate Collection Set: 0.2ms
[2024-08-28T01:13:51.692+0000][info][gc,phases      ] GC(192)   Merge Heap Roots: 0.4ms
[2024-08-28T01:13:51.692+0000][info][gc,phases      ] GC(192)   Evacuate Collection Set: 13.1ms
[2024-08-28T01:13:51.692+0000][info][gc,phases      ] GC(192)   Post Evacuate Collection Set: 0.4ms
[2024-08-28T01:13:51.692+0000][info][gc,phases      ] GC(192)   Other: 0.3ms
[2024-08-28T01:13:51.692+0000][info][gc,heap        ] GC(192) Eden regions: 44->0(44)
[2024-08-28T01:13:51.692+0000][info][gc,heap        ] GC(192) Survivor regions: 7->7(7)
[2024-08-28T01:13:51.692+0000][info][gc,heap        ] GC(192) Old regions: 817->851
[2024-08-28T01:13:51.692+0000][info][gc,heap        ] GC(192) Archive regions: 2->2
[2024-08-28T01:13:51.692+0000][info][gc,heap        ] GC(192) Humongous regions: 5->5
[2024-08-28T01:13:51.692+0000][info][gc,metaspace   ] GC(192) Metaspace: 100K(320K)->100K(320K) NonClass: 96K(192K)->96K(192K) Class: 4K(128K)->4K(128K)
[2024-08-28T01:13:51.692+0000][info][gc             ] GC(192) Pause Young (Mixed) (G1 Evacuation Pause) 867M->857M(1024M) 14.561ms
[2024-08-28T01:13:51.692+0000][info][gc,cpu         ] GC(192) User=0.23s Sys=0.08s Real=0.01s
[2024-08-28T01:13:51.717+0000][info][gc,start       ] GC(193) Pause Young (Concurrent Start) (G1 Evacuation Pause)
[2024-08-28T01:13:51.717+0000][info][gc,task        ] GC(193) Using 24 workers of 68 for evacuation
[2024-08-28T01:13:51.728+0000][info][gc,phases      ] GC(193)   Pre Evacuate Collection Set: 0.2ms
[2024-08-28T01:13:51.728+0000][info][gc,phases      ] GC(193)   Merge Heap Roots: 0.4ms
[2024-08-28T01:13:51.728+0000][info][gc,phases      ] GC(193)   Evacuate Collection Set: 8.7ms
[2024-08-28T01:13:51.728+0000][info][gc,phases      ] GC(193)   Post Evacuate Collection Set: 0.4ms
[2024-08-28T01:13:51.728+0000][info][gc,phases      ] GC(193)   Other: 1.0ms
[2024-08-28T01:13:51.728+0000][info][gc,heap        ] GC(193) Eden regions: 44->0(44)
[2024-08-28T01:13:51.728+0000][info][gc,heap        ] GC(193) Survivor regions: 7->7(7)
[2024-08-28T01:13:51.728+0000][info][gc,heap        ] GC(193) Old regions: 851->897
[2024-08-28T01:13:51.728+0000][info][gc,heap        ] GC(193) Archive regions: 2->2
[2024-08-28T01:13:51.728+0000][info][gc,heap        ] GC(193) Humongous regions: 5->5
[2024-08-28T01:13:51.728+0000][info][gc,metaspace   ] GC(193) Metaspace: 100K(320K)->100K(320K) NonClass: 96K(192K)->96K(192K) Class: 4K(128K)->4K(128K)
[2024-08-28T01:13:51.728+0000][info][gc             ] GC(193) Pause Young (Concurrent Start) (G1 Evacuation Pause) 901M->903M(1024M) 10.725ms
[2024-08-28T01:13:51.728+0000][info][gc,cpu         ] GC(193) User=0.21s Sys=0.00s Real=0.01s
[2024-08-28T01:13:51.728+0000][info][gc             ] GC(194) Concurrent Mark Cycle
[2024-08-28T01:13:51.728+0000][info][gc,marking     ] GC(194) Concurrent Clear Claimed Marks
[2024-08-28T01:13:51.728+0000][info][gc,marking     ] GC(194) Concurrent Clear Claimed Marks 0.010ms
[2024-08-28T01:13:51.728+0000][info][gc,marking     ] GC(194) Concurrent Scan Root Regions
[2024-08-28T01:13:51.730+0000][info][gc,marking     ] GC(194) Concurrent Scan Root Regions 1.629ms
[2024-08-28T01:13:51.730+0000][info][gc,marking     ] GC(194) Concurrent Mark
[2024-08-28T01:13:51.730+0000][info][gc,marking     ] GC(194) Concurrent Mark From Roots
[2024-08-28T01:13:51.730+0000][info][gc,task        ] GC(194) Using 17 workers of 17 for marking
[2024-08-28T01:13:51.753+0000][info][gc,marking     ] GC(194) Concurrent Mark From Roots 23.490ms
[2024-08-28T01:13:51.753+0000][info][gc,marking     ] GC(194) Concurrent Preclean
[2024-08-28T01:13:51.754+0000][info][gc,marking     ] GC(194) Concurrent Preclean 0.690ms
[2024-08-28T01:13:51.754+0000][info][gc,start       ] GC(194) Pause Remark
[2024-08-28T01:13:51.755+0000][info][gc             ] GC(194) Pause Remark 944M->944M(1024M) 1.181ms
[2024-08-28T01:13:51.755+0000][info][gc,cpu         ] GC(194) User=0.00s Sys=0.00s Real=0.00s
[2024-08-28T01:13:51.755+0000][info][gc,marking     ] GC(194) Concurrent Mark 25.712ms
[2024-08-28T01:13:51.755+0000][info][gc,marking     ] GC(194) Concurrent Rebuild Remembered Sets
[2024-08-28T01:13:51.758+0000][info][gc,start       ] GC(195) Pause Young (Normal) (G1 Evacuation Pause)
[2024-08-28T01:13:51.758+0000][info][gc,task        ] GC(195) Using 24 workers of 68 for evacuation
[2024-08-28T01:13:51.769+0000][info][gc,phases      ] GC(195)   Pre Evacuate Collection Set: 0.1ms
[2024-08-28T01:13:51.769+0000][info][gc,phases      ] GC(195)   Merge Heap Roots: 0.6ms
[2024-08-28T01:13:51.769+0000][info][gc,phases      ] GC(195)   Evacuate Collection Set: 9.2ms
[2024-08-28T01:13:51.769+0000][info][gc,phases      ] GC(195)   Post Evacuate Collection Set: 0.5ms
[2024-08-28T01:13:51.769+0000][info][gc,phases      ] GC(195)   Other: 0.2ms
[2024-08-28T01:13:51.769+0000][info][gc,heap        ] GC(195) Eden regions: 44->0(44)
[2024-08-28T01:13:51.769+0000][info][gc,heap        ] GC(195) Survivor regions: 7->7(7)
[2024-08-28T01:13:51.769+0000][info][gc,heap        ] GC(195) Old regions: 897->943
[2024-08-28T01:13:51.769+0000][info][gc,heap        ] GC(195) Archive regions: 2->2
[2024-08-28T01:13:51.769+0000][info][gc,heap        ] GC(195) Humongous regions: 5->5
[2024-08-28T01:13:51.769+0000][info][gc,metaspace   ] GC(195) Metaspace: 100K(320K)->100K(320K) NonClass: 96K(192K)->96K(192K) Class: 4K(128K)->4K(128K)
[2024-08-28T01:13:51.769+0000][info][gc             ] GC(195) Pause Young (Normal) (G1 Evacuation Pause) 947M->949M(1024M) 10.637ms
[2024-08-28T01:13:51.769+0000][info][gc,cpu         ] GC(195) User=0.23s Sys=0.00s Real=0.00s
[2024-08-28T01:13:51.782+0000][info][gc,start       ] GC(196) Pause Young (Normal) (G1 Preventive Collection)
[2024-08-28T01:13:51.782+0000][info][gc,task        ] GC(196) Using 24 workers of 68 for evacuation
[2024-08-28T01:13:51.795+0000][info][gc,phases      ] GC(196)   Pre Evacuate Collection Set: 0.1ms
[2024-08-28T01:13:51.795+0000][info][gc,phases      ] GC(196)   Merge Heap Roots: 0.7ms
[2024-08-28T01:13:51.795+0000][info][gc,phases      ] GC(196)   Evacuate Collection Set: 11.2ms
[2024-08-28T01:13:51.795+0000][info][gc,phases      ] GC(196)   Post Evacuate Collection Set: 0.5ms
[2024-08-28T01:13:51.795+0000][info][gc,phases      ] GC(196)   Other: 0.2ms
[2024-08-28T01:13:51.795+0000][info][gc,heap        ] GC(196) Eden regions: 28->0(44)
[2024-08-28T01:13:51.795+0000][info][gc,heap        ] GC(196) Survivor regions: 7->7(7)
[2024-08-28T01:13:51.795+0000][info][gc,heap        ] GC(196) Old regions: 943->975
[2024-08-28T01:13:51.795+0000][info][gc,heap        ] GC(196) Archive regions: 2->2
[2024-08-28T01:13:51.795+0000][info][gc,heap        ] GC(196) Humongous regions: 5->5
[2024-08-28T01:13:51.795+0000][info][gc,metaspace   ] GC(196) Metaspace: 100K(320K)->100K(320K) NonClass: 96K(192K)->96K(192K) Class: 4K(128K)->4K(128K)
[2024-08-28T01:13:51.795+0000][info][gc             ] GC(196) Pause Young (Normal) (G1 Preventive Collection) 977M->981M(1024M) 12.917ms
[2024-08-28T01:13:51.795+0000][info][gc,cpu         ] GC(196) User=0.29s Sys=0.00s Real=0.01s
[2024-08-28T01:13:51.802+0000][info][gc,start       ] GC(197) Pause Young (Normal) (G1 Preventive Collection)
[2024-08-28T01:13:51.802+0000][info][gc,task        ] GC(197) Using 24 workers of 68 for evacuation
[2024-08-28T01:13:51.812+0000][info][gc             ] GC(197) To-space exhausted
[2024-08-28T01:13:51.813+0000][info][gc,phases      ] GC(197)   Pre Evacuate Collection Set: 0.2ms
[2024-08-28T01:13:51.813+0000][info][gc,phases      ] GC(197)   Merge Heap Roots: 0.8ms
[2024-08-28T01:13:51.813+0000][info][gc,phases      ] GC(197)   Evacuate Collection Set: 8.3ms
[2024-08-28T01:13:51.813+0000][info][gc,phases      ] GC(197)   Post Evacuate Collection Set: 0.9ms
[2024-08-28T01:13:51.813+0000][info][gc,phases      ] GC(197)   Other: 0.3ms
[2024-08-28T01:13:51.813+0000][info][gc,heap        ] GC(197) Eden regions: 13->0(44)
[2024-08-28T01:13:51.813+0000][info][gc,heap        ] GC(197) Survivor regions: 7->7(7)
[2024-08-28T01:13:51.813+0000][info][gc,heap        ] GC(197) Old regions: 975->1007
[2024-08-28T01:13:51.813+0000][info][gc,heap        ] GC(197) Archive regions: 2->2
[2024-08-28T01:13:51.813+0000][info][gc,heap        ] GC(197) Humongous regions: 5->5
[2024-08-28T01:13:51.813+0000][info][gc,metaspace   ] GC(197) Metaspace: 100K(320K)->100K(320K) NonClass: 96K(192K)->96K(192K) Class: 4K(128K)->4K(128K)
[2024-08-28T01:13:51.813+0000][info][gc             ] GC(197) Pause Young (Normal) (G1 Preventive Collection) 994M->1013M(1024M) 10.438ms
[2024-08-28T01:13:51.813+0000][info][gc,cpu         ] GC(197) User=0.22s Sys=0.00s Real=0.01s
[2024-08-28T01:13:51.814+0000][info][gc,start       ] GC(198) Pause Young (Normal) (G1 Preventive Collection)
[2024-08-28T01:13:51.814+0000][info][gc,task        ] GC(198) Using 24 workers of 68 for evacuation
[2024-08-28T01:13:51.821+0000][info][gc             ] GC(198) To-space exhausted
[2024-08-28T01:13:51.821+0000][info][gc,phases      ] GC(198)   Pre Evacuate Collection Set: 0.1ms
[2024-08-28T01:13:51.821+0000][info][gc,phases      ] GC(198)   Merge Heap Roots: 0.4ms
[2024-08-28T01:13:51.821+0000][info][gc,phases      ] GC(198)   Evacuate Collection Set: 5.4ms
[2024-08-28T01:13:51.821+0000][info][gc,phases      ] GC(198)   Post Evacuate Collection Set: 0.9ms
[2024-08-28T01:13:51.821+0000][info][gc,phases      ] GC(198)   Other: 0.2ms
[2024-08-28T01:13:51.821+0000][info][gc,heap        ] GC(198) Eden regions: 1->0(51)
[2024-08-28T01:13:51.821+0000][info][gc,heap        ] GC(198) Survivor regions: 7->0(2)
[2024-08-28T01:13:51.821+0000][info][gc,heap        ] GC(198) Old regions: 1007->1017
[2024-08-28T01:13:51.821+0000][info][gc,heap        ] GC(198) Archive regions: 2->2
[2024-08-28T01:13:51.821+0000][info][gc,heap        ] GC(198) Humongous regions: 5->5
[2024-08-28T01:13:51.821+0000][info][gc,metaspace   ] GC(198) Metaspace: 100K(320K)->100K(320K) NonClass: 96K(192K)->96K(192K) Class: 4K(128K)->4K(128K)
[2024-08-28T01:13:51.821+0000][info][gc             ] GC(198) Pause Young (Normal) (G1 Preventive Collection) 1014M->1016M(1024M) 7.274ms
[2024-08-28T01:13:51.821+0000][info][gc,cpu         ] GC(198) User=0.15s Sys=0.00s Real=0.01s
[2024-08-28T01:13:51.821+0000][info][gc,ergo        ] Attempting full compaction
[2024-08-28T01:13:51.821+0000][info][gc,task        ] GC(199) Using 24 workers of 68 for full compaction
[2024-08-28T01:13:51.821+0000][info][gc,start       ] GC(199) Pause Full (G1 Compaction Pause)
[2024-08-28T01:13:51.822+0000][info][gc,phases,start] GC(199) Phase 1: Mark live objects
[2024-08-28T01:13:51.835+0000][info][gc,phases      ] GC(199) Phase 1: Mark live objects 13.334ms
[2024-08-28T01:13:51.835+0000][info][gc,phases,start] GC(199) Phase 2: Prepare for compaction
[2024-08-28T01:13:51.844+0000][info][gc,phases      ] GC(199) Phase 2: Prepare for compaction 8.974ms
[2024-08-28T01:13:51.845+0000][info][gc,phases,start] GC(199) Phase 3: Adjust pointers
[2024-08-28T01:13:51.857+0000][info][gc,phases      ] GC(199) Phase 3: Adjust pointers 12.859ms
[2024-08-28T01:13:51.857+0000][info][gc,phases,start] GC(199) Phase 4: Compact heap
[2024-08-28T01:13:51.885+0000][info][gc,phases      ] GC(199) Phase 4: Compact heap 27.299ms
[2024-08-28T01:13:51.886+0000][info][gc,heap        ] GC(199) Eden regions: 0->0(150)
[2024-08-28T01:13:51.886+0000][info][gc,heap        ] GC(199) Survivor regions: 0->0(2)
[2024-08-28T01:13:51.886+0000][info][gc,heap        ] GC(199) Old regions: 1017->442
[2024-08-28T01:13:51.886+0000][info][gc,heap        ] GC(199) Archive regions: 2->2
[2024-08-28T01:13:51.886+0000][info][gc,heap        ] GC(199) Humongous regions: 5->5
[2024-08-28T01:13:51.886+0000][info][gc,metaspace   ] GC(199) Metaspace: 100K(320K)->100K(320K) NonClass: 96K(192K)->96K(192K) Class: 4K(128K)->4K(128K)
[2024-08-28T01:13:51.886+0000][info][gc             ] GC(199) Pause Full (G1 Compaction Pause) 1016M->437M(1024M) 65.052ms
[2024-08-28T01:13:51.887+0000][info][gc,cpu         ] GC(199) User=1.28s Sys=0.08s Real=0.06s
[2024-08-28T01:13:51.887+0000][info][gc,marking     ] GC(194) Concurrent Rebuild Remembered Sets 131.520ms
[2024-08-28T01:13:51.887+0000][info][gc,marking     ] GC(194) Concurrent Mark Abort
[2024-08-28T01:13:51.887+0000][info][gc             ] GC(194) Concurrent Mark Cycle 159.054ms
[2024-08-28T01:13:51.956+0000][info][gc,start       ] GC(200) Pause Young (Normal) (G1 Evacuation Pause)
[2024-08-28T01:13:51.956+0000][info][gc,task        ] GC(200) Using 24 workers of 68 for evacuation
[2024-08-28T01:13:51.976+0000][info][gc,phases      ] GC(200)   Pre Evacuate Collection Set: 0.2ms
[2024-08-28T01:13:51.976+0000][info][gc,phases      ] GC(200)   Merge Heap Roots: 0.5ms
[2024-08-28T01:13:51.976+0000][info][gc,phases      ] GC(200)   Evacuate Collection Set: 18.6ms
[2024-08-28T01:13:51.976+0000][info][gc,phases      ] GC(200)   Post Evacuate Collection Set: 0.4ms
[2024-08-28T01:13:51.976+0000][info][gc,phases      ] GC(200)   Other: 0.3ms
[2024-08-28T01:13:51.976+0000][info][gc,heap        ] GC(200) Eden regions: 150->0(103)
[2024-08-28T01:13:51.976+0000][info][gc,heap        ] GC(200) Survivor regions: 0->19(19)
[2024-08-28T01:13:51.976+0000][info][gc,heap        ] GC(200) Old regions: 442->569
[2024-08-28T01:13:51.976+0000][info][gc,heap        ] GC(200) Archive regions: 2->2
[2024-08-28T01:13:51.976+0000][info][gc,heap        ] GC(200) Humongous regions: 5->5
[2024-08-28T01:13:51.976+0000][info][gc,metaspace   ] GC(200) Metaspace: 100K(320K)->100K(320K) NonClass: 96K(192K)->96K(192K) Class: 4K(128K)->4K(128K)
[2024-08-28T01:13:51.976+0000][info][gc             ] GC(200) Pause Young (Normal) (G1 Evacuation Pause) 587M->582M(1024M) 20.214ms
[2024-08-28T01:13:51.976+0000][info][gc,cpu         ] GC(200) User=0.45s Sys=0.00s Real=0.02s
[2024-08-28T01:13:52.023+0000][info][gc,start       ] GC(201) Pause Young (Concurrent Start) (G1 Evacuation Pause)
[2024-08-28T01:13:52.023+0000][info][gc,task        ] GC(201) Using 24 workers of 68 for evacuation
[2024-08-28T01:13:52.041+0000][info][gc,phases      ] GC(201)   Pre Evacuate Collection Set: 0.2ms
[2024-08-28T01:13:52.041+0000][info][gc,phases      ] GC(201)   Merge Heap Roots: 0.4ms
[2024-08-28T01:13:52.041+0000][info][gc,phases      ] GC(201)   Evacuate Collection Set: 16.2ms
[2024-08-28T01:13:52.041+0000][info][gc,phases      ] GC(201)   Post Evacuate Collection Set: 0.3ms
[2024-08-28T01:13:52.042+0000][info][gc,phases      ] GC(201)   Other: 1.0ms
[2024-08-28T01:13:52.042+0000][info][gc,heap        ] GC(201) Eden regions: 103->0(70)
[2024-08-28T01:13:52.042+0000][info][gc,heap        ] GC(201) Survivor regions: 19->16(16)
[2024-08-28T01:13:52.042+0000][info][gc,heap        ] GC(201) Old regions: 569->676
[2024-08-28T01:13:52.042+0000][info][gc,heap        ] GC(201) Archive regions: 2->2
[2024-08-28T01:13:52.042+0000][info][gc,heap        ] GC(201) Humongous regions: 5->5
[2024-08-28T01:13:52.042+0000][info][gc,metaspace   ] GC(201) Metaspace: 100K(320K)->100K(320K) NonClass: 96K(192K)->96K(192K) Class: 4K(128K)->4K(128K)
[2024-08-28T01:13:52.042+0000][info][gc             ] GC(201) Pause Young (Concurrent Start) (G1 Evacuation Pause) 685M->686M(1024M) 18.233ms
[2024-08-28T01:13:52.042+0000][info][gc,cpu         ] GC(201) User=0.39s Sys=0.00s Real=0.02s
[2024-08-28T01:13:52.042+0000][info][gc             ] GC(202) Concurrent Mark Cycle
[2024-08-28T01:13:52.042+0000][info][gc,marking     ] GC(202) Concurrent Clear Claimed Marks
[2024-08-28T01:13:52.042+0000][info][gc,marking     ] GC(202) Concurrent Clear Claimed Marks 0.011ms
[2024-08-28T01:13:52.042+0000][info][gc,marking     ] GC(202) Concurrent Scan Root Regions
[2024-08-28T01:13:52.045+0000][info][gc,marking     ] GC(202) Concurrent Scan Root Regions 3.128ms
[2024-08-28T01:13:52.045+0000][info][gc,marking     ] GC(202) Concurrent Mark
[2024-08-28T01:13:52.045+0000][info][gc,marking     ] GC(202) Concurrent Mark From Roots
[2024-08-28T01:13:52.045+0000][info][gc,task        ] GC(202) Using 17 workers of 17 for marking
[2024-08-28T01:13:52.065+0000][info][gc,marking     ] GC(202) Concurrent Mark From Roots 20.123ms
[2024-08-28T01:13:52.065+0000][info][gc,marking     ] GC(202) Concurrent Preclean
[2024-08-28T01:13:52.066+0000][info][gc,marking     ] GC(202) Concurrent Preclean 0.520ms
[2024-08-28T01:13:52.066+0000][info][gc,start       ] GC(202) Pause Remark
[2024-08-28T01:13:52.067+0000][info][gc             ] GC(202) Pause Remark 724M->724M(1024M) 1.203ms
[2024-08-28T01:13:52.067+0000][info][gc,cpu         ] GC(202) User=0.01s Sys=0.00s Real=0.00s
[2024-08-28T01:13:52.067+0000][info][gc,marking     ] GC(202) Concurrent Mark 22.161ms
[2024-08-28T01:13:52.067+0000][info][gc,marking     ] GC(202) Concurrent Rebuild Remembered Sets
[2024-08-28T01:13:52.082+0000][info][gc,start       ] GC(203) Pause Young (Normal) (G1 Evacuation Pause)
[2024-08-28T01:13:52.082+0000][info][gc,task        ] GC(203) Using 24 workers of 68 for evacuation
[2024-08-28T01:13:52.097+0000][info][gc,phases      ] GC(203)   Pre Evacuate Collection Set: 0.2ms
[2024-08-28T01:13:52.097+0000][info][gc,phases      ] GC(203)   Merge Heap Roots: 0.5ms
[2024-08-28T01:13:52.097+0000][info][gc,phases      ] GC(203)   Evacuate Collection Set: 12.9ms
[2024-08-28T01:13:52.097+0000][info][gc,phases      ] GC(203)   Post Evacuate Collection Set: 0.5ms
[2024-08-28T01:13:52.097+0000][info][gc,phases      ] GC(203)   Other: 0.2ms
[2024-08-28T01:13:52.097+0000][info][gc,heap        ] GC(203) Eden regions: 70->0(46)
[2024-08-28T01:13:52.097+0000][info][gc,heap        ] GC(203) Survivor regions: 16->11(11)
[2024-08-28T01:13:52.097+0000][info][gc,heap        ] GC(203) Old regions: 676->755
[2024-08-28T01:13:52.097+0000][info][gc,heap        ] GC(203) Archive regions: 2->2
[2024-08-28T01:13:52.097+0000][info][gc,heap        ] GC(203) Humongous regions: 5->5
[2024-08-28T01:13:52.097+0000][info][gc,metaspace   ] GC(203) Metaspace: 100K(320K)->100K(320K) NonClass: 96K(192K)->96K(192K) Class: 4K(128K)->4K(128K)
[2024-08-28T01:13:52.097+0000][info][gc             ] GC(203) Pause Young (Normal) (G1 Evacuation Pause) 756M->760M(1024M) 14.501ms
[2024-08-28T01:13:52.097+0000][info][gc,cpu         ] GC(203) User=0.32s Sys=0.00s Real=0.01s
[2024-08-28T01:13:52.119+0000][info][gc,start       ] GC(204) Pause Young (Normal) (G1 Evacuation Pause)
[2024-08-28T01:13:52.119+0000][info][gc,task        ] GC(204) Using 24 workers of 68 for evacuation
[2024-08-28T01:13:52.138+0000][info][gc,phases      ] GC(204)   Pre Evacuate Collection Set: 0.2ms
[2024-08-28T01:13:52.138+0000][info][gc,phases      ] GC(204)   Merge Heap Roots: 0.4ms
[2024-08-28T01:13:52.138+0000][info][gc,phases      ] GC(204)   Evacuate Collection Set: 17.1ms
[2024-08-28T01:13:52.138+0000][info][gc,phases      ] GC(204)   Post Evacuate Collection Set: 0.7ms
[2024-08-28T01:13:52.138+0000][info][gc,phases      ] GC(204)   Other: 0.2ms
[2024-08-28T01:13:52.138+0000][info][gc,heap        ] GC(204) Eden regions: 46->0(43)
[2024-08-28T01:13:52.138+0000][info][gc,heap        ] GC(204) Survivor regions: 11->8(8)
[2024-08-28T01:13:52.138+0000][info][gc,heap        ] GC(204) Old regions: 755->808
[2024-08-28T01:13:52.138+0000][info][gc,heap        ] GC(204) Archive regions: 2->2
[2024-08-28T01:13:52.138+0000][info][gc,heap        ] GC(204) Humongous regions: 5->5
[2024-08-28T01:13:52.138+0000][info][gc,metaspace   ] GC(204) Metaspace: 100K(320K)->100K(320K) NonClass: 96K(192K)->96K(192K) Class: 4K(128K)->4K(128K)
[2024-08-28T01:13:52.138+0000][info][gc             ] GC(204) Pause Young (Normal) (G1 Evacuation Pause) 806M->811M(1024M) 18.700ms
[2024-08-28T01:13:52.138+0000][info][gc,cpu         ] GC(204) User=0.42s Sys=0.00s Real=0.02s
[2024-08-28T01:13:52.149+0000][info][gc,marking     ] GC(202) Concurrent Rebuild Remembered Sets 81.439ms
[2024-08-28T01:13:52.149+0000][info][gc,start       ] GC(202) Pause Cleanup
[2024-08-28T01:13:52.150+0000][info][gc             ] GC(202) Pause Cleanup 832M->832M(1024M) 1.213ms
[2024-08-28T01:13:52.150+0000][info][gc,cpu         ] GC(202) User=0.00s Sys=0.00s Real=0.01s
[2024-08-28T01:13:52.150+0000][info][gc,marking     ] GC(202) Concurrent Cleanup for Next Mark
[2024-08-28T01:13:52.151+0000][info][gc,marking     ] GC(202) Concurrent Cleanup for Next Mark 0.546ms
[2024-08-28T01:13:52.151+0000][info][gc             ] GC(202) Concurrent Mark Cycle 109.037ms
[2024-08-28T01:13:52.162+0000][info][gc,start       ] GC(205) Pause Young (Prepare Mixed) (G1 Evacuation Pause)
[2024-08-28T01:13:52.162+0000][info][gc,task        ] GC(205) Using 24 workers of 68 for evacuation
[2024-08-28T01:13:52.178+0000][info][gc,phases      ] GC(205)   Pre Evacuate Collection Set: 0.2ms
[2024-08-28T01:13:52.178+0000][info][gc,phases      ] GC(205)   Merge Heap Roots: 0.9ms
[2024-08-28T01:13:52.178+0000][info][gc,phases      ] GC(205)   Evacuate Collection Set: 15.0ms
[2024-08-28T01:13:52.178+0000][info][gc,phases      ] GC(205)   Post Evacuate Collection Set: 0.3ms
[2024-08-28T01:13:52.178+0000][info][gc,phases      ] GC(205)   Other: 0.2ms
[2024-08-28T01:13:52.178+0000][info][gc,heap        ] GC(205) Eden regions: 43->0(44)
[2024-08-28T01:13:52.178+0000][info][gc,heap        ] GC(205) Survivor regions: 8->7(7)
[2024-08-28T01:13:52.178+0000][info][gc,heap        ] GC(205) Old regions: 808->856
[2024-08-28T01:13:52.178+0000][info][gc,heap        ] GC(205) Archive regions: 2->2
[2024-08-28T01:13:52.178+0000][info][gc,heap        ] GC(205) Humongous regions: 5->5
[2024-08-28T01:13:52.178+0000][info][gc,metaspace   ] GC(205) Metaspace: 100K(320K)->100K(320K) NonClass: 96K(192K)->96K(192K) Class: 4K(128K)->4K(128K)
[2024-08-28T01:13:52.178+0000][info][gc             ] GC(205) Pause Young (Prepare Mixed) (G1 Evacuation Pause) 854M->858M(1024M) 16.693ms
[2024-08-28T01:13:52.178+0000][info][gc,cpu         ] GC(205) User=0.38s Sys=0.00s Real=0.02s
[2024-08-28T01:13:52.200+0000][info][gc,start       ] GC(206) Pause Young (Mixed) (G1 Evacuation Pause)
[2024-08-28T01:13:52.200+0000][info][gc,task        ] GC(206) Using 24 workers of 68 for evacuation
[2024-08-28T01:13:52.213+0000][info][gc,phases      ] GC(206)   Pre Evacuate Collection Set: 0.2ms
[2024-08-28T01:13:52.213+0000][info][gc,phases      ] GC(206)   Merge Heap Roots: 0.5ms
[2024-08-28T01:13:52.213+0000][info][gc,phases      ] GC(206)   Evacuate Collection Set: 12.0ms
[2024-08-28T01:13:52.213+0000][info][gc,phases      ] GC(206)   Post Evacuate Collection Set: 0.4ms
[2024-08-28T01:13:52.213+0000][info][gc,phases      ] GC(206)   Other: 0.2ms
[2024-08-28T01:13:52.213+0000][info][gc,heap        ] GC(206) Eden regions: 44->0(44)
[2024-08-28T01:13:52.213+0000][info][gc,heap        ] GC(206) Survivor regions: 7->7(7)
[2024-08-28T01:13:52.213+0000][info][gc,heap        ] GC(206) Old regions: 856->842
[2024-08-28T01:13:52.213+0000][info][gc,heap        ] GC(206) Archive regions: 2->2
[2024-08-28T01:13:52.213+0000][info][gc,heap        ] GC(206) Humongous regions: 5->5
[2024-08-28T01:13:52.213+0000][info][gc,metaspace   ] GC(206) Metaspace: 100K(320K)->100K(320K) NonClass: 96K(192K)->96K(192K) Class: 4K(128K)->4K(128K)
[2024-08-28T01:13:52.213+0000][info][gc             ] GC(206) Pause Young (Mixed) (G1 Evacuation Pause) 902M->843M(1024M) 13.438ms
[2024-08-28T01:13:52.213+0000][info][gc,cpu         ] GC(206) User=0.30s Sys=0.00s Real=0.01s
[2024-08-28T01:13:52.234+0000][info][gc,start       ] GC(207) Pause Young (Mixed) (G1 Evacuation Pause)
[2024-08-28T01:13:52.235+0000][info][gc,task        ] GC(207) Using 24 workers of 68 for evacuation
[2024-08-28T01:13:52.245+0000][info][gc,phases      ] GC(207)   Pre Evacuate Collection Set: 0.2ms
[2024-08-28T01:13:52.245+0000][info][gc,phases      ] GC(207)   Merge Heap Roots: 0.6ms
[2024-08-28T01:13:52.245+0000][info][gc,phases      ] GC(207)   Evacuate Collection Set: 9.5ms
[2024-08-28T01:13:52.245+0000][info][gc,phases      ] GC(207)   Post Evacuate Collection Set: 0.4ms
[2024-08-28T01:13:52.245+0000][info][gc,phases      ] GC(207)   Other: 0.2ms
[2024-08-28T01:13:52.245+0000][info][gc,heap        ] GC(207) Eden regions: 44->0(44)
[2024-08-28T01:13:52.245+0000][info][gc,heap        ] GC(207) Survivor regions: 7->7(7)
[2024-08-28T01:13:52.245+0000][info][gc,heap        ] GC(207) Old regions: 842->826
[2024-08-28T01:13:52.245+0000][info][gc,heap        ] GC(207) Archive regions: 2->2
[2024-08-28T01:13:52.245+0000][info][gc,heap        ] GC(207) Humongous regions: 5->5
[2024-08-28T01:13:52.245+0000][info][gc,metaspace   ] GC(207) Metaspace: 100K(320K)->100K(320K) NonClass: 96K(192K)->96K(192K) Class: 4K(128K)->4K(128K)
[2024-08-28T01:13:52.245+0000][info][gc             ] GC(207) Pause Young (Mixed) (G1 Evacuation Pause) 887M->827M(1024M) 10.936ms
[2024-08-28T01:13:52.245+0000][info][gc,cpu         ] GC(207) User=0.24s Sys=0.01s Real=0.01s
[2024-08-28T01:13:52.266+0000][info][gc,start       ] GC(208) Pause Young (Mixed) (G1 Evacuation Pause)
[2024-08-28T01:13:52.266+0000][info][gc,task        ] GC(208) Using 24 workers of 68 for evacuation
[2024-08-28T01:13:52.276+0000][info][gc,phases      ] GC(208)   Pre Evacuate Collection Set: 0.2ms
[2024-08-28T01:13:52.276+0000][info][gc,phases      ] GC(208)   Merge Heap Roots: 0.5ms
[2024-08-28T01:13:52.276+0000][info][gc,phases      ] GC(208)   Evacuate Collection Set: 8.9ms
[2024-08-28T01:13:52.276+0000][info][gc,phases      ] GC(208)   Post Evacuate Collection Set: 0.4ms
[2024-08-28T01:13:52.276+0000][info][gc,phases      ] GC(208)   Other: 0.3ms
[2024-08-28T01:13:52.276+0000][info][gc,heap        ] GC(208) Eden regions: 44->0(44)
[2024-08-28T01:13:52.276+0000][info][gc,heap        ] GC(208) Survivor regions: 7->7(7)
[2024-08-28T01:13:52.276+0000][info][gc,heap        ] GC(208) Old regions: 826->812
[2024-08-28T01:13:52.276+0000][info][gc,heap        ] GC(208) Archive regions: 2->2
[2024-08-28T01:13:52.276+0000][info][gc,heap        ] GC(208) Humongous regions: 5->5
[2024-08-28T01:13:52.276+0000][info][gc,metaspace   ] GC(208) Metaspace: 100K(320K)->100K(320K) NonClass: 96K(192K)->96K(192K) Class: 4K(128K)->4K(128K)
[2024-08-28T01:13:52.276+0000][info][gc             ] GC(208) Pause Young (Mixed) (G1 Evacuation Pause) 871M->815M(1024M) 10.327ms
[2024-08-28T01:13:52.276+0000][info][gc,cpu         ] GC(208) User=0.23s Sys=0.01s Real=0.01s
[2024-08-28T01:13:52.297+0000][info][gc,start       ] GC(209) Pause Young (Mixed) (G1 Evacuation Pause)
[2024-08-28T01:13:52.297+0000][info][gc,task        ] GC(209) Using 24 workers of 68 for evacuation
[2024-08-28T01:13:52.307+0000][info][gc,phases      ] GC(209)   Pre Evacuate Collection Set: 0.2ms
[2024-08-28T01:13:52.307+0000][info][gc,phases      ] GC(209)   Merge Heap Roots: 0.5ms
[2024-08-28T01:13:52.307+0000][info][gc,phases      ] GC(209)   Evacuate Collection Set: 8.7ms
[2024-08-28T01:13:52.307+0000][info][gc,phases      ] GC(209)   Post Evacuate Collection Set: 0.4ms
[2024-08-28T01:13:52.307+0000][info][gc,phases      ] GC(209)   Other: 0.2ms
[2024-08-28T01:13:52.307+0000][info][gc,heap        ] GC(209) Eden regions: 44->0(44)
[2024-08-28T01:13:52.307+0000][info][gc,heap        ] GC(209) Survivor regions: 7->7(7)
[2024-08-28T01:13:52.307+0000][info][gc,heap        ] GC(209) Old regions: 812->849
[2024-08-28T01:13:52.307+0000][info][gc,heap        ] GC(209) Archive regions: 2->2
[2024-08-28T01:13:52.307+0000][info][gc,heap        ] GC(209) Humongous regions: 5->5
[2024-08-28T01:13:52.307+0000][info][gc,metaspace   ] GC(209) Metaspace: 100K(320K)->100K(320K) NonClass: 96K(192K)->96K(192K) Class: 4K(128K)->4K(128K)
[2024-08-28T01:13:52.307+0000][info][gc             ] GC(209) Pause Young (Mixed) (G1 Evacuation Pause) 859M->853M(1024M) 10.139ms
[2024-08-28T01:13:52.307+0000][info][gc,cpu         ] GC(209) User=0.21s Sys=0.00s Real=0.01s
[2024-08-28T01:13:52.327+0000][info][gc,start       ] GC(210) Pause Young (Concurrent Start) (G1 Evacuation Pause)
[2024-08-28T01:13:52.327+0000][info][gc,task        ] GC(210) Using 24 workers of 68 for evacuation
[2024-08-28T01:13:52.337+0000][info][gc,phases      ] GC(210)   Pre Evacuate Collection Set: 0.2ms
[2024-08-28T01:13:52.337+0000][info][gc,phases      ] GC(210)   Merge Heap Roots: 0.5ms
[2024-08-28T01:13:52.337+0000][info][gc,phases      ] GC(210)   Evacuate Collection Set: 8.6ms
[2024-08-28T01:13:52.337+0000][info][gc,phases      ] GC(210)   Post Evacuate Collection Set: 0.4ms
[2024-08-28T01:13:52.337+0000][info][gc,phases      ] GC(210)   Other: 0.6ms
[2024-08-28T01:13:52.337+0000][info][gc,heap        ] GC(210) Eden regions: 44->0(44)
[2024-08-28T01:13:52.337+0000][info][gc,heap        ] GC(210) Survivor regions: 7->7(7)
[2024-08-28T01:13:52.337+0000][info][gc,heap        ] GC(210) Old regions: 849->896
[2024-08-28T01:13:52.337+0000][info][gc,heap        ] GC(210) Archive regions: 2->2
[2024-08-28T01:13:52.337+0000][info][gc,heap        ] GC(210) Humongous regions: 5->5
[2024-08-28T01:13:52.338+0000][info][gc,metaspace   ] GC(210) Metaspace: 100K(320K)->100K(320K) NonClass: 96K(192K)->96K(192K) Class: 4K(128K)->4K(128K)
[2024-08-28T01:13:52.338+0000][info][gc             ] GC(210) Pause Young (Concurrent Start) (G1 Evacuation Pause) 897M->899M(1024M) 10.341ms
[2024-08-28T01:13:52.338+0000][info][gc,cpu         ] GC(210) User=0.22s Sys=0.00s Real=0.02s
[2024-08-28T01:13:52.338+0000][info][gc             ] GC(211) Concurrent Mark Cycle
[2024-08-28T01:13:52.338+0000][info][gc,marking     ] GC(211) Concurrent Clear Claimed Marks
[2024-08-28T01:13:52.338+0000][info][gc,marking     ] GC(211) Concurrent Clear Claimed Marks 0.014ms
[2024-08-28T01:13:52.338+0000][info][gc,marking     ] GC(211) Concurrent Scan Root Regions
[2024-08-28T01:13:52.339+0000][info][gc,marking     ] GC(211) Concurrent Scan Root Regions 1.525ms
[2024-08-28T01:13:52.339+0000][info][gc,marking     ] GC(211) Concurrent Mark
[2024-08-28T01:13:52.339+0000][info][gc,marking     ] GC(211) Concurrent Mark From Roots
[2024-08-28T01:13:52.339+0000][info][gc,task        ] GC(211) Using 17 workers of 17 for marking
[2024-08-28T01:13:52.362+0000][info][gc,marking     ] GC(211) Concurrent Mark From Roots 23.182ms
[2024-08-28T01:13:52.363+0000][info][gc,marking     ] GC(211) Concurrent Preclean
[2024-08-28T01:13:52.363+0000][info][gc,marking     ] GC(211) Concurrent Preclean 0.706ms
[2024-08-28T01:13:52.364+0000][info][gc,start       ] GC(211) Pause Remark
[2024-08-28T01:13:52.365+0000][info][gc             ] GC(211) Pause Remark 940M->940M(1024M) 1.483ms
[2024-08-28T01:13:52.365+0000][info][gc,cpu         ] GC(211) User=0.00s Sys=0.00s Real=0.00s
[2024-08-28T01:13:52.365+0000][info][gc,marking     ] GC(211) Concurrent Mark 25.859ms
[2024-08-28T01:13:52.365+0000][info][gc,marking     ] GC(211) Concurrent Rebuild Remembered Sets
[2024-08-28T01:13:52.367+0000][info][gc,start       ] GC(212) Pause Young (Normal) (G1 Evacuation Pause)
[2024-08-28T01:13:52.367+0000][info][gc,task        ] GC(212) Using 24 workers of 68 for evacuation
[2024-08-28T01:13:52.378+0000][info][gc,phases      ] GC(212)   Pre Evacuate Collection Set: 0.1ms
[2024-08-28T01:13:52.378+0000][info][gc,phases      ] GC(212)   Merge Heap Roots: 0.3ms
[2024-08-28T01:13:52.378+0000][info][gc,phases      ] GC(212)   Evacuate Collection Set: 9.7ms
[2024-08-28T01:13:52.378+0000][info][gc,phases      ] GC(212)   Post Evacuate Collection Set: 0.5ms
[2024-08-28T01:13:52.378+0000][info][gc,phases      ] GC(212)   Other: 0.2ms
[2024-08-28T01:13:52.378+0000][info][gc,heap        ] GC(212) Eden regions: 44->0(44)
[2024-08-28T01:13:52.378+0000][info][gc,heap        ] GC(212) Survivor regions: 7->7(7)
[2024-08-28T01:13:52.378+0000][info][gc,heap        ] GC(212) Old regions: 896->942
[2024-08-28T01:13:52.378+0000][info][gc,heap        ] GC(212) Archive regions: 2->2
[2024-08-28T01:13:52.378+0000][info][gc,heap        ] GC(212) Humongous regions: 5->5
[2024-08-28T01:13:52.378+0000][info][gc,metaspace   ] GC(212) Metaspace: 100K(320K)->100K(320K) NonClass: 96K(192K)->96K(192K) Class: 4K(128K)->4K(128K)
[2024-08-28T01:13:52.378+0000][info][gc             ] GC(212) Pause Young (Normal) (G1 Evacuation Pause) 943M->945M(1024M) 11.014ms
[2024-08-28T01:13:52.378+0000][info][gc,cpu         ] GC(212) User=0.22s Sys=0.02s Real=0.02s
[2024-08-28T01:13:52.393+0000][info][gc,start       ] GC(213) Pause Young (Normal) (G1 Preventive Collection)
[2024-08-28T01:13:52.393+0000][info][gc,task        ] GC(213) Using 24 workers of 68 for evacuation
[2024-08-28T01:13:52.405+0000][info][gc,phases      ] GC(213)   Pre Evacuate Collection Set: 0.2ms
[2024-08-28T01:13:52.405+0000][info][gc,phases      ] GC(213)   Merge Heap Roots: 0.7ms
[2024-08-28T01:13:52.405+0000][info][gc,phases      ] GC(213)   Evacuate Collection Set: 10.6ms
[2024-08-28T01:13:52.405+0000][info][gc,phases      ] GC(213)   Post Evacuate Collection Set: 0.5ms
[2024-08-28T01:13:52.405+0000][info][gc,phases      ] GC(213)   Other: 0.3ms
[2024-08-28T01:13:52.405+0000][info][gc,heap        ] GC(213) Eden regions: 29->0(44)
[2024-08-28T01:13:52.405+0000][info][gc,heap        ] GC(213) Survivor regions: 7->7(7)
[2024-08-28T01:13:52.405+0000][info][gc,heap        ] GC(213) Old regions: 942->974
[2024-08-28T01:13:52.405+0000][info][gc,heap        ] GC(213) Archive regions: 2->2
[2024-08-28T01:13:52.405+0000][info][gc,heap        ] GC(213) Humongous regions: 5->5
[2024-08-28T01:13:52.405+0000][info][gc,metaspace   ] GC(213) Metaspace: 100K(320K)->100K(320K) NonClass: 96K(192K)->96K(192K) Class: 4K(128K)->4K(128K)
[2024-08-28T01:13:52.405+0000][info][gc             ] GC(213) Pause Young (Normal) (G1 Preventive Collection) 974M->978M(1024M) 12.344ms
[2024-08-28T01:13:52.405+0000][info][gc,cpu         ] GC(213) User=0.28s Sys=0.00s Real=0.01s
[2024-08-28T01:13:52.412+0000][info][gc,start       ] GC(214) Pause Young (Normal) (G1 Preventive Collection)
[2024-08-28T01:13:52.412+0000][info][gc,task        ] GC(214) Using 24 workers of 68 for evacuation
[2024-08-28T01:13:52.422+0000][info][gc,phases      ] GC(214)   Pre Evacuate Collection Set: 0.1ms
[2024-08-28T01:13:52.422+0000][info][gc,phases      ] GC(214)   Merge Heap Roots: 0.4ms
[2024-08-28T01:13:52.422+0000][info][gc,phases      ] GC(214)   Evacuate Collection Set: 8.1ms
[2024-08-28T01:13:52.422+0000][info][gc,phases      ] GC(214)   Post Evacuate Collection Set: 0.5ms
[2024-08-28T01:13:52.422+0000][info][gc,phases      ] GC(214)   Other: 0.1ms
[2024-08-28T01:13:52.422+0000][info][gc,heap        ] GC(214) Eden regions: 13->0(44)
[2024-08-28T01:13:52.422+0000][info][gc,heap        ] GC(214) Survivor regions: 7->7(7)
[2024-08-28T01:13:52.422+0000][info][gc,heap        ] GC(214) Old regions: 974->990
[2024-08-28T01:13:52.422+0000][info][gc,heap        ] GC(214) Archive regions: 2->2
[2024-08-28T01:13:52.422+0000][info][gc,heap        ] GC(214) Humongous regions: 5->5
[2024-08-28T01:13:52.422+0000][info][gc,metaspace   ] GC(214) Metaspace: 100K(320K)->100K(320K) NonClass: 96K(192K)->96K(192K) Class: 4K(128K)->4K(128K)
[2024-08-28T01:13:52.422+0000][info][gc             ] GC(214) Pause Young (Normal) (G1 Preventive Collection) 991M->994M(1024M) 9.413ms
[2024-08-28T01:13:52.422+0000][info][gc,cpu         ] GC(214) User=0.21s Sys=0.00s Real=0.01s
[2024-08-28T01:13:52.425+0000][info][gc,start       ] GC(215) Pause Young (Normal) (G1 Preventive Collection)
[2024-08-28T01:13:52.425+0000][info][gc,task        ] GC(215) Using 24 workers of 68 for evacuation
[2024-08-28T01:13:52.432+0000][info][gc             ] GC(215) To-space exhausted
[2024-08-28T01:13:52.432+0000][info][gc,phases      ] GC(215)   Pre Evacuate Collection Set: 0.1ms
[2024-08-28T01:13:52.432+0000][info][gc,phases      ] GC(215)   Merge Heap Roots: 0.8ms
[2024-08-28T01:13:52.432+0000][info][gc,phases      ] GC(215)   Evacuate Collection Set: 5.8ms
[2024-08-28T01:13:52.432+0000][info][gc,phases      ] GC(215)   Post Evacuate Collection Set: 0.6ms
[2024-08-28T01:13:52.432+0000][info][gc,phases      ] GC(215)   Other: 0.2ms
[2024-08-28T01:13:52.432+0000][info][gc,heap        ] GC(215) Eden regions: 5->0(45)
[2024-08-28T01:13:52.432+0000][info][gc,heap        ] GC(215) Survivor regions: 7->6(7)
[2024-08-28T01:13:52.433+0000][info][gc,heap        ] GC(215) Old regions: 990->1002
[2024-08-28T01:13:52.433+0000][info][gc,heap        ] GC(215) Archive regions: 2->2
[2024-08-28T01:13:52.433+0000][info][gc,heap        ] GC(215) Humongous regions: 5->5
[2024-08-28T01:13:52.433+0000][info][gc,metaspace   ] GC(215) Metaspace: 100K(320K)->100K(320K) NonClass: 96K(192K)->96K(192K) Class: 4K(128K)->4K(128K)
[2024-08-28T01:13:52.433+0000][info][gc             ] GC(215) Pause Young (Normal) (G1 Preventive Collection) 999M->1004M(1024M) 7.597ms
[2024-08-28T01:13:52.433+0000][info][gc,cpu         ] GC(215) User=0.16s Sys=0.00s Real=0.01s
[2024-08-28T01:13:52.434+0000][info][gc,start       ] GC(216) Pause Young (Normal) (G1 Preventive Collection)
[2024-08-28T01:13:52.434+0000][info][gc,task        ] GC(216) Using 24 workers of 68 for evacuation
[2024-08-28T01:13:52.440+0000][info][gc,phases      ] GC(216)   Pre Evacuate Collection Set: 0.1ms
[2024-08-28T01:13:52.440+0000][info][gc,phases      ] GC(216)   Merge Heap Roots: 0.8ms
[2024-08-28T01:13:52.440+0000][info][gc,phases      ] GC(216)   Evacuate Collection Set: 4.6ms
[2024-08-28T01:13:52.440+0000][info][gc,phases      ] GC(216)   Post Evacuate Collection Set: 0.5ms
[2024-08-28T01:13:52.440+0000][info][gc,phases      ] GC(216)   Other: 0.1ms
[2024-08-28T01:13:52.440+0000][info][gc,heap        ] GC(216) Eden regions: 1->0(49)
[2024-08-28T01:13:52.440+0000][info][gc,heap        ] GC(216) Survivor regions: 6->2(7)
[2024-08-28T01:13:52.440+0000][info][gc,heap        ] GC(216) Old regions: 1002->1008
[2024-08-28T01:13:52.440+0000][info][gc,heap        ] GC(216) Archive regions: 2->2
[2024-08-28T01:13:52.440+0000][info][gc,heap        ] GC(216) Humongous regions: 5->5
[2024-08-28T01:13:52.440+0000][info][gc,metaspace   ] GC(216) Metaspace: 100K(320K)->100K(320K) NonClass: 96K(192K)->96K(192K) Class: 4K(128K)->4K(128K)
[2024-08-28T01:13:52.440+0000][info][gc             ] GC(216) Pause Young (Normal) (G1 Preventive Collection) 1005M->1006M(1024M) 6.203ms
[2024-08-28T01:13:52.440+0000][info][gc,cpu         ] GC(216) User=0.14s Sys=0.00s Real=0.01s
[2024-08-28T01:13:52.441+0000][info][gc,start       ] GC(217) Pause Young (Normal) (G1 Preventive Collection)
[2024-08-28T01:13:52.441+0000][info][gc,task        ] GC(217) Using 24 workers of 68 for evacuation
[2024-08-28T01:13:52.447+0000][info][gc,phases      ] GC(217)   Pre Evacuate Collection Set: 0.1ms
[2024-08-28T01:13:52.447+0000][info][gc,phases      ] GC(217)   Merge Heap Roots: 0.9ms
[2024-08-28T01:13:52.447+0000][info][gc,phases      ] GC(217)   Evacuate Collection Set: 4.4ms
[2024-08-28T01:13:52.447+0000][info][gc,phases      ] GC(217)   Post Evacuate Collection Set: 0.5ms
[2024-08-28T01:13:52.447+0000][info][gc,phases      ] GC(217)   Other: 0.1ms
[2024-08-28T01:13:52.447+0000][info][gc,heap        ] GC(217) Eden regions: 2->0(47)
[2024-08-28T01:13:52.447+0000][info][gc,heap        ] GC(217) Survivor regions: 2->4(5)
[2024-08-28T01:13:52.447+0000][info][gc,heap        ] GC(217) Old regions: 1008->1008
[2024-08-28T01:13:52.447+0000][info][gc,heap        ] GC(217) Archive regions: 2->2
[2024-08-28T01:13:52.447+0000][info][gc,heap        ] GC(217) Humongous regions: 5->5
[2024-08-28T01:13:52.447+0000][info][gc,metaspace   ] GC(217) Metaspace: 100K(320K)->100K(320K) NonClass: 96K(192K)->96K(192K) Class: 4K(128K)->4K(128K)
[2024-08-28T01:13:52.447+0000][info][gc             ] GC(217) Pause Young (Normal) (G1 Preventive Collection) 1008M->1008M(1024M) 6.118ms
[2024-08-28T01:13:52.447+0000][info][gc,cpu         ] GC(217) User=0.14s Sys=0.00s Real=0.00s
[2024-08-28T01:13:52.448+0000][info][gc,start       ] GC(218) Pause Young (Normal) (G1 Preventive Collection)
[2024-08-28T01:13:52.448+0000][info][gc,task        ] GC(218) Using 24 workers of 68 for evacuation
[2024-08-28T01:13:52.454+0000][info][gc             ] GC(218) To-space exhausted
[2024-08-28T01:13:52.454+0000][info][gc,phases      ] GC(218)   Pre Evacuate Collection Set: 0.1ms
[2024-08-28T01:13:52.454+0000][info][gc,phases      ] GC(218)   Merge Heap Roots: 0.8ms
[2024-08-28T01:13:52.454+0000][info][gc,phases      ] GC(218)   Evacuate Collection Set: 4.3ms
[2024-08-28T01:13:52.454+0000][info][gc,phases      ] GC(218)   Post Evacuate Collection Set: 0.6ms
[2024-08-28T01:13:52.454+0000][info][gc,phases      ] GC(218)   Other: 0.1ms
[2024-08-28T01:13:52.454+0000][info][gc,heap        ] GC(218) Eden regions: 1->0(47)
[2024-08-28T01:13:52.454+0000][info][gc,heap        ] GC(218) Survivor regions: 4->4(4)
[2024-08-28T01:13:52.454+0000][info][gc,heap        ] GC(218) Old regions: 1008->1011
[2024-08-28T01:13:52.454+0000][info][gc,heap        ] GC(218) Archive regions: 2->2
[2024-08-28T01:13:52.454+0000][info][gc,heap        ] GC(218) Humongous regions: 5->5
[2024-08-28T01:13:52.454+0000][info][gc,metaspace   ] GC(218) Metaspace: 100K(320K)->100K(320K) NonClass: 96K(192K)->96K(192K) Class: 4K(128K)->4K(128K)
[2024-08-28T01:13:52.454+0000][info][gc             ] GC(218) Pause Young (Normal) (G1 Preventive Collection) 1009M->1011M(1024M) 6.028ms
[2024-08-28T01:13:52.454+0000][info][gc,cpu         ] GC(218) User=0.13s Sys=0.00s Real=0.01s
[2024-08-28T01:13:52.455+0000][info][gc,start       ] GC(219) Pause Young (Normal) (G1 Preventive Collection)
[2024-08-28T01:13:52.455+0000][info][gc,task        ] GC(219) Using 24 workers of 68 for evacuation
[2024-08-28T01:13:52.461+0000][info][gc             ] GC(219) To-space exhausted
[2024-08-28T01:13:52.461+0000][info][gc,phases      ] GC(219)   Pre Evacuate Collection Set: 0.1ms
[2024-08-28T01:13:52.461+0000][info][gc,phases      ] GC(219)   Merge Heap Roots: 0.5ms
[2024-08-28T01:13:52.461+0000][info][gc,phases      ] GC(219)   Evacuate Collection Set: 4.3ms
[2024-08-28T01:13:52.461+0000][info][gc,phases      ] GC(219)   Post Evacuate Collection Set: 0.9ms
[2024-08-28T01:13:52.461+0000][info][gc,phases      ] GC(219)   Other: 0.1ms
[2024-08-28T01:13:52.461+0000][info][gc,heap        ] GC(219) Eden regions: 1->0(50)
[2024-08-28T01:13:52.461+0000][info][gc,heap        ] GC(219) Survivor regions: 4->1(1)
[2024-08-28T01:13:52.461+0000][info][gc,heap        ] GC(219) Old regions: 1011->1016
[2024-08-28T01:13:52.461+0000][info][gc,heap        ] GC(219) Archive regions: 2->2
[2024-08-28T01:13:52.461+0000][info][gc,heap        ] GC(219) Humongous regions: 5->5
[2024-08-28T01:13:52.461+0000][info][gc,metaspace   ] GC(219) Metaspace: 100K(320K)->100K(320K) NonClass: 96K(192K)->96K(192K) Class: 4K(128K)->4K(128K)
[2024-08-28T01:13:52.461+0000][info][gc             ] GC(219) Pause Young (Normal) (G1 Preventive Collection) 1012M->1013M(1024M) 6.054ms
[2024-08-28T01:13:52.461+0000][info][gc,cpu         ] GC(219) User=0.12s Sys=0.01s Real=0.01s
[2024-08-28T01:13:52.461+0000][info][gc,ergo        ] Attempting full compaction
[2024-08-28T01:13:52.461+0000][info][gc,task        ] GC(220) Using 24 workers of 68 for full compaction
[2024-08-28T01:13:52.461+0000][info][gc,start       ] GC(220) Pause Full (G1 Compaction Pause)
[2024-08-28T01:13:52.462+0000][info][gc,phases,start] GC(220) Phase 1: Mark live objects
[2024-08-28T01:13:52.475+0000][info][gc,phases      ] GC(220) Phase 1: Mark live objects 13.176ms
[2024-08-28T01:13:52.475+0000][info][gc,phases,start] GC(220) Phase 2: Prepare for compaction
[2024-08-28T01:13:52.484+0000][info][gc,phases      ] GC(220) Phase 2: Prepare for compaction 8.716ms
[2024-08-28T01:13:52.484+0000][info][gc,phases,start] GC(220) Phase 3: Adjust pointers
[2024-08-28T01:13:52.496+0000][info][gc,phases      ] GC(220) Phase 3: Adjust pointers 12.490ms
[2024-08-28T01:13:52.497+0000][info][gc,phases,start] GC(220) Phase 4: Compact heap
[2024-08-28T01:13:52.522+0000][info][gc,phases      ] GC(220) Phase 4: Compact heap 25.807ms
[2024-08-28T01:13:52.524+0000][info][gc,heap        ] GC(220) Eden regions: 0->0(150)
[2024-08-28T01:13:52.524+0000][info][gc,heap        ] GC(220) Survivor regions: 1->0(1)
[2024-08-28T01:13:52.524+0000][info][gc,heap        ] GC(220) Old regions: 1016->443
[2024-08-28T01:13:52.524+0000][info][gc,heap        ] GC(220) Archive regions: 2->2
[2024-08-28T01:13:52.524+0000][info][gc,heap        ] GC(220) Humongous regions: 5->5
[2024-08-28T01:13:52.524+0000][info][gc,metaspace   ] GC(220) Metaspace: 100K(320K)->100K(320K) NonClass: 96K(192K)->96K(192K) Class: 4K(128K)->4K(128K)
[2024-08-28T01:13:52.524+0000][info][gc             ] GC(220) Pause Full (G1 Compaction Pause) 1013M->437M(1024M) 62.342ms
[2024-08-28T01:13:52.524+0000][info][gc,cpu         ] GC(220) User=1.34s Sys=0.00s Real=0.06s
[2024-08-28T01:13:52.524+0000][info][gc,marking     ] GC(211) Concurrent Rebuild Remembered Sets 158.895ms
[2024-08-28T01:13:52.524+0000][info][gc,marking     ] GC(211) Concurrent Mark Abort
[2024-08-28T01:13:52.524+0000][info][gc             ] GC(211) Concurrent Mark Cycle 186.482ms
[2024-08-28T01:13:52.596+0000][info][gc,start       ] GC(221) Pause Young (Normal) (G1 Evacuation Pause)
[2024-08-28T01:13:52.596+0000][info][gc,task        ] GC(221) Using 24 workers of 68 for evacuation
[2024-08-28T01:13:52.674+0000][info][gc,phases      ] GC(221)   Pre Evacuate Collection Set: 0.2ms
[2024-08-28T01:13:52.674+0000][info][gc,phases      ] GC(221)   Merge Heap Roots: 0.6ms
[2024-08-28T01:13:52.674+0000][info][gc,phases      ] GC(221)   Evacuate Collection Set: 76.4ms
[2024-08-28T01:13:52.674+0000][info][gc,phases      ] GC(221)   Post Evacuate Collection Set: 0.4ms
[2024-08-28T01:13:52.674+0000][info][gc,phases      ] GC(221)   Other: 0.3ms
[2024-08-28T01:13:52.674+0000][info][gc,heap        ] GC(221) Eden regions: 150->0(104)
[2024-08-28T01:13:52.674+0000][info][gc,heap        ] GC(221) Survivor regions: 0->19(19)
[2024-08-28T01:13:52.674+0000][info][gc,heap        ] GC(221) Old regions: 443->568
[2024-08-28T01:13:52.674+0000][info][gc,heap        ] GC(221) Archive regions: 2->2
[2024-08-28T01:13:52.674+0000][info][gc,heap        ] GC(221) Humongous regions: 5->5
[2024-08-28T01:13:52.674+0000][info][gc,metaspace   ] GC(221) Metaspace: 100K(320K)->100K(320K) NonClass: 96K(192K)->96K(192K) Class: 4K(128K)->4K(128K)
[2024-08-28T01:13:52.674+0000][info][gc             ] GC(221) Pause Young (Normal) (G1 Evacuation Pause) 587M->581M(1024M) 77.941ms
[2024-08-28T01:13:52.674+0000][info][gc,cpu         ] GC(221) User=0.40s Sys=1.21s Real=0.08s
[2024-08-28T01:13:52.722+0000][info][gc,start       ] GC(222) Pause Young (Concurrent Start) (G1 Evacuation Pause)
[2024-08-28T01:13:52.722+0000][info][gc,task        ] GC(222) Using 24 workers of 68 for evacuation
[2024-08-28T01:13:52.739+0000][info][gc,phases      ] GC(222)   Pre Evacuate Collection Set: 0.2ms
[2024-08-28T01:13:52.739+0000][info][gc,phases      ] GC(222)   Merge Heap Roots: 0.4ms
[2024-08-28T01:13:52.739+0000][info][gc,phases      ] GC(222)   Evacuate Collection Set: 15.3ms
[2024-08-28T01:13:52.739+0000][info][gc,phases      ] GC(222)   Post Evacuate Collection Set: 0.3ms
[2024-08-28T01:13:52.739+0000][info][gc,phases      ] GC(222)   Other: 0.6ms
[2024-08-28T01:13:52.739+0000][info][gc,heap        ] GC(222) Eden regions: 104->0(71)
[2024-08-28T01:13:52.739+0000][info][gc,heap        ] GC(222) Survivor regions: 19->16(16)
[2024-08-28T01:13:52.739+0000][info][gc,heap        ] GC(222) Old regions: 568->672
[2024-08-28T01:13:52.739+0000][info][gc,heap        ] GC(222) Archive regions: 2->2
[2024-08-28T01:13:52.739+0000][info][gc,heap        ] GC(222) Humongous regions: 5->5
[2024-08-28T01:13:52.739+0000][info][gc,metaspace   ] GC(222) Metaspace: 100K(320K)->100K(320K) NonClass: 96K(192K)->96K(192K) Class: 4K(128K)->4K(128K)
[2024-08-28T01:13:52.739+0000][info][gc             ] GC(222) Pause Young (Concurrent Start) (G1 Evacuation Pause) 685M->682M(1024M) 16.917ms
[2024-08-28T01:13:52.739+0000][info][gc,cpu         ] GC(222) User=0.38s Sys=0.00s Real=0.02s
[2024-08-28T01:13:52.739+0000][info][gc             ] GC(223) Concurrent Mark Cycle
[2024-08-28T01:13:52.739+0000][info][gc,marking     ] GC(223) Concurrent Clear Claimed Marks
[2024-08-28T01:13:52.739+0000][info][gc,marking     ] GC(223) Concurrent Clear Claimed Marks 0.010ms
[2024-08-28T01:13:52.739+0000][info][gc,marking     ] GC(223) Concurrent Scan Root Regions
[2024-08-28T01:13:52.742+0000][info][gc,marking     ] GC(223) Concurrent Scan Root Regions 3.296ms
[2024-08-28T01:13:52.742+0000][info][gc,marking     ] GC(223) Concurrent Mark
[2024-08-28T01:13:52.742+0000][info][gc,marking     ] GC(223) Concurrent Mark From Roots
[2024-08-28T01:13:52.742+0000][info][gc,task        ] GC(223) Using 17 workers of 17 for marking
[2024-08-28T01:13:52.762+0000][info][gc,marking     ] GC(223) Concurrent Mark From Roots 19.929ms
[2024-08-28T01:13:52.762+0000][info][gc,marking     ] GC(223) Concurrent Preclean
[2024-08-28T01:13:52.763+0000][info][gc,marking     ] GC(223) Concurrent Preclean 0.994ms
[2024-08-28T01:13:52.764+0000][info][gc,start       ] GC(223) Pause Remark
[2024-08-28T01:13:52.765+0000][info][gc             ] GC(223) Pause Remark 722M->722M(1024M) 1.280ms
[2024-08-28T01:13:52.765+0000][info][gc,cpu         ] GC(223) User=0.01s Sys=0.00s Real=0.00s
[2024-08-28T01:13:52.765+0000][info][gc,marking     ] GC(223) Concurrent Mark 22.738ms
[2024-08-28T01:13:52.765+0000][info][gc,marking     ] GC(223) Concurrent Rebuild Remembered Sets
[2024-08-28T01:13:52.780+0000][info][gc,start       ] GC(224) Pause Young (Normal) (G1 Evacuation Pause)
[2024-08-28T01:13:52.780+0000][info][gc,task        ] GC(224) Using 24 workers of 68 for evacuation
[2024-08-28T01:13:52.794+0000][info][gc,phases      ] GC(224)   Pre Evacuate Collection Set: 0.2ms
[2024-08-28T01:13:52.794+0000][info][gc,phases      ] GC(224)   Merge Heap Roots: 0.5ms
[2024-08-28T01:13:52.794+0000][info][gc,phases      ] GC(224)   Evacuate Collection Set: 12.2ms
[2024-08-28T01:13:52.794+0000][info][gc,phases      ] GC(224)   Post Evacuate Collection Set: 0.6ms
[2024-08-28T01:13:52.794+0000][info][gc,phases      ] GC(224)   Other: 0.2ms
[2024-08-28T01:13:52.794+0000][info][gc,heap        ] GC(224) Eden regions: 71->0(47)
[2024-08-28T01:13:52.794+0000][info][gc,heap        ] GC(224) Survivor regions: 16->11(11)
[2024-08-28T01:13:52.794+0000][info][gc,heap        ] GC(224) Old regions: 672->751
[2024-08-28T01:13:52.794+0000][info][gc,heap        ] GC(224) Archive regions: 2->2
[2024-08-28T01:13:52.794+0000][info][gc,heap        ] GC(224) Humongous regions: 5->5
[2024-08-28T01:13:52.794+0000][info][gc,metaspace   ] GC(224) Metaspace: 100K(320K)->100K(320K) NonClass: 96K(192K)->96K(192K) Class: 4K(128K)->4K(128K)
[2024-08-28T01:13:52.794+0000][info][gc             ] GC(224) Pause Young (Normal) (G1 Evacuation Pause) 753M->756M(1024M) 13.776ms
[2024-08-28T01:13:52.794+0000][info][gc,cpu         ] GC(224) User=0.31s Sys=0.00s Real=0.01s
[2024-08-28T01:13:52.817+0000][info][gc,start       ] GC(225) Pause Young (Normal) (G1 Evacuation Pause)
[2024-08-28T01:13:52.817+0000][info][gc,task        ] GC(225) Using 24 workers of 68 for evacuation
[2024-08-28T01:13:52.835+0000][info][gc,phases      ] GC(225)   Pre Evacuate Collection Set: 0.2ms
[2024-08-28T01:13:52.835+0000][info][gc,phases      ] GC(225)   Merge Heap Roots: 0.4ms
[2024-08-28T01:13:52.835+0000][info][gc,phases      ] GC(225)   Evacuate Collection Set: 16.8ms
[2024-08-28T01:13:52.835+0000][info][gc,phases      ] GC(225)   Post Evacuate Collection Set: 0.7ms
[2024-08-28T01:13:52.835+0000][info][gc,phases      ] GC(225)   Other: 0.2ms
[2024-08-28T01:13:52.835+0000][info][gc,heap        ] GC(225) Eden regions: 47->0(43)
[2024-08-28T01:13:52.835+0000][info][gc,heap        ] GC(225) Survivor regions: 11->8(8)
[2024-08-28T01:13:52.835+0000][info][gc,heap        ] GC(225) Old regions: 751->805
[2024-08-28T01:13:52.835+0000][info][gc,heap        ] GC(225) Archive regions: 2->2
[2024-08-28T01:13:52.835+0000][info][gc,heap        ] GC(225) Humongous regions: 5->5
[2024-08-28T01:13:52.835+0000][info][gc,metaspace   ] GC(225) Metaspace: 100K(320K)->100K(320K) NonClass: 96K(192K)->96K(192K) Class: 4K(128K)->4K(128K)
[2024-08-28T01:13:52.835+0000][info][gc             ] GC(225) Pause Young (Normal) (G1 Evacuation Pause) 803M->807M(1024M) 18.384ms
[2024-08-28T01:13:52.835+0000][info][gc,cpu         ] GC(225) User=0.42s Sys=0.00s Real=0.02s
[2024-08-28T01:13:52.835+0000][info][gc,marking     ] GC(223) Concurrent Rebuild Remembered Sets 70.212ms
[2024-08-28T01:13:52.836+0000][info][gc,start       ] GC(223) Pause Cleanup
[2024-08-28T01:13:52.837+0000][info][gc             ] GC(223) Pause Cleanup 808M->808M(1024M) 1.140ms
[2024-08-28T01:13:52.837+0000][info][gc,cpu         ] GC(223) User=0.01s Sys=0.00s Real=0.00s
[2024-08-28T01:13:52.837+0000][info][gc,marking     ] GC(223) Concurrent Cleanup for Next Mark
[2024-08-28T01:13:52.837+0000][info][gc,marking     ] GC(223) Concurrent Cleanup for Next Mark 0.586ms
[2024-08-28T01:13:52.837+0000][info][gc             ] GC(223) Concurrent Mark Cycle 98.351ms
[2024-08-28T01:13:52.858+0000][info][gc,start       ] GC(226) Pause Young (Prepare Mixed) (G1 Evacuation Pause)
[2024-08-28T01:13:52.858+0000][info][gc,task        ] GC(226) Using 24 workers of 68 for evacuation
[2024-08-28T01:13:52.875+0000][info][gc,phases      ] GC(226)   Pre Evacuate Collection Set: 0.2ms
[2024-08-28T01:13:52.875+0000][info][gc,phases      ] GC(226)   Merge Heap Roots: 0.9ms
[2024-08-28T01:13:52.875+0000][info][gc,phases      ] GC(226)   Evacuate Collection Set: 15.1ms
[2024-08-28T01:13:52.875+0000][info][gc,phases      ] GC(226)   Post Evacuate Collection Set: 0.3ms
[2024-08-28T01:13:52.875+0000][info][gc,phases      ] GC(226)   Other: 0.2ms
[2024-08-28T01:13:52.875+0000][info][gc,heap        ] GC(226) Eden regions: 43->0(44)
[2024-08-28T01:13:52.875+0000][info][gc,heap        ] GC(226) Survivor regions: 8->7(7)
[2024-08-28T01:13:52.875+0000][info][gc,heap        ] GC(226) Old regions: 805->853
[2024-08-28T01:13:52.875+0000][info][gc,heap        ] GC(226) Archive regions: 2->2
[2024-08-28T01:13:52.875+0000][info][gc,heap        ] GC(226) Humongous regions: 5->5
[2024-08-28T01:13:52.875+0000][info][gc,metaspace   ] GC(226) Metaspace: 100K(320K)->100K(320K) NonClass: 96K(192K)->96K(192K) Class: 4K(128K)->4K(128K)
[2024-08-28T01:13:52.875+0000][info][gc             ] GC(226) Pause Young (Prepare Mixed) (G1 Evacuation Pause) 850M->854M(1024M) 16.788ms
[2024-08-28T01:13:52.875+0000][info][gc,cpu         ] GC(226) User=0.38s Sys=0.00s Real=0.01s
[2024-08-28T01:13:52.896+0000][info][gc,start       ] GC(227) Pause Young (Mixed) (G1 Evacuation Pause)
[2024-08-28T01:13:52.896+0000][info][gc,task        ] GC(227) Using 24 workers of 68 for evacuation
[2024-08-28T01:13:52.909+0000][info][gc,phases      ] GC(227)   Pre Evacuate Collection Set: 0.2ms
[2024-08-28T01:13:52.909+0000][info][gc,phases      ] GC(227)   Merge Heap Roots: 0.6ms
[2024-08-28T01:13:52.909+0000][info][gc,phases      ] GC(227)   Evacuate Collection Set: 11.5ms
[2024-08-28T01:13:52.909+0000][info][gc,phases      ] GC(227)   Post Evacuate Collection Set: 0.4ms
[2024-08-28T01:13:52.909+0000][info][gc,phases      ] GC(227)   Other: 0.2ms
[2024-08-28T01:13:52.909+0000][info][gc,heap        ] GC(227) Eden regions: 44->0(44)
[2024-08-28T01:13:52.909+0000][info][gc,heap        ] GC(227) Survivor regions: 7->7(7)
[2024-08-28T01:13:52.909+0000][info][gc,heap        ] GC(227) Old regions: 853->838
[2024-08-28T01:13:52.909+0000][info][gc,heap        ] GC(227) Archive regions: 2->2
[2024-08-28T01:13:52.909+0000][info][gc,heap        ] GC(227) Humongous regions: 5->5
[2024-08-28T01:13:52.909+0000][info][gc,metaspace   ] GC(227) Metaspace: 100K(320K)->100K(320K) NonClass: 96K(192K)->96K(192K) Class: 4K(128K)->4K(128K)
[2024-08-28T01:13:52.909+0000][info][gc             ] GC(227) Pause Young (Mixed) (G1 Evacuation Pause) 898M->840M(1024M) 12.999ms
[2024-08-28T01:13:52.909+0000][info][gc,cpu         ] GC(227) User=0.29s Sys=0.00s Real=0.01s
[2024-08-28T01:13:52.930+0000][info][gc,start       ] GC(228) Pause Young (Mixed) (G1 Evacuation Pause)
[2024-08-28T01:13:52.930+0000][info][gc,task        ] GC(228) Using 24 workers of 68 for evacuation
[2024-08-28T01:13:52.940+0000][info][gc,phases      ] GC(228)   Pre Evacuate Collection Set: 0.2ms
[2024-08-28T01:13:52.940+0000][info][gc,phases      ] GC(228)   Merge Heap Roots: 0.5ms
[2024-08-28T01:13:52.940+0000][info][gc,phases      ] GC(228)   Evacuate Collection Set: 9.3ms
[2024-08-28T01:13:52.940+0000][info][gc,phases      ] GC(228)   Post Evacuate Collection Set: 0.4ms
[2024-08-28T01:13:52.940+0000][info][gc,phases      ] GC(228)   Other: 0.2ms
[2024-08-28T01:13:52.940+0000][info][gc,heap        ] GC(228) Eden regions: 44->0(44)
[2024-08-28T01:13:52.940+0000][info][gc,heap        ] GC(228) Survivor regions: 7->7(7)
[2024-08-28T01:13:52.940+0000][info][gc,heap        ] GC(228) Old regions: 838->822
[2024-08-28T01:13:52.940+0000][info][gc,heap        ] GC(228) Archive regions: 2->2
[2024-08-28T01:13:52.940+0000][info][gc,heap        ] GC(228) Humongous regions: 5->5
[2024-08-28T01:13:52.940+0000][info][gc,metaspace   ] GC(228) Metaspace: 100K(320K)->100K(320K) NonClass: 96K(192K)->96K(192K) Class: 4K(128K)->4K(128K)
[2024-08-28T01:13:52.941+0000][info][gc             ] GC(228) Pause Young (Mixed) (G1 Evacuation Pause) 884M->824M(1024M) 10.753ms
[2024-08-28T01:13:52.941+0000][info][gc,cpu         ] GC(228) User=0.24s Sys=0.00s Real=0.01s
[2024-08-28T01:13:52.960+0000][info][gc,start       ] GC(229) Pause Young (Mixed) (G1 Evacuation Pause)
[2024-08-28T01:13:52.960+0000][info][gc,task        ] GC(229) Using 24 workers of 68 for evacuation
[2024-08-28T01:13:52.971+0000][info][gc,phases      ] GC(229)   Pre Evacuate Collection Set: 0.2ms
[2024-08-28T01:13:52.971+0000][info][gc,phases      ] GC(229)   Merge Heap Roots: 0.6ms
[2024-08-28T01:13:52.971+0000][info][gc,phases      ] GC(229)   Evacuate Collection Set: 9.0ms
[2024-08-28T01:13:52.971+0000][info][gc,phases      ] GC(229)   Post Evacuate Collection Set: 0.4ms
[2024-08-28T01:13:52.971+0000][info][gc,phases      ] GC(229)   Other: 0.3ms
[2024-08-28T01:13:52.971+0000][info][gc,heap        ] GC(229) Eden regions: 44->0(44)
[2024-08-28T01:13:52.971+0000][info][gc,heap        ] GC(229) Survivor regions: 7->7(7)
[2024-08-28T01:13:52.971+0000][info][gc,heap        ] GC(229) Old regions: 822->808
[2024-08-28T01:13:52.971+0000][info][gc,heap        ] GC(229) Archive regions: 2->2
[2024-08-28T01:13:52.971+0000][info][gc,heap        ] GC(229) Humongous regions: 5->5
[2024-08-28T01:13:52.971+0000][info][gc,metaspace   ] GC(229) Metaspace: 100K(320K)->100K(320K) NonClass: 96K(192K)->96K(192K) Class: 4K(128K)->4K(128K)
[2024-08-28T01:13:52.971+0000][info][gc             ] GC(229) Pause Young (Mixed) (G1 Evacuation Pause) 868M->811M(1024M) 10.557ms
[2024-08-28T01:13:52.971+0000][info][gc,cpu         ] GC(229) User=0.23s Sys=0.00s Real=0.01s
[2024-08-28T01:13:52.991+0000][info][gc,start       ] GC(230) Pause Young (Mixed) (G1 Evacuation Pause)
[2024-08-28T01:13:52.991+0000][info][gc,task        ] GC(230) Using 24 workers of 68 for evacuation
[2024-08-28T01:13:53.000+0000][info][gc,phases      ] GC(230)   Pre Evacuate Collection Set: 0.2ms
[2024-08-28T01:13:53.000+0000][info][gc,phases      ] GC(230)   Merge Heap Roots: 0.5ms
[2024-08-28T01:13:53.000+0000][info][gc,phases      ] GC(230)   Evacuate Collection Set: 8.3ms
[2024-08-28T01:13:53.000+0000][info][gc,phases      ] GC(230)   Post Evacuate Collection Set: 0.3ms
[2024-08-28T01:13:53.000+0000][info][gc,phases      ] GC(230)   Other: 0.2ms
[2024-08-28T01:13:53.000+0000][info][gc,heap        ] GC(230) Eden regions: 44->0(44)
[2024-08-28T01:13:53.000+0000][info][gc,heap        ] GC(230) Survivor regions: 7->7(7)
[2024-08-28T01:13:53.000+0000][info][gc,heap        ] GC(230) Old regions: 808->843
[2024-08-28T01:13:53.000+0000][info][gc,heap        ] GC(230) Archive regions: 2->2
[2024-08-28T01:13:53.000+0000][info][gc,heap        ] GC(230) Humongous regions: 5->5
[2024-08-28T01:13:53.000+0000][info][gc,metaspace   ] GC(230) Metaspace: 100K(320K)->100K(320K) NonClass: 96K(192K)->96K(192K) Class: 4K(128K)->4K(128K)
[2024-08-28T01:13:53.000+0000][info][gc             ] GC(230) Pause Young (Mixed) (G1 Evacuation Pause) 855M->848M(1024M) 9.664ms
[2024-08-28T01:13:53.000+0000][info][gc,cpu         ] GC(230) User=0.21s Sys=0.00s Real=0.01s
[2024-08-28T01:13:53.020+0000][info][gc,start       ] GC(231) Pause Young (Concurrent Start) (G1 Evacuation Pause)
[2024-08-28T01:13:53.020+0000][info][gc,task        ] GC(231) Using 24 workers of 68 for evacuation
[2024-08-28T01:13:53.030+0000][info][gc,phases      ] GC(231)   Pre Evacuate Collection Set: 0.2ms
[2024-08-28T01:13:53.030+0000][info][gc,phases      ] GC(231)   Merge Heap Roots: 0.5ms
[2024-08-28T01:13:53.030+0000][info][gc,phases      ] GC(231)   Evacuate Collection Set: 8.2ms
[2024-08-28T01:13:53.030+0000][info][gc,phases      ] GC(231)   Post Evacuate Collection Set: 0.4ms
[2024-08-28T01:13:53.030+0000][info][gc,phases      ] GC(231)   Other: 0.8ms
[2024-08-28T01:13:53.030+0000][info][gc,heap        ] GC(231) Eden regions: 44->0(44)
[2024-08-28T01:13:53.030+0000][info][gc,heap        ] GC(231) Survivor regions: 7->7(7)
[2024-08-28T01:13:53.030+0000][info][gc,heap        ] GC(231) Old regions: 843->889
[2024-08-28T01:13:53.030+0000][info][gc,heap        ] GC(231) Archive regions: 2->2
[2024-08-28T01:13:53.030+0000][info][gc,heap        ] GC(231) Humongous regions: 5->5
[2024-08-28T01:13:53.030+0000][info][gc,metaspace   ] GC(231) Metaspace: 100K(320K)->100K(320K) NonClass: 96K(192K)->96K(192K) Class: 4K(128K)->4K(128K)
[2024-08-28T01:13:53.030+0000][info][gc             ] GC(231) Pause Young (Concurrent Start) (G1 Evacuation Pause) 892M->894M(1024M) 10.140ms
[2024-08-28T01:13:53.030+0000][info][gc,cpu         ] GC(231) User=0.20s Sys=0.01s Real=0.01s
[2024-08-28T01:13:53.030+0000][info][gc             ] GC(232) Concurrent Mark Cycle
[2024-08-28T01:13:53.030+0000][info][gc,marking     ] GC(232) Concurrent Clear Claimed Marks
[2024-08-28T01:13:53.030+0000][info][gc,marking     ] GC(232) Concurrent Clear Claimed Marks 0.014ms
[2024-08-28T01:13:53.030+0000][info][gc,marking     ] GC(232) Concurrent Scan Root Regions
[2024-08-28T01:13:53.032+0000][info][gc,marking     ] GC(232) Concurrent Scan Root Regions 1.553ms
[2024-08-28T01:13:53.032+0000][info][gc,marking     ] GC(232) Concurrent Mark
[2024-08-28T01:13:53.032+0000][info][gc,marking     ] GC(232) Concurrent Mark From Roots
[2024-08-28T01:13:53.032+0000][info][gc,task        ] GC(232) Using 17 workers of 17 for marking
[2024-08-28T01:13:53.056+0000][info][gc,marking     ] GC(232) Concurrent Mark From Roots 23.549ms
[2024-08-28T01:13:53.056+0000][info][gc,marking     ] GC(232) Concurrent Preclean
[2024-08-28T01:13:53.056+0000][info][gc,marking     ] GC(232) Concurrent Preclean 0.680ms
[2024-08-28T01:13:53.057+0000][info][gc,start       ] GC(232) Pause Remark
[2024-08-28T01:13:53.058+0000][info][gc             ] GC(232) Pause Remark 936M->936M(1024M) 1.483ms
[2024-08-28T01:13:53.058+0000][info][gc,cpu         ] GC(232) User=0.01s Sys=0.00s Real=0.01s
[2024-08-28T01:13:53.058+0000][info][gc,marking     ] GC(232) Concurrent Mark 26.158ms
[2024-08-28T01:13:53.058+0000][info][gc,marking     ] GC(232) Concurrent Rebuild Remembered Sets
[2024-08-28T01:13:53.061+0000][info][gc,start       ] GC(233) Pause Young (Normal) (G1 Evacuation Pause)
[2024-08-28T01:13:53.061+0000][info][gc,task        ] GC(233) Using 24 workers of 68 for evacuation
[2024-08-28T01:13:53.071+0000][info][gc,phases      ] GC(233)   Pre Evacuate Collection Set: 0.2ms
[2024-08-28T01:13:53.071+0000][info][gc,phases      ] GC(233)   Merge Heap Roots: 0.3ms
[2024-08-28T01:13:53.071+0000][info][gc,phases      ] GC(233)   Evacuate Collection Set: 9.5ms
[2024-08-28T01:13:53.071+0000][info][gc,phases      ] GC(233)   Post Evacuate Collection Set: 0.4ms
[2024-08-28T01:13:53.071+0000][info][gc,phases      ] GC(233)   Other: 0.2ms
[2024-08-28T01:13:53.071+0000][info][gc,heap        ] GC(233) Eden regions: 44->0(44)
[2024-08-28T01:13:53.071+0000][info][gc,heap        ] GC(233) Survivor regions: 7->7(7)
[2024-08-28T01:13:53.071+0000][info][gc,heap        ] GC(233) Old regions: 889->935
[2024-08-28T01:13:53.071+0000][info][gc,heap        ] GC(233) Archive regions: 2->2
[2024-08-28T01:13:53.071+0000][info][gc,heap        ] GC(233) Humongous regions: 5->5
[2024-08-28T01:13:53.071+0000][info][gc,metaspace   ] GC(233) Metaspace: 100K(320K)->100K(320K) NonClass: 96K(192K)->96K(192K) Class: 4K(128K)->4K(128K)
[2024-08-28T01:13:53.071+0000][info][gc             ] GC(233) Pause Young (Normal) (G1 Evacuation Pause) 938M->940M(1024M) 10.745ms
[2024-08-28T01:13:53.071+0000][info][gc,cpu         ] GC(233) User=0.24s Sys=0.00s Real=0.01s
[2024-08-28T01:13:53.087+0000][info][gc,start       ] GC(234) Pause Young (Normal) (G1 Preventive Collection)
[2024-08-28T01:13:53.087+0000][info][gc,task        ] GC(234) Using 24 workers of 68 for evacuation
[2024-08-28T01:13:53.101+0000][info][gc,phases      ] GC(234)   Pre Evacuate Collection Set: 0.2ms
[2024-08-28T01:13:53.101+0000][info][gc,phases      ] GC(234)   Merge Heap Roots: 0.7ms
[2024-08-28T01:13:53.101+0000][info][gc,phases      ] GC(234)   Evacuate Collection Set: 12.1ms
[2024-08-28T01:13:53.101+0000][info][gc,phases      ] GC(234)   Post Evacuate Collection Set: 0.6ms
[2024-08-28T01:13:53.101+0000][info][gc,phases      ] GC(234)   Other: 0.3ms
[2024-08-28T01:13:53.101+0000][info][gc,heap        ] GC(234) Eden regions: 32->0(44)
[2024-08-28T01:13:53.101+0000][info][gc,heap        ] GC(234) Survivor regions: 7->7(7)
[2024-08-28T01:13:53.101+0000][info][gc,heap        ] GC(234) Old regions: 935->971
[2024-08-28T01:13:53.101+0000][info][gc,heap        ] GC(234) Archive regions: 2->2
[2024-08-28T01:13:53.101+0000][info][gc,heap        ] GC(234) Humongous regions: 5->5
[2024-08-28T01:13:53.101+0000][info][gc,metaspace   ] GC(234) Metaspace: 100K(320K)->100K(320K) NonClass: 96K(192K)->96K(192K) Class: 4K(128K)->4K(128K)
[2024-08-28T01:13:53.101+0000][info][gc             ] GC(234) Pause Young (Normal) (G1 Preventive Collection) 972M->976M(1024M) 13.854ms
[2024-08-28T01:13:53.101+0000][info][gc,cpu         ] GC(234) User=0.31s Sys=0.00s Real=0.02s
[2024-08-28T01:13:53.108+0000][info][gc,start       ] GC(235) Pause Young (Normal) (G1 Preventive Collection)
[2024-08-28T01:13:53.108+0000][info][gc,task        ] GC(235) Using 24 workers of 68 for evacuation
[2024-08-28T01:13:53.118+0000][info][gc             ] GC(235) To-space exhausted
[2024-08-28T01:13:53.118+0000][info][gc,phases      ] GC(235)   Pre Evacuate Collection Set: 0.2ms
[2024-08-28T01:13:53.118+0000][info][gc,phases      ] GC(235)   Merge Heap Roots: 0.4ms
[2024-08-28T01:13:53.118+0000][info][gc,phases      ] GC(235)   Evacuate Collection Set: 8.4ms
[2024-08-28T01:13:53.118+0000][info][gc,phases      ] GC(235)   Post Evacuate Collection Set: 0.9ms
[2024-08-28T01:13:53.118+0000][info][gc,phases      ] GC(235)   Other: 0.2ms
[2024-08-28T01:13:53.118+0000][info][gc,heap        ] GC(235) Eden regions: 15->0(44)
[2024-08-28T01:13:53.118+0000][info][gc,heap        ] GC(235) Survivor regions: 7->7(7)
[2024-08-28T01:13:53.118+0000][info][gc,heap        ] GC(235) Old regions: 971->1005
[2024-08-28T01:13:53.118+0000][info][gc,heap        ] GC(235) Archive regions: 2->2
[2024-08-28T01:13:53.118+0000][info][gc,heap        ] GC(235) Humongous regions: 5->5
[2024-08-28T01:13:53.118+0000][info][gc,metaspace   ] GC(235) Metaspace: 100K(320K)->100K(320K) NonClass: 96K(192K)->96K(192K) Class: 4K(128K)->4K(128K)
[2024-08-28T01:13:53.118+0000][info][gc             ] GC(235) Pause Young (Normal) (G1 Preventive Collection) 991M->1010M(1024M) 10.105ms
[2024-08-28T01:13:53.118+0000][info][gc,cpu         ] GC(235) User=0.22s Sys=0.00s Real=0.02s
[2024-08-28T01:13:53.119+0000][info][gc,start       ] GC(236) Pause Young (Normal) (G1 Preventive Collection)
[2024-08-28T01:13:53.119+0000][info][gc,task        ] GC(236) Using 24 workers of 68 for evacuation
[2024-08-28T01:13:53.127+0000][info][gc             ] GC(236) To-space exhausted
[2024-08-28T01:13:53.127+0000][info][gc,phases      ] GC(236)   Pre Evacuate Collection Set: 0.1ms
[2024-08-28T01:13:53.127+0000][info][gc,phases      ] GC(236)   Merge Heap Roots: 0.8ms
[2024-08-28T01:13:53.127+0000][info][gc,phases      ] GC(236)   Evacuate Collection Set: 5.5ms
[2024-08-28T01:13:53.127+0000][info][gc,phases      ] GC(236)   Post Evacuate Collection Set: 0.9ms
[2024-08-28T01:13:53.127+0000][info][gc,phases      ] GC(236)   Other: 0.2ms
[2024-08-28T01:13:53.127+0000][info][gc,heap        ] GC(236) Eden regions: 1->0(51)
[2024-08-28T01:13:53.127+0000][info][gc,heap        ] GC(236) Survivor regions: 7->0(4)
[2024-08-28T01:13:53.127+0000][info][gc,heap        ] GC(236) Old regions: 1005->1017
[2024-08-28T01:13:53.127+0000][info][gc,heap        ] GC(236) Archive regions: 2->2
[2024-08-28T01:13:53.127+0000][info][gc,heap        ] GC(236) Humongous regions: 5->5
[2024-08-28T01:13:53.127+0000][info][gc,metaspace   ] GC(236) Metaspace: 100K(320K)->100K(320K) NonClass: 96K(192K)->96K(192K) Class: 4K(128K)->4K(128K)
[2024-08-28T01:13:53.127+0000][info][gc             ] GC(236) Pause Young (Normal) (G1 Preventive Collection) 1011M->1015M(1024M) 7.622ms
[2024-08-28T01:13:53.127+0000][info][gc,cpu         ] GC(236) User=0.15s Sys=0.00s Real=0.00s
[2024-08-28T01:13:53.127+0000][info][gc,ergo        ] Attempting full compaction
[2024-08-28T01:13:53.127+0000][info][gc,task        ] GC(237) Using 24 workers of 68 for full compaction
[2024-08-28T01:13:53.127+0000][info][gc,start       ] GC(237) Pause Full (G1 Compaction Pause)
[2024-08-28T01:13:53.128+0000][info][gc,phases,start] GC(237) Phase 1: Mark live objects
[2024-08-28T01:13:53.141+0000][info][gc,phases      ] GC(237) Phase 1: Mark live objects 13.053ms
[2024-08-28T01:13:53.141+0000][info][gc,phases,start] GC(237) Phase 2: Prepare for compaction
[2024-08-28T01:13:53.149+0000][info][gc,phases      ] GC(237) Phase 2: Prepare for compaction 8.251ms
[2024-08-28T01:13:53.149+0000][info][gc,phases,start] GC(237) Phase 3: Adjust pointers
[2024-08-28T01:13:53.161+0000][info][gc,phases      ] GC(237) Phase 3: Adjust pointers 11.902ms
[2024-08-28T01:13:53.161+0000][info][gc,phases,start] GC(237) Phase 4: Compact heap
[2024-08-28T01:13:53.187+0000][info][gc,phases      ] GC(237) Phase 4: Compact heap 26.282ms
[2024-08-28T01:13:53.189+0000][info][gc,heap        ] GC(237) Eden regions: 0->0(150)
[2024-08-28T01:13:53.189+0000][info][gc,heap        ] GC(237) Survivor regions: 0->0(4)
[2024-08-28T01:13:53.189+0000][info][gc,heap        ] GC(237) Old regions: 1017->444
[2024-08-28T01:13:53.189+0000][info][gc,heap        ] GC(237) Archive regions: 2->2
[2024-08-28T01:13:53.189+0000][info][gc,heap        ] GC(237) Humongous regions: 5->5
[2024-08-28T01:13:53.189+0000][info][gc,metaspace   ] GC(237) Metaspace: 100K(320K)->100K(320K) NonClass: 96K(192K)->96K(192K) Class: 4K(128K)->4K(128K)
[2024-08-28T01:13:53.189+0000][info][gc             ] GC(237) Pause Full (G1 Compaction Pause) 1015M->437M(1024M) 61.537ms
[2024-08-28T01:13:53.189+0000][info][gc,cpu         ] GC(237) User=1.35s Sys=0.00s Real=0.06s
[2024-08-28T01:13:53.189+0000][info][gc,marking     ] GC(232) Concurrent Rebuild Remembered Sets 130.951ms
[2024-08-28T01:13:53.189+0000][info][gc,marking     ] GC(232) Concurrent Mark Abort
[2024-08-28T01:13:53.189+0000][info][gc             ] GC(232) Concurrent Mark Cycle 158.866ms
[2024-08-28T01:13:53.260+0000][info][gc,start       ] GC(238) Pause Young (Normal) (G1 Evacuation Pause)
[2024-08-28T01:13:53.260+0000][info][gc,task        ] GC(238) Using 24 workers of 68 for evacuation
[2024-08-28T01:13:53.280+0000][info][gc,phases      ] GC(238)   Pre Evacuate Collection Set: 0.2ms
[2024-08-28T01:13:53.280+0000][info][gc,phases      ] GC(238)   Merge Heap Roots: 0.5ms
[2024-08-28T01:13:53.280+0000][info][gc,phases      ] GC(238)   Evacuate Collection Set: 18.4ms
[2024-08-28T01:13:53.280+0000][info][gc,phases      ] GC(238)   Post Evacuate Collection Set: 0.4ms
[2024-08-28T01:13:53.280+0000][info][gc,phases      ] GC(238)   Other: 0.2ms
[2024-08-28T01:13:53.280+0000][info][gc,heap        ] GC(238) Eden regions: 150->0(103)
[2024-08-28T01:13:53.280+0000][info][gc,heap        ] GC(238) Survivor regions: 0->19(19)
[2024-08-28T01:13:53.280+0000][info][gc,heap        ] GC(238) Old regions: 444->571
[2024-08-28T01:13:53.280+0000][info][gc,heap        ] GC(238) Archive regions: 2->2
[2024-08-28T01:13:53.280+0000][info][gc,heap        ] GC(238) Humongous regions: 5->5
[2024-08-28T01:13:53.280+0000][info][gc,metaspace   ] GC(238) Metaspace: 100K(320K)->100K(320K) NonClass: 96K(192K)->96K(192K) Class: 4K(128K)->4K(128K)
[2024-08-28T01:13:53.280+0000][info][gc             ] GC(238) Pause Young (Normal) (G1 Evacuation Pause) 587M->582M(1024M) 19.807ms
[2024-08-28T01:13:53.280+0000][info][gc,cpu         ] GC(238) User=0.46s Sys=0.00s Real=0.02s
[2024-08-28T01:13:53.328+0000][info][gc,start       ] GC(239) Pause Young (Concurrent Start) (G1 Evacuation Pause)
[2024-08-28T01:13:53.328+0000][info][gc,task        ] GC(239) Using 24 workers of 68 for evacuation
[2024-08-28T01:13:53.345+0000][info][gc,phases      ] GC(239)   Pre Evacuate Collection Set: 0.2ms
[2024-08-28T01:13:53.345+0000][info][gc,phases      ] GC(239)   Merge Heap Roots: 0.5ms
[2024-08-28T01:13:53.345+0000][info][gc,phases      ] GC(239)   Evacuate Collection Set: 15.4ms
[2024-08-28T01:13:53.345+0000][info][gc,phases      ] GC(239)   Post Evacuate Collection Set: 0.3ms
[2024-08-28T01:13:53.345+0000][info][gc,phases      ] GC(239)   Other: 0.6ms
[2024-08-28T01:13:53.345+0000][info][gc,heap        ] GC(239) Eden regions: 103->0(69)
[2024-08-28T01:13:53.345+0000][info][gc,heap        ] GC(239) Survivor regions: 19->16(16)
[2024-08-28T01:13:53.345+0000][info][gc,heap        ] GC(239) Old regions: 571->678
[2024-08-28T01:13:53.345+0000][info][gc,heap        ] GC(239) Archive regions: 2->2
[2024-08-28T01:13:53.345+0000][info][gc,heap        ] GC(239) Humongous regions: 5->5
[2024-08-28T01:13:53.345+0000][info][gc,metaspace   ] GC(239) Metaspace: 100K(320K)->100K(320K) NonClass: 96K(192K)->96K(192K) Class: 4K(128K)->4K(128K)
[2024-08-28T01:13:53.345+0000][info][gc             ] GC(239) Pause Young (Concurrent Start) (G1 Evacuation Pause) 685M->687M(1024M) 17.118ms
[2024-08-28T01:13:53.345+0000][info][gc,cpu         ] GC(239) User=0.38s Sys=0.00s Real=0.02s
[2024-08-28T01:13:53.345+0000][info][gc             ] GC(240) Concurrent Mark Cycle
[2024-08-28T01:13:53.345+0000][info][gc,marking     ] GC(240) Concurrent Clear Claimed Marks
[2024-08-28T01:13:53.345+0000][info][gc,marking     ] GC(240) Concurrent Clear Claimed Marks 0.010ms
[2024-08-28T01:13:53.345+0000][info][gc,marking     ] GC(240) Concurrent Scan Root Regions
[2024-08-28T01:13:53.348+0000][info][gc,marking     ] GC(240) Concurrent Scan Root Regions 3.169ms
[2024-08-28T01:13:53.349+0000][info][gc,marking     ] GC(240) Concurrent Mark
[2024-08-28T01:13:53.349+0000][info][gc,marking     ] GC(240) Concurrent Mark From Roots
[2024-08-28T01:13:53.349+0000][info][gc,task        ] GC(240) Using 17 workers of 17 for marking
[2024-08-28T01:13:53.369+0000][info][gc,marking     ] GC(240) Concurrent Mark From Roots 20.184ms
[2024-08-28T01:13:53.369+0000][info][gc,marking     ] GC(240) Concurrent Preclean
[2024-08-28T01:13:53.369+0000][info][gc,marking     ] GC(240) Concurrent Preclean 0.507ms
[2024-08-28T01:13:53.370+0000][info][gc,start       ] GC(240) Pause Remark
[2024-08-28T01:13:53.371+0000][info][gc             ] GC(240) Pause Remark 725M->725M(1024M) 1.177ms
[2024-08-28T01:13:53.371+0000][info][gc,cpu         ] GC(240) User=0.00s Sys=0.00s Real=0.00s
[2024-08-28T01:13:53.371+0000][info][gc,marking     ] GC(240) Concurrent Mark 22.282ms
[2024-08-28T01:13:53.371+0000][info][gc,marking     ] GC(240) Concurrent Rebuild Remembered Sets
[2024-08-28T01:13:53.385+0000][info][gc,start       ] GC(241) Pause Young (Normal) (G1 Evacuation Pause)
[2024-08-28T01:13:53.385+0000][info][gc,task        ] GC(241) Using 24 workers of 68 for evacuation
[2024-08-28T01:13:53.399+0000][info][gc,phases      ] GC(241)   Pre Evacuate Collection Set: 0.2ms
[2024-08-28T01:13:53.399+0000][info][gc,phases      ] GC(241)   Merge Heap Roots: 0.5ms
[2024-08-28T01:13:53.399+0000][info][gc,phases      ] GC(241)   Evacuate Collection Set: 12.7ms
[2024-08-28T01:13:53.399+0000][info][gc,phases      ] GC(241)   Post Evacuate Collection Set: 0.5ms
[2024-08-28T01:13:53.399+0000][info][gc,phases      ] GC(241)   Other: 0.2ms
[2024-08-28T01:13:53.399+0000][info][gc,heap        ] GC(241) Eden regions: 69->0(46)
[2024-08-28T01:13:53.399+0000][info][gc,heap        ] GC(241) Survivor regions: 16->11(11)
[2024-08-28T01:13:53.399+0000][info][gc,heap        ] GC(241) Old regions: 678->755
[2024-08-28T01:13:53.399+0000][info][gc,heap        ] GC(241) Archive regions: 2->2
[2024-08-28T01:13:53.399+0000][info][gc,heap        ] GC(241) Humongous regions: 5->5
[2024-08-28T01:13:53.399+0000][info][gc,metaspace   ] GC(241) Metaspace: 100K(320K)->100K(320K) NonClass: 96K(192K)->96K(192K) Class: 4K(128K)->4K(128K)
[2024-08-28T01:13:53.400+0000][info][gc             ] GC(241) Pause Young (Normal) (G1 Evacuation Pause) 756M->758M(1024M) 14.265ms
[2024-08-28T01:13:53.400+0000][info][gc,cpu         ] GC(241) User=0.32s Sys=0.00s Real=0.02s
[2024-08-28T01:13:53.421+0000][info][gc,start       ] GC(242) Pause Young (Normal) (G1 Evacuation Pause)
[2024-08-28T01:13:53.421+0000][info][gc,task        ] GC(242) Using 24 workers of 68 for evacuation
[2024-08-28T01:13:53.440+0000][info][gc,phases      ] GC(242)   Pre Evacuate Collection Set: 0.2ms
[2024-08-28T01:13:53.440+0000][info][gc,phases      ] GC(242)   Merge Heap Roots: 0.7ms
[2024-08-28T01:13:53.440+0000][info][gc,phases      ] GC(242)   Evacuate Collection Set: 17.2ms
[2024-08-28T01:13:53.440+0000][info][gc,phases      ] GC(242)   Post Evacuate Collection Set: 0.7ms
[2024-08-28T01:13:53.440+0000][info][gc,phases      ] GC(242)   Other: 0.3ms
[2024-08-28T01:13:53.440+0000][info][gc,heap        ] GC(242) Eden regions: 46->0(43)
[2024-08-28T01:13:53.440+0000][info][gc,heap        ] GC(242) Survivor regions: 11->8(8)
[2024-08-28T01:13:53.440+0000][info][gc,heap        ] GC(242) Old regions: 755->808
[2024-08-28T01:13:53.440+0000][info][gc,heap        ] GC(242) Archive regions: 2->2
[2024-08-28T01:13:53.440+0000][info][gc,heap        ] GC(242) Humongous regions: 5->5
[2024-08-28T01:13:53.440+0000][info][gc,metaspace   ] GC(242) Metaspace: 100K(320K)->100K(320K) NonClass: 96K(192K)->96K(192K) Class: 4K(128K)->4K(128K)
[2024-08-28T01:13:53.440+0000][info][gc             ] GC(242) Pause Young (Normal) (G1 Evacuation Pause) 804M->808M(1024M) 19.104ms
[2024-08-28T01:13:53.440+0000][info][gc,cpu         ] GC(242) User=0.43s Sys=0.01s Real=0.02s
[2024-08-28T01:13:53.451+0000][info][gc,marking     ] GC(240) Concurrent Rebuild Remembered Sets 80.058ms
[2024-08-28T01:13:53.451+0000][info][gc,start       ] GC(240) Pause Cleanup
[2024-08-28T01:13:53.452+0000][info][gc             ] GC(240) Pause Cleanup 830M->830M(1024M) 1.180ms
[2024-08-28T01:13:53.452+0000][info][gc,cpu         ] GC(240) User=0.01s Sys=0.00s Real=0.00s
[2024-08-28T01:13:53.452+0000][info][gc,marking     ] GC(240) Concurrent Cleanup for Next Mark
[2024-08-28T01:13:53.453+0000][info][gc,marking     ] GC(240) Concurrent Cleanup for Next Mark 0.533ms
[2024-08-28T01:13:53.453+0000][info][gc             ] GC(240) Concurrent Mark Cycle 107.751ms
[2024-08-28T01:13:53.464+0000][info][gc,start       ] GC(243) Pause Young (Prepare Mixed) (G1 Evacuation Pause)
[2024-08-28T01:13:53.464+0000][info][gc,task        ] GC(243) Using 24 workers of 68 for evacuation
[2024-08-28T01:13:53.480+0000][info][gc,phases      ] GC(243)   Pre Evacuate Collection Set: 0.2ms
[2024-08-28T01:13:53.480+0000][info][gc,phases      ] GC(243)   Merge Heap Roots: 0.9ms
[2024-08-28T01:13:53.480+0000][info][gc,phases      ] GC(243)   Evacuate Collection Set: 14.9ms
[2024-08-28T01:13:53.480+0000][info][gc,phases      ] GC(243)   Post Evacuate Collection Set: 0.3ms
[2024-08-28T01:13:53.480+0000][info][gc,phases      ] GC(243)   Other: 0.2ms
[2024-08-28T01:13:53.480+0000][info][gc,heap        ] GC(243) Eden regions: 43->0(44)
[2024-08-28T01:13:53.480+0000][info][gc,heap        ] GC(243) Survivor regions: 8->7(7)
[2024-08-28T01:13:53.480+0000][info][gc,heap        ] GC(243) Old regions: 808->855
[2024-08-28T01:13:53.480+0000][info][gc,heap        ] GC(243) Archive regions: 2->2
[2024-08-28T01:13:53.480+0000][info][gc,heap        ] GC(243) Humongous regions: 5->5
[2024-08-28T01:13:53.480+0000][info][gc,metaspace   ] GC(243) Metaspace: 100K(320K)->100K(320K) NonClass: 96K(192K)->96K(192K) Class: 4K(128K)->4K(128K)
[2024-08-28T01:13:53.480+0000][info][gc             ] GC(243) Pause Young (Prepare Mixed) (G1 Evacuation Pause) 851M->855M(1024M) 16.557ms
[2024-08-28T01:13:53.480+0000][info][gc,cpu         ] GC(243) User=0.38s Sys=0.00s Real=0.02s
[2024-08-28T01:13:53.501+0000][info][gc,start       ] GC(244) Pause Young (Mixed) (G1 Evacuation Pause)
[2024-08-28T01:13:53.502+0000][info][gc,task        ] GC(244) Using 24 workers of 68 for evacuation
[2024-08-28T01:13:53.515+0000][info][gc,phases      ] GC(244)   Pre Evacuate Collection Set: 0.2ms
[2024-08-28T01:13:53.515+0000][info][gc,phases      ] GC(244)   Merge Heap Roots: 0.5ms
[2024-08-28T01:13:53.515+0000][info][gc,phases      ] GC(244)   Evacuate Collection Set: 11.9ms
[2024-08-28T01:13:53.515+0000][info][gc,phases      ] GC(244)   Post Evacuate Collection Set: 0.3ms
[2024-08-28T01:13:53.515+0000][info][gc,phases      ] GC(244)   Other: 0.3ms
[2024-08-28T01:13:53.515+0000][info][gc,heap        ] GC(244) Eden regions: 44->0(44)
[2024-08-28T01:13:53.515+0000][info][gc,heap        ] GC(244) Survivor regions: 7->7(7)
[2024-08-28T01:13:53.515+0000][info][gc,heap        ] GC(244) Old regions: 855->840
[2024-08-28T01:13:53.515+0000][info][gc,heap        ] GC(244) Archive regions: 2->2
[2024-08-28T01:13:53.515+0000][info][gc,heap        ] GC(244) Humongous regions: 5->5
[2024-08-28T01:13:53.515+0000][info][gc,metaspace   ] GC(244) Metaspace: 100K(320K)->100K(320K) NonClass: 96K(192K)->96K(192K) Class: 4K(128K)->4K(128K)
[2024-08-28T01:13:53.515+0000][info][gc             ] GC(244) Pause Young (Mixed) (G1 Evacuation Pause) 899M->840M(1024M) 13.285ms
[2024-08-28T01:13:53.515+0000][info][gc,cpu         ] GC(244) User=0.30s Sys=0.00s Real=0.01s
[2024-08-28T01:13:53.535+0000][info][gc,start       ] GC(245) Pause Young (Mixed) (G1 Evacuation Pause)
[2024-08-28T01:13:53.535+0000][info][gc,task        ] GC(245) Using 24 workers of 68 for evacuation
[2024-08-28T01:13:53.546+0000][info][gc,phases      ] GC(245)   Pre Evacuate Collection Set: 0.2ms
[2024-08-28T01:13:53.546+0000][info][gc,phases      ] GC(245)   Merge Heap Roots: 0.5ms
[2024-08-28T01:13:53.546+0000][info][gc,phases      ] GC(245)   Evacuate Collection Set: 9.3ms
[2024-08-28T01:13:53.546+0000][info][gc,phases      ] GC(245)   Post Evacuate Collection Set: 0.5ms
[2024-08-28T01:13:53.546+0000][info][gc,phases      ] GC(245)   Other: 0.2ms
[2024-08-28T01:13:53.546+0000][info][gc,heap        ] GC(245) Eden regions: 44->0(44)
[2024-08-28T01:13:53.546+0000][info][gc,heap        ] GC(245) Survivor regions: 7->7(7)
[2024-08-28T01:13:53.546+0000][info][gc,heap        ] GC(245) Old regions: 840->824
[2024-08-28T01:13:53.546+0000][info][gc,heap        ] GC(245) Archive regions: 2->2
[2024-08-28T01:13:53.546+0000][info][gc,heap        ] GC(245) Humongous regions: 5->5
[2024-08-28T01:13:53.546+0000][info][gc,metaspace   ] GC(245) Metaspace: 100K(320K)->100K(320K) NonClass: 96K(192K)->96K(192K) Class: 4K(128K)->4K(128K)
[2024-08-28T01:13:53.546+0000][info][gc             ] GC(245) Pause Young (Mixed) (G1 Evacuation Pause) 884M->825M(1024M) 10.869ms
[2024-08-28T01:13:53.546+0000][info][gc,cpu         ] GC(245) User=0.23s Sys=0.01s Real=0.01s
[2024-08-28T01:13:53.566+0000][info][gc,start       ] GC(246) Pause Young (Mixed) (G1 Evacuation Pause)
[2024-08-28T01:13:53.566+0000][info][gc,task        ] GC(246) Using 24 workers of 68 for evacuation
[2024-08-28T01:13:53.576+0000][info][gc,phases      ] GC(246)   Pre Evacuate Collection Set: 0.2ms
[2024-08-28T01:13:53.576+0000][info][gc,phases      ] GC(246)   Merge Heap Roots: 0.6ms
[2024-08-28T01:13:53.576+0000][info][gc,phases      ] GC(246)   Evacuate Collection Set: 8.5ms
[2024-08-28T01:13:53.576+0000][info][gc,phases      ] GC(246)   Post Evacuate Collection Set: 0.4ms
[2024-08-28T01:13:53.576+0000][info][gc,phases      ] GC(246)   Other: 0.2ms
[2024-08-28T01:13:53.576+0000][info][gc,heap        ] GC(246) Eden regions: 44->0(44)
[2024-08-28T01:13:53.576+0000][info][gc,heap        ] GC(246) Survivor regions: 7->7(7)
[2024-08-28T01:13:53.576+0000][info][gc,heap        ] GC(246) Old regions: 824->809
[2024-08-28T01:13:53.576+0000][info][gc,heap        ] GC(246) Archive regions: 2->2
[2024-08-28T01:13:53.576+0000][info][gc,heap        ] GC(246) Humongous regions: 5->5
[2024-08-28T01:13:53.576+0000][info][gc,metaspace   ] GC(246) Metaspace: 100K(320K)->100K(320K) NonClass: 96K(192K)->96K(192K) Class: 4K(128K)->4K(128K)
[2024-08-28T01:13:53.576+0000][info][gc             ] GC(246) Pause Young (Mixed) (G1 Evacuation Pause) 869M->811M(1024M) 9.976ms
[2024-08-28T01:13:53.576+0000][info][gc,cpu         ] GC(246) User=0.21s Sys=0.00s Real=0.01s
[2024-08-28T01:13:53.596+0000][info][gc,start       ] GC(247) Pause Young (Mixed) (G1 Evacuation Pause)
[2024-08-28T01:13:53.596+0000][info][gc,task        ] GC(247) Using 24 workers of 68 for evacuation
[2024-08-28T01:13:53.606+0000][info][gc,phases      ] GC(247)   Pre Evacuate Collection Set: 0.2ms
[2024-08-28T01:13:53.606+0000][info][gc,phases      ] GC(247)   Merge Heap Roots: 0.5ms
[2024-08-28T01:13:53.606+0000][info][gc,phases      ] GC(247)   Evacuate Collection Set: 8.7ms
[2024-08-28T01:13:53.606+0000][info][gc,phases      ] GC(247)   Post Evacuate Collection Set: 0.3ms
[2024-08-28T01:13:53.606+0000][info][gc,phases      ] GC(247)   Other: 0.2ms
[2024-08-28T01:13:53.606+0000][info][gc,heap        ] GC(247) Eden regions: 44->0(44)
[2024-08-28T01:13:53.606+0000][info][gc,heap        ] GC(247) Survivor regions: 7->7(7)
[2024-08-28T01:13:53.606+0000][info][gc,heap        ] GC(247) Old regions: 809->844
[2024-08-28T01:13:53.606+0000][info][gc,heap        ] GC(247) Archive regions: 2->2
[2024-08-28T01:13:53.606+0000][info][gc,heap        ] GC(247) Humongous regions: 5->5
[2024-08-28T01:13:53.606+0000][info][gc,metaspace   ] GC(247) Metaspace: 100K(320K)->100K(320K) NonClass: 96K(192K)->96K(192K) Class: 4K(128K)->4K(128K)
[2024-08-28T01:13:53.606+0000][info][gc             ] GC(247) Pause Young (Mixed) (G1 Evacuation Pause) 855M->847M(1024M) 10.046ms
[2024-08-28T01:13:53.606+0000][info][gc,cpu         ] GC(247) User=0.22s Sys=0.00s Real=0.01s
[2024-08-28T01:13:53.627+0000][info][gc,start       ] GC(248) Pause Young (Concurrent Start) (G1 Evacuation Pause)
[2024-08-28T01:13:53.627+0000][info][gc,task        ] GC(248) Using 24 workers of 68 for evacuation
[2024-08-28T01:13:53.637+0000][info][gc,phases      ] GC(248)   Pre Evacuate Collection Set: 0.2ms
[2024-08-28T01:13:53.637+0000][info][gc,phases      ] GC(248)   Merge Heap Roots: 0.6ms
[2024-08-28T01:13:53.637+0000][info][gc,phases      ] GC(248)   Evacuate Collection Set: 8.3ms
[2024-08-28T01:13:53.637+0000][info][gc,phases      ] GC(248)   Post Evacuate Collection Set: 0.4ms
[2024-08-28T01:13:53.637+0000][info][gc,phases      ] GC(248)   Other: 0.6ms
[2024-08-28T01:13:53.637+0000][info][gc,heap        ] GC(248) Eden regions: 44->0(44)
[2024-08-28T01:13:53.637+0000][info][gc,heap        ] GC(248) Survivor regions: 7->7(7)
[2024-08-28T01:13:53.637+0000][info][gc,heap        ] GC(248) Old regions: 844->890
[2024-08-28T01:13:53.637+0000][info][gc,heap        ] GC(248) Archive regions: 2->2
[2024-08-28T01:13:53.637+0000][info][gc,heap        ] GC(248) Humongous regions: 5->5
[2024-08-28T01:13:53.637+0000][info][gc,metaspace   ] GC(248) Metaspace: 100K(320K)->100K(320K) NonClass: 96K(192K)->96K(192K) Class: 4K(128K)->4K(128K)
[2024-08-28T01:13:53.637+0000][info][gc             ] GC(248) Pause Young (Concurrent Start) (G1 Evacuation Pause) 891M->893M(1024M) 10.148ms
[2024-08-28T01:13:53.637+0000][info][gc,cpu         ] GC(248) User=0.21s Sys=0.00s Real=0.01s
[2024-08-28T01:13:53.637+0000][info][gc             ] GC(249) Concurrent Mark Cycle
[2024-08-28T01:13:53.637+0000][info][gc,marking     ] GC(249) Concurrent Clear Claimed Marks
[2024-08-28T01:13:53.637+0000][info][gc,marking     ] GC(249) Concurrent Clear Claimed Marks 0.035ms
[2024-08-28T01:13:53.637+0000][info][gc,marking     ] GC(249) Concurrent Scan Root Regions
[2024-08-28T01:13:53.639+0000][info][gc,marking     ] GC(249) Concurrent Scan Root Regions 1.554ms
[2024-08-28T01:13:53.639+0000][info][gc,marking     ] GC(249) Concurrent Mark
[2024-08-28T01:13:53.639+0000][info][gc,marking     ] GC(249) Concurrent Mark From Roots
[2024-08-28T01:13:53.639+0000][info][gc,task        ] GC(249) Using 17 workers of 17 for marking
[2024-08-28T01:13:53.662+0000][info][gc,marking     ] GC(249) Concurrent Mark From Roots 23.155ms
[2024-08-28T01:13:53.662+0000][info][gc,marking     ] GC(249) Concurrent Preclean
[2024-08-28T01:13:53.663+0000][info][gc,marking     ] GC(249) Concurrent Preclean 0.926ms
[2024-08-28T01:13:53.663+0000][info][gc,start       ] GC(249) Pause Remark
[2024-08-28T01:13:53.665+0000][info][gc             ] GC(249) Pause Remark 934M->934M(1024M) 1.516ms
[2024-08-28T01:13:53.665+0000][info][gc,cpu         ] GC(249) User=0.01s Sys=0.00s Real=0.00s
[2024-08-28T01:13:53.665+0000][info][gc,marking     ] GC(249) Concurrent Mark 26.168ms
[2024-08-28T01:13:53.665+0000][info][gc,marking     ] GC(249) Concurrent Rebuild Remembered Sets
[2024-08-28T01:13:53.668+0000][info][gc,start       ] GC(250) Pause Young (Normal) (G1 Evacuation Pause)
[2024-08-28T01:13:53.668+0000][info][gc,task        ] GC(250) Using 24 workers of 68 for evacuation
[2024-08-28T01:13:53.679+0000][info][gc,phases      ] GC(250)   Pre Evacuate Collection Set: 0.2ms
[2024-08-28T01:13:53.679+0000][info][gc,phases      ] GC(250)   Merge Heap Roots: 0.6ms
[2024-08-28T01:13:53.679+0000][info][gc,phases      ] GC(250)   Evacuate Collection Set: 8.9ms
[2024-08-28T01:13:53.679+0000][info][gc,phases      ] GC(250)   Post Evacuate Collection Set: 0.5ms
[2024-08-28T01:13:53.679+0000][info][gc,phases      ] GC(250)   Other: 0.2ms
[2024-08-28T01:13:53.679+0000][info][gc,heap        ] GC(250) Eden regions: 44->0(44)
[2024-08-28T01:13:53.679+0000][info][gc,heap        ] GC(250) Survivor regions: 7->7(7)
[2024-08-28T01:13:53.679+0000][info][gc,heap        ] GC(250) Old regions: 890->937
[2024-08-28T01:13:53.679+0000][info][gc,heap        ] GC(250) Archive regions: 2->2
[2024-08-28T01:13:53.679+0000][info][gc,heap        ] GC(250) Humongous regions: 5->5
[2024-08-28T01:13:53.679+0000][info][gc,metaspace   ] GC(250) Metaspace: 100K(320K)->100K(320K) NonClass: 96K(192K)->96K(192K) Class: 4K(128K)->4K(128K)
[2024-08-28T01:13:53.679+0000][info][gc             ] GC(250) Pause Young (Normal) (G1 Evacuation Pause) 937M->940M(1024M) 10.520ms
[2024-08-28T01:13:53.679+0000][info][gc,cpu         ] GC(250) User=0.23s Sys=0.00s Real=0.02s
[2024-08-28T01:13:53.695+0000][info][gc,start       ] GC(251) Pause Young (Normal) (G1 Preventive Collection)
[2024-08-28T01:13:53.695+0000][info][gc,task        ] GC(251) Using 24 workers of 68 for evacuation
[2024-08-28T01:13:53.708+0000][info][gc,phases      ] GC(251)   Pre Evacuate Collection Set: 0.2ms
[2024-08-28T01:13:53.708+0000][info][gc,phases      ] GC(251)   Merge Heap Roots: 0.7ms
[2024-08-28T01:13:53.708+0000][info][gc,phases      ] GC(251)   Evacuate Collection Set: 11.0ms
[2024-08-28T01:13:53.708+0000][info][gc,phases      ] GC(251)   Post Evacuate Collection Set: 0.5ms
[2024-08-28T01:13:53.708+0000][info][gc,phases      ] GC(251)   Other: 0.3ms
[2024-08-28T01:13:53.708+0000][info][gc,heap        ] GC(251) Eden regions: 31->0(44)
[2024-08-28T01:13:53.708+0000][info][gc,heap        ] GC(251) Survivor regions: 7->7(7)
[2024-08-28T01:13:53.708+0000][info][gc,heap        ] GC(251) Old regions: 937->971
[2024-08-28T01:13:53.708+0000][info][gc,heap        ] GC(251) Archive regions: 2->2
[2024-08-28T01:13:53.708+0000][info][gc,heap        ] GC(251) Humongous regions: 5->5
[2024-08-28T01:13:53.708+0000][info][gc,metaspace   ] GC(251) Metaspace: 100K(320K)->100K(320K) NonClass: 96K(192K)->96K(192K) Class: 4K(128K)->4K(128K)
[2024-08-28T01:13:53.708+0000][info][gc             ] GC(251) Pause Young (Normal) (G1 Preventive Collection) 971M->974M(1024M) 12.677ms
[2024-08-28T01:13:53.708+0000][info][gc,cpu         ] GC(251) User=0.28s Sys=0.00s Real=0.01s
[2024-08-28T01:13:53.716+0000][info][gc,start       ] GC(252) Pause Young (Normal) (G1 Preventive Collection)
[2024-08-28T01:13:53.716+0000][info][gc,task        ] GC(252) Using 24 workers of 68 for evacuation
[2024-08-28T01:13:53.727+0000][info][gc             ] GC(252) To-space exhausted
[2024-08-28T01:13:53.727+0000][info][gc,phases      ] GC(252)   Pre Evacuate Collection Set: 0.2ms
[2024-08-28T01:13:53.727+0000][info][gc,phases      ] GC(252)   Merge Heap Roots: 0.8ms
[2024-08-28T01:13:53.727+0000][info][gc,phases      ] GC(252)   Evacuate Collection Set: 9.2ms
[2024-08-28T01:13:53.727+0000][info][gc,phases      ] GC(252)   Post Evacuate Collection Set: 0.9ms
[2024-08-28T01:13:53.727+0000][info][gc,phases      ] GC(252)   Other: 0.3ms
[2024-08-28T01:13:53.727+0000][info][gc,heap        ] GC(252) Eden regions: 15->0(44)
[2024-08-28T01:13:53.727+0000][info][gc,heap        ] GC(252) Survivor regions: 7->7(7)
[2024-08-28T01:13:53.727+0000][info][gc,heap        ] GC(252) Old regions: 971->1004
[2024-08-28T01:13:53.727+0000][info][gc,heap        ] GC(252) Archive regions: 2->2
[2024-08-28T01:13:53.727+0000][info][gc,heap        ] GC(252) Humongous regions: 5->5
[2024-08-28T01:13:53.727+0000][info][gc,metaspace   ] GC(252) Metaspace: 100K(320K)->100K(320K) NonClass: 96K(192K)->96K(192K) Class: 4K(128K)->4K(128K)
[2024-08-28T01:13:53.727+0000][info][gc             ] GC(252) Pause Young (Normal) (G1 Preventive Collection) 989M->1007M(1024M) 11.475ms
[2024-08-28T01:13:53.727+0000][info][gc,cpu         ] GC(252) User=0.26s Sys=0.00s Real=0.01s
[2024-08-28T01:13:53.728+0000][info][gc,start       ] GC(253) Pause Young (Normal) (G1 Preventive Collection)
[2024-08-28T01:13:53.728+0000][info][gc,task        ] GC(253) Using 24 workers of 68 for evacuation
[2024-08-28T01:13:53.735+0000][info][gc             ] GC(253) To-space exhausted
[2024-08-28T01:13:53.735+0000][info][gc,phases      ] GC(253)   Pre Evacuate Collection Set: 0.2ms
[2024-08-28T01:13:53.735+0000][info][gc,phases      ] GC(253)   Merge Heap Roots: 0.5ms
[2024-08-28T01:13:53.735+0000][info][gc,phases      ] GC(253)   Evacuate Collection Set: 5.3ms
[2024-08-28T01:13:53.735+0000][info][gc,phases      ] GC(253)   Post Evacuate Collection Set: 0.9ms
[2024-08-28T01:13:53.736+0000][info][gc,phases      ] GC(253)   Other: 0.2ms
[2024-08-28T01:13:53.736+0000][info][gc,heap        ] GC(253) Eden regions: 1->0(51)
[2024-08-28T01:13:53.736+0000][info][gc,heap        ] GC(253) Survivor regions: 7->0(5)
[2024-08-28T01:13:53.736+0000][info][gc,heap        ] GC(253) Old regions: 1004->1017
[2024-08-28T01:13:53.736+0000][info][gc,heap        ] GC(253) Archive regions: 2->2
[2024-08-28T01:13:53.736+0000][info][gc,heap        ] GC(253) Humongous regions: 5->5
[2024-08-28T01:13:53.736+0000][info][gc,metaspace   ] GC(253) Metaspace: 100K(320K)->100K(320K) NonClass: 96K(192K)->96K(192K) Class: 4K(128K)->4K(128K)
[2024-08-28T01:13:53.736+0000][info][gc             ] GC(253) Pause Young (Normal) (G1 Preventive Collection) 1008M->1013M(1024M) 7.121ms
[2024-08-28T01:13:53.736+0000][info][gc,cpu         ] GC(253) User=0.15s Sys=0.00s Real=0.01s
[2024-08-28T01:13:53.736+0000][info][gc,ergo        ] Attempting full compaction
[2024-08-28T01:13:53.736+0000][info][gc,task        ] GC(254) Using 24 workers of 68 for full compaction
[2024-08-28T01:13:53.736+0000][info][gc,start       ] GC(254) Pause Full (G1 Compaction Pause)
[2024-08-28T01:13:53.736+0000][info][gc,phases,start] GC(254) Phase 1: Mark live objects
[2024-08-28T01:13:53.749+0000][info][gc,phases      ] GC(254) Phase 1: Mark live objects 12.817ms
[2024-08-28T01:13:53.749+0000][info][gc,phases,start] GC(254) Phase 2: Prepare for compaction
[2024-08-28T01:13:53.758+0000][info][gc,phases      ] GC(254) Phase 2: Prepare for compaction 8.610ms
[2024-08-28T01:13:53.758+0000][info][gc,phases,start] GC(254) Phase 3: Adjust pointers
[2024-08-28T01:13:53.770+0000][info][gc,phases      ] GC(254) Phase 3: Adjust pointers 12.388ms
[2024-08-28T01:13:53.770+0000][info][gc,phases,start] GC(254) Phase 4: Compact heap
[2024-08-28T01:13:53.798+0000][info][gc,phases      ] GC(254) Phase 4: Compact heap 27.524ms
[2024-08-28T01:13:53.799+0000][info][gc,heap        ] GC(254) Eden regions: 0->0(149)
[2024-08-28T01:13:53.799+0000][info][gc,heap        ] GC(254) Survivor regions: 0->0(5)
[2024-08-28T01:13:53.799+0000][info][gc,heap        ] GC(254) Old regions: 1017->447
[2024-08-28T01:13:53.799+0000][info][gc,heap        ] GC(254) Archive regions: 2->2
[2024-08-28T01:13:53.799+0000][info][gc,heap        ] GC(254) Humongous regions: 5->5
[2024-08-28T01:13:53.799+0000][info][gc,metaspace   ] GC(254) Metaspace: 100K(320K)->100K(320K) NonClass: 96K(192K)->96K(192K) Class: 4K(128K)->4K(128K)
[2024-08-28T01:13:53.799+0000][info][gc             ] GC(254) Pause Full (G1 Compaction Pause) 1013M->437M(1024M) 63.519ms
[2024-08-28T01:13:53.799+0000][info][gc,cpu         ] GC(254) User=1.35s Sys=0.00s Real=0.07s
[2024-08-28T01:13:53.800+0000][info][gc,marking     ] GC(249) Concurrent Rebuild Remembered Sets 134.649ms
[2024-08-28T01:13:53.800+0000][info][gc,marking     ] GC(249) Concurrent Mark Abort
[2024-08-28T01:13:53.800+0000][info][gc             ] GC(249) Concurrent Mark Cycle 162.601ms
[2024-08-28T01:13:53.870+0000][info][gc,start       ] GC(255) Pause Young (Normal) (G1 Evacuation Pause)
[2024-08-28T01:13:53.870+0000][info][gc,task        ] GC(255) Using 24 workers of 68 for evacuation
[2024-08-28T01:13:53.889+0000][info][gc,phases      ] GC(255)   Pre Evacuate Collection Set: 0.2ms
[2024-08-28T01:13:53.889+0000][info][gc,phases      ] GC(255)   Merge Heap Roots: 0.6ms
[2024-08-28T01:13:53.889+0000][info][gc,phases      ] GC(255)   Evacuate Collection Set: 18.1ms
[2024-08-28T01:13:53.889+0000][info][gc,phases      ] GC(255)   Post Evacuate Collection Set: 0.4ms
[2024-08-28T01:13:53.889+0000][info][gc,phases      ] GC(255)   Other: 0.3ms
[2024-08-28T01:13:53.889+0000][info][gc,heap        ] GC(255) Eden regions: 149->0(102)
[2024-08-28T01:13:53.889+0000][info][gc,heap        ] GC(255) Survivor regions: 0->19(19)
[2024-08-28T01:13:53.889+0000][info][gc,heap        ] GC(255) Old regions: 447->573
[2024-08-28T01:13:53.889+0000][info][gc,heap        ] GC(255) Archive regions: 2->2
[2024-08-28T01:13:53.889+0000][info][gc,heap        ] GC(255) Humongous regions: 5->5
[2024-08-28T01:13:53.889+0000][info][gc,metaspace   ] GC(255) Metaspace: 100K(320K)->100K(320K) NonClass: 96K(192K)->96K(192K) Class: 4K(128K)->4K(128K)
[2024-08-28T01:13:53.889+0000][info][gc             ] GC(255) Pause Young (Normal) (G1 Evacuation Pause) 586M->581M(1024M) 19.585ms
[2024-08-28T01:13:53.890+0000][info][gc,cpu         ] GC(255) User=0.44s Sys=0.00s Real=0.02s
[2024-08-28T01:13:53.936+0000][info][gc,start       ] GC(256) Pause Young (Concurrent Start) (G1 Evacuation Pause)
[2024-08-28T01:13:53.936+0000][info][gc,task        ] GC(256) Using 24 workers of 68 for evacuation
[2024-08-28T01:13:53.953+0000][info][gc,phases      ] GC(256)   Pre Evacuate Collection Set: 0.2ms
[2024-08-28T01:13:53.954+0000][info][gc,phases      ] GC(256)   Merge Heap Roots: 0.4ms
[2024-08-28T01:13:53.954+0000][info][gc,phases      ] GC(256)   Evacuate Collection Set: 15.9ms
[2024-08-28T01:13:53.954+0000][info][gc,phases      ] GC(256)   Post Evacuate Collection Set: 0.3ms
[2024-08-28T01:13:53.954+0000][info][gc,phases      ] GC(256)   Other: 0.6ms
[2024-08-28T01:13:53.954+0000][info][gc,heap        ] GC(256) Eden regions: 102->0(69)
[2024-08-28T01:13:53.954+0000][info][gc,heap        ] GC(256) Survivor regions: 19->16(16)
[2024-08-28T01:13:53.954+0000][info][gc,heap        ] GC(256) Old regions: 573->679
[2024-08-28T01:13:53.954+0000][info][gc,heap        ] GC(256) Archive regions: 2->2
[2024-08-28T01:13:53.954+0000][info][gc,heap        ] GC(256) Humongous regions: 5->5
[2024-08-28T01:13:53.954+0000][info][gc,metaspace   ] GC(256) Metaspace: 100K(320K)->100K(320K) NonClass: 96K(192K)->96K(192K) Class: 4K(128K)->4K(128K)
[2024-08-28T01:13:53.954+0000][info][gc             ] GC(256) Pause Young (Concurrent Start) (G1 Evacuation Pause) 683M->685M(1024M) 17.545ms
[2024-08-28T01:13:53.954+0000][info][gc,cpu         ] GC(256) User=0.39s Sys=0.00s Real=0.02s
[2024-08-28T01:13:53.954+0000][info][gc             ] GC(257) Concurrent Mark Cycle
[2024-08-28T01:13:53.954+0000][info][gc,marking     ] GC(257) Concurrent Clear Claimed Marks
[2024-08-28T01:13:53.954+0000][info][gc,marking     ] GC(257) Concurrent Clear Claimed Marks 0.010ms
[2024-08-28T01:13:53.954+0000][info][gc,marking     ] GC(257) Concurrent Scan Root Regions
[2024-08-28T01:13:53.957+0000][info][gc,marking     ] GC(257) Concurrent Scan Root Regions 3.185ms
[2024-08-28T01:13:53.957+0000][info][gc,marking     ] GC(257) Concurrent Mark
[2024-08-28T01:13:53.957+0000][info][gc,marking     ] GC(257) Concurrent Mark From Roots
[2024-08-28T01:13:53.957+0000][info][gc,task        ] GC(257) Using 17 workers of 17 for marking
[2024-08-28T01:13:53.977+0000][info][gc,marking     ] GC(257) Concurrent Mark From Roots 20.389ms
[2024-08-28T01:13:53.977+0000][info][gc,marking     ] GC(257) Concurrent Preclean
[2024-08-28T01:13:53.978+0000][info][gc,marking     ] GC(257) Concurrent Preclean 0.704ms
[2024-08-28T01:13:53.979+0000][info][gc,start       ] GC(257) Pause Remark
[2024-08-28T01:13:53.980+0000][info][gc             ] GC(257) Pause Remark 725M->725M(1024M) 1.143ms
[2024-08-28T01:13:53.980+0000][info][gc,cpu         ] GC(257) User=0.00s Sys=0.00s Real=0.00s
[2024-08-28T01:13:53.980+0000][info][gc,marking     ] GC(257) Concurrent Mark 22.696ms
[2024-08-28T01:13:53.980+0000][info][gc,marking     ] GC(257) Concurrent Rebuild Remembered Sets
[2024-08-28T01:13:53.994+0000][info][gc,start       ] GC(258) Pause Young (Normal) (G1 Evacuation Pause)
[2024-08-28T01:13:53.994+0000][info][gc,task        ] GC(258) Using 24 workers of 68 for evacuation
[2024-08-28T01:13:54.008+0000][info][gc,phases      ] GC(258)   Pre Evacuate Collection Set: 0.1ms
[2024-08-28T01:13:54.008+0000][info][gc,phases      ] GC(258)   Merge Heap Roots: 0.5ms
[2024-08-28T01:13:54.008+0000][info][gc,phases      ] GC(258)   Evacuate Collection Set: 12.7ms
[2024-08-28T01:13:54.008+0000][info][gc,phases      ] GC(258)   Post Evacuate Collection Set: 0.6ms
[2024-08-28T01:13:54.008+0000][info][gc,phases      ] GC(258)   Other: 0.2ms
[2024-08-28T01:13:54.008+0000][info][gc,heap        ] GC(258) Eden regions: 69->0(45)
[2024-08-28T01:13:54.008+0000][info][gc,heap        ] GC(258) Survivor regions: 16->11(11)
[2024-08-28T01:13:54.008+0000][info][gc,heap        ] GC(258) Old regions: 679->757
[2024-08-28T01:13:54.008+0000][info][gc,heap        ] GC(258) Archive regions: 2->2
[2024-08-28T01:13:54.008+0000][info][gc,heap        ] GC(258) Humongous regions: 5->5
[2024-08-28T01:13:54.008+0000][info][gc,metaspace   ] GC(258) Metaspace: 100K(320K)->100K(320K) NonClass: 96K(192K)->96K(192K) Class: 4K(128K)->4K(128K)
[2024-08-28T01:13:54.008+0000][info][gc             ] GC(258) Pause Young (Normal) (G1 Evacuation Pause) 754M->757M(1024M) 14.233ms
[2024-08-28T01:13:54.008+0000][info][gc,cpu         ] GC(258) User=0.32s Sys=0.01s Real=0.01s
[2024-08-28T01:13:54.030+0000][info][gc,start       ] GC(259) Pause Young (Normal) (G1 Evacuation Pause)
[2024-08-28T01:13:54.030+0000][info][gc,task        ] GC(259) Using 24 workers of 68 for evacuation
[2024-08-28T01:13:54.048+0000][info][gc,phases      ] GC(259)   Pre Evacuate Collection Set: 0.2ms
[2024-08-28T01:13:54.048+0000][info][gc,phases      ] GC(259)   Merge Heap Roots: 0.4ms
[2024-08-28T01:13:54.048+0000][info][gc,phases      ] GC(259)   Evacuate Collection Set: 16.9ms
[2024-08-28T01:13:54.048+0000][info][gc,phases      ] GC(259)   Post Evacuate Collection Set: 0.7ms
[2024-08-28T01:13:54.048+0000][info][gc,phases      ] GC(259)   Other: 0.2ms
[2024-08-28T01:13:54.048+0000][info][gc,heap        ] GC(259) Eden regions: 45->0(44)
[2024-08-28T01:13:54.048+0000][info][gc,heap        ] GC(259) Survivor regions: 11->7(7)
[2024-08-28T01:13:54.048+0000][info][gc,heap        ] GC(259) Old regions: 757->810
[2024-08-28T01:13:54.048+0000][info][gc,heap        ] GC(259) Archive regions: 2->2
[2024-08-28T01:13:54.048+0000][info][gc,heap        ] GC(259) Humongous regions: 5->5
[2024-08-28T01:13:54.048+0000][info][gc,metaspace   ] GC(259) Metaspace: 100K(320K)->100K(320K) NonClass: 96K(192K)->96K(192K) Class: 4K(128K)->4K(128K)
[2024-08-28T01:13:54.048+0000][info][gc             ] GC(259) Pause Young (Normal) (G1 Evacuation Pause) 802M->806M(1024M) 18.412ms
[2024-08-28T01:13:54.048+0000][info][gc,cpu         ] GC(259) User=0.42s Sys=0.00s Real=0.01s
[2024-08-28T01:13:54.060+0000][info][gc,marking     ] GC(257) Concurrent Rebuild Remembered Sets 80.738ms
[2024-08-28T01:13:54.061+0000][info][gc,start       ] GC(257) Pause Cleanup
[2024-08-28T01:13:54.062+0000][info][gc             ] GC(257) Pause Cleanup 832M->832M(1024M) 1.212ms
[2024-08-28T01:13:54.062+0000][info][gc,cpu         ] GC(257) User=0.01s Sys=0.00s Real=0.00s
[2024-08-28T01:13:54.062+0000][info][gc,marking     ] GC(257) Concurrent Cleanup for Next Mark
[2024-08-28T01:13:54.063+0000][info][gc,marking     ] GC(257) Concurrent Cleanup for Next Mark 0.545ms
[2024-08-28T01:13:54.063+0000][info][gc             ] GC(257) Concurrent Mark Cycle 108.866ms
[2024-08-28T01:13:54.072+0000][info][gc,start       ] GC(260) Pause Young (Prepare Mixed) (G1 Evacuation Pause)
[2024-08-28T01:13:54.072+0000][info][gc,task        ] GC(260) Using 24 workers of 68 for evacuation
[2024-08-28T01:13:54.089+0000][info][gc,phases      ] GC(260)   Pre Evacuate Collection Set: 0.2ms
[2024-08-28T01:13:54.089+0000][info][gc,phases      ] GC(260)   Merge Heap Roots: 0.9ms
[2024-08-28T01:13:54.089+0000][info][gc,phases      ] GC(260)   Evacuate Collection Set: 15.3ms
[2024-08-28T01:13:54.089+0000][info][gc,phases      ] GC(260)   Post Evacuate Collection Set: 0.3ms
[2024-08-28T01:13:54.089+0000][info][gc,phases      ] GC(260)   Other: 0.2ms
[2024-08-28T01:13:54.089+0000][info][gc,heap        ] GC(260) Eden regions: 44->0(44)
[2024-08-28T01:13:54.089+0000][info][gc,heap        ] GC(260) Survivor regions: 7->7(7)
[2024-08-28T01:13:54.089+0000][info][gc,heap        ] GC(260) Old regions: 810->858
[2024-08-28T01:13:54.089+0000][info][gc,heap        ] GC(260) Archive regions: 2->2
[2024-08-28T01:13:54.089+0000][info][gc,heap        ] GC(260) Humongous regions: 5->5
[2024-08-28T01:13:54.089+0000][info][gc,metaspace   ] GC(260) Metaspace: 100K(320K)->100K(320K) NonClass: 96K(192K)->96K(192K) Class: 4K(128K)->4K(128K)
[2024-08-28T01:13:54.089+0000][info][gc             ] GC(260) Pause Young (Prepare Mixed) (G1 Evacuation Pause) 850M->855M(1024M) 16.954ms
[2024-08-28T01:13:54.089+0000][info][gc,cpu         ] GC(260) User=0.38s Sys=0.00s Real=0.01s
[2024-08-28T01:13:54.110+0000][info][gc,start       ] GC(261) Pause Young (Mixed) (G1 Evacuation Pause)
[2024-08-28T01:13:54.110+0000][info][gc,task        ] GC(261) Using 24 workers of 68 for evacuation
[2024-08-28T01:13:54.123+0000][info][gc,phases      ] GC(261)   Pre Evacuate Collection Set: 0.2ms
[2024-08-28T01:13:54.123+0000][info][gc,phases      ] GC(261)   Merge Heap Roots: 0.6ms
[2024-08-28T01:13:54.123+0000][info][gc,phases      ] GC(261)   Evacuate Collection Set: 11.8ms
[2024-08-28T01:13:54.123+0000][info][gc,phases      ] GC(261)   Post Evacuate Collection Set: 0.3ms
[2024-08-28T01:13:54.123+0000][info][gc,phases      ] GC(261)   Other: 0.2ms
[2024-08-28T01:13:54.123+0000][info][gc,heap        ] GC(261) Eden regions: 44->0(44)
[2024-08-28T01:13:54.123+0000][info][gc,heap        ] GC(261) Survivor regions: 7->7(7)
[2024-08-28T01:13:54.123+0000][info][gc,heap        ] GC(261) Old regions: 858->843
[2024-08-28T01:13:54.123+0000][info][gc,heap        ] GC(261) Archive regions: 2->2
[2024-08-28T01:13:54.123+0000][info][gc,heap        ] GC(261) Humongous regions: 5->5
[2024-08-28T01:13:54.123+0000][info][gc,metaspace   ] GC(261) Metaspace: 100K(320K)->100K(320K) NonClass: 96K(192K)->96K(192K) Class: 4K(128K)->4K(128K)
[2024-08-28T01:13:54.123+0000][info][gc             ] GC(261) Pause Young (Mixed) (G1 Evacuation Pause) 899M->840M(1024M) 13.200ms
[2024-08-28T01:13:54.123+0000][info][gc,cpu         ] GC(261) User=0.29s Sys=0.00s Real=0.01s
[2024-08-28T01:13:54.144+0000][info][gc,start       ] GC(262) Pause Young (Mixed) (G1 Evacuation Pause)
[2024-08-28T01:13:54.144+0000][info][gc,task        ] GC(262) Using 24 workers of 68 for evacuation
[2024-08-28T01:13:54.154+0000][info][gc,phases      ] GC(262)   Pre Evacuate Collection Set: 0.2ms
[2024-08-28T01:13:54.154+0000][info][gc,phases      ] GC(262)   Merge Heap Roots: 0.5ms
[2024-08-28T01:13:54.154+0000][info][gc,phases      ] GC(262)   Evacuate Collection Set: 9.5ms
[2024-08-28T01:13:54.154+0000][info][gc,phases      ] GC(262)   Post Evacuate Collection Set: 0.4ms
[2024-08-28T01:13:54.154+0000][info][gc,phases      ] GC(262)   Other: 0.2ms
[2024-08-28T01:13:54.154+0000][info][gc,heap        ] GC(262) Eden regions: 44->0(44)
[2024-08-28T01:13:54.154+0000][info][gc,heap        ] GC(262) Survivor regions: 7->7(7)
[2024-08-28T01:13:54.154+0000][info][gc,heap        ] GC(262) Old regions: 843->828
[2024-08-28T01:13:54.154+0000][info][gc,heap        ] GC(262) Archive regions: 2->2
[2024-08-28T01:13:54.154+0000][info][gc,heap        ] GC(262) Humongous regions: 5->5
[2024-08-28T01:13:54.154+0000][info][gc,metaspace   ] GC(262) Metaspace: 100K(320K)->100K(320K) NonClass: 96K(192K)->96K(192K) Class: 4K(128K)->4K(128K)
[2024-08-28T01:13:54.155+0000][info][gc             ] GC(262) Pause Young (Mixed) (G1 Evacuation Pause) 884M->825M(1024M) 10.925ms
[2024-08-28T01:13:54.155+0000][info][gc,cpu         ] GC(262) User=0.24s Sys=0.00s Real=0.01s
[2024-08-28T01:13:54.175+0000][info][gc,start       ] GC(263) Pause Young (Mixed) (G1 Evacuation Pause)
[2024-08-28T01:13:54.175+0000][info][gc,task        ] GC(263) Using 24 workers of 68 for evacuation
[2024-08-28T01:13:54.189+0000][info][gc,phases      ] GC(263)   Pre Evacuate Collection Set: 0.2ms
[2024-08-28T01:13:54.189+0000][info][gc,phases      ] GC(263)   Merge Heap Roots: 0.6ms
[2024-08-28T01:13:54.189+0000][info][gc,phases      ] GC(263)   Evacuate Collection Set: 12.9ms
[2024-08-28T01:13:54.189+0000][info][gc,phases      ] GC(263)   Post Evacuate Collection Set: 0.4ms
[2024-08-28T01:13:54.189+0000][info][gc,phases      ] GC(263)   Other: 0.4ms
[2024-08-28T01:13:54.189+0000][info][gc,heap        ] GC(263) Eden regions: 44->0(44)
[2024-08-28T01:13:54.189+0000][info][gc,heap        ] GC(263) Survivor regions: 7->7(7)
[2024-08-28T01:13:54.189+0000][info][gc,heap        ] GC(263) Old regions: 828->813
[2024-08-28T01:13:54.190+0000][info][gc,heap        ] GC(263) Archive regions: 2->2
[2024-08-28T01:13:54.190+0000][info][gc,heap        ] GC(263) Humongous regions: 5->5
[2024-08-28T01:13:54.190+0000][info][gc,metaspace   ] GC(263) Metaspace: 100K(320K)->100K(320K) NonClass: 96K(192K)->96K(192K) Class: 4K(128K)->4K(128K)
[2024-08-28T01:13:54.190+0000][info][gc             ] GC(263) Pause Young (Mixed) (G1 Evacuation Pause) 869M->814M(1024M) 14.621ms
[2024-08-28T01:13:54.190+0000][info][gc,cpu         ] GC(263) User=0.24s Sys=0.01s Real=0.02s
[2024-08-28T01:13:54.222+0000][info][gc,start       ] GC(264) Pause Young (Mixed) (G1 Evacuation Pause)
[2024-08-28T01:13:54.222+0000][info][gc,task        ] GC(264) Using 24 workers of 68 for evacuation
[2024-08-28T01:13:54.233+0000][info][gc,phases      ] GC(264)   Pre Evacuate Collection Set: 0.2ms
[2024-08-28T01:13:54.233+0000][info][gc,phases      ] GC(264)   Merge Heap Roots: 0.5ms
[2024-08-28T01:13:54.233+0000][info][gc,phases      ] GC(264)   Evacuate Collection Set: 9.4ms
[2024-08-28T01:13:54.233+0000][info][gc,phases      ] GC(264)   Post Evacuate Collection Set: 0.4ms
[2024-08-28T01:13:54.233+0000][info][gc,phases      ] GC(264)   Other: 0.3ms
[2024-08-28T01:13:54.233+0000][info][gc,heap        ] GC(264) Eden regions: 44->0(44)
[2024-08-28T01:13:54.233+0000][info][gc,heap        ] GC(264) Survivor regions: 7->7(7)
[2024-08-28T01:13:54.233+0000][info][gc,heap        ] GC(264) Old regions: 813->846
[2024-08-28T01:13:54.233+0000][info][gc,heap        ] GC(264) Archive regions: 2->2
[2024-08-28T01:13:54.233+0000][info][gc,heap        ] GC(264) Humongous regions: 5->5
[2024-08-28T01:13:54.233+0000][info][gc,metaspace   ] GC(264) Metaspace: 100K(320K)->100K(320K) NonClass: 96K(192K)->96K(192K) Class: 4K(128K)->4K(128K)
[2024-08-28T01:13:54.233+0000][info][gc             ] GC(264) Pause Young (Mixed) (G1 Evacuation Pause) 858M->850M(1024M) 10.805ms
[2024-08-28T01:13:54.233+0000][info][gc,cpu         ] GC(264) User=0.22s Sys=0.00s Real=0.01s
[2024-08-28T01:13:54.259+0000][info][gc,start       ] GC(265) Pause Young (Concurrent Start) (G1 Evacuation Pause)
[2024-08-28T01:13:54.259+0000][info][gc,task        ] GC(265) Using 24 workers of 68 for evacuation
[2024-08-28T01:13:54.270+0000][info][gc,phases      ] GC(265)   Pre Evacuate Collection Set: 0.2ms
[2024-08-28T01:13:54.270+0000][info][gc,phases      ] GC(265)   Merge Heap Roots: 0.7ms
[2024-08-28T01:13:54.270+0000][info][gc,phases      ] GC(265)   Evacuate Collection Set: 9.2ms
[2024-08-28T01:13:54.270+0000][info][gc,phases      ] GC(265)   Post Evacuate Collection Set: 0.4ms
[2024-08-28T01:13:54.270+0000][info][gc,phases      ] GC(265)   Other: 0.8ms
[2024-08-28T01:13:54.270+0000][info][gc,heap        ] GC(265) Eden regions: 44->0(44)
[2024-08-28T01:13:54.270+0000][info][gc,heap        ] GC(265) Survivor regions: 7->7(7)
[2024-08-28T01:13:54.270+0000][info][gc,heap        ] GC(265) Old regions: 846->893
[2024-08-28T01:13:54.270+0000][info][gc,heap        ] GC(265) Archive regions: 2->2
[2024-08-28T01:13:54.270+0000][info][gc,heap        ] GC(265) Humongous regions: 5->5
[2024-08-28T01:13:54.270+0000][info][gc,metaspace   ] GC(265) Metaspace: 100K(320K)->100K(320K) NonClass: 96K(192K)->96K(192K) Class: 4K(128K)->4K(128K)
[2024-08-28T01:13:54.270+0000][info][gc             ] GC(265) Pause Young (Concurrent Start) (G1 Evacuation Pause) 894M->897M(1024M) 11.309ms
[2024-08-28T01:13:54.270+0000][info][gc,cpu         ] GC(265) User=0.21s Sys=0.03s Real=0.01s
[2024-08-28T01:13:54.270+0000][info][gc             ] GC(266) Concurrent Mark Cycle
[2024-08-28T01:13:54.270+0000][info][gc,marking     ] GC(266) Concurrent Clear Claimed Marks
[2024-08-28T01:13:54.270+0000][info][gc,marking     ] GC(266) Concurrent Clear Claimed Marks 0.011ms
[2024-08-28T01:13:54.270+0000][info][gc,marking     ] GC(266) Concurrent Scan Root Regions
[2024-08-28T01:13:54.272+0000][info][gc,marking     ] GC(266) Concurrent Scan Root Regions 1.432ms
[2024-08-28T01:13:54.272+0000][info][gc,marking     ] GC(266) Concurrent Mark
[2024-08-28T01:13:54.272+0000][info][gc,marking     ] GC(266) Concurrent Mark From Roots
[2024-08-28T01:13:54.272+0000][info][gc,task        ] GC(266) Using 17 workers of 17 for marking
[2024-08-28T01:13:54.296+0000][info][gc,marking     ] GC(266) Concurrent Mark From Roots 24.014ms
[2024-08-28T01:13:54.296+0000][info][gc,marking     ] GC(266) Concurrent Preclean
[2024-08-28T01:13:54.297+0000][info][gc,marking     ] GC(266) Concurrent Preclean 0.766ms
[2024-08-28T01:13:54.297+0000][info][gc,start       ] GC(266) Pause Remark
[2024-08-28T01:13:54.299+0000][info][gc             ] GC(266) Pause Remark 939M->939M(1024M) 1.856ms
[2024-08-28T01:13:54.299+0000][info][gc,cpu         ] GC(266) User=0.01s Sys=0.00s Real=0.01s
[2024-08-28T01:13:54.299+0000][info][gc,marking     ] GC(266) Concurrent Mark 27.183ms
[2024-08-28T01:13:54.299+0000][info][gc,marking     ] GC(266) Concurrent Rebuild Remembered Sets
[2024-08-28T01:13:54.302+0000][info][gc,start       ] GC(267) Pause Young (Normal) (G1 Evacuation Pause)
[2024-08-28T01:13:54.302+0000][info][gc,task        ] GC(267) Using 24 workers of 68 for evacuation
[2024-08-28T01:13:54.313+0000][info][gc,phases      ] GC(267)   Pre Evacuate Collection Set: 0.2ms
[2024-08-28T01:13:54.313+0000][info][gc,phases      ] GC(267)   Merge Heap Roots: 0.3ms
[2024-08-28T01:13:54.313+0000][info][gc,phases      ] GC(267)   Evacuate Collection Set: 9.5ms
[2024-08-28T01:13:54.313+0000][info][gc,phases      ] GC(267)   Post Evacuate Collection Set: 0.5ms
[2024-08-28T01:13:54.313+0000][info][gc,phases      ] GC(267)   Other: 0.3ms
[2024-08-28T01:13:54.313+0000][info][gc,heap        ] GC(267) Eden regions: 44->0(44)
[2024-08-28T01:13:54.313+0000][info][gc,heap        ] GC(267) Survivor regions: 7->7(7)
[2024-08-28T01:13:54.313+0000][info][gc,heap        ] GC(267) Old regions: 893->940
[2024-08-28T01:13:54.313+0000][info][gc,heap        ] GC(267) Archive regions: 2->2
[2024-08-28T01:13:54.313+0000][info][gc,heap        ] GC(267) Humongous regions: 5->5
[2024-08-28T01:13:54.313+0000][info][gc,metaspace   ] GC(267) Metaspace: 100K(320K)->100K(320K) NonClass: 96K(192K)->96K(192K) Class: 4K(128K)->4K(128K)
[2024-08-28T01:13:54.313+0000][info][gc             ] GC(267) Pause Young (Normal) (G1 Evacuation Pause) 941M->944M(1024M) 10.970ms
[2024-08-28T01:13:54.313+0000][info][gc,cpu         ] GC(267) User=0.24s Sys=0.00s Real=0.01s
[2024-08-28T01:13:54.328+0000][info][gc,start       ] GC(268) Pause Young (Normal) (G1 Preventive Collection)
[2024-08-28T01:13:54.329+0000][info][gc,task        ] GC(268) Using 24 workers of 68 for evacuation
[2024-08-28T01:13:54.342+0000][info][gc,phases      ] GC(268)   Pre Evacuate Collection Set: 0.2ms
[2024-08-28T01:13:54.342+0000][info][gc,phases      ] GC(268)   Merge Heap Roots: 0.7ms
[2024-08-28T01:13:54.342+0000][info][gc,phases      ] GC(268)   Evacuate Collection Set: 11.8ms
[2024-08-28T01:13:54.342+0000][info][gc,phases      ] GC(268)   Post Evacuate Collection Set: 0.6ms
[2024-08-28T01:13:54.342+0000][info][gc,phases      ] GC(268)   Other: 0.3ms
[2024-08-28T01:13:54.342+0000][info][gc,heap        ] GC(268) Eden regions: 30->0(44)
[2024-08-28T01:13:54.342+0000][info][gc,heap        ] GC(268) Survivor regions: 7->7(7)
[2024-08-28T01:13:54.342+0000][info][gc,heap        ] GC(268) Old regions: 940->973
[2024-08-28T01:13:54.342+0000][info][gc,heap        ] GC(268) Archive regions: 2->2
[2024-08-28T01:13:54.342+0000][info][gc,heap        ] GC(268) Humongous regions: 5->5
[2024-08-28T01:13:54.342+0000][info][gc,metaspace   ] GC(268) Metaspace: 100K(320K)->100K(320K) NonClass: 96K(192K)->96K(192K) Class: 4K(128K)->4K(128K)
[2024-08-28T01:13:54.342+0000][info][gc             ] GC(268) Pause Young (Normal) (G1 Preventive Collection) 974M->977M(1024M) 13.770ms
[2024-08-28T01:13:54.342+0000][info][gc,cpu         ] GC(268) User=0.30s Sys=0.00s Real=0.02s
[2024-08-28T01:13:54.351+0000][info][gc,start       ] GC(269) Pause Young (Normal) (G1 Preventive Collection)
[2024-08-28T01:13:54.351+0000][info][gc,task        ] GC(269) Using 24 workers of 68 for evacuation
[2024-08-28T01:13:54.361+0000][info][gc             ] GC(269) To-space exhausted
[2024-08-28T01:13:54.361+0000][info][gc,phases      ] GC(269)   Pre Evacuate Collection Set: 0.2ms
[2024-08-28T01:13:54.361+0000][info][gc,phases      ] GC(269)   Merge Heap Roots: 0.5ms
[2024-08-28T01:13:54.361+0000][info][gc,phases      ] GC(269)   Evacuate Collection Set: 8.8ms
[2024-08-28T01:13:54.361+0000][info][gc,phases      ] GC(269)   Post Evacuate Collection Set: 0.9ms
[2024-08-28T01:13:54.361+0000][info][gc,phases      ] GC(269)   Other: 0.4ms
[2024-08-28T01:13:54.361+0000][info][gc,heap        ] GC(269) Eden regions: 14->0(44)
[2024-08-28T01:13:54.361+0000][info][gc,heap        ] GC(269) Survivor regions: 7->7(7)
[2024-08-28T01:13:54.361+0000][info][gc,heap        ] GC(269) Old regions: 973->1004
[2024-08-28T01:13:54.361+0000][info][gc,heap        ] GC(269) Archive regions: 2->2
[2024-08-28T01:13:54.361+0000][info][gc,heap        ] GC(269) Humongous regions: 5->5
[2024-08-28T01:13:54.361+0000][info][gc,metaspace   ] GC(269) Metaspace: 100K(320K)->100K(320K) NonClass: 96K(192K)->96K(192K) Class: 4K(128K)->4K(128K)
[2024-08-28T01:13:54.362+0000][info][gc             ] GC(269) Pause Young (Normal) (G1 Preventive Collection) 991M->1009M(1024M) 10.908ms
[2024-08-28T01:13:54.362+0000][info][gc,cpu         ] GC(269) User=0.23s Sys=0.01s Real=0.01s
[2024-08-28T01:13:54.363+0000][info][gc,start       ] GC(270) Pause Young (Normal) (G1 Preventive Collection)
[2024-08-28T01:13:54.363+0000][info][gc,task        ] GC(270) Using 24 workers of 68 for evacuation
[2024-08-28T01:13:54.370+0000][info][gc             ] GC(270) To-space exhausted
[2024-08-28T01:13:54.370+0000][info][gc,phases      ] GC(270)   Pre Evacuate Collection Set: 0.1ms
[2024-08-28T01:13:54.370+0000][info][gc,phases      ] GC(270)   Merge Heap Roots: 0.9ms
[2024-08-28T01:13:54.370+0000][info][gc,phases      ] GC(270)   Evacuate Collection Set: 5.4ms
[2024-08-28T01:13:54.370+0000][info][gc,phases      ] GC(270)   Post Evacuate Collection Set: 0.9ms
[2024-08-28T01:13:54.370+0000][info][gc,phases      ] GC(270)   Other: 0.2ms
[2024-08-28T01:13:54.370+0000][info][gc,heap        ] GC(270) Eden regions: 1->0(50)
[2024-08-28T01:13:54.370+0000][info][gc,heap        ] GC(270) Survivor regions: 7->1(5)
[2024-08-28T01:13:54.370+0000][info][gc,heap        ] GC(270) Old regions: 1004->1016
[2024-08-28T01:13:54.370+0000][info][gc,heap        ] GC(270) Archive regions: 2->2
[2024-08-28T01:13:54.370+0000][info][gc,heap        ] GC(270) Humongous regions: 5->5
[2024-08-28T01:13:54.370+0000][info][gc,metaspace   ] GC(270) Metaspace: 100K(320K)->100K(320K) NonClass: 96K(192K)->96K(192K) Class: 4K(128K)->4K(128K)
[2024-08-28T01:13:54.370+0000][info][gc             ] GC(270) Pause Young (Normal) (G1 Preventive Collection) 1010M->1015M(1024M) 7.632ms
[2024-08-28T01:13:54.370+0000][info][gc,cpu         ] GC(270) User=0.15s Sys=0.00s Real=0.01s
[2024-08-28T01:13:54.370+0000][info][gc,ergo        ] Attempting full compaction
[2024-08-28T01:13:54.370+0000][info][gc,task        ] GC(271) Using 24 workers of 68 for full compaction
[2024-08-28T01:13:54.371+0000][info][gc,start       ] GC(271) Pause Full (G1 Compaction Pause)
[2024-08-28T01:13:54.371+0000][info][gc,phases,start] GC(271) Phase 1: Mark live objects
[2024-08-28T01:13:54.385+0000][info][gc,phases      ] GC(271) Phase 1: Mark live objects 13.354ms
[2024-08-28T01:13:54.385+0000][info][gc,phases,start] GC(271) Phase 2: Prepare for compaction
[2024-08-28T01:13:54.394+0000][info][gc,phases      ] GC(271) Phase 2: Prepare for compaction 8.756ms
[2024-08-28T01:13:54.394+0000][info][gc,phases,start] GC(271) Phase 3: Adjust pointers
[2024-08-28T01:13:54.406+0000][info][gc,phases      ] GC(271) Phase 3: Adjust pointers 12.723ms
[2024-08-28T01:13:54.406+0000][info][gc,phases,start] GC(271) Phase 4: Compact heap
[2024-08-28T01:13:54.434+0000][info][gc,phases      ] GC(271) Phase 4: Compact heap 27.281ms
[2024-08-28T01:13:54.435+0000][info][gc,heap        ] GC(271) Eden regions: 0->0(150)
[2024-08-28T01:13:54.435+0000][info][gc,heap        ] GC(271) Survivor regions: 1->0(5)
[2024-08-28T01:13:54.435+0000][info][gc,heap        ] GC(271) Old regions: 1016->443
[2024-08-28T01:13:54.435+0000][info][gc,heap        ] GC(271) Archive regions: 2->2
[2024-08-28T01:13:54.435+0000][info][gc,heap        ] GC(271) Humongous regions: 5->5
[2024-08-28T01:13:54.435+0000][info][gc,metaspace   ] GC(271) Metaspace: 100K(320K)->100K(320K) NonClass: 96K(192K)->96K(192K) Class: 4K(128K)->4K(128K)
[2024-08-28T01:13:54.435+0000][info][gc             ] GC(271) Pause Full (G1 Compaction Pause) 1015M->437M(1024M) 64.813ms
[2024-08-28T01:13:54.436+0000][info][gc,cpu         ] GC(271) User=1.33s Sys=0.04s Real=0.06s
[2024-08-28T01:13:54.436+0000][info][gc,marking     ] GC(266) Concurrent Rebuild Remembered Sets 136.885ms
[2024-08-28T01:13:54.436+0000][info][gc,marking     ] GC(266) Concurrent Mark Abort
[2024-08-28T01:13:54.436+0000][info][gc             ] GC(266) Concurrent Mark Cycle 165.734ms
[2024-08-28T01:13:54.514+0000][info][gc,start       ] GC(272) Pause Young (Normal) (G1 Evacuation Pause)
[2024-08-28T01:13:54.514+0000][info][gc,task        ] GC(272) Using 24 workers of 68 for evacuation
[2024-08-28T01:13:54.534+0000][info][gc,phases      ] GC(272)   Pre Evacuate Collection Set: 0.2ms
[2024-08-28T01:13:54.535+0000][info][gc,phases      ] GC(272)   Merge Heap Roots: 0.6ms
[2024-08-28T01:13:54.535+0000][info][gc,phases      ] GC(272)   Evacuate Collection Set: 19.3ms
[2024-08-28T01:13:54.535+0000][info][gc,phases      ] GC(272)   Post Evacuate Collection Set: 0.4ms
[2024-08-28T01:13:54.535+0000][info][gc,phases      ] GC(272)   Other: 0.4ms
[2024-08-28T01:13:54.535+0000][info][gc,heap        ] GC(272) Eden regions: 150->0(103)
[2024-08-28T01:13:54.535+0000][info][gc,heap        ] GC(272) Survivor regions: 0->19(19)
[2024-08-28T01:13:54.535+0000][info][gc,heap        ] GC(272) Old regions: 443->570
[2024-08-28T01:13:54.535+0000][info][gc,heap        ] GC(272) Archive regions: 2->2
[2024-08-28T01:13:54.535+0000][info][gc,heap        ] GC(272) Humongous regions: 5->5
[2024-08-28T01:13:54.535+0000][info][gc,metaspace   ] GC(272) Metaspace: 100K(320K)->100K(320K) NonClass: 96K(192K)->96K(192K) Class: 4K(128K)->4K(128K)
[2024-08-28T01:13:54.535+0000][info][gc             ] GC(272) Pause Young (Normal) (G1 Evacuation Pause) 587M->582M(1024M) 20.963ms
[2024-08-28T01:13:54.535+0000][info][gc,cpu         ] GC(272) User=0.41s Sys=0.06s Real=0.02s
[2024-08-28T01:13:54.583+0000][info][gc,start       ] GC(273) Pause Young (Concurrent Start) (G1 Evacuation Pause)
[2024-08-28T01:13:54.583+0000][info][gc,task        ] GC(273) Using 24 workers of 68 for evacuation
[2024-08-28T01:13:54.602+0000][info][gc,phases      ] GC(273)   Pre Evacuate Collection Set: 0.2ms
[2024-08-28T01:13:54.602+0000][info][gc,phases      ] GC(273)   Merge Heap Roots: 0.6ms
[2024-08-28T01:13:54.602+0000][info][gc,phases      ] GC(273)   Evacuate Collection Set: 17.0ms
[2024-08-28T01:13:54.602+0000][info][gc,phases      ] GC(273)   Post Evacuate Collection Set: 0.4ms
[2024-08-28T01:13:54.602+0000][info][gc,phases      ] GC(273)   Other: 1.1ms
[2024-08-28T01:13:54.602+0000][info][gc,heap        ] GC(273) Eden regions: 103->0(70)
[2024-08-28T01:13:54.602+0000][info][gc,heap        ] GC(273) Survivor regions: 19->16(16)
[2024-08-28T01:13:54.602+0000][info][gc,heap        ] GC(273) Old regions: 570->677
[2024-08-28T01:13:54.602+0000][info][gc,heap        ] GC(273) Archive regions: 2->2
[2024-08-28T01:13:54.602+0000][info][gc,heap        ] GC(273) Humongous regions: 5->5
[2024-08-28T01:13:54.602+0000][info][gc,metaspace   ] GC(273) Metaspace: 100K(320K)->100K(320K) NonClass: 96K(192K)->96K(192K) Class: 4K(128K)->4K(128K)
[2024-08-28T01:13:54.602+0000][info][gc             ] GC(273) Pause Young (Concurrent Start) (G1 Evacuation Pause) 685M->686M(1024M) 19.432ms
[2024-08-28T01:13:54.602+0000][info][gc,cpu         ] GC(273) User=0.32s Sys=0.10s Real=0.02s
[2024-08-28T01:13:54.602+0000][info][gc             ] GC(274) Concurrent Mark Cycle
[2024-08-28T01:13:54.602+0000][info][gc,marking     ] GC(274) Concurrent Clear Claimed Marks
[2024-08-28T01:13:54.602+0000][info][gc,marking     ] GC(274) Concurrent Clear Claimed Marks 0.011ms
[2024-08-28T01:13:54.602+0000][info][gc,marking     ] GC(274) Concurrent Scan Root Regions
[2024-08-28T01:13:54.606+0000][info][gc,marking     ] GC(274) Concurrent Scan Root Regions 3.285ms
[2024-08-28T01:13:54.606+0000][info][gc,marking     ] GC(274) Concurrent Mark
[2024-08-28T01:13:54.606+0000][info][gc,marking     ] GC(274) Concurrent Mark From Roots
[2024-08-28T01:13:54.606+0000][info][gc,task        ] GC(274) Using 17 workers of 17 for marking
[2024-08-28T01:13:54.626+0000][info][gc,marking     ] GC(274) Concurrent Mark From Roots 20.227ms
[2024-08-28T01:13:54.626+0000][info][gc,marking     ] GC(274) Concurrent Preclean
[2024-08-28T01:13:54.626+0000][info][gc,marking     ] GC(274) Concurrent Preclean 0.506ms
[2024-08-28T01:13:54.627+0000][info][gc,start       ] GC(274) Pause Remark
[2024-08-28T01:13:54.628+0000][info][gc             ] GC(274) Pause Remark 725M->725M(1024M) 1.611ms
[2024-08-28T01:13:54.628+0000][info][gc,cpu         ] GC(274) User=0.01s Sys=0.00s Real=0.00s
[2024-08-28T01:13:54.628+0000][info][gc,marking     ] GC(274) Concurrent Mark 22.865ms
[2024-08-28T01:13:54.628+0000][info][gc,marking     ] GC(274) Concurrent Rebuild Remembered Sets
[2024-08-28T01:13:54.644+0000][info][gc,marking     ] GC(274) Concurrent Rebuild Remembered Sets 15.784ms
[2024-08-28T01:13:54.645+0000][info][gc,start       ] GC(274) Pause Cleanup
[2024-08-28T01:13:54.647+0000][info][gc             ] GC(274) Pause Cleanup 756M->756M(1024M) 2.452ms
[2024-08-28T01:13:54.647+0000][info][gc,cpu         ] GC(274) User=0.01s Sys=0.00s Real=0.00s
[2024-08-28T01:13:54.647+0000][info][gc,marking     ] GC(274) Concurrent Cleanup for Next Mark
[2024-08-28T01:13:54.648+0000][info][gc,marking     ] GC(274) Concurrent Cleanup for Next Mark 0.643ms
[2024-08-28T01:13:54.648+0000][info][gc,start       ] GC(275) Pause Young (Prepare Mixed) (G1 Evacuation Pause)
[2024-08-28T01:13:54.648+0000][info][gc,task        ] GC(275) Using 24 workers of 68 for evacuation
[2024-08-28T01:13:54.668+0000][info][gc,phases      ] GC(275)   Pre Evacuate Collection Set: 0.2ms
[2024-08-28T01:13:54.668+0000][info][gc,phases      ] GC(275)   Merge Heap Roots: 0.5ms
[2024-08-28T01:13:54.668+0000][info][gc,phases      ] GC(275)   Evacuate Collection Set: 18.8ms
[2024-08-28T01:13:54.668+0000][info][gc,phases      ] GC(275)   Post Evacuate Collection Set: 0.4ms
[2024-08-28T01:13:54.668+0000][info][gc,phases      ] GC(275)   Other: 0.2ms
[2024-08-28T01:13:54.668+0000][info][gc,heap        ] GC(275) Eden regions: 70->0(40)
[2024-08-28T01:13:54.668+0000][info][gc,heap        ] GC(275) Survivor regions: 16->11(11)
[2024-08-28T01:13:54.668+0000][info][gc,heap        ] GC(275) Old regions: 677->755
[2024-08-28T01:13:54.668+0000][info][gc,heap        ] GC(275) Archive regions: 2->2
[2024-08-28T01:13:54.668+0000][info][gc,heap        ] GC(275) Humongous regions: 5->5
[2024-08-28T01:13:54.668+0000][info][gc,metaspace   ] GC(275) Metaspace: 100K(320K)->100K(320K) NonClass: 96K(192K)->96K(192K) Class: 4K(128K)->4K(128K)
[2024-08-28T01:13:54.668+0000][info][gc             ] GC(275) Pause Young (Prepare Mixed) (G1 Evacuation Pause) 756M->759M(1024M) 20.312ms
[2024-08-28T01:13:54.668+0000][info][gc,cpu         ] GC(275) User=0.29s Sys=0.05s Real=0.02s
[2024-08-28T01:13:54.668+0000][info][gc             ] GC(274) Concurrent Mark Cycle 66.286ms
[2024-08-28T01:13:54.726+0000][info][gc,start       ] GC(276) Pause Young (Mixed) (G1 Evacuation Pause)
[2024-08-28T01:13:54.726+0000][info][gc,task        ] GC(276) Using 24 workers of 68 for evacuation
[2024-08-28T01:13:54.740+0000][info][gc,phases      ] GC(276)   Pre Evacuate Collection Set: 0.2ms
[2024-08-28T01:13:54.740+0000][info][gc,phases      ] GC(276)   Merge Heap Roots: 0.5ms
[2024-08-28T01:13:54.740+0000][info][gc,phases      ] GC(276)   Evacuate Collection Set: 12.8ms
[2024-08-28T01:13:54.740+0000][info][gc,phases      ] GC(276)   Post Evacuate Collection Set: 0.4ms
[2024-08-28T01:13:54.740+0000][info][gc,phases      ] GC(276)   Other: 0.3ms
[2024-08-28T01:13:54.740+0000][info][gc,heap        ] GC(276) Eden regions: 40->0(44)
[2024-08-28T01:13:54.740+0000][info][gc,heap        ] GC(276) Survivor regions: 11->7(7)
[2024-08-28T01:13:54.740+0000][info][gc,heap        ] GC(276) Old regions: 755->741
[2024-08-28T01:13:54.740+0000][info][gc,heap        ] GC(276) Archive regions: 2->2
[2024-08-28T01:13:54.740+0000][info][gc,heap        ] GC(276) Humongous regions: 5->5
[2024-08-28T01:13:54.740+0000][info][gc,metaspace   ] GC(276) Metaspace: 100K(320K)->100K(320K) NonClass: 96K(192K)->96K(192K) Class: 4K(128K)->4K(128K)
[2024-08-28T01:13:54.740+0000][info][gc             ] GC(276) Pause Young (Mixed) (G1 Evacuation Pause) 799M->741M(1024M) 14.480ms
[2024-08-28T01:13:54.740+0000][info][gc,cpu         ] GC(276) User=0.29s Sys=0.04s Real=0.02s
[2024-08-28T01:13:54.769+0000][info][gc,start       ] GC(277) Pause Young (Mixed) (G1 Evacuation Pause)
[2024-08-28T01:13:54.769+0000][info][gc,task        ] GC(277) Using 24 workers of 68 for evacuation
[2024-08-28T01:13:54.781+0000][info][gc,phases      ] GC(277)   Pre Evacuate Collection Set: 0.3ms
[2024-08-28T01:13:54.781+0000][info][gc,phases      ] GC(277)   Merge Heap Roots: 0.6ms
[2024-08-28T01:13:54.781+0000][info][gc,phases      ] GC(277)   Evacuate Collection Set: 10.6ms
[2024-08-28T01:13:54.781+0000][info][gc,phases      ] GC(277)   Post Evacuate Collection Set: 0.4ms
[2024-08-28T01:13:54.782+0000][info][gc,phases      ] GC(277)   Other: 0.4ms
[2024-08-28T01:13:54.782+0000][info][gc,heap        ] GC(277) Eden regions: 44->0(44)
[2024-08-28T01:13:54.782+0000][info][gc,heap        ] GC(277) Survivor regions: 7->7(7)
[2024-08-28T01:13:54.782+0000][info][gc,heap        ] GC(277) Old regions: 741->727
[2024-08-28T01:13:54.782+0000][info][gc,heap        ] GC(277) Archive regions: 2->2
[2024-08-28T01:13:54.782+0000][info][gc,heap        ] GC(277) Humongous regions: 5->5
[2024-08-28T01:13:54.782+0000][info][gc,metaspace   ] GC(277) Metaspace: 100K(320K)->100K(320K) NonClass: 96K(192K)->96K(192K) Class: 4K(128K)->4K(128K)
[2024-08-28T01:13:54.782+0000][info][gc             ] GC(277) Pause Young (Mixed) (G1 Evacuation Pause) 785M->728M(1024M) 12.398ms
[2024-08-28T01:13:54.782+0000][info][gc,cpu         ] GC(277) User=0.26s Sys=0.01s Real=0.02s
[2024-08-28T01:13:54.808+0000][info][gc,start       ] GC(278) Pause Young (Mixed) (G1 Evacuation Pause)
[2024-08-28T01:13:54.809+0000][info][gc,task        ] GC(278) Using 24 workers of 68 for evacuation
[2024-08-28T01:13:54.820+0000][info][gc,phases      ] GC(278)   Pre Evacuate Collection Set: 0.2ms
[2024-08-28T01:13:54.820+0000][info][gc,phases      ] GC(278)   Merge Heap Roots: 0.6ms
[2024-08-28T01:13:54.820+0000][info][gc,phases      ] GC(278)   Evacuate Collection Set: 9.7ms
[2024-08-28T01:13:54.820+0000][info][gc,phases      ] GC(278)   Post Evacuate Collection Set: 0.4ms
[2024-08-28T01:13:54.820+0000][info][gc,phases      ] GC(278)   Other: 0.3ms
[2024-08-28T01:13:54.820+0000][info][gc,heap        ] GC(278) Eden regions: 44->0(44)
[2024-08-28T01:13:54.820+0000][info][gc,heap        ] GC(278) Survivor regions: 7->7(7)
[2024-08-28T01:13:54.820+0000][info][gc,heap        ] GC(278) Old regions: 727->712
[2024-08-28T01:13:54.820+0000][info][gc,heap        ] GC(278) Archive regions: 2->2
[2024-08-28T01:13:54.820+0000][info][gc,heap        ] GC(278) Humongous regions: 5->5
[2024-08-28T01:13:54.820+0000][info][gc,metaspace   ] GC(278) Metaspace: 100K(320K)->100K(320K) NonClass: 96K(192K)->96K(192K) Class: 4K(128K)->4K(128K)
[2024-08-28T01:13:54.820+0000][info][gc             ] GC(278) Pause Young (Mixed) (G1 Evacuation Pause) 772M->715M(1024M) 11.389ms
[2024-08-28T01:13:54.820+0000][info][gc,cpu         ] GC(278) User=0.24s Sys=0.01s Real=0.02s
[2024-08-28T01:13:54.842+0000][info][gc,start       ] GC(279) Pause Young (Mixed) (G1 Evacuation Pause)
[2024-08-28T01:13:54.842+0000][info][gc,task        ] GC(279) Using 24 workers of 68 for evacuation
[2024-08-28T01:13:54.852+0000][info][gc,phases      ] GC(279)   Pre Evacuate Collection Set: 0.2ms
[2024-08-28T01:13:54.852+0000][info][gc,phases      ] GC(279)   Merge Heap Roots: 0.5ms
[2024-08-28T01:13:54.852+0000][info][gc,phases      ] GC(279)   Evacuate Collection Set: 9.3ms
[2024-08-28T01:13:54.852+0000][info][gc,phases      ] GC(279)   Post Evacuate Collection Set: 0.4ms
[2024-08-28T01:13:54.852+0000][info][gc,phases      ] GC(279)   Other: 0.2ms
[2024-08-28T01:13:54.852+0000][info][gc,heap        ] GC(279) Eden regions: 44->0(49)
[2024-08-28T01:13:54.852+0000][info][gc,heap        ] GC(279) Survivor regions: 7->7(7)
[2024-08-28T01:13:54.852+0000][info][gc,heap        ] GC(279) Old regions: 712->749
[2024-08-28T01:13:54.852+0000][info][gc,heap        ] GC(279) Archive regions: 2->2
[2024-08-28T01:13:54.852+0000][info][gc,heap        ] GC(279) Humongous regions: 5->5
[2024-08-28T01:13:54.852+0000][info][gc,metaspace   ] GC(279) Metaspace: 100K(320K)->100K(320K) NonClass: 96K(192K)->96K(192K) Class: 4K(128K)->4K(128K)
[2024-08-28T01:13:54.852+0000][info][gc             ] GC(279) Pause Young (Mixed) (G1 Evacuation Pause) 759M->755M(1024M) 10.595ms
[2024-08-28T01:13:54.852+0000][info][gc,cpu         ] GC(279) User=0.23s Sys=0.00s Real=0.01s
[2024-08-28T01:13:54.876+0000][info][gc,start       ] GC(280) Pause Young (Concurrent Start) (G1 Evacuation Pause)
[2024-08-28T01:13:54.876+0000][info][gc,task        ] GC(280) Using 24 workers of 68 for evacuation
[2024-08-28T01:13:54.889+0000][info][gc,phases      ] GC(280)   Pre Evacuate Collection Set: 0.2ms
[2024-08-28T01:13:54.889+0000][info][gc,phases      ] GC(280)   Merge Heap Roots: 0.6ms
[2024-08-28T01:13:54.889+0000][info][gc,phases      ] GC(280)   Evacuate Collection Set: 11.4ms
[2024-08-28T01:13:54.889+0000][info][gc,phases      ] GC(280)   Post Evacuate Collection Set: 0.8ms
[2024-08-28T01:13:54.889+0000][info][gc,phases      ] GC(280)   Other: 0.9ms
[2024-08-28T01:13:54.889+0000][info][gc,heap        ] GC(280) Eden regions: 49->0(44)
[2024-08-28T01:13:54.889+0000][info][gc,heap        ] GC(280) Survivor regions: 7->7(7)
[2024-08-28T01:13:54.889+0000][info][gc,heap        ] GC(280) Old regions: 749->800
[2024-08-28T01:13:54.889+0000][info][gc,heap        ] GC(280) Archive regions: 2->2
[2024-08-28T01:13:54.889+0000][info][gc,heap        ] GC(280) Humongous regions: 5->5
[2024-08-28T01:13:54.889+0000][info][gc,metaspace   ] GC(280) Metaspace: 100K(320K)->100K(320K) NonClass: 96K(192K)->96K(192K) Class: 4K(128K)->4K(128K)
[2024-08-28T01:13:54.890+0000][info][gc             ] GC(280) Pause Young (Concurrent Start) (G1 Evacuation Pause) 804M->806M(1024M) 13.992ms
[2024-08-28T01:13:54.890+0000][info][gc,cpu         ] GC(280) User=0.23s Sys=0.03s Real=0.02s
[2024-08-28T01:13:54.890+0000][info][gc             ] GC(281) Concurrent Mark Cycle
[2024-08-28T01:13:54.890+0000][info][gc,marking     ] GC(281) Concurrent Clear Claimed Marks
[2024-08-28T01:13:54.890+0000][info][gc,marking     ] GC(281) Concurrent Clear Claimed Marks 0.011ms
[2024-08-28T01:13:54.890+0000][info][gc,marking     ] GC(281) Concurrent Scan Root Regions
[2024-08-28T01:13:54.891+0000][info][gc,marking     ] GC(281) Concurrent Scan Root Regions 1.588ms
[2024-08-28T01:13:54.891+0000][info][gc,marking     ] GC(281) Concurrent Mark
[2024-08-28T01:13:54.891+0000][info][gc,marking     ] GC(281) Concurrent Mark From Roots
[2024-08-28T01:13:54.891+0000][info][gc,task        ] GC(281) Using 17 workers of 17 for marking
[2024-08-28T01:13:54.915+0000][info][gc,marking     ] GC(281) Concurrent Mark From Roots 23.358ms
[2024-08-28T01:13:54.915+0000][info][gc,marking     ] GC(281) Concurrent Preclean
[2024-08-28T01:13:54.916+0000][info][gc,marking     ] GC(281) Concurrent Preclean 0.688ms
[2024-08-28T01:13:54.916+0000][info][gc,start       ] GC(281) Pause Remark
[2024-08-28T01:13:54.918+0000][info][gc             ] GC(281) Pause Remark 845M->845M(1024M) 2.029ms
[2024-08-28T01:13:54.918+0000][info][gc,cpu         ] GC(281) User=0.00s Sys=0.00s Real=0.01s
[2024-08-28T01:13:54.918+0000][info][gc,marking     ] GC(281) Concurrent Mark 26.491ms
[2024-08-28T01:13:54.918+0000][info][gc,marking     ] GC(281) Concurrent Rebuild Remembered Sets
[2024-08-28T01:13:54.921+0000][info][gc,start       ] GC(282) Pause Young (Normal) (G1 Evacuation Pause)
[2024-08-28T01:13:54.921+0000][info][gc,task        ] GC(282) Using 24 workers of 68 for evacuation
[2024-08-28T01:13:54.931+0000][info][gc,phases      ] GC(282)   Pre Evacuate Collection Set: 0.2ms
[2024-08-28T01:13:54.931+0000][info][gc,phases      ] GC(282)   Merge Heap Roots: 0.6ms
[2024-08-28T01:13:54.931+0000][info][gc,phases      ] GC(282)   Evacuate Collection Set: 8.4ms
[2024-08-28T01:13:54.931+0000][info][gc,phases      ] GC(282)   Post Evacuate Collection Set: 0.5ms
[2024-08-28T01:13:54.931+0000][info][gc,phases      ] GC(282)   Other: 0.4ms
[2024-08-28T01:13:54.931+0000][info][gc,heap        ] GC(282) Eden regions: 44->0(44)
[2024-08-28T01:13:54.931+0000][info][gc,heap        ] GC(282) Survivor regions: 7->7(7)
[2024-08-28T01:13:54.931+0000][info][gc,heap        ] GC(282) Old regions: 800->847
[2024-08-28T01:13:54.931+0000][info][gc,heap        ] GC(282) Archive regions: 2->2
[2024-08-28T01:13:54.931+0000][info][gc,heap        ] GC(282) Humongous regions: 5->5
[2024-08-28T01:13:54.931+0000][info][gc,metaspace   ] GC(282) Metaspace: 100K(320K)->100K(320K) NonClass: 96K(192K)->96K(192K) Class: 4K(128K)->4K(128K)
[2024-08-28T01:13:54.931+0000][info][gc             ] GC(282) Pause Young (Normal) (G1 Evacuation Pause) 850M->853M(1024M) 10.116ms
[2024-08-28T01:13:54.931+0000][info][gc,cpu         ] GC(282) User=0.20s Sys=0.02s Real=0.01s
[2024-08-28T01:13:54.953+0000][info][gc,start       ] GC(283) Pause Young (Normal) (G1 Evacuation Pause)
[2024-08-28T01:13:54.953+0000][info][gc,task        ] GC(283) Using 24 workers of 68 for evacuation
[2024-08-28T01:13:54.967+0000][info][gc,phases      ] GC(283)   Pre Evacuate Collection Set: 0.2ms
[2024-08-28T01:13:54.967+0000][info][gc,phases      ] GC(283)   Merge Heap Roots: 0.7ms
[2024-08-28T01:13:54.967+0000][info][gc,phases      ] GC(283)   Evacuate Collection Set: 12.5ms
[2024-08-28T01:13:54.967+0000][info][gc,phases      ] GC(283)   Post Evacuate Collection Set: 0.6ms
[2024-08-28T01:13:54.967+0000][info][gc,phases      ] GC(283)   Other: 0.3ms
[2024-08-28T01:13:54.967+0000][info][gc,heap        ] GC(283) Eden regions: 44->0(44)
[2024-08-28T01:13:54.967+0000][info][gc,heap        ] GC(283) Survivor regions: 7->7(7)
[2024-08-28T01:13:54.967+0000][info][gc,heap        ] GC(283) Old regions: 847->894
[2024-08-28T01:13:54.967+0000][info][gc,heap        ] GC(283) Archive regions: 2->2
[2024-08-28T01:13:54.967+0000][info][gc,heap        ] GC(283) Humongous regions: 5->5
[2024-08-28T01:13:54.967+0000][info][gc,metaspace   ] GC(283) Metaspace: 100K(320K)->100K(320K) NonClass: 96K(192K)->96K(192K) Class: 4K(128K)->4K(128K)
[2024-08-28T01:13:54.967+0000][info][gc             ] GC(283) Pause Young (Normal) (G1 Evacuation Pause) 897M->900M(1024M) 14.487ms
[2024-08-28T01:13:54.967+0000][info][gc,cpu         ] GC(283) User=0.30s Sys=0.02s Real=0.01s
[2024-08-28T01:13:54.990+0000][info][gc,start       ] GC(284) Pause Young (Normal) (G1 Evacuation Pause)
[2024-08-28T01:13:54.990+0000][info][gc,task        ] GC(284) Using 24 workers of 68 for evacuation
[2024-08-28T01:13:55.006+0000][info][gc,phases      ] GC(284)   Pre Evacuate Collection Set: 0.2ms
[2024-08-28T01:13:55.006+0000][info][gc,phases      ] GC(284)   Merge Heap Roots: 0.8ms
[2024-08-28T01:13:55.006+0000][info][gc,phases      ] GC(284)   Evacuate Collection Set: 13.4ms
[2024-08-28T01:13:55.006+0000][info][gc,phases      ] GC(284)   Post Evacuate Collection Set: 0.8ms
[2024-08-28T01:13:55.006+0000][info][gc,phases      ] GC(284)   Other: 0.3ms
[2024-08-28T01:13:55.006+0000][info][gc,heap        ] GC(284) Eden regions: 44->0(44)
[2024-08-28T01:13:55.006+0000][info][gc,heap        ] GC(284) Survivor regions: 7->7(7)
[2024-08-28T01:13:55.006+0000][info][gc,heap        ] GC(284) Old regions: 894->941
[2024-08-28T01:13:55.006+0000][info][gc,heap        ] GC(284) Archive regions: 2->2
[2024-08-28T01:13:55.006+0000][info][gc,heap        ] GC(284) Humongous regions: 5->5
[2024-08-28T01:13:55.006+0000][info][gc,metaspace   ] GC(284) Metaspace: 100K(320K)->100K(320K) NonClass: 96K(192K)->96K(192K) Class: 4K(128K)->4K(128K)
[2024-08-28T01:13:55.006+0000][info][gc             ] GC(284) Pause Young (Normal) (G1 Evacuation Pause) 944M->947M(1024M) 15.628ms
[2024-08-28T01:13:55.006+0000][info][gc,cpu         ] GC(284) User=0.30s Sys=0.06s Real=0.01s
[2024-08-28T01:13:55.008+0000][info][gc,marking     ] GC(281) Concurrent Rebuild Remembered Sets 89.599ms
[2024-08-28T01:13:55.008+0000][info][gc,start       ] GC(281) Pause Cleanup
[2024-08-28T01:13:55.011+0000][info][gc             ] GC(281) Pause Cleanup 950M->950M(1024M) 3.253ms
[2024-08-28T01:13:55.011+0000][info][gc,cpu         ] GC(281) User=0.00s Sys=0.00s Real=0.01s
[2024-08-28T01:13:55.011+0000][info][gc,marking     ] GC(281) Concurrent Cleanup for Next Mark
[2024-08-28T01:13:55.012+0000][info][gc,marking     ] GC(281) Concurrent Cleanup for Next Mark 0.683ms
[2024-08-28T01:13:55.012+0000][info][gc             ] GC(281) Concurrent Mark Cycle 122.193ms
[2024-08-28T01:13:55.026+0000][info][gc,start       ] GC(285) Pause Young (Prepare Mixed) (G1 Preventive Collection)
[2024-08-28T01:13:55.026+0000][info][gc,task        ] GC(285) Using 24 workers of 68 for evacuation
[2024-08-28T01:13:55.041+0000][info][gc,phases      ] GC(285)   Pre Evacuate Collection Set: 0.2ms
[2024-08-28T01:13:55.041+0000][info][gc,phases      ] GC(285)   Merge Heap Roots: 1.1ms
[2024-08-28T01:13:55.041+0000][info][gc,phases      ] GC(285)   Evacuate Collection Set: 13.7ms
[2024-08-28T01:13:55.041+0000][info][gc,phases      ] GC(285)   Post Evacuate Collection Set: 0.4ms
[2024-08-28T01:13:55.041+0000][info][gc,phases      ] GC(285)   Other: 0.3ms
[2024-08-28T01:13:55.041+0000][info][gc,heap        ] GC(285) Eden regions: 29->0(44)
[2024-08-28T01:13:55.041+0000][info][gc,heap        ] GC(285) Survivor regions: 7->7(7)
[2024-08-28T01:13:55.041+0000][info][gc,heap        ] GC(285) Old regions: 941->973
[2024-08-28T01:13:55.042+0000][info][gc,heap        ] GC(285) Archive regions: 2->2
[2024-08-28T01:13:55.042+0000][info][gc,heap        ] GC(285) Humongous regions: 5->5
[2024-08-28T01:13:55.042+0000][info][gc,metaspace   ] GC(285) Metaspace: 100K(320K)->100K(320K) NonClass: 96K(192K)->96K(192K) Class: 4K(128K)->4K(128K)
[2024-08-28T01:13:55.042+0000][info][gc             ] GC(285) Pause Young (Prepare Mixed) (G1 Preventive Collection) 976M->979M(1024M) 15.805ms
[2024-08-28T01:13:55.042+0000][info][gc,cpu         ] GC(285) User=0.34s Sys=0.00s Real=0.02s
[2024-08-28T01:13:55.048+0000][info][gc,start       ] GC(286) Pause Young (Mixed) (G1 Preventive Collection)
[2024-08-28T01:13:55.048+0000][info][gc,task        ] GC(286) Using 24 workers of 68 for evacuation
[2024-08-28T01:13:55.055+0000][info][gc,phases      ] GC(286)   Pre Evacuate Collection Set: 0.2ms
[2024-08-28T01:13:55.055+0000][info][gc,phases      ] GC(286)   Merge Heap Roots: 0.6ms
[2024-08-28T01:13:55.055+0000][info][gc,phases      ] GC(286)   Evacuate Collection Set: 5.0ms
[2024-08-28T01:13:55.055+0000][info][gc,phases      ] GC(286)   Post Evacuate Collection Set: 0.4ms
[2024-08-28T01:13:55.055+0000][info][gc,phases      ] GC(286)   Other: 0.3ms
[2024-08-28T01:13:55.055+0000][info][gc,heap        ] GC(286) Eden regions: 13->0(44)
[2024-08-28T01:13:55.055+0000][info][gc,heap        ] GC(286) Survivor regions: 7->7(7)
[2024-08-28T01:13:55.055+0000][info][gc,heap        ] GC(286) Old regions: 973->926
[2024-08-28T01:13:55.055+0000][info][gc,heap        ] GC(286) Archive regions: 2->2
[2024-08-28T01:13:55.055+0000][info][gc,heap        ] GC(286) Humongous regions: 5->5
[2024-08-28T01:13:55.055+0000][info][gc,metaspace   ] GC(286) Metaspace: 100K(320K)->100K(320K) NonClass: 96K(192K)->96K(192K) Class: 4K(128K)->4K(128K)
[2024-08-28T01:13:55.055+0000][info][gc             ] GC(286) Pause Young (Mixed) (G1 Preventive Collection) 992M->935M(1024M) 6.541ms
[2024-08-28T01:13:55.055+0000][info][gc,cpu         ] GC(286) User=0.13s Sys=0.00s Real=0.01s
[2024-08-28T01:13:55.073+0000][info][gc,start       ] GC(287) Pause Young (Mixed) (G1 Preventive Collection)
[2024-08-28T01:13:55.073+0000][info][gc,task        ] GC(287) Using 24 workers of 68 for evacuation
[2024-08-28T01:13:55.083+0000][info][gc,phases      ] GC(287)   Pre Evacuate Collection Set: 0.2ms
[2024-08-28T01:13:55.083+0000][info][gc,phases      ] GC(287)   Merge Heap Roots: 0.6ms
[2024-08-28T01:13:55.083+0000][info][gc,phases      ] GC(287)   Evacuate Collection Set: 8.6ms
[2024-08-28T01:13:55.083+0000][info][gc,phases      ] GC(287)   Post Evacuate Collection Set: 0.5ms
[2024-08-28T01:13:55.083+0000][info][gc,phases      ] GC(287)   Other: 0.3ms
[2024-08-28T01:13:55.083+0000][info][gc,heap        ] GC(287) Eden regions: 36->0(44)
[2024-08-28T01:13:55.083+0000][info][gc,heap        ] GC(287) Survivor regions: 7->7(7)
[2024-08-28T01:13:55.083+0000][info][gc,heap        ] GC(287) Old regions: 926->901
[2024-08-28T01:13:55.083+0000][info][gc,heap        ] GC(287) Archive regions: 2->2
[2024-08-28T01:13:55.083+0000][info][gc,heap        ] GC(287) Humongous regions: 5->5
[2024-08-28T01:13:55.083+0000][info][gc,metaspace   ] GC(287) Metaspace: 100K(320K)->100K(320K) NonClass: 96K(192K)->96K(192K) Class: 4K(128K)->4K(128K)
[2024-08-28T01:13:55.083+0000][info][gc             ] GC(287) Pause Young (Mixed) (G1 Preventive Collection) 971M->911M(1024M) 10.311ms
[2024-08-28T01:13:55.083+0000][info][gc,cpu         ] GC(287) User=0.22s Sys=0.00s Real=0.01s
[2024-08-28T01:13:55.104+0000][info][gc,start       ] GC(288) Pause Young (Mixed) (G1 Evacuation Pause)
[2024-08-28T01:13:55.104+0000][info][gc,task        ] GC(288) Using 24 workers of 68 for evacuation
[2024-08-28T01:13:55.115+0000][info][gc,phases      ] GC(288)   Pre Evacuate Collection Set: 0.2ms
[2024-08-28T01:13:55.115+0000][info][gc,phases      ] GC(288)   Merge Heap Roots: 0.6ms
[2024-08-28T01:13:55.115+0000][info][gc,phases      ] GC(288)   Evacuate Collection Set: 9.6ms
[2024-08-28T01:13:55.115+0000][info][gc,phases      ] GC(288)   Post Evacuate Collection Set: 0.4ms
[2024-08-28T01:13:55.115+0000][info][gc,phases      ] GC(288)   Other: 0.3ms
[2024-08-28T01:13:55.115+0000][info][gc,heap        ] GC(288) Eden regions: 44->0(44)
[2024-08-28T01:13:55.115+0000][info][gc,heap        ] GC(288) Survivor regions: 7->7(7)
[2024-08-28T01:13:55.115+0000][info][gc,heap        ] GC(288) Old regions: 901->885
[2024-08-28T01:13:55.115+0000][info][gc,heap        ] GC(288) Archive regions: 2->2
[2024-08-28T01:13:55.115+0000][info][gc,heap        ] GC(288) Humongous regions: 5->5
[2024-08-28T01:13:55.115+0000][info][gc,metaspace   ] GC(288) Metaspace: 100K(320K)->100K(320K) NonClass: 96K(192K)->96K(192K) Class: 4K(128K)->4K(128K)
[2024-08-28T01:13:55.115+0000][info][gc             ] GC(288) Pause Young (Mixed) (G1 Evacuation Pause) 955M->896M(1024M) 11.393ms
[2024-08-28T01:13:55.115+0000][info][gc,cpu         ] GC(288) User=0.24s Sys=0.00s Real=0.01s
[2024-08-28T01:13:55.135+0000][info][gc,start       ] GC(289) Pause Young (Mixed) (G1 Evacuation Pause)
[2024-08-28T01:13:55.135+0000][info][gc,task        ] GC(289) Using 24 workers of 68 for evacuation
[2024-08-28T01:13:55.146+0000][info][gc,phases      ] GC(289)   Pre Evacuate Collection Set: 0.2ms
[2024-08-28T01:13:55.147+0000][info][gc,phases      ] GC(289)   Merge Heap Roots: 0.6ms
[2024-08-28T01:13:55.147+0000][info][gc,phases      ] GC(289)   Evacuate Collection Set: 9.7ms
[2024-08-28T01:13:55.147+0000][info][gc,phases      ] GC(289)   Post Evacuate Collection Set: 0.4ms
[2024-08-28T01:13:55.147+0000][info][gc,phases      ] GC(289)   Other: 0.3ms
[2024-08-28T01:13:55.147+0000][info][gc,heap        ] GC(289) Eden regions: 44->0(44)
[2024-08-28T01:13:55.147+0000][info][gc,heap        ] GC(289) Survivor regions: 7->7(7)
[2024-08-28T01:13:55.147+0000][info][gc,heap        ] GC(289) Old regions: 885->870
[2024-08-28T01:13:55.147+0000][info][gc,heap        ] GC(289) Archive regions: 2->2
[2024-08-28T01:13:55.147+0000][info][gc,heap        ] GC(289) Humongous regions: 5->5
[2024-08-28T01:13:55.147+0000][info][gc,metaspace   ] GC(289) Metaspace: 100K(320K)->100K(320K) NonClass: 96K(192K)->96K(192K) Class: 4K(128K)->4K(128K)
[2024-08-28T01:13:55.147+0000][info][gc             ] GC(289) Pause Young (Mixed) (G1 Evacuation Pause) 940M->882M(1024M) 11.385ms
[2024-08-28T01:13:55.147+0000][info][gc,cpu         ] GC(289) User=0.25s Sys=0.00s Real=0.01s
[2024-08-28T01:13:55.167+0000][info][gc,start       ] GC(290) Pause Young (Mixed) (G1 Evacuation Pause)
[2024-08-28T01:13:55.167+0000][info][gc,task        ] GC(290) Using 24 workers of 68 for evacuation
[2024-08-28T01:13:55.180+0000][info][gc,phases      ] GC(290)   Pre Evacuate Collection Set: 0.2ms
[2024-08-28T01:13:55.180+0000][info][gc,phases      ] GC(290)   Merge Heap Roots: 0.7ms
[2024-08-28T01:13:55.180+0000][info][gc,phases      ] GC(290)   Evacuate Collection Set: 11.6ms
[2024-08-28T01:13:55.180+0000][info][gc,phases      ] GC(290)   Post Evacuate Collection Set: 0.4ms
[2024-08-28T01:13:55.180+0000][info][gc,phases      ] GC(290)   Other: 0.4ms
[2024-08-28T01:13:55.180+0000][info][gc,heap        ] GC(290) Eden regions: 44->0(44)
[2024-08-28T01:13:55.180+0000][info][gc,heap        ] GC(290) Survivor regions: 7->7(7)
[2024-08-28T01:13:55.180+0000][info][gc,heap        ] GC(290) Old regions: 870->873
[2024-08-28T01:13:55.180+0000][info][gc,heap        ] GC(290) Archive regions: 2->2
[2024-08-28T01:13:55.180+0000][info][gc,heap        ] GC(290) Humongous regions: 5->5
[2024-08-28T01:13:55.180+0000][info][gc,metaspace   ] GC(290) Metaspace: 100K(320K)->100K(320K) NonClass: 96K(192K)->96K(192K) Class: 4K(128K)->4K(128K)
[2024-08-28T01:13:55.180+0000][info][gc             ] GC(290) Pause Young (Mixed) (G1 Evacuation Pause) 926M->885M(1024M) 13.420ms
[2024-08-28T01:13:55.180+0000][info][gc,cpu         ] GC(290) User=0.29s Sys=0.00s Real=0.02s
[2024-08-28T01:13:55.201+0000][info][gc,start       ] GC(291) Pause Young (Mixed) (G1 Evacuation Pause)
[2024-08-28T01:13:55.201+0000][info][gc,task        ] GC(291) Using 24 workers of 68 for evacuation
[2024-08-28T01:13:55.214+0000][info][gc,phases      ] GC(291)   Pre Evacuate Collection Set: 0.3ms
[2024-08-28T01:13:55.214+0000][info][gc,phases      ] GC(291)   Merge Heap Roots: 0.6ms
[2024-08-28T01:13:55.214+0000][info][gc,phases      ] GC(291)   Evacuate Collection Set: 11.3ms
[2024-08-28T01:13:55.214+0000][info][gc,phases      ] GC(291)   Post Evacuate Collection Set: 0.4ms
[2024-08-28T01:13:55.214+0000][info][gc,phases      ] GC(291)   Other: 0.3ms
[2024-08-28T01:13:55.214+0000][info][gc,heap        ] GC(291) Eden regions: 44->0(44)
[2024-08-28T01:13:55.214+0000][info][gc,heap        ] GC(291) Survivor regions: 7->7(7)
[2024-08-28T01:13:55.214+0000][info][gc,heap        ] GC(291) Old regions: 873->899
[2024-08-28T01:13:55.214+0000][info][gc,heap        ] GC(291) Archive regions: 2->2
[2024-08-28T01:13:55.214+0000][info][gc,heap        ] GC(291) Humongous regions: 5->5
[2024-08-28T01:13:55.214+0000][info][gc,metaspace   ] GC(291) Metaspace: 100K(320K)->100K(320K) NonClass: 96K(192K)->96K(192K) Class: 4K(128K)->4K(128K)
[2024-08-28T01:13:55.214+0000][info][gc             ] GC(291) Pause Young (Mixed) (G1 Evacuation Pause) 929M->911M(1024M) 12.979ms
[2024-08-28T01:13:55.214+0000][info][gc,cpu         ] GC(291) User=0.29s Sys=0.00s Real=0.01s
[2024-08-28T01:13:55.235+0000][info][gc,start       ] GC(292) Pause Young (Concurrent Start) (G1 Evacuation Pause)
[2024-08-28T01:13:55.235+0000][info][gc,task        ] GC(292) Using 24 workers of 68 for evacuation
[2024-08-28T01:13:55.246+0000][info][gc,phases      ] GC(292)   Pre Evacuate Collection Set: 0.2ms
[2024-08-28T01:13:55.246+0000][info][gc,phases      ] GC(292)   Merge Heap Roots: 0.7ms
[2024-08-28T01:13:55.246+0000][info][gc,phases      ] GC(292)   Evacuate Collection Set: 8.8ms
[2024-08-28T01:13:55.246+0000][info][gc,phases      ] GC(292)   Post Evacuate Collection Set: 0.4ms
[2024-08-28T01:13:55.246+0000][info][gc,phases      ] GC(292)   Other: 1.1ms
[2024-08-28T01:13:55.246+0000][info][gc,heap        ] GC(292) Eden regions: 44->0(44)
[2024-08-28T01:13:55.246+0000][info][gc,heap        ] GC(292) Survivor regions: 7->7(7)
[2024-08-28T01:13:55.246+0000][info][gc,heap        ] GC(292) Old regions: 899->948
[2024-08-28T01:13:55.246+0000][info][gc,heap        ] GC(292) Archive regions: 2->2
[2024-08-28T01:13:55.246+0000][info][gc,heap        ] GC(292) Humongous regions: 5->5
[2024-08-28T01:13:55.246+0000][info][gc,metaspace   ] GC(292) Metaspace: 100K(320K)->100K(320K) NonClass: 96K(192K)->96K(192K) Class: 4K(128K)->4K(128K)
[2024-08-28T01:13:55.246+0000][info][gc             ] GC(292) Pause Young (Concurrent Start) (G1 Evacuation Pause) 955M->960M(1024M) 11.267ms
[2024-08-28T01:13:55.246+0000][info][gc,cpu         ] GC(292) User=0.22s Sys=0.00s Real=0.01s
[2024-08-28T01:13:55.246+0000][info][gc             ] GC(293) Concurrent Mark Cycle
[2024-08-28T01:13:55.246+0000][info][gc,marking     ] GC(293) Concurrent Clear Claimed Marks
[2024-08-28T01:13:55.246+0000][info][gc,marking     ] GC(293) Concurrent Clear Claimed Marks 0.011ms
[2024-08-28T01:13:55.246+0000][info][gc,marking     ] GC(293) Concurrent Scan Root Regions
[2024-08-28T01:13:55.248+0000][info][gc,marking     ] GC(293) Concurrent Scan Root Regions 1.461ms
[2024-08-28T01:13:55.248+0000][info][gc,marking     ] GC(293) Concurrent Mark
[2024-08-28T01:13:55.248+0000][info][gc,marking     ] GC(293) Concurrent Mark From Roots
[2024-08-28T01:13:55.248+0000][info][gc,task        ] GC(293) Using 17 workers of 17 for marking
[2024-08-28T01:13:55.265+0000][info][gc,start       ] GC(294) Pause Young (Normal) (G1 Preventive Collection)
[2024-08-28T01:13:55.265+0000][info][gc,task        ] GC(294) Using 24 workers of 68 for evacuation
[2024-08-28T01:13:55.272+0000][info][gc,phases      ] GC(294)   Pre Evacuate Collection Set: 0.2ms
[2024-08-28T01:13:55.272+0000][info][gc,phases      ] GC(294)   Merge Heap Roots: 0.6ms
[2024-08-28T01:13:55.272+0000][info][gc,phases      ] GC(294)   Evacuate Collection Set: 5.6ms
[2024-08-28T01:13:55.272+0000][info][gc,phases      ] GC(294)   Post Evacuate Collection Set: 0.3ms
[2024-08-28T01:13:55.272+0000][info][gc,phases      ] GC(294)   Other: 0.3ms
[2024-08-28T01:13:55.272+0000][info][gc,heap        ] GC(294) Eden regions: 26->0(44)
[2024-08-28T01:13:55.272+0000][info][gc,heap        ] GC(294) Survivor regions: 7->7(7)
[2024-08-28T01:13:55.272+0000][info][gc,heap        ] GC(294) Old regions: 948->977
[2024-08-28T01:13:55.272+0000][info][gc,heap        ] GC(294) Archive regions: 2->2
[2024-08-28T01:13:55.272+0000][info][gc,heap        ] GC(294) Humongous regions: 5->5
[2024-08-28T01:13:55.272+0000][info][gc,metaspace   ] GC(294) Metaspace: 100K(320K)->100K(320K) NonClass: 96K(192K)->96K(192K) Class: 4K(128K)->4K(128K)
[2024-08-28T01:13:55.272+0000][info][gc             ] GC(294) Pause Young (Normal) (G1 Preventive Collection) 986M->989M(1024M) 7.165ms
[2024-08-28T01:13:55.272+0000][info][gc,cpu         ] GC(294) User=0.14s Sys=0.00s Real=0.01s
[2024-08-28T01:13:55.279+0000][info][gc,marking     ] GC(293) Concurrent Mark From Roots 30.942ms
[2024-08-28T01:13:55.279+0000][info][gc,marking     ] GC(293) Concurrent Preclean
[2024-08-28T01:13:55.280+0000][info][gc,start       ] GC(295) Pause Young (Normal) (G1 Preventive Collection)
[2024-08-28T01:13:55.280+0000][info][gc,task        ] GC(295) Using 24 workers of 68 for evacuation
[2024-08-28T01:13:55.285+0000][info][gc             ] GC(295) To-space exhausted
[2024-08-28T01:13:55.285+0000][info][gc,phases      ] GC(295)   Pre Evacuate Collection Set: 0.2ms
[2024-08-28T01:13:55.285+0000][info][gc,phases      ] GC(295)   Merge Heap Roots: 0.5ms
[2024-08-28T01:13:55.285+0000][info][gc,phases      ] GC(295)   Evacuate Collection Set: 3.1ms
[2024-08-28T01:13:55.285+0000][info][gc,phases      ] GC(295)   Post Evacuate Collection Set: 0.6ms
[2024-08-28T01:13:55.285+0000][info][gc,phases      ] GC(295)   Other: 0.3ms
[2024-08-28T01:13:55.285+0000][info][gc,heap        ] GC(295) Eden regions: 12->0(44)
[2024-08-28T01:13:55.285+0000][info][gc,heap        ] GC(295) Survivor regions: 7->7(7)
[2024-08-28T01:13:55.285+0000][info][gc,heap        ] GC(295) Old regions: 977->1007
[2024-08-28T01:13:55.285+0000][info][gc,heap        ] GC(295) Archive regions: 2->2
[2024-08-28T01:13:55.285+0000][info][gc,heap        ] GC(295) Humongous regions: 5->5
[2024-08-28T01:13:55.285+0000][info][gc,metaspace   ] GC(295) Metaspace: 100K(320K)->100K(320K) NonClass: 96K(192K)->96K(192K) Class: 4K(128K)->4K(128K)
[2024-08-28T01:13:55.285+0000][info][gc             ] GC(295) Pause Young (Normal) (G1 Preventive Collection) 1001M->1019M(1024M) 4.850ms
[2024-08-28T01:13:55.285+0000][info][gc,cpu         ] GC(295) User=0.08s Sys=0.00s Real=0.00s
[2024-08-28T01:13:55.285+0000][info][gc,marking     ] GC(293) Concurrent Preclean 6.336ms
[2024-08-28T01:13:55.285+0000][info][gc,start       ] GC(293) Pause Remark
[2024-08-28T01:13:55.287+0000][info][gc             ] GC(293) Pause Remark 1020M->1020M(1024M) 1.887ms
[2024-08-28T01:13:55.287+0000][info][gc,cpu         ] GC(293) User=0.00s Sys=0.01s Real=0.00s
[2024-08-28T01:13:55.287+0000][info][gc,marking     ] GC(293) Concurrent Mark 39.544ms
[2024-08-28T01:13:55.287+0000][info][gc,marking     ] GC(293) Concurrent Rebuild Remembered Sets
[2024-08-28T01:13:55.288+0000][info][gc,start       ] GC(296) Pause Young (Normal) (G1 Preventive Collection)
[2024-08-28T01:13:55.288+0000][info][gc,task        ] GC(296) Using 24 workers of 68 for evacuation
[2024-08-28T01:13:55.290+0000][info][gc             ] GC(296) To-space exhausted
[2024-08-28T01:13:55.290+0000][info][gc,phases      ] GC(296)   Pre Evacuate Collection Set: 0.1ms
[2024-08-28T01:13:55.290+0000][info][gc,phases      ] GC(296)   Merge Heap Roots: 0.2ms
[2024-08-28T01:13:55.290+0000][info][gc,phases      ] GC(296)   Evacuate Collection Set: 1.0ms
[2024-08-28T01:13:55.290+0000][info][gc,phases      ] GC(296)   Post Evacuate Collection Set: 0.5ms
[2024-08-28T01:13:55.290+0000][info][gc,phases      ] GC(296)   Other: 0.2ms
[2024-08-28T01:13:55.290+0000][info][gc,heap        ] GC(296) Eden regions: 1->0(50)
[2024-08-28T01:13:55.290+0000][info][gc,heap        ] GC(296) Survivor regions: 7->1(2)
[2024-08-28T01:13:55.290+0000][info][gc,heap        ] GC(296) Old regions: 1007->1016
[2024-08-28T01:13:55.290+0000][info][gc,heap        ] GC(296) Archive regions: 2->2
[2024-08-28T01:13:55.290+0000][info][gc,heap        ] GC(296) Humongous regions: 5->5
[2024-08-28T01:13:55.290+0000][info][gc,metaspace   ] GC(296) Metaspace: 100K(320K)->100K(320K) NonClass: 96K(192K)->96K(192K) Class: 4K(128K)->4K(128K)
[2024-08-28T01:13:55.290+0000][info][gc             ] GC(296) Pause Young (Normal) (G1 Preventive Collection) 1020M->1022M(1024M) 2.109ms
[2024-08-28T01:13:55.290+0000][info][gc,cpu         ] GC(296) User=0.03s Sys=0.00s Real=0.01s
[2024-08-28T01:13:55.290+0000][info][gc,ergo        ] Attempting full compaction
[2024-08-28T01:13:55.290+0000][info][gc,task        ] GC(297) Using 24 workers of 68 for full compaction
[2024-08-28T01:13:55.291+0000][info][gc,start       ] GC(297) Pause Full (G1 Compaction Pause)
[2024-08-28T01:13:55.291+0000][info][gc,phases,start] GC(297) Phase 1: Mark live objects
[2024-08-28T01:13:55.304+0000][info][gc,phases      ] GC(297) Phase 1: Mark live objects 12.957ms
[2024-08-28T01:13:55.304+0000][info][gc,phases,start] GC(297) Phase 2: Prepare for compaction
[2024-08-28T01:13:55.315+0000][info][gc,phases      ] GC(297) Phase 2: Prepare for compaction 10.774ms
[2024-08-28T01:13:55.315+0000][info][gc,phases,start] GC(297) Phase 3: Adjust pointers
[2024-08-28T01:13:55.329+0000][info][gc,phases      ] GC(297) Phase 3: Adjust pointers 14.079ms
[2024-08-28T01:13:55.329+0000][info][gc,phases,start] GC(297) Phase 4: Compact heap
[2024-08-28T01:13:55.358+0000][info][gc,phases      ] GC(297) Phase 4: Compact heap 28.828ms
[2024-08-28T01:13:55.360+0000][info][gc,heap        ] GC(297) Eden regions: 0->0(150)
[2024-08-28T01:13:55.360+0000][info][gc,heap        ] GC(297) Survivor regions: 1->0(2)
[2024-08-28T01:13:55.360+0000][info][gc,heap        ] GC(297) Old regions: 1016->442
[2024-08-28T01:13:55.360+0000][info][gc,heap        ] GC(297) Archive regions: 2->2
[2024-08-28T01:13:55.360+0000][info][gc,heap        ] GC(297) Humongous regions: 5->5
[2024-08-28T01:13:55.360+0000][info][gc,metaspace   ] GC(297) Metaspace: 100K(320K)->100K(320K) NonClass: 96K(192K)->96K(192K) Class: 4K(128K)->4K(128K)
[2024-08-28T01:13:55.360+0000][info][gc             ] GC(297) Pause Full (G1 Compaction Pause) 1022M->436M(1024M) 69.703ms
[2024-08-28T01:13:55.360+0000][info][gc,cpu         ] GC(297) User=1.39s Sys=0.01s Real=0.07s
[2024-08-28T01:13:55.361+0000][info][gc,marking     ] GC(293) Concurrent Rebuild Remembered Sets 73.418ms
[2024-08-28T01:13:55.361+0000][info][gc,marking     ] GC(293) Concurrent Mark Abort
[2024-08-28T01:13:55.361+0000][info][gc             ] GC(293) Concurrent Mark Cycle 114.654ms
[2024-08-28T01:13:55.433+0000][info][gc,start       ] GC(298) Pause Young (Normal) (G1 Evacuation Pause)
[2024-08-28T01:13:55.433+0000][info][gc,task        ] GC(298) Using 24 workers of 68 for evacuation
[2024-08-28T01:13:55.453+0000][info][gc,phases      ] GC(298)   Pre Evacuate Collection Set: 0.2ms
[2024-08-28T01:13:55.453+0000][info][gc,phases      ] GC(298)   Merge Heap Roots: 0.5ms
[2024-08-28T01:13:55.453+0000][info][gc,phases      ] GC(298)   Evacuate Collection Set: 18.7ms
[2024-08-28T01:13:55.453+0000][info][gc,phases      ] GC(298)   Post Evacuate Collection Set: 0.4ms
[2024-08-28T01:13:55.453+0000][info][gc,phases      ] GC(298)   Other: 0.3ms
[2024-08-28T01:13:55.453+0000][info][gc,heap        ] GC(298) Eden regions: 150->0(103)
[2024-08-28T01:13:55.453+0000][info][gc,heap        ] GC(298) Survivor regions: 0->19(19)
[2024-08-28T01:13:55.453+0000][info][gc,heap        ] GC(298) Old regions: 442->569
[2024-08-28T01:13:55.453+0000][info][gc,heap        ] GC(298) Archive regions: 2->2
[2024-08-28T01:13:55.453+0000][info][gc,heap        ] GC(298) Humongous regions: 5->5
[2024-08-28T01:13:55.453+0000][info][gc,metaspace   ] GC(298) Metaspace: 100K(320K)->100K(320K) NonClass: 96K(192K)->96K(192K) Class: 4K(128K)->4K(128K)
[2024-08-28T01:13:55.453+0000][info][gc             ] GC(298) Pause Young (Normal) (G1 Evacuation Pause) 586M->581M(1024M) 20.324ms
[2024-08-28T01:13:55.453+0000][info][gc,cpu         ] GC(298) User=0.45s Sys=0.01s Real=0.02s
[2024-08-28T01:13:55.500+0000][info][gc,start       ] GC(299) Pause Young (Concurrent Start) (G1 Evacuation Pause)
[2024-08-28T01:13:55.500+0000][info][gc,task        ] GC(299) Using 24 workers of 68 for evacuation
[2024-08-28T01:13:55.518+0000][info][gc,phases      ] GC(299)   Pre Evacuate Collection Set: 0.2ms
[2024-08-28T01:13:55.518+0000][info][gc,phases      ] GC(299)   Merge Heap Roots: 0.5ms
[2024-08-28T01:13:55.518+0000][info][gc,phases      ] GC(299)   Evacuate Collection Set: 15.6ms
[2024-08-28T01:13:55.518+0000][info][gc,phases      ] GC(299)   Post Evacuate Collection Set: 0.4ms
[2024-08-28T01:13:55.518+0000][info][gc,phases      ] GC(299)   Other: 1.7ms
[2024-08-28T01:13:55.518+0000][info][gc,heap        ] GC(299) Eden regions: 103->0(70)
[2024-08-28T01:13:55.518+0000][info][gc,heap        ] GC(299) Survivor regions: 19->16(16)
[2024-08-28T01:13:55.518+0000][info][gc,heap        ] GC(299) Old regions: 569->675
[2024-08-28T01:13:55.518+0000][info][gc,heap        ] GC(299) Archive regions: 2->2
[2024-08-28T01:13:55.518+0000][info][gc,heap        ] GC(299) Humongous regions: 5->5
[2024-08-28T01:13:55.518+0000][info][gc,metaspace   ] GC(299) Metaspace: 100K(320K)->100K(320K) NonClass: 96K(192K)->96K(192K) Class: 4K(128K)->4K(128K)
[2024-08-28T01:13:55.518+0000][info][gc             ] GC(299) Pause Young (Concurrent Start) (G1 Evacuation Pause) 684M->684M(1024M) 18.442ms
[2024-08-28T01:13:55.518+0000][info][gc,cpu         ] GC(299) User=0.38s Sys=0.00s Real=0.02s
[2024-08-28T01:13:55.518+0000][info][gc             ] GC(300) Concurrent Mark Cycle
[2024-08-28T01:13:55.519+0000][info][gc,marking     ] GC(300) Concurrent Clear Claimed Marks
[2024-08-28T01:13:55.519+0000][info][gc,marking     ] GC(300) Concurrent Clear Claimed Marks 0.010ms
[2024-08-28T01:13:55.519+0000][info][gc,marking     ] GC(300) Concurrent Scan Root Regions
[2024-08-28T01:13:55.522+0000][info][gc,marking     ] GC(300) Concurrent Scan Root Regions 3.381ms
[2024-08-28T01:13:55.522+0000][info][gc,marking     ] GC(300) Concurrent Mark
[2024-08-28T01:13:55.522+0000][info][gc,marking     ] GC(300) Concurrent Mark From Roots
[2024-08-28T01:13:55.522+0000][info][gc,task        ] GC(300) Using 17 workers of 17 for marking
[2024-08-28T01:13:55.543+0000][info][gc,marking     ] GC(300) Concurrent Mark From Roots 21.047ms
[2024-08-28T01:13:55.543+0000][info][gc,marking     ] GC(300) Concurrent Preclean
[2024-08-28T01:13:55.544+0000][info][gc,marking     ] GC(300) Concurrent Preclean 0.588ms
[2024-08-28T01:13:55.544+0000][info][gc,start       ] GC(300) Pause Remark
[2024-08-28T01:13:55.546+0000][info][gc             ] GC(300) Pause Remark 724M->724M(1024M) 1.599ms
[2024-08-28T01:13:55.546+0000][info][gc,cpu         ] GC(300) User=0.00s Sys=0.00s Real=0.00s
[2024-08-28T01:13:55.546+0000][info][gc,marking     ] GC(300) Concurrent Mark 23.709ms
[2024-08-28T01:13:55.546+0000][info][gc,marking     ] GC(300) Concurrent Rebuild Remembered Sets
[2024-08-28T01:13:55.560+0000][info][gc,start       ] GC(301) Pause Young (Normal) (G1 Evacuation Pause)
[2024-08-28T01:13:55.560+0000][info][gc,task        ] GC(301) Using 24 workers of 68 for evacuation
[2024-08-28T01:13:55.575+0000][info][gc,phases      ] GC(301)   Pre Evacuate Collection Set: 0.2ms
[2024-08-28T01:13:55.575+0000][info][gc,phases      ] GC(301)   Merge Heap Roots: 0.5ms
[2024-08-28T01:13:55.575+0000][info][gc,phases      ] GC(301)   Evacuate Collection Set: 13.5ms
[2024-08-28T01:13:55.575+0000][info][gc,phases      ] GC(301)   Post Evacuate Collection Set: 0.6ms
[2024-08-28T01:13:55.575+0000][info][gc,phases      ] GC(301)   Other: 0.3ms
[2024-08-28T01:13:55.575+0000][info][gc,heap        ] GC(301) Eden regions: 70->0(46)
[2024-08-28T01:13:55.575+0000][info][gc,heap        ] GC(301) Survivor regions: 16->11(11)
[2024-08-28T01:13:55.575+0000][info][gc,heap        ] GC(301) Old regions: 675->754
[2024-08-28T01:13:55.575+0000][info][gc,heap        ] GC(301) Archive regions: 2->2
[2024-08-28T01:13:55.575+0000][info][gc,heap        ] GC(301) Humongous regions: 5->5
[2024-08-28T01:13:55.575+0000][info][gc,metaspace   ] GC(301) Metaspace: 100K(320K)->100K(320K) NonClass: 96K(192K)->96K(192K) Class: 4K(128K)->4K(128K)
[2024-08-28T01:13:55.575+0000][info][gc             ] GC(301) Pause Young (Normal) (G1 Evacuation Pause) 754M->758M(1024M) 15.211ms
[2024-08-28T01:13:55.575+0000][info][gc,cpu         ] GC(301) User=0.34s Sys=0.00s Real=0.01s
[2024-08-28T01:13:55.598+0000][info][gc,start       ] GC(302) Pause Young (Normal) (G1 Evacuation Pause)
[2024-08-28T01:13:55.598+0000][info][gc,task        ] GC(302) Using 24 workers of 68 for evacuation
[2024-08-28T01:13:55.617+0000][info][gc,phases      ] GC(302)   Pre Evacuate Collection Set: 0.2ms
[2024-08-28T01:13:55.617+0000][info][gc,phases      ] GC(302)   Merge Heap Roots: 0.5ms
[2024-08-28T01:13:55.617+0000][info][gc,phases      ] GC(302)   Evacuate Collection Set: 17.8ms
[2024-08-28T01:13:55.617+0000][info][gc,phases      ] GC(302)   Post Evacuate Collection Set: 0.7ms
[2024-08-28T01:13:55.617+0000][info][gc,phases      ] GC(302)   Other: 0.3ms
[2024-08-28T01:13:55.617+0000][info][gc,heap        ] GC(302) Eden regions: 46->0(43)
[2024-08-28T01:13:55.617+0000][info][gc,heap        ] GC(302) Survivor regions: 11->8(8)
[2024-08-28T01:13:55.617+0000][info][gc,heap        ] GC(302) Old regions: 754->807
[2024-08-28T01:13:55.617+0000][info][gc,heap        ] GC(302) Archive regions: 2->2
[2024-08-28T01:13:55.617+0000][info][gc,heap        ] GC(302) Humongous regions: 5->5
[2024-08-28T01:13:55.617+0000][info][gc,metaspace   ] GC(302) Metaspace: 100K(320K)->100K(320K) NonClass: 96K(192K)->96K(192K) Class: 4K(128K)->4K(128K)
[2024-08-28T01:13:55.617+0000][info][gc             ] GC(302) Pause Young (Normal) (G1 Evacuation Pause) 804M->808M(1024M) 19.621ms
[2024-08-28T01:13:55.617+0000][info][gc,cpu         ] GC(302) User=0.43s Sys=0.01s Real=0.01s
[2024-08-28T01:13:55.630+0000][info][gc,marking     ] GC(300) Concurrent Rebuild Remembered Sets 83.905ms
[2024-08-28T01:13:55.630+0000][info][gc,start       ] GC(300) Pause Cleanup
[2024-08-28T01:13:55.633+0000][info][gc             ] GC(300) Pause Cleanup 833M->833M(1024M) 2.483ms
[2024-08-28T01:13:55.633+0000][info][gc,cpu         ] GC(300) User=0.00s Sys=0.00s Real=0.00s
[2024-08-28T01:13:55.633+0000][info][gc,marking     ] GC(300) Concurrent Cleanup for Next Mark
[2024-08-28T01:13:55.633+0000][info][gc,marking     ] GC(300) Concurrent Cleanup for Next Mark 0.682ms
[2024-08-28T01:13:55.633+0000][info][gc             ] GC(300) Concurrent Mark Cycle 114.963ms
[2024-08-28T01:13:55.643+0000][info][gc,start       ] GC(303) Pause Young (Prepare Mixed) (G1 Evacuation Pause)
[2024-08-28T01:13:55.643+0000][info][gc,task        ] GC(303) Using 24 workers of 68 for evacuation
[2024-08-28T01:13:55.660+0000][info][gc,phases      ] GC(303)   Pre Evacuate Collection Set: 0.2ms
[2024-08-28T01:13:55.660+0000][info][gc,phases      ] GC(303)   Merge Heap Roots: 1.0ms
[2024-08-28T01:13:55.660+0000][info][gc,phases      ] GC(303)   Evacuate Collection Set: 15.3ms
[2024-08-28T01:13:55.660+0000][info][gc,phases      ] GC(303)   Post Evacuate Collection Set: 0.4ms
[2024-08-28T01:13:55.660+0000][info][gc,phases      ] GC(303)   Other: 0.3ms
[2024-08-28T01:13:55.660+0000][info][gc,heap        ] GC(303) Eden regions: 43->0(44)
[2024-08-28T01:13:55.660+0000][info][gc,heap        ] GC(303) Survivor regions: 8->7(7)
[2024-08-28T01:13:55.660+0000][info][gc,heap        ] GC(303) Old regions: 807->854
[2024-08-28T01:13:55.660+0000][info][gc,heap        ] GC(303) Archive regions: 2->2
[2024-08-28T01:13:55.660+0000][info][gc,heap        ] GC(303) Humongous regions: 5->5
[2024-08-28T01:13:55.660+0000][info][gc,metaspace   ] GC(303) Metaspace: 100K(320K)->100K(320K) NonClass: 96K(192K)->96K(192K) Class: 4K(128K)->4K(128K)
[2024-08-28T01:13:55.660+0000][info][gc             ] GC(303) Pause Young (Prepare Mixed) (G1 Evacuation Pause) 851M->855M(1024M) 17.316ms
[2024-08-28T01:13:55.660+0000][info][gc,cpu         ] GC(303) User=0.39s Sys=0.00s Real=0.02s
[2024-08-28T01:13:55.681+0000][info][gc,start       ] GC(304) Pause Young (Mixed) (G1 Evacuation Pause)
[2024-08-28T01:13:55.681+0000][info][gc,task        ] GC(304) Using 24 workers of 68 for evacuation
[2024-08-28T01:13:55.692+0000][info][gc,phases      ] GC(304)   Pre Evacuate Collection Set: 0.2ms
[2024-08-28T01:13:55.692+0000][info][gc,phases      ] GC(304)   Merge Heap Roots: 0.6ms
[2024-08-28T01:13:55.692+0000][info][gc,phases      ] GC(304)   Evacuate Collection Set: 9.2ms
[2024-08-28T01:13:55.692+0000][info][gc,phases      ] GC(304)   Post Evacuate Collection Set: 0.4ms
[2024-08-28T01:13:55.692+0000][info][gc,phases      ] GC(304)   Other: 0.4ms
[2024-08-28T01:13:55.692+0000][info][gc,heap        ] GC(304) Eden regions: 44->0(44)
[2024-08-28T01:13:55.692+0000][info][gc,heap        ] GC(304) Survivor regions: 7->7(7)
[2024-08-28T01:13:55.692+0000][info][gc,heap        ] GC(304) Old regions: 854->839
[2024-08-28T01:13:55.692+0000][info][gc,heap        ] GC(304) Archive regions: 2->2
[2024-08-28T01:13:55.692+0000][info][gc,heap        ] GC(304) Humongous regions: 5->5
[2024-08-28T01:13:55.692+0000][info][gc,metaspace   ] GC(304) Metaspace: 100K(320K)->100K(320K) NonClass: 96K(192K)->96K(192K) Class: 4K(128K)->4K(128K)
[2024-08-28T01:13:55.692+0000][info][gc             ] GC(304) Pause Young (Mixed) (G1 Evacuation Pause) 899M->844M(1024M) 10.942ms
[2024-08-28T01:13:55.692+0000][info][gc,cpu         ] GC(304) User=0.23s Sys=0.00s Real=0.01s
[2024-08-28T01:13:55.714+0000][info][gc,start       ] GC(305) Pause Young (Mixed) (G1 Evacuation Pause)
[2024-08-28T01:13:55.714+0000][info][gc,task        ] GC(305) Using 24 workers of 68 for evacuation
[2024-08-28T01:13:55.726+0000][info][gc,phases      ] GC(305)   Pre Evacuate Collection Set: 0.3ms
[2024-08-28T01:13:55.726+0000][info][gc,phases      ] GC(305)   Merge Heap Roots: 0.7ms
[2024-08-28T01:13:55.726+0000][info][gc,phases      ] GC(305)   Evacuate Collection Set: 10.9ms
[2024-08-28T01:13:55.726+0000][info][gc,phases      ] GC(305)   Post Evacuate Collection Set: 0.5ms
[2024-08-28T01:13:55.726+0000][info][gc,phases      ] GC(305)   Other: 0.3ms
[2024-08-28T01:13:55.726+0000][info][gc,heap        ] GC(305) Eden regions: 44->0(44)
[2024-08-28T01:13:55.726+0000][info][gc,heap        ] GC(305) Survivor regions: 7->7(7)
[2024-08-28T01:13:55.726+0000][info][gc,heap        ] GC(305) Old regions: 839->824
[2024-08-28T01:13:55.726+0000][info][gc,heap        ] GC(305) Archive regions: 2->2
[2024-08-28T01:13:55.726+0000][info][gc,heap        ] GC(305) Humongous regions: 5->5
[2024-08-28T01:13:55.726+0000][info][gc,metaspace   ] GC(305) Metaspace: 100K(320K)->100K(320K) NonClass: 96K(192K)->96K(192K) Class: 4K(128K)->4K(128K)
[2024-08-28T01:13:55.726+0000][info][gc             ] GC(305) Pause Young (Mixed) (G1 Evacuation Pause) 888M->830M(1024M) 12.839ms
[2024-08-28T01:13:55.726+0000][info][gc,cpu         ] GC(305) User=0.26s Sys=0.02s Real=0.01s
[2024-08-28T01:13:55.748+0000][info][gc,start       ] GC(306) Pause Young (Mixed) (G1 Evacuation Pause)
[2024-08-28T01:13:55.748+0000][info][gc,task        ] GC(306) Using 24 workers of 68 for evacuation
[2024-08-28T01:13:55.763+0000][info][gc,phases      ] GC(306)   Pre Evacuate Collection Set: 0.2ms
[2024-08-28T01:13:55.763+0000][info][gc,phases      ] GC(306)   Merge Heap Roots: 0.7ms
[2024-08-28T01:13:55.763+0000][info][gc,phases      ] GC(306)   Evacuate Collection Set: 13.8ms
[2024-08-28T01:13:55.763+0000][info][gc,phases      ] GC(306)   Post Evacuate Collection Set: 0.4ms
[2024-08-28T01:13:55.763+0000][info][gc,phases      ] GC(306)   Other: 0.3ms
[2024-08-28T01:13:55.763+0000][info][gc,heap        ] GC(306) Eden regions: 44->0(44)
[2024-08-28T01:13:55.763+0000][info][gc,heap        ] GC(306) Survivor regions: 7->7(7)
[2024-08-28T01:13:55.763+0000][info][gc,heap        ] GC(306) Old regions: 824->812
[2024-08-28T01:13:55.763+0000][info][gc,heap        ] GC(306) Archive regions: 2->2
[2024-08-28T01:13:55.763+0000][info][gc,heap        ] GC(306) Humongous regions: 5->5
[2024-08-28T01:13:55.763+0000][info][gc,metaspace   ] GC(306) Metaspace: 100K(320K)->100K(320K) NonClass: 96K(192K)->96K(192K) Class: 4K(128K)->4K(128K)
[2024-08-28T01:13:55.763+0000][info][gc             ] GC(306) Pause Young (Mixed) (G1 Evacuation Pause) 874M->820M(1024M) 15.538ms
[2024-08-28T01:13:55.763+0000][info][gc,cpu         ] GC(306) User=0.29s Sys=0.01s Real=0.02s
[2024-08-28T01:13:55.788+0000][info][gc,start       ] GC(307) Pause Young (Mixed) (G1 Evacuation Pause)
[2024-08-28T01:13:55.788+0000][info][gc,task        ] GC(307) Using 24 workers of 68 for evacuation
[2024-08-28T01:13:55.802+0000][info][gc,phases      ] GC(307)   Pre Evacuate Collection Set: 0.2ms
[2024-08-28T01:13:55.802+0000][info][gc,phases      ] GC(307)   Merge Heap Roots: 0.6ms
[2024-08-28T01:13:55.802+0000][info][gc,phases      ] GC(307)   Evacuate Collection Set: 12.4ms
[2024-08-28T01:13:55.802+0000][info][gc,phases      ] GC(307)   Post Evacuate Collection Set: 0.3ms
[2024-08-28T01:13:55.802+0000][info][gc,phases      ] GC(307)   Other: 0.3ms
[2024-08-28T01:13:55.802+0000][info][gc,heap        ] GC(307) Eden regions: 44->0(44)
[2024-08-28T01:13:55.802+0000][info][gc,heap        ] GC(307) Survivor regions: 7->7(7)
[2024-08-28T01:13:55.802+0000][info][gc,heap        ] GC(307) Old regions: 812->847
[2024-08-28T01:13:55.802+0000][info][gc,heap        ] GC(307) Archive regions: 2->2
[2024-08-28T01:13:55.802+0000][info][gc,heap        ] GC(307) Humongous regions: 5->5
[2024-08-28T01:13:55.802+0000][info][gc,metaspace   ] GC(307) Metaspace: 100K(320K)->100K(320K) NonClass: 96K(192K)->96K(192K) Class: 4K(128K)->4K(128K)
[2024-08-28T01:13:55.802+0000][info][gc             ] GC(307) Pause Young (Mixed) (G1 Evacuation Pause) 864M->855M(1024M) 13.927ms
[2024-08-28T01:13:55.802+0000][info][gc,cpu         ] GC(307) User=0.22s Sys=0.09s Real=0.02s
[2024-08-28T01:13:55.825+0000][info][gc,start       ] GC(308) Pause Young (Concurrent Start) (G1 Evacuation Pause)
[2024-08-28T01:13:55.825+0000][info][gc,task        ] GC(308) Using 24 workers of 68 for evacuation
[2024-08-28T01:13:55.837+0000][info][gc,phases      ] GC(308)   Pre Evacuate Collection Set: 0.2ms
[2024-08-28T01:13:55.837+0000][info][gc,phases      ] GC(308)   Merge Heap Roots: 0.7ms
[2024-08-28T01:13:55.837+0000][info][gc,phases      ] GC(308)   Evacuate Collection Set: 9.4ms
[2024-08-28T01:13:55.837+0000][info][gc,phases      ] GC(308)   Post Evacuate Collection Set: 0.4ms
[2024-08-28T01:13:55.837+0000][info][gc,phases      ] GC(308)   Other: 1.0ms
[2024-08-28T01:13:55.837+0000][info][gc,heap        ] GC(308) Eden regions: 44->0(44)
[2024-08-28T01:13:55.837+0000][info][gc,heap        ] GC(308) Survivor regions: 7->7(7)
[2024-08-28T01:13:55.837+0000][info][gc,heap        ] GC(308) Old regions: 847->894
[2024-08-28T01:13:55.837+0000][info][gc,heap        ] GC(308) Archive regions: 2->2
[2024-08-28T01:13:55.837+0000][info][gc,heap        ] GC(308) Humongous regions: 5->5
[2024-08-28T01:13:55.837+0000][info][gc,metaspace   ] GC(308) Metaspace: 100K(320K)->100K(320K) NonClass: 96K(192K)->96K(192K) Class: 4K(128K)->4K(128K)
[2024-08-28T01:13:55.837+0000][info][gc             ] GC(308) Pause Young (Concurrent Start) (G1 Evacuation Pause) 899M->902M(1024M) 11.774ms
[2024-08-28T01:13:55.837+0000][info][gc,cpu         ] GC(308) User=0.23s Sys=0.01s Real=0.01s
[2024-08-28T01:13:55.837+0000][info][gc             ] GC(309) Concurrent Mark Cycle
[2024-08-28T01:13:55.837+0000][info][gc,marking     ] GC(309) Concurrent Clear Claimed Marks
[2024-08-28T01:13:55.837+0000][info][gc,marking     ] GC(309) Concurrent Clear Claimed Marks 0.011ms
[2024-08-28T01:13:55.837+0000][info][gc,marking     ] GC(309) Concurrent Scan Root Regions
[2024-08-28T01:13:55.839+0000][info][gc,marking     ] GC(309) Concurrent Scan Root Regions 1.419ms
[2024-08-28T01:13:55.839+0000][info][gc,marking     ] GC(309) Concurrent Mark
[2024-08-28T01:13:55.839+0000][info][gc,marking     ] GC(309) Concurrent Mark From Roots
[2024-08-28T01:13:55.839+0000][info][gc,task        ] GC(309) Using 17 workers of 17 for marking
[2024-08-28T01:13:55.863+0000][info][gc,marking     ] GC(309) Concurrent Mark From Roots 24.423ms
[2024-08-28T01:13:55.863+0000][info][gc,marking     ] GC(309) Concurrent Preclean
[2024-08-28T01:13:55.864+0000][info][gc,marking     ] GC(309) Concurrent Preclean 0.508ms
[2024-08-28T01:13:55.864+0000][info][gc,start       ] GC(309) Pause Remark
[2024-08-28T01:13:55.866+0000][info][gc             ] GC(309) Pause Remark 943M->943M(1024M) 2.105ms
[2024-08-28T01:13:55.866+0000][info][gc,cpu         ] GC(309) User=0.01s Sys=0.00s Real=0.00s
[2024-08-28T01:13:55.866+0000][info][gc,marking     ] GC(309) Concurrent Mark 27.555ms
[2024-08-28T01:13:55.866+0000][info][gc,marking     ] GC(309) Concurrent Rebuild Remembered Sets
[2024-08-28T01:13:55.869+0000][info][gc,start       ] GC(310) Pause Young (Normal) (G1 Evacuation Pause)
[2024-08-28T01:13:55.869+0000][info][gc,task        ] GC(310) Using 24 workers of 68 for evacuation
[2024-08-28T01:13:55.879+0000][info][gc,phases      ] GC(310)   Pre Evacuate Collection Set: 0.2ms
[2024-08-28T01:13:55.879+0000][info][gc,phases      ] GC(310)   Merge Heap Roots: 0.4ms
[2024-08-28T01:13:55.879+0000][info][gc,phases      ] GC(310)   Evacuate Collection Set: 8.3ms
[2024-08-28T01:13:55.879+0000][info][gc,phases      ] GC(310)   Post Evacuate Collection Set: 0.5ms
[2024-08-28T01:13:55.879+0000][info][gc,phases      ] GC(310)   Other: 0.2ms
[2024-08-28T01:13:55.879+0000][info][gc,heap        ] GC(310) Eden regions: 44->0(44)
[2024-08-28T01:13:55.879+0000][info][gc,heap        ] GC(310) Survivor regions: 7->7(7)
[2024-08-28T01:13:55.879+0000][info][gc,heap        ] GC(310) Old regions: 894->940
[2024-08-28T01:13:55.879+0000][info][gc,heap        ] GC(310) Archive regions: 2->2
[2024-08-28T01:13:55.879+0000][info][gc,heap        ] GC(310) Humongous regions: 5->5
[2024-08-28T01:13:55.879+0000][info][gc,metaspace   ] GC(310) Metaspace: 100K(320K)->100K(320K) NonClass: 96K(192K)->96K(192K) Class: 4K(128K)->4K(128K)
[2024-08-28T01:13:55.879+0000][info][gc             ] GC(310) Pause Young (Normal) (G1 Evacuation Pause) 946M->949M(1024M) 9.723ms
[2024-08-28T01:13:55.879+0000][info][gc,cpu         ] GC(310) User=0.20s Sys=0.00s Real=0.02s
[2024-08-28T01:13:55.895+0000][info][gc,start       ] GC(311) Pause Young (Normal) (G1 Preventive Collection)
[2024-08-28T01:13:55.895+0000][info][gc,task        ] GC(311) Using 24 workers of 68 for evacuation
[2024-08-28T01:13:55.907+0000][info][gc,phases      ] GC(311)   Pre Evacuate Collection Set: 0.2ms
[2024-08-28T01:13:55.908+0000][info][gc,phases      ] GC(311)   Merge Heap Roots: 0.8ms
[2024-08-28T01:13:55.908+0000][info][gc,phases      ] GC(311)   Evacuate Collection Set: 10.7ms
[2024-08-28T01:13:55.908+0000][info][gc,phases      ] GC(311)   Post Evacuate Collection Set: 0.6ms
[2024-08-28T01:13:55.908+0000][info][gc,phases      ] GC(311)   Other: 0.3ms
[2024-08-28T01:13:55.908+0000][info][gc,heap        ] GC(311) Eden regions: 30->0(44)
[2024-08-28T01:13:55.908+0000][info][gc,heap        ] GC(311) Survivor regions: 7->7(7)
[2024-08-28T01:13:55.908+0000][info][gc,heap        ] GC(311) Old regions: 940->973
[2024-08-28T01:13:55.908+0000][info][gc,heap        ] GC(311) Archive regions: 2->2
[2024-08-28T01:13:55.908+0000][info][gc,heap        ] GC(311) Humongous regions: 5->5
[2024-08-28T01:13:55.908+0000][info][gc,metaspace   ] GC(311) Metaspace: 100K(320K)->100K(320K) NonClass: 96K(192K)->96K(192K) Class: 4K(128K)->4K(128K)
[2024-08-28T01:13:55.908+0000][info][gc             ] GC(311) Pause Young (Normal) (G1 Preventive Collection) 979M->982M(1024M) 12.753ms
[2024-08-28T01:13:55.908+0000][info][gc,cpu         ] GC(311) User=0.28s Sys=0.00s Real=0.01s
[2024-08-28T01:13:55.916+0000][info][gc,start       ] GC(312) Pause Young (Normal) (G1 Preventive Collection)
[2024-08-28T01:13:55.916+0000][info][gc,task        ] GC(312) Using 24 workers of 68 for evacuation
[2024-08-28T01:13:55.927+0000][info][gc             ] GC(312) To-space exhausted
[2024-08-28T01:13:55.927+0000][info][gc,phases      ] GC(312)   Pre Evacuate Collection Set: 0.2ms
[2024-08-28T01:13:55.927+0000][info][gc,phases      ] GC(312)   Merge Heap Roots: 0.5ms
[2024-08-28T01:13:55.927+0000][info][gc,phases      ] GC(312)   Evacuate Collection Set: 9.2ms
[2024-08-28T01:13:55.927+0000][info][gc,phases      ] GC(312)   Post Evacuate Collection Set: 1.0ms
[2024-08-28T01:13:55.927+0000][info][gc,phases      ] GC(312)   Other: 0.4ms
[2024-08-28T01:13:55.927+0000][info][gc,heap        ] GC(312) Eden regions: 14->0(44)
[2024-08-28T01:13:55.927+0000][info][gc,heap        ] GC(312) Survivor regions: 7->7(7)
[2024-08-28T01:13:55.927+0000][info][gc,heap        ] GC(312) Old regions: 973->1009
[2024-08-28T01:13:55.927+0000][info][gc,heap        ] GC(312) Archive regions: 2->2
[2024-08-28T01:13:55.927+0000][info][gc,heap        ] GC(312) Humongous regions: 5->5
[2024-08-28T01:13:55.927+0000][info][gc,metaspace   ] GC(312) Metaspace: 100K(320K)->100K(320K) NonClass: 96K(192K)->96K(192K) Class: 4K(128K)->4K(128K)
[2024-08-28T01:13:55.927+0000][info][gc             ] GC(312) Pause Young (Normal) (G1 Preventive Collection) 996M->1018M(1024M) 11.414ms
[2024-08-28T01:13:55.927+0000][info][gc,cpu         ] GC(312) User=0.24s Sys=0.00s Real=0.01s
[2024-08-28T01:13:55.929+0000][info][gc,start       ] GC(313) Pause Young (Normal) (G1 Evacuation Pause)
[2024-08-28T01:13:55.929+0000][info][gc,task        ] GC(313) Using 24 workers of 68 for evacuation
[2024-08-28T01:13:55.937+0000][info][gc             ] GC(313) To-space exhausted
[2024-08-28T01:13:55.937+0000][info][gc,phases      ] GC(313)   Pre Evacuate Collection Set: 0.1ms
[2024-08-28T01:13:55.937+0000][info][gc,phases      ] GC(313)   Merge Heap Roots: 1.0ms
[2024-08-28T01:13:55.937+0000][info][gc,phases      ] GC(313)   Evacuate Collection Set: 5.6ms
[2024-08-28T01:13:55.937+0000][info][gc,phases      ] GC(313)   Post Evacuate Collection Set: 1.0ms
[2024-08-28T01:13:55.937+0000][info][gc,phases      ] GC(313)   Other: 0.3ms
[2024-08-28T01:13:55.937+0000][info][gc,heap        ] GC(313) Eden regions: 1->0(51)
[2024-08-28T01:13:55.937+0000][info][gc,heap        ] GC(313) Survivor regions: 7->0(0)
[2024-08-28T01:13:55.937+0000][info][gc,heap        ] GC(313) Old regions: 1009->1017
[2024-08-28T01:13:55.937+0000][info][gc,heap        ] GC(313) Archive regions: 2->2
[2024-08-28T01:13:55.937+0000][info][gc,heap        ] GC(313) Humongous regions: 5->5
[2024-08-28T01:13:55.937+0000][info][gc,metaspace   ] GC(313) Metaspace: 100K(320K)->100K(320K) NonClass: 96K(192K)->96K(192K) Class: 4K(128K)->4K(128K)
[2024-08-28T01:13:55.937+0000][info][gc             ] GC(313) Pause Young (Normal) (G1 Evacuation Pause) 1019M->1019M(1024M) 8.079ms
[2024-08-28T01:13:55.937+0000][info][gc,cpu         ] GC(313) User=0.16s Sys=0.00s Real=0.01s
[2024-08-28T01:13:55.937+0000][info][gc,ergo        ] Attempting full compaction
[2024-08-28T01:13:55.937+0000][info][gc,task        ] GC(314) Using 24 workers of 68 for full compaction
[2024-08-28T01:13:55.937+0000][info][gc,start       ] GC(314) Pause Full (G1 Compaction Pause)
[2024-08-28T01:13:55.938+0000][info][gc,phases,start] GC(314) Phase 1: Mark live objects
[2024-08-28T01:13:55.953+0000][info][gc,phases      ] GC(314) Phase 1: Mark live objects 14.459ms
[2024-08-28T01:13:55.953+0000][info][gc,phases,start] GC(314) Phase 2: Prepare for compaction
[2024-08-28T01:13:55.962+0000][info][gc,phases      ] GC(314) Phase 2: Prepare for compaction 8.837ms
[2024-08-28T01:13:55.962+0000][info][gc,phases,start] GC(314) Phase 3: Adjust pointers
[2024-08-28T01:13:55.980+0000][info][gc,phases      ] GC(314) Phase 3: Adjust pointers 18.260ms
[2024-08-28T01:13:55.980+0000][info][gc,phases,start] GC(314) Phase 4: Compact heap
[2024-08-28T01:13:56.010+0000][info][gc,phases      ] GC(314) Phase 4: Compact heap 29.739ms
[2024-08-28T01:13:56.011+0000][info][gc,heap        ] GC(314) Eden regions: 0->0(150)
[2024-08-28T01:13:56.011+0000][info][gc,heap        ] GC(314) Survivor regions: 0->0(0)
[2024-08-28T01:13:56.011+0000][info][gc,heap        ] GC(314) Old regions: 1017->443
[2024-08-28T01:13:56.011+0000][info][gc,heap        ] GC(314) Archive regions: 2->2
[2024-08-28T01:13:56.011+0000][info][gc,heap        ] GC(314) Humongous regions: 5->5
[2024-08-28T01:13:56.011+0000][info][gc,metaspace   ] GC(314) Metaspace: 100K(320K)->100K(320K) NonClass: 96K(192K)->96K(192K) Class: 4K(128K)->4K(128K)
[2024-08-28T01:13:56.011+0000][info][gc             ] GC(314) Pause Full (G1 Compaction Pause) 1019M->436M(1024M) 74.074ms
[2024-08-28T01:13:56.012+0000][info][gc,cpu         ] GC(314) User=1.28s Sys=0.20s Real=0.08s
[2024-08-28T01:13:56.012+0000][info][gc,marking     ] GC(309) Concurrent Rebuild Remembered Sets 145.656ms
[2024-08-28T01:13:56.012+0000][info][gc,marking     ] GC(309) Concurrent Mark Abort
[2024-08-28T01:13:56.012+0000][info][gc             ] GC(309) Concurrent Mark Cycle 174.855ms
[2024-08-28T01:13:56.086+0000][info][gc,start       ] GC(315) Pause Young (Normal) (G1 Evacuation Pause)
[2024-08-28T01:13:56.086+0000][info][gc,task        ] GC(315) Using 24 workers of 68 for evacuation
[2024-08-28T01:13:56.110+0000][info][gc,phases      ] GC(315)   Pre Evacuate Collection Set: 0.2ms
[2024-08-28T01:13:56.110+0000][info][gc,phases      ] GC(315)   Merge Heap Roots: 0.6ms
[2024-08-28T01:13:56.110+0000][info][gc,phases      ] GC(315)   Evacuate Collection Set: 22.6ms
[2024-08-28T01:13:56.110+0000][info][gc,phases      ] GC(315)   Post Evacuate Collection Set: 0.5ms
[2024-08-28T01:13:56.110+0000][info][gc,phases      ] GC(315)   Other: 0.4ms
[2024-08-28T01:13:56.110+0000][info][gc,heap        ] GC(315) Eden regions: 150->0(103)
[2024-08-28T01:13:56.110+0000][info][gc,heap        ] GC(315) Survivor regions: 0->19(19)
[2024-08-28T01:13:56.110+0000][info][gc,heap        ] GC(315) Old regions: 443->570
[2024-08-28T01:13:56.110+0000][info][gc,heap        ] GC(315) Archive regions: 2->2
[2024-08-28T01:13:56.110+0000][info][gc,heap        ] GC(315) Humongous regions: 5->5
[2024-08-28T01:13:56.110+0000][info][gc,metaspace   ] GC(315) Metaspace: 100K(320K)->100K(320K) NonClass: 96K(192K)->96K(192K) Class: 4K(128K)->4K(128K)
[2024-08-28T01:13:56.110+0000][info][gc             ] GC(315) Pause Young (Normal) (G1 Evacuation Pause) 586M->582M(1024M) 24.328ms
[2024-08-28T01:13:56.110+0000][info][gc,cpu         ] GC(315) User=0.33s Sys=0.21s Real=0.03s
[2024-08-28T01:13:56.160+0000][info][gc,start       ] GC(316) Pause Young (Concurrent Start) (G1 Evacuation Pause)
[2024-08-28T01:13:56.160+0000][info][gc,task        ] GC(316) Using 24 workers of 68 for evacuation
[2024-08-28T01:13:56.178+0000][info][gc,phases      ] GC(316)   Pre Evacuate Collection Set: 0.2ms
[2024-08-28T01:13:56.178+0000][info][gc,phases      ] GC(316)   Merge Heap Roots: 0.6ms
[2024-08-28T01:13:56.178+0000][info][gc,phases      ] GC(316)   Evacuate Collection Set: 16.2ms
[2024-08-28T01:13:56.178+0000][info][gc,phases      ] GC(316)   Post Evacuate Collection Set: 0.4ms
[2024-08-28T01:13:56.178+0000][info][gc,phases      ] GC(316)   Other: 1.0ms
[2024-08-28T01:13:56.178+0000][info][gc,heap        ] GC(316) Eden regions: 103->0(70)
[2024-08-28T01:13:56.178+0000][info][gc,heap        ] GC(316) Survivor regions: 19->16(16)
[2024-08-28T01:13:56.178+0000][info][gc,heap        ] GC(316) Old regions: 570->677
[2024-08-28T01:13:56.178+0000][info][gc,heap        ] GC(316) Archive regions: 2->2
[2024-08-28T01:13:56.178+0000][info][gc,heap        ] GC(316) Humongous regions: 5->5
[2024-08-28T01:13:56.178+0000][info][gc,metaspace   ] GC(316) Metaspace: 100K(320K)->100K(320K) NonClass: 96K(192K)->96K(192K) Class: 4K(128K)->4K(128K)
[2024-08-28T01:13:56.179+0000][info][gc             ] GC(316) Pause Young (Concurrent Start) (G1 Evacuation Pause) 685M->686M(1024M) 18.553ms
[2024-08-28T01:13:56.179+0000][info][gc,cpu         ] GC(316) User=0.36s Sys=0.04s Real=0.02s
[2024-08-28T01:13:56.179+0000][info][gc             ] GC(317) Concurrent Mark Cycle
[2024-08-28T01:13:56.179+0000][info][gc,marking     ] GC(317) Concurrent Clear Claimed Marks
[2024-08-28T01:13:56.179+0000][info][gc,marking     ] GC(317) Concurrent Clear Claimed Marks 0.011ms
[2024-08-28T01:13:56.179+0000][info][gc,marking     ] GC(317) Concurrent Scan Root Regions
[2024-08-28T01:13:56.182+0000][info][gc,marking     ] GC(317) Concurrent Scan Root Regions 3.244ms
[2024-08-28T01:13:56.182+0000][info][gc,marking     ] GC(317) Concurrent Mark
[2024-08-28T01:13:56.182+0000][info][gc,marking     ] GC(317) Concurrent Mark From Roots
[2024-08-28T01:13:56.182+0000][info][gc,task        ] GC(317) Using 17 workers of 17 for marking
[2024-08-28T01:13:56.203+0000][info][gc,marking     ] GC(317) Concurrent Mark From Roots 20.888ms
[2024-08-28T01:13:56.203+0000][info][gc,marking     ] GC(317) Concurrent Preclean
[2024-08-28T01:13:56.204+0000][info][gc,marking     ] GC(317) Concurrent Preclean 1.030ms
[2024-08-28T01:13:56.204+0000][info][gc,start       ] GC(317) Pause Remark
[2024-08-28T01:13:56.206+0000][info][gc             ] GC(317) Pause Remark 725M->725M(1024M) 1.776ms
[2024-08-28T01:13:56.206+0000][info][gc,cpu         ] GC(317) User=0.01s Sys=0.01s Real=0.00s
[2024-08-28T01:13:56.206+0000][info][gc,marking     ] GC(317) Concurrent Mark 24.217ms
[2024-08-28T01:13:56.206+0000][info][gc,marking     ] GC(317) Concurrent Rebuild Remembered Sets
[2024-08-28T01:13:56.224+0000][info][gc,start       ] GC(318) Pause Young (Normal) (G1 Evacuation Pause)
[2024-08-28T01:13:56.224+0000][info][gc,task        ] GC(318) Using 24 workers of 68 for evacuation
[2024-08-28T01:13:56.242+0000][info][gc,phases      ] GC(318)   Pre Evacuate Collection Set: 0.2ms
[2024-08-28T01:13:56.242+0000][info][gc,phases      ] GC(318)   Merge Heap Roots: 0.6ms
[2024-08-28T01:13:56.242+0000][info][gc,phases      ] GC(318)   Evacuate Collection Set: 16.9ms
[2024-08-28T01:13:56.242+0000][info][gc,phases      ] GC(318)   Post Evacuate Collection Set: 0.5ms
[2024-08-28T01:13:56.242+0000][info][gc,phases      ] GC(318)   Other: 0.3ms
[2024-08-28T01:13:56.242+0000][info][gc,heap        ] GC(318) Eden regions: 70->0(46)
[2024-08-28T01:13:56.242+0000][info][gc,heap        ] GC(318) Survivor regions: 16->11(11)
[2024-08-28T01:13:56.242+0000][info][gc,heap        ] GC(318) Old regions: 677->756
[2024-08-28T01:13:56.242+0000][info][gc,heap        ] GC(318) Archive regions: 2->2
[2024-08-28T01:13:56.242+0000][info][gc,heap        ] GC(318) Humongous regions: 5->5
[2024-08-28T01:13:56.242+0000][info][gc,metaspace   ] GC(318) Metaspace: 100K(320K)->100K(320K) NonClass: 96K(192K)->96K(192K) Class: 4K(128K)->4K(128K)
[2024-08-28T01:13:56.242+0000][info][gc             ] GC(318) Pause Young (Normal) (G1 Evacuation Pause) 756M->760M(1024M) 18.690ms
[2024-08-28T01:13:56.242+0000][info][gc,cpu         ] GC(318) User=0.35s Sys=0.03s Real=0.02s
[2024-08-28T01:13:56.242+0000][info][gc,marking     ] GC(317) Concurrent Rebuild Remembered Sets 36.127ms
[2024-08-28T01:13:56.243+0000][info][gc,start       ] GC(317) Pause Cleanup
[2024-08-28T01:13:56.245+0000][info][gc             ] GC(317) Pause Cleanup 760M->760M(1024M) 2.558ms
[2024-08-28T01:13:56.245+0000][info][gc,cpu         ] GC(317) User=0.01s Sys=0.00s Real=0.00s
[2024-08-28T01:13:56.245+0000][info][gc,marking     ] GC(317) Concurrent Cleanup for Next Mark
[2024-08-28T01:13:56.246+0000][info][gc,marking     ] GC(317) Concurrent Cleanup for Next Mark 0.688ms
[2024-08-28T01:13:56.246+0000][info][gc             ] GC(317) Concurrent Mark Cycle 67.460ms
[2024-08-28T01:13:56.273+0000][info][gc,start       ] GC(319) Pause Young (Prepare Mixed) (G1 Evacuation Pause)
[2024-08-28T01:13:56.273+0000][info][gc,task        ] GC(319) Using 24 workers of 68 for evacuation
[2024-08-28T01:13:56.290+0000][info][gc,phases      ] GC(319)   Pre Evacuate Collection Set: 0.2ms
[2024-08-28T01:13:56.290+0000][info][gc,phases      ] GC(319)   Merge Heap Roots: 0.8ms
[2024-08-28T01:13:56.290+0000][info][gc,phases      ] GC(319)   Evacuate Collection Set: 15.7ms
[2024-08-28T01:13:56.290+0000][info][gc,phases      ] GC(319)   Post Evacuate Collection Set: 0.4ms
[2024-08-28T01:13:56.291+0000][info][gc,phases      ] GC(319)   Other: 0.3ms
[2024-08-28T01:13:56.291+0000][info][gc,heap        ] GC(319) Eden regions: 46->0(43)
[2024-08-28T01:13:56.291+0000][info][gc,heap        ] GC(319) Survivor regions: 11->8(8)
[2024-08-28T01:13:56.291+0000][info][gc,heap        ] GC(319) Old regions: 756->809
[2024-08-28T01:13:56.291+0000][info][gc,heap        ] GC(319) Archive regions: 2->2
[2024-08-28T01:13:56.291+0000][info][gc,heap        ] GC(319) Humongous regions: 5->5
[2024-08-28T01:13:56.291+0000][info][gc,metaspace   ] GC(319) Metaspace: 100K(320K)->100K(320K) NonClass: 96K(192K)->96K(192K) Class: 4K(128K)->4K(128K)
[2024-08-28T01:13:56.291+0000][info][gc             ] GC(319) Pause Young (Prepare Mixed) (G1 Evacuation Pause) 806M->810M(1024M) 17.532ms
[2024-08-28T01:13:56.291+0000][info][gc,cpu         ] GC(319) User=0.29s Sys=0.11s Real=0.02s
[2024-08-28T01:13:56.313+0000][info][gc,start       ] GC(320) Pause Young (Mixed) (G1 Evacuation Pause)
[2024-08-28T01:13:56.313+0000][info][gc,task        ] GC(320) Using 24 workers of 68 for evacuation
[2024-08-28T01:13:56.325+0000][info][gc,phases      ] GC(320)   Pre Evacuate Collection Set: 0.2ms
[2024-08-28T01:13:56.325+0000][info][gc,phases      ] GC(320)   Merge Heap Roots: 0.6ms
[2024-08-28T01:13:56.325+0000][info][gc,phases      ] GC(320)   Evacuate Collection Set: 10.5ms
[2024-08-28T01:13:56.325+0000][info][gc,phases      ] GC(320)   Post Evacuate Collection Set: 0.4ms
[2024-08-28T01:13:56.325+0000][info][gc,phases      ] GC(320)   Other: 0.3ms
[2024-08-28T01:13:56.325+0000][info][gc,heap        ] GC(320) Eden regions: 43->0(44)
[2024-08-28T01:13:56.325+0000][info][gc,heap        ] GC(320) Survivor regions: 8->7(7)
[2024-08-28T01:13:56.325+0000][info][gc,heap        ] GC(320) Old regions: 809->795
[2024-08-28T01:13:56.325+0000][info][gc,heap        ] GC(320) Archive regions: 2->2
[2024-08-28T01:13:56.325+0000][info][gc,heap        ] GC(320) Humongous regions: 5->5
[2024-08-28T01:13:56.325+0000][info][gc,metaspace   ] GC(320) Metaspace: 100K(320K)->100K(320K) NonClass: 96K(192K)->96K(192K) Class: 4K(128K)->4K(128K)
[2024-08-28T01:13:56.325+0000][info][gc             ] GC(320) Pause Young (Mixed) (G1 Evacuation Pause) 853M->795M(1024M) 12.150ms
[2024-08-28T01:13:56.325+0000][info][gc,cpu         ] GC(320) User=0.23s Sys=0.03s Real=0.01s
[2024-08-28T01:13:56.348+0000][info][gc,start       ] GC(321) Pause Young (Mixed) (G1 Evacuation Pause)
[2024-08-28T01:13:56.348+0000][info][gc,task        ] GC(321) Using 24 workers of 68 for evacuation
[2024-08-28T01:13:56.359+0000][info][gc,phases      ] GC(321)   Pre Evacuate Collection Set: 0.2ms
[2024-08-28T01:13:56.359+0000][info][gc,phases      ] GC(321)   Merge Heap Roots: 0.6ms
[2024-08-28T01:13:56.359+0000][info][gc,phases      ] GC(321)   Evacuate Collection Set: 10.0ms
[2024-08-28T01:13:56.359+0000][info][gc,phases      ] GC(321)   Post Evacuate Collection Set: 0.5ms
[2024-08-28T01:13:56.359+0000][info][gc,phases      ] GC(321)   Other: 0.3ms
[2024-08-28T01:13:56.359+0000][info][gc,heap        ] GC(321) Eden regions: 44->0(44)
[2024-08-28T01:13:56.359+0000][info][gc,heap        ] GC(321) Survivor regions: 7->7(7)
[2024-08-28T01:13:56.359+0000][info][gc,heap        ] GC(321) Old regions: 795->780
[2024-08-28T01:13:56.359+0000][info][gc,heap        ] GC(321) Archive regions: 2->2
[2024-08-28T01:13:56.359+0000][info][gc,heap        ] GC(321) Humongous regions: 5->5
[2024-08-28T01:13:56.359+0000][info][gc,metaspace   ] GC(321) Metaspace: 100K(320K)->100K(320K) NonClass: 96K(192K)->96K(192K) Class: 4K(128K)->4K(128K)
[2024-08-28T01:13:56.360+0000][info][gc             ] GC(321) Pause Young (Mixed) (G1 Evacuation Pause) 839M->781M(1024M) 11.867ms
[2024-08-28T01:13:56.360+0000][info][gc,cpu         ] GC(321) User=0.25s Sys=0.00s Real=0.02s
[2024-08-28T01:13:56.382+0000][info][gc,start       ] GC(322) Pause Young (Mixed) (G1 Evacuation Pause)
[2024-08-28T01:13:56.382+0000][info][gc,task        ] GC(322) Using 24 workers of 68 for evacuation
[2024-08-28T01:13:56.393+0000][info][gc,phases      ] GC(322)   Pre Evacuate Collection Set: 0.2ms
[2024-08-28T01:13:56.394+0000][info][gc,phases      ] GC(322)   Merge Heap Roots: 0.6ms
[2024-08-28T01:13:56.394+0000][info][gc,phases      ] GC(322)   Evacuate Collection Set: 9.7ms
[2024-08-28T01:13:56.394+0000][info][gc,phases      ] GC(322)   Post Evacuate Collection Set: 0.4ms
[2024-08-28T01:13:56.394+0000][info][gc,phases      ] GC(322)   Other: 0.3ms
[2024-08-28T01:13:56.394+0000][info][gc,heap        ] GC(322) Eden regions: 44->0(44)
[2024-08-28T01:13:56.394+0000][info][gc,heap        ] GC(322) Survivor regions: 7->7(7)
[2024-08-28T01:13:56.394+0000][info][gc,heap        ] GC(322) Old regions: 780->766
[2024-08-28T01:13:56.394+0000][info][gc,heap        ] GC(322) Archive regions: 2->2
[2024-08-28T01:13:56.394+0000][info][gc,heap        ] GC(322) Humongous regions: 5->5
[2024-08-28T01:13:56.394+0000][info][gc,metaspace   ] GC(322) Metaspace: 100K(320K)->100K(320K) NonClass: 96K(192K)->96K(192K) Class: 4K(128K)->4K(128K)
[2024-08-28T01:13:56.394+0000][info][gc             ] GC(322) Pause Young (Mixed) (G1 Evacuation Pause) 825M->769M(1024M) 11.486ms
[2024-08-28T01:13:56.394+0000][info][gc,cpu         ] GC(322) User=0.24s Sys=0.00s Real=0.01s
[2024-08-28T01:13:56.416+0000][info][gc,start       ] GC(323) Pause Young (Mixed) (G1 Evacuation Pause)
[2024-08-28T01:13:56.416+0000][info][gc,task        ] GC(323) Using 24 workers of 68 for evacuation
[2024-08-28T01:13:56.427+0000][info][gc,phases      ] GC(323)   Pre Evacuate Collection Set: 0.2ms
[2024-08-28T01:13:56.427+0000][info][gc,phases      ] GC(323)   Merge Heap Roots: 0.5ms
[2024-08-28T01:13:56.427+0000][info][gc,phases      ] GC(323)   Evacuate Collection Set: 9.5ms
[2024-08-28T01:13:56.427+0000][info][gc,phases      ] GC(323)   Post Evacuate Collection Set: 0.4ms
[2024-08-28T01:13:56.427+0000][info][gc,phases      ] GC(323)   Other: 0.3ms
[2024-08-28T01:13:56.427+0000][info][gc,heap        ] GC(323) Eden regions: 44->0(44)
[2024-08-28T01:13:56.427+0000][info][gc,heap        ] GC(323) Survivor regions: 7->7(7)
[2024-08-28T01:13:56.427+0000][info][gc,heap        ] GC(323) Old regions: 766->801
[2024-08-28T01:13:56.427+0000][info][gc,heap        ] GC(323) Archive regions: 2->2
[2024-08-28T01:13:56.427+0000][info][gc,heap        ] GC(323) Humongous regions: 5->5
[2024-08-28T01:13:56.427+0000][info][gc,metaspace   ] GC(323) Metaspace: 100K(320K)->100K(320K) NonClass: 96K(192K)->96K(192K) Class: 4K(128K)->4K(128K)
[2024-08-28T01:13:56.427+0000][info][gc             ] GC(323) Pause Young (Mixed) (G1 Evacuation Pause) 813M->807M(1024M) 10.971ms
[2024-08-28T01:13:56.427+0000][info][gc,cpu         ] GC(323) User=0.23s Sys=0.00s Real=0.01s
[2024-08-28T01:13:56.449+0000][info][gc,start       ] GC(324) Pause Young (Concurrent Start) (G1 Evacuation Pause)
[2024-08-28T01:13:56.449+0000][info][gc,task        ] GC(324) Using 24 workers of 68 for evacuation
[2024-08-28T01:13:56.461+0000][info][gc,phases      ] GC(324)   Pre Evacuate Collection Set: 0.2ms
[2024-08-28T01:13:56.461+0000][info][gc,phases      ] GC(324)   Merge Heap Roots: 0.6ms
[2024-08-28T01:13:56.461+0000][info][gc,phases      ] GC(324)   Evacuate Collection Set: 9.3ms
[2024-08-28T01:13:56.461+0000][info][gc,phases      ] GC(324)   Post Evacuate Collection Set: 0.4ms
[2024-08-28T01:13:56.461+0000][info][gc,phases      ] GC(324)   Other: 1.0ms
[2024-08-28T01:13:56.461+0000][info][gc,heap        ] GC(324) Eden regions: 44->0(44)
[2024-08-28T01:13:56.461+0000][info][gc,heap        ] GC(324) Survivor regions: 7->7(7)
[2024-08-28T01:13:56.461+0000][info][gc,heap        ] GC(324) Old regions: 801->848
[2024-08-28T01:13:56.461+0000][info][gc,heap        ] GC(324) Archive regions: 2->2
[2024-08-28T01:13:56.461+0000][info][gc,heap        ] GC(324) Humongous regions: 5->5
[2024-08-28T01:13:56.461+0000][info][gc,metaspace   ] GC(324) Metaspace: 100K(320K)->100K(320K) NonClass: 96K(192K)->96K(192K) Class: 4K(128K)->4K(128K)
[2024-08-28T01:13:56.461+0000][info][gc             ] GC(324) Pause Young (Concurrent Start) (G1 Evacuation Pause) 851M->854M(1024M) 11.638ms
[2024-08-28T01:13:56.461+0000][info][gc,cpu         ] GC(324) User=0.23s Sys=0.01s Real=0.02s
[2024-08-28T01:13:56.461+0000][info][gc             ] GC(325) Concurrent Mark Cycle
[2024-08-28T01:13:56.461+0000][info][gc,marking     ] GC(325) Concurrent Clear Claimed Marks
[2024-08-28T01:13:56.461+0000][info][gc,marking     ] GC(325) Concurrent Clear Claimed Marks 0.011ms
[2024-08-28T01:13:56.461+0000][info][gc,marking     ] GC(325) Concurrent Scan Root Regions
[2024-08-28T01:13:56.462+0000][info][gc,marking     ] GC(325) Concurrent Scan Root Regions 1.345ms
[2024-08-28T01:13:56.462+0000][info][gc,marking     ] GC(325) Concurrent Mark
[2024-08-28T01:13:56.462+0000][info][gc,marking     ] GC(325) Concurrent Mark From Roots
[2024-08-28T01:13:56.462+0000][info][gc,task        ] GC(325) Using 17 workers of 17 for marking
[2024-08-28T01:13:56.487+0000][info][gc,marking     ] GC(325) Concurrent Mark From Roots 24.635ms
[2024-08-28T01:13:56.487+0000][info][gc,marking     ] GC(325) Concurrent Preclean
[2024-08-28T01:13:56.488+0000][info][gc,marking     ] GC(325) Concurrent Preclean 0.506ms
[2024-08-28T01:13:56.488+0000][info][gc,start       ] GC(325) Pause Remark
[2024-08-28T01:13:56.490+0000][info][gc             ] GC(325) Pause Remark 894M->894M(1024M) 1.982ms
[2024-08-28T01:13:56.490+0000][info][gc,cpu         ] GC(325) User=0.00s Sys=0.00s Real=0.01s
[2024-08-28T01:13:56.490+0000][info][gc,marking     ] GC(325) Concurrent Mark 27.651ms
[2024-08-28T01:13:56.490+0000][info][gc,marking     ] GC(325) Concurrent Rebuild Remembered Sets
[2024-08-28T01:13:56.492+0000][info][gc,start       ] GC(326) Pause Young (Normal) (G1 Evacuation Pause)
[2024-08-28T01:13:56.492+0000][info][gc,task        ] GC(326) Using 24 workers of 68 for evacuation
[2024-08-28T01:13:56.502+0000][info][gc,phases      ] GC(326)   Pre Evacuate Collection Set: 0.2ms
[2024-08-28T01:13:56.503+0000][info][gc,phases      ] GC(326)   Merge Heap Roots: 0.6ms
[2024-08-28T01:13:56.503+0000][info][gc,phases      ] GC(326)   Evacuate Collection Set: 8.7ms
[2024-08-28T01:13:56.503+0000][info][gc,phases      ] GC(326)   Post Evacuate Collection Set: 0.5ms
[2024-08-28T01:13:56.503+0000][info][gc,phases      ] GC(326)   Other: 0.3ms
[2024-08-28T01:13:56.503+0000][info][gc,heap        ] GC(326) Eden regions: 44->0(44)
[2024-08-28T01:13:56.503+0000][info][gc,heap        ] GC(326) Survivor regions: 7->7(7)
[2024-08-28T01:13:56.503+0000][info][gc,heap        ] GC(326) Old regions: 848->894
[2024-08-28T01:13:56.503+0000][info][gc,heap        ] GC(326) Archive regions: 2->2
[2024-08-28T01:13:56.503+0000][info][gc,heap        ] GC(326) Humongous regions: 5->5
[2024-08-28T01:13:56.503+0000][info][gc,metaspace   ] GC(326) Metaspace: 100K(320K)->100K(320K) NonClass: 96K(192K)->96K(192K) Class: 4K(128K)->4K(128K)
[2024-08-28T01:13:56.503+0000][info][gc             ] GC(326) Pause Young (Normal) (G1 Evacuation Pause) 898M->900M(1024M) 10.505ms
[2024-08-28T01:13:56.503+0000][info][gc,cpu         ] GC(326) User=0.23s Sys=0.00s Real=0.01s
[2024-08-28T01:13:56.525+0000][info][gc,start       ] GC(327) Pause Young (Normal) (G1 Evacuation Pause)
[2024-08-28T01:13:56.525+0000][info][gc,task        ] GC(327) Using 24 workers of 68 for evacuation
[2024-08-28T01:13:56.539+0000][info][gc,phases      ] GC(327)   Pre Evacuate Collection Set: 0.2ms
[2024-08-28T01:13:56.539+0000][info][gc,phases      ] GC(327)   Merge Heap Roots: 0.8ms
[2024-08-28T01:13:56.539+0000][info][gc,phases      ] GC(327)   Evacuate Collection Set: 12.5ms
[2024-08-28T01:13:56.539+0000][info][gc,phases      ] GC(327)   Post Evacuate Collection Set: 0.7ms
[2024-08-28T01:13:56.539+0000][info][gc,phases      ] GC(327)   Other: 0.3ms
[2024-08-28T01:13:56.539+0000][info][gc,heap        ] GC(327) Eden regions: 44->0(44)
[2024-08-28T01:13:56.539+0000][info][gc,heap        ] GC(327) Survivor regions: 7->7(7)
[2024-08-28T01:13:56.539+0000][info][gc,heap        ] GC(327) Old regions: 894->941
[2024-08-28T01:13:56.539+0000][info][gc,heap        ] GC(327) Archive regions: 2->2
[2024-08-28T01:13:56.539+0000][info][gc,heap        ] GC(327) Humongous regions: 5->5
[2024-08-28T01:13:56.539+0000][info][gc,metaspace   ] GC(327) Metaspace: 100K(320K)->100K(320K) NonClass: 96K(192K)->96K(192K) Class: 4K(128K)->4K(128K)
[2024-08-28T01:13:56.539+0000][info][gc             ] GC(327) Pause Young (Normal) (G1 Evacuation Pause) 944M->946M(1024M) 14.585ms
[2024-08-28T01:13:56.539+0000][info][gc,cpu         ] GC(327) User=0.32s Sys=0.00s Real=0.02s
[2024-08-28T01:13:56.568+0000][info][gc,marking     ] GC(325) Concurrent Rebuild Remembered Sets 77.762ms
[2024-08-28T01:13:56.568+0000][info][gc,start       ] GC(325) Pause Cleanup
[2024-08-28T01:13:56.572+0000][info][gc             ] GC(325) Pause Cleanup 972M->972M(1024M) 3.359ms
[2024-08-28T01:13:56.572+0000][info][gc,cpu         ] GC(325) User=0.00s Sys=0.00s Real=0.01s
[2024-08-28T01:13:56.572+0000][info][gc,marking     ] GC(325) Concurrent Cleanup for Next Mark
[2024-08-28T01:13:56.573+0000][info][gc,marking     ] GC(325) Concurrent Cleanup for Next Mark 0.783ms
[2024-08-28T01:13:56.573+0000][info][gc             ] GC(325) Concurrent Mark Cycle 111.725ms
[2024-08-28T01:13:56.576+0000][info][gc,start       ] GC(328) Pause Young (Prepare Mixed) (G1 Preventive Collection)
[2024-08-28T01:13:56.576+0000][info][gc,task        ] GC(328) Using 24 workers of 68 for evacuation
[2024-08-28T01:13:56.631+0000][info][gc,phases      ] GC(328)   Pre Evacuate Collection Set: 0.2ms
[2024-08-28T01:13:56.631+0000][info][gc,phases      ] GC(328)   Merge Heap Roots: 1.0ms
[2024-08-28T01:13:56.631+0000][info][gc,phases      ] GC(328)   Evacuate Collection Set: 52.7ms
[2024-08-28T01:13:56.631+0000][info][gc,phases      ] GC(328)   Post Evacuate Collection Set: 0.4ms
[2024-08-28T01:13:56.631+0000][info][gc,phases      ] GC(328)   Other: 0.3ms
[2024-08-28T01:13:56.631+0000][info][gc,heap        ] GC(328) Eden regions: 29->0(44)
[2024-08-28T01:13:56.631+0000][info][gc,heap        ] GC(328) Survivor regions: 7->7(7)
[2024-08-28T01:13:56.631+0000][info][gc,heap        ] GC(328) Old regions: 941->974
[2024-08-28T01:13:56.631+0000][info][gc,heap        ] GC(328) Archive regions: 2->2
[2024-08-28T01:13:56.631+0000][info][gc,heap        ] GC(328) Humongous regions: 5->5
[2024-08-28T01:13:56.631+0000][info][gc,metaspace   ] GC(328) Metaspace: 100K(320K)->100K(320K) NonClass: 96K(192K)->96K(192K) Class: 4K(128K)->4K(128K)
[2024-08-28T01:13:56.631+0000][info][gc             ] GC(328) Pause Young (Prepare Mixed) (G1 Preventive Collection) 975M->979M(1024M) 54.748ms
[2024-08-28T01:13:56.631+0000][info][gc,cpu         ] GC(328) User=0.45s Sys=0.83s Real=0.06s
[2024-08-28T01:13:56.639+0000][info][gc,start       ] GC(329) Pause Young (Mixed) (G1 Preventive Collection)
[2024-08-28T01:13:56.639+0000][info][gc,task        ] GC(329) Using 24 workers of 68 for evacuation
[2024-08-28T01:13:56.646+0000][info][gc,phases      ] GC(329)   Pre Evacuate Collection Set: 0.2ms
[2024-08-28T01:13:56.646+0000][info][gc,phases      ] GC(329)   Merge Heap Roots: 0.5ms
[2024-08-28T01:13:56.646+0000][info][gc,phases      ] GC(329)   Evacuate Collection Set: 5.3ms
[2024-08-28T01:13:56.646+0000][info][gc,phases      ] GC(329)   Post Evacuate Collection Set: 0.4ms
[2024-08-28T01:13:56.646+0000][info][gc,phases      ] GC(329)   Other: 0.3ms
[2024-08-28T01:13:56.646+0000][info][gc,heap        ] GC(329) Eden regions: 13->0(44)
[2024-08-28T01:13:56.646+0000][info][gc,heap        ] GC(329) Survivor regions: 7->7(7)
[2024-08-28T01:13:56.646+0000][info][gc,heap        ] GC(329) Old regions: 974->928
[2024-08-28T01:13:56.646+0000][info][gc,heap        ] GC(329) Archive regions: 2->2
[2024-08-28T01:13:56.646+0000][info][gc,heap        ] GC(329) Humongous regions: 5->5
[2024-08-28T01:13:56.646+0000][info][gc,metaspace   ] GC(329) Metaspace: 100K(320K)->100K(320K) NonClass: 96K(192K)->96K(192K) Class: 4K(128K)->4K(128K)
[2024-08-28T01:13:56.646+0000][info][gc             ] GC(329) Pause Young (Mixed) (G1 Preventive Collection) 992M->936M(1024M) 6.863ms
[2024-08-28T01:13:56.646+0000][info][gc,cpu         ] GC(329) User=0.12s Sys=0.02s Real=0.00s
[2024-08-28T01:13:56.665+0000][info][gc,start       ] GC(330) Pause Young (Mixed) (G1 Preventive Collection)
[2024-08-28T01:13:56.665+0000][info][gc,task        ] GC(330) Using 24 workers of 68 for evacuation
[2024-08-28T01:13:56.675+0000][info][gc,phases      ] GC(330)   Pre Evacuate Collection Set: 0.2ms
[2024-08-28T01:13:56.675+0000][info][gc,phases      ] GC(330)   Merge Heap Roots: 0.6ms
[2024-08-28T01:13:56.675+0000][info][gc,phases      ] GC(330)   Evacuate Collection Set: 8.5ms
[2024-08-28T01:13:56.675+0000][info][gc,phases      ] GC(330)   Post Evacuate Collection Set: 0.4ms
[2024-08-28T01:13:56.675+0000][info][gc,phases      ] GC(330)   Other: 0.4ms
[2024-08-28T01:13:56.675+0000][info][gc,heap        ] GC(330) Eden regions: 35->0(44)
[2024-08-28T01:13:56.675+0000][info][gc,heap        ] GC(330) Survivor regions: 7->7(7)
[2024-08-28T01:13:56.675+0000][info][gc,heap        ] GC(330) Old regions: 928->902
[2024-08-28T01:13:56.675+0000][info][gc,heap        ] GC(330) Archive regions: 2->2
[2024-08-28T01:13:56.675+0000][info][gc,heap        ] GC(330) Humongous regions: 5->5
[2024-08-28T01:13:56.675+0000][info][gc,metaspace   ] GC(330) Metaspace: 100K(320K)->100K(320K) NonClass: 96K(192K)->96K(192K) Class: 4K(128K)->4K(128K)
[2024-08-28T01:13:56.675+0000][info][gc             ] GC(330) Pause Young (Mixed) (G1 Preventive Collection) 971M->911M(1024M) 10.291ms
[2024-08-28T01:13:56.675+0000][info][gc,cpu         ] GC(330) User=0.22s Sys=0.00s Real=0.01s
[2024-08-28T01:13:56.701+0000][info][gc,start       ] GC(331) Pause Young (Mixed) (G1 Evacuation Pause)
[2024-08-28T01:13:56.701+0000][info][gc,task        ] GC(331) Using 24 workers of 68 for evacuation
[2024-08-28T01:13:56.713+0000][info][gc,phases      ] GC(331)   Pre Evacuate Collection Set: 0.2ms
[2024-08-28T01:13:56.713+0000][info][gc,phases      ] GC(331)   Merge Heap Roots: 0.6ms
[2024-08-28T01:13:56.713+0000][info][gc,phases      ] GC(331)   Evacuate Collection Set: 10.3ms
[2024-08-28T01:13:56.713+0000][info][gc,phases      ] GC(331)   Post Evacuate Collection Set: 0.4ms
[2024-08-28T01:13:56.713+0000][info][gc,phases      ] GC(331)   Other: 0.4ms
[2024-08-28T01:13:56.713+0000][info][gc,heap        ] GC(331) Eden regions: 44->0(44)
[2024-08-28T01:13:56.713+0000][info][gc,heap        ] GC(331) Survivor regions: 7->7(7)
[2024-08-28T01:13:56.713+0000][info][gc,heap        ] GC(331) Old regions: 902->886
[2024-08-28T01:13:56.713+0000][info][gc,heap        ] GC(331) Archive regions: 2->2
[2024-08-28T01:13:56.713+0000][info][gc,heap        ] GC(331) Humongous regions: 5->5
[2024-08-28T01:13:56.713+0000][info][gc,metaspace   ] GC(331) Metaspace: 100K(320K)->100K(320K) NonClass: 96K(192K)->96K(192K) Class: 4K(128K)->4K(128K)
[2024-08-28T01:13:56.713+0000][info][gc             ] GC(331) Pause Young (Mixed) (G1 Evacuation Pause) 955M->896M(1024M) 12.077ms
[2024-08-28T01:13:56.713+0000][info][gc,cpu         ] GC(331) User=0.26s Sys=0.00s Real=0.01s
[2024-08-28T01:13:56.742+0000][info][gc,start       ] GC(332) Pause Young (Mixed) (G1 Evacuation Pause)
[2024-08-28T01:13:56.742+0000][info][gc,task        ] GC(332) Using 24 workers of 68 for evacuation
[2024-08-28T01:13:56.755+0000][info][gc,phases      ] GC(332)   Pre Evacuate Collection Set: 0.2ms
[2024-08-28T01:13:56.755+0000][info][gc,phases      ] GC(332)   Merge Heap Roots: 0.5ms
[2024-08-28T01:13:56.755+0000][info][gc,phases      ] GC(332)   Evacuate Collection Set: 11.5ms
[2024-08-28T01:13:56.755+0000][info][gc,phases      ] GC(332)   Post Evacuate Collection Set: 0.4ms
[2024-08-28T01:13:56.755+0000][info][gc,phases      ] GC(332)   Other: 0.4ms
[2024-08-28T01:13:56.755+0000][info][gc,heap        ] GC(332) Eden regions: 44->0(44)
[2024-08-28T01:13:56.755+0000][info][gc,heap        ] GC(332) Survivor regions: 7->7(7)
[2024-08-28T01:13:56.755+0000][info][gc,heap        ] GC(332) Old regions: 886->870
[2024-08-28T01:13:56.755+0000][info][gc,heap        ] GC(332) Archive regions: 2->2
[2024-08-28T01:13:56.755+0000][info][gc,heap        ] GC(332) Humongous regions: 5->5
[2024-08-28T01:13:56.755+0000][info][gc,metaspace   ] GC(332) Metaspace: 100K(320K)->100K(320K) NonClass: 96K(192K)->96K(192K) Class: 4K(128K)->4K(128K)
[2024-08-28T01:13:56.755+0000][info][gc             ] GC(332) Pause Young (Mixed) (G1 Evacuation Pause) 940M->882M(1024M) 13.221ms
[2024-08-28T01:13:56.755+0000][info][gc,cpu         ] GC(332) User=0.26s Sys=0.03s Real=0.01s
[2024-08-28T01:13:56.781+0000][info][gc,start       ] GC(333) Pause Young (Mixed) (G1 Evacuation Pause)
[2024-08-28T01:13:56.781+0000][info][gc,task        ] GC(333) Using 24 workers of 68 for evacuation
[2024-08-28T01:13:56.797+0000][info][gc,phases      ] GC(333)   Pre Evacuate Collection Set: 0.2ms
[2024-08-28T01:13:56.797+0000][info][gc,phases      ] GC(333)   Merge Heap Roots: 0.6ms
[2024-08-28T01:13:56.798+0000][info][gc,phases      ] GC(333)   Evacuate Collection Set: 14.2ms
[2024-08-28T01:13:56.798+0000][info][gc,phases      ] GC(333)   Post Evacuate Collection Set: 1.0ms
[2024-08-28T01:13:56.798+0000][info][gc,phases      ] GC(333)   Other: 0.4ms
[2024-08-28T01:13:56.798+0000][info][gc,heap        ] GC(333) Eden regions: 44->0(44)
[2024-08-28T01:13:56.798+0000][info][gc,heap        ] GC(333) Survivor regions: 7->7(7)
[2024-08-28T01:13:56.798+0000][info][gc,heap        ] GC(333) Old regions: 870->860
[2024-08-28T01:13:56.798+0000][info][gc,heap        ] GC(333) Archive regions: 2->2
[2024-08-28T01:13:56.798+0000][info][gc,heap        ] GC(333) Humongous regions: 5->5
[2024-08-28T01:13:56.798+0000][info][gc,metaspace   ] GC(333) Metaspace: 100K(320K)->100K(320K) NonClass: 96K(192K)->96K(192K) Class: 4K(128K)->4K(128K)
[2024-08-28T01:13:56.798+0000][info][gc             ] GC(333) Pause Young (Mixed) (G1 Evacuation Pause) 926M->872M(1024M) 16.675ms
[2024-08-28T01:13:56.798+0000][info][gc,cpu         ] GC(333) User=0.25s Sys=0.11s Real=0.02s
[2024-08-28T01:13:56.820+0000][info][gc,start       ] GC(334) Pause Young (Mixed) (G1 Evacuation Pause)
[2024-08-28T01:13:56.820+0000][info][gc,task        ] GC(334) Using 24 workers of 68 for evacuation
[2024-08-28T01:13:56.835+0000][info][gc,phases      ] GC(334)   Pre Evacuate Collection Set: 0.5ms
[2024-08-28T01:13:56.835+0000][info][gc,phases      ] GC(334)   Merge Heap Roots: 0.7ms
[2024-08-28T01:13:56.835+0000][info][gc,phases      ] GC(334)   Evacuate Collection Set: 13.1ms
[2024-08-28T01:13:56.835+0000][info][gc,phases      ] GC(334)   Post Evacuate Collection Set: 0.5ms
[2024-08-28T01:13:56.835+0000][info][gc,phases      ] GC(334)   Other: 0.5ms
[2024-08-28T01:13:56.835+0000][info][gc,heap        ] GC(334) Eden regions: 44->0(44)
[2024-08-28T01:13:56.835+0000][info][gc,heap        ] GC(334) Survivor regions: 7->7(7)
[2024-08-28T01:13:56.835+0000][info][gc,heap        ] GC(334) Old regions: 860->855
[2024-08-28T01:13:56.835+0000][info][gc,heap        ] GC(334) Archive regions: 2->2
[2024-08-28T01:13:56.835+0000][info][gc,heap        ] GC(334) Humongous regions: 5->5
[2024-08-28T01:13:56.835+0000][info][gc,metaspace   ] GC(334) Metaspace: 100K(320K)->100K(320K) NonClass: 96K(192K)->96K(192K) Class: 4K(128K)->4K(128K)
[2024-08-28T01:13:56.835+0000][info][gc             ] GC(334) Pause Young (Mixed) (G1 Evacuation Pause) 916M->867M(1024M) 15.470ms
[2024-08-28T01:13:56.835+0000][info][gc,cpu         ] GC(334) User=0.33s Sys=0.00s Real=0.01s
[2024-08-28T01:13:56.856+0000][info][gc,start       ] GC(335) Pause Young (Mixed) (G1 Evacuation Pause)
[2024-08-28T01:13:56.856+0000][info][gc,task        ] GC(335) Using 24 workers of 68 for evacuation
[2024-08-28T01:13:56.868+0000][info][gc,phases      ] GC(335)   Pre Evacuate Collection Set: 0.2ms
[2024-08-28T01:13:56.868+0000][info][gc,phases      ] GC(335)   Merge Heap Roots: 0.6ms
[2024-08-28T01:13:56.868+0000][info][gc,phases      ] GC(335)   Evacuate Collection Set: 9.7ms
[2024-08-28T01:13:56.868+0000][info][gc,phases      ] GC(335)   Post Evacuate Collection Set: 0.4ms
[2024-08-28T01:13:56.868+0000][info][gc,phases      ] GC(335)   Other: 0.3ms
[2024-08-28T01:13:56.868+0000][info][gc,heap        ] GC(335) Eden regions: 44->0(44)
[2024-08-28T01:13:56.868+0000][info][gc,heap        ] GC(335) Survivor regions: 7->7(7)
[2024-08-28T01:13:56.868+0000][info][gc,heap        ] GC(335) Old regions: 855->901
[2024-08-28T01:13:56.868+0000][info][gc,heap        ] GC(335) Archive regions: 2->2
[2024-08-28T01:13:56.868+0000][info][gc,heap        ] GC(335) Humongous regions: 5->5
[2024-08-28T01:13:56.868+0000][info][gc,metaspace   ] GC(335) Metaspace: 100K(320K)->100K(320K) NonClass: 96K(192K)->96K(192K) Class: 4K(128K)->4K(128K)
[2024-08-28T01:13:56.868+0000][info][gc             ] GC(335) Pause Young (Mixed) (G1 Evacuation Pause) 911M->913M(1024M) 11.417ms
[2024-08-28T01:13:56.868+0000][info][gc,cpu         ] GC(335) User=0.25s Sys=0.00s Real=0.01s
[2024-08-28T01:13:56.889+0000][info][gc,start       ] GC(336) Pause Young (Concurrent Start) (G1 Evacuation Pause)
[2024-08-28T01:13:56.889+0000][info][gc,task        ] GC(336) Using 24 workers of 68 for evacuation
[2024-08-28T01:13:56.903+0000][info][gc,phases      ] GC(336)   Pre Evacuate Collection Set: 0.2ms
[2024-08-28T01:13:56.903+0000][info][gc,phases      ] GC(336)   Merge Heap Roots: 0.7ms
[2024-08-28T01:13:56.903+0000][info][gc,phases      ] GC(336)   Evacuate Collection Set: 12.0ms
[2024-08-28T01:13:56.903+0000][info][gc,phases      ] GC(336)   Post Evacuate Collection Set: 0.5ms
[2024-08-28T01:13:56.903+0000][info][gc,phases      ] GC(336)   Other: 1.1ms
[2024-08-28T01:13:56.903+0000][info][gc,heap        ] GC(336) Eden regions: 44->0(44)
[2024-08-28T01:13:56.903+0000][info][gc,heap        ] GC(336) Survivor regions: 7->7(7)
[2024-08-28T01:13:56.903+0000][info][gc,heap        ] GC(336) Old regions: 901->947
[2024-08-28T01:13:56.903+0000][info][gc,heap        ] GC(336) Archive regions: 2->2
[2024-08-28T01:13:56.903+0000][info][gc,heap        ] GC(336) Humongous regions: 5->5
[2024-08-28T01:13:56.903+0000][info][gc,metaspace   ] GC(336) Metaspace: 100K(320K)->100K(320K) NonClass: 96K(192K)->96K(192K) Class: 4K(128K)->4K(128K)
[2024-08-28T01:13:56.903+0000][info][gc             ] GC(336) Pause Young (Concurrent Start) (G1 Evacuation Pause) 957M->959M(1024M) 14.532ms
[2024-08-28T01:13:56.903+0000][info][gc,cpu         ] GC(336) User=0.26s Sys=0.04s Real=0.02s
[2024-08-28T01:13:56.903+0000][info][gc             ] GC(337) Concurrent Mark Cycle
[2024-08-28T01:13:56.903+0000][info][gc,marking     ] GC(337) Concurrent Clear Claimed Marks
[2024-08-28T01:13:56.903+0000][info][gc,marking     ] GC(337) Concurrent Clear Claimed Marks 0.011ms
[2024-08-28T01:13:56.903+0000][info][gc,marking     ] GC(337) Concurrent Scan Root Regions
[2024-08-28T01:13:56.905+0000][info][gc,marking     ] GC(337) Concurrent Scan Root Regions 1.502ms
[2024-08-28T01:13:56.905+0000][info][gc,marking     ] GC(337) Concurrent Mark
[2024-08-28T01:13:56.905+0000][info][gc,marking     ] GC(337) Concurrent Mark From Roots
[2024-08-28T01:13:56.905+0000][info][gc,task        ] GC(337) Using 17 workers of 17 for marking
[2024-08-28T01:13:56.923+0000][info][gc,start       ] GC(338) Pause Young (Normal) (G1 Preventive Collection)
[2024-08-28T01:13:56.923+0000][info][gc,task        ] GC(338) Using 24 workers of 68 for evacuation
[2024-08-28T01:13:56.932+0000][info][gc,phases      ] GC(338)   Pre Evacuate Collection Set: 0.2ms
[2024-08-28T01:13:56.932+0000][info][gc,phases      ] GC(338)   Merge Heap Roots: 0.6ms
[2024-08-28T01:13:56.932+0000][info][gc,phases      ] GC(338)   Evacuate Collection Set: 7.2ms
[2024-08-28T01:13:56.932+0000][info][gc,phases      ] GC(338)   Post Evacuate Collection Set: 0.4ms
[2024-08-28T01:13:56.932+0000][info][gc,phases      ] GC(338)   Other: 0.4ms
[2024-08-28T01:13:56.932+0000][info][gc,heap        ] GC(338) Eden regions: 26->0(44)
[2024-08-28T01:13:56.932+0000][info][gc,heap        ] GC(338) Survivor regions: 7->7(7)
[2024-08-28T01:13:56.932+0000][info][gc,heap        ] GC(338) Old regions: 947->977
[2024-08-28T01:13:56.932+0000][info][gc,heap        ] GC(338) Archive regions: 2->2
[2024-08-28T01:13:56.932+0000][info][gc,heap        ] GC(338) Humongous regions: 5->5
[2024-08-28T01:13:56.932+0000][info][gc,metaspace   ] GC(338) Metaspace: 100K(320K)->100K(320K) NonClass: 96K(192K)->96K(192K) Class: 4K(128K)->4K(128K)
[2024-08-28T01:13:56.932+0000][info][gc             ] GC(338) Pause Young (Normal) (G1 Preventive Collection) 985M->989M(1024M) 8.894ms
[2024-08-28T01:13:56.932+0000][info][gc,cpu         ] GC(338) User=0.13s Sys=0.06s Real=0.01s
[2024-08-28T01:13:56.940+0000][info][gc,marking     ] GC(337) Concurrent Mark From Roots 34.695ms
[2024-08-28T01:13:56.940+0000][info][gc,marking     ] GC(337) Concurrent Preclean
[2024-08-28T01:13:56.940+0000][info][gc,start       ] GC(339) Pause Young (Normal) (G1 Preventive Collection)
[2024-08-28T01:13:56.940+0000][info][gc,task        ] GC(339) Using 24 workers of 68 for evacuation
[2024-08-28T01:13:56.945+0000][info][gc             ] GC(339) To-space exhausted
[2024-08-28T01:13:56.945+0000][info][gc,phases      ] GC(339)   Pre Evacuate Collection Set: 0.2ms
[2024-08-28T01:13:56.945+0000][info][gc,phases      ] GC(339)   Merge Heap Roots: 0.5ms
[2024-08-28T01:13:56.945+0000][info][gc,phases      ] GC(339)   Evacuate Collection Set: 4.0ms
[2024-08-28T01:13:56.945+0000][info][gc,phases      ] GC(339)   Post Evacuate Collection Set: 0.7ms
[2024-08-28T01:13:56.945+0000][info][gc,phases      ] GC(339)   Other: 0.4ms
[2024-08-28T01:13:56.945+0000][info][gc,heap        ] GC(339) Eden regions: 12->0(44)
[2024-08-28T01:13:56.946+0000][info][gc,heap        ] GC(339) Survivor regions: 7->7(7)
[2024-08-28T01:13:56.946+0000][info][gc,heap        ] GC(339) Old regions: 977->1006
[2024-08-28T01:13:56.946+0000][info][gc,heap        ] GC(339) Archive regions: 2->2
[2024-08-28T01:13:56.946+0000][info][gc,heap        ] GC(339) Humongous regions: 5->5
[2024-08-28T01:13:56.946+0000][info][gc,metaspace   ] GC(339) Metaspace: 100K(320K)->100K(320K) NonClass: 96K(192K)->96K(192K) Class: 4K(128K)->4K(128K)
[2024-08-28T01:13:56.946+0000][info][gc             ] GC(339) Pause Young (Normal) (G1 Preventive Collection) 1001M->1018M(1024M) 5.867ms
[2024-08-28T01:13:56.946+0000][info][gc,cpu         ] GC(339) User=0.11s Sys=0.00s Real=0.00s
[2024-08-28T01:13:56.946+0000][info][gc,marking     ] GC(337) Concurrent Preclean 6.818ms
[2024-08-28T01:13:56.947+0000][info][gc,start       ] GC(340) Pause Young (Normal) (G1 Preventive Collection)
[2024-08-28T01:13:56.947+0000][info][gc,task        ] GC(340) Using 24 workers of 68 for evacuation
[2024-08-28T01:13:56.949+0000][info][gc             ] GC(340) To-space exhausted
[2024-08-28T01:13:56.949+0000][info][gc,phases      ] GC(340)   Pre Evacuate Collection Set: 0.2ms
[2024-08-28T01:13:56.949+0000][info][gc,phases      ] GC(340)   Merge Heap Roots: 0.2ms
[2024-08-28T01:13:56.949+0000][info][gc,phases      ] GC(340)   Evacuate Collection Set: 1.1ms
[2024-08-28T01:13:56.949+0000][info][gc,phases      ] GC(340)   Post Evacuate Collection Set: 0.5ms
[2024-08-28T01:13:56.949+0000][info][gc,phases      ] GC(340)   Other: 0.2ms
[2024-08-28T01:13:56.949+0000][info][gc,heap        ] GC(340) Eden regions: 1->0(50)
[2024-08-28T01:13:56.949+0000][info][gc,heap        ] GC(340) Survivor regions: 7->1(3)
[2024-08-28T01:13:56.949+0000][info][gc,heap        ] GC(340) Old regions: 1006->1016
[2024-08-28T01:13:56.949+0000][info][gc,heap        ] GC(340) Archive regions: 2->2
[2024-08-28T01:13:56.949+0000][info][gc,heap        ] GC(340) Humongous regions: 5->5
[2024-08-28T01:13:56.949+0000][info][gc,metaspace   ] GC(340) Metaspace: 100K(320K)->100K(320K) NonClass: 96K(192K)->96K(192K) Class: 4K(128K)->4K(128K)
[2024-08-28T01:13:56.949+0000][info][gc             ] GC(340) Pause Young (Normal) (G1 Preventive Collection) 1019M->1022M(1024M) 2.342ms
[2024-08-28T01:13:56.949+0000][info][gc,cpu         ] GC(340) User=0.03s Sys=0.01s Real=0.00s
[2024-08-28T01:13:56.949+0000][info][gc,ergo        ] Attempting full compaction
[2024-08-28T01:13:56.949+0000][info][gc,task        ] GC(341) Using 24 workers of 68 for full compaction
[2024-08-28T01:13:56.950+0000][info][gc,start       ] GC(341) Pause Full (G1 Compaction Pause)
[2024-08-28T01:13:56.951+0000][info][gc,phases,start] GC(341) Phase 1: Mark live objects
[2024-08-28T01:13:56.965+0000][info][gc,phases      ] GC(341) Phase 1: Mark live objects 14.771ms
[2024-08-28T01:13:56.965+0000][info][gc,phases,start] GC(341) Phase 2: Prepare for compaction
[2024-08-28T01:13:56.975+0000][info][gc,phases      ] GC(341) Phase 2: Prepare for compaction 9.511ms
[2024-08-28T01:13:56.975+0000][info][gc,phases,start] GC(341) Phase 3: Adjust pointers
[2024-08-28T01:13:56.992+0000][info][gc,phases      ] GC(341) Phase 3: Adjust pointers 17.164ms
[2024-08-28T01:13:56.992+0000][info][gc,phases,start] GC(341) Phase 4: Compact heap
[2024-08-28T01:13:57.024+0000][info][gc,phases      ] GC(341) Phase 4: Compact heap 32.115ms
[2024-08-28T01:13:57.027+0000][info][gc,heap        ] GC(341) Eden regions: 0->0(150)
[2024-08-28T01:13:57.027+0000][info][gc,heap        ] GC(341) Survivor regions: 1->0(3)
[2024-08-28T01:13:57.027+0000][info][gc,heap        ] GC(341) Old regions: 1016->441
[2024-08-28T01:13:57.027+0000][info][gc,heap        ] GC(341) Archive regions: 2->2
[2024-08-28T01:13:57.027+0000][info][gc,heap        ] GC(341) Humongous regions: 5->5
[2024-08-28T01:13:57.027+0000][info][gc,metaspace   ] GC(341) Metaspace: 100K(320K)->100K(320K) NonClass: 96K(192K)->96K(192K) Class: 4K(128K)->4K(128K)
[2024-08-28T01:13:57.027+0000][info][gc             ] GC(341) Pause Full (G1 Compaction Pause) 1022M->436M(1024M) 77.758ms
[2024-08-28T01:13:57.028+0000][info][gc,cpu         ] GC(341) User=1.52s Sys=0.06s Real=0.08s
[2024-08-28T01:13:57.028+0000][info][gc,marking     ] GC(337) Concurrent Mark Abort
[2024-08-28T01:13:57.028+0000][info][gc             ] GC(337) Concurrent Mark Cycle 124.771ms
[2024-08-28T01:13:57.109+0000][info][gc,start       ] GC(342) Pause Young (Normal) (G1 Evacuation Pause)
[2024-08-28T01:13:57.109+0000][info][gc,task        ] GC(342) Using 24 workers of 68 for evacuation
[2024-08-28T01:13:57.133+0000][info][gc,phases      ] GC(342)   Pre Evacuate Collection Set: 0.2ms
[2024-08-28T01:13:57.133+0000][info][gc,phases      ] GC(342)   Merge Heap Roots: 0.7ms
[2024-08-28T01:13:57.133+0000][info][gc,phases      ] GC(342)   Evacuate Collection Set: 21.7ms
[2024-08-28T01:13:57.133+0000][info][gc,phases      ] GC(342)   Post Evacuate Collection Set: 0.5ms
[2024-08-28T01:13:57.133+0000][info][gc,phases      ] GC(342)   Other: 0.4ms
[2024-08-28T01:13:57.133+0000][info][gc,heap        ] GC(342) Eden regions: 150->0(103)
[2024-08-28T01:13:57.133+0000][info][gc,heap        ] GC(342) Survivor regions: 0->19(19)
[2024-08-28T01:13:57.133+0000][info][gc,heap        ] GC(342) Old regions: 441->569
[2024-08-28T01:13:57.133+0000][info][gc,heap        ] GC(342) Archive regions: 2->2
[2024-08-28T01:13:57.133+0000][info][gc,heap        ] GC(342) Humongous regions: 5->5
[2024-08-28T01:13:57.133+0000][info][gc,metaspace   ] GC(342) Metaspace: 100K(320K)->100K(320K) NonClass: 96K(192K)->96K(192K) Class: 4K(128K)->4K(128K)
[2024-08-28T01:13:57.133+0000][info][gc             ] GC(342) Pause Young (Normal) (G1 Evacuation Pause) 586M->582M(1024M) 23.617ms
[2024-08-28T01:13:57.133+0000][info][gc,cpu         ] GC(342) User=0.52s Sys=0.01s Real=0.03s
[2024-08-28T01:13:57.181+0000][info][gc,start       ] GC(343) Pause Young (Concurrent Start) (G1 Evacuation Pause)
[2024-08-28T01:13:57.181+0000][info][gc,task        ] GC(343) Using 24 workers of 68 for evacuation
[2024-08-28T01:13:57.201+0000][info][gc,phases      ] GC(343)   Pre Evacuate Collection Set: 0.2ms
[2024-08-28T01:13:57.201+0000][info][gc,phases      ] GC(343)   Merge Heap Roots: 0.5ms
[2024-08-28T01:13:57.201+0000][info][gc,phases      ] GC(343)   Evacuate Collection Set: 17.8ms
[2024-08-28T01:13:57.201+0000][info][gc,phases      ] GC(343)   Post Evacuate Collection Set: 0.5ms
[2024-08-28T01:13:57.201+0000][info][gc,phases      ] GC(343)   Other: 1.7ms
[2024-08-28T01:13:57.201+0000][info][gc,heap        ] GC(343) Eden regions: 103->0(70)
[2024-08-28T01:13:57.201+0000][info][gc,heap        ] GC(343) Survivor regions: 19->16(16)
[2024-08-28T01:13:57.201+0000][info][gc,heap        ] GC(343) Old regions: 569->677
[2024-08-28T01:13:57.201+0000][info][gc,heap        ] GC(343) Archive regions: 2->2
[2024-08-28T01:13:57.201+0000][info][gc,heap        ] GC(343) Humongous regions: 5->5
[2024-08-28T01:13:57.201+0000][info][gc,metaspace   ] GC(343) Metaspace: 100K(320K)->100K(320K) NonClass: 96K(192K)->96K(192K) Class: 4K(128K)->4K(128K)
[2024-08-28T01:13:57.201+0000][info][gc             ] GC(343) Pause Young (Concurrent Start) (G1 Evacuation Pause) 685M->687M(1024M) 20.819ms
[2024-08-28T01:13:57.201+0000][info][gc,cpu         ] GC(343) User=0.42s Sys=0.01s Real=0.02s
[2024-08-28T01:13:57.202+0000][info][gc             ] GC(344) Concurrent Mark Cycle
[2024-08-28T01:13:57.202+0000][info][gc,marking     ] GC(344) Concurrent Clear Claimed Marks
[2024-08-28T01:13:57.202+0000][info][gc,marking     ] GC(344) Concurrent Clear Claimed Marks 0.012ms
[2024-08-28T01:13:57.202+0000][info][gc,marking     ] GC(344) Concurrent Scan Root Regions
[2024-08-28T01:13:57.205+0000][info][gc,marking     ] GC(344) Concurrent Scan Root Regions 3.387ms
[2024-08-28T01:13:57.205+0000][info][gc,marking     ] GC(344) Concurrent Mark
[2024-08-28T01:13:57.205+0000][info][gc,marking     ] GC(344) Concurrent Mark From Roots
[2024-08-28T01:13:57.205+0000][info][gc,task        ] GC(344) Using 17 workers of 17 for marking
[2024-08-28T01:13:57.226+0000][info][gc,marking     ] GC(344) Concurrent Mark From Roots 20.651ms
[2024-08-28T01:13:57.226+0000][info][gc,marking     ] GC(344) Concurrent Preclean
[2024-08-28T01:13:57.226+0000][info][gc,marking     ] GC(344) Concurrent Preclean 0.624ms
[2024-08-28T01:13:57.227+0000][info][gc,start       ] GC(344) Pause Remark
[2024-08-28T01:13:57.229+0000][info][gc             ] GC(344) Pause Remark 725M->725M(1024M) 1.700ms
[2024-08-28T01:13:57.229+0000][info][gc,cpu         ] GC(344) User=0.00s Sys=0.01s Real=0.00s
[2024-08-28T01:13:57.229+0000][info][gc,marking     ] GC(344) Concurrent Mark 23.536ms
[2024-08-28T01:13:57.229+0000][info][gc,marking     ] GC(344) Concurrent Rebuild Remembered Sets
[2024-08-28T01:13:57.244+0000][info][gc,start       ] GC(345) Pause Young (Normal) (G1 Evacuation Pause)
[2024-08-28T01:13:57.244+0000][info][gc,task        ] GC(345) Using 24 workers of 68 for evacuation
[2024-08-28T01:13:57.260+0000][info][gc,phases      ] GC(345)   Pre Evacuate Collection Set: 0.2ms
[2024-08-28T01:13:57.260+0000][info][gc,phases      ] GC(345)   Merge Heap Roots: 0.4ms
[2024-08-28T01:13:57.260+0000][info][gc,phases      ] GC(345)   Evacuate Collection Set: 14.7ms
[2024-08-28T01:13:57.260+0000][info][gc,phases      ] GC(345)   Post Evacuate Collection Set: 0.6ms
[2024-08-28T01:13:57.260+0000][info][gc,phases      ] GC(345)   Other: 0.3ms
[2024-08-28T01:13:57.260+0000][info][gc,heap        ] GC(345) Eden regions: 70->0(46)
[2024-08-28T01:13:57.260+0000][info][gc,heap        ] GC(345) Survivor regions: 16->11(11)
[2024-08-28T01:13:57.260+0000][info][gc,heap        ] GC(345) Old regions: 677->755
[2024-08-28T01:13:57.260+0000][info][gc,heap        ] GC(345) Archive regions: 2->2
[2024-08-28T01:13:57.260+0000][info][gc,heap        ] GC(345) Humongous regions: 5->5
[2024-08-28T01:13:57.260+0000][info][gc,metaspace   ] GC(345) Metaspace: 100K(320K)->100K(320K) NonClass: 96K(192K)->96K(192K) Class: 4K(128K)->4K(128K)
[2024-08-28T01:13:57.260+0000][info][gc             ] GC(345) Pause Young (Normal) (G1 Evacuation Pause) 757M->760M(1024M) 16.392ms
[2024-08-28T01:13:57.260+0000][info][gc,cpu         ] GC(345) User=0.36s Sys=0.00s Real=0.02s
[2024-08-28T01:13:57.284+0000][info][gc,start       ] GC(346) Pause Young (Normal) (G1 Evacuation Pause)
[2024-08-28T01:13:57.284+0000][info][gc,task        ] GC(346) Using 24 workers of 68 for evacuation
[2024-08-28T01:13:57.304+0000][info][gc,phases      ] GC(346)   Pre Evacuate Collection Set: 0.2ms
[2024-08-28T01:13:57.304+0000][info][gc,phases      ] GC(346)   Merge Heap Roots: 0.4ms
[2024-08-28T01:13:57.304+0000][info][gc,phases      ] GC(346)   Evacuate Collection Set: 18.5ms
[2024-08-28T01:13:57.304+0000][info][gc,phases      ] GC(346)   Post Evacuate Collection Set: 0.7ms
[2024-08-28T01:13:57.304+0000][info][gc,phases      ] GC(346)   Other: 0.4ms
[2024-08-28T01:13:57.304+0000][info][gc,heap        ] GC(346) Eden regions: 46->0(43)
[2024-08-28T01:13:57.304+0000][info][gc,heap        ] GC(346) Survivor regions: 11->8(8)
[2024-08-28T01:13:57.304+0000][info][gc,heap        ] GC(346) Old regions: 755->808
[2024-08-28T01:13:57.304+0000][info][gc,heap        ] GC(346) Archive regions: 2->2
[2024-08-28T01:13:57.304+0000][info][gc,heap        ] GC(346) Humongous regions: 5->5
[2024-08-28T01:13:57.304+0000][info][gc,metaspace   ] GC(346) Metaspace: 100K(320K)->100K(320K) NonClass: 96K(192K)->96K(192K) Class: 4K(128K)->4K(128K)
[2024-08-28T01:13:57.304+0000][info][gc             ] GC(346) Pause Young (Normal) (G1 Evacuation Pause) 806M->810M(1024M) 20.275ms
[2024-08-28T01:13:57.304+0000][info][gc,cpu         ] GC(346) User=0.45s Sys=0.00s Real=0.02s
[2024-08-28T01:13:57.314+0000][info][gc,marking     ] GC(344) Concurrent Rebuild Remembered Sets 85.707ms
[2024-08-28T01:13:57.315+0000][info][gc,start       ] GC(344) Pause Cleanup
[2024-08-28T01:13:57.317+0000][info][gc             ] GC(344) Pause Cleanup 831M->831M(1024M) 2.514ms
[2024-08-28T01:13:57.317+0000][info][gc,cpu         ] GC(344) User=0.01s Sys=0.00s Real=0.00s
[2024-08-28T01:13:57.317+0000][info][gc,marking     ] GC(344) Concurrent Cleanup for Next Mark
[2024-08-28T01:13:57.319+0000][info][gc,marking     ] GC(344) Concurrent Cleanup for Next Mark 1.405ms
[2024-08-28T01:13:57.319+0000][info][gc             ] GC(344) Concurrent Mark Cycle 117.391ms
[2024-08-28T01:13:57.329+0000][info][gc,start       ] GC(347) Pause Young (Prepare Mixed) (G1 Evacuation Pause)
[2024-08-28T01:13:57.329+0000][info][gc,task        ] GC(347) Using 24 workers of 68 for evacuation
[2024-08-28T01:13:57.348+0000][info][gc,phases      ] GC(347)   Pre Evacuate Collection Set: 0.2ms
[2024-08-28T01:13:57.348+0000][info][gc,phases      ] GC(347)   Merge Heap Roots: 0.7ms
[2024-08-28T01:13:57.348+0000][info][gc,phases      ] GC(347)   Evacuate Collection Set: 17.3ms
[2024-08-28T01:13:57.348+0000][info][gc,phases      ] GC(347)   Post Evacuate Collection Set: 0.4ms
[2024-08-28T01:13:57.348+0000][info][gc,phases      ] GC(347)   Other: 0.3ms
[2024-08-28T01:13:57.348+0000][info][gc,heap        ] GC(347) Eden regions: 43->0(44)
[2024-08-28T01:13:57.348+0000][info][gc,heap        ] GC(347) Survivor regions: 8->7(7)
[2024-08-28T01:13:57.348+0000][info][gc,heap        ] GC(347) Old regions: 808->856
[2024-08-28T01:13:57.348+0000][info][gc,heap        ] GC(347) Archive regions: 2->2
[2024-08-28T01:13:57.348+0000][info][gc,heap        ] GC(347) Humongous regions: 5->5
[2024-08-28T01:13:57.348+0000][info][gc,metaspace   ] GC(347) Metaspace: 100K(320K)->100K(320K) NonClass: 96K(192K)->96K(192K) Class: 4K(128K)->4K(128K)
[2024-08-28T01:13:57.348+0000][info][gc             ] GC(347) Pause Young (Prepare Mixed) (G1 Evacuation Pause) 853M->857M(1024M) 19.099ms
[2024-08-28T01:13:57.348+0000][info][gc,cpu         ] GC(347) User=0.41s Sys=0.01s Real=0.02s
[2024-08-28T01:13:57.369+0000][info][gc,start       ] GC(348) Pause Young (Mixed) (G1 Evacuation Pause)
[2024-08-28T01:13:57.370+0000][info][gc,task        ] GC(348) Using 24 workers of 68 for evacuation
[2024-08-28T01:13:57.381+0000][info][gc,phases      ] GC(348)   Pre Evacuate Collection Set: 0.2ms
[2024-08-28T01:13:57.381+0000][info][gc,phases      ] GC(348)   Merge Heap Roots: 0.5ms
[2024-08-28T01:13:57.381+0000][info][gc,phases      ] GC(348)   Evacuate Collection Set: 10.3ms
[2024-08-28T01:13:57.381+0000][info][gc,phases      ] GC(348)   Post Evacuate Collection Set: 0.5ms
[2024-08-28T01:13:57.381+0000][info][gc,phases      ] GC(348)   Other: 0.4ms
[2024-08-28T01:13:57.381+0000][info][gc,heap        ] GC(348) Eden regions: 44->0(44)
[2024-08-28T01:13:57.381+0000][info][gc,heap        ] GC(348) Survivor regions: 7->7(7)
[2024-08-28T01:13:57.381+0000][info][gc,heap        ] GC(348) Old regions: 856->840
[2024-08-28T01:13:57.381+0000][info][gc,heap        ] GC(348) Archive regions: 2->2
[2024-08-28T01:13:57.381+0000][info][gc,heap        ] GC(348) Humongous regions: 5->5
[2024-08-28T01:13:57.381+0000][info][gc,metaspace   ] GC(348) Metaspace: 100K(320K)->100K(320K) NonClass: 96K(192K)->96K(192K) Class: 4K(128K)->4K(128K)
[2024-08-28T01:13:57.381+0000][info][gc             ] GC(348) Pause Young (Mixed) (G1 Evacuation Pause) 901M->844M(1024M) 11.933ms
[2024-08-28T01:13:57.381+0000][info][gc,cpu         ] GC(348) User=0.25s Sys=0.01s Real=0.02s
[2024-08-28T01:13:57.402+0000][info][gc,start       ] GC(349) Pause Young (Mixed) (G1 Evacuation Pause)
[2024-08-28T01:13:57.402+0000][info][gc,task        ] GC(349) Using 24 workers of 68 for evacuation
[2024-08-28T01:13:57.414+0000][info][gc,phases      ] GC(349)   Pre Evacuate Collection Set: 0.2ms
[2024-08-28T01:13:57.414+0000][info][gc,phases      ] GC(349)   Merge Heap Roots: 0.5ms
[2024-08-28T01:13:57.414+0000][info][gc,phases      ] GC(349)   Evacuate Collection Set: 10.1ms
[2024-08-28T01:13:57.414+0000][info][gc,phases      ] GC(349)   Post Evacuate Collection Set: 0.5ms
[2024-08-28T01:13:57.414+0000][info][gc,phases      ] GC(349)   Other: 0.4ms
[2024-08-28T01:13:57.414+0000][info][gc,heap        ] GC(349) Eden regions: 44->0(44)
[2024-08-28T01:13:57.414+0000][info][gc,heap        ] GC(349) Survivor regions: 7->7(7)
[2024-08-28T01:13:57.414+0000][info][gc,heap        ] GC(349) Old regions: 840->825
[2024-08-28T01:13:57.414+0000][info][gc,heap        ] GC(349) Archive regions: 2->2
[2024-08-28T01:13:57.414+0000][info][gc,heap        ] GC(349) Humongous regions: 5->5
[2024-08-28T01:13:57.414+0000][info][gc,metaspace   ] GC(349) Metaspace: 100K(320K)->100K(320K) NonClass: 96K(192K)->96K(192K) Class: 4K(128K)->4K(128K)
[2024-08-28T01:13:57.414+0000][info][gc             ] GC(349) Pause Young (Mixed) (G1 Evacuation Pause) 888M->829M(1024M) 11.813ms
[2024-08-28T01:13:57.414+0000][info][gc,cpu         ] GC(349) User=0.20s Sys=0.05s Real=0.01s
[2024-08-28T01:13:57.435+0000][info][gc,start       ] GC(350) Pause Young (Mixed) (G1 Evacuation Pause)
[2024-08-28T01:13:57.435+0000][info][gc,task        ] GC(350) Using 24 workers of 68 for evacuation
[2024-08-28T01:13:57.446+0000][info][gc,phases      ] GC(350)   Pre Evacuate Collection Set: 0.2ms
[2024-08-28T01:13:57.446+0000][info][gc,phases      ] GC(350)   Merge Heap Roots: 0.5ms
[2024-08-28T01:13:57.446+0000][info][gc,phases      ] GC(350)   Evacuate Collection Set: 9.9ms
[2024-08-28T01:13:57.446+0000][info][gc,phases      ] GC(350)   Post Evacuate Collection Set: 0.4ms
[2024-08-28T01:13:57.446+0000][info][gc,phases      ] GC(350)   Other: 0.4ms
[2024-08-28T01:13:57.446+0000][info][gc,heap        ] GC(350) Eden regions: 44->0(44)
[2024-08-28T01:13:57.446+0000][info][gc,heap        ] GC(350) Survivor regions: 7->7(7)
[2024-08-28T01:13:57.446+0000][info][gc,heap        ] GC(350) Old regions: 825->813
[2024-08-28T01:13:57.446+0000][info][gc,heap        ] GC(350) Archive regions: 2->2
[2024-08-28T01:13:57.446+0000][info][gc,heap        ] GC(350) Humongous regions: 5->5
[2024-08-28T01:13:57.446+0000][info][gc,metaspace   ] GC(350) Metaspace: 100K(320K)->100K(320K) NonClass: 96K(192K)->96K(192K) Class: 4K(128K)->4K(128K)
[2024-08-28T01:13:57.446+0000][info][gc             ] GC(350) Pause Young (Mixed) (G1 Evacuation Pause) 873M->820M(1024M) 11.558ms
[2024-08-28T01:13:57.446+0000][info][gc,cpu         ] GC(350) User=0.25s Sys=0.01s Real=0.01s
[2024-08-28T01:13:57.466+0000][info][gc,start       ] GC(351) Pause Young (Mixed) (G1 Evacuation Pause)
[2024-08-28T01:13:57.466+0000][info][gc,task        ] GC(351) Using 24 workers of 68 for evacuation
[2024-08-28T01:13:57.477+0000][info][gc,phases      ] GC(351)   Pre Evacuate Collection Set: 0.2ms
[2024-08-28T01:13:57.477+0000][info][gc,phases      ] GC(351)   Merge Heap Roots: 0.4ms
[2024-08-28T01:13:57.477+0000][info][gc,phases      ] GC(351)   Evacuate Collection Set: 9.9ms
[2024-08-28T01:13:57.477+0000][info][gc,phases      ] GC(351)   Post Evacuate Collection Set: 0.4ms
[2024-08-28T01:13:57.477+0000][info][gc,phases      ] GC(351)   Other: 0.3ms
[2024-08-28T01:13:57.477+0000][info][gc,heap        ] GC(351) Eden regions: 44->0(44)
[2024-08-28T01:13:57.477+0000][info][gc,heap        ] GC(351) Survivor regions: 7->7(7)
[2024-08-28T01:13:57.477+0000][info][gc,heap        ] GC(351) Old regions: 813->849
[2024-08-28T01:13:57.477+0000][info][gc,heap        ] GC(351) Archive regions: 2->2
[2024-08-28T01:13:57.477+0000][info][gc,heap        ] GC(351) Humongous regions: 5->5
[2024-08-28T01:13:57.477+0000][info][gc,metaspace   ] GC(351) Metaspace: 100K(320K)->100K(320K) NonClass: 96K(192K)->96K(192K) Class: 4K(128K)->4K(128K)
[2024-08-28T01:13:57.477+0000][info][gc             ] GC(351) Pause Young (Mixed) (G1 Evacuation Pause) 864M->856M(1024M) 11.330ms
[2024-08-28T01:13:57.477+0000][info][gc,cpu         ] GC(351) User=0.24s Sys=0.00s Real=0.01s
[2024-08-28T01:13:57.497+0000][info][gc,start       ] GC(352) Pause Young (Concurrent Start) (G1 Evacuation Pause)
[2024-08-28T01:13:57.497+0000][info][gc,task        ] GC(352) Using 24 workers of 68 for evacuation
[2024-08-28T01:13:57.508+0000][info][gc,phases      ] GC(352)   Pre Evacuate Collection Set: 0.2ms
[2024-08-28T01:13:57.509+0000][info][gc,phases      ] GC(352)   Merge Heap Roots: 0.5ms
[2024-08-28T01:13:57.509+0000][info][gc,phases      ] GC(352)   Evacuate Collection Set: 9.3ms
[2024-08-28T01:13:57.509+0000][info][gc,phases      ] GC(352)   Post Evacuate Collection Set: 0.4ms
[2024-08-28T01:13:57.509+0000][info][gc,phases      ] GC(352)   Other: 1.1ms
[2024-08-28T01:13:57.509+0000][info][gc,heap        ] GC(352) Eden regions: 44->0(44)
[2024-08-28T01:13:57.509+0000][info][gc,heap        ] GC(352) Survivor regions: 7->7(7)
[2024-08-28T01:13:57.509+0000][info][gc,heap        ] GC(352) Old regions: 849->896
[2024-08-28T01:13:57.509+0000][info][gc,heap        ] GC(352) Archive regions: 2->2
[2024-08-28T01:13:57.509+0000][info][gc,heap        ] GC(352) Humongous regions: 5->5
[2024-08-28T01:13:57.509+0000][info][gc,metaspace   ] GC(352) Metaspace: 100K(320K)->100K(320K) NonClass: 96K(192K)->96K(192K) Class: 4K(128K)->4K(128K)
[2024-08-28T01:13:57.509+0000][info][gc             ] GC(352) Pause Young (Concurrent Start) (G1 Evacuation Pause) 900M->904M(1024M) 11.630ms
[2024-08-28T01:13:57.509+0000][info][gc,cpu         ] GC(352) User=0.23s Sys=0.00s Real=0.01s
[2024-08-28T01:13:57.509+0000][info][gc             ] GC(353) Concurrent Mark Cycle
[2024-08-28T01:13:57.509+0000][info][gc,marking     ] GC(353) Concurrent Clear Claimed Marks
[2024-08-28T01:13:57.509+0000][info][gc,marking     ] GC(353) Concurrent Clear Claimed Marks 0.011ms
[2024-08-28T01:13:57.509+0000][info][gc,marking     ] GC(353) Concurrent Scan Root Regions
[2024-08-28T01:13:57.510+0000][info][gc,marking     ] GC(353) Concurrent Scan Root Regions 1.436ms
[2024-08-28T01:13:57.510+0000][info][gc,marking     ] GC(353) Concurrent Mark
[2024-08-28T01:13:57.510+0000][info][gc,marking     ] GC(353) Concurrent Mark From Roots
[2024-08-28T01:13:57.510+0000][info][gc,task        ] GC(353) Using 17 workers of 17 for marking
[2024-08-28T01:13:57.535+0000][info][gc,marking     ] GC(353) Concurrent Mark From Roots 24.339ms
[2024-08-28T01:13:57.535+0000][info][gc,marking     ] GC(353) Concurrent Preclean
[2024-08-28T01:13:57.535+0000][info][gc,marking     ] GC(353) Concurrent Preclean 0.513ms
[2024-08-28T01:13:57.536+0000][info][gc,start       ] GC(353) Pause Remark
[2024-08-28T01:13:57.538+0000][info][gc             ] GC(353) Pause Remark 945M->945M(1024M) 2.115ms
[2024-08-28T01:13:57.538+0000][info][gc,cpu         ] GC(353) User=0.01s Sys=0.00s Real=0.01s
[2024-08-28T01:13:57.538+0000][info][gc,marking     ] GC(353) Concurrent Mark 27.416ms
[2024-08-28T01:13:57.538+0000][info][gc,marking     ] GC(353) Concurrent Rebuild Remembered Sets
[2024-08-28T01:13:57.541+0000][info][gc,start       ] GC(354) Pause Young (Normal) (G1 Evacuation Pause)
[2024-08-28T01:13:57.541+0000][info][gc,task        ] GC(354) Using 24 workers of 68 for evacuation
[2024-08-28T01:13:57.551+0000][info][gc,phases      ] GC(354)   Pre Evacuate Collection Set: 0.2ms
[2024-08-28T01:13:57.551+0000][info][gc,phases      ] GC(354)   Merge Heap Roots: 0.3ms
[2024-08-28T01:13:57.551+0000][info][gc,phases      ] GC(354)   Evacuate Collection Set: 8.9ms
[2024-08-28T01:13:57.551+0000][info][gc,phases      ] GC(354)   Post Evacuate Collection Set: 0.5ms
[2024-08-28T01:13:57.551+0000][info][gc,phases      ] GC(354)   Other: 0.3ms
[2024-08-28T01:13:57.551+0000][info][gc,heap        ] GC(354) Eden regions: 44->0(44)
[2024-08-28T01:13:57.551+0000][info][gc,heap        ] GC(354) Survivor regions: 7->7(7)
[2024-08-28T01:13:57.551+0000][info][gc,heap        ] GC(354) Old regions: 896->942
[2024-08-28T01:13:57.551+0000][info][gc,heap        ] GC(354) Archive regions: 2->2
[2024-08-28T01:13:57.551+0000][info][gc,heap        ] GC(354) Humongous regions: 5->5
[2024-08-28T01:13:57.551+0000][info][gc,metaspace   ] GC(354) Metaspace: 100K(320K)->100K(320K) NonClass: 96K(192K)->96K(192K) Class: 4K(128K)->4K(128K)
[2024-08-28T01:13:57.551+0000][info][gc             ] GC(354) Pause Young (Normal) (G1 Evacuation Pause) 948M->949M(1024M) 10.282ms
[2024-08-28T01:13:57.551+0000][info][gc,cpu         ] GC(354) User=0.22s Sys=0.00s Real=0.01s
[2024-08-28T01:13:57.566+0000][info][gc,start       ] GC(355) Pause Young (Normal) (G1 Preventive Collection)
[2024-08-28T01:13:57.566+0000][info][gc,task        ] GC(355) Using 24 workers of 68 for evacuation
[2024-08-28T01:13:57.577+0000][info][gc,phases      ] GC(355)   Pre Evacuate Collection Set: 0.2ms
[2024-08-28T01:13:57.578+0000][info][gc,phases      ] GC(355)   Merge Heap Roots: 0.5ms
[2024-08-28T01:13:57.578+0000][info][gc,phases      ] GC(355)   Evacuate Collection Set: 10.3ms
[2024-08-28T01:13:57.578+0000][info][gc,phases      ] GC(355)   Post Evacuate Collection Set: 0.6ms
[2024-08-28T01:13:57.578+0000][info][gc,phases      ] GC(355)   Other: 0.3ms
[2024-08-28T01:13:57.578+0000][info][gc,heap        ] GC(355) Eden regions: 29->0(44)
[2024-08-28T01:13:57.578+0000][info][gc,heap        ] GC(355) Survivor regions: 7->7(7)
[2024-08-28T01:13:57.578+0000][info][gc,heap        ] GC(355) Old regions: 942->974
[2024-08-28T01:13:57.578+0000][info][gc,heap        ] GC(355) Archive regions: 2->2
[2024-08-28T01:13:57.578+0000][info][gc,heap        ] GC(355) Humongous regions: 5->5
[2024-08-28T01:13:57.578+0000][info][gc,metaspace   ] GC(355) Metaspace: 100K(320K)->100K(320K) NonClass: 96K(192K)->96K(192K) Class: 4K(128K)->4K(128K)
[2024-08-28T01:13:57.578+0000][info][gc             ] GC(355) Pause Young (Normal) (G1 Preventive Collection) 978M->982M(1024M) 11.953ms
[2024-08-28T01:13:57.578+0000][info][gc,cpu         ] GC(355) User=0.25s Sys=0.01s Real=0.02s
[2024-08-28T01:13:57.586+0000][info][gc,start       ] GC(356) Pause Young (Normal) (G1 Preventive Collection)
[2024-08-28T01:13:57.586+0000][info][gc,task        ] GC(356) Using 24 workers of 68 for evacuation
[2024-08-28T01:13:57.596+0000][info][gc,phases      ] GC(356)   Pre Evacuate Collection Set: 0.2ms
[2024-08-28T01:13:57.596+0000][info][gc,phases      ] GC(356)   Merge Heap Roots: 0.4ms
[2024-08-28T01:13:57.596+0000][info][gc,phases      ] GC(356)   Evacuate Collection Set: 8.6ms
[2024-08-28T01:13:57.596+0000][info][gc,phases      ] GC(356)   Post Evacuate Collection Set: 0.6ms
[2024-08-28T01:13:57.596+0000][info][gc,phases      ] GC(356)   Other: 0.3ms
[2024-08-28T01:13:57.596+0000][info][gc,heap        ] GC(356) Eden regions: 13->0(44)
[2024-08-28T01:13:57.596+0000][info][gc,heap        ] GC(356) Survivor regions: 7->7(7)
[2024-08-28T01:13:57.596+0000][info][gc,heap        ] GC(356) Old regions: 974->990
[2024-08-28T01:13:57.596+0000][info][gc,heap        ] GC(356) Archive regions: 2->2
[2024-08-28T01:13:57.596+0000][info][gc,heap        ] GC(356) Humongous regions: 5->5
[2024-08-28T01:13:57.596+0000][info][gc,metaspace   ] GC(356) Metaspace: 100K(320K)->100K(320K) NonClass: 96K(192K)->96K(192K) Class: 4K(128K)->4K(128K)
[2024-08-28T01:13:57.596+0000][info][gc             ] GC(356) Pause Young (Normal) (G1 Preventive Collection) 995M->998M(1024M) 10.046ms
[2024-08-28T01:13:57.596+0000][info][gc,cpu         ] GC(356) User=0.22s Sys=0.00s Real=0.01s
[2024-08-28T01:13:57.599+0000][info][gc,start       ] GC(357) Pause Young (Normal) (G1 Preventive Collection)
[2024-08-28T01:13:57.599+0000][info][gc,task        ] GC(357) Using 24 workers of 68 for evacuation
[2024-08-28T01:13:57.607+0000][info][gc             ] GC(357) To-space exhausted
[2024-08-28T01:13:57.607+0000][info][gc,phases      ] GC(357)   Pre Evacuate Collection Set: 0.2ms
[2024-08-28T01:13:57.607+0000][info][gc,phases      ] GC(357)   Merge Heap Roots: 0.5ms
[2024-08-28T01:13:57.607+0000][info][gc,phases      ] GC(357)   Evacuate Collection Set: 6.3ms
[2024-08-28T01:13:57.607+0000][info][gc,phases      ] GC(357)   Post Evacuate Collection Set: 0.6ms
[2024-08-28T01:13:57.607+0000][info][gc,phases      ] GC(357)   Other: 0.2ms
[2024-08-28T01:13:57.607+0000][info][gc,heap        ] GC(357) Eden regions: 5->0(45)
[2024-08-28T01:13:57.607+0000][info][gc,heap        ] GC(357) Survivor regions: 7->6(7)
[2024-08-28T01:13:57.607+0000][info][gc,heap        ] GC(357) Old regions: 990->1004
[2024-08-28T01:13:57.607+0000][info][gc,heap        ] GC(357) Archive regions: 2->2
[2024-08-28T01:13:57.607+0000][info][gc,heap        ] GC(357) Humongous regions: 5->5
[2024-08-28T01:13:57.607+0000][info][gc,metaspace   ] GC(357) Metaspace: 100K(320K)->100K(320K) NonClass: 96K(192K)->96K(192K) Class: 4K(128K)->4K(128K)
[2024-08-28T01:13:57.607+0000][info][gc             ] GC(357) Pause Young (Normal) (G1 Preventive Collection) 1003M->1011M(1024M) 7.886ms
[2024-08-28T01:13:57.607+0000][info][gc,cpu         ] GC(357) User=0.17s Sys=0.00s Real=0.00s
[2024-08-28T01:13:57.608+0000][info][gc,start       ] GC(358) Pause Young (Normal) (G1 Preventive Collection)
[2024-08-28T01:13:57.608+0000][info][gc,task        ] GC(358) Using 24 workers of 68 for evacuation
[2024-08-28T01:13:57.614+0000][info][gc             ] GC(358) To-space exhausted
[2024-08-28T01:13:57.614+0000][info][gc,phases      ] GC(358)   Pre Evacuate Collection Set: 0.1ms
[2024-08-28T01:13:57.614+0000][info][gc,phases      ] GC(358)   Merge Heap Roots: 0.5ms
[2024-08-28T01:13:57.614+0000][info][gc,phases      ] GC(358)   Evacuate Collection Set: 4.9ms
[2024-08-28T01:13:57.614+0000][info][gc,phases      ] GC(358)   Post Evacuate Collection Set: 0.7ms
[2024-08-28T01:13:57.614+0000][info][gc,phases      ] GC(358)   Other: 0.2ms
[2024-08-28T01:13:57.614+0000][info][gc,heap        ] GC(358) Eden regions: 1->0(50)
[2024-08-28T01:13:57.614+0000][info][gc,heap        ] GC(358) Survivor regions: 6->1(6)
[2024-08-28T01:13:57.614+0000][info][gc,heap        ] GC(358) Old regions: 1004->1016
[2024-08-28T01:13:57.614+0000][info][gc,heap        ] GC(358) Archive regions: 2->2
[2024-08-28T01:13:57.614+0000][info][gc,heap        ] GC(358) Humongous regions: 5->5
[2024-08-28T01:13:57.614+0000][info][gc,metaspace   ] GC(358) Metaspace: 100K(320K)->100K(320K) NonClass: 96K(192K)->96K(192K) Class: 4K(128K)->4K(128K)
[2024-08-28T01:13:57.614+0000][info][gc             ] GC(358) Pause Young (Normal) (G1 Preventive Collection) 1012M->1018M(1024M) 6.420ms
[2024-08-28T01:13:57.614+0000][info][gc,cpu         ] GC(358) User=0.14s Sys=0.00s Real=0.01s
[2024-08-28T01:13:57.614+0000][info][gc,ergo        ] Attempting full compaction
[2024-08-28T01:13:57.614+0000][info][gc,task        ] GC(359) Using 24 workers of 68 for full compaction
[2024-08-28T01:13:57.614+0000][info][gc,start       ] GC(359) Pause Full (G1 Compaction Pause)
[2024-08-28T01:13:57.615+0000][info][gc,phases,start] GC(359) Phase 1: Mark live objects
[2024-08-28T01:13:57.632+0000][info][gc,phases      ] GC(359) Phase 1: Mark live objects 16.677ms
[2024-08-28T01:13:57.632+0000][info][gc,phases,start] GC(359) Phase 2: Prepare for compaction
[2024-08-28T01:13:57.646+0000][info][gc,phases      ] GC(359) Phase 2: Prepare for compaction 13.922ms
[2024-08-28T01:13:57.646+0000][info][gc,phases,start] GC(359) Phase 3: Adjust pointers
[2024-08-28T01:13:57.661+0000][info][gc,phases      ] GC(359) Phase 3: Adjust pointers 15.163ms
[2024-08-28T01:13:57.661+0000][info][gc,phases,start] GC(359) Phase 4: Compact heap
[2024-08-28T01:13:57.691+0000][info][gc,phases      ] GC(359) Phase 4: Compact heap 29.555ms
[2024-08-28T01:13:57.692+0000][info][gc,heap        ] GC(359) Eden regions: 0->0(151)
[2024-08-28T01:13:57.692+0000][info][gc,heap        ] GC(359) Survivor regions: 1->0(6)
[2024-08-28T01:13:57.692+0000][info][gc,heap        ] GC(359) Old regions: 1016->441
[2024-08-28T01:13:57.692+0000][info][gc,heap        ] GC(359) Archive regions: 2->2
[2024-08-28T01:13:57.692+0000][info][gc,heap        ] GC(359) Humongous regions: 5->5
[2024-08-28T01:13:57.692+0000][info][gc,metaspace   ] GC(359) Metaspace: 100K(320K)->100K(320K) NonClass: 96K(192K)->96K(192K) Class: 4K(128K)->4K(128K)
[2024-08-28T01:13:57.692+0000][info][gc             ] GC(359) Pause Full (G1 Compaction Pause) 1018M->436M(1024M) 77.689ms
[2024-08-28T01:13:57.692+0000][info][gc,cpu         ] GC(359) User=1.47s Sys=0.00s Real=0.08s
[2024-08-28T01:13:57.692+0000][info][gc,marking     ] GC(353) Concurrent Rebuild Remembered Sets 154.624ms
[2024-08-28T01:13:57.693+0000][info][gc,marking     ] GC(353) Concurrent Mark Abort
[2024-08-28T01:13:57.693+0000][info][gc             ] GC(353) Concurrent Mark Cycle 183.699ms
[2024-08-28T01:13:57.765+0000][info][gc,start       ] GC(360) Pause Young (Normal) (G1 Evacuation Pause)
[2024-08-28T01:13:57.765+0000][info][gc,task        ] GC(360) Using 24 workers of 68 for evacuation
[2024-08-28T01:13:57.787+0000][info][gc,phases      ] GC(360)   Pre Evacuate Collection Set: 0.1ms
[2024-08-28T01:13:57.787+0000][info][gc,phases      ] GC(360)   Merge Heap Roots: 0.5ms
[2024-08-28T01:13:57.787+0000][info][gc,phases      ] GC(360)   Evacuate Collection Set: 21.1ms
[2024-08-28T01:13:57.787+0000][info][gc,phases      ] GC(360)   Post Evacuate Collection Set: 0.4ms
[2024-08-28T01:13:57.787+0000][info][gc,phases      ] GC(360)   Other: 0.3ms
[2024-08-28T01:13:57.787+0000][info][gc,heap        ] GC(360) Eden regions: 151->0(103)
[2024-08-28T01:13:57.787+0000][info][gc,heap        ] GC(360) Survivor regions: 0->19(19)
[2024-08-28T01:13:57.787+0000][info][gc,heap        ] GC(360) Old regions: 441->569
[2024-08-28T01:13:57.787+0000][info][gc,heap        ] GC(360) Archive regions: 2->2
[2024-08-28T01:13:57.787+0000][info][gc,heap        ] GC(360) Humongous regions: 5->5
[2024-08-28T01:13:57.787+0000][info][gc,metaspace   ] GC(360) Metaspace: 100K(320K)->100K(320K) NonClass: 96K(192K)->96K(192K) Class: 4K(128K)->4K(128K)
[2024-08-28T01:13:57.787+0000][info][gc             ] GC(360) Pause Young (Normal) (G1 Evacuation Pause) 587M->583M(1024M) 22.453ms
[2024-08-28T01:13:57.787+0000][info][gc,cpu         ] GC(360) User=0.52s Sys=0.00s Real=0.02s
[2024-08-28T01:13:57.835+0000][info][gc,start       ] GC(361) Pause Young (Concurrent Start) (G1 Evacuation Pause)
[2024-08-28T01:13:57.835+0000][info][gc,task        ] GC(361) Using 24 workers of 68 for evacuation
[2024-08-28T01:13:57.855+0000][info][gc,phases      ] GC(361)   Pre Evacuate Collection Set: 0.2ms
[2024-08-28T01:13:57.855+0000][info][gc,phases      ] GC(361)   Merge Heap Roots: 0.6ms
[2024-08-28T01:13:57.855+0000][info][gc,phases      ] GC(361)   Evacuate Collection Set: 17.9ms
[2024-08-28T01:13:57.855+0000][info][gc,phases      ] GC(361)   Post Evacuate Collection Set: 0.4ms
[2024-08-28T01:13:57.855+0000][info][gc,phases      ] GC(361)   Other: 0.8ms
[2024-08-28T01:13:57.855+0000][info][gc,heap        ] GC(361) Eden regions: 103->0(70)
[2024-08-28T01:13:57.855+0000][info][gc,heap        ] GC(361) Survivor regions: 19->16(16)
[2024-08-28T01:13:57.855+0000][info][gc,heap        ] GC(361) Old regions: 569->676
[2024-08-28T01:13:57.855+0000][info][gc,heap        ] GC(361) Archive regions: 2->2
[2024-08-28T01:13:57.855+0000][info][gc,heap        ] GC(361) Humongous regions: 5->5
[2024-08-28T01:13:57.855+0000][info][gc,metaspace   ] GC(361) Metaspace: 100K(320K)->100K(320K) NonClass: 96K(192K)->96K(192K) Class: 4K(128K)->4K(128K)
[2024-08-28T01:13:57.855+0000][info][gc             ] GC(361) Pause Young (Concurrent Start) (G1 Evacuation Pause) 686M->686M(1024M) 19.991ms
[2024-08-28T01:13:57.855+0000][info][gc,cpu         ] GC(361) User=0.44s Sys=0.00s Real=0.02s
[2024-08-28T01:13:57.855+0000][info][gc             ] GC(362) Concurrent Mark Cycle
[2024-08-28T01:13:57.855+0000][info][gc,marking     ] GC(362) Concurrent Clear Claimed Marks
[2024-08-28T01:13:57.855+0000][info][gc,marking     ] GC(362) Concurrent Clear Claimed Marks 0.011ms
[2024-08-28T01:13:57.855+0000][info][gc,marking     ] GC(362) Concurrent Scan Root Regions
[2024-08-28T01:13:57.859+0000][info][gc,marking     ] GC(362) Concurrent Scan Root Regions 3.430ms
[2024-08-28T01:13:57.859+0000][info][gc,marking     ] GC(362) Concurrent Mark
[2024-08-28T01:13:57.859+0000][info][gc,marking     ] GC(362) Concurrent Mark From Roots
[2024-08-28T01:13:57.859+0000][info][gc,task        ] GC(362) Using 17 workers of 17 for marking
[2024-08-28T01:13:57.879+0000][info][gc,marking     ] GC(362) Concurrent Mark From Roots 20.759ms
[2024-08-28T01:13:57.880+0000][info][gc,marking     ] GC(362) Concurrent Preclean
[2024-08-28T01:13:57.880+0000][info][gc,marking     ] GC(362) Concurrent Preclean 0.613ms
[2024-08-28T01:13:57.880+0000][info][gc,start       ] GC(362) Pause Remark
[2024-08-28T01:13:57.882+0000][info][gc             ] GC(362) Pause Remark 724M->724M(1024M) 1.476ms
[2024-08-28T01:13:57.882+0000][info][gc,cpu         ] GC(362) User=0.01s Sys=0.01s Real=0.00s
[2024-08-28T01:13:57.882+0000][info][gc,marking     ] GC(362) Concurrent Mark 23.298ms
[2024-08-28T01:13:57.882+0000][info][gc,marking     ] GC(362) Concurrent Rebuild Remembered Sets
[2024-08-28T01:13:57.897+0000][info][gc,start       ] GC(363) Pause Young (Normal) (G1 Evacuation Pause)
[2024-08-28T01:13:57.897+0000][info][gc,task        ] GC(363) Using 24 workers of 68 for evacuation
[2024-08-28T01:13:57.913+0000][info][gc,phases      ] GC(363)   Pre Evacuate Collection Set: 0.3ms
[2024-08-28T01:13:57.913+0000][info][gc,phases      ] GC(363)   Merge Heap Roots: 0.4ms
[2024-08-28T01:13:57.913+0000][info][gc,phases      ] GC(363)   Evacuate Collection Set: 14.7ms
[2024-08-28T01:13:57.913+0000][info][gc,phases      ] GC(363)   Post Evacuate Collection Set: 0.6ms
[2024-08-28T01:13:57.913+0000][info][gc,phases      ] GC(363)   Other: 0.3ms
[2024-08-28T01:13:57.913+0000][info][gc,heap        ] GC(363) Eden regions: 70->0(46)
[2024-08-28T01:13:57.913+0000][info][gc,heap        ] GC(363) Survivor regions: 16->11(11)
[2024-08-28T01:13:57.913+0000][info][gc,heap        ] GC(363) Old regions: 676->754
[2024-08-28T01:13:57.914+0000][info][gc,heap        ] GC(363) Archive regions: 2->2
[2024-08-28T01:13:57.914+0000][info][gc,heap        ] GC(363) Humongous regions: 5->5
[2024-08-28T01:13:57.914+0000][info][gc,metaspace   ] GC(363) Metaspace: 100K(320K)->100K(320K) NonClass: 96K(192K)->96K(192K) Class: 4K(128K)->4K(128K)
[2024-08-28T01:13:57.914+0000][info][gc             ] GC(363) Pause Young (Normal) (G1 Evacuation Pause) 756M->760M(1024M) 16.312ms
[2024-08-28T01:13:57.914+0000][info][gc,cpu         ] GC(363) User=0.36s Sys=0.00s Real=0.02s
[2024-08-28T01:13:57.936+0000][info][gc,start       ] GC(364) Pause Young (Normal) (G1 Evacuation Pause)
[2024-08-28T01:13:57.936+0000][info][gc,task        ] GC(364) Using 24 workers of 68 for evacuation
[2024-08-28T01:13:57.956+0000][info][gc,phases      ] GC(364)   Pre Evacuate Collection Set: 0.2ms
[2024-08-28T01:13:57.956+0000][info][gc,phases      ] GC(364)   Merge Heap Roots: 0.8ms
[2024-08-28T01:13:57.956+0000][info][gc,phases      ] GC(364)   Evacuate Collection Set: 18.2ms
[2024-08-28T01:13:57.956+0000][info][gc,phases      ] GC(364)   Post Evacuate Collection Set: 0.7ms
[2024-08-28T01:13:57.956+0000][info][gc,phases      ] GC(364)   Other: 0.2ms
[2024-08-28T01:13:57.956+0000][info][gc,heap        ] GC(364) Eden regions: 46->0(43)
[2024-08-28T01:13:57.956+0000][info][gc,heap        ] GC(364) Survivor regions: 11->8(8)
[2024-08-28T01:13:57.956+0000][info][gc,heap        ] GC(364) Old regions: 754->808
[2024-08-28T01:13:57.956+0000][info][gc,heap        ] GC(364) Archive regions: 2->2
[2024-08-28T01:13:57.956+0000][info][gc,heap        ] GC(364) Humongous regions: 5->5
[2024-08-28T01:13:57.956+0000][info][gc,metaspace   ] GC(364) Metaspace: 100K(320K)->100K(320K) NonClass: 96K(192K)->96K(192K) Class: 4K(128K)->4K(128K)
[2024-08-28T01:13:57.956+0000][info][gc             ] GC(364) Pause Young (Normal) (G1 Evacuation Pause) 806M->811M(1024M) 20.105ms
[2024-08-28T01:13:57.956+0000][info][gc,cpu         ] GC(364) User=0.46s Sys=0.00s Real=0.02s
[2024-08-28T01:13:57.966+0000][info][gc,marking     ] GC(362) Concurrent Rebuild Remembered Sets 84.205ms
[2024-08-28T01:13:57.966+0000][info][gc,start       ] GC(362) Pause Cleanup
[2024-08-28T01:13:57.968+0000][info][gc             ] GC(362) Pause Cleanup 831M->831M(1024M) 1.130ms
[2024-08-28T01:13:57.968+0000][info][gc,cpu         ] GC(362) User=0.01s Sys=0.00s Real=0.00s
[2024-08-28T01:13:57.968+0000][info][gc,marking     ] GC(362) Concurrent Cleanup for Next Mark
[2024-08-28T01:13:57.968+0000][info][gc,marking     ] GC(362) Concurrent Cleanup for Next Mark 0.628ms
[2024-08-28T01:13:57.968+0000][info][gc             ] GC(362) Concurrent Mark Cycle 113.221ms
[2024-08-28T01:13:57.980+0000][info][gc,start       ] GC(365) Pause Young (Prepare Mixed) (G1 Evacuation Pause)
[2024-08-28T01:13:57.980+0000][info][gc,task        ] GC(365) Using 24 workers of 68 for evacuation
[2024-08-28T01:13:57.997+0000][info][gc,phases      ] GC(365)   Pre Evacuate Collection Set: 0.2ms
[2024-08-28T01:13:57.998+0000][info][gc,phases      ] GC(365)   Merge Heap Roots: 1.0ms
[2024-08-28T01:13:57.998+0000][info][gc,phases      ] GC(365)   Evacuate Collection Set: 16.0ms
[2024-08-28T01:13:57.998+0000][info][gc,phases      ] GC(365)   Post Evacuate Collection Set: 0.3ms
[2024-08-28T01:13:57.998+0000][info][gc,phases      ] GC(365)   Other: 0.2ms
[2024-08-28T01:13:57.998+0000][info][gc,heap        ] GC(365) Eden regions: 43->0(44)
[2024-08-28T01:13:57.998+0000][info][gc,heap        ] GC(365) Survivor regions: 8->7(7)
[2024-08-28T01:13:57.998+0000][info][gc,heap        ] GC(365) Old regions: 808->857
[2024-08-28T01:13:57.998+0000][info][gc,heap        ] GC(365) Archive regions: 2->2
[2024-08-28T01:13:57.998+0000][info][gc,heap        ] GC(365) Humongous regions: 5->5
[2024-08-28T01:13:57.998+0000][info][gc,metaspace   ] GC(365) Metaspace: 100K(320K)->100K(320K) NonClass: 96K(192K)->96K(192K) Class: 4K(128K)->4K(128K)
[2024-08-28T01:13:57.998+0000][info][gc             ] GC(365) Pause Young (Prepare Mixed) (G1 Evacuation Pause) 854M->859M(1024M) 17.714ms
[2024-08-28T01:13:57.998+0000][info][gc,cpu         ] GC(365) User=0.40s Sys=0.00s Real=0.02s
[2024-08-28T01:13:58.018+0000][info][gc,start       ] GC(366) Pause Young (Mixed) (G1 Evacuation Pause)
[2024-08-28T01:13:58.019+0000][info][gc,task        ] GC(366) Using 24 workers of 68 for evacuation
[2024-08-28T01:13:58.029+0000][info][gc,phases      ] GC(366)   Pre Evacuate Collection Set: 0.2ms
[2024-08-28T01:13:58.029+0000][info][gc,phases      ] GC(366)   Merge Heap Roots: 0.4ms
[2024-08-28T01:13:58.029+0000][info][gc,phases      ] GC(366)   Evacuate Collection Set: 9.8ms
[2024-08-28T01:13:58.029+0000][info][gc,phases      ] GC(366)   Post Evacuate Collection Set: 0.4ms
[2024-08-28T01:13:58.029+0000][info][gc,phases      ] GC(366)   Other: 0.2ms
[2024-08-28T01:13:58.029+0000][info][gc,heap        ] GC(366) Eden regions: 44->0(44)
[2024-08-28T01:13:58.029+0000][info][gc,heap        ] GC(366) Survivor regions: 7->7(7)
[2024-08-28T01:13:58.029+0000][info][gc,heap        ] GC(366) Old regions: 857->842
[2024-08-28T01:13:58.029+0000][info][gc,heap        ] GC(366) Archive regions: 2->2
[2024-08-28T01:13:58.029+0000][info][gc,heap        ] GC(366) Humongous regions: 5->5
[2024-08-28T01:13:58.029+0000][info][gc,metaspace   ] GC(366) Metaspace: 100K(320K)->100K(320K) NonClass: 96K(192K)->96K(192K) Class: 4K(128K)->4K(128K)
[2024-08-28T01:13:58.029+0000][info][gc             ] GC(366) Pause Young (Mixed) (G1 Evacuation Pause) 903M->845M(1024M) 10.958ms
[2024-08-28T01:13:58.029+0000][info][gc,cpu         ] GC(366) User=0.25s Sys=0.00s Real=0.01s
[2024-08-28T01:13:58.050+0000][info][gc,start       ] GC(367) Pause Young (Mixed) (G1 Evacuation Pause)
[2024-08-28T01:13:58.050+0000][info][gc,task        ] GC(367) Using 24 workers of 68 for evacuation
[2024-08-28T01:13:58.062+0000][info][gc,phases      ] GC(367)   Pre Evacuate Collection Set: 0.2ms
[2024-08-28T01:13:58.062+0000][info][gc,phases      ] GC(367)   Merge Heap Roots: 0.7ms
[2024-08-28T01:13:58.062+0000][info][gc,phases      ] GC(367)   Evacuate Collection Set: 10.5ms
[2024-08-28T01:13:58.062+0000][info][gc,phases      ] GC(367)   Post Evacuate Collection Set: 0.4ms
[2024-08-28T01:13:58.062+0000][info][gc,phases      ] GC(367)   Other: 0.2ms
[2024-08-28T01:13:58.062+0000][info][gc,heap        ] GC(367) Eden regions: 44->0(44)
[2024-08-28T01:13:58.062+0000][info][gc,heap        ] GC(367) Survivor regions: 7->7(7)
[2024-08-28T01:13:58.062+0000][info][gc,heap        ] GC(367) Old regions: 842->827
[2024-08-28T01:13:58.062+0000][info][gc,heap        ] GC(367) Archive regions: 2->2
[2024-08-28T01:13:58.062+0000][info][gc,heap        ] GC(367) Humongous regions: 5->5
[2024-08-28T01:13:58.062+0000][info][gc,metaspace   ] GC(367) Metaspace: 100K(320K)->100K(320K) NonClass: 96K(192K)->96K(192K) Class: 4K(128K)->4K(128K)
[2024-08-28T01:13:58.062+0000][info][gc             ] GC(367) Pause Young (Mixed) (G1 Evacuation Pause) 889M->830M(1024M) 12.083ms
[2024-08-28T01:13:58.062+0000][info][gc,cpu         ] GC(367) User=0.26s Sys=0.01s Real=0.01s
[2024-08-28T01:13:58.082+0000][info][gc,start       ] GC(368) Pause Young (Mixed) (G1 Evacuation Pause)
[2024-08-28T01:13:58.082+0000][info][gc,task        ] GC(368) Using 24 workers of 68 for evacuation
[2024-08-28T01:13:58.094+0000][info][gc,phases      ] GC(368)   Pre Evacuate Collection Set: 0.2ms
[2024-08-28T01:13:58.094+0000][info][gc,phases      ] GC(368)   Merge Heap Roots: 0.4ms
[2024-08-28T01:13:58.094+0000][info][gc,phases      ] GC(368)   Evacuate Collection Set: 10.5ms
[2024-08-28T01:13:58.094+0000][info][gc,phases      ] GC(368)   Post Evacuate Collection Set: 0.4ms
[2024-08-28T01:13:58.094+0000][info][gc,phases      ] GC(368)   Other: 0.2ms
[2024-08-28T01:13:58.094+0000][info][gc,heap        ] GC(368) Eden regions: 44->0(44)
[2024-08-28T01:13:58.094+0000][info][gc,heap        ] GC(368) Survivor regions: 7->7(7)
[2024-08-28T01:13:58.094+0000][info][gc,heap        ] GC(368) Old regions: 827->814
[2024-08-28T01:13:58.094+0000][info][gc,heap        ] GC(368) Archive regions: 2->2
[2024-08-28T01:13:58.094+0000][info][gc,heap        ] GC(368) Humongous regions: 5->5
[2024-08-28T01:13:58.094+0000][info][gc,metaspace   ] GC(368) Metaspace: 100K(320K)->100K(320K) NonClass: 96K(192K)->96K(192K) Class: 4K(128K)->4K(128K)
[2024-08-28T01:13:58.094+0000][info][gc             ] GC(368) Pause Young (Mixed) (G1 Evacuation Pause) 874M->817M(1024M) 11.663ms
[2024-08-28T01:13:58.094+0000][info][gc,cpu         ] GC(368) User=0.25s Sys=0.01s Real=0.01s
[2024-08-28T01:13:58.115+0000][info][gc,start       ] GC(369) Pause Young (Mixed) (G1 Evacuation Pause)
[2024-08-28T01:13:58.115+0000][info][gc,task        ] GC(369) Using 24 workers of 68 for evacuation
[2024-08-28T01:13:58.126+0000][info][gc,phases      ] GC(369)   Pre Evacuate Collection Set: 0.1ms
[2024-08-28T01:13:58.126+0000][info][gc,phases      ] GC(369)   Merge Heap Roots: 0.6ms
[2024-08-28T01:13:58.126+0000][info][gc,phases      ] GC(369)   Evacuate Collection Set: 9.8ms
[2024-08-28T01:13:58.126+0000][info][gc,phases      ] GC(369)   Post Evacuate Collection Set: 0.4ms
[2024-08-28T01:13:58.126+0000][info][gc,phases      ] GC(369)   Other: 0.2ms
[2024-08-28T01:13:58.126+0000][info][gc,heap        ] GC(369) Eden regions: 44->0(44)
[2024-08-28T01:13:58.126+0000][info][gc,heap        ] GC(369) Survivor regions: 7->7(7)
[2024-08-28T01:13:58.126+0000][info][gc,heap        ] GC(369) Old regions: 814->850
[2024-08-28T01:13:58.126+0000][info][gc,heap        ] GC(369) Archive regions: 2->2
[2024-08-28T01:13:58.126+0000][info][gc,heap        ] GC(369) Humongous regions: 5->5
[2024-08-28T01:13:58.126+0000][info][gc,metaspace   ] GC(369) Metaspace: 100K(320K)->100K(320K) NonClass: 96K(192K)->96K(192K) Class: 4K(128K)->4K(128K)
[2024-08-28T01:13:58.126+0000][info][gc             ] GC(369) Pause Young (Mixed) (G1 Evacuation Pause) 861M->856M(1024M) 11.143ms
[2024-08-28T01:13:58.126+0000][info][gc,cpu         ] GC(369) User=0.24s Sys=0.01s Real=0.01s
[2024-08-28T01:13:58.146+0000][info][gc,start       ] GC(370) Pause Young (Concurrent Start) (G1 Evacuation Pause)
[2024-08-28T01:13:58.146+0000][info][gc,task        ] GC(370) Using 24 workers of 68 for evacuation
[2024-08-28T01:13:58.157+0000][info][gc,phases      ] GC(370)   Pre Evacuate Collection Set: 0.1ms
[2024-08-28T01:13:58.157+0000][info][gc,phases      ] GC(370)   Merge Heap Roots: 0.6ms
[2024-08-28T01:13:58.157+0000][info][gc,phases      ] GC(370)   Evacuate Collection Set: 9.3ms
[2024-08-28T01:13:58.157+0000][info][gc,phases      ] GC(370)   Post Evacuate Collection Set: 0.3ms
[2024-08-28T01:13:58.157+0000][info][gc,phases      ] GC(370)   Other: 0.5ms
[2024-08-28T01:13:58.157+0000][info][gc,heap        ] GC(370) Eden regions: 44->0(44)
[2024-08-28T01:13:58.157+0000][info][gc,heap        ] GC(370) Survivor regions: 7->7(7)
[2024-08-28T01:13:58.157+0000][info][gc,heap        ] GC(370) Old regions: 850->896
[2024-08-28T01:13:58.157+0000][info][gc,heap        ] GC(370) Archive regions: 2->2
[2024-08-28T01:13:58.157+0000][info][gc,heap        ] GC(370) Humongous regions: 5->5
[2024-08-28T01:13:58.157+0000][info][gc,metaspace   ] GC(370) Metaspace: 100K(320K)->100K(320K) NonClass: 96K(192K)->96K(192K) Class: 4K(128K)->4K(128K)
[2024-08-28T01:13:58.157+0000][info][gc             ] GC(370) Pause Young (Concurrent Start) (G1 Evacuation Pause) 900M->902M(1024M) 10.990ms
[2024-08-28T01:13:58.157+0000][info][gc,cpu         ] GC(370) User=0.23s Sys=0.01s Real=0.01s
[2024-08-28T01:13:58.157+0000][info][gc             ] GC(371) Concurrent Mark Cycle
[2024-08-28T01:13:58.157+0000][info][gc,marking     ] GC(371) Concurrent Clear Claimed Marks
[2024-08-28T01:13:58.157+0000][info][gc,marking     ] GC(371) Concurrent Clear Claimed Marks 0.014ms
[2024-08-28T01:13:58.157+0000][info][gc,marking     ] GC(371) Concurrent Scan Root Regions
[2024-08-28T01:13:58.158+0000][info][gc,marking     ] GC(371) Concurrent Scan Root Regions 1.574ms
[2024-08-28T01:13:58.158+0000][info][gc,marking     ] GC(371) Concurrent Mark
[2024-08-28T01:13:58.159+0000][info][gc,marking     ] GC(371) Concurrent Mark From Roots
[2024-08-28T01:13:58.159+0000][info][gc,task        ] GC(371) Using 17 workers of 17 for marking
[2024-08-28T01:13:58.183+0000][info][gc,marking     ] GC(371) Concurrent Mark From Roots 24.261ms
[2024-08-28T01:13:58.183+0000][info][gc,marking     ] GC(371) Concurrent Preclean
[2024-08-28T01:13:58.183+0000][info][gc,marking     ] GC(371) Concurrent Preclean 0.529ms
[2024-08-28T01:13:58.184+0000][info][gc,start       ] GC(371) Pause Remark
[2024-08-28T01:13:58.185+0000][info][gc             ] GC(371) Pause Remark 943M->943M(1024M) 1.302ms
[2024-08-28T01:13:58.185+0000][info][gc,cpu         ] GC(371) User=0.01s Sys=0.00s Real=0.00s
[2024-08-28T01:13:58.185+0000][info][gc,marking     ] GC(371) Concurrent Mark 26.475ms
[2024-08-28T01:13:58.185+0000][info][gc,marking     ] GC(371) Concurrent Rebuild Remembered Sets
[2024-08-28T01:13:58.188+0000][info][gc,start       ] GC(372) Pause Young (Normal) (G1 Evacuation Pause)
[2024-08-28T01:13:58.188+0000][info][gc,task        ] GC(372) Using 24 workers of 68 for evacuation
[2024-08-28T01:13:58.198+0000][info][gc,phases      ] GC(372)   Pre Evacuate Collection Set: 0.1ms
[2024-08-28T01:13:58.198+0000][info][gc,phases      ] GC(372)   Merge Heap Roots: 0.6ms
[2024-08-28T01:13:58.198+0000][info][gc,phases      ] GC(372)   Evacuate Collection Set: 9.1ms
[2024-08-28T01:13:58.198+0000][info][gc,phases      ] GC(372)   Post Evacuate Collection Set: 0.5ms
[2024-08-28T01:13:58.198+0000][info][gc,phases      ] GC(372)   Other: 0.1ms
[2024-08-28T01:13:58.198+0000][info][gc,heap        ] GC(372) Eden regions: 44->0(44)
[2024-08-28T01:13:58.198+0000][info][gc,heap        ] GC(372) Survivor regions: 7->7(7)
[2024-08-28T01:13:58.198+0000][info][gc,heap        ] GC(372) Old regions: 896->944
[2024-08-28T01:13:58.198+0000][info][gc,heap        ] GC(372) Archive regions: 2->2
[2024-08-28T01:13:58.198+0000][info][gc,heap        ] GC(372) Humongous regions: 5->5
[2024-08-28T01:13:58.198+0000][info][gc,metaspace   ] GC(372) Metaspace: 100K(320K)->100K(320K) NonClass: 96K(192K)->96K(192K) Class: 4K(128K)->4K(128K)
[2024-08-28T01:13:58.198+0000][info][gc             ] GC(372) Pause Young (Normal) (G1 Evacuation Pause) 946M->950M(1024M) 10.549ms
[2024-08-28T01:13:58.198+0000][info][gc,cpu         ] GC(372) User=0.19s Sys=0.04s Real=0.02s
[2024-08-28T01:13:58.213+0000][info][gc,start       ] GC(373) Pause Young (Normal) (G1 Preventive Collection)
[2024-08-28T01:13:58.213+0000][info][gc,task        ] GC(373) Using 24 workers of 68 for evacuation
[2024-08-28T01:13:58.225+0000][info][gc,phases      ] GC(373)   Pre Evacuate Collection Set: 0.1ms
[2024-08-28T01:13:58.225+0000][info][gc,phases      ] GC(373)   Merge Heap Roots: 0.7ms
[2024-08-28T01:13:58.225+0000][info][gc,phases      ] GC(373)   Evacuate Collection Set: 10.2ms
[2024-08-28T01:13:58.225+0000][info][gc,phases      ] GC(373)   Post Evacuate Collection Set: 0.5ms
[2024-08-28T01:13:58.225+0000][info][gc,phases      ] GC(373)   Other: 0.2ms
[2024-08-28T01:13:58.225+0000][info][gc,heap        ] GC(373) Eden regions: 28->0(44)
[2024-08-28T01:13:58.225+0000][info][gc,heap        ] GC(373) Survivor regions: 7->7(7)
[2024-08-28T01:13:58.225+0000][info][gc,heap        ] GC(373) Old regions: 944->975
[2024-08-28T01:13:58.225+0000][info][gc,heap        ] GC(373) Archive regions: 2->2
[2024-08-28T01:13:58.225+0000][info][gc,heap        ] GC(373) Humongous regions: 5->5
[2024-08-28T01:13:58.225+0000][info][gc,metaspace   ] GC(373) Metaspace: 100K(320K)->100K(320K) NonClass: 96K(192K)->96K(192K) Class: 4K(128K)->4K(128K)
[2024-08-28T01:13:58.225+0000][info][gc             ] GC(373) Pause Young (Normal) (G1 Preventive Collection) 978M->981M(1024M) 11.922ms
[2024-08-28T01:13:58.225+0000][info][gc,cpu         ] GC(373) User=0.27s Sys=0.00s Real=0.01s
[2024-08-28T01:13:58.232+0000][info][gc,start       ] GC(374) Pause Young (Normal) (G1 Preventive Collection)
[2024-08-28T01:13:58.232+0000][info][gc,task        ] GC(374) Using 24 workers of 68 for evacuation
[2024-08-28T01:13:58.241+0000][info][gc             ] GC(374) To-space exhausted
[2024-08-28T01:13:58.241+0000][info][gc,phases      ] GC(374)   Pre Evacuate Collection Set: 0.1ms
[2024-08-28T01:13:58.241+0000][info][gc,phases      ] GC(374)   Merge Heap Roots: 0.8ms
[2024-08-28T01:13:58.241+0000][info][gc,phases      ] GC(374)   Evacuate Collection Set: 7.9ms
[2024-08-28T01:13:58.241+0000][info][gc,phases      ] GC(374)   Post Evacuate Collection Set: 0.8ms
[2024-08-28T01:13:58.241+0000][info][gc,phases      ] GC(374)   Other: 0.2ms
[2024-08-28T01:13:58.241+0000][info][gc,heap        ] GC(374) Eden regions: 13->0(44)
[2024-08-28T01:13:58.241+0000][info][gc,heap        ] GC(374) Survivor regions: 7->7(7)
[2024-08-28T01:13:58.241+0000][info][gc,heap        ] GC(374) Old regions: 975->1004
[2024-08-28T01:13:58.241+0000][info][gc,heap        ] GC(374) Archive regions: 2->2
[2024-08-28T01:13:58.241+0000][info][gc,heap        ] GC(374) Humongous regions: 5->5
[2024-08-28T01:13:58.241+0000][info][gc,metaspace   ] GC(374) Metaspace: 100K(320K)->100K(320K) NonClass: 96K(192K)->96K(192K) Class: 4K(128K)->4K(128K)
[2024-08-28T01:13:58.241+0000][info][gc             ] GC(374) Pause Young (Normal) (G1 Preventive Collection) 994M->1010M(1024M) 9.972ms
[2024-08-28T01:13:58.241+0000][info][gc,cpu         ] GC(374) User=0.22s Sys=0.00s Real=0.01s
[2024-08-28T01:13:58.242+0000][info][gc,start       ] GC(375) Pause Young (Normal) (G1 Preventive Collection)
[2024-08-28T01:13:58.242+0000][info][gc,task        ] GC(375) Using 24 workers of 68 for evacuation
[2024-08-28T01:13:58.250+0000][info][gc             ] GC(375) To-space exhausted
[2024-08-28T01:13:58.250+0000][info][gc,phases      ] GC(375)   Pre Evacuate Collection Set: 0.1ms
[2024-08-28T01:13:58.250+0000][info][gc,phases      ] GC(375)   Merge Heap Roots: 0.9ms
[2024-08-28T01:13:58.250+0000][info][gc,phases      ] GC(375)   Evacuate Collection Set: 5.3ms
[2024-08-28T01:13:58.250+0000][info][gc,phases      ] GC(375)   Post Evacuate Collection Set: 0.8ms
[2024-08-28T01:13:58.250+0000][info][gc,phases      ] GC(375)   Other: 0.1ms
[2024-08-28T01:13:58.250+0000][info][gc,heap        ] GC(375) Eden regions: 1->0(50)
[2024-08-28T01:13:58.250+0000][info][gc,heap        ] GC(375) Survivor regions: 7->1(5)
[2024-08-28T01:13:58.250+0000][info][gc,heap        ] GC(375) Old regions: 1004->1016
[2024-08-28T01:13:58.250+0000][info][gc,heap        ] GC(375) Archive regions: 2->2
[2024-08-28T01:13:58.250+0000][info][gc,heap        ] GC(375) Humongous regions: 5->5
[2024-08-28T01:13:58.250+0000][info][gc,metaspace   ] GC(375) Metaspace: 100K(320K)->100K(320K) NonClass: 96K(192K)->96K(192K) Class: 4K(128K)->4K(128K)
[2024-08-28T01:13:58.250+0000][info][gc             ] GC(375) Pause Young (Normal) (G1 Preventive Collection) 1011M->1016M(1024M) 7.353ms
[2024-08-28T01:13:58.250+0000][info][gc,cpu         ] GC(375) User=0.16s Sys=0.00s Real=0.01s
[2024-08-28T01:13:58.250+0000][info][gc,ergo        ] Attempting full compaction
[2024-08-28T01:13:58.250+0000][info][gc,task        ] GC(376) Using 24 workers of 68 for full compaction
[2024-08-28T01:13:58.250+0000][info][gc,start       ] GC(376) Pause Full (G1 Compaction Pause)
[2024-08-28T01:13:58.251+0000][info][gc,phases,start] GC(376) Phase 1: Mark live objects
[2024-08-28T01:13:58.264+0000][info][gc,phases      ] GC(376) Phase 1: Mark live objects 13.628ms
[2024-08-28T01:13:58.264+0000][info][gc,phases,start] GC(376) Phase 2: Prepare for compaction
[2024-08-28T01:13:58.272+0000][info][gc,phases      ] GC(376) Phase 2: Prepare for compaction 7.867ms
[2024-08-28T01:13:58.272+0000][info][gc,phases,start] GC(376) Phase 3: Adjust pointers
[2024-08-28T01:13:58.286+0000][info][gc,phases      ] GC(376) Phase 3: Adjust pointers 13.793ms
[2024-08-28T01:13:58.286+0000][info][gc,phases,start] GC(376) Phase 4: Compact heap
[2024-08-28T01:13:58.314+0000][info][gc,phases      ] GC(376) Phase 4: Compact heap 27.742ms
[2024-08-28T01:13:58.315+0000][info][gc,heap        ] GC(376) Eden regions: 0->0(150)
[2024-08-28T01:13:58.315+0000][info][gc,heap        ] GC(376) Survivor regions: 1->0(5)
[2024-08-28T01:13:58.315+0000][info][gc,heap        ] GC(376) Old regions: 1016->443
[2024-08-28T01:13:58.315+0000][info][gc,heap        ] GC(376) Archive regions: 2->2
[2024-08-28T01:13:58.315+0000][info][gc,heap        ] GC(376) Humongous regions: 5->5
[2024-08-28T01:13:58.315+0000][info][gc,metaspace   ] GC(376) Metaspace: 100K(320K)->100K(320K) NonClass: 96K(192K)->96K(192K) Class: 4K(128K)->4K(128K)
[2024-08-28T01:13:58.315+0000][info][gc             ] GC(376) Pause Full (G1 Compaction Pause) 1016M->437M(1024M) 65.256ms
[2024-08-28T01:13:58.315+0000][info][gc,cpu         ] GC(376) User=1.40s Sys=0.00s Real=0.06s
[2024-08-28T01:13:58.316+0000][info][gc,marking     ] GC(371) Concurrent Rebuild Remembered Sets 130.517ms
[2024-08-28T01:13:58.316+0000][info][gc,marking     ] GC(371) Concurrent Mark Abort
[2024-08-28T01:13:58.316+0000][info][gc             ] GC(371) Concurrent Mark Cycle 158.778ms
[2024-08-28T01:13:58.388+0000][info][gc,start       ] GC(377) Pause Young (Normal) (G1 Evacuation Pause)
[2024-08-28T01:13:58.388+0000][info][gc,task        ] GC(377) Using 24 workers of 68 for evacuation
[2024-08-28T01:13:58.410+0000][info][gc,phases      ] GC(377)   Pre Evacuate Collection Set: 0.1ms
[2024-08-28T01:13:58.410+0000][info][gc,phases      ] GC(377)   Merge Heap Roots: 0.4ms
[2024-08-28T01:13:58.410+0000][info][gc,phases      ] GC(377)   Evacuate Collection Set: 20.1ms
[2024-08-28T01:13:58.410+0000][info][gc,phases      ] GC(377)   Post Evacuate Collection Set: 0.4ms
[2024-08-28T01:13:58.410+0000][info][gc,phases      ] GC(377)   Other: 0.2ms
[2024-08-28T01:13:58.410+0000][info][gc,heap        ] GC(377) Eden regions: 150->0(103)
[2024-08-28T01:13:58.410+0000][info][gc,heap        ] GC(377) Survivor regions: 0->19(19)
[2024-08-28T01:13:58.410+0000][info][gc,heap        ] GC(377) Old regions: 443->569
[2024-08-28T01:13:58.410+0000][info][gc,heap        ] GC(377) Archive regions: 2->2
[2024-08-28T01:13:58.410+0000][info][gc,heap        ] GC(377) Humongous regions: 5->5
[2024-08-28T01:13:58.410+0000][info][gc,metaspace   ] GC(377) Metaspace: 100K(320K)->100K(320K) NonClass: 96K(192K)->96K(192K) Class: 4K(128K)->4K(128K)
[2024-08-28T01:13:58.410+0000][info][gc             ] GC(377) Pause Young (Normal) (G1 Evacuation Pause) 587M->582M(1024M) 21.397ms
[2024-08-28T01:13:58.410+0000][info][gc,cpu         ] GC(377) User=0.49s Sys=0.00s Real=0.03s
[2024-08-28T01:13:58.457+0000][info][gc,start       ] GC(378) Pause Young (Concurrent Start) (G1 Evacuation Pause)
[2024-08-28T01:13:58.457+0000][info][gc,task        ] GC(378) Using 24 workers of 68 for evacuation
[2024-08-28T01:13:58.475+0000][info][gc,phases      ] GC(378)   Pre Evacuate Collection Set: 0.1ms
[2024-08-28T01:13:58.476+0000][info][gc,phases      ] GC(378)   Merge Heap Roots: 0.5ms
[2024-08-28T01:13:58.476+0000][info][gc,phases      ] GC(378)   Evacuate Collection Set: 17.6ms
[2024-08-28T01:13:58.476+0000][info][gc,phases      ] GC(378)   Post Evacuate Collection Set: 0.4ms
[2024-08-28T01:13:58.476+0000][info][gc,phases      ] GC(378)   Other: 0.5ms
[2024-08-28T01:13:58.476+0000][info][gc,heap        ] GC(378) Eden regions: 103->0(70)
[2024-08-28T01:13:58.476+0000][info][gc,heap        ] GC(378) Survivor regions: 19->16(16)
[2024-08-28T01:13:58.476+0000][info][gc,heap        ] GC(378) Old regions: 569->677
[2024-08-28T01:13:58.476+0000][info][gc,heap        ] GC(378) Archive regions: 2->2
[2024-08-28T01:13:58.476+0000][info][gc,heap        ] GC(378) Humongous regions: 5->5
[2024-08-28T01:13:58.476+0000][info][gc,metaspace   ] GC(378) Metaspace: 100K(320K)->100K(320K) NonClass: 96K(192K)->96K(192K) Class: 4K(128K)->4K(128K)
[2024-08-28T01:13:58.476+0000][info][gc             ] GC(378) Pause Young (Concurrent Start) (G1 Evacuation Pause) 685M->687M(1024M) 19.121ms
[2024-08-28T01:13:58.476+0000][info][gc,cpu         ] GC(378) User=0.40s Sys=0.04s Real=0.02s
[2024-08-28T01:13:58.476+0000][info][gc             ] GC(379) Concurrent Mark Cycle
[2024-08-28T01:13:58.476+0000][info][gc,marking     ] GC(379) Concurrent Clear Claimed Marks
[2024-08-28T01:13:58.476+0000][info][gc,marking     ] GC(379) Concurrent Clear Claimed Marks 0.010ms
[2024-08-28T01:13:58.476+0000][info][gc,marking     ] GC(379) Concurrent Scan Root Regions
[2024-08-28T01:13:58.479+0000][info][gc,marking     ] GC(379) Concurrent Scan Root Regions 3.413ms
[2024-08-28T01:13:58.479+0000][info][gc,marking     ] GC(379) Concurrent Mark
[2024-08-28T01:13:58.479+0000][info][gc,marking     ] GC(379) Concurrent Mark From Roots
[2024-08-28T01:13:58.479+0000][info][gc,task        ] GC(379) Using 17 workers of 17 for marking
[2024-08-28T01:13:58.500+0000][info][gc,marking     ] GC(379) Concurrent Mark From Roots 20.836ms
[2024-08-28T01:13:58.500+0000][info][gc,marking     ] GC(379) Concurrent Preclean
[2024-08-28T01:13:58.501+0000][info][gc,marking     ] GC(379) Concurrent Preclean 0.507ms
[2024-08-28T01:13:58.501+0000][info][gc,start       ] GC(379) Pause Remark
[2024-08-28T01:13:58.502+0000][info][gc             ] GC(379) Pause Remark 725M->725M(1024M) 1.098ms
[2024-08-28T01:13:58.502+0000][info][gc,cpu         ] GC(379) User=0.01s Sys=0.01s Real=0.00s
[2024-08-28T01:13:58.502+0000][info][gc,marking     ] GC(379) Concurrent Mark 22.812ms
[2024-08-28T01:13:58.502+0000][info][gc,marking     ] GC(379) Concurrent Rebuild Remembered Sets
[2024-08-28T01:13:58.518+0000][info][gc,start       ] GC(380) Pause Young (Normal) (G1 Evacuation Pause)
[2024-08-28T01:13:58.518+0000][info][gc,task        ] GC(380) Using 24 workers of 68 for evacuation
[2024-08-28T01:13:58.533+0000][info][gc,phases      ] GC(380)   Pre Evacuate Collection Set: 0.1ms
[2024-08-28T01:13:58.533+0000][info][gc,phases      ] GC(380)   Merge Heap Roots: 0.4ms
[2024-08-28T01:13:58.533+0000][info][gc,phases      ] GC(380)   Evacuate Collection Set: 14.2ms
[2024-08-28T01:13:58.533+0000][info][gc,phases      ] GC(380)   Post Evacuate Collection Set: 0.5ms
[2024-08-28T01:13:58.533+0000][info][gc,phases      ] GC(380)   Other: 0.2ms
[2024-08-28T01:13:58.533+0000][info][gc,heap        ] GC(380) Eden regions: 70->0(46)
[2024-08-28T01:13:58.533+0000][info][gc,heap        ] GC(380) Survivor regions: 16->11(11)
[2024-08-28T01:13:58.533+0000][info][gc,heap        ] GC(380) Old regions: 677->756
[2024-08-28T01:13:58.533+0000][info][gc,heap        ] GC(380) Archive regions: 2->2
[2024-08-28T01:13:58.533+0000][info][gc,heap        ] GC(380) Humongous regions: 5->5
[2024-08-28T01:13:58.533+0000][info][gc,metaspace   ] GC(380) Metaspace: 100K(320K)->100K(320K) NonClass: 96K(192K)->96K(192K) Class: 4K(128K)->4K(128K)
[2024-08-28T01:13:58.533+0000][info][gc             ] GC(380) Pause Young (Normal) (G1 Evacuation Pause) 757M->760M(1024M) 15.454ms
[2024-08-28T01:13:58.533+0000][info][gc,cpu         ] GC(380) User=0.35s Sys=0.00s Real=0.01s
[2024-08-28T01:13:58.555+0000][info][gc,start       ] GC(381) Pause Young (Normal) (G1 Evacuation Pause)
[2024-08-28T01:13:58.555+0000][info][gc,task        ] GC(381) Using 24 workers of 68 for evacuation
[2024-08-28T01:13:58.574+0000][info][gc,phases      ] GC(381)   Pre Evacuate Collection Set: 0.1ms
[2024-08-28T01:13:58.574+0000][info][gc,phases      ] GC(381)   Merge Heap Roots: 0.5ms
[2024-08-28T01:13:58.574+0000][info][gc,phases      ] GC(381)   Evacuate Collection Set: 17.2ms
[2024-08-28T01:13:58.574+0000][info][gc,phases      ] GC(381)   Post Evacuate Collection Set: 0.7ms
[2024-08-28T01:13:58.574+0000][info][gc,phases      ] GC(381)   Other: 0.2ms
[2024-08-28T01:13:58.574+0000][info][gc,heap        ] GC(381) Eden regions: 46->0(43)
[2024-08-28T01:13:58.574+0000][info][gc,heap        ] GC(381) Survivor regions: 11->8(8)
[2024-08-28T01:13:58.574+0000][info][gc,heap        ] GC(381) Old regions: 756->810
[2024-08-28T01:13:58.574+0000][info][gc,heap        ] GC(381) Archive regions: 2->2
[2024-08-28T01:13:58.574+0000][info][gc,heap        ] GC(381) Humongous regions: 5->5
[2024-08-28T01:13:58.574+0000][info][gc,metaspace   ] GC(381) Metaspace: 100K(320K)->100K(320K) NonClass: 96K(192K)->96K(192K) Class: 4K(128K)->4K(128K)
[2024-08-28T01:13:58.574+0000][info][gc             ] GC(381) Pause Young (Normal) (G1 Evacuation Pause) 806M->812M(1024M) 18.727ms
[2024-08-28T01:13:58.574+0000][info][gc,cpu         ] GC(381) User=0.43s Sys=0.00s Real=0.02s
[2024-08-28T01:13:58.586+0000][info][gc,marking     ] GC(379) Concurrent Rebuild Remembered Sets 83.739ms
[2024-08-28T01:13:58.586+0000][info][gc,start       ] GC(379) Pause Cleanup
[2024-08-28T01:13:58.587+0000][info][gc             ] GC(379) Pause Cleanup 836M->836M(1024M) 1.149ms
[2024-08-28T01:13:58.587+0000][info][gc,cpu         ] GC(379) User=0.01s Sys=0.00s Real=0.00s
[2024-08-28T01:13:58.587+0000][info][gc,marking     ] GC(379) Concurrent Cleanup for Next Mark
[2024-08-28T01:13:58.588+0000][info][gc,marking     ] GC(379) Concurrent Cleanup for Next Mark 0.644ms
[2024-08-28T01:13:58.588+0000][info][gc             ] GC(379) Concurrent Mark Cycle 112.288ms
[2024-08-28T01:13:58.597+0000][info][gc,start       ] GC(382) Pause Young (Prepare Mixed) (G1 Evacuation Pause)
[2024-08-28T01:13:58.597+0000][info][gc,task        ] GC(382) Using 24 workers of 68 for evacuation
[2024-08-28T01:13:58.614+0000][info][gc,phases      ] GC(382)   Pre Evacuate Collection Set: 0.1ms
[2024-08-28T01:13:58.614+0000][info][gc,phases      ] GC(382)   Merge Heap Roots: 0.5ms
[2024-08-28T01:13:58.614+0000][info][gc,phases      ] GC(382)   Evacuate Collection Set: 15.7ms
[2024-08-28T01:13:58.614+0000][info][gc,phases      ] GC(382)   Post Evacuate Collection Set: 0.3ms
[2024-08-28T01:13:58.614+0000][info][gc,phases      ] GC(382)   Other: 0.2ms
[2024-08-28T01:13:58.614+0000][info][gc,heap        ] GC(382) Eden regions: 43->0(44)
[2024-08-28T01:13:58.614+0000][info][gc,heap        ] GC(382) Survivor regions: 8->7(7)
[2024-08-28T01:13:58.614+0000][info][gc,heap        ] GC(382) Old regions: 810->858
[2024-08-28T01:13:58.614+0000][info][gc,heap        ] GC(382) Archive regions: 2->2
[2024-08-28T01:13:58.614+0000][info][gc,heap        ] GC(382) Humongous regions: 5->5
[2024-08-28T01:13:58.614+0000][info][gc,metaspace   ] GC(382) Metaspace: 100K(320K)->100K(320K) NonClass: 96K(192K)->96K(192K) Class: 4K(128K)->4K(128K)
[2024-08-28T01:13:58.614+0000][info][gc             ] GC(382) Pause Young (Prepare Mixed) (G1 Evacuation Pause) 855M->859M(1024M) 16.894ms
[2024-08-28T01:13:58.614+0000][info][gc,cpu         ] GC(382) User=0.38s Sys=0.00s Real=0.02s
[2024-08-28T01:13:58.634+0000][info][gc,start       ] GC(383) Pause Young (Mixed) (G1 Evacuation Pause)
[2024-08-28T01:13:58.634+0000][info][gc,task        ] GC(383) Using 24 workers of 68 for evacuation
[2024-08-28T01:13:58.645+0000][info][gc,phases      ] GC(383)   Pre Evacuate Collection Set: 0.2ms
[2024-08-28T01:13:58.645+0000][info][gc,phases      ] GC(383)   Merge Heap Roots: 0.5ms
[2024-08-28T01:13:58.645+0000][info][gc,phases      ] GC(383)   Evacuate Collection Set: 9.7ms
[2024-08-28T01:13:58.645+0000][info][gc,phases      ] GC(383)   Post Evacuate Collection Set: 0.4ms
[2024-08-28T01:13:58.645+0000][info][gc,phases      ] GC(383)   Other: 0.2ms
[2024-08-28T01:13:58.645+0000][info][gc,heap        ] GC(383) Eden regions: 44->0(44)
[2024-08-28T01:13:58.645+0000][info][gc,heap        ] GC(383) Survivor regions: 7->7(7)
[2024-08-28T01:13:58.645+0000][info][gc,heap        ] GC(383) Old regions: 858->843
[2024-08-28T01:13:58.645+0000][info][gc,heap        ] GC(383) Archive regions: 2->2
[2024-08-28T01:13:58.645+0000][info][gc,heap        ] GC(383) Humongous regions: 5->5
[2024-08-28T01:13:58.645+0000][info][gc,metaspace   ] GC(383) Metaspace: 100K(320K)->100K(320K) NonClass: 96K(192K)->96K(192K) Class: 4K(128K)->4K(128K)
[2024-08-28T01:13:58.645+0000][info][gc             ] GC(383) Pause Young (Mixed) (G1 Evacuation Pause) 903M->844M(1024M) 10.983ms
[2024-08-28T01:13:58.645+0000][info][gc,cpu         ] GC(383) User=0.25s Sys=0.00s Real=0.01s
[2024-08-28T01:13:58.665+0000][info][gc,start       ] GC(384) Pause Young (Mixed) (G1 Evacuation Pause)
[2024-08-28T01:13:58.665+0000][info][gc,task        ] GC(384) Using 24 workers of 68 for evacuation
[2024-08-28T01:13:58.676+0000][info][gc,phases      ] GC(384)   Pre Evacuate Collection Set: 0.2ms
[2024-08-28T01:13:58.676+0000][info][gc,phases      ] GC(384)   Merge Heap Roots: 0.4ms
[2024-08-28T01:13:58.676+0000][info][gc,phases      ] GC(384)   Evacuate Collection Set: 9.8ms
[2024-08-28T01:13:58.676+0000][info][gc,phases      ] GC(384)   Post Evacuate Collection Set: 0.4ms
[2024-08-28T01:13:58.676+0000][info][gc,phases      ] GC(384)   Other: 0.2ms
[2024-08-28T01:13:58.676+0000][info][gc,heap        ] GC(384) Eden regions: 44->0(44)
[2024-08-28T01:13:58.676+0000][info][gc,heap        ] GC(384) Survivor regions: 7->7(7)
[2024-08-28T01:13:58.676+0000][info][gc,heap        ] GC(384) Old regions: 843->827
[2024-08-28T01:13:58.676+0000][info][gc,heap        ] GC(384) Archive regions: 2->2
[2024-08-28T01:13:58.676+0000][info][gc,heap        ] GC(384) Humongous regions: 5->5
[2024-08-28T01:13:58.676+0000][info][gc,metaspace   ] GC(384) Metaspace: 100K(320K)->100K(320K) NonClass: 96K(192K)->96K(192K) Class: 4K(128K)->4K(128K)
[2024-08-28T01:13:58.676+0000][info][gc             ] GC(384) Pause Young (Mixed) (G1 Evacuation Pause) 888M->828M(1024M) 10.971ms
[2024-08-28T01:13:58.676+0000][info][gc,cpu         ] GC(384) User=0.24s Sys=0.01s Real=0.01s
[2024-08-28T01:13:58.696+0000][info][gc,start       ] GC(385) Pause Young (Mixed) (G1 Evacuation Pause)
[2024-08-28T01:13:58.696+0000][info][gc,task        ] GC(385) Using 24 workers of 68 for evacuation
[2024-08-28T01:13:58.707+0000][info][gc,phases      ] GC(385)   Pre Evacuate Collection Set: 0.2ms
[2024-08-28T01:13:58.707+0000][info][gc,phases      ] GC(385)   Merge Heap Roots: 0.5ms
[2024-08-28T01:13:58.707+0000][info][gc,phases      ] GC(385)   Evacuate Collection Set: 9.9ms
[2024-08-28T01:13:58.707+0000][info][gc,phases      ] GC(385)   Post Evacuate Collection Set: 0.4ms
[2024-08-28T01:13:58.707+0000][info][gc,phases      ] GC(385)   Other: 0.2ms
[2024-08-28T01:13:58.707+0000][info][gc,heap        ] GC(385) Eden regions: 44->0(44)
[2024-08-28T01:13:58.707+0000][info][gc,heap        ] GC(385) Survivor regions: 7->7(7)
[2024-08-28T01:13:58.707+0000][info][gc,heap        ] GC(385) Old regions: 827->813
[2024-08-28T01:13:58.707+0000][info][gc,heap        ] GC(385) Archive regions: 2->2
[2024-08-28T01:13:58.707+0000][info][gc,heap        ] GC(385) Humongous regions: 5->5
[2024-08-28T01:13:58.707+0000][info][gc,metaspace   ] GC(385) Metaspace: 100K(320K)->100K(320K) NonClass: 96K(192K)->96K(192K) Class: 4K(128K)->4K(128K)
[2024-08-28T01:13:58.707+0000][info][gc             ] GC(385) Pause Young (Mixed) (G1 Evacuation Pause) 872M->817M(1024M) 11.200ms
[2024-08-28T01:13:58.707+0000][info][gc,cpu         ] GC(385) User=0.25s Sys=0.00s Real=0.01s
[2024-08-28T01:13:58.727+0000][info][gc,start       ] GC(386) Pause Young (Mixed) (G1 Evacuation Pause)
[2024-08-28T01:13:58.727+0000][info][gc,task        ] GC(386) Using 24 workers of 68 for evacuation
[2024-08-28T01:13:58.737+0000][info][gc,phases      ] GC(386)   Pre Evacuate Collection Set: 0.1ms
[2024-08-28T01:13:58.737+0000][info][gc,phases      ] GC(386)   Merge Heap Roots: 0.3ms
[2024-08-28T01:13:58.737+0000][info][gc,phases      ] GC(386)   Evacuate Collection Set: 9.3ms
[2024-08-28T01:13:58.737+0000][info][gc,phases      ] GC(386)   Post Evacuate Collection Set: 0.3ms
[2024-08-28T01:13:58.737+0000][info][gc,phases      ] GC(386)   Other: 0.2ms
[2024-08-28T01:13:58.737+0000][info][gc,heap        ] GC(386) Eden regions: 44->0(44)
[2024-08-28T01:13:58.737+0000][info][gc,heap        ] GC(386) Survivor regions: 7->7(7)
[2024-08-28T01:13:58.737+0000][info][gc,heap        ] GC(386) Old regions: 813->850
[2024-08-28T01:13:58.737+0000][info][gc,heap        ] GC(386) Archive regions: 2->2
[2024-08-28T01:13:58.737+0000][info][gc,heap        ] GC(386) Humongous regions: 5->5
[2024-08-28T01:13:58.737+0000][info][gc,metaspace   ] GC(386) Metaspace: 100K(320K)->100K(320K) NonClass: 96K(192K)->96K(192K) Class: 4K(128K)->4K(128K)
[2024-08-28T01:13:58.737+0000][info][gc             ] GC(386) Pause Young (Mixed) (G1 Evacuation Pause) 861M->855M(1024M) 10.417ms
[2024-08-28T01:13:58.737+0000][info][gc,cpu         ] GC(386) User=0.22s Sys=0.00s Real=0.01s
[2024-08-28T01:13:58.757+0000][info][gc,start       ] GC(387) Pause Young (Concurrent Start) (G1 Evacuation Pause)
[2024-08-28T01:13:58.757+0000][info][gc,task        ] GC(387) Using 24 workers of 68 for evacuation
[2024-08-28T01:13:58.767+0000][info][gc,phases      ] GC(387)   Pre Evacuate Collection Set: 0.1ms
[2024-08-28T01:13:58.767+0000][info][gc,phases      ] GC(387)   Merge Heap Roots: 0.3ms
[2024-08-28T01:13:58.767+0000][info][gc,phases      ] GC(387)   Evacuate Collection Set: 8.8ms
[2024-08-28T01:13:58.767+0000][info][gc,phases      ] GC(387)   Post Evacuate Collection Set: 0.3ms
[2024-08-28T01:13:58.767+0000][info][gc,phases      ] GC(387)   Other: 0.5ms
[2024-08-28T01:13:58.767+0000][info][gc,heap        ] GC(387) Eden regions: 44->0(44)
[2024-08-28T01:13:58.767+0000][info][gc,heap        ] GC(387) Survivor regions: 7->7(7)
[2024-08-28T01:13:58.767+0000][info][gc,heap        ] GC(387) Old regions: 850->897
[2024-08-28T01:13:58.767+0000][info][gc,heap        ] GC(387) Archive regions: 2->2
[2024-08-28T01:13:58.767+0000][info][gc,heap        ] GC(387) Humongous regions: 5->5
[2024-08-28T01:13:58.767+0000][info][gc,metaspace   ] GC(387) Metaspace: 100K(320K)->100K(320K) NonClass: 96K(192K)->96K(192K) Class: 4K(128K)->4K(128K)
[2024-08-28T01:13:58.767+0000][info][gc             ] GC(387) Pause Young (Concurrent Start) (G1 Evacuation Pause) 899M->902M(1024M) 10.126ms
[2024-08-28T01:13:58.767+0000][info][gc,cpu         ] GC(387) User=0.22s Sys=0.00s Real=0.01s
[2024-08-28T01:13:58.767+0000][info][gc             ] GC(388) Concurrent Mark Cycle
[2024-08-28T01:13:58.767+0000][info][gc,marking     ] GC(388) Concurrent Clear Claimed Marks
[2024-08-28T01:13:58.767+0000][info][gc,marking     ] GC(388) Concurrent Clear Claimed Marks 0.013ms
[2024-08-28T01:13:58.767+0000][info][gc,marking     ] GC(388) Concurrent Scan Root Regions
[2024-08-28T01:13:58.768+0000][info][gc,marking     ] GC(388) Concurrent Scan Root Regions 1.510ms
[2024-08-28T01:13:58.769+0000][info][gc,marking     ] GC(388) Concurrent Mark
[2024-08-28T01:13:58.769+0000][info][gc,marking     ] GC(388) Concurrent Mark From Roots
[2024-08-28T01:13:58.769+0000][info][gc,task        ] GC(388) Using 17 workers of 17 for marking
[2024-08-28T01:13:58.792+0000][info][gc,marking     ] GC(388) Concurrent Mark From Roots 23.205ms
[2024-08-28T01:13:58.792+0000][info][gc,marking     ] GC(388) Concurrent Preclean
[2024-08-28T01:13:58.792+0000][info][gc,marking     ] GC(388) Concurrent Preclean 0.506ms
[2024-08-28T01:13:58.793+0000][info][gc,start       ] GC(388) Pause Remark
[2024-08-28T01:13:58.794+0000][info][gc             ] GC(388) Pause Remark 941M->941M(1024M) 1.262ms
[2024-08-28T01:13:58.794+0000][info][gc,cpu         ] GC(388) User=0.01s Sys=0.00s Real=0.00s
[2024-08-28T01:13:58.794+0000][info][gc,marking     ] GC(388) Concurrent Mark 25.359ms
[2024-08-28T01:13:58.794+0000][info][gc,marking     ] GC(388) Concurrent Rebuild Remembered Sets
[2024-08-28T01:13:58.797+0000][info][gc,start       ] GC(389) Pause Young (Normal) (G1 Evacuation Pause)
[2024-08-28T01:13:58.797+0000][info][gc,task        ] GC(389) Using 24 workers of 68 for evacuation
[2024-08-28T01:13:58.807+0000][info][gc,phases      ] GC(389)   Pre Evacuate Collection Set: 0.1ms
[2024-08-28T01:13:58.807+0000][info][gc,phases      ] GC(389)   Merge Heap Roots: 0.6ms
[2024-08-28T01:13:58.807+0000][info][gc,phases      ] GC(389)   Evacuate Collection Set: 9.1ms
[2024-08-28T01:13:58.807+0000][info][gc,phases      ] GC(389)   Post Evacuate Collection Set: 0.4ms
[2024-08-28T01:13:58.807+0000][info][gc,phases      ] GC(389)   Other: 0.1ms
[2024-08-28T01:13:58.807+0000][info][gc,heap        ] GC(389) Eden regions: 44->0(44)
[2024-08-28T01:13:58.807+0000][info][gc,heap        ] GC(389) Survivor regions: 7->7(7)
[2024-08-28T01:13:58.807+0000][info][gc,heap        ] GC(389) Old regions: 897->943
[2024-08-28T01:13:58.807+0000][info][gc,heap        ] GC(389) Archive regions: 2->2
[2024-08-28T01:13:58.807+0000][info][gc,heap        ] GC(389) Humongous regions: 5->5
[2024-08-28T01:13:58.807+0000][info][gc,metaspace   ] GC(389) Metaspace: 100K(320K)->100K(320K) NonClass: 96K(192K)->96K(192K) Class: 4K(128K)->4K(128K)
[2024-08-28T01:13:58.807+0000][info][gc             ] GC(389) Pause Young (Normal) (G1 Evacuation Pause) 946M->948M(1024M) 10.428ms
[2024-08-28T01:13:58.807+0000][info][gc,cpu         ] GC(389) User=0.23s Sys=0.00s Real=0.01s
[2024-08-28T01:13:58.822+0000][info][gc,start       ] GC(390) Pause Young (Normal) (G1 Preventive Collection)
[2024-08-28T01:13:58.822+0000][info][gc,task        ] GC(390) Using 24 workers of 68 for evacuation
[2024-08-28T01:13:58.834+0000][info][gc,phases      ] GC(390)   Pre Evacuate Collection Set: 0.1ms
[2024-08-28T01:13:58.834+0000][info][gc,phases      ] GC(390)   Merge Heap Roots: 0.4ms
[2024-08-28T01:13:58.834+0000][info][gc,phases      ] GC(390)   Evacuate Collection Set: 10.8ms
[2024-08-28T01:13:58.834+0000][info][gc,phases      ] GC(390)   Post Evacuate Collection Set: 0.5ms
[2024-08-28T01:13:58.834+0000][info][gc,phases      ] GC(390)   Other: 0.2ms
[2024-08-28T01:13:58.834+0000][info][gc,heap        ] GC(390) Eden regions: 28->0(44)
[2024-08-28T01:13:58.834+0000][info][gc,heap        ] GC(390) Survivor regions: 7->7(7)
[2024-08-28T01:13:58.834+0000][info][gc,heap        ] GC(390) Old regions: 943->975
[2024-08-28T01:13:58.834+0000][info][gc,heap        ] GC(390) Archive regions: 2->2
[2024-08-28T01:13:58.834+0000][info][gc,heap        ] GC(390) Humongous regions: 5->5
[2024-08-28T01:13:58.834+0000][info][gc,metaspace   ] GC(390) Metaspace: 100K(320K)->100K(320K) NonClass: 96K(192K)->96K(192K) Class: 4K(128K)->4K(128K)
[2024-08-28T01:13:58.834+0000][info][gc             ] GC(390) Pause Young (Normal) (G1 Preventive Collection) 976M->979M(1024M) 12.135ms
[2024-08-28T01:13:58.834+0000][info][gc,cpu         ] GC(390) User=0.27s Sys=0.01s Real=0.01s
[2024-08-28T01:13:58.841+0000][info][gc,start       ] GC(391) Pause Young (Normal) (G1 Preventive Collection)
[2024-08-28T01:13:58.841+0000][info][gc,task        ] GC(391) Using 24 workers of 68 for evacuation
[2024-08-28T01:13:58.850+0000][info][gc,phases      ] GC(391)   Pre Evacuate Collection Set: 0.1ms
[2024-08-28T01:13:58.850+0000][info][gc,phases      ] GC(391)   Merge Heap Roots: 0.8ms
[2024-08-28T01:13:58.850+0000][info][gc,phases      ] GC(391)   Evacuate Collection Set: 8.0ms
[2024-08-28T01:13:58.850+0000][info][gc,phases      ] GC(391)   Post Evacuate Collection Set: 0.5ms
[2024-08-28T01:13:58.850+0000][info][gc,phases      ] GC(391)   Other: 0.2ms
[2024-08-28T01:13:58.850+0000][info][gc,heap        ] GC(391) Eden regions: 13->0(44)
[2024-08-28T01:13:58.850+0000][info][gc,heap        ] GC(391) Survivor regions: 7->7(7)
[2024-08-28T01:13:58.850+0000][info][gc,heap        ] GC(391) Old regions: 975->990
[2024-08-28T01:13:58.850+0000][info][gc,heap        ] GC(391) Archive regions: 2->2
[2024-08-28T01:13:58.850+0000][info][gc,heap        ] GC(391) Humongous regions: 5->5
[2024-08-28T01:13:58.850+0000][info][gc,metaspace   ] GC(391) Metaspace: 100K(320K)->100K(320K) NonClass: 96K(192K)->96K(192K) Class: 4K(128K)->4K(128K)
[2024-08-28T01:13:58.850+0000][info][gc             ] GC(391) Pause Young (Normal) (G1 Preventive Collection) 992M->994M(1024M) 9.695ms
[2024-08-28T01:13:58.850+0000][info][gc,cpu         ] GC(391) User=0.21s Sys=0.00s Real=0.01s
[2024-08-28T01:13:58.853+0000][info][gc,start       ] GC(392) Pause Young (Normal) (G1 Preventive Collection)
[2024-08-28T01:13:58.853+0000][info][gc,task        ] GC(392) Using 24 workers of 68 for evacuation
[2024-08-28T01:13:58.861+0000][info][gc,phases      ] GC(392)   Pre Evacuate Collection Set: 0.1ms
[2024-08-28T01:13:58.861+0000][info][gc,phases      ] GC(392)   Merge Heap Roots: 0.5ms
[2024-08-28T01:13:58.861+0000][info][gc,phases      ] GC(392)   Evacuate Collection Set: 6.4ms
[2024-08-28T01:13:58.861+0000][info][gc,phases      ] GC(392)   Post Evacuate Collection Set: 0.6ms
[2024-08-28T01:13:58.861+0000][info][gc,phases      ] GC(392)   Other: 0.1ms
[2024-08-28T01:13:58.861+0000][info][gc,heap        ] GC(392) Eden regions: 5->0(45)
[2024-08-28T01:13:58.861+0000][info][gc,heap        ] GC(392) Survivor regions: 7->6(7)
[2024-08-28T01:13:58.861+0000][info][gc,heap        ] GC(392) Old regions: 990->999
[2024-08-28T01:13:58.861+0000][info][gc,heap        ] GC(392) Archive regions: 2->2
[2024-08-28T01:13:58.861+0000][info][gc,heap        ] GC(392) Humongous regions: 5->5
[2024-08-28T01:13:58.861+0000][info][gc,metaspace   ] GC(392) Metaspace: 100K(320K)->100K(320K) NonClass: 96K(192K)->96K(192K) Class: 4K(128K)->4K(128K)
[2024-08-28T01:13:58.861+0000][info][gc             ] GC(392) Pause Young (Normal) (G1 Preventive Collection) 999M->1002M(1024M) 7.810ms
[2024-08-28T01:13:58.861+0000][info][gc,cpu         ] GC(392) User=0.15s Sys=0.03s Real=0.01s
[2024-08-28T01:13:58.863+0000][info][gc,start       ] GC(393) Pause Young (Normal) (G1 Preventive Collection)
[2024-08-28T01:13:58.863+0000][info][gc,task        ] GC(393) Using 24 workers of 68 for evacuation
[2024-08-28T01:13:58.869+0000][info][gc,phases      ] GC(393)   Pre Evacuate Collection Set: 0.1ms
[2024-08-28T01:13:58.869+0000][info][gc,phases      ] GC(393)   Merge Heap Roots: 0.8ms
[2024-08-28T01:13:58.869+0000][info][gc,phases      ] GC(393)   Evacuate Collection Set: 5.2ms
[2024-08-28T01:13:58.869+0000][info][gc,phases      ] GC(393)   Post Evacuate Collection Set: 0.6ms
[2024-08-28T01:13:58.869+0000][info][gc,phases      ] GC(393)   Other: 0.1ms
[2024-08-28T01:13:58.869+0000][info][gc,heap        ] GC(393) Eden regions: 2->0(48)
[2024-08-28T01:13:58.869+0000][info][gc,heap        ] GC(393) Survivor regions: 6->3(7)
[2024-08-28T01:13:58.869+0000][info][gc,heap        ] GC(393) Old regions: 999->1005
[2024-08-28T01:13:58.869+0000][info][gc,heap        ] GC(393) Archive regions: 2->2
[2024-08-28T01:13:58.869+0000][info][gc,heap        ] GC(393) Humongous regions: 5->5
[2024-08-28T01:13:58.869+0000][info][gc,metaspace   ] GC(393) Metaspace: 100K(320K)->100K(320K) NonClass: 96K(192K)->96K(192K) Class: 4K(128K)->4K(128K)
[2024-08-28T01:13:58.869+0000][info][gc             ] GC(393) Pause Young (Normal) (G1 Preventive Collection) 1004M->1005M(1024M) 6.877ms
[2024-08-28T01:13:58.869+0000][info][gc,cpu         ] GC(393) User=0.14s Sys=0.00s Real=0.00s
[2024-08-28T01:13:58.871+0000][info][gc,start       ] GC(394) Pause Young (Normal) (G1 Preventive Collection)
[2024-08-28T01:13:58.871+0000][info][gc,task        ] GC(394) Using 24 workers of 68 for evacuation
[2024-08-28T01:13:58.878+0000][info][gc,phases      ] GC(394)   Pre Evacuate Collection Set: 0.1ms
[2024-08-28T01:13:58.878+0000][info][gc,phases      ] GC(394)   Merge Heap Roots: 0.6ms
[2024-08-28T01:13:58.878+0000][info][gc,phases      ] GC(394)   Evacuate Collection Set: 5.0ms
[2024-08-28T01:13:58.878+0000][info][gc,phases      ] GC(394)   Post Evacuate Collection Set: 0.6ms
[2024-08-28T01:13:58.878+0000][info][gc,phases      ] GC(394)   Other: 0.1ms
[2024-08-28T01:13:58.878+0000][info][gc,heap        ] GC(394) Eden regions: 3->0(45)
[2024-08-28T01:13:58.878+0000][info][gc,heap        ] GC(394) Survivor regions: 3->6(6)
[2024-08-28T01:13:58.878+0000][info][gc,heap        ] GC(394) Old regions: 1005->1005
[2024-08-28T01:13:58.878+0000][info][gc,heap        ] GC(394) Archive regions: 2->2
[2024-08-28T01:13:58.878+0000][info][gc,heap        ] GC(394) Humongous regions: 5->5
[2024-08-28T01:13:58.878+0000][info][gc,metaspace   ] GC(394) Metaspace: 100K(320K)->100K(320K) NonClass: 96K(192K)->96K(192K) Class: 4K(128K)->4K(128K)
[2024-08-28T01:13:58.878+0000][info][gc             ] GC(394) Pause Young (Normal) (G1 Preventive Collection) 1008M->1008M(1024M) 6.464ms
[2024-08-28T01:13:58.878+0000][info][gc,cpu         ] GC(394) User=0.14s Sys=0.00s Real=0.01s
[2024-08-28T01:13:58.879+0000][info][gc,start       ] GC(395) Pause Young (Normal) (G1 Preventive Collection)
[2024-08-28T01:13:58.879+0000][info][gc,task        ] GC(395) Using 24 workers of 68 for evacuation
[2024-08-28T01:13:58.886+0000][info][gc             ] GC(395) To-space exhausted
[2024-08-28T01:13:58.886+0000][info][gc,phases      ] GC(395)   Pre Evacuate Collection Set: 0.1ms
[2024-08-28T01:13:58.886+0000][info][gc,phases      ] GC(395)   Merge Heap Roots: 0.9ms
[2024-08-28T01:13:58.886+0000][info][gc,phases      ] GC(395)   Evacuate Collection Set: 4.8ms
[2024-08-28T01:13:58.886+0000][info][gc,phases      ] GC(395)   Post Evacuate Collection Set: 0.9ms
[2024-08-28T01:13:58.886+0000][info][gc,phases      ] GC(395)   Other: 0.1ms
[2024-08-28T01:13:58.886+0000][info][gc,heap        ] GC(395) Eden regions: 1->0(48)
[2024-08-28T01:13:58.886+0000][info][gc,heap        ] GC(395) Survivor regions: 6->3(5)
[2024-08-28T01:13:58.886+0000][info][gc,heap        ] GC(395) Old regions: 1005->1014
[2024-08-28T01:13:58.886+0000][info][gc,heap        ] GC(395) Archive regions: 2->2
[2024-08-28T01:13:58.886+0000][info][gc,heap        ] GC(395) Humongous regions: 5->5
[2024-08-28T01:13:58.886+0000][info][gc,metaspace   ] GC(395) Metaspace: 100K(320K)->100K(320K) NonClass: 96K(192K)->96K(192K) Class: 4K(128K)->4K(128K)
[2024-08-28T01:13:58.886+0000][info][gc             ] GC(395) Pause Young (Normal) (G1 Preventive Collection) 1009M->1014M(1024M) 6.920ms
[2024-08-28T01:13:58.886+0000][info][gc,cpu         ] GC(395) User=0.14s Sys=0.01s Real=0.00s
[2024-08-28T01:13:58.886+0000][info][gc,ergo        ] Attempting full compaction
[2024-08-28T01:13:58.886+0000][info][gc,task        ] GC(396) Using 24 workers of 68 for full compaction
[2024-08-28T01:13:58.886+0000][info][gc,start       ] GC(396) Pause Full (G1 Compaction Pause)
[2024-08-28T01:13:58.886+0000][info][gc,phases,start] GC(396) Phase 1: Mark live objects
[2024-08-28T01:13:58.901+0000][info][gc,phases      ] GC(396) Phase 1: Mark live objects 14.115ms
[2024-08-28T01:13:58.901+0000][info][gc,phases,start] GC(396) Phase 2: Prepare for compaction
[2024-08-28T01:13:58.909+0000][info][gc,phases      ] GC(396) Phase 2: Prepare for compaction 8.122ms
[2024-08-28T01:13:58.909+0000][info][gc,phases,start] GC(396) Phase 3: Adjust pointers
[2024-08-28T01:13:58.923+0000][info][gc,phases      ] GC(396) Phase 3: Adjust pointers 13.983ms
[2024-08-28T01:13:58.923+0000][info][gc,phases,start] GC(396) Phase 4: Compact heap
[2024-08-28T01:13:58.950+0000][info][gc,phases      ] GC(396) Phase 4: Compact heap 27.604ms
[2024-08-28T01:13:58.952+0000][info][gc,heap        ] GC(396) Eden regions: 0->0(150)
[2024-08-28T01:13:58.952+0000][info][gc,heap        ] GC(396) Survivor regions: 3->0(5)
[2024-08-28T01:13:58.952+0000][info][gc,heap        ] GC(396) Old regions: 1014->443
[2024-08-28T01:13:58.952+0000][info][gc,heap        ] GC(396) Archive regions: 2->2
[2024-08-28T01:13:58.952+0000][info][gc,heap        ] GC(396) Humongous regions: 5->5
[2024-08-28T01:13:58.952+0000][info][gc,metaspace   ] GC(396) Metaspace: 100K(320K)->100K(320K) NonClass: 96K(192K)->96K(192K) Class: 4K(128K)->4K(128K)
[2024-08-28T01:13:58.952+0000][info][gc             ] GC(396) Pause Full (G1 Compaction Pause) 1014M->437M(1024M) 66.022ms
[2024-08-28T01:13:58.952+0000][info][gc,cpu         ] GC(396) User=1.43s Sys=0.00s Real=0.07s
[2024-08-28T01:13:58.952+0000][info][gc,marking     ] GC(388) Concurrent Rebuild Remembered Sets 158.281ms
[2024-08-28T01:13:58.952+0000][info][gc,marking     ] GC(388) Concurrent Mark Abort
[2024-08-28T01:13:58.952+0000][info][gc             ] GC(388) Concurrent Mark Cycle 185.356ms
[2024-08-28T01:13:59.025+0000][info][gc,start       ] GC(397) Pause Young (Normal) (G1 Evacuation Pause)
[2024-08-28T01:13:59.025+0000][info][gc,task        ] GC(397) Using 24 workers of 68 for evacuation
[2024-08-28T01:13:59.047+0000][info][gc,phases      ] GC(397)   Pre Evacuate Collection Set: 0.1ms
[2024-08-28T01:13:59.047+0000][info][gc,phases      ] GC(397)   Merge Heap Roots: 0.6ms
[2024-08-28T01:13:59.047+0000][info][gc,phases      ] GC(397)   Evacuate Collection Set: 20.9ms
[2024-08-28T01:13:59.047+0000][info][gc,phases      ] GC(397)   Post Evacuate Collection Set: 0.4ms
[2024-08-28T01:13:59.047+0000][info][gc,phases      ] GC(397)   Other: 0.2ms
[2024-08-28T01:13:59.047+0000][info][gc,heap        ] GC(397) Eden regions: 150->0(103)
[2024-08-28T01:13:59.047+0000][info][gc,heap        ] GC(397) Survivor regions: 0->19(19)
[2024-08-28T01:13:59.047+0000][info][gc,heap        ] GC(397) Old regions: 443->571
[2024-08-28T01:13:59.047+0000][info][gc,heap        ] GC(397) Archive regions: 2->2
[2024-08-28T01:13:59.047+0000][info][gc,heap        ] GC(397) Humongous regions: 5->5
[2024-08-28T01:13:59.047+0000][info][gc,metaspace   ] GC(397) Metaspace: 100K(320K)->100K(320K) NonClass: 96K(192K)->96K(192K) Class: 4K(128K)->4K(128K)
[2024-08-28T01:13:59.047+0000][info][gc             ] GC(397) Pause Young (Normal) (G1 Evacuation Pause) 587M->583M(1024M) 22.324ms
[2024-08-28T01:13:59.047+0000][info][gc,cpu         ] GC(397) User=0.51s Sys=0.01s Real=0.02s
[2024-08-28T01:13:59.095+0000][info][gc,start       ] GC(398) Pause Young (Concurrent Start) (G1 Evacuation Pause)
[2024-08-28T01:13:59.095+0000][info][gc,task        ] GC(398) Using 24 workers of 68 for evacuation
[2024-08-28T01:13:59.113+0000][info][gc,phases      ] GC(398)   Pre Evacuate Collection Set: 0.2ms
[2024-08-28T01:13:59.113+0000][info][gc,phases      ] GC(398)   Merge Heap Roots: 0.6ms
[2024-08-28T01:13:59.113+0000][info][gc,phases      ] GC(398)   Evacuate Collection Set: 17.2ms
[2024-08-28T01:13:59.113+0000][info][gc,phases      ] GC(398)   Post Evacuate Collection Set: 0.4ms
[2024-08-28T01:13:59.113+0000][info][gc,phases      ] GC(398)   Other: 0.5ms
[2024-08-28T01:13:59.113+0000][info][gc,heap        ] GC(398) Eden regions: 103->0(69)
[2024-08-28T01:13:59.113+0000][info][gc,heap        ] GC(398) Survivor regions: 19->16(16)
[2024-08-28T01:13:59.113+0000][info][gc,heap        ] GC(398) Old regions: 571->678
[2024-08-28T01:13:59.113+0000][info][gc,heap        ] GC(398) Archive regions: 2->2
[2024-08-28T01:13:59.113+0000][info][gc,heap        ] GC(398) Humongous regions: 5->5
[2024-08-28T01:13:59.113+0000][info][gc,metaspace   ] GC(398) Metaspace: 100K(320K)->100K(320K) NonClass: 96K(192K)->96K(192K) Class: 4K(128K)->4K(128K)
[2024-08-28T01:13:59.113+0000][info][gc             ] GC(398) Pause Young (Concurrent Start) (G1 Evacuation Pause) 686M->688M(1024M) 18.849ms
[2024-08-28T01:13:59.113+0000][info][gc,cpu         ] GC(398) User=0.43s Sys=0.00s Real=0.02s
[2024-08-28T01:13:59.113+0000][info][gc             ] GC(399) Concurrent Mark Cycle
[2024-08-28T01:13:59.114+0000][info][gc,marking     ] GC(399) Concurrent Clear Claimed Marks
[2024-08-28T01:13:59.114+0000][info][gc,marking     ] GC(399) Concurrent Clear Claimed Marks 0.011ms
[2024-08-28T01:13:59.114+0000][info][gc,marking     ] GC(399) Concurrent Scan Root Regions
[2024-08-28T01:13:59.117+0000][info][gc,marking     ] GC(399) Concurrent Scan Root Regions 3.434ms
[2024-08-28T01:13:59.117+0000][info][gc,marking     ] GC(399) Concurrent Mark
[2024-08-28T01:13:59.117+0000][info][gc,marking     ] GC(399) Concurrent Mark From Roots
[2024-08-28T01:13:59.117+0000][info][gc,task        ] GC(399) Using 17 workers of 17 for marking
[2024-08-28T01:13:59.137+0000][info][gc,marking     ] GC(399) Concurrent Mark From Roots 20.417ms
[2024-08-28T01:13:59.137+0000][info][gc,marking     ] GC(399) Concurrent Preclean
[2024-08-28T01:13:59.139+0000][info][gc,marking     ] GC(399) Concurrent Preclean 1.049ms
[2024-08-28T01:13:59.139+0000][info][gc,start       ] GC(399) Pause Remark
[2024-08-28T01:13:59.140+0000][info][gc             ] GC(399) Pause Remark 726M->726M(1024M) 1.063ms
[2024-08-28T01:13:59.140+0000][info][gc,cpu         ] GC(399) User=0.01s Sys=0.00s Real=0.00s
[2024-08-28T01:13:59.140+0000][info][gc,marking     ] GC(399) Concurrent Mark 22.995ms
[2024-08-28T01:13:59.140+0000][info][gc,marking     ] GC(399) Concurrent Rebuild Remembered Sets
[2024-08-28T01:13:59.155+0000][info][gc,start       ] GC(400) Pause Young (Normal) (G1 Evacuation Pause)
[2024-08-28T01:13:59.155+0000][info][gc,task        ] GC(400) Using 24 workers of 68 for evacuation
[2024-08-28T01:13:59.171+0000][info][gc,phases      ] GC(400)   Pre Evacuate Collection Set: 0.1ms
[2024-08-28T01:13:59.171+0000][info][gc,phases      ] GC(400)   Merge Heap Roots: 0.6ms
[2024-08-28T01:13:59.171+0000][info][gc,phases      ] GC(400)   Evacuate Collection Set: 14.5ms
[2024-08-28T01:13:59.171+0000][info][gc,phases      ] GC(400)   Post Evacuate Collection Set: 0.6ms
[2024-08-28T01:13:59.171+0000][info][gc,phases      ] GC(400)   Other: 0.2ms
[2024-08-28T01:13:59.171+0000][info][gc,heap        ] GC(400) Eden regions: 69->0(46)
[2024-08-28T01:13:59.171+0000][info][gc,heap        ] GC(400) Survivor regions: 16->11(11)
[2024-08-28T01:13:59.171+0000][info][gc,heap        ] GC(400) Old regions: 678->754
[2024-08-28T01:13:59.171+0000][info][gc,heap        ] GC(400) Archive regions: 2->2
[2024-08-28T01:13:59.171+0000][info][gc,heap        ] GC(400) Humongous regions: 5->5
[2024-08-28T01:13:59.171+0000][info][gc,metaspace   ] GC(400) Metaspace: 100K(320K)->100K(320K) NonClass: 96K(192K)->96K(192K) Class: 4K(128K)->4K(128K)
[2024-08-28T01:13:59.171+0000][info][gc             ] GC(400) Pause Young (Normal) (G1 Evacuation Pause) 757M->759M(1024M) 16.069ms
[2024-08-28T01:13:59.171+0000][info][gc,cpu         ] GC(400) User=0.36s Sys=0.00s Real=0.02s
[2024-08-28T01:13:59.194+0000][info][gc,start       ] GC(401) Pause Young (Normal) (G1 Evacuation Pause)
[2024-08-28T01:13:59.194+0000][info][gc,task        ] GC(401) Using 24 workers of 68 for evacuation
[2024-08-28T01:13:59.214+0000][info][gc,phases      ] GC(401)   Pre Evacuate Collection Set: 0.1ms
[2024-08-28T01:13:59.214+0000][info][gc,phases      ] GC(401)   Merge Heap Roots: 0.7ms
[2024-08-28T01:13:59.214+0000][info][gc,phases      ] GC(401)   Evacuate Collection Set: 18.9ms
[2024-08-28T01:13:59.214+0000][info][gc,phases      ] GC(401)   Post Evacuate Collection Set: 0.7ms
[2024-08-28T01:13:59.214+0000][info][gc,phases      ] GC(401)   Other: 0.2ms
[2024-08-28T01:13:59.214+0000][info][gc,heap        ] GC(401) Eden regions: 46->0(43)
[2024-08-28T01:13:59.214+0000][info][gc,heap        ] GC(401) Survivor regions: 11->8(8)
[2024-08-28T01:13:59.214+0000][info][gc,heap        ] GC(401) Old regions: 754->808
[2024-08-28T01:13:59.215+0000][info][gc,heap        ] GC(401) Archive regions: 2->2
[2024-08-28T01:13:59.215+0000][info][gc,heap        ] GC(401) Humongous regions: 5->5
[2024-08-28T01:13:59.215+0000][info][gc,metaspace   ] GC(401) Metaspace: 100K(320K)->100K(320K) NonClass: 96K(192K)->96K(192K) Class: 4K(128K)->4K(128K)
[2024-08-28T01:13:59.215+0000][info][gc             ] GC(401) Pause Young (Normal) (G1 Evacuation Pause) 805M->810M(1024M) 20.737ms
[2024-08-28T01:13:59.215+0000][info][gc,cpu         ] GC(401) User=0.47s Sys=0.00s Real=0.02s
[2024-08-28T01:13:59.228+0000][info][gc,marking     ] GC(399) Concurrent Rebuild Remembered Sets 87.872ms
[2024-08-28T01:13:59.228+0000][info][gc,start       ] GC(399) Pause Cleanup
[2024-08-28T01:13:59.229+0000][info][gc             ] GC(399) Pause Cleanup 836M->836M(1024M) 1.105ms
[2024-08-28T01:13:59.229+0000][info][gc,cpu         ] GC(399) User=0.00s Sys=0.00s Real=0.00s
[2024-08-28T01:13:59.229+0000][info][gc,marking     ] GC(399) Concurrent Cleanup for Next Mark
[2024-08-28T01:13:59.230+0000][info][gc,marking     ] GC(399) Concurrent Cleanup for Next Mark 0.640ms
[2024-08-28T01:13:59.230+0000][info][gc             ] GC(399) Concurrent Mark Cycle 116.568ms
[2024-08-28T01:13:59.238+0000][info][gc,start       ] GC(402) Pause Young (Prepare Mixed) (G1 Evacuation Pause)
[2024-08-28T01:13:59.238+0000][info][gc,task        ] GC(402) Using 24 workers of 68 for evacuation
[2024-08-28T01:13:59.256+0000][info][gc,phases      ] GC(402)   Pre Evacuate Collection Set: 0.1ms
[2024-08-28T01:13:59.256+0000][info][gc,phases      ] GC(402)   Merge Heap Roots: 1.0ms
[2024-08-28T01:13:59.256+0000][info][gc,phases      ] GC(402)   Evacuate Collection Set: 16.5ms
[2024-08-28T01:13:59.256+0000][info][gc,phases      ] GC(402)   Post Evacuate Collection Set: 0.3ms
[2024-08-28T01:13:59.256+0000][info][gc,phases      ] GC(402)   Other: 0.2ms
[2024-08-28T01:13:59.256+0000][info][gc,heap        ] GC(402) Eden regions: 43->0(44)
[2024-08-28T01:13:59.256+0000][info][gc,heap        ] GC(402) Survivor regions: 8->7(7)
[2024-08-28T01:13:59.256+0000][info][gc,heap        ] GC(402) Old regions: 808->856
[2024-08-28T01:13:59.256+0000][info][gc,heap        ] GC(402) Archive regions: 2->2
[2024-08-28T01:13:59.256+0000][info][gc,heap        ] GC(402) Humongous regions: 5->5
[2024-08-28T01:13:59.256+0000][info][gc,metaspace   ] GC(402) Metaspace: 100K(320K)->100K(320K) NonClass: 96K(192K)->96K(192K) Class: 4K(128K)->4K(128K)
[2024-08-28T01:13:59.256+0000][info][gc             ] GC(402) Pause Young (Prepare Mixed) (G1 Evacuation Pause) 853M->857M(1024M) 18.184ms
[2024-08-28T01:13:59.256+0000][info][gc,cpu         ] GC(402) User=0.42s Sys=0.00s Real=0.01s
[2024-08-28T01:13:59.277+0000][info][gc,start       ] GC(403) Pause Young (Mixed) (G1 Evacuation Pause)
[2024-08-28T01:13:59.277+0000][info][gc,task        ] GC(403) Using 24 workers of 68 for evacuation
[2024-08-28T01:13:59.289+0000][info][gc,phases      ] GC(403)   Pre Evacuate Collection Set: 0.2ms
[2024-08-28T01:13:59.289+0000][info][gc,phases      ] GC(403)   Merge Heap Roots: 0.6ms
[2024-08-28T01:13:59.289+0000][info][gc,phases      ] GC(403)   Evacuate Collection Set: 10.2ms
[2024-08-28T01:13:59.289+0000][info][gc,phases      ] GC(403)   Post Evacuate Collection Set: 0.3ms
[2024-08-28T01:13:59.289+0000][info][gc,phases      ] GC(403)   Other: 0.2ms
[2024-08-28T01:13:59.289+0000][info][gc,heap        ] GC(403) Eden regions: 44->0(44)
[2024-08-28T01:13:59.289+0000][info][gc,heap        ] GC(403) Survivor regions: 7->7(7)
[2024-08-28T01:13:59.289+0000][info][gc,heap        ] GC(403) Old regions: 856->840
[2024-08-28T01:13:59.289+0000][info][gc,heap        ] GC(403) Archive regions: 2->2
[2024-08-28T01:13:59.289+0000][info][gc,heap        ] GC(403) Humongous regions: 5->5
[2024-08-28T01:13:59.289+0000][info][gc,metaspace   ] GC(403) Metaspace: 100K(320K)->100K(320K) NonClass: 96K(192K)->96K(192K) Class: 4K(128K)->4K(128K)
[2024-08-28T01:13:59.289+0000][info][gc             ] GC(403) Pause Young (Mixed) (G1 Evacuation Pause) 901M->842M(1024M) 11.629ms
[2024-08-28T01:13:59.289+0000][info][gc,cpu         ] GC(403) User=0.26s Sys=0.00s Real=0.01s
[2024-08-28T01:13:59.309+0000][info][gc,start       ] GC(404) Pause Young (Mixed) (G1 Evacuation Pause)
[2024-08-28T01:13:59.309+0000][info][gc,task        ] GC(404) Using 24 workers of 68 for evacuation
[2024-08-28T01:13:59.320+0000][info][gc,phases      ] GC(404)   Pre Evacuate Collection Set: 0.2ms
[2024-08-28T01:13:59.320+0000][info][gc,phases      ] GC(404)   Merge Heap Roots: 0.6ms
[2024-08-28T01:13:59.320+0000][info][gc,phases      ] GC(404)   Evacuate Collection Set: 10.0ms
[2024-08-28T01:13:59.320+0000][info][gc,phases      ] GC(404)   Post Evacuate Collection Set: 0.4ms
[2024-08-28T01:13:59.320+0000][info][gc,phases      ] GC(404)   Other: 0.2ms
[2024-08-28T01:13:59.320+0000][info][gc,heap        ] GC(404) Eden regions: 44->0(44)
[2024-08-28T01:13:59.320+0000][info][gc,heap        ] GC(404) Survivor regions: 7->7(7)
[2024-08-28T01:13:59.320+0000][info][gc,heap        ] GC(404) Old regions: 840->825
[2024-08-28T01:13:59.320+0000][info][gc,heap        ] GC(404) Archive regions: 2->2
[2024-08-28T01:13:59.320+0000][info][gc,heap        ] GC(404) Humongous regions: 5->5
[2024-08-28T01:13:59.320+0000][info][gc,metaspace   ] GC(404) Metaspace: 100K(320K)->100K(320K) NonClass: 96K(192K)->96K(192K) Class: 4K(128K)->4K(128K)
[2024-08-28T01:13:59.320+0000][info][gc             ] GC(404) Pause Young (Mixed) (G1 Evacuation Pause) 886M->827M(1024M) 11.412ms
[2024-08-28T01:13:59.320+0000][info][gc,cpu         ] GC(404) User=0.25s Sys=0.00s Real=0.02s
[2024-08-28T01:13:59.340+0000][info][gc,start       ] GC(405) Pause Young (Mixed) (G1 Evacuation Pause)
[2024-08-28T01:13:59.340+0000][info][gc,task        ] GC(405) Using 24 workers of 68 for evacuation
[2024-08-28T01:13:59.352+0000][info][gc,phases      ] GC(405)   Pre Evacuate Collection Set: 0.2ms
[2024-08-28T01:13:59.352+0000][info][gc,phases      ] GC(405)   Merge Heap Roots: 0.6ms
[2024-08-28T01:13:59.352+0000][info][gc,phases      ] GC(405)   Evacuate Collection Set: 10.5ms
[2024-08-28T01:13:59.352+0000][info][gc,phases      ] GC(405)   Post Evacuate Collection Set: 0.4ms
[2024-08-28T01:13:59.352+0000][info][gc,phases      ] GC(405)   Other: 0.2ms
[2024-08-28T01:13:59.352+0000][info][gc,heap        ] GC(405) Eden regions: 44->0(44)
[2024-08-28T01:13:59.352+0000][info][gc,heap        ] GC(405) Survivor regions: 7->7(7)
[2024-08-28T01:13:59.352+0000][info][gc,heap        ] GC(405) Old regions: 825->811
[2024-08-28T01:13:59.352+0000][info][gc,heap        ] GC(405) Archive regions: 2->2
[2024-08-28T01:13:59.352+0000][info][gc,heap        ] GC(405) Humongous regions: 5->5
[2024-08-28T01:13:59.352+0000][info][gc,metaspace   ] GC(405) Metaspace: 100K(320K)->100K(320K) NonClass: 96K(192K)->96K(192K) Class: 4K(128K)->4K(128K)
[2024-08-28T01:13:59.352+0000][info][gc             ] GC(405) Pause Young (Mixed) (G1 Evacuation Pause) 871M->814M(1024M) 12.075ms
[2024-08-28T01:13:59.352+0000][info][gc,cpu         ] GC(405) User=0.27s Sys=0.00s Real=0.01s
[2024-08-28T01:13:59.372+0000][info][gc,start       ] GC(406) Pause Young (Mixed) (G1 Evacuation Pause)
[2024-08-28T01:13:59.372+0000][info][gc,task        ] GC(406) Using 24 workers of 68 for evacuation
[2024-08-28T01:13:59.384+0000][info][gc,phases      ] GC(406)   Pre Evacuate Collection Set: 0.1ms
[2024-08-28T01:13:59.384+0000][info][gc,phases      ] GC(406)   Merge Heap Roots: 0.6ms
[2024-08-28T01:13:59.384+0000][info][gc,phases      ] GC(406)   Evacuate Collection Set: 10.0ms
[2024-08-28T01:13:59.384+0000][info][gc,phases      ] GC(406)   Post Evacuate Collection Set: 0.4ms
[2024-08-28T01:13:59.384+0000][info][gc,phases      ] GC(406)   Other: 0.2ms
[2024-08-28T01:13:59.384+0000][info][gc,heap        ] GC(406) Eden regions: 44->0(44)
[2024-08-28T01:13:59.384+0000][info][gc,heap        ] GC(406) Survivor regions: 7->7(7)
[2024-08-28T01:13:59.384+0000][info][gc,heap        ] GC(406) Old regions: 811->847
[2024-08-28T01:13:59.384+0000][info][gc,heap        ] GC(406) Archive regions: 2->2
[2024-08-28T01:13:59.384+0000][info][gc,heap        ] GC(406) Humongous regions: 5->5
[2024-08-28T01:13:59.384+0000][info][gc,metaspace   ] GC(406) Metaspace: 100K(320K)->100K(320K) NonClass: 96K(192K)->96K(192K) Class: 4K(128K)->4K(128K)
[2024-08-28T01:13:59.384+0000][info][gc             ] GC(406) Pause Young (Mixed) (G1 Evacuation Pause) 858M->850M(1024M) 11.314ms
[2024-08-28T01:13:59.384+0000][info][gc,cpu         ] GC(406) User=0.25s Sys=0.00s Real=0.01s
[2024-08-28T01:13:59.404+0000][info][gc,start       ] GC(407) Pause Young (Concurrent Start) (G1 Evacuation Pause)
[2024-08-28T01:13:59.404+0000][info][gc,task        ] GC(407) Using 24 workers of 68 for evacuation
[2024-08-28T01:13:59.415+0000][info][gc,phases      ] GC(407)   Pre Evacuate Collection Set: 0.2ms
[2024-08-28T01:13:59.415+0000][info][gc,phases      ] GC(407)   Merge Heap Roots: 0.7ms
[2024-08-28T01:13:59.416+0000][info][gc,phases      ] GC(407)   Evacuate Collection Set: 9.8ms
[2024-08-28T01:13:59.416+0000][info][gc,phases      ] GC(407)   Post Evacuate Collection Set: 0.3ms
[2024-08-28T01:13:59.416+0000][info][gc,phases      ] GC(407)   Other: 0.5ms
[2024-08-28T01:13:59.416+0000][info][gc,heap        ] GC(407) Eden regions: 44->0(44)
[2024-08-28T01:13:59.416+0000][info][gc,heap        ] GC(407) Survivor regions: 7->7(7)
[2024-08-28T01:13:59.416+0000][info][gc,heap        ] GC(407) Old regions: 847->894
[2024-08-28T01:13:59.416+0000][info][gc,heap        ] GC(407) Archive regions: 2->2
[2024-08-28T01:13:59.416+0000][info][gc,heap        ] GC(407) Humongous regions: 5->5
[2024-08-28T01:13:59.416+0000][info][gc,metaspace   ] GC(407) Metaspace: 100K(320K)->100K(320K) NonClass: 96K(192K)->96K(192K) Class: 4K(128K)->4K(128K)
[2024-08-28T01:13:59.416+0000][info][gc             ] GC(407) Pause Young (Concurrent Start) (G1 Evacuation Pause) 894M->898M(1024M) 11.480ms
[2024-08-28T01:13:59.416+0000][info][gc,cpu         ] GC(407) User=0.25s Sys=0.00s Real=0.01s
[2024-08-28T01:13:59.416+0000][info][gc             ] GC(408) Concurrent Mark Cycle
[2024-08-28T01:13:59.416+0000][info][gc,marking     ] GC(408) Concurrent Clear Claimed Marks
[2024-08-28T01:13:59.416+0000][info][gc,marking     ] GC(408) Concurrent Clear Claimed Marks 0.011ms
[2024-08-28T01:13:59.416+0000][info][gc,marking     ] GC(408) Concurrent Scan Root Regions
[2024-08-28T01:13:59.417+0000][info][gc,marking     ] GC(408) Concurrent Scan Root Regions 1.577ms
[2024-08-28T01:13:59.417+0000][info][gc,marking     ] GC(408) Concurrent Mark
[2024-08-28T01:13:59.417+0000][info][gc,marking     ] GC(408) Concurrent Mark From Roots
[2024-08-28T01:13:59.417+0000][info][gc,task        ] GC(408) Using 17 workers of 17 for marking
[2024-08-28T01:13:59.440+0000][info][gc,marking     ] GC(408) Concurrent Mark From Roots 23.067ms
[2024-08-28T01:13:59.441+0000][info][gc,marking     ] GC(408) Concurrent Preclean
[2024-08-28T01:13:59.441+0000][info][gc,marking     ] GC(408) Concurrent Preclean 0.695ms
[2024-08-28T01:13:59.442+0000][info][gc,start       ] GC(408) Pause Remark
[2024-08-28T01:13:59.444+0000][info][gc             ] GC(408) Pause Remark 936M->936M(1024M) 2.173ms
[2024-08-28T01:13:59.444+0000][info][gc,cpu         ] GC(408) User=0.00s Sys=0.00s Real=0.00s
[2024-08-28T01:13:59.444+0000][info][gc,marking     ] GC(408) Concurrent Mark 26.519ms
[2024-08-28T01:13:59.444+0000][info][gc,marking     ] GC(408) Concurrent Rebuild Remembered Sets
[2024-08-28T01:13:59.447+0000][info][gc,start       ] GC(409) Pause Young (Normal) (G1 Evacuation Pause)
[2024-08-28T01:13:59.448+0000][info][gc,task        ] GC(409) Using 24 workers of 68 for evacuation
[2024-08-28T01:13:59.458+0000][info][gc,phases      ] GC(409)   Pre Evacuate Collection Set: 0.2ms
[2024-08-28T01:13:59.458+0000][info][gc,phases      ] GC(409)   Merge Heap Roots: 0.6ms
[2024-08-28T01:13:59.458+0000][info][gc,phases      ] GC(409)   Evacuate Collection Set: 8.9ms
[2024-08-28T01:13:59.458+0000][info][gc,phases      ] GC(409)   Post Evacuate Collection Set: 0.5ms
[2024-08-28T01:13:59.458+0000][info][gc,phases      ] GC(409)   Other: 0.3ms
[2024-08-28T01:13:59.458+0000][info][gc,heap        ] GC(409) Eden regions: 44->0(44)
[2024-08-28T01:13:59.458+0000][info][gc,heap        ] GC(409) Survivor regions: 7->7(7)
[2024-08-28T01:13:59.458+0000][info][gc,heap        ] GC(409) Old regions: 894->941
[2024-08-28T01:13:59.458+0000][info][gc,heap        ] GC(409) Archive regions: 2->2
[2024-08-28T01:13:59.458+0000][info][gc,heap        ] GC(409) Humongous regions: 5->5
[2024-08-28T01:13:59.458+0000][info][gc,metaspace   ] GC(409) Metaspace: 100K(320K)->100K(320K) NonClass: 96K(192K)->96K(192K) Class: 4K(128K)->4K(128K)
[2024-08-28T01:13:59.458+0000][info][gc             ] GC(409) Pause Young (Normal) (G1 Evacuation Pause) 942M->945M(1024M) 10.605ms
[2024-08-28T01:13:59.458+0000][info][gc,cpu         ] GC(409) User=0.22s Sys=0.01s Real=0.02s
[2024-08-28T01:13:59.473+0000][info][gc,start       ] GC(410) Pause Young (Normal) (G1 Preventive Collection)
[2024-08-28T01:13:59.473+0000][info][gc,task        ] GC(410) Using 24 workers of 68 for evacuation
[2024-08-28T01:13:59.485+0000][info][gc,phases      ] GC(410)   Pre Evacuate Collection Set: 0.2ms
[2024-08-28T01:13:59.485+0000][info][gc,phases      ] GC(410)   Merge Heap Roots: 0.7ms
[2024-08-28T01:13:59.485+0000][info][gc,phases      ] GC(410)   Evacuate Collection Set: 10.3ms
[2024-08-28T01:13:59.485+0000][info][gc,phases      ] GC(410)   Post Evacuate Collection Set: 0.6ms
[2024-08-28T01:13:59.485+0000][info][gc,phases      ] GC(410)   Other: 0.3ms
[2024-08-28T01:13:59.485+0000][info][gc,heap        ] GC(410) Eden regions: 29->0(44)
[2024-08-28T01:13:59.485+0000][info][gc,heap        ] GC(410) Survivor regions: 7->7(7)
[2024-08-28T01:13:59.485+0000][info][gc,heap        ] GC(410) Old regions: 941->973
[2024-08-28T01:13:59.485+0000][info][gc,heap        ] GC(410) Archive regions: 2->2
[2024-08-28T01:13:59.485+0000][info][gc,heap        ] GC(410) Humongous regions: 5->5
[2024-08-28T01:13:59.485+0000][info][gc,metaspace   ] GC(410) Metaspace: 100K(320K)->100K(320K) NonClass: 96K(192K)->96K(192K) Class: 4K(128K)->4K(128K)
[2024-08-28T01:13:59.485+0000][info][gc             ] GC(410) Pause Young (Normal) (G1 Preventive Collection) 974M->976M(1024M) 12.231ms
[2024-08-28T01:13:59.485+0000][info][gc,cpu         ] GC(410) User=0.27s Sys=0.00s Real=0.01s
[2024-08-28T01:13:59.493+0000][info][gc,start       ] GC(411) Pause Young (Normal) (G1 Preventive Collection)
[2024-08-28T01:13:59.493+0000][info][gc,task        ] GC(411) Using 24 workers of 68 for evacuation
[2024-08-28T01:13:59.504+0000][info][gc             ] GC(411) To-space exhausted
[2024-08-28T01:13:59.504+0000][info][gc,phases      ] GC(411)   Pre Evacuate Collection Set: 0.1ms
[2024-08-28T01:13:59.504+0000][info][gc,phases      ] GC(411)   Merge Heap Roots: 0.8ms
[2024-08-28T01:13:59.504+0000][info][gc,phases      ] GC(411)   Evacuate Collection Set: 8.9ms
[2024-08-28T01:13:59.504+0000][info][gc,phases      ] GC(411)   Post Evacuate Collection Set: 0.9ms
[2024-08-28T01:13:59.504+0000][info][gc,phases      ] GC(411)   Other: 0.3ms
[2024-08-28T01:13:59.504+0000][info][gc,heap        ] GC(411) Eden regions: 14->0(44)
[2024-08-28T01:13:59.504+0000][info][gc,heap        ] GC(411) Survivor regions: 7->7(7)
[2024-08-28T01:13:59.504+0000][info][gc,heap        ] GC(411) Old regions: 973->1003
[2024-08-28T01:13:59.504+0000][info][gc,heap        ] GC(411) Archive regions: 2->2
[2024-08-28T01:13:59.504+0000][info][gc,heap        ] GC(411) Humongous regions: 5->5
[2024-08-28T01:13:59.504+0000][info][gc,metaspace   ] GC(411) Metaspace: 100K(320K)->100K(320K) NonClass: 96K(192K)->96K(192K) Class: 4K(128K)->4K(128K)
[2024-08-28T01:13:59.504+0000][info][gc             ] GC(411) Pause Young (Normal) (G1 Preventive Collection) 990M->1007M(1024M) 11.216ms
[2024-08-28T01:13:59.504+0000][info][gc,cpu         ] GC(411) User=0.24s Sys=0.00s Real=0.01s
[2024-08-28T01:13:59.505+0000][info][gc,start       ] GC(412) Pause Young (Normal) (G1 Preventive Collection)
[2024-08-28T01:13:59.505+0000][info][gc,task        ] GC(412) Using 24 workers of 68 for evacuation
[2024-08-28T01:13:59.512+0000][info][gc             ] GC(412) To-space exhausted
[2024-08-28T01:13:59.513+0000][info][gc,phases      ] GC(412)   Pre Evacuate Collection Set: 0.1ms
[2024-08-28T01:13:59.513+0000][info][gc,phases      ] GC(412)   Merge Heap Roots: 0.5ms
[2024-08-28T01:13:59.513+0000][info][gc,phases      ] GC(412)   Evacuate Collection Set: 5.9ms
[2024-08-28T01:13:59.513+0000][info][gc,phases      ] GC(412)   Post Evacuate Collection Set: 0.8ms
[2024-08-28T01:13:59.513+0000][info][gc,phases      ] GC(412)   Other: 0.3ms
[2024-08-28T01:13:59.513+0000][info][gc,heap        ] GC(412) Eden regions: 1->0(50)
[2024-08-28T01:13:59.513+0000][info][gc,heap        ] GC(412) Survivor regions: 7->1(6)
[2024-08-28T01:13:59.513+0000][info][gc,heap        ] GC(412) Old regions: 1003->1016
[2024-08-28T01:13:59.513+0000][info][gc,heap        ] GC(412) Archive regions: 2->2
[2024-08-28T01:13:59.513+0000][info][gc,heap        ] GC(412) Humongous regions: 5->5
[2024-08-28T01:13:59.513+0000][info][gc,metaspace   ] GC(412) Metaspace: 100K(320K)->100K(320K) NonClass: 96K(192K)->96K(192K) Class: 4K(128K)->4K(128K)
[2024-08-28T01:13:59.513+0000][info][gc             ] GC(412) Pause Young (Normal) (G1 Preventive Collection) 1008M->1014M(1024M) 7.778ms
[2024-08-28T01:13:59.513+0000][info][gc,cpu         ] GC(412) User=0.16s Sys=0.00s Real=0.01s
[2024-08-28T01:13:59.513+0000][info][gc,ergo        ] Attempting full compaction
[2024-08-28T01:13:59.513+0000][info][gc,task        ] GC(413) Using 24 workers of 68 for full compaction
[2024-08-28T01:13:59.513+0000][info][gc,start       ] GC(413) Pause Full (G1 Compaction Pause)
[2024-08-28T01:13:59.514+0000][info][gc,phases,start] GC(413) Phase 1: Mark live objects
[2024-08-28T01:13:59.528+0000][info][gc,phases      ] GC(413) Phase 1: Mark live objects 13.805ms
[2024-08-28T01:13:59.528+0000][info][gc,phases,start] GC(413) Phase 2: Prepare for compaction
[2024-08-28T01:13:59.536+0000][info][gc,phases      ] GC(413) Phase 2: Prepare for compaction 8.434ms
[2024-08-28T01:13:59.536+0000][info][gc,phases,start] GC(413) Phase 3: Adjust pointers
[2024-08-28T01:13:59.550+0000][info][gc,phases      ] GC(413) Phase 3: Adjust pointers 13.900ms
[2024-08-28T01:13:59.550+0000][info][gc,phases,start] GC(413) Phase 4: Compact heap
[2024-08-28T01:13:59.579+0000][info][gc,phases      ] GC(413) Phase 4: Compact heap 28.945ms
[2024-08-28T01:13:59.581+0000][info][gc,heap        ] GC(413) Eden regions: 0->0(150)
[2024-08-28T01:13:59.581+0000][info][gc,heap        ] GC(413) Survivor regions: 1->0(6)
[2024-08-28T01:13:59.581+0000][info][gc,heap        ] GC(413) Old regions: 1016->444
[2024-08-28T01:13:59.581+0000][info][gc,heap        ] GC(413) Archive regions: 2->2
[2024-08-28T01:13:59.581+0000][info][gc,heap        ] GC(413) Humongous regions: 5->5
[2024-08-28T01:13:59.581+0000][info][gc,metaspace   ] GC(413) Metaspace: 100K(320K)->100K(320K) NonClass: 96K(192K)->96K(192K) Class: 4K(128K)->4K(128K)
[2024-08-28T01:13:59.581+0000][info][gc             ] GC(413) Pause Full (G1 Compaction Pause) 1014M->436M(1024M) 67.683ms
[2024-08-28T01:13:59.581+0000][info][gc,cpu         ] GC(413) User=1.45s Sys=0.00s Real=0.07s
[2024-08-28T01:13:59.581+0000][info][gc,marking     ] GC(408) Concurrent Rebuild Remembered Sets 137.292ms
[2024-08-28T01:13:59.581+0000][info][gc,marking     ] GC(408) Concurrent Mark Abort
[2024-08-28T01:13:59.581+0000][info][gc             ] GC(408) Concurrent Mark Cycle 165.614ms
[2024-08-28T01:13:59.654+0000][info][gc,start       ] GC(414) Pause Young (Normal) (G1 Evacuation Pause)
[2024-08-28T01:13:59.654+0000][info][gc,task        ] GC(414) Using 24 workers of 68 for evacuation
[2024-08-28T01:13:59.676+0000][info][gc,phases      ] GC(414)   Pre Evacuate Collection Set: 0.2ms
[2024-08-28T01:13:59.676+0000][info][gc,phases      ] GC(414)   Merge Heap Roots: 0.5ms
[2024-08-28T01:13:59.676+0000][info][gc,phases      ] GC(414)   Evacuate Collection Set: 20.7ms
[2024-08-28T01:13:59.676+0000][info][gc,phases      ] GC(414)   Post Evacuate Collection Set: 0.4ms
[2024-08-28T01:13:59.676+0000][info][gc,phases      ] GC(414)   Other: 0.3ms
[2024-08-28T01:13:59.676+0000][info][gc,heap        ] GC(414) Eden regions: 150->0(103)
[2024-08-28T01:13:59.676+0000][info][gc,heap        ] GC(414) Survivor regions: 0->19(19)
[2024-08-28T01:13:59.676+0000][info][gc,heap        ] GC(414) Old regions: 444->571
[2024-08-28T01:13:59.676+0000][info][gc,heap        ] GC(414) Archive regions: 2->2
[2024-08-28T01:13:59.676+0000][info][gc,heap        ] GC(414) Humongous regions: 5->5
[2024-08-28T01:13:59.676+0000][info][gc,metaspace   ] GC(414) Metaspace: 100K(320K)->100K(320K) NonClass: 96K(192K)->96K(192K) Class: 4K(128K)->4K(128K)
[2024-08-28T01:13:59.676+0000][info][gc             ] GC(414) Pause Young (Normal) (G1 Evacuation Pause) 586M->582M(1024M) 22.230ms
[2024-08-28T01:13:59.676+0000][info][gc,cpu         ] GC(414) User=0.51s Sys=0.00s Real=0.02s
[2024-08-28T01:13:59.723+0000][info][gc,start       ] GC(415) Pause Young (Concurrent Start) (G1 Evacuation Pause)
[2024-08-28T01:13:59.723+0000][info][gc,task        ] GC(415) Using 24 workers of 68 for evacuation
[2024-08-28T01:13:59.743+0000][info][gc,phases      ] GC(415)   Pre Evacuate Collection Set: 0.1ms
[2024-08-28T01:13:59.743+0000][info][gc,phases      ] GC(415)   Merge Heap Roots: 0.5ms
[2024-08-28T01:13:59.743+0000][info][gc,phases      ] GC(415)   Evacuate Collection Set: 18.0ms
[2024-08-28T01:13:59.743+0000][info][gc,phases      ] GC(415)   Post Evacuate Collection Set: 0.4ms
[2024-08-28T01:13:59.743+0000][info][gc,phases      ] GC(415)   Other: 0.8ms
[2024-08-28T01:13:59.743+0000][info][gc,heap        ] GC(415) Eden regions: 103->0(69)
[2024-08-28T01:13:59.743+0000][info][gc,heap        ] GC(415) Survivor regions: 19->16(16)
[2024-08-28T01:13:59.743+0000][info][gc,heap        ] GC(415) Old regions: 571->678
[2024-08-28T01:13:59.743+0000][info][gc,heap        ] GC(415) Archive regions: 2->2
[2024-08-28T01:13:59.743+0000][info][gc,heap        ] GC(415) Humongous regions: 5->5
[2024-08-28T01:13:59.743+0000][info][gc,metaspace   ] GC(415) Metaspace: 100K(320K)->100K(320K) NonClass: 96K(192K)->96K(192K) Class: 4K(128K)->4K(128K)
[2024-08-28T01:13:59.743+0000][info][gc             ] GC(415) Pause Young (Concurrent Start) (G1 Evacuation Pause) 685M->686M(1024M) 19.929ms
[2024-08-28T01:13:59.743+0000][info][gc,cpu         ] GC(415) User=0.45s Sys=0.00s Real=0.02s
[2024-08-28T01:13:59.743+0000][info][gc             ] GC(416) Concurrent Mark Cycle
[2024-08-28T01:13:59.743+0000][info][gc,marking     ] GC(416) Concurrent Clear Claimed Marks
[2024-08-28T01:13:59.743+0000][info][gc,marking     ] GC(416) Concurrent Clear Claimed Marks 0.012ms
[2024-08-28T01:13:59.743+0000][info][gc,marking     ] GC(416) Concurrent Scan Root Regions
[2024-08-28T01:13:59.747+0000][info][gc,marking     ] GC(416) Concurrent Scan Root Regions 3.340ms
[2024-08-28T01:13:59.747+0000][info][gc,marking     ] GC(416) Concurrent Mark
[2024-08-28T01:13:59.747+0000][info][gc,marking     ] GC(416) Concurrent Mark From Roots
[2024-08-28T01:13:59.747+0000][info][gc,task        ] GC(416) Using 17 workers of 17 for marking
[2024-08-28T01:13:59.768+0000][info][gc,marking     ] GC(416) Concurrent Mark From Roots 20.826ms
[2024-08-28T01:13:59.768+0000][info][gc,marking     ] GC(416) Concurrent Preclean
[2024-08-28T01:13:59.768+0000][info][gc,marking     ] GC(416) Concurrent Preclean 0.508ms
[2024-08-28T01:13:59.769+0000][info][gc,start       ] GC(416) Pause Remark
[2024-08-28T01:13:59.770+0000][info][gc             ] GC(416) Pause Remark 724M->724M(1024M) 1.633ms
[2024-08-28T01:13:59.770+0000][info][gc,cpu         ] GC(416) User=0.01s Sys=0.00s Real=0.01s
[2024-08-28T01:13:59.770+0000][info][gc,marking     ] GC(416) Concurrent Mark 23.427ms
[2024-08-28T01:13:59.770+0000][info][gc,marking     ] GC(416) Concurrent Rebuild Remembered Sets
[2024-08-28T01:13:59.786+0000][info][gc,start       ] GC(417) Pause Young (Normal) (G1 Evacuation Pause)
[2024-08-28T01:13:59.786+0000][info][gc,task        ] GC(417) Using 24 workers of 68 for evacuation
[2024-08-28T01:13:59.802+0000][info][gc,phases      ] GC(417)   Pre Evacuate Collection Set: 0.2ms
[2024-08-28T01:13:59.803+0000][info][gc,phases      ] GC(417)   Merge Heap Roots: 0.6ms
[2024-08-28T01:13:59.803+0000][info][gc,phases      ] GC(417)   Evacuate Collection Set: 14.6ms
[2024-08-28T01:13:59.803+0000][info][gc,phases      ] GC(417)   Post Evacuate Collection Set: 0.6ms
[2024-08-28T01:13:59.803+0000][info][gc,phases      ] GC(417)   Other: 0.3ms
[2024-08-28T01:13:59.803+0000][info][gc,heap        ] GC(417) Eden regions: 69->0(46)
[2024-08-28T01:13:59.803+0000][info][gc,heap        ] GC(417) Survivor regions: 16->11(11)
[2024-08-28T01:13:59.803+0000][info][gc,heap        ] GC(417) Old regions: 678->754
[2024-08-28T01:13:59.803+0000][info][gc,heap        ] GC(417) Archive regions: 2->2
[2024-08-28T01:13:59.803+0000][info][gc,heap        ] GC(417) Humongous regions: 5->5
[2024-08-28T01:13:59.803+0000][info][gc,metaspace   ] GC(417) Metaspace: 100K(320K)->100K(320K) NonClass: 96K(192K)->96K(192K) Class: 4K(128K)->4K(128K)
[2024-08-28T01:13:59.803+0000][info][gc             ] GC(417) Pause Young (Normal) (G1 Evacuation Pause) 755M->757M(1024M) 16.423ms
[2024-08-28T01:13:59.803+0000][info][gc,cpu         ] GC(417) User=0.37s Sys=0.00s Real=0.02s
[2024-08-28T01:13:59.826+0000][info][gc,start       ] GC(418) Pause Young (Normal) (G1 Evacuation Pause)
[2024-08-28T01:13:59.826+0000][info][gc,task        ] GC(418) Using 24 workers of 68 for evacuation
[2024-08-28T01:13:59.845+0000][info][gc,phases      ] GC(418)   Pre Evacuate Collection Set: 0.2ms
[2024-08-28T01:13:59.845+0000][info][gc,phases      ] GC(418)   Merge Heap Roots: 0.5ms
[2024-08-28T01:13:59.845+0000][info][gc,phases      ] GC(418)   Evacuate Collection Set: 17.6ms
[2024-08-28T01:13:59.845+0000][info][gc,phases      ] GC(418)   Post Evacuate Collection Set: 0.7ms
[2024-08-28T01:13:59.845+0000][info][gc,phases      ] GC(418)   Other: 0.4ms
[2024-08-28T01:13:59.845+0000][info][gc,heap        ] GC(418) Eden regions: 46->0(43)
[2024-08-28T01:13:59.845+0000][info][gc,heap        ] GC(418) Survivor regions: 11->8(8)
[2024-08-28T01:13:59.845+0000][info][gc,heap        ] GC(418) Old regions: 754->807
[2024-08-28T01:13:59.845+0000][info][gc,heap        ] GC(418) Archive regions: 2->2
[2024-08-28T01:13:59.845+0000][info][gc,heap        ] GC(418) Humongous regions: 5->5
[2024-08-28T01:13:59.845+0000][info][gc,metaspace   ] GC(418) Metaspace: 100K(320K)->100K(320K) NonClass: 96K(192K)->96K(192K) Class: 4K(128K)->4K(128K)
[2024-08-28T01:13:59.845+0000][info][gc             ] GC(418) Pause Young (Normal) (G1 Evacuation Pause) 803M->807M(1024M) 19.462ms
[2024-08-28T01:13:59.845+0000][info][gc,cpu         ] GC(418) User=0.44s Sys=0.01s Real=0.02s
[2024-08-28T01:13:59.857+0000][info][gc,marking     ] GC(416) Concurrent Rebuild Remembered Sets 86.701ms
[2024-08-28T01:13:59.857+0000][info][gc,start       ] GC(416) Pause Cleanup
[2024-08-28T01:13:59.859+0000][info][gc             ] GC(416) Pause Cleanup 831M->831M(1024M) 2.149ms
[2024-08-28T01:13:59.860+0000][info][gc,cpu         ] GC(416) User=0.01s Sys=0.00s Real=0.01s
[2024-08-28T01:13:59.860+0000][info][gc,marking     ] GC(416) Concurrent Cleanup for Next Mark
[2024-08-28T01:13:59.860+0000][info][gc,marking     ] GC(416) Concurrent Cleanup for Next Mark 0.852ms
[2024-08-28T01:13:59.860+0000][info][gc             ] GC(416) Concurrent Mark Cycle 117.066ms
[2024-08-28T01:13:59.870+0000][info][gc,start       ] GC(419) Pause Young (Prepare Mixed) (G1 Evacuation Pause)
[2024-08-28T01:13:59.870+0000][info][gc,task        ] GC(419) Using 24 workers of 68 for evacuation
[2024-08-28T01:13:59.887+0000][info][gc,phases      ] GC(419)   Pre Evacuate Collection Set: 0.2ms
[2024-08-28T01:13:59.887+0000][info][gc,phases      ] GC(419)   Merge Heap Roots: 1.0ms
[2024-08-28T01:13:59.887+0000][info][gc,phases      ] GC(419)   Evacuate Collection Set: 15.8ms
[2024-08-28T01:13:59.887+0000][info][gc,phases      ] GC(419)   Post Evacuate Collection Set: 0.3ms
[2024-08-28T01:13:59.887+0000][info][gc,phases      ] GC(419)   Other: 0.3ms
[2024-08-28T01:13:59.887+0000][info][gc,heap        ] GC(419) Eden regions: 43->0(44)
[2024-08-28T01:13:59.887+0000][info][gc,heap        ] GC(419) Survivor regions: 8->7(7)
[2024-08-28T01:13:59.887+0000][info][gc,heap        ] GC(419) Old regions: 807->855
[2024-08-28T01:13:59.887+0000][info][gc,heap        ] GC(419) Archive regions: 2->2
[2024-08-28T01:13:59.887+0000][info][gc,heap        ] GC(419) Humongous regions: 5->5
[2024-08-28T01:13:59.887+0000][info][gc,metaspace   ] GC(419) Metaspace: 100K(320K)->100K(320K) NonClass: 96K(192K)->96K(192K) Class: 4K(128K)->4K(128K)
[2024-08-28T01:13:59.887+0000][info][gc             ] GC(419) Pause Young (Prepare Mixed) (G1 Evacuation Pause) 850M->854M(1024M) 17.634ms
[2024-08-28T01:13:59.888+0000][info][gc,cpu         ] GC(419) User=0.40s Sys=0.00s Real=0.01s
[2024-08-28T01:13:59.908+0000][info][gc,start       ] GC(420) Pause Young (Mixed) (G1 Evacuation Pause)
[2024-08-28T01:13:59.909+0000][info][gc,task        ] GC(420) Using 24 workers of 68 for evacuation
[2024-08-28T01:13:59.920+0000][info][gc,phases      ] GC(420)   Pre Evacuate Collection Set: 0.2ms
[2024-08-28T01:13:59.920+0000][info][gc,phases      ] GC(420)   Merge Heap Roots: 0.6ms
[2024-08-28T01:13:59.920+0000][info][gc,phases      ] GC(420)   Evacuate Collection Set: 10.3ms
[2024-08-28T01:13:59.920+0000][info][gc,phases      ] GC(420)   Post Evacuate Collection Set: 0.4ms
[2024-08-28T01:13:59.920+0000][info][gc,phases      ] GC(420)   Other: 0.3ms
[2024-08-28T01:13:59.920+0000][info][gc,heap        ] GC(420) Eden regions: 44->0(44)
[2024-08-28T01:13:59.920+0000][info][gc,heap        ] GC(420) Survivor regions: 7->7(7)
[2024-08-28T01:13:59.920+0000][info][gc,heap        ] GC(420) Old regions: 855->840
[2024-08-28T01:13:59.920+0000][info][gc,heap        ] GC(420) Archive regions: 2->2
[2024-08-28T01:13:59.920+0000][info][gc,heap        ] GC(420) Humongous regions: 5->5
[2024-08-28T01:13:59.920+0000][info][gc,metaspace   ] GC(420) Metaspace: 100K(320K)->100K(320K) NonClass: 96K(192K)->96K(192K) Class: 4K(128K)->4K(128K)
[2024-08-28T01:13:59.920+0000][info][gc             ] GC(420) Pause Young (Mixed) (G1 Evacuation Pause) 898M->839M(1024M) 11.876ms
[2024-08-28T01:13:59.920+0000][info][gc,cpu         ] GC(420) User=0.26s Sys=0.00s Real=0.02s
[2024-08-28T01:13:59.941+0000][info][gc,start       ] GC(421) Pause Young (Mixed) (G1 Evacuation Pause)
[2024-08-28T01:13:59.941+0000][info][gc,task        ] GC(421) Using 24 workers of 68 for evacuation
[2024-08-28T01:13:59.953+0000][info][gc,phases      ] GC(421)   Pre Evacuate Collection Set: 0.2ms
[2024-08-28T01:13:59.953+0000][info][gc,phases      ] GC(421)   Merge Heap Roots: 0.6ms
[2024-08-28T01:13:59.953+0000][info][gc,phases      ] GC(421)   Evacuate Collection Set: 10.3ms
[2024-08-28T01:13:59.953+0000][info][gc,phases      ] GC(421)   Post Evacuate Collection Set: 0.4ms
[2024-08-28T01:13:59.953+0000][info][gc,phases      ] GC(421)   Other: 0.3ms
[2024-08-28T01:13:59.953+0000][info][gc,heap        ] GC(421) Eden regions: 44->0(44)
[2024-08-28T01:13:59.953+0000][info][gc,heap        ] GC(421) Survivor regions: 7->7(7)
[2024-08-28T01:13:59.953+0000][info][gc,heap        ] GC(421) Old regions: 840->825
[2024-08-28T01:13:59.953+0000][info][gc,heap        ] GC(421) Archive regions: 2->2
[2024-08-28T01:13:59.953+0000][info][gc,heap        ] GC(421) Humongous regions: 5->5
[2024-08-28T01:13:59.953+0000][info][gc,metaspace   ] GC(421) Metaspace: 100K(320K)->100K(320K) NonClass: 96K(192K)->96K(192K) Class: 4K(128K)->4K(128K)
[2024-08-28T01:13:59.953+0000][info][gc             ] GC(421) Pause Young (Mixed) (G1 Evacuation Pause) 883M->824M(1024M) 11.832ms
[2024-08-28T01:13:59.953+0000][info][gc,cpu         ] GC(421) User=0.25s Sys=0.01s Real=0.01s
[2024-08-28T01:13:59.974+0000][info][gc,start       ] GC(422) Pause Young (Mixed) (G1 Evacuation Pause)
[2024-08-28T01:13:59.974+0000][info][gc,task        ] GC(422) Using 24 workers of 68 for evacuation
[2024-08-28T01:13:59.985+0000][info][gc,phases      ] GC(422)   Pre Evacuate Collection Set: 0.2ms
[2024-08-28T01:13:59.985+0000][info][gc,phases      ] GC(422)   Merge Heap Roots: 0.6ms
[2024-08-28T01:13:59.985+0000][info][gc,phases      ] GC(422)   Evacuate Collection Set: 10.2ms
[2024-08-28T01:13:59.985+0000][info][gc,phases      ] GC(422)   Post Evacuate Collection Set: 0.3ms
[2024-08-28T01:13:59.985+0000][info][gc,phases      ] GC(422)   Other: 0.3ms
[2024-08-28T01:13:59.985+0000][info][gc,heap        ] GC(422) Eden regions: 44->0(44)
[2024-08-28T01:13:59.985+0000][info][gc,heap        ] GC(422) Survivor regions: 7->7(7)
[2024-08-28T01:13:59.985+0000][info][gc,heap        ] GC(422) Old regions: 825->810
[2024-08-28T01:13:59.985+0000][info][gc,heap        ] GC(422) Archive regions: 2->2
[2024-08-28T01:13:59.985+0000][info][gc,heap        ] GC(422) Humongous regions: 5->5
[2024-08-28T01:13:59.985+0000][info][gc,metaspace   ] GC(422) Metaspace: 100K(320K)->100K(320K) NonClass: 96K(192K)->96K(192K) Class: 4K(128K)->4K(128K)
[2024-08-28T01:13:59.985+0000][info][gc             ] GC(422) Pause Young (Mixed) (G1 Evacuation Pause) 868M->812M(1024M) 11.694ms
[2024-08-28T01:13:59.985+0000][info][gc,cpu         ] GC(422) User=0.25s Sys=0.01s Real=0.01s
[2024-08-28T01:14:00.006+0000][info][gc,start       ] GC(423) Pause Young (Mixed) (G1 Evacuation Pause)
[2024-08-28T01:14:00.006+0000][info][gc,task        ] GC(423) Using 24 workers of 68 for evacuation
[2024-08-28T01:14:00.017+0000][info][gc,phases      ] GC(423)   Pre Evacuate Collection Set: 0.2ms
[2024-08-28T01:14:00.017+0000][info][gc,phases      ] GC(423)   Merge Heap Roots: 0.6ms
[2024-08-28T01:14:00.017+0000][info][gc,phases      ] GC(423)   Evacuate Collection Set: 9.5ms
[2024-08-28T01:14:00.017+0000][info][gc,phases      ] GC(423)   Post Evacuate Collection Set: 0.4ms
[2024-08-28T01:14:00.017+0000][info][gc,phases      ] GC(423)   Other: 0.3ms
[2024-08-28T01:14:00.017+0000][info][gc,heap        ] GC(423) Eden regions: 44->0(44)
[2024-08-28T01:14:00.017+0000][info][gc,heap        ] GC(423) Survivor regions: 7->7(7)
[2024-08-28T01:14:00.017+0000][info][gc,heap        ] GC(423) Old regions: 810->846
[2024-08-28T01:14:00.017+0000][info][gc,heap        ] GC(423) Archive regions: 2->2
[2024-08-28T01:14:00.017+0000][info][gc,heap        ] GC(423) Humongous regions: 5->5
[2024-08-28T01:14:00.017+0000][info][gc,metaspace   ] GC(423) Metaspace: 100K(320K)->100K(320K) NonClass: 96K(192K)->96K(192K) Class: 4K(128K)->4K(128K)
[2024-08-28T01:14:00.017+0000][info][gc             ] GC(423) Pause Young (Mixed) (G1 Evacuation Pause) 856M->849M(1024M) 11.043ms
[2024-08-28T01:14:00.017+0000][info][gc,cpu         ] GC(423) User=0.23s Sys=0.00s Real=0.01s
[2024-08-28T01:14:00.037+0000][info][gc,start       ] GC(424) Pause Young (Concurrent Start) (G1 Evacuation Pause)
[2024-08-28T01:14:00.037+0000][info][gc,task        ] GC(424) Using 24 workers of 68 for evacuation
[2024-08-28T01:14:00.049+0000][info][gc,phases      ] GC(424)   Pre Evacuate Collection Set: 0.2ms
[2024-08-28T01:14:00.049+0000][info][gc,phases      ] GC(424)   Merge Heap Roots: 0.7ms
[2024-08-28T01:14:00.049+0000][info][gc,phases      ] GC(424)   Evacuate Collection Set: 9.6ms
[2024-08-28T01:14:00.049+0000][info][gc,phases      ] GC(424)   Post Evacuate Collection Set: 0.4ms
[2024-08-28T01:14:00.049+0000][info][gc,phases      ] GC(424)   Other: 1.0ms
[2024-08-28T01:14:00.049+0000][info][gc,heap        ] GC(424) Eden regions: 44->0(44)
[2024-08-28T01:14:00.049+0000][info][gc,heap        ] GC(424) Survivor regions: 7->7(7)
[2024-08-28T01:14:00.049+0000][info][gc,heap        ] GC(424) Old regions: 846->892
[2024-08-28T01:14:00.049+0000][info][gc,heap        ] GC(424) Archive regions: 2->2
[2024-08-28T01:14:00.049+0000][info][gc,heap        ] GC(424) Humongous regions: 5->5
[2024-08-28T01:14:00.049+0000][info][gc,metaspace   ] GC(424) Metaspace: 100K(320K)->100K(320K) NonClass: 96K(192K)->96K(192K) Class: 4K(128K)->4K(128K)
[2024-08-28T01:14:00.049+0000][info][gc             ] GC(424) Pause Young (Concurrent Start) (G1 Evacuation Pause) 893M->896M(1024M) 12.100ms
[2024-08-28T01:14:00.049+0000][info][gc,cpu         ] GC(424) User=0.25s Sys=0.01s Real=0.01s
[2024-08-28T01:14:00.049+0000][info][gc             ] GC(425) Concurrent Mark Cycle
[2024-08-28T01:14:00.049+0000][info][gc,marking     ] GC(425) Concurrent Clear Claimed Marks
[2024-08-28T01:14:00.049+0000][info][gc,marking     ] GC(425) Concurrent Clear Claimed Marks 0.011ms
[2024-08-28T01:14:00.049+0000][info][gc,marking     ] GC(425) Concurrent Scan Root Regions
[2024-08-28T01:14:00.051+0000][info][gc,marking     ] GC(425) Concurrent Scan Root Regions 1.627ms
[2024-08-28T01:14:00.051+0000][info][gc,marking     ] GC(425) Concurrent Mark
[2024-08-28T01:14:00.051+0000][info][gc,marking     ] GC(425) Concurrent Mark From Roots
[2024-08-28T01:14:00.051+0000][info][gc,task        ] GC(425) Using 17 workers of 17 for marking
[2024-08-28T01:14:00.075+0000][info][gc,marking     ] GC(425) Concurrent Mark From Roots 23.956ms
[2024-08-28T01:14:00.075+0000][info][gc,marking     ] GC(425) Concurrent Preclean
[2024-08-28T01:14:00.076+0000][info][gc,marking     ] GC(425) Concurrent Preclean 0.714ms
[2024-08-28T01:14:00.076+0000][info][gc,start       ] GC(425) Pause Remark
[2024-08-28T01:14:00.078+0000][info][gc             ] GC(425) Pause Remark 936M->936M(1024M) 2.012ms
[2024-08-28T01:14:00.078+0000][info][gc,cpu         ] GC(425) User=0.00s Sys=0.00s Real=0.01s
[2024-08-28T01:14:00.078+0000][info][gc,marking     ] GC(425) Concurrent Mark 27.140ms
[2024-08-28T01:14:00.078+0000][info][gc,marking     ] GC(425) Concurrent Rebuild Remembered Sets
[2024-08-28T01:14:00.081+0000][info][gc,start       ] GC(426) Pause Young (Normal) (G1 Evacuation Pause)
[2024-08-28T01:14:00.081+0000][info][gc,task        ] GC(426) Using 24 workers of 68 for evacuation
[2024-08-28T01:14:00.091+0000][info][gc,phases      ] GC(426)   Pre Evacuate Collection Set: 0.2ms
[2024-08-28T01:14:00.091+0000][info][gc,phases      ] GC(426)   Merge Heap Roots: 0.4ms
[2024-08-28T01:14:00.091+0000][info][gc,phases      ] GC(426)   Evacuate Collection Set: 9.5ms
[2024-08-28T01:14:00.091+0000][info][gc,phases      ] GC(426)   Post Evacuate Collection Set: 0.5ms
[2024-08-28T01:14:00.091+0000][info][gc,phases      ] GC(426)   Other: 0.3ms
[2024-08-28T01:14:00.092+0000][info][gc,heap        ] GC(426) Eden regions: 44->0(44)
[2024-08-28T01:14:00.092+0000][info][gc,heap        ] GC(426) Survivor regions: 7->7(7)
[2024-08-28T01:14:00.092+0000][info][gc,heap        ] GC(426) Old regions: 892->939
[2024-08-28T01:14:00.092+0000][info][gc,heap        ] GC(426) Archive regions: 2->2
[2024-08-28T01:14:00.092+0000][info][gc,heap        ] GC(426) Humongous regions: 5->5
[2024-08-28T01:14:00.092+0000][info][gc,metaspace   ] GC(426) Metaspace: 100K(320K)->100K(320K) NonClass: 96K(192K)->96K(192K) Class: 4K(128K)->4K(128K)
[2024-08-28T01:14:00.092+0000][info][gc             ] GC(426) Pause Young (Normal) (G1 Evacuation Pause) 940M->943M(1024M) 10.950ms
[2024-08-28T01:14:00.092+0000][info][gc,cpu         ] GC(426) User=0.24s Sys=0.00s Real=0.01s
[2024-08-28T01:14:00.108+0000][info][gc,start       ] GC(427) Pause Young (Normal) (G1 Preventive Collection)
[2024-08-28T01:14:00.108+0000][info][gc,task        ] GC(427) Using 24 workers of 68 for evacuation
[2024-08-28T01:14:00.121+0000][info][gc,phases      ] GC(427)   Pre Evacuate Collection Set: 0.2ms
[2024-08-28T01:14:00.121+0000][info][gc,phases      ] GC(427)   Merge Heap Roots: 0.8ms
[2024-08-28T01:14:00.121+0000][info][gc,phases      ] GC(427)   Evacuate Collection Set: 11.3ms
[2024-08-28T01:14:00.121+0000][info][gc,phases      ] GC(427)   Post Evacuate Collection Set: 0.6ms
[2024-08-28T01:14:00.121+0000][info][gc,phases      ] GC(427)   Other: 0.3ms
[2024-08-28T01:14:00.121+0000][info][gc,heap        ] GC(427) Eden regions: 30->0(44)
[2024-08-28T01:14:00.121+0000][info][gc,heap        ] GC(427) Survivor regions: 7->7(7)
[2024-08-28T01:14:00.121+0000][info][gc,heap        ] GC(427) Old regions: 939->972
[2024-08-28T01:14:00.121+0000][info][gc,heap        ] GC(427) Archive regions: 2->2
[2024-08-28T01:14:00.121+0000][info][gc,heap        ] GC(427) Humongous regions: 5->5
[2024-08-28T01:14:00.121+0000][info][gc,metaspace   ] GC(427) Metaspace: 100K(320K)->100K(320K) NonClass: 96K(192K)->96K(192K) Class: 4K(128K)->4K(128K)
[2024-08-28T01:14:00.121+0000][info][gc             ] GC(427) Pause Young (Normal) (G1 Preventive Collection) 973M->976M(1024M) 13.388ms
[2024-08-28T01:14:00.121+0000][info][gc,cpu         ] GC(427) User=0.30s Sys=0.00s Real=0.02s
[2024-08-28T01:14:00.129+0000][info][gc,start       ] GC(428) Pause Young (Normal) (G1 Preventive Collection)
[2024-08-28T01:14:00.129+0000][info][gc,task        ] GC(428) Using 24 workers of 68 for evacuation
[2024-08-28T01:14:00.140+0000][info][gc             ] GC(428) To-space exhausted
[2024-08-28T01:14:00.140+0000][info][gc,phases      ] GC(428)   Pre Evacuate Collection Set: 0.2ms
[2024-08-28T01:14:00.140+0000][info][gc,phases      ] GC(428)   Merge Heap Roots: 0.5ms
[2024-08-28T01:14:00.140+0000][info][gc,phases      ] GC(428)   Evacuate Collection Set: 9.1ms
[2024-08-28T01:14:00.140+0000][info][gc,phases      ] GC(428)   Post Evacuate Collection Set: 0.9ms
[2024-08-28T01:14:00.140+0000][info][gc,phases      ] GC(428)   Other: 0.4ms
[2024-08-28T01:14:00.140+0000][info][gc,heap        ] GC(428) Eden regions: 14->0(44)
[2024-08-28T01:14:00.140+0000][info][gc,heap        ] GC(428) Survivor regions: 7->7(7)
[2024-08-28T01:14:00.140+0000][info][gc,heap        ] GC(428) Old regions: 972->1001
[2024-08-28T01:14:00.140+0000][info][gc,heap        ] GC(428) Archive regions: 2->2
[2024-08-28T01:14:00.140+0000][info][gc,heap        ] GC(428) Humongous regions: 5->5
[2024-08-28T01:14:00.140+0000][info][gc,metaspace   ] GC(428) Metaspace: 100K(320K)->100K(320K) NonClass: 96K(192K)->96K(192K) Class: 4K(128K)->4K(128K)
[2024-08-28T01:14:00.140+0000][info][gc             ] GC(428) Pause Young (Normal) (G1 Preventive Collection) 990M->1005M(1024M) 11.181ms
[2024-08-28T01:14:00.140+0000][info][gc,cpu         ] GC(428) User=0.24s Sys=0.00s Real=0.02s
[2024-08-28T01:14:00.141+0000][info][gc,start       ] GC(429) Pause Young (Normal) (G1 Preventive Collection)
[2024-08-28T01:14:00.141+0000][info][gc,task        ] GC(429) Using 24 workers of 68 for evacuation
[2024-08-28T01:14:00.149+0000][info][gc             ] GC(429) To-space exhausted
[2024-08-28T01:14:00.149+0000][info][gc,phases      ] GC(429)   Pre Evacuate Collection Set: 0.2ms
[2024-08-28T01:14:00.149+0000][info][gc,phases      ] GC(429)   Merge Heap Roots: 0.9ms
[2024-08-28T01:14:00.149+0000][info][gc,phases      ] GC(429)   Evacuate Collection Set: 6.2ms
[2024-08-28T01:14:00.149+0000][info][gc,phases      ] GC(429)   Post Evacuate Collection Set: 0.9ms
[2024-08-28T01:14:00.149+0000][info][gc,phases      ] GC(429)   Other: 0.3ms
[2024-08-28T01:14:00.149+0000][info][gc,heap        ] GC(429) Eden regions: 1->0(50)
[2024-08-28T01:14:00.149+0000][info][gc,heap        ] GC(429) Survivor regions: 7->1(7)
[2024-08-28T01:14:00.150+0000][info][gc,heap        ] GC(429) Old regions: 1001->1016
[2024-08-28T01:14:00.150+0000][info][gc,heap        ] GC(429) Archive regions: 2->2
[2024-08-28T01:14:00.150+0000][info][gc,heap        ] GC(429) Humongous regions: 5->5
[2024-08-28T01:14:00.150+0000][info][gc,metaspace   ] GC(429) Metaspace: 100K(320K)->100K(320K) NonClass: 96K(192K)->96K(192K) Class: 4K(128K)->4K(128K)
[2024-08-28T01:14:00.150+0000][info][gc             ] GC(429) Pause Young (Normal) (G1 Preventive Collection) 1006M->1014M(1024M) 8.558ms
[2024-08-28T01:14:00.150+0000][info][gc,cpu         ] GC(429) User=0.18s Sys=0.00s Real=0.01s
[2024-08-28T01:14:00.150+0000][info][gc,ergo        ] Attempting full compaction
[2024-08-28T01:14:00.150+0000][info][gc,task        ] GC(430) Using 24 workers of 68 for full compaction
[2024-08-28T01:14:00.150+0000][info][gc,start       ] GC(430) Pause Full (G1 Compaction Pause)
[2024-08-28T01:14:00.151+0000][info][gc,phases,start] GC(430) Phase 1: Mark live objects
[2024-08-28T01:14:00.165+0000][info][gc,phases      ] GC(430) Phase 1: Mark live objects 13.821ms
[2024-08-28T01:14:00.165+0000][info][gc,phases,start] GC(430) Phase 2: Prepare for compaction
[2024-08-28T01:14:00.174+0000][info][gc,phases      ] GC(430) Phase 2: Prepare for compaction 8.952ms
[2024-08-28T01:14:00.174+0000][info][gc,phases,start] GC(430) Phase 3: Adjust pointers
[2024-08-28T01:14:00.189+0000][info][gc,phases      ] GC(430) Phase 3: Adjust pointers 15.488ms
[2024-08-28T01:14:00.189+0000][info][gc,phases,start] GC(430) Phase 4: Compact heap
[2024-08-28T01:14:00.220+0000][info][gc,phases      ] GC(430) Phase 4: Compact heap 30.730ms
[2024-08-28T01:14:00.222+0000][info][gc,heap        ] GC(430) Eden regions: 0->0(149)
[2024-08-28T01:14:00.222+0000][info][gc,heap        ] GC(430) Survivor regions: 1->0(7)
[2024-08-28T01:14:00.222+0000][info][gc,heap        ] GC(430) Old regions: 1016->446
[2024-08-28T01:14:00.222+0000][info][gc,heap        ] GC(430) Archive regions: 2->2
[2024-08-28T01:14:00.222+0000][info][gc,heap        ] GC(430) Humongous regions: 5->5
[2024-08-28T01:14:00.222+0000][info][gc,metaspace   ] GC(430) Metaspace: 100K(320K)->100K(320K) NonClass: 96K(192K)->96K(192K) Class: 4K(128K)->4K(128K)
[2024-08-28T01:14:00.222+0000][info][gc             ] GC(430) Pause Full (G1 Compaction Pause) 1014M->436M(1024M) 71.742ms
[2024-08-28T01:14:00.222+0000][info][gc,cpu         ] GC(430) User=1.51s Sys=0.00s Real=0.07s
[2024-08-28T01:14:00.222+0000][info][gc,marking     ] GC(425) Concurrent Rebuild Remembered Sets 144.258ms
[2024-08-28T01:14:00.222+0000][info][gc,marking     ] GC(425) Concurrent Mark Abort
[2024-08-28T01:14:00.222+0000][info][gc             ] GC(425) Concurrent Mark Cycle 173.272ms
[2024-08-28T01:14:00.295+0000][info][gc,start       ] GC(431) Pause Young (Normal) (G1 Evacuation Pause)
[2024-08-28T01:14:00.295+0000][info][gc,task        ] GC(431) Using 24 workers of 68 for evacuation
[2024-08-28T01:14:00.317+0000][info][gc,phases      ] GC(431)   Pre Evacuate Collection Set: 0.2ms
[2024-08-28T01:14:00.318+0000][info][gc,phases      ] GC(431)   Merge Heap Roots: 0.6ms
[2024-08-28T01:14:00.318+0000][info][gc,phases      ] GC(431)   Evacuate Collection Set: 21.1ms
[2024-08-28T01:14:00.318+0000][info][gc,phases      ] GC(431)   Post Evacuate Collection Set: 0.4ms
[2024-08-28T01:14:00.318+0000][info][gc,phases      ] GC(431)   Other: 0.4ms
[2024-08-28T01:14:00.318+0000][info][gc,heap        ] GC(431) Eden regions: 149->0(102)
[2024-08-28T01:14:00.318+0000][info][gc,heap        ] GC(431) Survivor regions: 0->19(19)
[2024-08-28T01:14:00.318+0000][info][gc,heap        ] GC(431) Old regions: 446->572
[2024-08-28T01:14:00.318+0000][info][gc,heap        ] GC(431) Archive regions: 2->2
[2024-08-28T01:14:00.318+0000][info][gc,heap        ] GC(431) Humongous regions: 5->5
[2024-08-28T01:14:00.318+0000][info][gc,metaspace   ] GC(431) Metaspace: 100K(320K)->100K(320K) NonClass: 96K(192K)->96K(192K) Class: 4K(128K)->4K(128K)
[2024-08-28T01:14:00.318+0000][info][gc             ] GC(431) Pause Young (Normal) (G1 Evacuation Pause) 585M->581M(1024M) 22.852ms
[2024-08-28T01:14:00.318+0000][info][gc,cpu         ] GC(431) User=0.51s Sys=0.01s Real=0.03s
[2024-08-28T01:14:00.365+0000][info][gc,start       ] GC(432) Pause Young (Concurrent Start) (G1 Evacuation Pause)
[2024-08-28T01:14:00.365+0000][info][gc,task        ] GC(432) Using 24 workers of 68 for evacuation
[2024-08-28T01:14:00.385+0000][info][gc,phases      ] GC(432)   Pre Evacuate Collection Set: 0.2ms
[2024-08-28T01:14:00.386+0000][info][gc,phases      ] GC(432)   Merge Heap Roots: 0.6ms
[2024-08-28T01:14:00.386+0000][info][gc,phases      ] GC(432)   Evacuate Collection Set: 18.3ms
[2024-08-28T01:14:00.386+0000][info][gc,phases      ] GC(432)   Post Evacuate Collection Set: 0.4ms
[2024-08-28T01:14:00.386+0000][info][gc,phases      ] GC(432)   Other: 1.1ms
[2024-08-28T01:14:00.386+0000][info][gc,heap        ] GC(432) Eden regions: 102->0(69)
[2024-08-28T01:14:00.386+0000][info][gc,heap        ] GC(432) Survivor regions: 19->16(16)
[2024-08-28T01:14:00.386+0000][info][gc,heap        ] GC(432) Old regions: 572->678
[2024-08-28T01:14:00.386+0000][info][gc,heap        ] GC(432) Archive regions: 2->2
[2024-08-28T01:14:00.386+0000][info][gc,heap        ] GC(432) Humongous regions: 5->5
[2024-08-28T01:14:00.386+0000][info][gc,metaspace   ] GC(432) Metaspace: 100K(320K)->100K(320K) NonClass: 96K(192K)->96K(192K) Class: 4K(128K)->4K(128K)
[2024-08-28T01:14:00.386+0000][info][gc             ] GC(432) Pause Young (Concurrent Start) (G1 Evacuation Pause) 683M->684M(1024M) 20.761ms
[2024-08-28T01:14:00.386+0000][info][gc,cpu         ] GC(432) User=0.45s Sys=0.01s Real=0.02s
[2024-08-28T01:14:00.386+0000][info][gc             ] GC(433) Concurrent Mark Cycle
[2024-08-28T01:14:00.386+0000][info][gc,marking     ] GC(433) Concurrent Clear Claimed Marks
[2024-08-28T01:14:00.386+0000][info][gc,marking     ] GC(433) Concurrent Clear Claimed Marks 0.011ms
[2024-08-28T01:14:00.386+0000][info][gc,marking     ] GC(433) Concurrent Scan Root Regions
[2024-08-28T01:14:00.389+0000][info][gc,marking     ] GC(433) Concurrent Scan Root Regions 3.419ms
[2024-08-28T01:14:00.389+0000][info][gc,marking     ] GC(433) Concurrent Mark
[2024-08-28T01:14:00.389+0000][info][gc,marking     ] GC(433) Concurrent Mark From Roots
[2024-08-28T01:14:00.389+0000][info][gc,task        ] GC(433) Using 17 workers of 17 for marking
[2024-08-28T01:14:00.410+0000][info][gc,marking     ] GC(433) Concurrent Mark From Roots 20.855ms
[2024-08-28T01:14:00.410+0000][info][gc,marking     ] GC(433) Concurrent Preclean
[2024-08-28T01:14:00.411+0000][info][gc,marking     ] GC(433) Concurrent Preclean 0.506ms
[2024-08-28T01:14:00.411+0000][info][gc,start       ] GC(433) Pause Remark
[2024-08-28T01:14:00.413+0000][info][gc             ] GC(433) Pause Remark 721M->721M(1024M) 1.641ms
[2024-08-28T01:14:00.413+0000][info][gc,cpu         ] GC(433) User=0.00s Sys=0.00s Real=0.00s
[2024-08-28T01:14:00.413+0000][info][gc,marking     ] GC(433) Concurrent Mark 23.425ms
[2024-08-28T01:14:00.413+0000][info][gc,marking     ] GC(433) Concurrent Rebuild Remembered Sets
[2024-08-28T01:14:00.429+0000][info][gc,start       ] GC(434) Pause Young (Normal) (G1 Evacuation Pause)
[2024-08-28T01:14:00.429+0000][info][gc,task        ] GC(434) Using 24 workers of 68 for evacuation
[2024-08-28T01:14:00.445+0000][info][gc,phases      ] GC(434)   Pre Evacuate Collection Set: 0.2ms
[2024-08-28T01:14:00.445+0000][info][gc,phases      ] GC(434)   Merge Heap Roots: 0.6ms
[2024-08-28T01:14:00.445+0000][info][gc,phases      ] GC(434)   Evacuate Collection Set: 15.0ms
[2024-08-28T01:14:00.445+0000][info][gc,phases      ] GC(434)   Post Evacuate Collection Set: 0.7ms
[2024-08-28T01:14:00.445+0000][info][gc,phases      ] GC(434)   Other: 0.3ms
[2024-08-28T01:14:00.445+0000][info][gc,heap        ] GC(434) Eden regions: 69->0(46)
[2024-08-28T01:14:00.445+0000][info][gc,heap        ] GC(434) Survivor regions: 16->11(11)
[2024-08-28T01:14:00.445+0000][info][gc,heap        ] GC(434) Old regions: 678->756
[2024-08-28T01:14:00.445+0000][info][gc,heap        ] GC(434) Archive regions: 2->2
[2024-08-28T01:14:00.445+0000][info][gc,heap        ] GC(434) Humongous regions: 5->5
[2024-08-28T01:14:00.446+0000][info][gc,metaspace   ] GC(434) Metaspace: 100K(320K)->100K(320K) NonClass: 96K(192K)->96K(192K) Class: 4K(128K)->4K(128K)
[2024-08-28T01:14:00.446+0000][info][gc             ] GC(434) Pause Young (Normal) (G1 Evacuation Pause) 753M->757M(1024M) 16.980ms
[2024-08-28T01:14:00.446+0000][info][gc,cpu         ] GC(434) User=0.38s Sys=0.00s Real=0.02s
[2024-08-28T01:14:00.469+0000][info][gc,start       ] GC(435) Pause Young (Normal) (G1 Evacuation Pause)
[2024-08-28T01:14:00.469+0000][info][gc,task        ] GC(435) Using 24 workers of 68 for evacuation
[2024-08-28T01:14:00.490+0000][info][gc,phases      ] GC(435)   Pre Evacuate Collection Set: 0.2ms
[2024-08-28T01:14:00.490+0000][info][gc,phases      ] GC(435)   Merge Heap Roots: 0.8ms
[2024-08-28T01:14:00.491+0000][info][gc,phases      ] GC(435)   Evacuate Collection Set: 19.4ms
[2024-08-28T01:14:00.491+0000][info][gc,phases      ] GC(435)   Post Evacuate Collection Set: 0.8ms
[2024-08-28T01:14:00.491+0000][info][gc,phases      ] GC(435)   Other: 0.3ms
[2024-08-28T01:14:00.491+0000][info][gc,heap        ] GC(435) Eden regions: 46->0(43)
[2024-08-28T01:14:00.491+0000][info][gc,heap        ] GC(435) Survivor regions: 11->8(8)
[2024-08-28T01:14:00.491+0000][info][gc,heap        ] GC(435) Old regions: 756->808
[2024-08-28T01:14:00.491+0000][info][gc,heap        ] GC(435) Archive regions: 2->2
[2024-08-28T01:14:00.491+0000][info][gc,heap        ] GC(435) Humongous regions: 5->5
[2024-08-28T01:14:00.491+0000][info][gc,metaspace   ] GC(435) Metaspace: 100K(320K)->100K(320K) NonClass: 96K(192K)->96K(192K) Class: 4K(128K)->4K(128K)
[2024-08-28T01:14:00.491+0000][info][gc             ] GC(435) Pause Young (Normal) (G1 Evacuation Pause) 803M->806M(1024M) 21.611ms
[2024-08-28T01:14:00.491+0000][info][gc,cpu         ] GC(435) User=0.47s Sys=0.02s Real=0.03s
[2024-08-28T01:14:00.501+0000][info][gc,marking     ] GC(433) Concurrent Rebuild Remembered Sets 88.598ms
[2024-08-28T01:14:00.502+0000][info][gc,start       ] GC(433) Pause Cleanup
[2024-08-28T01:14:00.504+0000][info][gc             ] GC(433) Pause Cleanup 827M->827M(1024M) 2.493ms
[2024-08-28T01:14:00.504+0000][info][gc,cpu         ] GC(433) User=0.00s Sys=0.00s Real=0.00s
[2024-08-28T01:14:00.504+0000][info][gc,marking     ] GC(433) Concurrent Cleanup for Next Mark
[2024-08-28T01:14:00.505+0000][info][gc,marking     ] GC(433) Concurrent Cleanup for Next Mark 0.694ms
[2024-08-28T01:14:00.505+0000][info][gc             ] GC(433) Concurrent Mark Cycle 119.311ms
[2024-08-28T01:14:00.516+0000][info][gc,start       ] GC(436) Pause Young (Prepare Mixed) (G1 Evacuation Pause)
[2024-08-28T01:14:00.516+0000][info][gc,task        ] GC(436) Using 24 workers of 68 for evacuation
[2024-08-28T01:14:00.535+0000][info][gc,phases      ] GC(436)   Pre Evacuate Collection Set: 0.2ms
[2024-08-28T01:14:00.535+0000][info][gc,phases      ] GC(436)   Merge Heap Roots: 1.1ms
[2024-08-28T01:14:00.535+0000][info][gc,phases      ] GC(436)   Evacuate Collection Set: 16.6ms
[2024-08-28T01:14:00.535+0000][info][gc,phases      ] GC(436)   Post Evacuate Collection Set: 0.4ms
[2024-08-28T01:14:00.535+0000][info][gc,phases      ] GC(436)   Other: 0.3ms
[2024-08-28T01:14:00.535+0000][info][gc,heap        ] GC(436) Eden regions: 43->0(44)
[2024-08-28T01:14:00.535+0000][info][gc,heap        ] GC(436) Survivor regions: 8->7(7)
[2024-08-28T01:14:00.535+0000][info][gc,heap        ] GC(436) Old regions: 808->856
[2024-08-28T01:14:00.535+0000][info][gc,heap        ] GC(436) Archive regions: 2->2
[2024-08-28T01:14:00.535+0000][info][gc,heap        ] GC(436) Humongous regions: 5->5
[2024-08-28T01:14:00.535+0000][info][gc,metaspace   ] GC(436) Metaspace: 100K(320K)->100K(320K) NonClass: 96K(192K)->96K(192K) Class: 4K(128K)->4K(128K)
[2024-08-28T01:14:00.535+0000][info][gc             ] GC(436) Pause Young (Prepare Mixed) (G1 Evacuation Pause) 849M->853M(1024M) 18.724ms
[2024-08-28T01:14:00.535+0000][info][gc,cpu         ] GC(436) User=0.43s Sys=0.00s Real=0.02s
[2024-08-28T01:14:00.557+0000][info][gc,start       ] GC(437) Pause Young (Mixed) (G1 Evacuation Pause)
[2024-08-28T01:14:00.557+0000][info][gc,task        ] GC(437) Using 24 workers of 68 for evacuation
[2024-08-28T01:14:00.569+0000][info][gc,phases      ] GC(437)   Pre Evacuate Collection Set: 0.2ms
[2024-08-28T01:14:00.569+0000][info][gc,phases      ] GC(437)   Merge Heap Roots: 0.7ms
[2024-08-28T01:14:00.569+0000][info][gc,phases      ] GC(437)   Evacuate Collection Set: 10.6ms
[2024-08-28T01:14:00.569+0000][info][gc,phases      ] GC(437)   Post Evacuate Collection Set: 0.4ms
[2024-08-28T01:14:00.569+0000][info][gc,phases      ] GC(437)   Other: 0.4ms
[2024-08-28T01:14:00.569+0000][info][gc,heap        ] GC(437) Eden regions: 44->0(44)
[2024-08-28T01:14:00.569+0000][info][gc,heap        ] GC(437) Survivor regions: 7->7(7)
[2024-08-28T01:14:00.569+0000][info][gc,heap        ] GC(437) Old regions: 856->841
[2024-08-28T01:14:00.569+0000][info][gc,heap        ] GC(437) Archive regions: 2->2
[2024-08-28T01:14:00.569+0000][info][gc,heap        ] GC(437) Humongous regions: 5->5
[2024-08-28T01:14:00.569+0000][info][gc,metaspace   ] GC(437) Metaspace: 100K(320K)->100K(320K) NonClass: 96K(192K)->96K(192K) Class: 4K(128K)->4K(128K)
[2024-08-28T01:14:00.569+0000][info][gc             ] GC(437) Pause Young (Mixed) (G1 Evacuation Pause) 897M->839M(1024M) 12.374ms
[2024-08-28T01:14:00.569+0000][info][gc,cpu         ] GC(437) User=0.27s Sys=0.00s Real=0.01s
[2024-08-28T01:14:00.591+0000][info][gc,start       ] GC(438) Pause Young (Mixed) (G1 Evacuation Pause)
[2024-08-28T01:14:00.591+0000][info][gc,task        ] GC(438) Using 24 workers of 68 for evacuation
[2024-08-28T01:14:00.603+0000][info][gc,phases      ] GC(438)   Pre Evacuate Collection Set: 0.2ms
[2024-08-28T01:14:00.603+0000][info][gc,phases      ] GC(438)   Merge Heap Roots: 0.7ms
[2024-08-28T01:14:00.603+0000][info][gc,phases      ] GC(438)   Evacuate Collection Set: 10.6ms
[2024-08-28T01:14:00.603+0000][info][gc,phases      ] GC(438)   Post Evacuate Collection Set: 0.4ms
[2024-08-28T01:14:00.603+0000][info][gc,phases      ] GC(438)   Other: 0.3ms
[2024-08-28T01:14:00.603+0000][info][gc,heap        ] GC(438) Eden regions: 44->0(44)
[2024-08-28T01:14:00.603+0000][info][gc,heap        ] GC(438) Survivor regions: 7->7(7)
[2024-08-28T01:14:00.604+0000][info][gc,heap        ] GC(438) Old regions: 841->825
[2024-08-28T01:14:00.604+0000][info][gc,heap        ] GC(438) Archive regions: 2->2
[2024-08-28T01:14:00.604+0000][info][gc,heap        ] GC(438) Humongous regions: 5->5
[2024-08-28T01:14:00.604+0000][info][gc,metaspace   ] GC(438) Metaspace: 100K(320K)->100K(320K) NonClass: 96K(192K)->96K(192K) Class: 4K(128K)->4K(128K)
[2024-08-28T01:14:00.604+0000][info][gc             ] GC(438) Pause Young (Mixed) (G1 Evacuation Pause) 883M->823M(1024M) 12.409ms
[2024-08-28T01:14:00.604+0000][info][gc,cpu         ] GC(438) User=0.27s Sys=0.00s Real=0.01s
[2024-08-28T01:14:00.626+0000][info][gc,start       ] GC(439) Pause Young (Mixed) (G1 Evacuation Pause)
[2024-08-28T01:14:00.626+0000][info][gc,task        ] GC(439) Using 24 workers of 68 for evacuation
[2024-08-28T01:14:00.638+0000][info][gc,phases      ] GC(439)   Pre Evacuate Collection Set: 0.2ms
[2024-08-28T01:14:00.638+0000][info][gc,phases      ] GC(439)   Merge Heap Roots: 0.7ms
[2024-08-28T01:14:00.638+0000][info][gc,phases      ] GC(439)   Evacuate Collection Set: 10.4ms
[2024-08-28T01:14:00.638+0000][info][gc,phases      ] GC(439)   Post Evacuate Collection Set: 0.4ms
[2024-08-28T01:14:00.638+0000][info][gc,phases      ] GC(439)   Other: 0.3ms
[2024-08-28T01:14:00.638+0000][info][gc,heap        ] GC(439) Eden regions: 44->0(44)
[2024-08-28T01:14:00.638+0000][info][gc,heap        ] GC(439) Survivor regions: 7->7(7)
[2024-08-28T01:14:00.638+0000][info][gc,heap        ] GC(439) Old regions: 825->810
[2024-08-28T01:14:00.638+0000][info][gc,heap        ] GC(439) Archive regions: 2->2
[2024-08-28T01:14:00.638+0000][info][gc,heap        ] GC(439) Humongous regions: 5->5
[2024-08-28T01:14:00.638+0000][info][gc,metaspace   ] GC(439) Metaspace: 100K(320K)->100K(320K) NonClass: 96K(192K)->96K(192K) Class: 4K(128K)->4K(128K)
[2024-08-28T01:14:00.638+0000][info][gc             ] GC(439) Pause Young (Mixed) (G1 Evacuation Pause) 867M->809M(1024M) 12.261ms
[2024-08-28T01:14:00.638+0000][info][gc,cpu         ] GC(439) User=0.25s Sys=0.01s Real=0.02s
[2024-08-28T01:14:00.659+0000][info][gc,start       ] GC(440) Pause Young (Mixed) (G1 Evacuation Pause)
[2024-08-28T01:14:00.659+0000][info][gc,task        ] GC(440) Using 24 workers of 68 for evacuation
[2024-08-28T01:14:00.670+0000][info][gc,phases      ] GC(440)   Pre Evacuate Collection Set: 0.2ms
[2024-08-28T01:14:00.670+0000][info][gc,phases      ] GC(440)   Merge Heap Roots: 0.6ms
[2024-08-28T01:14:00.670+0000][info][gc,phases      ] GC(440)   Evacuate Collection Set: 10.2ms
[2024-08-28T01:14:00.670+0000][info][gc,phases      ] GC(440)   Post Evacuate Collection Set: 0.4ms
[2024-08-28T01:14:00.670+0000][info][gc,phases      ] GC(440)   Other: 0.3ms
[2024-08-28T01:14:00.670+0000][info][gc,heap        ] GC(440) Eden regions: 44->0(44)
[2024-08-28T01:14:00.671+0000][info][gc,heap        ] GC(440) Survivor regions: 7->7(7)
[2024-08-28T01:14:00.671+0000][info][gc,heap        ] GC(440) Old regions: 810->846
[2024-08-28T01:14:00.671+0000][info][gc,heap        ] GC(440) Archive regions: 2->2
[2024-08-28T01:14:00.671+0000][info][gc,heap        ] GC(440) Humongous regions: 5->5
[2024-08-28T01:14:00.671+0000][info][gc,metaspace   ] GC(440) Metaspace: 100K(320K)->100K(320K) NonClass: 96K(192K)->96K(192K) Class: 4K(128K)->4K(128K)
[2024-08-28T01:14:00.671+0000][info][gc             ] GC(440) Pause Young (Mixed) (G1 Evacuation Pause) 853M->847M(1024M) 11.763ms
[2024-08-28T01:14:00.671+0000][info][gc,cpu         ] GC(440) User=0.26s Sys=0.00s Real=0.01s
[2024-08-28T01:14:00.692+0000][info][gc,start       ] GC(441) Pause Young (Concurrent Start) (G1 Evacuation Pause)
[2024-08-28T01:14:00.692+0000][info][gc,task        ] GC(441) Using 24 workers of 68 for evacuation
[2024-08-28T01:14:00.704+0000][info][gc,phases      ] GC(441)   Pre Evacuate Collection Set: 0.2ms
[2024-08-28T01:14:00.704+0000][info][gc,phases      ] GC(441)   Merge Heap Roots: 0.7ms
[2024-08-28T01:14:00.704+0000][info][gc,phases      ] GC(441)   Evacuate Collection Set: 9.7ms
[2024-08-28T01:14:00.704+0000][info][gc,phases      ] GC(441)   Post Evacuate Collection Set: 0.3ms
[2024-08-28T01:14:00.704+0000][info][gc,phases      ] GC(441)   Other: 1.0ms
[2024-08-28T01:14:00.704+0000][info][gc,heap        ] GC(441) Eden regions: 44->0(44)
[2024-08-28T01:14:00.704+0000][info][gc,heap        ] GC(441) Survivor regions: 7->7(7)
[2024-08-28T01:14:00.704+0000][info][gc,heap        ] GC(441) Old regions: 846->893
[2024-08-28T01:14:00.704+0000][info][gc,heap        ] GC(441) Archive regions: 2->2
[2024-08-28T01:14:00.704+0000][info][gc,heap        ] GC(441) Humongous regions: 5->5
[2024-08-28T01:14:00.704+0000][info][gc,metaspace   ] GC(441) Metaspace: 100K(320K)->100K(320K) NonClass: 96K(192K)->96K(192K) Class: 4K(128K)->4K(128K)
[2024-08-28T01:14:00.704+0000][info][gc             ] GC(441) Pause Young (Concurrent Start) (G1 Evacuation Pause) 891M->894M(1024M) 12.126ms
[2024-08-28T01:14:00.704+0000][info][gc,cpu         ] GC(441) User=0.22s Sys=0.03s Real=0.01s
[2024-08-28T01:14:00.704+0000][info][gc             ] GC(442) Concurrent Mark Cycle
[2024-08-28T01:14:00.704+0000][info][gc,marking     ] GC(442) Concurrent Clear Claimed Marks
[2024-08-28T01:14:00.704+0000][info][gc,marking     ] GC(442) Concurrent Clear Claimed Marks 0.011ms
[2024-08-28T01:14:00.704+0000][info][gc,marking     ] GC(442) Concurrent Scan Root Regions
[2024-08-28T01:14:00.706+0000][info][gc,marking     ] GC(442) Concurrent Scan Root Regions 1.581ms
[2024-08-28T01:14:00.706+0000][info][gc,marking     ] GC(442) Concurrent Mark
[2024-08-28T01:14:00.706+0000][info][gc,marking     ] GC(442) Concurrent Mark From Roots
[2024-08-28T01:14:00.706+0000][info][gc,task        ] GC(442) Using 17 workers of 17 for marking
[2024-08-28T01:14:00.729+0000][info][gc,marking     ] GC(442) Concurrent Mark From Roots 23.774ms
[2024-08-28T01:14:00.730+0000][info][gc,marking     ] GC(442) Concurrent Preclean
[2024-08-28T01:14:00.731+0000][info][gc,marking     ] GC(442) Concurrent Preclean 0.977ms
[2024-08-28T01:14:00.731+0000][info][gc,start       ] GC(442) Pause Remark
[2024-08-28T01:14:00.733+0000][info][gc             ] GC(442) Pause Remark 933M->933M(1024M) 1.991ms
[2024-08-28T01:14:00.733+0000][info][gc,cpu         ] GC(442) User=0.00s Sys=0.00s Real=0.00s
[2024-08-28T01:14:00.733+0000][info][gc,marking     ] GC(442) Concurrent Mark 27.300ms
[2024-08-28T01:14:00.733+0000][info][gc,marking     ] GC(442) Concurrent Rebuild Remembered Sets
[2024-08-28T01:14:00.736+0000][info][gc,start       ] GC(443) Pause Young (Normal) (G1 Evacuation Pause)
[2024-08-28T01:14:00.736+0000][info][gc,task        ] GC(443) Using 24 workers of 68 for evacuation
[2024-08-28T01:14:00.747+0000][info][gc,phases      ] GC(443)   Pre Evacuate Collection Set: 0.2ms
[2024-08-28T01:14:00.747+0000][info][gc,phases      ] GC(443)   Merge Heap Roots: 0.6ms
[2024-08-28T01:14:00.747+0000][info][gc,phases      ] GC(443)   Evacuate Collection Set: 9.8ms
[2024-08-28T01:14:00.748+0000][info][gc,phases      ] GC(443)   Post Evacuate Collection Set: 0.5ms
[2024-08-28T01:14:00.748+0000][info][gc,phases      ] GC(443)   Other: 0.3ms
[2024-08-28T01:14:00.748+0000][info][gc,heap        ] GC(443) Eden regions: 44->0(44)
[2024-08-28T01:14:00.748+0000][info][gc,heap        ] GC(443) Survivor regions: 7->7(7)
[2024-08-28T01:14:00.748+0000][info][gc,heap        ] GC(443) Old regions: 893->940
[2024-08-28T01:14:00.748+0000][info][gc,heap        ] GC(443) Archive regions: 2->2
[2024-08-28T01:14:00.748+0000][info][gc,heap        ] GC(443) Humongous regions: 5->5
[2024-08-28T01:14:00.748+0000][info][gc,metaspace   ] GC(443) Metaspace: 100K(320K)->100K(320K) NonClass: 96K(192K)->96K(192K) Class: 4K(128K)->4K(128K)
[2024-08-28T01:14:00.748+0000][info][gc             ] GC(443) Pause Young (Normal) (G1 Evacuation Pause) 938M->941M(1024M) 11.602ms
[2024-08-28T01:14:00.748+0000][info][gc,cpu         ] GC(443) User=0.25s Sys=0.00s Real=0.01s
[2024-08-28T01:14:00.764+0000][info][gc,start       ] GC(444) Pause Young (Normal) (G1 Preventive Collection)
[2024-08-28T01:14:00.764+0000][info][gc,task        ] GC(444) Using 24 workers of 68 for evacuation
[2024-08-28T01:14:00.778+0000][info][gc,phases      ] GC(444)   Pre Evacuate Collection Set: 0.2ms
[2024-08-28T01:14:00.778+0000][info][gc,phases      ] GC(444)   Merge Heap Roots: 0.8ms
[2024-08-28T01:14:00.778+0000][info][gc,phases      ] GC(444)   Evacuate Collection Set: 12.3ms
[2024-08-28T01:14:00.778+0000][info][gc,phases      ] GC(444)   Post Evacuate Collection Set: 0.6ms
[2024-08-28T01:14:00.778+0000][info][gc,phases      ] GC(444)   Other: 0.3ms
[2024-08-28T01:14:00.779+0000][info][gc,heap        ] GC(444) Eden regions: 30->0(44)
[2024-08-28T01:14:00.779+0000][info][gc,heap        ] GC(444) Survivor regions: 7->7(7)
[2024-08-28T01:14:00.779+0000][info][gc,heap        ] GC(444) Old regions: 940->973
[2024-08-28T01:14:00.779+0000][info][gc,heap        ] GC(444) Archive regions: 2->2
[2024-08-28T01:14:00.779+0000][info][gc,heap        ] GC(444) Humongous regions: 5->5
[2024-08-28T01:14:00.779+0000][info][gc,metaspace   ] GC(444) Metaspace: 100K(320K)->100K(320K) NonClass: 96K(192K)->96K(192K) Class: 4K(128K)->4K(128K)
[2024-08-28T01:14:00.779+0000][info][gc             ] GC(444) Pause Young (Normal) (G1 Preventive Collection) 971M->974M(1024M) 14.376ms
[2024-08-28T01:14:00.779+0000][info][gc,cpu         ] GC(444) User=0.31s Sys=0.00s Real=0.02s
[2024-08-28T01:14:00.787+0000][info][gc,start       ] GC(445) Pause Young (Normal) (G1 Preventive Collection)
[2024-08-28T01:14:00.787+0000][info][gc,task        ] GC(445) Using 24 workers of 68 for evacuation
[2024-08-28T01:14:00.798+0000][info][gc             ] GC(445) To-space exhausted
[2024-08-28T01:14:00.798+0000][info][gc,phases      ] GC(445)   Pre Evacuate Collection Set: 0.2ms
[2024-08-28T01:14:00.798+0000][info][gc,phases      ] GC(445)   Merge Heap Roots: 0.9ms
[2024-08-28T01:14:00.798+0000][info][gc,phases      ] GC(445)   Evacuate Collection Set: 9.2ms
[2024-08-28T01:14:00.798+0000][info][gc,phases      ] GC(445)   Post Evacuate Collection Set: 1.1ms
[2024-08-28T01:14:00.798+0000][info][gc,phases      ] GC(445)   Other: 0.4ms
[2024-08-28T01:14:00.798+0000][info][gc,heap        ] GC(445) Eden regions: 14->0(44)
[2024-08-28T01:14:00.798+0000][info][gc,heap        ] GC(445) Survivor regions: 7->7(7)
[2024-08-28T01:14:00.798+0000][info][gc,heap        ] GC(445) Old regions: 973->1010
[2024-08-28T01:14:00.798+0000][info][gc,heap        ] GC(445) Archive regions: 2->2
[2024-08-28T01:14:00.799+0000][info][gc,heap        ] GC(445) Humongous regions: 5->5
[2024-08-28T01:14:00.799+0000][info][gc,metaspace   ] GC(445) Metaspace: 100K(320K)->100K(320K) NonClass: 96K(192K)->96K(192K) Class: 4K(128K)->4K(128K)
[2024-08-28T01:14:00.799+0000][info][gc             ] GC(445) Pause Young (Normal) (G1 Preventive Collection) 988M->1011M(1024M) 11.821ms
[2024-08-28T01:14:00.799+0000][info][gc,cpu         ] GC(445) User=0.26s Sys=0.00s Real=0.02s
[2024-08-28T01:14:00.799+0000][info][gc,ergo        ] Attempting full compaction
[2024-08-28T01:14:00.799+0000][info][gc,task        ] GC(446) Using 24 workers of 68 for full compaction
[2024-08-28T01:14:00.799+0000][info][gc,start       ] GC(446) Pause Full (G1 Compaction Pause)
[2024-08-28T01:14:00.800+0000][info][gc,phases,start] GC(446) Phase 1: Mark live objects
[2024-08-28T01:14:00.815+0000][info][gc,phases      ] GC(446) Phase 1: Mark live objects 15.198ms
[2024-08-28T01:14:00.815+0000][info][gc,phases,start] GC(446) Phase 2: Prepare for compaction
[2024-08-28T01:14:00.824+0000][info][gc,phases      ] GC(446) Phase 2: Prepare for compaction 9.118ms
[2024-08-28T01:14:00.824+0000][info][gc,phases,start] GC(446) Phase 3: Adjust pointers
[2024-08-28T01:14:00.840+0000][info][gc,phases      ] GC(446) Phase 3: Adjust pointers 15.481ms
[2024-08-28T01:14:00.840+0000][info][gc,phases,start] GC(446) Phase 4: Compact heap
[2024-08-28T01:14:00.870+0000][info][gc,phases      ] GC(446) Phase 4: Compact heap 29.974ms
[2024-08-28T01:14:00.872+0000][info][gc,heap        ] GC(446) Eden regions: 0->0(150)
[2024-08-28T01:14:00.872+0000][info][gc,heap        ] GC(446) Survivor regions: 7->0(7)
[2024-08-28T01:14:00.872+0000][info][gc,heap        ] GC(446) Old regions: 1010->442
[2024-08-28T01:14:00.872+0000][info][gc,heap        ] GC(446) Archive regions: 2->2
[2024-08-28T01:14:00.872+0000][info][gc,heap        ] GC(446) Humongous regions: 5->5
[2024-08-28T01:14:00.872+0000][info][gc,metaspace   ] GC(446) Metaspace: 100K(320K)->100K(320K) NonClass: 96K(192K)->96K(192K) Class: 4K(128K)->4K(128K)
[2024-08-28T01:14:00.872+0000][info][gc             ] GC(446) Pause Full (G1 Compaction Pause) 1011M->437M(1024M) 72.840ms
[2024-08-28T01:14:00.872+0000][info][gc,cpu         ] GC(446) User=1.57s Sys=0.00s Real=0.07s
[2024-08-28T01:14:00.872+0000][info][gc,marking     ] GC(442) Concurrent Rebuild Remembered Sets 139.277ms
[2024-08-28T01:14:00.872+0000][info][gc,marking     ] GC(442) Concurrent Mark Abort
[2024-08-28T01:14:00.872+0000][info][gc             ] GC(442) Concurrent Mark Cycle 168.405ms
[2024-08-28T01:14:00.945+0000][info][gc,start       ] GC(447) Pause Young (Normal) (G1 Evacuation Pause)
[2024-08-28T01:14:00.945+0000][info][gc,task        ] GC(447) Using 24 workers of 68 for evacuation
[2024-08-28T01:14:00.969+0000][info][gc,phases      ] GC(447)   Pre Evacuate Collection Set: 0.2ms
[2024-08-28T01:14:00.969+0000][info][gc,phases      ] GC(447)   Merge Heap Roots: 0.5ms
[2024-08-28T01:14:00.969+0000][info][gc,phases      ] GC(447)   Evacuate Collection Set: 22.7ms
[2024-08-28T01:14:00.969+0000][info][gc,phases      ] GC(447)   Post Evacuate Collection Set: 0.4ms
[2024-08-28T01:14:00.969+0000][info][gc,phases      ] GC(447)   Other: 0.3ms
[2024-08-28T01:14:00.969+0000][info][gc,heap        ] GC(447) Eden regions: 150->0(103)
[2024-08-28T01:14:00.969+0000][info][gc,heap        ] GC(447) Survivor regions: 0->19(19)
[2024-08-28T01:14:00.969+0000][info][gc,heap        ] GC(447) Old regions: 442->569
[2024-08-28T01:14:00.969+0000][info][gc,heap        ] GC(447) Archive regions: 2->2
[2024-08-28T01:14:00.969+0000][info][gc,heap        ] GC(447) Humongous regions: 5->5
[2024-08-28T01:14:00.969+0000][info][gc,metaspace   ] GC(447) Metaspace: 100K(320K)->100K(320K) NonClass: 96K(192K)->96K(192K) Class: 4K(128K)->4K(128K)
[2024-08-28T01:14:00.969+0000][info][gc             ] GC(447) Pause Young (Normal) (G1 Evacuation Pause) 587M->583M(1024M) 24.263ms
[2024-08-28T01:14:00.969+0000][info][gc,cpu         ] GC(447) User=0.56s Sys=0.00s Real=0.02s
[2024-08-28T01:14:01.021+0000][info][gc,start       ] GC(448) Pause Young (Concurrent Start) (G1 Evacuation Pause)
[2024-08-28T01:14:01.021+0000][info][gc,task        ] GC(448) Using 24 workers of 68 for evacuation
[2024-08-28T01:14:01.044+0000][info][gc,phases      ] GC(448)   Pre Evacuate Collection Set: 0.2ms
[2024-08-28T01:14:01.045+0000][info][gc,phases      ] GC(448)   Merge Heap Roots: 0.6ms
[2024-08-28T01:14:01.045+0000][info][gc,phases      ] GC(448)   Evacuate Collection Set: 21.0ms
[2024-08-28T01:14:01.045+0000][info][gc,phases      ] GC(448)   Post Evacuate Collection Set: 0.5ms
[2024-08-28T01:14:01.045+0000][info][gc,phases      ] GC(448)   Other: 1.0ms
[2024-08-28T01:14:01.045+0000][info][gc,heap        ] GC(448) Eden regions: 103->0(70)
[2024-08-28T01:14:01.045+0000][info][gc,heap        ] GC(448) Survivor regions: 19->16(16)
[2024-08-28T01:14:01.045+0000][info][gc,heap        ] GC(448) Old regions: 569->676
[2024-08-28T01:14:01.045+0000][info][gc,heap        ] GC(448) Archive regions: 2->2
[2024-08-28T01:14:01.045+0000][info][gc,heap        ] GC(448) Humongous regions: 5->5
[2024-08-28T01:14:01.045+0000][info][gc,metaspace   ] GC(448) Metaspace: 100K(320K)->100K(320K) NonClass: 96K(192K)->96K(192K) Class: 4K(128K)->4K(128K)
[2024-08-28T01:14:01.045+0000][info][gc             ] GC(448) Pause Young (Concurrent Start) (G1 Evacuation Pause) 686M->687M(1024M) 23.531ms
[2024-08-28T01:14:01.045+0000][info][gc,cpu         ] GC(448) User=0.52s Sys=0.00s Real=0.02s
[2024-08-28T01:14:01.045+0000][info][gc             ] GC(449) Concurrent Mark Cycle
[2024-08-28T01:14:01.045+0000][info][gc,marking     ] GC(449) Concurrent Clear Claimed Marks
[2024-08-28T01:14:01.045+0000][info][gc,marking     ] GC(449) Concurrent Clear Claimed Marks 0.011ms
[2024-08-28T01:14:01.045+0000][info][gc,marking     ] GC(449) Concurrent Scan Root Regions
[2024-08-28T01:14:01.049+0000][info][gc,marking     ] GC(449) Concurrent Scan Root Regions 3.879ms
[2024-08-28T01:14:01.049+0000][info][gc,marking     ] GC(449) Concurrent Mark
[2024-08-28T01:14:01.049+0000][info][gc,marking     ] GC(449) Concurrent Mark From Roots
[2024-08-28T01:14:01.049+0000][info][gc,task        ] GC(449) Using 17 workers of 17 for marking
[2024-08-28T01:14:01.070+0000][info][gc,marking     ] GC(449) Concurrent Mark From Roots 21.549ms
[2024-08-28T01:14:01.070+0000][info][gc,marking     ] GC(449) Concurrent Preclean
[2024-08-28T01:14:01.071+0000][info][gc,marking     ] GC(449) Concurrent Preclean 0.841ms
[2024-08-28T01:14:01.072+0000][info][gc,start       ] GC(449) Pause Remark
[2024-08-28T01:14:01.073+0000][info][gc             ] GC(449) Pause Remark 723M->723M(1024M) 1.710ms
[2024-08-28T01:14:01.073+0000][info][gc,cpu         ] GC(449) User=0.01s Sys=0.00s Real=0.00s
[2024-08-28T01:14:01.073+0000][info][gc,marking     ] GC(449) Concurrent Mark 24.611ms
[2024-08-28T01:14:01.073+0000][info][gc,marking     ] GC(449) Concurrent Rebuild Remembered Sets
[2024-08-28T01:14:01.092+0000][info][gc,start       ] GC(450) Pause Young (Normal) (G1 Evacuation Pause)
[2024-08-28T01:14:01.092+0000][info][gc,task        ] GC(450) Using 24 workers of 68 for evacuation
[2024-08-28T01:14:01.111+0000][info][gc,phases      ] GC(450)   Pre Evacuate Collection Set: 0.2ms
[2024-08-28T01:14:01.111+0000][info][gc,phases      ] GC(450)   Merge Heap Roots: 0.5ms
[2024-08-28T01:14:01.111+0000][info][gc,phases      ] GC(450)   Evacuate Collection Set: 17.0ms
[2024-08-28T01:14:01.111+0000][info][gc,phases      ] GC(450)   Post Evacuate Collection Set: 0.7ms
[2024-08-28T01:14:01.111+0000][info][gc,phases      ] GC(450)   Other: 0.3ms
[2024-08-28T01:14:01.111+0000][info][gc,heap        ] GC(450) Eden regions: 70->0(46)
[2024-08-28T01:14:01.111+0000][info][gc,heap        ] GC(450) Survivor regions: 16->11(11)
[2024-08-28T01:14:01.111+0000][info][gc,heap        ] GC(450) Old regions: 676->754
[2024-08-28T01:14:01.111+0000][info][gc,heap        ] GC(450) Archive regions: 2->2
[2024-08-28T01:14:01.111+0000][info][gc,heap        ] GC(450) Humongous regions: 5->5
[2024-08-28T01:14:01.111+0000][info][gc,metaspace   ] GC(450) Metaspace: 100K(320K)->100K(320K) NonClass: 96K(192K)->96K(192K) Class: 4K(128K)->4K(128K)
[2024-08-28T01:14:01.111+0000][info][gc             ] GC(450) Pause Young (Normal) (G1 Evacuation Pause) 757M->760M(1024M) 18.774ms
[2024-08-28T01:14:01.111+0000][info][gc,cpu         ] GC(450) User=0.42s Sys=0.00s Real=0.02s
[2024-08-28T01:14:01.138+0000][info][gc,start       ] GC(451) Pause Young (Normal) (G1 Evacuation Pause)
[2024-08-28T01:14:01.139+0000][info][gc,task        ] GC(451) Using 24 workers of 68 for evacuation
[2024-08-28T01:14:01.163+0000][info][gc,phases      ] GC(451)   Pre Evacuate Collection Set: 0.2ms
[2024-08-28T01:14:01.163+0000][info][gc,phases      ] GC(451)   Merge Heap Roots: 0.8ms
[2024-08-28T01:14:01.163+0000][info][gc,phases      ] GC(451)   Evacuate Collection Set: 22.0ms
[2024-08-28T01:14:01.163+0000][info][gc,phases      ] GC(451)   Post Evacuate Collection Set: 0.8ms
[2024-08-28T01:14:01.163+0000][info][gc,phases      ] GC(451)   Other: 0.3ms
[2024-08-28T01:14:01.163+0000][info][gc,heap        ] GC(451) Eden regions: 46->0(43)
[2024-08-28T01:14:01.163+0000][info][gc,heap        ] GC(451) Survivor regions: 11->8(8)
[2024-08-28T01:14:01.163+0000][info][gc,heap        ] GC(451) Old regions: 754->807
[2024-08-28T01:14:01.163+0000][info][gc,heap        ] GC(451) Archive regions: 2->2
[2024-08-28T01:14:01.163+0000][info][gc,heap        ] GC(451) Humongous regions: 5->5
[2024-08-28T01:14:01.163+0000][info][gc,metaspace   ] GC(451) Metaspace: 100K(320K)->100K(320K) NonClass: 96K(192K)->96K(192K) Class: 4K(128K)->4K(128K)
[2024-08-28T01:14:01.163+0000][info][gc             ] GC(451) Pause Young (Normal) (G1 Evacuation Pause) 806M->810M(1024M) 24.287ms
[2024-08-28T01:14:01.163+0000][info][gc,cpu         ] GC(451) User=0.53s Sys=0.03s Real=0.02s
[2024-08-28T01:14:01.167+0000][info][gc,marking     ] GC(449) Concurrent Rebuild Remembered Sets 93.732ms
[2024-08-28T01:14:01.168+0000][info][gc,start       ] GC(449) Pause Cleanup
[2024-08-28T01:14:01.169+0000][info][gc             ] GC(449) Pause Cleanup 818M->818M(1024M) 1.818ms
[2024-08-28T01:14:01.169+0000][info][gc,cpu         ] GC(449) User=0.01s Sys=0.00s Real=0.00s
[2024-08-28T01:14:01.169+0000][info][gc,marking     ] GC(449) Concurrent Cleanup for Next Mark
[2024-08-28T01:14:01.170+0000][info][gc,marking     ] GC(449) Concurrent Cleanup for Next Mark 0.723ms
[2024-08-28T01:14:01.170+0000][info][gc             ] GC(449) Concurrent Mark Cycle 125.335ms
[2024-08-28T01:14:01.190+0000][info][gc,start       ] GC(452) Pause Young (Prepare Mixed) (G1 Evacuation Pause)
[2024-08-28T01:14:01.190+0000][info][gc,task        ] GC(452) Using 24 workers of 68 for evacuation
[2024-08-28T01:14:01.211+0000][info][gc,phases      ] GC(452)   Pre Evacuate Collection Set: 0.2ms
[2024-08-28T01:14:01.211+0000][info][gc,phases      ] GC(452)   Merge Heap Roots: 1.1ms
[2024-08-28T01:14:01.211+0000][info][gc,phases      ] GC(452)   Evacuate Collection Set: 18.8ms
[2024-08-28T01:14:01.211+0000][info][gc,phases      ] GC(452)   Post Evacuate Collection Set: 0.4ms
[2024-08-28T01:14:01.211+0000][info][gc,phases      ] GC(452)   Other: 0.3ms
[2024-08-28T01:14:01.211+0000][info][gc,heap        ] GC(452) Eden regions: 43->0(44)
[2024-08-28T01:14:01.211+0000][info][gc,heap        ] GC(452) Survivor regions: 8->7(7)
[2024-08-28T01:14:01.211+0000][info][gc,heap        ] GC(452) Old regions: 807->854
[2024-08-28T01:14:01.211+0000][info][gc,heap        ] GC(452) Archive regions: 2->2
[2024-08-28T01:14:01.211+0000][info][gc,heap        ] GC(452) Humongous regions: 5->5
[2024-08-28T01:14:01.211+0000][info][gc,metaspace   ] GC(452) Metaspace: 100K(320K)->100K(320K) NonClass: 96K(192K)->96K(192K) Class: 4K(128K)->4K(128K)
[2024-08-28T01:14:01.211+0000][info][gc             ] GC(452) Pause Young (Prepare Mixed) (G1 Evacuation Pause) 853M->856M(1024M) 20.881ms
[2024-08-28T01:14:01.211+0000][info][gc,cpu         ] GC(452) User=0.48s Sys=0.00s Real=0.02s
[2024-08-28T01:14:01.236+0000][info][gc,start       ] GC(453) Pause Young (Mixed) (G1 Evacuation Pause)
[2024-08-28T01:14:01.236+0000][info][gc,task        ] GC(453) Using 24 workers of 68 for evacuation
[2024-08-28T01:14:01.250+0000][info][gc,phases      ] GC(453)   Pre Evacuate Collection Set: 0.2ms
[2024-08-28T01:14:01.250+0000][info][gc,phases      ] GC(453)   Merge Heap Roots: 0.4ms
[2024-08-28T01:14:01.250+0000][info][gc,phases      ] GC(453)   Evacuate Collection Set: 12.6ms
[2024-08-28T01:14:01.250+0000][info][gc,phases      ] GC(453)   Post Evacuate Collection Set: 0.5ms
[2024-08-28T01:14:01.250+0000][info][gc,phases      ] GC(453)   Other: 0.3ms
[2024-08-28T01:14:01.250+0000][info][gc,heap        ] GC(453) Eden regions: 44->0(44)
[2024-08-28T01:14:01.250+0000][info][gc,heap        ] GC(453) Survivor regions: 7->7(7)
[2024-08-28T01:14:01.250+0000][info][gc,heap        ] GC(453) Old regions: 854->839
[2024-08-28T01:14:01.250+0000][info][gc,heap        ] GC(453) Archive regions: 2->2
[2024-08-28T01:14:01.250+0000][info][gc,heap        ] GC(453) Humongous regions: 5->5
[2024-08-28T01:14:01.250+0000][info][gc,metaspace   ] GC(453) Metaspace: 100K(320K)->100K(320K) NonClass: 96K(192K)->96K(192K) Class: 4K(128K)->4K(128K)
[2024-08-28T01:14:01.250+0000][info][gc             ] GC(453) Pause Young (Mixed) (G1 Evacuation Pause) 900M->842M(1024M) 14.211ms
[2024-08-28T01:14:01.250+0000][info][gc,cpu         ] GC(453) User=0.31s Sys=0.00s Real=0.02s
[2024-08-28T01:14:01.275+0000][info][gc,start       ] GC(454) Pause Young (Mixed) (G1 Evacuation Pause)
[2024-08-28T01:14:01.275+0000][info][gc,task        ] GC(454) Using 24 workers of 68 for evacuation
[2024-08-28T01:14:01.289+0000][info][gc,phases      ] GC(454)   Pre Evacuate Collection Set: 0.2ms
[2024-08-28T01:14:01.289+0000][info][gc,phases      ] GC(454)   Merge Heap Roots: 0.7ms
[2024-08-28T01:14:01.289+0000][info][gc,phases      ] GC(454)   Evacuate Collection Set: 12.1ms
[2024-08-28T01:14:01.289+0000][info][gc,phases      ] GC(454)   Post Evacuate Collection Set: 0.4ms
[2024-08-28T01:14:01.289+0000][info][gc,phases      ] GC(454)   Other: 0.3ms
[2024-08-28T01:14:01.289+0000][info][gc,heap        ] GC(454) Eden regions: 44->0(44)
[2024-08-28T01:14:01.289+0000][info][gc,heap        ] GC(454) Survivor regions: 7->7(7)
[2024-08-28T01:14:01.289+0000][info][gc,heap        ] GC(454) Old regions: 839->824
[2024-08-28T01:14:01.289+0000][info][gc,heap        ] GC(454) Archive regions: 2->2
[2024-08-28T01:14:01.289+0000][info][gc,heap        ] GC(454) Humongous regions: 5->5
[2024-08-28T01:14:01.289+0000][info][gc,metaspace   ] GC(454) Metaspace: 100K(320K)->100K(320K) NonClass: 96K(192K)->96K(192K) Class: 4K(128K)->4K(128K)
[2024-08-28T01:14:01.289+0000][info][gc             ] GC(454) Pause Young (Mixed) (G1 Evacuation Pause) 886M->827M(1024M) 13.929ms
[2024-08-28T01:14:01.289+0000][info][gc,cpu         ] GC(454) User=0.31s Sys=0.01s Real=0.01s
[2024-08-28T01:14:01.314+0000][info][gc,start       ] GC(455) Pause Young (Mixed) (G1 Evacuation Pause)
[2024-08-28T01:14:01.314+0000][info][gc,task        ] GC(455) Using 24 workers of 68 for evacuation
[2024-08-28T01:14:01.328+0000][info][gc,phases      ] GC(455)   Pre Evacuate Collection Set: 0.2ms
[2024-08-28T01:14:01.328+0000][info][gc,phases      ] GC(455)   Merge Heap Roots: 0.5ms
[2024-08-28T01:14:01.328+0000][info][gc,phases      ] GC(455)   Evacuate Collection Set: 12.6ms
[2024-08-28T01:14:01.328+0000][info][gc,phases      ] GC(455)   Post Evacuate Collection Set: 0.4ms
[2024-08-28T01:14:01.328+0000][info][gc,phases      ] GC(455)   Other: 0.2ms
[2024-08-28T01:14:01.328+0000][info][gc,heap        ] GC(455) Eden regions: 44->0(44)
[2024-08-28T01:14:01.328+0000][info][gc,heap        ] GC(455) Survivor regions: 7->7(7)
[2024-08-28T01:14:01.328+0000][info][gc,heap        ] GC(455) Old regions: 824->809
[2024-08-28T01:14:01.328+0000][info][gc,heap        ] GC(455) Archive regions: 2->2
[2024-08-28T01:14:01.328+0000][info][gc,heap        ] GC(455) Humongous regions: 5->5
[2024-08-28T01:14:01.328+0000][info][gc,metaspace   ] GC(455) Metaspace: 100K(320K)->100K(320K) NonClass: 96K(192K)->96K(192K) Class: 4K(128K)->4K(128K)
[2024-08-28T01:14:01.328+0000][info][gc             ] GC(455) Pause Young (Mixed) (G1 Evacuation Pause) 871M->813M(1024M) 14.091ms
[2024-08-28T01:14:01.329+0000][info][gc,cpu         ] GC(455) User=0.31s Sys=0.00s Real=0.01s
[2024-08-28T01:14:01.354+0000][info][gc,start       ] GC(456) Pause Young (Mixed) (G1 Evacuation Pause)
[2024-08-28T01:14:01.354+0000][info][gc,task        ] GC(456) Using 24 workers of 68 for evacuation
[2024-08-28T01:14:01.367+0000][info][gc,phases      ] GC(456)   Pre Evacuate Collection Set: 0.2ms
[2024-08-28T01:14:01.367+0000][info][gc,phases      ] GC(456)   Merge Heap Roots: 0.6ms
[2024-08-28T01:14:01.367+0000][info][gc,phases      ] GC(456)   Evacuate Collection Set: 12.1ms
[2024-08-28T01:14:01.367+0000][info][gc,phases      ] GC(456)   Post Evacuate Collection Set: 0.3ms
[2024-08-28T01:14:01.367+0000][info][gc,phases      ] GC(456)   Other: 0.3ms
[2024-08-28T01:14:01.367+0000][info][gc,heap        ] GC(456) Eden regions: 44->0(44)
[2024-08-28T01:14:01.367+0000][info][gc,heap        ] GC(456) Survivor regions: 7->7(7)
[2024-08-28T01:14:01.367+0000][info][gc,heap        ] GC(456) Old regions: 809->847
[2024-08-28T01:14:01.367+0000][info][gc,heap        ] GC(456) Archive regions: 2->2
[2024-08-28T01:14:01.367+0000][info][gc,heap        ] GC(456) Humongous regions: 5->5
[2024-08-28T01:14:01.367+0000][info][gc,metaspace   ] GC(456) Metaspace: 100K(320K)->100K(320K) NonClass: 96K(192K)->96K(192K) Class: 4K(128K)->4K(128K)
[2024-08-28T01:14:01.367+0000][info][gc             ] GC(456) Pause Young (Mixed) (G1 Evacuation Pause) 857M->852M(1024M) 13.524ms
[2024-08-28T01:14:01.367+0000][info][gc,cpu         ] GC(456) User=0.30s Sys=0.00s Real=0.01s
[2024-08-28T01:14:01.393+0000][info][gc,start       ] GC(457) Pause Young (Concurrent Start) (G1 Evacuation Pause)
[2024-08-28T01:14:01.393+0000][info][gc,task        ] GC(457) Using 24 workers of 68 for evacuation
[2024-08-28T01:14:01.407+0000][info][gc,phases      ] GC(457)   Pre Evacuate Collection Set: 0.2ms
[2024-08-28T01:14:01.407+0000][info][gc,phases      ] GC(457)   Merge Heap Roots: 0.7ms
[2024-08-28T01:14:01.407+0000][info][gc,phases      ] GC(457)   Evacuate Collection Set: 11.2ms
[2024-08-28T01:14:01.407+0000][info][gc,phases      ] GC(457)   Post Evacuate Collection Set: 0.4ms
[2024-08-28T01:14:01.407+0000][info][gc,phases      ] GC(457)   Other: 0.8ms
[2024-08-28T01:14:01.407+0000][info][gc,heap        ] GC(457) Eden regions: 44->0(44)
[2024-08-28T01:14:01.407+0000][info][gc,heap        ] GC(457) Survivor regions: 7->7(7)
[2024-08-28T01:14:01.407+0000][info][gc,heap        ] GC(457) Old regions: 847->893
[2024-08-28T01:14:01.407+0000][info][gc,heap        ] GC(457) Archive regions: 2->2
[2024-08-28T01:14:01.407+0000][info][gc,heap        ] GC(457) Humongous regions: 5->5
[2024-08-28T01:14:01.407+0000][info][gc,metaspace   ] GC(457) Metaspace: 100K(320K)->100K(320K) NonClass: 96K(192K)->96K(192K) Class: 4K(128K)->4K(128K)
[2024-08-28T01:14:01.407+0000][info][gc             ] GC(457) Pause Young (Concurrent Start) (G1 Evacuation Pause) 896M->898M(1024M) 13.381ms
[2024-08-28T01:14:01.407+0000][info][gc,cpu         ] GC(457) User=0.28s Sys=0.00s Real=0.01s
[2024-08-28T01:14:01.407+0000][info][gc             ] GC(458) Concurrent Mark Cycle
[2024-08-28T01:14:01.407+0000][info][gc,marking     ] GC(458) Concurrent Clear Claimed Marks
[2024-08-28T01:14:01.407+0000][info][gc,marking     ] GC(458) Concurrent Clear Claimed Marks 0.011ms
[2024-08-28T01:14:01.407+0000][info][gc,marking     ] GC(458) Concurrent Scan Root Regions
[2024-08-28T01:14:01.409+0000][info][gc,marking     ] GC(458) Concurrent Scan Root Regions 1.776ms
[2024-08-28T01:14:01.409+0000][info][gc,marking     ] GC(458) Concurrent Mark
[2024-08-28T01:14:01.409+0000][info][gc,marking     ] GC(458) Concurrent Mark From Roots
[2024-08-28T01:14:01.409+0000][info][gc,task        ] GC(458) Using 17 workers of 17 for marking
[2024-08-28T01:14:01.435+0000][info][gc,marking     ] GC(458) Concurrent Mark From Roots 25.902ms
[2024-08-28T01:14:01.435+0000][info][gc,marking     ] GC(458) Concurrent Preclean
[2024-08-28T01:14:01.435+0000][info][gc,marking     ] GC(458) Concurrent Preclean 0.763ms
[2024-08-28T01:14:01.436+0000][info][gc,start       ] GC(458) Pause Remark
[2024-08-28T01:14:01.438+0000][info][gc             ] GC(458) Pause Remark 935M->935M(1024M) 1.940ms
[2024-08-28T01:14:01.438+0000][info][gc,cpu         ] GC(458) User=0.01s Sys=0.00s Real=0.01s
[2024-08-28T01:14:01.438+0000][info][gc,marking     ] GC(458) Concurrent Mark 29.185ms
[2024-08-28T01:14:01.438+0000][info][gc,marking     ] GC(458) Concurrent Rebuild Remembered Sets
[2024-08-28T01:14:01.443+0000][info][gc,start       ] GC(459) Pause Young (Normal) (G1 Evacuation Pause)
[2024-08-28T01:14:01.443+0000][info][gc,task        ] GC(459) Using 24 workers of 68 for evacuation
[2024-08-28T01:14:01.455+0000][info][gc,phases      ] GC(459)   Pre Evacuate Collection Set: 0.2ms
[2024-08-28T01:14:01.455+0000][info][gc,phases      ] GC(459)   Merge Heap Roots: 0.6ms
[2024-08-28T01:14:01.455+0000][info][gc,phases      ] GC(459)   Evacuate Collection Set: 10.9ms
[2024-08-28T01:14:01.455+0000][info][gc,phases      ] GC(459)   Post Evacuate Collection Set: 0.5ms
[2024-08-28T01:14:01.455+0000][info][gc,phases      ] GC(459)   Other: 0.3ms
[2024-08-28T01:14:01.455+0000][info][gc,heap        ] GC(459) Eden regions: 44->0(44)
[2024-08-28T01:14:01.455+0000][info][gc,heap        ] GC(459) Survivor regions: 7->7(7)
[2024-08-28T01:14:01.455+0000][info][gc,heap        ] GC(459) Old regions: 893->939
[2024-08-28T01:14:01.455+0000][info][gc,heap        ] GC(459) Archive regions: 2->2
[2024-08-28T01:14:01.455+0000][info][gc,heap        ] GC(459) Humongous regions: 5->5
[2024-08-28T01:14:01.455+0000][info][gc,metaspace   ] GC(459) Metaspace: 100K(320K)->100K(320K) NonClass: 96K(192K)->96K(192K) Class: 4K(128K)->4K(128K)
[2024-08-28T01:14:01.455+0000][info][gc             ] GC(459) Pause Young (Normal) (G1 Evacuation Pause) 942M->944M(1024M) 12.640ms
[2024-08-28T01:14:01.455+0000][info][gc,cpu         ] GC(459) User=0.28s Sys=0.00s Real=0.01s
[2024-08-28T01:14:01.474+0000][info][gc,start       ] GC(460) Pause Young (Normal) (G1 Preventive Collection)
[2024-08-28T01:14:01.474+0000][info][gc,task        ] GC(460) Using 24 workers of 68 for evacuation
[2024-08-28T01:14:01.488+0000][info][gc,phases      ] GC(460)   Pre Evacuate Collection Set: 0.2ms
[2024-08-28T01:14:01.488+0000][info][gc,phases      ] GC(460)   Merge Heap Roots: 0.9ms
[2024-08-28T01:14:01.488+0000][info][gc,phases      ] GC(460)   Evacuate Collection Set: 12.4ms
[2024-08-28T01:14:01.488+0000][info][gc,phases      ] GC(460)   Post Evacuate Collection Set: 0.7ms
[2024-08-28T01:14:01.488+0000][info][gc,phases      ] GC(460)   Other: 0.3ms
[2024-08-28T01:14:01.488+0000][info][gc,heap        ] GC(460) Eden regions: 30->0(44)
[2024-08-28T01:14:01.488+0000][info][gc,heap        ] GC(460) Survivor regions: 7->7(7)
[2024-08-28T01:14:01.488+0000][info][gc,heap        ] GC(460) Old regions: 939->972
[2024-08-28T01:14:01.488+0000][info][gc,heap        ] GC(460) Archive regions: 2->2
[2024-08-28T01:14:01.489+0000][info][gc,heap        ] GC(460) Humongous regions: 5->5
[2024-08-28T01:14:01.489+0000][info][gc,metaspace   ] GC(460) Metaspace: 100K(320K)->100K(320K) NonClass: 96K(192K)->96K(192K) Class: 4K(128K)->4K(128K)
[2024-08-28T01:14:01.489+0000][info][gc             ] GC(460) Pause Young (Normal) (G1 Preventive Collection) 974M->977M(1024M) 14.642ms
[2024-08-28T01:14:01.489+0000][info][gc,cpu         ] GC(460) User=0.32s Sys=0.00s Real=0.01s
[2024-08-28T01:14:01.499+0000][info][gc,start       ] GC(461) Pause Young (Normal) (G1 Preventive Collection)
[2024-08-28T01:14:01.499+0000][info][gc,task        ] GC(461) Using 24 workers of 68 for evacuation
[2024-08-28T01:14:01.512+0000][info][gc,phases      ] GC(461)   Pre Evacuate Collection Set: 0.2ms
[2024-08-28T01:14:01.512+0000][info][gc,phases      ] GC(461)   Merge Heap Roots: 0.9ms
[2024-08-28T01:14:01.512+0000][info][gc,phases      ] GC(461)   Evacuate Collection Set: 11.0ms
[2024-08-28T01:14:01.512+0000][info][gc,phases      ] GC(461)   Post Evacuate Collection Set: 0.7ms
[2024-08-28T01:14:01.512+0000][info][gc,phases      ] GC(461)   Other: 0.3ms
[2024-08-28T01:14:01.512+0000][info][gc,heap        ] GC(461) Eden regions: 14->0(44)
[2024-08-28T01:14:01.512+0000][info][gc,heap        ] GC(461) Survivor regions: 7->7(7)
[2024-08-28T01:14:01.512+0000][info][gc,heap        ] GC(461) Old regions: 972->988
[2024-08-28T01:14:01.512+0000][info][gc,heap        ] GC(461) Archive regions: 2->2
[2024-08-28T01:14:01.512+0000][info][gc,heap        ] GC(461) Humongous regions: 5->5
[2024-08-28T01:14:01.512+0000][info][gc,metaspace   ] GC(461) Metaspace: 100K(320K)->100K(320K) NonClass: 96K(192K)->96K(192K) Class: 4K(128K)->4K(128K)
[2024-08-28T01:14:01.513+0000][info][gc             ] GC(461) Pause Young (Normal) (G1 Preventive Collection) 991M->993M(1024M) 13.226ms
[2024-08-28T01:14:01.513+0000][info][gc,cpu         ] GC(461) User=0.29s Sys=0.00s Real=0.01s
[2024-08-28T01:14:01.517+0000][info][gc,start       ] GC(462) Pause Young (Normal) (G1 Preventive Collection)
[2024-08-28T01:14:01.517+0000][info][gc,task        ] GC(462) Using 24 workers of 68 for evacuation
[2024-08-28T01:14:01.527+0000][info][gc,phases      ] GC(462)   Pre Evacuate Collection Set: 0.2ms
[2024-08-28T01:14:01.527+0000][info][gc,phases      ] GC(462)   Merge Heap Roots: 1.0ms
[2024-08-28T01:14:01.527+0000][info][gc,phases      ] GC(462)   Evacuate Collection Set: 8.0ms
[2024-08-28T01:14:01.527+0000][info][gc,phases      ] GC(462)   Post Evacuate Collection Set: 0.7ms
[2024-08-28T01:14:01.527+0000][info][gc,phases      ] GC(462)   Other: 0.2ms
[2024-08-28T01:14:01.527+0000][info][gc,heap        ] GC(462) Eden regions: 6->0(45)
[2024-08-28T01:14:01.527+0000][info][gc,heap        ] GC(462) Survivor regions: 7->6(7)
[2024-08-28T01:14:01.527+0000][info][gc,heap        ] GC(462) Old regions: 988->998
[2024-08-28T01:14:01.527+0000][info][gc,heap        ] GC(462) Archive regions: 2->2
[2024-08-28T01:14:01.527+0000][info][gc,heap        ] GC(462) Humongous regions: 5->5
[2024-08-28T01:14:01.527+0000][info][gc,metaspace   ] GC(462) Metaspace: 100K(320K)->100K(320K) NonClass: 96K(192K)->96K(192K) Class: 4K(128K)->4K(128K)
[2024-08-28T01:14:01.527+0000][info][gc             ] GC(462) Pause Young (Normal) (G1 Preventive Collection) 999M->1002M(1024M) 10.271ms
[2024-08-28T01:14:01.527+0000][info][gc,cpu         ] GC(462) User=0.22s Sys=0.00s Real=0.01s
[2024-08-28T01:14:01.530+0000][info][gc,start       ] GC(463) Pause Young (Normal) (G1 Preventive Collection)
[2024-08-28T01:14:01.530+0000][info][gc,task        ] GC(463) Using 24 workers of 68 for evacuation
[2024-08-28T01:14:01.539+0000][info][gc             ] GC(463) To-space exhausted
[2024-08-28T01:14:01.539+0000][info][gc,phases      ] GC(463)   Pre Evacuate Collection Set: 0.2ms
[2024-08-28T01:14:01.539+0000][info][gc,phases      ] GC(463)   Merge Heap Roots: 0.9ms
[2024-08-28T01:14:01.540+0000][info][gc,phases      ] GC(463)   Evacuate Collection Set: 7.2ms
[2024-08-28T01:14:01.540+0000][info][gc,phases      ] GC(463)   Post Evacuate Collection Set: 0.9ms
[2024-08-28T01:14:01.540+0000][info][gc,phases      ] GC(463)   Other: 0.3ms
[2024-08-28T01:14:01.540+0000][info][gc,heap        ] GC(463) Eden regions: 3->0(47)
[2024-08-28T01:14:01.540+0000][info][gc,heap        ] GC(463) Survivor regions: 6->4(7)
[2024-08-28T01:14:01.540+0000][info][gc,heap        ] GC(463) Old regions: 998->1010
[2024-08-28T01:14:01.540+0000][info][gc,heap        ] GC(463) Archive regions: 2->2
[2024-08-28T01:14:01.540+0000][info][gc,heap        ] GC(463) Humongous regions: 5->5
[2024-08-28T01:14:01.540+0000][info][gc,metaspace   ] GC(463) Metaspace: 100K(320K)->100K(320K) NonClass: 96K(192K)->96K(192K) Class: 4K(128K)->4K(128K)
[2024-08-28T01:14:01.540+0000][info][gc             ] GC(463) Pause Young (Normal) (G1 Preventive Collection) 1005M->1012M(1024M) 9.520ms
[2024-08-28T01:14:01.540+0000][info][gc,cpu         ] GC(463) User=0.21s Sys=0.00s Real=0.01s
[2024-08-28T01:14:01.541+0000][info][gc,start       ] GC(464) Pause Young (Normal) (G1 Preventive Collection)
[2024-08-28T01:14:01.541+0000][info][gc,task        ] GC(464) Using 24 workers of 68 for evacuation
[2024-08-28T01:14:01.550+0000][info][gc             ] GC(464) To-space exhausted
[2024-08-28T01:14:01.550+0000][info][gc,phases      ] GC(464)   Pre Evacuate Collection Set: 0.1ms
[2024-08-28T01:14:01.550+0000][info][gc,phases      ] GC(464)   Merge Heap Roots: 1.0ms
[2024-08-28T01:14:01.550+0000][info][gc,phases      ] GC(464)   Evacuate Collection Set: 6.3ms
[2024-08-28T01:14:01.550+0000][info][gc,phases      ] GC(464)   Post Evacuate Collection Set: 1.1ms
[2024-08-28T01:14:01.550+0000][info][gc,phases      ] GC(464)   Other: 0.3ms
[2024-08-28T01:14:01.550+0000][info][gc,heap        ] GC(464) Eden regions: 1->0(49)
[2024-08-28T01:14:01.550+0000][info][gc,heap        ] GC(464) Survivor regions: 4->2(2)
[2024-08-28T01:14:01.550+0000][info][gc,heap        ] GC(464) Old regions: 1010->1015
[2024-08-28T01:14:01.550+0000][info][gc,heap        ] GC(464) Archive regions: 2->2
[2024-08-28T01:14:01.550+0000][info][gc,heap        ] GC(464) Humongous regions: 5->5
[2024-08-28T01:14:01.550+0000][info][gc,metaspace   ] GC(464) Metaspace: 100K(320K)->100K(320K) NonClass: 96K(192K)->96K(192K) Class: 4K(128K)->4K(128K)
[2024-08-28T01:14:01.550+0000][info][gc             ] GC(464) Pause Young (Normal) (G1 Preventive Collection) 1013M->1015M(1024M) 8.869ms
[2024-08-28T01:14:01.550+0000][info][gc,cpu         ] GC(464) User=0.19s Sys=0.00s Real=0.01s
[2024-08-28T01:14:01.550+0000][info][gc,ergo        ] Attempting full compaction
[2024-08-28T01:14:01.550+0000][info][gc,task        ] GC(465) Using 24 workers of 68 for full compaction
[2024-08-28T01:14:01.550+0000][info][gc,start       ] GC(465) Pause Full (G1 Compaction Pause)
[2024-08-28T01:14:01.551+0000][info][gc,phases,start] GC(465) Phase 1: Mark live objects
[2024-08-28T01:14:01.569+0000][info][gc,phases      ] GC(465) Phase 1: Mark live objects 17.822ms
[2024-08-28T01:14:01.569+0000][info][gc,phases,start] GC(465) Phase 2: Prepare for compaction
[2024-08-28T01:14:01.580+0000][info][gc,phases      ] GC(465) Phase 2: Prepare for compaction 10.711ms
[2024-08-28T01:14:01.580+0000][info][gc,phases,start] GC(465) Phase 3: Adjust pointers
[2024-08-28T01:14:01.598+0000][info][gc,phases      ] GC(465) Phase 3: Adjust pointers 17.984ms
[2024-08-28T01:14:01.598+0000][info][gc,phases,start] GC(465) Phase 4: Compact heap
[2024-08-28T01:14:01.632+0000][info][gc,phases      ] GC(465) Phase 4: Compact heap 33.993ms
[2024-08-28T01:14:01.634+0000][info][gc,heap        ] GC(465) Eden regions: 0->0(150)
[2024-08-28T01:14:01.634+0000][info][gc,heap        ] GC(465) Survivor regions: 2->0(2)
[2024-08-28T01:14:01.634+0000][info][gc,heap        ] GC(465) Old regions: 1015->444
[2024-08-28T01:14:01.634+0000][info][gc,heap        ] GC(465) Archive regions: 2->2
[2024-08-28T01:14:01.634+0000][info][gc,heap        ] GC(465) Humongous regions: 5->5
[2024-08-28T01:14:01.634+0000][info][gc,metaspace   ] GC(465) Metaspace: 100K(320K)->100K(320K) NonClass: 96K(192K)->96K(192K) Class: 4K(128K)->4K(128K)
[2024-08-28T01:14:01.634+0000][info][gc             ] GC(465) Pause Full (G1 Compaction Pause) 1015M->437M(1024M) 83.740ms
[2024-08-28T01:14:01.634+0000][info][gc,cpu         ] GC(465) User=1.79s Sys=0.00s Real=0.08s
[2024-08-28T01:14:01.635+0000][info][gc,marking     ] GC(458) Concurrent Rebuild Remembered Sets 196.606ms
[2024-08-28T01:14:01.635+0000][info][gc,marking     ] GC(458) Concurrent Mark Abort
[2024-08-28T01:14:01.635+0000][info][gc             ] GC(458) Concurrent Mark Cycle 227.776ms
[2024-08-28T01:14:01.712+0000][info][gc,start       ] GC(466) Pause Young (Normal) (G1 Evacuation Pause)
[2024-08-28T01:14:01.712+0000][info][gc,task        ] GC(466) Using 24 workers of 68 for evacuation
[2024-08-28T01:14:01.741+0000][info][gc,phases      ] GC(466)   Pre Evacuate Collection Set: 0.2ms
[2024-08-28T01:14:01.741+0000][info][gc,phases      ] GC(466)   Merge Heap Roots: 0.6ms
[2024-08-28T01:14:01.741+0000][info][gc,phases      ] GC(466)   Evacuate Collection Set: 27.0ms
[2024-08-28T01:14:01.741+0000][info][gc,phases      ] GC(466)   Post Evacuate Collection Set: 0.4ms
[2024-08-28T01:14:01.741+0000][info][gc,phases      ] GC(466)   Other: 0.2ms
[2024-08-28T01:14:01.741+0000][info][gc,heap        ] GC(466) Eden regions: 150->0(101)
[2024-08-28T01:14:01.741+0000][info][gc,heap        ] GC(466) Survivor regions: 0->19(19)
[2024-08-28T01:14:01.741+0000][info][gc,heap        ] GC(466) Old regions: 444->575
[2024-08-28T01:14:01.741+0000][info][gc,heap        ] GC(466) Archive regions: 2->2
[2024-08-28T01:14:01.741+0000][info][gc,heap        ] GC(466) Humongous regions: 5->5
[2024-08-28T01:14:01.741+0000][info][gc,metaspace   ] GC(466) Metaspace: 100K(320K)->100K(320K) NonClass: 96K(192K)->96K(192K) Class: 4K(128K)->4K(128K)
[2024-08-28T01:14:01.741+0000][info][gc             ] GC(466) Pause Young (Normal) (G1 Evacuation Pause) 587M->587M(1024M) 28.642ms
[2024-08-28T01:14:01.741+0000][info][gc,cpu         ] GC(466) User=0.57s Sys=0.04s Real=0.03s
[2024-08-28T01:14:01.793+0000][info][gc,start       ] GC(467) Pause Young (Concurrent Start) (G1 Evacuation Pause)
[2024-08-28T01:14:01.793+0000][info][gc,task        ] GC(467) Using 24 workers of 68 for evacuation
[2024-08-28T01:14:01.816+0000][info][gc,phases      ] GC(467)   Pre Evacuate Collection Set: 0.2ms
[2024-08-28T01:14:01.816+0000][info][gc,phases      ] GC(467)   Merge Heap Roots: 0.7ms
[2024-08-28T01:14:01.816+0000][info][gc,phases      ] GC(467)   Evacuate Collection Set: 20.6ms
[2024-08-28T01:14:01.816+0000][info][gc,phases      ] GC(467)   Post Evacuate Collection Set: 0.4ms
[2024-08-28T01:14:01.816+0000][info][gc,phases      ] GC(467)   Other: 0.8ms
[2024-08-28T01:14:01.816+0000][info][gc,heap        ] GC(467) Eden regions: 101->0(69)
[2024-08-28T01:14:01.816+0000][info][gc,heap        ] GC(467) Survivor regions: 19->15(15)
[2024-08-28T01:14:01.816+0000][info][gc,heap        ] GC(467) Old regions: 575->680
[2024-08-28T01:14:01.816+0000][info][gc,heap        ] GC(467) Archive regions: 2->2
[2024-08-28T01:14:01.816+0000][info][gc,heap        ] GC(467) Humongous regions: 5->5
[2024-08-28T01:14:01.816+0000][info][gc,metaspace   ] GC(467) Metaspace: 100K(320K)->100K(320K) NonClass: 96K(192K)->96K(192K) Class: 4K(128K)->4K(128K)
[2024-08-28T01:14:01.816+0000][info][gc             ] GC(467) Pause Young (Concurrent Start) (G1 Evacuation Pause) 688M->688M(1024M) 22.746ms
[2024-08-28T01:14:01.816+0000][info][gc,cpu         ] GC(467) User=0.50s Sys=0.01s Real=0.02s
[2024-08-28T01:14:01.816+0000][info][gc             ] GC(468) Concurrent Mark Cycle
[2024-08-28T01:14:01.816+0000][info][gc,marking     ] GC(468) Concurrent Clear Claimed Marks
[2024-08-28T01:14:01.816+0000][info][gc,marking     ] GC(468) Concurrent Clear Claimed Marks 0.011ms
[2024-08-28T01:14:01.816+0000][info][gc,marking     ] GC(468) Concurrent Scan Root Regions
[2024-08-28T01:14:01.820+0000][info][gc,marking     ] GC(468) Concurrent Scan Root Regions 3.799ms
[2024-08-28T01:14:01.820+0000][info][gc,marking     ] GC(468) Concurrent Mark
[2024-08-28T01:14:01.820+0000][info][gc,marking     ] GC(468) Concurrent Mark From Roots
[2024-08-28T01:14:01.820+0000][info][gc,task        ] GC(468) Using 17 workers of 17 for marking
[2024-08-28T01:14:01.842+0000][info][gc,marking     ] GC(468) Concurrent Mark From Roots 21.554ms
[2024-08-28T01:14:01.842+0000][info][gc,marking     ] GC(468) Concurrent Preclean
[2024-08-28T01:14:01.842+0000][info][gc,marking     ] GC(468) Concurrent Preclean 0.507ms
[2024-08-28T01:14:01.843+0000][info][gc,start       ] GC(468) Pause Remark
[2024-08-28T01:14:01.844+0000][info][gc             ] GC(468) Pause Remark 722M->722M(1024M) 1.458ms
[2024-08-28T01:14:01.844+0000][info][gc,cpu         ] GC(468) User=0.01s Sys=0.00s Real=0.00s
[2024-08-28T01:14:01.844+0000][info][gc,marking     ] GC(468) Concurrent Mark 23.980ms
[2024-08-28T01:14:01.844+0000][info][gc,marking     ] GC(468) Concurrent Rebuild Remembered Sets
[2024-08-28T01:14:01.864+0000][info][gc,start       ] GC(469) Pause Young (Normal) (G1 Evacuation Pause)
[2024-08-28T01:14:01.864+0000][info][gc,task        ] GC(469) Using 24 workers of 68 for evacuation
[2024-08-28T01:14:01.883+0000][info][gc,phases      ] GC(469)   Pre Evacuate Collection Set: 0.2ms
[2024-08-28T01:14:01.883+0000][info][gc,phases      ] GC(469)   Merge Heap Roots: 0.7ms
[2024-08-28T01:14:01.884+0000][info][gc,phases      ] GC(469)   Evacuate Collection Set: 17.7ms
[2024-08-28T01:14:01.884+0000][info][gc,phases      ] GC(469)   Post Evacuate Collection Set: 0.7ms
[2024-08-28T01:14:01.884+0000][info][gc,phases      ] GC(469)   Other: 0.3ms
[2024-08-28T01:14:01.884+0000][info][gc,heap        ] GC(469) Eden regions: 69->0(45)
[2024-08-28T01:14:01.884+0000][info][gc,heap        ] GC(469) Survivor regions: 15->11(11)
[2024-08-28T01:14:01.884+0000][info][gc,heap        ] GC(469) Old regions: 680->757
[2024-08-28T01:14:01.884+0000][info][gc,heap        ] GC(469) Archive regions: 2->2
[2024-08-28T01:14:01.884+0000][info][gc,heap        ] GC(469) Humongous regions: 5->5
[2024-08-28T01:14:01.884+0000][info][gc,metaspace   ] GC(469) Metaspace: 100K(320K)->100K(320K) NonClass: 96K(192K)->96K(192K) Class: 4K(128K)->4K(128K)
[2024-08-28T01:14:01.884+0000][info][gc             ] GC(469) Pause Young (Normal) (G1 Evacuation Pause) 757M->761M(1024M) 19.753ms
[2024-08-28T01:14:01.884+0000][info][gc,cpu         ] GC(469) User=0.44s Sys=0.00s Real=0.02s
[2024-08-28T01:14:01.910+0000][info][gc,start       ] GC(470) Pause Young (Normal) (G1 Evacuation Pause)
[2024-08-28T01:14:01.910+0000][info][gc,task        ] GC(470) Using 24 workers of 68 for evacuation
[2024-08-28T01:14:01.934+0000][info][gc,phases      ] GC(470)   Pre Evacuate Collection Set: 0.2ms
[2024-08-28T01:14:01.934+0000][info][gc,phases      ] GC(470)   Merge Heap Roots: 0.9ms
[2024-08-28T01:14:01.934+0000][info][gc,phases      ] GC(470)   Evacuate Collection Set: 21.7ms
[2024-08-28T01:14:01.934+0000][info][gc,phases      ] GC(470)   Post Evacuate Collection Set: 0.8ms
[2024-08-28T01:14:01.934+0000][info][gc,phases      ] GC(470)   Other: 0.4ms
[2024-08-28T01:14:01.934+0000][info][gc,heap        ] GC(470) Eden regions: 45->0(44)
[2024-08-28T01:14:01.934+0000][info][gc,heap        ] GC(470) Survivor regions: 11->7(7)
[2024-08-28T01:14:01.934+0000][info][gc,heap        ] GC(470) Old regions: 757->811
[2024-08-28T01:14:01.934+0000][info][gc,heap        ] GC(470) Archive regions: 2->2
[2024-08-28T01:14:01.934+0000][info][gc,heap        ] GC(470) Humongous regions: 5->5
[2024-08-28T01:14:01.934+0000][info][gc,metaspace   ] GC(470) Metaspace: 100K(320K)->100K(320K) NonClass: 96K(192K)->96K(192K) Class: 4K(128K)->4K(128K)
[2024-08-28T01:14:01.934+0000][info][gc             ] GC(470) Pause Young (Normal) (G1 Evacuation Pause) 806M->811M(1024M) 24.050ms
[2024-08-28T01:14:01.934+0000][info][gc,cpu         ] GC(470) User=0.55s Sys=0.00s Real=0.02s
[2024-08-28T01:14:01.939+0000][info][gc,marking     ] GC(468) Concurrent Rebuild Remembered Sets 94.631ms
[2024-08-28T01:14:01.939+0000][info][gc,start       ] GC(468) Pause Cleanup
[2024-08-28T01:14:01.941+0000][info][gc             ] GC(468) Pause Cleanup 819M->819M(1024M) 2.116ms
[2024-08-28T01:14:01.941+0000][info][gc,cpu         ] GC(468) User=0.01s Sys=0.00s Real=0.00s
[2024-08-28T01:14:01.942+0000][info][gc,marking     ] GC(468) Concurrent Cleanup for Next Mark
[2024-08-28T01:14:01.942+0000][info][gc,marking     ] GC(468) Concurrent Cleanup for Next Mark 0.774ms
[2024-08-28T01:14:01.942+0000][info][gc             ] GC(468) Concurrent Mark Cycle 126.086ms
[2024-08-28T01:14:01.962+0000][info][gc,start       ] GC(471) Pause Young (Prepare Mixed) (G1 Evacuation Pause)
[2024-08-28T01:14:01.962+0000][info][gc,task        ] GC(471) Using 24 workers of 68 for evacuation
[2024-08-28T01:14:01.983+0000][info][gc,phases      ] GC(471)   Pre Evacuate Collection Set: 0.2ms
[2024-08-28T01:14:01.983+0000][info][gc,phases      ] GC(471)   Merge Heap Roots: 0.8ms
[2024-08-28T01:14:01.983+0000][info][gc,phases      ] GC(471)   Evacuate Collection Set: 18.9ms
[2024-08-28T01:14:01.983+0000][info][gc,phases      ] GC(471)   Post Evacuate Collection Set: 0.4ms
[2024-08-28T01:14:01.983+0000][info][gc,phases      ] GC(471)   Other: 0.3ms
[2024-08-28T01:14:01.983+0000][info][gc,heap        ] GC(471) Eden regions: 44->0(44)
[2024-08-28T01:14:01.983+0000][info][gc,heap        ] GC(471) Survivor regions: 7->7(7)
[2024-08-28T01:14:01.983+0000][info][gc,heap        ] GC(471) Old regions: 811->859
[2024-08-28T01:14:01.983+0000][info][gc,heap        ] GC(471) Archive regions: 2->2
[2024-08-28T01:14:01.983+0000][info][gc,heap        ] GC(471) Humongous regions: 5->5
[2024-08-28T01:14:01.983+0000][info][gc,metaspace   ] GC(471) Metaspace: 100K(320K)->100K(320K) NonClass: 96K(192K)->96K(192K) Class: 4K(128K)->4K(128K)
[2024-08-28T01:14:01.983+0000][info][gc             ] GC(471) Pause Young (Prepare Mixed) (G1 Evacuation Pause) 855M->859M(1024M) 20.643ms
[2024-08-28T01:14:01.983+0000][info][gc,cpu         ] GC(471) User=0.47s Sys=0.00s Real=0.02s
[2024-08-28T01:14:02.007+0000][info][gc,start       ] GC(472) Pause Young (Mixed) (G1 Evacuation Pause)
[2024-08-28T01:14:02.007+0000][info][gc,task        ] GC(472) Using 24 workers of 68 for evacuation
[2024-08-28T01:14:02.021+0000][info][gc,phases      ] GC(472)   Pre Evacuate Collection Set: 0.2ms
[2024-08-28T01:14:02.021+0000][info][gc,phases      ] GC(472)   Merge Heap Roots: 0.7ms
[2024-08-28T01:14:02.021+0000][info][gc,phases      ] GC(472)   Evacuate Collection Set: 12.4ms
[2024-08-28T01:14:02.021+0000][info][gc,phases      ] GC(472)   Post Evacuate Collection Set: 0.5ms
[2024-08-28T01:14:02.021+0000][info][gc,phases      ] GC(472)   Other: 0.3ms
[2024-08-28T01:14:02.021+0000][info][gc,heap        ] GC(472) Eden regions: 44->0(44)
[2024-08-28T01:14:02.021+0000][info][gc,heap        ] GC(472) Survivor regions: 7->7(7)
[2024-08-28T01:14:02.021+0000][info][gc,heap        ] GC(472) Old regions: 859->844
[2024-08-28T01:14:02.021+0000][info][gc,heap        ] GC(472) Archive regions: 2->2
[2024-08-28T01:14:02.021+0000][info][gc,heap        ] GC(472) Humongous regions: 5->5
[2024-08-28T01:14:02.021+0000][info][gc,metaspace   ] GC(472) Metaspace: 100K(320K)->100K(320K) NonClass: 96K(192K)->96K(192K) Class: 4K(128K)->4K(128K)
[2024-08-28T01:14:02.021+0000][info][gc             ] GC(472) Pause Young (Mixed) (G1 Evacuation Pause) 903M->845M(1024M) 14.196ms
[2024-08-28T01:14:02.021+0000][info][gc,cpu         ] GC(472) User=0.31s Sys=0.00s Real=0.02s
[2024-08-28T01:14:02.047+0000][info][gc,start       ] GC(473) Pause Young (Mixed) (G1 Evacuation Pause)
[2024-08-28T01:14:02.047+0000][info][gc,task        ] GC(473) Using 24 workers of 68 for evacuation
[2024-08-28T01:14:02.061+0000][info][gc,phases      ] GC(473)   Pre Evacuate Collection Set: 0.2ms
[2024-08-28T01:14:02.061+0000][info][gc,phases      ] GC(473)   Merge Heap Roots: 0.5ms
[2024-08-28T01:14:02.061+0000][info][gc,phases      ] GC(473)   Evacuate Collection Set: 12.3ms
[2024-08-28T01:14:02.061+0000][info][gc,phases      ] GC(473)   Post Evacuate Collection Set: 0.4ms
[2024-08-28T01:14:02.061+0000][info][gc,phases      ] GC(473)   Other: 0.4ms
[2024-08-28T01:14:02.061+0000][info][gc,heap        ] GC(473) Eden regions: 44->0(44)
[2024-08-28T01:14:02.061+0000][info][gc,heap        ] GC(473) Survivor regions: 7->7(7)
[2024-08-28T01:14:02.061+0000][info][gc,heap        ] GC(473) Old regions: 844->829
[2024-08-28T01:14:02.061+0000][info][gc,heap        ] GC(473) Archive regions: 2->2
[2024-08-28T01:14:02.061+0000][info][gc,heap        ] GC(473) Humongous regions: 5->5
[2024-08-28T01:14:02.061+0000][info][gc,metaspace   ] GC(473) Metaspace: 100K(320K)->100K(320K) NonClass: 96K(192K)->96K(192K) Class: 4K(128K)->4K(128K)
[2024-08-28T01:14:02.061+0000][info][gc             ] GC(473) Pause Young (Mixed) (G1 Evacuation Pause) 889M->830M(1024M) 13.972ms
[2024-08-28T01:14:02.061+0000][info][gc,cpu         ] GC(473) User=0.31s Sys=0.00s Real=0.02s
[2024-08-28T01:14:02.085+0000][info][gc,start       ] GC(474) Pause Young (Mixed) (G1 Evacuation Pause)
[2024-08-28T01:14:02.085+0000][info][gc,task        ] GC(474) Using 24 workers of 68 for evacuation
[2024-08-28T01:14:02.099+0000][info][gc,phases      ] GC(474)   Pre Evacuate Collection Set: 0.3ms
[2024-08-28T01:14:02.099+0000][info][gc,phases      ] GC(474)   Merge Heap Roots: 0.7ms
[2024-08-28T01:14:02.099+0000][info][gc,phases      ] GC(474)   Evacuate Collection Set: 12.2ms
[2024-08-28T01:14:02.099+0000][info][gc,phases      ] GC(474)   Post Evacuate Collection Set: 0.4ms
[2024-08-28T01:14:02.099+0000][info][gc,phases      ] GC(474)   Other: 0.3ms
[2024-08-28T01:14:02.099+0000][info][gc,heap        ] GC(474) Eden regions: 44->0(44)
[2024-08-28T01:14:02.099+0000][info][gc,heap        ] GC(474) Survivor regions: 7->7(7)
[2024-08-28T01:14:02.099+0000][info][gc,heap        ] GC(474) Old regions: 829->815
[2024-08-28T01:14:02.099+0000][info][gc,heap        ] GC(474) Archive regions: 2->2
[2024-08-28T01:14:02.099+0000][info][gc,heap        ] GC(474) Humongous regions: 5->5
[2024-08-28T01:14:02.099+0000][info][gc,metaspace   ] GC(474) Metaspace: 100K(320K)->100K(320K) NonClass: 96K(192K)->96K(192K) Class: 4K(128K)->4K(128K)
[2024-08-28T01:14:02.099+0000][info][gc             ] GC(474) Pause Young (Mixed) (G1 Evacuation Pause) 874M->819M(1024M) 13.976ms
[2024-08-28T01:14:02.099+0000][info][gc,cpu         ] GC(474) User=0.31s Sys=0.00s Real=0.02s
[2024-08-28T01:14:02.123+0000][info][gc,start       ] GC(475) Pause Young (Mixed) (G1 Evacuation Pause)
[2024-08-28T01:14:02.123+0000][info][gc,task        ] GC(475) Using 24 workers of 68 for evacuation
[2024-08-28T01:14:02.136+0000][info][gc,phases      ] GC(475)   Pre Evacuate Collection Set: 0.2ms
[2024-08-28T01:14:02.136+0000][info][gc,phases      ] GC(475)   Merge Heap Roots: 0.4ms
[2024-08-28T01:14:02.136+0000][info][gc,phases      ] GC(475)   Evacuate Collection Set: 11.6ms
[2024-08-28T01:14:02.136+0000][info][gc,phases      ] GC(475)   Post Evacuate Collection Set: 0.4ms
[2024-08-28T01:14:02.136+0000][info][gc,phases      ] GC(475)   Other: 0.2ms
[2024-08-28T01:14:02.136+0000][info][gc,heap        ] GC(475) Eden regions: 44->0(44)
[2024-08-28T01:14:02.136+0000][info][gc,heap        ] GC(475) Survivor regions: 7->7(7)
[2024-08-28T01:14:02.136+0000][info][gc,heap        ] GC(475) Old regions: 815->851
[2024-08-28T01:14:02.136+0000][info][gc,heap        ] GC(475) Archive regions: 2->2
[2024-08-28T01:14:02.136+0000][info][gc,heap        ] GC(475) Humongous regions: 5->5
[2024-08-28T01:14:02.136+0000][info][gc,metaspace   ] GC(475) Metaspace: 100K(320K)->100K(320K) NonClass: 96K(192K)->96K(192K) Class: 4K(128K)->4K(128K)
[2024-08-28T01:14:02.136+0000][info][gc             ] GC(475) Pause Young (Mixed) (G1 Evacuation Pause) 863M->856M(1024M) 12.913ms
[2024-08-28T01:14:02.136+0000][info][gc,cpu         ] GC(475) User=0.29s Sys=0.00s Real=0.01s
[2024-08-28T01:14:02.160+0000][info][gc,start       ] GC(476) Pause Young (Concurrent Start) (G1 Evacuation Pause)
[2024-08-28T01:14:02.160+0000][info][gc,task        ] GC(476) Using 24 workers of 68 for evacuation
[2024-08-28T01:14:02.173+0000][info][gc,phases      ] GC(476)   Pre Evacuate Collection Set: 0.2ms
[2024-08-28T01:14:02.173+0000][info][gc,phases      ] GC(476)   Merge Heap Roots: 0.5ms
[2024-08-28T01:14:02.173+0000][info][gc,phases      ] GC(476)   Evacuate Collection Set: 11.0ms
[2024-08-28T01:14:02.173+0000][info][gc,phases      ] GC(476)   Post Evacuate Collection Set: 0.3ms
[2024-08-28T01:14:02.173+0000][info][gc,phases      ] GC(476)   Other: 0.9ms
[2024-08-28T01:14:02.173+0000][info][gc,heap        ] GC(476) Eden regions: 44->0(44)
[2024-08-28T01:14:02.173+0000][info][gc,heap        ] GC(476) Survivor regions: 7->7(7)
[2024-08-28T01:14:02.173+0000][info][gc,heap        ] GC(476) Old regions: 851->898
[2024-08-28T01:14:02.173+0000][info][gc,heap        ] GC(476) Archive regions: 2->2
[2024-08-28T01:14:02.173+0000][info][gc,heap        ] GC(476) Humongous regions: 5->5
[2024-08-28T01:14:02.173+0000][info][gc,metaspace   ] GC(476) Metaspace: 100K(320K)->100K(320K) NonClass: 96K(192K)->96K(192K) Class: 4K(128K)->4K(128K)
[2024-08-28T01:14:02.173+0000][info][gc             ] GC(476) Pause Young (Concurrent Start) (G1 Evacuation Pause) 900M->903M(1024M) 12.923ms
[2024-08-28T01:14:02.173+0000][info][gc,cpu         ] GC(476) User=0.28s Sys=0.00s Real=0.01s
[2024-08-28T01:14:02.173+0000][info][gc             ] GC(477) Concurrent Mark Cycle
[2024-08-28T01:14:02.173+0000][info][gc,marking     ] GC(477) Concurrent Clear Claimed Marks
[2024-08-28T01:14:02.173+0000][info][gc,marking     ] GC(477) Concurrent Clear Claimed Marks 0.011ms
[2024-08-28T01:14:02.173+0000][info][gc,marking     ] GC(477) Concurrent Scan Root Regions
[2024-08-28T01:14:02.175+0000][info][gc,marking     ] GC(477) Concurrent Scan Root Regions 1.718ms
[2024-08-28T01:14:02.175+0000][info][gc,marking     ] GC(477) Concurrent Mark
[2024-08-28T01:14:02.175+0000][info][gc,marking     ] GC(477) Concurrent Mark From Roots
[2024-08-28T01:14:02.175+0000][info][gc,task        ] GC(477) Using 17 workers of 17 for marking
[2024-08-28T01:14:02.201+0000][info][gc,marking     ] GC(477) Concurrent Mark From Roots 25.826ms
[2024-08-28T01:14:02.201+0000][info][gc,marking     ] GC(477) Concurrent Preclean
[2024-08-28T01:14:02.202+0000][info][gc,marking     ] GC(477) Concurrent Preclean 0.931ms
[2024-08-28T01:14:02.203+0000][info][gc,start       ] GC(477) Pause Remark
[2024-08-28T01:14:02.204+0000][info][gc             ] GC(477) Pause Remark 940M->940M(1024M) 1.563ms
[2024-08-28T01:14:02.204+0000][info][gc,cpu         ] GC(477) User=0.00s Sys=0.00s Real=0.00s
[2024-08-28T01:14:02.204+0000][info][gc,marking     ] GC(477) Concurrent Mark 28.955ms
[2024-08-28T01:14:02.204+0000][info][gc,marking     ] GC(477) Concurrent Rebuild Remembered Sets
[2024-08-28T01:14:02.209+0000][info][gc,start       ] GC(478) Pause Young (Normal) (G1 Evacuation Pause)
[2024-08-28T01:14:02.209+0000][info][gc,task        ] GC(478) Using 24 workers of 68 for evacuation
[2024-08-28T01:14:02.222+0000][info][gc,phases      ] GC(478)   Pre Evacuate Collection Set: 0.1ms
[2024-08-28T01:14:02.222+0000][info][gc,phases      ] GC(478)   Merge Heap Roots: 0.6ms
[2024-08-28T01:14:02.222+0000][info][gc,phases      ] GC(478)   Evacuate Collection Set: 11.3ms
[2024-08-28T01:14:02.222+0000][info][gc,phases      ] GC(478)   Post Evacuate Collection Set: 0.6ms
[2024-08-28T01:14:02.222+0000][info][gc,phases      ] GC(478)   Other: 0.2ms
[2024-08-28T01:14:02.222+0000][info][gc,heap        ] GC(478) Eden regions: 44->0(44)
[2024-08-28T01:14:02.222+0000][info][gc,heap        ] GC(478) Survivor regions: 7->7(7)
[2024-08-28T01:14:02.222+0000][info][gc,heap        ] GC(478) Old regions: 898->945
[2024-08-28T01:14:02.222+0000][info][gc,heap        ] GC(478) Archive regions: 2->2
[2024-08-28T01:14:02.222+0000][info][gc,heap        ] GC(478) Humongous regions: 5->5
[2024-08-28T01:14:02.222+0000][info][gc,metaspace   ] GC(478) Metaspace: 100K(320K)->100K(320K) NonClass: 96K(192K)->96K(192K) Class: 4K(128K)->4K(128K)
[2024-08-28T01:14:02.222+0000][info][gc             ] GC(478) Pause Young (Normal) (G1 Evacuation Pause) 947M->950M(1024M) 13.036ms
[2024-08-28T01:14:02.222+0000][info][gc,cpu         ] GC(478) User=0.29s Sys=0.00s Real=0.02s
[2024-08-28T01:14:02.239+0000][info][gc,start       ] GC(479) Pause Young (Normal) (G1 Preventive Collection)
[2024-08-28T01:14:02.239+0000][info][gc,task        ] GC(479) Using 24 workers of 68 for evacuation
[2024-08-28T01:14:02.253+0000][info][gc,phases      ] GC(479)   Pre Evacuate Collection Set: 0.2ms
[2024-08-28T01:14:02.253+0000][info][gc,phases      ] GC(479)   Merge Heap Roots: 0.6ms
[2024-08-28T01:14:02.253+0000][info][gc,phases      ] GC(479)   Evacuate Collection Set: 12.4ms
[2024-08-28T01:14:02.253+0000][info][gc,phases      ] GC(479)   Post Evacuate Collection Set: 0.6ms
[2024-08-28T01:14:02.253+0000][info][gc,phases      ] GC(479)   Other: 0.3ms
[2024-08-28T01:14:02.253+0000][info][gc,heap        ] GC(479) Eden regions: 27->0(44)
[2024-08-28T01:14:02.253+0000][info][gc,heap        ] GC(479) Survivor regions: 7->7(7)
[2024-08-28T01:14:02.253+0000][info][gc,heap        ] GC(479) Old regions: 945->974
[2024-08-28T01:14:02.253+0000][info][gc,heap        ] GC(479) Archive regions: 2->2
[2024-08-28T01:14:02.253+0000][info][gc,heap        ] GC(479) Humongous regions: 5->5
[2024-08-28T01:14:02.253+0000][info][gc,metaspace   ] GC(479) Metaspace: 100K(320K)->100K(320K) NonClass: 96K(192K)->96K(192K) Class: 4K(128K)->4K(128K)
[2024-08-28T01:14:02.253+0000][info][gc             ] GC(479) Pause Young (Normal) (G1 Preventive Collection) 977M->979M(1024M) 14.225ms
[2024-08-28T01:14:02.253+0000][info][gc,cpu         ] GC(479) User=0.31s Sys=0.00s Real=0.01s
[2024-08-28T01:14:02.262+0000][info][gc,start       ] GC(480) Pause Young (Normal) (G1 Preventive Collection)
[2024-08-28T01:14:02.262+0000][info][gc,task        ] GC(480) Using 24 workers of 68 for evacuation
[2024-08-28T01:14:02.274+0000][info][gc,phases      ] GC(480)   Pre Evacuate Collection Set: 0.2ms
[2024-08-28T01:14:02.274+0000][info][gc,phases      ] GC(480)   Merge Heap Roots: 0.9ms
[2024-08-28T01:14:02.274+0000][info][gc,phases      ] GC(480)   Evacuate Collection Set: 10.2ms
[2024-08-28T01:14:02.274+0000][info][gc,phases      ] GC(480)   Post Evacuate Collection Set: 0.7ms
[2024-08-28T01:14:02.274+0000][info][gc,phases      ] GC(480)   Other: 0.3ms
[2024-08-28T01:14:02.274+0000][info][gc,heap        ] GC(480) Eden regions: 13->0(44)
[2024-08-28T01:14:02.274+0000][info][gc,heap        ] GC(480) Survivor regions: 7->7(7)
[2024-08-28T01:14:02.274+0000][info][gc,heap        ] GC(480) Old regions: 974->990
[2024-08-28T01:14:02.274+0000][info][gc,heap        ] GC(480) Archive regions: 2->2
[2024-08-28T01:14:02.274+0000][info][gc,heap        ] GC(480) Humongous regions: 5->5
[2024-08-28T01:14:02.274+0000][info][gc,metaspace   ] GC(480) Metaspace: 100K(320K)->100K(320K) NonClass: 96K(192K)->96K(192K) Class: 4K(128K)->4K(128K)
[2024-08-28T01:14:02.274+0000][info][gc             ] GC(480) Pause Young (Normal) (G1 Preventive Collection) 992M->995M(1024M) 12.468ms
[2024-08-28T01:14:02.274+0000][info][gc,cpu         ] GC(480) User=0.27s Sys=0.00s Real=0.01s
[2024-08-28T01:14:02.278+0000][info][gc,start       ] GC(481) Pause Young (Normal) (G1 Preventive Collection)
[2024-08-28T01:14:02.278+0000][info][gc,task        ] GC(481) Using 24 workers of 68 for evacuation
[2024-08-28T01:14:02.288+0000][info][gc             ] GC(481) To-space exhausted
[2024-08-28T01:14:02.288+0000][info][gc,phases      ] GC(481)   Pre Evacuate Collection Set: 0.2ms
[2024-08-28T01:14:02.288+0000][info][gc,phases      ] GC(481)   Merge Heap Roots: 0.7ms
[2024-08-28T01:14:02.288+0000][info][gc,phases      ] GC(481)   Evacuate Collection Set: 8.1ms
[2024-08-28T01:14:02.288+0000][info][gc,phases      ] GC(481)   Post Evacuate Collection Set: 0.9ms
[2024-08-28T01:14:02.288+0000][info][gc,phases      ] GC(481)   Other: 0.3ms
[2024-08-28T01:14:02.288+0000][info][gc,heap        ] GC(481) Eden regions: 5->0(45)
[2024-08-28T01:14:02.288+0000][info][gc,heap        ] GC(481) Survivor regions: 7->6(7)
[2024-08-28T01:14:02.288+0000][info][gc,heap        ] GC(481) Old regions: 990->1006
[2024-08-28T01:14:02.288+0000][info][gc,heap        ] GC(481) Archive regions: 2->2
[2024-08-28T01:14:02.288+0000][info][gc,heap        ] GC(481) Humongous regions: 5->5
[2024-08-28T01:14:02.288+0000][info][gc,metaspace   ] GC(481) Metaspace: 100K(320K)->100K(320K) NonClass: 96K(192K)->96K(192K) Class: 4K(128K)->4K(128K)
[2024-08-28T01:14:02.288+0000][info][gc             ] GC(481) Pause Young (Normal) (G1 Preventive Collection) 1000M->1010M(1024M) 10.241ms
[2024-08-28T01:14:02.289+0000][info][gc,cpu         ] GC(481) User=0.22s Sys=0.00s Real=0.00s
[2024-08-28T01:14:02.290+0000][info][gc,start       ] GC(482) Pause Young (Normal) (G1 Preventive Collection)
[2024-08-28T01:14:02.290+0000][info][gc,task        ] GC(482) Using 24 workers of 68 for evacuation
[2024-08-28T01:14:02.299+0000][info][gc             ] GC(482) To-space exhausted
[2024-08-28T01:14:02.299+0000][info][gc,phases      ] GC(482)   Pre Evacuate Collection Set: 0.2ms
[2024-08-28T01:14:02.299+0000][info][gc,phases      ] GC(482)   Merge Heap Roots: 0.9ms
[2024-08-28T01:14:02.299+0000][info][gc,phases      ] GC(482)   Evacuate Collection Set: 6.5ms
[2024-08-28T01:14:02.299+0000][info][gc,phases      ] GC(482)   Post Evacuate Collection Set: 1.0ms
[2024-08-28T01:14:02.299+0000][info][gc,phases      ] GC(482)   Other: 0.3ms
[2024-08-28T01:14:02.299+0000][info][gc,heap        ] GC(482) Eden regions: 1->0(50)
[2024-08-28T01:14:02.299+0000][info][gc,heap        ] GC(482) Survivor regions: 6->1(4)
[2024-08-28T01:14:02.299+0000][info][gc,heap        ] GC(482) Old regions: 1006->1016
[2024-08-28T01:14:02.299+0000][info][gc,heap        ] GC(482) Archive regions: 2->2
[2024-08-28T01:14:02.299+0000][info][gc,heap        ] GC(482) Humongous regions: 5->5
[2024-08-28T01:14:02.299+0000][info][gc,metaspace   ] GC(482) Metaspace: 100K(320K)->100K(320K) NonClass: 96K(192K)->96K(192K) Class: 4K(128K)->4K(128K)
[2024-08-28T01:14:02.299+0000][info][gc             ] GC(482) Pause Young (Normal) (G1 Preventive Collection) 1011M->1015M(1024M) 8.975ms
[2024-08-28T01:14:02.299+0000][info][gc,cpu         ] GC(482) User=0.18s Sys=0.01s Real=0.01s
[2024-08-28T01:14:02.299+0000][info][gc,ergo        ] Attempting full compaction
[2024-08-28T01:14:02.299+0000][info][gc,task        ] GC(483) Using 24 workers of 68 for full compaction
[2024-08-28T01:14:02.299+0000][info][gc,start       ] GC(483) Pause Full (G1 Compaction Pause)
[2024-08-28T01:14:02.300+0000][info][gc,phases,start] GC(483) Phase 1: Mark live objects
[2024-08-28T01:14:02.318+0000][info][gc,phases      ] GC(483) Phase 1: Mark live objects 17.484ms
[2024-08-28T01:14:02.318+0000][info][gc,phases,start] GC(483) Phase 2: Prepare for compaction
[2024-08-28T01:14:02.329+0000][info][gc,phases      ] GC(483) Phase 2: Prepare for compaction 11.167ms
[2024-08-28T01:14:02.329+0000][info][gc,phases,start] GC(483) Phase 3: Adjust pointers
[2024-08-28T01:14:02.347+0000][info][gc,phases      ] GC(483) Phase 3: Adjust pointers 18.141ms
[2024-08-28T01:14:02.347+0000][info][gc,phases,start] GC(483) Phase 4: Compact heap
[2024-08-28T01:14:02.381+0000][info][gc,phases      ] GC(483) Phase 4: Compact heap 34.139ms
[2024-08-28T01:14:02.383+0000][info][gc,heap        ] GC(483) Eden regions: 0->0(150)
[2024-08-28T01:14:02.383+0000][info][gc,heap        ] GC(483) Survivor regions: 1->0(4)
[2024-08-28T01:14:02.383+0000][info][gc,heap        ] GC(483) Old regions: 1016->442
[2024-08-28T01:14:02.383+0000][info][gc,heap        ] GC(483) Archive regions: 2->2
[2024-08-28T01:14:02.383+0000][info][gc,heap        ] GC(483) Humongous regions: 5->5
[2024-08-28T01:14:02.383+0000][info][gc,metaspace   ] GC(483) Metaspace: 100K(320K)->100K(320K) NonClass: 96K(192K)->96K(192K) Class: 4K(128K)->4K(128K)
[2024-08-28T01:14:02.383+0000][info][gc             ] GC(483) Pause Full (G1 Compaction Pause) 1015M->437M(1024M) 83.777ms
[2024-08-28T01:14:02.383+0000][info][gc,cpu         ] GC(483) User=1.82s Sys=0.01s Real=0.08s
[2024-08-28T01:14:02.384+0000][info][gc,marking     ] GC(477) Concurrent Rebuild Remembered Sets 179.397ms
[2024-08-28T01:14:02.384+0000][info][gc,marking     ] GC(477) Concurrent Mark Abort
[2024-08-28T01:14:02.384+0000][info][gc             ] GC(477) Concurrent Mark Cycle 210.319ms
[2024-08-28T01:14:02.463+0000][info][gc,start       ] GC(484) Pause Young (Normal) (G1 Evacuation Pause)
[2024-08-28T01:14:02.463+0000][info][gc,task        ] GC(484) Using 24 workers of 68 for evacuation
[2024-08-28T01:14:02.489+0000][info][gc,phases      ] GC(484)   Pre Evacuate Collection Set: 0.2ms
[2024-08-28T01:14:02.489+0000][info][gc,phases      ] GC(484)   Merge Heap Roots: 0.6ms
[2024-08-28T01:14:02.489+0000][info][gc,phases      ] GC(484)   Evacuate Collection Set: 25.2ms
[2024-08-28T01:14:02.489+0000][info][gc,phases      ] GC(484)   Post Evacuate Collection Set: 0.4ms
[2024-08-28T01:14:02.489+0000][info][gc,phases      ] GC(484)   Other: 0.3ms
[2024-08-28T01:14:02.489+0000][info][gc,heap        ] GC(484) Eden regions: 150->0(103)
[2024-08-28T01:14:02.489+0000][info][gc,heap        ] GC(484) Survivor regions: 0->19(19)
[2024-08-28T01:14:02.489+0000][info][gc,heap        ] GC(484) Old regions: 442->569
[2024-08-28T01:14:02.489+0000][info][gc,heap        ] GC(484) Archive regions: 2->2
[2024-08-28T01:14:02.489+0000][info][gc,heap        ] GC(484) Humongous regions: 5->5
[2024-08-28T01:14:02.489+0000][info][gc,metaspace   ] GC(484) Metaspace: 100K(320K)->100K(320K) NonClass: 96K(192K)->96K(192K) Class: 4K(128K)->4K(128K)
[2024-08-28T01:14:02.489+0000][info][gc             ] GC(484) Pause Young (Normal) (G1 Evacuation Pause) 587M->582M(1024M) 26.819ms
[2024-08-28T01:14:02.489+0000][info][gc,cpu         ] GC(484) User=0.59s Sys=0.02s Real=0.02s
[2024-08-28T01:14:02.543+0000][info][gc,start       ] GC(485) Pause Young (Concurrent Start) (G1 Evacuation Pause)
[2024-08-28T01:14:02.543+0000][info][gc,task        ] GC(485) Using 24 workers of 68 for evacuation
[2024-08-28T01:14:02.566+0000][info][gc,phases      ] GC(485)   Pre Evacuate Collection Set: 0.2ms
[2024-08-28T01:14:02.566+0000][info][gc,phases      ] GC(485)   Merge Heap Roots: 0.6ms
[2024-08-28T01:14:02.566+0000][info][gc,phases      ] GC(485)   Evacuate Collection Set: 21.3ms
[2024-08-28T01:14:02.566+0000][info][gc,phases      ] GC(485)   Post Evacuate Collection Set: 0.4ms
[2024-08-28T01:14:02.566+0000][info][gc,phases      ] GC(485)   Other: 0.9ms
[2024-08-28T01:14:02.566+0000][info][gc,heap        ] GC(485) Eden regions: 103->0(70)
[2024-08-28T01:14:02.566+0000][info][gc,heap        ] GC(485) Survivor regions: 19->16(16)
[2024-08-28T01:14:02.566+0000][info][gc,heap        ] GC(485) Old regions: 569->676
[2024-08-28T01:14:02.566+0000][info][gc,heap        ] GC(485) Archive regions: 2->2
[2024-08-28T01:14:02.566+0000][info][gc,heap        ] GC(485) Humongous regions: 5->5
[2024-08-28T01:14:02.566+0000][info][gc,metaspace   ] GC(485) Metaspace: 100K(320K)->100K(320K) NonClass: 96K(192K)->96K(192K) Class: 4K(128K)->4K(128K)
[2024-08-28T01:14:02.567+0000][info][gc             ] GC(485) Pause Young (Concurrent Start) (G1 Evacuation Pause) 685M->686M(1024M) 23.581ms
[2024-08-28T01:14:02.567+0000][info][gc,cpu         ] GC(485) User=0.53s Sys=0.00s Real=0.02s
[2024-08-28T01:14:02.567+0000][info][gc             ] GC(486) Concurrent Mark Cycle
[2024-08-28T01:14:02.567+0000][info][gc,marking     ] GC(486) Concurrent Clear Claimed Marks
[2024-08-28T01:14:02.567+0000][info][gc,marking     ] GC(486) Concurrent Clear Claimed Marks 0.025ms
[2024-08-28T01:14:02.567+0000][info][gc,marking     ] GC(486) Concurrent Scan Root Regions
[2024-08-28T01:14:02.570+0000][info][gc,marking     ] GC(486) Concurrent Scan Root Regions 3.684ms
[2024-08-28T01:14:02.570+0000][info][gc,marking     ] GC(486) Concurrent Mark
[2024-08-28T01:14:02.570+0000][info][gc,marking     ] GC(486) Concurrent Mark From Roots
[2024-08-28T01:14:02.570+0000][info][gc,task        ] GC(486) Using 17 workers of 17 for marking
[2024-08-28T01:14:02.592+0000][info][gc,marking     ] GC(486) Concurrent Mark From Roots 21.574ms
[2024-08-28T01:14:02.592+0000][info][gc,marking     ] GC(486) Concurrent Preclean
[2024-08-28T01:14:02.593+0000][info][gc,marking     ] GC(486) Concurrent Preclean 0.568ms
[2024-08-28T01:14:02.602+0000][info][gc,start       ] GC(486) Pause Remark
[2024-08-28T01:14:02.607+0000][info][gc             ] GC(486) Pause Remark 720M->720M(1024M) 5.205ms
[2024-08-28T01:14:02.607+0000][info][gc,cpu         ] GC(486) User=0.01s Sys=0.00s Real=0.00s
[2024-08-28T01:14:02.607+0000][info][gc,marking     ] GC(486) Concurrent Mark 36.565ms
[2024-08-28T01:14:02.607+0000][info][gc,marking     ] GC(486) Concurrent Rebuild Remembered Sets
[2024-08-28T01:14:02.626+0000][info][gc,start       ] GC(487) Pause Young (Normal) (G1 Evacuation Pause)
[2024-08-28T01:14:02.626+0000][info][gc,task        ] GC(487) Using 24 workers of 68 for evacuation
[2024-08-28T01:14:02.642+0000][info][gc,phases      ] GC(487)   Pre Evacuate Collection Set: 0.1ms
[2024-08-28T01:14:02.642+0000][info][gc,phases      ] GC(487)   Merge Heap Roots: 0.4ms
[2024-08-28T01:14:02.642+0000][info][gc,phases      ] GC(487)   Evacuate Collection Set: 15.4ms
[2024-08-28T01:14:02.642+0000][info][gc,phases      ] GC(487)   Post Evacuate Collection Set: 0.5ms
[2024-08-28T01:14:02.642+0000][info][gc,phases      ] GC(487)   Other: 0.2ms
[2024-08-28T01:14:02.642+0000][info][gc,heap        ] GC(487) Eden regions: 70->0(46)
[2024-08-28T01:14:02.642+0000][info][gc,heap        ] GC(487) Survivor regions: 16->11(11)
[2024-08-28T01:14:02.642+0000][info][gc,heap        ] GC(487) Old regions: 676->755
[2024-08-28T01:14:02.642+0000][info][gc,heap        ] GC(487) Archive regions: 2->2
[2024-08-28T01:14:02.642+0000][info][gc,heap        ] GC(487) Humongous regions: 5->5
[2024-08-28T01:14:02.642+0000][info][gc,metaspace   ] GC(487) Metaspace: 100K(320K)->100K(320K) NonClass: 96K(192K)->96K(192K) Class: 4K(128K)->4K(128K)
[2024-08-28T01:14:02.642+0000][info][gc             ] GC(487) Pause Young (Normal) (G1 Evacuation Pause) 756M->760M(1024M) 16.705ms
[2024-08-28T01:14:02.642+0000][info][gc,cpu         ] GC(487) User=0.38s Sys=0.00s Real=0.02s
[2024-08-28T01:14:02.667+0000][info][gc,start       ] GC(488) Pause Young (Normal) (G1 Evacuation Pause)
[2024-08-28T01:14:02.667+0000][info][gc,task        ] GC(488) Using 24 workers of 68 for evacuation
[2024-08-28T01:14:02.687+0000][info][gc,phases      ] GC(488)   Pre Evacuate Collection Set: 0.2ms
[2024-08-28T01:14:02.687+0000][info][gc,phases      ] GC(488)   Merge Heap Roots: 0.5ms
[2024-08-28T01:14:02.687+0000][info][gc,phases      ] GC(488)   Evacuate Collection Set: 18.7ms
[2024-08-28T01:14:02.687+0000][info][gc,phases      ] GC(488)   Post Evacuate Collection Set: 0.6ms
[2024-08-28T01:14:02.687+0000][info][gc,phases      ] GC(488)   Other: 0.2ms
[2024-08-28T01:14:02.687+0000][info][gc,heap        ] GC(488) Eden regions: 46->0(43)
[2024-08-28T01:14:02.687+0000][info][gc,heap        ] GC(488) Survivor regions: 11->8(8)
[2024-08-28T01:14:02.687+0000][info][gc,heap        ] GC(488) Old regions: 755->808
[2024-08-28T01:14:02.687+0000][info][gc,heap        ] GC(488) Archive regions: 2->2
[2024-08-28T01:14:02.687+0000][info][gc,heap        ] GC(488) Humongous regions: 5->5
[2024-08-28T01:14:02.687+0000][info][gc,metaspace   ] GC(488) Metaspace: 100K(320K)->100K(320K) NonClass: 96K(192K)->96K(192K) Class: 4K(128K)->4K(128K)
[2024-08-28T01:14:02.687+0000][info][gc             ] GC(488) Pause Young (Normal) (G1 Evacuation Pause) 806M->811M(1024M) 20.189ms
[2024-08-28T01:14:02.687+0000][info][gc,cpu         ] GC(488) User=0.47s Sys=0.00s Real=0.02s
[2024-08-28T01:14:02.696+0000][info][gc,marking     ] GC(486) Concurrent Rebuild Remembered Sets 89.282ms
[2024-08-28T01:14:02.697+0000][info][gc,start       ] GC(486) Pause Cleanup
[2024-08-28T01:14:02.698+0000][info][gc             ] GC(486) Pause Cleanup 827M->827M(1024M) 1.191ms
[2024-08-28T01:14:02.698+0000][info][gc,cpu         ] GC(486) User=0.00s Sys=0.00s Real=0.01s
[2024-08-28T01:14:02.698+0000][info][gc,marking     ] GC(486) Concurrent Cleanup for Next Mark
[2024-08-28T01:14:02.698+0000][info][gc,marking     ] GC(486) Concurrent Cleanup for Next Mark 0.704ms
[2024-08-28T01:14:02.699+0000][info][gc             ] GC(486) Concurrent Mark Cycle 131.886ms
[2024-08-28T01:14:02.713+0000][info][gc,start       ] GC(489) Pause Young (Prepare Mixed) (G1 Evacuation Pause)
[2024-08-28T01:14:02.713+0000][info][gc,task        ] GC(489) Using 24 workers of 68 for evacuation
[2024-08-28T01:14:02.731+0000][info][gc,phases      ] GC(489)   Pre Evacuate Collection Set: 0.2ms
[2024-08-28T01:14:02.731+0000][info][gc,phases      ] GC(489)   Merge Heap Roots: 0.6ms
[2024-08-28T01:14:02.731+0000][info][gc,phases      ] GC(489)   Evacuate Collection Set: 17.1ms
[2024-08-28T01:14:02.731+0000][info][gc,phases      ] GC(489)   Post Evacuate Collection Set: 0.3ms
[2024-08-28T01:14:02.731+0000][info][gc,phases      ] GC(489)   Other: 0.2ms
[2024-08-28T01:14:02.731+0000][info][gc,heap        ] GC(489) Eden regions: 43->0(44)
[2024-08-28T01:14:02.731+0000][info][gc,heap        ] GC(489) Survivor regions: 8->7(7)
[2024-08-28T01:14:02.731+0000][info][gc,heap        ] GC(489) Old regions: 808->856
[2024-08-28T01:14:02.731+0000][info][gc,heap        ] GC(489) Archive regions: 2->2
[2024-08-28T01:14:02.731+0000][info][gc,heap        ] GC(489) Humongous regions: 5->5
[2024-08-28T01:14:02.731+0000][info][gc,metaspace   ] GC(489) Metaspace: 100K(320K)->100K(320K) NonClass: 96K(192K)->96K(192K) Class: 4K(128K)->4K(128K)
[2024-08-28T01:14:02.731+0000][info][gc             ] GC(489) Pause Young (Prepare Mixed) (G1 Evacuation Pause) 854M->858M(1024M) 18.420ms
[2024-08-28T01:14:02.731+0000][info][gc,cpu         ] GC(489) User=0.42s Sys=0.00s Real=0.02s
[2024-08-28T01:14:02.752+0000][info][gc,start       ] GC(490) Pause Young (Mixed) (G1 Evacuation Pause)
[2024-08-28T01:14:02.752+0000][info][gc,task        ] GC(490) Using 24 workers of 68 for evacuation
[2024-08-28T01:14:02.764+0000][info][gc,phases      ] GC(490)   Pre Evacuate Collection Set: 0.2ms
[2024-08-28T01:14:02.764+0000][info][gc,phases      ] GC(490)   Merge Heap Roots: 0.4ms
[2024-08-28T01:14:02.764+0000][info][gc,phases      ] GC(490)   Evacuate Collection Set: 10.6ms
[2024-08-28T01:14:02.764+0000][info][gc,phases      ] GC(490)   Post Evacuate Collection Set: 0.4ms
[2024-08-28T01:14:02.764+0000][info][gc,phases      ] GC(490)   Other: 0.2ms
[2024-08-28T01:14:02.764+0000][info][gc,heap        ] GC(490) Eden regions: 44->0(44)
[2024-08-28T01:14:02.764+0000][info][gc,heap        ] GC(490) Survivor regions: 7->7(7)
[2024-08-28T01:14:02.764+0000][info][gc,heap        ] GC(490) Old regions: 856->841
[2024-08-28T01:14:02.764+0000][info][gc,heap        ] GC(490) Archive regions: 2->2
[2024-08-28T01:14:02.764+0000][info][gc,heap        ] GC(490) Humongous regions: 5->5
[2024-08-28T01:14:02.764+0000][info][gc,metaspace   ] GC(490) Metaspace: 100K(320K)->100K(320K) NonClass: 96K(192K)->96K(192K) Class: 4K(128K)->4K(128K)
[2024-08-28T01:14:02.764+0000][info][gc             ] GC(490) Pause Young (Mixed) (G1 Evacuation Pause) 902M->842M(1024M) 11.806ms
[2024-08-28T01:14:02.764+0000][info][gc,cpu         ] GC(490) User=0.27s Sys=0.00s Real=0.01s
[2024-08-28T01:14:02.785+0000][info][gc,start       ] GC(491) Pause Young (Mixed) (G1 Evacuation Pause)
[2024-08-28T01:14:02.785+0000][info][gc,task        ] GC(491) Using 24 workers of 68 for evacuation
[2024-08-28T01:14:02.796+0000][info][gc,phases      ] GC(491)   Pre Evacuate Collection Set: 0.2ms
[2024-08-28T01:14:02.796+0000][info][gc,phases      ] GC(491)   Merge Heap Roots: 0.4ms
[2024-08-28T01:14:02.796+0000][info][gc,phases      ] GC(491)   Evacuate Collection Set: 10.4ms
[2024-08-28T01:14:02.796+0000][info][gc,phases      ] GC(491)   Post Evacuate Collection Set: 0.4ms
[2024-08-28T01:14:02.796+0000][info][gc,phases      ] GC(491)   Other: 0.3ms
[2024-08-28T01:14:02.796+0000][info][gc,heap        ] GC(491) Eden regions: 44->0(44)
[2024-08-28T01:14:02.796+0000][info][gc,heap        ] GC(491) Survivor regions: 7->7(7)
[2024-08-28T01:14:02.796+0000][info][gc,heap        ] GC(491) Old regions: 841->826
[2024-08-28T01:14:02.796+0000][info][gc,heap        ] GC(491) Archive regions: 2->2
[2024-08-28T01:14:02.796+0000][info][gc,heap        ] GC(491) Humongous regions: 5->5
[2024-08-28T01:14:02.796+0000][info][gc,metaspace   ] GC(491) Metaspace: 100K(320K)->100K(320K) NonClass: 96K(192K)->96K(192K) Class: 4K(128K)->4K(128K)
[2024-08-28T01:14:02.796+0000][info][gc             ] GC(491) Pause Young (Mixed) (G1 Evacuation Pause) 886M->827M(1024M) 11.682ms
[2024-08-28T01:14:02.796+0000][info][gc,cpu         ] GC(491) User=0.26s Sys=0.00s Real=0.01s
[2024-08-28T01:14:02.817+0000][info][gc,start       ] GC(492) Pause Young (Mixed) (G1 Evacuation Pause)
[2024-08-28T01:14:02.817+0000][info][gc,task        ] GC(492) Using 24 workers of 68 for evacuation
[2024-08-28T01:14:02.828+0000][info][gc,phases      ] GC(492)   Pre Evacuate Collection Set: 0.2ms
[2024-08-28T01:14:02.828+0000][info][gc,phases      ] GC(492)   Merge Heap Roots: 0.4ms
[2024-08-28T01:14:02.828+0000][info][gc,phases      ] GC(492)   Evacuate Collection Set: 10.4ms
[2024-08-28T01:14:02.828+0000][info][gc,phases      ] GC(492)   Post Evacuate Collection Set: 0.3ms
[2024-08-28T01:14:02.828+0000][info][gc,phases      ] GC(492)   Other: 0.2ms
[2024-08-28T01:14:02.828+0000][info][gc,heap        ] GC(492) Eden regions: 44->0(44)
[2024-08-28T01:14:02.828+0000][info][gc,heap        ] GC(492) Survivor regions: 7->7(7)
[2024-08-28T01:14:02.828+0000][info][gc,heap        ] GC(492) Old regions: 826->812
[2024-08-28T01:14:02.828+0000][info][gc,heap        ] GC(492) Archive regions: 2->2
[2024-08-28T01:14:02.828+0000][info][gc,heap        ] GC(492) Humongous regions: 5->5
[2024-08-28T01:14:02.828+0000][info][gc,metaspace   ] GC(492) Metaspace: 100K(320K)->100K(320K) NonClass: 96K(192K)->96K(192K) Class: 4K(128K)->4K(128K)
[2024-08-28T01:14:02.828+0000][info][gc             ] GC(492) Pause Young (Mixed) (G1 Evacuation Pause) 871M->816M(1024M) 11.620ms
[2024-08-28T01:14:02.828+0000][info][gc,cpu         ] GC(492) User=0.26s Sys=0.00s Real=0.01s
[2024-08-28T01:14:02.849+0000][info][gc,start       ] GC(493) Pause Young (Mixed) (G1 Evacuation Pause)
[2024-08-28T01:14:02.849+0000][info][gc,task        ] GC(493) Using 24 workers of 68 for evacuation
[2024-08-28T01:14:02.860+0000][info][gc,phases      ] GC(493)   Pre Evacuate Collection Set: 0.2ms
[2024-08-28T01:14:02.860+0000][info][gc,phases      ] GC(493)   Merge Heap Roots: 0.3ms
[2024-08-28T01:14:02.860+0000][info][gc,phases      ] GC(493)   Evacuate Collection Set: 9.9ms
[2024-08-28T01:14:02.860+0000][info][gc,phases      ] GC(493)   Post Evacuate Collection Set: 0.3ms
[2024-08-28T01:14:02.860+0000][info][gc,phases      ] GC(493)   Other: 0.2ms
[2024-08-28T01:14:02.860+0000][info][gc,heap        ] GC(493) Eden regions: 44->0(44)
[2024-08-28T01:14:02.860+0000][info][gc,heap        ] GC(493) Survivor regions: 7->7(7)
[2024-08-28T01:14:02.860+0000][info][gc,heap        ] GC(493) Old regions: 812->849
[2024-08-28T01:14:02.860+0000][info][gc,heap        ] GC(493) Archive regions: 2->2
[2024-08-28T01:14:02.860+0000][info][gc,heap        ] GC(493) Humongous regions: 5->5
[2024-08-28T01:14:02.860+0000][info][gc,metaspace   ] GC(493) Metaspace: 100K(320K)->100K(320K) NonClass: 96K(192K)->96K(192K) Class: 4K(128K)->4K(128K)
[2024-08-28T01:14:02.860+0000][info][gc             ] GC(493) Pause Young (Mixed) (G1 Evacuation Pause) 860M->853M(1024M) 11.026ms
[2024-08-28T01:14:02.860+0000][info][gc,cpu         ] GC(493) User=0.24s Sys=0.00s Real=0.02s
[2024-08-28T01:14:02.880+0000][info][gc,start       ] GC(494) Pause Young (Concurrent Start) (G1 Evacuation Pause)
[2024-08-28T01:14:02.881+0000][info][gc,task        ] GC(494) Using 24 workers of 68 for evacuation
[2024-08-28T01:14:02.892+0000][info][gc,phases      ] GC(494)   Pre Evacuate Collection Set: 0.2ms
[2024-08-28T01:14:02.892+0000][info][gc,phases      ] GC(494)   Merge Heap Roots: 0.4ms
[2024-08-28T01:14:02.892+0000][info][gc,phases      ] GC(494)   Evacuate Collection Set: 9.5ms
[2024-08-28T01:14:02.892+0000][info][gc,phases      ] GC(494)   Post Evacuate Collection Set: 0.3ms
[2024-08-28T01:14:02.892+0000][info][gc,phases      ] GC(494)   Other: 0.7ms
[2024-08-28T01:14:02.892+0000][info][gc,heap        ] GC(494) Eden regions: 44->0(44)
[2024-08-28T01:14:02.892+0000][info][gc,heap        ] GC(494) Survivor regions: 7->7(7)
[2024-08-28T01:14:02.892+0000][info][gc,heap        ] GC(494) Old regions: 849->895
[2024-08-28T01:14:02.892+0000][info][gc,heap        ] GC(494) Archive regions: 2->2
[2024-08-28T01:14:02.892+0000][info][gc,heap        ] GC(494) Humongous regions: 5->5
[2024-08-28T01:14:02.892+0000][info][gc,metaspace   ] GC(494) Metaspace: 100K(320K)->100K(320K) NonClass: 96K(192K)->96K(192K) Class: 4K(128K)->4K(128K)
[2024-08-28T01:14:02.892+0000][info][gc             ] GC(494) Pause Young (Concurrent Start) (G1 Evacuation Pause) 897M->899M(1024M) 11.291ms
[2024-08-28T01:14:02.892+0000][info][gc,cpu         ] GC(494) User=0.23s Sys=0.00s Real=0.01s
[2024-08-28T01:14:02.892+0000][info][gc             ] GC(495) Concurrent Mark Cycle
[2024-08-28T01:14:02.892+0000][info][gc,marking     ] GC(495) Concurrent Clear Claimed Marks
[2024-08-28T01:14:02.892+0000][info][gc,marking     ] GC(495) Concurrent Clear Claimed Marks 0.013ms
[2024-08-28T01:14:02.892+0000][info][gc,marking     ] GC(495) Concurrent Scan Root Regions
[2024-08-28T01:14:02.894+0000][info][gc,marking     ] GC(495) Concurrent Scan Root Regions 1.638ms
[2024-08-28T01:14:02.894+0000][info][gc,marking     ] GC(495) Concurrent Mark
[2024-08-28T01:14:02.894+0000][info][gc,marking     ] GC(495) Concurrent Mark From Roots
[2024-08-28T01:14:02.894+0000][info][gc,task        ] GC(495) Using 17 workers of 17 for marking
[2024-08-28T01:14:02.918+0000][info][gc,marking     ] GC(495) Concurrent Mark From Roots 24.270ms
[2024-08-28T01:14:02.918+0000][info][gc,marking     ] GC(495) Concurrent Preclean
[2024-08-28T01:14:02.918+0000][info][gc,marking     ] GC(495) Concurrent Preclean 0.508ms
[2024-08-28T01:14:02.919+0000][info][gc,start       ] GC(495) Pause Remark
[2024-08-28T01:14:02.920+0000][info][gc             ] GC(495) Pause Remark 937M->937M(1024M) 1.268ms
[2024-08-28T01:14:02.920+0000][info][gc,cpu         ] GC(495) User=0.01s Sys=0.00s Real=0.00s
[2024-08-28T01:14:02.920+0000][info][gc,marking     ] GC(495) Concurrent Mark 26.380ms
[2024-08-28T01:14:02.920+0000][info][gc,marking     ] GC(495) Concurrent Rebuild Remembered Sets
[2024-08-28T01:14:02.925+0000][info][gc,start       ] GC(496) Pause Young (Normal) (G1 Evacuation Pause)
[2024-08-28T01:14:02.925+0000][info][gc,task        ] GC(496) Using 24 workers of 68 for evacuation
[2024-08-28T01:14:02.935+0000][info][gc,phases      ] GC(496)   Pre Evacuate Collection Set: 0.1ms
[2024-08-28T01:14:02.935+0000][info][gc,phases      ] GC(496)   Merge Heap Roots: 0.4ms
[2024-08-28T01:14:02.935+0000][info][gc,phases      ] GC(496)   Evacuate Collection Set: 9.3ms
[2024-08-28T01:14:02.935+0000][info][gc,phases      ] GC(496)   Post Evacuate Collection Set: 0.4ms
[2024-08-28T01:14:02.935+0000][info][gc,phases      ] GC(496)   Other: 0.2ms
[2024-08-28T01:14:02.935+0000][info][gc,heap        ] GC(496) Eden regions: 44->0(44)
[2024-08-28T01:14:02.936+0000][info][gc,heap        ] GC(496) Survivor regions: 7->7(7)
[2024-08-28T01:14:02.936+0000][info][gc,heap        ] GC(496) Old regions: 895->941
[2024-08-28T01:14:02.936+0000][info][gc,heap        ] GC(496) Archive regions: 2->2
[2024-08-28T01:14:02.936+0000][info][gc,heap        ] GC(496) Humongous regions: 5->5
[2024-08-28T01:14:02.936+0000][info][gc,metaspace   ] GC(496) Metaspace: 100K(320K)->100K(320K) NonClass: 96K(192K)->96K(192K) Class: 4K(128K)->4K(128K)
[2024-08-28T01:14:02.936+0000][info][gc             ] GC(496) Pause Young (Normal) (G1 Evacuation Pause) 943M->945M(1024M) 10.491ms
[2024-08-28T01:14:02.936+0000][info][gc,cpu         ] GC(496) User=0.23s Sys=0.00s Real=0.01s
[2024-08-28T01:14:02.951+0000][info][gc,start       ] GC(497) Pause Young (Normal) (G1 Preventive Collection)
[2024-08-28T01:14:02.951+0000][info][gc,task        ] GC(497) Using 24 workers of 68 for evacuation
[2024-08-28T01:14:02.964+0000][info][gc,phases      ] GC(497)   Pre Evacuate Collection Set: 0.1ms
[2024-08-28T01:14:02.964+0000][info][gc,phases      ] GC(497)   Merge Heap Roots: 0.4ms
[2024-08-28T01:14:02.964+0000][info][gc,phases      ] GC(497)   Evacuate Collection Set: 11.1ms
[2024-08-28T01:14:02.964+0000][info][gc,phases      ] GC(497)   Post Evacuate Collection Set: 0.5ms
[2024-08-28T01:14:02.964+0000][info][gc,phases      ] GC(497)   Other: 0.2ms
[2024-08-28T01:14:02.964+0000][info][gc,heap        ] GC(497) Eden regions: 29->0(44)
[2024-08-28T01:14:02.964+0000][info][gc,heap        ] GC(497) Survivor regions: 7->7(7)
[2024-08-28T01:14:02.964+0000][info][gc,heap        ] GC(497) Old regions: 941->973
[2024-08-28T01:14:02.964+0000][info][gc,heap        ] GC(497) Archive regions: 2->2
[2024-08-28T01:14:02.964+0000][info][gc,heap        ] GC(497) Humongous regions: 5->5
[2024-08-28T01:14:02.964+0000][info][gc,metaspace   ] GC(497) Metaspace: 100K(320K)->100K(320K) NonClass: 96K(192K)->96K(192K) Class: 4K(128K)->4K(128K)
[2024-08-28T01:14:02.964+0000][info][gc             ] GC(497) Pause Young (Normal) (G1 Preventive Collection) 974M->977M(1024M) 12.413ms
[2024-08-28T01:14:02.964+0000][info][gc,cpu         ] GC(497) User=0.28s Sys=0.00s Real=0.01s
[2024-08-28T01:14:02.972+0000][info][gc,start       ] GC(498) Pause Young (Normal) (G1 Preventive Collection)
[2024-08-28T01:14:02.972+0000][info][gc,task        ] GC(498) Using 24 workers of 68 for evacuation
[2024-08-28T01:14:02.982+0000][info][gc             ] GC(498) To-space exhausted
[2024-08-28T01:14:02.982+0000][info][gc,phases      ] GC(498)   Pre Evacuate Collection Set: 0.1ms
[2024-08-28T01:14:02.982+0000][info][gc,phases      ] GC(498)   Merge Heap Roots: 0.5ms
[2024-08-28T01:14:02.982+0000][info][gc,phases      ] GC(498)   Evacuate Collection Set: 8.8ms
[2024-08-28T01:14:02.982+0000][info][gc,phases      ] GC(498)   Post Evacuate Collection Set: 0.7ms
[2024-08-28T01:14:02.982+0000][info][gc,phases      ] GC(498)   Other: 0.2ms
[2024-08-28T01:14:02.982+0000][info][gc,heap        ] GC(498) Eden regions: 14->0(44)
[2024-08-28T01:14:02.982+0000][info][gc,heap        ] GC(498) Survivor regions: 7->7(7)
[2024-08-28T01:14:02.982+0000][info][gc,heap        ] GC(498) Old regions: 973->1006
[2024-08-28T01:14:02.982+0000][info][gc,heap        ] GC(498) Archive regions: 2->2
[2024-08-28T01:14:02.982+0000][info][gc,heap        ] GC(498) Humongous regions: 5->5
[2024-08-28T01:14:02.982+0000][info][gc,metaspace   ] GC(498) Metaspace: 100K(320K)->100K(320K) NonClass: 96K(192K)->96K(192K) Class: 4K(128K)->4K(128K)
[2024-08-28T01:14:02.982+0000][info][gc             ] GC(498) Pause Young (Normal) (G1 Preventive Collection) 991M->1010M(1024M) 10.345ms
[2024-08-28T01:14:02.982+0000][info][gc,cpu         ] GC(498) User=0.23s Sys=0.00s Real=0.01s
[2024-08-28T01:14:02.983+0000][info][gc,start       ] GC(499) Pause Young (Normal) (G1 Preventive Collection)
[2024-08-28T01:14:02.983+0000][info][gc,task        ] GC(499) Using 24 workers of 68 for evacuation
[2024-08-28T01:14:02.990+0000][info][gc             ] GC(499) To-space exhausted
[2024-08-28T01:14:02.990+0000][info][gc,phases      ] GC(499)   Pre Evacuate Collection Set: 0.1ms
[2024-08-28T01:14:02.990+0000][info][gc,phases      ] GC(499)   Merge Heap Roots: 0.4ms
[2024-08-28T01:14:02.990+0000][info][gc,phases      ] GC(499)   Evacuate Collection Set: 5.6ms
[2024-08-28T01:14:02.990+0000][info][gc,phases      ] GC(499)   Post Evacuate Collection Set: 0.7ms
[2024-08-28T01:14:02.990+0000][info][gc,phases      ] GC(499)   Other: 0.1ms
[2024-08-28T01:14:02.990+0000][info][gc,heap        ] GC(499) Eden regions: 1->0(50)
[2024-08-28T01:14:02.990+0000][info][gc,heap        ] GC(499) Survivor regions: 7->1(3)
[2024-08-28T01:14:02.990+0000][info][gc,heap        ] GC(499) Old regions: 1006->1016
[2024-08-28T01:14:02.990+0000][info][gc,heap        ] GC(499) Archive regions: 2->2
[2024-08-28T01:14:02.990+0000][info][gc,heap        ] GC(499) Humongous regions: 5->5
[2024-08-28T01:14:02.990+0000][info][gc,metaspace   ] GC(499) Metaspace: 100K(320K)->100K(320K) NonClass: 96K(192K)->96K(192K) Class: 4K(128K)->4K(128K)
[2024-08-28T01:14:02.990+0000][info][gc             ] GC(499) Pause Young (Normal) (G1 Preventive Collection) 1011M->1014M(1024M) 7.099ms
[2024-08-28T01:14:02.990+0000][info][gc,cpu         ] GC(499) User=0.15s Sys=0.00s Real=0.01s
[2024-08-28T01:14:02.990+0000][info][gc,ergo        ] Attempting full compaction
[2024-08-28T01:14:02.990+0000][info][gc,task        ] GC(500) Using 24 workers of 68 for full compaction
[2024-08-28T01:14:02.990+0000][info][gc,start       ] GC(500) Pause Full (G1 Compaction Pause)
[2024-08-28T01:14:02.991+0000][info][gc,phases,start] GC(500) Phase 1: Mark live objects
[2024-08-28T01:14:03.006+0000][info][gc,phases      ] GC(500) Phase 1: Mark live objects 15.136ms
[2024-08-28T01:14:03.006+0000][info][gc,phases,start] GC(500) Phase 2: Prepare for compaction
[2024-08-28T01:14:03.014+0000][info][gc,phases      ] GC(500) Phase 2: Prepare for compaction 8.026ms
[2024-08-28T01:14:03.014+0000][info][gc,phases,start] GC(500) Phase 3: Adjust pointers
[2024-08-28T01:14:03.029+0000][info][gc,phases      ] GC(500) Phase 3: Adjust pointers 15.101ms
[2024-08-28T01:14:03.030+0000][info][gc,phases,start] GC(500) Phase 4: Compact heap
[2024-08-28T01:14:03.058+0000][info][gc,phases      ] GC(500) Phase 4: Compact heap 28.735ms
[2024-08-28T01:14:03.060+0000][info][gc,heap        ] GC(500) Eden regions: 0->0(151)
[2024-08-28T01:14:03.060+0000][info][gc,heap        ] GC(500) Survivor regions: 1->0(3)
[2024-08-28T01:14:03.060+0000][info][gc,heap        ] GC(500) Old regions: 1016->440
[2024-08-28T01:14:03.060+0000][info][gc,heap        ] GC(500) Archive regions: 2->2
[2024-08-28T01:14:03.060+0000][info][gc,heap        ] GC(500) Humongous regions: 5->5
[2024-08-28T01:14:03.060+0000][info][gc,metaspace   ] GC(500) Metaspace: 100K(320K)->100K(320K) NonClass: 96K(192K)->96K(192K) Class: 4K(128K)->4K(128K)
[2024-08-28T01:14:03.060+0000][info][gc             ] GC(500) Pause Full (G1 Compaction Pause) 1014M->437M(1024M) 69.307ms
[2024-08-28T01:14:03.060+0000][info][gc,cpu         ] GC(500) User=1.47s Sys=0.02s Real=0.07s
[2024-08-28T01:14:03.060+0000][info][gc,marking     ] GC(495) Concurrent Rebuild Remembered Sets 140.033ms
[2024-08-28T01:14:03.060+0000][info][gc,marking     ] GC(495) Concurrent Mark Abort
[2024-08-28T01:14:03.060+0000][info][gc             ] GC(495) Concurrent Mark Cycle 168.241ms
[2024-08-28T01:14:03.140+0000][info][gc,start       ] GC(501) Pause Young (Normal) (G1 Evacuation Pause)
[2024-08-28T01:14:03.140+0000][info][gc,task        ] GC(501) Using 24 workers of 68 for evacuation
[2024-08-28T01:14:03.162+0000][info][gc,phases      ] GC(501)   Pre Evacuate Collection Set: 0.2ms
[2024-08-28T01:14:03.162+0000][info][gc,phases      ] GC(501)   Merge Heap Roots: 0.4ms
[2024-08-28T01:14:03.162+0000][info][gc,phases      ] GC(501)   Evacuate Collection Set: 21.1ms
[2024-08-28T01:14:03.162+0000][info][gc,phases      ] GC(501)   Post Evacuate Collection Set: 0.3ms
[2024-08-28T01:14:03.162+0000][info][gc,phases      ] GC(501)   Other: 0.2ms
[2024-08-28T01:14:03.162+0000][info][gc,heap        ] GC(501) Eden regions: 151->0(104)
[2024-08-28T01:14:03.162+0000][info][gc,heap        ] GC(501) Survivor regions: 0->19(19)
[2024-08-28T01:14:03.162+0000][info][gc,heap        ] GC(501) Old regions: 440->568
[2024-08-28T01:14:03.162+0000][info][gc,heap        ] GC(501) Archive regions: 2->2
[2024-08-28T01:14:03.162+0000][info][gc,heap        ] GC(501) Humongous regions: 5->5
[2024-08-28T01:14:03.162+0000][info][gc,metaspace   ] GC(501) Metaspace: 100K(320K)->100K(320K) NonClass: 96K(192K)->96K(192K) Class: 4K(128K)->4K(128K)
[2024-08-28T01:14:03.162+0000][info][gc             ] GC(501) Pause Young (Normal) (G1 Evacuation Pause) 588M->583M(1024M) 22.293ms
[2024-08-28T01:14:03.162+0000][info][gc,cpu         ] GC(501) User=0.48s Sys=0.02s Real=0.02s
[2024-08-28T01:14:03.212+0000][info][gc,start       ] GC(502) Pause Young (Concurrent Start) (G1 Evacuation Pause)
[2024-08-28T01:14:03.212+0000][info][gc,task        ] GC(502) Using 24 workers of 68 for evacuation
[2024-08-28T01:14:03.231+0000][info][gc,phases      ] GC(502)   Pre Evacuate Collection Set: 0.2ms
[2024-08-28T01:14:03.231+0000][info][gc,phases      ] GC(502)   Merge Heap Roots: 0.3ms
[2024-08-28T01:14:03.231+0000][info][gc,phases      ] GC(502)   Evacuate Collection Set: 18.0ms
[2024-08-28T01:14:03.231+0000][info][gc,phases      ] GC(502)   Post Evacuate Collection Set: 0.3ms
[2024-08-28T01:14:03.231+0000][info][gc,phases      ] GC(502)   Other: 0.6ms
[2024-08-28T01:14:03.231+0000][info][gc,heap        ] GC(502) Eden regions: 104->0(70)
[2024-08-28T01:14:03.231+0000][info][gc,heap        ] GC(502) Survivor regions: 19->16(16)
[2024-08-28T01:14:03.231+0000][info][gc,heap        ] GC(502) Old regions: 568->675
[2024-08-28T01:14:03.231+0000][info][gc,heap        ] GC(502) Archive regions: 2->2
[2024-08-28T01:14:03.231+0000][info][gc,heap        ] GC(502) Humongous regions: 5->5
[2024-08-28T01:14:03.231+0000][info][gc,metaspace   ] GC(502) Metaspace: 100K(320K)->100K(320K) NonClass: 96K(192K)->96K(192K) Class: 4K(128K)->4K(128K)
[2024-08-28T01:14:03.231+0000][info][gc             ] GC(502) Pause Young (Concurrent Start) (G1 Evacuation Pause) 687M->687M(1024M) 19.544ms
[2024-08-28T01:14:03.231+0000][info][gc,cpu         ] GC(502) User=0.44s Sys=0.00s Real=0.02s
[2024-08-28T01:14:03.232+0000][info][gc             ] GC(503) Concurrent Mark Cycle
[2024-08-28T01:14:03.232+0000][info][gc,marking     ] GC(503) Concurrent Clear Claimed Marks
[2024-08-28T01:14:03.232+0000][info][gc,marking     ] GC(503) Concurrent Clear Claimed Marks 0.011ms
[2024-08-28T01:14:03.232+0000][info][gc,marking     ] GC(503) Concurrent Scan Root Regions
[2024-08-28T01:14:03.235+0000][info][gc,marking     ] GC(503) Concurrent Scan Root Regions 3.613ms
[2024-08-28T01:14:03.235+0000][info][gc,marking     ] GC(503) Concurrent Mark
[2024-08-28T01:14:03.235+0000][info][gc,marking     ] GC(503) Concurrent Mark From Roots
[2024-08-28T01:14:03.235+0000][info][gc,task        ] GC(503) Using 17 workers of 17 for marking
[2024-08-28T01:14:03.257+0000][info][gc,marking     ] GC(503) Concurrent Mark From Roots 21.275ms
[2024-08-28T01:14:03.257+0000][info][gc,marking     ] GC(503) Concurrent Preclean
[2024-08-28T01:14:03.257+0000][info][gc,marking     ] GC(503) Concurrent Preclean 0.507ms
[2024-08-28T01:14:03.257+0000][info][gc,start       ] GC(503) Pause Remark
[2024-08-28T01:14:03.258+0000][info][gc             ] GC(503) Pause Remark 723M->723M(1024M) 1.118ms
[2024-08-28T01:14:03.258+0000][info][gc,cpu         ] GC(503) User=0.00s Sys=0.01s Real=0.01s
[2024-08-28T01:14:03.258+0000][info][gc,marking     ] GC(503) Concurrent Mark 23.239ms
[2024-08-28T01:14:03.258+0000][info][gc,marking     ] GC(503) Concurrent Rebuild Remembered Sets
[2024-08-28T01:14:03.277+0000][info][gc,start       ] GC(504) Pause Young (Normal) (G1 Evacuation Pause)
[2024-08-28T01:14:03.277+0000][info][gc,task        ] GC(504) Using 24 workers of 68 for evacuation
[2024-08-28T01:14:03.293+0000][info][gc,phases      ] GC(504)   Pre Evacuate Collection Set: 0.2ms
[2024-08-28T01:14:03.293+0000][info][gc,phases      ] GC(504)   Merge Heap Roots: 0.4ms
[2024-08-28T01:14:03.293+0000][info][gc,phases      ] GC(504)   Evacuate Collection Set: 14.7ms
[2024-08-28T01:14:03.293+0000][info][gc,phases      ] GC(504)   Post Evacuate Collection Set: 0.5ms
[2024-08-28T01:14:03.293+0000][info][gc,phases      ] GC(504)   Other: 0.2ms
[2024-08-28T01:14:03.293+0000][info][gc,heap        ] GC(504) Eden regions: 70->0(47)
[2024-08-28T01:14:03.293+0000][info][gc,heap        ] GC(504) Survivor regions: 16->11(11)
[2024-08-28T01:14:03.293+0000][info][gc,heap        ] GC(504) Old regions: 675->753
[2024-08-28T01:14:03.293+0000][info][gc,heap        ] GC(504) Archive regions: 2->2
[2024-08-28T01:14:03.293+0000][info][gc,heap        ] GC(504) Humongous regions: 5->5
[2024-08-28T01:14:03.293+0000][info][gc,metaspace   ] GC(504) Metaspace: 100K(320K)->100K(320K) NonClass: 96K(192K)->96K(192K) Class: 4K(128K)->4K(128K)
[2024-08-28T01:14:03.293+0000][info][gc             ] GC(504) Pause Young (Normal) (G1 Evacuation Pause) 757M->760M(1024M) 16.100ms
[2024-08-28T01:14:03.293+0000][info][gc,cpu         ] GC(504) User=0.36s Sys=0.01s Real=0.02s
[2024-08-28T01:14:03.318+0000][info][gc,start       ] GC(505) Pause Young (Normal) (G1 Evacuation Pause)
[2024-08-28T01:14:03.318+0000][info][gc,task        ] GC(505) Using 24 workers of 68 for evacuation
[2024-08-28T01:14:03.337+0000][info][gc,phases      ] GC(505)   Pre Evacuate Collection Set: 0.1ms
[2024-08-28T01:14:03.337+0000][info][gc,phases      ] GC(505)   Merge Heap Roots: 0.4ms
[2024-08-28T01:14:03.337+0000][info][gc,phases      ] GC(505)   Evacuate Collection Set: 18.4ms
[2024-08-28T01:14:03.337+0000][info][gc,phases      ] GC(505)   Post Evacuate Collection Set: 0.6ms
[2024-08-28T01:14:03.337+0000][info][gc,phases      ] GC(505)   Other: 0.2ms
[2024-08-28T01:14:03.337+0000][info][gc,heap        ] GC(505) Eden regions: 47->0(43)
[2024-08-28T01:14:03.337+0000][info][gc,heap        ] GC(505) Survivor regions: 11->8(8)
[2024-08-28T01:14:03.337+0000][info][gc,heap        ] GC(505) Old regions: 753->807
[2024-08-28T01:14:03.337+0000][info][gc,heap        ] GC(505) Archive regions: 2->2
[2024-08-28T01:14:03.337+0000][info][gc,heap        ] GC(505) Humongous regions: 5->5
[2024-08-28T01:14:03.338+0000][info][gc,metaspace   ] GC(505) Metaspace: 100K(320K)->100K(320K) NonClass: 96K(192K)->96K(192K) Class: 4K(128K)->4K(128K)
[2024-08-28T01:14:03.338+0000][info][gc             ] GC(505) Pause Young (Normal) (G1 Evacuation Pause) 807M->811M(1024M) 19.783ms
[2024-08-28T01:14:03.338+0000][info][gc,cpu         ] GC(505) User=0.45s Sys=0.01s Real=0.02s
[2024-08-28T01:14:03.344+0000][info][gc,marking     ] GC(503) Concurrent Rebuild Remembered Sets 85.201ms
[2024-08-28T01:14:03.344+0000][info][gc,start       ] GC(503) Pause Cleanup
[2024-08-28T01:14:03.345+0000][info][gc             ] GC(503) Pause Cleanup 822M->822M(1024M) 1.174ms
[2024-08-28T01:14:03.345+0000][info][gc,cpu         ] GC(503) User=0.00s Sys=0.00s Real=0.00s
[2024-08-28T01:14:03.345+0000][info][gc,marking     ] GC(503) Concurrent Cleanup for Next Mark
[2024-08-28T01:14:03.346+0000][info][gc,marking     ] GC(503) Concurrent Cleanup for Next Mark 0.640ms
[2024-08-28T01:14:03.346+0000][info][gc             ] GC(503) Concurrent Mark Cycle 114.300ms
[2024-08-28T01:14:03.363+0000][info][gc,start       ] GC(506) Pause Young (Prepare Mixed) (G1 Evacuation Pause)
[2024-08-28T01:14:03.363+0000][info][gc,task        ] GC(506) Using 24 workers of 68 for evacuation
[2024-08-28T01:14:03.381+0000][info][gc,phases      ] GC(506)   Pre Evacuate Collection Set: 0.2ms
[2024-08-28T01:14:03.381+0000][info][gc,phases      ] GC(506)   Merge Heap Roots: 0.6ms
[2024-08-28T01:14:03.381+0000][info][gc,phases      ] GC(506)   Evacuate Collection Set: 17.0ms
[2024-08-28T01:14:03.381+0000][info][gc,phases      ] GC(506)   Post Evacuate Collection Set: 0.3ms
[2024-08-28T01:14:03.381+0000][info][gc,phases      ] GC(506)   Other: 0.2ms
[2024-08-28T01:14:03.381+0000][info][gc,heap        ] GC(506) Eden regions: 43->0(44)
[2024-08-28T01:14:03.381+0000][info][gc,heap        ] GC(506) Survivor regions: 8->7(7)
[2024-08-28T01:14:03.381+0000][info][gc,heap        ] GC(506) Old regions: 807->856
[2024-08-28T01:14:03.381+0000][info][gc,heap        ] GC(506) Archive regions: 2->2
[2024-08-28T01:14:03.381+0000][info][gc,heap        ] GC(506) Humongous regions: 5->5
[2024-08-28T01:14:03.381+0000][info][gc,metaspace   ] GC(506) Metaspace: 100K(320K)->100K(320K) NonClass: 96K(192K)->96K(192K) Class: 4K(128K)->4K(128K)
[2024-08-28T01:14:03.381+0000][info][gc             ] GC(506) Pause Young (Prepare Mixed) (G1 Evacuation Pause) 854M->859M(1024M) 18.385ms
[2024-08-28T01:14:03.381+0000][info][gc,cpu         ] GC(506) User=0.42s Sys=0.00s Real=0.02s
[2024-08-28T01:14:03.403+0000][info][gc,start       ] GC(507) Pause Young (Mixed) (G1 Evacuation Pause)
[2024-08-28T01:14:03.403+0000][info][gc,task        ] GC(507) Using 24 workers of 68 for evacuation
[2024-08-28T01:14:03.414+0000][info][gc,phases      ] GC(507)   Pre Evacuate Collection Set: 0.2ms
[2024-08-28T01:14:03.414+0000][info][gc,phases      ] GC(507)   Merge Heap Roots: 0.4ms
[2024-08-28T01:14:03.414+0000][info][gc,phases      ] GC(507)   Evacuate Collection Set: 9.9ms
[2024-08-28T01:14:03.414+0000][info][gc,phases      ] GC(507)   Post Evacuate Collection Set: 0.4ms
[2024-08-28T01:14:03.414+0000][info][gc,phases      ] GC(507)   Other: 0.3ms
[2024-08-28T01:14:03.414+0000][info][gc,heap        ] GC(507) Eden regions: 44->0(44)
[2024-08-28T01:14:03.414+0000][info][gc,heap        ] GC(507) Survivor regions: 7->7(7)
[2024-08-28T01:14:03.414+0000][info][gc,heap        ] GC(507) Old regions: 856->841
[2024-08-28T01:14:03.414+0000][info][gc,heap        ] GC(507) Archive regions: 2->2
[2024-08-28T01:14:03.414+0000][info][gc,heap        ] GC(507) Humongous regions: 5->5
[2024-08-28T01:14:03.414+0000][info][gc,metaspace   ] GC(507) Metaspace: 100K(320K)->100K(320K) NonClass: 96K(192K)->96K(192K) Class: 4K(128K)->4K(128K)
[2024-08-28T01:14:03.414+0000][info][gc             ] GC(507) Pause Young (Mixed) (G1 Evacuation Pause) 903M->845M(1024M) 11.195ms
[2024-08-28T01:14:03.414+0000][info][gc,cpu         ] GC(507) User=0.24s Sys=0.01s Real=0.01s
[2024-08-28T01:14:03.435+0000][info][gc,start       ] GC(508) Pause Young (Mixed) (G1 Evacuation Pause)
[2024-08-28T01:14:03.435+0000][info][gc,task        ] GC(508) Using 24 workers of 68 for evacuation
[2024-08-28T01:14:03.446+0000][info][gc,phases      ] GC(508)   Pre Evacuate Collection Set: 0.2ms
[2024-08-28T01:14:03.446+0000][info][gc,phases      ] GC(508)   Merge Heap Roots: 0.4ms
[2024-08-28T01:14:03.446+0000][info][gc,phases      ] GC(508)   Evacuate Collection Set: 10.0ms
[2024-08-28T01:14:03.446+0000][info][gc,phases      ] GC(508)   Post Evacuate Collection Set: 0.3ms
[2024-08-28T01:14:03.446+0000][info][gc,phases      ] GC(508)   Other: 0.2ms
[2024-08-28T01:14:03.446+0000][info][gc,heap        ] GC(508) Eden regions: 44->0(44)
[2024-08-28T01:14:03.446+0000][info][gc,heap        ] GC(508) Survivor regions: 7->7(7)
[2024-08-28T01:14:03.446+0000][info][gc,heap        ] GC(508) Old regions: 841->826
[2024-08-28T01:14:03.446+0000][info][gc,heap        ] GC(508) Archive regions: 2->2
[2024-08-28T01:14:03.446+0000][info][gc,heap        ] GC(508) Humongous regions: 5->5
[2024-08-28T01:14:03.446+0000][info][gc,metaspace   ] GC(508) Metaspace: 100K(320K)->100K(320K) NonClass: 96K(192K)->96K(192K) Class: 4K(128K)->4K(128K)
[2024-08-28T01:14:03.446+0000][info][gc             ] GC(508) Pause Young (Mixed) (G1 Evacuation Pause) 889M->830M(1024M) 11.220ms
[2024-08-28T01:14:03.446+0000][info][gc,cpu         ] GC(508) User=0.25s Sys=0.00s Real=0.01s
[2024-08-28T01:14:03.468+0000][info][gc,start       ] GC(509) Pause Young (Mixed) (G1 Evacuation Pause)
[2024-08-28T01:14:03.468+0000][info][gc,task        ] GC(509) Using 24 workers of 68 for evacuation
[2024-08-28T01:14:03.479+0000][info][gc,phases      ] GC(509)   Pre Evacuate Collection Set: 0.2ms
[2024-08-28T01:14:03.479+0000][info][gc,phases      ] GC(509)   Merge Heap Roots: 0.4ms
[2024-08-28T01:14:03.479+0000][info][gc,phases      ] GC(509)   Evacuate Collection Set: 10.4ms
[2024-08-28T01:14:03.479+0000][info][gc,phases      ] GC(509)   Post Evacuate Collection Set: 0.4ms
[2024-08-28T01:14:03.479+0000][info][gc,phases      ] GC(509)   Other: 0.3ms
[2024-08-28T01:14:03.479+0000][info][gc,heap        ] GC(509) Eden regions: 44->0(44)
[2024-08-28T01:14:03.479+0000][info][gc,heap        ] GC(509) Survivor regions: 7->7(7)
[2024-08-28T01:14:03.479+0000][info][gc,heap        ] GC(509) Old regions: 826->810
[2024-08-28T01:14:03.479+0000][info][gc,heap        ] GC(509) Archive regions: 2->2
[2024-08-28T01:14:03.479+0000][info][gc,heap        ] GC(509) Humongous regions: 5->5
[2024-08-28T01:14:03.479+0000][info][gc,metaspace   ] GC(509) Metaspace: 100K(320K)->100K(320K) NonClass: 96K(192K)->96K(192K) Class: 4K(128K)->4K(128K)
[2024-08-28T01:14:03.479+0000][info][gc             ] GC(509) Pause Young (Mixed) (G1 Evacuation Pause) 874M->814M(1024M) 11.761ms
[2024-08-28T01:14:03.479+0000][info][gc,cpu         ] GC(509) User=0.26s Sys=0.00s Real=0.02s
[2024-08-28T01:14:03.500+0000][info][gc,start       ] GC(510) Pause Young (Mixed) (G1 Evacuation Pause)
[2024-08-28T01:14:03.500+0000][info][gc,task        ] GC(510) Using 24 workers of 68 for evacuation
[2024-08-28T01:14:03.511+0000][info][gc,phases      ] GC(510)   Pre Evacuate Collection Set: 0.2ms
[2024-08-28T01:14:03.511+0000][info][gc,phases      ] GC(510)   Merge Heap Roots: 0.4ms
[2024-08-28T01:14:03.511+0000][info][gc,phases      ] GC(510)   Evacuate Collection Set: 9.4ms
[2024-08-28T01:14:03.511+0000][info][gc,phases      ] GC(510)   Post Evacuate Collection Set: 0.4ms
[2024-08-28T01:14:03.511+0000][info][gc,phases      ] GC(510)   Other: 0.3ms
[2024-08-28T01:14:03.511+0000][info][gc,heap        ] GC(510) Eden regions: 44->0(44)
[2024-08-28T01:14:03.511+0000][info][gc,heap        ] GC(510) Survivor regions: 7->7(7)
[2024-08-28T01:14:03.511+0000][info][gc,heap        ] GC(510) Old regions: 810->848
[2024-08-28T01:14:03.511+0000][info][gc,heap        ] GC(510) Archive regions: 2->2
[2024-08-28T01:14:03.511+0000][info][gc,heap        ] GC(510) Humongous regions: 5->5
[2024-08-28T01:14:03.511+0000][info][gc,metaspace   ] GC(510) Metaspace: 100K(320K)->100K(320K) NonClass: 96K(192K)->96K(192K) Class: 4K(128K)->4K(128K)
[2024-08-28T01:14:03.511+0000][info][gc             ] GC(510) Pause Young (Mixed) (G1 Evacuation Pause) 858M->855M(1024M) 10.694ms
[2024-08-28T01:14:03.511+0000][info][gc,cpu         ] GC(510) User=0.24s Sys=0.00s Real=0.01s
[2024-08-28T01:14:03.532+0000][info][gc,start       ] GC(511) Pause Young (Concurrent Start) (G1 Evacuation Pause)
[2024-08-28T01:14:03.532+0000][info][gc,task        ] GC(511) Using 24 workers of 68 for evacuation
[2024-08-28T01:14:03.543+0000][info][gc,phases      ] GC(511)   Pre Evacuate Collection Set: 0.2ms
[2024-08-28T01:14:03.543+0000][info][gc,phases      ] GC(511)   Merge Heap Roots: 0.4ms
[2024-08-28T01:14:03.543+0000][info][gc,phases      ] GC(511)   Evacuate Collection Set: 9.2ms
[2024-08-28T01:14:03.543+0000][info][gc,phases      ] GC(511)   Post Evacuate Collection Set: 0.4ms
[2024-08-28T01:14:03.543+0000][info][gc,phases      ] GC(511)   Other: 0.8ms
[2024-08-28T01:14:03.543+0000][info][gc,heap        ] GC(511) Eden regions: 44->0(44)
[2024-08-28T01:14:03.543+0000][info][gc,heap        ] GC(511) Survivor regions: 7->7(7)
[2024-08-28T01:14:03.543+0000][info][gc,heap        ] GC(511) Old regions: 848->894
[2024-08-28T01:14:03.543+0000][info][gc,heap        ] GC(511) Archive regions: 2->2
[2024-08-28T01:14:03.543+0000][info][gc,heap        ] GC(511) Humongous regions: 5->5
[2024-08-28T01:14:03.543+0000][info][gc,metaspace   ] GC(511) Metaspace: 100K(320K)->100K(320K) NonClass: 96K(192K)->96K(192K) Class: 4K(128K)->4K(128K)
[2024-08-28T01:14:03.543+0000][info][gc             ] GC(511) Pause Young (Concurrent Start) (G1 Evacuation Pause) 899M->901M(1024M) 10.980ms
[2024-08-28T01:14:03.543+0000][info][gc,cpu         ] GC(511) User=0.23s Sys=0.00s Real=0.01s
[2024-08-28T01:14:03.543+0000][info][gc             ] GC(512) Concurrent Mark Cycle
[2024-08-28T01:14:03.543+0000][info][gc,marking     ] GC(512) Concurrent Clear Claimed Marks
[2024-08-28T01:14:03.543+0000][info][gc,marking     ] GC(512) Concurrent Clear Claimed Marks 0.015ms
[2024-08-28T01:14:03.543+0000][info][gc,marking     ] GC(512) Concurrent Scan Root Regions
[2024-08-28T01:14:03.545+0000][info][gc,marking     ] GC(512) Concurrent Scan Root Regions 1.828ms
[2024-08-28T01:14:03.545+0000][info][gc,marking     ] GC(512) Concurrent Mark
[2024-08-28T01:14:03.545+0000][info][gc,marking     ] GC(512) Concurrent Mark From Roots
[2024-08-28T01:14:03.545+0000][info][gc,task        ] GC(512) Using 17 workers of 17 for marking
[2024-08-28T01:14:03.570+0000][info][gc,marking     ] GC(512) Concurrent Mark From Roots 24.982ms
[2024-08-28T01:14:03.570+0000][info][gc,marking     ] GC(512) Concurrent Preclean
[2024-08-28T01:14:03.571+0000][info][gc,marking     ] GC(512) Concurrent Preclean 0.793ms
[2024-08-28T01:14:03.571+0000][info][gc,start       ] GC(512) Pause Remark
[2024-08-28T01:14:03.572+0000][info][gc             ] GC(512) Pause Remark 941M->941M(1024M) 1.389ms
[2024-08-28T01:14:03.572+0000][info][gc,cpu         ] GC(512) User=0.01s Sys=0.01s Real=0.00s
[2024-08-28T01:14:03.572+0000][info][gc,marking     ] GC(512) Concurrent Mark 27.586ms
[2024-08-28T01:14:03.572+0000][info][gc,marking     ] GC(512) Concurrent Rebuild Remembered Sets
[2024-08-28T01:14:03.575+0000][info][gc,start       ] GC(513) Pause Young (Normal) (G1 Evacuation Pause)
[2024-08-28T01:14:03.575+0000][info][gc,task        ] GC(513) Using 24 workers of 68 for evacuation
[2024-08-28T01:14:03.585+0000][info][gc,phases      ] GC(513)   Pre Evacuate Collection Set: 0.1ms
[2024-08-28T01:14:03.585+0000][info][gc,phases      ] GC(513)   Merge Heap Roots: 0.3ms
[2024-08-28T01:14:03.585+0000][info][gc,phases      ] GC(513)   Evacuate Collection Set: 9.1ms
[2024-08-28T01:14:03.585+0000][info][gc,phases      ] GC(513)   Post Evacuate Collection Set: 0.4ms
[2024-08-28T01:14:03.585+0000][info][gc,phases      ] GC(513)   Other: 0.2ms
[2024-08-28T01:14:03.585+0000][info][gc,heap        ] GC(513) Eden regions: 44->0(44)
[2024-08-28T01:14:03.585+0000][info][gc,heap        ] GC(513) Survivor regions: 7->7(7)
[2024-08-28T01:14:03.585+0000][info][gc,heap        ] GC(513) Old regions: 894->941
[2024-08-28T01:14:03.585+0000][info][gc,heap        ] GC(513) Archive regions: 2->2
[2024-08-28T01:14:03.585+0000][info][gc,heap        ] GC(513) Humongous regions: 5->5
[2024-08-28T01:14:03.585+0000][info][gc,metaspace   ] GC(513) Metaspace: 100K(320K)->100K(320K) NonClass: 96K(192K)->96K(192K) Class: 4K(128K)->4K(128K)
[2024-08-28T01:14:03.585+0000][info][gc             ] GC(513) Pause Young (Normal) (G1 Evacuation Pause) 945M->948M(1024M) 10.168ms
[2024-08-28T01:14:03.585+0000][info][gc,cpu         ] GC(513) User=0.22s Sys=0.00s Real=0.01s
[2024-08-28T01:14:03.601+0000][info][gc,start       ] GC(514) Pause Young (Normal) (G1 Preventive Collection)
[2024-08-28T01:14:03.601+0000][info][gc,task        ] GC(514) Using 24 workers of 68 for evacuation
[2024-08-28T01:14:03.613+0000][info][gc,phases      ] GC(514)   Pre Evacuate Collection Set: 0.2ms
[2024-08-28T01:14:03.613+0000][info][gc,phases      ] GC(514)   Merge Heap Roots: 0.4ms
[2024-08-28T01:14:03.613+0000][info][gc,phases      ] GC(514)   Evacuate Collection Set: 10.7ms
[2024-08-28T01:14:03.613+0000][info][gc,phases      ] GC(514)   Post Evacuate Collection Set: 0.5ms
[2024-08-28T01:14:03.613+0000][info][gc,phases      ] GC(514)   Other: 0.2ms
[2024-08-28T01:14:03.613+0000][info][gc,heap        ] GC(514) Eden regions: 29->0(44)
[2024-08-28T01:14:03.613+0000][info][gc,heap        ] GC(514) Survivor regions: 7->7(7)
[2024-08-28T01:14:03.613+0000][info][gc,heap        ] GC(514) Old regions: 941->973
[2024-08-28T01:14:03.613+0000][info][gc,heap        ] GC(514) Archive regions: 2->2
[2024-08-28T01:14:03.613+0000][info][gc,heap        ] GC(514) Humongous regions: 5->5
[2024-08-28T01:14:03.613+0000][info][gc,metaspace   ] GC(514) Metaspace: 100K(320K)->100K(320K) NonClass: 96K(192K)->96K(192K) Class: 4K(128K)->4K(128K)
[2024-08-28T01:14:03.613+0000][info][gc             ] GC(514) Pause Young (Normal) (G1 Preventive Collection) 977M->980M(1024M) 12.026ms
[2024-08-28T01:14:03.613+0000][info][gc,cpu         ] GC(514) User=0.27s Sys=0.00s Real=0.01s
[2024-08-28T01:14:03.621+0000][info][gc,start       ] GC(515) Pause Young (Normal) (G1 Preventive Collection)
[2024-08-28T01:14:03.621+0000][info][gc,task        ] GC(515) Using 24 workers of 68 for evacuation
[2024-08-28T01:14:03.630+0000][info][gc,phases      ] GC(515)   Pre Evacuate Collection Set: 0.2ms
[2024-08-28T01:14:03.631+0000][info][gc,phases      ] GC(515)   Merge Heap Roots: 0.3ms
[2024-08-28T01:14:03.631+0000][info][gc,phases      ] GC(515)   Evacuate Collection Set: 8.7ms
[2024-08-28T01:14:03.631+0000][info][gc,phases      ] GC(515)   Post Evacuate Collection Set: 0.5ms
[2024-08-28T01:14:03.631+0000][info][gc,phases      ] GC(515)   Other: 0.1ms
[2024-08-28T01:14:03.631+0000][info][gc,heap        ] GC(515) Eden regions: 14->0(44)
[2024-08-28T01:14:03.631+0000][info][gc,heap        ] GC(515) Survivor regions: 7->7(7)
[2024-08-28T01:14:03.631+0000][info][gc,heap        ] GC(515) Old regions: 973->989
[2024-08-28T01:14:03.631+0000][info][gc,heap        ] GC(515) Archive regions: 2->2
[2024-08-28T01:14:03.631+0000][info][gc,heap        ] GC(515) Humongous regions: 5->5
[2024-08-28T01:14:03.631+0000][info][gc,metaspace   ] GC(515) Metaspace: 100K(320K)->100K(320K) NonClass: 96K(192K)->96K(192K) Class: 4K(128K)->4K(128K)
[2024-08-28T01:14:03.631+0000][info][gc             ] GC(515) Pause Young (Normal) (G1 Preventive Collection) 994M->996M(1024M) 9.930ms
[2024-08-28T01:14:03.631+0000][info][gc,cpu         ] GC(515) User=0.22s Sys=0.00s Real=0.01s
[2024-08-28T01:14:03.634+0000][info][gc,start       ] GC(516) Pause Young (Normal) (G1 Preventive Collection)
[2024-08-28T01:14:03.634+0000][info][gc,task        ] GC(516) Using 24 workers of 68 for evacuation
[2024-08-28T01:14:03.647+0000][info][gc             ] GC(516) To-space exhausted
[2024-08-28T01:14:03.647+0000][info][gc,phases      ] GC(516)   Pre Evacuate Collection Set: 0.1ms
[2024-08-28T01:14:03.647+0000][info][gc,phases      ] GC(516)   Merge Heap Roots: 0.5ms
[2024-08-28T01:14:03.647+0000][info][gc,phases      ] GC(516)   Evacuate Collection Set: 11.3ms
[2024-08-28T01:14:03.647+0000][info][gc,phases      ] GC(516)   Post Evacuate Collection Set: 0.7ms
[2024-08-28T01:14:03.647+0000][info][gc,phases      ] GC(516)   Other: 0.2ms
[2024-08-28T01:14:03.647+0000][info][gc,heap        ] GC(516) Eden regions: 6->0(45)
[2024-08-28T01:14:03.647+0000][info][gc,heap        ] GC(516) Survivor regions: 7->6(7)
[2024-08-28T01:14:03.647+0000][info][gc,heap        ] GC(516) Old regions: 989->1009
[2024-08-28T01:14:03.647+0000][info][gc,heap        ] GC(516) Archive regions: 2->2
[2024-08-28T01:14:03.647+0000][info][gc,heap        ] GC(516) Humongous regions: 5->5
[2024-08-28T01:14:03.647+0000][info][gc,metaspace   ] GC(516) Metaspace: 100K(320K)->100K(320K) NonClass: 96K(192K)->96K(192K) Class: 4K(128K)->4K(128K)
[2024-08-28T01:14:03.647+0000][info][gc             ] GC(516) Pause Young (Normal) (G1 Preventive Collection) 1002M->1015M(1024M) 12.801ms
[2024-08-28T01:14:03.647+0000][info][gc,cpu         ] GC(516) User=0.16s Sys=0.03s Real=0.01s
[2024-08-28T01:14:03.648+0000][info][gc,start       ] GC(517) Pause Young (Normal) (G1 Preventive Collection)
[2024-08-28T01:14:03.648+0000][info][gc,task        ] GC(517) Using 24 workers of 68 for evacuation
[2024-08-28T01:14:03.655+0000][info][gc             ] GC(517) To-space exhausted
[2024-08-28T01:14:03.655+0000][info][gc,phases      ] GC(517)   Pre Evacuate Collection Set: 0.1ms
[2024-08-28T01:14:03.655+0000][info][gc,phases      ] GC(517)   Merge Heap Roots: 0.5ms
[2024-08-28T01:14:03.655+0000][info][gc,phases      ] GC(517)   Evacuate Collection Set: 5.4ms
[2024-08-28T01:14:03.655+0000][info][gc,phases      ] GC(517)   Post Evacuate Collection Set: 0.9ms
[2024-08-28T01:14:03.655+0000][info][gc,phases      ] GC(517)   Other: 0.1ms
[2024-08-28T01:14:03.655+0000][info][gc,heap        ] GC(517) Eden regions: 1->0(51)
[2024-08-28T01:14:03.655+0000][info][gc,heap        ] GC(517) Survivor regions: 6->0(1)
[2024-08-28T01:14:03.655+0000][info][gc,heap        ] GC(517) Old regions: 1009->1017
[2024-08-28T01:14:03.655+0000][info][gc,heap        ] GC(517) Archive regions: 2->2
[2024-08-28T01:14:03.655+0000][info][gc,heap        ] GC(517) Humongous regions: 5->5
[2024-08-28T01:14:03.655+0000][info][gc,metaspace   ] GC(517) Metaspace: 100K(320K)->100K(320K) NonClass: 96K(192K)->96K(192K) Class: 4K(128K)->4K(128K)
[2024-08-28T01:14:03.655+0000][info][gc             ] GC(517) Pause Young (Normal) (G1 Preventive Collection) 1016M->1017M(1024M) 7.090ms
[2024-08-28T01:14:03.655+0000][info][gc,cpu         ] GC(517) User=0.15s Sys=0.00s Real=0.01s
[2024-08-28T01:14:03.655+0000][info][gc,ergo        ] Attempting full compaction
[2024-08-28T01:14:03.655+0000][info][gc,task        ] GC(518) Using 24 workers of 68 for full compaction
[2024-08-28T01:14:03.655+0000][info][gc,start       ] GC(518) Pause Full (G1 Compaction Pause)
[2024-08-28T01:14:03.656+0000][info][gc,phases,start] GC(518) Phase 1: Mark live objects
[2024-08-28T01:14:03.672+0000][info][gc,phases      ] GC(518) Phase 1: Mark live objects 16.379ms
[2024-08-28T01:14:03.672+0000][info][gc,phases,start] GC(518) Phase 2: Prepare for compaction
[2024-08-28T01:14:03.680+0000][info][gc,phases      ] GC(518) Phase 2: Prepare for compaction 7.584ms
[2024-08-28T01:14:03.680+0000][info][gc,phases,start] GC(518) Phase 3: Adjust pointers
[2024-08-28T01:14:03.695+0000][info][gc,phases      ] GC(518) Phase 3: Adjust pointers 15.033ms
[2024-08-28T01:14:03.695+0000][info][gc,phases,start] GC(518) Phase 4: Compact heap
[2024-08-28T01:14:03.723+0000][info][gc,phases      ] GC(518) Phase 4: Compact heap 27.584ms
[2024-08-28T01:14:03.724+0000][info][gc,heap        ] GC(518) Eden regions: 0->0(149)
[2024-08-28T01:14:03.724+0000][info][gc,heap        ] GC(518) Survivor regions: 0->0(1)
[2024-08-28T01:14:03.724+0000][info][gc,heap        ] GC(518) Old regions: 1017->446
[2024-08-28T01:14:03.724+0000][info][gc,heap        ] GC(518) Archive regions: 2->2
[2024-08-28T01:14:03.724+0000][info][gc,heap        ] GC(518) Humongous regions: 5->5
[2024-08-28T01:14:03.724+0000][info][gc,metaspace   ] GC(518) Metaspace: 100K(320K)->100K(320K) NonClass: 96K(192K)->96K(192K) Class: 4K(128K)->4K(128K)
[2024-08-28T01:14:03.724+0000][info][gc             ] GC(518) Pause Full (G1 Compaction Pause) 1017M->437M(1024M) 68.841ms
[2024-08-28T01:14:03.724+0000][info][gc,cpu         ] GC(518) User=1.37s Sys=0.10s Real=0.07s
[2024-08-28T01:14:03.724+0000][info][gc,marking     ] GC(512) Concurrent Rebuild Remembered Sets 152.067ms
[2024-08-28T01:14:03.725+0000][info][gc,marking     ] GC(512) Concurrent Mark Abort
[2024-08-28T01:14:03.725+0000][info][gc             ] GC(512) Concurrent Mark Cycle 181.686ms
[2024-08-28T01:14:03.801+0000][info][gc,start       ] GC(519) Pause Young (Normal) (G1 Evacuation Pause)
[2024-08-28T01:14:03.801+0000][info][gc,task        ] GC(519) Using 24 workers of 68 for evacuation
[2024-08-28T01:14:03.823+0000][info][gc,phases      ] GC(519)   Pre Evacuate Collection Set: 0.2ms
[2024-08-28T01:14:03.823+0000][info][gc,phases      ] GC(519)   Merge Heap Roots: 0.4ms
[2024-08-28T01:14:03.823+0000][info][gc,phases      ] GC(519)   Evacuate Collection Set: 21.1ms
[2024-08-28T01:14:03.823+0000][info][gc,phases      ] GC(519)   Post Evacuate Collection Set: 0.4ms
[2024-08-28T01:14:03.823+0000][info][gc,phases      ] GC(519)   Other: 0.2ms
[2024-08-28T01:14:03.823+0000][info][gc,heap        ] GC(519) Eden regions: 149->0(102)
[2024-08-28T01:14:03.823+0000][info][gc,heap        ] GC(519) Survivor regions: 0->19(19)
[2024-08-28T01:14:03.824+0000][info][gc,heap        ] GC(519) Old regions: 446->573
[2024-08-28T01:14:03.824+0000][info][gc,heap        ] GC(519) Archive regions: 2->2
[2024-08-28T01:14:03.824+0000][info][gc,heap        ] GC(519) Humongous regions: 5->5
[2024-08-28T01:14:03.824+0000][info][gc,metaspace   ] GC(519) Metaspace: 100K(320K)->100K(320K) NonClass: 96K(192K)->96K(192K) Class: 4K(128K)->4K(128K)
[2024-08-28T01:14:03.824+0000][info][gc             ] GC(519) Pause Young (Normal) (G1 Evacuation Pause) 586M->583M(1024M) 22.336ms
[2024-08-28T01:14:03.824+0000][info][gc,cpu         ] GC(519) User=0.50s Sys=0.01s Real=0.02s
[2024-08-28T01:14:03.873+0000][info][gc,start       ] GC(520) Pause Young (Concurrent Start) (G1 Evacuation Pause)
[2024-08-28T01:14:03.873+0000][info][gc,task        ] GC(520) Using 24 workers of 68 for evacuation
[2024-08-28T01:14:03.892+0000][info][gc,phases      ] GC(520)   Pre Evacuate Collection Set: 0.2ms
[2024-08-28T01:14:03.892+0000][info][gc,phases      ] GC(520)   Merge Heap Roots: 0.4ms
[2024-08-28T01:14:03.892+0000][info][gc,phases      ] GC(520)   Evacuate Collection Set: 17.6ms
[2024-08-28T01:14:03.892+0000][info][gc,phases      ] GC(520)   Post Evacuate Collection Set: 0.3ms
[2024-08-28T01:14:03.892+0000][info][gc,phases      ] GC(520)   Other: 0.6ms
[2024-08-28T01:14:03.892+0000][info][gc,heap        ] GC(520) Eden regions: 102->0(69)
[2024-08-28T01:14:03.892+0000][info][gc,heap        ] GC(520) Survivor regions: 19->16(16)
[2024-08-28T01:14:03.892+0000][info][gc,heap        ] GC(520) Old regions: 573->680
[2024-08-28T01:14:03.892+0000][info][gc,heap        ] GC(520) Archive regions: 2->2
[2024-08-28T01:14:03.892+0000][info][gc,heap        ] GC(520) Humongous regions: 5->5
[2024-08-28T01:14:03.892+0000][info][gc,metaspace   ] GC(520) Metaspace: 100K(320K)->100K(320K) NonClass: 96K(192K)->96K(192K) Class: 4K(128K)->4K(128K)
[2024-08-28T01:14:03.892+0000][info][gc             ] GC(520) Pause Young (Concurrent Start) (G1 Evacuation Pause) 685M->687M(1024M) 19.199ms
[2024-08-28T01:14:03.892+0000][info][gc,cpu         ] GC(520) User=0.44s Sys=0.00s Real=0.02s
[2024-08-28T01:14:03.892+0000][info][gc             ] GC(521) Concurrent Mark Cycle
[2024-08-28T01:14:03.892+0000][info][gc,marking     ] GC(521) Concurrent Clear Claimed Marks
[2024-08-28T01:14:03.892+0000][info][gc,marking     ] GC(521) Concurrent Clear Claimed Marks 0.011ms
[2024-08-28T01:14:03.892+0000][info][gc,marking     ] GC(521) Concurrent Scan Root Regions
[2024-08-28T01:14:03.896+0000][info][gc,marking     ] GC(521) Concurrent Scan Root Regions 3.594ms
[2024-08-28T01:14:03.896+0000][info][gc,marking     ] GC(521) Concurrent Mark
[2024-08-28T01:14:03.896+0000][info][gc,marking     ] GC(521) Concurrent Mark From Roots
[2024-08-28T01:14:03.896+0000][info][gc,task        ] GC(521) Using 17 workers of 17 for marking
[2024-08-28T01:14:03.917+0000][info][gc,marking     ] GC(521) Concurrent Mark From Roots 21.422ms
[2024-08-28T01:14:03.917+0000][info][gc,marking     ] GC(521) Concurrent Preclean
[2024-08-28T01:14:03.918+0000][info][gc,marking     ] GC(521) Concurrent Preclean 0.611ms
[2024-08-28T01:14:03.918+0000][info][gc,start       ] GC(521) Pause Remark
[2024-08-28T01:14:03.919+0000][info][gc             ] GC(521) Pause Remark 723M->723M(1024M) 1.150ms
[2024-08-28T01:14:03.919+0000][info][gc,cpu         ] GC(521) User=0.00s Sys=0.00s Real=0.00s
[2024-08-28T01:14:03.919+0000][info][gc,marking     ] GC(521) Concurrent Mark 23.536ms
[2024-08-28T01:14:03.919+0000][info][gc,marking     ] GC(521) Concurrent Rebuild Remembered Sets
[2024-08-28T01:14:03.936+0000][info][gc,start       ] GC(522) Pause Young (Normal) (G1 Evacuation Pause)
[2024-08-28T01:14:03.936+0000][info][gc,task        ] GC(522) Using 24 workers of 68 for evacuation
[2024-08-28T01:14:03.952+0000][info][gc,phases      ] GC(522)   Pre Evacuate Collection Set: 0.1ms
[2024-08-28T01:14:03.952+0000][info][gc,phases      ] GC(522)   Merge Heap Roots: 0.3ms
[2024-08-28T01:14:03.952+0000][info][gc,phases      ] GC(522)   Evacuate Collection Set: 14.2ms
[2024-08-28T01:14:03.952+0000][info][gc,phases      ] GC(522)   Post Evacuate Collection Set: 0.5ms
[2024-08-28T01:14:03.952+0000][info][gc,phases      ] GC(522)   Other: 0.2ms
[2024-08-28T01:14:03.952+0000][info][gc,heap        ] GC(522) Eden regions: 69->0(45)
[2024-08-28T01:14:03.952+0000][info][gc,heap        ] GC(522) Survivor regions: 16->11(11)
[2024-08-28T01:14:03.952+0000][info][gc,heap        ] GC(522) Old regions: 680->757
[2024-08-28T01:14:03.952+0000][info][gc,heap        ] GC(522) Archive regions: 2->2
[2024-08-28T01:14:03.952+0000][info][gc,heap        ] GC(522) Humongous regions: 5->5
[2024-08-28T01:14:03.952+0000][info][gc,metaspace   ] GC(522) Metaspace: 100K(320K)->100K(320K) NonClass: 96K(192K)->96K(192K) Class: 4K(128K)->4K(128K)
[2024-08-28T01:14:03.952+0000][info][gc             ] GC(522) Pause Young (Normal) (G1 Evacuation Pause) 756M->759M(1024M) 15.448ms
[2024-08-28T01:14:03.952+0000][info][gc,cpu         ] GC(522) User=0.35s Sys=0.00s Real=0.02s
[2024-08-28T01:14:03.974+0000][info][gc,start       ] GC(523) Pause Young (Normal) (G1 Evacuation Pause)
[2024-08-28T01:14:03.974+0000][info][gc,task        ] GC(523) Using 24 workers of 68 for evacuation
[2024-08-28T01:14:03.993+0000][info][gc,phases      ] GC(523)   Pre Evacuate Collection Set: 0.1ms
[2024-08-28T01:14:03.993+0000][info][gc,phases      ] GC(523)   Merge Heap Roots: 0.5ms
[2024-08-28T01:14:03.993+0000][info][gc,phases      ] GC(523)   Evacuate Collection Set: 17.2ms
[2024-08-28T01:14:03.993+0000][info][gc,phases      ] GC(523)   Post Evacuate Collection Set: 0.6ms
[2024-08-28T01:14:03.993+0000][info][gc,phases      ] GC(523)   Other: 0.2ms
[2024-08-28T01:14:03.993+0000][info][gc,heap        ] GC(523) Eden regions: 45->0(44)
[2024-08-28T01:14:03.993+0000][info][gc,heap        ] GC(523) Survivor regions: 11->7(7)
[2024-08-28T01:14:03.993+0000][info][gc,heap        ] GC(523) Old regions: 757->810
[2024-08-28T01:14:03.993+0000][info][gc,heap        ] GC(523) Archive regions: 2->2
[2024-08-28T01:14:03.993+0000][info][gc,heap        ] GC(523) Humongous regions: 5->5
[2024-08-28T01:14:03.993+0000][info][gc,metaspace   ] GC(523) Metaspace: 100K(320K)->100K(320K) NonClass: 96K(192K)->96K(192K) Class: 4K(128K)->4K(128K)
[2024-08-28T01:14:03.993+0000][info][gc             ] GC(523) Pause Young (Normal) (G1 Evacuation Pause) 804M->808M(1024M) 18.726ms
[2024-08-28T01:14:03.993+0000][info][gc,cpu         ] GC(523) User=0.43s Sys=0.01s Real=0.02s
[2024-08-28T01:14:04.004+0000][info][gc,marking     ] GC(521) Concurrent Rebuild Remembered Sets 84.471ms
[2024-08-28T01:14:04.004+0000][info][gc,start       ] GC(521) Pause Cleanup
[2024-08-28T01:14:04.005+0000][info][gc             ] GC(521) Pause Cleanup 829M->829M(1024M) 1.126ms
[2024-08-28T01:14:04.005+0000][info][gc,cpu         ] GC(521) User=0.01s Sys=0.00s Real=0.00s
[2024-08-28T01:14:04.005+0000][info][gc,marking     ] GC(521) Concurrent Cleanup for Next Mark
[2024-08-28T01:14:04.006+0000][info][gc,marking     ] GC(521) Concurrent Cleanup for Next Mark 0.683ms
[2024-08-28T01:14:04.006+0000][info][gc             ] GC(521) Concurrent Mark Cycle 113.858ms
[2024-08-28T01:14:04.018+0000][info][gc,start       ] GC(524) Pause Young (Prepare Mixed) (G1 Evacuation Pause)
[2024-08-28T01:14:04.018+0000][info][gc,task        ] GC(524) Using 24 workers of 68 for evacuation
[2024-08-28T01:14:04.035+0000][info][gc,phases      ] GC(524)   Pre Evacuate Collection Set: 0.1ms
[2024-08-28T01:14:04.035+0000][info][gc,phases      ] GC(524)   Merge Heap Roots: 0.6ms
[2024-08-28T01:14:04.035+0000][info][gc,phases      ] GC(524)   Evacuate Collection Set: 16.5ms
[2024-08-28T01:14:04.035+0000][info][gc,phases      ] GC(524)   Post Evacuate Collection Set: 0.3ms
[2024-08-28T01:14:04.035+0000][info][gc,phases      ] GC(524)   Other: 0.2ms
[2024-08-28T01:14:04.035+0000][info][gc,heap        ] GC(524) Eden regions: 44->0(44)
[2024-08-28T01:14:04.035+0000][info][gc,heap        ] GC(524) Survivor regions: 7->7(7)
[2024-08-28T01:14:04.035+0000][info][gc,heap        ] GC(524) Old regions: 810->858
[2024-08-28T01:14:04.035+0000][info][gc,heap        ] GC(524) Archive regions: 2->2
[2024-08-28T01:14:04.035+0000][info][gc,heap        ] GC(524) Humongous regions: 5->5
[2024-08-28T01:14:04.035+0000][info][gc,metaspace   ] GC(524) Metaspace: 100K(320K)->100K(320K) NonClass: 96K(192K)->96K(192K) Class: 4K(128K)->4K(128K)
[2024-08-28T01:14:04.035+0000][info][gc             ] GC(524) Pause Young (Prepare Mixed) (G1 Evacuation Pause) 852M->856M(1024M) 17.839ms
[2024-08-28T01:14:04.035+0000][info][gc,cpu         ] GC(524) User=0.40s Sys=0.01s Real=0.01s
[2024-08-28T01:14:04.056+0000][info][gc,start       ] GC(525) Pause Young (Mixed) (G1 Evacuation Pause)
[2024-08-28T01:14:04.056+0000][info][gc,task        ] GC(525) Using 24 workers of 68 for evacuation
[2024-08-28T01:14:04.067+0000][info][gc,phases      ] GC(525)   Pre Evacuate Collection Set: 0.2ms
[2024-08-28T01:14:04.067+0000][info][gc,phases      ] GC(525)   Merge Heap Roots: 0.3ms
[2024-08-28T01:14:04.067+0000][info][gc,phases      ] GC(525)   Evacuate Collection Set: 10.1ms
[2024-08-28T01:14:04.067+0000][info][gc,phases      ] GC(525)   Post Evacuate Collection Set: 0.3ms
[2024-08-28T01:14:04.067+0000][info][gc,phases      ] GC(525)   Other: 0.2ms
[2024-08-28T01:14:04.067+0000][info][gc,heap        ] GC(525) Eden regions: 44->0(44)
[2024-08-28T01:14:04.067+0000][info][gc,heap        ] GC(525) Survivor regions: 7->7(7)
[2024-08-28T01:14:04.067+0000][info][gc,heap        ] GC(525) Old regions: 858->843
[2024-08-28T01:14:04.067+0000][info][gc,heap        ] GC(525) Archive regions: 2->2
[2024-08-28T01:14:04.067+0000][info][gc,heap        ] GC(525) Humongous regions: 5->5
[2024-08-28T01:14:04.067+0000][info][gc,metaspace   ] GC(525) Metaspace: 100K(320K)->100K(320K) NonClass: 96K(192K)->96K(192K) Class: 4K(128K)->4K(128K)
[2024-08-28T01:14:04.067+0000][info][gc             ] GC(525) Pause Young (Mixed) (G1 Evacuation Pause) 900M->841M(1024M) 11.295ms
[2024-08-28T01:14:04.067+0000][info][gc,cpu         ] GC(525) User=0.25s Sys=0.00s Real=0.01s
[2024-08-28T01:14:04.087+0000][info][gc,start       ] GC(526) Pause Young (Mixed) (G1 Evacuation Pause)
[2024-08-28T01:14:04.087+0000][info][gc,task        ] GC(526) Using 24 workers of 68 for evacuation
[2024-08-28T01:14:04.098+0000][info][gc,phases      ] GC(526)   Pre Evacuate Collection Set: 0.2ms
[2024-08-28T01:14:04.098+0000][info][gc,phases      ] GC(526)   Merge Heap Roots: 0.5ms
[2024-08-28T01:14:04.098+0000][info][gc,phases      ] GC(526)   Evacuate Collection Set: 10.5ms
[2024-08-28T01:14:04.098+0000][info][gc,phases      ] GC(526)   Post Evacuate Collection Set: 0.4ms
[2024-08-28T01:14:04.098+0000][info][gc,phases      ] GC(526)   Other: 0.2ms
[2024-08-28T01:14:04.098+0000][info][gc,heap        ] GC(526) Eden regions: 44->0(44)
[2024-08-28T01:14:04.098+0000][info][gc,heap        ] GC(526) Survivor regions: 7->7(7)
[2024-08-28T01:14:04.098+0000][info][gc,heap        ] GC(526) Old regions: 843->827
[2024-08-28T01:14:04.098+0000][info][gc,heap        ] GC(526) Archive regions: 2->2
[2024-08-28T01:14:04.098+0000][info][gc,heap        ] GC(526) Humongous regions: 5->5
[2024-08-28T01:14:04.098+0000][info][gc,metaspace   ] GC(526) Metaspace: 100K(320K)->100K(320K) NonClass: 96K(192K)->96K(192K) Class: 4K(128K)->4K(128K)
[2024-08-28T01:14:04.098+0000][info][gc             ] GC(526) Pause Young (Mixed) (G1 Evacuation Pause) 885M->826M(1024M) 11.788ms
[2024-08-28T01:14:04.098+0000][info][gc,cpu         ] GC(526) User=0.26s Sys=0.00s Real=0.02s
[2024-08-28T01:14:04.118+0000][info][gc,start       ] GC(527) Pause Young (Mixed) (G1 Evacuation Pause)
[2024-08-28T01:14:04.118+0000][info][gc,task        ] GC(527) Using 24 workers of 68 for evacuation
[2024-08-28T01:14:04.129+0000][info][gc,phases      ] GC(527)   Pre Evacuate Collection Set: 0.2ms
[2024-08-28T01:14:04.129+0000][info][gc,phases      ] GC(527)   Merge Heap Roots: 0.3ms
[2024-08-28T01:14:04.129+0000][info][gc,phases      ] GC(527)   Evacuate Collection Set: 10.0ms
[2024-08-28T01:14:04.129+0000][info][gc,phases      ] GC(527)   Post Evacuate Collection Set: 0.4ms
[2024-08-28T01:14:04.129+0000][info][gc,phases      ] GC(527)   Other: 0.2ms
[2024-08-28T01:14:04.129+0000][info][gc,heap        ] GC(527) Eden regions: 44->0(44)
[2024-08-28T01:14:04.129+0000][info][gc,heap        ] GC(527) Survivor regions: 7->7(7)
[2024-08-28T01:14:04.129+0000][info][gc,heap        ] GC(527) Old regions: 827->813
[2024-08-28T01:14:04.129+0000][info][gc,heap        ] GC(527) Archive regions: 2->2
[2024-08-28T01:14:04.129+0000][info][gc,heap        ] GC(527) Humongous regions: 5->5
[2024-08-28T01:14:04.137+0000][info][gc,metaspace   ] GC(527) Metaspace: 100K(320K)->100K(320K) NonClass: 96K(192K)->96K(192K) Class: 4K(128K)->4K(128K)
[2024-08-28T01:14:04.137+0000][info][gc             ] GC(527) Pause Young (Mixed) (G1 Evacuation Pause) 870M->815M(1024M) 18.508ms
[2024-08-28T01:14:04.137+0000][info][gc,cpu         ] GC(527) User=0.25s Sys=0.01s Real=0.01s
[2024-08-28T01:14:04.170+0000][info][gc,start       ] GC(528) Pause Young (Mixed) (G1 Evacuation Pause)
[2024-08-28T01:14:04.170+0000][info][gc,task        ] GC(528) Using 24 workers of 68 for evacuation
[2024-08-28T01:14:04.181+0000][info][gc,phases      ] GC(528)   Pre Evacuate Collection Set: 0.2ms
[2024-08-28T01:14:04.181+0000][info][gc,phases      ] GC(528)   Merge Heap Roots: 0.4ms
[2024-08-28T01:14:04.182+0000][info][gc,phases      ] GC(528)   Evacuate Collection Set: 10.1ms
[2024-08-28T01:14:04.182+0000][info][gc,phases      ] GC(528)   Post Evacuate Collection Set: 0.4ms
[2024-08-28T01:14:04.182+0000][info][gc,phases      ] GC(528)   Other: 0.3ms
[2024-08-28T01:14:04.182+0000][info][gc,heap        ] GC(528) Eden regions: 44->0(44)
[2024-08-28T01:14:04.182+0000][info][gc,heap        ] GC(528) Survivor regions: 7->7(7)
[2024-08-28T01:14:04.182+0000][info][gc,heap        ] GC(528) Old regions: 813->847
[2024-08-28T01:14:04.182+0000][info][gc,heap        ] GC(528) Archive regions: 2->2
[2024-08-28T01:14:04.182+0000][info][gc,heap        ] GC(528) Humongous regions: 5->5
[2024-08-28T01:14:04.182+0000][info][gc,metaspace   ] GC(528) Metaspace: 100K(320K)->100K(320K) NonClass: 96K(192K)->96K(192K) Class: 4K(128K)->4K(128K)
[2024-08-28T01:14:04.182+0000][info][gc             ] GC(528) Pause Young (Mixed) (G1 Evacuation Pause) 859M->853M(1024M) 11.496ms
[2024-08-28T01:14:04.182+0000][info][gc,cpu         ] GC(528) User=0.24s Sys=0.01s Real=0.01s
[2024-08-28T01:14:04.207+0000][info][gc,start       ] GC(529) Pause Young (Concurrent Start) (G1 Evacuation Pause)
[2024-08-28T01:14:04.207+0000][info][gc,task        ] GC(529) Using 24 workers of 68 for evacuation
[2024-08-28T01:14:04.219+0000][info][gc,phases      ] GC(529)   Pre Evacuate Collection Set: 0.2ms
[2024-08-28T01:14:04.219+0000][info][gc,phases      ] GC(529)   Merge Heap Roots: 0.4ms
[2024-08-28T01:14:04.219+0000][info][gc,phases      ] GC(529)   Evacuate Collection Set: 10.1ms
[2024-08-28T01:14:04.219+0000][info][gc,phases      ] GC(529)   Post Evacuate Collection Set: 0.4ms
[2024-08-28T01:14:04.219+0000][info][gc,phases      ] GC(529)   Other: 0.9ms
[2024-08-28T01:14:04.219+0000][info][gc,heap        ] GC(529) Eden regions: 44->0(44)
[2024-08-28T01:14:04.219+0000][info][gc,heap        ] GC(529) Survivor regions: 7->7(7)
[2024-08-28T01:14:04.219+0000][info][gc,heap        ] GC(529) Old regions: 847->894
[2024-08-28T01:14:04.219+0000][info][gc,heap        ] GC(529) Archive regions: 2->2
[2024-08-28T01:14:04.219+0000][info][gc,heap        ] GC(529) Humongous regions: 5->5
[2024-08-28T01:14:04.219+0000][info][gc,metaspace   ] GC(529) Metaspace: 100K(320K)->100K(320K) NonClass: 96K(192K)->96K(192K) Class: 4K(128K)->4K(128K)
[2024-08-28T01:14:04.219+0000][info][gc             ] GC(529) Pause Young (Concurrent Start) (G1 Evacuation Pause) 897M->899M(1024M) 11.983ms
[2024-08-28T01:14:04.219+0000][info][gc,cpu         ] GC(529) User=0.22s Sys=0.02s Real=0.02s
[2024-08-28T01:14:04.219+0000][info][gc             ] GC(530) Concurrent Mark Cycle
[2024-08-28T01:14:04.219+0000][info][gc,marking     ] GC(530) Concurrent Clear Claimed Marks
[2024-08-28T01:14:04.219+0000][info][gc,marking     ] GC(530) Concurrent Clear Claimed Marks 0.013ms
[2024-08-28T01:14:04.219+0000][info][gc,marking     ] GC(530) Concurrent Scan Root Regions
[2024-08-28T01:14:04.221+0000][info][gc,marking     ] GC(530) Concurrent Scan Root Regions 1.556ms
[2024-08-28T01:14:04.221+0000][info][gc,marking     ] GC(530) Concurrent Mark
[2024-08-28T01:14:04.221+0000][info][gc,marking     ] GC(530) Concurrent Mark From Roots
[2024-08-28T01:14:04.221+0000][info][gc,task        ] GC(530) Using 17 workers of 17 for marking
[2024-08-28T01:14:04.245+0000][info][gc,marking     ] GC(530) Concurrent Mark From Roots 23.750ms
[2024-08-28T01:14:04.245+0000][info][gc,marking     ] GC(530) Concurrent Preclean
[2024-08-28T01:14:04.245+0000][info][gc,marking     ] GC(530) Concurrent Preclean 0.705ms
[2024-08-28T01:14:04.246+0000][info][gc,start       ] GC(530) Pause Remark
[2024-08-28T01:14:04.247+0000][info][gc             ] GC(530) Pause Remark 943M->943M(1024M) 1.324ms
[2024-08-28T01:14:04.247+0000][info][gc,cpu         ] GC(530) User=0.01s Sys=0.00s Real=0.00s
[2024-08-28T01:14:04.247+0000][info][gc,marking     ] GC(530) Concurrent Mark 26.268ms
[2024-08-28T01:14:04.247+0000][info][gc,marking     ] GC(530) Concurrent Rebuild Remembered Sets
[2024-08-28T01:14:04.248+0000][info][gc,start       ] GC(531) Pause Young (Normal) (G1 Evacuation Pause)
[2024-08-28T01:14:04.248+0000][info][gc,task        ] GC(531) Using 24 workers of 68 for evacuation
[2024-08-28T01:14:04.258+0000][info][gc,phases      ] GC(531)   Pre Evacuate Collection Set: 0.1ms
[2024-08-28T01:14:04.258+0000][info][gc,phases      ] GC(531)   Merge Heap Roots: 0.4ms
[2024-08-28T01:14:04.258+0000][info][gc,phases      ] GC(531)   Evacuate Collection Set: 9.5ms
[2024-08-28T01:14:04.258+0000][info][gc,phases      ] GC(531)   Post Evacuate Collection Set: 0.4ms
[2024-08-28T01:14:04.258+0000][info][gc,phases      ] GC(531)   Other: 0.1ms
[2024-08-28T01:14:04.258+0000][info][gc,heap        ] GC(531) Eden regions: 44->0(44)
[2024-08-28T01:14:04.258+0000][info][gc,heap        ] GC(531) Survivor regions: 7->7(7)
[2024-08-28T01:14:04.258+0000][info][gc,heap        ] GC(531) Old regions: 894->940
[2024-08-28T01:14:04.258+0000][info][gc,heap        ] GC(531) Archive regions: 2->2
[2024-08-28T01:14:04.258+0000][info][gc,heap        ] GC(531) Humongous regions: 5->5
[2024-08-28T01:14:04.258+0000][info][gc,metaspace   ] GC(531) Metaspace: 100K(320K)->100K(320K) NonClass: 96K(192K)->96K(192K) Class: 4K(128K)->4K(128K)
[2024-08-28T01:14:04.258+0000][info][gc             ] GC(531) Pause Young (Normal) (G1 Evacuation Pause) 943M->946M(1024M) 10.653ms
[2024-08-28T01:14:04.258+0000][info][gc,cpu         ] GC(531) User=0.22s Sys=0.00s Real=0.02s
[2024-08-28T01:14:04.272+0000][info][gc,start       ] GC(532) Pause Young (Normal) (G1 Preventive Collection)
[2024-08-28T01:14:04.272+0000][info][gc,task        ] GC(532) Using 24 workers of 68 for evacuation
[2024-08-28T01:14:04.284+0000][info][gc,phases      ] GC(532)   Pre Evacuate Collection Set: 0.1ms
[2024-08-28T01:14:04.284+0000][info][gc,phases      ] GC(532)   Merge Heap Roots: 0.4ms
[2024-08-28T01:14:04.284+0000][info][gc,phases      ] GC(532)   Evacuate Collection Set: 10.8ms
[2024-08-28T01:14:04.284+0000][info][gc,phases      ] GC(532)   Post Evacuate Collection Set: 0.5ms
[2024-08-28T01:14:04.284+0000][info][gc,phases      ] GC(532)   Other: 0.2ms
[2024-08-28T01:14:04.284+0000][info][gc,heap        ] GC(532) Eden regions: 30->0(44)
[2024-08-28T01:14:04.284+0000][info][gc,heap        ] GC(532) Survivor regions: 7->7(7)
[2024-08-28T01:14:04.284+0000][info][gc,heap        ] GC(532) Old regions: 940->973
[2024-08-28T01:14:04.285+0000][info][gc,heap        ] GC(532) Archive regions: 2->2
[2024-08-28T01:14:04.285+0000][info][gc,heap        ] GC(532) Humongous regions: 5->5
[2024-08-28T01:14:04.285+0000][info][gc,metaspace   ] GC(532) Metaspace: 100K(320K)->100K(320K) NonClass: 96K(192K)->96K(192K) Class: 4K(128K)->4K(128K)
[2024-08-28T01:14:04.285+0000][info][gc             ] GC(532) Pause Young (Normal) (G1 Preventive Collection) 976M->979M(1024M) 12.209ms
[2024-08-28T01:14:04.285+0000][info][gc,cpu         ] GC(532) User=0.28s Sys=0.00s Real=0.01s
[2024-08-28T01:14:04.292+0000][info][gc,start       ] GC(533) Pause Young (Normal) (G1 Preventive Collection)
[2024-08-28T01:14:04.292+0000][info][gc,task        ] GC(533) Using 24 workers of 68 for evacuation
[2024-08-28T01:14:04.302+0000][info][gc             ] GC(533) To-space exhausted
[2024-08-28T01:14:04.302+0000][info][gc,phases      ] GC(533)   Pre Evacuate Collection Set: 0.1ms
[2024-08-28T01:14:04.302+0000][info][gc,phases      ] GC(533)   Merge Heap Roots: 0.5ms
[2024-08-28T01:14:04.302+0000][info][gc,phases      ] GC(533)   Evacuate Collection Set: 8.4ms
[2024-08-28T01:14:04.302+0000][info][gc,phases      ] GC(533)   Post Evacuate Collection Set: 0.8ms
[2024-08-28T01:14:04.302+0000][info][gc,phases      ] GC(533)   Other: 0.3ms
[2024-08-28T01:14:04.302+0000][info][gc,heap        ] GC(533) Eden regions: 14->0(44)
[2024-08-28T01:14:04.302+0000][info][gc,heap        ] GC(533) Survivor regions: 7->7(7)
[2024-08-28T01:14:04.302+0000][info][gc,heap        ] GC(533) Old regions: 973->1009
[2024-08-28T01:14:04.302+0000][info][gc,heap        ] GC(533) Archive regions: 2->2
[2024-08-28T01:14:04.302+0000][info][gc,heap        ] GC(533) Humongous regions: 5->5
[2024-08-28T01:14:04.302+0000][info][gc,metaspace   ] GC(533) Metaspace: 100K(320K)->100K(320K) NonClass: 96K(192K)->96K(192K) Class: 4K(128K)->4K(128K)
[2024-08-28T01:14:04.302+0000][info][gc             ] GC(533) Pause Young (Normal) (G1 Preventive Collection) 993M->1015M(1024M) 10.051ms
[2024-08-28T01:14:04.302+0000][info][gc,cpu         ] GC(533) User=0.22s Sys=0.00s Real=0.01s
[2024-08-28T01:14:04.303+0000][info][gc,start       ] GC(534) Pause Young (Normal) (G1 Evacuation Pause)
[2024-08-28T01:14:04.303+0000][info][gc,task        ] GC(534) Using 24 workers of 68 for evacuation
[2024-08-28T01:14:04.310+0000][info][gc             ] GC(534) To-space exhausted
[2024-08-28T01:14:04.310+0000][info][gc,phases      ] GC(534)   Pre Evacuate Collection Set: 0.1ms
[2024-08-28T01:14:04.310+0000][info][gc,phases      ] GC(534)   Merge Heap Roots: 0.5ms
[2024-08-28T01:14:04.310+0000][info][gc,phases      ] GC(534)   Evacuate Collection Set: 5.2ms
[2024-08-28T01:14:04.310+0000][info][gc,phases      ] GC(534)   Post Evacuate Collection Set: 0.9ms
[2024-08-28T01:14:04.310+0000][info][gc,phases      ] GC(534)   Other: 0.1ms
[2024-08-28T01:14:04.310+0000][info][gc,heap        ] GC(534) Eden regions: 1->0(51)
[2024-08-28T01:14:04.310+0000][info][gc,heap        ] GC(534) Survivor regions: 7->0(0)
[2024-08-28T01:14:04.310+0000][info][gc,heap        ] GC(534) Old regions: 1009->1017
[2024-08-28T01:14:04.310+0000][info][gc,heap        ] GC(534) Archive regions: 2->2
[2024-08-28T01:14:04.310+0000][info][gc,heap        ] GC(534) Humongous regions: 5->5
[2024-08-28T01:14:04.310+0000][info][gc,metaspace   ] GC(534) Metaspace: 100K(320K)->100K(320K) NonClass: 96K(192K)->96K(192K) Class: 4K(128K)->4K(128K)
[2024-08-28T01:14:04.310+0000][info][gc             ] GC(534) Pause Young (Normal) (G1 Evacuation Pause) 1016M->1016M(1024M) 6.941ms
[2024-08-28T01:14:04.310+0000][info][gc,cpu         ] GC(534) User=0.13s Sys=0.00s Real=0.01s
[2024-08-28T01:14:04.310+0000][info][gc,ergo        ] Attempting full compaction
[2024-08-28T01:14:04.310+0000][info][gc,task        ] GC(535) Using 24 workers of 68 for full compaction
[2024-08-28T01:14:04.310+0000][info][gc,start       ] GC(535) Pause Full (G1 Compaction Pause)
[2024-08-28T01:14:04.311+0000][info][gc,phases,start] GC(535) Phase 1: Mark live objects
[2024-08-28T01:14:04.324+0000][info][gc,phases      ] GC(535) Phase 1: Mark live objects 13.445ms
[2024-08-28T01:14:04.324+0000][info][gc,phases,start] GC(535) Phase 2: Prepare for compaction
[2024-08-28T01:14:04.332+0000][info][gc,phases      ] GC(535) Phase 2: Prepare for compaction 7.761ms
[2024-08-28T01:14:04.332+0000][info][gc,phases,start] GC(535) Phase 3: Adjust pointers
[2024-08-28T01:14:04.345+0000][info][gc,phases      ] GC(535) Phase 3: Adjust pointers 13.287ms
[2024-08-28T01:14:04.345+0000][info][gc,phases,start] GC(535) Phase 4: Compact heap
[2024-08-28T01:14:04.379+0000][info][gc,phases      ] GC(535) Phase 4: Compact heap 34.015ms
[2024-08-28T01:14:04.381+0000][info][gc,heap        ] GC(535) Eden regions: 0->0(150)
[2024-08-28T01:14:04.382+0000][info][gc,heap        ] GC(535) Survivor regions: 0->0(0)
[2024-08-28T01:14:04.382+0000][info][gc,heap        ] GC(535) Old regions: 1017->443
[2024-08-28T01:14:04.382+0000][info][gc,heap        ] GC(535) Archive regions: 2->2
[2024-08-28T01:14:04.382+0000][info][gc,heap        ] GC(535) Humongous regions: 5->5
[2024-08-28T01:14:04.382+0000][info][gc,metaspace   ] GC(535) Metaspace: 100K(320K)->100K(320K) NonClass: 96K(192K)->96K(192K) Class: 4K(128K)->4K(128K)
[2024-08-28T01:14:04.382+0000][info][gc             ] GC(535) Pause Full (G1 Compaction Pause) 1016M->437M(1024M) 71.572ms
[2024-08-28T01:14:04.382+0000][info][gc,cpu         ] GC(535) User=1.35s Sys=0.05s Real=0.07s
[2024-08-28T01:14:04.382+0000][info][gc,marking     ] GC(530) Concurrent Rebuild Remembered Sets 135.020ms
[2024-08-28T01:14:04.382+0000][info][gc,marking     ] GC(530) Concurrent Mark Abort
[2024-08-28T01:14:04.382+0000][info][gc             ] GC(530) Concurrent Mark Cycle 163.082ms
[2024-08-28T01:14:04.454+0000][info][gc,start       ] GC(536) Pause Young (Normal) (G1 Evacuation Pause)
[2024-08-28T01:14:04.454+0000][info][gc,task        ] GC(536) Using 24 workers of 68 for evacuation
[2024-08-28T01:14:04.477+0000][info][gc,phases      ] GC(536)   Pre Evacuate Collection Set: 0.2ms
[2024-08-28T01:14:04.477+0000][info][gc,phases      ] GC(536)   Merge Heap Roots: 0.5ms
[2024-08-28T01:14:04.477+0000][info][gc,phases      ] GC(536)   Evacuate Collection Set: 22.0ms
[2024-08-28T01:14:04.477+0000][info][gc,phases      ] GC(536)   Post Evacuate Collection Set: 0.3ms
[2024-08-28T01:14:04.477+0000][info][gc,phases      ] GC(536)   Other: 0.3ms
[2024-08-28T01:14:04.477+0000][info][gc,heap        ] GC(536) Eden regions: 150->0(103)
[2024-08-28T01:14:04.477+0000][info][gc,heap        ] GC(536) Survivor regions: 0->19(19)
[2024-08-28T01:14:04.477+0000][info][gc,heap        ] GC(536) Old regions: 443->570
[2024-08-28T01:14:04.477+0000][info][gc,heap        ] GC(536) Archive regions: 2->2
[2024-08-28T01:14:04.477+0000][info][gc,heap        ] GC(536) Humongous regions: 5->5
[2024-08-28T01:14:04.477+0000][info][gc,metaspace   ] GC(536) Metaspace: 100K(320K)->100K(320K) NonClass: 96K(192K)->96K(192K) Class: 4K(128K)->4K(128K)
[2024-08-28T01:14:04.478+0000][info][gc             ] GC(536) Pause Young (Normal) (G1 Evacuation Pause) 587M->582M(1024M) 23.402ms
[2024-08-28T01:14:04.478+0000][info][gc,cpu         ] GC(536) User=0.43s Sys=0.06s Real=0.03s
[2024-08-28T01:14:04.528+0000][info][gc,start       ] GC(537) Pause Young (Concurrent Start) (G1 Evacuation Pause)
[2024-08-28T01:14:04.528+0000][info][gc,task        ] GC(537) Using 24 workers of 68 for evacuation
[2024-08-28T01:14:04.548+0000][info][gc,phases      ] GC(537)   Pre Evacuate Collection Set: 0.2ms
[2024-08-28T01:14:04.548+0000][info][gc,phases      ] GC(537)   Merge Heap Roots: 0.4ms
[2024-08-28T01:14:04.548+0000][info][gc,phases      ] GC(537)   Evacuate Collection Set: 18.2ms
[2024-08-28T01:14:04.548+0000][info][gc,phases      ] GC(537)   Post Evacuate Collection Set: 0.4ms
[2024-08-28T01:14:04.548+0000][info][gc,phases      ] GC(537)   Other: 0.7ms
[2024-08-28T01:14:04.548+0000][info][gc,heap        ] GC(537) Eden regions: 103->0(70)
[2024-08-28T01:14:04.548+0000][info][gc,heap        ] GC(537) Survivor regions: 19->16(16)
[2024-08-28T01:14:04.548+0000][info][gc,heap        ] GC(537) Old regions: 570->675
[2024-08-28T01:14:04.548+0000][info][gc,heap        ] GC(537) Archive regions: 2->2
[2024-08-28T01:14:04.548+0000][info][gc,heap        ] GC(537) Humongous regions: 5->5
[2024-08-28T01:14:04.548+0000][info][gc,metaspace   ] GC(537) Metaspace: 100K(320K)->100K(320K) NonClass: 96K(192K)->96K(192K) Class: 4K(128K)->4K(128K)
[2024-08-28T01:14:04.548+0000][info][gc             ] GC(537) Pause Young (Concurrent Start) (G1 Evacuation Pause) 685M->685M(1024M) 19.970ms
[2024-08-28T01:14:04.548+0000][info][gc,cpu         ] GC(537) User=0.40s Sys=0.04s Real=0.02s
[2024-08-28T01:14:04.548+0000][info][gc             ] GC(538) Concurrent Mark Cycle
[2024-08-28T01:14:04.548+0000][info][gc,marking     ] GC(538) Concurrent Clear Claimed Marks
[2024-08-28T01:14:04.548+0000][info][gc,marking     ] GC(538) Concurrent Clear Claimed Marks 0.012ms
[2024-08-28T01:14:04.548+0000][info][gc,marking     ] GC(538) Concurrent Scan Root Regions
[2024-08-28T01:14:04.552+0000][info][gc,marking     ] GC(538) Concurrent Scan Root Regions 3.345ms
[2024-08-28T01:14:04.552+0000][info][gc,marking     ] GC(538) Concurrent Mark
[2024-08-28T01:14:04.552+0000][info][gc,marking     ] GC(538) Concurrent Mark From Roots
[2024-08-28T01:14:04.552+0000][info][gc,task        ] GC(538) Using 17 workers of 17 for marking
[2024-08-28T01:14:04.572+0000][info][gc,marking     ] GC(538) Concurrent Mark From Roots 20.422ms
[2024-08-28T01:14:04.572+0000][info][gc,marking     ] GC(538) Concurrent Preclean
[2024-08-28T01:14:04.573+0000][info][gc,marking     ] GC(538) Concurrent Preclean 0.537ms
[2024-08-28T01:14:04.573+0000][info][gc,start       ] GC(538) Pause Remark
[2024-08-28T01:14:04.574+0000][info][gc             ] GC(538) Pause Remark 722M->722M(1024M) 1.321ms
[2024-08-28T01:14:04.574+0000][info][gc,cpu         ] GC(538) User=0.00s Sys=0.00s Real=0.00s
[2024-08-28T01:14:04.575+0000][info][gc,marking     ] GC(538) Concurrent Mark 22.677ms
[2024-08-28T01:14:04.575+0000][info][gc,marking     ] GC(538) Concurrent Rebuild Remembered Sets
[2024-08-28T01:14:04.591+0000][info][gc,start       ] GC(539) Pause Young (Normal) (G1 Evacuation Pause)
[2024-08-28T01:14:04.591+0000][info][gc,task        ] GC(539) Using 24 workers of 68 for evacuation
[2024-08-28T01:14:04.607+0000][info][gc,phases      ] GC(539)   Pre Evacuate Collection Set: 0.2ms
[2024-08-28T01:14:04.607+0000][info][gc,phases      ] GC(539)   Merge Heap Roots: 0.4ms
[2024-08-28T01:14:04.607+0000][info][gc,phases      ] GC(539)   Evacuate Collection Set: 14.6ms
[2024-08-28T01:14:04.607+0000][info][gc,phases      ] GC(539)   Post Evacuate Collection Set: 0.6ms
[2024-08-28T01:14:04.607+0000][info][gc,phases      ] GC(539)   Other: 0.3ms
[2024-08-28T01:14:04.607+0000][info][gc,heap        ] GC(539) Eden regions: 70->0(47)
[2024-08-28T01:14:04.607+0000][info][gc,heap        ] GC(539) Survivor regions: 16->11(11)
[2024-08-28T01:14:04.607+0000][info][gc,heap        ] GC(539) Old regions: 675->753
[2024-08-28T01:14:04.607+0000][info][gc,heap        ] GC(539) Archive regions: 2->2
[2024-08-28T01:14:04.607+0000][info][gc,heap        ] GC(539) Humongous regions: 5->5
[2024-08-28T01:14:04.607+0000][info][gc,metaspace   ] GC(539) Metaspace: 100K(320K)->100K(320K) NonClass: 96K(192K)->96K(192K) Class: 4K(128K)->4K(128K)
[2024-08-28T01:14:04.607+0000][info][gc             ] GC(539) Pause Young (Normal) (G1 Evacuation Pause) 755M->757M(1024M) 16.137ms
[2024-08-28T01:14:04.607+0000][info][gc,cpu         ] GC(539) User=0.32s Sys=0.05s Real=0.01s
[2024-08-28T01:14:04.630+0000][info][gc,start       ] GC(540) Pause Young (Normal) (G1 Evacuation Pause)
[2024-08-28T01:14:04.630+0000][info][gc,task        ] GC(540) Using 24 workers of 68 for evacuation
[2024-08-28T01:14:04.649+0000][info][gc,phases      ] GC(540)   Pre Evacuate Collection Set: 0.2ms
[2024-08-28T01:14:04.649+0000][info][gc,phases      ] GC(540)   Merge Heap Roots: 0.5ms
[2024-08-28T01:14:04.649+0000][info][gc,phases      ] GC(540)   Evacuate Collection Set: 17.8ms
[2024-08-28T01:14:04.649+0000][info][gc,phases      ] GC(540)   Post Evacuate Collection Set: 0.6ms
[2024-08-28T01:14:04.649+0000][info][gc,phases      ] GC(540)   Other: 0.3ms
[2024-08-28T01:14:04.649+0000][info][gc,heap        ] GC(540) Eden regions: 47->0(43)
[2024-08-28T01:14:04.649+0000][info][gc,heap        ] GC(540) Survivor regions: 11->8(8)
[2024-08-28T01:14:04.649+0000][info][gc,heap        ] GC(540) Old regions: 753->807
[2024-08-28T01:14:04.649+0000][info][gc,heap        ] GC(540) Archive regions: 2->2
[2024-08-28T01:14:04.649+0000][info][gc,heap        ] GC(540) Humongous regions: 5->5
[2024-08-28T01:14:04.649+0000][info][gc,metaspace   ] GC(540) Metaspace: 100K(320K)->100K(320K) NonClass: 96K(192K)->96K(192K) Class: 4K(128K)->4K(128K)
[2024-08-28T01:14:04.649+0000][info][gc             ] GC(540) Pause Young (Normal) (G1 Evacuation Pause) 804M->809M(1024M) 19.560ms
[2024-08-28T01:14:04.649+0000][info][gc,cpu         ] GC(540) User=0.42s Sys=0.03s Real=0.01s
[2024-08-28T01:14:04.659+0000][info][gc,marking     ] GC(538) Concurrent Rebuild Remembered Sets 84.616ms
[2024-08-28T01:14:04.659+0000][info][gc,start       ] GC(538) Pause Cleanup
[2024-08-28T01:14:04.662+0000][info][gc             ] GC(538) Pause Cleanup 830M->830M(1024M) 2.307ms
[2024-08-28T01:14:04.662+0000][info][gc,cpu         ] GC(538) User=0.01s Sys=0.00s Real=0.00s
[2024-08-28T01:14:04.662+0000][info][gc,marking     ] GC(538) Concurrent Cleanup for Next Mark
[2024-08-28T01:14:04.662+0000][info][gc,marking     ] GC(538) Concurrent Cleanup for Next Mark 0.627ms
[2024-08-28T01:14:04.662+0000][info][gc             ] GC(538) Concurrent Mark Cycle 114.088ms
[2024-08-28T01:14:04.673+0000][info][gc,start       ] GC(541) Pause Young (Prepare Mixed) (G1 Evacuation Pause)
[2024-08-28T01:14:04.673+0000][info][gc,task        ] GC(541) Using 24 workers of 68 for evacuation
[2024-08-28T01:14:04.691+0000][info][gc,phases      ] GC(541)   Pre Evacuate Collection Set: 0.2ms
[2024-08-28T01:14:04.691+0000][info][gc,phases      ] GC(541)   Merge Heap Roots: 0.4ms
[2024-08-28T01:14:04.691+0000][info][gc,phases      ] GC(541)   Evacuate Collection Set: 16.2ms
[2024-08-28T01:14:04.691+0000][info][gc,phases      ] GC(541)   Post Evacuate Collection Set: 0.4ms
[2024-08-28T01:14:04.691+0000][info][gc,phases      ] GC(541)   Other: 0.3ms
[2024-08-28T01:14:04.691+0000][info][gc,heap        ] GC(541) Eden regions: 43->0(44)
[2024-08-28T01:14:04.691+0000][info][gc,heap        ] GC(541) Survivor regions: 8->7(7)
[2024-08-28T01:14:04.691+0000][info][gc,heap        ] GC(541) Old regions: 807->855
[2024-08-28T01:14:04.691+0000][info][gc,heap        ] GC(541) Archive regions: 2->2
[2024-08-28T01:14:04.691+0000][info][gc,heap        ] GC(541) Humongous regions: 5->5
[2024-08-28T01:14:04.691+0000][info][gc,metaspace   ] GC(541) Metaspace: 100K(320K)->100K(320K) NonClass: 96K(192K)->96K(192K) Class: 4K(128K)->4K(128K)
[2024-08-28T01:14:04.691+0000][info][gc             ] GC(541) Pause Young (Prepare Mixed) (G1 Evacuation Pause) 852M->856M(1024M) 17.652ms
[2024-08-28T01:14:04.691+0000][info][gc,cpu         ] GC(541) User=0.38s Sys=0.02s Real=0.02s
[2024-08-28T01:14:04.712+0000][info][gc,start       ] GC(542) Pause Young (Mixed) (G1 Evacuation Pause)
[2024-08-28T01:14:04.712+0000][info][gc,task        ] GC(542) Using 24 workers of 68 for evacuation
[2024-08-28T01:14:04.723+0000][info][gc,phases      ] GC(542)   Pre Evacuate Collection Set: 0.2ms
[2024-08-28T01:14:04.723+0000][info][gc,phases      ] GC(542)   Merge Heap Roots: 0.4ms
[2024-08-28T01:14:04.723+0000][info][gc,phases      ] GC(542)   Evacuate Collection Set: 9.6ms
[2024-08-28T01:14:04.723+0000][info][gc,phases      ] GC(542)   Post Evacuate Collection Set: 0.4ms
[2024-08-28T01:14:04.723+0000][info][gc,phases      ] GC(542)   Other: 0.3ms
[2024-08-28T01:14:04.723+0000][info][gc,heap        ] GC(542) Eden regions: 44->0(44)
[2024-08-28T01:14:04.723+0000][info][gc,heap        ] GC(542) Survivor regions: 7->7(7)
[2024-08-28T01:14:04.723+0000][info][gc,heap        ] GC(542) Old regions: 855->840
[2024-08-28T01:14:04.723+0000][info][gc,heap        ] GC(542) Archive regions: 2->2
[2024-08-28T01:14:04.723+0000][info][gc,heap        ] GC(542) Humongous regions: 5->5
[2024-08-28T01:14:04.723+0000][info][gc,metaspace   ] GC(542) Metaspace: 100K(320K)->100K(320K) NonClass: 96K(192K)->96K(192K) Class: 4K(128K)->4K(128K)
[2024-08-28T01:14:04.723+0000][info][gc             ] GC(542) Pause Young (Mixed) (G1 Evacuation Pause) 900M->840M(1024M) 11.005ms
[2024-08-28T01:14:04.723+0000][info][gc,cpu         ] GC(542) User=0.24s Sys=0.00s Real=0.01s
[2024-08-28T01:14:04.744+0000][info][gc,start       ] GC(543) Pause Young (Mixed) (G1 Evacuation Pause)
[2024-08-28T01:14:04.744+0000][info][gc,task        ] GC(543) Using 24 workers of 68 for evacuation
[2024-08-28T01:14:04.754+0000][info][gc,phases      ] GC(543)   Pre Evacuate Collection Set: 0.2ms
[2024-08-28T01:14:04.754+0000][info][gc,phases      ] GC(543)   Merge Heap Roots: 0.3ms
[2024-08-28T01:14:04.754+0000][info][gc,phases      ] GC(543)   Evacuate Collection Set: 9.3ms
[2024-08-28T01:14:04.754+0000][info][gc,phases      ] GC(543)   Post Evacuate Collection Set: 0.4ms
[2024-08-28T01:14:04.754+0000][info][gc,phases      ] GC(543)   Other: 0.3ms
[2024-08-28T01:14:04.754+0000][info][gc,heap        ] GC(543) Eden regions: 44->0(44)
[2024-08-28T01:14:04.754+0000][info][gc,heap        ] GC(543) Survivor regions: 7->7(7)
[2024-08-28T01:14:04.754+0000][info][gc,heap        ] GC(543) Old regions: 840->823
[2024-08-28T01:14:04.754+0000][info][gc,heap        ] GC(543) Archive regions: 2->2
[2024-08-28T01:14:04.754+0000][info][gc,heap        ] GC(543) Humongous regions: 5->5
[2024-08-28T01:14:04.754+0000][info][gc,metaspace   ] GC(543) Metaspace: 100K(320K)->100K(320K) NonClass: 96K(192K)->96K(192K) Class: 4K(128K)->4K(128K)
[2024-08-28T01:14:04.754+0000][info][gc             ] GC(543) Pause Young (Mixed) (G1 Evacuation Pause) 884M->823M(1024M) 10.720ms
[2024-08-28T01:14:04.754+0000][info][gc,cpu         ] GC(543) User=0.22s Sys=0.01s Real=0.01s
[2024-08-28T01:14:04.775+0000][info][gc,start       ] GC(544) Pause Young (Mixed) (G1 Evacuation Pause)
[2024-08-28T01:14:04.775+0000][info][gc,task        ] GC(544) Using 24 workers of 68 for evacuation
[2024-08-28T01:14:04.785+0000][info][gc,phases      ] GC(544)   Pre Evacuate Collection Set: 0.2ms
[2024-08-28T01:14:04.785+0000][info][gc,phases      ] GC(544)   Merge Heap Roots: 0.4ms
[2024-08-28T01:14:04.785+0000][info][gc,phases      ] GC(544)   Evacuate Collection Set: 9.5ms
[2024-08-28T01:14:04.785+0000][info][gc,phases      ] GC(544)   Post Evacuate Collection Set: 0.4ms
[2024-08-28T01:14:04.785+0000][info][gc,phases      ] GC(544)   Other: 0.3ms
[2024-08-28T01:14:04.785+0000][info][gc,heap        ] GC(544) Eden regions: 44->0(44)
[2024-08-28T01:14:04.785+0000][info][gc,heap        ] GC(544) Survivor regions: 7->7(7)
[2024-08-28T01:14:04.785+0000][info][gc,heap        ] GC(544) Old regions: 823->809
[2024-08-28T01:14:04.785+0000][info][gc,heap        ] GC(544) Archive regions: 2->2
[2024-08-28T01:14:04.785+0000][info][gc,heap        ] GC(544) Humongous regions: 5->5
[2024-08-28T01:14:04.785+0000][info][gc,metaspace   ] GC(544) Metaspace: 100K(320K)->100K(320K) NonClass: 96K(192K)->96K(192K) Class: 4K(128K)->4K(128K)
[2024-08-28T01:14:04.785+0000][info][gc             ] GC(544) Pause Young (Mixed) (G1 Evacuation Pause) 867M->811M(1024M) 10.790ms
[2024-08-28T01:14:04.785+0000][info][gc,cpu         ] GC(544) User=0.23s Sys=0.00s Real=0.01s
[2024-08-28T01:14:04.806+0000][info][gc,start       ] GC(545) Pause Young (Mixed) (G1 Evacuation Pause)
[2024-08-28T01:14:04.806+0000][info][gc,task        ] GC(545) Using 24 workers of 68 for evacuation
[2024-08-28T01:14:04.816+0000][info][gc,phases      ] GC(545)   Pre Evacuate Collection Set: 0.2ms
[2024-08-28T01:14:04.816+0000][info][gc,phases      ] GC(545)   Merge Heap Roots: 0.3ms
[2024-08-28T01:14:04.816+0000][info][gc,phases      ] GC(545)   Evacuate Collection Set: 9.0ms
[2024-08-28T01:14:04.816+0000][info][gc,phases      ] GC(545)   Post Evacuate Collection Set: 0.3ms
[2024-08-28T01:14:04.816+0000][info][gc,phases      ] GC(545)   Other: 0.3ms
[2024-08-28T01:14:04.816+0000][info][gc,heap        ] GC(545) Eden regions: 44->0(44)
[2024-08-28T01:14:04.816+0000][info][gc,heap        ] GC(545) Survivor regions: 7->7(7)
[2024-08-28T01:14:04.816+0000][info][gc,heap        ] GC(545) Old regions: 809->846
[2024-08-28T01:14:04.816+0000][info][gc,heap        ] GC(545) Archive regions: 2->2
[2024-08-28T01:14:04.816+0000][info][gc,heap        ] GC(545) Humongous regions: 5->5
[2024-08-28T01:14:04.816+0000][info][gc,metaspace   ] GC(545) Metaspace: 100K(320K)->100K(320K) NonClass: 96K(192K)->96K(192K) Class: 4K(128K)->4K(128K)
[2024-08-28T01:14:04.816+0000][info][gc             ] GC(545) Pause Young (Mixed) (G1 Evacuation Pause) 855M->850M(1024M) 10.188ms
[2024-08-28T01:14:04.816+0000][info][gc,cpu         ] GC(545) User=0.22s Sys=0.00s Real=0.01s
[2024-08-28T01:14:04.836+0000][info][gc,start       ] GC(546) Pause Young (Concurrent Start) (G1 Evacuation Pause)
[2024-08-28T01:14:04.836+0000][info][gc,task        ] GC(546) Using 24 workers of 68 for evacuation
[2024-08-28T01:14:04.846+0000][info][gc,phases      ] GC(546)   Pre Evacuate Collection Set: 0.2ms
[2024-08-28T01:14:04.846+0000][info][gc,phases      ] GC(546)   Merge Heap Roots: 0.3ms
[2024-08-28T01:14:04.846+0000][info][gc,phases      ] GC(546)   Evacuate Collection Set: 9.0ms
[2024-08-28T01:14:04.846+0000][info][gc,phases      ] GC(546)   Post Evacuate Collection Set: 0.3ms
[2024-08-28T01:14:04.846+0000][info][gc,phases      ] GC(546)   Other: 0.9ms
[2024-08-28T01:14:04.846+0000][info][gc,heap        ] GC(546) Eden regions: 44->0(44)
[2024-08-28T01:14:04.846+0000][info][gc,heap        ] GC(546) Survivor regions: 7->7(7)
[2024-08-28T01:14:04.846+0000][info][gc,heap        ] GC(546) Old regions: 846->893
[2024-08-28T01:14:04.846+0000][info][gc,heap        ] GC(546) Archive regions: 2->2
[2024-08-28T01:14:04.846+0000][info][gc,heap        ] GC(546) Humongous regions: 5->5
[2024-08-28T01:14:04.846+0000][info][gc,metaspace   ] GC(546) Metaspace: 100K(320K)->100K(320K) NonClass: 96K(192K)->96K(192K) Class: 4K(128K)->4K(128K)
[2024-08-28T01:14:04.846+0000][info][gc             ] GC(546) Pause Young (Concurrent Start) (G1 Evacuation Pause) 894M->897M(1024M) 10.822ms
[2024-08-28T01:14:04.846+0000][info][gc,cpu         ] GC(546) User=0.22s Sys=0.00s Real=0.01s
[2024-08-28T01:14:04.847+0000][info][gc             ] GC(547) Concurrent Mark Cycle
[2024-08-28T01:14:04.847+0000][info][gc,marking     ] GC(547) Concurrent Clear Claimed Marks
[2024-08-28T01:14:04.847+0000][info][gc,marking     ] GC(547) Concurrent Clear Claimed Marks 0.014ms
[2024-08-28T01:14:04.847+0000][info][gc,marking     ] GC(547) Concurrent Scan Root Regions
[2024-08-28T01:14:04.848+0000][info][gc,marking     ] GC(547) Concurrent Scan Root Regions 1.525ms
[2024-08-28T01:14:04.848+0000][info][gc,marking     ] GC(547) Concurrent Mark
[2024-08-28T01:14:04.848+0000][info][gc,marking     ] GC(547) Concurrent Mark From Roots
[2024-08-28T01:14:04.848+0000][info][gc,task        ] GC(547) Using 17 workers of 17 for marking
[2024-08-28T01:14:04.871+0000][info][gc,marking     ] GC(547) Concurrent Mark From Roots 23.113ms
[2024-08-28T01:14:04.871+0000][info][gc,marking     ] GC(547) Concurrent Preclean
[2024-08-28T01:14:04.872+0000][info][gc,marking     ] GC(547) Concurrent Preclean 0.706ms
[2024-08-28T01:14:04.872+0000][info][gc,start       ] GC(547) Pause Remark
[2024-08-28T01:14:04.874+0000][info][gc             ] GC(547) Pause Remark 938M->938M(1024M) 1.858ms
[2024-08-28T01:14:04.874+0000][info][gc,cpu         ] GC(547) User=0.01s Sys=0.01s Real=0.00s
[2024-08-28T01:14:04.874+0000][info][gc,marking     ] GC(547) Concurrent Mark 26.152ms
[2024-08-28T01:14:04.874+0000][info][gc,marking     ] GC(547) Concurrent Rebuild Remembered Sets
[2024-08-28T01:14:04.877+0000][info][gc,start       ] GC(548) Pause Young (Normal) (G1 Evacuation Pause)
[2024-08-28T01:14:04.877+0000][info][gc,task        ] GC(548) Using 24 workers of 68 for evacuation
[2024-08-28T01:14:04.887+0000][info][gc,phases      ] GC(548)   Pre Evacuate Collection Set: 0.2ms
[2024-08-28T01:14:04.887+0000][info][gc,phases      ] GC(548)   Merge Heap Roots: 0.4ms
[2024-08-28T01:14:04.887+0000][info][gc,phases      ] GC(548)   Evacuate Collection Set: 8.7ms
[2024-08-28T01:14:04.887+0000][info][gc,phases      ] GC(548)   Post Evacuate Collection Set: 0.5ms
[2024-08-28T01:14:04.887+0000][info][gc,phases      ] GC(548)   Other: 0.3ms
[2024-08-28T01:14:04.887+0000][info][gc,heap        ] GC(548) Eden regions: 44->0(44)
[2024-08-28T01:14:04.887+0000][info][gc,heap        ] GC(548) Survivor regions: 7->7(7)
[2024-08-28T01:14:04.887+0000][info][gc,heap        ] GC(548) Old regions: 893->940
[2024-08-28T01:14:04.887+0000][info][gc,heap        ] GC(548) Archive regions: 2->2
[2024-08-28T01:14:04.887+0000][info][gc,heap        ] GC(548) Humongous regions: 5->5
[2024-08-28T01:14:04.887+0000][info][gc,metaspace   ] GC(548) Metaspace: 100K(320K)->100K(320K) NonClass: 96K(192K)->96K(192K) Class: 4K(128K)->4K(128K)
[2024-08-28T01:14:04.887+0000][info][gc             ] GC(548) Pause Young (Normal) (G1 Evacuation Pause) 941M->944M(1024M) 10.082ms
[2024-08-28T01:14:04.887+0000][info][gc,cpu         ] GC(548) User=0.21s Sys=0.00s Real=0.01s
[2024-08-28T01:14:04.902+0000][info][gc,start       ] GC(549) Pause Young (Normal) (G1 Preventive Collection)
[2024-08-28T01:14:04.902+0000][info][gc,task        ] GC(549) Using 24 workers of 68 for evacuation
[2024-08-28T01:14:04.914+0000][info][gc,phases      ] GC(549)   Pre Evacuate Collection Set: 0.2ms
[2024-08-28T01:14:04.914+0000][info][gc,phases      ] GC(549)   Merge Heap Roots: 0.3ms
[2024-08-28T01:14:04.914+0000][info][gc,phases      ] GC(549)   Evacuate Collection Set: 10.3ms
[2024-08-28T01:14:04.914+0000][info][gc,phases      ] GC(549)   Post Evacuate Collection Set: 0.5ms
[2024-08-28T01:14:04.914+0000][info][gc,phases      ] GC(549)   Other: 0.3ms
[2024-08-28T01:14:04.914+0000][info][gc,heap        ] GC(549) Eden regions: 30->0(44)
[2024-08-28T01:14:04.914+0000][info][gc,heap        ] GC(549) Survivor regions: 7->7(7)
[2024-08-28T01:14:04.914+0000][info][gc,heap        ] GC(549) Old regions: 940->973
[2024-08-28T01:14:04.914+0000][info][gc,heap        ] GC(549) Archive regions: 2->2
[2024-08-28T01:14:04.914+0000][info][gc,heap        ] GC(549) Humongous regions: 5->5
[2024-08-28T01:14:04.914+0000][info][gc,metaspace   ] GC(549) Metaspace: 100K(320K)->100K(320K) NonClass: 96K(192K)->96K(192K) Class: 4K(128K)->4K(128K)
[2024-08-28T01:14:04.914+0000][info][gc             ] GC(549) Pause Young (Normal) (G1 Preventive Collection) 974M->977M(1024M) 11.848ms
[2024-08-28T01:14:04.914+0000][info][gc,cpu         ] GC(549) User=0.26s Sys=0.00s Real=0.01s
[2024-08-28T01:14:04.921+0000][info][gc,start       ] GC(550) Pause Young (Normal) (G1 Preventive Collection)
[2024-08-28T01:14:04.921+0000][info][gc,task        ] GC(550) Using 24 workers of 68 for evacuation
[2024-08-28T01:14:04.931+0000][info][gc             ] GC(550) To-space exhausted
[2024-08-28T01:14:04.931+0000][info][gc,phases      ] GC(550)   Pre Evacuate Collection Set: 0.2ms
[2024-08-28T01:14:04.931+0000][info][gc,phases      ] GC(550)   Merge Heap Roots: 0.5ms
[2024-08-28T01:14:04.931+0000][info][gc,phases      ] GC(550)   Evacuate Collection Set: 8.0ms
[2024-08-28T01:14:04.931+0000][info][gc,phases      ] GC(550)   Post Evacuate Collection Set: 0.8ms
[2024-08-28T01:14:04.931+0000][info][gc,phases      ] GC(550)   Other: 0.3ms
[2024-08-28T01:14:04.931+0000][info][gc,heap        ] GC(550) Eden regions: 14->0(44)
[2024-08-28T01:14:04.931+0000][info][gc,heap        ] GC(550) Survivor regions: 7->7(7)
[2024-08-28T01:14:04.931+0000][info][gc,heap        ] GC(550) Old regions: 973->1006
[2024-08-28T01:14:04.931+0000][info][gc,heap        ] GC(550) Archive regions: 2->2
[2024-08-28T01:14:04.931+0000][info][gc,heap        ] GC(550) Humongous regions: 5->5
[2024-08-28T01:14:04.931+0000][info][gc,metaspace   ] GC(550) Metaspace: 100K(320K)->100K(320K) NonClass: 96K(192K)->96K(192K) Class: 4K(128K)->4K(128K)
[2024-08-28T01:14:04.931+0000][info][gc             ] GC(550) Pause Young (Normal) (G1 Preventive Collection) 991M->1010M(1024M) 9.900ms
[2024-08-28T01:14:04.931+0000][info][gc,cpu         ] GC(550) User=0.21s Sys=0.00s Real=0.01s
[2024-08-28T01:14:04.932+0000][info][gc,start       ] GC(551) Pause Young (Normal) (G1 Preventive Collection)
[2024-08-28T01:14:04.932+0000][info][gc,task        ] GC(551) Using 24 workers of 68 for evacuation
[2024-08-28T01:14:04.939+0000][info][gc             ] GC(551) To-space exhausted
[2024-08-28T01:14:04.939+0000][info][gc,phases      ] GC(551)   Pre Evacuate Collection Set: 0.2ms
[2024-08-28T01:14:04.939+0000][info][gc,phases      ] GC(551)   Merge Heap Roots: 0.5ms
[2024-08-28T01:14:04.939+0000][info][gc,phases      ] GC(551)   Evacuate Collection Set: 5.4ms
[2024-08-28T01:14:04.939+0000][info][gc,phases      ] GC(551)   Post Evacuate Collection Set: 0.8ms
[2024-08-28T01:14:04.939+0000][info][gc,phases      ] GC(551)   Other: 0.2ms
[2024-08-28T01:14:04.939+0000][info][gc,heap        ] GC(551) Eden regions: 1->0(50)
[2024-08-28T01:14:04.939+0000][info][gc,heap        ] GC(551) Survivor regions: 7->1(3)
[2024-08-28T01:14:04.939+0000][info][gc,heap        ] GC(551) Old regions: 1006->1016
[2024-08-28T01:14:04.939+0000][info][gc,heap        ] GC(551) Archive regions: 2->2
[2024-08-28T01:14:04.939+0000][info][gc,heap        ] GC(551) Humongous regions: 5->5
[2024-08-28T01:14:04.939+0000][info][gc,metaspace   ] GC(551) Metaspace: 100K(320K)->100K(320K) NonClass: 96K(192K)->96K(192K) Class: 4K(128K)->4K(128K)
[2024-08-28T01:14:04.940+0000][info][gc             ] GC(551) Pause Young (Normal) (G1 Preventive Collection) 1011M->1014M(1024M) 7.257ms
[2024-08-28T01:14:04.940+0000][info][gc,cpu         ] GC(551) User=0.15s Sys=0.00s Real=0.01s
[2024-08-28T01:14:04.940+0000][info][gc,ergo        ] Attempting full compaction
[2024-08-28T01:14:04.940+0000][info][gc,task        ] GC(552) Using 24 workers of 68 for full compaction
[2024-08-28T01:14:04.940+0000][info][gc,start       ] GC(552) Pause Full (G1 Compaction Pause)
[2024-08-28T01:14:04.941+0000][info][gc,phases,start] GC(552) Phase 1: Mark live objects
[2024-08-28T01:14:04.954+0000][info][gc,phases      ] GC(552) Phase 1: Mark live objects 13.887ms
[2024-08-28T01:14:04.955+0000][info][gc,phases,start] GC(552) Phase 2: Prepare for compaction
[2024-08-28T01:14:04.962+0000][info][gc,phases      ] GC(552) Phase 2: Prepare for compaction 7.615ms
[2024-08-28T01:14:04.962+0000][info][gc,phases,start] GC(552) Phase 3: Adjust pointers
[2024-08-28T01:14:04.976+0000][info][gc,phases      ] GC(552) Phase 3: Adjust pointers 13.275ms
[2024-08-28T01:14:04.976+0000][info][gc,phases,start] GC(552) Phase 4: Compact heap
[2024-08-28T01:14:05.003+0000][info][gc,phases      ] GC(552) Phase 4: Compact heap 27.364ms
[2024-08-28T01:14:05.005+0000][info][gc,heap        ] GC(552) Eden regions: 0->0(151)
[2024-08-28T01:14:05.005+0000][info][gc,heap        ] GC(552) Survivor regions: 1->0(3)
[2024-08-28T01:14:05.005+0000][info][gc,heap        ] GC(552) Old regions: 1016->440
[2024-08-28T01:14:05.005+0000][info][gc,heap        ] GC(552) Archive regions: 2->2
[2024-08-28T01:14:05.005+0000][info][gc,heap        ] GC(552) Humongous regions: 5->5
[2024-08-28T01:14:05.005+0000][info][gc,metaspace   ] GC(552) Metaspace: 100K(320K)->100K(320K) NonClass: 96K(192K)->96K(192K) Class: 4K(128K)->4K(128K)
[2024-08-28T01:14:05.005+0000][info][gc             ] GC(552) Pause Full (G1 Compaction Pause) 1014M->437M(1024M) 64.713ms
[2024-08-28T01:14:05.005+0000][info][gc,cpu         ] GC(552) User=1.36s Sys=0.01s Real=0.06s
[2024-08-28T01:14:05.005+0000][info][gc,marking     ] GC(547) Concurrent Rebuild Remembered Sets 130.733ms
[2024-08-28T01:14:05.005+0000][info][gc,marking     ] GC(547) Concurrent Mark Abort
[2024-08-28T01:14:05.005+0000][info][gc             ] GC(547) Concurrent Mark Cycle 158.620ms
[2024-08-28T01:14:05.080+0000][info][gc,start       ] GC(553) Pause Young (Normal) (G1 Evacuation Pause)
[2024-08-28T01:14:05.080+0000][info][gc,task        ] GC(553) Using 24 workers of 68 for evacuation
[2024-08-28T01:14:05.101+0000][info][gc,phases      ] GC(553)   Pre Evacuate Collection Set: 0.2ms
[2024-08-28T01:14:05.101+0000][info][gc,phases      ] GC(553)   Merge Heap Roots: 0.4ms
[2024-08-28T01:14:05.101+0000][info][gc,phases      ] GC(553)   Evacuate Collection Set: 20.2ms
[2024-08-28T01:14:05.101+0000][info][gc,phases      ] GC(553)   Post Evacuate Collection Set: 0.4ms
[2024-08-28T01:14:05.101+0000][info][gc,phases      ] GC(553)   Other: 0.4ms
[2024-08-28T01:14:05.101+0000][info][gc,heap        ] GC(553) Eden regions: 151->0(104)
[2024-08-28T01:14:05.101+0000][info][gc,heap        ] GC(553) Survivor regions: 0->19(19)
[2024-08-28T01:14:05.101+0000][info][gc,heap        ] GC(553) Old regions: 440->567
[2024-08-28T01:14:05.101+0000][info][gc,heap        ] GC(553) Archive regions: 2->2
[2024-08-28T01:14:05.101+0000][info][gc,heap        ] GC(553) Humongous regions: 5->5
[2024-08-28T01:14:05.101+0000][info][gc,metaspace   ] GC(553) Metaspace: 100K(320K)->100K(320K) NonClass: 96K(192K)->96K(192K) Class: 4K(128K)->4K(128K)
[2024-08-28T01:14:05.101+0000][info][gc             ] GC(553) Pause Young (Normal) (G1 Evacuation Pause) 588M->582M(1024M) 21.666ms
[2024-08-28T01:14:05.101+0000][info][gc,cpu         ] GC(553) User=0.48s Sys=0.00s Real=0.02s
[2024-08-28T01:14:05.149+0000][info][gc,start       ] GC(554) Pause Young (Concurrent Start) (G1 Evacuation Pause)
[2024-08-28T01:14:05.149+0000][info][gc,task        ] GC(554) Using 24 workers of 68 for evacuation
[2024-08-28T01:14:05.169+0000][info][gc,phases      ] GC(554)   Pre Evacuate Collection Set: 0.2ms
[2024-08-28T01:14:05.169+0000][info][gc,phases      ] GC(554)   Merge Heap Roots: 0.4ms
[2024-08-28T01:14:05.169+0000][info][gc,phases      ] GC(554)   Evacuate Collection Set: 17.6ms
[2024-08-28T01:14:05.169+0000][info][gc,phases      ] GC(554)   Post Evacuate Collection Set: 0.4ms
[2024-08-28T01:14:05.169+0000][info][gc,phases      ] GC(554)   Other: 1.0ms
[2024-08-28T01:14:05.169+0000][info][gc,heap        ] GC(554) Eden regions: 104->0(71)
[2024-08-28T01:14:05.169+0000][info][gc,heap        ] GC(554) Survivor regions: 19->16(16)
[2024-08-28T01:14:05.169+0000][info][gc,heap        ] GC(554) Old regions: 567->674
[2024-08-28T01:14:05.169+0000][info][gc,heap        ] GC(554) Archive regions: 2->2
[2024-08-28T01:14:05.169+0000][info][gc,heap        ] GC(554) Humongous regions: 5->5
[2024-08-28T01:14:05.169+0000][info][gc,metaspace   ] GC(554) Metaspace: 100K(320K)->100K(320K) NonClass: 96K(192K)->96K(192K) Class: 4K(128K)->4K(128K)
[2024-08-28T01:14:05.169+0000][info][gc             ] GC(554) Pause Young (Concurrent Start) (G1 Evacuation Pause) 686M->687M(1024M) 19.887ms
[2024-08-28T01:14:05.169+0000][info][gc,cpu         ] GC(554) User=0.42s Sys=0.01s Real=0.02s
[2024-08-28T01:14:05.169+0000][info][gc             ] GC(555) Concurrent Mark Cycle
[2024-08-28T01:14:05.169+0000][info][gc,marking     ] GC(555) Concurrent Clear Claimed Marks
[2024-08-28T01:14:05.169+0000][info][gc,marking     ] GC(555) Concurrent Clear Claimed Marks 0.011ms
[2024-08-28T01:14:05.169+0000][info][gc,marking     ] GC(555) Concurrent Scan Root Regions
[2024-08-28T01:14:05.173+0000][info][gc,marking     ] GC(555) Concurrent Scan Root Regions 3.370ms
[2024-08-28T01:14:05.173+0000][info][gc,marking     ] GC(555) Concurrent Mark
[2024-08-28T01:14:05.173+0000][info][gc,marking     ] GC(555) Concurrent Mark From Roots
[2024-08-28T01:14:05.173+0000][info][gc,task        ] GC(555) Using 17 workers of 17 for marking
[2024-08-28T01:14:05.192+0000][info][gc,marking     ] GC(555) Concurrent Mark From Roots 19.602ms
[2024-08-28T01:14:05.192+0000][info][gc,marking     ] GC(555) Concurrent Preclean
[2024-08-28T01:14:05.194+0000][info][gc,marking     ] GC(555) Concurrent Preclean 2.081ms
[2024-08-28T01:14:05.195+0000][info][gc,start       ] GC(555) Pause Remark
[2024-08-28T01:14:05.196+0000][info][gc             ] GC(555) Pause Remark 727M->727M(1024M) 1.586ms
[2024-08-28T01:14:05.196+0000][info][gc,cpu         ] GC(555) User=0.01s Sys=0.00s Real=0.00s
[2024-08-28T01:14:05.196+0000][info][gc,marking     ] GC(555) Concurrent Mark 23.845ms
[2024-08-28T01:14:05.197+0000][info][gc,marking     ] GC(555) Concurrent Rebuild Remembered Sets
[2024-08-28T01:14:05.211+0000][info][gc,start       ] GC(556) Pause Young (Normal) (G1 Evacuation Pause)
[2024-08-28T01:14:05.211+0000][info][gc,task        ] GC(556) Using 24 workers of 68 for evacuation
[2024-08-28T01:14:05.227+0000][info][gc,phases      ] GC(556)   Pre Evacuate Collection Set: 0.2ms
[2024-08-28T01:14:05.227+0000][info][gc,phases      ] GC(556)   Merge Heap Roots: 0.3ms
[2024-08-28T01:14:05.227+0000][info][gc,phases      ] GC(556)   Evacuate Collection Set: 14.5ms
[2024-08-28T01:14:05.227+0000][info][gc,phases      ] GC(556)   Post Evacuate Collection Set: 0.6ms
[2024-08-28T01:14:05.227+0000][info][gc,phases      ] GC(556)   Other: 0.3ms
[2024-08-28T01:14:05.227+0000][info][gc,heap        ] GC(556) Eden regions: 71->0(47)
[2024-08-28T01:14:05.227+0000][info][gc,heap        ] GC(556) Survivor regions: 16->11(11)
[2024-08-28T01:14:05.227+0000][info][gc,heap        ] GC(556) Old regions: 674->753
[2024-08-28T01:14:05.227+0000][info][gc,heap        ] GC(556) Archive regions: 2->2
[2024-08-28T01:14:05.227+0000][info][gc,heap        ] GC(556) Humongous regions: 5->5
[2024-08-28T01:14:05.227+0000][info][gc,metaspace   ] GC(556) Metaspace: 100K(320K)->100K(320K) NonClass: 96K(192K)->96K(192K) Class: 4K(128K)->4K(128K)
[2024-08-28T01:14:05.227+0000][info][gc             ] GC(556) Pause Young (Normal) (G1 Evacuation Pause) 758M->761M(1024M) 16.035ms
[2024-08-28T01:14:05.227+0000][info][gc,cpu         ] GC(556) User=0.35s Sys=0.00s Real=0.01s
[2024-08-28T01:14:05.249+0000][info][gc,start       ] GC(557) Pause Young (Normal) (G1 Evacuation Pause)
[2024-08-28T01:14:05.249+0000][info][gc,task        ] GC(557) Using 24 workers of 68 for evacuation
[2024-08-28T01:14:05.268+0000][info][gc,phases      ] GC(557)   Pre Evacuate Collection Set: 0.2ms
[2024-08-28T01:14:05.268+0000][info][gc,phases      ] GC(557)   Merge Heap Roots: 0.5ms
[2024-08-28T01:14:05.268+0000][info][gc,phases      ] GC(557)   Evacuate Collection Set: 17.3ms
[2024-08-28T01:14:05.268+0000][info][gc,phases      ] GC(557)   Post Evacuate Collection Set: 0.6ms
[2024-08-28T01:14:05.268+0000][info][gc,phases      ] GC(557)   Other: 0.4ms
[2024-08-28T01:14:05.268+0000][info][gc,heap        ] GC(557) Eden regions: 47->0(43)
[2024-08-28T01:14:05.268+0000][info][gc,heap        ] GC(557) Survivor regions: 11->8(8)
[2024-08-28T01:14:05.268+0000][info][gc,heap        ] GC(557) Old regions: 753->808
[2024-08-28T01:14:05.268+0000][info][gc,heap        ] GC(557) Archive regions: 2->2
[2024-08-28T01:14:05.268+0000][info][gc,heap        ] GC(557) Humongous regions: 5->5
[2024-08-28T01:14:05.268+0000][info][gc,metaspace   ] GC(557) Metaspace: 100K(320K)->100K(320K) NonClass: 96K(192K)->96K(192K) Class: 4K(128K)->4K(128K)
[2024-08-28T01:14:05.268+0000][info][gc             ] GC(557) Pause Young (Normal) (G1 Evacuation Pause) 808M->812M(1024M) 19.111ms
[2024-08-28T01:14:05.268+0000][info][gc,cpu         ] GC(557) User=0.43s Sys=0.00s Real=0.02s
[2024-08-28T01:14:05.281+0000][info][gc,marking     ] GC(555) Concurrent Rebuild Remembered Sets 84.794ms
[2024-08-28T01:14:05.282+0000][info][gc,start       ] GC(555) Pause Cleanup
[2024-08-28T01:14:05.284+0000][info][gc             ] GC(555) Pause Cleanup 839M->839M(1024M) 2.316ms
[2024-08-28T01:14:05.284+0000][info][gc,cpu         ] GC(555) User=0.00s Sys=0.00s Real=0.00s
[2024-08-28T01:14:05.284+0000][info][gc,marking     ] GC(555) Concurrent Cleanup for Next Mark
[2024-08-28T01:14:05.285+0000][info][gc,marking     ] GC(555) Concurrent Cleanup for Next Mark 0.718ms
[2024-08-28T01:14:05.285+0000][info][gc             ] GC(555) Concurrent Mark Cycle 115.647ms
[2024-08-28T01:14:05.293+0000][info][gc,start       ] GC(558) Pause Young (Prepare Mixed) (G1 Evacuation Pause)
[2024-08-28T01:14:05.293+0000][info][gc,task        ] GC(558) Using 24 workers of 68 for evacuation
[2024-08-28T01:14:05.310+0000][info][gc,phases      ] GC(558)   Pre Evacuate Collection Set: 0.2ms
[2024-08-28T01:14:05.310+0000][info][gc,phases      ] GC(558)   Merge Heap Roots: 0.6ms
[2024-08-28T01:14:05.310+0000][info][gc,phases      ] GC(558)   Evacuate Collection Set: 16.4ms
[2024-08-28T01:14:05.310+0000][info][gc,phases      ] GC(558)   Post Evacuate Collection Set: 0.3ms
[2024-08-28T01:14:05.310+0000][info][gc,phases      ] GC(558)   Other: 0.3ms
[2024-08-28T01:14:05.311+0000][info][gc,heap        ] GC(558) Eden regions: 43->0(44)
[2024-08-28T01:14:05.311+0000][info][gc,heap        ] GC(558) Survivor regions: 8->7(7)
[2024-08-28T01:14:05.311+0000][info][gc,heap        ] GC(558) Old regions: 808->856
[2024-08-28T01:14:05.311+0000][info][gc,heap        ] GC(558) Archive regions: 2->2
[2024-08-28T01:14:05.311+0000][info][gc,heap        ] GC(558) Humongous regions: 5->5
[2024-08-28T01:14:05.311+0000][info][gc,metaspace   ] GC(558) Metaspace: 100K(320K)->100K(320K) NonClass: 96K(192K)->96K(192K) Class: 4K(128K)->4K(128K)
[2024-08-28T01:14:05.311+0000][info][gc             ] GC(558) Pause Young (Prepare Mixed) (G1 Evacuation Pause) 855M->860M(1024M) 17.932ms
[2024-08-28T01:14:05.311+0000][info][gc,cpu         ] GC(558) User=0.41s Sys=0.00s Real=0.02s
[2024-08-28T01:14:05.331+0000][info][gc,start       ] GC(559) Pause Young (Mixed) (G1 Evacuation Pause)
[2024-08-28T01:14:05.331+0000][info][gc,task        ] GC(559) Using 24 workers of 68 for evacuation
[2024-08-28T01:14:05.342+0000][info][gc,phases      ] GC(559)   Pre Evacuate Collection Set: 0.2ms
[2024-08-28T01:14:05.343+0000][info][gc,phases      ] GC(559)   Merge Heap Roots: 0.3ms
[2024-08-28T01:14:05.343+0000][info][gc,phases      ] GC(559)   Evacuate Collection Set: 9.9ms
[2024-08-28T01:14:05.343+0000][info][gc,phases      ] GC(559)   Post Evacuate Collection Set: 0.4ms
[2024-08-28T01:14:05.343+0000][info][gc,phases      ] GC(559)   Other: 0.3ms
[2024-08-28T01:14:05.343+0000][info][gc,heap        ] GC(559) Eden regions: 44->0(44)
[2024-08-28T01:14:05.343+0000][info][gc,heap        ] GC(559) Survivor regions: 7->7(7)
[2024-08-28T01:14:05.343+0000][info][gc,heap        ] GC(559) Old regions: 856->840
[2024-08-28T01:14:05.343+0000][info][gc,heap        ] GC(559) Archive regions: 2->2
[2024-08-28T01:14:05.343+0000][info][gc,heap        ] GC(559) Humongous regions: 5->5
[2024-08-28T01:14:05.343+0000][info][gc,metaspace   ] GC(559) Metaspace: 100K(320K)->100K(320K) NonClass: 96K(192K)->96K(192K) Class: 4K(128K)->4K(128K)
[2024-08-28T01:14:05.343+0000][info][gc             ] GC(559) Pause Young (Mixed) (G1 Evacuation Pause) 904M->844M(1024M) 11.318ms
[2024-08-28T01:14:05.343+0000][info][gc,cpu         ] GC(559) User=0.25s Sys=0.00s Real=0.01s
[2024-08-28T01:14:05.364+0000][info][gc,start       ] GC(560) Pause Young (Mixed) (G1 Evacuation Pause)
[2024-08-28T01:14:05.364+0000][info][gc,task        ] GC(560) Using 24 workers of 68 for evacuation
[2024-08-28T01:14:05.375+0000][info][gc,phases      ] GC(560)   Pre Evacuate Collection Set: 0.2ms
[2024-08-28T01:14:05.375+0000][info][gc,phases      ] GC(560)   Merge Heap Roots: 0.4ms
[2024-08-28T01:14:05.375+0000][info][gc,phases      ] GC(560)   Evacuate Collection Set: 9.8ms
[2024-08-28T01:14:05.375+0000][info][gc,phases      ] GC(560)   Post Evacuate Collection Set: 0.4ms
[2024-08-28T01:14:05.375+0000][info][gc,phases      ] GC(560)   Other: 0.3ms
[2024-08-28T01:14:05.375+0000][info][gc,heap        ] GC(560) Eden regions: 44->0(44)
[2024-08-28T01:14:05.375+0000][info][gc,heap        ] GC(560) Survivor regions: 7->7(7)
[2024-08-28T01:14:05.375+0000][info][gc,heap        ] GC(560) Old regions: 840->825
[2024-08-28T01:14:05.375+0000][info][gc,heap        ] GC(560) Archive regions: 2->2
[2024-08-28T01:14:05.375+0000][info][gc,heap        ] GC(560) Humongous regions: 5->5
[2024-08-28T01:14:05.375+0000][info][gc,metaspace   ] GC(560) Metaspace: 100K(320K)->100K(320K) NonClass: 96K(192K)->96K(192K) Class: 4K(128K)->4K(128K)
[2024-08-28T01:14:05.375+0000][info][gc             ] GC(560) Pause Young (Mixed) (G1 Evacuation Pause) 888M->828M(1024M) 11.362ms
[2024-08-28T01:14:05.375+0000][info][gc,cpu         ] GC(560) User=0.24s Sys=0.00s Real=0.01s
[2024-08-28T01:14:05.396+0000][info][gc,start       ] GC(561) Pause Young (Mixed) (G1 Evacuation Pause)
[2024-08-28T01:14:05.396+0000][info][gc,task        ] GC(561) Using 24 workers of 68 for evacuation
[2024-08-28T01:14:05.407+0000][info][gc,phases      ] GC(561)   Pre Evacuate Collection Set: 0.2ms
[2024-08-28T01:14:05.407+0000][info][gc,phases      ] GC(561)   Merge Heap Roots: 0.3ms
[2024-08-28T01:14:05.407+0000][info][gc,phases      ] GC(561)   Evacuate Collection Set: 9.8ms
[2024-08-28T01:14:05.407+0000][info][gc,phases      ] GC(561)   Post Evacuate Collection Set: 0.4ms
[2024-08-28T01:14:05.407+0000][info][gc,phases      ] GC(561)   Other: 0.3ms
[2024-08-28T01:14:05.407+0000][info][gc,heap        ] GC(561) Eden regions: 44->0(44)
[2024-08-28T01:14:05.407+0000][info][gc,heap        ] GC(561) Survivor regions: 7->7(7)
[2024-08-28T01:14:05.407+0000][info][gc,heap        ] GC(561) Old regions: 825->810
[2024-08-28T01:14:05.407+0000][info][gc,heap        ] GC(561) Archive regions: 2->2
[2024-08-28T01:14:05.407+0000][info][gc,heap        ] GC(561) Humongous regions: 5->5
[2024-08-28T01:14:05.407+0000][info][gc,metaspace   ] GC(561) Metaspace: 100K(320K)->100K(320K) NonClass: 96K(192K)->96K(192K) Class: 4K(128K)->4K(128K)
[2024-08-28T01:14:05.407+0000][info][gc             ] GC(561) Pause Young (Mixed) (G1 Evacuation Pause) 872M->814M(1024M) 11.220ms
[2024-08-28T01:14:05.407+0000][info][gc,cpu         ] GC(561) User=0.24s Sys=0.00s Real=0.01s
[2024-08-28T01:14:05.428+0000][info][gc,start       ] GC(562) Pause Young (Mixed) (G1 Evacuation Pause)
[2024-08-28T01:14:05.428+0000][info][gc,task        ] GC(562) Using 24 workers of 68 for evacuation
[2024-08-28T01:14:05.438+0000][info][gc,phases      ] GC(562)   Pre Evacuate Collection Set: 0.2ms
[2024-08-28T01:14:05.438+0000][info][gc,phases      ] GC(562)   Merge Heap Roots: 0.4ms
[2024-08-28T01:14:05.438+0000][info][gc,phases      ] GC(562)   Evacuate Collection Set: 9.3ms
[2024-08-28T01:14:05.438+0000][info][gc,phases      ] GC(562)   Post Evacuate Collection Set: 0.4ms
[2024-08-28T01:14:05.438+0000][info][gc,phases      ] GC(562)   Other: 0.3ms
[2024-08-28T01:14:05.438+0000][info][gc,heap        ] GC(562) Eden regions: 44->0(44)
[2024-08-28T01:14:05.438+0000][info][gc,heap        ] GC(562) Survivor regions: 7->7(7)
[2024-08-28T01:14:05.438+0000][info][gc,heap        ] GC(562) Old regions: 810->847
[2024-08-28T01:14:05.438+0000][info][gc,heap        ] GC(562) Archive regions: 2->2
[2024-08-28T01:14:05.438+0000][info][gc,heap        ] GC(562) Humongous regions: 5->5
[2024-08-28T01:14:05.438+0000][info][gc,metaspace   ] GC(562) Metaspace: 100K(320K)->100K(320K) NonClass: 96K(192K)->96K(192K) Class: 4K(128K)->4K(128K)
[2024-08-28T01:14:05.438+0000][info][gc             ] GC(562) Pause Young (Mixed) (G1 Evacuation Pause) 858M->852M(1024M) 10.712ms
[2024-08-28T01:14:05.438+0000][info][gc,cpu         ] GC(562) User=0.23s Sys=0.00s Real=0.02s
[2024-08-28T01:14:05.458+0000][info][gc,start       ] GC(563) Pause Young (Concurrent Start) (G1 Evacuation Pause)
[2024-08-28T01:14:05.458+0000][info][gc,task        ] GC(563) Using 24 workers of 68 for evacuation
[2024-08-28T01:14:05.469+0000][info][gc,phases      ] GC(563)   Pre Evacuate Collection Set: 0.2ms
[2024-08-28T01:14:05.469+0000][info][gc,phases      ] GC(563)   Merge Heap Roots: 0.4ms
[2024-08-28T01:14:05.469+0000][info][gc,phases      ] GC(563)   Evacuate Collection Set: 9.0ms
[2024-08-28T01:14:05.469+0000][info][gc,phases      ] GC(563)   Post Evacuate Collection Set: 0.4ms
[2024-08-28T01:14:05.469+0000][info][gc,phases      ] GC(563)   Other: 1.0ms
[2024-08-28T01:14:05.469+0000][info][gc,heap        ] GC(563) Eden regions: 44->0(44)
[2024-08-28T01:14:05.469+0000][info][gc,heap        ] GC(563) Survivor regions: 7->7(7)
[2024-08-28T01:14:05.469+0000][info][gc,heap        ] GC(563) Old regions: 847->894
[2024-08-28T01:14:05.469+0000][info][gc,heap        ] GC(563) Archive regions: 2->2
[2024-08-28T01:14:05.469+0000][info][gc,heap        ] GC(563) Humongous regions: 5->5
[2024-08-28T01:14:05.469+0000][info][gc,metaspace   ] GC(563) Metaspace: 100K(320K)->100K(320K) NonClass: 96K(192K)->96K(192K) Class: 4K(128K)->4K(128K)
[2024-08-28T01:14:05.469+0000][info][gc             ] GC(563) Pause Young (Concurrent Start) (G1 Evacuation Pause) 896M->899M(1024M) 11.059ms
[2024-08-28T01:14:05.469+0000][info][gc,cpu         ] GC(563) User=0.22s Sys=0.00s Real=0.00s
[2024-08-28T01:14:05.469+0000][info][gc             ] GC(564) Concurrent Mark Cycle
[2024-08-28T01:14:05.469+0000][info][gc,marking     ] GC(564) Concurrent Clear Claimed Marks
[2024-08-28T01:14:05.469+0000][info][gc,marking     ] GC(564) Concurrent Clear Claimed Marks 0.016ms
[2024-08-28T01:14:05.469+0000][info][gc,marking     ] GC(564) Concurrent Scan Root Regions
[2024-08-28T01:14:05.471+0000][info][gc,marking     ] GC(564) Concurrent Scan Root Regions 1.514ms
[2024-08-28T01:14:05.471+0000][info][gc,marking     ] GC(564) Concurrent Mark
[2024-08-28T01:14:05.471+0000][info][gc,marking     ] GC(564) Concurrent Mark From Roots
[2024-08-28T01:14:05.471+0000][info][gc,task        ] GC(564) Using 17 workers of 17 for marking
[2024-08-28T01:14:05.494+0000][info][gc,marking     ] GC(564) Concurrent Mark From Roots 22.792ms
[2024-08-28T01:14:05.494+0000][info][gc,marking     ] GC(564) Concurrent Preclean
[2024-08-28T01:14:05.495+0000][info][gc,marking     ] GC(564) Concurrent Preclean 0.846ms
[2024-08-28T01:14:05.495+0000][info][gc,start       ] GC(564) Pause Remark
[2024-08-28T01:14:05.497+0000][info][gc             ] GC(564) Pause Remark 939M->939M(1024M) 1.944ms
[2024-08-28T01:14:05.497+0000][info][gc,cpu         ] GC(564) User=0.01s Sys=0.01s Real=0.00s
[2024-08-28T01:14:05.497+0000][info][gc,marking     ] GC(564) Concurrent Mark 26.145ms
[2024-08-28T01:14:05.497+0000][info][gc,marking     ] GC(564) Concurrent Rebuild Remembered Sets
[2024-08-28T01:14:05.500+0000][info][gc,start       ] GC(565) Pause Young (Normal) (G1 Evacuation Pause)
[2024-08-28T01:14:05.500+0000][info][gc,task        ] GC(565) Using 24 workers of 68 for evacuation
[2024-08-28T01:14:05.510+0000][info][gc,phases      ] GC(565)   Pre Evacuate Collection Set: 0.2ms
[2024-08-28T01:14:05.510+0000][info][gc,phases      ] GC(565)   Merge Heap Roots: 0.4ms
[2024-08-28T01:14:05.510+0000][info][gc,phases      ] GC(565)   Evacuate Collection Set: 8.9ms
[2024-08-28T01:14:05.510+0000][info][gc,phases      ] GC(565)   Post Evacuate Collection Set: 0.5ms
[2024-08-28T01:14:05.510+0000][info][gc,phases      ] GC(565)   Other: 0.3ms
[2024-08-28T01:14:05.511+0000][info][gc,heap        ] GC(565) Eden regions: 44->0(44)
[2024-08-28T01:14:05.511+0000][info][gc,heap        ] GC(565) Survivor regions: 7->7(7)
[2024-08-28T01:14:05.511+0000][info][gc,heap        ] GC(565) Old regions: 894->940
[2024-08-28T01:14:05.511+0000][info][gc,heap        ] GC(565) Archive regions: 2->2
[2024-08-28T01:14:05.511+0000][info][gc,heap        ] GC(565) Humongous regions: 5->5
[2024-08-28T01:14:05.511+0000][info][gc,metaspace   ] GC(565) Metaspace: 100K(320K)->100K(320K) NonClass: 96K(192K)->96K(192K) Class: 4K(128K)->4K(128K)
[2024-08-28T01:14:05.511+0000][info][gc             ] GC(565) Pause Young (Normal) (G1 Evacuation Pause) 943M->945M(1024M) 10.317ms
[2024-08-28T01:14:05.511+0000][info][gc,cpu         ] GC(565) User=0.22s Sys=0.00s Real=0.01s
[2024-08-28T01:14:05.527+0000][info][gc,start       ] GC(566) Pause Young (Normal) (G1 Preventive Collection)
[2024-08-28T01:14:05.527+0000][info][gc,task        ] GC(566) Using 24 workers of 68 for evacuation
[2024-08-28T01:14:05.539+0000][info][gc             ] GC(566) To-space exhausted
[2024-08-28T01:14:05.539+0000][info][gc,phases      ] GC(566)   Pre Evacuate Collection Set: 0.2ms
[2024-08-28T01:14:05.539+0000][info][gc,phases      ] GC(566)   Merge Heap Roots: 0.5ms
[2024-08-28T01:14:05.539+0000][info][gc,phases      ] GC(566)   Evacuate Collection Set: 10.8ms
[2024-08-28T01:14:05.539+0000][info][gc,phases      ] GC(566)   Post Evacuate Collection Set: 0.7ms
[2024-08-28T01:14:05.539+0000][info][gc,phases      ] GC(566)   Other: 0.4ms
[2024-08-28T01:14:05.539+0000][info][gc,heap        ] GC(566) Eden regions: 30->0(44)
[2024-08-28T01:14:05.539+0000][info][gc,heap        ] GC(566) Survivor regions: 7->7(7)
[2024-08-28T01:14:05.539+0000][info][gc,heap        ] GC(566) Old regions: 940->980
[2024-08-28T01:14:05.539+0000][info][gc,heap        ] GC(566) Archive regions: 2->2
[2024-08-28T01:14:05.539+0000][info][gc,heap        ] GC(566) Humongous regions: 5->5
[2024-08-28T01:14:05.539+0000][info][gc,metaspace   ] GC(566) Metaspace: 100K(320K)->100K(320K) NonClass: 96K(192K)->96K(192K) Class: 4K(128K)->4K(128K)
[2024-08-28T01:14:05.539+0000][info][gc             ] GC(566) Pause Young (Normal) (G1 Preventive Collection) 975M->985M(1024M) 12.596ms
[2024-08-28T01:14:05.539+0000][info][gc,cpu         ] GC(566) User=0.28s Sys=0.00s Real=0.02s
[2024-08-28T01:14:05.545+0000][info][gc,start       ] GC(567) Pause Young (Normal) (G1 Preventive Collection)
[2024-08-28T01:14:05.545+0000][info][gc,task        ] GC(567) Using 24 workers of 68 for evacuation
[2024-08-28T01:14:05.554+0000][info][gc,phases      ] GC(567)   Pre Evacuate Collection Set: 0.2ms
[2024-08-28T01:14:05.554+0000][info][gc,phases      ] GC(567)   Merge Heap Roots: 0.5ms
[2024-08-28T01:14:05.554+0000][info][gc,phases      ] GC(567)   Evacuate Collection Set: 7.9ms
[2024-08-28T01:14:05.554+0000][info][gc,phases      ] GC(567)   Post Evacuate Collection Set: 0.5ms
[2024-08-28T01:14:05.554+0000][info][gc,phases      ] GC(567)   Other: 0.3ms
[2024-08-28T01:14:05.554+0000][info][gc,heap        ] GC(567) Eden regions: 10->0(44)
[2024-08-28T01:14:05.554+0000][info][gc,heap        ] GC(567) Survivor regions: 7->7(7)
[2024-08-28T01:14:05.555+0000][info][gc,heap        ] GC(567) Old regions: 980->993
[2024-08-28T01:14:05.555+0000][info][gc,heap        ] GC(567) Archive regions: 2->2
[2024-08-28T01:14:05.555+0000][info][gc,heap        ] GC(567) Humongous regions: 5->5
[2024-08-28T01:14:05.555+0000][info][gc,metaspace   ] GC(567) Metaspace: 100K(320K)->100K(320K) NonClass: 96K(192K)->96K(192K) Class: 4K(128K)->4K(128K)
[2024-08-28T01:14:05.555+0000][info][gc             ] GC(567) Pause Young (Normal) (G1 Preventive Collection) 995M->998M(1024M) 9.512ms
[2024-08-28T01:14:05.555+0000][info][gc,cpu         ] GC(567) User=0.21s Sys=0.01s Real=0.01s
[2024-08-28T01:14:05.557+0000][info][gc,start       ] GC(568) Pause Young (Normal) (G1 Preventive Collection)
[2024-08-28T01:14:05.557+0000][info][gc,task        ] GC(568) Using 24 workers of 68 for evacuation
[2024-08-28T01:14:05.565+0000][info][gc             ] GC(568) To-space exhausted
[2024-08-28T01:14:05.565+0000][info][gc,phases      ] GC(568)   Pre Evacuate Collection Set: 0.1ms
[2024-08-28T01:14:05.565+0000][info][gc,phases      ] GC(568)   Merge Heap Roots: 0.5ms
[2024-08-28T01:14:05.565+0000][info][gc,phases      ] GC(568)   Evacuate Collection Set: 6.0ms
[2024-08-28T01:14:05.565+0000][info][gc,phases      ] GC(568)   Post Evacuate Collection Set: 0.7ms
[2024-08-28T01:14:05.565+0000][info][gc,phases      ] GC(568)   Other: 0.2ms
[2024-08-28T01:14:05.565+0000][info][gc,heap        ] GC(568) Eden regions: 4->0(47)
[2024-08-28T01:14:05.565+0000][info][gc,heap        ] GC(568) Survivor regions: 7->4(7)
[2024-08-28T01:14:05.565+0000][info][gc,heap        ] GC(568) Old regions: 993->1009
[2024-08-28T01:14:05.565+0000][info][gc,heap        ] GC(568) Archive regions: 2->2
[2024-08-28T01:14:05.565+0000][info][gc,heap        ] GC(568) Humongous regions: 5->5
[2024-08-28T01:14:05.565+0000][info][gc,metaspace   ] GC(568) Metaspace: 100K(320K)->100K(320K) NonClass: 96K(192K)->96K(192K) Class: 4K(128K)->4K(128K)
[2024-08-28T01:14:05.565+0000][info][gc             ] GC(568) Pause Young (Normal) (G1 Preventive Collection) 1002M->1011M(1024M) 7.572ms
[2024-08-28T01:14:05.565+0000][info][gc,cpu         ] GC(568) User=0.16s Sys=0.00s Real=0.01s
[2024-08-28T01:14:05.566+0000][info][gc,start       ] GC(569) Pause Young (Normal) (G1 Preventive Collection)
[2024-08-28T01:14:05.566+0000][info][gc,task        ] GC(569) Using 24 workers of 68 for evacuation
[2024-08-28T01:14:05.572+0000][info][gc             ] GC(569) To-space exhausted
[2024-08-28T01:14:05.572+0000][info][gc,phases      ] GC(569)   Pre Evacuate Collection Set: 0.1ms
[2024-08-28T01:14:05.572+0000][info][gc,phases      ] GC(569)   Merge Heap Roots: 0.5ms
[2024-08-28T01:14:05.572+0000][info][gc,phases      ] GC(569)   Evacuate Collection Set: 4.9ms
[2024-08-28T01:14:05.572+0000][info][gc,phases      ] GC(569)   Post Evacuate Collection Set: 0.7ms
[2024-08-28T01:14:05.572+0000][info][gc,phases      ] GC(569)   Other: 0.2ms
[2024-08-28T01:14:05.572+0000][info][gc,heap        ] GC(569) Eden regions: 1->0(50)
[2024-08-28T01:14:05.572+0000][info][gc,heap        ] GC(569) Survivor regions: 4->1(3)
[2024-08-28T01:14:05.572+0000][info][gc,heap        ] GC(569) Old regions: 1009->1016
[2024-08-28T01:14:05.572+0000][info][gc,heap        ] GC(569) Archive regions: 2->2
[2024-08-28T01:14:05.572+0000][info][gc,heap        ] GC(569) Humongous regions: 5->5
[2024-08-28T01:14:05.572+0000][info][gc,metaspace   ] GC(569) Metaspace: 100K(320K)->100K(320K) NonClass: 96K(192K)->96K(192K) Class: 4K(128K)->4K(128K)
[2024-08-28T01:14:05.572+0000][info][gc             ] GC(569) Pause Young (Normal) (G1 Preventive Collection) 1012M->1015M(1024M) 6.420ms
[2024-08-28T01:14:05.572+0000][info][gc,cpu         ] GC(569) User=0.13s Sys=0.01s Real=0.01s
[2024-08-28T01:14:05.572+0000][info][gc,ergo        ] Attempting full compaction
[2024-08-28T01:14:05.572+0000][info][gc,task        ] GC(570) Using 24 workers of 68 for full compaction
[2024-08-28T01:14:05.572+0000][info][gc,start       ] GC(570) Pause Full (G1 Compaction Pause)
[2024-08-28T01:14:05.573+0000][info][gc,phases,start] GC(570) Phase 1: Mark live objects
[2024-08-28T01:14:05.588+0000][info][gc,phases      ] GC(570) Phase 1: Mark live objects 14.776ms
[2024-08-28T01:14:05.588+0000][info][gc,phases,start] GC(570) Phase 2: Prepare for compaction
[2024-08-28T01:14:05.596+0000][info][gc,phases      ] GC(570) Phase 2: Prepare for compaction 7.996ms
[2024-08-28T01:14:05.596+0000][info][gc,phases,start] GC(570) Phase 3: Adjust pointers
[2024-08-28T01:14:05.610+0000][info][gc,phases      ] GC(570) Phase 3: Adjust pointers 14.091ms
[2024-08-28T01:14:05.610+0000][info][gc,phases,start] GC(570) Phase 4: Compact heap
[2024-08-28T01:14:05.638+0000][info][gc,phases      ] GC(570) Phase 4: Compact heap 28.078ms
[2024-08-28T01:14:05.639+0000][info][gc,heap        ] GC(570) Eden regions: 0->0(149)
[2024-08-28T01:14:05.639+0000][info][gc,heap        ] GC(570) Survivor regions: 1->0(3)
[2024-08-28T01:14:05.639+0000][info][gc,heap        ] GC(570) Old regions: 1016->444
[2024-08-28T01:14:05.639+0000][info][gc,heap        ] GC(570) Archive regions: 2->2
[2024-08-28T01:14:05.639+0000][info][gc,heap        ] GC(570) Humongous regions: 5->5
[2024-08-28T01:14:05.639+0000][info][gc,metaspace   ] GC(570) Metaspace: 100K(320K)->100K(320K) NonClass: 96K(192K)->96K(192K) Class: 4K(128K)->4K(128K)
[2024-08-28T01:14:05.639+0000][info][gc             ] GC(570) Pause Full (G1 Compaction Pause) 1015M->436M(1024M) 66.999ms
[2024-08-28T01:14:05.639+0000][info][gc,cpu         ] GC(570) User=1.44s Sys=0.00s Real=0.07s
[2024-08-28T01:14:05.639+0000][info][gc,marking     ] GC(564) Concurrent Rebuild Remembered Sets 142.306ms
[2024-08-28T01:14:05.640+0000][info][gc,marking     ] GC(564) Concurrent Mark Abort
[2024-08-28T01:14:05.640+0000][info][gc             ] GC(564) Concurrent Mark Cycle 170.162ms
[2024-08-28T01:14:05.711+0000][info][gc,start       ] GC(571) Pause Young (Normal) (G1 Evacuation Pause)
[2024-08-28T01:14:05.711+0000][info][gc,task        ] GC(571) Using 24 workers of 68 for evacuation
[2024-08-28T01:14:05.733+0000][info][gc,phases      ] GC(571)   Pre Evacuate Collection Set: 0.2ms
[2024-08-28T01:14:05.733+0000][info][gc,phases      ] GC(571)   Merge Heap Roots: 0.4ms
[2024-08-28T01:14:05.733+0000][info][gc,phases      ] GC(571)   Evacuate Collection Set: 20.0ms
[2024-08-28T01:14:05.733+0000][info][gc,phases      ] GC(571)   Post Evacuate Collection Set: 0.4ms
[2024-08-28T01:14:05.733+0000][info][gc,phases      ] GC(571)   Other: 0.3ms
[2024-08-28T01:14:05.733+0000][info][gc,heap        ] GC(571) Eden regions: 149->0(103)
[2024-08-28T01:14:05.733+0000][info][gc,heap        ] GC(571) Survivor regions: 0->19(19)
[2024-08-28T01:14:05.733+0000][info][gc,heap        ] GC(571) Old regions: 444->571
[2024-08-28T01:14:05.733+0000][info][gc,heap        ] GC(571) Archive regions: 2->2
[2024-08-28T01:14:05.733+0000][info][gc,heap        ] GC(571) Humongous regions: 5->5
[2024-08-28T01:14:05.733+0000][info][gc,metaspace   ] GC(571) Metaspace: 100K(320K)->100K(320K) NonClass: 96K(192K)->96K(192K) Class: 4K(128K)->4K(128K)
[2024-08-28T01:14:05.733+0000][info][gc             ] GC(571) Pause Young (Normal) (G1 Evacuation Pause) 585M->582M(1024M) 21.304ms
[2024-08-28T01:14:05.733+0000][info][gc,cpu         ] GC(571) User=0.48s Sys=0.01s Real=0.02s
[2024-08-28T01:14:05.779+0000][info][gc,start       ] GC(572) Pause Young (Concurrent Start) (G1 Evacuation Pause)
[2024-08-28T01:14:05.779+0000][info][gc,task        ] GC(572) Using 24 workers of 68 for evacuation
[2024-08-28T01:14:05.798+0000][info][gc,phases      ] GC(572)   Pre Evacuate Collection Set: 0.2ms
[2024-08-28T01:14:05.798+0000][info][gc,phases      ] GC(572)   Merge Heap Roots: 0.4ms
[2024-08-28T01:14:05.798+0000][info][gc,phases      ] GC(572)   Evacuate Collection Set: 17.2ms
[2024-08-28T01:14:05.798+0000][info][gc,phases      ] GC(572)   Post Evacuate Collection Set: 0.3ms
[2024-08-28T01:14:05.798+0000][info][gc,phases      ] GC(572)   Other: 0.6ms
[2024-08-28T01:14:05.798+0000][info][gc,heap        ] GC(572) Eden regions: 103->0(69)
[2024-08-28T01:14:05.798+0000][info][gc,heap        ] GC(572) Survivor regions: 19->16(16)
[2024-08-28T01:14:05.798+0000][info][gc,heap        ] GC(572) Old regions: 571->679
[2024-08-28T01:14:05.798+0000][info][gc,heap        ] GC(572) Archive regions: 2->2
[2024-08-28T01:14:05.798+0000][info][gc,heap        ] GC(572) Humongous regions: 5->5
[2024-08-28T01:14:05.798+0000][info][gc,metaspace   ] GC(572) Metaspace: 100K(320K)->100K(320K) NonClass: 96K(192K)->96K(192K) Class: 4K(128K)->4K(128K)
[2024-08-28T01:14:05.798+0000][info][gc             ] GC(572) Pause Young (Concurrent Start) (G1 Evacuation Pause) 685M->687M(1024M) 18.754ms
[2024-08-28T01:14:05.798+0000][info][gc,cpu         ] GC(572) User=0.41s Sys=0.01s Real=0.02s
[2024-08-28T01:14:05.798+0000][info][gc             ] GC(573) Concurrent Mark Cycle
[2024-08-28T01:14:05.798+0000][info][gc,marking     ] GC(573) Concurrent Clear Claimed Marks
[2024-08-28T01:14:05.798+0000][info][gc,marking     ] GC(573) Concurrent Clear Claimed Marks 0.010ms
[2024-08-28T01:14:05.798+0000][info][gc,marking     ] GC(573) Concurrent Scan Root Regions
[2024-08-28T01:14:05.802+0000][info][gc,marking     ] GC(573) Concurrent Scan Root Regions 3.341ms
[2024-08-28T01:14:05.802+0000][info][gc,marking     ] GC(573) Concurrent Mark
[2024-08-28T01:14:05.802+0000][info][gc,marking     ] GC(573) Concurrent Mark From Roots
[2024-08-28T01:14:05.802+0000][info][gc,task        ] GC(573) Using 17 workers of 17 for marking
[2024-08-28T01:14:05.822+0000][info][gc,marking     ] GC(573) Concurrent Mark From Roots 19.960ms
[2024-08-28T01:14:05.822+0000][info][gc,marking     ] GC(573) Concurrent Preclean
[2024-08-28T01:14:05.822+0000][info][gc,marking     ] GC(573) Concurrent Preclean 0.506ms
[2024-08-28T01:14:05.822+0000][info][gc,start       ] GC(573) Pause Remark
[2024-08-28T01:14:05.824+0000][info][gc             ] GC(573) Pause Remark 725M->725M(1024M) 1.150ms
[2024-08-28T01:14:05.824+0000][info][gc,cpu         ] GC(573) User=0.01s Sys=0.00s Real=0.00s
[2024-08-28T01:14:05.824+0000][info][gc,marking     ] GC(573) Concurrent Mark 22.016ms
[2024-08-28T01:14:05.824+0000][info][gc,marking     ] GC(573) Concurrent Rebuild Remembered Sets
[2024-08-28T01:14:05.839+0000][info][gc,start       ] GC(574) Pause Young (Normal) (G1 Evacuation Pause)
[2024-08-28T01:14:05.839+0000][info][gc,task        ] GC(574) Using 24 workers of 68 for evacuation
[2024-08-28T01:14:05.854+0000][info][gc,phases      ] GC(574)   Pre Evacuate Collection Set: 0.2ms
[2024-08-28T01:14:05.854+0000][info][gc,phases      ] GC(574)   Merge Heap Roots: 0.4ms
[2024-08-28T01:14:05.854+0000][info][gc,phases      ] GC(574)   Evacuate Collection Set: 14.4ms
[2024-08-28T01:14:05.854+0000][info][gc,phases      ] GC(574)   Post Evacuate Collection Set: 0.5ms
[2024-08-28T01:14:05.854+0000][info][gc,phases      ] GC(574)   Other: 0.2ms
[2024-08-28T01:14:05.854+0000][info][gc,heap        ] GC(574) Eden regions: 69->0(46)
[2024-08-28T01:14:05.854+0000][info][gc,heap        ] GC(574) Survivor regions: 16->11(11)
[2024-08-28T01:14:05.854+0000][info][gc,heap        ] GC(574) Old regions: 679->755
[2024-08-28T01:14:05.854+0000][info][gc,heap        ] GC(574) Archive regions: 2->2
[2024-08-28T01:14:05.854+0000][info][gc,heap        ] GC(574) Humongous regions: 5->5
[2024-08-28T01:14:05.854+0000][info][gc,metaspace   ] GC(574) Metaspace: 100K(320K)->100K(320K) NonClass: 96K(192K)->96K(192K) Class: 4K(128K)->4K(128K)
[2024-08-28T01:14:05.855+0000][info][gc             ] GC(574) Pause Young (Normal) (G1 Evacuation Pause) 756M->758M(1024M) 15.762ms
[2024-08-28T01:14:05.855+0000][info][gc,cpu         ] GC(574) User=0.36s Sys=0.00s Real=0.01s
[2024-08-28T01:14:05.876+0000][info][gc,start       ] GC(575) Pause Young (Normal) (G1 Evacuation Pause)
[2024-08-28T01:14:05.876+0000][info][gc,task        ] GC(575) Using 24 workers of 68 for evacuation
[2024-08-28T01:14:05.895+0000][info][gc,phases      ] GC(575)   Pre Evacuate Collection Set: 0.2ms
[2024-08-28T01:14:05.895+0000][info][gc,phases      ] GC(575)   Merge Heap Roots: 0.5ms
[2024-08-28T01:14:05.895+0000][info][gc,phases      ] GC(575)   Evacuate Collection Set: 17.7ms
[2024-08-28T01:14:05.895+0000][info][gc,phases      ] GC(575)   Post Evacuate Collection Set: 0.6ms
[2024-08-28T01:14:05.895+0000][info][gc,phases      ] GC(575)   Other: 0.3ms
[2024-08-28T01:14:05.895+0000][info][gc,heap        ] GC(575) Eden regions: 46->0(43)
[2024-08-28T01:14:05.895+0000][info][gc,heap        ] GC(575) Survivor regions: 11->8(8)
[2024-08-28T01:14:05.895+0000][info][gc,heap        ] GC(575) Old regions: 755->809
[2024-08-28T01:14:05.895+0000][info][gc,heap        ] GC(575) Archive regions: 2->2
[2024-08-28T01:14:05.895+0000][info][gc,heap        ] GC(575) Humongous regions: 5->5
[2024-08-28T01:14:05.895+0000][info][gc,metaspace   ] GC(575) Metaspace: 100K(320K)->100K(320K) NonClass: 96K(192K)->96K(192K) Class: 4K(128K)->4K(128K)
[2024-08-28T01:14:05.895+0000][info][gc             ] GC(575) Pause Young (Normal) (G1 Evacuation Pause) 804M->809M(1024M) 19.276ms
[2024-08-28T01:14:05.895+0000][info][gc,cpu         ] GC(575) User=0.44s Sys=0.00s Real=0.02s
[2024-08-28T01:14:05.909+0000][info][gc,marking     ] GC(573) Concurrent Rebuild Remembered Sets 85.412ms
[2024-08-28T01:14:05.909+0000][info][gc,start       ] GC(573) Pause Cleanup
[2024-08-28T01:14:05.911+0000][info][gc             ] GC(573) Pause Cleanup 838M->838M(1024M) 1.168ms
[2024-08-28T01:14:05.911+0000][info][gc,cpu         ] GC(573) User=0.00s Sys=0.00s Real=0.01s
[2024-08-28T01:14:05.911+0000][info][gc,marking     ] GC(573) Concurrent Cleanup for Next Mark
[2024-08-28T01:14:05.911+0000][info][gc,marking     ] GC(573) Concurrent Cleanup for Next Mark 0.594ms
[2024-08-28T01:14:05.911+0000][info][gc             ] GC(573) Concurrent Mark Cycle 113.106ms
[2024-08-28T01:14:05.919+0000][info][gc,start       ] GC(576) Pause Young (Prepare Mixed) (G1 Evacuation Pause)
[2024-08-28T01:14:05.919+0000][info][gc,task        ] GC(576) Using 24 workers of 68 for evacuation
[2024-08-28T01:14:05.935+0000][info][gc,phases      ] GC(576)   Pre Evacuate Collection Set: 0.2ms
[2024-08-28T01:14:05.936+0000][info][gc,phases      ] GC(576)   Merge Heap Roots: 0.5ms
[2024-08-28T01:14:05.936+0000][info][gc,phases      ] GC(576)   Evacuate Collection Set: 15.9ms
[2024-08-28T01:14:05.936+0000][info][gc,phases      ] GC(576)   Post Evacuate Collection Set: 0.3ms
[2024-08-28T01:14:05.936+0000][info][gc,phases      ] GC(576)   Other: 0.2ms
[2024-08-28T01:14:05.936+0000][info][gc,heap        ] GC(576) Eden regions: 43->0(44)
[2024-08-28T01:14:05.936+0000][info][gc,heap        ] GC(576) Survivor regions: 8->7(7)
[2024-08-28T01:14:05.936+0000][info][gc,heap        ] GC(576) Old regions: 809->857
[2024-08-28T01:14:05.936+0000][info][gc,heap        ] GC(576) Archive regions: 2->2
[2024-08-28T01:14:05.936+0000][info][gc,heap        ] GC(576) Humongous regions: 5->5
[2024-08-28T01:14:05.936+0000][info][gc,metaspace   ] GC(576) Metaspace: 100K(320K)->100K(320K) NonClass: 96K(192K)->96K(192K) Class: 4K(128K)->4K(128K)
[2024-08-28T01:14:05.936+0000][info][gc             ] GC(576) Pause Young (Prepare Mixed) (G1 Evacuation Pause) 852M->856M(1024M) 17.084ms
[2024-08-28T01:14:05.936+0000][info][gc,cpu         ] GC(576) User=0.39s Sys=0.00s Real=0.01s
[2024-08-28T01:14:05.956+0000][info][gc,start       ] GC(577) Pause Young (Mixed) (G1 Evacuation Pause)
[2024-08-28T01:14:05.956+0000][info][gc,task        ] GC(577) Using 24 workers of 68 for evacuation
[2024-08-28T01:14:05.967+0000][info][gc,phases      ] GC(577)   Pre Evacuate Collection Set: 0.2ms
[2024-08-28T01:14:05.967+0000][info][gc,phases      ] GC(577)   Merge Heap Roots: 0.4ms
[2024-08-28T01:14:05.967+0000][info][gc,phases      ] GC(577)   Evacuate Collection Set: 10.0ms
[2024-08-28T01:14:05.967+0000][info][gc,phases      ] GC(577)   Post Evacuate Collection Set: 0.3ms
[2024-08-28T01:14:05.967+0000][info][gc,phases      ] GC(577)   Other: 0.2ms
[2024-08-28T01:14:05.967+0000][info][gc,heap        ] GC(577) Eden regions: 44->0(44)
[2024-08-28T01:14:05.967+0000][info][gc,heap        ] GC(577) Survivor regions: 7->7(7)
[2024-08-28T01:14:05.967+0000][info][gc,heap        ] GC(577) Old regions: 857->841
[2024-08-28T01:14:05.967+0000][info][gc,heap        ] GC(577) Archive regions: 2->2
[2024-08-28T01:14:05.967+0000][info][gc,heap        ] GC(577) Humongous regions: 5->5
[2024-08-28T01:14:05.967+0000][info][gc,metaspace   ] GC(577) Metaspace: 100K(320K)->100K(320K) NonClass: 96K(192K)->96K(192K) Class: 4K(128K)->4K(128K)
[2024-08-28T01:14:05.967+0000][info][gc             ] GC(577) Pause Young (Mixed) (G1 Evacuation Pause) 900M->840M(1024M) 11.210ms
[2024-08-28T01:14:05.967+0000][info][gc,cpu         ] GC(577) User=0.25s Sys=0.00s Real=0.01s
[2024-08-28T01:14:05.987+0000][info][gc,start       ] GC(578) Pause Young (Mixed) (G1 Evacuation Pause)
[2024-08-28T01:14:05.987+0000][info][gc,task        ] GC(578) Using 24 workers of 68 for evacuation
[2024-08-28T01:14:05.998+0000][info][gc,phases      ] GC(578)   Pre Evacuate Collection Set: 0.2ms
[2024-08-28T01:14:05.998+0000][info][gc,phases      ] GC(578)   Merge Heap Roots: 0.3ms
[2024-08-28T01:14:05.998+0000][info][gc,phases      ] GC(578)   Evacuate Collection Set: 9.9ms
[2024-08-28T01:14:05.998+0000][info][gc,phases      ] GC(578)   Post Evacuate Collection Set: 0.4ms
[2024-08-28T01:14:05.998+0000][info][gc,phases      ] GC(578)   Other: 0.2ms
[2024-08-28T01:14:05.998+0000][info][gc,heap        ] GC(578) Eden regions: 44->0(44)
[2024-08-28T01:14:05.998+0000][info][gc,heap        ] GC(578) Survivor regions: 7->7(7)
[2024-08-28T01:14:05.998+0000][info][gc,heap        ] GC(578) Old regions: 841->826
[2024-08-28T01:14:05.998+0000][info][gc,heap        ] GC(578) Archive regions: 2->2
[2024-08-28T01:14:05.998+0000][info][gc,heap        ] GC(578) Humongous regions: 5->5
[2024-08-28T01:14:05.998+0000][info][gc,metaspace   ] GC(578) Metaspace: 100K(320K)->100K(320K) NonClass: 96K(192K)->96K(192K) Class: 4K(128K)->4K(128K)
[2024-08-28T01:14:05.998+0000][info][gc             ] GC(578) Pause Young (Mixed) (G1 Evacuation Pause) 884M->825M(1024M) 11.072ms
[2024-08-28T01:14:05.998+0000][info][gc,cpu         ] GC(578) User=0.25s Sys=0.00s Real=0.02s
[2024-08-28T01:14:06.018+0000][info][gc,start       ] GC(579) Pause Young (Mixed) (G1 Evacuation Pause)
[2024-08-28T01:14:06.018+0000][info][gc,task        ] GC(579) Using 24 workers of 68 for evacuation
[2024-08-28T01:14:06.029+0000][info][gc,phases      ] GC(579)   Pre Evacuate Collection Set: 0.2ms
[2024-08-28T01:14:06.029+0000][info][gc,phases      ] GC(579)   Merge Heap Roots: 0.4ms
[2024-08-28T01:14:06.029+0000][info][gc,phases      ] GC(579)   Evacuate Collection Set: 10.0ms
[2024-08-28T01:14:06.029+0000][info][gc,phases      ] GC(579)   Post Evacuate Collection Set: 0.3ms
[2024-08-28T01:14:06.029+0000][info][gc,phases      ] GC(579)   Other: 0.3ms
[2024-08-28T01:14:06.029+0000][info][gc,heap        ] GC(579) Eden regions: 44->0(44)
[2024-08-28T01:14:06.029+0000][info][gc,heap        ] GC(579) Survivor regions: 7->7(7)
[2024-08-28T01:14:06.029+0000][info][gc,heap        ] GC(579) Old regions: 826->813
[2024-08-28T01:14:06.029+0000][info][gc,heap        ] GC(579) Archive regions: 2->2
[2024-08-28T01:14:06.029+0000][info][gc,heap        ] GC(579) Humongous regions: 5->5
[2024-08-28T01:14:06.029+0000][info][gc,metaspace   ] GC(579) Metaspace: 100K(320K)->100K(320K) NonClass: 96K(192K)->96K(192K) Class: 4K(128K)->4K(128K)
[2024-08-28T01:14:06.029+0000][info][gc             ] GC(579) Pause Young (Mixed) (G1 Evacuation Pause) 869M->815M(1024M) 11.284ms
[2024-08-28T01:14:06.029+0000][info][gc,cpu         ] GC(579) User=0.25s Sys=0.00s Real=0.00s
[2024-08-28T01:14:06.049+0000][info][gc,start       ] GC(580) Pause Young (Mixed) (G1 Evacuation Pause)
[2024-08-28T01:14:06.049+0000][info][gc,task        ] GC(580) Using 24 workers of 68 for evacuation
[2024-08-28T01:14:06.060+0000][info][gc,phases      ] GC(580)   Pre Evacuate Collection Set: 0.2ms
[2024-08-28T01:14:06.060+0000][info][gc,phases      ] GC(580)   Merge Heap Roots: 0.3ms
[2024-08-28T01:14:06.060+0000][info][gc,phases      ] GC(580)   Evacuate Collection Set: 9.7ms
[2024-08-28T01:14:06.060+0000][info][gc,phases      ] GC(580)   Post Evacuate Collection Set: 0.3ms
[2024-08-28T01:14:06.060+0000][info][gc,phases      ] GC(580)   Other: 0.2ms
[2024-08-28T01:14:06.060+0000][info][gc,heap        ] GC(580) Eden regions: 44->0(44)
[2024-08-28T01:14:06.060+0000][info][gc,heap        ] GC(580) Survivor regions: 7->7(7)
[2024-08-28T01:14:06.060+0000][info][gc,heap        ] GC(580) Old regions: 813->848
[2024-08-28T01:14:06.060+0000][info][gc,heap        ] GC(580) Archive regions: 2->2
[2024-08-28T01:14:06.060+0000][info][gc,heap        ] GC(580) Humongous regions: 5->5
[2024-08-28T01:14:06.060+0000][info][gc,metaspace   ] GC(580) Metaspace: 100K(320K)->100K(320K) NonClass: 96K(192K)->96K(192K) Class: 4K(128K)->4K(128K)
[2024-08-28T01:14:06.060+0000][info][gc             ] GC(580) Pause Young (Mixed) (G1 Evacuation Pause) 859M->853M(1024M) 10.808ms
[2024-08-28T01:14:06.060+0000][info][gc,cpu         ] GC(580) User=0.23s Sys=0.00s Real=0.02s
[2024-08-28T01:14:06.080+0000][info][gc,start       ] GC(581) Pause Young (Concurrent Start) (G1 Evacuation Pause)
[2024-08-28T01:14:06.080+0000][info][gc,task        ] GC(581) Using 24 workers of 68 for evacuation
[2024-08-28T01:14:06.090+0000][info][gc,phases      ] GC(581)   Pre Evacuate Collection Set: 0.2ms
[2024-08-28T01:14:06.090+0000][info][gc,phases      ] GC(581)   Merge Heap Roots: 0.3ms
[2024-08-28T01:14:06.090+0000][info][gc,phases      ] GC(581)   Evacuate Collection Set: 9.1ms
[2024-08-28T01:14:06.091+0000][info][gc,phases      ] GC(581)   Post Evacuate Collection Set: 0.4ms
[2024-08-28T01:14:06.091+0000][info][gc,phases      ] GC(581)   Other: 0.8ms
[2024-08-28T01:14:06.091+0000][info][gc,heap        ] GC(581) Eden regions: 44->0(44)
[2024-08-28T01:14:06.091+0000][info][gc,heap        ] GC(581) Survivor regions: 7->7(7)
[2024-08-28T01:14:06.091+0000][info][gc,heap        ] GC(581) Old regions: 848->895
[2024-08-28T01:14:06.091+0000][info][gc,heap        ] GC(581) Archive regions: 2->2
[2024-08-28T01:14:06.091+0000][info][gc,heap        ] GC(581) Humongous regions: 5->5
[2024-08-28T01:14:06.091+0000][info][gc,metaspace   ] GC(581) Metaspace: 100K(320K)->100K(320K) NonClass: 96K(192K)->96K(192K) Class: 4K(128K)->4K(128K)
[2024-08-28T01:14:06.091+0000][info][gc             ] GC(581) Pause Young (Concurrent Start) (G1 Evacuation Pause) 897M->899M(1024M) 10.832ms
[2024-08-28T01:14:06.091+0000][info][gc,cpu         ] GC(581) User=0.22s Sys=0.00s Real=0.01s
[2024-08-28T01:14:06.091+0000][info][gc             ] GC(582) Concurrent Mark Cycle
[2024-08-28T01:14:06.091+0000][info][gc,marking     ] GC(582) Concurrent Clear Claimed Marks
[2024-08-28T01:14:06.091+0000][info][gc,marking     ] GC(582) Concurrent Clear Claimed Marks 0.015ms
[2024-08-28T01:14:06.091+0000][info][gc,marking     ] GC(582) Concurrent Scan Root Regions
[2024-08-28T01:14:06.092+0000][info][gc,marking     ] GC(582) Concurrent Scan Root Regions 1.551ms
[2024-08-28T01:14:06.092+0000][info][gc,marking     ] GC(582) Concurrent Mark
[2024-08-28T01:14:06.092+0000][info][gc,marking     ] GC(582) Concurrent Mark From Roots
[2024-08-28T01:14:06.092+0000][info][gc,task        ] GC(582) Using 17 workers of 17 for marking
[2024-08-28T01:14:06.116+0000][info][gc,marking     ] GC(582) Concurrent Mark From Roots 23.397ms
[2024-08-28T01:14:06.116+0000][info][gc,marking     ] GC(582) Concurrent Preclean
[2024-08-28T01:14:06.117+0000][info][gc,marking     ] GC(582) Concurrent Preclean 0.919ms
[2024-08-28T01:14:06.117+0000][info][gc,start       ] GC(582) Pause Remark
[2024-08-28T01:14:06.119+0000][info][gc             ] GC(582) Pause Remark 941M->941M(1024M) 1.675ms
[2024-08-28T01:14:06.119+0000][info][gc,cpu         ] GC(582) User=0.00s Sys=0.01s Real=0.01s
[2024-08-28T01:14:06.119+0000][info][gc,marking     ] GC(582) Concurrent Mark 26.634ms
[2024-08-28T01:14:06.119+0000][info][gc,marking     ] GC(582) Concurrent Rebuild Remembered Sets
[2024-08-28T01:14:06.122+0000][info][gc,start       ] GC(583) Pause Young (Normal) (G1 Evacuation Pause)
[2024-08-28T01:14:06.122+0000][info][gc,task        ] GC(583) Using 24 workers of 68 for evacuation
[2024-08-28T01:14:06.132+0000][info][gc,phases      ] GC(583)   Pre Evacuate Collection Set: 0.2ms
[2024-08-28T01:14:06.132+0000][info][gc,phases      ] GC(583)   Merge Heap Roots: 0.4ms
[2024-08-28T01:14:06.132+0000][info][gc,phases      ] GC(583)   Evacuate Collection Set: 9.1ms
[2024-08-28T01:14:06.132+0000][info][gc,phases      ] GC(583)   Post Evacuate Collection Set: 0.4ms
[2024-08-28T01:14:06.132+0000][info][gc,phases      ] GC(583)   Other: 0.2ms
[2024-08-28T01:14:06.132+0000][info][gc,heap        ] GC(583) Eden regions: 44->0(44)
[2024-08-28T01:14:06.132+0000][info][gc,heap        ] GC(583) Survivor regions: 7->7(7)
[2024-08-28T01:14:06.132+0000][info][gc,heap        ] GC(583) Old regions: 895->942
[2024-08-28T01:14:06.132+0000][info][gc,heap        ] GC(583) Archive regions: 2->2
[2024-08-28T01:14:06.132+0000][info][gc,heap        ] GC(583) Humongous regions: 5->5
[2024-08-28T01:14:06.132+0000][info][gc,metaspace   ] GC(583) Metaspace: 100K(320K)->100K(320K) NonClass: 96K(192K)->96K(192K) Class: 4K(128K)->4K(128K)
[2024-08-28T01:14:06.132+0000][info][gc             ] GC(583) Pause Young (Normal) (G1 Evacuation Pause) 943M->947M(1024M) 10.321ms
[2024-08-28T01:14:06.132+0000][info][gc,cpu         ] GC(583) User=0.22s Sys=0.00s Real=0.01s
[2024-08-28T01:14:06.147+0000][info][gc,start       ] GC(584) Pause Young (Normal) (G1 Preventive Collection)
[2024-08-28T01:14:06.147+0000][info][gc,task        ] GC(584) Using 24 workers of 68 for evacuation
[2024-08-28T01:14:06.159+0000][info][gc             ] GC(584) To-space exhausted
[2024-08-28T01:14:06.159+0000][info][gc,phases      ] GC(584)   Pre Evacuate Collection Set: 0.2ms
[2024-08-28T01:14:06.159+0000][info][gc,phases      ] GC(584)   Merge Heap Roots: 0.3ms
[2024-08-28T01:14:06.159+0000][info][gc,phases      ] GC(584)   Evacuate Collection Set: 10.6ms
[2024-08-28T01:14:06.159+0000][info][gc,phases      ] GC(584)   Post Evacuate Collection Set: 0.9ms
[2024-08-28T01:14:06.159+0000][info][gc,phases      ] GC(584)   Other: 0.3ms
[2024-08-28T01:14:06.159+0000][info][gc,heap        ] GC(584) Eden regions: 29->0(44)
[2024-08-28T01:14:06.159+0000][info][gc,heap        ] GC(584) Survivor regions: 7->7(7)
[2024-08-28T01:14:06.159+0000][info][gc,heap        ] GC(584) Old regions: 942->999
[2024-08-28T01:14:06.159+0000][info][gc,heap        ] GC(584) Archive regions: 2->2
[2024-08-28T01:14:06.159+0000][info][gc,heap        ] GC(584) Humongous regions: 5->5
[2024-08-28T01:14:06.159+0000][info][gc,metaspace   ] GC(584) Metaspace: 100K(320K)->100K(320K) NonClass: 96K(192K)->96K(192K) Class: 4K(128K)->4K(128K)
[2024-08-28T01:14:06.160+0000][info][gc             ] GC(584) Pause Young (Normal) (G1 Preventive Collection) 976M->1004M(1024M) 12.381ms
[2024-08-28T01:14:06.160+0000][info][gc,cpu         ] GC(584) User=0.27s Sys=0.00s Real=0.02s
[2024-08-28T01:14:06.161+0000][info][gc,start       ] GC(585) Pause Young (Normal) (G1 Preventive Collection)
[2024-08-28T01:14:06.161+0000][info][gc,task        ] GC(585) Using 24 workers of 68 for evacuation
[2024-08-28T01:14:06.169+0000][info][gc             ] GC(585) To-space exhausted
[2024-08-28T01:14:06.169+0000][info][gc,phases      ] GC(585)   Pre Evacuate Collection Set: 0.1ms
[2024-08-28T01:14:06.169+0000][info][gc,phases      ] GC(585)   Merge Heap Roots: 0.5ms
[2024-08-28T01:14:06.169+0000][info][gc,phases      ] GC(585)   Evacuate Collection Set: 6.7ms
[2024-08-28T01:14:06.169+0000][info][gc,phases      ] GC(585)   Post Evacuate Collection Set: 0.6ms
[2024-08-28T01:14:06.169+0000][info][gc,phases      ] GC(585)   Other: 0.2ms
[2024-08-28T01:14:06.169+0000][info][gc,heap        ] GC(585) Eden regions: 1->0(50)
[2024-08-28T01:14:06.169+0000][info][gc,heap        ] GC(585) Survivor regions: 7->1(7)
[2024-08-28T01:14:06.169+0000][info][gc,heap        ] GC(585) Old regions: 999->1016
[2024-08-28T01:14:06.169+0000][info][gc,heap        ] GC(585) Archive regions: 2->2
[2024-08-28T01:14:06.169+0000][info][gc,heap        ] GC(585) Humongous regions: 5->5
[2024-08-28T01:14:06.169+0000][info][gc,metaspace   ] GC(585) Metaspace: 100K(320K)->100K(320K) NonClass: 96K(192K)->96K(192K) Class: 4K(128K)->4K(128K)
[2024-08-28T01:14:06.169+0000][info][gc             ] GC(585) Pause Young (Normal) (G1 Preventive Collection) 1005M->1015M(1024M) 8.154ms
[2024-08-28T01:14:06.169+0000][info][gc,cpu         ] GC(585) User=0.18s Sys=0.00s Real=0.00s
[2024-08-28T01:14:06.169+0000][info][gc,ergo        ] Attempting full compaction
[2024-08-28T01:14:06.169+0000][info][gc,task        ] GC(586) Using 24 workers of 68 for full compaction
[2024-08-28T01:14:06.169+0000][info][gc,start       ] GC(586) Pause Full (G1 Compaction Pause)
[2024-08-28T01:14:06.170+0000][info][gc,phases,start] GC(586) Phase 1: Mark live objects
[2024-08-28T01:14:06.184+0000][info][gc,phases      ] GC(586) Phase 1: Mark live objects 14.031ms
[2024-08-28T01:14:06.184+0000][info][gc,phases,start] GC(586) Phase 2: Prepare for compaction
[2024-08-28T01:14:06.192+0000][info][gc,phases      ] GC(586) Phase 2: Prepare for compaction 7.575ms
[2024-08-28T01:14:06.192+0000][info][gc,phases,start] GC(586) Phase 3: Adjust pointers
[2024-08-28T01:14:06.205+0000][info][gc,phases      ] GC(586) Phase 3: Adjust pointers 13.590ms
[2024-08-28T01:14:06.205+0000][info][gc,phases,start] GC(586) Phase 4: Compact heap
[2024-08-28T01:14:06.232+0000][info][gc,phases      ] GC(586) Phase 4: Compact heap 27.121ms
[2024-08-28T01:14:06.234+0000][info][gc,heap        ] GC(586) Eden regions: 0->0(150)
[2024-08-28T01:14:06.234+0000][info][gc,heap        ] GC(586) Survivor regions: 1->0(7)
[2024-08-28T01:14:06.234+0000][info][gc,heap        ] GC(586) Old regions: 1016->443
[2024-08-28T01:14:06.234+0000][info][gc,heap        ] GC(586) Archive regions: 2->2
[2024-08-28T01:14:06.234+0000][info][gc,heap        ] GC(586) Humongous regions: 5->5
[2024-08-28T01:14:06.234+0000][info][gc,metaspace   ] GC(586) Metaspace: 100K(320K)->100K(320K) NonClass: 96K(192K)->96K(192K) Class: 4K(128K)->4K(128K)
[2024-08-28T01:14:06.234+0000][info][gc             ] GC(586) Pause Full (G1 Compaction Pause) 1015M->437M(1024M) 64.317ms
[2024-08-28T01:14:06.234+0000][info][gc,cpu         ] GC(586) User=1.40s Sys=0.00s Real=0.07s
[2024-08-28T01:14:06.234+0000][info][gc,marking     ] GC(582) Concurrent Rebuild Remembered Sets 114.951ms
[2024-08-28T01:14:06.234+0000][info][gc,marking     ] GC(582) Concurrent Mark Abort
[2024-08-28T01:14:06.234+0000][info][gc             ] GC(582) Concurrent Mark Cycle 143.349ms
[2024-08-28T01:14:06.308+0000][info][gc,start       ] GC(587) Pause Young (Normal) (G1 Evacuation Pause)
[2024-08-28T01:14:06.308+0000][info][gc,task        ] GC(587) Using 24 workers of 68 for evacuation
[2024-08-28T01:14:06.330+0000][info][gc,phases      ] GC(587)   Pre Evacuate Collection Set: 0.2ms
[2024-08-28T01:14:06.330+0000][info][gc,phases      ] GC(587)   Merge Heap Roots: 0.4ms
[2024-08-28T01:14:06.330+0000][info][gc,phases      ] GC(587)   Evacuate Collection Set: 20.6ms
[2024-08-28T01:14:06.330+0000][info][gc,phases      ] GC(587)   Post Evacuate Collection Set: 0.4ms
[2024-08-28T01:14:06.330+0000][info][gc,phases      ] GC(587)   Other: 0.2ms
[2024-08-28T01:14:06.330+0000][info][gc,heap        ] GC(587) Eden regions: 150->0(103)
[2024-08-28T01:14:06.330+0000][info][gc,heap        ] GC(587) Survivor regions: 0->19(19)
[2024-08-28T01:14:06.330+0000][info][gc,heap        ] GC(587) Old regions: 443->570
[2024-08-28T01:14:06.330+0000][info][gc,heap        ] GC(587) Archive regions: 2->2
[2024-08-28T01:14:06.330+0000][info][gc,heap        ] GC(587) Humongous regions: 5->5
[2024-08-28T01:14:06.330+0000][info][gc,metaspace   ] GC(587) Metaspace: 100K(320K)->100K(320K) NonClass: 96K(192K)->96K(192K) Class: 4K(128K)->4K(128K)
[2024-08-28T01:14:06.330+0000][info][gc             ] GC(587) Pause Young (Normal) (G1 Evacuation Pause) 587M->582M(1024M) 21.847ms
[2024-08-28T01:14:06.330+0000][info][gc,cpu         ] GC(587) User=0.50s Sys=0.00s Real=0.03s
[2024-08-28T01:14:06.380+0000][info][gc,start       ] GC(588) Pause Young (Concurrent Start) (G1 Evacuation Pause)
[2024-08-28T01:14:06.380+0000][info][gc,task        ] GC(588) Using 24 workers of 68 for evacuation
[2024-08-28T01:14:06.400+0000][info][gc,phases      ] GC(588)   Pre Evacuate Collection Set: 0.2ms
[2024-08-28T01:14:06.400+0000][info][gc,phases      ] GC(588)   Merge Heap Roots: 0.4ms
[2024-08-28T01:14:06.400+0000][info][gc,phases      ] GC(588)   Evacuate Collection Set: 18.6ms
[2024-08-28T01:14:06.400+0000][info][gc,phases      ] GC(588)   Post Evacuate Collection Set: 0.3ms
[2024-08-28T01:14:06.400+0000][info][gc,phases      ] GC(588)   Other: 0.6ms
[2024-08-28T01:14:06.400+0000][info][gc,heap        ] GC(588) Eden regions: 103->0(70)
[2024-08-28T01:14:06.400+0000][info][gc,heap        ] GC(588) Survivor regions: 19->16(16)
[2024-08-28T01:14:06.400+0000][info][gc,heap        ] GC(588) Old regions: 570->676
[2024-08-28T01:14:06.400+0000][info][gc,heap        ] GC(588) Archive regions: 2->2
[2024-08-28T01:14:06.400+0000][info][gc,heap        ] GC(588) Humongous regions: 5->5
[2024-08-28T01:14:06.400+0000][info][gc,metaspace   ] GC(588) Metaspace: 100K(320K)->100K(320K) NonClass: 96K(192K)->96K(192K) Class: 4K(128K)->4K(128K)
[2024-08-28T01:14:06.401+0000][info][gc             ] GC(588) Pause Young (Concurrent Start) (G1 Evacuation Pause) 685M->685M(1024M) 20.166ms
[2024-08-28T01:14:06.401+0000][info][gc,cpu         ] GC(588) User=0.46s Sys=0.00s Real=0.02s
[2024-08-28T01:14:06.401+0000][info][gc             ] GC(589) Concurrent Mark Cycle
[2024-08-28T01:14:06.401+0000][info][gc,marking     ] GC(589) Concurrent Clear Claimed Marks
[2024-08-28T01:14:06.401+0000][info][gc,marking     ] GC(589) Concurrent Clear Claimed Marks 0.011ms
[2024-08-28T01:14:06.401+0000][info][gc,marking     ] GC(589) Concurrent Scan Root Regions
[2024-08-28T01:14:06.404+0000][info][gc,marking     ] GC(589) Concurrent Scan Root Regions 3.369ms
[2024-08-28T01:14:06.404+0000][info][gc,marking     ] GC(589) Concurrent Mark
[2024-08-28T01:14:06.404+0000][info][gc,marking     ] GC(589) Concurrent Mark From Roots
[2024-08-28T01:14:06.404+0000][info][gc,task        ] GC(589) Using 17 workers of 17 for marking
[2024-08-28T01:14:06.425+0000][info][gc,marking     ] GC(589) Concurrent Mark From Roots 20.512ms
[2024-08-28T01:14:06.425+0000][info][gc,marking     ] GC(589) Concurrent Preclean
[2024-08-28T01:14:06.425+0000][info][gc,marking     ] GC(589) Concurrent Preclean 0.707ms
[2024-08-28T01:14:06.426+0000][info][gc,start       ] GC(589) Pause Remark
[2024-08-28T01:14:06.427+0000][info][gc             ] GC(589) Pause Remark 723M->723M(1024M) 1.274ms
[2024-08-28T01:14:06.427+0000][info][gc,cpu         ] GC(589) User=0.01s Sys=0.00s Real=0.00s
[2024-08-28T01:14:06.427+0000][info][gc,marking     ] GC(589) Concurrent Mark 22.888ms
[2024-08-28T01:14:06.427+0000][info][gc,marking     ] GC(589) Concurrent Rebuild Remembered Sets
[2024-08-28T01:14:06.441+0000][info][gc,marking     ] GC(589) Concurrent Rebuild Remembered Sets 14.400ms
[2024-08-28T01:14:06.442+0000][info][gc,start       ] GC(589) Pause Cleanup
[2024-08-28T01:14:06.443+0000][info][gc             ] GC(589) Pause Cleanup 752M->752M(1024M) 1.051ms
[2024-08-28T01:14:06.443+0000][info][gc,cpu         ] GC(589) User=0.00s Sys=0.00s Real=0.00s
[2024-08-28T01:14:06.443+0000][info][gc,marking     ] GC(589) Concurrent Cleanup for Next Mark
[2024-08-28T01:14:06.443+0000][info][gc,marking     ] GC(589) Concurrent Cleanup for Next Mark 0.495ms
[2024-08-28T01:14:06.443+0000][info][gc             ] GC(589) Concurrent Mark Cycle 42.703ms
[2024-08-28T01:14:06.444+0000][info][gc,start       ] GC(590) Pause Young (Prepare Mixed) (G1 Evacuation Pause)
[2024-08-28T01:14:06.444+0000][info][gc,task        ] GC(590) Using 24 workers of 68 for evacuation
[2024-08-28T01:14:06.459+0000][info][gc,phases      ] GC(590)   Pre Evacuate Collection Set: 0.1ms
[2024-08-28T01:14:06.459+0000][info][gc,phases      ] GC(590)   Merge Heap Roots: 0.4ms
[2024-08-28T01:14:06.459+0000][info][gc,phases      ] GC(590)   Evacuate Collection Set: 13.4ms
[2024-08-28T01:14:06.459+0000][info][gc,phases      ] GC(590)   Post Evacuate Collection Set: 0.3ms
[2024-08-28T01:14:06.459+0000][info][gc,phases      ] GC(590)   Other: 0.1ms
[2024-08-28T01:14:06.459+0000][info][gc,heap        ] GC(590) Eden regions: 70->0(40)
[2024-08-28T01:14:06.459+0000][info][gc,heap        ] GC(590) Survivor regions: 16->11(11)
[2024-08-28T01:14:06.459+0000][info][gc,heap        ] GC(590) Old regions: 676->754
[2024-08-28T01:14:06.459+0000][info][gc,heap        ] GC(590) Archive regions: 2->2
[2024-08-28T01:14:06.459+0000][info][gc,heap        ] GC(590) Humongous regions: 5->5
[2024-08-28T01:14:06.459+0000][info][gc,metaspace   ] GC(590) Metaspace: 100K(320K)->100K(320K) NonClass: 96K(192K)->96K(192K) Class: 4K(128K)->4K(128K)
[2024-08-28T01:14:06.459+0000][info][gc             ] GC(590) Pause Young (Prepare Mixed) (G1 Evacuation Pause) 755M->759M(1024M) 14.540ms
[2024-08-28T01:14:06.459+0000][info][gc,cpu         ] GC(590) User=0.33s Sys=0.00s Real=0.02s
[2024-08-28T01:14:06.476+0000][info][gc,start       ] GC(591) Pause Young (Mixed) (G1 Evacuation Pause)
[2024-08-28T01:14:06.476+0000][info][gc,task        ] GC(591) Using 24 workers of 68 for evacuation
[2024-08-28T01:14:06.488+0000][info][gc,phases      ] GC(591)   Pre Evacuate Collection Set: 0.2ms
[2024-08-28T01:14:06.488+0000][info][gc,phases      ] GC(591)   Merge Heap Roots: 0.3ms
[2024-08-28T01:14:06.488+0000][info][gc,phases      ] GC(591)   Evacuate Collection Set: 10.7ms
[2024-08-28T01:14:06.488+0000][info][gc,phases      ] GC(591)   Post Evacuate Collection Set: 0.3ms
[2024-08-28T01:14:06.488+0000][info][gc,phases      ] GC(591)   Other: 0.2ms
[2024-08-28T01:14:06.488+0000][info][gc,heap        ] GC(591) Eden regions: 40->0(44)
[2024-08-28T01:14:06.488+0000][info][gc,heap        ] GC(591) Survivor regions: 11->7(7)
[2024-08-28T01:14:06.488+0000][info][gc,heap        ] GC(591) Old regions: 754->741
[2024-08-28T01:14:06.488+0000][info][gc,heap        ] GC(591) Archive regions: 2->2
[2024-08-28T01:14:06.488+0000][info][gc,heap        ] GC(591) Humongous regions: 5->5
[2024-08-28T01:14:06.488+0000][info][gc,metaspace   ] GC(591) Metaspace: 100K(320K)->100K(320K) NonClass: 96K(192K)->96K(192K) Class: 4K(128K)->4K(128K)
[2024-08-28T01:14:06.488+0000][info][gc             ] GC(591) Pause Young (Mixed) (G1 Evacuation Pause) 799M->742M(1024M) 11.841ms
[2024-08-28T01:14:06.488+0000][info][gc,cpu         ] GC(591) User=0.26s Sys=0.00s Real=0.01s
[2024-08-28T01:14:06.507+0000][info][gc,start       ] GC(592) Pause Young (Mixed) (G1 Evacuation Pause)
[2024-08-28T01:14:06.507+0000][info][gc,task        ] GC(592) Using 24 workers of 68 for evacuation
[2024-08-28T01:14:06.517+0000][info][gc,phases      ] GC(592)   Pre Evacuate Collection Set: 0.2ms
[2024-08-28T01:14:06.517+0000][info][gc,phases      ] GC(592)   Merge Heap Roots: 0.4ms
[2024-08-28T01:14:06.517+0000][info][gc,phases      ] GC(592)   Evacuate Collection Set: 9.7ms
[2024-08-28T01:14:06.517+0000][info][gc,phases      ] GC(592)   Post Evacuate Collection Set: 0.4ms
[2024-08-28T01:14:06.517+0000][info][gc,phases      ] GC(592)   Other: 0.2ms
[2024-08-28T01:14:06.517+0000][info][gc,heap        ] GC(592) Eden regions: 44->0(44)
[2024-08-28T01:14:06.517+0000][info][gc,heap        ] GC(592) Survivor regions: 7->7(7)
[2024-08-28T01:14:06.517+0000][info][gc,heap        ] GC(592) Old regions: 741->726
[2024-08-28T01:14:06.517+0000][info][gc,heap        ] GC(592) Archive regions: 2->2
[2024-08-28T01:14:06.517+0000][info][gc,heap        ] GC(592) Humongous regions: 5->5
[2024-08-28T01:14:06.518+0000][info][gc,metaspace   ] GC(592) Metaspace: 100K(320K)->100K(320K) NonClass: 96K(192K)->96K(192K) Class: 4K(128K)->4K(128K)
[2024-08-28T01:14:06.518+0000][info][gc             ] GC(592) Pause Young (Mixed) (G1 Evacuation Pause) 786M->728M(1024M) 10.932ms
[2024-08-28T01:14:06.518+0000][info][gc,cpu         ] GC(592) User=0.25s Sys=0.00s Real=0.02s
[2024-08-28T01:14:06.536+0000][info][gc,start       ] GC(593) Pause Young (Mixed) (G1 Evacuation Pause)
[2024-08-28T01:14:06.536+0000][info][gc,task        ] GC(593) Using 24 workers of 68 for evacuation
[2024-08-28T01:14:06.547+0000][info][gc,phases      ] GC(593)   Pre Evacuate Collection Set: 0.2ms
[2024-08-28T01:14:06.547+0000][info][gc,phases      ] GC(593)   Merge Heap Roots: 0.4ms
[2024-08-28T01:14:06.547+0000][info][gc,phases      ] GC(593)   Evacuate Collection Set: 9.6ms
[2024-08-28T01:14:06.547+0000][info][gc,phases      ] GC(593)   Post Evacuate Collection Set: 0.4ms
[2024-08-28T01:14:06.547+0000][info][gc,phases      ] GC(593)   Other: 0.2ms
[2024-08-28T01:14:06.547+0000][info][gc,heap        ] GC(593) Eden regions: 44->0(44)
[2024-08-28T01:14:06.547+0000][info][gc,heap        ] GC(593) Survivor regions: 7->7(7)
[2024-08-28T01:14:06.547+0000][info][gc,heap        ] GC(593) Old regions: 726->712
[2024-08-28T01:14:06.547+0000][info][gc,heap        ] GC(593) Archive regions: 2->2
[2024-08-28T01:14:06.547+0000][info][gc,heap        ] GC(593) Humongous regions: 5->5
[2024-08-28T01:14:06.547+0000][info][gc,metaspace   ] GC(593) Metaspace: 100K(320K)->100K(320K) NonClass: 96K(192K)->96K(192K) Class: 4K(128K)->4K(128K)
[2024-08-28T01:14:06.547+0000][info][gc             ] GC(593) Pause Young (Mixed) (G1 Evacuation Pause) 772M->716M(1024M) 10.940ms
[2024-08-28T01:14:06.547+0000][info][gc,cpu         ] GC(593) User=0.23s Sys=0.00s Real=0.01s
[2024-08-28T01:14:06.567+0000][info][gc,start       ] GC(594) Pause Young (Mixed) (G1 Evacuation Pause)
[2024-08-28T01:14:06.567+0000][info][gc,task        ] GC(594) Using 24 workers of 68 for evacuation
[2024-08-28T01:14:06.577+0000][info][gc,phases      ] GC(594)   Pre Evacuate Collection Set: 0.2ms
[2024-08-28T01:14:06.577+0000][info][gc,phases      ] GC(594)   Merge Heap Roots: 0.4ms
[2024-08-28T01:14:06.577+0000][info][gc,phases      ] GC(594)   Evacuate Collection Set: 9.1ms
[2024-08-28T01:14:06.577+0000][info][gc,phases      ] GC(594)   Post Evacuate Collection Set: 0.4ms
[2024-08-28T01:14:06.577+0000][info][gc,phases      ] GC(594)   Other: 0.3ms
[2024-08-28T01:14:06.577+0000][info][gc,heap        ] GC(594) Eden regions: 44->0(49)
[2024-08-28T01:14:06.577+0000][info][gc,heap        ] GC(594) Survivor regions: 7->7(7)
[2024-08-28T01:14:06.577+0000][info][gc,heap        ] GC(594) Old regions: 712->749
[2024-08-28T01:14:06.577+0000][info][gc,heap        ] GC(594) Archive regions: 2->2
[2024-08-28T01:14:06.577+0000][info][gc,heap        ] GC(594) Humongous regions: 5->5
[2024-08-28T01:14:06.577+0000][info][gc,metaspace   ] GC(594) Metaspace: 100K(320K)->100K(320K) NonClass: 96K(192K)->96K(192K) Class: 4K(128K)->4K(128K)
[2024-08-28T01:14:06.577+0000][info][gc             ] GC(594) Pause Young (Mixed) (G1 Evacuation Pause) 760M->754M(1024M) 10.423ms
[2024-08-28T01:14:06.578+0000][info][gc,cpu         ] GC(594) User=0.22s Sys=0.00s Real=0.02s
[2024-08-28T01:14:06.599+0000][info][gc,start       ] GC(595) Pause Young (Concurrent Start) (G1 Evacuation Pause)
[2024-08-28T01:14:06.599+0000][info][gc,task        ] GC(595) Using 24 workers of 68 for evacuation
[2024-08-28T01:14:06.609+0000][info][gc,phases      ] GC(595)   Pre Evacuate Collection Set: 0.2ms
[2024-08-28T01:14:06.609+0000][info][gc,phases      ] GC(595)   Merge Heap Roots: 0.4ms
[2024-08-28T01:14:06.609+0000][info][gc,phases      ] GC(595)   Evacuate Collection Set: 9.3ms
[2024-08-28T01:14:06.609+0000][info][gc,phases      ] GC(595)   Post Evacuate Collection Set: 0.3ms
[2024-08-28T01:14:06.609+0000][info][gc,phases      ] GC(595)   Other: 0.6ms
[2024-08-28T01:14:06.609+0000][info][gc,heap        ] GC(595) Eden regions: 49->0(44)
[2024-08-28T01:14:06.609+0000][info][gc,heap        ] GC(595) Survivor regions: 7->7(7)
[2024-08-28T01:14:06.609+0000][info][gc,heap        ] GC(595) Old regions: 749->799
[2024-08-28T01:14:06.609+0000][info][gc,heap        ] GC(595) Archive regions: 2->2
[2024-08-28T01:14:06.609+0000][info][gc,heap        ] GC(595) Humongous regions: 5->5
[2024-08-28T01:14:06.609+0000][info][gc,metaspace   ] GC(595) Metaspace: 100K(320K)->100K(320K) NonClass: 96K(192K)->96K(192K) Class: 4K(128K)->4K(128K)
[2024-08-28T01:14:06.610+0000][info][gc             ] GC(595) Pause Young (Concurrent Start) (G1 Evacuation Pause) 803M->805M(1024M) 10.852ms
[2024-08-28T01:14:06.610+0000][info][gc,cpu         ] GC(595) User=0.23s Sys=0.00s Real=0.01s
[2024-08-28T01:14:06.610+0000][info][gc             ] GC(596) Concurrent Mark Cycle
[2024-08-28T01:14:06.610+0000][info][gc,marking     ] GC(596) Concurrent Clear Claimed Marks
[2024-08-28T01:14:06.610+0000][info][gc,marking     ] GC(596) Concurrent Clear Claimed Marks 0.014ms
[2024-08-28T01:14:06.610+0000][info][gc,marking     ] GC(596) Concurrent Scan Root Regions
[2024-08-28T01:14:06.611+0000][info][gc,marking     ] GC(596) Concurrent Scan Root Regions 1.711ms
[2024-08-28T01:14:06.611+0000][info][gc,marking     ] GC(596) Concurrent Mark
[2024-08-28T01:14:06.611+0000][info][gc,marking     ] GC(596) Concurrent Mark From Roots
[2024-08-28T01:14:06.611+0000][info][gc,task        ] GC(596) Using 17 workers of 17 for marking
[2024-08-28T01:14:06.634+0000][info][gc,marking     ] GC(596) Concurrent Mark From Roots 22.447ms
[2024-08-28T01:14:06.634+0000][info][gc,marking     ] GC(596) Concurrent Preclean
[2024-08-28T01:14:06.635+0000][info][gc,marking     ] GC(596) Concurrent Preclean 0.710ms
[2024-08-28T01:14:06.635+0000][info][gc,start       ] GC(596) Pause Remark
[2024-08-28T01:14:06.636+0000][info][gc             ] GC(596) Pause Remark 847M->847M(1024M) 1.213ms
[2024-08-28T01:14:06.636+0000][info][gc,cpu         ] GC(596) User=0.01s Sys=0.00s Real=0.00s
[2024-08-28T01:14:06.636+0000][info][gc,marking     ] GC(596) Concurrent Mark 24.731ms
[2024-08-28T01:14:06.636+0000][info][gc,marking     ] GC(596) Concurrent Rebuild Remembered Sets
[2024-08-28T01:14:06.638+0000][info][gc,start       ] GC(597) Pause Young (Normal) (G1 Evacuation Pause)
[2024-08-28T01:14:06.638+0000][info][gc,task        ] GC(597) Using 24 workers of 68 for evacuation
[2024-08-28T01:14:06.648+0000][info][gc,phases      ] GC(597)   Pre Evacuate Collection Set: 0.2ms
[2024-08-28T01:14:06.648+0000][info][gc,phases      ] GC(597)   Merge Heap Roots: 0.4ms
[2024-08-28T01:14:06.648+0000][info][gc,phases      ] GC(597)   Evacuate Collection Set: 9.0ms
[2024-08-28T01:14:06.648+0000][info][gc,phases      ] GC(597)   Post Evacuate Collection Set: 0.4ms
[2024-08-28T01:14:06.648+0000][info][gc,phases      ] GC(597)   Other: 0.3ms
[2024-08-28T01:14:06.648+0000][info][gc,heap        ] GC(597) Eden regions: 44->0(44)
[2024-08-28T01:14:06.648+0000][info][gc,heap        ] GC(597) Survivor regions: 7->7(7)
[2024-08-28T01:14:06.648+0000][info][gc,heap        ] GC(597) Old regions: 799->845
[2024-08-28T01:14:06.648+0000][info][gc,heap        ] GC(597) Archive regions: 2->2
[2024-08-28T01:14:06.648+0000][info][gc,heap        ] GC(597) Humongous regions: 5->5
[2024-08-28T01:14:06.648+0000][info][gc,metaspace   ] GC(597) Metaspace: 100K(320K)->100K(320K) NonClass: 96K(192K)->96K(192K) Class: 4K(128K)->4K(128K)
[2024-08-28T01:14:06.648+0000][info][gc             ] GC(597) Pause Young (Normal) (G1 Evacuation Pause) 849M->851M(1024M) 10.358ms
[2024-08-28T01:14:06.648+0000][info][gc,cpu         ] GC(597) User=0.22s Sys=0.00s Real=0.00s
[2024-08-28T01:14:06.668+0000][info][gc,start       ] GC(598) Pause Young (Normal) (G1 Evacuation Pause)
[2024-08-28T01:14:06.668+0000][info][gc,task        ] GC(598) Using 24 workers of 68 for evacuation
[2024-08-28T01:14:06.682+0000][info][gc,phases      ] GC(598)   Pre Evacuate Collection Set: 0.2ms
[2024-08-28T01:14:06.682+0000][info][gc,phases      ] GC(598)   Merge Heap Roots: 0.4ms
[2024-08-28T01:14:06.682+0000][info][gc,phases      ] GC(598)   Evacuate Collection Set: 12.4ms
[2024-08-28T01:14:06.682+0000][info][gc,phases      ] GC(598)   Post Evacuate Collection Set: 0.5ms
[2024-08-28T01:14:06.682+0000][info][gc,phases      ] GC(598)   Other: 0.3ms
[2024-08-28T01:14:06.682+0000][info][gc,heap        ] GC(598) Eden regions: 44->0(44)
[2024-08-28T01:14:06.682+0000][info][gc,heap        ] GC(598) Survivor regions: 7->7(7)
[2024-08-28T01:14:06.682+0000][info][gc,heap        ] GC(598) Old regions: 845->892
[2024-08-28T01:14:06.682+0000][info][gc,heap        ] GC(598) Archive regions: 2->2
[2024-08-28T01:14:06.682+0000][info][gc,heap        ] GC(598) Humongous regions: 5->5
[2024-08-28T01:14:06.682+0000][info][gc,metaspace   ] GC(598) Metaspace: 100K(320K)->100K(320K) NonClass: 96K(192K)->96K(192K) Class: 4K(128K)->4K(128K)
[2024-08-28T01:14:06.682+0000][info][gc             ] GC(598) Pause Young (Normal) (G1 Evacuation Pause) 895M->898M(1024M) 14.006ms
[2024-08-28T01:14:06.682+0000][info][gc,cpu         ] GC(598) User=0.31s Sys=0.01s Real=0.02s
[2024-08-28T01:14:06.703+0000][info][gc,start       ] GC(599) Pause Young (Normal) (G1 Evacuation Pause)
[2024-08-28T01:14:06.703+0000][info][gc,task        ] GC(599) Using 24 workers of 68 for evacuation
[2024-08-28T01:14:06.718+0000][info][gc,phases      ] GC(599)   Pre Evacuate Collection Set: 0.2ms
[2024-08-28T01:14:06.718+0000][info][gc,phases      ] GC(599)   Merge Heap Roots: 0.5ms
[2024-08-28T01:14:06.718+0000][info][gc,phases      ] GC(599)   Evacuate Collection Set: 13.7ms
[2024-08-28T01:14:06.718+0000][info][gc,phases      ] GC(599)   Post Evacuate Collection Set: 0.7ms
[2024-08-28T01:14:06.718+0000][info][gc,phases      ] GC(599)   Other: 0.3ms
[2024-08-28T01:14:06.718+0000][info][gc,heap        ] GC(599) Eden regions: 44->0(44)
[2024-08-28T01:14:06.718+0000][info][gc,heap        ] GC(599) Survivor regions: 7->7(7)
[2024-08-28T01:14:06.718+0000][info][gc,heap        ] GC(599) Old regions: 892->939
[2024-08-28T01:14:06.718+0000][info][gc,heap        ] GC(599) Archive regions: 2->2
[2024-08-28T01:14:06.718+0000][info][gc,heap        ] GC(599) Humongous regions: 5->5
[2024-08-28T01:14:06.718+0000][info][gc,metaspace   ] GC(599) Metaspace: 100K(320K)->100K(320K) NonClass: 96K(192K)->96K(192K) Class: 4K(128K)->4K(128K)
[2024-08-28T01:14:06.718+0000][info][gc             ] GC(599) Pause Young (Normal) (G1 Evacuation Pause) 942M->945M(1024M) 15.624ms
[2024-08-28T01:14:06.718+0000][info][gc,cpu         ] GC(599) User=0.35s Sys=0.00s Real=0.02s
[2024-08-28T01:14:06.729+0000][info][gc,marking     ] GC(596) Concurrent Rebuild Remembered Sets 92.932ms
[2024-08-28T01:14:06.729+0000][info][gc,start       ] GC(596) Pause Cleanup
[2024-08-28T01:14:06.732+0000][info][gc             ] GC(596) Pause Cleanup 969M->969M(1024M) 2.892ms
[2024-08-28T01:14:06.732+0000][info][gc,cpu         ] GC(596) User=0.01s Sys=0.00s Real=0.01s
[2024-08-28T01:14:06.732+0000][info][gc,marking     ] GC(596) Concurrent Cleanup for Next Mark
[2024-08-28T01:14:06.733+0000][info][gc,marking     ] GC(596) Concurrent Cleanup for Next Mark 0.613ms
[2024-08-28T01:14:06.733+0000][info][gc             ] GC(596) Concurrent Mark Cycle 123.503ms
[2024-08-28T01:14:06.736+0000][info][gc,start       ] GC(600) Pause Young (Prepare Mixed) (G1 Preventive Collection)
[2024-08-28T01:14:06.736+0000][info][gc,task        ] GC(600) Using 24 workers of 68 for evacuation
[2024-08-28T01:14:06.751+0000][info][gc,phases      ] GC(600)   Pre Evacuate Collection Set: 0.2ms
[2024-08-28T01:14:06.751+0000][info][gc,phases      ] GC(600)   Merge Heap Roots: 0.6ms
[2024-08-28T01:14:06.751+0000][info][gc,phases      ] GC(600)   Evacuate Collection Set: 13.3ms
[2024-08-28T01:14:06.751+0000][info][gc,phases      ] GC(600)   Post Evacuate Collection Set: 0.4ms
[2024-08-28T01:14:06.751+0000][info][gc,phases      ] GC(600)   Other: 0.3ms
[2024-08-28T01:14:06.751+0000][info][gc,heap        ] GC(600) Eden regions: 30->0(44)
[2024-08-28T01:14:06.751+0000][info][gc,heap        ] GC(600) Survivor regions: 7->7(7)
[2024-08-28T01:14:06.751+0000][info][gc,heap        ] GC(600) Old regions: 939->972
[2024-08-28T01:14:06.751+0000][info][gc,heap        ] GC(600) Archive regions: 2->2
[2024-08-28T01:14:06.751+0000][info][gc,heap        ] GC(600) Humongous regions: 5->5
[2024-08-28T01:14:06.751+0000][info][gc,metaspace   ] GC(600) Metaspace: 100K(320K)->100K(320K) NonClass: 96K(192K)->96K(192K) Class: 4K(128K)->4K(128K)
[2024-08-28T01:14:06.751+0000][info][gc             ] GC(600) Pause Young (Prepare Mixed) (G1 Preventive Collection) 975M->978M(1024M) 14.847ms
[2024-08-28T01:14:06.751+0000][info][gc,cpu         ] GC(600) User=0.33s Sys=0.00s Real=0.02s
[2024-08-28T01:14:06.758+0000][info][gc,start       ] GC(601) Pause Young (Mixed) (G1 Preventive Collection)
[2024-08-28T01:14:06.758+0000][info][gc,task        ] GC(601) Using 24 workers of 68 for evacuation
[2024-08-28T01:14:06.764+0000][info][gc,phases      ] GC(601)   Pre Evacuate Collection Set: 0.2ms
[2024-08-28T01:14:06.764+0000][info][gc,phases      ] GC(601)   Merge Heap Roots: 0.3ms
[2024-08-28T01:14:06.764+0000][info][gc,phases      ] GC(601)   Evacuate Collection Set: 5.0ms
[2024-08-28T01:14:06.764+0000][info][gc,phases      ] GC(601)   Post Evacuate Collection Set: 0.3ms
[2024-08-28T01:14:06.764+0000][info][gc,phases      ] GC(601)   Other: 0.3ms
[2024-08-28T01:14:06.764+0000][info][gc,heap        ] GC(601) Eden regions: 14->0(44)
[2024-08-28T01:14:06.764+0000][info][gc,heap        ] GC(601) Survivor regions: 7->7(7)
[2024-08-28T01:14:06.764+0000][info][gc,heap        ] GC(601) Old regions: 972->927
[2024-08-28T01:14:06.764+0000][info][gc,heap        ] GC(601) Archive regions: 2->2
[2024-08-28T01:14:06.764+0000][info][gc,heap        ] GC(601) Humongous regions: 5->5
[2024-08-28T01:14:06.764+0000][info][gc,metaspace   ] GC(601) Metaspace: 100K(320K)->100K(320K) NonClass: 96K(192K)->96K(192K) Class: 4K(128K)->4K(128K)
[2024-08-28T01:14:06.764+0000][info][gc             ] GC(601) Pause Young (Mixed) (G1 Preventive Collection) 992M->936M(1024M) 6.343ms
[2024-08-28T01:14:06.764+0000][info][gc,cpu         ] GC(601) User=0.13s Sys=0.00s Real=0.00s
[2024-08-28T01:14:06.780+0000][info][gc,start       ] GC(602) Pause Young (Mixed) (G1 Preventive Collection)
[2024-08-28T01:14:06.780+0000][info][gc,task        ] GC(602) Using 24 workers of 68 for evacuation
[2024-08-28T01:14:06.790+0000][info][gc,phases      ] GC(602)   Pre Evacuate Collection Set: 0.2ms
[2024-08-28T01:14:06.790+0000][info][gc,phases      ] GC(602)   Merge Heap Roots: 0.4ms
[2024-08-28T01:14:06.790+0000][info][gc,phases      ] GC(602)   Evacuate Collection Set: 8.3ms
[2024-08-28T01:14:06.790+0000][info][gc,phases      ] GC(602)   Post Evacuate Collection Set: 0.4ms
[2024-08-28T01:14:06.790+0000][info][gc,phases      ] GC(602)   Other: 0.4ms
[2024-08-28T01:14:06.790+0000][info][gc,heap        ] GC(602) Eden regions: 36->0(44)
[2024-08-28T01:14:06.790+0000][info][gc,heap        ] GC(602) Survivor regions: 7->7(7)
[2024-08-28T01:14:06.790+0000][info][gc,heap        ] GC(602) Old regions: 927->902
[2024-08-28T01:14:06.790+0000][info][gc,heap        ] GC(602) Archive regions: 2->2
[2024-08-28T01:14:06.790+0000][info][gc,heap        ] GC(602) Humongous regions: 5->5
[2024-08-28T01:14:06.790+0000][info][gc,metaspace   ] GC(602) Metaspace: 100K(320K)->100K(320K) NonClass: 96K(192K)->96K(192K) Class: 4K(128K)->4K(128K)
[2024-08-28T01:14:06.790+0000][info][gc             ] GC(602) Pause Young (Mixed) (G1 Preventive Collection) 972M->911M(1024M) 9.782ms
[2024-08-28T01:14:06.790+0000][info][gc,cpu         ] GC(602) User=0.20s Sys=0.00s Real=0.01s
[2024-08-28T01:14:06.809+0000][info][gc,start       ] GC(603) Pause Young (Mixed) (G1 Evacuation Pause)
[2024-08-28T01:14:06.809+0000][info][gc,task        ] GC(603) Using 24 workers of 68 for evacuation
[2024-08-28T01:14:06.820+0000][info][gc,phases      ] GC(603)   Pre Evacuate Collection Set: 0.2ms
[2024-08-28T01:14:06.820+0000][info][gc,phases      ] GC(603)   Merge Heap Roots: 0.5ms
[2024-08-28T01:14:06.820+0000][info][gc,phases      ] GC(603)   Evacuate Collection Set: 9.7ms
[2024-08-28T01:14:06.820+0000][info][gc,phases      ] GC(603)   Post Evacuate Collection Set: 0.4ms
[2024-08-28T01:14:06.820+0000][info][gc,phases      ] GC(603)   Other: 0.4ms
[2024-08-28T01:14:06.820+0000][info][gc,heap        ] GC(603) Eden regions: 44->0(44)
[2024-08-28T01:14:06.820+0000][info][gc,heap        ] GC(603) Survivor regions: 7->7(7)
[2024-08-28T01:14:06.820+0000][info][gc,heap        ] GC(603) Old regions: 902->886
[2024-08-28T01:14:06.820+0000][info][gc,heap        ] GC(603) Archive regions: 2->2
[2024-08-28T01:14:06.820+0000][info][gc,heap        ] GC(603) Humongous regions: 5->5
[2024-08-28T01:14:06.820+0000][info][gc,metaspace   ] GC(603) Metaspace: 100K(320K)->100K(320K) NonClass: 96K(192K)->96K(192K) Class: 4K(128K)->4K(128K)
[2024-08-28T01:14:06.821+0000][info][gc             ] GC(603) Pause Young (Mixed) (G1 Evacuation Pause) 955M->895M(1024M) 11.267ms
[2024-08-28T01:14:06.821+0000][info][gc,cpu         ] GC(603) User=0.24s Sys=0.00s Real=0.02s
[2024-08-28T01:14:06.840+0000][info][gc,start       ] GC(604) Pause Young (Mixed) (G1 Evacuation Pause)
[2024-08-28T01:14:06.840+0000][info][gc,task        ] GC(604) Using 24 workers of 68 for evacuation
[2024-08-28T01:14:06.851+0000][info][gc,phases      ] GC(604)   Pre Evacuate Collection Set: 0.2ms
[2024-08-28T01:14:06.851+0000][info][gc,phases      ] GC(604)   Merge Heap Roots: 0.4ms
[2024-08-28T01:14:06.851+0000][info][gc,phases      ] GC(604)   Evacuate Collection Set: 9.7ms
[2024-08-28T01:14:06.851+0000][info][gc,phases      ] GC(604)   Post Evacuate Collection Set: 0.4ms
[2024-08-28T01:14:06.851+0000][info][gc,phases      ] GC(604)   Other: 0.3ms
[2024-08-28T01:14:06.851+0000][info][gc,heap        ] GC(604) Eden regions: 44->0(44)
[2024-08-28T01:14:06.851+0000][info][gc,heap        ] GC(604) Survivor regions: 7->7(7)
[2024-08-28T01:14:06.851+0000][info][gc,heap        ] GC(604) Old regions: 886->870
[2024-08-28T01:14:06.851+0000][info][gc,heap        ] GC(604) Archive regions: 2->2
[2024-08-28T01:14:06.851+0000][info][gc,heap        ] GC(604) Humongous regions: 5->5
[2024-08-28T01:14:06.851+0000][info][gc,metaspace   ] GC(604) Metaspace: 100K(320K)->100K(320K) NonClass: 96K(192K)->96K(192K) Class: 4K(128K)->4K(128K)
[2024-08-28T01:14:06.851+0000][info][gc             ] GC(604) Pause Young (Mixed) (G1 Evacuation Pause) 939M->882M(1024M) 11.281ms
[2024-08-28T01:14:06.851+0000][info][gc,cpu         ] GC(604) User=0.24s Sys=0.00s Real=0.01s
[2024-08-28T01:14:06.871+0000][info][gc,start       ] GC(605) Pause Young (Mixed) (G1 Evacuation Pause)
[2024-08-28T01:14:06.871+0000][info][gc,task        ] GC(605) Using 24 workers of 68 for evacuation
[2024-08-28T01:14:06.884+0000][info][gc,phases      ] GC(605)   Pre Evacuate Collection Set: 0.2ms
[2024-08-28T01:14:06.884+0000][info][gc,phases      ] GC(605)   Merge Heap Roots: 0.5ms
[2024-08-28T01:14:06.884+0000][info][gc,phases      ] GC(605)   Evacuate Collection Set: 11.9ms
[2024-08-28T01:14:06.884+0000][info][gc,phases      ] GC(605)   Post Evacuate Collection Set: 0.4ms
[2024-08-28T01:14:06.884+0000][info][gc,phases      ] GC(605)   Other: 0.4ms
[2024-08-28T01:14:06.884+0000][info][gc,heap        ] GC(605) Eden regions: 44->0(44)
[2024-08-28T01:14:06.884+0000][info][gc,heap        ] GC(605) Survivor regions: 7->7(7)
[2024-08-28T01:14:06.884+0000][info][gc,heap        ] GC(605) Old regions: 870->870
[2024-08-28T01:14:06.884+0000][info][gc,heap        ] GC(605) Archive regions: 2->2
[2024-08-28T01:14:06.884+0000][info][gc,heap        ] GC(605) Humongous regions: 5->5
[2024-08-28T01:14:06.884+0000][info][gc,metaspace   ] GC(605) Metaspace: 100K(320K)->100K(320K) NonClass: 96K(192K)->96K(192K) Class: 4K(128K)->4K(128K)
[2024-08-28T01:14:06.884+0000][info][gc             ] GC(605) Pause Young (Mixed) (G1 Evacuation Pause) 926M->882M(1024M) 13.560ms
[2024-08-28T01:14:06.884+0000][info][gc,cpu         ] GC(605) User=0.29s Sys=0.00s Real=0.01s
[2024-08-28T01:14:06.904+0000][info][gc,start       ] GC(606) Pause Young (Mixed) (G1 Evacuation Pause)
[2024-08-28T01:14:06.905+0000][info][gc,task        ] GC(606) Using 24 workers of 68 for evacuation
[2024-08-28T01:14:06.917+0000][info][gc,phases      ] GC(606)   Pre Evacuate Collection Set: 0.2ms
[2024-08-28T01:14:06.917+0000][info][gc,phases      ] GC(606)   Merge Heap Roots: 0.4ms
[2024-08-28T01:14:06.917+0000][info][gc,phases      ] GC(606)   Evacuate Collection Set: 11.5ms
[2024-08-28T01:14:06.917+0000][info][gc,phases      ] GC(606)   Post Evacuate Collection Set: 0.4ms
[2024-08-28T01:14:06.917+0000][info][gc,phases      ] GC(606)   Other: 0.4ms
[2024-08-28T01:14:06.917+0000][info][gc,heap        ] GC(606) Eden regions: 44->0(44)
[2024-08-28T01:14:06.917+0000][info][gc,heap        ] GC(606) Survivor regions: 7->7(7)
[2024-08-28T01:14:06.918+0000][info][gc,heap        ] GC(606) Old regions: 870->897
[2024-08-28T01:14:06.918+0000][info][gc,heap        ] GC(606) Archive regions: 2->2
[2024-08-28T01:14:06.918+0000][info][gc,heap        ] GC(606) Humongous regions: 5->5
[2024-08-28T01:14:06.918+0000][info][gc,metaspace   ] GC(606) Metaspace: 100K(320K)->100K(320K) NonClass: 96K(192K)->96K(192K) Class: 4K(128K)->4K(128K)
[2024-08-28T01:14:06.918+0000][info][gc             ] GC(606) Pause Young (Mixed) (G1 Evacuation Pause) 926M->909M(1024M) 13.093ms
[2024-08-28T01:14:06.918+0000][info][gc,cpu         ] GC(606) User=0.29s Sys=0.00s Real=0.02s
[2024-08-28T01:14:06.938+0000][info][gc,start       ] GC(607) Pause Young (Concurrent Start) (G1 Evacuation Pause)
[2024-08-28T01:14:06.938+0000][info][gc,task        ] GC(607) Using 24 workers of 68 for evacuation
[2024-08-28T01:14:06.950+0000][info][gc,phases      ] GC(607)   Pre Evacuate Collection Set: 0.2ms
[2024-08-28T01:14:06.950+0000][info][gc,phases      ] GC(607)   Merge Heap Roots: 0.4ms
[2024-08-28T01:14:06.950+0000][info][gc,phases      ] GC(607)   Evacuate Collection Set: 9.7ms
[2024-08-28T01:14:06.950+0000][info][gc,phases      ] GC(607)   Post Evacuate Collection Set: 0.5ms
[2024-08-28T01:14:06.950+0000][info][gc,phases      ] GC(607)   Other: 1.1ms
[2024-08-28T01:14:06.950+0000][info][gc,heap        ] GC(607) Eden regions: 44->0(44)
[2024-08-28T01:14:06.950+0000][info][gc,heap        ] GC(607) Survivor regions: 7->7(7)
[2024-08-28T01:14:06.950+0000][info][gc,heap        ] GC(607) Old regions: 897->945
[2024-08-28T01:14:06.950+0000][info][gc,heap        ] GC(607) Archive regions: 2->2
[2024-08-28T01:14:06.950+0000][info][gc,heap        ] GC(607) Humongous regions: 5->5
[2024-08-28T01:14:06.950+0000][info][gc,metaspace   ] GC(607) Metaspace: 100K(320K)->100K(320K) NonClass: 96K(192K)->96K(192K) Class: 4K(128K)->4K(128K)
[2024-08-28T01:14:06.950+0000][info][gc             ] GC(607) Pause Young (Concurrent Start) (G1 Evacuation Pause) 953M->957M(1024M) 11.931ms
[2024-08-28T01:14:06.950+0000][info][gc,cpu         ] GC(607) User=0.23s Sys=0.02s Real=0.01s
[2024-08-28T01:14:06.950+0000][info][gc             ] GC(608) Concurrent Mark Cycle
[2024-08-28T01:14:06.950+0000][info][gc,marking     ] GC(608) Concurrent Clear Claimed Marks
[2024-08-28T01:14:06.950+0000][info][gc,marking     ] GC(608) Concurrent Clear Claimed Marks 0.011ms
[2024-08-28T01:14:06.950+0000][info][gc,marking     ] GC(608) Concurrent Scan Root Regions
[2024-08-28T01:14:06.952+0000][info][gc,marking     ] GC(608) Concurrent Scan Root Regions 1.587ms
[2024-08-28T01:14:06.952+0000][info][gc,marking     ] GC(608) Concurrent Mark
[2024-08-28T01:14:06.952+0000][info][gc,marking     ] GC(608) Concurrent Mark From Roots
[2024-08-28T01:14:06.952+0000][info][gc,task        ] GC(608) Using 17 workers of 17 for marking
[2024-08-28T01:14:06.969+0000][info][gc,start       ] GC(609) Pause Young (Normal) (G1 Preventive Collection)
[2024-08-28T01:14:06.969+0000][info][gc,task        ] GC(609) Using 24 workers of 68 for evacuation
[2024-08-28T01:14:06.977+0000][info][gc,phases      ] GC(609)   Pre Evacuate Collection Set: 0.2ms
[2024-08-28T01:14:06.977+0000][info][gc,phases      ] GC(609)   Merge Heap Roots: 0.5ms
[2024-08-28T01:14:06.977+0000][info][gc,phases      ] GC(609)   Evacuate Collection Set: 6.4ms
[2024-08-28T01:14:06.977+0000][info][gc,phases      ] GC(609)   Post Evacuate Collection Set: 0.4ms
[2024-08-28T01:14:06.977+0000][info][gc,phases      ] GC(609)   Other: 0.3ms
[2024-08-28T01:14:06.977+0000][info][gc,heap        ] GC(609) Eden regions: 27->0(44)
[2024-08-28T01:14:06.977+0000][info][gc,heap        ] GC(609) Survivor regions: 7->7(7)
[2024-08-28T01:14:06.977+0000][info][gc,heap        ] GC(609) Old regions: 945->976
[2024-08-28T01:14:06.977+0000][info][gc,heap        ] GC(609) Archive regions: 2->2
[2024-08-28T01:14:06.977+0000][info][gc,heap        ] GC(609) Humongous regions: 5->5
[2024-08-28T01:14:06.977+0000][info][gc,metaspace   ] GC(609) Metaspace: 100K(320K)->100K(320K) NonClass: 96K(192K)->96K(192K) Class: 4K(128K)->4K(128K)
[2024-08-28T01:14:06.977+0000][info][gc             ] GC(609) Pause Young (Normal) (G1 Preventive Collection) 984M->988M(1024M) 7.946ms
[2024-08-28T01:14:06.977+0000][info][gc,cpu         ] GC(609) User=0.17s Sys=0.00s Real=0.01s
[2024-08-28T01:14:06.986+0000][info][gc,start       ] GC(610) Pause Young (Normal) (G1 Preventive Collection)
[2024-08-28T01:14:06.986+0000][info][gc,task        ] GC(610) Using 24 workers of 68 for evacuation
[2024-08-28T01:14:06.991+0000][info][gc,phases      ] GC(610)   Pre Evacuate Collection Set: 0.2ms
[2024-08-28T01:14:06.991+0000][info][gc,phases      ] GC(610)   Merge Heap Roots: 0.5ms
[2024-08-28T01:14:06.991+0000][info][gc,phases      ] GC(610)   Evacuate Collection Set: 3.8ms
[2024-08-28T01:14:06.991+0000][info][gc,phases      ] GC(610)   Post Evacuate Collection Set: 0.3ms
[2024-08-28T01:14:06.991+0000][info][gc,phases      ] GC(610)   Other: 0.3ms
[2024-08-28T01:14:06.991+0000][info][gc,heap        ] GC(610) Eden regions: 12->0(44)
[2024-08-28T01:14:06.991+0000][info][gc,heap        ] GC(610) Survivor regions: 7->7(7)
[2024-08-28T01:14:06.991+0000][info][gc,heap        ] GC(610) Old regions: 976->991
[2024-08-28T01:14:06.991+0000][info][gc,heap        ] GC(610) Archive regions: 2->2
[2024-08-28T01:14:06.991+0000][info][gc,heap        ] GC(610) Humongous regions: 5->5
[2024-08-28T01:14:06.991+0000][info][gc,metaspace   ] GC(610) Metaspace: 100K(320K)->100K(320K) NonClass: 96K(192K)->96K(192K) Class: 4K(128K)->4K(128K)
[2024-08-28T01:14:06.991+0000][info][gc             ] GC(610) Pause Young (Normal) (G1 Preventive Collection) 1000M->1003M(1024M) 5.237ms
[2024-08-28T01:14:06.991+0000][info][gc,cpu         ] GC(610) User=0.10s Sys=0.00s Real=0.01s
[2024-08-28T01:14:06.991+0000][info][gc,marking     ] GC(608) Concurrent Mark From Roots 39.482ms
[2024-08-28T01:14:06.991+0000][info][gc,marking     ] GC(608) Concurrent Preclean
[2024-08-28T01:14:06.992+0000][info][gc,marking     ] GC(608) Concurrent Preclean 0.880ms
[2024-08-28T01:14:06.992+0000][info][gc,start       ] GC(608) Pause Remark
[2024-08-28T01:14:06.994+0000][info][gc             ] GC(608) Pause Remark 1006M->1006M(1024M) 1.850ms
[2024-08-28T01:14:06.994+0000][info][gc,cpu         ] GC(608) User=0.00s Sys=0.00s Real=0.00s
[2024-08-28T01:14:06.994+0000][info][gc,marking     ] GC(608) Concurrent Mark 42.770ms
[2024-08-28T01:14:06.995+0000][info][gc,marking     ] GC(608) Concurrent Rebuild Remembered Sets
[2024-08-28T01:14:06.996+0000][info][gc,start       ] GC(611) Pause Young (Normal) (G1 Preventive Collection)
[2024-08-28T01:14:06.996+0000][info][gc,task        ] GC(611) Using 24 workers of 68 for evacuation
[2024-08-28T01:14:06.999+0000][info][gc             ] GC(611) To-space exhausted
[2024-08-28T01:14:06.999+0000][info][gc,phases      ] GC(611)   Pre Evacuate Collection Set: 0.1ms
[2024-08-28T01:14:06.999+0000][info][gc,phases      ] GC(611)   Merge Heap Roots: 0.4ms
[2024-08-28T01:14:06.999+0000][info][gc,phases      ] GC(611)   Evacuate Collection Set: 2.3ms
[2024-08-28T01:14:06.999+0000][info][gc,phases      ] GC(611)   Post Evacuate Collection Set: 0.3ms
[2024-08-28T01:14:06.999+0000][info][gc,phases      ] GC(611)   Other: 0.2ms
[2024-08-28T01:14:06.999+0000][info][gc,heap        ] GC(611) Eden regions: 5->0(45)
[2024-08-28T01:14:06.999+0000][info][gc,heap        ] GC(611) Survivor regions: 7->6(7)
[2024-08-28T01:14:06.999+0000][info][gc,heap        ] GC(611) Old regions: 991->1000
[2024-08-28T01:14:06.999+0000][info][gc,heap        ] GC(611) Archive regions: 2->2
[2024-08-28T01:14:06.999+0000][info][gc,heap        ] GC(611) Humongous regions: 5->5
[2024-08-28T01:14:06.999+0000][info][gc,metaspace   ] GC(611) Metaspace: 100K(320K)->100K(320K) NonClass: 96K(192K)->96K(192K) Class: 4K(128K)->4K(128K)
[2024-08-28T01:14:06.999+0000][info][gc             ] GC(611) Pause Young (Normal) (G1 Preventive Collection) 1008M->1011M(1024M) 3.486ms
[2024-08-28T01:14:06.999+0000][info][gc,cpu         ] GC(611) User=0.07s Sys=0.00s Real=0.01s
[2024-08-28T01:14:07.001+0000][info][gc,start       ] GC(612) Pause Young (Normal) (G1 Preventive Collection)
[2024-08-28T01:14:07.001+0000][info][gc,task        ] GC(612) Using 24 workers of 68 for evacuation
[2024-08-28T01:14:07.003+0000][info][gc,phases      ] GC(612)   Pre Evacuate Collection Set: 0.1ms
[2024-08-28T01:14:07.003+0000][info][gc,phases      ] GC(612)   Merge Heap Roots: 0.3ms
[2024-08-28T01:14:07.003+0000][info][gc,phases      ] GC(612)   Evacuate Collection Set: 1.7ms
[2024-08-28T01:14:07.003+0000][info][gc,phases      ] GC(612)   Post Evacuate Collection Set: 0.3ms
[2024-08-28T01:14:07.003+0000][info][gc,phases      ] GC(612)   Other: 0.2ms
[2024-08-28T01:14:07.003+0000][info][gc,heap        ] GC(612) Eden regions: 2->0(48)
[2024-08-28T01:14:07.003+0000][info][gc,heap        ] GC(612) Survivor regions: 6->3(7)
[2024-08-28T01:14:07.003+0000][info][gc,heap        ] GC(612) Old regions: 1000->1006
[2024-08-28T01:14:07.003+0000][info][gc,heap        ] GC(612) Archive regions: 2->2
[2024-08-28T01:14:07.004+0000][info][gc,heap        ] GC(612) Humongous regions: 5->5
[2024-08-28T01:14:07.004+0000][info][gc,metaspace   ] GC(612) Metaspace: 100K(320K)->100K(320K) NonClass: 96K(192K)->96K(192K) Class: 4K(128K)->4K(128K)
[2024-08-28T01:14:07.004+0000][info][gc             ] GC(612) Pause Young (Normal) (G1 Preventive Collection) 1013M->1014M(1024M) 2.691ms
[2024-08-28T01:14:07.004+0000][info][gc,cpu         ] GC(612) User=0.05s Sys=0.00s Real=0.00s
[2024-08-28T01:14:07.005+0000][info][gc,start       ] GC(613) Pause Young (Normal) (G1 Preventive Collection)
[2024-08-28T01:14:07.005+0000][info][gc,task        ] GC(613) Using 24 workers of 68 for evacuation
[2024-08-28T01:14:07.008+0000][info][gc,phases      ] GC(613)   Pre Evacuate Collection Set: 0.1ms
[2024-08-28T01:14:07.008+0000][info][gc,phases      ] GC(613)   Merge Heap Roots: 0.5ms
[2024-08-28T01:14:07.008+0000][info][gc,phases      ] GC(613)   Evacuate Collection Set: 1.6ms
[2024-08-28T01:14:07.008+0000][info][gc,phases      ] GC(613)   Post Evacuate Collection Set: 0.3ms
[2024-08-28T01:14:07.008+0000][info][gc,phases      ] GC(613)   Other: 0.2ms
[2024-08-28T01:14:07.008+0000][info][gc,heap        ] GC(613) Eden regions: 2->0(46)
[2024-08-28T01:14:07.008+0000][info][gc,heap        ] GC(613) Survivor regions: 3->5(6)
[2024-08-28T01:14:07.008+0000][info][gc,heap        ] GC(613) Old regions: 1006->1006
[2024-08-28T01:14:07.008+0000][info][gc,heap        ] GC(613) Archive regions: 2->2
[2024-08-28T01:14:07.008+0000][info][gc,heap        ] GC(613) Humongous regions: 5->5
[2024-08-28T01:14:07.008+0000][info][gc,metaspace   ] GC(613) Metaspace: 100K(320K)->100K(320K) NonClass: 96K(192K)->96K(192K) Class: 4K(128K)->4K(128K)
[2024-08-28T01:14:07.008+0000][info][gc             ] GC(613) Pause Young (Normal) (G1 Preventive Collection) 1016M->1016M(1024M) 2.830ms
[2024-08-28T01:14:07.008+0000][info][gc,cpu         ] GC(613) User=0.05s Sys=0.00s Real=0.00s
[2024-08-28T01:14:07.009+0000][info][gc,start       ] GC(614) Pause Young (Normal) (G1 Preventive Collection)
[2024-08-28T01:14:07.009+0000][info][gc,task        ] GC(614) Using 24 workers of 68 for evacuation
[2024-08-28T01:14:07.011+0000][info][gc,phases      ] GC(614)   Pre Evacuate Collection Set: 0.1ms
[2024-08-28T01:14:07.011+0000][info][gc,phases      ] GC(614)   Merge Heap Roots: 0.3ms
[2024-08-28T01:14:07.011+0000][info][gc,phases      ] GC(614)   Evacuate Collection Set: 1.6ms
[2024-08-28T01:14:07.011+0000][info][gc,phases      ] GC(614)   Post Evacuate Collection Set: 0.3ms
[2024-08-28T01:14:07.011+0000][info][gc,phases      ] GC(614)   Other: 0.2ms
[2024-08-28T01:14:07.011+0000][info][gc,heap        ] GC(614) Eden regions: 1->0(48)
[2024-08-28T01:14:07.011+0000][info][gc,heap        ] GC(614) Survivor regions: 5->3(5)
[2024-08-28T01:14:07.011+0000][info][gc,heap        ] GC(614) Old regions: 1006->1008
[2024-08-28T01:14:07.011+0000][info][gc,heap        ] GC(614) Archive regions: 2->2
[2024-08-28T01:14:07.011+0000][info][gc,heap        ] GC(614) Humongous regions: 5->5
[2024-08-28T01:14:07.011+0000][info][gc,metaspace   ] GC(614) Metaspace: 100K(320K)->100K(320K) NonClass: 96K(192K)->96K(192K) Class: 4K(128K)->4K(128K)
[2024-08-28T01:14:07.011+0000][info][gc             ] GC(614) Pause Young (Normal) (G1 Preventive Collection) 1017M->1016M(1024M) 2.634ms
[2024-08-28T01:14:07.011+0000][info][gc,cpu         ] GC(614) User=0.04s Sys=0.00s Real=0.01s
[2024-08-28T01:14:07.012+0000][info][gc,start       ] GC(615) Pause Young (Normal) (G1 Preventive Collection)
[2024-08-28T01:14:07.012+0000][info][gc,task        ] GC(615) Using 24 workers of 68 for evacuation
[2024-08-28T01:14:07.015+0000][info][gc,phases      ] GC(615)   Pre Evacuate Collection Set: 0.1ms
[2024-08-28T01:14:07.015+0000][info][gc,phases      ] GC(615)   Merge Heap Roots: 0.5ms
[2024-08-28T01:14:07.015+0000][info][gc,phases      ] GC(615)   Evacuate Collection Set: 1.4ms
[2024-08-28T01:14:07.015+0000][info][gc,phases      ] GC(615)   Post Evacuate Collection Set: 0.3ms
[2024-08-28T01:14:07.015+0000][info][gc,phases      ] GC(615)   Other: 0.2ms
[2024-08-28T01:14:07.015+0000][info][gc,heap        ] GC(615) Eden regions: 1->0(46)
[2024-08-28T01:14:07.015+0000][info][gc,heap        ] GC(615) Survivor regions: 3->5(5)
[2024-08-28T01:14:07.015+0000][info][gc,heap        ] GC(615) Old regions: 1008->1008
[2024-08-28T01:14:07.015+0000][info][gc,heap        ] GC(615) Archive regions: 2->2
[2024-08-28T01:14:07.015+0000][info][gc,heap        ] GC(615) Humongous regions: 5->5
[2024-08-28T01:14:07.015+0000][info][gc,metaspace   ] GC(615) Metaspace: 100K(320K)->100K(320K) NonClass: 96K(192K)->96K(192K) Class: 4K(128K)->4K(128K)
[2024-08-28T01:14:07.015+0000][info][gc             ] GC(615) Pause Young (Normal) (G1 Preventive Collection) 1017M->1018M(1024M) 2.546ms
[2024-08-28T01:14:07.015+0000][info][gc,cpu         ] GC(615) User=0.04s Sys=0.00s Real=0.00s
[2024-08-28T01:14:07.016+0000][info][gc,start       ] GC(616) Pause Young (Normal) (G1 Preventive Collection)
[2024-08-28T01:14:07.016+0000][info][gc,task        ] GC(616) Using 24 workers of 68 for evacuation
[2024-08-28T01:14:07.018+0000][info][gc             ] GC(616) To-space exhausted
[2024-08-28T01:14:07.019+0000][info][gc,phases      ] GC(616)   Pre Evacuate Collection Set: 0.1ms
[2024-08-28T01:14:07.019+0000][info][gc,phases      ] GC(616)   Merge Heap Roots: 0.5ms
[2024-08-28T01:14:07.019+0000][info][gc,phases      ] GC(616)   Evacuate Collection Set: 1.6ms
[2024-08-28T01:14:07.019+0000][info][gc,phases      ] GC(616)   Post Evacuate Collection Set: 0.6ms
[2024-08-28T01:14:07.019+0000][info][gc,phases      ] GC(616)   Other: 0.1ms
[2024-08-28T01:14:07.019+0000][info][gc,heap        ] GC(616) Eden regions: 1->0(49)
[2024-08-28T01:14:07.019+0000][info][gc,heap        ] GC(616) Survivor regions: 5->2(3)
[2024-08-28T01:14:07.019+0000][info][gc,heap        ] GC(616) Old regions: 1008->1015
[2024-08-28T01:14:07.019+0000][info][gc,heap        ] GC(616) Archive regions: 2->2
[2024-08-28T01:14:07.019+0000][info][gc,heap        ] GC(616) Humongous regions: 5->5
[2024-08-28T01:14:07.019+0000][info][gc,metaspace   ] GC(616) Metaspace: 100K(320K)->100K(320K) NonClass: 96K(192K)->96K(192K) Class: 4K(128K)->4K(128K)
[2024-08-28T01:14:07.019+0000][info][gc             ] GC(616) Pause Young (Normal) (G1 Preventive Collection) 1019M->1022M(1024M) 3.007ms
[2024-08-28T01:14:07.019+0000][info][gc,cpu         ] GC(616) User=0.05s Sys=0.00s Real=0.01s
[2024-08-28T01:14:07.019+0000][info][gc,ergo        ] Attempting full compaction
[2024-08-28T01:14:07.019+0000][info][gc,task        ] GC(617) Using 24 workers of 68 for full compaction
[2024-08-28T01:14:07.019+0000][info][gc,start       ] GC(617) Pause Full (G1 Compaction Pause)
[2024-08-28T01:14:07.020+0000][info][gc,phases,start] GC(617) Phase 1: Mark live objects
[2024-08-28T01:14:07.034+0000][info][gc,phases      ] GC(617) Phase 1: Mark live objects 14.517ms
[2024-08-28T01:14:07.035+0000][info][gc,phases,start] GC(617) Phase 2: Prepare for compaction
[2024-08-28T01:14:07.044+0000][info][gc,phases      ] GC(617) Phase 2: Prepare for compaction 9.233ms
[2024-08-28T01:14:07.044+0000][info][gc,phases,start] GC(617) Phase 3: Adjust pointers
[2024-08-28T01:14:07.061+0000][info][gc,phases      ] GC(617) Phase 3: Adjust pointers 16.732ms
[2024-08-28T01:14:07.061+0000][info][gc,phases,start] GC(617) Phase 4: Compact heap
[2024-08-28T01:14:07.093+0000][info][gc,phases      ] GC(617) Phase 4: Compact heap 32.425ms
[2024-08-28T01:14:07.094+0000][info][gc,heap        ] GC(617) Eden regions: 0->0(150)
[2024-08-28T01:14:07.095+0000][info][gc,heap        ] GC(617) Survivor regions: 2->0(3)
[2024-08-28T01:14:07.095+0000][info][gc,heap        ] GC(617) Old regions: 1015->442
[2024-08-28T01:14:07.095+0000][info][gc,heap        ] GC(617) Archive regions: 2->2
[2024-08-28T01:14:07.095+0000][info][gc,heap        ] GC(617) Humongous regions: 5->5
[2024-08-28T01:14:07.095+0000][info][gc,metaspace   ] GC(617) Metaspace: 100K(320K)->100K(320K) NonClass: 96K(192K)->96K(192K) Class: 4K(128K)->4K(128K)
[2024-08-28T01:14:07.095+0000][info][gc             ] GC(617) Pause Full (G1 Compaction Pause) 1022M->436M(1024M) 75.632ms
[2024-08-28T01:14:07.095+0000][info][gc,cpu         ] GC(617) User=1.57s Sys=0.00s Real=0.07s
[2024-08-28T01:14:07.095+0000][info][gc,marking     ] GC(608) Concurrent Rebuild Remembered Sets 100.592ms
[2024-08-28T01:14:07.095+0000][info][gc,marking     ] GC(608) Concurrent Mark Abort
[2024-08-28T01:14:07.095+0000][info][gc             ] GC(608) Concurrent Mark Cycle 145.266ms
[2024-08-28T01:14:07.168+0000][info][gc,start       ] GC(618) Pause Young (Normal) (G1 Evacuation Pause)
[2024-08-28T01:14:07.168+0000][info][gc,task        ] GC(618) Using 24 workers of 68 for evacuation
[2024-08-28T01:14:07.231+0000][info][gc,phases      ] GC(618)   Pre Evacuate Collection Set: 0.2ms
[2024-08-28T01:14:07.231+0000][info][gc,phases      ] GC(618)   Merge Heap Roots: 0.6ms
[2024-08-28T01:14:07.231+0000][info][gc,phases      ] GC(618)   Evacuate Collection Set: 62.1ms
[2024-08-28T01:14:07.231+0000][info][gc,phases      ] GC(618)   Post Evacuate Collection Set: 0.5ms
[2024-08-28T01:14:07.231+0000][info][gc,phases      ] GC(618)   Other: 0.4ms
[2024-08-28T01:14:07.231+0000][info][gc,heap        ] GC(618) Eden regions: 150->0(104)
[2024-08-28T01:14:07.231+0000][info][gc,heap        ] GC(618) Survivor regions: 0->19(19)
[2024-08-28T01:14:07.231+0000][info][gc,heap        ] GC(618) Old regions: 442->568
[2024-08-28T01:14:07.231+0000][info][gc,heap        ] GC(618) Archive regions: 2->2
[2024-08-28T01:14:07.232+0000][info][gc,heap        ] GC(618) Humongous regions: 5->5
[2024-08-28T01:14:07.232+0000][info][gc,metaspace   ] GC(618) Metaspace: 100K(320K)->100K(320K) NonClass: 96K(192K)->96K(192K) Class: 4K(128K)->4K(128K)
[2024-08-28T01:14:07.232+0000][info][gc             ] GC(618) Pause Young (Normal) (G1 Evacuation Pause) 586M->580M(1024M) 63.790ms
[2024-08-28T01:14:07.232+0000][info][gc,cpu         ] GC(618) User=0.46s Sys=0.83s Real=0.07s
[2024-08-28T01:14:07.280+0000][info][gc,start       ] GC(619) Pause Young (Concurrent Start) (G1 Evacuation Pause)
[2024-08-28T01:14:07.280+0000][info][gc,task        ] GC(619) Using 24 workers of 68 for evacuation
[2024-08-28T01:14:07.301+0000][info][gc,phases      ] GC(619)   Pre Evacuate Collection Set: 0.2ms
[2024-08-28T01:14:07.301+0000][info][gc,phases      ] GC(619)   Merge Heap Roots: 0.7ms
[2024-08-28T01:14:07.301+0000][info][gc,phases      ] GC(619)   Evacuate Collection Set: 18.5ms
[2024-08-28T01:14:07.301+0000][info][gc,phases      ] GC(619)   Post Evacuate Collection Set: 0.4ms
[2024-08-28T01:14:07.301+0000][info][gc,phases      ] GC(619)   Other: 1.1ms
[2024-08-28T01:14:07.301+0000][info][gc,heap        ] GC(619) Eden regions: 104->0(71)
[2024-08-28T01:14:07.301+0000][info][gc,heap        ] GC(619) Survivor regions: 19->16(16)
[2024-08-28T01:14:07.301+0000][info][gc,heap        ] GC(619) Old regions: 568->674
[2024-08-28T01:14:07.301+0000][info][gc,heap        ] GC(619) Archive regions: 2->2
[2024-08-28T01:14:07.301+0000][info][gc,heap        ] GC(619) Humongous regions: 5->5
[2024-08-28T01:14:07.301+0000][info][gc,metaspace   ] GC(619) Metaspace: 100K(320K)->100K(320K) NonClass: 96K(192K)->96K(192K) Class: 4K(128K)->4K(128K)
[2024-08-28T01:14:07.301+0000][info][gc             ] GC(619) Pause Young (Concurrent Start) (G1 Evacuation Pause) 684M->683M(1024M) 21.022ms
[2024-08-28T01:14:07.301+0000][info][gc,cpu         ] GC(619) User=0.46s Sys=0.00s Real=0.02s
[2024-08-28T01:14:07.301+0000][info][gc             ] GC(620) Concurrent Mark Cycle
[2024-08-28T01:14:07.301+0000][info][gc,marking     ] GC(620) Concurrent Clear Claimed Marks
[2024-08-28T01:14:07.302+0000][info][gc,marking     ] GC(620) Concurrent Clear Claimed Marks 0.025ms
[2024-08-28T01:14:07.302+0000][info][gc,marking     ] GC(620) Concurrent Scan Root Regions
[2024-08-28T01:14:07.305+0000][info][gc,marking     ] GC(620) Concurrent Scan Root Regions 3.704ms
[2024-08-28T01:14:07.305+0000][info][gc,marking     ] GC(620) Concurrent Mark
[2024-08-28T01:14:07.305+0000][info][gc,marking     ] GC(620) Concurrent Mark From Roots
[2024-08-28T01:14:07.305+0000][info][gc,task        ] GC(620) Using 17 workers of 17 for marking
[2024-08-28T01:14:07.327+0000][info][gc,marking     ] GC(620) Concurrent Mark From Roots 21.358ms
[2024-08-28T01:14:07.327+0000][info][gc,marking     ] GC(620) Concurrent Preclean
[2024-08-28T01:14:07.328+0000][info][gc,marking     ] GC(620) Concurrent Preclean 1.070ms
[2024-08-28T01:14:07.328+0000][info][gc,start       ] GC(620) Pause Remark
[2024-08-28T01:14:07.330+0000][info][gc             ] GC(620) Pause Remark 722M->722M(1024M) 1.884ms
[2024-08-28T01:14:07.330+0000][info][gc,cpu         ] GC(620) User=0.01s Sys=0.00s Real=0.01s
[2024-08-28T01:14:07.330+0000][info][gc,marking     ] GC(620) Concurrent Mark 24.907ms
[2024-08-28T01:14:07.330+0000][info][gc,marking     ] GC(620) Concurrent Rebuild Remembered Sets
[2024-08-28T01:14:07.346+0000][info][gc,start       ] GC(621) Pause Young (Normal) (G1 Evacuation Pause)
[2024-08-28T01:14:07.346+0000][info][gc,task        ] GC(621) Using 24 workers of 68 for evacuation
[2024-08-28T01:14:07.364+0000][info][gc,phases      ] GC(621)   Pre Evacuate Collection Set: 0.1ms
[2024-08-28T01:14:07.364+0000][info][gc,phases      ] GC(621)   Merge Heap Roots: 0.6ms
[2024-08-28T01:14:07.364+0000][info][gc,phases      ] GC(621)   Evacuate Collection Set: 16.5ms
[2024-08-28T01:14:07.364+0000][info][gc,phases      ] GC(621)   Post Evacuate Collection Set: 0.6ms
[2024-08-28T01:14:07.364+0000][info][gc,phases      ] GC(621)   Other: 0.2ms
[2024-08-28T01:14:07.364+0000][info][gc,heap        ] GC(621) Eden regions: 71->0(47)
[2024-08-28T01:14:07.364+0000][info][gc,heap        ] GC(621) Survivor regions: 16->11(11)
[2024-08-28T01:14:07.364+0000][info][gc,heap        ] GC(621) Old regions: 674->752
[2024-08-28T01:14:07.364+0000][info][gc,heap        ] GC(621) Archive regions: 2->2
[2024-08-28T01:14:07.364+0000][info][gc,heap        ] GC(621) Humongous regions: 5->5
[2024-08-28T01:14:07.364+0000][info][gc,metaspace   ] GC(621) Metaspace: 100K(320K)->100K(320K) NonClass: 96K(192K)->96K(192K) Class: 4K(128K)->4K(128K)
[2024-08-28T01:14:07.364+0000][info][gc             ] GC(621) Pause Young (Normal) (G1 Evacuation Pause) 754M->756M(1024M) 18.142ms
[2024-08-28T01:14:07.364+0000][info][gc,cpu         ] GC(621) User=0.41s Sys=0.01s Real=0.02s
[2024-08-28T01:14:07.388+0000][info][gc,start       ] GC(622) Pause Young (Normal) (G1 Evacuation Pause)
[2024-08-28T01:14:07.388+0000][info][gc,task        ] GC(622) Using 24 workers of 68 for evacuation
[2024-08-28T01:14:07.408+0000][info][gc,phases      ] GC(622)   Pre Evacuate Collection Set: 0.2ms
[2024-08-28T01:14:07.409+0000][info][gc,phases      ] GC(622)   Merge Heap Roots: 0.7ms
[2024-08-28T01:14:07.409+0000][info][gc,phases      ] GC(622)   Evacuate Collection Set: 18.7ms
[2024-08-28T01:14:07.409+0000][info][gc,phases      ] GC(622)   Post Evacuate Collection Set: 0.6ms
[2024-08-28T01:14:07.409+0000][info][gc,phases      ] GC(622)   Other: 0.2ms
[2024-08-28T01:14:07.409+0000][info][gc,heap        ] GC(622) Eden regions: 47->0(43)
[2024-08-28T01:14:07.409+0000][info][gc,heap        ] GC(622) Survivor regions: 11->8(8)
[2024-08-28T01:14:07.409+0000][info][gc,heap        ] GC(622) Old regions: 752->805
[2024-08-28T01:14:07.409+0000][info][gc,heap        ] GC(622) Archive regions: 2->2
[2024-08-28T01:14:07.409+0000][info][gc,heap        ] GC(622) Humongous regions: 5->5
[2024-08-28T01:14:07.409+0000][info][gc,metaspace   ] GC(622) Metaspace: 100K(320K)->100K(320K) NonClass: 96K(192K)->96K(192K) Class: 4K(128K)->4K(128K)
[2024-08-28T01:14:07.409+0000][info][gc             ] GC(622) Pause Young (Normal) (G1 Evacuation Pause) 803M->807M(1024M) 20.536ms
[2024-08-28T01:14:07.409+0000][info][gc,cpu         ] GC(622) User=0.48s Sys=0.00s Real=0.02s
[2024-08-28T01:14:07.429+0000][info][gc,marking     ] GC(620) Concurrent Rebuild Remembered Sets 99.149ms
[2024-08-28T01:14:07.430+0000][info][gc,start       ] GC(620) Pause Cleanup
[2024-08-28T01:14:07.431+0000][info][gc             ] GC(620) Pause Cleanup 849M->849M(1024M) 1.194ms
[2024-08-28T01:14:07.431+0000][info][gc,cpu         ] GC(620) User=0.00s Sys=0.00s Real=0.00s
[2024-08-28T01:14:07.431+0000][info][gc,marking     ] GC(620) Concurrent Cleanup for Next Mark
[2024-08-28T01:14:07.432+0000][info][gc,marking     ] GC(620) Concurrent Cleanup for Next Mark 0.574ms
[2024-08-28T01:14:07.432+0000][info][gc             ] GC(620) Concurrent Mark Cycle 130.195ms
[2024-08-28T01:14:07.432+0000][info][gc,start       ] GC(623) Pause Young (Prepare Mixed) (G1 Evacuation Pause)
[2024-08-28T01:14:07.432+0000][info][gc,task        ] GC(623) Using 24 workers of 68 for evacuation
[2024-08-28T01:14:07.451+0000][info][gc,phases      ] GC(623)   Pre Evacuate Collection Set: 0.1ms
[2024-08-28T01:14:07.451+0000][info][gc,phases      ] GC(623)   Merge Heap Roots: 0.9ms
[2024-08-28T01:14:07.451+0000][info][gc,phases      ] GC(623)   Evacuate Collection Set: 17.1ms
[2024-08-28T01:14:07.451+0000][info][gc,phases      ] GC(623)   Post Evacuate Collection Set: 0.3ms
[2024-08-28T01:14:07.451+0000][info][gc,phases      ] GC(623)   Other: 0.1ms
[2024-08-28T01:14:07.451+0000][info][gc,heap        ] GC(623) Eden regions: 43->0(44)
[2024-08-28T01:14:07.451+0000][info][gc,heap        ] GC(623) Survivor regions: 8->7(7)
[2024-08-28T01:14:07.451+0000][info][gc,heap        ] GC(623) Old regions: 805->853
[2024-08-28T01:14:07.451+0000][info][gc,heap        ] GC(623) Archive regions: 2->2
[2024-08-28T01:14:07.451+0000][info][gc,heap        ] GC(623) Humongous regions: 5->5
[2024-08-28T01:14:07.451+0000][info][gc,metaspace   ] GC(623) Metaspace: 100K(320K)->100K(320K) NonClass: 96K(192K)->96K(192K) Class: 4K(128K)->4K(128K)
[2024-08-28T01:14:07.451+0000][info][gc             ] GC(623) Pause Young (Prepare Mixed) (G1 Evacuation Pause) 850M->854M(1024M) 18.646ms
[2024-08-28T01:14:07.451+0000][info][gc,cpu         ] GC(623) User=0.43s Sys=0.00s Real=0.02s
[2024-08-28T01:14:07.472+0000][info][gc,start       ] GC(624) Pause Young (Mixed) (G1 Evacuation Pause)
[2024-08-28T01:14:07.473+0000][info][gc,task        ] GC(624) Using 24 workers of 68 for evacuation
[2024-08-28T01:14:07.484+0000][info][gc,phases      ] GC(624)   Pre Evacuate Collection Set: 0.2ms
[2024-08-28T01:14:07.484+0000][info][gc,phases      ] GC(624)   Merge Heap Roots: 0.5ms
[2024-08-28T01:14:07.484+0000][info][gc,phases      ] GC(624)   Evacuate Collection Set: 10.4ms
[2024-08-28T01:14:07.484+0000][info][gc,phases      ] GC(624)   Post Evacuate Collection Set: 0.4ms
[2024-08-28T01:14:07.484+0000][info][gc,phases      ] GC(624)   Other: 0.3ms
[2024-08-28T01:14:07.484+0000][info][gc,heap        ] GC(624) Eden regions: 44->0(44)
[2024-08-28T01:14:07.484+0000][info][gc,heap        ] GC(624) Survivor regions: 7->7(7)
[2024-08-28T01:14:07.484+0000][info][gc,heap        ] GC(624) Old regions: 853->838
[2024-08-28T01:14:07.484+0000][info][gc,heap        ] GC(624) Archive regions: 2->2
[2024-08-28T01:14:07.484+0000][info][gc,heap        ] GC(624) Humongous regions: 5->5
[2024-08-28T01:14:07.484+0000][info][gc,metaspace   ] GC(624) Metaspace: 100K(320K)->100K(320K) NonClass: 96K(192K)->96K(192K) Class: 4K(128K)->4K(128K)
[2024-08-28T01:14:07.484+0000][info][gc             ] GC(624) Pause Young (Mixed) (G1 Evacuation Pause) 898M->842M(1024M) 11.794ms
[2024-08-28T01:14:07.484+0000][info][gc,cpu         ] GC(624) User=0.26s Sys=0.00s Real=0.01s
[2024-08-28T01:14:07.505+0000][info][gc,start       ] GC(625) Pause Young (Mixed) (G1 Evacuation Pause)
[2024-08-28T01:14:07.505+0000][info][gc,task        ] GC(625) Using 24 workers of 68 for evacuation
[2024-08-28T01:14:07.517+0000][info][gc,phases      ] GC(625)   Pre Evacuate Collection Set: 0.2ms
[2024-08-28T01:14:07.517+0000][info][gc,phases      ] GC(625)   Merge Heap Roots: 0.6ms
[2024-08-28T01:14:07.517+0000][info][gc,phases      ] GC(625)   Evacuate Collection Set: 10.7ms
[2024-08-28T01:14:07.517+0000][info][gc,phases      ] GC(625)   Post Evacuate Collection Set: 0.4ms
[2024-08-28T01:14:07.517+0000][info][gc,phases      ] GC(625)   Other: 0.2ms
[2024-08-28T01:14:07.517+0000][info][gc,heap        ] GC(625) Eden regions: 44->0(44)
[2024-08-28T01:14:07.517+0000][info][gc,heap        ] GC(625) Survivor regions: 7->7(7)
[2024-08-28T01:14:07.517+0000][info][gc,heap        ] GC(625) Old regions: 838->823
[2024-08-28T01:14:07.517+0000][info][gc,heap        ] GC(625) Archive regions: 2->2
[2024-08-28T01:14:07.517+0000][info][gc,heap        ] GC(625) Humongous regions: 5->5
[2024-08-28T01:14:07.517+0000][info][gc,metaspace   ] GC(625) Metaspace: 100K(320K)->100K(320K) NonClass: 96K(192K)->96K(192K) Class: 4K(128K)->4K(128K)
[2024-08-28T01:14:07.517+0000][info][gc             ] GC(625) Pause Young (Mixed) (G1 Evacuation Pause) 886M->827M(1024M) 12.194ms
[2024-08-28T01:14:07.517+0000][info][gc,cpu         ] GC(625) User=0.27s Sys=0.00s Real=0.01s
[2024-08-28T01:14:07.538+0000][info][gc,start       ] GC(626) Pause Young (Mixed) (G1 Evacuation Pause)
[2024-08-28T01:14:07.538+0000][info][gc,task        ] GC(626) Using 24 workers of 68 for evacuation
[2024-08-28T01:14:07.550+0000][info][gc,phases      ] GC(626)   Pre Evacuate Collection Set: 0.2ms
[2024-08-28T01:14:07.550+0000][info][gc,phases      ] GC(626)   Merge Heap Roots: 0.6ms
[2024-08-28T01:14:07.550+0000][info][gc,phases      ] GC(626)   Evacuate Collection Set: 10.6ms
[2024-08-28T01:14:07.550+0000][info][gc,phases      ] GC(626)   Post Evacuate Collection Set: 0.4ms
[2024-08-28T01:14:07.550+0000][info][gc,phases      ] GC(626)   Other: 0.3ms
[2024-08-28T01:14:07.550+0000][info][gc,heap        ] GC(626) Eden regions: 44->0(44)
[2024-08-28T01:14:07.550+0000][info][gc,heap        ] GC(626) Survivor regions: 7->7(7)
[2024-08-28T01:14:07.550+0000][info][gc,heap        ] GC(626) Old regions: 823->812
[2024-08-28T01:14:07.550+0000][info][gc,heap        ] GC(626) Archive regions: 2->2
[2024-08-28T01:14:07.550+0000][info][gc,heap        ] GC(626) Humongous regions: 5->5
[2024-08-28T01:14:07.550+0000][info][gc,metaspace   ] GC(626) Metaspace: 100K(320K)->100K(320K) NonClass: 96K(192K)->96K(192K) Class: 4K(128K)->4K(128K)
[2024-08-28T01:14:07.550+0000][info][gc             ] GC(626) Pause Young (Mixed) (G1 Evacuation Pause) 871M->819M(1024M) 12.089ms
[2024-08-28T01:14:07.550+0000][info][gc,cpu         ] GC(626) User=0.27s Sys=0.00s Real=0.01s
[2024-08-28T01:14:07.572+0000][info][gc,start       ] GC(627) Pause Young (Mixed) (G1 Evacuation Pause)
[2024-08-28T01:14:07.572+0000][info][gc,task        ] GC(627) Using 24 workers of 68 for evacuation
[2024-08-28T01:14:07.583+0000][info][gc,phases      ] GC(627)   Pre Evacuate Collection Set: 0.2ms
[2024-08-28T01:14:07.583+0000][info][gc,phases      ] GC(627)   Merge Heap Roots: 0.5ms
[2024-08-28T01:14:07.583+0000][info][gc,phases      ] GC(627)   Evacuate Collection Set: 10.1ms
[2024-08-28T01:14:07.583+0000][info][gc,phases      ] GC(627)   Post Evacuate Collection Set: 0.3ms
[2024-08-28T01:14:07.583+0000][info][gc,phases      ] GC(627)   Other: 0.2ms
[2024-08-28T01:14:07.583+0000][info][gc,heap        ] GC(627) Eden regions: 44->0(44)
[2024-08-28T01:14:07.583+0000][info][gc,heap        ] GC(627) Survivor regions: 7->7(7)
[2024-08-28T01:14:07.583+0000][info][gc,heap        ] GC(627) Old regions: 812->843
[2024-08-28T01:14:07.583+0000][info][gc,heap        ] GC(627) Archive regions: 2->2
[2024-08-28T01:14:07.583+0000][info][gc,heap        ] GC(627) Humongous regions: 5->5
[2024-08-28T01:14:07.583+0000][info][gc,metaspace   ] GC(627) Metaspace: 100K(320K)->100K(320K) NonClass: 96K(192K)->96K(192K) Class: 4K(128K)->4K(128K)
[2024-08-28T01:14:07.583+0000][info][gc             ] GC(627) Pause Young (Mixed) (G1 Evacuation Pause) 863M->851M(1024M) 11.437ms
[2024-08-28T01:14:07.583+0000][info][gc,cpu         ] GC(627) User=0.26s Sys=0.00s Real=0.01s
[2024-08-28T01:14:07.604+0000][info][gc,start       ] GC(628) Pause Young (Concurrent Start) (G1 Evacuation Pause)
[2024-08-28T01:14:07.604+0000][info][gc,task        ] GC(628) Using 24 workers of 68 for evacuation
[2024-08-28T01:14:07.615+0000][info][gc,phases      ] GC(628)   Pre Evacuate Collection Set: 0.1ms
[2024-08-28T01:14:07.615+0000][info][gc,phases      ] GC(628)   Merge Heap Roots: 0.6ms
[2024-08-28T01:14:07.615+0000][info][gc,phases      ] GC(628)   Evacuate Collection Set: 9.4ms
[2024-08-28T01:14:07.615+0000][info][gc,phases      ] GC(628)   Post Evacuate Collection Set: 0.3ms
[2024-08-28T01:14:07.615+0000][info][gc,phases      ] GC(628)   Other: 0.6ms
[2024-08-28T01:14:07.615+0000][info][gc,heap        ] GC(628) Eden regions: 44->0(44)
[2024-08-28T01:14:07.615+0000][info][gc,heap        ] GC(628) Survivor regions: 7->7(7)
[2024-08-28T01:14:07.615+0000][info][gc,heap        ] GC(628) Old regions: 843->889
[2024-08-28T01:14:07.615+0000][info][gc,heap        ] GC(628) Archive regions: 2->2
[2024-08-28T01:14:07.615+0000][info][gc,heap        ] GC(628) Humongous regions: 5->5
[2024-08-28T01:14:07.615+0000][info][gc,metaspace   ] GC(628) Metaspace: 100K(320K)->100K(320K) NonClass: 96K(192K)->96K(192K) Class: 4K(128K)->4K(128K)
[2024-08-28T01:14:07.615+0000][info][gc             ] GC(628) Pause Young (Concurrent Start) (G1 Evacuation Pause) 895M->897M(1024M) 11.197ms
[2024-08-28T01:14:07.615+0000][info][gc,cpu         ] GC(628) User=0.24s Sys=0.00s Real=0.01s
[2024-08-28T01:14:07.615+0000][info][gc             ] GC(629) Concurrent Mark Cycle
[2024-08-28T01:14:07.615+0000][info][gc,marking     ] GC(629) Concurrent Clear Claimed Marks
[2024-08-28T01:14:07.615+0000][info][gc,marking     ] GC(629) Concurrent Clear Claimed Marks 0.013ms
[2024-08-28T01:14:07.615+0000][info][gc,marking     ] GC(629) Concurrent Scan Root Regions
[2024-08-28T01:14:07.617+0000][info][gc,marking     ] GC(629) Concurrent Scan Root Regions 1.587ms
[2024-08-28T01:14:07.617+0000][info][gc,marking     ] GC(629) Concurrent Mark
[2024-08-28T01:14:07.617+0000][info][gc,marking     ] GC(629) Concurrent Mark From Roots
[2024-08-28T01:14:07.617+0000][info][gc,task        ] GC(629) Using 17 workers of 17 for marking
[2024-08-28T01:14:07.641+0000][info][gc,marking     ] GC(629) Concurrent Mark From Roots 23.931ms
[2024-08-28T01:14:07.641+0000][info][gc,marking     ] GC(629) Concurrent Preclean
[2024-08-28T01:14:07.642+0000][info][gc,marking     ] GC(629) Concurrent Preclean 0.899ms
[2024-08-28T01:14:07.642+0000][info][gc,start       ] GC(629) Pause Remark
[2024-08-28T01:14:07.644+0000][info][gc             ] GC(629) Pause Remark 938M->938M(1024M) 1.424ms
[2024-08-28T01:14:07.644+0000][info][gc,cpu         ] GC(629) User=0.01s Sys=0.00s Real=0.00s
[2024-08-28T01:14:07.644+0000][info][gc,marking     ] GC(629) Concurrent Mark 26.967ms
[2024-08-28T01:14:07.644+0000][info][gc,marking     ] GC(629) Concurrent Rebuild Remembered Sets
[2024-08-28T01:14:07.647+0000][info][gc,start       ] GC(630) Pause Young (Normal) (G1 Evacuation Pause)
[2024-08-28T01:14:07.647+0000][info][gc,task        ] GC(630) Using 24 workers of 68 for evacuation
[2024-08-28T01:14:07.658+0000][info][gc,phases      ] GC(630)   Pre Evacuate Collection Set: 0.2ms
[2024-08-28T01:14:07.658+0000][info][gc,phases      ] GC(630)   Merge Heap Roots: 0.6ms
[2024-08-28T01:14:07.658+0000][info][gc,phases      ] GC(630)   Evacuate Collection Set: 9.5ms
[2024-08-28T01:14:07.658+0000][info][gc,phases      ] GC(630)   Post Evacuate Collection Set: 0.5ms
[2024-08-28T01:14:07.658+0000][info][gc,phases      ] GC(630)   Other: 0.2ms
[2024-08-28T01:14:07.658+0000][info][gc,heap        ] GC(630) Eden regions: 44->0(44)
[2024-08-28T01:14:07.658+0000][info][gc,heap        ] GC(630) Survivor regions: 7->7(7)
[2024-08-28T01:14:07.658+0000][info][gc,heap        ] GC(630) Old regions: 889->936
[2024-08-28T01:14:07.658+0000][info][gc,heap        ] GC(630) Archive regions: 2->2
[2024-08-28T01:14:07.658+0000][info][gc,heap        ] GC(630) Humongous regions: 5->5
[2024-08-28T01:14:07.658+0000][info][gc,metaspace   ] GC(630) Metaspace: 100K(320K)->100K(320K) NonClass: 96K(192K)->96K(192K) Class: 4K(128K)->4K(128K)
[2024-08-28T01:14:07.658+0000][info][gc             ] GC(630) Pause Young (Normal) (G1 Evacuation Pause) 941M->944M(1024M) 10.946ms
[2024-08-28T01:14:07.658+0000][info][gc,cpu         ] GC(630) User=0.22s Sys=0.02s Real=0.02s
[2024-08-28T01:14:07.674+0000][info][gc,start       ] GC(631) Pause Young (Normal) (G1 Preventive Collection)
[2024-08-28T01:14:07.674+0000][info][gc,task        ] GC(631) Using 24 workers of 68 for evacuation
[2024-08-28T01:14:07.686+0000][info][gc,phases      ] GC(631)   Pre Evacuate Collection Set: 0.1ms
[2024-08-28T01:14:07.686+0000][info][gc,phases      ] GC(631)   Merge Heap Roots: 0.7ms
[2024-08-28T01:14:07.686+0000][info][gc,phases      ] GC(631)   Evacuate Collection Set: 11.1ms
[2024-08-28T01:14:07.686+0000][info][gc,phases      ] GC(631)   Post Evacuate Collection Set: 0.5ms
[2024-08-28T01:14:07.686+0000][info][gc,phases      ] GC(631)   Other: 0.2ms
[2024-08-28T01:14:07.686+0000][info][gc,heap        ] GC(631) Eden regions: 32->0(44)
[2024-08-28T01:14:07.686+0000][info][gc,heap        ] GC(631) Survivor regions: 7->7(7)
[2024-08-28T01:14:07.686+0000][info][gc,heap        ] GC(631) Old regions: 936->971
[2024-08-28T01:14:07.686+0000][info][gc,heap        ] GC(631) Archive regions: 2->2
[2024-08-28T01:14:07.686+0000][info][gc,heap        ] GC(631) Humongous regions: 5->5
[2024-08-28T01:14:07.686+0000][info][gc,metaspace   ] GC(631) Metaspace: 100K(320K)->100K(320K) NonClass: 96K(192K)->96K(192K) Class: 4K(128K)->4K(128K)
[2024-08-28T01:14:07.686+0000][info][gc             ] GC(631) Pause Young (Normal) (G1 Preventive Collection) 976M->979M(1024M) 12.686ms
[2024-08-28T01:14:07.686+0000][info][gc,cpu         ] GC(631) User=0.29s Sys=0.00s Real=0.01s
[2024-08-28T01:14:07.694+0000][info][gc,start       ] GC(632) Pause Young (Normal) (G1 Preventive Collection)
[2024-08-28T01:14:07.694+0000][info][gc,task        ] GC(632) Using 24 workers of 68 for evacuation
[2024-08-28T01:14:07.705+0000][info][gc             ] GC(632) To-space exhausted
[2024-08-28T01:14:07.705+0000][info][gc,phases      ] GC(632)   Pre Evacuate Collection Set: 0.1ms
[2024-08-28T01:14:07.705+0000][info][gc,phases      ] GC(632)   Merge Heap Roots: 0.8ms
[2024-08-28T01:14:07.705+0000][info][gc,phases      ] GC(632)   Evacuate Collection Set: 9.0ms
[2024-08-28T01:14:07.705+0000][info][gc,phases      ] GC(632)   Post Evacuate Collection Set: 0.9ms
[2024-08-28T01:14:07.705+0000][info][gc,phases      ] GC(632)   Other: 0.2ms
[2024-08-28T01:14:07.705+0000][info][gc,heap        ] GC(632) Eden regions: 15->0(44)
[2024-08-28T01:14:07.705+0000][info][gc,heap        ] GC(632) Survivor regions: 7->7(7)
[2024-08-28T01:14:07.705+0000][info][gc,heap        ] GC(632) Old regions: 971->1010
[2024-08-28T01:14:07.705+0000][info][gc,heap        ] GC(632) Archive regions: 2->2
[2024-08-28T01:14:07.705+0000][info][gc,heap        ] GC(632) Humongous regions: 5->5
[2024-08-28T01:14:07.705+0000][info][gc,metaspace   ] GC(632) Metaspace: 100K(320K)->100K(320K) NonClass: 96K(192K)->96K(192K) Class: 4K(128K)->4K(128K)
[2024-08-28T01:14:07.705+0000][info][gc             ] GC(632) Pause Young (Normal) (G1 Preventive Collection) 994M->1018M(1024M) 11.014ms
[2024-08-28T01:14:07.705+0000][info][gc,cpu         ] GC(632) User=0.24s Sys=0.01s Real=0.01s
[2024-08-28T01:14:07.705+0000][info][gc,ergo        ] Attempting full compaction
[2024-08-28T01:14:07.705+0000][info][gc,task        ] GC(633) Using 24 workers of 68 for full compaction
[2024-08-28T01:14:07.705+0000][info][gc,start       ] GC(633) Pause Full (G1 Compaction Pause)
[2024-08-28T01:14:07.706+0000][info][gc,phases,start] GC(633) Phase 1: Mark live objects
[2024-08-28T01:14:07.720+0000][info][gc,phases      ] GC(633) Phase 1: Mark live objects 14.004ms
[2024-08-28T01:14:07.720+0000][info][gc,phases,start] GC(633) Phase 2: Prepare for compaction
[2024-08-28T01:14:07.729+0000][info][gc,phases      ] GC(633) Phase 2: Prepare for compaction 8.746ms
[2024-08-28T01:14:07.729+0000][info][gc,phases,start] GC(633) Phase 3: Adjust pointers
[2024-08-28T01:14:07.743+0000][info][gc,phases      ] GC(633) Phase 3: Adjust pointers 14.119ms
[2024-08-28T01:14:07.743+0000][info][gc,phases,start] GC(633) Phase 4: Compact heap
[2024-08-28T01:14:07.773+0000][info][gc,phases      ] GC(633) Phase 4: Compact heap 30.094ms
[2024-08-28T01:14:07.774+0000][info][gc,heap        ] GC(633) Eden regions: 0->0(150)
[2024-08-28T01:14:07.774+0000][info][gc,heap        ] GC(633) Survivor regions: 7->0(7)
[2024-08-28T01:14:07.774+0000][info][gc,heap        ] GC(633) Old regions: 1010->443
[2024-08-28T01:14:07.774+0000][info][gc,heap        ] GC(633) Archive regions: 2->2
[2024-08-28T01:14:07.774+0000][info][gc,heap        ] GC(633) Humongous regions: 5->5
[2024-08-28T01:14:07.774+0000][info][gc,metaspace   ] GC(633) Metaspace: 100K(320K)->100K(320K) NonClass: 96K(192K)->96K(192K) Class: 4K(128K)->4K(128K)
[2024-08-28T01:14:07.774+0000][info][gc             ] GC(633) Pause Full (G1 Compaction Pause) 1018M->436M(1024M) 69.092ms
[2024-08-28T01:14:07.774+0000][info][gc,cpu         ] GC(633) User=1.51s Sys=0.00s Real=0.07s
[2024-08-28T01:14:07.775+0000][info][gc,marking     ] GC(629) Concurrent Rebuild Remembered Sets 130.778ms
[2024-08-28T01:14:07.775+0000][info][gc,marking     ] GC(629) Concurrent Mark Abort
[2024-08-28T01:14:07.775+0000][info][gc             ] GC(629) Concurrent Mark Cycle 159.535ms
[2024-08-28T01:14:07.847+0000][info][gc,start       ] GC(634) Pause Young (Normal) (G1 Evacuation Pause)
[2024-08-28T01:14:07.847+0000][info][gc,task        ] GC(634) Using 24 workers of 68 for evacuation
[2024-08-28T01:14:07.875+0000][info][gc,phases      ] GC(634)   Pre Evacuate Collection Set: 0.2ms
[2024-08-28T01:14:07.876+0000][info][gc,phases      ] GC(634)   Merge Heap Roots: 0.4ms
[2024-08-28T01:14:07.876+0000][info][gc,phases      ] GC(634)   Evacuate Collection Set: 27.1ms
[2024-08-28T01:14:07.876+0000][info][gc,phases      ] GC(634)   Post Evacuate Collection Set: 0.5ms
[2024-08-28T01:14:07.876+0000][info][gc,phases      ] GC(634)   Other: 0.2ms
[2024-08-28T01:14:07.876+0000][info][gc,heap        ] GC(634) Eden regions: 150->0(103)
[2024-08-28T01:14:07.876+0000][info][gc,heap        ] GC(634) Survivor regions: 0->19(19)
[2024-08-28T01:14:07.876+0000][info][gc,heap        ] GC(634) Old regions: 443->570
[2024-08-28T01:14:07.876+0000][info][gc,heap        ] GC(634) Archive regions: 2->2
[2024-08-28T01:14:07.876+0000][info][gc,heap        ] GC(634) Humongous regions: 5->5
[2024-08-28T01:14:07.876+0000][info][gc,metaspace   ] GC(634) Metaspace: 100K(320K)->100K(320K) NonClass: 96K(192K)->96K(192K) Class: 4K(128K)->4K(128K)
[2024-08-28T01:14:07.876+0000][info][gc             ] GC(634) Pause Young (Normal) (G1 Evacuation Pause) 586M->582M(1024M) 28.633ms
[2024-08-28T01:14:07.876+0000][info][gc,cpu         ] GC(634) User=0.50s Sys=0.16s Real=0.03s
[2024-08-28T01:14:07.932+0000][info][gc,start       ] GC(635) Pause Young (Concurrent Start) (G1 Evacuation Pause)
[2024-08-28T01:14:07.932+0000][info][gc,task        ] GC(635) Using 24 workers of 68 for evacuation
[2024-08-28T01:14:07.953+0000][info][gc,phases      ] GC(635)   Pre Evacuate Collection Set: 0.2ms
[2024-08-28T01:14:07.953+0000][info][gc,phases      ] GC(635)   Merge Heap Roots: 0.6ms
[2024-08-28T01:14:07.953+0000][info][gc,phases      ] GC(635)   Evacuate Collection Set: 19.3ms
[2024-08-28T01:14:07.953+0000][info][gc,phases      ] GC(635)   Post Evacuate Collection Set: 0.4ms
[2024-08-28T01:14:07.953+0000][info][gc,phases      ] GC(635)   Other: 0.9ms
[2024-08-28T01:14:07.953+0000][info][gc,heap        ] GC(635) Eden regions: 103->0(70)
[2024-08-28T01:14:07.953+0000][info][gc,heap        ] GC(635) Survivor regions: 19->16(16)
[2024-08-28T01:14:07.953+0000][info][gc,heap        ] GC(635) Old regions: 570->677
[2024-08-28T01:14:07.953+0000][info][gc,heap        ] GC(635) Archive regions: 2->2
[2024-08-28T01:14:07.953+0000][info][gc,heap        ] GC(635) Humongous regions: 5->5
[2024-08-28T01:14:07.953+0000][info][gc,metaspace   ] GC(635) Metaspace: 100K(320K)->100K(320K) NonClass: 96K(192K)->96K(192K) Class: 4K(128K)->4K(128K)
[2024-08-28T01:14:07.953+0000][info][gc             ] GC(635) Pause Young (Concurrent Start) (G1 Evacuation Pause) 685M->685M(1024M) 21.545ms
[2024-08-28T01:14:07.953+0000][info][gc,cpu         ] GC(635) User=0.48s Sys=0.00s Real=0.02s
[2024-08-28T01:14:07.953+0000][info][gc             ] GC(636) Concurrent Mark Cycle
[2024-08-28T01:14:07.953+0000][info][gc,marking     ] GC(636) Concurrent Clear Claimed Marks
[2024-08-28T01:14:07.953+0000][info][gc,marking     ] GC(636) Concurrent Clear Claimed Marks 0.011ms
[2024-08-28T01:14:07.953+0000][info][gc,marking     ] GC(636) Concurrent Scan Root Regions
[2024-08-28T01:14:07.957+0000][info][gc,marking     ] GC(636) Concurrent Scan Root Regions 3.569ms
[2024-08-28T01:14:07.957+0000][info][gc,marking     ] GC(636) Concurrent Mark
[2024-08-28T01:14:07.957+0000][info][gc,marking     ] GC(636) Concurrent Mark From Roots
[2024-08-28T01:14:07.957+0000][info][gc,task        ] GC(636) Using 17 workers of 17 for marking
[2024-08-28T01:14:07.978+0000][info][gc,marking     ] GC(636) Concurrent Mark From Roots 20.862ms
[2024-08-28T01:14:07.978+0000][info][gc,marking     ] GC(636) Concurrent Preclean
[2024-08-28T01:14:07.979+0000][info][gc,marking     ] GC(636) Concurrent Preclean 0.562ms
[2024-08-28T01:14:07.979+0000][info][gc,start       ] GC(636) Pause Remark
[2024-08-28T01:14:07.981+0000][info][gc             ] GC(636) Pause Remark 723M->723M(1024M) 1.712ms
[2024-08-28T01:14:07.981+0000][info][gc,cpu         ] GC(636) User=0.01s Sys=0.00s Real=0.00s
[2024-08-28T01:14:07.981+0000][info][gc,marking     ] GC(636) Concurrent Mark 23.610ms
[2024-08-28T01:14:07.981+0000][info][gc,marking     ] GC(636) Concurrent Rebuild Remembered Sets
[2024-08-28T01:14:07.996+0000][info][gc,start       ] GC(637) Pause Young (Normal) (G1 Evacuation Pause)
[2024-08-28T01:14:07.996+0000][info][gc,task        ] GC(637) Using 24 workers of 68 for evacuation
[2024-08-28T01:14:08.012+0000][info][gc,phases      ] GC(637)   Pre Evacuate Collection Set: 0.2ms
[2024-08-28T01:14:08.012+0000][info][gc,phases      ] GC(637)   Merge Heap Roots: 0.4ms
[2024-08-28T01:14:08.012+0000][info][gc,phases      ] GC(637)   Evacuate Collection Set: 14.7ms
[2024-08-28T01:14:08.012+0000][info][gc,phases      ] GC(637)   Post Evacuate Collection Set: 0.6ms
[2024-08-28T01:14:08.012+0000][info][gc,phases      ] GC(637)   Other: 0.3ms
[2024-08-28T01:14:08.012+0000][info][gc,heap        ] GC(637) Eden regions: 70->0(46)
[2024-08-28T01:14:08.012+0000][info][gc,heap        ] GC(637) Survivor regions: 16->11(11)
[2024-08-28T01:14:08.012+0000][info][gc,heap        ] GC(637) Old regions: 677->756
[2024-08-28T01:14:08.012+0000][info][gc,heap        ] GC(637) Archive regions: 2->2
[2024-08-28T01:14:08.012+0000][info][gc,heap        ] GC(637) Humongous regions: 5->5
[2024-08-28T01:14:08.012+0000][info][gc,metaspace   ] GC(637) Metaspace: 100K(320K)->100K(320K) NonClass: 96K(192K)->96K(192K) Class: 4K(128K)->4K(128K)
[2024-08-28T01:14:08.012+0000][info][gc             ] GC(637) Pause Young (Normal) (G1 Evacuation Pause) 755M->759M(1024M) 16.323ms
[2024-08-28T01:14:08.012+0000][info][gc,cpu         ] GC(637) User=0.36s Sys=0.00s Real=0.02s
[2024-08-28T01:14:08.034+0000][info][gc,start       ] GC(638) Pause Young (Normal) (G1 Evacuation Pause)
[2024-08-28T01:14:08.034+0000][info][gc,task        ] GC(638) Using 24 workers of 68 for evacuation
[2024-08-28T01:14:08.054+0000][info][gc,phases      ] GC(638)   Pre Evacuate Collection Set: 0.2ms
[2024-08-28T01:14:08.054+0000][info][gc,phases      ] GC(638)   Merge Heap Roots: 0.7ms
[2024-08-28T01:14:08.054+0000][info][gc,phases      ] GC(638)   Evacuate Collection Set: 18.1ms
[2024-08-28T01:14:08.054+0000][info][gc,phases      ] GC(638)   Post Evacuate Collection Set: 0.8ms
[2024-08-28T01:14:08.054+0000][info][gc,phases      ] GC(638)   Other: 0.3ms
[2024-08-28T01:14:08.054+0000][info][gc,heap        ] GC(638) Eden regions: 46->0(43)
[2024-08-28T01:14:08.054+0000][info][gc,heap        ] GC(638) Survivor regions: 11->8(8)
[2024-08-28T01:14:08.054+0000][info][gc,heap        ] GC(638) Old regions: 756->809
[2024-08-28T01:14:08.054+0000][info][gc,heap        ] GC(638) Archive regions: 2->2
[2024-08-28T01:14:08.054+0000][info][gc,heap        ] GC(638) Humongous regions: 5->5
[2024-08-28T01:14:08.054+0000][info][gc,metaspace   ] GC(638) Metaspace: 100K(320K)->100K(320K) NonClass: 96K(192K)->96K(192K) Class: 4K(128K)->4K(128K)
[2024-08-28T01:14:08.054+0000][info][gc             ] GC(638) Pause Young (Normal) (G1 Evacuation Pause) 805M->810M(1024M) 20.199ms
[2024-08-28T01:14:08.054+0000][info][gc,cpu         ] GC(638) User=0.44s Sys=0.01s Real=0.02s
[2024-08-28T01:14:08.068+0000][info][gc,marking     ] GC(636) Concurrent Rebuild Remembered Sets 87.788ms
[2024-08-28T01:14:08.069+0000][info][gc,start       ] GC(636) Pause Cleanup
[2024-08-28T01:14:08.071+0000][info][gc             ] GC(636) Pause Cleanup 841M->841M(1024M) 2.610ms
[2024-08-28T01:14:08.072+0000][info][gc,cpu         ] GC(636) User=0.01s Sys=0.00s Real=0.01s
[2024-08-28T01:14:08.072+0000][info][gc,marking     ] GC(636) Concurrent Cleanup for Next Mark
[2024-08-28T01:14:08.072+0000][info][gc,marking     ] GC(636) Concurrent Cleanup for Next Mark 0.668ms
[2024-08-28T01:14:08.072+0000][info][gc             ] GC(636) Concurrent Mark Cycle 118.999ms
[2024-08-28T01:14:08.078+0000][info][gc,start       ] GC(639) Pause Young (Prepare Mixed) (G1 Evacuation Pause)
[2024-08-28T01:14:08.078+0000][info][gc,task        ] GC(639) Using 24 workers of 68 for evacuation
[2024-08-28T01:14:08.098+0000][info][gc,phases      ] GC(639)   Pre Evacuate Collection Set: 0.2ms
[2024-08-28T01:14:08.098+0000][info][gc,phases      ] GC(639)   Merge Heap Roots: 0.9ms
[2024-08-28T01:14:08.098+0000][info][gc,phases      ] GC(639)   Evacuate Collection Set: 17.7ms
[2024-08-28T01:14:08.098+0000][info][gc,phases      ] GC(639)   Post Evacuate Collection Set: 0.4ms
[2024-08-28T01:14:08.098+0000][info][gc,phases      ] GC(639)   Other: 0.3ms
[2024-08-28T01:14:08.098+0000][info][gc,heap        ] GC(639) Eden regions: 43->0(44)
[2024-08-28T01:14:08.098+0000][info][gc,heap        ] GC(639) Survivor regions: 8->7(7)
[2024-08-28T01:14:08.098+0000][info][gc,heap        ] GC(639) Old regions: 809->857
[2024-08-28T01:14:08.098+0000][info][gc,heap        ] GC(639) Archive regions: 2->2
[2024-08-28T01:14:08.098+0000][info][gc,heap        ] GC(639) Humongous regions: 5->5
[2024-08-28T01:14:08.098+0000][info][gc,metaspace   ] GC(639) Metaspace: 100K(320K)->100K(320K) NonClass: 96K(192K)->96K(192K) Class: 4K(128K)->4K(128K)
[2024-08-28T01:14:08.098+0000][info][gc             ] GC(639) Pause Young (Prepare Mixed) (G1 Evacuation Pause) 853M->857M(1024M) 19.632ms
[2024-08-28T01:14:08.098+0000][info][gc,cpu         ] GC(639) User=0.44s Sys=0.00s Real=0.02s
[2024-08-28T01:14:08.119+0000][info][gc,start       ] GC(640) Pause Young (Mixed) (G1 Evacuation Pause)
[2024-08-28T01:14:08.119+0000][info][gc,task        ] GC(640) Using 24 workers of 68 for evacuation
[2024-08-28T01:14:08.131+0000][info][gc,phases      ] GC(640)   Pre Evacuate Collection Set: 0.2ms
[2024-08-28T01:14:08.131+0000][info][gc,phases      ] GC(640)   Merge Heap Roots: 0.4ms
[2024-08-28T01:14:08.131+0000][info][gc,phases      ] GC(640)   Evacuate Collection Set: 10.2ms
[2024-08-28T01:14:08.131+0000][info][gc,phases      ] GC(640)   Post Evacuate Collection Set: 0.4ms
[2024-08-28T01:14:08.131+0000][info][gc,phases      ] GC(640)   Other: 0.3ms
[2024-08-28T01:14:08.131+0000][info][gc,heap        ] GC(640) Eden regions: 44->0(44)
[2024-08-28T01:14:08.131+0000][info][gc,heap        ] GC(640) Survivor regions: 7->7(7)
[2024-08-28T01:14:08.131+0000][info][gc,heap        ] GC(640) Old regions: 857->843
[2024-08-28T01:14:08.131+0000][info][gc,heap        ] GC(640) Archive regions: 2->2
[2024-08-28T01:14:08.131+0000][info][gc,heap        ] GC(640) Humongous regions: 5->5
[2024-08-28T01:14:08.131+0000][info][gc,metaspace   ] GC(640) Metaspace: 100K(320K)->100K(320K) NonClass: 96K(192K)->96K(192K) Class: 4K(128K)->4K(128K)
[2024-08-28T01:14:08.131+0000][info][gc             ] GC(640) Pause Young (Mixed) (G1 Evacuation Pause) 901M->843M(1024M) 11.627ms
[2024-08-28T01:14:08.131+0000][info][gc,cpu         ] GC(640) User=0.26s Sys=0.00s Real=0.01s
[2024-08-28T01:14:08.152+0000][info][gc,start       ] GC(641) Pause Young (Mixed) (G1 Evacuation Pause)
[2024-08-28T01:14:08.152+0000][info][gc,task        ] GC(641) Using 24 workers of 68 for evacuation
[2024-08-28T01:14:08.165+0000][info][gc,phases      ] GC(641)   Pre Evacuate Collection Set: 0.2ms
[2024-08-28T01:14:08.166+0000][info][gc,phases      ] GC(641)   Merge Heap Roots: 0.6ms
[2024-08-28T01:14:08.166+0000][info][gc,phases      ] GC(641)   Evacuate Collection Set: 11.7ms
[2024-08-28T01:14:08.166+0000][info][gc,phases      ] GC(641)   Post Evacuate Collection Set: 1.1ms
[2024-08-28T01:14:08.166+0000][info][gc,phases      ] GC(641)   Other: 0.4ms
[2024-08-28T01:14:08.166+0000][info][gc,heap        ] GC(641) Eden regions: 44->0(44)
[2024-08-28T01:14:08.166+0000][info][gc,heap        ] GC(641) Survivor regions: 7->7(7)
[2024-08-28T01:14:08.166+0000][info][gc,heap        ] GC(641) Old regions: 843->828
[2024-08-28T01:14:08.166+0000][info][gc,heap        ] GC(641) Archive regions: 2->2
[2024-08-28T01:14:08.166+0000][info][gc,heap        ] GC(641) Humongous regions: 5->5
[2024-08-28T01:14:08.166+0000][info][gc,metaspace   ] GC(641) Metaspace: 100K(320K)->100K(320K) NonClass: 96K(192K)->96K(192K) Class: 4K(128K)->4K(128K)
[2024-08-28T01:14:08.166+0000][info][gc             ] GC(641) Pause Young (Mixed) (G1 Evacuation Pause) 887M->828M(1024M) 14.170ms
[2024-08-28T01:14:08.166+0000][info][gc,cpu         ] GC(641) User=0.27s Sys=0.00s Real=0.01s
[2024-08-28T01:14:08.187+0000][info][gc,start       ] GC(642) Pause Young (Mixed) (G1 Evacuation Pause)
[2024-08-28T01:14:08.187+0000][info][gc,task        ] GC(642) Using 24 workers of 68 for evacuation
[2024-08-28T01:14:08.199+0000][info][gc,phases      ] GC(642)   Pre Evacuate Collection Set: 0.4ms
[2024-08-28T01:14:08.199+0000][info][gc,phases      ] GC(642)   Merge Heap Roots: 0.4ms
[2024-08-28T01:14:08.199+0000][info][gc,phases      ] GC(642)   Evacuate Collection Set: 10.5ms
[2024-08-28T01:14:08.199+0000][info][gc,phases      ] GC(642)   Post Evacuate Collection Set: 0.5ms
[2024-08-28T01:14:08.199+0000][info][gc,phases      ] GC(642)   Other: 0.5ms
[2024-08-28T01:14:08.199+0000][info][gc,heap        ] GC(642) Eden regions: 44->0(44)
[2024-08-28T01:14:08.199+0000][info][gc,heap        ] GC(642) Survivor regions: 7->7(7)
[2024-08-28T01:14:08.199+0000][info][gc,heap        ] GC(642) Old regions: 828->814
[2024-08-28T01:14:08.199+0000][info][gc,heap        ] GC(642) Archive regions: 2->2
[2024-08-28T01:14:08.199+0000][info][gc,heap        ] GC(642) Humongous regions: 5->5
[2024-08-28T01:14:08.199+0000][info][gc,metaspace   ] GC(642) Metaspace: 100K(320K)->100K(320K) NonClass: 96K(192K)->96K(192K) Class: 4K(128K)->4K(128K)
[2024-08-28T01:14:08.199+0000][info][gc             ] GC(642) Pause Young (Mixed) (G1 Evacuation Pause) 872M->817M(1024M) 12.393ms
[2024-08-28T01:14:08.199+0000][info][gc,cpu         ] GC(642) User=0.27s Sys=0.00s Real=0.02s
[2024-08-28T01:14:08.220+0000][info][gc,start       ] GC(643) Pause Young (Mixed) (G1 Evacuation Pause)
[2024-08-28T01:14:08.220+0000][info][gc,task        ] GC(643) Using 24 workers of 68 for evacuation
[2024-08-28T01:14:08.232+0000][info][gc,phases      ] GC(643)   Pre Evacuate Collection Set: 0.2ms
[2024-08-28T01:14:08.232+0000][info][gc,phases      ] GC(643)   Merge Heap Roots: 0.6ms
[2024-08-28T01:14:08.232+0000][info][gc,phases      ] GC(643)   Evacuate Collection Set: 10.5ms
[2024-08-28T01:14:08.232+0000][info][gc,phases      ] GC(643)   Post Evacuate Collection Set: 0.4ms
[2024-08-28T01:14:08.232+0000][info][gc,phases      ] GC(643)   Other: 0.3ms
[2024-08-28T01:14:08.232+0000][info][gc,heap        ] GC(643) Eden regions: 44->0(44)
[2024-08-28T01:14:08.232+0000][info][gc,heap        ] GC(643) Survivor regions: 7->7(7)
[2024-08-28T01:14:08.232+0000][info][gc,heap        ] GC(643) Old regions: 814->848
[2024-08-28T01:14:08.232+0000][info][gc,heap        ] GC(643) Archive regions: 2->2
[2024-08-28T01:14:08.232+0000][info][gc,heap        ] GC(643) Humongous regions: 5->5
[2024-08-28T01:14:08.232+0000][info][gc,metaspace   ] GC(643) Metaspace: 100K(320K)->100K(320K) NonClass: 96K(192K)->96K(192K) Class: 4K(128K)->4K(128K)
[2024-08-28T01:14:08.232+0000][info][gc             ] GC(643) Pause Young (Mixed) (G1 Evacuation Pause) 861M->854M(1024M) 12.211ms
[2024-08-28T01:14:08.232+0000][info][gc,cpu         ] GC(643) User=0.26s Sys=0.00s Real=0.01s
[2024-08-28T01:14:08.253+0000][info][gc,start       ] GC(644) Pause Young (Concurrent Start) (G1 Evacuation Pause)
[2024-08-28T01:14:08.253+0000][info][gc,task        ] GC(644) Using 24 workers of 68 for evacuation
[2024-08-28T01:14:08.265+0000][info][gc,phases      ] GC(644)   Pre Evacuate Collection Set: 0.2ms
[2024-08-28T01:14:08.265+0000][info][gc,phases      ] GC(644)   Merge Heap Roots: 0.7ms
[2024-08-28T01:14:08.265+0000][info][gc,phases      ] GC(644)   Evacuate Collection Set: 9.8ms
[2024-08-28T01:14:08.265+0000][info][gc,phases      ] GC(644)   Post Evacuate Collection Set: 0.4ms
[2024-08-28T01:14:08.265+0000][info][gc,phases      ] GC(644)   Other: 1.1ms
[2024-08-28T01:14:08.265+0000][info][gc,heap        ] GC(644) Eden regions: 44->0(44)
[2024-08-28T01:14:08.265+0000][info][gc,heap        ] GC(644) Survivor regions: 7->7(7)
[2024-08-28T01:14:08.265+0000][info][gc,heap        ] GC(644) Old regions: 848->895
[2024-08-28T01:14:08.266+0000][info][gc,heap        ] GC(644) Archive regions: 2->2
[2024-08-28T01:14:08.266+0000][info][gc,heap        ] GC(644) Humongous regions: 5->5
[2024-08-28T01:14:08.266+0000][info][gc,metaspace   ] GC(644) Metaspace: 100K(320K)->100K(320K) NonClass: 96K(192K)->96K(192K) Class: 4K(128K)->4K(128K)
[2024-08-28T01:14:08.266+0000][info][gc             ] GC(644) Pause Young (Concurrent Start) (G1 Evacuation Pause) 898M->901M(1024M) 12.348ms
[2024-08-28T01:14:08.266+0000][info][gc,cpu         ] GC(644) User=0.24s Sys=0.01s Real=0.01s
[2024-08-28T01:14:08.266+0000][info][gc             ] GC(645) Concurrent Mark Cycle
[2024-08-28T01:14:08.266+0000][info][gc,marking     ] GC(645) Concurrent Clear Claimed Marks
[2024-08-28T01:14:08.266+0000][info][gc,marking     ] GC(645) Concurrent Clear Claimed Marks 0.010ms
[2024-08-28T01:14:08.266+0000][info][gc,marking     ] GC(645) Concurrent Scan Root Regions
[2024-08-28T01:14:08.267+0000][info][gc,marking     ] GC(645) Concurrent Scan Root Regions 1.513ms
[2024-08-28T01:14:08.267+0000][info][gc,marking     ] GC(645) Concurrent Mark
[2024-08-28T01:14:08.267+0000][info][gc,marking     ] GC(645) Concurrent Mark From Roots
[2024-08-28T01:14:08.267+0000][info][gc,task        ] GC(645) Using 17 workers of 17 for marking
[2024-08-28T01:14:08.290+0000][info][gc,marking     ] GC(645) Concurrent Mark From Roots 22.474ms
[2024-08-28T01:14:08.290+0000][info][gc,marking     ] GC(645) Concurrent Preclean
[2024-08-28T01:14:08.291+0000][info][gc,marking     ] GC(645) Concurrent Preclean 1.048ms
[2024-08-28T01:14:08.291+0000][info][gc,start       ] GC(645) Pause Remark
[2024-08-28T01:14:08.294+0000][info][gc             ] GC(645) Pause Remark 939M->939M(1024M) 2.271ms
[2024-08-28T01:14:08.294+0000][info][gc,cpu         ] GC(645) User=0.00s Sys=0.01s Real=0.00s
[2024-08-28T01:14:08.294+0000][info][gc,marking     ] GC(645) Concurrent Mark 26.410ms
[2024-08-28T01:14:08.294+0000][info][gc,marking     ] GC(645) Concurrent Rebuild Remembered Sets
[2024-08-28T01:14:08.297+0000][info][gc,start       ] GC(646) Pause Young (Normal) (G1 Evacuation Pause)
[2024-08-28T01:14:08.297+0000][info][gc,task        ] GC(646) Using 24 workers of 68 for evacuation
[2024-08-28T01:14:08.307+0000][info][gc,phases      ] GC(646)   Pre Evacuate Collection Set: 0.2ms
[2024-08-28T01:14:08.307+0000][info][gc,phases      ] GC(646)   Merge Heap Roots: 0.4ms
[2024-08-28T01:14:08.307+0000][info][gc,phases      ] GC(646)   Evacuate Collection Set: 8.6ms
[2024-08-28T01:14:08.307+0000][info][gc,phases      ] GC(646)   Post Evacuate Collection Set: 0.5ms
[2024-08-28T01:14:08.307+0000][info][gc,phases      ] GC(646)   Other: 0.3ms
[2024-08-28T01:14:08.307+0000][info][gc,heap        ] GC(646) Eden regions: 44->0(44)
[2024-08-28T01:14:08.307+0000][info][gc,heap        ] GC(646) Survivor regions: 7->7(7)
[2024-08-28T01:14:08.307+0000][info][gc,heap        ] GC(646) Old regions: 895->941
[2024-08-28T01:14:08.307+0000][info][gc,heap        ] GC(646) Archive regions: 2->2
[2024-08-28T01:14:08.307+0000][info][gc,heap        ] GC(646) Humongous regions: 5->5
[2024-08-28T01:14:08.307+0000][info][gc,metaspace   ] GC(646) Metaspace: 100K(320K)->100K(320K) NonClass: 96K(192K)->96K(192K) Class: 4K(128K)->4K(128K)
[2024-08-28T01:14:08.307+0000][info][gc             ] GC(646) Pause Young (Normal) (G1 Evacuation Pause) 945M->947M(1024M) 10.127ms
[2024-08-28T01:14:08.308+0000][info][gc,cpu         ] GC(646) User=0.22s Sys=0.00s Real=0.01s
[2024-08-28T01:14:08.322+0000][info][gc,start       ] GC(647) Pause Young (Normal) (G1 Preventive Collection)
[2024-08-28T01:14:08.322+0000][info][gc,task        ] GC(647) Using 24 workers of 68 for evacuation
[2024-08-28T01:14:08.335+0000][info][gc,phases      ] GC(647)   Pre Evacuate Collection Set: 0.2ms
[2024-08-28T01:14:08.335+0000][info][gc,phases      ] GC(647)   Merge Heap Roots: 0.5ms
[2024-08-28T01:14:08.335+0000][info][gc,phases      ] GC(647)   Evacuate Collection Set: 11.2ms
[2024-08-28T01:14:08.335+0000][info][gc,phases      ] GC(647)   Post Evacuate Collection Set: 0.5ms
[2024-08-28T01:14:08.335+0000][info][gc,phases      ] GC(647)   Other: 0.3ms
[2024-08-28T01:14:08.335+0000][info][gc,heap        ] GC(647) Eden regions: 29->0(44)
[2024-08-28T01:14:08.335+0000][info][gc,heap        ] GC(647) Survivor regions: 7->7(7)
[2024-08-28T01:14:08.335+0000][info][gc,heap        ] GC(647) Old regions: 941->974
[2024-08-28T01:14:08.335+0000][info][gc,heap        ] GC(647) Archive regions: 2->2
[2024-08-28T01:14:08.335+0000][info][gc,heap        ] GC(647) Humongous regions: 5->5
[2024-08-28T01:14:08.335+0000][info][gc,metaspace   ] GC(647) Metaspace: 100K(320K)->100K(320K) NonClass: 96K(192K)->96K(192K) Class: 4K(128K)->4K(128K)
[2024-08-28T01:14:08.335+0000][info][gc             ] GC(647) Pause Young (Normal) (G1 Preventive Collection) 976M->980M(1024M) 12.782ms
[2024-08-28T01:14:08.335+0000][info][gc,cpu         ] GC(647) User=0.28s Sys=0.00s Real=0.01s
[2024-08-28T01:14:08.342+0000][info][gc,start       ] GC(648) Pause Young (Normal) (G1 Preventive Collection)
[2024-08-28T01:14:08.342+0000][info][gc,task        ] GC(648) Using 24 workers of 68 for evacuation
[2024-08-28T01:14:08.351+0000][info][gc,phases      ] GC(648)   Pre Evacuate Collection Set: 0.2ms
[2024-08-28T01:14:08.351+0000][info][gc,phases      ] GC(648)   Merge Heap Roots: 0.5ms
[2024-08-28T01:14:08.351+0000][info][gc,phases      ] GC(648)   Evacuate Collection Set: 7.9ms
[2024-08-28T01:14:08.351+0000][info][gc,phases      ] GC(648)   Post Evacuate Collection Set: 0.5ms
[2024-08-28T01:14:08.351+0000][info][gc,phases      ] GC(648)   Other: 0.3ms
[2024-08-28T01:14:08.351+0000][info][gc,heap        ] GC(648) Eden regions: 13->0(44)
[2024-08-28T01:14:08.351+0000][info][gc,heap        ] GC(648) Survivor regions: 7->7(7)
[2024-08-28T01:14:08.351+0000][info][gc,heap        ] GC(648) Old regions: 974->990
[2024-08-28T01:14:08.351+0000][info][gc,heap        ] GC(648) Archive regions: 2->2
[2024-08-28T01:14:08.351+0000][info][gc,heap        ] GC(648) Humongous regions: 5->5
[2024-08-28T01:14:08.351+0000][info][gc,metaspace   ] GC(648) Metaspace: 100K(320K)->100K(320K) NonClass: 96K(192K)->96K(192K) Class: 4K(128K)->4K(128K)
[2024-08-28T01:14:08.351+0000][info][gc             ] GC(648) Pause Young (Normal) (G1 Preventive Collection) 993M->996M(1024M) 9.579ms
[2024-08-28T01:14:08.351+0000][info][gc,cpu         ] GC(648) User=0.20s Sys=0.00s Real=0.01s
[2024-08-28T01:14:08.354+0000][info][gc,start       ] GC(649) Pause Young (Normal) (G1 Preventive Collection)
[2024-08-28T01:14:08.354+0000][info][gc,task        ] GC(649) Using 24 workers of 68 for evacuation
[2024-08-28T01:14:08.362+0000][info][gc             ] GC(649) To-space exhausted
[2024-08-28T01:14:08.362+0000][info][gc,phases      ] GC(649)   Pre Evacuate Collection Set: 0.1ms
[2024-08-28T01:14:08.362+0000][info][gc,phases      ] GC(649)   Merge Heap Roots: 0.5ms
[2024-08-28T01:14:08.362+0000][info][gc,phases      ] GC(649)   Evacuate Collection Set: 6.1ms
[2024-08-28T01:14:08.362+0000][info][gc,phases      ] GC(649)   Post Evacuate Collection Set: 0.7ms
[2024-08-28T01:14:08.362+0000][info][gc,phases      ] GC(649)   Other: 0.3ms
[2024-08-28T01:14:08.362+0000][info][gc,heap        ] GC(649) Eden regions: 5->0(45)
[2024-08-28T01:14:08.362+0000][info][gc,heap        ] GC(649) Survivor regions: 7->6(7)
[2024-08-28T01:14:08.362+0000][info][gc,heap        ] GC(649) Old regions: 990->1002
[2024-08-28T01:14:08.362+0000][info][gc,heap        ] GC(649) Archive regions: 2->2
[2024-08-28T01:14:08.362+0000][info][gc,heap        ] GC(649) Humongous regions: 5->5
[2024-08-28T01:14:08.362+0000][info][gc,metaspace   ] GC(649) Metaspace: 100K(320K)->100K(320K) NonClass: 96K(192K)->96K(192K) Class: 4K(128K)->4K(128K)
[2024-08-28T01:14:08.362+0000][info][gc             ] GC(649) Pause Young (Normal) (G1 Preventive Collection) 1001M->1007M(1024M) 7.905ms
[2024-08-28T01:14:08.362+0000][info][gc,cpu         ] GC(649) User=0.17s Sys=0.00s Real=0.01s
[2024-08-28T01:14:08.363+0000][info][gc,start       ] GC(650) Pause Young (Normal) (G1 Preventive Collection)
[2024-08-28T01:14:08.363+0000][info][gc,task        ] GC(650) Using 24 workers of 68 for evacuation
[2024-08-28T01:14:08.369+0000][info][gc,phases      ] GC(650)   Pre Evacuate Collection Set: 0.1ms
[2024-08-28T01:14:08.370+0000][info][gc,phases      ] GC(650)   Merge Heap Roots: 0.5ms
[2024-08-28T01:14:08.370+0000][info][gc,phases      ] GC(650)   Evacuate Collection Set: 5.0ms
[2024-08-28T01:14:08.370+0000][info][gc,phases      ] GC(650)   Post Evacuate Collection Set: 0.6ms
[2024-08-28T01:14:08.370+0000][info][gc,phases      ] GC(650)   Other: 0.2ms
[2024-08-28T01:14:08.370+0000][info][gc,heap        ] GC(650) Eden regions: 1->0(49)
[2024-08-28T01:14:08.370+0000][info][gc,heap        ] GC(650) Survivor regions: 6->2(7)
[2024-08-28T01:14:08.370+0000][info][gc,heap        ] GC(650) Old regions: 1002->1008
[2024-08-28T01:14:08.370+0000][info][gc,heap        ] GC(650) Archive regions: 2->2
[2024-08-28T01:14:08.370+0000][info][gc,heap        ] GC(650) Humongous regions: 5->5
[2024-08-28T01:14:08.370+0000][info][gc,metaspace   ] GC(650) Metaspace: 100K(320K)->100K(320K) NonClass: 96K(192K)->96K(192K) Class: 4K(128K)->4K(128K)
[2024-08-28T01:14:08.370+0000][info][gc             ] GC(650) Pause Young (Normal) (G1 Preventive Collection) 1008M->1009M(1024M) 6.588ms
[2024-08-28T01:14:08.370+0000][info][gc,cpu         ] GC(650) User=0.13s Sys=0.00s Real=0.01s
[2024-08-28T01:14:08.371+0000][info][gc,start       ] GC(651) Pause Young (Normal) (G1 Preventive Collection)
[2024-08-28T01:14:08.371+0000][info][gc,task        ] GC(651) Using 24 workers of 68 for evacuation
[2024-08-28T01:14:08.377+0000][info][gc,phases      ] GC(651)   Pre Evacuate Collection Set: 0.1ms
[2024-08-28T01:14:08.377+0000][info][gc,phases      ] GC(651)   Merge Heap Roots: 0.4ms
[2024-08-28T01:14:08.377+0000][info][gc,phases      ] GC(651)   Evacuate Collection Set: 4.6ms
[2024-08-28T01:14:08.377+0000][info][gc,phases      ] GC(651)   Post Evacuate Collection Set: 0.5ms
[2024-08-28T01:14:08.377+0000][info][gc,phases      ] GC(651)   Other: 0.2ms
[2024-08-28T01:14:08.377+0000][info][gc,heap        ] GC(651) Eden regions: 2->0(47)
[2024-08-28T01:14:08.377+0000][info][gc,heap        ] GC(651) Survivor regions: 2->4(5)
[2024-08-28T01:14:08.377+0000][info][gc,heap        ] GC(651) Old regions: 1008->1008
[2024-08-28T01:14:08.377+0000][info][gc,heap        ] GC(651) Archive regions: 2->2
[2024-08-28T01:14:08.377+0000][info][gc,heap        ] GC(651) Humongous regions: 5->5
[2024-08-28T01:14:08.377+0000][info][gc,metaspace   ] GC(651) Metaspace: 100K(320K)->100K(320K) NonClass: 96K(192K)->96K(192K) Class: 4K(128K)->4K(128K)
[2024-08-28T01:14:08.377+0000][info][gc             ] GC(651) Pause Young (Normal) (G1 Preventive Collection) 1011M->1010M(1024M) 6.104ms
[2024-08-28T01:14:08.377+0000][info][gc,cpu         ] GC(651) User=0.12s Sys=0.00s Real=0.00s
[2024-08-28T01:14:08.378+0000][info][gc,start       ] GC(652) Pause Young (Normal) (G1 Preventive Collection)
[2024-08-28T01:14:08.378+0000][info][gc,task        ] GC(652) Using 24 workers of 68 for evacuation
[2024-08-28T01:14:08.384+0000][info][gc             ] GC(652) To-space exhausted
[2024-08-28T01:14:08.384+0000][info][gc,phases      ] GC(652)   Pre Evacuate Collection Set: 0.1ms
[2024-08-28T01:14:08.384+0000][info][gc,phases      ] GC(652)   Merge Heap Roots: 0.4ms
[2024-08-28T01:14:08.385+0000][info][gc,phases      ] GC(652)   Evacuate Collection Set: 4.6ms
[2024-08-28T01:14:08.385+0000][info][gc,phases      ] GC(652)   Post Evacuate Collection Set: 0.8ms
[2024-08-28T01:14:08.385+0000][info][gc,phases      ] GC(652)   Other: 0.3ms
[2024-08-28T01:14:08.385+0000][info][gc,heap        ] GC(652) Eden regions: 1->0(47)
[2024-08-28T01:14:08.385+0000][info][gc,heap        ] GC(652) Survivor regions: 4->4(4)
[2024-08-28T01:14:08.385+0000][info][gc,heap        ] GC(652) Old regions: 1008->1011
[2024-08-28T01:14:08.385+0000][info][gc,heap        ] GC(652) Archive regions: 2->2
[2024-08-28T01:14:08.385+0000][info][gc,heap        ] GC(652) Humongous regions: 5->5
[2024-08-28T01:14:08.385+0000][info][gc,metaspace   ] GC(652) Metaspace: 100K(320K)->100K(320K) NonClass: 96K(192K)->96K(192K) Class: 4K(128K)->4K(128K)
[2024-08-28T01:14:08.385+0000][info][gc             ] GC(652) Pause Young (Normal) (G1 Preventive Collection) 1011M->1013M(1024M) 6.289ms
[2024-08-28T01:14:08.385+0000][info][gc,cpu         ] GC(652) User=0.12s Sys=0.00s Real=0.00s
[2024-08-28T01:14:08.386+0000][info][gc,start       ] GC(653) Pause Young (Normal) (G1 Preventive Collection)
[2024-08-28T01:14:08.386+0000][info][gc,task        ] GC(653) Using 24 workers of 68 for evacuation
[2024-08-28T01:14:08.393+0000][info][gc             ] GC(653) To-space exhausted
[2024-08-28T01:14:08.393+0000][info][gc,phases      ] GC(653)   Pre Evacuate Collection Set: 0.2ms
[2024-08-28T01:14:08.393+0000][info][gc,phases      ] GC(653)   Merge Heap Roots: 1.0ms
[2024-08-28T01:14:08.393+0000][info][gc,phases      ] GC(653)   Evacuate Collection Set: 4.9ms
[2024-08-28T01:14:08.393+0000][info][gc,phases      ] GC(653)   Post Evacuate Collection Set: 1.1ms
[2024-08-28T01:14:08.393+0000][info][gc,phases      ] GC(653)   Other: 0.3ms
[2024-08-28T01:14:08.393+0000][info][gc,heap        ] GC(653) Eden regions: 1->0(51)
[2024-08-28T01:14:08.393+0000][info][gc,heap        ] GC(653) Survivor regions: 4->0(1)
[2024-08-28T01:14:08.393+0000][info][gc,heap        ] GC(653) Old regions: 1011->1017
[2024-08-28T01:14:08.393+0000][info][gc,heap        ] GC(653) Archive regions: 2->2
[2024-08-28T01:14:08.393+0000][info][gc,heap        ] GC(653) Humongous regions: 5->5
[2024-08-28T01:14:08.393+0000][info][gc,metaspace   ] GC(653) Metaspace: 100K(320K)->100K(320K) NonClass: 96K(192K)->96K(192K) Class: 4K(128K)->4K(128K)
[2024-08-28T01:14:08.393+0000][info][gc             ] GC(653) Pause Young (Normal) (G1 Preventive Collection) 1014M->1015M(1024M) 7.456ms
[2024-08-28T01:14:08.393+0000][info][gc,cpu         ] GC(653) User=0.14s Sys=0.00s Real=0.01s
[2024-08-28T01:14:08.393+0000][info][gc,ergo        ] Attempting full compaction
[2024-08-28T01:14:08.393+0000][info][gc,task        ] GC(654) Using 24 workers of 68 for full compaction
[2024-08-28T01:14:08.394+0000][info][gc,start       ] GC(654) Pause Full (G1 Compaction Pause)
[2024-08-28T01:14:08.395+0000][info][gc,phases,start] GC(654) Phase 1: Mark live objects
[2024-08-28T01:14:08.410+0000][info][gc,phases      ] GC(654) Phase 1: Mark live objects 15.052ms
[2024-08-28T01:14:08.410+0000][info][gc,phases,start] GC(654) Phase 2: Prepare for compaction
[2024-08-28T01:14:08.419+0000][info][gc,phases      ] GC(654) Phase 2: Prepare for compaction 8.887ms
[2024-08-28T01:14:08.419+0000][info][gc,phases,start] GC(654) Phase 3: Adjust pointers
[2024-08-28T01:14:08.435+0000][info][gc,phases      ] GC(654) Phase 3: Adjust pointers 15.831ms
[2024-08-28T01:14:08.435+0000][info][gc,phases,start] GC(654) Phase 4: Compact heap
[2024-08-28T01:14:08.465+0000][info][gc,phases      ] GC(654) Phase 4: Compact heap 30.260ms
[2024-08-28T01:14:08.467+0000][info][gc,heap        ] GC(654) Eden regions: 0->0(150)
[2024-08-28T01:14:08.467+0000][info][gc,heap        ] GC(654) Survivor regions: 0->0(1)
[2024-08-28T01:14:08.467+0000][info][gc,heap        ] GC(654) Old regions: 1017->444
[2024-08-28T01:14:08.467+0000][info][gc,heap        ] GC(654) Archive regions: 2->2
[2024-08-28T01:14:08.467+0000][info][gc,heap        ] GC(654) Humongous regions: 5->5
[2024-08-28T01:14:08.467+0000][info][gc,metaspace   ] GC(654) Metaspace: 100K(320K)->100K(320K) NonClass: 96K(192K)->96K(192K) Class: 4K(128K)->4K(128K)
[2024-08-28T01:14:08.467+0000][info][gc             ] GC(654) Pause Full (G1 Compaction Pause) 1015M->437M(1024M) 73.021ms
[2024-08-28T01:14:08.467+0000][info][gc,cpu         ] GC(654) User=1.51s Sys=0.01s Real=0.07s
[2024-08-28T01:14:08.467+0000][info][gc,marking     ] GC(645) Concurrent Rebuild Remembered Sets 173.629ms
[2024-08-28T01:14:08.467+0000][info][gc,marking     ] GC(645) Concurrent Mark Abort
[2024-08-28T01:14:08.467+0000][info][gc             ] GC(645) Concurrent Mark Cycle 201.793ms
[2024-08-28T01:14:08.541+0000][info][gc,start       ] GC(655) Pause Young (Normal) (G1 Evacuation Pause)
[2024-08-28T01:14:08.541+0000][info][gc,task        ] GC(655) Using 24 workers of 68 for evacuation
[2024-08-28T01:14:08.618+0000][info][gc,phases      ] GC(655)   Pre Evacuate Collection Set: 0.2ms
[2024-08-28T01:14:08.618+0000][info][gc,phases      ] GC(655)   Merge Heap Roots: 0.6ms
[2024-08-28T01:14:08.618+0000][info][gc,phases      ] GC(655)   Evacuate Collection Set: 75.0ms
[2024-08-28T01:14:08.618+0000][info][gc,phases      ] GC(655)   Post Evacuate Collection Set: 0.5ms
[2024-08-28T01:14:08.618+0000][info][gc,phases      ] GC(655)   Other: 0.4ms
[2024-08-28T01:14:08.618+0000][info][gc,heap        ] GC(655) Eden regions: 150->0(103)
[2024-08-28T01:14:08.618+0000][info][gc,heap        ] GC(655) Survivor regions: 0->19(19)
[2024-08-28T01:14:08.618+0000][info][gc,heap        ] GC(655) Old regions: 444->569
[2024-08-28T01:14:08.618+0000][info][gc,heap        ] GC(655) Archive regions: 2->2
[2024-08-28T01:14:08.618+0000][info][gc,heap        ] GC(655) Humongous regions: 5->5
[2024-08-28T01:14:08.618+0000][info][gc,metaspace   ] GC(655) Metaspace: 100K(320K)->100K(320K) NonClass: 96K(192K)->96K(192K) Class: 4K(128K)->4K(128K)
[2024-08-28T01:14:08.618+0000][info][gc             ] GC(655) Pause Young (Normal) (G1 Evacuation Pause) 587M->580M(1024M) 76.763ms
[2024-08-28T01:14:08.618+0000][info][gc,cpu         ] GC(655) User=0.45s Sys=1.14s Real=0.08s
[2024-08-28T01:14:08.666+0000][info][gc,start       ] GC(656) Pause Young (Concurrent Start) (G1 Evacuation Pause)
[2024-08-28T01:14:08.666+0000][info][gc,task        ] GC(656) Using 24 workers of 68 for evacuation
[2024-08-28T01:14:08.686+0000][info][gc,phases      ] GC(656)   Pre Evacuate Collection Set: 0.2ms
[2024-08-28T01:14:08.686+0000][info][gc,phases      ] GC(656)   Merge Heap Roots: 0.6ms
[2024-08-28T01:14:08.686+0000][info][gc,phases      ] GC(656)   Evacuate Collection Set: 17.7ms
[2024-08-28T01:14:08.686+0000][info][gc,phases      ] GC(656)   Post Evacuate Collection Set: 0.5ms
[2024-08-28T01:14:08.686+0000][info][gc,phases      ] GC(656)   Other: 1.1ms
[2024-08-28T01:14:08.686+0000][info][gc,heap        ] GC(656) Eden regions: 103->0(71)
[2024-08-28T01:14:08.686+0000][info][gc,heap        ] GC(656) Survivor regions: 19->16(16)
[2024-08-28T01:14:08.686+0000][info][gc,heap        ] GC(656) Old regions: 569->672
[2024-08-28T01:14:08.686+0000][info][gc,heap        ] GC(656) Archive regions: 2->2
[2024-08-28T01:14:08.686+0000][info][gc,heap        ] GC(656) Humongous regions: 5->5
[2024-08-28T01:14:08.686+0000][info][gc,metaspace   ] GC(656) Metaspace: 100K(320K)->100K(320K) NonClass: 96K(192K)->96K(192K) Class: 4K(128K)->4K(128K)
[2024-08-28T01:14:08.686+0000][info][gc             ] GC(656) Pause Young (Concurrent Start) (G1 Evacuation Pause) 683M->681M(1024M) 20.091ms
[2024-08-28T01:14:08.686+0000][info][gc,cpu         ] GC(656) User=0.44s Sys=0.00s Real=0.02s
[2024-08-28T01:14:08.686+0000][info][gc             ] GC(657) Concurrent Mark Cycle
[2024-08-28T01:14:08.686+0000][info][gc,marking     ] GC(657) Concurrent Clear Claimed Marks
[2024-08-28T01:14:08.686+0000][info][gc,marking     ] GC(657) Concurrent Clear Claimed Marks 0.011ms
[2024-08-28T01:14:08.686+0000][info][gc,marking     ] GC(657) Concurrent Scan Root Regions
[2024-08-28T01:14:08.690+0000][info][gc,marking     ] GC(657) Concurrent Scan Root Regions 3.542ms
[2024-08-28T01:14:08.690+0000][info][gc,marking     ] GC(657) Concurrent Mark
[2024-08-28T01:14:08.690+0000][info][gc,marking     ] GC(657) Concurrent Mark From Roots
[2024-08-28T01:14:08.690+0000][info][gc,task        ] GC(657) Using 17 workers of 17 for marking
[2024-08-28T01:14:08.709+0000][info][gc,marking     ] GC(657) Concurrent Mark From Roots 19.369ms
[2024-08-28T01:14:08.709+0000][info][gc,marking     ] GC(657) Concurrent Preclean
[2024-08-28T01:14:08.710+0000][info][gc,marking     ] GC(657) Concurrent Preclean 1.041ms
[2024-08-28T01:14:08.711+0000][info][gc,start       ] GC(657) Pause Remark
[2024-08-28T01:14:08.712+0000][info][gc             ] GC(657) Pause Remark 719M->719M(1024M) 1.600ms
[2024-08-28T01:14:08.712+0000][info][gc,cpu         ] GC(657) User=0.01s Sys=0.00s Real=0.00s
[2024-08-28T01:14:08.712+0000][info][gc,marking     ] GC(657) Concurrent Mark 22.616ms
[2024-08-28T01:14:08.712+0000][info][gc,marking     ] GC(657) Concurrent Rebuild Remembered Sets
[2024-08-28T01:14:08.727+0000][info][gc,start       ] GC(658) Pause Young (Normal) (G1 Evacuation Pause)
[2024-08-28T01:14:08.727+0000][info][gc,task        ] GC(658) Using 24 workers of 68 for evacuation
[2024-08-28T01:14:08.745+0000][info][gc,phases      ] GC(658)   Pre Evacuate Collection Set: 0.2ms
[2024-08-28T01:14:08.745+0000][info][gc,phases      ] GC(658)   Merge Heap Roots: 0.5ms
[2024-08-28T01:14:08.745+0000][info][gc,phases      ] GC(658)   Evacuate Collection Set: 15.5ms
[2024-08-28T01:14:08.745+0000][info][gc,phases      ] GC(658)   Post Evacuate Collection Set: 1.2ms
[2024-08-28T01:14:08.745+0000][info][gc,phases      ] GC(658)   Other: 0.4ms
[2024-08-28T01:14:08.745+0000][info][gc,heap        ] GC(658) Eden regions: 71->0(47)
[2024-08-28T01:14:08.745+0000][info][gc,heap        ] GC(658) Survivor regions: 16->11(11)
[2024-08-28T01:14:08.745+0000][info][gc,heap        ] GC(658) Old regions: 672->751
[2024-08-28T01:14:08.745+0000][info][gc,heap        ] GC(658) Archive regions: 2->2
[2024-08-28T01:14:08.745+0000][info][gc,heap        ] GC(658) Humongous regions: 5->5
[2024-08-28T01:14:08.745+0000][info][gc,metaspace   ] GC(658) Metaspace: 100K(320K)->100K(320K) NonClass: 96K(192K)->96K(192K) Class: 4K(128K)->4K(128K)
[2024-08-28T01:14:08.745+0000][info][gc             ] GC(658) Pause Young (Normal) (G1 Evacuation Pause) 752M->754M(1024M) 17.888ms
[2024-08-28T01:14:08.745+0000][info][gc,cpu         ] GC(658) User=0.37s Sys=0.00s Real=0.02s
[2024-08-28T01:14:08.768+0000][info][gc,start       ] GC(659) Pause Young (Normal) (G1 Evacuation Pause)
[2024-08-28T01:14:08.768+0000][info][gc,task        ] GC(659) Using 24 workers of 68 for evacuation
[2024-08-28T01:14:08.787+0000][info][gc,phases      ] GC(659)   Pre Evacuate Collection Set: 0.2ms
[2024-08-28T01:14:08.788+0000][info][gc,phases      ] GC(659)   Merge Heap Roots: 0.5ms
[2024-08-28T01:14:08.788+0000][info][gc,phases      ] GC(659)   Evacuate Collection Set: 18.3ms
[2024-08-28T01:14:08.788+0000][info][gc,phases      ] GC(659)   Post Evacuate Collection Set: 0.7ms
[2024-08-28T01:14:08.788+0000][info][gc,phases      ] GC(659)   Other: 0.3ms
[2024-08-28T01:14:08.788+0000][info][gc,heap        ] GC(659) Eden regions: 47->0(43)
[2024-08-28T01:14:08.788+0000][info][gc,heap        ] GC(659) Survivor regions: 11->8(8)
[2024-08-28T01:14:08.788+0000][info][gc,heap        ] GC(659) Old regions: 751->806
[2024-08-28T01:14:08.788+0000][info][gc,heap        ] GC(659) Archive regions: 2->2
[2024-08-28T01:14:08.788+0000][info][gc,heap        ] GC(659) Humongous regions: 5->5
[2024-08-28T01:14:08.788+0000][info][gc,metaspace   ] GC(659) Metaspace: 100K(320K)->100K(320K) NonClass: 96K(192K)->96K(192K) Class: 4K(128K)->4K(128K)
[2024-08-28T01:14:08.788+0000][info][gc             ] GC(659) Pause Young (Normal) (G1 Evacuation Pause) 801M->806M(1024M) 20.196ms
[2024-08-28T01:14:08.788+0000][info][gc,cpu         ] GC(659) User=0.46s Sys=0.01s Real=0.02s
[2024-08-28T01:14:08.792+0000][info][gc,marking     ] GC(657) Concurrent Rebuild Remembered Sets 79.126ms
[2024-08-28T01:14:08.792+0000][info][gc,start       ] GC(657) Pause Cleanup
[2024-08-28T01:14:08.794+0000][info][gc             ] GC(657) Pause Cleanup 814M->814M(1024M) 2.435ms
[2024-08-28T01:14:08.794+0000][info][gc,cpu         ] GC(657) User=0.00s Sys=0.00s Real=0.00s
[2024-08-28T01:14:08.794+0000][info][gc,marking     ] GC(657) Concurrent Cleanup for Next Mark
[2024-08-28T01:14:08.796+0000][info][gc,marking     ] GC(657) Concurrent Cleanup for Next Mark 1.316ms
[2024-08-28T01:14:08.796+0000][info][gc             ] GC(657) Concurrent Mark Cycle 109.744ms
[2024-08-28T01:14:08.812+0000][info][gc,start       ] GC(660) Pause Young (Prepare Mixed) (G1 Evacuation Pause)
[2024-08-28T01:14:08.812+0000][info][gc,task        ] GC(660) Using 24 workers of 68 for evacuation
[2024-08-28T01:14:08.831+0000][info][gc,phases      ] GC(660)   Pre Evacuate Collection Set: 0.2ms
[2024-08-28T01:14:08.831+0000][info][gc,phases      ] GC(660)   Merge Heap Roots: 0.7ms
[2024-08-28T01:14:08.831+0000][info][gc,phases      ] GC(660)   Evacuate Collection Set: 16.8ms
[2024-08-28T01:14:08.831+0000][info][gc,phases      ] GC(660)   Post Evacuate Collection Set: 0.4ms
[2024-08-28T01:14:08.831+0000][info][gc,phases      ] GC(660)   Other: 0.3ms
[2024-08-28T01:14:08.831+0000][info][gc,heap        ] GC(660) Eden regions: 43->0(44)
[2024-08-28T01:14:08.831+0000][info][gc,heap        ] GC(660) Survivor regions: 8->7(7)
[2024-08-28T01:14:08.831+0000][info][gc,heap        ] GC(660) Old regions: 806->854
[2024-08-28T01:14:08.831+0000][info][gc,heap        ] GC(660) Archive regions: 2->2
[2024-08-28T01:14:08.831+0000][info][gc,heap        ] GC(660) Humongous regions: 5->5
[2024-08-28T01:14:08.831+0000][info][gc,metaspace   ] GC(660) Metaspace: 100K(320K)->100K(320K) NonClass: 96K(192K)->96K(192K) Class: 4K(128K)->4K(128K)
[2024-08-28T01:14:08.831+0000][info][gc             ] GC(660) Pause Young (Prepare Mixed) (G1 Evacuation Pause) 849M->853M(1024M) 18.572ms
[2024-08-28T01:14:08.831+0000][info][gc,cpu         ] GC(660) User=0.42s Sys=0.00s Real=0.02s
[2024-08-28T01:14:08.851+0000][info][gc,start       ] GC(661) Pause Young (Mixed) (G1 Evacuation Pause)
[2024-08-28T01:14:08.851+0000][info][gc,task        ] GC(661) Using 24 workers of 68 for evacuation
[2024-08-28T01:14:08.863+0000][info][gc,phases      ] GC(661)   Pre Evacuate Collection Set: 0.2ms
[2024-08-28T01:14:08.863+0000][info][gc,phases      ] GC(661)   Merge Heap Roots: 0.4ms
[2024-08-28T01:14:08.863+0000][info][gc,phases      ] GC(661)   Evacuate Collection Set: 10.3ms
[2024-08-28T01:14:08.863+0000][info][gc,phases      ] GC(661)   Post Evacuate Collection Set: 0.4ms
[2024-08-28T01:14:08.863+0000][info][gc,phases      ] GC(661)   Other: 0.3ms
[2024-08-28T01:14:08.863+0000][info][gc,heap        ] GC(661) Eden regions: 44->0(44)
[2024-08-28T01:14:08.863+0000][info][gc,heap        ] GC(661) Survivor regions: 7->7(7)
[2024-08-28T01:14:08.863+0000][info][gc,heap        ] GC(661) Old regions: 854->839
[2024-08-28T01:14:08.863+0000][info][gc,heap        ] GC(661) Archive regions: 2->2
[2024-08-28T01:14:08.863+0000][info][gc,heap        ] GC(661) Humongous regions: 5->5
[2024-08-28T01:14:08.863+0000][info][gc,metaspace   ] GC(661) Metaspace: 100K(320K)->100K(320K) NonClass: 96K(192K)->96K(192K) Class: 4K(128K)->4K(128K)
[2024-08-28T01:14:08.863+0000][info][gc             ] GC(661) Pause Young (Mixed) (G1 Evacuation Pause) 897M->839M(1024M) 11.827ms
[2024-08-28T01:14:08.863+0000][info][gc,cpu         ] GC(661) User=0.26s Sys=0.00s Real=0.01s
[2024-08-28T01:14:08.883+0000][info][gc,start       ] GC(662) Pause Young (Mixed) (G1 Evacuation Pause)
[2024-08-28T01:14:08.884+0000][info][gc,task        ] GC(662) Using 24 workers of 68 for evacuation
[2024-08-28T01:14:08.895+0000][info][gc,phases      ] GC(662)   Pre Evacuate Collection Set: 0.2ms
[2024-08-28T01:14:08.895+0000][info][gc,phases      ] GC(662)   Merge Heap Roots: 0.4ms
[2024-08-28T01:14:08.895+0000][info][gc,phases      ] GC(662)   Evacuate Collection Set: 10.2ms
[2024-08-28T01:14:08.895+0000][info][gc,phases      ] GC(662)   Post Evacuate Collection Set: 0.4ms
[2024-08-28T01:14:08.895+0000][info][gc,phases      ] GC(662)   Other: 0.4ms
[2024-08-28T01:14:08.895+0000][info][gc,heap        ] GC(662) Eden regions: 44->0(44)
[2024-08-28T01:14:08.895+0000][info][gc,heap        ] GC(662) Survivor regions: 7->7(7)
[2024-08-28T01:14:08.895+0000][info][gc,heap        ] GC(662) Old regions: 839->824
[2024-08-28T01:14:08.895+0000][info][gc,heap        ] GC(662) Archive regions: 2->2
[2024-08-28T01:14:08.895+0000][info][gc,heap        ] GC(662) Humongous regions: 5->5
[2024-08-28T01:14:08.895+0000][info][gc,metaspace   ] GC(662) Metaspace: 100K(320K)->100K(320K) NonClass: 96K(192K)->96K(192K) Class: 4K(128K)->4K(128K)
[2024-08-28T01:14:08.895+0000][info][gc             ] GC(662) Pause Young (Mixed) (G1 Evacuation Pause) 883M->824M(1024M) 11.777ms
[2024-08-28T01:14:08.895+0000][info][gc,cpu         ] GC(662) User=0.25s Sys=0.00s Real=0.01s
[2024-08-28T01:14:08.914+0000][info][gc,start       ] GC(663) Pause Young (Mixed) (G1 Evacuation Pause)
[2024-08-28T01:14:08.914+0000][info][gc,task        ] GC(663) Using 24 workers of 68 for evacuation
[2024-08-28T01:14:08.925+0000][info][gc,phases      ] GC(663)   Pre Evacuate Collection Set: 0.2ms
[2024-08-28T01:14:08.925+0000][info][gc,phases      ] GC(663)   Merge Heap Roots: 0.4ms
[2024-08-28T01:14:08.925+0000][info][gc,phases      ] GC(663)   Evacuate Collection Set: 9.7ms
[2024-08-28T01:14:08.925+0000][info][gc,phases      ] GC(663)   Post Evacuate Collection Set: 0.3ms
[2024-08-28T01:14:08.925+0000][info][gc,phases      ] GC(663)   Other: 0.2ms
[2024-08-28T01:14:08.925+0000][info][gc,heap        ] GC(663) Eden regions: 44->0(44)
[2024-08-28T01:14:08.925+0000][info][gc,heap        ] GC(663) Survivor regions: 7->7(7)
[2024-08-28T01:14:08.925+0000][info][gc,heap        ] GC(663) Old regions: 824->810
[2024-08-28T01:14:08.925+0000][info][gc,heap        ] GC(663) Archive regions: 2->2
[2024-08-28T01:14:08.925+0000][info][gc,heap        ] GC(663) Humongous regions: 5->5
[2024-08-28T01:14:08.925+0000][info][gc,metaspace   ] GC(663) Metaspace: 100K(320K)->100K(320K) NonClass: 96K(192K)->96K(192K) Class: 4K(128K)->4K(128K)
[2024-08-28T01:14:08.925+0000][info][gc             ] GC(663) Pause Young (Mixed) (G1 Evacuation Pause) 868M->811M(1024M) 10.962ms
[2024-08-28T01:14:08.925+0000][info][gc,cpu         ] GC(663) User=0.24s Sys=0.00s Real=0.01s
[2024-08-28T01:14:08.944+0000][info][gc,start       ] GC(664) Pause Young (Mixed) (G1 Evacuation Pause)
[2024-08-28T01:14:08.944+0000][info][gc,task        ] GC(664) Using 24 workers of 68 for evacuation
[2024-08-28T01:14:08.955+0000][info][gc,phases      ] GC(664)   Pre Evacuate Collection Set: 0.2ms
[2024-08-28T01:14:08.955+0000][info][gc,phases      ] GC(664)   Merge Heap Roots: 0.4ms
[2024-08-28T01:14:08.955+0000][info][gc,phases      ] GC(664)   Evacuate Collection Set: 9.8ms
[2024-08-28T01:14:08.955+0000][info][gc,phases      ] GC(664)   Post Evacuate Collection Set: 0.4ms
[2024-08-28T01:14:08.955+0000][info][gc,phases      ] GC(664)   Other: 0.3ms
[2024-08-28T01:14:08.955+0000][info][gc,heap        ] GC(664) Eden regions: 44->0(44)
[2024-08-28T01:14:08.955+0000][info][gc,heap        ] GC(664) Survivor regions: 7->7(7)
[2024-08-28T01:14:08.955+0000][info][gc,heap        ] GC(664) Old regions: 810->845
[2024-08-28T01:14:08.955+0000][info][gc,heap        ] GC(664) Archive regions: 2->2
[2024-08-28T01:14:08.955+0000][info][gc,heap        ] GC(664) Humongous regions: 5->5
[2024-08-28T01:14:08.955+0000][info][gc,metaspace   ] GC(664) Metaspace: 100K(320K)->100K(320K) NonClass: 96K(192K)->96K(192K) Class: 4K(128K)->4K(128K)
[2024-08-28T01:14:08.955+0000][info][gc             ] GC(664) Pause Young (Mixed) (G1 Evacuation Pause) 855M->848M(1024M) 11.023ms
[2024-08-28T01:14:08.955+0000][info][gc,cpu         ] GC(664) User=0.24s Sys=0.00s Real=0.01s
[2024-08-28T01:14:08.975+0000][info][gc,start       ] GC(665) Pause Young (Concurrent Start) (G1 Evacuation Pause)
[2024-08-28T01:14:08.975+0000][info][gc,task        ] GC(665) Using 24 workers of 68 for evacuation
[2024-08-28T01:14:08.987+0000][info][gc,phases      ] GC(665)   Pre Evacuate Collection Set: 0.2ms
[2024-08-28T01:14:08.987+0000][info][gc,phases      ] GC(665)   Merge Heap Roots: 0.5ms
[2024-08-28T01:14:08.987+0000][info][gc,phases      ] GC(665)   Evacuate Collection Set: 9.2ms
[2024-08-28T01:14:08.987+0000][info][gc,phases      ] GC(665)   Post Evacuate Collection Set: 0.4ms
[2024-08-28T01:14:08.987+0000][info][gc,phases      ] GC(665)   Other: 1.6ms
[2024-08-28T01:14:08.987+0000][info][gc,heap        ] GC(665) Eden regions: 44->0(44)
[2024-08-28T01:14:08.987+0000][info][gc,heap        ] GC(665) Survivor regions: 7->7(7)
[2024-08-28T01:14:08.987+0000][info][gc,heap        ] GC(665) Old regions: 845->891
[2024-08-28T01:14:08.987+0000][info][gc,heap        ] GC(665) Archive regions: 2->2
[2024-08-28T01:14:08.987+0000][info][gc,heap        ] GC(665) Humongous regions: 5->5
[2024-08-28T01:14:08.987+0000][info][gc,metaspace   ] GC(665) Metaspace: 100K(320K)->100K(320K) NonClass: 96K(192K)->96K(192K) Class: 4K(128K)->4K(128K)
[2024-08-28T01:14:08.987+0000][info][gc             ] GC(665) Pause Young (Concurrent Start) (G1 Evacuation Pause) 892M->895M(1024M) 11.873ms
[2024-08-28T01:14:08.987+0000][info][gc,cpu         ] GC(665) User=0.22s Sys=0.00s Real=0.01s
[2024-08-28T01:14:08.987+0000][info][gc             ] GC(666) Concurrent Mark Cycle
[2024-08-28T01:14:08.987+0000][info][gc,marking     ] GC(666) Concurrent Clear Claimed Marks
[2024-08-28T01:14:08.987+0000][info][gc,marking     ] GC(666) Concurrent Clear Claimed Marks 0.011ms
[2024-08-28T01:14:08.987+0000][info][gc,marking     ] GC(666) Concurrent Scan Root Regions
[2024-08-28T01:14:08.989+0000][info][gc,marking     ] GC(666) Concurrent Scan Root Regions 1.519ms
[2024-08-28T01:14:08.989+0000][info][gc,marking     ] GC(666) Concurrent Mark
[2024-08-28T01:14:08.989+0000][info][gc,marking     ] GC(666) Concurrent Mark From Roots
[2024-08-28T01:14:08.989+0000][info][gc,task        ] GC(666) Using 17 workers of 17 for marking
[2024-08-28T01:14:09.011+0000][info][gc,marking     ] GC(666) Concurrent Mark From Roots 22.495ms
[2024-08-28T01:14:09.011+0000][info][gc,marking     ] GC(666) Concurrent Preclean
[2024-08-28T01:14:09.012+0000][info][gc,marking     ] GC(666) Concurrent Preclean 0.637ms
[2024-08-28T01:14:09.012+0000][info][gc,start       ] GC(666) Pause Remark
[2024-08-28T01:14:09.014+0000][info][gc             ] GC(666) Pause Remark 935M->935M(1024M) 2.107ms
[2024-08-28T01:14:09.015+0000][info][gc,cpu         ] GC(666) User=0.01s Sys=0.00s Real=0.00s
[2024-08-28T01:14:09.015+0000][info][gc,marking     ] GC(666) Concurrent Mark 25.762ms
[2024-08-28T01:14:09.015+0000][info][gc,marking     ] GC(666) Concurrent Rebuild Remembered Sets
[2024-08-28T01:14:09.017+0000][info][gc,start       ] GC(667) Pause Young (Normal) (G1 Evacuation Pause)
[2024-08-28T01:14:09.017+0000][info][gc,task        ] GC(667) Using 24 workers of 68 for evacuation
[2024-08-28T01:14:09.027+0000][info][gc,phases      ] GC(667)   Pre Evacuate Collection Set: 0.2ms
[2024-08-28T01:14:09.027+0000][info][gc,phases      ] GC(667)   Merge Heap Roots: 0.4ms
[2024-08-28T01:14:09.027+0000][info][gc,phases      ] GC(667)   Evacuate Collection Set: 9.0ms
[2024-08-28T01:14:09.027+0000][info][gc,phases      ] GC(667)   Post Evacuate Collection Set: 0.5ms
[2024-08-28T01:14:09.028+0000][info][gc,phases      ] GC(667)   Other: 0.3ms
[2024-08-28T01:14:09.028+0000][info][gc,heap        ] GC(667) Eden regions: 44->0(44)
[2024-08-28T01:14:09.028+0000][info][gc,heap        ] GC(667) Survivor regions: 7->7(7)
[2024-08-28T01:14:09.028+0000][info][gc,heap        ] GC(667) Old regions: 891->938
[2024-08-28T01:14:09.028+0000][info][gc,heap        ] GC(667) Archive regions: 2->2
[2024-08-28T01:14:09.028+0000][info][gc,heap        ] GC(667) Humongous regions: 5->5
[2024-08-28T01:14:09.028+0000][info][gc,metaspace   ] GC(667) Metaspace: 100K(320K)->100K(320K) NonClass: 96K(192K)->96K(192K) Class: 4K(128K)->4K(128K)
[2024-08-28T01:14:09.028+0000][info][gc             ] GC(667) Pause Young (Normal) (G1 Evacuation Pause) 939M->941M(1024M) 10.505ms
[2024-08-28T01:14:09.028+0000][info][gc,cpu         ] GC(667) User=0.22s Sys=0.01s Real=0.01s
[2024-08-28T01:14:09.042+0000][info][gc,start       ] GC(668) Pause Young (Normal) (G1 Preventive Collection)
[2024-08-28T01:14:09.042+0000][info][gc,task        ] GC(668) Using 24 workers of 68 for evacuation
[2024-08-28T01:14:09.054+0000][info][gc,phases      ] GC(668)   Pre Evacuate Collection Set: 0.2ms
[2024-08-28T01:14:09.054+0000][info][gc,phases      ] GC(668)   Merge Heap Roots: 0.5ms
[2024-08-28T01:14:09.054+0000][info][gc,phases      ] GC(668)   Evacuate Collection Set: 10.8ms
[2024-08-28T01:14:09.055+0000][info][gc,phases      ] GC(668)   Post Evacuate Collection Set: 0.5ms
[2024-08-28T01:14:09.055+0000][info][gc,phases      ] GC(668)   Other: 0.3ms
[2024-08-28T01:14:09.055+0000][info][gc,heap        ] GC(668) Eden regions: 31->0(44)
[2024-08-28T01:14:09.055+0000][info][gc,heap        ] GC(668) Survivor regions: 7->7(7)
[2024-08-28T01:14:09.055+0000][info][gc,heap        ] GC(668) Old regions: 938->971
[2024-08-28T01:14:09.055+0000][info][gc,heap        ] GC(668) Archive regions: 2->2
[2024-08-28T01:14:09.055+0000][info][gc,heap        ] GC(668) Humongous regions: 5->5
[2024-08-28T01:14:09.055+0000][info][gc,metaspace   ] GC(668) Metaspace: 100K(320K)->100K(320K) NonClass: 96K(192K)->96K(192K) Class: 4K(128K)->4K(128K)
[2024-08-28T01:14:09.055+0000][info][gc             ] GC(668) Pause Young (Normal) (G1 Preventive Collection) 972M->975M(1024M) 12.440ms
[2024-08-28T01:14:09.055+0000][info][gc,cpu         ] GC(668) User=0.27s Sys=0.00s Real=0.01s
[2024-08-28T01:14:09.062+0000][info][gc,start       ] GC(669) Pause Young (Normal) (G1 Preventive Collection)
[2024-08-28T01:14:09.062+0000][info][gc,task        ] GC(669) Using 24 workers of 68 for evacuation
[2024-08-28T01:14:09.073+0000][info][gc             ] GC(669) To-space exhausted
[2024-08-28T01:14:09.073+0000][info][gc,phases      ] GC(669)   Pre Evacuate Collection Set: 0.2ms
[2024-08-28T01:14:09.073+0000][info][gc,phases      ] GC(669)   Merge Heap Roots: 0.5ms
[2024-08-28T01:14:09.073+0000][info][gc,phases      ] GC(669)   Evacuate Collection Set: 9.1ms
[2024-08-28T01:14:09.073+0000][info][gc,phases      ] GC(669)   Post Evacuate Collection Set: 0.8ms
[2024-08-28T01:14:09.073+0000][info][gc,phases      ] GC(669)   Other: 0.4ms
[2024-08-28T01:14:09.073+0000][info][gc,heap        ] GC(669) Eden regions: 15->0(44)
[2024-08-28T01:14:09.073+0000][info][gc,heap        ] GC(669) Survivor regions: 7->7(7)
[2024-08-28T01:14:09.073+0000][info][gc,heap        ] GC(669) Old regions: 971->1000
[2024-08-28T01:14:09.073+0000][info][gc,heap        ] GC(669) Archive regions: 2->2
[2024-08-28T01:14:09.073+0000][info][gc,heap        ] GC(669) Humongous regions: 5->5
[2024-08-28T01:14:09.073+0000][info][gc,metaspace   ] GC(669) Metaspace: 100K(320K)->100K(320K) NonClass: 96K(192K)->96K(192K) Class: 4K(128K)->4K(128K)
[2024-08-28T01:14:09.073+0000][info][gc             ] GC(669) Pause Young (Normal) (G1 Preventive Collection) 990M->1004M(1024M) 11.029ms
[2024-08-28T01:14:09.073+0000][info][gc,cpu         ] GC(669) User=0.23s Sys=0.00s Real=0.01s
[2024-08-28T01:14:09.074+0000][info][gc,start       ] GC(670) Pause Young (Normal) (G1 Preventive Collection)
[2024-08-28T01:14:09.074+0000][info][gc,task        ] GC(670) Using 24 workers of 68 for evacuation
[2024-08-28T01:14:09.082+0000][info][gc             ] GC(670) To-space exhausted
[2024-08-28T01:14:09.082+0000][info][gc,phases      ] GC(670)   Pre Evacuate Collection Set: 0.2ms
[2024-08-28T01:14:09.082+0000][info][gc,phases      ] GC(670)   Merge Heap Roots: 0.4ms
[2024-08-28T01:14:09.082+0000][info][gc,phases      ] GC(670)   Evacuate Collection Set: 6.3ms
[2024-08-28T01:14:09.082+0000][info][gc,phases      ] GC(670)   Post Evacuate Collection Set: 0.8ms
[2024-08-28T01:14:09.082+0000][info][gc,phases      ] GC(670)   Other: 0.3ms
[2024-08-28T01:14:09.082+0000][info][gc,heap        ] GC(670) Eden regions: 1->0(50)
[2024-08-28T01:14:09.082+0000][info][gc,heap        ] GC(670) Survivor regions: 7->1(7)
[2024-08-28T01:14:09.082+0000][info][gc,heap        ] GC(670) Old regions: 1000->1016
[2024-08-28T01:14:09.082+0000][info][gc,heap        ] GC(670) Archive regions: 2->2
[2024-08-28T01:14:09.082+0000][info][gc,heap        ] GC(670) Humongous regions: 5->5
[2024-08-28T01:14:09.082+0000][info][gc,metaspace   ] GC(670) Metaspace: 100K(320K)->100K(320K) NonClass: 96K(192K)->96K(192K) Class: 4K(128K)->4K(128K)
[2024-08-28T01:14:09.083+0000][info][gc             ] GC(670) Pause Young (Normal) (G1 Preventive Collection) 1005M->1014M(1024M) 8.068ms
[2024-08-28T01:14:09.083+0000][info][gc,cpu         ] GC(670) User=0.15s Sys=0.01s Real=0.01s
[2024-08-28T01:14:09.083+0000][info][gc,ergo        ] Attempting full compaction
[2024-08-28T01:14:09.083+0000][info][gc,task        ] GC(671) Using 24 workers of 68 for full compaction
[2024-08-28T01:14:09.083+0000][info][gc,start       ] GC(671) Pause Full (G1 Compaction Pause)
[2024-08-28T01:14:09.084+0000][info][gc,phases,start] GC(671) Phase 1: Mark live objects
[2024-08-28T01:14:09.098+0000][info][gc,phases      ] GC(671) Phase 1: Mark live objects 13.848ms
[2024-08-28T01:14:09.098+0000][info][gc,phases,start] GC(671) Phase 2: Prepare for compaction
[2024-08-28T01:14:09.106+0000][info][gc,phases      ] GC(671) Phase 2: Prepare for compaction 7.702ms
[2024-08-28T01:14:09.106+0000][info][gc,phases,start] GC(671) Phase 3: Adjust pointers
[2024-08-28T01:14:09.120+0000][info][gc,phases      ] GC(671) Phase 3: Adjust pointers 14.119ms
[2024-08-28T01:14:09.120+0000][info][gc,phases,start] GC(671) Phase 4: Compact heap
[2024-08-28T01:14:09.147+0000][info][gc,phases      ] GC(671) Phase 4: Compact heap 27.255ms
[2024-08-28T01:14:09.149+0000][info][gc,heap        ] GC(671) Eden regions: 0->0(150)
[2024-08-28T01:14:09.149+0000][info][gc,heap        ] GC(671) Survivor regions: 1->0(7)
[2024-08-28T01:14:09.149+0000][info][gc,heap        ] GC(671) Old regions: 1016->443
[2024-08-28T01:14:09.149+0000][info][gc,heap        ] GC(671) Archive regions: 2->2
[2024-08-28T01:14:09.149+0000][info][gc,heap        ] GC(671) Humongous regions: 5->5
[2024-08-28T01:14:09.149+0000][info][gc,metaspace   ] GC(671) Metaspace: 100K(320K)->100K(320K) NonClass: 96K(192K)->96K(192K) Class: 4K(128K)->4K(128K)
[2024-08-28T01:14:09.149+0000][info][gc             ] GC(671) Pause Full (G1 Compaction Pause) 1014M->437M(1024M) 66.033ms
[2024-08-28T01:14:09.149+0000][info][gc,cpu         ] GC(671) User=1.38s Sys=0.01s Real=0.06s
[2024-08-28T01:14:09.150+0000][info][gc,marking     ] GC(666) Concurrent Rebuild Remembered Sets 134.892ms
[2024-08-28T01:14:09.150+0000][info][gc,marking     ] GC(666) Concurrent Mark Abort
[2024-08-28T01:14:09.150+0000][info][gc             ] GC(666) Concurrent Mark Cycle 162.418ms
[2024-08-28T01:14:09.222+0000][info][gc,start       ] GC(672) Pause Young (Normal) (G1 Evacuation Pause)
[2024-08-28T01:14:09.222+0000][info][gc,task        ] GC(672) Using 24 workers of 68 for evacuation
[2024-08-28T01:14:09.244+0000][info][gc,phases      ] GC(672)   Pre Evacuate Collection Set: 0.2ms
[2024-08-28T01:14:09.244+0000][info][gc,phases      ] GC(672)   Merge Heap Roots: 0.4ms
[2024-08-28T01:14:09.244+0000][info][gc,phases      ] GC(672)   Evacuate Collection Set: 20.4ms
[2024-08-28T01:14:09.244+0000][info][gc,phases      ] GC(672)   Post Evacuate Collection Set: 0.4ms
[2024-08-28T01:14:09.244+0000][info][gc,phases      ] GC(672)   Other: 0.4ms
[2024-08-28T01:14:09.244+0000][info][gc,heap        ] GC(672) Eden regions: 150->0(103)
[2024-08-28T01:14:09.244+0000][info][gc,heap        ] GC(672) Survivor regions: 0->19(19)
[2024-08-28T01:14:09.244+0000][info][gc,heap        ] GC(672) Old regions: 443->570
[2024-08-28T01:14:09.244+0000][info][gc,heap        ] GC(672) Archive regions: 2->2
[2024-08-28T01:14:09.244+0000][info][gc,heap        ] GC(672) Humongous regions: 5->5
[2024-08-28T01:14:09.244+0000][info][gc,metaspace   ] GC(672) Metaspace: 100K(320K)->100K(320K) NonClass: 96K(192K)->96K(192K) Class: 4K(128K)->4K(128K)
[2024-08-28T01:14:09.244+0000][info][gc             ] GC(672) Pause Young (Normal) (G1 Evacuation Pause) 587M->582M(1024M) 21.902ms
[2024-08-28T01:14:09.244+0000][info][gc,cpu         ] GC(672) User=0.50s Sys=0.01s Real=0.02s
[2024-08-28T01:14:09.291+0000][info][gc,start       ] GC(673) Pause Young (Concurrent Start) (G1 Evacuation Pause)
[2024-08-28T01:14:09.291+0000][info][gc,task        ] GC(673) Using 24 workers of 68 for evacuation
[2024-08-28T01:14:09.310+0000][info][gc,phases      ] GC(673)   Pre Evacuate Collection Set: 0.2ms
[2024-08-28T01:14:09.310+0000][info][gc,phases      ] GC(673)   Merge Heap Roots: 0.4ms
[2024-08-28T01:14:09.310+0000][info][gc,phases      ] GC(673)   Evacuate Collection Set: 17.8ms
[2024-08-28T01:14:09.310+0000][info][gc,phases      ] GC(673)   Post Evacuate Collection Set: 0.4ms
[2024-08-28T01:14:09.310+0000][info][gc,phases      ] GC(673)   Other: 1.1ms
[2024-08-28T01:14:09.310+0000][info][gc,heap        ] GC(673) Eden regions: 103->0(70)
[2024-08-28T01:14:09.311+0000][info][gc,heap        ] GC(673) Survivor regions: 19->16(16)
[2024-08-28T01:14:09.311+0000][info][gc,heap        ] GC(673) Old regions: 570->676
[2024-08-28T01:14:09.311+0000][info][gc,heap        ] GC(673) Archive regions: 2->2
[2024-08-28T01:14:09.311+0000][info][gc,heap        ] GC(673) Humongous regions: 5->5
[2024-08-28T01:14:09.311+0000][info][gc,metaspace   ] GC(673) Metaspace: 100K(320K)->100K(320K) NonClass: 96K(192K)->96K(192K) Class: 4K(128K)->4K(128K)
[2024-08-28T01:14:09.311+0000][info][gc             ] GC(673) Pause Young (Concurrent Start) (G1 Evacuation Pause) 685M->686M(1024M) 20.066ms
[2024-08-28T01:14:09.311+0000][info][gc,cpu         ] GC(673) User=0.44s Sys=0.00s Real=0.02s
[2024-08-28T01:14:09.311+0000][info][gc             ] GC(674) Concurrent Mark Cycle
[2024-08-28T01:14:09.311+0000][info][gc,marking     ] GC(674) Concurrent Clear Claimed Marks
[2024-08-28T01:14:09.311+0000][info][gc,marking     ] GC(674) Concurrent Clear Claimed Marks 0.011ms
[2024-08-28T01:14:09.311+0000][info][gc,marking     ] GC(674) Concurrent Scan Root Regions
[2024-08-28T01:14:09.314+0000][info][gc,marking     ] GC(674) Concurrent Scan Root Regions 3.343ms
[2024-08-28T01:14:09.314+0000][info][gc,marking     ] GC(674) Concurrent Mark
[2024-08-28T01:14:09.314+0000][info][gc,marking     ] GC(674) Concurrent Mark From Roots
[2024-08-28T01:14:09.314+0000][info][gc,task        ] GC(674) Using 17 workers of 17 for marking
[2024-08-28T01:14:09.334+0000][info][gc,marking     ] GC(674) Concurrent Mark From Roots 20.229ms
[2024-08-28T01:14:09.334+0000][info][gc,marking     ] GC(674) Concurrent Preclean
[2024-08-28T01:14:09.335+0000][info][gc,marking     ] GC(674) Concurrent Preclean 0.662ms
[2024-08-28T01:14:09.336+0000][info][gc,start       ] GC(674) Pause Remark
[2024-08-28T01:14:09.337+0000][info][gc             ] GC(674) Pause Remark 725M->725M(1024M) 1.710ms
[2024-08-28T01:14:09.337+0000][info][gc,cpu         ] GC(674) User=0.01s Sys=0.00s Real=0.00s
[2024-08-28T01:14:09.337+0000][info][gc,marking     ] GC(674) Concurrent Mark 23.130ms
[2024-08-28T01:14:09.337+0000][info][gc,marking     ] GC(674) Concurrent Rebuild Remembered Sets
[2024-08-28T01:14:09.351+0000][info][gc,start       ] GC(675) Pause Young (Normal) (G1 Evacuation Pause)
[2024-08-28T01:14:09.352+0000][info][gc,task        ] GC(675) Using 24 workers of 68 for evacuation
[2024-08-28T01:14:09.367+0000][info][gc,phases      ] GC(675)   Pre Evacuate Collection Set: 0.2ms
[2024-08-28T01:14:09.367+0000][info][gc,phases      ] GC(675)   Merge Heap Roots: 0.4ms
[2024-08-28T01:14:09.367+0000][info][gc,phases      ] GC(675)   Evacuate Collection Set: 14.1ms
[2024-08-28T01:14:09.367+0000][info][gc,phases      ] GC(675)   Post Evacuate Collection Set: 0.6ms
[2024-08-28T01:14:09.367+0000][info][gc,phases      ] GC(675)   Other: 0.3ms
[2024-08-28T01:14:09.367+0000][info][gc,heap        ] GC(675) Eden regions: 70->0(46)
[2024-08-28T01:14:09.367+0000][info][gc,heap        ] GC(675) Survivor regions: 16->11(11)
[2024-08-28T01:14:09.367+0000][info][gc,heap        ] GC(675) Old regions: 676->754
[2024-08-28T01:14:09.367+0000][info][gc,heap        ] GC(675) Archive regions: 2->2
[2024-08-28T01:14:09.367+0000][info][gc,heap        ] GC(675) Humongous regions: 5->5
[2024-08-28T01:14:09.367+0000][info][gc,metaspace   ] GC(675) Metaspace: 100K(320K)->100K(320K) NonClass: 96K(192K)->96K(192K) Class: 4K(128K)->4K(128K)
[2024-08-28T01:14:09.367+0000][info][gc             ] GC(675) Pause Young (Normal) (G1 Evacuation Pause) 756M->759M(1024M) 15.773ms
[2024-08-28T01:14:09.367+0000][info][gc,cpu         ] GC(675) User=0.35s Sys=0.00s Real=0.01s
[2024-08-28T01:14:09.388+0000][info][gc,start       ] GC(676) Pause Young (Normal) (G1 Evacuation Pause)
[2024-08-28T01:14:09.388+0000][info][gc,task        ] GC(676) Using 24 workers of 68 for evacuation
[2024-08-28T01:14:09.409+0000][info][gc,phases      ] GC(676)   Pre Evacuate Collection Set: 0.3ms
[2024-08-28T01:14:09.409+0000][info][gc,phases      ] GC(676)   Merge Heap Roots: 0.4ms
[2024-08-28T01:14:09.409+0000][info][gc,phases      ] GC(676)   Evacuate Collection Set: 17.9ms
[2024-08-28T01:14:09.409+0000][info][gc,phases      ] GC(676)   Post Evacuate Collection Set: 0.7ms
[2024-08-28T01:14:09.409+0000][info][gc,phases      ] GC(676)   Other: 1.1ms
[2024-08-28T01:14:09.409+0000][info][gc,heap        ] GC(676) Eden regions: 46->0(43)
[2024-08-28T01:14:09.409+0000][info][gc,heap        ] GC(676) Survivor regions: 11->8(8)
[2024-08-28T01:14:09.409+0000][info][gc,heap        ] GC(676) Old regions: 754->807
[2024-08-28T01:14:09.409+0000][info][gc,heap        ] GC(676) Archive regions: 2->2
[2024-08-28T01:14:09.409+0000][info][gc,heap        ] GC(676) Humongous regions: 5->5
[2024-08-28T01:14:09.409+0000][info][gc,metaspace   ] GC(676) Metaspace: 100K(320K)->100K(320K) NonClass: 96K(192K)->96K(192K) Class: 4K(128K)->4K(128K)
[2024-08-28T01:14:09.409+0000][info][gc             ] GC(676) Pause Young (Normal) (G1 Evacuation Pause) 805M->809M(1024M) 20.561ms
[2024-08-28T01:14:09.409+0000][info][gc,cpu         ] GC(676) User=0.44s Sys=0.00s Real=0.02s
[2024-08-28T01:14:09.425+0000][info][gc,marking     ] GC(674) Concurrent Rebuild Remembered Sets 87.749ms
[2024-08-28T01:14:09.425+0000][info][gc,start       ] GC(674) Pause Cleanup
[2024-08-28T01:14:09.428+0000][info][gc             ] GC(674) Pause Cleanup 843M->843M(1024M) 2.546ms
[2024-08-28T01:14:09.428+0000][info][gc,cpu         ] GC(674) User=0.01s Sys=0.01s Real=0.00s
[2024-08-28T01:14:09.428+0000][info][gc,marking     ] GC(674) Concurrent Cleanup for Next Mark
[2024-08-28T01:14:09.429+0000][info][gc,marking     ] GC(674) Concurrent Cleanup for Next Mark 0.660ms
[2024-08-28T01:14:09.429+0000][info][gc             ] GC(674) Concurrent Mark Cycle 118.219ms
[2024-08-28T01:14:09.433+0000][info][gc,start       ] GC(677) Pause Young (Prepare Mixed) (G1 Evacuation Pause)
[2024-08-28T01:14:09.433+0000][info][gc,task        ] GC(677) Using 24 workers of 68 for evacuation
[2024-08-28T01:14:09.451+0000][info][gc,phases      ] GC(677)   Pre Evacuate Collection Set: 0.2ms
[2024-08-28T01:14:09.451+0000][info][gc,phases      ] GC(677)   Merge Heap Roots: 0.6ms
[2024-08-28T01:14:09.451+0000][info][gc,phases      ] GC(677)   Evacuate Collection Set: 16.1ms
[2024-08-28T01:14:09.451+0000][info][gc,phases      ] GC(677)   Post Evacuate Collection Set: 0.4ms
[2024-08-28T01:14:09.451+0000][info][gc,phases      ] GC(677)   Other: 0.3ms
[2024-08-28T01:14:09.451+0000][info][gc,heap        ] GC(677) Eden regions: 43->0(44)
[2024-08-28T01:14:09.451+0000][info][gc,heap        ] GC(677) Survivor regions: 8->7(7)
[2024-08-28T01:14:09.451+0000][info][gc,heap        ] GC(677) Old regions: 807->855
[2024-08-28T01:14:09.451+0000][info][gc,heap        ] GC(677) Archive regions: 2->2
[2024-08-28T01:14:09.451+0000][info][gc,heap        ] GC(677) Humongous regions: 5->5
[2024-08-28T01:14:09.451+0000][info][gc,metaspace   ] GC(677) Metaspace: 100K(320K)->100K(320K) NonClass: 96K(192K)->96K(192K) Class: 4K(128K)->4K(128K)
[2024-08-28T01:14:09.451+0000][info][gc             ] GC(677) Pause Young (Prepare Mixed) (G1 Evacuation Pause) 852M->856M(1024M) 17.804ms
[2024-08-28T01:14:09.451+0000][info][gc,cpu         ] GC(677) User=0.40s Sys=0.00s Real=0.02s
[2024-08-28T01:14:09.471+0000][info][gc,start       ] GC(678) Pause Young (Mixed) (G1 Evacuation Pause)
[2024-08-28T01:14:09.472+0000][info][gc,task        ] GC(678) Using 24 workers of 68 for evacuation
[2024-08-28T01:14:09.483+0000][info][gc,phases      ] GC(678)   Pre Evacuate Collection Set: 0.2ms
[2024-08-28T01:14:09.483+0000][info][gc,phases      ] GC(678)   Merge Heap Roots: 0.4ms
[2024-08-28T01:14:09.483+0000][info][gc,phases      ] GC(678)   Evacuate Collection Set: 10.0ms
[2024-08-28T01:14:09.483+0000][info][gc,phases      ] GC(678)   Post Evacuate Collection Set: 0.4ms
[2024-08-28T01:14:09.483+0000][info][gc,phases      ] GC(678)   Other: 0.4ms
[2024-08-28T01:14:09.483+0000][info][gc,heap        ] GC(678) Eden regions: 44->0(44)
[2024-08-28T01:14:09.483+0000][info][gc,heap        ] GC(678) Survivor regions: 7->7(7)
[2024-08-28T01:14:09.483+0000][info][gc,heap        ] GC(678) Old regions: 855->840
[2024-08-28T01:14:09.483+0000][info][gc,heap        ] GC(678) Archive regions: 2->2
[2024-08-28T01:14:09.483+0000][info][gc,heap        ] GC(678) Humongous regions: 5->5
[2024-08-28T01:14:09.483+0000][info][gc,metaspace   ] GC(678) Metaspace: 100K(320K)->100K(320K) NonClass: 96K(192K)->96K(192K) Class: 4K(128K)->4K(128K)
[2024-08-28T01:14:09.483+0000][info][gc             ] GC(678) Pause Young (Mixed) (G1 Evacuation Pause) 900M->840M(1024M) 11.543ms
[2024-08-28T01:14:09.483+0000][info][gc,cpu         ] GC(678) User=0.25s Sys=0.00s Real=0.01s
[2024-08-28T01:14:09.503+0000][info][gc,start       ] GC(679) Pause Young (Mixed) (G1 Evacuation Pause)
[2024-08-28T01:14:09.504+0000][info][gc,task        ] GC(679) Using 24 workers of 68 for evacuation
[2024-08-28T01:14:09.515+0000][info][gc,phases      ] GC(679)   Pre Evacuate Collection Set: 0.2ms
[2024-08-28T01:14:09.515+0000][info][gc,phases      ] GC(679)   Merge Heap Roots: 0.5ms
[2024-08-28T01:14:09.515+0000][info][gc,phases      ] GC(679)   Evacuate Collection Set: 10.2ms
[2024-08-28T01:14:09.515+0000][info][gc,phases      ] GC(679)   Post Evacuate Collection Set: 0.4ms
[2024-08-28T01:14:09.515+0000][info][gc,phases      ] GC(679)   Other: 0.4ms
[2024-08-28T01:14:09.515+0000][info][gc,heap        ] GC(679) Eden regions: 44->0(44)
[2024-08-28T01:14:09.515+0000][info][gc,heap        ] GC(679) Survivor regions: 7->7(7)
[2024-08-28T01:14:09.515+0000][info][gc,heap        ] GC(679) Old regions: 840->824
[2024-08-28T01:14:09.515+0000][info][gc,heap        ] GC(679) Archive regions: 2->2
[2024-08-28T01:14:09.515+0000][info][gc,heap        ] GC(679) Humongous regions: 5->5
[2024-08-28T01:14:09.515+0000][info][gc,metaspace   ] GC(679) Metaspace: 100K(320K)->100K(320K) NonClass: 96K(192K)->96K(192K) Class: 4K(128K)->4K(128K)
[2024-08-28T01:14:09.515+0000][info][gc             ] GC(679) Pause Young (Mixed) (G1 Evacuation Pause) 884M->825M(1024M) 11.823ms
[2024-08-28T01:14:09.515+0000][info][gc,cpu         ] GC(679) User=0.25s Sys=0.00s Real=0.01s
[2024-08-28T01:14:09.536+0000][info][gc,start       ] GC(680) Pause Young (Mixed) (G1 Evacuation Pause)
[2024-08-28T01:14:09.536+0000][info][gc,task        ] GC(680) Using 24 workers of 68 for evacuation
[2024-08-28T01:14:09.547+0000][info][gc,phases      ] GC(680)   Pre Evacuate Collection Set: 0.2ms
[2024-08-28T01:14:09.547+0000][info][gc,phases      ] GC(680)   Merge Heap Roots: 0.5ms
[2024-08-28T01:14:09.547+0000][info][gc,phases      ] GC(680)   Evacuate Collection Set: 10.1ms
[2024-08-28T01:14:09.547+0000][info][gc,phases      ] GC(680)   Post Evacuate Collection Set: 0.4ms
[2024-08-28T01:14:09.547+0000][info][gc,phases      ] GC(680)   Other: 0.4ms
[2024-08-28T01:14:09.547+0000][info][gc,heap        ] GC(680) Eden regions: 44->0(44)
[2024-08-28T01:14:09.547+0000][info][gc,heap        ] GC(680) Survivor regions: 7->7(7)
[2024-08-28T01:14:09.547+0000][info][gc,heap        ] GC(680) Old regions: 824->811
[2024-08-28T01:14:09.547+0000][info][gc,heap        ] GC(680) Archive regions: 2->2
[2024-08-28T01:14:09.547+0000][info][gc,heap        ] GC(680) Humongous regions: 5->5
[2024-08-28T01:14:09.547+0000][info][gc,metaspace   ] GC(680) Metaspace: 100K(320K)->100K(320K) NonClass: 96K(192K)->96K(192K) Class: 4K(128K)->4K(128K)
[2024-08-28T01:14:09.548+0000][info][gc             ] GC(680) Pause Young (Mixed) (G1 Evacuation Pause) 869M->813M(1024M) 11.739ms
[2024-08-28T01:14:09.548+0000][info][gc,cpu         ] GC(680) User=0.26s Sys=0.00s Real=0.01s
[2024-08-28T01:14:09.569+0000][info][gc,start       ] GC(681) Pause Young (Mixed) (G1 Evacuation Pause)
[2024-08-28T01:14:09.569+0000][info][gc,task        ] GC(681) Using 24 workers of 68 for evacuation
[2024-08-28T01:14:09.580+0000][info][gc,phases      ] GC(681)   Pre Evacuate Collection Set: 0.2ms
[2024-08-28T01:14:09.580+0000][info][gc,phases      ] GC(681)   Merge Heap Roots: 0.4ms
[2024-08-28T01:14:09.580+0000][info][gc,phases      ] GC(681)   Evacuate Collection Set: 9.9ms
[2024-08-28T01:14:09.580+0000][info][gc,phases      ] GC(681)   Post Evacuate Collection Set: 0.4ms
[2024-08-28T01:14:09.580+0000][info][gc,phases      ] GC(681)   Other: 0.3ms
[2024-08-28T01:14:09.580+0000][info][gc,heap        ] GC(681) Eden regions: 44->0(44)
[2024-08-28T01:14:09.580+0000][info][gc,heap        ] GC(681) Survivor regions: 7->7(7)
[2024-08-28T01:14:09.580+0000][info][gc,heap        ] GC(681) Old regions: 811->845
[2024-08-28T01:14:09.580+0000][info][gc,heap        ] GC(681) Archive regions: 2->2
[2024-08-28T01:14:09.580+0000][info][gc,heap        ] GC(681) Humongous regions: 5->5
[2024-08-28T01:14:09.580+0000][info][gc,metaspace   ] GC(681) Metaspace: 100K(320K)->100K(320K) NonClass: 96K(192K)->96K(192K) Class: 4K(128K)->4K(128K)
[2024-08-28T01:14:09.580+0000][info][gc             ] GC(681) Pause Young (Mixed) (G1 Evacuation Pause) 857M->849M(1024M) 11.349ms
[2024-08-28T01:14:09.580+0000][info][gc,cpu         ] GC(681) User=0.24s Sys=0.00s Real=0.02s
[2024-08-28T01:14:09.600+0000][info][gc,start       ] GC(682) Pause Young (Concurrent Start) (G1 Evacuation Pause)
[2024-08-28T01:14:09.600+0000][info][gc,task        ] GC(682) Using 24 workers of 68 for evacuation
[2024-08-28T01:14:09.611+0000][info][gc,phases      ] GC(682)   Pre Evacuate Collection Set: 0.2ms
[2024-08-28T01:14:09.611+0000][info][gc,phases      ] GC(682)   Merge Heap Roots: 0.4ms
[2024-08-28T01:14:09.611+0000][info][gc,phases      ] GC(682)   Evacuate Collection Set: 9.2ms
[2024-08-28T01:14:09.611+0000][info][gc,phases      ] GC(682)   Post Evacuate Collection Set: 0.4ms
[2024-08-28T01:14:09.611+0000][info][gc,phases      ] GC(682)   Other: 1.1ms
[2024-08-28T01:14:09.612+0000][info][gc,heap        ] GC(682) Eden regions: 44->0(44)
[2024-08-28T01:14:09.612+0000][info][gc,heap        ] GC(682) Survivor regions: 7->7(7)
[2024-08-28T01:14:09.612+0000][info][gc,heap        ] GC(682) Old regions: 845->891
[2024-08-28T01:14:09.612+0000][info][gc,heap        ] GC(682) Archive regions: 2->2
[2024-08-28T01:14:09.612+0000][info][gc,heap        ] GC(682) Humongous regions: 5->5
[2024-08-28T01:14:09.612+0000][info][gc,metaspace   ] GC(682) Metaspace: 100K(320K)->100K(320K) NonClass: 96K(192K)->96K(192K) Class: 4K(128K)->4K(128K)
[2024-08-28T01:14:09.612+0000][info][gc             ] GC(682) Pause Young (Concurrent Start) (G1 Evacuation Pause) 893M->895M(1024M) 11.448ms
[2024-08-28T01:14:09.612+0000][info][gc,cpu         ] GC(682) User=0.23s Sys=0.00s Real=0.01s
[2024-08-28T01:14:09.612+0000][info][gc             ] GC(683) Concurrent Mark Cycle
[2024-08-28T01:14:09.612+0000][info][gc,marking     ] GC(683) Concurrent Clear Claimed Marks
[2024-08-28T01:14:09.612+0000][info][gc,marking     ] GC(683) Concurrent Clear Claimed Marks 0.011ms
[2024-08-28T01:14:09.612+0000][info][gc,marking     ] GC(683) Concurrent Scan Root Regions
[2024-08-28T01:14:09.613+0000][info][gc,marking     ] GC(683) Concurrent Scan Root Regions 1.646ms
[2024-08-28T01:14:09.614+0000][info][gc,marking     ] GC(683) Concurrent Mark
[2024-08-28T01:14:09.614+0000][info][gc,marking     ] GC(683) Concurrent Mark From Roots
[2024-08-28T01:14:09.614+0000][info][gc,task        ] GC(683) Using 17 workers of 17 for marking
[2024-08-28T01:14:09.636+0000][info][gc,marking     ] GC(683) Concurrent Mark From Roots 22.181ms
[2024-08-28T01:14:09.636+0000][info][gc,marking     ] GC(683) Concurrent Preclean
[2024-08-28T01:14:09.636+0000][info][gc,marking     ] GC(683) Concurrent Preclean 0.643ms
[2024-08-28T01:14:09.637+0000][info][gc,start       ] GC(683) Pause Remark
[2024-08-28T01:14:09.639+0000][info][gc             ] GC(683) Pause Remark 935M->935M(1024M) 2.045ms
[2024-08-28T01:14:09.639+0000][info][gc,cpu         ] GC(683) User=0.00s Sys=0.00s Real=0.01s
[2024-08-28T01:14:09.639+0000][info][gc,marking     ] GC(683) Concurrent Mark 25.440ms
[2024-08-28T01:14:09.639+0000][info][gc,marking     ] GC(683) Concurrent Rebuild Remembered Sets
[2024-08-28T01:14:09.642+0000][info][gc,start       ] GC(684) Pause Young (Normal) (G1 Evacuation Pause)
[2024-08-28T01:14:09.642+0000][info][gc,task        ] GC(684) Using 24 workers of 68 for evacuation
[2024-08-28T01:14:09.652+0000][info][gc,phases      ] GC(684)   Pre Evacuate Collection Set: 0.2ms
[2024-08-28T01:14:09.652+0000][info][gc,phases      ] GC(684)   Merge Heap Roots: 0.3ms
[2024-08-28T01:14:09.652+0000][info][gc,phases      ] GC(684)   Evacuate Collection Set: 9.2ms
[2024-08-28T01:14:09.652+0000][info][gc,phases      ] GC(684)   Post Evacuate Collection Set: 0.5ms
[2024-08-28T01:14:09.652+0000][info][gc,phases      ] GC(684)   Other: 0.3ms
[2024-08-28T01:14:09.652+0000][info][gc,heap        ] GC(684) Eden regions: 44->0(44)
[2024-08-28T01:14:09.652+0000][info][gc,heap        ] GC(684) Survivor regions: 7->7(7)
[2024-08-28T01:14:09.652+0000][info][gc,heap        ] GC(684) Old regions: 891->937
[2024-08-28T01:14:09.652+0000][info][gc,heap        ] GC(684) Archive regions: 2->2
[2024-08-28T01:14:09.652+0000][info][gc,heap        ] GC(684) Humongous regions: 5->5
[2024-08-28T01:14:09.652+0000][info][gc,metaspace   ] GC(684) Metaspace: 100K(320K)->100K(320K) NonClass: 96K(192K)->96K(192K) Class: 4K(128K)->4K(128K)
[2024-08-28T01:14:09.652+0000][info][gc             ] GC(684) Pause Young (Normal) (G1 Evacuation Pause) 939M->941M(1024M) 10.655ms
[2024-08-28T01:14:09.652+0000][info][gc,cpu         ] GC(684) User=0.22s Sys=0.00s Real=0.01s
[2024-08-28T01:14:09.667+0000][info][gc,start       ] GC(685) Pause Young (Normal) (G1 Preventive Collection)
[2024-08-28T01:14:09.667+0000][info][gc,task        ] GC(685) Using 24 workers of 68 for evacuation
[2024-08-28T01:14:09.680+0000][info][gc,phases      ] GC(685)   Pre Evacuate Collection Set: 0.2ms
[2024-08-28T01:14:09.680+0000][info][gc,phases      ] GC(685)   Merge Heap Roots: 0.7ms
[2024-08-28T01:14:09.680+0000][info][gc,phases      ] GC(685)   Evacuate Collection Set: 10.8ms
[2024-08-28T01:14:09.680+0000][info][gc,phases      ] GC(685)   Post Evacuate Collection Set: 0.6ms
[2024-08-28T01:14:09.680+0000][info][gc,phases      ] GC(685)   Other: 0.3ms
[2024-08-28T01:14:09.680+0000][info][gc,heap        ] GC(685) Eden regions: 31->0(44)
[2024-08-28T01:14:09.680+0000][info][gc,heap        ] GC(685) Survivor regions: 7->7(7)
[2024-08-28T01:14:09.680+0000][info][gc,heap        ] GC(685) Old regions: 937->972
[2024-08-28T01:14:09.680+0000][info][gc,heap        ] GC(685) Archive regions: 2->2
[2024-08-28T01:14:09.680+0000][info][gc,heap        ] GC(685) Humongous regions: 5->5
[2024-08-28T01:14:09.680+0000][info][gc,metaspace   ] GC(685) Metaspace: 100K(320K)->100K(320K) NonClass: 96K(192K)->96K(192K) Class: 4K(128K)->4K(128K)
[2024-08-28T01:14:09.680+0000][info][gc             ] GC(685) Pause Young (Normal) (G1 Preventive Collection) 972M->976M(1024M) 12.851ms
[2024-08-28T01:14:09.680+0000][info][gc,cpu         ] GC(685) User=0.28s Sys=0.00s Real=0.02s
[2024-08-28T01:14:09.688+0000][info][gc,start       ] GC(686) Pause Young (Normal) (G1 Preventive Collection)
[2024-08-28T01:14:09.688+0000][info][gc,task        ] GC(686) Using 24 workers of 68 for evacuation
[2024-08-28T01:14:09.699+0000][info][gc,phases      ] GC(686)   Pre Evacuate Collection Set: 0.2ms
[2024-08-28T01:14:09.699+0000][info][gc,phases      ] GC(686)   Merge Heap Roots: 0.5ms
[2024-08-28T01:14:09.699+0000][info][gc,phases      ] GC(686)   Evacuate Collection Set: 9.5ms
[2024-08-28T01:14:09.699+0000][info][gc,phases      ] GC(686)   Post Evacuate Collection Set: 0.7ms
[2024-08-28T01:14:09.699+0000][info][gc,phases      ] GC(686)   Other: 0.3ms
[2024-08-28T01:14:09.699+0000][info][gc,heap        ] GC(686) Eden regions: 14->0(44)
[2024-08-28T01:14:09.699+0000][info][gc,heap        ] GC(686) Survivor regions: 7->7(7)
[2024-08-28T01:14:09.699+0000][info][gc,heap        ] GC(686) Old regions: 972->989
[2024-08-28T01:14:09.699+0000][info][gc,heap        ] GC(686) Archive regions: 2->2
[2024-08-28T01:14:09.699+0000][info][gc,heap        ] GC(686) Humongous regions: 5->5
[2024-08-28T01:14:09.699+0000][info][gc,metaspace   ] GC(686) Metaspace: 100K(320K)->100K(320K) NonClass: 96K(192K)->96K(192K) Class: 4K(128K)->4K(128K)
[2024-08-28T01:14:09.699+0000][info][gc             ] GC(686) Pause Young (Normal) (G1 Preventive Collection) 990M->993M(1024M) 11.316ms
[2024-08-28T01:14:09.699+0000][info][gc,cpu         ] GC(686) User=0.24s Sys=0.00s Real=0.02s
[2024-08-28T01:14:09.703+0000][info][gc,start       ] GC(687) Pause Young (Normal) (G1 Preventive Collection)
[2024-08-28T01:14:09.703+0000][info][gc,task        ] GC(687) Using 24 workers of 68 for evacuation
[2024-08-28T01:14:09.713+0000][info][gc             ] GC(687) To-space exhausted
[2024-08-28T01:14:09.713+0000][info][gc,phases      ] GC(687)   Pre Evacuate Collection Set: 0.2ms
[2024-08-28T01:14:09.713+0000][info][gc,phases      ] GC(687)   Merge Heap Roots: 0.9ms
[2024-08-28T01:14:09.713+0000][info][gc,phases      ] GC(687)   Evacuate Collection Set: 7.2ms
[2024-08-28T01:14:09.713+0000][info][gc,phases      ] GC(687)   Post Evacuate Collection Set: 0.9ms
[2024-08-28T01:14:09.713+0000][info][gc,phases      ] GC(687)   Other: 0.3ms
[2024-08-28T01:14:09.713+0000][info][gc,heap        ] GC(687) Eden regions: 6->0(45)
[2024-08-28T01:14:09.713+0000][info][gc,heap        ] GC(687) Survivor regions: 7->6(7)
[2024-08-28T01:14:09.713+0000][info][gc,heap        ] GC(687) Old regions: 989->1010
[2024-08-28T01:14:09.713+0000][info][gc,heap        ] GC(687) Archive regions: 2->2
[2024-08-28T01:14:09.713+0000][info][gc,heap        ] GC(687) Humongous regions: 5->5
[2024-08-28T01:14:09.713+0000][info][gc,metaspace   ] GC(687) Metaspace: 100K(320K)->100K(320K) NonClass: 96K(192K)->96K(192K) Class: 4K(128K)->4K(128K)
[2024-08-28T01:14:09.713+0000][info][gc             ] GC(687) Pause Young (Normal) (G1 Preventive Collection) 999M->1013M(1024M) 9.523ms
[2024-08-28T01:14:09.713+0000][info][gc,cpu         ] GC(687) User=0.20s Sys=0.00s Real=0.01s
[2024-08-28T01:14:09.715+0000][info][gc,start       ] GC(688) Pause Young (Normal) (G1 Evacuation Pause)
[2024-08-28T01:14:09.715+0000][info][gc,task        ] GC(688) Using 24 workers of 68 for evacuation
[2024-08-28T01:14:09.722+0000][info][gc             ] GC(688) To-space exhausted
[2024-08-28T01:14:09.722+0000][info][gc,phases      ] GC(688)   Pre Evacuate Collection Set: 0.1ms
[2024-08-28T01:14:09.722+0000][info][gc,phases      ] GC(688)   Merge Heap Roots: 0.9ms
[2024-08-28T01:14:09.722+0000][info][gc,phases      ] GC(688)   Evacuate Collection Set: 5.2ms
[2024-08-28T01:14:09.722+0000][info][gc,phases      ] GC(688)   Post Evacuate Collection Set: 1.1ms
[2024-08-28T01:14:09.722+0000][info][gc,phases      ] GC(688)   Other: 0.3ms
[2024-08-28T01:14:09.722+0000][info][gc,heap        ] GC(688) Eden regions: 1->0(51)
[2024-08-28T01:14:09.722+0000][info][gc,heap        ] GC(688) Survivor regions: 6->0(0)
[2024-08-28T01:14:09.722+0000][info][gc,heap        ] GC(688) Old regions: 1010->1017
[2024-08-28T01:14:09.722+0000][info][gc,heap        ] GC(688) Archive regions: 2->2
[2024-08-28T01:14:09.722+0000][info][gc,heap        ] GC(688) Humongous regions: 5->5
[2024-08-28T01:14:09.722+0000][info][gc,metaspace   ] GC(688) Metaspace: 100K(320K)->100K(320K) NonClass: 96K(192K)->96K(192K) Class: 4K(128K)->4K(128K)
[2024-08-28T01:14:09.722+0000][info][gc             ] GC(688) Pause Young (Normal) (G1 Evacuation Pause) 1014M->1014M(1024M) 7.695ms
[2024-08-28T01:14:09.722+0000][info][gc,cpu         ] GC(688) User=0.15s Sys=0.00s Real=0.01s
[2024-08-28T01:14:09.722+0000][info][gc,ergo        ] Attempting full compaction
[2024-08-28T01:14:09.722+0000][info][gc,task        ] GC(689) Using 24 workers of 68 for full compaction
[2024-08-28T01:14:09.723+0000][info][gc,start       ] GC(689) Pause Full (G1 Compaction Pause)
[2024-08-28T01:14:09.724+0000][info][gc,phases,start] GC(689) Phase 1: Mark live objects
[2024-08-28T01:14:09.739+0000][info][gc,phases      ] GC(689) Phase 1: Mark live objects 15.440ms
[2024-08-28T01:14:09.739+0000][info][gc,phases,start] GC(689) Phase 2: Prepare for compaction
[2024-08-28T01:14:09.748+0000][info][gc,phases      ] GC(689) Phase 2: Prepare for compaction 8.384ms
[2024-08-28T01:14:09.748+0000][info][gc,phases,start] GC(689) Phase 3: Adjust pointers
[2024-08-28T01:14:09.763+0000][info][gc,phases      ] GC(689) Phase 3: Adjust pointers 15.193ms
[2024-08-28T01:14:09.763+0000][info][gc,phases,start] GC(689) Phase 4: Compact heap
[2024-08-28T01:14:09.792+0000][info][gc,phases      ] GC(689) Phase 4: Compact heap 28.668ms
[2024-08-28T01:14:09.793+0000][info][gc,heap        ] GC(689) Eden regions: 0->0(150)
[2024-08-28T01:14:09.793+0000][info][gc,heap        ] GC(689) Survivor regions: 0->0(0)
[2024-08-28T01:14:09.793+0000][info][gc,heap        ] GC(689) Old regions: 1017->444
[2024-08-28T01:14:09.793+0000][info][gc,heap        ] GC(689) Archive regions: 2->2
[2024-08-28T01:14:09.793+0000][info][gc,heap        ] GC(689) Humongous regions: 5->5
[2024-08-28T01:14:09.793+0000][info][gc,metaspace   ] GC(689) Metaspace: 100K(320K)->100K(320K) NonClass: 96K(192K)->96K(192K) Class: 4K(128K)->4K(128K)
[2024-08-28T01:14:09.794+0000][info][gc             ] GC(689) Pause Full (G1 Compaction Pause) 1014M->437M(1024M) 70.672ms
[2024-08-28T01:14:09.794+0000][info][gc,cpu         ] GC(689) User=1.49s Sys=0.00s Real=0.07s
[2024-08-28T01:14:09.794+0000][info][gc,marking     ] GC(683) Concurrent Rebuild Remembered Sets 154.900ms
[2024-08-28T01:14:09.794+0000][info][gc,marking     ] GC(683) Concurrent Mark Abort
[2024-08-28T01:14:09.794+0000][info][gc             ] GC(683) Concurrent Mark Cycle 182.278ms
[2024-08-28T01:14:09.867+0000][info][gc,start       ] GC(690) Pause Young (Normal) (G1 Evacuation Pause)
[2024-08-28T01:14:09.867+0000][info][gc,task        ] GC(690) Using 24 workers of 68 for evacuation
[2024-08-28T01:14:09.889+0000][info][gc,phases      ] GC(690)   Pre Evacuate Collection Set: 0.2ms
[2024-08-28T01:14:09.890+0000][info][gc,phases      ] GC(690)   Merge Heap Roots: 0.5ms
[2024-08-28T01:14:09.890+0000][info][gc,phases      ] GC(690)   Evacuate Collection Set: 21.3ms
[2024-08-28T01:14:09.890+0000][info][gc,phases      ] GC(690)   Post Evacuate Collection Set: 0.4ms
[2024-08-28T01:14:09.890+0000][info][gc,phases      ] GC(690)   Other: 0.4ms
[2024-08-28T01:14:09.890+0000][info][gc,heap        ] GC(690) Eden regions: 150->0(103)
[2024-08-28T01:14:09.890+0000][info][gc,heap        ] GC(690) Survivor regions: 0->19(19)
[2024-08-28T01:14:09.890+0000][info][gc,heap        ] GC(690) Old regions: 444->571
[2024-08-28T01:14:09.890+0000][info][gc,heap        ] GC(690) Archive regions: 2->2
[2024-08-28T01:14:09.890+0000][info][gc,heap        ] GC(690) Humongous regions: 5->5
[2024-08-28T01:14:09.890+0000][info][gc,metaspace   ] GC(690) Metaspace: 100K(320K)->100K(320K) NonClass: 96K(192K)->96K(192K) Class: 4K(128K)->4K(128K)
[2024-08-28T01:14:09.890+0000][info][gc             ] GC(690) Pause Young (Normal) (G1 Evacuation Pause) 587M->582M(1024M) 22.937ms
[2024-08-28T01:14:09.890+0000][info][gc,cpu         ] GC(690) User=0.52s Sys=0.00s Real=0.03s
[2024-08-28T01:14:09.938+0000][info][gc,start       ] GC(691) Pause Young (Concurrent Start) (G1 Evacuation Pause)
[2024-08-28T01:14:09.938+0000][info][gc,task        ] GC(691) Using 24 workers of 68 for evacuation
[2024-08-28T01:14:09.958+0000][info][gc,phases      ] GC(691)   Pre Evacuate Collection Set: 0.2ms
[2024-08-28T01:14:09.958+0000][info][gc,phases      ] GC(691)   Merge Heap Roots: 0.6ms
[2024-08-28T01:14:09.958+0000][info][gc,phases      ] GC(691)   Evacuate Collection Set: 17.9ms
[2024-08-28T01:14:09.958+0000][info][gc,phases      ] GC(691)   Post Evacuate Collection Set: 0.4ms
[2024-08-28T01:14:09.958+0000][info][gc,phases      ] GC(691)   Other: 1.1ms
[2024-08-28T01:14:09.958+0000][info][gc,heap        ] GC(691) Eden regions: 103->0(69)
[2024-08-28T01:14:09.958+0000][info][gc,heap        ] GC(691) Survivor regions: 19->16(16)
[2024-08-28T01:14:09.958+0000][info][gc,heap        ] GC(691) Old regions: 571->679
[2024-08-28T01:14:09.958+0000][info][gc,heap        ] GC(691) Archive regions: 2->2
[2024-08-28T01:14:09.958+0000][info][gc,heap        ] GC(691) Humongous regions: 5->5
[2024-08-28T01:14:09.958+0000][info][gc,metaspace   ] GC(691) Metaspace: 100K(320K)->100K(320K) NonClass: 96K(192K)->96K(192K) Class: 4K(128K)->4K(128K)
[2024-08-28T01:14:09.958+0000][info][gc             ] GC(691) Pause Young (Concurrent Start) (G1 Evacuation Pause) 685M->687M(1024M) 20.354ms
[2024-08-28T01:14:09.958+0000][info][gc,cpu         ] GC(691) User=0.44s Sys=0.01s Real=0.02s
[2024-08-28T01:14:09.958+0000][info][gc             ] GC(692) Concurrent Mark Cycle
[2024-08-28T01:14:09.959+0000][info][gc,marking     ] GC(692) Concurrent Clear Claimed Marks
[2024-08-28T01:14:09.959+0000][info][gc,marking     ] GC(692) Concurrent Clear Claimed Marks 0.012ms
[2024-08-28T01:14:09.959+0000][info][gc,marking     ] GC(692) Concurrent Scan Root Regions
[2024-08-28T01:14:09.962+0000][info][gc,marking     ] GC(692) Concurrent Scan Root Regions 3.193ms
[2024-08-28T01:14:09.962+0000][info][gc,marking     ] GC(692) Concurrent Mark
[2024-08-28T01:14:09.962+0000][info][gc,marking     ] GC(692) Concurrent Mark From Roots
[2024-08-28T01:14:09.962+0000][info][gc,task        ] GC(692) Using 17 workers of 17 for marking
[2024-08-28T01:14:09.981+0000][info][gc,marking     ] GC(692) Concurrent Mark From Roots 19.320ms
[2024-08-28T01:14:09.981+0000][info][gc,marking     ] GC(692) Concurrent Preclean
[2024-08-28T01:14:09.983+0000][info][gc,marking     ] GC(692) Concurrent Preclean 2.102ms
[2024-08-28T01:14:09.984+0000][info][gc,start       ] GC(692) Pause Remark
[2024-08-28T01:14:09.985+0000][info][gc             ] GC(692) Pause Remark 726M->726M(1024M) 1.732ms
[2024-08-28T01:14:09.986+0000][info][gc,cpu         ] GC(692) User=0.00s Sys=0.00s Real=0.00s
[2024-08-28T01:14:09.986+0000][info][gc,marking     ] GC(692) Concurrent Mark 23.767ms
[2024-08-28T01:14:09.986+0000][info][gc,marking     ] GC(692) Concurrent Rebuild Remembered Sets
[2024-08-28T01:14:10.001+0000][info][gc,start       ] GC(693) Pause Young (Normal) (G1 Evacuation Pause)
[2024-08-28T01:14:10.001+0000][info][gc,task        ] GC(693) Using 24 workers of 68 for evacuation
[2024-08-28T01:14:10.018+0000][info][gc,phases      ] GC(693)   Pre Evacuate Collection Set: 0.2ms
[2024-08-28T01:14:10.018+0000][info][gc,phases      ] GC(693)   Merge Heap Roots: 0.4ms
[2024-08-28T01:14:10.018+0000][info][gc,phases      ] GC(693)   Evacuate Collection Set: 16.1ms
[2024-08-28T01:14:10.018+0000][info][gc,phases      ] GC(693)   Post Evacuate Collection Set: 0.7ms
[2024-08-28T01:14:10.018+0000][info][gc,phases      ] GC(693)   Other: 0.3ms
[2024-08-28T01:14:10.018+0000][info][gc,heap        ] GC(693) Eden regions: 69->0(46)
[2024-08-28T01:14:10.018+0000][info][gc,heap        ] GC(693) Survivor regions: 16->11(11)
[2024-08-28T01:14:10.018+0000][info][gc,heap        ] GC(693) Old regions: 679->757
[2024-08-28T01:14:10.018+0000][info][gc,heap        ] GC(693) Archive regions: 2->2
[2024-08-28T01:14:10.018+0000][info][gc,heap        ] GC(693) Humongous regions: 5->5
[2024-08-28T01:14:10.018+0000][info][gc,metaspace   ] GC(693) Metaspace: 100K(320K)->100K(320K) NonClass: 96K(192K)->96K(192K) Class: 4K(128K)->4K(128K)
[2024-08-28T01:14:10.018+0000][info][gc             ] GC(693) Pause Young (Normal) (G1 Evacuation Pause) 756M->760M(1024M) 17.800ms
[2024-08-28T01:14:10.019+0000][info][gc,cpu         ] GC(693) User=0.40s Sys=0.00s Real=0.02s
[2024-08-28T01:14:10.042+0000][info][gc,start       ] GC(694) Pause Young (Normal) (G1 Evacuation Pause)
[2024-08-28T01:14:10.042+0000][info][gc,task        ] GC(694) Using 24 workers of 68 for evacuation
[2024-08-28T01:14:10.062+0000][info][gc,phases      ] GC(694)   Pre Evacuate Collection Set: 0.2ms
[2024-08-28T01:14:10.062+0000][info][gc,phases      ] GC(694)   Merge Heap Roots: 0.8ms
[2024-08-28T01:14:10.062+0000][info][gc,phases      ] GC(694)   Evacuate Collection Set: 18.3ms
[2024-08-28T01:14:10.062+0000][info][gc,phases      ] GC(694)   Post Evacuate Collection Set: 0.8ms
[2024-08-28T01:14:10.062+0000][info][gc,phases      ] GC(694)   Other: 0.3ms
[2024-08-28T01:14:10.062+0000][info][gc,heap        ] GC(694) Eden regions: 46->0(43)
[2024-08-28T01:14:10.062+0000][info][gc,heap        ] GC(694) Survivor regions: 11->8(8)
[2024-08-28T01:14:10.062+0000][info][gc,heap        ] GC(694) Old regions: 757->811
[2024-08-28T01:14:10.062+0000][info][gc,heap        ] GC(694) Archive regions: 2->2
[2024-08-28T01:14:10.062+0000][info][gc,heap        ] GC(694) Humongous regions: 5->5
[2024-08-28T01:14:10.062+0000][info][gc,metaspace   ] GC(694) Metaspace: 100K(320K)->100K(320K) NonClass: 96K(192K)->96K(192K) Class: 4K(128K)->4K(128K)
[2024-08-28T01:14:10.062+0000][info][gc             ] GC(694) Pause Young (Normal) (G1 Evacuation Pause) 806M->811M(1024M) 20.535ms
[2024-08-28T01:14:10.062+0000][info][gc,cpu         ] GC(694) User=0.46s Sys=0.00s Real=0.02s
[2024-08-28T01:14:10.076+0000][info][gc,marking     ] GC(692) Concurrent Rebuild Remembered Sets 90.359ms
[2024-08-28T01:14:10.076+0000][info][gc,start       ] GC(692) Pause Cleanup
[2024-08-28T01:14:10.079+0000][info][gc             ] GC(692) Pause Cleanup 838M->838M(1024M) 2.501ms
[2024-08-28T01:14:10.079+0000][info][gc,cpu         ] GC(692) User=0.01s Sys=0.00s Real=0.01s
[2024-08-28T01:14:10.079+0000][info][gc,marking     ] GC(692) Concurrent Cleanup for Next Mark
[2024-08-28T01:14:10.080+0000][info][gc,marking     ] GC(692) Concurrent Cleanup for Next Mark 0.621ms
[2024-08-28T01:14:10.080+0000][info][gc             ] GC(692) Concurrent Mark Cycle 121.122ms
[2024-08-28T01:14:10.089+0000][info][gc,start       ] GC(695) Pause Young (Prepare Mixed) (G1 Evacuation Pause)
[2024-08-28T01:14:10.089+0000][info][gc,task        ] GC(695) Using 24 workers of 68 for evacuation
[2024-08-28T01:14:10.109+0000][info][gc,phases      ] GC(695)   Pre Evacuate Collection Set: 0.2ms
[2024-08-28T01:14:10.109+0000][info][gc,phases      ] GC(695)   Merge Heap Roots: 1.1ms
[2024-08-28T01:14:10.109+0000][info][gc,phases      ] GC(695)   Evacuate Collection Set: 18.7ms
[2024-08-28T01:14:10.109+0000][info][gc,phases      ] GC(695)   Post Evacuate Collection Set: 0.4ms
[2024-08-28T01:14:10.109+0000][info][gc,phases      ] GC(695)   Other: 0.3ms
[2024-08-28T01:14:10.109+0000][info][gc,heap        ] GC(695) Eden regions: 43->0(44)
[2024-08-28T01:14:10.109+0000][info][gc,heap        ] GC(695) Survivor regions: 8->7(7)
[2024-08-28T01:14:10.109+0000][info][gc,heap        ] GC(695) Old regions: 811->858
[2024-08-28T01:14:10.109+0000][info][gc,heap        ] GC(695) Archive regions: 2->2
[2024-08-28T01:14:10.109+0000][info][gc,heap        ] GC(695) Humongous regions: 5->5
[2024-08-28T01:14:10.109+0000][info][gc,metaspace   ] GC(695) Metaspace: 100K(320K)->100K(320K) NonClass: 96K(192K)->96K(192K) Class: 4K(128K)->4K(128K)
[2024-08-28T01:14:10.110+0000][info][gc             ] GC(695) Pause Young (Prepare Mixed) (G1 Evacuation Pause) 854M->858M(1024M) 20.899ms
[2024-08-28T01:14:10.110+0000][info][gc,cpu         ] GC(695) User=0.47s Sys=0.00s Real=0.03s
[2024-08-28T01:14:10.132+0000][info][gc,start       ] GC(696) Pause Young (Mixed) (G1 Evacuation Pause)
[2024-08-28T01:14:10.132+0000][info][gc,task        ] GC(696) Using 24 workers of 68 for evacuation
[2024-08-28T01:14:10.144+0000][info][gc,phases      ] GC(696)   Pre Evacuate Collection Set: 0.2ms
[2024-08-28T01:14:10.144+0000][info][gc,phases      ] GC(696)   Merge Heap Roots: 0.4ms
[2024-08-28T01:14:10.145+0000][info][gc,phases      ] GC(696)   Evacuate Collection Set: 10.8ms
[2024-08-28T01:14:10.145+0000][info][gc,phases      ] GC(696)   Post Evacuate Collection Set: 0.4ms
[2024-08-28T01:14:10.145+0000][info][gc,phases      ] GC(696)   Other: 0.4ms
[2024-08-28T01:14:10.145+0000][info][gc,heap        ] GC(696) Eden regions: 44->0(44)
[2024-08-28T01:14:10.145+0000][info][gc,heap        ] GC(696) Survivor regions: 7->7(7)
[2024-08-28T01:14:10.145+0000][info][gc,heap        ] GC(696) Old regions: 858->843
[2024-08-28T01:14:10.145+0000][info][gc,heap        ] GC(696) Archive regions: 2->2
[2024-08-28T01:14:10.145+0000][info][gc,heap        ] GC(696) Humongous regions: 5->5
[2024-08-28T01:14:10.145+0000][info][gc,metaspace   ] GC(696) Metaspace: 100K(320K)->100K(320K) NonClass: 96K(192K)->96K(192K) Class: 4K(128K)->4K(128K)
[2024-08-28T01:14:10.145+0000][info][gc             ] GC(696) Pause Young (Mixed) (G1 Evacuation Pause) 902M->843M(1024M) 12.393ms
[2024-08-28T01:14:10.145+0000][info][gc,cpu         ] GC(696) User=0.27s Sys=0.00s Real=0.01s
[2024-08-28T01:14:10.166+0000][info][gc,start       ] GC(697) Pause Young (Mixed) (G1 Evacuation Pause)
[2024-08-28T01:14:10.166+0000][info][gc,task        ] GC(697) Using 24 workers of 68 for evacuation
[2024-08-28T01:14:10.178+0000][info][gc,phases      ] GC(697)   Pre Evacuate Collection Set: 0.2ms
[2024-08-28T01:14:10.178+0000][info][gc,phases      ] GC(697)   Merge Heap Roots: 0.6ms
[2024-08-28T01:14:10.178+0000][info][gc,phases      ] GC(697)   Evacuate Collection Set: 11.1ms
[2024-08-28T01:14:10.178+0000][info][gc,phases      ] GC(697)   Post Evacuate Collection Set: 0.5ms
[2024-08-28T01:14:10.178+0000][info][gc,phases      ] GC(697)   Other: 0.4ms
[2024-08-28T01:14:10.178+0000][info][gc,heap        ] GC(697) Eden regions: 44->0(44)
[2024-08-28T01:14:10.178+0000][info][gc,heap        ] GC(697) Survivor regions: 7->7(7)
[2024-08-28T01:14:10.178+0000][info][gc,heap        ] GC(697) Old regions: 843->828
[2024-08-28T01:14:10.178+0000][info][gc,heap        ] GC(697) Archive regions: 2->2
[2024-08-28T01:14:10.179+0000][info][gc,heap        ] GC(697) Humongous regions: 5->5
[2024-08-28T01:14:10.179+0000][info][gc,metaspace   ] GC(697) Metaspace: 100K(320K)->100K(320K) NonClass: 96K(192K)->96K(192K) Class: 4K(128K)->4K(128K)
[2024-08-28T01:14:10.179+0000][info][gc             ] GC(697) Pause Young (Mixed) (G1 Evacuation Pause) 887M->828M(1024M) 12.976ms
[2024-08-28T01:14:10.179+0000][info][gc,cpu         ] GC(697) User=0.28s Sys=0.00s Real=0.02s
[2024-08-28T01:14:10.200+0000][info][gc,start       ] GC(698) Pause Young (Mixed) (G1 Evacuation Pause)
[2024-08-28T01:14:10.200+0000][info][gc,task        ] GC(698) Using 24 workers of 68 for evacuation
[2024-08-28T01:14:10.213+0000][info][gc,phases      ] GC(698)   Pre Evacuate Collection Set: 0.2ms
[2024-08-28T01:14:10.213+0000][info][gc,phases      ] GC(698)   Merge Heap Roots: 0.5ms
[2024-08-28T01:14:10.213+0000][info][gc,phases      ] GC(698)   Evacuate Collection Set: 11.3ms
[2024-08-28T01:14:10.213+0000][info][gc,phases      ] GC(698)   Post Evacuate Collection Set: 0.4ms
[2024-08-28T01:14:10.213+0000][info][gc,phases      ] GC(698)   Other: 0.4ms
[2024-08-28T01:14:10.213+0000][info][gc,heap        ] GC(698) Eden regions: 44->0(44)
[2024-08-28T01:14:10.213+0000][info][gc,heap        ] GC(698) Survivor regions: 7->7(7)
[2024-08-28T01:14:10.213+0000][info][gc,heap        ] GC(698) Old regions: 828->813
[2024-08-28T01:14:10.213+0000][info][gc,heap        ] GC(698) Archive regions: 2->2
[2024-08-28T01:14:10.213+0000][info][gc,heap        ] GC(698) Humongous regions: 5->5
[2024-08-28T01:14:10.213+0000][info][gc,metaspace   ] GC(698) Metaspace: 100K(320K)->100K(320K) NonClass: 96K(192K)->96K(192K) Class: 4K(128K)->4K(128K)
[2024-08-28T01:14:10.213+0000][info][gc             ] GC(698) Pause Young (Mixed) (G1 Evacuation Pause) 872M->816M(1024M) 12.886ms
[2024-08-28T01:14:10.213+0000][info][gc,cpu         ] GC(698) User=0.28s Sys=0.00s Real=0.01s
[2024-08-28T01:14:10.234+0000][info][gc,start       ] GC(699) Pause Young (Mixed) (G1 Evacuation Pause)
[2024-08-28T01:14:10.234+0000][info][gc,task        ] GC(699) Using 24 workers of 68 for evacuation
[2024-08-28T01:14:10.246+0000][info][gc,phases      ] GC(699)   Pre Evacuate Collection Set: 0.2ms
[2024-08-28T01:14:10.246+0000][info][gc,phases      ] GC(699)   Merge Heap Roots: 0.6ms
[2024-08-28T01:14:10.246+0000][info][gc,phases      ] GC(699)   Evacuate Collection Set: 10.7ms
[2024-08-28T01:14:10.246+0000][info][gc,phases      ] GC(699)   Post Evacuate Collection Set: 0.4ms
[2024-08-28T01:14:10.246+0000][info][gc,phases      ] GC(699)   Other: 0.4ms
[2024-08-28T01:14:10.246+0000][info][gc,heap        ] GC(699) Eden regions: 44->0(44)
[2024-08-28T01:14:10.246+0000][info][gc,heap        ] GC(699) Survivor regions: 7->7(7)
[2024-08-28T01:14:10.246+0000][info][gc,heap        ] GC(699) Old regions: 813->848
[2024-08-28T01:14:10.246+0000][info][gc,heap        ] GC(699) Archive regions: 2->2
[2024-08-28T01:14:10.246+0000][info][gc,heap        ] GC(699) Humongous regions: 5->5
[2024-08-28T01:14:10.246+0000][info][gc,metaspace   ] GC(699) Metaspace: 100K(320K)->100K(320K) NonClass: 96K(192K)->96K(192K) Class: 4K(128K)->4K(128K)
[2024-08-28T01:14:10.246+0000][info][gc             ] GC(699) Pause Young (Mixed) (G1 Evacuation Pause) 860M->854M(1024M) 12.427ms
[2024-08-28T01:14:10.247+0000][info][gc,cpu         ] GC(699) User=0.22s Sys=0.05s Real=0.01s
[2024-08-28T01:14:10.267+0000][info][gc,start       ] GC(700) Pause Young (Concurrent Start) (G1 Evacuation Pause)
[2024-08-28T01:14:10.267+0000][info][gc,task        ] GC(700) Using 24 workers of 68 for evacuation
[2024-08-28T01:14:10.279+0000][info][gc,phases      ] GC(700)   Pre Evacuate Collection Set: 0.2ms
[2024-08-28T01:14:10.280+0000][info][gc,phases      ] GC(700)   Merge Heap Roots: 0.7ms
[2024-08-28T01:14:10.280+0000][info][gc,phases      ] GC(700)   Evacuate Collection Set: 9.8ms
[2024-08-28T01:14:10.280+0000][info][gc,phases      ] GC(700)   Post Evacuate Collection Set: 0.4ms
[2024-08-28T01:14:10.280+0000][info][gc,phases      ] GC(700)   Other: 1.1ms
[2024-08-28T01:14:10.280+0000][info][gc,heap        ] GC(700) Eden regions: 44->0(44)
[2024-08-28T01:14:10.280+0000][info][gc,heap        ] GC(700) Survivor regions: 7->7(7)
[2024-08-28T01:14:10.280+0000][info][gc,heap        ] GC(700) Old regions: 848->895
[2024-08-28T01:14:10.280+0000][info][gc,heap        ] GC(700) Archive regions: 2->2
[2024-08-28T01:14:10.280+0000][info][gc,heap        ] GC(700) Humongous regions: 5->5
[2024-08-28T01:14:10.280+0000][info][gc,metaspace   ] GC(700) Metaspace: 100K(320K)->100K(320K) NonClass: 96K(192K)->96K(192K) Class: 4K(128K)->4K(128K)
[2024-08-28T01:14:10.280+0000][info][gc             ] GC(700) Pause Young (Concurrent Start) (G1 Evacuation Pause) 898M->901M(1024M) 12.305ms
[2024-08-28T01:14:10.280+0000][info][gc,cpu         ] GC(700) User=0.25s Sys=0.00s Real=0.02s
[2024-08-28T01:14:10.280+0000][info][gc             ] GC(701) Concurrent Mark Cycle
[2024-08-28T01:14:10.280+0000][info][gc,marking     ] GC(701) Concurrent Clear Claimed Marks
[2024-08-28T01:14:10.280+0000][info][gc,marking     ] GC(701) Concurrent Clear Claimed Marks 0.011ms
[2024-08-28T01:14:10.280+0000][info][gc,marking     ] GC(701) Concurrent Scan Root Regions
[2024-08-28T01:14:10.281+0000][info][gc,marking     ] GC(701) Concurrent Scan Root Regions 1.427ms
[2024-08-28T01:14:10.281+0000][info][gc,marking     ] GC(701) Concurrent Mark
[2024-08-28T01:14:10.281+0000][info][gc,marking     ] GC(701) Concurrent Mark From Roots
[2024-08-28T01:14:10.281+0000][info][gc,task        ] GC(701) Using 17 workers of 17 for marking
[2024-08-28T01:14:10.304+0000][info][gc,marking     ] GC(701) Concurrent Mark From Roots 22.811ms
[2024-08-28T01:14:10.304+0000][info][gc,marking     ] GC(701) Concurrent Preclean
[2024-08-28T01:14:10.305+0000][info][gc,marking     ] GC(701) Concurrent Preclean 0.670ms
[2024-08-28T01:14:10.305+0000][info][gc,start       ] GC(701) Pause Remark
[2024-08-28T01:14:10.307+0000][info][gc             ] GC(701) Pause Remark 940M->940M(1024M) 2.051ms
[2024-08-28T01:14:10.307+0000][info][gc,cpu         ] GC(701) User=0.00s Sys=0.01s Real=0.00s
[2024-08-28T01:14:10.307+0000][info][gc,marking     ] GC(701) Concurrent Mark 26.091ms
[2024-08-28T01:14:10.307+0000][info][gc,marking     ] GC(701) Concurrent Rebuild Remembered Sets
[2024-08-28T01:14:10.311+0000][info][gc,start       ] GC(702) Pause Young (Normal) (G1 Evacuation Pause)
[2024-08-28T01:14:10.311+0000][info][gc,task        ] GC(702) Using 24 workers of 68 for evacuation
[2024-08-28T01:14:10.322+0000][info][gc,phases      ] GC(702)   Pre Evacuate Collection Set: 0.2ms
[2024-08-28T01:14:10.322+0000][info][gc,phases      ] GC(702)   Merge Heap Roots: 0.6ms
[2024-08-28T01:14:10.322+0000][info][gc,phases      ] GC(702)   Evacuate Collection Set: 9.3ms
[2024-08-28T01:14:10.322+0000][info][gc,phases      ] GC(702)   Post Evacuate Collection Set: 0.5ms
[2024-08-28T01:14:10.322+0000][info][gc,phases      ] GC(702)   Other: 0.3ms
[2024-08-28T01:14:10.322+0000][info][gc,heap        ] GC(702) Eden regions: 44->0(44)
[2024-08-28T01:14:10.322+0000][info][gc,heap        ] GC(702) Survivor regions: 7->7(7)
[2024-08-28T01:14:10.322+0000][info][gc,heap        ] GC(702) Old regions: 895->942
[2024-08-28T01:14:10.322+0000][info][gc,heap        ] GC(702) Archive regions: 2->2
[2024-08-28T01:14:10.322+0000][info][gc,heap        ] GC(702) Humongous regions: 5->5
[2024-08-28T01:14:10.322+0000][info][gc,metaspace   ] GC(702) Metaspace: 100K(320K)->100K(320K) NonClass: 96K(192K)->96K(192K) Class: 4K(128K)->4K(128K)
[2024-08-28T01:14:10.322+0000][info][gc             ] GC(702) Pause Young (Normal) (G1 Evacuation Pause) 945M->948M(1024M) 11.103ms
[2024-08-28T01:14:10.322+0000][info][gc,cpu         ] GC(702) User=0.24s Sys=0.01s Real=0.01s
[2024-08-28T01:14:10.337+0000][info][gc,start       ] GC(703) Pause Young (Normal) (G1 Preventive Collection)
[2024-08-28T01:14:10.337+0000][info][gc,task        ] GC(703) Using 24 workers of 68 for evacuation
[2024-08-28T01:14:10.351+0000][info][gc,phases      ] GC(703)   Pre Evacuate Collection Set: 0.2ms
[2024-08-28T01:14:10.351+0000][info][gc,phases      ] GC(703)   Merge Heap Roots: 0.8ms
[2024-08-28T01:14:10.351+0000][info][gc,phases      ] GC(703)   Evacuate Collection Set: 11.7ms
[2024-08-28T01:14:10.351+0000][info][gc,phases      ] GC(703)   Post Evacuate Collection Set: 0.5ms
[2024-08-28T01:14:10.351+0000][info][gc,phases      ] GC(703)   Other: 0.3ms
[2024-08-28T01:14:10.351+0000][info][gc,heap        ] GC(703) Eden regions: 29->0(44)
[2024-08-28T01:14:10.351+0000][info][gc,heap        ] GC(703) Survivor regions: 7->7(7)
[2024-08-28T01:14:10.351+0000][info][gc,heap        ] GC(703) Old regions: 942->974
[2024-08-28T01:14:10.351+0000][info][gc,heap        ] GC(703) Archive regions: 2->2
[2024-08-28T01:14:10.351+0000][info][gc,heap        ] GC(703) Humongous regions: 5->5
[2024-08-28T01:14:10.351+0000][info][gc,metaspace   ] GC(703) Metaspace: 100K(320K)->100K(320K) NonClass: 96K(192K)->96K(192K) Class: 4K(128K)->4K(128K)
[2024-08-28T01:14:10.351+0000][info][gc             ] GC(703) Pause Young (Normal) (G1 Preventive Collection) 977M->980M(1024M) 13.599ms
[2024-08-28T01:14:10.351+0000][info][gc,cpu         ] GC(703) User=0.29s Sys=0.00s Real=0.02s
[2024-08-28T01:14:10.358+0000][info][gc,start       ] GC(704) Pause Young (Normal) (G1 Preventive Collection)
[2024-08-28T01:14:10.358+0000][info][gc,task        ] GC(704) Using 24 workers of 68 for evacuation
[2024-08-28T01:14:10.368+0000][info][gc,phases      ] GC(704)   Pre Evacuate Collection Set: 0.2ms
[2024-08-28T01:14:10.368+0000][info][gc,phases      ] GC(704)   Merge Heap Roots: 0.5ms
[2024-08-28T01:14:10.368+0000][info][gc,phases      ] GC(704)   Evacuate Collection Set: 8.9ms
[2024-08-28T01:14:10.368+0000][info][gc,phases      ] GC(704)   Post Evacuate Collection Set: 0.5ms
[2024-08-28T01:14:10.368+0000][info][gc,phases      ] GC(704)   Other: 0.2ms
[2024-08-28T01:14:10.368+0000][info][gc,heap        ] GC(704) Eden regions: 13->0(44)
[2024-08-28T01:14:10.368+0000][info][gc,heap        ] GC(704) Survivor regions: 7->7(7)
[2024-08-28T01:14:10.368+0000][info][gc,heap        ] GC(704) Old regions: 974->990
[2024-08-28T01:14:10.368+0000][info][gc,heap        ] GC(704) Archive regions: 2->2
[2024-08-28T01:14:10.368+0000][info][gc,heap        ] GC(704) Humongous regions: 5->5
[2024-08-28T01:14:10.368+0000][info][gc,metaspace   ] GC(704) Metaspace: 100K(320K)->100K(320K) NonClass: 96K(192K)->96K(192K) Class: 4K(128K)->4K(128K)
[2024-08-28T01:14:10.368+0000][info][gc             ] GC(704) Pause Young (Normal) (G1 Preventive Collection) 993M->996M(1024M) 10.428ms
[2024-08-28T01:14:10.368+0000][info][gc,cpu         ] GC(704) User=0.23s Sys=0.00s Real=0.00s
[2024-08-28T01:14:10.371+0000][info][gc,start       ] GC(705) Pause Young (Normal) (G1 Preventive Collection)
[2024-08-28T01:14:10.371+0000][info][gc,task        ] GC(705) Using 24 workers of 68 for evacuation
[2024-08-28T01:14:10.379+0000][info][gc             ] GC(705) To-space exhausted
[2024-08-28T01:14:10.379+0000][info][gc,phases      ] GC(705)   Pre Evacuate Collection Set: 0.1ms
[2024-08-28T01:14:10.379+0000][info][gc,phases      ] GC(705)   Merge Heap Roots: 0.5ms
[2024-08-28T01:14:10.379+0000][info][gc,phases      ] GC(705)   Evacuate Collection Set: 6.4ms
[2024-08-28T01:14:10.379+0000][info][gc,phases      ] GC(705)   Post Evacuate Collection Set: 0.6ms
[2024-08-28T01:14:10.379+0000][info][gc,phases      ] GC(705)   Other: 0.2ms
[2024-08-28T01:14:10.379+0000][info][gc,heap        ] GC(705) Eden regions: 5->0(45)
[2024-08-28T01:14:10.379+0000][info][gc,heap        ] GC(705) Survivor regions: 7->6(7)
[2024-08-28T01:14:10.379+0000][info][gc,heap        ] GC(705) Old regions: 990->1004
[2024-08-28T01:14:10.379+0000][info][gc,heap        ] GC(705) Archive regions: 2->2
[2024-08-28T01:14:10.379+0000][info][gc,heap        ] GC(705) Humongous regions: 5->5
[2024-08-28T01:14:10.379+0000][info][gc,metaspace   ] GC(705) Metaspace: 100K(320K)->100K(320K) NonClass: 96K(192K)->96K(192K) Class: 4K(128K)->4K(128K)
[2024-08-28T01:14:10.379+0000][info][gc             ] GC(705) Pause Young (Normal) (G1 Preventive Collection) 1001M->1009M(1024M) 8.043ms
[2024-08-28T01:14:10.379+0000][info][gc,cpu         ] GC(705) User=0.18s Sys=0.00s Real=0.01s
[2024-08-28T01:14:10.380+0000][info][gc,start       ] GC(706) Pause Young (Normal) (G1 Preventive Collection)
[2024-08-28T01:14:10.380+0000][info][gc,task        ] GC(706) Using 24 workers of 68 for evacuation
[2024-08-28T01:14:10.387+0000][info][gc             ] GC(706) To-space exhausted
[2024-08-28T01:14:10.387+0000][info][gc,phases      ] GC(706)   Pre Evacuate Collection Set: 0.1ms
[2024-08-28T01:14:10.387+0000][info][gc,phases      ] GC(706)   Merge Heap Roots: 0.5ms
[2024-08-28T01:14:10.387+0000][info][gc,phases      ] GC(706)   Evacuate Collection Set: 5.1ms
[2024-08-28T01:14:10.387+0000][info][gc,phases      ] GC(706)   Post Evacuate Collection Set: 0.7ms
[2024-08-28T01:14:10.387+0000][info][gc,phases      ] GC(706)   Other: 0.2ms
[2024-08-28T01:14:10.387+0000][info][gc,heap        ] GC(706) Eden regions: 1->0(50)
[2024-08-28T01:14:10.387+0000][info][gc,heap        ] GC(706) Survivor regions: 6->1(6)
[2024-08-28T01:14:10.387+0000][info][gc,heap        ] GC(706) Old regions: 1004->1016
[2024-08-28T01:14:10.387+0000][info][gc,heap        ] GC(706) Archive regions: 2->2
[2024-08-28T01:14:10.387+0000][info][gc,heap        ] GC(706) Humongous regions: 5->5
[2024-08-28T01:14:10.387+0000][info][gc,metaspace   ] GC(706) Metaspace: 100K(320K)->100K(320K) NonClass: 96K(192K)->96K(192K) Class: 4K(128K)->4K(128K)
[2024-08-28T01:14:10.387+0000][info][gc             ] GC(706) Pause Young (Normal) (G1 Preventive Collection) 1010M->1016M(1024M) 6.838ms
[2024-08-28T01:14:10.387+0000][info][gc,cpu         ] GC(706) User=0.14s Sys=0.00s Real=0.00s
[2024-08-28T01:14:10.387+0000][info][gc,ergo        ] Attempting full compaction
[2024-08-28T01:14:10.387+0000][info][gc,task        ] GC(707) Using 24 workers of 68 for full compaction
[2024-08-28T01:14:10.387+0000][info][gc,start       ] GC(707) Pause Full (G1 Compaction Pause)
[2024-08-28T01:14:10.388+0000][info][gc,phases,start] GC(707) Phase 1: Mark live objects
[2024-08-28T01:14:10.403+0000][info][gc,phases      ] GC(707) Phase 1: Mark live objects 14.626ms
[2024-08-28T01:14:10.403+0000][info][gc,phases,start] GC(707) Phase 2: Prepare for compaction
[2024-08-28T01:14:10.411+0000][info][gc,phases      ] GC(707) Phase 2: Prepare for compaction 8.603ms
[2024-08-28T01:14:10.411+0000][info][gc,phases,start] GC(707) Phase 3: Adjust pointers
[2024-08-28T01:14:10.425+0000][info][gc,phases      ] GC(707) Phase 3: Adjust pointers 13.628ms
[2024-08-28T01:14:10.425+0000][info][gc,phases,start] GC(707) Phase 4: Compact heap
[2024-08-28T01:14:10.454+0000][info][gc,phases      ] GC(707) Phase 4: Compact heap 28.715ms
[2024-08-28T01:14:10.455+0000][info][gc,heap        ] GC(707) Eden regions: 0->0(149)
[2024-08-28T01:14:10.455+0000][info][gc,heap        ] GC(707) Survivor regions: 1->0(6)
[2024-08-28T01:14:10.455+0000][info][gc,heap        ] GC(707) Old regions: 1016->445
[2024-08-28T01:14:10.455+0000][info][gc,heap        ] GC(707) Archive regions: 2->2
[2024-08-28T01:14:10.455+0000][info][gc,heap        ] GC(707) Humongous regions: 5->5
[2024-08-28T01:14:10.455+0000][info][gc,metaspace   ] GC(707) Metaspace: 100K(320K)->100K(320K) NonClass: 96K(192K)->96K(192K) Class: 4K(128K)->4K(128K)
[2024-08-28T01:14:10.455+0000][info][gc             ] GC(707) Pause Full (G1 Compaction Pause) 1016M->436M(1024M) 67.515ms
[2024-08-28T01:14:10.455+0000][info][gc,cpu         ] GC(707) User=1.47s Sys=0.00s Real=0.07s
[2024-08-28T01:14:10.455+0000][info][gc,marking     ] GC(701) Concurrent Rebuild Remembered Sets 147.904ms
[2024-08-28T01:14:10.455+0000][info][gc,marking     ] GC(701) Concurrent Mark Abort
[2024-08-28T01:14:10.455+0000][info][gc             ] GC(701) Concurrent Mark Cycle 175.670ms
[2024-08-28T01:14:10.526+0000][info][gc,start       ] GC(708) Pause Young (Normal) (G1 Evacuation Pause)
[2024-08-28T01:14:10.526+0000][info][gc,task        ] GC(708) Using 24 workers of 68 for evacuation
[2024-08-28T01:14:10.548+0000][info][gc,phases      ] GC(708)   Pre Evacuate Collection Set: 0.1ms
[2024-08-28T01:14:10.548+0000][info][gc,phases      ] GC(708)   Merge Heap Roots: 0.4ms
[2024-08-28T01:14:10.548+0000][info][gc,phases      ] GC(708)   Evacuate Collection Set: 20.2ms
[2024-08-28T01:14:10.548+0000][info][gc,phases      ] GC(708)   Post Evacuate Collection Set: 0.3ms
[2024-08-28T01:14:10.548+0000][info][gc,phases      ] GC(708)   Other: 0.2ms
[2024-08-28T01:14:10.548+0000][info][gc,heap        ] GC(708) Eden regions: 149->0(103)
[2024-08-28T01:14:10.548+0000][info][gc,heap        ] GC(708) Survivor regions: 0->19(19)
[2024-08-28T01:14:10.548+0000][info][gc,heap        ] GC(708) Old regions: 445->570
[2024-08-28T01:14:10.548+0000][info][gc,heap        ] GC(708) Archive regions: 2->2
[2024-08-28T01:14:10.548+0000][info][gc,heap        ] GC(708) Humongous regions: 5->5
[2024-08-28T01:14:10.548+0000][info][gc,metaspace   ] GC(708) Metaspace: 100K(320K)->100K(320K) NonClass: 96K(192K)->96K(192K) Class: 4K(128K)->4K(128K)
[2024-08-28T01:14:10.548+0000][info][gc             ] GC(708) Pause Young (Normal) (G1 Evacuation Pause) 585M->580M(1024M) 21.266ms
[2024-08-28T01:14:10.548+0000][info][gc,cpu         ] GC(708) User=0.49s Sys=0.00s Real=0.02s
[2024-08-28T01:14:10.596+0000][info][gc,start       ] GC(709) Pause Young (Concurrent Start) (G1 Evacuation Pause)
[2024-08-28T01:14:10.596+0000][info][gc,task        ] GC(709) Using 24 workers of 68 for evacuation
[2024-08-28T01:14:10.614+0000][info][gc,phases      ] GC(709)   Pre Evacuate Collection Set: 0.2ms
[2024-08-28T01:14:10.614+0000][info][gc,phases      ] GC(709)   Merge Heap Roots: 0.4ms
[2024-08-28T01:14:10.614+0000][info][gc,phases      ] GC(709)   Evacuate Collection Set: 17.3ms
[2024-08-28T01:14:10.614+0000][info][gc,phases      ] GC(709)   Post Evacuate Collection Set: 0.3ms
[2024-08-28T01:14:10.614+0000][info][gc,phases      ] GC(709)   Other: 0.5ms
[2024-08-28T01:14:10.614+0000][info][gc,heap        ] GC(709) Eden regions: 103->0(69)
[2024-08-28T01:14:10.614+0000][info][gc,heap        ] GC(709) Survivor regions: 19->16(16)
[2024-08-28T01:14:10.614+0000][info][gc,heap        ] GC(709) Old regions: 570->678
[2024-08-28T01:14:10.614+0000][info][gc,heap        ] GC(709) Archive regions: 2->2
[2024-08-28T01:14:10.614+0000][info][gc,heap        ] GC(709) Humongous regions: 5->5
[2024-08-28T01:14:10.614+0000][info][gc,metaspace   ] GC(709) Metaspace: 100K(320K)->100K(320K) NonClass: 96K(192K)->96K(192K) Class: 4K(128K)->4K(128K)
[2024-08-28T01:14:10.615+0000][info][gc             ] GC(709) Pause Young (Concurrent Start) (G1 Evacuation Pause) 683M->685M(1024M) 18.680ms
[2024-08-28T01:14:10.615+0000][info][gc,cpu         ] GC(709) User=0.43s Sys=0.00s Real=0.02s
[2024-08-28T01:14:10.615+0000][info][gc             ] GC(710) Concurrent Mark Cycle
[2024-08-28T01:14:10.615+0000][info][gc,marking     ] GC(710) Concurrent Clear Claimed Marks
[2024-08-28T01:14:10.615+0000][info][gc,marking     ] GC(710) Concurrent Clear Claimed Marks 0.016ms
[2024-08-28T01:14:10.615+0000][info][gc,marking     ] GC(710) Concurrent Scan Root Regions
[2024-08-28T01:14:10.618+0000][info][gc,marking     ] GC(710) Concurrent Scan Root Regions 3.360ms
[2024-08-28T01:14:10.618+0000][info][gc,marking     ] GC(710) Concurrent Mark
[2024-08-28T01:14:10.618+0000][info][gc,marking     ] GC(710) Concurrent Mark From Roots
[2024-08-28T01:14:10.618+0000][info][gc,task        ] GC(710) Using 17 workers of 17 for marking
[2024-08-28T01:14:10.639+0000][info][gc,marking     ] GC(710) Concurrent Mark From Roots 20.671ms
[2024-08-28T01:14:10.639+0000][info][gc,marking     ] GC(710) Concurrent Preclean
[2024-08-28T01:14:10.640+0000][info][gc,marking     ] GC(710) Concurrent Preclean 0.756ms
[2024-08-28T01:14:10.640+0000][info][gc,start       ] GC(710) Pause Remark
[2024-08-28T01:14:10.641+0000][info][gc             ] GC(710) Pause Remark 725M->725M(1024M) 1.057ms
[2024-08-28T01:14:10.641+0000][info][gc,cpu         ] GC(710) User=0.00s Sys=0.00s Real=0.00s
[2024-08-28T01:14:10.641+0000][info][gc,marking     ] GC(710) Concurrent Mark 22.913ms
[2024-08-28T01:14:10.641+0000][info][gc,marking     ] GC(710) Concurrent Rebuild Remembered Sets
[2024-08-28T01:14:10.655+0000][info][gc,start       ] GC(711) Pause Young (Normal) (G1 Evacuation Pause)
[2024-08-28T01:14:10.655+0000][info][gc,task        ] GC(711) Using 24 workers of 68 for evacuation
[2024-08-28T01:14:10.670+0000][info][gc,phases      ] GC(711)   Pre Evacuate Collection Set: 0.1ms
[2024-08-28T01:14:10.670+0000][info][gc,phases      ] GC(711)   Merge Heap Roots: 0.4ms
[2024-08-28T01:14:10.670+0000][info][gc,phases      ] GC(711)   Evacuate Collection Set: 14.1ms
[2024-08-28T01:14:10.670+0000][info][gc,phases      ] GC(711)   Post Evacuate Collection Set: 0.5ms
[2024-08-28T01:14:10.670+0000][info][gc,phases      ] GC(711)   Other: 0.2ms
[2024-08-28T01:14:10.670+0000][info][gc,heap        ] GC(711) Eden regions: 69->0(46)
[2024-08-28T01:14:10.670+0000][info][gc,heap        ] GC(711) Survivor regions: 16->11(11)
[2024-08-28T01:14:10.670+0000][info][gc,heap        ] GC(711) Old regions: 678->754
[2024-08-28T01:14:10.670+0000][info][gc,heap        ] GC(711) Archive regions: 2->2
[2024-08-28T01:14:10.670+0000][info][gc,heap        ] GC(711) Humongous regions: 5->5
[2024-08-28T01:14:10.670+0000][info][gc,metaspace   ] GC(711) Metaspace: 100K(320K)->100K(320K) NonClass: 96K(192K)->96K(192K) Class: 4K(128K)->4K(128K)
[2024-08-28T01:14:10.670+0000][info][gc             ] GC(711) Pause Young (Normal) (G1 Evacuation Pause) 754M->756M(1024M) 15.335ms
[2024-08-28T01:14:10.670+0000][info][gc,cpu         ] GC(711) User=0.35s Sys=0.00s Real=0.02s
[2024-08-28T01:14:10.691+0000][info][gc,start       ] GC(712) Pause Young (Normal) (G1 Evacuation Pause)
[2024-08-28T01:14:10.691+0000][info][gc,task        ] GC(712) Using 24 workers of 68 for evacuation
[2024-08-28T01:14:10.710+0000][info][gc,phases      ] GC(712)   Pre Evacuate Collection Set: 0.1ms
[2024-08-28T01:14:10.710+0000][info][gc,phases      ] GC(712)   Merge Heap Roots: 0.5ms
[2024-08-28T01:14:10.710+0000][info][gc,phases      ] GC(712)   Evacuate Collection Set: 17.5ms
[2024-08-28T01:14:10.710+0000][info][gc,phases      ] GC(712)   Post Evacuate Collection Set: 0.6ms
[2024-08-28T01:14:10.710+0000][info][gc,phases      ] GC(712)   Other: 0.2ms
[2024-08-28T01:14:10.710+0000][info][gc,heap        ] GC(712) Eden regions: 46->0(43)
[2024-08-28T01:14:10.710+0000][info][gc,heap        ] GC(712) Survivor regions: 11->8(8)
[2024-08-28T01:14:10.710+0000][info][gc,heap        ] GC(712) Old regions: 754->807
[2024-08-28T01:14:10.710+0000][info][gc,heap        ] GC(712) Archive regions: 2->2
[2024-08-28T01:14:10.710+0000][info][gc,heap        ] GC(712) Humongous regions: 5->5
[2024-08-28T01:14:10.710+0000][info][gc,metaspace   ] GC(712) Metaspace: 100K(320K)->100K(320K) NonClass: 96K(192K)->96K(192K) Class: 4K(128K)->4K(128K)
[2024-08-28T01:14:10.710+0000][info][gc             ] GC(712) Pause Young (Normal) (G1 Evacuation Pause) 802M->806M(1024M) 18.946ms
[2024-08-28T01:14:10.710+0000][info][gc,cpu         ] GC(712) User=0.44s Sys=0.00s Real=0.02s
[2024-08-28T01:14:10.725+0000][info][gc,marking     ] GC(710) Concurrent Rebuild Remembered Sets 83.558ms
[2024-08-28T01:14:10.725+0000][info][gc,start       ] GC(710) Pause Cleanup
[2024-08-28T01:14:10.726+0000][info][gc             ] GC(710) Pause Cleanup 837M->837M(1024M) 0.861ms
[2024-08-28T01:14:10.726+0000][info][gc,cpu         ] GC(710) User=0.01s Sys=0.00s Real=0.00s
[2024-08-28T01:14:10.726+0000][info][gc,marking     ] GC(710) Concurrent Cleanup for Next Mark
[2024-08-28T01:14:10.726+0000][info][gc,marking     ] GC(710) Concurrent Cleanup for Next Mark 0.589ms
[2024-08-28T01:14:10.726+0000][info][gc             ] GC(710) Concurrent Mark Cycle 111.802ms
[2024-08-28T01:14:10.732+0000][info][gc,start       ] GC(713) Pause Young (Prepare Mixed) (G1 Evacuation Pause)
[2024-08-28T01:14:10.732+0000][info][gc,task        ] GC(713) Using 24 workers of 68 for evacuation
[2024-08-28T01:14:10.750+0000][info][gc,phases      ] GC(713)   Pre Evacuate Collection Set: 0.1ms
[2024-08-28T01:14:10.750+0000][info][gc,phases      ] GC(713)   Merge Heap Roots: 0.5ms
[2024-08-28T01:14:10.750+0000][info][gc,phases      ] GC(713)   Evacuate Collection Set: 16.8ms
[2024-08-28T01:14:10.750+0000][info][gc,phases      ] GC(713)   Post Evacuate Collection Set: 0.3ms
[2024-08-28T01:14:10.750+0000][info][gc,phases      ] GC(713)   Other: 0.2ms
[2024-08-28T01:14:10.750+0000][info][gc,heap        ] GC(713) Eden regions: 43->0(44)
[2024-08-28T01:14:10.750+0000][info][gc,heap        ] GC(713) Survivor regions: 8->7(7)
[2024-08-28T01:14:10.750+0000][info][gc,heap        ] GC(713) Old regions: 807->854
[2024-08-28T01:14:10.750+0000][info][gc,heap        ] GC(713) Archive regions: 2->2
[2024-08-28T01:14:10.750+0000][info][gc,heap        ] GC(713) Humongous regions: 5->5
[2024-08-28T01:14:10.750+0000][info][gc,metaspace   ] GC(713) Metaspace: 100K(320K)->100K(320K) NonClass: 96K(192K)->96K(192K) Class: 4K(128K)->4K(128K)
[2024-08-28T01:14:10.750+0000][info][gc             ] GC(713) Pause Young (Prepare Mixed) (G1 Evacuation Pause) 849M->852M(1024M) 17.941ms
[2024-08-28T01:14:10.750+0000][info][gc,cpu         ] GC(713) User=0.41s Sys=0.01s Real=0.02s
[2024-08-28T01:14:10.770+0000][info][gc,start       ] GC(714) Pause Young (Mixed) (G1 Evacuation Pause)
[2024-08-28T01:14:10.770+0000][info][gc,task        ] GC(714) Using 24 workers of 68 for evacuation
[2024-08-28T01:14:10.781+0000][info][gc,phases      ] GC(714)   Pre Evacuate Collection Set: 0.2ms
[2024-08-28T01:14:10.781+0000][info][gc,phases      ] GC(714)   Merge Heap Roots: 0.4ms
[2024-08-28T01:14:10.781+0000][info][gc,phases      ] GC(714)   Evacuate Collection Set: 10.0ms
[2024-08-28T01:14:10.781+0000][info][gc,phases      ] GC(714)   Post Evacuate Collection Set: 0.3ms
[2024-08-28T01:14:10.781+0000][info][gc,phases      ] GC(714)   Other: 0.2ms
[2024-08-28T01:14:10.781+0000][info][gc,heap        ] GC(714) Eden regions: 44->0(44)
[2024-08-28T01:14:10.781+0000][info][gc,heap        ] GC(714) Survivor regions: 7->7(7)
[2024-08-28T01:14:10.781+0000][info][gc,heap        ] GC(714) Old regions: 854->839
[2024-08-28T01:14:10.781+0000][info][gc,heap        ] GC(714) Archive regions: 2->2
[2024-08-28T01:14:10.781+0000][info][gc,heap        ] GC(714) Humongous regions: 5->5
[2024-08-28T01:14:10.781+0000][info][gc,metaspace   ] GC(714) Metaspace: 100K(320K)->100K(320K) NonClass: 96K(192K)->96K(192K) Class: 4K(128K)->4K(128K)
[2024-08-28T01:14:10.781+0000][info][gc             ] GC(714) Pause Young (Mixed) (G1 Evacuation Pause) 896M->837M(1024M) 11.093ms
[2024-08-28T01:14:10.781+0000][info][gc,cpu         ] GC(714) User=0.24s Sys=0.00s Real=0.01s
[2024-08-28T01:14:10.801+0000][info][gc,start       ] GC(715) Pause Young (Mixed) (G1 Evacuation Pause)
[2024-08-28T01:14:10.801+0000][info][gc,task        ] GC(715) Using 24 workers of 68 for evacuation
[2024-08-28T01:14:10.812+0000][info][gc,phases      ] GC(715)   Pre Evacuate Collection Set: 0.2ms
[2024-08-28T01:14:10.812+0000][info][gc,phases      ] GC(715)   Merge Heap Roots: 0.3ms
[2024-08-28T01:14:10.812+0000][info][gc,phases      ] GC(715)   Evacuate Collection Set: 10.1ms
[2024-08-28T01:14:10.812+0000][info][gc,phases      ] GC(715)   Post Evacuate Collection Set: 0.3ms
[2024-08-28T01:14:10.812+0000][info][gc,phases      ] GC(715)   Other: 0.2ms
[2024-08-28T01:14:10.812+0000][info][gc,heap        ] GC(715) Eden regions: 44->0(44)
[2024-08-28T01:14:10.812+0000][info][gc,heap        ] GC(715) Survivor regions: 7->7(7)
[2024-08-28T01:14:10.812+0000][info][gc,heap        ] GC(715) Old regions: 839->824
[2024-08-28T01:14:10.812+0000][info][gc,heap        ] GC(715) Archive regions: 2->2
[2024-08-28T01:14:10.812+0000][info][gc,heap        ] GC(715) Humongous regions: 5->5
[2024-08-28T01:14:10.812+0000][info][gc,metaspace   ] GC(715) Metaspace: 100K(320K)->100K(320K) NonClass: 96K(192K)->96K(192K) Class: 4K(128K)->4K(128K)
[2024-08-28T01:14:10.812+0000][info][gc             ] GC(715) Pause Young (Mixed) (G1 Evacuation Pause) 881M->822M(1024M) 11.143ms
[2024-08-28T01:14:10.812+0000][info][gc,cpu         ] GC(715) User=0.26s Sys=0.00s Real=0.01s
[2024-08-28T01:14:10.832+0000][info][gc,start       ] GC(716) Pause Young (Mixed) (G1 Evacuation Pause)
[2024-08-28T01:14:10.832+0000][info][gc,task        ] GC(716) Using 24 workers of 68 for evacuation
[2024-08-28T01:14:10.842+0000][info][gc,phases      ] GC(716)   Pre Evacuate Collection Set: 0.2ms
[2024-08-28T01:14:10.843+0000][info][gc,phases      ] GC(716)   Merge Heap Roots: 0.4ms
[2024-08-28T01:14:10.843+0000][info][gc,phases      ] GC(716)   Evacuate Collection Set: 9.9ms
[2024-08-28T01:14:10.843+0000][info][gc,phases      ] GC(716)   Post Evacuate Collection Set: 0.3ms
[2024-08-28T01:14:10.843+0000][info][gc,phases      ] GC(716)   Other: 0.2ms
[2024-08-28T01:14:10.843+0000][info][gc,heap        ] GC(716) Eden regions: 44->0(44)
[2024-08-28T01:14:10.843+0000][info][gc,heap        ] GC(716) Survivor regions: 7->7(7)
[2024-08-28T01:14:10.843+0000][info][gc,heap        ] GC(716) Old regions: 824->811
[2024-08-28T01:14:10.843+0000][info][gc,heap        ] GC(716) Archive regions: 2->2
[2024-08-28T01:14:10.843+0000][info][gc,heap        ] GC(716) Humongous regions: 5->5
[2024-08-28T01:14:10.843+0000][info][gc,metaspace   ] GC(716) Metaspace: 100K(320K)->100K(320K) NonClass: 96K(192K)->96K(192K) Class: 4K(128K)->4K(128K)
[2024-08-28T01:14:10.843+0000][info][gc             ] GC(716) Pause Young (Mixed) (G1 Evacuation Pause) 866M->813M(1024M) 10.968ms
[2024-08-28T01:14:10.843+0000][info][gc,cpu         ] GC(716) User=0.24s Sys=0.00s Real=0.01s
[2024-08-28T01:14:10.862+0000][info][gc,start       ] GC(717) Pause Young (Mixed) (G1 Evacuation Pause)
[2024-08-28T01:14:10.862+0000][info][gc,task        ] GC(717) Using 24 workers of 68 for evacuation
[2024-08-28T01:14:10.872+0000][info][gc,phases      ] GC(717)   Pre Evacuate Collection Set: 0.2ms
[2024-08-28T01:14:10.872+0000][info][gc,phases      ] GC(717)   Merge Heap Roots: 0.3ms
[2024-08-28T01:14:10.872+0000][info][gc,phases      ] GC(717)   Evacuate Collection Set: 9.3ms
[2024-08-28T01:14:10.872+0000][info][gc,phases      ] GC(717)   Post Evacuate Collection Set: 0.3ms
[2024-08-28T01:14:10.872+0000][info][gc,phases      ] GC(717)   Other: 0.2ms
[2024-08-28T01:14:10.872+0000][info][gc,heap        ] GC(717) Eden regions: 44->0(44)
[2024-08-28T01:14:10.872+0000][info][gc,heap        ] GC(717) Survivor regions: 7->7(7)
[2024-08-28T01:14:10.872+0000][info][gc,heap        ] GC(717) Old regions: 811->845
[2024-08-28T01:14:10.872+0000][info][gc,heap        ] GC(717) Archive regions: 2->2
[2024-08-28T01:14:10.872+0000][info][gc,heap        ] GC(717) Humongous regions: 5->5
[2024-08-28T01:14:10.872+0000][info][gc,metaspace   ] GC(717) Metaspace: 100K(320K)->100K(320K) NonClass: 96K(192K)->96K(192K) Class: 4K(128K)->4K(128K)
[2024-08-28T01:14:10.872+0000][info][gc             ] GC(717) Pause Young (Mixed) (G1 Evacuation Pause) 857M->849M(1024M) 10.221ms
[2024-08-28T01:14:10.872+0000][info][gc,cpu         ] GC(717) User=0.23s Sys=0.00s Real=0.01s
[2024-08-28T01:14:10.891+0000][info][gc,start       ] GC(718) Pause Young (Concurrent Start) (G1 Evacuation Pause)
[2024-08-28T01:14:10.891+0000][info][gc,task        ] GC(718) Using 24 workers of 68 for evacuation
[2024-08-28T01:14:10.901+0000][info][gc,phases      ] GC(718)   Pre Evacuate Collection Set: 0.1ms
[2024-08-28T01:14:10.901+0000][info][gc,phases      ] GC(718)   Merge Heap Roots: 0.3ms
[2024-08-28T01:14:10.901+0000][info][gc,phases      ] GC(718)   Evacuate Collection Set: 8.7ms
[2024-08-28T01:14:10.901+0000][info][gc,phases      ] GC(718)   Post Evacuate Collection Set: 0.3ms
[2024-08-28T01:14:10.901+0000][info][gc,phases      ] GC(718)   Other: 0.4ms
[2024-08-28T01:14:10.901+0000][info][gc,heap        ] GC(718) Eden regions: 44->0(44)
[2024-08-28T01:14:10.901+0000][info][gc,heap        ] GC(718) Survivor regions: 7->7(7)
[2024-08-28T01:14:10.901+0000][info][gc,heap        ] GC(718) Old regions: 845->893
[2024-08-28T01:14:10.901+0000][info][gc,heap        ] GC(718) Archive regions: 2->2
[2024-08-28T01:14:10.901+0000][info][gc,heap        ] GC(718) Humongous regions: 5->5
[2024-08-28T01:14:10.901+0000][info][gc,metaspace   ] GC(718) Metaspace: 100K(320K)->100K(320K) NonClass: 96K(192K)->96K(192K) Class: 4K(128K)->4K(128K)
[2024-08-28T01:14:10.901+0000][info][gc             ] GC(718) Pause Young (Concurrent Start) (G1 Evacuation Pause) 893M->896M(1024M) 9.919ms
[2024-08-28T01:14:10.901+0000][info][gc,cpu         ] GC(718) User=0.22s Sys=0.00s Real=0.01s
[2024-08-28T01:14:10.901+0000][info][gc             ] GC(719) Concurrent Mark Cycle
[2024-08-28T01:14:10.901+0000][info][gc,marking     ] GC(719) Concurrent Clear Claimed Marks
[2024-08-28T01:14:10.902+0000][info][gc,marking     ] GC(719) Concurrent Clear Claimed Marks 0.025ms
[2024-08-28T01:14:10.902+0000][info][gc,marking     ] GC(719) Concurrent Scan Root Regions
[2024-08-28T01:14:10.903+0000][info][gc,marking     ] GC(719) Concurrent Scan Root Regions 1.474ms
[2024-08-28T01:14:10.903+0000][info][gc,marking     ] GC(719) Concurrent Mark
[2024-08-28T01:14:10.903+0000][info][gc,marking     ] GC(719) Concurrent Mark From Roots
[2024-08-28T01:14:10.903+0000][info][gc,task        ] GC(719) Using 17 workers of 17 for marking
[2024-08-28T01:14:10.926+0000][info][gc,marking     ] GC(719) Concurrent Mark From Roots 23.222ms
[2024-08-28T01:14:10.926+0000][info][gc,marking     ] GC(719) Concurrent Preclean
[2024-08-28T01:14:10.927+0000][info][gc,marking     ] GC(719) Concurrent Preclean 0.976ms
[2024-08-28T01:14:10.928+0000][info][gc,start       ] GC(719) Pause Remark
[2024-08-28T01:14:10.929+0000][info][gc             ] GC(719) Pause Remark 939M->939M(1024M) 1.225ms
[2024-08-28T01:14:10.929+0000][info][gc,cpu         ] GC(719) User=0.01s Sys=0.00s Real=0.00s
[2024-08-28T01:14:10.929+0000][info][gc,marking     ] GC(719) Concurrent Mark 25.919ms
[2024-08-28T01:14:10.929+0000][info][gc,marking     ] GC(719) Concurrent Rebuild Remembered Sets
[2024-08-28T01:14:10.930+0000][info][gc,start       ] GC(720) Pause Young (Normal) (G1 Evacuation Pause)
[2024-08-28T01:14:10.930+0000][info][gc,task        ] GC(720) Using 24 workers of 68 for evacuation
[2024-08-28T01:14:10.940+0000][info][gc,phases      ] GC(720)   Pre Evacuate Collection Set: 0.1ms
[2024-08-28T01:14:10.940+0000][info][gc,phases      ] GC(720)   Merge Heap Roots: 0.4ms
[2024-08-28T01:14:10.940+0000][info][gc,phases      ] GC(720)   Evacuate Collection Set: 8.8ms
[2024-08-28T01:14:10.940+0000][info][gc,phases      ] GC(720)   Post Evacuate Collection Set: 0.4ms
[2024-08-28T01:14:10.940+0000][info][gc,phases      ] GC(720)   Other: 0.1ms
[2024-08-28T01:14:10.940+0000][info][gc,heap        ] GC(720) Eden regions: 44->0(44)
[2024-08-28T01:14:10.940+0000][info][gc,heap        ] GC(720) Survivor regions: 7->7(7)
[2024-08-28T01:14:10.940+0000][info][gc,heap        ] GC(720) Old regions: 893->939
[2024-08-28T01:14:10.940+0000][info][gc,heap        ] GC(720) Archive regions: 2->2
[2024-08-28T01:14:10.940+0000][info][gc,heap        ] GC(720) Humongous regions: 5->5
[2024-08-28T01:14:10.940+0000][info][gc,metaspace   ] GC(720) Metaspace: 100K(320K)->100K(320K) NonClass: 96K(192K)->96K(192K) Class: 4K(128K)->4K(128K)
[2024-08-28T01:14:10.940+0000][info][gc             ] GC(720) Pause Young (Normal) (G1 Evacuation Pause) 940M->942M(1024M) 9.865ms
[2024-08-28T01:14:10.940+0000][info][gc,cpu         ] GC(720) User=0.22s Sys=0.00s Real=0.01s
[2024-08-28T01:14:10.954+0000][info][gc,start       ] GC(721) Pause Young (Normal) (G1 Preventive Collection)
[2024-08-28T01:14:10.954+0000][info][gc,task        ] GC(721) Using 24 workers of 68 for evacuation
[2024-08-28T01:14:10.965+0000][info][gc,phases      ] GC(721)   Pre Evacuate Collection Set: 0.1ms
[2024-08-28T01:14:10.965+0000][info][gc,phases      ] GC(721)   Merge Heap Roots: 0.3ms
[2024-08-28T01:14:10.965+0000][info][gc,phases      ] GC(721)   Evacuate Collection Set: 10.4ms
[2024-08-28T01:14:10.965+0000][info][gc,phases      ] GC(721)   Post Evacuate Collection Set: 0.5ms
[2024-08-28T01:14:10.965+0000][info][gc,phases      ] GC(721)   Other: 0.1ms
[2024-08-28T01:14:10.965+0000][info][gc,heap        ] GC(721) Eden regions: 30->0(44)
[2024-08-28T01:14:10.965+0000][info][gc,heap        ] GC(721) Survivor regions: 7->7(7)
[2024-08-28T01:14:10.965+0000][info][gc,heap        ] GC(721) Old regions: 939->972
[2024-08-28T01:14:10.965+0000][info][gc,heap        ] GC(721) Archive regions: 2->2
[2024-08-28T01:14:10.965+0000][info][gc,heap        ] GC(721) Humongous regions: 5->5
[2024-08-28T01:14:10.965+0000][info][gc,metaspace   ] GC(721) Metaspace: 100K(320K)->100K(320K) NonClass: 96K(192K)->96K(192K) Class: 4K(128K)->4K(128K)
[2024-08-28T01:14:10.966+0000][info][gc             ] GC(721) Pause Young (Normal) (G1 Preventive Collection) 972M->976M(1024M) 11.596ms
[2024-08-28T01:14:10.966+0000][info][gc,cpu         ] GC(721) User=0.26s Sys=0.00s Real=0.01s
[2024-08-28T01:14:10.972+0000][info][gc,start       ] GC(722) Pause Young (Normal) (G1 Preventive Collection)
[2024-08-28T01:14:10.972+0000][info][gc,task        ] GC(722) Using 24 workers of 68 for evacuation
[2024-08-28T01:14:10.982+0000][info][gc,phases      ] GC(722)   Pre Evacuate Collection Set: 0.1ms
[2024-08-28T01:14:10.982+0000][info][gc,phases      ] GC(722)   Merge Heap Roots: 0.5ms
[2024-08-28T01:14:10.982+0000][info][gc,phases      ] GC(722)   Evacuate Collection Set: 8.3ms
[2024-08-28T01:14:10.982+0000][info][gc,phases      ] GC(722)   Post Evacuate Collection Set: 0.5ms
[2024-08-28T01:14:10.982+0000][info][gc,phases      ] GC(722)   Other: 0.1ms
[2024-08-28T01:14:10.982+0000][info][gc,heap        ] GC(722) Eden regions: 14->0(44)
[2024-08-28T01:14:10.982+0000][info][gc,heap        ] GC(722) Survivor regions: 7->7(7)
[2024-08-28T01:14:10.982+0000][info][gc,heap        ] GC(722) Old regions: 972->989
[2024-08-28T01:14:10.982+0000][info][gc,heap        ] GC(722) Archive regions: 2->2
[2024-08-28T01:14:10.982+0000][info][gc,heap        ] GC(722) Humongous regions: 5->5
[2024-08-28T01:14:10.982+0000][info][gc,metaspace   ] GC(722) Metaspace: 100K(320K)->100K(320K) NonClass: 96K(192K)->96K(192K) Class: 4K(128K)->4K(128K)
[2024-08-28T01:14:10.982+0000][info][gc             ] GC(722) Pause Young (Normal) (G1 Preventive Collection) 990M->992M(1024M) 9.613ms
[2024-08-28T01:14:10.982+0000][info][gc,cpu         ] GC(722) User=0.22s Sys=0.00s Real=0.01s
[2024-08-28T01:14:10.985+0000][info][gc,start       ] GC(723) Pause Young (Normal) (G1 Preventive Collection)
[2024-08-28T01:14:10.985+0000][info][gc,task        ] GC(723) Using 24 workers of 68 for evacuation
[2024-08-28T01:14:10.992+0000][info][gc,phases      ] GC(723)   Pre Evacuate Collection Set: 0.1ms
[2024-08-28T01:14:10.992+0000][info][gc,phases      ] GC(723)   Merge Heap Roots: 0.4ms
[2024-08-28T01:14:10.992+0000][info][gc,phases      ] GC(723)   Evacuate Collection Set: 6.2ms
[2024-08-28T01:14:10.992+0000][info][gc,phases      ] GC(723)   Post Evacuate Collection Set: 0.5ms
[2024-08-28T01:14:10.992+0000][info][gc,phases      ] GC(723)   Other: 0.1ms
[2024-08-28T01:14:10.992+0000][info][gc,heap        ] GC(723) Eden regions: 6->0(45)
[2024-08-28T01:14:10.992+0000][info][gc,heap        ] GC(723) Survivor regions: 7->6(7)
[2024-08-28T01:14:10.992+0000][info][gc,heap        ] GC(723) Old regions: 989->998
[2024-08-28T01:14:10.992+0000][info][gc,heap        ] GC(723) Archive regions: 2->2
[2024-08-28T01:14:10.992+0000][info][gc,heap        ] GC(723) Humongous regions: 5->5
[2024-08-28T01:14:10.992+0000][info][gc,metaspace   ] GC(723) Metaspace: 100K(320K)->100K(320K) NonClass: 96K(192K)->96K(192K) Class: 4K(128K)->4K(128K)
[2024-08-28T01:14:10.992+0000][info][gc             ] GC(723) Pause Young (Normal) (G1 Preventive Collection) 998M->1001M(1024M) 7.344ms
[2024-08-28T01:14:10.992+0000][info][gc,cpu         ] GC(723) User=0.16s Sys=0.00s Real=0.01s
[2024-08-28T01:14:10.994+0000][info][gc,start       ] GC(724) Pause Young (Normal) (G1 Preventive Collection)
[2024-08-28T01:14:10.994+0000][info][gc,task        ] GC(724) Using 24 workers of 68 for evacuation
[2024-08-28T01:14:11.001+0000][info][gc,phases      ] GC(724)   Pre Evacuate Collection Set: 0.1ms
[2024-08-28T01:14:11.001+0000][info][gc,phases      ] GC(724)   Merge Heap Roots: 0.5ms
[2024-08-28T01:14:11.001+0000][info][gc,phases      ] GC(724)   Evacuate Collection Set: 5.3ms
[2024-08-28T01:14:11.001+0000][info][gc,phases      ] GC(724)   Post Evacuate Collection Set: 0.5ms
[2024-08-28T01:14:11.001+0000][info][gc,phases      ] GC(724)   Other: 0.1ms
[2024-08-28T01:14:11.001+0000][info][gc,heap        ] GC(724) Eden regions: 3->0(48)
[2024-08-28T01:14:11.001+0000][info][gc,heap        ] GC(724) Survivor regions: 6->3(7)
[2024-08-28T01:14:11.001+0000][info][gc,heap        ] GC(724) Old regions: 998->1005
[2024-08-28T01:14:11.001+0000][info][gc,heap        ] GC(724) Archive regions: 2->2
[2024-08-28T01:14:11.001+0000][info][gc,heap        ] GC(724) Humongous regions: 5->5
[2024-08-28T01:14:11.001+0000][info][gc,metaspace   ] GC(724) Metaspace: 100K(320K)->100K(320K) NonClass: 96K(192K)->96K(192K) Class: 4K(128K)->4K(128K)
[2024-08-28T01:14:11.001+0000][info][gc             ] GC(724) Pause Young (Normal) (G1 Preventive Collection) 1004M->1004M(1024M) 6.646ms
[2024-08-28T01:14:11.001+0000][info][gc,cpu         ] GC(724) User=0.15s Sys=0.00s Real=0.01s
[2024-08-28T01:14:11.002+0000][info][gc,start       ] GC(725) Pause Young (Normal) (G1 Preventive Collection)
[2024-08-28T01:14:11.002+0000][info][gc,task        ] GC(725) Using 24 workers of 68 for evacuation
[2024-08-28T01:14:11.008+0000][info][gc,phases      ] GC(725)   Pre Evacuate Collection Set: 0.1ms
[2024-08-28T01:14:11.008+0000][info][gc,phases      ] GC(725)   Merge Heap Roots: 0.4ms
[2024-08-28T01:14:11.008+0000][info][gc,phases      ] GC(725)   Evacuate Collection Set: 4.9ms
[2024-08-28T01:14:11.008+0000][info][gc,phases      ] GC(725)   Post Evacuate Collection Set: 0.5ms
[2024-08-28T01:14:11.008+0000][info][gc,phases      ] GC(725)   Other: 0.1ms
[2024-08-28T01:14:11.008+0000][info][gc,heap        ] GC(725) Eden regions: 2->0(45)
[2024-08-28T01:14:11.008+0000][info][gc,heap        ] GC(725) Survivor regions: 3->6(7)
[2024-08-28T01:14:11.008+0000][info][gc,heap        ] GC(725) Old regions: 1005->1005
[2024-08-28T01:14:11.008+0000][info][gc,heap        ] GC(725) Archive regions: 2->2
[2024-08-28T01:14:11.008+0000][info][gc,heap        ] GC(725) Humongous regions: 5->5
[2024-08-28T01:14:11.008+0000][info][gc,metaspace   ] GC(725) Metaspace: 100K(320K)->100K(320K) NonClass: 96K(192K)->96K(192K) Class: 4K(128K)->4K(128K)
[2024-08-28T01:14:11.008+0000][info][gc             ] GC(725) Pause Young (Normal) (G1 Preventive Collection) 1006M->1007M(1024M) 6.049ms
[2024-08-28T01:14:11.008+0000][info][gc,cpu         ] GC(725) User=0.14s Sys=0.00s Real=0.00s
[2024-08-28T01:14:11.009+0000][info][gc,start       ] GC(726) Pause Young (Normal) (G1 Preventive Collection)
[2024-08-28T01:14:11.009+0000][info][gc,task        ] GC(726) Using 24 workers of 68 for evacuation
[2024-08-28T01:14:11.015+0000][info][gc             ] GC(726) To-space exhausted
[2024-08-28T01:14:11.015+0000][info][gc,phases      ] GC(726)   Pre Evacuate Collection Set: 0.1ms
[2024-08-28T01:14:11.015+0000][info][gc,phases      ] GC(726)   Merge Heap Roots: 0.5ms
[2024-08-28T01:14:11.015+0000][info][gc,phases      ] GC(726)   Evacuate Collection Set: 4.9ms
[2024-08-28T01:14:11.015+0000][info][gc,phases      ] GC(726)   Post Evacuate Collection Set: 0.7ms
[2024-08-28T01:14:11.015+0000][info][gc,phases      ] GC(726)   Other: 0.1ms
[2024-08-28T01:14:11.015+0000][info][gc,heap        ] GC(726) Eden regions: 1->0(49)
[2024-08-28T01:14:11.015+0000][info][gc,heap        ] GC(726) Survivor regions: 6->2(5)
[2024-08-28T01:14:11.015+0000][info][gc,heap        ] GC(726) Old regions: 1005->1014
[2024-08-28T01:14:11.015+0000][info][gc,heap        ] GC(726) Archive regions: 2->2
[2024-08-28T01:14:11.015+0000][info][gc,heap        ] GC(726) Humongous regions: 5->5
[2024-08-28T01:14:11.015+0000][info][gc,metaspace   ] GC(726) Metaspace: 100K(320K)->100K(320K) NonClass: 96K(192K)->96K(192K) Class: 4K(128K)->4K(128K)
[2024-08-28T01:14:11.015+0000][info][gc             ] GC(726) Pause Young (Normal) (G1 Preventive Collection) 1008M->1012M(1024M) 6.407ms
[2024-08-28T01:14:11.015+0000][info][gc,cpu         ] GC(726) User=0.13s Sys=0.00s Real=0.01s
[2024-08-28T01:14:11.016+0000][info][gc,start       ] GC(727) Pause Young (Normal) (G1 Evacuation Pause)
[2024-08-28T01:14:11.016+0000][info][gc,task        ] GC(727) Using 24 workers of 68 for evacuation
[2024-08-28T01:14:11.022+0000][info][gc             ] GC(727) To-space exhausted
[2024-08-28T01:14:11.022+0000][info][gc,phases      ] GC(727)   Pre Evacuate Collection Set: 0.1ms
[2024-08-28T01:14:11.022+0000][info][gc,phases      ] GC(727)   Merge Heap Roots: 0.5ms
[2024-08-28T01:14:11.022+0000][info][gc,phases      ] GC(727)   Evacuate Collection Set: 4.5ms
[2024-08-28T01:14:11.022+0000][info][gc,phases      ] GC(727)   Post Evacuate Collection Set: 0.8ms
[2024-08-28T01:14:11.022+0000][info][gc,phases      ] GC(727)   Other: 0.1ms
[2024-08-28T01:14:11.022+0000][info][gc,heap        ] GC(727) Eden regions: 1->0(51)
[2024-08-28T01:14:11.022+0000][info][gc,heap        ] GC(727) Survivor regions: 2->0(0)
[2024-08-28T01:14:11.022+0000][info][gc,heap        ] GC(727) Old regions: 1014->1017
[2024-08-28T01:14:11.022+0000][info][gc,heap        ] GC(727) Archive regions: 2->2
[2024-08-28T01:14:11.022+0000][info][gc,heap        ] GC(727) Humongous regions: 5->5
[2024-08-28T01:14:11.022+0000][info][gc,metaspace   ] GC(727) Metaspace: 100K(320K)->100K(320K) NonClass: 96K(192K)->96K(192K) Class: 4K(128K)->4K(128K)
[2024-08-28T01:14:11.022+0000][info][gc             ] GC(727) Pause Young (Normal) (G1 Evacuation Pause) 1013M->1013M(1024M) 6.157ms
[2024-08-28T01:14:11.022+0000][info][gc,cpu         ] GC(727) User=0.13s Sys=0.00s Real=0.01s
[2024-08-28T01:14:11.022+0000][info][gc,ergo        ] Attempting full compaction
[2024-08-28T01:14:11.022+0000][info][gc,task        ] GC(728) Using 24 workers of 68 for full compaction
[2024-08-28T01:14:11.022+0000][info][gc,start       ] GC(728) Pause Full (G1 Compaction Pause)
[2024-08-28T01:14:11.023+0000][info][gc,phases,start] GC(728) Phase 1: Mark live objects
[2024-08-28T01:14:11.036+0000][info][gc,phases      ] GC(728) Phase 1: Mark live objects 13.452ms
[2024-08-28T01:14:11.037+0000][info][gc,phases,start] GC(728) Phase 2: Prepare for compaction
[2024-08-28T01:14:11.044+0000][info][gc,phases      ] GC(728) Phase 2: Prepare for compaction 7.981ms
[2024-08-28T01:14:11.045+0000][info][gc,phases,start] GC(728) Phase 3: Adjust pointers
[2024-08-28T01:14:11.059+0000][info][gc,phases      ] GC(728) Phase 3: Adjust pointers 14.696ms
[2024-08-28T01:14:11.059+0000][info][gc,phases,start] GC(728) Phase 4: Compact heap
[2024-08-28T01:14:11.089+0000][info][gc,phases      ] GC(728) Phase 4: Compact heap 29.490ms
[2024-08-28T01:14:11.090+0000][info][gc,heap        ] GC(728) Eden regions: 0->0(150)
[2024-08-28T01:14:11.090+0000][info][gc,heap        ] GC(728) Survivor regions: 0->0(0)
[2024-08-28T01:14:11.090+0000][info][gc,heap        ] GC(728) Old regions: 1017->444
[2024-08-28T01:14:11.090+0000][info][gc,heap        ] GC(728) Archive regions: 2->2
[2024-08-28T01:14:11.090+0000][info][gc,heap        ] GC(728) Humongous regions: 5->5
[2024-08-28T01:14:11.090+0000][info][gc,metaspace   ] GC(728) Metaspace: 100K(320K)->100K(320K) NonClass: 96K(192K)->96K(192K) Class: 4K(128K)->4K(128K)
[2024-08-28T01:14:11.090+0000][info][gc             ] GC(728) Pause Full (G1 Compaction Pause) 1013M->436M(1024M) 67.578ms
[2024-08-28T01:14:11.090+0000][info][gc,cpu         ] GC(728) User=1.44s Sys=0.00s Real=0.07s
[2024-08-28T01:14:11.090+0000][info][gc,marking     ] GC(719) Concurrent Rebuild Remembered Sets 161.291ms
[2024-08-28T01:14:11.090+0000][info][gc,marking     ] GC(719) Concurrent Mark Abort
[2024-08-28T01:14:11.090+0000][info][gc             ] GC(719) Concurrent Mark Cycle 188.942ms
[2024-08-28T01:14:11.164+0000][info][gc,start       ] GC(729) Pause Young (Normal) (G1 Evacuation Pause)
[2024-08-28T01:14:11.164+0000][info][gc,task        ] GC(729) Using 24 workers of 68 for evacuation
[2024-08-28T01:14:11.228+0000][info][gc,phases      ] GC(729)   Pre Evacuate Collection Set: 0.1ms
[2024-08-28T01:14:11.228+0000][info][gc,phases      ] GC(729)   Merge Heap Roots: 0.4ms
[2024-08-28T01:14:11.228+0000][info][gc,phases      ] GC(729)   Evacuate Collection Set: 63.8ms
[2024-08-28T01:14:11.228+0000][info][gc,phases      ] GC(729)   Post Evacuate Collection Set: 0.3ms
[2024-08-28T01:14:11.228+0000][info][gc,phases      ] GC(729)   Other: 0.2ms
[2024-08-28T01:14:11.228+0000][info][gc,heap        ] GC(729) Eden regions: 150->0(103)
[2024-08-28T01:14:11.228+0000][info][gc,heap        ] GC(729) Survivor regions: 0->19(19)
[2024-08-28T01:14:11.228+0000][info][gc,heap        ] GC(729) Old regions: 444->569
[2024-08-28T01:14:11.228+0000][info][gc,heap        ] GC(729) Archive regions: 2->2
[2024-08-28T01:14:11.228+0000][info][gc,heap        ] GC(729) Humongous regions: 5->5
[2024-08-28T01:14:11.228+0000][info][gc,metaspace   ] GC(729) Metaspace: 100K(320K)->100K(320K) NonClass: 96K(192K)->96K(192K) Class: 4K(128K)->4K(128K)
[2024-08-28T01:14:11.228+0000][info][gc             ] GC(729) Pause Young (Normal) (G1 Evacuation Pause) 586M->580M(1024M) 64.882ms
[2024-08-28T01:14:11.229+0000][info][gc,cpu         ] GC(729) User=0.49s Sys=0.83s Real=0.06s
[2024-08-28T01:14:11.277+0000][info][gc,start       ] GC(730) Pause Young (Concurrent Start) (G1 Evacuation Pause)
[2024-08-28T01:14:11.277+0000][info][gc,task        ] GC(730) Using 24 workers of 68 for evacuation
[2024-08-28T01:14:11.296+0000][info][gc,phases      ] GC(730)   Pre Evacuate Collection Set: 0.2ms
[2024-08-28T01:14:11.296+0000][info][gc,phases      ] GC(730)   Merge Heap Roots: 0.4ms
[2024-08-28T01:14:11.296+0000][info][gc,phases      ] GC(730)   Evacuate Collection Set: 17.5ms
[2024-08-28T01:14:11.296+0000][info][gc,phases      ] GC(730)   Post Evacuate Collection Set: 0.3ms
[2024-08-28T01:14:11.296+0000][info][gc,phases      ] GC(730)   Other: 0.5ms
[2024-08-28T01:14:11.296+0000][info][gc,heap        ] GC(730) Eden regions: 103->0(71)
[2024-08-28T01:14:11.296+0000][info][gc,heap        ] GC(730) Survivor regions: 19->16(16)
[2024-08-28T01:14:11.296+0000][info][gc,heap        ] GC(730) Old regions: 569->673
[2024-08-28T01:14:11.296+0000][info][gc,heap        ] GC(730) Archive regions: 2->2
[2024-08-28T01:14:11.296+0000][info][gc,heap        ] GC(730) Humongous regions: 5->5
[2024-08-28T01:14:11.296+0000][info][gc,metaspace   ] GC(730) Metaspace: 100K(320K)->100K(320K) NonClass: 96K(192K)->96K(192K) Class: 4K(128K)->4K(128K)
[2024-08-28T01:14:11.296+0000][info][gc             ] GC(730) Pause Young (Concurrent Start) (G1 Evacuation Pause) 683M->681M(1024M) 18.873ms
[2024-08-28T01:14:11.296+0000][info][gc,cpu         ] GC(730) User=0.43s Sys=0.00s Real=0.02s
[2024-08-28T01:14:11.296+0000][info][gc             ] GC(731) Concurrent Mark Cycle
[2024-08-28T01:14:11.296+0000][info][gc,marking     ] GC(731) Concurrent Clear Claimed Marks
[2024-08-28T01:14:11.296+0000][info][gc,marking     ] GC(731) Concurrent Clear Claimed Marks 0.010ms
[2024-08-28T01:14:11.296+0000][info][gc,marking     ] GC(731) Concurrent Scan Root Regions
[2024-08-28T01:14:11.299+0000][info][gc,marking     ] GC(731) Concurrent Scan Root Regions 3.653ms
[2024-08-28T01:14:11.299+0000][info][gc,marking     ] GC(731) Concurrent Mark
[2024-08-28T01:14:11.299+0000][info][gc,marking     ] GC(731) Concurrent Mark From Roots
[2024-08-28T01:14:11.299+0000][info][gc,task        ] GC(731) Using 17 workers of 17 for marking
[2024-08-28T01:14:11.320+0000][info][gc,marking     ] GC(731) Concurrent Mark From Roots 20.552ms
[2024-08-28T01:14:11.320+0000][info][gc,marking     ] GC(731) Concurrent Preclean
[2024-08-28T01:14:11.321+0000][info][gc,marking     ] GC(731) Concurrent Preclean 0.609ms
[2024-08-28T01:14:11.321+0000][info][gc,start       ] GC(731) Pause Remark
[2024-08-28T01:14:11.322+0000][info][gc             ] GC(731) Pause Remark 720M->720M(1024M) 1.028ms
[2024-08-28T01:14:11.322+0000][info][gc,cpu         ] GC(731) User=0.00s Sys=0.00s Real=0.00s
[2024-08-28T01:14:11.322+0000][info][gc,marking     ] GC(731) Concurrent Mark 22.518ms
[2024-08-28T01:14:11.322+0000][info][gc,marking     ] GC(731) Concurrent Rebuild Remembered Sets
[2024-08-28T01:14:11.337+0000][info][gc,start       ] GC(732) Pause Young (Normal) (G1 Evacuation Pause)
[2024-08-28T01:14:11.337+0000][info][gc,task        ] GC(732) Using 24 workers of 68 for evacuation
[2024-08-28T01:14:11.353+0000][info][gc,phases      ] GC(732)   Pre Evacuate Collection Set: 0.1ms
[2024-08-28T01:14:11.353+0000][info][gc,phases      ] GC(732)   Merge Heap Roots: 0.4ms
[2024-08-28T01:14:11.353+0000][info][gc,phases      ] GC(732)   Evacuate Collection Set: 14.3ms
[2024-08-28T01:14:11.353+0000][info][gc,phases      ] GC(732)   Post Evacuate Collection Set: 0.5ms
[2024-08-28T01:14:11.353+0000][info][gc,phases      ] GC(732)   Other: 0.2ms
[2024-08-28T01:14:11.353+0000][info][gc,heap        ] GC(732) Eden regions: 71->0(47)
[2024-08-28T01:14:11.353+0000][info][gc,heap        ] GC(732) Survivor regions: 16->11(11)
[2024-08-28T01:14:11.353+0000][info][gc,heap        ] GC(732) Old regions: 673->753
[2024-08-28T01:14:11.353+0000][info][gc,heap        ] GC(732) Archive regions: 2->2
[2024-08-28T01:14:11.353+0000][info][gc,heap        ] GC(732) Humongous regions: 5->5
[2024-08-28T01:14:11.353+0000][info][gc,metaspace   ] GC(732) Metaspace: 100K(320K)->100K(320K) NonClass: 96K(192K)->96K(192K) Class: 4K(128K)->4K(128K)
[2024-08-28T01:14:11.353+0000][info][gc             ] GC(732) Pause Young (Normal) (G1 Evacuation Pause) 752M->756M(1024M) 15.534ms
[2024-08-28T01:14:11.353+0000][info][gc,cpu         ] GC(732) User=0.35s Sys=0.01s Real=0.02s
[2024-08-28T01:14:11.376+0000][info][gc,start       ] GC(733) Pause Young (Normal) (G1 Evacuation Pause)
[2024-08-28T01:14:11.376+0000][info][gc,task        ] GC(733) Using 24 workers of 68 for evacuation
[2024-08-28T01:14:11.395+0000][info][gc,phases      ] GC(733)   Pre Evacuate Collection Set: 0.1ms
[2024-08-28T01:14:11.395+0000][info][gc,phases      ] GC(733)   Merge Heap Roots: 0.5ms
[2024-08-28T01:14:11.395+0000][info][gc,phases      ] GC(733)   Evacuate Collection Set: 18.1ms
[2024-08-28T01:14:11.395+0000][info][gc,phases      ] GC(733)   Post Evacuate Collection Set: 0.6ms
[2024-08-28T01:14:11.395+0000][info][gc,phases      ] GC(733)   Other: 0.2ms
[2024-08-28T01:14:11.395+0000][info][gc,heap        ] GC(733) Eden regions: 47->0(43)
[2024-08-28T01:14:11.395+0000][info][gc,heap        ] GC(733) Survivor regions: 11->8(8)
[2024-08-28T01:14:11.395+0000][info][gc,heap        ] GC(733) Old regions: 753->808
[2024-08-28T01:14:11.395+0000][info][gc,heap        ] GC(733) Archive regions: 2->2
[2024-08-28T01:14:11.395+0000][info][gc,heap        ] GC(733) Humongous regions: 5->5
[2024-08-28T01:14:11.395+0000][info][gc,metaspace   ] GC(733) Metaspace: 100K(320K)->100K(320K) NonClass: 96K(192K)->96K(192K) Class: 4K(128K)->4K(128K)
[2024-08-28T01:14:11.395+0000][info][gc             ] GC(733) Pause Young (Normal) (G1 Evacuation Pause) 803M->808M(1024M) 19.578ms
[2024-08-28T01:14:11.395+0000][info][gc,cpu         ] GC(733) User=0.46s Sys=0.00s Real=0.02s
[2024-08-28T01:14:11.397+0000][info][gc,marking     ] GC(731) Concurrent Rebuild Remembered Sets 74.715ms
[2024-08-28T01:14:11.397+0000][info][gc,start       ] GC(731) Pause Cleanup
[2024-08-28T01:14:11.398+0000][info][gc             ] GC(731) Pause Cleanup 812M->812M(1024M) 0.888ms
[2024-08-28T01:14:11.398+0000][info][gc,cpu         ] GC(731) User=0.00s Sys=0.00s Real=0.01s
[2024-08-28T01:14:11.398+0000][info][gc,marking     ] GC(731) Concurrent Cleanup for Next Mark
[2024-08-28T01:14:11.398+0000][info][gc,marking     ] GC(731) Concurrent Cleanup for Next Mark 0.561ms
[2024-08-28T01:14:11.398+0000][info][gc             ] GC(731) Concurrent Mark Cycle 102.698ms
[2024-08-28T01:14:11.418+0000][info][gc,start       ] GC(734) Pause Young (Prepare Mixed) (G1 Evacuation Pause)
[2024-08-28T01:14:11.418+0000][info][gc,task        ] GC(734) Using 24 workers of 68 for evacuation
[2024-08-28T01:14:11.436+0000][info][gc,phases      ] GC(734)   Pre Evacuate Collection Set: 0.1ms
[2024-08-28T01:14:11.436+0000][info][gc,phases      ] GC(734)   Merge Heap Roots: 0.4ms
[2024-08-28T01:14:11.436+0000][info][gc,phases      ] GC(734)   Evacuate Collection Set: 16.7ms
[2024-08-28T01:14:11.436+0000][info][gc,phases      ] GC(734)   Post Evacuate Collection Set: 0.3ms
[2024-08-28T01:14:11.436+0000][info][gc,phases      ] GC(734)   Other: 0.2ms
[2024-08-28T01:14:11.436+0000][info][gc,heap        ] GC(734) Eden regions: 43->0(44)
[2024-08-28T01:14:11.436+0000][info][gc,heap        ] GC(734) Survivor regions: 8->7(7)
[2024-08-28T01:14:11.436+0000][info][gc,heap        ] GC(734) Old regions: 808->855
[2024-08-28T01:14:11.436+0000][info][gc,heap        ] GC(734) Archive regions: 2->2
[2024-08-28T01:14:11.436+0000][info][gc,heap        ] GC(734) Humongous regions: 5->5
[2024-08-28T01:14:11.436+0000][info][gc,metaspace   ] GC(734) Metaspace: 100K(320K)->100K(320K) NonClass: 96K(192K)->96K(192K) Class: 4K(128K)->4K(128K)
[2024-08-28T01:14:11.436+0000][info][gc             ] GC(734) Pause Young (Prepare Mixed) (G1 Evacuation Pause) 851M->854M(1024M) 17.678ms
[2024-08-28T01:14:11.436+0000][info][gc,cpu         ] GC(734) User=0.41s Sys=0.00s Real=0.01s
[2024-08-28T01:14:11.456+0000][info][gc,start       ] GC(735) Pause Young (Mixed) (G1 Evacuation Pause)
[2024-08-28T01:14:11.456+0000][info][gc,task        ] GC(735) Using 24 workers of 68 for evacuation
[2024-08-28T01:14:11.467+0000][info][gc,phases      ] GC(735)   Pre Evacuate Collection Set: 0.2ms
[2024-08-28T01:14:11.467+0000][info][gc,phases      ] GC(735)   Merge Heap Roots: 0.4ms
[2024-08-28T01:14:11.467+0000][info][gc,phases      ] GC(735)   Evacuate Collection Set: 9.8ms
[2024-08-28T01:14:11.467+0000][info][gc,phases      ] GC(735)   Post Evacuate Collection Set: 0.3ms
[2024-08-28T01:14:11.467+0000][info][gc,phases      ] GC(735)   Other: 0.2ms
[2024-08-28T01:14:11.467+0000][info][gc,heap        ] GC(735) Eden regions: 44->0(44)
[2024-08-28T01:14:11.467+0000][info][gc,heap        ] GC(735) Survivor regions: 7->7(7)
[2024-08-28T01:14:11.467+0000][info][gc,heap        ] GC(735) Old regions: 855->840
[2024-08-28T01:14:11.467+0000][info][gc,heap        ] GC(735) Archive regions: 2->2
[2024-08-28T01:14:11.467+0000][info][gc,heap        ] GC(735) Humongous regions: 5->5
[2024-08-28T01:14:11.467+0000][info][gc,metaspace   ] GC(735) Metaspace: 100K(320K)->100K(320K) NonClass: 96K(192K)->96K(192K) Class: 4K(128K)->4K(128K)
[2024-08-28T01:14:11.467+0000][info][gc             ] GC(735) Pause Young (Mixed) (G1 Evacuation Pause) 898M->839M(1024M) 10.961ms
[2024-08-28T01:14:11.467+0000][info][gc,cpu         ] GC(735) User=0.24s Sys=0.00s Real=0.01s
[2024-08-28T01:14:11.486+0000][info][gc,start       ] GC(736) Pause Young (Mixed) (G1 Evacuation Pause)
[2024-08-28T01:14:11.486+0000][info][gc,task        ] GC(736) Using 24 workers of 68 for evacuation
[2024-08-28T01:14:11.497+0000][info][gc,phases      ] GC(736)   Pre Evacuate Collection Set: 0.2ms
[2024-08-28T01:14:11.497+0000][info][gc,phases      ] GC(736)   Merge Heap Roots: 0.3ms
[2024-08-28T01:14:11.497+0000][info][gc,phases      ] GC(736)   Evacuate Collection Set: 9.5ms
[2024-08-28T01:14:11.497+0000][info][gc,phases      ] GC(736)   Post Evacuate Collection Set: 0.3ms
[2024-08-28T01:14:11.497+0000][info][gc,phases      ] GC(736)   Other: 0.2ms
[2024-08-28T01:14:11.497+0000][info][gc,heap        ] GC(736) Eden regions: 44->0(44)
[2024-08-28T01:14:11.497+0000][info][gc,heap        ] GC(736) Survivor regions: 7->7(7)
[2024-08-28T01:14:11.497+0000][info][gc,heap        ] GC(736) Old regions: 840->825
[2024-08-28T01:14:11.497+0000][info][gc,heap        ] GC(736) Archive regions: 2->2
[2024-08-28T01:14:11.497+0000][info][gc,heap        ] GC(736) Humongous regions: 5->5
[2024-08-28T01:14:11.497+0000][info][gc,metaspace   ] GC(736) Metaspace: 100K(320K)->100K(320K) NonClass: 96K(192K)->96K(192K) Class: 4K(128K)->4K(128K)
[2024-08-28T01:14:11.497+0000][info][gc             ] GC(736) Pause Young (Mixed) (G1 Evacuation Pause) 883M->825M(1024M) 10.449ms
[2024-08-28T01:14:11.497+0000][info][gc,cpu         ] GC(736) User=0.24s Sys=0.00s Real=0.01s
[2024-08-28T01:14:11.516+0000][info][gc,start       ] GC(737) Pause Young (Mixed) (G1 Evacuation Pause)
[2024-08-28T01:14:11.516+0000][info][gc,task        ] GC(737) Using 24 workers of 68 for evacuation
[2024-08-28T01:14:11.527+0000][info][gc,phases      ] GC(737)   Pre Evacuate Collection Set: 0.2ms
[2024-08-28T01:14:11.527+0000][info][gc,phases      ] GC(737)   Merge Heap Roots: 0.4ms
[2024-08-28T01:14:11.527+0000][info][gc,phases      ] GC(737)   Evacuate Collection Set: 9.9ms
[2024-08-28T01:14:11.527+0000][info][gc,phases      ] GC(737)   Post Evacuate Collection Set: 0.3ms
[2024-08-28T01:14:11.527+0000][info][gc,phases      ] GC(737)   Other: 0.2ms
[2024-08-28T01:14:11.527+0000][info][gc,heap        ] GC(737) Eden regions: 44->0(44)
[2024-08-28T01:14:11.527+0000][info][gc,heap        ] GC(737) Survivor regions: 7->7(7)
[2024-08-28T01:14:11.527+0000][info][gc,heap        ] GC(737) Old regions: 825->813
[2024-08-28T01:14:11.527+0000][info][gc,heap        ] GC(737) Archive regions: 2->2
[2024-08-28T01:14:11.527+0000][info][gc,heap        ] GC(737) Humongous regions: 5->5
[2024-08-28T01:14:11.527+0000][info][gc,metaspace   ] GC(737) Metaspace: 100K(320K)->100K(320K) NonClass: 96K(192K)->96K(192K) Class: 4K(128K)->4K(128K)
[2024-08-28T01:14:11.527+0000][info][gc             ] GC(737) Pause Young (Mixed) (G1 Evacuation Pause) 869M->816M(1024M) 11.038ms
[2024-08-28T01:14:11.527+0000][info][gc,cpu         ] GC(737) User=0.25s Sys=0.00s Real=0.01s
[2024-08-28T01:14:11.547+0000][info][gc,start       ] GC(738) Pause Young (Mixed) (G1 Evacuation Pause)
[2024-08-28T01:14:11.547+0000][info][gc,task        ] GC(738) Using 24 workers of 68 for evacuation
[2024-08-28T01:14:11.557+0000][info][gc,phases      ] GC(738)   Pre Evacuate Collection Set: 0.2ms
[2024-08-28T01:14:11.558+0000][info][gc,phases      ] GC(738)   Merge Heap Roots: 0.2ms
[2024-08-28T01:14:11.558+0000][info][gc,phases      ] GC(738)   Evacuate Collection Set: 9.7ms
[2024-08-28T01:14:11.558+0000][info][gc,phases      ] GC(738)   Post Evacuate Collection Set: 0.3ms
[2024-08-28T01:14:11.558+0000][info][gc,phases      ] GC(738)   Other: 0.2ms
[2024-08-28T01:14:11.558+0000][info][gc,heap        ] GC(738) Eden regions: 44->0(44)
[2024-08-28T01:14:11.558+0000][info][gc,heap        ] GC(738) Survivor regions: 7->7(7)
[2024-08-28T01:14:11.558+0000][info][gc,heap        ] GC(738) Old regions: 813->846
[2024-08-28T01:14:11.558+0000][info][gc,heap        ] GC(738) Archive regions: 2->2
[2024-08-28T01:14:11.558+0000][info][gc,heap        ] GC(738) Humongous regions: 5->5
[2024-08-28T01:14:11.558+0000][info][gc,metaspace   ] GC(738) Metaspace: 100K(320K)->100K(320K) NonClass: 96K(192K)->96K(192K) Class: 4K(128K)->4K(128K)
[2024-08-28T01:14:11.558+0000][info][gc             ] GC(738) Pause Young (Mixed) (G1 Evacuation Pause) 860M->850M(1024M) 10.617ms
[2024-08-28T01:14:11.558+0000][info][gc,cpu         ] GC(738) User=0.23s Sys=0.00s Real=0.02s
[2024-08-28T01:14:11.578+0000][info][gc,start       ] GC(739) Pause Young (Concurrent Start) (G1 Evacuation Pause)
[2024-08-28T01:14:11.578+0000][info][gc,task        ] GC(739) Using 24 workers of 68 for evacuation
[2024-08-28T01:14:11.588+0000][info][gc,phases      ] GC(739)   Pre Evacuate Collection Set: 0.1ms
[2024-08-28T01:14:11.588+0000][info][gc,phases      ] GC(739)   Merge Heap Roots: 0.2ms
[2024-08-28T01:14:11.588+0000][info][gc,phases      ] GC(739)   Evacuate Collection Set: 8.9ms
[2024-08-28T01:14:11.588+0000][info][gc,phases      ] GC(739)   Post Evacuate Collection Set: 0.3ms
[2024-08-28T01:14:11.588+0000][info][gc,phases      ] GC(739)   Other: 0.4ms
[2024-08-28T01:14:11.588+0000][info][gc,heap        ] GC(739) Eden regions: 44->0(44)
[2024-08-28T01:14:11.588+0000][info][gc,heap        ] GC(739) Survivor regions: 7->7(7)
[2024-08-28T01:14:11.588+0000][info][gc,heap        ] GC(739) Old regions: 846->893
[2024-08-28T01:14:11.588+0000][info][gc,heap        ] GC(739) Archive regions: 2->2
[2024-08-28T01:14:11.588+0000][info][gc,heap        ] GC(739) Humongous regions: 5->5
[2024-08-28T01:14:11.588+0000][info][gc,metaspace   ] GC(739) Metaspace: 100K(320K)->100K(320K) NonClass: 96K(192K)->96K(192K) Class: 4K(128K)->4K(128K)
[2024-08-28T01:14:11.588+0000][info][gc             ] GC(739) Pause Young (Concurrent Start) (G1 Evacuation Pause) 894M->897M(1024M) 10.041ms
[2024-08-28T01:14:11.588+0000][info][gc,cpu         ] GC(739) User=0.21s Sys=0.00s Real=0.00s
[2024-08-28T01:14:11.588+0000][info][gc             ] GC(740) Concurrent Mark Cycle
[2024-08-28T01:14:11.588+0000][info][gc,marking     ] GC(740) Concurrent Clear Claimed Marks
[2024-08-28T01:14:11.588+0000][info][gc,marking     ] GC(740) Concurrent Clear Claimed Marks 0.014ms
[2024-08-28T01:14:11.588+0000][info][gc,marking     ] GC(740) Concurrent Scan Root Regions
[2024-08-28T01:14:11.590+0000][info][gc,marking     ] GC(740) Concurrent Scan Root Regions 1.637ms
[2024-08-28T01:14:11.590+0000][info][gc,marking     ] GC(740) Concurrent Mark
[2024-08-28T01:14:11.590+0000][info][gc,marking     ] GC(740) Concurrent Mark From Roots
[2024-08-28T01:14:11.590+0000][info][gc,task        ] GC(740) Using 17 workers of 17 for marking
[2024-08-28T01:14:11.614+0000][info][gc,marking     ] GC(740) Concurrent Mark From Roots 23.795ms
[2024-08-28T01:14:11.614+0000][info][gc,marking     ] GC(740) Concurrent Preclean
[2024-08-28T01:14:11.614+0000][info][gc,marking     ] GC(740) Concurrent Preclean 0.756ms
[2024-08-28T01:14:11.615+0000][info][gc,start       ] GC(740) Pause Remark
[2024-08-28T01:14:11.616+0000][info][gc             ] GC(740) Pause Remark 941M->941M(1024M) 1.179ms
[2024-08-28T01:14:11.616+0000][info][gc,cpu         ] GC(740) User=0.00s Sys=0.00s Real=0.00s
[2024-08-28T01:14:11.616+0000][info][gc,marking     ] GC(740) Concurrent Mark 26.165ms
[2024-08-28T01:14:11.616+0000][info][gc,marking     ] GC(740) Concurrent Rebuild Remembered Sets
[2024-08-28T01:14:11.617+0000][info][gc,start       ] GC(741) Pause Young (Normal) (G1 Evacuation Pause)
[2024-08-28T01:14:11.617+0000][info][gc,task        ] GC(741) Using 24 workers of 68 for evacuation
[2024-08-28T01:14:11.627+0000][info][gc,phases      ] GC(741)   Pre Evacuate Collection Set: 0.1ms
[2024-08-28T01:14:11.627+0000][info][gc,phases      ] GC(741)   Merge Heap Roots: 0.4ms
[2024-08-28T01:14:11.627+0000][info][gc,phases      ] GC(741)   Evacuate Collection Set: 8.9ms
[2024-08-28T01:14:11.627+0000][info][gc,phases      ] GC(741)   Post Evacuate Collection Set: 0.4ms
[2024-08-28T01:14:11.627+0000][info][gc,phases      ] GC(741)   Other: 0.1ms
[2024-08-28T01:14:11.627+0000][info][gc,heap        ] GC(741) Eden regions: 44->0(44)
[2024-08-28T01:14:11.627+0000][info][gc,heap        ] GC(741) Survivor regions: 7->7(7)
[2024-08-28T01:14:11.627+0000][info][gc,heap        ] GC(741) Old regions: 893->940
[2024-08-28T01:14:11.627+0000][info][gc,heap        ] GC(741) Archive regions: 2->2
[2024-08-28T01:14:11.627+0000][info][gc,heap        ] GC(741) Humongous regions: 5->5
[2024-08-28T01:14:11.627+0000][info][gc,metaspace   ] GC(741) Metaspace: 100K(320K)->100K(320K) NonClass: 96K(192K)->96K(192K) Class: 4K(128K)->4K(128K)
[2024-08-28T01:14:11.627+0000][info][gc             ] GC(741) Pause Young (Normal) (G1 Evacuation Pause) 941M->944M(1024M) 9.919ms
[2024-08-28T01:14:11.627+0000][info][gc,cpu         ] GC(741) User=0.22s Sys=0.00s Real=0.01s
[2024-08-28T01:14:11.641+0000][info][gc,start       ] GC(742) Pause Young (Normal) (G1 Preventive Collection)
[2024-08-28T01:14:11.641+0000][info][gc,task        ] GC(742) Using 24 workers of 68 for evacuation
[2024-08-28T01:14:11.653+0000][info][gc,phases      ] GC(742)   Pre Evacuate Collection Set: 0.1ms
[2024-08-28T01:14:11.653+0000][info][gc,phases      ] GC(742)   Merge Heap Roots: 0.3ms
[2024-08-28T01:14:11.653+0000][info][gc,phases      ] GC(742)   Evacuate Collection Set: 10.8ms
[2024-08-28T01:14:11.653+0000][info][gc,phases      ] GC(742)   Post Evacuate Collection Set: 0.5ms
[2024-08-28T01:14:11.653+0000][info][gc,phases      ] GC(742)   Other: 0.1ms
[2024-08-28T01:14:11.653+0000][info][gc,heap        ] GC(742) Eden regions: 30->0(44)
[2024-08-28T01:14:11.653+0000][info][gc,heap        ] GC(742) Survivor regions: 7->7(7)
[2024-08-28T01:14:11.653+0000][info][gc,heap        ] GC(742) Old regions: 940->973
[2024-08-28T01:14:11.653+0000][info][gc,heap        ] GC(742) Archive regions: 2->2
[2024-08-28T01:14:11.653+0000][info][gc,heap        ] GC(742) Humongous regions: 5->5
[2024-08-28T01:14:11.653+0000][info][gc,metaspace   ] GC(742) Metaspace: 100K(320K)->100K(320K) NonClass: 96K(192K)->96K(192K) Class: 4K(128K)->4K(128K)
[2024-08-28T01:14:11.653+0000][info][gc             ] GC(742) Pause Young (Normal) (G1 Preventive Collection) 974M->977M(1024M) 11.851ms
[2024-08-28T01:14:11.653+0000][info][gc,cpu         ] GC(742) User=0.26s Sys=0.01s Real=0.01s
[2024-08-28T01:14:11.660+0000][info][gc,start       ] GC(743) Pause Young (Normal) (G1 Preventive Collection)
[2024-08-28T01:14:11.660+0000][info][gc,task        ] GC(743) Using 24 workers of 68 for evacuation
[2024-08-28T01:14:11.669+0000][info][gc             ] GC(743) To-space exhausted
[2024-08-28T01:14:11.669+0000][info][gc,phases      ] GC(743)   Pre Evacuate Collection Set: 0.1ms
[2024-08-28T01:14:11.669+0000][info][gc,phases      ] GC(743)   Merge Heap Roots: 0.5ms
[2024-08-28T01:14:11.669+0000][info][gc,phases      ] GC(743)   Evacuate Collection Set: 8.2ms
[2024-08-28T01:14:11.669+0000][info][gc,phases      ] GC(743)   Post Evacuate Collection Set: 0.7ms
[2024-08-28T01:14:11.669+0000][info][gc,phases      ] GC(743)   Other: 0.2ms
[2024-08-28T01:14:11.669+0000][info][gc,heap        ] GC(743) Eden regions: 14->0(44)
[2024-08-28T01:14:11.669+0000][info][gc,heap        ] GC(743) Survivor regions: 7->7(7)
[2024-08-28T01:14:11.669+0000][info][gc,heap        ] GC(743) Old regions: 973->1003
[2024-08-28T01:14:11.669+0000][info][gc,heap        ] GC(743) Archive regions: 2->2
[2024-08-28T01:14:11.669+0000][info][gc,heap        ] GC(743) Humongous regions: 5->5
[2024-08-28T01:14:11.669+0000][info][gc,metaspace   ] GC(743) Metaspace: 100K(320K)->100K(320K) NonClass: 96K(192K)->96K(192K) Class: 4K(128K)->4K(128K)
[2024-08-28T01:14:11.669+0000][info][gc             ] GC(743) Pause Young (Normal) (G1 Preventive Collection) 991M->1008M(1024M) 9.677ms
[2024-08-28T01:14:11.669+0000][info][gc,cpu         ] GC(743) User=0.22s Sys=0.01s Real=0.00s
[2024-08-28T01:14:11.670+0000][info][gc,start       ] GC(744) Pause Young (Normal) (G1 Preventive Collection)
[2024-08-28T01:14:11.670+0000][info][gc,task        ] GC(744) Using 24 workers of 68 for evacuation
[2024-08-28T01:14:11.677+0000][info][gc             ] GC(744) To-space exhausted
[2024-08-28T01:14:11.677+0000][info][gc,phases      ] GC(744)   Pre Evacuate Collection Set: 0.1ms
[2024-08-28T01:14:11.677+0000][info][gc,phases      ] GC(744)   Merge Heap Roots: 0.4ms
[2024-08-28T01:14:11.677+0000][info][gc,phases      ] GC(744)   Evacuate Collection Set: 5.8ms
[2024-08-28T01:14:11.677+0000][info][gc,phases      ] GC(744)   Post Evacuate Collection Set: 0.7ms
[2024-08-28T01:14:11.677+0000][info][gc,phases      ] GC(744)   Other: 0.1ms
[2024-08-28T01:14:11.677+0000][info][gc,heap        ] GC(744) Eden regions: 1->0(50)
[2024-08-28T01:14:11.677+0000][info][gc,heap        ] GC(744) Survivor regions: 7->1(6)
[2024-08-28T01:14:11.677+0000][info][gc,heap        ] GC(744) Old regions: 1003->1016
[2024-08-28T01:14:11.677+0000][info][gc,heap        ] GC(744) Archive regions: 2->2
[2024-08-28T01:14:11.677+0000][info][gc,heap        ] GC(744) Humongous regions: 5->5
[2024-08-28T01:14:11.677+0000][info][gc,metaspace   ] GC(744) Metaspace: 100K(320K)->100K(320K) NonClass: 96K(192K)->96K(192K) Class: 4K(128K)->4K(128K)
[2024-08-28T01:14:11.677+0000][info][gc             ] GC(744) Pause Young (Normal) (G1 Preventive Collection) 1009M->1015M(1024M) 7.129ms
[2024-08-28T01:14:11.677+0000][info][gc,cpu         ] GC(744) User=0.15s Sys=0.01s Real=0.00s
[2024-08-28T01:14:11.677+0000][info][gc,ergo        ] Attempting full compaction
[2024-08-28T01:14:11.677+0000][info][gc,task        ] GC(745) Using 24 workers of 68 for full compaction
[2024-08-28T01:14:11.678+0000][info][gc,start       ] GC(745) Pause Full (G1 Compaction Pause)
[2024-08-28T01:14:11.678+0000][info][gc,phases,start] GC(745) Phase 1: Mark live objects
[2024-08-28T01:14:11.692+0000][info][gc,phases      ] GC(745) Phase 1: Mark live objects 13.932ms
[2024-08-28T01:14:11.692+0000][info][gc,phases,start] GC(745) Phase 2: Prepare for compaction
[2024-08-28T01:14:11.700+0000][info][gc,phases      ] GC(745) Phase 2: Prepare for compaction 7.981ms
[2024-08-28T01:14:11.700+0000][info][gc,phases,start] GC(745) Phase 3: Adjust pointers
[2024-08-28T01:14:11.714+0000][info][gc,phases      ] GC(745) Phase 3: Adjust pointers 13.629ms
[2024-08-28T01:14:11.714+0000][info][gc,phases,start] GC(745) Phase 4: Compact heap
[2024-08-28T01:14:11.743+0000][info][gc,phases      ] GC(745) Phase 4: Compact heap 29.027ms
[2024-08-28T01:14:11.744+0000][info][gc,heap        ] GC(745) Eden regions: 0->0(150)
[2024-08-28T01:14:11.744+0000][info][gc,heap        ] GC(745) Survivor regions: 1->0(6)
[2024-08-28T01:14:11.744+0000][info][gc,heap        ] GC(745) Old regions: 1016->443
[2024-08-28T01:14:11.744+0000][info][gc,heap        ] GC(745) Archive regions: 2->2
[2024-08-28T01:14:11.744+0000][info][gc,heap        ] GC(745) Humongous regions: 5->5
[2024-08-28T01:14:11.744+0000][info][gc,metaspace   ] GC(745) Metaspace: 100K(320K)->100K(320K) NonClass: 96K(192K)->96K(192K) Class: 4K(128K)->4K(128K)
[2024-08-28T01:14:11.744+0000][info][gc             ] GC(745) Pause Full (G1 Compaction Pause) 1015M->436M(1024M) 66.479ms
[2024-08-28T01:14:11.744+0000][info][gc,cpu         ] GC(745) User=1.43s Sys=0.00s Real=0.07s
[2024-08-28T01:14:11.744+0000][info][gc,marking     ] GC(740) Concurrent Rebuild Remembered Sets 128.489ms
[2024-08-28T01:14:11.745+0000][info][gc,marking     ] GC(740) Concurrent Mark Abort
[2024-08-28T01:14:11.745+0000][info][gc             ] GC(740) Concurrent Mark Cycle 156.538ms
[2024-08-28T01:14:11.816+0000][info][gc,start       ] GC(746) Pause Young (Normal) (G1 Evacuation Pause)
[2024-08-28T01:14:11.816+0000][info][gc,task        ] GC(746) Using 24 workers of 68 for evacuation
[2024-08-28T01:14:11.837+0000][info][gc,phases      ] GC(746)   Pre Evacuate Collection Set: 0.1ms
[2024-08-28T01:14:11.837+0000][info][gc,phases      ] GC(746)   Merge Heap Roots: 0.3ms
[2024-08-28T01:14:11.837+0000][info][gc,phases      ] GC(746)   Evacuate Collection Set: 20.1ms
[2024-08-28T01:14:11.837+0000][info][gc,phases      ] GC(746)   Post Evacuate Collection Set: 0.3ms
[2024-08-28T01:14:11.837+0000][info][gc,phases      ] GC(746)   Other: 0.2ms
[2024-08-28T01:14:11.837+0000][info][gc,heap        ] GC(746) Eden regions: 150->0(103)
[2024-08-28T01:14:11.838+0000][info][gc,heap        ] GC(746) Survivor regions: 0->19(19)
[2024-08-28T01:14:11.838+0000][info][gc,heap        ] GC(746) Old regions: 443->570
[2024-08-28T01:14:11.838+0000][info][gc,heap        ] GC(746) Archive regions: 2->2
[2024-08-28T01:14:11.838+0000][info][gc,heap        ] GC(746) Humongous regions: 5->5
[2024-08-28T01:14:11.838+0000][info][gc,metaspace   ] GC(746) Metaspace: 100K(320K)->100K(320K) NonClass: 96K(192K)->96K(192K) Class: 4K(128K)->4K(128K)
[2024-08-28T01:14:11.838+0000][info][gc             ] GC(746) Pause Young (Normal) (G1 Evacuation Pause) 586M->581M(1024M) 21.177ms
[2024-08-28T01:14:11.838+0000][info][gc,cpu         ] GC(746) User=0.48s Sys=0.00s Real=0.03s
[2024-08-28T01:14:11.884+0000][info][gc,start       ] GC(747) Pause Young (Concurrent Start) (G1 Evacuation Pause)
[2024-08-28T01:14:11.884+0000][info][gc,task        ] GC(747) Using 24 workers of 68 for evacuation
[2024-08-28T01:14:11.903+0000][info][gc,phases      ] GC(747)   Pre Evacuate Collection Set: 0.2ms
[2024-08-28T01:14:11.903+0000][info][gc,phases      ] GC(747)   Merge Heap Roots: 0.3ms
[2024-08-28T01:14:11.903+0000][info][gc,phases      ] GC(747)   Evacuate Collection Set: 17.8ms
[2024-08-28T01:14:11.903+0000][info][gc,phases      ] GC(747)   Post Evacuate Collection Set: 0.3ms
[2024-08-28T01:14:11.903+0000][info][gc,phases      ] GC(747)   Other: 0.5ms
[2024-08-28T01:14:11.903+0000][info][gc,heap        ] GC(747) Eden regions: 103->0(70)
[2024-08-28T01:14:11.903+0000][info][gc,heap        ] GC(747) Survivor regions: 19->16(16)
[2024-08-28T01:14:11.903+0000][info][gc,heap        ] GC(747) Old regions: 570->677
[2024-08-28T01:14:11.903+0000][info][gc,heap        ] GC(747) Archive regions: 2->2
[2024-08-28T01:14:11.903+0000][info][gc,heap        ] GC(747) Humongous regions: 5->5
[2024-08-28T01:14:11.903+0000][info][gc,metaspace   ] GC(747) Metaspace: 100K(320K)->100K(320K) NonClass: 96K(192K)->96K(192K) Class: 4K(128K)->4K(128K)
[2024-08-28T01:14:11.903+0000][info][gc             ] GC(747) Pause Young (Concurrent Start) (G1 Evacuation Pause) 684M->686M(1024M) 19.081ms
[2024-08-28T01:14:11.903+0000][info][gc,cpu         ] GC(747) User=0.44s Sys=0.00s Real=0.02s
[2024-08-28T01:14:11.903+0000][info][gc             ] GC(748) Concurrent Mark Cycle
[2024-08-28T01:14:11.903+0000][info][gc,marking     ] GC(748) Concurrent Clear Claimed Marks
[2024-08-28T01:14:11.903+0000][info][gc,marking     ] GC(748) Concurrent Clear Claimed Marks 0.021ms
[2024-08-28T01:14:11.903+0000][info][gc,marking     ] GC(748) Concurrent Scan Root Regions
[2024-08-28T01:14:11.907+0000][info][gc,marking     ] GC(748) Concurrent Scan Root Regions 3.309ms
[2024-08-28T01:14:11.907+0000][info][gc,marking     ] GC(748) Concurrent Mark
[2024-08-28T01:14:11.907+0000][info][gc,marking     ] GC(748) Concurrent Mark From Roots
[2024-08-28T01:14:11.907+0000][info][gc,task        ] GC(748) Using 17 workers of 17 for marking
[2024-08-28T01:14:11.927+0000][info][gc,marking     ] GC(748) Concurrent Mark From Roots 20.317ms
[2024-08-28T01:14:11.927+0000][info][gc,marking     ] GC(748) Concurrent Preclean
[2024-08-28T01:14:11.928+0000][info][gc,marking     ] GC(748) Concurrent Preclean 1.066ms
[2024-08-28T01:14:11.928+0000][info][gc,start       ] GC(748) Pause Remark
[2024-08-28T01:14:11.929+0000][info][gc             ] GC(748) Pause Remark 726M->726M(1024M) 1.001ms
[2024-08-28T01:14:11.929+0000][info][gc,cpu         ] GC(748) User=0.01s Sys=0.00s Real=0.00s
[2024-08-28T01:14:11.930+0000][info][gc,marking     ] GC(748) Concurrent Mark 22.913ms
[2024-08-28T01:14:11.930+0000][info][gc,marking     ] GC(748) Concurrent Rebuild Remembered Sets
[2024-08-28T01:14:11.943+0000][info][gc,start       ] GC(749) Pause Young (Normal) (G1 Evacuation Pause)
[2024-08-28T01:14:11.943+0000][info][gc,task        ] GC(749) Using 24 workers of 68 for evacuation
[2024-08-28T01:14:11.958+0000][info][gc,phases      ] GC(749)   Pre Evacuate Collection Set: 0.1ms
[2024-08-28T01:14:11.958+0000][info][gc,phases      ] GC(749)   Merge Heap Roots: 0.3ms
[2024-08-28T01:14:11.958+0000][info][gc,phases      ] GC(749)   Evacuate Collection Set: 14.3ms
[2024-08-28T01:14:11.958+0000][info][gc,phases      ] GC(749)   Post Evacuate Collection Set: 0.5ms
[2024-08-28T01:14:11.958+0000][info][gc,phases      ] GC(749)   Other: 0.2ms
[2024-08-28T01:14:11.958+0000][info][gc,heap        ] GC(749) Eden regions: 70->0(46)
[2024-08-28T01:14:11.958+0000][info][gc,heap        ] GC(749) Survivor regions: 16->11(11)
[2024-08-28T01:14:11.958+0000][info][gc,heap        ] GC(749) Old regions: 677->755
[2024-08-28T01:14:11.958+0000][info][gc,heap        ] GC(749) Archive regions: 2->2
[2024-08-28T01:14:11.958+0000][info][gc,heap        ] GC(749) Humongous regions: 5->5
[2024-08-28T01:14:11.958+0000][info][gc,metaspace   ] GC(749) Metaspace: 100K(320K)->100K(320K) NonClass: 96K(192K)->96K(192K) Class: 4K(128K)->4K(128K)
[2024-08-28T01:14:11.958+0000][info][gc             ] GC(749) Pause Young (Normal) (G1 Evacuation Pause) 756M->759M(1024M) 15.410ms
[2024-08-28T01:14:11.958+0000][info][gc,cpu         ] GC(749) User=0.33s Sys=0.01s Real=0.02s
[2024-08-28T01:14:11.979+0000][info][gc,start       ] GC(750) Pause Young (Normal) (G1 Evacuation Pause)
[2024-08-28T01:14:11.979+0000][info][gc,task        ] GC(750) Using 24 workers of 68 for evacuation
[2024-08-28T01:14:11.998+0000][info][gc,phases      ] GC(750)   Pre Evacuate Collection Set: 0.1ms
[2024-08-28T01:14:11.998+0000][info][gc,phases      ] GC(750)   Merge Heap Roots: 0.4ms
[2024-08-28T01:14:11.998+0000][info][gc,phases      ] GC(750)   Evacuate Collection Set: 17.4ms
[2024-08-28T01:14:11.998+0000][info][gc,phases      ] GC(750)   Post Evacuate Collection Set: 0.6ms
[2024-08-28T01:14:11.998+0000][info][gc,phases      ] GC(750)   Other: 0.2ms
[2024-08-28T01:14:11.998+0000][info][gc,heap        ] GC(750) Eden regions: 46->0(43)
[2024-08-28T01:14:11.998+0000][info][gc,heap        ] GC(750) Survivor regions: 11->8(8)
[2024-08-28T01:14:11.998+0000][info][gc,heap        ] GC(750) Old regions: 755->807
[2024-08-28T01:14:11.998+0000][info][gc,heap        ] GC(750) Archive regions: 2->2
[2024-08-28T01:14:11.998+0000][info][gc,heap        ] GC(750) Humongous regions: 5->5
[2024-08-28T01:14:11.998+0000][info][gc,metaspace   ] GC(750) Metaspace: 100K(320K)->100K(320K) NonClass: 96K(192K)->96K(192K) Class: 4K(128K)->4K(128K)
[2024-08-28T01:14:11.998+0000][info][gc             ] GC(750) Pause Young (Normal) (G1 Evacuation Pause) 805M->808M(1024M) 18.716ms
[2024-08-28T01:14:11.998+0000][info][gc,cpu         ] GC(750) User=0.43s Sys=0.00s Real=0.02s
[2024-08-28T01:14:12.010+0000][info][gc,marking     ] GC(748) Concurrent Rebuild Remembered Sets 80.467ms
[2024-08-28T01:14:12.010+0000][info][gc,start       ] GC(748) Pause Cleanup
[2024-08-28T01:14:12.011+0000][info][gc             ] GC(748) Pause Cleanup 834M->834M(1024M) 0.885ms
[2024-08-28T01:14:12.011+0000][info][gc,cpu         ] GC(748) User=0.00s Sys=0.00s Real=0.00s
[2024-08-28T01:14:12.011+0000][info][gc,marking     ] GC(748) Concurrent Cleanup for Next Mark
[2024-08-28T01:14:12.012+0000][info][gc,marking     ] GC(748) Concurrent Cleanup for Next Mark 0.582ms
[2024-08-28T01:14:12.012+0000][info][gc             ] GC(748) Concurrent Mark Cycle 108.681ms
[2024-08-28T01:14:12.020+0000][info][gc,start       ] GC(751) Pause Young (Prepare Mixed) (G1 Evacuation Pause)
[2024-08-28T01:14:12.020+0000][info][gc,task        ] GC(751) Using 24 workers of 68 for evacuation
[2024-08-28T01:14:12.037+0000][info][gc,phases      ] GC(751)   Pre Evacuate Collection Set: 0.1ms
[2024-08-28T01:14:12.037+0000][info][gc,phases      ] GC(751)   Merge Heap Roots: 0.6ms
[2024-08-28T01:14:12.037+0000][info][gc,phases      ] GC(751)   Evacuate Collection Set: 16.1ms
[2024-08-28T01:14:12.037+0000][info][gc,phases      ] GC(751)   Post Evacuate Collection Set: 0.3ms
[2024-08-28T01:14:12.037+0000][info][gc,phases      ] GC(751)   Other: 0.1ms
[2024-08-28T01:14:12.037+0000][info][gc,heap        ] GC(751) Eden regions: 43->0(44)
[2024-08-28T01:14:12.037+0000][info][gc,heap        ] GC(751) Survivor regions: 8->7(7)
[2024-08-28T01:14:12.037+0000][info][gc,heap        ] GC(751) Old regions: 807->854
[2024-08-28T01:14:12.037+0000][info][gc,heap        ] GC(751) Archive regions: 2->2
[2024-08-28T01:14:12.037+0000][info][gc,heap        ] GC(751) Humongous regions: 5->5
[2024-08-28T01:14:12.037+0000][info][gc,metaspace   ] GC(751) Metaspace: 100K(320K)->100K(320K) NonClass: 96K(192K)->96K(192K) Class: 4K(128K)->4K(128K)
[2024-08-28T01:14:12.037+0000][info][gc             ] GC(751) Pause Young (Prepare Mixed) (G1 Evacuation Pause) 851M->854M(1024M) 17.322ms
[2024-08-28T01:14:12.038+0000][info][gc,cpu         ] GC(751) User=0.40s Sys=0.00s Real=0.01s
[2024-08-28T01:14:12.057+0000][info][gc,start       ] GC(752) Pause Young (Mixed) (G1 Evacuation Pause)
[2024-08-28T01:14:12.057+0000][info][gc,task        ] GC(752) Using 24 workers of 68 for evacuation
[2024-08-28T01:14:12.068+0000][info][gc,phases      ] GC(752)   Pre Evacuate Collection Set: 0.2ms
[2024-08-28T01:14:12.068+0000][info][gc,phases      ] GC(752)   Merge Heap Roots: 0.2ms
[2024-08-28T01:14:12.068+0000][info][gc,phases      ] GC(752)   Evacuate Collection Set: 9.3ms
[2024-08-28T01:14:12.068+0000][info][gc,phases      ] GC(752)   Post Evacuate Collection Set: 0.3ms
[2024-08-28T01:14:12.068+0000][info][gc,phases      ] GC(752)   Other: 0.2ms
[2024-08-28T01:14:12.068+0000][info][gc,heap        ] GC(752) Eden regions: 44->0(44)
[2024-08-28T01:14:12.068+0000][info][gc,heap        ] GC(752) Survivor regions: 7->7(7)
[2024-08-28T01:14:12.068+0000][info][gc,heap        ] GC(752) Old regions: 854->839
[2024-08-28T01:14:12.068+0000][info][gc,heap        ] GC(752) Archive regions: 2->2
[2024-08-28T01:14:12.068+0000][info][gc,heap        ] GC(752) Humongous regions: 5->5
[2024-08-28T01:14:12.068+0000][info][gc,metaspace   ] GC(752) Metaspace: 100K(320K)->100K(320K) NonClass: 96K(192K)->96K(192K) Class: 4K(128K)->4K(128K)
[2024-08-28T01:14:12.068+0000][info][gc             ] GC(752) Pause Young (Mixed) (G1 Evacuation Pause) 898M->840M(1024M) 10.312ms
[2024-08-28T01:14:12.068+0000][info][gc,cpu         ] GC(752) User=0.22s Sys=0.01s Real=0.01s
[2024-08-28T01:14:12.087+0000][info][gc,start       ] GC(753) Pause Young (Mixed) (G1 Evacuation Pause)
[2024-08-28T01:14:12.087+0000][info][gc,task        ] GC(753) Using 24 workers of 68 for evacuation
[2024-08-28T01:14:12.098+0000][info][gc,phases      ] GC(753)   Pre Evacuate Collection Set: 0.2ms
[2024-08-28T01:14:12.098+0000][info][gc,phases      ] GC(753)   Merge Heap Roots: 0.4ms
[2024-08-28T01:14:12.098+0000][info][gc,phases      ] GC(753)   Evacuate Collection Set: 10.0ms
[2024-08-28T01:14:12.098+0000][info][gc,phases      ] GC(753)   Post Evacuate Collection Set: 0.3ms
[2024-08-28T01:14:12.098+0000][info][gc,phases      ] GC(753)   Other: 0.2ms
[2024-08-28T01:14:12.098+0000][info][gc,heap        ] GC(753) Eden regions: 44->0(44)
[2024-08-28T01:14:12.098+0000][info][gc,heap        ] GC(753) Survivor regions: 7->7(7)
[2024-08-28T01:14:12.098+0000][info][gc,heap        ] GC(753) Old regions: 839->824
[2024-08-28T01:14:12.098+0000][info][gc,heap        ] GC(753) Archive regions: 2->2
[2024-08-28T01:14:12.098+0000][info][gc,heap        ] GC(753) Humongous regions: 5->5
[2024-08-28T01:14:12.098+0000][info][gc,metaspace   ] GC(753) Metaspace: 100K(320K)->100K(320K) NonClass: 96K(192K)->96K(192K) Class: 4K(128K)->4K(128K)
[2024-08-28T01:14:12.098+0000][info][gc             ] GC(753) Pause Young (Mixed) (G1 Evacuation Pause) 884M->824M(1024M) 11.059ms
[2024-08-28T01:14:12.098+0000][info][gc,cpu         ] GC(753) User=0.24s Sys=0.00s Real=0.02s
[2024-08-28T01:14:12.117+0000][info][gc,start       ] GC(754) Pause Young (Mixed) (G1 Evacuation Pause)
[2024-08-28T01:14:12.118+0000][info][gc,task        ] GC(754) Using 24 workers of 68 for evacuation
[2024-08-28T01:14:12.128+0000][info][gc,phases      ] GC(754)   Pre Evacuate Collection Set: 0.2ms
[2024-08-28T01:14:12.128+0000][info][gc,phases      ] GC(754)   Merge Heap Roots: 0.3ms
[2024-08-28T01:14:12.128+0000][info][gc,phases      ] GC(754)   Evacuate Collection Set: 9.4ms
[2024-08-28T01:14:12.128+0000][info][gc,phases      ] GC(754)   Post Evacuate Collection Set: 0.3ms
[2024-08-28T01:14:12.128+0000][info][gc,phases      ] GC(754)   Other: 0.2ms
[2024-08-28T01:14:12.128+0000][info][gc,heap        ] GC(754) Eden regions: 44->0(44)
[2024-08-28T01:14:12.128+0000][info][gc,heap        ] GC(754) Survivor regions: 7->7(7)
[2024-08-28T01:14:12.128+0000][info][gc,heap        ] GC(754) Old regions: 824->809
[2024-08-28T01:14:12.128+0000][info][gc,heap        ] GC(754) Archive regions: 2->2
[2024-08-28T01:14:12.128+0000][info][gc,heap        ] GC(754) Humongous regions: 5->5
[2024-08-28T01:14:12.128+0000][info][gc,metaspace   ] GC(754) Metaspace: 100K(320K)->100K(320K) NonClass: 96K(192K)->96K(192K) Class: 4K(128K)->4K(128K)
[2024-08-28T01:14:12.128+0000][info][gc             ] GC(754) Pause Young (Mixed) (G1 Evacuation Pause) 868M->811M(1024M) 10.457ms
[2024-08-28T01:14:12.128+0000][info][gc,cpu         ] GC(754) User=0.24s Sys=0.00s Real=0.01s
[2024-08-28T01:14:12.147+0000][info][gc,start       ] GC(755) Pause Young (Mixed) (G1 Evacuation Pause)
[2024-08-28T01:14:12.147+0000][info][gc,task        ] GC(755) Using 24 workers of 68 for evacuation
[2024-08-28T01:14:12.158+0000][info][gc,phases      ] GC(755)   Pre Evacuate Collection Set: 0.1ms
[2024-08-28T01:14:12.158+0000][info][gc,phases      ] GC(755)   Merge Heap Roots: 0.4ms
[2024-08-28T01:14:12.158+0000][info][gc,phases      ] GC(755)   Evacuate Collection Set: 9.2ms
[2024-08-28T01:14:12.158+0000][info][gc,phases      ] GC(755)   Post Evacuate Collection Set: 0.3ms
[2024-08-28T01:14:12.158+0000][info][gc,phases      ] GC(755)   Other: 0.2ms
[2024-08-28T01:14:12.158+0000][info][gc,heap        ] GC(755) Eden regions: 44->0(44)
[2024-08-28T01:14:12.158+0000][info][gc,heap        ] GC(755) Survivor regions: 7->7(7)
[2024-08-28T01:14:12.158+0000][info][gc,heap        ] GC(755) Old regions: 809->844
[2024-08-28T01:14:12.158+0000][info][gc,heap        ] GC(755) Archive regions: 2->2
[2024-08-28T01:14:12.158+0000][info][gc,heap        ] GC(755) Humongous regions: 5->5
[2024-08-28T01:14:12.158+0000][info][gc,metaspace   ] GC(755) Metaspace: 100K(320K)->100K(320K) NonClass: 96K(192K)->96K(192K) Class: 4K(128K)->4K(128K)
[2024-08-28T01:14:12.158+0000][info][gc             ] GC(755) Pause Young (Mixed) (G1 Evacuation Pause) 855M->848M(1024M) 10.258ms
[2024-08-28T01:14:12.158+0000][info][gc,cpu         ] GC(755) User=0.21s Sys=0.01s Real=0.02s
[2024-08-28T01:14:12.177+0000][info][gc,start       ] GC(756) Pause Young (Concurrent Start) (G1 Evacuation Pause)
[2024-08-28T01:14:12.177+0000][info][gc,task        ] GC(756) Using 24 workers of 68 for evacuation
[2024-08-28T01:14:12.186+0000][info][gc,phases      ] GC(756)   Pre Evacuate Collection Set: 0.1ms
[2024-08-28T01:14:12.187+0000][info][gc,phases      ] GC(756)   Merge Heap Roots: 0.4ms
[2024-08-28T01:14:12.187+0000][info][gc,phases      ] GC(756)   Evacuate Collection Set: 8.7ms
[2024-08-28T01:14:12.187+0000][info][gc,phases      ] GC(756)   Post Evacuate Collection Set: 0.3ms
[2024-08-28T01:14:12.187+0000][info][gc,phases      ] GC(756)   Other: 0.4ms
[2024-08-28T01:14:12.187+0000][info][gc,heap        ] GC(756) Eden regions: 44->0(44)
[2024-08-28T01:14:12.187+0000][info][gc,heap        ] GC(756) Survivor regions: 7->7(7)
[2024-08-28T01:14:12.187+0000][info][gc,heap        ] GC(756) Old regions: 844->891
[2024-08-28T01:14:12.187+0000][info][gc,heap        ] GC(756) Archive regions: 2->2
[2024-08-28T01:14:12.187+0000][info][gc,heap        ] GC(756) Humongous regions: 5->5
[2024-08-28T01:14:12.187+0000][info][gc,metaspace   ] GC(756) Metaspace: 100K(320K)->100K(320K) NonClass: 96K(192K)->96K(192K) Class: 4K(128K)->4K(128K)
[2024-08-28T01:14:12.187+0000][info][gc             ] GC(756) Pause Young (Concurrent Start) (G1 Evacuation Pause) 892M->895M(1024M) 9.994ms
[2024-08-28T01:14:12.187+0000][info][gc,cpu         ] GC(756) User=0.21s Sys=0.01s Real=0.01s
[2024-08-28T01:14:12.187+0000][info][gc             ] GC(757) Concurrent Mark Cycle
[2024-08-28T01:14:12.187+0000][info][gc,marking     ] GC(757) Concurrent Clear Claimed Marks
[2024-08-28T01:14:12.187+0000][info][gc,marking     ] GC(757) Concurrent Clear Claimed Marks 0.014ms
[2024-08-28T01:14:12.187+0000][info][gc,marking     ] GC(757) Concurrent Scan Root Regions
[2024-08-28T01:14:12.188+0000][info][gc,marking     ] GC(757) Concurrent Scan Root Regions 1.591ms
[2024-08-28T01:14:12.188+0000][info][gc,marking     ] GC(757) Concurrent Mark
[2024-08-28T01:14:12.188+0000][info][gc,marking     ] GC(757) Concurrent Mark From Roots
[2024-08-28T01:14:12.188+0000][info][gc,task        ] GC(757) Using 17 workers of 17 for marking
[2024-08-28T01:14:12.212+0000][info][gc,marking     ] GC(757) Concurrent Mark From Roots 23.378ms
[2024-08-28T01:14:12.212+0000][info][gc,marking     ] GC(757) Concurrent Preclean
[2024-08-28T01:14:12.213+0000][info][gc,marking     ] GC(757) Concurrent Preclean 0.882ms
[2024-08-28T01:14:12.213+0000][info][gc,start       ] GC(757) Pause Remark
[2024-08-28T01:14:12.214+0000][info][gc             ] GC(757) Pause Remark 938M->938M(1024M) 1.182ms
[2024-08-28T01:14:12.214+0000][info][gc,cpu         ] GC(757) User=0.01s Sys=0.00s Real=0.00s
[2024-08-28T01:14:12.214+0000][info][gc,marking     ] GC(757) Concurrent Mark 25.852ms
[2024-08-28T01:14:12.214+0000][info][gc,marking     ] GC(757) Concurrent Rebuild Remembered Sets
[2024-08-28T01:14:12.215+0000][info][gc,start       ] GC(758) Pause Young (Normal) (G1 Evacuation Pause)
[2024-08-28T01:14:12.215+0000][info][gc,task        ] GC(758) Using 24 workers of 68 for evacuation
[2024-08-28T01:14:12.225+0000][info][gc,phases      ] GC(758)   Pre Evacuate Collection Set: 0.1ms
[2024-08-28T01:14:12.225+0000][info][gc,phases      ] GC(758)   Merge Heap Roots: 0.3ms
[2024-08-28T01:14:12.225+0000][info][gc,phases      ] GC(758)   Evacuate Collection Set: 8.6ms
[2024-08-28T01:14:12.225+0000][info][gc,phases      ] GC(758)   Post Evacuate Collection Set: 0.4ms
[2024-08-28T01:14:12.225+0000][info][gc,phases      ] GC(758)   Other: 0.1ms
[2024-08-28T01:14:12.225+0000][info][gc,heap        ] GC(758) Eden regions: 44->0(44)
[2024-08-28T01:14:12.225+0000][info][gc,heap        ] GC(758) Survivor regions: 7->7(7)
[2024-08-28T01:14:12.225+0000][info][gc,heap        ] GC(758) Old regions: 891->938
[2024-08-28T01:14:12.225+0000][info][gc,heap        ] GC(758) Archive regions: 2->2
[2024-08-28T01:14:12.225+0000][info][gc,heap        ] GC(758) Humongous regions: 5->5
[2024-08-28T01:14:12.225+0000][info][gc,metaspace   ] GC(758) Metaspace: 100K(320K)->100K(320K) NonClass: 96K(192K)->96K(192K) Class: 4K(128K)->4K(128K)
[2024-08-28T01:14:12.225+0000][info][gc             ] GC(758) Pause Young (Normal) (G1 Evacuation Pause) 939M->942M(1024M) 9.496ms
[2024-08-28T01:14:12.225+0000][info][gc,cpu         ] GC(758) User=0.21s Sys=0.00s Real=0.01s
[2024-08-28T01:14:12.240+0000][info][gc,start       ] GC(759) Pause Young (Normal) (G1 Preventive Collection)
[2024-08-28T01:14:12.240+0000][info][gc,task        ] GC(759) Using 24 workers of 68 for evacuation
[2024-08-28T01:14:12.252+0000][info][gc,phases      ] GC(759)   Pre Evacuate Collection Set: 0.1ms
[2024-08-28T01:14:12.252+0000][info][gc,phases      ] GC(759)   Merge Heap Roots: 0.4ms
[2024-08-28T01:14:12.252+0000][info][gc,phases      ] GC(759)   Evacuate Collection Set: 10.7ms
[2024-08-28T01:14:12.252+0000][info][gc,phases      ] GC(759)   Post Evacuate Collection Set: 0.4ms
[2024-08-28T01:14:12.252+0000][info][gc,phases      ] GC(759)   Other: 0.1ms
[2024-08-28T01:14:12.252+0000][info][gc,heap        ] GC(759) Eden regions: 31->0(44)
[2024-08-28T01:14:12.252+0000][info][gc,heap        ] GC(759) Survivor regions: 7->7(7)
[2024-08-28T01:14:12.252+0000][info][gc,heap        ] GC(759) Old regions: 938->972
[2024-08-28T01:14:12.252+0000][info][gc,heap        ] GC(759) Archive regions: 2->2
[2024-08-28T01:14:12.252+0000][info][gc,heap        ] GC(759) Humongous regions: 5->5
[2024-08-28T01:14:12.252+0000][info][gc,metaspace   ] GC(759) Metaspace: 100K(320K)->100K(320K) NonClass: 96K(192K)->96K(192K) Class: 4K(128K)->4K(128K)
[2024-08-28T01:14:12.252+0000][info][gc             ] GC(759) Pause Young (Normal) (G1 Preventive Collection) 973M->976M(1024M) 11.900ms
[2024-08-28T01:14:12.252+0000][info][gc,cpu         ] GC(759) User=0.27s Sys=0.00s Real=0.01s
[2024-08-28T01:14:12.260+0000][info][gc,start       ] GC(760) Pause Young (Normal) (G1 Preventive Collection)
[2024-08-28T01:14:12.260+0000][info][gc,task        ] GC(760) Using 24 workers of 68 for evacuation
[2024-08-28T01:14:12.269+0000][info][gc,phases      ] GC(760)   Pre Evacuate Collection Set: 0.1ms
[2024-08-28T01:14:12.269+0000][info][gc,phases      ] GC(760)   Merge Heap Roots: 0.4ms
[2024-08-28T01:14:12.269+0000][info][gc,phases      ] GC(760)   Evacuate Collection Set: 8.5ms
[2024-08-28T01:14:12.269+0000][info][gc,phases      ] GC(760)   Post Evacuate Collection Set: 0.5ms
[2024-08-28T01:14:12.269+0000][info][gc,phases      ] GC(760)   Other: 0.1ms
[2024-08-28T01:14:12.269+0000][info][gc,heap        ] GC(760) Eden regions: 14->0(44)
[2024-08-28T01:14:12.269+0000][info][gc,heap        ] GC(760) Survivor regions: 7->7(7)
[2024-08-28T01:14:12.269+0000][info][gc,heap        ] GC(760) Old regions: 972->989
[2024-08-28T01:14:12.269+0000][info][gc,heap        ] GC(760) Archive regions: 2->2
[2024-08-28T01:14:12.269+0000][info][gc,heap        ] GC(760) Humongous regions: 5->5
[2024-08-28T01:14:12.269+0000][info][gc,metaspace   ] GC(760) Metaspace: 100K(320K)->100K(320K) NonClass: 96K(192K)->96K(192K) Class: 4K(128K)->4K(128K)
[2024-08-28T01:14:12.269+0000][info][gc             ] GC(760) Pause Young (Normal) (G1 Preventive Collection) 990M->993M(1024M) 9.713ms
[2024-08-28T01:14:12.269+0000][info][gc,cpu         ] GC(760) User=0.22s Sys=0.00s Real=0.00s
[2024-08-28T01:14:12.272+0000][info][gc,start       ] GC(761) Pause Young (Normal) (G1 Preventive Collection)
[2024-08-28T01:14:12.272+0000][info][gc,task        ] GC(761) Using 24 workers of 68 for evacuation
[2024-08-28T01:14:12.280+0000][info][gc             ] GC(761) To-space exhausted
[2024-08-28T01:14:12.280+0000][info][gc,phases      ] GC(761)   Pre Evacuate Collection Set: 0.1ms
[2024-08-28T01:14:12.280+0000][info][gc,phases      ] GC(761)   Merge Heap Roots: 0.5ms
[2024-08-28T01:14:12.280+0000][info][gc,phases      ] GC(761)   Evacuate Collection Set: 6.2ms
[2024-08-28T01:14:12.280+0000][info][gc,phases      ] GC(761)   Post Evacuate Collection Set: 0.7ms
[2024-08-28T01:14:12.280+0000][info][gc,phases      ] GC(761)   Other: 0.1ms
[2024-08-28T01:14:12.280+0000][info][gc,heap        ] GC(761) Eden regions: 6->0(45)
[2024-08-28T01:14:12.280+0000][info][gc,heap        ] GC(761) Survivor regions: 7->6(7)
[2024-08-28T01:14:12.280+0000][info][gc,heap        ] GC(761) Old regions: 989->1008
[2024-08-28T01:14:12.280+0000][info][gc,heap        ] GC(761) Archive regions: 2->2
[2024-08-28T01:14:12.280+0000][info][gc,heap        ] GC(761) Humongous regions: 5->5
[2024-08-28T01:14:12.280+0000][info][gc,metaspace   ] GC(761) Metaspace: 100K(320K)->100K(320K) NonClass: 96K(192K)->96K(192K) Class: 4K(128K)->4K(128K)
[2024-08-28T01:14:12.280+0000][info][gc             ] GC(761) Pause Young (Normal) (G1 Preventive Collection) 999M->1011M(1024M) 7.698ms
[2024-08-28T01:14:12.280+0000][info][gc,cpu         ] GC(761) User=0.17s Sys=0.00s Real=0.01s
[2024-08-28T01:14:12.281+0000][info][gc,start       ] GC(762) Pause Young (Normal) (G1 Preventive Collection)
[2024-08-28T01:14:12.281+0000][info][gc,task        ] GC(762) Using 24 workers of 68 for evacuation
[2024-08-28T01:14:12.288+0000][info][gc             ] GC(762) To-space exhausted
[2024-08-28T01:14:12.288+0000][info][gc,phases      ] GC(762)   Pre Evacuate Collection Set: 0.1ms
[2024-08-28T01:14:12.288+0000][info][gc,phases      ] GC(762)   Merge Heap Roots: 0.5ms
[2024-08-28T01:14:12.288+0000][info][gc,phases      ] GC(762)   Evacuate Collection Set: 4.9ms
[2024-08-28T01:14:12.288+0000][info][gc,phases      ] GC(762)   Post Evacuate Collection Set: 0.8ms
[2024-08-28T01:14:12.288+0000][info][gc,phases      ] GC(762)   Other: 0.1ms
[2024-08-28T01:14:12.288+0000][info][gc,heap        ] GC(762) Eden regions: 1->0(50)
[2024-08-28T01:14:12.288+0000][info][gc,heap        ] GC(762) Survivor regions: 6->1(2)
[2024-08-28T01:14:12.288+0000][info][gc,heap        ] GC(762) Old regions: 1008->1016
[2024-08-28T01:14:12.288+0000][info][gc,heap        ] GC(762) Archive regions: 2->2
[2024-08-28T01:14:12.288+0000][info][gc,heap        ] GC(762) Humongous regions: 5->5
[2024-08-28T01:14:12.288+0000][info][gc,metaspace   ] GC(762) Metaspace: 100K(320K)->100K(320K) NonClass: 96K(192K)->96K(192K) Class: 4K(128K)->4K(128K)
[2024-08-28T01:14:12.288+0000][info][gc             ] GC(762) Pause Young (Normal) (G1 Preventive Collection) 1012M->1014M(1024M) 6.471ms
[2024-08-28T01:14:12.288+0000][info][gc,cpu         ] GC(762) User=0.14s Sys=0.00s Real=0.00s
[2024-08-28T01:14:12.288+0000][info][gc,ergo        ] Attempting full compaction
[2024-08-28T01:14:12.288+0000][info][gc,task        ] GC(763) Using 24 workers of 68 for full compaction
[2024-08-28T01:14:12.288+0000][info][gc,start       ] GC(763) Pause Full (G1 Compaction Pause)
[2024-08-28T01:14:12.289+0000][info][gc,phases,start] GC(763) Phase 1: Mark live objects
[2024-08-28T01:14:12.302+0000][info][gc,phases      ] GC(763) Phase 1: Mark live objects 13.010ms
[2024-08-28T01:14:12.302+0000][info][gc,phases,start] GC(763) Phase 2: Prepare for compaction
[2024-08-28T01:14:12.310+0000][info][gc,phases      ] GC(763) Phase 2: Prepare for compaction 7.943ms
[2024-08-28T01:14:12.310+0000][info][gc,phases,start] GC(763) Phase 3: Adjust pointers
[2024-08-28T01:14:12.323+0000][info][gc,phases      ] GC(763) Phase 3: Adjust pointers 13.294ms
[2024-08-28T01:14:12.323+0000][info][gc,phases,start] GC(763) Phase 4: Compact heap
[2024-08-28T01:14:12.352+0000][info][gc,phases      ] GC(763) Phase 4: Compact heap 28.904ms
[2024-08-28T01:14:12.353+0000][info][gc,heap        ] GC(763) Eden regions: 0->0(149)
[2024-08-28T01:14:12.353+0000][info][gc,heap        ] GC(763) Survivor regions: 1->0(2)
[2024-08-28T01:14:12.353+0000][info][gc,heap        ] GC(763) Old regions: 1016->445
[2024-08-28T01:14:12.353+0000][info][gc,heap        ] GC(763) Archive regions: 2->2
[2024-08-28T01:14:12.353+0000][info][gc,heap        ] GC(763) Humongous regions: 5->5
[2024-08-28T01:14:12.353+0000][info][gc,metaspace   ] GC(763) Metaspace: 100K(320K)->100K(320K) NonClass: 96K(192K)->96K(192K) Class: 4K(128K)->4K(128K)
[2024-08-28T01:14:12.353+0000][info][gc             ] GC(763) Pause Full (G1 Compaction Pause) 1014M->436M(1024M) 65.074ms
[2024-08-28T01:14:12.353+0000][info][gc,cpu         ] GC(763) User=1.42s Sys=0.00s Real=0.07s
[2024-08-28T01:14:12.354+0000][info][gc,marking     ] GC(757) Concurrent Rebuild Remembered Sets 139.256ms
[2024-08-28T01:14:12.354+0000][info][gc,marking     ] GC(757) Concurrent Mark Abort
[2024-08-28T01:14:12.354+0000][info][gc             ] GC(757) Concurrent Mark Cycle 166.914ms
[2024-08-28T01:14:12.424+0000][info][gc,start       ] GC(764) Pause Young (Normal) (G1 Evacuation Pause)
[2024-08-28T01:14:12.424+0000][info][gc,task        ] GC(764) Using 24 workers of 68 for evacuation
[2024-08-28T01:14:12.445+0000][info][gc,phases      ] GC(764)   Pre Evacuate Collection Set: 0.1ms
[2024-08-28T01:14:12.445+0000][info][gc,phases      ] GC(764)   Merge Heap Roots: 0.3ms
[2024-08-28T01:14:12.445+0000][info][gc,phases      ] GC(764)   Evacuate Collection Set: 20.0ms
[2024-08-28T01:14:12.445+0000][info][gc,phases      ] GC(764)   Post Evacuate Collection Set: 0.3ms
[2024-08-28T01:14:12.445+0000][info][gc,phases      ] GC(764)   Other: 0.2ms
[2024-08-28T01:14:12.445+0000][info][gc,heap        ] GC(764) Eden regions: 149->0(103)
[2024-08-28T01:14:12.445+0000][info][gc,heap        ] GC(764) Survivor regions: 0->19(19)
[2024-08-28T01:14:12.445+0000][info][gc,heap        ] GC(764) Old regions: 445->571
[2024-08-28T01:14:12.445+0000][info][gc,heap        ] GC(764) Archive regions: 2->2
[2024-08-28T01:14:12.445+0000][info][gc,heap        ] GC(764) Humongous regions: 5->5
[2024-08-28T01:14:12.445+0000][info][gc,metaspace   ] GC(764) Metaspace: 100K(320K)->100K(320K) NonClass: 96K(192K)->96K(192K) Class: 4K(128K)->4K(128K)
[2024-08-28T01:14:12.445+0000][info][gc             ] GC(764) Pause Young (Normal) (G1 Evacuation Pause) 585M->581M(1024M) 21.096ms
[2024-08-28T01:14:12.445+0000][info][gc,cpu         ] GC(764) User=0.48s Sys=0.00s Real=0.02s
[2024-08-28T01:14:12.490+0000][info][gc,start       ] GC(765) Pause Young (Concurrent Start) (G1 Evacuation Pause)
[2024-08-28T01:14:12.490+0000][info][gc,task        ] GC(765) Using 24 workers of 68 for evacuation
[2024-08-28T01:14:12.508+0000][info][gc,phases      ] GC(765)   Pre Evacuate Collection Set: 0.1ms
[2024-08-28T01:14:12.508+0000][info][gc,phases      ] GC(765)   Merge Heap Roots: 0.4ms
[2024-08-28T01:14:12.508+0000][info][gc,phases      ] GC(765)   Evacuate Collection Set: 17.3ms
[2024-08-28T01:14:12.508+0000][info][gc,phases      ] GC(765)   Post Evacuate Collection Set: 0.3ms
[2024-08-28T01:14:12.508+0000][info][gc,phases      ] GC(765)   Other: 0.5ms
[2024-08-28T01:14:12.508+0000][info][gc,heap        ] GC(765) Eden regions: 103->0(69)
[2024-08-28T01:14:12.508+0000][info][gc,heap        ] GC(765) Survivor regions: 19->16(16)
[2024-08-28T01:14:12.508+0000][info][gc,heap        ] GC(765) Old regions: 571->678
[2024-08-28T01:14:12.508+0000][info][gc,heap        ] GC(765) Archive regions: 2->2
[2024-08-28T01:14:12.508+0000][info][gc,heap        ] GC(765) Humongous regions: 5->5
[2024-08-28T01:14:12.508+0000][info][gc,metaspace   ] GC(765) Metaspace: 100K(320K)->100K(320K) NonClass: 96K(192K)->96K(192K) Class: 4K(128K)->4K(128K)
[2024-08-28T01:14:12.508+0000][info][gc             ] GC(765) Pause Young (Concurrent Start) (G1 Evacuation Pause) 684M->685M(1024M) 18.696ms
[2024-08-28T01:14:12.508+0000][info][gc,cpu         ] GC(765) User=0.42s Sys=0.00s Real=0.01s
[2024-08-28T01:14:12.508+0000][info][gc             ] GC(766) Concurrent Mark Cycle
[2024-08-28T01:14:12.508+0000][info][gc,marking     ] GC(766) Concurrent Clear Claimed Marks
[2024-08-28T01:14:12.508+0000][info][gc,marking     ] GC(766) Concurrent Clear Claimed Marks 0.010ms
[2024-08-28T01:14:12.508+0000][info][gc,marking     ] GC(766) Concurrent Scan Root Regions
[2024-08-28T01:14:12.512+0000][info][gc,marking     ] GC(766) Concurrent Scan Root Regions 3.330ms
[2024-08-28T01:14:12.512+0000][info][gc,marking     ] GC(766) Concurrent Mark
[2024-08-28T01:14:12.512+0000][info][gc,marking     ] GC(766) Concurrent Mark From Roots
[2024-08-28T01:14:12.512+0000][info][gc,task        ] GC(766) Using 17 workers of 17 for marking
[2024-08-28T01:14:12.533+0000][info][gc,marking     ] GC(766) Concurrent Mark From Roots 20.834ms
[2024-08-28T01:14:12.533+0000][info][gc,marking     ] GC(766) Concurrent Preclean
[2024-08-28T01:14:12.533+0000][info][gc,marking     ] GC(766) Concurrent Preclean 0.635ms
[2024-08-28T01:14:12.534+0000][info][gc,start       ] GC(766) Pause Remark
[2024-08-28T01:14:12.535+0000][info][gc             ] GC(766) Pause Remark 725M->725M(1024M) 0.951ms
[2024-08-28T01:14:12.535+0000][info][gc,cpu         ] GC(766) User=0.00s Sys=0.00s Real=0.00s
[2024-08-28T01:14:12.535+0000][info][gc,marking     ] GC(766) Concurrent Mark 22.718ms
[2024-08-28T01:14:12.535+0000][info][gc,marking     ] GC(766) Concurrent Rebuild Remembered Sets
[2024-08-28T01:14:12.548+0000][info][gc,start       ] GC(767) Pause Young (Normal) (G1 Evacuation Pause)
[2024-08-28T01:14:12.548+0000][info][gc,task        ] GC(767) Using 24 workers of 68 for evacuation
[2024-08-28T01:14:12.564+0000][info][gc,phases      ] GC(767)   Pre Evacuate Collection Set: 0.1ms
[2024-08-28T01:14:12.564+0000][info][gc,phases      ] GC(767)   Merge Heap Roots: 0.3ms
[2024-08-28T01:14:12.564+0000][info][gc,phases      ] GC(767)   Evacuate Collection Set: 14.3ms
[2024-08-28T01:14:12.564+0000][info][gc,phases      ] GC(767)   Post Evacuate Collection Set: 0.5ms
[2024-08-28T01:14:12.564+0000][info][gc,phases      ] GC(767)   Other: 0.2ms
[2024-08-28T01:14:12.564+0000][info][gc,heap        ] GC(767) Eden regions: 69->0(46)
[2024-08-28T01:14:12.564+0000][info][gc,heap        ] GC(767) Survivor regions: 16->11(11)
[2024-08-28T01:14:12.564+0000][info][gc,heap        ] GC(767) Old regions: 678->755
[2024-08-28T01:14:12.564+0000][info][gc,heap        ] GC(767) Archive regions: 2->2
[2024-08-28T01:14:12.564+0000][info][gc,heap        ] GC(767) Humongous regions: 5->5
[2024-08-28T01:14:12.564+0000][info][gc,metaspace   ] GC(767) Metaspace: 100K(320K)->100K(320K) NonClass: 96K(192K)->96K(192K) Class: 4K(128K)->4K(128K)
[2024-08-28T01:14:12.564+0000][info][gc             ] GC(767) Pause Young (Normal) (G1 Evacuation Pause) 754M->757M(1024M) 15.428ms
[2024-08-28T01:14:12.564+0000][info][gc,cpu         ] GC(767) User=0.35s Sys=0.00s Real=0.02s
[2024-08-28T01:14:12.586+0000][info][gc,start       ] GC(768) Pause Young (Normal) (G1 Evacuation Pause)
[2024-08-28T01:14:12.586+0000][info][gc,task        ] GC(768) Using 24 workers of 68 for evacuation
[2024-08-28T01:14:12.604+0000][info][gc,phases      ] GC(768)   Pre Evacuate Collection Set: 0.1ms
[2024-08-28T01:14:12.604+0000][info][gc,phases      ] GC(768)   Merge Heap Roots: 0.5ms
[2024-08-28T01:14:12.604+0000][info][gc,phases      ] GC(768)   Evacuate Collection Set: 17.5ms
[2024-08-28T01:14:12.604+0000][info][gc,phases      ] GC(768)   Post Evacuate Collection Set: 0.6ms
[2024-08-28T01:14:12.604+0000][info][gc,phases      ] GC(768)   Other: 0.2ms
[2024-08-28T01:14:12.604+0000][info][gc,heap        ] GC(768) Eden regions: 46->0(43)
[2024-08-28T01:14:12.604+0000][info][gc,heap        ] GC(768) Survivor regions: 11->8(8)
[2024-08-28T01:14:12.604+0000][info][gc,heap        ] GC(768) Old regions: 755->809
[2024-08-28T01:14:12.604+0000][info][gc,heap        ] GC(768) Archive regions: 2->2
[2024-08-28T01:14:12.604+0000][info][gc,heap        ] GC(768) Humongous regions: 5->5
[2024-08-28T01:14:12.604+0000][info][gc,metaspace   ] GC(768) Metaspace: 100K(320K)->100K(320K) NonClass: 96K(192K)->96K(192K) Class: 4K(128K)->4K(128K)
[2024-08-28T01:14:12.605+0000][info][gc             ] GC(768) Pause Young (Normal) (G1 Evacuation Pause) 803M->808M(1024M) 18.941ms
[2024-08-28T01:14:12.605+0000][info][gc,cpu         ] GC(768) User=0.43s Sys=0.01s Real=0.02s
[2024-08-28T01:14:12.617+0000][info][gc,marking     ] GC(766) Concurrent Rebuild Remembered Sets 82.217ms
[2024-08-28T01:14:12.617+0000][info][gc,start       ] GC(766) Pause Cleanup
[2024-08-28T01:14:12.618+0000][info][gc             ] GC(766) Pause Cleanup 832M->832M(1024M) 0.874ms
[2024-08-28T01:14:12.618+0000][info][gc,cpu         ] GC(766) User=0.00s Sys=0.00s Real=0.01s
[2024-08-28T01:14:12.618+0000][info][gc,marking     ] GC(766) Concurrent Cleanup for Next Mark
[2024-08-28T01:14:12.619+0000][info][gc,marking     ] GC(766) Concurrent Cleanup for Next Mark 0.587ms
[2024-08-28T01:14:12.619+0000][info][gc             ] GC(766) Concurrent Mark Cycle 110.195ms
[2024-08-28T01:14:12.628+0000][info][gc,start       ] GC(769) Pause Young (Prepare Mixed) (G1 Evacuation Pause)
[2024-08-28T01:14:12.629+0000][info][gc,task        ] GC(769) Using 24 workers of 68 for evacuation
[2024-08-28T01:14:12.646+0000][info][gc,phases      ] GC(769)   Pre Evacuate Collection Set: 0.2ms
[2024-08-28T01:14:12.646+0000][info][gc,phases      ] GC(769)   Merge Heap Roots: 0.4ms
[2024-08-28T01:14:12.646+0000][info][gc,phases      ] GC(769)   Evacuate Collection Set: 16.8ms
[2024-08-28T01:14:12.646+0000][info][gc,phases      ] GC(769)   Post Evacuate Collection Set: 0.3ms
[2024-08-28T01:14:12.646+0000][info][gc,phases      ] GC(769)   Other: 0.2ms
[2024-08-28T01:14:12.646+0000][info][gc,heap        ] GC(769) Eden regions: 43->0(44)
[2024-08-28T01:14:12.646+0000][info][gc,heap        ] GC(769) Survivor regions: 8->7(7)
[2024-08-28T01:14:12.646+0000][info][gc,heap        ] GC(769) Old regions: 809->856
[2024-08-28T01:14:12.646+0000][info][gc,heap        ] GC(769) Archive regions: 2->2
[2024-08-28T01:14:12.646+0000][info][gc,heap        ] GC(769) Humongous regions: 5->5
[2024-08-28T01:14:12.646+0000][info][gc,metaspace   ] GC(769) Metaspace: 100K(320K)->100K(320K) NonClass: 96K(192K)->96K(192K) Class: 4K(128K)->4K(128K)
[2024-08-28T01:14:12.646+0000][info][gc             ] GC(769) Pause Young (Prepare Mixed) (G1 Evacuation Pause) 851M->854M(1024M) 17.864ms
[2024-08-28T01:14:12.646+0000][info][gc,cpu         ] GC(769) User=0.41s Sys=0.00s Real=0.02s
[2024-08-28T01:14:12.667+0000][info][gc,start       ] GC(770) Pause Young (Mixed) (G1 Evacuation Pause)
[2024-08-28T01:14:12.668+0000][info][gc,task        ] GC(770) Using 24 workers of 68 for evacuation
[2024-08-28T01:14:12.679+0000][info][gc,phases      ] GC(770)   Pre Evacuate Collection Set: 0.2ms
[2024-08-28T01:14:12.679+0000][info][gc,phases      ] GC(770)   Merge Heap Roots: 0.3ms
[2024-08-28T01:14:12.679+0000][info][gc,phases      ] GC(770)   Evacuate Collection Set: 10.2ms
[2024-08-28T01:14:12.679+0000][info][gc,phases      ] GC(770)   Post Evacuate Collection Set: 0.3ms
[2024-08-28T01:14:12.679+0000][info][gc,phases      ] GC(770)   Other: 0.2ms
[2024-08-28T01:14:12.679+0000][info][gc,heap        ] GC(770) Eden regions: 44->0(44)
[2024-08-28T01:14:12.679+0000][info][gc,heap        ] GC(770) Survivor regions: 7->7(7)
[2024-08-28T01:14:12.679+0000][info][gc,heap        ] GC(770) Old regions: 856->841
[2024-08-28T01:14:12.679+0000][info][gc,heap        ] GC(770) Archive regions: 2->2
[2024-08-28T01:14:12.679+0000][info][gc,heap        ] GC(770) Humongous regions: 5->5
[2024-08-28T01:14:12.679+0000][info][gc,metaspace   ] GC(770) Metaspace: 100K(320K)->100K(320K) NonClass: 96K(192K)->96K(192K) Class: 4K(128K)->4K(128K)
[2024-08-28T01:14:12.679+0000][info][gc             ] GC(770) Pause Young (Mixed) (G1 Evacuation Pause) 898M->840M(1024M) 11.223ms
[2024-08-28T01:14:12.679+0000][info][gc,cpu         ] GC(770) User=0.26s Sys=0.00s Real=0.02s
[2024-08-28T01:14:12.700+0000][info][gc,start       ] GC(771) Pause Young (Mixed) (G1 Evacuation Pause)
[2024-08-28T01:14:12.700+0000][info][gc,task        ] GC(771) Using 24 workers of 68 for evacuation
[2024-08-28T01:14:12.711+0000][info][gc,phases      ] GC(771)   Pre Evacuate Collection Set: 0.2ms
[2024-08-28T01:14:12.711+0000][info][gc,phases      ] GC(771)   Merge Heap Roots: 0.3ms
[2024-08-28T01:14:12.711+0000][info][gc,phases      ] GC(771)   Evacuate Collection Set: 10.0ms
[2024-08-28T01:14:12.711+0000][info][gc,phases      ] GC(771)   Post Evacuate Collection Set: 0.3ms
[2024-08-28T01:14:12.711+0000][info][gc,phases      ] GC(771)   Other: 0.2ms
[2024-08-28T01:14:12.711+0000][info][gc,heap        ] GC(771) Eden regions: 44->0(44)
[2024-08-28T01:14:12.711+0000][info][gc,heap        ] GC(771) Survivor regions: 7->7(7)
[2024-08-28T01:14:12.711+0000][info][gc,heap        ] GC(771) Old regions: 841->827
[2024-08-28T01:14:12.711+0000][info][gc,heap        ] GC(771) Archive regions: 2->2
[2024-08-28T01:14:12.711+0000][info][gc,heap        ] GC(771) Humongous regions: 5->5
[2024-08-28T01:14:12.711+0000][info][gc,metaspace   ] GC(771) Metaspace: 100K(320K)->100K(320K) NonClass: 96K(192K)->96K(192K) Class: 4K(128K)->4K(128K)
[2024-08-28T01:14:12.711+0000][info][gc             ] GC(771) Pause Young (Mixed) (G1 Evacuation Pause) 884M->826M(1024M) 11.035ms
[2024-08-28T01:14:12.711+0000][info][gc,cpu         ] GC(771) User=0.25s Sys=0.00s Real=0.01s
[2024-08-28T01:14:12.732+0000][info][gc,start       ] GC(772) Pause Young (Mixed) (G1 Evacuation Pause)
[2024-08-28T01:14:12.732+0000][info][gc,task        ] GC(772) Using 24 workers of 68 for evacuation
[2024-08-28T01:14:12.743+0000][info][gc,phases      ] GC(772)   Pre Evacuate Collection Set: 0.2ms
[2024-08-28T01:14:12.743+0000][info][gc,phases      ] GC(772)   Merge Heap Roots: 0.3ms
[2024-08-28T01:14:12.743+0000][info][gc,phases      ] GC(772)   Evacuate Collection Set: 10.0ms
[2024-08-28T01:14:12.743+0000][info][gc,phases      ] GC(772)   Post Evacuate Collection Set: 0.3ms
[2024-08-28T01:14:12.743+0000][info][gc,phases      ] GC(772)   Other: 0.2ms
[2024-08-28T01:14:12.743+0000][info][gc,heap        ] GC(772) Eden regions: 44->0(44)
[2024-08-28T01:14:12.743+0000][info][gc,heap        ] GC(772) Survivor regions: 7->7(7)
[2024-08-28T01:14:12.743+0000][info][gc,heap        ] GC(772) Old regions: 827->813
[2024-08-28T01:14:12.743+0000][info][gc,heap        ] GC(772) Archive regions: 2->2
[2024-08-28T01:14:12.743+0000][info][gc,heap        ] GC(772) Humongous regions: 5->5
[2024-08-28T01:14:12.743+0000][info][gc,metaspace   ] GC(772) Metaspace: 100K(320K)->100K(320K) NonClass: 96K(192K)->96K(192K) Class: 4K(128K)->4K(128K)
[2024-08-28T01:14:12.743+0000][info][gc             ] GC(772) Pause Young (Mixed) (G1 Evacuation Pause) 870M->816M(1024M) 11.072ms
[2024-08-28T01:14:12.743+0000][info][gc,cpu         ] GC(772) User=0.25s Sys=0.00s Real=0.01s
[2024-08-28T01:14:12.765+0000][info][gc,start       ] GC(773) Pause Young (Mixed) (G1 Evacuation Pause)
[2024-08-28T01:14:12.765+0000][info][gc,task        ] GC(773) Using 24 workers of 68 for evacuation
[2024-08-28T01:14:12.775+0000][info][gc,phases      ] GC(773)   Pre Evacuate Collection Set: 0.2ms
[2024-08-28T01:14:12.775+0000][info][gc,phases      ] GC(773)   Merge Heap Roots: 0.3ms
[2024-08-28T01:14:12.775+0000][info][gc,phases      ] GC(773)   Evacuate Collection Set: 9.7ms
[2024-08-28T01:14:12.775+0000][info][gc,phases      ] GC(773)   Post Evacuate Collection Set: 0.3ms
[2024-08-28T01:14:12.775+0000][info][gc,phases      ] GC(773)   Other: 0.2ms
[2024-08-28T01:14:12.775+0000][info][gc,heap        ] GC(773) Eden regions: 44->0(44)
[2024-08-28T01:14:12.775+0000][info][gc,heap        ] GC(773) Survivor regions: 7->7(7)
[2024-08-28T01:14:12.775+0000][info][gc,heap        ] GC(773) Old regions: 813->846
[2024-08-28T01:14:12.775+0000][info][gc,heap        ] GC(773) Archive regions: 2->2
[2024-08-28T01:14:12.775+0000][info][gc,heap        ] GC(773) Humongous regions: 5->5
[2024-08-28T01:14:12.775+0000][info][gc,metaspace   ] GC(773) Metaspace: 100K(320K)->100K(320K) NonClass: 96K(192K)->96K(192K) Class: 4K(128K)->4K(128K)
[2024-08-28T01:14:12.775+0000][info][gc             ] GC(773) Pause Young (Mixed) (G1 Evacuation Pause) 860M->852M(1024M) 10.589ms
[2024-08-28T01:14:12.775+0000][info][gc,cpu         ] GC(773) User=0.24s Sys=0.00s Real=0.01s
[2024-08-28T01:14:12.796+0000][info][gc,start       ] GC(774) Pause Young (Concurrent Start) (G1 Evacuation Pause)
[2024-08-28T01:14:12.796+0000][info][gc,task        ] GC(774) Using 24 workers of 68 for evacuation
[2024-08-28T01:14:12.806+0000][info][gc,phases      ] GC(774)   Pre Evacuate Collection Set: 0.2ms
[2024-08-28T01:14:12.806+0000][info][gc,phases      ] GC(774)   Merge Heap Roots: 0.2ms
[2024-08-28T01:14:12.806+0000][info][gc,phases      ] GC(774)   Evacuate Collection Set: 9.0ms
[2024-08-28T01:14:12.806+0000][info][gc,phases      ] GC(774)   Post Evacuate Collection Set: 0.3ms
[2024-08-28T01:14:12.806+0000][info][gc,phases      ] GC(774)   Other: 0.4ms
[2024-08-28T01:14:12.806+0000][info][gc,heap        ] GC(774) Eden regions: 44->0(44)
[2024-08-28T01:14:12.806+0000][info][gc,heap        ] GC(774) Survivor regions: 7->7(7)
[2024-08-28T01:14:12.806+0000][info][gc,heap        ] GC(774) Old regions: 846->893
[2024-08-28T01:14:12.806+0000][info][gc,heap        ] GC(774) Archive regions: 2->2
[2024-08-28T01:14:12.806+0000][info][gc,heap        ] GC(774) Humongous regions: 5->5
[2024-08-28T01:14:12.806+0000][info][gc,metaspace   ] GC(774) Metaspace: 100K(320K)->100K(320K) NonClass: 96K(192K)->96K(192K) Class: 4K(128K)->4K(128K)
[2024-08-28T01:14:12.806+0000][info][gc             ] GC(774) Pause Young (Concurrent Start) (G1 Evacuation Pause) 896M->898M(1024M) 10.202ms
[2024-08-28T01:14:12.806+0000][info][gc,cpu         ] GC(774) User=0.22s Sys=0.00s Real=0.01s
[2024-08-28T01:14:12.806+0000][info][gc             ] GC(775) Concurrent Mark Cycle
[2024-08-28T01:14:12.806+0000][info][gc,marking     ] GC(775) Concurrent Clear Claimed Marks
[2024-08-28T01:14:12.806+0000][info][gc,marking     ] GC(775) Concurrent Clear Claimed Marks 0.021ms
[2024-08-28T01:14:12.806+0000][info][gc,marking     ] GC(775) Concurrent Scan Root Regions
[2024-08-28T01:14:12.808+0000][info][gc,marking     ] GC(775) Concurrent Scan Root Regions 1.637ms
[2024-08-28T01:14:12.808+0000][info][gc,marking     ] GC(775) Concurrent Mark
[2024-08-28T01:14:12.808+0000][info][gc,marking     ] GC(775) Concurrent Mark From Roots
[2024-08-28T01:14:12.808+0000][info][gc,task        ] GC(775) Using 17 workers of 17 for marking
[2024-08-28T01:14:12.832+0000][info][gc,marking     ] GC(775) Concurrent Mark From Roots 24.398ms
[2024-08-28T01:14:12.832+0000][info][gc,marking     ] GC(775) Concurrent Preclean
[2024-08-28T01:14:12.834+0000][info][gc,marking     ] GC(775) Concurrent Preclean 1.134ms
[2024-08-28T01:14:12.834+0000][info][gc,start       ] GC(775) Pause Remark
[2024-08-28T01:14:12.835+0000][info][gc             ] GC(775) Pause Remark 940M->940M(1024M) 1.203ms
[2024-08-28T01:14:12.835+0000][info][gc,cpu         ] GC(775) User=0.00s Sys=0.00s Real=0.00s
[2024-08-28T01:14:12.835+0000][info][gc,marking     ] GC(775) Concurrent Mark 27.188ms
[2024-08-28T01:14:12.835+0000][info][gc,marking     ] GC(775) Concurrent Rebuild Remembered Sets
[2024-08-28T01:14:12.836+0000][info][gc,start       ] GC(776) Pause Young (Normal) (G1 Evacuation Pause)
[2024-08-28T01:14:12.836+0000][info][gc,task        ] GC(776) Using 24 workers of 68 for evacuation
[2024-08-28T01:14:12.846+0000][info][gc,phases      ] GC(776)   Pre Evacuate Collection Set: 0.1ms
[2024-08-28T01:14:12.846+0000][info][gc,phases      ] GC(776)   Merge Heap Roots: 0.4ms
[2024-08-28T01:14:12.846+0000][info][gc,phases      ] GC(776)   Evacuate Collection Set: 8.9ms
[2024-08-28T01:14:12.846+0000][info][gc,phases      ] GC(776)   Post Evacuate Collection Set: 0.4ms
[2024-08-28T01:14:12.846+0000][info][gc,phases      ] GC(776)   Other: 0.1ms
[2024-08-28T01:14:12.846+0000][info][gc,heap        ] GC(776) Eden regions: 44->0(44)
[2024-08-28T01:14:12.846+0000][info][gc,heap        ] GC(776) Survivor regions: 7->7(7)
[2024-08-28T01:14:12.846+0000][info][gc,heap        ] GC(776) Old regions: 893->939
[2024-08-28T01:14:12.846+0000][info][gc,heap        ] GC(776) Archive regions: 2->2
[2024-08-28T01:14:12.846+0000][info][gc,heap        ] GC(776) Humongous regions: 5->5
[2024-08-28T01:14:12.846+0000][info][gc,metaspace   ] GC(776) Metaspace: 100K(320K)->100K(320K) NonClass: 96K(192K)->96K(192K) Class: 4K(128K)->4K(128K)
[2024-08-28T01:14:12.846+0000][info][gc             ] GC(776) Pause Young (Normal) (G1 Evacuation Pause) 942M->945M(1024M) 9.958ms
[2024-08-28T01:14:12.846+0000][info][gc,cpu         ] GC(776) User=0.23s Sys=0.00s Real=0.01s
[2024-08-28T01:14:12.863+0000][info][gc,start       ] GC(777) Pause Young (Normal) (G1 Preventive Collection)
[2024-08-28T01:14:12.863+0000][info][gc,task        ] GC(777) Using 24 workers of 68 for evacuation
[2024-08-28T01:14:12.875+0000][info][gc,phases      ] GC(777)   Pre Evacuate Collection Set: 0.1ms
[2024-08-28T01:14:12.875+0000][info][gc,phases      ] GC(777)   Merge Heap Roots: 0.2ms
[2024-08-28T01:14:12.875+0000][info][gc,phases      ] GC(777)   Evacuate Collection Set: 11.0ms
[2024-08-28T01:14:12.875+0000][info][gc,phases      ] GC(777)   Post Evacuate Collection Set: 0.4ms
[2024-08-28T01:14:12.875+0000][info][gc,phases      ] GC(777)   Other: 0.2ms
[2024-08-28T01:14:12.875+0000][info][gc,heap        ] GC(777) Eden regions: 30->0(44)
[2024-08-28T01:14:12.875+0000][info][gc,heap        ] GC(777) Survivor regions: 7->7(7)
[2024-08-28T01:14:12.875+0000][info][gc,heap        ] GC(777) Old regions: 939->972
[2024-08-28T01:14:12.875+0000][info][gc,heap        ] GC(777) Archive regions: 2->2
[2024-08-28T01:14:12.875+0000][info][gc,heap        ] GC(777) Humongous regions: 5->5
[2024-08-28T01:14:12.875+0000][info][gc,metaspace   ] GC(777) Metaspace: 100K(320K)->100K(320K) NonClass: 96K(192K)->96K(192K) Class: 4K(128K)->4K(128K)
[2024-08-28T01:14:12.875+0000][info][gc             ] GC(777) Pause Young (Normal) (G1 Preventive Collection) 975M->978M(1024M) 12.053ms
[2024-08-28T01:14:12.875+0000][info][gc,cpu         ] GC(777) User=0.27s Sys=0.00s Real=0.01s
[2024-08-28T01:14:12.882+0000][info][gc,start       ] GC(778) Pause Young (Normal) (G1 Preventive Collection)
[2024-08-28T01:14:12.882+0000][info][gc,task        ] GC(778) Using 24 workers of 68 for evacuation
[2024-08-28T01:14:12.897+0000][info][gc,phases      ] GC(778)   Pre Evacuate Collection Set: 0.1ms
[2024-08-28T01:14:12.897+0000][info][gc,phases      ] GC(778)   Merge Heap Roots: 0.5ms
[2024-08-28T01:14:12.897+0000][info][gc,phases      ] GC(778)   Evacuate Collection Set: 13.4ms
[2024-08-28T01:14:12.897+0000][info][gc,phases      ] GC(778)   Post Evacuate Collection Set: 0.5ms
[2024-08-28T01:14:12.897+0000][info][gc,phases      ] GC(778)   Other: 0.1ms
[2024-08-28T01:14:12.897+0000][info][gc,heap        ] GC(778) Eden regions: 14->0(44)
[2024-08-28T01:14:12.897+0000][info][gc,heap        ] GC(778) Survivor regions: 7->7(7)
[2024-08-28T01:14:12.897+0000][info][gc,heap        ] GC(778) Old regions: 972->989
[2024-08-28T01:14:12.897+0000][info][gc,heap        ] GC(778) Archive regions: 2->2
[2024-08-28T01:14:12.897+0000][info][gc,heap        ] GC(778) Humongous regions: 5->5
[2024-08-28T01:14:12.897+0000][info][gc,metaspace   ] GC(778) Metaspace: 100K(320K)->100K(320K) NonClass: 96K(192K)->96K(192K) Class: 4K(128K)->4K(128K)
[2024-08-28T01:14:12.897+0000][info][gc             ] GC(778) Pause Young (Normal) (G1 Preventive Collection) 992M->994M(1024M) 14.688ms
[2024-08-28T01:14:12.897+0000][info][gc,cpu         ] GC(778) User=0.23s Sys=0.00s Real=0.01s
[2024-08-28T01:14:12.901+0000][info][gc,start       ] GC(779) Pause Young (Normal) (G1 Preventive Collection)
[2024-08-28T01:14:12.901+0000][info][gc,task        ] GC(779) Using 24 workers of 68 for evacuation
[2024-08-28T01:14:12.909+0000][info][gc             ] GC(779) To-space exhausted
[2024-08-28T01:14:12.909+0000][info][gc,phases      ] GC(779)   Pre Evacuate Collection Set: 0.1ms
[2024-08-28T01:14:12.909+0000][info][gc,phases      ] GC(779)   Merge Heap Roots: 0.3ms
[2024-08-28T01:14:12.909+0000][info][gc,phases      ] GC(779)   Evacuate Collection Set: 7.0ms
[2024-08-28T01:14:12.909+0000][info][gc,phases      ] GC(779)   Post Evacuate Collection Set: 0.6ms
[2024-08-28T01:14:12.909+0000][info][gc,phases      ] GC(779)   Other: 0.2ms
[2024-08-28T01:14:12.909+0000][info][gc,heap        ] GC(779) Eden regions: 6->0(45)
[2024-08-28T01:14:12.909+0000][info][gc,heap        ] GC(779) Survivor regions: 7->6(7)
[2024-08-28T01:14:12.909+0000][info][gc,heap        ] GC(779) Old regions: 989->1002
[2024-08-28T01:14:12.909+0000][info][gc,heap        ] GC(779) Archive regions: 2->2
[2024-08-28T01:14:12.909+0000][info][gc,heap        ] GC(779) Humongous regions: 5->5
[2024-08-28T01:14:12.909+0000][info][gc,metaspace   ] GC(779) Metaspace: 100K(320K)->100K(320K) NonClass: 96K(192K)->96K(192K) Class: 4K(128K)->4K(128K)
[2024-08-28T01:14:12.909+0000][info][gc             ] GC(779) Pause Young (Normal) (G1 Preventive Collection) 1000M->1007M(1024M) 8.177ms
[2024-08-28T01:14:12.909+0000][info][gc,cpu         ] GC(779) User=0.18s Sys=0.01s Real=0.00s
[2024-08-28T01:14:12.910+0000][info][gc,start       ] GC(780) Pause Young (Normal) (G1 Preventive Collection)
[2024-08-28T01:14:12.910+0000][info][gc,task        ] GC(780) Using 24 workers of 68 for evacuation
[2024-08-28T01:14:12.917+0000][info][gc             ] GC(780) To-space exhausted
[2024-08-28T01:14:12.917+0000][info][gc,phases      ] GC(780)   Pre Evacuate Collection Set: 0.1ms
[2024-08-28T01:14:12.917+0000][info][gc,phases      ] GC(780)   Merge Heap Roots: 0.5ms
[2024-08-28T01:14:12.917+0000][info][gc,phases      ] GC(780)   Evacuate Collection Set: 5.3ms
[2024-08-28T01:14:12.917+0000][info][gc,phases      ] GC(780)   Post Evacuate Collection Set: 0.7ms
[2024-08-28T01:14:12.917+0000][info][gc,phases      ] GC(780)   Other: 0.1ms
[2024-08-28T01:14:12.917+0000][info][gc,heap        ] GC(780) Eden regions: 1->0(49)
[2024-08-28T01:14:12.917+0000][info][gc,heap        ] GC(780) Survivor regions: 6->2(7)
[2024-08-28T01:14:12.917+0000][info][gc,heap        ] GC(780) Old regions: 1002->1014
[2024-08-28T01:14:12.917+0000][info][gc,heap        ] GC(780) Archive regions: 2->2
[2024-08-28T01:14:12.917+0000][info][gc,heap        ] GC(780) Humongous regions: 5->5
[2024-08-28T01:14:12.917+0000][info][gc,metaspace   ] GC(780) Metaspace: 100K(320K)->100K(320K) NonClass: 96K(192K)->96K(192K) Class: 4K(128K)->4K(128K)
[2024-08-28T01:14:12.917+0000][info][gc             ] GC(780) Pause Young (Normal) (G1 Preventive Collection) 1008M->1014M(1024M) 6.753ms
[2024-08-28T01:14:12.917+0000][info][gc,cpu         ] GC(780) User=0.15s Sys=0.00s Real=0.00s
[2024-08-28T01:14:12.918+0000][info][gc,start       ] GC(781) Pause Young (Normal) (G1 Evacuation Pause)
[2024-08-28T01:14:12.918+0000][info][gc,task        ] GC(781) Using 24 workers of 68 for evacuation
[2024-08-28T01:14:12.924+0000][info][gc             ] GC(781) To-space exhausted
[2024-08-28T01:14:12.924+0000][info][gc,phases      ] GC(781)   Pre Evacuate Collection Set: 0.1ms
[2024-08-28T01:14:12.924+0000][info][gc,phases      ] GC(781)   Merge Heap Roots: 0.4ms
[2024-08-28T01:14:12.924+0000][info][gc,phases      ] GC(781)   Evacuate Collection Set: 4.6ms
[2024-08-28T01:14:12.924+0000][info][gc,phases      ] GC(781)   Post Evacuate Collection Set: 0.8ms
[2024-08-28T01:14:12.924+0000][info][gc,phases      ] GC(781)   Other: 0.1ms
[2024-08-28T01:14:12.924+0000][info][gc,heap        ] GC(781) Eden regions: 1->0(51)
[2024-08-28T01:14:12.924+0000][info][gc,heap        ] GC(781) Survivor regions: 2->0(0)
[2024-08-28T01:14:12.924+0000][info][gc,heap        ] GC(781) Old regions: 1014->1017
[2024-08-28T01:14:12.924+0000][info][gc,heap        ] GC(781) Archive regions: 2->2
[2024-08-28T01:14:12.924+0000][info][gc,heap        ] GC(781) Humongous regions: 5->5
[2024-08-28T01:14:12.924+0000][info][gc,metaspace   ] GC(781) Metaspace: 100K(320K)->100K(320K) NonClass: 96K(192K)->96K(192K) Class: 4K(128K)->4K(128K)
[2024-08-28T01:14:12.924+0000][info][gc             ] GC(781) Pause Young (Normal) (G1 Evacuation Pause) 1015M->1015M(1024M) 6.103ms
[2024-08-28T01:14:12.924+0000][info][gc,cpu         ] GC(781) User=0.13s Sys=0.00s Real=0.00s
[2024-08-28T01:14:12.924+0000][info][gc,ergo        ] Attempting full compaction
[2024-08-28T01:14:12.924+0000][info][gc,task        ] GC(782) Using 24 workers of 68 for full compaction
[2024-08-28T01:14:12.924+0000][info][gc,start       ] GC(782) Pause Full (G1 Compaction Pause)
[2024-08-28T01:14:12.925+0000][info][gc,phases,start] GC(782) Phase 1: Mark live objects
[2024-08-28T01:14:12.940+0000][info][gc,phases      ] GC(782) Phase 1: Mark live objects 15.350ms
[2024-08-28T01:14:12.940+0000][info][gc,phases,start] GC(782) Phase 2: Prepare for compaction
[2024-08-28T01:14:12.949+0000][info][gc,phases      ] GC(782) Phase 2: Prepare for compaction 8.104ms
[2024-08-28T01:14:12.949+0000][info][gc,phases,start] GC(782) Phase 3: Adjust pointers
[2024-08-28T01:14:12.962+0000][info][gc,phases      ] GC(782) Phase 3: Adjust pointers 13.672ms
[2024-08-28T01:14:12.962+0000][info][gc,phases,start] GC(782) Phase 4: Compact heap
[2024-08-28T01:14:12.991+0000][info][gc,phases      ] GC(782) Phase 4: Compact heap 29.067ms
[2024-08-28T01:14:12.993+0000][info][gc,heap        ] GC(782) Eden regions: 0->0(150)
[2024-08-28T01:14:12.993+0000][info][gc,heap        ] GC(782) Survivor regions: 0->0(0)
[2024-08-28T01:14:12.993+0000][info][gc,heap        ] GC(782) Old regions: 1017->443
[2024-08-28T01:14:12.993+0000][info][gc,heap        ] GC(782) Archive regions: 2->2
[2024-08-28T01:14:12.993+0000][info][gc,heap        ] GC(782) Humongous regions: 5->5
[2024-08-28T01:14:12.993+0000][info][gc,metaspace   ] GC(782) Metaspace: 100K(320K)->100K(320K) NonClass: 96K(192K)->96K(192K) Class: 4K(128K)->4K(128K)
[2024-08-28T01:14:12.993+0000][info][gc             ] GC(782) Pause Full (G1 Compaction Pause) 1015M->437M(1024M) 68.204ms
[2024-08-28T01:14:12.993+0000][info][gc,cpu         ] GC(782) User=1.38s Sys=0.10s Real=0.07s
[2024-08-28T01:14:12.993+0000][info][gc,marking     ] GC(775) Concurrent Rebuild Remembered Sets 157.740ms
[2024-08-28T01:14:12.993+0000][info][gc,marking     ] GC(775) Concurrent Mark Abort
[2024-08-28T01:14:12.993+0000][info][gc             ] GC(775) Concurrent Mark Cycle 186.893ms
[2024-08-28T01:14:13.070+0000][info][gc,start       ] GC(783) Pause Young (Normal) (G1 Evacuation Pause)
[2024-08-28T01:14:13.070+0000][info][gc,task        ] GC(783) Using 24 workers of 68 for evacuation
[2024-08-28T01:14:13.098+0000][info][gc,phases      ] GC(783)   Pre Evacuate Collection Set: 0.1ms
[2024-08-28T01:14:13.098+0000][info][gc,phases      ] GC(783)   Merge Heap Roots: 0.3ms
[2024-08-28T01:14:13.098+0000][info][gc,phases      ] GC(783)   Evacuate Collection Set: 27.4ms
[2024-08-28T01:14:13.098+0000][info][gc,phases      ] GC(783)   Post Evacuate Collection Set: 0.3ms
[2024-08-28T01:14:13.098+0000][info][gc,phases      ] GC(783)   Other: 0.2ms
[2024-08-28T01:14:13.098+0000][info][gc,heap        ] GC(783) Eden regions: 150->0(102)
[2024-08-28T01:14:13.098+0000][info][gc,heap        ] GC(783) Survivor regions: 0->19(19)
[2024-08-28T01:14:13.098+0000][info][gc,heap        ] GC(783) Old regions: 443->572
[2024-08-28T01:14:13.098+0000][info][gc,heap        ] GC(783) Archive regions: 2->2
[2024-08-28T01:14:13.098+0000][info][gc,heap        ] GC(783) Humongous regions: 5->5
[2024-08-28T01:14:13.098+0000][info][gc,metaspace   ] GC(783) Metaspace: 100K(320K)->100K(320K) NonClass: 96K(192K)->96K(192K) Class: 4K(128K)->4K(128K)
[2024-08-28T01:14:13.098+0000][info][gc             ] GC(783) Pause Young (Normal) (G1 Evacuation Pause) 587M->585M(1024M) 28.435ms
[2024-08-28T01:14:13.098+0000][info][gc,cpu         ] GC(783) User=0.65s Sys=0.00s Real=0.03s
[2024-08-28T01:14:13.147+0000][info][gc,start       ] GC(784) Pause Young (Concurrent Start) (G1 Evacuation Pause)
[2024-08-28T01:14:13.147+0000][info][gc,task        ] GC(784) Using 24 workers of 68 for evacuation
[2024-08-28T01:14:13.166+0000][info][gc,phases      ] GC(784)   Pre Evacuate Collection Set: 0.1ms
[2024-08-28T01:14:13.166+0000][info][gc,phases      ] GC(784)   Merge Heap Roots: 0.4ms
[2024-08-28T01:14:13.166+0000][info][gc,phases      ] GC(784)   Evacuate Collection Set: 17.6ms
[2024-08-28T01:14:13.166+0000][info][gc,phases      ] GC(784)   Post Evacuate Collection Set: 0.3ms
[2024-08-28T01:14:13.166+0000][info][gc,phases      ] GC(784)   Other: 0.5ms
[2024-08-28T01:14:13.166+0000][info][gc,heap        ] GC(784) Eden regions: 102->0(69)
[2024-08-28T01:14:13.166+0000][info][gc,heap        ] GC(784) Survivor regions: 19->16(16)
[2024-08-28T01:14:13.166+0000][info][gc,heap        ] GC(784) Old regions: 572->679
[2024-08-28T01:14:13.166+0000][info][gc,heap        ] GC(784) Archive regions: 2->2
[2024-08-28T01:14:13.166+0000][info][gc,heap        ] GC(784) Humongous regions: 5->5
[2024-08-28T01:14:13.166+0000][info][gc,metaspace   ] GC(784) Metaspace: 100K(320K)->100K(320K) NonClass: 96K(192K)->96K(192K) Class: 4K(128K)->4K(128K)
[2024-08-28T01:14:13.166+0000][info][gc             ] GC(784) Pause Young (Concurrent Start) (G1 Evacuation Pause) 687M->689M(1024M) 19.009ms
[2024-08-28T01:14:13.166+0000][info][gc,cpu         ] GC(784) User=0.44s Sys=0.00s Real=0.02s
[2024-08-28T01:14:13.166+0000][info][gc             ] GC(785) Concurrent Mark Cycle
[2024-08-28T01:14:13.167+0000][info][gc,marking     ] GC(785) Concurrent Clear Claimed Marks
[2024-08-28T01:14:13.167+0000][info][gc,marking     ] GC(785) Concurrent Clear Claimed Marks 0.022ms
[2024-08-28T01:14:13.167+0000][info][gc,marking     ] GC(785) Concurrent Scan Root Regions
[2024-08-28T01:14:13.170+0000][info][gc,marking     ] GC(785) Concurrent Scan Root Regions 3.597ms
[2024-08-28T01:14:13.170+0000][info][gc,marking     ] GC(785) Concurrent Mark
[2024-08-28T01:14:13.170+0000][info][gc,marking     ] GC(785) Concurrent Mark From Roots
[2024-08-28T01:14:13.170+0000][info][gc,task        ] GC(785) Using 17 workers of 17 for marking
[2024-08-28T01:14:13.192+0000][info][gc,marking     ] GC(785) Concurrent Mark From Roots 21.863ms
[2024-08-28T01:14:13.192+0000][info][gc,marking     ] GC(785) Concurrent Preclean
[2024-08-28T01:14:13.195+0000][info][gc,marking     ] GC(785) Concurrent Preclean 2.611ms
[2024-08-28T01:14:13.195+0000][info][gc,start       ] GC(785) Pause Remark
[2024-08-28T01:14:13.196+0000][info][gc             ] GC(785) Pause Remark 731M->731M(1024M) 0.940ms
[2024-08-28T01:14:13.196+0000][info][gc,cpu         ] GC(785) User=0.00s Sys=0.00s Real=0.00s
[2024-08-28T01:14:13.196+0000][info][gc,marking     ] GC(785) Concurrent Mark 25.913ms
[2024-08-28T01:14:13.196+0000][info][gc,marking     ] GC(785) Concurrent Rebuild Remembered Sets
[2024-08-28T01:14:13.213+0000][info][gc,start       ] GC(786) Pause Young (Normal) (G1 Evacuation Pause)
[2024-08-28T01:14:13.213+0000][info][gc,task        ] GC(786) Using 24 workers of 68 for evacuation
[2024-08-28T01:14:13.227+0000][info][gc,phases      ] GC(786)   Pre Evacuate Collection Set: 0.1ms
[2024-08-28T01:14:13.227+0000][info][gc,phases      ] GC(786)   Merge Heap Roots: 0.3ms
[2024-08-28T01:14:13.227+0000][info][gc,phases      ] GC(786)   Evacuate Collection Set: 13.7ms
[2024-08-28T01:14:13.227+0000][info][gc,phases      ] GC(786)   Post Evacuate Collection Set: 0.4ms
[2024-08-28T01:14:13.227+0000][info][gc,phases      ] GC(786)   Other: 0.2ms
[2024-08-28T01:14:13.227+0000][info][gc,heap        ] GC(786) Eden regions: 69->0(45)
[2024-08-28T01:14:13.227+0000][info][gc,heap        ] GC(786) Survivor regions: 16->11(11)
[2024-08-28T01:14:13.227+0000][info][gc,heap        ] GC(786) Old regions: 679->757
[2024-08-28T01:14:13.227+0000][info][gc,heap        ] GC(786) Archive regions: 2->2
[2024-08-28T01:14:13.227+0000][info][gc,heap        ] GC(786) Humongous regions: 5->5
[2024-08-28T01:14:13.227+0000][info][gc,metaspace   ] GC(786) Metaspace: 100K(320K)->100K(320K) NonClass: 96K(192K)->96K(192K) Class: 4K(128K)->4K(128K)
[2024-08-28T01:14:13.227+0000][info][gc             ] GC(786) Pause Young (Normal) (G1 Evacuation Pause) 758M->761M(1024M) 14.834ms
[2024-08-28T01:14:13.227+0000][info][gc,cpu         ] GC(786) User=0.34s Sys=0.00s Real=0.01s
[2024-08-28T01:14:13.228+0000][info][gc,marking     ] GC(785) Concurrent Rebuild Remembered Sets 32.169ms
[2024-08-28T01:14:13.229+0000][info][gc,start       ] GC(785) Pause Cleanup
[2024-08-28T01:14:13.230+0000][info][gc             ] GC(785) Pause Cleanup 764M->764M(1024M) 0.885ms
[2024-08-28T01:14:13.230+0000][info][gc,cpu         ] GC(785) User=0.00s Sys=0.00s Real=0.01s
[2024-08-28T01:14:13.230+0000][info][gc,marking     ] GC(785) Concurrent Cleanup for Next Mark
[2024-08-28T01:14:13.230+0000][info][gc,marking     ] GC(785) Concurrent Cleanup for Next Mark 0.586ms
[2024-08-28T01:14:13.230+0000][info][gc             ] GC(785) Concurrent Mark Cycle 63.694ms
[2024-08-28T01:14:13.251+0000][info][gc,start       ] GC(787) Pause Young (Prepare Mixed) (G1 Evacuation Pause)
[2024-08-28T01:14:13.251+0000][info][gc,task        ] GC(787) Using 24 workers of 68 for evacuation
[2024-08-28T01:14:13.264+0000][info][gc,phases      ] GC(787)   Pre Evacuate Collection Set: 0.1ms
[2024-08-28T01:14:13.264+0000][info][gc,phases      ] GC(787)   Merge Heap Roots: 0.5ms
[2024-08-28T01:14:13.264+0000][info][gc,phases      ] GC(787)   Evacuate Collection Set: 12.1ms
[2024-08-28T01:14:13.264+0000][info][gc,phases      ] GC(787)   Post Evacuate Collection Set: 0.3ms
[2024-08-28T01:14:13.264+0000][info][gc,phases      ] GC(787)   Other: 0.1ms
[2024-08-28T01:14:13.264+0000][info][gc,heap        ] GC(787) Eden regions: 45->0(44)
[2024-08-28T01:14:13.264+0000][info][gc,heap        ] GC(787) Survivor regions: 11->7(7)
[2024-08-28T01:14:13.264+0000][info][gc,heap        ] GC(787) Old regions: 757->810
[2024-08-28T01:14:13.264+0000][info][gc,heap        ] GC(787) Archive regions: 2->2
[2024-08-28T01:14:13.264+0000][info][gc,heap        ] GC(787) Humongous regions: 5->5
[2024-08-28T01:14:13.264+0000][info][gc,metaspace   ] GC(787) Metaspace: 100K(320K)->100K(320K) NonClass: 96K(192K)->96K(192K) Class: 4K(128K)->4K(128K)
[2024-08-28T01:14:13.264+0000][info][gc             ] GC(787) Pause Young (Prepare Mixed) (G1 Evacuation Pause) 806M->810M(1024M) 13.192ms
[2024-08-28T01:14:13.264+0000][info][gc,cpu         ] GC(787) User=0.30s Sys=0.00s Real=0.01s
[2024-08-28T01:14:13.284+0000][info][gc,start       ] GC(788) Pause Young (Mixed) (G1 Evacuation Pause)
[2024-08-28T01:14:13.284+0000][info][gc,task        ] GC(788) Using 24 workers of 68 for evacuation
[2024-08-28T01:14:13.296+0000][info][gc,phases      ] GC(788)   Pre Evacuate Collection Set: 0.2ms
[2024-08-28T01:14:13.296+0000][info][gc,phases      ] GC(788)   Merge Heap Roots: 0.4ms
[2024-08-28T01:14:13.296+0000][info][gc,phases      ] GC(788)   Evacuate Collection Set: 10.7ms
[2024-08-28T01:14:13.296+0000][info][gc,phases      ] GC(788)   Post Evacuate Collection Set: 0.3ms
[2024-08-28T01:14:13.296+0000][info][gc,phases      ] GC(788)   Other: 0.2ms
[2024-08-28T01:14:13.296+0000][info][gc,heap        ] GC(788) Eden regions: 44->0(44)
[2024-08-28T01:14:13.296+0000][info][gc,heap        ] GC(788) Survivor regions: 7->7(7)
[2024-08-28T01:14:13.296+0000][info][gc,heap        ] GC(788) Old regions: 810->795
[2024-08-28T01:14:13.296+0000][info][gc,heap        ] GC(788) Archive regions: 2->2
[2024-08-28T01:14:13.296+0000][info][gc,heap        ] GC(788) Humongous regions: 5->5
[2024-08-28T01:14:13.296+0000][info][gc,metaspace   ] GC(788) Metaspace: 100K(320K)->100K(320K) NonClass: 96K(192K)->96K(192K) Class: 4K(128K)->4K(128K)
[2024-08-28T01:14:13.296+0000][info][gc             ] GC(788) Pause Young (Mixed) (G1 Evacuation Pause) 854M->796M(1024M) 11.763ms
[2024-08-28T01:14:13.296+0000][info][gc,cpu         ] GC(788) User=0.26s Sys=0.00s Real=0.01s
[2024-08-28T01:14:13.316+0000][info][gc,start       ] GC(789) Pause Young (Mixed) (G1 Evacuation Pause)
[2024-08-28T01:14:13.316+0000][info][gc,task        ] GC(789) Using 24 workers of 68 for evacuation
[2024-08-28T01:14:13.327+0000][info][gc,phases      ] GC(789)   Pre Evacuate Collection Set: 0.2ms
[2024-08-28T01:14:13.327+0000][info][gc,phases      ] GC(789)   Merge Heap Roots: 0.4ms
[2024-08-28T01:14:13.327+0000][info][gc,phases      ] GC(789)   Evacuate Collection Set: 10.1ms
[2024-08-28T01:14:13.327+0000][info][gc,phases      ] GC(789)   Post Evacuate Collection Set: 0.3ms
[2024-08-28T01:14:13.327+0000][info][gc,phases      ] GC(789)   Other: 0.2ms
[2024-08-28T01:14:13.327+0000][info][gc,heap        ] GC(789) Eden regions: 44->0(44)
[2024-08-28T01:14:13.327+0000][info][gc,heap        ] GC(789) Survivor regions: 7->7(7)
[2024-08-28T01:14:13.327+0000][info][gc,heap        ] GC(789) Old regions: 795->780
[2024-08-28T01:14:13.327+0000][info][gc,heap        ] GC(789) Archive regions: 2->2
[2024-08-28T01:14:13.327+0000][info][gc,heap        ] GC(789) Humongous regions: 5->5
[2024-08-28T01:14:13.327+0000][info][gc,metaspace   ] GC(789) Metaspace: 100K(320K)->100K(320K) NonClass: 96K(192K)->96K(192K) Class: 4K(128K)->4K(128K)
[2024-08-28T01:14:13.327+0000][info][gc             ] GC(789) Pause Young (Mixed) (G1 Evacuation Pause) 840M->781M(1024M) 11.234ms
[2024-08-28T01:14:13.327+0000][info][gc,cpu         ] GC(789) User=0.25s Sys=0.00s Real=0.01s
[2024-08-28T01:14:13.348+0000][info][gc,start       ] GC(790) Pause Young (Mixed) (G1 Evacuation Pause)
[2024-08-28T01:14:13.348+0000][info][gc,task        ] GC(790) Using 24 workers of 68 for evacuation
[2024-08-28T01:14:13.359+0000][info][gc,phases      ] GC(790)   Pre Evacuate Collection Set: 0.1ms
[2024-08-28T01:14:13.359+0000][info][gc,phases      ] GC(790)   Merge Heap Roots: 0.4ms
[2024-08-28T01:14:13.359+0000][info][gc,phases      ] GC(790)   Evacuate Collection Set: 10.3ms
[2024-08-28T01:14:13.359+0000][info][gc,phases      ] GC(790)   Post Evacuate Collection Set: 0.3ms
[2024-08-28T01:14:13.359+0000][info][gc,phases      ] GC(790)   Other: 0.2ms
[2024-08-28T01:14:13.359+0000][info][gc,heap        ] GC(790) Eden regions: 44->0(44)
[2024-08-28T01:14:13.359+0000][info][gc,heap        ] GC(790) Survivor regions: 7->7(7)
[2024-08-28T01:14:13.359+0000][info][gc,heap        ] GC(790) Old regions: 780->765
[2024-08-28T01:14:13.359+0000][info][gc,heap        ] GC(790) Archive regions: 2->2
[2024-08-28T01:14:13.359+0000][info][gc,heap        ] GC(790) Humongous regions: 5->5
[2024-08-28T01:14:13.359+0000][info][gc,metaspace   ] GC(790) Metaspace: 100K(320K)->100K(320K) NonClass: 96K(192K)->96K(192K) Class: 4K(128K)->4K(128K)
[2024-08-28T01:14:13.359+0000][info][gc             ] GC(790) Pause Young (Mixed) (G1 Evacuation Pause) 825M->769M(1024M) 11.323ms
[2024-08-28T01:14:13.359+0000][info][gc,cpu         ] GC(790) User=0.25s Sys=0.00s Real=0.02s
[2024-08-28T01:14:13.379+0000][info][gc,start       ] GC(791) Pause Young (Mixed) (G1 Evacuation Pause)
[2024-08-28T01:14:13.379+0000][info][gc,task        ] GC(791) Using 24 workers of 68 for evacuation
[2024-08-28T01:14:13.390+0000][info][gc,phases      ] GC(791)   Pre Evacuate Collection Set: 0.1ms
[2024-08-28T01:14:13.390+0000][info][gc,phases      ] GC(791)   Merge Heap Roots: 0.3ms
[2024-08-28T01:14:13.390+0000][info][gc,phases      ] GC(791)   Evacuate Collection Set: 9.9ms
[2024-08-28T01:14:13.390+0000][info][gc,phases      ] GC(791)   Post Evacuate Collection Set: 0.3ms
[2024-08-28T01:14:13.390+0000][info][gc,phases      ] GC(791)   Other: 0.2ms
[2024-08-28T01:14:13.390+0000][info][gc,heap        ] GC(791) Eden regions: 44->0(44)
[2024-08-28T01:14:13.390+0000][info][gc,heap        ] GC(791) Survivor regions: 7->7(7)
[2024-08-28T01:14:13.390+0000][info][gc,heap        ] GC(791) Old regions: 765->803
[2024-08-28T01:14:13.390+0000][info][gc,heap        ] GC(791) Archive regions: 2->2
[2024-08-28T01:14:13.390+0000][info][gc,heap        ] GC(791) Humongous regions: 5->5
[2024-08-28T01:14:13.390+0000][info][gc,metaspace   ] GC(791) Metaspace: 100K(320K)->100K(320K) NonClass: 96K(192K)->96K(192K) Class: 4K(128K)->4K(128K)
[2024-08-28T01:14:13.390+0000][info][gc             ] GC(791) Pause Young (Mixed) (G1 Evacuation Pause) 813M->810M(1024M) 10.882ms
[2024-08-28T01:14:13.390+0000][info][gc,cpu         ] GC(791) User=0.24s Sys=0.00s Real=0.01s
[2024-08-28T01:14:13.410+0000][info][gc,start       ] GC(792) Pause Young (Concurrent Start) (G1 Evacuation Pause)
[2024-08-28T01:14:13.410+0000][info][gc,task        ] GC(792) Using 24 workers of 68 for evacuation
[2024-08-28T01:14:13.420+0000][info][gc,phases      ] GC(792)   Pre Evacuate Collection Set: 0.1ms
[2024-08-28T01:14:13.420+0000][info][gc,phases      ] GC(792)   Merge Heap Roots: 0.4ms
[2024-08-28T01:14:13.420+0000][info][gc,phases      ] GC(792)   Evacuate Collection Set: 9.1ms
[2024-08-28T01:14:13.420+0000][info][gc,phases      ] GC(792)   Post Evacuate Collection Set: 0.3ms
[2024-08-28T01:14:13.420+0000][info][gc,phases      ] GC(792)   Other: 0.4ms
[2024-08-28T01:14:13.420+0000][info][gc,heap        ] GC(792) Eden regions: 44->0(44)
[2024-08-28T01:14:13.420+0000][info][gc,heap        ] GC(792) Survivor regions: 7->7(7)
[2024-08-28T01:14:13.420+0000][info][gc,heap        ] GC(792) Old regions: 803->850
[2024-08-28T01:14:13.420+0000][info][gc,heap        ] GC(792) Archive regions: 2->2
[2024-08-28T01:14:13.420+0000][info][gc,heap        ] GC(792) Humongous regions: 5->5
[2024-08-28T01:14:13.420+0000][info][gc,metaspace   ] GC(792) Metaspace: 100K(320K)->100K(320K) NonClass: 96K(192K)->96K(192K) Class: 4K(128K)->4K(128K)
[2024-08-28T01:14:13.420+0000][info][gc             ] GC(792) Pause Young (Concurrent Start) (G1 Evacuation Pause) 854M->856M(1024M) 10.417ms
[2024-08-28T01:14:13.420+0000][info][gc,cpu         ] GC(792) User=0.22s Sys=0.00s Real=0.01s
[2024-08-28T01:14:13.420+0000][info][gc             ] GC(793) Concurrent Mark Cycle
[2024-08-28T01:14:13.420+0000][info][gc,marking     ] GC(793) Concurrent Clear Claimed Marks
[2024-08-28T01:14:13.420+0000][info][gc,marking     ] GC(793) Concurrent Clear Claimed Marks 0.014ms
[2024-08-28T01:14:13.421+0000][info][gc,marking     ] GC(793) Concurrent Scan Root Regions
[2024-08-28T01:14:13.422+0000][info][gc,marking     ] GC(793) Concurrent Scan Root Regions 1.554ms
[2024-08-28T01:14:13.422+0000][info][gc,marking     ] GC(793) Concurrent Mark
[2024-08-28T01:14:13.422+0000][info][gc,marking     ] GC(793) Concurrent Mark From Roots
[2024-08-28T01:14:13.422+0000][info][gc,task        ] GC(793) Using 17 workers of 17 for marking
[2024-08-28T01:14:13.447+0000][info][gc,marking     ] GC(793) Concurrent Mark From Roots 24.451ms
[2024-08-28T01:14:13.447+0000][info][gc,marking     ] GC(793) Concurrent Preclean
[2024-08-28T01:14:13.447+0000][info][gc,marking     ] GC(793) Concurrent Preclean 0.721ms
[2024-08-28T01:14:13.448+0000][info][gc,start       ] GC(793) Pause Remark
[2024-08-28T01:14:13.449+0000][info][gc             ] GC(793) Pause Remark 896M->896M(1024M) 1.220ms
[2024-08-28T01:14:13.449+0000][info][gc,cpu         ] GC(793) User=0.00s Sys=0.00s Real=0.00s
[2024-08-28T01:14:13.449+0000][info][gc,marking     ] GC(793) Concurrent Mark 26.766ms
[2024-08-28T01:14:13.449+0000][info][gc,marking     ] GC(793) Concurrent Rebuild Remembered Sets
[2024-08-28T01:14:13.452+0000][info][gc,start       ] GC(794) Pause Young (Normal) (G1 Evacuation Pause)
[2024-08-28T01:14:13.452+0000][info][gc,task        ] GC(794) Using 24 workers of 68 for evacuation
[2024-08-28T01:14:13.462+0000][info][gc,phases      ] GC(794)   Pre Evacuate Collection Set: 0.1ms
[2024-08-28T01:14:13.462+0000][info][gc,phases      ] GC(794)   Merge Heap Roots: 0.3ms
[2024-08-28T01:14:13.462+0000][info][gc,phases      ] GC(794)   Evacuate Collection Set: 9.0ms
[2024-08-28T01:14:13.462+0000][info][gc,phases      ] GC(794)   Post Evacuate Collection Set: 0.4ms
[2024-08-28T01:14:13.462+0000][info][gc,phases      ] GC(794)   Other: 0.1ms
[2024-08-28T01:14:13.462+0000][info][gc,heap        ] GC(794) Eden regions: 44->0(44)
[2024-08-28T01:14:13.462+0000][info][gc,heap        ] GC(794) Survivor regions: 7->7(7)
[2024-08-28T01:14:13.462+0000][info][gc,heap        ] GC(794) Old regions: 850->896
[2024-08-28T01:14:13.462+0000][info][gc,heap        ] GC(794) Archive regions: 2->2
[2024-08-28T01:14:13.462+0000][info][gc,heap        ] GC(794) Humongous regions: 5->5
[2024-08-28T01:14:13.462+0000][info][gc,metaspace   ] GC(794) Metaspace: 100K(320K)->100K(320K) NonClass: 96K(192K)->96K(192K) Class: 4K(128K)->4K(128K)
[2024-08-28T01:14:13.462+0000][info][gc             ] GC(794) Pause Young (Normal) (G1 Evacuation Pause) 900M->902M(1024M) 9.958ms
[2024-08-28T01:14:13.462+0000][info][gc,cpu         ] GC(794) User=0.22s Sys=0.01s Real=0.01s
[2024-08-28T01:14:13.484+0000][info][gc,start       ] GC(795) Pause Young (Normal) (G1 Evacuation Pause)
[2024-08-28T01:14:13.484+0000][info][gc,task        ] GC(795) Using 24 workers of 68 for evacuation
[2024-08-28T01:14:13.498+0000][info][gc,phases      ] GC(795)   Pre Evacuate Collection Set: 0.1ms
[2024-08-28T01:14:13.498+0000][info][gc,phases      ] GC(795)   Merge Heap Roots: 0.5ms
[2024-08-28T01:14:13.498+0000][info][gc,phases      ] GC(795)   Evacuate Collection Set: 13.0ms
[2024-08-28T01:14:13.498+0000][info][gc,phases      ] GC(795)   Post Evacuate Collection Set: 0.5ms
[2024-08-28T01:14:13.498+0000][info][gc,phases      ] GC(795)   Other: 0.2ms
[2024-08-28T01:14:13.498+0000][info][gc,heap        ] GC(795) Eden regions: 44->0(44)
[2024-08-28T01:14:13.498+0000][info][gc,heap        ] GC(795) Survivor regions: 7->7(7)
[2024-08-28T01:14:13.498+0000][info][gc,heap        ] GC(795) Old regions: 896->944
[2024-08-28T01:14:13.498+0000][info][gc,heap        ] GC(795) Archive regions: 2->2
[2024-08-28T01:14:13.498+0000][info][gc,heap        ] GC(795) Humongous regions: 5->5
[2024-08-28T01:14:13.498+0000][info][gc,metaspace   ] GC(795) Metaspace: 100K(320K)->100K(320K) NonClass: 96K(192K)->96K(192K) Class: 4K(128K)->4K(128K)
[2024-08-28T01:14:13.498+0000][info][gc             ] GC(795) Pause Young (Normal) (G1 Evacuation Pause) 946M->950M(1024M) 14.316ms
[2024-08-28T01:14:13.498+0000][info][gc,cpu         ] GC(795) User=0.33s Sys=0.00s Real=0.02s
[2024-08-28T01:14:13.513+0000][info][gc,start       ] GC(796) Pause Young (Normal) (G1 Preventive Collection)
[2024-08-28T01:14:13.513+0000][info][gc,task        ] GC(796) Using 24 workers of 68 for evacuation
[2024-08-28T01:14:13.526+0000][info][gc             ] GC(796) To-space exhausted
[2024-08-28T01:14:13.526+0000][info][gc,phases      ] GC(796)   Pre Evacuate Collection Set: 0.1ms
[2024-08-28T01:14:13.526+0000][info][gc,phases      ] GC(796)   Merge Heap Roots: 0.4ms
[2024-08-28T01:14:13.526+0000][info][gc,phases      ] GC(796)   Evacuate Collection Set: 11.6ms
[2024-08-28T01:14:13.526+0000][info][gc,phases      ] GC(796)   Post Evacuate Collection Set: 0.8ms
[2024-08-28T01:14:13.526+0000][info][gc,phases      ] GC(796)   Other: 0.2ms
[2024-08-28T01:14:13.526+0000][info][gc,heap        ] GC(796) Eden regions: 28->0(44)
[2024-08-28T01:14:13.526+0000][info][gc,heap        ] GC(796) Survivor regions: 7->7(7)
[2024-08-28T01:14:13.526+0000][info][gc,heap        ] GC(796) Old regions: 944->977
[2024-08-28T01:14:13.526+0000][info][gc,heap        ] GC(796) Archive regions: 2->2
[2024-08-28T01:14:13.526+0000][info][gc,heap        ] GC(796) Humongous regions: 5->5
[2024-08-28T01:14:13.526+0000][info][gc,metaspace   ] GC(796) Metaspace: 100K(320K)->100K(320K) NonClass: 96K(192K)->96K(192K) Class: 4K(128K)->4K(128K)
[2024-08-28T01:14:13.526+0000][info][gc             ] GC(796) Pause Young (Normal) (G1 Preventive Collection) 978M->984M(1024M) 13.164ms
[2024-08-28T01:14:13.526+0000][info][gc,cpu         ] GC(796) User=0.30s Sys=0.00s Real=0.01s
[2024-08-28T01:14:13.533+0000][info][gc,start       ] GC(797) Pause Young (Normal) (G1 Preventive Collection)
[2024-08-28T01:14:13.533+0000][info][gc,task        ] GC(797) Using 24 workers of 68 for evacuation
[2024-08-28T01:14:13.543+0000][info][gc             ] GC(797) To-space exhausted
[2024-08-28T01:14:13.543+0000][info][gc,phases      ] GC(797)   Pre Evacuate Collection Set: 0.1ms
[2024-08-28T01:14:13.543+0000][info][gc,phases      ] GC(797)   Merge Heap Roots: 0.4ms
[2024-08-28T01:14:13.543+0000][info][gc,phases      ] GC(797)   Evacuate Collection Set: 9.4ms
[2024-08-28T01:14:13.543+0000][info][gc,phases      ] GC(797)   Post Evacuate Collection Set: 0.9ms
[2024-08-28T01:14:13.543+0000][info][gc,phases      ] GC(797)   Other: 0.2ms
[2024-08-28T01:14:13.543+0000][info][gc,heap        ] GC(797) Eden regions: 12->0(44)
[2024-08-28T01:14:13.543+0000][info][gc,heap        ] GC(797) Survivor regions: 7->7(7)
[2024-08-28T01:14:13.543+0000][info][gc,heap        ] GC(797) Old regions: 977->1008
[2024-08-28T01:14:13.544+0000][info][gc,heap        ] GC(797) Archive regions: 2->2
[2024-08-28T01:14:13.544+0000][info][gc,heap        ] GC(797) Humongous regions: 5->5
[2024-08-28T01:14:13.544+0000][info][gc,metaspace   ] GC(797) Metaspace: 100K(320K)->100K(320K) NonClass: 96K(192K)->96K(192K) Class: 4K(128K)->4K(128K)
[2024-08-28T01:14:13.544+0000][info][gc             ] GC(797) Pause Young (Normal) (G1 Preventive Collection) 996M->1015M(1024M) 10.977ms
[2024-08-28T01:14:13.544+0000][info][gc,cpu         ] GC(797) User=0.25s Sys=0.00s Real=0.01s
[2024-08-28T01:14:13.545+0000][info][gc,start       ] GC(798) Pause Young (Normal) (G1 Preventive Collection)
[2024-08-28T01:14:13.545+0000][info][gc,task        ] GC(798) Using 24 workers of 68 for evacuation
[2024-08-28T01:14:13.553+0000][info][gc             ] GC(798) To-space exhausted
[2024-08-28T01:14:13.553+0000][info][gc,phases      ] GC(798)   Pre Evacuate Collection Set: 0.1ms
[2024-08-28T01:14:13.553+0000][info][gc,phases      ] GC(798)   Merge Heap Roots: 0.6ms
[2024-08-28T01:14:13.553+0000][info][gc,phases      ] GC(798)   Evacuate Collection Set: 6.5ms
[2024-08-28T01:14:13.553+0000][info][gc,phases      ] GC(798)   Post Evacuate Collection Set: 0.9ms
[2024-08-28T01:14:13.553+0000][info][gc,phases      ] GC(798)   Other: 0.1ms
[2024-08-28T01:14:13.553+0000][info][gc,heap        ] GC(798) Eden regions: 1->0(51)
[2024-08-28T01:14:13.553+0000][info][gc,heap        ] GC(798) Survivor regions: 7->0(1)
[2024-08-28T01:14:13.553+0000][info][gc,heap        ] GC(798) Old regions: 1008->1017
[2024-08-28T01:14:13.553+0000][info][gc,heap        ] GC(798) Archive regions: 2->2
[2024-08-28T01:14:13.553+0000][info][gc,heap        ] GC(798) Humongous regions: 5->5
[2024-08-28T01:14:13.553+0000][info][gc,metaspace   ] GC(798) Metaspace: 100K(320K)->100K(320K) NonClass: 96K(192K)->96K(192K) Class: 4K(128K)->4K(128K)
[2024-08-28T01:14:13.553+0000][info][gc             ] GC(798) Pause Young (Normal) (G1 Preventive Collection) 1016M->1017M(1024M) 8.267ms
[2024-08-28T01:14:13.553+0000][info][gc,cpu         ] GC(798) User=0.18s Sys=0.00s Real=0.01s
[2024-08-28T01:14:13.553+0000][info][gc,ergo        ] Attempting full compaction
[2024-08-28T01:14:13.553+0000][info][gc,task        ] GC(799) Using 24 workers of 68 for full compaction
[2024-08-28T01:14:13.553+0000][info][gc,start       ] GC(799) Pause Full (G1 Compaction Pause)
[2024-08-28T01:14:13.554+0000][info][gc,phases,start] GC(799) Phase 1: Mark live objects
[2024-08-28T01:14:13.568+0000][info][gc,phases      ] GC(799) Phase 1: Mark live objects 13.977ms
[2024-08-28T01:14:13.568+0000][info][gc,phases,start] GC(799) Phase 2: Prepare for compaction
[2024-08-28T01:14:13.576+0000][info][gc,phases      ] GC(799) Phase 2: Prepare for compaction 8.417ms
[2024-08-28T01:14:13.576+0000][info][gc,phases,start] GC(799) Phase 3: Adjust pointers
[2024-08-28T01:14:13.591+0000][info][gc,phases      ] GC(799) Phase 3: Adjust pointers 15.080ms
[2024-08-28T01:14:13.591+0000][info][gc,phases,start] GC(799) Phase 4: Compact heap
[2024-08-28T01:14:13.621+0000][info][gc,phases      ] GC(799) Phase 4: Compact heap 29.917ms
[2024-08-28T01:14:13.622+0000][info][gc,heap        ] GC(799) Eden regions: 0->0(151)
[2024-08-28T01:14:13.622+0000][info][gc,heap        ] GC(799) Survivor regions: 0->0(1)
[2024-08-28T01:14:13.622+0000][info][gc,heap        ] GC(799) Old regions: 1017->441
[2024-08-28T01:14:13.622+0000][info][gc,heap        ] GC(799) Archive regions: 2->2
[2024-08-28T01:14:13.622+0000][info][gc,heap        ] GC(799) Humongous regions: 5->5
[2024-08-28T01:14:13.622+0000][info][gc,metaspace   ] GC(799) Metaspace: 100K(320K)->100K(320K) NonClass: 96K(192K)->96K(192K) Class: 4K(128K)->4K(128K)
[2024-08-28T01:14:13.622+0000][info][gc             ] GC(799) Pause Full (G1 Compaction Pause) 1017M->436M(1024M) 69.541ms
[2024-08-28T01:14:13.623+0000][info][gc,cpu         ] GC(799) User=1.51s Sys=0.00s Real=0.07s
[2024-08-28T01:14:13.623+0000][info][gc,marking     ] GC(793) Concurrent Rebuild Remembered Sets 173.885ms
[2024-08-28T01:14:13.623+0000][info][gc,marking     ] GC(793) Concurrent Mark Abort
[2024-08-28T01:14:13.623+0000][info][gc             ] GC(793) Concurrent Mark Cycle 202.381ms
[2024-08-28T01:14:13.700+0000][info][gc,start       ] GC(800) Pause Young (Normal) (G1 Evacuation Pause)
[2024-08-28T01:14:13.701+0000][info][gc,task        ] GC(800) Using 24 workers of 68 for evacuation
[2024-08-28T01:14:13.722+0000][info][gc,phases      ] GC(800)   Pre Evacuate Collection Set: 0.1ms
[2024-08-28T01:14:13.722+0000][info][gc,phases      ] GC(800)   Merge Heap Roots: 0.4ms
[2024-08-28T01:14:13.722+0000][info][gc,phases      ] GC(800)   Evacuate Collection Set: 20.9ms
[2024-08-28T01:14:13.722+0000][info][gc,phases      ] GC(800)   Post Evacuate Collection Set: 0.3ms
[2024-08-28T01:14:13.722+0000][info][gc,phases      ] GC(800)   Other: 0.2ms
[2024-08-28T01:14:13.722+0000][info][gc,heap        ] GC(800) Eden regions: 151->0(103)
[2024-08-28T01:14:13.722+0000][info][gc,heap        ] GC(800) Survivor regions: 0->19(19)
[2024-08-28T01:14:13.722+0000][info][gc,heap        ] GC(800) Old regions: 441->569
[2024-08-28T01:14:13.722+0000][info][gc,heap        ] GC(800) Archive regions: 2->2
[2024-08-28T01:14:13.722+0000][info][gc,heap        ] GC(800) Humongous regions: 5->5
[2024-08-28T01:14:13.722+0000][info][gc,metaspace   ] GC(800) Metaspace: 100K(320K)->100K(320K) NonClass: 96K(192K)->96K(192K) Class: 4K(128K)->4K(128K)
[2024-08-28T01:14:13.722+0000][info][gc             ] GC(800) Pause Young (Normal) (G1 Evacuation Pause) 587M->583M(1024M) 21.982ms
[2024-08-28T01:14:13.722+0000][info][gc,cpu         ] GC(800) User=0.51s Sys=0.00s Real=0.02s
[2024-08-28T01:14:13.772+0000][info][gc,start       ] GC(801) Pause Young (Concurrent Start) (G1 Evacuation Pause)
[2024-08-28T01:14:13.772+0000][info][gc,task        ] GC(801) Using 24 workers of 68 for evacuation
[2024-08-28T01:14:13.791+0000][info][gc,phases      ] GC(801)   Pre Evacuate Collection Set: 0.1ms
[2024-08-28T01:14:13.791+0000][info][gc,phases      ] GC(801)   Merge Heap Roots: 0.4ms
[2024-08-28T01:14:13.791+0000][info][gc,phases      ] GC(801)   Evacuate Collection Set: 17.9ms
[2024-08-28T01:14:13.791+0000][info][gc,phases      ] GC(801)   Post Evacuate Collection Set: 0.3ms
[2024-08-28T01:14:13.791+0000][info][gc,phases      ] GC(801)   Other: 0.5ms
[2024-08-28T01:14:13.791+0000][info][gc,heap        ] GC(801) Eden regions: 103->0(70)
[2024-08-28T01:14:13.791+0000][info][gc,heap        ] GC(801) Survivor regions: 19->16(16)
[2024-08-28T01:14:13.791+0000][info][gc,heap        ] GC(801) Old regions: 569->677
[2024-08-28T01:14:13.791+0000][info][gc,heap        ] GC(801) Archive regions: 2->2
[2024-08-28T01:14:13.791+0000][info][gc,heap        ] GC(801) Humongous regions: 5->5
[2024-08-28T01:14:13.791+0000][info][gc,metaspace   ] GC(801) Metaspace: 100K(320K)->100K(320K) NonClass: 96K(192K)->96K(192K) Class: 4K(128K)->4K(128K)
[2024-08-28T01:14:13.791+0000][info][gc             ] GC(801) Pause Young (Concurrent Start) (G1 Evacuation Pause) 686M->688M(1024M) 19.278ms
[2024-08-28T01:14:13.791+0000][info][gc,cpu         ] GC(801) User=0.44s Sys=0.00s Real=0.02s
[2024-08-28T01:14:13.792+0000][info][gc             ] GC(802) Concurrent Mark Cycle
[2024-08-28T01:14:13.792+0000][info][gc,marking     ] GC(802) Concurrent Clear Claimed Marks
[2024-08-28T01:14:13.792+0000][info][gc,marking     ] GC(802) Concurrent Clear Claimed Marks 0.010ms
[2024-08-28T01:14:13.792+0000][info][gc,marking     ] GC(802) Concurrent Scan Root Regions
[2024-08-28T01:14:13.795+0000][info][gc,marking     ] GC(802) Concurrent Scan Root Regions 3.561ms
[2024-08-28T01:14:13.795+0000][info][gc,marking     ] GC(802) Concurrent Mark
[2024-08-28T01:14:13.795+0000][info][gc,marking     ] GC(802) Concurrent Mark From Roots
[2024-08-28T01:14:13.795+0000][info][gc,task        ] GC(802) Using 17 workers of 17 for marking
[2024-08-28T01:14:13.817+0000][info][gc,marking     ] GC(802) Concurrent Mark From Roots 21.512ms
[2024-08-28T01:14:13.817+0000][info][gc,marking     ] GC(802) Concurrent Preclean
[2024-08-28T01:14:13.817+0000][info][gc,marking     ] GC(802) Concurrent Preclean 0.508ms
[2024-08-28T01:14:13.818+0000][info][gc,start       ] GC(802) Pause Remark
[2024-08-28T01:14:13.819+0000][info][gc             ] GC(802) Pause Remark 725M->725M(1024M) 0.996ms
[2024-08-28T01:14:13.819+0000][info][gc,cpu         ] GC(802) User=0.00s Sys=0.00s Real=0.00s
[2024-08-28T01:14:13.819+0000][info][gc,marking     ] GC(802) Concurrent Mark 23.371ms
[2024-08-28T01:14:13.819+0000][info][gc,marking     ] GC(802) Concurrent Rebuild Remembered Sets
[2024-08-28T01:14:13.834+0000][info][gc,start       ] GC(803) Pause Young (Normal) (G1 Evacuation Pause)
[2024-08-28T01:14:13.835+0000][info][gc,task        ] GC(803) Using 24 workers of 68 for evacuation
[2024-08-28T01:14:13.850+0000][info][gc,phases      ] GC(803)   Pre Evacuate Collection Set: 0.1ms
[2024-08-28T01:14:13.850+0000][info][gc,phases      ] GC(803)   Merge Heap Roots: 0.3ms
[2024-08-28T01:14:13.850+0000][info][gc,phases      ] GC(803)   Evacuate Collection Set: 14.9ms
[2024-08-28T01:14:13.850+0000][info][gc,phases      ] GC(803)   Post Evacuate Collection Set: 0.5ms
[2024-08-28T01:14:13.850+0000][info][gc,phases      ] GC(803)   Other: 0.2ms
[2024-08-28T01:14:13.851+0000][info][gc,heap        ] GC(803) Eden regions: 70->0(46)
[2024-08-28T01:14:13.851+0000][info][gc,heap        ] GC(803) Survivor regions: 16->11(11)
[2024-08-28T01:14:13.851+0000][info][gc,heap        ] GC(803) Old regions: 677->755
[2024-08-28T01:14:13.851+0000][info][gc,heap        ] GC(803) Archive regions: 2->2
[2024-08-28T01:14:13.851+0000][info][gc,heap        ] GC(803) Humongous regions: 5->5
[2024-08-28T01:14:13.851+0000][info][gc,metaspace   ] GC(803) Metaspace: 100K(320K)->100K(320K) NonClass: 96K(192K)->96K(192K) Class: 4K(128K)->4K(128K)
[2024-08-28T01:14:13.851+0000][info][gc             ] GC(803) Pause Young (Normal) (G1 Evacuation Pause) 758M->761M(1024M) 16.069ms
[2024-08-28T01:14:13.851+0000][info][gc,cpu         ] GC(803) User=0.37s Sys=0.00s Real=0.02s
[2024-08-28T01:14:13.874+0000][info][gc,start       ] GC(804) Pause Young (Normal) (G1 Evacuation Pause)
[2024-08-28T01:14:13.874+0000][info][gc,task        ] GC(804) Using 24 workers of 68 for evacuation
[2024-08-28T01:14:13.893+0000][info][gc,phases      ] GC(804)   Pre Evacuate Collection Set: 0.1ms
[2024-08-28T01:14:13.893+0000][info][gc,phases      ] GC(804)   Merge Heap Roots: 0.5ms
[2024-08-28T01:14:13.893+0000][info][gc,phases      ] GC(804)   Evacuate Collection Set: 18.2ms
[2024-08-28T01:14:13.893+0000][info][gc,phases      ] GC(804)   Post Evacuate Collection Set: 0.6ms
[2024-08-28T01:14:13.893+0000][info][gc,phases      ] GC(804)   Other: 0.2ms
[2024-08-28T01:14:13.893+0000][info][gc,heap        ] GC(804) Eden regions: 46->0(43)
[2024-08-28T01:14:13.893+0000][info][gc,heap        ] GC(804) Survivor regions: 11->8(8)
[2024-08-28T01:14:13.893+0000][info][gc,heap        ] GC(804) Old regions: 755->809
[2024-08-28T01:14:13.893+0000][info][gc,heap        ] GC(804) Archive regions: 2->2
[2024-08-28T01:14:13.893+0000][info][gc,heap        ] GC(804) Humongous regions: 5->5
[2024-08-28T01:14:13.893+0000][info][gc,metaspace   ] GC(804) Metaspace: 100K(320K)->100K(320K) NonClass: 96K(192K)->96K(192K) Class: 4K(128K)->4K(128K)
[2024-08-28T01:14:13.893+0000][info][gc             ] GC(804) Pause Young (Normal) (G1 Evacuation Pause) 807M->812M(1024M) 19.645ms
[2024-08-28T01:14:13.893+0000][info][gc,cpu         ] GC(804) User=0.45s Sys=0.01s Real=0.02s
[2024-08-28T01:14:13.902+0000][info][gc,marking     ] GC(802) Concurrent Rebuild Remembered Sets 83.597ms
[2024-08-28T01:14:13.902+0000][info][gc,start       ] GC(802) Pause Cleanup
[2024-08-28T01:14:13.903+0000][info][gc             ] GC(802) Pause Cleanup 828M->828M(1024M) 0.840ms
[2024-08-28T01:14:13.903+0000][info][gc,cpu         ] GC(802) User=0.00s Sys=0.00s Real=0.00s
[2024-08-28T01:14:13.903+0000][info][gc,marking     ] GC(802) Concurrent Cleanup for Next Mark
[2024-08-28T01:14:13.904+0000][info][gc,marking     ] GC(802) Concurrent Cleanup for Next Mark 0.623ms
[2024-08-28T01:14:13.904+0000][info][gc             ] GC(802) Concurrent Mark Cycle 112.348ms
[2024-08-28T01:14:13.918+0000][info][gc,start       ] GC(805) Pause Young (Prepare Mixed) (G1 Evacuation Pause)
[2024-08-28T01:14:13.918+0000][info][gc,task        ] GC(805) Using 24 workers of 68 for evacuation
[2024-08-28T01:14:13.935+0000][info][gc,phases      ] GC(805)   Pre Evacuate Collection Set: 0.1ms
[2024-08-28T01:14:13.935+0000][info][gc,phases      ] GC(805)   Merge Heap Roots: 0.6ms
[2024-08-28T01:14:13.935+0000][info][gc,phases      ] GC(805)   Evacuate Collection Set: 16.2ms
[2024-08-28T01:14:13.935+0000][info][gc,phases      ] GC(805)   Post Evacuate Collection Set: 0.3ms
[2024-08-28T01:14:13.935+0000][info][gc,phases      ] GC(805)   Other: 0.1ms
[2024-08-28T01:14:13.935+0000][info][gc,heap        ] GC(805) Eden regions: 43->0(44)
[2024-08-28T01:14:13.935+0000][info][gc,heap        ] GC(805) Survivor regions: 8->7(7)
[2024-08-28T01:14:13.935+0000][info][gc,heap        ] GC(805) Old regions: 809->858
[2024-08-28T01:14:13.935+0000][info][gc,heap        ] GC(805) Archive regions: 2->2
[2024-08-28T01:14:13.935+0000][info][gc,heap        ] GC(805) Humongous regions: 5->5
[2024-08-28T01:14:13.935+0000][info][gc,metaspace   ] GC(805) Metaspace: 100K(320K)->100K(320K) NonClass: 96K(192K)->96K(192K) Class: 4K(128K)->4K(128K)
[2024-08-28T01:14:13.935+0000][info][gc             ] GC(805) Pause Young (Prepare Mixed) (G1 Evacuation Pause) 855M->860M(1024M) 17.358ms
[2024-08-28T01:14:13.935+0000][info][gc,cpu         ] GC(805) User=0.40s Sys=0.00s Real=0.01s
[2024-08-28T01:14:13.956+0000][info][gc,start       ] GC(806) Pause Young (Mixed) (G1 Evacuation Pause)
[2024-08-28T01:14:13.956+0000][info][gc,task        ] GC(806) Using 24 workers of 68 for evacuation
[2024-08-28T01:14:13.970+0000][info][gc,phases      ] GC(806)   Pre Evacuate Collection Set: 0.1ms
[2024-08-28T01:14:13.970+0000][info][gc,phases      ] GC(806)   Merge Heap Roots: 0.3ms
[2024-08-28T01:14:13.970+0000][info][gc,phases      ] GC(806)   Evacuate Collection Set: 12.8ms
[2024-08-28T01:14:13.970+0000][info][gc,phases      ] GC(806)   Post Evacuate Collection Set: 0.3ms
[2024-08-28T01:14:13.970+0000][info][gc,phases      ] GC(806)   Other: 0.2ms
[2024-08-28T01:14:13.970+0000][info][gc,heap        ] GC(806) Eden regions: 44->0(44)
[2024-08-28T01:14:13.970+0000][info][gc,heap        ] GC(806) Survivor regions: 7->7(7)
[2024-08-28T01:14:13.970+0000][info][gc,heap        ] GC(806) Old regions: 858->843
[2024-08-28T01:14:13.970+0000][info][gc,heap        ] GC(806) Archive regions: 2->2
[2024-08-28T01:14:13.970+0000][info][gc,heap        ] GC(806) Humongous regions: 5->5
[2024-08-28T01:14:13.970+0000][info][gc,metaspace   ] GC(806) Metaspace: 100K(320K)->100K(320K) NonClass: 96K(192K)->96K(192K) Class: 4K(128K)->4K(128K)
[2024-08-28T01:14:13.970+0000][info][gc             ] GC(806) Pause Young (Mixed) (G1 Evacuation Pause) 904M->846M(1024M) 13.771ms
[2024-08-28T01:14:13.970+0000][info][gc,cpu         ] GC(806) User=0.26s Sys=0.01s Real=0.02s
[2024-08-28T01:14:14.003+0000][info][gc,start       ] GC(807) Pause Young (Mixed) (G1 Evacuation Pause)
[2024-08-28T01:14:14.003+0000][info][gc,task        ] GC(807) Using 24 workers of 68 for evacuation
[2024-08-28T01:14:14.015+0000][info][gc,phases      ] GC(807)   Pre Evacuate Collection Set: 0.2ms
[2024-08-28T01:14:14.015+0000][info][gc,phases      ] GC(807)   Merge Heap Roots: 0.4ms
[2024-08-28T01:14:14.015+0000][info][gc,phases      ] GC(807)   Evacuate Collection Set: 10.9ms
[2024-08-28T01:14:14.015+0000][info][gc,phases      ] GC(807)   Post Evacuate Collection Set: 0.3ms
[2024-08-28T01:14:14.015+0000][info][gc,phases      ] GC(807)   Other: 0.2ms
[2024-08-28T01:14:14.015+0000][info][gc,heap        ] GC(807) Eden regions: 44->0(44)
[2024-08-28T01:14:14.015+0000][info][gc,heap        ] GC(807) Survivor regions: 7->7(7)
[2024-08-28T01:14:14.015+0000][info][gc,heap        ] GC(807) Old regions: 843->829
[2024-08-28T01:14:14.015+0000][info][gc,heap        ] GC(807) Archive regions: 2->2
[2024-08-28T01:14:14.015+0000][info][gc,heap        ] GC(807) Humongous regions: 5->5
[2024-08-28T01:14:14.015+0000][info][gc,metaspace   ] GC(807) Metaspace: 100K(320K)->100K(320K) NonClass: 96K(192K)->96K(192K) Class: 4K(128K)->4K(128K)
[2024-08-28T01:14:14.015+0000][info][gc             ] GC(807) Pause Young (Mixed) (G1 Evacuation Pause) 890M->832M(1024M) 11.989ms
[2024-08-28T01:14:14.015+0000][info][gc,cpu         ] GC(807) User=0.26s Sys=0.01s Real=0.01s
[2024-08-28T01:14:14.042+0000][info][gc,start       ] GC(808) Pause Young (Mixed) (G1 Evacuation Pause)
[2024-08-28T01:14:14.042+0000][info][gc,task        ] GC(808) Using 24 workers of 68 for evacuation
[2024-08-28T01:14:14.053+0000][info][gc,phases      ] GC(808)   Pre Evacuate Collection Set: 0.2ms
[2024-08-28T01:14:14.054+0000][info][gc,phases      ] GC(808)   Merge Heap Roots: 0.3ms
[2024-08-28T01:14:14.054+0000][info][gc,phases      ] GC(808)   Evacuate Collection Set: 10.2ms
[2024-08-28T01:14:14.054+0000][info][gc,phases      ] GC(808)   Post Evacuate Collection Set: 0.3ms
[2024-08-28T01:14:14.054+0000][info][gc,phases      ] GC(808)   Other: 0.2ms
[2024-08-28T01:14:14.054+0000][info][gc,heap        ] GC(808) Eden regions: 44->0(44)
[2024-08-28T01:14:14.054+0000][info][gc,heap        ] GC(808) Survivor regions: 7->7(7)
[2024-08-28T01:14:14.054+0000][info][gc,heap        ] GC(808) Old regions: 829->815
[2024-08-28T01:14:14.054+0000][info][gc,heap        ] GC(808) Archive regions: 2->2
[2024-08-28T01:14:14.054+0000][info][gc,heap        ] GC(808) Humongous regions: 5->5
[2024-08-28T01:14:14.054+0000][info][gc,metaspace   ] GC(808) Metaspace: 100K(320K)->100K(320K) NonClass: 96K(192K)->96K(192K) Class: 4K(128K)->4K(128K)
[2024-08-28T01:14:14.054+0000][info][gc             ] GC(808) Pause Young (Mixed) (G1 Evacuation Pause) 876M->819M(1024M) 11.233ms
[2024-08-28T01:14:14.054+0000][info][gc,cpu         ] GC(808) User=0.25s Sys=0.00s Real=0.01s
[2024-08-28T01:14:14.079+0000][info][gc,start       ] GC(809) Pause Young (Mixed) (G1 Evacuation Pause)
[2024-08-28T01:14:14.079+0000][info][gc,task        ] GC(809) Using 24 workers of 68 for evacuation
[2024-08-28T01:14:14.090+0000][info][gc,phases      ] GC(809)   Pre Evacuate Collection Set: 0.1ms
[2024-08-28T01:14:14.090+0000][info][gc,phases      ] GC(809)   Merge Heap Roots: 0.4ms
[2024-08-28T01:14:14.090+0000][info][gc,phases      ] GC(809)   Evacuate Collection Set: 9.9ms
[2024-08-28T01:14:14.090+0000][info][gc,phases      ] GC(809)   Post Evacuate Collection Set: 0.3ms
[2024-08-28T01:14:14.090+0000][info][gc,phases      ] GC(809)   Other: 0.2ms
[2024-08-28T01:14:14.090+0000][info][gc,heap        ] GC(809) Eden regions: 44->0(44)
[2024-08-28T01:14:14.090+0000][info][gc,heap        ] GC(809) Survivor regions: 7->7(7)
[2024-08-28T01:14:14.090+0000][info][gc,heap        ] GC(809) Old regions: 815->852
[2024-08-28T01:14:14.090+0000][info][gc,heap        ] GC(809) Archive regions: 2->2
[2024-08-28T01:14:14.090+0000][info][gc,heap        ] GC(809) Humongous regions: 5->5
[2024-08-28T01:14:14.090+0000][info][gc,metaspace   ] GC(809) Metaspace: 100K(320K)->100K(320K) NonClass: 96K(192K)->96K(192K) Class: 4K(128K)->4K(128K)
[2024-08-28T01:14:14.090+0000][info][gc             ] GC(809) Pause Young (Mixed) (G1 Evacuation Pause) 863M->856M(1024M) 10.946ms
[2024-08-28T01:14:14.090+0000][info][gc,cpu         ] GC(809) User=0.24s Sys=0.00s Real=0.01s
[2024-08-28T01:14:14.114+0000][info][gc,start       ] GC(810) Pause Young (Concurrent Start) (G1 Evacuation Pause)
[2024-08-28T01:14:14.114+0000][info][gc,task        ] GC(810) Using 24 workers of 68 for evacuation
[2024-08-28T01:14:14.125+0000][info][gc,phases      ] GC(810)   Pre Evacuate Collection Set: 0.2ms
[2024-08-28T01:14:14.125+0000][info][gc,phases      ] GC(810)   Merge Heap Roots: 0.4ms
[2024-08-28T01:14:14.125+0000][info][gc,phases      ] GC(810)   Evacuate Collection Set: 9.5ms
[2024-08-28T01:14:14.125+0000][info][gc,phases      ] GC(810)   Post Evacuate Collection Set: 0.3ms
[2024-08-28T01:14:14.125+0000][info][gc,phases      ] GC(810)   Other: 0.5ms
[2024-08-28T01:14:14.125+0000][info][gc,heap        ] GC(810) Eden regions: 44->0(44)
[2024-08-28T01:14:14.125+0000][info][gc,heap        ] GC(810) Survivor regions: 7->7(7)
[2024-08-28T01:14:14.125+0000][info][gc,heap        ] GC(810) Old regions: 852->898
[2024-08-28T01:14:14.125+0000][info][gc,heap        ] GC(810) Archive regions: 2->2
[2024-08-28T01:14:14.125+0000][info][gc,heap        ] GC(810) Humongous regions: 5->5
[2024-08-28T01:14:14.125+0000][info][gc,metaspace   ] GC(810) Metaspace: 100K(320K)->100K(320K) NonClass: 96K(192K)->96K(192K) Class: 4K(128K)->4K(128K)
[2024-08-28T01:14:14.125+0000][info][gc             ] GC(810) Pause Young (Concurrent Start) (G1 Evacuation Pause) 900M->902M(1024M) 10.895ms
[2024-08-28T01:14:14.125+0000][info][gc,cpu         ] GC(810) User=0.23s Sys=0.00s Real=0.01s
[2024-08-28T01:14:14.125+0000][info][gc             ] GC(811) Concurrent Mark Cycle
[2024-08-28T01:14:14.125+0000][info][gc,marking     ] GC(811) Concurrent Clear Claimed Marks
[2024-08-28T01:14:14.125+0000][info][gc,marking     ] GC(811) Concurrent Clear Claimed Marks 0.015ms
[2024-08-28T01:14:14.125+0000][info][gc,marking     ] GC(811) Concurrent Scan Root Regions
[2024-08-28T01:14:14.127+0000][info][gc,marking     ] GC(811) Concurrent Scan Root Regions 1.481ms
[2024-08-28T01:14:14.127+0000][info][gc,marking     ] GC(811) Concurrent Mark
[2024-08-28T01:14:14.127+0000][info][gc,marking     ] GC(811) Concurrent Mark From Roots
[2024-08-28T01:14:14.127+0000][info][gc,task        ] GC(811) Using 17 workers of 17 for marking
[2024-08-28T01:14:14.150+0000][info][gc,marking     ] GC(811) Concurrent Mark From Roots 23.088ms
[2024-08-28T01:14:14.150+0000][info][gc,marking     ] GC(811) Concurrent Preclean
[2024-08-28T01:14:14.150+0000][info][gc,marking     ] GC(811) Concurrent Preclean 0.505ms
[2024-08-28T01:14:14.151+0000][info][gc,start       ] GC(811) Pause Remark
[2024-08-28T01:14:14.152+0000][info][gc             ] GC(811) Pause Remark 932M->932M(1024M) 1.279ms
[2024-08-28T01:14:14.152+0000][info][gc,cpu         ] GC(811) User=0.01s Sys=0.00s Real=0.00s
[2024-08-28T01:14:14.152+0000][info][gc,marking     ] GC(811) Concurrent Mark 25.291ms
[2024-08-28T01:14:14.152+0000][info][gc,marking     ] GC(811) Concurrent Rebuild Remembered Sets
[2024-08-28T01:14:14.162+0000][info][gc,start       ] GC(812) Pause Young (Normal) (G1 Evacuation Pause)
[2024-08-28T01:14:14.162+0000][info][gc,task        ] GC(812) Using 24 workers of 68 for evacuation
[2024-08-28T01:14:14.172+0000][info][gc,phases      ] GC(812)   Pre Evacuate Collection Set: 0.2ms
[2024-08-28T01:14:14.172+0000][info][gc,phases      ] GC(812)   Merge Heap Roots: 0.6ms
[2024-08-28T01:14:14.172+0000][info][gc,phases      ] GC(812)   Evacuate Collection Set: 9.2ms
[2024-08-28T01:14:14.172+0000][info][gc,phases      ] GC(812)   Post Evacuate Collection Set: 0.5ms
[2024-08-28T01:14:14.172+0000][info][gc,phases      ] GC(812)   Other: 0.2ms
[2024-08-28T01:14:14.172+0000][info][gc,heap        ] GC(812) Eden regions: 44->0(44)
[2024-08-28T01:14:14.172+0000][info][gc,heap        ] GC(812) Survivor regions: 7->7(7)
[2024-08-28T01:14:14.172+0000][info][gc,heap        ] GC(812) Old regions: 898->945
[2024-08-28T01:14:14.172+0000][info][gc,heap        ] GC(812) Archive regions: 2->2
[2024-08-28T01:14:14.172+0000][info][gc,heap        ] GC(812) Humongous regions: 5->5
[2024-08-28T01:14:14.172+0000][info][gc,metaspace   ] GC(812) Metaspace: 100K(320K)->100K(320K) NonClass: 96K(192K)->96K(192K) Class: 4K(128K)->4K(128K)
[2024-08-28T01:14:14.172+0000][info][gc             ] GC(812) Pause Young (Normal) (G1 Evacuation Pause) 946M->950M(1024M) 10.795ms
[2024-08-28T01:14:14.172+0000][info][gc,cpu         ] GC(812) User=0.24s Sys=0.00s Real=0.01s
[2024-08-28T01:14:14.189+0000][info][gc,start       ] GC(813) Pause Young (Normal) (G1 Preventive Collection)
[2024-08-28T01:14:14.189+0000][info][gc,task        ] GC(813) Using 24 workers of 68 for evacuation
[2024-08-28T01:14:14.201+0000][info][gc,phases      ] GC(813)   Pre Evacuate Collection Set: 0.1ms
[2024-08-28T01:14:14.201+0000][info][gc,phases      ] GC(813)   Merge Heap Roots: 0.7ms
[2024-08-28T01:14:14.201+0000][info][gc,phases      ] GC(813)   Evacuate Collection Set: 10.7ms
[2024-08-28T01:14:14.201+0000][info][gc,phases      ] GC(813)   Post Evacuate Collection Set: 0.5ms
[2024-08-28T01:14:14.201+0000][info][gc,phases      ] GC(813)   Other: 0.3ms
[2024-08-28T01:14:14.201+0000][info][gc,heap        ] GC(813) Eden regions: 27->0(44)
[2024-08-28T01:14:14.201+0000][info][gc,heap        ] GC(813) Survivor regions: 7->7(7)
[2024-08-28T01:14:14.201+0000][info][gc,heap        ] GC(813) Old regions: 945->975
[2024-08-28T01:14:14.201+0000][info][gc,heap        ] GC(813) Archive regions: 2->2
[2024-08-28T01:14:14.201+0000][info][gc,heap        ] GC(813) Humongous regions: 5->5
[2024-08-28T01:14:14.201+0000][info][gc,metaspace   ] GC(813) Metaspace: 100K(320K)->100K(320K) NonClass: 96K(192K)->96K(192K) Class: 4K(128K)->4K(128K)
[2024-08-28T01:14:14.201+0000][info][gc             ] GC(813) Pause Young (Normal) (G1 Preventive Collection) 977M->980M(1024M) 12.535ms
[2024-08-28T01:14:14.201+0000][info][gc,cpu         ] GC(813) User=0.27s Sys=0.00s Real=0.02s
[2024-08-28T01:14:14.210+0000][info][gc,start       ] GC(814) Pause Young (Normal) (G1 Preventive Collection)
[2024-08-28T01:14:14.210+0000][info][gc,task        ] GC(814) Using 24 workers of 68 for evacuation
[2024-08-28T01:14:14.220+0000][info][gc             ] GC(814) To-space exhausted
[2024-08-28T01:14:14.220+0000][info][gc,phases      ] GC(814)   Pre Evacuate Collection Set: 0.2ms
[2024-08-28T01:14:14.220+0000][info][gc,phases      ] GC(814)   Merge Heap Roots: 0.8ms
[2024-08-28T01:14:14.220+0000][info][gc,phases      ] GC(814)   Evacuate Collection Set: 8.9ms
[2024-08-28T01:14:14.221+0000][info][gc,phases      ] GC(814)   Post Evacuate Collection Set: 0.9ms
[2024-08-28T01:14:14.221+0000][info][gc,phases      ] GC(814)   Other: 0.4ms
[2024-08-28T01:14:14.221+0000][info][gc,heap        ] GC(814) Eden regions: 13->0(44)
[2024-08-28T01:14:14.221+0000][info][gc,heap        ] GC(814) Survivor regions: 7->7(7)
[2024-08-28T01:14:14.221+0000][info][gc,heap        ] GC(814) Old regions: 975->1004
[2024-08-28T01:14:14.221+0000][info][gc,heap        ] GC(814) Archive regions: 2->2
[2024-08-28T01:14:14.221+0000][info][gc,heap        ] GC(814) Humongous regions: 5->5
[2024-08-28T01:14:14.221+0000][info][gc,metaspace   ] GC(814) Metaspace: 100K(320K)->100K(320K) NonClass: 96K(192K)->96K(192K) Class: 4K(128K)->4K(128K)
[2024-08-28T01:14:14.221+0000][info][gc             ] GC(814) Pause Young (Normal) (G1 Preventive Collection) 993M->1009M(1024M) 11.100ms
[2024-08-28T01:14:14.221+0000][info][gc,cpu         ] GC(814) User=0.24s Sys=0.00s Real=0.01s
[2024-08-28T01:14:14.222+0000][info][gc,start       ] GC(815) Pause Young (Normal) (G1 Preventive Collection)
[2024-08-28T01:14:14.222+0000][info][gc,task        ] GC(815) Using 24 workers of 68 for evacuation
[2024-08-28T01:14:14.229+0000][info][gc             ] GC(815) To-space exhausted
[2024-08-28T01:14:14.229+0000][info][gc,phases      ] GC(815)   Pre Evacuate Collection Set: 0.1ms
[2024-08-28T01:14:14.229+0000][info][gc,phases      ] GC(815)   Merge Heap Roots: 0.3ms
[2024-08-28T01:14:14.229+0000][info][gc,phases      ] GC(815)   Evacuate Collection Set: 5.4ms
[2024-08-28T01:14:14.229+0000][info][gc,phases      ] GC(815)   Post Evacuate Collection Set: 0.8ms
[2024-08-28T01:14:14.229+0000][info][gc,phases      ] GC(815)   Other: 0.3ms
[2024-08-28T01:14:14.229+0000][info][gc,heap        ] GC(815) Eden regions: 1->0(50)
[2024-08-28T01:14:14.229+0000][info][gc,heap        ] GC(815) Survivor regions: 7->1(5)
[2024-08-28T01:14:14.229+0000][info][gc,heap        ] GC(815) Old regions: 1004->1016
[2024-08-28T01:14:14.229+0000][info][gc,heap        ] GC(815) Archive regions: 2->2
[2024-08-28T01:14:14.229+0000][info][gc,heap        ] GC(815) Humongous regions: 5->5
[2024-08-28T01:14:14.229+0000][info][gc,metaspace   ] GC(815) Metaspace: 100K(320K)->100K(320K) NonClass: 96K(192K)->96K(192K) Class: 4K(128K)->4K(128K)
[2024-08-28T01:14:14.229+0000][info][gc             ] GC(815) Pause Young (Normal) (G1 Preventive Collection) 1010M->1015M(1024M) 7.082ms
[2024-08-28T01:14:14.229+0000][info][gc,cpu         ] GC(815) User=0.14s Sys=0.00s Real=0.00s
[2024-08-28T01:14:14.229+0000][info][gc,ergo        ] Attempting full compaction
[2024-08-28T01:14:14.229+0000][info][gc,task        ] GC(816) Using 24 workers of 68 for full compaction
[2024-08-28T01:14:14.229+0000][info][gc,start       ] GC(816) Pause Full (G1 Compaction Pause)
[2024-08-28T01:14:14.230+0000][info][gc,phases,start] GC(816) Phase 1: Mark live objects
[2024-08-28T01:14:14.244+0000][info][gc,phases      ] GC(816) Phase 1: Mark live objects 13.517ms
[2024-08-28T01:14:14.244+0000][info][gc,phases,start] GC(816) Phase 2: Prepare for compaction
[2024-08-28T01:14:14.251+0000][info][gc,phases      ] GC(816) Phase 2: Prepare for compaction 7.801ms
[2024-08-28T01:14:14.251+0000][info][gc,phases,start] GC(816) Phase 3: Adjust pointers
[2024-08-28T01:14:14.265+0000][info][gc,phases      ] GC(816) Phase 3: Adjust pointers 13.725ms
[2024-08-28T01:14:14.265+0000][info][gc,phases,start] GC(816) Phase 4: Compact heap
[2024-08-28T01:14:14.293+0000][info][gc,phases      ] GC(816) Phase 4: Compact heap 27.241ms
[2024-08-28T01:14:14.294+0000][info][gc,heap        ] GC(816) Eden regions: 0->0(149)
[2024-08-28T01:14:14.294+0000][info][gc,heap        ] GC(816) Survivor regions: 1->0(5)
[2024-08-28T01:14:14.294+0000][info][gc,heap        ] GC(816) Old regions: 1016->446
[2024-08-28T01:14:14.294+0000][info][gc,heap        ] GC(816) Archive regions: 2->2
[2024-08-28T01:14:14.294+0000][info][gc,heap        ] GC(816) Humongous regions: 5->5
[2024-08-28T01:14:14.294+0000][info][gc,metaspace   ] GC(816) Metaspace: 100K(320K)->100K(320K) NonClass: 96K(192K)->96K(192K) Class: 4K(128K)->4K(128K)
[2024-08-28T01:14:14.294+0000][info][gc             ] GC(816) Pause Full (G1 Compaction Pause) 1015M->437M(1024M) 64.929ms
[2024-08-28T01:14:14.294+0000][info][gc,cpu         ] GC(816) User=1.39s Sys=0.01s Real=0.07s
[2024-08-28T01:14:14.295+0000][info][gc,marking     ] GC(811) Concurrent Rebuild Remembered Sets 142.488ms
[2024-08-28T01:14:14.295+0000][info][gc,marking     ] GC(811) Concurrent Mark Abort
[2024-08-28T01:14:14.295+0000][info][gc             ] GC(811) Concurrent Mark Cycle 169.470ms
[2024-08-28T01:14:14.382+0000][info][gc,start       ] GC(817) Pause Young (Normal) (G1 Evacuation Pause)
[2024-08-28T01:14:14.382+0000][info][gc,task        ] GC(817) Using 24 workers of 68 for evacuation
[2024-08-28T01:14:14.405+0000][info][gc,phases      ] GC(817)   Pre Evacuate Collection Set: 0.2ms
[2024-08-28T01:14:14.405+0000][info][gc,phases      ] GC(817)   Merge Heap Roots: 0.5ms
[2024-08-28T01:14:14.406+0000][info][gc,phases      ] GC(817)   Evacuate Collection Set: 22.1ms
[2024-08-28T01:14:14.406+0000][info][gc,phases      ] GC(817)   Post Evacuate Collection Set: 0.5ms
[2024-08-28T01:14:14.406+0000][info][gc,phases      ] GC(817)   Other: 0.4ms
[2024-08-28T01:14:14.406+0000][info][gc,heap        ] GC(817) Eden regions: 149->0(102)
[2024-08-28T01:14:14.406+0000][info][gc,heap        ] GC(817) Survivor regions: 0->19(19)
[2024-08-28T01:14:14.406+0000][info][gc,heap        ] GC(817) Old regions: 446->572
[2024-08-28T01:14:14.406+0000][info][gc,heap        ] GC(817) Archive regions: 2->2
[2024-08-28T01:14:14.406+0000][info][gc,heap        ] GC(817) Humongous regions: 5->5
[2024-08-28T01:14:14.406+0000][info][gc,metaspace   ] GC(817) Metaspace: 100K(320K)->100K(320K) NonClass: 96K(192K)->96K(192K) Class: 4K(128K)->4K(128K)
[2024-08-28T01:14:14.406+0000][info][gc             ] GC(817) Pause Young (Normal) (G1 Evacuation Pause) 586M->582M(1024M) 24.507ms
[2024-08-28T01:14:14.406+0000][info][gc,cpu         ] GC(817) User=0.49s Sys=0.03s Real=0.02s
[2024-08-28T01:14:14.461+0000][info][gc,start       ] GC(818) Pause Young (Concurrent Start) (G1 Evacuation Pause)
[2024-08-28T01:14:14.461+0000][info][gc,task        ] GC(818) Using 24 workers of 68 for evacuation
[2024-08-28T01:14:14.482+0000][info][gc,phases      ] GC(818)   Pre Evacuate Collection Set: 0.2ms
[2024-08-28T01:14:14.482+0000][info][gc,phases      ] GC(818)   Merge Heap Roots: 0.4ms
[2024-08-28T01:14:14.482+0000][info][gc,phases      ] GC(818)   Evacuate Collection Set: 19.0ms
[2024-08-28T01:14:14.482+0000][info][gc,phases      ] GC(818)   Post Evacuate Collection Set: 0.4ms
[2024-08-28T01:14:14.482+0000][info][gc,phases      ] GC(818)   Other: 1.1ms
[2024-08-28T01:14:14.482+0000][info][gc,heap        ] GC(818) Eden regions: 102->0(70)
[2024-08-28T01:14:14.482+0000][info][gc,heap        ] GC(818) Survivor regions: 19->16(16)
[2024-08-28T01:14:14.482+0000][info][gc,heap        ] GC(818) Old regions: 572->677
[2024-08-28T01:14:14.482+0000][info][gc,heap        ] GC(818) Archive regions: 2->2
[2024-08-28T01:14:14.482+0000][info][gc,heap        ] GC(818) Humongous regions: 5->5
[2024-08-28T01:14:14.482+0000][info][gc,metaspace   ] GC(818) Metaspace: 100K(320K)->100K(320K) NonClass: 96K(192K)->96K(192K) Class: 4K(128K)->4K(128K)
[2024-08-28T01:14:14.482+0000][info][gc             ] GC(818) Pause Young (Concurrent Start) (G1 Evacuation Pause) 684M->684M(1024M) 21.243ms
[2024-08-28T01:14:14.482+0000][info][gc,cpu         ] GC(818) User=0.40s Sys=0.07s Real=0.02s
[2024-08-28T01:14:14.482+0000][info][gc             ] GC(819) Concurrent Mark Cycle
[2024-08-28T01:14:14.482+0000][info][gc,marking     ] GC(819) Concurrent Clear Claimed Marks
[2024-08-28T01:14:14.482+0000][info][gc,marking     ] GC(819) Concurrent Clear Claimed Marks 0.011ms
[2024-08-28T01:14:14.482+0000][info][gc,marking     ] GC(819) Concurrent Scan Root Regions
[2024-08-28T01:14:14.486+0000][info][gc,marking     ] GC(819) Concurrent Scan Root Regions 3.288ms
[2024-08-28T01:14:14.486+0000][info][gc,marking     ] GC(819) Concurrent Mark
[2024-08-28T01:14:14.486+0000][info][gc,marking     ] GC(819) Concurrent Mark From Roots
[2024-08-28T01:14:14.486+0000][info][gc,task        ] GC(819) Using 17 workers of 17 for marking
[2024-08-28T01:14:14.507+0000][info][gc,marking     ] GC(819) Concurrent Mark From Roots 21.125ms
[2024-08-28T01:14:14.507+0000][info][gc,marking     ] GC(819) Concurrent Preclean
[2024-08-28T01:14:14.508+0000][info][gc,marking     ] GC(819) Concurrent Preclean 0.631ms
[2024-08-28T01:14:14.508+0000][info][gc,start       ] GC(819) Pause Remark
[2024-08-28T01:14:14.510+0000][info][gc             ] GC(819) Pause Remark 720M->720M(1024M) 1.744ms
[2024-08-28T01:14:14.510+0000][info][gc,cpu         ] GC(819) User=0.00s Sys=0.01s Real=0.01s
[2024-08-28T01:14:14.510+0000][info][gc,marking     ] GC(819) Concurrent Mark 23.969ms
[2024-08-28T01:14:14.510+0000][info][gc,marking     ] GC(819) Concurrent Rebuild Remembered Sets
[2024-08-28T01:14:14.527+0000][info][gc,start       ] GC(820) Pause Young (Normal) (G1 Evacuation Pause)
[2024-08-28T01:14:14.527+0000][info][gc,task        ] GC(820) Using 24 workers of 68 for evacuation
[2024-08-28T01:14:14.544+0000][info][gc,phases      ] GC(820)   Pre Evacuate Collection Set: 0.2ms
[2024-08-28T01:14:14.544+0000][info][gc,phases      ] GC(820)   Merge Heap Roots: 0.4ms
[2024-08-28T01:14:14.544+0000][info][gc,phases      ] GC(820)   Evacuate Collection Set: 14.8ms
[2024-08-28T01:14:14.544+0000][info][gc,phases      ] GC(820)   Post Evacuate Collection Set: 0.6ms
[2024-08-28T01:14:14.544+0000][info][gc,phases      ] GC(820)   Other: 0.4ms
[2024-08-28T01:14:14.544+0000][info][gc,heap        ] GC(820) Eden regions: 70->0(46)
[2024-08-28T01:14:14.544+0000][info][gc,heap        ] GC(820) Survivor regions: 16->11(11)
[2024-08-28T01:14:14.544+0000][info][gc,heap        ] GC(820) Old regions: 677->755
[2024-08-28T01:14:14.544+0000][info][gc,heap        ] GC(820) Archive regions: 2->2
[2024-08-28T01:14:14.544+0000][info][gc,heap        ] GC(820) Humongous regions: 5->5
[2024-08-28T01:14:14.544+0000][info][gc,metaspace   ] GC(820) Metaspace: 100K(320K)->100K(320K) NonClass: 96K(192K)->96K(192K) Class: 4K(128K)->4K(128K)
[2024-08-28T01:14:14.544+0000][info][gc             ] GC(820) Pause Young (Normal) (G1 Evacuation Pause) 754M->757M(1024M) 16.496ms
[2024-08-28T01:14:14.544+0000][info][gc,cpu         ] GC(820) User=0.34s Sys=0.02s Real=0.02s
[2024-08-28T01:14:14.568+0000][info][gc,start       ] GC(821) Pause Young (Normal) (G1 Evacuation Pause)
[2024-08-28T01:14:14.568+0000][info][gc,task        ] GC(821) Using 24 workers of 68 for evacuation
[2024-08-28T01:14:14.589+0000][info][gc,phases      ] GC(821)   Pre Evacuate Collection Set: 0.2ms
[2024-08-28T01:14:14.589+0000][info][gc,phases      ] GC(821)   Merge Heap Roots: 0.4ms
[2024-08-28T01:14:14.589+0000][info][gc,phases      ] GC(821)   Evacuate Collection Set: 19.3ms
[2024-08-28T01:14:14.589+0000][info][gc,phases      ] GC(821)   Post Evacuate Collection Set: 0.7ms
[2024-08-28T01:14:14.589+0000][info][gc,phases      ] GC(821)   Other: 0.3ms
[2024-08-28T01:14:14.589+0000][info][gc,heap        ] GC(821) Eden regions: 46->0(43)
[2024-08-28T01:14:14.589+0000][info][gc,heap        ] GC(821) Survivor regions: 11->8(8)
[2024-08-28T01:14:14.589+0000][info][gc,heap        ] GC(821) Old regions: 755->808
[2024-08-28T01:14:14.589+0000][info][gc,heap        ] GC(821) Archive regions: 2->2
[2024-08-28T01:14:14.589+0000][info][gc,heap        ] GC(821) Humongous regions: 5->5
[2024-08-28T01:14:14.589+0000][info][gc,metaspace   ] GC(821) Metaspace: 100K(320K)->100K(320K) NonClass: 96K(192K)->96K(192K) Class: 4K(128K)->4K(128K)
[2024-08-28T01:14:14.589+0000][info][gc             ] GC(821) Pause Young (Normal) (G1 Evacuation Pause) 803M->807M(1024M) 21.077ms
[2024-08-28T01:14:14.589+0000][info][gc,cpu         ] GC(821) User=0.47s Sys=0.01s Real=0.02s
[2024-08-28T01:14:14.597+0000][info][gc,marking     ] GC(819) Concurrent Rebuild Remembered Sets 86.851ms
[2024-08-28T01:14:14.597+0000][info][gc,start       ] GC(819) Pause Cleanup
[2024-08-28T01:14:14.599+0000][info][gc             ] GC(819) Pause Cleanup 820M->820M(1024M) 2.507ms
[2024-08-28T01:14:14.599+0000][info][gc,cpu         ] GC(819) User=0.01s Sys=0.00s Real=0.01s
[2024-08-28T01:14:14.600+0000][info][gc,marking     ] GC(819) Concurrent Cleanup for Next Mark
[2024-08-28T01:14:14.600+0000][info][gc,marking     ] GC(819) Concurrent Cleanup for Next Mark 0.629ms
[2024-08-28T01:14:14.600+0000][info][gc             ] GC(819) Concurrent Mark Cycle 118.009ms
[2024-08-28T01:14:14.617+0000][info][gc,start       ] GC(822) Pause Young (Prepare Mixed) (G1 Evacuation Pause)
[2024-08-28T01:14:14.617+0000][info][gc,task        ] GC(822) Using 24 workers of 68 for evacuation
[2024-08-28T01:14:14.635+0000][info][gc,phases      ] GC(822)   Pre Evacuate Collection Set: 0.2ms
[2024-08-28T01:14:14.635+0000][info][gc,phases      ] GC(822)   Merge Heap Roots: 0.6ms
[2024-08-28T01:14:14.635+0000][info][gc,phases      ] GC(822)   Evacuate Collection Set: 16.6ms
[2024-08-28T01:14:14.635+0000][info][gc,phases      ] GC(822)   Post Evacuate Collection Set: 0.4ms
[2024-08-28T01:14:14.635+0000][info][gc,phases      ] GC(822)   Other: 0.3ms
[2024-08-28T01:14:14.635+0000][info][gc,heap        ] GC(822) Eden regions: 43->0(44)
[2024-08-28T01:14:14.635+0000][info][gc,heap        ] GC(822) Survivor regions: 8->7(7)
[2024-08-28T01:14:14.635+0000][info][gc,heap        ] GC(822) Old regions: 808->856
[2024-08-28T01:14:14.635+0000][info][gc,heap        ] GC(822) Archive regions: 2->2
[2024-08-28T01:14:14.635+0000][info][gc,heap        ] GC(822) Humongous regions: 5->5
[2024-08-28T01:14:14.635+0000][info][gc,metaspace   ] GC(822) Metaspace: 100K(320K)->100K(320K) NonClass: 96K(192K)->96K(192K) Class: 4K(128K)->4K(128K)
[2024-08-28T01:14:14.635+0000][info][gc             ] GC(822) Pause Young (Prepare Mixed) (G1 Evacuation Pause) 850M->854M(1024M) 18.288ms
[2024-08-28T01:14:14.635+0000][info][gc,cpu         ] GC(822) User=0.40s Sys=0.01s Real=0.02s
[2024-08-28T01:14:14.659+0000][info][gc,start       ] GC(823) Pause Young (Mixed) (G1 Evacuation Pause)
[2024-08-28T01:14:14.659+0000][info][gc,task        ] GC(823) Using 24 workers of 68 for evacuation
[2024-08-28T01:14:14.670+0000][info][gc,phases      ] GC(823)   Pre Evacuate Collection Set: 0.2ms
[2024-08-28T01:14:14.670+0000][info][gc,phases      ] GC(823)   Merge Heap Roots: 0.6ms
[2024-08-28T01:14:14.670+0000][info][gc,phases      ] GC(823)   Evacuate Collection Set: 9.9ms
[2024-08-28T01:14:14.670+0000][info][gc,phases      ] GC(823)   Post Evacuate Collection Set: 0.5ms
[2024-08-28T01:14:14.670+0000][info][gc,phases      ] GC(823)   Other: 0.4ms
[2024-08-28T01:14:14.670+0000][info][gc,heap        ] GC(823) Eden regions: 44->0(44)
[2024-08-28T01:14:14.670+0000][info][gc,heap        ] GC(823) Survivor regions: 7->7(7)
[2024-08-28T01:14:14.670+0000][info][gc,heap        ] GC(823) Old regions: 856->841
[2024-08-28T01:14:14.670+0000][info][gc,heap        ] GC(823) Archive regions: 2->2
[2024-08-28T01:14:14.670+0000][info][gc,heap        ] GC(823) Humongous regions: 5->5
[2024-08-28T01:14:14.670+0000][info][gc,metaspace   ] GC(823) Metaspace: 100K(320K)->100K(320K) NonClass: 96K(192K)->96K(192K) Class: 4K(128K)->4K(128K)
[2024-08-28T01:14:14.670+0000][info][gc             ] GC(823) Pause Young (Mixed) (G1 Evacuation Pause) 898M->841M(1024M) 11.686ms
[2024-08-28T01:14:14.670+0000][info][gc,cpu         ] GC(823) User=0.25s Sys=0.01s Real=0.01s
[2024-08-28T01:14:14.694+0000][info][gc,start       ] GC(824) Pause Young (Mixed) (G1 Evacuation Pause)
[2024-08-28T01:14:14.694+0000][info][gc,task        ] GC(824) Using 24 workers of 68 for evacuation
[2024-08-28T01:14:14.706+0000][info][gc,phases      ] GC(824)   Pre Evacuate Collection Set: 0.2ms
[2024-08-28T01:14:14.706+0000][info][gc,phases      ] GC(824)   Merge Heap Roots: 0.4ms
[2024-08-28T01:14:14.706+0000][info][gc,phases      ] GC(824)   Evacuate Collection Set: 10.3ms
[2024-08-28T01:14:14.706+0000][info][gc,phases      ] GC(824)   Post Evacuate Collection Set: 0.4ms
[2024-08-28T01:14:14.706+0000][info][gc,phases      ] GC(824)   Other: 0.4ms
[2024-08-28T01:14:14.706+0000][info][gc,heap        ] GC(824) Eden regions: 44->0(44)
[2024-08-28T01:14:14.706+0000][info][gc,heap        ] GC(824) Survivor regions: 7->7(7)
[2024-08-28T01:14:14.706+0000][info][gc,heap        ] GC(824) Old regions: 841->826
[2024-08-28T01:14:14.706+0000][info][gc,heap        ] GC(824) Archive regions: 2->2
[2024-08-28T01:14:14.706+0000][info][gc,heap        ] GC(824) Humongous regions: 5->5
[2024-08-28T01:14:14.706+0000][info][gc,metaspace   ] GC(824) Metaspace: 100K(320K)->100K(320K) NonClass: 96K(192K)->96K(192K) Class: 4K(128K)->4K(128K)
[2024-08-28T01:14:14.706+0000][info][gc             ] GC(824) Pause Young (Mixed) (G1 Evacuation Pause) 885M->826M(1024M) 11.901ms
[2024-08-28T01:14:14.706+0000][info][gc,cpu         ] GC(824) User=0.25s Sys=0.00s Real=0.01s
[2024-08-28T01:14:14.729+0000][info][gc,start       ] GC(825) Pause Young (Mixed) (G1 Evacuation Pause)
[2024-08-28T01:14:14.729+0000][info][gc,task        ] GC(825) Using 24 workers of 68 for evacuation
[2024-08-28T01:14:14.740+0000][info][gc,phases      ] GC(825)   Pre Evacuate Collection Set: 0.2ms
[2024-08-28T01:14:14.741+0000][info][gc,phases      ] GC(825)   Merge Heap Roots: 0.6ms
[2024-08-28T01:14:14.741+0000][info][gc,phases      ] GC(825)   Evacuate Collection Set: 9.9ms
[2024-08-28T01:14:14.741+0000][info][gc,phases      ] GC(825)   Post Evacuate Collection Set: 0.4ms
[2024-08-28T01:14:14.741+0000][info][gc,phases      ] GC(825)   Other: 0.4ms
[2024-08-28T01:14:14.741+0000][info][gc,heap        ] GC(825) Eden regions: 44->0(44)
[2024-08-28T01:14:14.741+0000][info][gc,heap        ] GC(825) Survivor regions: 7->7(7)
[2024-08-28T01:14:14.741+0000][info][gc,heap        ] GC(825) Old regions: 826->810
[2024-08-28T01:14:14.741+0000][info][gc,heap        ] GC(825) Archive regions: 2->2
[2024-08-28T01:14:14.741+0000][info][gc,heap        ] GC(825) Humongous regions: 5->5
[2024-08-28T01:14:14.741+0000][info][gc,metaspace   ] GC(825) Metaspace: 100K(320K)->100K(320K) NonClass: 96K(192K)->96K(192K) Class: 4K(128K)->4K(128K)
[2024-08-28T01:14:14.741+0000][info][gc             ] GC(825) Pause Young (Mixed) (G1 Evacuation Pause) 870M->813M(1024M) 11.663ms
[2024-08-28T01:14:14.741+0000][info][gc,cpu         ] GC(825) User=0.25s Sys=0.01s Real=0.02s
[2024-08-28T01:14:14.763+0000][info][gc,start       ] GC(826) Pause Young (Mixed) (G1 Evacuation Pause)
[2024-08-28T01:14:14.763+0000][info][gc,task        ] GC(826) Using 24 workers of 68 for evacuation
[2024-08-28T01:14:14.774+0000][info][gc,phases      ] GC(826)   Pre Evacuate Collection Set: 0.2ms
[2024-08-28T01:14:14.774+0000][info][gc,phases      ] GC(826)   Merge Heap Roots: 0.4ms
[2024-08-28T01:14:14.774+0000][info][gc,phases      ] GC(826)   Evacuate Collection Set: 9.6ms
[2024-08-28T01:14:14.774+0000][info][gc,phases      ] GC(826)   Post Evacuate Collection Set: 0.4ms
[2024-08-28T01:14:14.774+0000][info][gc,phases      ] GC(826)   Other: 0.3ms
[2024-08-28T01:14:14.774+0000][info][gc,heap        ] GC(826) Eden regions: 44->0(44)
[2024-08-28T01:14:14.774+0000][info][gc,heap        ] GC(826) Survivor regions: 7->7(7)
[2024-08-28T01:14:14.774+0000][info][gc,heap        ] GC(826) Old regions: 810->846
[2024-08-28T01:14:14.774+0000][info][gc,heap        ] GC(826) Archive regions: 2->2
[2024-08-28T01:14:14.774+0000][info][gc,heap        ] GC(826) Humongous regions: 5->5
[2024-08-28T01:14:14.774+0000][info][gc,metaspace   ] GC(826) Metaspace: 100K(320K)->100K(320K) NonClass: 96K(192K)->96K(192K) Class: 4K(128K)->4K(128K)
[2024-08-28T01:14:14.774+0000][info][gc             ] GC(826) Pause Young (Mixed) (G1 Evacuation Pause) 857M->849M(1024M) 11.047ms
[2024-08-28T01:14:14.774+0000][info][gc,cpu         ] GC(826) User=0.24s Sys=0.00s Real=0.01s
[2024-08-28T01:14:14.798+0000][info][gc,start       ] GC(827) Pause Young (Concurrent Start) (G1 Evacuation Pause)
[2024-08-28T01:14:14.798+0000][info][gc,task        ] GC(827) Using 24 workers of 68 for evacuation
[2024-08-28T01:14:14.810+0000][info][gc,phases      ] GC(827)   Pre Evacuate Collection Set: 0.2ms
[2024-08-28T01:14:14.810+0000][info][gc,phases      ] GC(827)   Merge Heap Roots: 0.4ms
[2024-08-28T01:14:14.810+0000][info][gc,phases      ] GC(827)   Evacuate Collection Set: 9.9ms
[2024-08-28T01:14:14.810+0000][info][gc,phases      ] GC(827)   Post Evacuate Collection Set: 0.4ms
[2024-08-28T01:14:14.810+0000][info][gc,phases      ] GC(827)   Other: 1.1ms
[2024-08-28T01:14:14.810+0000][info][gc,heap        ] GC(827) Eden regions: 44->0(44)
[2024-08-28T01:14:14.810+0000][info][gc,heap        ] GC(827) Survivor regions: 7->7(7)
[2024-08-28T01:14:14.810+0000][info][gc,heap        ] GC(827) Old regions: 846->893
[2024-08-28T01:14:14.810+0000][info][gc,heap        ] GC(827) Archive regions: 2->2
[2024-08-28T01:14:14.810+0000][info][gc,heap        ] GC(827) Humongous regions: 5->5
[2024-08-28T01:14:14.810+0000][info][gc,metaspace   ] GC(827) Metaspace: 100K(320K)->100K(320K) NonClass: 96K(192K)->96K(192K) Class: 4K(128K)->4K(128K)
[2024-08-28T01:14:14.810+0000][info][gc             ] GC(827) Pause Young (Concurrent Start) (G1 Evacuation Pause) 893M->896M(1024M) 12.122ms
[2024-08-28T01:14:14.810+0000][info][gc,cpu         ] GC(827) User=0.25s Sys=0.00s Real=0.01s
[2024-08-28T01:14:14.810+0000][info][gc             ] GC(828) Concurrent Mark Cycle
[2024-08-28T01:14:14.810+0000][info][gc,marking     ] GC(828) Concurrent Clear Claimed Marks
[2024-08-28T01:14:14.810+0000][info][gc,marking     ] GC(828) Concurrent Clear Claimed Marks 0.011ms
[2024-08-28T01:14:14.810+0000][info][gc,marking     ] GC(828) Concurrent Scan Root Regions
[2024-08-28T01:14:14.812+0000][info][gc,marking     ] GC(828) Concurrent Scan Root Regions 1.689ms
[2024-08-28T01:14:14.812+0000][info][gc,marking     ] GC(828) Concurrent Mark
[2024-08-28T01:14:14.812+0000][info][gc,marking     ] GC(828) Concurrent Mark From Roots
[2024-08-28T01:14:14.812+0000][info][gc,task        ] GC(828) Using 17 workers of 17 for marking
[2024-08-28T01:14:14.835+0000][info][gc,marking     ] GC(828) Concurrent Mark From Roots 23.156ms
[2024-08-28T01:14:14.835+0000][info][gc,marking     ] GC(828) Concurrent Preclean
[2024-08-28T01:14:14.836+0000][info][gc,marking     ] GC(828) Concurrent Preclean 0.536ms
[2024-08-28T01:14:14.836+0000][info][gc,start       ] GC(828) Pause Remark
[2024-08-28T01:14:14.838+0000][info][gc             ] GC(828) Pause Remark 932M->932M(1024M) 2.003ms
[2024-08-28T01:14:14.838+0000][info][gc,cpu         ] GC(828) User=0.00s Sys=0.00s Real=0.01s
[2024-08-28T01:14:14.838+0000][info][gc,marking     ] GC(828) Concurrent Mark 26.262ms
[2024-08-28T01:14:14.838+0000][info][gc,marking     ] GC(828) Concurrent Rebuild Remembered Sets
[2024-08-28T01:14:14.844+0000][info][gc,start       ] GC(829) Pause Young (Normal) (G1 Evacuation Pause)
[2024-08-28T01:14:14.844+0000][info][gc,task        ] GC(829) Using 24 workers of 68 for evacuation
[2024-08-28T01:14:14.854+0000][info][gc,phases      ] GC(829)   Pre Evacuate Collection Set: 0.2ms
[2024-08-28T01:14:14.854+0000][info][gc,phases      ] GC(829)   Merge Heap Roots: 0.3ms
[2024-08-28T01:14:14.854+0000][info][gc,phases      ] GC(829)   Evacuate Collection Set: 9.2ms
[2024-08-28T01:14:14.854+0000][info][gc,phases      ] GC(829)   Post Evacuate Collection Set: 0.5ms
[2024-08-28T01:14:14.854+0000][info][gc,phases      ] GC(829)   Other: 0.3ms
[2024-08-28T01:14:14.854+0000][info][gc,heap        ] GC(829) Eden regions: 44->0(44)
[2024-08-28T01:14:14.854+0000][info][gc,heap        ] GC(829) Survivor regions: 7->7(7)
[2024-08-28T01:14:14.854+0000][info][gc,heap        ] GC(829) Old regions: 893->939
[2024-08-28T01:14:14.854+0000][info][gc,heap        ] GC(829) Archive regions: 2->2
[2024-08-28T01:14:14.854+0000][info][gc,heap        ] GC(829) Humongous regions: 5->5
[2024-08-28T01:14:14.854+0000][info][gc,metaspace   ] GC(829) Metaspace: 100K(320K)->100K(320K) NonClass: 96K(192K)->96K(192K) Class: 4K(128K)->4K(128K)
[2024-08-28T01:14:14.854+0000][info][gc             ] GC(829) Pause Young (Normal) (G1 Evacuation Pause) 940M->942M(1024M) 10.686ms
[2024-08-28T01:14:14.854+0000][info][gc,cpu         ] GC(829) User=0.22s Sys=0.00s Real=0.01s
[2024-08-28T01:14:14.870+0000][info][gc,start       ] GC(830) Pause Young (Normal) (G1 Preventive Collection)
[2024-08-28T01:14:14.870+0000][info][gc,task        ] GC(830) Using 24 workers of 68 for evacuation
[2024-08-28T01:14:14.882+0000][info][gc,phases      ] GC(830)   Pre Evacuate Collection Set: 0.2ms
[2024-08-28T01:14:14.882+0000][info][gc,phases      ] GC(830)   Merge Heap Roots: 0.5ms
[2024-08-28T01:14:14.882+0000][info][gc,phases      ] GC(830)   Evacuate Collection Set: 10.6ms
[2024-08-28T01:14:14.882+0000][info][gc,phases      ] GC(830)   Post Evacuate Collection Set: 0.6ms
[2024-08-28T01:14:14.883+0000][info][gc,phases      ] GC(830)   Other: 0.3ms
[2024-08-28T01:14:14.883+0000][info][gc,heap        ] GC(830) Eden regions: 30->0(44)
[2024-08-28T01:14:14.883+0000][info][gc,heap        ] GC(830) Survivor regions: 7->7(7)
[2024-08-28T01:14:14.883+0000][info][gc,heap        ] GC(830) Old regions: 939->973
[2024-08-28T01:14:14.883+0000][info][gc,heap        ] GC(830) Archive regions: 2->2
[2024-08-28T01:14:14.883+0000][info][gc,heap        ] GC(830) Humongous regions: 5->5
[2024-08-28T01:14:14.883+0000][info][gc,metaspace   ] GC(830) Metaspace: 100K(320K)->100K(320K) NonClass: 96K(192K)->96K(192K) Class: 4K(128K)->4K(128K)
[2024-08-28T01:14:14.883+0000][info][gc             ] GC(830) Pause Young (Normal) (G1 Preventive Collection) 972M->976M(1024M) 12.408ms
[2024-08-28T01:14:14.883+0000][info][gc,cpu         ] GC(830) User=0.27s Sys=0.00s Real=0.01s
[2024-08-28T01:14:14.890+0000][info][gc,start       ] GC(831) Pause Young (Normal) (G1 Preventive Collection)
[2024-08-28T01:14:14.890+0000][info][gc,task        ] GC(831) Using 24 workers of 68 for evacuation
[2024-08-28T01:14:14.901+0000][info][gc             ] GC(831) To-space exhausted
[2024-08-28T01:14:14.901+0000][info][gc,phases      ] GC(831)   Pre Evacuate Collection Set: 0.2ms
[2024-08-28T01:14:14.902+0000][info][gc,phases      ] GC(831)   Merge Heap Roots: 0.3ms
[2024-08-28T01:14:14.902+0000][info][gc,phases      ] GC(831)   Evacuate Collection Set: 9.4ms
[2024-08-28T01:14:14.902+0000][info][gc,phases      ] GC(831)   Post Evacuate Collection Set: 1.0ms
[2024-08-28T01:14:14.902+0000][info][gc,phases      ] GC(831)   Other: 0.4ms
[2024-08-28T01:14:14.902+0000][info][gc,heap        ] GC(831) Eden regions: 14->0(44)
[2024-08-28T01:14:14.902+0000][info][gc,heap        ] GC(831) Survivor regions: 7->7(7)
[2024-08-28T01:14:14.902+0000][info][gc,heap        ] GC(831) Old regions: 973->1003
[2024-08-28T01:14:14.902+0000][info][gc,heap        ] GC(831) Archive regions: 2->2
[2024-08-28T01:14:14.902+0000][info][gc,heap        ] GC(831) Humongous regions: 5->5
[2024-08-28T01:14:14.902+0000][info][gc,metaspace   ] GC(831) Metaspace: 100K(320K)->100K(320K) NonClass: 96K(192K)->96K(192K) Class: 4K(128K)->4K(128K)
[2024-08-28T01:14:14.902+0000][info][gc             ] GC(831) Pause Young (Normal) (G1 Preventive Collection) 990M->1006M(1024M) 11.343ms
[2024-08-28T01:14:14.902+0000][info][gc,cpu         ] GC(831) User=0.24s Sys=0.01s Real=0.01s
[2024-08-28T01:14:14.903+0000][info][gc,start       ] GC(832) Pause Young (Normal) (G1 Preventive Collection)
[2024-08-28T01:14:14.903+0000][info][gc,task        ] GC(832) Using 24 workers of 68 for evacuation
[2024-08-28T01:14:14.911+0000][info][gc             ] GC(832) To-space exhausted
[2024-08-28T01:14:14.911+0000][info][gc,phases      ] GC(832)   Pre Evacuate Collection Set: 0.2ms
[2024-08-28T01:14:14.911+0000][info][gc,phases      ] GC(832)   Merge Heap Roots: 0.9ms
[2024-08-28T01:14:14.911+0000][info][gc,phases      ] GC(832)   Evacuate Collection Set: 6.1ms
[2024-08-28T01:14:14.911+0000][info][gc,phases      ] GC(832)   Post Evacuate Collection Set: 0.9ms
[2024-08-28T01:14:14.911+0000][info][gc,phases      ] GC(832)   Other: 0.3ms
[2024-08-28T01:14:14.911+0000][info][gc,heap        ] GC(832) Eden regions: 1->0(50)
[2024-08-28T01:14:14.911+0000][info][gc,heap        ] GC(832) Survivor regions: 7->1(6)
[2024-08-28T01:14:14.911+0000][info][gc,heap        ] GC(832) Old regions: 1003->1016
[2024-08-28T01:14:14.911+0000][info][gc,heap        ] GC(832) Archive regions: 2->2
[2024-08-28T01:14:14.911+0000][info][gc,heap        ] GC(832) Humongous regions: 5->5
[2024-08-28T01:14:14.911+0000][info][gc,metaspace   ] GC(832) Metaspace: 100K(320K)->100K(320K) NonClass: 96K(192K)->96K(192K) Class: 4K(128K)->4K(128K)
[2024-08-28T01:14:14.911+0000][info][gc             ] GC(832) Pause Young (Normal) (G1 Preventive Collection) 1007M->1013M(1024M) 8.426ms
[2024-08-28T01:14:14.911+0000][info][gc,cpu         ] GC(832) User=0.17s Sys=0.00s Real=0.01s
[2024-08-28T01:14:14.911+0000][info][gc,ergo        ] Attempting full compaction
[2024-08-28T01:14:14.911+0000][info][gc,task        ] GC(833) Using 24 workers of 68 for full compaction
[2024-08-28T01:14:14.912+0000][info][gc,start       ] GC(833) Pause Full (G1 Compaction Pause)
[2024-08-28T01:14:14.912+0000][info][gc,phases,start] GC(833) Phase 1: Mark live objects
[2024-08-28T01:14:14.927+0000][info][gc,phases      ] GC(833) Phase 1: Mark live objects 14.544ms
[2024-08-28T01:14:14.927+0000][info][gc,phases,start] GC(833) Phase 2: Prepare for compaction
[2024-08-28T01:14:14.935+0000][info][gc,phases      ] GC(833) Phase 2: Prepare for compaction 8.454ms
[2024-08-28T01:14:14.936+0000][info][gc,phases,start] GC(833) Phase 3: Adjust pointers
[2024-08-28T01:14:14.951+0000][info][gc,phases      ] GC(833) Phase 3: Adjust pointers 15.212ms
[2024-08-28T01:14:14.951+0000][info][gc,phases,start] GC(833) Phase 4: Compact heap
[2024-08-28T01:14:14.980+0000][info][gc,phases      ] GC(833) Phase 4: Compact heap 28.988ms
[2024-08-28T01:14:14.982+0000][info][gc,heap        ] GC(833) Eden regions: 0->0(150)
[2024-08-28T01:14:14.982+0000][info][gc,heap        ] GC(833) Survivor regions: 1->0(6)
[2024-08-28T01:14:14.982+0000][info][gc,heap        ] GC(833) Old regions: 1016->444
[2024-08-28T01:14:14.982+0000][info][gc,heap        ] GC(833) Archive regions: 2->2
[2024-08-28T01:14:14.982+0000][info][gc,heap        ] GC(833) Humongous regions: 5->5
[2024-08-28T01:14:14.982+0000][info][gc,metaspace   ] GC(833) Metaspace: 100K(320K)->100K(320K) NonClass: 96K(192K)->96K(192K) Class: 4K(128K)->4K(128K)
[2024-08-28T01:14:14.982+0000][info][gc             ] GC(833) Pause Full (G1 Compaction Pause) 1013M->437M(1024M) 70.153ms
[2024-08-28T01:14:14.982+0000][info][gc,cpu         ] GC(833) User=1.49s Sys=0.00s Real=0.07s
[2024-08-28T01:14:14.982+0000][info][gc,marking     ] GC(828) Concurrent Rebuild Remembered Sets 143.999ms
[2024-08-28T01:14:14.982+0000][info][gc,marking     ] GC(828) Concurrent Mark Abort
[2024-08-28T01:14:14.982+0000][info][gc             ] GC(828) Concurrent Mark Cycle 172.191ms
[2024-08-28T01:14:15.056+0000][info][gc,start       ] GC(834) Pause Young (Normal) (G1 Evacuation Pause)
[2024-08-28T01:14:15.056+0000][info][gc,task        ] GC(834) Using 24 workers of 68 for evacuation
[2024-08-28T01:14:15.077+0000][info][gc,phases      ] GC(834)   Pre Evacuate Collection Set: 0.2ms
[2024-08-28T01:14:15.077+0000][info][gc,phases      ] GC(834)   Merge Heap Roots: 0.4ms
[2024-08-28T01:14:15.077+0000][info][gc,phases      ] GC(834)   Evacuate Collection Set: 20.5ms
[2024-08-28T01:14:15.077+0000][info][gc,phases      ] GC(834)   Post Evacuate Collection Set: 0.3ms
[2024-08-28T01:14:15.077+0000][info][gc,phases      ] GC(834)   Other: 0.3ms
[2024-08-28T01:14:15.077+0000][info][gc,heap        ] GC(834) Eden regions: 150->0(103)
[2024-08-28T01:14:15.077+0000][info][gc,heap        ] GC(834) Survivor regions: 0->19(19)
[2024-08-28T01:14:15.077+0000][info][gc,heap        ] GC(834) Old regions: 444->571
[2024-08-28T01:14:15.077+0000][info][gc,heap        ] GC(834) Archive regions: 2->2
[2024-08-28T01:14:15.077+0000][info][gc,heap        ] GC(834) Humongous regions: 5->5
[2024-08-28T01:14:15.077+0000][info][gc,metaspace   ] GC(834) Metaspace: 100K(320K)->100K(320K) NonClass: 96K(192K)->96K(192K) Class: 4K(128K)->4K(128K)
[2024-08-28T01:14:15.077+0000][info][gc             ] GC(834) Pause Young (Normal) (G1 Evacuation Pause) 587M->582M(1024M) 21.819ms
[2024-08-28T01:14:15.078+0000][info][gc,cpu         ] GC(834) User=0.49s Sys=0.01s Real=0.03s
[2024-08-28T01:14:15.125+0000][info][gc,start       ] GC(835) Pause Young (Concurrent Start) (G1 Evacuation Pause)
[2024-08-28T01:14:15.125+0000][info][gc,task        ] GC(835) Using 24 workers of 68 for evacuation
[2024-08-28T01:14:15.143+0000][info][gc,phases      ] GC(835)   Pre Evacuate Collection Set: 0.2ms
[2024-08-28T01:14:15.144+0000][info][gc,phases      ] GC(835)   Merge Heap Roots: 0.4ms
[2024-08-28T01:14:15.144+0000][info][gc,phases      ] GC(835)   Evacuate Collection Set: 17.5ms
[2024-08-28T01:14:15.144+0000][info][gc,phases      ] GC(835)   Post Evacuate Collection Set: 0.3ms
[2024-08-28T01:14:15.144+0000][info][gc,phases      ] GC(835)   Other: 0.6ms
[2024-08-28T01:14:15.144+0000][info][gc,heap        ] GC(835) Eden regions: 103->0(70)
[2024-08-28T01:14:15.144+0000][info][gc,heap        ] GC(835) Survivor regions: 19->16(16)
[2024-08-28T01:14:15.144+0000][info][gc,heap        ] GC(835) Old regions: 571->677
[2024-08-28T01:14:15.144+0000][info][gc,heap        ] GC(835) Archive regions: 2->2
[2024-08-28T01:14:15.144+0000][info][gc,heap        ] GC(835) Humongous regions: 5->5
[2024-08-28T01:14:15.144+0000][info][gc,metaspace   ] GC(835) Metaspace: 100K(320K)->100K(320K) NonClass: 96K(192K)->96K(192K) Class: 4K(128K)->4K(128K)
[2024-08-28T01:14:15.144+0000][info][gc             ] GC(835) Pause Young (Concurrent Start) (G1 Evacuation Pause) 685M->686M(1024M) 19.088ms
[2024-08-28T01:14:15.144+0000][info][gc,cpu         ] GC(835) User=0.42s Sys=0.00s Real=0.02s
[2024-08-28T01:14:15.144+0000][info][gc             ] GC(836) Concurrent Mark Cycle
[2024-08-28T01:14:15.144+0000][info][gc,marking     ] GC(836) Concurrent Clear Claimed Marks
[2024-08-28T01:14:15.144+0000][info][gc,marking     ] GC(836) Concurrent Clear Claimed Marks 0.010ms
[2024-08-28T01:14:15.144+0000][info][gc,marking     ] GC(836) Concurrent Scan Root Regions
[2024-08-28T01:14:15.147+0000][info][gc,marking     ] GC(836) Concurrent Scan Root Regions 3.278ms
[2024-08-28T01:14:15.147+0000][info][gc,marking     ] GC(836) Concurrent Mark
[2024-08-28T01:14:15.147+0000][info][gc,marking     ] GC(836) Concurrent Mark From Roots
[2024-08-28T01:14:15.147+0000][info][gc,task        ] GC(836) Using 17 workers of 17 for marking
[2024-08-28T01:14:15.168+0000][info][gc,marking     ] GC(836) Concurrent Mark From Roots 20.848ms
[2024-08-28T01:14:15.168+0000][info][gc,marking     ] GC(836) Concurrent Preclean
[2024-08-28T01:14:15.169+0000][info][gc,marking     ] GC(836) Concurrent Preclean 0.506ms
[2024-08-28T01:14:15.169+0000][info][gc,start       ] GC(836) Pause Remark
[2024-08-28T01:14:15.170+0000][info][gc             ] GC(836) Pause Remark 725M->725M(1024M) 1.098ms
[2024-08-28T01:14:15.170+0000][info][gc,cpu         ] GC(836) User=0.00s Sys=0.00s Real=0.01s
[2024-08-28T01:14:15.170+0000][info][gc,marking     ] GC(836) Concurrent Mark 22.846ms
[2024-08-28T01:14:15.170+0000][info][gc,marking     ] GC(836) Concurrent Rebuild Remembered Sets
[2024-08-28T01:14:15.184+0000][info][gc,start       ] GC(837) Pause Young (Normal) (G1 Evacuation Pause)
[2024-08-28T01:14:15.184+0000][info][gc,task        ] GC(837) Using 24 workers of 68 for evacuation
[2024-08-28T01:14:15.200+0000][info][gc,phases      ] GC(837)   Pre Evacuate Collection Set: 0.2ms
[2024-08-28T01:14:15.200+0000][info][gc,phases      ] GC(837)   Merge Heap Roots: 0.3ms
[2024-08-28T01:14:15.200+0000][info][gc,phases      ] GC(837)   Evacuate Collection Set: 14.6ms
[2024-08-28T01:14:15.200+0000][info][gc,phases      ] GC(837)   Post Evacuate Collection Set: 0.5ms
[2024-08-28T01:14:15.200+0000][info][gc,phases      ] GC(837)   Other: 0.3ms
[2024-08-28T01:14:15.200+0000][info][gc,heap        ] GC(837) Eden regions: 70->0(46)
[2024-08-28T01:14:15.200+0000][info][gc,heap        ] GC(837) Survivor regions: 16->11(11)
[2024-08-28T01:14:15.200+0000][info][gc,heap        ] GC(837) Old regions: 677->755
[2024-08-28T01:14:15.200+0000][info][gc,heap        ] GC(837) Archive regions: 2->2
[2024-08-28T01:14:15.200+0000][info][gc,heap        ] GC(837) Humongous regions: 5->5
[2024-08-28T01:14:15.200+0000][info][gc,metaspace   ] GC(837) Metaspace: 100K(320K)->100K(320K) NonClass: 96K(192K)->96K(192K) Class: 4K(128K)->4K(128K)
[2024-08-28T01:14:15.200+0000][info][gc             ] GC(837) Pause Young (Normal) (G1 Evacuation Pause) 756M->759M(1024M) 15.849ms
[2024-08-28T01:14:15.200+0000][info][gc,cpu         ] GC(837) User=0.36s Sys=0.00s Real=0.02s
[2024-08-28T01:14:15.221+0000][info][gc,start       ] GC(838) Pause Young (Normal) (G1 Evacuation Pause)
[2024-08-28T01:14:15.221+0000][info][gc,task        ] GC(838) Using 24 workers of 68 for evacuation
[2024-08-28T01:14:15.240+0000][info][gc,phases      ] GC(838)   Pre Evacuate Collection Set: 0.1ms
[2024-08-28T01:14:15.240+0000][info][gc,phases      ] GC(838)   Merge Heap Roots: 0.5ms
[2024-08-28T01:14:15.240+0000][info][gc,phases      ] GC(838)   Evacuate Collection Set: 17.2ms
[2024-08-28T01:14:15.240+0000][info][gc,phases      ] GC(838)   Post Evacuate Collection Set: 0.6ms
[2024-08-28T01:14:15.240+0000][info][gc,phases      ] GC(838)   Other: 0.2ms
[2024-08-28T01:14:15.240+0000][info][gc,heap        ] GC(838) Eden regions: 46->0(43)
[2024-08-28T01:14:15.240+0000][info][gc,heap        ] GC(838) Survivor regions: 11->8(8)
[2024-08-28T01:14:15.240+0000][info][gc,heap        ] GC(838) Old regions: 755->809
[2024-08-28T01:14:15.240+0000][info][gc,heap        ] GC(838) Archive regions: 2->2
[2024-08-28T01:14:15.240+0000][info][gc,heap        ] GC(838) Humongous regions: 5->5
[2024-08-28T01:14:15.240+0000][info][gc,metaspace   ] GC(838) Metaspace: 100K(320K)->100K(320K) NonClass: 96K(192K)->96K(192K) Class: 4K(128K)->4K(128K)
[2024-08-28T01:14:15.240+0000][info][gc             ] GC(838) Pause Young (Normal) (G1 Evacuation Pause) 805M->810M(1024M) 18.726ms
[2024-08-28T01:14:15.240+0000][info][gc,cpu         ] GC(838) User=0.43s Sys=0.00s Real=0.02s
[2024-08-28T01:14:15.253+0000][info][gc,marking     ] GC(836) Concurrent Rebuild Remembered Sets 82.789ms
[2024-08-28T01:14:15.253+0000][info][gc,start       ] GC(836) Pause Cleanup
[2024-08-28T01:14:15.254+0000][info][gc             ] GC(836) Pause Cleanup 837M->837M(1024M) 1.207ms
[2024-08-28T01:14:15.254+0000][info][gc,cpu         ] GC(836) User=0.00s Sys=0.00s Real=0.00s
[2024-08-28T01:14:15.254+0000][info][gc,marking     ] GC(836) Concurrent Cleanup for Next Mark
[2024-08-28T01:14:15.255+0000][info][gc,marking     ] GC(836) Concurrent Cleanup for Next Mark 0.541ms
[2024-08-28T01:14:15.255+0000][info][gc             ] GC(836) Concurrent Mark Cycle 111.130ms
[2024-08-28T01:14:15.263+0000][info][gc,start       ] GC(839) Pause Young (Prepare Mixed) (G1 Evacuation Pause)
[2024-08-28T01:14:15.263+0000][info][gc,task        ] GC(839) Using 24 workers of 68 for evacuation
[2024-08-28T01:14:15.280+0000][info][gc,phases      ] GC(839)   Pre Evacuate Collection Set: 0.2ms
[2024-08-28T01:14:15.280+0000][info][gc,phases      ] GC(839)   Merge Heap Roots: 0.6ms
[2024-08-28T01:14:15.280+0000][info][gc,phases      ] GC(839)   Evacuate Collection Set: 15.6ms
[2024-08-28T01:14:15.280+0000][info][gc,phases      ] GC(839)   Post Evacuate Collection Set: 0.3ms
[2024-08-28T01:14:15.280+0000][info][gc,phases      ] GC(839)   Other: 0.2ms
[2024-08-28T01:14:15.280+0000][info][gc,heap        ] GC(839) Eden regions: 43->0(44)
[2024-08-28T01:14:15.280+0000][info][gc,heap        ] GC(839) Survivor regions: 8->7(7)
[2024-08-28T01:14:15.280+0000][info][gc,heap        ] GC(839) Old regions: 809->857
[2024-08-28T01:14:15.280+0000][info][gc,heap        ] GC(839) Archive regions: 2->2
[2024-08-28T01:14:15.280+0000][info][gc,heap        ] GC(839) Humongous regions: 5->5
[2024-08-28T01:14:15.280+0000][info][gc,metaspace   ] GC(839) Metaspace: 100K(320K)->100K(320K) NonClass: 96K(192K)->96K(192K) Class: 4K(128K)->4K(128K)
[2024-08-28T01:14:15.280+0000][info][gc             ] GC(839) Pause Young (Prepare Mixed) (G1 Evacuation Pause) 853M->856M(1024M) 16.963ms
[2024-08-28T01:14:15.280+0000][info][gc,cpu         ] GC(839) User=0.38s Sys=0.01s Real=0.02s
[2024-08-28T01:14:15.301+0000][info][gc,start       ] GC(840) Pause Young (Mixed) (G1 Evacuation Pause)
[2024-08-28T01:14:15.301+0000][info][gc,task        ] GC(840) Using 24 workers of 68 for evacuation
[2024-08-28T01:14:15.311+0000][info][gc,phases      ] GC(840)   Pre Evacuate Collection Set: 0.2ms
[2024-08-28T01:14:15.311+0000][info][gc,phases      ] GC(840)   Merge Heap Roots: 0.3ms
[2024-08-28T01:14:15.311+0000][info][gc,phases      ] GC(840)   Evacuate Collection Set: 9.4ms
[2024-08-28T01:14:15.311+0000][info][gc,phases      ] GC(840)   Post Evacuate Collection Set: 0.3ms
[2024-08-28T01:14:15.311+0000][info][gc,phases      ] GC(840)   Other: 0.2ms
[2024-08-28T01:14:15.311+0000][info][gc,heap        ] GC(840) Eden regions: 44->0(44)
[2024-08-28T01:14:15.311+0000][info][gc,heap        ] GC(840) Survivor regions: 7->7(7)
[2024-08-28T01:14:15.311+0000][info][gc,heap        ] GC(840) Old regions: 857->842
[2024-08-28T01:14:15.311+0000][info][gc,heap        ] GC(840) Archive regions: 2->2
[2024-08-28T01:14:15.311+0000][info][gc,heap        ] GC(840) Humongous regions: 5->5
[2024-08-28T01:14:15.311+0000][info][gc,metaspace   ] GC(840) Metaspace: 100K(320K)->100K(320K) NonClass: 96K(192K)->96K(192K) Class: 4K(128K)->4K(128K)
[2024-08-28T01:14:15.311+0000][info][gc             ] GC(840) Pause Young (Mixed) (G1 Evacuation Pause) 900M->842M(1024M) 10.484ms
[2024-08-28T01:14:15.311+0000][info][gc,cpu         ] GC(840) User=0.23s Sys=0.00s Real=0.01s
[2024-08-28T01:14:15.332+0000][info][gc,start       ] GC(841) Pause Young (Mixed) (G1 Evacuation Pause)
[2024-08-28T01:14:15.332+0000][info][gc,task        ] GC(841) Using 24 workers of 68 for evacuation
[2024-08-28T01:14:15.343+0000][info][gc,phases      ] GC(841)   Pre Evacuate Collection Set: 0.2ms
[2024-08-28T01:14:15.343+0000][info][gc,phases      ] GC(841)   Merge Heap Roots: 0.4ms
[2024-08-28T01:14:15.343+0000][info][gc,phases      ] GC(841)   Evacuate Collection Set: 9.5ms
[2024-08-28T01:14:15.343+0000][info][gc,phases      ] GC(841)   Post Evacuate Collection Set: 0.4ms
[2024-08-28T01:14:15.343+0000][info][gc,phases      ] GC(841)   Other: 0.2ms
[2024-08-28T01:14:15.343+0000][info][gc,heap        ] GC(841) Eden regions: 44->0(44)
[2024-08-28T01:14:15.343+0000][info][gc,heap        ] GC(841) Survivor regions: 7->7(7)
[2024-08-28T01:14:15.343+0000][info][gc,heap        ] GC(841) Old regions: 842->827
[2024-08-28T01:14:15.343+0000][info][gc,heap        ] GC(841) Archive regions: 2->2
[2024-08-28T01:14:15.343+0000][info][gc,heap        ] GC(841) Humongous regions: 5->5
[2024-08-28T01:14:15.343+0000][info][gc,metaspace   ] GC(841) Metaspace: 100K(320K)->100K(320K) NonClass: 96K(192K)->96K(192K) Class: 4K(128K)->4K(128K)
[2024-08-28T01:14:15.343+0000][info][gc             ] GC(841) Pause Young (Mixed) (G1 Evacuation Pause) 886M->827M(1024M) 10.841ms
[2024-08-28T01:14:15.343+0000][info][gc,cpu         ] GC(841) User=0.24s Sys=0.00s Real=0.01s
[2024-08-28T01:14:15.362+0000][info][gc,start       ] GC(842) Pause Young (Mixed) (G1 Evacuation Pause)
[2024-08-28T01:14:15.362+0000][info][gc,task        ] GC(842) Using 24 workers of 68 for evacuation
[2024-08-28T01:14:15.372+0000][info][gc,phases      ] GC(842)   Pre Evacuate Collection Set: 0.2ms
[2024-08-28T01:14:15.372+0000][info][gc,phases      ] GC(842)   Merge Heap Roots: 0.3ms
[2024-08-28T01:14:15.373+0000][info][gc,phases      ] GC(842)   Evacuate Collection Set: 9.2ms
[2024-08-28T01:14:15.373+0000][info][gc,phases      ] GC(842)   Post Evacuate Collection Set: 0.4ms
[2024-08-28T01:14:15.373+0000][info][gc,phases      ] GC(842)   Other: 0.3ms
[2024-08-28T01:14:15.373+0000][info][gc,heap        ] GC(842) Eden regions: 44->0(44)
[2024-08-28T01:14:15.373+0000][info][gc,heap        ] GC(842) Survivor regions: 7->7(7)
[2024-08-28T01:14:15.373+0000][info][gc,heap        ] GC(842) Old regions: 827->813
[2024-08-28T01:14:15.373+0000][info][gc,heap        ] GC(842) Archive regions: 2->2
[2024-08-28T01:14:15.373+0000][info][gc,heap        ] GC(842) Humongous regions: 5->5
[2024-08-28T01:14:15.373+0000][info][gc,metaspace   ] GC(842) Metaspace: 100K(320K)->100K(320K) NonClass: 96K(192K)->96K(192K) Class: 4K(128K)->4K(128K)
[2024-08-28T01:14:15.373+0000][info][gc             ] GC(842) Pause Young (Mixed) (G1 Evacuation Pause) 871M->814M(1024M) 10.422ms
[2024-08-28T01:14:15.373+0000][info][gc,cpu         ] GC(842) User=0.22s Sys=0.00s Real=0.01s
[2024-08-28T01:14:15.393+0000][info][gc,start       ] GC(843) Pause Young (Mixed) (G1 Evacuation Pause)
[2024-08-28T01:14:15.393+0000][info][gc,task        ] GC(843) Using 24 workers of 68 for evacuation
[2024-08-28T01:14:15.403+0000][info][gc,phases      ] GC(843)   Pre Evacuate Collection Set: 0.2ms
[2024-08-28T01:14:15.403+0000][info][gc,phases      ] GC(843)   Merge Heap Roots: 0.4ms
[2024-08-28T01:14:15.403+0000][info][gc,phases      ] GC(843)   Evacuate Collection Set: 8.9ms
[2024-08-28T01:14:15.403+0000][info][gc,phases      ] GC(843)   Post Evacuate Collection Set: 0.3ms
[2024-08-28T01:14:15.403+0000][info][gc,phases      ] GC(843)   Other: 0.3ms
[2024-08-28T01:14:15.403+0000][info][gc,heap        ] GC(843) Eden regions: 44->0(44)
[2024-08-28T01:14:15.403+0000][info][gc,heap        ] GC(843) Survivor regions: 7->7(7)
[2024-08-28T01:14:15.403+0000][info][gc,heap        ] GC(843) Old regions: 813->848
[2024-08-28T01:14:15.403+0000][info][gc,heap        ] GC(843) Archive regions: 2->2
[2024-08-28T01:14:15.403+0000][info][gc,heap        ] GC(843) Humongous regions: 5->5
[2024-08-28T01:14:15.403+0000][info][gc,metaspace   ] GC(843) Metaspace: 100K(320K)->100K(320K) NonClass: 96K(192K)->96K(192K) Class: 4K(128K)->4K(128K)
[2024-08-28T01:14:15.403+0000][info][gc             ] GC(843) Pause Young (Mixed) (G1 Evacuation Pause) 858M->852M(1024M) 10.184ms
[2024-08-28T01:14:15.403+0000][info][gc,cpu         ] GC(843) User=0.22s Sys=0.00s Real=0.01s
[2024-08-28T01:14:15.422+0000][info][gc,start       ] GC(844) Pause Young (Concurrent Start) (G1 Evacuation Pause)
[2024-08-28T01:14:15.422+0000][info][gc,task        ] GC(844) Using 24 workers of 68 for evacuation
[2024-08-28T01:14:15.432+0000][info][gc,phases      ] GC(844)   Pre Evacuate Collection Set: 0.2ms
[2024-08-28T01:14:15.432+0000][info][gc,phases      ] GC(844)   Merge Heap Roots: 0.4ms
[2024-08-28T01:14:15.432+0000][info][gc,phases      ] GC(844)   Evacuate Collection Set: 8.4ms
[2024-08-28T01:14:15.432+0000][info][gc,phases      ] GC(844)   Post Evacuate Collection Set: 0.3ms
[2024-08-28T01:14:15.432+0000][info][gc,phases      ] GC(844)   Other: 0.6ms
[2024-08-28T01:14:15.432+0000][info][gc,heap        ] GC(844) Eden regions: 44->0(44)
[2024-08-28T01:14:15.432+0000][info][gc,heap        ] GC(844) Survivor regions: 7->7(7)
[2024-08-28T01:14:15.432+0000][info][gc,heap        ] GC(844) Old regions: 848->895
[2024-08-28T01:14:15.432+0000][info][gc,heap        ] GC(844) Archive regions: 2->2
[2024-08-28T01:14:15.432+0000][info][gc,heap        ] GC(844) Humongous regions: 5->5
[2024-08-28T01:14:15.432+0000][info][gc,metaspace   ] GC(844) Metaspace: 100K(320K)->100K(320K) NonClass: 96K(192K)->96K(192K) Class: 4K(128K)->4K(128K)
[2024-08-28T01:14:15.432+0000][info][gc             ] GC(844) Pause Young (Concurrent Start) (G1 Evacuation Pause) 896M->899M(1024M) 9.883ms
[2024-08-28T01:14:15.432+0000][info][gc,cpu         ] GC(844) User=0.21s Sys=0.00s Real=0.01s
[2024-08-28T01:14:15.432+0000][info][gc             ] GC(845) Concurrent Mark Cycle
[2024-08-28T01:14:15.432+0000][info][gc,marking     ] GC(845) Concurrent Clear Claimed Marks
[2024-08-28T01:14:15.432+0000][info][gc,marking     ] GC(845) Concurrent Clear Claimed Marks 0.014ms
[2024-08-28T01:14:15.432+0000][info][gc,marking     ] GC(845) Concurrent Scan Root Regions
[2024-08-28T01:14:15.434+0000][info][gc,marking     ] GC(845) Concurrent Scan Root Regions 1.548ms
[2024-08-28T01:14:15.434+0000][info][gc,marking     ] GC(845) Concurrent Mark
[2024-08-28T01:14:15.434+0000][info][gc,marking     ] GC(845) Concurrent Mark From Roots
[2024-08-28T01:14:15.434+0000][info][gc,task        ] GC(845) Using 17 workers of 17 for marking
[2024-08-28T01:14:15.458+0000][info][gc,marking     ] GC(845) Concurrent Mark From Roots 24.065ms
[2024-08-28T01:14:15.458+0000][info][gc,marking     ] GC(845) Concurrent Preclean
[2024-08-28T01:14:15.459+0000][info][gc,marking     ] GC(845) Concurrent Preclean 0.808ms
[2024-08-28T01:14:15.459+0000][info][gc,start       ] GC(845) Pause Remark
[2024-08-28T01:14:15.461+0000][info][gc             ] GC(845) Pause Remark 943M->943M(1024M) 1.668ms
[2024-08-28T01:14:15.461+0000][info][gc,cpu         ] GC(845) User=0.01s Sys=0.00s Real=0.00s
[2024-08-28T01:14:15.461+0000][info][gc,marking     ] GC(845) Concurrent Mark 27.078ms
[2024-08-28T01:14:15.461+0000][info][gc,marking     ] GC(845) Concurrent Rebuild Remembered Sets
[2024-08-28T01:14:15.461+0000][info][gc,start       ] GC(846) Pause Young (Normal) (G1 Evacuation Pause)
[2024-08-28T01:14:15.461+0000][info][gc,task        ] GC(846) Using 24 workers of 68 for evacuation
[2024-08-28T01:14:15.471+0000][info][gc,phases      ] GC(846)   Pre Evacuate Collection Set: 0.2ms
[2024-08-28T01:14:15.471+0000][info][gc,phases      ] GC(846)   Merge Heap Roots: 0.4ms
[2024-08-28T01:14:15.471+0000][info][gc,phases      ] GC(846)   Evacuate Collection Set: 8.7ms
[2024-08-28T01:14:15.471+0000][info][gc,phases      ] GC(846)   Post Evacuate Collection Set: 0.4ms
[2024-08-28T01:14:15.471+0000][info][gc,phases      ] GC(846)   Other: 0.2ms
[2024-08-28T01:14:15.471+0000][info][gc,heap        ] GC(846) Eden regions: 44->0(44)
[2024-08-28T01:14:15.471+0000][info][gc,heap        ] GC(846) Survivor regions: 7->7(7)
[2024-08-28T01:14:15.471+0000][info][gc,heap        ] GC(846) Old regions: 895->942
[2024-08-28T01:14:15.471+0000][info][gc,heap        ] GC(846) Archive regions: 2->2
[2024-08-28T01:14:15.471+0000][info][gc,heap        ] GC(846) Humongous regions: 5->5
[2024-08-28T01:14:15.471+0000][info][gc,metaspace   ] GC(846) Metaspace: 100K(320K)->100K(320K) NonClass: 96K(192K)->96K(192K) Class: 4K(128K)->4K(128K)
[2024-08-28T01:14:15.471+0000][info][gc             ] GC(846) Pause Young (Normal) (G1 Evacuation Pause) 943M->946M(1024M) 9.896ms
[2024-08-28T01:14:15.471+0000][info][gc,cpu         ] GC(846) User=0.22s Sys=0.01s Real=0.01s
[2024-08-28T01:14:15.486+0000][info][gc,start       ] GC(847) Pause Young (Normal) (G1 Preventive Collection)
[2024-08-28T01:14:15.486+0000][info][gc,task        ] GC(847) Using 24 workers of 68 for evacuation
[2024-08-28T01:14:15.497+0000][info][gc,phases      ] GC(847)   Pre Evacuate Collection Set: 0.2ms
[2024-08-28T01:14:15.497+0000][info][gc,phases      ] GC(847)   Merge Heap Roots: 0.5ms
[2024-08-28T01:14:15.497+0000][info][gc,phases      ] GC(847)   Evacuate Collection Set: 9.9ms
[2024-08-28T01:14:15.497+0000][info][gc,phases      ] GC(847)   Post Evacuate Collection Set: 0.5ms
[2024-08-28T01:14:15.497+0000][info][gc,phases      ] GC(847)   Other: 0.2ms
[2024-08-28T01:14:15.497+0000][info][gc,heap        ] GC(847) Eden regions: 29->0(44)
[2024-08-28T01:14:15.498+0000][info][gc,heap        ] GC(847) Survivor regions: 7->7(7)
[2024-08-28T01:14:15.498+0000][info][gc,heap        ] GC(847) Old regions: 942->974
[2024-08-28T01:14:15.498+0000][info][gc,heap        ] GC(847) Archive regions: 2->2
[2024-08-28T01:14:15.498+0000][info][gc,heap        ] GC(847) Humongous regions: 5->5
[2024-08-28T01:14:15.498+0000][info][gc,metaspace   ] GC(847) Metaspace: 100K(320K)->100K(320K) NonClass: 96K(192K)->96K(192K) Class: 4K(128K)->4K(128K)
[2024-08-28T01:14:15.498+0000][info][gc             ] GC(847) Pause Young (Normal) (G1 Preventive Collection) 975M->978M(1024M) 11.311ms
[2024-08-28T01:14:15.498+0000][info][gc,cpu         ] GC(847) User=0.25s Sys=0.00s Real=0.02s
[2024-08-28T01:14:15.504+0000][info][gc,start       ] GC(848) Pause Young (Normal) (G1 Preventive Collection)
[2024-08-28T01:14:15.504+0000][info][gc,task        ] GC(848) Using 24 workers of 68 for evacuation
[2024-08-28T01:14:15.513+0000][info][gc,phases      ] GC(848)   Pre Evacuate Collection Set: 0.2ms
[2024-08-28T01:14:15.513+0000][info][gc,phases      ] GC(848)   Merge Heap Roots: 0.5ms
[2024-08-28T01:14:15.513+0000][info][gc,phases      ] GC(848)   Evacuate Collection Set: 7.8ms
[2024-08-28T01:14:15.513+0000][info][gc,phases      ] GC(848)   Post Evacuate Collection Set: 0.5ms
[2024-08-28T01:14:15.513+0000][info][gc,phases      ] GC(848)   Other: 0.2ms
[2024-08-28T01:14:15.513+0000][info][gc,heap        ] GC(848) Eden regions: 13->0(44)
[2024-08-28T01:14:15.513+0000][info][gc,heap        ] GC(848) Survivor regions: 7->7(7)
[2024-08-28T01:14:15.513+0000][info][gc,heap        ] GC(848) Old regions: 974->990
[2024-08-28T01:14:15.513+0000][info][gc,heap        ] GC(848) Archive regions: 2->2
[2024-08-28T01:14:15.513+0000][info][gc,heap        ] GC(848) Humongous regions: 5->5
[2024-08-28T01:14:15.513+0000][info][gc,metaspace   ] GC(848) Metaspace: 100K(320K)->100K(320K) NonClass: 96K(192K)->96K(192K) Class: 4K(128K)->4K(128K)
[2024-08-28T01:14:15.513+0000][info][gc             ] GC(848) Pause Young (Normal) (G1 Preventive Collection) 991M->994M(1024M) 9.220ms
[2024-08-28T01:14:15.513+0000][info][gc,cpu         ] GC(848) User=0.21s Sys=0.00s Real=0.01s
[2024-08-28T01:14:15.516+0000][info][gc,start       ] GC(849) Pause Young (Normal) (G1 Preventive Collection)
[2024-08-28T01:14:15.516+0000][info][gc,task        ] GC(849) Using 24 workers of 68 for evacuation
[2024-08-28T01:14:15.523+0000][info][gc,phases      ] GC(849)   Pre Evacuate Collection Set: 0.1ms
[2024-08-28T01:14:15.523+0000][info][gc,phases      ] GC(849)   Merge Heap Roots: 0.5ms
[2024-08-28T01:14:15.523+0000][info][gc,phases      ] GC(849)   Evacuate Collection Set: 5.8ms
[2024-08-28T01:14:15.523+0000][info][gc,phases      ] GC(849)   Post Evacuate Collection Set: 0.5ms
[2024-08-28T01:14:15.523+0000][info][gc,phases      ] GC(849)   Other: 0.1ms
[2024-08-28T01:14:15.523+0000][info][gc,heap        ] GC(849) Eden regions: 5->0(45)
[2024-08-28T01:14:15.523+0000][info][gc,heap        ] GC(849) Survivor regions: 7->6(7)
[2024-08-28T01:14:15.523+0000][info][gc,heap        ] GC(849) Old regions: 990->998
[2024-08-28T01:14:15.523+0000][info][gc,heap        ] GC(849) Archive regions: 2->2
[2024-08-28T01:14:15.523+0000][info][gc,heap        ] GC(849) Humongous regions: 5->5
[2024-08-28T01:14:15.523+0000][info][gc,metaspace   ] GC(849) Metaspace: 100K(320K)->100K(320K) NonClass: 96K(192K)->96K(192K) Class: 4K(128K)->4K(128K)
[2024-08-28T01:14:15.523+0000][info][gc             ] GC(849) Pause Young (Normal) (G1 Preventive Collection) 999M->1001M(1024M) 7.087ms
[2024-08-28T01:14:15.523+0000][info][gc,cpu         ] GC(849) User=0.15s Sys=0.00s Real=0.01s
[2024-08-28T01:14:15.525+0000][info][gc,start       ] GC(850) Pause Young (Normal) (G1 Preventive Collection)
[2024-08-28T01:14:15.525+0000][info][gc,task        ] GC(850) Using 24 workers of 68 for evacuation
[2024-08-28T01:14:15.531+0000][info][gc             ] GC(850) To-space exhausted
[2024-08-28T01:14:15.531+0000][info][gc,phases      ] GC(850)   Pre Evacuate Collection Set: 0.1ms
[2024-08-28T01:14:15.531+0000][info][gc,phases      ] GC(850)   Merge Heap Roots: 0.5ms
[2024-08-28T01:14:15.531+0000][info][gc,phases      ] GC(850)   Evacuate Collection Set: 4.9ms
[2024-08-28T01:14:15.531+0000][info][gc,phases      ] GC(850)   Post Evacuate Collection Set: 0.6ms
[2024-08-28T01:14:15.531+0000][info][gc,phases      ] GC(850)   Other: 0.2ms
[2024-08-28T01:14:15.531+0000][info][gc,heap        ] GC(850) Eden regions: 3->0(47)
[2024-08-28T01:14:15.531+0000][info][gc,heap        ] GC(850) Survivor regions: 6->4(7)
[2024-08-28T01:14:15.531+0000][info][gc,heap        ] GC(850) Old regions: 998->1006
[2024-08-28T01:14:15.531+0000][info][gc,heap        ] GC(850) Archive regions: 2->2
[2024-08-28T01:14:15.531+0000][info][gc,heap        ] GC(850) Humongous regions: 5->5
[2024-08-28T01:14:15.531+0000][info][gc,metaspace   ] GC(850) Metaspace: 100K(320K)->100K(320K) NonClass: 96K(192K)->96K(192K) Class: 4K(128K)->4K(128K)
[2024-08-28T01:14:15.531+0000][info][gc             ] GC(850) Pause Young (Normal) (G1 Preventive Collection) 1004M->1007M(1024M) 6.326ms
[2024-08-28T01:14:15.531+0000][info][gc,cpu         ] GC(850) User=0.13s Sys=0.00s Real=0.01s
[2024-08-28T01:14:15.532+0000][info][gc,start       ] GC(851) Pause Young (Normal) (G1 Preventive Collection)
[2024-08-28T01:14:15.532+0000][info][gc,task        ] GC(851) Using 24 workers of 68 for evacuation
[2024-08-28T01:14:15.537+0000][info][gc,phases      ] GC(851)   Pre Evacuate Collection Set: 0.1ms
[2024-08-28T01:14:15.537+0000][info][gc,phases      ] GC(851)   Merge Heap Roots: 0.3ms
[2024-08-28T01:14:15.537+0000][info][gc,phases      ] GC(851)   Evacuate Collection Set: 4.4ms
[2024-08-28T01:14:15.537+0000][info][gc,phases      ] GC(851)   Post Evacuate Collection Set: 0.5ms
[2024-08-28T01:14:15.537+0000][info][gc,phases      ] GC(851)   Other: 0.1ms
[2024-08-28T01:14:15.537+0000][info][gc,heap        ] GC(851) Eden regions: 1->0(46)
[2024-08-28T01:14:15.537+0000][info][gc,heap        ] GC(851) Survivor regions: 4->5(6)
[2024-08-28T01:14:15.537+0000][info][gc,heap        ] GC(851) Old regions: 1006->1006
[2024-08-28T01:14:15.537+0000][info][gc,heap        ] GC(851) Archive regions: 2->2
[2024-08-28T01:14:15.537+0000][info][gc,heap        ] GC(851) Humongous regions: 5->5
[2024-08-28T01:14:15.537+0000][info][gc,metaspace   ] GC(851) Metaspace: 100K(320K)->100K(320K) NonClass: 96K(192K)->96K(192K) Class: 4K(128K)->4K(128K)
[2024-08-28T01:14:15.538+0000][info][gc             ] GC(851) Pause Young (Normal) (G1 Preventive Collection) 1008M->1008M(1024M) 5.486ms
[2024-08-28T01:14:15.538+0000][info][gc,cpu         ] GC(851) User=0.12s Sys=0.00s Real=0.01s
[2024-08-28T01:14:15.538+0000][info][gc,start       ] GC(852) Pause Young (Normal) (G1 Preventive Collection)
[2024-08-28T01:14:15.538+0000][info][gc,task        ] GC(852) Using 24 workers of 68 for evacuation
[2024-08-28T01:14:15.544+0000][info][gc             ] GC(852) To-space exhausted
[2024-08-28T01:14:15.544+0000][info][gc,phases      ] GC(852)   Pre Evacuate Collection Set: 0.1ms
[2024-08-28T01:14:15.544+0000][info][gc,phases      ] GC(852)   Merge Heap Roots: 0.5ms
[2024-08-28T01:14:15.544+0000][info][gc,phases      ] GC(852)   Evacuate Collection Set: 4.4ms
[2024-08-28T01:14:15.544+0000][info][gc,phases      ] GC(852)   Post Evacuate Collection Set: 0.6ms
[2024-08-28T01:14:15.544+0000][info][gc,phases      ] GC(852)   Other: 0.1ms
[2024-08-28T01:14:15.544+0000][info][gc,heap        ] GC(852) Eden regions: 1->0(49)
[2024-08-28T01:14:15.544+0000][info][gc,heap        ] GC(852) Survivor regions: 5->2(5)
[2024-08-28T01:14:15.544+0000][info][gc,heap        ] GC(852) Old regions: 1006->1014
[2024-08-28T01:14:15.544+0000][info][gc,heap        ] GC(852) Archive regions: 2->2
[2024-08-28T01:14:15.544+0000][info][gc,heap        ] GC(852) Humongous regions: 5->5
[2024-08-28T01:14:15.544+0000][info][gc,metaspace   ] GC(852) Metaspace: 100K(320K)->100K(320K) NonClass: 96K(192K)->96K(192K) Class: 4K(128K)->4K(128K)
[2024-08-28T01:14:15.544+0000][info][gc             ] GC(852) Pause Young (Normal) (G1 Preventive Collection) 1009M->1013M(1024M) 5.836ms
[2024-08-28T01:14:15.544+0000][info][gc,cpu         ] GC(852) User=0.12s Sys=0.00s Real=0.00s
[2024-08-28T01:14:15.545+0000][info][gc,start       ] GC(853) Pause Young (Normal) (G1 Evacuation Pause)
[2024-08-28T01:14:15.545+0000][info][gc,task        ] GC(853) Using 24 workers of 68 for evacuation
[2024-08-28T01:14:15.551+0000][info][gc             ] GC(853) To-space exhausted
[2024-08-28T01:14:15.551+0000][info][gc,phases      ] GC(853)   Pre Evacuate Collection Set: 0.1ms
[2024-08-28T01:14:15.551+0000][info][gc,phases      ] GC(853)   Merge Heap Roots: 0.4ms
[2024-08-28T01:14:15.551+0000][info][gc,phases      ] GC(853)   Evacuate Collection Set: 4.2ms
[2024-08-28T01:14:15.551+0000][info][gc,phases      ] GC(853)   Post Evacuate Collection Set: 0.8ms
[2024-08-28T01:14:15.551+0000][info][gc,phases      ] GC(853)   Other: 0.1ms
[2024-08-28T01:14:15.551+0000][info][gc,heap        ] GC(853) Eden regions: 1->0(51)
[2024-08-28T01:14:15.551+0000][info][gc,heap        ] GC(853) Survivor regions: 2->0(0)
[2024-08-28T01:14:15.551+0000][info][gc,heap        ] GC(853) Old regions: 1014->1017
[2024-08-28T01:14:15.551+0000][info][gc,heap        ] GC(853) Archive regions: 2->2
[2024-08-28T01:14:15.551+0000][info][gc,heap        ] GC(853) Humongous regions: 5->5
[2024-08-28T01:14:15.551+0000][info][gc,metaspace   ] GC(853) Metaspace: 100K(320K)->100K(320K) NonClass: 96K(192K)->96K(192K) Class: 4K(128K)->4K(128K)
[2024-08-28T01:14:15.551+0000][info][gc             ] GC(853) Pause Young (Normal) (G1 Evacuation Pause) 1014M->1014M(1024M) 5.756ms
[2024-08-28T01:14:15.551+0000][info][gc,cpu         ] GC(853) User=0.12s Sys=0.00s Real=0.01s
[2024-08-28T01:14:15.551+0000][info][gc,ergo        ] Attempting full compaction
[2024-08-28T01:14:15.551+0000][info][gc,task        ] GC(854) Using 24 workers of 68 for full compaction
[2024-08-28T01:14:15.551+0000][info][gc,start       ] GC(854) Pause Full (G1 Compaction Pause)
[2024-08-28T01:14:15.551+0000][info][gc,phases,start] GC(854) Phase 1: Mark live objects
[2024-08-28T01:14:15.564+0000][info][gc,phases      ] GC(854) Phase 1: Mark live objects 12.688ms
[2024-08-28T01:14:15.564+0000][info][gc,phases,start] GC(854) Phase 2: Prepare for compaction
[2024-08-28T01:14:15.572+0000][info][gc,phases      ] GC(854) Phase 2: Prepare for compaction 7.683ms
[2024-08-28T01:14:15.572+0000][info][gc,phases,start] GC(854) Phase 3: Adjust pointers
[2024-08-28T01:14:15.585+0000][info][gc,phases      ] GC(854) Phase 3: Adjust pointers 13.377ms
[2024-08-28T01:14:15.585+0000][info][gc,phases,start] GC(854) Phase 4: Compact heap
[2024-08-28T01:14:15.612+0000][info][gc,phases      ] GC(854) Phase 4: Compact heap 27.169ms
[2024-08-28T01:14:15.614+0000][info][gc,heap        ] GC(854) Eden regions: 0->0(150)
[2024-08-28T01:14:15.614+0000][info][gc,heap        ] GC(854) Survivor regions: 0->0(0)
[2024-08-28T01:14:15.614+0000][info][gc,heap        ] GC(854) Old regions: 1017->443
[2024-08-28T01:14:15.614+0000][info][gc,heap        ] GC(854) Archive regions: 2->2
[2024-08-28T01:14:15.614+0000][info][gc,heap        ] GC(854) Humongous regions: 5->5
[2024-08-28T01:14:15.614+0000][info][gc,metaspace   ] GC(854) Metaspace: 100K(320K)->100K(320K) NonClass: 96K(192K)->96K(192K) Class: 4K(128K)->4K(128K)
[2024-08-28T01:14:15.614+0000][info][gc             ] GC(854) Pause Full (G1 Compaction Pause) 1014M->437M(1024M) 62.859ms
[2024-08-28T01:14:15.614+0000][info][gc,cpu         ] GC(854) User=1.37s Sys=0.01s Real=0.06s
[2024-08-28T01:14:15.614+0000][info][gc,marking     ] GC(845) Concurrent Rebuild Remembered Sets 153.278ms
[2024-08-28T01:14:15.614+0000][info][gc,marking     ] GC(845) Concurrent Mark Abort
[2024-08-28T01:14:15.614+0000][info][gc             ] GC(845) Concurrent Mark Cycle 182.096ms
[2024-08-28T01:14:15.687+0000][info][gc,start       ] GC(855) Pause Young (Normal) (G1 Evacuation Pause)
[2024-08-28T01:14:15.687+0000][info][gc,task        ] GC(855) Using 24 workers of 68 for evacuation
[2024-08-28T01:14:15.743+0000][info][gc,phases      ] GC(855)   Pre Evacuate Collection Set: 0.2ms
[2024-08-28T01:14:15.744+0000][info][gc,phases      ] GC(855)   Merge Heap Roots: 0.4ms
[2024-08-28T01:14:15.744+0000][info][gc,phases      ] GC(855)   Evacuate Collection Set: 55.1ms
[2024-08-28T01:14:15.744+0000][info][gc,phases      ] GC(855)   Post Evacuate Collection Set: 0.3ms
[2024-08-28T01:14:15.744+0000][info][gc,phases      ] GC(855)   Other: 0.3ms
[2024-08-28T01:14:15.744+0000][info][gc,heap        ] GC(855) Eden regions: 150->0(104)
[2024-08-28T01:14:15.744+0000][info][gc,heap        ] GC(855) Survivor regions: 0->19(19)
[2024-08-28T01:14:15.744+0000][info][gc,heap        ] GC(855) Old regions: 443->568
[2024-08-28T01:14:15.744+0000][info][gc,heap        ] GC(855) Archive regions: 2->2
[2024-08-28T01:14:15.744+0000][info][gc,heap        ] GC(855) Humongous regions: 5->5
[2024-08-28T01:14:15.744+0000][info][gc,metaspace   ] GC(855) Metaspace: 100K(320K)->100K(320K) NonClass: 96K(192K)->96K(192K) Class: 4K(128K)->4K(128K)
[2024-08-28T01:14:15.744+0000][info][gc             ] GC(855) Pause Young (Normal) (G1 Evacuation Pause) 587M->581M(1024M) 56.344ms
[2024-08-28T01:14:15.744+0000][info][gc,cpu         ] GC(855) User=0.44s Sys=0.70s Real=0.06s
[2024-08-28T01:14:15.792+0000][info][gc,start       ] GC(856) Pause Young (Concurrent Start) (G1 Evacuation Pause)
[2024-08-28T01:14:15.792+0000][info][gc,task        ] GC(856) Using 24 workers of 68 for evacuation
[2024-08-28T01:14:15.810+0000][info][gc,phases      ] GC(856)   Pre Evacuate Collection Set: 0.2ms
[2024-08-28T01:14:15.810+0000][info][gc,phases      ] GC(856)   Merge Heap Roots: 0.4ms
[2024-08-28T01:14:15.810+0000][info][gc,phases      ] GC(856)   Evacuate Collection Set: 17.1ms
[2024-08-28T01:14:15.810+0000][info][gc,phases      ] GC(856)   Post Evacuate Collection Set: 0.3ms
[2024-08-28T01:14:15.810+0000][info][gc,phases      ] GC(856)   Other: 0.6ms
[2024-08-28T01:14:15.810+0000][info][gc,heap        ] GC(856) Eden regions: 104->0(71)
[2024-08-28T01:14:15.810+0000][info][gc,heap        ] GC(856) Survivor regions: 19->16(16)
[2024-08-28T01:14:15.810+0000][info][gc,heap        ] GC(856) Old regions: 568->674
[2024-08-28T01:14:15.810+0000][info][gc,heap        ] GC(856) Archive regions: 2->2
[2024-08-28T01:14:15.810+0000][info][gc,heap        ] GC(856) Humongous regions: 5->5
[2024-08-28T01:14:15.810+0000][info][gc,metaspace   ] GC(856) Metaspace: 100K(320K)->100K(320K) NonClass: 96K(192K)->96K(192K) Class: 4K(128K)->4K(128K)
[2024-08-28T01:14:15.810+0000][info][gc             ] GC(856) Pause Young (Concurrent Start) (G1 Evacuation Pause) 685M->684M(1024M) 18.587ms
[2024-08-28T01:14:15.810+0000][info][gc,cpu         ] GC(856) User=0.42s Sys=0.00s Real=0.02s
[2024-08-28T01:14:15.811+0000][info][gc             ] GC(857) Concurrent Mark Cycle
[2024-08-28T01:14:15.811+0000][info][gc,marking     ] GC(857) Concurrent Clear Claimed Marks
[2024-08-28T01:14:15.811+0000][info][gc,marking     ] GC(857) Concurrent Clear Claimed Marks 0.010ms
[2024-08-28T01:14:15.811+0000][info][gc,marking     ] GC(857) Concurrent Scan Root Regions
[2024-08-28T01:14:15.814+0000][info][gc,marking     ] GC(857) Concurrent Scan Root Regions 3.394ms
[2024-08-28T01:14:15.814+0000][info][gc,marking     ] GC(857) Concurrent Mark
[2024-08-28T01:14:15.814+0000][info][gc,marking     ] GC(857) Concurrent Mark From Roots
[2024-08-28T01:14:15.814+0000][info][gc,task        ] GC(857) Using 17 workers of 17 for marking
[2024-08-28T01:14:15.835+0000][info][gc,marking     ] GC(857) Concurrent Mark From Roots 20.491ms
[2024-08-28T01:14:15.835+0000][info][gc,marking     ] GC(857) Concurrent Preclean
[2024-08-28T01:14:15.835+0000][info][gc,marking     ] GC(857) Concurrent Preclean 0.619ms
[2024-08-28T01:14:15.835+0000][info][gc,start       ] GC(857) Pause Remark
[2024-08-28T01:14:15.837+0000][info][gc             ] GC(857) Pause Remark 723M->723M(1024M) 1.279ms
[2024-08-28T01:14:15.837+0000][info][gc,cpu         ] GC(857) User=0.01s Sys=0.00s Real=0.00s
[2024-08-28T01:14:15.837+0000][info][gc,marking     ] GC(857) Concurrent Mark 22.738ms
[2024-08-28T01:14:15.837+0000][info][gc,marking     ] GC(857) Concurrent Rebuild Remembered Sets
[2024-08-28T01:14:15.852+0000][info][gc,start       ] GC(858) Pause Young (Normal) (G1 Evacuation Pause)
[2024-08-28T01:14:15.852+0000][info][gc,task        ] GC(858) Using 24 workers of 68 for evacuation
[2024-08-28T01:14:15.867+0000][info][gc,phases      ] GC(858)   Pre Evacuate Collection Set: 0.2ms
[2024-08-28T01:14:15.867+0000][info][gc,phases      ] GC(858)   Merge Heap Roots: 0.3ms
[2024-08-28T01:14:15.867+0000][info][gc,phases      ] GC(858)   Evacuate Collection Set: 13.8ms
[2024-08-28T01:14:15.867+0000][info][gc,phases      ] GC(858)   Post Evacuate Collection Set: 0.5ms
[2024-08-28T01:14:15.867+0000][info][gc,phases      ] GC(858)   Other: 0.3ms
[2024-08-28T01:14:15.867+0000][info][gc,heap        ] GC(858) Eden regions: 71->0(47)
[2024-08-28T01:14:15.867+0000][info][gc,heap        ] GC(858) Survivor regions: 16->11(11)
[2024-08-28T01:14:15.867+0000][info][gc,heap        ] GC(858) Old regions: 674->752
[2024-08-28T01:14:15.867+0000][info][gc,heap        ] GC(858) Archive regions: 2->2
[2024-08-28T01:14:15.867+0000][info][gc,heap        ] GC(858) Humongous regions: 5->5
[2024-08-28T01:14:15.867+0000][info][gc,metaspace   ] GC(858) Metaspace: 100K(320K)->100K(320K) NonClass: 96K(192K)->96K(192K) Class: 4K(128K)->4K(128K)
[2024-08-28T01:14:15.867+0000][info][gc             ] GC(858) Pause Young (Normal) (G1 Evacuation Pause) 755M->757M(1024M) 15.140ms
[2024-08-28T01:14:15.867+0000][info][gc,cpu         ] GC(858) User=0.34s Sys=0.00s Real=0.01s
[2024-08-28T01:14:15.889+0000][info][gc,start       ] GC(859) Pause Young (Normal) (G1 Evacuation Pause)
[2024-08-28T01:14:15.889+0000][info][gc,task        ] GC(859) Using 24 workers of 68 for evacuation
[2024-08-28T01:14:15.907+0000][info][gc,phases      ] GC(859)   Pre Evacuate Collection Set: 0.2ms
[2024-08-28T01:14:15.907+0000][info][gc,phases      ] GC(859)   Merge Heap Roots: 0.5ms
[2024-08-28T01:14:15.907+0000][info][gc,phases      ] GC(859)   Evacuate Collection Set: 17.1ms
[2024-08-28T01:14:15.907+0000][info][gc,phases      ] GC(859)   Post Evacuate Collection Set: 0.6ms
[2024-08-28T01:14:15.907+0000][info][gc,phases      ] GC(859)   Other: 0.2ms
[2024-08-28T01:14:15.907+0000][info][gc,heap        ] GC(859) Eden regions: 47->0(43)
[2024-08-28T01:14:15.907+0000][info][gc,heap        ] GC(859) Survivor regions: 11->8(8)
[2024-08-28T01:14:15.907+0000][info][gc,heap        ] GC(859) Old regions: 752->807
[2024-08-28T01:14:15.907+0000][info][gc,heap        ] GC(859) Archive regions: 2->2
[2024-08-28T01:14:15.907+0000][info][gc,heap        ] GC(859) Humongous regions: 5->5
[2024-08-28T01:14:15.907+0000][info][gc,metaspace   ] GC(859) Metaspace: 100K(320K)->100K(320K) NonClass: 96K(192K)->96K(192K) Class: 4K(128K)->4K(128K)
[2024-08-28T01:14:15.907+0000][info][gc             ] GC(859) Pause Young (Normal) (G1 Evacuation Pause) 804M->809M(1024M) 18.596ms
[2024-08-28T01:14:15.907+0000][info][gc,cpu         ] GC(859) User=0.43s Sys=0.00s Real=0.02s
[2024-08-28T01:14:15.914+0000][info][gc,marking     ] GC(857) Concurrent Rebuild Remembered Sets 77.676ms
[2024-08-28T01:14:15.915+0000][info][gc,start       ] GC(857) Pause Cleanup
[2024-08-28T01:14:15.916+0000][info][gc             ] GC(857) Pause Cleanup 824M->824M(1024M) 1.118ms
[2024-08-28T01:14:15.916+0000][info][gc,cpu         ] GC(857) User=0.00s Sys=0.00s Real=0.00s
[2024-08-28T01:14:15.916+0000][info][gc,marking     ] GC(857) Concurrent Cleanup for Next Mark
[2024-08-28T01:14:15.916+0000][info][gc,marking     ] GC(857) Concurrent Cleanup for Next Mark 0.586ms
[2024-08-28T01:14:15.916+0000][info][gc             ] GC(857) Concurrent Mark Cycle 105.928ms
[2024-08-28T01:14:15.930+0000][info][gc,start       ] GC(860) Pause Young (Prepare Mixed) (G1 Evacuation Pause)
[2024-08-28T01:14:15.931+0000][info][gc,task        ] GC(860) Using 24 workers of 68 for evacuation
[2024-08-28T01:14:15.947+0000][info][gc,phases      ] GC(860)   Pre Evacuate Collection Set: 0.1ms
[2024-08-28T01:14:15.947+0000][info][gc,phases      ] GC(860)   Merge Heap Roots: 0.6ms
[2024-08-28T01:14:15.947+0000][info][gc,phases      ] GC(860)   Evacuate Collection Set: 15.4ms
[2024-08-28T01:14:15.947+0000][info][gc,phases      ] GC(860)   Post Evacuate Collection Set: 0.3ms
[2024-08-28T01:14:15.947+0000][info][gc,phases      ] GC(860)   Other: 0.2ms
[2024-08-28T01:14:15.947+0000][info][gc,heap        ] GC(860) Eden regions: 43->0(44)
[2024-08-28T01:14:15.947+0000][info][gc,heap        ] GC(860) Survivor regions: 8->7(7)
[2024-08-28T01:14:15.947+0000][info][gc,heap        ] GC(860) Old regions: 807->855
[2024-08-28T01:14:15.947+0000][info][gc,heap        ] GC(860) Archive regions: 2->2
[2024-08-28T01:14:15.947+0000][info][gc,heap        ] GC(860) Humongous regions: 5->5
[2024-08-28T01:14:15.947+0000][info][gc,metaspace   ] GC(860) Metaspace: 100K(320K)->100K(320K) NonClass: 96K(192K)->96K(192K) Class: 4K(128K)->4K(128K)
[2024-08-28T01:14:15.947+0000][info][gc             ] GC(860) Pause Young (Prepare Mixed) (G1 Evacuation Pause) 852M->856M(1024M) 16.659ms
[2024-08-28T01:14:15.947+0000][info][gc,cpu         ] GC(860) User=0.39s Sys=0.00s Real=0.01s
[2024-08-28T01:14:15.968+0000][info][gc,start       ] GC(861) Pause Young (Mixed) (G1 Evacuation Pause)
[2024-08-28T01:14:15.968+0000][info][gc,task        ] GC(861) Using 24 workers of 68 for evacuation
[2024-08-28T01:14:15.978+0000][info][gc,phases      ] GC(861)   Pre Evacuate Collection Set: 0.2ms
[2024-08-28T01:14:15.978+0000][info][gc,phases      ] GC(861)   Merge Heap Roots: 0.3ms
[2024-08-28T01:14:15.978+0000][info][gc,phases      ] GC(861)   Evacuate Collection Set: 9.8ms
[2024-08-28T01:14:15.978+0000][info][gc,phases      ] GC(861)   Post Evacuate Collection Set: 0.4ms
[2024-08-28T01:14:15.978+0000][info][gc,phases      ] GC(861)   Other: 0.3ms
[2024-08-28T01:14:15.978+0000][info][gc,heap        ] GC(861) Eden regions: 44->0(44)
[2024-08-28T01:14:15.979+0000][info][gc,heap        ] GC(861) Survivor regions: 7->7(7)
[2024-08-28T01:14:15.979+0000][info][gc,heap        ] GC(861) Old regions: 855->840
[2024-08-28T01:14:15.979+0000][info][gc,heap        ] GC(861) Archive regions: 2->2
[2024-08-28T01:14:15.979+0000][info][gc,heap        ] GC(861) Humongous regions: 5->5
[2024-08-28T01:14:15.979+0000][info][gc,metaspace   ] GC(861) Metaspace: 100K(320K)->100K(320K) NonClass: 96K(192K)->96K(192K) Class: 4K(128K)->4K(128K)
[2024-08-28T01:14:15.979+0000][info][gc             ] GC(861) Pause Young (Mixed) (G1 Evacuation Pause) 900M->841M(1024M) 10.960ms
[2024-08-28T01:14:15.979+0000][info][gc,cpu         ] GC(861) User=0.24s Sys=0.00s Real=0.02s
[2024-08-28T01:14:15.999+0000][info][gc,start       ] GC(862) Pause Young (Mixed) (G1 Evacuation Pause)
[2024-08-28T01:14:15.999+0000][info][gc,task        ] GC(862) Using 24 workers of 68 for evacuation
[2024-08-28T01:14:16.010+0000][info][gc,phases      ] GC(862)   Pre Evacuate Collection Set: 0.2ms
[2024-08-28T01:14:16.010+0000][info][gc,phases      ] GC(862)   Merge Heap Roots: 0.4ms
[2024-08-28T01:14:16.010+0000][info][gc,phases      ] GC(862)   Evacuate Collection Set: 9.6ms
[2024-08-28T01:14:16.010+0000][info][gc,phases      ] GC(862)   Post Evacuate Collection Set: 0.4ms
[2024-08-28T01:14:16.010+0000][info][gc,phases      ] GC(862)   Other: 0.2ms
[2024-08-28T01:14:16.010+0000][info][gc,heap        ] GC(862) Eden regions: 44->0(44)
[2024-08-28T01:14:16.010+0000][info][gc,heap        ] GC(862) Survivor regions: 7->7(7)
[2024-08-28T01:14:16.010+0000][info][gc,heap        ] GC(862) Old regions: 840->825
[2024-08-28T01:14:16.010+0000][info][gc,heap        ] GC(862) Archive regions: 2->2
[2024-08-28T01:14:16.010+0000][info][gc,heap        ] GC(862) Humongous regions: 5->5
[2024-08-28T01:14:16.010+0000][info][gc,metaspace   ] GC(862) Metaspace: 100K(320K)->100K(320K) NonClass: 96K(192K)->96K(192K) Class: 4K(128K)->4K(128K)
[2024-08-28T01:14:16.010+0000][info][gc             ] GC(862) Pause Young (Mixed) (G1 Evacuation Pause) 885M->825M(1024M) 10.955ms
[2024-08-28T01:14:16.010+0000][info][gc,cpu         ] GC(862) User=0.24s Sys=0.00s Real=0.01s
[2024-08-28T01:14:16.030+0000][info][gc,start       ] GC(863) Pause Young (Mixed) (G1 Evacuation Pause)
[2024-08-28T01:14:16.031+0000][info][gc,task        ] GC(863) Using 24 workers of 68 for evacuation
[2024-08-28T01:14:16.041+0000][info][gc,phases      ] GC(863)   Pre Evacuate Collection Set: 0.2ms
[2024-08-28T01:14:16.041+0000][info][gc,phases      ] GC(863)   Merge Heap Roots: 0.3ms
[2024-08-28T01:14:16.041+0000][info][gc,phases      ] GC(863)   Evacuate Collection Set: 9.4ms
[2024-08-28T01:14:16.041+0000][info][gc,phases      ] GC(863)   Post Evacuate Collection Set: 0.3ms
[2024-08-28T01:14:16.041+0000][info][gc,phases      ] GC(863)   Other: 0.2ms
[2024-08-28T01:14:16.041+0000][info][gc,heap        ] GC(863) Eden regions: 44->0(44)
[2024-08-28T01:14:16.041+0000][info][gc,heap        ] GC(863) Survivor regions: 7->7(7)
[2024-08-28T01:14:16.041+0000][info][gc,heap        ] GC(863) Old regions: 825->811
[2024-08-28T01:14:16.041+0000][info][gc,heap        ] GC(863) Archive regions: 2->2
[2024-08-28T01:14:16.041+0000][info][gc,heap        ] GC(863) Humongous regions: 5->5
[2024-08-28T01:14:16.041+0000][info][gc,metaspace   ] GC(863) Metaspace: 100K(320K)->100K(320K) NonClass: 96K(192K)->96K(192K) Class: 4K(128K)->4K(128K)
[2024-08-28T01:14:16.041+0000][info][gc             ] GC(863) Pause Young (Mixed) (G1 Evacuation Pause) 869M->815M(1024M) 10.547ms
[2024-08-28T01:14:16.041+0000][info][gc,cpu         ] GC(863) User=0.23s Sys=0.00s Real=0.01s
[2024-08-28T01:14:16.061+0000][info][gc,start       ] GC(864) Pause Young (Mixed) (G1 Evacuation Pause)
[2024-08-28T01:14:16.061+0000][info][gc,task        ] GC(864) Using 24 workers of 68 for evacuation
[2024-08-28T01:14:16.071+0000][info][gc,phases      ] GC(864)   Pre Evacuate Collection Set: 0.2ms
[2024-08-28T01:14:16.071+0000][info][gc,phases      ] GC(864)   Merge Heap Roots: 0.4ms
[2024-08-28T01:14:16.071+0000][info][gc,phases      ] GC(864)   Evacuate Collection Set: 9.1ms
[2024-08-28T01:14:16.071+0000][info][gc,phases      ] GC(864)   Post Evacuate Collection Set: 0.3ms
[2024-08-28T01:14:16.071+0000][info][gc,phases      ] GC(864)   Other: 0.2ms
[2024-08-28T01:14:16.071+0000][info][gc,heap        ] GC(864) Eden regions: 44->0(44)
[2024-08-28T01:14:16.071+0000][info][gc,heap        ] GC(864) Survivor regions: 7->7(7)
[2024-08-28T01:14:16.071+0000][info][gc,heap        ] GC(864) Old regions: 811->846
[2024-08-28T01:14:16.071+0000][info][gc,heap        ] GC(864) Archive regions: 2->2
[2024-08-28T01:14:16.071+0000][info][gc,heap        ] GC(864) Humongous regions: 5->5
[2024-08-28T01:14:16.071+0000][info][gc,metaspace   ] GC(864) Metaspace: 100K(320K)->100K(320K) NonClass: 96K(192K)->96K(192K) Class: 4K(128K)->4K(128K)
[2024-08-28T01:14:16.071+0000][info][gc             ] GC(864) Pause Young (Mixed) (G1 Evacuation Pause) 859M->853M(1024M) 10.302ms
[2024-08-28T01:14:16.071+0000][info][gc,cpu         ] GC(864) User=0.22s Sys=0.00s Real=0.01s
[2024-08-28T01:14:16.091+0000][info][gc,start       ] GC(865) Pause Young (Concurrent Start) (G1 Evacuation Pause)
[2024-08-28T01:14:16.091+0000][info][gc,task        ] GC(865) Using 24 workers of 68 for evacuation
[2024-08-28T01:14:16.101+0000][info][gc,phases      ] GC(865)   Pre Evacuate Collection Set: 0.2ms
[2024-08-28T01:14:16.101+0000][info][gc,phases      ] GC(865)   Merge Heap Roots: 0.4ms
[2024-08-28T01:14:16.101+0000][info][gc,phases      ] GC(865)   Evacuate Collection Set: 8.4ms
[2024-08-28T01:14:16.101+0000][info][gc,phases      ] GC(865)   Post Evacuate Collection Set: 0.3ms
[2024-08-28T01:14:16.101+0000][info][gc,phases      ] GC(865)   Other: 0.6ms
[2024-08-28T01:14:16.101+0000][info][gc,heap        ] GC(865) Eden regions: 44->0(44)
[2024-08-28T01:14:16.101+0000][info][gc,heap        ] GC(865) Survivor regions: 7->7(7)
[2024-08-28T01:14:16.101+0000][info][gc,heap        ] GC(865) Old regions: 846->893
[2024-08-28T01:14:16.101+0000][info][gc,heap        ] GC(865) Archive regions: 2->2
[2024-08-28T01:14:16.101+0000][info][gc,heap        ] GC(865) Humongous regions: 5->5
[2024-08-28T01:14:16.101+0000][info][gc,metaspace   ] GC(865) Metaspace: 100K(320K)->100K(320K) NonClass: 96K(192K)->96K(192K) Class: 4K(128K)->4K(128K)
[2024-08-28T01:14:16.101+0000][info][gc             ] GC(865) Pause Young (Concurrent Start) (G1 Evacuation Pause) 897M->899M(1024M) 9.920ms
[2024-08-28T01:14:16.101+0000][info][gc,cpu         ] GC(865) User=0.20s Sys=0.00s Real=0.01s
[2024-08-28T01:14:16.101+0000][info][gc             ] GC(866) Concurrent Mark Cycle
[2024-08-28T01:14:16.101+0000][info][gc,marking     ] GC(866) Concurrent Clear Claimed Marks
[2024-08-28T01:14:16.101+0000][info][gc,marking     ] GC(866) Concurrent Clear Claimed Marks 0.014ms
[2024-08-28T01:14:16.101+0000][info][gc,marking     ] GC(866) Concurrent Scan Root Regions
[2024-08-28T01:14:16.102+0000][info][gc,marking     ] GC(866) Concurrent Scan Root Regions 1.516ms
[2024-08-28T01:14:16.102+0000][info][gc,marking     ] GC(866) Concurrent Mark
[2024-08-28T01:14:16.102+0000][info][gc,marking     ] GC(866) Concurrent Mark From Roots
[2024-08-28T01:14:16.102+0000][info][gc,task        ] GC(866) Using 17 workers of 17 for marking
[2024-08-28T01:14:16.127+0000][info][gc,marking     ] GC(866) Concurrent Mark From Roots 24.510ms
[2024-08-28T01:14:16.127+0000][info][gc,marking     ] GC(866) Concurrent Preclean
[2024-08-28T01:14:16.128+0000][info][gc,marking     ] GC(866) Concurrent Preclean 0.825ms
[2024-08-28T01:14:16.128+0000][info][gc,start       ] GC(866) Pause Remark
[2024-08-28T01:14:16.130+0000][info][gc             ] GC(866) Pause Remark 942M->942M(1024M) 1.470ms
[2024-08-28T01:14:16.130+0000][info][gc,cpu         ] GC(866) User=0.01s Sys=0.00s Real=0.01s
[2024-08-28T01:14:16.130+0000][info][gc,marking     ] GC(866) Concurrent Mark 27.341ms
[2024-08-28T01:14:16.130+0000][info][gc,marking     ] GC(866) Concurrent Rebuild Remembered Sets
[2024-08-28T01:14:16.131+0000][info][gc,start       ] GC(867) Pause Young (Normal) (G1 Evacuation Pause)
[2024-08-28T01:14:16.131+0000][info][gc,task        ] GC(867) Using 24 workers of 68 for evacuation
[2024-08-28T01:14:16.141+0000][info][gc,phases      ] GC(867)   Pre Evacuate Collection Set: 0.1ms
[2024-08-28T01:14:16.141+0000][info][gc,phases      ] GC(867)   Merge Heap Roots: 0.4ms
[2024-08-28T01:14:16.141+0000][info][gc,phases      ] GC(867)   Evacuate Collection Set: 9.0ms
[2024-08-28T01:14:16.141+0000][info][gc,phases      ] GC(867)   Post Evacuate Collection Set: 0.4ms
[2024-08-28T01:14:16.141+0000][info][gc,phases      ] GC(867)   Other: 0.1ms
[2024-08-28T01:14:16.141+0000][info][gc,heap        ] GC(867) Eden regions: 44->0(44)
[2024-08-28T01:14:16.141+0000][info][gc,heap        ] GC(867) Survivor regions: 7->7(7)
[2024-08-28T01:14:16.141+0000][info][gc,heap        ] GC(867) Old regions: 893->939
[2024-08-28T01:14:16.141+0000][info][gc,heap        ] GC(867) Archive regions: 2->2
[2024-08-28T01:14:16.141+0000][info][gc,heap        ] GC(867) Humongous regions: 5->5
[2024-08-28T01:14:16.141+0000][info][gc,metaspace   ] GC(867) Metaspace: 100K(320K)->100K(320K) NonClass: 96K(192K)->96K(192K) Class: 4K(128K)->4K(128K)
[2024-08-28T01:14:16.141+0000][info][gc             ] GC(867) Pause Young (Normal) (G1 Evacuation Pause) 943M->945M(1024M) 10.130ms
[2024-08-28T01:14:16.141+0000][info][gc,cpu         ] GC(867) User=0.23s Sys=0.00s Real=0.01s
[2024-08-28T01:14:16.156+0000][info][gc,start       ] GC(868) Pause Young (Normal) (G1 Preventive Collection)
[2024-08-28T01:14:16.156+0000][info][gc,task        ] GC(868) Using 24 workers of 68 for evacuation
[2024-08-28T01:14:16.168+0000][info][gc,phases      ] GC(868)   Pre Evacuate Collection Set: 0.2ms
[2024-08-28T01:14:16.168+0000][info][gc,phases      ] GC(868)   Merge Heap Roots: 0.5ms
[2024-08-28T01:14:16.168+0000][info][gc,phases      ] GC(868)   Evacuate Collection Set: 11.0ms
[2024-08-28T01:14:16.168+0000][info][gc,phases      ] GC(868)   Post Evacuate Collection Set: 0.5ms
[2024-08-28T01:14:16.168+0000][info][gc,phases      ] GC(868)   Other: 0.2ms
[2024-08-28T01:14:16.168+0000][info][gc,heap        ] GC(868) Eden regions: 30->0(44)
[2024-08-28T01:14:16.168+0000][info][gc,heap        ] GC(868) Survivor regions: 7->7(7)
[2024-08-28T01:14:16.168+0000][info][gc,heap        ] GC(868) Old regions: 939->971
[2024-08-28T01:14:16.168+0000][info][gc,heap        ] GC(868) Archive regions: 2->2
[2024-08-28T01:14:16.168+0000][info][gc,heap        ] GC(868) Humongous regions: 5->5
[2024-08-28T01:14:16.168+0000][info][gc,metaspace   ] GC(868) Metaspace: 100K(320K)->100K(320K) NonClass: 96K(192K)->96K(192K) Class: 4K(128K)->4K(128K)
[2024-08-28T01:14:16.168+0000][info][gc             ] GC(868) Pause Young (Normal) (G1 Preventive Collection) 975M->978M(1024M) 12.342ms
[2024-08-28T01:14:16.168+0000][info][gc,cpu         ] GC(868) User=0.28s Sys=0.00s Real=0.01s
[2024-08-28T01:14:16.176+0000][info][gc,start       ] GC(869) Pause Young (Normal) (G1 Preventive Collection)
[2024-08-28T01:14:16.176+0000][info][gc,task        ] GC(869) Using 24 workers of 68 for evacuation
[2024-08-28T01:14:16.186+0000][info][gc             ] GC(869) To-space exhausted
[2024-08-28T01:14:16.186+0000][info][gc,phases      ] GC(869)   Pre Evacuate Collection Set: 0.2ms
[2024-08-28T01:14:16.186+0000][info][gc,phases      ] GC(869)   Merge Heap Roots: 0.5ms
[2024-08-28T01:14:16.186+0000][info][gc,phases      ] GC(869)   Evacuate Collection Set: 8.4ms
[2024-08-28T01:14:16.186+0000][info][gc,phases      ] GC(869)   Post Evacuate Collection Set: 0.8ms
[2024-08-28T01:14:16.186+0000][info][gc,phases      ] GC(869)   Other: 0.2ms
[2024-08-28T01:14:16.186+0000][info][gc,heap        ] GC(869) Eden regions: 15->0(44)
[2024-08-28T01:14:16.186+0000][info][gc,heap        ] GC(869) Survivor regions: 7->7(7)
[2024-08-28T01:14:16.186+0000][info][gc,heap        ] GC(869) Old regions: 971->1003
[2024-08-28T01:14:16.186+0000][info][gc,heap        ] GC(869) Archive regions: 2->2
[2024-08-28T01:14:16.186+0000][info][gc,heap        ] GC(869) Humongous regions: 5->5
[2024-08-28T01:14:16.186+0000][info][gc,metaspace   ] GC(869) Metaspace: 100K(320K)->100K(320K) NonClass: 96K(192K)->96K(192K) Class: 4K(128K)->4K(128K)
[2024-08-28T01:14:16.186+0000][info][gc             ] GC(869) Pause Young (Normal) (G1 Preventive Collection) 993M->1010M(1024M) 10.026ms
[2024-08-28T01:14:16.186+0000][info][gc,cpu         ] GC(869) User=0.22s Sys=0.00s Real=0.01s
[2024-08-28T01:14:16.187+0000][info][gc,start       ] GC(870) Pause Young (Normal) (G1 Preventive Collection)
[2024-08-28T01:14:16.187+0000][info][gc,task        ] GC(870) Using 24 workers of 68 for evacuation
[2024-08-28T01:14:16.194+0000][info][gc             ] GC(870) To-space exhausted
[2024-08-28T01:14:16.194+0000][info][gc,phases      ] GC(870)   Pre Evacuate Collection Set: 0.1ms
[2024-08-28T01:14:16.194+0000][info][gc,phases      ] GC(870)   Merge Heap Roots: 0.3ms
[2024-08-28T01:14:16.194+0000][info][gc,phases      ] GC(870)   Evacuate Collection Set: 5.6ms
[2024-08-28T01:14:16.194+0000][info][gc,phases      ] GC(870)   Post Evacuate Collection Set: 0.7ms
[2024-08-28T01:14:16.194+0000][info][gc,phases      ] GC(870)   Other: 0.1ms
[2024-08-28T01:14:16.194+0000][info][gc,heap        ] GC(870) Eden regions: 1->0(50)
[2024-08-28T01:14:16.194+0000][info][gc,heap        ] GC(870) Survivor regions: 7->1(6)
[2024-08-28T01:14:16.194+0000][info][gc,heap        ] GC(870) Old regions: 1003->1016
[2024-08-28T01:14:16.194+0000][info][gc,heap        ] GC(870) Archive regions: 2->2
[2024-08-28T01:14:16.194+0000][info][gc,heap        ] GC(870) Humongous regions: 5->5
[2024-08-28T01:14:16.194+0000][info][gc,metaspace   ] GC(870) Metaspace: 100K(320K)->100K(320K) NonClass: 96K(192K)->96K(192K) Class: 4K(128K)->4K(128K)
[2024-08-28T01:14:16.194+0000][info][gc             ] GC(870) Pause Young (Normal) (G1 Preventive Collection) 1011M->1017M(1024M) 6.955ms
[2024-08-28T01:14:16.194+0000][info][gc,cpu         ] GC(870) User=0.15s Sys=0.00s Real=0.01s
[2024-08-28T01:14:16.194+0000][info][gc,ergo        ] Attempting full compaction
[2024-08-28T01:14:16.194+0000][info][gc,task        ] GC(871) Using 24 workers of 68 for full compaction
[2024-08-28T01:14:16.194+0000][info][gc,start       ] GC(871) Pause Full (G1 Compaction Pause)
[2024-08-28T01:14:16.195+0000][info][gc,phases,start] GC(871) Phase 1: Mark live objects
[2024-08-28T01:14:16.208+0000][info][gc,phases      ] GC(871) Phase 1: Mark live objects 13.204ms
[2024-08-28T01:14:16.208+0000][info][gc,phases,start] GC(871) Phase 2: Prepare for compaction
[2024-08-28T01:14:16.216+0000][info][gc,phases      ] GC(871) Phase 2: Prepare for compaction 8.325ms
[2024-08-28T01:14:16.216+0000][info][gc,phases,start] GC(871) Phase 3: Adjust pointers
[2024-08-28T01:14:16.231+0000][info][gc,phases      ] GC(871) Phase 3: Adjust pointers 14.857ms
[2024-08-28T01:14:16.231+0000][info][gc,phases,start] GC(871) Phase 4: Compact heap
[2024-08-28T01:14:16.260+0000][info][gc,phases      ] GC(871) Phase 4: Compact heap 28.756ms
[2024-08-28T01:14:16.261+0000][info][gc,heap        ] GC(871) Eden regions: 0->0(150)
[2024-08-28T01:14:16.261+0000][info][gc,heap        ] GC(871) Survivor regions: 1->0(6)
[2024-08-28T01:14:16.261+0000][info][gc,heap        ] GC(871) Old regions: 1016->441
[2024-08-28T01:14:16.261+0000][info][gc,heap        ] GC(871) Archive regions: 2->2
[2024-08-28T01:14:16.261+0000][info][gc,heap        ] GC(871) Humongous regions: 5->5
[2024-08-28T01:14:16.261+0000][info][gc,metaspace   ] GC(871) Metaspace: 100K(320K)->100K(320K) NonClass: 96K(192K)->96K(192K) Class: 4K(128K)->4K(128K)
[2024-08-28T01:14:16.262+0000][info][gc             ] GC(871) Pause Full (G1 Compaction Pause) 1017M->436M(1024M) 67.237ms
[2024-08-28T01:14:16.262+0000][info][gc,cpu         ] GC(871) User=1.44s Sys=0.01s Real=0.07s
[2024-08-28T01:14:16.262+0000][info][gc,marking     ] GC(866) Concurrent Rebuild Remembered Sets 132.094ms
[2024-08-28T01:14:16.262+0000][info][gc,marking     ] GC(866) Concurrent Mark Abort
[2024-08-28T01:14:16.262+0000][info][gc             ] GC(866) Concurrent Mark Cycle 161.133ms
[2024-08-28T01:14:16.336+0000][info][gc,start       ] GC(872) Pause Young (Normal) (G1 Evacuation Pause)
[2024-08-28T01:14:16.336+0000][info][gc,task        ] GC(872) Using 24 workers of 68 for evacuation
[2024-08-28T01:14:16.358+0000][info][gc,phases      ] GC(872)   Pre Evacuate Collection Set: 0.2ms
[2024-08-28T01:14:16.358+0000][info][gc,phases      ] GC(872)   Merge Heap Roots: 0.4ms
[2024-08-28T01:14:16.358+0000][info][gc,phases      ] GC(872)   Evacuate Collection Set: 20.8ms
[2024-08-28T01:14:16.358+0000][info][gc,phases      ] GC(872)   Post Evacuate Collection Set: 0.4ms
[2024-08-28T01:14:16.358+0000][info][gc,phases      ] GC(872)   Other: 0.3ms
[2024-08-28T01:14:16.358+0000][info][gc,heap        ] GC(872) Eden regions: 150->0(104)
[2024-08-28T01:14:16.358+0000][info][gc,heap        ] GC(872) Survivor regions: 0->19(19)
[2024-08-28T01:14:16.358+0000][info][gc,heap        ] GC(872) Old regions: 441->568
[2024-08-28T01:14:16.358+0000][info][gc,heap        ] GC(872) Archive regions: 2->2
[2024-08-28T01:14:16.358+0000][info][gc,heap        ] GC(872) Humongous regions: 5->5
[2024-08-28T01:14:16.358+0000][info][gc,metaspace   ] GC(872) Metaspace: 100K(320K)->100K(320K) NonClass: 96K(192K)->96K(192K) Class: 4K(128K)->4K(128K)
[2024-08-28T01:14:16.358+0000][info][gc             ] GC(872) Pause Young (Normal) (G1 Evacuation Pause) 586M->581M(1024M) 22.143ms
[2024-08-28T01:14:16.358+0000][info][gc,cpu         ] GC(872) User=0.47s Sys=0.04s Real=0.03s
[2024-08-28T01:14:16.409+0000][info][gc,start       ] GC(873) Pause Young (Concurrent Start) (G1 Evacuation Pause)
[2024-08-28T01:14:16.409+0000][info][gc,task        ] GC(873) Using 24 workers of 68 for evacuation
[2024-08-28T01:14:16.428+0000][info][gc,phases      ] GC(873)   Pre Evacuate Collection Set: 0.1ms
[2024-08-28T01:14:16.428+0000][info][gc,phases      ] GC(873)   Merge Heap Roots: 0.3ms
[2024-08-28T01:14:16.428+0000][info][gc,phases      ] GC(873)   Evacuate Collection Set: 17.8ms
[2024-08-28T01:14:16.428+0000][info][gc,phases      ] GC(873)   Post Evacuate Collection Set: 0.4ms
[2024-08-28T01:14:16.428+0000][info][gc,phases      ] GC(873)   Other: 0.6ms
[2024-08-28T01:14:16.428+0000][info][gc,heap        ] GC(873) Eden regions: 104->0(70)
[2024-08-28T01:14:16.428+0000][info][gc,heap        ] GC(873) Survivor regions: 19->16(16)
[2024-08-28T01:14:16.428+0000][info][gc,heap        ] GC(873) Old regions: 568->675
[2024-08-28T01:14:16.428+0000][info][gc,heap        ] GC(873) Archive regions: 2->2
[2024-08-28T01:14:16.428+0000][info][gc,heap        ] GC(873) Humongous regions: 5->5
[2024-08-28T01:14:16.428+0000][info][gc,metaspace   ] GC(873) Metaspace: 100K(320K)->100K(320K) NonClass: 96K(192K)->96K(192K) Class: 4K(128K)->4K(128K)
[2024-08-28T01:14:16.428+0000][info][gc             ] GC(873) Pause Young (Concurrent Start) (G1 Evacuation Pause) 685M->686M(1024M) 19.460ms
[2024-08-28T01:14:16.428+0000][info][gc,cpu         ] GC(873) User=0.43s Sys=0.00s Real=0.02s
[2024-08-28T01:14:16.429+0000][info][gc             ] GC(874) Concurrent Mark Cycle
[2024-08-28T01:14:16.429+0000][info][gc,marking     ] GC(874) Concurrent Clear Claimed Marks
[2024-08-28T01:14:16.429+0000][info][gc,marking     ] GC(874) Concurrent Clear Claimed Marks 0.011ms
[2024-08-28T01:14:16.429+0000][info][gc,marking     ] GC(874) Concurrent Scan Root Regions
[2024-08-28T01:14:16.432+0000][info][gc,marking     ] GC(874) Concurrent Scan Root Regions 3.287ms
[2024-08-28T01:14:16.432+0000][info][gc,marking     ] GC(874) Concurrent Mark
[2024-08-28T01:14:16.432+0000][info][gc,marking     ] GC(874) Concurrent Mark From Roots
[2024-08-28T01:14:16.432+0000][info][gc,task        ] GC(874) Using 17 workers of 17 for marking
[2024-08-28T01:14:16.453+0000][info][gc,marking     ] GC(874) Concurrent Mark From Roots 20.604ms
[2024-08-28T01:14:16.453+0000][info][gc,marking     ] GC(874) Concurrent Preclean
[2024-08-28T01:14:16.453+0000][info][gc,marking     ] GC(874) Concurrent Preclean 0.510ms
[2024-08-28T01:14:16.453+0000][info][gc,start       ] GC(874) Pause Remark
[2024-08-28T01:14:16.454+0000][info][gc             ] GC(874) Pause Remark 725M->725M(1024M) 1.111ms
[2024-08-28T01:14:16.454+0000][info][gc,cpu         ] GC(874) User=0.00s Sys=0.01s Real=0.00s
[2024-08-28T01:14:16.454+0000][info][gc,marking     ] GC(874) Concurrent Mark 22.558ms
[2024-08-28T01:14:16.455+0000][info][gc,marking     ] GC(874) Concurrent Rebuild Remembered Sets
[2024-08-28T01:14:16.471+0000][info][gc,marking     ] GC(874) Concurrent Rebuild Remembered Sets 16.611ms
[2024-08-28T01:14:16.471+0000][info][gc,start       ] GC(874) Pause Cleanup
[2024-08-28T01:14:16.473+0000][info][gc             ] GC(874) Pause Cleanup 756M->756M(1024M) 1.141ms
[2024-08-28T01:14:16.473+0000][info][gc,cpu         ] GC(874) User=0.00s Sys=0.00s Real=0.00s
[2024-08-28T01:14:16.473+0000][info][gc,marking     ] GC(874) Concurrent Cleanup for Next Mark
[2024-08-28T01:14:16.473+0000][info][gc,start       ] GC(875) Pause Young (Prepare Mixed) (G1 Evacuation Pause)
[2024-08-28T01:14:16.473+0000][info][gc,task        ] GC(875) Using 24 workers of 68 for evacuation
[2024-08-28T01:14:16.488+0000][info][gc,phases      ] GC(875)   Pre Evacuate Collection Set: 0.2ms
[2024-08-28T01:14:16.488+0000][info][gc,phases      ] GC(875)   Merge Heap Roots: 0.4ms
[2024-08-28T01:14:16.488+0000][info][gc,phases      ] GC(875)   Evacuate Collection Set: 13.7ms
[2024-08-28T01:14:16.488+0000][info][gc,phases      ] GC(875)   Post Evacuate Collection Set: 0.3ms
[2024-08-28T01:14:16.488+0000][info][gc,phases      ] GC(875)   Other: 0.2ms
[2024-08-28T01:14:16.488+0000][info][gc,heap        ] GC(875) Eden regions: 70->0(40)
[2024-08-28T01:14:16.488+0000][info][gc,heap        ] GC(875) Survivor regions: 16->11(11)
[2024-08-28T01:14:16.488+0000][info][gc,heap        ] GC(875) Old regions: 675->753
[2024-08-28T01:14:16.488+0000][info][gc,heap        ] GC(875) Archive regions: 2->2
[2024-08-28T01:14:16.488+0000][info][gc,heap        ] GC(875) Humongous regions: 5->5
[2024-08-28T01:14:16.488+0000][info][gc,metaspace   ] GC(875) Metaspace: 100K(320K)->100K(320K) NonClass: 96K(192K)->96K(192K) Class: 4K(128K)->4K(128K)
[2024-08-28T01:14:16.488+0000][info][gc             ] GC(875) Pause Young (Prepare Mixed) (G1 Evacuation Pause) 756M->759M(1024M) 14.813ms
[2024-08-28T01:14:16.488+0000][info][gc,cpu         ] GC(875) User=0.34s Sys=0.01s Real=0.01s
[2024-08-28T01:14:16.488+0000][info][gc,marking     ] GC(874) Concurrent Cleanup for Next Mark 15.576ms
[2024-08-28T01:14:16.488+0000][info][gc             ] GC(874) Concurrent Mark Cycle 59.649ms
[2024-08-28T01:14:16.507+0000][info][gc,start       ] GC(876) Pause Young (Mixed) (G1 Evacuation Pause)
[2024-08-28T01:14:16.507+0000][info][gc,task        ] GC(876) Using 24 workers of 68 for evacuation
[2024-08-28T01:14:16.519+0000][info][gc,phases      ] GC(876)   Pre Evacuate Collection Set: 0.2ms
[2024-08-28T01:14:16.519+0000][info][gc,phases      ] GC(876)   Merge Heap Roots: 0.3ms
[2024-08-28T01:14:16.519+0000][info][gc,phases      ] GC(876)   Evacuate Collection Set: 11.0ms
[2024-08-28T01:14:16.519+0000][info][gc,phases      ] GC(876)   Post Evacuate Collection Set: 0.3ms
[2024-08-28T01:14:16.519+0000][info][gc,phases      ] GC(876)   Other: 0.2ms
[2024-08-28T01:14:16.519+0000][info][gc,heap        ] GC(876) Eden regions: 40->0(44)
[2024-08-28T01:14:16.519+0000][info][gc,heap        ] GC(876) Survivor regions: 11->7(7)
[2024-08-28T01:14:16.519+0000][info][gc,heap        ] GC(876) Old regions: 753->740
[2024-08-28T01:14:16.519+0000][info][gc,heap        ] GC(876) Archive regions: 2->2
[2024-08-28T01:14:16.519+0000][info][gc,heap        ] GC(876) Humongous regions: 5->5
[2024-08-28T01:14:16.519+0000][info][gc,metaspace   ] GC(876) Metaspace: 100K(320K)->100K(320K) NonClass: 96K(192K)->96K(192K) Class: 4K(128K)->4K(128K)
[2024-08-28T01:14:16.519+0000][info][gc             ] GC(876) Pause Young (Mixed) (G1 Evacuation Pause) 799M->744M(1024M) 12.231ms
[2024-08-28T01:14:16.519+0000][info][gc,cpu         ] GC(876) User=0.27s Sys=0.00s Real=0.02s
[2024-08-28T01:14:16.539+0000][info][gc,start       ] GC(877) Pause Young (Mixed) (G1 Evacuation Pause)
[2024-08-28T01:14:16.539+0000][info][gc,task        ] GC(877) Using 24 workers of 68 for evacuation
[2024-08-28T01:14:16.550+0000][info][gc,phases      ] GC(877)   Pre Evacuate Collection Set: 0.2ms
[2024-08-28T01:14:16.550+0000][info][gc,phases      ] GC(877)   Merge Heap Roots: 0.3ms
[2024-08-28T01:14:16.550+0000][info][gc,phases      ] GC(877)   Evacuate Collection Set: 9.8ms
[2024-08-28T01:14:16.550+0000][info][gc,phases      ] GC(877)   Post Evacuate Collection Set: 0.4ms
[2024-08-28T01:14:16.550+0000][info][gc,phases      ] GC(877)   Other: 0.3ms
[2024-08-28T01:14:16.550+0000][info][gc,heap        ] GC(877) Eden regions: 44->0(44)
[2024-08-28T01:14:16.550+0000][info][gc,heap        ] GC(877) Survivor regions: 7->7(7)
[2024-08-28T01:14:16.550+0000][info][gc,heap        ] GC(877) Old regions: 740->725
[2024-08-28T01:14:16.550+0000][info][gc,heap        ] GC(877) Archive regions: 2->2
[2024-08-28T01:14:16.550+0000][info][gc,heap        ] GC(877) Humongous regions: 5->5
[2024-08-28T01:14:16.550+0000][info][gc,metaspace   ] GC(877) Metaspace: 100K(320K)->100K(320K) NonClass: 96K(192K)->96K(192K) Class: 4K(128K)->4K(128K)
[2024-08-28T01:14:16.550+0000][info][gc             ] GC(877) Pause Young (Mixed) (G1 Evacuation Pause) 788M->729M(1024M) 10.930ms
[2024-08-28T01:14:16.550+0000][info][gc,cpu         ] GC(877) User=0.24s Sys=0.00s Real=0.01s
[2024-08-28T01:14:16.570+0000][info][gc,start       ] GC(878) Pause Young (Mixed) (G1 Evacuation Pause)
[2024-08-28T01:14:16.570+0000][info][gc,task        ] GC(878) Using 24 workers of 68 for evacuation
[2024-08-28T01:14:16.581+0000][info][gc,phases      ] GC(878)   Pre Evacuate Collection Set: 0.2ms
[2024-08-28T01:14:16.581+0000][info][gc,phases      ] GC(878)   Merge Heap Roots: 0.4ms
[2024-08-28T01:14:16.581+0000][info][gc,phases      ] GC(878)   Evacuate Collection Set: 9.6ms
[2024-08-28T01:14:16.581+0000][info][gc,phases      ] GC(878)   Post Evacuate Collection Set: 0.3ms
[2024-08-28T01:14:16.581+0000][info][gc,phases      ] GC(878)   Other: 0.3ms
[2024-08-28T01:14:16.581+0000][info][gc,heap        ] GC(878) Eden regions: 44->0(44)
[2024-08-28T01:14:16.581+0000][info][gc,heap        ] GC(878) Survivor regions: 7->7(7)
[2024-08-28T01:14:16.581+0000][info][gc,heap        ] GC(878) Old regions: 725->710
[2024-08-28T01:14:16.581+0000][info][gc,heap        ] GC(878) Archive regions: 2->2
[2024-08-28T01:14:16.581+0000][info][gc,heap        ] GC(878) Humongous regions: 5->5
[2024-08-28T01:14:16.581+0000][info][gc,metaspace   ] GC(878) Metaspace: 100K(320K)->100K(320K) NonClass: 96K(192K)->96K(192K) Class: 4K(128K)->4K(128K)
[2024-08-28T01:14:16.581+0000][info][gc             ] GC(878) Pause Young (Mixed) (G1 Evacuation Pause) 773M->715M(1024M) 10.879ms
[2024-08-28T01:14:16.581+0000][info][gc,cpu         ] GC(878) User=0.24s Sys=0.00s Real=0.01s
[2024-08-28T01:14:16.600+0000][info][gc,start       ] GC(879) Pause Young (Mixed) (G1 Evacuation Pause)
[2024-08-28T01:14:16.600+0000][info][gc,task        ] GC(879) Using 24 workers of 68 for evacuation
[2024-08-28T01:14:16.610+0000][info][gc,phases      ] GC(879)   Pre Evacuate Collection Set: 0.2ms
[2024-08-28T01:14:16.610+0000][info][gc,phases      ] GC(879)   Merge Heap Roots: 0.3ms
[2024-08-28T01:14:16.610+0000][info][gc,phases      ] GC(879)   Evacuate Collection Set: 9.1ms
[2024-08-28T01:14:16.610+0000][info][gc,phases      ] GC(879)   Post Evacuate Collection Set: 0.3ms
[2024-08-28T01:14:16.610+0000][info][gc,phases      ] GC(879)   Other: 0.2ms
[2024-08-28T01:14:16.610+0000][info][gc,heap        ] GC(879) Eden regions: 44->0(50)
[2024-08-28T01:14:16.610+0000][info][gc,heap        ] GC(879) Survivor regions: 7->7(7)
[2024-08-28T01:14:16.610+0000][info][gc,heap        ] GC(879) Old regions: 710->747
[2024-08-28T01:14:16.610+0000][info][gc,heap        ] GC(879) Archive regions: 2->2
[2024-08-28T01:14:16.610+0000][info][gc,heap        ] GC(879) Humongous regions: 5->5
[2024-08-28T01:14:16.610+0000][info][gc,metaspace   ] GC(879) Metaspace: 100K(320K)->100K(320K) NonClass: 96K(192K)->96K(192K) Class: 4K(128K)->4K(128K)
[2024-08-28T01:14:16.610+0000][info][gc             ] GC(879) Pause Young (Mixed) (G1 Evacuation Pause) 759M->752M(1024M) 10.147ms
[2024-08-28T01:14:16.610+0000][info][gc,cpu         ] GC(879) User=0.22s Sys=0.00s Real=0.01s
[2024-08-28T01:14:16.632+0000][info][gc,start       ] GC(880) Pause Young (Concurrent Start) (G1 Evacuation Pause)
[2024-08-28T01:14:16.632+0000][info][gc,task        ] GC(880) Using 24 workers of 68 for evacuation
[2024-08-28T01:14:16.643+0000][info][gc,phases      ] GC(880)   Pre Evacuate Collection Set: 0.2ms
[2024-08-28T01:14:16.644+0000][info][gc,phases      ] GC(880)   Merge Heap Roots: 0.3ms
[2024-08-28T01:14:16.644+0000][info][gc,phases      ] GC(880)   Evacuate Collection Set: 9.5ms
[2024-08-28T01:14:16.644+0000][info][gc,phases      ] GC(880)   Post Evacuate Collection Set: 0.4ms
[2024-08-28T01:14:16.644+0000][info][gc,phases      ] GC(880)   Other: 0.7ms
[2024-08-28T01:14:16.644+0000][info][gc,heap        ] GC(880) Eden regions: 50->0(43)
[2024-08-28T01:14:16.644+0000][info][gc,heap        ] GC(880) Survivor regions: 7->8(8)
[2024-08-28T01:14:16.644+0000][info][gc,heap        ] GC(880) Old regions: 747->798
[2024-08-28T01:14:16.644+0000][info][gc,heap        ] GC(880) Archive regions: 2->2
[2024-08-28T01:14:16.644+0000][info][gc,heap        ] GC(880) Humongous regions: 5->5
[2024-08-28T01:14:16.644+0000][info][gc,metaspace   ] GC(880) Metaspace: 100K(320K)->100K(320K) NonClass: 96K(192K)->96K(192K) Class: 4K(128K)->4K(128K)
[2024-08-28T01:14:16.644+0000][info][gc             ] GC(880) Pause Young (Concurrent Start) (G1 Evacuation Pause) 802M->805M(1024M) 11.233ms
[2024-08-28T01:14:16.644+0000][info][gc,cpu         ] GC(880) User=0.23s Sys=0.01s Real=0.01s
[2024-08-28T01:14:16.644+0000][info][gc             ] GC(881) Concurrent Mark Cycle
[2024-08-28T01:14:16.644+0000][info][gc,marking     ] GC(881) Concurrent Clear Claimed Marks
[2024-08-28T01:14:16.644+0000][info][gc,marking     ] GC(881) Concurrent Clear Claimed Marks 0.013ms
[2024-08-28T01:14:16.644+0000][info][gc,marking     ] GC(881) Concurrent Scan Root Regions
[2024-08-28T01:14:16.645+0000][info][gc,marking     ] GC(881) Concurrent Scan Root Regions 1.696ms
[2024-08-28T01:14:16.645+0000][info][gc,marking     ] GC(881) Concurrent Mark
[2024-08-28T01:14:16.645+0000][info][gc,marking     ] GC(881) Concurrent Mark From Roots
[2024-08-28T01:14:16.646+0000][info][gc,task        ] GC(881) Using 17 workers of 17 for marking
[2024-08-28T01:14:16.669+0000][info][gc,marking     ] GC(881) Concurrent Mark From Roots 23.497ms
[2024-08-28T01:14:16.669+0000][info][gc,marking     ] GC(881) Concurrent Preclean
[2024-08-28T01:14:16.670+0000][info][gc,marking     ] GC(881) Concurrent Preclean 0.572ms
[2024-08-28T01:14:16.670+0000][info][gc,start       ] GC(881) Pause Remark
[2024-08-28T01:14:16.671+0000][info][gc             ] GC(881) Pause Remark 847M->847M(1024M) 1.450ms
[2024-08-28T01:14:16.671+0000][info][gc,cpu         ] GC(881) User=0.01s Sys=0.00s Real=0.00s
[2024-08-28T01:14:16.671+0000][info][gc,marking     ] GC(881) Concurrent Mark 25.912ms
[2024-08-28T01:14:16.671+0000][info][gc,marking     ] GC(881) Concurrent Rebuild Remembered Sets
[2024-08-28T01:14:16.672+0000][info][gc,start       ] GC(882) Pause Young (Normal) (G1 Evacuation Pause)
[2024-08-28T01:14:16.672+0000][info][gc,task        ] GC(882) Using 24 workers of 68 for evacuation
[2024-08-28T01:14:16.682+0000][info][gc,phases      ] GC(882)   Pre Evacuate Collection Set: 0.1ms
[2024-08-28T01:14:16.682+0000][info][gc,phases      ] GC(882)   Merge Heap Roots: 0.2ms
[2024-08-28T01:14:16.682+0000][info][gc,phases      ] GC(882)   Evacuate Collection Set: 8.7ms
[2024-08-28T01:14:16.682+0000][info][gc,phases      ] GC(882)   Post Evacuate Collection Set: 0.4ms
[2024-08-28T01:14:16.682+0000][info][gc,phases      ] GC(882)   Other: 0.2ms
[2024-08-28T01:14:16.682+0000][info][gc,heap        ] GC(882) Eden regions: 43->0(44)
[2024-08-28T01:14:16.682+0000][info][gc,heap        ] GC(882) Survivor regions: 8->7(7)
[2024-08-28T01:14:16.682+0000][info][gc,heap        ] GC(882) Old regions: 798->845
[2024-08-28T01:14:16.682+0000][info][gc,heap        ] GC(882) Archive regions: 2->2
[2024-08-28T01:14:16.682+0000][info][gc,heap        ] GC(882) Humongous regions: 5->5
[2024-08-28T01:14:16.682+0000][info][gc,metaspace   ] GC(882) Metaspace: 100K(320K)->100K(320K) NonClass: 96K(192K)->96K(192K) Class: 4K(128K)->4K(128K)
[2024-08-28T01:14:16.682+0000][info][gc             ] GC(882) Pause Young (Normal) (G1 Evacuation Pause) 848M->851M(1024M) 9.768ms
[2024-08-28T01:14:16.682+0000][info][gc,cpu         ] GC(882) User=0.21s Sys=0.00s Real=0.01s
[2024-08-28T01:14:16.703+0000][info][gc,start       ] GC(883) Pause Young (Normal) (G1 Evacuation Pause)
[2024-08-28T01:14:16.703+0000][info][gc,task        ] GC(883) Using 24 workers of 68 for evacuation
[2024-08-28T01:14:16.716+0000][info][gc,phases      ] GC(883)   Pre Evacuate Collection Set: 0.2ms
[2024-08-28T01:14:16.716+0000][info][gc,phases      ] GC(883)   Merge Heap Roots: 0.4ms
[2024-08-28T01:14:16.716+0000][info][gc,phases      ] GC(883)   Evacuate Collection Set: 12.1ms
[2024-08-28T01:14:16.716+0000][info][gc,phases      ] GC(883)   Post Evacuate Collection Set: 0.5ms
[2024-08-28T01:14:16.716+0000][info][gc,phases      ] GC(883)   Other: 0.3ms
[2024-08-28T01:14:16.716+0000][info][gc,heap        ] GC(883) Eden regions: 44->0(44)
[2024-08-28T01:14:16.716+0000][info][gc,heap        ] GC(883) Survivor regions: 7->7(7)
[2024-08-28T01:14:16.716+0000][info][gc,heap        ] GC(883) Old regions: 845->893
[2024-08-28T01:14:16.716+0000][info][gc,heap        ] GC(883) Archive regions: 2->2
[2024-08-28T01:14:16.717+0000][info][gc,heap        ] GC(883) Humongous regions: 5->5
[2024-08-28T01:14:16.717+0000][info][gc,metaspace   ] GC(883) Metaspace: 100K(320K)->100K(320K) NonClass: 96K(192K)->96K(192K) Class: 4K(128K)->4K(128K)
[2024-08-28T01:14:16.717+0000][info][gc             ] GC(883) Pause Young (Normal) (G1 Evacuation Pause) 895M->898M(1024M) 13.506ms
[2024-08-28T01:14:16.717+0000][info][gc,cpu         ] GC(883) User=0.30s Sys=0.00s Real=0.01s
[2024-08-28T01:14:16.737+0000][info][gc,start       ] GC(884) Pause Young (Normal) (G1 Evacuation Pause)
[2024-08-28T01:14:16.737+0000][info][gc,task        ] GC(884) Using 24 workers of 68 for evacuation
[2024-08-28T01:14:16.752+0000][info][gc,phases      ] GC(884)   Pre Evacuate Collection Set: 0.2ms
[2024-08-28T01:14:16.752+0000][info][gc,phases      ] GC(884)   Merge Heap Roots: 0.4ms
[2024-08-28T01:14:16.752+0000][info][gc,phases      ] GC(884)   Evacuate Collection Set: 13.6ms
[2024-08-28T01:14:16.752+0000][info][gc,phases      ] GC(884)   Post Evacuate Collection Set: 0.7ms
[2024-08-28T01:14:16.752+0000][info][gc,phases      ] GC(884)   Other: 0.3ms
[2024-08-28T01:14:16.752+0000][info][gc,heap        ] GC(884) Eden regions: 44->0(44)
[2024-08-28T01:14:16.752+0000][info][gc,heap        ] GC(884) Survivor regions: 7->7(7)
[2024-08-28T01:14:16.752+0000][info][gc,heap        ] GC(884) Old regions: 893->939
[2024-08-28T01:14:16.752+0000][info][gc,heap        ] GC(884) Archive regions: 2->2
[2024-08-28T01:14:16.752+0000][info][gc,heap        ] GC(884) Humongous regions: 5->5
[2024-08-28T01:14:16.752+0000][info][gc,metaspace   ] GC(884) Metaspace: 100K(320K)->100K(320K) NonClass: 96K(192K)->96K(192K) Class: 4K(128K)->4K(128K)
[2024-08-28T01:14:16.752+0000][info][gc             ] GC(884) Pause Young (Normal) (G1 Evacuation Pause) 942M->945M(1024M) 15.178ms
[2024-08-28T01:14:16.752+0000][info][gc,cpu         ] GC(884) User=0.34s Sys=0.01s Real=0.02s
[2024-08-28T01:14:16.763+0000][info][gc,marking     ] GC(881) Concurrent Rebuild Remembered Sets 91.186ms
[2024-08-28T01:14:16.763+0000][info][gc,start       ] GC(881) Pause Cleanup
[2024-08-28T01:14:16.764+0000][info][gc             ] GC(881) Pause Cleanup 966M->966M(1024M) 1.549ms
[2024-08-28T01:14:16.764+0000][info][gc,cpu         ] GC(881) User=0.00s Sys=0.00s Real=0.00s
[2024-08-28T01:14:16.764+0000][info][gc,marking     ] GC(881) Concurrent Cleanup for Next Mark
[2024-08-28T01:14:16.765+0000][info][gc,marking     ] GC(881) Concurrent Cleanup for Next Mark 0.659ms
[2024-08-28T01:14:16.765+0000][info][gc             ] GC(881) Concurrent Mark Cycle 121.440ms
[2024-08-28T01:14:16.770+0000][info][gc,start       ] GC(885) Pause Young (Prepare Mixed) (G1 Preventive Collection)
[2024-08-28T01:14:16.770+0000][info][gc,task        ] GC(885) Using 24 workers of 68 for evacuation
[2024-08-28T01:14:16.784+0000][info][gc,phases      ] GC(885)   Pre Evacuate Collection Set: 0.2ms
[2024-08-28T01:14:16.784+0000][info][gc,phases      ] GC(885)   Merge Heap Roots: 0.6ms
[2024-08-28T01:14:16.784+0000][info][gc,phases      ] GC(885)   Evacuate Collection Set: 13.4ms
[2024-08-28T01:14:16.784+0000][info][gc,phases      ] GC(885)   Post Evacuate Collection Set: 0.3ms
[2024-08-28T01:14:16.784+0000][info][gc,phases      ] GC(885)   Other: 0.2ms
[2024-08-28T01:14:16.784+0000][info][gc,heap        ] GC(885) Eden regions: 30->0(44)
[2024-08-28T01:14:16.784+0000][info][gc,heap        ] GC(885) Survivor regions: 7->7(7)
[2024-08-28T01:14:16.784+0000][info][gc,heap        ] GC(885) Old regions: 939->972
[2024-08-28T01:14:16.784+0000][info][gc,heap        ] GC(885) Archive regions: 2->2
[2024-08-28T01:14:16.784+0000][info][gc,heap        ] GC(885) Humongous regions: 5->5
[2024-08-28T01:14:16.784+0000][info][gc,metaspace   ] GC(885) Metaspace: 100K(320K)->100K(320K) NonClass: 96K(192K)->96K(192K) Class: 4K(128K)->4K(128K)
[2024-08-28T01:14:16.784+0000][info][gc             ] GC(885) Pause Young (Prepare Mixed) (G1 Preventive Collection) 975M->977M(1024M) 14.761ms
[2024-08-28T01:14:16.784+0000][info][gc,cpu         ] GC(885) User=0.33s Sys=0.01s Real=0.01s
[2024-08-28T01:14:16.791+0000][info][gc,start       ] GC(886) Pause Young (Mixed) (G1 Preventive Collection)
[2024-08-28T01:14:16.791+0000][info][gc,task        ] GC(886) Using 24 workers of 68 for evacuation
[2024-08-28T01:14:16.797+0000][info][gc,phases      ] GC(886)   Pre Evacuate Collection Set: 0.2ms
[2024-08-28T01:14:16.797+0000][info][gc,phases      ] GC(886)   Merge Heap Roots: 0.2ms
[2024-08-28T01:14:16.797+0000][info][gc,phases      ] GC(886)   Evacuate Collection Set: 4.9ms
[2024-08-28T01:14:16.797+0000][info][gc,phases      ] GC(886)   Post Evacuate Collection Set: 0.3ms
[2024-08-28T01:14:16.797+0000][info][gc,phases      ] GC(886)   Other: 0.2ms
[2024-08-28T01:14:16.797+0000][info][gc,heap        ] GC(886) Eden regions: 14->0(44)
[2024-08-28T01:14:16.797+0000][info][gc,heap        ] GC(886) Survivor regions: 7->7(7)
[2024-08-28T01:14:16.797+0000][info][gc,heap        ] GC(886) Old regions: 972->926
[2024-08-28T01:14:16.797+0000][info][gc,heap        ] GC(886) Archive regions: 2->2
[2024-08-28T01:14:16.797+0000][info][gc,heap        ] GC(886) Humongous regions: 5->5
[2024-08-28T01:14:16.797+0000][info][gc,metaspace   ] GC(886) Metaspace: 100K(320K)->100K(320K) NonClass: 96K(192K)->96K(192K) Class: 4K(128K)->4K(128K)
[2024-08-28T01:14:16.797+0000][info][gc             ] GC(886) Pause Young (Mixed) (G1 Preventive Collection) 991M->934M(1024M) 5.742ms
[2024-08-28T01:14:16.797+0000][info][gc,cpu         ] GC(886) User=0.12s Sys=0.00s Real=0.00s
[2024-08-28T01:14:16.813+0000][info][gc,start       ] GC(887) Pause Young (Mixed) (G1 Preventive Collection)
[2024-08-28T01:14:16.813+0000][info][gc,task        ] GC(887) Using 24 workers of 68 for evacuation
[2024-08-28T01:14:16.822+0000][info][gc,phases      ] GC(887)   Pre Evacuate Collection Set: 0.2ms
[2024-08-28T01:14:16.822+0000][info][gc,phases      ] GC(887)   Merge Heap Roots: 0.4ms
[2024-08-28T01:14:16.822+0000][info][gc,phases      ] GC(887)   Evacuate Collection Set: 8.0ms
[2024-08-28T01:14:16.822+0000][info][gc,phases      ] GC(887)   Post Evacuate Collection Set: 0.4ms
[2024-08-28T01:14:16.822+0000][info][gc,phases      ] GC(887)   Other: 0.2ms
[2024-08-28T01:14:16.822+0000][info][gc,heap        ] GC(887) Eden regions: 36->0(44)
[2024-08-28T01:14:16.822+0000][info][gc,heap        ] GC(887) Survivor regions: 7->7(7)
[2024-08-28T01:14:16.822+0000][info][gc,heap        ] GC(887) Old regions: 926->901
[2024-08-28T01:14:16.822+0000][info][gc,heap        ] GC(887) Archive regions: 2->2
[2024-08-28T01:14:16.822+0000][info][gc,heap        ] GC(887) Humongous regions: 5->5
[2024-08-28T01:14:16.822+0000][info][gc,metaspace   ] GC(887) Metaspace: 100K(320K)->100K(320K) NonClass: 96K(192K)->96K(192K) Class: 4K(128K)->4K(128K)
[2024-08-28T01:14:16.822+0000][info][gc             ] GC(887) Pause Young (Mixed) (G1 Preventive Collection) 970M->910M(1024M) 9.220ms
[2024-08-28T01:14:16.822+0000][info][gc,cpu         ] GC(887) User=0.16s Sys=0.03s Real=0.01s
[2024-08-28T01:14:16.841+0000][info][gc,start       ] GC(888) Pause Young (Mixed) (G1 Evacuation Pause)
[2024-08-28T01:14:16.841+0000][info][gc,task        ] GC(888) Using 24 workers of 68 for evacuation
[2024-08-28T01:14:16.851+0000][info][gc,phases      ] GC(888)   Pre Evacuate Collection Set: 0.2ms
[2024-08-28T01:14:16.851+0000][info][gc,phases      ] GC(888)   Merge Heap Roots: 0.3ms
[2024-08-28T01:14:16.851+0000][info][gc,phases      ] GC(888)   Evacuate Collection Set: 9.0ms
[2024-08-28T01:14:16.851+0000][info][gc,phases      ] GC(888)   Post Evacuate Collection Set: 0.4ms
[2024-08-28T01:14:16.851+0000][info][gc,phases      ] GC(888)   Other: 0.2ms
[2024-08-28T01:14:16.851+0000][info][gc,heap        ] GC(888) Eden regions: 44->0(44)
[2024-08-28T01:14:16.851+0000][info][gc,heap        ] GC(888) Survivor regions: 7->7(7)
[2024-08-28T01:14:16.851+0000][info][gc,heap        ] GC(888) Old regions: 901->885
[2024-08-28T01:14:16.851+0000][info][gc,heap        ] GC(888) Archive regions: 2->2
[2024-08-28T01:14:16.852+0000][info][gc,heap        ] GC(888) Humongous regions: 5->5
[2024-08-28T01:14:16.852+0000][info][gc,metaspace   ] GC(888) Metaspace: 100K(320K)->100K(320K) NonClass: 96K(192K)->96K(192K) Class: 4K(128K)->4K(128K)
[2024-08-28T01:14:16.852+0000][info][gc             ] GC(888) Pause Young (Mixed) (G1 Evacuation Pause) 954M->895M(1024M) 10.195ms
[2024-08-28T01:14:16.852+0000][info][gc,cpu         ] GC(888) User=0.22s Sys=0.00s Real=0.01s
[2024-08-28T01:14:16.871+0000][info][gc,start       ] GC(889) Pause Young (Mixed) (G1 Evacuation Pause)
[2024-08-28T01:14:16.871+0000][info][gc,task        ] GC(889) Using 24 workers of 68 for evacuation
[2024-08-28T01:14:16.881+0000][info][gc,phases      ] GC(889)   Pre Evacuate Collection Set: 0.2ms
[2024-08-28T01:14:16.881+0000][info][gc,phases      ] GC(889)   Merge Heap Roots: 0.4ms
[2024-08-28T01:14:16.881+0000][info][gc,phases      ] GC(889)   Evacuate Collection Set: 9.5ms
[2024-08-28T01:14:16.881+0000][info][gc,phases      ] GC(889)   Post Evacuate Collection Set: 0.4ms
[2024-08-28T01:14:16.881+0000][info][gc,phases      ] GC(889)   Other: 0.3ms
[2024-08-28T01:14:16.881+0000][info][gc,heap        ] GC(889) Eden regions: 44->0(44)
[2024-08-28T01:14:16.881+0000][info][gc,heap        ] GC(889) Survivor regions: 7->7(7)
[2024-08-28T01:14:16.881+0000][info][gc,heap        ] GC(889) Old regions: 885->870
[2024-08-28T01:14:16.881+0000][info][gc,heap        ] GC(889) Archive regions: 2->2
[2024-08-28T01:14:16.881+0000][info][gc,heap        ] GC(889) Humongous regions: 5->5
[2024-08-28T01:14:16.881+0000][info][gc,metaspace   ] GC(889) Metaspace: 100K(320K)->100K(320K) NonClass: 96K(192K)->96K(192K) Class: 4K(128K)->4K(128K)
[2024-08-28T01:14:16.881+0000][info][gc             ] GC(889) Pause Young (Mixed) (G1 Evacuation Pause) 939M->882M(1024M) 10.794ms
[2024-08-28T01:14:16.881+0000][info][gc,cpu         ] GC(889) User=0.24s Sys=0.00s Real=0.01s
[2024-08-28T01:14:16.901+0000][info][gc,start       ] GC(890) Pause Young (Mixed) (G1 Evacuation Pause)
[2024-08-28T01:14:16.901+0000][info][gc,task        ] GC(890) Using 24 workers of 68 for evacuation
[2024-08-28T01:14:16.914+0000][info][gc,phases      ] GC(890)   Pre Evacuate Collection Set: 0.2ms
[2024-08-28T01:14:16.914+0000][info][gc,phases      ] GC(890)   Merge Heap Roots: 0.4ms
[2024-08-28T01:14:16.914+0000][info][gc,phases      ] GC(890)   Evacuate Collection Set: 12.2ms
[2024-08-28T01:14:16.914+0000][info][gc,phases      ] GC(890)   Post Evacuate Collection Set: 0.3ms
[2024-08-28T01:14:16.914+0000][info][gc,phases      ] GC(890)   Other: 0.3ms
[2024-08-28T01:14:16.914+0000][info][gc,heap        ] GC(890) Eden regions: 44->0(44)
[2024-08-28T01:14:16.914+0000][info][gc,heap        ] GC(890) Survivor regions: 7->7(7)
[2024-08-28T01:14:16.914+0000][info][gc,heap        ] GC(890) Old regions: 870->874
[2024-08-28T01:14:16.914+0000][info][gc,heap        ] GC(890) Archive regions: 2->2
[2024-08-28T01:14:16.914+0000][info][gc,heap        ] GC(890) Humongous regions: 5->5
[2024-08-28T01:14:16.914+0000][info][gc,metaspace   ] GC(890) Metaspace: 100K(320K)->100K(320K) NonClass: 96K(192K)->96K(192K) Class: 4K(128K)->4K(128K)
[2024-08-28T01:14:16.914+0000][info][gc             ] GC(890) Pause Young (Mixed) (G1 Evacuation Pause) 926M->886M(1024M) 13.450ms
[2024-08-28T01:14:16.914+0000][info][gc,cpu         ] GC(890) User=0.30s Sys=0.00s Real=0.01s
[2024-08-28T01:14:16.934+0000][info][gc,start       ] GC(891) Pause Young (Mixed) (G1 Evacuation Pause)
[2024-08-28T01:14:16.934+0000][info][gc,task        ] GC(891) Using 24 workers of 68 for evacuation
[2024-08-28T01:14:16.946+0000][info][gc,phases      ] GC(891)   Pre Evacuate Collection Set: 0.2ms
[2024-08-28T01:14:16.946+0000][info][gc,phases      ] GC(891)   Merge Heap Roots: 0.4ms
[2024-08-28T01:14:16.946+0000][info][gc,phases      ] GC(891)   Evacuate Collection Set: 11.1ms
[2024-08-28T01:14:16.946+0000][info][gc,phases      ] GC(891)   Post Evacuate Collection Set: 0.3ms
[2024-08-28T01:14:16.946+0000][info][gc,phases      ] GC(891)   Other: 0.2ms
[2024-08-28T01:14:16.946+0000][info][gc,heap        ] GC(891) Eden regions: 44->0(44)
[2024-08-28T01:14:16.946+0000][info][gc,heap        ] GC(891) Survivor regions: 7->7(7)
[2024-08-28T01:14:16.946+0000][info][gc,heap        ] GC(891) Old regions: 874->899
[2024-08-28T01:14:16.946+0000][info][gc,heap        ] GC(891) Archive regions: 2->2
[2024-08-28T01:14:16.946+0000][info][gc,heap        ] GC(891) Humongous regions: 5->5
[2024-08-28T01:14:16.946+0000][info][gc,metaspace   ] GC(891) Metaspace: 100K(320K)->100K(320K) NonClass: 96K(192K)->96K(192K) Class: 4K(128K)->4K(128K)
[2024-08-28T01:14:16.946+0000][info][gc             ] GC(891) Pause Young (Mixed) (G1 Evacuation Pause) 930M->911M(1024M) 12.248ms
[2024-08-28T01:14:16.946+0000][info][gc,cpu         ] GC(891) User=0.27s Sys=0.00s Real=0.01s
[2024-08-28T01:14:16.966+0000][info][gc,start       ] GC(892) Pause Young (Concurrent Start) (G1 Evacuation Pause)
[2024-08-28T01:14:16.966+0000][info][gc,task        ] GC(892) Using 24 workers of 68 for evacuation
[2024-08-28T01:14:16.977+0000][info][gc,phases      ] GC(892)   Pre Evacuate Collection Set: 0.2ms
[2024-08-28T01:14:16.977+0000][info][gc,phases      ] GC(892)   Merge Heap Roots: 0.4ms
[2024-08-28T01:14:16.977+0000][info][gc,phases      ] GC(892)   Evacuate Collection Set: 9.6ms
[2024-08-28T01:14:16.977+0000][info][gc,phases      ] GC(892)   Post Evacuate Collection Set: 0.3ms
[2024-08-28T01:14:16.977+0000][info][gc,phases      ] GC(892)   Other: 0.6ms
[2024-08-28T01:14:16.977+0000][info][gc,heap        ] GC(892) Eden regions: 44->0(44)
[2024-08-28T01:14:16.977+0000][info][gc,heap        ] GC(892) Survivor regions: 7->7(7)
[2024-08-28T01:14:16.977+0000][info][gc,heap        ] GC(892) Old regions: 899->946
[2024-08-28T01:14:16.977+0000][info][gc,heap        ] GC(892) Archive regions: 2->2
[2024-08-28T01:14:16.977+0000][info][gc,heap        ] GC(892) Humongous regions: 5->5
[2024-08-28T01:14:16.977+0000][info][gc,metaspace   ] GC(892) Metaspace: 100K(320K)->100K(320K) NonClass: 96K(192K)->96K(192K) Class: 4K(128K)->4K(128K)
[2024-08-28T01:14:16.977+0000][info][gc             ] GC(892) Pause Young (Concurrent Start) (G1 Evacuation Pause) 955M->958M(1024M) 11.199ms
[2024-08-28T01:14:16.977+0000][info][gc,cpu         ] GC(892) User=0.24s Sys=0.00s Real=0.01s
[2024-08-28T01:14:16.977+0000][info][gc             ] GC(893) Concurrent Mark Cycle
[2024-08-28T01:14:16.977+0000][info][gc,marking     ] GC(893) Concurrent Clear Claimed Marks
[2024-08-28T01:14:16.977+0000][info][gc,marking     ] GC(893) Concurrent Clear Claimed Marks 0.009ms
[2024-08-28T01:14:16.977+0000][info][gc,marking     ] GC(893) Concurrent Scan Root Regions
[2024-08-28T01:14:16.978+0000][info][gc,marking     ] GC(893) Concurrent Scan Root Regions 1.456ms
[2024-08-28T01:14:16.978+0000][info][gc,marking     ] GC(893) Concurrent Mark
[2024-08-28T01:14:16.978+0000][info][gc,marking     ] GC(893) Concurrent Mark From Roots
[2024-08-28T01:14:16.978+0000][info][gc,task        ] GC(893) Using 17 workers of 17 for marking
[2024-08-28T01:14:16.997+0000][info][gc,start       ] GC(894) Pause Young (Normal) (G1 Preventive Collection)
[2024-08-28T01:14:16.997+0000][info][gc,task        ] GC(894) Using 24 workers of 68 for evacuation
[2024-08-28T01:14:17.004+0000][info][gc,phases      ] GC(894)   Pre Evacuate Collection Set: 0.2ms
[2024-08-28T01:14:17.004+0000][info][gc,phases      ] GC(894)   Merge Heap Roots: 0.2ms
[2024-08-28T01:14:17.004+0000][info][gc,phases      ] GC(894)   Evacuate Collection Set: 6.3ms
[2024-08-28T01:14:17.004+0000][info][gc,phases      ] GC(894)   Post Evacuate Collection Set: 0.3ms
[2024-08-28T01:14:17.004+0000][info][gc,phases      ] GC(894)   Other: 0.3ms
[2024-08-28T01:14:17.004+0000][info][gc,heap        ] GC(894) Eden regions: 27->0(44)
[2024-08-28T01:14:17.004+0000][info][gc,heap        ] GC(894) Survivor regions: 7->7(7)
[2024-08-28T01:14:17.004+0000][info][gc,heap        ] GC(894) Old regions: 946->976
[2024-08-28T01:14:17.004+0000][info][gc,heap        ] GC(894) Archive regions: 2->2
[2024-08-28T01:14:17.004+0000][info][gc,heap        ] GC(894) Humongous regions: 5->5
[2024-08-28T01:14:17.004+0000][info][gc,metaspace   ] GC(894) Metaspace: 100K(320K)->100K(320K) NonClass: 96K(192K)->96K(192K) Class: 4K(128K)->4K(128K)
[2024-08-28T01:14:17.004+0000][info][gc             ] GC(894) Pause Young (Normal) (G1 Preventive Collection) 985M->988M(1024M) 7.382ms
[2024-08-28T01:14:17.004+0000][info][gc,cpu         ] GC(894) User=0.15s Sys=0.00s Real=0.01s
[2024-08-28T01:14:17.011+0000][info][gc,start       ] GC(895) Pause Young (Normal) (G1 Preventive Collection)
[2024-08-28T01:14:17.011+0000][info][gc,task        ] GC(895) Using 24 workers of 68 for evacuation
[2024-08-28T01:14:17.016+0000][info][gc,phases      ] GC(895)   Pre Evacuate Collection Set: 0.1ms
[2024-08-28T01:14:17.016+0000][info][gc,phases      ] GC(895)   Merge Heap Roots: 0.3ms
[2024-08-28T01:14:17.016+0000][info][gc,phases      ] GC(895)   Evacuate Collection Set: 3.5ms
[2024-08-28T01:14:17.016+0000][info][gc,phases      ] GC(895)   Post Evacuate Collection Set: 0.2ms
[2024-08-28T01:14:17.016+0000][info][gc,phases      ] GC(895)   Other: 0.2ms
[2024-08-28T01:14:17.016+0000][info][gc,heap        ] GC(895) Eden regions: 12->0(44)
[2024-08-28T01:14:17.016+0000][info][gc,heap        ] GC(895) Survivor regions: 7->7(7)
[2024-08-28T01:14:17.016+0000][info][gc,heap        ] GC(895) Old regions: 976->991
[2024-08-28T01:14:17.016+0000][info][gc,heap        ] GC(895) Archive regions: 2->2
[2024-08-28T01:14:17.016+0000][info][gc,heap        ] GC(895) Humongous regions: 5->5
[2024-08-28T01:14:17.016+0000][info][gc,metaspace   ] GC(895) Metaspace: 100K(320K)->100K(320K) NonClass: 96K(192K)->96K(192K) Class: 4K(128K)->4K(128K)
[2024-08-28T01:14:17.016+0000][info][gc             ] GC(895) Pause Young (Normal) (G1 Preventive Collection) 1000M->1003M(1024M) 4.402ms
[2024-08-28T01:14:17.016+0000][info][gc,cpu         ] GC(895) User=0.09s Sys=0.00s Real=0.00s
[2024-08-28T01:14:17.016+0000][info][gc,marking     ] GC(893) Concurrent Mark From Roots 37.636ms
[2024-08-28T01:14:17.016+0000][info][gc,marking     ] GC(893) Concurrent Preclean
[2024-08-28T01:14:17.017+0000][info][gc,marking     ] GC(893) Concurrent Preclean 0.501ms
[2024-08-28T01:14:17.017+0000][info][gc,start       ] GC(893) Pause Remark
[2024-08-28T01:14:17.018+0000][info][gc             ] GC(893) Pause Remark 1005M->1005M(1024M) 1.264ms
[2024-08-28T01:14:17.018+0000][info][gc,cpu         ] GC(893) User=0.01s Sys=0.00s Real=0.01s
[2024-08-28T01:14:17.018+0000][info][gc,marking     ] GC(893) Concurrent Mark 39.644ms
[2024-08-28T01:14:17.018+0000][info][gc,marking     ] GC(893) Concurrent Rebuild Remembered Sets
[2024-08-28T01:14:17.020+0000][info][gc,start       ] GC(896) Pause Young (Normal) (G1 Preventive Collection)
[2024-08-28T01:14:17.020+0000][info][gc,task        ] GC(896) Using 24 workers of 68 for evacuation
[2024-08-28T01:14:17.023+0000][info][gc             ] GC(896) To-space exhausted
[2024-08-28T01:14:17.023+0000][info][gc,phases      ] GC(896)   Pre Evacuate Collection Set: 0.1ms
[2024-08-28T01:14:17.023+0000][info][gc,phases      ] GC(896)   Merge Heap Roots: 0.1ms
[2024-08-28T01:14:17.023+0000][info][gc,phases      ] GC(896)   Evacuate Collection Set: 2.1ms
[2024-08-28T01:14:17.023+0000][info][gc,phases      ] GC(896)   Post Evacuate Collection Set: 0.3ms
[2024-08-28T01:14:17.023+0000][info][gc,phases      ] GC(896)   Other: 0.2ms
[2024-08-28T01:14:17.023+0000][info][gc,heap        ] GC(896) Eden regions: 5->0(45)
[2024-08-28T01:14:17.023+0000][info][gc,heap        ] GC(896) Survivor regions: 7->6(7)
[2024-08-28T01:14:17.023+0000][info][gc,heap        ] GC(896) Old regions: 991->1006
[2024-08-28T01:14:17.023+0000][info][gc,heap        ] GC(896) Archive regions: 2->2
[2024-08-28T01:14:17.023+0000][info][gc,heap        ] GC(896) Humongous regions: 5->5
[2024-08-28T01:14:17.023+0000][info][gc,metaspace   ] GC(896) Metaspace: 100K(320K)->100K(320K) NonClass: 96K(192K)->96K(192K) Class: 4K(128K)->4K(128K)
[2024-08-28T01:14:17.023+0000][info][gc             ] GC(896) Pause Young (Normal) (G1 Preventive Collection) 1008M->1017M(1024M) 2.877ms
[2024-08-28T01:14:17.023+0000][info][gc,cpu         ] GC(896) User=0.05s Sys=0.00s Real=0.00s
[2024-08-28T01:14:17.024+0000][info][gc,start       ] GC(897) Pause Young (Normal) (G1 Preventive Collection)
[2024-08-28T01:14:17.024+0000][info][gc,task        ] GC(897) Using 24 workers of 68 for evacuation
[2024-08-28T01:14:17.026+0000][info][gc             ] GC(897) To-space exhausted
[2024-08-28T01:14:17.026+0000][info][gc,phases      ] GC(897)   Pre Evacuate Collection Set: 0.1ms
[2024-08-28T01:14:17.026+0000][info][gc,phases      ] GC(897)   Merge Heap Roots: 0.3ms
[2024-08-28T01:14:17.026+0000][info][gc,phases      ] GC(897)   Evacuate Collection Set: 1.5ms
[2024-08-28T01:14:17.026+0000][info][gc,phases      ] GC(897)   Post Evacuate Collection Set: 0.5ms
[2024-08-28T01:14:17.026+0000][info][gc,phases      ] GC(897)   Other: 0.1ms
[2024-08-28T01:14:17.026+0000][info][gc,heap        ] GC(897) Eden regions: 1->0(50)
[2024-08-28T01:14:17.026+0000][info][gc,heap        ] GC(897) Survivor regions: 6->1(4)
[2024-08-28T01:14:17.026+0000][info][gc,heap        ] GC(897) Old regions: 1006->1016
[2024-08-28T01:14:17.026+0000][info][gc,heap        ] GC(897) Archive regions: 2->2
[2024-08-28T01:14:17.026+0000][info][gc,heap        ] GC(897) Humongous regions: 5->5
[2024-08-28T01:14:17.026+0000][info][gc,metaspace   ] GC(897) Metaspace: 100K(320K)->100K(320K) NonClass: 96K(192K)->96K(192K) Class: 4K(128K)->4K(128K)
[2024-08-28T01:14:17.027+0000][info][gc             ] GC(897) Pause Young (Normal) (G1 Preventive Collection) 1018M->1022M(1024M) 2.559ms
[2024-08-28T01:14:17.027+0000][info][gc,cpu         ] GC(897) User=0.04s Sys=0.00s Real=0.00s
[2024-08-28T01:14:17.027+0000][info][gc,ergo        ] Attempting full compaction
[2024-08-28T01:14:17.027+0000][info][gc,task        ] GC(898) Using 24 workers of 68 for full compaction
[2024-08-28T01:14:17.027+0000][info][gc,start       ] GC(898) Pause Full (G1 Compaction Pause)
[2024-08-28T01:14:17.027+0000][info][gc,phases,start] GC(898) Phase 1: Mark live objects
[2024-08-28T01:14:17.041+0000][info][gc,phases      ] GC(898) Phase 1: Mark live objects 13.823ms
[2024-08-28T01:14:17.041+0000][info][gc,phases,start] GC(898) Phase 2: Prepare for compaction
[2024-08-28T01:14:17.050+0000][info][gc,phases      ] GC(898) Phase 2: Prepare for compaction 8.649ms
[2024-08-28T01:14:17.050+0000][info][gc,phases,start] GC(898) Phase 3: Adjust pointers
[2024-08-28T01:14:17.065+0000][info][gc,phases      ] GC(898) Phase 3: Adjust pointers 14.594ms
[2024-08-28T01:14:17.065+0000][info][gc,phases,start] GC(898) Phase 4: Compact heap
[2024-08-28T01:14:17.096+0000][info][gc,phases      ] GC(898) Phase 4: Compact heap 30.911ms
[2024-08-28T01:14:17.097+0000][info][gc,heap        ] GC(898) Eden regions: 0->0(151)
[2024-08-28T01:14:17.097+0000][info][gc,heap        ] GC(898) Survivor regions: 1->0(4)
[2024-08-28T01:14:17.097+0000][info][gc,heap        ] GC(898) Old regions: 1016->441
[2024-08-28T01:14:17.097+0000][info][gc,heap        ] GC(898) Archive regions: 2->2
[2024-08-28T01:14:17.097+0000][info][gc,heap        ] GC(898) Humongous regions: 5->5
[2024-08-28T01:14:17.097+0000][info][gc,metaspace   ] GC(898) Metaspace: 100K(320K)->100K(320K) NonClass: 96K(192K)->96K(192K) Class: 4K(128K)->4K(128K)
[2024-08-28T01:14:17.097+0000][info][gc             ] GC(898) Pause Full (G1 Compaction Pause) 1022M->436M(1024M) 69.898ms
[2024-08-28T01:14:17.097+0000][info][gc,cpu         ] GC(898) User=1.49s Sys=0.00s Real=0.07s
[2024-08-28T01:14:17.097+0000][info][gc,marking     ] GC(893) Concurrent Rebuild Remembered Sets 78.775ms
[2024-08-28T01:14:17.097+0000][info][gc,marking     ] GC(893) Concurrent Mark Abort
[2024-08-28T01:14:17.097+0000][info][gc             ] GC(893) Concurrent Mark Cycle 119.981ms
[2024-08-28T01:14:17.170+0000][info][gc,start       ] GC(899) Pause Young (Normal) (G1 Evacuation Pause)
[2024-08-28T01:14:17.171+0000][info][gc,task        ] GC(899) Using 24 workers of 68 for evacuation
[2024-08-28T01:14:17.192+0000][info][gc,phases      ] GC(899)   Pre Evacuate Collection Set: 0.2ms
[2024-08-28T01:14:17.192+0000][info][gc,phases      ] GC(899)   Merge Heap Roots: 0.4ms
[2024-08-28T01:14:17.192+0000][info][gc,phases      ] GC(899)   Evacuate Collection Set: 20.4ms
[2024-08-28T01:14:17.192+0000][info][gc,phases      ] GC(899)   Post Evacuate Collection Set: 0.3ms
[2024-08-28T01:14:17.192+0000][info][gc,phases      ] GC(899)   Other: 0.3ms
[2024-08-28T01:14:17.192+0000][info][gc,heap        ] GC(899) Eden regions: 151->0(103)
[2024-08-28T01:14:17.192+0000][info][gc,heap        ] GC(899) Survivor regions: 0->19(19)
[2024-08-28T01:14:17.192+0000][info][gc,heap        ] GC(899) Old regions: 441->569
[2024-08-28T01:14:17.192+0000][info][gc,heap        ] GC(899) Archive regions: 2->2
[2024-08-28T01:14:17.192+0000][info][gc,heap        ] GC(899) Humongous regions: 5->5
[2024-08-28T01:14:17.192+0000][info][gc,metaspace   ] GC(899) Metaspace: 100K(320K)->100K(320K) NonClass: 96K(192K)->96K(192K) Class: 4K(128K)->4K(128K)
[2024-08-28T01:14:17.192+0000][info][gc             ] GC(899) Pause Young (Normal) (G1 Evacuation Pause) 587M->583M(1024M) 21.783ms
[2024-08-28T01:14:17.192+0000][info][gc,cpu         ] GC(899) User=0.50s Sys=0.00s Real=0.02s
[2024-08-28T01:14:17.240+0000][info][gc,start       ] GC(900) Pause Young (Concurrent Start) (G1 Evacuation Pause)
[2024-08-28T01:14:17.240+0000][info][gc,task        ] GC(900) Using 24 workers of 68 for evacuation
[2024-08-28T01:14:17.259+0000][info][gc,phases      ] GC(900)   Pre Evacuate Collection Set: 0.2ms
[2024-08-28T01:14:17.259+0000][info][gc,phases      ] GC(900)   Merge Heap Roots: 0.4ms
[2024-08-28T01:14:17.259+0000][info][gc,phases      ] GC(900)   Evacuate Collection Set: 17.2ms
[2024-08-28T01:14:17.259+0000][info][gc,phases      ] GC(900)   Post Evacuate Collection Set: 0.3ms
[2024-08-28T01:14:17.259+0000][info][gc,phases      ] GC(900)   Other: 0.6ms
[2024-08-28T01:14:17.259+0000][info][gc,heap        ] GC(900) Eden regions: 103->0(70)
[2024-08-28T01:14:17.259+0000][info][gc,heap        ] GC(900) Survivor regions: 19->16(16)
[2024-08-28T01:14:17.259+0000][info][gc,heap        ] GC(900) Old regions: 569->675
[2024-08-28T01:14:17.259+0000][info][gc,heap        ] GC(900) Archive regions: 2->2
[2024-08-28T01:14:17.259+0000][info][gc,heap        ] GC(900) Humongous regions: 5->5
[2024-08-28T01:14:17.259+0000][info][gc,metaspace   ] GC(900) Metaspace: 100K(320K)->100K(320K) NonClass: 96K(192K)->96K(192K) Class: 4K(128K)->4K(128K)
[2024-08-28T01:14:17.259+0000][info][gc             ] GC(900) Pause Young (Concurrent Start) (G1 Evacuation Pause) 686M->686M(1024M) 18.758ms
[2024-08-28T01:14:17.259+0000][info][gc,cpu         ] GC(900) User=0.42s Sys=0.00s Real=0.02s
[2024-08-28T01:14:17.259+0000][info][gc             ] GC(901) Concurrent Mark Cycle
[2024-08-28T01:14:17.259+0000][info][gc,marking     ] GC(901) Concurrent Clear Claimed Marks
[2024-08-28T01:14:17.259+0000][info][gc,marking     ] GC(901) Concurrent Clear Claimed Marks 0.012ms
[2024-08-28T01:14:17.259+0000][info][gc,marking     ] GC(901) Concurrent Scan Root Regions
[2024-08-28T01:14:17.262+0000][info][gc,marking     ] GC(901) Concurrent Scan Root Regions 3.323ms
[2024-08-28T01:14:17.262+0000][info][gc,marking     ] GC(901) Concurrent Mark
[2024-08-28T01:14:17.262+0000][info][gc,marking     ] GC(901) Concurrent Mark From Roots
[2024-08-28T01:14:17.262+0000][info][gc,task        ] GC(901) Using 17 workers of 17 for marking
[2024-08-28T01:14:17.283+0000][info][gc,marking     ] GC(901) Concurrent Mark From Roots 20.371ms
[2024-08-28T01:14:17.283+0000][info][gc,marking     ] GC(901) Concurrent Preclean
[2024-08-28T01:14:17.283+0000][info][gc,marking     ] GC(901) Concurrent Preclean 0.641ms
[2024-08-28T01:14:17.284+0000][info][gc,start       ] GC(901) Pause Remark
[2024-08-28T01:14:17.285+0000][info][gc             ] GC(901) Pause Remark 723M->723M(1024M) 1.188ms
[2024-08-28T01:14:17.285+0000][info][gc,cpu         ] GC(901) User=0.00s Sys=0.00s Real=0.00s
[2024-08-28T01:14:17.285+0000][info][gc,marking     ] GC(901) Concurrent Mark 22.569ms
[2024-08-28T01:14:17.285+0000][info][gc,marking     ] GC(901) Concurrent Rebuild Remembered Sets
[2024-08-28T01:14:17.301+0000][info][gc,start       ] GC(902) Pause Young (Normal) (G1 Evacuation Pause)
[2024-08-28T01:14:17.301+0000][info][gc,task        ] GC(902) Using 24 workers of 68 for evacuation
[2024-08-28T01:14:17.317+0000][info][gc,phases      ] GC(902)   Pre Evacuate Collection Set: 0.2ms
[2024-08-28T01:14:17.317+0000][info][gc,phases      ] GC(902)   Merge Heap Roots: 0.4ms
[2024-08-28T01:14:17.317+0000][info][gc,phases      ] GC(902)   Evacuate Collection Set: 14.3ms
[2024-08-28T01:14:17.317+0000][info][gc,phases      ] GC(902)   Post Evacuate Collection Set: 0.5ms
[2024-08-28T01:14:17.317+0000][info][gc,phases      ] GC(902)   Other: 0.3ms
[2024-08-28T01:14:17.317+0000][info][gc,heap        ] GC(902) Eden regions: 70->0(46)
[2024-08-28T01:14:17.317+0000][info][gc,heap        ] GC(902) Survivor regions: 16->11(11)
[2024-08-28T01:14:17.317+0000][info][gc,heap        ] GC(902) Old regions: 675->754
[2024-08-28T01:14:17.317+0000][info][gc,heap        ] GC(902) Archive regions: 2->2
[2024-08-28T01:14:17.317+0000][info][gc,heap        ] GC(902) Humongous regions: 5->5
[2024-08-28T01:14:17.317+0000][info][gc,metaspace   ] GC(902) Metaspace: 100K(320K)->100K(320K) NonClass: 96K(192K)->96K(192K) Class: 4K(128K)->4K(128K)
[2024-08-28T01:14:17.317+0000][info][gc             ] GC(902) Pause Young (Normal) (G1 Evacuation Pause) 756M->760M(1024M) 15.691ms
[2024-08-28T01:14:17.317+0000][info][gc,cpu         ] GC(902) User=0.35s Sys=0.00s Real=0.01s
[2024-08-28T01:14:17.340+0000][info][gc,start       ] GC(903) Pause Young (Normal) (G1 Evacuation Pause)
[2024-08-28T01:14:17.340+0000][info][gc,task        ] GC(903) Using 24 workers of 68 for evacuation
[2024-08-28T01:14:17.359+0000][info][gc,phases      ] GC(903)   Pre Evacuate Collection Set: 0.2ms
[2024-08-28T01:14:17.359+0000][info][gc,phases      ] GC(903)   Merge Heap Roots: 0.5ms
[2024-08-28T01:14:17.359+0000][info][gc,phases      ] GC(903)   Evacuate Collection Set: 17.8ms
[2024-08-28T01:14:17.359+0000][info][gc,phases      ] GC(903)   Post Evacuate Collection Set: 0.7ms
[2024-08-28T01:14:17.359+0000][info][gc,phases      ] GC(903)   Other: 0.4ms
[2024-08-28T01:14:17.359+0000][info][gc,heap        ] GC(903) Eden regions: 46->0(43)
[2024-08-28T01:14:17.359+0000][info][gc,heap        ] GC(903) Survivor regions: 11->8(8)
[2024-08-28T01:14:17.359+0000][info][gc,heap        ] GC(903) Old regions: 754->807
[2024-08-28T01:14:17.359+0000][info][gc,heap        ] GC(903) Archive regions: 2->2
[2024-08-28T01:14:17.359+0000][info][gc,heap        ] GC(903) Humongous regions: 5->5
[2024-08-28T01:14:17.359+0000][info][gc,metaspace   ] GC(903) Metaspace: 100K(320K)->100K(320K) NonClass: 96K(192K)->96K(192K) Class: 4K(128K)->4K(128K)
[2024-08-28T01:14:17.359+0000][info][gc             ] GC(903) Pause Young (Normal) (G1 Evacuation Pause) 806M->810M(1024M) 19.618ms
[2024-08-28T01:14:17.360+0000][info][gc,cpu         ] GC(903) User=0.44s Sys=0.00s Real=0.02s
[2024-08-28T01:14:17.370+0000][info][gc,marking     ] GC(901) Concurrent Rebuild Remembered Sets 84.904ms
[2024-08-28T01:14:17.370+0000][info][gc,start       ] GC(901) Pause Cleanup
[2024-08-28T01:14:17.372+0000][info][gc             ] GC(901) Pause Cleanup 830M->830M(1024M) 2.324ms
[2024-08-28T01:14:17.372+0000][info][gc,cpu         ] GC(901) User=0.01s Sys=0.00s Real=0.00s
[2024-08-28T01:14:17.372+0000][info][gc,marking     ] GC(901) Concurrent Cleanup for Next Mark
[2024-08-28T01:14:17.373+0000][info][gc,marking     ] GC(901) Concurrent Cleanup for Next Mark 0.685ms
[2024-08-28T01:14:17.373+0000][info][gc             ] GC(901) Concurrent Mark Cycle 114.349ms
[2024-08-28T01:14:17.385+0000][info][gc,start       ] GC(904) Pause Young (Prepare Mixed) (G1 Evacuation Pause)
[2024-08-28T01:14:17.385+0000][info][gc,task        ] GC(904) Using 24 workers of 68 for evacuation
[2024-08-28T01:14:17.403+0000][info][gc,phases      ] GC(904)   Pre Evacuate Collection Set: 0.2ms
[2024-08-28T01:14:17.403+0000][info][gc,phases      ] GC(904)   Merge Heap Roots: 0.5ms
[2024-08-28T01:14:17.403+0000][info][gc,phases      ] GC(904)   Evacuate Collection Set: 16.4ms
[2024-08-28T01:14:17.403+0000][info][gc,phases      ] GC(904)   Post Evacuate Collection Set: 0.4ms
[2024-08-28T01:14:17.403+0000][info][gc,phases      ] GC(904)   Other: 0.3ms
[2024-08-28T01:14:17.403+0000][info][gc,heap        ] GC(904) Eden regions: 43->0(44)
[2024-08-28T01:14:17.403+0000][info][gc,heap        ] GC(904) Survivor regions: 8->7(7)
[2024-08-28T01:14:17.403+0000][info][gc,heap        ] GC(904) Old regions: 807->855
[2024-08-28T01:14:17.403+0000][info][gc,heap        ] GC(904) Archive regions: 2->2
[2024-08-28T01:14:17.403+0000][info][gc,heap        ] GC(904) Humongous regions: 5->5
[2024-08-28T01:14:17.403+0000][info][gc,metaspace   ] GC(904) Metaspace: 100K(320K)->100K(320K) NonClass: 96K(192K)->96K(192K) Class: 4K(128K)->4K(128K)
[2024-08-28T01:14:17.403+0000][info][gc             ] GC(904) Pause Young (Prepare Mixed) (G1 Evacuation Pause) 853M->856M(1024M) 17.898ms
[2024-08-28T01:14:17.403+0000][info][gc,cpu         ] GC(904) User=0.40s Sys=0.00s Real=0.02s
[2024-08-28T01:14:17.424+0000][info][gc,start       ] GC(905) Pause Young (Mixed) (G1 Evacuation Pause)
[2024-08-28T01:14:17.424+0000][info][gc,task        ] GC(905) Using 24 workers of 68 for evacuation
[2024-08-28T01:14:17.435+0000][info][gc,phases      ] GC(905)   Pre Evacuate Collection Set: 0.2ms
[2024-08-28T01:14:17.435+0000][info][gc,phases      ] GC(905)   Merge Heap Roots: 0.4ms
[2024-08-28T01:14:17.435+0000][info][gc,phases      ] GC(905)   Evacuate Collection Set: 9.9ms
[2024-08-28T01:14:17.435+0000][info][gc,phases      ] GC(905)   Post Evacuate Collection Set: 0.4ms
[2024-08-28T01:14:17.435+0000][info][gc,phases      ] GC(905)   Other: 0.3ms
[2024-08-28T01:14:17.435+0000][info][gc,heap        ] GC(905) Eden regions: 44->0(44)
[2024-08-28T01:14:17.435+0000][info][gc,heap        ] GC(905) Survivor regions: 7->7(7)
[2024-08-28T01:14:17.435+0000][info][gc,heap        ] GC(905) Old regions: 855->839
[2024-08-28T01:14:17.435+0000][info][gc,heap        ] GC(905) Archive regions: 2->2
[2024-08-28T01:14:17.435+0000][info][gc,heap        ] GC(905) Humongous regions: 5->5
[2024-08-28T01:14:17.435+0000][info][gc,metaspace   ] GC(905) Metaspace: 100K(320K)->100K(320K) NonClass: 96K(192K)->96K(192K) Class: 4K(128K)->4K(128K)
[2024-08-28T01:14:17.435+0000][info][gc             ] GC(905) Pause Young (Mixed) (G1 Evacuation Pause) 900M->843M(1024M) 11.394ms
[2024-08-28T01:14:17.435+0000][info][gc,cpu         ] GC(905) User=0.25s Sys=0.00s Real=0.01s
[2024-08-28T01:14:17.456+0000][info][gc,start       ] GC(906) Pause Young (Mixed) (G1 Evacuation Pause)
[2024-08-28T01:14:17.456+0000][info][gc,task        ] GC(906) Using 24 workers of 68 for evacuation
[2024-08-28T01:14:17.467+0000][info][gc,phases      ] GC(906)   Pre Evacuate Collection Set: 0.2ms
[2024-08-28T01:14:17.467+0000][info][gc,phases      ] GC(906)   Merge Heap Roots: 0.3ms
[2024-08-28T01:14:17.467+0000][info][gc,phases      ] GC(906)   Evacuate Collection Set: 9.8ms
[2024-08-28T01:14:17.467+0000][info][gc,phases      ] GC(906)   Post Evacuate Collection Set: 0.4ms
[2024-08-28T01:14:17.467+0000][info][gc,phases      ] GC(906)   Other: 0.3ms
[2024-08-28T01:14:17.467+0000][info][gc,heap        ] GC(906) Eden regions: 44->0(44)
[2024-08-28T01:14:17.467+0000][info][gc,heap        ] GC(906) Survivor regions: 7->7(7)
[2024-08-28T01:14:17.467+0000][info][gc,heap        ] GC(906) Old regions: 839->824
[2024-08-28T01:14:17.467+0000][info][gc,heap        ] GC(906) Archive regions: 2->2
[2024-08-28T01:14:17.467+0000][info][gc,heap        ] GC(906) Humongous regions: 5->5
[2024-08-28T01:14:17.467+0000][info][gc,metaspace   ] GC(906) Metaspace: 100K(320K)->100K(320K) NonClass: 96K(192K)->96K(192K) Class: 4K(128K)->4K(128K)
[2024-08-28T01:14:17.467+0000][info][gc             ] GC(906) Pause Young (Mixed) (G1 Evacuation Pause) 887M->828M(1024M) 11.238ms
[2024-08-28T01:14:17.467+0000][info][gc,cpu         ] GC(906) User=0.24s Sys=0.00s Real=0.01s
[2024-08-28T01:14:17.487+0000][info][gc,start       ] GC(907) Pause Young (Mixed) (G1 Evacuation Pause)
[2024-08-28T01:14:17.487+0000][info][gc,task        ] GC(907) Using 24 workers of 68 for evacuation
[2024-08-28T01:14:17.498+0000][info][gc,phases      ] GC(907)   Pre Evacuate Collection Set: 0.2ms
[2024-08-28T01:14:17.498+0000][info][gc,phases      ] GC(907)   Merge Heap Roots: 0.4ms
[2024-08-28T01:14:17.498+0000][info][gc,phases      ] GC(907)   Evacuate Collection Set: 10.0ms
[2024-08-28T01:14:17.498+0000][info][gc,phases      ] GC(907)   Post Evacuate Collection Set: 0.4ms
[2024-08-28T01:14:17.498+0000][info][gc,phases      ] GC(907)   Other: 0.3ms
[2024-08-28T01:14:17.498+0000][info][gc,heap        ] GC(907) Eden regions: 44->0(44)
[2024-08-28T01:14:17.498+0000][info][gc,heap        ] GC(907) Survivor regions: 7->7(7)
[2024-08-28T01:14:17.498+0000][info][gc,heap        ] GC(907) Old regions: 824->812
[2024-08-28T01:14:17.498+0000][info][gc,heap        ] GC(907) Archive regions: 2->2
[2024-08-28T01:14:17.499+0000][info][gc,heap        ] GC(907) Humongous regions: 5->5
[2024-08-28T01:14:17.499+0000][info][gc,metaspace   ] GC(907) Metaspace: 100K(320K)->100K(320K) NonClass: 96K(192K)->96K(192K) Class: 4K(128K)->4K(128K)
[2024-08-28T01:14:17.499+0000][info][gc             ] GC(907) Pause Young (Mixed) (G1 Evacuation Pause) 872M->821M(1024M) 11.494ms
[2024-08-28T01:14:17.499+0000][info][gc,cpu         ] GC(907) User=0.25s Sys=0.00s Real=0.02s
[2024-08-28T01:14:17.519+0000][info][gc,start       ] GC(908) Pause Young (Mixed) (G1 Evacuation Pause)
[2024-08-28T01:14:17.519+0000][info][gc,task        ] GC(908) Using 24 workers of 68 for evacuation
[2024-08-28T01:14:17.529+0000][info][gc,phases      ] GC(908)   Pre Evacuate Collection Set: 0.2ms
[2024-08-28T01:14:17.529+0000][info][gc,phases      ] GC(908)   Merge Heap Roots: 0.3ms
[2024-08-28T01:14:17.529+0000][info][gc,phases      ] GC(908)   Evacuate Collection Set: 9.5ms
[2024-08-28T01:14:17.529+0000][info][gc,phases      ] GC(908)   Post Evacuate Collection Set: 0.4ms
[2024-08-28T01:14:17.529+0000][info][gc,phases      ] GC(908)   Other: 0.3ms
[2024-08-28T01:14:17.529+0000][info][gc,heap        ] GC(908) Eden regions: 44->0(44)
[2024-08-28T01:14:17.529+0000][info][gc,heap        ] GC(908) Survivor regions: 7->7(7)
[2024-08-28T01:14:17.529+0000][info][gc,heap        ] GC(908) Old regions: 812->845
[2024-08-28T01:14:17.529+0000][info][gc,heap        ] GC(908) Archive regions: 2->2
[2024-08-28T01:14:17.529+0000][info][gc,heap        ] GC(908) Humongous regions: 5->5
[2024-08-28T01:14:17.529+0000][info][gc,metaspace   ] GC(908) Metaspace: 100K(320K)->100K(320K) NonClass: 96K(192K)->96K(192K) Class: 4K(128K)->4K(128K)
[2024-08-28T01:14:17.529+0000][info][gc             ] GC(908) Pause Young (Mixed) (G1 Evacuation Pause) 865M->854M(1024M) 10.793ms
[2024-08-28T01:14:17.529+0000][info][gc,cpu         ] GC(908) User=0.23s Sys=0.00s Real=0.00s
[2024-08-28T01:14:17.550+0000][info][gc,start       ] GC(909) Pause Young (Concurrent Start) (G1 Evacuation Pause)
[2024-08-28T01:14:17.550+0000][info][gc,task        ] GC(909) Using 24 workers of 68 for evacuation
[2024-08-28T01:14:17.560+0000][info][gc,phases      ] GC(909)   Pre Evacuate Collection Set: 0.2ms
[2024-08-28T01:14:17.560+0000][info][gc,phases      ] GC(909)   Merge Heap Roots: 0.3ms
[2024-08-28T01:14:17.560+0000][info][gc,phases      ] GC(909)   Evacuate Collection Set: 9.0ms
[2024-08-28T01:14:17.560+0000][info][gc,phases      ] GC(909)   Post Evacuate Collection Set: 0.4ms
[2024-08-28T01:14:17.560+0000][info][gc,phases      ] GC(909)   Other: 1.0ms
[2024-08-28T01:14:17.560+0000][info][gc,heap        ] GC(909) Eden regions: 44->0(44)
[2024-08-28T01:14:17.560+0000][info][gc,heap        ] GC(909) Survivor regions: 7->7(7)
[2024-08-28T01:14:17.561+0000][info][gc,heap        ] GC(909) Old regions: 845->891
[2024-08-28T01:14:17.561+0000][info][gc,heap        ] GC(909) Archive regions: 2->2
[2024-08-28T01:14:17.561+0000][info][gc,heap        ] GC(909) Humongous regions: 5->5
[2024-08-28T01:14:17.561+0000][info][gc,metaspace   ] GC(909) Metaspace: 100K(320K)->100K(320K) NonClass: 96K(192K)->96K(192K) Class: 4K(128K)->4K(128K)
[2024-08-28T01:14:17.561+0000][info][gc             ] GC(909) Pause Young (Concurrent Start) (G1 Evacuation Pause) 898M->900M(1024M) 11.016ms
[2024-08-28T01:14:17.561+0000][info][gc,cpu         ] GC(909) User=0.22s Sys=0.00s Real=0.01s
[2024-08-28T01:14:17.561+0000][info][gc             ] GC(910) Concurrent Mark Cycle
[2024-08-28T01:14:17.561+0000][info][gc,marking     ] GC(910) Concurrent Clear Claimed Marks
[2024-08-28T01:14:17.561+0000][info][gc,marking     ] GC(910) Concurrent Clear Claimed Marks 0.014ms
[2024-08-28T01:14:17.561+0000][info][gc,marking     ] GC(910) Concurrent Scan Root Regions
[2024-08-28T01:14:17.562+0000][info][gc,marking     ] GC(910) Concurrent Scan Root Regions 1.491ms
[2024-08-28T01:14:17.562+0000][info][gc,marking     ] GC(910) Concurrent Mark
[2024-08-28T01:14:17.562+0000][info][gc,marking     ] GC(910) Concurrent Mark From Roots
[2024-08-28T01:14:17.562+0000][info][gc,task        ] GC(910) Using 17 workers of 17 for marking
[2024-08-28T01:14:17.586+0000][info][gc,marking     ] GC(910) Concurrent Mark From Roots 23.944ms
[2024-08-28T01:14:17.586+0000][info][gc,marking     ] GC(910) Concurrent Preclean
[2024-08-28T01:14:17.587+0000][info][gc,marking     ] GC(910) Concurrent Preclean 0.879ms
[2024-08-28T01:14:17.587+0000][info][gc,start       ] GC(910) Pause Remark
[2024-08-28T01:14:17.589+0000][info][gc             ] GC(910) Pause Remark 941M->941M(1024M) 1.362ms
[2024-08-28T01:14:17.589+0000][info][gc,cpu         ] GC(910) User=0.01s Sys=0.00s Real=0.00s
[2024-08-28T01:14:17.589+0000][info][gc,marking     ] GC(910) Concurrent Mark 26.601ms
[2024-08-28T01:14:17.589+0000][info][gc,marking     ] GC(910) Concurrent Rebuild Remembered Sets
[2024-08-28T01:14:17.592+0000][info][gc,start       ] GC(911) Pause Young (Normal) (G1 Evacuation Pause)
[2024-08-28T01:14:17.592+0000][info][gc,task        ] GC(911) Using 24 workers of 68 for evacuation
[2024-08-28T01:14:17.602+0000][info][gc,phases      ] GC(911)   Pre Evacuate Collection Set: 0.2ms
[2024-08-28T01:14:17.602+0000][info][gc,phases      ] GC(911)   Merge Heap Roots: 0.4ms
[2024-08-28T01:14:17.602+0000][info][gc,phases      ] GC(911)   Evacuate Collection Set: 9.0ms
[2024-08-28T01:14:17.602+0000][info][gc,phases      ] GC(911)   Post Evacuate Collection Set: 0.4ms
[2024-08-28T01:14:17.602+0000][info][gc,phases      ] GC(911)   Other: 0.3ms
[2024-08-28T01:14:17.602+0000][info][gc,heap        ] GC(911) Eden regions: 44->0(44)
[2024-08-28T01:14:17.602+0000][info][gc,heap        ] GC(911) Survivor regions: 7->7(7)
[2024-08-28T01:14:17.602+0000][info][gc,heap        ] GC(911) Old regions: 891->938
[2024-08-28T01:14:17.602+0000][info][gc,heap        ] GC(911) Archive regions: 2->2
[2024-08-28T01:14:17.602+0000][info][gc,heap        ] GC(911) Humongous regions: 5->5
[2024-08-28T01:14:17.602+0000][info][gc,metaspace   ] GC(911) Metaspace: 100K(320K)->100K(320K) NonClass: 96K(192K)->96K(192K) Class: 4K(128K)->4K(128K)
[2024-08-28T01:14:17.602+0000][info][gc             ] GC(911) Pause Young (Normal) (G1 Evacuation Pause) 944M->947M(1024M) 10.353ms
[2024-08-28T01:14:17.602+0000][info][gc,cpu         ] GC(911) User=0.22s Sys=0.00s Real=0.01s
[2024-08-28T01:14:17.619+0000][info][gc,start       ] GC(912) Pause Young (Normal) (G1 Preventive Collection)
[2024-08-28T01:14:17.619+0000][info][gc,task        ] GC(912) Using 24 workers of 68 for evacuation
[2024-08-28T01:14:17.631+0000][info][gc             ] GC(912) To-space exhausted
[2024-08-28T01:14:17.631+0000][info][gc,phases      ] GC(912)   Pre Evacuate Collection Set: 0.2ms
[2024-08-28T01:14:17.631+0000][info][gc,phases      ] GC(912)   Merge Heap Roots: 0.4ms
[2024-08-28T01:14:17.631+0000][info][gc,phases      ] GC(912)   Evacuate Collection Set: 10.5ms
[2024-08-28T01:14:17.631+0000][info][gc,phases      ] GC(912)   Post Evacuate Collection Set: 0.9ms
[2024-08-28T01:14:17.631+0000][info][gc,phases      ] GC(912)   Other: 0.3ms
[2024-08-28T01:14:17.631+0000][info][gc,heap        ] GC(912) Eden regions: 31->0(44)
[2024-08-28T01:14:17.631+0000][info][gc,heap        ] GC(912) Survivor regions: 7->7(7)
[2024-08-28T01:14:17.631+0000][info][gc,heap        ] GC(912) Old regions: 938->989
[2024-08-28T01:14:17.631+0000][info][gc,heap        ] GC(912) Archive regions: 2->2
[2024-08-28T01:14:17.631+0000][info][gc,heap        ] GC(912) Humongous regions: 5->5
[2024-08-28T01:14:17.631+0000][info][gc,metaspace   ] GC(912) Metaspace: 100K(320K)->100K(320K) NonClass: 96K(192K)->96K(192K) Class: 4K(128K)->4K(128K)
[2024-08-28T01:14:17.631+0000][info][gc             ] GC(912) Pause Young (Normal) (G1 Preventive Collection) 978M->998M(1024M) 12.329ms
[2024-08-28T01:14:17.631+0000][info][gc,cpu         ] GC(912) User=0.25s Sys=0.02s Real=0.01s
[2024-08-28T01:14:17.635+0000][info][gc,start       ] GC(913) Pause Young (Normal) (G1 Preventive Collection)
[2024-08-28T01:14:17.635+0000][info][gc,task        ] GC(913) Using 24 workers of 68 for evacuation
[2024-08-28T01:14:17.644+0000][info][gc             ] GC(913) To-space exhausted
[2024-08-28T01:14:17.644+0000][info][gc,phases      ] GC(913)   Pre Evacuate Collection Set: 0.2ms
[2024-08-28T01:14:17.644+0000][info][gc,phases      ] GC(913)   Merge Heap Roots: 0.3ms
[2024-08-28T01:14:17.644+0000][info][gc,phases      ] GC(913)   Evacuate Collection Set: 7.6ms
[2024-08-28T01:14:17.644+0000][info][gc,phases      ] GC(913)   Post Evacuate Collection Set: 0.7ms
[2024-08-28T01:14:17.644+0000][info][gc,phases      ] GC(913)   Other: 0.3ms
[2024-08-28T01:14:17.644+0000][info][gc,heap        ] GC(913) Eden regions: 6->0(45)
[2024-08-28T01:14:17.644+0000][info][gc,heap        ] GC(913) Survivor regions: 7->6(7)
[2024-08-28T01:14:17.644+0000][info][gc,heap        ] GC(913) Old regions: 989->1011
[2024-08-28T01:14:17.644+0000][info][gc,heap        ] GC(913) Archive regions: 2->2
[2024-08-28T01:14:17.644+0000][info][gc,heap        ] GC(913) Humongous regions: 5->5
[2024-08-28T01:14:17.644+0000][info][gc,metaspace   ] GC(913) Metaspace: 100K(320K)->100K(320K) NonClass: 96K(192K)->96K(192K) Class: 4K(128K)->4K(128K)
[2024-08-28T01:14:17.644+0000][info][gc             ] GC(913) Pause Young (Normal) (G1 Preventive Collection) 1004M->1019M(1024M) 8.947ms
[2024-08-28T01:14:17.644+0000][info][gc,cpu         ] GC(913) User=0.19s Sys=0.00s Real=0.01s
[2024-08-28T01:14:17.644+0000][info][gc,ergo        ] Attempting full compaction
[2024-08-28T01:14:17.644+0000][info][gc,task        ] GC(914) Using 24 workers of 68 for full compaction
[2024-08-28T01:14:17.644+0000][info][gc,start       ] GC(914) Pause Full (G1 Compaction Pause)
[2024-08-28T01:14:17.645+0000][info][gc,phases,start] GC(914) Phase 1: Mark live objects
[2024-08-28T01:14:17.658+0000][info][gc,phases      ] GC(914) Phase 1: Mark live objects 13.080ms
[2024-08-28T01:14:17.658+0000][info][gc,phases,start] GC(914) Phase 2: Prepare for compaction
[2024-08-28T01:14:17.666+0000][info][gc,phases      ] GC(914) Phase 2: Prepare for compaction 7.819ms
[2024-08-28T01:14:17.666+0000][info][gc,phases,start] GC(914) Phase 3: Adjust pointers
[2024-08-28T01:14:17.680+0000][info][gc,phases      ] GC(914) Phase 3: Adjust pointers 14.513ms
[2024-08-28T01:14:17.680+0000][info][gc,phases,start] GC(914) Phase 4: Compact heap
[2024-08-28T01:14:17.708+0000][info][gc,phases      ] GC(914) Phase 4: Compact heap 27.572ms
[2024-08-28T01:14:17.709+0000][info][gc,heap        ] GC(914) Eden regions: 0->0(150)
[2024-08-28T01:14:17.709+0000][info][gc,heap        ] GC(914) Survivor regions: 6->0(7)
[2024-08-28T01:14:17.709+0000][info][gc,heap        ] GC(914) Old regions: 1011->443
[2024-08-28T01:14:17.709+0000][info][gc,heap        ] GC(914) Archive regions: 2->2
[2024-08-28T01:14:17.709+0000][info][gc,heap        ] GC(914) Humongous regions: 5->5
[2024-08-28T01:14:17.709+0000][info][gc,metaspace   ] GC(914) Metaspace: 100K(320K)->100K(320K) NonClass: 96K(192K)->96K(192K) Class: 4K(128K)->4K(128K)
[2024-08-28T01:14:17.709+0000][info][gc             ] GC(914) Pause Full (G1 Compaction Pause) 1019M->436M(1024M) 65.366ms
[2024-08-28T01:14:17.710+0000][info][gc,cpu         ] GC(914) User=1.37s Sys=0.00s Real=0.07s
[2024-08-28T01:14:17.710+0000][info][gc,marking     ] GC(910) Concurrent Rebuild Remembered Sets 120.914ms
[2024-08-28T01:14:17.710+0000][info][gc,marking     ] GC(910) Concurrent Mark Abort
[2024-08-28T01:14:17.710+0000][info][gc             ] GC(910) Concurrent Mark Cycle 149.187ms
[2024-08-28T01:14:17.783+0000][info][gc,start       ] GC(915) Pause Young (Normal) (G1 Evacuation Pause)
[2024-08-28T01:14:17.783+0000][info][gc,task        ] GC(915) Using 24 workers of 68 for evacuation
[2024-08-28T01:14:17.804+0000][info][gc,phases      ] GC(915)   Pre Evacuate Collection Set: 0.2ms
[2024-08-28T01:14:17.804+0000][info][gc,phases      ] GC(915)   Merge Heap Roots: 0.4ms
[2024-08-28T01:14:17.804+0000][info][gc,phases      ] GC(915)   Evacuate Collection Set: 20.0ms
[2024-08-28T01:14:17.804+0000][info][gc,phases      ] GC(915)   Post Evacuate Collection Set: 0.4ms
[2024-08-28T01:14:17.804+0000][info][gc,phases      ] GC(915)   Other: 0.4ms
[2024-08-28T01:14:17.804+0000][info][gc,heap        ] GC(915) Eden regions: 150->0(103)
[2024-08-28T01:14:17.804+0000][info][gc,heap        ] GC(915) Survivor regions: 0->19(19)
[2024-08-28T01:14:17.804+0000][info][gc,heap        ] GC(915) Old regions: 443->570
[2024-08-28T01:14:17.804+0000][info][gc,heap        ] GC(915) Archive regions: 2->2
[2024-08-28T01:14:17.805+0000][info][gc,heap        ] GC(915) Humongous regions: 5->5
[2024-08-28T01:14:17.805+0000][info][gc,metaspace   ] GC(915) Metaspace: 100K(320K)->100K(320K) NonClass: 96K(192K)->96K(192K) Class: 4K(128K)->4K(128K)
[2024-08-28T01:14:17.805+0000][info][gc             ] GC(915) Pause Young (Normal) (G1 Evacuation Pause) 586M->582M(1024M) 21.551ms
[2024-08-28T01:14:17.805+0000][info][gc,cpu         ] GC(915) User=0.48s Sys=0.01s Real=0.02s
[2024-08-28T01:14:17.852+0000][info][gc,start       ] GC(916) Pause Young (Concurrent Start) (G1 Evacuation Pause)
[2024-08-28T01:14:17.852+0000][info][gc,task        ] GC(916) Using 24 workers of 68 for evacuation
[2024-08-28T01:14:17.872+0000][info][gc,phases      ] GC(916)   Pre Evacuate Collection Set: 0.2ms
[2024-08-28T01:14:17.872+0000][info][gc,phases      ] GC(916)   Merge Heap Roots: 0.4ms
[2024-08-28T01:14:17.872+0000][info][gc,phases      ] GC(916)   Evacuate Collection Set: 17.9ms
[2024-08-28T01:14:17.872+0000][info][gc,phases      ] GC(916)   Post Evacuate Collection Set: 0.4ms
[2024-08-28T01:14:17.872+0000][info][gc,phases      ] GC(916)   Other: 1.0ms
[2024-08-28T01:14:17.872+0000][info][gc,heap        ] GC(916) Eden regions: 103->0(69)
[2024-08-28T01:14:17.872+0000][info][gc,heap        ] GC(916) Survivor regions: 19->16(16)
[2024-08-28T01:14:17.872+0000][info][gc,heap        ] GC(916) Old regions: 570->678
[2024-08-28T01:14:17.872+0000][info][gc,heap        ] GC(916) Archive regions: 2->2
[2024-08-28T01:14:17.872+0000][info][gc,heap        ] GC(916) Humongous regions: 5->5
[2024-08-28T01:14:17.872+0000][info][gc,metaspace   ] GC(916) Metaspace: 100K(320K)->100K(320K) NonClass: 96K(192K)->96K(192K) Class: 4K(128K)->4K(128K)
[2024-08-28T01:14:17.872+0000][info][gc             ] GC(916) Pause Young (Concurrent Start) (G1 Evacuation Pause) 685M->687M(1024M) 20.053ms
[2024-08-28T01:14:17.872+0000][info][gc,cpu         ] GC(916) User=0.44s Sys=0.00s Real=0.02s
[2024-08-28T01:14:17.872+0000][info][gc             ] GC(917) Concurrent Mark Cycle
[2024-08-28T01:14:17.872+0000][info][gc,marking     ] GC(917) Concurrent Clear Claimed Marks
[2024-08-28T01:14:17.872+0000][info][gc,marking     ] GC(917) Concurrent Clear Claimed Marks 0.010ms
[2024-08-28T01:14:17.872+0000][info][gc,marking     ] GC(917) Concurrent Scan Root Regions
[2024-08-28T01:14:17.876+0000][info][gc,marking     ] GC(917) Concurrent Scan Root Regions 3.368ms
[2024-08-28T01:14:17.876+0000][info][gc,marking     ] GC(917) Concurrent Mark
[2024-08-28T01:14:17.876+0000][info][gc,marking     ] GC(917) Concurrent Mark From Roots
[2024-08-28T01:14:17.876+0000][info][gc,task        ] GC(917) Using 17 workers of 17 for marking
[2024-08-28T01:14:17.896+0000][info][gc,marking     ] GC(917) Concurrent Mark From Roots 20.516ms
[2024-08-28T01:14:17.896+0000][info][gc,marking     ] GC(917) Concurrent Preclean
[2024-08-28T01:14:17.897+0000][info][gc,marking     ] GC(917) Concurrent Preclean 0.508ms
[2024-08-28T01:14:17.897+0000][info][gc,start       ] GC(917) Pause Remark
[2024-08-28T01:14:17.899+0000][info][gc             ] GC(917) Pause Remark 724M->724M(1024M) 1.548ms
[2024-08-28T01:14:17.899+0000][info][gc,cpu         ] GC(917) User=0.00s Sys=0.01s Real=0.01s
[2024-08-28T01:14:17.899+0000][info][gc,marking     ] GC(917) Concurrent Mark 23.079ms
[2024-08-28T01:14:17.899+0000][info][gc,marking     ] GC(917) Concurrent Rebuild Remembered Sets
[2024-08-28T01:14:17.914+0000][info][gc,start       ] GC(918) Pause Young (Normal) (G1 Evacuation Pause)
[2024-08-28T01:14:17.915+0000][info][gc,task        ] GC(918) Using 24 workers of 68 for evacuation
[2024-08-28T01:14:17.930+0000][info][gc,phases      ] GC(918)   Pre Evacuate Collection Set: 0.2ms
[2024-08-28T01:14:17.930+0000][info][gc,phases      ] GC(918)   Merge Heap Roots: 0.4ms
[2024-08-28T01:14:17.930+0000][info][gc,phases      ] GC(918)   Evacuate Collection Set: 13.8ms
[2024-08-28T01:14:17.930+0000][info][gc,phases      ] GC(918)   Post Evacuate Collection Set: 0.6ms
[2024-08-28T01:14:17.930+0000][info][gc,phases      ] GC(918)   Other: 0.3ms
[2024-08-28T01:14:17.930+0000][info][gc,heap        ] GC(918) Eden regions: 69->0(46)
[2024-08-28T01:14:17.930+0000][info][gc,heap        ] GC(918) Survivor regions: 16->11(11)
[2024-08-28T01:14:17.930+0000][info][gc,heap        ] GC(918) Old regions: 678->754
[2024-08-28T01:14:17.930+0000][info][gc,heap        ] GC(918) Archive regions: 2->2
[2024-08-28T01:14:17.930+0000][info][gc,heap        ] GC(918) Humongous regions: 5->5
[2024-08-28T01:14:17.930+0000][info][gc,metaspace   ] GC(918) Metaspace: 100K(320K)->100K(320K) NonClass: 96K(192K)->96K(192K) Class: 4K(128K)->4K(128K)
[2024-08-28T01:14:17.930+0000][info][gc             ] GC(918) Pause Young (Normal) (G1 Evacuation Pause) 756M->758M(1024M) 15.366ms
[2024-08-28T01:14:17.930+0000][info][gc,cpu         ] GC(918) User=0.32s Sys=0.01s Real=0.02s
[2024-08-28T01:14:17.952+0000][info][gc,start       ] GC(919) Pause Young (Normal) (G1 Evacuation Pause)
[2024-08-28T01:14:17.952+0000][info][gc,task        ] GC(919) Using 24 workers of 68 for evacuation
[2024-08-28T01:14:17.970+0000][info][gc,phases      ] GC(919)   Pre Evacuate Collection Set: 0.2ms
[2024-08-28T01:14:17.970+0000][info][gc,phases      ] GC(919)   Merge Heap Roots: 0.3ms
[2024-08-28T01:14:17.971+0000][info][gc,phases      ] GC(919)   Evacuate Collection Set: 16.8ms
[2024-08-28T01:14:17.971+0000][info][gc,phases      ] GC(919)   Post Evacuate Collection Set: 0.6ms
[2024-08-28T01:14:17.971+0000][info][gc,phases      ] GC(919)   Other: 0.3ms
[2024-08-28T01:14:17.971+0000][info][gc,heap        ] GC(919) Eden regions: 46->0(43)
[2024-08-28T01:14:17.971+0000][info][gc,heap        ] GC(919) Survivor regions: 11->8(8)
[2024-08-28T01:14:17.971+0000][info][gc,heap        ] GC(919) Old regions: 754->808
[2024-08-28T01:14:17.971+0000][info][gc,heap        ] GC(919) Archive regions: 2->2
[2024-08-28T01:14:17.971+0000][info][gc,heap        ] GC(919) Humongous regions: 5->5
[2024-08-28T01:14:17.971+0000][info][gc,metaspace   ] GC(919) Metaspace: 100K(320K)->100K(320K) NonClass: 96K(192K)->96K(192K) Class: 4K(128K)->4K(128K)
[2024-08-28T01:14:17.971+0000][info][gc             ] GC(919) Pause Young (Normal) (G1 Evacuation Pause) 804M->809M(1024M) 18.454ms
[2024-08-28T01:14:17.971+0000][info][gc,cpu         ] GC(919) User=0.41s Sys=0.00s Real=0.02s
[2024-08-28T01:14:17.984+0000][info][gc,marking     ] GC(917) Concurrent Rebuild Remembered Sets 85.397ms
[2024-08-28T01:14:17.985+0000][info][gc,start       ] GC(917) Pause Cleanup
[2024-08-28T01:14:17.987+0000][info][gc             ] GC(917) Pause Cleanup 837M->837M(1024M) 2.294ms
[2024-08-28T01:14:17.987+0000][info][gc,cpu         ] GC(917) User=0.01s Sys=0.00s Real=0.00s
[2024-08-28T01:14:17.987+0000][info][gc,marking     ] GC(917) Concurrent Cleanup for Next Mark
[2024-08-28T01:14:17.988+0000][info][gc,marking     ] GC(917) Concurrent Cleanup for Next Mark 0.760ms
[2024-08-28T01:14:17.988+0000][info][gc             ] GC(917) Concurrent Mark Cycle 115.610ms
[2024-08-28T01:14:17.995+0000][info][gc,start       ] GC(920) Pause Young (Prepare Mixed) (G1 Evacuation Pause)
[2024-08-28T01:14:17.995+0000][info][gc,task        ] GC(920) Using 24 workers of 68 for evacuation
[2024-08-28T01:14:18.013+0000][info][gc,phases      ] GC(920)   Pre Evacuate Collection Set: 0.2ms
[2024-08-28T01:14:18.013+0000][info][gc,phases      ] GC(920)   Merge Heap Roots: 0.7ms
[2024-08-28T01:14:18.013+0000][info][gc,phases      ] GC(920)   Evacuate Collection Set: 15.8ms
[2024-08-28T01:14:18.013+0000][info][gc,phases      ] GC(920)   Post Evacuate Collection Set: 0.4ms
[2024-08-28T01:14:18.013+0000][info][gc,phases      ] GC(920)   Other: 0.3ms
[2024-08-28T01:14:18.013+0000][info][gc,heap        ] GC(920) Eden regions: 43->0(44)
[2024-08-28T01:14:18.013+0000][info][gc,heap        ] GC(920) Survivor regions: 8->7(7)
[2024-08-28T01:14:18.013+0000][info][gc,heap        ] GC(920) Old regions: 808->854
[2024-08-28T01:14:18.013+0000][info][gc,heap        ] GC(920) Archive regions: 2->2
[2024-08-28T01:14:18.013+0000][info][gc,heap        ] GC(920) Humongous regions: 5->5
[2024-08-28T01:14:18.013+0000][info][gc,metaspace   ] GC(920) Metaspace: 100K(320K)->100K(320K) NonClass: 96K(192K)->96K(192K) Class: 4K(128K)->4K(128K)
[2024-08-28T01:14:18.013+0000][info][gc             ] GC(920) Pause Young (Prepare Mixed) (G1 Evacuation Pause) 852M->854M(1024M) 17.433ms
[2024-08-28T01:14:18.013+0000][info][gc,cpu         ] GC(920) User=0.39s Sys=0.00s Real=0.02s
[2024-08-28T01:14:18.034+0000][info][gc,start       ] GC(921) Pause Young (Mixed) (G1 Evacuation Pause)
[2024-08-28T01:14:18.034+0000][info][gc,task        ] GC(921) Using 24 workers of 68 for evacuation
[2024-08-28T01:14:18.044+0000][info][gc,phases      ] GC(921)   Pre Evacuate Collection Set: 0.2ms
[2024-08-28T01:14:18.044+0000][info][gc,phases      ] GC(921)   Merge Heap Roots: 0.4ms
[2024-08-28T01:14:18.044+0000][info][gc,phases      ] GC(921)   Evacuate Collection Set: 9.4ms
[2024-08-28T01:14:18.044+0000][info][gc,phases      ] GC(921)   Post Evacuate Collection Set: 0.4ms
[2024-08-28T01:14:18.044+0000][info][gc,phases      ] GC(921)   Other: 0.4ms
[2024-08-28T01:14:18.044+0000][info][gc,heap        ] GC(921) Eden regions: 44->0(44)
[2024-08-28T01:14:18.044+0000][info][gc,heap        ] GC(921) Survivor regions: 7->7(7)
[2024-08-28T01:14:18.044+0000][info][gc,heap        ] GC(921) Old regions: 854->840
[2024-08-28T01:14:18.044+0000][info][gc,heap        ] GC(921) Archive regions: 2->2
[2024-08-28T01:14:18.044+0000][info][gc,heap        ] GC(921) Humongous regions: 5->5
[2024-08-28T01:14:18.044+0000][info][gc,metaspace   ] GC(921) Metaspace: 100K(320K)->100K(320K) NonClass: 96K(192K)->96K(192K) Class: 4K(128K)->4K(128K)
[2024-08-28T01:14:18.044+0000][info][gc             ] GC(921) Pause Young (Mixed) (G1 Evacuation Pause) 898M->840M(1024M) 10.918ms
[2024-08-28T01:14:18.044+0000][info][gc,cpu         ] GC(921) User=0.23s Sys=0.00s Real=0.01s
[2024-08-28T01:14:18.065+0000][info][gc,start       ] GC(922) Pause Young (Mixed) (G1 Evacuation Pause)
[2024-08-28T01:14:18.065+0000][info][gc,task        ] GC(922) Using 24 workers of 68 for evacuation
[2024-08-28T01:14:18.076+0000][info][gc,phases      ] GC(922)   Pre Evacuate Collection Set: 0.2ms
[2024-08-28T01:14:18.076+0000][info][gc,phases      ] GC(922)   Merge Heap Roots: 0.4ms
[2024-08-28T01:14:18.076+0000][info][gc,phases      ] GC(922)   Evacuate Collection Set: 9.9ms
[2024-08-28T01:14:18.076+0000][info][gc,phases      ] GC(922)   Post Evacuate Collection Set: 0.4ms
[2024-08-28T01:14:18.076+0000][info][gc,phases      ] GC(922)   Other: 0.3ms
[2024-08-28T01:14:18.076+0000][info][gc,heap        ] GC(922) Eden regions: 44->0(44)
[2024-08-28T01:14:18.076+0000][info][gc,heap        ] GC(922) Survivor regions: 7->7(7)
[2024-08-28T01:14:18.076+0000][info][gc,heap        ] GC(922) Old regions: 840->825
[2024-08-28T01:14:18.076+0000][info][gc,heap        ] GC(922) Archive regions: 2->2
[2024-08-28T01:14:18.076+0000][info][gc,heap        ] GC(922) Humongous regions: 5->5
[2024-08-28T01:14:18.076+0000][info][gc,metaspace   ] GC(922) Metaspace: 100K(320K)->100K(320K) NonClass: 96K(192K)->96K(192K) Class: 4K(128K)->4K(128K)
[2024-08-28T01:14:18.076+0000][info][gc             ] GC(922) Pause Young (Mixed) (G1 Evacuation Pause) 884M->825M(1024M) 11.460ms
[2024-08-28T01:14:18.076+0000][info][gc,cpu         ] GC(922) User=0.25s Sys=0.00s Real=0.01s
[2024-08-28T01:14:18.097+0000][info][gc,start       ] GC(923) Pause Young (Mixed) (G1 Evacuation Pause)
[2024-08-28T01:14:18.097+0000][info][gc,task        ] GC(923) Using 24 workers of 68 for evacuation
[2024-08-28T01:14:18.108+0000][info][gc,phases      ] GC(923)   Pre Evacuate Collection Set: 0.2ms
[2024-08-28T01:14:18.108+0000][info][gc,phases      ] GC(923)   Merge Heap Roots: 0.4ms
[2024-08-28T01:14:18.108+0000][info][gc,phases      ] GC(923)   Evacuate Collection Set: 9.7ms
[2024-08-28T01:14:18.108+0000][info][gc,phases      ] GC(923)   Post Evacuate Collection Set: 0.4ms
[2024-08-28T01:14:18.108+0000][info][gc,phases      ] GC(923)   Other: 0.3ms
[2024-08-28T01:14:18.108+0000][info][gc,heap        ] GC(923) Eden regions: 44->0(44)
[2024-08-28T01:14:18.108+0000][info][gc,heap        ] GC(923) Survivor regions: 7->7(7)
[2024-08-28T01:14:18.108+0000][info][gc,heap        ] GC(923) Old regions: 825->808
[2024-08-28T01:14:18.108+0000][info][gc,heap        ] GC(923) Archive regions: 2->2
[2024-08-28T01:14:18.108+0000][info][gc,heap        ] GC(923) Humongous regions: 5->5
[2024-08-28T01:14:18.108+0000][info][gc,metaspace   ] GC(923) Metaspace: 100K(320K)->100K(320K) NonClass: 96K(192K)->96K(192K) Class: 4K(128K)->4K(128K)
[2024-08-28T01:14:18.108+0000][info][gc             ] GC(923) Pause Young (Mixed) (G1 Evacuation Pause) 869M->810M(1024M) 11.229ms
[2024-08-28T01:14:18.108+0000][info][gc,cpu         ] GC(923) User=0.24s Sys=0.00s Real=0.01s
[2024-08-28T01:14:18.129+0000][info][gc,start       ] GC(924) Pause Young (Mixed) (G1 Evacuation Pause)
[2024-08-28T01:14:18.129+0000][info][gc,task        ] GC(924) Using 24 workers of 68 for evacuation
[2024-08-28T01:14:18.139+0000][info][gc,phases      ] GC(924)   Pre Evacuate Collection Set: 0.2ms
[2024-08-28T01:14:18.139+0000][info][gc,phases      ] GC(924)   Merge Heap Roots: 0.4ms
[2024-08-28T01:14:18.139+0000][info][gc,phases      ] GC(924)   Evacuate Collection Set: 9.0ms
[2024-08-28T01:14:18.139+0000][info][gc,phases      ] GC(924)   Post Evacuate Collection Set: 0.4ms
[2024-08-28T01:14:18.139+0000][info][gc,phases      ] GC(924)   Other: 0.3ms
[2024-08-28T01:14:18.139+0000][info][gc,heap        ] GC(924) Eden regions: 44->0(44)
[2024-08-28T01:14:18.139+0000][info][gc,heap        ] GC(924) Survivor regions: 7->7(7)
[2024-08-28T01:14:18.139+0000][info][gc,heap        ] GC(924) Old regions: 808->844
[2024-08-28T01:14:18.139+0000][info][gc,heap        ] GC(924) Archive regions: 2->2
[2024-08-28T01:14:18.139+0000][info][gc,heap        ] GC(924) Humongous regions: 5->5
[2024-08-28T01:14:18.139+0000][info][gc,metaspace   ] GC(924) Metaspace: 100K(320K)->100K(320K) NonClass: 96K(192K)->96K(192K) Class: 4K(128K)->4K(128K)
[2024-08-28T01:14:18.139+0000][info][gc             ] GC(924) Pause Young (Mixed) (G1 Evacuation Pause) 854M->847M(1024M) 10.448ms
[2024-08-28T01:14:18.139+0000][info][gc,cpu         ] GC(924) User=0.22s Sys=0.00s Real=0.02s
[2024-08-28T01:14:18.159+0000][info][gc,start       ] GC(925) Pause Young (Concurrent Start) (G1 Evacuation Pause)
[2024-08-28T01:14:18.159+0000][info][gc,task        ] GC(925) Using 24 workers of 68 for evacuation
[2024-08-28T01:14:18.170+0000][info][gc,phases      ] GC(925)   Pre Evacuate Collection Set: 0.2ms
[2024-08-28T01:14:18.170+0000][info][gc,phases      ] GC(925)   Merge Heap Roots: 0.4ms
[2024-08-28T01:14:18.170+0000][info][gc,phases      ] GC(925)   Evacuate Collection Set: 9.0ms
[2024-08-28T01:14:18.170+0000][info][gc,phases      ] GC(925)   Post Evacuate Collection Set: 0.4ms
[2024-08-28T01:14:18.170+0000][info][gc,phases      ] GC(925)   Other: 1.0ms
[2024-08-28T01:14:18.170+0000][info][gc,heap        ] GC(925) Eden regions: 44->0(44)
[2024-08-28T01:14:18.170+0000][info][gc,heap        ] GC(925) Survivor regions: 7->7(7)
[2024-08-28T01:14:18.170+0000][info][gc,heap        ] GC(925) Old regions: 844->890
[2024-08-28T01:14:18.170+0000][info][gc,heap        ] GC(925) Archive regions: 2->2
[2024-08-28T01:14:18.170+0000][info][gc,heap        ] GC(925) Humongous regions: 5->5
[2024-08-28T01:14:18.170+0000][info][gc,metaspace   ] GC(925) Metaspace: 100K(320K)->100K(320K) NonClass: 96K(192K)->96K(192K) Class: 4K(128K)->4K(128K)
[2024-08-28T01:14:18.170+0000][info][gc             ] GC(925) Pause Young (Concurrent Start) (G1 Evacuation Pause) 891M->894M(1024M) 11.169ms
[2024-08-28T01:14:18.170+0000][info][gc,cpu         ] GC(925) User=0.22s Sys=0.00s Real=0.01s
[2024-08-28T01:14:18.170+0000][info][gc             ] GC(926) Concurrent Mark Cycle
[2024-08-28T01:14:18.170+0000][info][gc,marking     ] GC(926) Concurrent Clear Claimed Marks
[2024-08-28T01:14:18.170+0000][info][gc,marking     ] GC(926) Concurrent Clear Claimed Marks 0.016ms
[2024-08-28T01:14:18.170+0000][info][gc,marking     ] GC(926) Concurrent Scan Root Regions
[2024-08-28T01:14:18.172+0000][info][gc,marking     ] GC(926) Concurrent Scan Root Regions 1.616ms
[2024-08-28T01:14:18.172+0000][info][gc,marking     ] GC(926) Concurrent Mark
[2024-08-28T01:14:18.172+0000][info][gc,marking     ] GC(926) Concurrent Mark From Roots
[2024-08-28T01:14:18.172+0000][info][gc,task        ] GC(926) Using 17 workers of 17 for marking
[2024-08-28T01:14:18.195+0000][info][gc,marking     ] GC(926) Concurrent Mark From Roots 23.403ms
[2024-08-28T01:14:18.195+0000][info][gc,marking     ] GC(926) Concurrent Preclean
[2024-08-28T01:14:18.196+0000][info][gc,marking     ] GC(926) Concurrent Preclean 0.508ms
[2024-08-28T01:14:18.196+0000][info][gc,start       ] GC(926) Pause Remark
[2024-08-28T01:14:18.198+0000][info][gc             ] GC(926) Pause Remark 934M->934M(1024M) 1.945ms
[2024-08-28T01:14:18.198+0000][info][gc,cpu         ] GC(926) User=0.01s Sys=0.00s Real=0.01s
[2024-08-28T01:14:18.198+0000][info][gc,marking     ] GC(926) Concurrent Mark 26.357ms
[2024-08-28T01:14:18.198+0000][info][gc,marking     ] GC(926) Concurrent Rebuild Remembered Sets
[2024-08-28T01:14:18.201+0000][info][gc,start       ] GC(927) Pause Young (Normal) (G1 Evacuation Pause)
[2024-08-28T01:14:18.201+0000][info][gc,task        ] GC(927) Using 24 workers of 68 for evacuation
[2024-08-28T01:14:18.211+0000][info][gc,phases      ] GC(927)   Pre Evacuate Collection Set: 0.2ms
[2024-08-28T01:14:18.211+0000][info][gc,phases      ] GC(927)   Merge Heap Roots: 0.2ms
[2024-08-28T01:14:18.211+0000][info][gc,phases      ] GC(927)   Evacuate Collection Set: 8.9ms
[2024-08-28T01:14:18.211+0000][info][gc,phases      ] GC(927)   Post Evacuate Collection Set: 0.5ms
[2024-08-28T01:14:18.211+0000][info][gc,phases      ] GC(927)   Other: 0.3ms
[2024-08-28T01:14:18.211+0000][info][gc,heap        ] GC(927) Eden regions: 44->0(44)
[2024-08-28T01:14:18.211+0000][info][gc,heap        ] GC(927) Survivor regions: 7->7(7)
[2024-08-28T01:14:18.211+0000][info][gc,heap        ] GC(927) Old regions: 890->936
[2024-08-28T01:14:18.211+0000][info][gc,heap        ] GC(927) Archive regions: 2->2
[2024-08-28T01:14:18.211+0000][info][gc,heap        ] GC(927) Humongous regions: 5->5
[2024-08-28T01:14:18.211+0000][info][gc,metaspace   ] GC(927) Metaspace: 100K(320K)->100K(320K) NonClass: 96K(192K)->96K(192K) Class: 4K(128K)->4K(128K)
[2024-08-28T01:14:18.211+0000][info][gc             ] GC(927) Pause Young (Normal) (G1 Evacuation Pause) 938M->939M(1024M) 10.236ms
[2024-08-28T01:14:18.211+0000][info][gc,cpu         ] GC(927) User=0.22s Sys=0.00s Real=0.01s
[2024-08-28T01:14:18.227+0000][info][gc,start       ] GC(928) Pause Young (Normal) (G1 Preventive Collection)
[2024-08-28T01:14:18.227+0000][info][gc,task        ] GC(928) Using 24 workers of 68 for evacuation
[2024-08-28T01:14:18.239+0000][info][gc,phases      ] GC(928)   Pre Evacuate Collection Set: 0.2ms
[2024-08-28T01:14:18.239+0000][info][gc,phases      ] GC(928)   Merge Heap Roots: 0.4ms
[2024-08-28T01:14:18.239+0000][info][gc,phases      ] GC(928)   Evacuate Collection Set: 10.6ms
[2024-08-28T01:14:18.239+0000][info][gc,phases      ] GC(928)   Post Evacuate Collection Set: 0.5ms
[2024-08-28T01:14:18.239+0000][info][gc,phases      ] GC(928)   Other: 0.3ms
[2024-08-28T01:14:18.239+0000][info][gc,heap        ] GC(928) Eden regions: 32->0(44)
[2024-08-28T01:14:18.239+0000][info][gc,heap        ] GC(928) Survivor regions: 7->7(7)
[2024-08-28T01:14:18.239+0000][info][gc,heap        ] GC(928) Old regions: 936->971
[2024-08-28T01:14:18.239+0000][info][gc,heap        ] GC(928) Archive regions: 2->2
[2024-08-28T01:14:18.239+0000][info][gc,heap        ] GC(928) Humongous regions: 5->5
[2024-08-28T01:14:18.240+0000][info][gc,metaspace   ] GC(928) Metaspace: 100K(320K)->100K(320K) NonClass: 96K(192K)->96K(192K) Class: 4K(128K)->4K(128K)
[2024-08-28T01:14:18.240+0000][info][gc             ] GC(928) Pause Young (Normal) (G1 Preventive Collection) 971M->974M(1024M) 12.285ms
[2024-08-28T01:14:18.240+0000][info][gc,cpu         ] GC(928) User=0.26s Sys=0.00s Real=0.02s
[2024-08-28T01:14:18.248+0000][info][gc,start       ] GC(929) Pause Young (Normal) (G1 Preventive Collection)
[2024-08-28T01:14:18.248+0000][info][gc,task        ] GC(929) Using 24 workers of 68 for evacuation
[2024-08-28T01:14:18.257+0000][info][gc             ] GC(929) To-space exhausted
[2024-08-28T01:14:18.257+0000][info][gc,phases      ] GC(929)   Pre Evacuate Collection Set: 0.2ms
[2024-08-28T01:14:18.257+0000][info][gc,phases      ] GC(929)   Merge Heap Roots: 0.3ms
[2024-08-28T01:14:18.258+0000][info][gc,phases      ] GC(929)   Evacuate Collection Set: 8.4ms
[2024-08-28T01:14:18.258+0000][info][gc,phases      ] GC(929)   Post Evacuate Collection Set: 0.8ms
[2024-08-28T01:14:18.258+0000][info][gc,phases      ] GC(929)   Other: 0.3ms
[2024-08-28T01:14:18.258+0000][info][gc,heap        ] GC(929) Eden regions: 15->0(44)
[2024-08-28T01:14:18.258+0000][info][gc,heap        ] GC(929) Survivor regions: 7->7(7)
[2024-08-28T01:14:18.258+0000][info][gc,heap        ] GC(929) Old regions: 971->1003
[2024-08-28T01:14:18.258+0000][info][gc,heap        ] GC(929) Archive regions: 2->2
[2024-08-28T01:14:18.258+0000][info][gc,heap        ] GC(929) Humongous regions: 5->5
[2024-08-28T01:14:18.258+0000][info][gc,metaspace   ] GC(929) Metaspace: 100K(320K)->100K(320K) NonClass: 96K(192K)->96K(192K) Class: 4K(128K)->4K(128K)
[2024-08-28T01:14:18.258+0000][info][gc             ] GC(929) Pause Young (Normal) (G1 Preventive Collection) 989M->1007M(1024M) 10.155ms
[2024-08-28T01:14:18.258+0000][info][gc,cpu         ] GC(929) User=0.21s Sys=0.00s Real=0.02s
[2024-08-28T01:14:18.259+0000][info][gc,start       ] GC(930) Pause Young (Normal) (G1 Preventive Collection)
[2024-08-28T01:14:18.259+0000][info][gc,task        ] GC(930) Using 24 workers of 68 for evacuation
[2024-08-28T01:14:18.266+0000][info][gc             ] GC(930) To-space exhausted
[2024-08-28T01:14:18.266+0000][info][gc,phases      ] GC(930)   Pre Evacuate Collection Set: 0.2ms
[2024-08-28T01:14:18.266+0000][info][gc,phases      ] GC(930)   Merge Heap Roots: 0.4ms
[2024-08-28T01:14:18.266+0000][info][gc,phases      ] GC(930)   Evacuate Collection Set: 5.7ms
[2024-08-28T01:14:18.266+0000][info][gc,phases      ] GC(930)   Post Evacuate Collection Set: 0.8ms
[2024-08-28T01:14:18.266+0000][info][gc,phases      ] GC(930)   Other: 0.3ms
[2024-08-28T01:14:18.266+0000][info][gc,heap        ] GC(930) Eden regions: 1->0(50)
[2024-08-28T01:14:18.266+0000][info][gc,heap        ] GC(930) Survivor regions: 7->1(6)
[2024-08-28T01:14:18.266+0000][info][gc,heap        ] GC(930) Old regions: 1003->1016
[2024-08-28T01:14:18.266+0000][info][gc,heap        ] GC(930) Archive regions: 2->2
[2024-08-28T01:14:18.266+0000][info][gc,heap        ] GC(930) Humongous regions: 5->5
[2024-08-28T01:14:18.266+0000][info][gc,metaspace   ] GC(930) Metaspace: 100K(320K)->100K(320K) NonClass: 96K(192K)->96K(192K) Class: 4K(128K)->4K(128K)
[2024-08-28T01:14:18.266+0000][info][gc             ] GC(930) Pause Young (Normal) (G1 Preventive Collection) 1008M->1014M(1024M) 7.472ms
[2024-08-28T01:14:18.266+0000][info][gc,cpu         ] GC(930) User=0.15s Sys=0.00s Real=0.00s
[2024-08-28T01:14:18.266+0000][info][gc,ergo        ] Attempting full compaction
[2024-08-28T01:14:18.266+0000][info][gc,task        ] GC(931) Using 24 workers of 68 for full compaction
[2024-08-28T01:14:18.267+0000][info][gc,start       ] GC(931) Pause Full (G1 Compaction Pause)
[2024-08-28T01:14:18.268+0000][info][gc,phases,start] GC(931) Phase 1: Mark live objects
[2024-08-28T01:14:18.281+0000][info][gc,phases      ] GC(931) Phase 1: Mark live objects 13.592ms
[2024-08-28T01:14:18.281+0000][info][gc,phases,start] GC(931) Phase 2: Prepare for compaction
[2024-08-28T01:14:18.289+0000][info][gc,phases      ] GC(931) Phase 2: Prepare for compaction 7.585ms
[2024-08-28T01:14:18.289+0000][info][gc,phases,start] GC(931) Phase 3: Adjust pointers
[2024-08-28T01:14:18.302+0000][info][gc,phases      ] GC(931) Phase 3: Adjust pointers 13.076ms
[2024-08-28T01:14:18.302+0000][info][gc,phases,start] GC(931) Phase 4: Compact heap
[2024-08-28T01:14:18.329+0000][info][gc,phases      ] GC(931) Phase 4: Compact heap 27.188ms
[2024-08-28T01:14:18.331+0000][info][gc,heap        ] GC(931) Eden regions: 0->0(150)
[2024-08-28T01:14:18.331+0000][info][gc,heap        ] GC(931) Survivor regions: 1->0(6)
[2024-08-28T01:14:18.331+0000][info][gc,heap        ] GC(931) Old regions: 1016->442
[2024-08-28T01:14:18.331+0000][info][gc,heap        ] GC(931) Archive regions: 2->2
[2024-08-28T01:14:18.331+0000][info][gc,heap        ] GC(931) Humongous regions: 5->5
[2024-08-28T01:14:18.331+0000][info][gc,metaspace   ] GC(931) Metaspace: 100K(320K)->100K(320K) NonClass: 96K(192K)->96K(192K) Class: 4K(128K)->4K(128K)
[2024-08-28T01:14:18.331+0000][info][gc             ] GC(931) Pause Full (G1 Compaction Pause) 1014M->437M(1024M) 64.064ms
[2024-08-28T01:14:18.331+0000][info][gc,cpu         ] GC(931) User=1.38s Sys=0.00s Real=0.07s
[2024-08-28T01:14:18.331+0000][info][gc,marking     ] GC(926) Concurrent Rebuild Remembered Sets 132.961ms
[2024-08-28T01:14:18.331+0000][info][gc,marking     ] GC(926) Concurrent Mark Abort
[2024-08-28T01:14:18.331+0000][info][gc             ] GC(926) Concurrent Mark Cycle 161.171ms
[2024-08-28T01:14:18.404+0000][info][gc,start       ] GC(932) Pause Young (Normal) (G1 Evacuation Pause)
[2024-08-28T01:14:18.404+0000][info][gc,task        ] GC(932) Using 24 workers of 68 for evacuation
[2024-08-28T01:14:18.426+0000][info][gc,phases      ] GC(932)   Pre Evacuate Collection Set: 0.2ms
[2024-08-28T01:14:18.426+0000][info][gc,phases      ] GC(932)   Merge Heap Roots: 0.4ms
[2024-08-28T01:14:18.426+0000][info][gc,phases      ] GC(932)   Evacuate Collection Set: 20.1ms
[2024-08-28T01:14:18.426+0000][info][gc,phases      ] GC(932)   Post Evacuate Collection Set: 0.5ms
[2024-08-28T01:14:18.426+0000][info][gc,phases      ] GC(932)   Other: 0.4ms
[2024-08-28T01:14:18.426+0000][info][gc,heap        ] GC(932) Eden regions: 150->0(103)
[2024-08-28T01:14:18.426+0000][info][gc,heap        ] GC(932) Survivor regions: 0->19(19)
[2024-08-28T01:14:18.426+0000][info][gc,heap        ] GC(932) Old regions: 442->569
[2024-08-28T01:14:18.426+0000][info][gc,heap        ] GC(932) Archive regions: 2->2
[2024-08-28T01:14:18.426+0000][info][gc,heap        ] GC(932) Humongous regions: 5->5
[2024-08-28T01:14:18.426+0000][info][gc,metaspace   ] GC(932) Metaspace: 100K(320K)->100K(320K) NonClass: 96K(192K)->96K(192K) Class: 4K(128K)->4K(128K)
[2024-08-28T01:14:18.426+0000][info][gc             ] GC(932) Pause Young (Normal) (G1 Evacuation Pause) 587M->582M(1024M) 21.637ms
[2024-08-28T01:14:18.426+0000][info][gc,cpu         ] GC(932) User=0.49s Sys=0.00s Real=0.02s
[2024-08-28T01:14:18.473+0000][info][gc,start       ] GC(933) Pause Young (Concurrent Start) (G1 Evacuation Pause)
[2024-08-28T01:14:18.473+0000][info][gc,task        ] GC(933) Using 24 workers of 68 for evacuation
[2024-08-28T01:14:18.493+0000][info][gc,phases      ] GC(933)   Pre Evacuate Collection Set: 0.2ms
[2024-08-28T01:14:18.493+0000][info][gc,phases      ] GC(933)   Merge Heap Roots: 0.3ms
[2024-08-28T01:14:18.493+0000][info][gc,phases      ] GC(933)   Evacuate Collection Set: 17.5ms
[2024-08-28T01:14:18.493+0000][info][gc,phases      ] GC(933)   Post Evacuate Collection Set: 0.4ms
[2024-08-28T01:14:18.493+0000][info][gc,phases      ] GC(933)   Other: 1.1ms
[2024-08-28T01:14:18.493+0000][info][gc,heap        ] GC(933) Eden regions: 103->0(70)
[2024-08-28T01:14:18.493+0000][info][gc,heap        ] GC(933) Survivor regions: 19->16(16)
[2024-08-28T01:14:18.493+0000][info][gc,heap        ] GC(933) Old regions: 569->676
[2024-08-28T01:14:18.493+0000][info][gc,heap        ] GC(933) Archive regions: 2->2
[2024-08-28T01:14:18.493+0000][info][gc,heap        ] GC(933) Humongous regions: 5->5
[2024-08-28T01:14:18.493+0000][info][gc,metaspace   ] GC(933) Metaspace: 100K(320K)->100K(320K) NonClass: 96K(192K)->96K(192K) Class: 4K(128K)->4K(128K)
[2024-08-28T01:14:18.493+0000][info][gc             ] GC(933) Pause Young (Concurrent Start) (G1 Evacuation Pause) 685M->686M(1024M) 19.737ms
[2024-08-28T01:14:18.493+0000][info][gc,cpu         ] GC(933) User=0.43s Sys=0.00s Real=0.02s
[2024-08-28T01:14:18.493+0000][info][gc             ] GC(934) Concurrent Mark Cycle
[2024-08-28T01:14:18.493+0000][info][gc,marking     ] GC(934) Concurrent Clear Claimed Marks
[2024-08-28T01:14:18.493+0000][info][gc,marking     ] GC(934) Concurrent Clear Claimed Marks 0.011ms
[2024-08-28T01:14:18.493+0000][info][gc,marking     ] GC(934) Concurrent Scan Root Regions
[2024-08-28T01:14:18.497+0000][info][gc,marking     ] GC(934) Concurrent Scan Root Regions 3.373ms
[2024-08-28T01:14:18.497+0000][info][gc,marking     ] GC(934) Concurrent Mark
[2024-08-28T01:14:18.497+0000][info][gc,marking     ] GC(934) Concurrent Mark From Roots
[2024-08-28T01:14:18.497+0000][info][gc,task        ] GC(934) Using 17 workers of 17 for marking
[2024-08-28T01:14:18.517+0000][info][gc,marking     ] GC(934) Concurrent Mark From Roots 19.902ms
[2024-08-28T01:14:18.517+0000][info][gc,marking     ] GC(934) Concurrent Preclean
[2024-08-28T01:14:18.519+0000][info][gc,marking     ] GC(934) Concurrent Preclean 2.268ms
[2024-08-28T01:14:18.519+0000][info][gc,start       ] GC(934) Pause Remark
[2024-08-28T01:14:18.521+0000][info][gc             ] GC(934) Pause Remark 726M->726M(1024M) 1.592ms
[2024-08-28T01:14:18.521+0000][info][gc,cpu         ] GC(934) User=0.00s Sys=0.00s Real=0.00s
[2024-08-28T01:14:18.521+0000][info][gc,marking     ] GC(934) Concurrent Mark 24.356ms
[2024-08-28T01:14:18.521+0000][info][gc,marking     ] GC(934) Concurrent Rebuild Remembered Sets
[2024-08-28T01:14:18.536+0000][info][gc,start       ] GC(935) Pause Young (Normal) (G1 Evacuation Pause)
[2024-08-28T01:14:18.536+0000][info][gc,task        ] GC(935) Using 24 workers of 68 for evacuation
[2024-08-28T01:14:18.552+0000][info][gc,phases      ] GC(935)   Pre Evacuate Collection Set: 0.2ms
[2024-08-28T01:14:18.552+0000][info][gc,phases      ] GC(935)   Merge Heap Roots: 0.4ms
[2024-08-28T01:14:18.552+0000][info][gc,phases      ] GC(935)   Evacuate Collection Set: 14.4ms
[2024-08-28T01:14:18.552+0000][info][gc,phases      ] GC(935)   Post Evacuate Collection Set: 0.6ms
[2024-08-28T01:14:18.552+0000][info][gc,phases      ] GC(935)   Other: 0.3ms
[2024-08-28T01:14:18.552+0000][info][gc,heap        ] GC(935) Eden regions: 70->0(46)
[2024-08-28T01:14:18.552+0000][info][gc,heap        ] GC(935) Survivor regions: 16->11(11)
[2024-08-28T01:14:18.552+0000][info][gc,heap        ] GC(935) Old regions: 676->754
[2024-08-28T01:14:18.552+0000][info][gc,heap        ] GC(935) Archive regions: 2->2
[2024-08-28T01:14:18.552+0000][info][gc,heap        ] GC(935) Humongous regions: 5->5
[2024-08-28T01:14:18.552+0000][info][gc,metaspace   ] GC(935) Metaspace: 100K(320K)->100K(320K) NonClass: 96K(192K)->96K(192K) Class: 4K(128K)->4K(128K)
[2024-08-28T01:14:18.552+0000][info][gc             ] GC(935) Pause Young (Normal) (G1 Evacuation Pause) 756M->760M(1024M) 16.176ms
[2024-08-28T01:14:18.552+0000][info][gc,cpu         ] GC(935) User=0.36s Sys=0.00s Real=0.02s
[2024-08-28T01:14:18.575+0000][info][gc,start       ] GC(936) Pause Young (Normal) (G1 Evacuation Pause)
[2024-08-28T01:14:18.575+0000][info][gc,task        ] GC(936) Using 24 workers of 68 for evacuation
[2024-08-28T01:14:18.594+0000][info][gc,phases      ] GC(936)   Pre Evacuate Collection Set: 0.1ms
[2024-08-28T01:14:18.594+0000][info][gc,phases      ] GC(936)   Merge Heap Roots: 0.4ms
[2024-08-28T01:14:18.594+0000][info][gc,phases      ] GC(936)   Evacuate Collection Set: 17.4ms
[2024-08-28T01:14:18.594+0000][info][gc,phases      ] GC(936)   Post Evacuate Collection Set: 0.7ms
[2024-08-28T01:14:18.594+0000][info][gc,phases      ] GC(936)   Other: 0.2ms
[2024-08-28T01:14:18.594+0000][info][gc,heap        ] GC(936) Eden regions: 46->0(43)
[2024-08-28T01:14:18.594+0000][info][gc,heap        ] GC(936) Survivor regions: 11->8(8)
[2024-08-28T01:14:18.594+0000][info][gc,heap        ] GC(936) Old regions: 754->809
[2024-08-28T01:14:18.594+0000][info][gc,heap        ] GC(936) Archive regions: 2->2
[2024-08-28T01:14:18.594+0000][info][gc,heap        ] GC(936) Humongous regions: 5->5
[2024-08-28T01:14:18.594+0000][info][gc,metaspace   ] GC(936) Metaspace: 100K(320K)->100K(320K) NonClass: 96K(192K)->96K(192K) Class: 4K(128K)->4K(128K)
[2024-08-28T01:14:18.594+0000][info][gc             ] GC(936) Pause Young (Normal) (G1 Evacuation Pause) 806M->811M(1024M) 19.013ms
[2024-08-28T01:14:18.594+0000][info][gc,cpu         ] GC(936) User=0.43s Sys=0.01s Real=0.02s
[2024-08-28T01:14:18.607+0000][info][gc,marking     ] GC(934) Concurrent Rebuild Remembered Sets 86.392ms
[2024-08-28T01:14:18.608+0000][info][gc,start       ] GC(934) Pause Cleanup
[2024-08-28T01:14:18.610+0000][info][gc             ] GC(934) Pause Cleanup 839M->839M(1024M) 2.080ms
[2024-08-28T01:14:18.610+0000][info][gc,cpu         ] GC(934) User=0.00s Sys=0.00s Real=0.01s
[2024-08-28T01:14:18.610+0000][info][gc,marking     ] GC(934) Concurrent Cleanup for Next Mark
[2024-08-28T01:14:18.611+0000][info][gc,marking     ] GC(934) Concurrent Cleanup for Next Mark 0.784ms
[2024-08-28T01:14:18.611+0000][info][gc             ] GC(934) Concurrent Mark Cycle 117.660ms
[2024-08-28T01:14:18.619+0000][info][gc,start       ] GC(937) Pause Young (Prepare Mixed) (G1 Evacuation Pause)
[2024-08-28T01:14:18.619+0000][info][gc,task        ] GC(937) Using 24 workers of 68 for evacuation
[2024-08-28T01:14:18.641+0000][info][gc,phases      ] GC(937)   Pre Evacuate Collection Set: 0.2ms
[2024-08-28T01:14:18.641+0000][info][gc,phases      ] GC(937)   Merge Heap Roots: 0.6ms
[2024-08-28T01:14:18.641+0000][info][gc,phases      ] GC(937)   Evacuate Collection Set: 20.7ms
[2024-08-28T01:14:18.641+0000][info][gc,phases      ] GC(937)   Post Evacuate Collection Set: 0.5ms
[2024-08-28T01:14:18.641+0000][info][gc,phases      ] GC(937)   Other: 0.3ms
[2024-08-28T01:14:18.641+0000][info][gc,heap        ] GC(937) Eden regions: 43->0(44)
[2024-08-28T01:14:18.641+0000][info][gc,heap        ] GC(937) Survivor regions: 8->7(7)
[2024-08-28T01:14:18.641+0000][info][gc,heap        ] GC(937) Old regions: 809->857
[2024-08-28T01:14:18.641+0000][info][gc,heap        ] GC(937) Archive regions: 2->2
[2024-08-28T01:14:18.641+0000][info][gc,heap        ] GC(937) Humongous regions: 5->5
[2024-08-28T01:14:18.641+0000][info][gc,metaspace   ] GC(937) Metaspace: 100K(320K)->100K(320K) NonClass: 96K(192K)->96K(192K) Class: 4K(128K)->4K(128K)
[2024-08-28T01:14:18.641+0000][info][gc             ] GC(937) Pause Young (Prepare Mixed) (G1 Evacuation Pause) 854M->859M(1024M) 22.471ms
[2024-08-28T01:14:18.641+0000][info][gc,cpu         ] GC(937) User=0.39s Sys=0.01s Real=0.02s
[2024-08-28T01:14:18.680+0000][info][gc,start       ] GC(938) Pause Young (Mixed) (G1 Evacuation Pause)
[2024-08-28T01:14:18.680+0000][info][gc,task        ] GC(938) Using 24 workers of 68 for evacuation
[2024-08-28T01:14:18.697+0000][info][gc,phases      ] GC(938)   Pre Evacuate Collection Set: 0.2ms
[2024-08-28T01:14:18.697+0000][info][gc,phases      ] GC(938)   Merge Heap Roots: 0.6ms
[2024-08-28T01:14:18.697+0000][info][gc,phases      ] GC(938)   Evacuate Collection Set: 15.2ms
[2024-08-28T01:14:18.697+0000][info][gc,phases      ] GC(938)   Post Evacuate Collection Set: 0.4ms
[2024-08-28T01:14:18.697+0000][info][gc,phases      ] GC(938)   Other: 0.3ms
[2024-08-28T01:14:18.697+0000][info][gc,heap        ] GC(938) Eden regions: 44->0(44)
[2024-08-28T01:14:18.697+0000][info][gc,heap        ] GC(938) Survivor regions: 7->7(7)
[2024-08-28T01:14:18.697+0000][info][gc,heap        ] GC(938) Old regions: 857->842
[2024-08-28T01:14:18.697+0000][info][gc,heap        ] GC(938) Archive regions: 2->2
[2024-08-28T01:14:18.697+0000][info][gc,heap        ] GC(938) Humongous regions: 5->5
[2024-08-28T01:14:18.697+0000][info][gc,metaspace   ] GC(938) Metaspace: 100K(320K)->100K(320K) NonClass: 96K(192K)->96K(192K) Class: 4K(128K)->4K(128K)
[2024-08-28T01:14:18.697+0000][info][gc             ] GC(938) Pause Young (Mixed) (G1 Evacuation Pause) 903M->844M(1024M) 16.959ms
[2024-08-28T01:14:18.697+0000][info][gc,cpu         ] GC(938) User=0.21s Sys=0.17s Real=0.01s
[2024-08-28T01:14:18.719+0000][info][gc,start       ] GC(939) Pause Young (Mixed) (G1 Evacuation Pause)
[2024-08-28T01:14:18.719+0000][info][gc,task        ] GC(939) Using 24 workers of 68 for evacuation
[2024-08-28T01:14:18.731+0000][info][gc,phases      ] GC(939)   Pre Evacuate Collection Set: 0.2ms
[2024-08-28T01:14:18.731+0000][info][gc,phases      ] GC(939)   Merge Heap Roots: 0.6ms
[2024-08-28T01:14:18.731+0000][info][gc,phases      ] GC(939)   Evacuate Collection Set: 10.5ms
[2024-08-28T01:14:18.731+0000][info][gc,phases      ] GC(939)   Post Evacuate Collection Set: 0.4ms
[2024-08-28T01:14:18.731+0000][info][gc,phases      ] GC(939)   Other: 0.4ms
[2024-08-28T01:14:18.731+0000][info][gc,heap        ] GC(939) Eden regions: 44->0(44)
[2024-08-28T01:14:18.731+0000][info][gc,heap        ] GC(939) Survivor regions: 7->7(7)
[2024-08-28T01:14:18.731+0000][info][gc,heap        ] GC(939) Old regions: 842->826
[2024-08-28T01:14:18.731+0000][info][gc,heap        ] GC(939) Archive regions: 2->2
[2024-08-28T01:14:18.732+0000][info][gc,heap        ] GC(939) Humongous regions: 5->5
[2024-08-28T01:14:18.732+0000][info][gc,metaspace   ] GC(939) Metaspace: 100K(320K)->100K(320K) NonClass: 96K(192K)->96K(192K) Class: 4K(128K)->4K(128K)
[2024-08-28T01:14:18.732+0000][info][gc             ] GC(939) Pause Young (Mixed) (G1 Evacuation Pause) 888M->829M(1024M) 12.187ms
[2024-08-28T01:14:18.732+0000][info][gc,cpu         ] GC(939) User=0.26s Sys=0.00s Real=0.01s
[2024-08-28T01:14:18.753+0000][info][gc,start       ] GC(940) Pause Young (Mixed) (G1 Evacuation Pause)
[2024-08-28T01:14:18.753+0000][info][gc,task        ] GC(940) Using 24 workers of 68 for evacuation
[2024-08-28T01:14:18.765+0000][info][gc,phases      ] GC(940)   Pre Evacuate Collection Set: 0.2ms
[2024-08-28T01:14:18.765+0000][info][gc,phases      ] GC(940)   Merge Heap Roots: 0.7ms
[2024-08-28T01:14:18.765+0000][info][gc,phases      ] GC(940)   Evacuate Collection Set: 10.5ms
[2024-08-28T01:14:18.765+0000][info][gc,phases      ] GC(940)   Post Evacuate Collection Set: 0.4ms
[2024-08-28T01:14:18.765+0000][info][gc,phases      ] GC(940)   Other: 0.4ms
[2024-08-28T01:14:18.765+0000][info][gc,heap        ] GC(940) Eden regions: 44->0(44)
[2024-08-28T01:14:18.765+0000][info][gc,heap        ] GC(940) Survivor regions: 7->7(7)
[2024-08-28T01:14:18.765+0000][info][gc,heap        ] GC(940) Old regions: 826->812
[2024-08-28T01:14:18.765+0000][info][gc,heap        ] GC(940) Archive regions: 2->2
[2024-08-28T01:14:18.765+0000][info][gc,heap        ] GC(940) Humongous regions: 5->5
[2024-08-28T01:14:18.765+0000][info][gc,metaspace   ] GC(940) Metaspace: 100K(320K)->100K(320K) NonClass: 96K(192K)->96K(192K) Class: 4K(128K)->4K(128K)
[2024-08-28T01:14:18.765+0000][info][gc             ] GC(940) Pause Young (Mixed) (G1 Evacuation Pause) 873M->816M(1024M) 12.271ms
[2024-08-28T01:14:18.765+0000][info][gc,cpu         ] GC(940) User=0.25s Sys=0.02s Real=0.01s
[2024-08-28T01:14:18.787+0000][info][gc,start       ] GC(941) Pause Young (Mixed) (G1 Evacuation Pause)
[2024-08-28T01:14:18.787+0000][info][gc,task        ] GC(941) Using 24 workers of 68 for evacuation
[2024-08-28T01:14:18.798+0000][info][gc,phases      ] GC(941)   Pre Evacuate Collection Set: 0.2ms
[2024-08-28T01:14:18.799+0000][info][gc,phases      ] GC(941)   Merge Heap Roots: 0.6ms
[2024-08-28T01:14:18.799+0000][info][gc,phases      ] GC(941)   Evacuate Collection Set: 10.2ms
[2024-08-28T01:14:18.799+0000][info][gc,phases      ] GC(941)   Post Evacuate Collection Set: 0.4ms
[2024-08-28T01:14:18.799+0000][info][gc,phases      ] GC(941)   Other: 0.3ms
[2024-08-28T01:14:18.799+0000][info][gc,heap        ] GC(941) Eden regions: 44->0(44)
[2024-08-28T01:14:18.799+0000][info][gc,heap        ] GC(941) Survivor regions: 7->7(7)
[2024-08-28T01:14:18.799+0000][info][gc,heap        ] GC(941) Old regions: 812->849
[2024-08-28T01:14:18.799+0000][info][gc,heap        ] GC(941) Archive regions: 2->2
[2024-08-28T01:14:18.799+0000][info][gc,heap        ] GC(941) Humongous regions: 5->5
[2024-08-28T01:14:18.799+0000][info][gc,metaspace   ] GC(941) Metaspace: 100K(320K)->100K(320K) NonClass: 96K(192K)->96K(192K) Class: 4K(128K)->4K(128K)
[2024-08-28T01:14:18.799+0000][info][gc             ] GC(941) Pause Young (Mixed) (G1 Evacuation Pause) 860M->854M(1024M) 11.804ms
[2024-08-28T01:14:18.799+0000][info][gc,cpu         ] GC(941) User=0.26s Sys=0.00s Real=0.02s
[2024-08-28T01:14:18.819+0000][info][gc,start       ] GC(942) Pause Young (Concurrent Start) (G1 Evacuation Pause)
[2024-08-28T01:14:18.819+0000][info][gc,task        ] GC(942) Using 24 workers of 68 for evacuation
[2024-08-28T01:14:18.831+0000][info][gc,phases      ] GC(942)   Pre Evacuate Collection Set: 0.2ms
[2024-08-28T01:14:18.831+0000][info][gc,phases      ] GC(942)   Merge Heap Roots: 0.7ms
[2024-08-28T01:14:18.831+0000][info][gc,phases      ] GC(942)   Evacuate Collection Set: 9.9ms
[2024-08-28T01:14:18.831+0000][info][gc,phases      ] GC(942)   Post Evacuate Collection Set: 0.4ms
[2024-08-28T01:14:18.831+0000][info][gc,phases      ] GC(942)   Other: 1.1ms
[2024-08-28T01:14:18.831+0000][info][gc,heap        ] GC(942) Eden regions: 44->0(44)
[2024-08-28T01:14:18.831+0000][info][gc,heap        ] GC(942) Survivor regions: 7->7(7)
[2024-08-28T01:14:18.831+0000][info][gc,heap        ] GC(942) Old regions: 849->895
[2024-08-28T01:14:18.831+0000][info][gc,heap        ] GC(942) Archive regions: 2->2
[2024-08-28T01:14:18.831+0000][info][gc,heap        ] GC(942) Humongous regions: 5->5
[2024-08-28T01:14:18.831+0000][info][gc,metaspace   ] GC(942) Metaspace: 100K(320K)->100K(320K) NonClass: 96K(192K)->96K(192K) Class: 4K(128K)->4K(128K)
[2024-08-28T01:14:18.831+0000][info][gc             ] GC(942) Pause Young (Concurrent Start) (G1 Evacuation Pause) 898M->900M(1024M) 12.300ms
[2024-08-28T01:14:18.832+0000][info][gc,cpu         ] GC(942) User=0.25s Sys=0.00s Real=0.01s
[2024-08-28T01:14:18.832+0000][info][gc             ] GC(943) Concurrent Mark Cycle
[2024-08-28T01:14:18.832+0000][info][gc,marking     ] GC(943) Concurrent Clear Claimed Marks
[2024-08-28T01:14:18.832+0000][info][gc,marking     ] GC(943) Concurrent Clear Claimed Marks 0.011ms
[2024-08-28T01:14:18.832+0000][info][gc,marking     ] GC(943) Concurrent Scan Root Regions
[2024-08-28T01:14:18.833+0000][info][gc,marking     ] GC(943) Concurrent Scan Root Regions 1.609ms
[2024-08-28T01:14:18.833+0000][info][gc,marking     ] GC(943) Concurrent Mark
[2024-08-28T01:14:18.833+0000][info][gc,marking     ] GC(943) Concurrent Mark From Roots
[2024-08-28T01:14:18.833+0000][info][gc,task        ] GC(943) Using 17 workers of 17 for marking
[2024-08-28T01:14:18.857+0000][info][gc,marking     ] GC(943) Concurrent Mark From Roots 23.626ms
[2024-08-28T01:14:18.857+0000][info][gc,marking     ] GC(943) Concurrent Preclean
[2024-08-28T01:14:18.858+0000][info][gc,marking     ] GC(943) Concurrent Preclean 0.747ms
[2024-08-28T01:14:18.858+0000][info][gc,start       ] GC(943) Pause Remark
[2024-08-28T01:14:18.860+0000][info][gc             ] GC(943) Pause Remark 940M->940M(1024M) 1.966ms
[2024-08-28T01:14:18.860+0000][info][gc,cpu         ] GC(943) User=0.00s Sys=0.00s Real=0.00s
[2024-08-28T01:14:18.860+0000][info][gc,marking     ] GC(943) Concurrent Mark 26.903ms
[2024-08-28T01:14:18.860+0000][info][gc,marking     ] GC(943) Concurrent Rebuild Remembered Sets
[2024-08-28T01:14:18.863+0000][info][gc,start       ] GC(944) Pause Young (Normal) (G1 Evacuation Pause)
[2024-08-28T01:14:18.863+0000][info][gc,task        ] GC(944) Using 24 workers of 68 for evacuation
[2024-08-28T01:14:18.874+0000][info][gc,phases      ] GC(944)   Pre Evacuate Collection Set: 0.2ms
[2024-08-28T01:14:18.874+0000][info][gc,phases      ] GC(944)   Merge Heap Roots: 0.4ms
[2024-08-28T01:14:18.874+0000][info][gc,phases      ] GC(944)   Evacuate Collection Set: 9.9ms
[2024-08-28T01:14:18.874+0000][info][gc,phases      ] GC(944)   Post Evacuate Collection Set: 0.5ms
[2024-08-28T01:14:18.874+0000][info][gc,phases      ] GC(944)   Other: 0.3ms
[2024-08-28T01:14:18.874+0000][info][gc,heap        ] GC(944) Eden regions: 44->0(44)
[2024-08-28T01:14:18.874+0000][info][gc,heap        ] GC(944) Survivor regions: 7->7(7)
[2024-08-28T01:14:18.874+0000][info][gc,heap        ] GC(944) Old regions: 895->942
[2024-08-28T01:14:18.874+0000][info][gc,heap        ] GC(944) Archive regions: 2->2
[2024-08-28T01:14:18.874+0000][info][gc,heap        ] GC(944) Humongous regions: 5->5
[2024-08-28T01:14:18.874+0000][info][gc,metaspace   ] GC(944) Metaspace: 100K(320K)->100K(320K) NonClass: 96K(192K)->96K(192K) Class: 4K(128K)->4K(128K)
[2024-08-28T01:14:18.874+0000][info][gc             ] GC(944) Pause Young (Normal) (G1 Evacuation Pause) 944M->947M(1024M) 11.401ms
[2024-08-28T01:14:18.874+0000][info][gc,cpu         ] GC(944) User=0.20s Sys=0.05s Real=0.01s
[2024-08-28T01:14:18.890+0000][info][gc,start       ] GC(945) Pause Young (Normal) (G1 Preventive Collection)
[2024-08-28T01:14:18.890+0000][info][gc,task        ] GC(945) Using 24 workers of 68 for evacuation
[2024-08-28T01:14:18.903+0000][info][gc,phases      ] GC(945)   Pre Evacuate Collection Set: 0.2ms
[2024-08-28T01:14:18.903+0000][info][gc,phases      ] GC(945)   Merge Heap Roots: 0.8ms
[2024-08-28T01:14:18.903+0000][info][gc,phases      ] GC(945)   Evacuate Collection Set: 12.0ms
[2024-08-28T01:14:18.903+0000][info][gc,phases      ] GC(945)   Post Evacuate Collection Set: 0.6ms
[2024-08-28T01:14:18.904+0000][info][gc,phases      ] GC(945)   Other: 0.3ms
[2024-08-28T01:14:18.904+0000][info][gc,heap        ] GC(945) Eden regions: 29->0(44)
[2024-08-28T01:14:18.904+0000][info][gc,heap        ] GC(945) Survivor regions: 7->7(7)
[2024-08-28T01:14:18.904+0000][info][gc,heap        ] GC(945) Old regions: 942->973
[2024-08-28T01:14:18.904+0000][info][gc,heap        ] GC(945) Archive regions: 2->2
[2024-08-28T01:14:18.904+0000][info][gc,heap        ] GC(945) Humongous regions: 5->5
[2024-08-28T01:14:18.904+0000][info][gc,metaspace   ] GC(945) Metaspace: 100K(320K)->100K(320K) NonClass: 96K(192K)->96K(192K) Class: 4K(128K)->4K(128K)
[2024-08-28T01:14:18.904+0000][info][gc             ] GC(945) Pause Young (Normal) (G1 Preventive Collection) 976M->978M(1024M) 14.069ms
[2024-08-28T01:14:18.904+0000][info][gc,cpu         ] GC(945) User=0.28s Sys=0.03s Real=0.01s
[2024-08-28T01:14:18.912+0000][info][gc,start       ] GC(946) Pause Young (Normal) (G1 Preventive Collection)
[2024-08-28T01:14:18.912+0000][info][gc,task        ] GC(946) Using 24 workers of 68 for evacuation
[2024-08-28T01:14:18.924+0000][info][gc             ] GC(946) To-space exhausted
[2024-08-28T01:14:18.924+0000][info][gc,phases      ] GC(946)   Pre Evacuate Collection Set: 0.2ms
[2024-08-28T01:14:18.924+0000][info][gc,phases      ] GC(946)   Merge Heap Roots: 0.6ms
[2024-08-28T01:14:18.924+0000][info][gc,phases      ] GC(946)   Evacuate Collection Set: 10.2ms
[2024-08-28T01:14:18.924+0000][info][gc,phases      ] GC(946)   Post Evacuate Collection Set: 1.1ms
[2024-08-28T01:14:18.924+0000][info][gc,phases      ] GC(946)   Other: 0.4ms
[2024-08-28T01:14:18.924+0000][info][gc,heap        ] GC(946) Eden regions: 14->0(44)
[2024-08-28T01:14:18.924+0000][info][gc,heap        ] GC(946) Survivor regions: 7->7(7)
[2024-08-28T01:14:18.924+0000][info][gc,heap        ] GC(946) Old regions: 973->1008
[2024-08-28T01:14:18.924+0000][info][gc,heap        ] GC(946) Archive regions: 2->2
[2024-08-28T01:14:18.924+0000][info][gc,heap        ] GC(946) Humongous regions: 5->5
[2024-08-28T01:14:18.924+0000][info][gc,metaspace   ] GC(946) Metaspace: 100K(320K)->100K(320K) NonClass: 96K(192K)->96K(192K) Class: 4K(128K)->4K(128K)
[2024-08-28T01:14:18.924+0000][info][gc             ] GC(946) Pause Young (Normal) (G1 Preventive Collection) 992M->1013M(1024M) 12.564ms
[2024-08-28T01:14:18.924+0000][info][gc,cpu         ] GC(946) User=0.28s Sys=0.00s Real=0.01s
[2024-08-28T01:14:18.926+0000][info][gc,start       ] GC(947) Pause Young (Normal) (G1 Preventive Collection)
[2024-08-28T01:14:18.926+0000][info][gc,task        ] GC(947) Using 24 workers of 68 for evacuation
[2024-08-28T01:14:18.933+0000][info][gc             ] GC(947) To-space exhausted
[2024-08-28T01:14:18.933+0000][info][gc,phases      ] GC(947)   Pre Evacuate Collection Set: 0.2ms
[2024-08-28T01:14:18.933+0000][info][gc,phases      ] GC(947)   Merge Heap Roots: 0.4ms
[2024-08-28T01:14:18.933+0000][info][gc,phases      ] GC(947)   Evacuate Collection Set: 6.1ms
[2024-08-28T01:14:18.933+0000][info][gc,phases      ] GC(947)   Post Evacuate Collection Set: 1.1ms
[2024-08-28T01:14:18.933+0000][info][gc,phases      ] GC(947)   Other: 0.3ms
[2024-08-28T01:14:18.934+0000][info][gc,heap        ] GC(947) Eden regions: 1->0(51)
[2024-08-28T01:14:18.934+0000][info][gc,heap        ] GC(947) Survivor regions: 7->0(1)
[2024-08-28T01:14:18.934+0000][info][gc,heap        ] GC(947) Old regions: 1008->1017
[2024-08-28T01:14:18.934+0000][info][gc,heap        ] GC(947) Archive regions: 2->2
[2024-08-28T01:14:18.934+0000][info][gc,heap        ] GC(947) Humongous regions: 5->5
[2024-08-28T01:14:18.934+0000][info][gc,metaspace   ] GC(947) Metaspace: 100K(320K)->100K(320K) NonClass: 96K(192K)->96K(192K) Class: 4K(128K)->4K(128K)
[2024-08-28T01:14:18.934+0000][info][gc             ] GC(947) Pause Young (Normal) (G1 Preventive Collection) 1014M->1015M(1024M) 8.082ms
[2024-08-28T01:14:18.934+0000][info][gc,cpu         ] GC(947) User=0.15s Sys=0.00s Real=0.01s
[2024-08-28T01:14:18.934+0000][info][gc,ergo        ] Attempting full compaction
[2024-08-28T01:14:18.934+0000][info][gc,task        ] GC(948) Using 24 workers of 68 for full compaction
[2024-08-28T01:14:18.934+0000][info][gc,start       ] GC(948) Pause Full (G1 Compaction Pause)
[2024-08-28T01:14:18.935+0000][info][gc,phases,start] GC(948) Phase 1: Mark live objects
[2024-08-28T01:14:18.950+0000][info][gc,phases      ] GC(948) Phase 1: Mark live objects 15.144ms
[2024-08-28T01:14:18.950+0000][info][gc,phases,start] GC(948) Phase 2: Prepare for compaction
[2024-08-28T01:14:18.959+0000][info][gc,phases      ] GC(948) Phase 2: Prepare for compaction 9.316ms
[2024-08-28T01:14:18.959+0000][info][gc,phases,start] GC(948) Phase 3: Adjust pointers
[2024-08-28T01:14:18.976+0000][info][gc,phases      ] GC(948) Phase 3: Adjust pointers 16.506ms
[2024-08-28T01:14:18.976+0000][info][gc,phases,start] GC(948) Phase 4: Compact heap
[2024-08-28T01:14:19.007+0000][info][gc,phases      ] GC(948) Phase 4: Compact heap 30.446ms
[2024-08-28T01:14:19.008+0000][info][gc,heap        ] GC(948) Eden regions: 0->0(150)
[2024-08-28T01:14:19.008+0000][info][gc,heap        ] GC(948) Survivor regions: 0->0(1)
[2024-08-28T01:14:19.008+0000][info][gc,heap        ] GC(948) Old regions: 1017->443
[2024-08-28T01:14:19.008+0000][info][gc,heap        ] GC(948) Archive regions: 2->2
[2024-08-28T01:14:19.008+0000][info][gc,heap        ] GC(948) Humongous regions: 5->5
[2024-08-28T01:14:19.008+0000][info][gc,metaspace   ] GC(948) Metaspace: 100K(320K)->100K(320K) NonClass: 96K(192K)->96K(192K) Class: 4K(128K)->4K(128K)
[2024-08-28T01:14:19.009+0000][info][gc             ] GC(948) Pause Full (G1 Compaction Pause) 1015M->437M(1024M) 74.488ms
[2024-08-28T01:14:19.009+0000][info][gc,cpu         ] GC(948) User=1.55s Sys=0.03s Real=0.07s
[2024-08-28T01:14:19.009+0000][info][gc,marking     ] GC(943) Concurrent Rebuild Remembered Sets 148.749ms
[2024-08-28T01:14:19.009+0000][info][gc,marking     ] GC(943) Concurrent Mark Abort
[2024-08-28T01:14:19.009+0000][info][gc             ] GC(943) Concurrent Mark Cycle 177.505ms
[2024-08-28T01:14:19.089+0000][info][gc,start       ] GC(949) Pause Young (Normal) (G1 Evacuation Pause)
[2024-08-28T01:14:19.089+0000][info][gc,task        ] GC(949) Using 24 workers of 68 for evacuation
[2024-08-28T01:14:19.112+0000][info][gc,phases      ] GC(949)   Pre Evacuate Collection Set: 0.2ms
[2024-08-28T01:14:19.112+0000][info][gc,phases      ] GC(949)   Merge Heap Roots: 0.6ms
[2024-08-28T01:14:19.112+0000][info][gc,phases      ] GC(949)   Evacuate Collection Set: 21.9ms
[2024-08-28T01:14:19.112+0000][info][gc,phases      ] GC(949)   Post Evacuate Collection Set: 0.4ms
[2024-08-28T01:14:19.112+0000][info][gc,phases      ] GC(949)   Other: 0.4ms
[2024-08-28T01:14:19.112+0000][info][gc,heap        ] GC(949) Eden regions: 150->0(103)
[2024-08-28T01:14:19.112+0000][info][gc,heap        ] GC(949) Survivor regions: 0->19(19)
[2024-08-28T01:14:19.112+0000][info][gc,heap        ] GC(949) Old regions: 443->570
[2024-08-28T01:14:19.112+0000][info][gc,heap        ] GC(949) Archive regions: 2->2
[2024-08-28T01:14:19.112+0000][info][gc,heap        ] GC(949) Humongous regions: 5->5
[2024-08-28T01:14:19.112+0000][info][gc,metaspace   ] GC(949) Metaspace: 100K(320K)->100K(320K) NonClass: 96K(192K)->96K(192K) Class: 4K(128K)->4K(128K)
[2024-08-28T01:14:19.112+0000][info][gc             ] GC(949) Pause Young (Normal) (G1 Evacuation Pause) 587M->583M(1024M) 23.620ms
[2024-08-28T01:14:19.112+0000][info][gc,cpu         ] GC(949) User=0.53s Sys=0.00s Real=0.03s
[2024-08-28T01:14:19.161+0000][info][gc,start       ] GC(950) Pause Young (Concurrent Start) (G1 Evacuation Pause)
[2024-08-28T01:14:19.161+0000][info][gc,task        ] GC(950) Using 24 workers of 68 for evacuation
[2024-08-28T01:14:19.182+0000][info][gc,phases      ] GC(950)   Pre Evacuate Collection Set: 0.2ms
[2024-08-28T01:14:19.182+0000][info][gc,phases      ] GC(950)   Merge Heap Roots: 0.4ms
[2024-08-28T01:14:19.182+0000][info][gc,phases      ] GC(950)   Evacuate Collection Set: 18.7ms
[2024-08-28T01:14:19.182+0000][info][gc,phases      ] GC(950)   Post Evacuate Collection Set: 0.5ms
[2024-08-28T01:14:19.182+0000][info][gc,phases      ] GC(950)   Other: 1.1ms
[2024-08-28T01:14:19.182+0000][info][gc,heap        ] GC(950) Eden regions: 103->0(69)
[2024-08-28T01:14:19.182+0000][info][gc,heap        ] GC(950) Survivor regions: 19->16(16)
[2024-08-28T01:14:19.182+0000][info][gc,heap        ] GC(950) Old regions: 570->679
[2024-08-28T01:14:19.182+0000][info][gc,heap        ] GC(950) Archive regions: 2->2
[2024-08-28T01:14:19.182+0000][info][gc,heap        ] GC(950) Humongous regions: 5->5
[2024-08-28T01:14:19.182+0000][info][gc,metaspace   ] GC(950) Metaspace: 100K(320K)->100K(320K) NonClass: 96K(192K)->96K(192K) Class: 4K(128K)->4K(128K)
[2024-08-28T01:14:19.182+0000][info][gc             ] GC(950) Pause Young (Concurrent Start) (G1 Evacuation Pause) 686M->689M(1024M) 20.974ms
[2024-08-28T01:14:19.182+0000][info][gc,cpu         ] GC(950) User=0.45s Sys=0.00s Real=0.02s
[2024-08-28T01:14:19.182+0000][info][gc             ] GC(951) Concurrent Mark Cycle
[2024-08-28T01:14:19.182+0000][info][gc,marking     ] GC(951) Concurrent Clear Claimed Marks
[2024-08-28T01:14:19.182+0000][info][gc,marking     ] GC(951) Concurrent Clear Claimed Marks 0.011ms
[2024-08-28T01:14:19.182+0000][info][gc,marking     ] GC(951) Concurrent Scan Root Regions
[2024-08-28T01:14:19.186+0000][info][gc,marking     ] GC(951) Concurrent Scan Root Regions 3.399ms
[2024-08-28T01:14:19.186+0000][info][gc,marking     ] GC(951) Concurrent Mark
[2024-08-28T01:14:19.186+0000][info][gc,marking     ] GC(951) Concurrent Mark From Roots
[2024-08-28T01:14:19.186+0000][info][gc,task        ] GC(951) Using 17 workers of 17 for marking
[2024-08-28T01:14:19.207+0000][info][gc,marking     ] GC(951) Concurrent Mark From Roots 21.533ms
[2024-08-28T01:14:19.207+0000][info][gc,marking     ] GC(951) Concurrent Preclean
[2024-08-28T01:14:19.208+0000][info][gc,marking     ] GC(951) Concurrent Preclean 0.510ms
[2024-08-28T01:14:19.208+0000][info][gc,start       ] GC(951) Pause Remark
[2024-08-28T01:14:19.210+0000][info][gc             ] GC(951) Pause Remark 726M->726M(1024M) 1.930ms
[2024-08-28T01:14:19.210+0000][info][gc,cpu         ] GC(951) User=0.01s Sys=0.00s Real=0.01s
[2024-08-28T01:14:19.210+0000][info][gc,marking     ] GC(951) Concurrent Mark 24.490ms
[2024-08-28T01:14:19.210+0000][info][gc,marking     ] GC(951) Concurrent Rebuild Remembered Sets
[2024-08-28T01:14:19.227+0000][info][gc,start       ] GC(952) Pause Young (Normal) (G1 Evacuation Pause)
[2024-08-28T01:14:19.228+0000][info][gc,task        ] GC(952) Using 24 workers of 68 for evacuation
[2024-08-28T01:14:19.244+0000][info][gc,phases      ] GC(952)   Pre Evacuate Collection Set: 0.2ms
[2024-08-28T01:14:19.244+0000][info][gc,phases      ] GC(952)   Merge Heap Roots: 0.6ms
[2024-08-28T01:14:19.244+0000][info][gc,phases      ] GC(952)   Evacuate Collection Set: 14.6ms
[2024-08-28T01:14:19.244+0000][info][gc,phases      ] GC(952)   Post Evacuate Collection Set: 0.6ms
[2024-08-28T01:14:19.244+0000][info][gc,phases      ] GC(952)   Other: 0.5ms
[2024-08-28T01:14:19.244+0000][info][gc,heap        ] GC(952) Eden regions: 69->0(46)
[2024-08-28T01:14:19.244+0000][info][gc,heap        ] GC(952) Survivor regions: 16->11(11)
[2024-08-28T01:14:19.244+0000][info][gc,heap        ] GC(952) Old regions: 679->756
[2024-08-28T01:14:19.244+0000][info][gc,heap        ] GC(952) Archive regions: 2->2
[2024-08-28T01:14:19.244+0000][info][gc,heap        ] GC(952) Humongous regions: 5->5
[2024-08-28T01:14:19.244+0000][info][gc,metaspace   ] GC(952) Metaspace: 100K(320K)->100K(320K) NonClass: 96K(192K)->96K(192K) Class: 4K(128K)->4K(128K)
[2024-08-28T01:14:19.244+0000][info][gc             ] GC(952) Pause Young (Normal) (G1 Evacuation Pause) 758M->761M(1024M) 16.540ms
[2024-08-28T01:14:19.244+0000][info][gc,cpu         ] GC(952) User=0.37s Sys=0.01s Real=0.02s
[2024-08-28T01:14:19.266+0000][info][gc,start       ] GC(953) Pause Young (Normal) (G1 Evacuation Pause)
[2024-08-28T01:14:19.266+0000][info][gc,task        ] GC(953) Using 24 workers of 68 for evacuation
[2024-08-28T01:14:19.286+0000][info][gc,phases      ] GC(953)   Pre Evacuate Collection Set: 0.2ms
[2024-08-28T01:14:19.286+0000][info][gc,phases      ] GC(953)   Merge Heap Roots: 0.4ms
[2024-08-28T01:14:19.286+0000][info][gc,phases      ] GC(953)   Evacuate Collection Set: 18.6ms
[2024-08-28T01:14:19.286+0000][info][gc,phases      ] GC(953)   Post Evacuate Collection Set: 0.7ms
[2024-08-28T01:14:19.286+0000][info][gc,phases      ] GC(953)   Other: 0.3ms
[2024-08-28T01:14:19.286+0000][info][gc,heap        ] GC(953) Eden regions: 46->0(43)
[2024-08-28T01:14:19.286+0000][info][gc,heap        ] GC(953) Survivor regions: 11->8(8)
[2024-08-28T01:14:19.286+0000][info][gc,heap        ] GC(953) Old regions: 756->810
[2024-08-28T01:14:19.286+0000][info][gc,heap        ] GC(953) Archive regions: 2->2
[2024-08-28T01:14:19.286+0000][info][gc,heap        ] GC(953) Humongous regions: 5->5
[2024-08-28T01:14:19.286+0000][info][gc,metaspace   ] GC(953) Metaspace: 100K(320K)->100K(320K) NonClass: 96K(192K)->96K(192K) Class: 4K(128K)->4K(128K)
[2024-08-28T01:14:19.287+0000][info][gc             ] GC(953) Pause Young (Normal) (G1 Evacuation Pause) 807M->812M(1024M) 20.368ms
[2024-08-28T01:14:19.287+0000][info][gc,cpu         ] GC(953) User=0.45s Sys=0.01s Real=0.02s
[2024-08-28T01:14:19.298+0000][info][gc,marking     ] GC(951) Concurrent Rebuild Remembered Sets 88.161ms
[2024-08-28T01:14:19.299+0000][info][gc,start       ] GC(951) Pause Cleanup
[2024-08-28T01:14:19.302+0000][info][gc             ] GC(951) Pause Cleanup 836M->836M(1024M) 2.690ms
[2024-08-28T01:14:19.302+0000][info][gc,cpu         ] GC(951) User=0.01s Sys=0.00s Real=0.00s
[2024-08-28T01:14:19.302+0000][info][gc,marking     ] GC(951) Concurrent Cleanup for Next Mark
[2024-08-28T01:14:19.302+0000][info][gc,marking     ] GC(951) Concurrent Cleanup for Next Mark 0.764ms
[2024-08-28T01:14:19.302+0000][info][gc             ] GC(951) Concurrent Mark Cycle 120.164ms
[2024-08-28T01:14:19.312+0000][info][gc,start       ] GC(954) Pause Young (Prepare Mixed) (G1 Evacuation Pause)
[2024-08-28T01:14:19.312+0000][info][gc,task        ] GC(954) Using 24 workers of 68 for evacuation
[2024-08-28T01:14:19.331+0000][info][gc,phases      ] GC(954)   Pre Evacuate Collection Set: 0.2ms
[2024-08-28T01:14:19.331+0000][info][gc,phases      ] GC(954)   Merge Heap Roots: 1.0ms
[2024-08-28T01:14:19.331+0000][info][gc,phases      ] GC(954)   Evacuate Collection Set: 17.6ms
[2024-08-28T01:14:19.331+0000][info][gc,phases      ] GC(954)   Post Evacuate Collection Set: 0.4ms
[2024-08-28T01:14:19.332+0000][info][gc,phases      ] GC(954)   Other: 0.3ms
[2024-08-28T01:14:19.332+0000][info][gc,heap        ] GC(954) Eden regions: 43->0(44)
[2024-08-28T01:14:19.332+0000][info][gc,heap        ] GC(954) Survivor regions: 8->7(7)
[2024-08-28T01:14:19.332+0000][info][gc,heap        ] GC(954) Old regions: 810->858
[2024-08-28T01:14:19.332+0000][info][gc,heap        ] GC(954) Archive regions: 2->2
[2024-08-28T01:14:19.332+0000][info][gc,heap        ] GC(954) Humongous regions: 5->5
[2024-08-28T01:14:19.332+0000][info][gc,metaspace   ] GC(954) Metaspace: 100K(320K)->100K(320K) NonClass: 96K(192K)->96K(192K) Class: 4K(128K)->4K(128K)
[2024-08-28T01:14:19.332+0000][info][gc             ] GC(954) Pause Young (Prepare Mixed) (G1 Evacuation Pause) 855M->859M(1024M) 19.647ms
[2024-08-28T01:14:19.332+0000][info][gc,cpu         ] GC(954) User=0.44s Sys=0.00s Real=0.02s
[2024-08-28T01:14:19.353+0000][info][gc,start       ] GC(955) Pause Young (Mixed) (G1 Evacuation Pause)
[2024-08-28T01:14:19.353+0000][info][gc,task        ] GC(955) Using 24 workers of 68 for evacuation
[2024-08-28T01:14:19.365+0000][info][gc,phases      ] GC(955)   Pre Evacuate Collection Set: 0.3ms
[2024-08-28T01:14:19.365+0000][info][gc,phases      ] GC(955)   Merge Heap Roots: 0.6ms
[2024-08-28T01:14:19.365+0000][info][gc,phases      ] GC(955)   Evacuate Collection Set: 10.3ms
[2024-08-28T01:14:19.365+0000][info][gc,phases      ] GC(955)   Post Evacuate Collection Set: 0.4ms
[2024-08-28T01:14:19.365+0000][info][gc,phases      ] GC(955)   Other: 0.4ms
[2024-08-28T01:14:19.365+0000][info][gc,heap        ] GC(955) Eden regions: 44->0(44)
[2024-08-28T01:14:19.365+0000][info][gc,heap        ] GC(955) Survivor regions: 7->7(7)
[2024-08-28T01:14:19.365+0000][info][gc,heap        ] GC(955) Old regions: 858->844
[2024-08-28T01:14:19.365+0000][info][gc,heap        ] GC(955) Archive regions: 2->2
[2024-08-28T01:14:19.365+0000][info][gc,heap        ] GC(955) Humongous regions: 5->5
[2024-08-28T01:14:19.365+0000][info][gc,metaspace   ] GC(955) Metaspace: 100K(320K)->100K(320K) NonClass: 96K(192K)->96K(192K) Class: 4K(128K)->4K(128K)
[2024-08-28T01:14:19.365+0000][info][gc             ] GC(955) Pause Young (Mixed) (G1 Evacuation Pause) 903M->845M(1024M) 12.062ms
[2024-08-28T01:14:19.365+0000][info][gc,cpu         ] GC(955) User=0.26s Sys=0.01s Real=0.01s
[2024-08-28T01:14:19.386+0000][info][gc,start       ] GC(956) Pause Young (Mixed) (G1 Evacuation Pause)
[2024-08-28T01:14:19.386+0000][info][gc,task        ] GC(956) Using 24 workers of 68 for evacuation
[2024-08-28T01:14:19.398+0000][info][gc,phases      ] GC(956)   Pre Evacuate Collection Set: 0.2ms
[2024-08-28T01:14:19.398+0000][info][gc,phases      ] GC(956)   Merge Heap Roots: 0.7ms
[2024-08-28T01:14:19.398+0000][info][gc,phases      ] GC(956)   Evacuate Collection Set: 10.4ms
[2024-08-28T01:14:19.398+0000][info][gc,phases      ] GC(956)   Post Evacuate Collection Set: 0.4ms
[2024-08-28T01:14:19.398+0000][info][gc,phases      ] GC(956)   Other: 0.3ms
[2024-08-28T01:14:19.398+0000][info][gc,heap        ] GC(956) Eden regions: 44->0(44)
[2024-08-28T01:14:19.398+0000][info][gc,heap        ] GC(956) Survivor regions: 7->7(7)
[2024-08-28T01:14:19.398+0000][info][gc,heap        ] GC(956) Old regions: 844->828
[2024-08-28T01:14:19.398+0000][info][gc,heap        ] GC(956) Archive regions: 2->2
[2024-08-28T01:14:19.398+0000][info][gc,heap        ] GC(956) Humongous regions: 5->5
[2024-08-28T01:14:19.398+0000][info][gc,metaspace   ] GC(956) Metaspace: 100K(320K)->100K(320K) NonClass: 96K(192K)->96K(192K) Class: 4K(128K)->4K(128K)
[2024-08-28T01:14:19.398+0000][info][gc             ] GC(956) Pause Young (Mixed) (G1 Evacuation Pause) 889M->830M(1024M) 12.263ms
[2024-08-28T01:14:19.398+0000][info][gc,cpu         ] GC(956) User=0.26s Sys=0.00s Real=0.02s
[2024-08-28T01:14:19.419+0000][info][gc,start       ] GC(957) Pause Young (Mixed) (G1 Evacuation Pause)
[2024-08-28T01:14:19.419+0000][info][gc,task        ] GC(957) Using 24 workers of 68 for evacuation
[2024-08-28T01:14:19.432+0000][info][gc,phases      ] GC(957)   Pre Evacuate Collection Set: 0.3ms
[2024-08-28T01:14:19.433+0000][info][gc,phases      ] GC(957)   Merge Heap Roots: 0.7ms
[2024-08-28T01:14:19.433+0000][info][gc,phases      ] GC(957)   Evacuate Collection Set: 10.1ms
[2024-08-28T01:14:19.433+0000][info][gc,phases      ] GC(957)   Post Evacuate Collection Set: 0.4ms
[2024-08-28T01:14:19.433+0000][info][gc,phases      ] GC(957)   Other: 2.0ms
[2024-08-28T01:14:19.433+0000][info][gc,heap        ] GC(957) Eden regions: 44->0(44)
[2024-08-28T01:14:19.433+0000][info][gc,heap        ] GC(957) Survivor regions: 7->7(7)
[2024-08-28T01:14:19.433+0000][info][gc,heap        ] GC(957) Old regions: 828->813
[2024-08-28T01:14:19.433+0000][info][gc,heap        ] GC(957) Archive regions: 2->2
[2024-08-28T01:14:19.433+0000][info][gc,heap        ] GC(957) Humongous regions: 5->5
[2024-08-28T01:14:19.433+0000][info][gc,metaspace   ] GC(957) Metaspace: 100K(320K)->100K(320K) NonClass: 96K(192K)->96K(192K) Class: 4K(128K)->4K(128K)
[2024-08-28T01:14:19.433+0000][info][gc             ] GC(957) Pause Young (Mixed) (G1 Evacuation Pause) 874M->816M(1024M) 13.646ms
[2024-08-28T01:14:19.433+0000][info][gc,cpu         ] GC(957) User=0.25s Sys=0.00s Real=0.01s
[2024-08-28T01:14:19.454+0000][info][gc,start       ] GC(958) Pause Young (Mixed) (G1 Evacuation Pause)
[2024-08-28T01:14:19.454+0000][info][gc,task        ] GC(958) Using 24 workers of 68 for evacuation
[2024-08-28T01:14:19.465+0000][info][gc,phases      ] GC(958)   Pre Evacuate Collection Set: 0.3ms
[2024-08-28T01:14:19.465+0000][info][gc,phases      ] GC(958)   Merge Heap Roots: 0.6ms
[2024-08-28T01:14:19.465+0000][info][gc,phases      ] GC(958)   Evacuate Collection Set: 9.7ms
[2024-08-28T01:14:19.465+0000][info][gc,phases      ] GC(958)   Post Evacuate Collection Set: 0.4ms
[2024-08-28T01:14:19.465+0000][info][gc,phases      ] GC(958)   Other: 0.3ms
[2024-08-28T01:14:19.465+0000][info][gc,heap        ] GC(958) Eden regions: 44->0(44)
[2024-08-28T01:14:19.465+0000][info][gc,heap        ] GC(958) Survivor regions: 7->7(7)
[2024-08-28T01:14:19.465+0000][info][gc,heap        ] GC(958) Old regions: 813->850
[2024-08-28T01:14:19.465+0000][info][gc,heap        ] GC(958) Archive regions: 2->2
[2024-08-28T01:14:19.465+0000][info][gc,heap        ] GC(958) Humongous regions: 5->5
[2024-08-28T01:14:19.465+0000][info][gc,metaspace   ] GC(958) Metaspace: 100K(320K)->100K(320K) NonClass: 96K(192K)->96K(192K) Class: 4K(128K)->4K(128K)
[2024-08-28T01:14:19.465+0000][info][gc             ] GC(958) Pause Young (Mixed) (G1 Evacuation Pause) 860M->855M(1024M) 11.422ms
[2024-08-28T01:14:19.465+0000][info][gc,cpu         ] GC(958) User=0.24s Sys=0.01s Real=0.01s
[2024-08-28T01:14:19.487+0000][info][gc,start       ] GC(959) Pause Young (Concurrent Start) (G1 Evacuation Pause)
[2024-08-28T01:14:19.487+0000][info][gc,task        ] GC(959) Using 24 workers of 68 for evacuation
[2024-08-28T01:14:19.499+0000][info][gc,phases      ] GC(959)   Pre Evacuate Collection Set: 0.2ms
[2024-08-28T01:14:19.499+0000][info][gc,phases      ] GC(959)   Merge Heap Roots: 0.7ms
[2024-08-28T01:14:19.499+0000][info][gc,phases      ] GC(959)   Evacuate Collection Set: 10.1ms
[2024-08-28T01:14:19.499+0000][info][gc,phases      ] GC(959)   Post Evacuate Collection Set: 0.4ms
[2024-08-28T01:14:19.499+0000][info][gc,phases      ] GC(959)   Other: 1.1ms
[2024-08-28T01:14:19.499+0000][info][gc,heap        ] GC(959) Eden regions: 44->0(44)
[2024-08-28T01:14:19.499+0000][info][gc,heap        ] GC(959) Survivor regions: 7->7(7)
[2024-08-28T01:14:19.499+0000][info][gc,heap        ] GC(959) Old regions: 850->896
[2024-08-28T01:14:19.499+0000][info][gc,heap        ] GC(959) Archive regions: 2->2
[2024-08-28T01:14:19.499+0000][info][gc,heap        ] GC(959) Humongous regions: 5->5
[2024-08-28T01:14:19.499+0000][info][gc,metaspace   ] GC(959) Metaspace: 100K(320K)->100K(320K) NonClass: 96K(192K)->96K(192K) Class: 4K(128K)->4K(128K)
[2024-08-28T01:14:19.499+0000][info][gc             ] GC(959) Pause Young (Concurrent Start) (G1 Evacuation Pause) 899M->902M(1024M) 12.642ms
[2024-08-28T01:14:19.499+0000][info][gc,cpu         ] GC(959) User=0.26s Sys=0.00s Real=0.02s
[2024-08-28T01:14:19.499+0000][info][gc             ] GC(960) Concurrent Mark Cycle
[2024-08-28T01:14:19.499+0000][info][gc,marking     ] GC(960) Concurrent Clear Claimed Marks
[2024-08-28T01:14:19.500+0000][info][gc,marking     ] GC(960) Concurrent Clear Claimed Marks 0.015ms
[2024-08-28T01:14:19.500+0000][info][gc,marking     ] GC(960) Concurrent Scan Root Regions
[2024-08-28T01:14:19.501+0000][info][gc,marking     ] GC(960) Concurrent Scan Root Regions 1.655ms
[2024-08-28T01:14:19.501+0000][info][gc,marking     ] GC(960) Concurrent Mark
[2024-08-28T01:14:19.501+0000][info][gc,marking     ] GC(960) Concurrent Mark From Roots
[2024-08-28T01:14:19.501+0000][info][gc,task        ] GC(960) Using 17 workers of 17 for marking
[2024-08-28T01:14:19.524+0000][info][gc,marking     ] GC(960) Concurrent Mark From Roots 23.026ms
[2024-08-28T01:14:19.524+0000][info][gc,marking     ] GC(960) Concurrent Preclean
[2024-08-28T01:14:19.526+0000][info][gc,marking     ] GC(960) Concurrent Preclean 1.180ms
[2024-08-28T01:14:19.526+0000][info][gc,start       ] GC(960) Pause Remark
[2024-08-28T01:14:19.528+0000][info][gc             ] GC(960) Pause Remark 940M->940M(1024M) 1.870ms
[2024-08-28T01:14:19.528+0000][info][gc,cpu         ] GC(960) User=0.00s Sys=0.00s Real=0.00s
[2024-08-28T01:14:19.528+0000][info][gc,marking     ] GC(960) Concurrent Mark 26.750ms
[2024-08-28T01:14:19.528+0000][info][gc,marking     ] GC(960) Concurrent Rebuild Remembered Sets
[2024-08-28T01:14:19.532+0000][info][gc,start       ] GC(961) Pause Young (Normal) (G1 Evacuation Pause)
[2024-08-28T01:14:19.532+0000][info][gc,task        ] GC(961) Using 24 workers of 68 for evacuation
[2024-08-28T01:14:19.543+0000][info][gc,phases      ] GC(961)   Pre Evacuate Collection Set: 0.2ms
[2024-08-28T01:14:19.543+0000][info][gc,phases      ] GC(961)   Merge Heap Roots: 0.3ms
[2024-08-28T01:14:19.543+0000][info][gc,phases      ] GC(961)   Evacuate Collection Set: 9.7ms
[2024-08-28T01:14:19.543+0000][info][gc,phases      ] GC(961)   Post Evacuate Collection Set: 0.5ms
[2024-08-28T01:14:19.543+0000][info][gc,phases      ] GC(961)   Other: 0.3ms
[2024-08-28T01:14:19.543+0000][info][gc,heap        ] GC(961) Eden regions: 44->0(44)
[2024-08-28T01:14:19.543+0000][info][gc,heap        ] GC(961) Survivor regions: 7->7(7)
[2024-08-28T01:14:19.543+0000][info][gc,heap        ] GC(961) Old regions: 896->943
[2024-08-28T01:14:19.543+0000][info][gc,heap        ] GC(961) Archive regions: 2->2
[2024-08-28T01:14:19.543+0000][info][gc,heap        ] GC(961) Humongous regions: 5->5
[2024-08-28T01:14:19.543+0000][info][gc,metaspace   ] GC(961) Metaspace: 100K(320K)->100K(320K) NonClass: 96K(192K)->96K(192K) Class: 4K(128K)->4K(128K)
[2024-08-28T01:14:19.543+0000][info][gc             ] GC(961) Pause Young (Normal) (G1 Evacuation Pause) 946M->949M(1024M) 11.137ms
[2024-08-28T01:14:19.544+0000][info][gc,cpu         ] GC(961) User=0.24s Sys=0.00s Real=0.01s
[2024-08-28T01:14:19.559+0000][info][gc,start       ] GC(962) Pause Young (Normal) (G1 Preventive Collection)
[2024-08-28T01:14:19.559+0000][info][gc,task        ] GC(962) Using 24 workers of 68 for evacuation
[2024-08-28T01:14:19.571+0000][info][gc,phases      ] GC(962)   Pre Evacuate Collection Set: 0.2ms
[2024-08-28T01:14:19.572+0000][info][gc,phases      ] GC(962)   Merge Heap Roots: 0.8ms
[2024-08-28T01:14:19.572+0000][info][gc,phases      ] GC(962)   Evacuate Collection Set: 10.9ms
[2024-08-28T01:14:19.572+0000][info][gc,phases      ] GC(962)   Post Evacuate Collection Set: 0.6ms
[2024-08-28T01:14:19.572+0000][info][gc,phases      ] GC(962)   Other: 0.3ms
[2024-08-28T01:14:19.572+0000][info][gc,heap        ] GC(962) Eden regions: 28->0(44)
[2024-08-28T01:14:19.572+0000][info][gc,heap        ] GC(962) Survivor regions: 7->7(7)
[2024-08-28T01:14:19.572+0000][info][gc,heap        ] GC(962) Old regions: 943->975
[2024-08-28T01:14:19.572+0000][info][gc,heap        ] GC(962) Archive regions: 2->2
[2024-08-28T01:14:19.572+0000][info][gc,heap        ] GC(962) Humongous regions: 5->5
[2024-08-28T01:14:19.572+0000][info][gc,metaspace   ] GC(962) Metaspace: 100K(320K)->100K(320K) NonClass: 96K(192K)->96K(192K) Class: 4K(128K)->4K(128K)
[2024-08-28T01:14:19.572+0000][info][gc             ] GC(962) Pause Young (Normal) (G1 Preventive Collection) 977M->980M(1024M) 12.961ms
[2024-08-28T01:14:19.572+0000][info][gc,cpu         ] GC(962) User=0.28s Sys=0.00s Real=0.01s
[2024-08-28T01:14:19.579+0000][info][gc,start       ] GC(963) Pause Young (Normal) (G1 Preventive Collection)
[2024-08-28T01:14:19.579+0000][info][gc,task        ] GC(963) Using 24 workers of 68 for evacuation
[2024-08-28T01:14:19.590+0000][info][gc             ] GC(963) To-space exhausted
[2024-08-28T01:14:19.590+0000][info][gc,phases      ] GC(963)   Pre Evacuate Collection Set: 0.2ms
[2024-08-28T01:14:19.590+0000][info][gc,phases      ] GC(963)   Merge Heap Roots: 0.3ms
[2024-08-28T01:14:19.590+0000][info][gc,phases      ] GC(963)   Evacuate Collection Set: 9.4ms
[2024-08-28T01:14:19.590+0000][info][gc,phases      ] GC(963)   Post Evacuate Collection Set: 0.9ms
[2024-08-28T01:14:19.590+0000][info][gc,phases      ] GC(963)   Other: 0.4ms
[2024-08-28T01:14:19.590+0000][info][gc,heap        ] GC(963) Eden regions: 13->0(44)
[2024-08-28T01:14:19.590+0000][info][gc,heap        ] GC(963) Survivor regions: 7->7(7)
[2024-08-28T01:14:19.590+0000][info][gc,heap        ] GC(963) Old regions: 975->999
[2024-08-28T01:14:19.590+0000][info][gc,heap        ] GC(963) Archive regions: 2->2
[2024-08-28T01:14:19.590+0000][info][gc,heap        ] GC(963) Humongous regions: 5->5
[2024-08-28T01:14:19.590+0000][info][gc,metaspace   ] GC(963) Metaspace: 100K(320K)->100K(320K) NonClass: 96K(192K)->96K(192K) Class: 4K(128K)->4K(128K)
[2024-08-28T01:14:19.590+0000][info][gc             ] GC(963) Pause Young (Normal) (G1 Preventive Collection) 993M->1005M(1024M) 11.227ms
[2024-08-28T01:14:19.590+0000][info][gc,cpu         ] GC(963) User=0.24s Sys=0.00s Real=0.01s
[2024-08-28T01:14:19.591+0000][info][gc,start       ] GC(964) Pause Young (Normal) (G1 Preventive Collection)
[2024-08-28T01:14:19.592+0000][info][gc,task        ] GC(964) Using 24 workers of 68 for evacuation
[2024-08-28T01:14:19.599+0000][info][gc             ] GC(964) To-space exhausted
[2024-08-28T01:14:19.600+0000][info][gc,phases      ] GC(964)   Pre Evacuate Collection Set: 0.2ms
[2024-08-28T01:14:19.600+0000][info][gc,phases      ] GC(964)   Merge Heap Roots: 0.6ms
[2024-08-28T01:14:19.600+0000][info][gc,phases      ] GC(964)   Evacuate Collection Set: 6.3ms
[2024-08-28T01:14:19.600+0000][info][gc,phases      ] GC(964)   Post Evacuate Collection Set: 0.8ms
[2024-08-28T01:14:19.600+0000][info][gc,phases      ] GC(964)   Other: 0.3ms
[2024-08-28T01:14:19.600+0000][info][gc,heap        ] GC(964) Eden regions: 1->0(49)
[2024-08-28T01:14:19.600+0000][info][gc,heap        ] GC(964) Survivor regions: 7->2(7)
[2024-08-28T01:14:19.600+0000][info][gc,heap        ] GC(964) Old regions: 999->1014
[2024-08-28T01:14:19.600+0000][info][gc,heap        ] GC(964) Archive regions: 2->2
[2024-08-28T01:14:19.600+0000][info][gc,heap        ] GC(964) Humongous regions: 5->5
[2024-08-28T01:14:19.600+0000][info][gc,metaspace   ] GC(964) Metaspace: 100K(320K)->100K(320K) NonClass: 96K(192K)->96K(192K) Class: 4K(128K)->4K(128K)
[2024-08-28T01:14:19.600+0000][info][gc             ] GC(964) Pause Young (Normal) (G1 Preventive Collection) 1006M->1015M(1024M) 8.240ms
[2024-08-28T01:14:19.600+0000][info][gc,cpu         ] GC(964) User=0.17s Sys=0.00s Real=0.01s
[2024-08-28T01:14:19.601+0000][info][gc,start       ] GC(965) Pause Young (Normal) (G1 Evacuation Pause)
[2024-08-28T01:14:19.601+0000][info][gc,task        ] GC(965) Using 24 workers of 68 for evacuation
[2024-08-28T01:14:19.608+0000][info][gc             ] GC(965) To-space exhausted
[2024-08-28T01:14:19.608+0000][info][gc,phases      ] GC(965)   Pre Evacuate Collection Set: 0.1ms
[2024-08-28T01:14:19.608+0000][info][gc,phases      ] GC(965)   Merge Heap Roots: 0.9ms
[2024-08-28T01:14:19.608+0000][info][gc,phases      ] GC(965)   Evacuate Collection Set: 4.9ms
[2024-08-28T01:14:19.608+0000][info][gc,phases      ] GC(965)   Post Evacuate Collection Set: 1.0ms
[2024-08-28T01:14:19.608+0000][info][gc,phases      ] GC(965)   Other: 0.3ms
[2024-08-28T01:14:19.608+0000][info][gc,heap        ] GC(965) Eden regions: 1->0(51)
[2024-08-28T01:14:19.608+0000][info][gc,heap        ] GC(965) Survivor regions: 2->0(0)
[2024-08-28T01:14:19.608+0000][info][gc,heap        ] GC(965) Old regions: 1014->1017
[2024-08-28T01:14:19.608+0000][info][gc,heap        ] GC(965) Archive regions: 2->2
[2024-08-28T01:14:19.608+0000][info][gc,heap        ] GC(965) Humongous regions: 5->5
[2024-08-28T01:14:19.608+0000][info][gc,metaspace   ] GC(965) Metaspace: 100K(320K)->100K(320K) NonClass: 96K(192K)->96K(192K) Class: 4K(128K)->4K(128K)
[2024-08-28T01:14:19.608+0000][info][gc             ] GC(965) Pause Young (Normal) (G1 Evacuation Pause) 1016M->1016M(1024M) 7.332ms
[2024-08-28T01:14:19.608+0000][info][gc,cpu         ] GC(965) User=0.14s Sys=0.00s Real=0.00s
[2024-08-28T01:14:19.608+0000][info][gc,ergo        ] Attempting full compaction
[2024-08-28T01:14:19.608+0000][info][gc,task        ] GC(966) Using 24 workers of 68 for full compaction
[2024-08-28T01:14:19.609+0000][info][gc,start       ] GC(966) Pause Full (G1 Compaction Pause)
[2024-08-28T01:14:19.610+0000][info][gc,phases,start] GC(966) Phase 1: Mark live objects
[2024-08-28T01:14:19.624+0000][info][gc,phases      ] GC(966) Phase 1: Mark live objects 13.860ms
[2024-08-28T01:14:19.624+0000][info][gc,phases,start] GC(966) Phase 2: Prepare for compaction
[2024-08-28T01:14:19.632+0000][info][gc,phases      ] GC(966) Phase 2: Prepare for compaction 8.178ms
[2024-08-28T01:14:19.632+0000][info][gc,phases,start] GC(966) Phase 3: Adjust pointers
[2024-08-28T01:14:19.645+0000][info][gc,phases      ] GC(966) Phase 3: Adjust pointers 13.396ms
[2024-08-28T01:14:19.645+0000][info][gc,phases,start] GC(966) Phase 4: Compact heap
[2024-08-28T01:14:19.673+0000][info][gc,phases      ] GC(966) Phase 4: Compact heap 27.578ms
[2024-08-28T01:14:19.675+0000][info][gc,heap        ] GC(966) Eden regions: 0->0(149)
[2024-08-28T01:14:19.675+0000][info][gc,heap        ] GC(966) Survivor regions: 0->0(0)
[2024-08-28T01:14:19.675+0000][info][gc,heap        ] GC(966) Old regions: 1017->446
[2024-08-28T01:14:19.675+0000][info][gc,heap        ] GC(966) Archive regions: 2->2
[2024-08-28T01:14:19.675+0000][info][gc,heap        ] GC(966) Humongous regions: 5->5
[2024-08-28T01:14:19.675+0000][info][gc,metaspace   ] GC(966) Metaspace: 100K(320K)->100K(320K) NonClass: 96K(192K)->96K(192K) Class: 4K(128K)->4K(128K)
[2024-08-28T01:14:19.675+0000][info][gc             ] GC(966) Pause Full (G1 Compaction Pause) 1016M->437M(1024M) 65.822ms
[2024-08-28T01:14:19.675+0000][info][gc,cpu         ] GC(966) User=1.39s Sys=0.01s Real=0.07s
[2024-08-28T01:14:19.675+0000][info][gc,marking     ] GC(960) Concurrent Rebuild Remembered Sets 147.182ms
[2024-08-28T01:14:19.675+0000][info][gc,marking     ] GC(960) Concurrent Mark Abort
[2024-08-28T01:14:19.675+0000][info][gc             ] GC(960) Concurrent Mark Cycle 175.880ms
[2024-08-28T01:14:19.750+0000][info][gc,start       ] GC(967) Pause Young (Normal) (G1 Evacuation Pause)
[2024-08-28T01:14:19.751+0000][info][gc,task        ] GC(967) Using 24 workers of 68 for evacuation
[2024-08-28T01:14:19.775+0000][info][gc,phases      ] GC(967)   Pre Evacuate Collection Set: 0.5ms
[2024-08-28T01:14:19.776+0000][info][gc,phases      ] GC(967)   Merge Heap Roots: 0.6ms
[2024-08-28T01:14:19.776+0000][info][gc,phases      ] GC(967)   Evacuate Collection Set: 23.2ms
[2024-08-28T01:14:19.776+0000][info][gc,phases      ] GC(967)   Post Evacuate Collection Set: 0.4ms
[2024-08-28T01:14:19.776+0000][info][gc,phases      ] GC(967)   Other: 0.4ms
[2024-08-28T01:14:19.776+0000][info][gc,heap        ] GC(967) Eden regions: 149->0(102)
[2024-08-28T01:14:19.776+0000][info][gc,heap        ] GC(967) Survivor regions: 0->19(19)
[2024-08-28T01:14:19.776+0000][info][gc,heap        ] GC(967) Old regions: 446->572
[2024-08-28T01:14:19.776+0000][info][gc,heap        ] GC(967) Archive regions: 2->2
[2024-08-28T01:14:19.776+0000][info][gc,heap        ] GC(967) Humongous regions: 5->5
[2024-08-28T01:14:19.776+0000][info][gc,metaspace   ] GC(967) Metaspace: 100K(320K)->100K(320K) NonClass: 96K(192K)->96K(192K) Class: 4K(128K)->4K(128K)
[2024-08-28T01:14:19.776+0000][info][gc             ] GC(967) Pause Young (Normal) (G1 Evacuation Pause) 586M->581M(1024M) 25.278ms
[2024-08-28T01:14:19.776+0000][info][gc,cpu         ] GC(967) User=0.56s Sys=0.00s Real=0.02s
[2024-08-28T01:14:19.823+0000][info][gc,start       ] GC(968) Pause Young (Concurrent Start) (G1 Evacuation Pause)
[2024-08-28T01:14:19.823+0000][info][gc,task        ] GC(968) Using 24 workers of 68 for evacuation
[2024-08-28T01:14:19.843+0000][info][gc,phases      ] GC(968)   Pre Evacuate Collection Set: 0.2ms
[2024-08-28T01:14:19.843+0000][info][gc,phases      ] GC(968)   Merge Heap Roots: 0.4ms
[2024-08-28T01:14:19.843+0000][info][gc,phases      ] GC(968)   Evacuate Collection Set: 17.3ms
[2024-08-28T01:14:19.843+0000][info][gc,phases      ] GC(968)   Post Evacuate Collection Set: 0.4ms
[2024-08-28T01:14:19.843+0000][info][gc,phases      ] GC(968)   Other: 1.5ms
[2024-08-28T01:14:19.843+0000][info][gc,heap        ] GC(968) Eden regions: 102->0(69)
[2024-08-28T01:14:19.843+0000][info][gc,heap        ] GC(968) Survivor regions: 19->16(16)
[2024-08-28T01:14:19.843+0000][info][gc,heap        ] GC(968) Old regions: 572->678
[2024-08-28T01:14:19.843+0000][info][gc,heap        ] GC(968) Archive regions: 2->2
[2024-08-28T01:14:19.843+0000][info][gc,heap        ] GC(968) Humongous regions: 5->5
[2024-08-28T01:14:19.843+0000][info][gc,metaspace   ] GC(968) Metaspace: 100K(320K)->100K(320K) NonClass: 96K(192K)->96K(192K) Class: 4K(128K)->4K(128K)
[2024-08-28T01:14:19.843+0000][info][gc             ] GC(968) Pause Young (Concurrent Start) (G1 Evacuation Pause) 683M->685M(1024M) 19.932ms
[2024-08-28T01:14:19.843+0000][info][gc,cpu         ] GC(968) User=0.42s Sys=0.00s Real=0.02s
[2024-08-28T01:14:19.843+0000][info][gc             ] GC(969) Concurrent Mark Cycle
[2024-08-28T01:14:19.843+0000][info][gc,marking     ] GC(969) Concurrent Clear Claimed Marks
[2024-08-28T01:14:19.843+0000][info][gc,marking     ] GC(969) Concurrent Clear Claimed Marks 0.011ms
[2024-08-28T01:14:19.843+0000][info][gc,marking     ] GC(969) Concurrent Scan Root Regions
[2024-08-28T01:14:19.846+0000][info][gc,marking     ] GC(969) Concurrent Scan Root Regions 3.346ms
[2024-08-28T01:14:19.846+0000][info][gc,marking     ] GC(969) Concurrent Mark
[2024-08-28T01:14:19.846+0000][info][gc,marking     ] GC(969) Concurrent Mark From Roots
[2024-08-28T01:14:19.846+0000][info][gc,task        ] GC(969) Using 17 workers of 17 for marking
[2024-08-28T01:14:19.867+0000][info][gc,marking     ] GC(969) Concurrent Mark From Roots 20.434ms
[2024-08-28T01:14:19.867+0000][info][gc,marking     ] GC(969) Concurrent Preclean
[2024-08-28T01:14:19.868+0000][info][gc,marking     ] GC(969) Concurrent Preclean 0.739ms
[2024-08-28T01:14:19.868+0000][info][gc,start       ] GC(969) Pause Remark
[2024-08-28T01:14:19.870+0000][info][gc             ] GC(969) Pause Remark 723M->723M(1024M) 1.973ms
[2024-08-28T01:14:19.870+0000][info][gc,cpu         ] GC(969) User=0.01s Sys=0.00s Real=0.01s
[2024-08-28T01:14:19.870+0000][info][gc,marking     ] GC(969) Concurrent Mark 23.705ms
[2024-08-28T01:14:19.870+0000][info][gc,marking     ] GC(969) Concurrent Rebuild Remembered Sets
[2024-08-28T01:14:19.886+0000][info][gc,start       ] GC(970) Pause Young (Normal) (G1 Evacuation Pause)
[2024-08-28T01:14:19.886+0000][info][gc,task        ] GC(970) Using 24 workers of 68 for evacuation
[2024-08-28T01:14:19.902+0000][info][gc,phases      ] GC(970)   Pre Evacuate Collection Set: 0.2ms
[2024-08-28T01:14:19.902+0000][info][gc,phases      ] GC(970)   Merge Heap Roots: 0.4ms
[2024-08-28T01:14:19.902+0000][info][gc,phases      ] GC(970)   Evacuate Collection Set: 14.2ms
[2024-08-28T01:14:19.902+0000][info][gc,phases      ] GC(970)   Post Evacuate Collection Set: 0.6ms
[2024-08-28T01:14:19.902+0000][info][gc,phases      ] GC(970)   Other: 0.3ms
[2024-08-28T01:14:19.902+0000][info][gc,heap        ] GC(970) Eden regions: 69->0(46)
[2024-08-28T01:14:19.902+0000][info][gc,heap        ] GC(970) Survivor regions: 16->11(11)
[2024-08-28T01:14:19.902+0000][info][gc,heap        ] GC(970) Old regions: 678->756
[2024-08-28T01:14:19.902+0000][info][gc,heap        ] GC(970) Archive regions: 2->2
[2024-08-28T01:14:19.902+0000][info][gc,heap        ] GC(970) Humongous regions: 5->5
[2024-08-28T01:14:19.902+0000][info][gc,metaspace   ] GC(970) Metaspace: 100K(320K)->100K(320K) NonClass: 96K(192K)->96K(192K) Class: 4K(128K)->4K(128K)
[2024-08-28T01:14:19.902+0000][info][gc             ] GC(970) Pause Young (Normal) (G1 Evacuation Pause) 754M->758M(1024M) 15.895ms
[2024-08-28T01:14:19.902+0000][info][gc,cpu         ] GC(970) User=0.35s Sys=0.00s Real=0.02s
[2024-08-28T01:14:19.925+0000][info][gc,start       ] GC(971) Pause Young (Normal) (G1 Evacuation Pause)
[2024-08-28T01:14:19.925+0000][info][gc,task        ] GC(971) Using 24 workers of 68 for evacuation
[2024-08-28T01:14:19.944+0000][info][gc,phases      ] GC(971)   Pre Evacuate Collection Set: 0.2ms
[2024-08-28T01:14:19.944+0000][info][gc,phases      ] GC(971)   Merge Heap Roots: 0.4ms
[2024-08-28T01:14:19.944+0000][info][gc,phases      ] GC(971)   Evacuate Collection Set: 17.6ms
[2024-08-28T01:14:19.944+0000][info][gc,phases      ] GC(971)   Post Evacuate Collection Set: 0.7ms
[2024-08-28T01:14:19.944+0000][info][gc,phases      ] GC(971)   Other: 0.3ms
[2024-08-28T01:14:19.944+0000][info][gc,heap        ] GC(971) Eden regions: 46->0(43)
[2024-08-28T01:14:19.944+0000][info][gc,heap        ] GC(971) Survivor regions: 11->8(8)
[2024-08-28T01:14:19.944+0000][info][gc,heap        ] GC(971) Old regions: 756->810
[2024-08-28T01:14:19.944+0000][info][gc,heap        ] GC(971) Archive regions: 2->2
[2024-08-28T01:14:19.944+0000][info][gc,heap        ] GC(971) Humongous regions: 5->5
[2024-08-28T01:14:19.944+0000][info][gc,metaspace   ] GC(971) Metaspace: 100K(320K)->100K(320K) NonClass: 96K(192K)->96K(192K) Class: 4K(128K)->4K(128K)
[2024-08-28T01:14:19.944+0000][info][gc             ] GC(971) Pause Young (Normal) (G1 Evacuation Pause) 804M->809M(1024M) 19.322ms
[2024-08-28T01:14:19.944+0000][info][gc,cpu         ] GC(971) User=0.44s Sys=0.00s Real=0.02s
[2024-08-28T01:14:19.957+0000][info][gc,marking     ] GC(969) Concurrent Rebuild Remembered Sets 87.016ms
[2024-08-28T01:14:19.958+0000][info][gc,start       ] GC(969) Pause Cleanup
[2024-08-28T01:14:19.960+0000][info][gc             ] GC(969) Pause Cleanup 836M->836M(1024M) 2.552ms
[2024-08-28T01:14:19.960+0000][info][gc,cpu         ] GC(969) User=0.01s Sys=0.00s Real=0.00s
[2024-08-28T01:14:19.960+0000][info][gc,marking     ] GC(969) Concurrent Cleanup for Next Mark
[2024-08-28T01:14:19.961+0000][info][gc,marking     ] GC(969) Concurrent Cleanup for Next Mark 1.083ms
[2024-08-28T01:14:19.962+0000][info][gc             ] GC(969) Concurrent Mark Cycle 118.541ms
[2024-08-28T01:14:19.969+0000][info][gc,start       ] GC(972) Pause Young (Prepare Mixed) (G1 Evacuation Pause)
[2024-08-28T01:14:19.969+0000][info][gc,task        ] GC(972) Using 24 workers of 68 for evacuation
[2024-08-28T01:14:19.987+0000][info][gc,phases      ] GC(972)   Pre Evacuate Collection Set: 0.2ms
[2024-08-28T01:14:19.987+0000][info][gc,phases      ] GC(972)   Merge Heap Roots: 0.7ms
[2024-08-28T01:14:19.987+0000][info][gc,phases      ] GC(972)   Evacuate Collection Set: 16.2ms
[2024-08-28T01:14:19.987+0000][info][gc,phases      ] GC(972)   Post Evacuate Collection Set: 0.4ms
[2024-08-28T01:14:19.987+0000][info][gc,phases      ] GC(972)   Other: 0.3ms
[2024-08-28T01:14:19.987+0000][info][gc,heap        ] GC(972) Eden regions: 43->0(44)
[2024-08-28T01:14:19.987+0000][info][gc,heap        ] GC(972) Survivor regions: 8->7(7)
[2024-08-28T01:14:19.987+0000][info][gc,heap        ] GC(972) Old regions: 810->857
[2024-08-28T01:14:19.987+0000][info][gc,heap        ] GC(972) Archive regions: 2->2
[2024-08-28T01:14:19.987+0000][info][gc,heap        ] GC(972) Humongous regions: 5->5
[2024-08-28T01:14:19.987+0000][info][gc,metaspace   ] GC(972) Metaspace: 100K(320K)->100K(320K) NonClass: 96K(192K)->96K(192K) Class: 4K(128K)->4K(128K)
[2024-08-28T01:14:19.987+0000][info][gc             ] GC(972) Pause Young (Prepare Mixed) (G1 Evacuation Pause) 852M->855M(1024M) 17.965ms
[2024-08-28T01:14:19.987+0000][info][gc,cpu         ] GC(972) User=0.40s Sys=0.00s Real=0.02s
[2024-08-28T01:14:20.008+0000][info][gc,start       ] GC(973) Pause Young (Mixed) (G1 Evacuation Pause)
[2024-08-28T01:14:20.008+0000][info][gc,task        ] GC(973) Using 24 workers of 68 for evacuation
[2024-08-28T01:14:20.019+0000][info][gc,phases      ] GC(973)   Pre Evacuate Collection Set: 0.2ms
[2024-08-28T01:14:20.019+0000][info][gc,phases      ] GC(973)   Merge Heap Roots: 0.4ms
[2024-08-28T01:14:20.019+0000][info][gc,phases      ] GC(973)   Evacuate Collection Set: 9.8ms
[2024-08-28T01:14:20.019+0000][info][gc,phases      ] GC(973)   Post Evacuate Collection Set: 0.4ms
[2024-08-28T01:14:20.019+0000][info][gc,phases      ] GC(973)   Other: 0.3ms
[2024-08-28T01:14:20.019+0000][info][gc,heap        ] GC(973) Eden regions: 44->0(44)
[2024-08-28T01:14:20.019+0000][info][gc,heap        ] GC(973) Survivor regions: 7->7(7)
[2024-08-28T01:14:20.019+0000][info][gc,heap        ] GC(973) Old regions: 857->842
[2024-08-28T01:14:20.019+0000][info][gc,heap        ] GC(973) Archive regions: 2->2
[2024-08-28T01:14:20.019+0000][info][gc,heap        ] GC(973) Humongous regions: 5->5
[2024-08-28T01:14:20.019+0000][info][gc,metaspace   ] GC(973) Metaspace: 100K(320K)->100K(320K) NonClass: 96K(192K)->96K(192K) Class: 4K(128K)->4K(128K)
[2024-08-28T01:14:20.019+0000][info][gc             ] GC(973) Pause Young (Mixed) (G1 Evacuation Pause) 899M->840M(1024M) 11.365ms
[2024-08-28T01:14:20.019+0000][info][gc,cpu         ] GC(973) User=0.25s Sys=0.00s Real=0.02s
[2024-08-28T01:14:20.040+0000][info][gc,start       ] GC(974) Pause Young (Mixed) (G1 Evacuation Pause)
[2024-08-28T01:14:20.040+0000][info][gc,task        ] GC(974) Using 24 workers of 68 for evacuation
[2024-08-28T01:14:20.051+0000][info][gc,phases      ] GC(974)   Pre Evacuate Collection Set: 0.2ms
[2024-08-28T01:14:20.051+0000][info][gc,phases      ] GC(974)   Merge Heap Roots: 0.5ms
[2024-08-28T01:14:20.051+0000][info][gc,phases      ] GC(974)   Evacuate Collection Set: 10.1ms
[2024-08-28T01:14:20.051+0000][info][gc,phases      ] GC(974)   Post Evacuate Collection Set: 0.4ms
[2024-08-28T01:14:20.051+0000][info][gc,phases      ] GC(974)   Other: 0.3ms
[2024-08-28T01:14:20.051+0000][info][gc,heap        ] GC(974) Eden regions: 44->0(44)
[2024-08-28T01:14:20.051+0000][info][gc,heap        ] GC(974) Survivor regions: 7->7(7)
[2024-08-28T01:14:20.051+0000][info][gc,heap        ] GC(974) Old regions: 842->827
[2024-08-28T01:14:20.051+0000][info][gc,heap        ] GC(974) Archive regions: 2->2
[2024-08-28T01:14:20.051+0000][info][gc,heap        ] GC(974) Humongous regions: 5->5
[2024-08-28T01:14:20.051+0000][info][gc,metaspace   ] GC(974) Metaspace: 100K(320K)->100K(320K) NonClass: 96K(192K)->96K(192K) Class: 4K(128K)->4K(128K)
[2024-08-28T01:14:20.051+0000][info][gc             ] GC(974) Pause Young (Mixed) (G1 Evacuation Pause) 884M->824M(1024M) 11.709ms
[2024-08-28T01:14:20.051+0000][info][gc,cpu         ] GC(974) User=0.25s Sys=0.00s Real=0.01s
[2024-08-28T01:14:20.074+0000][info][gc,start       ] GC(975) Pause Young (Mixed) (G1 Evacuation Pause)
[2024-08-28T01:14:20.074+0000][info][gc,task        ] GC(975) Using 24 workers of 68 for evacuation
[2024-08-28T01:14:20.086+0000][info][gc,phases      ] GC(975)   Pre Evacuate Collection Set: 0.2ms
[2024-08-28T01:14:20.086+0000][info][gc,phases      ] GC(975)   Merge Heap Roots: 0.5ms
[2024-08-28T01:14:20.086+0000][info][gc,phases      ] GC(975)   Evacuate Collection Set: 10.7ms
[2024-08-28T01:14:20.086+0000][info][gc,phases      ] GC(975)   Post Evacuate Collection Set: 0.5ms
[2024-08-28T01:14:20.086+0000][info][gc,phases      ] GC(975)   Other: 0.4ms
[2024-08-28T01:14:20.086+0000][info][gc,heap        ] GC(975) Eden regions: 44->0(44)
[2024-08-28T01:14:20.086+0000][info][gc,heap        ] GC(975) Survivor regions: 7->7(7)
[2024-08-28T01:14:20.086+0000][info][gc,heap        ] GC(975) Old regions: 827->813
[2024-08-28T01:14:20.086+0000][info][gc,heap        ] GC(975) Archive regions: 2->2
[2024-08-28T01:14:20.086+0000][info][gc,heap        ] GC(975) Humongous regions: 5->5
[2024-08-28T01:14:20.086+0000][info][gc,metaspace   ] GC(975) Metaspace: 100K(320K)->100K(320K) NonClass: 96K(192K)->96K(192K) Class: 4K(128K)->4K(128K)
[2024-08-28T01:14:20.086+0000][info][gc             ] GC(975) Pause Young (Mixed) (G1 Evacuation Pause) 868M->813M(1024M) 12.333ms
[2024-08-28T01:14:20.086+0000][info][gc,cpu         ] GC(975) User=0.27s Sys=0.00s Real=0.01s
[2024-08-28T01:14:20.110+0000][info][gc,start       ] GC(976) Pause Young (Mixed) (G1 Evacuation Pause)
[2024-08-28T01:14:20.110+0000][info][gc,task        ] GC(976) Using 24 workers of 68 for evacuation
[2024-08-28T01:14:20.121+0000][info][gc,phases      ] GC(976)   Pre Evacuate Collection Set: 0.2ms
[2024-08-28T01:14:20.121+0000][info][gc,phases      ] GC(976)   Merge Heap Roots: 0.5ms
[2024-08-28T01:14:20.121+0000][info][gc,phases      ] GC(976)   Evacuate Collection Set: 9.7ms
[2024-08-28T01:14:20.121+0000][info][gc,phases      ] GC(976)   Post Evacuate Collection Set: 0.4ms
[2024-08-28T01:14:20.121+0000][info][gc,phases      ] GC(976)   Other: 0.3ms
[2024-08-28T01:14:20.121+0000][info][gc,heap        ] GC(976) Eden regions: 44->0(44)
[2024-08-28T01:14:20.121+0000][info][gc,heap        ] GC(976) Survivor regions: 7->7(7)
[2024-08-28T01:14:20.121+0000][info][gc,heap        ] GC(976) Old regions: 813->848
[2024-08-28T01:14:20.121+0000][info][gc,heap        ] GC(976) Archive regions: 2->2
[2024-08-28T01:14:20.121+0000][info][gc,heap        ] GC(976) Humongous regions: 5->5
[2024-08-28T01:14:20.121+0000][info][gc,metaspace   ] GC(976) Metaspace: 100K(320K)->100K(320K) NonClass: 96K(192K)->96K(192K) Class: 4K(128K)->4K(128K)
[2024-08-28T01:14:20.122+0000][info][gc             ] GC(976) Pause Young (Mixed) (G1 Evacuation Pause) 857M->849M(1024M) 11.213ms
[2024-08-28T01:14:20.122+0000][info][gc,cpu         ] GC(976) User=0.24s Sys=0.01s Real=0.01s
[2024-08-28T01:14:20.143+0000][info][gc,start       ] GC(977) Pause Young (Concurrent Start) (G1 Evacuation Pause)
[2024-08-28T01:14:20.143+0000][info][gc,task        ] GC(977) Using 24 workers of 68 for evacuation
[2024-08-28T01:14:20.154+0000][info][gc,phases      ] GC(977)   Pre Evacuate Collection Set: 0.2ms
[2024-08-28T01:14:20.154+0000][info][gc,phases      ] GC(977)   Merge Heap Roots: 0.7ms
[2024-08-28T01:14:20.154+0000][info][gc,phases      ] GC(977)   Evacuate Collection Set: 9.5ms
[2024-08-28T01:14:20.154+0000][info][gc,phases      ] GC(977)   Post Evacuate Collection Set: 0.4ms
[2024-08-28T01:14:20.154+0000][info][gc,phases      ] GC(977)   Other: 1.0ms
[2024-08-28T01:14:20.154+0000][info][gc,heap        ] GC(977) Eden regions: 44->0(44)
[2024-08-28T01:14:20.154+0000][info][gc,heap        ] GC(977) Survivor regions: 7->7(7)
[2024-08-28T01:14:20.154+0000][info][gc,heap        ] GC(977) Old regions: 848->895
[2024-08-28T01:14:20.154+0000][info][gc,heap        ] GC(977) Archive regions: 2->2
[2024-08-28T01:14:20.154+0000][info][gc,heap        ] GC(977) Humongous regions: 5->5
[2024-08-28T01:14:20.154+0000][info][gc,metaspace   ] GC(977) Metaspace: 100K(320K)->100K(320K) NonClass: 96K(192K)->96K(192K) Class: 4K(128K)->4K(128K)
[2024-08-28T01:14:20.155+0000][info][gc             ] GC(977) Pause Young (Concurrent Start) (G1 Evacuation Pause) 893M->895M(1024M) 11.873ms
[2024-08-28T01:14:20.155+0000][info][gc,cpu         ] GC(977) User=0.24s Sys=0.00s Real=0.01s
[2024-08-28T01:14:20.155+0000][info][gc             ] GC(978) Concurrent Mark Cycle
[2024-08-28T01:14:20.155+0000][info][gc,marking     ] GC(978) Concurrent Clear Claimed Marks
[2024-08-28T01:14:20.155+0000][info][gc,marking     ] GC(978) Concurrent Clear Claimed Marks 0.011ms
[2024-08-28T01:14:20.155+0000][info][gc,marking     ] GC(978) Concurrent Scan Root Regions
[2024-08-28T01:14:20.156+0000][info][gc,marking     ] GC(978) Concurrent Scan Root Regions 1.560ms
[2024-08-28T01:14:20.156+0000][info][gc,marking     ] GC(978) Concurrent Mark
[2024-08-28T01:14:20.156+0000][info][gc,marking     ] GC(978) Concurrent Mark From Roots
[2024-08-28T01:14:20.156+0000][info][gc,task        ] GC(978) Using 17 workers of 17 for marking
[2024-08-28T01:14:20.179+0000][info][gc,marking     ] GC(978) Concurrent Mark From Roots 23.187ms
[2024-08-28T01:14:20.180+0000][info][gc,marking     ] GC(978) Concurrent Preclean
[2024-08-28T01:14:20.180+0000][info][gc,marking     ] GC(978) Concurrent Preclean 0.760ms
[2024-08-28T01:14:20.181+0000][info][gc,start       ] GC(978) Pause Remark
[2024-08-28T01:14:20.183+0000][info][gc             ] GC(978) Pause Remark 934M->934M(1024M) 2.108ms
[2024-08-28T01:14:20.183+0000][info][gc,cpu         ] GC(978) User=0.01s Sys=0.00s Real=0.00s
[2024-08-28T01:14:20.183+0000][info][gc,marking     ] GC(978) Concurrent Mark 26.560ms
[2024-08-28T01:14:20.183+0000][info][gc,marking     ] GC(978) Concurrent Rebuild Remembered Sets
[2024-08-28T01:14:20.187+0000][info][gc,start       ] GC(979) Pause Young (Normal) (G1 Evacuation Pause)
[2024-08-28T01:14:20.187+0000][info][gc,task        ] GC(979) Using 24 workers of 68 for evacuation
[2024-08-28T01:14:20.197+0000][info][gc,phases      ] GC(979)   Pre Evacuate Collection Set: 0.2ms
[2024-08-28T01:14:20.197+0000][info][gc,phases      ] GC(979)   Merge Heap Roots: 0.3ms
[2024-08-28T01:14:20.197+0000][info][gc,phases      ] GC(979)   Evacuate Collection Set: 9.3ms
[2024-08-28T01:14:20.197+0000][info][gc,phases      ] GC(979)   Post Evacuate Collection Set: 0.5ms
[2024-08-28T01:14:20.197+0000][info][gc,phases      ] GC(979)   Other: 0.3ms
[2024-08-28T01:14:20.197+0000][info][gc,heap        ] GC(979) Eden regions: 44->0(44)
[2024-08-28T01:14:20.197+0000][info][gc,heap        ] GC(979) Survivor regions: 7->7(7)
[2024-08-28T01:14:20.197+0000][info][gc,heap        ] GC(979) Old regions: 895->941
[2024-08-28T01:14:20.197+0000][info][gc,heap        ] GC(979) Archive regions: 2->2
[2024-08-28T01:14:20.197+0000][info][gc,heap        ] GC(979) Humongous regions: 5->5
[2024-08-28T01:14:20.197+0000][info][gc,metaspace   ] GC(979) Metaspace: 100K(320K)->100K(320K) NonClass: 96K(192K)->96K(192K) Class: 4K(128K)->4K(128K)
[2024-08-28T01:14:20.198+0000][info][gc             ] GC(979) Pause Young (Normal) (G1 Evacuation Pause) 939M->942M(1024M) 10.796ms
[2024-08-28T01:14:20.198+0000][info][gc,cpu         ] GC(979) User=0.23s Sys=0.00s Real=0.02s
[2024-08-28T01:14:20.213+0000][info][gc,start       ] GC(980) Pause Young (Normal) (G1 Preventive Collection)
[2024-08-28T01:14:20.213+0000][info][gc,task        ] GC(980) Using 24 workers of 68 for evacuation
[2024-08-28T01:14:20.226+0000][info][gc,phases      ] GC(980)   Pre Evacuate Collection Set: 0.2ms
[2024-08-28T01:14:20.226+0000][info][gc,phases      ] GC(980)   Merge Heap Roots: 0.7ms
[2024-08-28T01:14:20.226+0000][info][gc,phases      ] GC(980)   Evacuate Collection Set: 11.6ms
[2024-08-28T01:14:20.226+0000][info][gc,phases      ] GC(980)   Post Evacuate Collection Set: 0.6ms
[2024-08-28T01:14:20.226+0000][info][gc,phases      ] GC(980)   Other: 0.3ms
[2024-08-28T01:14:20.226+0000][info][gc,heap        ] GC(980) Eden regions: 29->0(44)
[2024-08-28T01:14:20.226+0000][info][gc,heap        ] GC(980) Survivor regions: 7->7(7)
[2024-08-28T01:14:20.226+0000][info][gc,heap        ] GC(980) Old regions: 941->974
[2024-08-28T01:14:20.226+0000][info][gc,heap        ] GC(980) Archive regions: 2->2
[2024-08-28T01:14:20.226+0000][info][gc,heap        ] GC(980) Humongous regions: 5->5
[2024-08-28T01:14:20.226+0000][info][gc,metaspace   ] GC(980) Metaspace: 100K(320K)->100K(320K) NonClass: 96K(192K)->96K(192K) Class: 4K(128K)->4K(128K)
[2024-08-28T01:14:20.226+0000][info][gc             ] GC(980) Pause Young (Normal) (G1 Preventive Collection) 971M->974M(1024M) 13.585ms
[2024-08-28T01:14:20.226+0000][info][gc,cpu         ] GC(980) User=0.29s Sys=0.00s Real=0.01s
[2024-08-28T01:14:20.234+0000][info][gc,start       ] GC(981) Pause Young (Normal) (G1 Preventive Collection)
[2024-08-28T01:14:20.234+0000][info][gc,task        ] GC(981) Using 24 workers of 68 for evacuation
[2024-08-28T01:14:20.244+0000][info][gc,phases      ] GC(981)   Pre Evacuate Collection Set: 0.2ms
[2024-08-28T01:14:20.244+0000][info][gc,phases      ] GC(981)   Merge Heap Roots: 0.5ms
[2024-08-28T01:14:20.244+0000][info][gc,phases      ] GC(981)   Evacuate Collection Set: 8.2ms
[2024-08-28T01:14:20.244+0000][info][gc,phases      ] GC(981)   Post Evacuate Collection Set: 0.6ms
[2024-08-28T01:14:20.244+0000][info][gc,phases      ] GC(981)   Other: 0.3ms
[2024-08-28T01:14:20.244+0000][info][gc,heap        ] GC(981) Eden regions: 13->0(44)
[2024-08-28T01:14:20.244+0000][info][gc,heap        ] GC(981) Survivor regions: 7->7(7)
[2024-08-28T01:14:20.244+0000][info][gc,heap        ] GC(981) Old regions: 974->990
[2024-08-28T01:14:20.244+0000][info][gc,heap        ] GC(981) Archive regions: 2->2
[2024-08-28T01:14:20.244+0000][info][gc,heap        ] GC(981) Humongous regions: 5->5
[2024-08-28T01:14:20.244+0000][info][gc,metaspace   ] GC(981) Metaspace: 100K(320K)->100K(320K) NonClass: 96K(192K)->96K(192K) Class: 4K(128K)->4K(128K)
[2024-08-28T01:14:20.244+0000][info][gc             ] GC(981) Pause Young (Normal) (G1 Preventive Collection) 987M->990M(1024M) 9.840ms
[2024-08-28T01:14:20.244+0000][info][gc,cpu         ] GC(981) User=0.21s Sys=0.00s Real=0.01s
[2024-08-28T01:14:20.247+0000][info][gc,start       ] GC(982) Pause Young (Normal) (G1 Preventive Collection)
[2024-08-28T01:14:20.247+0000][info][gc,task        ] GC(982) Using 24 workers of 68 for evacuation
[2024-08-28T01:14:20.256+0000][info][gc             ] GC(982) To-space exhausted
[2024-08-28T01:14:20.256+0000][info][gc,phases      ] GC(982)   Pre Evacuate Collection Set: 0.2ms
[2024-08-28T01:14:20.256+0000][info][gc,phases      ] GC(982)   Merge Heap Roots: 0.9ms
[2024-08-28T01:14:20.256+0000][info][gc,phases      ] GC(982)   Evacuate Collection Set: 6.6ms
[2024-08-28T01:14:20.256+0000][info][gc,phases      ] GC(982)   Post Evacuate Collection Set: 0.8ms
[2024-08-28T01:14:20.256+0000][info][gc,phases      ] GC(982)   Other: 0.3ms
[2024-08-28T01:14:20.256+0000][info][gc,heap        ] GC(982) Eden regions: 5->0(45)
[2024-08-28T01:14:20.256+0000][info][gc,heap        ] GC(982) Survivor regions: 7->6(7)
[2024-08-28T01:14:20.256+0000][info][gc,heap        ] GC(982) Old regions: 990->1003
[2024-08-28T01:14:20.256+0000][info][gc,heap        ] GC(982) Archive regions: 2->2
[2024-08-28T01:14:20.256+0000][info][gc,heap        ] GC(982) Humongous regions: 5->5
[2024-08-28T01:14:20.256+0000][info][gc,metaspace   ] GC(982) Metaspace: 100K(320K)->100K(320K) NonClass: 96K(192K)->96K(192K) Class: 4K(128K)->4K(128K)
[2024-08-28T01:14:20.256+0000][info][gc             ] GC(982) Pause Young (Normal) (G1 Preventive Collection) 995M->1002M(1024M) 8.848ms
[2024-08-28T01:14:20.256+0000][info][gc,cpu         ] GC(982) User=0.18s Sys=0.00s Real=0.01s
[2024-08-28T01:14:20.257+0000][info][gc,start       ] GC(983) Pause Young (Normal) (G1 Preventive Collection)
[2024-08-28T01:14:20.257+0000][info][gc,task        ] GC(983) Using 24 workers of 68 for evacuation
[2024-08-28T01:14:20.264+0000][info][gc             ] GC(983) To-space exhausted
[2024-08-28T01:14:20.264+0000][info][gc,phases      ] GC(983)   Pre Evacuate Collection Set: 0.2ms
[2024-08-28T01:14:20.264+0000][info][gc,phases      ] GC(983)   Merge Heap Roots: 0.3ms
[2024-08-28T01:14:20.264+0000][info][gc,phases      ] GC(983)   Evacuate Collection Set: 5.4ms
[2024-08-28T01:14:20.264+0000][info][gc,phases      ] GC(983)   Post Evacuate Collection Set: 0.8ms
[2024-08-28T01:14:20.264+0000][info][gc,phases      ] GC(983)   Other: 0.3ms
[2024-08-28T01:14:20.264+0000][info][gc,heap        ] GC(983) Eden regions: 1->0(49)
[2024-08-28T01:14:20.264+0000][info][gc,heap        ] GC(983) Survivor regions: 6->2(7)
[2024-08-28T01:14:20.264+0000][info][gc,heap        ] GC(983) Old regions: 1003->1014
[2024-08-28T01:14:20.264+0000][info][gc,heap        ] GC(983) Archive regions: 2->2
[2024-08-28T01:14:20.264+0000][info][gc,heap        ] GC(983) Humongous regions: 5->5
[2024-08-28T01:14:20.264+0000][info][gc,metaspace   ] GC(983) Metaspace: 100K(320K)->100K(320K) NonClass: 96K(192K)->96K(192K) Class: 4K(128K)->4K(128K)
[2024-08-28T01:14:20.264+0000][info][gc             ] GC(983) Pause Young (Normal) (G1 Preventive Collection) 1003M->1009M(1024M) 7.124ms
[2024-08-28T01:14:20.264+0000][info][gc,cpu         ] GC(983) User=0.15s Sys=0.00s Real=0.01s
[2024-08-28T01:14:20.265+0000][info][gc,start       ] GC(984) Pause Young (Normal) (G1 Evacuation Pause)
[2024-08-28T01:14:20.265+0000][info][gc,task        ] GC(984) Using 24 workers of 68 for evacuation
[2024-08-28T01:14:20.272+0000][info][gc             ] GC(984) To-space exhausted
[2024-08-28T01:14:20.272+0000][info][gc,phases      ] GC(984)   Pre Evacuate Collection Set: 0.2ms
[2024-08-28T01:14:20.272+0000][info][gc,phases      ] GC(984)   Merge Heap Roots: 0.9ms
[2024-08-28T01:14:20.272+0000][info][gc,phases      ] GC(984)   Evacuate Collection Set: 4.8ms
[2024-08-28T01:14:20.272+0000][info][gc,phases      ] GC(984)   Post Evacuate Collection Set: 0.9ms
[2024-08-28T01:14:20.272+0000][info][gc,phases      ] GC(984)   Other: 0.3ms
[2024-08-28T01:14:20.272+0000][info][gc,heap        ] GC(984) Eden regions: 1->0(51)
[2024-08-28T01:14:20.272+0000][info][gc,heap        ] GC(984) Survivor regions: 2->0(0)
[2024-08-28T01:14:20.272+0000][info][gc,heap        ] GC(984) Old regions: 1014->1017
[2024-08-28T01:14:20.272+0000][info][gc,heap        ] GC(984) Archive regions: 2->2
[2024-08-28T01:14:20.272+0000][info][gc,heap        ] GC(984) Humongous regions: 5->5
[2024-08-28T01:14:20.272+0000][info][gc,metaspace   ] GC(984) Metaspace: 100K(320K)->100K(320K) NonClass: 96K(192K)->96K(192K) Class: 4K(128K)->4K(128K)
[2024-08-28T01:14:20.272+0000][info][gc             ] GC(984) Pause Young (Normal) (G1 Evacuation Pause) 1010M->1010M(1024M) 7.138ms
[2024-08-28T01:14:20.272+0000][info][gc,cpu         ] GC(984) User=0.14s Sys=0.00s Real=0.01s
[2024-08-28T01:14:20.272+0000][info][gc,ergo        ] Attempting full compaction
[2024-08-28T01:14:20.273+0000][info][gc,task        ] GC(985) Using 24 workers of 68 for full compaction
[2024-08-28T01:14:20.273+0000][info][gc,start       ] GC(985) Pause Full (G1 Compaction Pause)
[2024-08-28T01:14:20.274+0000][info][gc,phases,start] GC(985) Phase 1: Mark live objects
[2024-08-28T01:14:20.288+0000][info][gc,phases      ] GC(985) Phase 1: Mark live objects 14.628ms
[2024-08-28T01:14:20.289+0000][info][gc,phases,start] GC(985) Phase 2: Prepare for compaction
[2024-08-28T01:14:20.296+0000][info][gc,phases      ] GC(985) Phase 2: Prepare for compaction 7.820ms
[2024-08-28T01:14:20.296+0000][info][gc,phases,start] GC(985) Phase 3: Adjust pointers
[2024-08-28T01:14:20.311+0000][info][gc,phases      ] GC(985) Phase 3: Adjust pointers 14.335ms
[2024-08-28T01:14:20.311+0000][info][gc,phases,start] GC(985) Phase 4: Compact heap
[2024-08-28T01:14:20.338+0000][info][gc,phases      ] GC(985) Phase 4: Compact heap 27.590ms
[2024-08-28T01:14:20.340+0000][info][gc,heap        ] GC(985) Eden regions: 0->0(150)
[2024-08-28T01:14:20.340+0000][info][gc,heap        ] GC(985) Survivor regions: 0->0(0)
[2024-08-28T01:14:20.340+0000][info][gc,heap        ] GC(985) Old regions: 1017->443
[2024-08-28T01:14:20.340+0000][info][gc,heap        ] GC(985) Archive regions: 2->2
[2024-08-28T01:14:20.340+0000][info][gc,heap        ] GC(985) Humongous regions: 5->5
[2024-08-28T01:14:20.340+0000][info][gc,metaspace   ] GC(985) Metaspace: 100K(320K)->100K(320K) NonClass: 96K(192K)->96K(192K) Class: 4K(128K)->4K(128K)
[2024-08-28T01:14:20.340+0000][info][gc             ] GC(985) Pause Full (G1 Compaction Pause) 1010M->437M(1024M) 67.515ms
[2024-08-28T01:14:20.341+0000][info][gc,cpu         ] GC(985) User=1.37s Sys=0.03s Real=0.07s
[2024-08-28T01:14:20.341+0000][info][gc,marking     ] GC(978) Concurrent Rebuild Remembered Sets 157.913ms
[2024-08-28T01:14:20.341+0000][info][gc,marking     ] GC(978) Concurrent Mark Abort
[2024-08-28T01:14:20.341+0000][info][gc             ] GC(978) Concurrent Mark Cycle 186.280ms
[2024-08-28T01:14:20.415+0000][info][gc,start       ] GC(986) Pause Young (Normal) (G1 Evacuation Pause)
[2024-08-28T01:14:20.415+0000][info][gc,task        ] GC(986) Using 24 workers of 68 for evacuation
[2024-08-28T01:14:20.442+0000][info][gc,phases      ] GC(986)   Pre Evacuate Collection Set: 0.2ms
[2024-08-28T01:14:20.442+0000][info][gc,phases      ] GC(986)   Merge Heap Roots: 0.6ms
[2024-08-28T01:14:20.442+0000][info][gc,phases      ] GC(986)   Evacuate Collection Set: 25.9ms
[2024-08-28T01:14:20.442+0000][info][gc,phases      ] GC(986)   Post Evacuate Collection Set: 0.4ms
[2024-08-28T01:14:20.442+0000][info][gc,phases      ] GC(986)   Other: 0.4ms
[2024-08-28T01:14:20.442+0000][info][gc,heap        ] GC(986) Eden regions: 150->0(101)
[2024-08-28T01:14:20.442+0000][info][gc,heap        ] GC(986) Survivor regions: 0->19(19)
[2024-08-28T01:14:20.442+0000][info][gc,heap        ] GC(986) Old regions: 443->576
[2024-08-28T01:14:20.442+0000][info][gc,heap        ] GC(986) Archive regions: 2->2
[2024-08-28T01:14:20.442+0000][info][gc,heap        ] GC(986) Humongous regions: 5->5
[2024-08-28T01:14:20.442+0000][info][gc,metaspace   ] GC(986) Metaspace: 100K(320K)->100K(320K) NonClass: 96K(192K)->96K(192K) Class: 4K(128K)->4K(128K)
[2024-08-28T01:14:20.442+0000][info][gc             ] GC(986) Pause Young (Normal) (G1 Evacuation Pause) 587M->589M(1024M) 27.583ms
[2024-08-28T01:14:20.443+0000][info][gc,cpu         ] GC(986) User=0.58s Sys=0.04s Real=0.03s
[2024-08-28T01:14:20.490+0000][info][gc,start       ] GC(987) Pause Young (Concurrent Start) (G1 Evacuation Pause)
[2024-08-28T01:14:20.490+0000][info][gc,task        ] GC(987) Using 24 workers of 68 for evacuation
[2024-08-28T01:14:20.509+0000][info][gc,phases      ] GC(987)   Pre Evacuate Collection Set: 0.2ms
[2024-08-28T01:14:20.509+0000][info][gc,phases      ] GC(987)   Merge Heap Roots: 0.4ms
[2024-08-28T01:14:20.509+0000][info][gc,phases      ] GC(987)   Evacuate Collection Set: 17.1ms
[2024-08-28T01:14:20.509+0000][info][gc,phases      ] GC(987)   Post Evacuate Collection Set: 0.4ms
[2024-08-28T01:14:20.509+0000][info][gc,phases      ] GC(987)   Other: 1.1ms
[2024-08-28T01:14:20.509+0000][info][gc,heap        ] GC(987) Eden regions: 101->0(68)
[2024-08-28T01:14:20.509+0000][info][gc,heap        ] GC(987) Survivor regions: 19->15(15)
[2024-08-28T01:14:20.509+0000][info][gc,heap        ] GC(987) Old regions: 576->682
[2024-08-28T01:14:20.509+0000][info][gc,heap        ] GC(987) Archive regions: 2->2
[2024-08-28T01:14:20.509+0000][info][gc,heap        ] GC(987) Humongous regions: 5->5
[2024-08-28T01:14:20.509+0000][info][gc,metaspace   ] GC(987) Metaspace: 100K(320K)->100K(320K) NonClass: 96K(192K)->96K(192K) Class: 4K(128K)->4K(128K)
[2024-08-28T01:14:20.509+0000][info][gc             ] GC(987) Pause Young (Concurrent Start) (G1 Evacuation Pause) 690M->691M(1024M) 19.280ms
[2024-08-28T01:14:20.509+0000][info][gc,cpu         ] GC(987) User=0.42s Sys=0.00s Real=0.01s
[2024-08-28T01:14:20.509+0000][info][gc             ] GC(988) Concurrent Mark Cycle
[2024-08-28T01:14:20.509+0000][info][gc,marking     ] GC(988) Concurrent Clear Claimed Marks
[2024-08-28T01:14:20.509+0000][info][gc,marking     ] GC(988) Concurrent Clear Claimed Marks 0.011ms
[2024-08-28T01:14:20.509+0000][info][gc,marking     ] GC(988) Concurrent Scan Root Regions
[2024-08-28T01:14:20.512+0000][info][gc,marking     ] GC(988) Concurrent Scan Root Regions 3.373ms
[2024-08-28T01:14:20.513+0000][info][gc,marking     ] GC(988) Concurrent Mark
[2024-08-28T01:14:20.513+0000][info][gc,marking     ] GC(988) Concurrent Mark From Roots
[2024-08-28T01:14:20.513+0000][info][gc,task        ] GC(988) Using 17 workers of 17 for marking
[2024-08-28T01:14:20.534+0000][info][gc,marking     ] GC(988) Concurrent Mark From Roots 21.317ms
[2024-08-28T01:14:20.534+0000][info][gc,marking     ] GC(988) Concurrent Preclean
[2024-08-28T01:14:20.535+0000][info][gc,marking     ] GC(988) Concurrent Preclean 0.819ms
[2024-08-28T01:14:20.535+0000][info][gc,start       ] GC(988) Pause Remark
[2024-08-28T01:14:20.537+0000][info][gc             ] GC(988) Pause Remark 729M->729M(1024M) 1.599ms
[2024-08-28T01:14:20.537+0000][info][gc,cpu         ] GC(988) User=0.01s Sys=0.00s Real=0.00s
[2024-08-28T01:14:20.537+0000][info][gc,marking     ] GC(988) Concurrent Mark 24.315ms
[2024-08-28T01:14:20.537+0000][info][gc,marking     ] GC(988) Concurrent Rebuild Remembered Sets
[2024-08-28T01:14:20.552+0000][info][gc,start       ] GC(989) Pause Young (Normal) (G1 Evacuation Pause)
[2024-08-28T01:14:20.552+0000][info][gc,task        ] GC(989) Using 24 workers of 68 for evacuation
[2024-08-28T01:14:20.568+0000][info][gc,phases      ] GC(989)   Pre Evacuate Collection Set: 0.2ms
[2024-08-28T01:14:20.568+0000][info][gc,phases      ] GC(989)   Merge Heap Roots: 0.4ms
[2024-08-28T01:14:20.568+0000][info][gc,phases      ] GC(989)   Evacuate Collection Set: 14.2ms
[2024-08-28T01:14:20.568+0000][info][gc,phases      ] GC(989)   Post Evacuate Collection Set: 0.6ms
[2024-08-28T01:14:20.568+0000][info][gc,phases      ] GC(989)   Other: 0.3ms
[2024-08-28T01:14:20.568+0000][info][gc,heap        ] GC(989) Eden regions: 68->0(45)
[2024-08-28T01:14:20.568+0000][info][gc,heap        ] GC(989) Survivor regions: 15->11(11)
[2024-08-28T01:14:20.568+0000][info][gc,heap        ] GC(989) Old regions: 682->758
[2024-08-28T01:14:20.568+0000][info][gc,heap        ] GC(989) Archive regions: 2->2
[2024-08-28T01:14:20.568+0000][info][gc,heap        ] GC(989) Humongous regions: 5->5
[2024-08-28T01:14:20.568+0000][info][gc,metaspace   ] GC(989) Metaspace: 100K(320K)->100K(320K) NonClass: 96K(192K)->96K(192K) Class: 4K(128K)->4K(128K)
[2024-08-28T01:14:20.568+0000][info][gc             ] GC(989) Pause Young (Normal) (G1 Evacuation Pause) 759M->763M(1024M) 15.798ms
[2024-08-28T01:14:20.568+0000][info][gc,cpu         ] GC(989) User=0.35s Sys=0.00s Real=0.01s
[2024-08-28T01:14:20.593+0000][info][gc,start       ] GC(990) Pause Young (Normal) (G1 Evacuation Pause)
[2024-08-28T01:14:20.593+0000][info][gc,task        ] GC(990) Using 24 workers of 68 for evacuation
[2024-08-28T01:14:20.611+0000][info][gc,phases      ] GC(990)   Pre Evacuate Collection Set: 0.2ms
[2024-08-28T01:14:20.611+0000][info][gc,phases      ] GC(990)   Merge Heap Roots: 0.4ms
[2024-08-28T01:14:20.611+0000][info][gc,phases      ] GC(990)   Evacuate Collection Set: 17.3ms
[2024-08-28T01:14:20.612+0000][info][gc,phases      ] GC(990)   Post Evacuate Collection Set: 0.7ms
[2024-08-28T01:14:20.612+0000][info][gc,phases      ] GC(990)   Other: 0.3ms
[2024-08-28T01:14:20.612+0000][info][gc,heap        ] GC(990) Eden regions: 45->0(44)
[2024-08-28T01:14:20.612+0000][info][gc,heap        ] GC(990) Survivor regions: 11->7(7)
[2024-08-28T01:14:20.612+0000][info][gc,heap        ] GC(990) Old regions: 758->810
[2024-08-28T01:14:20.612+0000][info][gc,heap        ] GC(990) Archive regions: 2->2
[2024-08-28T01:14:20.612+0000][info][gc,heap        ] GC(990) Humongous regions: 5->5
[2024-08-28T01:14:20.612+0000][info][gc,metaspace   ] GC(990) Metaspace: 100K(320K)->100K(320K) NonClass: 96K(192K)->96K(192K) Class: 4K(128K)->4K(128K)
[2024-08-28T01:14:20.612+0000][info][gc             ] GC(990) Pause Young (Normal) (G1 Evacuation Pause) 808M->811M(1024M) 18.962ms
[2024-08-28T01:14:20.612+0000][info][gc,cpu         ] GC(990) User=0.43s Sys=0.00s Real=0.02s
[2024-08-28T01:14:20.635+0000][info][gc,start       ] GC(991) Pause Young (Normal) (G1 Evacuation Pause)
[2024-08-28T01:14:20.635+0000][info][gc,task        ] GC(991) Using 24 workers of 68 for evacuation
[2024-08-28T01:14:20.652+0000][info][gc,phases      ] GC(991)   Pre Evacuate Collection Set: 0.2ms
[2024-08-28T01:14:20.652+0000][info][gc,phases      ] GC(991)   Merge Heap Roots: 0.6ms
[2024-08-28T01:14:20.652+0000][info][gc,phases      ] GC(991)   Evacuate Collection Set: 15.3ms
[2024-08-28T01:14:20.652+0000][info][gc,phases      ] GC(991)   Post Evacuate Collection Set: 0.8ms
[2024-08-28T01:14:20.652+0000][info][gc,phases      ] GC(991)   Other: 0.4ms
[2024-08-28T01:14:20.652+0000][info][gc,heap        ] GC(991) Eden regions: 44->0(44)
[2024-08-28T01:14:20.652+0000][info][gc,heap        ] GC(991) Survivor regions: 7->7(7)
[2024-08-28T01:14:20.652+0000][info][gc,heap        ] GC(991) Old regions: 810->858
[2024-08-28T01:14:20.652+0000][info][gc,heap        ] GC(991) Archive regions: 2->2
[2024-08-28T01:14:20.652+0000][info][gc,heap        ] GC(991) Humongous regions: 5->5
[2024-08-28T01:14:20.652+0000][info][gc,metaspace   ] GC(991) Metaspace: 100K(320K)->100K(320K) NonClass: 96K(192K)->96K(192K) Class: 4K(128K)->4K(128K)
[2024-08-28T01:14:20.652+0000][info][gc             ] GC(991) Pause Young (Normal) (G1 Evacuation Pause) 855M->859M(1024M) 17.367ms
[2024-08-28T01:14:20.652+0000][info][gc,cpu         ] GC(991) User=0.38s Sys=0.00s Real=0.02s
[2024-08-28T01:14:20.658+0000][info][gc,marking     ] GC(988) Concurrent Rebuild Remembered Sets 121.439ms
[2024-08-28T01:14:20.659+0000][info][gc,start       ] GC(988) Pause Cleanup
[2024-08-28T01:14:20.661+0000][info][gc             ] GC(988) Pause Cleanup 871M->871M(1024M) 2.485ms
[2024-08-28T01:14:20.661+0000][info][gc,cpu         ] GC(988) User=0.01s Sys=0.00s Real=0.00s
[2024-08-28T01:14:20.661+0000][info][gc,marking     ] GC(988) Concurrent Cleanup for Next Mark
[2024-08-28T01:14:20.662+0000][info][gc,marking     ] GC(988) Concurrent Cleanup for Next Mark 0.692ms
[2024-08-28T01:14:20.662+0000][info][gc             ] GC(988) Concurrent Mark Cycle 152.999ms
[2024-08-28T01:14:20.678+0000][info][gc,start       ] GC(992) Pause Young (Prepare Mixed) (G1 Evacuation Pause)
[2024-08-28T01:14:20.678+0000][info][gc,task        ] GC(992) Using 24 workers of 68 for evacuation
[2024-08-28T01:14:20.695+0000][info][gc,phases      ] GC(992)   Pre Evacuate Collection Set: 0.2ms
[2024-08-28T01:14:20.695+0000][info][gc,phases      ] GC(992)   Merge Heap Roots: 0.8ms
[2024-08-28T01:14:20.695+0000][info][gc,phases      ] GC(992)   Evacuate Collection Set: 15.1ms
[2024-08-28T01:14:20.695+0000][info][gc,phases      ] GC(992)   Post Evacuate Collection Set: 0.4ms
[2024-08-28T01:14:20.695+0000][info][gc,phases      ] GC(992)   Other: 0.3ms
[2024-08-28T01:14:20.695+0000][info][gc,heap        ] GC(992) Eden regions: 44->0(44)
[2024-08-28T01:14:20.695+0000][info][gc,heap        ] GC(992) Survivor regions: 7->7(7)
[2024-08-28T01:14:20.695+0000][info][gc,heap        ] GC(992) Old regions: 858->904
[2024-08-28T01:14:20.695+0000][info][gc,heap        ] GC(992) Archive regions: 2->2
[2024-08-28T01:14:20.695+0000][info][gc,heap        ] GC(992) Humongous regions: 5->5
[2024-08-28T01:14:20.695+0000][info][gc,metaspace   ] GC(992) Metaspace: 100K(320K)->100K(320K) NonClass: 96K(192K)->96K(192K) Class: 4K(128K)->4K(128K)
[2024-08-28T01:14:20.695+0000][info][gc             ] GC(992) Pause Young (Prepare Mixed) (G1 Evacuation Pause) 903M->905M(1024M) 16.864ms
[2024-08-28T01:14:20.695+0000][info][gc,cpu         ] GC(992) User=0.38s Sys=0.00s Real=0.01s
[2024-08-28T01:14:20.717+0000][info][gc,start       ] GC(993) Pause Young (Mixed) (G1 Evacuation Pause)
[2024-08-28T01:14:20.717+0000][info][gc,task        ] GC(993) Using 24 workers of 68 for evacuation
[2024-08-28T01:14:20.728+0000][info][gc,phases      ] GC(993)   Pre Evacuate Collection Set: 0.2ms
[2024-08-28T01:14:20.728+0000][info][gc,phases      ] GC(993)   Merge Heap Roots: 0.3ms
[2024-08-28T01:14:20.728+0000][info][gc,phases      ] GC(993)   Evacuate Collection Set: 10.2ms
[2024-08-28T01:14:20.728+0000][info][gc,phases      ] GC(993)   Post Evacuate Collection Set: 0.5ms
[2024-08-28T01:14:20.728+0000][info][gc,phases      ] GC(993)   Other: 0.4ms
[2024-08-28T01:14:20.728+0000][info][gc,heap        ] GC(993) Eden regions: 44->0(44)
[2024-08-28T01:14:20.728+0000][info][gc,heap        ] GC(993) Survivor regions: 7->7(7)
[2024-08-28T01:14:20.728+0000][info][gc,heap        ] GC(993) Old regions: 904->888
[2024-08-28T01:14:20.728+0000][info][gc,heap        ] GC(993) Archive regions: 2->2
[2024-08-28T01:14:20.728+0000][info][gc,heap        ] GC(993) Humongous regions: 5->5
[2024-08-28T01:14:20.728+0000][info][gc,metaspace   ] GC(993) Metaspace: 100K(320K)->100K(320K) NonClass: 96K(192K)->96K(192K) Class: 4K(128K)->4K(128K)
[2024-08-28T01:14:20.728+0000][info][gc             ] GC(993) Pause Young (Mixed) (G1 Evacuation Pause) 949M->890M(1024M) 11.643ms
[2024-08-28T01:14:20.728+0000][info][gc,cpu         ] GC(993) User=0.25s Sys=0.00s Real=0.01s
[2024-08-28T01:14:20.750+0000][info][gc,start       ] GC(994) Pause Young (Mixed) (G1 Evacuation Pause)
[2024-08-28T01:14:20.750+0000][info][gc,task        ] GC(994) Using 24 workers of 68 for evacuation
[2024-08-28T01:14:20.762+0000][info][gc,phases      ] GC(994)   Pre Evacuate Collection Set: 0.2ms
[2024-08-28T01:14:20.762+0000][info][gc,phases      ] GC(994)   Merge Heap Roots: 0.6ms
[2024-08-28T01:14:20.762+0000][info][gc,phases      ] GC(994)   Evacuate Collection Set: 10.4ms
[2024-08-28T01:14:20.762+0000][info][gc,phases      ] GC(994)   Post Evacuate Collection Set: 0.4ms
[2024-08-28T01:14:20.762+0000][info][gc,phases      ] GC(994)   Other: 0.4ms
[2024-08-28T01:14:20.762+0000][info][gc,heap        ] GC(994) Eden regions: 44->0(44)
[2024-08-28T01:14:20.762+0000][info][gc,heap        ] GC(994) Survivor regions: 7->7(7)
[2024-08-28T01:14:20.762+0000][info][gc,heap        ] GC(994) Old regions: 888->874
[2024-08-28T01:14:20.762+0000][info][gc,heap        ] GC(994) Archive regions: 2->2
[2024-08-28T01:14:20.762+0000][info][gc,heap        ] GC(994) Humongous regions: 5->5
[2024-08-28T01:14:20.762+0000][info][gc,metaspace   ] GC(994) Metaspace: 100K(320K)->100K(320K) NonClass: 96K(192K)->96K(192K) Class: 4K(128K)->4K(128K)
[2024-08-28T01:14:20.762+0000][info][gc             ] GC(994) Pause Young (Mixed) (G1 Evacuation Pause) 934M->876M(1024M) 12.238ms
[2024-08-28T01:14:20.762+0000][info][gc,cpu         ] GC(994) User=0.26s Sys=0.00s Real=0.01s
[2024-08-28T01:14:20.783+0000][info][gc,start       ] GC(995) Pause Young (Mixed) (G1 Evacuation Pause)
[2024-08-28T01:14:20.783+0000][info][gc,task        ] GC(995) Using 24 workers of 68 for evacuation
[2024-08-28T01:14:20.795+0000][info][gc,phases      ] GC(995)   Pre Evacuate Collection Set: 0.2ms
[2024-08-28T01:14:20.795+0000][info][gc,phases      ] GC(995)   Merge Heap Roots: 0.4ms
[2024-08-28T01:14:20.795+0000][info][gc,phases      ] GC(995)   Evacuate Collection Set: 10.5ms
[2024-08-28T01:14:20.795+0000][info][gc,phases      ] GC(995)   Post Evacuate Collection Set: 0.4ms
[2024-08-28T01:14:20.795+0000][info][gc,phases      ] GC(995)   Other: 0.3ms
[2024-08-28T01:14:20.795+0000][info][gc,heap        ] GC(995) Eden regions: 44->0(44)
[2024-08-28T01:14:20.795+0000][info][gc,heap        ] GC(995) Survivor regions: 7->7(7)
[2024-08-28T01:14:20.795+0000][info][gc,heap        ] GC(995) Old regions: 874->860
[2024-08-28T01:14:20.795+0000][info][gc,heap        ] GC(995) Archive regions: 2->2
[2024-08-28T01:14:20.795+0000][info][gc,heap        ] GC(995) Humongous regions: 5->5
[2024-08-28T01:14:20.795+0000][info][gc,metaspace   ] GC(995) Metaspace: 100K(320K)->100K(320K) NonClass: 96K(192K)->96K(192K) Class: 4K(128K)->4K(128K)
[2024-08-28T01:14:20.795+0000][info][gc             ] GC(995) Pause Young (Mixed) (G1 Evacuation Pause) 920M->862M(1024M) 11.988ms
[2024-08-28T01:14:20.795+0000][info][gc,cpu         ] GC(995) User=0.26s Sys=0.00s Real=0.01s
[2024-08-28T01:14:20.816+0000][info][gc,start       ] GC(996) Pause Young (Mixed) (G1 Evacuation Pause)
[2024-08-28T01:14:20.816+0000][info][gc,task        ] GC(996) Using 24 workers of 68 for evacuation
[2024-08-28T01:14:20.827+0000][info][gc,phases      ] GC(996)   Pre Evacuate Collection Set: 0.2ms
[2024-08-28T01:14:20.827+0000][info][gc,phases      ] GC(996)   Merge Heap Roots: 0.6ms
[2024-08-28T01:14:20.827+0000][info][gc,phases      ] GC(996)   Evacuate Collection Set: 9.7ms
[2024-08-28T01:14:20.827+0000][info][gc,phases      ] GC(996)   Post Evacuate Collection Set: 0.4ms
[2024-08-28T01:14:20.827+0000][info][gc,phases      ] GC(996)   Other: 0.3ms
[2024-08-28T01:14:20.827+0000][info][gc,heap        ] GC(996) Eden regions: 44->0(44)
[2024-08-28T01:14:20.827+0000][info][gc,heap        ] GC(996) Survivor regions: 7->7(7)
[2024-08-28T01:14:20.827+0000][info][gc,heap        ] GC(996) Old regions: 860->898
[2024-08-28T01:14:20.827+0000][info][gc,heap        ] GC(996) Archive regions: 2->2
[2024-08-28T01:14:20.827+0000][info][gc,heap        ] GC(996) Humongous regions: 5->5
[2024-08-28T01:14:20.827+0000][info][gc,metaspace   ] GC(996) Metaspace: 100K(320K)->100K(320K) NonClass: 96K(192K)->96K(192K) Class: 4K(128K)->4K(128K)
[2024-08-28T01:14:20.827+0000][info][gc             ] GC(996) Pause Young (Mixed) (G1 Evacuation Pause) 906M->902M(1024M) 11.360ms
[2024-08-28T01:14:20.827+0000][info][gc,cpu         ] GC(996) User=0.24s Sys=0.00s Real=0.01s
[2024-08-28T01:14:20.848+0000][info][gc,start       ] GC(997) Pause Young (Concurrent Start) (G1 Evacuation Pause)
[2024-08-28T01:14:20.848+0000][info][gc,task        ] GC(997) Using 24 workers of 68 for evacuation
[2024-08-28T01:14:20.859+0000][info][gc,phases      ] GC(997)   Pre Evacuate Collection Set: 0.2ms
[2024-08-28T01:14:20.859+0000][info][gc,phases      ] GC(997)   Merge Heap Roots: 0.7ms
[2024-08-28T01:14:20.859+0000][info][gc,phases      ] GC(997)   Evacuate Collection Set: 9.3ms
[2024-08-28T01:14:20.859+0000][info][gc,phases      ] GC(997)   Post Evacuate Collection Set: 0.4ms
[2024-08-28T01:14:20.859+0000][info][gc,phases      ] GC(997)   Other: 1.1ms
[2024-08-28T01:14:20.859+0000][info][gc,heap        ] GC(997) Eden regions: 44->0(44)
[2024-08-28T01:14:20.859+0000][info][gc,heap        ] GC(997) Survivor regions: 7->7(7)
[2024-08-28T01:14:20.859+0000][info][gc,heap        ] GC(997) Old regions: 898->944
[2024-08-28T01:14:20.859+0000][info][gc,heap        ] GC(997) Archive regions: 2->2
[2024-08-28T01:14:20.859+0000][info][gc,heap        ] GC(997) Humongous regions: 5->5
[2024-08-28T01:14:20.859+0000][info][gc,metaspace   ] GC(997) Metaspace: 100K(320K)->100K(320K) NonClass: 96K(192K)->96K(192K) Class: 4K(128K)->4K(128K)
[2024-08-28T01:14:20.860+0000][info][gc             ] GC(997) Pause Young (Concurrent Start) (G1 Evacuation Pause) 946M->949M(1024M) 11.721ms
[2024-08-28T01:14:20.860+0000][info][gc,cpu         ] GC(997) User=0.24s Sys=0.00s Real=0.02s
[2024-08-28T01:14:20.860+0000][info][gc             ] GC(998) Concurrent Mark Cycle
[2024-08-28T01:14:20.860+0000][info][gc,marking     ] GC(998) Concurrent Clear Claimed Marks
[2024-08-28T01:14:20.860+0000][info][gc,marking     ] GC(998) Concurrent Clear Claimed Marks 0.011ms
[2024-08-28T01:14:20.860+0000][info][gc,marking     ] GC(998) Concurrent Scan Root Regions
[2024-08-28T01:14:20.861+0000][info][gc,marking     ] GC(998) Concurrent Scan Root Regions 1.556ms
[2024-08-28T01:14:20.861+0000][info][gc,marking     ] GC(998) Concurrent Mark
[2024-08-28T01:14:20.861+0000][info][gc,marking     ] GC(998) Concurrent Mark From Roots
[2024-08-28T01:14:20.861+0000][info][gc,task        ] GC(998) Using 17 workers of 17 for marking
[2024-08-28T01:14:20.881+0000][info][gc,start       ] GC(999) Pause Young (Normal) (G1 Preventive Collection)
[2024-08-28T01:14:20.881+0000][info][gc,task        ] GC(999) Using 24 workers of 68 for evacuation
[2024-08-28T01:14:20.888+0000][info][gc,phases      ] GC(999)   Pre Evacuate Collection Set: 0.2ms
[2024-08-28T01:14:20.889+0000][info][gc,phases      ] GC(999)   Merge Heap Roots: 0.6ms
[2024-08-28T01:14:20.889+0000][info][gc,phases      ] GC(999)   Evacuate Collection Set: 6.4ms
[2024-08-28T01:14:20.889+0000][info][gc,phases      ] GC(999)   Post Evacuate Collection Set: 0.4ms
[2024-08-28T01:14:20.889+0000][info][gc,phases      ] GC(999)   Other: 0.3ms
[2024-08-28T01:14:20.889+0000][info][gc,heap        ] GC(999) Eden regions: 28->0(44)
[2024-08-28T01:14:20.889+0000][info][gc,heap        ] GC(999) Survivor regions: 7->7(7)
[2024-08-28T01:14:20.889+0000][info][gc,heap        ] GC(999) Old regions: 944->975
[2024-08-28T01:14:20.889+0000][info][gc,heap        ] GC(999) Archive regions: 2->2
[2024-08-28T01:14:20.889+0000][info][gc,heap        ] GC(999) Humongous regions: 5->5
[2024-08-28T01:14:20.889+0000][info][gc,metaspace   ] GC(999) Metaspace: 100K(320K)->100K(320K) NonClass: 96K(192K)->96K(192K) Class: 4K(128K)->4K(128K)
[2024-08-28T01:14:20.889+0000][info][gc             ] GC(999) Pause Young (Normal) (G1 Preventive Collection) 977M->979M(1024M) 8.040ms
[2024-08-28T01:14:20.889+0000][info][gc,cpu         ] GC(999) User=0.17s Sys=0.00s Real=0.00s
[2024-08-28T01:14:20.894+0000][info][gc,marking     ] GC(998) Concurrent Mark From Roots 32.877ms
[2024-08-28T01:14:20.894+0000][info][gc,marking     ] GC(998) Concurrent Preclean
[2024-08-28T01:14:20.895+0000][info][gc,marking     ] GC(998) Concurrent Preclean 0.503ms
[2024-08-28T01:14:20.895+0000][info][gc,start       ] GC(998) Pause Remark
[2024-08-28T01:14:20.897+0000][info][gc             ] GC(998) Pause Remark 990M->990M(1024M) 1.946ms
[2024-08-28T01:14:20.897+0000][info][gc,cpu         ] GC(998) User=0.01s Sys=0.00s Real=0.00s
[2024-08-28T01:14:20.897+0000][info][gc,marking     ] GC(998) Concurrent Mark 35.763ms
[2024-08-28T01:14:20.897+0000][info][gc,marking     ] GC(998) Concurrent Rebuild Remembered Sets
[2024-08-28T01:14:20.900+0000][info][gc,start       ] GC(1000) Pause Young (Normal) (G1 Preventive Collection)
[2024-08-28T01:14:20.900+0000][info][gc,task        ] GC(1000) Using 24 workers of 68 for evacuation
[2024-08-28T01:14:20.906+0000][info][gc             ] GC(1000) To-space exhausted
[2024-08-28T01:14:20.906+0000][info][gc,phases      ] GC(1000)   Pre Evacuate Collection Set: 0.2ms
[2024-08-28T01:14:20.906+0000][info][gc,phases      ] GC(1000)   Merge Heap Roots: 0.5ms
[2024-08-28T01:14:20.906+0000][info][gc,phases      ] GC(1000)   Evacuate Collection Set: 4.0ms
[2024-08-28T01:14:20.906+0000][info][gc,phases      ] GC(1000)   Post Evacuate Collection Set: 0.6ms
[2024-08-28T01:14:20.906+0000][info][gc,phases      ] GC(1000)   Other: 0.3ms
[2024-08-28T01:14:20.906+0000][info][gc,heap        ] GC(1000) Eden regions: 13->0(44)
[2024-08-28T01:14:20.906+0000][info][gc,heap        ] GC(1000) Survivor regions: 7->7(7)
[2024-08-28T01:14:20.906+0000][info][gc,heap        ] GC(1000) Old regions: 975->1005
[2024-08-28T01:14:20.906+0000][info][gc,heap        ] GC(1000) Archive regions: 2->2
[2024-08-28T01:14:20.906+0000][info][gc,heap        ] GC(1000) Humongous regions: 5->5
[2024-08-28T01:14:20.906+0000][info][gc,metaspace   ] GC(1000) Metaspace: 100K(320K)->100K(320K) NonClass: 96K(192K)->96K(192K) Class: 4K(128K)->4K(128K)
[2024-08-28T01:14:20.906+0000][info][gc             ] GC(1000) Pause Young (Normal) (G1 Preventive Collection) 992M->1010M(1024M) 5.736ms
[2024-08-28T01:14:20.906+0000][info][gc,cpu         ] GC(1000) User=0.11s Sys=0.00s Real=0.00s
[2024-08-28T01:14:20.907+0000][info][gc,start       ] GC(1001) Pause Young (Normal) (G1 Preventive Collection)
[2024-08-28T01:14:20.907+0000][info][gc,task        ] GC(1001) Using 24 workers of 68 for evacuation
[2024-08-28T01:14:20.911+0000][info][gc             ] GC(1001) To-space exhausted
[2024-08-28T01:14:20.911+0000][info][gc,phases      ] GC(1001)   Pre Evacuate Collection Set: 0.2ms
[2024-08-28T01:14:20.911+0000][info][gc,phases      ] GC(1001)   Merge Heap Roots: 0.5ms
[2024-08-28T01:14:20.911+0000][info][gc,phases      ] GC(1001)   Evacuate Collection Set: 2.6ms
[2024-08-28T01:14:20.911+0000][info][gc,phases      ] GC(1001)   Post Evacuate Collection Set: 0.6ms
[2024-08-28T01:14:20.911+0000][info][gc,phases      ] GC(1001)   Other: 0.2ms
[2024-08-28T01:14:20.911+0000][info][gc,heap        ] GC(1001) Eden regions: 1->0(50)
[2024-08-28T01:14:20.912+0000][info][gc,heap        ] GC(1001) Survivor regions: 7->1(4)
[2024-08-28T01:14:20.912+0000][info][gc,heap        ] GC(1001) Old regions: 1005->1016
[2024-08-28T01:14:20.912+0000][info][gc,heap        ] GC(1001) Archive regions: 2->2
[2024-08-28T01:14:20.912+0000][info][gc,heap        ] GC(1001) Humongous regions: 5->5
[2024-08-28T01:14:20.912+0000][info][gc,metaspace   ] GC(1001) Metaspace: 100K(320K)->100K(320K) NonClass: 96K(192K)->96K(192K) Class: 4K(128K)->4K(128K)
[2024-08-28T01:14:20.912+0000][info][gc             ] GC(1001) Pause Young (Normal) (G1 Preventive Collection) 1011M->1015M(1024M) 4.248ms
[2024-08-28T01:14:20.912+0000][info][gc,cpu         ] GC(1001) User=0.07s Sys=0.00s Real=0.01s
[2024-08-28T01:14:20.912+0000][info][gc,ergo        ] Attempting full compaction
[2024-08-28T01:14:20.912+0000][info][gc,task        ] GC(1002) Using 24 workers of 68 for full compaction
[2024-08-28T01:14:20.912+0000][info][gc,start       ] GC(1002) Pause Full (G1 Compaction Pause)
[2024-08-28T01:14:20.913+0000][info][gc,phases,start] GC(1002) Phase 1: Mark live objects
[2024-08-28T01:14:20.927+0000][info][gc,phases      ] GC(1002) Phase 1: Mark live objects 13.890ms
[2024-08-28T01:14:20.927+0000][info][gc,phases,start] GC(1002) Phase 2: Prepare for compaction
[2024-08-28T01:14:20.935+0000][info][gc,phases      ] GC(1002) Phase 2: Prepare for compaction 7.961ms
[2024-08-28T01:14:20.935+0000][info][gc,phases,start] GC(1002) Phase 3: Adjust pointers
[2024-08-28T01:14:20.948+0000][info][gc,phases      ] GC(1002) Phase 3: Adjust pointers 13.623ms
[2024-08-28T01:14:20.948+0000][info][gc,phases,start] GC(1002) Phase 4: Compact heap
[2024-08-28T01:14:20.977+0000][info][gc,phases      ] GC(1002) Phase 4: Compact heap 28.035ms
[2024-08-28T01:14:20.978+0000][info][gc,heap        ] GC(1002) Eden regions: 0->0(150)
[2024-08-28T01:14:20.978+0000][info][gc,heap        ] GC(1002) Survivor regions: 1->0(4)
[2024-08-28T01:14:20.978+0000][info][gc,heap        ] GC(1002) Old regions: 1016->443
[2024-08-28T01:14:20.978+0000][info][gc,heap        ] GC(1002) Archive regions: 2->2
[2024-08-28T01:14:20.978+0000][info][gc,heap        ] GC(1002) Humongous regions: 5->5
[2024-08-28T01:14:20.978+0000][info][gc,metaspace   ] GC(1002) Metaspace: 100K(320K)->100K(320K) NonClass: 96K(192K)->96K(192K) Class: 4K(128K)->4K(128K)
[2024-08-28T01:14:20.978+0000][info][gc             ] GC(1002) Pause Full (G1 Compaction Pause) 1015M->437M(1024M) 66.042ms
[2024-08-28T01:14:20.978+0000][info][gc,cpu         ] GC(1002) User=1.43s Sys=0.00s Real=0.07s
[2024-08-28T01:14:20.978+0000][info][gc,marking     ] GC(998) Concurrent Rebuild Remembered Sets 81.278ms
[2024-08-28T01:14:20.978+0000][info][gc,marking     ] GC(998) Concurrent Mark Abort
[2024-08-28T01:14:20.978+0000][info][gc             ] GC(998) Concurrent Mark Cycle 118.823ms
[2024-08-28T01:14:21.052+0000][info][gc,start       ] GC(1003) Pause Young (Normal) (G1 Evacuation Pause)
[2024-08-28T01:14:21.052+0000][info][gc,task        ] GC(1003) Using 24 workers of 68 for evacuation
[2024-08-28T01:14:21.074+0000][info][gc,phases      ] GC(1003)   Pre Evacuate Collection Set: 0.2ms
[2024-08-28T01:14:21.075+0000][info][gc,phases      ] GC(1003)   Merge Heap Roots: 0.6ms
[2024-08-28T01:14:21.075+0000][info][gc,phases      ] GC(1003)   Evacuate Collection Set: 21.3ms
[2024-08-28T01:14:21.075+0000][info][gc,phases      ] GC(1003)   Post Evacuate Collection Set: 0.5ms
[2024-08-28T01:14:21.075+0000][info][gc,phases      ] GC(1003)   Other: 0.4ms
[2024-08-28T01:14:21.075+0000][info][gc,heap        ] GC(1003) Eden regions: 150->0(103)
[2024-08-28T01:14:21.075+0000][info][gc,heap        ] GC(1003) Survivor regions: 0->19(19)
[2024-08-28T01:14:21.075+0000][info][gc,heap        ] GC(1003) Old regions: 443->570
[2024-08-28T01:14:21.075+0000][info][gc,heap        ] GC(1003) Archive regions: 2->2
[2024-08-28T01:14:21.075+0000][info][gc,heap        ] GC(1003) Humongous regions: 5->5
[2024-08-28T01:14:21.075+0000][info][gc,metaspace   ] GC(1003) Metaspace: 100K(320K)->100K(320K) NonClass: 96K(192K)->96K(192K) Class: 4K(128K)->4K(128K)
[2024-08-28T01:14:21.075+0000][info][gc             ] GC(1003) Pause Young (Normal) (G1 Evacuation Pause) 587M->583M(1024M) 23.039ms
[2024-08-28T01:14:21.075+0000][info][gc,cpu         ] GC(1003) User=0.52s Sys=0.00s Real=0.02s
[2024-08-28T01:14:21.125+0000][info][gc,start       ] GC(1004) Pause Young (Concurrent Start) (G1 Evacuation Pause)
[2024-08-28T01:14:21.125+0000][info][gc,task        ] GC(1004) Using 24 workers of 68 for evacuation
[2024-08-28T01:14:21.146+0000][info][gc,phases      ] GC(1004)   Pre Evacuate Collection Set: 0.2ms
[2024-08-28T01:14:21.146+0000][info][gc,phases      ] GC(1004)   Merge Heap Roots: 0.6ms
[2024-08-28T01:14:21.146+0000][info][gc,phases      ] GC(1004)   Evacuate Collection Set: 18.4ms
[2024-08-28T01:14:21.146+0000][info][gc,phases      ] GC(1004)   Post Evacuate Collection Set: 0.5ms
[2024-08-28T01:14:21.146+0000][info][gc,phases      ] GC(1004)   Other: 0.7ms
[2024-08-28T01:14:21.146+0000][info][gc,heap        ] GC(1004) Eden regions: 103->0(70)
[2024-08-28T01:14:21.146+0000][info][gc,heap        ] GC(1004) Survivor regions: 19->16(16)
[2024-08-28T01:14:21.146+0000][info][gc,heap        ] GC(1004) Old regions: 570->677
[2024-08-28T01:14:21.146+0000][info][gc,heap        ] GC(1004) Archive regions: 2->2
[2024-08-28T01:14:21.146+0000][info][gc,heap        ] GC(1004) Humongous regions: 5->5
[2024-08-28T01:14:21.146+0000][info][gc,metaspace   ] GC(1004) Metaspace: 100K(320K)->100K(320K) NonClass: 96K(192K)->96K(192K) Class: 4K(128K)->4K(128K)
[2024-08-28T01:14:21.146+0000][info][gc             ] GC(1004) Pause Young (Concurrent Start) (G1 Evacuation Pause) 686M->687M(1024M) 20.477ms
[2024-08-28T01:14:21.146+0000][info][gc,cpu         ] GC(1004) User=0.44s Sys=0.01s Real=0.02s
[2024-08-28T01:14:21.146+0000][info][gc             ] GC(1005) Concurrent Mark Cycle
[2024-08-28T01:14:21.146+0000][info][gc,marking     ] GC(1005) Concurrent Clear Claimed Marks
[2024-08-28T01:14:21.146+0000][info][gc,marking     ] GC(1005) Concurrent Clear Claimed Marks 0.010ms
[2024-08-28T01:14:21.146+0000][info][gc,marking     ] GC(1005) Concurrent Scan Root Regions
[2024-08-28T01:14:21.149+0000][info][gc,marking     ] GC(1005) Concurrent Scan Root Regions 3.371ms
[2024-08-28T01:14:21.149+0000][info][gc,marking     ] GC(1005) Concurrent Mark
[2024-08-28T01:14:21.149+0000][info][gc,marking     ] GC(1005) Concurrent Mark From Roots
[2024-08-28T01:14:21.149+0000][info][gc,task        ] GC(1005) Using 17 workers of 17 for marking
[2024-08-28T01:14:21.170+0000][info][gc,marking     ] GC(1005) Concurrent Mark From Roots 21.105ms
[2024-08-28T01:14:21.171+0000][info][gc,marking     ] GC(1005) Concurrent Preclean
[2024-08-28T01:14:21.171+0000][info][gc,marking     ] GC(1005) Concurrent Preclean 0.503ms
[2024-08-28T01:14:21.171+0000][info][gc,start       ] GC(1005) Pause Remark
[2024-08-28T01:14:21.173+0000][info][gc             ] GC(1005) Pause Remark 723M->723M(1024M) 1.610ms
[2024-08-28T01:14:21.173+0000][info][gc,cpu         ] GC(1005) User=0.01s Sys=0.00s Real=0.00s
[2024-08-28T01:14:21.173+0000][info][gc,marking     ] GC(1005) Concurrent Mark 23.687ms
[2024-08-28T01:14:21.173+0000][info][gc,marking     ] GC(1005) Concurrent Rebuild Remembered Sets
[2024-08-28T01:14:21.189+0000][info][gc,marking     ] GC(1005) Concurrent Rebuild Remembered Sets 16.107ms
[2024-08-28T01:14:21.189+0000][info][gc,start       ] GC(1005) Pause Cleanup
[2024-08-28T01:14:21.191+0000][info][gc             ] GC(1005) Pause Cleanup 749M->749M(1024M) 1.183ms
[2024-08-28T01:14:21.191+0000][info][gc,cpu         ] GC(1005) User=0.00s Sys=0.01s Real=0.00s
[2024-08-28T01:14:21.191+0000][info][gc,marking     ] GC(1005) Concurrent Cleanup for Next Mark
[2024-08-28T01:14:21.191+0000][info][gc,marking     ] GC(1005) Concurrent Cleanup for Next Mark 0.602ms
[2024-08-28T01:14:21.191+0000][info][gc             ] GC(1005) Concurrent Mark Cycle 45.462ms
[2024-08-28T01:14:21.196+0000][info][gc,start       ] GC(1006) Pause Young (Prepare Mixed) (G1 Evacuation Pause)
[2024-08-28T01:14:21.196+0000][info][gc,task        ] GC(1006) Using 24 workers of 68 for evacuation
[2024-08-28T01:14:21.211+0000][info][gc,phases      ] GC(1006)   Pre Evacuate Collection Set: 0.1ms
[2024-08-28T01:14:21.211+0000][info][gc,phases      ] GC(1006)   Merge Heap Roots: 0.4ms
[2024-08-28T01:14:21.211+0000][info][gc,phases      ] GC(1006)   Evacuate Collection Set: 14.4ms
[2024-08-28T01:14:21.211+0000][info][gc,phases      ] GC(1006)   Post Evacuate Collection Set: 0.3ms
[2024-08-28T01:14:21.211+0000][info][gc,phases      ] GC(1006)   Other: 0.2ms
[2024-08-28T01:14:21.211+0000][info][gc,heap        ] GC(1006) Eden regions: 70->0(40)
[2024-08-28T01:14:21.211+0000][info][gc,heap        ] GC(1006) Survivor regions: 16->11(11)
[2024-08-28T01:14:21.211+0000][info][gc,heap        ] GC(1006) Old regions: 677->756
[2024-08-28T01:14:21.211+0000][info][gc,heap        ] GC(1006) Archive regions: 2->2
[2024-08-28T01:14:21.211+0000][info][gc,heap        ] GC(1006) Humongous regions: 5->5
[2024-08-28T01:14:21.211+0000][info][gc,metaspace   ] GC(1006) Metaspace: 100K(320K)->100K(320K) NonClass: 96K(192K)->96K(192K) Class: 4K(128K)->4K(128K)
[2024-08-28T01:14:21.211+0000][info][gc             ] GC(1006) Pause Young (Prepare Mixed) (G1 Evacuation Pause) 757M->761M(1024M) 15.557ms
[2024-08-28T01:14:21.211+0000][info][gc,cpu         ] GC(1006) User=0.35s Sys=0.00s Real=0.02s
[2024-08-28T01:14:21.230+0000][info][gc,start       ] GC(1007) Pause Young (Mixed) (G1 Evacuation Pause)
[2024-08-28T01:14:21.230+0000][info][gc,task        ] GC(1007) Using 24 workers of 68 for evacuation
[2024-08-28T01:14:21.243+0000][info][gc,phases      ] GC(1007)   Pre Evacuate Collection Set: 0.2ms
[2024-08-28T01:14:21.243+0000][info][gc,phases      ] GC(1007)   Merge Heap Roots: 0.3ms
[2024-08-28T01:14:21.243+0000][info][gc,phases      ] GC(1007)   Evacuate Collection Set: 12.0ms
[2024-08-28T01:14:21.243+0000][info][gc,phases      ] GC(1007)   Post Evacuate Collection Set: 0.4ms
[2024-08-28T01:14:21.243+0000][info][gc,phases      ] GC(1007)   Other: 0.3ms
[2024-08-28T01:14:21.243+0000][info][gc,heap        ] GC(1007) Eden regions: 40->0(44)
[2024-08-28T01:14:21.243+0000][info][gc,heap        ] GC(1007) Survivor regions: 11->7(7)
[2024-08-28T01:14:21.243+0000][info][gc,heap        ] GC(1007) Old regions: 756->743
[2024-08-28T01:14:21.243+0000][info][gc,heap        ] GC(1007) Archive regions: 2->2
[2024-08-28T01:14:21.243+0000][info][gc,heap        ] GC(1007) Humongous regions: 5->5
[2024-08-28T01:14:21.243+0000][info][gc,metaspace   ] GC(1007) Metaspace: 100K(320K)->100K(320K) NonClass: 96K(192K)->96K(192K) Class: 4K(128K)->4K(128K)
[2024-08-28T01:14:21.244+0000][info][gc             ] GC(1007) Pause Young (Mixed) (G1 Evacuation Pause) 801M->745M(1024M) 13.300ms
[2024-08-28T01:14:21.244+0000][info][gc,cpu         ] GC(1007) User=0.29s Sys=0.00s Real=0.01s
[2024-08-28T01:14:21.265+0000][info][gc,start       ] GC(1008) Pause Young (Mixed) (G1 Evacuation Pause)
[2024-08-28T01:14:21.265+0000][info][gc,task        ] GC(1008) Using 24 workers of 68 for evacuation
[2024-08-28T01:14:21.277+0000][info][gc,phases      ] GC(1008)   Pre Evacuate Collection Set: 0.3ms
[2024-08-28T01:14:21.277+0000][info][gc,phases      ] GC(1008)   Merge Heap Roots: 0.3ms
[2024-08-28T01:14:21.277+0000][info][gc,phases      ] GC(1008)   Evacuate Collection Set: 10.6ms
[2024-08-28T01:14:21.277+0000][info][gc,phases      ] GC(1008)   Post Evacuate Collection Set: 0.3ms
[2024-08-28T01:14:21.277+0000][info][gc,phases      ] GC(1008)   Other: 0.3ms
[2024-08-28T01:14:21.277+0000][info][gc,heap        ] GC(1008) Eden regions: 44->0(44)
[2024-08-28T01:14:21.277+0000][info][gc,heap        ] GC(1008) Survivor regions: 7->7(7)
[2024-08-28T01:14:21.277+0000][info][gc,heap        ] GC(1008) Old regions: 743->728
[2024-08-28T01:14:21.277+0000][info][gc,heap        ] GC(1008) Archive regions: 2->2
[2024-08-28T01:14:21.277+0000][info][gc,heap        ] GC(1008) Humongous regions: 5->5
[2024-08-28T01:14:21.277+0000][info][gc,metaspace   ] GC(1008) Metaspace: 100K(320K)->100K(320K) NonClass: 96K(192K)->96K(192K) Class: 4K(128K)->4K(128K)
[2024-08-28T01:14:21.277+0000][info][gc             ] GC(1008) Pause Young (Mixed) (G1 Evacuation Pause) 789M->730M(1024M) 11.881ms
[2024-08-28T01:14:21.277+0000][info][gc,cpu         ] GC(1008) User=0.26s Sys=0.00s Real=0.01s
[2024-08-28T01:14:21.297+0000][info][gc,start       ] GC(1009) Pause Young (Mixed) (G1 Evacuation Pause)
[2024-08-28T01:14:21.297+0000][info][gc,task        ] GC(1009) Using 24 workers of 68 for evacuation
[2024-08-28T01:14:21.308+0000][info][gc,phases      ] GC(1009)   Pre Evacuate Collection Set: 0.2ms
[2024-08-28T01:14:21.308+0000][info][gc,phases      ] GC(1009)   Merge Heap Roots: 0.4ms
[2024-08-28T01:14:21.309+0000][info][gc,phases      ] GC(1009)   Evacuate Collection Set: 9.9ms
[2024-08-28T01:14:21.309+0000][info][gc,phases      ] GC(1009)   Post Evacuate Collection Set: 0.4ms
[2024-08-28T01:14:21.309+0000][info][gc,phases      ] GC(1009)   Other: 0.3ms
[2024-08-28T01:14:21.309+0000][info][gc,heap        ] GC(1009) Eden regions: 44->0(44)
[2024-08-28T01:14:21.309+0000][info][gc,heap        ] GC(1009) Survivor regions: 7->7(7)
[2024-08-28T01:14:21.309+0000][info][gc,heap        ] GC(1009) Old regions: 728->712
[2024-08-28T01:14:21.309+0000][info][gc,heap        ] GC(1009) Archive regions: 2->2
[2024-08-28T01:14:21.309+0000][info][gc,heap        ] GC(1009) Humongous regions: 5->5
[2024-08-28T01:14:21.309+0000][info][gc,metaspace   ] GC(1009) Metaspace: 100K(320K)->100K(320K) NonClass: 96K(192K)->96K(192K) Class: 4K(128K)->4K(128K)
[2024-08-28T01:14:21.309+0000][info][gc             ] GC(1009) Pause Young (Mixed) (G1 Evacuation Pause) 774M->715M(1024M) 11.289ms
[2024-08-28T01:14:21.309+0000][info][gc,cpu         ] GC(1009) User=0.24s Sys=0.00s Real=0.01s
[2024-08-28T01:14:21.330+0000][info][gc,start       ] GC(1010) Pause Young (Mixed) (G1 Evacuation Pause)
[2024-08-28T01:14:21.330+0000][info][gc,task        ] GC(1010) Using 24 workers of 68 for evacuation
[2024-08-28T01:14:21.340+0000][info][gc,phases      ] GC(1010)   Pre Evacuate Collection Set: 0.2ms
[2024-08-28T01:14:21.340+0000][info][gc,phases      ] GC(1010)   Merge Heap Roots: 0.3ms
[2024-08-28T01:14:21.340+0000][info][gc,phases      ] GC(1010)   Evacuate Collection Set: 9.5ms
[2024-08-28T01:14:21.340+0000][info][gc,phases      ] GC(1010)   Post Evacuate Collection Set: 0.4ms
[2024-08-28T01:14:21.340+0000][info][gc,phases      ] GC(1010)   Other: 0.3ms
[2024-08-28T01:14:21.340+0000][info][gc,heap        ] GC(1010) Eden regions: 44->0(49)
[2024-08-28T01:14:21.340+0000][info][gc,heap        ] GC(1010) Survivor regions: 7->7(7)
[2024-08-28T01:14:21.340+0000][info][gc,heap        ] GC(1010) Old regions: 712->749
[2024-08-28T01:14:21.340+0000][info][gc,heap        ] GC(1010) Archive regions: 2->2
[2024-08-28T01:14:21.340+0000][info][gc,heap        ] GC(1010) Humongous regions: 5->5
[2024-08-28T01:14:21.340+0000][info][gc,metaspace   ] GC(1010) Metaspace: 100K(320K)->100K(320K) NonClass: 96K(192K)->96K(192K) Class: 4K(128K)->4K(128K)
[2024-08-28T01:14:21.340+0000][info][gc             ] GC(1010) Pause Young (Mixed) (G1 Evacuation Pause) 759M->752M(1024M) 10.744ms
[2024-08-28T01:14:21.340+0000][info][gc,cpu         ] GC(1010) User=0.22s Sys=0.00s Real=0.01s
[2024-08-28T01:14:21.364+0000][info][gc,start       ] GC(1011) Pause Young (Concurrent Start) (G1 Evacuation Pause)
[2024-08-28T01:14:21.364+0000][info][gc,task        ] GC(1011) Using 24 workers of 68 for evacuation
[2024-08-28T01:14:21.376+0000][info][gc,phases      ] GC(1011)   Pre Evacuate Collection Set: 0.2ms
[2024-08-28T01:14:21.376+0000][info][gc,phases      ] GC(1011)   Merge Heap Roots: 0.3ms
[2024-08-28T01:14:21.376+0000][info][gc,phases      ] GC(1011)   Evacuate Collection Set: 10.3ms
[2024-08-28T01:14:21.376+0000][info][gc,phases      ] GC(1011)   Post Evacuate Collection Set: 0.4ms
[2024-08-28T01:14:21.376+0000][info][gc,phases      ] GC(1011)   Other: 1.0ms
[2024-08-28T01:14:21.376+0000][info][gc,heap        ] GC(1011) Eden regions: 49->0(44)
[2024-08-28T01:14:21.376+0000][info][gc,heap        ] GC(1011) Survivor regions: 7->7(7)
[2024-08-28T01:14:21.376+0000][info][gc,heap        ] GC(1011) Old regions: 749->801
[2024-08-28T01:14:21.376+0000][info][gc,heap        ] GC(1011) Archive regions: 2->2
[2024-08-28T01:14:21.376+0000][info][gc,heap        ] GC(1011) Humongous regions: 5->5
[2024-08-28T01:14:21.376+0000][info][gc,metaspace   ] GC(1011) Metaspace: 100K(320K)->100K(320K) NonClass: 96K(192K)->96K(192K) Class: 4K(128K)->4K(128K)
[2024-08-28T01:14:21.376+0000][info][gc             ] GC(1011) Pause Young (Concurrent Start) (G1 Evacuation Pause) 801M->804M(1024M) 12.354ms
[2024-08-28T01:14:21.376+0000][info][gc,cpu         ] GC(1011) User=0.25s Sys=0.00s Real=0.01s
[2024-08-28T01:14:21.376+0000][info][gc             ] GC(1012) Concurrent Mark Cycle
[2024-08-28T01:14:21.376+0000][info][gc,marking     ] GC(1012) Concurrent Clear Claimed Marks
[2024-08-28T01:14:21.376+0000][info][gc,marking     ] GC(1012) Concurrent Clear Claimed Marks 0.017ms
[2024-08-28T01:14:21.376+0000][info][gc,marking     ] GC(1012) Concurrent Scan Root Regions
[2024-08-28T01:14:21.378+0000][info][gc,marking     ] GC(1012) Concurrent Scan Root Regions 1.701ms
[2024-08-28T01:14:21.378+0000][info][gc,marking     ] GC(1012) Concurrent Mark
[2024-08-28T01:14:21.378+0000][info][gc,marking     ] GC(1012) Concurrent Mark From Roots
[2024-08-28T01:14:21.378+0000][info][gc,task        ] GC(1012) Using 17 workers of 17 for marking
[2024-08-28T01:14:21.401+0000][info][gc,marking     ] GC(1012) Concurrent Mark From Roots 23.320ms
[2024-08-28T01:14:21.401+0000][info][gc,marking     ] GC(1012) Concurrent Preclean
[2024-08-28T01:14:21.403+0000][info][gc,marking     ] GC(1012) Concurrent Preclean 1.068ms
[2024-08-28T01:14:21.403+0000][info][gc,start       ] GC(1012) Pause Remark
[2024-08-28T01:14:21.404+0000][info][gc             ] GC(1012) Pause Remark 843M->843M(1024M) 1.198ms
[2024-08-28T01:14:21.404+0000][info][gc,cpu         ] GC(1012) User=0.01s Sys=0.00s Real=0.00s
[2024-08-28T01:14:21.404+0000][info][gc,marking     ] GC(1012) Concurrent Mark 25.989ms
[2024-08-28T01:14:21.404+0000][info][gc,marking     ] GC(1012) Concurrent Rebuild Remembered Sets
[2024-08-28T01:14:21.407+0000][info][gc,start       ] GC(1013) Pause Young (Normal) (G1 Evacuation Pause)
[2024-08-28T01:14:21.407+0000][info][gc,task        ] GC(1013) Using 24 workers of 68 for evacuation
[2024-08-28T01:14:21.417+0000][info][gc,phases      ] GC(1013)   Pre Evacuate Collection Set: 0.1ms
[2024-08-28T01:14:21.417+0000][info][gc,phases      ] GC(1013)   Merge Heap Roots: 0.4ms
[2024-08-28T01:14:21.417+0000][info][gc,phases      ] GC(1013)   Evacuate Collection Set: 9.1ms
[2024-08-28T01:14:21.417+0000][info][gc,phases      ] GC(1013)   Post Evacuate Collection Set: 0.5ms
[2024-08-28T01:14:21.417+0000][info][gc,phases      ] GC(1013)   Other: 0.2ms
[2024-08-28T01:14:21.417+0000][info][gc,heap        ] GC(1013) Eden regions: 44->0(44)
[2024-08-28T01:14:21.417+0000][info][gc,heap        ] GC(1013) Survivor regions: 7->7(7)
[2024-08-28T01:14:21.417+0000][info][gc,heap        ] GC(1013) Old regions: 801->848
[2024-08-28T01:14:21.417+0000][info][gc,heap        ] GC(1013) Archive regions: 2->2
[2024-08-28T01:14:21.418+0000][info][gc,heap        ] GC(1013) Humongous regions: 5->5
[2024-08-28T01:14:21.418+0000][info][gc,metaspace   ] GC(1013) Metaspace: 100K(320K)->100K(320K) NonClass: 96K(192K)->96K(192K) Class: 4K(128K)->4K(128K)
[2024-08-28T01:14:21.418+0000][info][gc             ] GC(1013) Pause Young (Normal) (G1 Evacuation Pause) 848M->851M(1024M) 10.409ms
[2024-08-28T01:14:21.418+0000][info][gc,cpu         ] GC(1013) User=0.23s Sys=0.00s Real=0.02s
[2024-08-28T01:14:21.440+0000][info][gc,start       ] GC(1014) Pause Young (Normal) (G1 Evacuation Pause)
[2024-08-28T01:14:21.440+0000][info][gc,task        ] GC(1014) Using 24 workers of 68 for evacuation
[2024-08-28T01:14:21.454+0000][info][gc,phases      ] GC(1014)   Pre Evacuate Collection Set: 0.2ms
[2024-08-28T01:14:21.454+0000][info][gc,phases      ] GC(1014)   Merge Heap Roots: 0.3ms
[2024-08-28T01:14:21.454+0000][info][gc,phases      ] GC(1014)   Evacuate Collection Set: 13.2ms
[2024-08-28T01:14:21.454+0000][info][gc,phases      ] GC(1014)   Post Evacuate Collection Set: 0.5ms
[2024-08-28T01:14:21.454+0000][info][gc,phases      ] GC(1014)   Other: 0.2ms
[2024-08-28T01:14:21.454+0000][info][gc,heap        ] GC(1014) Eden regions: 44->0(44)
[2024-08-28T01:14:21.454+0000][info][gc,heap        ] GC(1014) Survivor regions: 7->7(7)
[2024-08-28T01:14:21.454+0000][info][gc,heap        ] GC(1014) Old regions: 848->895
[2024-08-28T01:14:21.454+0000][info][gc,heap        ] GC(1014) Archive regions: 2->2
[2024-08-28T01:14:21.454+0000][info][gc,heap        ] GC(1014) Humongous regions: 5->5
[2024-08-28T01:14:21.454+0000][info][gc,metaspace   ] GC(1014) Metaspace: 100K(320K)->100K(320K) NonClass: 96K(192K)->96K(192K) Class: 4K(128K)->4K(128K)
[2024-08-28T01:14:21.454+0000][info][gc             ] GC(1014) Pause Young (Normal) (G1 Evacuation Pause) 895M->898M(1024M) 14.457ms
[2024-08-28T01:14:21.454+0000][info][gc,cpu         ] GC(1014) User=0.32s Sys=0.01s Real=0.01s
[2024-08-28T01:14:21.477+0000][info][gc,start       ] GC(1015) Pause Young (Normal) (G1 Evacuation Pause)
[2024-08-28T01:14:21.477+0000][info][gc,task        ] GC(1015) Using 24 workers of 68 for evacuation
[2024-08-28T01:14:21.493+0000][info][gc,phases      ] GC(1015)   Pre Evacuate Collection Set: 0.2ms
[2024-08-28T01:14:21.493+0000][info][gc,phases      ] GC(1015)   Merge Heap Roots: 0.6ms
[2024-08-28T01:14:21.493+0000][info][gc,phases      ] GC(1015)   Evacuate Collection Set: 14.3ms
[2024-08-28T01:14:21.493+0000][info][gc,phases      ] GC(1015)   Post Evacuate Collection Set: 0.6ms
[2024-08-28T01:14:21.493+0000][info][gc,phases      ] GC(1015)   Other: 0.2ms
[2024-08-28T01:14:21.493+0000][info][gc,heap        ] GC(1015) Eden regions: 44->0(44)
[2024-08-28T01:14:21.493+0000][info][gc,heap        ] GC(1015) Survivor regions: 7->7(7)
[2024-08-28T01:14:21.493+0000][info][gc,heap        ] GC(1015) Old regions: 895->942
[2024-08-28T01:14:21.493+0000][info][gc,heap        ] GC(1015) Archive regions: 2->2
[2024-08-28T01:14:21.493+0000][info][gc,heap        ] GC(1015) Humongous regions: 5->5
[2024-08-28T01:14:21.493+0000][info][gc,metaspace   ] GC(1015) Metaspace: 100K(320K)->100K(320K) NonClass: 96K(192K)->96K(192K) Class: 4K(128K)->4K(128K)
[2024-08-28T01:14:21.493+0000][info][gc             ] GC(1015) Pause Young (Normal) (G1 Evacuation Pause) 942M->945M(1024M) 15.924ms
[2024-08-28T01:14:21.493+0000][info][gc,cpu         ] GC(1015) User=0.36s Sys=0.00s Real=0.02s
[2024-08-28T01:14:21.498+0000][info][gc,marking     ] GC(1012) Concurrent Rebuild Remembered Sets 93.972ms
[2024-08-28T01:14:21.498+0000][info][gc,start       ] GC(1012) Pause Cleanup
[2024-08-28T01:14:21.500+0000][info][gc             ] GC(1012) Pause Cleanup 955M->955M(1024M) 1.465ms
[2024-08-28T01:14:21.500+0000][info][gc,cpu         ] GC(1012) User=0.01s Sys=0.00s Real=0.00s
[2024-08-28T01:14:21.500+0000][info][gc,marking     ] GC(1012) Concurrent Cleanup for Next Mark
[2024-08-28T01:14:21.501+0000][info][gc,marking     ] GC(1012) Concurrent Cleanup for Next Mark 0.641ms
[2024-08-28T01:14:21.501+0000][info][gc             ] GC(1012) Concurrent Mark Cycle 124.316ms
[2024-08-28T01:14:21.510+0000][info][gc,start       ] GC(1016) Pause Young (Prepare Mixed) (G1 Preventive Collection)
[2024-08-28T01:14:21.510+0000][info][gc,task        ] GC(1016) Using 24 workers of 68 for evacuation
[2024-08-28T01:14:21.526+0000][info][gc,phases      ] GC(1016)   Pre Evacuate Collection Set: 0.2ms
[2024-08-28T01:14:21.526+0000][info][gc,phases      ] GC(1016)   Merge Heap Roots: 0.7ms
[2024-08-28T01:14:21.526+0000][info][gc,phases      ] GC(1016)   Evacuate Collection Set: 14.0ms
[2024-08-28T01:14:21.526+0000][info][gc,phases      ] GC(1016)   Post Evacuate Collection Set: 0.3ms
[2024-08-28T01:14:21.526+0000][info][gc,phases      ] GC(1016)   Other: 0.2ms
[2024-08-28T01:14:21.526+0000][info][gc,heap        ] GC(1016) Eden regions: 29->0(44)
[2024-08-28T01:14:21.526+0000][info][gc,heap        ] GC(1016) Survivor regions: 7->7(7)
[2024-08-28T01:14:21.526+0000][info][gc,heap        ] GC(1016) Old regions: 942->974
[2024-08-28T01:14:21.526+0000][info][gc,heap        ] GC(1016) Archive regions: 2->2
[2024-08-28T01:14:21.526+0000][info][gc,heap        ] GC(1016) Humongous regions: 5->5
[2024-08-28T01:14:21.526+0000][info][gc,metaspace   ] GC(1016) Metaspace: 100K(320K)->100K(320K) NonClass: 96K(192K)->96K(192K) Class: 4K(128K)->4K(128K)
[2024-08-28T01:14:21.526+0000][info][gc             ] GC(1016) Pause Young (Prepare Mixed) (G1 Preventive Collection) 974M->977M(1024M) 15.494ms
[2024-08-28T01:14:21.526+0000][info][gc,cpu         ] GC(1016) User=0.34s Sys=0.02s Real=0.01s
[2024-08-28T01:14:21.532+0000][info][gc,start       ] GC(1017) Pause Young (Mixed) (G1 Preventive Collection)
[2024-08-28T01:14:21.532+0000][info][gc,task        ] GC(1017) Using 24 workers of 68 for evacuation
[2024-08-28T01:14:21.538+0000][info][gc,phases      ] GC(1017)   Pre Evacuate Collection Set: 0.2ms
[2024-08-28T01:14:21.538+0000][info][gc,phases      ] GC(1017)   Merge Heap Roots: 0.2ms
[2024-08-28T01:14:21.538+0000][info][gc,phases      ] GC(1017)   Evacuate Collection Set: 5.0ms
[2024-08-28T01:14:21.538+0000][info][gc,phases      ] GC(1017)   Post Evacuate Collection Set: 0.3ms
[2024-08-28T01:14:21.538+0000][info][gc,phases      ] GC(1017)   Other: 0.2ms
[2024-08-28T01:14:21.538+0000][info][gc,heap        ] GC(1017) Eden regions: 13->0(44)
[2024-08-28T01:14:21.538+0000][info][gc,heap        ] GC(1017) Survivor regions: 7->7(7)
[2024-08-28T01:14:21.538+0000][info][gc,heap        ] GC(1017) Old regions: 974->928
[2024-08-28T01:14:21.538+0000][info][gc,heap        ] GC(1017) Archive regions: 2->2
[2024-08-28T01:14:21.538+0000][info][gc,heap        ] GC(1017) Humongous regions: 5->5
[2024-08-28T01:14:21.538+0000][info][gc,metaspace   ] GC(1017) Metaspace: 100K(320K)->100K(320K) NonClass: 96K(192K)->96K(192K) Class: 4K(128K)->4K(128K)
[2024-08-28T01:14:21.538+0000][info][gc             ] GC(1017) Pause Young (Mixed) (G1 Preventive Collection) 990M->936M(1024M) 5.926ms
[2024-08-28T01:14:21.538+0000][info][gc,cpu         ] GC(1017) User=0.12s Sys=0.00s Real=0.01s
[2024-08-28T01:14:21.553+0000][info][gc,start       ] GC(1018) Pause Young (Mixed) (G1 Preventive Collection)
[2024-08-28T01:14:21.553+0000][info][gc,task        ] GC(1018) Using 24 workers of 68 for evacuation
[2024-08-28T01:14:21.562+0000][info][gc,phases      ] GC(1018)   Pre Evacuate Collection Set: 0.2ms
[2024-08-28T01:14:21.562+0000][info][gc,phases      ] GC(1018)   Merge Heap Roots: 0.4ms
[2024-08-28T01:14:21.562+0000][info][gc,phases      ] GC(1018)   Evacuate Collection Set: 7.9ms
[2024-08-28T01:14:21.562+0000][info][gc,phases      ] GC(1018)   Post Evacuate Collection Set: 0.3ms
[2024-08-28T01:14:21.562+0000][info][gc,phases      ] GC(1018)   Other: 0.2ms
[2024-08-28T01:14:21.562+0000][info][gc,heap        ] GC(1018) Eden regions: 35->0(44)
[2024-08-28T01:14:21.562+0000][info][gc,heap        ] GC(1018) Survivor regions: 7->7(7)
[2024-08-28T01:14:21.562+0000][info][gc,heap        ] GC(1018) Old regions: 928->901
[2024-08-28T01:14:21.562+0000][info][gc,heap        ] GC(1018) Archive regions: 2->2
[2024-08-28T01:14:21.562+0000][info][gc,heap        ] GC(1018) Humongous regions: 5->5
[2024-08-28T01:14:21.562+0000][info][gc,metaspace   ] GC(1018) Metaspace: 100K(320K)->100K(320K) NonClass: 96K(192K)->96K(192K) Class: 4K(128K)->4K(128K)
[2024-08-28T01:14:21.562+0000][info][gc             ] GC(1018) Pause Young (Mixed) (G1 Preventive Collection) 971M->911M(1024M) 9.067ms
[2024-08-28T01:14:21.562+0000][info][gc,cpu         ] GC(1018) User=0.19s Sys=0.00s Real=0.01s
[2024-08-28T01:14:21.582+0000][info][gc,start       ] GC(1019) Pause Young (Mixed) (G1 Evacuation Pause)
[2024-08-28T01:14:21.582+0000][info][gc,task        ] GC(1019) Using 24 workers of 68 for evacuation
[2024-08-28T01:14:21.593+0000][info][gc,phases      ] GC(1019)   Pre Evacuate Collection Set: 0.2ms
[2024-08-28T01:14:21.593+0000][info][gc,phases      ] GC(1019)   Merge Heap Roots: 0.3ms
[2024-08-28T01:14:21.593+0000][info][gc,phases      ] GC(1019)   Evacuate Collection Set: 9.7ms
[2024-08-28T01:14:21.593+0000][info][gc,phases      ] GC(1019)   Post Evacuate Collection Set: 0.4ms
[2024-08-28T01:14:21.593+0000][info][gc,phases      ] GC(1019)   Other: 0.3ms
[2024-08-28T01:14:21.593+0000][info][gc,heap        ] GC(1019) Eden regions: 44->0(44)
[2024-08-28T01:14:21.593+0000][info][gc,heap        ] GC(1019) Survivor regions: 7->7(7)
[2024-08-28T01:14:21.593+0000][info][gc,heap        ] GC(1019) Old regions: 901->885
[2024-08-28T01:14:21.593+0000][info][gc,heap        ] GC(1019) Archive regions: 2->2
[2024-08-28T01:14:21.593+0000][info][gc,heap        ] GC(1019) Humongous regions: 5->5
[2024-08-28T01:14:21.593+0000][info][gc,metaspace   ] GC(1019) Metaspace: 100K(320K)->100K(320K) NonClass: 96K(192K)->96K(192K) Class: 4K(128K)->4K(128K)
[2024-08-28T01:14:21.593+0000][info][gc             ] GC(1019) Pause Young (Mixed) (G1 Evacuation Pause) 955M->895M(1024M) 10.930ms
[2024-08-28T01:14:21.593+0000][info][gc,cpu         ] GC(1019) User=0.24s Sys=0.00s Real=0.01s
[2024-08-28T01:14:21.613+0000][info][gc,start       ] GC(1020) Pause Young (Mixed) (G1 Evacuation Pause)
[2024-08-28T01:14:21.613+0000][info][gc,task        ] GC(1020) Using 24 workers of 68 for evacuation
[2024-08-28T01:14:21.624+0000][info][gc,phases      ] GC(1020)   Pre Evacuate Collection Set: 0.2ms
[2024-08-28T01:14:21.624+0000][info][gc,phases      ] GC(1020)   Merge Heap Roots: 0.4ms
[2024-08-28T01:14:21.624+0000][info][gc,phases      ] GC(1020)   Evacuate Collection Set: 9.7ms
[2024-08-28T01:14:21.624+0000][info][gc,phases      ] GC(1020)   Post Evacuate Collection Set: 0.4ms
[2024-08-28T01:14:21.624+0000][info][gc,phases      ] GC(1020)   Other: 0.3ms
[2024-08-28T01:14:21.624+0000][info][gc,heap        ] GC(1020) Eden regions: 44->0(44)
[2024-08-28T01:14:21.624+0000][info][gc,heap        ] GC(1020) Survivor regions: 7->7(7)
[2024-08-28T01:14:21.624+0000][info][gc,heap        ] GC(1020) Old regions: 885->869
[2024-08-28T01:14:21.624+0000][info][gc,heap        ] GC(1020) Archive regions: 2->2
[2024-08-28T01:14:21.624+0000][info][gc,heap        ] GC(1020) Humongous regions: 5->5
[2024-08-28T01:14:21.624+0000][info][gc,metaspace   ] GC(1020) Metaspace: 100K(320K)->100K(320K) NonClass: 96K(192K)->96K(192K) Class: 4K(128K)->4K(128K)
[2024-08-28T01:14:21.624+0000][info][gc             ] GC(1020) Pause Young (Mixed) (G1 Evacuation Pause) 939M->881M(1024M) 11.101ms
[2024-08-28T01:14:21.624+0000][info][gc,cpu         ] GC(1020) User=0.24s Sys=0.00s Real=0.01s
[2024-08-28T01:14:21.645+0000][info][gc,start       ] GC(1021) Pause Young (Mixed) (G1 Evacuation Pause)
[2024-08-28T01:14:21.645+0000][info][gc,task        ] GC(1021) Using 24 workers of 68 for evacuation
[2024-08-28T01:14:21.658+0000][info][gc,phases      ] GC(1021)   Pre Evacuate Collection Set: 0.2ms
[2024-08-28T01:14:21.658+0000][info][gc,phases      ] GC(1021)   Merge Heap Roots: 0.3ms
[2024-08-28T01:14:21.658+0000][info][gc,phases      ] GC(1021)   Evacuate Collection Set: 12.0ms
[2024-08-28T01:14:21.658+0000][info][gc,phases      ] GC(1021)   Post Evacuate Collection Set: 0.4ms
[2024-08-28T01:14:21.658+0000][info][gc,phases      ] GC(1021)   Other: 0.3ms
[2024-08-28T01:14:21.658+0000][info][gc,heap        ] GC(1021) Eden regions: 44->0(44)
[2024-08-28T01:14:21.658+0000][info][gc,heap        ] GC(1021) Survivor regions: 7->7(7)
[2024-08-28T01:14:21.658+0000][info][gc,heap        ] GC(1021) Old regions: 869->871
[2024-08-28T01:14:21.658+0000][info][gc,heap        ] GC(1021) Archive regions: 2->2
[2024-08-28T01:14:21.658+0000][info][gc,heap        ] GC(1021) Humongous regions: 5->5
[2024-08-28T01:14:21.658+0000][info][gc,metaspace   ] GC(1021) Metaspace: 100K(320K)->100K(320K) NonClass: 96K(192K)->96K(192K) Class: 4K(128K)->4K(128K)
[2024-08-28T01:14:21.658+0000][info][gc             ] GC(1021) Pause Young (Mixed) (G1 Evacuation Pause) 925M->883M(1024M) 13.403ms
[2024-08-28T01:14:21.658+0000][info][gc,cpu         ] GC(1021) User=0.25s Sys=0.04s Real=0.02s
[2024-08-28T01:14:21.678+0000][info][gc,start       ] GC(1022) Pause Young (Mixed) (G1 Evacuation Pause)
[2024-08-28T01:14:21.678+0000][info][gc,task        ] GC(1022) Using 24 workers of 68 for evacuation
[2024-08-28T01:14:21.691+0000][info][gc,phases      ] GC(1022)   Pre Evacuate Collection Set: 0.2ms
[2024-08-28T01:14:21.691+0000][info][gc,phases      ] GC(1022)   Merge Heap Roots: 0.4ms
[2024-08-28T01:14:21.691+0000][info][gc,phases      ] GC(1022)   Evacuate Collection Set: 11.3ms
[2024-08-28T01:14:21.691+0000][info][gc,phases      ] GC(1022)   Post Evacuate Collection Set: 0.4ms
[2024-08-28T01:14:21.691+0000][info][gc,phases      ] GC(1022)   Other: 0.3ms
[2024-08-28T01:14:21.691+0000][info][gc,heap        ] GC(1022) Eden regions: 44->0(44)
[2024-08-28T01:14:21.691+0000][info][gc,heap        ] GC(1022) Survivor regions: 7->7(7)
[2024-08-28T01:14:21.691+0000][info][gc,heap        ] GC(1022) Old regions: 871->897
[2024-08-28T01:14:21.691+0000][info][gc,heap        ] GC(1022) Archive regions: 2->2
[2024-08-28T01:14:21.691+0000][info][gc,heap        ] GC(1022) Humongous regions: 5->5
[2024-08-28T01:14:21.691+0000][info][gc,metaspace   ] GC(1022) Metaspace: 100K(320K)->100K(320K) NonClass: 96K(192K)->96K(192K) Class: 4K(128K)->4K(128K)
[2024-08-28T01:14:21.691+0000][info][gc             ] GC(1022) Pause Young (Mixed) (G1 Evacuation Pause) 927M->909M(1024M) 12.822ms
[2024-08-28T01:14:21.691+0000][info][gc,cpu         ] GC(1022) User=0.28s Sys=0.00s Real=0.01s
[2024-08-28T01:14:21.711+0000][info][gc,start       ] GC(1023) Pause Young (Concurrent Start) (G1 Evacuation Pause)
[2024-08-28T01:14:21.711+0000][info][gc,task        ] GC(1023) Using 24 workers of 68 for evacuation
[2024-08-28T01:14:21.722+0000][info][gc,phases      ] GC(1023)   Pre Evacuate Collection Set: 0.2ms
[2024-08-28T01:14:21.722+0000][info][gc,phases      ] GC(1023)   Merge Heap Roots: 0.4ms
[2024-08-28T01:14:21.722+0000][info][gc,phases      ] GC(1023)   Evacuate Collection Set: 9.3ms
[2024-08-28T01:14:21.722+0000][info][gc,phases      ] GC(1023)   Post Evacuate Collection Set: 0.4ms
[2024-08-28T01:14:21.722+0000][info][gc,phases      ] GC(1023)   Other: 1.0ms
[2024-08-28T01:14:21.722+0000][info][gc,heap        ] GC(1023) Eden regions: 44->0(44)
[2024-08-28T01:14:21.722+0000][info][gc,heap        ] GC(1023) Survivor regions: 7->7(7)
[2024-08-28T01:14:21.722+0000][info][gc,heap        ] GC(1023) Old regions: 897->944
[2024-08-28T01:14:21.722+0000][info][gc,heap        ] GC(1023) Archive regions: 2->2
[2024-08-28T01:14:21.722+0000][info][gc,heap        ] GC(1023) Humongous regions: 5->5
[2024-08-28T01:14:21.722+0000][info][gc,metaspace   ] GC(1023) Metaspace: 100K(320K)->100K(320K) NonClass: 96K(192K)->96K(192K) Class: 4K(128K)->4K(128K)
[2024-08-28T01:14:21.722+0000][info][gc             ] GC(1023) Pause Young (Concurrent Start) (G1 Evacuation Pause) 953M->956M(1024M) 11.424ms
[2024-08-28T01:14:21.723+0000][info][gc,cpu         ] GC(1023) User=0.23s Sys=0.00s Real=0.01s
[2024-08-28T01:14:21.723+0000][info][gc             ] GC(1024) Concurrent Mark Cycle
[2024-08-28T01:14:21.723+0000][info][gc,marking     ] GC(1024) Concurrent Clear Claimed Marks
[2024-08-28T01:14:21.723+0000][info][gc,marking     ] GC(1024) Concurrent Clear Claimed Marks 0.018ms
[2024-08-28T01:14:21.723+0000][info][gc,marking     ] GC(1024) Concurrent Scan Root Regions
[2024-08-28T01:14:21.724+0000][info][gc,marking     ] GC(1024) Concurrent Scan Root Regions 1.645ms
[2024-08-28T01:14:21.724+0000][info][gc,marking     ] GC(1024) Concurrent Mark
[2024-08-28T01:14:21.724+0000][info][gc,marking     ] GC(1024) Concurrent Mark From Roots
[2024-08-28T01:14:21.724+0000][info][gc,task        ] GC(1024) Using 17 workers of 17 for marking
[2024-08-28T01:14:21.743+0000][info][gc,start       ] GC(1025) Pause Young (Normal) (G1 Preventive Collection)
[2024-08-28T01:14:21.743+0000][info][gc,task        ] GC(1025) Using 24 workers of 68 for evacuation
[2024-08-28T01:14:21.750+0000][info][gc,phases      ] GC(1025)   Pre Evacuate Collection Set: 0.2ms
[2024-08-28T01:14:21.751+0000][info][gc,phases      ] GC(1025)   Merge Heap Roots: 0.4ms
[2024-08-28T01:14:21.751+0000][info][gc,phases      ] GC(1025)   Evacuate Collection Set: 6.4ms
[2024-08-28T01:14:21.751+0000][info][gc,phases      ] GC(1025)   Post Evacuate Collection Set: 0.3ms
[2024-08-28T01:14:21.751+0000][info][gc,phases      ] GC(1025)   Other: 0.3ms
[2024-08-28T01:14:21.751+0000][info][gc,heap        ] GC(1025) Eden regions: 28->0(44)
[2024-08-28T01:14:21.751+0000][info][gc,heap        ] GC(1025) Survivor regions: 7->7(7)
[2024-08-28T01:14:21.751+0000][info][gc,heap        ] GC(1025) Old regions: 944->975
[2024-08-28T01:14:21.751+0000][info][gc,heap        ] GC(1025) Archive regions: 2->2
[2024-08-28T01:14:21.751+0000][info][gc,heap        ] GC(1025) Humongous regions: 5->5
[2024-08-28T01:14:21.751+0000][info][gc,metaspace   ] GC(1025) Metaspace: 100K(320K)->100K(320K) NonClass: 96K(192K)->96K(192K) Class: 4K(128K)->4K(128K)
[2024-08-28T01:14:21.751+0000][info][gc             ] GC(1025) Pause Young (Normal) (G1 Preventive Collection) 984M->987M(1024M) 7.720ms
[2024-08-28T01:14:21.751+0000][info][gc,cpu         ] GC(1025) User=0.16s Sys=0.00s Real=0.01s
[2024-08-28T01:14:21.756+0000][info][gc,marking     ] GC(1024) Concurrent Mark From Roots 32.016ms
[2024-08-28T01:14:21.757+0000][info][gc,marking     ] GC(1024) Concurrent Preclean
[2024-08-28T01:14:21.758+0000][info][gc,marking     ] GC(1024) Concurrent Preclean 0.980ms
[2024-08-28T01:14:21.758+0000][info][gc,start       ] GC(1024) Pause Remark
[2024-08-28T01:14:21.760+0000][info][gc             ] GC(1024) Pause Remark 1000M->1000M(1024M) 1.849ms
[2024-08-28T01:14:21.760+0000][info][gc,cpu         ] GC(1024) User=0.00s Sys=0.00s Real=0.00s
[2024-08-28T01:14:21.760+0000][info][gc,marking     ] GC(1024) Concurrent Mark 35.492ms
[2024-08-28T01:14:21.760+0000][info][gc,marking     ] GC(1024) Concurrent Rebuild Remembered Sets
[2024-08-28T01:14:21.761+0000][info][gc,start       ] GC(1026) Pause Young (Normal) (G1 Preventive Collection)
[2024-08-28T01:14:21.761+0000][info][gc,task        ] GC(1026) Using 24 workers of 68 for evacuation
[2024-08-28T01:14:21.766+0000][info][gc             ] GC(1026) To-space exhausted
[2024-08-28T01:14:21.766+0000][info][gc,phases      ] GC(1026)   Pre Evacuate Collection Set: 0.2ms
[2024-08-28T01:14:21.766+0000][info][gc,phases      ] GC(1026)   Merge Heap Roots: 0.3ms
[2024-08-28T01:14:21.766+0000][info][gc,phases      ] GC(1026)   Evacuate Collection Set: 4.0ms
[2024-08-28T01:14:21.766+0000][info][gc,phases      ] GC(1026)   Post Evacuate Collection Set: 0.6ms
[2024-08-28T01:14:21.766+0000][info][gc,phases      ] GC(1026)   Other: 0.3ms
[2024-08-28T01:14:21.766+0000][info][gc,heap        ] GC(1026) Eden regions: 13->0(44)
[2024-08-28T01:14:21.766+0000][info][gc,heap        ] GC(1026) Survivor regions: 7->7(7)
[2024-08-28T01:14:21.766+0000][info][gc,heap        ] GC(1026) Old regions: 975->1007
[2024-08-28T01:14:21.766+0000][info][gc,heap        ] GC(1026) Archive regions: 2->2
[2024-08-28T01:14:21.766+0000][info][gc,heap        ] GC(1026) Humongous regions: 5->5
[2024-08-28T01:14:21.766+0000][info][gc,metaspace   ] GC(1026) Metaspace: 100K(320K)->100K(320K) NonClass: 96K(192K)->96K(192K) Class: 4K(128K)->4K(128K)
[2024-08-28T01:14:21.766+0000][info][gc             ] GC(1026) Pause Young (Normal) (G1 Preventive Collection) 1000M->1019M(1024M) 5.405ms
[2024-08-28T01:14:21.766+0000][info][gc,cpu         ] GC(1026) User=0.10s Sys=0.00s Real=0.00s
[2024-08-28T01:14:21.767+0000][info][gc,start       ] GC(1027) Pause Young (Normal) (G1 Preventive Collection)
[2024-08-28T01:14:21.767+0000][info][gc,task        ] GC(1027) Using 24 workers of 68 for evacuation
[2024-08-28T01:14:21.771+0000][info][gc             ] GC(1027) To-space exhausted
[2024-08-28T01:14:21.771+0000][info][gc,phases      ] GC(1027)   Pre Evacuate Collection Set: 0.2ms
[2024-08-28T01:14:21.771+0000][info][gc,phases      ] GC(1027)   Merge Heap Roots: 0.3ms
[2024-08-28T01:14:21.771+0000][info][gc,phases      ] GC(1027)   Evacuate Collection Set: 2.3ms
[2024-08-28T01:14:21.771+0000][info][gc,phases      ] GC(1027)   Post Evacuate Collection Set: 0.6ms
[2024-08-28T01:14:21.771+0000][info][gc,phases      ] GC(1027)   Other: 0.2ms
[2024-08-28T01:14:21.771+0000][info][gc,heap        ] GC(1027) Eden regions: 1->0(50)
[2024-08-28T01:14:21.771+0000][info][gc,heap        ] GC(1027) Survivor regions: 7->1(2)
[2024-08-28T01:14:21.771+0000][info][gc,heap        ] GC(1027) Old regions: 1007->1016
[2024-08-28T01:14:21.771+0000][info][gc,heap        ] GC(1027) Archive regions: 2->2
[2024-08-28T01:14:21.771+0000][info][gc,heap        ] GC(1027) Humongous regions: 5->5
[2024-08-28T01:14:21.771+0000][info][gc,metaspace   ] GC(1027) Metaspace: 100K(320K)->100K(320K) NonClass: 96K(192K)->96K(192K) Class: 4K(128K)->4K(128K)
[2024-08-28T01:14:21.771+0000][info][gc             ] GC(1027) Pause Young (Normal) (G1 Preventive Collection) 1020M->1022M(1024M) 3.764ms
[2024-08-28T01:14:21.771+0000][info][gc,cpu         ] GC(1027) User=0.07s Sys=0.00s Real=0.01s
[2024-08-28T01:14:21.771+0000][info][gc,ergo        ] Attempting full compaction
[2024-08-28T01:14:21.771+0000][info][gc,task        ] GC(1028) Using 24 workers of 68 for full compaction
[2024-08-28T01:14:21.771+0000][info][gc,start       ] GC(1028) Pause Full (G1 Compaction Pause)
[2024-08-28T01:14:21.772+0000][info][gc,phases,start] GC(1028) Phase 1: Mark live objects
[2024-08-28T01:14:21.786+0000][info][gc,phases      ] GC(1028) Phase 1: Mark live objects 13.545ms
[2024-08-28T01:14:21.786+0000][info][gc,phases,start] GC(1028) Phase 2: Prepare for compaction
[2024-08-28T01:14:21.794+0000][info][gc,phases      ] GC(1028) Phase 2: Prepare for compaction 8.754ms
[2024-08-28T01:14:21.794+0000][info][gc,phases,start] GC(1028) Phase 3: Adjust pointers
[2024-08-28T01:14:21.810+0000][info][gc,phases      ] GC(1028) Phase 3: Adjust pointers 15.170ms
[2024-08-28T01:14:21.810+0000][info][gc,phases,start] GC(1028) Phase 4: Compact heap
[2024-08-28T01:14:21.840+0000][info][gc,phases      ] GC(1028) Phase 4: Compact heap 30.480ms
[2024-08-28T01:14:21.841+0000][info][gc,heap        ] GC(1028) Eden regions: 0->0(150)
[2024-08-28T01:14:21.842+0000][info][gc,heap        ] GC(1028) Survivor regions: 1->0(2)
[2024-08-28T01:14:21.842+0000][info][gc,heap        ] GC(1028) Old regions: 1016->443
[2024-08-28T01:14:21.842+0000][info][gc,heap        ] GC(1028) Archive regions: 2->2
[2024-08-28T01:14:21.842+0000][info][gc,heap        ] GC(1028) Humongous regions: 5->5
[2024-08-28T01:14:21.842+0000][info][gc,metaspace   ] GC(1028) Metaspace: 100K(320K)->100K(320K) NonClass: 96K(192K)->96K(192K) Class: 4K(128K)->4K(128K)
[2024-08-28T01:14:21.842+0000][info][gc             ] GC(1028) Pause Full (G1 Compaction Pause) 1022M->436M(1024M) 70.381ms
[2024-08-28T01:14:21.842+0000][info][gc,cpu         ] GC(1028) User=1.45s Sys=0.01s Real=0.07s
[2024-08-28T01:14:21.842+0000][info][gc,marking     ] GC(1024) Concurrent Rebuild Remembered Sets 82.069ms
[2024-08-28T01:14:21.842+0000][info][gc,marking     ] GC(1024) Concurrent Mark Abort
[2024-08-28T01:14:21.842+0000][info][gc             ] GC(1024) Concurrent Mark Cycle 119.520ms
[2024-08-28T01:14:21.915+0000][info][gc,start       ] GC(1029) Pause Young (Normal) (G1 Evacuation Pause)
[2024-08-28T01:14:21.915+0000][info][gc,task        ] GC(1029) Using 24 workers of 68 for evacuation
[2024-08-28T01:14:21.937+0000][info][gc,phases      ] GC(1029)   Pre Evacuate Collection Set: 0.2ms
[2024-08-28T01:14:21.937+0000][info][gc,phases      ] GC(1029)   Merge Heap Roots: 0.4ms
[2024-08-28T01:14:21.937+0000][info][gc,phases      ] GC(1029)   Evacuate Collection Set: 20.4ms
[2024-08-28T01:14:21.937+0000][info][gc,phases      ] GC(1029)   Post Evacuate Collection Set: 0.4ms
[2024-08-28T01:14:21.937+0000][info][gc,phases      ] GC(1029)   Other: 0.4ms
[2024-08-28T01:14:21.937+0000][info][gc,heap        ] GC(1029) Eden regions: 150->0(103)
[2024-08-28T01:14:21.937+0000][info][gc,heap        ] GC(1029) Survivor regions: 0->19(19)
[2024-08-28T01:14:21.937+0000][info][gc,heap        ] GC(1029) Old regions: 443->570
[2024-08-28T01:14:21.937+0000][info][gc,heap        ] GC(1029) Archive regions: 2->2
[2024-08-28T01:14:21.937+0000][info][gc,heap        ] GC(1029) Humongous regions: 5->5
[2024-08-28T01:14:21.937+0000][info][gc,metaspace   ] GC(1029) Metaspace: 100K(320K)->100K(320K) NonClass: 96K(192K)->96K(192K) Class: 4K(128K)->4K(128K)
[2024-08-28T01:14:21.937+0000][info][gc             ] GC(1029) Pause Young (Normal) (G1 Evacuation Pause) 586M->582M(1024M) 21.956ms
[2024-08-28T01:14:21.937+0000][info][gc,cpu         ] GC(1029) User=0.50s Sys=0.01s Real=0.02s
[2024-08-28T01:14:21.984+0000][info][gc,start       ] GC(1030) Pause Young (Concurrent Start) (G1 Evacuation Pause)
[2024-08-28T01:14:21.984+0000][info][gc,task        ] GC(1030) Using 24 workers of 68 for evacuation
[2024-08-28T01:14:22.003+0000][info][gc,phases      ] GC(1030)   Pre Evacuate Collection Set: 0.2ms
[2024-08-28T01:14:22.003+0000][info][gc,phases      ] GC(1030)   Merge Heap Roots: 0.4ms
[2024-08-28T01:14:22.003+0000][info][gc,phases      ] GC(1030)   Evacuate Collection Set: 17.5ms
[2024-08-28T01:14:22.003+0000][info][gc,phases      ] GC(1030)   Post Evacuate Collection Set: 0.4ms
[2024-08-28T01:14:22.003+0000][info][gc,phases      ] GC(1030)   Other: 1.0ms
[2024-08-28T01:14:22.003+0000][info][gc,heap        ] GC(1030) Eden regions: 103->0(70)
[2024-08-28T01:14:22.003+0000][info][gc,heap        ] GC(1030) Survivor regions: 19->16(16)
[2024-08-28T01:14:22.003+0000][info][gc,heap        ] GC(1030) Old regions: 570->676
[2024-08-28T01:14:22.003+0000][info][gc,heap        ] GC(1030) Archive regions: 2->2
[2024-08-28T01:14:22.003+0000][info][gc,heap        ] GC(1030) Humongous regions: 5->5
[2024-08-28T01:14:22.003+0000][info][gc,metaspace   ] GC(1030) Metaspace: 100K(320K)->100K(320K) NonClass: 96K(192K)->96K(192K) Class: 4K(128K)->4K(128K)
[2024-08-28T01:14:22.003+0000][info][gc             ] GC(1030) Pause Young (Concurrent Start) (G1 Evacuation Pause) 685M->685M(1024M) 19.647ms
[2024-08-28T01:14:22.004+0000][info][gc,cpu         ] GC(1030) User=0.42s Sys=0.00s Real=0.02s
[2024-08-28T01:14:22.004+0000][info][gc             ] GC(1031) Concurrent Mark Cycle
[2024-08-28T01:14:22.004+0000][info][gc,marking     ] GC(1031) Concurrent Clear Claimed Marks
[2024-08-28T01:14:22.004+0000][info][gc,marking     ] GC(1031) Concurrent Clear Claimed Marks 0.023ms
[2024-08-28T01:14:22.004+0000][info][gc,marking     ] GC(1031) Concurrent Scan Root Regions
[2024-08-28T01:14:22.007+0000][info][gc,marking     ] GC(1031) Concurrent Scan Root Regions 3.340ms
[2024-08-28T01:14:22.007+0000][info][gc,marking     ] GC(1031) Concurrent Mark
[2024-08-28T01:14:22.007+0000][info][gc,marking     ] GC(1031) Concurrent Mark From Roots
[2024-08-28T01:14:22.007+0000][info][gc,task        ] GC(1031) Using 17 workers of 17 for marking
[2024-08-28T01:14:22.027+0000][info][gc,marking     ] GC(1031) Concurrent Mark From Roots 19.887ms
[2024-08-28T01:14:22.027+0000][info][gc,marking     ] GC(1031) Concurrent Preclean
[2024-08-28T01:14:22.028+0000][info][gc,marking     ] GC(1031) Concurrent Preclean 1.057ms
[2024-08-28T01:14:22.029+0000][info][gc,start       ] GC(1031) Pause Remark
[2024-08-28T01:14:22.030+0000][info][gc             ] GC(1031) Pause Remark 723M->723M(1024M) 1.579ms
[2024-08-28T01:14:22.030+0000][info][gc,cpu         ] GC(1031) User=0.01s Sys=0.00s Real=0.01s
[2024-08-28T01:14:22.030+0000][info][gc,marking     ] GC(1031) Concurrent Mark 23.181ms
[2024-08-28T01:14:22.030+0000][info][gc,marking     ] GC(1031) Concurrent Rebuild Remembered Sets
[2024-08-28T01:14:22.045+0000][info][gc,start       ] GC(1032) Pause Young (Normal) (G1 Evacuation Pause)
[2024-08-28T01:14:22.045+0000][info][gc,task        ] GC(1032) Using 24 workers of 68 for evacuation
[2024-08-28T01:14:22.061+0000][info][gc,phases      ] GC(1032)   Pre Evacuate Collection Set: 0.2ms
[2024-08-28T01:14:22.061+0000][info][gc,phases      ] GC(1032)   Merge Heap Roots: 0.4ms
[2024-08-28T01:14:22.061+0000][info][gc,phases      ] GC(1032)   Evacuate Collection Set: 14.5ms
[2024-08-28T01:14:22.061+0000][info][gc,phases      ] GC(1032)   Post Evacuate Collection Set: 0.6ms
[2024-08-28T01:14:22.061+0000][info][gc,phases      ] GC(1032)   Other: 0.2ms
[2024-08-28T01:14:22.061+0000][info][gc,heap        ] GC(1032) Eden regions: 70->0(46)
[2024-08-28T01:14:22.061+0000][info][gc,heap        ] GC(1032) Survivor regions: 16->11(11)
[2024-08-28T01:14:22.061+0000][info][gc,heap        ] GC(1032) Old regions: 676->755
[2024-08-28T01:14:22.061+0000][info][gc,heap        ] GC(1032) Archive regions: 2->2
[2024-08-28T01:14:22.061+0000][info][gc,heap        ] GC(1032) Humongous regions: 5->5
[2024-08-28T01:14:22.061+0000][info][gc,metaspace   ] GC(1032) Metaspace: 100K(320K)->100K(320K) NonClass: 96K(192K)->96K(192K) Class: 4K(128K)->4K(128K)
[2024-08-28T01:14:22.061+0000][info][gc             ] GC(1032) Pause Young (Normal) (G1 Evacuation Pause) 755M->758M(1024M) 15.987ms
[2024-08-28T01:14:22.061+0000][info][gc,cpu         ] GC(1032) User=0.35s Sys=0.01s Real=0.02s
[2024-08-28T01:14:22.083+0000][info][gc,start       ] GC(1033) Pause Young (Normal) (G1 Evacuation Pause)
[2024-08-28T01:14:22.083+0000][info][gc,task        ] GC(1033) Using 24 workers of 68 for evacuation
[2024-08-28T01:14:22.103+0000][info][gc,phases      ] GC(1033)   Pre Evacuate Collection Set: 0.2ms
[2024-08-28T01:14:22.103+0000][info][gc,phases      ] GC(1033)   Merge Heap Roots: 0.5ms
[2024-08-28T01:14:22.103+0000][info][gc,phases      ] GC(1033)   Evacuate Collection Set: 17.8ms
[2024-08-28T01:14:22.103+0000][info][gc,phases      ] GC(1033)   Post Evacuate Collection Set: 0.6ms
[2024-08-28T01:14:22.103+0000][info][gc,phases      ] GC(1033)   Other: 0.3ms
[2024-08-28T01:14:22.103+0000][info][gc,heap        ] GC(1033) Eden regions: 46->0(43)
[2024-08-28T01:14:22.103+0000][info][gc,heap        ] GC(1033) Survivor regions: 11->8(8)
[2024-08-28T01:14:22.103+0000][info][gc,heap        ] GC(1033) Old regions: 755->808
[2024-08-28T01:14:22.103+0000][info][gc,heap        ] GC(1033) Archive regions: 2->2
[2024-08-28T01:14:22.103+0000][info][gc,heap        ] GC(1033) Humongous regions: 5->5
[2024-08-28T01:14:22.103+0000][info][gc,metaspace   ] GC(1033) Metaspace: 100K(320K)->100K(320K) NonClass: 96K(192K)->96K(192K) Class: 4K(128K)->4K(128K)
[2024-08-28T01:14:22.103+0000][info][gc             ] GC(1033) Pause Young (Normal) (G1 Evacuation Pause) 804M->808M(1024M) 19.530ms
[2024-08-28T01:14:22.103+0000][info][gc,cpu         ] GC(1033) User=0.45s Sys=0.00s Real=0.02s
[2024-08-28T01:14:22.118+0000][info][gc,marking     ] GC(1031) Concurrent Rebuild Remembered Sets 87.779ms
[2024-08-28T01:14:22.119+0000][info][gc,start       ] GC(1031) Pause Cleanup
[2024-08-28T01:14:22.121+0000][info][gc             ] GC(1031) Pause Cleanup 839M->839M(1024M) 2.330ms
[2024-08-28T01:14:22.121+0000][info][gc,cpu         ] GC(1031) User=0.00s Sys=0.00s Real=0.00s
[2024-08-28T01:14:22.121+0000][info][gc,marking     ] GC(1031) Concurrent Cleanup for Next Mark
[2024-08-28T01:14:22.122+0000][info][gc,marking     ] GC(1031) Concurrent Cleanup for Next Mark 0.702ms
[2024-08-28T01:14:22.122+0000][info][gc             ] GC(1031) Concurrent Mark Cycle 118.227ms
[2024-08-28T01:14:22.128+0000][info][gc,start       ] GC(1034) Pause Young (Prepare Mixed) (G1 Evacuation Pause)
[2024-08-28T01:14:22.128+0000][info][gc,task        ] GC(1034) Using 24 workers of 68 for evacuation
[2024-08-28T01:14:22.146+0000][info][gc,phases      ] GC(1034)   Pre Evacuate Collection Set: 0.2ms
[2024-08-28T01:14:22.146+0000][info][gc,phases      ] GC(1034)   Merge Heap Roots: 0.5ms
[2024-08-28T01:14:22.146+0000][info][gc,phases      ] GC(1034)   Evacuate Collection Set: 16.6ms
[2024-08-28T01:14:22.146+0000][info][gc,phases      ] GC(1034)   Post Evacuate Collection Set: 0.3ms
[2024-08-28T01:14:22.146+0000][info][gc,phases      ] GC(1034)   Other: 0.3ms
[2024-08-28T01:14:22.146+0000][info][gc,heap        ] GC(1034) Eden regions: 43->0(44)
[2024-08-28T01:14:22.146+0000][info][gc,heap        ] GC(1034) Survivor regions: 8->7(7)
[2024-08-28T01:14:22.146+0000][info][gc,heap        ] GC(1034) Old regions: 808->856
[2024-08-28T01:14:22.146+0000][info][gc,heap        ] GC(1034) Archive regions: 2->2
[2024-08-28T01:14:22.146+0000][info][gc,heap        ] GC(1034) Humongous regions: 5->5
[2024-08-28T01:14:22.146+0000][info][gc,metaspace   ] GC(1034) Metaspace: 100K(320K)->100K(320K) NonClass: 96K(192K)->96K(192K) Class: 4K(128K)->4K(128K)
[2024-08-28T01:14:22.146+0000][info][gc             ] GC(1034) Pause Young (Prepare Mixed) (G1 Evacuation Pause) 851M->856M(1024M) 17.958ms
[2024-08-28T01:14:22.146+0000][info][gc,cpu         ] GC(1034) User=0.41s Sys=0.00s Real=0.02s
[2024-08-28T01:14:22.167+0000][info][gc,start       ] GC(1035) Pause Young (Mixed) (G1 Evacuation Pause)
[2024-08-28T01:14:22.167+0000][info][gc,task        ] GC(1035) Using 24 workers of 68 for evacuation
[2024-08-28T01:14:22.178+0000][info][gc,phases      ] GC(1035)   Pre Evacuate Collection Set: 0.2ms
[2024-08-28T01:14:22.178+0000][info][gc,phases      ] GC(1035)   Merge Heap Roots: 0.4ms
[2024-08-28T01:14:22.178+0000][info][gc,phases      ] GC(1035)   Evacuate Collection Set: 10.1ms
[2024-08-28T01:14:22.178+0000][info][gc,phases      ] GC(1035)   Post Evacuate Collection Set: 0.4ms
[2024-08-28T01:14:22.178+0000][info][gc,phases      ] GC(1035)   Other: 0.3ms
[2024-08-28T01:14:22.178+0000][info][gc,heap        ] GC(1035) Eden regions: 44->0(44)
[2024-08-28T01:14:22.178+0000][info][gc,heap        ] GC(1035) Survivor regions: 7->7(7)
[2024-08-28T01:14:22.178+0000][info][gc,heap        ] GC(1035) Old regions: 856->842
[2024-08-28T01:14:22.178+0000][info][gc,heap        ] GC(1035) Archive regions: 2->2
[2024-08-28T01:14:22.178+0000][info][gc,heap        ] GC(1035) Humongous regions: 5->5
[2024-08-28T01:14:22.178+0000][info][gc,metaspace   ] GC(1035) Metaspace: 100K(320K)->100K(320K) NonClass: 96K(192K)->96K(192K) Class: 4K(128K)->4K(128K)
[2024-08-28T01:14:22.178+0000][info][gc             ] GC(1035) Pause Young (Mixed) (G1 Evacuation Pause) 900M->847M(1024M) 11.483ms
[2024-08-28T01:14:22.178+0000][info][gc,cpu         ] GC(1035) User=0.25s Sys=0.00s Real=0.02s
[2024-08-28T01:14:22.199+0000][info][gc,start       ] GC(1036) Pause Young (Mixed) (G1 Evacuation Pause)
[2024-08-28T01:14:22.199+0000][info][gc,task        ] GC(1036) Using 24 workers of 68 for evacuation
[2024-08-28T01:14:22.209+0000][info][gc,phases      ] GC(1036)   Pre Evacuate Collection Set: 0.2ms
[2024-08-28T01:14:22.209+0000][info][gc,phases      ] GC(1036)   Merge Heap Roots: 0.3ms
[2024-08-28T01:14:22.209+0000][info][gc,phases      ] GC(1036)   Evacuate Collection Set: 9.7ms
[2024-08-28T01:14:22.209+0000][info][gc,phases      ] GC(1036)   Post Evacuate Collection Set: 0.4ms
[2024-08-28T01:14:22.209+0000][info][gc,phases      ] GC(1036)   Other: 0.3ms
[2024-08-28T01:14:22.209+0000][info][gc,heap        ] GC(1036) Eden regions: 44->0(44)
[2024-08-28T01:14:22.210+0000][info][gc,heap        ] GC(1036) Survivor regions: 7->7(7)
[2024-08-28T01:14:22.210+0000][info][gc,heap        ] GC(1036) Old regions: 842->826
[2024-08-28T01:14:22.210+0000][info][gc,heap        ] GC(1036) Archive regions: 2->2
[2024-08-28T01:14:22.210+0000][info][gc,heap        ] GC(1036) Humongous regions: 5->5
[2024-08-28T01:14:22.210+0000][info][gc,metaspace   ] GC(1036) Metaspace: 100K(320K)->100K(320K) NonClass: 96K(192K)->96K(192K) Class: 4K(128K)->4K(128K)
[2024-08-28T01:14:22.210+0000][info][gc             ] GC(1036) Pause Young (Mixed) (G1 Evacuation Pause) 891M->832M(1024M) 11.076ms
[2024-08-28T01:14:22.210+0000][info][gc,cpu         ] GC(1036) User=0.24s Sys=0.00s Real=0.01s
[2024-08-28T01:14:22.230+0000][info][gc,start       ] GC(1037) Pause Young (Mixed) (G1 Evacuation Pause)
[2024-08-28T01:14:22.230+0000][info][gc,task        ] GC(1037) Using 24 workers of 68 for evacuation
[2024-08-28T01:14:22.241+0000][info][gc,phases      ] GC(1037)   Pre Evacuate Collection Set: 0.2ms
[2024-08-28T01:14:22.241+0000][info][gc,phases      ] GC(1037)   Merge Heap Roots: 0.4ms
[2024-08-28T01:14:22.241+0000][info][gc,phases      ] GC(1037)   Evacuate Collection Set: 10.0ms
[2024-08-28T01:14:22.242+0000][info][gc,phases      ] GC(1037)   Post Evacuate Collection Set: 0.4ms
[2024-08-28T01:14:22.242+0000][info][gc,phases      ] GC(1037)   Other: 0.4ms
[2024-08-28T01:14:22.242+0000][info][gc,heap        ] GC(1037) Eden regions: 44->0(44)
[2024-08-28T01:14:22.242+0000][info][gc,heap        ] GC(1037) Survivor regions: 7->7(7)
[2024-08-28T01:14:22.242+0000][info][gc,heap        ] GC(1037) Old regions: 826->812
[2024-08-28T01:14:22.242+0000][info][gc,heap        ] GC(1037) Archive regions: 2->2
[2024-08-28T01:14:22.242+0000][info][gc,heap        ] GC(1037) Humongous regions: 5->5
[2024-08-28T01:14:22.242+0000][info][gc,metaspace   ] GC(1037) Metaspace: 100K(320K)->100K(320K) NonClass: 96K(192K)->96K(192K) Class: 4K(128K)->4K(128K)
[2024-08-28T01:14:22.242+0000][info][gc             ] GC(1037) Pause Young (Mixed) (G1 Evacuation Pause) 876M->818M(1024M) 11.657ms
[2024-08-28T01:14:22.242+0000][info][gc,cpu         ] GC(1037) User=0.24s Sys=0.01s Real=0.01s
[2024-08-28T01:14:22.262+0000][info][gc,start       ] GC(1038) Pause Young (Mixed) (G1 Evacuation Pause)
[2024-08-28T01:14:22.262+0000][info][gc,task        ] GC(1038) Using 24 workers of 68 for evacuation
[2024-08-28T01:14:22.272+0000][info][gc,phases      ] GC(1038)   Pre Evacuate Collection Set: 0.2ms
[2024-08-28T01:14:22.273+0000][info][gc,phases      ] GC(1038)   Merge Heap Roots: 0.2ms
[2024-08-28T01:14:22.273+0000][info][gc,phases      ] GC(1038)   Evacuate Collection Set: 9.3ms
[2024-08-28T01:14:22.273+0000][info][gc,phases      ] GC(1038)   Post Evacuate Collection Set: 0.4ms
[2024-08-28T01:14:22.273+0000][info][gc,phases      ] GC(1038)   Other: 0.3ms
[2024-08-28T01:14:22.273+0000][info][gc,heap        ] GC(1038) Eden regions: 44->0(44)
[2024-08-28T01:14:22.273+0000][info][gc,heap        ] GC(1038) Survivor regions: 7->7(7)
[2024-08-28T01:14:22.273+0000][info][gc,heap        ] GC(1038) Old regions: 812->849
[2024-08-28T01:14:22.273+0000][info][gc,heap        ] GC(1038) Archive regions: 2->2
[2024-08-28T01:14:22.273+0000][info][gc,heap        ] GC(1038) Humongous regions: 5->5
[2024-08-28T01:14:22.273+0000][info][gc,metaspace   ] GC(1038) Metaspace: 100K(320K)->100K(320K) NonClass: 96K(192K)->96K(192K) Class: 4K(128K)->4K(128K)
[2024-08-28T01:14:22.273+0000][info][gc             ] GC(1038) Pause Young (Mixed) (G1 Evacuation Pause) 862M->856M(1024M) 10.593ms
[2024-08-28T01:14:22.273+0000][info][gc,cpu         ] GC(1038) User=0.22s Sys=0.00s Real=0.01s
[2024-08-28T01:14:22.293+0000][info][gc,start       ] GC(1039) Pause Young (Concurrent Start) (G1 Evacuation Pause)
[2024-08-28T01:14:22.293+0000][info][gc,task        ] GC(1039) Using 24 workers of 68 for evacuation
[2024-08-28T01:14:22.303+0000][info][gc,phases      ] GC(1039)   Pre Evacuate Collection Set: 0.2ms
[2024-08-28T01:14:22.303+0000][info][gc,phases      ] GC(1039)   Merge Heap Roots: 0.2ms
[2024-08-28T01:14:22.303+0000][info][gc,phases      ] GC(1039)   Evacuate Collection Set: 8.9ms
[2024-08-28T01:14:22.303+0000][info][gc,phases      ] GC(1039)   Post Evacuate Collection Set: 0.4ms
[2024-08-28T01:14:22.303+0000][info][gc,phases      ] GC(1039)   Other: 1.0ms
[2024-08-28T01:14:22.303+0000][info][gc,heap        ] GC(1039) Eden regions: 44->0(44)
[2024-08-28T01:14:22.303+0000][info][gc,heap        ] GC(1039) Survivor regions: 7->7(7)
[2024-08-28T01:14:22.303+0000][info][gc,heap        ] GC(1039) Old regions: 849->896
[2024-08-28T01:14:22.303+0000][info][gc,heap        ] GC(1039) Archive regions: 2->2
[2024-08-28T01:14:22.303+0000][info][gc,heap        ] GC(1039) Humongous regions: 5->5
[2024-08-28T01:14:22.303+0000][info][gc,metaspace   ] GC(1039) Metaspace: 100K(320K)->100K(320K) NonClass: 96K(192K)->96K(192K) Class: 4K(128K)->4K(128K)
[2024-08-28T01:14:22.303+0000][info][gc             ] GC(1039) Pause Young (Concurrent Start) (G1 Evacuation Pause) 900M->903M(1024M) 10.877ms
[2024-08-28T01:14:22.304+0000][info][gc,cpu         ] GC(1039) User=0.22s Sys=0.00s Real=0.01s
[2024-08-28T01:14:22.304+0000][info][gc             ] GC(1040) Concurrent Mark Cycle
[2024-08-28T01:14:22.304+0000][info][gc,marking     ] GC(1040) Concurrent Clear Claimed Marks
[2024-08-28T01:14:22.304+0000][info][gc,marking     ] GC(1040) Concurrent Clear Claimed Marks 0.023ms
[2024-08-28T01:14:22.304+0000][info][gc,marking     ] GC(1040) Concurrent Scan Root Regions
[2024-08-28T01:14:22.305+0000][info][gc,marking     ] GC(1040) Concurrent Scan Root Regions 1.538ms
[2024-08-28T01:14:22.305+0000][info][gc,marking     ] GC(1040) Concurrent Mark
[2024-08-28T01:14:22.305+0000][info][gc,marking     ] GC(1040) Concurrent Mark From Roots
[2024-08-28T01:14:22.305+0000][info][gc,task        ] GC(1040) Using 17 workers of 17 for marking
[2024-08-28T01:14:22.328+0000][info][gc,marking     ] GC(1040) Concurrent Mark From Roots 22.671ms
[2024-08-28T01:14:22.328+0000][info][gc,marking     ] GC(1040) Concurrent Preclean
[2024-08-28T01:14:22.329+0000][info][gc,marking     ] GC(1040) Concurrent Preclean 1.057ms
[2024-08-28T01:14:22.330+0000][info][gc,start       ] GC(1040) Pause Remark
[2024-08-28T01:14:22.331+0000][info][gc             ] GC(1040) Pause Remark 943M->943M(1024M) 1.893ms
[2024-08-28T01:14:22.331+0000][info][gc,cpu         ] GC(1040) User=0.01s Sys=0.01s Real=0.00s
[2024-08-28T01:14:22.332+0000][info][gc,marking     ] GC(1040) Concurrent Mark 26.204ms
[2024-08-28T01:14:22.332+0000][info][gc,marking     ] GC(1040) Concurrent Rebuild Remembered Sets
[2024-08-28T01:14:22.334+0000][info][gc,start       ] GC(1041) Pause Young (Normal) (G1 Evacuation Pause)
[2024-08-28T01:14:22.334+0000][info][gc,task        ] GC(1041) Using 24 workers of 68 for evacuation
[2024-08-28T01:14:22.344+0000][info][gc,phases      ] GC(1041)   Pre Evacuate Collection Set: 0.2ms
[2024-08-28T01:14:22.344+0000][info][gc,phases      ] GC(1041)   Merge Heap Roots: 0.4ms
[2024-08-28T01:14:22.344+0000][info][gc,phases      ] GC(1041)   Evacuate Collection Set: 8.9ms
[2024-08-28T01:14:22.344+0000][info][gc,phases      ] GC(1041)   Post Evacuate Collection Set: 0.5ms
[2024-08-28T01:14:22.344+0000][info][gc,phases      ] GC(1041)   Other: 0.3ms
[2024-08-28T01:14:22.344+0000][info][gc,heap        ] GC(1041) Eden regions: 44->0(44)
[2024-08-28T01:14:22.344+0000][info][gc,heap        ] GC(1041) Survivor regions: 7->7(7)
[2024-08-28T01:14:22.344+0000][info][gc,heap        ] GC(1041) Old regions: 896->943
[2024-08-28T01:14:22.344+0000][info][gc,heap        ] GC(1041) Archive regions: 2->2
[2024-08-28T01:14:22.344+0000][info][gc,heap        ] GC(1041) Humongous regions: 5->5
[2024-08-28T01:14:22.344+0000][info][gc,metaspace   ] GC(1041) Metaspace: 100K(320K)->100K(320K) NonClass: 96K(192K)->96K(192K) Class: 4K(128K)->4K(128K)
[2024-08-28T01:14:22.344+0000][info][gc             ] GC(1041) Pause Young (Normal) (G1 Evacuation Pause) 947M->950M(1024M) 10.365ms
[2024-08-28T01:14:22.344+0000][info][gc,cpu         ] GC(1041) User=0.22s Sys=0.00s Real=0.01s
[2024-08-28T01:14:22.359+0000][info][gc,start       ] GC(1042) Pause Young (Normal) (G1 Preventive Collection)
[2024-08-28T01:14:22.359+0000][info][gc,task        ] GC(1042) Using 24 workers of 68 for evacuation
[2024-08-28T01:14:22.370+0000][info][gc,phases      ] GC(1042)   Pre Evacuate Collection Set: 0.2ms
[2024-08-28T01:14:22.370+0000][info][gc,phases      ] GC(1042)   Merge Heap Roots: 0.3ms
[2024-08-28T01:14:22.370+0000][info][gc,phases      ] GC(1042)   Evacuate Collection Set: 10.3ms
[2024-08-28T01:14:22.370+0000][info][gc,phases      ] GC(1042)   Post Evacuate Collection Set: 0.5ms
[2024-08-28T01:14:22.370+0000][info][gc,phases      ] GC(1042)   Other: 0.3ms
[2024-08-28T01:14:22.370+0000][info][gc,heap        ] GC(1042) Eden regions: 28->0(44)
[2024-08-28T01:14:22.370+0000][info][gc,heap        ] GC(1042) Survivor regions: 7->7(7)
[2024-08-28T01:14:22.370+0000][info][gc,heap        ] GC(1042) Old regions: 943->974
[2024-08-28T01:14:22.370+0000][info][gc,heap        ] GC(1042) Archive regions: 2->2
[2024-08-28T01:14:22.370+0000][info][gc,heap        ] GC(1042) Humongous regions: 5->5
[2024-08-28T01:14:22.370+0000][info][gc,metaspace   ] GC(1042) Metaspace: 100K(320K)->100K(320K) NonClass: 96K(192K)->96K(192K) Class: 4K(128K)->4K(128K)
[2024-08-28T01:14:22.371+0000][info][gc             ] GC(1042) Pause Young (Normal) (G1 Preventive Collection) 978M->981M(1024M) 11.762ms
[2024-08-28T01:14:22.371+0000][info][gc,cpu         ] GC(1042) User=0.25s Sys=0.00s Real=0.01s
[2024-08-28T01:14:22.378+0000][info][gc,start       ] GC(1043) Pause Young (Normal) (G1 Preventive Collection)
[2024-08-28T01:14:22.378+0000][info][gc,task        ] GC(1043) Using 24 workers of 68 for evacuation
[2024-08-28T01:14:22.387+0000][info][gc,phases      ] GC(1043)   Pre Evacuate Collection Set: 0.2ms
[2024-08-28T01:14:22.387+0000][info][gc,phases      ] GC(1043)   Merge Heap Roots: 0.5ms
[2024-08-28T01:14:22.387+0000][info][gc,phases      ] GC(1043)   Evacuate Collection Set: 7.7ms
[2024-08-28T01:14:22.387+0000][info][gc,phases      ] GC(1043)   Post Evacuate Collection Set: 0.5ms
[2024-08-28T01:14:22.387+0000][info][gc,phases      ] GC(1043)   Other: 0.3ms
[2024-08-28T01:14:22.387+0000][info][gc,heap        ] GC(1043) Eden regions: 13->0(44)
[2024-08-28T01:14:22.387+0000][info][gc,heap        ] GC(1043) Survivor regions: 7->7(7)
[2024-08-28T01:14:22.387+0000][info][gc,heap        ] GC(1043) Old regions: 974->990
[2024-08-28T01:14:22.387+0000][info][gc,heap        ] GC(1043) Archive regions: 2->2
[2024-08-28T01:14:22.387+0000][info][gc,heap        ] GC(1043) Humongous regions: 5->5
[2024-08-28T01:14:22.387+0000][info][gc,metaspace   ] GC(1043) Metaspace: 100K(320K)->100K(320K) NonClass: 96K(192K)->96K(192K) Class: 4K(128K)->4K(128K)
[2024-08-28T01:14:22.387+0000][info][gc             ] GC(1043) Pause Young (Normal) (G1 Preventive Collection) 994M->997M(1024M) 9.343ms
[2024-08-28T01:14:22.387+0000][info][gc,cpu         ] GC(1043) User=0.19s Sys=0.00s Real=0.00s
[2024-08-28T01:14:22.390+0000][info][gc,start       ] GC(1044) Pause Young (Normal) (G1 Preventive Collection)
[2024-08-28T01:14:22.390+0000][info][gc,task        ] GC(1044) Using 24 workers of 68 for evacuation
[2024-08-28T01:14:22.397+0000][info][gc             ] GC(1044) To-space exhausted
[2024-08-28T01:14:22.397+0000][info][gc,phases      ] GC(1044)   Pre Evacuate Collection Set: 0.2ms
[2024-08-28T01:14:22.397+0000][info][gc,phases      ] GC(1044)   Merge Heap Roots: 0.3ms
[2024-08-28T01:14:22.398+0000][info][gc,phases      ] GC(1044)   Evacuate Collection Set: 6.2ms
[2024-08-28T01:14:22.398+0000][info][gc,phases      ] GC(1044)   Post Evacuate Collection Set: 0.6ms
[2024-08-28T01:14:22.398+0000][info][gc,phases      ] GC(1044)   Other: 0.3ms
[2024-08-28T01:14:22.398+0000][info][gc,heap        ] GC(1044) Eden regions: 5->0(45)
[2024-08-28T01:14:22.398+0000][info][gc,heap        ] GC(1044) Survivor regions: 7->6(7)
[2024-08-28T01:14:22.398+0000][info][gc,heap        ] GC(1044) Old regions: 990->1006
[2024-08-28T01:14:22.398+0000][info][gc,heap        ] GC(1044) Archive regions: 2->2
[2024-08-28T01:14:22.398+0000][info][gc,heap        ] GC(1044) Humongous regions: 5->5
[2024-08-28T01:14:22.398+0000][info][gc,metaspace   ] GC(1044) Metaspace: 100K(320K)->100K(320K) NonClass: 96K(192K)->96K(192K) Class: 4K(128K)->4K(128K)
[2024-08-28T01:14:22.398+0000][info][gc             ] GC(1044) Pause Young (Normal) (G1 Preventive Collection) 1002M->1012M(1024M) 7.742ms
[2024-08-28T01:14:22.398+0000][info][gc,cpu         ] GC(1044) User=0.16s Sys=0.00s Real=0.01s
[2024-08-28T01:14:22.399+0000][info][gc,start       ] GC(1045) Pause Young (Normal) (G1 Preventive Collection)
[2024-08-28T01:14:22.399+0000][info][gc,task        ] GC(1045) Using 24 workers of 68 for evacuation
[2024-08-28T01:14:22.405+0000][info][gc             ] GC(1045) To-space exhausted
[2024-08-28T01:14:22.405+0000][info][gc,phases      ] GC(1045)   Pre Evacuate Collection Set: 0.2ms
[2024-08-28T01:14:22.405+0000][info][gc,phases      ] GC(1045)   Merge Heap Roots: 0.5ms
[2024-08-28T01:14:22.405+0000][info][gc,phases      ] GC(1045)   Evacuate Collection Set: 4.8ms
[2024-08-28T01:14:22.405+0000][info][gc,phases      ] GC(1045)   Post Evacuate Collection Set: 0.9ms
[2024-08-28T01:14:22.405+0000][info][gc,phases      ] GC(1045)   Other: 0.3ms
[2024-08-28T01:14:22.405+0000][info][gc,heap        ] GC(1045) Eden regions: 1->0(50)
[2024-08-28T01:14:22.405+0000][info][gc,heap        ] GC(1045) Survivor regions: 6->1(4)
[2024-08-28T01:14:22.405+0000][info][gc,heap        ] GC(1045) Old regions: 1006->1016
[2024-08-28T01:14:22.405+0000][info][gc,heap        ] GC(1045) Archive regions: 2->2
[2024-08-28T01:14:22.405+0000][info][gc,heap        ] GC(1045) Humongous regions: 5->5
[2024-08-28T01:14:22.405+0000][info][gc,metaspace   ] GC(1045) Metaspace: 100K(320K)->100K(320K) NonClass: 96K(192K)->96K(192K) Class: 4K(128K)->4K(128K)
[2024-08-28T01:14:22.405+0000][info][gc             ] GC(1045) Pause Young (Normal) (G1 Preventive Collection) 1013M->1017M(1024M) 6.691ms
[2024-08-28T01:14:22.405+0000][info][gc,cpu         ] GC(1045) User=0.13s Sys=0.01s Real=0.00s
[2024-08-28T01:14:22.405+0000][info][gc,ergo        ] Attempting full compaction
[2024-08-28T01:14:22.406+0000][info][gc,task        ] GC(1046) Using 24 workers of 68 for full compaction
[2024-08-28T01:14:22.406+0000][info][gc,start       ] GC(1046) Pause Full (G1 Compaction Pause)
[2024-08-28T01:14:22.406+0000][info][gc,phases,start] GC(1046) Phase 1: Mark live objects
[2024-08-28T01:14:22.420+0000][info][gc,phases      ] GC(1046) Phase 1: Mark live objects 13.082ms
[2024-08-28T01:14:22.420+0000][info][gc,phases,start] GC(1046) Phase 2: Prepare for compaction
[2024-08-28T01:14:22.428+0000][info][gc,phases      ] GC(1046) Phase 2: Prepare for compaction 7.998ms
[2024-08-28T01:14:22.428+0000][info][gc,phases,start] GC(1046) Phase 3: Adjust pointers
[2024-08-28T01:14:22.442+0000][info][gc,phases      ] GC(1046) Phase 3: Adjust pointers 13.847ms
[2024-08-28T01:14:22.442+0000][info][gc,phases,start] GC(1046) Phase 4: Compact heap
[2024-08-28T01:14:22.470+0000][info][gc,phases      ] GC(1046) Phase 4: Compact heap 28.692ms
[2024-08-28T01:14:22.472+0000][info][gc,heap        ] GC(1046) Eden regions: 0->0(150)
[2024-08-28T01:14:22.472+0000][info][gc,heap        ] GC(1046) Survivor regions: 1->0(4)
[2024-08-28T01:14:22.472+0000][info][gc,heap        ] GC(1046) Old regions: 1016->443
[2024-08-28T01:14:22.472+0000][info][gc,heap        ] GC(1046) Archive regions: 2->2
[2024-08-28T01:14:22.472+0000][info][gc,heap        ] GC(1046) Humongous regions: 5->5
[2024-08-28T01:14:22.472+0000][info][gc,metaspace   ] GC(1046) Metaspace: 100K(320K)->100K(320K) NonClass: 96K(192K)->96K(192K) Class: 4K(128K)->4K(128K)
[2024-08-28T01:14:22.472+0000][info][gc             ] GC(1046) Pause Full (G1 Compaction Pause) 1017M->436M(1024M) 66.162ms
[2024-08-28T01:14:22.472+0000][info][gc,cpu         ] GC(1046) User=1.39s Sys=0.00s Real=0.07s
[2024-08-28T01:14:22.472+0000][info][gc,marking     ] GC(1040) Concurrent Rebuild Remembered Sets 140.859ms
[2024-08-28T01:14:22.473+0000][info][gc,marking     ] GC(1040) Concurrent Mark Abort
[2024-08-28T01:14:22.473+0000][info][gc             ] GC(1040) Concurrent Mark Cycle 168.933ms
[2024-08-28T01:14:22.546+0000][info][gc,start       ] GC(1047) Pause Young (Normal) (G1 Evacuation Pause)
[2024-08-28T01:14:22.546+0000][info][gc,task        ] GC(1047) Using 24 workers of 68 for evacuation
[2024-08-28T01:14:22.568+0000][info][gc,phases      ] GC(1047)   Pre Evacuate Collection Set: 0.2ms
[2024-08-28T01:14:22.568+0000][info][gc,phases      ] GC(1047)   Merge Heap Roots: 0.4ms
[2024-08-28T01:14:22.568+0000][info][gc,phases      ] GC(1047)   Evacuate Collection Set: 20.7ms
[2024-08-28T01:14:22.568+0000][info][gc,phases      ] GC(1047)   Post Evacuate Collection Set: 0.4ms
[2024-08-28T01:14:22.568+0000][info][gc,phases      ] GC(1047)   Other: 0.4ms
[2024-08-28T01:14:22.568+0000][info][gc,heap        ] GC(1047) Eden regions: 150->0(103)
[2024-08-28T01:14:22.568+0000][info][gc,heap        ] GC(1047) Survivor regions: 0->19(19)
[2024-08-28T01:14:22.568+0000][info][gc,heap        ] GC(1047) Old regions: 443->570
[2024-08-28T01:14:22.568+0000][info][gc,heap        ] GC(1047) Archive regions: 2->2
[2024-08-28T01:14:22.568+0000][info][gc,heap        ] GC(1047) Humongous regions: 5->5
[2024-08-28T01:14:22.568+0000][info][gc,metaspace   ] GC(1047) Metaspace: 100K(320K)->100K(320K) NonClass: 96K(192K)->96K(192K) Class: 4K(128K)->4K(128K)
[2024-08-28T01:14:22.568+0000][info][gc             ] GC(1047) Pause Young (Normal) (G1 Evacuation Pause) 586M->582M(1024M) 22.242ms
[2024-08-28T01:14:22.568+0000][info][gc,cpu         ] GC(1047) User=0.49s Sys=0.01s Real=0.02s
[2024-08-28T01:14:22.616+0000][info][gc,start       ] GC(1048) Pause Young (Concurrent Start) (G1 Evacuation Pause)
[2024-08-28T01:14:22.616+0000][info][gc,task        ] GC(1048) Using 24 workers of 68 for evacuation
[2024-08-28T01:14:22.635+0000][info][gc,phases      ] GC(1048)   Pre Evacuate Collection Set: 0.2ms
[2024-08-28T01:14:22.635+0000][info][gc,phases      ] GC(1048)   Merge Heap Roots: 0.4ms
[2024-08-28T01:14:22.635+0000][info][gc,phases      ] GC(1048)   Evacuate Collection Set: 17.3ms
[2024-08-28T01:14:22.635+0000][info][gc,phases      ] GC(1048)   Post Evacuate Collection Set: 0.4ms
[2024-08-28T01:14:22.635+0000][info][gc,phases      ] GC(1048)   Other: 1.0ms
[2024-08-28T01:14:22.635+0000][info][gc,heap        ] GC(1048) Eden regions: 103->0(70)
[2024-08-28T01:14:22.635+0000][info][gc,heap        ] GC(1048) Survivor regions: 19->16(16)
[2024-08-28T01:14:22.635+0000][info][gc,heap        ] GC(1048) Old regions: 570->677
[2024-08-28T01:14:22.635+0000][info][gc,heap        ] GC(1048) Archive regions: 2->2
[2024-08-28T01:14:22.635+0000][info][gc,heap        ] GC(1048) Humongous regions: 5->5
[2024-08-28T01:14:22.635+0000][info][gc,metaspace   ] GC(1048) Metaspace: 100K(320K)->100K(320K) NonClass: 96K(192K)->96K(192K) Class: 4K(128K)->4K(128K)
[2024-08-28T01:14:22.635+0000][info][gc             ] GC(1048) Pause Young (Concurrent Start) (G1 Evacuation Pause) 685M->686M(1024M) 19.580ms
[2024-08-28T01:14:22.635+0000][info][gc,cpu         ] GC(1048) User=0.43s Sys=0.00s Real=0.02s
[2024-08-28T01:14:22.635+0000][info][gc             ] GC(1049) Concurrent Mark Cycle
[2024-08-28T01:14:22.635+0000][info][gc,marking     ] GC(1049) Concurrent Clear Claimed Marks
[2024-08-28T01:14:22.636+0000][info][gc,marking     ] GC(1049) Concurrent Clear Claimed Marks 0.022ms
[2024-08-28T01:14:22.636+0000][info][gc,marking     ] GC(1049) Concurrent Scan Root Regions
[2024-08-28T01:14:22.639+0000][info][gc,marking     ] GC(1049) Concurrent Scan Root Regions 3.336ms
[2024-08-28T01:14:22.639+0000][info][gc,marking     ] GC(1049) Concurrent Mark
[2024-08-28T01:14:22.639+0000][info][gc,marking     ] GC(1049) Concurrent Mark From Roots
[2024-08-28T01:14:22.639+0000][info][gc,task        ] GC(1049) Using 17 workers of 17 for marking
[2024-08-28T01:14:22.658+0000][info][gc,marking     ] GC(1049) Concurrent Mark From Roots 19.429ms
[2024-08-28T01:14:22.658+0000][info][gc,marking     ] GC(1049) Concurrent Preclean
[2024-08-28T01:14:22.660+0000][info][gc,marking     ] GC(1049) Concurrent Preclean 1.059ms
[2024-08-28T01:14:22.660+0000][info][gc,start       ] GC(1049) Pause Remark
[2024-08-28T01:14:22.661+0000][info][gc             ] GC(1049) Pause Remark 723M->723M(1024M) 1.589ms
[2024-08-28T01:14:22.662+0000][info][gc,cpu         ] GC(1049) User=0.00s Sys=0.00s Real=0.00s
[2024-08-28T01:14:22.662+0000][info][gc,marking     ] GC(1049) Concurrent Mark 22.690ms
[2024-08-28T01:14:22.662+0000][info][gc,marking     ] GC(1049) Concurrent Rebuild Remembered Sets
[2024-08-28T01:14:22.678+0000][info][gc,start       ] GC(1050) Pause Young (Normal) (G1 Evacuation Pause)
[2024-08-28T01:14:22.678+0000][info][gc,task        ] GC(1050) Using 24 workers of 68 for evacuation
[2024-08-28T01:14:22.694+0000][info][gc,phases      ] GC(1050)   Pre Evacuate Collection Set: 0.2ms
[2024-08-28T01:14:22.694+0000][info][gc,phases      ] GC(1050)   Merge Heap Roots: 0.4ms
[2024-08-28T01:14:22.694+0000][info][gc,phases      ] GC(1050)   Evacuate Collection Set: 14.8ms
[2024-08-28T01:14:22.694+0000][info][gc,phases      ] GC(1050)   Post Evacuate Collection Set: 0.6ms
[2024-08-28T01:14:22.694+0000][info][gc,phases      ] GC(1050)   Other: 0.3ms
[2024-08-28T01:14:22.694+0000][info][gc,heap        ] GC(1050) Eden regions: 70->0(46)
[2024-08-28T01:14:22.694+0000][info][gc,heap        ] GC(1050) Survivor regions: 16->11(11)
[2024-08-28T01:14:22.694+0000][info][gc,heap        ] GC(1050) Old regions: 677->754
[2024-08-28T01:14:22.694+0000][info][gc,heap        ] GC(1050) Archive regions: 2->2
[2024-08-28T01:14:22.694+0000][info][gc,heap        ] GC(1050) Humongous regions: 5->5
[2024-08-28T01:14:22.694+0000][info][gc,metaspace   ] GC(1050) Metaspace: 100K(320K)->100K(320K) NonClass: 96K(192K)->96K(192K) Class: 4K(128K)->4K(128K)
[2024-08-28T01:14:22.694+0000][info][gc             ] GC(1050) Pause Young (Normal) (G1 Evacuation Pause) 756M->758M(1024M) 16.374ms
[2024-08-28T01:14:22.694+0000][info][gc,cpu         ] GC(1050) User=0.37s Sys=0.00s Real=0.01s
[2024-08-28T01:14:22.717+0000][info][gc,start       ] GC(1051) Pause Young (Normal) (G1 Evacuation Pause)
[2024-08-28T01:14:22.717+0000][info][gc,task        ] GC(1051) Using 24 workers of 68 for evacuation
[2024-08-28T01:14:22.736+0000][info][gc,phases      ] GC(1051)   Pre Evacuate Collection Set: 0.2ms
[2024-08-28T01:14:22.736+0000][info][gc,phases      ] GC(1051)   Merge Heap Roots: 0.5ms
[2024-08-28T01:14:22.736+0000][info][gc,phases      ] GC(1051)   Evacuate Collection Set: 18.0ms
[2024-08-28T01:14:22.736+0000][info][gc,phases      ] GC(1051)   Post Evacuate Collection Set: 0.6ms
[2024-08-28T01:14:22.736+0000][info][gc,phases      ] GC(1051)   Other: 0.3ms
[2024-08-28T01:14:22.736+0000][info][gc,heap        ] GC(1051) Eden regions: 46->0(43)
[2024-08-28T01:14:22.736+0000][info][gc,heap        ] GC(1051) Survivor regions: 11->8(8)
[2024-08-28T01:14:22.736+0000][info][gc,heap        ] GC(1051) Old regions: 754->808
[2024-08-28T01:14:22.736+0000][info][gc,heap        ] GC(1051) Archive regions: 2->2
[2024-08-28T01:14:22.736+0000][info][gc,heap        ] GC(1051) Humongous regions: 5->5
[2024-08-28T01:14:22.736+0000][info][gc,metaspace   ] GC(1051) Metaspace: 100K(320K)->100K(320K) NonClass: 96K(192K)->96K(192K) Class: 4K(128K)->4K(128K)
[2024-08-28T01:14:22.736+0000][info][gc             ] GC(1051) Pause Young (Normal) (G1 Evacuation Pause) 804M->809M(1024M) 19.683ms
[2024-08-28T01:14:22.736+0000][info][gc,cpu         ] GC(1051) User=0.45s Sys=0.00s Real=0.02s
[2024-08-28T01:14:22.750+0000][info][gc,marking     ] GC(1049) Concurrent Rebuild Remembered Sets 87.814ms
[2024-08-28T01:14:22.750+0000][info][gc,start       ] GC(1049) Pause Cleanup
[2024-08-28T01:14:22.751+0000][info][gc             ] GC(1049) Pause Cleanup 836M->836M(1024M) 1.140ms
[2024-08-28T01:14:22.751+0000][info][gc,cpu         ] GC(1049) User=0.00s Sys=0.00s Real=0.00s
[2024-08-28T01:14:22.751+0000][info][gc,marking     ] GC(1049) Concurrent Cleanup for Next Mark
[2024-08-28T01:14:22.752+0000][info][gc,marking     ] GC(1049) Concurrent Cleanup for Next Mark 0.650ms
[2024-08-28T01:14:22.752+0000][info][gc             ] GC(1049) Concurrent Mark Cycle 116.320ms
[2024-08-28T01:14:22.760+0000][info][gc,start       ] GC(1052) Pause Young (Prepare Mixed) (G1 Evacuation Pause)
[2024-08-28T01:14:22.760+0000][info][gc,task        ] GC(1052) Using 24 workers of 68 for evacuation
[2024-08-28T01:14:22.777+0000][info][gc,phases      ] GC(1052)   Pre Evacuate Collection Set: 0.2ms
[2024-08-28T01:14:22.777+0000][info][gc,phases      ] GC(1052)   Merge Heap Roots: 0.6ms
[2024-08-28T01:14:22.777+0000][info][gc,phases      ] GC(1052)   Evacuate Collection Set: 16.2ms
[2024-08-28T01:14:22.777+0000][info][gc,phases      ] GC(1052)   Post Evacuate Collection Set: 0.3ms
[2024-08-28T01:14:22.777+0000][info][gc,phases      ] GC(1052)   Other: 0.2ms
[2024-08-28T01:14:22.777+0000][info][gc,heap        ] GC(1052) Eden regions: 43->0(44)
[2024-08-28T01:14:22.777+0000][info][gc,heap        ] GC(1052) Survivor regions: 8->7(7)
[2024-08-28T01:14:22.777+0000][info][gc,heap        ] GC(1052) Old regions: 808->856
[2024-08-28T01:14:22.777+0000][info][gc,heap        ] GC(1052) Archive regions: 2->2
[2024-08-28T01:14:22.777+0000][info][gc,heap        ] GC(1052) Humongous regions: 5->5
[2024-08-28T01:14:22.777+0000][info][gc,metaspace   ] GC(1052) Metaspace: 100K(320K)->100K(320K) NonClass: 96K(192K)->96K(192K) Class: 4K(128K)->4K(128K)
[2024-08-28T01:14:22.777+0000][info][gc             ] GC(1052) Pause Young (Prepare Mixed) (G1 Evacuation Pause) 852M->856M(1024M) 17.523ms
[2024-08-28T01:14:22.777+0000][info][gc,cpu         ] GC(1052) User=0.40s Sys=0.00s Real=0.01s
[2024-08-28T01:14:22.798+0000][info][gc,start       ] GC(1053) Pause Young (Mixed) (G1 Evacuation Pause)
[2024-08-28T01:14:22.798+0000][info][gc,task        ] GC(1053) Using 24 workers of 68 for evacuation
[2024-08-28T01:14:22.809+0000][info][gc,phases      ] GC(1053)   Pre Evacuate Collection Set: 0.2ms
[2024-08-28T01:14:22.809+0000][info][gc,phases      ] GC(1053)   Merge Heap Roots: 0.4ms
[2024-08-28T01:14:22.809+0000][info][gc,phases      ] GC(1053)   Evacuate Collection Set: 9.8ms
[2024-08-28T01:14:22.809+0000][info][gc,phases      ] GC(1053)   Post Evacuate Collection Set: 0.3ms
[2024-08-28T01:14:22.809+0000][info][gc,phases      ] GC(1053)   Other: 0.2ms
[2024-08-28T01:14:22.809+0000][info][gc,heap        ] GC(1053) Eden regions: 44->0(44)
[2024-08-28T01:14:22.809+0000][info][gc,heap        ] GC(1053) Survivor regions: 7->7(7)
[2024-08-28T01:14:22.809+0000][info][gc,heap        ] GC(1053) Old regions: 856->840
[2024-08-28T01:14:22.809+0000][info][gc,heap        ] GC(1053) Archive regions: 2->2
[2024-08-28T01:14:22.809+0000][info][gc,heap        ] GC(1053) Humongous regions: 5->5
[2024-08-28T01:14:22.809+0000][info][gc,metaspace   ] GC(1053) Metaspace: 100K(320K)->100K(320K) NonClass: 96K(192K)->96K(192K) Class: 4K(128K)->4K(128K)
[2024-08-28T01:14:22.809+0000][info][gc             ] GC(1053) Pause Young (Mixed) (G1 Evacuation Pause) 900M->841M(1024M) 11.066ms
[2024-08-28T01:14:22.809+0000][info][gc,cpu         ] GC(1053) User=0.24s Sys=0.00s Real=0.00s
[2024-08-28T01:14:22.829+0000][info][gc,start       ] GC(1054) Pause Young (Mixed) (G1 Evacuation Pause)
[2024-08-28T01:14:22.829+0000][info][gc,task        ] GC(1054) Using 24 workers of 68 for evacuation
[2024-08-28T01:14:22.840+0000][info][gc,phases      ] GC(1054)   Pre Evacuate Collection Set: 0.2ms
[2024-08-28T01:14:22.840+0000][info][gc,phases      ] GC(1054)   Merge Heap Roots: 0.4ms
[2024-08-28T01:14:22.840+0000][info][gc,phases      ] GC(1054)   Evacuate Collection Set: 9.5ms
[2024-08-28T01:14:22.840+0000][info][gc,phases      ] GC(1054)   Post Evacuate Collection Set: 0.4ms
[2024-08-28T01:14:22.840+0000][info][gc,phases      ] GC(1054)   Other: 0.2ms
[2024-08-28T01:14:22.840+0000][info][gc,heap        ] GC(1054) Eden regions: 44->0(44)
[2024-08-28T01:14:22.840+0000][info][gc,heap        ] GC(1054) Survivor regions: 7->7(7)
[2024-08-28T01:14:22.840+0000][info][gc,heap        ] GC(1054) Old regions: 840->824
[2024-08-28T01:14:22.840+0000][info][gc,heap        ] GC(1054) Archive regions: 2->2
[2024-08-28T01:14:22.840+0000][info][gc,heap        ] GC(1054) Humongous regions: 5->5
[2024-08-28T01:14:22.840+0000][info][gc,metaspace   ] GC(1054) Metaspace: 100K(320K)->100K(320K) NonClass: 96K(192K)->96K(192K) Class: 4K(128K)->4K(128K)
[2024-08-28T01:14:22.840+0000][info][gc             ] GC(1054) Pause Young (Mixed) (G1 Evacuation Pause) 885M->825M(1024M) 10.829ms
[2024-08-28T01:14:22.840+0000][info][gc,cpu         ] GC(1054) User=0.23s Sys=0.01s Real=0.02s
[2024-08-28T01:14:22.860+0000][info][gc,start       ] GC(1055) Pause Young (Mixed) (G1 Evacuation Pause)
[2024-08-28T01:14:22.860+0000][info][gc,task        ] GC(1055) Using 24 workers of 68 for evacuation
[2024-08-28T01:14:22.871+0000][info][gc,phases      ] GC(1055)   Pre Evacuate Collection Set: 0.2ms
[2024-08-28T01:14:22.871+0000][info][gc,phases      ] GC(1055)   Merge Heap Roots: 0.5ms
[2024-08-28T01:14:22.871+0000][info][gc,phases      ] GC(1055)   Evacuate Collection Set: 10.0ms
[2024-08-28T01:14:22.871+0000][info][gc,phases      ] GC(1055)   Post Evacuate Collection Set: 0.4ms
[2024-08-28T01:14:22.871+0000][info][gc,phases      ] GC(1055)   Other: 0.3ms
[2024-08-28T01:14:22.871+0000][info][gc,heap        ] GC(1055) Eden regions: 44->0(44)
[2024-08-28T01:14:22.871+0000][info][gc,heap        ] GC(1055) Survivor regions: 7->7(7)
[2024-08-28T01:14:22.871+0000][info][gc,heap        ] GC(1055) Old regions: 824->809
[2024-08-28T01:14:22.871+0000][info][gc,heap        ] GC(1055) Archive regions: 2->2
[2024-08-28T01:14:22.871+0000][info][gc,heap        ] GC(1055) Humongous regions: 5->5
[2024-08-28T01:14:22.871+0000][info][gc,metaspace   ] GC(1055) Metaspace: 100K(320K)->100K(320K) NonClass: 96K(192K)->96K(192K) Class: 4K(128K)->4K(128K)
[2024-08-28T01:14:22.871+0000][info][gc             ] GC(1055) Pause Young (Mixed) (G1 Evacuation Pause) 869M->812M(1024M) 11.393ms
[2024-08-28T01:14:22.871+0000][info][gc,cpu         ] GC(1055) User=0.25s Sys=0.00s Real=0.01s
[2024-08-28T01:14:22.891+0000][info][gc,start       ] GC(1056) Pause Young (Mixed) (G1 Evacuation Pause)
[2024-08-28T01:14:22.891+0000][info][gc,task        ] GC(1056) Using 24 workers of 68 for evacuation
[2024-08-28T01:14:22.901+0000][info][gc,phases      ] GC(1056)   Pre Evacuate Collection Set: 0.2ms
[2024-08-28T01:14:22.901+0000][info][gc,phases      ] GC(1056)   Merge Heap Roots: 0.3ms
[2024-08-28T01:14:22.901+0000][info][gc,phases      ] GC(1056)   Evacuate Collection Set: 9.1ms
[2024-08-28T01:14:22.901+0000][info][gc,phases      ] GC(1056)   Post Evacuate Collection Set: 0.3ms
[2024-08-28T01:14:22.901+0000][info][gc,phases      ] GC(1056)   Other: 0.2ms
[2024-08-28T01:14:22.901+0000][info][gc,heap        ] GC(1056) Eden regions: 44->0(44)
[2024-08-28T01:14:22.901+0000][info][gc,heap        ] GC(1056) Survivor regions: 7->7(7)
[2024-08-28T01:14:22.901+0000][info][gc,heap        ] GC(1056) Old regions: 809->846
[2024-08-28T01:14:22.901+0000][info][gc,heap        ] GC(1056) Archive regions: 2->2
[2024-08-28T01:14:22.901+0000][info][gc,heap        ] GC(1056) Humongous regions: 5->5
[2024-08-28T01:14:22.901+0000][info][gc,metaspace   ] GC(1056) Metaspace: 100K(320K)->100K(320K) NonClass: 96K(192K)->96K(192K) Class: 4K(128K)->4K(128K)
[2024-08-28T01:14:22.901+0000][info][gc             ] GC(1056) Pause Young (Mixed) (G1 Evacuation Pause) 856M->853M(1024M) 10.276ms
[2024-08-28T01:14:22.901+0000][info][gc,cpu         ] GC(1056) User=0.22s Sys=0.00s Real=0.01s
[2024-08-28T01:14:22.921+0000][info][gc,start       ] GC(1057) Pause Young (Concurrent Start) (G1 Evacuation Pause)
[2024-08-28T01:14:22.921+0000][info][gc,task        ] GC(1057) Using 24 workers of 68 for evacuation
[2024-08-28T01:14:22.932+0000][info][gc,phases      ] GC(1057)   Pre Evacuate Collection Set: 0.2ms
[2024-08-28T01:14:22.932+0000][info][gc,phases      ] GC(1057)   Merge Heap Roots: 0.4ms
[2024-08-28T01:14:22.932+0000][info][gc,phases      ] GC(1057)   Evacuate Collection Set: 8.7ms
[2024-08-28T01:14:22.932+0000][info][gc,phases      ] GC(1057)   Post Evacuate Collection Set: 0.3ms
[2024-08-28T01:14:22.932+0000][info][gc,phases      ] GC(1057)   Other: 0.7ms
[2024-08-28T01:14:22.932+0000][info][gc,heap        ] GC(1057) Eden regions: 44->0(44)
[2024-08-28T01:14:22.932+0000][info][gc,heap        ] GC(1057) Survivor regions: 7->7(7)
[2024-08-28T01:14:22.932+0000][info][gc,heap        ] GC(1057) Old regions: 846->893
[2024-08-28T01:14:22.932+0000][info][gc,heap        ] GC(1057) Archive regions: 2->2
[2024-08-28T01:14:22.932+0000][info][gc,heap        ] GC(1057) Humongous regions: 5->5
[2024-08-28T01:14:22.932+0000][info][gc,metaspace   ] GC(1057) Metaspace: 100K(320K)->100K(320K) NonClass: 96K(192K)->96K(192K) Class: 4K(128K)->4K(128K)
[2024-08-28T01:14:22.932+0000][info][gc             ] GC(1057) Pause Young (Concurrent Start) (G1 Evacuation Pause) 897M->899M(1024M) 10.462ms
[2024-08-28T01:14:22.932+0000][info][gc,cpu         ] GC(1057) User=0.21s Sys=0.01s Real=0.01s
[2024-08-28T01:14:22.932+0000][info][gc             ] GC(1058) Concurrent Mark Cycle
[2024-08-28T01:14:22.932+0000][info][gc,marking     ] GC(1058) Concurrent Clear Claimed Marks
[2024-08-28T01:14:22.932+0000][info][gc,marking     ] GC(1058) Concurrent Clear Claimed Marks 0.013ms
[2024-08-28T01:14:22.932+0000][info][gc,marking     ] GC(1058) Concurrent Scan Root Regions
[2024-08-28T01:14:22.934+0000][info][gc,marking     ] GC(1058) Concurrent Scan Root Regions 1.648ms
[2024-08-28T01:14:22.934+0000][info][gc,marking     ] GC(1058) Concurrent Mark
[2024-08-28T01:14:22.934+0000][info][gc,marking     ] GC(1058) Concurrent Mark From Roots
[2024-08-28T01:14:22.934+0000][info][gc,task        ] GC(1058) Using 17 workers of 17 for marking
[2024-08-28T01:14:22.956+0000][info][gc,marking     ] GC(1058) Concurrent Mark From Roots 22.613ms
[2024-08-28T01:14:22.956+0000][info][gc,marking     ] GC(1058) Concurrent Preclean
[2024-08-28T01:14:22.957+0000][info][gc,marking     ] GC(1058) Concurrent Preclean 0.843ms
[2024-08-28T01:14:22.957+0000][info][gc,start       ] GC(1058) Pause Remark
[2024-08-28T01:14:22.959+0000][info][gc             ] GC(1058) Pause Remark 938M->938M(1024M) 1.629ms
[2024-08-28T01:14:22.959+0000][info][gc,cpu         ] GC(1058) User=0.01s Sys=0.00s Real=0.01s
[2024-08-28T01:14:22.959+0000][info][gc,marking     ] GC(1058) Concurrent Mark 25.557ms
[2024-08-28T01:14:22.959+0000][info][gc,marking     ] GC(1058) Concurrent Rebuild Remembered Sets
[2024-08-28T01:14:22.963+0000][info][gc,start       ] GC(1059) Pause Young (Normal) (G1 Evacuation Pause)
[2024-08-28T01:14:22.963+0000][info][gc,task        ] GC(1059) Using 24 workers of 68 for evacuation
[2024-08-28T01:14:22.972+0000][info][gc,phases      ] GC(1059)   Pre Evacuate Collection Set: 0.2ms
[2024-08-28T01:14:22.972+0000][info][gc,phases      ] GC(1059)   Merge Heap Roots: 0.4ms
[2024-08-28T01:14:22.972+0000][info][gc,phases      ] GC(1059)   Evacuate Collection Set: 8.7ms
[2024-08-28T01:14:22.972+0000][info][gc,phases      ] GC(1059)   Post Evacuate Collection Set: 0.4ms
[2024-08-28T01:14:22.972+0000][info][gc,phases      ] GC(1059)   Other: 0.2ms
[2024-08-28T01:14:22.972+0000][info][gc,heap        ] GC(1059) Eden regions: 44->0(44)
[2024-08-28T01:14:22.973+0000][info][gc,heap        ] GC(1059) Survivor regions: 7->7(7)
[2024-08-28T01:14:22.973+0000][info][gc,heap        ] GC(1059) Old regions: 893->940
[2024-08-28T01:14:22.973+0000][info][gc,heap        ] GC(1059) Archive regions: 2->2
[2024-08-28T01:14:22.973+0000][info][gc,heap        ] GC(1059) Humongous regions: 5->5
[2024-08-28T01:14:22.973+0000][info][gc,metaspace   ] GC(1059) Metaspace: 100K(320K)->100K(320K) NonClass: 96K(192K)->96K(192K) Class: 4K(128K)->4K(128K)
[2024-08-28T01:14:22.973+0000][info][gc             ] GC(1059) Pause Young (Normal) (G1 Evacuation Pause) 943M->946M(1024M) 10.012ms
[2024-08-28T01:14:22.973+0000][info][gc,cpu         ] GC(1059) User=0.22s Sys=0.00s Real=0.01s
[2024-08-28T01:14:22.988+0000][info][gc,start       ] GC(1060) Pause Young (Normal) (G1 Preventive Collection)
[2024-08-28T01:14:22.988+0000][info][gc,task        ] GC(1060) Using 24 workers of 68 for evacuation
[2024-08-28T01:14:22.999+0000][info][gc,phases      ] GC(1060)   Pre Evacuate Collection Set: 0.2ms
[2024-08-28T01:14:22.999+0000][info][gc,phases      ] GC(1060)   Merge Heap Roots: 0.4ms
[2024-08-28T01:14:22.999+0000][info][gc,phases      ] GC(1060)   Evacuate Collection Set: 10.1ms
[2024-08-28T01:14:22.999+0000][info][gc,phases      ] GC(1060)   Post Evacuate Collection Set: 0.5ms
[2024-08-28T01:14:22.999+0000][info][gc,phases      ] GC(1060)   Other: 0.3ms
[2024-08-28T01:14:23.000+0000][info][gc,heap        ] GC(1060) Eden regions: 30->0(44)
[2024-08-28T01:14:23.000+0000][info][gc,heap        ] GC(1060) Survivor regions: 7->7(7)
[2024-08-28T01:14:23.000+0000][info][gc,heap        ] GC(1060) Old regions: 940->973
[2024-08-28T01:14:23.000+0000][info][gc,heap        ] GC(1060) Archive regions: 2->2
[2024-08-28T01:14:23.000+0000][info][gc,heap        ] GC(1060) Humongous regions: 5->5
[2024-08-28T01:14:23.000+0000][info][gc,metaspace   ] GC(1060) Metaspace: 100K(320K)->100K(320K) NonClass: 96K(192K)->96K(192K) Class: 4K(128K)->4K(128K)
[2024-08-28T01:14:23.000+0000][info][gc             ] GC(1060) Pause Young (Normal) (G1 Preventive Collection) 976M->979M(1024M) 11.524ms
[2024-08-28T01:14:23.000+0000][info][gc,cpu         ] GC(1060) User=0.26s Sys=0.00s Real=0.02s
[2024-08-28T01:14:23.007+0000][info][gc,start       ] GC(1061) Pause Young (Normal) (G1 Preventive Collection)
[2024-08-28T01:14:23.007+0000][info][gc,task        ] GC(1061) Using 24 workers of 68 for evacuation
[2024-08-28T01:14:23.017+0000][info][gc,phases      ] GC(1061)   Pre Evacuate Collection Set: 0.2ms
[2024-08-28T01:14:23.017+0000][info][gc,phases      ] GC(1061)   Merge Heap Roots: 0.5ms
[2024-08-28T01:14:23.017+0000][info][gc,phases      ] GC(1061)   Evacuate Collection Set: 8.3ms
[2024-08-28T01:14:23.017+0000][info][gc,phases      ] GC(1061)   Post Evacuate Collection Set: 0.5ms
[2024-08-28T01:14:23.017+0000][info][gc,phases      ] GC(1061)   Other: 0.2ms
[2024-08-28T01:14:23.017+0000][info][gc,heap        ] GC(1061) Eden regions: 14->0(44)
[2024-08-28T01:14:23.017+0000][info][gc,heap        ] GC(1061) Survivor regions: 7->7(7)
[2024-08-28T01:14:23.017+0000][info][gc,heap        ] GC(1061) Old regions: 973->989
[2024-08-28T01:14:23.017+0000][info][gc,heap        ] GC(1061) Archive regions: 2->2
[2024-08-28T01:14:23.017+0000][info][gc,heap        ] GC(1061) Humongous regions: 5->5
[2024-08-28T01:14:23.017+0000][info][gc,metaspace   ] GC(1061) Metaspace: 100K(320K)->100K(320K) NonClass: 96K(192K)->96K(192K) Class: 4K(128K)->4K(128K)
[2024-08-28T01:14:23.017+0000][info][gc             ] GC(1061) Pause Young (Normal) (G1 Preventive Collection) 993M->996M(1024M) 9.768ms
[2024-08-28T01:14:23.017+0000][info][gc,cpu         ] GC(1061) User=0.22s Sys=0.00s Real=0.01s
[2024-08-28T01:14:23.020+0000][info][gc,start       ] GC(1062) Pause Young (Normal) (G1 Preventive Collection)
[2024-08-28T01:14:23.020+0000][info][gc,task        ] GC(1062) Using 24 workers of 68 for evacuation
[2024-08-28T01:14:23.028+0000][info][gc             ] GC(1062) To-space exhausted
[2024-08-28T01:14:23.028+0000][info][gc,phases      ] GC(1062)   Pre Evacuate Collection Set: 0.1ms
[2024-08-28T01:14:23.028+0000][info][gc,phases      ] GC(1062)   Merge Heap Roots: 0.5ms
[2024-08-28T01:14:23.028+0000][info][gc,phases      ] GC(1062)   Evacuate Collection Set: 6.3ms
[2024-08-28T01:14:23.028+0000][info][gc,phases      ] GC(1062)   Post Evacuate Collection Set: 0.7ms
[2024-08-28T01:14:23.028+0000][info][gc,phases      ] GC(1062)   Other: 0.2ms
[2024-08-28T01:14:23.028+0000][info][gc,heap        ] GC(1062) Eden regions: 6->0(45)
[2024-08-28T01:14:23.028+0000][info][gc,heap        ] GC(1062) Survivor regions: 7->6(7)
[2024-08-28T01:14:23.028+0000][info][gc,heap        ] GC(1062) Old regions: 989->1010
[2024-08-28T01:14:23.028+0000][info][gc,heap        ] GC(1062) Archive regions: 2->2
[2024-08-28T01:14:23.028+0000][info][gc,heap        ] GC(1062) Humongous regions: 5->5
[2024-08-28T01:14:23.028+0000][info][gc,metaspace   ] GC(1062) Metaspace: 100K(320K)->100K(320K) NonClass: 96K(192K)->96K(192K) Class: 4K(128K)->4K(128K)
[2024-08-28T01:14:23.028+0000][info][gc             ] GC(1062) Pause Young (Normal) (G1 Preventive Collection) 1002M->1016M(1024M) 7.897ms
[2024-08-28T01:14:23.028+0000][info][gc,cpu         ] GC(1062) User=0.17s Sys=0.00s Real=0.00s
[2024-08-28T01:14:23.029+0000][info][gc,start       ] GC(1063) Pause Young (Normal) (G1 Evacuation Pause)
[2024-08-28T01:14:23.029+0000][info][gc,task        ] GC(1063) Using 24 workers of 68 for evacuation
[2024-08-28T01:14:23.035+0000][info][gc             ] GC(1063) To-space exhausted
[2024-08-28T01:14:23.035+0000][info][gc,phases      ] GC(1063)   Pre Evacuate Collection Set: 0.1ms
[2024-08-28T01:14:23.035+0000][info][gc,phases      ] GC(1063)   Merge Heap Roots: 0.3ms
[2024-08-28T01:14:23.035+0000][info][gc,phases      ] GC(1063)   Evacuate Collection Set: 4.7ms
[2024-08-28T01:14:23.035+0000][info][gc,phases      ] GC(1063)   Post Evacuate Collection Set: 0.8ms
[2024-08-28T01:14:23.035+0000][info][gc,phases      ] GC(1063)   Other: 0.1ms
[2024-08-28T01:14:23.035+0000][info][gc,heap        ] GC(1063) Eden regions: 1->0(51)
[2024-08-28T01:14:23.035+0000][info][gc,heap        ] GC(1063) Survivor regions: 6->0(0)
[2024-08-28T01:14:23.035+0000][info][gc,heap        ] GC(1063) Old regions: 1010->1017
[2024-08-28T01:14:23.035+0000][info][gc,heap        ] GC(1063) Archive regions: 2->2
[2024-08-28T01:14:23.035+0000][info][gc,heap        ] GC(1063) Humongous regions: 5->5
[2024-08-28T01:14:23.035+0000][info][gc,metaspace   ] GC(1063) Metaspace: 100K(320K)->100K(320K) NonClass: 96K(192K)->96K(192K) Class: 4K(128K)->4K(128K)
[2024-08-28T01:14:23.035+0000][info][gc             ] GC(1063) Pause Young (Normal) (G1 Evacuation Pause) 1017M->1017M(1024M) 6.115ms
[2024-08-28T01:14:23.035+0000][info][gc,cpu         ] GC(1063) User=0.12s Sys=0.00s Real=0.01s
[2024-08-28T01:14:23.035+0000][info][gc,ergo        ] Attempting full compaction
[2024-08-28T01:14:23.035+0000][info][gc,task        ] GC(1064) Using 24 workers of 68 for full compaction
[2024-08-28T01:14:23.035+0000][info][gc,start       ] GC(1064) Pause Full (G1 Compaction Pause)
[2024-08-28T01:14:23.036+0000][info][gc,phases,start] GC(1064) Phase 1: Mark live objects
[2024-08-28T01:14:23.049+0000][info][gc,phases      ] GC(1064) Phase 1: Mark live objects 12.802ms
[2024-08-28T01:14:23.049+0000][info][gc,phases,start] GC(1064) Phase 2: Prepare for compaction
[2024-08-28T01:14:23.056+0000][info][gc,phases      ] GC(1064) Phase 2: Prepare for compaction 7.661ms
[2024-08-28T01:14:23.057+0000][info][gc,phases,start] GC(1064) Phase 3: Adjust pointers
[2024-08-28T01:14:23.070+0000][info][gc,phases      ] GC(1064) Phase 3: Adjust pointers 13.915ms
[2024-08-28T01:14:23.070+0000][info][gc,phases,start] GC(1064) Phase 4: Compact heap
[2024-08-28T01:14:23.098+0000][info][gc,phases      ] GC(1064) Phase 4: Compact heap 27.098ms
[2024-08-28T01:14:23.099+0000][info][gc,heap        ] GC(1064) Eden regions: 0->0(150)
[2024-08-28T01:14:23.099+0000][info][gc,heap        ] GC(1064) Survivor regions: 0->0(0)
[2024-08-28T01:14:23.099+0000][info][gc,heap        ] GC(1064) Old regions: 1017->443
[2024-08-28T01:14:23.099+0000][info][gc,heap        ] GC(1064) Archive regions: 2->2
[2024-08-28T01:14:23.099+0000][info][gc,heap        ] GC(1064) Humongous regions: 5->5
[2024-08-28T01:14:23.099+0000][info][gc,metaspace   ] GC(1064) Metaspace: 100K(320K)->100K(320K) NonClass: 96K(192K)->96K(192K) Class: 4K(128K)->4K(128K)
[2024-08-28T01:14:23.099+0000][info][gc             ] GC(1064) Pause Full (G1 Compaction Pause) 1017M->437M(1024M) 63.442ms
[2024-08-28T01:14:23.099+0000][info][gc,cpu         ] GC(1064) User=1.38s Sys=0.00s Real=0.07s
[2024-08-28T01:14:23.099+0000][info][gc,marking     ] GC(1058) Concurrent Rebuild Remembered Sets 140.039ms
[2024-08-28T01:14:23.099+0000][info][gc,marking     ] GC(1058) Concurrent Mark Abort
[2024-08-28T01:14:23.099+0000][info][gc             ] GC(1058) Concurrent Mark Cycle 167.418ms
[2024-08-28T01:14:23.172+0000][info][gc,start       ] GC(1065) Pause Young (Normal) (G1 Evacuation Pause)
[2024-08-28T01:14:23.172+0000][info][gc,task        ] GC(1065) Using 24 workers of 68 for evacuation
[2024-08-28T01:14:23.194+0000][info][gc,phases      ] GC(1065)   Pre Evacuate Collection Set: 0.2ms
[2024-08-28T01:14:23.194+0000][info][gc,phases      ] GC(1065)   Merge Heap Roots: 0.4ms
[2024-08-28T01:14:23.194+0000][info][gc,phases      ] GC(1065)   Evacuate Collection Set: 20.4ms
[2024-08-28T01:14:23.194+0000][info][gc,phases      ] GC(1065)   Post Evacuate Collection Set: 0.3ms
[2024-08-28T01:14:23.194+0000][info][gc,phases      ] GC(1065)   Other: 0.2ms
[2024-08-28T01:14:23.194+0000][info][gc,heap        ] GC(1065) Eden regions: 150->0(102)
[2024-08-28T01:14:23.194+0000][info][gc,heap        ] GC(1065) Survivor regions: 0->19(19)
[2024-08-28T01:14:23.194+0000][info][gc,heap        ] GC(1065) Old regions: 443->573
[2024-08-28T01:14:23.194+0000][info][gc,heap        ] GC(1065) Archive regions: 2->2
[2024-08-28T01:14:23.194+0000][info][gc,heap        ] GC(1065) Humongous regions: 5->5
[2024-08-28T01:14:23.194+0000][info][gc,metaspace   ] GC(1065) Metaspace: 100K(320K)->100K(320K) NonClass: 96K(192K)->96K(192K) Class: 4K(128K)->4K(128K)
[2024-08-28T01:14:23.194+0000][info][gc             ] GC(1065) Pause Young (Normal) (G1 Evacuation Pause) 587M->585M(1024M) 21.689ms
[2024-08-28T01:14:23.194+0000][info][gc,cpu         ] GC(1065) User=0.50s Sys=0.00s Real=0.02s
[2024-08-28T01:14:23.240+0000][info][gc,start       ] GC(1066) Pause Young (Concurrent Start) (G1 Evacuation Pause)
[2024-08-28T01:14:23.240+0000][info][gc,task        ] GC(1066) Using 24 workers of 68 for evacuation
[2024-08-28T01:14:23.258+0000][info][gc,phases      ] GC(1066)   Pre Evacuate Collection Set: 0.2ms
[2024-08-28T01:14:23.258+0000][info][gc,phases      ] GC(1066)   Merge Heap Roots: 0.3ms
[2024-08-28T01:14:23.258+0000][info][gc,phases      ] GC(1066)   Evacuate Collection Set: 16.8ms
[2024-08-28T01:14:23.258+0000][info][gc,phases      ] GC(1066)   Post Evacuate Collection Set: 0.3ms
[2024-08-28T01:14:23.258+0000][info][gc,phases      ] GC(1066)   Other: 0.6ms
[2024-08-28T01:14:23.258+0000][info][gc,heap        ] GC(1066) Eden regions: 102->0(69)
[2024-08-28T01:14:23.258+0000][info][gc,heap        ] GC(1066) Survivor regions: 19->16(16)
[2024-08-28T01:14:23.258+0000][info][gc,heap        ] GC(1066) Old regions: 573->679
[2024-08-28T01:14:23.258+0000][info][gc,heap        ] GC(1066) Archive regions: 2->2
[2024-08-28T01:14:23.258+0000][info][gc,heap        ] GC(1066) Humongous regions: 5->5
[2024-08-28T01:14:23.258+0000][info][gc,metaspace   ] GC(1066) Metaspace: 100K(320K)->100K(320K) NonClass: 96K(192K)->96K(192K) Class: 4K(128K)->4K(128K)
[2024-08-28T01:14:23.258+0000][info][gc             ] GC(1066) Pause Young (Concurrent Start) (G1 Evacuation Pause) 687M->689M(1024M) 18.233ms
[2024-08-28T01:14:23.258+0000][info][gc,cpu         ] GC(1066) User=0.41s Sys=0.00s Real=0.02s
[2024-08-28T01:14:23.258+0000][info][gc             ] GC(1067) Concurrent Mark Cycle
[2024-08-28T01:14:23.259+0000][info][gc,marking     ] GC(1067) Concurrent Clear Claimed Marks
[2024-08-28T01:14:23.259+0000][info][gc,marking     ] GC(1067) Concurrent Clear Claimed Marks 0.010ms
[2024-08-28T01:14:23.259+0000][info][gc,marking     ] GC(1067) Concurrent Scan Root Regions
[2024-08-28T01:14:23.262+0000][info][gc,marking     ] GC(1067) Concurrent Scan Root Regions 3.195ms
[2024-08-28T01:14:23.262+0000][info][gc,marking     ] GC(1067) Concurrent Mark
[2024-08-28T01:14:23.262+0000][info][gc,marking     ] GC(1067) Concurrent Mark From Roots
[2024-08-28T01:14:23.262+0000][info][gc,task        ] GC(1067) Using 17 workers of 17 for marking
[2024-08-28T01:14:23.282+0000][info][gc,marking     ] GC(1067) Concurrent Mark From Roots 20.291ms
[2024-08-28T01:14:23.282+0000][info][gc,marking     ] GC(1067) Concurrent Preclean
[2024-08-28T01:14:23.283+0000][info][gc,marking     ] GC(1067) Concurrent Preclean 0.555ms
[2024-08-28T01:14:23.283+0000][info][gc,start       ] GC(1067) Pause Remark
[2024-08-28T01:14:23.284+0000][info][gc             ] GC(1067) Pause Remark 726M->726M(1024M) 1.321ms
[2024-08-28T01:14:23.284+0000][info][gc,cpu         ] GC(1067) User=0.01s Sys=0.00s Real=0.00s
[2024-08-28T01:14:23.284+0000][info][gc,marking     ] GC(1067) Concurrent Mark 22.535ms
[2024-08-28T01:14:23.284+0000][info][gc,marking     ] GC(1067) Concurrent Rebuild Remembered Sets
[2024-08-28T01:14:23.300+0000][info][gc,start       ] GC(1068) Pause Young (Normal) (G1 Evacuation Pause)
[2024-08-28T01:14:23.300+0000][info][gc,task        ] GC(1068) Using 24 workers of 68 for evacuation
[2024-08-28T01:14:23.315+0000][info][gc,phases      ] GC(1068)   Pre Evacuate Collection Set: 0.2ms
[2024-08-28T01:14:23.315+0000][info][gc,phases      ] GC(1068)   Merge Heap Roots: 0.4ms
[2024-08-28T01:14:23.315+0000][info][gc,phases      ] GC(1068)   Evacuate Collection Set: 14.2ms
[2024-08-28T01:14:23.315+0000][info][gc,phases      ] GC(1068)   Post Evacuate Collection Set: 0.5ms
[2024-08-28T01:14:23.315+0000][info][gc,phases      ] GC(1068)   Other: 0.3ms
[2024-08-28T01:14:23.315+0000][info][gc,heap        ] GC(1068) Eden regions: 69->0(45)
[2024-08-28T01:14:23.315+0000][info][gc,heap        ] GC(1068) Survivor regions: 16->11(11)
[2024-08-28T01:14:23.315+0000][info][gc,heap        ] GC(1068) Old regions: 679->757
[2024-08-28T01:14:23.315+0000][info][gc,heap        ] GC(1068) Archive regions: 2->2
[2024-08-28T01:14:23.315+0000][info][gc,heap        ] GC(1068) Humongous regions: 5->5
[2024-08-28T01:14:23.315+0000][info][gc,metaspace   ] GC(1068) Metaspace: 100K(320K)->100K(320K) NonClass: 96K(192K)->96K(192K) Class: 4K(128K)->4K(128K)
[2024-08-28T01:14:23.316+0000][info][gc             ] GC(1068) Pause Young (Normal) (G1 Evacuation Pause) 758M->762M(1024M) 15.561ms
[2024-08-28T01:14:23.316+0000][info][gc,cpu         ] GC(1068) User=0.36s Sys=0.00s Real=0.01s
[2024-08-28T01:14:23.337+0000][info][gc,start       ] GC(1069) Pause Young (Normal) (G1 Evacuation Pause)
[2024-08-28T01:14:23.337+0000][info][gc,task        ] GC(1069) Using 24 workers of 68 for evacuation
[2024-08-28T01:14:23.356+0000][info][gc,phases      ] GC(1069)   Pre Evacuate Collection Set: 0.2ms
[2024-08-28T01:14:23.356+0000][info][gc,phases      ] GC(1069)   Merge Heap Roots: 0.3ms
[2024-08-28T01:14:23.356+0000][info][gc,phases      ] GC(1069)   Evacuate Collection Set: 17.1ms
[2024-08-28T01:14:23.356+0000][info][gc,phases      ] GC(1069)   Post Evacuate Collection Set: 0.6ms
[2024-08-28T01:14:23.356+0000][info][gc,phases      ] GC(1069)   Other: 0.3ms
[2024-08-28T01:14:23.356+0000][info][gc,heap        ] GC(1069) Eden regions: 45->0(44)
[2024-08-28T01:14:23.356+0000][info][gc,heap        ] GC(1069) Survivor regions: 11->7(7)
[2024-08-28T01:14:23.356+0000][info][gc,heap        ] GC(1069) Old regions: 757->811
[2024-08-28T01:14:23.356+0000][info][gc,heap        ] GC(1069) Archive regions: 2->2
[2024-08-28T01:14:23.356+0000][info][gc,heap        ] GC(1069) Humongous regions: 5->5
[2024-08-28T01:14:23.356+0000][info][gc,metaspace   ] GC(1069) Metaspace: 100K(320K)->100K(320K) NonClass: 96K(192K)->96K(192K) Class: 4K(128K)->4K(128K)
[2024-08-28T01:14:23.356+0000][info][gc             ] GC(1069) Pause Young (Normal) (G1 Evacuation Pause) 807M->811M(1024M) 18.585ms
[2024-08-28T01:14:23.356+0000][info][gc,cpu         ] GC(1069) User=0.42s Sys=0.00s Real=0.02s
[2024-08-28T01:14:23.369+0000][info][gc,marking     ] GC(1067) Concurrent Rebuild Remembered Sets 84.271ms
[2024-08-28T01:14:23.369+0000][info][gc,start       ] GC(1067) Pause Cleanup
[2024-08-28T01:14:23.370+0000][info][gc             ] GC(1067) Pause Cleanup 837M->837M(1024M) 1.325ms
[2024-08-28T01:14:23.370+0000][info][gc,cpu         ] GC(1067) User=0.01s Sys=0.00s Real=0.01s
[2024-08-28T01:14:23.370+0000][info][gc,marking     ] GC(1067) Concurrent Cleanup for Next Mark
[2024-08-28T01:14:23.371+0000][info][gc,marking     ] GC(1067) Concurrent Cleanup for Next Mark 0.618ms
[2024-08-28T01:14:23.371+0000][info][gc             ] GC(1067) Concurrent Mark Cycle 112.520ms
[2024-08-28T01:14:23.380+0000][info][gc,start       ] GC(1070) Pause Young (Prepare Mixed) (G1 Evacuation Pause)
[2024-08-28T01:14:23.380+0000][info][gc,task        ] GC(1070) Using 24 workers of 68 for evacuation
[2024-08-28T01:14:23.397+0000][info][gc,phases      ] GC(1070)   Pre Evacuate Collection Set: 0.2ms
[2024-08-28T01:14:23.398+0000][info][gc,phases      ] GC(1070)   Merge Heap Roots: 0.6ms
[2024-08-28T01:14:23.398+0000][info][gc,phases      ] GC(1070)   Evacuate Collection Set: 16.0ms
[2024-08-28T01:14:23.398+0000][info][gc,phases      ] GC(1070)   Post Evacuate Collection Set: 0.3ms
[2024-08-28T01:14:23.398+0000][info][gc,phases      ] GC(1070)   Other: 0.2ms
[2024-08-28T01:14:23.398+0000][info][gc,heap        ] GC(1070) Eden regions: 44->0(44)
[2024-08-28T01:14:23.398+0000][info][gc,heap        ] GC(1070) Survivor regions: 7->7(7)
[2024-08-28T01:14:23.398+0000][info][gc,heap        ] GC(1070) Old regions: 811->858
[2024-08-28T01:14:23.398+0000][info][gc,heap        ] GC(1070) Archive regions: 2->2
[2024-08-28T01:14:23.398+0000][info][gc,heap        ] GC(1070) Humongous regions: 5->5
[2024-08-28T01:14:23.398+0000][info][gc,metaspace   ] GC(1070) Metaspace: 100K(320K)->100K(320K) NonClass: 96K(192K)->96K(192K) Class: 4K(128K)->4K(128K)
[2024-08-28T01:14:23.398+0000][info][gc             ] GC(1070) Pause Young (Prepare Mixed) (G1 Evacuation Pause) 855M->859M(1024M) 17.373ms
[2024-08-28T01:14:23.398+0000][info][gc,cpu         ] GC(1070) User=0.40s Sys=0.00s Real=0.02s
[2024-08-28T01:14:23.418+0000][info][gc,start       ] GC(1071) Pause Young (Mixed) (G1 Evacuation Pause)
[2024-08-28T01:14:23.418+0000][info][gc,task        ] GC(1071) Using 24 workers of 68 for evacuation
[2024-08-28T01:14:23.429+0000][info][gc,phases      ] GC(1071)   Pre Evacuate Collection Set: 0.2ms
[2024-08-28T01:14:23.429+0000][info][gc,phases      ] GC(1071)   Merge Heap Roots: 0.4ms
[2024-08-28T01:14:23.429+0000][info][gc,phases      ] GC(1071)   Evacuate Collection Set: 9.7ms
[2024-08-28T01:14:23.429+0000][info][gc,phases      ] GC(1071)   Post Evacuate Collection Set: 0.3ms
[2024-08-28T01:14:23.429+0000][info][gc,phases      ] GC(1071)   Other: 0.2ms
[2024-08-28T01:14:23.429+0000][info][gc,heap        ] GC(1071) Eden regions: 44->0(44)
[2024-08-28T01:14:23.429+0000][info][gc,heap        ] GC(1071) Survivor regions: 7->7(7)
[2024-08-28T01:14:23.429+0000][info][gc,heap        ] GC(1071) Old regions: 858->843
[2024-08-28T01:14:23.429+0000][info][gc,heap        ] GC(1071) Archive regions: 2->2
[2024-08-28T01:14:23.429+0000][info][gc,heap        ] GC(1071) Humongous regions: 5->5
[2024-08-28T01:14:23.429+0000][info][gc,metaspace   ] GC(1071) Metaspace: 100K(320K)->100K(320K) NonClass: 96K(192K)->96K(192K) Class: 4K(128K)->4K(128K)
[2024-08-28T01:14:23.429+0000][info][gc             ] GC(1071) Pause Young (Mixed) (G1 Evacuation Pause) 903M->845M(1024M) 10.975ms
[2024-08-28T01:14:23.429+0000][info][gc,cpu         ] GC(1071) User=0.24s Sys=0.01s Real=0.00s
[2024-08-28T01:14:23.449+0000][info][gc,start       ] GC(1072) Pause Young (Mixed) (G1 Evacuation Pause)
[2024-08-28T01:14:23.449+0000][info][gc,task        ] GC(1072) Using 24 workers of 68 for evacuation
[2024-08-28T01:14:23.460+0000][info][gc,phases      ] GC(1072)   Pre Evacuate Collection Set: 0.2ms
[2024-08-28T01:14:23.460+0000][info][gc,phases      ] GC(1072)   Merge Heap Roots: 0.4ms
[2024-08-28T01:14:23.460+0000][info][gc,phases      ] GC(1072)   Evacuate Collection Set: 9.6ms
[2024-08-28T01:14:23.460+0000][info][gc,phases      ] GC(1072)   Post Evacuate Collection Set: 0.3ms
[2024-08-28T01:14:23.460+0000][info][gc,phases      ] GC(1072)   Other: 0.2ms
[2024-08-28T01:14:23.460+0000][info][gc,heap        ] GC(1072) Eden regions: 44->0(44)
[2024-08-28T01:14:23.460+0000][info][gc,heap        ] GC(1072) Survivor regions: 7->7(7)
[2024-08-28T01:14:23.460+0000][info][gc,heap        ] GC(1072) Old regions: 843->827
[2024-08-28T01:14:23.460+0000][info][gc,heap        ] GC(1072) Archive regions: 2->2
[2024-08-28T01:14:23.460+0000][info][gc,heap        ] GC(1072) Humongous regions: 5->5
[2024-08-28T01:14:23.460+0000][info][gc,metaspace   ] GC(1072) Metaspace: 100K(320K)->100K(320K) NonClass: 96K(192K)->96K(192K) Class: 4K(128K)->4K(128K)
[2024-08-28T01:14:23.460+0000][info][gc             ] GC(1072) Pause Young (Mixed) (G1 Evacuation Pause) 889M->830M(1024M) 10.921ms
[2024-08-28T01:14:23.460+0000][info][gc,cpu         ] GC(1072) User=0.23s Sys=0.01s Real=0.02s
[2024-08-28T01:14:23.480+0000][info][gc,start       ] GC(1073) Pause Young (Mixed) (G1 Evacuation Pause)
[2024-08-28T01:14:23.480+0000][info][gc,task        ] GC(1073) Using 24 workers of 68 for evacuation
[2024-08-28T01:14:23.492+0000][info][gc,phases      ] GC(1073)   Pre Evacuate Collection Set: 0.2ms
[2024-08-28T01:14:23.492+0000][info][gc,phases      ] GC(1073)   Merge Heap Roots: 0.4ms
[2024-08-28T01:14:23.492+0000][info][gc,phases      ] GC(1073)   Evacuate Collection Set: 10.1ms
[2024-08-28T01:14:23.492+0000][info][gc,phases      ] GC(1073)   Post Evacuate Collection Set: 0.4ms
[2024-08-28T01:14:23.492+0000][info][gc,phases      ] GC(1073)   Other: 0.3ms
[2024-08-28T01:14:23.492+0000][info][gc,heap        ] GC(1073) Eden regions: 44->0(44)
[2024-08-28T01:14:23.492+0000][info][gc,heap        ] GC(1073) Survivor regions: 7->7(7)
[2024-08-28T01:14:23.492+0000][info][gc,heap        ] GC(1073) Old regions: 827->813
[2024-08-28T01:14:23.492+0000][info][gc,heap        ] GC(1073) Archive regions: 2->2
[2024-08-28T01:14:23.492+0000][info][gc,heap        ] GC(1073) Humongous regions: 5->5
[2024-08-28T01:14:23.492+0000][info][gc,metaspace   ] GC(1073) Metaspace: 100K(320K)->100K(320K) NonClass: 96K(192K)->96K(192K) Class: 4K(128K)->4K(128K)
[2024-08-28T01:14:23.492+0000][info][gc             ] GC(1073) Pause Young (Mixed) (G1 Evacuation Pause) 874M->818M(1024M) 11.369ms
[2024-08-28T01:14:23.492+0000][info][gc,cpu         ] GC(1073) User=0.25s Sys=0.00s Real=0.01s
[2024-08-28T01:14:23.512+0000][info][gc,start       ] GC(1074) Pause Young (Mixed) (G1 Evacuation Pause)
[2024-08-28T01:14:23.512+0000][info][gc,task        ] GC(1074) Using 24 workers of 68 for evacuation
[2024-08-28T01:14:23.522+0000][info][gc,phases      ] GC(1074)   Pre Evacuate Collection Set: 0.2ms
[2024-08-28T01:14:23.522+0000][info][gc,phases      ] GC(1074)   Merge Heap Roots: 0.4ms
[2024-08-28T01:14:23.522+0000][info][gc,phases      ] GC(1074)   Evacuate Collection Set: 9.1ms
[2024-08-28T01:14:23.522+0000][info][gc,phases      ] GC(1074)   Post Evacuate Collection Set: 0.3ms
[2024-08-28T01:14:23.522+0000][info][gc,phases      ] GC(1074)   Other: 0.3ms
[2024-08-28T01:14:23.522+0000][info][gc,heap        ] GC(1074) Eden regions: 44->0(44)
[2024-08-28T01:14:23.523+0000][info][gc,heap        ] GC(1074) Survivor regions: 7->7(7)
[2024-08-28T01:14:23.523+0000][info][gc,heap        ] GC(1074) Old regions: 813->851
[2024-08-28T01:14:23.523+0000][info][gc,heap        ] GC(1074) Archive regions: 2->2
[2024-08-28T01:14:23.523+0000][info][gc,heap        ] GC(1074) Humongous regions: 5->5
[2024-08-28T01:14:23.523+0000][info][gc,metaspace   ] GC(1074) Metaspace: 100K(320K)->100K(320K) NonClass: 96K(192K)->96K(192K) Class: 4K(128K)->4K(128K)
[2024-08-28T01:14:23.523+0000][info][gc             ] GC(1074) Pause Young (Mixed) (G1 Evacuation Pause) 862M->856M(1024M) 10.362ms
[2024-08-28T01:14:23.523+0000][info][gc,cpu         ] GC(1074) User=0.23s Sys=0.00s Real=0.01s
[2024-08-28T01:14:23.542+0000][info][gc,start       ] GC(1075) Pause Young (Concurrent Start) (G1 Evacuation Pause)
[2024-08-28T01:14:23.542+0000][info][gc,task        ] GC(1075) Using 24 workers of 68 for evacuation
[2024-08-28T01:14:23.553+0000][info][gc,phases      ] GC(1075)   Pre Evacuate Collection Set: 0.2ms
[2024-08-28T01:14:23.553+0000][info][gc,phases      ] GC(1075)   Merge Heap Roots: 0.4ms
[2024-08-28T01:14:23.553+0000][info][gc,phases      ] GC(1075)   Evacuate Collection Set: 9.0ms
[2024-08-28T01:14:23.553+0000][info][gc,phases      ] GC(1075)   Post Evacuate Collection Set: 0.4ms
[2024-08-28T01:14:23.553+0000][info][gc,phases      ] GC(1075)   Other: 0.8ms
[2024-08-28T01:14:23.553+0000][info][gc,heap        ] GC(1075) Eden regions: 44->0(44)
[2024-08-28T01:14:23.553+0000][info][gc,heap        ] GC(1075) Survivor regions: 7->7(7)
[2024-08-28T01:14:23.553+0000][info][gc,heap        ] GC(1075) Old regions: 851->897
[2024-08-28T01:14:23.553+0000][info][gc,heap        ] GC(1075) Archive regions: 2->2
[2024-08-28T01:14:23.553+0000][info][gc,heap        ] GC(1075) Humongous regions: 5->5
[2024-08-28T01:14:23.553+0000][info][gc,metaspace   ] GC(1075) Metaspace: 100K(320K)->100K(320K) NonClass: 96K(192K)->96K(192K) Class: 4K(128K)->4K(128K)
[2024-08-28T01:14:23.553+0000][info][gc             ] GC(1075) Pause Young (Concurrent Start) (G1 Evacuation Pause) 900M->902M(1024M) 10.795ms
[2024-08-28T01:14:23.553+0000][info][gc,cpu         ] GC(1075) User=0.22s Sys=0.00s Real=0.01s
[2024-08-28T01:14:23.553+0000][info][gc             ] GC(1076) Concurrent Mark Cycle
[2024-08-28T01:14:23.553+0000][info][gc,marking     ] GC(1076) Concurrent Clear Claimed Marks
[2024-08-28T01:14:23.553+0000][info][gc,marking     ] GC(1076) Concurrent Clear Claimed Marks 0.014ms
[2024-08-28T01:14:23.553+0000][info][gc,marking     ] GC(1076) Concurrent Scan Root Regions
[2024-08-28T01:14:23.555+0000][info][gc,marking     ] GC(1076) Concurrent Scan Root Regions 1.691ms
[2024-08-28T01:14:23.555+0000][info][gc,marking     ] GC(1076) Concurrent Mark
[2024-08-28T01:14:23.555+0000][info][gc,marking     ] GC(1076) Concurrent Mark From Roots
[2024-08-28T01:14:23.555+0000][info][gc,task        ] GC(1076) Using 17 workers of 17 for marking
[2024-08-28T01:14:23.584+0000][info][gc,start       ] GC(1077) Pause Young (Normal) (G1 Evacuation Pause)
[2024-08-28T01:14:23.584+0000][info][gc,task        ] GC(1077) Using 24 workers of 68 for evacuation
[2024-08-28T01:14:23.594+0000][info][gc,phases      ] GC(1077)   Pre Evacuate Collection Set: 0.2ms
[2024-08-28T01:14:23.594+0000][info][gc,phases      ] GC(1077)   Merge Heap Roots: 0.2ms
[2024-08-28T01:14:23.594+0000][info][gc,phases      ] GC(1077)   Evacuate Collection Set: 9.4ms
[2024-08-28T01:14:23.594+0000][info][gc,phases      ] GC(1077)   Post Evacuate Collection Set: 0.3ms
[2024-08-28T01:14:23.594+0000][info][gc,phases      ] GC(1077)   Other: 0.3ms
[2024-08-28T01:14:23.594+0000][info][gc,heap        ] GC(1077) Eden regions: 44->0(44)
[2024-08-28T01:14:23.594+0000][info][gc,heap        ] GC(1077) Survivor regions: 7->7(7)
[2024-08-28T01:14:23.594+0000][info][gc,heap        ] GC(1077) Old regions: 897->945
[2024-08-28T01:14:23.594+0000][info][gc,heap        ] GC(1077) Archive regions: 2->2
[2024-08-28T01:14:23.594+0000][info][gc,heap        ] GC(1077) Humongous regions: 5->5
[2024-08-28T01:14:23.594+0000][info][gc,metaspace   ] GC(1077) Metaspace: 100K(320K)->100K(320K) NonClass: 96K(192K)->96K(192K) Class: 4K(128K)->4K(128K)
[2024-08-28T01:14:23.594+0000][info][gc             ] GC(1077) Pause Young (Normal) (G1 Evacuation Pause) 946M->950M(1024M) 10.563ms
[2024-08-28T01:14:23.594+0000][info][gc,cpu         ] GC(1077) User=0.16s Sys=0.06s Real=0.01s
[2024-08-28T01:14:23.595+0000][info][gc,marking     ] GC(1076) Concurrent Mark From Roots 39.596ms
[2024-08-28T01:14:23.595+0000][info][gc,marking     ] GC(1076) Concurrent Preclean
[2024-08-28T01:14:23.595+0000][info][gc,marking     ] GC(1076) Concurrent Preclean 0.716ms
[2024-08-28T01:14:23.596+0000][info][gc,start       ] GC(1076) Pause Remark
[2024-08-28T01:14:23.597+0000][info][gc             ] GC(1076) Pause Remark 951M->951M(1024M) 1.334ms
[2024-08-28T01:14:23.597+0000][info][gc,cpu         ] GC(1076) User=0.01s Sys=0.00s Real=0.00s
[2024-08-28T01:14:23.597+0000][info][gc,marking     ] GC(1076) Concurrent Mark 41.937ms
[2024-08-28T01:14:23.597+0000][info][gc,marking     ] GC(1076) Concurrent Rebuild Remembered Sets
[2024-08-28T01:14:23.612+0000][info][gc,start       ] GC(1078) Pause Young (Normal) (G1 Preventive Collection)
[2024-08-28T01:14:23.612+0000][info][gc,task        ] GC(1078) Using 24 workers of 68 for evacuation
[2024-08-28T01:14:23.619+0000][info][gc,phases      ] GC(1078)   Pre Evacuate Collection Set: 0.2ms
[2024-08-28T01:14:23.620+0000][info][gc,phases      ] GC(1078)   Merge Heap Roots: 0.4ms
[2024-08-28T01:14:23.620+0000][info][gc,phases      ] GC(1078)   Evacuate Collection Set: 6.2ms
[2024-08-28T01:14:23.620+0000][info][gc,phases      ] GC(1078)   Post Evacuate Collection Set: 0.4ms
[2024-08-28T01:14:23.620+0000][info][gc,phases      ] GC(1078)   Other: 0.3ms
[2024-08-28T01:14:23.620+0000][info][gc,heap        ] GC(1078) Eden regions: 27->0(44)
[2024-08-28T01:14:23.620+0000][info][gc,heap        ] GC(1078) Survivor regions: 7->7(7)
[2024-08-28T01:14:23.620+0000][info][gc,heap        ] GC(1078) Old regions: 945->974
[2024-08-28T01:14:23.620+0000][info][gc,heap        ] GC(1078) Archive regions: 2->2
[2024-08-28T01:14:23.620+0000][info][gc,heap        ] GC(1078) Humongous regions: 5->5
[2024-08-28T01:14:23.620+0000][info][gc,metaspace   ] GC(1078) Metaspace: 100K(320K)->100K(320K) NonClass: 96K(192K)->96K(192K) Class: 4K(128K)->4K(128K)
[2024-08-28T01:14:23.620+0000][info][gc             ] GC(1078) Pause Young (Normal) (G1 Preventive Collection) 977M->979M(1024M) 7.482ms
[2024-08-28T01:14:23.620+0000][info][gc,cpu         ] GC(1078) User=0.16s Sys=0.00s Real=0.01s
[2024-08-28T01:14:23.627+0000][info][gc,start       ] GC(1079) Pause Young (Normal) (G1 Preventive Collection)
[2024-08-28T01:14:23.627+0000][info][gc,task        ] GC(1079) Using 24 workers of 68 for evacuation
[2024-08-28T01:14:23.634+0000][info][gc,phases      ] GC(1079)   Pre Evacuate Collection Set: 0.2ms
[2024-08-28T01:14:23.634+0000][info][gc,phases      ] GC(1079)   Merge Heap Roots: 0.2ms
[2024-08-28T01:14:23.634+0000][info][gc,phases      ] GC(1079)   Evacuate Collection Set: 5.9ms
[2024-08-28T01:14:23.634+0000][info][gc,phases      ] GC(1079)   Post Evacuate Collection Set: 0.4ms
[2024-08-28T01:14:23.634+0000][info][gc,phases      ] GC(1079)   Other: 0.3ms
[2024-08-28T01:14:23.634+0000][info][gc,heap        ] GC(1079) Eden regions: 13->0(44)
[2024-08-28T01:14:23.634+0000][info][gc,heap        ] GC(1079) Survivor regions: 7->7(7)
[2024-08-28T01:14:23.634+0000][info][gc,heap        ] GC(1079) Old regions: 974->990
[2024-08-28T01:14:23.634+0000][info][gc,heap        ] GC(1079) Archive regions: 2->2
[2024-08-28T01:14:23.634+0000][info][gc,heap        ] GC(1079) Humongous regions: 5->5
[2024-08-28T01:14:23.634+0000][info][gc,metaspace   ] GC(1079) Metaspace: 100K(320K)->100K(320K) NonClass: 96K(192K)->96K(192K) Class: 4K(128K)->4K(128K)
[2024-08-28T01:14:23.634+0000][info][gc             ] GC(1079) Pause Young (Normal) (G1 Preventive Collection) 992M->995M(1024M) 7.165ms
[2024-08-28T01:14:23.635+0000][info][gc,cpu         ] GC(1079) User=0.15s Sys=0.00s Real=0.01s
[2024-08-28T01:14:23.638+0000][info][gc,start       ] GC(1080) Pause Young (Normal) (G1 Preventive Collection)
[2024-08-28T01:14:23.638+0000][info][gc,task        ] GC(1080) Using 24 workers of 68 for evacuation
[2024-08-28T01:14:23.643+0000][info][gc,phases      ] GC(1080)   Pre Evacuate Collection Set: 0.2ms
[2024-08-28T01:14:23.643+0000][info][gc,phases      ] GC(1080)   Merge Heap Roots: 0.4ms
[2024-08-28T01:14:23.643+0000][info][gc,phases      ] GC(1080)   Evacuate Collection Set: 4.2ms
[2024-08-28T01:14:23.643+0000][info][gc,phases      ] GC(1080)   Post Evacuate Collection Set: 0.4ms
[2024-08-28T01:14:23.644+0000][info][gc,phases      ] GC(1080)   Other: 0.3ms
[2024-08-28T01:14:23.644+0000][info][gc,heap        ] GC(1080) Eden regions: 5->0(45)
[2024-08-28T01:14:23.644+0000][info][gc,heap        ] GC(1080) Survivor regions: 7->6(7)
[2024-08-28T01:14:23.644+0000][info][gc,heap        ] GC(1080) Old regions: 990->999
[2024-08-28T01:14:23.644+0000][info][gc,heap        ] GC(1080) Archive regions: 2->2
[2024-08-28T01:14:23.644+0000][info][gc,heap        ] GC(1080) Humongous regions: 5->5
[2024-08-28T01:14:23.644+0000][info][gc,metaspace   ] GC(1080) Metaspace: 100K(320K)->100K(320K) NonClass: 96K(192K)->96K(192K) Class: 4K(128K)->4K(128K)
[2024-08-28T01:14:23.644+0000][info][gc             ] GC(1080) Pause Young (Normal) (G1 Preventive Collection) 1000M->1003M(1024M) 5.606ms
[2024-08-28T01:14:23.644+0000][info][gc,cpu         ] GC(1080) User=0.11s Sys=0.01s Real=0.00s
[2024-08-28T01:14:23.645+0000][info][gc,start       ] GC(1081) Pause Young (Normal) (G1 Preventive Collection)
[2024-08-28T01:14:23.645+0000][info][gc,task        ] GC(1081) Using 24 workers of 68 for evacuation
[2024-08-28T01:14:23.650+0000][info][gc,phases      ] GC(1081)   Pre Evacuate Collection Set: 0.2ms
[2024-08-28T01:14:23.650+0000][info][gc,phases      ] GC(1081)   Merge Heap Roots: 0.2ms
[2024-08-28T01:14:23.650+0000][info][gc,phases      ] GC(1081)   Evacuate Collection Set: 3.3ms
[2024-08-28T01:14:23.650+0000][info][gc,phases      ] GC(1081)   Post Evacuate Collection Set: 0.5ms
[2024-08-28T01:14:23.650+0000][info][gc,phases      ] GC(1081)   Other: 0.2ms
[2024-08-28T01:14:23.650+0000][info][gc,heap        ] GC(1081) Eden regions: 2->0(48)
[2024-08-28T01:14:23.650+0000][info][gc,heap        ] GC(1081) Survivor regions: 6->3(7)
[2024-08-28T01:14:23.650+0000][info][gc,heap        ] GC(1081) Old regions: 999->1005
[2024-08-28T01:14:23.650+0000][info][gc,heap        ] GC(1081) Archive regions: 2->2
[2024-08-28T01:14:23.650+0000][info][gc,heap        ] GC(1081) Humongous regions: 5->5
[2024-08-28T01:14:23.650+0000][info][gc,metaspace   ] GC(1081) Metaspace: 100K(320K)->100K(320K) NonClass: 96K(192K)->96K(192K) Class: 4K(128K)->4K(128K)
[2024-08-28T01:14:23.650+0000][info][gc             ] GC(1081) Pause Young (Normal) (G1 Preventive Collection) 1005M->1005M(1024M) 4.552ms
[2024-08-28T01:14:23.650+0000][info][gc,cpu         ] GC(1081) User=0.07s Sys=0.01s Real=0.01s
[2024-08-28T01:14:23.653+0000][info][gc,start       ] GC(1082) Pause Young (Normal) (G1 Preventive Collection)
[2024-08-28T01:14:23.653+0000][info][gc,task        ] GC(1082) Using 24 workers of 68 for evacuation
[2024-08-28T01:14:23.657+0000][info][gc,phases      ] GC(1082)   Pre Evacuate Collection Set: 0.2ms
[2024-08-28T01:14:23.657+0000][info][gc,phases      ] GC(1082)   Merge Heap Roots: 0.5ms
[2024-08-28T01:14:23.657+0000][info][gc,phases      ] GC(1082)   Evacuate Collection Set: 3.0ms
[2024-08-28T01:14:23.657+0000][info][gc,phases      ] GC(1082)   Post Evacuate Collection Set: 0.4ms
[2024-08-28T01:14:23.657+0000][info][gc,phases      ] GC(1082)   Other: 0.3ms
[2024-08-28T01:14:23.657+0000][info][gc,heap        ] GC(1082) Eden regions: 3->0(45)
[2024-08-28T01:14:23.657+0000][info][gc,heap        ] GC(1082) Survivor regions: 3->6(6)
[2024-08-28T01:14:23.657+0000][info][gc,heap        ] GC(1082) Old regions: 1005->1005
[2024-08-28T01:14:23.657+0000][info][gc,heap        ] GC(1082) Archive regions: 2->2
[2024-08-28T01:14:23.657+0000][info][gc,heap        ] GC(1082) Humongous regions: 5->5
[2024-08-28T01:14:23.657+0000][info][gc,metaspace   ] GC(1082) Metaspace: 100K(320K)->100K(320K) NonClass: 96K(192K)->96K(192K) Class: 4K(128K)->4K(128K)
[2024-08-28T01:14:23.657+0000][info][gc             ] GC(1082) Pause Young (Normal) (G1 Preventive Collection) 1008M->1008M(1024M) 4.498ms
[2024-08-28T01:14:23.657+0000][info][gc,cpu         ] GC(1082) User=0.08s Sys=0.01s Real=0.00s
[2024-08-28T01:14:23.658+0000][info][gc,start       ] GC(1083) Pause Young (Normal) (G1 Preventive Collection)
[2024-08-28T01:14:23.658+0000][info][gc,task        ] GC(1083) Using 24 workers of 68 for evacuation
[2024-08-28T01:14:23.663+0000][info][gc             ] GC(1083) To-space exhausted
[2024-08-28T01:14:23.663+0000][info][gc,phases      ] GC(1083)   Pre Evacuate Collection Set: 0.1ms
[2024-08-28T01:14:23.663+0000][info][gc,phases      ] GC(1083)   Merge Heap Roots: 0.2ms
[2024-08-28T01:14:23.663+0000][info][gc,phases      ] GC(1083)   Evacuate Collection Set: 3.1ms
[2024-08-28T01:14:23.663+0000][info][gc,phases      ] GC(1083)   Post Evacuate Collection Set: 0.7ms
[2024-08-28T01:14:23.663+0000][info][gc,phases      ] GC(1083)   Other: 0.2ms
[2024-08-28T01:14:23.663+0000][info][gc,heap        ] GC(1083) Eden regions: 1->0(47)
[2024-08-28T01:14:23.663+0000][info][gc,heap        ] GC(1083) Survivor regions: 6->4(5)
[2024-08-28T01:14:23.663+0000][info][gc,heap        ] GC(1083) Old regions: 1005->1013
[2024-08-28T01:14:23.663+0000][info][gc,heap        ] GC(1083) Archive regions: 2->2
[2024-08-28T01:14:23.663+0000][info][gc,heap        ] GC(1083) Humongous regions: 5->5
[2024-08-28T01:14:23.663+0000][info][gc,metaspace   ] GC(1083) Metaspace: 100K(320K)->100K(320K) NonClass: 96K(192K)->96K(192K) Class: 4K(128K)->4K(128K)
[2024-08-28T01:14:23.663+0000][info][gc             ] GC(1083) Pause Young (Normal) (G1 Preventive Collection) 1009M->1015M(1024M) 4.457ms
[2024-08-28T01:14:23.663+0000][info][gc,cpu         ] GC(1083) User=0.08s Sys=0.00s Real=0.00s
[2024-08-28T01:14:23.663+0000][info][gc,ergo        ] Attempting full compaction
[2024-08-28T01:14:23.663+0000][info][gc,task        ] GC(1084) Using 24 workers of 68 for full compaction
[2024-08-28T01:14:23.663+0000][info][gc,start       ] GC(1084) Pause Full (G1 Compaction Pause)
[2024-08-28T01:14:23.664+0000][info][gc,phases,start] GC(1084) Phase 1: Mark live objects
[2024-08-28T01:14:23.677+0000][info][gc,phases      ] GC(1084) Phase 1: Mark live objects 13.494ms
[2024-08-28T01:14:23.677+0000][info][gc,phases,start] GC(1084) Phase 2: Prepare for compaction
[2024-08-28T01:14:23.686+0000][info][gc,phases      ] GC(1084) Phase 2: Prepare for compaction 8.102ms
[2024-08-28T01:14:23.686+0000][info][gc,phases,start] GC(1084) Phase 3: Adjust pointers
[2024-08-28T01:14:23.700+0000][info][gc,phases      ] GC(1084) Phase 3: Adjust pointers 14.273ms
[2024-08-28T01:14:23.700+0000][info][gc,phases,start] GC(1084) Phase 4: Compact heap
[2024-08-28T01:14:23.730+0000][info][gc,phases      ] GC(1084) Phase 4: Compact heap 29.687ms
[2024-08-28T01:14:23.731+0000][info][gc,heap        ] GC(1084) Eden regions: 0->0(150)
[2024-08-28T01:14:23.731+0000][info][gc,heap        ] GC(1084) Survivor regions: 4->0(5)
[2024-08-28T01:14:23.731+0000][info][gc,heap        ] GC(1084) Old regions: 1013->443
[2024-08-28T01:14:23.731+0000][info][gc,heap        ] GC(1084) Archive regions: 2->2
[2024-08-28T01:14:23.731+0000][info][gc,heap        ] GC(1084) Humongous regions: 5->5
[2024-08-28T01:14:23.731+0000][info][gc,metaspace   ] GC(1084) Metaspace: 100K(320K)->100K(320K) NonClass: 96K(192K)->96K(192K) Class: 4K(128K)->4K(128K)
[2024-08-28T01:14:23.731+0000][info][gc             ] GC(1084) Pause Full (G1 Compaction Pause) 1015M->436M(1024M) 67.937ms
[2024-08-28T01:14:23.731+0000][info][gc,cpu         ] GC(1084) User=1.33s Sys=0.09s Real=0.07s
[2024-08-28T01:14:23.732+0000][info][gc,marking     ] GC(1076) Concurrent Rebuild Remembered Sets 134.531ms
[2024-08-28T01:14:23.732+0000][info][gc,marking     ] GC(1076) Concurrent Mark Abort
[2024-08-28T01:14:23.732+0000][info][gc             ] GC(1076) Concurrent Mark Cycle 178.381ms
[2024-08-28T01:14:23.805+0000][info][gc,start       ] GC(1085) Pause Young (Normal) (G1 Evacuation Pause)
[2024-08-28T01:14:23.805+0000][info][gc,task        ] GC(1085) Using 24 workers of 68 for evacuation
[2024-08-28T01:14:23.827+0000][info][gc,phases      ] GC(1085)   Pre Evacuate Collection Set: 0.2ms
[2024-08-28T01:14:23.827+0000][info][gc,phases      ] GC(1085)   Merge Heap Roots: 0.4ms
[2024-08-28T01:14:23.827+0000][info][gc,phases      ] GC(1085)   Evacuate Collection Set: 20.6ms
[2024-08-28T01:14:23.827+0000][info][gc,phases      ] GC(1085)   Post Evacuate Collection Set: 0.4ms
[2024-08-28T01:14:23.827+0000][info][gc,phases      ] GC(1085)   Other: 0.4ms
[2024-08-28T01:14:23.827+0000][info][gc,heap        ] GC(1085) Eden regions: 150->0(103)
[2024-08-28T01:14:23.827+0000][info][gc,heap        ] GC(1085) Survivor regions: 0->19(19)
[2024-08-28T01:14:23.827+0000][info][gc,heap        ] GC(1085) Old regions: 443->570
[2024-08-28T01:14:23.827+0000][info][gc,heap        ] GC(1085) Archive regions: 2->2
[2024-08-28T01:14:23.827+0000][info][gc,heap        ] GC(1085) Humongous regions: 5->5
[2024-08-28T01:14:23.827+0000][info][gc,metaspace   ] GC(1085) Metaspace: 100K(320K)->100K(320K) NonClass: 96K(192K)->96K(192K) Class: 4K(128K)->4K(128K)
[2024-08-28T01:14:23.827+0000][info][gc             ] GC(1085) Pause Young (Normal) (G1 Evacuation Pause) 586M->582M(1024M) 22.210ms
[2024-08-28T01:14:23.827+0000][info][gc,cpu         ] GC(1085) User=0.49s Sys=0.01s Real=0.02s
[2024-08-28T01:14:23.875+0000][info][gc,start       ] GC(1086) Pause Young (Concurrent Start) (G1 Evacuation Pause)
[2024-08-28T01:14:23.875+0000][info][gc,task        ] GC(1086) Using 24 workers of 68 for evacuation
[2024-08-28T01:14:23.893+0000][info][gc,phases      ] GC(1086)   Pre Evacuate Collection Set: 0.2ms
[2024-08-28T01:14:23.894+0000][info][gc,phases      ] GC(1086)   Merge Heap Roots: 0.3ms
[2024-08-28T01:14:23.894+0000][info][gc,phases      ] GC(1086)   Evacuate Collection Set: 16.9ms
[2024-08-28T01:14:23.894+0000][info][gc,phases      ] GC(1086)   Post Evacuate Collection Set: 0.4ms
[2024-08-28T01:14:23.894+0000][info][gc,phases      ] GC(1086)   Other: 1.0ms
[2024-08-28T01:14:23.894+0000][info][gc,heap        ] GC(1086) Eden regions: 103->0(70)
[2024-08-28T01:14:23.894+0000][info][gc,heap        ] GC(1086) Survivor regions: 19->16(16)
[2024-08-28T01:14:23.894+0000][info][gc,heap        ] GC(1086) Old regions: 570->677
[2024-08-28T01:14:23.894+0000][info][gc,heap        ] GC(1086) Archive regions: 2->2
[2024-08-28T01:14:23.894+0000][info][gc,heap        ] GC(1086) Humongous regions: 5->5
[2024-08-28T01:14:23.894+0000][info][gc,metaspace   ] GC(1086) Metaspace: 100K(320K)->100K(320K) NonClass: 96K(192K)->96K(192K) Class: 4K(128K)->4K(128K)
[2024-08-28T01:14:23.894+0000][info][gc             ] GC(1086) Pause Young (Concurrent Start) (G1 Evacuation Pause) 685M->686M(1024M) 19.029ms
[2024-08-28T01:14:23.894+0000][info][gc,cpu         ] GC(1086) User=0.41s Sys=0.00s Real=0.02s
[2024-08-28T01:14:23.894+0000][info][gc             ] GC(1087) Concurrent Mark Cycle
[2024-08-28T01:14:23.894+0000][info][gc,marking     ] GC(1087) Concurrent Clear Claimed Marks
[2024-08-28T01:14:23.894+0000][info][gc,marking     ] GC(1087) Concurrent Clear Claimed Marks 0.021ms
[2024-08-28T01:14:23.894+0000][info][gc,marking     ] GC(1087) Concurrent Scan Root Regions
[2024-08-28T01:14:23.897+0000][info][gc,marking     ] GC(1087) Concurrent Scan Root Regions 3.480ms
[2024-08-28T01:14:23.898+0000][info][gc,marking     ] GC(1087) Concurrent Mark
[2024-08-28T01:14:23.898+0000][info][gc,marking     ] GC(1087) Concurrent Mark From Roots
[2024-08-28T01:14:23.898+0000][info][gc,task        ] GC(1087) Using 17 workers of 17 for marking
[2024-08-28T01:14:23.918+0000][info][gc,marking     ] GC(1087) Concurrent Mark From Roots 20.523ms
[2024-08-28T01:14:23.918+0000][info][gc,marking     ] GC(1087) Concurrent Preclean
[2024-08-28T01:14:23.919+0000][info][gc,marking     ] GC(1087) Concurrent Preclean 1.055ms
[2024-08-28T01:14:23.920+0000][info][gc,start       ] GC(1087) Pause Remark
[2024-08-28T01:14:23.921+0000][info][gc             ] GC(1087) Pause Remark 725M->725M(1024M) 1.628ms
[2024-08-28T01:14:23.921+0000][info][gc,cpu         ] GC(1087) User=0.01s Sys=0.00s Real=0.00s
[2024-08-28T01:14:23.922+0000][info][gc,marking     ] GC(1087) Concurrent Mark 23.938ms
[2024-08-28T01:14:23.922+0000][info][gc,marking     ] GC(1087) Concurrent Rebuild Remembered Sets
[2024-08-28T01:14:23.936+0000][info][gc,start       ] GC(1088) Pause Young (Normal) (G1 Evacuation Pause)
[2024-08-28T01:14:23.936+0000][info][gc,task        ] GC(1088) Using 24 workers of 68 for evacuation
[2024-08-28T01:14:23.951+0000][info][gc,phases      ] GC(1088)   Pre Evacuate Collection Set: 0.2ms
[2024-08-28T01:14:23.952+0000][info][gc,phases      ] GC(1088)   Merge Heap Roots: 0.4ms
[2024-08-28T01:14:23.952+0000][info][gc,phases      ] GC(1088)   Evacuate Collection Set: 13.8ms
[2024-08-28T01:14:23.952+0000][info][gc,phases      ] GC(1088)   Post Evacuate Collection Set: 0.6ms
[2024-08-28T01:14:23.952+0000][info][gc,phases      ] GC(1088)   Other: 0.3ms
[2024-08-28T01:14:23.952+0000][info][gc,heap        ] GC(1088) Eden regions: 70->0(46)
[2024-08-28T01:14:23.952+0000][info][gc,heap        ] GC(1088) Survivor regions: 16->11(11)
[2024-08-28T01:14:23.952+0000][info][gc,heap        ] GC(1088) Old regions: 677->756
[2024-08-28T01:14:23.952+0000][info][gc,heap        ] GC(1088) Archive regions: 2->2
[2024-08-28T01:14:23.952+0000][info][gc,heap        ] GC(1088) Humongous regions: 5->5
[2024-08-28T01:14:23.952+0000][info][gc,metaspace   ] GC(1088) Metaspace: 100K(320K)->100K(320K) NonClass: 96K(192K)->96K(192K) Class: 4K(128K)->4K(128K)
[2024-08-28T01:14:23.952+0000][info][gc             ] GC(1088) Pause Young (Normal) (G1 Evacuation Pause) 756M->760M(1024M) 15.419ms
[2024-08-28T01:14:23.952+0000][info][gc,cpu         ] GC(1088) User=0.34s Sys=0.00s Real=0.02s
[2024-08-28T01:14:23.974+0000][info][gc,start       ] GC(1089) Pause Young (Normal) (G1 Evacuation Pause)
[2024-08-28T01:14:23.974+0000][info][gc,task        ] GC(1089) Using 24 workers of 68 for evacuation
[2024-08-28T01:14:23.993+0000][info][gc,phases      ] GC(1089)   Pre Evacuate Collection Set: 0.2ms
[2024-08-28T01:14:23.993+0000][info][gc,phases      ] GC(1089)   Merge Heap Roots: 0.4ms
[2024-08-28T01:14:23.993+0000][info][gc,phases      ] GC(1089)   Evacuate Collection Set: 17.1ms
[2024-08-28T01:14:23.993+0000][info][gc,phases      ] GC(1089)   Post Evacuate Collection Set: 0.7ms
[2024-08-28T01:14:23.993+0000][info][gc,phases      ] GC(1089)   Other: 0.3ms
[2024-08-28T01:14:23.993+0000][info][gc,heap        ] GC(1089) Eden regions: 46->0(43)
[2024-08-28T01:14:23.993+0000][info][gc,heap        ] GC(1089) Survivor regions: 11->8(8)
[2024-08-28T01:14:23.993+0000][info][gc,heap        ] GC(1089) Old regions: 756->811
[2024-08-28T01:14:23.993+0000][info][gc,heap        ] GC(1089) Archive regions: 2->2
[2024-08-28T01:14:23.993+0000][info][gc,heap        ] GC(1089) Humongous regions: 5->5
[2024-08-28T01:14:23.993+0000][info][gc,metaspace   ] GC(1089) Metaspace: 100K(320K)->100K(320K) NonClass: 96K(192K)->96K(192K) Class: 4K(128K)->4K(128K)
[2024-08-28T01:14:23.993+0000][info][gc             ] GC(1089) Pause Young (Normal) (G1 Evacuation Pause) 806M->812M(1024M) 18.835ms
[2024-08-28T01:14:23.993+0000][info][gc,cpu         ] GC(1089) User=0.43s Sys=0.00s Real=0.02s
[2024-08-28T01:14:24.006+0000][info][gc,marking     ] GC(1087) Concurrent Rebuild Remembered Sets 84.660ms
[2024-08-28T01:14:24.007+0000][info][gc,start       ] GC(1087) Pause Cleanup
[2024-08-28T01:14:24.009+0000][info][gc             ] GC(1087) Pause Cleanup 839M->839M(1024M) 2.304ms
[2024-08-28T01:14:24.009+0000][info][gc,cpu         ] GC(1087) User=0.01s Sys=0.00s Real=0.00s
[2024-08-28T01:14:24.009+0000][info][gc,marking     ] GC(1087) Concurrent Cleanup for Next Mark
[2024-08-28T01:14:24.010+0000][info][gc,marking     ] GC(1087) Concurrent Cleanup for Next Mark 0.653ms
[2024-08-28T01:14:24.010+0000][info][gc             ] GC(1087) Concurrent Mark Cycle 115.963ms
[2024-08-28T01:14:24.018+0000][info][gc,start       ] GC(1090) Pause Young (Prepare Mixed) (G1 Evacuation Pause)
[2024-08-28T01:14:24.018+0000][info][gc,task        ] GC(1090) Using 24 workers of 68 for evacuation
[2024-08-28T01:14:24.034+0000][info][gc,phases      ] GC(1090)   Pre Evacuate Collection Set: 0.2ms
[2024-08-28T01:14:24.034+0000][info][gc,phases      ] GC(1090)   Merge Heap Roots: 0.6ms
[2024-08-28T01:14:24.034+0000][info][gc,phases      ] GC(1090)   Evacuate Collection Set: 15.1ms
[2024-08-28T01:14:24.034+0000][info][gc,phases      ] GC(1090)   Post Evacuate Collection Set: 0.4ms
[2024-08-28T01:14:24.034+0000][info][gc,phases      ] GC(1090)   Other: 0.3ms
[2024-08-28T01:14:24.034+0000][info][gc,heap        ] GC(1090) Eden regions: 43->0(44)
[2024-08-28T01:14:24.034+0000][info][gc,heap        ] GC(1090) Survivor regions: 8->7(7)
[2024-08-28T01:14:24.034+0000][info][gc,heap        ] GC(1090) Old regions: 811->858
[2024-08-28T01:14:24.034+0000][info][gc,heap        ] GC(1090) Archive regions: 2->2
[2024-08-28T01:14:24.034+0000][info][gc,heap        ] GC(1090) Humongous regions: 5->5
[2024-08-28T01:14:24.034+0000][info][gc,metaspace   ] GC(1090) Metaspace: 100K(320K)->100K(320K) NonClass: 96K(192K)->96K(192K) Class: 4K(128K)->4K(128K)
[2024-08-28T01:14:24.034+0000][info][gc             ] GC(1090) Pause Young (Prepare Mixed) (G1 Evacuation Pause) 855M->858M(1024M) 16.653ms
[2024-08-28T01:14:24.034+0000][info][gc,cpu         ] GC(1090) User=0.38s Sys=0.00s Real=0.01s
[2024-08-28T01:14:24.054+0000][info][gc,start       ] GC(1091) Pause Young (Mixed) (G1 Evacuation Pause)
[2024-08-28T01:14:24.054+0000][info][gc,task        ] GC(1091) Using 24 workers of 68 for evacuation
[2024-08-28T01:14:24.066+0000][info][gc,phases      ] GC(1091)   Pre Evacuate Collection Set: 0.2ms
[2024-08-28T01:14:24.066+0000][info][gc,phases      ] GC(1091)   Merge Heap Roots: 0.4ms
[2024-08-28T01:14:24.066+0000][info][gc,phases      ] GC(1091)   Evacuate Collection Set: 10.4ms
[2024-08-28T01:14:24.066+0000][info][gc,phases      ] GC(1091)   Post Evacuate Collection Set: 0.4ms
[2024-08-28T01:14:24.066+0000][info][gc,phases      ] GC(1091)   Other: 0.3ms
[2024-08-28T01:14:24.066+0000][info][gc,heap        ] GC(1091) Eden regions: 44->0(44)
[2024-08-28T01:14:24.066+0000][info][gc,heap        ] GC(1091) Survivor regions: 7->7(7)
[2024-08-28T01:14:24.066+0000][info][gc,heap        ] GC(1091) Old regions: 858->842
[2024-08-28T01:14:24.066+0000][info][gc,heap        ] GC(1091) Archive regions: 2->2
[2024-08-28T01:14:24.066+0000][info][gc,heap        ] GC(1091) Humongous regions: 5->5
[2024-08-28T01:14:24.066+0000][info][gc,metaspace   ] GC(1091) Metaspace: 100K(320K)->100K(320K) NonClass: 96K(192K)->96K(192K) Class: 4K(128K)->4K(128K)
[2024-08-28T01:14:24.066+0000][info][gc             ] GC(1091) Pause Young (Mixed) (G1 Evacuation Pause) 902M->843M(1024M) 11.901ms
[2024-08-28T01:14:24.066+0000][info][gc,cpu         ] GC(1091) User=0.26s Sys=0.00s Real=0.01s
[2024-08-28T01:14:24.086+0000][info][gc,start       ] GC(1092) Pause Young (Mixed) (G1 Evacuation Pause)
[2024-08-28T01:14:24.086+0000][info][gc,task        ] GC(1092) Using 24 workers of 68 for evacuation
[2024-08-28T01:14:24.097+0000][info][gc,phases      ] GC(1092)   Pre Evacuate Collection Set: 0.2ms
[2024-08-28T01:14:24.097+0000][info][gc,phases      ] GC(1092)   Merge Heap Roots: 0.4ms
[2024-08-28T01:14:24.097+0000][info][gc,phases      ] GC(1092)   Evacuate Collection Set: 10.2ms
[2024-08-28T01:14:24.097+0000][info][gc,phases      ] GC(1092)   Post Evacuate Collection Set: 0.4ms
[2024-08-28T01:14:24.097+0000][info][gc,phases      ] GC(1092)   Other: 0.3ms
[2024-08-28T01:14:24.097+0000][info][gc,heap        ] GC(1092) Eden regions: 44->0(44)
[2024-08-28T01:14:24.098+0000][info][gc,heap        ] GC(1092) Survivor regions: 7->7(7)
[2024-08-28T01:14:24.098+0000][info][gc,heap        ] GC(1092) Old regions: 842->826
[2024-08-28T01:14:24.098+0000][info][gc,heap        ] GC(1092) Archive regions: 2->2
[2024-08-28T01:14:24.098+0000][info][gc,heap        ] GC(1092) Humongous regions: 5->5
[2024-08-28T01:14:24.098+0000][info][gc,metaspace   ] GC(1092) Metaspace: 100K(320K)->100K(320K) NonClass: 96K(192K)->96K(192K) Class: 4K(128K)->4K(128K)
[2024-08-28T01:14:24.098+0000][info][gc             ] GC(1092) Pause Young (Mixed) (G1 Evacuation Pause) 887M->827M(1024M) 11.722ms
[2024-08-28T01:14:24.098+0000][info][gc,cpu         ] GC(1092) User=0.24s Sys=0.00s Real=0.02s
[2024-08-28T01:14:24.117+0000][info][gc,start       ] GC(1093) Pause Young (Mixed) (G1 Evacuation Pause)
[2024-08-28T01:14:24.117+0000][info][gc,task        ] GC(1093) Using 24 workers of 68 for evacuation
[2024-08-28T01:14:24.128+0000][info][gc,phases      ] GC(1093)   Pre Evacuate Collection Set: 0.2ms
[2024-08-28T01:14:24.128+0000][info][gc,phases      ] GC(1093)   Merge Heap Roots: 0.4ms
[2024-08-28T01:14:24.128+0000][info][gc,phases      ] GC(1093)   Evacuate Collection Set: 10.0ms
[2024-08-28T01:14:24.128+0000][info][gc,phases      ] GC(1093)   Post Evacuate Collection Set: 0.4ms
[2024-08-28T01:14:24.128+0000][info][gc,phases      ] GC(1093)   Other: 0.3ms
[2024-08-28T01:14:24.128+0000][info][gc,heap        ] GC(1093) Eden regions: 44->0(44)
[2024-08-28T01:14:24.128+0000][info][gc,heap        ] GC(1093) Survivor regions: 7->7(7)
[2024-08-28T01:14:24.129+0000][info][gc,heap        ] GC(1093) Old regions: 826->812
[2024-08-28T01:14:24.129+0000][info][gc,heap        ] GC(1093) Archive regions: 2->2
[2024-08-28T01:14:24.129+0000][info][gc,heap        ] GC(1093) Humongous regions: 5->5
[2024-08-28T01:14:24.129+0000][info][gc,metaspace   ] GC(1093) Metaspace: 100K(320K)->100K(320K) NonClass: 96K(192K)->96K(192K) Class: 4K(128K)->4K(128K)
[2024-08-28T01:14:24.129+0000][info][gc             ] GC(1093) Pause Young (Mixed) (G1 Evacuation Pause) 871M->815M(1024M) 11.582ms
[2024-08-28T01:14:24.129+0000][info][gc,cpu         ] GC(1093) User=0.25s Sys=0.01s Real=0.01s
[2024-08-28T01:14:24.148+0000][info][gc,start       ] GC(1094) Pause Young (Mixed) (G1 Evacuation Pause)
[2024-08-28T01:14:24.148+0000][info][gc,task        ] GC(1094) Using 24 workers of 68 for evacuation
[2024-08-28T01:14:24.159+0000][info][gc,phases      ] GC(1094)   Pre Evacuate Collection Set: 0.2ms
[2024-08-28T01:14:24.159+0000][info][gc,phases      ] GC(1094)   Merge Heap Roots: 0.4ms
[2024-08-28T01:14:24.159+0000][info][gc,phases      ] GC(1094)   Evacuate Collection Set: 9.8ms
[2024-08-28T01:14:24.159+0000][info][gc,phases      ] GC(1094)   Post Evacuate Collection Set: 0.4ms
[2024-08-28T01:14:24.159+0000][info][gc,phases      ] GC(1094)   Other: 0.3ms
[2024-08-28T01:14:24.159+0000][info][gc,heap        ] GC(1094) Eden regions: 44->0(44)
[2024-08-28T01:14:24.160+0000][info][gc,heap        ] GC(1094) Survivor regions: 7->7(7)
[2024-08-28T01:14:24.160+0000][info][gc,heap        ] GC(1094) Old regions: 812->849
[2024-08-28T01:14:24.160+0000][info][gc,heap        ] GC(1094) Archive regions: 2->2
[2024-08-28T01:14:24.160+0000][info][gc,heap        ] GC(1094) Humongous regions: 5->5
[2024-08-28T01:14:24.160+0000][info][gc,metaspace   ] GC(1094) Metaspace: 100K(320K)->100K(320K) NonClass: 96K(192K)->96K(192K) Class: 4K(128K)->4K(128K)
[2024-08-28T01:14:24.160+0000][info][gc             ] GC(1094) Pause Young (Mixed) (G1 Evacuation Pause) 859M->854M(1024M) 11.271ms
[2024-08-28T01:14:24.160+0000][info][gc,cpu         ] GC(1094) User=0.24s Sys=0.00s Real=0.02s
[2024-08-28T01:14:24.179+0000][info][gc,start       ] GC(1095) Pause Young (Concurrent Start) (G1 Evacuation Pause)
[2024-08-28T01:14:24.179+0000][info][gc,task        ] GC(1095) Using 24 workers of 68 for evacuation
[2024-08-28T01:14:24.190+0000][info][gc,phases      ] GC(1095)   Pre Evacuate Collection Set: 0.2ms
[2024-08-28T01:14:24.190+0000][info][gc,phases      ] GC(1095)   Merge Heap Roots: 0.4ms
[2024-08-28T01:14:24.190+0000][info][gc,phases      ] GC(1095)   Evacuate Collection Set: 9.2ms
[2024-08-28T01:14:24.190+0000][info][gc,phases      ] GC(1095)   Post Evacuate Collection Set: 0.4ms
[2024-08-28T01:14:24.190+0000][info][gc,phases      ] GC(1095)   Other: 1.0ms
[2024-08-28T01:14:24.190+0000][info][gc,heap        ] GC(1095) Eden regions: 44->0(44)
[2024-08-28T01:14:24.190+0000][info][gc,heap        ] GC(1095) Survivor regions: 7->7(7)
[2024-08-28T01:14:24.190+0000][info][gc,heap        ] GC(1095) Old regions: 849->895
[2024-08-28T01:14:24.190+0000][info][gc,heap        ] GC(1095) Archive regions: 2->2
[2024-08-28T01:14:24.190+0000][info][gc,heap        ] GC(1095) Humongous regions: 5->5
[2024-08-28T01:14:24.190+0000][info][gc,metaspace   ] GC(1095) Metaspace: 100K(320K)->100K(320K) NonClass: 96K(192K)->96K(192K) Class: 4K(128K)->4K(128K)
[2024-08-28T01:14:24.190+0000][info][gc             ] GC(1095) Pause Young (Concurrent Start) (G1 Evacuation Pause) 898M->900M(1024M) 11.374ms
[2024-08-28T01:14:24.190+0000][info][gc,cpu         ] GC(1095) User=0.22s Sys=0.01s Real=0.01s
[2024-08-28T01:14:24.190+0000][info][gc             ] GC(1096) Concurrent Mark Cycle
[2024-08-28T01:14:24.190+0000][info][gc,marking     ] GC(1096) Concurrent Clear Claimed Marks
[2024-08-28T01:14:24.190+0000][info][gc,marking     ] GC(1096) Concurrent Clear Claimed Marks 0.022ms
[2024-08-28T01:14:24.191+0000][info][gc,marking     ] GC(1096) Concurrent Scan Root Regions
[2024-08-28T01:14:24.192+0000][info][gc,marking     ] GC(1096) Concurrent Scan Root Regions 1.792ms
[2024-08-28T01:14:24.192+0000][info][gc,marking     ] GC(1096) Concurrent Mark
[2024-08-28T01:14:24.192+0000][info][gc,marking     ] GC(1096) Concurrent Mark From Roots
[2024-08-28T01:14:24.192+0000][info][gc,task        ] GC(1096) Using 17 workers of 17 for marking
[2024-08-28T01:14:24.217+0000][info][gc,marking     ] GC(1096) Concurrent Mark From Roots 24.312ms
[2024-08-28T01:14:24.217+0000][info][gc,marking     ] GC(1096) Concurrent Preclean
[2024-08-28T01:14:24.218+0000][info][gc,marking     ] GC(1096) Concurrent Preclean 1.084ms
[2024-08-28T01:14:24.218+0000][info][gc,start       ] GC(1096) Pause Remark
[2024-08-28T01:14:24.220+0000][info][gc             ] GC(1096) Pause Remark 940M->940M(1024M) 1.912ms
[2024-08-28T01:14:24.220+0000][info][gc,cpu         ] GC(1096) User=0.01s Sys=0.00s Real=0.00s
[2024-08-28T01:14:24.220+0000][info][gc,marking     ] GC(1096) Concurrent Mark 27.932ms
[2024-08-28T01:14:24.220+0000][info][gc,marking     ] GC(1096) Concurrent Rebuild Remembered Sets
[2024-08-28T01:14:24.224+0000][info][gc,start       ] GC(1097) Pause Young (Normal) (G1 Evacuation Pause)
[2024-08-28T01:14:24.224+0000][info][gc,task        ] GC(1097) Using 24 workers of 68 for evacuation
[2024-08-28T01:14:24.235+0000][info][gc,phases      ] GC(1097)   Pre Evacuate Collection Set: 0.2ms
[2024-08-28T01:14:24.235+0000][info][gc,phases      ] GC(1097)   Merge Heap Roots: 0.3ms
[2024-08-28T01:14:24.235+0000][info][gc,phases      ] GC(1097)   Evacuate Collection Set: 9.1ms
[2024-08-28T01:14:24.235+0000][info][gc,phases      ] GC(1097)   Post Evacuate Collection Set: 0.4ms
[2024-08-28T01:14:24.235+0000][info][gc,phases      ] GC(1097)   Other: 0.3ms
[2024-08-28T01:14:24.235+0000][info][gc,heap        ] GC(1097) Eden regions: 44->0(44)
[2024-08-28T01:14:24.235+0000][info][gc,heap        ] GC(1097) Survivor regions: 7->7(7)
[2024-08-28T01:14:24.235+0000][info][gc,heap        ] GC(1097) Old regions: 895->942
[2024-08-28T01:14:24.235+0000][info][gc,heap        ] GC(1097) Archive regions: 2->2
[2024-08-28T01:14:24.235+0000][info][gc,heap        ] GC(1097) Humongous regions: 5->5
[2024-08-28T01:14:24.235+0000][info][gc,metaspace   ] GC(1097) Metaspace: 100K(320K)->100K(320K) NonClass: 96K(192K)->96K(192K) Class: 4K(128K)->4K(128K)
[2024-08-28T01:14:24.235+0000][info][gc             ] GC(1097) Pause Young (Normal) (G1 Evacuation Pause) 944M->947M(1024M) 10.372ms
[2024-08-28T01:14:24.235+0000][info][gc,cpu         ] GC(1097) User=0.23s Sys=0.00s Real=0.01s
[2024-08-28T01:14:24.251+0000][info][gc,start       ] GC(1098) Pause Young (Normal) (G1 Preventive Collection)
[2024-08-28T01:14:24.251+0000][info][gc,task        ] GC(1098) Using 24 workers of 68 for evacuation
[2024-08-28T01:14:24.263+0000][info][gc,phases      ] GC(1098)   Pre Evacuate Collection Set: 0.2ms
[2024-08-28T01:14:24.263+0000][info][gc,phases      ] GC(1098)   Merge Heap Roots: 0.4ms
[2024-08-28T01:14:24.263+0000][info][gc,phases      ] GC(1098)   Evacuate Collection Set: 10.5ms
[2024-08-28T01:14:24.263+0000][info][gc,phases      ] GC(1098)   Post Evacuate Collection Set: 0.5ms
[2024-08-28T01:14:24.263+0000][info][gc,phases      ] GC(1098)   Other: 0.3ms
[2024-08-28T01:14:24.263+0000][info][gc,heap        ] GC(1098) Eden regions: 29->0(44)
[2024-08-28T01:14:24.263+0000][info][gc,heap        ] GC(1098) Survivor regions: 7->7(7)
[2024-08-28T01:14:24.263+0000][info][gc,heap        ] GC(1098) Old regions: 942->974
[2024-08-28T01:14:24.263+0000][info][gc,heap        ] GC(1098) Archive regions: 2->2
[2024-08-28T01:14:24.263+0000][info][gc,heap        ] GC(1098) Humongous regions: 5->5
[2024-08-28T01:14:24.263+0000][info][gc,metaspace   ] GC(1098) Metaspace: 100K(320K)->100K(320K) NonClass: 96K(192K)->96K(192K) Class: 4K(128K)->4K(128K)
[2024-08-28T01:14:24.263+0000][info][gc             ] GC(1098) Pause Young (Normal) (G1 Preventive Collection) 976M->979M(1024M) 12.171ms
[2024-08-28T01:14:24.263+0000][info][gc,cpu         ] GC(1098) User=0.27s Sys=0.00s Real=0.01s
[2024-08-28T01:14:24.270+0000][info][gc,start       ] GC(1099) Pause Young (Normal) (G1 Preventive Collection)
[2024-08-28T01:14:24.270+0000][info][gc,task        ] GC(1099) Using 24 workers of 68 for evacuation
[2024-08-28T01:14:24.280+0000][info][gc,phases      ] GC(1099)   Pre Evacuate Collection Set: 0.2ms
[2024-08-28T01:14:24.280+0000][info][gc,phases      ] GC(1099)   Merge Heap Roots: 0.3ms
[2024-08-28T01:14:24.280+0000][info][gc,phases      ] GC(1099)   Evacuate Collection Set: 8.3ms
[2024-08-28T01:14:24.280+0000][info][gc,phases      ] GC(1099)   Post Evacuate Collection Set: 0.5ms
[2024-08-28T01:14:24.280+0000][info][gc,phases      ] GC(1099)   Other: 0.3ms
[2024-08-28T01:14:24.280+0000][info][gc,heap        ] GC(1099) Eden regions: 13->0(44)
[2024-08-28T01:14:24.280+0000][info][gc,heap        ] GC(1099) Survivor regions: 7->7(7)
[2024-08-28T01:14:24.280+0000][info][gc,heap        ] GC(1099) Old regions: 974->990
[2024-08-28T01:14:24.280+0000][info][gc,heap        ] GC(1099) Archive regions: 2->2
[2024-08-28T01:14:24.280+0000][info][gc,heap        ] GC(1099) Humongous regions: 5->5
[2024-08-28T01:14:24.280+0000][info][gc,metaspace   ] GC(1099) Metaspace: 100K(320K)->100K(320K) NonClass: 96K(192K)->96K(192K) Class: 4K(128K)->4K(128K)
[2024-08-28T01:14:24.280+0000][info][gc             ] GC(1099) Pause Young (Normal) (G1 Preventive Collection) 992M->995M(1024M) 9.742ms
[2024-08-28T01:14:24.280+0000][info][gc,cpu         ] GC(1099) User=0.21s Sys=0.00s Real=0.01s
[2024-08-28T01:14:24.283+0000][info][gc,start       ] GC(1100) Pause Young (Normal) (G1 Preventive Collection)
[2024-08-28T01:14:24.283+0000][info][gc,task        ] GC(1100) Using 24 workers of 68 for evacuation
[2024-08-28T01:14:24.291+0000][info][gc,phases      ] GC(1100)   Pre Evacuate Collection Set: 0.2ms
[2024-08-28T01:14:24.291+0000][info][gc,phases      ] GC(1100)   Merge Heap Roots: 0.5ms
[2024-08-28T01:14:24.291+0000][info][gc,phases      ] GC(1100)   Evacuate Collection Set: 6.3ms
[2024-08-28T01:14:24.291+0000][info][gc,phases      ] GC(1100)   Post Evacuate Collection Set: 0.5ms
[2024-08-28T01:14:24.291+0000][info][gc,phases      ] GC(1100)   Other: 0.3ms
[2024-08-28T01:14:24.291+0000][info][gc,heap        ] GC(1100) Eden regions: 5->0(45)
[2024-08-28T01:14:24.291+0000][info][gc,heap        ] GC(1100) Survivor regions: 7->6(7)
[2024-08-28T01:14:24.291+0000][info][gc,heap        ] GC(1100) Old regions: 990->999
[2024-08-28T01:14:24.291+0000][info][gc,heap        ] GC(1100) Archive regions: 2->2
[2024-08-28T01:14:24.291+0000][info][gc,heap        ] GC(1100) Humongous regions: 5->5
[2024-08-28T01:14:24.291+0000][info][gc,metaspace   ] GC(1100) Metaspace: 100K(320K)->100K(320K) NonClass: 96K(192K)->96K(192K) Class: 4K(128K)->4K(128K)
[2024-08-28T01:14:24.291+0000][info][gc             ] GC(1100) Pause Young (Normal) (G1 Preventive Collection) 1000M->1003M(1024M) 7.982ms
[2024-08-28T01:14:24.291+0000][info][gc,cpu         ] GC(1100) User=0.17s Sys=0.00s Real=0.01s
[2024-08-28T01:14:24.293+0000][info][gc,start       ] GC(1101) Pause Young (Normal) (G1 Preventive Collection)
[2024-08-28T01:14:24.293+0000][info][gc,task        ] GC(1101) Using 24 workers of 68 for evacuation
[2024-08-28T01:14:24.299+0000][info][gc,phases      ] GC(1101)   Pre Evacuate Collection Set: 0.2ms
[2024-08-28T01:14:24.299+0000][info][gc,phases      ] GC(1101)   Merge Heap Roots: 0.3ms
[2024-08-28T01:14:24.299+0000][info][gc,phases      ] GC(1101)   Evacuate Collection Set: 5.2ms
[2024-08-28T01:14:24.299+0000][info][gc,phases      ] GC(1101)   Post Evacuate Collection Set: 0.5ms
[2024-08-28T01:14:24.299+0000][info][gc,phases      ] GC(1101)   Other: 0.2ms
[2024-08-28T01:14:24.299+0000][info][gc,heap        ] GC(1101) Eden regions: 2->0(48)
[2024-08-28T01:14:24.300+0000][info][gc,heap        ] GC(1101) Survivor regions: 6->3(7)
[2024-08-28T01:14:24.300+0000][info][gc,heap        ] GC(1101) Old regions: 999->1005
[2024-08-28T01:14:24.300+0000][info][gc,heap        ] GC(1101) Archive regions: 2->2
[2024-08-28T01:14:24.300+0000][info][gc,heap        ] GC(1101) Humongous regions: 5->5
[2024-08-28T01:14:24.300+0000][info][gc,metaspace   ] GC(1101) Metaspace: 100K(320K)->100K(320K) NonClass: 96K(192K)->96K(192K) Class: 4K(128K)->4K(128K)
[2024-08-28T01:14:24.300+0000][info][gc             ] GC(1101) Pause Young (Normal) (G1 Preventive Collection) 1005M->1006M(1024M) 6.584ms
[2024-08-28T01:14:24.300+0000][info][gc,cpu         ] GC(1101) User=0.14s Sys=0.00s Real=0.01s
[2024-08-28T01:14:24.302+0000][info][gc,start       ] GC(1102) Pause Young (Normal) (G1 Preventive Collection)
[2024-08-28T01:14:24.302+0000][info][gc,task        ] GC(1102) Using 24 workers of 68 for evacuation
[2024-08-28T01:14:24.308+0000][info][gc,phases      ] GC(1102)   Pre Evacuate Collection Set: 0.2ms
[2024-08-28T01:14:24.308+0000][info][gc,phases      ] GC(1102)   Merge Heap Roots: 0.5ms
[2024-08-28T01:14:24.308+0000][info][gc,phases      ] GC(1102)   Evacuate Collection Set: 5.0ms
[2024-08-28T01:14:24.308+0000][info][gc,phases      ] GC(1102)   Post Evacuate Collection Set: 0.6ms
[2024-08-28T01:14:24.308+0000][info][gc,phases      ] GC(1102)   Other: 0.3ms
[2024-08-28T01:14:24.308+0000][info][gc,heap        ] GC(1102) Eden regions: 3->0(45)
[2024-08-28T01:14:24.308+0000][info][gc,heap        ] GC(1102) Survivor regions: 3->6(6)
[2024-08-28T01:14:24.308+0000][info][gc,heap        ] GC(1102) Old regions: 1005->1005
[2024-08-28T01:14:24.308+0000][info][gc,heap        ] GC(1102) Archive regions: 2->2
[2024-08-28T01:14:24.308+0000][info][gc,heap        ] GC(1102) Humongous regions: 5->5
[2024-08-28T01:14:24.308+0000][info][gc,metaspace   ] GC(1102) Metaspace: 100K(320K)->100K(320K) NonClass: 96K(192K)->96K(192K) Class: 4K(128K)->4K(128K)
[2024-08-28T01:14:24.308+0000][info][gc             ] GC(1102) Pause Young (Normal) (G1 Preventive Collection) 1009M->1009M(1024M) 6.668ms
[2024-08-28T01:14:24.308+0000][info][gc,cpu         ] GC(1102) User=0.13s Sys=0.00s Real=0.00s
[2024-08-28T01:14:24.310+0000][info][gc,start       ] GC(1103) Pause Young (Normal) (G1 Preventive Collection)
[2024-08-28T01:14:24.310+0000][info][gc,task        ] GC(1103) Using 24 workers of 68 for evacuation
[2024-08-28T01:14:24.316+0000][info][gc             ] GC(1103) To-space exhausted
[2024-08-28T01:14:24.316+0000][info][gc,phases      ] GC(1103)   Pre Evacuate Collection Set: 0.1ms
[2024-08-28T01:14:24.316+0000][info][gc,phases      ] GC(1103)   Merge Heap Roots: 0.3ms
[2024-08-28T01:14:24.316+0000][info][gc,phases      ] GC(1103)   Evacuate Collection Set: 5.0ms
[2024-08-28T01:14:24.316+0000][info][gc,phases      ] GC(1103)   Post Evacuate Collection Set: 0.9ms
[2024-08-28T01:14:24.316+0000][info][gc,phases      ] GC(1103)   Other: 0.3ms
[2024-08-28T01:14:24.316+0000][info][gc,heap        ] GC(1103) Eden regions: 1->0(48)
[2024-08-28T01:14:24.316+0000][info][gc,heap        ] GC(1103) Survivor regions: 6->3(5)
[2024-08-28T01:14:24.316+0000][info][gc,heap        ] GC(1103) Old regions: 1005->1014
[2024-08-28T01:14:24.316+0000][info][gc,heap        ] GC(1103) Archive regions: 2->2
[2024-08-28T01:14:24.316+0000][info][gc,heap        ] GC(1103) Humongous regions: 5->5
[2024-08-28T01:14:24.316+0000][info][gc,metaspace   ] GC(1103) Metaspace: 100K(320K)->100K(320K) NonClass: 96K(192K)->96K(192K) Class: 4K(128K)->4K(128K)
[2024-08-28T01:14:24.316+0000][info][gc             ] GC(1103) Pause Young (Normal) (G1 Preventive Collection) 1010M->1015M(1024M) 6.750ms
[2024-08-28T01:14:24.316+0000][info][gc,cpu         ] GC(1103) User=0.14s Sys=0.00s Real=0.00s
[2024-08-28T01:14:24.316+0000][info][gc,ergo        ] Attempting full compaction
[2024-08-28T01:14:24.316+0000][info][gc,task        ] GC(1104) Using 24 workers of 68 for full compaction
[2024-08-28T01:14:24.317+0000][info][gc,start       ] GC(1104) Pause Full (G1 Compaction Pause)
[2024-08-28T01:14:24.317+0000][info][gc,phases,start] GC(1104) Phase 1: Mark live objects
[2024-08-28T01:14:24.332+0000][info][gc,phases      ] GC(1104) Phase 1: Mark live objects 14.441ms
[2024-08-28T01:14:24.332+0000][info][gc,phases,start] GC(1104) Phase 2: Prepare for compaction
[2024-08-28T01:14:24.340+0000][info][gc,phases      ] GC(1104) Phase 2: Prepare for compaction 8.186ms
[2024-08-28T01:14:24.340+0000][info][gc,phases,start] GC(1104) Phase 3: Adjust pointers
[2024-08-28T01:14:24.354+0000][info][gc,phases      ] GC(1104) Phase 3: Adjust pointers 13.927ms
[2024-08-28T01:14:24.354+0000][info][gc,phases,start] GC(1104) Phase 4: Compact heap
[2024-08-28T01:14:24.384+0000][info][gc,phases      ] GC(1104) Phase 4: Compact heap 29.698ms
[2024-08-28T01:14:24.385+0000][info][gc,heap        ] GC(1104) Eden regions: 0->0(150)
[2024-08-28T01:14:24.385+0000][info][gc,heap        ] GC(1104) Survivor regions: 3->0(5)
[2024-08-28T01:14:24.385+0000][info][gc,heap        ] GC(1104) Old regions: 1014->442
[2024-08-28T01:14:24.385+0000][info][gc,heap        ] GC(1104) Archive regions: 2->2
[2024-08-28T01:14:24.385+0000][info][gc,heap        ] GC(1104) Humongous regions: 5->5
[2024-08-28T01:14:24.385+0000][info][gc,metaspace   ] GC(1104) Metaspace: 100K(320K)->100K(320K) NonClass: 96K(192K)->96K(192K) Class: 4K(128K)->4K(128K)
[2024-08-28T01:14:24.385+0000][info][gc             ] GC(1104) Pause Full (G1 Compaction Pause) 1015M->437M(1024M) 68.580ms
[2024-08-28T01:14:24.385+0000][info][gc,cpu         ] GC(1104) User=1.47s Sys=0.01s Real=0.07s
[2024-08-28T01:14:24.386+0000][info][gc,marking     ] GC(1096) Concurrent Rebuild Remembered Sets 165.190ms
[2024-08-28T01:14:24.386+0000][info][gc,marking     ] GC(1096) Concurrent Mark Abort
[2024-08-28T01:14:24.386+0000][info][gc             ] GC(1096) Concurrent Mark Cycle 195.243ms
[2024-08-28T01:14:24.463+0000][info][gc,start       ] GC(1105) Pause Young (Normal) (G1 Evacuation Pause)
[2024-08-28T01:14:24.463+0000][info][gc,task        ] GC(1105) Using 24 workers of 68 for evacuation
[2024-08-28T01:14:24.485+0000][info][gc,phases      ] GC(1105)   Pre Evacuate Collection Set: 0.1ms
[2024-08-28T01:14:24.485+0000][info][gc,phases      ] GC(1105)   Merge Heap Roots: 0.4ms
[2024-08-28T01:14:24.485+0000][info][gc,phases      ] GC(1105)   Evacuate Collection Set: 21.1ms
[2024-08-28T01:14:24.485+0000][info][gc,phases      ] GC(1105)   Post Evacuate Collection Set: 0.4ms
[2024-08-28T01:14:24.485+0000][info][gc,phases      ] GC(1105)   Other: 0.3ms
[2024-08-28T01:14:24.485+0000][info][gc,heap        ] GC(1105) Eden regions: 150->0(103)
[2024-08-28T01:14:24.485+0000][info][gc,heap        ] GC(1105) Survivor regions: 0->19(19)
[2024-08-28T01:14:24.485+0000][info][gc,heap        ] GC(1105) Old regions: 442->571
[2024-08-28T01:14:24.485+0000][info][gc,heap        ] GC(1105) Archive regions: 2->2
[2024-08-28T01:14:24.485+0000][info][gc,heap        ] GC(1105) Humongous regions: 5->5
[2024-08-28T01:14:24.485+0000][info][gc,metaspace   ] GC(1105) Metaspace: 100K(320K)->100K(320K) NonClass: 96K(192K)->96K(192K) Class: 4K(128K)->4K(128K)
[2024-08-28T01:14:24.485+0000][info][gc             ] GC(1105) Pause Young (Normal) (G1 Evacuation Pause) 587M->584M(1024M) 22.465ms
[2024-08-28T01:14:24.486+0000][info][gc,cpu         ] GC(1105) User=0.50s Sys=0.01s Real=0.02s
[2024-08-28T01:14:24.537+0000][info][gc,start       ] GC(1106) Pause Young (Concurrent Start) (G1 Evacuation Pause)
[2024-08-28T01:14:24.537+0000][info][gc,task        ] GC(1106) Using 24 workers of 68 for evacuation
[2024-08-28T01:14:24.556+0000][info][gc,phases      ] GC(1106)   Pre Evacuate Collection Set: 0.2ms
[2024-08-28T01:14:24.556+0000][info][gc,phases      ] GC(1106)   Merge Heap Roots: 0.3ms
[2024-08-28T01:14:24.556+0000][info][gc,phases      ] GC(1106)   Evacuate Collection Set: 17.6ms
[2024-08-28T01:14:24.556+0000][info][gc,phases      ] GC(1106)   Post Evacuate Collection Set: 0.4ms
[2024-08-28T01:14:24.556+0000][info][gc,phases      ] GC(1106)   Other: 0.9ms
[2024-08-28T01:14:24.556+0000][info][gc,heap        ] GC(1106) Eden regions: 103->0(69)
[2024-08-28T01:14:24.556+0000][info][gc,heap        ] GC(1106) Survivor regions: 19->16(16)
[2024-08-28T01:14:24.556+0000][info][gc,heap        ] GC(1106) Old regions: 571->678
[2024-08-28T01:14:24.556+0000][info][gc,heap        ] GC(1106) Archive regions: 2->2
[2024-08-28T01:14:24.556+0000][info][gc,heap        ] GC(1106) Humongous regions: 5->5
[2024-08-28T01:14:24.556+0000][info][gc,metaspace   ] GC(1106) Metaspace: 100K(320K)->100K(320K) NonClass: 96K(192K)->96K(192K) Class: 4K(128K)->4K(128K)
[2024-08-28T01:14:24.556+0000][info][gc             ] GC(1106) Pause Young (Concurrent Start) (G1 Evacuation Pause) 687M->689M(1024M) 19.511ms
[2024-08-28T01:14:24.556+0000][info][gc,cpu         ] GC(1106) User=0.43s Sys=0.01s Real=0.02s
[2024-08-28T01:14:24.556+0000][info][gc             ] GC(1107) Concurrent Mark Cycle
[2024-08-28T01:14:24.556+0000][info][gc,marking     ] GC(1107) Concurrent Clear Claimed Marks
[2024-08-28T01:14:24.556+0000][info][gc,marking     ] GC(1107) Concurrent Clear Claimed Marks 0.023ms
[2024-08-28T01:14:24.556+0000][info][gc,marking     ] GC(1107) Concurrent Scan Root Regions
[2024-08-28T01:14:24.560+0000][info][gc,marking     ] GC(1107) Concurrent Scan Root Regions 3.541ms
[2024-08-28T01:14:24.560+0000][info][gc,marking     ] GC(1107) Concurrent Mark
[2024-08-28T01:14:24.560+0000][info][gc,marking     ] GC(1107) Concurrent Mark From Roots
[2024-08-28T01:14:24.560+0000][info][gc,task        ] GC(1107) Using 17 workers of 17 for marking
[2024-08-28T01:14:24.581+0000][info][gc,marking     ] GC(1107) Concurrent Mark From Roots 20.995ms
[2024-08-28T01:14:24.581+0000][info][gc,marking     ] GC(1107) Concurrent Preclean
[2024-08-28T01:14:24.582+0000][info][gc,marking     ] GC(1107) Concurrent Preclean 1.103ms
[2024-08-28T01:14:24.583+0000][info][gc,start       ] GC(1107) Pause Remark
[2024-08-28T01:14:24.584+0000][info][gc             ] GC(1107) Pause Remark 725M->725M(1024M) 1.484ms
[2024-08-28T01:14:24.584+0000][info][gc,cpu         ] GC(1107) User=0.01s Sys=0.00s Real=0.00s
[2024-08-28T01:14:24.584+0000][info][gc,marking     ] GC(1107) Concurrent Mark 24.193ms
[2024-08-28T01:14:24.584+0000][info][gc,marking     ] GC(1107) Concurrent Rebuild Remembered Sets
[2024-08-28T01:14:24.602+0000][info][gc,start       ] GC(1108) Pause Young (Normal) (G1 Evacuation Pause)
[2024-08-28T01:14:24.603+0000][info][gc,task        ] GC(1108) Using 24 workers of 68 for evacuation
[2024-08-28T01:14:24.619+0000][info][gc,phases      ] GC(1108)   Pre Evacuate Collection Set: 0.2ms
[2024-08-28T01:14:24.619+0000][info][gc,phases      ] GC(1108)   Merge Heap Roots: 0.4ms
[2024-08-28T01:14:24.619+0000][info][gc,phases      ] GC(1108)   Evacuate Collection Set: 14.8ms
[2024-08-28T01:14:24.619+0000][info][gc,phases      ] GC(1108)   Post Evacuate Collection Set: 0.6ms
[2024-08-28T01:14:24.619+0000][info][gc,phases      ] GC(1108)   Other: 0.3ms
[2024-08-28T01:14:24.619+0000][info][gc,heap        ] GC(1108) Eden regions: 69->0(46)
[2024-08-28T01:14:24.619+0000][info][gc,heap        ] GC(1108) Survivor regions: 16->11(11)
[2024-08-28T01:14:24.619+0000][info][gc,heap        ] GC(1108) Old regions: 678->756
[2024-08-28T01:14:24.619+0000][info][gc,heap        ] GC(1108) Archive regions: 2->2
[2024-08-28T01:14:24.619+0000][info][gc,heap        ] GC(1108) Humongous regions: 5->5
[2024-08-28T01:14:24.619+0000][info][gc,metaspace   ] GC(1108) Metaspace: 100K(320K)->100K(320K) NonClass: 96K(192K)->96K(192K) Class: 4K(128K)->4K(128K)
[2024-08-28T01:14:24.619+0000][info][gc             ] GC(1108) Pause Young (Normal) (G1 Evacuation Pause) 758M->761M(1024M) 16.431ms
[2024-08-28T01:14:24.619+0000][info][gc,cpu         ] GC(1108) User=0.37s Sys=0.00s Real=0.02s
[2024-08-28T01:14:24.644+0000][info][gc,start       ] GC(1109) Pause Young (Normal) (G1 Evacuation Pause)
[2024-08-28T01:14:24.644+0000][info][gc,task        ] GC(1109) Using 24 workers of 68 for evacuation
[2024-08-28T01:14:24.663+0000][info][gc,phases      ] GC(1109)   Pre Evacuate Collection Set: 0.2ms
[2024-08-28T01:14:24.663+0000][info][gc,phases      ] GC(1109)   Merge Heap Roots: 0.4ms
[2024-08-28T01:14:24.663+0000][info][gc,phases      ] GC(1109)   Evacuate Collection Set: 17.8ms
[2024-08-28T01:14:24.663+0000][info][gc,phases      ] GC(1109)   Post Evacuate Collection Set: 0.7ms
[2024-08-28T01:14:24.663+0000][info][gc,phases      ] GC(1109)   Other: 0.3ms
[2024-08-28T01:14:24.663+0000][info][gc,heap        ] GC(1109) Eden regions: 46->0(43)
[2024-08-28T01:14:24.663+0000][info][gc,heap        ] GC(1109) Survivor regions: 11->8(8)
[2024-08-28T01:14:24.663+0000][info][gc,heap        ] GC(1109) Old regions: 756->809
[2024-08-28T01:14:24.663+0000][info][gc,heap        ] GC(1109) Archive regions: 2->2
[2024-08-28T01:14:24.664+0000][info][gc,heap        ] GC(1109) Humongous regions: 5->5
[2024-08-28T01:14:24.664+0000][info][gc,metaspace   ] GC(1109) Metaspace: 100K(320K)->100K(320K) NonClass: 96K(192K)->96K(192K) Class: 4K(128K)->4K(128K)
[2024-08-28T01:14:24.664+0000][info][gc             ] GC(1109) Pause Young (Normal) (G1 Evacuation Pause) 807M->811M(1024M) 19.452ms
[2024-08-28T01:14:24.664+0000][info][gc,cpu         ] GC(1109) User=0.44s Sys=0.00s Real=0.02s
[2024-08-28T01:14:24.669+0000][info][gc,marking     ] GC(1107) Concurrent Rebuild Remembered Sets 84.632ms
[2024-08-28T01:14:24.669+0000][info][gc,start       ] GC(1107) Pause Cleanup
[2024-08-28T01:14:24.672+0000][info][gc             ] GC(1107) Pause Cleanup 821M->821M(1024M) 2.425ms
[2024-08-28T01:14:24.672+0000][info][gc,cpu         ] GC(1107) User=0.01s Sys=0.00s Real=0.01s
[2024-08-28T01:14:24.672+0000][info][gc,marking     ] GC(1107) Concurrent Cleanup for Next Mark
[2024-08-28T01:14:24.673+0000][info][gc,marking     ] GC(1107) Concurrent Cleanup for Next Mark 0.815ms
[2024-08-28T01:14:24.673+0000][info][gc             ] GC(1107) Concurrent Mark Cycle 116.475ms
[2024-08-28T01:14:24.690+0000][info][gc,start       ] GC(1110) Pause Young (Prepare Mixed) (G1 Evacuation Pause)
[2024-08-28T01:14:24.690+0000][info][gc,task        ] GC(1110) Using 24 workers of 68 for evacuation
[2024-08-28T01:14:24.707+0000][info][gc,phases      ] GC(1110)   Pre Evacuate Collection Set: 0.1ms
[2024-08-28T01:14:24.707+0000][info][gc,phases      ] GC(1110)   Merge Heap Roots: 0.6ms
[2024-08-28T01:14:24.707+0000][info][gc,phases      ] GC(1110)   Evacuate Collection Set: 16.0ms
[2024-08-28T01:14:24.707+0000][info][gc,phases      ] GC(1110)   Post Evacuate Collection Set: 0.3ms
[2024-08-28T01:14:24.707+0000][info][gc,phases      ] GC(1110)   Other: 0.2ms
[2024-08-28T01:14:24.707+0000][info][gc,heap        ] GC(1110) Eden regions: 43->0(44)
[2024-08-28T01:14:24.707+0000][info][gc,heap        ] GC(1110) Survivor regions: 8->7(7)
[2024-08-28T01:14:24.707+0000][info][gc,heap        ] GC(1110) Old regions: 809->857
[2024-08-28T01:14:24.707+0000][info][gc,heap        ] GC(1110) Archive regions: 2->2
[2024-08-28T01:14:24.707+0000][info][gc,heap        ] GC(1110) Humongous regions: 5->5
[2024-08-28T01:14:24.707+0000][info][gc,metaspace   ] GC(1110) Metaspace: 100K(320K)->100K(320K) NonClass: 96K(192K)->96K(192K) Class: 4K(128K)->4K(128K)
[2024-08-28T01:14:24.707+0000][info][gc             ] GC(1110) Pause Young (Prepare Mixed) (G1 Evacuation Pause) 854M->859M(1024M) 17.523ms
[2024-08-28T01:14:24.708+0000][info][gc,cpu         ] GC(1110) User=0.40s Sys=0.00s Real=0.01s
[2024-08-28T01:14:24.729+0000][info][gc,start       ] GC(1111) Pause Young (Mixed) (G1 Evacuation Pause)
[2024-08-28T01:14:24.729+0000][info][gc,task        ] GC(1111) Using 24 workers of 68 for evacuation
[2024-08-28T01:14:24.741+0000][info][gc,phases      ] GC(1111)   Pre Evacuate Collection Set: 0.2ms
[2024-08-28T01:14:24.741+0000][info][gc,phases      ] GC(1111)   Merge Heap Roots: 0.4ms
[2024-08-28T01:14:24.741+0000][info][gc,phases      ] GC(1111)   Evacuate Collection Set: 10.4ms
[2024-08-28T01:14:24.741+0000][info][gc,phases      ] GC(1111)   Post Evacuate Collection Set: 0.4ms
[2024-08-28T01:14:24.741+0000][info][gc,phases      ] GC(1111)   Other: 0.3ms
[2024-08-28T01:14:24.741+0000][info][gc,heap        ] GC(1111) Eden regions: 44->0(44)
[2024-08-28T01:14:24.741+0000][info][gc,heap        ] GC(1111) Survivor regions: 7->7(7)
[2024-08-28T01:14:24.741+0000][info][gc,heap        ] GC(1111) Old regions: 857->842
[2024-08-28T01:14:24.741+0000][info][gc,heap        ] GC(1111) Archive regions: 2->2
[2024-08-28T01:14:24.741+0000][info][gc,heap        ] GC(1111) Humongous regions: 5->5
[2024-08-28T01:14:24.741+0000][info][gc,metaspace   ] GC(1111) Metaspace: 100K(320K)->100K(320K) NonClass: 96K(192K)->96K(192K) Class: 4K(128K)->4K(128K)
[2024-08-28T01:14:24.741+0000][info][gc             ] GC(1111) Pause Young (Mixed) (G1 Evacuation Pause) 903M->844M(1024M) 11.839ms
[2024-08-28T01:14:24.741+0000][info][gc,cpu         ] GC(1111) User=0.26s Sys=0.00s Real=0.02s
[2024-08-28T01:14:24.763+0000][info][gc,start       ] GC(1112) Pause Young (Mixed) (G1 Evacuation Pause)
[2024-08-28T01:14:24.763+0000][info][gc,task        ] GC(1112) Using 24 workers of 68 for evacuation
[2024-08-28T01:14:24.774+0000][info][gc,phases      ] GC(1112)   Pre Evacuate Collection Set: 0.2ms
[2024-08-28T01:14:24.774+0000][info][gc,phases      ] GC(1112)   Merge Heap Roots: 0.4ms
[2024-08-28T01:14:24.774+0000][info][gc,phases      ] GC(1112)   Evacuate Collection Set: 10.3ms
[2024-08-28T01:14:24.774+0000][info][gc,phases      ] GC(1112)   Post Evacuate Collection Set: 0.4ms
[2024-08-28T01:14:24.774+0000][info][gc,phases      ] GC(1112)   Other: 0.3ms
[2024-08-28T01:14:24.774+0000][info][gc,heap        ] GC(1112) Eden regions: 44->0(44)
[2024-08-28T01:14:24.774+0000][info][gc,heap        ] GC(1112) Survivor regions: 7->7(7)
[2024-08-28T01:14:24.774+0000][info][gc,heap        ] GC(1112) Old regions: 842->827
[2024-08-28T01:14:24.774+0000][info][gc,heap        ] GC(1112) Archive regions: 2->2
[2024-08-28T01:14:24.774+0000][info][gc,heap        ] GC(1112) Humongous regions: 5->5
[2024-08-28T01:14:24.774+0000][info][gc,metaspace   ] GC(1112) Metaspace: 100K(320K)->100K(320K) NonClass: 96K(192K)->96K(192K) Class: 4K(128K)->4K(128K)
[2024-08-28T01:14:24.774+0000][info][gc             ] GC(1112) Pause Young (Mixed) (G1 Evacuation Pause) 888M->828M(1024M) 11.747ms
[2024-08-28T01:14:24.774+0000][info][gc,cpu         ] GC(1112) User=0.19s Sys=0.07s Real=0.01s
[2024-08-28T01:14:24.796+0000][info][gc,start       ] GC(1113) Pause Young (Mixed) (G1 Evacuation Pause)
[2024-08-28T01:14:24.796+0000][info][gc,task        ] GC(1113) Using 24 workers of 68 for evacuation
[2024-08-28T01:14:24.808+0000][info][gc,phases      ] GC(1113)   Pre Evacuate Collection Set: 0.2ms
[2024-08-28T01:14:24.808+0000][info][gc,phases      ] GC(1113)   Merge Heap Roots: 0.4ms
[2024-08-28T01:14:24.808+0000][info][gc,phases      ] GC(1113)   Evacuate Collection Set: 10.3ms
[2024-08-28T01:14:24.808+0000][info][gc,phases      ] GC(1113)   Post Evacuate Collection Set: 0.4ms
[2024-08-28T01:14:24.808+0000][info][gc,phases      ] GC(1113)   Other: 0.3ms
[2024-08-28T01:14:24.808+0000][info][gc,heap        ] GC(1113) Eden regions: 44->0(44)
[2024-08-28T01:14:24.808+0000][info][gc,heap        ] GC(1113) Survivor regions: 7->7(7)
[2024-08-28T01:14:24.808+0000][info][gc,heap        ] GC(1113) Old regions: 827->814
[2024-08-28T01:14:24.808+0000][info][gc,heap        ] GC(1113) Archive regions: 2->2
[2024-08-28T01:14:24.808+0000][info][gc,heap        ] GC(1113) Humongous regions: 5->5
[2024-08-28T01:14:24.808+0000][info][gc,metaspace   ] GC(1113) Metaspace: 100K(320K)->100K(320K) NonClass: 96K(192K)->96K(192K) Class: 4K(128K)->4K(128K)
[2024-08-28T01:14:24.808+0000][info][gc             ] GC(1113) Pause Young (Mixed) (G1 Evacuation Pause) 872M->819M(1024M) 11.861ms
[2024-08-28T01:14:24.808+0000][info][gc,cpu         ] GC(1113) User=0.26s Sys=0.00s Real=0.01s
[2024-08-28T01:14:24.830+0000][info][gc,start       ] GC(1114) Pause Young (Mixed) (G1 Evacuation Pause)
[2024-08-28T01:14:24.830+0000][info][gc,task        ] GC(1114) Using 24 workers of 68 for evacuation
[2024-08-28T01:14:24.841+0000][info][gc,phases      ] GC(1114)   Pre Evacuate Collection Set: 0.2ms
[2024-08-28T01:14:24.841+0000][info][gc,phases      ] GC(1114)   Merge Heap Roots: 0.4ms
[2024-08-28T01:14:24.841+0000][info][gc,phases      ] GC(1114)   Evacuate Collection Set: 9.8ms
[2024-08-28T01:14:24.841+0000][info][gc,phases      ] GC(1114)   Post Evacuate Collection Set: 0.4ms
[2024-08-28T01:14:24.841+0000][info][gc,phases      ] GC(1114)   Other: 0.3ms
[2024-08-28T01:14:24.841+0000][info][gc,heap        ] GC(1114) Eden regions: 44->0(44)
[2024-08-28T01:14:24.841+0000][info][gc,heap        ] GC(1114) Survivor regions: 7->7(7)
[2024-08-28T01:14:24.841+0000][info][gc,heap        ] GC(1114) Old regions: 814->851
[2024-08-28T01:14:24.841+0000][info][gc,heap        ] GC(1114) Archive regions: 2->2
[2024-08-28T01:14:24.841+0000][info][gc,heap        ] GC(1114) Humongous regions: 5->5
[2024-08-28T01:14:24.841+0000][info][gc,metaspace   ] GC(1114) Metaspace: 100K(320K)->100K(320K) NonClass: 96K(192K)->96K(192K) Class: 4K(128K)->4K(128K)
[2024-08-28T01:14:24.841+0000][info][gc             ] GC(1114) Pause Young (Mixed) (G1 Evacuation Pause) 863M->857M(1024M) 11.244ms
[2024-08-28T01:14:24.841+0000][info][gc,cpu         ] GC(1114) User=0.24s Sys=0.00s Real=0.01s
[2024-08-28T01:14:24.863+0000][info][gc,start       ] GC(1115) Pause Young (Concurrent Start) (G1 Evacuation Pause)
[2024-08-28T01:14:24.863+0000][info][gc,task        ] GC(1115) Using 24 workers of 68 for evacuation
[2024-08-28T01:14:24.874+0000][info][gc,phases      ] GC(1115)   Pre Evacuate Collection Set: 0.2ms
[2024-08-28T01:14:24.874+0000][info][gc,phases      ] GC(1115)   Merge Heap Roots: 0.4ms
[2024-08-28T01:14:24.874+0000][info][gc,phases      ] GC(1115)   Evacuate Collection Set: 9.2ms
[2024-08-28T01:14:24.874+0000][info][gc,phases      ] GC(1115)   Post Evacuate Collection Set: 0.4ms
[2024-08-28T01:14:24.874+0000][info][gc,phases      ] GC(1115)   Other: 1.0ms
[2024-08-28T01:14:24.874+0000][info][gc,heap        ] GC(1115) Eden regions: 44->0(44)
[2024-08-28T01:14:24.874+0000][info][gc,heap        ] GC(1115) Survivor regions: 7->7(7)
[2024-08-28T01:14:24.874+0000][info][gc,heap        ] GC(1115) Old regions: 851->898
[2024-08-28T01:14:24.874+0000][info][gc,heap        ] GC(1115) Archive regions: 2->2
[2024-08-28T01:14:24.874+0000][info][gc,heap        ] GC(1115) Humongous regions: 5->5
[2024-08-28T01:14:24.874+0000][info][gc,metaspace   ] GC(1115) Metaspace: 100K(320K)->100K(320K) NonClass: 96K(192K)->96K(192K) Class: 4K(128K)->4K(128K)
[2024-08-28T01:14:24.874+0000][info][gc             ] GC(1115) Pause Young (Concurrent Start) (G1 Evacuation Pause) 901M->904M(1024M) 11.410ms
[2024-08-28T01:14:24.874+0000][info][gc,cpu         ] GC(1115) User=0.22s Sys=0.01s Real=0.01s
[2024-08-28T01:14:24.874+0000][info][gc             ] GC(1116) Concurrent Mark Cycle
[2024-08-28T01:14:24.874+0000][info][gc,marking     ] GC(1116) Concurrent Clear Claimed Marks
[2024-08-28T01:14:24.874+0000][info][gc,marking     ] GC(1116) Concurrent Clear Claimed Marks 0.015ms
[2024-08-28T01:14:24.874+0000][info][gc,marking     ] GC(1116) Concurrent Scan Root Regions
[2024-08-28T01:14:24.876+0000][info][gc,marking     ] GC(1116) Concurrent Scan Root Regions 1.935ms
[2024-08-28T01:14:24.876+0000][info][gc,marking     ] GC(1116) Concurrent Mark
[2024-08-28T01:14:24.876+0000][info][gc,marking     ] GC(1116) Concurrent Mark From Roots
[2024-08-28T01:14:24.876+0000][info][gc,task        ] GC(1116) Using 17 workers of 17 for marking
[2024-08-28T01:14:24.901+0000][info][gc,marking     ] GC(1116) Concurrent Mark From Roots 25.120ms
[2024-08-28T01:14:24.901+0000][info][gc,marking     ] GC(1116) Concurrent Preclean
[2024-08-28T01:14:24.902+0000][info][gc,marking     ] GC(1116) Concurrent Preclean 0.732ms
[2024-08-28T01:14:24.903+0000][info][gc,start       ] GC(1116) Pause Remark
[2024-08-28T01:14:24.905+0000][info][gc             ] GC(1116) Pause Remark 944M->944M(1024M) 2.111ms
[2024-08-28T01:14:24.905+0000][info][gc,cpu         ] GC(1116) User=0.02s Sys=0.00s Real=0.00s
[2024-08-28T01:14:24.905+0000][info][gc,marking     ] GC(1116) Concurrent Mark 28.527ms
[2024-08-28T01:14:24.905+0000][info][gc,marking     ] GC(1116) Concurrent Rebuild Remembered Sets
[2024-08-28T01:14:24.908+0000][info][gc,start       ] GC(1117) Pause Young (Normal) (G1 Evacuation Pause)
[2024-08-28T01:14:24.908+0000][info][gc,task        ] GC(1117) Using 24 workers of 68 for evacuation
[2024-08-28T01:14:24.918+0000][info][gc,phases      ] GC(1117)   Pre Evacuate Collection Set: 0.2ms
[2024-08-28T01:14:24.918+0000][info][gc,phases      ] GC(1117)   Merge Heap Roots: 0.3ms
[2024-08-28T01:14:24.918+0000][info][gc,phases      ] GC(1117)   Evacuate Collection Set: 9.1ms
[2024-08-28T01:14:24.918+0000][info][gc,phases      ] GC(1117)   Post Evacuate Collection Set: 0.5ms
[2024-08-28T01:14:24.918+0000][info][gc,phases      ] GC(1117)   Other: 0.3ms
[2024-08-28T01:14:24.918+0000][info][gc,heap        ] GC(1117) Eden regions: 44->0(44)
[2024-08-28T01:14:24.918+0000][info][gc,heap        ] GC(1117) Survivor regions: 7->7(7)
[2024-08-28T01:14:24.918+0000][info][gc,heap        ] GC(1117) Old regions: 898->945
[2024-08-28T01:14:24.918+0000][info][gc,heap        ] GC(1117) Archive regions: 2->2
[2024-08-28T01:14:24.918+0000][info][gc,heap        ] GC(1117) Humongous regions: 5->5
[2024-08-28T01:14:24.918+0000][info][gc,metaspace   ] GC(1117) Metaspace: 100K(320K)->100K(320K) NonClass: 96K(192K)->96K(192K) Class: 4K(128K)->4K(128K)
[2024-08-28T01:14:24.918+0000][info][gc             ] GC(1117) Pause Young (Normal) (G1 Evacuation Pause) 948M->950M(1024M) 10.485ms
[2024-08-28T01:14:24.918+0000][info][gc,cpu         ] GC(1117) User=0.22s Sys=0.00s Real=0.02s
[2024-08-28T01:14:24.933+0000][info][gc,start       ] GC(1118) Pause Young (Normal) (G1 Preventive Collection)
[2024-08-28T01:14:24.933+0000][info][gc,task        ] GC(1118) Using 24 workers of 68 for evacuation
[2024-08-28T01:14:24.945+0000][info][gc,phases      ] GC(1118)   Pre Evacuate Collection Set: 0.2ms
[2024-08-28T01:14:24.945+0000][info][gc,phases      ] GC(1118)   Merge Heap Roots: 0.5ms
[2024-08-28T01:14:24.945+0000][info][gc,phases      ] GC(1118)   Evacuate Collection Set: 10.5ms
[2024-08-28T01:14:24.945+0000][info][gc,phases      ] GC(1118)   Post Evacuate Collection Set: 0.5ms
[2024-08-28T01:14:24.945+0000][info][gc,phases      ] GC(1118)   Other: 0.3ms
[2024-08-28T01:14:24.945+0000][info][gc,heap        ] GC(1118) Eden regions: 27->0(44)
[2024-08-28T01:14:24.945+0000][info][gc,heap        ] GC(1118) Survivor regions: 7->7(7)
[2024-08-28T01:14:24.945+0000][info][gc,heap        ] GC(1118) Old regions: 945->975
[2024-08-28T01:14:24.945+0000][info][gc,heap        ] GC(1118) Archive regions: 2->2
[2024-08-28T01:14:24.945+0000][info][gc,heap        ] GC(1118) Humongous regions: 5->5
[2024-08-28T01:14:24.945+0000][info][gc,metaspace   ] GC(1118) Metaspace: 100K(320K)->100K(320K) NonClass: 96K(192K)->96K(192K) Class: 4K(128K)->4K(128K)
[2024-08-28T01:14:24.945+0000][info][gc             ] GC(1118) Pause Young (Normal) (G1 Preventive Collection) 977M->981M(1024M) 12.065ms
[2024-08-28T01:14:24.945+0000][info][gc,cpu         ] GC(1118) User=0.26s Sys=0.00s Real=0.01s
[2024-08-28T01:14:24.953+0000][info][gc,start       ] GC(1119) Pause Young (Normal) (G1 Preventive Collection)
[2024-08-28T01:14:24.953+0000][info][gc,task        ] GC(1119) Using 24 workers of 68 for evacuation
[2024-08-28T01:14:24.963+0000][info][gc             ] GC(1119) To-space exhausted
[2024-08-28T01:14:24.963+0000][info][gc,phases      ] GC(1119)   Pre Evacuate Collection Set: 0.2ms
[2024-08-28T01:14:24.963+0000][info][gc,phases      ] GC(1119)   Merge Heap Roots: 0.3ms
[2024-08-28T01:14:24.963+0000][info][gc,phases      ] GC(1119)   Evacuate Collection Set: 8.4ms
[2024-08-28T01:14:24.963+0000][info][gc,phases      ] GC(1119)   Post Evacuate Collection Set: 0.9ms
[2024-08-28T01:14:24.963+0000][info][gc,phases      ] GC(1119)   Other: 0.4ms
[2024-08-28T01:14:24.963+0000][info][gc,heap        ] GC(1119) Eden regions: 13->0(44)
[2024-08-28T01:14:24.963+0000][info][gc,heap        ] GC(1119) Survivor regions: 7->7(7)
[2024-08-28T01:14:24.963+0000][info][gc,heap        ] GC(1119) Old regions: 975->1009
[2024-08-28T01:14:24.963+0000][info][gc,heap        ] GC(1119) Archive regions: 2->2
[2024-08-28T01:14:24.963+0000][info][gc,heap        ] GC(1119) Humongous regions: 5->5
[2024-08-28T01:14:24.963+0000][info][gc,metaspace   ] GC(1119) Metaspace: 100K(320K)->100K(320K) NonClass: 96K(192K)->96K(192K) Class: 4K(128K)->4K(128K)
[2024-08-28T01:14:24.963+0000][info][gc             ] GC(1119) Pause Young (Normal) (G1 Preventive Collection) 994M->1015M(1024M) 10.158ms
[2024-08-28T01:14:24.963+0000][info][gc,cpu         ] GC(1119) User=0.22s Sys=0.00s Real=0.01s
[2024-08-28T01:14:24.964+0000][info][gc,start       ] GC(1120) Pause Young (Normal) (G1 Evacuation Pause)
[2024-08-28T01:14:24.964+0000][info][gc,task        ] GC(1120) Using 24 workers of 68 for evacuation
[2024-08-28T01:14:24.971+0000][info][gc             ] GC(1120) To-space exhausted
[2024-08-28T01:14:24.971+0000][info][gc,phases      ] GC(1120)   Pre Evacuate Collection Set: 0.2ms
[2024-08-28T01:14:24.971+0000][info][gc,phases      ] GC(1120)   Merge Heap Roots: 0.5ms
[2024-08-28T01:14:24.971+0000][info][gc,phases      ] GC(1120)   Evacuate Collection Set: 5.4ms
[2024-08-28T01:14:24.971+0000][info][gc,phases      ] GC(1120)   Post Evacuate Collection Set: 0.9ms
[2024-08-28T01:14:24.971+0000][info][gc,phases      ] GC(1120)   Other: 0.3ms
[2024-08-28T01:14:24.971+0000][info][gc,heap        ] GC(1120) Eden regions: 1->0(51)
[2024-08-28T01:14:24.971+0000][info][gc,heap        ] GC(1120) Survivor regions: 7->0(0)
[2024-08-28T01:14:24.971+0000][info][gc,heap        ] GC(1120) Old regions: 1009->1017
[2024-08-28T01:14:24.971+0000][info][gc,heap        ] GC(1120) Archive regions: 2->2
[2024-08-28T01:14:24.971+0000][info][gc,heap        ] GC(1120) Humongous regions: 5->5
[2024-08-28T01:14:24.972+0000][info][gc,metaspace   ] GC(1120) Metaspace: 100K(320K)->100K(320K) NonClass: 96K(192K)->96K(192K) Class: 4K(128K)->4K(128K)
[2024-08-28T01:14:24.972+0000][info][gc             ] GC(1120) Pause Young (Normal) (G1 Evacuation Pause) 1016M->1016M(1024M) 7.311ms
[2024-08-28T01:14:24.972+0000][info][gc,cpu         ] GC(1120) User=0.15s Sys=0.00s Real=0.01s
[2024-08-28T01:14:24.972+0000][info][gc,ergo        ] Attempting full compaction
[2024-08-28T01:14:24.972+0000][info][gc,task        ] GC(1121) Using 24 workers of 68 for full compaction
[2024-08-28T01:14:24.972+0000][info][gc,start       ] GC(1121) Pause Full (G1 Compaction Pause)
[2024-08-28T01:14:24.973+0000][info][gc,phases,start] GC(1121) Phase 1: Mark live objects
[2024-08-28T01:14:24.987+0000][info][gc,phases      ] GC(1121) Phase 1: Mark live objects 14.074ms
[2024-08-28T01:14:24.987+0000][info][gc,phases,start] GC(1121) Phase 2: Prepare for compaction
[2024-08-28T01:14:24.995+0000][info][gc,phases      ] GC(1121) Phase 2: Prepare for compaction 8.088ms
[2024-08-28T01:14:24.995+0000][info][gc,phases,start] GC(1121) Phase 3: Adjust pointers
[2024-08-28T01:14:25.010+0000][info][gc,phases      ] GC(1121) Phase 3: Adjust pointers 14.808ms
[2024-08-28T01:14:25.010+0000][info][gc,phases,start] GC(1121) Phase 4: Compact heap
[2024-08-28T01:14:25.039+0000][info][gc,phases      ] GC(1121) Phase 4: Compact heap 28.930ms
[2024-08-28T01:14:25.041+0000][info][gc,heap        ] GC(1121) Eden regions: 0->0(150)
[2024-08-28T01:14:25.041+0000][info][gc,heap        ] GC(1121) Survivor regions: 0->0(0)
[2024-08-28T01:14:25.041+0000][info][gc,heap        ] GC(1121) Old regions: 1017->441
[2024-08-28T01:14:25.041+0000][info][gc,heap        ] GC(1121) Archive regions: 2->2
[2024-08-28T01:14:25.041+0000][info][gc,heap        ] GC(1121) Humongous regions: 5->5
[2024-08-28T01:14:25.041+0000][info][gc,metaspace   ] GC(1121) Metaspace: 100K(320K)->100K(320K) NonClass: 96K(192K)->96K(192K) Class: 4K(128K)->4K(128K)
[2024-08-28T01:14:25.041+0000][info][gc             ] GC(1121) Pause Full (G1 Compaction Pause) 1016M->437M(1024M) 68.831ms
[2024-08-28T01:14:25.041+0000][info][gc,cpu         ] GC(1121) User=1.45s Sys=0.00s Real=0.07s
[2024-08-28T01:14:25.041+0000][info][gc,marking     ] GC(1116) Concurrent Rebuild Remembered Sets 136.454ms
[2024-08-28T01:14:25.041+0000][info][gc,marking     ] GC(1116) Concurrent Mark Abort
[2024-08-28T01:14:25.041+0000][info][gc             ] GC(1116) Concurrent Mark Cycle 167.171ms
[2024-08-28T01:14:25.120+0000][info][gc,start       ] GC(1122) Pause Young (Normal) (G1 Evacuation Pause)
[2024-08-28T01:14:25.120+0000][info][gc,task        ] GC(1122) Using 24 workers of 68 for evacuation
[2024-08-28T01:14:25.142+0000][info][gc,phases      ] GC(1122)   Pre Evacuate Collection Set: 0.2ms
[2024-08-28T01:14:25.142+0000][info][gc,phases      ] GC(1122)   Merge Heap Roots: 0.4ms
[2024-08-28T01:14:25.142+0000][info][gc,phases      ] GC(1122)   Evacuate Collection Set: 21.0ms
[2024-08-28T01:14:25.142+0000][info][gc,phases      ] GC(1122)   Post Evacuate Collection Set: 0.4ms
[2024-08-28T01:14:25.142+0000][info][gc,phases      ] GC(1122)   Other: 0.3ms
[2024-08-28T01:14:25.142+0000][info][gc,heap        ] GC(1122) Eden regions: 150->0(104)
[2024-08-28T01:14:25.142+0000][info][gc,heap        ] GC(1122) Survivor regions: 0->19(19)
[2024-08-28T01:14:25.142+0000][info][gc,heap        ] GC(1122) Old regions: 441->568
[2024-08-28T01:14:25.142+0000][info][gc,heap        ] GC(1122) Archive regions: 2->2
[2024-08-28T01:14:25.142+0000][info][gc,heap        ] GC(1122) Humongous regions: 5->5
[2024-08-28T01:14:25.142+0000][info][gc,metaspace   ] GC(1122) Metaspace: 100K(320K)->100K(320K) NonClass: 96K(192K)->96K(192K) Class: 4K(128K)->4K(128K)
[2024-08-28T01:14:25.142+0000][info][gc             ] GC(1122) Pause Young (Normal) (G1 Evacuation Pause) 587M->582M(1024M) 22.561ms
[2024-08-28T01:14:25.142+0000][info][gc,cpu         ] GC(1122) User=0.52s Sys=0.00s Real=0.02s
[2024-08-28T01:14:25.193+0000][info][gc,start       ] GC(1123) Pause Young (Concurrent Start) (G1 Evacuation Pause)
[2024-08-28T01:14:25.193+0000][info][gc,task        ] GC(1123) Using 24 workers of 68 for evacuation
[2024-08-28T01:14:25.213+0000][info][gc,phases      ] GC(1123)   Pre Evacuate Collection Set: 0.3ms
[2024-08-28T01:14:25.213+0000][info][gc,phases      ] GC(1123)   Merge Heap Roots: 0.5ms
[2024-08-28T01:14:25.213+0000][info][gc,phases      ] GC(1123)   Evacuate Collection Set: 18.0ms
[2024-08-28T01:14:25.213+0000][info][gc,phases      ] GC(1123)   Post Evacuate Collection Set: 0.4ms
[2024-08-28T01:14:25.213+0000][info][gc,phases      ] GC(1123)   Other: 1.0ms
[2024-08-28T01:14:25.214+0000][info][gc,heap        ] GC(1123) Eden regions: 104->0(70)
[2024-08-28T01:14:25.214+0000][info][gc,heap        ] GC(1123) Survivor regions: 19->16(16)
[2024-08-28T01:14:25.214+0000][info][gc,heap        ] GC(1123) Old regions: 568->677
[2024-08-28T01:14:25.214+0000][info][gc,heap        ] GC(1123) Archive regions: 2->2
[2024-08-28T01:14:25.214+0000][info][gc,heap        ] GC(1123) Humongous regions: 5->5
[2024-08-28T01:14:25.214+0000][info][gc,metaspace   ] GC(1123) Metaspace: 100K(320K)->100K(320K) NonClass: 96K(192K)->96K(192K) Class: 4K(128K)->4K(128K)
[2024-08-28T01:14:25.214+0000][info][gc             ] GC(1123) Pause Young (Concurrent Start) (G1 Evacuation Pause) 686M->689M(1024M) 20.421ms
[2024-08-28T01:14:25.214+0000][info][gc,cpu         ] GC(1123) User=0.44s Sys=0.00s Real=0.02s
[2024-08-28T01:14:25.214+0000][info][gc             ] GC(1124) Concurrent Mark Cycle
[2024-08-28T01:14:25.214+0000][info][gc,marking     ] GC(1124) Concurrent Clear Claimed Marks
[2024-08-28T01:14:25.214+0000][info][gc,marking     ] GC(1124) Concurrent Clear Claimed Marks 0.012ms
[2024-08-28T01:14:25.214+0000][info][gc,marking     ] GC(1124) Concurrent Scan Root Regions
[2024-08-28T01:14:25.218+0000][info][gc,marking     ] GC(1124) Concurrent Scan Root Regions 3.769ms
[2024-08-28T01:14:25.218+0000][info][gc,marking     ] GC(1124) Concurrent Mark
[2024-08-28T01:14:25.218+0000][info][gc,marking     ] GC(1124) Concurrent Mark From Roots
[2024-08-28T01:14:25.218+0000][info][gc,task        ] GC(1124) Using 17 workers of 17 for marking
[2024-08-28T01:14:25.239+0000][info][gc,marking     ] GC(1124) Concurrent Mark From Roots 20.998ms
[2024-08-28T01:14:25.239+0000][info][gc,marking     ] GC(1124) Concurrent Preclean
[2024-08-28T01:14:25.239+0000][info][gc,marking     ] GC(1124) Concurrent Preclean 0.758ms
[2024-08-28T01:14:25.240+0000][info][gc,start       ] GC(1124) Pause Remark
[2024-08-28T01:14:25.241+0000][info][gc             ] GC(1124) Pause Remark 725M->725M(1024M) 1.585ms
[2024-08-28T01:14:25.242+0000][info][gc,cpu         ] GC(1124) User=0.00s Sys=0.00s Real=0.00s
[2024-08-28T01:14:25.242+0000][info][gc,marking     ] GC(1124) Concurrent Mark 23.929ms
[2024-08-28T01:14:25.242+0000][info][gc,marking     ] GC(1124) Concurrent Rebuild Remembered Sets
[2024-08-28T01:14:25.260+0000][info][gc,start       ] GC(1125) Pause Young (Normal) (G1 Evacuation Pause)
[2024-08-28T01:14:25.260+0000][info][gc,task        ] GC(1125) Using 24 workers of 68 for evacuation
[2024-08-28T01:14:25.277+0000][info][gc,phases      ] GC(1125)   Pre Evacuate Collection Set: 0.2ms
[2024-08-28T01:14:25.277+0000][info][gc,phases      ] GC(1125)   Merge Heap Roots: 0.4ms
[2024-08-28T01:14:25.277+0000][info][gc,phases      ] GC(1125)   Evacuate Collection Set: 15.5ms
[2024-08-28T01:14:25.277+0000][info][gc,phases      ] GC(1125)   Post Evacuate Collection Set: 0.6ms
[2024-08-28T01:14:25.277+0000][info][gc,phases      ] GC(1125)   Other: 0.3ms
[2024-08-28T01:14:25.277+0000][info][gc,heap        ] GC(1125) Eden regions: 70->0(45)
[2024-08-28T01:14:25.277+0000][info][gc,heap        ] GC(1125) Survivor regions: 16->11(11)
[2024-08-28T01:14:25.277+0000][info][gc,heap        ] GC(1125) Old regions: 677->757
[2024-08-28T01:14:25.277+0000][info][gc,heap        ] GC(1125) Archive regions: 2->2
[2024-08-28T01:14:25.277+0000][info][gc,heap        ] GC(1125) Humongous regions: 5->5
[2024-08-28T01:14:25.277+0000][info][gc,metaspace   ] GC(1125) Metaspace: 100K(320K)->100K(320K) NonClass: 96K(192K)->96K(192K) Class: 4K(128K)->4K(128K)
[2024-08-28T01:14:25.277+0000][info][gc             ] GC(1125) Pause Young (Normal) (G1 Evacuation Pause) 759M->763M(1024M) 17.084ms
[2024-08-28T01:14:25.277+0000][info][gc,cpu         ] GC(1125) User=0.39s Sys=0.00s Real=0.01s
[2024-08-28T01:14:25.301+0000][info][gc,start       ] GC(1126) Pause Young (Normal) (G1 Evacuation Pause)
[2024-08-28T01:14:25.301+0000][info][gc,task        ] GC(1126) Using 24 workers of 68 for evacuation
[2024-08-28T01:14:25.321+0000][info][gc,phases      ] GC(1126)   Pre Evacuate Collection Set: 0.2ms
[2024-08-28T01:14:25.321+0000][info][gc,phases      ] GC(1126)   Merge Heap Roots: 0.5ms
[2024-08-28T01:14:25.321+0000][info][gc,phases      ] GC(1126)   Evacuate Collection Set: 18.3ms
[2024-08-28T01:14:25.321+0000][info][gc,phases      ] GC(1126)   Post Evacuate Collection Set: 0.7ms
[2024-08-28T01:14:25.321+0000][info][gc,phases      ] GC(1126)   Other: 0.3ms
[2024-08-28T01:14:25.321+0000][info][gc,heap        ] GC(1126) Eden regions: 45->0(44)
[2024-08-28T01:14:25.321+0000][info][gc,heap        ] GC(1126) Survivor regions: 11->7(7)
[2024-08-28T01:14:25.321+0000][info][gc,heap        ] GC(1126) Old regions: 757->811
[2024-08-28T01:14:25.321+0000][info][gc,heap        ] GC(1126) Archive regions: 2->2
[2024-08-28T01:14:25.321+0000][info][gc,heap        ] GC(1126) Humongous regions: 5->5
[2024-08-28T01:14:25.321+0000][info][gc,metaspace   ] GC(1126) Metaspace: 100K(320K)->100K(320K) NonClass: 96K(192K)->96K(192K) Class: 4K(128K)->4K(128K)
[2024-08-28T01:14:25.321+0000][info][gc             ] GC(1126) Pause Young (Normal) (G1 Evacuation Pause) 808M->813M(1024M) 20.145ms
[2024-08-28T01:14:25.321+0000][info][gc,cpu         ] GC(1126) User=0.46s Sys=0.00s Real=0.02s
[2024-08-28T01:14:25.327+0000][info][gc,marking     ] GC(1124) Concurrent Rebuild Remembered Sets 84.948ms
[2024-08-28T01:14:25.327+0000][info][gc,start       ] GC(1124) Pause Cleanup
[2024-08-28T01:14:25.329+0000][info][gc             ] GC(1124) Pause Cleanup 823M->823M(1024M) 2.386ms
[2024-08-28T01:14:25.329+0000][info][gc,cpu         ] GC(1124) User=0.01s Sys=0.00s Real=0.00s
[2024-08-28T01:14:25.329+0000][info][gc,marking     ] GC(1124) Concurrent Cleanup for Next Mark
[2024-08-28T01:14:25.330+0000][info][gc,marking     ] GC(1124) Concurrent Cleanup for Next Mark 0.656ms
[2024-08-28T01:14:25.330+0000][info][gc             ] GC(1124) Concurrent Mark Cycle 116.257ms
[2024-08-28T01:14:25.348+0000][info][gc,start       ] GC(1127) Pause Young (Prepare Mixed) (G1 Evacuation Pause)
[2024-08-28T01:14:25.349+0000][info][gc,task        ] GC(1127) Using 24 workers of 68 for evacuation
[2024-08-28T01:14:25.366+0000][info][gc,phases      ] GC(1127)   Pre Evacuate Collection Set: 0.2ms
[2024-08-28T01:14:25.366+0000][info][gc,phases      ] GC(1127)   Merge Heap Roots: 0.6ms
[2024-08-28T01:14:25.366+0000][info][gc,phases      ] GC(1127)   Evacuate Collection Set: 16.2ms
[2024-08-28T01:14:25.366+0000][info][gc,phases      ] GC(1127)   Post Evacuate Collection Set: 0.4ms
[2024-08-28T01:14:25.366+0000][info][gc,phases      ] GC(1127)   Other: 0.3ms
[2024-08-28T01:14:25.366+0000][info][gc,heap        ] GC(1127) Eden regions: 44->0(44)
[2024-08-28T01:14:25.366+0000][info][gc,heap        ] GC(1127) Survivor regions: 7->7(7)
[2024-08-28T01:14:25.366+0000][info][gc,heap        ] GC(1127) Old regions: 811->859
[2024-08-28T01:14:25.366+0000][info][gc,heap        ] GC(1127) Archive regions: 2->2
[2024-08-28T01:14:25.366+0000][info][gc,heap        ] GC(1127) Humongous regions: 5->5
[2024-08-28T01:14:25.366+0000][info][gc,metaspace   ] GC(1127) Metaspace: 100K(320K)->100K(320K) NonClass: 96K(192K)->96K(192K) Class: 4K(128K)->4K(128K)
[2024-08-28T01:14:25.366+0000][info][gc             ] GC(1127) Pause Young (Prepare Mixed) (G1 Evacuation Pause) 857M->862M(1024M) 17.865ms
[2024-08-28T01:14:25.366+0000][info][gc,cpu         ] GC(1127) User=0.37s Sys=0.03s Real=0.02s
[2024-08-28T01:14:25.389+0000][info][gc,start       ] GC(1128) Pause Young (Mixed) (G1 Evacuation Pause)
[2024-08-28T01:14:25.389+0000][info][gc,task        ] GC(1128) Using 24 workers of 68 for evacuation
[2024-08-28T01:14:25.400+0000][info][gc,phases      ] GC(1128)   Pre Evacuate Collection Set: 0.2ms
[2024-08-28T01:14:25.400+0000][info][gc,phases      ] GC(1128)   Merge Heap Roots: 0.4ms
[2024-08-28T01:14:25.400+0000][info][gc,phases      ] GC(1128)   Evacuate Collection Set: 10.3ms
[2024-08-28T01:14:25.400+0000][info][gc,phases      ] GC(1128)   Post Evacuate Collection Set: 0.4ms
[2024-08-28T01:14:25.400+0000][info][gc,phases      ] GC(1128)   Other: 0.3ms
[2024-08-28T01:14:25.400+0000][info][gc,heap        ] GC(1128) Eden regions: 44->0(44)
[2024-08-28T01:14:25.400+0000][info][gc,heap        ] GC(1128) Survivor regions: 7->7(7)
[2024-08-28T01:14:25.400+0000][info][gc,heap        ] GC(1128) Old regions: 859->844
[2024-08-28T01:14:25.400+0000][info][gc,heap        ] GC(1128) Archive regions: 2->2
[2024-08-28T01:14:25.400+0000][info][gc,heap        ] GC(1128) Humongous regions: 5->5
[2024-08-28T01:14:25.400+0000][info][gc,metaspace   ] GC(1128) Metaspace: 100K(320K)->100K(320K) NonClass: 96K(192K)->96K(192K) Class: 4K(128K)->4K(128K)
[2024-08-28T01:14:25.400+0000][info][gc             ] GC(1128) Pause Young (Mixed) (G1 Evacuation Pause) 906M->847M(1024M) 11.830ms
[2024-08-28T01:14:25.400+0000][info][gc,cpu         ] GC(1128) User=0.26s Sys=0.00s Real=0.02s
[2024-08-28T01:14:25.422+0000][info][gc,start       ] GC(1129) Pause Young (Mixed) (G1 Evacuation Pause)
[2024-08-28T01:14:25.422+0000][info][gc,task        ] GC(1129) Using 24 workers of 68 for evacuation
[2024-08-28T01:14:25.433+0000][info][gc,phases      ] GC(1129)   Pre Evacuate Collection Set: 0.2ms
[2024-08-28T01:14:25.433+0000][info][gc,phases      ] GC(1129)   Merge Heap Roots: 0.4ms
[2024-08-28T01:14:25.433+0000][info][gc,phases      ] GC(1129)   Evacuate Collection Set: 10.2ms
[2024-08-28T01:14:25.433+0000][info][gc,phases      ] GC(1129)   Post Evacuate Collection Set: 0.4ms
[2024-08-28T01:14:25.433+0000][info][gc,phases      ] GC(1129)   Other: 0.4ms
[2024-08-28T01:14:25.434+0000][info][gc,heap        ] GC(1129) Eden regions: 44->0(44)
[2024-08-28T01:14:25.434+0000][info][gc,heap        ] GC(1129) Survivor regions: 7->7(7)
[2024-08-28T01:14:25.434+0000][info][gc,heap        ] GC(1129) Old regions: 844->828
[2024-08-28T01:14:25.434+0000][info][gc,heap        ] GC(1129) Archive regions: 2->2
[2024-08-28T01:14:25.434+0000][info][gc,heap        ] GC(1129) Humongous regions: 5->5
[2024-08-28T01:14:25.434+0000][info][gc,metaspace   ] GC(1129) Metaspace: 100K(320K)->100K(320K) NonClass: 96K(192K)->96K(192K) Class: 4K(128K)->4K(128K)
[2024-08-28T01:14:25.434+0000][info][gc             ] GC(1129) Pause Young (Mixed) (G1 Evacuation Pause) 891M->831M(1024M) 11.762ms
[2024-08-28T01:14:25.434+0000][info][gc,cpu         ] GC(1129) User=0.25s Sys=0.01s Real=0.01s
[2024-08-28T01:14:25.455+0000][info][gc,start       ] GC(1130) Pause Young (Mixed) (G1 Evacuation Pause)
[2024-08-28T01:14:25.455+0000][info][gc,task        ] GC(1130) Using 24 workers of 68 for evacuation
[2024-08-28T01:14:25.466+0000][info][gc,phases      ] GC(1130)   Pre Evacuate Collection Set: 0.2ms
[2024-08-28T01:14:25.466+0000][info][gc,phases      ] GC(1130)   Merge Heap Roots: 0.4ms
[2024-08-28T01:14:25.466+0000][info][gc,phases      ] GC(1130)   Evacuate Collection Set: 10.0ms
[2024-08-28T01:14:25.466+0000][info][gc,phases      ] GC(1130)   Post Evacuate Collection Set: 0.4ms
[2024-08-28T01:14:25.466+0000][info][gc,phases      ] GC(1130)   Other: 0.3ms
[2024-08-28T01:14:25.466+0000][info][gc,heap        ] GC(1130) Eden regions: 44->0(44)
[2024-08-28T01:14:25.466+0000][info][gc,heap        ] GC(1130) Survivor regions: 7->7(7)
[2024-08-28T01:14:25.466+0000][info][gc,heap        ] GC(1130) Old regions: 828->814
[2024-08-28T01:14:25.466+0000][info][gc,heap        ] GC(1130) Archive regions: 2->2
[2024-08-28T01:14:25.466+0000][info][gc,heap        ] GC(1130) Humongous regions: 5->5
[2024-08-28T01:14:25.466+0000][info][gc,metaspace   ] GC(1130) Metaspace: 100K(320K)->100K(320K) NonClass: 96K(192K)->96K(192K) Class: 4K(128K)->4K(128K)
[2024-08-28T01:14:25.466+0000][info][gc             ] GC(1130) Pause Young (Mixed) (G1 Evacuation Pause) 875M->817M(1024M) 11.598ms
[2024-08-28T01:14:25.466+0000][info][gc,cpu         ] GC(1130) User=0.23s Sys=0.02s Real=0.01s
[2024-08-28T01:14:25.487+0000][info][gc,start       ] GC(1131) Pause Young (Mixed) (G1 Evacuation Pause)
[2024-08-28T01:14:25.487+0000][info][gc,task        ] GC(1131) Using 24 workers of 68 for evacuation
[2024-08-28T01:14:25.498+0000][info][gc,phases      ] GC(1131)   Pre Evacuate Collection Set: 0.2ms
[2024-08-28T01:14:25.498+0000][info][gc,phases      ] GC(1131)   Merge Heap Roots: 0.4ms
[2024-08-28T01:14:25.498+0000][info][gc,phases      ] GC(1131)   Evacuate Collection Set: 9.6ms
[2024-08-28T01:14:25.498+0000][info][gc,phases      ] GC(1131)   Post Evacuate Collection Set: 0.4ms
[2024-08-28T01:14:25.498+0000][info][gc,phases      ] GC(1131)   Other: 0.3ms
[2024-08-28T01:14:25.498+0000][info][gc,heap        ] GC(1131) Eden regions: 44->0(44)
[2024-08-28T01:14:25.498+0000][info][gc,heap        ] GC(1131) Survivor regions: 7->7(7)
[2024-08-28T01:14:25.498+0000][info][gc,heap        ] GC(1131) Old regions: 814->851
[2024-08-28T01:14:25.498+0000][info][gc,heap        ] GC(1131) Archive regions: 2->2
[2024-08-28T01:14:25.498+0000][info][gc,heap        ] GC(1131) Humongous regions: 5->5
[2024-08-28T01:14:25.498+0000][info][gc,metaspace   ] GC(1131) Metaspace: 100K(320K)->100K(320K) NonClass: 96K(192K)->96K(192K) Class: 4K(128K)->4K(128K)
[2024-08-28T01:14:25.498+0000][info][gc             ] GC(1131) Pause Young (Mixed) (G1 Evacuation Pause) 861M->857M(1024M) 11.013ms
[2024-08-28T01:14:25.498+0000][info][gc,cpu         ] GC(1131) User=0.23s Sys=0.01s Real=0.02s
[2024-08-28T01:14:25.519+0000][info][gc,start       ] GC(1132) Pause Young (Concurrent Start) (G1 Evacuation Pause)
[2024-08-28T01:14:25.519+0000][info][gc,task        ] GC(1132) Using 24 workers of 68 for evacuation
[2024-08-28T01:14:25.531+0000][info][gc,phases      ] GC(1132)   Pre Evacuate Collection Set: 0.2ms
[2024-08-28T01:14:25.531+0000][info][gc,phases      ] GC(1132)   Merge Heap Roots: 0.4ms
[2024-08-28T01:14:25.531+0000][info][gc,phases      ] GC(1132)   Evacuate Collection Set: 9.5ms
[2024-08-28T01:14:25.531+0000][info][gc,phases      ] GC(1132)   Post Evacuate Collection Set: 0.4ms
[2024-08-28T01:14:25.531+0000][info][gc,phases      ] GC(1132)   Other: 1.0ms
[2024-08-28T01:14:25.531+0000][info][gc,heap        ] GC(1132) Eden regions: 44->0(44)
[2024-08-28T01:14:25.531+0000][info][gc,heap        ] GC(1132) Survivor regions: 7->7(7)
[2024-08-28T01:14:25.531+0000][info][gc,heap        ] GC(1132) Old regions: 851->897
[2024-08-28T01:14:25.531+0000][info][gc,heap        ] GC(1132) Archive regions: 2->2
[2024-08-28T01:14:25.531+0000][info][gc,heap        ] GC(1132) Humongous regions: 5->5
[2024-08-28T01:14:25.531+0000][info][gc,metaspace   ] GC(1132) Metaspace: 100K(320K)->100K(320K) NonClass: 96K(192K)->96K(192K) Class: 4K(128K)->4K(128K)
[2024-08-28T01:14:25.531+0000][info][gc             ] GC(1132) Pause Young (Concurrent Start) (G1 Evacuation Pause) 901M->902M(1024M) 11.687ms
[2024-08-28T01:14:25.531+0000][info][gc,cpu         ] GC(1132) User=0.24s Sys=0.00s Real=0.01s
[2024-08-28T01:14:25.531+0000][info][gc             ] GC(1133) Concurrent Mark Cycle
[2024-08-28T01:14:25.531+0000][info][gc,marking     ] GC(1133) Concurrent Clear Claimed Marks
[2024-08-28T01:14:25.531+0000][info][gc,marking     ] GC(1133) Concurrent Clear Claimed Marks 0.015ms
[2024-08-28T01:14:25.531+0000][info][gc,marking     ] GC(1133) Concurrent Scan Root Regions
[2024-08-28T01:14:25.533+0000][info][gc,marking     ] GC(1133) Concurrent Scan Root Regions 1.842ms
[2024-08-28T01:14:25.533+0000][info][gc,marking     ] GC(1133) Concurrent Mark
[2024-08-28T01:14:25.533+0000][info][gc,marking     ] GC(1133) Concurrent Mark From Roots
[2024-08-28T01:14:25.533+0000][info][gc,task        ] GC(1133) Using 17 workers of 17 for marking
[2024-08-28T01:14:25.559+0000][info][gc,marking     ] GC(1133) Concurrent Mark From Roots 25.991ms
[2024-08-28T01:14:25.559+0000][info][gc,marking     ] GC(1133) Concurrent Preclean
[2024-08-28T01:14:25.560+0000][info][gc,marking     ] GC(1133) Concurrent Preclean 1.063ms
[2024-08-28T01:14:25.560+0000][info][gc,start       ] GC(1133) Pause Remark
[2024-08-28T01:14:25.562+0000][info][gc             ] GC(1133) Pause Remark 942M->942M(1024M) 1.975ms
[2024-08-28T01:14:25.562+0000][info][gc,cpu         ] GC(1133) User=0.01s Sys=0.00s Real=0.00s
[2024-08-28T01:14:25.562+0000][info][gc,marking     ] GC(1133) Concurrent Mark 29.558ms
[2024-08-28T01:14:25.562+0000][info][gc,marking     ] GC(1133) Concurrent Rebuild Remembered Sets
[2024-08-28T01:14:25.566+0000][info][gc,start       ] GC(1134) Pause Young (Normal) (G1 Evacuation Pause)
[2024-08-28T01:14:25.566+0000][info][gc,task        ] GC(1134) Using 24 workers of 68 for evacuation
[2024-08-28T01:14:25.576+0000][info][gc,phases      ] GC(1134)   Pre Evacuate Collection Set: 0.2ms
[2024-08-28T01:14:25.576+0000][info][gc,phases      ] GC(1134)   Merge Heap Roots: 0.4ms
[2024-08-28T01:14:25.576+0000][info][gc,phases      ] GC(1134)   Evacuate Collection Set: 9.5ms
[2024-08-28T01:14:25.576+0000][info][gc,phases      ] GC(1134)   Post Evacuate Collection Set: 0.5ms
[2024-08-28T01:14:25.576+0000][info][gc,phases      ] GC(1134)   Other: 0.3ms
[2024-08-28T01:14:25.576+0000][info][gc,heap        ] GC(1134) Eden regions: 44->0(44)
[2024-08-28T01:14:25.576+0000][info][gc,heap        ] GC(1134) Survivor regions: 7->7(7)
[2024-08-28T01:14:25.576+0000][info][gc,heap        ] GC(1134) Old regions: 897->943
[2024-08-28T01:14:25.576+0000][info][gc,heap        ] GC(1134) Archive regions: 2->2
[2024-08-28T01:14:25.577+0000][info][gc,heap        ] GC(1134) Humongous regions: 5->5
[2024-08-28T01:14:25.577+0000][info][gc,metaspace   ] GC(1134) Metaspace: 100K(320K)->100K(320K) NonClass: 96K(192K)->96K(192K) Class: 4K(128K)->4K(128K)
[2024-08-28T01:14:25.577+0000][info][gc             ] GC(1134) Pause Young (Normal) (G1 Evacuation Pause) 946M->949M(1024M) 11.010ms
[2024-08-28T01:14:25.577+0000][info][gc,cpu         ] GC(1134) User=0.24s Sys=0.01s Real=0.01s
[2024-08-28T01:14:25.593+0000][info][gc,start       ] GC(1135) Pause Young (Normal) (G1 Preventive Collection)
[2024-08-28T01:14:25.593+0000][info][gc,task        ] GC(1135) Using 24 workers of 68 for evacuation
[2024-08-28T01:14:25.605+0000][info][gc,phases      ] GC(1135)   Pre Evacuate Collection Set: 0.2ms
[2024-08-28T01:14:25.605+0000][info][gc,phases      ] GC(1135)   Merge Heap Roots: 0.5ms
[2024-08-28T01:14:25.605+0000][info][gc,phases      ] GC(1135)   Evacuate Collection Set: 10.8ms
[2024-08-28T01:14:25.605+0000][info][gc,phases      ] GC(1135)   Post Evacuate Collection Set: 0.5ms
[2024-08-28T01:14:25.605+0000][info][gc,phases      ] GC(1135)   Other: 0.3ms
[2024-08-28T01:14:25.605+0000][info][gc,heap        ] GC(1135) Eden regions: 28->0(44)
[2024-08-28T01:14:25.605+0000][info][gc,heap        ] GC(1135) Survivor regions: 7->7(7)
[2024-08-28T01:14:25.605+0000][info][gc,heap        ] GC(1135) Old regions: 943->974
[2024-08-28T01:14:25.605+0000][info][gc,heap        ] GC(1135) Archive regions: 2->2
[2024-08-28T01:14:25.605+0000][info][gc,heap        ] GC(1135) Humongous regions: 5->5
[2024-08-28T01:14:25.605+0000][info][gc,metaspace   ] GC(1135) Metaspace: 100K(320K)->100K(320K) NonClass: 96K(192K)->96K(192K) Class: 4K(128K)->4K(128K)
[2024-08-28T01:14:25.605+0000][info][gc             ] GC(1135) Pause Young (Normal) (G1 Preventive Collection) 977M->980M(1024M) 12.384ms
[2024-08-28T01:14:25.605+0000][info][gc,cpu         ] GC(1135) User=0.27s Sys=0.00s Real=0.01s
[2024-08-28T01:14:25.613+0000][info][gc,start       ] GC(1136) Pause Young (Normal) (G1 Preventive Collection)
[2024-08-28T01:14:25.613+0000][info][gc,task        ] GC(1136) Using 24 workers of 68 for evacuation
[2024-08-28T01:14:25.623+0000][info][gc,phases      ] GC(1136)   Pre Evacuate Collection Set: 0.2ms
[2024-08-28T01:14:25.623+0000][info][gc,phases      ] GC(1136)   Merge Heap Roots: 0.5ms
[2024-08-28T01:14:25.623+0000][info][gc,phases      ] GC(1136)   Evacuate Collection Set: 8.4ms
[2024-08-28T01:14:25.623+0000][info][gc,phases      ] GC(1136)   Post Evacuate Collection Set: 0.5ms
[2024-08-28T01:14:25.623+0000][info][gc,phases      ] GC(1136)   Other: 0.3ms
[2024-08-28T01:14:25.623+0000][info][gc,heap        ] GC(1136) Eden regions: 13->0(44)
[2024-08-28T01:14:25.623+0000][info][gc,heap        ] GC(1136) Survivor regions: 7->7(7)
[2024-08-28T01:14:25.623+0000][info][gc,heap        ] GC(1136) Old regions: 974->990
[2024-08-28T01:14:25.623+0000][info][gc,heap        ] GC(1136) Archive regions: 2->2
[2024-08-28T01:14:25.623+0000][info][gc,heap        ] GC(1136) Humongous regions: 5->5
[2024-08-28T01:14:25.623+0000][info][gc,metaspace   ] GC(1136) Metaspace: 100K(320K)->100K(320K) NonClass: 96K(192K)->96K(192K) Class: 4K(128K)->4K(128K)
[2024-08-28T01:14:25.623+0000][info][gc             ] GC(1136) Pause Young (Normal) (G1 Preventive Collection) 993M->995M(1024M) 10.097ms
[2024-08-28T01:14:25.623+0000][info][gc,cpu         ] GC(1136) User=0.21s Sys=0.00s Real=0.01s
[2024-08-28T01:14:25.627+0000][info][gc,start       ] GC(1137) Pause Young (Normal) (G1 Preventive Collection)
[2024-08-28T01:14:25.627+0000][info][gc,task        ] GC(1137) Using 24 workers of 68 for evacuation
[2024-08-28T01:14:25.634+0000][info][gc             ] GC(1137) To-space exhausted
[2024-08-28T01:14:25.635+0000][info][gc,phases      ] GC(1137)   Pre Evacuate Collection Set: 0.2ms
[2024-08-28T01:14:25.635+0000][info][gc,phases      ] GC(1137)   Merge Heap Roots: 0.5ms
[2024-08-28T01:14:25.635+0000][info][gc,phases      ] GC(1137)   Evacuate Collection Set: 6.2ms
[2024-08-28T01:14:25.635+0000][info][gc,phases      ] GC(1137)   Post Evacuate Collection Set: 0.6ms
[2024-08-28T01:14:25.635+0000][info][gc,phases      ] GC(1137)   Other: 0.3ms
[2024-08-28T01:14:25.635+0000][info][gc,heap        ] GC(1137) Eden regions: 5->0(45)
[2024-08-28T01:14:25.635+0000][info][gc,heap        ] GC(1137) Survivor regions: 7->6(7)
[2024-08-28T01:14:25.635+0000][info][gc,heap        ] GC(1137) Old regions: 990->1002
[2024-08-28T01:14:25.635+0000][info][gc,heap        ] GC(1137) Archive regions: 2->2
[2024-08-28T01:14:25.635+0000][info][gc,heap        ] GC(1137) Humongous regions: 5->5
[2024-08-28T01:14:25.635+0000][info][gc,metaspace   ] GC(1137) Metaspace: 100K(320K)->100K(320K) NonClass: 96K(192K)->96K(192K) Class: 4K(128K)->4K(128K)
[2024-08-28T01:14:25.635+0000][info][gc             ] GC(1137) Pause Young (Normal) (G1 Preventive Collection) 1000M->1006M(1024M) 7.962ms
[2024-08-28T01:14:25.635+0000][info][gc,cpu         ] GC(1137) User=0.17s Sys=0.00s Real=0.01s
[2024-08-28T01:14:25.636+0000][info][gc,start       ] GC(1138) Pause Young (Normal) (G1 Preventive Collection)
[2024-08-28T01:14:25.636+0000][info][gc,task        ] GC(1138) Using 24 workers of 68 for evacuation
[2024-08-28T01:14:25.642+0000][info][gc,phases      ] GC(1138)   Pre Evacuate Collection Set: 0.2ms
[2024-08-28T01:14:25.642+0000][info][gc,phases      ] GC(1138)   Merge Heap Roots: 0.3ms
[2024-08-28T01:14:25.642+0000][info][gc,phases      ] GC(1138)   Evacuate Collection Set: 5.1ms
[2024-08-28T01:14:25.642+0000][info][gc,phases      ] GC(1138)   Post Evacuate Collection Set: 0.6ms
[2024-08-28T01:14:25.642+0000][info][gc,phases      ] GC(1138)   Other: 0.2ms
[2024-08-28T01:14:25.642+0000][info][gc,heap        ] GC(1138) Eden regions: 1->0(49)
[2024-08-28T01:14:25.642+0000][info][gc,heap        ] GC(1138) Survivor regions: 6->2(7)
[2024-08-28T01:14:25.642+0000][info][gc,heap        ] GC(1138) Old regions: 1002->1008
[2024-08-28T01:14:25.642+0000][info][gc,heap        ] GC(1138) Archive regions: 2->2
[2024-08-28T01:14:25.642+0000][info][gc,heap        ] GC(1138) Humongous regions: 5->5
[2024-08-28T01:14:25.642+0000][info][gc,metaspace   ] GC(1138) Metaspace: 100K(320K)->100K(320K) NonClass: 96K(192K)->96K(192K) Class: 4K(128K)->4K(128K)
[2024-08-28T01:14:25.642+0000][info][gc             ] GC(1138) Pause Young (Normal) (G1 Preventive Collection) 1007M->1008M(1024M) 6.478ms
[2024-08-28T01:14:25.642+0000][info][gc,cpu         ] GC(1138) User=0.14s Sys=0.00s Real=0.01s
[2024-08-28T01:14:25.644+0000][info][gc,start       ] GC(1139) Pause Young (Normal) (G1 Preventive Collection)
[2024-08-28T01:14:25.644+0000][info][gc,task        ] GC(1139) Using 24 workers of 68 for evacuation
[2024-08-28T01:14:25.650+0000][info][gc,phases      ] GC(1139)   Pre Evacuate Collection Set: 0.2ms
[2024-08-28T01:14:25.650+0000][info][gc,phases      ] GC(1139)   Merge Heap Roots: 0.5ms
[2024-08-28T01:14:25.650+0000][info][gc,phases      ] GC(1139)   Evacuate Collection Set: 4.7ms
[2024-08-28T01:14:25.650+0000][info][gc,phases      ] GC(1139)   Post Evacuate Collection Set: 0.5ms
[2024-08-28T01:14:25.650+0000][info][gc,phases      ] GC(1139)   Other: 0.2ms
[2024-08-28T01:14:25.650+0000][info][gc,heap        ] GC(1139) Eden regions: 2->0(47)
[2024-08-28T01:14:25.650+0000][info][gc,heap        ] GC(1139) Survivor regions: 2->4(5)
[2024-08-28T01:14:25.650+0000][info][gc,heap        ] GC(1139) Old regions: 1008->1008
[2024-08-28T01:14:25.650+0000][info][gc,heap        ] GC(1139) Archive regions: 2->2
[2024-08-28T01:14:25.650+0000][info][gc,heap        ] GC(1139) Humongous regions: 5->5
[2024-08-28T01:14:25.650+0000][info][gc,metaspace   ] GC(1139) Metaspace: 100K(320K)->100K(320K) NonClass: 96K(192K)->96K(192K) Class: 4K(128K)->4K(128K)
[2024-08-28T01:14:25.650+0000][info][gc             ] GC(1139) Pause Young (Normal) (G1 Preventive Collection) 1010M->1010M(1024M) 6.312ms
[2024-08-28T01:14:25.650+0000][info][gc,cpu         ] GC(1139) User=0.12s Sys=0.00s Real=0.01s
[2024-08-28T01:14:25.651+0000][info][gc,start       ] GC(1140) Pause Young (Normal) (G1 Preventive Collection)
[2024-08-28T01:14:25.651+0000][info][gc,task        ] GC(1140) Using 24 workers of 68 for evacuation
[2024-08-28T01:14:25.658+0000][info][gc             ] GC(1140) To-space exhausted
[2024-08-28T01:14:25.658+0000][info][gc,phases      ] GC(1140)   Pre Evacuate Collection Set: 0.1ms
[2024-08-28T01:14:25.658+0000][info][gc,phases      ] GC(1140)   Merge Heap Roots: 0.5ms
[2024-08-28T01:14:25.658+0000][info][gc,phases      ] GC(1140)   Evacuate Collection Set: 4.6ms
[2024-08-28T01:14:25.658+0000][info][gc,phases      ] GC(1140)   Post Evacuate Collection Set: 0.7ms
[2024-08-28T01:14:25.658+0000][info][gc,phases      ] GC(1140)   Other: 0.2ms
[2024-08-28T01:14:25.658+0000][info][gc,heap        ] GC(1140) Eden regions: 1->0(47)
[2024-08-28T01:14:25.658+0000][info][gc,heap        ] GC(1140) Survivor regions: 4->4(4)
[2024-08-28T01:14:25.658+0000][info][gc,heap        ] GC(1140) Old regions: 1008->1011
[2024-08-28T01:14:25.658+0000][info][gc,heap        ] GC(1140) Archive regions: 2->2
[2024-08-28T01:14:25.658+0000][info][gc,heap        ] GC(1140) Humongous regions: 5->5
[2024-08-28T01:14:25.658+0000][info][gc,metaspace   ] GC(1140) Metaspace: 100K(320K)->100K(320K) NonClass: 96K(192K)->96K(192K) Class: 4K(128K)->4K(128K)
[2024-08-28T01:14:25.658+0000][info][gc             ] GC(1140) Pause Young (Normal) (G1 Preventive Collection) 1011M->1013M(1024M) 6.305ms
[2024-08-28T01:14:25.658+0000][info][gc,cpu         ] GC(1140) User=0.13s Sys=0.01s Real=0.01s
[2024-08-28T01:14:25.659+0000][info][gc,start       ] GC(1141) Pause Young (Normal) (G1 Preventive Collection)
[2024-08-28T01:14:25.659+0000][info][gc,task        ] GC(1141) Using 24 workers of 68 for evacuation
[2024-08-28T01:14:25.665+0000][info][gc             ] GC(1141) To-space exhausted
[2024-08-28T01:14:25.665+0000][info][gc,phases      ] GC(1141)   Pre Evacuate Collection Set: 0.1ms
[2024-08-28T01:14:25.665+0000][info][gc,phases      ] GC(1141)   Merge Heap Roots: 0.5ms
[2024-08-28T01:14:25.665+0000][info][gc,phases      ] GC(1141)   Evacuate Collection Set: 4.7ms
[2024-08-28T01:14:25.665+0000][info][gc,phases      ] GC(1141)   Post Evacuate Collection Set: 0.9ms
[2024-08-28T01:14:25.665+0000][info][gc,phases      ] GC(1141)   Other: 0.2ms
[2024-08-28T01:14:25.665+0000][info][gc,heap        ] GC(1141) Eden regions: 1->0(50)
[2024-08-28T01:14:25.665+0000][info][gc,heap        ] GC(1141) Survivor regions: 4->1(1)
[2024-08-28T01:14:25.665+0000][info][gc,heap        ] GC(1141) Old regions: 1011->1016
[2024-08-28T01:14:25.665+0000][info][gc,heap        ] GC(1141) Archive regions: 2->2
[2024-08-28T01:14:25.665+0000][info][gc,heap        ] GC(1141) Humongous regions: 5->5
[2024-08-28T01:14:25.665+0000][info][gc,metaspace   ] GC(1141) Metaspace: 100K(320K)->100K(320K) NonClass: 96K(192K)->96K(192K) Class: 4K(128K)->4K(128K)
[2024-08-28T01:14:25.665+0000][info][gc             ] GC(1141) Pause Young (Normal) (G1 Preventive Collection) 1014M->1015M(1024M) 6.548ms
[2024-08-28T01:14:25.665+0000][info][gc,cpu         ] GC(1141) User=0.13s Sys=0.00s Real=0.00s
[2024-08-28T01:14:25.665+0000][info][gc,ergo        ] Attempting full compaction
[2024-08-28T01:14:25.665+0000][info][gc,task        ] GC(1142) Using 24 workers of 68 for full compaction
[2024-08-28T01:14:25.666+0000][info][gc,start       ] GC(1142) Pause Full (G1 Compaction Pause)
[2024-08-28T01:14:25.666+0000][info][gc,phases,start] GC(1142) Phase 1: Mark live objects
[2024-08-28T01:14:25.680+0000][info][gc,phases      ] GC(1142) Phase 1: Mark live objects 14.007ms
[2024-08-28T01:14:25.681+0000][info][gc,phases,start] GC(1142) Phase 2: Prepare for compaction
[2024-08-28T01:14:25.689+0000][info][gc,phases      ] GC(1142) Phase 2: Prepare for compaction 8.293ms
[2024-08-28T01:14:25.689+0000][info][gc,phases,start] GC(1142) Phase 3: Adjust pointers
[2024-08-28T01:14:25.703+0000][info][gc,phases      ] GC(1142) Phase 3: Adjust pointers 14.032ms
[2024-08-28T01:14:25.703+0000][info][gc,phases,start] GC(1142) Phase 4: Compact heap
[2024-08-28T01:14:25.732+0000][info][gc,phases      ] GC(1142) Phase 4: Compact heap 29.146ms
[2024-08-28T01:14:25.734+0000][info][gc,heap        ] GC(1142) Eden regions: 0->0(150)
[2024-08-28T01:14:25.734+0000][info][gc,heap        ] GC(1142) Survivor regions: 1->0(1)
[2024-08-28T01:14:25.734+0000][info][gc,heap        ] GC(1142) Old regions: 1016->443
[2024-08-28T01:14:25.734+0000][info][gc,heap        ] GC(1142) Archive regions: 2->2
[2024-08-28T01:14:25.734+0000][info][gc,heap        ] GC(1142) Humongous regions: 5->5
[2024-08-28T01:14:25.734+0000][info][gc,metaspace   ] GC(1142) Metaspace: 100K(320K)->100K(320K) NonClass: 96K(192K)->96K(192K) Class: 4K(128K)->4K(128K)
[2024-08-28T01:14:25.734+0000][info][gc             ] GC(1142) Pause Full (G1 Compaction Pause) 1015M->437M(1024M) 68.304ms
[2024-08-28T01:14:25.734+0000][info][gc,cpu         ] GC(1142) User=1.46s Sys=0.00s Real=0.07s
[2024-08-28T01:14:25.734+0000][info][gc,marking     ] GC(1133) Concurrent Rebuild Remembered Sets 171.957ms
[2024-08-28T01:14:25.734+0000][info][gc,marking     ] GC(1133) Concurrent Mark Abort
[2024-08-28T01:14:25.735+0000][info][gc             ] GC(1133) Concurrent Mark Cycle 203.583ms
[2024-08-28T01:14:25.812+0000][info][gc,start       ] GC(1143) Pause Young (Normal) (G1 Evacuation Pause)
[2024-08-28T01:14:25.813+0000][info][gc,task        ] GC(1143) Using 24 workers of 68 for evacuation
[2024-08-28T01:14:25.886+0000][info][gc,phases      ] GC(1143)   Pre Evacuate Collection Set: 0.2ms
[2024-08-28T01:14:25.886+0000][info][gc,phases      ] GC(1143)   Merge Heap Roots: 0.4ms
[2024-08-28T01:14:25.886+0000][info][gc,phases      ] GC(1143)   Evacuate Collection Set: 71.9ms
[2024-08-28T01:14:25.886+0000][info][gc,phases      ] GC(1143)   Post Evacuate Collection Set: 0.5ms
[2024-08-28T01:14:25.886+0000][info][gc,phases      ] GC(1143)   Other: 0.3ms
[2024-08-28T01:14:25.886+0000][info][gc,heap        ] GC(1143) Eden regions: 150->0(104)
[2024-08-28T01:14:25.886+0000][info][gc,heap        ] GC(1143) Survivor regions: 0->19(19)
[2024-08-28T01:14:25.886+0000][info][gc,heap        ] GC(1143) Old regions: 443->568
[2024-08-28T01:14:25.886+0000][info][gc,heap        ] GC(1143) Archive regions: 2->2
[2024-08-28T01:14:25.886+0000][info][gc,heap        ] GC(1143) Humongous regions: 5->5
[2024-08-28T01:14:25.886+0000][info][gc,metaspace   ] GC(1143) Metaspace: 100K(320K)->100K(320K) NonClass: 96K(192K)->96K(192K) Class: 4K(128K)->4K(128K)
[2024-08-28T01:14:25.886+0000][info][gc             ] GC(1143) Pause Young (Normal) (G1 Evacuation Pause) 587M->581M(1024M) 73.407ms
[2024-08-28T01:14:25.886+0000][info][gc,cpu         ] GC(1143) User=0.45s Sys=1.06s Real=0.07s
[2024-08-28T01:14:25.935+0000][info][gc,start       ] GC(1144) Pause Young (Concurrent Start) (G1 Evacuation Pause)
[2024-08-28T01:14:25.935+0000][info][gc,task        ] GC(1144) Using 24 workers of 68 for evacuation
[2024-08-28T01:14:25.953+0000][info][gc,phases      ] GC(1144)   Pre Evacuate Collection Set: 0.2ms
[2024-08-28T01:14:25.954+0000][info][gc,phases      ] GC(1144)   Merge Heap Roots: 0.4ms
[2024-08-28T01:14:25.954+0000][info][gc,phases      ] GC(1144)   Evacuate Collection Set: 17.4ms
[2024-08-28T01:14:25.954+0000][info][gc,phases      ] GC(1144)   Post Evacuate Collection Set: 0.4ms
[2024-08-28T01:14:25.954+0000][info][gc,phases      ] GC(1144)   Other: 0.6ms
[2024-08-28T01:14:25.954+0000][info][gc,heap        ] GC(1144) Eden regions: 104->0(71)
[2024-08-28T01:14:25.954+0000][info][gc,heap        ] GC(1144) Survivor regions: 19->16(16)
[2024-08-28T01:14:25.954+0000][info][gc,heap        ] GC(1144) Old regions: 568->672
[2024-08-28T01:14:25.954+0000][info][gc,heap        ] GC(1144) Archive regions: 2->2
[2024-08-28T01:14:25.954+0000][info][gc,heap        ] GC(1144) Humongous regions: 5->5
[2024-08-28T01:14:25.954+0000][info][gc,metaspace   ] GC(1144) Metaspace: 100K(320K)->100K(320K) NonClass: 96K(192K)->96K(192K) Class: 4K(128K)->4K(128K)
[2024-08-28T01:14:25.954+0000][info][gc             ] GC(1144) Pause Young (Concurrent Start) (G1 Evacuation Pause) 685M->681M(1024M) 19.095ms
[2024-08-28T01:14:25.954+0000][info][gc,cpu         ] GC(1144) User=0.42s Sys=0.00s Real=0.02s
[2024-08-28T01:14:25.954+0000][info][gc             ] GC(1145) Concurrent Mark Cycle
[2024-08-28T01:14:25.954+0000][info][gc,marking     ] GC(1145) Concurrent Clear Claimed Marks
[2024-08-28T01:14:25.954+0000][info][gc,marking     ] GC(1145) Concurrent Clear Claimed Marks 0.011ms
[2024-08-28T01:14:25.954+0000][info][gc,marking     ] GC(1145) Concurrent Scan Root Regions
[2024-08-28T01:14:25.958+0000][info][gc,marking     ] GC(1145) Concurrent Scan Root Regions 4.198ms
[2024-08-28T01:14:25.958+0000][info][gc,marking     ] GC(1145) Concurrent Mark
[2024-08-28T01:14:25.958+0000][info][gc,marking     ] GC(1145) Concurrent Mark From Roots
[2024-08-28T01:14:25.958+0000][info][gc,task        ] GC(1145) Using 17 workers of 17 for marking
[2024-08-28T01:14:25.980+0000][info][gc,marking     ] GC(1145) Concurrent Mark From Roots 22.186ms
[2024-08-28T01:14:25.980+0000][info][gc,marking     ] GC(1145) Concurrent Preclean
[2024-08-28T01:14:25.981+0000][info][gc,marking     ] GC(1145) Concurrent Preclean 0.646ms
[2024-08-28T01:14:25.981+0000][info][gc,start       ] GC(1145) Pause Remark
[2024-08-28T01:14:25.983+0000][info][gc             ] GC(1145) Pause Remark 718M->718M(1024M) 1.249ms
[2024-08-28T01:14:25.983+0000][info][gc,cpu         ] GC(1145) User=0.00s Sys=0.00s Real=0.00s
[2024-08-28T01:14:25.983+0000][info][gc,marking     ] GC(1145) Concurrent Mark 24.512ms
[2024-08-28T01:14:25.983+0000][info][gc,marking     ] GC(1145) Concurrent Rebuild Remembered Sets
[2024-08-28T01:14:26.004+0000][info][gc,start       ] GC(1146) Pause Young (Normal) (G1 Evacuation Pause)
[2024-08-28T01:14:26.004+0000][info][gc,task        ] GC(1146) Using 24 workers of 68 for evacuation
[2024-08-28T01:14:26.019+0000][info][gc,phases      ] GC(1146)   Pre Evacuate Collection Set: 0.2ms
[2024-08-28T01:14:26.019+0000][info][gc,phases      ] GC(1146)   Merge Heap Roots: 0.3ms
[2024-08-28T01:14:26.019+0000][info][gc,phases      ] GC(1146)   Evacuate Collection Set: 13.9ms
[2024-08-28T01:14:26.020+0000][info][gc,phases      ] GC(1146)   Post Evacuate Collection Set: 0.6ms
[2024-08-28T01:14:26.020+0000][info][gc,phases      ] GC(1146)   Other: 0.3ms
[2024-08-28T01:14:26.020+0000][info][gc,heap        ] GC(1146) Eden regions: 71->0(48)
[2024-08-28T01:14:26.020+0000][info][gc,heap        ] GC(1146) Survivor regions: 16->11(11)
[2024-08-28T01:14:26.020+0000][info][gc,heap        ] GC(1146) Old regions: 672->750
[2024-08-28T01:14:26.020+0000][info][gc,heap        ] GC(1146) Archive regions: 2->2
[2024-08-28T01:14:26.020+0000][info][gc,heap        ] GC(1146) Humongous regions: 5->5
[2024-08-28T01:14:26.020+0000][info][gc,metaspace   ] GC(1146) Metaspace: 100K(320K)->100K(320K) NonClass: 96K(192K)->96K(192K) Class: 4K(128K)->4K(128K)
[2024-08-28T01:14:26.020+0000][info][gc             ] GC(1146) Pause Young (Normal) (G1 Evacuation Pause) 752M->755M(1024M) 15.399ms
[2024-08-28T01:14:26.020+0000][info][gc,cpu         ] GC(1146) User=0.33s Sys=0.01s Real=0.02s
[2024-08-28T01:14:26.038+0000][info][gc,marking     ] GC(1145) Concurrent Rebuild Remembered Sets 55.183ms
[2024-08-28T01:14:26.038+0000][info][gc,start       ] GC(1145) Pause Cleanup
[2024-08-28T01:14:26.040+0000][info][gc             ] GC(1145) Pause Cleanup 786M->786M(1024M) 2.002ms
[2024-08-28T01:14:26.040+0000][info][gc,cpu         ] GC(1145) User=0.00s Sys=0.00s Real=0.00s
[2024-08-28T01:14:26.040+0000][info][gc,marking     ] GC(1145) Concurrent Cleanup for Next Mark
[2024-08-28T01:14:26.041+0000][info][gc,marking     ] GC(1145) Concurrent Cleanup for Next Mark 0.808ms
[2024-08-28T01:14:26.041+0000][info][gc             ] GC(1145) Concurrent Mark Cycle 87.342ms
[2024-08-28T01:14:26.050+0000][info][gc,start       ] GC(1147) Pause Young (Prepare Mixed) (G1 Evacuation Pause)
[2024-08-28T01:14:26.050+0000][info][gc,task        ] GC(1147) Using 24 workers of 68 for evacuation
[2024-08-28T01:14:26.070+0000][info][gc,phases      ] GC(1147)   Pre Evacuate Collection Set: 0.2ms
[2024-08-28T01:14:26.070+0000][info][gc,phases      ] GC(1147)   Merge Heap Roots: 0.6ms
[2024-08-28T01:14:26.070+0000][info][gc,phases      ] GC(1147)   Evacuate Collection Set: 18.6ms
[2024-08-28T01:14:26.070+0000][info][gc,phases      ] GC(1147)   Post Evacuate Collection Set: 0.4ms
[2024-08-28T01:14:26.070+0000][info][gc,phases      ] GC(1147)   Other: 0.3ms
[2024-08-28T01:14:26.070+0000][info][gc,heap        ] GC(1147) Eden regions: 48->0(43)
[2024-08-28T01:14:26.070+0000][info][gc,heap        ] GC(1147) Survivor regions: 11->8(8)
[2024-08-28T01:14:26.070+0000][info][gc,heap        ] GC(1147) Old regions: 750->805
[2024-08-28T01:14:26.070+0000][info][gc,heap        ] GC(1147) Archive regions: 2->2
[2024-08-28T01:14:26.070+0000][info][gc,heap        ] GC(1147) Humongous regions: 5->5
[2024-08-28T01:14:26.070+0000][info][gc,metaspace   ] GC(1147) Metaspace: 100K(320K)->100K(320K) NonClass: 96K(192K)->96K(192K) Class: 4K(128K)->4K(128K)
[2024-08-28T01:14:26.070+0000][info][gc             ] GC(1147) Pause Young (Prepare Mixed) (G1 Evacuation Pause) 803M->807M(1024M) 20.252ms
[2024-08-28T01:14:26.070+0000][info][gc,cpu         ] GC(1147) User=0.45s Sys=0.00s Real=0.02s
[2024-08-28T01:14:26.092+0000][info][gc,start       ] GC(1148) Pause Young (Mixed) (G1 Evacuation Pause)
[2024-08-28T01:14:26.092+0000][info][gc,task        ] GC(1148) Using 24 workers of 68 for evacuation
[2024-08-28T01:14:26.104+0000][info][gc,phases      ] GC(1148)   Pre Evacuate Collection Set: 0.2ms
[2024-08-28T01:14:26.104+0000][info][gc,phases      ] GC(1148)   Merge Heap Roots: 0.4ms
[2024-08-28T01:14:26.104+0000][info][gc,phases      ] GC(1148)   Evacuate Collection Set: 10.9ms
[2024-08-28T01:14:26.104+0000][info][gc,phases      ] GC(1148)   Post Evacuate Collection Set: 0.4ms
[2024-08-28T01:14:26.104+0000][info][gc,phases      ] GC(1148)   Other: 0.3ms
[2024-08-28T01:14:26.104+0000][info][gc,heap        ] GC(1148) Eden regions: 43->0(44)
[2024-08-28T01:14:26.104+0000][info][gc,heap        ] GC(1148) Survivor regions: 8->7(7)
[2024-08-28T01:14:26.104+0000][info][gc,heap        ] GC(1148) Old regions: 805->791
[2024-08-28T01:14:26.104+0000][info][gc,heap        ] GC(1148) Archive regions: 2->2
[2024-08-28T01:14:26.104+0000][info][gc,heap        ] GC(1148) Humongous regions: 5->5
[2024-08-28T01:14:26.104+0000][info][gc,metaspace   ] GC(1148) Metaspace: 100K(320K)->100K(320K) NonClass: 96K(192K)->96K(192K) Class: 4K(128K)->4K(128K)
[2024-08-28T01:14:26.105+0000][info][gc             ] GC(1148) Pause Young (Mixed) (G1 Evacuation Pause) 850M->793M(1024M) 12.324ms
[2024-08-28T01:14:26.105+0000][info][gc,cpu         ] GC(1148) User=0.27s Sys=0.00s Real=0.01s
[2024-08-28T01:14:26.127+0000][info][gc,start       ] GC(1149) Pause Young (Mixed) (G1 Evacuation Pause)
[2024-08-28T01:14:26.127+0000][info][gc,task        ] GC(1149) Using 24 workers of 68 for evacuation
[2024-08-28T01:14:26.139+0000][info][gc,phases      ] GC(1149)   Pre Evacuate Collection Set: 0.2ms
[2024-08-28T01:14:26.139+0000][info][gc,phases      ] GC(1149)   Merge Heap Roots: 0.4ms
[2024-08-28T01:14:26.139+0000][info][gc,phases      ] GC(1149)   Evacuate Collection Set: 11.0ms
[2024-08-28T01:14:26.139+0000][info][gc,phases      ] GC(1149)   Post Evacuate Collection Set: 0.4ms
[2024-08-28T01:14:26.139+0000][info][gc,phases      ] GC(1149)   Other: 0.3ms
[2024-08-28T01:14:26.139+0000][info][gc,heap        ] GC(1149) Eden regions: 44->0(44)
[2024-08-28T01:14:26.139+0000][info][gc,heap        ] GC(1149) Survivor regions: 7->7(7)
[2024-08-28T01:14:26.139+0000][info][gc,heap        ] GC(1149) Old regions: 791->776
[2024-08-28T01:14:26.139+0000][info][gc,heap        ] GC(1149) Archive regions: 2->2
[2024-08-28T01:14:26.140+0000][info][gc,heap        ] GC(1149) Humongous regions: 5->5
[2024-08-28T01:14:26.140+0000][info][gc,metaspace   ] GC(1149) Metaspace: 100K(320K)->100K(320K) NonClass: 96K(192K)->96K(192K) Class: 4K(128K)->4K(128K)
[2024-08-28T01:14:26.140+0000][info][gc             ] GC(1149) Pause Young (Mixed) (G1 Evacuation Pause) 837M->778M(1024M) 12.481ms
[2024-08-28T01:14:26.140+0000][info][gc,cpu         ] GC(1149) User=0.27s Sys=0.00s Real=0.02s
[2024-08-28T01:14:26.161+0000][info][gc,start       ] GC(1150) Pause Young (Mixed) (G1 Evacuation Pause)
[2024-08-28T01:14:26.161+0000][info][gc,task        ] GC(1150) Using 24 workers of 68 for evacuation
[2024-08-28T01:14:26.172+0000][info][gc,phases      ] GC(1150)   Pre Evacuate Collection Set: 0.2ms
[2024-08-28T01:14:26.172+0000][info][gc,phases      ] GC(1150)   Merge Heap Roots: 0.4ms
[2024-08-28T01:14:26.172+0000][info][gc,phases      ] GC(1150)   Evacuate Collection Set: 10.0ms
[2024-08-28T01:14:26.172+0000][info][gc,phases      ] GC(1150)   Post Evacuate Collection Set: 0.4ms
[2024-08-28T01:14:26.172+0000][info][gc,phases      ] GC(1150)   Other: 0.4ms
[2024-08-28T01:14:26.172+0000][info][gc,heap        ] GC(1150) Eden regions: 44->0(44)
[2024-08-28T01:14:26.172+0000][info][gc,heap        ] GC(1150) Survivor regions: 7->7(7)
[2024-08-28T01:14:26.172+0000][info][gc,heap        ] GC(1150) Old regions: 776->763
[2024-08-28T01:14:26.172+0000][info][gc,heap        ] GC(1150) Archive regions: 2->2
[2024-08-28T01:14:26.172+0000][info][gc,heap        ] GC(1150) Humongous regions: 5->5
[2024-08-28T01:14:26.172+0000][info][gc,metaspace   ] GC(1150) Metaspace: 100K(320K)->100K(320K) NonClass: 96K(192K)->96K(192K) Class: 4K(128K)->4K(128K)
[2024-08-28T01:14:26.172+0000][info][gc             ] GC(1150) Pause Young (Mixed) (G1 Evacuation Pause) 822M->764M(1024M) 11.412ms
[2024-08-28T01:14:26.172+0000][info][gc,cpu         ] GC(1150) User=0.24s Sys=0.00s Real=0.01s
[2024-08-28T01:14:26.190+0000][info][gc,start       ] GC(1151) Pause Young (Mixed) (G1 Evacuation Pause)
[2024-08-28T01:14:26.191+0000][info][gc,task        ] GC(1151) Using 24 workers of 68 for evacuation
[2024-08-28T01:14:26.201+0000][info][gc,phases      ] GC(1151)   Pre Evacuate Collection Set: 0.2ms
[2024-08-28T01:14:26.201+0000][info][gc,phases      ] GC(1151)   Merge Heap Roots: 0.5ms
[2024-08-28T01:14:26.201+0000][info][gc,phases      ] GC(1151)   Evacuate Collection Set: 9.3ms
[2024-08-28T01:14:26.201+0000][info][gc,phases      ] GC(1151)   Post Evacuate Collection Set: 0.4ms
[2024-08-28T01:14:26.201+0000][info][gc,phases      ] GC(1151)   Other: 0.2ms
[2024-08-28T01:14:26.201+0000][info][gc,heap        ] GC(1151) Eden regions: 44->0(44)
[2024-08-28T01:14:26.201+0000][info][gc,heap        ] GC(1151) Survivor regions: 7->7(7)
[2024-08-28T01:14:26.201+0000][info][gc,heap        ] GC(1151) Old regions: 763->798
[2024-08-28T01:14:26.201+0000][info][gc,heap        ] GC(1151) Archive regions: 2->2
[2024-08-28T01:14:26.201+0000][info][gc,heap        ] GC(1151) Humongous regions: 5->5
[2024-08-28T01:14:26.201+0000][info][gc,metaspace   ] GC(1151) Metaspace: 100K(320K)->100K(320K) NonClass: 96K(192K)->96K(192K) Class: 4K(128K)->4K(128K)
[2024-08-28T01:14:26.201+0000][info][gc             ] GC(1151) Pause Young (Mixed) (G1 Evacuation Pause) 808M->802M(1024M) 10.645ms
[2024-08-28T01:14:26.201+0000][info][gc,cpu         ] GC(1151) User=0.23s Sys=0.00s Real=0.01s
[2024-08-28T01:14:26.221+0000][info][gc,start       ] GC(1152) Pause Young (Concurrent Start) (G1 Evacuation Pause)
[2024-08-28T01:14:26.221+0000][info][gc,task        ] GC(1152) Using 24 workers of 68 for evacuation
[2024-08-28T01:14:26.233+0000][info][gc,phases      ] GC(1152)   Pre Evacuate Collection Set: 0.2ms
[2024-08-28T01:14:26.233+0000][info][gc,phases      ] GC(1152)   Merge Heap Roots: 0.6ms
[2024-08-28T01:14:26.233+0000][info][gc,phases      ] GC(1152)   Evacuate Collection Set: 9.9ms
[2024-08-28T01:14:26.233+0000][info][gc,phases      ] GC(1152)   Post Evacuate Collection Set: 0.4ms
[2024-08-28T01:14:26.233+0000][info][gc,phases      ] GC(1152)   Other: 0.9ms
[2024-08-28T01:14:26.233+0000][info][gc,heap        ] GC(1152) Eden regions: 44->0(44)
[2024-08-28T01:14:26.233+0000][info][gc,heap        ] GC(1152) Survivor regions: 7->7(7)
[2024-08-28T01:14:26.233+0000][info][gc,heap        ] GC(1152) Old regions: 798->844
[2024-08-28T01:14:26.233+0000][info][gc,heap        ] GC(1152) Archive regions: 2->2
[2024-08-28T01:14:26.233+0000][info][gc,heap        ] GC(1152) Humongous regions: 5->5
[2024-08-28T01:14:26.233+0000][info][gc,metaspace   ] GC(1152) Metaspace: 100K(320K)->100K(320K) NonClass: 96K(192K)->96K(192K) Class: 4K(128K)->4K(128K)
[2024-08-28T01:14:26.233+0000][info][gc             ] GC(1152) Pause Young (Concurrent Start) (G1 Evacuation Pause) 846M->847M(1024M) 12.015ms
[2024-08-28T01:14:26.233+0000][info][gc,cpu         ] GC(1152) User=0.23s Sys=0.02s Real=0.01s
[2024-08-28T01:14:26.233+0000][info][gc             ] GC(1153) Concurrent Mark Cycle
[2024-08-28T01:14:26.233+0000][info][gc,marking     ] GC(1153) Concurrent Clear Claimed Marks
[2024-08-28T01:14:26.233+0000][info][gc,marking     ] GC(1153) Concurrent Clear Claimed Marks 0.010ms
[2024-08-28T01:14:26.233+0000][info][gc,marking     ] GC(1153) Concurrent Scan Root Regions
[2024-08-28T01:14:26.235+0000][info][gc,marking     ] GC(1153) Concurrent Scan Root Regions 1.661ms
[2024-08-28T01:14:26.235+0000][info][gc,marking     ] GC(1153) Concurrent Mark
[2024-08-28T01:14:26.235+0000][info][gc,marking     ] GC(1153) Concurrent Mark From Roots
[2024-08-28T01:14:26.235+0000][info][gc,task        ] GC(1153) Using 17 workers of 17 for marking
[2024-08-28T01:14:26.258+0000][info][gc,marking     ] GC(1153) Concurrent Mark From Roots 23.701ms
[2024-08-28T01:14:26.259+0000][info][gc,marking     ] GC(1153) Concurrent Preclean
[2024-08-28T01:14:26.259+0000][info][gc,marking     ] GC(1153) Concurrent Preclean 0.758ms
[2024-08-28T01:14:26.260+0000][info][gc,start       ] GC(1153) Pause Remark
[2024-08-28T01:14:26.261+0000][info][gc             ] GC(1153) Pause Remark 888M->888M(1024M) 1.369ms
[2024-08-28T01:14:26.261+0000][info][gc,cpu         ] GC(1153) User=0.01s Sys=0.00s Real=0.00s
[2024-08-28T01:14:26.261+0000][info][gc,marking     ] GC(1153) Concurrent Mark 26.275ms
[2024-08-28T01:14:26.261+0000][info][gc,marking     ] GC(1153) Concurrent Rebuild Remembered Sets
[2024-08-28T01:14:26.264+0000][info][gc,start       ] GC(1154) Pause Young (Normal) (G1 Evacuation Pause)
[2024-08-28T01:14:26.264+0000][info][gc,task        ] GC(1154) Using 24 workers of 68 for evacuation
[2024-08-28T01:14:26.274+0000][info][gc,phases      ] GC(1154)   Pre Evacuate Collection Set: 0.1ms
[2024-08-28T01:14:26.274+0000][info][gc,phases      ] GC(1154)   Merge Heap Roots: 0.3ms
[2024-08-28T01:14:26.274+0000][info][gc,phases      ] GC(1154)   Evacuate Collection Set: 9.5ms
[2024-08-28T01:14:26.274+0000][info][gc,phases      ] GC(1154)   Post Evacuate Collection Set: 0.5ms
[2024-08-28T01:14:26.274+0000][info][gc,phases      ] GC(1154)   Other: 0.2ms
[2024-08-28T01:14:26.274+0000][info][gc,heap        ] GC(1154) Eden regions: 44->0(44)
[2024-08-28T01:14:26.274+0000][info][gc,heap        ] GC(1154) Survivor regions: 7->7(7)
[2024-08-28T01:14:26.274+0000][info][gc,heap        ] GC(1154) Old regions: 844->890
[2024-08-28T01:14:26.274+0000][info][gc,heap        ] GC(1154) Archive regions: 2->2
[2024-08-28T01:14:26.274+0000][info][gc,heap        ] GC(1154) Humongous regions: 5->5
[2024-08-28T01:14:26.274+0000][info][gc,metaspace   ] GC(1154) Metaspace: 100K(320K)->100K(320K) NonClass: 96K(192K)->96K(192K) Class: 4K(128K)->4K(128K)
[2024-08-28T01:14:26.274+0000][info][gc             ] GC(1154) Pause Young (Normal) (G1 Evacuation Pause) 891M->894M(1024M) 10.820ms
[2024-08-28T01:14:26.275+0000][info][gc,cpu         ] GC(1154) User=0.24s Sys=0.00s Real=0.01s
[2024-08-28T01:14:26.297+0000][info][gc,start       ] GC(1155) Pause Young (Normal) (G1 Evacuation Pause)
[2024-08-28T01:14:26.297+0000][info][gc,task        ] GC(1155) Using 24 workers of 68 for evacuation
[2024-08-28T01:14:26.312+0000][info][gc,phases      ] GC(1155)   Pre Evacuate Collection Set: 0.2ms
[2024-08-28T01:14:26.312+0000][info][gc,phases      ] GC(1155)   Merge Heap Roots: 0.8ms
[2024-08-28T01:14:26.312+0000][info][gc,phases      ] GC(1155)   Evacuate Collection Set: 13.5ms
[2024-08-28T01:14:26.312+0000][info][gc,phases      ] GC(1155)   Post Evacuate Collection Set: 0.7ms
[2024-08-28T01:14:26.312+0000][info][gc,phases      ] GC(1155)   Other: 0.3ms
[2024-08-28T01:14:26.312+0000][info][gc,heap        ] GC(1155) Eden regions: 44->0(44)
[2024-08-28T01:14:26.312+0000][info][gc,heap        ] GC(1155) Survivor regions: 7->7(7)
[2024-08-28T01:14:26.312+0000][info][gc,heap        ] GC(1155) Old regions: 890->937
[2024-08-28T01:14:26.312+0000][info][gc,heap        ] GC(1155) Archive regions: 2->2
[2024-08-28T01:14:26.312+0000][info][gc,heap        ] GC(1155) Humongous regions: 5->5
[2024-08-28T01:14:26.312+0000][info][gc,metaspace   ] GC(1155) Metaspace: 100K(320K)->100K(320K) NonClass: 96K(192K)->96K(192K) Class: 4K(128K)->4K(128K)
[2024-08-28T01:14:26.312+0000][info][gc             ] GC(1155) Pause Young (Normal) (G1 Evacuation Pause) 938M->940M(1024M) 15.644ms
[2024-08-28T01:14:26.312+0000][info][gc,cpu         ] GC(1155) User=0.35s Sys=0.00s Real=0.02s
[2024-08-28T01:14:26.330+0000][info][gc,start       ] GC(1156) Pause Young (Normal) (G1 Preventive Collection)
[2024-08-28T01:14:26.330+0000][info][gc,task        ] GC(1156) Using 24 workers of 68 for evacuation
[2024-08-28T01:14:26.345+0000][info][gc,phases      ] GC(1156)   Pre Evacuate Collection Set: 0.2ms
[2024-08-28T01:14:26.345+0000][info][gc,phases      ] GC(1156)   Merge Heap Roots: 0.5ms
[2024-08-28T01:14:26.345+0000][info][gc,phases      ] GC(1156)   Evacuate Collection Set: 14.0ms
[2024-08-28T01:14:26.345+0000][info][gc,phases      ] GC(1156)   Post Evacuate Collection Set: 0.8ms
[2024-08-28T01:14:26.345+0000][info][gc,phases      ] GC(1156)   Other: 0.4ms
[2024-08-28T01:14:26.345+0000][info][gc,heap        ] GC(1156) Eden regions: 31->0(44)
[2024-08-28T01:14:26.345+0000][info][gc,heap        ] GC(1156) Survivor regions: 7->7(7)
[2024-08-28T01:14:26.345+0000][info][gc,heap        ] GC(1156) Old regions: 937->971
[2024-08-28T01:14:26.346+0000][info][gc,heap        ] GC(1156) Archive regions: 2->2
[2024-08-28T01:14:26.346+0000][info][gc,heap        ] GC(1156) Humongous regions: 5->5
[2024-08-28T01:14:26.346+0000][info][gc,metaspace   ] GC(1156) Metaspace: 100K(320K)->100K(320K) NonClass: 96K(192K)->96K(192K) Class: 4K(128K)->4K(128K)
[2024-08-28T01:14:26.346+0000][info][gc             ] GC(1156) Pause Young (Normal) (G1 Preventive Collection) 971M->974M(1024M) 16.010ms
[2024-08-28T01:14:26.346+0000][info][gc,cpu         ] GC(1156) User=0.35s Sys=0.00s Real=0.01s
[2024-08-28T01:14:26.352+0000][info][gc,marking     ] GC(1153) Concurrent Rebuild Remembered Sets 90.976ms
[2024-08-28T01:14:26.352+0000][info][gc,start       ] GC(1153) Pause Cleanup
[2024-08-28T01:14:26.356+0000][info][gc             ] GC(1153) Pause Cleanup 986M->986M(1024M) 3.408ms
[2024-08-28T01:14:26.356+0000][info][gc,cpu         ] GC(1153) User=0.01s Sys=0.00s Real=0.00s
[2024-08-28T01:14:26.356+0000][info][gc,marking     ] GC(1153) Concurrent Cleanup for Next Mark
[2024-08-28T01:14:26.357+0000][info][gc,marking     ] GC(1153) Concurrent Cleanup for Next Mark 0.744ms
[2024-08-28T01:14:26.357+0000][info][gc             ] GC(1153) Concurrent Mark Cycle 123.810ms
[2024-08-28T01:14:26.358+0000][info][gc,start       ] GC(1157) Pause Young (Prepare Mixed) (G1 Preventive Collection)
[2024-08-28T01:14:26.358+0000][info][gc,task        ] GC(1157) Using 24 workers of 68 for evacuation
[2024-08-28T01:14:26.372+0000][info][gc,phases      ] GC(1157)   Pre Evacuate Collection Set: 0.1ms
[2024-08-28T01:14:26.372+0000][info][gc,phases      ] GC(1157)   Merge Heap Roots: 1.0ms
[2024-08-28T01:14:26.372+0000][info][gc,phases      ] GC(1157)   Evacuate Collection Set: 11.7ms
[2024-08-28T01:14:26.372+0000][info][gc,phases      ] GC(1157)   Post Evacuate Collection Set: 0.3ms
[2024-08-28T01:14:26.372+0000][info][gc,phases      ] GC(1157)   Other: 0.2ms
[2024-08-28T01:14:26.372+0000][info][gc,heap        ] GC(1157) Eden regions: 15->0(44)
[2024-08-28T01:14:26.372+0000][info][gc,heap        ] GC(1157) Survivor regions: 7->7(7)
[2024-08-28T01:14:26.372+0000][info][gc,heap        ] GC(1157) Old regions: 971->988
[2024-08-28T01:14:26.372+0000][info][gc,heap        ] GC(1157) Archive regions: 2->2
[2024-08-28T01:14:26.372+0000][info][gc,heap        ] GC(1157) Humongous regions: 5->5
[2024-08-28T01:14:26.372+0000][info][gc,metaspace   ] GC(1157) Metaspace: 100K(320K)->100K(320K) NonClass: 96K(192K)->96K(192K) Class: 4K(128K)->4K(128K)
[2024-08-28T01:14:26.372+0000][info][gc             ] GC(1157) Pause Young (Prepare Mixed) (G1 Preventive Collection) 989M->992M(1024M) 13.538ms
[2024-08-28T01:14:26.372+0000][info][gc,cpu         ] GC(1157) User=0.30s Sys=0.00s Real=0.01s
[2024-08-28T01:14:26.375+0000][info][gc,start       ] GC(1158) Pause Young (Mixed) (G1 Preventive Collection)
[2024-08-28T01:14:26.375+0000][info][gc,task        ] GC(1158) Using 24 workers of 68 for evacuation
[2024-08-28T01:14:26.380+0000][info][gc,phases      ] GC(1158)   Pre Evacuate Collection Set: 0.2ms
[2024-08-28T01:14:26.380+0000][info][gc,phases      ] GC(1158)   Merge Heap Roots: 0.5ms
[2024-08-28T01:14:26.380+0000][info][gc,phases      ] GC(1158)   Evacuate Collection Set: 3.8ms
[2024-08-28T01:14:26.380+0000][info][gc,phases      ] GC(1158)   Post Evacuate Collection Set: 0.4ms
[2024-08-28T01:14:26.380+0000][info][gc,phases      ] GC(1158)   Other: 0.2ms
[2024-08-28T01:14:26.380+0000][info][gc,heap        ] GC(1158) Eden regions: 6->0(44)
[2024-08-28T01:14:26.380+0000][info][gc,heap        ] GC(1158) Survivor regions: 7->7(7)
[2024-08-28T01:14:26.380+0000][info][gc,heap        ] GC(1158) Old regions: 988->935
[2024-08-28T01:14:26.380+0000][info][gc,heap        ] GC(1158) Archive regions: 2->2
[2024-08-28T01:14:26.380+0000][info][gc,heap        ] GC(1158) Humongous regions: 5->5
[2024-08-28T01:14:26.381+0000][info][gc,metaspace   ] GC(1158) Metaspace: 100K(320K)->100K(320K) NonClass: 96K(192K)->96K(192K) Class: 4K(128K)->4K(128K)
[2024-08-28T01:14:26.381+0000][info][gc             ] GC(1158) Pause Young (Mixed) (G1 Preventive Collection) 998M->942M(1024M) 5.180ms
[2024-08-28T01:14:26.381+0000][info][gc,cpu         ] GC(1158) User=0.10s Sys=0.00s Real=0.01s
[2024-08-28T01:14:26.398+0000][info][gc,start       ] GC(1159) Pause Young (Mixed) (G1 Preventive Collection)
[2024-08-28T01:14:26.398+0000][info][gc,task        ] GC(1159) Using 24 workers of 68 for evacuation
[2024-08-28T01:14:26.407+0000][info][gc,phases      ] GC(1159)   Pre Evacuate Collection Set: 0.2ms
[2024-08-28T01:14:26.407+0000][info][gc,phases      ] GC(1159)   Merge Heap Roots: 0.6ms
[2024-08-28T01:14:26.407+0000][info][gc,phases      ] GC(1159)   Evacuate Collection Set: 7.8ms
[2024-08-28T01:14:26.407+0000][info][gc,phases      ] GC(1159)   Post Evacuate Collection Set: 0.4ms
[2024-08-28T01:14:26.407+0000][info][gc,phases      ] GC(1159)   Other: 0.3ms
[2024-08-28T01:14:26.407+0000][info][gc,heap        ] GC(1159) Eden regions: 32->0(44)
[2024-08-28T01:14:26.407+0000][info][gc,heap        ] GC(1159) Survivor regions: 7->7(7)
[2024-08-28T01:14:26.407+0000][info][gc,heap        ] GC(1159) Old regions: 935->904
[2024-08-28T01:14:26.407+0000][info][gc,heap        ] GC(1159) Archive regions: 2->2
[2024-08-28T01:14:26.407+0000][info][gc,heap        ] GC(1159) Humongous regions: 5->5
[2024-08-28T01:14:26.407+0000][info][gc,metaspace   ] GC(1159) Metaspace: 100K(320K)->100K(320K) NonClass: 96K(192K)->96K(192K) Class: 4K(128K)->4K(128K)
[2024-08-28T01:14:26.407+0000][info][gc             ] GC(1159) Pause Young (Mixed) (G1 Preventive Collection) 974M->915M(1024M) 9.455ms
[2024-08-28T01:14:26.407+0000][info][gc,cpu         ] GC(1159) User=0.20s Sys=0.00s Real=0.00s
[2024-08-28T01:14:26.429+0000][info][gc,start       ] GC(1160) Pause Young (Mixed) (G1 Evacuation Pause)
[2024-08-28T01:14:26.429+0000][info][gc,task        ] GC(1160) Using 24 workers of 68 for evacuation
[2024-08-28T01:14:26.440+0000][info][gc,phases      ] GC(1160)   Pre Evacuate Collection Set: 0.2ms
[2024-08-28T01:14:26.440+0000][info][gc,phases      ] GC(1160)   Merge Heap Roots: 0.7ms
[2024-08-28T01:14:26.440+0000][info][gc,phases      ] GC(1160)   Evacuate Collection Set: 9.9ms
[2024-08-28T01:14:26.440+0000][info][gc,phases      ] GC(1160)   Post Evacuate Collection Set: 0.4ms
[2024-08-28T01:14:26.440+0000][info][gc,phases      ] GC(1160)   Other: 0.3ms
[2024-08-28T01:14:26.440+0000][info][gc,heap        ] GC(1160) Eden regions: 44->0(44)
[2024-08-28T01:14:26.440+0000][info][gc,heap        ] GC(1160) Survivor regions: 7->7(7)
[2024-08-28T01:14:26.440+0000][info][gc,heap        ] GC(1160) Old regions: 904->888
[2024-08-28T01:14:26.440+0000][info][gc,heap        ] GC(1160) Archive regions: 2->2
[2024-08-28T01:14:26.440+0000][info][gc,heap        ] GC(1160) Humongous regions: 5->5
[2024-08-28T01:14:26.440+0000][info][gc,metaspace   ] GC(1160) Metaspace: 100K(320K)->100K(320K) NonClass: 96K(192K)->96K(192K) Class: 4K(128K)->4K(128K)
[2024-08-28T01:14:26.440+0000][info][gc             ] GC(1160) Pause Young (Mixed) (G1 Evacuation Pause) 959M->898M(1024M) 11.752ms
[2024-08-28T01:14:26.441+0000][info][gc,cpu         ] GC(1160) User=0.25s Sys=0.00s Real=0.02s
[2024-08-28T01:14:26.461+0000][info][gc,start       ] GC(1161) Pause Young (Mixed) (G1 Evacuation Pause)
[2024-08-28T01:14:26.461+0000][info][gc,task        ] GC(1161) Using 24 workers of 68 for evacuation
[2024-08-28T01:14:26.473+0000][info][gc,phases      ] GC(1161)   Pre Evacuate Collection Set: 0.3ms
[2024-08-28T01:14:26.473+0000][info][gc,phases      ] GC(1161)   Merge Heap Roots: 0.6ms
[2024-08-28T01:14:26.473+0000][info][gc,phases      ] GC(1161)   Evacuate Collection Set: 10.4ms
[2024-08-28T01:14:26.473+0000][info][gc,phases      ] GC(1161)   Post Evacuate Collection Set: 0.4ms
[2024-08-28T01:14:26.473+0000][info][gc,phases      ] GC(1161)   Other: 0.4ms
[2024-08-28T01:14:26.473+0000][info][gc,heap        ] GC(1161) Eden regions: 44->0(44)
[2024-08-28T01:14:26.473+0000][info][gc,heap        ] GC(1161) Survivor regions: 7->7(7)
[2024-08-28T01:14:26.473+0000][info][gc,heap        ] GC(1161) Old regions: 888->872
[2024-08-28T01:14:26.473+0000][info][gc,heap        ] GC(1161) Archive regions: 2->2
[2024-08-28T01:14:26.473+0000][info][gc,heap        ] GC(1161) Humongous regions: 5->5
[2024-08-28T01:14:26.473+0000][info][gc,metaspace   ] GC(1161) Metaspace: 100K(320K)->100K(320K) NonClass: 96K(192K)->96K(192K) Class: 4K(128K)->4K(128K)
[2024-08-28T01:14:26.473+0000][info][gc             ] GC(1161) Pause Young (Mixed) (G1 Evacuation Pause) 942M->884M(1024M) 12.194ms
[2024-08-28T01:14:26.474+0000][info][gc,cpu         ] GC(1161) User=0.26s Sys=0.00s Real=0.01s
[2024-08-28T01:14:26.495+0000][info][gc,start       ] GC(1162) Pause Young (Mixed) (G1 Evacuation Pause)
[2024-08-28T01:14:26.495+0000][info][gc,task        ] GC(1162) Using 24 workers of 68 for evacuation
[2024-08-28T01:14:26.508+0000][info][gc,phases      ] GC(1162)   Pre Evacuate Collection Set: 0.2ms
[2024-08-28T01:14:26.508+0000][info][gc,phases      ] GC(1162)   Merge Heap Roots: 0.7ms
[2024-08-28T01:14:26.508+0000][info][gc,phases      ] GC(1162)   Evacuate Collection Set: 11.3ms
[2024-08-28T01:14:26.508+0000][info][gc,phases      ] GC(1162)   Post Evacuate Collection Set: 0.5ms
[2024-08-28T01:14:26.508+0000][info][gc,phases      ] GC(1162)   Other: 0.4ms
[2024-08-28T01:14:26.508+0000][info][gc,heap        ] GC(1162) Eden regions: 44->0(44)
[2024-08-28T01:14:26.508+0000][info][gc,heap        ] GC(1162) Survivor regions: 7->7(7)
[2024-08-28T01:14:26.508+0000][info][gc,heap        ] GC(1162) Old regions: 872->863
[2024-08-28T01:14:26.508+0000][info][gc,heap        ] GC(1162) Archive regions: 2->2
[2024-08-28T01:14:26.508+0000][info][gc,heap        ] GC(1162) Humongous regions: 5->5
[2024-08-28T01:14:26.508+0000][info][gc,metaspace   ] GC(1162) Metaspace: 100K(320K)->100K(320K) NonClass: 96K(192K)->96K(192K) Class: 4K(128K)->4K(128K)
[2024-08-28T01:14:26.508+0000][info][gc             ] GC(1162) Pause Young (Mixed) (G1 Evacuation Pause) 928M->875M(1024M) 13.205ms
[2024-08-28T01:14:26.508+0000][info][gc,cpu         ] GC(1162) User=0.29s Sys=0.00s Real=0.01s
[2024-08-28T01:14:26.529+0000][info][gc,start       ] GC(1163) Pause Young (Mixed) (G1 Evacuation Pause)
[2024-08-28T01:14:26.529+0000][info][gc,task        ] GC(1163) Using 24 workers of 68 for evacuation
[2024-08-28T01:14:26.542+0000][info][gc,phases      ] GC(1163)   Pre Evacuate Collection Set: 0.2ms
[2024-08-28T01:14:26.543+0000][info][gc,phases      ] GC(1163)   Merge Heap Roots: 0.6ms
[2024-08-28T01:14:26.543+0000][info][gc,phases      ] GC(1163)   Evacuate Collection Set: 11.6ms
[2024-08-28T01:14:26.543+0000][info][gc,phases      ] GC(1163)   Post Evacuate Collection Set: 0.4ms
[2024-08-28T01:14:26.543+0000][info][gc,phases      ] GC(1163)   Other: 0.4ms
[2024-08-28T01:14:26.543+0000][info][gc,heap        ] GC(1163) Eden regions: 44->0(44)
[2024-08-28T01:14:26.543+0000][info][gc,heap        ] GC(1163) Survivor regions: 7->7(7)
[2024-08-28T01:14:26.543+0000][info][gc,heap        ] GC(1163) Old regions: 863->858
[2024-08-28T01:14:26.543+0000][info][gc,heap        ] GC(1163) Archive regions: 2->2
[2024-08-28T01:14:26.543+0000][info][gc,heap        ] GC(1163) Humongous regions: 5->5
[2024-08-28T01:14:26.543+0000][info][gc,metaspace   ] GC(1163) Metaspace: 100K(320K)->100K(320K) NonClass: 96K(192K)->96K(192K) Class: 4K(128K)->4K(128K)
[2024-08-28T01:14:26.543+0000][info][gc             ] GC(1163) Pause Young (Mixed) (G1 Evacuation Pause) 919M->870M(1024M) 13.485ms
[2024-08-28T01:14:26.543+0000][info][gc,cpu         ] GC(1163) User=0.29s Sys=0.00s Real=0.02s
[2024-08-28T01:14:26.565+0000][info][gc,start       ] GC(1164) Pause Young (Concurrent Start) (G1 Evacuation Pause)
[2024-08-28T01:14:26.565+0000][info][gc,task        ] GC(1164) Using 24 workers of 68 for evacuation
[2024-08-28T01:14:26.578+0000][info][gc,phases      ] GC(1164)   Pre Evacuate Collection Set: 0.2ms
[2024-08-28T01:14:26.578+0000][info][gc,phases      ] GC(1164)   Merge Heap Roots: 0.7ms
[2024-08-28T01:14:26.578+0000][info][gc,phases      ] GC(1164)   Evacuate Collection Set: 10.4ms
[2024-08-28T01:14:26.578+0000][info][gc,phases      ] GC(1164)   Post Evacuate Collection Set: 0.4ms
[2024-08-28T01:14:26.578+0000][info][gc,phases      ] GC(1164)   Other: 1.1ms
[2024-08-28T01:14:26.578+0000][info][gc,heap        ] GC(1164) Eden regions: 44->0(44)
[2024-08-28T01:14:26.578+0000][info][gc,heap        ] GC(1164) Survivor regions: 7->7(7)
[2024-08-28T01:14:26.578+0000][info][gc,heap        ] GC(1164) Old regions: 858->905
[2024-08-28T01:14:26.578+0000][info][gc,heap        ] GC(1164) Archive regions: 2->2
[2024-08-28T01:14:26.578+0000][info][gc,heap        ] GC(1164) Humongous regions: 5->5
[2024-08-28T01:14:26.578+0000][info][gc,metaspace   ] GC(1164) Metaspace: 100K(320K)->100K(320K) NonClass: 96K(192K)->96K(192K) Class: 4K(128K)->4K(128K)
[2024-08-28T01:14:26.578+0000][info][gc             ] GC(1164) Pause Young (Concurrent Start) (G1 Evacuation Pause) 914M->917M(1024M) 12.891ms
[2024-08-28T01:14:26.578+0000][info][gc,cpu         ] GC(1164) User=0.26s Sys=0.00s Real=0.02s
[2024-08-28T01:14:26.578+0000][info][gc             ] GC(1165) Concurrent Mark Cycle
[2024-08-28T01:14:26.578+0000][info][gc,marking     ] GC(1165) Concurrent Clear Claimed Marks
[2024-08-28T01:14:26.578+0000][info][gc,marking     ] GC(1165) Concurrent Clear Claimed Marks 0.011ms
[2024-08-28T01:14:26.578+0000][info][gc,marking     ] GC(1165) Concurrent Scan Root Regions
[2024-08-28T01:14:26.579+0000][info][gc,marking     ] GC(1165) Concurrent Scan Root Regions 1.515ms
[2024-08-28T01:14:26.579+0000][info][gc,marking     ] GC(1165) Concurrent Mark
[2024-08-28T01:14:26.579+0000][info][gc,marking     ] GC(1165) Concurrent Mark From Roots
[2024-08-28T01:14:26.579+0000][info][gc,task        ] GC(1165) Using 17 workers of 17 for marking
[2024-08-28T01:14:26.605+0000][info][gc,marking     ] GC(1165) Concurrent Mark From Roots 25.059ms
[2024-08-28T01:14:26.605+0000][info][gc,marking     ] GC(1165) Concurrent Preclean
[2024-08-28T01:14:26.606+0000][info][gc,marking     ] GC(1165) Concurrent Preclean 1.076ms
[2024-08-28T01:14:26.606+0000][info][gc,start       ] GC(1165) Pause Remark
[2024-08-28T01:14:26.607+0000][info][gc             ] GC(1165) Pause Remark 957M->957M(1024M) 1.217ms
[2024-08-28T01:14:26.607+0000][info][gc,cpu         ] GC(1165) User=0.01s Sys=0.00s Real=0.00s
[2024-08-28T01:14:26.607+0000][info][gc,marking     ] GC(1165) Concurrent Mark 27.835ms
[2024-08-28T01:14:26.607+0000][info][gc,marking     ] GC(1165) Concurrent Rebuild Remembered Sets
[2024-08-28T01:14:26.609+0000][info][gc,start       ] GC(1166) Pause Young (Normal) (G1 Evacuation Pause)
[2024-08-28T01:14:26.609+0000][info][gc,task        ] GC(1166) Using 24 workers of 68 for evacuation
[2024-08-28T01:14:26.620+0000][info][gc,phases      ] GC(1166)   Pre Evacuate Collection Set: 0.2ms
[2024-08-28T01:14:26.621+0000][info][gc,phases      ] GC(1166)   Merge Heap Roots: 0.3ms
[2024-08-28T01:14:26.621+0000][info][gc,phases      ] GC(1166)   Evacuate Collection Set: 10.0ms
[2024-08-28T01:14:26.621+0000][info][gc,phases      ] GC(1166)   Post Evacuate Collection Set: 0.5ms
[2024-08-28T01:14:26.621+0000][info][gc,phases      ] GC(1166)   Other: 0.3ms
[2024-08-28T01:14:26.621+0000][info][gc,heap        ] GC(1166) Eden regions: 44->0(44)
[2024-08-28T01:14:26.621+0000][info][gc,heap        ] GC(1166) Survivor regions: 7->7(7)
[2024-08-28T01:14:26.621+0000][info][gc,heap        ] GC(1166) Old regions: 905->951
[2024-08-28T01:14:26.621+0000][info][gc,heap        ] GC(1166) Archive regions: 2->2
[2024-08-28T01:14:26.621+0000][info][gc,heap        ] GC(1166) Humongous regions: 5->5
[2024-08-28T01:14:26.621+0000][info][gc,metaspace   ] GC(1166) Metaspace: 100K(320K)->100K(320K) NonClass: 96K(192K)->96K(192K) Class: 4K(128K)->4K(128K)
[2024-08-28T01:14:26.621+0000][info][gc             ] GC(1166) Pause Young (Normal) (G1 Evacuation Pause) 961M->963M(1024M) 11.339ms
[2024-08-28T01:14:26.621+0000][info][gc,cpu         ] GC(1166) User=0.25s Sys=0.01s Real=0.02s
[2024-08-28T01:14:26.638+0000][info][gc,start       ] GC(1167) Pause Young (Normal) (G1 Preventive Collection)
[2024-08-28T01:14:26.638+0000][info][gc,task        ] GC(1167) Using 24 workers of 68 for evacuation
[2024-08-28T01:14:26.651+0000][info][gc,phases      ] GC(1167)   Pre Evacuate Collection Set: 0.1ms
[2024-08-28T01:14:26.651+0000][info][gc,phases      ] GC(1167)   Merge Heap Roots: 0.8ms
[2024-08-28T01:14:26.651+0000][info][gc,phases      ] GC(1167)   Evacuate Collection Set: 10.7ms
[2024-08-28T01:14:26.651+0000][info][gc,phases      ] GC(1167)   Post Evacuate Collection Set: 0.5ms
[2024-08-28T01:14:26.651+0000][info][gc,phases      ] GC(1167)   Other: 0.3ms
[2024-08-28T01:14:26.651+0000][info][gc,heap        ] GC(1167) Eden regions: 24->0(44)
[2024-08-28T01:14:26.651+0000][info][gc,heap        ] GC(1167) Survivor regions: 7->7(7)
[2024-08-28T01:14:26.651+0000][info][gc,heap        ] GC(1167) Old regions: 951->978
[2024-08-28T01:14:26.651+0000][info][gc,heap        ] GC(1167) Archive regions: 2->2
[2024-08-28T01:14:26.651+0000][info][gc,heap        ] GC(1167) Humongous regions: 5->5
[2024-08-28T01:14:26.651+0000][info][gc,metaspace   ] GC(1167) Metaspace: 100K(320K)->100K(320K) NonClass: 96K(192K)->96K(192K) Class: 4K(128K)->4K(128K)
[2024-08-28T01:14:26.651+0000][info][gc             ] GC(1167) Pause Young (Normal) (G1 Preventive Collection) 987M->990M(1024M) 12.539ms
[2024-08-28T01:14:26.651+0000][info][gc,cpu         ] GC(1167) User=0.28s Sys=0.00s Real=0.01s
[2024-08-28T01:14:26.658+0000][info][gc,start       ] GC(1168) Pause Young (Normal) (G1 Preventive Collection)
[2024-08-28T01:14:26.658+0000][info][gc,task        ] GC(1168) Using 24 workers of 68 for evacuation
[2024-08-28T01:14:26.667+0000][info][gc,phases      ] GC(1168)   Pre Evacuate Collection Set: 0.2ms
[2024-08-28T01:14:26.667+0000][info][gc,phases      ] GC(1168)   Merge Heap Roots: 0.3ms
[2024-08-28T01:14:26.667+0000][info][gc,phases      ] GC(1168)   Evacuate Collection Set: 7.9ms
[2024-08-28T01:14:26.667+0000][info][gc,phases      ] GC(1168)   Post Evacuate Collection Set: 0.6ms
[2024-08-28T01:14:26.667+0000][info][gc,phases      ] GC(1168)   Other: 0.3ms
[2024-08-28T01:14:26.667+0000][info][gc,heap        ] GC(1168) Eden regions: 11->0(44)
[2024-08-28T01:14:26.667+0000][info][gc,heap        ] GC(1168) Survivor regions: 7->7(7)
[2024-08-28T01:14:26.667+0000][info][gc,heap        ] GC(1168) Old regions: 978->992
[2024-08-28T01:14:26.667+0000][info][gc,heap        ] GC(1168) Archive regions: 2->2
[2024-08-28T01:14:26.667+0000][info][gc,heap        ] GC(1168) Humongous regions: 5->5
[2024-08-28T01:14:26.667+0000][info][gc,metaspace   ] GC(1168) Metaspace: 100K(320K)->100K(320K) NonClass: 96K(192K)->96K(192K) Class: 4K(128K)->4K(128K)
[2024-08-28T01:14:26.667+0000][info][gc             ] GC(1168) Pause Young (Normal) (G1 Preventive Collection) 1001M->1004M(1024M) 9.413ms
[2024-08-28T01:14:26.667+0000][info][gc,cpu         ] GC(1168) User=0.20s Sys=0.00s Real=0.00s
[2024-08-28T01:14:26.671+0000][info][gc,start       ] GC(1169) Pause Young (Normal) (G1 Preventive Collection)
[2024-08-28T01:14:26.671+0000][info][gc,task        ] GC(1169) Using 24 workers of 68 for evacuation
[2024-08-28T01:14:26.679+0000][info][gc             ] GC(1169) To-space exhausted
[2024-08-28T01:14:26.679+0000][info][gc,phases      ] GC(1169)   Pre Evacuate Collection Set: 0.1ms
[2024-08-28T01:14:26.679+0000][info][gc,phases      ] GC(1169)   Merge Heap Roots: 0.9ms
[2024-08-28T01:14:26.679+0000][info][gc,phases      ] GC(1169)   Evacuate Collection Set: 6.0ms
[2024-08-28T01:14:26.679+0000][info][gc,phases      ] GC(1169)   Post Evacuate Collection Set: 0.8ms
[2024-08-28T01:14:26.679+0000][info][gc,phases      ] GC(1169)   Other: 0.3ms
[2024-08-28T01:14:26.679+0000][info][gc,heap        ] GC(1169) Eden regions: 5->0(46)
[2024-08-28T01:14:26.679+0000][info][gc,heap        ] GC(1169) Survivor regions: 7->5(7)
[2024-08-28T01:14:26.679+0000][info][gc,heap        ] GC(1169) Old regions: 992->1012
[2024-08-28T01:14:26.679+0000][info][gc,heap        ] GC(1169) Archive regions: 2->2
[2024-08-28T01:14:26.679+0000][info][gc,heap        ] GC(1169) Humongous regions: 5->5
[2024-08-28T01:14:26.679+0000][info][gc,metaspace   ] GC(1169) Metaspace: 100K(320K)->100K(320K) NonClass: 96K(192K)->96K(192K) Class: 4K(128K)->4K(128K)
[2024-08-28T01:14:26.679+0000][info][gc             ] GC(1169) Pause Young (Normal) (G1 Preventive Collection) 1009M->1022M(1024M) 8.249ms
[2024-08-28T01:14:26.679+0000][info][gc,cpu         ] GC(1169) User=0.17s Sys=0.00s Real=0.01s
[2024-08-28T01:14:26.679+0000][info][gc,ergo        ] Attempting full compaction
[2024-08-28T01:14:26.679+0000][info][gc,task        ] GC(1170) Using 24 workers of 68 for full compaction
[2024-08-28T01:14:26.679+0000][info][gc,start       ] GC(1170) Pause Full (G1 Compaction Pause)
[2024-08-28T01:14:26.680+0000][info][gc,phases,start] GC(1170) Phase 1: Mark live objects
[2024-08-28T01:14:26.695+0000][info][gc,phases      ] GC(1170) Phase 1: Mark live objects 15.033ms
[2024-08-28T01:14:26.695+0000][info][gc,phases,start] GC(1170) Phase 2: Prepare for compaction
[2024-08-28T01:14:26.705+0000][info][gc,phases      ] GC(1170) Phase 2: Prepare for compaction 9.320ms
[2024-08-28T01:14:26.705+0000][info][gc,phases,start] GC(1170) Phase 3: Adjust pointers
[2024-08-28T01:14:26.721+0000][info][gc,phases      ] GC(1170) Phase 3: Adjust pointers 16.585ms
[2024-08-28T01:14:26.721+0000][info][gc,phases,start] GC(1170) Phase 4: Compact heap
[2024-08-28T01:14:26.753+0000][info][gc,phases      ] GC(1170) Phase 4: Compact heap 31.445ms
[2024-08-28T01:14:26.755+0000][info][gc,heap        ] GC(1170) Eden regions: 0->0(151)
[2024-08-28T01:14:26.755+0000][info][gc,heap        ] GC(1170) Survivor regions: 5->0(7)
[2024-08-28T01:14:26.755+0000][info][gc,heap        ] GC(1170) Old regions: 1012->440
[2024-08-28T01:14:26.755+0000][info][gc,heap        ] GC(1170) Archive regions: 2->2
[2024-08-28T01:14:26.755+0000][info][gc,heap        ] GC(1170) Humongous regions: 5->5
[2024-08-28T01:14:26.755+0000][info][gc,metaspace   ] GC(1170) Metaspace: 100K(320K)->100K(320K) NonClass: 96K(192K)->96K(192K) Class: 4K(128K)->4K(128K)
[2024-08-28T01:14:26.755+0000][info][gc             ] GC(1170) Pause Full (G1 Compaction Pause) 1022M->436M(1024M) 75.304ms
[2024-08-28T01:14:26.755+0000][info][gc,cpu         ] GC(1170) User=1.57s Sys=0.01s Real=0.07s
[2024-08-28T01:14:26.755+0000][info][gc,marking     ] GC(1165) Concurrent Rebuild Remembered Sets 147.840ms
[2024-08-28T01:14:26.755+0000][info][gc,marking     ] GC(1165) Concurrent Mark Abort
[2024-08-28T01:14:26.755+0000][info][gc             ] GC(1165) Concurrent Mark Cycle 177.417ms
[2024-08-28T01:14:26.829+0000][info][gc,start       ] GC(1171) Pause Young (Normal) (G1 Evacuation Pause)
[2024-08-28T01:14:26.829+0000][info][gc,task        ] GC(1171) Using 24 workers of 68 for evacuation
[2024-08-28T01:14:26.851+0000][info][gc,phases      ] GC(1171)   Pre Evacuate Collection Set: 0.2ms
[2024-08-28T01:14:26.851+0000][info][gc,phases      ] GC(1171)   Merge Heap Roots: 0.6ms
[2024-08-28T01:14:26.852+0000][info][gc,phases      ] GC(1171)   Evacuate Collection Set: 21.4ms
[2024-08-28T01:14:26.852+0000][info][gc,phases      ] GC(1171)   Post Evacuate Collection Set: 0.5ms
[2024-08-28T01:14:26.852+0000][info][gc,phases      ] GC(1171)   Other: 0.4ms
[2024-08-28T01:14:26.852+0000][info][gc,heap        ] GC(1171) Eden regions: 151->0(104)
[2024-08-28T01:14:26.852+0000][info][gc,heap        ] GC(1171) Survivor regions: 0->19(19)
[2024-08-28T01:14:26.852+0000][info][gc,heap        ] GC(1171) Old regions: 440->567
[2024-08-28T01:14:26.852+0000][info][gc,heap        ] GC(1171) Archive regions: 2->2
[2024-08-28T01:14:26.852+0000][info][gc,heap        ] GC(1171) Humongous regions: 5->5
[2024-08-28T01:14:26.852+0000][info][gc,metaspace   ] GC(1171) Metaspace: 100K(320K)->100K(320K) NonClass: 96K(192K)->96K(192K) Class: 4K(128K)->4K(128K)
[2024-08-28T01:14:26.852+0000][info][gc             ] GC(1171) Pause Young (Normal) (G1 Evacuation Pause) 587M->582M(1024M) 23.138ms
[2024-08-28T01:14:26.852+0000][info][gc,cpu         ] GC(1171) User=0.52s Sys=0.01s Real=0.03s
[2024-08-28T01:14:26.900+0000][info][gc,start       ] GC(1172) Pause Young (Concurrent Start) (G1 Evacuation Pause)
[2024-08-28T01:14:26.900+0000][info][gc,task        ] GC(1172) Using 24 workers of 68 for evacuation
[2024-08-28T01:14:26.922+0000][info][gc,phases      ] GC(1172)   Pre Evacuate Collection Set: 0.2ms
[2024-08-28T01:14:26.922+0000][info][gc,phases      ] GC(1172)   Merge Heap Roots: 0.6ms
[2024-08-28T01:14:26.922+0000][info][gc,phases      ] GC(1172)   Evacuate Collection Set: 19.5ms
[2024-08-28T01:14:26.922+0000][info][gc,phases      ] GC(1172)   Post Evacuate Collection Set: 0.5ms
[2024-08-28T01:14:26.922+0000][info][gc,phases      ] GC(1172)   Other: 1.1ms
[2024-08-28T01:14:26.922+0000][info][gc,heap        ] GC(1172) Eden regions: 104->0(70)
[2024-08-28T01:14:26.922+0000][info][gc,heap        ] GC(1172) Survivor regions: 19->16(16)
[2024-08-28T01:14:26.922+0000][info][gc,heap        ] GC(1172) Old regions: 567->676
[2024-08-28T01:14:26.922+0000][info][gc,heap        ] GC(1172) Archive regions: 2->2
[2024-08-28T01:14:26.922+0000][info][gc,heap        ] GC(1172) Humongous regions: 5->5
[2024-08-28T01:14:26.922+0000][info][gc,metaspace   ] GC(1172) Metaspace: 100K(320K)->100K(320K) NonClass: 96K(192K)->96K(192K) Class: 4K(128K)->4K(128K)
[2024-08-28T01:14:26.922+0000][info][gc             ] GC(1172) Pause Young (Concurrent Start) (G1 Evacuation Pause) 686M->687M(1024M) 21.972ms
[2024-08-28T01:14:26.922+0000][info][gc,cpu         ] GC(1172) User=0.43s Sys=0.04s Real=0.02s
[2024-08-28T01:14:26.922+0000][info][gc             ] GC(1173) Concurrent Mark Cycle
[2024-08-28T01:14:26.922+0000][info][gc,marking     ] GC(1173) Concurrent Clear Claimed Marks
[2024-08-28T01:14:26.922+0000][info][gc,marking     ] GC(1173) Concurrent Clear Claimed Marks 0.011ms
[2024-08-28T01:14:26.922+0000][info][gc,marking     ] GC(1173) Concurrent Scan Root Regions
[2024-08-28T01:14:26.926+0000][info][gc,marking     ] GC(1173) Concurrent Scan Root Regions 3.373ms
[2024-08-28T01:14:26.926+0000][info][gc,marking     ] GC(1173) Concurrent Mark
[2024-08-28T01:14:26.926+0000][info][gc,marking     ] GC(1173) Concurrent Mark From Roots
[2024-08-28T01:14:26.926+0000][info][gc,task        ] GC(1173) Using 17 workers of 17 for marking
[2024-08-28T01:14:26.947+0000][info][gc,marking     ] GC(1173) Concurrent Mark From Roots 21.105ms
[2024-08-28T01:14:26.947+0000][info][gc,marking     ] GC(1173) Concurrent Preclean
[2024-08-28T01:14:26.948+0000][info][gc,marking     ] GC(1173) Concurrent Preclean 0.880ms
[2024-08-28T01:14:26.948+0000][info][gc,start       ] GC(1173) Pause Remark
[2024-08-28T01:14:26.950+0000][info][gc             ] GC(1173) Pause Remark 726M->726M(1024M) 1.932ms
[2024-08-28T01:14:26.950+0000][info][gc,cpu         ] GC(1173) User=0.01s Sys=0.00s Real=0.01s
[2024-08-28T01:14:26.950+0000][info][gc,marking     ] GC(1173) Concurrent Mark 24.485ms
[2024-08-28T01:14:26.950+0000][info][gc,marking     ] GC(1173) Concurrent Rebuild Remembered Sets
[2024-08-28T01:14:26.966+0000][info][gc,start       ] GC(1174) Pause Young (Normal) (G1 Evacuation Pause)
[2024-08-28T01:14:26.966+0000][info][gc,task        ] GC(1174) Using 24 workers of 68 for evacuation
[2024-08-28T01:14:26.983+0000][info][gc,phases      ] GC(1174)   Pre Evacuate Collection Set: 0.2ms
[2024-08-28T01:14:26.983+0000][info][gc,phases      ] GC(1174)   Merge Heap Roots: 0.6ms
[2024-08-28T01:14:26.983+0000][info][gc,phases      ] GC(1174)   Evacuate Collection Set: 15.3ms
[2024-08-28T01:14:26.983+0000][info][gc,phases      ] GC(1174)   Post Evacuate Collection Set: 0.6ms
[2024-08-28T01:14:26.983+0000][info][gc,phases      ] GC(1174)   Other: 0.4ms
[2024-08-28T01:14:26.983+0000][info][gc,heap        ] GC(1174) Eden regions: 70->0(46)
[2024-08-28T01:14:26.983+0000][info][gc,heap        ] GC(1174) Survivor regions: 16->11(11)
[2024-08-28T01:14:26.983+0000][info][gc,heap        ] GC(1174) Old regions: 676->754
[2024-08-28T01:14:26.983+0000][info][gc,heap        ] GC(1174) Archive regions: 2->2
[2024-08-28T01:14:26.983+0000][info][gc,heap        ] GC(1174) Humongous regions: 5->5
[2024-08-28T01:14:26.983+0000][info][gc,metaspace   ] GC(1174) Metaspace: 100K(320K)->100K(320K) NonClass: 96K(192K)->96K(192K) Class: 4K(128K)->4K(128K)
[2024-08-28T01:14:26.983+0000][info][gc             ] GC(1174) Pause Young (Normal) (G1 Evacuation Pause) 757M->761M(1024M) 17.227ms
[2024-08-28T01:14:26.983+0000][info][gc,cpu         ] GC(1174) User=0.33s Sys=0.05s Real=0.02s
[2024-08-28T01:14:27.006+0000][info][gc,start       ] GC(1175) Pause Young (Normal) (G1 Evacuation Pause)
[2024-08-28T01:14:27.006+0000][info][gc,task        ] GC(1175) Using 24 workers of 68 for evacuation
[2024-08-28T01:14:27.027+0000][info][gc,phases      ] GC(1175)   Pre Evacuate Collection Set: 0.2ms
[2024-08-28T01:14:27.027+0000][info][gc,phases      ] GC(1175)   Merge Heap Roots: 0.8ms
[2024-08-28T01:14:27.027+0000][info][gc,phases      ] GC(1175)   Evacuate Collection Set: 19.3ms
[2024-08-28T01:14:27.027+0000][info][gc,phases      ] GC(1175)   Post Evacuate Collection Set: 0.8ms
[2024-08-28T01:14:27.028+0000][info][gc,phases      ] GC(1175)   Other: 0.3ms
[2024-08-28T01:14:27.028+0000][info][gc,heap        ] GC(1175) Eden regions: 46->0(43)
[2024-08-28T01:14:27.028+0000][info][gc,heap        ] GC(1175) Survivor regions: 11->8(8)
[2024-08-28T01:14:27.028+0000][info][gc,heap        ] GC(1175) Old regions: 754->809
[2024-08-28T01:14:27.028+0000][info][gc,heap        ] GC(1175) Archive regions: 2->2
[2024-08-28T01:14:27.028+0000][info][gc,heap        ] GC(1175) Humongous regions: 5->5
[2024-08-28T01:14:27.028+0000][info][gc,metaspace   ] GC(1175) Metaspace: 100K(320K)->100K(320K) NonClass: 96K(192K)->96K(192K) Class: 4K(128K)->4K(128K)
[2024-08-28T01:14:27.028+0000][info][gc             ] GC(1175) Pause Young (Normal) (G1 Evacuation Pause) 807M->812M(1024M) 21.544ms
[2024-08-28T01:14:27.028+0000][info][gc,cpu         ] GC(1175) User=0.49s Sys=0.00s Real=0.02s
[2024-08-28T01:14:27.038+0000][info][gc,marking     ] GC(1173) Concurrent Rebuild Remembered Sets 87.749ms
[2024-08-28T01:14:27.038+0000][info][gc,start       ] GC(1173) Pause Cleanup
[2024-08-28T01:14:27.041+0000][info][gc             ] GC(1173) Pause Cleanup 832M->832M(1024M) 2.547ms
[2024-08-28T01:14:27.041+0000][info][gc,cpu         ] GC(1173) User=0.01s Sys=0.00s Real=0.00s
[2024-08-28T01:14:27.041+0000][info][gc,marking     ] GC(1173) Concurrent Cleanup for Next Mark
[2024-08-28T01:14:27.042+0000][info][gc,marking     ] GC(1173) Concurrent Cleanup for Next Mark 0.680ms
[2024-08-28T01:14:27.042+0000][info][gc             ] GC(1173) Concurrent Mark Cycle 119.612ms
[2024-08-28T01:14:27.054+0000][info][gc,start       ] GC(1176) Pause Young (Prepare Mixed) (G1 Evacuation Pause)
[2024-08-28T01:14:27.054+0000][info][gc,task        ] GC(1176) Using 24 workers of 68 for evacuation
[2024-08-28T01:14:27.072+0000][info][gc,phases      ] GC(1176)   Pre Evacuate Collection Set: 0.2ms
[2024-08-28T01:14:27.072+0000][info][gc,phases      ] GC(1176)   Merge Heap Roots: 1.1ms
[2024-08-28T01:14:27.072+0000][info][gc,phases      ] GC(1176)   Evacuate Collection Set: 16.4ms
[2024-08-28T01:14:27.072+0000][info][gc,phases      ] GC(1176)   Post Evacuate Collection Set: 0.4ms
[2024-08-28T01:14:27.072+0000][info][gc,phases      ] GC(1176)   Other: 0.4ms
[2024-08-28T01:14:27.072+0000][info][gc,heap        ] GC(1176) Eden regions: 43->0(44)
[2024-08-28T01:14:27.072+0000][info][gc,heap        ] GC(1176) Survivor regions: 8->7(7)
[2024-08-28T01:14:27.072+0000][info][gc,heap        ] GC(1176) Old regions: 809->857
[2024-08-28T01:14:27.072+0000][info][gc,heap        ] GC(1176) Archive regions: 2->2
[2024-08-28T01:14:27.072+0000][info][gc,heap        ] GC(1176) Humongous regions: 5->5
[2024-08-28T01:14:27.072+0000][info][gc,metaspace   ] GC(1176) Metaspace: 100K(320K)->100K(320K) NonClass: 96K(192K)->96K(192K) Class: 4K(128K)->4K(128K)
[2024-08-28T01:14:27.072+0000][info][gc             ] GC(1176) Pause Young (Prepare Mixed) (G1 Evacuation Pause) 855M->859M(1024M) 18.576ms
[2024-08-28T01:14:27.072+0000][info][gc,cpu         ] GC(1176) User=0.42s Sys=0.00s Real=0.02s
[2024-08-28T01:14:27.093+0000][info][gc,start       ] GC(1177) Pause Young (Mixed) (G1 Evacuation Pause)
[2024-08-28T01:14:27.094+0000][info][gc,task        ] GC(1177) Using 24 workers of 68 for evacuation
[2024-08-28T01:14:27.106+0000][info][gc,phases      ] GC(1177)   Pre Evacuate Collection Set: 0.2ms
[2024-08-28T01:14:27.106+0000][info][gc,phases      ] GC(1177)   Merge Heap Roots: 0.6ms
[2024-08-28T01:14:27.106+0000][info][gc,phases      ] GC(1177)   Evacuate Collection Set: 10.9ms
[2024-08-28T01:14:27.106+0000][info][gc,phases      ] GC(1177)   Post Evacuate Collection Set: 0.4ms
[2024-08-28T01:14:27.106+0000][info][gc,phases      ] GC(1177)   Other: 0.4ms
[2024-08-28T01:14:27.106+0000][info][gc,heap        ] GC(1177) Eden regions: 44->0(44)
[2024-08-28T01:14:27.106+0000][info][gc,heap        ] GC(1177) Survivor regions: 7->7(7)
[2024-08-28T01:14:27.106+0000][info][gc,heap        ] GC(1177) Old regions: 857->841
[2024-08-28T01:14:27.106+0000][info][gc,heap        ] GC(1177) Archive regions: 2->2
[2024-08-28T01:14:27.106+0000][info][gc,heap        ] GC(1177) Humongous regions: 5->5
[2024-08-28T01:14:27.106+0000][info][gc,metaspace   ] GC(1177) Metaspace: 100K(320K)->100K(320K) NonClass: 96K(192K)->96K(192K) Class: 4K(128K)->4K(128K)
[2024-08-28T01:14:27.106+0000][info][gc             ] GC(1177) Pause Young (Mixed) (G1 Evacuation Pause) 903M->848M(1024M) 12.724ms
[2024-08-28T01:14:27.106+0000][info][gc,cpu         ] GC(1177) User=0.27s Sys=0.01s Real=0.01s
[2024-08-28T01:14:27.127+0000][info][gc,start       ] GC(1178) Pause Young (Mixed) (G1 Evacuation Pause)
[2024-08-28T01:14:27.128+0000][info][gc,task        ] GC(1178) Using 24 workers of 68 for evacuation
[2024-08-28T01:14:27.140+0000][info][gc,phases      ] GC(1178)   Pre Evacuate Collection Set: 0.2ms
[2024-08-28T01:14:27.140+0000][info][gc,phases      ] GC(1178)   Merge Heap Roots: 0.7ms
[2024-08-28T01:14:27.140+0000][info][gc,phases      ] GC(1178)   Evacuate Collection Set: 10.5ms
[2024-08-28T01:14:27.140+0000][info][gc,phases      ] GC(1178)   Post Evacuate Collection Set: 0.4ms
[2024-08-28T01:14:27.140+0000][info][gc,phases      ] GC(1178)   Other: 0.4ms
[2024-08-28T01:14:27.140+0000][info][gc,heap        ] GC(1178) Eden regions: 44->0(44)
[2024-08-28T01:14:27.140+0000][info][gc,heap        ] GC(1178) Survivor regions: 7->7(7)
[2024-08-28T01:14:27.140+0000][info][gc,heap        ] GC(1178) Old regions: 841->825
[2024-08-28T01:14:27.140+0000][info][gc,heap        ] GC(1178) Archive regions: 2->2
[2024-08-28T01:14:27.140+0000][info][gc,heap        ] GC(1178) Humongous regions: 5->5
[2024-08-28T01:14:27.140+0000][info][gc,metaspace   ] GC(1178) Metaspace: 100K(320K)->100K(320K) NonClass: 96K(192K)->96K(192K) Class: 4K(128K)->4K(128K)
[2024-08-28T01:14:27.140+0000][info][gc             ] GC(1178) Pause Young (Mixed) (G1 Evacuation Pause) 892M->833M(1024M) 12.372ms
[2024-08-28T01:14:27.140+0000][info][gc,cpu         ] GC(1178) User=0.27s Sys=0.00s Real=0.02s
[2024-08-28T01:14:27.161+0000][info][gc,start       ] GC(1179) Pause Young (Mixed) (G1 Evacuation Pause)
[2024-08-28T01:14:27.161+0000][info][gc,task        ] GC(1179) Using 24 workers of 68 for evacuation
[2024-08-28T01:14:27.174+0000][info][gc,phases      ] GC(1179)   Pre Evacuate Collection Set: 0.3ms
[2024-08-28T01:14:27.174+0000][info][gc,phases      ] GC(1179)   Merge Heap Roots: 0.7ms
[2024-08-28T01:14:27.174+0000][info][gc,phases      ] GC(1179)   Evacuate Collection Set: 11.7ms
[2024-08-28T01:14:27.174+0000][info][gc,phases      ] GC(1179)   Post Evacuate Collection Set: 0.4ms
[2024-08-28T01:14:27.174+0000][info][gc,phases      ] GC(1179)   Other: 0.4ms
[2024-08-28T01:14:27.174+0000][info][gc,heap        ] GC(1179) Eden regions: 44->0(44)
[2024-08-28T01:14:27.174+0000][info][gc,heap        ] GC(1179) Survivor regions: 7->7(7)
[2024-08-28T01:14:27.174+0000][info][gc,heap        ] GC(1179) Old regions: 825->812
[2024-08-28T01:14:27.174+0000][info][gc,heap        ] GC(1179) Archive regions: 2->2
[2024-08-28T01:14:27.174+0000][info][gc,heap        ] GC(1179) Humongous regions: 5->5
[2024-08-28T01:14:27.174+0000][info][gc,metaspace   ] GC(1179) Metaspace: 100K(320K)->100K(320K) NonClass: 96K(192K)->96K(192K) Class: 4K(128K)->4K(128K)
[2024-08-28T01:14:27.174+0000][info][gc             ] GC(1179) Pause Young (Mixed) (G1 Evacuation Pause) 877M->821M(1024M) 13.579ms
[2024-08-28T01:14:27.174+0000][info][gc,cpu         ] GC(1179) User=0.29s Sys=0.00s Real=0.01s
[2024-08-28T01:14:27.196+0000][info][gc,start       ] GC(1180) Pause Young (Mixed) (G1 Evacuation Pause)
[2024-08-28T01:14:27.196+0000][info][gc,task        ] GC(1180) Using 24 workers of 68 for evacuation
[2024-08-28T01:14:27.208+0000][info][gc,phases      ] GC(1180)   Pre Evacuate Collection Set: 0.2ms
[2024-08-28T01:14:27.208+0000][info][gc,phases      ] GC(1180)   Merge Heap Roots: 0.6ms
[2024-08-28T01:14:27.209+0000][info][gc,phases      ] GC(1180)   Evacuate Collection Set: 10.9ms
[2024-08-28T01:14:27.209+0000][info][gc,phases      ] GC(1180)   Post Evacuate Collection Set: 0.4ms
[2024-08-28T01:14:27.209+0000][info][gc,phases      ] GC(1180)   Other: 0.4ms
[2024-08-28T01:14:27.209+0000][info][gc,heap        ] GC(1180) Eden regions: 44->0(44)
[2024-08-28T01:14:27.209+0000][info][gc,heap        ] GC(1180) Survivor regions: 7->7(7)
[2024-08-28T01:14:27.209+0000][info][gc,heap        ] GC(1180) Old regions: 812->846
[2024-08-28T01:14:27.209+0000][info][gc,heap        ] GC(1180) Archive regions: 2->2
[2024-08-28T01:14:27.209+0000][info][gc,heap        ] GC(1180) Humongous regions: 5->5
[2024-08-28T01:14:27.209+0000][info][gc,metaspace   ] GC(1180) Metaspace: 100K(320K)->100K(320K) NonClass: 96K(192K)->96K(192K) Class: 4K(128K)->4K(128K)
[2024-08-28T01:14:27.209+0000][info][gc             ] GC(1180) Pause Young (Mixed) (G1 Evacuation Pause) 865M->856M(1024M) 12.577ms
[2024-08-28T01:14:27.209+0000][info][gc,cpu         ] GC(1180) User=0.27s Sys=0.00s Real=0.01s
[2024-08-28T01:14:27.231+0000][info][gc,start       ] GC(1181) Pause Young (Concurrent Start) (G1 Evacuation Pause)
[2024-08-28T01:14:27.231+0000][info][gc,task        ] GC(1181) Using 24 workers of 68 for evacuation
[2024-08-28T01:14:27.243+0000][info][gc,phases      ] GC(1181)   Pre Evacuate Collection Set: 0.2ms
[2024-08-28T01:14:27.243+0000][info][gc,phases      ] GC(1181)   Merge Heap Roots: 0.7ms
[2024-08-28T01:14:27.243+0000][info][gc,phases      ] GC(1181)   Evacuate Collection Set: 10.0ms
[2024-08-28T01:14:27.243+0000][info][gc,phases      ] GC(1181)   Post Evacuate Collection Set: 0.4ms
[2024-08-28T01:14:27.243+0000][info][gc,phases      ] GC(1181)   Other: 1.1ms
[2024-08-28T01:14:27.243+0000][info][gc,heap        ] GC(1181) Eden regions: 44->0(44)
[2024-08-28T01:14:27.243+0000][info][gc,heap        ] GC(1181) Survivor regions: 7->7(7)
[2024-08-28T01:14:27.243+0000][info][gc,heap        ] GC(1181) Old regions: 846->892
[2024-08-28T01:14:27.243+0000][info][gc,heap        ] GC(1181) Archive regions: 2->2
[2024-08-28T01:14:27.243+0000][info][gc,heap        ] GC(1181) Humongous regions: 5->5
[2024-08-28T01:14:27.243+0000][info][gc,metaspace   ] GC(1181) Metaspace: 100K(320K)->100K(320K) NonClass: 96K(192K)->96K(192K) Class: 4K(128K)->4K(128K)
[2024-08-28T01:14:27.243+0000][info][gc             ] GC(1181) Pause Young (Concurrent Start) (G1 Evacuation Pause) 900M->902M(1024M) 12.429ms
[2024-08-28T01:14:27.243+0000][info][gc,cpu         ] GC(1181) User=0.25s Sys=0.00s Real=0.01s
[2024-08-28T01:14:27.243+0000][info][gc             ] GC(1182) Concurrent Mark Cycle
[2024-08-28T01:14:27.243+0000][info][gc,marking     ] GC(1182) Concurrent Clear Claimed Marks
[2024-08-28T01:14:27.243+0000][info][gc,marking     ] GC(1182) Concurrent Clear Claimed Marks 0.011ms
[2024-08-28T01:14:27.244+0000][info][gc,marking     ] GC(1182) Concurrent Scan Root Regions
[2024-08-28T01:14:27.245+0000][info][gc,marking     ] GC(1182) Concurrent Scan Root Regions 1.662ms
[2024-08-28T01:14:27.245+0000][info][gc,marking     ] GC(1182) Concurrent Mark
[2024-08-28T01:14:27.245+0000][info][gc,marking     ] GC(1182) Concurrent Mark From Roots
[2024-08-28T01:14:27.245+0000][info][gc,task        ] GC(1182) Using 17 workers of 17 for marking
[2024-08-28T01:14:27.270+0000][info][gc,marking     ] GC(1182) Concurrent Mark From Roots 25.213ms
[2024-08-28T01:14:27.271+0000][info][gc,marking     ] GC(1182) Concurrent Preclean
[2024-08-28T01:14:27.271+0000][info][gc,marking     ] GC(1182) Concurrent Preclean 0.609ms
[2024-08-28T01:14:27.271+0000][info][gc,start       ] GC(1182) Pause Remark
[2024-08-28T01:14:27.274+0000][info][gc             ] GC(1182) Pause Remark 943M->943M(1024M) 2.041ms
[2024-08-28T01:14:27.274+0000][info][gc,cpu         ] GC(1182) User=0.00s Sys=0.01s Real=0.00s
[2024-08-28T01:14:27.274+0000][info][gc,marking     ] GC(1182) Concurrent Mark 28.440ms
[2024-08-28T01:14:27.274+0000][info][gc,marking     ] GC(1182) Concurrent Rebuild Remembered Sets
[2024-08-28T01:14:27.276+0000][info][gc,start       ] GC(1183) Pause Young (Normal) (G1 Evacuation Pause)
[2024-08-28T01:14:27.276+0000][info][gc,task        ] GC(1183) Using 24 workers of 68 for evacuation
[2024-08-28T01:14:27.288+0000][info][gc,phases      ] GC(1183)   Pre Evacuate Collection Set: 0.2ms
[2024-08-28T01:14:27.288+0000][info][gc,phases      ] GC(1183)   Merge Heap Roots: 0.6ms
[2024-08-28T01:14:27.288+0000][info][gc,phases      ] GC(1183)   Evacuate Collection Set: 9.9ms
[2024-08-28T01:14:27.288+0000][info][gc,phases      ] GC(1183)   Post Evacuate Collection Set: 0.6ms
[2024-08-28T01:14:27.288+0000][info][gc,phases      ] GC(1183)   Other: 0.3ms
[2024-08-28T01:14:27.288+0000][info][gc,heap        ] GC(1183) Eden regions: 44->0(44)
[2024-08-28T01:14:27.288+0000][info][gc,heap        ] GC(1183) Survivor regions: 7->7(7)
[2024-08-28T01:14:27.288+0000][info][gc,heap        ] GC(1183) Old regions: 892->940
[2024-08-28T01:14:27.288+0000][info][gc,heap        ] GC(1183) Archive regions: 2->2
[2024-08-28T01:14:27.288+0000][info][gc,heap        ] GC(1183) Humongous regions: 5->5
[2024-08-28T01:14:27.288+0000][info][gc,metaspace   ] GC(1183) Metaspace: 100K(320K)->100K(320K) NonClass: 96K(192K)->96K(192K) Class: 4K(128K)->4K(128K)
[2024-08-28T01:14:27.288+0000][info][gc             ] GC(1183) Pause Young (Normal) (G1 Evacuation Pause) 946M->950M(1024M) 11.761ms
[2024-08-28T01:14:27.288+0000][info][gc,cpu         ] GC(1183) User=0.26s Sys=0.00s Real=0.01s
[2024-08-28T01:14:27.304+0000][info][gc,start       ] GC(1184) Pause Young (Normal) (G1 Preventive Collection)
[2024-08-28T01:14:27.304+0000][info][gc,task        ] GC(1184) Using 24 workers of 68 for evacuation
[2024-08-28T01:14:27.318+0000][info][gc,phases      ] GC(1184)   Pre Evacuate Collection Set: 0.2ms
[2024-08-28T01:14:27.319+0000][info][gc,phases      ] GC(1184)   Merge Heap Roots: 0.8ms
[2024-08-28T01:14:27.319+0000][info][gc,phases      ] GC(1184)   Evacuate Collection Set: 12.4ms
[2024-08-28T01:14:27.319+0000][info][gc,phases      ] GC(1184)   Post Evacuate Collection Set: 0.7ms
[2024-08-28T01:14:27.319+0000][info][gc,phases      ] GC(1184)   Other: 0.3ms
[2024-08-28T01:14:27.319+0000][info][gc,heap        ] GC(1184) Eden regions: 30->0(44)
[2024-08-28T01:14:27.319+0000][info][gc,heap        ] GC(1184) Survivor regions: 7->7(7)
[2024-08-28T01:14:27.319+0000][info][gc,heap        ] GC(1184) Old regions: 940->973
[2024-08-28T01:14:27.319+0000][info][gc,heap        ] GC(1184) Archive regions: 2->2
[2024-08-28T01:14:27.319+0000][info][gc,heap        ] GC(1184) Humongous regions: 5->5
[2024-08-28T01:14:27.319+0000][info][gc,metaspace   ] GC(1184) Metaspace: 100K(320K)->100K(320K) NonClass: 96K(192K)->96K(192K) Class: 4K(128K)->4K(128K)
[2024-08-28T01:14:27.319+0000][info][gc             ] GC(1184) Pause Young (Normal) (G1 Preventive Collection) 980M->983M(1024M) 14.575ms
[2024-08-28T01:14:27.319+0000][info][gc,cpu         ] GC(1184) User=0.32s Sys=0.00s Real=0.02s
[2024-08-28T01:14:27.327+0000][info][gc,start       ] GC(1185) Pause Young (Normal) (G1 Preventive Collection)
[2024-08-28T01:14:27.327+0000][info][gc,task        ] GC(1185) Using 24 workers of 68 for evacuation
[2024-08-28T01:14:27.339+0000][info][gc             ] GC(1185) To-space exhausted
[2024-08-28T01:14:27.339+0000][info][gc,phases      ] GC(1185)   Pre Evacuate Collection Set: 0.2ms
[2024-08-28T01:14:27.339+0000][info][gc,phases      ] GC(1185)   Merge Heap Roots: 0.8ms
[2024-08-28T01:14:27.339+0000][info][gc,phases      ] GC(1185)   Evacuate Collection Set: 9.9ms
[2024-08-28T01:14:27.339+0000][info][gc,phases      ] GC(1185)   Post Evacuate Collection Set: 1.1ms
[2024-08-28T01:14:27.339+0000][info][gc,phases      ] GC(1185)   Other: 0.4ms
[2024-08-28T01:14:27.339+0000][info][gc,heap        ] GC(1185) Eden regions: 14->0(44)
[2024-08-28T01:14:27.339+0000][info][gc,heap        ] GC(1185) Survivor regions: 7->7(7)
[2024-08-28T01:14:27.339+0000][info][gc,heap        ] GC(1185) Old regions: 973->1007
[2024-08-28T01:14:27.339+0000][info][gc,heap        ] GC(1185) Archive regions: 2->2
[2024-08-28T01:14:27.339+0000][info][gc,heap        ] GC(1185) Humongous regions: 5->5
[2024-08-28T01:14:27.339+0000][info][gc,metaspace   ] GC(1185) Metaspace: 100K(320K)->100K(320K) NonClass: 96K(192K)->96K(192K) Class: 4K(128K)->4K(128K)
[2024-08-28T01:14:27.339+0000][info][gc             ] GC(1185) Pause Young (Normal) (G1 Preventive Collection) 997M->1017M(1024M) 12.488ms
[2024-08-28T01:14:27.339+0000][info][gc,cpu         ] GC(1185) User=0.27s Sys=0.00s Real=0.02s
[2024-08-28T01:14:27.340+0000][info][gc,start       ] GC(1186) Pause Young (Normal) (G1 Preventive Collection)
[2024-08-28T01:14:27.341+0000][info][gc,task        ] GC(1186) Using 24 workers of 68 for evacuation
[2024-08-28T01:14:27.349+0000][info][gc             ] GC(1186) To-space exhausted
[2024-08-28T01:14:27.349+0000][info][gc,phases      ] GC(1186)   Pre Evacuate Collection Set: 0.2ms
[2024-08-28T01:14:27.349+0000][info][gc,phases      ] GC(1186)   Merge Heap Roots: 0.4ms
[2024-08-28T01:14:27.349+0000][info][gc,phases      ] GC(1186)   Evacuate Collection Set: 6.4ms
[2024-08-28T01:14:27.349+0000][info][gc,phases      ] GC(1186)   Post Evacuate Collection Set: 1.2ms
[2024-08-28T01:14:27.349+0000][info][gc,phases      ] GC(1186)   Other: 0.3ms
[2024-08-28T01:14:27.349+0000][info][gc,heap        ] GC(1186) Eden regions: 1->0(51)
[2024-08-28T01:14:27.349+0000][info][gc,heap        ] GC(1186) Survivor regions: 7->0(2)
[2024-08-28T01:14:27.349+0000][info][gc,heap        ] GC(1186) Old regions: 1007->1017
[2024-08-28T01:14:27.349+0000][info][gc,heap        ] GC(1186) Archive regions: 2->2
[2024-08-28T01:14:27.349+0000][info][gc,heap        ] GC(1186) Humongous regions: 5->5
[2024-08-28T01:14:27.349+0000][info][gc,metaspace   ] GC(1186) Metaspace: 100K(320K)->100K(320K) NonClass: 96K(192K)->96K(192K) Class: 4K(128K)->4K(128K)
[2024-08-28T01:14:27.349+0000][info][gc             ] GC(1186) Pause Young (Normal) (G1 Preventive Collection) 1018M->1020M(1024M) 8.500ms
[2024-08-28T01:14:27.349+0000][info][gc,cpu         ] GC(1186) User=0.17s Sys=0.00s Real=0.00s
[2024-08-28T01:14:27.349+0000][info][gc,ergo        ] Attempting full compaction
[2024-08-28T01:14:27.349+0000][info][gc,task        ] GC(1187) Using 24 workers of 68 for full compaction
[2024-08-28T01:14:27.349+0000][info][gc,start       ] GC(1187) Pause Full (G1 Compaction Pause)
[2024-08-28T01:14:27.350+0000][info][gc,phases,start] GC(1187) Phase 1: Mark live objects
[2024-08-28T01:14:27.366+0000][info][gc,phases      ] GC(1187) Phase 1: Mark live objects 15.644ms
[2024-08-28T01:14:27.366+0000][info][gc,phases,start] GC(1187) Phase 2: Prepare for compaction
[2024-08-28T01:14:27.376+0000][info][gc,phases      ] GC(1187) Phase 2: Prepare for compaction 9.803ms
[2024-08-28T01:14:27.376+0000][info][gc,phases,start] GC(1187) Phase 3: Adjust pointers
[2024-08-28T01:14:27.392+0000][info][gc,phases      ] GC(1187) Phase 3: Adjust pointers 15.966ms
[2024-08-28T01:14:27.392+0000][info][gc,phases,start] GC(1187) Phase 4: Compact heap
[2024-08-28T01:14:27.422+0000][info][gc,phases      ] GC(1187) Phase 4: Compact heap 30.551ms
[2024-08-28T01:14:27.424+0000][info][gc,heap        ] GC(1187) Eden regions: 0->0(151)
[2024-08-28T01:14:27.424+0000][info][gc,heap        ] GC(1187) Survivor regions: 0->0(2)
[2024-08-28T01:14:27.424+0000][info][gc,heap        ] GC(1187) Old regions: 1017->440
[2024-08-28T01:14:27.424+0000][info][gc,heap        ] GC(1187) Archive regions: 2->2
[2024-08-28T01:14:27.424+0000][info][gc,heap        ] GC(1187) Humongous regions: 5->5
[2024-08-28T01:14:27.424+0000][info][gc,metaspace   ] GC(1187) Metaspace: 100K(320K)->100K(320K) NonClass: 96K(192K)->96K(192K) Class: 4K(128K)->4K(128K)
[2024-08-28T01:14:27.424+0000][info][gc             ] GC(1187) Pause Full (G1 Compaction Pause) 1020M->436M(1024M) 74.460ms
[2024-08-28T01:14:27.424+0000][info][gc,cpu         ] GC(1187) User=1.61s Sys=0.01s Real=0.08s
[2024-08-28T01:14:27.424+0000][info][gc,marking     ] GC(1182) Concurrent Rebuild Remembered Sets 150.551ms
[2024-08-28T01:14:27.424+0000][info][gc,marking     ] GC(1182) Concurrent Mark Abort
[2024-08-28T01:14:27.424+0000][info][gc             ] GC(1182) Concurrent Mark Cycle 180.893ms
[2024-08-28T01:14:27.498+0000][info][gc,start       ] GC(1188) Pause Young (Normal) (G1 Evacuation Pause)
[2024-08-28T01:14:27.498+0000][info][gc,task        ] GC(1188) Using 24 workers of 68 for evacuation
[2024-08-28T01:14:27.521+0000][info][gc,phases      ] GC(1188)   Pre Evacuate Collection Set: 0.2ms
[2024-08-28T01:14:27.521+0000][info][gc,phases      ] GC(1188)   Merge Heap Roots: 0.6ms
[2024-08-28T01:14:27.521+0000][info][gc,phases      ] GC(1188)   Evacuate Collection Set: 21.8ms
[2024-08-28T01:14:27.521+0000][info][gc,phases      ] GC(1188)   Post Evacuate Collection Set: 0.5ms
[2024-08-28T01:14:27.521+0000][info][gc,phases      ] GC(1188)   Other: 0.3ms
[2024-08-28T01:14:27.521+0000][info][gc,heap        ] GC(1188) Eden regions: 151->0(104)
[2024-08-28T01:14:27.521+0000][info][gc,heap        ] GC(1188) Survivor regions: 0->19(19)
[2024-08-28T01:14:27.521+0000][info][gc,heap        ] GC(1188) Old regions: 440->567
[2024-08-28T01:14:27.521+0000][info][gc,heap        ] GC(1188) Archive regions: 2->2
[2024-08-28T01:14:27.521+0000][info][gc,heap        ] GC(1188) Humongous regions: 5->5
[2024-08-28T01:14:27.521+0000][info][gc,metaspace   ] GC(1188) Metaspace: 100K(320K)->100K(320K) NonClass: 96K(192K)->96K(192K) Class: 4K(128K)->4K(128K)
[2024-08-28T01:14:27.521+0000][info][gc             ] GC(1188) Pause Young (Normal) (G1 Evacuation Pause) 587M->582M(1024M) 23.324ms
[2024-08-28T01:14:27.521+0000][info][gc,cpu         ] GC(1188) User=0.53s Sys=0.01s Real=0.02s
[2024-08-28T01:14:27.571+0000][info][gc,start       ] GC(1189) Pause Young (Concurrent Start) (G1 Evacuation Pause)
[2024-08-28T01:14:27.571+0000][info][gc,task        ] GC(1189) Using 24 workers of 68 for evacuation
[2024-08-28T01:14:27.591+0000][info][gc,phases      ] GC(1189)   Pre Evacuate Collection Set: 0.1ms
[2024-08-28T01:14:27.591+0000][info][gc,phases      ] GC(1189)   Merge Heap Roots: 0.4ms
[2024-08-28T01:14:27.591+0000][info][gc,phases      ] GC(1189)   Evacuate Collection Set: 18.5ms
[2024-08-28T01:14:27.591+0000][info][gc,phases      ] GC(1189)   Post Evacuate Collection Set: 0.4ms
[2024-08-28T01:14:27.591+0000][info][gc,phases      ] GC(1189)   Other: 0.7ms
[2024-08-28T01:14:27.591+0000][info][gc,heap        ] GC(1189) Eden regions: 104->0(70)
[2024-08-28T01:14:27.591+0000][info][gc,heap        ] GC(1189) Survivor regions: 19->16(16)
[2024-08-28T01:14:27.591+0000][info][gc,heap        ] GC(1189) Old regions: 567->676
[2024-08-28T01:14:27.591+0000][info][gc,heap        ] GC(1189) Archive regions: 2->2
[2024-08-28T01:14:27.591+0000][info][gc,heap        ] GC(1189) Humongous regions: 5->5
[2024-08-28T01:14:27.591+0000][info][gc,metaspace   ] GC(1189) Metaspace: 100K(320K)->100K(320K) NonClass: 96K(192K)->96K(192K) Class: 4K(128K)->4K(128K)
[2024-08-28T01:14:27.591+0000][info][gc             ] GC(1189) Pause Young (Concurrent Start) (G1 Evacuation Pause) 686M->688M(1024M) 20.270ms
[2024-08-28T01:14:27.591+0000][info][gc,cpu         ] GC(1189) User=0.45s Sys=0.00s Real=0.02s
[2024-08-28T01:14:27.591+0000][info][gc             ] GC(1190) Concurrent Mark Cycle
[2024-08-28T01:14:27.591+0000][info][gc,marking     ] GC(1190) Concurrent Clear Claimed Marks
[2024-08-28T01:14:27.591+0000][info][gc,marking     ] GC(1190) Concurrent Clear Claimed Marks 0.012ms
[2024-08-28T01:14:27.591+0000][info][gc,marking     ] GC(1190) Concurrent Scan Root Regions
[2024-08-28T01:14:27.595+0000][info][gc,marking     ] GC(1190) Concurrent Scan Root Regions 3.550ms
[2024-08-28T01:14:27.595+0000][info][gc,marking     ] GC(1190) Concurrent Mark
[2024-08-28T01:14:27.595+0000][info][gc,marking     ] GC(1190) Concurrent Mark From Roots
[2024-08-28T01:14:27.595+0000][info][gc,task        ] GC(1190) Using 17 workers of 17 for marking
[2024-08-28T01:14:27.617+0000][info][gc,marking     ] GC(1190) Concurrent Mark From Roots 22.527ms
[2024-08-28T01:14:27.617+0000][info][gc,marking     ] GC(1190) Concurrent Preclean
[2024-08-28T01:14:27.618+0000][info][gc,marking     ] GC(1190) Concurrent Preclean 0.576ms
[2024-08-28T01:14:27.618+0000][info][gc,start       ] GC(1190) Pause Remark
[2024-08-28T01:14:27.619+0000][info][gc             ] GC(1190) Pause Remark 727M->727M(1024M) 1.436ms
[2024-08-28T01:14:27.620+0000][info][gc,cpu         ] GC(1190) User=0.01s Sys=0.00s Real=0.00s
[2024-08-28T01:14:27.620+0000][info][gc,marking     ] GC(1190) Concurrent Mark 24.919ms
[2024-08-28T01:14:27.620+0000][info][gc,marking     ] GC(1190) Concurrent Rebuild Remembered Sets
[2024-08-28T01:14:27.635+0000][info][gc,start       ] GC(1191) Pause Young (Normal) (G1 Evacuation Pause)
[2024-08-28T01:14:27.635+0000][info][gc,task        ] GC(1191) Using 24 workers of 68 for evacuation
[2024-08-28T01:14:27.651+0000][info][gc,phases      ] GC(1191)   Pre Evacuate Collection Set: 0.2ms
[2024-08-28T01:14:27.651+0000][info][gc,phases      ] GC(1191)   Merge Heap Roots: 0.6ms
[2024-08-28T01:14:27.651+0000][info][gc,phases      ] GC(1191)   Evacuate Collection Set: 14.5ms
[2024-08-28T01:14:27.651+0000][info][gc,phases      ] GC(1191)   Post Evacuate Collection Set: 0.6ms
[2024-08-28T01:14:27.651+0000][info][gc,phases      ] GC(1191)   Other: 0.3ms
[2024-08-28T01:14:27.651+0000][info][gc,heap        ] GC(1191) Eden regions: 70->0(46)
[2024-08-28T01:14:27.651+0000][info][gc,heap        ] GC(1191) Survivor regions: 16->11(11)
[2024-08-28T01:14:27.651+0000][info][gc,heap        ] GC(1191) Old regions: 676->754
[2024-08-28T01:14:27.651+0000][info][gc,heap        ] GC(1191) Archive regions: 2->2
[2024-08-28T01:14:27.651+0000][info][gc,heap        ] GC(1191) Humongous regions: 5->5
[2024-08-28T01:14:27.651+0000][info][gc,metaspace   ] GC(1191) Metaspace: 100K(320K)->100K(320K) NonClass: 96K(192K)->96K(192K) Class: 4K(128K)->4K(128K)
[2024-08-28T01:14:27.651+0000][info][gc             ] GC(1191) Pause Young (Normal) (G1 Evacuation Pause) 758M->761M(1024M) 16.314ms
[2024-08-28T01:14:27.651+0000][info][gc,cpu         ] GC(1191) User=0.36s Sys=0.00s Real=0.02s
[2024-08-28T01:14:27.674+0000][info][gc,start       ] GC(1192) Pause Young (Normal) (G1 Evacuation Pause)
[2024-08-28T01:14:27.674+0000][info][gc,task        ] GC(1192) Using 24 workers of 68 for evacuation
[2024-08-28T01:14:27.694+0000][info][gc,phases      ] GC(1192)   Pre Evacuate Collection Set: 0.2ms
[2024-08-28T01:14:27.694+0000][info][gc,phases      ] GC(1192)   Merge Heap Roots: 0.4ms
[2024-08-28T01:14:27.694+0000][info][gc,phases      ] GC(1192)   Evacuate Collection Set: 18.3ms
[2024-08-28T01:14:27.694+0000][info][gc,phases      ] GC(1192)   Post Evacuate Collection Set: 0.7ms
[2024-08-28T01:14:27.694+0000][info][gc,phases      ] GC(1192)   Other: 0.3ms
[2024-08-28T01:14:27.694+0000][info][gc,heap        ] GC(1192) Eden regions: 46->0(43)
[2024-08-28T01:14:27.694+0000][info][gc,heap        ] GC(1192) Survivor regions: 11->8(8)
[2024-08-28T01:14:27.694+0000][info][gc,heap        ] GC(1192) Old regions: 754->806
[2024-08-28T01:14:27.694+0000][info][gc,heap        ] GC(1192) Archive regions: 2->2
[2024-08-28T01:14:27.694+0000][info][gc,heap        ] GC(1192) Humongous regions: 5->5
[2024-08-28T01:14:27.694+0000][info][gc,metaspace   ] GC(1192) Metaspace: 100K(320K)->100K(320K) NonClass: 96K(192K)->96K(192K) Class: 4K(128K)->4K(128K)
[2024-08-28T01:14:27.694+0000][info][gc             ] GC(1192) Pause Young (Normal) (G1 Evacuation Pause) 807M->810M(1024M) 20.045ms
[2024-08-28T01:14:27.694+0000][info][gc,cpu         ] GC(1192) User=0.44s Sys=0.02s Real=0.02s
[2024-08-28T01:14:27.706+0000][info][gc,marking     ] GC(1190) Concurrent Rebuild Remembered Sets 86.181ms
[2024-08-28T01:14:27.706+0000][info][gc,start       ] GC(1190) Pause Cleanup
[2024-08-28T01:14:27.708+0000][info][gc             ] GC(1190) Pause Cleanup 834M->834M(1024M) 1.896ms
[2024-08-28T01:14:27.708+0000][info][gc,cpu         ] GC(1190) User=0.00s Sys=0.00s Real=0.00s
[2024-08-28T01:14:27.708+0000][info][gc,marking     ] GC(1190) Concurrent Cleanup for Next Mark
[2024-08-28T01:14:27.709+0000][info][gc,marking     ] GC(1190) Concurrent Cleanup for Next Mark 0.705ms
[2024-08-28T01:14:27.709+0000][info][gc             ] GC(1190) Concurrent Mark Cycle 117.869ms
[2024-08-28T01:14:27.718+0000][info][gc,start       ] GC(1193) Pause Young (Prepare Mixed) (G1 Evacuation Pause)
[2024-08-28T01:14:27.718+0000][info][gc,task        ] GC(1193) Using 24 workers of 68 for evacuation
[2024-08-28T01:14:27.736+0000][info][gc,phases      ] GC(1193)   Pre Evacuate Collection Set: 0.1ms
[2024-08-28T01:14:27.736+0000][info][gc,phases      ] GC(1193)   Merge Heap Roots: 1.0ms
[2024-08-28T01:14:27.736+0000][info][gc,phases      ] GC(1193)   Evacuate Collection Set: 16.1ms
[2024-08-28T01:14:27.736+0000][info][gc,phases      ] GC(1193)   Post Evacuate Collection Set: 0.3ms
[2024-08-28T01:14:27.736+0000][info][gc,phases      ] GC(1193)   Other: 0.2ms
[2024-08-28T01:14:27.736+0000][info][gc,heap        ] GC(1193) Eden regions: 43->0(44)
[2024-08-28T01:14:27.736+0000][info][gc,heap        ] GC(1193) Survivor regions: 8->7(7)
[2024-08-28T01:14:27.736+0000][info][gc,heap        ] GC(1193) Old regions: 806->853
[2024-08-28T01:14:27.736+0000][info][gc,heap        ] GC(1193) Archive regions: 2->2
[2024-08-28T01:14:27.736+0000][info][gc,heap        ] GC(1193) Humongous regions: 5->5
[2024-08-28T01:14:27.736+0000][info][gc,metaspace   ] GC(1193) Metaspace: 100K(320K)->100K(320K) NonClass: 96K(192K)->96K(192K) Class: 4K(128K)->4K(128K)
[2024-08-28T01:14:27.736+0000][info][gc             ] GC(1193) Pause Young (Prepare Mixed) (G1 Evacuation Pause) 853M->856M(1024M) 17.814ms
[2024-08-28T01:14:27.736+0000][info][gc,cpu         ] GC(1193) User=0.41s Sys=0.00s Real=0.01s
[2024-08-28T01:14:27.756+0000][info][gc,start       ] GC(1194) Pause Young (Mixed) (G1 Evacuation Pause)
[2024-08-28T01:14:27.757+0000][info][gc,task        ] GC(1194) Using 24 workers of 68 for evacuation
[2024-08-28T01:14:27.768+0000][info][gc,phases      ] GC(1194)   Pre Evacuate Collection Set: 0.2ms
[2024-08-28T01:14:27.768+0000][info][gc,phases      ] GC(1194)   Merge Heap Roots: 0.7ms
[2024-08-28T01:14:27.768+0000][info][gc,phases      ] GC(1194)   Evacuate Collection Set: 10.5ms
[2024-08-28T01:14:27.768+0000][info][gc,phases      ] GC(1194)   Post Evacuate Collection Set: 0.4ms
[2024-08-28T01:14:27.768+0000][info][gc,phases      ] GC(1194)   Other: 0.2ms
[2024-08-28T01:14:27.768+0000][info][gc,heap        ] GC(1194) Eden regions: 44->0(44)
[2024-08-28T01:14:27.768+0000][info][gc,heap        ] GC(1194) Survivor regions: 7->7(7)
[2024-08-28T01:14:27.768+0000][info][gc,heap        ] GC(1194) Old regions: 853->838
[2024-08-28T01:14:27.768+0000][info][gc,heap        ] GC(1194) Archive regions: 2->2
[2024-08-28T01:14:27.768+0000][info][gc,heap        ] GC(1194) Humongous regions: 5->5
[2024-08-28T01:14:27.769+0000][info][gc,metaspace   ] GC(1194) Metaspace: 100K(320K)->100K(320K) NonClass: 96K(192K)->96K(192K) Class: 4K(128K)->4K(128K)
[2024-08-28T01:14:27.769+0000][info][gc             ] GC(1194) Pause Young (Mixed) (G1 Evacuation Pause) 900M->841M(1024M) 12.058ms
[2024-08-28T01:14:27.769+0000][info][gc,cpu         ] GC(1194) User=0.26s Sys=0.01s Real=0.01s
[2024-08-28T01:14:27.789+0000][info][gc,start       ] GC(1195) Pause Young (Mixed) (G1 Evacuation Pause)
[2024-08-28T01:14:27.789+0000][info][gc,task        ] GC(1195) Using 24 workers of 68 for evacuation
[2024-08-28T01:14:27.801+0000][info][gc,phases      ] GC(1195)   Pre Evacuate Collection Set: 0.2ms
[2024-08-28T01:14:27.801+0000][info][gc,phases      ] GC(1195)   Merge Heap Roots: 0.6ms
[2024-08-28T01:14:27.801+0000][info][gc,phases      ] GC(1195)   Evacuate Collection Set: 10.5ms
[2024-08-28T01:14:27.801+0000][info][gc,phases      ] GC(1195)   Post Evacuate Collection Set: 0.4ms
[2024-08-28T01:14:27.801+0000][info][gc,phases      ] GC(1195)   Other: 0.2ms
[2024-08-28T01:14:27.801+0000][info][gc,heap        ] GC(1195) Eden regions: 44->0(44)
[2024-08-28T01:14:27.801+0000][info][gc,heap        ] GC(1195) Survivor regions: 7->7(7)
[2024-08-28T01:14:27.801+0000][info][gc,heap        ] GC(1195) Old regions: 838->823
[2024-08-28T01:14:27.801+0000][info][gc,heap        ] GC(1195) Archive regions: 2->2
[2024-08-28T01:14:27.801+0000][info][gc,heap        ] GC(1195) Humongous regions: 5->5
[2024-08-28T01:14:27.801+0000][info][gc,metaspace   ] GC(1195) Metaspace: 100K(320K)->100K(320K) NonClass: 96K(192K)->96K(192K) Class: 4K(128K)->4K(128K)
[2024-08-28T01:14:27.801+0000][info][gc             ] GC(1195) Pause Young (Mixed) (G1 Evacuation Pause) 885M->827M(1024M) 12.031ms
[2024-08-28T01:14:27.801+0000][info][gc,cpu         ] GC(1195) User=0.26s Sys=0.01s Real=0.02s
[2024-08-28T01:14:27.822+0000][info][gc,start       ] GC(1196) Pause Young (Mixed) (G1 Evacuation Pause)
[2024-08-28T01:14:27.822+0000][info][gc,task        ] GC(1196) Using 24 workers of 68 for evacuation
[2024-08-28T01:14:27.834+0000][info][gc,phases      ] GC(1196)   Pre Evacuate Collection Set: 0.2ms
[2024-08-28T01:14:27.834+0000][info][gc,phases      ] GC(1196)   Merge Heap Roots: 0.7ms
[2024-08-28T01:14:27.834+0000][info][gc,phases      ] GC(1196)   Evacuate Collection Set: 10.4ms
[2024-08-28T01:14:27.834+0000][info][gc,phases      ] GC(1196)   Post Evacuate Collection Set: 0.4ms
[2024-08-28T01:14:27.834+0000][info][gc,phases      ] GC(1196)   Other: 0.3ms
[2024-08-28T01:14:27.834+0000][info][gc,heap        ] GC(1196) Eden regions: 44->0(44)
[2024-08-28T01:14:27.834+0000][info][gc,heap        ] GC(1196) Survivor regions: 7->7(7)
[2024-08-28T01:14:27.834+0000][info][gc,heap        ] GC(1196) Old regions: 823->808
[2024-08-28T01:14:27.834+0000][info][gc,heap        ] GC(1196) Archive regions: 2->2
[2024-08-28T01:14:27.834+0000][info][gc,heap        ] GC(1196) Humongous regions: 5->5
[2024-08-28T01:14:27.834+0000][info][gc,metaspace   ] GC(1196) Metaspace: 100K(320K)->100K(320K) NonClass: 96K(192K)->96K(192K) Class: 4K(128K)->4K(128K)
[2024-08-28T01:14:27.835+0000][info][gc             ] GC(1196) Pause Young (Mixed) (G1 Evacuation Pause) 871M->812M(1024M) 12.152ms
[2024-08-28T01:14:27.835+0000][info][gc,cpu         ] GC(1196) User=0.27s Sys=0.00s Real=0.01s
[2024-08-28T01:14:27.855+0000][info][gc,start       ] GC(1197) Pause Young (Mixed) (G1 Evacuation Pause)
[2024-08-28T01:14:27.855+0000][info][gc,task        ] GC(1197) Using 24 workers of 68 for evacuation
[2024-08-28T01:14:27.867+0000][info][gc,phases      ] GC(1197)   Pre Evacuate Collection Set: 0.2ms
[2024-08-28T01:14:27.867+0000][info][gc,phases      ] GC(1197)   Merge Heap Roots: 0.6ms
[2024-08-28T01:14:27.867+0000][info][gc,phases      ] GC(1197)   Evacuate Collection Set: 10.0ms
[2024-08-28T01:14:27.867+0000][info][gc,phases      ] GC(1197)   Post Evacuate Collection Set: 0.3ms
[2024-08-28T01:14:27.867+0000][info][gc,phases      ] GC(1197)   Other: 0.3ms
[2024-08-28T01:14:27.867+0000][info][gc,heap        ] GC(1197) Eden regions: 44->0(44)
[2024-08-28T01:14:27.867+0000][info][gc,heap        ] GC(1197) Survivor regions: 7->7(7)
[2024-08-28T01:14:27.867+0000][info][gc,heap        ] GC(1197) Old regions: 808->845
[2024-08-28T01:14:27.867+0000][info][gc,heap        ] GC(1197) Archive regions: 2->2
[2024-08-28T01:14:27.867+0000][info][gc,heap        ] GC(1197) Humongous regions: 5->5
[2024-08-28T01:14:27.867+0000][info][gc,metaspace   ] GC(1197) Metaspace: 100K(320K)->100K(320K) NonClass: 96K(192K)->96K(192K) Class: 4K(128K)->4K(128K)
[2024-08-28T01:14:27.867+0000][info][gc             ] GC(1197) Pause Young (Mixed) (G1 Evacuation Pause) 856M->850M(1024M) 11.468ms
[2024-08-28T01:14:27.867+0000][info][gc,cpu         ] GC(1197) User=0.25s Sys=0.00s Real=0.01s
[2024-08-28T01:14:27.888+0000][info][gc,start       ] GC(1198) Pause Young (Concurrent Start) (G1 Evacuation Pause)
[2024-08-28T01:14:27.888+0000][info][gc,task        ] GC(1198) Using 24 workers of 68 for evacuation
[2024-08-28T01:14:27.899+0000][info][gc,phases      ] GC(1198)   Pre Evacuate Collection Set: 0.1ms
[2024-08-28T01:14:27.899+0000][info][gc,phases      ] GC(1198)   Merge Heap Roots: 0.7ms
[2024-08-28T01:14:27.899+0000][info][gc,phases      ] GC(1198)   Evacuate Collection Set: 9.9ms
[2024-08-28T01:14:27.899+0000][info][gc,phases      ] GC(1198)   Post Evacuate Collection Set: 0.3ms
[2024-08-28T01:14:27.899+0000][info][gc,phases      ] GC(1198)   Other: 0.8ms
[2024-08-28T01:14:27.900+0000][info][gc,heap        ] GC(1198) Eden regions: 44->0(44)
[2024-08-28T01:14:27.900+0000][info][gc,heap        ] GC(1198) Survivor regions: 7->7(7)
[2024-08-28T01:14:27.900+0000][info][gc,heap        ] GC(1198) Old regions: 845->892
[2024-08-28T01:14:27.900+0000][info][gc,heap        ] GC(1198) Archive regions: 2->2
[2024-08-28T01:14:27.900+0000][info][gc,heap        ] GC(1198) Humongous regions: 5->5
[2024-08-28T01:14:27.900+0000][info][gc,metaspace   ] GC(1198) Metaspace: 100K(320K)->100K(320K) NonClass: 96K(192K)->96K(192K) Class: 4K(128K)->4K(128K)
[2024-08-28T01:14:27.900+0000][info][gc             ] GC(1198) Pause Young (Concurrent Start) (G1 Evacuation Pause) 894M->897M(1024M) 12.075ms
[2024-08-28T01:14:27.900+0000][info][gc,cpu         ] GC(1198) User=0.25s Sys=0.00s Real=0.02s
[2024-08-28T01:14:27.900+0000][info][gc             ] GC(1199) Concurrent Mark Cycle
[2024-08-28T01:14:27.900+0000][info][gc,marking     ] GC(1199) Concurrent Clear Claimed Marks
[2024-08-28T01:14:27.900+0000][info][gc,marking     ] GC(1199) Concurrent Clear Claimed Marks 0.018ms
[2024-08-28T01:14:27.900+0000][info][gc,marking     ] GC(1199) Concurrent Scan Root Regions
[2024-08-28T01:14:27.901+0000][info][gc,marking     ] GC(1199) Concurrent Scan Root Regions 1.558ms
[2024-08-28T01:14:27.901+0000][info][gc,marking     ] GC(1199) Concurrent Mark
[2024-08-28T01:14:27.902+0000][info][gc,marking     ] GC(1199) Concurrent Mark From Roots
[2024-08-28T01:14:27.902+0000][info][gc,task        ] GC(1199) Using 17 workers of 17 for marking
[2024-08-28T01:14:27.927+0000][info][gc,marking     ] GC(1199) Concurrent Mark From Roots 25.554ms
[2024-08-28T01:14:27.927+0000][info][gc,marking     ] GC(1199) Concurrent Preclean
[2024-08-28T01:14:27.928+0000][info][gc,marking     ] GC(1199) Concurrent Preclean 0.815ms
[2024-08-28T01:14:27.928+0000][info][gc,start       ] GC(1199) Pause Remark
[2024-08-28T01:14:27.930+0000][info][gc             ] GC(1199) Pause Remark 938M->938M(1024M) 1.828ms
[2024-08-28T01:14:27.930+0000][info][gc,cpu         ] GC(1199) User=0.01s Sys=0.00s Real=0.01s
[2024-08-28T01:14:27.930+0000][info][gc,marking     ] GC(1199) Concurrent Mark 28.802ms
[2024-08-28T01:14:27.930+0000][info][gc,marking     ] GC(1199) Concurrent Rebuild Remembered Sets
[2024-08-28T01:14:27.932+0000][info][gc,start       ] GC(1200) Pause Young (Normal) (G1 Evacuation Pause)
[2024-08-28T01:14:27.932+0000][info][gc,task        ] GC(1200) Using 24 workers of 68 for evacuation
[2024-08-28T01:14:27.943+0000][info][gc,phases      ] GC(1200)   Pre Evacuate Collection Set: 0.2ms
[2024-08-28T01:14:27.943+0000][info][gc,phases      ] GC(1200)   Merge Heap Roots: 0.3ms
[2024-08-28T01:14:27.943+0000][info][gc,phases      ] GC(1200)   Evacuate Collection Set: 9.9ms
[2024-08-28T01:14:27.943+0000][info][gc,phases      ] GC(1200)   Post Evacuate Collection Set: 0.5ms
[2024-08-28T01:14:27.943+0000][info][gc,phases      ] GC(1200)   Other: 0.2ms
[2024-08-28T01:14:27.943+0000][info][gc,heap        ] GC(1200) Eden regions: 44->0(44)
[2024-08-28T01:14:27.943+0000][info][gc,heap        ] GC(1200) Survivor regions: 7->7(7)
[2024-08-28T01:14:27.943+0000][info][gc,heap        ] GC(1200) Old regions: 892->939
[2024-08-28T01:14:27.943+0000][info][gc,heap        ] GC(1200) Archive regions: 2->2
[2024-08-28T01:14:27.943+0000][info][gc,heap        ] GC(1200) Humongous regions: 5->5
[2024-08-28T01:14:27.943+0000][info][gc,metaspace   ] GC(1200) Metaspace: 100K(320K)->100K(320K) NonClass: 96K(192K)->96K(192K) Class: 4K(128K)->4K(128K)
[2024-08-28T01:14:27.943+0000][info][gc             ] GC(1200) Pause Young (Normal) (G1 Evacuation Pause) 941M->944M(1024M) 11.274ms
[2024-08-28T01:14:27.943+0000][info][gc,cpu         ] GC(1200) User=0.25s Sys=0.00s Real=0.01s
[2024-08-28T01:14:27.960+0000][info][gc,start       ] GC(1201) Pause Young (Normal) (G1 Preventive Collection)
[2024-08-28T01:14:27.960+0000][info][gc,task        ] GC(1201) Using 24 workers of 68 for evacuation
[2024-08-28T01:14:27.972+0000][info][gc,phases      ] GC(1201)   Pre Evacuate Collection Set: 0.2ms
[2024-08-28T01:14:27.972+0000][info][gc,phases      ] GC(1201)   Merge Heap Roots: 0.8ms
[2024-08-28T01:14:27.972+0000][info][gc,phases      ] GC(1201)   Evacuate Collection Set: 10.9ms
[2024-08-28T01:14:27.973+0000][info][gc,phases      ] GC(1201)   Post Evacuate Collection Set: 0.6ms
[2024-08-28T01:14:27.973+0000][info][gc,phases      ] GC(1201)   Other: 0.3ms
[2024-08-28T01:14:27.973+0000][info][gc,heap        ] GC(1201) Eden regions: 30->0(44)
[2024-08-28T01:14:27.973+0000][info][gc,heap        ] GC(1201) Survivor regions: 7->7(7)
[2024-08-28T01:14:27.973+0000][info][gc,heap        ] GC(1201) Old regions: 939->972
[2024-08-28T01:14:27.973+0000][info][gc,heap        ] GC(1201) Archive regions: 2->2
[2024-08-28T01:14:27.973+0000][info][gc,heap        ] GC(1201) Humongous regions: 5->5
[2024-08-28T01:14:27.973+0000][info][gc,metaspace   ] GC(1201) Metaspace: 100K(320K)->100K(320K) NonClass: 96K(192K)->96K(192K) Class: 4K(128K)->4K(128K)
[2024-08-28T01:14:27.973+0000][info][gc             ] GC(1201) Pause Young (Normal) (G1 Preventive Collection) 974M->977M(1024M) 12.928ms
[2024-08-28T01:14:27.973+0000][info][gc,cpu         ] GC(1201) User=0.28s Sys=0.00s Real=0.01s
[2024-08-28T01:14:27.981+0000][info][gc,start       ] GC(1202) Pause Young (Normal) (G1 Preventive Collection)
[2024-08-28T01:14:27.981+0000][info][gc,task        ] GC(1202) Using 24 workers of 68 for evacuation
[2024-08-28T01:14:27.992+0000][info][gc,phases      ] GC(1202)   Pre Evacuate Collection Set: 0.2ms
[2024-08-28T01:14:27.992+0000][info][gc,phases      ] GC(1202)   Merge Heap Roots: 0.4ms
[2024-08-28T01:14:27.992+0000][info][gc,phases      ] GC(1202)   Evacuate Collection Set: 9.7ms
[2024-08-28T01:14:27.992+0000][info][gc,phases      ] GC(1202)   Post Evacuate Collection Set: 0.7ms
[2024-08-28T01:14:27.992+0000][info][gc,phases      ] GC(1202)   Other: 0.3ms
[2024-08-28T01:14:27.992+0000][info][gc,heap        ] GC(1202) Eden regions: 14->0(44)
[2024-08-28T01:14:27.992+0000][info][gc,heap        ] GC(1202) Survivor regions: 7->7(7)
[2024-08-28T01:14:27.992+0000][info][gc,heap        ] GC(1202) Old regions: 972->989
[2024-08-28T01:14:27.992+0000][info][gc,heap        ] GC(1202) Archive regions: 2->2
[2024-08-28T01:14:27.992+0000][info][gc,heap        ] GC(1202) Humongous regions: 5->5
[2024-08-28T01:14:27.992+0000][info][gc,metaspace   ] GC(1202) Metaspace: 100K(320K)->100K(320K) NonClass: 96K(192K)->96K(192K) Class: 4K(128K)->4K(128K)
[2024-08-28T01:14:27.992+0000][info][gc             ] GC(1202) Pause Young (Normal) (G1 Preventive Collection) 991M->994M(1024M) 11.389ms
[2024-08-28T01:14:27.992+0000][info][gc,cpu         ] GC(1202) User=0.24s Sys=0.00s Real=0.01s
[2024-08-28T01:14:27.996+0000][info][gc,start       ] GC(1203) Pause Young (Normal) (G1 Preventive Collection)
[2024-08-28T01:14:27.996+0000][info][gc,task        ] GC(1203) Using 24 workers of 68 for evacuation
[2024-08-28T01:14:28.005+0000][info][gc             ] GC(1203) To-space exhausted
[2024-08-28T01:14:28.005+0000][info][gc,phases      ] GC(1203)   Pre Evacuate Collection Set: 0.2ms
[2024-08-28T01:14:28.005+0000][info][gc,phases      ] GC(1203)   Merge Heap Roots: 0.9ms
[2024-08-28T01:14:28.005+0000][info][gc,phases      ] GC(1203)   Evacuate Collection Set: 7.0ms
[2024-08-28T01:14:28.005+0000][info][gc,phases      ] GC(1203)   Post Evacuate Collection Set: 0.9ms
[2024-08-28T01:14:28.005+0000][info][gc,phases      ] GC(1203)   Other: 0.3ms
[2024-08-28T01:14:28.005+0000][info][gc,heap        ] GC(1203) Eden regions: 6->0(45)
[2024-08-28T01:14:28.005+0000][info][gc,heap        ] GC(1203) Survivor regions: 7->6(7)
[2024-08-28T01:14:28.006+0000][info][gc,heap        ] GC(1203) Old regions: 989->1010
[2024-08-28T01:14:28.006+0000][info][gc,heap        ] GC(1203) Archive regions: 2->2
[2024-08-28T01:14:28.006+0000][info][gc,heap        ] GC(1203) Humongous regions: 5->5
[2024-08-28T01:14:28.006+0000][info][gc,metaspace   ] GC(1203) Metaspace: 100K(320K)->100K(320K) NonClass: 96K(192K)->96K(192K) Class: 4K(128K)->4K(128K)
[2024-08-28T01:14:28.006+0000][info][gc             ] GC(1203) Pause Young (Normal) (G1 Preventive Collection) 1000M->1014M(1024M) 9.464ms
[2024-08-28T01:14:28.006+0000][info][gc,cpu         ] GC(1203) User=0.20s Sys=0.00s Real=0.01s
[2024-08-28T01:14:28.007+0000][info][gc,start       ] GC(1204) Pause Young (Normal) (G1 Evacuation Pause)
[2024-08-28T01:14:28.007+0000][info][gc,task        ] GC(1204) Using 24 workers of 68 for evacuation
[2024-08-28T01:14:28.015+0000][info][gc             ] GC(1204) To-space exhausted
[2024-08-28T01:14:28.015+0000][info][gc,phases      ] GC(1204)   Pre Evacuate Collection Set: 0.2ms
[2024-08-28T01:14:28.015+0000][info][gc,phases      ] GC(1204)   Merge Heap Roots: 1.0ms
[2024-08-28T01:14:28.015+0000][info][gc,phases      ] GC(1204)   Evacuate Collection Set: 5.6ms
[2024-08-28T01:14:28.015+0000][info][gc,phases      ] GC(1204)   Post Evacuate Collection Set: 1.1ms
[2024-08-28T01:14:28.015+0000][info][gc,phases      ] GC(1204)   Other: 0.3ms
[2024-08-28T01:14:28.015+0000][info][gc,heap        ] GC(1204) Eden regions: 1->0(51)
[2024-08-28T01:14:28.015+0000][info][gc,heap        ] GC(1204) Survivor regions: 6->0(0)
[2024-08-28T01:14:28.015+0000][info][gc,heap        ] GC(1204) Old regions: 1010->1017
[2024-08-28T01:14:28.015+0000][info][gc,heap        ] GC(1204) Archive regions: 2->2
[2024-08-28T01:14:28.015+0000][info][gc,heap        ] GC(1204) Humongous regions: 5->5
[2024-08-28T01:14:28.015+0000][info][gc,metaspace   ] GC(1204) Metaspace: 100K(320K)->100K(320K) NonClass: 96K(192K)->96K(192K) Class: 4K(128K)->4K(128K)
[2024-08-28T01:14:28.015+0000][info][gc             ] GC(1204) Pause Young (Normal) (G1 Evacuation Pause) 1015M->1015M(1024M) 8.156ms
[2024-08-28T01:14:28.015+0000][info][gc,cpu         ] GC(1204) User=0.16s Sys=0.00s Real=0.01s
[2024-08-28T01:14:28.015+0000][info][gc,ergo        ] Attempting full compaction
[2024-08-28T01:14:28.015+0000][info][gc,task        ] GC(1205) Using 24 workers of 68 for full compaction
[2024-08-28T01:14:28.015+0000][info][gc,start       ] GC(1205) Pause Full (G1 Compaction Pause)
[2024-08-28T01:14:28.016+0000][info][gc,phases,start] GC(1205) Phase 1: Mark live objects
[2024-08-28T01:14:28.031+0000][info][gc,phases      ] GC(1205) Phase 1: Mark live objects 14.815ms
[2024-08-28T01:14:28.031+0000][info][gc,phases,start] GC(1205) Phase 2: Prepare for compaction
[2024-08-28T01:14:28.040+0000][info][gc,phases      ] GC(1205) Phase 2: Prepare for compaction 8.907ms
[2024-08-28T01:14:28.040+0000][info][gc,phases,start] GC(1205) Phase 3: Adjust pointers
[2024-08-28T01:14:28.056+0000][info][gc,phases      ] GC(1205) Phase 3: Adjust pointers 16.249ms
[2024-08-28T01:14:28.056+0000][info][gc,phases,start] GC(1205) Phase 4: Compact heap
[2024-08-28T01:14:28.086+0000][info][gc,phases      ] GC(1205) Phase 4: Compact heap 29.566ms
[2024-08-28T01:14:28.088+0000][info][gc,heap        ] GC(1205) Eden regions: 0->0(149)
[2024-08-28T01:14:28.088+0000][info][gc,heap        ] GC(1205) Survivor regions: 0->0(0)
[2024-08-28T01:14:28.088+0000][info][gc,heap        ] GC(1205) Old regions: 1017->445
[2024-08-28T01:14:28.088+0000][info][gc,heap        ] GC(1205) Archive regions: 2->2
[2024-08-28T01:14:28.088+0000][info][gc,heap        ] GC(1205) Humongous regions: 5->5
[2024-08-28T01:14:28.088+0000][info][gc,metaspace   ] GC(1205) Metaspace: 100K(320K)->100K(320K) NonClass: 96K(192K)->96K(192K) Class: 4K(128K)->4K(128K)
[2024-08-28T01:14:28.088+0000][info][gc             ] GC(1205) Pause Full (G1 Compaction Pause) 1015M->437M(1024M) 72.221ms
[2024-08-28T01:14:28.088+0000][info][gc,cpu         ] GC(1205) User=1.55s Sys=0.00s Real=0.07s
[2024-08-28T01:14:28.088+0000][info][gc,marking     ] GC(1199) Concurrent Rebuild Remembered Sets 157.821ms
[2024-08-28T01:14:28.088+0000][info][gc,marking     ] GC(1199) Concurrent Mark Abort
[2024-08-28T01:14:28.088+0000][info][gc             ] GC(1199) Concurrent Mark Cycle 188.537ms
[2024-08-28T01:14:28.161+0000][info][gc,start       ] GC(1206) Pause Young (Normal) (G1 Evacuation Pause)
[2024-08-28T01:14:28.161+0000][info][gc,task        ] GC(1206) Using 24 workers of 68 for evacuation
[2024-08-28T01:14:28.185+0000][info][gc,phases      ] GC(1206)   Pre Evacuate Collection Set: 0.2ms
[2024-08-28T01:14:28.185+0000][info][gc,phases      ] GC(1206)   Merge Heap Roots: 0.5ms
[2024-08-28T01:14:28.185+0000][info][gc,phases      ] GC(1206)   Evacuate Collection Set: 22.5ms
[2024-08-28T01:14:28.185+0000][info][gc,phases      ] GC(1206)   Post Evacuate Collection Set: 0.4ms
[2024-08-28T01:14:28.185+0000][info][gc,phases      ] GC(1206)   Other: 0.3ms
[2024-08-28T01:14:28.185+0000][info][gc,heap        ] GC(1206) Eden regions: 149->0(103)
[2024-08-28T01:14:28.185+0000][info][gc,heap        ] GC(1206) Survivor regions: 0->19(19)
[2024-08-28T01:14:28.185+0000][info][gc,heap        ] GC(1206) Old regions: 445->571
[2024-08-28T01:14:28.185+0000][info][gc,heap        ] GC(1206) Archive regions: 2->2
[2024-08-28T01:14:28.185+0000][info][gc,heap        ] GC(1206) Humongous regions: 5->5
[2024-08-28T01:14:28.185+0000][info][gc,metaspace   ] GC(1206) Metaspace: 100K(320K)->100K(320K) NonClass: 96K(192K)->96K(192K) Class: 4K(128K)->4K(128K)
[2024-08-28T01:14:28.185+0000][info][gc             ] GC(1206) Pause Young (Normal) (G1 Evacuation Pause) 586M->582M(1024M) 23.998ms
[2024-08-28T01:14:28.185+0000][info][gc,cpu         ] GC(1206) User=0.53s Sys=0.01s Real=0.02s
[2024-08-28T01:14:28.234+0000][info][gc,start       ] GC(1207) Pause Young (Concurrent Start) (G1 Evacuation Pause)
[2024-08-28T01:14:28.234+0000][info][gc,task        ] GC(1207) Using 24 workers of 68 for evacuation
[2024-08-28T01:14:28.255+0000][info][gc,phases      ] GC(1207)   Pre Evacuate Collection Set: 0.1ms
[2024-08-28T01:14:28.255+0000][info][gc,phases      ] GC(1207)   Merge Heap Roots: 0.6ms
[2024-08-28T01:14:28.255+0000][info][gc,phases      ] GC(1207)   Evacuate Collection Set: 18.7ms
[2024-08-28T01:14:28.255+0000][info][gc,phases      ] GC(1207)   Post Evacuate Collection Set: 0.4ms
[2024-08-28T01:14:28.255+0000][info][gc,phases      ] GC(1207)   Other: 0.8ms
[2024-08-28T01:14:28.255+0000][info][gc,heap        ] GC(1207) Eden regions: 103->0(69)
[2024-08-28T01:14:28.255+0000][info][gc,heap        ] GC(1207) Survivor regions: 19->16(16)
[2024-08-28T01:14:28.255+0000][info][gc,heap        ] GC(1207) Old regions: 571->678
[2024-08-28T01:14:28.255+0000][info][gc,heap        ] GC(1207) Archive regions: 2->2
[2024-08-28T01:14:28.255+0000][info][gc,heap        ] GC(1207) Humongous regions: 5->5
[2024-08-28T01:14:28.255+0000][info][gc,metaspace   ] GC(1207) Metaspace: 100K(320K)->100K(320K) NonClass: 96K(192K)->96K(192K) Class: 4K(128K)->4K(128K)
[2024-08-28T01:14:28.255+0000][info][gc             ] GC(1207) Pause Young (Concurrent Start) (G1 Evacuation Pause) 685M->686M(1024M) 20.778ms
[2024-08-28T01:14:28.255+0000][info][gc,cpu         ] GC(1207) User=0.46s Sys=0.00s Real=0.02s
[2024-08-28T01:14:28.255+0000][info][gc             ] GC(1208) Concurrent Mark Cycle
[2024-08-28T01:14:28.255+0000][info][gc,marking     ] GC(1208) Concurrent Clear Claimed Marks
[2024-08-28T01:14:28.255+0000][info][gc,marking     ] GC(1208) Concurrent Clear Claimed Marks 0.010ms
[2024-08-28T01:14:28.255+0000][info][gc,marking     ] GC(1208) Concurrent Scan Root Regions
[2024-08-28T01:14:28.259+0000][info][gc,marking     ] GC(1208) Concurrent Scan Root Regions 3.391ms
[2024-08-28T01:14:28.259+0000][info][gc,marking     ] GC(1208) Concurrent Mark
[2024-08-28T01:14:28.259+0000][info][gc,marking     ] GC(1208) Concurrent Mark From Roots
[2024-08-28T01:14:28.259+0000][info][gc,task        ] GC(1208) Using 17 workers of 17 for marking
[2024-08-28T01:14:28.280+0000][info][gc,marking     ] GC(1208) Concurrent Mark From Roots 21.409ms
[2024-08-28T01:14:28.280+0000][info][gc,marking     ] GC(1208) Concurrent Preclean
[2024-08-28T01:14:28.281+0000][info][gc,marking     ] GC(1208) Concurrent Preclean 0.558ms
[2024-08-28T01:14:28.281+0000][info][gc,start       ] GC(1208) Pause Remark
[2024-08-28T01:14:28.283+0000][info][gc             ] GC(1208) Pause Remark 723M->723M(1024M) 1.530ms
[2024-08-28T01:14:28.283+0000][info][gc,cpu         ] GC(1208) User=0.01s Sys=0.00s Real=0.00s
[2024-08-28T01:14:28.283+0000][info][gc,marking     ] GC(1208) Concurrent Mark 23.946ms
[2024-08-28T01:14:28.283+0000][info][gc,marking     ] GC(1208) Concurrent Rebuild Remembered Sets
[2024-08-28T01:14:28.298+0000][info][gc,start       ] GC(1209) Pause Young (Normal) (G1 Evacuation Pause)
[2024-08-28T01:14:28.299+0000][info][gc,task        ] GC(1209) Using 24 workers of 68 for evacuation
[2024-08-28T01:14:28.315+0000][info][gc,phases      ] GC(1209)   Pre Evacuate Collection Set: 0.2ms
[2024-08-28T01:14:28.315+0000][info][gc,phases      ] GC(1209)   Merge Heap Roots: 0.4ms
[2024-08-28T01:14:28.315+0000][info][gc,phases      ] GC(1209)   Evacuate Collection Set: 15.3ms
[2024-08-28T01:14:28.315+0000][info][gc,phases      ] GC(1209)   Post Evacuate Collection Set: 0.7ms
[2024-08-28T01:14:28.315+0000][info][gc,phases      ] GC(1209)   Other: 0.3ms
[2024-08-28T01:14:28.315+0000][info][gc,heap        ] GC(1209) Eden regions: 69->0(46)
[2024-08-28T01:14:28.315+0000][info][gc,heap        ] GC(1209) Survivor regions: 16->11(11)
[2024-08-28T01:14:28.315+0000][info][gc,heap        ] GC(1209) Old regions: 678->755
[2024-08-28T01:14:28.315+0000][info][gc,heap        ] GC(1209) Archive regions: 2->2
[2024-08-28T01:14:28.315+0000][info][gc,heap        ] GC(1209) Humongous regions: 5->5
[2024-08-28T01:14:28.315+0000][info][gc,metaspace   ] GC(1209) Metaspace: 100K(320K)->100K(320K) NonClass: 96K(192K)->96K(192K) Class: 4K(128K)->4K(128K)
[2024-08-28T01:14:28.315+0000][info][gc             ] GC(1209) Pause Young (Normal) (G1 Evacuation Pause) 755M->758M(1024M) 16.965ms
[2024-08-28T01:14:28.315+0000][info][gc,cpu         ] GC(1209) User=0.38s Sys=0.00s Real=0.01s
[2024-08-28T01:14:28.339+0000][info][gc,start       ] GC(1210) Pause Young (Normal) (G1 Evacuation Pause)
[2024-08-28T01:14:28.340+0000][info][gc,task        ] GC(1210) Using 24 workers of 68 for evacuation
[2024-08-28T01:14:28.361+0000][info][gc,phases      ] GC(1210)   Pre Evacuate Collection Set: 0.2ms
[2024-08-28T01:14:28.361+0000][info][gc,phases      ] GC(1210)   Merge Heap Roots: 0.8ms
[2024-08-28T01:14:28.361+0000][info][gc,phases      ] GC(1210)   Evacuate Collection Set: 19.1ms
[2024-08-28T01:14:28.361+0000][info][gc,phases      ] GC(1210)   Post Evacuate Collection Set: 0.8ms
[2024-08-28T01:14:28.361+0000][info][gc,phases      ] GC(1210)   Other: 0.3ms
[2024-08-28T01:14:28.361+0000][info][gc,heap        ] GC(1210) Eden regions: 46->0(43)
[2024-08-28T01:14:28.361+0000][info][gc,heap        ] GC(1210) Survivor regions: 11->8(8)
[2024-08-28T01:14:28.361+0000][info][gc,heap        ] GC(1210) Old regions: 755->808
[2024-08-28T01:14:28.361+0000][info][gc,heap        ] GC(1210) Archive regions: 2->2
[2024-08-28T01:14:28.361+0000][info][gc,heap        ] GC(1210) Humongous regions: 5->5
[2024-08-28T01:14:28.361+0000][info][gc,metaspace   ] GC(1210) Metaspace: 100K(320K)->100K(320K) NonClass: 96K(192K)->96K(192K) Class: 4K(128K)->4K(128K)
[2024-08-28T01:14:28.361+0000][info][gc             ] GC(1210) Pause Young (Normal) (G1 Evacuation Pause) 804M->808M(1024M) 21.388ms
[2024-08-28T01:14:28.361+0000][info][gc,cpu         ] GC(1210) User=0.49s Sys=0.00s Real=0.02s
[2024-08-28T01:14:28.368+0000][info][gc,marking     ] GC(1208) Concurrent Rebuild Remembered Sets 85.270ms
[2024-08-28T01:14:28.368+0000][info][gc,start       ] GC(1208) Pause Cleanup
[2024-08-28T01:14:28.371+0000][info][gc             ] GC(1208) Pause Cleanup 821M->821M(1024M) 2.525ms
[2024-08-28T01:14:28.371+0000][info][gc,cpu         ] GC(1208) User=0.00s Sys=0.00s Real=0.01s
[2024-08-28T01:14:28.371+0000][info][gc,marking     ] GC(1208) Concurrent Cleanup for Next Mark
[2024-08-28T01:14:28.372+0000][info][gc,marking     ] GC(1208) Concurrent Cleanup for Next Mark 0.664ms
[2024-08-28T01:14:28.372+0000][info][gc             ] GC(1208) Concurrent Mark Cycle 116.508ms
[2024-08-28T01:14:28.387+0000][info][gc,start       ] GC(1211) Pause Young (Prepare Mixed) (G1 Evacuation Pause)
[2024-08-28T01:14:28.387+0000][info][gc,task        ] GC(1211) Using 24 workers of 68 for evacuation
[2024-08-28T01:14:28.406+0000][info][gc,phases      ] GC(1211)   Pre Evacuate Collection Set: 0.1ms
[2024-08-28T01:14:28.406+0000][info][gc,phases      ] GC(1211)   Merge Heap Roots: 1.1ms
[2024-08-28T01:14:28.406+0000][info][gc,phases      ] GC(1211)   Evacuate Collection Set: 17.3ms
[2024-08-28T01:14:28.406+0000][info][gc,phases      ] GC(1211)   Post Evacuate Collection Set: 0.4ms
[2024-08-28T01:14:28.406+0000][info][gc,phases      ] GC(1211)   Other: 0.2ms
[2024-08-28T01:14:28.406+0000][info][gc,heap        ] GC(1211) Eden regions: 43->0(44)
[2024-08-28T01:14:28.406+0000][info][gc,heap        ] GC(1211) Survivor regions: 8->7(7)
[2024-08-28T01:14:28.406+0000][info][gc,heap        ] GC(1211) Old regions: 808->856
[2024-08-28T01:14:28.406+0000][info][gc,heap        ] GC(1211) Archive regions: 2->2
[2024-08-28T01:14:28.406+0000][info][gc,heap        ] GC(1211) Humongous regions: 5->5
[2024-08-28T01:14:28.406+0000][info][gc,metaspace   ] GC(1211) Metaspace: 100K(320K)->100K(320K) NonClass: 96K(192K)->96K(192K) Class: 4K(128K)->4K(128K)
[2024-08-28T01:14:28.406+0000][info][gc             ] GC(1211) Pause Young (Prepare Mixed) (G1 Evacuation Pause) 851M->855M(1024M) 19.302ms
[2024-08-28T01:14:28.406+0000][info][gc,cpu         ] GC(1211) User=0.44s Sys=0.00s Real=0.02s
[2024-08-28T01:14:28.428+0000][info][gc,start       ] GC(1212) Pause Young (Mixed) (G1 Evacuation Pause)
[2024-08-28T01:14:28.428+0000][info][gc,task        ] GC(1212) Using 24 workers of 68 for evacuation
[2024-08-28T01:14:28.440+0000][info][gc,phases      ] GC(1212)   Pre Evacuate Collection Set: 0.2ms
[2024-08-28T01:14:28.440+0000][info][gc,phases      ] GC(1212)   Merge Heap Roots: 0.4ms
[2024-08-28T01:14:28.440+0000][info][gc,phases      ] GC(1212)   Evacuate Collection Set: 10.9ms
[2024-08-28T01:14:28.440+0000][info][gc,phases      ] GC(1212)   Post Evacuate Collection Set: 0.5ms
[2024-08-28T01:14:28.440+0000][info][gc,phases      ] GC(1212)   Other: 0.2ms
[2024-08-28T01:14:28.440+0000][info][gc,heap        ] GC(1212) Eden regions: 44->0(44)
[2024-08-28T01:14:28.440+0000][info][gc,heap        ] GC(1212) Survivor regions: 7->7(7)
[2024-08-28T01:14:28.440+0000][info][gc,heap        ] GC(1212) Old regions: 856->842
[2024-08-28T01:14:28.440+0000][info][gc,heap        ] GC(1212) Archive regions: 2->2
[2024-08-28T01:14:28.440+0000][info][gc,heap        ] GC(1212) Humongous regions: 5->5
[2024-08-28T01:14:28.440+0000][info][gc,metaspace   ] GC(1212) Metaspace: 100K(320K)->100K(320K) NonClass: 96K(192K)->96K(192K) Class: 4K(128K)->4K(128K)
[2024-08-28T01:14:28.440+0000][info][gc             ] GC(1212) Pause Young (Mixed) (G1 Evacuation Pause) 899M->842M(1024M) 12.271ms
[2024-08-28T01:14:28.440+0000][info][gc,cpu         ] GC(1212) User=0.27s Sys=0.00s Real=0.02s
[2024-08-28T01:14:28.462+0000][info][gc,start       ] GC(1213) Pause Young (Mixed) (G1 Evacuation Pause)
[2024-08-28T01:14:28.462+0000][info][gc,task        ] GC(1213) Using 24 workers of 68 for evacuation
[2024-08-28T01:14:28.474+0000][info][gc,phases      ] GC(1213)   Pre Evacuate Collection Set: 0.2ms
[2024-08-28T01:14:28.474+0000][info][gc,phases      ] GC(1213)   Merge Heap Roots: 0.6ms
[2024-08-28T01:14:28.474+0000][info][gc,phases      ] GC(1213)   Evacuate Collection Set: 10.9ms
[2024-08-28T01:14:28.474+0000][info][gc,phases      ] GC(1213)   Post Evacuate Collection Set: 0.4ms
[2024-08-28T01:14:28.474+0000][info][gc,phases      ] GC(1213)   Other: 0.2ms
[2024-08-28T01:14:28.474+0000][info][gc,heap        ] GC(1213) Eden regions: 44->0(44)
[2024-08-28T01:14:28.474+0000][info][gc,heap        ] GC(1213) Survivor regions: 7->7(7)
[2024-08-28T01:14:28.474+0000][info][gc,heap        ] GC(1213) Old regions: 842->827
[2024-08-28T01:14:28.474+0000][info][gc,heap        ] GC(1213) Archive regions: 2->2
[2024-08-28T01:14:28.474+0000][info][gc,heap        ] GC(1213) Humongous regions: 5->5
[2024-08-28T01:14:28.474+0000][info][gc,metaspace   ] GC(1213) Metaspace: 100K(320K)->100K(320K) NonClass: 96K(192K)->96K(192K) Class: 4K(128K)->4K(128K)
[2024-08-28T01:14:28.474+0000][info][gc             ] GC(1213) Pause Young (Mixed) (G1 Evacuation Pause) 886M->827M(1024M) 12.454ms
[2024-08-28T01:14:28.474+0000][info][gc,cpu         ] GC(1213) User=0.28s Sys=0.00s Real=0.01s
[2024-08-28T01:14:28.497+0000][info][gc,start       ] GC(1214) Pause Young (Mixed) (G1 Evacuation Pause)
[2024-08-28T01:14:28.497+0000][info][gc,task        ] GC(1214) Using 24 workers of 68 for evacuation
[2024-08-28T01:14:28.509+0000][info][gc,phases      ] GC(1214)   Pre Evacuate Collection Set: 0.2ms
[2024-08-28T01:14:28.509+0000][info][gc,phases      ] GC(1214)   Merge Heap Roots: 0.4ms
[2024-08-28T01:14:28.509+0000][info][gc,phases      ] GC(1214)   Evacuate Collection Set: 11.1ms
[2024-08-28T01:14:28.509+0000][info][gc,phases      ] GC(1214)   Post Evacuate Collection Set: 0.4ms
[2024-08-28T01:14:28.509+0000][info][gc,phases      ] GC(1214)   Other: 0.3ms
[2024-08-28T01:14:28.509+0000][info][gc,heap        ] GC(1214) Eden regions: 44->0(44)
[2024-08-28T01:14:28.509+0000][info][gc,heap        ] GC(1214) Survivor regions: 7->7(7)
[2024-08-28T01:14:28.509+0000][info][gc,heap        ] GC(1214) Old regions: 827->812
[2024-08-28T01:14:28.509+0000][info][gc,heap        ] GC(1214) Archive regions: 2->2
[2024-08-28T01:14:28.509+0000][info][gc,heap        ] GC(1214) Humongous regions: 5->5
[2024-08-28T01:14:28.509+0000][info][gc,metaspace   ] GC(1214) Metaspace: 100K(320K)->100K(320K) NonClass: 96K(192K)->96K(192K) Class: 4K(128K)->4K(128K)
[2024-08-28T01:14:28.509+0000][info][gc             ] GC(1214) Pause Young (Mixed) (G1 Evacuation Pause) 871M->815M(1024M) 12.388ms
[2024-08-28T01:14:28.509+0000][info][gc,cpu         ] GC(1214) User=0.27s Sys=0.00s Real=0.01s
[2024-08-28T01:14:28.531+0000][info][gc,start       ] GC(1215) Pause Young (Mixed) (G1 Evacuation Pause)
[2024-08-28T01:14:28.531+0000][info][gc,task        ] GC(1215) Using 24 workers of 68 for evacuation
[2024-08-28T01:14:28.542+0000][info][gc,phases      ] GC(1215)   Pre Evacuate Collection Set: 0.2ms
[2024-08-28T01:14:28.542+0000][info][gc,phases      ] GC(1215)   Merge Heap Roots: 0.6ms
[2024-08-28T01:14:28.542+0000][info][gc,phases      ] GC(1215)   Evacuate Collection Set: 10.2ms
[2024-08-28T01:14:28.542+0000][info][gc,phases      ] GC(1215)   Post Evacuate Collection Set: 0.4ms
[2024-08-28T01:14:28.542+0000][info][gc,phases      ] GC(1215)   Other: 0.2ms
[2024-08-28T01:14:28.542+0000][info][gc,heap        ] GC(1215) Eden regions: 44->0(44)
[2024-08-28T01:14:28.542+0000][info][gc,heap        ] GC(1215) Survivor regions: 7->7(7)
[2024-08-28T01:14:28.542+0000][info][gc,heap        ] GC(1215) Old regions: 812->847
[2024-08-28T01:14:28.542+0000][info][gc,heap        ] GC(1215) Archive regions: 2->2
[2024-08-28T01:14:28.542+0000][info][gc,heap        ] GC(1215) Humongous regions: 5->5
[2024-08-28T01:14:28.542+0000][info][gc,metaspace   ] GC(1215) Metaspace: 100K(320K)->100K(320K) NonClass: 96K(192K)->96K(192K) Class: 4K(128K)->4K(128K)
[2024-08-28T01:14:28.542+0000][info][gc             ] GC(1215) Pause Young (Mixed) (G1 Evacuation Pause) 859M->852M(1024M) 11.640ms
[2024-08-28T01:14:28.542+0000][info][gc,cpu         ] GC(1215) User=0.23s Sys=0.02s Real=0.01s
[2024-08-28T01:14:28.564+0000][info][gc,start       ] GC(1216) Pause Young (Concurrent Start) (G1 Evacuation Pause)
[2024-08-28T01:14:28.564+0000][info][gc,task        ] GC(1216) Using 24 workers of 68 for evacuation
[2024-08-28T01:14:28.576+0000][info][gc,phases      ] GC(1216)   Pre Evacuate Collection Set: 0.2ms
[2024-08-28T01:14:28.576+0000][info][gc,phases      ] GC(1216)   Merge Heap Roots: 0.7ms
[2024-08-28T01:14:28.576+0000][info][gc,phases      ] GC(1216)   Evacuate Collection Set: 10.2ms
[2024-08-28T01:14:28.576+0000][info][gc,phases      ] GC(1216)   Post Evacuate Collection Set: 0.4ms
[2024-08-28T01:14:28.576+0000][info][gc,phases      ] GC(1216)   Other: 0.8ms
[2024-08-28T01:14:28.576+0000][info][gc,heap        ] GC(1216) Eden regions: 44->0(44)
[2024-08-28T01:14:28.576+0000][info][gc,heap        ] GC(1216) Survivor regions: 7->7(7)
[2024-08-28T01:14:28.576+0000][info][gc,heap        ] GC(1216) Old regions: 847->894
[2024-08-28T01:14:28.576+0000][info][gc,heap        ] GC(1216) Archive regions: 2->2
[2024-08-28T01:14:28.576+0000][info][gc,heap        ] GC(1216) Humongous regions: 5->5
[2024-08-28T01:14:28.576+0000][info][gc,metaspace   ] GC(1216) Metaspace: 100K(320K)->100K(320K) NonClass: 96K(192K)->96K(192K) Class: 4K(128K)->4K(128K)
[2024-08-28T01:14:28.576+0000][info][gc             ] GC(1216) Pause Young (Concurrent Start) (G1 Evacuation Pause) 896M->899M(1024M) 12.346ms
[2024-08-28T01:14:28.576+0000][info][gc,cpu         ] GC(1216) User=0.26s Sys=0.00s Real=0.01s
[2024-08-28T01:14:28.576+0000][info][gc             ] GC(1217) Concurrent Mark Cycle
[2024-08-28T01:14:28.576+0000][info][gc,marking     ] GC(1217) Concurrent Clear Claimed Marks
[2024-08-28T01:14:28.576+0000][info][gc,marking     ] GC(1217) Concurrent Clear Claimed Marks 0.011ms
[2024-08-28T01:14:28.576+0000][info][gc,marking     ] GC(1217) Concurrent Scan Root Regions
[2024-08-28T01:14:28.578+0000][info][gc,marking     ] GC(1217) Concurrent Scan Root Regions 1.759ms
[2024-08-28T01:14:28.578+0000][info][gc,marking     ] GC(1217) Concurrent Mark
[2024-08-28T01:14:28.578+0000][info][gc,marking     ] GC(1217) Concurrent Mark From Roots
[2024-08-28T01:14:28.578+0000][info][gc,task        ] GC(1217) Using 17 workers of 17 for marking
[2024-08-28T01:14:28.602+0000][info][gc,marking     ] GC(1217) Concurrent Mark From Roots 24.291ms
[2024-08-28T01:14:28.603+0000][info][gc,marking     ] GC(1217) Concurrent Preclean
[2024-08-28T01:14:28.603+0000][info][gc,marking     ] GC(1217) Concurrent Preclean 0.557ms
[2024-08-28T01:14:28.603+0000][info][gc,start       ] GC(1217) Pause Remark
[2024-08-28T01:14:28.605+0000][info][gc             ] GC(1217) Pause Remark 937M->937M(1024M) 1.784ms
[2024-08-28T01:14:28.605+0000][info][gc,cpu         ] GC(1217) User=0.01s Sys=0.00s Real=0.00s
[2024-08-28T01:14:28.605+0000][info][gc,marking     ] GC(1217) Concurrent Mark 27.024ms
[2024-08-28T01:14:28.605+0000][info][gc,marking     ] GC(1217) Concurrent Rebuild Remembered Sets
[2024-08-28T01:14:28.609+0000][info][gc,start       ] GC(1218) Pause Young (Normal) (G1 Evacuation Pause)
[2024-08-28T01:14:28.609+0000][info][gc,task        ] GC(1218) Using 24 workers of 68 for evacuation
[2024-08-28T01:14:28.620+0000][info][gc,phases      ] GC(1218)   Pre Evacuate Collection Set: 0.2ms
[2024-08-28T01:14:28.621+0000][info][gc,phases      ] GC(1218)   Merge Heap Roots: 0.6ms
[2024-08-28T01:14:28.621+0000][info][gc,phases      ] GC(1218)   Evacuate Collection Set: 9.7ms
[2024-08-28T01:14:28.621+0000][info][gc,phases      ] GC(1218)   Post Evacuate Collection Set: 0.5ms
[2024-08-28T01:14:28.621+0000][info][gc,phases      ] GC(1218)   Other: 0.3ms
[2024-08-28T01:14:28.621+0000][info][gc,heap        ] GC(1218) Eden regions: 44->0(44)
[2024-08-28T01:14:28.621+0000][info][gc,heap        ] GC(1218) Survivor regions: 7->7(7)
[2024-08-28T01:14:28.621+0000][info][gc,heap        ] GC(1218) Old regions: 894->940
[2024-08-28T01:14:28.621+0000][info][gc,heap        ] GC(1218) Archive regions: 2->2
[2024-08-28T01:14:28.621+0000][info][gc,heap        ] GC(1218) Humongous regions: 5->5
[2024-08-28T01:14:28.621+0000][info][gc,metaspace   ] GC(1218) Metaspace: 100K(320K)->100K(320K) NonClass: 96K(192K)->96K(192K) Class: 4K(128K)->4K(128K)
[2024-08-28T01:14:28.621+0000][info][gc             ] GC(1218) Pause Young (Normal) (G1 Evacuation Pause) 943M->945M(1024M) 11.445ms
[2024-08-28T01:14:28.621+0000][info][gc,cpu         ] GC(1218) User=0.24s Sys=0.00s Real=0.02s
[2024-08-28T01:14:28.637+0000][info][gc,start       ] GC(1219) Pause Young (Normal) (G1 Preventive Collection)
[2024-08-28T01:14:28.637+0000][info][gc,task        ] GC(1219) Using 24 workers of 68 for evacuation
[2024-08-28T01:14:28.650+0000][info][gc             ] GC(1219) To-space exhausted
[2024-08-28T01:14:28.650+0000][info][gc,phases      ] GC(1219)   Pre Evacuate Collection Set: 0.2ms
[2024-08-28T01:14:28.650+0000][info][gc,phases      ] GC(1219)   Merge Heap Roots: 0.8ms
[2024-08-28T01:14:28.650+0000][info][gc,phases      ] GC(1219)   Evacuate Collection Set: 11.3ms
[2024-08-28T01:14:28.650+0000][info][gc,phases      ] GC(1219)   Post Evacuate Collection Set: 1.0ms
[2024-08-28T01:14:28.650+0000][info][gc,phases      ] GC(1219)   Other: 0.4ms
[2024-08-28T01:14:28.650+0000][info][gc,heap        ] GC(1219) Eden regions: 30->0(44)
[2024-08-28T01:14:28.650+0000][info][gc,heap        ] GC(1219) Survivor regions: 7->7(7)
[2024-08-28T01:14:28.650+0000][info][gc,heap        ] GC(1219) Old regions: 940->989
[2024-08-28T01:14:28.650+0000][info][gc,heap        ] GC(1219) Archive regions: 2->2
[2024-08-28T01:14:28.650+0000][info][gc,heap        ] GC(1219) Humongous regions: 5->5
[2024-08-28T01:14:28.650+0000][info][gc,metaspace   ] GC(1219) Metaspace: 100K(320K)->100K(320K) NonClass: 96K(192K)->96K(192K) Class: 4K(128K)->4K(128K)
[2024-08-28T01:14:28.651+0000][info][gc             ] GC(1219) Pause Young (Normal) (G1 Preventive Collection) 975M->994M(1024M) 13.783ms
[2024-08-28T01:14:28.651+0000][info][gc,cpu         ] GC(1219) User=0.30s Sys=0.00s Real=0.02s
[2024-08-28T01:14:28.654+0000][info][gc,start       ] GC(1220) Pause Young (Normal) (G1 Preventive Collection)
[2024-08-28T01:14:28.654+0000][info][gc,task        ] GC(1220) Using 24 workers of 68 for evacuation
[2024-08-28T01:14:28.665+0000][info][gc             ] GC(1220) To-space exhausted
[2024-08-28T01:14:28.665+0000][info][gc,phases      ] GC(1220)   Pre Evacuate Collection Set: 0.2ms
[2024-08-28T01:14:28.665+0000][info][gc,phases      ] GC(1220)   Merge Heap Roots: 0.9ms
[2024-08-28T01:14:28.665+0000][info][gc,phases      ] GC(1220)   Evacuate Collection Set: 8.5ms
[2024-08-28T01:14:28.665+0000][info][gc,phases      ] GC(1220)   Post Evacuate Collection Set: 0.9ms
[2024-08-28T01:14:28.665+0000][info][gc,phases      ] GC(1220)   Other: 0.3ms
[2024-08-28T01:14:28.665+0000][info][gc,heap        ] GC(1220) Eden regions: 6->0(45)
[2024-08-28T01:14:28.665+0000][info][gc,heap        ] GC(1220) Survivor regions: 7->6(7)
[2024-08-28T01:14:28.665+0000][info][gc,heap        ] GC(1220) Old regions: 989->1011
[2024-08-28T01:14:28.665+0000][info][gc,heap        ] GC(1220) Archive regions: 2->2
[2024-08-28T01:14:28.665+0000][info][gc,heap        ] GC(1220) Humongous regions: 5->5
[2024-08-28T01:14:28.665+0000][info][gc,metaspace   ] GC(1220) Metaspace: 100K(320K)->100K(320K) NonClass: 96K(192K)->96K(192K) Class: 4K(128K)->4K(128K)
[2024-08-28T01:14:28.665+0000][info][gc             ] GC(1220) Pause Young (Normal) (G1 Preventive Collection) 1000M->1015M(1024M) 10.909ms
[2024-08-28T01:14:28.665+0000][info][gc,cpu         ] GC(1220) User=0.24s Sys=0.00s Real=0.01s
[2024-08-28T01:14:28.665+0000][info][gc,ergo        ] Attempting full compaction
[2024-08-28T01:14:28.665+0000][info][gc,task        ] GC(1221) Using 24 workers of 68 for full compaction
[2024-08-28T01:14:28.666+0000][info][gc,start       ] GC(1221) Pause Full (G1 Compaction Pause)
[2024-08-28T01:14:28.666+0000][info][gc,phases,start] GC(1221) Phase 1: Mark live objects
[2024-08-28T01:14:28.681+0000][info][gc,phases      ] GC(1221) Phase 1: Mark live objects 14.900ms
[2024-08-28T01:14:28.681+0000][info][gc,phases,start] GC(1221) Phase 2: Prepare for compaction
[2024-08-28T01:14:28.690+0000][info][gc,phases      ] GC(1221) Phase 2: Prepare for compaction 9.169ms
[2024-08-28T01:14:28.691+0000][info][gc,phases,start] GC(1221) Phase 3: Adjust pointers
[2024-08-28T01:14:28.706+0000][info][gc,phases      ] GC(1221) Phase 3: Adjust pointers 15.512ms
[2024-08-28T01:14:28.706+0000][info][gc,phases,start] GC(1221) Phase 4: Compact heap
[2024-08-28T01:14:28.736+0000][info][gc,phases      ] GC(1221) Phase 4: Compact heap 29.897ms
[2024-08-28T01:14:28.738+0000][info][gc,heap        ] GC(1221) Eden regions: 0->0(149)
[2024-08-28T01:14:28.738+0000][info][gc,heap        ] GC(1221) Survivor regions: 6->0(7)
[2024-08-28T01:14:28.738+0000][info][gc,heap        ] GC(1221) Old regions: 1011->444
[2024-08-28T01:14:28.738+0000][info][gc,heap        ] GC(1221) Archive regions: 2->2
[2024-08-28T01:14:28.738+0000][info][gc,heap        ] GC(1221) Humongous regions: 5->5
[2024-08-28T01:14:28.738+0000][info][gc,metaspace   ] GC(1221) Metaspace: 100K(320K)->100K(320K) NonClass: 96K(192K)->96K(192K) Class: 4K(128K)->4K(128K)
[2024-08-28T01:14:28.738+0000][info][gc             ] GC(1221) Pause Full (G1 Compaction Pause) 1015M->437M(1024M) 72.243ms
[2024-08-28T01:14:28.738+0000][info][gc,cpu         ] GC(1221) User=1.55s Sys=0.01s Real=0.08s
[2024-08-28T01:14:28.738+0000][info][gc,marking     ] GC(1217) Concurrent Rebuild Remembered Sets 133.067ms
[2024-08-28T01:14:28.738+0000][info][gc,marking     ] GC(1217) Concurrent Mark Abort
[2024-08-28T01:14:28.738+0000][info][gc             ] GC(1217) Concurrent Mark Cycle 162.083ms
[2024-08-28T01:14:28.811+0000][info][gc,start       ] GC(1222) Pause Young (Normal) (G1 Evacuation Pause)
[2024-08-28T01:14:28.811+0000][info][gc,task        ] GC(1222) Using 24 workers of 68 for evacuation
[2024-08-28T01:14:28.835+0000][info][gc,phases      ] GC(1222)   Pre Evacuate Collection Set: 0.2ms
[2024-08-28T01:14:28.835+0000][info][gc,phases      ] GC(1222)   Merge Heap Roots: 0.6ms
[2024-08-28T01:14:28.835+0000][info][gc,phases      ] GC(1222)   Evacuate Collection Set: 22.1ms
[2024-08-28T01:14:28.835+0000][info][gc,phases      ] GC(1222)   Post Evacuate Collection Set: 0.4ms
[2024-08-28T01:14:28.835+0000][info][gc,phases      ] GC(1222)   Other: 0.3ms
[2024-08-28T01:14:28.835+0000][info][gc,heap        ] GC(1222) Eden regions: 149->0(103)
[2024-08-28T01:14:28.835+0000][info][gc,heap        ] GC(1222) Survivor regions: 0->19(19)
[2024-08-28T01:14:28.835+0000][info][gc,heap        ] GC(1222) Old regions: 444->570
[2024-08-28T01:14:28.835+0000][info][gc,heap        ] GC(1222) Archive regions: 2->2
[2024-08-28T01:14:28.835+0000][info][gc,heap        ] GC(1222) Humongous regions: 5->5
[2024-08-28T01:14:28.835+0000][info][gc,metaspace   ] GC(1222) Metaspace: 100K(320K)->100K(320K) NonClass: 96K(192K)->96K(192K) Class: 4K(128K)->4K(128K)
[2024-08-28T01:14:28.835+0000][info][gc             ] GC(1222) Pause Young (Normal) (G1 Evacuation Pause) 586M->582M(1024M) 23.640ms
[2024-08-28T01:14:28.835+0000][info][gc,cpu         ] GC(1222) User=0.54s Sys=0.00s Real=0.02s
[2024-08-28T01:14:28.883+0000][info][gc,start       ] GC(1223) Pause Young (Concurrent Start) (G1 Evacuation Pause)
[2024-08-28T01:14:28.883+0000][info][gc,task        ] GC(1223) Using 24 workers of 68 for evacuation
[2024-08-28T01:14:28.905+0000][info][gc,phases      ] GC(1223)   Pre Evacuate Collection Set: 0.2ms
[2024-08-28T01:14:28.905+0000][info][gc,phases      ] GC(1223)   Merge Heap Roots: 0.6ms
[2024-08-28T01:14:28.905+0000][info][gc,phases      ] GC(1223)   Evacuate Collection Set: 19.5ms
[2024-08-28T01:14:28.905+0000][info][gc,phases      ] GC(1223)   Post Evacuate Collection Set: 0.4ms
[2024-08-28T01:14:28.905+0000][info][gc,phases      ] GC(1223)   Other: 0.9ms
[2024-08-28T01:14:28.905+0000][info][gc,heap        ] GC(1223) Eden regions: 103->0(70)
[2024-08-28T01:14:28.905+0000][info][gc,heap        ] GC(1223) Survivor regions: 19->16(16)
[2024-08-28T01:14:28.905+0000][info][gc,heap        ] GC(1223) Old regions: 570->676
[2024-08-28T01:14:28.905+0000][info][gc,heap        ] GC(1223) Archive regions: 2->2
[2024-08-28T01:14:28.905+0000][info][gc,heap        ] GC(1223) Humongous regions: 5->5
[2024-08-28T01:14:28.905+0000][info][gc,metaspace   ] GC(1223) Metaspace: 100K(320K)->100K(320K) NonClass: 96K(192K)->96K(192K) Class: 4K(128K)->4K(128K)
[2024-08-28T01:14:28.905+0000][info][gc             ] GC(1223) Pause Young (Concurrent Start) (G1 Evacuation Pause) 685M->684M(1024M) 21.600ms
[2024-08-28T01:14:28.905+0000][info][gc,cpu         ] GC(1223) User=0.48s Sys=0.00s Real=0.02s
[2024-08-28T01:14:28.905+0000][info][gc             ] GC(1224) Concurrent Mark Cycle
[2024-08-28T01:14:28.905+0000][info][gc,marking     ] GC(1224) Concurrent Clear Claimed Marks
[2024-08-28T01:14:28.905+0000][info][gc,marking     ] GC(1224) Concurrent Clear Claimed Marks 0.011ms
[2024-08-28T01:14:28.905+0000][info][gc,marking     ] GC(1224) Concurrent Scan Root Regions
[2024-08-28T01:14:28.909+0000][info][gc,marking     ] GC(1224) Concurrent Scan Root Regions 3.441ms
[2024-08-28T01:14:28.909+0000][info][gc,marking     ] GC(1224) Concurrent Mark
[2024-08-28T01:14:28.909+0000][info][gc,marking     ] GC(1224) Concurrent Mark From Roots
[2024-08-28T01:14:28.909+0000][info][gc,task        ] GC(1224) Using 17 workers of 17 for marking
[2024-08-28T01:14:28.929+0000][info][gc,marking     ] GC(1224) Concurrent Mark From Roots 20.776ms
[2024-08-28T01:14:28.930+0000][info][gc,marking     ] GC(1224) Concurrent Preclean
[2024-08-28T01:14:28.930+0000][info][gc,marking     ] GC(1224) Concurrent Preclean 0.711ms
[2024-08-28T01:14:28.931+0000][info][gc,start       ] GC(1224) Pause Remark
[2024-08-28T01:14:28.932+0000][info][gc             ] GC(1224) Pause Remark 722M->722M(1024M) 1.487ms
[2024-08-28T01:14:28.932+0000][info][gc,cpu         ] GC(1224) User=0.00s Sys=0.00s Real=0.00s
[2024-08-28T01:14:28.932+0000][info][gc,marking     ] GC(1224) Concurrent Mark 23.466ms
[2024-08-28T01:14:28.932+0000][info][gc,marking     ] GC(1224) Concurrent Rebuild Remembered Sets
[2024-08-28T01:14:28.949+0000][info][gc,start       ] GC(1225) Pause Young (Normal) (G1 Evacuation Pause)
[2024-08-28T01:14:28.949+0000][info][gc,task        ] GC(1225) Using 24 workers of 68 for evacuation
[2024-08-28T01:14:28.966+0000][info][gc,phases      ] GC(1225)   Pre Evacuate Collection Set: 0.2ms
[2024-08-28T01:14:28.966+0000][info][gc,phases      ] GC(1225)   Merge Heap Roots: 0.6ms
[2024-08-28T01:14:28.966+0000][info][gc,phases      ] GC(1225)   Evacuate Collection Set: 15.5ms
[2024-08-28T01:14:28.966+0000][info][gc,phases      ] GC(1225)   Post Evacuate Collection Set: 0.6ms
[2024-08-28T01:14:28.966+0000][info][gc,phases      ] GC(1225)   Other: 0.3ms
[2024-08-28T01:14:28.966+0000][info][gc,heap        ] GC(1225) Eden regions: 70->0(46)
[2024-08-28T01:14:28.966+0000][info][gc,heap        ] GC(1225) Survivor regions: 16->11(11)
[2024-08-28T01:14:28.966+0000][info][gc,heap        ] GC(1225) Old regions: 676->755
[2024-08-28T01:14:28.966+0000][info][gc,heap        ] GC(1225) Archive regions: 2->2
[2024-08-28T01:14:28.966+0000][info][gc,heap        ] GC(1225) Humongous regions: 5->5
[2024-08-28T01:14:28.966+0000][info][gc,metaspace   ] GC(1225) Metaspace: 100K(320K)->100K(320K) NonClass: 96K(192K)->96K(192K) Class: 4K(128K)->4K(128K)
[2024-08-28T01:14:28.966+0000][info][gc             ] GC(1225) Pause Young (Normal) (G1 Evacuation Pause) 754M->758M(1024M) 17.377ms
[2024-08-28T01:14:28.966+0000][info][gc,cpu         ] GC(1225) User=0.39s Sys=0.00s Real=0.02s
[2024-08-28T01:14:28.990+0000][info][gc,start       ] GC(1226) Pause Young (Normal) (G1 Evacuation Pause)
[2024-08-28T01:14:28.990+0000][info][gc,task        ] GC(1226) Using 24 workers of 68 for evacuation
[2024-08-28T01:14:29.011+0000][info][gc,phases      ] GC(1226)   Pre Evacuate Collection Set: 0.2ms
[2024-08-28T01:14:29.011+0000][info][gc,phases      ] GC(1226)   Merge Heap Roots: 0.8ms
[2024-08-28T01:14:29.011+0000][info][gc,phases      ] GC(1226)   Evacuate Collection Set: 19.2ms
[2024-08-28T01:14:29.011+0000][info][gc,phases      ] GC(1226)   Post Evacuate Collection Set: 0.8ms
[2024-08-28T01:14:29.011+0000][info][gc,phases      ] GC(1226)   Other: 0.3ms
[2024-08-28T01:14:29.011+0000][info][gc,heap        ] GC(1226) Eden regions: 46->0(43)
[2024-08-28T01:14:29.011+0000][info][gc,heap        ] GC(1226) Survivor regions: 11->8(8)
[2024-08-28T01:14:29.011+0000][info][gc,heap        ] GC(1226) Old regions: 755->808
[2024-08-28T01:14:29.011+0000][info][gc,heap        ] GC(1226) Archive regions: 2->2
[2024-08-28T01:14:29.011+0000][info][gc,heap        ] GC(1226) Humongous regions: 5->5
[2024-08-28T01:14:29.011+0000][info][gc,metaspace   ] GC(1226) Metaspace: 100K(320K)->100K(320K) NonClass: 96K(192K)->96K(192K) Class: 4K(128K)->4K(128K)
[2024-08-28T01:14:29.011+0000][info][gc             ] GC(1226) Pause Young (Normal) (G1 Evacuation Pause) 804M->808M(1024M) 21.437ms
[2024-08-28T01:14:29.011+0000][info][gc,cpu         ] GC(1226) User=0.49s Sys=0.00s Real=0.02s
[2024-08-28T01:14:29.018+0000][info][gc,marking     ] GC(1224) Concurrent Rebuild Remembered Sets 86.000ms
[2024-08-28T01:14:29.018+0000][info][gc,start       ] GC(1224) Pause Cleanup
[2024-08-28T01:14:29.020+0000][info][gc             ] GC(1224) Pause Cleanup 822M->822M(1024M) 1.963ms
[2024-08-28T01:14:29.021+0000][info][gc,cpu         ] GC(1224) User=0.00s Sys=0.00s Real=0.00s
[2024-08-28T01:14:29.021+0000][info][gc,marking     ] GC(1224) Concurrent Cleanup for Next Mark
[2024-08-28T01:14:29.021+0000][info][gc,marking     ] GC(1224) Concurrent Cleanup for Next Mark 0.680ms
[2024-08-28T01:14:29.021+0000][info][gc             ] GC(1224) Concurrent Mark Cycle 116.310ms
[2024-08-28T01:14:29.037+0000][info][gc,start       ] GC(1227) Pause Young (Prepare Mixed) (G1 Evacuation Pause)
[2024-08-28T01:14:29.037+0000][info][gc,task        ] GC(1227) Using 24 workers of 68 for evacuation
[2024-08-28T01:14:29.055+0000][info][gc,phases      ] GC(1227)   Pre Evacuate Collection Set: 0.2ms
[2024-08-28T01:14:29.055+0000][info][gc,phases      ] GC(1227)   Merge Heap Roots: 0.6ms
[2024-08-28T01:14:29.055+0000][info][gc,phases      ] GC(1227)   Evacuate Collection Set: 17.1ms
[2024-08-28T01:14:29.055+0000][info][gc,phases      ] GC(1227)   Post Evacuate Collection Set: 0.4ms
[2024-08-28T01:14:29.055+0000][info][gc,phases      ] GC(1227)   Other: 0.3ms
[2024-08-28T01:14:29.055+0000][info][gc,heap        ] GC(1227) Eden regions: 43->0(44)
[2024-08-28T01:14:29.055+0000][info][gc,heap        ] GC(1227) Survivor regions: 8->7(7)
[2024-08-28T01:14:29.055+0000][info][gc,heap        ] GC(1227) Old regions: 808->855
[2024-08-28T01:14:29.055+0000][info][gc,heap        ] GC(1227) Archive regions: 2->2
[2024-08-28T01:14:29.055+0000][info][gc,heap        ] GC(1227) Humongous regions: 5->5
[2024-08-28T01:14:29.055+0000][info][gc,metaspace   ] GC(1227) Metaspace: 100K(320K)->100K(320K) NonClass: 96K(192K)->96K(192K) Class: 4K(128K)->4K(128K)
[2024-08-28T01:14:29.056+0000][info][gc             ] GC(1227) Pause Young (Prepare Mixed) (G1 Evacuation Pause) 851M->855M(1024M) 18.633ms
[2024-08-28T01:14:29.056+0000][info][gc,cpu         ] GC(1227) User=0.42s Sys=0.00s Real=0.02s
[2024-08-28T01:14:29.077+0000][info][gc,start       ] GC(1228) Pause Young (Mixed) (G1 Evacuation Pause)
[2024-08-28T01:14:29.077+0000][info][gc,task        ] GC(1228) Using 24 workers of 68 for evacuation
[2024-08-28T01:14:29.089+0000][info][gc,phases      ] GC(1228)   Pre Evacuate Collection Set: 0.2ms
[2024-08-28T01:14:29.089+0000][info][gc,phases      ] GC(1228)   Merge Heap Roots: 0.7ms
[2024-08-28T01:14:29.089+0000][info][gc,phases      ] GC(1228)   Evacuate Collection Set: 11.1ms
[2024-08-28T01:14:29.089+0000][info][gc,phases      ] GC(1228)   Post Evacuate Collection Set: 0.4ms
[2024-08-28T01:14:29.090+0000][info][gc,phases      ] GC(1228)   Other: 0.3ms
[2024-08-28T01:14:29.090+0000][info][gc,heap        ] GC(1228) Eden regions: 44->0(44)
[2024-08-28T01:14:29.090+0000][info][gc,heap        ] GC(1228) Survivor regions: 7->7(7)
[2024-08-28T01:14:29.090+0000][info][gc,heap        ] GC(1228) Old regions: 855->840
[2024-08-28T01:14:29.090+0000][info][gc,heap        ] GC(1228) Archive regions: 2->2
[2024-08-28T01:14:29.090+0000][info][gc,heap        ] GC(1228) Humongous regions: 5->5
[2024-08-28T01:14:29.090+0000][info][gc,metaspace   ] GC(1228) Metaspace: 100K(320K)->100K(320K) NonClass: 96K(192K)->96K(192K) Class: 4K(128K)->4K(128K)
[2024-08-28T01:14:29.090+0000][info][gc             ] GC(1228) Pause Young (Mixed) (G1 Evacuation Pause) 899M->841M(1024M) 12.721ms
[2024-08-28T01:14:29.090+0000][info][gc,cpu         ] GC(1228) User=0.28s Sys=0.00s Real=0.02s
[2024-08-28T01:14:29.111+0000][info][gc,start       ] GC(1229) Pause Young (Mixed) (G1 Evacuation Pause)
[2024-08-28T01:14:29.111+0000][info][gc,task        ] GC(1229) Using 24 workers of 68 for evacuation
[2024-08-28T01:14:29.123+0000][info][gc,phases      ] GC(1229)   Pre Evacuate Collection Set: 0.2ms
[2024-08-28T01:14:29.123+0000][info][gc,phases      ] GC(1229)   Merge Heap Roots: 0.4ms
[2024-08-28T01:14:29.123+0000][info][gc,phases      ] GC(1229)   Evacuate Collection Set: 10.5ms
[2024-08-28T01:14:29.123+0000][info][gc,phases      ] GC(1229)   Post Evacuate Collection Set: 0.4ms
[2024-08-28T01:14:29.123+0000][info][gc,phases      ] GC(1229)   Other: 0.3ms
[2024-08-28T01:14:29.123+0000][info][gc,heap        ] GC(1229) Eden regions: 44->0(44)
[2024-08-28T01:14:29.123+0000][info][gc,heap        ] GC(1229) Survivor regions: 7->7(7)
[2024-08-28T01:14:29.123+0000][info][gc,heap        ] GC(1229) Old regions: 840->825
[2024-08-28T01:14:29.123+0000][info][gc,heap        ] GC(1229) Archive regions: 2->2
[2024-08-28T01:14:29.123+0000][info][gc,heap        ] GC(1229) Humongous regions: 5->5
[2024-08-28T01:14:29.123+0000][info][gc,metaspace   ] GC(1229) Metaspace: 100K(320K)->100K(320K) NonClass: 96K(192K)->96K(192K) Class: 4K(128K)->4K(128K)
[2024-08-28T01:14:29.123+0000][info][gc             ] GC(1229) Pause Young (Mixed) (G1 Evacuation Pause) 885M->826M(1024M) 11.811ms
[2024-08-28T01:14:29.123+0000][info][gc,cpu         ] GC(1229) User=0.26s Sys=0.00s Real=0.01s
[2024-08-28T01:14:29.144+0000][info][gc,start       ] GC(1230) Pause Young (Mixed) (G1 Evacuation Pause)
[2024-08-28T01:14:29.144+0000][info][gc,task        ] GC(1230) Using 24 workers of 68 for evacuation
[2024-08-28T01:14:29.156+0000][info][gc,phases      ] GC(1230)   Pre Evacuate Collection Set: 0.4ms
[2024-08-28T01:14:29.156+0000][info][gc,phases      ] GC(1230)   Merge Heap Roots: 0.6ms
[2024-08-28T01:14:29.156+0000][info][gc,phases      ] GC(1230)   Evacuate Collection Set: 9.9ms
[2024-08-28T01:14:29.156+0000][info][gc,phases      ] GC(1230)   Post Evacuate Collection Set: 0.4ms
[2024-08-28T01:14:29.156+0000][info][gc,phases      ] GC(1230)   Other: 0.3ms
[2024-08-28T01:14:29.156+0000][info][gc,heap        ] GC(1230) Eden regions: 44->0(44)
[2024-08-28T01:14:29.156+0000][info][gc,heap        ] GC(1230) Survivor regions: 7->7(7)
[2024-08-28T01:14:29.156+0000][info][gc,heap        ] GC(1230) Old regions: 825->810
[2024-08-28T01:14:29.156+0000][info][gc,heap        ] GC(1230) Archive regions: 2->2
[2024-08-28T01:14:29.156+0000][info][gc,heap        ] GC(1230) Humongous regions: 5->5
[2024-08-28T01:14:29.156+0000][info][gc,metaspace   ] GC(1230) Metaspace: 100K(320K)->100K(320K) NonClass: 96K(192K)->96K(192K) Class: 4K(128K)->4K(128K)
[2024-08-28T01:14:29.156+0000][info][gc             ] GC(1230) Pause Young (Mixed) (G1 Evacuation Pause) 870M->812M(1024M) 11.647ms
[2024-08-28T01:14:29.156+0000][info][gc,cpu         ] GC(1230) User=0.26s Sys=0.00s Real=0.01s
[2024-08-28T01:14:29.176+0000][info][gc,start       ] GC(1231) Pause Young (Mixed) (G1 Evacuation Pause)
[2024-08-28T01:14:29.176+0000][info][gc,task        ] GC(1231) Using 24 workers of 68 for evacuation
[2024-08-28T01:14:29.187+0000][info][gc,phases      ] GC(1231)   Pre Evacuate Collection Set: 0.2ms
[2024-08-28T01:14:29.187+0000][info][gc,phases      ] GC(1231)   Merge Heap Roots: 0.3ms
[2024-08-28T01:14:29.187+0000][info][gc,phases      ] GC(1231)   Evacuate Collection Set: 9.5ms
[2024-08-28T01:14:29.187+0000][info][gc,phases      ] GC(1231)   Post Evacuate Collection Set: 0.3ms
[2024-08-28T01:14:29.187+0000][info][gc,phases      ] GC(1231)   Other: 0.3ms
[2024-08-28T01:14:29.187+0000][info][gc,heap        ] GC(1231) Eden regions: 44->0(44)
[2024-08-28T01:14:29.187+0000][info][gc,heap        ] GC(1231) Survivor regions: 7->7(7)
[2024-08-28T01:14:29.187+0000][info][gc,heap        ] GC(1231) Old regions: 810->847
[2024-08-28T01:14:29.187+0000][info][gc,heap        ] GC(1231) Archive regions: 2->2
[2024-08-28T01:14:29.187+0000][info][gc,heap        ] GC(1231) Humongous regions: 5->5
[2024-08-28T01:14:29.187+0000][info][gc,metaspace   ] GC(1231) Metaspace: 100K(320K)->100K(320K) NonClass: 96K(192K)->96K(192K) Class: 4K(128K)->4K(128K)
[2024-08-28T01:14:29.187+0000][info][gc             ] GC(1231) Pause Young (Mixed) (G1 Evacuation Pause) 856M->849M(1024M) 10.770ms
[2024-08-28T01:14:29.187+0000][info][gc,cpu         ] GC(1231) User=0.23s Sys=0.00s Real=0.01s
[2024-08-28T01:14:29.207+0000][info][gc,start       ] GC(1232) Pause Young (Concurrent Start) (G1 Evacuation Pause)
[2024-08-28T01:14:29.208+0000][info][gc,task        ] GC(1232) Using 24 workers of 68 for evacuation
[2024-08-28T01:14:29.219+0000][info][gc,phases      ] GC(1232)   Pre Evacuate Collection Set: 0.2ms
[2024-08-28T01:14:29.219+0000][info][gc,phases      ] GC(1232)   Merge Heap Roots: 0.3ms
[2024-08-28T01:14:29.219+0000][info][gc,phases      ] GC(1232)   Evacuate Collection Set: 9.3ms
[2024-08-28T01:14:29.219+0000][info][gc,phases      ] GC(1232)   Post Evacuate Collection Set: 0.3ms
[2024-08-28T01:14:29.219+0000][info][gc,phases      ] GC(1232)   Other: 1.0ms
[2024-08-28T01:14:29.219+0000][info][gc,heap        ] GC(1232) Eden regions: 44->0(44)
[2024-08-28T01:14:29.219+0000][info][gc,heap        ] GC(1232) Survivor regions: 7->7(7)
[2024-08-28T01:14:29.219+0000][info][gc,heap        ] GC(1232) Old regions: 847->894
[2024-08-28T01:14:29.219+0000][info][gc,heap        ] GC(1232) Archive regions: 2->2
[2024-08-28T01:14:29.219+0000][info][gc,heap        ] GC(1232) Humongous regions: 5->5
[2024-08-28T01:14:29.219+0000][info][gc,metaspace   ] GC(1232) Metaspace: 100K(320K)->100K(320K) NonClass: 96K(192K)->96K(192K) Class: 4K(128K)->4K(128K)
[2024-08-28T01:14:29.219+0000][info][gc             ] GC(1232) Pause Young (Concurrent Start) (G1 Evacuation Pause) 893M->896M(1024M) 11.276ms
[2024-08-28T01:14:29.219+0000][info][gc,cpu         ] GC(1232) User=0.23s Sys=0.00s Real=0.02s
[2024-08-28T01:14:29.219+0000][info][gc             ] GC(1233) Concurrent Mark Cycle
[2024-08-28T01:14:29.219+0000][info][gc,marking     ] GC(1233) Concurrent Clear Claimed Marks
[2024-08-28T01:14:29.219+0000][info][gc,marking     ] GC(1233) Concurrent Clear Claimed Marks 0.014ms
[2024-08-28T01:14:29.219+0000][info][gc,marking     ] GC(1233) Concurrent Scan Root Regions
[2024-08-28T01:14:29.221+0000][info][gc,marking     ] GC(1233) Concurrent Scan Root Regions 1.793ms
[2024-08-28T01:14:29.221+0000][info][gc,marking     ] GC(1233) Concurrent Mark
[2024-08-28T01:14:29.221+0000][info][gc,marking     ] GC(1233) Concurrent Mark From Roots
[2024-08-28T01:14:29.221+0000][info][gc,task        ] GC(1233) Using 17 workers of 17 for marking
[2024-08-28T01:14:29.245+0000][info][gc,marking     ] GC(1233) Concurrent Mark From Roots 24.078ms
[2024-08-28T01:14:29.245+0000][info][gc,marking     ] GC(1233) Concurrent Preclean
[2024-08-28T01:14:29.246+0000][info][gc,marking     ] GC(1233) Concurrent Preclean 1.168ms
[2024-08-28T01:14:29.246+0000][info][gc,start       ] GC(1233) Pause Remark
[2024-08-28T01:14:29.248+0000][info][gc             ] GC(1233) Pause Remark 938M->938M(1024M) 1.256ms
[2024-08-28T01:14:29.248+0000][info][gc,cpu         ] GC(1233) User=0.01s Sys=0.01s Real=0.00s
[2024-08-28T01:14:29.248+0000][info][gc,marking     ] GC(1233) Concurrent Mark 27.008ms
[2024-08-28T01:14:29.248+0000][info][gc,marking     ] GC(1233) Concurrent Rebuild Remembered Sets
[2024-08-28T01:14:29.250+0000][info][gc,start       ] GC(1234) Pause Young (Normal) (G1 Evacuation Pause)
[2024-08-28T01:14:29.250+0000][info][gc,task        ] GC(1234) Using 24 workers of 68 for evacuation
[2024-08-28T01:14:29.261+0000][info][gc,phases      ] GC(1234)   Pre Evacuate Collection Set: 0.2ms
[2024-08-28T01:14:29.261+0000][info][gc,phases      ] GC(1234)   Merge Heap Roots: 0.6ms
[2024-08-28T01:14:29.261+0000][info][gc,phases      ] GC(1234)   Evacuate Collection Set: 9.5ms
[2024-08-28T01:14:29.261+0000][info][gc,phases      ] GC(1234)   Post Evacuate Collection Set: 0.5ms
[2024-08-28T01:14:29.261+0000][info][gc,phases      ] GC(1234)   Other: 0.2ms
[2024-08-28T01:14:29.261+0000][info][gc,heap        ] GC(1234) Eden regions: 44->0(44)
[2024-08-28T01:14:29.261+0000][info][gc,heap        ] GC(1234) Survivor regions: 7->7(7)
[2024-08-28T01:14:29.261+0000][info][gc,heap        ] GC(1234) Old regions: 894->940
[2024-08-28T01:14:29.261+0000][info][gc,heap        ] GC(1234) Archive regions: 2->2
[2024-08-28T01:14:29.261+0000][info][gc,heap        ] GC(1234) Humongous regions: 5->5
[2024-08-28T01:14:29.261+0000][info][gc,metaspace   ] GC(1234) Metaspace: 100K(320K)->100K(320K) NonClass: 96K(192K)->96K(192K) Class: 4K(128K)->4K(128K)
[2024-08-28T01:14:29.261+0000][info][gc             ] GC(1234) Pause Young (Normal) (G1 Evacuation Pause) 940M->943M(1024M) 11.063ms
[2024-08-28T01:14:29.261+0000][info][gc,cpu         ] GC(1234) User=0.24s Sys=0.00s Real=0.01s
[2024-08-28T01:14:29.278+0000][info][gc,start       ] GC(1235) Pause Young (Normal) (G1 Preventive Collection)
[2024-08-28T01:14:29.278+0000][info][gc,task        ] GC(1235) Using 24 workers of 68 for evacuation
[2024-08-28T01:14:29.290+0000][info][gc,phases      ] GC(1235)   Pre Evacuate Collection Set: 0.1ms
[2024-08-28T01:14:29.290+0000][info][gc,phases      ] GC(1235)   Merge Heap Roots: 0.3ms
[2024-08-28T01:14:29.290+0000][info][gc,phases      ] GC(1235)   Evacuate Collection Set: 10.9ms
[2024-08-28T01:14:29.290+0000][info][gc,phases      ] GC(1235)   Post Evacuate Collection Set: 0.5ms
[2024-08-28T01:14:29.290+0000][info][gc,phases      ] GC(1235)   Other: 0.3ms
[2024-08-28T01:14:29.290+0000][info][gc,heap        ] GC(1235) Eden regions: 30->0(44)
[2024-08-28T01:14:29.290+0000][info][gc,heap        ] GC(1235) Survivor regions: 7->7(7)
[2024-08-28T01:14:29.290+0000][info][gc,heap        ] GC(1235) Old regions: 940->973
[2024-08-28T01:14:29.290+0000][info][gc,heap        ] GC(1235) Archive regions: 2->2
[2024-08-28T01:14:29.290+0000][info][gc,heap        ] GC(1235) Humongous regions: 5->5
[2024-08-28T01:14:29.290+0000][info][gc,metaspace   ] GC(1235) Metaspace: 100K(320K)->100K(320K) NonClass: 96K(192K)->96K(192K) Class: 4K(128K)->4K(128K)
[2024-08-28T01:14:29.290+0000][info][gc             ] GC(1235) Pause Young (Normal) (G1 Preventive Collection) 973M->975M(1024M) 12.114ms
[2024-08-28T01:14:29.290+0000][info][gc,cpu         ] GC(1235) User=0.27s Sys=0.01s Real=0.01s
[2024-08-28T01:14:29.297+0000][info][gc,start       ] GC(1236) Pause Young (Normal) (G1 Preventive Collection)
[2024-08-28T01:14:29.297+0000][info][gc,task        ] GC(1236) Using 24 workers of 68 for evacuation
[2024-08-28T01:14:29.308+0000][info][gc             ] GC(1236) To-space exhausted
[2024-08-28T01:14:29.308+0000][info][gc,phases      ] GC(1236)   Pre Evacuate Collection Set: 0.2ms
[2024-08-28T01:14:29.308+0000][info][gc,phases      ] GC(1236)   Merge Heap Roots: 0.8ms
[2024-08-28T01:14:29.308+0000][info][gc,phases      ] GC(1236)   Evacuate Collection Set: 8.7ms
[2024-08-28T01:14:29.308+0000][info][gc,phases      ] GC(1236)   Post Evacuate Collection Set: 0.8ms
[2024-08-28T01:14:29.308+0000][info][gc,phases      ] GC(1236)   Other: 0.2ms
[2024-08-28T01:14:29.308+0000][info][gc,heap        ] GC(1236) Eden regions: 14->0(44)
[2024-08-28T01:14:29.308+0000][info][gc,heap        ] GC(1236) Survivor regions: 7->7(7)
[2024-08-28T01:14:29.308+0000][info][gc,heap        ] GC(1236) Old regions: 973->1007
[2024-08-28T01:14:29.308+0000][info][gc,heap        ] GC(1236) Archive regions: 2->2
[2024-08-28T01:14:29.308+0000][info][gc,heap        ] GC(1236) Humongous regions: 5->5
[2024-08-28T01:14:29.308+0000][info][gc,metaspace   ] GC(1236) Metaspace: 100K(320K)->100K(320K) NonClass: 96K(192K)->96K(192K) Class: 4K(128K)->4K(128K)
[2024-08-28T01:14:29.308+0000][info][gc             ] GC(1236) Pause Young (Normal) (G1 Preventive Collection) 989M->1010M(1024M) 10.725ms
[2024-08-28T01:14:29.308+0000][info][gc,cpu         ] GC(1236) User=0.23s Sys=0.00s Real=0.01s
[2024-08-28T01:14:29.309+0000][info][gc,start       ] GC(1237) Pause Young (Normal) (G1 Preventive Collection)
[2024-08-28T01:14:29.309+0000][info][gc,task        ] GC(1237) Using 24 workers of 68 for evacuation
[2024-08-28T01:14:29.317+0000][info][gc             ] GC(1237) To-space exhausted
[2024-08-28T01:14:29.317+0000][info][gc,phases      ] GC(1237)   Pre Evacuate Collection Set: 0.1ms
[2024-08-28T01:14:29.317+0000][info][gc,phases      ] GC(1237)   Merge Heap Roots: 0.9ms
[2024-08-28T01:14:29.317+0000][info][gc,phases      ] GC(1237)   Evacuate Collection Set: 5.8ms
[2024-08-28T01:14:29.317+0000][info][gc,phases      ] GC(1237)   Post Evacuate Collection Set: 0.9ms
[2024-08-28T01:14:29.317+0000][info][gc,phases      ] GC(1237)   Other: 0.2ms
[2024-08-28T01:14:29.317+0000][info][gc,heap        ] GC(1237) Eden regions: 1->0(51)
[2024-08-28T01:14:29.317+0000][info][gc,heap        ] GC(1237) Survivor regions: 7->0(2)
[2024-08-28T01:14:29.317+0000][info][gc,heap        ] GC(1237) Old regions: 1007->1017
[2024-08-28T01:14:29.317+0000][info][gc,heap        ] GC(1237) Archive regions: 2->2
[2024-08-28T01:14:29.317+0000][info][gc,heap        ] GC(1237) Humongous regions: 5->5
[2024-08-28T01:14:29.317+0000][info][gc,metaspace   ] GC(1237) Metaspace: 100K(320K)->100K(320K) NonClass: 96K(192K)->96K(192K) Class: 4K(128K)->4K(128K)
[2024-08-28T01:14:29.317+0000][info][gc             ] GC(1237) Pause Young (Normal) (G1 Preventive Collection) 1011M->1013M(1024M) 7.957ms
[2024-08-28T01:14:29.317+0000][info][gc,cpu         ] GC(1237) User=0.17s Sys=0.00s Real=0.01s
[2024-08-28T01:14:29.317+0000][info][gc,ergo        ] Attempting full compaction
[2024-08-28T01:14:29.317+0000][info][gc,task        ] GC(1238) Using 24 workers of 68 for full compaction
[2024-08-28T01:14:29.317+0000][info][gc,start       ] GC(1238) Pause Full (G1 Compaction Pause)
[2024-08-28T01:14:29.318+0000][info][gc,phases,start] GC(1238) Phase 1: Mark live objects
[2024-08-28T01:14:29.332+0000][info][gc,phases      ] GC(1238) Phase 1: Mark live objects 13.994ms
[2024-08-28T01:14:29.332+0000][info][gc,phases,start] GC(1238) Phase 2: Prepare for compaction
[2024-08-28T01:14:29.340+0000][info][gc,phases      ] GC(1238) Phase 2: Prepare for compaction 8.261ms
[2024-08-28T01:14:29.340+0000][info][gc,phases,start] GC(1238) Phase 3: Adjust pointers
[2024-08-28T01:14:29.355+0000][info][gc,phases      ] GC(1238) Phase 3: Adjust pointers 15.149ms
[2024-08-28T01:14:29.355+0000][info][gc,phases,start] GC(1238) Phase 4: Compact heap
[2024-08-28T01:14:29.383+0000][info][gc,phases      ] GC(1238) Phase 4: Compact heap 28.023ms
[2024-08-28T01:14:29.385+0000][info][gc,heap        ] GC(1238) Eden regions: 0->0(149)
[2024-08-28T01:14:29.385+0000][info][gc,heap        ] GC(1238) Survivor regions: 0->0(2)
[2024-08-28T01:14:29.385+0000][info][gc,heap        ] GC(1238) Old regions: 1017->445
[2024-08-28T01:14:29.385+0000][info][gc,heap        ] GC(1238) Archive regions: 2->2
[2024-08-28T01:14:29.385+0000][info][gc,heap        ] GC(1238) Humongous regions: 5->5
[2024-08-28T01:14:29.385+0000][info][gc,metaspace   ] GC(1238) Metaspace: 100K(320K)->100K(320K) NonClass: 96K(192K)->96K(192K) Class: 4K(128K)->4K(128K)
[2024-08-28T01:14:29.385+0000][info][gc             ] GC(1238) Pause Full (G1 Compaction Pause) 1013M->437M(1024M) 67.621ms
[2024-08-28T01:14:29.385+0000][info][gc,cpu         ] GC(1238) User=1.44s Sys=0.00s Real=0.07s
[2024-08-28T01:14:29.385+0000][info][gc,marking     ] GC(1233) Concurrent Rebuild Remembered Sets 137.305ms
[2024-08-28T01:14:29.385+0000][info][gc,marking     ] GC(1233) Concurrent Mark Abort
[2024-08-28T01:14:29.385+0000][info][gc             ] GC(1233) Concurrent Mark Cycle 166.309ms
[2024-08-28T01:14:29.459+0000][info][gc,start       ] GC(1239) Pause Young (Normal) (G1 Evacuation Pause)
[2024-08-28T01:14:29.459+0000][info][gc,task        ] GC(1239) Using 24 workers of 68 for evacuation
[2024-08-28T01:14:29.486+0000][info][gc,phases      ] GC(1239)   Pre Evacuate Collection Set: 0.2ms
[2024-08-28T01:14:29.486+0000][info][gc,phases      ] GC(1239)   Merge Heap Roots: 0.4ms
[2024-08-28T01:14:29.487+0000][info][gc,phases      ] GC(1239)   Evacuate Collection Set: 26.1ms
[2024-08-28T01:14:29.487+0000][info][gc,phases      ] GC(1239)   Post Evacuate Collection Set: 0.5ms
[2024-08-28T01:14:29.487+0000][info][gc,phases      ] GC(1239)   Other: 0.3ms
[2024-08-28T01:14:29.487+0000][info][gc,heap        ] GC(1239) Eden regions: 149->0(103)
[2024-08-28T01:14:29.487+0000][info][gc,heap        ] GC(1239) Survivor regions: 0->19(19)
[2024-08-28T01:14:29.487+0000][info][gc,heap        ] GC(1239) Old regions: 445->571
[2024-08-28T01:14:29.487+0000][info][gc,heap        ] GC(1239) Archive regions: 2->2
[2024-08-28T01:14:29.487+0000][info][gc,heap        ] GC(1239) Humongous regions: 5->5
[2024-08-28T01:14:29.487+0000][info][gc,metaspace   ] GC(1239) Metaspace: 100K(320K)->100K(320K) NonClass: 96K(192K)->96K(192K) Class: 4K(128K)->4K(128K)
[2024-08-28T01:14:29.487+0000][info][gc             ] GC(1239) Pause Young (Normal) (G1 Evacuation Pause) 586M->581M(1024M) 28.439ms
[2024-08-28T01:14:29.487+0000][info][gc,cpu         ] GC(1239) User=0.48s Sys=0.16s Real=0.02s
[2024-08-28T01:14:29.539+0000][info][gc,start       ] GC(1240) Pause Young (Concurrent Start) (G1 Evacuation Pause)
[2024-08-28T01:14:29.539+0000][info][gc,task        ] GC(1240) Using 24 workers of 68 for evacuation
[2024-08-28T01:14:29.559+0000][info][gc,phases      ] GC(1240)   Pre Evacuate Collection Set: 0.2ms
[2024-08-28T01:14:29.559+0000][info][gc,phases      ] GC(1240)   Merge Heap Roots: 0.6ms
[2024-08-28T01:14:29.559+0000][info][gc,phases      ] GC(1240)   Evacuate Collection Set: 18.7ms
[2024-08-28T01:14:29.559+0000][info][gc,phases      ] GC(1240)   Post Evacuate Collection Set: 0.4ms
[2024-08-28T01:14:29.559+0000][info][gc,phases      ] GC(1240)   Other: 0.9ms
[2024-08-28T01:14:29.559+0000][info][gc,heap        ] GC(1240) Eden regions: 103->0(70)
[2024-08-28T01:14:29.560+0000][info][gc,heap        ] GC(1240) Survivor regions: 19->16(16)
[2024-08-28T01:14:29.560+0000][info][gc,heap        ] GC(1240) Old regions: 571->677
[2024-08-28T01:14:29.560+0000][info][gc,heap        ] GC(1240) Archive regions: 2->2
[2024-08-28T01:14:29.560+0000][info][gc,heap        ] GC(1240) Humongous regions: 5->5
[2024-08-28T01:14:29.560+0000][info][gc,metaspace   ] GC(1240) Metaspace: 100K(320K)->100K(320K) NonClass: 96K(192K)->96K(192K) Class: 4K(128K)->4K(128K)
[2024-08-28T01:14:29.560+0000][info][gc             ] GC(1240) Pause Young (Concurrent Start) (G1 Evacuation Pause) 684M->685M(1024M) 20.901ms
[2024-08-28T01:14:29.560+0000][info][gc,cpu         ] GC(1240) User=0.46s Sys=0.01s Real=0.02s
[2024-08-28T01:14:29.560+0000][info][gc             ] GC(1241) Concurrent Mark Cycle
[2024-08-28T01:14:29.560+0000][info][gc,marking     ] GC(1241) Concurrent Clear Claimed Marks
[2024-08-28T01:14:29.560+0000][info][gc,marking     ] GC(1241) Concurrent Clear Claimed Marks 0.010ms
[2024-08-28T01:14:29.560+0000][info][gc,marking     ] GC(1241) Concurrent Scan Root Regions
[2024-08-28T01:14:29.564+0000][info][gc,marking     ] GC(1241) Concurrent Scan Root Regions 3.781ms
[2024-08-28T01:14:29.564+0000][info][gc,marking     ] GC(1241) Concurrent Mark
[2024-08-28T01:14:29.564+0000][info][gc,marking     ] GC(1241) Concurrent Mark From Roots
[2024-08-28T01:14:29.564+0000][info][gc,task        ] GC(1241) Using 17 workers of 17 for marking
[2024-08-28T01:14:29.586+0000][info][gc,marking     ] GC(1241) Concurrent Mark From Roots 22.255ms
[2024-08-28T01:14:29.586+0000][info][gc,marking     ] GC(1241) Concurrent Preclean
[2024-08-28T01:14:29.587+0000][info][gc,marking     ] GC(1241) Concurrent Preclean 0.844ms
[2024-08-28T01:14:29.587+0000][info][gc,start       ] GC(1241) Pause Remark
[2024-08-28T01:14:29.589+0000][info][gc             ] GC(1241) Pause Remark 725M->725M(1024M) 1.657ms
[2024-08-28T01:14:29.589+0000][info][gc,cpu         ] GC(1241) User=0.01s Sys=0.00s Real=0.00s
[2024-08-28T01:14:29.589+0000][info][gc,marking     ] GC(1241) Concurrent Mark 25.321ms
[2024-08-28T01:14:29.589+0000][info][gc,marking     ] GC(1241) Concurrent Rebuild Remembered Sets
[2024-08-28T01:14:29.604+0000][info][gc,start       ] GC(1242) Pause Young (Normal) (G1 Evacuation Pause)
[2024-08-28T01:14:29.604+0000][info][gc,task        ] GC(1242) Using 24 workers of 68 for evacuation
[2024-08-28T01:14:29.621+0000][info][gc,phases      ] GC(1242)   Pre Evacuate Collection Set: 0.2ms
[2024-08-28T01:14:29.621+0000][info][gc,phases      ] GC(1242)   Merge Heap Roots: 0.3ms
[2024-08-28T01:14:29.621+0000][info][gc,phases      ] GC(1242)   Evacuate Collection Set: 15.1ms
[2024-08-28T01:14:29.621+0000][info][gc,phases      ] GC(1242)   Post Evacuate Collection Set: 0.6ms
[2024-08-28T01:14:29.621+0000][info][gc,phases      ] GC(1242)   Other: 0.3ms
[2024-08-28T01:14:29.621+0000][info][gc,heap        ] GC(1242) Eden regions: 70->0(46)
[2024-08-28T01:14:29.621+0000][info][gc,heap        ] GC(1242) Survivor regions: 16->11(11)
[2024-08-28T01:14:29.621+0000][info][gc,heap        ] GC(1242) Old regions: 677->755
[2024-08-28T01:14:29.621+0000][info][gc,heap        ] GC(1242) Archive regions: 2->2
[2024-08-28T01:14:29.621+0000][info][gc,heap        ] GC(1242) Humongous regions: 5->5
[2024-08-28T01:14:29.621+0000][info][gc,metaspace   ] GC(1242) Metaspace: 100K(320K)->100K(320K) NonClass: 96K(192K)->96K(192K) Class: 4K(128K)->4K(128K)
[2024-08-28T01:14:29.621+0000][info][gc             ] GC(1242) Pause Young (Normal) (G1 Evacuation Pause) 755M->758M(1024M) 16.740ms
[2024-08-28T01:14:29.621+0000][info][gc,cpu         ] GC(1242) User=0.37s Sys=0.00s Real=0.02s
[2024-08-28T01:14:29.644+0000][info][gc,start       ] GC(1243) Pause Young (Normal) (G1 Evacuation Pause)
[2024-08-28T01:14:29.644+0000][info][gc,task        ] GC(1243) Using 24 workers of 68 for evacuation
[2024-08-28T01:14:29.664+0000][info][gc,phases      ] GC(1243)   Pre Evacuate Collection Set: 0.2ms
[2024-08-28T01:14:29.664+0000][info][gc,phases      ] GC(1243)   Merge Heap Roots: 0.7ms
[2024-08-28T01:14:29.665+0000][info][gc,phases      ] GC(1243)   Evacuate Collection Set: 18.8ms
[2024-08-28T01:14:29.665+0000][info][gc,phases      ] GC(1243)   Post Evacuate Collection Set: 0.7ms
[2024-08-28T01:14:29.665+0000][info][gc,phases      ] GC(1243)   Other: 0.3ms
[2024-08-28T01:14:29.665+0000][info][gc,heap        ] GC(1243) Eden regions: 46->0(43)
[2024-08-28T01:14:29.665+0000][info][gc,heap        ] GC(1243) Survivor regions: 11->8(8)
[2024-08-28T01:14:29.665+0000][info][gc,heap        ] GC(1243) Old regions: 755->810
[2024-08-28T01:14:29.665+0000][info][gc,heap        ] GC(1243) Archive regions: 2->2
[2024-08-28T01:14:29.665+0000][info][gc,heap        ] GC(1243) Humongous regions: 5->5
[2024-08-28T01:14:29.665+0000][info][gc,metaspace   ] GC(1243) Metaspace: 100K(320K)->100K(320K) NonClass: 96K(192K)->96K(192K) Class: 4K(128K)->4K(128K)
[2024-08-28T01:14:29.665+0000][info][gc             ] GC(1243) Pause Young (Normal) (G1 Evacuation Pause) 804M->810M(1024M) 20.840ms
[2024-08-28T01:14:29.665+0000][info][gc,cpu         ] GC(1243) User=0.47s Sys=0.00s Real=0.02s
[2024-08-28T01:14:29.674+0000][info][gc,marking     ] GC(1241) Concurrent Rebuild Remembered Sets 84.873ms
[2024-08-28T01:14:29.674+0000][info][gc,start       ] GC(1241) Pause Cleanup
[2024-08-28T01:14:29.676+0000][info][gc             ] GC(1241) Pause Cleanup 827M->827M(1024M) 2.245ms
[2024-08-28T01:14:29.677+0000][info][gc,cpu         ] GC(1241) User=0.00s Sys=0.00s Real=0.00s
[2024-08-28T01:14:29.677+0000][info][gc,marking     ] GC(1241) Concurrent Cleanup for Next Mark
[2024-08-28T01:14:29.677+0000][info][gc,marking     ] GC(1241) Concurrent Cleanup for Next Mark 0.683ms
[2024-08-28T01:14:29.677+0000][info][gc             ] GC(1241) Concurrent Mark Cycle 117.721ms
[2024-08-28T01:14:29.690+0000][info][gc,start       ] GC(1244) Pause Young (Prepare Mixed) (G1 Evacuation Pause)
[2024-08-28T01:14:29.690+0000][info][gc,task        ] GC(1244) Using 24 workers of 68 for evacuation
[2024-08-28T01:14:29.709+0000][info][gc,phases      ] GC(1244)   Pre Evacuate Collection Set: 0.1ms
[2024-08-28T01:14:29.709+0000][info][gc,phases      ] GC(1244)   Merge Heap Roots: 1.0ms
[2024-08-28T01:14:29.709+0000][info][gc,phases      ] GC(1244)   Evacuate Collection Set: 17.1ms
[2024-08-28T01:14:29.709+0000][info][gc,phases      ] GC(1244)   Post Evacuate Collection Set: 0.4ms
[2024-08-28T01:14:29.709+0000][info][gc,phases      ] GC(1244)   Other: 0.3ms
[2024-08-28T01:14:29.709+0000][info][gc,heap        ] GC(1244) Eden regions: 43->0(44)
[2024-08-28T01:14:29.709+0000][info][gc,heap        ] GC(1244) Survivor regions: 8->7(7)
[2024-08-28T01:14:29.709+0000][info][gc,heap        ] GC(1244) Old regions: 810->858
[2024-08-28T01:14:29.709+0000][info][gc,heap        ] GC(1244) Archive regions: 2->2
[2024-08-28T01:14:29.709+0000][info][gc,heap        ] GC(1244) Humongous regions: 5->5
[2024-08-28T01:14:29.709+0000][info][gc,metaspace   ] GC(1244) Metaspace: 100K(320K)->100K(320K) NonClass: 96K(192K)->96K(192K) Class: 4K(128K)->4K(128K)
[2024-08-28T01:14:29.709+0000][info][gc             ] GC(1244) Pause Young (Prepare Mixed) (G1 Evacuation Pause) 853M->857M(1024M) 18.999ms
[2024-08-28T01:14:29.709+0000][info][gc,cpu         ] GC(1244) User=0.42s Sys=0.01s Real=0.01s
[2024-08-28T01:14:29.731+0000][info][gc,start       ] GC(1245) Pause Young (Mixed) (G1 Evacuation Pause)
[2024-08-28T01:14:29.731+0000][info][gc,task        ] GC(1245) Using 24 workers of 68 for evacuation
[2024-08-28T01:14:29.743+0000][info][gc,phases      ] GC(1245)   Pre Evacuate Collection Set: 0.2ms
[2024-08-28T01:14:29.743+0000][info][gc,phases      ] GC(1245)   Merge Heap Roots: 0.4ms
[2024-08-28T01:14:29.743+0000][info][gc,phases      ] GC(1245)   Evacuate Collection Set: 10.2ms
[2024-08-28T01:14:29.743+0000][info][gc,phases      ] GC(1245)   Post Evacuate Collection Set: 0.4ms
[2024-08-28T01:14:29.743+0000][info][gc,phases      ] GC(1245)   Other: 0.3ms
[2024-08-28T01:14:29.743+0000][info][gc,heap        ] GC(1245) Eden regions: 44->0(44)
[2024-08-28T01:14:29.743+0000][info][gc,heap        ] GC(1245) Survivor regions: 7->7(7)
[2024-08-28T01:14:29.743+0000][info][gc,heap        ] GC(1245) Old regions: 858->844
[2024-08-28T01:14:29.743+0000][info][gc,heap        ] GC(1245) Archive regions: 2->2
[2024-08-28T01:14:29.743+0000][info][gc,heap        ] GC(1245) Humongous regions: 5->5
[2024-08-28T01:14:29.743+0000][info][gc,metaspace   ] GC(1245) Metaspace: 100K(320K)->100K(320K) NonClass: 96K(192K)->96K(192K) Class: 4K(128K)->4K(128K)
[2024-08-28T01:14:29.743+0000][info][gc             ] GC(1245) Pause Young (Mixed) (G1 Evacuation Pause) 901M->845M(1024M) 11.613ms
[2024-08-28T01:14:29.743+0000][info][gc,cpu         ] GC(1245) User=0.25s Sys=0.00s Real=0.01s
[2024-08-28T01:14:29.764+0000][info][gc,start       ] GC(1246) Pause Young (Mixed) (G1 Evacuation Pause)
[2024-08-28T01:14:29.764+0000][info][gc,task        ] GC(1246) Using 24 workers of 68 for evacuation
[2024-08-28T01:14:29.776+0000][info][gc,phases      ] GC(1246)   Pre Evacuate Collection Set: 0.2ms
[2024-08-28T01:14:29.776+0000][info][gc,phases      ] GC(1246)   Merge Heap Roots: 0.6ms
[2024-08-28T01:14:29.776+0000][info][gc,phases      ] GC(1246)   Evacuate Collection Set: 10.4ms
[2024-08-28T01:14:29.776+0000][info][gc,phases      ] GC(1246)   Post Evacuate Collection Set: 0.4ms
[2024-08-28T01:14:29.776+0000][info][gc,phases      ] GC(1246)   Other: 0.3ms
[2024-08-28T01:14:29.776+0000][info][gc,heap        ] GC(1246) Eden regions: 44->0(44)
[2024-08-28T01:14:29.776+0000][info][gc,heap        ] GC(1246) Survivor regions: 7->7(7)
[2024-08-28T01:14:29.776+0000][info][gc,heap        ] GC(1246) Old regions: 844->828
[2024-08-28T01:14:29.776+0000][info][gc,heap        ] GC(1246) Archive regions: 2->2
[2024-08-28T01:14:29.776+0000][info][gc,heap        ] GC(1246) Humongous regions: 5->5
[2024-08-28T01:14:29.776+0000][info][gc,metaspace   ] GC(1246) Metaspace: 100K(320K)->100K(320K) NonClass: 96K(192K)->96K(192K) Class: 4K(128K)->4K(128K)
[2024-08-28T01:14:29.776+0000][info][gc             ] GC(1246) Pause Young (Mixed) (G1 Evacuation Pause) 889M->829M(1024M) 12.156ms
[2024-08-28T01:14:29.776+0000][info][gc,cpu         ] GC(1246) User=0.26s Sys=0.00s Real=0.01s
[2024-08-28T01:14:29.796+0000][info][gc,start       ] GC(1247) Pause Young (Mixed) (G1 Evacuation Pause)
[2024-08-28T01:14:29.796+0000][info][gc,task        ] GC(1247) Using 24 workers of 68 for evacuation
[2024-08-28T01:14:29.808+0000][info][gc,phases      ] GC(1247)   Pre Evacuate Collection Set: 0.2ms
[2024-08-28T01:14:29.808+0000][info][gc,phases      ] GC(1247)   Merge Heap Roots: 0.4ms
[2024-08-28T01:14:29.808+0000][info][gc,phases      ] GC(1247)   Evacuate Collection Set: 10.3ms
[2024-08-28T01:14:29.808+0000][info][gc,phases      ] GC(1247)   Post Evacuate Collection Set: 0.4ms
[2024-08-28T01:14:29.808+0000][info][gc,phases      ] GC(1247)   Other: 0.3ms
[2024-08-28T01:14:29.808+0000][info][gc,heap        ] GC(1247) Eden regions: 44->0(44)
[2024-08-28T01:14:29.808+0000][info][gc,heap        ] GC(1247) Survivor regions: 7->7(7)
[2024-08-28T01:14:29.808+0000][info][gc,heap        ] GC(1247) Old regions: 828->813
[2024-08-28T01:14:29.808+0000][info][gc,heap        ] GC(1247) Archive regions: 2->2
[2024-08-28T01:14:29.808+0000][info][gc,heap        ] GC(1247) Humongous regions: 5->5
[2024-08-28T01:14:29.808+0000][info][gc,metaspace   ] GC(1247) Metaspace: 100K(320K)->100K(320K) NonClass: 96K(192K)->96K(192K) Class: 4K(128K)->4K(128K)
[2024-08-28T01:14:29.808+0000][info][gc             ] GC(1247) Pause Young (Mixed) (G1 Evacuation Pause) 873M->815M(1024M) 11.779ms
[2024-08-28T01:14:29.808+0000][info][gc,cpu         ] GC(1247) User=0.25s Sys=0.00s Real=0.01s
[2024-08-28T01:14:29.829+0000][info][gc,start       ] GC(1248) Pause Young (Mixed) (G1 Evacuation Pause)
[2024-08-28T01:14:29.829+0000][info][gc,task        ] GC(1248) Using 24 workers of 68 for evacuation
[2024-08-28T01:14:29.840+0000][info][gc,phases      ] GC(1248)   Pre Evacuate Collection Set: 0.2ms
[2024-08-28T01:14:29.840+0000][info][gc,phases      ] GC(1248)   Merge Heap Roots: 0.6ms
[2024-08-28T01:14:29.840+0000][info][gc,phases      ] GC(1248)   Evacuate Collection Set: 9.9ms
[2024-08-28T01:14:29.840+0000][info][gc,phases      ] GC(1248)   Post Evacuate Collection Set: 0.4ms
[2024-08-28T01:14:29.840+0000][info][gc,phases      ] GC(1248)   Other: 0.3ms
[2024-08-28T01:14:29.840+0000][info][gc,heap        ] GC(1248) Eden regions: 44->0(44)
[2024-08-28T01:14:29.840+0000][info][gc,heap        ] GC(1248) Survivor regions: 7->7(7)
[2024-08-28T01:14:29.840+0000][info][gc,heap        ] GC(1248) Old regions: 813->849
[2024-08-28T01:14:29.840+0000][info][gc,heap        ] GC(1248) Archive regions: 2->2
[2024-08-28T01:14:29.840+0000][info][gc,heap        ] GC(1248) Humongous regions: 5->5
[2024-08-28T01:14:29.840+0000][info][gc,metaspace   ] GC(1248) Metaspace: 100K(320K)->100K(320K) NonClass: 96K(192K)->96K(192K) Class: 4K(128K)->4K(128K)
[2024-08-28T01:14:29.840+0000][info][gc             ] GC(1248) Pause Young (Mixed) (G1 Evacuation Pause) 859M->851M(1024M) 11.548ms
[2024-08-28T01:14:29.840+0000][info][gc,cpu         ] GC(1248) User=0.25s Sys=0.00s Real=0.02s
[2024-08-28T01:14:29.860+0000][info][gc,start       ] GC(1249) Pause Young (Concurrent Start) (G1 Evacuation Pause)
[2024-08-28T01:14:29.861+0000][info][gc,task        ] GC(1249) Using 24 workers of 68 for evacuation
[2024-08-28T01:14:29.872+0000][info][gc,phases      ] GC(1249)   Pre Evacuate Collection Set: 0.2ms
[2024-08-28T01:14:29.872+0000][info][gc,phases      ] GC(1249)   Merge Heap Roots: 0.6ms
[2024-08-28T01:14:29.872+0000][info][gc,phases      ] GC(1249)   Evacuate Collection Set: 9.8ms
[2024-08-28T01:14:29.872+0000][info][gc,phases      ] GC(1249)   Post Evacuate Collection Set: 0.3ms
[2024-08-28T01:14:29.872+0000][info][gc,phases      ] GC(1249)   Other: 1.1ms
[2024-08-28T01:14:29.873+0000][info][gc,heap        ] GC(1249) Eden regions: 44->0(44)
[2024-08-28T01:14:29.873+0000][info][gc,heap        ] GC(1249) Survivor regions: 7->7(7)
[2024-08-28T01:14:29.873+0000][info][gc,heap        ] GC(1249) Old regions: 849->896
[2024-08-28T01:14:29.873+0000][info][gc,heap        ] GC(1249) Archive regions: 2->2
[2024-08-28T01:14:29.873+0000][info][gc,heap        ] GC(1249) Humongous regions: 5->5
[2024-08-28T01:14:29.873+0000][info][gc,metaspace   ] GC(1249) Metaspace: 100K(320K)->100K(320K) NonClass: 96K(192K)->96K(192K) Class: 4K(128K)->4K(128K)
[2024-08-28T01:14:29.873+0000][info][gc             ] GC(1249) Pause Young (Concurrent Start) (G1 Evacuation Pause) 895M->898M(1024M) 12.191ms
[2024-08-28T01:14:29.873+0000][info][gc,cpu         ] GC(1249) User=0.24s Sys=0.00s Real=0.01s
[2024-08-28T01:14:29.873+0000][info][gc             ] GC(1250) Concurrent Mark Cycle
[2024-08-28T01:14:29.873+0000][info][gc,marking     ] GC(1250) Concurrent Clear Claimed Marks
[2024-08-28T01:14:29.873+0000][info][gc,marking     ] GC(1250) Concurrent Clear Claimed Marks 0.010ms
[2024-08-28T01:14:29.873+0000][info][gc,marking     ] GC(1250) Concurrent Scan Root Regions
[2024-08-28T01:14:29.874+0000][info][gc,marking     ] GC(1250) Concurrent Scan Root Regions 1.627ms
[2024-08-28T01:14:29.874+0000][info][gc,marking     ] GC(1250) Concurrent Mark
[2024-08-28T01:14:29.874+0000][info][gc,marking     ] GC(1250) Concurrent Mark From Roots
[2024-08-28T01:14:29.874+0000][info][gc,task        ] GC(1250) Using 17 workers of 17 for marking
[2024-08-28T01:14:29.899+0000][info][gc,marking     ] GC(1250) Concurrent Mark From Roots 24.232ms
[2024-08-28T01:14:29.899+0000][info][gc,marking     ] GC(1250) Concurrent Preclean
[2024-08-28T01:14:29.900+0000][info][gc,marking     ] GC(1250) Concurrent Preclean 0.744ms
[2024-08-28T01:14:29.900+0000][info][gc,start       ] GC(1250) Pause Remark
[2024-08-28T01:14:29.902+0000][info][gc             ] GC(1250) Pause Remark 938M->938M(1024M) 1.995ms
[2024-08-28T01:14:29.902+0000][info][gc,cpu         ] GC(1250) User=0.01s Sys=0.00s Real=0.00s
[2024-08-28T01:14:29.902+0000][info][gc,marking     ] GC(1250) Concurrent Mark 27.523ms
[2024-08-28T01:14:29.902+0000][info][gc,marking     ] GC(1250) Concurrent Rebuild Remembered Sets
[2024-08-28T01:14:29.905+0000][info][gc,start       ] GC(1251) Pause Young (Normal) (G1 Evacuation Pause)
[2024-08-28T01:14:29.905+0000][info][gc,task        ] GC(1251) Using 24 workers of 68 for evacuation
[2024-08-28T01:14:29.916+0000][info][gc,phases      ] GC(1251)   Pre Evacuate Collection Set: 0.2ms
[2024-08-28T01:14:29.916+0000][info][gc,phases      ] GC(1251)   Merge Heap Roots: 0.6ms
[2024-08-28T01:14:29.916+0000][info][gc,phases      ] GC(1251)   Evacuate Collection Set: 9.5ms
[2024-08-28T01:14:29.916+0000][info][gc,phases      ] GC(1251)   Post Evacuate Collection Set: 0.5ms
[2024-08-28T01:14:29.916+0000][info][gc,phases      ] GC(1251)   Other: 0.3ms
[2024-08-28T01:14:29.916+0000][info][gc,heap        ] GC(1251) Eden regions: 44->0(44)
[2024-08-28T01:14:29.916+0000][info][gc,heap        ] GC(1251) Survivor regions: 7->7(7)
[2024-08-28T01:14:29.916+0000][info][gc,heap        ] GC(1251) Old regions: 896->943
[2024-08-28T01:14:29.916+0000][info][gc,heap        ] GC(1251) Archive regions: 2->2
[2024-08-28T01:14:29.916+0000][info][gc,heap        ] GC(1251) Humongous regions: 5->5
[2024-08-28T01:14:29.916+0000][info][gc,metaspace   ] GC(1251) Metaspace: 100K(320K)->100K(320K) NonClass: 96K(192K)->96K(192K) Class: 4K(128K)->4K(128K)
[2024-08-28T01:14:29.916+0000][info][gc             ] GC(1251) Pause Young (Normal) (G1 Evacuation Pause) 942M->945M(1024M) 11.274ms
[2024-08-28T01:14:29.916+0000][info][gc,cpu         ] GC(1251) User=0.24s Sys=0.00s Real=0.01s
[2024-08-28T01:14:29.931+0000][info][gc,start       ] GC(1252) Pause Young (Normal) (G1 Preventive Collection)
[2024-08-28T01:14:29.931+0000][info][gc,task        ] GC(1252) Using 24 workers of 68 for evacuation
[2024-08-28T01:14:29.943+0000][info][gc,phases      ] GC(1252)   Pre Evacuate Collection Set: 0.2ms
[2024-08-28T01:14:29.943+0000][info][gc,phases      ] GC(1252)   Merge Heap Roots: 0.8ms
[2024-08-28T01:14:29.944+0000][info][gc,phases      ] GC(1252)   Evacuate Collection Set: 10.5ms
[2024-08-28T01:14:29.944+0000][info][gc,phases      ] GC(1252)   Post Evacuate Collection Set: 0.6ms
[2024-08-28T01:14:29.944+0000][info][gc,phases      ] GC(1252)   Other: 0.3ms
[2024-08-28T01:14:29.944+0000][info][gc,heap        ] GC(1252) Eden regions: 28->0(44)
[2024-08-28T01:14:29.944+0000][info][gc,heap        ] GC(1252) Survivor regions: 7->7(7)
[2024-08-28T01:14:29.944+0000][info][gc,heap        ] GC(1252) Old regions: 943->974
[2024-08-28T01:14:29.944+0000][info][gc,heap        ] GC(1252) Archive regions: 2->2
[2024-08-28T01:14:29.944+0000][info][gc,heap        ] GC(1252) Humongous regions: 5->5
[2024-08-28T01:14:29.944+0000][info][gc,metaspace   ] GC(1252) Metaspace: 100K(320K)->100K(320K) NonClass: 96K(192K)->96K(192K) Class: 4K(128K)->4K(128K)
[2024-08-28T01:14:29.944+0000][info][gc             ] GC(1252) Pause Young (Normal) (G1 Preventive Collection) 973M->976M(1024M) 12.533ms
[2024-08-28T01:14:29.944+0000][info][gc,cpu         ] GC(1252) User=0.27s Sys=0.00s Real=0.01s
[2024-08-28T01:14:29.951+0000][info][gc,start       ] GC(1253) Pause Young (Normal) (G1 Preventive Collection)
[2024-08-28T01:14:29.951+0000][info][gc,task        ] GC(1253) Using 24 workers of 68 for evacuation
[2024-08-28T01:14:29.961+0000][info][gc,phases      ] GC(1253)   Pre Evacuate Collection Set: 0.2ms
[2024-08-28T01:14:29.961+0000][info][gc,phases      ] GC(1253)   Merge Heap Roots: 0.9ms
[2024-08-28T01:14:29.961+0000][info][gc,phases      ] GC(1253)   Evacuate Collection Set: 8.7ms
[2024-08-28T01:14:29.961+0000][info][gc,phases      ] GC(1253)   Post Evacuate Collection Set: 0.6ms
[2024-08-28T01:14:29.961+0000][info][gc,phases      ] GC(1253)   Other: 0.3ms
[2024-08-28T01:14:29.961+0000][info][gc,heap        ] GC(1253) Eden regions: 13->0(44)
[2024-08-28T01:14:29.961+0000][info][gc,heap        ] GC(1253) Survivor regions: 7->7(7)
[2024-08-28T01:14:29.961+0000][info][gc,heap        ] GC(1253) Old regions: 974->990
[2024-08-28T01:14:29.961+0000][info][gc,heap        ] GC(1253) Archive regions: 2->2
[2024-08-28T01:14:29.961+0000][info][gc,heap        ] GC(1253) Humongous regions: 5->5
[2024-08-28T01:14:29.961+0000][info][gc,metaspace   ] GC(1253) Metaspace: 100K(320K)->100K(320K) NonClass: 96K(192K)->96K(192K) Class: 4K(128K)->4K(128K)
[2024-08-28T01:14:29.962+0000][info][gc             ] GC(1253) Pause Young (Normal) (G1 Preventive Collection) 989M->992M(1024M) 10.827ms
[2024-08-28T01:14:29.962+0000][info][gc,cpu         ] GC(1253) User=0.22s Sys=0.01s Real=0.01s
[2024-08-28T01:14:29.965+0000][info][gc,start       ] GC(1254) Pause Young (Normal) (G1 Preventive Collection)
[2024-08-28T01:14:29.965+0000][info][gc,task        ] GC(1254) Using 24 workers of 68 for evacuation
[2024-08-28T01:14:29.973+0000][info][gc,phases      ] GC(1254)   Pre Evacuate Collection Set: 0.2ms
[2024-08-28T01:14:29.973+0000][info][gc,phases      ] GC(1254)   Merge Heap Roots: 0.9ms
[2024-08-28T01:14:29.973+0000][info][gc,phases      ] GC(1254)   Evacuate Collection Set: 6.6ms
[2024-08-28T01:14:29.973+0000][info][gc,phases      ] GC(1254)   Post Evacuate Collection Set: 0.6ms
[2024-08-28T01:14:29.973+0000][info][gc,phases      ] GC(1254)   Other: 0.3ms
[2024-08-28T01:14:29.973+0000][info][gc,heap        ] GC(1254) Eden regions: 5->0(45)
[2024-08-28T01:14:29.973+0000][info][gc,heap        ] GC(1254) Survivor regions: 7->6(7)
[2024-08-28T01:14:29.973+0000][info][gc,heap        ] GC(1254) Old regions: 990->999
[2024-08-28T01:14:29.973+0000][info][gc,heap        ] GC(1254) Archive regions: 2->2
[2024-08-28T01:14:29.973+0000][info][gc,heap        ] GC(1254) Humongous regions: 5->5
[2024-08-28T01:14:29.973+0000][info][gc,metaspace   ] GC(1254) Metaspace: 100K(320K)->100K(320K) NonClass: 96K(192K)->96K(192K) Class: 4K(128K)->4K(128K)
[2024-08-28T01:14:29.973+0000][info][gc             ] GC(1254) Pause Young (Normal) (G1 Preventive Collection) 997M->1000M(1024M) 8.711ms
[2024-08-28T01:14:29.973+0000][info][gc,cpu         ] GC(1254) User=0.19s Sys=0.00s Real=0.01s
[2024-08-28T01:14:29.975+0000][info][gc,start       ] GC(1255) Pause Young (Normal) (G1 Preventive Collection)
[2024-08-28T01:14:29.975+0000][info][gc,task        ] GC(1255) Using 24 workers of 68 for evacuation
[2024-08-28T01:14:29.982+0000][info][gc,phases      ] GC(1255)   Pre Evacuate Collection Set: 0.1ms
[2024-08-28T01:14:29.982+0000][info][gc,phases      ] GC(1255)   Merge Heap Roots: 1.0ms
[2024-08-28T01:14:29.982+0000][info][gc,phases      ] GC(1255)   Evacuate Collection Set: 5.5ms
[2024-08-28T01:14:29.982+0000][info][gc,phases      ] GC(1255)   Post Evacuate Collection Set: 0.7ms
[2024-08-28T01:14:29.982+0000][info][gc,phases      ] GC(1255)   Other: 0.2ms
[2024-08-28T01:14:29.982+0000][info][gc,heap        ] GC(1255) Eden regions: 2->0(48)
[2024-08-28T01:14:29.983+0000][info][gc,heap        ] GC(1255) Survivor regions: 6->3(7)
[2024-08-28T01:14:29.983+0000][info][gc,heap        ] GC(1255) Old regions: 999->1005
[2024-08-28T01:14:29.983+0000][info][gc,heap        ] GC(1255) Archive regions: 2->2
[2024-08-28T01:14:29.983+0000][info][gc,heap        ] GC(1255) Humongous regions: 5->5
[2024-08-28T01:14:29.983+0000][info][gc,metaspace   ] GC(1255) Metaspace: 100K(320K)->100K(320K) NonClass: 96K(192K)->96K(192K) Class: 4K(128K)->4K(128K)
[2024-08-28T01:14:29.983+0000][info][gc             ] GC(1255) Pause Young (Normal) (G1 Preventive Collection) 1002M->1003M(1024M) 7.657ms
[2024-08-28T01:14:29.983+0000][info][gc,cpu         ] GC(1255) User=0.17s Sys=0.00s Real=0.01s
[2024-08-28T01:14:29.985+0000][info][gc,start       ] GC(1256) Pause Young (Normal) (G1 Preventive Collection)
[2024-08-28T01:14:29.985+0000][info][gc,task        ] GC(1256) Using 24 workers of 68 for evacuation
[2024-08-28T01:14:29.992+0000][info][gc,phases      ] GC(1256)   Pre Evacuate Collection Set: 0.1ms
[2024-08-28T01:14:29.992+0000][info][gc,phases      ] GC(1256)   Merge Heap Roots: 1.0ms
[2024-08-28T01:14:29.992+0000][info][gc,phases      ] GC(1256)   Evacuate Collection Set: 5.3ms
[2024-08-28T01:14:29.992+0000][info][gc,phases      ] GC(1256)   Post Evacuate Collection Set: 0.7ms
[2024-08-28T01:14:29.992+0000][info][gc,phases      ] GC(1256)   Other: 0.3ms
[2024-08-28T01:14:29.992+0000][info][gc,heap        ] GC(1256) Eden regions: 3->0(45)
[2024-08-28T01:14:29.992+0000][info][gc,heap        ] GC(1256) Survivor regions: 3->6(6)
[2024-08-28T01:14:29.992+0000][info][gc,heap        ] GC(1256) Old regions: 1005->1005
[2024-08-28T01:14:29.992+0000][info][gc,heap        ] GC(1256) Archive regions: 2->2
[2024-08-28T01:14:29.992+0000][info][gc,heap        ] GC(1256) Humongous regions: 5->5
[2024-08-28T01:14:29.992+0000][info][gc,metaspace   ] GC(1256) Metaspace: 100K(320K)->100K(320K) NonClass: 96K(192K)->96K(192K) Class: 4K(128K)->4K(128K)
[2024-08-28T01:14:29.992+0000][info][gc             ] GC(1256) Pause Young (Normal) (G1 Preventive Collection) 1006M->1005M(1024M) 7.470ms
[2024-08-28T01:14:29.992+0000][info][gc,cpu         ] GC(1256) User=0.15s Sys=0.00s Real=0.01s
[2024-08-28T01:14:29.993+0000][info][gc,start       ] GC(1257) Pause Young (Normal) (G1 Preventive Collection)
[2024-08-28T01:14:29.993+0000][info][gc,task        ] GC(1257) Using 24 workers of 68 for evacuation
[2024-08-28T01:14:30.001+0000][info][gc             ] GC(1257) To-space exhausted
[2024-08-28T01:14:30.001+0000][info][gc,phases      ] GC(1257)   Pre Evacuate Collection Set: 0.1ms
[2024-08-28T01:14:30.001+0000][info][gc,phases      ] GC(1257)   Merge Heap Roots: 1.0ms
[2024-08-28T01:14:30.001+0000][info][gc,phases      ] GC(1257)   Evacuate Collection Set: 5.4ms
[2024-08-28T01:14:30.001+0000][info][gc,phases      ] GC(1257)   Post Evacuate Collection Set: 0.9ms
[2024-08-28T01:14:30.001+0000][info][gc,phases      ] GC(1257)   Other: 0.2ms
[2024-08-28T01:14:30.001+0000][info][gc,heap        ] GC(1257) Eden regions: 1->0(48)
[2024-08-28T01:14:30.001+0000][info][gc,heap        ] GC(1257) Survivor regions: 6->3(5)
[2024-08-28T01:14:30.001+0000][info][gc,heap        ] GC(1257) Old regions: 1005->1014
[2024-08-28T01:14:30.001+0000][info][gc,heap        ] GC(1257) Archive regions: 2->2
[2024-08-28T01:14:30.001+0000][info][gc,heap        ] GC(1257) Humongous regions: 5->5
[2024-08-28T01:14:30.001+0000][info][gc,metaspace   ] GC(1257) Metaspace: 100K(320K)->100K(320K) NonClass: 96K(192K)->96K(192K) Class: 4K(128K)->4K(128K)
[2024-08-28T01:14:30.001+0000][info][gc             ] GC(1257) Pause Young (Normal) (G1 Preventive Collection) 1006M->1012M(1024M) 7.781ms
[2024-08-28T01:14:30.001+0000][info][gc,cpu         ] GC(1257) User=0.16s Sys=0.00s Real=0.01s
[2024-08-28T01:14:30.001+0000][info][gc,ergo        ] Attempting full compaction
[2024-08-28T01:14:30.001+0000][info][gc,task        ] GC(1258) Using 24 workers of 68 for full compaction
[2024-08-28T01:14:30.001+0000][info][gc,start       ] GC(1258) Pause Full (G1 Compaction Pause)
[2024-08-28T01:14:30.002+0000][info][gc,phases,start] GC(1258) Phase 1: Mark live objects
[2024-08-28T01:14:30.017+0000][info][gc,phases      ] GC(1258) Phase 1: Mark live objects 14.549ms
[2024-08-28T01:14:30.017+0000][info][gc,phases,start] GC(1258) Phase 2: Prepare for compaction
[2024-08-28T01:14:30.026+0000][info][gc,phases      ] GC(1258) Phase 2: Prepare for compaction 8.831ms
[2024-08-28T01:14:30.026+0000][info][gc,phases,start] GC(1258) Phase 3: Adjust pointers
[2024-08-28T01:14:30.041+0000][info][gc,phases      ] GC(1258) Phase 3: Adjust pointers 15.399ms
[2024-08-28T01:14:30.041+0000][info][gc,phases,start] GC(1258) Phase 4: Compact heap
[2024-08-28T01:14:30.071+0000][info][gc,phases      ] GC(1258) Phase 4: Compact heap 29.422ms
[2024-08-28T01:14:30.072+0000][info][gc,heap        ] GC(1258) Eden regions: 0->0(150)
[2024-08-28T01:14:30.072+0000][info][gc,heap        ] GC(1258) Survivor regions: 3->0(5)
[2024-08-28T01:14:30.072+0000][info][gc,heap        ] GC(1258) Old regions: 1014->443
[2024-08-28T01:14:30.072+0000][info][gc,heap        ] GC(1258) Archive regions: 2->2
[2024-08-28T01:14:30.072+0000][info][gc,heap        ] GC(1258) Humongous regions: 5->5
[2024-08-28T01:14:30.072+0000][info][gc,metaspace   ] GC(1258) Metaspace: 100K(320K)->100K(320K) NonClass: 96K(192K)->96K(192K) Class: 4K(128K)->4K(128K)
[2024-08-28T01:14:30.072+0000][info][gc             ] GC(1258) Pause Full (G1 Compaction Pause) 1012M->437M(1024M) 71.091ms
[2024-08-28T01:14:30.073+0000][info][gc,cpu         ] GC(1258) User=1.49s Sys=0.01s Real=0.07s
[2024-08-28T01:14:30.073+0000][info][gc,marking     ] GC(1250) Concurrent Rebuild Remembered Sets 170.950ms
[2024-08-28T01:14:30.073+0000][info][gc,marking     ] GC(1250) Concurrent Mark Abort
[2024-08-28T01:14:30.073+0000][info][gc             ] GC(1250) Concurrent Mark Cycle 200.330ms
[2024-08-28T01:14:30.146+0000][info][gc,start       ] GC(1259) Pause Young (Normal) (G1 Evacuation Pause)
[2024-08-28T01:14:30.146+0000][info][gc,task        ] GC(1259) Using 24 workers of 68 for evacuation
[2024-08-28T01:14:30.169+0000][info][gc,phases      ] GC(1259)   Pre Evacuate Collection Set: 0.2ms
[2024-08-28T01:14:30.169+0000][info][gc,phases      ] GC(1259)   Merge Heap Roots: 0.6ms
[2024-08-28T01:14:30.169+0000][info][gc,phases      ] GC(1259)   Evacuate Collection Set: 21.3ms
[2024-08-28T01:14:30.169+0000][info][gc,phases      ] GC(1259)   Post Evacuate Collection Set: 0.4ms
[2024-08-28T01:14:30.169+0000][info][gc,phases      ] GC(1259)   Other: 0.4ms
[2024-08-28T01:14:30.169+0000][info][gc,heap        ] GC(1259) Eden regions: 150->0(103)
[2024-08-28T01:14:30.169+0000][info][gc,heap        ] GC(1259) Survivor regions: 0->19(19)
[2024-08-28T01:14:30.169+0000][info][gc,heap        ] GC(1259) Old regions: 443->570
[2024-08-28T01:14:30.169+0000][info][gc,heap        ] GC(1259) Archive regions: 2->2
[2024-08-28T01:14:30.169+0000][info][gc,heap        ] GC(1259) Humongous regions: 5->5
[2024-08-28T01:14:30.169+0000][info][gc,metaspace   ] GC(1259) Metaspace: 100K(320K)->100K(320K) NonClass: 96K(192K)->96K(192K) Class: 4K(128K)->4K(128K)
[2024-08-28T01:14:30.169+0000][info][gc             ] GC(1259) Pause Young (Normal) (G1 Evacuation Pause) 587M->583M(1024M) 23.016ms
[2024-08-28T01:14:30.169+0000][info][gc,cpu         ] GC(1259) User=0.51s Sys=0.02s Real=0.02s
[2024-08-28T01:14:30.217+0000][info][gc,start       ] GC(1260) Pause Young (Concurrent Start) (G1 Evacuation Pause)
[2024-08-28T01:14:30.217+0000][info][gc,task        ] GC(1260) Using 24 workers of 68 for evacuation
[2024-08-28T01:14:30.237+0000][info][gc,phases      ] GC(1260)   Pre Evacuate Collection Set: 0.2ms
[2024-08-28T01:14:30.237+0000][info][gc,phases      ] GC(1260)   Merge Heap Roots: 0.6ms
[2024-08-28T01:14:30.237+0000][info][gc,phases      ] GC(1260)   Evacuate Collection Set: 17.7ms
[2024-08-28T01:14:30.237+0000][info][gc,phases      ] GC(1260)   Post Evacuate Collection Set: 0.4ms
[2024-08-28T01:14:30.237+0000][info][gc,phases      ] GC(1260)   Other: 1.1ms
[2024-08-28T01:14:30.237+0000][info][gc,heap        ] GC(1260) Eden regions: 103->0(69)
[2024-08-28T01:14:30.237+0000][info][gc,heap        ] GC(1260) Survivor regions: 19->16(16)
[2024-08-28T01:14:30.237+0000][info][gc,heap        ] GC(1260) Old regions: 570->679
[2024-08-28T01:14:30.237+0000][info][gc,heap        ] GC(1260) Archive regions: 2->2
[2024-08-28T01:14:30.237+0000][info][gc,heap        ] GC(1260) Humongous regions: 5->5
[2024-08-28T01:14:30.237+0000][info][gc,metaspace   ] GC(1260) Metaspace: 100K(320K)->100K(320K) NonClass: 96K(192K)->96K(192K) Class: 4K(128K)->4K(128K)
[2024-08-28T01:14:30.237+0000][info][gc             ] GC(1260) Pause Young (Concurrent Start) (G1 Evacuation Pause) 686M->689M(1024M) 20.124ms
[2024-08-28T01:14:30.237+0000][info][gc,cpu         ] GC(1260) User=0.43s Sys=0.00s Real=0.02s
[2024-08-28T01:14:30.237+0000][info][gc             ] GC(1261) Concurrent Mark Cycle
[2024-08-28T01:14:30.237+0000][info][gc,marking     ] GC(1261) Concurrent Clear Claimed Marks
[2024-08-28T01:14:30.237+0000][info][gc,marking     ] GC(1261) Concurrent Clear Claimed Marks 0.011ms
[2024-08-28T01:14:30.237+0000][info][gc,marking     ] GC(1261) Concurrent Scan Root Regions
[2024-08-28T01:14:30.240+0000][info][gc,marking     ] GC(1261) Concurrent Scan Root Regions 3.316ms
[2024-08-28T01:14:30.240+0000][info][gc,marking     ] GC(1261) Concurrent Mark
[2024-08-28T01:14:30.240+0000][info][gc,marking     ] GC(1261) Concurrent Mark From Roots
[2024-08-28T01:14:30.240+0000][info][gc,task        ] GC(1261) Using 17 workers of 17 for marking
[2024-08-28T01:14:30.261+0000][info][gc,marking     ] GC(1261) Concurrent Mark From Roots 20.842ms
[2024-08-28T01:14:30.261+0000][info][gc,marking     ] GC(1261) Concurrent Preclean
[2024-08-28T01:14:30.262+0000][info][gc,marking     ] GC(1261) Concurrent Preclean 0.681ms
[2024-08-28T01:14:30.262+0000][info][gc,start       ] GC(1261) Pause Remark
[2024-08-28T01:14:30.264+0000][info][gc             ] GC(1261) Pause Remark 727M->727M(1024M) 1.494ms
[2024-08-28T01:14:30.264+0000][info][gc,cpu         ] GC(1261) User=0.01s Sys=0.00s Real=0.00s
[2024-08-28T01:14:30.264+0000][info][gc,marking     ] GC(1261) Concurrent Mark 23.557ms
[2024-08-28T01:14:30.264+0000][info][gc,marking     ] GC(1261) Concurrent Rebuild Remembered Sets
[2024-08-28T01:14:30.280+0000][info][gc,marking     ] GC(1261) Concurrent Rebuild Remembered Sets 15.700ms
[2024-08-28T01:14:30.280+0000][info][gc,start       ] GC(1261) Pause Cleanup
[2024-08-28T01:14:30.283+0000][info][gc             ] GC(1261) Pause Cleanup 754M->754M(1024M) 2.427ms
[2024-08-28T01:14:30.283+0000][info][gc,cpu         ] GC(1261) User=0.00s Sys=0.00s Real=0.00s
[2024-08-28T01:14:30.283+0000][info][gc,marking     ] GC(1261) Concurrent Cleanup for Next Mark
[2024-08-28T01:14:30.284+0000][info][gc,marking     ] GC(1261) Concurrent Cleanup for Next Mark 0.729ms
[2024-08-28T01:14:30.284+0000][info][gc             ] GC(1261) Concurrent Mark Cycle 46.535ms
[2024-08-28T01:14:30.285+0000][info][gc,start       ] GC(1262) Pause Young (Prepare Mixed) (G1 Evacuation Pause)
[2024-08-28T01:14:30.285+0000][info][gc,task        ] GC(1262) Using 24 workers of 68 for evacuation
[2024-08-28T01:14:30.301+0000][info][gc,phases      ] GC(1262)   Pre Evacuate Collection Set: 0.2ms
[2024-08-28T01:14:30.301+0000][info][gc,phases      ] GC(1262)   Merge Heap Roots: 0.4ms
[2024-08-28T01:14:30.301+0000][info][gc,phases      ] GC(1262)   Evacuate Collection Set: 14.3ms
[2024-08-28T01:14:30.301+0000][info][gc,phases      ] GC(1262)   Post Evacuate Collection Set: 0.4ms
[2024-08-28T01:14:30.301+0000][info][gc,phases      ] GC(1262)   Other: 0.3ms
[2024-08-28T01:14:30.301+0000][info][gc,heap        ] GC(1262) Eden regions: 69->0(40)
[2024-08-28T01:14:30.301+0000][info][gc,heap        ] GC(1262) Survivor regions: 16->11(11)
[2024-08-28T01:14:30.301+0000][info][gc,heap        ] GC(1262) Old regions: 679->757
[2024-08-28T01:14:30.301+0000][info][gc,heap        ] GC(1262) Archive regions: 2->2
[2024-08-28T01:14:30.301+0000][info][gc,heap        ] GC(1262) Humongous regions: 5->5
[2024-08-28T01:14:30.301+0000][info][gc,metaspace   ] GC(1262) Metaspace: 100K(320K)->100K(320K) NonClass: 96K(192K)->96K(192K) Class: 4K(128K)->4K(128K)
[2024-08-28T01:14:30.301+0000][info][gc             ] GC(1262) Pause Young (Prepare Mixed) (G1 Evacuation Pause) 758M->762M(1024M) 15.729ms
[2024-08-28T01:14:30.301+0000][info][gc,cpu         ] GC(1262) User=0.34s Sys=0.01s Real=0.02s
[2024-08-28T01:14:30.320+0000][info][gc,start       ] GC(1263) Pause Young (Mixed) (G1 Evacuation Pause)
[2024-08-28T01:14:30.320+0000][info][gc,task        ] GC(1263) Using 24 workers of 68 for evacuation
[2024-08-28T01:14:30.333+0000][info][gc,phases      ] GC(1263)   Pre Evacuate Collection Set: 0.2ms
[2024-08-28T01:14:30.333+0000][info][gc,phases      ] GC(1263)   Merge Heap Roots: 0.5ms
[2024-08-28T01:14:30.333+0000][info][gc,phases      ] GC(1263)   Evacuate Collection Set: 12.0ms
[2024-08-28T01:14:30.333+0000][info][gc,phases      ] GC(1263)   Post Evacuate Collection Set: 0.4ms
[2024-08-28T01:14:30.333+0000][info][gc,phases      ] GC(1263)   Other: 0.3ms
[2024-08-28T01:14:30.333+0000][info][gc,heap        ] GC(1263) Eden regions: 40->0(44)
[2024-08-28T01:14:30.333+0000][info][gc,heap        ] GC(1263) Survivor regions: 11->7(7)
[2024-08-28T01:14:30.333+0000][info][gc,heap        ] GC(1263) Old regions: 757->743
[2024-08-28T01:14:30.333+0000][info][gc,heap        ] GC(1263) Archive regions: 2->2
[2024-08-28T01:14:30.333+0000][info][gc,heap        ] GC(1263) Humongous regions: 5->5
[2024-08-28T01:14:30.333+0000][info][gc,metaspace   ] GC(1263) Metaspace: 100K(320K)->100K(320K) NonClass: 96K(192K)->96K(192K) Class: 4K(128K)->4K(128K)
[2024-08-28T01:14:30.333+0000][info][gc             ] GC(1263) Pause Young (Mixed) (G1 Evacuation Pause) 802M->746M(1024M) 13.670ms
[2024-08-28T01:14:30.333+0000][info][gc,cpu         ] GC(1263) User=0.30s Sys=0.00s Real=0.01s
[2024-08-28T01:14:30.354+0000][info][gc,start       ] GC(1264) Pause Young (Mixed) (G1 Evacuation Pause)
[2024-08-28T01:14:30.354+0000][info][gc,task        ] GC(1264) Using 24 workers of 68 for evacuation
[2024-08-28T01:14:30.366+0000][info][gc,phases      ] GC(1264)   Pre Evacuate Collection Set: 0.2ms
[2024-08-28T01:14:30.366+0000][info][gc,phases      ] GC(1264)   Merge Heap Roots: 0.3ms
[2024-08-28T01:14:30.366+0000][info][gc,phases      ] GC(1264)   Evacuate Collection Set: 10.5ms
[2024-08-28T01:14:30.366+0000][info][gc,phases      ] GC(1264)   Post Evacuate Collection Set: 0.4ms
[2024-08-28T01:14:30.366+0000][info][gc,phases      ] GC(1264)   Other: 0.4ms
[2024-08-28T01:14:30.366+0000][info][gc,heap        ] GC(1264) Eden regions: 44->0(44)
[2024-08-28T01:14:30.366+0000][info][gc,heap        ] GC(1264) Survivor regions: 7->7(7)
[2024-08-28T01:14:30.366+0000][info][gc,heap        ] GC(1264) Old regions: 743->729
[2024-08-28T01:14:30.366+0000][info][gc,heap        ] GC(1264) Archive regions: 2->2
[2024-08-28T01:14:30.366+0000][info][gc,heap        ] GC(1264) Humongous regions: 5->5
[2024-08-28T01:14:30.366+0000][info][gc,metaspace   ] GC(1264) Metaspace: 100K(320K)->100K(320K) NonClass: 96K(192K)->96K(192K) Class: 4K(128K)->4K(128K)
[2024-08-28T01:14:30.366+0000][info][gc             ] GC(1264) Pause Young (Mixed) (G1 Evacuation Pause) 790M->731M(1024M) 12.056ms
[2024-08-28T01:14:30.366+0000][info][gc,cpu         ] GC(1264) User=0.26s Sys=0.00s Real=0.01s
[2024-08-28T01:14:30.386+0000][info][gc,start       ] GC(1265) Pause Young (Mixed) (G1 Evacuation Pause)
[2024-08-28T01:14:30.387+0000][info][gc,task        ] GC(1265) Using 24 workers of 68 for evacuation
[2024-08-28T01:14:30.398+0000][info][gc,phases      ] GC(1265)   Pre Evacuate Collection Set: 0.2ms
[2024-08-28T01:14:30.398+0000][info][gc,phases      ] GC(1265)   Merge Heap Roots: 0.5ms
[2024-08-28T01:14:30.398+0000][info][gc,phases      ] GC(1265)   Evacuate Collection Set: 10.5ms
[2024-08-28T01:14:30.398+0000][info][gc,phases      ] GC(1265)   Post Evacuate Collection Set: 0.4ms
[2024-08-28T01:14:30.398+0000][info][gc,phases      ] GC(1265)   Other: 0.3ms
[2024-08-28T01:14:30.398+0000][info][gc,heap        ] GC(1265) Eden regions: 44->0(44)
[2024-08-28T01:14:30.398+0000][info][gc,heap        ] GC(1265) Survivor regions: 7->7(7)
[2024-08-28T01:14:30.398+0000][info][gc,heap        ] GC(1265) Old regions: 729->714
[2024-08-28T01:14:30.399+0000][info][gc,heap        ] GC(1265) Archive regions: 2->2
[2024-08-28T01:14:30.399+0000][info][gc,heap        ] GC(1265) Humongous regions: 5->5
[2024-08-28T01:14:30.399+0000][info][gc,metaspace   ] GC(1265) Metaspace: 100K(320K)->100K(320K) NonClass: 96K(192K)->96K(192K) Class: 4K(128K)->4K(128K)
[2024-08-28T01:14:30.399+0000][info][gc             ] GC(1265) Pause Young (Mixed) (G1 Evacuation Pause) 775M->717M(1024M) 12.088ms
[2024-08-28T01:14:30.399+0000][info][gc,cpu         ] GC(1265) User=0.26s Sys=0.00s Real=0.02s
[2024-08-28T01:14:30.419+0000][info][gc,start       ] GC(1266) Pause Young (Mixed) (G1 Evacuation Pause)
[2024-08-28T01:14:30.419+0000][info][gc,task        ] GC(1266) Using 24 workers of 68 for evacuation
[2024-08-28T01:14:30.430+0000][info][gc,phases      ] GC(1266)   Pre Evacuate Collection Set: 0.2ms
[2024-08-28T01:14:30.430+0000][info][gc,phases      ] GC(1266)   Merge Heap Roots: 0.3ms
[2024-08-28T01:14:30.430+0000][info][gc,phases      ] GC(1266)   Evacuate Collection Set: 10.1ms
[2024-08-28T01:14:30.430+0000][info][gc,phases      ] GC(1266)   Post Evacuate Collection Set: 0.4ms
[2024-08-28T01:14:30.430+0000][info][gc,phases      ] GC(1266)   Other: 0.3ms
[2024-08-28T01:14:30.430+0000][info][gc,heap        ] GC(1266) Eden regions: 44->0(49)
[2024-08-28T01:14:30.430+0000][info][gc,heap        ] GC(1266) Survivor regions: 7->7(7)
[2024-08-28T01:14:30.430+0000][info][gc,heap        ] GC(1266) Old regions: 714->751
[2024-08-28T01:14:30.430+0000][info][gc,heap        ] GC(1266) Archive regions: 2->2
[2024-08-28T01:14:30.430+0000][info][gc,heap        ] GC(1266) Humongous regions: 5->5
[2024-08-28T01:14:30.430+0000][info][gc,metaspace   ] GC(1266) Metaspace: 100K(320K)->100K(320K) NonClass: 96K(192K)->96K(192K) Class: 4K(128K)->4K(128K)
[2024-08-28T01:14:30.430+0000][info][gc             ] GC(1266) Pause Young (Mixed) (G1 Evacuation Pause) 761M->756M(1024M) 11.531ms
[2024-08-28T01:14:30.430+0000][info][gc,cpu         ] GC(1266) User=0.25s Sys=0.00s Real=0.01s
[2024-08-28T01:14:30.453+0000][info][gc,start       ] GC(1267) Pause Young (Concurrent Start) (G1 Evacuation Pause)
[2024-08-28T01:14:30.453+0000][info][gc,task        ] GC(1267) Using 24 workers of 68 for evacuation
[2024-08-28T01:14:30.465+0000][info][gc,phases      ] GC(1267)   Pre Evacuate Collection Set: 0.2ms
[2024-08-28T01:14:30.465+0000][info][gc,phases      ] GC(1267)   Merge Heap Roots: 0.3ms
[2024-08-28T01:14:30.465+0000][info][gc,phases      ] GC(1267)   Evacuate Collection Set: 10.3ms
[2024-08-28T01:14:30.465+0000][info][gc,phases      ] GC(1267)   Post Evacuate Collection Set: 0.4ms
[2024-08-28T01:14:30.465+0000][info][gc,phases      ] GC(1267)   Other: 1.1ms
[2024-08-28T01:14:30.465+0000][info][gc,heap        ] GC(1267) Eden regions: 49->0(44)
[2024-08-28T01:14:30.465+0000][info][gc,heap        ] GC(1267) Survivor regions: 7->7(7)
[2024-08-28T01:14:30.465+0000][info][gc,heap        ] GC(1267) Old regions: 751->803
[2024-08-28T01:14:30.465+0000][info][gc,heap        ] GC(1267) Archive regions: 2->2
[2024-08-28T01:14:30.465+0000][info][gc,heap        ] GC(1267) Humongous regions: 5->5
[2024-08-28T01:14:30.465+0000][info][gc,metaspace   ] GC(1267) Metaspace: 100K(320K)->100K(320K) NonClass: 96K(192K)->96K(192K) Class: 4K(128K)->4K(128K)
[2024-08-28T01:14:30.465+0000][info][gc             ] GC(1267) Pause Young (Concurrent Start) (G1 Evacuation Pause) 805M->808M(1024M) 12.476ms
[2024-08-28T01:14:30.465+0000][info][gc,cpu         ] GC(1267) User=0.25s Sys=0.01s Real=0.01s
[2024-08-28T01:14:30.465+0000][info][gc             ] GC(1268) Concurrent Mark Cycle
[2024-08-28T01:14:30.465+0000][info][gc,marking     ] GC(1268) Concurrent Clear Claimed Marks
[2024-08-28T01:14:30.465+0000][info][gc,marking     ] GC(1268) Concurrent Clear Claimed Marks 0.011ms
[2024-08-28T01:14:30.465+0000][info][gc,marking     ] GC(1268) Concurrent Scan Root Regions
[2024-08-28T01:14:30.467+0000][info][gc,marking     ] GC(1268) Concurrent Scan Root Regions 1.784ms
[2024-08-28T01:14:30.467+0000][info][gc,marking     ] GC(1268) Concurrent Mark
[2024-08-28T01:14:30.467+0000][info][gc,marking     ] GC(1268) Concurrent Mark From Roots
[2024-08-28T01:14:30.467+0000][info][gc,task        ] GC(1268) Using 17 workers of 17 for marking
[2024-08-28T01:14:30.490+0000][info][gc,marking     ] GC(1268) Concurrent Mark From Roots 22.805ms
[2024-08-28T01:14:30.490+0000][info][gc,marking     ] GC(1268) Concurrent Preclean
[2024-08-28T01:14:30.491+0000][info][gc,marking     ] GC(1268) Concurrent Preclean 0.902ms
[2024-08-28T01:14:30.491+0000][info][gc,start       ] GC(1268) Pause Remark
[2024-08-28T01:14:30.493+0000][info][gc             ] GC(1268) Pause Remark 847M->847M(1024M) 1.781ms
[2024-08-28T01:14:30.493+0000][info][gc,cpu         ] GC(1268) User=0.00s Sys=0.00s Real=0.00s
[2024-08-28T01:14:30.493+0000][info][gc,marking     ] GC(1268) Concurrent Mark 26.082ms
[2024-08-28T01:14:30.493+0000][info][gc,marking     ] GC(1268) Concurrent Rebuild Remembered Sets
[2024-08-28T01:14:30.496+0000][info][gc,start       ] GC(1269) Pause Young (Normal) (G1 Evacuation Pause)
[2024-08-28T01:14:30.496+0000][info][gc,task        ] GC(1269) Using 24 workers of 68 for evacuation
[2024-08-28T01:14:30.507+0000][info][gc,phases      ] GC(1269)   Pre Evacuate Collection Set: 0.2ms
[2024-08-28T01:14:30.507+0000][info][gc,phases      ] GC(1269)   Merge Heap Roots: 0.6ms
[2024-08-28T01:14:30.507+0000][info][gc,phases      ] GC(1269)   Evacuate Collection Set: 9.4ms
[2024-08-28T01:14:30.507+0000][info][gc,phases      ] GC(1269)   Post Evacuate Collection Set: 0.5ms
[2024-08-28T01:14:30.507+0000][info][gc,phases      ] GC(1269)   Other: 0.3ms
[2024-08-28T01:14:30.507+0000][info][gc,heap        ] GC(1269) Eden regions: 44->0(44)
[2024-08-28T01:14:30.507+0000][info][gc,heap        ] GC(1269) Survivor regions: 7->7(7)
[2024-08-28T01:14:30.507+0000][info][gc,heap        ] GC(1269) Old regions: 803->850
[2024-08-28T01:14:30.507+0000][info][gc,heap        ] GC(1269) Archive regions: 2->2
[2024-08-28T01:14:30.507+0000][info][gc,heap        ] GC(1269) Humongous regions: 5->5
[2024-08-28T01:14:30.507+0000][info][gc,metaspace   ] GC(1269) Metaspace: 100K(320K)->100K(320K) NonClass: 96K(192K)->96K(192K) Class: 4K(128K)->4K(128K)
[2024-08-28T01:14:30.507+0000][info][gc             ] GC(1269) Pause Young (Normal) (G1 Evacuation Pause) 852M->855M(1024M) 11.011ms
[2024-08-28T01:14:30.507+0000][info][gc,cpu         ] GC(1269) User=0.23s Sys=0.00s Real=0.01s
[2024-08-28T01:14:30.530+0000][info][gc,start       ] GC(1270) Pause Young (Normal) (G1 Evacuation Pause)
[2024-08-28T01:14:30.530+0000][info][gc,task        ] GC(1270) Using 24 workers of 68 for evacuation
[2024-08-28T01:14:30.544+0000][info][gc,phases      ] GC(1270)   Pre Evacuate Collection Set: 0.2ms
[2024-08-28T01:14:30.544+0000][info][gc,phases      ] GC(1270)   Merge Heap Roots: 0.4ms
[2024-08-28T01:14:30.544+0000][info][gc,phases      ] GC(1270)   Evacuate Collection Set: 12.9ms
[2024-08-28T01:14:30.544+0000][info][gc,phases      ] GC(1270)   Post Evacuate Collection Set: 0.6ms
[2024-08-28T01:14:30.544+0000][info][gc,phases      ] GC(1270)   Other: 0.3ms
[2024-08-28T01:14:30.544+0000][info][gc,heap        ] GC(1270) Eden regions: 44->0(44)
[2024-08-28T01:14:30.544+0000][info][gc,heap        ] GC(1270) Survivor regions: 7->7(7)
[2024-08-28T01:14:30.544+0000][info][gc,heap        ] GC(1270) Old regions: 850->896
[2024-08-28T01:14:30.544+0000][info][gc,heap        ] GC(1270) Archive regions: 2->2
[2024-08-28T01:14:30.544+0000][info][gc,heap        ] GC(1270) Humongous regions: 5->5
[2024-08-28T01:14:30.544+0000][info][gc,metaspace   ] GC(1270) Metaspace: 100K(320K)->100K(320K) NonClass: 96K(192K)->96K(192K) Class: 4K(128K)->4K(128K)
[2024-08-28T01:14:30.544+0000][info][gc             ] GC(1270) Pause Young (Normal) (G1 Evacuation Pause) 899M->902M(1024M) 14.563ms
[2024-08-28T01:14:30.544+0000][info][gc,cpu         ] GC(1270) User=0.32s Sys=0.00s Real=0.01s
[2024-08-28T01:14:30.567+0000][info][gc,start       ] GC(1271) Pause Young (Normal) (G1 Evacuation Pause)
[2024-08-28T01:14:30.567+0000][info][gc,task        ] GC(1271) Using 24 workers of 68 for evacuation
[2024-08-28T01:14:30.583+0000][info][gc,phases      ] GC(1271)   Pre Evacuate Collection Set: 0.2ms
[2024-08-28T01:14:30.583+0000][info][gc,phases      ] GC(1271)   Merge Heap Roots: 0.9ms
[2024-08-28T01:14:30.583+0000][info][gc,phases      ] GC(1271)   Evacuate Collection Set: 14.0ms
[2024-08-28T01:14:30.583+0000][info][gc,phases      ] GC(1271)   Post Evacuate Collection Set: 0.8ms
[2024-08-28T01:14:30.583+0000][info][gc,phases      ] GC(1271)   Other: 0.3ms
[2024-08-28T01:14:30.583+0000][info][gc,heap        ] GC(1271) Eden regions: 44->0(44)
[2024-08-28T01:14:30.583+0000][info][gc,heap        ] GC(1271) Survivor regions: 7->7(7)
[2024-08-28T01:14:30.583+0000][info][gc,heap        ] GC(1271) Old regions: 896->942
[2024-08-28T01:14:30.583+0000][info][gc,heap        ] GC(1271) Archive regions: 2->2
[2024-08-28T01:14:30.583+0000][info][gc,heap        ] GC(1271) Humongous regions: 5->5
[2024-08-28T01:14:30.583+0000][info][gc,metaspace   ] GC(1271) Metaspace: 100K(320K)->100K(320K) NonClass: 96K(192K)->96K(192K) Class: 4K(128K)->4K(128K)
[2024-08-28T01:14:30.583+0000][info][gc             ] GC(1271) Pause Young (Normal) (G1 Evacuation Pause) 946M->948M(1024M) 16.303ms
[2024-08-28T01:14:30.583+0000][info][gc,cpu         ] GC(1271) User=0.36s Sys=0.00s Real=0.02s
[2024-08-28T01:14:30.586+0000][info][gc,marking     ] GC(1268) Concurrent Rebuild Remembered Sets 92.871ms
[2024-08-28T01:14:30.586+0000][info][gc,start       ] GC(1268) Pause Cleanup
[2024-08-28T01:14:30.590+0000][info][gc             ] GC(1268) Pause Cleanup 953M->953M(1024M) 3.219ms
[2024-08-28T01:14:30.590+0000][info][gc,cpu         ] GC(1268) User=0.00s Sys=0.00s Real=0.01s
[2024-08-28T01:14:30.590+0000][info][gc,marking     ] GC(1268) Concurrent Cleanup for Next Mark
[2024-08-28T01:14:30.591+0000][info][gc,marking     ] GC(1268) Concurrent Cleanup for Next Mark 0.642ms
[2024-08-28T01:14:30.591+0000][info][gc             ] GC(1268) Concurrent Mark Cycle 125.352ms
[2024-08-28T01:14:30.603+0000][info][gc,start       ] GC(1272) Pause Young (Prepare Mixed) (G1 Preventive Collection)
[2024-08-28T01:14:30.603+0000][info][gc,task        ] GC(1272) Using 24 workers of 68 for evacuation
[2024-08-28T01:14:30.619+0000][info][gc             ] GC(1272) To-space exhausted
[2024-08-28T01:14:30.619+0000][info][gc,phases      ] GC(1272)   Pre Evacuate Collection Set: 0.2ms
[2024-08-28T01:14:30.619+0000][info][gc,phases      ] GC(1272)   Merge Heap Roots: 1.1ms
[2024-08-28T01:14:30.619+0000][info][gc,phases      ] GC(1272)   Evacuate Collection Set: 14.3ms
[2024-08-28T01:14:30.619+0000][info][gc,phases      ] GC(1272)   Post Evacuate Collection Set: 0.8ms
[2024-08-28T01:14:30.619+0000][info][gc,phases      ] GC(1272)   Other: 0.4ms
[2024-08-28T01:14:30.619+0000][info][gc,heap        ] GC(1272) Eden regions: 29->0(44)
[2024-08-28T01:14:30.619+0000][info][gc,heap        ] GC(1272) Survivor regions: 7->7(7)
[2024-08-28T01:14:30.619+0000][info][gc,heap        ] GC(1272) Old regions: 942->998
[2024-08-28T01:14:30.619+0000][info][gc,heap        ] GC(1272) Archive regions: 2->2
[2024-08-28T01:14:30.619+0000][info][gc,heap        ] GC(1272) Humongous regions: 5->5
[2024-08-28T01:14:30.619+0000][info][gc,metaspace   ] GC(1272) Metaspace: 100K(320K)->100K(320K) NonClass: 96K(192K)->96K(192K) Class: 4K(128K)->4K(128K)
[2024-08-28T01:14:30.620+0000][info][gc             ] GC(1272) Pause Young (Prepare Mixed) (G1 Preventive Collection) 977M->1004M(1024M) 16.837ms
[2024-08-28T01:14:30.620+0000][info][gc,cpu         ] GC(1272) User=0.37s Sys=0.00s Real=0.02s
[2024-08-28T01:14:30.620+0000][info][gc,start       ] GC(1273) Pause Young (Mixed) (G1 Preventive Collection)
[2024-08-28T01:14:30.620+0000][info][gc,task        ] GC(1273) Using 24 workers of 68 for evacuation
[2024-08-28T01:14:30.625+0000][info][gc             ] GC(1273) To-space exhausted
[2024-08-28T01:14:30.625+0000][info][gc,phases      ] GC(1273)   Pre Evacuate Collection Set: 0.2ms
[2024-08-28T01:14:30.625+0000][info][gc,phases      ] GC(1273)   Merge Heap Roots: 0.3ms
[2024-08-28T01:14:30.625+0000][info][gc,phases      ] GC(1273)   Evacuate Collection Set: 3.4ms
[2024-08-28T01:14:30.625+0000][info][gc,phases      ] GC(1273)   Post Evacuate Collection Set: 0.6ms
[2024-08-28T01:14:30.625+0000][info][gc,phases      ] GC(1273)   Other: 0.3ms
[2024-08-28T01:14:30.625+0000][info][gc,heap        ] GC(1273) Eden regions: 1->0(49)
[2024-08-28T01:14:30.625+0000][info][gc,heap        ] GC(1273) Survivor regions: 7->2(7)
[2024-08-28T01:14:30.625+0000][info][gc,heap        ] GC(1273) Old regions: 998->1010
[2024-08-28T01:14:30.625+0000][info][gc,heap        ] GC(1273) Archive regions: 2->2
[2024-08-28T01:14:30.625+0000][info][gc,heap        ] GC(1273) Humongous regions: 5->5
[2024-08-28T01:14:30.625+0000][info][gc,metaspace   ] GC(1273) Metaspace: 100K(320K)->100K(320K) NonClass: 96K(192K)->96K(192K) Class: 4K(128K)->4K(128K)
[2024-08-28T01:14:30.625+0000][info][gc             ] GC(1273) Pause Young (Mixed) (G1 Preventive Collection) 1005M->1010M(1024M) 4.806ms
[2024-08-28T01:14:30.625+0000][info][gc,cpu         ] GC(1273) User=0.09s Sys=0.00s Real=0.00s
[2024-08-28T01:14:30.626+0000][info][gc,start       ] GC(1274) Pause Young (Mixed) (G1 Preventive Collection)
[2024-08-28T01:14:30.626+0000][info][gc,task        ] GC(1274) Using 24 workers of 68 for evacuation
[2024-08-28T01:14:30.629+0000][info][gc             ] GC(1274) To-space exhausted
[2024-08-28T01:14:30.629+0000][info][gc,phases      ] GC(1274)   Pre Evacuate Collection Set: 0.2ms
[2024-08-28T01:14:30.629+0000][info][gc,phases      ] GC(1274)   Merge Heap Roots: 0.5ms
[2024-08-28T01:14:30.629+0000][info][gc,phases      ] GC(1274)   Evacuate Collection Set: 2.1ms
[2024-08-28T01:14:30.629+0000][info][gc,phases      ] GC(1274)   Post Evacuate Collection Set: 0.6ms
[2024-08-28T01:14:30.629+0000][info][gc,phases      ] GC(1274)   Other: 0.2ms
[2024-08-28T01:14:30.629+0000][info][gc,heap        ] GC(1274) Eden regions: 1->0(49)
[2024-08-28T01:14:30.629+0000][info][gc,heap        ] GC(1274) Survivor regions: 2->2(4)
[2024-08-28T01:14:30.629+0000][info][gc,heap        ] GC(1274) Old regions: 1010->1006
[2024-08-28T01:14:30.629+0000][info][gc,heap        ] GC(1274) Archive regions: 2->2
[2024-08-28T01:14:30.629+0000][info][gc,heap        ] GC(1274) Humongous regions: 5->5
[2024-08-28T01:14:30.629+0000][info][gc,metaspace   ] GC(1274) Metaspace: 100K(320K)->100K(320K) NonClass: 96K(192K)->96K(192K) Class: 4K(128K)->4K(128K)
[2024-08-28T01:14:30.629+0000][info][gc             ] GC(1274) Pause Young (Mixed) (G1 Preventive Collection) 1011M->1006M(1024M) 3.652ms
[2024-08-28T01:14:30.630+0000][info][gc,cpu         ] GC(1274) User=0.06s Sys=0.00s Real=0.01s
[2024-08-28T01:14:30.631+0000][info][gc,start       ] GC(1275) Pause Young (Mixed) (G1 Preventive Collection)
[2024-08-28T01:14:30.631+0000][info][gc,task        ] GC(1275) Using 24 workers of 68 for evacuation
[2024-08-28T01:14:30.634+0000][info][gc,phases      ] GC(1275)   Pre Evacuate Collection Set: 0.2ms
[2024-08-28T01:14:30.634+0000][info][gc,phases      ] GC(1275)   Merge Heap Roots: 0.3ms
[2024-08-28T01:14:30.634+0000][info][gc,phases      ] GC(1275)   Evacuate Collection Set: 2.1ms
[2024-08-28T01:14:30.634+0000][info][gc,phases      ] GC(1275)   Post Evacuate Collection Set: 0.4ms
[2024-08-28T01:14:30.634+0000][info][gc,phases      ] GC(1275)   Other: 0.2ms
[2024-08-28T01:14:30.634+0000][info][gc,heap        ] GC(1275) Eden regions: 2->0(46)
[2024-08-28T01:14:30.634+0000][info][gc,heap        ] GC(1275) Survivor regions: 2->5(7)
[2024-08-28T01:14:30.634+0000][info][gc,heap        ] GC(1275) Old regions: 1006->945
[2024-08-28T01:14:30.634+0000][info][gc,heap        ] GC(1275) Archive regions: 2->2
[2024-08-28T01:14:30.634+0000][info][gc,heap        ] GC(1275) Humongous regions: 5->5
[2024-08-28T01:14:30.634+0000][info][gc,metaspace   ] GC(1275) Metaspace: 100K(320K)->100K(320K) NonClass: 96K(192K)->96K(192K) Class: 4K(128K)->4K(128K)
[2024-08-28T01:14:30.634+0000][info][gc             ] GC(1275) Pause Young (Mixed) (G1 Preventive Collection) 1008M->949M(1024M) 3.227ms
[2024-08-28T01:14:30.634+0000][info][gc,cpu         ] GC(1275) User=0.05s Sys=0.01s Real=0.00s
[2024-08-28T01:14:30.647+0000][info][gc,start       ] GC(1276) Pause Young (Mixed) (G1 Preventive Collection)
[2024-08-28T01:14:30.647+0000][info][gc,task        ] GC(1276) Using 24 workers of 68 for evacuation
[2024-08-28T01:14:30.662+0000][info][gc,phases      ] GC(1276)   Pre Evacuate Collection Set: 0.2ms
[2024-08-28T01:14:30.662+0000][info][gc,phases      ] GC(1276)   Merge Heap Roots: 0.3ms
[2024-08-28T01:14:30.662+0000][info][gc,phases      ] GC(1276)   Evacuate Collection Set: 14.4ms
[2024-08-28T01:14:30.662+0000][info][gc,phases      ] GC(1276)   Post Evacuate Collection Set: 0.4ms
[2024-08-28T01:14:30.662+0000][info][gc,phases      ] GC(1276)   Other: 0.3ms
[2024-08-28T01:14:30.662+0000][info][gc,heap        ] GC(1276) Eden regions: 29->0(44)
[2024-08-28T01:14:30.662+0000][info][gc,heap        ] GC(1276) Survivor regions: 5->7(7)
[2024-08-28T01:14:30.662+0000][info][gc,heap        ] GC(1276) Old regions: 945->909
[2024-08-28T01:14:30.662+0000][info][gc,heap        ] GC(1276) Archive regions: 2->2
[2024-08-28T01:14:30.662+0000][info][gc,heap        ] GC(1276) Humongous regions: 5->5
[2024-08-28T01:14:30.663+0000][info][gc,metaspace   ] GC(1276) Metaspace: 100K(320K)->100K(320K) NonClass: 96K(192K)->96K(192K) Class: 4K(128K)->4K(128K)
[2024-08-28T01:14:30.663+0000][info][gc             ] GC(1276) Pause Young (Mixed) (G1 Preventive Collection) 978M->916M(1024M) 15.720ms
[2024-08-28T01:14:30.663+0000][info][gc,cpu         ] GC(1276) User=0.10s Sys=0.20s Real=0.02s
[2024-08-28T01:14:30.680+0000][info][gc,start       ] GC(1277) Pause Young (Mixed) (G1 Preventive Collection)
[2024-08-28T01:14:30.680+0000][info][gc,task        ] GC(1277) Using 24 workers of 68 for evacuation
[2024-08-28T01:14:30.692+0000][info][gc,phases      ] GC(1277)   Pre Evacuate Collection Set: 0.2ms
[2024-08-28T01:14:30.692+0000][info][gc,phases      ] GC(1277)   Merge Heap Roots: 0.4ms
[2024-08-28T01:14:30.692+0000][info][gc,phases      ] GC(1277)   Evacuate Collection Set: 10.7ms
[2024-08-28T01:14:30.692+0000][info][gc,phases      ] GC(1277)   Post Evacuate Collection Set: 0.4ms
[2024-08-28T01:14:30.692+0000][info][gc,phases      ] GC(1277)   Other: 0.3ms
[2024-08-28T01:14:30.692+0000][info][gc,heap        ] GC(1277) Eden regions: 38->0(44)
[2024-08-28T01:14:30.692+0000][info][gc,heap        ] GC(1277) Survivor regions: 7->7(7)
[2024-08-28T01:14:30.692+0000][info][gc,heap        ] GC(1277) Old regions: 909->903
[2024-08-28T01:14:30.692+0000][info][gc,heap        ] GC(1277) Archive regions: 2->2
[2024-08-28T01:14:30.692+0000][info][gc,heap        ] GC(1277) Humongous regions: 5->5
[2024-08-28T01:14:30.692+0000][info][gc,metaspace   ] GC(1277) Metaspace: 100K(320K)->100K(320K) NonClass: 96K(192K)->96K(192K) Class: 4K(128K)->4K(128K)
[2024-08-28T01:14:30.692+0000][info][gc             ] GC(1277) Pause Young (Mixed) (G1 Preventive Collection) 954M->910M(1024M) 12.262ms
[2024-08-28T01:14:30.692+0000][info][gc,cpu         ] GC(1277) User=0.26s Sys=0.00s Real=0.01s
[2024-08-28T01:14:30.710+0000][info][gc,start       ] GC(1278) Pause Young (Mixed) (G1 Preventive Collection)
[2024-08-28T01:14:30.710+0000][info][gc,task        ] GC(1278) Using 24 workers of 68 for evacuation
[2024-08-28T01:14:30.722+0000][info][gc,phases      ] GC(1278)   Pre Evacuate Collection Set: 0.2ms
[2024-08-28T01:14:30.722+0000][info][gc,phases      ] GC(1278)   Merge Heap Roots: 0.4ms
[2024-08-28T01:14:30.722+0000][info][gc,phases      ] GC(1278)   Evacuate Collection Set: 10.6ms
[2024-08-28T01:14:30.722+0000][info][gc,phases      ] GC(1278)   Post Evacuate Collection Set: 0.4ms
[2024-08-28T01:14:30.722+0000][info][gc,phases      ] GC(1278)   Other: 0.4ms
[2024-08-28T01:14:30.722+0000][info][gc,heap        ] GC(1278) Eden regions: 40->0(44)
[2024-08-28T01:14:30.722+0000][info][gc,heap        ] GC(1278) Survivor regions: 7->7(7)
[2024-08-28T01:14:30.722+0000][info][gc,heap        ] GC(1278) Old regions: 903->922
[2024-08-28T01:14:30.722+0000][info][gc,heap        ] GC(1278) Archive regions: 2->2
[2024-08-28T01:14:30.722+0000][info][gc,heap        ] GC(1278) Humongous regions: 5->5
[2024-08-28T01:14:30.722+0000][info][gc,metaspace   ] GC(1278) Metaspace: 100K(320K)->100K(320K) NonClass: 96K(192K)->96K(192K) Class: 4K(128K)->4K(128K)
[2024-08-28T01:14:30.722+0000][info][gc             ] GC(1278) Pause Young (Mixed) (G1 Preventive Collection) 950M->929M(1024M) 12.112ms
[2024-08-28T01:14:30.722+0000][info][gc,cpu         ] GC(1278) User=0.26s Sys=0.01s Real=0.01s
[2024-08-28T01:14:30.740+0000][info][gc,start       ] GC(1279) Pause Young (Concurrent Start) (G1 Preventive Collection)
[2024-08-28T01:14:30.740+0000][info][gc,task        ] GC(1279) Using 24 workers of 68 for evacuation
[2024-08-28T01:14:30.749+0000][info][gc,phases      ] GC(1279)   Pre Evacuate Collection Set: 0.1ms
[2024-08-28T01:14:30.749+0000][info][gc,phases      ] GC(1279)   Merge Heap Roots: 0.4ms
[2024-08-28T01:14:30.749+0000][info][gc,phases      ] GC(1279)   Evacuate Collection Set: 8.2ms
[2024-08-28T01:14:30.749+0000][info][gc,phases      ] GC(1279)   Post Evacuate Collection Set: 0.3ms
[2024-08-28T01:14:30.749+0000][info][gc,phases      ] GC(1279)   Other: 0.6ms
[2024-08-28T01:14:30.749+0000][info][gc,heap        ] GC(1279) Eden regions: 38->0(44)
[2024-08-28T01:14:30.749+0000][info][gc,heap        ] GC(1279) Survivor regions: 7->7(7)
[2024-08-28T01:14:30.749+0000][info][gc,heap        ] GC(1279) Old regions: 922->963
[2024-08-28T01:14:30.749+0000][info][gc,heap        ] GC(1279) Archive regions: 2->2
[2024-08-28T01:14:30.749+0000][info][gc,heap        ] GC(1279) Humongous regions: 5->5
[2024-08-28T01:14:30.749+0000][info][gc,metaspace   ] GC(1279) Metaspace: 100K(320K)->100K(320K) NonClass: 96K(192K)->96K(192K) Class: 4K(128K)->4K(128K)
[2024-08-28T01:14:30.749+0000][info][gc             ] GC(1279) Pause Young (Concurrent Start) (G1 Preventive Collection) 967M->971M(1024M) 9.780ms
[2024-08-28T01:14:30.749+0000][info][gc,cpu         ] GC(1279) User=0.20s Sys=0.00s Real=0.00s
[2024-08-28T01:14:30.749+0000][info][gc             ] GC(1280) Concurrent Mark Cycle
[2024-08-28T01:14:30.750+0000][info][gc,marking     ] GC(1280) Concurrent Clear Claimed Marks
[2024-08-28T01:14:30.750+0000][info][gc,marking     ] GC(1280) Concurrent Clear Claimed Marks 0.014ms
[2024-08-28T01:14:30.750+0000][info][gc,marking     ] GC(1280) Concurrent Scan Root Regions
[2024-08-28T01:14:30.751+0000][info][gc,marking     ] GC(1280) Concurrent Scan Root Regions 1.383ms
[2024-08-28T01:14:30.751+0000][info][gc,marking     ] GC(1280) Concurrent Mark
[2024-08-28T01:14:30.751+0000][info][gc,marking     ] GC(1280) Concurrent Mark From Roots
[2024-08-28T01:14:30.751+0000][info][gc,task        ] GC(1280) Using 17 workers of 17 for marking
[2024-08-28T01:14:30.765+0000][info][gc,start       ] GC(1281) Pause Young (Normal) (G1 Preventive Collection)
[2024-08-28T01:14:30.765+0000][info][gc,task        ] GC(1281) Using 24 workers of 68 for evacuation
[2024-08-28T01:14:30.772+0000][info][gc             ] GC(1281) To-space exhausted
[2024-08-28T01:14:30.772+0000][info][gc,phases      ] GC(1281)   Pre Evacuate Collection Set: 0.2ms
[2024-08-28T01:14:30.772+0000][info][gc,phases      ] GC(1281)   Merge Heap Roots: 0.5ms
[2024-08-28T01:14:30.772+0000][info][gc,phases      ] GC(1281)   Evacuate Collection Set: 5.4ms
[2024-08-28T01:14:30.772+0000][info][gc,phases      ] GC(1281)   Post Evacuate Collection Set: 0.7ms
[2024-08-28T01:14:30.772+0000][info][gc,phases      ] GC(1281)   Other: 0.3ms
[2024-08-28T01:14:30.772+0000][info][gc,heap        ] GC(1281) Eden regions: 19->0(44)
[2024-08-28T01:14:30.772+0000][info][gc,heap        ] GC(1281) Survivor regions: 7->7(7)
[2024-08-28T01:14:30.772+0000][info][gc,heap        ] GC(1281) Old regions: 963->1004
[2024-08-28T01:14:30.772+0000][info][gc,heap        ] GC(1281) Archive regions: 2->2
[2024-08-28T01:14:30.772+0000][info][gc,heap        ] GC(1281) Humongous regions: 5->5
[2024-08-28T01:14:30.772+0000][info][gc,metaspace   ] GC(1281) Metaspace: 100K(320K)->100K(320K) NonClass: 96K(192K)->96K(192K) Class: 4K(128K)->4K(128K)
[2024-08-28T01:14:30.772+0000][info][gc             ] GC(1281) Pause Young (Normal) (G1 Preventive Collection) 990M->1012M(1024M) 7.073ms
[2024-08-28T01:14:30.772+0000][info][gc,cpu         ] GC(1281) User=0.14s Sys=0.00s Real=0.01s
[2024-08-28T01:14:30.773+0000][info][gc,start       ] GC(1282) Pause Young (Normal) (G1 Preventive Collection)
[2024-08-28T01:14:30.773+0000][info][gc,task        ] GC(1282) Using 24 workers of 68 for evacuation
[2024-08-28T01:14:30.776+0000][info][gc             ] GC(1282) To-space exhausted
[2024-08-28T01:14:30.776+0000][info][gc,phases      ] GC(1282)   Pre Evacuate Collection Set: 0.1ms
[2024-08-28T01:14:30.776+0000][info][gc,phases      ] GC(1282)   Merge Heap Roots: 0.3ms
[2024-08-28T01:14:30.776+0000][info][gc,phases      ] GC(1282)   Evacuate Collection Set: 1.6ms
[2024-08-28T01:14:30.776+0000][info][gc,phases      ] GC(1282)   Post Evacuate Collection Set: 0.5ms
[2024-08-28T01:14:30.776+0000][info][gc,phases      ] GC(1282)   Other: 0.2ms
[2024-08-28T01:14:30.776+0000][info][gc,heap        ] GC(1282) Eden regions: 1->0(50)
[2024-08-28T01:14:30.776+0000][info][gc,heap        ] GC(1282) Survivor regions: 7->1(5)
[2024-08-28T01:14:30.776+0000][info][gc,heap        ] GC(1282) Old regions: 1004->1016
[2024-08-28T01:14:30.776+0000][info][gc,heap        ] GC(1282) Archive regions: 2->2
[2024-08-28T01:14:30.776+0000][info][gc,heap        ] GC(1282) Humongous regions: 5->5
[2024-08-28T01:14:30.776+0000][info][gc,metaspace   ] GC(1282) Metaspace: 100K(320K)->100K(320K) NonClass: 96K(192K)->96K(192K) Class: 4K(128K)->4K(128K)
[2024-08-28T01:14:30.776+0000][info][gc             ] GC(1282) Pause Young (Normal) (G1 Preventive Collection) 1013M->1018M(1024M) 2.848ms
[2024-08-28T01:14:30.776+0000][info][gc,cpu         ] GC(1282) User=0.04s Sys=0.00s Real=0.00s
[2024-08-28T01:14:30.776+0000][info][gc,ergo        ] Attempting full compaction
[2024-08-28T01:14:30.776+0000][info][gc,task        ] GC(1283) Using 24 workers of 68 for full compaction
[2024-08-28T01:14:30.776+0000][info][gc,start       ] GC(1283) Pause Full (G1 Compaction Pause)
[2024-08-28T01:14:30.777+0000][info][gc,phases,start] GC(1283) Phase 1: Mark live objects
[2024-08-28T01:14:30.791+0000][info][gc,phases      ] GC(1283) Phase 1: Mark live objects 14.390ms
[2024-08-28T01:14:30.791+0000][info][gc,phases,start] GC(1283) Phase 2: Prepare for compaction
[2024-08-28T01:14:30.801+0000][info][gc,phases      ] GC(1283) Phase 2: Prepare for compaction 9.837ms
[2024-08-28T01:14:30.801+0000][info][gc,phases,start] GC(1283) Phase 3: Adjust pointers
[2024-08-28T01:14:30.818+0000][info][gc,phases      ] GC(1283) Phase 3: Adjust pointers 16.537ms
[2024-08-28T01:14:30.818+0000][info][gc,phases,start] GC(1283) Phase 4: Compact heap
[2024-08-28T01:14:30.852+0000][info][gc,phases      ] GC(1283) Phase 4: Compact heap 33.559ms
[2024-08-28T01:14:30.853+0000][info][gc,heap        ] GC(1283) Eden regions: 0->0(149)
[2024-08-28T01:14:30.853+0000][info][gc,heap        ] GC(1283) Survivor regions: 1->0(5)
[2024-08-28T01:14:30.853+0000][info][gc,heap        ] GC(1283) Old regions: 1016->445
[2024-08-28T01:14:30.853+0000][info][gc,heap        ] GC(1283) Archive regions: 2->2
[2024-08-28T01:14:30.853+0000][info][gc,heap        ] GC(1283) Humongous regions: 5->5
[2024-08-28T01:14:30.853+0000][info][gc,metaspace   ] GC(1283) Metaspace: 100K(320K)->100K(320K) NonClass: 96K(192K)->96K(192K) Class: 4K(128K)->4K(128K)
[2024-08-28T01:14:30.853+0000][info][gc             ] GC(1283) Pause Full (G1 Compaction Pause) 1018M->436M(1024M) 76.845ms
[2024-08-28T01:14:30.853+0000][info][gc,cpu         ] GC(1283) User=1.63s Sys=0.00s Real=0.08s
